"pcp-dstat 6.2.0 CSV Output"
"Author:","PCP team <pcp@groups.io> and Dag Wieers <dag@wieers.com>",,,,"URL:","https://pcp.io/ and http://dag.wieers.com/home-made/dstat/"
"Host:","ubuntu",,,,"User:","ubuntu"
"Cmdline:","dstat -tcmndrylpg --tcp --output /tmp/devstack_logs/dstat-csv.log",,,,"Date:","16 Jun 2026 11:54:01 UTC"
"system","total usage",,,,,"memory usage",,,,"net/total",,"dsk/total",,"io/total",,"system",,"load avg",,,"procs",,,"paging",,"tcp sockets",,,,
"time","total usage:usr","total usage:sys","total usage:idl","total usage:wai","total usage:stl","used","free","buf","cach","net/total:recv","net/total:send","dsk/total:read","dsk/total:writ","read","writ","int","csw","1m","5m","15m","run","blk","new","in","out","lis","act","syn","tim","clo"
16-06 11:54:01,,1015976,1401756,167224,5222708,,,,,,,1.370,0.970,0.530,1,0,,,,10,5,0,17,1
16-06 11:54:02,21.976,20.977,54.440,0.999,0,1035080,1381976,167348,5223140,46157.442,14098.557,0,2221.567,0,130.857,5626,4114,1.420,0.990,0.540,3,0,353.613,0,0,10,5,0,17,1
16-06 11:54:03,26.508,22.007,49.765,0.500,0,1043328,1351588,167496,5244096,181160.613,12174.737,0,5545.702,0,117.036,6162,4627,1.420,0.990,0.540,2,0,403.124,0,0,10,5,0,17,1
16-06 11:54:04,34.773,20.013,44.029,0.250,0,1037476,1341180,168392,5257068,4857.192,1591.046,0,1336.879,0,63.041,5607,5290,1.420,0.990,0.540,4,0,252.166,0,0,10,4,0,17,2
16-06 11:54:05,39.672,14.472,44.413,0.250,0,1165836,1194324,168812,5397864,5090.015,1616.828,0,1333.384,0,29.941,5784,7835,1.420,0.990,0.540,2,0,129.745,0,0,11,4,0,17,2
16-06 11:54:06,30.501,9.000,58.002,1.250,0,1158548,1173420,169896,5422160,3726.148,486.019,0,3356.133,0,136.005,3603,2874,1.420,0.990,0.540,3,0,87.003,0,0,11,6,0,17,2
16-06 11:54:07,36.692,13.978,47.675,0.499,0,1171036,1132224,170916,5447084,5021.120,1509.631,0,3758.102,0,159.749,4874,3531,1.470,1,0.550,3,0,193.696,0,0,11,6,0,19,2
16-06 11:54:08,43.352,6.515,48.865,1.253,0,1253084,1053276,171736,5441280,5496.909,2104.943,32.075,4574.744,2.005,96.226,3194,2175,1.470,1,0.550,3,0,0,0,0,11,4,0,19,0
16-06 11:54:09,42.809,6.509,50.319,0,0,1295968,1009732,171736,5441876,5473.551,2699.724,0,24.033,0,2.003,2874,1625,1.470,1,0.550,2,0,35.048,0,0,11,5,0,19,0
16-06 11:54:10,27.760,7.003,48.018,13.505,0,1311060,980572,172464,5453956,10740.038,3594.351,0,38390.435,0,3064.152,13244,23916,1.470,1,0.550,3,1,49.018,0,0,11,6,0,19,0
16-06 11:54:11,39.223,9.743,38.724,10.493,0,1227428,1059268,172948,5458108,4496.938,1618.898,0,43474.394,0,3442.656,20625,38138,1.470,1,0.550,2,0,52.964,0,0,11,4,0,19,0
16-06 11:54:12,40.200,11.985,45.943,0.250,0,1298324,988188,172948,5458192,4649.260,1456.202,0,1941.603,0,70.912,11570,19373,1.510,1.020,0.550,2,0,90.888,0,0,11,4,0,19,0
16-06 11:54:13,43.594,7.015,47.102,1.253,0,1277224,1017560,173032,5450804,4810.395,1623.508,0,8490.347,0,486.050,3705,3418,1.510,1.020,0.550,2,0,10.022,0,0,11,4,0,19,0
16-06 11:54:14,36.149,7.230,55.594,0.249,0,1245956,1048824,173032,5450808,4206.221,1453.929,0,889.509,0,121.659,3218,1966,1.510,1.020,0.550,3,0,75.788,0,0,11,4,0,19,0
16-06 11:54:15,23.755,3.001,73.514,0,0,1280672,1014108,173032,5450808,4500.861,1620.310,0,0,0,0,1794,1286,1.510,1.020,0.550,2,0,1.000,0,0,11,4,0,19,0
16-06 11:54:16,14.254,12.253,71.770,0,0,1230584,1064164,173032,5450840,3366.957,486.138,0,0,0,0,3865,2557,1.510,1.020,0.550,2,0,176.050,0,0,11,4,0,19,0
16-06 11:54:17,9.015,21.036,67.616,0,0,1164064,1130652,173032,5450868,5143.787,1460.495,0,28.048,0,7.012,5496,3969,1.470,1.020,0.560,1,0,333.570,0,0,11,4,0,19,0
16-06 11:54:18,15.247,19.746,63.988,0,0,1150748,1143764,173032,5451440,4651.104,1511.709,0,715.862,0,92.982,6230,7129,1.470,1.020,0.560,2,0,290.944,0,0,11,4,0,19,0
16-06 11:54:19,38.932,14.724,45.171,0,0,1201992,1092500,173032,5451496,4957.336,1563.268,0,16371.389,0,109.808,4349,3127,1.470,1.020,0.560,3,1,130.771,0,0,11,5,0,19,0
16-06 11:54:20,46.462,4.496,48.460,0,0,1273784,1020260,173032,5451944,4708.100,1510.749,0,463.616,0,48.959,2801,1308,1.470,1.020,0.560,3,0,0,0,0,11,5,0,15,0
16-06 11:54:21,43.738,8.498,46.737,0.500,0,1294508,997540,173044,5453884,4696.713,1499.589,0,2563.298,0,178.951,3328,3764,1.470,1.020,0.560,5,0,0,0,0,11,5,0,15,0
16-06 11:54:22,11.253,11.003,76.771,0,0,1292040,999460,173056,5454368,4596.256,1458.398,0,80.022,0,6.002,3274,3492,1.430,1.020,0.560,2,0,140.038,0,0,11,4,0,15,0
16-06 11:54:23,20.906,3.982,73.669,0,0.249,1349420,942080,173056,5454372,4898.012,1612.760,0,0,0,0,1779,1360,1.430,1.020,0.560,2,0,0,0,0,11,4,0,15,0
16-06 11:54:24,23.333,2.509,72.507,0,0,1377996,913504,173056,5454372,4562.201,1571.581,0,17686.808,0,362.287,1962,1295,1.430,1.020,0.560,2,0,0,0,0,11,4,0,13,0
16-06 11:54:25,24.031,2.253,70.342,1.752,0,1392860,898496,173112,5454620,4485.846,1622.114,0,4746.185,0,350.457,3926,5441,1.430,1.020,0.560,2,0,2.003,0,0,11,4,0,15,0
16-06 11:54:26,24.512,9.755,64.531,0,0,1321616,969716,173112,5454620,4414.154,1512.738,0,844.412,0,11.005,3537,12585,1.430,1.020,0.560,2,0,78.038,0,0,11,4,0,16,0
16-06 11:54:27,19.741,2.249,77.713,0,0.250,1350036,941028,173112,5454812,7233.555,4135.031,0,687.672,0,9.995,1768,1267,1.400,1.020,0.560,2,0,0,0,0,11,11,0,16,0
16-06 11:54:28,20.738,2.499,73.959,0.500,0,1357764,932768,173156,5455176,7212.978,4528.475,267.851,1771.013,65.963,86.952,2711,2679,1.400,1.020,0.560,2,0,2.998,0,0,11,29,0,15,0
16-06 11:54:29,19.309,7.272,72.722,0,0,1373652,916848,173156,5455192,6783.679,3694.261,0,34649.622,0,230.703,3010,2467,1.400,1.020,0.560,2,0,43.131,0,0,11,28,0,16,0
16-06 11:54:30,18.208,2.993,77.072,0,0,1422788,867708,173156,5455196,8399.558,5644.934,0,0,0,0,1764,1323,1.400,1.020,0.560,2,0,0,0,0,11,29,0,16,0
16-06 11:54:31,17.796,10.778,70.432,0,0,1404132,886344,173156,5455216,7235.712,4482.592,0,16.041,0,4.010,3404,2479,1.400,1.020,0.560,2,0,150.389,0,0,11,28,0,17,0
16-06 11:54:32,43.759,7.708,47.738,0.249,0,1536128,754304,173156,5455224,3812.041,1062.160,0,716.063,0,3.978,2921,1492,1.440,1.030,0.570,3,0,11.934,0,0,11,28,0,15,0
16-06 11:54:33,31.919,4.775,61.827,0,0,1556536,733688,173164,5455416,18818.600,15567.392,0,2372.557,0,54.287,5065,5835,1.440,1.030,0.570,2,0,0,0,0,11,30,0,15,0
16-06 11:54:34,42.769,21.510,34.765,0.250,0,1438984,851212,173168,5455436,9388.171,6048.687,0,9288.127,0,92.041,6068,6388,1.440,1.030,0.570,7,0,439.195,0,0,11,28,0,16,0
16-06 11:54:35,80.247,18.499,0,0,0,1633052,657068,173168,5455476,4646.825,2186.918,0,12.000,0,3.000,5053,3077,1.440,1.030,0.570,6,0,139.995,0,0,11,29,0,16,0
16-06 11:54:36,82.712,12.244,2.499,0,0,1790680,499412,173172,5455496,25194.523,23340.368,0,227.896,0,9.995,6453,6194,1.440,1.030,0.570,5,0,0,0,0,11,33,0,16,0
16-06 11:54:37,81.732,8.998,7.748,0,0,1808452,481384,173184,5455736,30137.481,23750.862,0,531.885,0,59.987,8631,11505,1.810,1.120,0.600,7,0,49.989,0,0,11,29,0,21,0
16-06 11:54:38,33.269,16.259,50.779,0,0,1554480,735332,173192,5455752,5660.256,2114.216,0,324.187,0,26.015,3996,3675,1.810,1.120,0.600,3,0,260.150,0,0,11,28,0,22,0
16-06 11:54:39,18.699,6.233,73.800,0,0,1544876,744836,173196,5455768,8811.145,5353.506,0,86386.122,0,462.747,3021,2705,1.810,1.120,0.600,2,0,0,0,0,11,29,0,22,0
16-06 11:54:40,16.479,6.242,75.905,0,0,1465672,824024,173200,5455780,7884.149,4590.265,0,619.226,0,22.971,3427,3367,1.810,1.120,0.600,2,0,67.915,0,0,11,28,0,23,0
16-06 11:54:41,21.783,4.006,73.611,0,0,1474512,815176,173208,5455780,5047.593,1622.441,0,112.169,0,8.012,1777,1203,1.810,1.120,0.600,2,0,0,0,0,11,28,0,23,0
16-06 11:54:42,16.276,2.504,80.130,0.250,0,1481228,808420,173228,5455800,11638.939,8478.797,0,877.428,0,52.085,2901,3328,1.910,1.150,0.610,0,0,0,0,0,11,29,0,23,0
16-06 11:54:43,12.256,16.758,69.033,0.250,0,1433200,856448,173228,5455804,7664.609,1818.856,0,208.098,0,12.006,4495,3026,1.910,1.150,0.610,1,0,243.114,0,0,11,28,0,24,0
16-06 11:54:44,13.756,28.763,56.275,0.250,0,1423796,865836,173228,5455820,4812.109,1620.710,0,224.098,0,18.008,6122,4625,1.910,1.150,0.610,5,0,587.257,0,0,11,28,0,24,0
16-06 11:54:45,79.504,20.501,0.250,0,0,1602036,687560,173244,5455840,4560.232,1620.083,0,904.046,0,46.002,5154,3287,1.910,1.150,0.610,6,0,209.011,0,0,11,28,0,24,0
16-06 11:54:46,77.951,9.494,12.492,0,0,1732760,556800,173244,5455876,28439.009,25753.707,0,79.949,0,5.996,6342,6059,1.910,1.150,0.610,4,0,0,0,0,11,33,0,24,0
16-06 11:54:47,74.536,10.755,13.507,0,0,1640768,648504,173280,5456128,32332.708,26759.000,0,732.356,0,83.040,9754,14916,2.150,1.210,0.640,5,0,101.049,0,0,11,28,0,25,0
16-06 11:54:48,79.757,19.752,0,0,0,1614212,674984,173280,5456204,4778.446,1578.147,0,2172.203,0,91.008,5113,3414,2.150,1.210,0.640,6,0,209.019,0,0,11,28,0,25,0
16-06 11:54:49,87.755,11.251,1.000,0,0,1791688,497376,173284,5456332,17905.074,14755.885,0,788.047,0,47.003,5390,4385,2.150,1.210,0.640,7,0,0,0,0,11,31,0,25,0
16-06 11:54:50,74.648,10.735,13.232,0,0.250,1820336,468504,173284,5456556,37458.651,33623.908,0,295.595,0,12.982,8401,11843,2.150,1.210,0.640,5,0,49.932,0,0,11,32,0,26,0
16-06 11:54:51,74.560,14.011,10.759,0,0,1538852,749796,173288,5456744,23490.029,18779.212,0,288.233,0,25.020,7741,10233,2.150,1.210,0.640,5,0,245.199,0,0,11,28,0,30,0
16-06 11:54:52,36.399,5.734,56.842,0,0,1593532,695100,173288,5456760,10102.927,7884.092,0,207.424,0,15.956,2723,1969,1.980,1.190,0.630,3,0,2.992,0,0,11,30,0,30,0
16-06 11:54:53,35.836,6.014,56.386,0.501,0,1530672,757916,173292,5456800,16977.871,13335.102,0,236.569,0,23.056,5681,6830,1.980,1.190,0.630,4,0,54.130,0,0,11,28,0,27,0
16-06 11:54:54,40.758,21.754,36.507,0,0,1522212,766352,173292,5456824,4652.953,1512.310,0,1620.332,0,134.027,5112,3362,1.980,1.190,0.630,3,0,324.066,0,0,11,28,0,27,0
16-06 11:54:55,54.590,7.229,38.138,0,0,1609304,679352,173300,5456836,16207.520,13257.163,0,5647.456,0,369.916,4151,2894,1.980,1.190,0.630,3,0,0.997,0,0,11,31,0,27,0
16-06 11:54:56,53.669,7.022,37.368,0.251,0,1540528,747928,173312,5457024,22587.182,17994.709,0,357.125,0,37.117,8004,9924,1.980,1.190,0.630,4,0,55.174,0,0,11,28,0,28,0
16-06 11:54:57,77.282,21.509,1.751,0,0,1571228,717208,173320,5457036,5211.140,1512.621,0,256.105,0,21.009,5220,3072,2.140,1.240,0.650,4,0,203.083,0,0,11,28,0,25,0
16-06 11:54:58,65.279,7.724,26.411,0,0,1660280,628104,173320,5457088,27851.671,24671.442,0,139.527,0,6.976,5557,6068,2.140,1.240,0.650,4,0,0,0,0,11,32,0,25,0
16-06 11:54:59,64.549,17.763,16.763,0,0,1514256,773880,173340,5457316,25303.131,18669.115,0,3302.497,0,205.155,8532,11908,2.140,1.240,0.650,3,0,324.245,0,0,11,28,0,28,0
16-06 11:55:00,58.924,7.990,32.957,0,0,1607088,681000,173340,5457344,10954.815,6247.910,0,187.757,0,1.997,3574,1529,2.140,1.240,0.650,3,0,0,0,0,11,30,0,28,0
16-06 11:55:01,50.386,6.267,41.613,0.251,0,1588472,699548,173344,5457404,30602.813,24004.958,0,822.225,0,57.155,7591,10179,2.140,1.240,0.650,4,0,57.155,0,0,11,29,0,29,0
16-06 11:55:02,68.382,25.706,6.489,0,0,1545052,742664,173352,5457548,8784.822,3574.824,0,23.959,0,5.990,5625,4767,2.210,1.270,0.660,5,0,576.005,0,0,11,28,0,30,0
16-06 11:55:03,50.062,6.007,43.053,0,0,1608756,678932,173352,5457580,21184.260,17728.977,0,0,0,0,4599,4418,2.210,1.270,0.660,2,0,0,0,0,11,31,0,30,0
16-06 11:55:04,51.450,17.983,29.222,0,0,1493384,793960,173360,5457916,17129.341,13466.903,0,511.503,0,27.973,6866,7931,2.210,1.270,0.660,4,0,286.721,0,0,11,28,0,33,0
16-06 11:55:05,56.972,8.246,34.233,0,0,1602584,684740,173360,5457936,12224.917,9391.327,0,143.928,0,8.996,3820,2089,2.210,1.270,0.660,2,0,1.000,0,0,11,31,0,33,0
16-06 11:55:06,54.381,7.769,38.092,0.251,0,1512084,775028,173376,5458132,24478.172,19490.114,0,1327.208,0,91.221,7303,9586,2.210,1.270,0.660,6,0,51.124,0,0,11,28,0,35,0
16-06 11:55:07,62.292,13.009,24.516,0,0,1568748,718356,173376,5458140,5240.526,1621.091,0,8.005,0,2.001,3996,1993,2.280,1.300,0.680,3,0,61.041,0,0,11,28,0,35,0
16-06 11:55:08,47.189,5.992,45.691,0,0,1624532,662540,173376,5458172,23829.187,20572.398,0,0,0,0,4551,5204,2.280,1.300,0.680,3,0,0,0,0,11,31,0,35,0
16-06 11:55:09,57.533,23.013,19.011,0,0,1476604,810396,173400,5458216,12625.184,8292.718,0,2917.660,0,202.115,7048,7800,2.280,1.300,0.680,5,0,444.253,0,0,11,28,0,35,0
16-06 11:55:10,79.312,20.266,0,0,0,1667456,619492,173404,5458264,4609.591,1567.221,0,184.143,0,12.009,5483,4198,2.280,1.300,0.680,8,0,331.258,0,0,11,28,0,35,0
16-06 11:55:11,81.620,18.221,0.749,0,0,1818212,468572,173408,5458424,23131.240,19554.923,0,519.175,0,26.957,6535,6104,2.280,1.300,0.680,7,0,333.470,0,0,11,32,0,35,0
16-06 11:55:12,73.572,21.021,4.254,0,0,1752676,533992,173432,5458524,46157.236,41978.140,0,680.667,0,56.055,8990,11729,2.730,1.410,0.720,12,0,464.455,0,0,11,29,0,36,0
16-06 11:55:13,77.296,22.263,0.500,0,0,1592940,693500,173452,5458744,9862.906,6406.836,0,1268.760,0,26.016,5888,4990,2.730,1.410,0.720,5,0,281.168,0,0,11,28,0,36,0
16-06 11:55:14,82.915,10.956,5.478,0,0,1732092,554320,173452,5458772,18922.590,16099.988,0,0,0,0,5254,3533,2.730,1.410,0.720,5,0,0,0,0,11,32,0,36,0
16-06 11:55:15,73.294,8.534,18.073,0,0,1722256,563912,173452,5459016,45504.778,40721.566,0,20.081,0,2.008,10309,15837,2.730,1.410,0.720,3,0,51.206,0,0,11,29,0,40,0
16-06 11:55:16,25.960,24.212,47.676,0,0,1526112,760064,173452,5459036,8115.379,4210.452,0,15.975,0,3.994,6023,5156,2.730,1.410,0.720,1,0,529.177,0,0,11,28,0,41,0
16-06 11:55:17,16.526,30.549,51.833,0,0,1510212,775948,173452,5459052,5277.433,1514.420,0,32.051,0,8.013,6047,4621,2.730,1.410,0.720,5,0,567.907,0,0,11,28,0,41,0
16-06 11:55:18,72.241,24.247,4.000,0,0,1579604,706512,173460,5459088,6980.177,3477.590,0,339.960,0,21.997,5147,3708,2.840,1.450,0.730,3,0,455.946,0,0,11,29,0,41,0
16-06 11:55:19,63.727,8.247,26.990,0.250,0,1657764,628152,173464,5459280,28395.837,23560.567,0,567.797,0,49.982,5917,7296,2.840,1.450,0.730,4,0,0,0,0,11,31,0,42,0
16-06 11:55:20,70.780,18.008,10.755,0,0,1551176,734668,173484,5459332,14615.258,10403.454,0,792.339,0,55.024,6554,7516,2.840,1.450,0.730,4,0,268.115,0,0,11,28,0,45,0
16-06 11:55:21,75.617,10.232,13.476,0,0,1655372,630444,173488,5459352,16273.392,12529.973,0,175.691,0,7.986,4682,2841,2.840,1.450,0.730,4,0,0,0,0,11,31,1,45,0
16-06 11:55:22,55.631,7.484,35.424,0,0,1655124,630444,173488,5459592,40415.817,34732.935,0,139.702,0,8.981,9807,15395,2.840,1.450,0.730,3,0,0,0,0,11,32,0,45,0
16-06 11:55:23,60.814,8.008,30.782,0,0,1642300,643044,173500,5459800,34125.686,28756.071,0,452.473,0,52.054,11363,16630,2.770,1.460,0.740,5,0,30.031,0,0,11,29,0,45,0
16-06 11:55:24,77.960,17.241,3.498,0,0,1575476,709816,173504,5459816,8778.499,5675.090,0,335.828,0,23.988,5586,4226,2.770,1.460,0.740,3,0,177.909,0,0,11,29,0,45,0
16-06 11:55:25,66.955,8.777,24.325,0,0,1646700,638540,173504,5459860,28196.433,24805.037,0,144.443,0,11.034,6324,7049,2.770,1.460,0.740,4,0,1.003,0,0,11,32,0,45,0
16-06 11:55:26,55.698,8.242,34.718,0,0,1669204,615636,173504,5460368,42790.293,37287.400,0,407.622,0,48.955,12000,25615,2.770,1.460,0.740,3,0,35.967,0,0,11,31,0,45,0
16-06 11:55:27,70.797,18.012,10.507,0,0,1505588,779200,173504,5460304,21975.737,17279.588,0,128.086,0,8.005,7120,9029,2.770,1.460,0.740,5,0,260.174,0,0,11,28,0,48,0
16-06 11:55:28,79.879,11.483,8.487,0,0,1668012,616744,173504,5460328,11816.047,8535.032,0,115.824,0,7.988,4625,2321,2.870,1.500,0.760,6,0,0.998,0,0,11,32,0,48,0
16-06 11:55:29,57.554,7.507,34.282,0,0,1668244,616280,173508,5460552,39933.714,35402.434,0,296.280,0,28.026,9443,14395,2.870,1.500,0.760,4,0,1.001,0,0,11,35,0,49,0
16-06 11:55:30,74.462,14.742,9.745,0,0,1535720,748740,173520,5460604,17253.088,13098.234,0,3814.030,0,206.893,7539,8535,2.870,1.500,0.760,6,0,120.938,0,0,11,32,0,48,0
16-06 11:55:31,75.842,11.476,12.474,0,0,1643160,641152,173520,5460752,14763.194,11832.310,0,135.717,0,9.979,4626,2742,2.870,1.500,0.760,5,0,6.985,0,0,11,35,0,48,0
16-06 11:55:32,65.236,13.047,20.574,0.251,0,1627592,656668,173532,5460788,24240.521,19836.620,0,381.377,0,37.134,6447,9103,2.870,1.500,0.760,6,0,126.457,0,0,11,34,0,50,0
16-06 11:55:33,70.395,11.233,17.474,0,0.250,1692160,591888,173532,5460996,29342.413,24203.047,0,151.775,0,10.984,6459,9880,3.040,1.560,0.780,4,0,28.957,0,0,11,34,0,51,0
16-06 11:55:34,68.916,15.731,15.731,0,0,1654136,629856,173532,5461052,22615.405,18155.847,0,123.849,0,7.990,6545,7455,3.040,1.560,0.780,4,0,111.864,0,0,11,33,0,51,0
16-06 11:55:35,71.576,13.014,13.765,0,0,1586620,697328,173540,5461084,18175.351,14818.777,0,164.175,0,12.013,5693,5150,3.040,1.560,0.780,3,0,89.095,0,0,11,34,0,52,0
16-06 11:55:36,74.382,12.272,13.524,0,0,1651968,631800,173540,5461256,19458.534,15440.403,0,152.270,0,9.016,5768,5737,3.040,1.560,0.780,4,0,68.121,0,0,11,34,0,54,0
16-06 11:55:37,69.992,8.749,20.248,0,0,1756372,527324,173548,5461320,24767.077,19849.657,0,387.954,0,42.995,6562,8267,3.040,1.560,0.780,6,0,0,0,0,11,33,0,56,0
16-06 11:55:38,60.510,15.002,24.004,0.250,0,1571620,712036,173568,5461336,12714.099,9276.532,0,428.071,0,37.006,5382,4828,3.280,1.640,0.810,3,0,198.033,0,0,11,32,0,52,0
16-06 11:55:39,56.249,11.750,31.499,0,0.250,1593008,690620,173572,5461356,10659.719,7038.814,0,151.996,0,10.000,3952,2405,3.280,1.640,0.810,3,0,59.998,0,0,11,33,0,52,0
16-06 11:55:40,49.629,11.472,37.907,0,0,1599788,683628,173576,5461560,23185.299,19452.428,0,247.395,0,15.961,5352,6787,3.280,1.640,0.810,4,0,95.766,0,0,11,34,0,53,0
16-06 11:55:41,59.060,10.761,30.281,0,0,1544600,738652,173580,5461720,15987.299,11581.807,0,156.159,0,8.008,4830,5380,3.280,1.640,0.810,3,0,86.088,0,0,11,33,0,55,0
16-06 11:55:42,57.006,7.501,35.504,0.250,0,1589124,693916,173588,5461920,18359.017,13012.429,0,204.022,0,16.002,4789,4741,3.280,1.640,0.810,3,0,0,0,0,11,33,0,55,0
16-06 11:55:43,39.047,7.759,51.812,0,0,1553592,729396,173596,5461964,20436.502,16843.194,0,296.355,0,24.029,6594,7725,3.330,1.670,0.830,1,0,86.103,0,0,11,33,0,56,0
16-06 11:55:44,33.173,12.970,52.128,0.249,0,1481900,801064,173608,5461976,9137.665,4729.957,0,1600.264,0,24.942,4647,4029,3.330,1.670,0.830,3,0,134.686,0,0,11,32,0,57,0
16-06 11:55:45,39.806,5.758,53.826,0,0,1562984,719976,173608,5461980,9572.455,6967.794,0,112.158,0,8.011,2838,1827,3.330,1.670,0.830,1,0,1.001,0,0,11,34,0,57,0
16-06 11:55:46,33.207,6.991,58.675,0.250,0,1467836,815056,173608,5462044,17018.106,12790.545,0,183.764,0,13.982,5302,6032,3.330,1.670,0.830,3,0,34.955,0,0,11,33,0,57,0
16-06 11:55:47,39.298,10.695,48.750,0,0,1490252,792468,173620,5462200,6445.910,3945.744,0,266.631,0,20.893,3849,2726,3.330,1.670,0.830,2,0,103.469,0,0,11,33,0,58,0
16-06 11:55:48,34.000,5.541,59.689,0.252,0,1488464,794232,173632,5462212,15520.154,11611.405,0,233.719,0,24.178,3437,3244,3.310,1.700,0.840,2,0,25.185,0,0,11,33,0,59,0
16-06 11:55:49,38.957,6.493,53.691,0,0,1472428,810232,173648,5462228,10857.064,7362.905,0,251.723,0,23.974,4018,4383,3.310,1.700,0.840,2,0,34.962,0,0,11,32,0,60,0
16-06 11:55:50,38.682,5.490,54.904,0,0,1475244,807396,173648,5462248,12714.700,9511.318,0,147.741,0,9.982,2915,2973,3.310,1.700,0.840,3,0,4.991,0,0,11,33,0,58,0
16-06 11:55:51,35.687,7.487,55.403,0,0,1441504,841096,173652,5462280,16017.860,13083.016,0,219.614,0,8.984,4587,5093,3.310,1.700,0.840,2,0,42.925,0,0,11,33,0,59,0
16-06 11:55:52,39.074,5.260,55.606,0,0,1508368,774208,173660,5462296,9577.205,6221.827,0,244.465,0,25.048,3546,3060,3.310,1.700,0.840,2,0,5.010,0,0,11,33,0,60,0
16-06 11:55:53,34.036,4.255,60.815,0.250,0,1556500,725916,173664,5462452,16571.650,12702.529,0,140.149,0,9.010,3696,4063,3.200,1.700,0.840,2,0,0,0,0,11,34,0,60,0
16-06 11:55:54,30.711,14.232,52.932,0,0,1451808,830524,173668,5462528,13746.453,10488.612,0,423.459,0,36.953,6161,6522,3.200,1.700,0.840,2,0,276.647,0,0,11,32,0,56,0
16-06 11:55:55,21.479,3.996,73.679,0,0,1457348,824980,173668,5462532,4144.023,1186.861,0,151.854,0,6.993,1886,1366,3.200,1.700,0.840,2,0,5.994,0,0,11,32,0,56,0
16-06 11:55:56,19.025,2.754,77.852,0.250,0,1468904,813388,173684,5462548,12054.830,9279.185,0,624.821,0,42.055,2826,3081,3.200,1.700,0.840,0,0,0,0,0,11,33,0,56,0
16-06 11:55:57,14.490,9.993,74.198,0.250,0,1437416,844860,173684,5462564,7522.760,3479.576,0,263.816,0,22.984,3861,3492,3.200,1.700,0.840,2,0,122.914,0,0,11,32,0,57,0
16-06 11:55:58,13.475,13.724,70.367,0,0,1417316,864956,173684,5462568,4643.218,1509.146,0,15.970,0,3.992,3448,2207,3.270,1.740,0.860,2,0,160.696,0,0,11,32,0,56,0
16-06 11:55:59,19.553,3.510,77.462,0,0,1442996,839232,173688,5462608,10363.296,6507.769,0,224.613,0,8.022,1956,1640,3.270,1.740,0.860,2,0,0,0,0,11,33,0,56,0
16-06 11:56:00,19.028,3.756,75.361,0,0,1408916,873288,173688,5462628,10964.107,7376.837,0,4.006,0,1.001,3151,3398,3.270,1.740,0.860,1,0,42.062,0,0,11,32,0,57,0
16-06 11:56:01,20.959,5.240,72.109,0.250,0,1469452,812724,173708,5462636,6066.172,1455.163,0,4850.542,0,296.422,2216,1904,3.270,1.740,0.860,2,0,3.992,0,0,11,32,0,57,0
16-06 11:56:02,18.267,2.753,78.824,0,0,1472652,809368,173720,5462780,13925.106,9502.944,0,576.543,0,43.041,3173,3694,3.270,1.740,0.860,2,0,0,0,0,11,33,0,52,0
16-06 11:56:03,18.483,3.497,75.179,0.250,0,1438608,843380,173724,5462804,11683.020,7133.296,0,99.906,0,12.988,4074,4599,3.240,1.760,0.870,2,0,33.968,0,0,11,32,0,52,0
16-06 11:56:04,7.521,23.565,67.436,0,0,1396580,885296,173724,5462948,5025.837,1558.290,0,4.011,0,1.003,5180,3252,3.240,1.760,0.870,1,0,317.875,0,0,11,32,0,52,0
16-06 11:56:05,24.258,20.006,54.017,0.250,0,1442992,838828,173748,5462976,4547.415,1566.488,0,720.224,0,39.012,4845,3689,3.240,1.760,0.870,2,0,276.086,0,0,11,32,0,54,0
16-06 11:56:06,43.062,7.467,49.036,0.249,0,1542188,737984,173888,5464264,5257.103,1612.975,0,1031.507,0,6.970,2821,1600,3.240,1.760,0.870,3,0,3.983,0,0,11,34,0,54,0
16-06 11:56:07,35.986,7.497,44.233,9.996,0,1568896,704732,175004,5469272,5174.959,1619.361,0,26701.470,0,2491.018,13200,22911,3.240,1.760,0.870,2,1,109.957,0,0,11,36,0,49,0
16-06 11:56:08,35.359,10.031,39.873,12.037,0,1575776,694520,175584,5471900,4875.089,1625.030,0,52004.965,0,4270.217,17260,31760,3.460,1.830,0.900,3,1,55.171,0,0,11,36,0,49,0
16-06 11:56:09,42.237,7.998,45.736,3.249,0,1577220,693848,175644,5471060,4808.542,1661.496,0,10652.769,0,943.714,6463,8938,3.460,1.830,0.900,3,0,9.997,0,0,11,32,0,49,0
16-06 11:56:10,42.313,7.261,46.319,2.504,0,1544588,726340,175692,5471152,3985.948,1460.179,0,11897.755,0,1026.532,6612,9490,3.460,1.830,0.900,1,1,2.003,0,0,11,34,0,49,0
16-06 11:56:11,39.405,6.983,42.647,8.978,0,1591120,679072,176008,5471568,3972.405,1239.007,0,17190.480,0,2309.422,13458,24007,3.460,1.830,0.900,3,0,1.995,0,0,11,32,0,47,0
16-06 11:56:12,25.245,8.748,65.236,0,0,1513228,756908,176016,5471580,3540.261,863.820,0,1067.777,0,46.990,2953,2132,3.460,1.830,0.900,3,0,98.979,0,0,11,32,0,47,0
16-06 11:56:13,22.006,4.001,72.019,1.250,0.250,1515020,755088,176044,5471580,4173.113,1512.403,0,7273.940,0,389.104,2545,2852,3.590,1.890,0.920,1,0,2.001,0,0,11,32,0,47,0
16-06 11:56:14,22.973,2.497,73.413,0.250,0,1490064,780040,176044,5471580,4600.550,1564.147,0,555.342,0,15.981,1627,1013,3.590,1.890,0.920,2,0,0,0,0,11,32,0,47,0
16-06 11:56:15,21.518,4.504,73.560,0,0,1474272,795792,176044,5471604,4835.952,1513.237,0,0,0,0,1901,1388,3.590,1.890,0.920,2,0,2.002,0,0,11,32,0,46,0
16-06 11:56:16,22.280,3.004,73.849,0,0,1495256,774808,176044,5471604,5092.853,1568.110,0,0,0,0,1765,1145,3.590,1.890,0.920,2,0,2.003,0,0,11,32,0,46,0
16-06 11:56:17,22.476,3.496,73.421,0,0,1494096,775956,176044,5471616,5323.268,1510.374,0,0,0,0,1790,1256,3.590,1.890,0.920,3,0,0.999,0,0,11,32,0,46,0
16-06 11:56:18,22.672,3.488,73.499,0,0,1530336,739716,176052,5471608,4801.574,1453.029,0,0,0,0,1778,1157,3.540,1.900,0.930,2,0,1.993,0,0,11,32,0,46,0
16-06 11:56:19,23.329,2.759,73.498,0,0,1487208,782752,176052,5471696,5043.038,1571.309,0,4.014,0,1.003,1751,1102,3.540,1.900,0.930,2,0,1.003,0,0,11,32,0,41,0
16-06 11:56:20,22.277,3.004,73.338,0,0,1506744,763216,176052,5471696,4417.329,1513.826,0,168.203,0,2.002,1715,1095,3.540,1.900,0.930,4,0,2.002,0,0,11,32,0,41,0
16-06 11:56:21,24.219,2.247,72.908,0.250,0,1511244,758708,176052,5471704,4973.699,1659.897,0,531.327,0,42.946,1858,1447,3.540,1.900,0.930,3,0,0,0,0,11,32,0,41,0
16-06 11:56:22,22.000,3.750,73.500,0,0,1473328,796508,176060,5471784,4756.970,1619.990,0,16.000,0,2.000,1815,1288,3.540,1.900,0.930,2,0,1.000,0,0,11,32,0,41,0
16-06 11:56:23,21.755,3.751,73.515,0,0,1456368,813436,176060,5471816,4560.961,1620.341,0,0,0,0,1821,1356,3.500,1.920,0.950,2,0,1.000,0,0,11,32,0,37,0
16-06 11:56:24,23.001,3.750,73.255,0,0,1495444,774360,176060,5471816,4726.294,1566.097,0,0,0,0,1747,1216,3.500,1.920,0.950,2,0,2.000,0,0,11,32,0,37,0
16-06 11:56:25,22.763,3.252,73.292,0,0,1462240,807544,176068,5471828,4902.779,1620.919,0,4.002,0,1.001,1827,1243,3.500,1.920,0.950,3,0,2.001,0,0,11,32,0,37,0
16-06 11:56:26,24.209,3.494,71.378,0,0,1463520,806176,176076,5472388,4584.162,1509.419,0,0,0,0,1955,1496,3.500,1.920,0.950,4,0,24.957,0,0,11,32,0,37,0
16-06 11:56:27,26.022,5.755,67.558,0,0,1466924,802768,176076,5471876,5001.312,1621.398,0,136.117,0,4.003,2633,11528,3.500,1.920,0.950,2,0,12.010,0,0,11,32,0,33,0
16-06 11:56:28,23.763,2.501,73.541,0,0,1491376,778312,176076,5471880,4760.665,1458.817,0,0,0,0,1788,1096,3.380,1.920,0.950,4,0,2.001,0,0,11,32,0,33,0
16-06 11:56:29,8.260,21.026,69.337,0,0,1445468,824044,176076,5472040,5056.360,1622.040,0,528.665,0,6.008,5982,4550,3.380,1.920,0.950,1,0,450.567,0,0,11,32,0,33,0
16-06 11:56:30,8.507,21.016,69.554,0,0,1426012,843436,176076,5472088,4281.301,1501.158,0,628.485,0,10.008,5981,4638,3.380,1.920,0.950,1,0,432.333,0,0,11,32,0,33,0
16-06 11:56:31,8.738,20.222,68.904,0.250,0.250,1413000,856380,176084,5472128,4419.822,1563.814,0,715.001,0,37.947,6404,5237,3.380,1.920,0.950,2,0,479.330,0,0,11,32,0,31,0
16-06 11:56:32,21.755,4.501,72.516,0,0,1472040,797324,176084,5472116,4730.061,1512.339,0,2852.640,0,354.079,2180,1410,3.380,1.920,0.950,2,0,13.003,0,0,11,32,0,31,0
16-06 11:56:33,22.484,3.248,73.449,0,0,1505348,764016,176084,5472116,4454.914,1456.991,0,15.989,0,0.999,1719,1113,3.190,1.910,0.950,2,0,1.999,0,0,11,32,0,31,0
16-06 11:56:34,21.723,3.745,73.407,0,0,1501720,767628,176084,5472132,4959.726,1564.021,0,0,0,0,1774,1262,3.190,1.910,0.950,3,0,0.999,0,0,11,32,0,31,0
16-06 11:56:35,22.781,3.505,73.601,0,0,1532832,736536,176084,5472112,4598.283,1514.069,0,20.027,0,1.001,1808,1193,3.190,1.910,0.950,3,0,3.004,0,0,11,32,0,25,0
16-06 11:56:36,22.976,2.497,73.422,0,0.250,1485612,783744,176084,5472124,5330.368,1564.347,0,0,0,0,1793,1208,3.190,1.910,0.950,2,0,0.999,0,0,11,32,0,25,0
16-06 11:56:37,22.228,3.996,73.176,0,0,1526336,743012,176088,5472124,5563.406,1510.481,0,2121.866,0,13.986,1882,1305,3.190,1.910,0.950,2,0,1.998,0,0,11,32,0,25,0
16-06 11:56:38,23.001,2.500,73.755,0,0,1478252,791084,176088,5472136,5400.338,1620.101,0,12.001,0,1.000,1770,1175,3.010,1.890,0.950,2,0,1.000,0,0,11,32,0,25,0
16-06 11:56:39,22.326,3.763,73.249,0,0,1497856,771500,176088,5472112,5057.214,1625.533,0,0,0,0,1778,1134,3.010,1.890,0.950,1,0,2.007,0,0,11,32,0,19,0
16-06 11:56:40,22.956,2.745,74.109,0,0,1468796,800536,176088,5472136,5210.061,1616.916,0,31.939,0,1.996,1703,980,3.010,1.890,0.950,4,0,0.998,0,0,11,32,0,19,0
16-06 11:56:41,22.217,3.744,72.643,0,0,1489100,780244,176092,5472124,6097.040,1563.702,0,483.290,0,31.953,2119,1839,3.010,1.890,0.950,2,0,0,0,0,11,32,0,19,0
16-06 11:56:42,22.255,3.751,73.518,0,0,1515436,753908,176092,5472124,6200.511,1620.395,0,116.028,0,3.001,1769,1090,3.010,1.890,0.950,3,0,2.000,0,0,11,32,0,19,0
16-06 11:56:43,22.494,3.249,73.479,0,0,1473000,796360,176092,5472108,6150.225,1511.564,0,3.999,0,1.000,1844,1318,2.850,1.880,0.950,2,0,1.000,0,0,11,32,0,15,0
16-06 11:56:44,23.016,3.252,73.551,0,0,1497384,771976,176092,5472108,5463.815,1621.132,0,0,0,0,1754,1135,2.850,1.880,0.950,2,0,2.001,0,0,11,32,0,15,0
16-06 11:56:45,23.055,2.255,73.426,0,0,1489892,779440,176092,5472136,4889.733,1461.507,0,40.096,0,2.005,1761,1167,2.850,1.880,0.950,2,0,2.005,0,0,11,32,0,15,0
16-06 11:56:46,23.005,2.751,73.767,0,0,1499700,769720,176092,5472048,4639.056,1458.332,0,0,0,0,1783,1201,2.850,1.880,0.950,2,0,2.000,0,0,11,32,0,15,0
16-06 11:56:47,22.722,2.996,73.410,0.250,0,1498972,770448,176092,5472048,5608.101,1456.209,0,159.803,0,2.996,1645,1010,2.850,1.880,0.950,2,0,0,0,0,11,32,0,15,0
16-06 11:56:48,22.689,3.491,73.551,0,0,1472348,796996,176092,5472124,4864.839,1454.066,0,0,0,0,1748,1181,2.700,1.860,0.950,2,0,0.997,0,0,11,32,0,11,0
16-06 11:56:49,21.786,3.506,73.621,0,0,1477652,791700,176092,5472116,4936.085,1500.458,0,16.026,0,2.003,1754,1242,2.700,1.860,0.950,2,0,1.002,0,0,11,32,0,11,0
16-06 11:56:50,22.519,3.253,73.313,0,0,1517196,752156,176092,5472116,3893.332,1351.156,0,0,0,0,1665,1202,2.700,1.860,0.950,3,0,2.002,0,0,11,32,0,11,0
16-06 11:56:51,22.203,3.243,73.345,0,0,1512112,757196,176108,5472144,3991.567,1077.723,0,514.912,0,38.918,1902,1629,2.700,1.860,0.950,2,0,0.998,0,0,11,32,0,11,0
16-06 11:56:52,23.268,2.752,73.556,0,0,1527520,741788,176108,5472144,4538.466,1459.114,0,24.018,0,1.001,1720,1093,2.700,1.860,0.950,2,0,1.001,0,0,11,32,0,8,0
16-06 11:56:53,22.024,3.253,74.079,0,0,1544536,724780,176108,5472136,4222.527,1459.565,0,60.064,0,1.001,1692,1232,2.560,1.850,0.950,2,0,0,0,0,11,32,0,8,0
16-06 11:56:54,23.215,2.496,73.638,0,0,1558964,710348,176108,5472140,4511.109,1455.776,0,11.982,0,0.998,1717,1111,2.560,1.850,0.950,2,0,1.997,0,0,11,32,0,8,0
16-06 11:56:55,9.779,20.811,67.949,0,0,1498016,771248,176108,5472188,4063.929,1516.451,0,176.518,0,9.026,4757,3258,2.560,1.850,0.950,1,0,278.818,0,0,11,32,0,8,0
16-06 11:56:56,13.453,14.948,70.506,0,0,1477468,791784,176108,5472200,4903.053,1614.420,0,71.752,0,2.990,3753,2613,2.560,1.850,0.950,3,0,182.370,0,0,11,32,0,5,0
16-06 11:56:57,22.515,2.752,73.550,0,0,1499088,770152,176108,5472212,5240.558,1621.100,0,100.068,0,2.001,1620,1251,2.560,1.850,0.950,1,0,0,0,0,11,32,0,5,0
16-06 11:56:58,23.008,3.251,73.527,0,0,1468624,800372,176108,5472456,5281.939,1620.595,0,16.006,0,1.000,1854,1199,2.440,1.830,0.950,3,0,9.003,0,0,11,32,0,5,0
16-06 11:56:59,23.004,3.501,72.763,0,0,1475860,793104,176108,5472488,5220.944,1620.293,0,0,0,0,1802,1173,2.440,1.830,0.950,3,0,0,0,0,11,32,0,5,0
16-06 11:57:00,15.297,14.796,69.213,0,0,1429688,839192,176108,5472568,5717.616,1625.007,40.124,28.087,2.006,1.003,3964,2833,2.440,1.830,0.950,1,0,255.788,0,0,11,32,0,4,0
16-06 11:57:01,8.745,21.488,67.712,0.250,0,1430732,838072,176120,5472652,6176.504,1619.084,0,927.475,0,44.975,5885,4531,2.440,1.830,0.950,2,0,365.793,0,0,11,32,0,4,0
16-06 11:57:02,7.757,22.520,67.809,0,0,1404212,864572,176120,5472672,5739.996,1459.270,0,248.216,0,7.006,5225,3603,2.440,1.830,0.950,2,0,323.281,0,0,11,32,0,4,0
16-06 11:57:03,8.237,22.464,67.392,0,0,1396768,872004,176120,5472684,3845.841,1012.379,0,255.591,0,49.920,5512,3958,2.400,1.840,0.960,1,0,358.426,0,0,11,32,0,4,0
16-06 11:57:04,8.511,21.779,68.342,0,0,1382436,886296,176120,5472716,4203.629,919.231,0,740.992,0,9.012,5380,3769,2.400,1.840,0.960,2,0,348.467,0,0,11,32,0,3,0
16-06 11:57:05,7.249,22.998,67.744,0,0.250,1377288,891428,176120,5472732,4387.632,1187.900,0,791.934,0,8.999,5339,3703,2.400,1.840,0.960,2,0,332.972,0,0,11,32,0,3,0
16-06 11:57:06,8.487,22.465,67.893,0,0,1367512,901188,176120,5472744,4690.618,1455.709,0,702.894,0,7.987,5146,3355,2.400,1.840,0.960,2,0,298.530,0,0,11,32,0,3,0
16-06 11:57:07,8.494,21.734,67.700,0,0,1362952,905728,176120,5472764,4373.751,1079.198,0,835.380,0,10.992,5384,3739,2.400,1.840,0.960,4,0,343.745,0,0,11,32,0,3,0
16-06 11:57:08,7.755,21.015,69.048,0,0,1356532,912128,176120,5472784,4581.174,1459.011,0,352.244,0,40.028,5023,3428,2.210,1.810,0.960,2,0,287.199,0,0,11,32,0,1,0
16-06 11:57:09,7.994,20.985,69.200,0,0,1348296,920340,176120,5472808,4214.924,1229.103,0,139.898,0,4.996,5103,3490,2.210,1.810,0.960,1,0,293.786,0,0,11,32,0,1,0
16-06 11:57:10,7.769,21.553,68.167,0,0,1340996,927620,176120,5472828,4013.805,1461.570,0,240.588,0,6.015,5259,3540,2.210,1.810,0.960,1,0,301.737,0,0,11,32,0,1,0
16-06 11:57:11,8.983,22.209,67.374,0,0,1340380,928216,176120,5472848,4563.483,1563.083,0,35.933,0,8.983,5243,3501,2.210,1.810,0.960,3,0,317.408,0,0,11,32,0,1,0
16-06 11:57:12,7.515,22.544,68.633,0.250,0,1333724,934848,176120,5472872,4583.900,1514.941,0,120.233,0,8.016,5090,3478,2.210,1.810,0.960,2,0,303.589,0,0,11,32,0,1,0
16-06 11:57:13,13.205,25.164,59.548,0.249,0,1321904,946628,176136,5472900,4351.204,1560.693,0,486.346,0,27.905,5938,4650,2.110,1.790,0.960,4,0,422.563,0,0,11,32,0,3,0
16-06 11:57:14,41.288,28.276,29.277,0,0,1448860,819636,176176,5472896,4235.925,1513.402,0,708.657,0,46.043,6123,5278,2.110,1.790,0.960,3,0,512.475,0,0,11,32,0,7,0
16-06 11:57:15,62.782,12.756,24.262,0,0,1623228,643764,176296,5474240,4982.511,1620.817,0,0,0,0,3659,1719,2.110,1.790,0.960,4,0,3.002,0,0,11,32,0,7,0
16-06 11:57:16,43.783,10.008,32.024,12.510,0,1639412,614812,177448,5484592,4623.516,1621.233,372.283,52567.975,3.002,3738.843,16583,31278,2.110,1.790,0.960,2,1,111.084,0,0,11,38,0,8,0
16-06 11:57:17,38.015,12.005,33.763,13.255,0,1617272,626236,178048,5494312,5058.939,1620.621,0,69334.569,0,5057.938,20101,38365,2.110,1.790,0.960,2,0,138.053,0,0,11,36,0,8,0
16-06 11:57:18,39.265,10.004,34.263,15.756,0,1646316,586712,178296,5504180,10776.207,7283.844,0,77878.404,0,6019.350,20992,41289,2.350,1.850,0.980,5,1,60.023,0,0,11,37,0,8,0
16-06 11:57:19,39.023,14.509,32.269,10.756,0,1570572,655852,178684,5510168,8944.296,5228.096,0,51922.744,0,3978.356,16762,30428,2.350,1.850,0.980,3,0,253.150,0,0,11,34,0,9,0
16-06 11:57:20,46.252,21.251,20.751,10.000,0,1598892,619160,179200,5517724,4638.167,1528.055,296.011,57154.063,4.000,3986.144,18295,34744,2.350,1.850,0.980,8,0,236.009,0,0,11,34,0,9,0
16-06 11:57:21,34.002,17.501,35.752,9.750,0,1620324,593484,179464,5521488,13870.696,9865.495,1604.080,46203.317,28.001,3540.178,17146,31935,2.350,1.850,0.980,3,0,219.011,0,0,11,35,0,9,0
16-06 11:57:22,27.749,6.750,49.498,12.749,0,1617032,593260,179540,5524808,16672.219,12699.405,0,43221.974,0,3680.827,17525,33520,2.350,1.850,0.980,3,0,50.998,0,0,11,34,0,9,0
16-06 11:57:23,35.666,10.226,39.657,11.722,0,1583652,627532,179652,5523780,4687.003,1538.391,0,41634.315,0,3682.360,15393,28952,2.400,1.870,0.990,3,0,50.881,0,0,11,34,0,9,0
16-06 11:57:24,32.562,7.514,43.332,14.027,0,1620140,589332,179952,5525160,9783.522,6664.617,0,44424.103,0,4001.576,15533,29155,2.400,1.870,0.990,1,1,39.074,0,0,11,35,0,9,0
16-06 11:57:25,30.102,6.717,47.268,11.693,0,1617860,590624,180160,5525920,14495.953,11184.185,0,40258.686,0,3468.998,17889,32408,2.400,1.870,0.990,6,0,27.863,0,0,11,35,0,9,0
16-06 11:57:26,37.190,9.549,44.979,7.036,0,1537784,669208,180264,5527280,10879.483,7164.537,0,26543.365,0,2362.046,12532,22066,2.400,1.870,0.990,4,0,101.518,0,0,11,36,0,10,0
16-06 11:57:27,42.174,9.982,35.436,9.732,0,1596836,607324,180332,5529948,4986.956,1696.923,0,37312.334,0,3422.793,15583,38021,2.400,1.870,0.990,2,1,92.832,0,0,11,36,1,11,0
16-06 11:57:28,28.021,7.756,49.037,12.259,0,1591060,609776,180368,5533136,13971.447,10817.089,0,51638.614,0,4184.129,17401,33446,2.290,1.850,0.990,2,1,48.036,0,0,11,37,0,10,0
16-06 11:57:29,29.190,7.235,48.899,11.476,0,1586240,612332,180460,5535252,15210.526,11372.468,0,43350.299,0,3683.378,17693,33294,2.290,1.850,0.990,2,0,53.888,0,0,11,36,0,10,0
16-06 11:57:30,34.064,9.518,39.825,13.025,0,1613848,582132,180584,5537656,4628.735,1623.063,0,48162.889,0,4088.716,16635,31682,2.290,1.850,0.990,4,0,114.216,0,0,11,36,0,10,0
16-06 11:57:31,33.052,7.512,44.070,13.271,0,1630076,564364,180656,5539068,11094.513,8314.124,0,51148.741,0,4118.501,16708,32025,2.290,1.850,0.990,1,0,36.057,0,0,11,37,0,10,0
16-06 11:57:32,28.645,7.722,48.323,11.707,0,1626056,573284,180672,5534116,16730.593,12356.647,0,44640.155,0,3907.658,19041,35868,2.290,1.850,0.990,3,0,17.934,0,0,11,37,0,10,0
16-06 11:57:33,35.330,9.772,43.348,9.772,0,1563656,633936,180684,5535852,7697.373,4490.134,0,40912.338,0,3028.836,14117,25111,2.420,1.890,1.010,2,0,85.192,0,0,11,34,0,12,0
16-06 11:57:34,31.716,13.486,53.443,0.250,0,1472068,725476,180684,5535896,10240.036,6644.886,0,2908.886,0,218.766,4738,3495,2.420,1.890,1.010,2,0,211.773,0,0,11,33,0,12,0
16-06 11:57:35,20.750,3.750,73.751,0.500,0,1443604,753672,180688,5536160,9152.096,5366.056,0,5216.055,0,307.003,3686,4491,2.420,1.890,1.010,1,0,35.000,0,0,11,32,0,13,0
16-06 11:57:36,21.720,3.994,73.647,0,0.250,1500288,696988,180688,5536160,4613.578,1617.748,0,7.989,0,0.999,1795,1147,2.420,1.890,1.010,1,0,0,0,0,11,32,0,13,0
16-06 11:57:37,15.748,2.250,80.738,0.250,0,1501664,695512,180692,5536256,11986.162,8394.713,0,319.951,0,29.995,2513,2730,2.420,1.890,1.010,1,0,0,0,0,11,32,0,14,0
16-06 11:57:38,18.568,8.029,72.515,0,0,1491392,705780,180692,5536260,4219.429,1409.153,0,0,0,0,2462,1628,2.310,1.870,1.010,1,0,60.220,0,0,11,32,0,14,0
16-06 11:57:39,18.188,2.242,78.233,0,0,1484916,712252,180692,5536264,10111.479,6624.384,0,39.864,0,3.986,1979,1659,2.310,1.870,1.010,3,0,0,0,0,11,33,0,14,0
16-06 11:57:40,18.264,5.004,75.810,0,0,1410128,787016,180692,5536288,10212.066,6801.372,0,0,0,0,3698,3906,2.310,1.870,1.010,3,0,43.034,0,0,11,32,0,15,0
16-06 11:57:41,21.505,4.251,73.018,0.250,0,1472028,725116,180692,5536288,5299.278,1458.352,0,240.058,0,20.005,1886,1493,2.310,1.870,1.010,2,0,0,0,0,11,32,0,15,0
16-06 11:57:42,17.281,2.254,79.143,0,0,1478644,718356,180692,5536432,13549.410,9235.639,0,160.289,0,11.020,2739,3013,2.310,1.870,1.010,1,0,0,0,0,11,33,0,15,0
16-06 11:57:43,14.255,9.504,75.278,0,0,1432164,764792,180692,5536476,8076.039,4510.697,0,284.107,0,23.009,4050,3654,2.120,1.840,1,2,0,137.052,0,0,11,32,0,16,0
16-06 11:57:44,8.482,21.704,67.607,0,0,1429688,767140,180692,5536604,4568.358,1454.929,0,383.191,0,40.914,5364,3594,2.120,1.840,1,2,0,342.278,0,0,11,32,0,16,0
16-06 11:57:45,39.497,22.498,36.747,0.500,0,1464476,732128,180716,5536804,4157.674,1457.886,0,987.922,0,69.995,5585,4412,2.120,1.840,1,3,0,317.975,0,0,11,32,0,23,0
16-06 11:57:46,62.797,13.260,24.018,0,0,1621668,573456,180772,5538224,4849.600,1567.164,0,0,0,0,3748,1542,2.120,1.840,1,5,0,3.002,0,0,11,32,0,23,0
16-06 11:57:47,65.513,9.002,24.005,0.500,0,1786032,405576,180904,5541232,4799.928,1512.292,0,5525.068,0,147.028,4149,1942,2.120,1.840,1,5,0,6.001,0,0,11,32,0,23,0
16-06 11:57:48,42.072,7.513,37.565,9.767,0,1796076,384968,181064,5551036,4623.948,1568.697,0,54950.459,0,3783.504,16652,29755,2.190,1.860,1.010,3,1,138.238,0,0,11,38,0,23,0
16-06 11:57:49,26.745,9.998,44.742,14.997,0,1795892,374636,181152,5561076,4655.172,1605.714,0,101801.892,0,6889.775,24747,49816,2.190,1.860,1.010,6,1,212.962,0,0,11,38,0,23,0
16-06 11:57:50,23.207,8.484,47.411,16.469,0,1792752,369596,181204,5568980,4431.723,1616.980,0,80821.050,0,6346.147,23406,44979,2.190,1.860,1.010,2,1,164.692,0,0,11,38,0,23,0
16-06 11:57:51,39.085,12.277,31.819,14.281,0,1728236,425044,181292,5577636,4449.670,1623.528,0,78005.526,0,5482.916,20347,40135,2.190,1.860,1.010,4,1,228.497,0,0,11,36,0,23,0
16-06 11:57:52,42.211,11.240,30.971,13.238,0,1777968,365812,181344,5586760,4872.488,1618.501,0,82163.917,0,5727.696,20183,40385,2.190,1.860,1.010,1,1,75.930,0,0,11,36,0,23,0
16-06 11:57:53,41.037,9.008,33.531,13.763,0,1828372,303848,181368,5597828,4564.155,1621.476,0,79924.758,0,5563.064,19273,38425,2.500,1.930,1.040,7,0,17.015,0,0,11,38,0,23,0
16-06 11:57:54,33.747,10.249,39.247,13.999,0,1763708,365500,181380,5600696,4799.625,1619.874,0,82737.543,0,6028.529,21183,42100,2.500,1.930,1.040,0,1,155.988,0,0,11,36,0,23,0
16-06 11:57:55,39.225,2.748,48.469,6.496,0,1753252,374388,181388,5602216,4575.087,1457.072,0,27406.552,0,2166.621,9920,16968,2.500,1.930,1.040,3,0,48.969,0,0,11,32,0,23,0
16-06 11:57:56,17.464,16.466,62.371,1.746,0,1483672,643788,181388,5602376,5149.375,1616.664,0,14322.449,0,831.285,6145,6615,2.500,1.930,1.040,2,0,248.487,0,0,11,32,0,23,0
16-06 11:57:57,21.957,4.242,73.355,0.250,0,1479392,648064,181388,5602380,5244.652,1455.129,0,1357.322,0,77.846,2108,1754,2.500,1.930,1.040,2,0,0.998,0,0,11,32,0,23,0
16-06 11:57:58,23.533,3.004,72.101,0.751,0,1512580,614876,181388,5602380,5227.340,1622.278,0,5007.030,0,299.420,2423,2432,2.380,1.910,1.040,2,0,2.003,0,0,11,34,0,23,0
16-06 11:57:59,25.262,1.251,72.533,0,0,1518136,609304,181388,5602388,4580.114,1458.673,0,96.044,0,6.003,2207,1778,2.380,1.910,1.040,2,0,0,0,0,11,34,0,23,0
16-06 11:58:00,20.488,5.497,72.708,0,0,1476464,650940,181388,5602424,5696.674,1619.055,0,83.951,0,5.996,2237,1457,2.380,1.910,1.040,2,0,27.984,0,0,11,32,0,23,0
16-06 11:58:01,23.264,2.752,73.794,0,0,1527560,599844,181388,5602424,5961.572,1458.874,0,44.026,0,5.003,1775,1130,2.380,1.910,1.040,2,0,0,0,0,11,32,0,23,0
16-06 11:58:02,22.502,3.750,73.007,0,0,1488416,638976,181392,5602432,5777.524,1620.147,0,296.027,0,16.001,2289,1757,2.380,1.910,1.040,2,0,24.002,0,0,11,32,0,23,0
16-06 11:58:03,11.528,41.099,45.860,0,0,1478208,649128,181392,5602488,4691.293,1623.909,0,541.303,0,42.101,7231,6260,2.270,1.900,1.040,2,0,873.102,0,0,11,32,0,23,0
16-06 11:58:04,9.003,28.258,60.767,0.250,0.250,1464880,662432,181392,5602508,4699.308,1458.406,0,220.061,0,19.005,5954,4492,2.270,1.900,1.040,3,0,523.146,0,0,11,32,0,23,0
16-06 11:58:05,8.001,22.253,67.510,0.500,0,1455872,671380,181392,5602568,5100.769,1620.244,0,196.030,0,15.002,5180,3385,2.270,1.900,1.040,2,0,316.048,0,0,11,32,0,23,0
16-06 11:58:06,7.738,19.968,70.137,0,0,1450984,676240,181392,5602596,4989.975,1455.659,0,351.435,0,80.870,5105,3425,2.270,1.900,1.040,2,0,273.560,0,0,11,32,0,23,0
16-06 11:58:07,8.497,21.992,67.476,0,0.250,1426340,700852,181392,5602620,5115.171,1619.421,0,27.990,0,6.997,5100,3431,2.270,1.900,1.040,2,0,267.904,0,0,11,32,0,23,0
16-06 11:58:08,10.772,21.543,65.381,0,0,1406176,720988,181392,5602996,4689.379,1623.247,0,24.048,0,6.012,6060,5683,2.170,1.880,1.040,2,0,273.547,0,0,11,32,0,23,0
16-06 11:58:09,29.975,17.235,51.956,0,0.250,1454128,672836,181400,5603172,4736.009,1660.601,0,0,0,0,5089,5243,2.170,1.880,1.040,2,0,190.839,0,0,11,33,0,23,0
16-06 11:58:10,42.554,7.963,48.526,0,0,1562592,564428,181400,5603224,4419.630,1612.568,0,215.009,0,3.982,2797,1494,2.170,1.880,1.040,3,0,0,0,0,11,33,0,23,0
16-06 11:58:11,50.163,3.762,45.146,0,0,1631120,495860,181412,5603244,4213.670,1625.273,0,1773.754,0,217.706,3964,2986,2.170,1.880,1.040,3,0,17.055,0,0,11,49,0,23,0
16-06 11:58:12,38.293,10.262,50.307,0.250,0,1660856,461628,181468,5607292,4762.391,1621.836,0,1513.713,0,132.150,5015,7955,2.170,1.880,1.040,1,0,79.090,0,0,11,48,0,24,0
16-06 11:58:13,10.258,21.517,66.302,0,0,1670288,452132,181472,5607748,4281.341,1459.139,0,324.253,0,16.012,6040,5246,2.070,1.870,1.040,1,0,325.254,0,0,11,48,0,24,0
16-06 11:58:14,13.950,8.470,76.226,0,0,1663456,458964,181472,5607320,4483.881,1614.197,0,243.126,0,14.946,3742,4737,2.070,1.870,1.040,1,0,89.678,0,0,11,48,0,22,0
16-06 11:58:15,0.751,1.251,97.579,0,0,1663236,459184,181472,5607320,4401.577,1459.186,0,612.498,0,77.063,762,930,2.070,1.870,1.040,1,0,4.003,0,0,11,48,0,22,0
16-06 11:58:16,0.500,0.250,98.249,0,0,1661472,460952,181472,5607320,5039.939,1619.980,0,0,0,0,698,879,2.070,1.870,1.040,1,0,2.000,0,0,11,48,0,22,0
16-06 11:58:17,0.500,0.500,98.514,0,0,1659960,462464,181472,5607320,5135.731,1458.208,0,0,0,0,712,941,2.070,1.870,1.040,1,0,2.000,0,0,11,48,0,22,0
16-06 11:58:18,1.750,3.000,93.739,0,0,1635212,487208,181472,5607316,4577.469,1457.831,0,4.000,0,1.000,1414,1459,1.910,1.840,1.030,4,0,28.997,0,0,11,48,0,17,0
16-06 11:58:19,18.232,15.735,65.187,0,0,1672864,449476,181472,5607728,5035.133,1618.436,0,75.927,0,3.996,5345,7115,1.910,1.840,1.030,2,0,248.760,0,0,11,48,0,17,0
16-06 11:58:20,10.527,17.545,69.928,0,0,1705052,417208,181472,5607420,4780.180,1461.725,0,2337.957,0,21.054,4978,4365,1.910,1.840,1.030,1,0,275.703,0,0,12,48,0,17,0
16-06 11:58:21,22.998,17.998,56.745,0.250,0,1704952,417108,181472,5607592,5053.531,1737.839,0,387.964,0,31.997,5638,5586,1.910,1.840,1.030,1,0,244.977,0,0,12,64,0,17,0
16-06 11:58:22,14.481,12.733,71.655,0.250,0,1691584,430444,181472,5607584,4528.977,1456.064,0,347.538,0,18.975,5092,6399,1.910,1.840,1.030,1,0,242.677,0,0,12,64,0,16,0
16-06 11:58:23,4.762,11.027,82.955,0,0,1688704,433284,181472,5607608,4649.471,1461.606,0,413.019,0,30.074,3142,2478,1.750,1.810,1.020,1,0,143.354,0,0,14,64,0,16,0
16-06 11:58:24,17.753,13.502,66.511,0,0,1684020,437944,181472,5607616,4578.736,1458.235,0,16.003,0,3.000,5965,7876,1.750,1.810,1.020,2,0,173.028,0,0,14,64,0,16,0
16-06 11:58:25,8.723,21.432,68.285,0,0,1685544,436220,181472,5607784,4884.607,1614.911,0,326.970,0,6.978,5342,3767,1.750,1.810,1.020,2,0,311.020,0,0,14,66,0,16,0
16-06 11:58:26,8.270,21.051,68.916,0,0,1668692,452928,181472,5607940,4468.746,1587.818,0,5204.516,0,370.892,5598,3692,1.750,1.810,1.020,1,0,293.706,0,0,14,66,0,16,0
16-06 11:58:27,24.675,19.441,55.581,0,0,1665004,456596,181472,5607964,5400.549,1615.080,0,31.903,0,6.979,6734,13629,1.750,1.810,1.020,2,0,242.262,0,0,14,66,0,17,0
16-06 11:58:28,27.579,25.322,45.631,0,0,1744260,377280,181484,5608004,4873.939,1624.646,0,417.193,0,10.029,6271,4858,1.770,1.810,1.030,3,0,491.405,0,0,14,66,0,17,0
16-06 11:58:29,29.032,24.777,45.801,0,0,1802252,318912,181540,5608324,4875.388,1621.792,0,88.097,0,1.001,6324,4863,1.770,1.810,1.030,2,0,506.560,0,0,14,66,0,17,0
16-06 11:58:30,28.388,26.645,42.583,0,0,1907772,212080,181552,5609512,4840.976,1655.494,0,31.875,0,7.969,6602,7278,1.770,1.810,1.030,5,0,390.466,0,0,14,70,0,17,0
16-06 11:58:31,36.387,20.327,41.657,0,0,1934392,185424,181552,5609972,2649.992,90.341,0,20.076,0,5.019,6082,6367,1.770,1.810,1.030,3,0,255.965,0,0,14,70,0,17,0
16-06 11:58:32,54.213,27.231,17.488,0,0,2015312,226064,175224,5497236,4771.724,1457.000,43.970,1247.144,8.994,7.995,5257,4745,1.770,1.810,1.030,3,0,459.684,0,0,14,70,0,17,0
16-06 11:58:33,58.670,22.374,18.396,0,0,2108532,199444,173100,5433976,4534.478,1610.933,186.948,1396.142,1.989,10.938,6482,8168,1.870,1.830,1.040,5,0,259.539,0,0,14,70,0,17,0
16-06 11:58:34,68.456,28.335,2.758,0.251,0,2234356,174972,172684,5335380,4712.188,1462.403,513.546,1227.697,26.079,83.251,5591,5776,1.870,1.830,1.040,6,0,495.492,0,0,14,70,0,15,0
16-06 11:58:35,76.677,20.798,2.005,0.251,0,2354616,209856,172376,5184016,4750.991,1623.756,717.660,1254.903,76.176,31.072,6347,8051,1.870,1.830,1.040,6,0,230.533,0,0,14,74,0,15,0
16-06 11:58:36,61.500,28.250,7.000,2.500,0,2495124,190620,171840,5065900,4698.030,1458.009,960.006,23400.148,20.000,1476.009,11737,19398,1.870,1.830,1.040,4,1,386.002,0,0,14,76,0,15,0
16-06 11:58:37,68.007,25.503,5.251,1.250,0,2584944,167332,171960,5001380,5537.597,1620.175,372.040,21846.355,18.002,1870.202,14640,27036,1.870,1.830,1.040,15,0,334.036,0,0,14,76,0,15,0
16-06 11:58:38,75.206,20.420,3.984,0.249,0,2665956,159356,171960,4929468,5227.589,1452.329,71.720,1079.784,5.977,58.771,7834,11974,1.960,1.850,1.050,8,0,224.125,0,0,14,80,0,18,0
16-06 11:58:39,60.749,25.103,13.556,0,0.251,2765556,197116,171968,4794760,5121.030,1626.680,28.115,992.074,6.025,55.227,8880,14096,1.960,1.850,1.050,2,0,466.917,0,0,14,91,0,27,0
16-06 11:58:40,32.649,23.676,42.368,0.249,0,2831780,130508,171968,4795524,4743.268,1453.486,0,721.758,0,39.876,6585,7111,1.960,1.850,1.050,3,0,352.904,0,0,14,93,0,27,0
16-06 11:58:41,57.431,19.562,22.070,0.251,0,2910100,188364,172120,4662528,5848.464,1940.125,3470.958,433.368,61.193,22.070,5670,8598,1.960,1.850,1.050,2,0,229.725,0,0,14,96,1,30,0
16-06 11:58:42,43.985,7.248,47.484,0.250,0,3022156,145976,172000,4594704,6014.981,1693.432,0,10096.612,0,445.850,2940,1918,1.960,1.850,1.050,2,0,0,0,0,14,96,1,29,0
16-06 11:58:43,13.003,17.504,67.016,0.750,0,3043176,124108,172000,4595524,5821.417,1694.412,12.003,3084.751,3.001,178.043,5415,4726,1.970,1.850,1.060,2,0,232.056,0,0,14,99,1,29,0
16-06 11:58:44,9.006,19.263,70.549,0.250,0,3040972,126280,172000,4595556,5463.783,1695.174,0,736.510,0,40.028,5013,3508,1.970,1.850,1.060,1,0,258.179,0,0,14,99,1,29,0
16-06 11:58:45,7.981,20.202,70.084,0,0,3046508,120704,172000,4595580,4609.101,1690.004,0,59.858,0,6.983,5323,3799,1.970,1.850,1.060,1,0,286.323,0,0,14,99,1,29,0
16-06 11:58:46,11.513,16.769,70.579,0,0,3060188,173340,172000,4530308,4402.943,1533.722,0,476.535,0,12.013,4298,3056,1.970,1.850,1.060,1,0,215.242,0,0,14,99,1,21,0
16-06 11:58:47,19.232,3.996,75.929,0,0,3121008,179932,172004,4464612,6723.671,3624.588,3.996,55.947,0.999,0.999,1712,1126,1.970,1.850,1.060,1,0,0,0,0,14,100,1,21,0
16-06 11:58:48,22.230,2.748,73.685,0.250,0,3124364,176704,172004,4464584,26308.692,22909.703,39.965,195.827,3.996,18.983,2826,2924,1.810,1.820,1.050,2,0,0.999,0,0,14,104,1,21,0
16-06 11:58:49,24.011,7.253,68.281,0,0,3086764,214328,172004,4464600,4638.114,1846.842,0,316.144,0,27.012,2782,2033,1.810,1.820,1.050,1,0,66.030,0,0,14,109,1,22,0
16-06 11:58:50,20.192,2.991,74.535,0.249,0.249,3134376,166700,172008,4464612,9786.803,7089.574,3.989,2560.623,0.997,321.075,2337,2195,1.810,1.820,1.050,2,0,0.997,0,0,14,112,1,22,0
16-06 11:58:51,22.372,4.273,72.897,0.754,0,3134816,165720,172024,4465124,5670.919,2545.880,261.425,752.101,18.099,79.433,2994,3329,1.810,1.820,1.050,4,0,2.011,0,0,14,116,1,23,0
16-06 11:58:52,33.987,7.747,55.729,0.750,0,3220352,146488,172024,4400908,4413.369,1573.419,423.843,1419.476,25.990,178.934,5354,7272,1.810,1.820,1.050,1,0,3.999,0,0,14,119,1,23,0
16-06 11:58:53,25.746,10.748,60.740,1.000,0,3199192,167488,172028,4401048,5924.010,2666.554,35.994,3923.344,2.999,282.953,5512,6306,1.740,1.810,1.050,1,0,115.981,0,0,14,126,1,25,0
16-06 11:58:54,24.996,3.000,71.239,0,0,3237744,128932,172028,4401052,4919.215,1619.741,0,519.917,0,39.994,2081,1737,1.740,1.810,1.050,1,0,2.000,0,0,14,128,1,25,0
16-06 11:58:55,16.726,2.496,79.387,0,0,3238664,127936,172028,4401128,12268.521,9593.332,91.869,255.636,5.991,14.979,2212,2028,1.740,1.810,1.050,2,0,0.999,0,0,14,129,1,25,0
16-06 11:58:56,23.790,5.760,68.615,1.002,0,3260412,171596,172036,4337244,6843.512,2995.038,40.067,1570.642,4.007,135.227,4682,6148,1.740,1.810,1.050,2,0,3.005,0,0,14,128,1,26,0
16-06 11:58:57,38.798,13.181,47.005,0.249,0,3300784,131296,172036,4337260,5508.300,1611.603,0,1356.930,0,154.197,3762,2369,1.740,1.810,1.050,3,0,95.502,0,0,14,128,1,26,0
16-06 11:58:58,37.162,6.277,55.994,0,0,3376144,120212,172036,4274548,10569.975,7268.616,0,325.415,0,18.079,2661,1528,1.760,1.810,1.060,2,0,0,0,0,14,129,1,26,0
16-06 11:58:59,19.197,6.233,72.800,0.499,0,3295848,200484,172036,4274572,22911.977,19188.220,15.956,1539.765,3.989,88.756,2729,2342,1.760,1.810,1.060,3,0,54.849,0,0,14,128,1,27,0
16-06 11:59:00,19.010,3.002,77.041,0,0.250,3359304,136980,172036,4274620,8551.582,3779.025,0,108.058,0,6.003,1690,1147,1.760,1.810,1.060,1,0,0,0,0,14,129,1,27,0
16-06 11:59:01,19.261,5.753,74.041,0,0,3353716,142556,172036,4274632,29063.950,22589.397,0,16.009,0,4.002,2888,2284,1.760,1.810,1.060,3,0,54.030,0,0,14,128,1,28,0
16-06 11:59:02,30.691,6.987,61.631,0,0,3431772,168232,172036,4172636,6364.737,1616.885,7.985,211.592,1.996,14.971,4344,4670,1.760,1.810,1.060,2,0,4.990,0,0,14,130,2,29,0
16-06 11:59:03,15.278,3.256,78.646,0.751,0,3429540,170384,172036,4172716,12658.451,9257.150,28.052,5478.149,4.007,118.219,3137,3880,1.620,1.780,1.050,2,0,0,0,0,14,130,1,30,0
16-06 11:59:04,19.516,7.006,72.308,0,0,3412508,187408,172036,4172724,4984.007,1621.304,0,288.232,0,20.016,2727,2006,1.620,1.780,1.050,2,0,82.066,0,0,14,130,1,30,0
16-06 11:59:05,19.742,3.249,76.969,0.250,0,3441748,158156,172036,4172736,10755.731,7925.854,3.998,323.871,1.000,22.991,2021,1588,1.620,1.780,1.050,1,0,1.000,0,0,14,131,1,30,0
16-06 11:59:06,18.240,6.497,73.461,0.250,0,3425080,174808,172036,4172752,22724.968,18539.184,0,1027.456,0,59.968,2669,2060,1.620,1.780,1.050,2,0,54.971,0,0,14,130,1,31,0
16-06 11:59:07,18.205,2.743,77.808,0,0,3458692,141196,172036,4172752,10491.175,7314.994,0,71.823,0,7.980,1798,1317,1.620,1.780,1.050,2,0,0,0,0,14,131,1,31,0
16-06 11:59:08,21.775,4.505,70.330,1.251,0,3444752,155012,172040,4172872,5541.265,2399.713,0,1673.893,0,239.271,5394,8082,1.570,1.770,1.050,2,0,1.001,0,0,14,132,1,31,0
16-06 11:59:09,23.045,6.262,68.885,1.002,0,3409240,190308,172040,4173088,6075.917,2907.703,48.094,1406.759,3.006,135.265,4808,6165,1.570,1.770,1.050,2,0,53.104,0,0,14,131,1,33,0
16-06 11:59:10,21.242,4.248,72.723,0,0,3431512,168036,172040,4173088,4156.437,1457.452,0,1259.526,0,79.970,1978,1585,1.570,1.770,1.050,3,0,0,0,0,14,131,1,33,0
16-06 11:59:11,14.993,1.999,82.214,0.500,0,3432844,166640,172040,4173152,14766.451,11670.824,47.979,443.803,2.999,28.987,1955,1769,1.570,1.770,1.050,2,0,0,0,0,14,132,1,33,0
16-06 11:59:12,26.803,5.511,65.128,1.002,0,3429368,170048,172040,4173220,4692.202,1569.077,0,6913.558,0,573.124,5317,7311,1.570,1.770,1.050,3,0,1.002,0,0,14,134,1,33,0
16-06 11:59:13,32.182,9.231,56.132,0.998,0,3384280,215032,172044,4173304,5276.876,2319.111,0,5851.664,0,379.201,7346,10072,1.530,1.750,1.050,3,0,76.838,0,0,14,133,1,34,0
16-06 11:59:14,22.749,3.250,73.745,0,0,3435156,164156,172044,4173304,4559.713,1619.898,0,327.979,0,16.999,1661,1247,1.530,1.750,1.050,2,0,0,0,0,14,133,1,34,0
16-06 11:59:15,17.481,2.248,77.914,0.999,0,3433472,165804,172044,4173340,14327.252,11241.644,0,671.262,0,82.909,3105,3771,1.530,1.750,1.050,2,0,0.999,0,0,14,133,1,34,0
16-06 11:59:16,15.812,12.549,70.274,0.251,0,3426472,172792,172044,4173352,4879.057,1626.352,0,2646.336,0,168.659,3815,3317,1.530,1.750,1.050,1,0,147.576,0,0,14,133,1,34,0
16-06 11:59:17,17.945,3.240,77.014,0.249,0,3437864,161396,172044,4173356,11238.554,7340.502,0,111.658,0,9.969,1815,1313,1.530,1.750,1.050,2,0,0,0,0,14,134,1,34,0
16-06 11:59:18,23.259,3.251,72.527,0.250,0,3436820,162412,172044,4173384,11073.116,7465.775,0,360.134,0,49.018,4421,5789,1.480,1.740,1.050,3,0,0,0,0,14,134,1,34,0
16-06 11:59:19,23.252,6.251,67.757,0.750,0,3436440,162740,172044,4173436,4486.473,1566.165,16.002,936.099,1.000,123.013,5606,7459,1.480,1.740,1.050,3,0,0,0,0,14,134,1,34,0
16-06 11:59:20,38.354,15.041,43.869,0.752,0,3378240,220172,172060,4174172,6371.352,3327.061,469.278,1584.315,73.199,170.464,10160,15131,1.480,1.740,1.050,3,0,215.587,0,0,14,133,1,35,0
16-06 11:59:21,25.201,6.987,67.619,0,0,3437848,160484,172060,4174188,5054.243,2119.907,0,1057.958,0,99.807,3391,3733,1.480,1.740,1.050,2,0,73.857,0,0,14,133,1,35,0
16-06 11:59:22,18.979,2.497,77.414,0.499,0,3436304,162016,172060,4174200,12536.096,9109.896,0,419.535,0,23.973,2114,1672,1.480,1.740,1.050,2,0,0,0,0,14,133,1,36,0
16-06 11:59:23,12.023,16.281,69.131,0,0,3350824,247468,172060,4174228,5229.931,1623.082,4.008,456.868,1.002,36.068,4994,3812,1.450,1.730,1.050,6,0,260.495,0,0,14,133,1,36,0
16-06 11:59:24,9.986,20.472,67.907,0,0,3315392,282864,172064,4174260,4581.721,1617.783,0,627.141,0,46.936,5525,4107,1.450,1.730,1.050,3,0,296.594,0,0,14,133,1,36,0
16-06 11:59:25,19.038,17.284,61.873,0.250,0,3338944,259304,172064,4174280,4326.600,1502.987,0,392.781,0,23.046,6086,7076,1.450,1.730,1.050,1,0,214.426,0,0,14,135,1,36,0
16-06 11:59:26,27.775,22.270,47.793,0,0,3412812,185404,172064,4174304,4165.713,1313.170,0,348.310,0,21.019,5829,4324,1.450,1.730,1.050,4,0,335.299,0,0,14,135,1,36,0
16-06 11:59:27,35.210,24.971,38.456,0.250,0,3441776,155928,172076,4174804,4561.782,1348.458,55.936,555.365,3.995,35.959,7008,13999,1.450,1.730,1.050,3,0,441.495,0,0,14,141,1,36,0
16-06 11:59:28,21.024,17.019,59.818,0.250,0,3466492,131032,172076,4175332,4278.853,1567.778,0,1914.171,0,169.192,6284,9046,1.490,1.730,1.050,7,0,176.200,0,0,16,141,1,36,0
16-06 11:59:29,54.706,30.975,13.739,0.250,0,3613760,167948,172084,3993636,4228.629,1510.796,131.895,419.665,7.994,28.977,8800,12118,1.490,1.730,1.050,6,0,488.611,0,0,16,147,1,36,0
16-06 11:59:30,58.211,23.984,16.739,0,0,3716816,165276,172084,3894684,4185.173,1606.914,0,707.522,0,41.972,6261,6787,1.490,1.730,1.050,3,0,396.732,0,0,16,159,1,36,0
16-06 11:59:31,36.485,22.491,39.984,0,0,3760020,172000,172084,3845256,4170.333,1601.360,7.997,679.728,1.999,17.993,7456,12447,1.490,1.730,1.050,4,0,253.899,0,0,16,163,1,34,0
16-06 11:59:32,32.383,26.404,40.105,0,0,3823184,164140,172084,3791308,4606.338,1506.551,3.986,410.515,0.996,13.950,12437,4824,1.490,1.730,1.050,3,0,417.490,0,0,16,163,1,34,0
16-06 11:59:33,16.334,22.616,59.305,0.503,0,3843380,143840,172096,3791384,4796.657,1574.091,12.062,349.798,3.016,33.171,5793,4416,1.530,1.740,1.060,1,0,328.690,0,0,17,163,1,34,0
16-06 11:59:34,18.253,18.503,61.260,0.750,0,3852140,135024,172096,3791876,4518.711,1458.229,0,6529.027,0,229.036,7538,9783,1.530,1.740,1.060,1,0,288.045,0,0,17,163,1,34,0
16-06 11:59:35,26.196,20.957,51.144,0,0,3907264,135068,172096,3737692,4414.873,1255.405,0,215.554,0,10.977,5379,3960,1.530,1.740,1.060,4,0,279.422,0,0,17,163,1,34,0
16-06 11:59:36,33.264,24.010,41.768,0,0.250,3941992,165948,172104,3673868,4860.097,1404.606,8.003,204.088,2.001,16.007,6789,6216,1.530,1.740,1.060,6,0,415.179,0,0,17,167,1,34,0
16-06 11:59:37,29.683,16.821,52.440,0,0,3981832,126096,172104,3673540,5518.122,1656.327,35.620,138.522,2.968,4.947,5992,7064,1.530,1.740,1.060,5,0,220.646,0,0,17,173,1,34,0
16-06 11:59:38,38.928,29.828,29.576,0,0,4100264,149748,172108,3534672,4865.552,1583.428,36.401,13282.188,6.067,837.215,9195,12908,1.810,1.790,1.080,3,0,628.922,0,0,17,183,1,34,0
16-06 11:59:39,29.498,25.748,43.247,0.500,0,4161416,173404,172108,3451672,5039.701,1619.904,51.997,735.956,6.000,55.997,10416,13406,1.810,1.790,1.080,1,0,544.968,0,0,17,189,1,34,0
16-06 11:59:40,10.994,21.738,64.965,0,0,4165356,169396,172108,3451740,4843.378,1565.153,0,587.682,0,28.984,5509,4016,1.810,1.790,1.080,5,0,298.838,0,0,17,193,1,20,0
16-06 11:59:41,28.733,16.240,53.719,0.500,0,4210980,123764,172108,3451752,5622.707,1770.963,67.960,363.787,0.999,31.981,6137,7859,1.810,1.790,1.080,3,0,208.878,0,0,17,205,1,20,0
16-06 11:59:42,40.160,12.472,46.146,0,0,4312148,141756,172108,3334612,5317.046,1582.442,1057.622,694.439,15.964,40.908,3609,2345,1.810,1.790,1.080,3,0,53.879,0,0,17,205,1,20,0
16-06 11:59:43,43.405,10.538,45.162,0.251,0,4425308,174972,172108,3192024,6188.141,1645.889,92.330,188.675,3.011,23.083,3272,1918,1.820,1.800,1.080,3,0,2.007,0,0,17,205,1,20,0
16-06 11:59:44,36.824,3.981,57.475,0,0,4459828,140032,172128,3192424,5296.657,1578.448,67.676,505.581,6.967,46.776,3579,3352,1.820,1.800,1.080,2,0,13.933,0,0,17,215,1,17,0
16-06 11:59:45,26.399,26.399,47.015,0.251,0,4390260,208992,172128,3193020,4376.636,1594.978,691.895,229.291,9.051,17.096,6577,5683,1.820,1.800,1.080,4,0,564.176,0,0,17,213,1,17,0
16-06 11:59:46,34.751,31.000,32.251,0.250,0,4440688,155644,172140,3196368,13067.204,9560.149,996.016,412.006,19.000,23.000,7117,8025,1.820,1.800,1.080,4,0,465.007,0,0,17,215,2,17,0
16-06 11:59:47,53.636,18.960,26.444,0,0,4431036,204768,172144,3157692,6011.229,2391.918,11.975,989.897,2.994,24.947,5956,7995,1.820,1.800,1.080,5,0,177.623,0,0,17,221,1,18,0
16-06 11:59:48,72.421,15.733,11.487,0,0,4606860,154240,172148,3036348,6507.876,3602.057,339.628,259.716,13.985,13.985,4739,3413,2.160,1.870,1.110,5,0,66.927,0,0,17,223,1,18,0
16-06 11:59:49,62.204,10.948,22.145,3.235,0,4647384,145812,172204,3005668,13221.044,9681.897,6827.489,1210.237,372.228,59.716,5779,5858,2.160,1.870,1.110,4,1,22.891,0,0,17,231,1,18,0
16-06 11:59:50,59.922,18.379,20.897,0.755,0,4648988,152828,172244,2997356,5461.430,2375.717,874.151,2622.453,123.872,157.105,6860,8972,2.160,1.870,1.110,4,0,176.240,0,0,17,229,1,23,0
16-06 11:59:51,31.680,27.689,38.915,0,0,4695504,160568,172252,2944864,10035.969,7340.885,3.991,8816.646,0.998,28.936,6634,6160,2.160,1.870,1.110,3,0,409.102,0,0,17,230,1,23,0
16-06 11:59:52,36.892,19.443,42.626,0.249,0,4618432,235716,172256,2946992,10063.648,6905.858,155.546,1651.184,8.974,193.436,7362,10008,2.160,1.870,1.110,7,0,221.354,0,0,17,229,1,22,0
16-06 11:59:53,59.105,27.918,12.324,0,0,4738180,168740,172256,2895068,4643.897,1575.464,72.435,804.835,5.030,50.302,6972,7426,2.630,1.970,1.150,4,0,504.028,0,0,17,233,1,22,0
16-06 11:59:54,52.032,24.265,22.264,0.500,0.250,4783468,186668,172272,2832960,14085.779,11460.143,1072.669,1004.626,50.031,60.037,7543,10131,2.630,1.970,1.150,2,0,320.200,0,0,17,236,1,22,0
16-06 11:59:55,57.746,24.998,15.999,0.250,0,4816320,151140,172276,2835176,6618.486,2793.783,299.977,655.949,13.999,51.996,7308,10987,2.630,1.970,1.150,4,0,385.970,0,0,17,237,1,25,0
16-06 11:59:56,56.839,25.069,16.878,0.248,0.248,4905080,137480,172288,2762008,10575.440,7321.993,182.678,623.486,8.935,38.720,7272,8935,2.630,1.970,1.150,9,0,352.448,0,0,17,240,1,24,0
16-06 11:59:57,52.336,23.038,23.539,0.250,0,4901532,175040,172288,2729256,10716.664,6739.108,997.644,797.314,30.050,51.084,8149,17491,2.630,1.970,1.150,8,0,266.439,0,0,17,245,1,25,0
16-06 11:59:58,65.072,13.014,21.274,0,0,5067732,118448,172288,2622228,5641.257,2235.479,376.417,608.675,8.009,19.021,4897,4091,2.980,2.050,1.180,3,0,3.003,0,0,17,246,1,25,0
16-06 11:59:59,50.680,9.785,37.132,1.004,0,5126512,125136,172292,2558464,22499.031,18354.288,1043.713,16819.830,79.282,1190.234,6400,7587,2.980,2.050,1.180,3,0,11.039,0,0,17,250,1,30,1
16-06 12:00:00,63.453,10.742,24.232,0.500,0,5150192,129660,172296,2530944,7829.234,4040.025,1163.143,5324.079,31.976,72.946,4966,3973,2.980,2.050,1.180,6,0,22.983,0,0,17,257,1,30,0
16-06 12:00:01,44.947,28.966,24.971,0.499,0,5115536,160436,172420,2534676,14356.201,9614.750,4650.558,1469.281,68.919,70.917,8085,9356,2.980,2.050,1.180,3,0,548.358,0,0,17,258,1,30,0
16-06 12:00:02,53.088,24.791,21.285,0.250,0,5100544,175132,172420,2535300,10650.661,4453.385,560.930,881.462,6.010,28.047,6403,7267,2.980,2.050,1.180,5,0,343.570,0,0,17,257,1,31,0
16-06 12:00:03,67.029,21.519,10.388,0,0,5175280,124948,172420,2511476,11745.654,7266.832,997.273,1183.272,22.755,64.308,6246,7247,3.540,2.190,1.230,5,0,236.456,0,0,18,265,1,32,0
16-06 12:00:04,75.073,14.612,9.069,0.504,0,5192420,190124,172428,2432756,10432.645,6776.735,3075.479,16433.456,146.115,1012.731,7231,8169,3.540,2.190,1.230,5,0,26.200,0,0,18,264,1,30,0
16-06 12:00:05,85.011,13.040,1.755,0.502,0,5328404,124836,172452,2364200,5493.885,1860.719,1083.329,3992.270,42.129,233.718,5696,5007,3.540,2.190,1.230,4,0,16.049,0,0,18,271,1,30,0
16-06 12:00:06,46.575,16.936,34.371,0.747,0,5363592,131788,172456,2324148,15792.544,12604.546,980.309,1032.114,23.910,84.681,7094,9642,3.540,2.190,1.230,3,0,219.175,0,0,18,272,1,32,0
16-06 12:00:07,42.576,10.018,46.583,0,0,5356188,139052,172456,2324288,13836.559,3487.189,512.910,312.555,4.007,20.036,3547,2219,3.540,2.190,1.230,3,0,14.025,0,0,18,273,1,32,0
16-06 12:00:08,39.587,9.771,49.108,0,0,5372808,131756,172456,2316236,7114295.290,128430.660,769.688,368.809,6.013,30.066,11706,7118,3.420,2.180,1.230,2,0,7.015,0,0,18,276,1,31,0
16-06 12:00:09,40.089,18.177,37.848,0.747,0,5335936,176260,172460,2309732,9969123.540,160883.257,2792.790,3553.736,30.876,125.496,17240,11231,3.420,2.180,1.230,3,0,266.929,0,0,18,276,1,32,0
16-06 12:00:10,41.381,6.980,50.355,0.249,0,5428388,127096,172464,2266972,7556.204,5341.592,3.988,370.930,0.997,35.896,3425,2442,3.420,2.180,1.230,3,0,1.994,0,0,18,280,1,32,0
16-06 12:00:11,32.704,3.773,62.640,0.252,0,5430116,125332,172464,2267012,21797.697,17767.608,0,418.606,0,47.294,4521,4970,3.420,2.180,1.230,3,0,0,0,0,18,284,1,34,0
16-06 12:00:12,28.061,6.456,64.316,0.248,0,5427220,127736,172464,2267504,412242.969,16288308.010,460.892,389.374,27.812,33.772,5400,3630,3.420,2.180,1.230,3,0,5.960,0,0,18,282,1,33,0
16-06 12:00:13,29.311,4.259,64.384,0.501,0,5453516,127932,172472,2241740,7811557.810,44961.334,32.067,521.082,1.002,49.102,7209,6939,3.220,2.160,1.230,2,0,1.002,0,0,18,289,1,33,0
16-06 12:00:14,25.612,11.801,61.267,0.753,0,5263764,301412,172472,2257980,8783056.264,83772.707,68.297,17367.610,5.022,102.446,8621,7089,3.220,2.160,1.230,2,0,135.590,0,0,18,284,1,37,0
16-06 12:00:15,10.222,19.447,67.564,0,0,5281840,283288,172472,2258028,4607.327,1657.441,15.956,410.870,1.995,19.945,5651,4676,3.220,2.160,1.230,2,0,366.991,0,0,18,284,1,37,0
16-06 12:00:16,23.040,3.757,73.128,0,0,5358184,206944,172472,2258028,5169.045,1622.840,0,308.540,0,15.026,1926,1560,3.220,2.160,1.230,3,0,0,0,0,18,284,1,35,0
16-06 12:00:17,11.995,14.993,70.218,0.500,0,5348800,216300,172472,2258056,5086.683,1585.278,0,1367.377,0,84.961,4516,3560,3.220,2.160,1.230,3,0,188.914,0,0,18,284,1,35,0
16-06 12:00:18,8.506,20.265,69.300,0,0,5342784,222292,172472,2258080,4669.349,1609.154,0,204.146,0,19.014,5032,3629,3.200,2.180,1.240,2,0,253.182,0,0,18,284,1,35,0
16-06 12:00:19,10.223,16.207,71.811,0,0,5335048,229904,172472,2258204,4446.313,1454.178,91.759,251.339,5.984,23.937,4730,3838,3.200,2.180,1.240,1,0,228.400,0,0,18,288,1,35,0
16-06 12:00:20,5.264,3.008,90.489,0.251,0,5328740,236208,172472,2258208,4979.175,1570.155,0,80.212,0,10.027,1419,1500,3.200,2.180,1.240,2,0,9.024,0,0,18,288,1,35,0
16-06 12:00:21,20.733,3.247,74.937,0,0,5360228,204720,172472,2258208,6797.303,3517.052,0,0,0,0,1995,1465,3.200,2.180,1.240,1,0,0,0,0,18,289,1,34,0
16-06 12:00:22,19.980,3.247,75.423,0,0,5328956,235972,172472,2258228,12044.687,8417.395,63.935,3.996,3.996,0.999,2567,2082,3.200,2.180,1.240,2,0,27.971,0,0,18,292,1,35,0
16-06 12:00:23,11.793,17.313,69.003,0.251,0,5323248,241532,172476,2258396,5016.369,1463.358,24.088,369.352,3.011,39.143,5306,4324,3.030,2.160,1.240,1,0,195.717,0,0,18,292,1,35,0
16-06 12:00:24,16.464,16.963,64.360,0.249,0,5316744,247764,172476,2258668,4328.604,1524.691,0,574.752,0,57.874,5526,4777,3.030,2.160,1.240,3,0,175.619,0,0,18,298,1,35,0
16-06 12:00:25,11.017,17.026,69.857,0,0,5309724,254560,172476,2258876,4635.069,1460.227,0,144.220,0,10.015,4676,3305,3.030,2.160,1.240,1,0,141.215,0,0,18,298,1,34,0
16-06 12:00:26,18.973,7.989,71.650,0,0,5362532,201740,172476,2258888,4525.678,1551.832,3.994,151.788,0.999,9.986,2676,2076,3.030,2.160,1.240,2,0,65.908,0,0,18,298,1,34,0
16-06 12:00:27,28.313,5.763,64.895,0.251,0.251,5429936,133992,172476,2259068,4813.741,1569.502,272.608,364.814,9.020,23.051,3168,12863,3.030,2.160,1.240,1,0,36.081,0,0,18,298,1,35,0
16-06 12:00:28,24.262,2.751,72.536,0.500,0,5437996,125956,172476,2259200,4654.326,1512.756,284.142,232.116,11.005,29.014,2567,2340,2.860,2.140,1.240,2,0,4.002,0,0,18,302,1,35,0
16-06 12:00:29,23.146,3.733,71.926,0,0,5332084,231852,172476,2259216,4668.957,1612.732,23.892,449.972,3.982,26.879,2187,1777,2.860,2.140,1.240,4,0,4.978,0,0,18,298,1,34,0
16-06 12:00:30,22.528,4.005,72.592,0,0,5388748,175156,172476,2259248,4445.604,1622.045,0,64.081,0,7.009,2251,1939,2.860,2.140,1.240,3,0,5.006,0,0,18,298,1,34,0
16-06 12:00:31,12.974,1.996,84.082,0.250,0,5399552,164348,172476,2259252,18156.692,15193.618,0,91.816,0,9.980,2102,1985,2.860,2.140,1.240,2,0,0,0,0,18,301,1,35,0
16-06 12:00:32,24.274,4.254,70.568,0.250,0,5348596,215284,172476,2259272,10474.146,6939.722,0,144.140,0,18.017,2588,2036,2.860,2.140,1.240,2,0,22.021,0,0,18,298,1,36,0
16-06 12:00:33,23.014,3.752,72.546,0,0,5413540,150328,172476,2259284,4803.025,1621.021,16.010,180.113,1.001,18.011,2108,1858,2.720,2.120,1.240,2,0,0,0,0,18,298,1,36,0
16-06 12:00:34,21.820,5.769,70.727,0.251,0,5337068,226648,172476,2259436,4695.068,1625.216,4.013,7138.911,1.003,919.952,3172,2624,2.720,2.120,1.240,1,0,73.235,0,0,18,298,1,36,0
16-06 12:00:35,10.002,19.755,68.516,0,0,5323484,240076,172480,2259588,4561.056,1620.375,416.096,1520.352,7.002,89.021,5500,4212,2.720,2.120,1.240,1,0,324.075,0,0,18,298,1,36,0
16-06 12:00:36,13.674,13.674,70.858,0,0,5348000,215544,172480,2259604,4745.733,1503.677,0,167.075,0,8.950,4081,3009,2.720,2.120,1.240,2,0,187.960,0,0,18,298,1,36,0
16-06 12:00:37,18.739,3.748,76.954,0.250,0,5354996,208516,172496,2259620,10529.642,3666.786,3.998,335.797,0.999,14.991,2129,1659,2.720,2.120,1.240,2,0,32.980,0,0,18,299,1,36,0
16-06 12:00:38,22.274,4.255,72.827,0.250,0,5348684,208548,172548,2265736,6253.648,2526.686,4.004,1001.064,1.001,27.029,2330,1994,2.580,2.100,1.240,4,0,3.003,0,0,18,298,1,36,0
16-06 12:00:39,24.529,7.008,66.078,0,0,5364660,191160,172572,2267076,4851.746,1567.857,0,17236.414,0,53.063,10821,19759,2.580,2.100,1.240,3,0,13.015,0,0,18,300,1,36,0
16-06 12:00:40,18.047,4.512,74.443,0.251,0,5353188,202332,172576,2267372,11180.037,4464.596,148.385,533.385,7.018,18.047,9481,17955,2.580,2.100,1.240,2,0,10.026,0,0,18,301,1,36,0
16-06 12:00:41,22.204,4.491,72.598,0,0,5345372,208924,172608,2268564,6185.069,1570.716,0,526.898,0,13.971,2270,1728,2.580,2.100,1.240,2,0,10.977,0,0,18,301,1,36,0
16-06 12:00:42,12.516,16.772,69.091,0.501,0,5306600,254844,172640,2261448,6052.968,1816.391,0,1153.518,0,33.043,4988,3921,2.580,2.100,1.240,2,0,268.353,0,0,18,300,1,36,0
16-06 12:00:43,23.191,4.239,71.819,0,0,5371012,190396,172640,2261484,6242.251,1528.144,31.919,135.658,0.997,14.962,2244,1893,2.530,2.100,1.240,5,0,0,0,0,18,300,1,36,0
16-06 12:00:44,21.281,3.255,72.605,0.501,0,5392200,168988,172640,2261704,12585.145,10071.521,0,2627.789,0,142.205,2804,3202,2.530,2.100,1.240,1,0,3.004,0,0,18,303,1,37,0
16-06 12:00:45,20.466,9.734,68.137,0.250,0,5383640,177416,172640,2261836,6875.556,3364.400,107.821,183.694,6.988,11.980,3848,3313,2.530,2.100,1.240,3,0,118.802,0,0,18,302,1,39,0
16-06 12:00:46,19.816,3.763,75.252,0,0,5433704,127344,172640,2261844,7256.264,7136.865,0,204.684,0,19.064,2243,2043,2.530,2.100,1.240,1,0,1.003,0,0,18,303,1,39,0
16-06 12:00:47,19.240,6.996,72.463,0,0,5406704,154332,172640,2261856,11655.995,4660.599,0,119.938,0,8.995,2927,2183,2.530,2.100,1.240,2,0,69.964,0,0,18,302,1,40,0
16-06 12:00:48,22.988,3.498,72.461,0.250,0,5420248,141304,172640,2261348,4857.375,1860.994,0,179.903,0,13.992,2030,1532,2.410,2.080,1.240,1,0,0,0,0,18,302,2,40,0
16-06 12:00:49,19.458,1.497,77.833,0,0,5415208,146328,172640,2261364,18048.342,14486.970,0,95.795,0,10.976,2215,2055,2.410,2.080,1.240,2,0,0,0,0,18,302,1,40,0
16-06 12:00:50,20.538,7.013,71.631,0,0,5380600,180928,172640,2261372,4313.915,1622.978,0,4.007,0,1.002,2644,2001,2.410,2.080,1.240,2,0,56.103,0,0,18,302,1,40,0
16-06 12:00:51,17.978,2.497,78.156,0,0,5400692,160696,172640,2261512,15133.784,11958.606,0,0,0,0,2123,1837,2.410,2.080,1.240,2,0,0,0,0,18,302,1,43,0
16-06 12:00:52,21.500,5.500,71.500,0,0,5415176,146208,172640,2261516,4548.987,1585.996,0,4.000,0,1.000,2377,1737,2.410,2.080,1.240,2,0,32.000,0,0,18,302,1,43,0
16-06 12:00:53,19.026,2.754,76.606,0.501,0,5421244,140276,172640,2261388,9779.501,7197.937,112.155,216.299,5.007,24.033,2298,2323,2.300,2.060,1.240,1,0,0,0,0,18,303,1,37,0
16-06 12:00:54,15.985,4.995,76.678,0.250,0,5375500,186004,172640,2261404,9075.470,5855.497,0,815.234,0,80.924,3242,3679,2.300,2.060,1.240,3,0,46.956,0,0,18,302,1,38,0
16-06 12:00:55,22.715,4.243,72.139,0,0,5406824,154676,172640,2261408,4391.238,1455.758,0,187.711,0,13.978,2170,1695,2.300,2.060,1.240,3,0,0.998,0,0,18,302,1,38,0
16-06 12:00:56,18.543,3.508,77.432,0,0,5338264,223232,172640,2261412,15301.873,11910.923,0,148.348,0,10.023,2362,1942,2.300,2.060,1.240,4,0,19.045,0,0,18,302,1,41,0
16-06 12:00:57,20.989,6.247,71.962,0.250,0,5370996,190488,172640,2261424,4772.506,1457.239,0,503.737,0,32.983,2395,2009,2.300,2.060,1.240,3,0,12.993,0,0,18,302,1,36,0
16-06 12:00:58,15.509,2.251,80.549,0,0,5385400,176080,172640,2261428,13552.178,9788.907,0,100.060,0,11.007,1920,1609,2.190,2.040,1.240,2,0,0,0,0,18,303,1,36,0
16-06 12:00:59,14.013,11.260,72.317,0.500,0,5352124,209300,172640,2261484,8441.847,4177.884,0,436.406,0,37.034,4185,3715,2.190,2.040,1.240,2,0,145.135,0,0,18,302,1,37,0
16-06 12:01:00,4.245,3.246,89.401,1.498,0,5345524,214652,173216,2262156,12247.495,4927.567,1122.762,2549.189,250.724,378.583,2149,2301,2.190,2.040,1.240,1,0,34.961,0,0,18,304,1,37,0
16-06 12:01:01,5.742,9.236,83.127,0.250,0.250,5337644,222448,173248,2262208,18853.146,4207.783,0,263.611,0,18.972,3117,2539,2.190,2.040,1.240,1,0,124.816,0,0,18,304,1,31,0
16-06 12:01:02,6.515,11.276,80.689,0,0,5328476,231556,173252,2262264,8080.945,2571.027,0,192.451,0,14.033,3556,2842,2.190,2.040,1.240,2,0,147.345,0,0,18,302,1,32,0
16-06 12:01:03,17.268,9.009,71.073,0.751,0,5352764,198660,173772,2270352,4642.768,1459.499,1009.036,1013.040,93.096,30.031,3166,2764,2.100,2.020,1.230,2,0,67.069,0,0,18,302,1,32,0
16-06 12:01:04,20.917,2.739,74.456,0.249,0,5360080,187080,173980,2274204,10672.868,3678.479,3.984,1314.810,0.996,45.819,2417,2354,2.100,2.020,1.230,3,0,15.937,0,0,18,303,1,32,0
16-06 12:01:05,18.306,4.514,76.232,0.502,0,5351036,192136,174072,2278084,10704.620,4056.361,0,3157.622,0,181.553,2441,2141,2.100,2.020,1.230,3,0,14.043,0,0,18,302,1,32,0
16-06 12:01:06,9.760,18.518,68.067,1.001,0,5293360,246896,174204,2280820,5415.310,1621.590,1465.437,2506.458,24.024,92.090,5708,4773,2.100,2.020,1.230,2,0,290.285,0,0,18,302,1,29,0
16-06 12:01:07,22.833,4.219,72.223,0,0,5358964,181288,174204,2280824,5318.220,1608.272,0,0,0,0,2045,1515,2.100,2.020,1.230,2,0,0,0,0,18,302,1,29,0
16-06 12:01:08,19.829,1.757,77.058,0,0,5373520,166712,174204,2280844,28402.535,24987.885,0,180.722,0,17.068,2453,2213,2.010,2.010,1.230,2,0,0,0,0,18,302,1,31,0
16-06 12:01:09,21.235,6.995,70.951,0.250,0,5394792,145424,174204,2280860,4796.706,1618.888,0,423.709,0,46.968,2739,2481,2.010,2.010,1.230,2,0,46.968,0,0,18,302,1,31,0
16-06 12:01:10,18.802,2.256,77.714,0,0,5411412,128572,174204,2281092,12104.386,9169.291,224.620,184.509,14.039,4.011,2160,1803,2.010,2.010,1.230,2,0,0,0,0,18,303,1,29,0
16-06 12:01:11,20.471,5.492,72.897,0,0,5371516,168340,174204,2281220,5470.262,2784.062,127.819,0,6.990,0,2267,1740,2.010,2.010,1.230,3,0,13.980,0,0,18,302,1,30,0
16-06 12:01:12,19.223,2.247,77.142,0,0.250,5400240,139612,174204,2281224,10028.941,7881.951,0,0,0,0,2108,1856,2.010,2.010,1.230,1,0,0,0,0,18,303,1,30,0
16-06 12:01:13,25.559,4.260,67.906,1.503,0,5361684,176252,174204,2283124,6652.310,3023.960,1683.875,1294.980,60.138,152.351,5644,8007,1.850,1.970,1.230,2,0,6.014,0,0,18,304,1,31,0
16-06 12:01:14,22.708,3.993,70.868,0,0,5410880,127052,174204,2283128,4431.747,1616.989,0,586.907,0,46.913,2412,2258,1.850,1.970,1.230,1,0,0,0,0,18,304,1,27,0
16-06 12:01:15,16.804,5.769,76.748,0.752,0,5348344,304708,155712,2199236,14185.903,11135.031,228.740,2488.051,12.039,70.227,3016,3136,1.850,1.970,1.230,2,0,1.003,0,0,18,305,1,27,0
16-06 12:01:16,19.434,13.205,64.031,0.997,0,5279128,373652,155760,2199460,5688.534,2674.847,115.604,865.040,5.980,96.669,5468,6471,1.850,1.970,1.230,1,1,135.536,0,0,18,304,1,28,0
16-06 12:01:17,8.268,23.302,66.148,0.251,0,5284300,368440,155780,2199480,5368.984,1697.790,0,489.092,0,35.078,5841,4341,1.850,1.970,1.230,2,0,389.870,0,0,18,304,1,28,0
16-06 12:01:18,7.749,23.248,66.494,0,0.250,5282728,369988,155788,2199496,4457.575,1457.861,0,495.953,0,31.997,5786,4342,1.700,1.940,1.220,3,0,373.964,0,0,18,304,1,25,0
16-06 12:01:19,9.271,23.053,65.903,0.251,0,5286980,365632,155868,2199520,5051.708,1693.926,4.009,2950.839,1.002,183.425,6380,5519,1.700,1.940,1.220,1,0,411.955,0,0,18,304,1,25,0
16-06 12:01:20,7.999,22.498,66.495,0,0,5278876,373708,155872,2199544,4313.660,1133.911,0,207.984,0,17.999,5728,4314,1.700,1.940,1.220,1,0,373.971,0,0,18,304,1,25,0
16-06 12:01:21,8.250,22.499,67.248,0,0,5280544,372020,155872,2199564,3825.889,863.975,0,35.999,0,9.000,5659,4147,1.700,1.940,1.220,2,0,371.989,0,0,18,304,1,25,0
16-06 12:01:22,8.486,22.462,67.386,0,0,5279420,373120,155876,2199584,4854.755,1605.274,3.993,43.925,0.998,10.981,5734,4336,1.700,1.940,1.220,4,0,396.327,0,0,18,304,1,25,0
16-06 12:01:23,9.015,22.538,66.363,0.501,0,5280464,372044,155880,2199612,4507.699,1622.772,0,256.438,0,22.038,5866,4623,1.640,1.930,1.220,3,0,354.606,0,0,18,304,1,25,0
16-06 12:01:24,8.736,23.211,66.140,0,0,5279704,372732,155924,2199640,4552.448,1617.317,0,571.053,0,52.912,6421,5506,1.640,1.930,1.220,1,0,436.276,0,0,18,304,1,25,0
16-06 12:01:25,9.264,22.534,66.351,0.751,0,5270828,381520,155972,2199680,4578.985,1514.310,16.024,1746.664,1.002,105.160,6238,5244,1.640,1.930,1.220,3,0,414.632,0,0,18,304,1,25,0
16-06 12:01:26,12.948,14.442,70.467,0.249,0,5285980,408404,155992,2159468,4601.524,1613.521,3.984,2709.122,0.996,339.636,4548,3643,1.640,1.930,1.220,3,0,213.144,0,0,18,304,1,24,0
16-06 12:01:27,20.775,6.007,71.838,0,0,5297056,458724,156012,2106420,5003.133,1621.988,4.005,2018.474,1.001,16.020,2305,1985,1.640,1.930,1.220,4,0,5.006,0,0,18,304,1,24,0
16-06 12:01:28,24.522,6.005,68.311,0.500,0,5331716,421708,156088,2108700,13155.704,5996.335,112.100,3306.942,16.014,91.081,3489,9466,1.830,1.960,1.230,1,0,51.045,0,0,18,305,1,25,0
16-06 12:01:29,13.486,1.498,82.413,1.249,0,5344028,407848,156280,2110044,25907.628,15119.026,958.987,1674.231,68.927,57.939,1835,1880,1.830,1.960,1.230,1,0,0,0,0,18,305,1,25,0
16-06 12:01:30,14.978,1.747,81.630,0.499,0,5367720,382900,156392,2111184,17588.201,10034.281,930.635,1022.500,50.925,32.952,1811,1687,1.830,1.960,1.230,2,0,1.997,0,0,18,305,1,24,0
16-06 12:01:31,16.488,1.749,79.690,0.999,0,5373920,375088,156416,2112768,23643.320,13012.270,1398.954,1670.751,60.954,49.963,1936,1708,1.830,1.960,1.230,2,0,0,0,0,18,305,1,24,0
16-06 12:01:32,17.013,2.502,77.560,1.251,0,5367980,351428,156452,2142316,20433.734,11425.798,12609.710,1212.934,161.124,39.030,2140,1858,1.830,1.960,1.230,2,0,6.005,0,0,18,305,1,24,0
16-06 12:01:33,23.244,3.249,71.981,0.750,0,5368988,335312,156628,2157208,4396.866,1499.613,0,1667.570,0,77.980,2381,2139,1.760,1.940,1.230,2,0,1.000,0,0,18,305,1,24,0
16-06 12:01:34,24.031,3.254,70.840,0.751,0,5371768,316436,156844,2172700,4643.929,1529.953,0,1954.495,0,67.086,2695,2838,1.760,1.940,1.230,2,0,0,0,0,18,305,1,22,0
16-06 12:01:35,22.959,3.494,72.121,0.499,0,5390448,278396,156908,2191832,4689.613,1455.397,0,2263.951,0,96.827,2503,2442,1.760,1.940,1.230,1,1,0.998,0,0,18,305,1,22,0
16-06 12:01:36,21.530,4.256,71.351,1.502,0,5382468,271364,157412,2206156,4944.990,1460.064,0,22611.961,0,408.578,2757,2642,1.760,1.940,1.230,2,0,0,0,0,18,305,1,22,0
16-06 12:01:37,22.475,2.997,72.419,0.749,0,5383252,245420,157768,2230576,5368.987,1456.369,0,1981.781,0,66.925,2305,2078,1.760,1.940,1.230,1,1,0,0,0,18,305,1,22,0
16-06 12:01:38,23.301,4.009,72.159,0.501,0,5333704,307428,158104,2217608,5051.123,1635.602,0,1423.134,0,67.148,2507,2288,1.780,1.940,1.240,2,0,2.004,0,0,18,304,1,22,0
16-06 12:01:39,21.551,5.764,70.918,0,0,5375228,263268,158148,2220192,11216.610,4355.333,4.010,1014.407,1.002,33.078,2671,2307,1.780,1.940,1.240,7,0,36.086,0,0,18,305,1,22,0
16-06 12:01:40,41.704,10.239,46.948,0.250,0,5408612,225608,158172,2224368,5557.803,1792.002,1114.757,1126.744,16.981,12.986,10175,16287,1.780,1.940,1.240,3,0,13.984,0,0,18,304,1,22,0
16-06 12:01:41,29.689,7.734,60.875,0,0,5386812,246372,158172,2225380,5269.203,1732.450,259.468,323.337,2.994,5.988,7678,12443,1.780,1.940,1.240,3,0,15.967,0,0,18,304,1,22,0
16-06 12:01:42,20.498,6.749,70.994,0.250,0,5393132,247240,158208,2218156,6136.517,1693.867,0,3427.730,0,240.981,6237,10029,1.780,1.940,1.240,2,0,14.999,0,0,18,304,1,22,0
16-06 12:01:43,22.840,4.518,71.282,0,0,5380980,259452,158232,2218088,5541.926,1700.729,0,594.351,0,14.056,3168,2949,1.720,1.930,1.230,3,0,51.203,0,0,18,304,1,22,0
16-06 12:01:44,23.873,5.968,68.138,0.249,0,5366004,274372,158264,2218112,5254.084,1726.825,0,736.089,0,39.789,11192,19987,1.720,1.930,1.230,5,0,23.873,0,0,18,304,1,22,0
16-06 12:01:45,17.751,3.000,77.505,0.250,0,5370436,263996,158292,2224016,11374.773,4635.315,16.001,1388.094,1.000,24.002,2156,1875,1.720,1.930,1.230,3,0,19.001,0,0,18,304,1,22,0
16-06 12:01:46,23.779,5.757,68.084,0.250,0,5393320,239664,158296,2225420,5286.521,1696.092,0,312.385,0,13.016,9129,17130,1.720,1.930,1.230,2,0,15.019,0,0,18,304,1,22,0
16-06 12:01:47,22.954,8.233,66.616,0,0,5403320,229480,158304,2225596,5511.950,1562.867,19.960,510.976,1.996,9.980,10149,18026,1.720,1.930,1.230,2,0,15.968,0,0,18,304,1,19,0
16-06 12:01:48,24.034,6.259,68.848,0.250,0,5339924,300280,158364,2218196,4718.714,1588.260,0,1510.149,0,49.070,2908,2602,1.660,1.910,1.230,2,0,15.021,0,0,18,304,1,22,0
16-06 12:01:49,21.468,6.241,71.143,0,0,5327032,313160,158368,2218204,4962.556,1657.514,0,151.772,0,6.990,2831,2170,1.660,1.910,1.230,2,0,69.895,0,0,18,304,1,22,0
16-06 12:01:50,21.766,4.754,71.804,0,0,5329768,301588,158904,2226472,4489.348,1567.169,0,8.006,0,2.001,2614,2199,1.660,1.910,1.230,2,0,43.032,0,0,18,304,1,22,0
16-06 12:01:51,19.788,2.505,76.398,0.250,0,5345336,283100,159104,2229088,10391.175,3700.184,4.008,1530.973,1.002,21.041,2050,1674,1.660,1.910,1.230,2,0,16.031,0,0,18,304,1,20,0
16-06 12:01:52,14.263,1.251,82.574,0.250,0,5357588,270416,159136,2229468,25715.976,13555.111,0,1413.263,0,44.039,1703,1604,1.660,1.910,1.230,2,0,0,0,0,18,305,1,20,0
16-06 12:01:53,11.747,1.750,84.232,1.000,0,5358092,269296,159176,2230016,161934.035,17873.141,0,2039.560,0,93.980,2277,2518,1.530,1.880,1.230,2,0,0,0,0,18,306,1,20,0
16-06 12:01:54,18.472,1.747,77.881,0.998,0,5379732,247372,159268,2230204,26740.304,13278.791,0,1793.271,0,82.874,2371,2466,1.530,1.880,1.230,3,0,0,0,0,18,306,1,20,0
16-06 12:01:55,14.741,1.249,82.199,0.500,0,5387108,239560,159292,2230596,47295.701,11746.723,31.980,1159.282,0.999,42.973,1883,1751,1.530,1.880,1.230,1,1,0.999,0,0,18,306,1,16,0
16-06 12:01:56,8.999,2.000,85.743,1.250,0,5385692,240268,159444,2231140,367736.936,23742.188,27.998,2851.782,4.000,122.991,2311,2560,1.530,1.880,1.230,1,0,0,0,0,18,306,1,16,0
16-06 12:01:57,14.241,1.749,81.448,0.999,0,5386228,239008,159664,2231636,75311.266,18011.584,103.934,3337.884,5.996,283.820,2070,2049,1.530,1.880,1.230,2,0,0,0,0,18,306,1,16,0
16-06 12:01:58,6.517,2.256,88.235,0.251,0,5382716,226868,159716,2247220,3883508.204,59266.666,0,2426.455,0,49.131,3975,3202,1.490,1.870,1.220,2,0,2.005,0,0,18,306,1,16,0
16-06 12:01:59,6.233,2.992,86.516,0.249,0,5376076,217304,159860,2263244,8175056.978,82933.761,87.763,4978.539,6.981,26.927,4674,3367,1.490,1.870,1.220,2,0,1.995,0,0,18,306,1,12,0
16-06 12:02:00,11.021,3.256,83.411,1.002,0,5391040,181028,160056,2284260,6579216.711,62782.264,164.317,13510.095,4.008,75.145,4316,3382,1.490,1.870,1.220,3,0,1.002,0,0,18,306,1,12,0
16-06 12:02:01,22.951,2.994,71.847,0.748,0,5401328,155084,162476,2297300,6107.013,1690.405,0,15746.514,0,161.656,2401,2222,1.490,1.870,1.220,2,0,0.998,0,0,18,306,1,12,0
16-06 12:02:02,22.743,2.999,72.726,0.500,0,5406480,130652,163352,2315260,6960.745,1565.493,0,1655.464,0,48.984,2189,1913,1.490,1.870,1.220,2,0,0,0,0,18,306,1,12,0
16-06 12:02:03,23.147,4.780,70.447,0.252,0,5384224,184404,161984,2285524,5192.928,1630.338,0,1046.637,0,33.211,2400,1971,1.450,1.850,1.220,2,0,0,0,0,18,306,1,10,0
16-06 12:02:04,22.998,7.499,68.245,1.000,0,5386664,142340,163008,2323960,5085.598,1565.876,0,90864.812,0,894.929,3676,3647,1.450,1.850,1.220,3,0,0,0,0,18,306,1,10,0
16-06 12:02:05,23.119,3.978,70.352,1.243,0,5368508,137772,164028,2345240,4983.812,1503.496,27.843,54094.049,6.961,443.492,3337,3423,1.450,1.850,1.220,2,0,0.994,0,0,18,306,1,10,0
16-06 12:02:06,23.965,4.493,70.897,0.499,0,5389600,143424,163744,2318956,5380.202,1563.734,0,770.883,0,38.944,2526,2192,1.450,1.850,1.220,2,0,0,0,0,18,306,1,10,0
16-06 12:02:07,23.798,3.507,71.144,0.501,0,5384084,167512,163072,2301256,5594.291,1569.167,0,3178.415,0,62.125,2458,2094,1.450,1.850,1.220,1,1,0,0,0,18,306,1,10,0
16-06 12:02:08,24.015,3.252,70.795,0.750,0,5402196,168624,164016,2280852,5459.460,1861.180,64.041,3306.095,4.003,248.157,2856,2980,1.410,1.840,1.220,2,0,0,0,0,18,304,1,10,0
16-06 12:02:09,23.513,5.253,70.039,0.250,0,5354512,216168,164024,2280916,4802.646,1620.893,24.013,1276.703,1.001,43.024,2766,2516,1.410,1.840,1.220,2,0,35.019,0,0,18,304,1,10,0
16-06 12:02:10,20.248,4.749,72.492,0.250,0,5349848,214608,164128,2287084,11058.825,4572.514,0,91426.289,0,834.911,3936,3946,1.410,1.840,1.220,2,0,4.000,0,0,18,304,1,10,0
16-06 12:02:11,23.209,6.488,69.377,0.250,0,5394940,168332,164152,2288196,4312.327,1617.122,0,503.105,0,7.986,8784,16364,1.410,1.840,1.220,2,0,13.975,0,0,18,304,1,6,0
16-06 12:02:12,22.013,6.504,69.290,0,0,5387160,175956,164184,2288320,4897.854,1458.850,0,88.051,0,1.001,9988,18044,1.410,1.840,1.220,2,0,6.003,0,0,18,304,1,6,0
16-06 12:02:13,19.723,6.990,72.401,0,0,5388812,174192,164204,2288412,4611.711,1509.941,0,2748.252,0,30.958,2305,1735,1.380,1.820,1.220,2,0,13.981,0,0,18,304,1,6,0
16-06 12:02:14,23.030,5.007,70.343,0.250,0,5360384,209984,164240,2281028,4429.847,1501.982,4.005,1117.475,1.001,36.048,2585,2301,1.380,1.820,1.220,2,0,6.008,0,0,18,304,1,6,0
16-06 12:02:15,20.813,3.761,71.467,3.009,0,5382496,182508,164652,2285980,4826.671,1655.031,2700.207,2471.512,332.009,104.317,2782,2911,1.380,1.820,1.220,3,0,1.003,0,0,18,304,1,5,0
16-06 12:02:16,23.796,4.258,68.882,1.002,0,5380712,183308,164736,2286880,4955.501,1623.112,428.822,2568.925,32.061,127.244,5921,7970,1.380,1.820,1.220,2,0,0,0,0,18,308,1,10,0
16-06 12:02:17,21.460,9.483,65.379,1.497,0,5315784,247136,164912,2287804,5287.247,1690.881,666.770,1628.995,31.941,229.577,6286,8189,1.380,1.820,1.220,3,0,86.840,0,0,18,306,1,10,0
16-06 12:02:18,8.233,21.456,67.610,0.499,0,5314960,247880,164924,2287872,4969.740,1616.662,11.975,1361.190,1.996,86.821,5557,4350,1.350,1.810,1.220,2,0,306.368,0,0,18,306,1,10,0
16-06 12:02:19,11.999,9.249,69.745,7.749,0,5311036,232600,164932,2307068,5025.672,1565.898,19230.745,2727.822,1424.907,344.977,4596,5198,1.350,1.810,1.220,1,1,55.996,0,0,18,306,1,11,0
16-06 12:02:20,8.787,4.268,72.556,12.051,0,5300616,216036,164996,2333988,5127.647,2646.171,26989.942,3747.822,2208.323,165.700,4505,6846,1.350,1.810,1.220,0,0,6.025,0,0,18,307,1,11,0
16-06 12:02:21,1.495,0.748,97.194,0,0,5297296,219344,165008,2333988,9948.650,3057.366,0,586.153,0,10.965,948,1361,1.350,1.810,1.220,2,0,0,0,0,18,307,1,11,0
16-06 12:02:22,2.001,1.000,95.288,0,0,5294864,221536,165084,2334152,94094.002,5605.264,92.037,20.008,1.000,5.002,1120,1397,1.350,1.810,1.220,1,0,2.001,0,0,18,307,1,11,0
16-06 12:02:23,3.996,2.747,91.648,0,0,5283976,232064,165156,2334440,36690.970,125779.345,511.428,938.950,21.975,15.982,1765,2054,1.240,1.780,1.210,1,0,24.972,0,0,18,306,1,11,0
16-06 12:02:24,2.749,0.750,95.469,0,0,5282060,233936,165196,2334444,4424.549,1565.486,0,443.854,0,39.987,1328,2051,1.240,1.780,1.210,2,0,0,0,0,18,306,1,11,0
16-06 12:02:25,1.249,0.750,96.700,0,0.250,5280420,235572,165200,2334444,4449.696,1511.217,0,103.946,0,7.996,1067,1410,1.240,1.780,1.210,1,0,0.999,0,0,18,306,1,11,0
16-06 12:02:26,1.000,0.750,97.521,0,0,5278988,237004,165200,2334444,4278.924,1458.315,0,0,0,0,820,1195,1.240,1.780,1.210,1,0,0,0,0,18,306,1,11,0
16-06 12:02:27,2.500,0.750,94.758,0.750,0,5277688,238260,165220,2334468,4429.372,1512.127,16.001,572.048,1.000,58.005,1411,2018,1.240,1.780,1.210,1,0,0,0,0,18,306,1,11,0
16-06 12:02:28,6.247,4.748,87.457,0,0,5257696,258220,165228,2334492,4543.788,1565.238,19.990,363.823,1.000,21.989,2221,8954,1.140,1.750,1.200,1,0,35.982,0,0,18,306,1,12,0
16-06 12:02:29,1.750,0.250,97.257,0,0,5257684,258220,165236,2334496,4352.293,1458.098,0,32.002,0,4.000,906,1298,1.140,1.750,1.200,1,0,0,0,0,18,306,1,12,0
16-06 12:02:30,1.750,0.750,96.271,0,0,5257684,258220,165236,2334496,4052.886,1566.342,0,8.002,0,1.000,1073,1443,1.140,1.750,1.200,1,0,2.000,0,0,18,306,1,12,0
16-06 12:02:31,1.249,0.500,96.437,0,0.250,5257680,258220,165236,2334500,4049.354,1511.013,0,0,0,0,979,1338,1.140,1.750,1.200,1,0,0,0,0,18,306,1,12,0
16-06 12:02:32,2.255,1.503,95.719,0,0,5257592,258308,165236,2334500,4425.140,1461.349,0,0,0,0,1115,1337,1.140,1.750,1.200,1,0,6.014,0,0,18,306,1,11,0
16-06 12:02:33,0.999,0.749,96.884,0,0,5257532,258356,165244,2334504,4736.320,1618.060,0,79.904,0,8.989,980,1350,1.050,1.720,1.200,1,0,0,0,0,18,306,1,11,0
16-06 12:02:34,2.251,0.500,95.786,0.250,0.250,5257524,258356,165260,2334496,4647.723,1620.601,0,192.071,0,23.009,1305,1912,1.050,1.720,1.200,1,0,0,0,0,18,306,1,11,0
16-06 12:02:35,1.001,1.502,96.873,0,0,5257248,258608,165268,2334512,4431.621,1567.989,0,22468.500,0,285.362,1632,2115,1.050,1.720,1.200,1,0,1.001,0,0,18,306,1,11,0
16-06 12:02:36,1.248,0.499,97.346,0,0,5257244,258608,165272,2334512,4552.806,1617.444,0,375.407,0,3.994,810,1226,1.050,1.720,1.200,1,0,0,0,0,18,306,1,11,0
16-06 12:02:37,0.750,0.500,96.742,0,0,5257240,258608,165276,2334512,4788.607,1511.876,0,99.992,0,11.999,1090,1720,1.050,1.720,1.200,1,0,0,0,0,18,306,1,11,0
16-06 12:02:38,1.502,0.751,96.636,0.751,0,5257208,258608,165300,2334520,4259.987,1135.596,0,352.495,0,30.042,1207,1784,0.960,1.690,1.190,1,0,0,0,0,18,306,1,11,0
16-06 12:02:39,5.740,5.740,86.600,0,0,5266292,249496,165300,2334548,4616.012,1401.575,23.959,115.800,4.991,14.974,1745,1944,0.960,1.690,1.190,2,0,1.997,0,0,18,306,1,11,0
16-06 12:02:40,19.010,8.004,72.039,0,0,5265932,249752,165300,2334652,4160.272,1458.797,856.468,75285.113,10.005,890.486,4111,4090,0.960,1.690,1.190,3,0,7.004,0,0,18,306,1,11,0
16-06 12:02:41,8.237,2.995,87.115,0,0.250,5263176,252504,165300,2334656,5243.855,1583.540,255.603,19.969,1.997,1.997,1554,1501,0.960,1.690,1.190,3,0,2.995,0,0,18,306,1,11,0
16-06 12:02:42,1.503,0.501,96.963,0,0,5261980,253932,165304,2334656,4993.958,1643.606,0,1238.718,0,17.037,1022,1367,0.960,1.690,1.190,1,0,0,0,0,18,306,1,11,0
16-06 12:02:43,1.499,0.749,97.167,0,0,5260676,255232,165308,2334656,5173.572,1530.690,0,35.969,0,3.997,917,1292,0.890,1.660,1.180,1,0,0,0,0,18,306,1,11,0
16-06 12:02:44,1.749,0.750,95.456,0.500,0,5259540,256368,165328,2334636,4455.947,1531.294,0,1331.387,0,265.877,1375,1810,0.890,1.660,1.180,1,0,0,0,0,18,306,1,11,0
16-06 12:02:45,0.751,1.503,96.943,0,0,5259496,256380,165340,2334656,4767.487,1535.055,0,2673.320,0,22.044,1091,1511,0.890,1.660,1.180,1,0,1.002,0,0,18,306,1,11,0
16-06 12:02:46,1.000,0.750,97.477,0,0,5259492,256380,165340,2334660,4636.893,1531.634,0,199.952,0,7.998,878,1244,0.890,1.660,1.180,1,0,0,0,0,18,306,1,11,0
16-06 12:02:47,1.498,0.499,96.856,0,0,5259492,256380,165344,2334656,5049.482,1617.592,0,91.863,0,8.987,1092,1583,0.890,1.660,1.180,1,0,0,0,0,18,306,1,11,0
16-06 12:02:48,1.499,0.500,96.407,0,0,5259472,256380,165360,2334660,4453.690,1530.519,0,319.691,0,23.977,1022,1407,0.820,1.640,1.180,1,0,0,0,0,18,306,1,8,0
16-06 12:02:49,3.761,2.006,93.265,0.251,0,5250368,265324,165380,2334800,4813.670,1666.733,0,128.365,0,16.046,1573,2184,0.820,1.640,1.180,1,0,3.009,0,0,18,306,1,8,0
16-06 12:02:50,4.009,0.752,94.462,0,0,5250608,265072,165380,2334812,4810.789,1665.736,0,0,0,0,1343,1637,0.820,1.640,1.180,3,0,2.004,0,0,18,306,1,10,0
16-06 12:02:51,2.489,1.245,95.090,0.498,0,5250584,265072,165392,2334824,4839.151,1613.050,0,306.679,0,22.901,1244,1795,0.820,1.640,1.180,3,0,0.996,0,0,18,306,1,10,0
16-06 12:02:52,1.496,0,96.763,0,0,5250584,265072,165392,2334824,4625.684,1689.866,0,23.941,0,1.995,895,1304,0.820,1.640,1.180,1,0,0,0,0,18,306,1,10,0
16-06 12:02:53,2.006,1.504,96.014,0,0,5250552,265072,165412,2334836,3222.871,595.640,0,152.420,0,21.058,1202,1786,0.750,1.610,1.170,2,0,0,0,0,18,306,1,10,0
16-06 12:02:54,10.757,3.752,83.052,0.500,0,5268980,246532,165512,2334848,274546.151,4975.120,28.018,3866.424,5.003,193.121,2754,3196,0.750,1.610,1.170,3,0,20.013,0,0,18,306,1,10,0
16-06 12:02:55,12.495,4.498,81.718,0.250,0,5269908,245360,165528,2335076,422916.995,9014.440,211.916,231.908,8.996,12.995,2593,2079,0.750,1.610,1.170,3,0,27.989,0,0,18,306,1,10,0
