"pcp-dstat 6.2.0 CSV Output"
"Author:","PCP team <pcp@groups.io> and Dag Wieers <dag@wieers.com>",,,,"URL:","https://pcp.io/ and http://dag.wieers.com/home-made/dstat/"
"Host:","ubuntu",,,,"User:","ubuntu"
"Cmdline:","dstat -tcmndrylpg --tcp --output /tmp/devstack_logs/dstat-csv.log",,,,"Date:","29 Jun 2026 18:35:43 UTC"
"system","total usage",,,,,"memory usage",,,,"net/total",,"dsk/total",,"io/total",,"system",,"load avg",,,"procs",,,"paging",,"tcp sockets",,,,
"time","total usage:usr","total usage:sys","total usage:idl","total usage:wai","total usage:stl","used","free","buf","cach","net/total:recv","net/total:send","dsk/total:read","dsk/total:writ","read","writ","int","csw","1m","5m","15m","run","blk","new","in","out","lis","act","syn","tim","clo"
29-06 18:35:43,,1033996,1369224,169340,5233568,,,,,,,1.040,0.800,0.440,2,0,,,,10,4,0,17,0
29-06 18:35:44,12.986,19.729,65.429,0.250,0,1031396,1371724,169368,5233628,11249.867,1720.145,0,1346.548,0,62.932,6516,5548,1.040,0.800,0.440,3,0,508.452,0,0,10,4,0,17,0
29-06 18:35:45,24.996,18.997,54.742,0.500,0.250,1036296,1366020,169520,5234144,34613.079,12758.186,0,1491.788,0,53.992,6023,5446,1.040,0.800,0.440,2,0,377.946,0,0,10,6,0,17,0
29-06 18:35:46,25.438,16.211,56.363,0.499,0,1135916,1265448,169704,5352712,36508.413,16094.946,0,2062.994,0,62.848,7093,8715,1.040,0.800,0.440,2,0,232.436,0,0,11,5,0,17,1
29-06 18:35:47,27.338,7.524,63.705,0.502,0,1138372,1262220,169892,5359968,43507.060,14336.152,0,1886.072,0,60.194,3424,2475,0.960,0.790,0.440,2,1,100.323,0,0,11,7,0,17,1
29-06 18:35:48,32.185,10.978,55.886,0.499,0,1164712,1227704,170092,5367536,53577.056,15915.637,15.968,2339.243,0.998,70.856,4355,3420,0.960,0.790,0.440,1,0,180.633,0,0,11,7,0,19,1
29-06 18:35:49,42.885,6.732,49.368,0.748,0,1227184,1138964,171004,5390392,140562.714,4266.578,15.957,4316.445,0.997,89.760,3118,1908,0.960,0.790,0.440,3,0,0.997,0,0,11,6,0,19,2
29-06 18:35:50,40.991,5.249,48.489,4.249,0,1244364,1096808,172188,5411484,4756.956,1499.671,3.999,15456.606,1.000,945.792,6076,9368,0.960,0.790,0.440,5,0,9.998,0,0,11,8,0,19,2
29-06 18:35:51,36.938,6.533,42.968,12.061,0,1256388,1059872,173556,5433444,5022.520,1628.273,0,65460.610,0,4595.349,14839,30077,0.960,0.790,0.440,4,0,72.368,0,0,11,8,0,19,2
29-06 18:35:52,41.779,8.207,48.245,0.746,0,1225264,1073472,174556,5447472,5389.524,1450.337,0,3931.229,0,173.085,3837,2910,1.040,0.810,0.450,3,0,74.606,0,0,11,6,0,19,2
29-06 18:35:53,44.255,5.751,48.505,0.750,0,1273072,996632,175516,5472824,5640.590,1620.170,0,8448.884,0,352.037,3271,2141,1.040,0.810,0.450,3,0,0,0,0,11,6,0,19,2
29-06 18:35:54,44.023,6.253,47.775,1.501,0,1300992,976304,176180,5463364,5786.989,2101.085,0,10137.237,0,610.315,3850,3606,1.040,0.810,0.450,3,0,11.006,0,0,11,4,0,19,0
29-06 18:35:55,41.256,6.001,51.507,0,0,1337272,940004,176184,5463380,8808.203,2730.373,0,692.095,0,38.005,3054,1836,1.040,0.810,0.450,2,0,34.005,0,0,11,5,0,19,0
29-06 18:35:56,36.414,14.314,48.719,0.502,0,1300852,969212,176316,5469664,7825.174,3412.339,0,1651.423,0,92.415,4969,3738,1.040,0.810,0.450,3,0,286.287,0,0,11,4,0,19,0
29-06 18:35:57,34.036,23.850,40.744,0,0,1269568,998828,176352,5471412,5682.258,1448.886,0,127.200,0,10.931,14096,22481,1.200,0.840,0.460,3,0,468.056,0,0,11,4,0,19,0
29-06 18:35:58,55.745,16.923,25.633,0,0,1289244,978848,176404,5471644,5076.773,1612.622,0,179.180,0,2.986,12279,20188,1.200,0.840,0.460,5,0,211.034,0,0,11,5,0,19,0
29-06 18:35:59,67.610,7.821,24.218,0.252,0,1330836,944960,176416,5464612,4619.648,1471.264,0,2421.834,0,97.882,3921,1719,1.200,0.840,0.460,5,0,26.237,0,0,11,5,0,19,0
29-06 18:36:00,51.530,10.704,37.341,0,0,1341748,932492,176432,5466156,4719.878,1613.123,0,219.066,0,3.983,3652,3603,1.200,0.840,0.460,3,0,49.788,0,0,11,5,0,19,0
29-06 18:36:01,12.013,7.007,80.084,0,0,1329720,943600,176460,5467028,5200.486,1459.540,0,1950.057,0,151.159,3003,3346,1.200,0.840,0.460,1,0,118.125,0,0,11,4,0,19,0
29-06 18:36:02,13.252,4.501,81.760,0.250,0,1377732,895624,176464,5467028,5350.630,1620.191,0,676.080,0,85.010,1747,1672,1.100,0.830,0.460,2,0,22.003,0,0,11,4,0,19,0
29-06 18:36:03,23.004,3.000,72.762,0,0,1419540,853816,176464,5467028,5820.928,1620.258,0,16338.605,0,188.030,1981,1586,1.100,0.830,0.460,2,0,0,0,0,11,4,0,19,0
29-06 18:36:04,23.243,2.749,71.979,1.250,0,1437816,835248,176508,5467276,5698.299,1619.517,0,1883.438,0,306.908,3563,4617,1.100,0.830,0.460,2,0,1.000,0,0,11,10,0,19,0
29-06 18:36:05,21.359,4.272,73.122,0.251,0,1362376,910660,176524,5467280,5126.083,1628.285,0,2657.522,0,172.880,2521,2259,1.100,0.830,0.460,2,0,42.215,0,0,11,4,0,21,0
29-06 18:36:06,19.213,2.246,77.602,0,0,1397520,875264,176524,5467472,7822.131,4039.322,0,870.346,0,71.863,1711,1322,1.100,0.830,0.460,3,0,0,0,0,11,11,0,19,0
29-06 18:36:07,21.756,2.751,74.521,0.750,0,1399056,873260,176568,5467836,7816.177,5102.421,268.075,1588.442,66.018,108.030,2770,2949,1.090,0.830,0.460,1,0,3.001,0,0,11,29,0,19,0
29-06 18:36:08,20.185,5.981,72.268,0,0,1359556,912856,176572,5467836,8293.410,4233.427,0,31750.204,0,492.421,3194,2749,1.090,0.830,0.460,2,0,43.859,0,0,11,28,0,20,0
29-06 18:36:09,18.491,2.249,78.960,0,0,1397444,874964,176572,5467840,8460.709,5535.192,0,0,0,0,1634,1290,1.090,0.830,0.460,2,0,0,0,0,11,29,0,20,0
29-06 18:36:10,25.830,10.784,62.695,0,0,1453976,818400,176580,5467864,6946.605,4539.118,0,200.624,0,9.028,3645,2776,1.090,0.830,0.460,3,0,156.487,0,0,11,28,0,17,0
29-06 18:36:11,36.922,5.488,56.131,0,0,1551244,721116,176580,5467876,12835.837,9396.116,0,71.848,0,3.992,3249,2452,1.090,0.830,0.460,4,0,0,0,0,11,30,0,17,0
29-06 18:36:12,37.666,6.027,55.746,0,0,1356384,915772,176584,5468076,15929.310,12373.615,0,2450.818,0,33.146,6299,7801,1.170,0.850,0.470,3,0,55.244,0,0,11,28,0,18,0
29-06 18:36:13,70.496,24.998,3.750,0,0,1584244,687864,176584,5468120,4859.692,1619.897,0,19578.758,0,135.991,5877,4733,1.170,0.850,0.470,7,0,522.967,0,0,11,28,0,18,0
29-06 18:36:14,86.113,11.981,1.997,0,0,1818520,453568,176584,5468136,17316.445,13791.055,0,0,0,0,5491,3557,1.170,0.850,0.470,6,0,0,0,0,11,31,0,18,0
29-06 18:36:15,79.652,8.266,11.772,0.250,0,1821496,450324,176592,5468392,36059.912,31680.543,0,1887.607,0,71.136,9468,13879,1.170,0.850,0.470,6,0,50.096,0,0,11,29,0,23,0
29-06 18:36:16,30.442,11.728,56.892,0,0,1564484,707320,176592,5468408,8375.143,4507.466,0,335.365,0,25.951,4670,4632,1.170,0.850,0.470,1,0,259.509,0,0,11,28,0,24,0
29-06 18:36:17,18.940,2.741,77.754,0,0,1557784,714016,176592,5468412,8718.449,3958.491,0,155.509,0,7.975,2005,1668,1.150,0.850,0.470,4,0,0,0,0,11,29,0,24,0
29-06 18:36:18,17.002,5.251,76.259,0,0,1484620,787164,176592,5468428,12366.457,6209.732,0,476.056,0,25.003,3460,3406,1.150,0.850,0.470,2,0,69.008,0,0,11,28,0,23,0
29-06 18:36:19,22.248,3.750,73.742,0,0,1498440,773344,176592,5468428,6201.332,1551.833,0,163.982,0,8.999,1766,1214,1.150,0.850,0.470,2,0,0,0,0,11,28,0,23,0
29-06 18:36:20,15.251,1.750,81.753,0.500,0,1491248,780520,176596,5468440,12956.535,8651.357,0,240.010,0,27.001,2804,3287,1.150,0.850,0.470,2,0,0,0,0,11,28,0,24,0
29-06 18:36:21,10.536,19.316,69.237,0,0,1383128,888620,176604,5468452,5194.792,1625.567,0,1288.413,0,74.254,6012,5034,1.150,0.850,0.470,2,0,518.777,0,0,11,28,0,24,0
29-06 18:36:22,66.108,24.290,8.764,0,0,1555196,716512,176604,5468492,4825.918,1460.396,0,44.072,0,11.018,5808,4456,1.140,0.860,0.470,6,0,521.856,0,0,11,28,0,24,0
29-06 18:36:23,80.151,10.487,9.488,0,0,1747116,524560,176612,5468516,22963.762,19686.792,0,84000.708,0,545.329,6466,5694,1.140,0.860,0.470,4,0,0,0,0,11,33,0,24,0
29-06 18:36:24,75.340,10.262,13.016,0.250,0,1719992,551428,176632,5468752,37603.085,32300.727,0,3580.293,0,157.188,9638,15183,1.140,0.860,0.470,5,0,60.072,0,0,11,29,0,25,0
29-06 18:36:25,81.791,17.954,0,0,0,1631988,639340,176632,5468844,8095.339,4106.519,0,287.267,0,23.939,5822,4631,1.140,0.860,0.470,6,0,249.364,0,0,11,29,0,25,0
29-06 18:36:26,86.669,11.240,1.748,0,0,1824012,447064,176640,5469056,19058.269,15644.445,0,187.825,0,9.991,6095,5344,1.140,0.860,0.470,5,0,5.994,0,0,11,32,0,25,0
29-06 18:36:27,73.246,9.999,15.999,0,0,1817220,453556,176648,5469340,47063.293,41948.587,0,275.984,0,18.999,11354,16882,1.290,0.890,0.490,3,0,99.994,0,0,11,31,0,28,0
29-06 18:36:28,53.902,12.727,32.690,0,0,1551844,718888,176656,5469380,12454.264,7936.511,0,10057.639,0,104.809,5461,6179,1.290,0.890,0.490,3,0,198.637,0,0,11,28,0,30,0
29-06 18:36:29,37.704,4.524,57.310,0,0,1612516,658192,176664,5469396,13246.615,10123.732,0,1942.502,0,121.658,3717,3210,1.290,0.890,0.490,2,0,0,0,0,11,30,0,30,0
29-06 18:36:30,46.090,16.941,35.876,0.498,0,1523632,746884,176668,5469584,14810.717,11328.773,0,1379.224,0,74.741,5897,7142,1.290,0.890,0.490,6,0,358.758,0,0,11,28,0,32,0
29-06 18:36:31,56.108,8.015,35.568,0,0,1649168,621340,176668,5469592,12601.151,9865.909,0,4.008,0,1.002,3734,2136,1.290,0.890,0.490,3,0,18.035,0,0,11,31,0,32,0
29-06 18:36:32,53.331,6.260,38.809,0.250,0,1609016,661420,176672,5469660,26421.206,21473.677,0,324.494,0,34.052,8701,11394,1.350,0.910,0.500,4,0,44.067,0,0,11,28,0,33,0
29-06 18:36:33,81.160,17.980,1.498,0,0,1597304,673068,176672,5469676,5094.325,1618.197,0,243.728,0,13.984,5065,2646,1.350,0.910,0.500,5,0,213.762,0,0,11,28,0,33,0
29-06 18:36:34,60.650,6.739,31.199,0,0,1676052,594256,176676,5469736,32525.476,29024.238,0,339.441,0,18.969,6877,8613,1.350,0.910,0.500,3,0,0,0,0,11,32,0,33,0
29-06 18:36:35,63.518,17.685,18.931,0,0,1556708,713524,176688,5469800,19007.426,14363.424,0,1259.390,0,90.668,7224,9289,1.350,0.910,0.500,4,0,322.818,0,0,11,28,0,31,0
29-06 18:36:36,55.536,6.534,37.191,0.251,0,1651060,619048,176732,5469880,16166.198,11785.654,0,2673.760,0,148.766,4239,3306,1.350,0.910,0.500,4,0,0,0,0,11,31,0,31,0
29-06 18:36:37,54.046,10.759,33.528,0,0,1608392,661364,176756,5470208,24887.071,20317.202,0,420.356,0,35.030,8514,11049,1.400,0.930,0.500,5,0,219.186,0,0,11,28,0,33,0
29-06 18:36:38,66.765,13.003,20.505,0,0,1632480,637268,176760,5470212,5461.217,1620.361,0,216.048,0,9.002,4054,1911,1.400,0.930,0.500,3,0,81.018,0,0,11,28,0,33,0
29-06 18:36:39,46.937,5.712,45.695,0.248,0,1653320,616456,176764,5471560,30962.488,25174.095,0,3977.471,0,204.635,6494,11035,1.400,0.930,0.500,7,0,33.775,0,0,11,29,0,32,0
29-06 18:36:40,66.444,17.869,15.856,0,0,1550856,718612,176768,5470568,10287.773,5763.529,0,201.346,0,12.081,5746,15691,1.400,0.930,0.500,4,0,290.945,0,0,11,28,0,34,0
29-06 18:36:41,54.703,6.245,38.717,0,0,1646684,622772,176768,5470580,18680.012,14589.513,0,191.836,0,8.992,4215,3283,1.400,0.930,0.500,4,0,0,0,0,11,31,0,34,0
29-06 18:36:42,53.244,10.499,35.246,0,0,1545672,723572,176780,5470780,18255.035,14007.492,0,287.969,0,28.997,7136,8559,1.450,0.950,0.510,3,0,111.988,0,0,11,28,0,36,0
29-06 18:36:43,53.704,6.713,39.035,0,0,1631740,637492,176784,5470788,10131.100,7835.765,0,190.946,0,8.951,3281,1436,1.450,0.950,0.510,1,0,0,0,0,11,31,0,35,0
29-06 18:36:44,48.444,4.267,46.185,0,0,1625908,643248,176804,5470844,26432.693,20797.159,0,2662.647,0,125.502,7605,9983,1.450,0.950,0.510,4,0,1.004,0,0,11,28,0,37,0
29-06 18:36:45,71.437,25.316,2.757,0,0,1548068,721024,176804,5470908,3858.074,1191.110,0,312.817,0,25.065,5573,4934,1.450,0.950,0.510,9,0,617.613,0,0,11,28,0,37,0
29-06 18:36:46,83.496,16.499,0.250,0,0,1751256,517676,176808,5471064,13667.307,10300.478,0,231.988,0,9.999,6011,5211,1.450,0.950,0.510,7,0,379.981,0,0,11,31,0,37,0
29-06 18:36:47,79.555,16.709,3.242,0.249,0,1840560,428236,176840,5471168,38866.626,34243.969,0,1332.730,0,85.789,8424,10306,1.810,1.030,0.540,7,0,395.031,0,0,11,31,0,38,0
29-06 18:36:48,78.443,20.049,1.504,0,0,1669940,598604,176860,5471396,28145.175,23772.428,0,421.035,0,38.094,7670,8697,1.810,1.030,0.540,6,0,434.067,0,0,11,28,0,38,0
29-06 18:36:49,84.748,11.750,3.750,0,0,1698496,570036,176860,5471408,12779.643,9373.738,0,107.997,0,8.000,5161,3207,1.810,1.030,0.540,6,0,29.999,0,0,11,30,0,38,0
29-06 18:36:50,79.228,8.997,11.997,0,0,1754032,514288,176860,5471616,37962.367,34471.345,0,0,0,0,7714,11814,1.810,1.030,0.540,5,0,16.995,0,0,11,31,0,40,0
29-06 18:36:51,46.429,17.973,34.198,0,0,1487800,780456,176860,5471680,22183.275,17328.655,0,714.913,0,4.992,8094,10800,1.810,1.030,0.540,2,0,523.205,0,0,11,28,0,41,0
29-06 18:36:52,27.052,31.560,39.826,0,0,1501516,766688,176860,5471728,5572.619,1556.967,0,52.099,0,13.025,6609,5958,1.750,1.030,0.550,6,0,869.657,0,0,11,28,0,41,0
29-06 18:36:53,77.796,14.509,7.254,0,0,1646768,621416,176860,5471748,10232.033,6960.104,0,0,0,0,4785,2979,1.750,1.030,0.550,4,0,193.114,0,0,11,30,0,41,0
29-06 18:36:54,62.288,7.693,29.035,0.496,0,1662084,605880,176872,5471956,29651.077,25656.703,0,825.874,0,73.455,7576,10924,1.750,1.030,0.550,5,0,66.507,0,0,11,30,0,43,0
29-06 18:36:55,79.251,17.108,3.774,0,0,1549596,718328,176876,5471988,8496.672,4261.922,0,326.060,0,29.184,5504,4088,1.750,1.030,0.550,6,0,202.278,0,0,11,28,0,45,0
29-06 18:36:56,68.617,7.236,23.704,0,0,1658632,609248,176880,5472028,28681.322,24314.799,0,183.644,0,7.985,5400,6444,1.750,1.030,0.550,5,0,0,0,0,11,32,0,45,0
29-06 18:36:57,52.286,5.254,41.278,0,0,1658612,608996,176884,5472288,43692.092,37922.118,0,1056.728,0,62.043,13376,20365,1.850,1.060,0.560,5,0,0,0,0,11,32,0,45,0
29-06 18:36:58,73.846,12.516,13.017,0.250,0,1517784,749616,176884,5472492,20613.856,16246.166,0,416.543,0,51.067,8643,11460,1.850,1.060,0.560,5,0,121.158,0,0,11,28,0,45,0
29-06 18:36:59,76.030,8.974,14.708,0,0,1666872,600512,176888,5472504,16280.991,12927.673,0,115.666,0,8.974,4551,2579,1.850,1.060,0.560,4,0,0,0,0,11,32,0,45,0
29-06 18:37:00,57.126,5.763,36.330,0,0,1668340,598796,176892,5472744,41753.401,36584.963,0,2726.033,0,114.253,11984,17908,1.850,1.060,0.560,4,0,0,0,0,11,32,0,45,0
29-06 18:37:01,60.112,10.227,28.435,0,0,1609388,657488,176896,5472988,37919.960,31695.248,0,115.734,0,7.982,11012,16659,1.850,1.060,0.560,5,0,150.654,0,0,11,28,0,49,0
29-06 18:37:02,80.832,14.014,4.755,0,0,1630096,636764,176900,5473000,7565.682,3812.872,0,120.122,0,8.008,4798,2547,2.020,1.110,0.580,4,0,109.111,0,0,11,29,0,49,0
29-06 18:37:03,62.425,7.741,28.716,0,0,1673732,592928,176900,5473200,34622.538,30238.787,0,0,0,0,7338,10103,2.020,1.110,0.580,4,0,0,0,0,11,32,0,49,0
29-06 18:37:04,69.239,10.285,20.320,0,0,1606956,659468,176920,5473412,28512.219,22878.813,0,329.134,0,29.100,8793,13033,2.020,1.110,0.580,5,0,98.339,0,0,11,28,0,51,0
29-06 18:37:05,79.486,11.498,8.998,0,0,1615508,650900,176924,5473424,12863.785,9330.393,0,107.981,0,7.999,5107,3017,2.020,1.110,0.580,5,0,29.995,0,0,11,30,0,51,0
29-06 18:37:06,68.484,11.497,19.495,0,0,1672284,594068,176940,5473464,22902.663,18424.707,0,359.916,0,38.991,6544,7472,2.020,1.110,0.580,4,0,119.972,0,0,11,30,0,53,0
29-06 18:37:07,72.908,8.240,18.227,0,0,1730424,535704,176940,5473680,31381.196,25524.624,0,235.701,0,21.972,5435,10518,2.100,1.140,0.590,5,0,1.997,0,0,11,35,0,52,0
29-06 18:37:08,69.110,14.022,16.526,0.250,0,1703364,562692,176944,5473744,28094.610,23244.909,0,168.267,0,12.019,6967,9343,2.100,1.140,0.590,5,0,142.226,0,0,11,33,0,54,0
29-06 18:37:09,78.288,13.214,7.480,0,0,1643632,622388,176944,5473744,13375.740,10184.391,0,251.319,0,36.900,5453,4136,2.100,1.140,0.590,4,0,87.762,0,0,11,34,0,55,0
29-06 18:37:10,72.225,9.997,17.994,0,0,1668456,597384,176948,5473916,20596.931,17068.142,0,135.953,0,7.997,5942,6255,2.100,1.140,0.590,4,0,33.988,0,0,11,34,0,57,0
29-06 18:37:11,70.814,10.760,17.766,0,0,1642916,622728,176952,5474100,25062.646,20364.401,0,1365.234,0,40.036,6354,8313,2.100,1.140,0.590,5,0,106.096,0,0,11,33,0,57,0
29-06 18:37:12,60.416,11.484,27.462,0,0,1586432,679180,176968,5474116,12017.207,8549.054,0,287.598,0,22.968,5331,4415,2.250,1.190,0.610,4,0,125.824,0,0,11,33,0,58,0
29-06 18:37:13,53.993,7.962,38.318,0,0,1621068,644476,176976,5474176,16477.713,12681.748,0,318.487,0,28.863,4811,5046,2.250,1.190,0.610,5,0,59.716,0,0,11,34,0,59,0
29-06 18:37:14,55.948,9.325,34.527,0,0,1596916,668584,176976,5474216,20539.580,16094.966,0,181.454,0,14.113,4771,5557,2.250,1.190,0.610,3,0,96.775,0,0,11,33,0,61,0
29-06 18:37:15,56.194,9.740,33.467,0,0,1503960,761376,176976,5474380,16440.660,12767.311,0,3092.926,0,135.865,4921,4740,2.250,1.190,0.610,4,0,85.915,0,0,11,33,0,62,0
29-06 18:37:16,50.525,8.960,40.071,0,0,1569688,695448,176976,5474576,16298.321,12226.478,0,219.023,0,16.925,4753,5264,2.250,1.190,0.610,5,0,85.618,0,0,11,33,0,57,0
29-06 18:37:17,32.267,6.253,60.282,0,0,1548144,716944,176980,5474612,20876.959,15853.322,0,284.149,0,18.009,5270,7169,2.230,1.200,0.620,3,0,67.035,0,0,11,33,0,58,0
29-06 18:37:18,39.455,7.741,52.191,0.250,0,1550972,714104,176984,5474620,9585.139,4779.584,0,231.737,0,22.974,3835,3058,2.230,1.200,0.620,4,0,68.922,0,0,11,33,0,59,0
29-06 18:37:19,36.095,4.011,59.406,0,0,1584856,680188,176988,5474648,19198.490,14356.757,0,152.401,0,10.026,3822,4247,2.230,1.200,0.620,4,0,0,0,0,11,33,0,60,0
29-06 18:37:20,37.880,9.533,51.929,0,0,1527132,737720,176988,5474840,9477.594,5638.391,0,421.449,0,19.066,4824,4707,2.230,1.200,0.620,3,0,132.456,0,0,11,32,0,59,0
29-06 18:37:21,37.545,5.967,55.447,0.249,0,1556252,708572,177000,5474856,11842.338,8025.181,0,310.306,0,29.837,3592,3128,2.230,1.200,0.620,3,0,5.967,0,0,11,32,0,60,0
29-06 18:37:22,36.008,7.252,55.512,0,0,1546888,717908,177004,5474880,13642.877,10714.260,0,148.031,0,6.001,3763,3738,2.210,1.220,0.620,3,0,60.013,0,0,11,33,0,60,0
29-06 18:37:23,38.305,6.009,55.330,0,0,1543136,721636,177008,5474896,13903.121,9801.184,0,240.348,0,24.035,3505,3521,2.210,1.220,0.620,3,0,5.007,0,0,11,33,0,61,0
29-06 18:37:24,37.174,6.028,56.012,0,0,1482968,781784,177008,5474916,14637.465,11603.273,0,176.827,0,10.047,3596,4018,2.210,1.220,0.620,1,0,43.202,0,0,11,33,0,61,0
29-06 18:37:25,35.637,4.735,58.316,0.249,0,1476000,788708,177008,5474952,12263.208,8972.617,0,346.903,0,23.924,3857,4452,2.210,1.220,0.620,1,0,4.984,0,0,11,33,0,62,0
29-06 18:37:26,37.349,5.478,56.771,0.249,0,1500732,763800,177020,5475108,16369.963,12237.633,0,394.409,0,50.795,4946,5529,2.210,1.220,0.620,1,0,7.968,0,0,11,34,0,62,0
29-06 18:37:27,25.239,11.495,62.474,0.250,0,1454160,810252,177024,5475220,14627.898,11093.372,0,327.863,0,24.990,5630,6394,2.110,1.210,0.630,2,0,276.884,0,0,11,32,0,64,0
29-06 18:37:28,22.006,3.751,73.772,0,0,1442280,822128,177024,5475224,5041.473,1620.473,0,140.041,0,9.003,1983,1388,2.110,1.210,0.630,2,0,6.002,0,0,11,32,0,58,0
29-06 18:37:29,17.802,2.257,78.228,0,0,1454700,809696,177024,5475236,13098.227,9759.483,0,140.410,0,10.029,2751,2955,2.110,1.210,0.630,4,0,0,0,0,11,33,0,58,0
29-06 18:37:30,12.774,12.273,73.389,0.250,0,1421400,842968,177036,5475252,7610.458,4051.697,0,789.500,0,59.112,4736,4380,2.110,1.210,0.630,2,0,248.472,0,0,11,32,0,59,0
29-06 18:37:31,20.142,5.471,73.109,0,0,1475644,788720,177036,5475256,4791.391,1653.164,0,3.979,0,0.995,2072,1454,2.110,1.210,0.630,2,0,35.809,0,0,11,32,0,59,0
29-06 18:37:32,18.367,2.013,79.253,0,0,1479068,785264,177040,5475280,15582.915,11652.969,0,120.767,0,4.026,3216,3785,2.030,1.210,0.630,2,0,0,0,0,11,33,0,57,0
29-06 18:37:33,20.967,4.992,72.387,0.499,0,1425932,838376,177060,5475284,5819.883,2435.185,0,1749.260,0,91.856,2730,2473,2.030,1.210,0.630,2,0,45.928,0,0,11,32,0,58,0
29-06 18:37:34,18.438,2.741,78.983,0,0,1452536,811768,177060,5475288,10336.084,6629.605,0,0,0,0,1862,1544,2.030,1.210,0.630,2,0,0,0,0,11,33,0,58,0
29-06 18:37:35,18.247,2.250,77.487,0,0,1443900,820236,177060,5475452,14203.535,10454.185,0,315.945,0,28.995,4774,6443,2.030,1.210,0.630,2,0,0,0,0,11,32,0,58,0
29-06 18:37:36,11.068,21.632,65.903,0,0,1381316,882652,177068,5475608,4967.341,1629.956,0,269.647,0,16.098,6212,4958,2.030,1.210,0.630,3,0,572.497,0,0,11,32,0,55,0
29-06 18:37:37,41.993,8.249,48.992,0,0,1528668,735064,177100,5475808,4817.242,1457.771,0,323.949,0,19.997,3243,2181,2.020,1.220,0.640,3,0,56.991,0,0,11,32,0,56,0
29-06 18:37:38,39.745,6.749,46.494,5.249,0,1564044,694028,177588,5480408,5611.262,1511.801,0,13558.216,0,1300.829,8815,13305,2.020,1.220,0.640,4,0,65.991,0,0,11,36,0,56,0
29-06 18:37:39,36.568,7.960,42.539,11.194,0,1569992,682876,178396,5484668,4595.190,483.599,0,50660.529,0,4403.143,16969,33089,2.020,1.220,0.640,5,0,102.491,0,0,11,36,0,56,0
29-06 18:37:40,46.720,9.494,41.223,1.999,0,1552700,700716,178572,5483896,4722.955,539.652,0,19191.625,0,1538.008,7254,21215,2.020,1.220,0.640,3,0,45.970,0,0,11,32,0,51,0
29-06 18:37:41,42.988,6.536,46.507,3.017,0,1549684,703488,178672,5484048,4453.634,488.703,0,8221.475,0,1102.096,7472,11391,2.020,1.220,0.640,3,0,2.011,0,0,11,34,0,51,0
29-06 18:37:42,37.246,8.939,46.682,5.463,0,1493508,758980,178984,5484416,5244.293,1609.044,0,16789.682,0,2073.879,11845,20141,1.940,1.220,0.640,2,0,99.324,0,0,11,32,0,51,0
29-06 18:37:43,21.780,4.256,72.351,0.501,0,1498196,754236,179028,5484428,5467.601,1622.255,0,12192.950,0,627.873,2554,3906,1.940,1.220,0.640,2,0,1.001,0,0,11,32,0,51,0
29-06 18:37:44,22.683,3.240,73.284,0,0,1563740,688688,179028,5484432,4983.342,1453.724,0,71.789,0,6.979,1820,1303,1.940,1.220,0.640,2,0,1.994,0,0,11,32,0,49,0
29-06 18:37:45,23.005,3.501,72.515,0.500,0,1517432,734960,179036,5484456,4801.024,1620.345,0,1728.369,0,97.021,1900,1448,1.940,1.220,0.640,2,0,1.000,0,0,11,32,0,49,0
29-06 18:37:46,22.413,2.770,73.787,0,0,1513328,739064,179036,5484456,5233.094,1468.691,0,0,0,0,1772,1264,1.940,1.220,0.640,2,0,0,0,0,11,32,0,49,0
29-06 18:37:47,22.657,3.486,73.698,0,0,1501000,751376,179036,5484472,4720.629,1613.380,0,0,0,0,1760,1087,1.870,1.220,0.640,2,0,2.988,0,0,11,32,0,49,0
29-06 18:37:48,22.246,3.999,73.487,0,0,1515944,736432,179036,5484472,4919.106,1619.706,0,7.999,0,2.000,1841,1242,1.870,1.220,0.640,2,0,1.000,0,0,11,32,0,46,0
29-06 18:37:49,22.979,3.247,73.182,0,0,1496712,755584,179036,5484548,4435.881,1618.497,0,0,0,0,1773,1124,1.870,1.220,0.640,2,0,2.997,0,0,11,32,0,46,0
29-06 18:37:50,21.587,3.012,74.049,0,0,1560544,691752,179036,5484548,4698.980,1626.570,0,0,0,0,1683,1207,1.870,1.220,0.640,1,0,0,0,0,11,32,0,46,0
29-06 18:37:51,21.919,4.234,73.230,0.249,0,1568332,683952,179036,5484556,4619.951,1655.889,0,259.044,0,10.960,1822,1400,1.870,1.220,0.640,2,0,1.993,0,0,11,32,0,46,0
29-06 18:37:52,23.499,2.500,73.496,0,0,1511840,740300,179040,5484656,5099.714,1619.909,0,319.982,0,21.999,1845,1333,1.800,1.210,0.640,2,0,1.000,0,0,11,32,0,41,0
29-06 18:37:53,22.258,3.751,73.276,0,0,1514012,738116,179040,5484668,4819.743,1458.527,0,0,0,0,1792,1239,1.800,1.210,0.640,2,0,1.000,0,0,11,32,0,41,0
29-06 18:37:54,22.505,3.251,73.768,0,0,1540136,711992,179040,5484668,5461.326,1620.394,0,4.001,0,1.000,1793,1203,1.800,1.210,0.640,2,0,2.000,0,0,11,32,0,41,0
29-06 18:37:55,22.714,2.995,73.633,0,0,1499244,752856,179040,5484696,5211.695,1617.422,0,15.975,0,1.997,1740,1219,1.800,1.210,0.640,2,0,0.998,0,0,11,32,0,41,0
29-06 18:37:56,22.374,3.268,73.660,0,0,1493576,758480,179044,5484728,5465.393,1466.153,0,225.253,0,49.274,1789,1153,1.800,1.210,0.640,2,0,1.006,0,0,11,32,0,37,0
29-06 18:37:57,22.003,3.250,74.261,0,0,1501136,750920,179044,5484728,5100.754,1620.239,0,152.022,0,4.001,1765,1154,1.730,1.210,0.650,2,0,2.000,0,0,11,32,0,37,0
29-06 18:37:58,19.516,6.255,73.310,0,0,1485360,766552,179044,5484868,5250.275,1621.320,0,0,0,0,2796,1982,1.730,1.210,0.650,2,0,113.092,0,0,11,32,0,37,0
29-06 18:37:59,8.235,21.960,68.876,0,0,1453288,798580,179044,5484908,4715.515,1455.381,0,974.247,0,12.977,6504,5279,1.730,1.210,0.650,4,0,552.007,0,0,11,32,0,37,0
29-06 18:38:00,8.491,21.227,68.925,0,0,1455208,796624,179044,5484944,5120.461,1618.249,0,271.706,0,4.995,6141,4883,1.730,1.210,0.650,2,0,481.479,0,0,11,32,0,37,0
29-06 18:38:01,14.219,12.972,71.345,0.249,0,1490640,761188,179044,5484944,5459.132,1454.837,0,530.846,0,12.972,4151,3224,1.730,1.210,0.650,2,0,221.518,0,0,11,32,0,37,0
29-06 18:38:02,22.327,3.261,73.503,0,0,1558912,692912,179048,5484944,5685.557,1667.737,0,883.037,0,116.400,1995,1425,1.670,1.200,0.650,2,0,2.007,0,0,11,32,0,37,0
29-06 18:38:03,22.918,2.740,73.487,0,0,1525096,726732,179048,5484940,5783.304,1452.801,0,23.914,0,2.989,1855,1313,1.670,1.200,0.650,2,0,0.996,0,0,11,32,0,37,0
29-06 18:38:04,22.241,3.749,73.471,0,0,1534244,717580,179048,5484944,5903.668,1619.360,0,0,0,0,1834,1213,1.670,1.200,0.650,3,0,1.999,0,0,11,32,0,37,0
29-06 18:38:05,22.507,3.001,73.524,0,0,1526076,725740,179048,5484952,5401.748,1620.524,0,20.006,0,1.000,1825,1288,1.670,1.200,0.650,2,0,1.000,0,0,11,32,0,31,0
29-06 18:38:06,22.754,3.001,73.512,0,0,1574880,676932,179048,5484952,5315.892,1458.245,0,8.001,0,2.000,1808,1208,1.670,1.200,0.650,2,0,2.000,0,0,11,32,0,31,0
29-06 18:38:07,22.245,3.249,73.484,0,0,1537992,713832,179048,5484940,5160.883,1619.650,0,51.989,0,2.999,1848,1284,1.620,1.200,0.650,2,0,1.000,0,0,11,32,0,31,0
29-06 18:38:08,23.017,3.252,73.805,0,0,1572452,679372,179048,5484940,4983.714,1621.208,0,0,0,0,1875,1210,1.620,1.200,0.650,2,0,3.002,0,0,11,32,0,31,0
29-06 18:38:09,22.732,2.998,73.443,0,0,1530980,720820,179048,5484964,5275.894,1618.740,0,31.975,0,1.998,1719,1045,1.620,1.200,0.650,3,0,0.999,0,0,11,32,0,25,0
29-06 18:38:10,22.510,2.751,73.782,0,0,1584436,667372,179048,5484956,4682.062,1620.714,0,0,0,0,1564,1164,1.620,1.200,0.650,2,0,0,0,0,11,32,0,25,0
29-06 18:38:11,22.261,3.752,73.288,0.250,0,1561748,690028,179052,5484976,4957.547,1458.750,0,2821.450,0,107.055,1934,1386,1.620,1.200,0.650,4,0,3.002,0,0,11,32,0,25,0
29-06 18:38:12,22.783,3.255,73.357,0,0,1580012,671792,179052,5484948,4927.153,1622.355,0,496.721,0,62.090,1970,1597,1.570,1.200,0.650,2,0,0,0,0,11,32,0,25,0
29-06 18:38:13,23.196,2.494,74.078,0,0,1592764,659012,179052,5484976,4687.131,1524.465,0,27.935,0,0.998,1842,1224,1.570,1.200,0.650,2,0,1.995,0,0,11,32,0,19,0
29-06 18:38:14,21.696,3.491,73.316,0,0,1551348,700516,179052,5484888,4907.678,1615.943,0,3.990,0,0.997,1835,1311,1.570,1.200,0.650,2,0,0.997,0,0,11,32,0,19,0
29-06 18:38:15,22.598,3.515,74.322,0,0,1583800,668064,179052,5484888,4778.683,1464.338,0,0,0,0,1775,1103,1.570,1.200,0.650,2,0,2.009,0,0,11,32,0,19,0
29-06 18:38:16,21.995,3.499,73.482,0,0,1535880,715908,179052,5484964,5475.632,1619.595,0,87.978,0,1.000,1740,1078,1.570,1.200,0.650,4,0,1.000,0,0,11,32,0,19,0
29-06 18:38:17,21.542,3.757,73.894,0,0,1542152,709644,179052,5484956,5891.480,1623.163,0,60.117,0,3.006,1806,1335,1.520,1.190,0.650,3,0,1.002,0,0,11,32,0,15,0
29-06 18:38:18,22.928,3.240,73.518,0,0,1558544,693252,179052,5484956,5939.221,1453.405,0,135.571,0,29.905,1893,1293,1.520,1.190,0.650,2,0,2.991,0,0,11,32,0,15,0
29-06 18:38:19,22.846,2.762,74.062,0,0,1534984,716816,179052,5484952,6868.980,1626.864,0,20.085,0,1.004,1785,1171,1.520,1.190,0.650,2,0,1.004,0,0,11,32,0,15,0
29-06 18:38:20,23.006,2.751,74.021,0,0,1558092,693684,179052,5484976,5763.601,1552.431,0,28.008,0,2.001,1764,1239,1.520,1.190,0.650,2,0,0,0,0,11,32,0,15,0
29-06 18:38:21,22.152,3.236,73.424,0,0,1529136,722640,179052,5484976,5273.618,1612.849,0,155.311,0,7.965,1926,1489,1.520,1.190,0.650,2,0,0.996,0,0,11,32,0,11,0
29-06 18:38:22,23.010,3.001,73.530,0,0,1554180,697572,179056,5484988,5000.066,1458.603,0,400.165,0,29.012,1887,1366,1.480,1.190,0.660,2,0,2.001,0,0,11,32,0,11,0
29-06 18:38:23,10.749,18.249,69.495,0,0,1497536,754148,179056,5485040,5159.647,1619.889,0,239.984,0,9.999,5498,4408,1.480,1.190,0.660,2,0,459.969,0,0,11,32,0,11,0
29-06 18:38:24,22.741,2.999,73.472,0,0,1556956,694708,179056,5485060,4978.131,1619.392,0,127.952,0,27.989,1777,1162,1.480,1.190,0.660,2,0,0,0,0,11,32,0,11,0
29-06 18:38:25,22.999,3.000,73.746,0,0,1535684,715744,179056,5485296,5219.719,1619.913,0,0,0,0,1831,1108,1.480,1.190,0.660,2,0,9.000,0,0,11,32,0,7,0
29-06 18:38:26,22.744,3.999,72.482,0,0,1532848,718552,179056,5485296,5895.506,1619.589,0,35.991,0,1.999,1878,1189,1.480,1.190,0.660,2,0,5.998,0,0,11,32,0,7,0
29-06 18:38:27,16.081,14.071,69.599,0.251,0,1498332,752892,179056,5485468,6271.447,1628.164,40.202,213.068,2.010,4.020,4260,3165,1.440,1.190,0.660,2,0,298.497,0,0,11,32,0,7,0
29-06 18:38:28,8.464,20.662,68.958,0,0,1476712,774476,179056,5485500,5275.643,1451.847,0,139.409,0,4.979,6208,4766,1.440,1.190,0.660,4,0,474.987,0,0,11,32,0,7,0
29-06 18:38:29,8.031,23.089,68.262,0,0,1450892,800256,179056,5485536,2993.486,162.624,0,329.263,0,31.119,6551,5335,1.440,1.190,0.660,3,0,575.207,0,0,11,32,0,5,0
29-06 18:38:30,8.507,22.270,68.560,0,0,1435704,815364,179056,5485564,4882.288,1459.282,0,1501.319,0,18.016,6733,5618,1.440,1.190,0.660,2,0,635.558,0,0,11,32,0,5,0
29-06 18:38:31,7.503,22.761,68.532,0,0,1431176,819860,179056,5485596,5617.620,1458.680,0,1780.830,0,29.014,6714,5646,1.440,1.190,0.660,3,0,598.279,0,0,11,32,0,5,0
29-06 18:38:32,8.497,20.242,69.722,0,0,1424704,826292,179060,5485632,4218.277,539.779,0,659.730,0,30.987,6204,5052,1.330,1.170,0.650,1,0,470.808,0,0,11,32,0,5,0
29-06 18:38:33,8.238,20.971,69.403,0,0,1416848,834108,179060,5485664,5558.200,1563.805,0,355.501,0,8.987,6052,4557,1.330,1.170,0.650,2,0,445.375,0,0,11,32,0,3,0
29-06 18:38:34,9.008,22.519,68.308,0,0,1404652,846272,179060,5485696,5016.280,1513.291,0,64.055,0,16.014,6539,5331,1.330,1.170,0.650,4,0,596.509,0,0,11,32,0,3,0
29-06 18:38:35,17.979,24.722,55.186,0,0,1388648,862208,179076,5485744,4854.410,1618.137,0,1182.638,0,145.832,6965,6427,1.330,1.170,0.650,4,0,707.186,0,0,11,32,0,5,0
29-06 18:38:36,61.477,16.427,21.654,0,0,1570308,680188,179096,5486008,5231.771,1451.555,0,692.923,0,48.783,4993,3802,1.330,1.170,0.650,4,0,279.758,0,0,11,32,0,9,0
29-06 18:38:37,57.942,10.535,25.585,5.017,0,1677500,564828,179544,5493060,5056.771,1625.391,373.238,18300.696,3.010,1479.908,9446,15236,1.460,1.200,0.670,5,1,59.196,0,0,11,36,0,7,0
29-06 18:38:38,45.170,11.794,29.863,11.544,0,1638704,590956,180536,5503924,5679.421,1463.520,0,90135.966,0,6487.469,20901,44778,1.460,1.200,0.670,8,0,181.685,0,0,11,36,0,8,0
29-06 18:38:39,42.401,9.478,33.671,11.972,0,1681440,534800,180940,5516424,11783.373,6636.440,0,84302.347,0,6567.602,21988,45877,1.460,1.200,0.670,1,2,68.839,0,0,11,37,0,8,0
29-06 18:38:40,44.689,16.478,27.463,8.488,0,1636328,571848,181392,5523736,11723.995,5911.930,295.596,64599.814,3.995,5032.131,19928,43705,1.460,1.200,0.670,4,1,280.617,0,0,11,34,0,10,0
29-06 18:38:41,46.244,23.747,20.997,7.749,0,1630312,569148,181928,5531528,6076.193,1619.785,675.910,80830.262,12.998,5560.261,21470,43845,1.460,1.200,0.670,3,2,303.960,0,0,11,34,0,10,0
29-06 18:38:42,37.058,13.521,37.308,9.765,0,1641540,553028,182148,5536056,10780.738,7290.319,925.437,64932.814,14.022,4950.686,18889,36494,1.580,1.230,0.680,8,1,195.303,0,0,11,35,0,9,0
29-06 18:38:43,31.279,7.507,49.796,9.759,0.250,1636200,558208,182280,5536016,17247.860,13164.105,0,59114.357,0,4961.562,21169,41581,1.580,1.230,0.680,3,1,36.033,0,0,11,35,0,9,0
29-06 18:38:44,36.444,8.986,40.937,11.233,0,1618700,574304,182564,5537112,7055.091,3814.102,0,57854.543,0,4861.483,18763,36588,1.580,1.230,0.680,3,0,77.880,0,0,11,34,0,9,0
29-06 18:38:45,38.147,5.984,45.378,8.477,0.249,1654784,536036,182728,5539104,9499.411,6676.016,0,39996.259,0,3673.105,15239,28866,1.580,1.230,0.680,3,0,38.895,0,0,11,35,0,9,0
29-06 18:38:46,34.524,7.505,45.782,10.257,0,1644696,543072,182824,5541988,15981.132,12163.472,0,58768.935,0,5050.518,20270,40080,1.580,1.230,0.680,4,1,57.040,0,0,11,35,0,9,0
29-06 18:38:47,30.127,10.293,44.186,12.302,0,1587848,595988,182912,5545732,9749.104,6238.302,0,64150.473,0,5104.522,19898,38748,1.700,1.260,0.690,3,1,131.555,0,0,11,34,0,10,0
29-06 18:38:48,33.746,7.249,42.995,13.748,0,1636444,543988,183068,5548856,6478.201,3585.558,0,55217.186,0,4566.436,17783,34865,1.700,1.260,0.690,3,0,84.990,0,0,11,37,0,10,0
29-06 18:38:49,28.459,6.990,46.932,13.480,0,1628012,549596,183164,5551504,14660.698,10536.690,0,49959.407,0,4200.896,19291,36576,1.700,1.260,0.690,3,1,71.896,0,0,11,37,0,10,0
29-06 18:38:50,29.447,6.987,47.415,12.478,0,1527640,652928,183184,5548488,14253.334,10018.959,0,46316.598,0,4148.530,18367,36096,1.700,1.260,0.690,3,0,50.908,0,0,11,36,0,10,0
29-06 18:38:51,35.621,8.529,41.140,12.793,0,1585076,594916,183196,5549072,5134.442,1625.522,0,50969.141,0,4287.565,17752,33392,1.700,1.260,0.690,9,0,30.102,0,0,11,36,0,10,0
29-06 18:38:52,32.228,10.493,51.715,4.497,0,1457552,722408,183212,5549084,13756.731,9698.465,0,29032.438,0,2047.620,10189,17149,1.800,1.290,0.700,4,0,183.876,0,0,11,33,0,11,0
29-06 18:38:53,16.679,3.485,77.418,0.498,0,1455812,723980,183212,5549252,16584.948,12247.530,0,1019.632,0,53.770,4979,6648,1.800,1.290,0.700,2,0,39.829,0,0,11,33,0,11,0
29-06 18:38:54,20.026,6.258,73.093,0.250,0,1422920,756864,183212,5549260,6296.045,2767.536,0,977.249,0,64.082,2798,2444,1.800,1.290,0.700,3,0,55.070,0,0,11,32,0,12,0
29-06 18:38:55,18.531,2.504,77.878,0.250,0,1452712,727064,183212,5549268,10079.593,6608.880,0,721.187,0,43.071,1893,1666,1.800,1.290,0.700,1,0,0,0,0,11,33,0,12,0
29-06 18:38:56,19.475,4.744,75.154,0,0,1438756,741008,183212,5549280,9516.824,5359.143,0,3056.090,0,179.770,3493,4015,1.800,1.290,0.700,2,0,33.957,0,0,11,32,0,13,0
29-06 18:38:57,19.309,2.508,77.737,0,0,1453692,726068,183212,5549284,7821.817,3886.835,0,453.381,0,8.024,1682,1259,1.740,1.280,0.710,2,0,0,0,0,11,33,0,13,0
29-06 18:38:58,17.232,5.744,76.170,0.250,0,1433648,745848,183212,5549548,9341.223,6038.679,0,139.854,0,11.987,3196,2963,1.740,1.280,0.710,2,0,60.936,0,0,11,32,0,14,0
29-06 18:38:59,21.651,3.235,73.662,0.249,0,1498580,680916,183212,5549552,5310.652,2222.809,0,115.471,0,7.963,1870,1322,1.740,1.280,0.710,1,0,0.995,0,0,11,33,0,14,0
29-06 18:39:00,17.037,2.004,79.923,0,0,1491496,687880,183212,5549672,15839.284,11571.045,0,192.416,0,17.037,3455,4461,1.740,1.280,0.710,2,0,0,0,0,11,32,0,15,0
29-06 18:39:01,20.460,4.990,72.859,0.250,0,1474548,704828,183212,5549672,5586.215,1616.878,0,2012.115,0,183.645,2255,1486,1.740,1.280,0.710,2,0,42.917,0,0,11,32,0,15,0
29-06 18:39:02,19.010,2.501,78.293,0,0,1494656,684580,183212,5549812,12743.034,8689.796,0,296.163,0,11.006,2370,2275,1.680,1.280,0.710,2,0,0,0,0,11,33,0,15,0
29-06 18:39:03,14.268,9.512,74.846,0,0.250,1461384,717800,183212,5549864,9461.192,5548.149,0,304.392,0,24.031,4644,4693,1.680,1.280,0.710,5,0,191.246,0,0,11,32,0,16,0
29-06 18:39:04,17.979,23.972,56.935,0.250,0,1457972,720880,183228,5550180,5497.677,1456.325,0,635.269,0,43.949,6757,5766,1.680,1.280,0.710,4,0,596.314,0,0,11,34,0,21,0
29-06 18:39:05,63.025,11.755,24.510,0,0,1564312,613876,183252,5550816,3975.593,648.260,0,304.122,0,24.010,3958,2107,1.680,1.280,0.710,4,0,12.005,0,0,11,32,0,22,0
29-06 18:39:06,64.546,10.965,24.423,0,0,1702056,472924,183364,5553588,4634.330,968.933,0,2117.298,0,69.779,3754,1647,1.680,1.280,0.710,4,0,0,0,0,11,32,0,22,0
29-06 18:39:07,58.348,7.545,29.174,4.276,0,1810864,357560,183492,5559540,5269.456,1466.756,0,15991.461,0,1062.342,8069,10628,1.780,1.310,0.720,6,1,75.450,0,0,11,38,0,22,0
29-06 18:39:08,25.056,7.767,48.108,15.535,0,1807196,348236,183612,5571932,5542.448,1623.647,4.009,106595.404,1.002,7426.680,26070,52867,1.780,1.310,0.720,3,0,223.502,0,0,11,38,0,22,0
29-06 18:39:09,28.456,7.488,45.679,15.726,0,1805640,339920,183684,5581428,4331.313,1455.752,0,84245.926,0,6728.611,28186,55289,1.780,1.310,0.720,5,0,206.681,0,0,11,38,0,22,0
29-06 18:39:10,36.736,10.746,35.487,14.495,0,1720348,416276,183760,5589992,4678.254,1619.396,0,72736.860,0,5080.104,20852,39642,1.780,1.310,0.720,5,0,239.910,0,0,11,36,0,22,0
29-06 18:39:11,43.542,10.260,29.528,14.264,0,1748108,380492,183840,5597640,5121.923,1621.558,0,85546.218,0,5860.633,20532,39753,1.780,1.310,0.720,2,1,82.079,0,0,11,36,0,22,0
29-06 18:39:12,37.416,9.479,34.672,15.715,0,1799548,315760,183892,5610356,4713.396,1454.727,0,93034.686,0,5961.587,19790,39514,2.040,1.370,0.740,6,0,7.982,0,0,11,38,0,22,0
29-06 18:39:13,30.798,10.266,40.563,15.274,0,1737308,374312,183900,5613916,5023.774,1622.511,0,82748.056,0,6097.436,22304,43097,2.040,1.370,0.740,3,1,162.251,0,0,11,36,0,22,0
29-06 18:39:14,34.533,9.759,46.794,7.507,0,1461308,648552,183920,5615600,4488.248,1459.381,0,37063.077,0,2661.519,11689,19610,2.040,1.370,0.740,2,0,243.230,0,0,11,32,0,22,0
29-06 18:39:15,20.964,4.991,72.624,0.499,0,1514804,595036,183920,5615616,4981.368,1617.198,0,1277.786,0,70.877,2434,1946,2.040,1.370,0.740,2,0,57.900,0,0,11,32,0,22,0
29-06 18:39:16,23.007,3.251,72.023,0.500,0,1568304,541536,183920,5615616,5418.713,1620.512,0,4073.288,0,244.077,2266,2290,2.040,1.370,0.740,1,0,2.001,0,0,11,32,0,22,0
29-06 18:39:17,24.910,1.744,72.986,0,0,1580680,529148,183920,5615624,5500.119,1614.165,0,155.438,0,11.957,2248,1868,1.960,1.360,0.750,2,0,0,0,0,11,34,0,22,0
29-06 18:39:18,20.750,5.250,72.751,0,0,1498564,611264,183920,5615624,6078.075,1458.018,0,84.001,0,7.000,2275,1632,1.960,1.360,0.750,4,0,29.000,0,0,11,32,0,22,0
29-06 18:39:19,22.503,3.000,73.510,0.250,0,1552168,557660,183920,5615624,5760.759,1620.214,0,40.005,0,4.001,1872,1366,1.960,1.360,0.750,2,0,2.000,0,0,11,32,0,22,0
29-06 18:39:20,19.602,12.817,66.849,0.503,0,1490416,619388,183920,5615648,6017.393,1722.989,0,583.042,0,51.267,3980,3449,1.960,1.360,0.750,5,0,290.516,0,0,11,32,0,22,0
29-06 18:39:21,12.759,38.777,47.283,0,0,1477872,631872,183920,5615708,5370.718,1621.122,0,212.147,0,21.015,7800,7083,1.960,1.360,0.750,3,0,1004.696,0,0,11,32,0,22,0
29-06 18:39:22,7.736,22.209,68.125,0,0,1471192,638476,183920,5615780,5348.220,1455.339,0,566.963,0,93.828,6155,4694,1.880,1.360,0.750,2,0,509.069,0,0,11,32,0,22,0
29-06 18:39:23,8.485,19.965,69.879,0,0,1425292,684208,183920,5615944,5153.052,1617.192,0,15.972,0,3.993,5717,4189,1.880,1.360,0.750,2,0,359.376,0,0,11,32,0,22,0
29-06 18:39:24,12.226,20.460,65.871,0,0,1431788,677660,183920,5616412,5030.132,1616.828,0,39.922,0,9.980,6261,6121,1.880,1.360,0.750,2,0,381.252,0,0,11,32,0,22,0
29-06 18:39:25,32.573,13.530,52.869,0,0,1470556,638744,183928,5616552,4528.171,1461.282,0,40.090,0,1.002,5272,5864,1.880,1.360,0.750,2,0,192.432,0,0,11,33,0,22,0
29-06 18:39:26,45.004,7.251,48.004,0,0,1592088,517180,183932,5616560,5359.448,1620.135,0,16.001,0,1.000,2806,1434,1.880,1.360,0.750,4,0,6.001,0,0,11,33,0,22,0
29-06 18:39:27,49.497,4.500,44.497,0,0,1649816,458828,183972,5617072,4817.665,1457.899,0,839.942,0,75.995,3882,3003,1.890,1.370,0.750,3,0,18.999,0,0,11,49,0,22,0
29-06 18:39:28,32.792,11.515,55.071,0,0,1667696,436944,184004,5620660,4986.423,1622.089,0,2603.353,0,293.378,5269,7953,1.890,1.370,0.750,2,0,142.183,0,0,11,48,0,22,0
29-06 18:39:29,16.183,16.680,65.726,0,0,1665420,439172,184008,5621112,4720.330,1613.277,0,167.303,0,12.946,6996,9113,1.890,1.370,0.750,2,0,320.664,0,0,11,48,0,22,0
29-06 18:39:30,3.494,2.496,93.343,0.499,0,1652388,452184,184008,5620680,4690.092,1455.546,0,403.320,0,30.948,1532,2078,1.890,1.370,0.750,1,0,27.953,0,0,11,48,0,22,0
29-06 18:39:31,0.750,0.500,96.944,0,0,1652388,452184,184008,5620680,4874.167,1619.059,0,31.981,0,3.998,757,972,1.890,1.370,0.750,2,0,2.998,0,0,11,48,0,22,0
29-06 18:39:32,0.250,0.751,98.684,0,0,1652612,451960,184008,5620680,4957.246,1460.725,0,0,0,0,755,999,1.740,1.340,0.750,1,0,3.006,0,0,11,48,0,22,0
29-06 18:39:33,0.751,0.250,98.069,0,0,1652608,451960,184008,5620684,5103.608,1621.146,0,40.028,0,2.001,716,989,1.740,1.340,0.750,1,0,1.001,0,0,11,48,0,22,0
29-06 18:39:34,10.028,9.526,80.221,0,0,1633116,471452,184008,5621116,5053.931,1624.478,0,0,0,0,4079,5160,1.740,1.340,0.750,2,0,199.550,0,0,11,48,0,22,0
29-06 18:39:35,14.248,14.498,69.990,0,0,1652708,451776,184008,5620704,4739.352,1619.778,0,107.985,0,3.999,5148,6083,1.740,1.340,0.750,2,0,238.967,0,0,11,48,0,22,0
29-06 18:39:36,15.497,18.997,63.240,0.500,0,1691656,412752,184008,5620752,5712.060,1857.694,0,7350.791,0,350.942,7049,7686,1.740,1.340,0.750,4,0,354.942,0,0,12,48,0,22,0
29-06 18:39:37,23.646,11.947,62.972,0.498,0,1681896,422548,184008,5620752,5095.540,1451.602,0,2504.959,0,143.368,5939,7592,1.760,1.350,0.760,1,0,254.877,0,0,12,64,0,22,0
29-06 18:39:38,7.546,12.074,79.490,0.252,0,1700856,403552,184008,5621224,5674.947,1630.038,0,8351.429,0,382.355,4253,4758,1.760,1.350,0.760,2,0,204.258,0,0,14,64,0,22,0
29-06 18:39:39,16.492,12.244,69.718,0,0,1703060,401304,184008,5620808,6896.825,1619.255,0,35.983,0,7.996,5533,6489,1.760,1.350,0.760,2,0,226.896,0,0,14,66,0,15,0
29-06 18:39:40,12.510,23.019,63.302,0,0,1697804,406380,184008,5620984,6393.206,1459.188,0,920.750,0,38.031,7185,13772,1.760,1.350,0.760,3,0,554.451,0,0,14,66,0,16,0
29-06 18:39:41,18.976,15.730,63.669,0.250,0,1699444,404720,184008,5620992,4882.801,1701.839,0,151.807,0,8.989,6411,7842,1.760,1.350,0.760,3,0,211.731,0,0,14,66,0,16,0
29-06 18:39:42,28.951,24.958,45.174,0,0.250,1774960,329136,184016,5621052,4570.340,1455.560,0,403.324,0,10.982,6807,5610,1.860,1.380,0.770,4,0,583.023,0,0,14,66,0,16,0
29-06 18:39:43,30.536,25.530,44.302,0,0,1834652,268568,184076,5621824,4865.722,1621.907,0,680.801,0,73.086,7312,8069,1.860,1.380,0.770,5,0,630.742,0,0,14,66,0,14,0
29-06 18:39:44,35.834,22.553,41.096,0,0,1928180,174268,184096,5622972,4769.154,1461.418,0,28.066,0,7.016,6981,9486,1.860,1.380,0.770,3,0,395.926,0,0,14,70,0,16,0
29-06 18:39:45,61.848,22.694,14.714,0,0,1978516,194324,178028,5559832,4788.254,1616.036,7.980,39.902,1.995,6.983,5084,4163,1.860,1.380,0.770,7,0,416.977,0,0,14,70,0,16,0
29-06 18:39:46,66.123,19.962,12.726,0.250,0,2114200,122032,173728,5502084,4765.855,1545.035,227.563,550.943,9.981,7.985,6026,8364,1.860,1.380,0.770,6,0,297.429,0,0,14,70,0,16,0
29-06 18:39:47,69.722,27.739,2.499,0.500,0,2227392,178436,172652,5337276,4608.180,1349.467,1551.387,1735.315,91.964,82.967,6142,6169,2.030,1.430,0.790,5,0,535.788,0,0,14,70,0,15,0
29-06 18:39:48,78.576,17.517,2.002,0.751,0,2377476,183636,173688,5184276,4254.098,1351.302,1949.878,724.698,135.130,35.034,7396,8696,2.030,1.430,0.790,6,0,246.237,0,0,14,74,0,15,0
29-06 18:39:49,63.076,27.033,7.759,2.253,0,2498528,177616,173500,5072108,4237.117,1513.828,1229.485,27981.794,60.073,1865.253,14302,23582,2.030,1.430,0.790,6,1,442.534,0,0,14,76,0,15,0
29-06 18:39:50,69.171,20.300,7.769,2.005,0,2590820,153492,173616,5005460,4882.092,1624.022,481.192,15153.533,22.055,1358.364,13040,24488,2.030,1.430,0.790,3,0,229.569,0,0,14,76,0,15,2
29-06 18:39:51,76.949,20.420,2.490,0,0,2698420,187816,173624,4866324,4499.389,1613.684,462.191,1211.259,12.949,62.754,7922,10931,2.030,1.430,0.790,6,0,392.464,0,0,14,80,0,21,0
29-06 18:39:52,53.004,25.752,19.752,0.250,0,2813980,140424,173624,4799660,5506.460,1650.138,8.001,1440.120,2.000,87.007,9490,13104,2.270,1.490,0.810,4,0,565.047,0,0,14,89,0,29,0
29-06 18:39:53,49.824,17.025,32.548,0.250,0,2891304,131152,173636,4733604,5227.762,1622.409,3192.740,10191.130,36.054,590.877,6905,7194,2.270,1.490,0.810,4,0,269.400,0,0,14,92,0,29,0
29-06 18:39:54,58.764,9.752,31.257,0,0,3023112,137724,173644,4598564,5711.362,1620.386,0,3448.823,0,50.012,5067,7202,2.270,1.490,0.810,2,0,9.002,0,0,14,94,0,33,0
29-06 18:39:55,16.018,17.519,64.321,1.001,0,3027316,198280,173656,4534844,5105.619,1621.785,12.013,5810.395,3.003,327.360,6632,6882,2.270,1.490,0.810,2,0,358.394,0,0,14,97,0,32,0
29-06 18:39:56,8.244,19.486,70.699,0,0,3043548,181984,173656,4534892,5772.831,1708.766,7.994,83.939,1.999,9.993,5919,4580,2.270,1.490,0.810,2,0,372.731,0,0,14,97,0,32,0
29-06 18:39:57,12.188,14.427,71.388,0,0,3083576,141932,173656,4534916,5285.181,1504.366,3.980,111.435,0.995,9.950,4574,3484,2.090,1.460,0.800,2,0,257.692,0,0,14,97,0,32,0
29-06 18:39:58,19.326,3.514,77.055,0,0,3126252,167432,173660,4468872,8312.862,3966.681,4.016,4.016,1.004,1.004,1914,1446,2.090,1.460,0.800,2,0,1.004,0,0,14,98,0,32,0
29-06 18:39:59,21.900,2.240,74.410,0.498,0,3128200,165428,173664,4468924,26229.207,22589.828,43.800,346.418,4.977,23.891,2598,2491,2.090,1.460,0.800,3,0,0,0,0,14,99,0,31,0
29-06 18:40:00,19.407,6.553,72.838,0,0,3147872,145780,173664,4468944,4824.966,1578.750,4.033,64.521,1.008,5.041,2462,1763,2.090,1.460,0.800,2,0,63.513,0,0,14,99,0,31,0
29-06 18:40:01,18.150,3.232,77.822,0.497,0,3164992,128520,173664,4469088,12650.483,7942.355,0,143.213,0,17.902,2535,2506,2.090,1.460,0.800,4,0,0.995,0,0,14,104,0,32,0
29-06 18:40:02,25.566,6.016,66.924,1.253,0,3162184,130012,173680,4470356,6015.643,1666.333,890.315,1556.046,31.081,201.524,5038,6947,2,1.450,0.810,2,0,3.008,0,0,14,107,0,32,0
29-06 18:40:03,24.775,7.758,65.316,0.250,0,3071736,220308,173680,4470508,6859.936,2777.809,68.069,1213.227,5.005,114.115,4983,5574,2,1.450,0.810,2,0,106.107,0,0,14,108,0,32,0
29-06 18:40:04,30.522,6.254,62.545,0,0,3221124,137544,173680,4405616,5315.806,1513.083,0,544.390,0,32.023,2711,1891,2,1.450,0.810,3,0,10.007,0,0,14,112,0,32,0
29-06 18:40:05,22.839,3.476,71.744,0.248,0,3236040,122480,173680,4405764,13109.597,9670.835,39.720,1366.369,3.972,86.391,3090,3144,2,1.450,0.810,1,0,0.993,0,0,14,115,0,32,0
29-06 18:40:06,29.522,5.004,63.797,1.001,0,3276092,148220,173684,4341608,7774.675,3112.272,44.032,1633.192,5.004,167.122,5065,6773,2,1.450,0.810,3,0,7.005,0,0,14,118,0,33,0
29-06 18:40:07,40.509,12.003,46.510,0,0,3334180,155148,173688,4278152,5757.297,1656.373,68.015,520.117,10.002,39.009,3929,2813,2,1.460,0.810,3,0,98.022,0,0,14,118,0,33,0
29-06 18:40:08,33.253,4.250,62.005,0,0,3396724,153144,173688,4218644,29141.447,25254.121,0,408.034,0,26.002,2696,1737,2,1.460,0.810,2,0,1.000,0,0,14,118,0,28,0
29-06 18:40:09,21.018,5.505,72.311,0.250,0,3382248,167864,173688,4218528,5136.347,1513.281,0,840.711,0,23.019,2494,1814,2,1.460,0.810,2,0,55.047,0,0,14,118,0,28,0
29-06 18:40:10,18.239,2.249,79.201,0,0,3406164,143936,173688,4218540,27951.587,25104.361,0,299.813,0,16.989,1955,1563,2,1.460,0.810,2,0,0,0,0,14,118,0,29,0
29-06 18:40:11,20.746,6.749,71.735,0.250,0,3442724,156840,173688,4169888,5115.939,1619.664,7.998,2803.418,2.000,67.986,2639,2109,2,1.460,0.810,2,0,50.989,0,0,14,118,0,29,0
29-06 18:40:12,16.851,2.264,79.980,0,0,3463852,135700,173688,4169900,11391.324,8086.502,8.048,225.352,2.012,12.072,1897,1613,1.920,1.450,0.810,2,0,0,0,0,14,119,0,29,0
29-06 18:40:13,20.663,6.970,69.705,0.996,0,3414460,184988,173692,4170000,6669.760,2756.330,3.983,5205.958,0.996,340.558,4338,5210,1.920,1.450,0.810,2,0,81.654,0,0,14,118,0,30,0
29-06 18:40:14,27.812,4.259,66.898,0.251,0,3459388,139740,173692,4170320,9827.797,6266.899,72.160,6394.182,5.011,538.194,3991,4747,1.920,1.450,0.810,2,0,8.018,0,0,14,121,0,31,0
29-06 18:40:15,19.543,5.512,74.415,0,0,3455020,143960,173692,4170468,23082.108,19353.853,0,444.985,0,29.064,2636,2110,1.920,1.450,0.810,1,0,55.122,0,0,14,120,0,32,0
29-06 18:40:16,19.152,2.985,76.610,0,0,3410536,219968,173692,4138988,7964.423,3984.699,3.980,43.777,0.995,3.980,1809,1294,1.920,1.450,0.810,1,0,0,0,0,14,121,0,32,0
29-06 18:40:17,21.266,4.754,71.053,1.751,0,3412296,218004,173692,4139192,9972.454,5525.130,44.033,1725.290,4.003,238.178,5327,7923,1.850,1.450,0.820,3,0,1.001,0,0,14,122,0,32,0
29-06 18:40:18,23.802,5.512,68.651,0.752,0,3366424,263632,173696,4139432,6528.392,2054.529,52.115,1880.145,4.009,168.371,5142,6899,1.850,1.450,0.820,2,0,54.119,0,0,14,121,0,34,0
29-06 18:40:19,21.895,3.732,73.894,0,0,3429444,200620,173696,4139440,6517.612,2295.943,7.962,2782.600,0.995,313.490,1912,1427,1.850,1.450,0.820,1,0,0,0,0,14,122,0,34,0
29-06 18:40:20,16.041,1.504,80.708,0.251,0,3429456,200524,173696,4139524,15493.970,10991.354,32.083,521.345,2.005,25.065,2392,2347,1.850,1.450,0.820,2,0,0,0,0,14,122,0,34,0
29-06 18:40:21,26.095,5.771,66.744,0.753,0,3426440,203436,173696,4139628,5195.963,1668.088,0,1818.637,0,205.751,6574,10006,1.850,1.450,0.820,3,0,0,0,0,14,122,0,34,0
29-06 18:40:22,34.461,8.181,55.783,0.248,0,3420640,209148,173696,4139716,5821.259,2465.358,0,829.058,0,74.377,7271,10021,1.940,1.470,0.830,2,0,79.336,0,0,14,127,0,35,0
29-06 18:40:23,19.017,2.252,76.818,0,0,3464004,165644,173704,4139848,10483.290,7177.361,0,556.493,0,33.029,1821,1521,1.940,1.470,0.830,2,0,0,0,0,14,128,0,35,0
29-06 18:40:24,19.137,4.281,74.281,1.007,0,3435208,194408,173704,4139880,8987.294,5568.839,0,1144.185,0,125.901,3615,4305,1.940,1.470,0.830,2,0,58.418,0,0,14,129,0,36,0
29-06 18:40:25,21.468,6.490,71.644,0.250,0,3441608,187996,173704,4139892,4691.037,1497.777,0,886.684,0,48.927,2760,2289,1.940,1.470,0.830,1,0,89.867,0,0,14,129,0,36,0
29-06 18:40:26,15.942,3.238,79.958,0,0,3451504,178088,173704,4139904,15851.147,12764.412,0,530.065,0,33.876,2167,1924,1.940,1.470,0.830,1,0,5.978,0,0,14,130,0,36,0
29-06 18:40:27,26.495,5.499,65.239,1.000,0,3449288,180164,173708,4140040,6033.961,1916.670,7.999,7042.788,2.000,479.917,6935,10430,1.780,1.450,0.820,2,0,0,0,0,14,130,0,36,0
29-06 18:40:28,43.522,11.824,42.013,1.006,0,3419192,209476,173724,4140776,6631.452,3292.581,414.592,1807.297,65.409,180.126,13173,21383,1.780,1.450,0.820,3,0,157.988,0,0,14,129,0,37,0
29-06 18:40:29,30.597,8.209,60.199,0.249,0,3451588,176972,173724,4140852,4919.441,2065.688,15.921,1158.218,0.995,62.687,4952,5922,1.780,1.450,0.820,2,0,132.339,0,0,14,129,0,37,0
29-06 18:40:30,20.246,1.750,77.484,0.250,0,3466020,162528,173724,4140864,12488.445,9206.116,0,515.894,0,26.994,2149,1826,1.780,1.450,0.820,2,0,0,0,0,14,129,0,38,0
29-06 18:40:31,8.802,19.615,69.911,0,0,3410252,218256,173724,4140904,4708.662,1466.616,0,490.884,0,31.183,5916,4719,1.780,1.450,0.820,2,0,412.423,0,0,14,129,0,38,0
29-06 18:40:32,14.482,18.477,65.419,0,0,3382964,245380,173724,4141396,5207.565,1618.001,0,479.408,0,31.961,6458,6839,1.720,1.440,0.820,4,0,330.591,0,0,14,129,0,38,0
29-06 18:40:33,27.210,18.972,52.672,0.250,0,3405476,222828,173724,4141096,5050.514,1455.842,0,2192.750,0,126.812,6227,5898,1.720,1.440,0.820,3,0,370.451,0,0,14,129,0,38,0
29-06 18:40:34,34.237,22.741,41.984,0.250,0,3465456,162332,173736,4142036,5098.000,1689.337,47.981,455.821,2.999,30.988,7108,7643,1.720,1.440,0.820,3,0,472.814,0,0,14,133,0,38,0
29-06 18:40:35,38.631,18.312,42.394,0,0,3524844,160084,173736,4086108,5418.430,1625.529,92.314,4338.758,5.017,435.481,7118,7565,1.720,1.440,0.820,5,0,341.160,0,0,16,137,0,38,0
29-06 18:40:36,58.935,26.970,13.236,0.250,0,3680648,151848,173744,3940092,5576.895,1456.406,95.895,683.252,5.993,51.943,7421,12134,1.720,1.440,0.820,4,0,552.395,0,0,16,143,0,38,0
29-06 18:40:37,60.448,18.984,19.733,0.250,0,3749176,181256,173744,3843516,5275.496,1618.618,31.973,495.577,4.996,38.967,8674,14750,2.140,1.530,0.860,2,0,279.761,0,0,16,159,0,38,0
29-06 18:40:38,34.268,24.013,40.771,0,0,3821772,163836,173748,3789572,5540.894,1458.762,0,536.280,0,17.009,14958,5781,2.140,1.530,0.860,4,0,576.301,0,0,16,159,0,38,0
29-06 18:40:39,26.493,22.494,49.987,0.250,0,3842344,198372,173748,3736352,6358.385,1709.566,0,711.819,0,20.995,7207,7297,2.140,1.530,0.860,2,0,443.887,0,0,17,159,0,38,0
29-06 18:40:40,29.208,17.974,51.426,0,0,3886320,154152,173748,3736212,7087.783,1455.901,203.706,2923.785,12.981,33.951,7302,18363,2.140,1.530,0.860,3,0,370.466,0,0,17,159,0,38,0
29-06 18:40:41,34.213,22.561,41.899,0.248,0,3956160,154104,173748,3668356,6383.503,1606.536,15.867,420.476,3.967,31.734,7410,7546,2.140,1.530,0.860,3,0,445.268,0,0,17,159,0,38,0
29-06 18:40:42,32.768,18.148,48.648,0,0,4000204,146524,173756,3632232,4839.591,1633.362,32.264,367.002,2.016,17.140,6592,7009,2.130,1.540,0.860,2,0,346.837,0,0,17,165,0,38,0
29-06 18:40:43,41.261,26.507,32.509,0,0,4113728,137976,173764,3529696,4861.302,1690.453,28.008,384.103,5.001,31.008,9030,14263,2.130,1.540,0.860,3,0,683.183,0,0,17,171,0,38,0
29-06 18:40:44,23.742,23.742,50.483,0.250,0,4169144,126912,173764,3486408,4784.385,1457.508,19.993,995.664,4.998,62.979,9377,14827,2.130,1.540,0.860,4,0,533.820,0,0,17,179,0,36,0
29-06 18:40:45,22.760,15.757,60.525,0.250,0,4183596,154832,173764,3444964,4681.958,1620.678,8.003,536.224,2.001,30.013,6519,8424,2.130,1.540,0.860,3,0,265.111,0,0,17,185,0,36,0
29-06 18:40:46,41.591,11.705,45.078,0.249,0,4313104,145760,173764,3326544,5097.544,1613.840,1036.046,334.722,18.928,33.871,3908,2837,2.130,1.540,0.860,3,0,95.635,0,0,17,187,0,36,0
29-06 18:40:47,52.940,9.534,36.380,0.753,0,4437096,124152,173764,3227068,4877.484,1625.828,228.820,642.302,6.022,64.230,4019,2976,2.120,1.550,0.870,1,0,16.058,0,0,17,208,0,36,0
29-06 18:40:48,30.076,10.025,59.401,0,0,4345472,259184,173772,3184448,5413.721,1624.116,84.213,332.844,7.018,23.058,4040,3521,2.120,1.550,0.870,3,0,208.529,0,0,17,209,0,37,0
29-06 18:40:49,32.242,24.244,41.240,0,0,4412816,189656,173780,3186624,4738.816,1709.573,1955.512,427.893,24.994,29.993,7031,6775,2.120,1.550,0.870,4,0,596.851,0,0,17,209,0,37,0
29-06 18:40:50,42.335,22.164,35.113,0.249,0,4428068,171860,173796,3189116,13232.501,10103.678,916.433,924.402,19.922,108.577,7563,11129,2.120,1.550,0.870,3,0,308.798,0,0,17,211,0,38,0
29-06 18:40:51,76.390,17.475,5.991,0.250,0.250,4571172,150284,173804,3071652,5049.698,1617.661,87.873,1246.198,10.984,47.931,5263,4797,2.120,1.550,0.870,6,0,152.779,0,0,17,216,0,38,0
29-06 18:40:52,64.396,11.981,18.470,3.994,0,4646504,148500,173872,3000176,12304.106,9295.969,7412.016,1138.160,427.309,63.897,5741,5485,2.190,1.570,0.880,4,0,24.960,0,0,17,227,0,38,0
29-06 18:40:53,53.495,16.827,28.882,1.005,0,4648184,188112,173912,2960568,8675.713,4669.374,819.752,2145.822,117.538,150.690,7357,9796,2.190,1.570,0.880,3,0,236.081,0,0,17,227,0,29,0
29-06 18:40:54,39.490,23.994,35.741,0.250,0,4695876,175896,173912,2926216,6467.294,3585.054,0,435.885,0,24.993,7652,8863,2.190,1.570,0.880,2,0,480.873,0,0,17,230,0,29,0
29-06 18:40:55,43.003,19.501,36.003,0.250,0,4713708,187288,173920,2896984,12673.936,9395.694,152.011,26365.948,12.001,902.067,7393,9009,2.190,1.570,0.880,4,0,311.023,0,0,17,229,0,30,0
29-06 18:40:56,58.581,28.050,12.411,0,0,4758572,150356,173924,2889920,5052.895,1501.273,107.234,2807.936,1.986,31.773,6629,8085,2.190,1.570,0.880,5,0,508.367,0,0,17,229,0,30,0
29-06 18:40:57,57.044,19.852,21.862,0.754,0,4815072,157312,173948,2826940,13845.238,9819.524,1302.703,739.807,61.315,35.181,8010,11763,2.260,1.600,0.890,5,1,286.474,0,0,17,234,0,27,0
29-06 18:40:58,56.682,26.084,16.553,0.251,0,4837136,164324,173948,2798884,8057.935,4239.645,4.013,3386.901,1.003,193.623,7465,9994,2.260,1.600,0.890,3,0,505.627,0,0,17,237,0,28,0
29-06 18:40:59,59.193,20.730,18.982,0,0,4919300,157476,173956,2725372,10679.759,7266.032,571.452,907.130,31.969,56.945,8999,13551,2.260,1.600,0.890,4,0,265.745,0,0,17,244,0,30,0
29-06 18:41:00,62.237,15.247,21.496,0.250,0.250,4990992,169932,173964,2643180,9775.992,6418.682,767.842,1047.785,20.996,49.990,9987,19011,2.260,1.600,0.890,3,0,45.991,0,0,17,243,0,32,0
29-06 18:41:01,59.469,9.245,29.734,0.500,0,5089664,134468,173968,2581568,12174.599,8130.725,1235.350,651.657,75.960,39.979,4760,4247,2.260,1.600,0.890,5,0,3.998,0,0,17,246,0,34,0
29-06 18:41:02,54.864,9.019,35.323,0.501,0,5153952,147600,173968,2506288,19018.523,14991.153,1266.632,974.024,35.073,100.208,5594,6259,2.560,1.670,0.920,4,0,16.033,0,0,17,253,0,37,0
29-06 18:41:03,51.859,25.680,20.444,0.499,0,5089008,208888,174092,2509844,5251.705,1561.749,4128.761,1482.963,62.829,61.832,7318,8076,2.560,1.670,0.920,5,0,520.583,0,0,17,253,0,37,0
29-06 18:41:04,50.340,23.675,24.921,0,0,5130760,167028,174092,2510396,16620.044,12434.381,1036.697,637.967,8.971,40.870,7230,9498,2.560,1.670,0.920,14,0,443.587,0,0,17,253,0,38,0
29-06 18:41:05,73.279,17.818,9.536,0,0,5178252,150984,174104,2479888,5420.653,1626.196,778.968,859.274,8.031,22.084,5408,4126,2.560,1.670,0.920,5,0,172.658,0,0,18,256,0,35,0
29-06 18:41:06,80.926,13.780,4.259,1.002,0,5286592,144604,174116,2382280,11488.038,7604.574,3094.745,954.079,152.332,71.155,6324,6119,2.560,1.670,0.920,4,0,15.033,0,0,18,261,0,35,0
29-06 18:41:07,79.017,12.463,7.478,0.748,0,5287384,192380,174152,2335088,10501.998,6397.116,1495.585,2903.429,51.847,263.223,7957,12230,2.590,1.690,0.930,3,0,71.788,0,0,18,265,0,37,0
29-06 18:41:08,39.763,14.005,44.515,0,0,5371424,128092,174156,2316488,7261.452,4849.638,552.186,572.193,8.003,34.011,4480,3629,2.590,1.690,0.930,1,0,169.057,0,0,18,269,0,37,0
29-06 18:41:09,36.025,9.192,53.913,0.248,0,5311672,213604,174156,2292488,13879.166,10081.924,779.125,866.578,6.956,71.552,4015,3583,2.590,1.690,0.930,4,0,12.919,0,0,18,270,0,36,0
29-06 18:41:10,40.841,9.521,48.358,0,0,5383504,141700,174156,2292572,4014.976,1569.509,513.147,914.043,4.009,28.063,3865,2993,2.590,1.690,0.930,3,0,8.018,0,0,18,273,0,36,0
29-06 18:41:11,25.102,5.773,67.776,0.251,0,5400428,133500,174156,2284548,15653.661,12442.602,530.156,658.679,5.020,57.233,3334,3254,2.590,1.690,0.930,1,0,4.016,0,0,18,273,0,36,1
29-06 18:41:12,27.622,6.470,64.948,0.747,0,5372108,161816,174156,2284552,4610.584,1678.205,0,549.448,0,50.764,2925,2474,2.540,1.700,0.940,2,0,8.958,0,0,18,279,0,37,0
29-06 18:41:13,19.003,2.250,77.263,0,0,5392344,141576,174156,2284556,11972.011,8682.458,0,344.058,0,19.003,2086,1886,2.540,1.700,0.940,2,0,0,0,0,18,280,0,35,0
29-06 18:41:14,16.559,3.011,78.026,0.251,0,5305496,228416,174156,2284564,8603.442,5293.731,0,461.633,0,39.138,2497,2676,2.540,1.700,0.940,1,0,5.018,0,0,18,279,0,36,0
29-06 18:41:15,19.693,3.241,76.776,0,0,5363136,170760,174160,2284576,7472.246,3939.531,3.988,8961.909,0.997,30.910,1967,1530,2.540,1.700,0.940,2,0,0,0,0,18,280,0,36,0
29-06 18:41:16,16.308,3.011,78.779,0.502,0,5314392,219360,174160,2284720,23974.830,12263.392,0,18718.231,0,1297.591,3123,2842,2.540,1.700,0.940,2,0,8.028,0,0,18,280,0,37,0
29-06 18:41:17,7.017,3.007,87.207,0.501,0,5308116,217640,174160,2292700,8591057.566,145283.671,0,577.374,0,52.124,9464,7466,2.340,1.670,0.930,1,0,31.074,0,0,18,283,0,35,0
29-06 18:41:18,6.476,7.223,83.189,0.498,0,5300600,214836,174164,2302984,9925816.473,210024.235,2267.517,183.314,25.903,9.963,13529,6558,2.340,1.670,0.930,2,0,95.642,0,0,18,282,0,35,0
29-06 18:41:19,15.707,12.216,70.556,0,0,5339944,175444,174164,2303032,6155.037,1615.548,15.956,538.516,0.997,37.896,4131,3456,2.340,1.670,0.930,2,0,162.552,0,0,18,282,0,35,0
29-06 18:41:20,19.507,3.001,76.528,0,0,5384464,130920,174164,2303036,11360.084,7429.671,0,2576.926,0,190.068,2092,1656,2.340,1.670,0.930,2,0,0,0,0,18,283,0,35,0
29-06 18:41:21,21.740,2.999,72.716,0.750,0,5383816,131036,174164,2303588,30921.417,940554.429,495.766,715.662,28.986,73.965,5046,6487,2.340,1.670,0.930,1,0,2.999,0,0,18,290,0,35,0
29-06 18:41:22,5.498,1.749,89.461,0,0,5386764,128080,174164,2303596,5415238.175,15479340.217,0,355.846,0,28.987,4724,3405,2.150,1.640,0.930,2,0,0,0,0,18,295,0,35,0
29-06 18:41:23,22.490,3.998,70.219,1.249,0.250,5264416,234296,174172,2319688,11562502.687,160674.069,47.979,3526.421,2.999,223.900,13721,13489,2.150,1.640,0.930,2,0,4.998,0,0,18,292,0,38,0
29-06 18:41:24,12.059,17.335,69.338,0,0,5299844,198740,174172,2319800,4926.028,1519.411,48.235,277.353,4.020,14.069,5506,4911,2.150,1.640,0.930,1,0,463.260,0,0,18,292,0,38,0
29-06 18:41:25,23.132,3.482,72.877,0,0,5355536,143048,174172,2319800,5119.827,1558.035,0,234.800,0,11.939,2041,1520,2.150,1.640,0.930,2,0,0,0,0,18,292,0,36,0
29-06 18:41:26,14.585,13.328,70.413,0.251,0,5344768,153776,174172,2319840,5420.764,1520.912,4.024,760.456,1.006,60.354,4855,4070,2.150,1.640,0.930,2,0,270.586,0,0,18,292,0,36,0
29-06 18:41:27,9.753,19.505,69.520,0,0,5328232,170220,174172,2319932,5027.411,1566.440,12.003,332.093,1.000,12.003,6015,4825,2.140,1.650,0.930,1,0,406.114,0,0,18,292,0,36,0
29-06 18:41:28,1.245,1.245,96.575,0,0,5321668,176784,174172,2319932,5256.873,1612.904,0,15886.110,0,26.882,1033,1294,2.140,1.650,0.930,2,0,3.982,0,0,18,292,0,36,0
29-06 18:41:29,24.482,4.746,69.448,0,0,5376116,137896,174172,2304452,4814.403,1456.911,0,199.851,0,20.984,2614,2282,2.140,1.650,0.930,2,0,6.995,0,0,18,294,0,35,0
29-06 18:41:30,18.011,2.251,78.799,0,0,5384620,129308,174172,2304536,13669.513,10302.416,64.040,4698.926,4.002,63.039,2354,2131,2.140,1.650,0.930,3,0,3.002,0,0,18,298,0,36,0
29-06 18:41:31,12.293,15.805,70.245,0.251,0,5301500,212308,174176,2304620,4990.382,1300.530,8.028,92.322,2.007,7.024,5058,3855,2.140,1.650,0.930,2,0,231.807,0,0,18,298,0,36,0
29-06 18:41:32,12.520,16.526,70.110,0,0,5292056,221456,174176,2304916,5334.356,1568.457,0,116.182,0,10.016,5457,4110,2.050,1.640,0.930,1,0,227.356,0,0,18,298,0,36,0
29-06 18:41:33,18.123,10.178,69.760,0.497,0,5324816,188464,174176,2305148,4583.793,1126.088,35.749,568.009,2.979,46.672,4156,3519,2.050,1.640,0.930,2,0,139.023,0,0,18,298,0,36,0
29-06 18:41:34,22.468,3.994,72.895,0,0,5386048,127232,174176,2305148,4737.174,1401.980,0,39.942,0,3.994,1974,1486,2.050,1.640,0.930,2,0,0.999,0,0,18,298,0,35,0
29-06 18:41:35,22.900,3.271,71.973,0,0,5418656,119208,174176,2280980,5324.965,1630.708,406.670,193.269,13.086,25.165,2474,2227,2.050,1.640,0.930,1,0,4.026,0,0,18,302,0,35,0
29-06 18:41:36,23.573,3.762,71.974,0.502,0,5335480,202328,174176,2281036,5795.021,1625.053,24.075,15777.062,4.012,509.585,2467,2186,2.050,1.640,0.930,1,0,5.016,0,0,18,298,0,35,0
29-06 18:41:37,23.461,4.493,71.382,0.250,0,5393940,143868,174176,2281036,5510.895,1617.328,0,239.604,0,20.965,2370,2241,1.960,1.630,0.930,2,0,2.995,0,0,18,298,0,35,0
29-06 18:41:38,12.681,1.492,85.040,0,0,5404760,133032,174176,2281052,24397.944,20352.838,0,79.569,0,5.968,2365,2281,1.960,1.630,0.930,2,0,0.995,0,0,18,303,0,36,0
29-06 18:41:39,24.369,4.522,69.339,0,0,5385056,152728,174180,2281056,6369.094,1760.595,0,233.138,0,24.118,2690,2343,1.960,1.630,0.930,1,0,16.078,0,0,18,300,0,37,0
29-06 18:41:40,23.281,4.256,71.596,0,0,5431352,130712,174180,2257252,6052.156,1459.967,0,236.318,0,25.034,2287,1854,1.960,1.630,0.930,4,0,11.015,0,0,18,300,0,37,0
29-06 18:41:41,20.962,12.228,65.132,0.499,0,5331572,236120,174188,2251772,6151.855,1617.070,391.291,391.291,4.991,14.973,4967,11406,1.960,1.630,0.930,3,0,215.609,0,0,18,300,0,38,0
29-06 18:41:42,10.697,18.409,69.903,0,0,5338948,228600,174188,2251916,5638.028,1653.795,27.862,3.980,2.985,0.995,5622,4440,1.890,1.610,0.930,2,0,390.065,0,0,18,300,0,37,0
29-06 18:41:43,22.426,3.276,73.326,0.252,0,5360792,206660,174220,2251980,4192.946,1737.654,52.412,499.928,4.032,28.222,2395,2080,1.890,1.610,0.930,1,0,33.261,0,0,18,301,0,37,0
29-06 18:41:44,18.279,2.754,78.124,0,0,5361676,199000,174824,2258036,10289.328,3015.786,4.006,1093.736,1.002,22.035,1963,1754,1.890,1.610,0.930,1,0,4.006,0,0,18,300,0,37,0
29-06 18:41:45,22.658,5.478,70.214,0,0,5384644,174724,174884,2259268,4619.207,1452.092,0,0,0,0,10147,18681,1.890,1.610,0.930,1,0,13.943,0,0,18,300,0,37,0
29-06 18:41:46,19.671,4.482,73.703,0.249,0,5366924,192052,174908,2259636,12412.034,4608.448,51.792,741.017,7.968,12.948,8352,16205,1.890,1.610,0.930,2,0,5.976,0,0,18,301,0,37,0
29-06 18:41:47,22.011,5.753,71.536,0,0,5353488,204484,174992,2260540,4830.412,1458.728,0,724.362,0,15.007,2500,2101,1.820,1.600,0.940,4,0,16.008,0,0,18,301,0,37,0
29-06 18:41:48,16.001,14.001,68.506,0.250,0,5330628,234096,175036,2253792,5264.480,1794.164,48.004,836.076,3.000,29.003,4901,4327,1.820,1.600,0.940,3,0,272.025,0,0,18,300,0,37,0
29-06 18:41:49,25.586,2.759,70.236,0,0,5376536,187884,175036,2254096,4954.664,1462.920,112.378,196.661,7.024,20.067,2450,2257,1.820,1.600,0.940,1,0,1.003,0,0,18,300,0,37,0
29-06 18:41:50,18.689,2.492,77.498,0.249,0,5385340,179036,175036,2254140,15573.291,11914.205,15.948,255.169,0.997,18.938,2479,2338,1.820,1.600,0.940,3,0,0.997,0,0,18,300,0,39,0
29-06 18:41:51,18.812,8.528,71.485,0,0,5360820,203524,175036,2254172,4610.156,1462.809,16.053,240.792,2.007,20.066,3292,2932,1.820,1.600,0.940,1,0,116.383,0,0,18,300,0,39,0
29-06 18:41:52,20.165,2.738,75.681,0,0,5390620,173716,175036,2254180,13808.779,10200.990,0,254.925,0,24.895,2650,2678,1.750,1.590,0.940,2,0,0,0,0,18,300,0,40,0
29-06 18:41:53,20.968,6.989,71.640,0.499,0.250,5380988,183256,175040,2254268,5391.722,1659.452,79.877,251.614,3.994,21.966,2910,2591,1.750,1.590,0.940,2,0,69.893,0,0,18,300,0,40,0
29-06 18:41:54,19.000,3.250,76.252,0,0,5409756,154480,175040,2254276,12496.246,9304.183,0,144.003,0,10.000,2118,1622,1.750,1.590,0.940,1,0,0,0,0,18,301,0,34,0
29-06 18:41:55,20.006,5.752,72.771,0,0,5403112,161092,175040,2254308,11488.263,6933.969,16.005,432.123,1.000,31.009,2640,2205,1.750,1.590,0.940,2,0,56.016,0,0,18,300,0,35,0
29-06 18:41:56,18.759,4.502,76.535,0,0,5421884,201808,174336,2195900,11548.306,7402.401,0,0,0,0,1986,1570,1.750,1.590,0.940,3,0,0,0,0,18,301,0,35,0
29-06 18:41:57,19.766,5.755,73.310,0.500,0,5420564,202856,174336,2196172,10528.626,6133.025,132.108,1977.620,8.007,342.280,2741,2211,1.690,1.580,0.940,2,0,32.026,0,0,18,300,0,38,0
29-06 18:41:58,19.508,3.251,76.782,0,0,5434588,188824,174336,2196180,10984.552,7336.040,0,52.022,0,4.002,2052,1651,1.690,1.580,0.940,3,0,1.000,0,0,18,301,0,34,0
29-06 18:41:59,16.990,4.497,76.456,0.250,0,5359152,264236,174336,2196232,10551.918,6780.092,31.982,579.666,1.999,53.969,3152,3266,1.690,1.580,0.940,2,0,46.973,0,0,18,300,0,35,0
29-06 18:42:00,21.488,3.498,73.709,0,0,5416860,206528,174336,2196232,5147.118,2916.367,0,139.922,0,9.994,2022,1535,1.690,1.580,0.940,0,0,0,0,0,18,301,0,35,0
29-06 18:42:01,17.587,4.773,77.130,0,0,5349840,273532,174336,2196248,15018.929,10540.886,0,1350.648,0,102.505,2545,2128,1.690,1.580,0.940,1,0,32.158,0,0,18,300,0,38,0
29-06 18:42:02,23.389,4.230,71.909,0.249,0,5403284,220088,174336,2196248,4890.815,1170.451,0,266.736,0,20.901,2039,1676,1.630,1.570,0.940,2,0,0,0,0,18,301,0,30,0
29-06 18:42:03,13.254,1.751,83.027,0.250,0,5394516,228812,174336,2196292,16269.363,12353.072,16.005,456.150,1.000,47.015,2561,3037,1.630,1.570,0.940,3,0,0,0,0,18,300,0,31,0
29-06 18:42:04,8.246,8.496,81.211,1.000,0,5328888,292588,174900,2197580,9776.321,3906.131,1735.170,243.883,267.872,13.993,3589,3396,1.630,1.570,0.940,1,0,179.914,0,0,18,302,0,31,0
29-06 18:42:05,3.765,9.538,85.342,0,0,5315784,305636,174908,2197628,15850.530,3444.807,0,293.175,0,24.097,2851,2537,1.630,1.570,0.940,1,0,125.503,0,0,18,300,1,32,0
29-06 18:42:06,5.248,4.998,87.962,0.250,0,5318452,302948,174908,2197648,11508.065,4728.972,0,695.702,0,44.981,2610,2851,1.630,1.570,0.940,2,0,91.961,0,0,18,300,0,30,0
29-06 18:42:07,17.797,9.024,71.438,1.003,0,5336420,276712,175004,2205820,5159.547,1570.123,1143.001,429.127,103.271,25.066,3736,3500,1.580,1.560,0.940,2,0,122.321,0,0,18,300,0,30,0
29-06 18:42:08,19.336,2.479,76.599,0,0,5363024,246128,175040,2209748,10796.208,3596.422,0,1166.086,0,9.916,2112,1811,1.580,1.560,0.940,2,0,16.857,0,0,18,301,0,30,0
29-06 18:42:09,18.904,3.529,76.373,1.260,0,5342892,261500,175072,2214428,10843.469,3980.476,617.034,2210.031,15.123,92.757,2884,2919,1.580,1.560,0.940,3,0,39.321,0,0,18,300,0,30,0
29-06 18:42:10,15.224,12.729,70.381,0.250,0,5338312,264052,175072,2216440,4851.821,1617.274,786.674,1948.715,16.971,60.897,4776,4279,1.580,1.560,0.940,2,0,263.556,0,0,18,300,0,27,0
29-06 18:42:11,18.913,3.235,76.151,0,0,5369580,232768,175080,2216448,10745.684,7191.993,0,266.776,0,17.918,2081,1855,1.580,1.560,0.940,3,0,0,0,0,18,301,0,27,0
29-06 18:42:12,20.990,4.998,72.964,0,0,5343772,258548,175080,2216476,22803.781,19397.457,0,7.996,0,1.999,2686,2069,1.540,1.550,0.940,2,0,46.977,0,0,18,300,0,29,0
29-06 18:42:13,19.039,3.507,76.408,0.251,0,5385140,217136,175080,2216520,10822.407,7348.214,32.066,364.755,1.002,41.085,2258,2238,1.540,1.550,0.940,3,0,0,0,0,18,301,0,29,0
29-06 18:42:14,21.997,3.500,73.490,0,0,5328316,273824,175080,2216656,8357.894,4706.377,127.983,123.984,7.999,7.999,2517,2094,1.540,1.550,0.940,3,0,13.998,0,0,18,300,0,31,0
29-06 18:42:15,19.738,2.748,76.203,0.250,0,5374160,227980,175080,2216656,6644.923,3583.801,0,115.929,0,7.995,1931,1499,1.540,1.550,0.940,1,0,0,0,0,18,301,0,29,0
29-06 18:42:16,21.246,4.249,71.737,1.000,0,5374032,225828,175096,2218904,10325.108,6040.893,1991.635,1107.797,77.986,151.972,5350,8163,1.540,1.550,0.940,4,1,1.000,0,0,18,301,0,29,0
29-06 18:42:17,23.493,3.999,70.730,0.500,0,5389624,210192,175108,2218928,6642.104,2319.338,0,5986.291,0,598.829,3109,3401,1.490,1.550,0.940,2,0,4.999,0,0,18,300,0,30,0
29-06 18:42:18,18.743,2.749,76.973,0,0,5420112,179688,175112,2218940,14327.963,9194.768,0,475.833,0,13.995,2230,1877,1.490,1.550,0.940,2,0,1.000,0,0,18,301,0,30,0
29-06 18:42:19,21.391,5.788,71.974,1.258,0,5331212,268388,175116,2219136,9406.924,4790.535,128.848,3575.537,6.040,280.849,5441,7413,1.490,1.550,0.940,2,0,57.378,0,0,18,300,0,30,0
29-06 18:42:20,8.259,22.776,67.327,0,0,5325932,273636,175120,2219164,6096.990,1661.905,0,348.399,0,31.036,7156,6383,1.490,1.550,0.940,2,0,685.786,0,0,18,300,0,30,0
29-06 18:42:21,8.243,23.229,66.691,0,0,5325260,274256,175124,2219208,4964.595,1510.660,0,411.635,0,41.963,7437,6991,1.490,1.550,0.940,3,0,701.378,0,0,18,300,0,30,0
29-06 18:42:22,9.003,22.759,66.775,0.250,0,5315300,284156,175132,2219260,4917.845,1566.588,4.002,2308.866,1.000,54.020,7279,6761,1.370,1.520,0.930,2,0,675.253,0,0,18,300,0,30,0
29-06 18:42:23,8.000,22.501,68.002,0,0,5315336,284088,175132,2219292,4426.112,1608.041,0,264.007,0,24.001,6887,6020,1.370,1.520,0.930,3,0,625.016,0,0,18,300,0,28,0
29-06 18:42:24,8.746,22.490,67.470,0,0,5306420,292968,175132,2219328,4044.207,1025.545,0,487.784,0,35.984,7036,6316,1.370,1.520,0.930,3,0,646.713,0,0,18,300,0,28,0
29-06 18:42:25,11.684,17.153,69.111,0.249,0,5312840,286472,175136,2219400,4878.525,1557.230,19.888,226.723,1.989,16.905,5886,4967,1.370,1.520,0.930,2,0,446.485,0,0,18,300,0,28,0
29-06 18:42:26,18.971,7.738,71.639,0,0,5322372,382848,175696,2124604,5320.768,1509.664,3.994,3598.433,0.998,233.639,2627,2128,1.370,1.520,0.930,2,0,42.934,0,0,18,300,0,28,0
29-06 18:42:27,20.249,2.750,76.247,0.250,0,5326736,375624,175864,2127296,11720.578,4375.842,39.999,763.972,5.000,6.000,2118,1741,1.340,1.510,0.930,3,0,15.999,0,0,18,301,0,25,0
29-06 18:42:28,14.740,2.248,80.444,1.249,0,5332748,368064,175960,2128748,28924.942,16714.409,1019.293,1918.669,77.946,62.956,2007,1950,1.340,1.510,0.930,1,1,0.999,0,0,18,301,0,25,0
29-06 18:42:29,17.808,1.756,78.507,1.003,0,5358876,340344,176012,2130292,22635.150,13234.354,1288.220,2130.981,75.246,103.339,2422,2668,1.340,1.510,0.930,1,1,0,0,0,18,301,0,25,0
29-06 18:42:30,16.077,1.005,80.888,1.256,0,5376780,320688,176012,2132036,26094.254,15429.061,1310.289,1905.145,74.357,65.314,1893,1734,1.340,1.510,0.930,1,0,0,0,0,18,301,0,25,0
29-06 18:42:31,20.596,2.978,74.690,0.993,0,5378696,282916,176188,2167608,11941.516,6219.395,12323.652,1282.390,132.011,53.598,2324,2083,1.340,1.510,0.930,3,0,0.993,0,0,18,301,0,24,0
29-06 18:42:32,24.002,2.500,72.007,0.750,0,5384440,259520,177148,2184080,5072.508,1512.151,0,7836.784,0,288.029,2625,2311,1.320,1.500,0.930,2,0,0,0,0,18,301,0,24,0
29-06 18:42:33,23.757,2.251,72.771,0.250,0,5383716,238376,177516,2205276,4801.398,1620.472,0,932.271,0,30.009,2225,1950,1.320,1.500,0.930,3,0,0,0,0,18,301,0,24,0
29-06 18:42:34,22.742,2.749,72.473,1.250,0,5380992,224276,178608,2220684,4904.194,1565.423,0,3002.894,0,120.955,2539,2416,1.320,1.500,0.930,4,0,0,0,0,18,301,0,24,0
29-06 18:42:35,23.204,2.495,72.107,0.749,0,5384172,192788,179616,2247616,4822.409,1508.999,0,2483.062,0,80.839,2434,2222,1.320,1.500,0.930,2,0,0,0,0,18,301,0,24,0
29-06 18:42:36,23.025,3.254,71.830,0.250,0,5332064,255476,180144,2236376,5871.499,1741.928,0,1830.026,0,74.082,2562,2395,1.320,1.500,0.930,2,0,2.002,0,0,18,300,0,24,0
29-06 18:42:37,16.748,3.749,78.988,0.250,0,5367800,219708,180144,2236404,12059.205,4386.347,0,1003.851,0,29.996,2362,2244,1.290,1.490,0.930,2,0,32.995,0,0,18,301,0,24,0
29-06 18:42:38,23.556,4.010,70.920,0.251,0,5364080,216948,180144,2242788,6224.885,1744.171,0,1639.921,0,24.058,5915,9626,1.290,1.490,0.930,4,0,9.022,0,0,18,300,0,24,0
29-06 18:42:39,23.986,5.247,68.461,0.250,0,5371084,208884,180144,2243812,4703.317,1025.415,15.991,2374.646,0.999,50.971,10097,18609,1.290,1.490,0.930,4,0,12.993,0,0,18,300,0,22,0
29-06 18:42:40,22.023,6.257,71.075,0.250,0,5360456,226808,180156,2236504,6158.499,1513.597,0,700.740,0,20.021,7522,12788,1.290,1.490,0.930,2,0,15.016,0,0,18,300,0,22,0
29-06 18:42:41,26.960,7.055,64.754,0.252,0,5345396,241952,180160,2236524,6110.549,1578.281,8.063,685.333,1.008,24.188,4461,14840,1.290,1.490,0.930,2,0,91.714,0,0,18,300,0,23,0
29-06 18:42:42,22.554,5.700,69.148,0.248,0,5386816,200512,180160,2236544,5206.643,1498.942,0,14588.910,0,79.309,9544,16829,1.350,1.500,0.940,3,0,19.827,0,0,18,300,0,23,0
29-06 18:42:43,24.756,5.501,68.766,0,0,5411612,169468,180160,2242720,11710.776,4736.123,596.141,2300.545,12.003,202.048,2536,1854,1.350,1.500,0.940,2,0,21.005,0,0,18,300,0,22,0
29-06 18:42:44,41.772,11.506,45.274,0,0,5451216,165636,179264,2208084,4294.272,1512.800,512.271,0,4.002,0,11183,18268,1.350,1.500,0.940,7,0,24.013,0,0,18,300,0,22,0
29-06 18:42:45,26.369,8.287,63.285,0.251,0.251,5425336,191092,179264,2208508,4325.485,1573.086,474.136,176.796,9.041,2.009,9965,17980,1.350,1.500,0.940,2,0,20.090,0,0,18,300,0,22,0
29-06 18:42:46,21.919,4.733,72.732,0,0,5377140,246860,179280,2201020,4978.645,1614.049,0,916.621,0,19.927,2200,1735,1.350,1.500,0.940,3,0,6.974,0,0,18,300,0,22,0
29-06 18:42:47,22.509,5.002,71.527,0,0,5345680,278300,179280,2201040,4921.869,1690.642,4.002,488.185,1.000,8.003,3372,3020,1.320,1.490,0.940,2,0,110.042,0,0,18,300,0,22,0
29-06 18:42:48,23.244,5.998,68.732,0,0,5368540,255424,179280,2201056,4858.705,1703.546,0,195.948,0,11.997,9809,18197,1.320,1.490,0.940,2,0,25.993,0,0,18,300,0,22,0
29-06 18:42:49,17.481,3.496,76.914,0.499,0,5375324,243676,179280,2205996,11354.362,4663.809,0,1813.981,0,74.917,2466,2541,1.320,1.490,0.940,2,0,17.980,0,0,18,300,0,22,0
29-06 18:42:50,24.505,5.001,69.263,0,0,5379736,236892,179280,2208320,4512.850,1566.295,0,0,0,0,10617,19324,1.320,1.490,0.940,2,0,12.002,0,0,18,300,0,22,0
29-06 18:42:51,23.834,6.774,67.488,0.251,0,5367852,248584,179280,2208512,4920.357,1625.735,0,822.903,0,23.081,10732,19646,1.320,1.490,0.940,1,0,19.067,0,0,18,300,0,19,0
29-06 18:42:52,24.870,5.223,69.137,0.249,0,5335028,288720,179300,2201236,5190.784,1545.895,0,1261.386,0,46.755,3050,3038,1.290,1.480,0.940,3,0,14.922,0,0,18,300,0,21,0
29-06 18:42:53,23.144,4.277,72.199,0.252,0,5354948,265476,179432,2204416,5506.219,1575.793,821.103,1992.382,29.181,30.188,2848,3082,1.290,1.480,0.940,4,0,0,0,0,18,301,0,21,0
29-06 18:42:54,23.800,4.760,66.639,2.255,0,5352408,266676,179436,2205752,5289.011,1515.154,897.869,6297.109,52.108,542.129,8215,13306,1.290,1.480,0.940,1,0,0,0,0,18,302,0,25,0
29-06 18:42:55,11.458,17.685,69.744,0,0,5296748,322144,179436,2205944,4901.985,1614.068,127.531,1020.251,0.996,54.799,6031,5130,1.290,1.480,0.940,2,0,403.517,0,0,18,302,0,23,0
29-06 18:42:56,11.255,5.252,71.530,9.254,0,5292568,292924,179436,2239336,5267.215,1458.613,33478.075,608.256,1812.762,18.008,4355,5618,1.290,1.480,0.940,0,1,43.018,0,0,18,302,0,25,0
29-06 18:42:57,6.718,3.235,80.614,8.708,0,5294672,279340,179440,2250800,6232.148,2622.439,11333.711,4649.728,1769.524,193.075,3806,6065,1.270,1.480,0.940,3,0,5.971,0,0,18,303,0,25,0
29-06 18:42:58,1.499,1.249,95.683,0,0,5293948,280060,179440,2250804,9563.335,2238.440,0,11567.938,0,103.928,1312,1679,1.270,1.480,0.940,1,0,0.999,0,0,18,303,0,25,0
29-06 18:42:59,1.251,1.251,96.042,0.250,0,5288340,285668,179440,2250804,5592.445,2406.052,0,2633.151,0,397.174,1319,1770,1.270,1.480,0.940,1,0,0,0,0,18,303,0,25,0
29-06 18:43:00,1.503,0.250,97.438,0,0,5288336,285668,179440,2250808,19471.502,1911.682,0,184.355,0,16.031,943,1289,1.270,1.480,0.940,2,0,0,0,0,18,303,0,21,0
29-06 18:43:01,1.499,1.000,96.964,0,0,5288336,285668,179440,2250808,27041.064,3266.800,0,0,0,0,953,1306,1.270,1.480,0.940,1,0,0,0,0,18,303,0,21,0
29-06 18:43:02,2.249,0.250,95.697,0,0,5288332,285668,179440,2250812,5850.760,2947.368,0,55.969,0,5.997,1152,1539,1.170,1.450,0.940,2,0,0,0,0,18,303,0,21,0
29-06 18:43:03,1.249,1.998,96.408,0,0,5281608,292392,179440,2250812,19737.179,1708.371,0,35374.267,0,328.687,1351,1707,1.170,1.450,0.940,1,0,0.999,0,0,18,303,0,21,0
29-06 18:43:04,4.265,2.509,91.324,0.502,0,5257024,315428,179472,2252436,69204.612,127358.003,1914.796,1609.713,49.175,45.160,1837,2013,1.170,1.450,0.940,3,0,26.093,0,0,18,302,0,17,0
29-06 18:43:05,1.247,0.748,97.269,0,0,5257024,315428,179472,2252436,5626.634,1616.161,0,478.862,0,36.912,1052,1627,1.170,1.450,0.940,2,0,0,0,0,18,302,0,17,0
29-06 18:43:06,1.005,0.754,97.250,0,0,5257008,315428,179472,2252452,5987.783,1628.371,0,100.517,0,12.062,1112,1653,1.170,1.450,0.940,1,0,0,0,0,18,302,0,17,0
29-06 18:43:07,1.245,0.747,96.860,0.249,0,5257008,315428,179472,2252452,5677.165,1613.510,0,187.247,0,19.920,1252,1858,1.070,1.430,0.930,1,0,0,0,0,18,302,0,17,0
29-06 18:43:08,0.999,1.998,95.648,0,0,5257224,315204,179472,2252460,5514.135,1618.279,0,63520.439,0,328.650,1711,2160,1.070,1.430,0.930,1,0,0.999,0,0,18,302,0,15,0
29-06 18:43:09,1.745,0.997,96.201,0,0,5257224,315204,179472,2252460,4862.874,1453.479,0,1303.944,0,26.916,1223,1735,1.070,1.430,0.930,1,0,0,0,0,18,302,0,15,0
29-06 18:43:10,1.504,0.501,96.501,0.251,0,5257224,315204,179472,2252460,4571.888,1624.223,0,208.542,0,22.057,1050,1478,1.070,1.430,0.930,3,0,0,0,0,18,302,0,15,0
29-06 18:43:11,1.999,0.750,96.457,0,0,5257224,315204,179472,2252460,4582.939,1187.466,0,195.912,0,22.990,1199,1848,1.070,1.430,0.930,1,0,0,0,0,18,302,0,15,0
29-06 18:43:12,2.007,1.003,96.583,0.502,0,5257220,315204,179472,2252464,5057.432,1354.669,0,180.623,0,19.066,1073,1478,0.990,1.400,0.930,1,0,1.003,0,0,18,302,0,13,0
29-06 18:43:13,0.996,0.249,96.580,0,0,5257220,315204,179472,2252464,4990.304,1505.455,0,163.290,0,11.948,1095,1583,0.990,1.400,0.930,1,0,0,0,0,18,302,0,13,0
29-06 18:43:14,1.503,1.002,96.687,0,0,5257204,315204,179472,2252480,4234.190,1027.988,16.031,901.744,1.002,189.366,1095,1470,0.990,1.400,0.930,2,0,0,0,0,18,302,0,13,0
29-06 18:43:15,1.000,0.500,97.233,0.250,0,5257204,315204,179472,2252480,5279.085,1619.719,0,491.915,0,33.994,1127,1682,0.990,1.400,0.930,1,0,0,0,0,18,302,0,13,0
29-06 18:43:16,1.248,0.499,97.338,0,0,5257204,315204,179472,2252480,5665.560,1455.575,0,67.887,0,9.983,954,1314,0.990,1.400,0.930,1,0,0,0,0,18,302,0,11,0
29-06 18:43:17,1.504,2.256,95.770,0.251,0,5252196,320208,179472,2252484,6197.485,1624.583,0,64.181,0,7.020,1126,1438,0.910,1.380,0.920,1,0,0,0,0,18,302,0,11,0
29-06 18:43:18,0.749,0.749,96.625,0,0,5254760,317644,179472,2252484,6383.732,1510.044,0,0,0,0,962,1267,0.910,1.380,0.920,1,0,0.999,0,0,18,302,0,11,0
29-06 18:43:19,1.500,0.500,96.970,0,0,5254752,317644,179476,2252488,5624.289,1565.524,0,223.932,0,20.994,1196,1701,0.910,1.380,0.920,1,0,0,0,0,18,302,0,11,0
29-06 18:43:20,1.751,0.250,96.319,0,0,5254752,317644,179476,2252488,5309.820,1567.127,0,68.049,0,7.005,1004,1302,0.910,1.380,0.920,1,0,0,0,0,18,302,0,9,0
29-06 18:43:21,2.000,1.250,95.520,0,0,5254620,317644,179476,2252620,5420.152,1620.344,0,296.063,0,29.006,1358,1873,0.910,1.380,0.920,1,0,0,0,0,18,302,0,9,0
29-06 18:43:22,1.500,0.250,97.515,0.250,0,5254612,317644,179476,2252628,4786.719,1566.235,0,104.016,0,15.002,1252,1889,0.840,1.360,0.910,1,0,0,0,0,18,302,0,9,0
29-06 18:43:23,1.749,0.500,96.705,0,0,5254612,317644,179476,2252628,4963.686,1565.270,0,2274.939,0,11.994,945,1279,0.840,1.360,0.910,1,0,0,0,0,18,302,0,9,0
29-06 18:43:24,1.000,0.750,97.046,0.250,0,5254612,317644,179476,2252628,4982.385,1620.776,0,376.180,0,15.007,941,1278,0.840,1.360,0.910,2,0,0,0,0,18,302,0,9,0
29-06 18:43:25,1.499,0.750,96.700,0.250,0,5254600,317644,179476,2252640,4377.736,1619.162,0,523.729,0,41.978,1242,1930,0.840,1.360,0.910,1,0,0,0,0,18,302,0,9,0
29-06 18:43:26,1.499,1.998,94.406,0.500,0,5255096,317144,179476,2252644,5297.744,1564.448,0,2089.926,0,114.886,1348,1747,0.840,1.360,0.910,1,0,5.994,0,0,18,302,0,9,0
29-06 18:43:27,1.503,1.002,96.414,0.250,0,5255060,317144,179476,2252680,4720.022,1556.646,0,1807.071,0,88.150,1074,1537,0.770,1.330,0.910,2,0,0,0,0,18,302,0,9,0
29-06 18:43:28,0.749,0.500,97.173,0,0,5255048,317144,179480,2252688,5441.693,1564.761,3.997,315.750,0.999,5.995,949,1218,0.770,1.330,0.910,2,0,0.999,0,0,18,302,0,9,0
29-06 18:43:29,1.989,0.994,95.469,0.249,0,5255044,317144,179480,2252692,4566.620,1503.643,0,326.187,0,27.845,1340,1960,0.770,1.330,0.910,1,0,0,0,0,18,302,0,9,0
29-06 18:43:30,1.258,0.503,97.356,0,0,5255044,317144,179480,2252692,4890.460,1630.153,0,909.666,0,167.040,986,1353,0.770,1.330,0.910,1,0,0,0,0,18,302,0,9,0
29-06 18:43:31,1.000,0.750,96.970,0,0,5255044,317144,179480,2252692,5087.408,1511.527,0,51.984,0,6.998,949,1330,0.770,1.330,0.910,2,0,0,0,0,18,302,0,9,0
29-06 18:43:32,2.000,0.250,96.753,0,0,5255264,316920,179480,2252696,5026.173,1566.054,0,60.002,0,6.000,1049,1375,0.710,1.310,0.900,1,0,0,0,0,18,302,0,9,0
29-06 18:43:33,1.247,0.748,97.260,0,0,5255264,316920,179480,2252696,5133.350,1562.151,0,39.902,0,0.998,851,1195,0.710,1.310,0.900,2,0,0,0,0,18,302,0,9,0
29-06 18:43:34,1.252,0.501,97.136,0,0,5255264,316920,179480,2252696,3917.489,973.364,0,0,0,0,881,1221,0.710,1.310,0.900,1,0,0,0,0,18,302,0,9,0
29-06 18:43:35,6.248,2.999,89.228,0.250,0,5278384,293484,179480,2253012,272893.221,3169.201,307.922,383.903,4.999,30.992,1677,1960,0.710,1.310,0.900,2,0,6.998,0,0,18,302,0,9,0
29-06 18:43:36,10.998,4.499,82.488,0.250,0,5273384,298332,179480,2253164,283356.915,9272.623,147.978,135.980,6.999,11.998,2622,2243,0.710,1.310,0.900,2,0,31.995,0,0,18,302,0,9,0
29-06 18:43:37,16.374,6.549,76.075,0,0,5261912,305720,179480,2257248,147853.074,3359.381,157.188,354.680,4.030,23.175,2803,2468,0.730,1.310,0.910,2,0,32.244,0,0,18,302,0,9,0
