Apr 14 16:53:24 ubuntu devstack@keystone.service[67628]: ERROR keystone.server.flask.application              ^^^^^^^^^^^^^^^^^^
Apr 14 16:53:24 ubuntu devstack@keystone.service[67628]: ERROR keystone.server.flask.application   File "/opt/stack/data/venv/lib/python3.12/site-packages/pymysql/cursors.py", line 322, in _query
Apr 14 16:53:24 ubuntu devstack@keystone.service[67628]: ERROR keystone.server.flask.application     conn.query(q)
Apr 14 16:53:24 ubuntu devstack@keystone.service[67628]: ERROR keystone.server.flask.application   File "/opt/stack/data/venv/lib/python3.12/site-packages/pymysql/connections.py", line 575, in query
Apr 14 16:53:24 ubuntu devstack@keystone.service[67628]: ERROR keystone.server.flask.application     self._affected_rows = self._read_query_result(unbuffered=unbuffered)
Apr 14 16:53:24 ubuntu devstack@keystone.service[67628]: ERROR keystone.server.flask.application                           ^^^^^^^^^^^^^^^^^^^^^^^^^^^^^^^^^^^^^^^^^^^^^^
Apr 14 16:53:24 ubuntu devstack@keystone.service[67628]: ERROR keystone.server.flask.application   File "/opt/stack/data/venv/lib/python3.12/site-packages/pymysql/connections.py", line 826, in _read_query_result
Apr 14 16:53:24 ubuntu devstack@keystone.service[67628]: ERROR keystone.server.flask.application     result.read()
Apr 14 16:53:24 ubuntu devstack@keystone.service[67628]: ERROR keystone.server.flask.application   File "/opt/stack/data/venv/lib/python3.12/site-packages/pymysql/connections.py", line 1203, in read
Apr 14 16:53:24 ubuntu devstack@keystone.service[67628]: ERROR keystone.server.flask.application     first_packet = self.connection._read_packet()
Apr 14 16:53:24 ubuntu devstack@keystone.service[67628]: ERROR keystone.server.flask.application                    ^^^^^^^^^^^^^^^^^^^^^^^^^^^^^^
Apr 14 16:53:24 ubuntu devstack@keystone.service[67628]: ERROR keystone.server.flask.application   File "/opt/stack/data/venv/lib/python3.12/site-packages/pymysql/connections.py", line 782, in _read_packet
Apr 14 16:53:24 ubuntu devstack@keystone.service[67628]: ERROR keystone.server.flask.application     packet.raise_for_error()
Apr 14 16:53:24 ubuntu devstack@keystone.service[67628]: ERROR keystone.server.flask.application   File "/opt/stack/data/venv/lib/python3.12/site-packages/pymysql/protocol.py", line 219, in raise_for_error
Apr 14 16:53:24 ubuntu devstack@keystone.service[67628]: ERROR keystone.server.flask.application     err.raise_mysql_exception(self._data)
Apr 14 16:53:24 ubuntu devstack@keystone.service[67628]: ERROR keystone.server.flask.application   File "/opt/stack/data/venv/lib/python3.12/site-packages/pymysql/err.py", line 150, in raise_mysql_exception
Apr 14 16:53:24 ubuntu devstack@keystone.service[67628]: ERROR keystone.server.flask.application     raise errorclass(errno, errval)
Apr 14 16:53:24 ubuntu devstack@keystone.service[67628]: ERROR keystone.server.flask.application oslo_db.exception.DBDuplicateEntry: (pymysql.err.IntegrityError) (1062, "Duplicate entry 'service-<<null>>' for key 'role.ixu_role_name_domain_id'")
Apr 14 16:53:24 ubuntu devstack@keystone.service[67628]: ERROR keystone.server.flask.application [SQL: INSERT INTO `role` (id, name, description, extra) VALUES (%(id)s, %(name)s, %(description)s, %(extra)s)]
Apr 14 16:53:24 ubuntu devstack@keystone.service[67628]: ERROR keystone.server.flask.application [parameters: {'id': '5c523102c39d40e596ccb58ac8307d88', 'name': 'service', 'description': None, 'extra': '{}'}]
Apr 14 16:53:24 ubuntu devstack@keystone.service[67628]: ERROR keystone.server.flask.application (Background on this error at: https://sqlalche.me/e/20/gkpj)
Apr 14 16:53:24 ubuntu devstack@keystone.service[67628]: ERROR keystone.server.flask.application 
Apr 14 16:53:24 ubuntu devstack@keystone.service[67628]: ERROR keystone.server.flask.application During handling of the above exception, another exception occurred:
Apr 14 16:53:24 ubuntu devstack@keystone.service[67628]: ERROR keystone.server.flask.application 
Apr 14 16:53:24 ubuntu devstack@keystone.service[67628]: ERROR keystone.server.flask.application Traceback (most recent call last):
Apr 14 16:53:24 ubuntu devstack@keystone.service[67628]: ERROR keystone.server.flask.application   File "/opt/stack/data/venv/lib/python3.12/site-packages/flask_restful/__init__.py", line 295, in error_router
Apr 14 16:53:24 ubuntu devstack@keystone.service[67628]: ERROR keystone.server.flask.application     return self.handle_error(e)
Apr 14 16:53:24 ubuntu devstack@keystone.service[67628]: ERROR keystone.server.flask.application            ^^^^^^^^^^^^^^^^^^^^
Apr 14 16:53:24 ubuntu devstack@keystone.service[67628]: ERROR keystone.server.flask.application   File "/opt/stack/data/venv/lib/python3.12/site-packages/flask_restful/__init__.py", line 310, in handle_error
Apr 14 16:53:24 ubuntu devstack@keystone.service[67628]: ERROR keystone.server.flask.application     _handle_flask_propagate_exceptions_config(current_app, e)
Apr 14 16:53:24 ubuntu devstack@keystone.service[67628]: ERROR keystone.server.flask.application   File "/opt/stack/data/venv/lib/python3.12/site-packages/flask/app.py", line 917, in full_dispatch_request
Apr 14 16:53:24 ubuntu devstack@keystone.service[67628]: ERROR keystone.server.flask.application     rv = self.dispatch_request()
Apr 14 16:53:24 ubuntu devstack@keystone.service[67628]: ERROR keystone.server.flask.application          ^^^^^^^^^^^^^^^^^^^^^^^
Apr 14 16:53:24 ubuntu devstack@keystone.service[67628]: ERROR keystone.server.flask.application   File "/opt/stack/data/venv/lib/python3.12/site-packages/flask/app.py", line 902, in dispatch_request
Apr 14 16:53:24 ubuntu devstack@keystone.service[67628]: ERROR keystone.server.flask.application     return self.ensure_sync(self.view_functions[rule.endpoint])(**view_args)  # type: ignore[no-any-return]
Apr 14 16:53:24 ubuntu devstack@keystone.service[67628]: ERROR keystone.server.flask.application            ^^^^^^^^^^^^^^^^^^^^^^^^^^^^^^^^^^^^^^^^^^^^^^^^^^^^^^^^^^^^^^^^^
Apr 14 16:53:24 ubuntu devstack@keystone.service[67628]: ERROR keystone.server.flask.application   File "/opt/stack/data/venv/lib/python3.12/site-packages/flask_restful/__init__.py", line 489, in wrapper
Apr 14 16:53:24 ubuntu devstack@keystone.service[67628]: ERROR keystone.server.flask.application     resp = resource(*args, **kwargs)
Apr 14 16:53:24 ubuntu devstack@keystone.service[67628]: ERROR keystone.server.flask.application            ^^^^^^^^^^^^^^^^^^^^^^^^^
Apr 14 16:53:24 ubuntu devstack@keystone.service[67628]: ERROR keystone.server.flask.application   File "/opt/stack/data/venv/lib/python3.12/site-packages/flask/views.py", line 110, in view
Apr 14 16:53:24 ubuntu devstack@keystone.service[67628]: ERROR keystone.server.flask.application     return current_app.ensure_sync(self.dispatch_request)(**kwargs)  # type: ignore[no-any-return]
Apr 14 16:53:24 ubuntu devstack@keystone.service[67628]: ERROR keystone.server.flask.application            ^^^^^^^^^^^^^^^^^^^^^^^^^^^^^^^^^^^^^^^^^^^^^^^^^^^^^^^^
Apr 14 16:53:24 ubuntu devstack@keystone.service[67628]: ERROR keystone.server.flask.application   File "/opt/stack/data/venv/lib/python3.12/site-packages/flask_restful/__init__.py", line 604, in dispatch_request
Apr 14 16:53:24 ubuntu devstack@keystone.service[67628]: ERROR keystone.server.flask.application     resp = meth(*args, **kwargs)
Apr 14 16:53:24 ubuntu devstack@keystone.service[67628]: ERROR keystone.server.flask.application            ^^^^^^^^^^^^^^^^^^^^^
Apr 14 16:53:24 ubuntu devstack@keystone.service[67628]: ERROR keystone.server.flask.application   File "/opt/stack/keystone/keystone/api/validation/__init__.py", line 86, in wrapper
Apr 14 16:53:24 ubuntu devstack@keystone.service[67628]: ERROR keystone.server.flask.application     return func(*args, **kwargs)
Apr 14 16:53:24 ubuntu devstack@keystone.service[67628]: ERROR keystone.server.flask.application            ^^^^^^^^^^^^^^^^^^^^^
Apr 14 16:53:24 ubuntu devstack@keystone.service[67628]: ERROR keystone.server.flask.application   File "/opt/stack/keystone/keystone/api/validation/__init__.py", line 145, in wrapper
Apr 14 16:53:24 ubuntu devstack@keystone.service[67628]: ERROR keystone.server.flask.application     response = func(*args, **kwargs)
Apr 14 16:53:24 ubuntu devstack@keystone.service[67628]: ERROR keystone.server.flask.application                ^^^^^^^^^^^^^^^^^^^^^
Apr 14 16:53:24 ubuntu devstack@keystone.service[67628]: ERROR keystone.server.flask.application   File "/opt/stack/keystone/keystone/api/roles.py", line 91, in post
Apr 14 16:53:24 ubuntu devstack@keystone.service[67628]: ERROR keystone.server.flask.application     ref = PROVIDERS.role_api.create_role(
Apr 14 16:53:24 ubuntu devstack@keystone.service[67628]: ERROR keystone.server.flask.application           ^^^^^^^^^^^^^^^^^^^^^^^^^^^^^^^
Apr 14 16:53:24 ubuntu devstack@keystone.service[67628]: ERROR keystone.server.flask.application   File "/opt/stack/keystone/keystone/common/manager.py", line 114, in wrapped
Apr 14 16:53:24 ubuntu devstack@keystone.service[67628]: ERROR keystone.server.flask.application     __ret_val = __f(*args, **kwargs)
Apr 14 16:53:24 ubuntu devstack@keystone.service[67628]: ERROR keystone.server.flask.application                 ^^^^^^^^^^^^^^^^^^^^
Apr 14 16:53:24 ubuntu devstack@keystone.service[67628]: ERROR keystone.server.flask.application   File "/opt/stack/keystone/keystone/assignment/core.py", line 1486, in create_role
Apr 14 16:53:24 ubuntu devstack@keystone.service[67628]: ERROR keystone.server.flask.application     ret = self.driver.create_role(role_id, role)
Apr 14 16:53:24 ubuntu devstack@keystone.service[67628]: ERROR keystone.server.flask.application           ^^^^^^^^^^^^^^^^^^^^^^^^^^^^^^^^^^^^^^
Apr 14 16:53:24 ubuntu devstack@keystone.service[67628]: ERROR keystone.server.flask.application   File "/opt/stack/keystone/keystone/common/sql/core.py", line 614, in wrapper
Apr 14 16:53:24 ubuntu devstack@keystone.service[67628]: ERROR keystone.server.flask.application     raise exception.Conflict(type=conflict_type, details=msg)
Apr 14 16:53:24 ubuntu devstack@keystone.service[67628]: ERROR keystone.server.flask.application keystone.exception.Conflict: Conflict occurred attempting to store role - Duplicate entry found with name service.
Apr 14 16:53:24 ubuntu devstack@keystone.service[67628]: ERROR keystone.server.flask.application 
Apr 14 16:53:24 ubuntu devstack@keystone.service[67628]: [pid: 67628|app: 0|req: 17/35] 10.120.125.143 () {62 vars in 1198 bytes} [Tue Apr 14 16:53:24 2026] POST /identity/v3/roles => generated 140 bytes in 103 msecs (HTTP/1.1 409) 5 headers in 183 bytes (1 switches on core 0)
Apr 14 16:53:24 ubuntu devstack@keystone.service[67627]: DEBUG keystone.server.flask.request_processing.middleware.auth_context [None req-b3c6c5a7-5fd7-4a2a-b28e-0257bede39c9 None None] Authenticating user token {{(pid=67627) process_request /opt/stack/data/venv/lib/python3.12/site-packages/keystonemiddleware/auth_token/__init__.py:407}}
Apr 14 16:53:24 ubuntu devstack@keystone.service[67628]: DEBUG keystone.server.flask.request_processing.middleware.auth_context [None req-2f623f6e-6b52-40bf-99d1-0f9562e59249 None admin] Authenticating user token {{(pid=67628) process_request /opt/stack/data/venv/lib/python3.12/site-packages/keystonemiddleware/auth_token/__init__.py:407}}
Apr 14 16:53:24 ubuntu devstack@keystone.service[67627]: DEBUG keystone.server.flask.request_processing.middleware.auth_context [None req-b3c6c5a7-5fd7-4a2a-b28e-0257bede39c9 None None] Validating token access rules against request {{(pid=67627) validate_allowed_request /opt/stack/data/venv/lib/python3.12/site-packages/keystonemiddleware/auth_token/__init__.py:545}}
Apr 14 16:53:24 ubuntu devstack@keystone.service[67628]: DEBUG keystone.server.flask.request_processing.middleware.auth_context [None req-2f623f6e-6b52-40bf-99d1-0f9562e59249 None admin] Validating token access rules against request {{(pid=67628) validate_allowed_request /opt/stack/data/venv/lib/python3.12/site-packages/keystonemiddleware/auth_token/__init__.py:545}}
Apr 14 16:53:24 ubuntu devstack@keystone.service[67627]: DEBUG keystone.server.flask.request_processing.middleware.auth_context [None req-3a0a3222-7ac7-4e04-82e9-5425f1a1b253 None admin] RBAC: auth_context: {'token': <TokenModel (audit_id=GIeg2YZVRoCY27UanwUpJg, audit_chain_id=['GIeg2YZVRoCY27UanwUpJg']) at 0x73c8ece4fc80>, 'domain_id': None, 'trust_id': None, 'trustor_id': None, 'trustee_id': None, 'domain_name': None, 'group_ids': [], 'user_id': 'cade4bb08694415a86601d163a903127', 'user_domain_id': 'default', 'system_scope': 'all', 'project_id': None, 'project_domain_id': None, 'roles': ['admin', 'manager', 'member', 'reader'], 'is_admin_project': True, 'service_user_id': None, 'service_user_domain_id': None, 'service_project_id': None, 'service_project_domain_id': None, 'service_roles': []} {{(pid=67627) fill_context /opt/stack/keystone/keystone/server/flask/request_processing/middleware/auth_context.py:509}}
Apr 14 16:53:24 ubuntu devstack@keystone.service[67627]: DEBUG keystone.server.flask.request_processing.req_logging [None req-3a0a3222-7ac7-4e04-82e9-5425f1a1b253 None admin] REQUEST_METHOD: `GET` {{(pid=67627) log_request_info /opt/stack/keystone/keystone/server/flask/request_processing/req_logging.py:26}}
Apr 14 16:53:24 ubuntu devstack@keystone.service[67627]: DEBUG keystone.server.flask.request_processing.req_logging [None req-3a0a3222-7ac7-4e04-82e9-5425f1a1b253 None admin] SCRIPT_NAME: `/identity` {{(pid=67627) log_request_info /opt/stack/keystone/keystone/server/flask/request_processing/req_logging.py:27}}
Apr 14 16:53:24 ubuntu devstack@keystone.service[67627]: DEBUG keystone.server.flask.request_processing.req_logging [None req-3a0a3222-7ac7-4e04-82e9-5425f1a1b253 None admin] PATH_INFO: `/v3/roles/service` {{(pid=67627) log_request_info /opt/stack/keystone/keystone/server/flask/request_processing/req_logging.py:28}}
Apr 14 16:53:24 ubuntu devstack@keystone.service[67627]: DEBUG keystone.common.rbac_enforcer.enforcer [None req-3a0a3222-7ac7-4e04-82e9-5425f1a1b253 None admin] Extracting inferred target data resulted in "NOT FOUND (404)". {{(pid=67627) enforce_call /opt/stack/keystone/keystone/common/rbac_enforcer/enforcer.py:445}}
Apr 14 16:53:24 ubuntu devstack@keystone.service[67628]: DEBUG keystone.server.flask.request_processing.middleware.auth_context [None req-2340cf68-c4c1-478c-9e9f-86f97f216453 None admin] RBAC: auth_context: {'token': <TokenModel (audit_id=geF3bZNXTQG9pZEQ2Mwq1Q, audit_chain_id=['geF3bZNXTQG9pZEQ2Mwq1Q']) at 0x73c8ecfb21b0>, 'domain_id': None, 'trust_id': None, 'trustor_id': None, 'trustee_id': None, 'domain_name': None, 'group_ids': [], 'user_id': 'cade4bb08694415a86601d163a903127', 'user_domain_id': 'default', 'system_scope': 'all', 'project_id': None, 'project_domain_id': None, 'roles': ['admin', 'manager', 'member', 'reader'], 'is_admin_project': True, 'service_user_id': None, 'service_user_domain_id': None, 'service_project_id': None, 'service_project_domain_id': None, 'service_roles': []} {{(pid=67628) fill_context /opt/stack/keystone/keystone/server/flask/request_processing/middleware/auth_context.py:509}}
Apr 14 16:53:24 ubuntu devstack@keystone.service[67628]: DEBUG keystone.server.flask.request_processing.req_logging [None req-2340cf68-c4c1-478c-9e9f-86f97f216453 None admin] REQUEST_METHOD: `GET` {{(pid=67628) log_request_info /opt/stack/keystone/keystone/server/flask/request_processing/req_logging.py:26}}
Apr 14 16:53:24 ubuntu devstack@keystone.service[67628]: DEBUG keystone.server.flask.request_processing.req_logging [None req-2340cf68-c4c1-478c-9e9f-86f97f216453 None admin] SCRIPT_NAME: `/identity` {{(pid=67628) log_request_info /opt/stack/keystone/keystone/server/flask/request_processing/req_logging.py:27}}
Apr 14 16:53:24 ubuntu devstack@keystone.service[67628]: DEBUG keystone.server.flask.request_processing.req_logging [None req-2340cf68-c4c1-478c-9e9f-86f97f216453 None admin] PATH_INFO: `/v3/roles/admin` {{(pid=67628) log_request_info /opt/stack/keystone/keystone/server/flask/request_processing/req_logging.py:28}}
Apr 14 16:53:24 ubuntu devstack@keystone.service[67627]: DEBUG keystone.server.flask.application [None req-3a0a3222-7ac7-4e04-82e9-5425f1a1b253 None admin] Could not find role: service. {{(pid=67627) _handle_keystone_exception /opt/stack/keystone/keystone/server/flask/application.py:146}}
Apr 14 16:53:24 ubuntu devstack@keystone.service[67627]: [pid: 67627|app: 0|req: 19/36] 10.120.125.143 () {58 vars in 1170 bytes} [Tue Apr 14 16:53:24 2026] GET /identity/v3/roles/service => generated 85 bytes in 74 msecs (HTTP/1.1 404) 5 headers in 183 bytes (1 switches on core 0)
Apr 14 16:53:24 ubuntu devstack@keystone.service[67628]: DEBUG keystone.common.rbac_enforcer.enforcer [None req-2340cf68-c4c1-478c-9e9f-86f97f216453 None admin] Extracting inferred target data resulted in "NOT FOUND (404)". {{(pid=67628) enforce_call /opt/stack/keystone/keystone/common/rbac_enforcer/enforcer.py:445}}
Apr 14 16:53:24 ubuntu devstack@keystone.service[67628]: DEBUG keystone.server.flask.application [None req-2340cf68-c4c1-478c-9e9f-86f97f216453 None admin] Could not find role: admin. {{(pid=67628) _handle_keystone_exception /opt/stack/keystone/keystone/server/flask/application.py:146}}
Apr 14 16:53:24 ubuntu devstack@keystone.service[67628]: [pid: 67628|app: 0|req: 18/37] 10.120.125.143 () {58 vars in 1164 bytes} [Tue Apr 14 16:53:24 2026] GET /identity/v3/roles/admin => generated 83 bytes in 62 msecs (HTTP/1.1 404) 5 headers in 183 bytes (1 switches on core 0)
Apr 14 16:53:24 ubuntu devstack@keystone.service[67627]: DEBUG keystone.server.flask.request_processing.req_logging [None req-18a799b4-bec9-445a-b2a6-216b9ec45466 None None] REQUEST_METHOD: `POST` {{(pid=67627) log_request_info /opt/stack/keystone/keystone/server/flask/request_processing/req_logging.py:26}}
Apr 14 16:53:24 ubuntu devstack@keystone.service[67627]: DEBUG keystone.server.flask.request_processing.req_logging [None req-18a799b4-bec9-445a-b2a6-216b9ec45466 None None] SCRIPT_NAME: `/identity` {{(pid=67627) log_request_info /opt/stack/keystone/keystone/server/flask/request_processing/req_logging.py:27}}
Apr 14 16:53:24 ubuntu devstack@keystone.service[67627]: DEBUG keystone.server.flask.request_processing.req_logging [None req-18a799b4-bec9-445a-b2a6-216b9ec45466 None None] PATH_INFO: `/v3/auth/tokens` {{(pid=67627) log_request_info /opt/stack/keystone/keystone/server/flask/request_processing/req_logging.py:28}}
Apr 14 16:53:24 ubuntu devstack@keystone.service[67628]: DEBUG keystone.server.flask.request_processing.middleware.auth_context [None req-2340cf68-c4c1-478c-9e9f-86f97f216453 None admin] Authenticating user token {{(pid=67628) process_request /opt/stack/data/venv/lib/python3.12/site-packages/keystonemiddleware/auth_token/__init__.py:407}}
Apr 14 16:53:24 ubuntu devstack@keystone.service[67627]: WARNING keystone.common.password_hashing [None req-18a799b4-bec9-445a-b2a6-216b9ec45466 None None] Truncating password to algorithm specific maximum length 72 characters.
Apr 14 16:53:24 ubuntu devstack@keystone.service[67627]: DEBUG keystone.auth.core [None req-18a799b4-bec9-445a-b2a6-216b9ec45466 None None] MFA Rules not processed for user `cade4bb08694415a86601d163a903127`. Rule list: `[]` (Enabled: `True`). {{(pid=67627) check_auth_methods_against_rules /opt/stack/keystone/keystone/auth/core.py:476}}
Apr 14 16:53:24 ubuntu devstack@keystone.service[67627]: DEBUG keystone.common.fernet_utils [None req-18a799b4-bec9-445a-b2a6-216b9ec45466 None None] Loaded 2 Fernet keys from /etc/keystone/fernet-keys/, but `[fernet_tokens] max_active_keys = 3`; perhaps there have not been enough key rotations to reach `max_active_keys` yet? {{(pid=67627) load_keys /opt/stack/keystone/keystone/common/fernet_utils.py:297}}
Apr 14 16:53:24 ubuntu devstack@keystone.service[67628]: DEBUG keystone.server.flask.request_processing.middleware.auth_context [None req-2340cf68-c4c1-478c-9e9f-86f97f216453 None admin] Validating token access rules against request {{(pid=67628) validate_allowed_request /opt/stack/data/venv/lib/python3.12/site-packages/keystonemiddleware/auth_token/__init__.py:545}}
Apr 14 16:53:24 ubuntu devstack@keystone.service[67627]: [pid: 67627|app: 0|req: 20/38] 10.120.125.143 () {60 vars in 1048 bytes} [Tue Apr 14 16:53:24 2026] POST /identity/v3/auth/tokens => generated 863 bytes in 50 msecs (HTTP/1.1 201) 6 headers in 363 bytes (1 switches on core 0)
Apr 14 16:53:24 ubuntu devstack@keystone.service[67627]: DEBUG keystone.server.flask.request_processing.req_logging [None req-b291ea34-5553-4897-a561-4d3564a11215 None None] REQUEST_METHOD: `POST` {{(pid=67627) log_request_info /opt/stack/keystone/keystone/server/flask/request_processing/req_logging.py:26}}
Apr 14 16:53:24 ubuntu devstack@keystone.service[67627]: DEBUG keystone.server.flask.request_processing.req_logging [None req-b291ea34-5553-4897-a561-4d3564a11215 None None] SCRIPT_NAME: `/identity` {{(pid=67627) log_request_info /opt/stack/keystone/keystone/server/flask/request_processing/req_logging.py:27}}
Apr 14 16:53:24 ubuntu devstack@keystone.service[67627]: DEBUG keystone.server.flask.request_processing.req_logging [None req-b291ea34-5553-4897-a561-4d3564a11215 None None] PATH_INFO: `/v3/auth/tokens` {{(pid=67627) log_request_info /opt/stack/keystone/keystone/server/flask/request_processing/req_logging.py:28}}
Apr 14 16:53:24 ubuntu devstack@keystone.service[67627]: WARNING keystone.common.password_hashing [None req-b291ea34-5553-4897-a561-4d3564a11215 None None] Truncating password to algorithm specific maximum length 72 characters.
Apr 14 16:53:24 ubuntu devstack@keystone.service[67627]: DEBUG keystone.auth.core [None req-b291ea34-5553-4897-a561-4d3564a11215 None None] MFA Rules not processed for user `cade4bb08694415a86601d163a903127`. Rule list: `[]` (Enabled: `True`). {{(pid=67627) check_auth_methods_against_rules /opt/stack/keystone/keystone/auth/core.py:476}}
Apr 14 16:53:24 ubuntu devstack@keystone.service[67627]: DEBUG keystone.common.fernet_utils [None req-b291ea34-5553-4897-a561-4d3564a11215 None None] Loaded 2 Fernet keys from /etc/keystone/fernet-keys/, but `[fernet_tokens] max_active_keys = 3`; perhaps there have not been enough key rotations to reach `max_active_keys` yet? {{(pid=67627) load_keys /opt/stack/keystone/keystone/common/fernet_utils.py:297}}
Apr 14 16:53:24 ubuntu devstack@keystone.service[67628]: DEBUG keystone.server.flask.request_processing.middleware.auth_context [None req-b2c3fc07-57f0-43ab-a1c2-39bd8aa53ae0 None admin] RBAC: auth_context: {'token': <TokenModel (audit_id=hUWo-mkkQEqHM-23uxa26w, audit_chain_id=['hUWo-mkkQEqHM-23uxa26w']) at 0x73c8ed0ad070>, 'domain_id': None, 'trust_id': None, 'trustor_id': None, 'trustee_id': None, 'domain_name': None, 'group_ids': [], 'user_id': 'cade4bb08694415a86601d163a903127', 'user_domain_id': 'default', 'system_scope': 'all', 'project_id': None, 'project_domain_id': None, 'roles': ['admin', 'manager', 'member', 'reader'], 'is_admin_project': True, 'service_user_id': None, 'service_user_domain_id': None, 'service_project_id': None, 'service_project_domain_id': None, 'service_roles': []} {{(pid=67628) fill_context /opt/stack/keystone/keystone/server/flask/request_processing/middleware/auth_context.py:509}}
Apr 14 16:53:24 ubuntu devstack@keystone.service[67628]: DEBUG keystone.server.flask.request_processing.req_logging [None req-b2c3fc07-57f0-43ab-a1c2-39bd8aa53ae0 None admin] REQUEST_METHOD: `POST` {{(pid=67628) log_request_info /opt/stack/keystone/keystone/server/flask/request_processing/req_logging.py:26}}
Apr 14 16:53:24 ubuntu devstack@keystone.service[67628]: DEBUG keystone.server.flask.request_processing.req_logging [None req-b2c3fc07-57f0-43ab-a1c2-39bd8aa53ae0 None admin] SCRIPT_NAME: `/identity` {{(pid=67628) log_request_info /opt/stack/keystone/keystone/server/flask/request_processing/req_logging.py:27}}
Apr 14 16:53:24 ubuntu devstack@keystone.service[67628]: DEBUG keystone.server.flask.request_processing.req_logging [None req-b2c3fc07-57f0-43ab-a1c2-39bd8aa53ae0 None admin] PATH_INFO: `/v3/projects` {{(pid=67628) log_request_info /opt/stack/keystone/keystone/server/flask/request_processing/req_logging.py:28}}
Apr 14 16:53:24 ubuntu devstack@keystone.service[67628]: DEBUG keystone.common.rbac_enforcer.enforcer [None req-b2c3fc07-57f0-43ab-a1c2-39bd8aa53ae0 None admin] RBAC: Authorizing `identity:create_project()` {{(pid=67628) enforce_call /opt/stack/keystone/keystone/common/rbac_enforcer/enforcer.py:494}}
Apr 14 16:53:24 ubuntu devstack@keystone.service[67628]: DEBUG keystone.common.rbac_enforcer.enforcer [None req-b2c3fc07-57f0-43ab-a1c2-39bd8aa53ae0 None admin] RBAC: Authorization granted {{(pid=67628) enforce_call /opt/stack/keystone/keystone/common/rbac_enforcer/enforcer.py:505}}
Apr 14 16:53:24 ubuntu devstack@keystone.service[67627]: [pid: 67627|app: 0|req: 21/39] 10.120.125.143 () {60 vars in 1048 bytes} [Tue Apr 14 16:53:24 2026] POST /identity/v3/auth/tokens => generated 863 bytes in 41 msecs (HTTP/1.1 201) 6 headers in 363 bytes (1 switches on core 0)
Apr 14 16:53:24 ubuntu devstack@keystone.service[67627]: DEBUG keystone.server.flask.request_processing.middleware.auth_context [None req-b291ea34-5553-4897-a561-4d3564a11215 None None] Authenticating user token {{(pid=67627) process_request /opt/stack/data/venv/lib/python3.12/site-packages/keystonemiddleware/auth_token/__init__.py:407}}
Apr 14 16:53:24 ubuntu devstack@keystone.service[67628]: [pid: 67628|app: 0|req: 19/40] 10.120.125.143 () {62 vars in 1208 bytes} [Tue Apr 14 16:53:24 2026] POST /identity/v3/projects => generated 302 bytes in 94 msecs (HTTP/1.1 201) 5 headers in 182 bytes (1 switches on core 0)
Apr 14 16:53:24 ubuntu devstack@keystone.service[67628]: DEBUG keystone.server.flask.request_processing.middleware.auth_context [None req-b2c3fc07-57f0-43ab-a1c2-39bd8aa53ae0 None admin] Authenticating user token {{(pid=67628) process_request /opt/stack/data/venv/lib/python3.12/site-packages/keystonemiddleware/auth_token/__init__.py:407}}
Apr 14 16:53:24 ubuntu devstack@keystone.service[67628]: DEBUG keystone.server.flask.request_processing.middleware.auth_context [None req-b2c3fc07-57f0-43ab-a1c2-39bd8aa53ae0 None admin] Validating token access rules against request {{(pid=67628) validate_allowed_request /opt/stack/data/venv/lib/python3.12/site-packages/keystonemiddleware/auth_token/__init__.py:545}}
Apr 14 16:53:24 ubuntu devstack@keystone.service[67627]: DEBUG keystone.server.flask.request_processing.middleware.auth_context [None req-b291ea34-5553-4897-a561-4d3564a11215 None None] Validating token access rules against request {{(pid=67627) validate_allowed_request /opt/stack/data/venv/lib/python3.12/site-packages/keystonemiddleware/auth_token/__init__.py:545}}
Apr 14 16:53:24 ubuntu devstack@keystone.service[67628]: DEBUG keystone.server.flask.request_processing.middleware.auth_context [None req-6e345a20-a37e-48cc-b043-e067b04f3c2e None admin] RBAC: auth_context: {'token': <TokenModel (audit_id=geF3bZNXTQG9pZEQ2Mwq1Q, audit_chain_id=['geF3bZNXTQG9pZEQ2Mwq1Q']) at 0x73c8ecfb36e0>, 'domain_id': None, 'trust_id': None, 'trustor_id': None, 'trustee_id': None, 'domain_name': None, 'group_ids': [], 'user_id': 'cade4bb08694415a86601d163a903127', 'user_domain_id': 'default', 'system_scope': 'all', 'project_id': None, 'project_domain_id': None, 'roles': ['admin', 'manager', 'member', 'reader'], 'is_admin_project': True, 'service_user_id': None, 'service_user_domain_id': None, 'service_project_id': None, 'service_project_domain_id': None, 'service_roles': []} {{(pid=67628) fill_context /opt/stack/keystone/keystone/server/flask/request_processing/middleware/auth_context.py:509}}
Apr 14 16:53:24 ubuntu devstack@keystone.service[67628]: DEBUG keystone.server.flask.request_processing.req_logging [None req-6e345a20-a37e-48cc-b043-e067b04f3c2e None admin] REQUEST_METHOD: `GET` {{(pid=67628) log_request_info /opt/stack/keystone/keystone/server/flask/request_processing/req_logging.py:26}}
Apr 14 16:53:24 ubuntu devstack@keystone.service[67628]: DEBUG keystone.server.flask.request_processing.req_logging [None req-6e345a20-a37e-48cc-b043-e067b04f3c2e None admin] SCRIPT_NAME: `/identity` {{(pid=67628) log_request_info /opt/stack/keystone/keystone/server/flask/request_processing/req_logging.py:27}}
Apr 14 16:53:24 ubuntu devstack@keystone.service[67628]: DEBUG keystone.server.flask.request_processing.req_logging [None req-6e345a20-a37e-48cc-b043-e067b04f3c2e None admin] PATH_INFO: `/v3/roles` {{(pid=67628) log_request_info /opt/stack/keystone/keystone/server/flask/request_processing/req_logging.py:28}}
Apr 14 16:53:24 ubuntu devstack@keystone.service[67628]: DEBUG keystone.common.rbac_enforcer.enforcer [None req-6e345a20-a37e-48cc-b043-e067b04f3c2e None admin] RBAC: Adding query filter params (name=admin) {{(pid=67628) _extract_filter_values /opt/stack/keystone/keystone/common/rbac_enforcer/enforcer.py:176}}
Apr 14 16:53:24 ubuntu devstack@keystone.service[67628]: DEBUG keystone.common.rbac_enforcer.enforcer [None req-6e345a20-a37e-48cc-b043-e067b04f3c2e None admin] RBAC: Authorizing `identity:list_roles()` {{(pid=67628) enforce_call /opt/stack/keystone/keystone/common/rbac_enforcer/enforcer.py:494}}
Apr 14 16:53:24 ubuntu devstack@keystone.service[67628]: DEBUG keystone.common.rbac_enforcer.enforcer [None req-6e345a20-a37e-48cc-b043-e067b04f3c2e None admin] RBAC: Authorization granted {{(pid=67628) enforce_call /opt/stack/keystone/keystone/common/rbac_enforcer/enforcer.py:505}}
Apr 14 16:53:24 ubuntu devstack@keystone.service[67628]: [pid: 67628|app: 0|req: 20/41] 10.120.125.143 () {58 vars in 1180 bytes} [Tue Apr 14 16:53:24 2026] GET /identity/v3/roles?name=admin => generated 341 bytes in 71 msecs (HTTP/1.1 200) 5 headers in 177 bytes (1 switches on core 0)
Apr 14 16:53:24 ubuntu devstack@keystone.service[67628]: DEBUG keystone.server.flask.request_processing.middleware.auth_context [None req-6e345a20-a37e-48cc-b043-e067b04f3c2e None admin] Authenticating user token {{(pid=67628) process_request /opt/stack/data/venv/lib/python3.12/site-packages/keystonemiddleware/auth_token/__init__.py:407}}
Apr 14 16:53:24 ubuntu devstack@keystone.service[67627]: DEBUG keystone.server.flask.request_processing.middleware.auth_context [None req-4a39d31e-bc64-4728-b810-d6abf445dacc None admin] RBAC: auth_context: {'token': <TokenModel (audit_id=GIeg2YZVRoCY27UanwUpJg, audit_chain_id=['GIeg2YZVRoCY27UanwUpJg']) at 0x73c8ece724e0>, 'domain_id': None, 'trust_id': None, 'trustor_id': None, 'trustee_id': None, 'domain_name': None, 'group_ids': [], 'user_id': 'cade4bb08694415a86601d163a903127', 'user_domain_id': 'default', 'system_scope': 'all', 'project_id': None, 'project_domain_id': None, 'roles': ['admin', 'manager', 'member', 'reader'], 'is_admin_project': True, 'service_user_id': None, 'service_user_domain_id': None, 'service_project_id': None, 'service_project_domain_id': None, 'service_roles': []} {{(pid=67627) fill_context /opt/stack/keystone/keystone/server/flask/request_processing/middleware/auth_context.py:509}}
Apr 14 16:53:24 ubuntu devstack@keystone.service[67627]: DEBUG keystone.server.flask.request_processing.req_logging [None req-4a39d31e-bc64-4728-b810-d6abf445dacc None admin] REQUEST_METHOD: `GET` {{(pid=67627) log_request_info /opt/stack/keystone/keystone/server/flask/request_processing/req_logging.py:26}}
Apr 14 16:53:24 ubuntu devstack@keystone.service[67627]: DEBUG keystone.server.flask.request_processing.req_logging [None req-4a39d31e-bc64-4728-b810-d6abf445dacc None admin] SCRIPT_NAME: `/identity` {{(pid=67627) log_request_info /opt/stack/keystone/keystone/server/flask/request_processing/req_logging.py:27}}
Apr 14 16:53:24 ubuntu devstack@keystone.service[67627]: DEBUG keystone.server.flask.request_processing.req_logging [None req-4a39d31e-bc64-4728-b810-d6abf445dacc None admin] PATH_INFO: `/v3/roles` {{(pid=67627) log_request_info /opt/stack/keystone/keystone/server/flask/request_processing/req_logging.py:28}}
Apr 14 16:53:24 ubuntu devstack@keystone.service[67627]: DEBUG keystone.common.rbac_enforcer.enforcer [None req-4a39d31e-bc64-4728-b810-d6abf445dacc None admin] RBAC: Adding query filter params (name=service) {{(pid=67627) _extract_filter_values /opt/stack/keystone/keystone/common/rbac_enforcer/enforcer.py:176}}
Apr 14 16:53:24 ubuntu devstack@keystone.service[67627]: DEBUG keystone.common.rbac_enforcer.enforcer [None req-4a39d31e-bc64-4728-b810-d6abf445dacc None admin] RBAC: Authorizing `identity:list_roles()` {{(pid=67627) enforce_call /opt/stack/keystone/keystone/common/rbac_enforcer/enforcer.py:494}}
Apr 14 16:53:24 ubuntu devstack@keystone.service[67627]: DEBUG keystone.common.rbac_enforcer.enforcer [None req-4a39d31e-bc64-4728-b810-d6abf445dacc None admin] RBAC: Authorization granted {{(pid=67627) enforce_call /opt/stack/keystone/keystone/common/rbac_enforcer/enforcer.py:505}}
Apr 14 16:53:24 ubuntu devstack@keystone.service[67627]: [pid: 67627|app: 0|req: 22/42] 10.120.125.143 () {58 vars in 1184 bytes} [Tue Apr 14 16:53:24 2026] GET /identity/v3/roles?name=service => generated 345 bytes in 101 msecs (HTTP/1.1 200) 5 headers in 177 bytes (1 switches on core 0)
Apr 14 16:53:24 ubuntu devstack@keystone.service[67628]: DEBUG keystone.server.flask.request_processing.middleware.auth_context [None req-6e345a20-a37e-48cc-b043-e067b04f3c2e None admin] Validating token access rules against request {{(pid=67628) validate_allowed_request /opt/stack/data/venv/lib/python3.12/site-packages/keystonemiddleware/auth_token/__init__.py:545}}
Apr 14 16:53:24 ubuntu devstack@keystone.service[67627]: DEBUG keystone.server.flask.request_processing.middleware.auth_context [None req-4a39d31e-bc64-4728-b810-d6abf445dacc None admin] Authenticating user token {{(pid=67627) process_request /opt/stack/data/venv/lib/python3.12/site-packages/keystonemiddleware/auth_token/__init__.py:407}}
Apr 14 16:53:24 ubuntu devstack@keystone.service[67628]: DEBUG keystone.server.flask.request_processing.middleware.auth_context [None req-37e1c197-e040-4a6e-86cc-b0a07e7051ee None admin] RBAC: auth_context: {'token': <TokenModel (audit_id=p5wOeNsWSluz5MHnCcFS0Q, audit_chain_id=['p5wOeNsWSluz5MHnCcFS0Q']) at 0x73c8ecfb18e0>, 'domain_id': None, 'trust_id': None, 'trustor_id': None, 'trustee_id': None, 'domain_name': None, 'group_ids': [], 'user_id': 'cade4bb08694415a86601d163a903127', 'user_domain_id': 'default', 'system_scope': 'all', 'project_id': None, 'project_domain_id': None, 'roles': ['admin', 'manager', 'member', 'reader'], 'is_admin_project': True, 'service_user_id': None, 'service_user_domain_id': None, 'service_project_id': None, 'service_project_domain_id': None, 'service_roles': []} {{(pid=67628) fill_context /opt/stack/keystone/keystone/server/flask/request_processing/middleware/auth_context.py:509}}
Apr 14 16:53:24 ubuntu devstack@keystone.service[67628]: DEBUG keystone.server.flask.request_processing.req_logging [None req-37e1c197-e040-4a6e-86cc-b0a07e7051ee None admin] REQUEST_METHOD: `POST` {{(pid=67628) log_request_info /opt/stack/keystone/keystone/server/flask/request_processing/req_logging.py:26}}
Apr 14 16:53:24 ubuntu devstack@keystone.service[67628]: DEBUG keystone.server.flask.request_processing.req_logging [None req-37e1c197-e040-4a6e-86cc-b0a07e7051ee None admin] SCRIPT_NAME: `/identity` {{(pid=67628) log_request_info /opt/stack/keystone/keystone/server/flask/request_processing/req_logging.py:27}}
Apr 14 16:53:24 ubuntu devstack@keystone.service[67628]: DEBUG keystone.server.flask.request_processing.req_logging [None req-37e1c197-e040-4a6e-86cc-b0a07e7051ee None admin] PATH_INFO: `/v3/roles` {{(pid=67628) log_request_info /opt/stack/keystone/keystone/server/flask/request_processing/req_logging.py:28}}
Apr 14 16:53:24 ubuntu devstack@keystone.service[67628]: DEBUG keystone.common.rbac_enforcer.enforcer [None req-37e1c197-e040-4a6e-86cc-b0a07e7051ee None admin] RBAC: Authorizing `identity:create_role()` {{(pid=67628) enforce_call /opt/stack/keystone/keystone/common/rbac_enforcer/enforcer.py:494}}
Apr 14 16:53:24 ubuntu devstack@keystone.service[67628]: DEBUG keystone.common.rbac_enforcer.enforcer [None req-37e1c197-e040-4a6e-86cc-b0a07e7051ee None admin] RBAC: Authorization granted {{(pid=67628) enforce_call /opt/stack/keystone/keystone/common/rbac_enforcer/enforcer.py:505}}
Apr 14 16:53:24 ubuntu devstack@keystone.service[67628]: [pid: 67628|app: 0|req: 21/43] 10.120.125.143 () {62 vars in 1199 bytes} [Tue Apr 14 16:53:24 2026] POST /identity/v3/roles => generated 226 bytes in 72 msecs (HTTP/1.1 201) 5 headers in 182 bytes (1 switches on core 0)
Apr 14 16:53:24 ubuntu devstack@keystone.service[67627]: DEBUG keystone.server.flask.request_processing.middleware.auth_context [None req-4a39d31e-bc64-4728-b810-d6abf445dacc None admin] Validating token access rules against request {{(pid=67627) validate_allowed_request /opt/stack/data/venv/lib/python3.12/site-packages/keystonemiddleware/auth_token/__init__.py:545}}
Apr 14 16:53:24 ubuntu devstack@keystone.service[67627]: DEBUG keystone.server.flask.request_processing.middleware.auth_context [None req-f2cd9233-eea0-4b95-919a-de23040c59f0 None admin] RBAC: auth_context: {'token': <TokenModel (audit_id=geF3bZNXTQG9pZEQ2Mwq1Q, audit_chain_id=['geF3bZNXTQG9pZEQ2Mwq1Q']) at 0x73c8ece70980>, 'domain_id': None, 'trust_id': None, 'trustor_id': None, 'trustee_id': None, 'domain_name': None, 'group_ids': [], 'user_id': 'cade4bb08694415a86601d163a903127', 'user_domain_id': 'default', 'system_scope': 'all', 'project_id': None, 'project_domain_id': None, 'roles': ['admin', 'manager', 'member', 'reader'], 'is_admin_project': True, 'service_user_id': None, 'service_user_domain_id': None, 'service_project_id': None, 'service_project_domain_id': None, 'service_roles': []} {{(pid=67627) fill_context /opt/stack/keystone/keystone/server/flask/request_processing/middleware/auth_context.py:509}}
Apr 14 16:53:24 ubuntu devstack@keystone.service[67627]: DEBUG keystone.server.flask.request_processing.req_logging [None req-f2cd9233-eea0-4b95-919a-de23040c59f0 None admin] REQUEST_METHOD: `GET` {{(pid=67627) log_request_info /opt/stack/keystone/keystone/server/flask/request_processing/req_logging.py:26}}
Apr 14 16:53:24 ubuntu devstack@keystone.service[67627]: DEBUG keystone.server.flask.request_processing.req_logging [None req-f2cd9233-eea0-4b95-919a-de23040c59f0 None admin] SCRIPT_NAME: `/identity` {{(pid=67627) log_request_info /opt/stack/keystone/keystone/server/flask/request_processing/req_logging.py:27}}
Apr 14 16:53:24 ubuntu devstack@keystone.service[67627]: DEBUG keystone.server.flask.request_processing.req_logging [None req-f2cd9233-eea0-4b95-919a-de23040c59f0 None admin] PATH_INFO: `/v3/users/cade4bb08694415a86601d163a903127` {{(pid=67627) log_request_info /opt/stack/keystone/keystone/server/flask/request_processing/req_logging.py:28}}
Apr 14 16:53:24 ubuntu devstack@keystone.service[67627]: DEBUG keystone.common.rbac_enforcer.enforcer [None req-f2cd9233-eea0-4b95-919a-de23040c59f0 None admin] RBAC: Authorizing `identity:get_user(user_id=cade4bb08694415a86601d163a903127)` {{(pid=67627) enforce_call /opt/stack/keystone/keystone/common/rbac_enforcer/enforcer.py:494}}
Apr 14 16:53:24 ubuntu devstack@keystone.service[67627]: DEBUG keystone.common.rbac_enforcer.enforcer [None req-f2cd9233-eea0-4b95-919a-de23040c59f0 None admin] RBAC: Authorization granted {{(pid=67627) enforce_call /opt/stack/keystone/keystone/common/rbac_enforcer/enforcer.py:505}}
Apr 14 16:53:24 ubuntu devstack@keystone.service[67627]: [pid: 67627|app: 0|req: 23/44] 10.120.125.143 () {58 vars in 1245 bytes} [Tue Apr 14 16:53:24 2026] GET /identity/v3/users/cade4bb08694415a86601d163a903127 => generated 248 bytes in 70 msecs (HTTP/1.1 200) 5 headers in 177 bytes (1 switches on core 0)
Apr 14 16:53:24 ubuntu devstack@keystone.service[67628]: DEBUG keystone.server.flask.request_processing.middleware.auth_context [None req-37e1c197-e040-4a6e-86cc-b0a07e7051ee None admin] Authenticating user token {{(pid=67628) process_request /opt/stack/data/venv/lib/python3.12/site-packages/keystonemiddleware/auth_token/__init__.py:407}}
Apr 14 16:53:24 ubuntu devstack@keystone.service[67628]: DEBUG keystone.server.flask.request_processing.middleware.auth_context [None req-37e1c197-e040-4a6e-86cc-b0a07e7051ee None admin] Validating token access rules against request {{(pid=67628) validate_allowed_request /opt/stack/data/venv/lib/python3.12/site-packages/keystonemiddleware/auth_token/__init__.py:545}}
Apr 14 16:53:24 ubuntu devstack@keystone.service[67627]: DEBUG keystone.server.flask.request_processing.middleware.auth_context [None req-f2cd9233-eea0-4b95-919a-de23040c59f0 None admin] Authenticating user token {{(pid=67627) process_request /opt/stack/data/venv/lib/python3.12/site-packages/keystonemiddleware/auth_token/__init__.py:407}}
Apr 14 16:53:24 ubuntu devstack@keystone.service[67628]: DEBUG keystone.server.flask.request_processing.middleware.auth_context [None req-b980561f-9dce-4917-9628-a5ea9bb7b219 None admin] RBAC: auth_context: {'token': <TokenModel (audit_id=geF3bZNXTQG9pZEQ2Mwq1Q, audit_chain_id=['geF3bZNXTQG9pZEQ2Mwq1Q']) at 0x73c8ecfb07d0>, 'domain_id': None, 'trust_id': None, 'trustor_id': None, 'trustee_id': None, 'domain_name': None, 'group_ids': [], 'user_id': 'cade4bb08694415a86601d163a903127', 'user_domain_id': 'default', 'system_scope': 'all', 'project_id': None, 'project_domain_id': None, 'roles': ['admin', 'manager', 'member', 'reader'], 'is_admin_project': True, 'service_user_id': None, 'service_user_domain_id': None, 'service_project_id': None, 'service_project_domain_id': None, 'service_roles': []} {{(pid=67628) fill_context /opt/stack/keystone/keystone/server/flask/request_processing/middleware/auth_context.py:509}}
Apr 14 16:53:24 ubuntu devstack@keystone.service[67628]: DEBUG keystone.server.flask.request_processing.req_logging [None req-b980561f-9dce-4917-9628-a5ea9bb7b219 None admin] REQUEST_METHOD: `GET` {{(pid=67628) log_request_info /opt/stack/keystone/keystone/server/flask/request_processing/req_logging.py:26}}
Apr 14 16:53:24 ubuntu devstack@keystone.service[67628]: DEBUG keystone.server.flask.request_processing.req_logging [None req-b980561f-9dce-4917-9628-a5ea9bb7b219 None admin] SCRIPT_NAME: `/identity` {{(pid=67628) log_request_info /opt/stack/keystone/keystone/server/flask/request_processing/req_logging.py:27}}
Apr 14 16:53:24 ubuntu devstack@keystone.service[67628]: DEBUG keystone.server.flask.request_processing.req_logging [None req-b980561f-9dce-4917-9628-a5ea9bb7b219 None admin] PATH_INFO: `/v3/domains/default` {{(pid=67628) log_request_info /opt/stack/keystone/keystone/server/flask/request_processing/req_logging.py:28}}
Apr 14 16:53:24 ubuntu devstack@keystone.service[67628]: DEBUG keystone.common.rbac_enforcer.enforcer [None req-b980561f-9dce-4917-9628-a5ea9bb7b219 None admin] RBAC: Authorizing `identity:get_domain(domain_id=default)` {{(pid=67628) enforce_call /opt/stack/keystone/keystone/common/rbac_enforcer/enforcer.py:494}}
Apr 14 16:53:24 ubuntu devstack@keystone.service[67628]: DEBUG keystone.common.rbac_enforcer.enforcer [None req-b980561f-9dce-4917-9628-a5ea9bb7b219 None admin] RBAC: Authorization granted {{(pid=67628) enforce_call /opt/stack/keystone/keystone/common/rbac_enforcer/enforcer.py:505}}
Apr 14 16:53:24 ubuntu devstack@keystone.service[67628]: [pid: 67628|app: 0|req: 22/45] 10.120.125.143 () {58 vars in 1176 bytes} [Tue Apr 14 16:53:24 2026] GET /identity/v3/domains/default => generated 200 bytes in 73 msecs (HTTP/1.1 200) 5 headers in 177 bytes (1 switches on core 0)
Apr 14 16:53:24 ubuntu devstack@keystone.service[67627]: DEBUG keystone.server.flask.request_processing.middleware.auth_context [None req-f2cd9233-eea0-4b95-919a-de23040c59f0 None admin] Validating token access rules against request {{(pid=67627) validate_allowed_request /opt/stack/data/venv/lib/python3.12/site-packages/keystonemiddleware/auth_token/__init__.py:545}}
Apr 14 16:53:24 ubuntu devstack@keystone.service[67627]: DEBUG keystone.server.flask.request_processing.middleware.auth_context [None req-89904866-b01a-4480-9ee9-76303aac1a0a None admin] RBAC: auth_context: {'token': <TokenModel (audit_id=Sh2h_xuNTBqnaveKExj0CA, audit_chain_id=['Sh2h_xuNTBqnaveKExj0CA']) at 0x73c8ece72240>, 'domain_id': None, 'trust_id': None, 'trustor_id': None, 'trustee_id': None, 'domain_name': None, 'group_ids': [], 'user_id': 'cade4bb08694415a86601d163a903127', 'user_domain_id': 'default', 'system_scope': 'all', 'project_id': None, 'project_domain_id': None, 'roles': ['admin', 'manager', 'member', 'reader'], 'is_admin_project': True, 'service_user_id': None, 'service_user_domain_id': None, 'service_project_id': None, 'service_project_domain_id': None, 'service_roles': []} {{(pid=67627) fill_context /opt/stack/keystone/keystone/server/flask/request_processing/middleware/auth_context.py:509}}
Apr 14 16:53:24 ubuntu devstack@keystone.service[67627]: DEBUG keystone.server.flask.request_processing.req_logging [None req-89904866-b01a-4480-9ee9-76303aac1a0a None admin] REQUEST_METHOD: `GET` {{(pid=67627) log_request_info /opt/stack/keystone/keystone/server/flask/request_processing/req_logging.py:26}}
Apr 14 16:53:24 ubuntu devstack@keystone.service[67627]: DEBUG keystone.server.flask.request_processing.req_logging [None req-89904866-b01a-4480-9ee9-76303aac1a0a None admin] SCRIPT_NAME: `/identity` {{(pid=67627) log_request_info /opt/stack/keystone/keystone/server/flask/request_processing/req_logging.py:27}}
Apr 14 16:53:24 ubuntu devstack@keystone.service[67627]: DEBUG keystone.server.flask.request_processing.req_logging [None req-89904866-b01a-4480-9ee9-76303aac1a0a None admin] PATH_INFO: `/v3/domains/default` {{(pid=67627) log_request_info /opt/stack/keystone/keystone/server/flask/request_processing/req_logging.py:28}}
Apr 14 16:53:24 ubuntu devstack@keystone.service[67627]: DEBUG keystone.common.rbac_enforcer.enforcer [None req-89904866-b01a-4480-9ee9-76303aac1a0a None admin] RBAC: Authorizing `identity:get_domain(domain_id=default)` {{(pid=67627) enforce_call /opt/stack/keystone/keystone/common/rbac_enforcer/enforcer.py:494}}
Apr 14 16:53:24 ubuntu devstack@keystone.service[67628]: DEBUG keystone.server.flask.request_processing.middleware.auth_context [None req-b980561f-9dce-4917-9628-a5ea9bb7b219 None admin] Authenticating user token {{(pid=67628) process_request /opt/stack/data/venv/lib/python3.12/site-packages/keystonemiddleware/auth_token/__init__.py:407}}
Apr 14 16:53:24 ubuntu devstack@keystone.service[67627]: DEBUG keystone.common.rbac_enforcer.enforcer [None req-89904866-b01a-4480-9ee9-76303aac1a0a None admin] RBAC: Authorization granted {{(pid=67627) enforce_call /opt/stack/keystone/keystone/common/rbac_enforcer/enforcer.py:505}}
Apr 14 16:53:24 ubuntu devstack@keystone.service[67627]: [pid: 67627|app: 0|req: 24/46] 10.120.125.143 () {58 vars in 1176 bytes} [Tue Apr 14 16:53:24 2026] GET /identity/v3/domains/default => generated 200 bytes in 74 msecs (HTTP/1.1 200) 5 headers in 177 bytes (1 switches on core 0)
Apr 14 16:53:24 ubuntu devstack@keystone.service[67628]: DEBUG keystone.server.flask.request_processing.middleware.auth_context [None req-b980561f-9dce-4917-9628-a5ea9bb7b219 None admin] Validating token access rules against request {{(pid=67628) validate_allowed_request /opt/stack/data/venv/lib/python3.12/site-packages/keystonemiddleware/auth_token/__init__.py:545}}
Apr 14 16:53:24 ubuntu devstack@keystone.service[67628]: DEBUG keystone.server.flask.request_processing.middleware.auth_context [None req-d5839aec-31dc-4a53-8bbc-09d226b270c4 None admin] RBAC: auth_context: {'token': <TokenModel (audit_id=geF3bZNXTQG9pZEQ2Mwq1Q, audit_chain_id=['geF3bZNXTQG9pZEQ2Mwq1Q']) at 0x73c8ecfb1190>, 'domain_id': None, 'trust_id': None, 'trustor_id': None, 'trustee_id': None, 'domain_name': None, 'group_ids': [], 'user_id': 'cade4bb08694415a86601d163a903127', 'user_domain_id': 'default', 'system_scope': 'all', 'project_id': None, 'project_domain_id': None, 'roles': ['admin', 'manager', 'member', 'reader'], 'is_admin_project': True, 'service_user_id': None, 'service_user_domain_id': None, 'service_project_id': None, 'service_project_domain_id': None, 'service_roles': []} {{(pid=67628) fill_context /opt/stack/keystone/keystone/server/flask/request_processing/middleware/auth_context.py:509}}
Apr 14 16:53:24 ubuntu devstack@keystone.service[67628]: DEBUG keystone.server.flask.request_processing.req_logging [None req-d5839aec-31dc-4a53-8bbc-09d226b270c4 None admin] REQUEST_METHOD: `GET` {{(pid=67628) log_request_info /opt/stack/keystone/keystone/server/flask/request_processing/req_logging.py:26}}
Apr 14 16:53:24 ubuntu devstack@keystone.service[67628]: DEBUG keystone.server.flask.request_processing.req_logging [None req-d5839aec-31dc-4a53-8bbc-09d226b270c4 None admin] SCRIPT_NAME: `/identity` {{(pid=67628) log_request_info /opt/stack/keystone/keystone/server/flask/request_processing/req_logging.py:27}}
Apr 14 16:53:24 ubuntu devstack@keystone.service[67628]: DEBUG keystone.server.flask.request_processing.req_logging [None req-d5839aec-31dc-4a53-8bbc-09d226b270c4 None admin] PATH_INFO: `/v3/role_assignments` {{(pid=67628) log_request_info /opt/stack/keystone/keystone/server/flask/request_processing/req_logging.py:28}}
Apr 14 16:53:24 ubuntu devstack@keystone.service[67628]: DEBUG keystone.common.rbac_enforcer.enforcer [None req-d5839aec-31dc-4a53-8bbc-09d226b270c4 None admin] RBAC: Adding query filter params (role.id=933c8f929c4a4b0e8e9f0a3d3aafdbf9, scope.domain.id=default, user.id=cade4bb08694415a86601d163a903127) {{(pid=67628) _extract_filter_values /opt/stack/keystone/keystone/common/rbac_enforcer/enforcer.py:176}}
