Jun 08 11:12:06 ubuntu devstack@keystone.service[67453]: ERROR keystone.server.flask.application     util.preloaded.orm_persistence.save_obj(
Jun 08 11:12:06 ubuntu devstack@keystone.service[67453]: ERROR keystone.server.flask.application   File "/opt/stack/data/venv/lib/python3.12/site-packages/sqlalchemy/orm/persistence.py", line 94, in save_obj
Jun 08 11:12:06 ubuntu devstack@keystone.service[67453]: ERROR keystone.server.flask.application     _emit_insert_statements(
Jun 08 11:12:06 ubuntu devstack@keystone.service[67453]: ERROR keystone.server.flask.application   File "/opt/stack/data/venv/lib/python3.12/site-packages/sqlalchemy/orm/persistence.py", line 1049, in _emit_insert_statements
Jun 08 11:12:06 ubuntu devstack@keystone.service[67453]: ERROR keystone.server.flask.application     result = connection.execute(
Jun 08 11:12:06 ubuntu devstack@keystone.service[67453]: ERROR keystone.server.flask.application              ^^^^^^^^^^^^^^^^^^^
Jun 08 11:12:06 ubuntu devstack@keystone.service[67453]: ERROR keystone.server.flask.application   File "/opt/stack/data/venv/lib/python3.12/site-packages/sqlalchemy/engine/base.py", line 1421, in execute
Jun 08 11:12:06 ubuntu devstack@keystone.service[67453]: ERROR keystone.server.flask.application     return meth(
Jun 08 11:12:06 ubuntu devstack@keystone.service[67453]: ERROR keystone.server.flask.application            ^^^^^
Jun 08 11:12:06 ubuntu devstack@keystone.service[67453]: ERROR keystone.server.flask.application   File "/opt/stack/data/venv/lib/python3.12/site-packages/sqlalchemy/sql/elements.py", line 526, in _execute_on_connection
Jun 08 11:12:06 ubuntu devstack@keystone.service[67453]: ERROR keystone.server.flask.application     return connection._execute_clauseelement(
Jun 08 11:12:06 ubuntu devstack@keystone.service[67453]: ERROR keystone.server.flask.application            ^^^^^^^^^^^^^^^^^^^^^^^^^^^^^^^^^^
Jun 08 11:12:06 ubuntu devstack@keystone.service[67453]: ERROR keystone.server.flask.application   File "/opt/stack/data/venv/lib/python3.12/site-packages/sqlalchemy/engine/base.py", line 1643, in _execute_clauseelement
Jun 08 11:12:06 ubuntu devstack@keystone.service[67453]: ERROR keystone.server.flask.application     ret = self._execute_context(
Jun 08 11:12:06 ubuntu devstack@keystone.service[67453]: ERROR keystone.server.flask.application           ^^^^^^^^^^^^^^^^^^^^^^
Jun 08 11:12:06 ubuntu devstack@keystone.service[67453]: ERROR keystone.server.flask.application   File "/opt/stack/data/venv/lib/python3.12/site-packages/sqlalchemy/engine/base.py", line 1848, in _execute_context
Jun 08 11:12:06 ubuntu devstack@keystone.service[67453]: ERROR keystone.server.flask.application     return self._exec_single_context(
Jun 08 11:12:06 ubuntu devstack@keystone.service[67453]: ERROR keystone.server.flask.application            ^^^^^^^^^^^^^^^^^^^^^^^^^^
Jun 08 11:12:06 ubuntu devstack@keystone.service[67453]: ERROR keystone.server.flask.application   File "/opt/stack/data/venv/lib/python3.12/site-packages/sqlalchemy/engine/base.py", line 1988, in _exec_single_context
Jun 08 11:12:06 ubuntu devstack@keystone.service[67453]: ERROR keystone.server.flask.application     self._handle_dbapi_exception(
Jun 08 11:12:06 ubuntu devstack@keystone.service[67453]: ERROR keystone.server.flask.application   File "/opt/stack/data/venv/lib/python3.12/site-packages/sqlalchemy/engine/base.py", line 2362, in _handle_dbapi_exception
Jun 08 11:12:06 ubuntu devstack@keystone.service[67453]: ERROR keystone.server.flask.application     raise newraise.with_traceback(exc_info[2]) from e
Jun 08 11:12:06 ubuntu devstack@keystone.service[67453]: ERROR keystone.server.flask.application   File "/opt/stack/data/venv/lib/python3.12/site-packages/sqlalchemy/engine/base.py", line 1969, in _exec_single_context
Jun 08 11:12:06 ubuntu devstack@keystone.service[67453]: ERROR keystone.server.flask.application     self.dialect.do_execute(
Jun 08 11:12:06 ubuntu devstack@keystone.service[67453]: ERROR keystone.server.flask.application   File "/opt/stack/data/venv/lib/python3.12/site-packages/sqlalchemy/engine/default.py", line 952, in do_execute
Jun 08 11:12:06 ubuntu devstack@keystone.service[67453]: ERROR keystone.server.flask.application     cursor.execute(statement, parameters)
Jun 08 11:12:06 ubuntu devstack@keystone.service[67453]: ERROR keystone.server.flask.application   File "/opt/stack/data/venv/lib/python3.12/site-packages/pymysql/cursors.py", line 159, in execute
Jun 08 11:12:06 ubuntu devstack@keystone.service[67453]: ERROR keystone.server.flask.application     result = self._query(query)
Jun 08 11:12:06 ubuntu devstack@keystone.service[67453]: ERROR keystone.server.flask.application              ^^^^^^^^^^^^^^^^^^
Jun 08 11:12:06 ubuntu devstack@keystone.service[67453]: ERROR keystone.server.flask.application   File "/opt/stack/data/venv/lib/python3.12/site-packages/pymysql/cursors.py", line 330, in _query
Jun 08 11:12:06 ubuntu devstack@keystone.service[67453]: ERROR keystone.server.flask.application     conn.query(q)
Jun 08 11:12:06 ubuntu devstack@keystone.service[67453]: ERROR keystone.server.flask.application   File "/opt/stack/data/venv/lib/python3.12/site-packages/pymysql/connections.py", line 582, in query
Jun 08 11:12:06 ubuntu devstack@keystone.service[67453]: ERROR keystone.server.flask.application     self._affected_rows = self._read_query_result(unbuffered=unbuffered)
Jun 08 11:12:06 ubuntu devstack@keystone.service[67453]: ERROR keystone.server.flask.application                           ^^^^^^^^^^^^^^^^^^^^^^^^^^^^^^^^^^^^^^^^^^^^^^
Jun 08 11:12:06 ubuntu devstack@keystone.service[67453]: ERROR keystone.server.flask.application   File "/opt/stack/data/venv/lib/python3.12/site-packages/pymysql/connections.py", line 847, in _read_query_result
Jun 08 11:12:06 ubuntu devstack@keystone.service[67453]: ERROR keystone.server.flask.application     result.read()
Jun 08 11:12:06 ubuntu devstack@keystone.service[67453]: ERROR keystone.server.flask.application   File "/opt/stack/data/venv/lib/python3.12/site-packages/pymysql/connections.py", line 1245, in read
Jun 08 11:12:06 ubuntu devstack@keystone.service[67453]: ERROR keystone.server.flask.application     first_packet = self.connection._read_packet()
Jun 08 11:12:06 ubuntu devstack@keystone.service[67453]: ERROR keystone.server.flask.application                    ^^^^^^^^^^^^^^^^^^^^^^^^^^^^^^
Jun 08 11:12:06 ubuntu devstack@keystone.service[67453]: ERROR keystone.server.flask.application   File "/opt/stack/data/venv/lib/python3.12/site-packages/pymysql/connections.py", line 803, in _read_packet
Jun 08 11:12:06 ubuntu devstack@keystone.service[67453]: ERROR keystone.server.flask.application     packet.raise_for_error()
Jun 08 11:12:06 ubuntu devstack@keystone.service[67453]: ERROR keystone.server.flask.application   File "/opt/stack/data/venv/lib/python3.12/site-packages/pymysql/protocol.py", line 219, in raise_for_error
Jun 08 11:12:06 ubuntu devstack@keystone.service[67453]: ERROR keystone.server.flask.application     err.raise_mysql_exception(self._data)
Jun 08 11:12:06 ubuntu devstack@keystone.service[67453]: ERROR keystone.server.flask.application   File "/opt/stack/data/venv/lib/python3.12/site-packages/pymysql/err.py", line 154, in raise_mysql_exception
Jun 08 11:12:06 ubuntu devstack@keystone.service[67453]: ERROR keystone.server.flask.application     raise errorclass(errno, errval, sqlstate=sqlstate)
Jun 08 11:12:06 ubuntu devstack@keystone.service[67453]: ERROR keystone.server.flask.application oslo_db.exception.DBDuplicateEntry: (pymysql.err.IntegrityError) (1062, "Duplicate entry 'service-<<null>>' for key 'role.ixu_role_name_domain_id'")
Jun 08 11:12:06 ubuntu devstack@keystone.service[67453]: ERROR keystone.server.flask.application [SQL: INSERT INTO `role` (id, name, description, extra) VALUES (%(id)s, %(name)s, %(description)s, %(extra)s)]
Jun 08 11:12:06 ubuntu devstack@keystone.service[67453]: ERROR keystone.server.flask.application [parameters: {'id': 'ee66ed4fc5c947c787c9b49ba68dfcc4', 'name': 'service', 'description': None, 'extra': '{}'}]
Jun 08 11:12:06 ubuntu devstack@keystone.service[67453]: ERROR keystone.server.flask.application (Background on this error at: https://sqlalche.me/e/20/gkpj)
Jun 08 11:12:06 ubuntu devstack@keystone.service[67453]: ERROR keystone.server.flask.application 
Jun 08 11:12:06 ubuntu devstack@keystone.service[67453]: ERROR keystone.server.flask.application During handling of the above exception, another exception occurred:
Jun 08 11:12:06 ubuntu devstack@keystone.service[67453]: ERROR keystone.server.flask.application 
Jun 08 11:12:06 ubuntu devstack@keystone.service[67453]: ERROR keystone.server.flask.application Traceback (most recent call last):
Jun 08 11:12:06 ubuntu devstack@keystone.service[67453]: ERROR keystone.server.flask.application   File "/opt/stack/data/venv/lib/python3.12/site-packages/flask_restful/__init__.py", line 295, in error_router
Jun 08 11:12:06 ubuntu devstack@keystone.service[67453]: ERROR keystone.server.flask.application     return self.handle_error(e)
Jun 08 11:12:06 ubuntu devstack@keystone.service[67453]: ERROR keystone.server.flask.application            ^^^^^^^^^^^^^^^^^^^^
Jun 08 11:12:06 ubuntu devstack@keystone.service[67453]: ERROR keystone.server.flask.application   File "/opt/stack/data/venv/lib/python3.12/site-packages/flask_restful/__init__.py", line 310, in handle_error
Jun 08 11:12:06 ubuntu devstack@keystone.service[67453]: ERROR keystone.server.flask.application     _handle_flask_propagate_exceptions_config(current_app, e)
Jun 08 11:12:06 ubuntu devstack@keystone.service[67453]: ERROR keystone.server.flask.application   File "/opt/stack/data/venv/lib/python3.12/site-packages/flask/app.py", line 917, in full_dispatch_request
Jun 08 11:12:06 ubuntu devstack@keystone.service[67453]: ERROR keystone.server.flask.application     rv = self.dispatch_request()
Jun 08 11:12:06 ubuntu devstack@keystone.service[67453]: ERROR keystone.server.flask.application          ^^^^^^^^^^^^^^^^^^^^^^^
Jun 08 11:12:06 ubuntu devstack@keystone.service[67453]: ERROR keystone.server.flask.application   File "/opt/stack/data/venv/lib/python3.12/site-packages/flask/app.py", line 902, in dispatch_request
Jun 08 11:12:06 ubuntu devstack@keystone.service[67453]: ERROR keystone.server.flask.application     return self.ensure_sync(self.view_functions[rule.endpoint])(**view_args)  # type: ignore[no-any-return]
Jun 08 11:12:06 ubuntu devstack@keystone.service[67453]: ERROR keystone.server.flask.application            ^^^^^^^^^^^^^^^^^^^^^^^^^^^^^^^^^^^^^^^^^^^^^^^^^^^^^^^^^^^^^^^^^
Jun 08 11:12:06 ubuntu devstack@keystone.service[67453]: ERROR keystone.server.flask.application   File "/opt/stack/data/venv/lib/python3.12/site-packages/flask_restful/__init__.py", line 489, in wrapper
Jun 08 11:12:06 ubuntu devstack@keystone.service[67453]: ERROR keystone.server.flask.application     resp = resource(*args, **kwargs)
Jun 08 11:12:06 ubuntu devstack@keystone.service[67453]: ERROR keystone.server.flask.application            ^^^^^^^^^^^^^^^^^^^^^^^^^
Jun 08 11:12:06 ubuntu devstack@keystone.service[67453]: ERROR keystone.server.flask.application   File "/opt/stack/data/venv/lib/python3.12/site-packages/flask/views.py", line 110, in view
Jun 08 11:12:06 ubuntu devstack@keystone.service[67453]: ERROR keystone.server.flask.application     return current_app.ensure_sync(self.dispatch_request)(**kwargs)  # type: ignore[no-any-return]
Jun 08 11:12:06 ubuntu devstack@keystone.service[67453]: ERROR keystone.server.flask.application            ^^^^^^^^^^^^^^^^^^^^^^^^^^^^^^^^^^^^^^^^^^^^^^^^^^^^^^^^
Jun 08 11:12:06 ubuntu devstack@keystone.service[67453]: ERROR keystone.server.flask.application   File "/opt/stack/data/venv/lib/python3.12/site-packages/flask_restful/__init__.py", line 604, in dispatch_request
Jun 08 11:12:06 ubuntu devstack@keystone.service[67453]: ERROR keystone.server.flask.application     resp = meth(*args, **kwargs)
Jun 08 11:12:06 ubuntu devstack@keystone.service[67453]: ERROR keystone.server.flask.application            ^^^^^^^^^^^^^^^^^^^^^
Jun 08 11:12:06 ubuntu devstack@keystone.service[67453]: ERROR keystone.server.flask.application   File "/opt/stack/keystone/keystone/api/validation/__init__.py", line 86, in wrapper
Jun 08 11:12:06 ubuntu devstack@keystone.service[67453]: ERROR keystone.server.flask.application     return func(*args, **kwargs)
Jun 08 11:12:06 ubuntu devstack@keystone.service[67453]: ERROR keystone.server.flask.application            ^^^^^^^^^^^^^^^^^^^^^
Jun 08 11:12:06 ubuntu devstack@keystone.service[67453]: ERROR keystone.server.flask.application   File "/opt/stack/keystone/keystone/api/validation/__init__.py", line 145, in wrapper
Jun 08 11:12:06 ubuntu devstack@keystone.service[67453]: ERROR keystone.server.flask.application     response = func(*args, **kwargs)
Jun 08 11:12:06 ubuntu devstack@keystone.service[67453]: ERROR keystone.server.flask.application                ^^^^^^^^^^^^^^^^^^^^^
Jun 08 11:12:06 ubuntu devstack@keystone.service[67453]: ERROR keystone.server.flask.application   File "/opt/stack/keystone/keystone/api/roles.py", line 91, in post
Jun 08 11:12:06 ubuntu devstack@keystone.service[67453]: ERROR keystone.server.flask.application     ref = PROVIDERS.role_api.create_role(
Jun 08 11:12:06 ubuntu devstack@keystone.service[67453]: ERROR keystone.server.flask.application           ^^^^^^^^^^^^^^^^^^^^^^^^^^^^^^^
Jun 08 11:12:06 ubuntu devstack@keystone.service[67453]: ERROR keystone.server.flask.application   File "/opt/stack/keystone/keystone/common/manager.py", line 114, in wrapped
Jun 08 11:12:06 ubuntu devstack@keystone.service[67453]: ERROR keystone.server.flask.application     __ret_val = __f(*args, **kwargs)
Jun 08 11:12:06 ubuntu devstack@keystone.service[67453]: ERROR keystone.server.flask.application                 ^^^^^^^^^^^^^^^^^^^^
Jun 08 11:12:06 ubuntu devstack@keystone.service[67453]: ERROR keystone.server.flask.application   File "/opt/stack/keystone/keystone/assignment/core.py", line 1486, in create_role
Jun 08 11:12:06 ubuntu devstack@keystone.service[67453]: ERROR keystone.server.flask.application     ret = self.driver.create_role(role_id, role)
Jun 08 11:12:06 ubuntu devstack@keystone.service[67453]: ERROR keystone.server.flask.application           ^^^^^^^^^^^^^^^^^^^^^^^^^^^^^^^^^^^^^^
Jun 08 11:12:06 ubuntu devstack@keystone.service[67453]: ERROR keystone.server.flask.application   File "/opt/stack/keystone/keystone/common/sql/core.py", line 614, in wrapper
Jun 08 11:12:06 ubuntu devstack@keystone.service[67453]: ERROR keystone.server.flask.application     raise exception.Conflict(type=conflict_type, details=msg)
Jun 08 11:12:06 ubuntu devstack@keystone.service[67453]: ERROR keystone.server.flask.application keystone.exception.Conflict: Conflict occurred attempting to store role - Duplicate entry found with name service.
Jun 08 11:12:06 ubuntu devstack@keystone.service[67453]: ERROR keystone.server.flask.application 
Jun 08 11:12:06 ubuntu devstack@keystone.service[67453]: [pid: 67453|app: 0|req: 19/37] 10.120.125.143 () {62 vars in 1198 bytes} [Mon Jun  8 11:12:05 2026] POST /identity/v3/roles => generated 140 bytes in 91 msecs (HTTP/1.1 409) 5 headers in 183 bytes (1 switches on core 0)
Jun 08 11:12:06 ubuntu devstack@keystone.service[67453]: DEBUG keystone.server.flask.request_processing.req_logging [None req-780ac92b-fb6b-48ae-a2e6-c462d5e2b266 None None] REQUEST_METHOD: `GET` {{(pid=67453) log_request_info /opt/stack/keystone/keystone/server/flask/request_processing/req_logging.py:26}}
Jun 08 11:12:06 ubuntu devstack@keystone.service[67453]: DEBUG keystone.server.flask.request_processing.req_logging [None req-780ac92b-fb6b-48ae-a2e6-c462d5e2b266 None None] SCRIPT_NAME: `/identity` {{(pid=67453) log_request_info /opt/stack/keystone/keystone/server/flask/request_processing/req_logging.py:27}}
Jun 08 11:12:06 ubuntu devstack@keystone.service[67453]: DEBUG keystone.server.flask.request_processing.req_logging [None req-780ac92b-fb6b-48ae-a2e6-c462d5e2b266 None None] PATH_INFO: `/` {{(pid=67453) log_request_info /opt/stack/keystone/keystone/server/flask/request_processing/req_logging.py:28}}
Jun 08 11:12:06 ubuntu devstack@keystone.service[67453]: [pid: 67453|app: 0|req: 20/38] 10.120.125.143 () {56 vars in 951 bytes} [Mon Jun  8 11:12:06 2026] GET /identity => generated 271 bytes in 1 msecs (HTTP/1.1 300) 6 headers in 235 bytes (1 switches on core 0)
Jun 08 11:12:06 ubuntu devstack@keystone.service[67454]: DEBUG keystone.server.flask.request_processing.middleware.auth_context [None req-b9e71315-83df-4257-b628-7b918624cffa None None] Validating token access rules against request {{(pid=67454) validate_allowed_request /opt/stack/data/venv/lib/python3.12/site-packages/keystonemiddleware/auth_token/__init__.py:544}}
Jun 08 11:12:06 ubuntu devstack@keystone.service[67454]: DEBUG keystone.server.flask.request_processing.middleware.auth_context [None req-5651bc9f-7c4f-413b-9156-bb5e81aa2c59 None admin] RBAC: auth_context: {'token': <TokenModel (audit_id=hcvnqC7mQs2Bles6hxcl_w, audit_chain_id=['hcvnqC7mQs2Bles6hxcl_w']) at 0x7d02ad6b6240>, 'domain_id': None, 'trust_id': None, 'trustor_id': None, 'trustee_id': None, 'domain_name': None, 'group_ids': [], 'user_id': '1935b9d43e094d69893e1ecc05753054', 'user_domain_id': 'default', 'system_scope': 'all', 'project_id': None, 'project_domain_id': None, 'roles': ['admin', 'manager', 'member', 'reader'], 'is_admin_project': True, 'service_user_id': None, 'service_user_domain_id': None, 'service_project_id': None, 'service_project_domain_id': None, 'service_roles': []} {{(pid=67454) fill_context /opt/stack/keystone/keystone/server/flask/request_processing/middleware/auth_context.py:509}}
Jun 08 11:12:06 ubuntu devstack@keystone.service[67454]: DEBUG keystone.server.flask.request_processing.req_logging [None req-5651bc9f-7c4f-413b-9156-bb5e81aa2c59 None admin] REQUEST_METHOD: `GET` {{(pid=67454) log_request_info /opt/stack/keystone/keystone/server/flask/request_processing/req_logging.py:26}}
Jun 08 11:12:06 ubuntu devstack@keystone.service[67454]: DEBUG keystone.server.flask.request_processing.req_logging [None req-5651bc9f-7c4f-413b-9156-bb5e81aa2c59 None admin] SCRIPT_NAME: `/identity` {{(pid=67454) log_request_info /opt/stack/keystone/keystone/server/flask/request_processing/req_logging.py:27}}
Jun 08 11:12:06 ubuntu devstack@keystone.service[67454]: DEBUG keystone.server.flask.request_processing.req_logging [None req-5651bc9f-7c4f-413b-9156-bb5e81aa2c59 None admin] PATH_INFO: `/v3/roles` {{(pid=67454) log_request_info /opt/stack/keystone/keystone/server/flask/request_processing/req_logging.py:28}}
Jun 08 11:12:06 ubuntu devstack@keystone.service[67454]: DEBUG keystone.common.rbac_enforcer.enforcer [None req-5651bc9f-7c4f-413b-9156-bb5e81aa2c59 None admin] RBAC: Adding query filter params (name=admin) {{(pid=67454) _extract_filter_values /opt/stack/keystone/keystone/common/rbac_enforcer/enforcer.py:176}}
Jun 08 11:12:06 ubuntu devstack@keystone.service[67454]: DEBUG keystone.common.rbac_enforcer.enforcer [None req-5651bc9f-7c4f-413b-9156-bb5e81aa2c59 None admin] RBAC: Authorizing `identity:list_roles()` {{(pid=67454) enforce_call /opt/stack/keystone/keystone/common/rbac_enforcer/enforcer.py:501}}
Jun 08 11:12:06 ubuntu devstack@keystone.service[67454]: DEBUG keystone.common.rbac_enforcer.enforcer [None req-5651bc9f-7c4f-413b-9156-bb5e81aa2c59 None admin] RBAC: Authorization granted {{(pid=67454) enforce_call /opt/stack/keystone/keystone/common/rbac_enforcer/enforcer.py:512}}
Jun 08 11:12:06 ubuntu devstack@keystone.service[67454]: [pid: 67454|app: 0|req: 19/39] 10.120.125.143 () {58 vars in 1180 bytes} [Mon Jun  8 11:12:06 2026] GET /identity/v3/roles?name=admin => generated 341 bytes in 62 msecs (HTTP/1.1 200) 5 headers in 177 bytes (1 switches on core 0)
Jun 08 11:12:06 ubuntu devstack@keystone.service[67453]: DEBUG keystone.server.flask.request_processing.middleware.auth_context [None req-780ac92b-fb6b-48ae-a2e6-c462d5e2b266 None None] Authenticating user token {{(pid=67453) process_request /opt/stack/data/venv/lib/python3.12/site-packages/keystonemiddleware/auth_token/__init__.py:406}}
Jun 08 11:12:06 ubuntu devstack@keystone.service[67454]: DEBUG keystone.server.flask.request_processing.middleware.auth_context [None req-5651bc9f-7c4f-413b-9156-bb5e81aa2c59 None admin] Authenticating user token {{(pid=67454) process_request /opt/stack/data/venv/lib/python3.12/site-packages/keystonemiddleware/auth_token/__init__.py:406}}
Jun 08 11:12:06 ubuntu devstack@keystone.service[67453]: DEBUG keystone.server.flask.request_processing.middleware.auth_context [None req-780ac92b-fb6b-48ae-a2e6-c462d5e2b266 None None] Validating token access rules against request {{(pid=67453) validate_allowed_request /opt/stack/data/venv/lib/python3.12/site-packages/keystonemiddleware/auth_token/__init__.py:544}}
Jun 08 11:12:06 ubuntu devstack@keystone.service[67454]: DEBUG keystone.server.flask.request_processing.middleware.auth_context [None req-5651bc9f-7c4f-413b-9156-bb5e81aa2c59 None admin] Validating token access rules against request {{(pid=67454) validate_allowed_request /opt/stack/data/venv/lib/python3.12/site-packages/keystonemiddleware/auth_token/__init__.py:544}}
Jun 08 11:12:06 ubuntu devstack@keystone.service[67454]: DEBUG keystone.server.flask.request_processing.middleware.auth_context [None req-0085f895-99e4-4121-be06-0778f9680a6b None admin] RBAC: auth_context: {'token': <TokenModel (audit_id=hcvnqC7mQs2Bles6hxcl_w, audit_chain_id=['hcvnqC7mQs2Bles6hxcl_w']) at 0x7d02ad4bb410>, 'domain_id': None, 'trust_id': None, 'trustor_id': None, 'trustee_id': None, 'domain_name': None, 'group_ids': [], 'user_id': '1935b9d43e094d69893e1ecc05753054', 'user_domain_id': 'default', 'system_scope': 'all', 'project_id': None, 'project_domain_id': None, 'roles': ['admin', 'manager', 'member', 'reader'], 'is_admin_project': True, 'service_user_id': None, 'service_user_domain_id': None, 'service_project_id': None, 'service_project_domain_id': None, 'service_roles': []} {{(pid=67454) fill_context /opt/stack/keystone/keystone/server/flask/request_processing/middleware/auth_context.py:509}}
Jun 08 11:12:06 ubuntu devstack@keystone.service[67454]: DEBUG keystone.server.flask.request_processing.req_logging [None req-0085f895-99e4-4121-be06-0778f9680a6b None admin] REQUEST_METHOD: `GET` {{(pid=67454) log_request_info /opt/stack/keystone/keystone/server/flask/request_processing/req_logging.py:26}}
Jun 08 11:12:06 ubuntu devstack@keystone.service[67454]: DEBUG keystone.server.flask.request_processing.req_logging [None req-0085f895-99e4-4121-be06-0778f9680a6b None admin] SCRIPT_NAME: `/identity` {{(pid=67454) log_request_info /opt/stack/keystone/keystone/server/flask/request_processing/req_logging.py:27}}
Jun 08 11:12:06 ubuntu devstack@keystone.service[67453]: DEBUG keystone.server.flask.request_processing.middleware.auth_context [None req-b9c1750a-8a13-4c8c-b3bf-90ff0a262558 None admin] RBAC: auth_context: {'token': <TokenModel (audit_id=amFd_1tQR_W6AxyzUY9lTg, audit_chain_id=['amFd_1tQR_W6AxyzUY9lTg']) at 0x7d02ad4f5b80>, 'domain_id': None, 'trust_id': None, 'trustor_id': None, 'trustee_id': None, 'domain_name': None, 'group_ids': [], 'user_id': '1935b9d43e094d69893e1ecc05753054', 'user_domain_id': 'default', 'system_scope': 'all', 'project_id': None, 'project_domain_id': None, 'roles': ['admin', 'manager', 'member', 'reader'], 'is_admin_project': True, 'service_user_id': None, 'service_user_domain_id': None, 'service_project_id': None, 'service_project_domain_id': None, 'service_roles': []} {{(pid=67453) fill_context /opt/stack/keystone/keystone/server/flask/request_processing/middleware/auth_context.py:509}}
Jun 08 11:12:06 ubuntu devstack@keystone.service[67454]: DEBUG keystone.server.flask.request_processing.req_logging [None req-0085f895-99e4-4121-be06-0778f9680a6b None admin] PATH_INFO: `/v3/users/1935b9d43e094d69893e1ecc05753054` {{(pid=67454) log_request_info /opt/stack/keystone/keystone/server/flask/request_processing/req_logging.py:28}}
Jun 08 11:12:06 ubuntu devstack@keystone.service[67453]: DEBUG keystone.server.flask.request_processing.req_logging [None req-b9c1750a-8a13-4c8c-b3bf-90ff0a262558 None admin] REQUEST_METHOD: `GET` {{(pid=67453) log_request_info /opt/stack/keystone/keystone/server/flask/request_processing/req_logging.py:26}}
Jun 08 11:12:06 ubuntu devstack@keystone.service[67453]: DEBUG keystone.server.flask.request_processing.req_logging [None req-b9c1750a-8a13-4c8c-b3bf-90ff0a262558 None admin] SCRIPT_NAME: `/identity` {{(pid=67453) log_request_info /opt/stack/keystone/keystone/server/flask/request_processing/req_logging.py:27}}
Jun 08 11:12:06 ubuntu devstack@keystone.service[67453]: DEBUG keystone.server.flask.request_processing.req_logging [None req-b9c1750a-8a13-4c8c-b3bf-90ff0a262558 None admin] PATH_INFO: `/v3/roles/service` {{(pid=67453) log_request_info /opt/stack/keystone/keystone/server/flask/request_processing/req_logging.py:28}}
Jun 08 11:12:06 ubuntu devstack@keystone.service[67454]: DEBUG keystone.common.rbac_enforcer.enforcer [None req-0085f895-99e4-4121-be06-0778f9680a6b None admin] RBAC: Authorizing `identity:get_user(user_id=1935b9d43e094d69893e1ecc05753054)` {{(pid=67454) enforce_call /opt/stack/keystone/keystone/common/rbac_enforcer/enforcer.py:501}}
Jun 08 11:12:06 ubuntu devstack@keystone.service[67454]: DEBUG keystone.common.rbac_enforcer.enforcer [None req-0085f895-99e4-4121-be06-0778f9680a6b None admin] RBAC: Authorization granted {{(pid=67454) enforce_call /opt/stack/keystone/keystone/common/rbac_enforcer/enforcer.py:512}}
Jun 08 11:12:06 ubuntu devstack@keystone.service[67454]: [pid: 67454|app: 0|req: 20/40] 10.120.125.143 () {58 vars in 1244 bytes} [Mon Jun  8 11:12:06 2026] GET /identity/v3/users/1935b9d43e094d69893e1ecc05753054 => generated 248 bytes in 73 msecs (HTTP/1.1 200) 5 headers in 177 bytes (1 switches on core 0)
Jun 08 11:12:06 ubuntu devstack@keystone.service[67454]: DEBUG keystone.server.flask.request_processing.req_logging [None req-5c03c258-828f-4f6e-9b20-143fac9339fd None None] REQUEST_METHOD: `POST` {{(pid=67454) log_request_info /opt/stack/keystone/keystone/server/flask/request_processing/req_logging.py:26}}
Jun 08 11:12:06 ubuntu devstack@keystone.service[67454]: DEBUG keystone.server.flask.request_processing.req_logging [None req-5c03c258-828f-4f6e-9b20-143fac9339fd None None] SCRIPT_NAME: `/identity` {{(pid=67454) log_request_info /opt/stack/keystone/keystone/server/flask/request_processing/req_logging.py:27}}
Jun 08 11:12:06 ubuntu devstack@keystone.service[67454]: DEBUG keystone.server.flask.request_processing.req_logging [None req-5c03c258-828f-4f6e-9b20-143fac9339fd None None] PATH_INFO: `/v3/auth/tokens` {{(pid=67454) log_request_info /opt/stack/keystone/keystone/server/flask/request_processing/req_logging.py:28}}
Jun 08 11:12:06 ubuntu devstack@keystone.service[67453]: DEBUG keystone.common.rbac_enforcer.enforcer [None req-b9c1750a-8a13-4c8c-b3bf-90ff0a262558 None admin] Extracting inferred target data resulted in "NOT FOUND (404)". {{(pid=67453) enforce_call /opt/stack/keystone/keystone/common/rbac_enforcer/enforcer.py:445}}
Jun 08 11:12:06 ubuntu devstack@keystone.service[67454]: WARNING keystone.common.password_hashing [None req-5c03c258-828f-4f6e-9b20-143fac9339fd None None] Truncating password to algorithm specific maximum length 72 characters.
Jun 08 11:12:06 ubuntu devstack@keystone.service[67453]: DEBUG keystone.server.flask.application [None req-b9c1750a-8a13-4c8c-b3bf-90ff0a262558 None admin] Could not find role: service. {{(pid=67453) _handle_keystone_exception /opt/stack/keystone/keystone/server/flask/application.py:146}}
Jun 08 11:12:06 ubuntu devstack@keystone.service[67453]: [pid: 67453|app: 0|req: 21/41] 10.120.125.143 () {58 vars in 1169 bytes} [Mon Jun  8 11:12:06 2026] GET /identity/v3/roles/service => generated 85 bytes in 125 msecs (HTTP/1.1 404) 5 headers in 183 bytes (1 switches on core 0)
Jun 08 11:12:06 ubuntu devstack@keystone.service[67454]: DEBUG keystone.auth.core [None req-5c03c258-828f-4f6e-9b20-143fac9339fd None None] MFA Rules not processed for user `1935b9d43e094d69893e1ecc05753054`. Rule list: `[]` (Enabled: `True`). {{(pid=67454) check_auth_methods_against_rules /opt/stack/keystone/keystone/auth/core.py:476}}
Jun 08 11:12:06 ubuntu devstack@keystone.service[67454]: DEBUG keystone.common.fernet_utils [None req-5c03c258-828f-4f6e-9b20-143fac9339fd None None] Loaded 2 Fernet keys from /etc/keystone/fernet-keys/, but `[fernet_tokens] max_active_keys = 3`; perhaps there have not been enough key rotations to reach `max_active_keys` yet? {{(pid=67454) load_keys /opt/stack/keystone/keystone/common/fernet_utils.py:297}}
Jun 08 11:12:06 ubuntu devstack@keystone.service[67453]: DEBUG keystone.server.flask.request_processing.middleware.auth_context [None req-b9c1750a-8a13-4c8c-b3bf-90ff0a262558 None admin] Authenticating user token {{(pid=67453) process_request /opt/stack/data/venv/lib/python3.12/site-packages/keystonemiddleware/auth_token/__init__.py:406}}
Jun 08 11:12:06 ubuntu devstack@keystone.service[67454]: [pid: 67454|app: 0|req: 21/42] 10.120.125.143 () {60 vars in 1047 bytes} [Mon Jun  8 11:12:06 2026] POST /identity/v3/auth/tokens => generated 863 bytes in 55 msecs (HTTP/1.1 201) 6 headers in 363 bytes (1 switches on core 0)
Jun 08 11:12:06 ubuntu devstack@keystone.service[67454]: DEBUG keystone.server.flask.request_processing.middleware.auth_context [None req-5c03c258-828f-4f6e-9b20-143fac9339fd None None] Authenticating user token {{(pid=67454) process_request /opt/stack/data/venv/lib/python3.12/site-packages/keystonemiddleware/auth_token/__init__.py:406}}
Jun 08 11:12:06 ubuntu devstack@keystone.service[67454]: DEBUG keystone.server.flask.request_processing.middleware.auth_context [None req-5c03c258-828f-4f6e-9b20-143fac9339fd None None] Validating token access rules against request {{(pid=67454) validate_allowed_request /opt/stack/data/venv/lib/python3.12/site-packages/keystonemiddleware/auth_token/__init__.py:544}}
Jun 08 11:12:06 ubuntu devstack@keystone.service[67453]: DEBUG keystone.server.flask.request_processing.middleware.auth_context [None req-b9c1750a-8a13-4c8c-b3bf-90ff0a262558 None admin] Validating token access rules against request {{(pid=67453) validate_allowed_request /opt/stack/data/venv/lib/python3.12/site-packages/keystonemiddleware/auth_token/__init__.py:544}}
Jun 08 11:12:06 ubuntu devstack@keystone.service[67454]: DEBUG keystone.server.flask.request_processing.middleware.auth_context [None req-1bd4b132-f5a4-42bf-8924-22d025a46b55 None admin] RBAC: auth_context: {'token': <TokenModel (audit_id=amFd_1tQR_W6AxyzUY9lTg, audit_chain_id=['amFd_1tQR_W6AxyzUY9lTg']) at 0x7d02ad4ec980>, 'domain_id': None, 'trust_id': None, 'trustor_id': None, 'trustee_id': None, 'domain_name': None, 'group_ids': [], 'user_id': '1935b9d43e094d69893e1ecc05753054', 'user_domain_id': 'default', 'system_scope': 'all', 'project_id': None, 'project_domain_id': None, 'roles': ['admin', 'manager', 'member', 'reader'], 'is_admin_project': True, 'service_user_id': None, 'service_user_domain_id': None, 'service_project_id': None, 'service_project_domain_id': None, 'service_roles': []} {{(pid=67454) fill_context /opt/stack/keystone/keystone/server/flask/request_processing/middleware/auth_context.py:509}}
Jun 08 11:12:06 ubuntu devstack@keystone.service[67454]: DEBUG keystone.server.flask.request_processing.req_logging [None req-1bd4b132-f5a4-42bf-8924-22d025a46b55 None admin] REQUEST_METHOD: `GET` {{(pid=67454) log_request_info /opt/stack/keystone/keystone/server/flask/request_processing/req_logging.py:26}}
Jun 08 11:12:06 ubuntu devstack@keystone.service[67454]: DEBUG keystone.server.flask.request_processing.req_logging [None req-1bd4b132-f5a4-42bf-8924-22d025a46b55 None admin] SCRIPT_NAME: `/identity` {{(pid=67454) log_request_info /opt/stack/keystone/keystone/server/flask/request_processing/req_logging.py:27}}
Jun 08 11:12:06 ubuntu devstack@keystone.service[67454]: DEBUG keystone.server.flask.request_processing.req_logging [None req-1bd4b132-f5a4-42bf-8924-22d025a46b55 None admin] PATH_INFO: `/v3/roles` {{(pid=67454) log_request_info /opt/stack/keystone/keystone/server/flask/request_processing/req_logging.py:28}}
Jun 08 11:12:06 ubuntu devstack@keystone.service[67453]: DEBUG keystone.server.flask.request_processing.middleware.auth_context [None req-fcfe1599-0f05-4a7b-abb2-813484aa1254 None admin] RBAC: auth_context: {'token': <TokenModel (audit_id=hcvnqC7mQs2Bles6hxcl_w, audit_chain_id=['hcvnqC7mQs2Bles6hxcl_w']) at 0x7d02ad521c70>, 'domain_id': None, 'trust_id': None, 'trustor_id': None, 'trustee_id': None, 'domain_name': None, 'group_ids': [], 'user_id': '1935b9d43e094d69893e1ecc05753054', 'user_domain_id': 'default', 'system_scope': 'all', 'project_id': None, 'project_domain_id': None, 'roles': ['admin', 'manager', 'member', 'reader'], 'is_admin_project': True, 'service_user_id': None, 'service_user_domain_id': None, 'service_project_id': None, 'service_project_domain_id': None, 'service_roles': []} {{(pid=67453) fill_context /opt/stack/keystone/keystone/server/flask/request_processing/middleware/auth_context.py:509}}
Jun 08 11:12:06 ubuntu devstack@keystone.service[67453]: DEBUG keystone.server.flask.request_processing.req_logging [None req-fcfe1599-0f05-4a7b-abb2-813484aa1254 None admin] REQUEST_METHOD: `GET` {{(pid=67453) log_request_info /opt/stack/keystone/keystone/server/flask/request_processing/req_logging.py:26}}
Jun 08 11:12:06 ubuntu devstack@keystone.service[67453]: DEBUG keystone.server.flask.request_processing.req_logging [None req-fcfe1599-0f05-4a7b-abb2-813484aa1254 None admin] SCRIPT_NAME: `/identity` {{(pid=67453) log_request_info /opt/stack/keystone/keystone/server/flask/request_processing/req_logging.py:27}}
Jun 08 11:12:06 ubuntu devstack@keystone.service[67453]: DEBUG keystone.server.flask.request_processing.req_logging [None req-fcfe1599-0f05-4a7b-abb2-813484aa1254 None admin] PATH_INFO: `/v3/domains/default` {{(pid=67453) log_request_info /opt/stack/keystone/keystone/server/flask/request_processing/req_logging.py:28}}
Jun 08 11:12:06 ubuntu devstack@keystone.service[67454]: DEBUG keystone.common.rbac_enforcer.enforcer [None req-1bd4b132-f5a4-42bf-8924-22d025a46b55 None admin] RBAC: Adding query filter params (name=service) {{(pid=67454) _extract_filter_values /opt/stack/keystone/keystone/common/rbac_enforcer/enforcer.py:176}}
Jun 08 11:12:06 ubuntu devstack@keystone.service[67454]: DEBUG keystone.common.rbac_enforcer.enforcer [None req-1bd4b132-f5a4-42bf-8924-22d025a46b55 None admin] RBAC: Authorizing `identity:list_roles()` {{(pid=67454) enforce_call /opt/stack/keystone/keystone/common/rbac_enforcer/enforcer.py:501}}
Jun 08 11:12:06 ubuntu devstack@keystone.service[67453]: DEBUG keystone.common.rbac_enforcer.enforcer [None req-fcfe1599-0f05-4a7b-abb2-813484aa1254 None admin] RBAC: Authorizing `identity:get_domain(domain_id=default)` {{(pid=67453) enforce_call /opt/stack/keystone/keystone/common/rbac_enforcer/enforcer.py:501}}
Jun 08 11:12:06 ubuntu devstack@keystone.service[67454]: DEBUG keystone.common.rbac_enforcer.enforcer [None req-1bd4b132-f5a4-42bf-8924-22d025a46b55 None admin] RBAC: Authorization granted {{(pid=67454) enforce_call /opt/stack/keystone/keystone/common/rbac_enforcer/enforcer.py:512}}
Jun 08 11:12:06 ubuntu devstack@keystone.service[67453]: DEBUG keystone.common.rbac_enforcer.enforcer [None req-fcfe1599-0f05-4a7b-abb2-813484aa1254 None admin] RBAC: Authorization granted {{(pid=67453) enforce_call /opt/stack/keystone/keystone/common/rbac_enforcer/enforcer.py:512}}
Jun 08 11:12:06 ubuntu devstack@keystone.service[67453]: [pid: 67453|app: 0|req: 22/43] 10.120.125.143 () {58 vars in 1176 bytes} [Mon Jun  8 11:12:06 2026] GET /identity/v3/domains/default => generated 200 bytes in 83 msecs (HTTP/1.1 200) 5 headers in 177 bytes (2 switches on core 0)
Jun 08 11:12:06 ubuntu devstack@keystone.service[67453]: DEBUG keystone.server.flask.request_processing.middleware.auth_context [None req-fcfe1599-0f05-4a7b-abb2-813484aa1254 None admin] Authenticating user token {{(pid=67453) process_request /opt/stack/data/venv/lib/python3.12/site-packages/keystonemiddleware/auth_token/__init__.py:406}}
Jun 08 11:12:06 ubuntu devstack@keystone.service[67454]: [pid: 67454|app: 0|req: 22/44] 10.120.125.143 () {58 vars in 1184 bytes} [Mon Jun  8 11:12:06 2026] GET /identity/v3/roles?name=service => generated 345 bytes in 71 msecs (HTTP/1.1 200) 5 headers in 177 bytes (1 switches on core 0)
Jun 08 11:12:06 ubuntu devstack@keystone.service[67453]: DEBUG keystone.server.flask.request_processing.middleware.auth_context [None req-fcfe1599-0f05-4a7b-abb2-813484aa1254 None admin] Validating token access rules against request {{(pid=67453) validate_allowed_request /opt/stack/data/venv/lib/python3.12/site-packages/keystonemiddleware/auth_token/__init__.py:544}}
Jun 08 11:12:06 ubuntu devstack@keystone.service[67454]: DEBUG keystone.server.flask.request_processing.middleware.auth_context [None req-1bd4b132-f5a4-42bf-8924-22d025a46b55 None admin] Authenticating user token {{(pid=67454) process_request /opt/stack/data/venv/lib/python3.12/site-packages/keystonemiddleware/auth_token/__init__.py:406}}
Jun 08 11:12:06 ubuntu devstack@keystone.service[67453]: DEBUG keystone.server.flask.request_processing.middleware.auth_context [None req-dd1cef26-20d0-45ea-8602-01a6962c65c2 None admin] RBAC: auth_context: {'token': <TokenModel (audit_id=q8Ywgcr8T8mHq43HFrxrJQ, audit_chain_id=['q8Ywgcr8T8mHq43HFrxrJQ']) at 0x7d02ad3b32c0>, 'domain_id': None, 'trust_id': None, 'trustor_id': None, 'trustee_id': None, 'domain_name': None, 'group_ids': [], 'user_id': '1935b9d43e094d69893e1ecc05753054', 'user_domain_id': 'default', 'system_scope': 'all', 'project_id': None, 'project_domain_id': None, 'roles': ['admin', 'manager', 'member', 'reader'], 'is_admin_project': True, 'service_user_id': None, 'service_user_domain_id': None, 'service_project_id': None, 'service_project_domain_id': None, 'service_roles': []} {{(pid=67453) fill_context /opt/stack/keystone/keystone/server/flask/request_processing/middleware/auth_context.py:509}}
Jun 08 11:12:06 ubuntu devstack@keystone.service[67453]: DEBUG keystone.server.flask.request_processing.req_logging [None req-dd1cef26-20d0-45ea-8602-01a6962c65c2 None admin] REQUEST_METHOD: `GET` {{(pid=67453) log_request_info /opt/stack/keystone/keystone/server/flask/request_processing/req_logging.py:26}}
Jun 08 11:12:06 ubuntu devstack@keystone.service[67453]: DEBUG keystone.server.flask.request_processing.req_logging [None req-dd1cef26-20d0-45ea-8602-01a6962c65c2 None admin] SCRIPT_NAME: `/identity` {{(pid=67453) log_request_info /opt/stack/keystone/keystone/server/flask/request_processing/req_logging.py:27}}
Jun 08 11:12:06 ubuntu devstack@keystone.service[67453]: DEBUG keystone.server.flask.request_processing.req_logging [None req-dd1cef26-20d0-45ea-8602-01a6962c65c2 None admin] PATH_INFO: `/v3/domains/default` {{(pid=67453) log_request_info /opt/stack/keystone/keystone/server/flask/request_processing/req_logging.py:28}}
Jun 08 11:12:06 ubuntu devstack@keystone.service[67453]: DEBUG keystone.common.rbac_enforcer.enforcer [None req-dd1cef26-20d0-45ea-8602-01a6962c65c2 None admin] RBAC: Authorizing `identity:get_domain(domain_id=default)` {{(pid=67453) enforce_call /opt/stack/keystone/keystone/common/rbac_enforcer/enforcer.py:501}}
Jun 08 11:12:06 ubuntu devstack@keystone.service[67453]: DEBUG keystone.common.rbac_enforcer.enforcer [None req-dd1cef26-20d0-45ea-8602-01a6962c65c2 None admin] RBAC: Authorization granted {{(pid=67453) enforce_call /opt/stack/keystone/keystone/common/rbac_enforcer/enforcer.py:512}}
Jun 08 11:12:06 ubuntu devstack@keystone.service[67453]: [pid: 67453|app: 0|req: 23/45] 10.120.125.143 () {58 vars in 1176 bytes} [Mon Jun  8 11:12:06 2026] GET /identity/v3/domains/default => generated 200 bytes in 62 msecs (HTTP/1.1 200) 5 headers in 177 bytes (1 switches on core 0)
Jun 08 11:12:06 ubuntu devstack@keystone.service[67454]: DEBUG keystone.server.flask.request_processing.middleware.auth_context [None req-1bd4b132-f5a4-42bf-8924-22d025a46b55 None admin] Validating token access rules against request {{(pid=67454) validate_allowed_request /opt/stack/data/venv/lib/python3.12/site-packages/keystonemiddleware/auth_token/__init__.py:544}}
Jun 08 11:12:06 ubuntu devstack@keystone.service[67454]: DEBUG keystone.server.flask.request_processing.middleware.auth_context [None req-aed30d33-eea3-4e6f-815c-812ced245218 None admin] RBAC: auth_context: {'token': <TokenModel (audit_id=hcvnqC7mQs2Bles6hxcl_w, audit_chain_id=['hcvnqC7mQs2Bles6hxcl_w']) at 0x7d02ad690710>, 'domain_id': None, 'trust_id': None, 'trustor_id': None, 'trustee_id': None, 'domain_name': None, 'group_ids': [], 'user_id': '1935b9d43e094d69893e1ecc05753054', 'user_domain_id': 'default', 'system_scope': 'all', 'project_id': None, 'project_domain_id': None, 'roles': ['admin', 'manager', 'member', 'reader'], 'is_admin_project': True, 'service_user_id': None, 'service_user_domain_id': None, 'service_project_id': None, 'service_project_domain_id': None, 'service_roles': []} {{(pid=67454) fill_context /opt/stack/keystone/keystone/server/flask/request_processing/middleware/auth_context.py:509}}
Jun 08 11:12:06 ubuntu devstack@keystone.service[67454]: DEBUG keystone.server.flask.request_processing.req_logging [None req-aed30d33-eea3-4e6f-815c-812ced245218 None admin] REQUEST_METHOD: `GET` {{(pid=67454) log_request_info /opt/stack/keystone/keystone/server/flask/request_processing/req_logging.py:26}}
Jun 08 11:12:06 ubuntu devstack@keystone.service[67454]: DEBUG keystone.server.flask.request_processing.req_logging [None req-aed30d33-eea3-4e6f-815c-812ced245218 None admin] SCRIPT_NAME: `/identity` {{(pid=67454) log_request_info /opt/stack/keystone/keystone/server/flask/request_processing/req_logging.py:27}}
Jun 08 11:12:06 ubuntu devstack@keystone.service[67454]: DEBUG keystone.server.flask.request_processing.req_logging [None req-aed30d33-eea3-4e6f-815c-812ced245218 None admin] PATH_INFO: `/v3/role_assignments` {{(pid=67454) log_request_info /opt/stack/keystone/keystone/server/flask/request_processing/req_logging.py:28}}
Jun 08 11:12:06 ubuntu devstack@keystone.service[67454]: DEBUG keystone.common.rbac_enforcer.enforcer [None req-aed30d33-eea3-4e6f-815c-812ced245218 None admin] RBAC: Adding query filter params (role.id=640d8a5358a54d418a1da43e27df901a, scope.domain.id=default, user.id=1935b9d43e094d69893e1ecc05753054) {{(pid=67454) _extract_filter_values /opt/stack/keystone/keystone/common/rbac_enforcer/enforcer.py:176}}
Jun 08 11:12:06 ubuntu devstack@keystone.service[67454]: DEBUG keystone.common.rbac_enforcer.enforcer [None req-aed30d33-eea3-4e6f-815c-812ced245218 None admin] RBAC: Authorizing `identity:list_role_assignments()` {{(pid=67454) enforce_call /opt/stack/keystone/keystone/common/rbac_enforcer/enforcer.py:501}}
Jun 08 11:12:06 ubuntu devstack@keystone.service[67454]: DEBUG keystone.common.rbac_enforcer.enforcer [None req-aed30d33-eea3-4e6f-815c-812ced245218 None admin] RBAC: Authorization granted {{(pid=67454) enforce_call /opt/stack/keystone/keystone/common/rbac_enforcer/enforcer.py:512}}
Jun 08 11:12:06 ubuntu devstack@keystone.service[67454]: [pid: 67454|app: 0|req: 23/46] 10.120.125.143 () {58 vars in 1403 bytes} [Mon Jun  8 11:12:06 2026] GET /identity/v3/role_assignments?role.id=640d8a5358a54d418a1da43e27df901a&scope.domain.id=default&user.id=1935b9d43e094d69893e1ecc05753054 => generated 532 bytes in 87 msecs (HTTP/1.1 200) 5 headers in 177 bytes (1 switches on core 0)
Jun 08 11:12:06 ubuntu devstack@keystone.service[67453]: DEBUG keystone.server.flask.request_processing.middleware.auth_context [None req-dd1cef26-20d0-45ea-8602-01a6962c65c2 None admin] Authenticating user token {{(pid=67453) process_request /opt/stack/data/venv/lib/python3.12/site-packages/keystonemiddleware/auth_token/__init__.py:406}}
Jun 08 11:12:06 ubuntu devstack@keystone.service[67454]: DEBUG keystone.server.flask.request_processing.middleware.auth_context [None req-aed30d33-eea3-4e6f-815c-812ced245218 None admin] Authenticating user token {{(pid=67454) process_request /opt/stack/data/venv/lib/python3.12/site-packages/keystonemiddleware/auth_token/__init__.py:406}}
Jun 08 11:12:06 ubuntu devstack@keystone.service[67453]: DEBUG keystone.server.flask.request_processing.middleware.auth_context [None req-dd1cef26-20d0-45ea-8602-01a6962c65c2 None admin] Validating token access rules against request {{(pid=67453) validate_allowed_request /opt/stack/data/venv/lib/python3.12/site-packages/keystonemiddleware/auth_token/__init__.py:544}}
Jun 08 11:12:06 ubuntu devstack@keystone.service[67453]: DEBUG keystone.server.flask.request_processing.middleware.auth_context [None req-c619a428-e240-40e0-9f35-8b65a7975047 None admin] RBAC: auth_context: {'token': <TokenModel (audit_id=tZ8ln30vSKOMT7JildacXQ, audit_chain_id=['tZ8ln30vSKOMT7JildacXQ']) at 0x7d02ae2ca2a0>, 'domain_id': None, 'trust_id': None, 'trustor_id': None, 'trustee_id': None, 'domain_name': None, 'group_ids': [], 'user_id': '1935b9d43e094d69893e1ecc05753054', 'user_domain_id': 'default', 'system_scope': 'all', 'project_id': None, 'project_domain_id': None, 'roles': ['admin', 'manager', 'member', 'reader'], 'is_admin_project': True, 'service_user_id': None, 'service_user_domain_id': None, 'service_project_id': None, 'service_project_domain_id': None, 'service_roles': []} {{(pid=67453) fill_context /opt/stack/keystone/keystone/server/flask/request_processing/middleware/auth_context.py:509}}
Jun 08 11:12:06 ubuntu devstack@keystone.service[67453]: DEBUG keystone.server.flask.request_processing.req_logging [None req-c619a428-e240-40e0-9f35-8b65a7975047 None admin] REQUEST_METHOD: `POST` {{(pid=67453) log_request_info /opt/stack/keystone/keystone/server/flask/request_processing/req_logging.py:26}}
Jun 08 11:12:06 ubuntu devstack@keystone.service[67453]: DEBUG keystone.server.flask.request_processing.req_logging [None req-c619a428-e240-40e0-9f35-8b65a7975047 None admin] SCRIPT_NAME: `/identity` {{(pid=67453) log_request_info /opt/stack/keystone/keystone/server/flask/request_processing/req_logging.py:27}}
Jun 08 11:12:06 ubuntu devstack@keystone.service[67453]: DEBUG keystone.server.flask.request_processing.req_logging [None req-c619a428-e240-40e0-9f35-8b65a7975047 None admin] PATH_INFO: `/v3/roles` {{(pid=67453) log_request_info /opt/stack/keystone/keystone/server/flask/request_processing/req_logging.py:28}}
Jun 08 11:12:06 ubuntu devstack@keystone.service[67453]: DEBUG keystone.common.rbac_enforcer.enforcer [None req-c619a428-e240-40e0-9f35-8b65a7975047 None admin] RBAC: Authorizing `identity:create_role()` {{(pid=67453) enforce_call /opt/stack/keystone/keystone/common/rbac_enforcer/enforcer.py:501}}
Jun 08 11:12:06 ubuntu devstack@keystone.service[67453]: DEBUG keystone.common.rbac_enforcer.enforcer [None req-c619a428-e240-40e0-9f35-8b65a7975047 None admin] RBAC: Authorization granted {{(pid=67453) enforce_call /opt/stack/keystone/keystone/common/rbac_enforcer/enforcer.py:512}}
Jun 08 11:12:06 ubuntu devstack@keystone.service[67454]: DEBUG keystone.server.flask.request_processing.middleware.auth_context [None req-aed30d33-eea3-4e6f-815c-812ced245218 None admin] Validating token access rules against request {{(pid=67454) validate_allowed_request /opt/stack/data/venv/lib/python3.12/site-packages/keystonemiddleware/auth_token/__init__.py:544}}
Jun 08 11:12:06 ubuntu devstack@keystone.service[67454]: DEBUG keystone.server.flask.request_processing.middleware.auth_context [None req-843996fc-7e45-4515-9924-3285acbf0284 None admin] RBAC: auth_context: {'token': <TokenModel (audit_id=q8Ywgcr8T8mHq43HFrxrJQ, audit_chain_id=['q8Ywgcr8T8mHq43HFrxrJQ']) at 0x7d02ad40a5d0>, 'domain_id': None, 'trust_id': None, 'trustor_id': None, 'trustee_id': None, 'domain_name': None, 'group_ids': [], 'user_id': '1935b9d43e094d69893e1ecc05753054', 'user_domain_id': 'default', 'system_scope': 'all', 'project_id': None, 'project_domain_id': None, 'roles': ['admin', 'manager', 'member', 'reader'], 'is_admin_project': True, 'service_user_id': None, 'service_user_domain_id': None, 'service_project_id': None, 'service_project_domain_id': None, 'service_roles': []} {{(pid=67454) fill_context /opt/stack/keystone/keystone/server/flask/request_processing/middleware/auth_context.py:509}}
Jun 08 11:12:06 ubuntu devstack@keystone.service[67454]: DEBUG keystone.server.flask.request_processing.req_logging [None req-843996fc-7e45-4515-9924-3285acbf0284 None admin] REQUEST_METHOD: `POST` {{(pid=67454) log_request_info /opt/stack/keystone/keystone/server/flask/request_processing/req_logging.py:26}}
Jun 08 11:12:06 ubuntu devstack@keystone.service[67454]: DEBUG keystone.server.flask.request_processing.req_logging [None req-843996fc-7e45-4515-9924-3285acbf0284 None admin] SCRIPT_NAME: `/identity` {{(pid=67454) log_request_info /opt/stack/keystone/keystone/server/flask/request_processing/req_logging.py:27}}
Jun 08 11:12:06 ubuntu devstack@keystone.service[67454]: DEBUG keystone.server.flask.request_processing.req_logging [None req-843996fc-7e45-4515-9924-3285acbf0284 None admin] PATH_INFO: `/v3/projects` {{(pid=67454) log_request_info /opt/stack/keystone/keystone/server/flask/request_processing/req_logging.py:28}}
Jun 08 11:12:06 ubuntu devstack@keystone.service[67454]: DEBUG keystone.common.rbac_enforcer.enforcer [None req-843996fc-7e45-4515-9924-3285acbf0284 None admin] RBAC: Authorizing `identity:create_project()` {{(pid=67454) enforce_call /opt/stack/keystone/keystone/common/rbac_enforcer/enforcer.py:501}}
