Aug 14 15:57:26 jammy-provider-cloud-0000007470 systemd[1]: Starting Devstack devstack@g-api.service...
Aug 14 15:57:26 jammy-provider-cloud-0000007470 devstack@g-api.service[104160]: [uWSGI] getting INI configuration from /etc/glance/glance-uwsgi.ini
Aug 14 15:57:26 jammy-provider-cloud-0000007470 devstack@g-api.service[104160]: *** Starting uWSGI 2.0.20-debian (64bit) on [Wed Aug 14 15:57:26 2024] ***
Aug 14 15:57:26 jammy-provider-cloud-0000007470 devstack@g-api.service[104160]: compiled with version: 11.2.0 on 21 March 2022 11:00:44
Aug 14 15:57:26 jammy-provider-cloud-0000007470 devstack@g-api.service[104160]: os: Linux-5.15.0-107-generic #117-Ubuntu SMP Fri Apr 26 12:26:49 UTC 2024
Aug 14 15:57:26 jammy-provider-cloud-0000007470 devstack@g-api.service[104160]: nodename: jammy-provider-cloud-0000007470
Aug 14 15:57:26 jammy-provider-cloud-0000007470 devstack@g-api.service[104160]: machine: x86_64
Aug 14 15:57:26 jammy-provider-cloud-0000007470 devstack@g-api.service[104160]: clock source: unix
Aug 14 15:57:26 jammy-provider-cloud-0000007470 devstack@g-api.service[104160]: pcre jit disabled
Aug 14 15:57:26 jammy-provider-cloud-0000007470 devstack@g-api.service[104160]: detected number of CPU cores: 4
Aug 14 15:57:26 jammy-provider-cloud-0000007470 devstack@g-api.service[104160]: current working directory: /
Aug 14 15:57:26 jammy-provider-cloud-0000007470 devstack@g-api.service[104160]: detected binary path: /usr/bin/uwsgi-core
Aug 14 15:57:26 jammy-provider-cloud-0000007470 devstack@g-api.service[104160]: your processes number limit is 31298
Aug 14 15:57:26 jammy-provider-cloud-0000007470 devstack@g-api.service[104160]: your memory page size is 4096 bytes
Aug 14 15:57:26 jammy-provider-cloud-0000007470 devstack@g-api.service[104160]: detected max file descriptor number: 2048
Aug 14 15:57:26 jammy-provider-cloud-0000007470 devstack@g-api.service[104160]: lock engine: pthread robust mutexes
Aug 14 15:57:26 jammy-provider-cloud-0000007470 devstack@g-api.service[104160]: thunder lock: enabled
Aug 14 15:57:26 jammy-provider-cloud-0000007470 devstack@g-api.service[104160]: uwsgi socket 0 bound to TCP address 127.0.0.1:60999 fd 4
Aug 14 15:57:26 jammy-provider-cloud-0000007470 devstack@g-api.service[104160]: Python version: 3.10.12 (main, Jul 29 2024, 16:56:48) [GCC 11.4.0]
Aug 14 15:57:26 jammy-provider-cloud-0000007470 devstack@g-api.service[104160]: PEP 405 virtualenv detected: /opt/stack/data/venv
Aug 14 15:57:26 jammy-provider-cloud-0000007470 devstack@g-api.service[104160]: Set PythonHome to /opt/stack/data/venv
Aug 14 15:57:26 jammy-provider-cloud-0000007470 devstack@g-api.service[104160]: Python main interpreter initialized at 0x55f0c3d3ee00
Aug 14 15:57:26 jammy-provider-cloud-0000007470 devstack@g-api.service[104160]: python threads support enabled
Aug 14 15:57:26 jammy-provider-cloud-0000007470 devstack@g-api.service[104160]: your server socket listen backlog is limited to 100 connections
Aug 14 15:57:26 jammy-provider-cloud-0000007470 devstack@g-api.service[104160]: your mercy for graceful operations on workers is 80 seconds
Aug 14 15:57:26 jammy-provider-cloud-0000007470 devstack@g-api.service[104160]: mapped 403077 bytes (393 KB) for 2 cores
Aug 14 15:57:26 jammy-provider-cloud-0000007470 devstack@g-api.service[104160]: *** Operational MODE: preforking ***
Aug 14 15:57:26 jammy-provider-cloud-0000007470 devstack@g-api.service[104160]: *** uWSGI is running in multiple interpreter mode ***
Aug 14 15:57:26 jammy-provider-cloud-0000007470 devstack@g-api.service[104160]: spawned uWSGI master process (pid: 104160)
Aug 14 15:57:26 jammy-provider-cloud-0000007470 systemd[1]: Started Devstack devstack@g-api.service.
Aug 14 15:57:26 jammy-provider-cloud-0000007470 devstack@g-api.service[104160]: spawned uWSGI worker 1 (pid: 104161, cores: 1)
Aug 14 15:57:26 jammy-provider-cloud-0000007470 devstack@g-api.service[104160]: spawned uWSGI worker 2 (pid: 104162, cores: 1)
Aug 14 15:57:26 jammy-provider-cloud-0000007470 devstack@g-api.service[104160]: running "unix_signal:15 gracefully_kill_them_all" (master-start)...
Aug 14 15:57:27 jammy-provider-cloud-0000007470 devstack@g-api.service[104162]: INFO glance.async_ [-] Threadpool model set to 'NativeThreadPoolModel'
Aug 14 15:57:27 jammy-provider-cloud-0000007470 devstack@g-api.service[104161]: INFO glance.async_ [-] Threadpool model set to 'NativeThreadPoolModel'
Aug 14 15:57:27 jammy-provider-cloud-0000007470 devstack@g-api.service[104162]: DEBUG oslo_concurrency.processutils [-] Running cmd (subprocess): grep -F node.session.scan /sbin/iscsiadm {{(pid=104162) execute /opt/stack/data/venv/lib/python3.10/site-packages/oslo_concurrency/processutils.py:390}}
Aug 14 15:57:27 jammy-provider-cloud-0000007470 devstack@g-api.service[104162]: DEBUG oslo_concurrency.processutils [-] CMD "grep -F node.session.scan /sbin/iscsiadm" returned: 0 in 0.007s {{(pid=104162) execute /opt/stack/data/venv/lib/python3.10/site-packages/oslo_concurrency/processutils.py:428}}
Aug 14 15:57:27 jammy-provider-cloud-0000007470 devstack@g-api.service[104161]: DEBUG oslo_concurrency.processutils [-] Running cmd (subprocess): grep -F node.session.scan /sbin/iscsiadm {{(pid=104161) execute /opt/stack/data/venv/lib/python3.10/site-packages/oslo_concurrency/processutils.py:390}}
Aug 14 15:57:27 jammy-provider-cloud-0000007470 devstack@g-api.service[104161]: DEBUG oslo_concurrency.processutils [-] CMD "grep -F node.session.scan /sbin/iscsiadm" returned: 0 in 0.007s {{(pid=104161) execute /opt/stack/data/venv/lib/python3.10/site-packages/oslo_concurrency/processutils.py:428}}
Aug 14 15:57:27 jammy-provider-cloud-0000007470 devstack@g-api.service[104162]: DEBUG glance_store.common.attachment_state_manager [-] Initialising _AttachmentStateManager {{(pid=104162) __init__ /opt/stack/data/venv/lib/python3.10/site-packages/glance_store/common/attachment_state_manager.py:86}}
Aug 14 15:57:27 jammy-provider-cloud-0000007470 devstack@g-api.service[104161]: DEBUG glance_store.common.attachment_state_manager [-] Initialising _AttachmentStateManager {{(pid=104161) __init__ /opt/stack/data/venv/lib/python3.10/site-packages/glance_store/common/attachment_state_manager.py:86}}
Aug 14 15:57:27 jammy-provider-cloud-0000007470 devstack@g-api.service[104162]: DEBUG glance_store.backend [-] Attempting to import store cinder {{(pid=104162) _load_store /opt/stack/data/venv/lib/python3.10/site-packages/glance_store/backend.py:216}}
Aug 14 15:57:27 jammy-provider-cloud-0000007470 devstack@g-api.service[104162]: DEBUG glance_store.backend [-] Attempting to import store file {{(pid=104162) _load_store /opt/stack/data/venv/lib/python3.10/site-packages/glance_store/backend.py:216}}
Aug 14 15:57:27 jammy-provider-cloud-0000007470 devstack@g-api.service[104162]: DEBUG glance_store.backend [-] Attempting to import store glance.store.cinder.Store {{(pid=104162) _load_store /opt/stack/data/venv/lib/python3.10/site-packages/glance_store/backend.py:216}}
Aug 14 15:57:27 jammy-provider-cloud-0000007470 devstack@g-api.service[104162]: DEBUG glance_store.backend [-] Attempting to import store glance.store.filesystem.Store {{(pid=104162) _load_store /opt/stack/data/venv/lib/python3.10/site-packages/glance_store/backend.py:216}}
Aug 14 15:57:27 jammy-provider-cloud-0000007470 devstack@g-api.service[104162]: DEBUG glance_store.backend [-] Attempting to import store glance.store.http.Store {{(pid=104162) _load_store /opt/stack/data/venv/lib/python3.10/site-packages/glance_store/backend.py:216}}
Aug 14 15:57:27 jammy-provider-cloud-0000007470 devstack@g-api.service[104162]: DEBUG glance_store.backend [-] Attempting to import store glance.store.rbd.Store {{(pid=104162) _load_store /opt/stack/data/venv/lib/python3.10/site-packages/glance_store/backend.py:216}}
Aug 14 15:57:27 jammy-provider-cloud-0000007470 devstack@g-api.service[104162]: DEBUG glance_store.backend [-] Attempting to import store glance.store.s3.Store {{(pid=104162) _load_store /opt/stack/data/venv/lib/python3.10/site-packages/glance_store/backend.py:216}}
Aug 14 15:57:27 jammy-provider-cloud-0000007470 devstack@g-api.service[104162]: DEBUG glance_store.backend [-] Attempting to import store glance.store.swift.Store {{(pid=104162) _load_store /opt/stack/data/venv/lib/python3.10/site-packages/glance_store/backend.py:216}}
Aug 14 15:57:27 jammy-provider-cloud-0000007470 devstack@g-api.service[104162]: DEBUG glance_store.backend [-] Attempting to import store glance.store.vmware_datastore.Store {{(pid=104162) _load_store /opt/stack/data/venv/lib/python3.10/site-packages/glance_store/backend.py:216}}
Aug 14 15:57:27 jammy-provider-cloud-0000007470 devstack@g-api.service[104162]: DEBUG glance_store.backend [-] Attempting to import store http {{(pid=104162) _load_store /opt/stack/data/venv/lib/python3.10/site-packages/glance_store/backend.py:216}}
Aug 14 15:57:27 jammy-provider-cloud-0000007470 devstack@g-api.service[104162]: DEBUG glance_store.backend [-] Attempting to import store no_conf {{(pid=104162) _load_store /opt/stack/data/venv/lib/python3.10/site-packages/glance_store/backend.py:216}}
Aug 14 15:57:27 jammy-provider-cloud-0000007470 devstack@g-api.service[104162]: DEBUG glance_store.backend [-] Attempting to import store rbd {{(pid=104162) _load_store /opt/stack/data/venv/lib/python3.10/site-packages/glance_store/backend.py:216}}
Aug 14 15:57:27 jammy-provider-cloud-0000007470 devstack@g-api.service[104162]: DEBUG glance_store.backend [-] Attempting to import store s3 {{(pid=104162) _load_store /opt/stack/data/venv/lib/python3.10/site-packages/glance_store/backend.py:216}}
Aug 14 15:57:27 jammy-provider-cloud-0000007470 devstack@g-api.service[104162]: DEBUG glance_store.backend [-] Attempting to import store swift {{(pid=104162) _load_store /opt/stack/data/venv/lib/python3.10/site-packages/glance_store/backend.py:216}}
Aug 14 15:57:27 jammy-provider-cloud-0000007470 devstack@g-api.service[104162]: DEBUG glance_store.backend [-] Attempting to import store vmware {{(pid=104162) _load_store /opt/stack/data/venv/lib/python3.10/site-packages/glance_store/backend.py:216}}
Aug 14 15:57:27 jammy-provider-cloud-0000007470 devstack@g-api.service[104162]: DEBUG glance_store.backend [-] Registering options for group glance_store {{(pid=104162) register_opts /opt/stack/data/venv/lib/python3.10/site-packages/glance_store/backend.py:145}}
Aug 14 15:57:27 jammy-provider-cloud-0000007470 devstack@g-api.service[104162]: DEBUG glance_store.backend [-] Registering options for group glance_store {{(pid=104162) register_opts /opt/stack/data/venv/lib/python3.10/site-packages/glance_store/backend.py:145}}
Aug 14 15:57:27 jammy-provider-cloud-0000007470 devstack@g-api.service[104162]: DEBUG glance_store.backend [-] Attempting to import store file {{(pid=104162) _load_store /opt/stack/data/venv/lib/python3.10/site-packages/glance_store/backend.py:216}}
Aug 14 15:57:27 jammy-provider-cloud-0000007470 devstack@g-api.service[104162]: DEBUG glance_store.capabilities [-] Store glance_store._drivers.filesystem.Store doesn't support updating dynamic storage capabilities. Please overwrite 'update_capabilities' method of the store to implement updating logics if needed. {{(pid=104162) update_capabilities /opt/stack/data/venv/lib/python3.10/site-packages/glance_store/capabilities.py:91}}
Aug 14 15:57:27 jammy-provider-cloud-0000007470 devstack@g-api.service[104162]: DEBUG glance_store.backend [-] Registering store file with schemes ('file', 'filesystem') {{(pid=104162) create_stores /opt/stack/data/venv/lib/python3.10/site-packages/glance_store/backend.py:262}}
Aug 14 15:57:27 jammy-provider-cloud-0000007470 devstack@g-api.service[104162]: DEBUG glance_store.driver [-] Late loading location class glance_store._drivers.filesystem.StoreLocation {{(pid=104162) get_store_location_class /opt/stack/data/venv/lib/python3.10/site-packages/glance_store/driver.py:133}}
Aug 14 15:57:27 jammy-provider-cloud-0000007470 devstack@g-api.service[104162]: DEBUG glance_store.location [-] Registering scheme file with {'store': <glance_store._drivers.filesystem.Store object at 0x7fab192df970>, 'location_class': <class 'glance_store._drivers.filesystem.StoreLocation'>, 'store_entry': 'file'} {{(pid=104162) register_scheme_map /opt/stack/data/venv/lib/python3.10/site-packages/glance_store/location.py:146}}
Aug 14 15:57:27 jammy-provider-cloud-0000007470 devstack@g-api.service[104162]: DEBUG glance_store.location [-] Registering scheme filesystem with {'store': <glance_store._drivers.filesystem.Store object at 0x7fab192df970>, 'location_class': <class 'glance_store._drivers.filesystem.StoreLocation'>, 'store_entry': 'file'} {{(pid=104162) register_scheme_map /opt/stack/data/venv/lib/python3.10/site-packages/glance_store/location.py:146}}
Aug 14 15:57:27 jammy-provider-cloud-0000007470 devstack@g-api.service[104162]: DEBUG glance_store.backend [-] Attempting to import store http {{(pid=104162) _load_store /opt/stack/data/venv/lib/python3.10/site-packages/glance_store/backend.py:216}}
Aug 14 15:57:27 jammy-provider-cloud-0000007470 devstack@g-api.service[104162]: DEBUG glance_store.capabilities [-] Store glance_store._drivers.http.Store doesn't support updating dynamic storage capabilities. Please overwrite 'update_capabilities' method of the store to implement updating logics if needed. {{(pid=104162) update_capabilities /opt/stack/data/venv/lib/python3.10/site-packages/glance_store/capabilities.py:91}}
Aug 14 15:57:27 jammy-provider-cloud-0000007470 devstack@g-api.service[104162]: DEBUG glance_store.backend [-] Registering store http with schemes ('http', 'https') {{(pid=104162) create_stores /opt/stack/data/venv/lib/python3.10/site-packages/glance_store/backend.py:262}}
Aug 14 15:57:27 jammy-provider-cloud-0000007470 devstack@g-api.service[104162]: DEBUG glance_store.driver [-] Late loading location class glance_store._drivers.http.StoreLocation {{(pid=104162) get_store_location_class /opt/stack/data/venv/lib/python3.10/site-packages/glance_store/driver.py:133}}
Aug 14 15:57:27 jammy-provider-cloud-0000007470 devstack@g-api.service[104162]: DEBUG glance_store.location [-] Registering scheme http with {'store': <glance_store._drivers.http.Store object at 0x7fab192df700>, 'location_class': <class 'glance_store._drivers.http.StoreLocation'>, 'store_entry': 'http'} {{(pid=104162) register_scheme_map /opt/stack/data/venv/lib/python3.10/site-packages/glance_store/location.py:146}}
Aug 14 15:57:27 jammy-provider-cloud-0000007470 devstack@g-api.service[104162]: DEBUG glance_store.location [-] Registering scheme https with {'store': <glance_store._drivers.http.Store object at 0x7fab192df700>, 'location_class': <class 'glance_store._drivers.http.StoreLocation'>, 'store_entry': 'http'} {{(pid=104162) register_scheme_map /opt/stack/data/venv/lib/python3.10/site-packages/glance_store/location.py:146}}
Aug 14 15:57:27 jammy-provider-cloud-0000007470 devstack@g-api.service[104162]: DEBUG glance.sqlite_migration [-] SQLite caching database not located, skipping migration {{(pid=104162) get_db_path /opt/stack/glance/glance/sqlite_migration.py:68}}
Aug 14 15:57:27 jammy-provider-cloud-0000007470 devstack@g-api.service[104162]: WARNING glance.common.wsgi_app [-] Import methods are enabled but staging directory /tmp/staging/ does not exist; Imports will fail!
Aug 14 15:57:27 jammy-provider-cloud-0000007470 devstack@g-api.service[104161]: DEBUG glance_store.backend [-] Attempting to import store cinder {{(pid=104161) _load_store /opt/stack/data/venv/lib/python3.10/site-packages/glance_store/backend.py:216}}
Aug 14 15:57:27 jammy-provider-cloud-0000007470 devstack@g-api.service[104161]: DEBUG glance_store.backend [-] Attempting to import store file {{(pid=104161) _load_store /opt/stack/data/venv/lib/python3.10/site-packages/glance_store/backend.py:216}}
Aug 14 15:57:27 jammy-provider-cloud-0000007470 devstack@g-api.service[104161]: DEBUG glance_store.backend [-] Attempting to import store glance.store.cinder.Store {{(pid=104161) _load_store /opt/stack/data/venv/lib/python3.10/site-packages/glance_store/backend.py:216}}
Aug 14 15:57:27 jammy-provider-cloud-0000007470 devstack@g-api.service[104161]: DEBUG glance_store.backend [-] Attempting to import store glance.store.filesystem.Store {{(pid=104161) _load_store /opt/stack/data/venv/lib/python3.10/site-packages/glance_store/backend.py:216}}
Aug 14 15:57:27 jammy-provider-cloud-0000007470 devstack@g-api.service[104161]: DEBUG glance_store.backend [-] Attempting to import store glance.store.http.Store {{(pid=104161) _load_store /opt/stack/data/venv/lib/python3.10/site-packages/glance_store/backend.py:216}}
Aug 14 15:57:27 jammy-provider-cloud-0000007470 devstack@g-api.service[104161]: DEBUG glance_store.backend [-] Attempting to import store glance.store.rbd.Store {{(pid=104161) _load_store /opt/stack/data/venv/lib/python3.10/site-packages/glance_store/backend.py:216}}
Aug 14 15:57:27 jammy-provider-cloud-0000007470 devstack@g-api.service[104161]: DEBUG glance_store.backend [-] Attempting to import store glance.store.s3.Store {{(pid=104161) _load_store /opt/stack/data/venv/lib/python3.10/site-packages/glance_store/backend.py:216}}
Aug 14 15:57:27 jammy-provider-cloud-0000007470 devstack@g-api.service[104161]: DEBUG glance_store.backend [-] Attempting to import store glance.store.swift.Store {{(pid=104161) _load_store /opt/stack/data/venv/lib/python3.10/site-packages/glance_store/backend.py:216}}
Aug 14 15:57:27 jammy-provider-cloud-0000007470 devstack@g-api.service[104161]: DEBUG glance_store.backend [-] Attempting to import store glance.store.vmware_datastore.Store {{(pid=104161) _load_store /opt/stack/data/venv/lib/python3.10/site-packages/glance_store/backend.py:216}}
Aug 14 15:57:27 jammy-provider-cloud-0000007470 devstack@g-api.service[104161]: DEBUG glance_store.backend [-] Attempting to import store http {{(pid=104161) _load_store /opt/stack/data/venv/lib/python3.10/site-packages/glance_store/backend.py:216}}
Aug 14 15:57:27 jammy-provider-cloud-0000007470 devstack@g-api.service[104161]: DEBUG glance_store.backend [-] Attempting to import store no_conf {{(pid=104161) _load_store /opt/stack/data/venv/lib/python3.10/site-packages/glance_store/backend.py:216}}
Aug 14 15:57:27 jammy-provider-cloud-0000007470 devstack@g-api.service[104161]: DEBUG glance_store.backend [-] Attempting to import store rbd {{(pid=104161) _load_store /opt/stack/data/venv/lib/python3.10/site-packages/glance_store/backend.py:216}}
Aug 14 15:57:27 jammy-provider-cloud-0000007470 devstack@g-api.service[104161]: DEBUG glance_store.backend [-] Attempting to import store s3 {{(pid=104161) _load_store /opt/stack/data/venv/lib/python3.10/site-packages/glance_store/backend.py:216}}
Aug 14 15:57:27 jammy-provider-cloud-0000007470 devstack@g-api.service[104161]: DEBUG glance_store.backend [-] Attempting to import store swift {{(pid=104161) _load_store /opt/stack/data/venv/lib/python3.10/site-packages/glance_store/backend.py:216}}
Aug 14 15:57:27 jammy-provider-cloud-0000007470 devstack@g-api.service[104161]: DEBUG glance_store.backend [-] Attempting to import store vmware {{(pid=104161) _load_store /opt/stack/data/venv/lib/python3.10/site-packages/glance_store/backend.py:216}}
Aug 14 15:57:27 jammy-provider-cloud-0000007470 devstack@g-api.service[104161]: DEBUG glance_store.backend [-] Registering options for group glance_store {{(pid=104161) register_opts /opt/stack/data/venv/lib/python3.10/site-packages/glance_store/backend.py:145}}
Aug 14 15:57:27 jammy-provider-cloud-0000007470 devstack@g-api.service[104161]: DEBUG glance_store.backend [-] Registering options for group glance_store {{(pid=104161) register_opts /opt/stack/data/venv/lib/python3.10/site-packages/glance_store/backend.py:145}}
Aug 14 15:57:27 jammy-provider-cloud-0000007470 devstack@g-api.service[104161]: DEBUG glance_store.backend [-] Attempting to import store file {{(pid=104161) _load_store /opt/stack/data/venv/lib/python3.10/site-packages/glance_store/backend.py:216}}
Aug 14 15:57:27 jammy-provider-cloud-0000007470 devstack@g-api.service[104161]: DEBUG glance_store.capabilities [-] Store glance_store._drivers.filesystem.Store doesn't support updating dynamic storage capabilities. Please overwrite 'update_capabilities' method of the store to implement updating logics if needed. {{(pid=104161) update_capabilities /opt/stack/data/venv/lib/python3.10/site-packages/glance_store/capabilities.py:91}}
Aug 14 15:57:27 jammy-provider-cloud-0000007470 devstack@g-api.service[104161]: DEBUG glance_store.backend [-] Registering store file with schemes ('file', 'filesystem') {{(pid=104161) create_stores /opt/stack/data/venv/lib/python3.10/site-packages/glance_store/backend.py:262}}
Aug 14 15:57:27 jammy-provider-cloud-0000007470 devstack@g-api.service[104161]: DEBUG glance_store.driver [-] Late loading location class glance_store._drivers.filesystem.StoreLocation {{(pid=104161) get_store_location_class /opt/stack/data/venv/lib/python3.10/site-packages/glance_store/driver.py:133}}
Aug 14 15:57:27 jammy-provider-cloud-0000007470 devstack@g-api.service[104161]: DEBUG glance_store.location [-] Registering scheme file with {'store': <glance_store._drivers.filesystem.Store object at 0x7fab192db970>, 'location_class': <class 'glance_store._drivers.filesystem.StoreLocation'>, 'store_entry': 'file'} {{(pid=104161) register_scheme_map /opt/stack/data/venv/lib/python3.10/site-packages/glance_store/location.py:146}}
Aug 14 15:57:27 jammy-provider-cloud-0000007470 devstack@g-api.service[104161]: DEBUG glance_store.location [-] Registering scheme filesystem with {'store': <glance_store._drivers.filesystem.Store object at 0x7fab192db970>, 'location_class': <class 'glance_store._drivers.filesystem.StoreLocation'>, 'store_entry': 'file'} {{(pid=104161) register_scheme_map /opt/stack/data/venv/lib/python3.10/site-packages/glance_store/location.py:146}}
Aug 14 15:57:27 jammy-provider-cloud-0000007470 devstack@g-api.service[104161]: DEBUG glance_store.backend [-] Attempting to import store http {{(pid=104161) _load_store /opt/stack/data/venv/lib/python3.10/site-packages/glance_store/backend.py:216}}
Aug 14 15:57:27 jammy-provider-cloud-0000007470 devstack@g-api.service[104161]: DEBUG glance_store.capabilities [-] Store glance_store._drivers.http.Store doesn't support updating dynamic storage capabilities. Please overwrite 'update_capabilities' method of the store to implement updating logics if needed. {{(pid=104161) update_capabilities /opt/stack/data/venv/lib/python3.10/site-packages/glance_store/capabilities.py:91}}
Aug 14 15:57:27 jammy-provider-cloud-0000007470 devstack@g-api.service[104161]: DEBUG glance_store.backend [-] Registering store http with schemes ('http', 'https') {{(pid=104161) create_stores /opt/stack/data/venv/lib/python3.10/site-packages/glance_store/backend.py:262}}
Aug 14 15:57:27 jammy-provider-cloud-0000007470 devstack@g-api.service[104161]: DEBUG glance_store.driver [-] Late loading location class glance_store._drivers.http.StoreLocation {{(pid=104161) get_store_location_class /opt/stack/data/venv/lib/python3.10/site-packages/glance_store/driver.py:133}}
Aug 14 15:57:27 jammy-provider-cloud-0000007470 devstack@g-api.service[104161]: DEBUG glance_store.location [-] Registering scheme http with {'store': <glance_store._drivers.http.Store object at 0x7fab192db700>, 'location_class': <class 'glance_store._drivers.http.StoreLocation'>, 'store_entry': 'http'} {{(pid=104161) register_scheme_map /opt/stack/data/venv/lib/python3.10/site-packages/glance_store/location.py:146}}
Aug 14 15:57:27 jammy-provider-cloud-0000007470 devstack@g-api.service[104161]: DEBUG glance_store.location [-] Registering scheme https with {'store': <glance_store._drivers.http.Store object at 0x7fab192db700>, 'location_class': <class 'glance_store._drivers.http.StoreLocation'>, 'store_entry': 'http'} {{(pid=104161) register_scheme_map /opt/stack/data/venv/lib/python3.10/site-packages/glance_store/location.py:146}}
Aug 14 15:57:27 jammy-provider-cloud-0000007470 devstack@g-api.service[104161]: DEBUG glance.sqlite_migration [-] SQLite caching database not located, skipping migration {{(pid=104161) get_db_path /opt/stack/glance/glance/sqlite_migration.py:68}}
Aug 14 15:57:27 jammy-provider-cloud-0000007470 devstack@g-api.service[104161]: WARNING glance.common.wsgi_app [-] Import methods are enabled but staging directory /tmp/staging/ does not exist; Imports will fail!
Aug 14 15:57:28 jammy-provider-cloud-0000007470 devstack@g-api.service[104162]: DEBUG glance.common.config [None req-e6a180f6-da5e-438f-988d-41bf614d451e None None] Loading glance-api-keystone+cachemanagement from /etc/glance/glance-api-paste.ini {{(pid=104162) load_paste_app /opt/stack/glance/glance/common/config.py:726}}
Aug 14 15:57:28 jammy-provider-cloud-0000007470 devstack@g-api.service[104161]: DEBUG glance.common.config [None req-21a269f5-9d8a-451b-be62-8ded8384a89e None None] Loading glance-api-keystone+cachemanagement from /etc/glance/glance-api-paste.ini {{(pid=104161) load_paste_app /opt/stack/glance/glance/common/config.py:726}}
Aug 14 15:57:28 jammy-provider-cloud-0000007470 devstack@g-api.service[104161]: INFO glance.image_cache [None req-21a269f5-9d8a-451b-be62-8ded8384a89e None None] Image cache loaded driver 'centralized_db'.
Aug 14 15:57:28 jammy-provider-cloud-0000007470 devstack@g-api.service[104162]: INFO glance.image_cache [None req-e6a180f6-da5e-438f-988d-41bf614d451e None None] Image cache loaded driver 'centralized_db'.
Aug 14 15:57:28 jammy-provider-cloud-0000007470 devstack@g-api.service[104161]: INFO dbcounter [None req-21a269f5-9d8a-451b-be62-8ded8384a89e None None] Registered counter for database glance
Aug 14 15:57:28 jammy-provider-cloud-0000007470 devstack@g-api.service[104162]: INFO dbcounter [None req-e6a180f6-da5e-438f-988d-41bf614d451e None None] Registered counter for database glance
Aug 14 15:57:28 jammy-provider-cloud-0000007470 devstack@g-api.service[104162]: DEBUG oslo_db.sqlalchemy.engines [None req-e6a180f6-da5e-438f-988d-41bf614d451e None None] MySQL server mode set to STRICT_TRANS_TABLES,STRICT_ALL_TABLES,NO_ZERO_IN_DATE,NO_ZERO_DATE,ERROR_FOR_DIVISION_BY_ZERO,TRADITIONAL,NO_ENGINE_SUBSTITUTION {{(pid=104162) _check_effective_sql_mode /opt/stack/data/venv/lib/python3.10/site-packages/oslo_db/sqlalchemy/engines.py:342}}
Aug 14 15:57:28 jammy-provider-cloud-0000007470 devstack@g-api.service[104161]: DEBUG oslo_db.sqlalchemy.engines [None req-21a269f5-9d8a-451b-be62-8ded8384a89e None None] MySQL server mode set to STRICT_TRANS_TABLES,STRICT_ALL_TABLES,NO_ZERO_IN_DATE,NO_ZERO_DATE,ERROR_FOR_DIVISION_BY_ZERO,TRADITIONAL,NO_ENGINE_SUBSTITUTION {{(pid=104161) _check_effective_sql_mode /opt/stack/data/venv/lib/python3.10/site-packages/oslo_db/sqlalchemy/engines.py:342}}
Aug 14 15:57:28 jammy-provider-cloud-0000007470 devstack@g-api.service[104162]: DEBUG dbcounter [-] [104162] Writer thread running {{(pid=104162) stat_writer /opt/stack/data/venv/lib/python3.10/site-packages/dbcounter.py:102}}
Aug 14 15:57:28 jammy-provider-cloud-0000007470 devstack@g-api.service[104161]: DEBUG dbcounter [-] [104161] Writer thread running {{(pid=104161) stat_writer /opt/stack/data/venv/lib/python3.10/site-packages/dbcounter.py:102}}
Aug 14 15:57:28 jammy-provider-cloud-0000007470 devstack@g-api.service[104161]: DEBUG glance.image_cache.drivers.centralized_db [None req-21a269f5-9d8a-451b-be62-8ded8384a89e None None] Node reference is already recorded, ignoring it {{(pid=104161) configure /opt/stack/glance/glance/image_cache/drivers/centralized_db.py:71}}
Aug 14 15:57:28 jammy-provider-cloud-0000007470 devstack@g-api.service[104162]: INFO glance.image_cache [None req-e6a180f6-da5e-438f-988d-41bf614d451e None None] Image cache loaded driver 'centralized_db'.
Aug 14 15:57:28 jammy-provider-cloud-0000007470 devstack@g-api.service[104161]: INFO glance.image_cache [None req-21a269f5-9d8a-451b-be62-8ded8384a89e None None] Image cache loaded driver 'centralized_db'.
Aug 14 15:57:28 jammy-provider-cloud-0000007470 devstack@g-api.service[104162]: DEBUG glance.image_cache.drivers.centralized_db [None req-e6a180f6-da5e-438f-988d-41bf614d451e None None] Node reference is already recorded, ignoring it {{(pid=104162) configure /opt/stack/glance/glance/image_cache/drivers/centralized_db.py:71}}
Aug 14 15:57:28 jammy-provider-cloud-0000007470 devstack@g-api.service[104161]: DEBUG glance.image_cache.drivers.centralized_db [None req-21a269f5-9d8a-451b-be62-8ded8384a89e None None] Node reference is already recorded, ignoring it {{(pid=104161) configure /opt/stack/glance/glance/image_cache/drivers/centralized_db.py:71}}
Aug 14 15:57:28 jammy-provider-cloud-0000007470 devstack@g-api.service[104162]: DEBUG glance.api.v2.cached_images [None req-e6a180f6-da5e-438f-988d-41bf614d451e None None] Started cache worker thread {{(pid=104162) __init__ /opt/stack/glance/glance/api/v2/cached_images.py:69}}
Aug 14 15:57:28 jammy-provider-cloud-0000007470 devstack@g-api.service[104162]: INFO glance.image_cache [None req-e6a180f6-da5e-438f-988d-41bf614d451e None None] Image cache loaded driver 'centralized_db'.
Aug 14 15:57:28 jammy-provider-cloud-0000007470 devstack@g-api.service[104161]: DEBUG glance.api.v2.cached_images [None req-21a269f5-9d8a-451b-be62-8ded8384a89e None None] Started cache worker thread {{(pid=104161) __init__ /opt/stack/glance/glance/api/v2/cached_images.py:69}}
Aug 14 15:57:28 jammy-provider-cloud-0000007470 devstack@g-api.service[104161]: INFO glance.image_cache [None req-21a269f5-9d8a-451b-be62-8ded8384a89e None None] Image cache loaded driver 'centralized_db'.
Aug 14 15:57:28 jammy-provider-cloud-0000007470 devstack@g-api.service[104162]: DEBUG glance.image_cache.drivers.centralized_db [None req-e6a180f6-da5e-438f-988d-41bf614d451e None None] Node reference is already recorded, ignoring it {{(pid=104162) configure /opt/stack/glance/glance/image_cache/drivers/centralized_db.py:71}}
Aug 14 15:57:28 jammy-provider-cloud-0000007470 devstack@g-api.service[104161]: DEBUG glance.image_cache.drivers.centralized_db [None req-21a269f5-9d8a-451b-be62-8ded8384a89e None None] Node reference is already recorded, ignoring it {{(pid=104161) configure /opt/stack/glance/glance/image_cache/drivers/centralized_db.py:71}}
Aug 14 15:57:28 jammy-provider-cloud-0000007470 devstack@g-api.service[104162]: INFO glance.api.middleware.cache_manage [None req-e6a180f6-da5e-438f-988d-41bf614d451e None None] Initialized image cache management middleware
Aug 14 15:57:28 jammy-provider-cloud-0000007470 devstack@g-api.service[104162]: INFO glance.image_cache [None req-e6a180f6-da5e-438f-988d-41bf614d451e None None] Image cache loaded driver 'centralized_db'.
Aug 14 15:57:28 jammy-provider-cloud-0000007470 devstack@g-api.service[104161]: INFO glance.api.middleware.cache_manage [None req-21a269f5-9d8a-451b-be62-8ded8384a89e None None] Initialized image cache management middleware
Aug 14 15:57:28 jammy-provider-cloud-0000007470 devstack@g-api.service[104161]: INFO glance.image_cache [None req-21a269f5-9d8a-451b-be62-8ded8384a89e None None] Image cache loaded driver 'centralized_db'.
Aug 14 15:57:28 jammy-provider-cloud-0000007470 devstack@g-api.service[104162]: DEBUG glance.image_cache.drivers.centralized_db [None req-e6a180f6-da5e-438f-988d-41bf614d451e None None] Node reference is already recorded, ignoring it {{(pid=104162) configure /opt/stack/glance/glance/image_cache/drivers/centralized_db.py:71}}
Aug 14 15:57:28 jammy-provider-cloud-0000007470 devstack@g-api.service[104161]: DEBUG glance.image_cache.drivers.centralized_db [None req-21a269f5-9d8a-451b-be62-8ded8384a89e None None] Node reference is already recorded, ignoring it {{(pid=104161) configure /opt/stack/glance/glance/image_cache/drivers/centralized_db.py:71}}
Aug 14 15:57:28 jammy-provider-cloud-0000007470 devstack@g-api.service[104162]: INFO glance.api.middleware.cache [None req-e6a180f6-da5e-438f-988d-41bf614d451e None None] Initialized image cache middleware
Aug 14 15:57:28 jammy-provider-cloud-0000007470 devstack@g-api.service[104161]: INFO glance.api.middleware.cache [None req-21a269f5-9d8a-451b-be62-8ded8384a89e None None] Initialized image cache middleware
Aug 14 15:57:28 jammy-provider-cloud-0000007470 devstack@g-api.service[104162]: WARNING keystonemiddleware.auth_token [None req-e6a180f6-da5e-438f-988d-41bf614d451e None None] AuthToken middleware is set with keystone_authtoken.service_token_roles_required set to False. This is backwards compatible but deprecated behaviour. Please set this to True.
Aug 14 15:57:28 jammy-provider-cloud-0000007470 devstack@g-api.service[104162]: WARNING keystonemiddleware.auth_token [None req-e6a180f6-da5e-438f-988d-41bf614d451e None None] Configuring www_authenticate_uri to point to the public identity endpoint is required; clients may not be able to authenticate against an admin endpoint
Aug 14 15:57:28 jammy-provider-cloud-0000007470 devstack@g-api.service[104161]: WARNING keystonemiddleware.auth_token [None req-21a269f5-9d8a-451b-be62-8ded8384a89e None None] AuthToken middleware is set with keystone_authtoken.service_token_roles_required set to False. This is backwards compatible but deprecated behaviour. Please set this to True.
Aug 14 15:57:28 jammy-provider-cloud-0000007470 devstack@g-api.service[104162]: DEBUG glance.common.config [None req-e6a180f6-da5e-438f-988d-41bf614d451e None None] ******************************************************************************** {{(pid=104162) log_opt_values /opt/stack/data/venv/lib/python3.10/site-packages/oslo_config/cfg.py:2600}}
Aug 14 15:57:28 jammy-provider-cloud-0000007470 devstack@g-api.service[104162]: DEBUG glance.common.config [None req-e6a180f6-da5e-438f-988d-41bf614d451e None None] Configuration options gathered from: {{(pid=104162) log_opt_values /opt/stack/data/venv/lib/python3.10/site-packages/oslo_config/cfg.py:2601}}
Aug 14 15:57:28 jammy-provider-cloud-0000007470 devstack@g-api.service[104161]: WARNING keystonemiddleware.auth_token [None req-21a269f5-9d8a-451b-be62-8ded8384a89e None None] Configuring www_authenticate_uri to point to the public identity endpoint is required; clients may not be able to authenticate against an admin endpoint
Aug 14 15:57:28 jammy-provider-cloud-0000007470 devstack@g-api.service[104162]: DEBUG glance.common.config [None req-e6a180f6-da5e-438f-988d-41bf614d451e None None] command line args: [] {{(pid=104162) log_opt_values /opt/stack/data/venv/lib/python3.10/site-packages/oslo_config/cfg.py:2602}}
Aug 14 15:57:28 jammy-provider-cloud-0000007470 devstack@g-api.service[104162]: DEBUG glance.common.config [None req-e6a180f6-da5e-438f-988d-41bf614d451e None None] config files: ['/etc/glance/glance-image-import.conf', '/etc/glance/glance-api.conf'] {{(pid=104162) log_opt_values /opt/stack/data/venv/lib/python3.10/site-packages/oslo_config/cfg.py:2603}}
Aug 14 15:57:28 jammy-provider-cloud-0000007470 devstack@g-api.service[104162]: DEBUG glance.common.config [None req-e6a180f6-da5e-438f-988d-41bf614d451e None None] ================================================================================ {{(pid=104162) log_opt_values /opt/stack/data/venv/lib/python3.10/site-packages/oslo_config/cfg.py:2605}}
Aug 14 15:57:28 jammy-provider-cloud-0000007470 devstack@g-api.service[104162]: DEBUG glance.common.config [None req-e6a180f6-da5e-438f-988d-41bf614d451e None None] allow_anonymous_access         = False {{(pid=104162) log_opt_values /opt/stack/data/venv/lib/python3.10/site-packages/oslo_config/cfg.py:2613}}
Aug 14 15:57:28 jammy-provider-cloud-0000007470 devstack@g-api.service[104162]: DEBUG glance.common.config [None req-e6a180f6-da5e-438f-988d-41bf614d451e None None] api_limit_max                  = 1000 {{(pid=104162) log_opt_values /opt/stack/data/venv/lib/python3.10/site-packages/oslo_config/cfg.py:2613}}
Aug 14 15:57:28 jammy-provider-cloud-0000007470 devstack@g-api.service[104162]: DEBUG glance.common.config [None req-e6a180f6-da5e-438f-988d-41bf614d451e None None] backlog                        = 4096 {{(pid=104162) log_opt_values /opt/stack/data/venv/lib/python3.10/site-packages/oslo_config/cfg.py:2613}}
Aug 14 15:57:28 jammy-provider-cloud-0000007470 devstack@g-api.service[104162]: DEBUG glance.common.config [None req-e6a180f6-da5e-438f-988d-41bf614d451e None None] bind_host                      = 0.0.0.0 {{(pid=104162) log_opt_values /opt/stack/data/venv/lib/python3.10/site-packages/oslo_config/cfg.py:2613}}
Aug 14 15:57:28 jammy-provider-cloud-0000007470 devstack@g-api.service[104162]: DEBUG glance.common.config [None req-e6a180f6-da5e-438f-988d-41bf614d451e None None] bind_port                      = None {{(pid=104162) log_opt_values /opt/stack/data/venv/lib/python3.10/site-packages/oslo_config/cfg.py:2613}}
Aug 14 15:57:28 jammy-provider-cloud-0000007470 devstack@g-api.service[104162]: DEBUG glance.common.config [None req-e6a180f6-da5e-438f-988d-41bf614d451e None None] client_socket_timeout          = 900 {{(pid=104162) log_opt_values /opt/stack/data/venv/lib/python3.10/site-packages/oslo_config/cfg.py:2613}}
Aug 14 15:57:28 jammy-provider-cloud-0000007470 devstack@g-api.service[104162]: DEBUG glance.common.config [None req-e6a180f6-da5e-438f-988d-41bf614d451e None None] config_dir                     = [] {{(pid=104162) log_opt_values /opt/stack/data/venv/lib/python3.10/site-packages/oslo_config/cfg.py:2613}}
Aug 14 15:57:28 jammy-provider-cloud-0000007470 devstack@g-api.service[104162]: DEBUG glance.common.config [None req-e6a180f6-da5e-438f-988d-41bf614d451e None None] config_file                    = ['/etc/glance/glance-image-import.conf', '/etc/glance/glance-api.conf'] {{(pid=104162) log_opt_values /opt/stack/data/venv/lib/python3.10/site-packages/oslo_config/cfg.py:2613}}
Aug 14 15:57:28 jammy-provider-cloud-0000007470 devstack@g-api.service[104162]: DEBUG glance.common.config [None req-e6a180f6-da5e-438f-988d-41bf614d451e None None] config_source                  = [] {{(pid=104162) log_opt_values /opt/stack/data/venv/lib/python3.10/site-packages/oslo_config/cfg.py:2613}}
Aug 14 15:57:28 jammy-provider-cloud-0000007470 devstack@g-api.service[104162]: DEBUG glance.common.config [None req-e6a180f6-da5e-438f-988d-41bf614d451e None None] control_exchange               = glance {{(pid=104162) log_opt_values /opt/stack/data/venv/lib/python3.10/site-packages/oslo_config/cfg.py:2613}}
Aug 14 15:57:28 jammy-provider-cloud-0000007470 devstack@g-api.service[104162]: DEBUG glance.common.config [None req-e6a180f6-da5e-438f-988d-41bf614d451e None None] debug                          = True {{(pid=104162) log_opt_values /opt/stack/data/venv/lib/python3.10/site-packages/oslo_config/cfg.py:2613}}
Aug 14 15:57:28 jammy-provider-cloud-0000007470 devstack@g-api.service[104162]: DEBUG glance.common.config [None req-e6a180f6-da5e-438f-988d-41bf614d451e None None] default_log_levels             = ['amqp=WARN', 'amqplib=WARN', 'boto=WARN', 'qpid=WARN', 'sqlalchemy=WARN', 'suds=INFO', 'oslo.messaging=INFO', 'oslo_messaging=INFO', 'iso8601=WARN', 'requests.packages.urllib3.connectionpool=WARN', 'urllib3.connectionpool=WARN', 'websocket=WARN', 'requests.packages.urllib3.util.retry=WARN', 'urllib3.util.retry=WARN', 'keystonemiddleware=WARN', 'routes.middleware=WARN', 'stevedore=WARN', 'taskflow=WARN', 'keystoneauth=WARN', 'oslo.cache=INFO', 'oslo_policy=INFO', 'dogpile.core.dogpile=INFO'] {{(pid=104162) log_opt_values /opt/stack/data/venv/lib/python3.10/site-packages/oslo_config/cfg.py:2613}}
Aug 14 15:57:28 jammy-provider-cloud-0000007470 devstack@g-api.service[104162]: DEBUG glance.common.config [None req-e6a180f6-da5e-438f-988d-41bf614d451e None None] default_publisher_id           = image.localhost {{(pid=104162) log_opt_values /opt/stack/data/venv/lib/python3.10/site-packages/oslo_config/cfg.py:2613}}
Aug 14 15:57:28 jammy-provider-cloud-0000007470 devstack@g-api.service[104162]: DEBUG glance.common.config [None req-e6a180f6-da5e-438f-988d-41bf614d451e None None] delayed_delete                 = False {{(pid=104162) log_opt_values /opt/stack/data/venv/lib/python3.10/site-packages/oslo_config/cfg.py:2613}}
Aug 14 15:57:28 jammy-provider-cloud-0000007470 devstack@g-api.service[104162]: DEBUG glance.common.config [None req-e6a180f6-da5e-438f-988d-41bf614d451e None None] digest_algorithm               = sha256 {{(pid=104162) log_opt_values /opt/stack/data/venv/lib/python3.10/site-packages/oslo_config/cfg.py:2613}}
Aug 14 15:57:28 jammy-provider-cloud-0000007470 devstack@g-api.service[104162]: DEBUG glance.common.config [None req-e6a180f6-da5e-438f-988d-41bf614d451e None None] disabled_notifications         = [] {{(pid=104162) log_opt_values /opt/stack/data/venv/lib/python3.10/site-packages/oslo_config/cfg.py:2613}}
Aug 14 15:57:28 jammy-provider-cloud-0000007470 devstack@g-api.service[104162]: DEBUG glance.common.config [None req-e6a180f6-da5e-438f-988d-41bf614d451e None None] do_secure_hash                 = True {{(pid=104162) log_opt_values /opt/stack/data/venv/lib/python3.10/site-packages/oslo_config/cfg.py:2613}}
Aug 14 15:57:28 jammy-provider-cloud-0000007470 devstack@g-api.service[104162]: DEBUG glance.common.config [None req-e6a180f6-da5e-438f-988d-41bf614d451e None None] enabled_backends               = None {{(pid=104162) log_opt_values /opt/stack/data/venv/lib/python3.10/site-packages/oslo_config/cfg.py:2613}}
Aug 14 15:57:28 jammy-provider-cloud-0000007470 devstack@g-api.service[104162]: DEBUG glance.common.config [None req-e6a180f6-da5e-438f-988d-41bf614d451e None None] enabled_import_methods         = ['glance-direct', 'web-download', 'copy-image'] {{(pid=104162) log_opt_values /opt/stack/data/venv/lib/python3.10/site-packages/oslo_config/cfg.py:2613}}
Aug 14 15:57:28 jammy-provider-cloud-0000007470 devstack@g-api.service[104162]: DEBUG glance.common.config [None req-e6a180f6-da5e-438f-988d-41bf614d451e None None] hashing_algorithm              = sha512 {{(pid=104162) log_opt_values /opt/stack/data/venv/lib/python3.10/site-packages/oslo_config/cfg.py:2613}}
Aug 14 15:57:28 jammy-provider-cloud-0000007470 devstack@g-api.service[104162]: DEBUG glance.common.config [None req-e6a180f6-da5e-438f-988d-41bf614d451e None None] http_keepalive                 = True {{(pid=104162) log_opt_values /opt/stack/data/venv/lib/python3.10/site-packages/oslo_config/cfg.py:2613}}
Aug 14 15:57:28 jammy-provider-cloud-0000007470 devstack@g-api.service[104162]: DEBUG glance.common.config [None req-e6a180f6-da5e-438f-988d-41bf614d451e None None] http_retries                   = 3 {{(pid=104162) log_opt_values /opt/stack/data/venv/lib/python3.10/site-packages/oslo_config/cfg.py:2613}}
Aug 14 15:57:28 jammy-provider-cloud-0000007470 devstack@g-api.service[104162]: DEBUG glance.common.config [None req-e6a180f6-da5e-438f-988d-41bf614d451e None None] image_cache_dir                = /opt/stack/data/glance/cache/ {{(pid=104162) log_opt_values /opt/stack/data/venv/lib/python3.10/site-packages/oslo_config/cfg.py:2613}}
Aug 14 15:57:28 jammy-provider-cloud-0000007470 devstack@g-api.service[104162]: DEBUG glance.common.config [None req-e6a180f6-da5e-438f-988d-41bf614d451e None None] image_cache_driver             = centralized_db {{(pid=104162) log_opt_values /opt/stack/data/venv/lib/python3.10/site-packages/oslo_config/cfg.py:2613}}
Aug 14 15:57:28 jammy-provider-cloud-0000007470 devstack@g-api.service[104162]: DEBUG glance.common.config [None req-e6a180f6-da5e-438f-988d-41bf614d451e None None] image_cache_max_size           = 10737418240 {{(pid=104162) log_opt_values /opt/stack/data/venv/lib/python3.10/site-packages/oslo_config/cfg.py:2613}}
Aug 14 15:57:28 jammy-provider-cloud-0000007470 devstack@g-api.service[104162]: DEBUG glance.common.config [None req-e6a180f6-da5e-438f-988d-41bf614d451e None None] image_cache_sqlite_db          = cache.db {{(pid=104162) log_opt_values /opt/stack/data/venv/lib/python3.10/site-packages/oslo_config/cfg.py:2613}}
Aug 14 15:57:28 jammy-provider-cloud-0000007470 devstack@g-api.service[104162]: DEBUG glance.common.config [None req-e6a180f6-da5e-438f-988d-41bf614d451e None None] image_cache_stall_time         = 86400 {{(pid=104162) log_opt_values /opt/stack/data/venv/lib/python3.10/site-packages/oslo_config/cfg.py:2613}}
Aug 14 15:57:28 jammy-provider-cloud-0000007470 devstack@g-api.service[104162]: DEBUG glance.common.config [None req-e6a180f6-da5e-438f-988d-41bf614d451e None None] image_location_quota           = 10 {{(pid=104162) log_opt_values /opt/stack/data/venv/lib/python3.10/site-packages/oslo_config/cfg.py:2613}}
Aug 14 15:57:28 jammy-provider-cloud-0000007470 devstack@g-api.service[104162]: DEBUG glance.common.config [None req-e6a180f6-da5e-438f-988d-41bf614d451e None None] image_member_quota             = 128 {{(pid=104162) log_opt_values /opt/stack/data/venv/lib/python3.10/site-packages/oslo_config/cfg.py:2613}}
Aug 14 15:57:28 jammy-provider-cloud-0000007470 devstack@g-api.service[104162]: DEBUG glance.common.config [None req-e6a180f6-da5e-438f-988d-41bf614d451e None None] image_property_quota           = 128 {{(pid=104162) log_opt_values /opt/stack/data/venv/lib/python3.10/site-packages/oslo_config/cfg.py:2613}}
Aug 14 15:57:28 jammy-provider-cloud-0000007470 devstack@g-api.service[104162]: DEBUG glance.common.config [None req-e6a180f6-da5e-438f-988d-41bf614d451e None None] image_size_cap                 = 1099511627776 {{(pid=104162) log_opt_values /opt/stack/data/venv/lib/python3.10/site-packages/oslo_config/cfg.py:2613}}
Aug 14 15:57:28 jammy-provider-cloud-0000007470 devstack@g-api.service[104162]: DEBUG glance.common.config [None req-e6a180f6-da5e-438f-988d-41bf614d451e None None] image_tag_quota                = 128 {{(pid=104162) log_opt_values /opt/stack/data/venv/lib/python3.10/site-packages/oslo_config/cfg.py:2613}}
Aug 14 15:57:28 jammy-provider-cloud-0000007470 devstack@g-api.service[104162]: DEBUG glance.common.config [None req-e6a180f6-da5e-438f-988d-41bf614d451e None None] instance_format                = [instance: %(uuid)s]  {{(pid=104162) log_opt_values /opt/stack/data/venv/lib/python3.10/site-packages/oslo_config/cfg.py:2613}}
Aug 14 15:57:28 jammy-provider-cloud-0000007470 devstack@g-api.service[104162]: DEBUG glance.common.config [None req-e6a180f6-da5e-438f-988d-41bf614d451e None None] instance_uuid_format           = [instance: %(uuid)s]  {{(pid=104162) log_opt_values /opt/stack/data/venv/lib/python3.10/site-packages/oslo_config/cfg.py:2613}}
Aug 14 15:57:28 jammy-provider-cloud-0000007470 devstack@g-api.service[104162]: DEBUG glance.common.config [None req-e6a180f6-da5e-438f-988d-41bf614d451e None None] limit_param_default            = 25 {{(pid=104162) log_opt_values /opt/stack/data/venv/lib/python3.10/site-packages/oslo_config/cfg.py:2613}}
Aug 14 15:57:28 jammy-provider-cloud-0000007470 devstack@g-api.service[104162]: DEBUG glance.common.config [None req-e6a180f6-da5e-438f-988d-41bf614d451e None None] log_color                      = True {{(pid=104162) log_opt_values /opt/stack/data/venv/lib/python3.10/site-packages/oslo_config/cfg.py:2613}}
Aug 14 15:57:28 jammy-provider-cloud-0000007470 devstack@g-api.service[104162]: DEBUG glance.common.config [None req-e6a180f6-da5e-438f-988d-41bf614d451e None None] log_config_append              = None {{(pid=104162) log_opt_values /opt/stack/data/venv/lib/python3.10/site-packages/oslo_config/cfg.py:2613}}
Aug 14 15:57:28 jammy-provider-cloud-0000007470 devstack@g-api.service[104161]: DEBUG glance.common.config [None req-21a269f5-9d8a-451b-be62-8ded8384a89e None None] ******************************************************************************** {{(pid=104161) log_opt_values /opt/stack/data/venv/lib/python3.10/site-packages/oslo_config/cfg.py:2600}}
Aug 14 15:57:28 jammy-provider-cloud-0000007470 devstack@g-api.service[104162]: DEBUG glance.common.config [None req-e6a180f6-da5e-438f-988d-41bf614d451e None None] log_date_format                = %Y-%m-%d %H:%M:%S {{(pid=104162) log_opt_values /opt/stack/data/venv/lib/python3.10/site-packages/oslo_config/cfg.py:2613}}
Aug 14 15:57:28 jammy-provider-cloud-0000007470 devstack@g-api.service[104162]: DEBUG glance.common.config [None req-e6a180f6-da5e-438f-988d-41bf614d451e None None] log_dir                        = None {{(pid=104162) log_opt_values /opt/stack/data/venv/lib/python3.10/site-packages/oslo_config/cfg.py:2613}}
Aug 14 15:57:28 jammy-provider-cloud-0000007470 devstack@g-api.service[104161]: DEBUG glance.common.config [None req-21a269f5-9d8a-451b-be62-8ded8384a89e None None] Configuration options gathered from: {{(pid=104161) log_opt_values /opt/stack/data/venv/lib/python3.10/site-packages/oslo_config/cfg.py:2601}}
Aug 14 15:57:28 jammy-provider-cloud-0000007470 devstack@g-api.service[104162]: DEBUG glance.common.config [None req-e6a180f6-da5e-438f-988d-41bf614d451e None None] log_file                       = None {{(pid=104162) log_opt_values /opt/stack/data/venv/lib/python3.10/site-packages/oslo_config/cfg.py:2613}}
Aug 14 15:57:28 jammy-provider-cloud-0000007470 devstack@g-api.service[104162]: DEBUG glance.common.config [None req-e6a180f6-da5e-438f-988d-41bf614d451e None None] log_rotate_interval            = 1 {{(pid=104162) log_opt_values /opt/stack/data/venv/lib/python3.10/site-packages/oslo_config/cfg.py:2613}}
Aug 14 15:57:28 jammy-provider-cloud-0000007470 devstack@g-api.service[104162]: DEBUG glance.common.config [None req-e6a180f6-da5e-438f-988d-41bf614d451e None None] log_rotate_interval_type       = days {{(pid=104162) log_opt_values /opt/stack/data/venv/lib/python3.10/site-packages/oslo_config/cfg.py:2613}}
Aug 14 15:57:28 jammy-provider-cloud-0000007470 devstack@g-api.service[104162]: DEBUG glance.common.config [None req-e6a180f6-da5e-438f-988d-41bf614d451e None None] log_rotation_type              = none {{(pid=104162) log_opt_values /opt/stack/data/venv/lib/python3.10/site-packages/oslo_config/cfg.py:2613}}
