"pcp-dstat 6.2.0 CSV Output"
"Author:","PCP team <pcp@groups.io> and Dag Wieers <dag@wieers.com>",,,,"URL:","https://pcp.io/ and http://dag.wieers.com/home-made/dstat/"
"Host:","ubuntu",,,,"User:","ubuntu"
"Cmdline:","dstat -tcmndrylpg --tcp --output /tmp/devstack_logs/dstat-csv.log",,,,"Date:","17 Jun 2026 16:05:37 UTC"
"system","total usage",,,,,"memory usage",,,,"net/total",,"dsk/total",,"io/total",,"system",,"load avg",,,"procs",,,"paging",,"tcp sockets",,,,
"time","total usage:usr","total usage:sys","total usage:idl","total usage:wai","total usage:stl","used","free","buf","cach","net/total:recv","net/total:send","dsk/total:read","dsk/total:writ","read","writ","int","csw","1m","5m","15m","run","blk","new","in","out","lis","act","syn","tim","clo"
17-06 16:05:37,,971300,1448592,166656,5221584,,,,,,,1.430,0.980,0.520,1,0,,,,10,4,0,19,0
17-06 16:05:38,21.742,20.493,55.731,0,0,991912,1427436,166748,5221968,23347.846,8970.867,0,2091.270,0,82.971,6674,5680,1.430,0.980,0.520,1,0,536.813,0,0,10,5,0,19,0
17-06 16:05:39,22.229,17.733,57.945,0.749,0,971996,1446396,166952,5222528,46495.213,15951.977,0,3572.635,0,154.854,6417,6490,1.430,0.980,0.520,4,0,387.635,0,0,10,6,0,17,0
17-06 16:05:40,31.243,15.247,51.739,0.750,0,1138112,1279416,167132,5347888,23515.943,14565.868,0,1687.637,0,50.989,6649,8425,2.120,1.130,0.570,1,0,226.951,0,0,11,6,0,17,0
17-06 16:05:41,19.001,5.750,74.503,0.500,0,1144772,1272136,167280,5348244,39369.400,12084.430,0,1384.049,0,47.002,2563,2134,2.120,1.130,0.570,1,0,76.003,0,0,11,7,0,17,1
17-06 16:05:42,26.026,11.762,60.811,0.501,0,1140108,1259036,167424,5365140,184846.041,15557.574,0,1745.748,0,58.058,4344,3291,2.120,1.130,0.570,2,0,193.193,0,0,11,7,0,19,1
17-06 16:05:43,43.386,6.982,48.622,0.748,0,1210112,1170008,168360,5380596,4242.817,1627.710,31.916,2816.577,1.995,81.784,3294,2206,2.120,1.130,0.570,3,0,12.966,0,0,11,6,0,19,2
17-06 16:05:44,46.152,5.239,47.898,0.249,0,1249388,1110940,169004,5397520,4406.602,1293.242,0,6055.086,0,54.883,3153,1907,2.120,1.130,0.570,3,0,0.998,0,0,11,6,0,19,2
17-06 16:05:45,32.415,8.292,44.225,12.313,0,1271680,1054168,171056,5427432,4963.298,1465.469,0,73985.101,0,5399.521,18656,36712,2.190,1.170,0.580,3,0,67.343,0,0,11,8,0,19,2
17-06 16:05:46,41.490,7.453,45.713,3.727,0,1198596,1110712,172120,5440448,4804.847,1448.907,0,22681.658,0,1613.872,7164,10658,2.190,1.170,0.580,3,0,89.439,0,0,11,6,0,19,2
17-06 16:05:47,44.821,5.258,48.076,1.252,0,1258900,1020956,173144,5466344,4294.815,1460.317,0,4607.311,0,330.524,3308,2318,2.190,1.170,0.580,4,0,0,0,0,11,6,0,19,2
17-06 16:05:48,44.474,6.496,47.472,0.750,0,1238372,1055728,173464,5451392,4959.064,1936.853,0,7383.629,0,447.735,3946,3576,2.190,1.170,0.580,3,0,28.983,0,0,11,4,0,19,0
17-06 16:05:49,39.500,6.500,53.500,0.500,0,1274776,1012944,173632,5456936,10945.985,4572.994,0,1799.998,0,97.000,2863,1832,2.190,1.170,0.580,3,0,18.000,0,0,11,4,0,19,0
17-06 16:05:50,41.940,11.552,45.456,0,0,1270340,1015200,173668,5458716,3935.871,1464.650,0,4.018,0,1.005,12480,20097,2.170,1.180,0.590,3,0,196.894,0,0,11,4,0,19,0
17-06 16:05:51,31.405,25.673,42.123,0,0,1290244,994856,173680,5459368,4042.833,1453.625,0,231.304,0,14.955,15344,23095,2.170,1.180,0.590,4,0,543.365,0,0,11,4,0,19,0
17-06 16:05:52,48.807,18.272,32.038,0,0,1178444,1114664,173696,5452052,4102.829,1459.718,0,2623.087,0,137.161,5622,5336,2.170,1.180,0.590,5,0,234.276,0,0,11,5,0,19,0
17-06 16:05:53,61.430,7.242,30.965,0,0,1254016,1039064,173700,5452188,4315.082,1618.156,0,3.995,0,0.999,3761,1806,2.170,1.180,0.590,3,0,65.925,0,0,11,5,0,19,0
17-06 16:05:54,43.517,7.503,48.519,0,0,1285516,1007060,173704,5452688,4921.928,1662.651,0,6934.717,0,243.095,2819,1444,2.170,1.180,0.590,3,0,1.000,0,0,11,5,0,19,0
17-06 16:05:55,24.241,7.997,66.475,0,0,1305496,984628,173752,5455052,5042.127,1713.364,0,1139.577,0,95.964,3409,3643,2.080,1.180,0.590,1,0,117.956,0,0,11,4,0,19,0
17-06 16:05:56,16.022,5.257,77.857,0.250,0,1330612,959580,173760,5455084,5304.321,1622.239,0,2090.886,0,50.069,2152,2183,2.080,1.180,0.590,2,0,22.030,0,0,11,4,0,19,0
17-06 16:05:57,22.494,3.249,73.981,0,0,1358332,931860,173760,5455084,5098.685,1619.582,0,0,0,0,1661,1273,2.080,1.180,0.590,2,0,0,0,0,11,4,0,19,0
17-06 16:05:58,23.798,2.004,72.646,1.503,0,1387784,902124,173792,5455336,4990.043,1623.267,0,3639.325,0,233.470,3506,4492,2.080,1.180,0.590,3,0,1.002,0,0,11,10,0,19,0
17-06 16:05:59,20.454,6.984,71.340,0.249,0,1390540,899352,173808,5455336,5268.171,1616.371,0,27785.609,0,274.384,2910,2500,2.080,1.180,0.590,2,0,41.906,0,0,11,4,0,21,0
17-06 16:06:00,18.237,2.248,78.696,0,0,1425128,864492,173816,5455528,7274.978,4002.237,0,2286.422,0,129.910,1702,1245,1.990,1.170,0.590,2,0,0,0,0,11,9,0,21,0
17-06 16:06:01,21.000,2.750,74.500,0.500,0,1419148,869980,173860,5455892,8454.054,5005.032,268.002,1196.008,66.000,36.000,2814,2885,1.990,1.170,0.590,2,0,3.000,0,0,11,29,0,21,0
17-06 16:06:02,19.755,5.001,75.018,0,0,1402284,886824,173860,5455908,7716.874,4116.000,0,0,0,0,2413,1805,1.990,1.170,0.590,2,0,43.010,0,0,11,28,0,22,0
17-06 16:06:03,19.249,2.750,77.748,0,0,1439644,849460,173860,5455912,9886.717,5699.837,0,647.981,0,5.000,1822,1309,1.990,1.170,0.590,2,0,0,0,0,11,29,0,16,0
17-06 16:06:04,24.019,11.009,63.550,0.250,0,1379380,909712,173860,5455920,9470.452,4300.384,0,32549.613,0,220.173,4149,3699,1.990,1.170,0.590,4,0,157.124,0,0,11,28,0,17,0
17-06 16:06:05,36.831,5.011,57.626,0,0,1473836,815236,173864,5455936,10482.963,6335.879,0,693.519,0,3.007,2892,1826,1.990,1.190,0.600,3,0,0,0,0,11,30,0,17,0
17-06 16:06:06,37.490,3.999,56.236,0.750,0,1393356,895456,173920,5456140,19636.955,15391.046,0,8709.762,0,324.917,6739,9339,1.990,1.190,0.600,2,0,4.999,0,0,11,28,0,18,0
17-06 16:06:07,67.034,26.764,6.253,0,0,1531980,756804,173928,5456144,4688.401,1686.864,0,284.145,0,27.014,5837,4871,1.990,1.190,0.600,6,0,573.294,0,0,11,28,0,18,0
17-06 16:06:08,87.570,11.975,0.499,0,0,1774328,514408,173928,5456184,12232.864,9258.974,0,447.081,0,1.996,5466,3345,1.990,1.190,0.600,6,0,0,0,0,11,30,0,18,0
17-06 16:06:09,79.607,8.762,10.764,0,0,1821244,467440,173936,5456224,36268.554,32951.113,0,861.153,0,43.058,8271,11724,1.990,1.190,0.600,5,0,38.051,0,0,11,31,0,21,0
17-06 16:06:10,44.612,12.212,42.618,0,0,1503448,784976,173948,5456468,11569.105,7805.781,0,582.194,0,47.852,5526,6552,1.910,1.180,0.600,3,0,271.159,0,0,11,28,0,24,0
17-06 16:06:11,18.251,3.500,77.256,0,0,1508884,779536,173948,5456472,7952.591,5368.399,0,176.013,0,8.001,2011,1721,1.910,1.180,0.600,1,0,0,0,0,11,29,0,23,0
17-06 16:06:12,15.999,6.250,76.497,0,0,1473724,814672,173960,5456484,7505.695,4487.817,0,835.966,0,60.998,3456,3542,1.910,1.180,0.600,2,0,67.997,0,0,11,28,0,24,0
17-06 16:06:13,23.017,3.753,73.555,0,0,1531700,756692,173960,5456488,4563.428,1621.218,0,1677.260,0,87.065,1838,1221,1.910,1.180,0.600,2,0,0,0,0,11,28,0,24,0
17-06 16:06:14,15.760,2.502,80.051,0,0,1511812,776556,173964,5456508,11451.271,8494.394,0,31988.312,0,200.127,3188,3720,1.910,1.180,0.600,2,0,1.001,0,0,11,28,0,25,0
17-06 16:06:15,9.513,20.779,68.595,0,0,1457032,831332,173964,5456512,4326.017,1622.257,0,745.036,0,9.013,5828,4519,1.760,1.160,0.600,1,0,514.716,0,0,11,28,0,24,0
17-06 16:06:16,66.750,25.250,7.750,0,0,1552036,736304,173964,5456536,5176.994,1661.998,0,236.000,0,21.000,5751,4441,1.760,1.160,0.600,5,0,523.999,0,0,11,28,0,24,0
17-06 16:06:17,79.959,9.495,10.245,0,0,1734624,553668,173976,5456572,22832.399,19845.916,0,967.508,0,41.979,5630,4357,1.760,1.160,0.600,5,0,0,0,0,11,33,0,24,0
17-06 16:06:18,74.112,8.513,17.026,0.501,0,1656932,631092,174004,5456812,38109.691,32165.693,0,677.025,0,73.111,10986,16291,1.760,1.160,0.600,5,0,38.058,0,0,11,29,0,25,0
17-06 16:06:19,80.498,19.250,0,0,0,1635732,652208,174008,5456892,5276.876,2150.949,0,1403.967,0,135.997,5451,3929,1.760,1.160,0.600,7,0,271.994,0,0,11,28,0,25,0
17-06 16:06:20,86.344,12.477,0.998,0,0,1820336,467580,174008,5456908,17791.835,14741.350,0,62974.151,0,260.529,6090,4215,2.020,1.230,0.630,7,0,0,0,0,11,32,0,25,0
17-06 16:06:21,80.310,9.757,9.257,0,0,1810076,477320,174016,5457416,50310.524,45676.067,0,716.534,0,42.031,9560,16434,2.020,1.230,0.630,6,0,52.039,0,0,11,32,0,27,0
17-06 16:06:22,52.205,13.239,33.971,0,0,1557604,729740,174028,5457456,10058.361,7110.893,0,511.561,0,35.969,5496,6106,2.020,1.230,0.630,3,0,245.789,0,0,11,28,0,30,0
17-06 16:06:23,37.436,4.492,56.902,0,0,1569380,717948,174032,5457468,12284.933,9357.952,0,115.801,0,5.990,2970,2299,2.020,1.230,0.630,2,0,0,0,0,11,30,0,30,0
17-06 16:06:24,37.636,12.796,49.177,0,0,1543324,743964,174044,5457496,15832.033,12335.437,0,714.574,0,49.177,6378,7600,2.020,1.230,0.630,5,0,315.135,0,0,11,28,0,32,0
17-06 16:06:25,64.874,12.226,22.955,0,0.250,1576728,710528,174044,5457528,4430.370,1696.695,0,103.798,0,3.992,3914,1754,2.100,1.260,0.640,2,0,64.874,0,0,11,28,1,32,0
17-06 16:06:26,45.325,5.509,48.079,0,0,1604496,682584,174044,5457704,26530.700,23363.483,0,0,0,0,5408,6690,2.100,1.260,0.640,2,0,0,0,0,11,31,0,32,0
17-06 16:06:27,67.023,18.256,14.005,0.500,0,1486156,800892,174076,5457704,11888.069,7765.658,0,1032.353,0,52.018,6298,6437,2.100,1.260,0.640,4,0,258.088,0,0,11,28,0,33,0
17-06 16:06:28,71.534,8.973,19.192,0,0,1657580,629396,174080,5457772,18473.257,15695.638,0,247.254,0,19.940,5261,3842,2.100,1.260,0.640,3,0,0,0,0,11,32,0,32,0
17-06 16:06:29,64.438,8.525,25.825,0.251,0,1648684,638080,174084,5457980,31551.016,27868.276,0,3000.751,0,167.488,10341,14093,2.100,1.260,0.640,9,0,119.348,0,0,11,28,0,35,0
17-06 16:06:30,66.871,14.971,18.215,0,0,1521628,765116,174084,5458000,4090.085,1455.184,0,5964.458,0,368.287,4250,2396,2.170,1.290,0.650,4,0,204.604,0,0,11,28,0,35,0
17-06 16:06:31,48.456,5.995,44.710,0,0,1575188,711644,174084,5458036,20207.819,18016.790,0,115.896,0,8.992,5131,4931,2.170,1.290,0.650,2,0,0,0,0,11,31,0,35,0
17-06 16:06:32,60.673,17.299,22.063,0,0,1497884,788772,174088,5458208,17159.919,13147.481,0,401.144,0,36.103,7638,9274,2.170,1.290,0.650,3,0,299.855,0,0,11,28,0,33,0
17-06 16:06:33,53.841,5.982,39.384,0,0,1642880,643732,174088,5458236,14906.111,11529.054,0,155.542,0,7.977,4084,2931,2.170,1.290,0.650,3,0,0,0,0,11,31,0,33,0
17-06 16:06:34,51.889,8.774,38.353,0.251,0,1583368,702900,174096,5458572,23246.268,19418.014,0,224.602,0,23.062,7112,9325,2.170,1.290,0.650,4,0,152.408,0,0,11,28,0,36,0
17-06 16:06:35,68.001,14.198,17.685,0,0,1603672,682580,174096,5460636,4385.934,1279.314,0,382.599,0,10.960,4255,3442,2.320,1.330,0.670,6,0,175.358,0,0,11,28,0,36,0
17-06 16:06:36,47.123,6.517,45.117,0,0,1623144,662860,174096,5458760,26583.206,23372.848,0,112.292,0,8.021,6230,15044,2.320,1.330,0.670,3,0,2.005,0,0,11,31,0,33,0
17-06 16:06:37,61.692,11.739,26.225,0,0,1552420,733544,174104,5458792,9228.292,5305.993,0,407.615,0,36.965,5332,4636,2.320,1.330,0.670,5,0,111.894,0,0,11,28,0,35,0
17-06 16:06:38,54.879,6.766,38.089,0,0,1643336,642616,174104,5458804,16513.739,13273.137,0,0,0,0,4011,2723,2.320,1.330,0.670,4,0,0,0,0,11,31,0,35,0
17-06 16:06:39,49.443,14.483,34.710,0,0,1594772,691096,174136,5458856,19306.849,15399.332,0,1358.441,0,100.884,8035,10314,2.320,1.330,0.670,5,0,317.636,0,0,11,28,0,37,0
17-06 16:06:40,79.601,19.963,0,0,0,1641364,644464,174136,5458896,4431.687,1616.967,0,135.745,0,10.979,5555,4529,2.690,1.430,0.700,8,0,436.182,0,0,11,28,0,37,0
17-06 16:06:41,81.748,18.055,0.752,0,0,1800504,485288,174136,5458932,18348.558,15703.549,0,0,0,0,6210,5365,2.690,1.430,0.700,6,0,370.121,0,0,11,32,0,37,0
17-06 16:06:42,77.747,19.499,2.750,0,0,1743608,541908,174164,5459196,43928.573,39562.715,0,851.972,0,61.998,8884,11420,2.690,1.430,0.700,8,0,475.985,0,0,11,30,0,38,0
17-06 16:06:43,84.744,14.999,0,0,0,1651248,634092,174176,5459360,16551.852,13152.087,0,431.970,0,34.998,6248,5817,2.690,1.430,0.700,6,0,223.984,0,0,11,28,0,38,0
17-06 16:06:44,85.247,11.217,3.240,0,0,1736624,548636,174176,5459440,20146.136,16054.295,0,0,0,0,6030,5208,2.690,1.430,0.700,4,0,30.908,0,0,11,32,0,36,0
17-06 16:06:45,69.247,12.999,17.749,0,0,1738072,546972,174176,5459656,39410.387,34548.586,0,2223.909,0,101.996,8696,13250,3.040,1.520,0.740,4,0,262.989,0,0,11,31,0,38,0
17-06 16:06:46,31.090,14.292,53.155,0,0.251,1545160,739844,174176,5459696,15836.037,10600.818,0,12.035,0,3.009,6208,6952,3.040,1.520,0.740,1,0,374.088,0,0,11,28,0,41,0
17-06 16:06:47,39.007,33.756,27.005,0,0,1524084,760896,174176,5459720,4546.787,1566.271,0,48.008,0,12.002,6436,5940,3.040,1.520,0.740,6,0,917.159,0,0,11,28,0,41,0
17-06 16:06:48,76.521,10.967,11.964,0,0,1642924,642016,174176,5459768,13927.328,11348.046,0,741.781,0,2.991,4755,2788,3.040,1.520,0.740,3,0,48.854,0,0,11,31,0,41,0
17-06 16:06:49,62.436,8.776,28.334,0.501,0,1618508,666224,174200,5459952,27333.211,23689.385,0,678.014,0,69.206,7788,10854,3.040,1.520,0.740,3,0,92.274,0,0,11,29,0,44,0
17-06 16:06:50,80.252,16.500,3.500,0,0,1581144,703548,174212,5459980,6357.151,2643.063,0,284.007,0,21.000,5323,3532,3.190,1.580,0.760,4,0,176.004,0,0,11,28,0,45,0
17-06 16:06:51,64.657,7.240,27.211,0,0,1664428,620188,174216,5460044,28705.658,25562.185,0,187.730,0,9.986,5844,6685,3.190,1.580,0.760,4,0,0,0,0,11,32,0,45,0
17-06 16:06:52,54.325,5.007,40.806,0.250,0,1667188,617164,174216,5460304,41065.317,36580.166,0,140.192,0,10.014,12568,19156,3.190,1.580,0.760,2,0,0,0,0,11,32,0,45,0
17-06 16:06:53,71.750,11.750,15.250,0,0,1602796,681348,174232,5460492,21898.057,15964.041,0,524.001,0,54.000,8854,11342,3.190,1.580,0.760,4,0,90.000,0,0,11,28,0,45,0
17-06 16:06:54,78.003,11.000,10.250,0,0,1630324,653776,174268,5460500,12567.503,10031.402,0,2464.099,0,157.006,5098,3459,3.190,1.580,0.760,3,0,31.001,0,0,11,31,0,45,0
17-06 16:06:55,56.157,6.739,35.691,0,0,1658516,625340,174268,5460740,39862.861,34753.338,0,111.814,0,2.995,10308,15189,3.180,1.600,0.770,3,0,0,0,0,11,32,0,45,0
17-06 16:06:56,58.325,9.762,31.040,0,0,1613668,669936,174268,5460984,39140.038,33329.610,0,0,0,0,11661,17308,3.180,1.600,0.770,4,0,142.182,0,0,11,29,0,48,0
17-06 16:06:57,80.248,15.250,4.500,0,0,1585684,697864,174268,5461040,8830.819,5935.878,0,0,0,0,5160,3275,3.180,1.600,0.770,3,0,117.998,0,0,11,29,0,49,0
17-06 16:06:58,63.697,7.435,28.503,0,0,1666760,616588,174268,5461240,28436.106,25420.291,0,43.621,0,0.991,6339,7919,3.180,1.600,0.770,3,0,0,0,0,11,32,0,49,0
17-06 16:06:59,68.364,9.082,20.938,0,0,1564368,718728,174284,5461464,33365.458,27974.070,0,302.717,0,26.235,10252,15230,3.180,1.600,0.770,4,0,68.616,0,0,11,28,0,51,0
17-06 16:07:00,80.757,13.751,6.001,0,0,1614400,668688,174288,5461468,8343.770,5464.504,0,3148.290,0,158.015,4886,2468,3.250,1.640,0.790,6,0,60.006,0,0,11,29,0,49,0
17-06 16:07:01,65.676,8.740,24.722,0.250,0,1653492,629544,174304,5461520,25336.555,22121.165,0,503.435,0,52.941,6181,7379,3.250,1.640,0.790,4,1,61.930,0,0,11,34,0,51,0
17-06 16:07:02,69.004,10.251,19.501,0,0,1695620,587200,174304,5461728,31813.713,25857.393,0,188.010,0,14.001,6798,11713,3.250,1.640,0.790,3,0,60.003,0,0,11,34,0,52,0
17-06 16:07:03,69.622,12.976,17.717,0,0,1642020,640740,174304,5461788,24025.709,19070.844,0,119.779,0,6.987,6306,7819,3.250,1.640,0.790,4,0,140.741,0,0,11,34,0,53,0
17-06 16:07:04,73.457,11.533,13.789,0,0.251,1606452,676272,174304,5461792,20728.551,14879.028,0,116.329,0,7.020,5483,5363,3.250,1.640,0.790,4,0,89.252,0,0,11,34,0,55,0
17-06 16:07:05,74.530,10.469,14.956,0,0,1564208,718340,174304,5461960,19821.481,15219.069,0,131.611,0,7.976,5391,5743,3.220,1.660,0.800,3,0,67.800,0,0,11,34,0,55,0
17-06 16:07:06,71.670,10.525,17.792,0.251,0,1673584,608916,174316,5461992,23933.885,19286.840,0,433.029,0,32.076,6701,8598,3.220,1.660,0.800,1,0,65.155,0,0,11,35,0,56,0
17-06 16:07:07,61.014,9.252,29.007,0,0,1513292,769128,174336,5462048,16418.778,12234.815,0,420.097,0,42.010,5067,4724,3.220,1.660,0.800,3,0,112.026,0,0,11,32,0,59,0
17-06 16:07:08,56.409,10.483,32.447,0.250,0,1551120,731252,174344,5462088,11409.534,8367.458,0,1222.022,0,16.973,5054,4265,3.220,1.660,0.800,5,0,80.869,0,0,11,33,0,59,0
17-06 16:07:09,51.348,9.017,39.325,0,0,1561180,721012,174344,5462264,21558.146,18428.172,0,160.306,0,10.019,5478,6048,3.220,1.660,0.800,3,0,96.184,0,0,11,34,0,59,0
17-06 16:07:10,56.342,9.972,33.157,0.249,0,1568368,713652,174348,5462428,17122.859,13982.687,0,147.585,0,6.980,4845,4727,3.210,1.690,0.810,4,0,85.759,0,0,11,33,0,61,0
17-06 16:07:11,53.583,8.764,37.308,0,0,1595364,686452,174348,5462628,15822.559,12586.536,0,356.553,0,20.031,4864,4672,3.210,1.690,0.810,5,0,85.132,0,0,11,34,0,62,0
17-06 16:07:12,32.871,3.984,62.256,0,0,1595348,686416,174356,5462672,19801.307,16651.665,0,298.828,0,22.910,6091,8142,3.210,1.690,0.810,3,0,0.996,0,0,11,33,0,63,0
17-06 16:07:13,39.814,10.767,48.327,0,0,1516196,765540,174372,5462680,5306.468,2391.817,0,264.422,0,24.038,3966,2818,3.210,1.690,0.810,3,0,136.217,0,0,11,32,0,57,0
17-06 16:07:14,36.248,4.500,58.247,0,0,1584528,697196,174372,5462692,14433.188,11549.351,0,95.995,0,8.000,3091,2216,3.210,1.690,0.810,2,0,1.000,0,0,11,34,0,57,0
17-06 16:07:15,36.388,8.783,53.954,0.251,0,1532196,749320,174372,5462896,13538.272,9015.142,0,678.570,0,50.190,6119,7296,3.190,1.710,0.830,4,0,138.525,0,0,11,32,0,59,0
17-06 16:07:16,39.872,4.984,54.823,0,0,1622704,658796,174376,5462908,11604.620,8242.450,0,139.550,0,11.961,2971,2232,3.190,1.710,0.830,2,0,0,0,0,11,34,0,59,0
17-06 16:07:17,32.811,6.763,60.112,0,0,1567132,714312,174396,5462940,15111.209,11611.676,0,737.376,0,59.110,4704,5658,3.190,1.710,0.830,2,0,60.112,0,0,11,33,0,59,0
17-06 16:07:18,43.009,5.251,51.010,0,0,1581792,699648,174400,5462940,7511.522,3730.756,0,28.006,0,3.001,2867,1694,3.190,1.710,0.830,2,0,5.001,0,0,11,33,0,60,0
17-06 16:07:19,35.724,3.997,59.208,0,0,1580616,700788,174400,5462976,21265.813,17034.835,0,3.997,0,0.999,5169,6011,3.190,1.710,0.830,2,0,0,0,0,11,33,0,61,0
17-06 16:07:20,37.944,8.238,52.672,0.250,0,1488376,792980,174420,5463004,10085.028,6169.841,0,279.585,0,25.961,4527,4293,3.090,1.710,0.830,4,0,47.929,0,0,11,32,0,62,0
17-06 16:07:21,35.484,4.498,59.723,0,0,1549492,731716,174420,5463148,14296.639,10699.240,0,3150.598,0,169.924,2980,2385,3.090,1.710,0.830,3,0,0,0,0,11,34,0,61,0
17-06 16:07:22,29.861,8.281,60.475,0.251,0,1517720,763440,174428,5463188,18803.021,14820.189,0,658.452,0,51.191,6240,8036,3.090,1.710,0.830,2,0,145.542,0,0,11,32,0,63,0
17-06 16:07:23,22.668,7.971,68.252,0.249,0,1499540,781552,174436,5463244,4553.475,1614.142,0,179.349,0,11.957,2883,2319,3.090,1.710,0.830,2,0,136.505,0,0,11,32,0,63,0
17-06 16:07:24,18.260,2.001,79.292,0,0,1509820,771260,174436,5463256,11804.203,8469.451,0,556.292,0,8.004,2720,2922,3.090,1.710,0.830,2,0,1.001,0,0,11,33,0,63,0
17-06 16:07:25,12.038,10.784,75.490,0.251,0,1469216,811808,174468,5463276,8238.145,5435.249,0,244.777,0,28.089,4568,4384,2.850,1.680,0.830,1,0,255.812,0,0,11,32,0,57,0
17-06 16:07:26,21.488,4.498,73.710,0,0,1490592,790428,174468,5463280,5294.102,1619.114,0,0,0,0,1979,1322,2.850,1.680,0.830,3,0,28.984,0,0,11,32,0,57,0
17-06 16:07:27,15.464,2.744,81.064,0,0,1482960,798036,174472,5463300,13186.683,9919.195,0,251.422,0,14.966,2800,3162,2.850,1.680,0.830,2,0,0,0,0,11,33,0,57,0
17-06 16:07:28,19.986,5.246,73.948,0,0,1407928,873044,174472,5463308,6837.236,4115.133,0,3.997,0,0.999,2970,2656,2.850,1.680,0.830,2,0,45.968,0,0,11,32,0,58,0
17-06 16:07:29,18.253,2.750,78.512,0,0,1449036,831932,174472,5463312,9136.445,6491.026,0,12.002,0,2.000,1947,1656,2.850,1.680,0.830,2,0,0,0,0,11,33,0,56,0
17-06 16:07:30,16.259,2.501,79.795,0.250,0,1443596,837192,174484,5463476,12758.170,9738.473,0,564.317,0,39.022,4345,5777,2.700,1.670,0.830,2,0,0,0,0,11,33,0,56,0
17-06 16:07:31,12.784,17.296,68.933,0,0,1405808,874816,174496,5463628,4604.247,1928.129,0,268.715,0,53.141,5489,4594,2.700,1.670,0.830,1,0,387.029,0,0,11,32,0,56,0
17-06 16:07:32,35.254,13.252,50.506,0,0,1517960,762628,174520,5463644,3776.431,1566.179,0,2012.230,0,175.020,4343,3341,2.700,1.670,0.830,3,0,242.028,0,0,11,32,0,58,0
17-06 16:07:33,41.487,6.998,48.485,2.999,0,1582940,694320,174772,5466408,2659.182,539.834,0,6386.035,0,535.835,5267,6599,2.700,1.670,0.830,1,1,31.990,0,0,11,36,0,54,0
17-06 16:07:34,33.916,8.230,42.145,13.467,0,1547592,723624,175504,5471276,4147.706,1496.287,0,46249.220,0,3915.283,16661,30861,2.700,1.670,0.830,5,0,109.728,0,0,11,36,0,54,0
17-06 16:07:35,38.963,7.493,40.462,10.740,0,1550800,719516,175860,5471740,4555.692,1618.470,0,38135.941,0,3074.093,13678,24150,2.800,1.710,0.850,3,0,37.964,0,0,11,32,0,54,0
17-06 16:07:36,50.624,8.772,40.098,0.752,0,1469644,800660,175868,5471760,4907.038,1461.586,0,3572.765,0,192.472,4249,11657,2.800,1.710,0.850,3,0,42.103,0,0,11,32,0,55,0
17-06 16:07:37,39.047,7.008,43.802,8.260,0,1542984,726700,176164,5472080,5226.245,1621.938,0,13712.385,0,2068.472,12678,21997,2.800,1.710,0.850,1,1,1.001,0,0,11,34,0,49,0
17-06 16:07:38,31.632,8.219,55.544,2.740,0,1492960,776344,176340,5472276,4381.712,1452.600,0,10313.661,0,948.474,7053,10112,2.800,1.710,0.850,2,0,100.626,0,0,11,32,0,49,0
17-06 16:07:39,22.406,2.987,73.193,0.249,0,1560240,709036,176364,5472276,4646.528,1559.465,0,1605.273,0,78.670,1845,1719,2.800,1.710,0.850,2,0,0,0,0,11,32,0,49,0
17-06 16:07:40,23.093,4.016,72.542,0.753,0,1570600,698596,176444,5472276,3608.523,1138.583,0,6008.181,0,329.325,2313,2558,2.660,1.700,0.850,1,0,2.008,0,0,11,32,0,49,0
17-06 16:07:41,22.421,3.488,72.742,0,0,1518556,750620,176444,5472300,4413.364,1506.662,0,143.492,0,7.972,1866,1377,2.660,1.700,0.850,2,0,0.996,0,0,11,32,0,47,0
17-06 16:07:42,22.792,3.256,73.636,0,0,1545592,723584,176444,5472300,4133.656,1568.906,0,0,0,0,1797,1132,2.660,1.700,0.850,2,0,2.004,0,0,11,32,0,47,0
17-06 16:07:43,22.029,3.505,73.598,0,0,1493456,775708,176444,5472312,4085.450,1622.164,0,8.011,0,2.003,1864,1305,2.660,1.700,0.850,2,0,1.001,0,0,11,32,0,47,0
17-06 16:07:44,22.984,2.498,73.699,0,0,1533568,735596,176444,5472312,4616.776,1618.870,0,3.997,0,0.999,1839,1186,2.660,1.700,0.850,2,0,2.998,0,0,11,32,0,47,0
17-06 16:07:45,22.705,3.493,73.605,0,0,1528984,740100,176444,5472392,5030.080,1616.812,0,0,0,0,1823,1231,2.530,1.690,0.850,2,0,0.998,0,0,11,32,0,47,0
17-06 16:07:46,22.821,2.759,73.728,0,0,1560960,708124,176444,5472392,4771.773,1625.031,0,188.584,0,2.006,1853,1248,2.530,1.690,0.850,2,0,2.006,0,0,11,32,0,43,0
17-06 16:07:47,23.240,2.999,73.218,0.250,0,1512656,756324,176444,5472488,4078.230,1619.297,0,511.778,0,65.971,1923,1449,2.530,1.690,0.850,3,0,1.000,0,0,11,32,0,43,0
17-06 16:07:48,22.237,4.247,73.456,0,0,1505404,763540,176448,5472512,4617.224,1619.026,0,359.784,0,21.987,1935,1479,2.530,1.690,0.850,2,0,0.999,0,0,11,32,0,43,0
17-06 16:07:49,22.206,3.244,73.605,0,0,1507280,761664,176448,5472512,4491.129,1616.806,0,3.992,0,0.998,1833,1220,2.530,1.690,0.850,2,0,1.996,0,0,11,32,0,43,0
17-06 16:07:50,23.058,3.258,73.436,0,0,1487892,781032,176448,5472532,3867.782,1461.697,0,8.020,0,1.003,1783,1119,2.400,1.680,0.850,2,0,1.003,0,0,11,32,0,38,0
17-06 16:07:51,22.498,3.000,73.745,0,0,1513412,755512,176448,5472532,4068.723,1511.897,0,0,0,0,1787,1283,2.400,1.680,0.850,2,0,0,0,0,11,32,0,38,0
17-06 16:07:52,21.972,3.745,73.406,0,0,1486328,782552,176448,5472572,3940.980,1564.008,0,0,0,0,1859,1297,2.400,1.680,0.850,2,0,0.999,0,0,11,32,0,38,0
17-06 16:07:53,22.738,3.498,73.710,0,0,1511960,756920,176448,5472572,3989.820,1511.174,0,115.937,0,1.999,1808,1149,2.400,1.680,0.850,2,0,1.999,0,0,11,32,0,38,0
17-06 16:07:54,10.546,18.331,69.808,0,0,1472056,796652,176452,5472732,4264.803,1572.935,0,530.338,0,6.027,5557,4390,2.400,1.680,0.850,1,0,431.904,0,0,11,32,0,37,0
17-06 16:07:55,8.261,20.776,69.589,0,0,1455576,812956,176452,5472908,4587.842,1553.979,0,636.811,0,12.015,6060,4740,2.290,1.660,0.850,2,0,470.599,0,0,11,32,0,37,0
17-06 16:07:56,9.254,20.759,69.031,0,0.250,1441884,826576,176452,5472976,4879.168,1620.720,0,212.094,0,5.002,6074,4821,2.290,1.660,0.850,1,0,454.202,0,0,11,32,0,37,0
17-06 16:07:57,21.246,5.249,72.485,0.750,0,1503492,764932,176476,5472984,4207.144,1187.758,0,5914.797,0,355.928,2644,2868,2.290,1.660,0.850,1,0,15.997,0,0,11,32,0,37,0
17-06 16:07:58,23.122,2.735,73.592,0,0,1518536,749904,176476,5472968,4405.596,1342.563,0,381.885,0,26.851,1829,1235,2.290,1.660,0.850,2,0,1.989,0,0,11,32,0,33,0
17-06 16:07:59,22.288,3.756,73.376,0.250,0,1479820,788604,176476,5472984,4585.891,1460.513,0,48.083,0,4.007,1834,1282,2.290,1.660,0.850,2,0,1.002,0,0,11,32,0,33,0
17-06 16:08:00,22.212,3.744,73.374,0,0,1505180,763264,176476,5472964,4354.499,1509.400,0,31.945,0,2.995,1744,1110,2.190,1.650,0.850,2,0,1.997,0,0,11,32,0,33,0
17-06 16:08:01,22.018,3.753,73.810,0,0,1461484,806940,176476,5472984,5107.173,1567.281,0,4.003,0,1.001,1828,1335,2.190,1.650,0.850,3,0,1.001,0,0,11,32,0,33,0
17-06 16:08:02,22.773,3.003,73.575,0,0,1498756,769676,176476,5472976,5105.227,1621.660,0,1949.997,0,203.208,1815,1140,2.190,1.650,0.850,2,0,2.002,0,0,11,32,0,29,0
17-06 16:08:03,21.775,3.754,73.586,0,0,1529136,739284,176476,5472988,6667.767,1621.889,0,140.163,0,31.036,1914,1264,2.190,1.650,0.850,1,0,1.001,0,0,11,32,0,29,0
17-06 16:08:04,22.194,4.239,73.313,0,0,1553460,714980,176476,5472968,6284.009,1615.888,0,0,0,0,1857,1141,2.190,1.650,0.850,2,0,2.992,0,0,11,32,0,29,0
17-06 16:08:05,22.747,3.000,73.740,0,0,1547652,720764,176476,5472992,5551.250,1511.796,0,95.987,0,3.999,1841,1237,2.090,1.640,0.850,2,0,1.000,0,0,11,32,0,29,0
17-06 16:08:06,21.716,3.744,73.885,0,0,1582716,685712,176476,5472980,4809.483,1617.472,0,7.988,0,0.998,1821,1218,2.090,1.640,0.850,4,0,1.997,0,0,11,32,0,23,0
17-06 16:08:07,22.281,4.256,72.350,0,0,1496392,772012,176484,5473000,4926.796,1622.238,0,2223.067,0,24.033,2095,1669,2.090,1.640,0.850,2,0,1.001,0,0,11,32,0,23,0
17-06 16:08:08,22.020,3.753,74.069,0.250,0,1559992,708436,176488,5472972,4324.022,1621.508,0,568.529,0,57.053,1847,1251,2.090,1.640,0.850,2,0,2.002,0,0,11,32,0,23,0
17-06 16:08:09,22.980,3.247,73.437,0,0,1519052,749348,176488,5473000,4915.752,1618.601,0,27.976,0,0.999,1809,1136,2.090,1.640,0.850,2,0,0.999,0,0,11,32,0,23,0
17-06 16:08:10,23.226,3.247,73.425,0,0,1562576,705912,176488,5472912,4371.516,1564.395,0,0,0,0,1847,1154,2,1.630,0.850,5,0,1.998,0,0,11,32,0,16,0
17-06 16:08:11,22.514,3.252,73.797,0,0,1572288,696200,176488,5472912,4880.101,1621.030,0,92.058,0,2.001,1653,970,2,1.630,0.850,3,0,0,0,0,11,32,0,16,0
17-06 16:08:12,21.733,3.497,73.691,0,0,1527064,741336,176488,5473000,4256.618,1618.714,0,11.990,0,0.999,1832,1320,2,1.630,0.850,2,0,0.999,0,0,11,32,0,16,0
17-06 16:08:13,22.502,3.750,73.507,0,0,1498812,769588,176488,5473000,3932.384,1512.148,0,4.000,0,1.000,1825,1278,2,1.630,0.850,3,0,1.000,0,0,11,32,0,16,0
17-06 16:08:14,23.056,3.508,73.427,0,0,1532008,736412,176488,5472980,4436.691,1569.783,0,84.203,0,3.007,1848,1198,2,1.630,0.850,2,0,3.007,0,0,11,32,0,13,0
17-06 16:08:15,21.765,4.003,74.051,0,0,1509208,759192,176488,5473000,3994.735,1513.036,0,0,0,0,1789,1259,1.920,1.620,0.850,2,0,1.001,0,0,11,32,0,13,0
17-06 16:08:16,22.490,2.749,73.468,0,0,1499400,769000,176488,5473000,4740.952,1565.324,0,23.990,0,1.000,1748,1154,1.920,1.620,0.850,2,0,1.000,0,0,11,32,0,13,0
17-06 16:08:17,23.222,3.496,73.410,0,0,1539688,728724,176488,5472988,4572.425,1456.224,0,227.722,0,11.985,1973,1467,1.920,1.620,0.850,2,0,1.998,0,0,11,32,0,13,0
17-06 16:08:18,16.591,11.312,71.140,0,0,1490584,777752,176488,5473032,4737.996,1520.342,0,498.736,0,29.160,3824,2885,1.920,1.620,0.850,2,0,239.313,0,0,11,32,0,9,0
17-06 16:08:19,15.713,11.722,71.830,0,0,1523824,744492,176488,5473052,4387.606,1454.554,0,99.764,0,4.988,3715,2919,1.920,1.620,0.850,2,0,221.475,0,0,11,32,0,9,0
17-06 16:08:20,23.488,2.249,73.464,0,0,1518768,749536,176488,5473064,4423.829,1565.232,0,0,0,0,1730,1067,1.850,1.610,0.860,2,0,0,0,0,11,32,0,9,0
17-06 16:08:21,21.810,4.011,73.952,0,0,1494608,773448,176488,5473308,4169.406,1461.999,0,0,0,0,1884,1309,1.850,1.610,0.860,1,0,9.025,0,0,11,32,0,9,0
17-06 16:08:22,23.430,2.493,73.529,0,0,1489212,778844,176488,5473308,4641.063,1453.635,0,27.916,0,0.997,1717,1021,1.850,1.610,0.860,2,0,0,0,0,11,32,0,6,0
17-06 16:08:23,10.531,20.811,68.450,0,0,1415788,852100,176492,5473464,4290.563,1462.282,40.117,304.893,2.006,8.023,5851,4724,1.850,1.610,0.860,1,0,496.454,0,0,11,32,0,6,0
17-06 16:08:24,8.743,21.983,67.947,0,0,1418480,849372,176492,5473492,4818.263,1510.828,0,435.662,0,42.967,6576,5302,1.850,1.610,0.860,1,0,567.560,0,0,11,32,0,6,0
17-06 16:08:25,7.505,22.265,68.796,0,0,1415792,852016,176492,5473528,4623.122,1621.095,0,536.362,0,8.005,6210,4842,1.780,1.600,0.860,1,0,507.343,0,0,11,32,0,6,0
17-06 16:08:26,8.752,23.256,67.519,0,0,1405956,861820,176492,5473556,5298.465,1620.448,0,1320.365,0,15.004,6436,5212,1.780,1.600,0.860,1,0,574.159,0,0,11,32,0,6,0
17-06 16:08:27,7.995,21.736,68.705,0,0,1401396,866352,176492,5473580,4856.830,1618.943,0,1091.288,0,12.992,6200,4824,1.780,1.600,0.860,1,0,497.675,0,0,11,32,0,4,0
17-06 16:08:28,8.754,20.009,70.030,0,0,1405548,862164,176492,5473616,4561.941,1662.707,0,548.233,0,13.006,5984,4659,1.780,1.600,0.860,2,0,452.192,0,0,11,32,0,4,0
17-06 16:08:29,8.252,21.506,69.269,0,0,1388584,879064,176492,5473644,4787.314,1566.430,0,428.117,0,36.010,6066,4536,1.780,1.600,0.860,1,0,453.124,0,0,11,32,0,4,0
17-06 16:08:30,8.496,22.240,67.719,0,0,1381544,886068,176492,5473680,4198.099,1619.267,0,55.975,0,13.994,6305,4965,1.720,1.590,0.860,1,0,533.758,0,0,11,32,0,4,0
17-06 16:08:31,15.499,23.248,60.245,0.500,0,1390944,876624,176492,5473716,4696.608,1619.865,0,547.954,0,24.998,6618,5726,1.720,1.590,0.860,3,0,582.951,0,0,11,32,0,5,0
17-06 16:08:32,56.032,21.012,22.263,0,0,1567424,700084,176524,5473712,4142.390,1620.935,0,876.506,0,60.035,5235,4424,1.720,1.590,0.860,4,0,403.233,0,0,11,32,0,9,0
17-06 16:08:33,58.739,12.248,23.746,4.249,0.250,1702548,558532,176924,5479220,3917.300,1457.739,371.934,12637.740,2.999,1130.798,7795,11015,1.720,1.590,0.860,3,0,45.992,0,0,11,36,0,9,0
17-06 16:08:34,43.972,12.742,31.230,10.493,0,1675740,574340,177900,5488376,3683.619,1025.337,0,65097.923,0,4749.930,19180,36326,1.720,1.590,0.860,6,0,157.898,0,0,11,36,0,10,0
17-06 16:08:35,41.274,11.757,32.019,12.257,0,1732784,506864,178236,5498012,5130.011,2831.662,0,85230.019,0,6276.684,19981,41013,1.980,1.650,0.880,0,1,81.048,0,0,11,37,0,8,0
17-06 16:08:36,45.773,11.443,30.599,10.697,0,1746732,483680,178636,5506504,12114.030,8100.897,0,75116.141,0,5700.779,20496,46630,1.980,1.650,0.880,2,1,74.631,0,0,11,37,0,9,0
17-06 16:08:37,36.292,25.780,26.781,9.511,0,1672228,552120,179056,5512356,5487.317,2347.703,296.341,47118.240,4.005,3382.894,16333,28528,1.980,1.650,0.880,2,0,392.452,0,0,11,34,0,10,0
17-06 16:08:38,43.404,18.817,25.089,9.785,0,1707112,510460,179392,5518132,9703.356,6621.444,935.312,49066.727,15.053,3396.024,16442,30290,1.980,1.650,0.880,7,2,166.590,0,0,11,35,0,10,0
17-06 16:08:39,31.746,11.249,42.495,11.999,0,1688092,526196,179504,5521164,12604.439,8630.931,667.917,42386.749,11.999,3383.581,16672,30983,1.980,1.650,0.880,1,1,142.982,0,0,11,35,0,9,0
17-06 16:08:40,28.915,7.977,46.613,13.211,0,1648056,562024,179588,5525160,12227.106,8928.789,0,50172.713,0,4160.786,17462,33196,1.980,1.650,0.890,3,1,80.763,0,0,11,34,0,9,0
17-06 16:08:41,35.264,9.254,41.766,12.255,0,1672600,538340,179856,5524036,4564.766,1608.622,0,40999.861,0,3390.312,14420,26701,1.980,1.650,0.890,3,0,18.007,0,0,11,34,0,9,0
17-06 16:08:42,29.572,7.518,47.365,13.032,0,1674476,534372,180060,5525876,13590.010,10805.246,0,38393.257,0,3344.123,15802,29008,1.980,1.650,0.890,3,0,36.088,0,0,11,35,0,9,0
17-06 16:08:43,30.972,7.493,46.958,11.490,0,1666832,541372,180208,5526332,16250.352,11871.299,0,43528.762,0,3772.599,17540,33654,1.980,1.650,0.890,4,0,29.973,0,0,11,34,0,10,0
17-06 16:08:44,38.925,9.731,38.426,10.230,0,1613244,593284,180260,5527916,5734.969,1562.994,0,30389.548,0,2720.767,12725,23046,1.980,1.650,0.890,2,0,104.798,0,0,11,36,0,10,0
17-06 16:08:45,33.568,7.265,44.590,11.523,0,1638920,565420,180272,5530040,11270.717,7291.697,0,34593.727,0,3243.538,14800,27220,2.300,1.720,0.910,2,1,51.103,0,0,11,37,0,10,0
17-06 16:08:46,28.681,7.233,47.636,13.468,0,1636316,565420,180340,5532504,16954.324,11306.873,0,50115.764,0,4005.390,17750,34403,2.300,1.720,0.910,3,0,38.907,0,0,11,37,0,10,0
17-06 16:08:47,31.601,9.781,43.639,12.791,0,1568568,630052,180476,5535372,8505.122,5593.838,0,54084.472,0,4473.265,18403,34619,2.300,1.720,0.910,2,1,81.259,0,0,11,36,0,10,0
17-06 16:08:48,32.997,8.999,41.997,13.999,0,1632020,563336,180636,5538388,6174.520,3830.702,0,57639.518,0,4780.628,18567,35899,2.300,1.720,0.910,1,0,98.992,0,0,11,37,0,10,0
17-06 16:08:49,31.928,6.485,47.393,11.474,0,1631084,562140,180660,5540440,14974.149,11417.190,0,41474.241,0,3613.830,17136,32241,2.300,1.720,0.910,6,1,41.905,0,0,11,37,0,10,0
17-06 16:08:50,29.569,9.021,47.110,12.028,0,1576116,622908,180672,5534620,12782.855,9787.860,0,45658.637,0,4022.394,18189,35201,2.280,1.730,0.920,3,0,50.117,0,0,11,36,0,11,0
17-06 16:08:51,35.077,9.453,41.047,11.444,0,1613280,583836,180704,5536492,4315.703,1612.045,0,48042.923,0,3651.979,14009,26622,2.280,1.730,0.920,3,0,46.769,0,0,11,34,0,12,0
17-06 16:08:52,29.071,14.285,55.134,1.002,0,1503712,693340,180708,5536548,10265.897,7301.708,0,5737.916,0,330.802,5140,4972,2.280,1.730,0.920,2,0,212.515,0,0,11,33,0,12,0
17-06 16:08:53,19.725,5.493,73.407,0,0,1459248,737668,180708,5536684,7872.002,4674.064,0,1414.204,0,55.929,3102,3136,2.280,1.730,0.920,2,0,34.956,0,0,11,32,0,13,0
17-06 16:08:54,19.514,2.752,76.307,0.500,0,1519720,677188,180708,5536692,6373.726,3907.898,0,836.620,0,46.034,1882,1516,2.280,1.730,0.920,1,0,1.001,0,0,11,33,0,13,0
17-06 16:08:55,18.280,5.509,74.620,0.501,0,1477060,719656,180708,5536884,10060.243,6040.753,0,3265.272,0,195.315,3305,3587,2.180,1.720,0.920,3,0,36.058,0,0,11,32,0,14,0
17-06 16:08:56,20.528,6.509,73.099,0,0,1510760,685912,180708,5536928,5075.850,1568.116,0,40.054,0,4.005,2035,1380,2.180,1.720,0.920,2,0,24.032,0,0,11,32,0,14,0
17-06 16:08:57,18.132,3.229,76.750,0,0,1531216,665452,180708,5536932,9839.876,6627.808,0,0,0,0,1935,1528,2.180,1.720,0.920,2,0,0,0,0,11,33,0,14,0
17-06 16:08:58,18.864,5.030,75.204,0,0,1499224,697336,180708,5537040,8980.197,6100.819,0,148.899,0,3.018,3607,3844,2.180,1.720,0.920,3,0,43.261,0,0,11,32,0,15,0
17-06 16:08:59,21.618,4.970,72.558,0,0,1559616,636936,180708,5537048,3916.125,1073.455,0,310.109,0,9.939,1896,1393,2.180,1.720,0.920,4,0,0,0,0,11,32,0,15,0
17-06 16:09:00,18.044,2.757,78.441,0,0,1565760,630652,180708,5537188,11203.331,8555.873,0,400.978,0,24.059,2723,2867,2.080,1.710,0.920,2,0,0,0,0,11,33,0,15,0
17-06 16:09:01,16.001,8.751,73.255,1.000,0,1517640,678712,180708,5537248,9078.572,5487.346,0,5296.334,0,309.019,4511,5069,2.080,1.710,0.920,2,0,106.007,0,0,11,32,0,16,0
17-06 16:09:02,8.500,22.500,66.999,0,0,1508896,687332,180708,5537372,4771.953,1511.985,0,515.995,0,22.000,5673,3949,2.080,1.710,0.920,4,0,397.996,0,0,11,32,0,16,0
17-06 16:09:03,47.729,20.599,30.647,0.502,0,1534116,661912,180724,5537556,6075.198,1573.563,0,6318.366,0,225.082,5840,4752,2.080,1.710,0.920,4,0,295.420,0,0,11,32,0,22,0
17-06 16:09:04,63.214,12.493,23.986,0,0,1678752,515880,180780,5538896,6148.533,1511.148,0,859.515,0,86.951,4108,1901,2.080,1.710,0.920,4,0,2.998,0,0,11,32,0,22,0
17-06 16:09:05,65.499,9.750,23.749,0,0,1847532,342632,180932,5542884,5627.876,1565.965,0,6487.857,0,146.997,4088,1731,2.160,1.730,0.930,4,0,6.000,0,0,11,32,0,22,0
17-06 16:09:06,40.719,7.994,38.970,10.992,0,1853052,325600,181068,5553612,5352.872,1618.752,0,60405.415,0,4559.484,19168,35389,2.160,1.730,0.930,6,2,191.852,0,0,11,38,0,22,0
17-06 16:09:07,26.033,8.761,46.559,14.268,0,1846468,320308,181144,5564920,5226.591,1622.045,0,108789.185,0,7715.730,25989,52962,2.160,1.730,0.930,4,0,237.299,0,0,11,38,0,22,0
17-06 16:09:08,38.245,9.249,37.246,11.749,0,1844752,312748,181216,5573828,4651.439,1511.818,0,76954.719,0,6006.276,23513,45235,2.160,1.730,0.930,4,2,167.980,0,0,11,38,0,22,0
17-06 16:09:09,38.561,13.434,32.839,11.942,0,1741352,406528,181308,5583068,5134.872,1612.111,0,86452.936,0,6074.275,21641,42642,2.160,1.730,0.930,2,2,214.948,0,0,11,36,0,22,0
17-06 16:09:10,40.851,12.782,30.576,13.032,0,1801620,332748,181340,5596000,4631.441,1624.012,0,91614.305,0,6173.249,20134,41402,2.460,1.800,0.960,2,1,7.017,0,0,11,36,0,22,0
17-06 16:09:11,45.069,10.516,28.293,14.022,0,1845552,284112,181356,5600472,4403.760,1622.491,0,89216.950,0,6453.907,21390,43776,2.460,1.800,0.960,7,0,80.123,0,0,11,38,0,22,0
17-06 16:09:12,46.738,10.247,33.491,7.998,0,1669356,457948,181376,5602752,4258.880,1619.574,0,57452.888,0,4159.906,15599,29012,2.460,1.800,0.960,4,0,170.955,0,0,11,34,0,22,0
17-06 16:09:13,20.162,12.694,65.712,0,0,1561480,565704,181376,5602864,4480.344,1612.924,0,1270.426,0,73.677,3888,3062,2.460,1.800,0.960,2,0,218.043,0,0,11,32,0,22,0
17-06 16:09:14,23.079,3.971,72.214,0.744,0,1585976,541208,181376,5602864,4595.899,1608.068,0,4403.328,0,260.070,2379,2506,2.460,1.800,0.960,2,0,1.985,0,0,11,32,0,22,0
17-06 16:09:15,22.829,2.760,73.003,0,0,1615568,511616,181376,5602864,4080.155,1571.452,0,144.501,0,13.045,2104,1736,2.350,1.790,0.960,2,0,2.007,0,0,11,36,0,22,0
17-06 16:09:16,22.789,4.007,72.124,0,0,1544492,582684,181376,5602872,5097.754,1514.601,0,112.193,0,9.015,2413,1652,2.350,1.790,0.960,2,0,27.046,0,0,11,32,0,22,0
17-06 16:09:17,22.591,4.016,73.295,0,0,1537596,589580,181376,5602872,5106.541,1614.494,0,253.018,0,52.210,1847,1221,2.350,1.790,0.960,2,0,1.004,0,0,11,32,0,22,0
17-06 16:09:18,23.465,2.996,72.892,0,0,1579108,548064,181376,5602876,4585.217,1509.767,0,0,0,0,1795,1152,2.350,1.790,0.960,3,0,1.997,0,0,11,32,0,22,0
17-06 16:09:19,20.541,7.264,71.642,0,0,1526288,600856,181380,5602900,4887.699,1460.899,0,625.241,0,42.084,2813,2040,2.350,1.790,0.960,3,0,71.141,0,0,11,32,0,22,0
17-06 16:09:20,13.788,41.864,43.117,0,0,1511840,615240,181380,5602960,4452.115,1624.420,0,296.808,0,27.074,7998,7397,2.400,1.810,0.970,3,0,1066.903,0,0,11,32,0,22,0
17-06 16:09:21,8.240,23.223,67.171,0,0,1498124,628936,181380,5602976,4529.699,1456.296,0,143.832,0,12.985,5325,3657,2.400,1.810,0.970,2,0,379.556,0,0,11,32,0,22,0
17-06 16:09:22,8.000,22.249,68.247,0,0,1488808,638184,181380,5603044,3917.821,1457.933,0,19.999,0,5.000,5138,3320,2.400,1.810,0.970,2,0,300.986,0,0,11,32,0,22,0
17-06 16:09:23,7.514,21.039,69.880,0,0,1470632,656208,181380,5603196,4328.033,1623.012,0,240.446,0,53.099,5041,3473,2.400,1.810,0.970,2,0,268.498,0,0,11,32,0,22,0
17-06 16:09:24,8.475,21.687,67.055,0,0,1449624,677192,181380,5603216,3771.043,1238.402,0,27.919,0,6.980,5147,3411,2.400,1.810,0.970,2,0,271.212,0,0,11,32,0,22,0
17-06 16:09:25,15.796,19.808,63.184,0,0,1435580,691192,181380,5603580,3801.040,1191.461,0,20.058,0,5.015,5978,6628,2.290,1.790,0.970,2,0,250.728,0,0,11,32,0,22,0
17-06 16:09:26,36.612,13.449,49.564,0.249,0,1493084,633480,181392,5603784,4680.399,1452.538,0,155.416,0,1.993,3837,2751,2.290,1.790,0.970,3,0,130.509,0,0,11,33,0,22,0
17-06 16:09:27,45.307,5.507,49.062,0,0.250,1598724,527892,181392,5603808,4763.022,1622.051,0,0,0,0,2553,1098,2.290,1.790,0.970,4,0,0,0,0,11,33,0,22,0
17-06 16:09:28,49.034,5.504,45.031,0,0,1650524,475224,181440,5604624,4623.179,1621.115,0,2501.720,0,285.196,4188,3381,2.290,1.790,0.970,5,0,19.013,0,0,11,49,0,22,0
17-06 16:09:29,27.500,13.250,57.250,0.500,0,1677620,444484,181460,5607876,4485.998,1565.999,0,1020.000,0,74.000,5196,8268,2.290,1.790,0.970,1,0,133.000,0,0,11,48,0,23,0
17-06 16:09:30,12.010,20.017,66.555,0,0,1685836,436184,181464,5608328,4383.614,1621.337,0,1040.858,0,13.011,5621,5265,2.260,1.800,0.980,2,0,269.222,0,0,11,48,0,23,0
17-06 16:09:31,12.193,8.212,77.887,0,0,1691916,430084,181464,5607904,4376.613,1612.489,0,131.388,0,13.935,3241,4734,2.260,1.800,0.980,1,0,88.587,0,0,11,48,0,23,0
17-06 16:09:32,0.746,0.995,97.241,0,0,1691912,430084,181464,5607908,4058.767,1611.569,0,35.813,0,3.979,743,950,2.260,1.800,0.980,1,0,2.984,0,0,11,48,0,17,0
17-06 16:09:33,1.258,0.503,97.402,0,0,1691912,430084,181464,5607908,3898.074,1522.182,0,0,0,0,803,971,2.260,1.800,0.980,1,0,3.020,0,0,11,48,0,17,0
17-06 16:09:34,1.001,1.251,97.605,0,0,1691912,430084,181464,5607908,4084.392,1621.744,0,1537.653,0,15.016,794,1033,2.260,1.800,0.980,1,0,2.002,0,0,11,48,0,17,0
17-06 16:09:35,3.009,3.260,92.534,0,0,1653504,468504,181464,5607900,4092.548,1624.982,0,0,0,0,1577,1616,2.160,1.780,0.980,3,0,35.108,0,0,11,48,0,17,0
17-06 16:09:36,22.120,19.138,57.661,0,0,1680028,441892,181464,5607972,4967.802,1610.534,0,0,0,0,5668,16685,2.160,1.780,0.980,3,0,282.341,0,0,11,48,0,16,0
17-06 16:09:37,16.092,18.857,62.104,1.006,0,1699720,414356,181568,5615520,5000.473,1850.537,7233.186,543.092,127.727,32.183,6244,6351,2.160,1.780,0.980,4,0,309.764,0,0,12,48,1,16,0
17-06 16:09:38,27.383,18.671,52.526,0.249,0,1716556,397408,181568,5615992,4881.217,1870.038,0,322.626,0,28.877,6469,8181,2.160,1.780,0.980,2,0,280.804,0,0,12,64,1,16,0
17-06 16:09:39,9.258,10.759,78.067,0.250,0,1705940,408056,181568,5615548,4716.057,1629.402,0,2257.942,0,133.115,3664,3776,2.160,1.780,0.980,1,0,187.161,0,0,12,64,1,16,0
17-06 16:09:40,10.232,16.221,72.369,0,0,1714896,399060,181568,5615920,4537.804,1637.043,0,67.877,0,6.987,4922,4853,2.150,1.790,0.980,3,0,203.632,0,0,14,64,1,15,0
17-06 16:09:41,17.015,15.013,66.059,0.500,0,1694196,419612,181568,5615724,4132.692,1587.418,0,7446.653,0,344.308,5604,7246,2.150,1.790,0.980,2,0,178.159,0,0,14,66,1,15,0
17-06 16:09:42,7.527,21.827,68.744,0,0,1701756,412016,181568,5615752,4261.099,1772.280,0,2147.610,0,93.331,5199,3737,2.150,1.790,0.980,2,0,271.964,0,0,14,66,1,15,0
17-06 16:09:43,8.992,21.731,67.690,0,0,1666060,447548,181568,5615916,4228.246,1552.621,0,99.911,0,10.990,5280,3717,2.150,1.790,0.980,1,0,298.735,0,0,14,66,1,15,0
17-06 16:09:44,18.505,16.255,64.018,0,0,1672060,441512,181568,5615928,5087.445,1640.466,0,5209.480,0,370.105,5642,7149,2.150,1.790,0.980,1,0,187.053,0,0,14,66,1,14,0
17-06 16:09:45,26.949,25.701,45.913,0,0.250,1741460,372056,181576,5615948,5182.208,1509.148,0,119.774,0,4.991,5826,4155,2.140,1.790,0.990,4,0,357.325,0,0,14,66,1,14,0
17-06 16:09:46,28.567,25.560,44.605,0,0.251,1798756,314588,181616,5616044,5596.175,1569.695,0,296.699,0,8.019,6030,4349,2.140,1.790,0.990,2,0,434.022,0,0,14,66,1,14,0
17-06 16:09:47,29.638,24.906,44.332,0,0,1890656,221188,181656,5617432,4265.819,1237.307,0,15.940,0,3.985,7083,7053,2.140,1.790,0.990,2,0,402.473,0,0,14,70,1,16,0
17-06 16:09:48,30.683,24.945,42.656,0.249,0,1922020,189740,181656,5617828,3807.640,1456.801,0,534.826,0,9.978,6472,6119,2.140,1.790,0.990,3,0,384.157,0,0,14,70,1,16,0
17-06 16:09:49,41.535,20.138,38.263,0,0,1977956,133552,181660,5618128,5000.368,1576.838,0,8.055,0,2.014,5401,5566,2.140,1.790,0.990,3,0,244.682,0,0,14,70,1,16,0
17-06 16:09:50,51.239,27.244,20.495,0.500,0,2061168,187260,171756,5494012,4904.900,1565.649,247.944,5998.655,12.997,396.911,6115,4871,2.210,1.810,1,6,0,421.905,0,0,14,70,1,16,0
17-06 16:09:51,62.991,21.997,14.498,0,0,2155156,155904,171228,5432912,4576.380,1619.781,263.964,0,39.995,0,6152,8474,2.210,1.810,1,6,0,299.959,0,0,14,70,1,16,0
17-06 16:09:52,67.593,29.182,2.494,0.998,0,2281796,206144,172428,5259316,4296.016,1562.369,3643.532,1165.292,190.557,66.845,5883,6870,2.210,1.810,1,5,0,476.892,0,0,14,74,1,16,0
17-06 16:09:53,68.181,25.067,4.512,2.005,0,2436908,170788,171548,5142596,4331.523,1624.321,104.277,21858.151,10.027,1153.068,10148,17069,2.210,1.810,1,6,0,274.731,0,0,14,74,1,14,0
17-06 16:09:54,64.744,26.997,5.250,1.750,0,2540640,136060,171564,5075764,4379.588,1619.848,611.942,20590.064,14.999,1886.823,13779,23951,2.210,1.810,1,4,0,394.963,0,0,14,76,1,14,0
17-06 16:09:55,73.430,23.149,2.489,0,0,2613700,190192,171652,4950840,4066.279,1706.563,764.668,1497.474,25.887,56.753,9948,13997,2.670,1.910,1.040,7,0,235.972,0,0,14,83,1,22,0
17-06 16:09:56,62.989,26.245,9.998,0.250,0,2733240,158668,171664,4864532,4816.167,1619.720,39.993,1227.788,9.998,77.987,7957,10127,2.670,1.910,1.040,4,0,521.910,0,0,14,91,1,26,0
17-06 16:09:57,39.896,27.428,31.917,0,0,2776568,183288,171664,4798172,4967.040,1689.591,0,849.783,0,48.872,7637,10722,2.670,1.910,1.040,9,0,410.928,0,0,14,89,1,26,0
17-06 16:09:58,49.542,16.095,33.447,0.503,0,2847064,181316,171668,4731328,4753.988,1665.807,3130.430,861.069,34.201,41.243,5257,7208,2.670,1.910,1.040,4,0,198.167,0,0,14,92,1,26,0
17-06 16:09:59,51.376,9.976,37.161,0.249,0,2979132,187268,171672,4596924,4846.338,1508.370,0,3715.060,0,182.561,4617,6855,2.670,1.910,1.040,3,0,8.978,0,0,14,94,1,29,0
17-06 16:10:00,19.507,15.505,63.272,0.500,0,3008372,157240,171692,4597660,4277.478,1350.467,72.025,1480.511,10.003,96.033,5200,4748,2.540,1.900,1.040,2,0,214.074,0,0,14,97,1,29,0
17-06 16:10:01,8.524,19.805,70.445,0.251,0,3017312,148172,171692,4597792,5065.012,1191.296,4.011,136.377,1.003,13.036,5203,3799,2.540,1.900,1.040,2,0,280.777,0,0,14,97,1,28,0
17-06 16:10:02,8.251,19.503,70.760,0,0,3024296,141168,171692,4597812,5892.804,1566.214,0,44.006,0,5.001,4910,3337,2.540,1.900,1.040,2,0,260.035,0,0,14,97,1,28,0
17-06 16:10:03,9.962,18.180,70.229,0,0,3038176,127268,171692,4597832,5530.695,1506.198,0,0,0,0,4606,3149,2.540,1.900,1.040,2,0,238.083,0,0,14,97,1,28,0
17-06 16:10:04,21.500,4.250,73.501,0,0,3106996,124360,171692,4533004,6221.087,2199.031,4.000,56.001,1.000,1.000,1890,1203,2.540,1.900,1.040,1,0,1.000,0,0,14,98,1,28,0
17-06 16:10:05,20.009,3.251,75.532,0,0,3109164,122128,171696,4533064,11539.904,7257.084,44.019,348.148,5.002,26.011,2728,2737,2.410,1.880,1.040,2,0,1.000,0,0,14,102,1,21,0
17-06 16:10:06,20.816,7.022,71.729,0.251,0.251,3053228,178064,171696,4533064,22104.477,18409.697,0,2271.242,0,22.070,2658,1879,2.410,1.880,1.040,2,0,64.205,0,0,14,103,1,22,0
17-06 16:10:07,21.687,2.991,74.533,0,0,3107404,123864,171696,4533088,7310.737,3991.391,3.988,107.687,0.997,15.954,2004,1448,2.410,1.880,1.040,2,0,1.994,0,0,14,108,1,22,0
17-06 16:10:08,21.000,4.000,73.752,0,0,3113116,185388,171712,4467556,8483.196,5639.130,0,628.015,0,49.001,2881,2969,2.410,1.880,1.040,2,0,1.000,0,0,14,112,1,22,0
17-06 16:10:09,37.286,8.508,52.050,1.501,0,3209548,155392,171712,4403276,4790.611,1567.509,180.173,1961.888,15.014,230.222,5915,7874,2.410,1.880,1.040,4,0,5.005,0,0,14,115,1,22,0
17-06 16:10:10,23.532,10.264,64.338,0.501,0,3133708,231132,171712,4403376,5286.224,2700.690,20.027,10995.024,2.003,693.948,5281,5441,2.220,1.850,1.030,1,0,114.156,0,0,14,118,1,24,0
17-06 16:10:11,24.687,3.740,70.570,0.249,0,3209056,155784,171712,4403376,4505.478,1615.868,0,514.684,0,36.906,2269,1840,2.220,1.850,1.030,2,0,1.995,0,0,14,120,1,24,0
17-06 16:10:12,18.771,2.753,77.836,0.250,0,3216856,147760,171712,4403600,10870.052,8023.897,64.071,756.839,4.004,46.051,2401,2266,2.220,1.850,1.030,2,0,0,0,0,14,121,1,24,0
17-06 16:10:13,19.738,3.748,74.203,0.750,0,3222876,141712,171712,4403628,6463.947,3675.696,15.990,1087.318,0.999,105.934,3973,5246,2.220,1.850,1.030,2,0,0,0,0,14,121,1,24,0
17-06 16:10:14,40.250,13.000,46.250,0.250,0,3237724,257180,171716,4276456,5584.034,2760.017,0,980.006,0,92.001,4642,4154,2.220,1.850,1.030,3,0,100.001,0,0,14,120,1,25,0
17-06 16:10:15,40.457,6.243,52.944,0,0,3341540,153292,171720,4276636,10101.383,7325.301,187.803,383.597,1.998,25.973,2744,1533,2.120,1.840,1.030,3,0,0,0,0,14,121,1,25,0
17-06 16:10:16,19.759,6.753,72.285,0,0,3304592,190212,171720,4276664,22670.837,19106.133,0,336.161,0,19.009,2593,1857,2.120,1.840,1.030,2,0,55.026,0,0,14,120,1,26,0
17-06 16:10:17,19.986,2.998,76.195,0,0,3350388,144412,171720,4276668,6430.388,3625.400,0,287.794,0,14.989,1738,1227,2.120,1.840,1.030,1,0,0,0,0,14,121,1,26,0
17-06 16:10:18,20.072,5.699,73.101,0.248,0,3302384,192396,171720,4276688,26385.883,22720.406,0,1363.898,0,77.314,2797,2168,2.120,1.840,1.030,1,0,50.551,0,0,14,120,1,27,0
17-06 16:10:19,33.280,6.506,59.304,0.250,0,3369044,125496,171720,4276928,5145.709,2180.996,12.011,296.271,3.003,23.021,3702,3679,2.120,1.840,1.030,0,0,8.007,0,0,14,123,1,28,0
17-06 16:10:20,17.397,3.278,77.405,0.504,0,3366988,127496,171720,4276984,12130.612,8700.597,0,839.098,0,102.870,3103,3833,2.030,1.820,1.030,2,0,0,0,0,14,122,1,28,1
17-06 16:10:21,20.254,8.001,70.763,0.500,0,3304284,190196,171720,4276988,4741.856,1578.285,0,6565.185,0,213.038,3228,3024,2.030,1.820,1.030,3,0,82.015,0,0,14,122,1,29,0
17-06 16:10:22,18.490,2.249,78.709,0,0,3344848,149624,171720,4276996,10432.577,7341.184,0,251.869,0,13.993,1765,1304,2.030,1.820,1.030,3,0,0,0,0,14,123,1,29,0
17-06 16:10:23,18.967,5.491,74.122,0.250,0,3354152,140300,171720,4277016,22725.740,19034.117,0,231.600,0,12.978,2550,1843,2.030,1.820,1.030,3,0,54.905,0,0,14,122,1,30,0
17-06 16:10:24,19.251,3.500,76.502,0.250,0,3400772,153704,171720,4218024,6768.198,3519.103,0,620.018,0,28.001,1891,1408,2.030,1.820,1.030,2,0,1.000,0,0,14,123,1,30,0
17-06 16:10:25,22.639,4.779,69.930,1.509,0,3393304,161132,171724,4218116,8559.652,5706.099,8.050,5332.803,2.012,456.810,5568,8404,2.510,1.930,1.070,1,0,1.006,0,0,14,124,1,30,0
17-06 16:10:26,23.987,4.747,68.713,0.750,0,3319540,234780,171724,4218248,6063.693,2870.434,19.989,3174.269,1.999,387.789,4870,6457,2.510,1.930,1.070,1,0,32.982,0,0,14,123,1,32,0
17-06 16:10:27,21.363,4.968,72.783,0.248,0,3346248,208072,171724,4218248,4264.655,1502.367,0,361.681,0,17.885,2095,1495,2.510,1.930,1.070,2,0,19.873,0,0,14,123,1,32,0
17-06 16:10:28,14.785,2.255,81.695,0.501,0,3363996,190180,171724,4218392,13319.766,11432.265,0,1443.442,0,81.194,2033,1919,2.510,1.930,1.070,1,0,0,0,0,14,124,1,32,0
17-06 16:10:29,25.240,3.998,68.971,0.500,0,3363940,190180,171724,4218448,5550.698,1836.239,15.993,1031.572,1.000,124.948,4318,5406,2.510,1.930,1.070,2,0,1.000,0,0,14,126,1,31,0
17-06 16:10:30,37.165,6.278,55.246,0.502,0,3317448,236552,171728,4218564,5024.360,2388.630,0,1096.881,0,114.510,6542,8220,2.550,1.940,1.080,2,0,19.085,0,0,14,129,1,32,0
17-06 16:10:31,21.174,5.480,71.990,0,0,3385580,168412,171728,4218572,4676.136,1560.373,0,318.850,0,21.921,2481,2178,2.550,1.940,1.080,2,0,59.784,0,0,14,129,1,32,0
17-06 16:10:32,14.739,2.498,81.941,0.250,0,3400148,153828,171728,4218588,11486.721,9959.821,0,311.775,0,18.986,1806,1615,2.550,1.940,1.080,1,0,0,0,0,14,130,1,32,0
17-06 16:10:33,18.504,11.002,68.264,0.500,0,3383620,170220,171824,4218636,6705.383,3015.622,92.019,1040.214,6.001,113.023,4763,4781,2.550,1.940,1.080,2,0,147.030,0,0,14,129,1,33,0
17-06 16:10:34,21.996,4.249,72.985,0,0,3402552,151320,171824,4218636,4439.107,1619.674,0,563.887,0,26.995,1871,1319,2.550,1.940,1.080,3,0,1.000,0,0,14,129,1,33,0
17-06 16:10:35,18.738,3.498,75.201,0.999,0,3404528,149316,171824,4218664,16502.177,13177.358,0,5964.089,0,335.780,4195,5910,2.420,1.930,1.080,2,0,0,0,0,14,130,1,33,0
17-06 16:10:36,27.405,9.303,61.598,0.503,0,3420104,133500,171824,4221408,4649.291,1574.906,32.182,4754.888,3.017,468.650,7411,13489,2.420,1.930,1.080,5,0,40.227,0,0,14,130,1,33,0
17-06 16:10:37,38.730,8.496,49.974,0.500,0,3425340,127560,171844,4219536,6224.797,3208.349,547.718,839.568,69.964,88.954,10279,20243,2.420,1.930,1.080,3,0,8.995,0,0,14,133,0,35,0
17-06 16:10:38,28.884,15.438,52.789,0.747,0,3361392,191256,171844,4219804,4902.370,2181.266,15.936,1207.166,0.996,117.529,7402,9666,2.420,1.930,1.080,2,0,284.859,0,0,14,133,0,34,0
17-06 16:10:39,19.277,3.755,76.608,0,0,3419416,133228,171844,4219808,7372.400,4212.943,0,332.469,0,18.025,1889,1363,2.420,1.930,1.080,2,0,0,0,0,14,134,0,34,0
17-06 16:10:40,20.018,8.258,70.564,0.250,0,3400900,151712,171844,4219824,9379.560,6581.006,0,1917.750,0,127.116,3823,3531,2.310,1.910,1.080,2,0,112.102,0,0,14,133,0,35,0
17-06 16:10:41,8.506,21.265,68.297,0.250,0,3378348,174216,171848,4219868,4068.807,1459.007,4.003,1581.091,1.001,231.159,5717,4292,2.310,1.910,1.080,2,0,307.212,0,0,14,133,0,35,0
17-06 16:10:42,11.707,21.422,65.262,0,0,3376580,175968,171848,4220336,4518.528,1494.552,0,39.855,0,9.964,5752,5582,2.310,1.910,1.080,3,0,280.976,0,0,14,133,0,35,0
17-06 16:10:43,24.114,18.086,56.517,0,0,3396972,155568,171848,4219888,4095.366,1643.773,0,156.741,0,6.029,5441,5967,2.310,1.910,1.080,4,0,231.093,0,0,14,133,0,35,0
17-06 16:10:44,30.259,23.507,45.014,0,0,3404468,148016,171848,4219952,5073.586,1512.473,20.006,224.070,2.001,21.007,6130,4771,2.310,1.910,1.080,3,0,402.126,0,0,14,133,0,35,0
17-06 16:10:45,33.996,18.248,46.995,0.250,0,3428596,123508,171860,4220676,4355.494,1187.862,63.993,443.948,4.000,27.997,7602,9333,2.290,1.910,1.080,3,0,325.962,0,0,14,139,0,35,0
17-06 16:10:46,49.890,23.947,25.444,0.249,0,3529520,208668,171856,4037592,5095.766,1347.030,103.771,79.824,6.985,3.991,7617,10255,2.290,1.910,1.080,8,0,446.017,0,0,16,139,0,35,0
17-06 16:10:47,57.056,25.525,16.266,0,0,3658768,121712,171860,3995940,4522.431,1459.430,24.024,856.840,3.003,57.056,7361,8755,2.290,1.910,1.080,4,0,456.447,0,0,16,147,0,35,0
17-06 16:10:48,54.828,21.030,22.532,0,0,3729504,150328,171864,3897760,4686.706,1712.450,16.023,616.883,3.004,21.030,9240,14148,2.290,1.910,1.080,2,0,337.483,0,0,16,163,0,35,0
17-06 16:10:49,34.090,24.634,41.306,0,0,3784000,146992,171868,3846940,4267.917,1451.171,71.663,294.614,0.995,9.953,14029,5655,2.290,1.910,1.080,2,0,557.377,0,0,16,163,0,35,0
17-06 16:10:50,23.015,22.265,52.535,0.250,0,3815512,170652,171868,3793476,3800.505,1458.962,16.011,476.314,4.003,39.026,6554,6716,2.180,1.900,1.080,4,0,326.215,0,0,17,163,0,33,0
17-06 16:10:51,23.846,17.068,57.732,0,0,3844640,141516,171868,3793032,4173.743,1696.807,0,526.111,0,19.077,5790,6531,2.180,1.900,1.080,5,0,232.934,0,0,17,163,0,33,0
17-06 16:10:52,29.000,26.250,44.250,0.250,0,3903516,137824,171868,3739320,3857.984,1457.994,4.000,2643.989,1.000,33.000,6389,5340,2.180,1.900,1.080,4,0,416.998,0,0,17,163,0,33,0
17-06 16:10:53,33.740,16.745,47.986,0,0,3929696,139504,171876,3712056,4106.803,1619.528,0,75.978,0,2.999,5912,7542,2.180,1.900,1.080,3,0,237.931,0,0,17,169,0,33,0
17-06 16:10:54,37.857,27.894,33.125,0,0,4043432,130932,171884,3609304,4363.489,1613.893,51.804,171.352,3.985,9.962,8265,12415,2.180,1.900,1.080,7,0,594.749,0,0,17,173,0,33,0
17-06 16:10:55,36.613,27.836,33.604,0.502,0,4139936,133816,171884,3512068,5001.463,1719.316,32.099,1267.920,8.025,92.285,9511,14873,2.330,1.930,1.100,5,1,491.520,0,0,17,187,0,33,0
17-06 16:10:56,10.475,21.199,66.588,0,0,4134672,160568,171884,3491364,4464.168,1454.471,7.981,407.012,1.995,31.923,5408,4190,2.330,1.930,1.100,2,0,264.359,0,0,17,187,0,33,0
17-06 16:10:57,12.949,21.914,63.502,0,0,4142804,152344,171884,3491776,5199.664,1613.689,35.860,1139.543,1.992,113.556,6222,6021,2.330,1.930,1.100,2,0,277.913,0,0,17,187,0,33,0
17-06 16:10:58,33.876,18.318,45.670,0.502,0,4176460,160468,171884,3450160,4938.358,1716.381,337.254,505.881,5.019,38.142,5716,6178,2.330,1.930,1.100,3,0,198.739,0,0,17,203,0,19,0
17-06 16:10:59,42.610,10.778,46.119,0.251,0,4308600,151192,171884,3329440,4571.829,1624.202,733.899,228.591,10.026,15.039,3029,1522,2.330,1.930,1.100,3,0,1.003,0,0,17,203,0,19,0
17-06 16:11:00,39.217,9.432,50.138,0,0,4405300,158104,171884,3228444,4586.911,1608.397,63.542,321.679,5.957,26.807,3411,2533,2.300,1.930,1.100,4,0,8.936,0,0,17,206,0,19,0
17-06 16:11:01,29.473,8.817,59.954,0.252,0,4297536,265780,171892,3228524,5095.568,1632.355,28.214,403.051,4.031,33.252,3681,2969,2.300,1.930,1.100,2,0,113.862,0,0,17,207,0,19,0
17-06 16:11:02,36.413,29.229,33.440,0.248,0,4413964,147756,171912,3230100,5350.430,1605.129,1676.468,368.585,26.752,26.752,6574,6117,2.300,1.930,1.100,3,0,538.015,0,0,17,211,0,16,0
17-06 16:11:03,39.669,24.103,34.899,0.502,0,4423764,180408,171920,3189196,14034.751,9580.789,32.137,630.685,7.030,38.162,7125,8735,2.300,1.930,1.100,4,0,387.650,0,0,17,220,0,16,0
17-06 16:11:04,60.743,18.323,20.582,0,0,4462680,140180,171924,3190500,7015.096,2231.939,72.290,987.957,8.032,18.072,5758,7352,2.300,1.930,1.100,7,0,228.917,0,0,17,220,0,17,0
17-06 16:11:05,67.377,14.669,17.155,0,0,4595328,171376,171948,3031428,7770.984,3982.953,1957.166,509.181,50.719,26.851,4849,3662,2.520,1.990,1.120,4,0,20.884,0,0,17,227,0,17,0
17-06 16:11:06,63.351,11.313,20.363,4.776,0,4647156,142276,172024,3009712,12975.810,9348.738,6407.460,2497.823,482.671,138.768,6640,8211,2.520,1.990,1.120,3,0,28.156,0,0,17,229,0,20,0
17-06 16:11:07,37.764,27.010,33.763,0,0,4646872,153616,172028,2998908,5319.024,2455.935,32.012,28114.698,1.000,890.339,7402,7416,2.520,1.990,1.120,4,0,430.164,0,0,17,227,0,21,0
17-06 16:11:08,35.146,23.929,40.131,0,0,4672184,182504,172028,2947192,11741.326,9271.620,3.988,271.199,0.997,17.947,6845,8503,2.520,1.990,1.120,13,0,344.981,0,0,17,228,0,21,0
17-06 16:11:09,48.645,24.573,24.824,0.501,0,4656108,196200,172032,2949184,9341.756,4866.459,148.441,2752.177,11.033,160.477,6973,7886,2.520,1.990,1.120,3,0,371.103,0,0,17,227,0,22,0
17-06 16:11:10,56.847,25.569,17.129,0.248,0,4754924,153540,172044,2894064,5905.157,3399.909,1008.852,1080.345,41.704,68.515,6627,7345,2.640,2.020,1.140,4,0,376.333,0,0,17,232,0,20,0
17-06 16:11:11,53.166,23.937,21.670,0.756,0,4779452,190520,172052,2832940,14318.077,10745.109,540.229,1124.805,32.252,77.607,8580,12317,2.640,2.020,1.140,5,0,299.343,0,0,17,235,0,23,0
17-06 16:11:12,58.613,29.930,10.475,0,0,4848108,157988,172064,2798180,4034.557,1520.441,75.823,474.889,2.993,28.932,6109,7820,2.640,2.020,1.140,12,0,525.769,0,0,17,237,0,23,0
17-06 16:11:13,58.098,21.286,19.032,1.252,0.250,4898248,141728,172376,2764876,11511.500,9497.088,3982.747,2396.059,246.417,133.226,8573,10824,2.640,2.020,1.140,2,0,220.373,0,0,17,244,1,25,0
17-06 16:11:14,62.284,16.874,20.100,0.248,0,4963896,137832,172356,2704752,8520.252,4734.576,547.901,770.237,8.933,34.740,6462,14702,2.640,2.020,1.140,4,0,76.428,0,0,17,243,1,25,0
17-06 16:11:15,56.672,9.319,32.996,0.756,0,5060788,137656,172124,2610564,12578.756,10100.283,1176.771,298.223,71.533,14.105,4233,2893,2.670,2.040,1.150,3,0,5.038,0,0,17,248,1,28,0
17-06 16:11:16,55.322,9.719,33.891,0.498,0,5117048,129932,172116,2563352,16525.956,12182.896,1236.033,1036.673,32.894,97.686,6861,8023,2.670,2.040,1.150,3,0,14.952,0,0,17,252,1,31,0
17-06 16:11:17,52.676,23.579,21.572,0.502,0,5058812,184324,172244,2566968,5650.908,2482.306,4186.007,1411.724,65.218,78.262,7148,7297,2.670,2.040,1.150,7,0,304.017,0,0,17,255,1,32,0
17-06 16:11:18,44.410,27.195,27.943,0,0,5090536,152512,172248,2567040,12854.906,9660.391,1021.926,347.295,7.984,24.949,6559,5681,2.670,2.040,1.150,3,0,444.099,0,0,17,256,1,32,0
17-06 16:11:19,57.635,23.304,18.794,0.251,0,5065176,177820,172248,2567248,7956.587,4564.663,517.208,769.798,5.012,22.052,5562,7776,2.670,2.040,1.150,4,1,246.576,0,0,18,259,1,31,0
17-06 16:11:20,75.669,20.162,3.734,0.249,0,5191312,139820,172244,2482292,10193.427,7193.545,1342.131,1226.636,43.808,84.630,6353,6407,2.770,2.070,1.170,9,0,159.303,0,0,18,264,1,31,0
17-06 16:11:21,77.108,13.519,8.011,1.001,0,5189012,217224,172256,2410148,9849.741,6874.591,3096.320,2163.018,161.225,255.356,7045,7748,2.770,2.070,1.170,5,0,23.032,0,0,18,266,1,32,0
17-06 16:11:22,72.914,17.790,8.269,0,0,5303836,148608,172284,2365192,4271.620,1623.657,1210.727,1499.377,34.077,74.167,7673,8105,2.770,2.070,1.170,4,0,198.447,0,0,18,269,1,34,0
17-06 16:11:23,34.024,9.189,55.133,0.497,0.248,5342544,128580,172284,2347284,18725.407,13749.515,516.563,3317.924,5.960,55.630,3885,3189,2.770,2.070,1.170,2,0,31.788,0,0,18,271,1,32,0
17-06 16:11:24,41.807,10.014,47.064,0,0,5343940,141752,172284,2333656,19292.395,5838.989,773.058,424.581,7.010,28.038,4227,3188,2.770,2.070,1.170,3,0,13.018,0,0,18,274,1,33,1
17-06 16:11:25,38.182,11.053,49.486,0.251,0,5325864,143832,172284,2349604,17166991.489,302060.723,514.454,574.741,4.019,43.206,23542,12386,2.710,2.070,1.170,2,0,48.230,0,0,18,273,1,33,0
17-06 16:11:26,30.914,16.953,49.363,0.499,0,5289764,177428,172284,2352088,9828.722,6290.542,2281.668,857.620,25.928,81.773,5745,5396,2.710,2.070,1.170,3,0,221.386,0,0,18,276,1,34,0
17-06 16:11:27,40.170,7.236,51.896,0.250,0,5378072,129228,172284,2313440,11095.847,8667.695,0,2007.991,0,227.546,3202,2014,2.710,2.070,1.170,2,0,0,0,0,18,278,1,31,0
17-06 16:11:28,33.073,4.009,60.634,0.752,0,5381392,125692,172284,2313660,18338.377,14426.764,80.177,25283.669,5.011,1357.990,6117,6717,2.710,2.070,1.170,2,1,0,0,0,18,281,1,34,0
17-06 16:11:29,23.977,6.244,67.184,0.250,0,5371276,157592,172284,2292820,409834.313,16376084.371,351.657,387.622,18.981,33.967,4280,2536,2.710,2.070,1.170,2,0,5.994,0,0,18,280,1,35,0
17-06 16:11:30,38.442,6.030,53.014,0.754,0.251,5380536,137168,172296,2303956,11966140.386,187410.085,0,3083.368,0,189.947,17269,10564,2.650,2.070,1.180,3,0,1.005,0,0,18,286,1,35,0
17-06 16:11:31,23.366,13.672,59.908,0.497,0,5269636,243080,172296,2308928,5150340.246,115112.077,79.545,847.158,4.972,85.511,11615,9839,2.650,2.070,1.180,3,0,154.119,0,0,18,282,1,39,0
17-06 16:11:32,10.495,19.990,67.467,0.250,0,5293840,218628,172296,2309176,4363.883,1565.241,15.992,375.818,1.999,17.991,5461,4254,2.650,2.070,1.180,2,0,346.832,0,0,18,282,1,39,0
17-06 16:11:33,22.251,3.750,72.503,0.250,0,5360272,152196,172296,2309176,4292.180,1586.066,0,2680.112,0,61.003,2099,1666,2.650,2.070,1.180,2,0,0,0,0,18,282,1,39,0
17-06 16:11:34,13.813,15.320,70.322,0,0,5339120,173328,172296,2309196,4418.204,1464.698,4.018,176.809,1.005,17.078,4303,3100,2.650,2.070,1.180,3,0,175.804,0,0,18,282,1,39,0
17-06 16:11:35,11.220,19.698,66.823,0.249,0,5335680,176728,172296,2309236,4266.723,1523.972,0,16452.517,0,39.895,5344,4036,2.600,2.060,1.180,3,0,280.259,0,0,18,286,1,38,0
17-06 16:11:36,6.239,15.971,75.613,0,0,5313836,198532,172296,2309276,4716.478,1455.370,11.978,103.812,0.998,5.989,4039,3057,2.600,2.060,1.180,1,0,221.600,0,0,18,286,1,38,0
17-06 16:11:37,13.261,6.255,80.069,0,0.250,5313604,198600,172296,2309456,4924.252,1621.400,168.145,0,8.007,0,2743,7274,2.600,2.060,1.180,2,0,45.039,0,0,18,286,1,39,0
17-06 16:11:38,21.005,4.001,74.016,0,0,5374724,137472,172296,2309448,6710.465,3586.783,0,4.001,0,1.000,1934,1408,2.600,2.060,1.180,1,0,0,0,0,18,287,1,39,0
17-06 16:11:39,21.553,2.256,75.436,0,0,5346488,165628,172296,2309528,12773.448,8651.300,64.158,0,4.010,0,2403,1966,2.600,2.060,1.180,3,0,10.025,0,0,18,290,1,38,0
17-06 16:11:40,11.473,17.708,67.839,0.249,0,5321332,190688,172300,2309620,5147.814,1616.174,39.906,367.131,3.991,31.924,5145,4013,2.550,2.060,1.190,5,0,175.584,0,0,18,290,1,38,0
17-06 16:11:41,15.237,18.234,63.944,0.250,0,5313488,198404,172300,2309760,4822.754,1660.538,0,647.430,0,69.938,5457,4714,2.550,2.060,1.190,2,0,171.849,0,0,18,296,1,38,0
17-06 16:11:42,11.817,16.845,69.895,0,0,5295456,216292,172300,2309872,4543.682,1466.288,0,0,0,0,4813,3325,2.550,2.060,1.190,2,0,160.909,0,0,18,296,1,38,0
17-06 16:11:43,18.145,9.942,70.839,0.249,0,5296176,215508,172300,2309936,4712.652,1652.411,3.977,417.577,0.994,22.867,3238,2476,2.550,2.060,1.190,3,0,86.498,0,0,18,296,1,37,0
17-06 16:11:44,23.435,3.241,72.049,0.249,0,5361484,150200,172300,2309936,5025.998,1615.499,103.711,51.856,0.997,5.983,2075,1587,2.550,2.060,1.190,2,0,0.997,0,0,18,296,1,37,0
17-06 16:11:45,24.550,2.756,71.645,0.501,0,5390592,120800,172300,2310228,5350.794,1623.274,300.606,581.172,12.024,50.101,2537,2354,2.510,2.060,1.190,2,0,4.008,0,0,18,300,1,37,0
17-06 16:11:46,24.191,3.741,70.827,0,0,5300996,210228,172300,2310396,5294.078,1616.056,23.942,143.649,3.990,12.968,2378,1982,2.510,2.060,1.190,2,0,4.988,0,0,18,296,1,37,0
17-06 16:11:47,25.816,4.511,68.925,0,0,5356292,154932,172300,2310396,4469.349,1461.712,80.204,128.326,5.013,12.031,2397,1998,2.510,2.060,1.190,2,0,6.015,0,0,18,296,1,37,0
17-06 16:11:48,13.253,2.250,82.766,0,0,5367328,143672,172300,2310620,17340.440,14802.937,0,4.001,0,1.000,2166,2098,2.510,2.060,1.190,3,0,0,0,0,18,299,1,38,0
17-06 16:11:49,22.770,2.752,73.564,0.250,0,5315400,195588,172300,2310632,9419.147,6572.685,0,152.132,0,18.016,2454,2011,2.510,2.060,1.190,2,0,16.014,0,0,18,296,1,39,0
17-06 16:11:50,23.770,4.003,71.309,0,0,5328224,182736,172300,2310660,3699.050,1297.070,16.013,268.221,1.001,27.022,2318,2062,2.390,2.040,1.190,4,0,0,0,0,18,296,1,39,0
17-06 16:11:51,23.356,4.772,70.571,0.251,0,5321032,189792,172300,2310796,4101.664,1573.158,0,297.353,0,28.128,2749,2229,2.390,2.040,1.190,4,0,46.210,0,0,18,296,1,39,0
17-06 16:11:52,9.252,20.005,69.266,0,0,5294748,216032,172304,2310836,3992.914,1512.346,396.091,404.093,6.001,15.003,5279,3910,2.390,2.040,1.190,1,0,308.071,0,0,18,296,1,39,0
17-06 16:11:53,13.422,14.167,70.837,0,0,5317920,192732,172304,2310964,4253.189,1491.300,19.884,1041.922,1.988,16.901,4439,3378,2.390,2.040,1.190,3,0,227.672,0,0,18,296,1,39,0
17-06 16:11:54,19.776,4.005,76.350,0,0,5318196,192412,172332,2310980,10226.352,3607.710,4.005,156.204,1.001,7.009,2268,1782,2.390,2.040,1.190,4,0,34.044,0,0,18,297,1,39,0
17-06 16:11:55,22.752,3.750,72.006,0.500,0,5313548,190172,172912,2317160,6191.483,2618.204,0,1572.123,0,38.003,2445,2157,2.280,2.030,1.190,3,0,3.000,0,0,18,296,1,39,0
17-06 16:11:56,23.741,6.748,67.725,0.250,0,5332272,170040,172976,2318456,4773.261,1457.469,0,635.768,0,21.992,9638,17773,2.280,2.030,1.190,2,0,12.995,0,0,18,296,1,39,0
17-06 16:11:57,19.796,4.510,73.670,0,0,5318680,183312,173028,2318756,11377.290,4583.592,144.334,541.251,6.014,23.053,10791,19502,2.280,2.030,1.190,4,0,10.023,0,0,18,297,1,39,0
17-06 16:11:58,21.998,5.499,71.743,0.500,0,5301428,199000,173136,2320192,4351.574,1511.852,0,20957.946,0,614.940,2668,1916,2.280,2.030,1.190,2,0,10.999,0,0,18,297,1,39,0
17-06 16:11:59,10.020,18.538,69.391,0,0,5273808,233952,173152,2312840,4948.049,1797.651,4.008,729.482,1.002,21.043,4737,3553,2.280,2.030,1.190,5,0,241.490,0,0,18,296,1,39,0
17-06 16:12:00,22.830,5.211,70.228,0.248,0,5327876,179740,173152,2312984,4433.040,1608.044,31.764,424.841,0.993,31.764,2609,2374,2.170,2.010,1.190,9,0,27.793,0,0,18,296,1,39,0
17-06 16:12:01,22.821,3.762,72.474,0.251,0,5344424,162948,173152,2313228,10822.445,7421.936,0,329.017,0,31.096,2701,2758,2.170,2.010,1.190,2,0,3.009,0,0,18,299,1,39,0
17-06 16:12:02,18.985,9.742,69.444,0.250,0,5320512,186820,173152,2313268,10049.832,6234.933,15.987,243.802,0.999,20.983,3972,3435,2.170,2.010,1.190,3,0,117.904,0,0,18,298,1,42,0
17-06 16:12:03,21.760,5.002,72.283,0,0,5385644,121684,173152,2313272,5762.624,1620.738,0,144.066,0,9.004,2037,1553,2.170,2.010,1.190,2,0,0,0,0,18,298,1,42,0
17-06 16:12:04,18.331,3.264,77.092,0.251,0,5307768,217876,173152,2295116,14899.052,10422.205,12.053,76.338,1.004,6.027,2300,1878,2.170,2.010,1.190,2,0,6.027,0,0,18,298,1,43,0
17-06 16:12:05,20.382,7.705,71.087,0,0,5350276,175356,173152,2295128,6384.886,1610.638,3.977,99.422,0.994,9.942,2739,2193,2.080,1.990,1.180,3,0,64.624,0,0,18,298,1,43,0
17-06 16:12:06,17.541,3.007,78.182,0,0,5370660,154956,173152,2295144,13469.290,9760.675,0,56.130,0,6.014,2062,1780,2.080,1.990,1.180,2,0,0,0,0,18,299,1,43,0
17-06 16:12:07,20.706,6.985,72.098,0,0,5314860,210744,173152,2295156,9699.526,6550.174,0,63.865,0,5.987,2738,2051,2.080,1.990,1.180,2,0,55.882,0,0,18,298,1,44,0
17-06 16:12:08,19.115,2.767,76.962,0,0,5356368,169228,173152,2295164,9990.010,7214.336,0,12.073,0,3.018,1980,1611,2.080,1.990,1.180,2,0,0,0,0,18,299,1,38,0
17-06 16:12:09,20.616,5.216,73.770,0,0,5292552,233020,173152,2295188,7095.874,4639.839,11.922,0,0.994,0,2573,2035,2.080,1.990,1.180,2,0,31.793,0,0,18,298,1,41,0
17-06 16:12:10,22.982,2.748,72.943,0.250,0,5338704,186820,173156,2295232,5702.558,3421.335,31.975,307.760,0.999,32.974,2447,2394,1.990,1.970,1.180,7,0,0,0,0,18,299,1,41,0
17-06 16:12:11,16.263,2.502,79.062,0.500,0,5338688,186820,173156,2295248,13668.711,10539.259,0,588.461,0,68.053,2850,3442,1.990,1.970,1.180,2,0,0,0,0,18,298,1,43,0
17-06 16:12:12,21.510,6.253,70.784,0,0,5319520,205980,173156,2295256,4099.975,1458.703,0,208.100,0,16.008,2679,2047,1.990,1.970,1.180,2,0,47.023,0,0,18,298,1,39,0
17-06 16:12:13,19.766,3.253,76.060,0,0,5347720,177768,173156,2295268,12724.062,10295.141,0,748.592,0,45.036,2383,2103,1.990,1.970,1.180,2,0,0,0,0,18,301,1,40,0
17-06 16:12:14,22.559,5.514,71.435,0.251,0,5381736,143748,173156,2295272,5789.024,3071.973,0,68.177,0,8.021,2659,2068,1.990,1.970,1.180,3,0,33.086,0,0,18,298,1,42,0
17-06 16:12:15,18.676,2.241,77.445,0,0,5396164,129316,173156,2295276,9891.033,7324.146,0,0,0,0,1881,1558,1.830,1.940,1.180,2,0,0,0,0,18,299,1,42,0
17-06 16:12:16,15.305,4.767,79.035,0,0,5303740,221596,173156,2295420,10434.663,7059.480,0,305.101,0,32.116,2935,2937,1.830,1.940,1.180,1,0,47.170,0,0,18,298,1,35,0
17-06 16:12:17,6.743,9.490,81.666,1.249,0,5304224,219896,173696,2296096,10145.588,4414.470,1122.848,211.783,250.743,9.990,3354,3029,1.830,1.940,1.180,1,0,132.864,0,0,18,300,1,35,0
17-06 16:12:18,4.513,8.023,85.248,0.251,0,5296764,227312,173696,2296140,15022.781,2669.780,0,493.438,0,31.091,2840,2396,1.830,1.940,1.180,3,0,113.330,0,0,18,298,1,36,0
17-06 16:12:19,4.754,6.505,87.823,0.250,0.250,5282244,241816,173696,2296156,11081.197,4931.093,0,3911.246,0,436.362,2556,2433,1.830,1.940,1.180,2,0,74.061,0,0,18,298,1,37,0
17-06 16:12:20,15.207,12.964,69.804,0.249,0,5324984,198364,173700,2296864,4822.478,1615.470,275.228,610.289,16.952,35.899,4114,3484,1.770,1.930,1.180,2,0,150.578,0,0,18,298,1,34,0
17-06 16:12:21,23.178,3.738,72.027,0.498,0,5331568,180992,173812,2307412,5252.724,2180.244,11.963,1483.403,1.994,27.914,2466,2213,1.770,1.930,1.180,2,0,16.947,0,0,18,299,1,34,0
17-06 16:12:22,16.783,2.505,80.410,0.250,0,5325448,183524,173900,2310880,15163.084,5569.049,4.008,496.986,1.002,18.036,1897,1645,1.770,1.930,1.180,2,0,3.006,0,0,18,298,1,34,0
17-06 16:12:23,9.774,18.043,68.666,0.752,0,5303856,201808,174040,2314012,4571.018,1623.914,1451.499,3352.080,24.058,109.263,5831,5145,1.770,1.930,1.180,3,0,300.725,0,0,18,298,1,34,0
17-06 16:12:24,22.452,4.989,72.596,0,0,5365896,139760,174040,2314020,4710.023,1616.576,0,522.892,0,23.949,2234,1879,1.770,1.930,1.180,2,0,1.996,0,0,18,298,1,30,0
17-06 16:12:25,18.487,1.749,77.945,0.250,0,5378444,127196,174040,2314036,27897.305,24944.389,0,423.701,0,23.983,2321,2213,1.620,1.890,1.170,3,0,0,0,0,18,298,1,32,0
17-06 16:12:26,20.469,7.489,70.644,0.499,0,5339620,166004,174040,2314052,4699.974,1617.582,0,247.630,0,36.945,2914,2528,1.620,1.890,1.170,2,0,46.930,0,0,18,298,1,32,0
17-06 16:12:27,17.754,3.001,78.517,0,0,5367560,138060,174040,2314056,9986.140,7686.647,0,52.011,0,4.001,1952,1606,1.620,1.890,1.170,2,0,0,0,0,18,299,1,32,0
17-06 16:12:28,20.990,3.748,73.216,0,0,5316644,188500,174040,2314532,8195.197,4245.030,463.785,0,28.987,0,2578,2229,1.620,1.890,1.170,2,0,13.994,0,0,18,298,1,31,0
17-06 16:12:29,18.998,3.250,77.242,0,0,5359620,145520,174040,2314536,10504.892,7332.227,0,2935.690,0,123.987,2052,1660,1.620,1.890,1.170,2,0,0,0,0,18,299,1,31,0
17-06 16:12:30,24.704,4.492,68.122,1.497,0,5356120,146596,174040,2316964,6726.346,3690.058,2299.674,1632.928,92.825,189.643,5459,8002,1.490,1.860,1.160,5,0,0.998,0,0,18,298,1,32,0
17-06 16:12:31,23.563,4.512,71.692,0.501,0,5329116,173592,174040,2316972,3578.568,974.606,0,477.276,0,36.097,2429,2265,1.490,1.860,1.160,2,0,5.013,0,0,18,298,1,32,0
17-06 16:12:32,16.012,3.002,80.311,0,0,5347216,155488,174040,2316976,11708.859,9952.530,0,340.257,0,20.015,2124,1936,1.490,1.860,1.160,1,0,0,0,0,18,299,1,25,0
17-06 16:12:33,21.826,6.774,67.986,0.753,0,5305160,197152,174040,2317368,6899.983,3070.673,192.670,3074.687,9.031,456.587,5546,6895,1.490,1.860,1.160,2,0,33.115,0,0,18,298,1,26,0
17-06 16:12:34,9.011,23.528,66.578,0,0,5298140,204152,174040,2317388,4403.157,1459.710,0,704.825,0,34.040,5670,4122,1.490,1.860,1.160,4,0,363.426,0,0,18,298,1,26,0
17-06 16:12:35,7.994,23.482,65.199,0.749,0,5301720,200556,174040,2317404,4376.585,1618.737,0,2913.726,0,178.860,6318,5311,1.450,1.850,1.160,2,0,410.680,0,0,18,298,1,26,0
17-06 16:12:36,9.232,23.205,66.121,0.250,0,5295300,206956,174040,2317424,5015.209,1525.023,0,239.532,0,21.957,5994,4725,1.450,1.850,1.160,2,0,416.187,0,0,18,298,1,26,0
17-06 16:12:37,12.770,25.289,59.843,0,0,5277668,224564,174040,2317448,4687.297,1622.526,0,112.175,0,15.023,6582,10960,1.450,1.850,1.160,4,0,479.747,0,0,18,298,1,27,0
17-06 16:12:38,8.480,22.696,66.841,0,0,5276996,225216,174040,2317468,4626.965,1454.531,0,107.743,0,12.969,5678,4259,1.450,1.850,1.160,3,0,376.103,0,0,18,298,1,27,0
17-06 16:12:39,8.507,23.018,66.051,0,0,5275344,226848,174040,2317488,4581.545,1501.162,0,32.025,0,8.006,5819,4369,1.450,1.850,1.160,2,0,395.306,0,0,18,298,1,27,0
17-06 16:12:40,8.780,22.326,66.477,0,0,5272824,229344,174040,2317512,4635.797,1625.539,0,445.518,0,34.116,6016,4972,1.420,1.830,1.160,3,0,401.368,0,0,18,298,1,25,0
17-06 16:12:41,8.992,22.729,66.189,0,0,5273184,228960,174040,2317536,4484.857,1510.605,0,379.649,0,35.967,6026,5181,1.420,1.830,1.160,2,0,371.657,0,0,18,298,1,25,0
17-06 16:12:42,8.718,22.916,66.007,0.249,0,5281756,220368,174040,2317556,4349.995,1602.105,0,151.443,0,10.960,5675,4253,1.420,1.830,1.160,3,0,363.662,0,0,18,298,1,25,0
17-06 16:12:43,10.987,18.229,68.669,0.499,0,5297012,205060,174040,2317608,4075.221,1618.103,0,703.175,0,44.947,5193,4228,1.420,1.830,1.160,2,0,264.690,0,0,18,298,1,25,0
17-06 16:12:44,19.522,7.759,72.331,0,0,5313208,296696,174376,2221124,5045.650,1621.816,0,2338.619,0,10.011,2604,2058,1.420,1.830,1.160,2,0,44.049,0,0,18,298,1,25,0
17-06 16:12:45,21.500,2.250,75.251,0,0,5323372,283092,174432,2224500,9275.150,2892.047,16.000,0,3.000,0,2135,1675,1.380,1.820,1.160,2,0,16.000,0,0,18,299,1,25,0
17-06 16:12:46,11.966,1.994,84.009,0.748,0,5338232,267216,174464,2225476,21408.501,11358.371,833.605,1902.535,55.840,38.888,1789,1752,1.380,1.820,1.160,2,0,0,0,0,18,299,1,25,0
17-06 16:12:47,17.053,1.505,79.495,1.003,0,5345340,258688,174464,2226888,24543.594,14608.996,1011.114,1612.968,62.192,51.158,2074,1861,1.380,1.820,1.160,3,0,2.006,0,0,18,299,1,25,0
17-06 16:12:48,15.658,0.994,80.778,0.497,0,5351348,250876,174464,2228692,25510.899,15374.144,1527.075,1666.261,73.570,53.686,1911,1736,1.380,1.820,1.160,2,0,0,0,0,18,299,1,25,0
17-06 16:12:49,17.785,2.505,78.655,1.753,0,5353840,218872,174464,2258200,19919.371,11621.971,12612.930,1366.701,158.313,40.079,2088,1806,1.380,1.820,1.160,2,0,0,0,0,18,299,1,24,0
17-06 16:12:50,24.673,2.769,70.747,0.755,0,5355240,201760,174524,2273612,4048.440,1673.758,0,3258.894,0,273.924,2591,2291,1.430,1.820,1.160,6,0,1.007,0,0,18,299,1,24,0
17-06 16:12:51,25.664,2.741,70.762,0.498,0,5358424,182380,174720,2289380,3921.805,1494.970,0,1658.420,0,77.738,2606,2607,1.430,1.820,1.160,2,0,0,0,0,18,299,1,24,0
17-06 16:12:52,23.743,2.999,70.980,1.000,0,5364508,154168,174720,2311180,3968.882,1619.544,0,2655.252,0,121.966,2730,2750,1.430,1.820,1.160,1,1,0,0,0,18,299,1,24,0
17-06 16:12:53,23.747,3.000,72.490,1.250,0.250,5362852,139312,174928,2327196,3507.530,1457.805,0,2267.696,0,86.988,2544,2550,1.430,1.820,1.160,3,0,0,0,0,18,299,1,23,0
17-06 16:12:54,22.214,4.243,70.886,0.499,0,5346368,144308,175432,2337888,4193.249,1617.396,0,17372.030,0,173.720,2564,2330,1.430,1.820,1.160,3,0,0.998,0,0,18,299,1,23,0
17-06 16:12:55,23.260,4.502,71.780,0.750,0,5319916,186708,175556,2321748,4501.908,1632.692,0,1820.772,0,87.037,2668,2406,1.400,1.810,1.160,3,0,19.008,0,0,18,298,1,23,0
17-06 16:12:56,13.293,2.759,83.021,0.502,0,5333856,167560,175664,2326832,10923.607,3923.790,0,1320.304,0,32.105,2050,2096,1.400,1.810,1.160,2,0,17.056,0,0,18,298,1,23,1
17-06 16:12:57,23.912,4.982,69.246,0.249,0,5322640,177180,175700,2328356,3258.034,753.234,0,2395.203,0,124.543,10123,18818,1.400,1.810,1.160,2,0,7.971,0,0,18,298,1,23,0
17-06 16:12:58,22.302,5.764,69.413,0,0,5339400,159540,175716,2329204,4811.308,1623.816,0,2602.115,0,52.122,10959,19609,1.400,1.810,1.160,1,0,13.031,0,0,18,298,1,23,0
17-06 16:12:59,20.245,6.248,72.981,0.250,0,5325636,180712,175728,2321884,4696.793,1457.625,0,939.758,0,17.995,2326,1724,1.400,1.810,1.160,2,0,14.996,0,0,18,298,1,23,0
17-06 16:13:00,27.477,6.495,64.947,0,0,5339976,166352,175728,2321912,4574.243,1456.803,0,607.501,0,23.980,8232,13333,1.370,1.790,1.160,6,0,55.954,0,0,18,298,1,23,0
17-06 16:13:01,40.740,10.747,47.739,0,0,5388620,128844,175728,2310928,5393.721,2004.525,767.818,207.951,5.999,16.996,6821,9098,1.370,1.790,1.160,3,0,42.990,0,0,18,299,1,23,0
17-06 16:13:02,28.491,5.748,64.730,0.250,0,5371788,172060,175752,2284660,11804.434,4186.735,255.923,1111.664,1.999,30.991,2871,2044,1.370,1.790,1.160,2,0,5.998,0,0,18,298,1,23,0
17-06 16:13:03,24.521,7.256,66.556,0,0,5371884,170732,175752,2285860,6185.232,1621.371,16.014,1036.877,1.001,40.034,9719,17823,1.370,1.790,1.160,2,0,16.014,0,0,18,298,1,23,0
17-06 16:13:04,23.102,7.282,68.052,0,0,5374012,168472,175792,2285952,5502.411,1464.497,0,88.392,0,1.004,11297,19827,1.370,1.790,1.160,1,0,23.102,0,0,18,298,1,25,0
17-06 16:13:05,23.129,5.969,70.135,0.249,0,5321020,229092,175792,2278476,6386.725,1611.604,0,8670.825,0,501.388,2836,2365,1.340,1.780,1.160,5,0,22.881,0,0,18,298,1,21,0
17-06 16:13:06,21.462,6.239,71.625,0,0,5319248,230852,175792,2278488,5357.616,1617.168,0,255.552,0,10.981,3191,2699,1.340,1.780,1.160,2,0,93.836,0,0,18,298,1,21,0
17-06 16:13:07,23.128,3.017,72.904,0,0,5357388,181944,175804,2289228,4887.061,1629.020,0,1001.546,0,13.072,2203,1767,1.340,1.780,1.160,2,0,3.017,0,0,18,298,1,21,0
17-06 16:13:08,15.192,1.743,81.688,0.498,0,5351892,186888,175816,2289656,19513.548,8128.985,3.985,808.914,0.996,24.905,1789,1540,1.340,1.780,1.160,2,0,15.939,0,0,18,299,1,21,0
17-06 16:13:09,12.755,1.501,84.280,0.500,0,5361024,177188,175956,2290084,27711.918,16570.931,0,1848.662,0,57.020,1663,1680,1.340,1.780,1.160,2,0,0,0,0,18,299,1,17,0
17-06 16:13:10,6.996,2.249,88.954,0.250,0,5334788,203100,176060,2290288,145589.549,10590.512,0,1331.310,0,71.963,1802,2136,1.230,1.750,1.160,3,0,0,0,0,18,300,1,17,0
17-06 16:13:11,15.068,1.758,81.621,0.753,0,5348344,189216,176184,2290492,27852.595,11051.230,0,1522.922,0,69.315,2072,2329,1.230,1.750,1.160,4,0,0,0,0,18,300,1,17,0
17-06 16:13:12,16.439,0.747,81.695,0.498,0,5362536,174540,176320,2290832,27051.976,13198.710,0,1390.806,0,42.840,1692,1505,1.230,1.750,1.160,1,0,0,0,0,18,300,1,17,0
17-06 16:13:13,8.744,1.749,85.941,0.999,0,5360172,176052,176596,2291384,370440.641,22668.313,59.959,2893.997,4.997,132.908,2494,2756,1.230,1.750,1.160,1,0,0,0,0,18,300,1,15,0
17-06 16:13:14,12.008,1.251,84.554,1.251,0,5358640,176848,176884,2291820,91817.707,19110.219,104.067,2553.633,6.004,110.070,2095,2092,1.230,1.750,1.160,2,0,1.001,0,0,18,300,1,15,0
17-06 16:13:15,7.488,3.495,87.614,0.250,0,5351824,170972,176952,2304392,1497605.705,39898.025,0,11797.674,0,70.890,3340,2588,1.130,1.720,1.150,1,1,0.998,0,0,18,300,1,15,0
17-06 16:13:16,6.754,2.501,87.298,0.500,0,5344688,168456,177016,2313932,5817732.947,88789.020,0,5142.839,0,34.019,6122,3577,1.130,1.720,1.150,1,0,3.002,0,0,18,300,1,15,0
17-06 16:13:17,7.257,4.504,83.582,0.500,0,5353336,136968,177052,2336672,11207943.904,154114.983,164.162,11771.609,4.004,27.027,10332,4556,1.130,1.720,1.150,3,0,1.001,0,0,18,300,1,11,0
17-06 16:13:18,19.888,2.486,76.319,0.497,0,5346072,130360,177288,2350228,634786.272,10958.187,0,2056.400,0,65.630,2470,1879,1.130,1.720,1.150,2,0,0.994,0,0,18,300,1,11,0
17-06 16:13:19,23.713,4.793,70.382,0.757,0.252,5333220,141344,180552,2348936,4801.126,1471.215,0,4258.249,0,91.825,2539,2166,1.130,1.720,1.150,4,0,0,0,0,18,300,1,11,0
17-06 16:13:20,24.921,3.489,70.028,0.498,0,5340076,142916,181004,2339984,4816.727,1507.221,0,8887.818,0,90.712,2533,2078,1.120,1.710,1.150,3,0,0,0,0,18,300,1,11,0
17-06 16:13:21,23.915,4.484,70.000,1.246,0,5347552,141512,181756,2333488,5204.422,1634.167,0,3467.622,0,282.990,2925,2846,1.120,1.710,1.150,3,0,0,0,0,18,300,1,9,0
17-06 16:13:22,21.808,7.520,68.180,0.501,0,5339612,134040,182548,2347944,4616.193,1461.861,0,82521.978,0,452.194,3141,2711,1.120,1.710,1.150,2,0,0,0,0,18,300,1,9,0
17-06 16:13:23,25.668,2.990,69.776,0.249,0,5337548,149148,183216,2334472,4290.232,1453.336,0,1850.063,0,64.792,2507,2320,1.120,1.710,1.150,3,0,0,0,0,18,300,1,9,0
17-06 16:13:24,26.738,3.498,69.220,0.500,0,5338660,123348,184616,2357256,4564.023,1619.298,0,1839.203,0,30.987,2651,2302,1.120,1.710,1.150,2,0,1.000,0,0,18,300,1,9,0
17-06 16:13:25,26.821,4.261,67.430,1.003,0,5337628,146480,185524,2334548,4135.009,1536.090,0,2847.581,0,106.283,3054,3058,1.110,1.700,1.150,4,0,0,0,0,18,300,1,9,0
17-06 16:13:26,23.389,7.042,67.903,1.257,0,5317072,190520,186156,2309508,5292.395,1979.744,0,166044.993,0,1794.646,6132,7129,1.110,1.700,1.150,3,0,3.018,0,0,18,298,1,7,0
17-06 16:13:27,18.448,3.739,76.534,0,0,5328768,178936,186156,2309528,10556.228,4416.544,0,642.189,0,15.955,2207,1800,1.110,1.700,1.150,2,0,32.907,0,0,18,299,1,7,0
17-06 16:13:28,24.824,4.263,70.460,0.251,0,5319692,181124,186240,2315916,4675.910,1865.550,0,1813.395,0,29.087,2804,2601,1.110,1.700,1.150,1,0,8.024,0,0,18,300,1,7,0
17-06 16:13:29,21.660,6.722,69.710,0,0.249,5334408,165256,186260,2316920,4421.613,1613.291,0,2210.807,0,6.971,9265,17011,1.110,1.700,1.150,2,0,7.967,0,0,18,300,1,7,0
17-06 16:13:30,22.276,6.508,69.331,0,0,5331540,168060,186264,2316948,4805.622,1621.897,0,0,0,0,8331,16344,1.100,1.690,1.150,2,0,13.015,0,0,18,300,1,5,0
17-06 16:13:31,21.970,5.742,71.404,0.250,0,5291888,215424,186268,2309612,4870.429,1617.817,0,1310.232,0,44.939,2591,2327,1.100,1.690,1.150,2,0,7.989,0,0,18,300,1,5,0
17-06 16:13:32,22.476,4.495,72.173,0.250,0,5299028,205848,186268,2312048,4495.222,1660.235,247.737,1182.743,3.996,7.992,2234,1768,1.100,1.690,1.150,2,0,4.995,0,0,18,300,1,5,0
17-06 16:13:33,24.115,5.024,68.326,1.005,0,5301912,201816,186268,2313196,4117.630,1539.338,695.315,3259.539,28.134,213.015,5660,7581,1.100,1.690,1.150,2,0,0,0,0,18,303,1,10,0
17-06 16:13:34,24.507,7.252,64.270,2.251,0,5239704,263116,186268,2314104,3997.220,1296.396,624.191,6205.894,31.009,501.153,7162,10391,1.100,1.690,1.150,2,0,42.013,0,0,18,302,1,10,0
17-06 16:13:35,8.975,20.942,68.311,0.249,0,5251824,250876,186268,2314224,4336.021,1453.983,0,315.129,0,15.956,5575,4262,1.010,1.660,1.140,2,0,337.069,0,0,18,302,1,10,0
17-06 16:13:36,13.452,10.213,68.504,5.978,0,5260732,231936,186268,2324256,4560.591,1614.192,10083.719,1546.436,1091.074,58.788,4296,4669,1.010,1.660,1.140,2,0,75.728,0,0,18,302,1,12,0
17-06 16:13:37,13.290,7.773,64.944,12.036,0,5257172,202000,186268,2357752,4471.387,1462.378,33367.900,2888.648,2407.207,332.997,5704,11714,1.010,1.660,1.140,2,0,36.108,0,0,18,302,1,13,0
17-06 16:13:38,3.749,2.000,93.487,0,0,5259328,199984,186268,2357620,8414.807,3242.540,0,607.914,0,11.998,1277,1506,1.010,1.660,1.140,1,0,5.999,0,0,18,303,1,12,0
17-06 16:13:39,4.246,2.248,92.407,0,0,5234336,225184,186276,2357444,57989.762,128356.094,139.860,479.518,5.994,3.996,1492,1450,1.010,1.660,1.140,2,0,11.988,0,0,18,302,1,12,1
17-06 16:13:40,2.988,0.996,94.854,0.249,0,5234556,224960,186276,2357448,4576.869,1786.532,0,493.935,0,23.900,1166,1713,0.930,1.630,1.130,2,0,0,0,0,18,302,1,12,0
17-06 16:13:41,2.515,1.006,95.565,0.251,0,5234552,224960,186276,2357452,4984.464,1466.670,0,168.999,0,24.143,1485,2182,0.930,1.630,1.130,2,0,0,0,0,18,302,1,12,0
17-06 16:13:42,2.496,0.499,96.861,0,0,5232752,226760,186276,2357452,4733.183,1617.670,0,0,0,0,991,1332,0.930,1.630,1.130,1,0,0,0,0,18,302,1,12,0
17-06 16:13:43,1.251,0.751,97.078,0,0,5232752,226760,186276,2357452,4401.539,1501.207,0,0,0,0,991,1360,0.930,1.630,1.130,1,0,0,0,0,18,302,1,12,0
17-06 16:13:44,2.752,1.001,95.560,0.250,0,5232732,226760,186276,2357472,5523.444,1621.011,0,860.537,0,71.044,1426,2028,0.930,1.630,1.130,1,0,1.001,0,0,18,302,1,12,0
17-06 16:13:45,1.499,1.000,96.958,0,0,5232732,226760,186276,2357472,4807.899,1619.292,0,31.986,0,3.998,922,1249,0.860,1.600,1.130,1,0,0,0,0,18,302,1,12,0
17-06 16:13:46,1.500,1.000,96.984,0,0,5232732,226760,186276,2357472,4876.175,1619.726,0,0,0,0,940,1309,0.860,1.600,1.130,1,0,0,0,0,18,302,1,12,0
17-06 16:13:47,2.249,0.750,95.444,0,0,5232840,226520,186276,2357604,4317.456,1619.046,0,0,0,0,1131,1371,0.860,1.600,1.130,2,0,1.999,0,0,18,302,1,12,0
17-06 16:13:48,1.249,0.500,97.185,0,0,5232468,226892,186276,2357604,4480.984,1457.019,0,0,0,0,846,1207,0.860,1.600,1.130,1,0,0,0,0,18,302,1,12,0
17-06 16:13:49,1.251,0.500,97.567,0,0,5231528,227832,186276,2357604,5894.057,1695.167,0,0,0,0,932,1286,0.860,1.600,1.130,1,0,0,0,0,18,302,1,12,0
17-06 16:13:50,1.746,1.247,96.021,0,0,5231380,227980,186276,2357604,5397.151,1616.152,0,71.829,0,9.976,987,1364,0.790,1.580,1.120,3,0,0,0,0,18,302,1,12,0
17-06 16:13:51,2.253,1.001,96.122,0.501,0,5231260,228084,186276,2357620,6230.910,1622.059,0,380.483,0,39.050,1366,1972,0.790,1.580,1.120,2,0,0,0,0,18,302,1,12,0
17-06 16:13:52,1.998,5.245,92.415,0,0,5222732,236612,186276,2357620,5754.680,1618.504,0,55.948,0,6.994,1170,1302,0.790,1.580,1.120,2,0,0,0,0,18,302,1,12,0
17-06 16:13:53,1.752,0.500,97.339,0,0,5222956,236388,186276,2357620,5224.795,1621.488,0,912.838,0,182.167,1004,1258,0.790,1.580,1.120,1,0,0,0,0,18,302,1,12,0
17-06 16:13:54,1.251,0.750,96.792,0.250,0,5222956,236388,186276,2357620,4441.945,1620.710,16.007,356.156,1.000,30.013,1162,1730,0.790,1.580,1.120,1,0,1.000,0,0,18,302,1,12,0
17-06 16:13:55,2.495,0.749,95.572,0,0,5222940,236388,186276,2357636,4791.076,1616.988,0,83.844,0,11.978,1264,1729,0.720,1.550,1.110,1,0,0,0,0,18,302,1,12,0
17-06 16:13:56,2.253,1.001,96.110,0,0,5223128,236164,186276,2357672,4540.179,1459.665,0,88.100,0,13.015,1253,1656,0.720,1.550,1.110,1,0,0,0,0,18,302,1,12,0
17-06 16:13:57,1.502,3.756,94.138,0,0,5223536,235756,186276,2357672,4686.878,1622.381,0,83943.192,0,686.007,2113,2332,0.720,1.550,1.110,1,0,0,0,0,18,302,1,12,0
17-06 16:13:58,1.502,0.751,97.100,0.250,0,5223552,235788,186276,2357800,4162.280,1459.501,0,268.276,0,17.017,1059,1489,0.720,1.550,1.110,2,0,0,0,0,18,302,1,12,0
17-06 16:13:59,1.500,0.750,97.220,0,0,5223552,235788,186276,2357800,4628.577,1619.502,0,31.990,0,3.999,987,1280,0.720,1.550,1.110,1,0,0,0,0,18,302,1,12,0
17-06 16:14:00,3.748,2.749,92.453,0,0,5237644,221696,186276,2357800,4275.822,1457.258,0,0,0,0,1170,1312,0.750,1.540,1.110,3,0,1.999,0,0,18,302,1,12,0
17-06 16:14:01,19.708,7.484,72.346,0,0,5262192,197144,186276,2357804,5046.285,1658.479,766.373,267.432,5.987,22.951,2665,2238,0.750,1.540,1.110,2,0,6.985,0,0,18,302,1,12,0
17-06 16:14:02,9.250,3.500,86.247,0,0,5247072,212252,186276,2357816,5177.793,1457.942,255.990,167.993,2.000,6.000,1689,1559,0.750,1.540,1.110,2,0,3.000,0,0,18,302,1,12,0
17-06 16:14:03,1.001,0.751,97.127,0,0,5245104,214220,186276,2357816,6007.866,1622.124,0,0,0,0,922,1268,0.750,1.540,1.110,2,0,0,0,0,18,302,1,12,0
17-06 16:14:04,2.000,1.250,96.504,0.250,0,5243088,216228,186276,2357824,5958.251,1458.061,0,456.019,0,34.001,1293,1833,0.750,1.540,1.110,2,0,1.000,0,0,18,302,1,12,0
17-06 16:14:05,1.999,0.750,95.715,0,0,5241288,218028,186276,2357824,5757.883,1619.405,0,47.982,0,5.998,1183,1565,0.690,1.510,1.110,1,0,0,0,0,18,302,1,12,0
17-06 16:14:06,4.002,1.751,93.039,0,0,5234008,225288,186276,2357844,4897.028,1458.604,0,64.027,0,6.002,1503,1937,0.690,1.510,1.110,1,0,3.001,0,0,18,302,1,10,0
17-06 16:14:07,4.247,1.749,92.694,0,0,5232488,226672,186276,2357980,4797.093,1619.019,0,2506.481,0,14.991,1479,1692,0.690,1.510,1.110,1,0,1.999,0,0,18,302,1,12,0
17-06 16:14:08,2.748,0.999,94.943,0.500,0,5231304,227848,186276,2357988,4557.285,1619.035,0,335.800,0,15.990,1213,1662,0.690,1.510,1.110,1,0,0.999,0,0,18,302,1,12,0
17-06 16:14:09,1.753,1.252,97.149,0,0,5231116,228024,186276,2358000,4506.916,1622.490,0,1177.807,0,219.337,1050,1325,0.690,1.510,1.110,1,0,0,0,0,18,302,1,12,0
17-06 16:14:10,3.506,1.502,93.150,0.250,0,5235144,223992,186276,2358004,132146.806,945.523,12.019,368.594,1.002,32.052,1286,1745,0.630,1.490,1.100,2,0,3.005,0,0,18,302,1,12,0
17-06 16:14:11,13.489,3.997,80.685,0.250,0,5231092,227904,186276,2358144,282531.327,8675.009,119.903,319.742,4.996,24.980,2928,2813,0.630,1.490,1.100,1,0,30.975,0,0,18,302,1,12,0
17-06 16:14:12,12.755,6.502,79.780,0,0,5238760,218860,186280,2359516,284028.684,3661.375,80.030,108.041,2.001,2.001,2435,1891,0.630,1.490,1.100,3,0,33.012,0,0,18,302,1,12,0
