Apr 30 15:40:48 ubuntu devstack@keystone.service[67669]: ERROR keystone.server.flask.application 
Apr 30 15:40:48 ubuntu devstack@keystone.service[67669]: ERROR keystone.server.flask.application Traceback (most recent call last):
Apr 30 15:40:48 ubuntu devstack@keystone.service[67669]: ERROR keystone.server.flask.application   File "/opt/stack/data/venv/lib/python3.12/site-packages/flask_restful/__init__.py", line 295, in error_router
Apr 30 15:40:48 ubuntu devstack@keystone.service[67669]: ERROR keystone.server.flask.application     return self.handle_error(e)
Apr 30 15:40:48 ubuntu devstack@keystone.service[67669]: ERROR keystone.server.flask.application            ^^^^^^^^^^^^^^^^^^^^
Apr 30 15:40:48 ubuntu devstack@keystone.service[67669]: ERROR keystone.server.flask.application   File "/opt/stack/data/venv/lib/python3.12/site-packages/flask_restful/__init__.py", line 310, in handle_error
Apr 30 15:40:48 ubuntu devstack@keystone.service[67669]: ERROR keystone.server.flask.application     _handle_flask_propagate_exceptions_config(current_app, e)
Apr 30 15:40:48 ubuntu devstack@keystone.service[67669]: ERROR keystone.server.flask.application   File "/opt/stack/data/venv/lib/python3.12/site-packages/flask/app.py", line 917, in full_dispatch_request
Apr 30 15:40:48 ubuntu devstack@keystone.service[67669]: ERROR keystone.server.flask.application     rv = self.dispatch_request()
Apr 30 15:40:48 ubuntu devstack@keystone.service[67669]: ERROR keystone.server.flask.application          ^^^^^^^^^^^^^^^^^^^^^^^
Apr 30 15:40:48 ubuntu devstack@keystone.service[67669]: ERROR keystone.server.flask.application   File "/opt/stack/data/venv/lib/python3.12/site-packages/flask/app.py", line 902, in dispatch_request
Apr 30 15:40:48 ubuntu devstack@keystone.service[67669]: ERROR keystone.server.flask.application     return self.ensure_sync(self.view_functions[rule.endpoint])(**view_args)  # type: ignore[no-any-return]
Apr 30 15:40:48 ubuntu devstack@keystone.service[67669]: ERROR keystone.server.flask.application            ^^^^^^^^^^^^^^^^^^^^^^^^^^^^^^^^^^^^^^^^^^^^^^^^^^^^^^^^^^^^^^^^^
Apr 30 15:40:48 ubuntu devstack@keystone.service[67669]: ERROR keystone.server.flask.application   File "/opt/stack/data/venv/lib/python3.12/site-packages/flask_restful/__init__.py", line 489, in wrapper
Apr 30 15:40:48 ubuntu devstack@keystone.service[67669]: ERROR keystone.server.flask.application     resp = resource(*args, **kwargs)
Apr 30 15:40:48 ubuntu devstack@keystone.service[67669]: ERROR keystone.server.flask.application            ^^^^^^^^^^^^^^^^^^^^^^^^^
Apr 30 15:40:48 ubuntu devstack@keystone.service[67669]: ERROR keystone.server.flask.application   File "/opt/stack/data/venv/lib/python3.12/site-packages/flask/views.py", line 110, in view
Apr 30 15:40:48 ubuntu devstack@keystone.service[67669]: ERROR keystone.server.flask.application     return current_app.ensure_sync(self.dispatch_request)(**kwargs)  # type: ignore[no-any-return]
Apr 30 15:40:48 ubuntu devstack@keystone.service[67669]: ERROR keystone.server.flask.application            ^^^^^^^^^^^^^^^^^^^^^^^^^^^^^^^^^^^^^^^^^^^^^^^^^^^^^^^^
Apr 30 15:40:48 ubuntu devstack@keystone.service[67669]: ERROR keystone.server.flask.application   File "/opt/stack/data/venv/lib/python3.12/site-packages/flask_restful/__init__.py", line 604, in dispatch_request
Apr 30 15:40:48 ubuntu devstack@keystone.service[67669]: ERROR keystone.server.flask.application     resp = meth(*args, **kwargs)
Apr 30 15:40:48 ubuntu devstack@keystone.service[67669]: ERROR keystone.server.flask.application            ^^^^^^^^^^^^^^^^^^^^^
Apr 30 15:40:48 ubuntu devstack@keystone.service[67669]: ERROR keystone.server.flask.application   File "/opt/stack/keystone/keystone/api/validation/__init__.py", line 86, in wrapper
Apr 30 15:40:48 ubuntu devstack@keystone.service[67669]: ERROR keystone.server.flask.application     return func(*args, **kwargs)
Apr 30 15:40:48 ubuntu devstack@keystone.service[67669]: ERROR keystone.server.flask.application            ^^^^^^^^^^^^^^^^^^^^^
Apr 30 15:40:48 ubuntu devstack@keystone.service[67669]: ERROR keystone.server.flask.application   File "/opt/stack/keystone/keystone/api/validation/__init__.py", line 145, in wrapper
Apr 30 15:40:48 ubuntu devstack@keystone.service[67669]: ERROR keystone.server.flask.application     response = func(*args, **kwargs)
Apr 30 15:40:48 ubuntu devstack@keystone.service[67669]: ERROR keystone.server.flask.application                ^^^^^^^^^^^^^^^^^^^^^
Apr 30 15:40:48 ubuntu devstack@keystone.service[67669]: ERROR keystone.server.flask.application   File "/opt/stack/keystone/keystone/api/roles.py", line 91, in post
Apr 30 15:40:48 ubuntu devstack@keystone.service[67669]: ERROR keystone.server.flask.application     ref = PROVIDERS.role_api.create_role(
Apr 30 15:40:48 ubuntu devstack@keystone.service[67669]: ERROR keystone.server.flask.application           ^^^^^^^^^^^^^^^^^^^^^^^^^^^^^^^
Apr 30 15:40:48 ubuntu devstack@keystone.service[67669]: ERROR keystone.server.flask.application   File "/opt/stack/keystone/keystone/common/manager.py", line 114, in wrapped
Apr 30 15:40:48 ubuntu devstack@keystone.service[67669]: ERROR keystone.server.flask.application     __ret_val = __f(*args, **kwargs)
Apr 30 15:40:48 ubuntu devstack@keystone.service[67669]: ERROR keystone.server.flask.application                 ^^^^^^^^^^^^^^^^^^^^
Apr 30 15:40:48 ubuntu devstack@keystone.service[67669]: ERROR keystone.server.flask.application   File "/opt/stack/keystone/keystone/assignment/core.py", line 1486, in create_role
Apr 30 15:40:48 ubuntu devstack@keystone.service[67669]: ERROR keystone.server.flask.application     ret = self.driver.create_role(role_id, role)
Apr 30 15:40:48 ubuntu devstack@keystone.service[67669]: ERROR keystone.server.flask.application           ^^^^^^^^^^^^^^^^^^^^^^^^^^^^^^^^^^^^^^
Apr 30 15:40:48 ubuntu devstack@keystone.service[67669]: ERROR keystone.server.flask.application   File "/opt/stack/keystone/keystone/common/sql/core.py", line 614, in wrapper
Apr 30 15:40:48 ubuntu devstack@keystone.service[67669]: ERROR keystone.server.flask.application     raise exception.Conflict(type=conflict_type, details=msg)
Apr 30 15:40:48 ubuntu devstack@keystone.service[67669]: ERROR keystone.server.flask.application keystone.exception.Conflict: Conflict occurred attempting to store role - Duplicate entry found with name service.
Apr 30 15:40:48 ubuntu devstack@keystone.service[67669]: ERROR keystone.server.flask.application 
Apr 30 15:40:48 ubuntu devstack@keystone.service[67669]: [pid: 67669|app: 0|req: 18/33] 10.120.125.137 () {62 vars in 1199 bytes} [Thu Apr 30 15:40:48 2026] POST /identity/v3/roles => generated 140 bytes in 81 msecs (HTTP/1.1 409) 5 headers in 183 bytes (1 switches on core 0)
Apr 30 15:40:48 ubuntu devstack@keystone.service[67668]: DEBUG keystone.server.flask.request_processing.middleware.auth_context [None req-46bf2ea1-271a-4097-aa40-e0474c0a810c None admin] Validating token access rules against request {{(pid=67668) validate_allowed_request /opt/stack/data/venv/lib/python3.12/site-packages/keystonemiddleware/auth_token/__init__.py:545}}
Apr 30 15:40:48 ubuntu devstack@keystone.service[67669]: DEBUG keystone.server.flask.request_processing.req_logging [None req-5f12c946-8b2b-4f0d-88bf-de46727f3db7 None None] REQUEST_METHOD: `POST` {{(pid=67669) log_request_info /opt/stack/keystone/keystone/server/flask/request_processing/req_logging.py:26}}
Apr 30 15:40:48 ubuntu devstack@keystone.service[67669]: DEBUG keystone.server.flask.request_processing.req_logging [None req-5f12c946-8b2b-4f0d-88bf-de46727f3db7 None None] SCRIPT_NAME: `/identity` {{(pid=67669) log_request_info /opt/stack/keystone/keystone/server/flask/request_processing/req_logging.py:27}}
Apr 30 15:40:48 ubuntu devstack@keystone.service[67669]: DEBUG keystone.server.flask.request_processing.req_logging [None req-5f12c946-8b2b-4f0d-88bf-de46727f3db7 None None] PATH_INFO: `/v3/auth/tokens` {{(pid=67669) log_request_info /opt/stack/keystone/keystone/server/flask/request_processing/req_logging.py:28}}
Apr 30 15:40:48 ubuntu devstack@keystone.service[67669]: WARNING keystone.common.password_hashing [None req-5f12c946-8b2b-4f0d-88bf-de46727f3db7 None None] Truncating password to algorithm specific maximum length 72 characters.
Apr 30 15:40:48 ubuntu devstack@keystone.service[67669]: DEBUG keystone.auth.core [None req-5f12c946-8b2b-4f0d-88bf-de46727f3db7 None None] MFA Rules not processed for user `4e4a3c7bd84f410aace544b4d91a90c0`. Rule list: `[]` (Enabled: `True`). {{(pid=67669) check_auth_methods_against_rules /opt/stack/keystone/keystone/auth/core.py:476}}
Apr 30 15:40:48 ubuntu devstack@keystone.service[67669]: DEBUG keystone.common.fernet_utils [None req-5f12c946-8b2b-4f0d-88bf-de46727f3db7 None None] Loaded 2 Fernet keys from /etc/keystone/fernet-keys/, but `[fernet_tokens] max_active_keys = 3`; perhaps there have not been enough key rotations to reach `max_active_keys` yet? {{(pid=67669) load_keys /opt/stack/keystone/keystone/common/fernet_utils.py:297}}
Apr 30 15:40:48 ubuntu devstack@keystone.service[67668]: DEBUG keystone.server.flask.request_processing.middleware.auth_context [None req-cefa78af-e393-44c3-8971-6d00f70daaf0 None admin] RBAC: auth_context: {'token': <TokenModel (audit_id=e2Zw-gsTRKC6viVgu3G6qA, audit_chain_id=['e2Zw-gsTRKC6viVgu3G6qA']) at 0x78aa09a55760>, 'domain_id': None, 'trust_id': None, 'trustor_id': None, 'trustee_id': None, 'domain_name': None, 'group_ids': [], 'user_id': '4e4a3c7bd84f410aace544b4d91a90c0', 'user_domain_id': 'default', 'system_scope': 'all', 'project_id': None, 'project_domain_id': None, 'roles': ['admin', 'manager', 'member', 'reader'], 'is_admin_project': True, 'service_user_id': None, 'service_user_domain_id': None, 'service_project_id': None, 'service_project_domain_id': None, 'service_roles': []} {{(pid=67668) fill_context /opt/stack/keystone/keystone/server/flask/request_processing/middleware/auth_context.py:509}}
Apr 30 15:40:48 ubuntu devstack@keystone.service[67668]: DEBUG keystone.server.flask.request_processing.req_logging [None req-cefa78af-e393-44c3-8971-6d00f70daaf0 None admin] REQUEST_METHOD: `GET` {{(pid=67668) log_request_info /opt/stack/keystone/keystone/server/flask/request_processing/req_logging.py:26}}
Apr 30 15:40:48 ubuntu devstack@keystone.service[67668]: DEBUG keystone.server.flask.request_processing.req_logging [None req-cefa78af-e393-44c3-8971-6d00f70daaf0 None admin] SCRIPT_NAME: `/identity` {{(pid=67668) log_request_info /opt/stack/keystone/keystone/server/flask/request_processing/req_logging.py:27}}
Apr 30 15:40:48 ubuntu devstack@keystone.service[67668]: DEBUG keystone.server.flask.request_processing.req_logging [None req-cefa78af-e393-44c3-8971-6d00f70daaf0 None admin] PATH_INFO: `/v3/roles` {{(pid=67668) log_request_info /opt/stack/keystone/keystone/server/flask/request_processing/req_logging.py:28}}
Apr 30 15:40:48 ubuntu devstack@keystone.service[67668]: DEBUG keystone.common.rbac_enforcer.enforcer [None req-cefa78af-e393-44c3-8971-6d00f70daaf0 None admin] RBAC: Adding query filter params (name=admin) {{(pid=67668) _extract_filter_values /opt/stack/keystone/keystone/common/rbac_enforcer/enforcer.py:176}}
Apr 30 15:40:48 ubuntu devstack@keystone.service[67668]: DEBUG keystone.common.rbac_enforcer.enforcer [None req-cefa78af-e393-44c3-8971-6d00f70daaf0 None admin] RBAC: Authorizing `identity:list_roles()` {{(pid=67668) enforce_call /opt/stack/keystone/keystone/common/rbac_enforcer/enforcer.py:494}}
Apr 30 15:40:48 ubuntu devstack@keystone.service[67668]: DEBUG keystone.common.rbac_enforcer.enforcer [None req-cefa78af-e393-44c3-8971-6d00f70daaf0 None admin] RBAC: Authorization granted {{(pid=67668) enforce_call /opt/stack/keystone/keystone/common/rbac_enforcer/enforcer.py:505}}
Apr 30 15:40:48 ubuntu devstack@keystone.service[67668]: [pid: 67668|app: 0|req: 16/34] 10.120.125.137 () {58 vars in 1180 bytes} [Thu Apr 30 15:40:48 2026] GET /identity/v3/roles?name=admin => generated 341 bytes in 106 msecs (HTTP/1.1 200) 5 headers in 177 bytes (1 switches on core 0)
Apr 30 15:40:48 ubuntu devstack@keystone.service[67668]: DEBUG keystone.server.flask.request_processing.middleware.auth_context [None req-cefa78af-e393-44c3-8971-6d00f70daaf0 None admin] Authenticating user token {{(pid=67668) process_request /opt/stack/data/venv/lib/python3.12/site-packages/keystonemiddleware/auth_token/__init__.py:407}}
Apr 30 15:40:48 ubuntu devstack@keystone.service[67669]: [pid: 67669|app: 0|req: 19/35] 10.120.125.137 () {60 vars in 1048 bytes} [Thu Apr 30 15:40:48 2026] POST /identity/v3/auth/tokens => generated 863 bytes in 55 msecs (HTTP/1.1 201) 6 headers in 363 bytes (1 switches on core 0)
Apr 30 15:40:48 ubuntu devstack@keystone.service[67669]: DEBUG keystone.server.flask.request_processing.req_logging [None req-6e3b2121-4286-40dd-92de-21720434cf4e None None] REQUEST_METHOD: `GET` {{(pid=67669) log_request_info /opt/stack/keystone/keystone/server/flask/request_processing/req_logging.py:26}}
Apr 30 15:40:48 ubuntu devstack@keystone.service[67669]: DEBUG keystone.server.flask.request_processing.req_logging [None req-6e3b2121-4286-40dd-92de-21720434cf4e None None] SCRIPT_NAME: `/identity` {{(pid=67669) log_request_info /opt/stack/keystone/keystone/server/flask/request_processing/req_logging.py:27}}
Apr 30 15:40:48 ubuntu devstack@keystone.service[67669]: DEBUG keystone.server.flask.request_processing.req_logging [None req-6e3b2121-4286-40dd-92de-21720434cf4e None None] PATH_INFO: `/` {{(pid=67669) log_request_info /opt/stack/keystone/keystone/server/flask/request_processing/req_logging.py:28}}
Apr 30 15:40:48 ubuntu devstack@keystone.service[67669]: [pid: 67669|app: 0|req: 20/36] 10.120.125.137 () {56 vars in 951 bytes} [Thu Apr 30 15:40:48 2026] GET /identity => generated 271 bytes in 1 msecs (HTTP/1.1 300) 6 headers in 235 bytes (1 switches on core 0)
Apr 30 15:40:48 ubuntu devstack@keystone.service[67669]: DEBUG keystone.server.flask.request_processing.middleware.auth_context [None req-6e3b2121-4286-40dd-92de-21720434cf4e None None] Authenticating user token {{(pid=67669) process_request /opt/stack/data/venv/lib/python3.12/site-packages/keystonemiddleware/auth_token/__init__.py:407}}
Apr 30 15:40:48 ubuntu devstack@keystone.service[67668]: DEBUG keystone.server.flask.request_processing.middleware.auth_context [None req-cefa78af-e393-44c3-8971-6d00f70daaf0 None admin] Validating token access rules against request {{(pid=67668) validate_allowed_request /opt/stack/data/venv/lib/python3.12/site-packages/keystonemiddleware/auth_token/__init__.py:545}}
Apr 30 15:40:48 ubuntu devstack@keystone.service[67668]: DEBUG keystone.server.flask.request_processing.middleware.auth_context [None req-ee519c87-f564-4109-9a63-ca4164e874b6 None admin] RBAC: auth_context: {'token': <TokenModel (audit_id=dCA2mjw1RoOYNDzk1eAJnw, audit_chain_id=['dCA2mjw1RoOYNDzk1eAJnw']) at 0x78aa09a55160>, 'domain_id': None, 'trust_id': None, 'trustor_id': None, 'trustee_id': None, 'domain_name': None, 'group_ids': [], 'user_id': '4e4a3c7bd84f410aace544b4d91a90c0', 'user_domain_id': 'default', 'system_scope': 'all', 'project_id': None, 'project_domain_id': None, 'roles': ['admin', 'manager', 'member', 'reader'], 'is_admin_project': True, 'service_user_id': None, 'service_user_domain_id': None, 'service_project_id': None, 'service_project_domain_id': None, 'service_roles': []} {{(pid=67668) fill_context /opt/stack/keystone/keystone/server/flask/request_processing/middleware/auth_context.py:509}}
Apr 30 15:40:48 ubuntu devstack@keystone.service[67669]: DEBUG keystone.server.flask.request_processing.middleware.auth_context [None req-6e3b2121-4286-40dd-92de-21720434cf4e None None] Validating token access rules against request {{(pid=67669) validate_allowed_request /opt/stack/data/venv/lib/python3.12/site-packages/keystonemiddleware/auth_token/__init__.py:545}}
Apr 30 15:40:48 ubuntu devstack@keystone.service[67668]: DEBUG keystone.server.flask.request_processing.req_logging [None req-ee519c87-f564-4109-9a63-ca4164e874b6 None admin] REQUEST_METHOD: `GET` {{(pid=67668) log_request_info /opt/stack/keystone/keystone/server/flask/request_processing/req_logging.py:26}}
Apr 30 15:40:48 ubuntu devstack@keystone.service[67668]: DEBUG keystone.server.flask.request_processing.req_logging [None req-ee519c87-f564-4109-9a63-ca4164e874b6 None admin] SCRIPT_NAME: `/identity` {{(pid=67668) log_request_info /opt/stack/keystone/keystone/server/flask/request_processing/req_logging.py:27}}
Apr 30 15:40:48 ubuntu devstack@keystone.service[67668]: DEBUG keystone.server.flask.request_processing.req_logging [None req-ee519c87-f564-4109-9a63-ca4164e874b6 None admin] PATH_INFO: `/v3/domains/Default` {{(pid=67668) log_request_info /opt/stack/keystone/keystone/server/flask/request_processing/req_logging.py:28}}
Apr 30 15:40:48 ubuntu devstack@keystone.service[67668]: DEBUG keystone.common.rbac_enforcer.enforcer [None req-ee519c87-f564-4109-9a63-ca4164e874b6 None admin] RBAC: Authorizing `identity:get_domain(domain_id=Default)` {{(pid=67668) enforce_call /opt/stack/keystone/keystone/common/rbac_enforcer/enforcer.py:494}}
Apr 30 15:40:48 ubuntu devstack@keystone.service[67668]: DEBUG keystone.common.rbac_enforcer.enforcer [None req-ee519c87-f564-4109-9a63-ca4164e874b6 None admin] RBAC: Authorization granted {{(pid=67668) enforce_call /opt/stack/keystone/keystone/common/rbac_enforcer/enforcer.py:505}}
Apr 30 15:40:48 ubuntu devstack@keystone.service[67668]: DEBUG keystone.server.flask.application [None req-ee519c87-f564-4109-9a63-ca4164e874b6 None admin] Could not find domain: Default. {{(pid=67668) _handle_keystone_exception /opt/stack/keystone/keystone/server/flask/application.py:146}}
Apr 30 15:40:48 ubuntu devstack@keystone.service[67668]: [pid: 67668|app: 0|req: 17/37] 10.120.125.137 () {58 vars in 1176 bytes} [Thu Apr 30 15:40:48 2026] GET /identity/v3/domains/Default => generated 87 bytes in 66 msecs (HTTP/1.1 404) 5 headers in 183 bytes (1 switches on core 0)
Apr 30 15:40:48 ubuntu devstack@keystone.service[67668]: DEBUG keystone.server.flask.request_processing.middleware.auth_context [None req-ee519c87-f564-4109-9a63-ca4164e874b6 None admin] Authenticating user token {{(pid=67668) process_request /opt/stack/data/venv/lib/python3.12/site-packages/keystonemiddleware/auth_token/__init__.py:407}}
Apr 30 15:40:48 ubuntu devstack@keystone.service[67669]: DEBUG keystone.server.flask.request_processing.middleware.auth_context [None req-0447e247-4032-4577-a5a6-c32ede514a72 None admin] RBAC: auth_context: {'token': <TokenModel (audit_id=QMGk-f71TJajCrarPW2K3Q, audit_chain_id=['QMGk-f71TJajCrarPW2K3Q']) at 0x78aa09e0f140>, 'domain_id': None, 'trust_id': None, 'trustor_id': None, 'trustee_id': None, 'domain_name': None, 'group_ids': [], 'user_id': '4e4a3c7bd84f410aace544b4d91a90c0', 'user_domain_id': 'default', 'system_scope': 'all', 'project_id': None, 'project_domain_id': None, 'roles': ['admin', 'manager', 'member', 'reader'], 'is_admin_project': True, 'service_user_id': None, 'service_user_domain_id': None, 'service_project_id': None, 'service_project_domain_id': None, 'service_roles': []} {{(pid=67669) fill_context /opt/stack/keystone/keystone/server/flask/request_processing/middleware/auth_context.py:509}}
Apr 30 15:40:48 ubuntu devstack@keystone.service[67669]: DEBUG keystone.server.flask.request_processing.req_logging [None req-0447e247-4032-4577-a5a6-c32ede514a72 None admin] REQUEST_METHOD: `GET` {{(pid=67669) log_request_info /opt/stack/keystone/keystone/server/flask/request_processing/req_logging.py:26}}
Apr 30 15:40:48 ubuntu devstack@keystone.service[67669]: DEBUG keystone.server.flask.request_processing.req_logging [None req-0447e247-4032-4577-a5a6-c32ede514a72 None admin] SCRIPT_NAME: `/identity` {{(pid=67669) log_request_info /opt/stack/keystone/keystone/server/flask/request_processing/req_logging.py:27}}
Apr 30 15:40:48 ubuntu devstack@keystone.service[67669]: DEBUG keystone.server.flask.request_processing.req_logging [None req-0447e247-4032-4577-a5a6-c32ede514a72 None admin] PATH_INFO: `/v3/roles/service` {{(pid=67669) log_request_info /opt/stack/keystone/keystone/server/flask/request_processing/req_logging.py:28}}
Apr 30 15:40:48 ubuntu devstack@keystone.service[67669]: DEBUG keystone.common.rbac_enforcer.enforcer [None req-0447e247-4032-4577-a5a6-c32ede514a72 None admin] Extracting inferred target data resulted in "NOT FOUND (404)". {{(pid=67669) enforce_call /opt/stack/keystone/keystone/common/rbac_enforcer/enforcer.py:445}}
Apr 30 15:40:48 ubuntu devstack@keystone.service[67669]: DEBUG keystone.server.flask.application [None req-0447e247-4032-4577-a5a6-c32ede514a72 None admin] Could not find role: service. {{(pid=67669) _handle_keystone_exception /opt/stack/keystone/keystone/server/flask/application.py:146}}
Apr 30 15:40:48 ubuntu devstack@keystone.service[67669]: [pid: 67669|app: 0|req: 21/38] 10.120.125.137 () {58 vars in 1170 bytes} [Thu Apr 30 15:40:48 2026] GET /identity/v3/roles/service => generated 85 bytes in 61 msecs (HTTP/1.1 404) 5 headers in 183 bytes (1 switches on core 0)
Apr 30 15:40:48 ubuntu devstack@keystone.service[67668]: DEBUG keystone.server.flask.request_processing.middleware.auth_context [None req-ee519c87-f564-4109-9a63-ca4164e874b6 None admin] Validating token access rules against request {{(pid=67668) validate_allowed_request /opt/stack/data/venv/lib/python3.12/site-packages/keystonemiddleware/auth_token/__init__.py:545}}
Apr 30 15:40:48 ubuntu devstack@keystone.service[67669]: DEBUG keystone.server.flask.request_processing.middleware.auth_context [None req-0447e247-4032-4577-a5a6-c32ede514a72 None admin] Authenticating user token {{(pid=67669) process_request /opt/stack/data/venv/lib/python3.12/site-packages/keystonemiddleware/auth_token/__init__.py:407}}
Apr 30 15:40:48 ubuntu devstack@keystone.service[67668]: DEBUG keystone.server.flask.request_processing.middleware.auth_context [None req-1d570db1-abad-4647-be2c-ac02a16c44f9 None admin] RBAC: auth_context: {'token': <TokenModel (audit_id=e2Zw-gsTRKC6viVgu3G6qA, audit_chain_id=['e2Zw-gsTRKC6viVgu3G6qA']) at 0x78aa099c7140>, 'domain_id': None, 'trust_id': None, 'trustor_id': None, 'trustee_id': None, 'domain_name': None, 'group_ids': [], 'user_id': '4e4a3c7bd84f410aace544b4d91a90c0', 'user_domain_id': 'default', 'system_scope': 'all', 'project_id': None, 'project_domain_id': None, 'roles': ['admin', 'manager', 'member', 'reader'], 'is_admin_project': True, 'service_user_id': None, 'service_user_domain_id': None, 'service_project_id': None, 'service_project_domain_id': None, 'service_roles': []} {{(pid=67668) fill_context /opt/stack/keystone/keystone/server/flask/request_processing/middleware/auth_context.py:509}}
Apr 30 15:40:48 ubuntu devstack@keystone.service[67668]: DEBUG keystone.server.flask.request_processing.req_logging [None req-1d570db1-abad-4647-be2c-ac02a16c44f9 None admin] REQUEST_METHOD: `GET` {{(pid=67668) log_request_info /opt/stack/keystone/keystone/server/flask/request_processing/req_logging.py:26}}
Apr 30 15:40:48 ubuntu devstack@keystone.service[67668]: DEBUG keystone.server.flask.request_processing.req_logging [None req-1d570db1-abad-4647-be2c-ac02a16c44f9 None admin] SCRIPT_NAME: `/identity` {{(pid=67668) log_request_info /opt/stack/keystone/keystone/server/flask/request_processing/req_logging.py:27}}
Apr 30 15:40:48 ubuntu devstack@keystone.service[67668]: DEBUG keystone.server.flask.request_processing.req_logging [None req-1d570db1-abad-4647-be2c-ac02a16c44f9 None admin] PATH_INFO: `/v3/users/4e4a3c7bd84f410aace544b4d91a90c0` {{(pid=67668) log_request_info /opt/stack/keystone/keystone/server/flask/request_processing/req_logging.py:28}}
Apr 30 15:40:48 ubuntu devstack@keystone.service[67668]: DEBUG keystone.common.rbac_enforcer.enforcer [None req-1d570db1-abad-4647-be2c-ac02a16c44f9 None admin] RBAC: Authorizing `identity:get_user(user_id=4e4a3c7bd84f410aace544b4d91a90c0)` {{(pid=67668) enforce_call /opt/stack/keystone/keystone/common/rbac_enforcer/enforcer.py:494}}
Apr 30 15:40:48 ubuntu devstack@keystone.service[67668]: DEBUG keystone.common.rbac_enforcer.enforcer [None req-1d570db1-abad-4647-be2c-ac02a16c44f9 None admin] RBAC: Authorization granted {{(pid=67668) enforce_call /opt/stack/keystone/keystone/common/rbac_enforcer/enforcer.py:505}}
Apr 30 15:40:48 ubuntu devstack@keystone.service[67668]: [pid: 67668|app: 0|req: 18/39] 10.120.125.137 () {58 vars in 1245 bytes} [Thu Apr 30 15:40:48 2026] GET /identity/v3/users/4e4a3c7bd84f410aace544b4d91a90c0 => generated 248 bytes in 50 msecs (HTTP/1.1 200) 5 headers in 177 bytes (1 switches on core 0)
Apr 30 15:40:48 ubuntu devstack@keystone.service[67668]: DEBUG keystone.server.flask.request_processing.middleware.auth_context [None req-1d570db1-abad-4647-be2c-ac02a16c44f9 None admin] Authenticating user token {{(pid=67668) process_request /opt/stack/data/venv/lib/python3.12/site-packages/keystonemiddleware/auth_token/__init__.py:407}}
Apr 30 15:40:48 ubuntu devstack@keystone.service[67668]: DEBUG keystone.server.flask.request_processing.middleware.auth_context [None req-1d570db1-abad-4647-be2c-ac02a16c44f9 None admin] Validating token access rules against request {{(pid=67668) validate_allowed_request /opt/stack/data/venv/lib/python3.12/site-packages/keystonemiddleware/auth_token/__init__.py:545}}
Apr 30 15:40:48 ubuntu devstack@keystone.service[67669]: DEBUG keystone.server.flask.request_processing.middleware.auth_context [None req-0447e247-4032-4577-a5a6-c32ede514a72 None admin] Validating token access rules against request {{(pid=67669) validate_allowed_request /opt/stack/data/venv/lib/python3.12/site-packages/keystonemiddleware/auth_token/__init__.py:545}}
Apr 30 15:40:48 ubuntu devstack@keystone.service[67668]: DEBUG keystone.server.flask.request_processing.middleware.auth_context [None req-a718ce36-2370-4d67-8516-140d653e911b None admin] RBAC: auth_context: {'token': <TokenModel (audit_id=QMGk-f71TJajCrarPW2K3Q, audit_chain_id=['QMGk-f71TJajCrarPW2K3Q']) at 0x78aa09a57560>, 'domain_id': None, 'trust_id': None, 'trustor_id': None, 'trustee_id': None, 'domain_name': None, 'group_ids': [], 'user_id': '4e4a3c7bd84f410aace544b4d91a90c0', 'user_domain_id': 'default', 'system_scope': 'all', 'project_id': None, 'project_domain_id': None, 'roles': ['admin', 'manager', 'member', 'reader'], 'is_admin_project': True, 'service_user_id': None, 'service_user_domain_id': None, 'service_project_id': None, 'service_project_domain_id': None, 'service_roles': []} {{(pid=67668) fill_context /opt/stack/keystone/keystone/server/flask/request_processing/middleware/auth_context.py:509}}
Apr 30 15:40:48 ubuntu devstack@keystone.service[67668]: DEBUG keystone.server.flask.request_processing.req_logging [None req-a718ce36-2370-4d67-8516-140d653e911b None admin] REQUEST_METHOD: `GET` {{(pid=67668) log_request_info /opt/stack/keystone/keystone/server/flask/request_processing/req_logging.py:26}}
Apr 30 15:40:48 ubuntu devstack@keystone.service[67668]: DEBUG keystone.server.flask.request_processing.req_logging [None req-a718ce36-2370-4d67-8516-140d653e911b None admin] SCRIPT_NAME: `/identity` {{(pid=67668) log_request_info /opt/stack/keystone/keystone/server/flask/request_processing/req_logging.py:27}}
Apr 30 15:40:48 ubuntu devstack@keystone.service[67668]: DEBUG keystone.server.flask.request_processing.req_logging [None req-a718ce36-2370-4d67-8516-140d653e911b None admin] PATH_INFO: `/v3/roles` {{(pid=67668) log_request_info /opt/stack/keystone/keystone/server/flask/request_processing/req_logging.py:28}}
Apr 30 15:40:48 ubuntu devstack@keystone.service[67668]: DEBUG keystone.common.rbac_enforcer.enforcer [None req-a718ce36-2370-4d67-8516-140d653e911b None admin] RBAC: Adding query filter params (name=service) {{(pid=67668) _extract_filter_values /opt/stack/keystone/keystone/common/rbac_enforcer/enforcer.py:176}}
Apr 30 15:40:48 ubuntu devstack@keystone.service[67668]: DEBUG keystone.common.rbac_enforcer.enforcer [None req-a718ce36-2370-4d67-8516-140d653e911b None admin] RBAC: Authorizing `identity:list_roles()` {{(pid=67668) enforce_call /opt/stack/keystone/keystone/common/rbac_enforcer/enforcer.py:494}}
Apr 30 15:40:48 ubuntu devstack@keystone.service[67668]: DEBUG keystone.common.rbac_enforcer.enforcer [None req-a718ce36-2370-4d67-8516-140d653e911b None admin] RBAC: Authorization granted {{(pid=67668) enforce_call /opt/stack/keystone/keystone/common/rbac_enforcer/enforcer.py:505}}
Apr 30 15:40:48 ubuntu devstack@keystone.service[67669]: DEBUG keystone.server.flask.request_processing.middleware.auth_context [None req-64c09e83-6e57-4cc9-9791-9e55bafc7226 None admin] RBAC: auth_context: {'token': <TokenModel (audit_id=dCA2mjw1RoOYNDzk1eAJnw, audit_chain_id=['dCA2mjw1RoOYNDzk1eAJnw']) at 0x78aa09e85910>, 'domain_id': None, 'trust_id': None, 'trustor_id': None, 'trustee_id': None, 'domain_name': None, 'group_ids': [], 'user_id': '4e4a3c7bd84f410aace544b4d91a90c0', 'user_domain_id': 'default', 'system_scope': 'all', 'project_id': None, 'project_domain_id': None, 'roles': ['admin', 'manager', 'member', 'reader'], 'is_admin_project': True, 'service_user_id': None, 'service_user_domain_id': None, 'service_project_id': None, 'service_project_domain_id': None, 'service_roles': []} {{(pid=67669) fill_context /opt/stack/keystone/keystone/server/flask/request_processing/middleware/auth_context.py:509}}
Apr 30 15:40:48 ubuntu devstack@keystone.service[67669]: DEBUG keystone.server.flask.request_processing.req_logging [None req-64c09e83-6e57-4cc9-9791-9e55bafc7226 None admin] REQUEST_METHOD: `GET` {{(pid=67669) log_request_info /opt/stack/keystone/keystone/server/flask/request_processing/req_logging.py:26}}
Apr 30 15:40:48 ubuntu devstack@keystone.service[67669]: DEBUG keystone.server.flask.request_processing.req_logging [None req-64c09e83-6e57-4cc9-9791-9e55bafc7226 None admin] SCRIPT_NAME: `/identity` {{(pid=67669) log_request_info /opt/stack/keystone/keystone/server/flask/request_processing/req_logging.py:27}}
Apr 30 15:40:48 ubuntu devstack@keystone.service[67669]: DEBUG keystone.server.flask.request_processing.req_logging [None req-64c09e83-6e57-4cc9-9791-9e55bafc7226 None admin] PATH_INFO: `/v3/domains` {{(pid=67669) log_request_info /opt/stack/keystone/keystone/server/flask/request_processing/req_logging.py:28}}
Apr 30 15:40:48 ubuntu devstack@keystone.service[67669]: DEBUG keystone.common.rbac_enforcer.enforcer [None req-64c09e83-6e57-4cc9-9791-9e55bafc7226 None admin] RBAC: Adding query filter params (name=Default) {{(pid=67669) _extract_filter_values /opt/stack/keystone/keystone/common/rbac_enforcer/enforcer.py:176}}
Apr 30 15:40:48 ubuntu devstack@keystone.service[67669]: DEBUG keystone.common.rbac_enforcer.enforcer [None req-64c09e83-6e57-4cc9-9791-9e55bafc7226 None admin] RBAC: Authorizing `identity:list_domains()` {{(pid=67669) enforce_call /opt/stack/keystone/keystone/common/rbac_enforcer/enforcer.py:494}}
Apr 30 15:40:48 ubuntu devstack@keystone.service[67669]: DEBUG keystone.common.rbac_enforcer.enforcer [None req-64c09e83-6e57-4cc9-9791-9e55bafc7226 None admin] RBAC: Authorization granted {{(pid=67669) enforce_call /opt/stack/keystone/keystone/common/rbac_enforcer/enforcer.py:505}}
Apr 30 15:40:48 ubuntu devstack@keystone.service[67668]: [pid: 67668|app: 0|req: 19/40] 10.120.125.137 () {58 vars in 1184 bytes} [Thu Apr 30 15:40:48 2026] GET /identity/v3/roles?name=service => generated 345 bytes in 55 msecs (HTTP/1.1 200) 5 headers in 177 bytes (1 switches on core 0)
Apr 30 15:40:48 ubuntu devstack@keystone.service[67668]: DEBUG keystone.server.flask.request_processing.middleware.auth_context [None req-a718ce36-2370-4d67-8516-140d653e911b None admin] Authenticating user token {{(pid=67668) process_request /opt/stack/data/venv/lib/python3.12/site-packages/keystonemiddleware/auth_token/__init__.py:407}}
Apr 30 15:40:48 ubuntu devstack@keystone.service[67669]: [pid: 67669|app: 0|req: 22/41] 10.120.125.137 () {58 vars in 1190 bytes} [Thu Apr 30 15:40:48 2026] GET /identity/v3/domains?name=Default => generated 310 bytes in 76 msecs (HTTP/1.1 200) 5 headers in 177 bytes (1 switches on core 0)
Apr 30 15:40:48 ubuntu devstack@keystone.service[67669]: DEBUG keystone.server.flask.request_processing.req_logging [None req-93ac4f0c-c93f-47e6-b96d-aacf1f0ca952 None None] REQUEST_METHOD: `POST` {{(pid=67669) log_request_info /opt/stack/keystone/keystone/server/flask/request_processing/req_logging.py:26}}
Apr 30 15:40:48 ubuntu devstack@keystone.service[67669]: DEBUG keystone.server.flask.request_processing.req_logging [None req-93ac4f0c-c93f-47e6-b96d-aacf1f0ca952 None None] SCRIPT_NAME: `/identity` {{(pid=67669) log_request_info /opt/stack/keystone/keystone/server/flask/request_processing/req_logging.py:27}}
Apr 30 15:40:48 ubuntu devstack@keystone.service[67669]: DEBUG keystone.server.flask.request_processing.req_logging [None req-93ac4f0c-c93f-47e6-b96d-aacf1f0ca952 None None] PATH_INFO: `/v3/auth/tokens` {{(pid=67669) log_request_info /opt/stack/keystone/keystone/server/flask/request_processing/req_logging.py:28}}
Apr 30 15:40:48 ubuntu devstack@keystone.service[67669]: WARNING keystone.common.password_hashing [None req-93ac4f0c-c93f-47e6-b96d-aacf1f0ca952 None None] Truncating password to algorithm specific maximum length 72 characters.
Apr 30 15:40:49 ubuntu devstack@keystone.service[67669]: DEBUG keystone.auth.core [None req-93ac4f0c-c93f-47e6-b96d-aacf1f0ca952 None None] MFA Rules not processed for user `4e4a3c7bd84f410aace544b4d91a90c0`. Rule list: `[]` (Enabled: `True`). {{(pid=67669) check_auth_methods_against_rules /opt/stack/keystone/keystone/auth/core.py:476}}
Apr 30 15:40:49 ubuntu devstack@keystone.service[67669]: DEBUG keystone.common.fernet_utils [None req-93ac4f0c-c93f-47e6-b96d-aacf1f0ca952 None None] Loaded 2 Fernet keys from /etc/keystone/fernet-keys/, but `[fernet_tokens] max_active_keys = 3`; perhaps there have not been enough key rotations to reach `max_active_keys` yet? {{(pid=67669) load_keys /opt/stack/keystone/keystone/common/fernet_utils.py:297}}
Apr 30 15:40:49 ubuntu devstack@keystone.service[67668]: DEBUG keystone.server.flask.request_processing.middleware.auth_context [None req-a718ce36-2370-4d67-8516-140d653e911b None admin] Validating token access rules against request {{(pid=67668) validate_allowed_request /opt/stack/data/venv/lib/python3.12/site-packages/keystonemiddleware/auth_token/__init__.py:545}}
Apr 30 15:40:49 ubuntu devstack@keystone.service[67668]: DEBUG keystone.server.flask.request_processing.middleware.auth_context [None req-4b48174a-81a8-4c69-a352-b39270fe6a36 None admin] RBAC: auth_context: {'token': <TokenModel (audit_id=e2Zw-gsTRKC6viVgu3G6qA, audit_chain_id=['e2Zw-gsTRKC6viVgu3G6qA']) at 0x78aa09a57f20>, 'domain_id': None, 'trust_id': None, 'trustor_id': None, 'trustee_id': None, 'domain_name': None, 'group_ids': [], 'user_id': '4e4a3c7bd84f410aace544b4d91a90c0', 'user_domain_id': 'default', 'system_scope': 'all', 'project_id': None, 'project_domain_id': None, 'roles': ['admin', 'manager', 'member', 'reader'], 'is_admin_project': True, 'service_user_id': None, 'service_user_domain_id': None, 'service_project_id': None, 'service_project_domain_id': None, 'service_roles': []} {{(pid=67668) fill_context /opt/stack/keystone/keystone/server/flask/request_processing/middleware/auth_context.py:509}}
Apr 30 15:40:49 ubuntu devstack@keystone.service[67668]: DEBUG keystone.server.flask.request_processing.req_logging [None req-4b48174a-81a8-4c69-a352-b39270fe6a36 None admin] REQUEST_METHOD: `GET` {{(pid=67668) log_request_info /opt/stack/keystone/keystone/server/flask/request_processing/req_logging.py:26}}
Apr 30 15:40:49 ubuntu devstack@keystone.service[67668]: DEBUG keystone.server.flask.request_processing.req_logging [None req-4b48174a-81a8-4c69-a352-b39270fe6a36 None admin] SCRIPT_NAME: `/identity` {{(pid=67668) log_request_info /opt/stack/keystone/keystone/server/flask/request_processing/req_logging.py:27}}
Apr 30 15:40:49 ubuntu devstack@keystone.service[67668]: DEBUG keystone.server.flask.request_processing.req_logging [None req-4b48174a-81a8-4c69-a352-b39270fe6a36 None admin] PATH_INFO: `/v3/domains/default` {{(pid=67668) log_request_info /opt/stack/keystone/keystone/server/flask/request_processing/req_logging.py:28}}
Apr 30 15:40:49 ubuntu devstack@keystone.service[67668]: DEBUG keystone.common.rbac_enforcer.enforcer [None req-4b48174a-81a8-4c69-a352-b39270fe6a36 None admin] RBAC: Authorizing `identity:get_domain(domain_id=default)` {{(pid=67668) enforce_call /opt/stack/keystone/keystone/common/rbac_enforcer/enforcer.py:494}}
Apr 30 15:40:49 ubuntu devstack@keystone.service[67668]: DEBUG keystone.common.rbac_enforcer.enforcer [None req-4b48174a-81a8-4c69-a352-b39270fe6a36 None admin] RBAC: Authorization granted {{(pid=67668) enforce_call /opt/stack/keystone/keystone/common/rbac_enforcer/enforcer.py:505}}
Apr 30 15:40:49 ubuntu devstack@keystone.service[67668]: [pid: 67668|app: 0|req: 20/42] 10.120.125.137 () {58 vars in 1176 bytes} [Thu Apr 30 15:40:48 2026] GET /identity/v3/domains/default => generated 200 bytes in 51 msecs (HTTP/1.1 200) 5 headers in 177 bytes (1 switches on core 0)
Apr 30 15:40:49 ubuntu devstack@keystone.service[67669]: [pid: 67669|app: 0|req: 23/43] 10.120.125.137 () {60 vars in 1048 bytes} [Thu Apr 30 15:40:48 2026] POST /identity/v3/auth/tokens => generated 863 bytes in 46 msecs (HTTP/1.1 201) 6 headers in 363 bytes (1 switches on core 0)
Apr 30 15:40:49 ubuntu devstack@keystone.service[67668]: DEBUG keystone.server.flask.request_processing.middleware.auth_context [None req-4b48174a-81a8-4c69-a352-b39270fe6a36 None admin] Authenticating user token {{(pid=67668) process_request /opt/stack/data/venv/lib/python3.12/site-packages/keystonemiddleware/auth_token/__init__.py:407}}
Apr 30 15:40:49 ubuntu devstack@keystone.service[67668]: DEBUG keystone.server.flask.request_processing.middleware.auth_context [None req-4b48174a-81a8-4c69-a352-b39270fe6a36 None admin] Validating token access rules against request {{(pid=67668) validate_allowed_request /opt/stack/data/venv/lib/python3.12/site-packages/keystonemiddleware/auth_token/__init__.py:545}}
Apr 30 15:40:49 ubuntu devstack@keystone.service[67669]: DEBUG keystone.server.flask.request_processing.middleware.auth_context [None req-93ac4f0c-c93f-47e6-b96d-aacf1f0ca952 None None] Authenticating user token {{(pid=67669) process_request /opt/stack/data/venv/lib/python3.12/site-packages/keystonemiddleware/auth_token/__init__.py:407}}
Apr 30 15:40:49 ubuntu devstack@keystone.service[67668]: DEBUG keystone.server.flask.request_processing.middleware.auth_context [None req-ab01ceae-3775-45eb-bea9-3413f7eef067 None admin] RBAC: auth_context: {'token': <TokenModel (audit_id=e2Zw-gsTRKC6viVgu3G6qA, audit_chain_id=['e2Zw-gsTRKC6viVgu3G6qA']) at 0x78aa09eebfe0>, 'domain_id': None, 'trust_id': None, 'trustor_id': None, 'trustee_id': None, 'domain_name': None, 'group_ids': [], 'user_id': '4e4a3c7bd84f410aace544b4d91a90c0', 'user_domain_id': 'default', 'system_scope': 'all', 'project_id': None, 'project_domain_id': None, 'roles': ['admin', 'manager', 'member', 'reader'], 'is_admin_project': True, 'service_user_id': None, 'service_user_domain_id': None, 'service_project_id': None, 'service_project_domain_id': None, 'service_roles': []} {{(pid=67668) fill_context /opt/stack/keystone/keystone/server/flask/request_processing/middleware/auth_context.py:509}}
Apr 30 15:40:49 ubuntu devstack@keystone.service[67668]: DEBUG keystone.server.flask.request_processing.req_logging [None req-ab01ceae-3775-45eb-bea9-3413f7eef067 None admin] REQUEST_METHOD: `GET` {{(pid=67668) log_request_info /opt/stack/keystone/keystone/server/flask/request_processing/req_logging.py:26}}
Apr 30 15:40:49 ubuntu devstack@keystone.service[67668]: DEBUG keystone.server.flask.request_processing.req_logging [None req-ab01ceae-3775-45eb-bea9-3413f7eef067 None admin] SCRIPT_NAME: `/identity` {{(pid=67668) log_request_info /opt/stack/keystone/keystone/server/flask/request_processing/req_logging.py:27}}
Apr 30 15:40:49 ubuntu devstack@keystone.service[67668]: DEBUG keystone.server.flask.request_processing.req_logging [None req-ab01ceae-3775-45eb-bea9-3413f7eef067 None admin] PATH_INFO: `/v3/role_assignments` {{(pid=67668) log_request_info /opt/stack/keystone/keystone/server/flask/request_processing/req_logging.py:28}}
Apr 30 15:40:49 ubuntu devstack@keystone.service[67668]: DEBUG keystone.common.rbac_enforcer.enforcer [None req-ab01ceae-3775-45eb-bea9-3413f7eef067 None admin] RBAC: Adding query filter params (role.id=3e5d3949fac443b9b85a868ee16dbc12, scope.domain.id=default, user.id=4e4a3c7bd84f410aace544b4d91a90c0) {{(pid=67668) _extract_filter_values /opt/stack/keystone/keystone/common/rbac_enforcer/enforcer.py:176}}
Apr 30 15:40:49 ubuntu devstack@keystone.service[67668]: DEBUG keystone.common.rbac_enforcer.enforcer [None req-ab01ceae-3775-45eb-bea9-3413f7eef067 None admin] RBAC: Authorizing `identity:list_role_assignments()` {{(pid=67668) enforce_call /opt/stack/keystone/keystone/common/rbac_enforcer/enforcer.py:494}}
Apr 30 15:40:49 ubuntu devstack@keystone.service[67668]: DEBUG keystone.common.rbac_enforcer.enforcer [None req-ab01ceae-3775-45eb-bea9-3413f7eef067 None admin] RBAC: Authorization granted {{(pid=67668) enforce_call /opt/stack/keystone/keystone/common/rbac_enforcer/enforcer.py:505}}
Apr 30 15:40:49 ubuntu devstack@keystone.service[67668]: [pid: 67668|app: 0|req: 21/44] 10.120.125.137 () {58 vars in 1403 bytes} [Thu Apr 30 15:40:49 2026] GET /identity/v3/role_assignments?role.id=3e5d3949fac443b9b85a868ee16dbc12&scope.domain.id=default&user.id=4e4a3c7bd84f410aace544b4d91a90c0 => generated 532 bytes in 60 msecs (HTTP/1.1 200) 5 headers in 177 bytes (1 switches on core 0)
Apr 30 15:40:49 ubuntu devstack@keystone.service[67668]: DEBUG keystone.server.flask.request_processing.middleware.auth_context [None req-ab01ceae-3775-45eb-bea9-3413f7eef067 None admin] Authenticating user token {{(pid=67668) process_request /opt/stack/data/venv/lib/python3.12/site-packages/keystonemiddleware/auth_token/__init__.py:407}}
Apr 30 15:40:49 ubuntu devstack@keystone.service[67669]: DEBUG keystone.server.flask.request_processing.middleware.auth_context [None req-93ac4f0c-c93f-47e6-b96d-aacf1f0ca952 None None] Validating token access rules against request {{(pid=67669) validate_allowed_request /opt/stack/data/venv/lib/python3.12/site-packages/keystonemiddleware/auth_token/__init__.py:545}}
Apr 30 15:40:49 ubuntu devstack@keystone.service[67668]: DEBUG keystone.server.flask.request_processing.middleware.auth_context [None req-ab01ceae-3775-45eb-bea9-3413f7eef067 None admin] Validating token access rules against request {{(pid=67668) validate_allowed_request /opt/stack/data/venv/lib/python3.12/site-packages/keystonemiddleware/auth_token/__init__.py:545}}
Apr 30 15:40:49 ubuntu devstack@keystone.service[67669]: DEBUG keystone.server.flask.request_processing.middleware.auth_context [None req-b995515e-e08f-4adc-bde7-7f5d50bc8fb5 None admin] RBAC: auth_context: {'token': <TokenModel (audit_id=9_0JfP4pR2qvJJ_jAntFGQ, audit_chain_id=['9_0JfP4pR2qvJJ_jAntFGQ']) at 0x78aa09e3ab40>, 'domain_id': None, 'trust_id': None, 'trustor_id': None, 'trustee_id': None, 'domain_name': None, 'group_ids': [], 'user_id': '4e4a3c7bd84f410aace544b4d91a90c0', 'user_domain_id': 'default', 'system_scope': 'all', 'project_id': None, 'project_domain_id': None, 'roles': ['admin', 'manager', 'member', 'reader'], 'is_admin_project': True, 'service_user_id': None, 'service_user_domain_id': None, 'service_project_id': None, 'service_project_domain_id': None, 'service_roles': []} {{(pid=67669) fill_context /opt/stack/keystone/keystone/server/flask/request_processing/middleware/auth_context.py:509}}
Apr 30 15:40:49 ubuntu devstack@keystone.service[67669]: DEBUG keystone.server.flask.request_processing.req_logging [None req-b995515e-e08f-4adc-bde7-7f5d50bc8fb5 None admin] REQUEST_METHOD: `POST` {{(pid=67669) log_request_info /opt/stack/keystone/keystone/server/flask/request_processing/req_logging.py:26}}
Apr 30 15:40:49 ubuntu devstack@keystone.service[67669]: DEBUG keystone.server.flask.request_processing.req_logging [None req-b995515e-e08f-4adc-bde7-7f5d50bc8fb5 None admin] SCRIPT_NAME: `/identity` {{(pid=67669) log_request_info /opt/stack/keystone/keystone/server/flask/request_processing/req_logging.py:27}}
Apr 30 15:40:49 ubuntu devstack@keystone.service[67669]: DEBUG keystone.server.flask.request_processing.req_logging [None req-b995515e-e08f-4adc-bde7-7f5d50bc8fb5 None admin] PATH_INFO: `/v3/roles` {{(pid=67669) log_request_info /opt/stack/keystone/keystone/server/flask/request_processing/req_logging.py:28}}
Apr 30 15:40:49 ubuntu devstack@keystone.service[67669]: DEBUG keystone.common.rbac_enforcer.enforcer [None req-b995515e-e08f-4adc-bde7-7f5d50bc8fb5 None admin] RBAC: Authorizing `identity:create_role()` {{(pid=67669) enforce_call /opt/stack/keystone/keystone/common/rbac_enforcer/enforcer.py:494}}
Apr 30 15:40:49 ubuntu devstack@keystone.service[67669]: DEBUG keystone.common.rbac_enforcer.enforcer [None req-b995515e-e08f-4adc-bde7-7f5d50bc8fb5 None admin] RBAC: Authorization granted {{(pid=67669) enforce_call /opt/stack/keystone/keystone/common/rbac_enforcer/enforcer.py:505}}
Apr 30 15:40:49 ubuntu devstack@keystone.service[67668]: DEBUG keystone.server.flask.request_processing.middleware.auth_context [None req-87cae2b7-b9ea-4e87-96ba-fd7978d9a18d None admin] RBAC: auth_context: {'token': <TokenModel (audit_id=dCA2mjw1RoOYNDzk1eAJnw, audit_chain_id=['dCA2mjw1RoOYNDzk1eAJnw']) at 0x78aa09aba510>, 'domain_id': None, 'trust_id': None, 'trustor_id': None, 'trustee_id': None, 'domain_name': None, 'group_ids': [], 'user_id': '4e4a3c7bd84f410aace544b4d91a90c0', 'user_domain_id': 'default', 'system_scope': 'all', 'project_id': None, 'project_domain_id': None, 'roles': ['admin', 'manager', 'member', 'reader'], 'is_admin_project': True, 'service_user_id': None, 'service_user_domain_id': None, 'service_project_id': None, 'service_project_domain_id': None, 'service_roles': []} {{(pid=67668) fill_context /opt/stack/keystone/keystone/server/flask/request_processing/middleware/auth_context.py:509}}
Apr 30 15:40:49 ubuntu devstack@keystone.service[67668]: DEBUG keystone.server.flask.request_processing.req_logging [None req-87cae2b7-b9ea-4e87-96ba-fd7978d9a18d None admin] REQUEST_METHOD: `POST` {{(pid=67668) log_request_info /opt/stack/keystone/keystone/server/flask/request_processing/req_logging.py:26}}
Apr 30 15:40:49 ubuntu devstack@keystone.service[67668]: DEBUG keystone.server.flask.request_processing.req_logging [None req-87cae2b7-b9ea-4e87-96ba-fd7978d9a18d None admin] SCRIPT_NAME: `/identity` {{(pid=67668) log_request_info /opt/stack/keystone/keystone/server/flask/request_processing/req_logging.py:27}}
Apr 30 15:40:49 ubuntu devstack@keystone.service[67668]: DEBUG keystone.server.flask.request_processing.req_logging [None req-87cae2b7-b9ea-4e87-96ba-fd7978d9a18d None admin] PATH_INFO: `/v3/projects` {{(pid=67668) log_request_info /opt/stack/keystone/keystone/server/flask/request_processing/req_logging.py:28}}
Apr 30 15:40:49 ubuntu devstack@keystone.service[67668]: DEBUG keystone.common.rbac_enforcer.enforcer [None req-87cae2b7-b9ea-4e87-96ba-fd7978d9a18d None admin] RBAC: Authorizing `identity:create_project()` {{(pid=67668) enforce_call /opt/stack/keystone/keystone/common/rbac_enforcer/enforcer.py:494}}
Apr 30 15:40:49 ubuntu devstack@keystone.service[67668]: DEBUG keystone.common.rbac_enforcer.enforcer [None req-87cae2b7-b9ea-4e87-96ba-fd7978d9a18d None admin] RBAC: Authorization granted {{(pid=67668) enforce_call /opt/stack/keystone/keystone/common/rbac_enforcer/enforcer.py:505}}
Apr 30 15:40:49 ubuntu devstack@keystone.service[67668]: [pid: 67668|app: 0|req: 22/45] 10.120.125.137 () {62 vars in 1208 bytes} [Thu Apr 30 15:40:49 2026] POST /identity/v3/projects => generated 302 bytes in 89 msecs (HTTP/1.1 201) 5 headers in 182 bytes (1 switches on core 0)
Apr 30 15:40:49 ubuntu devstack@keystone.service[67668]: DEBUG keystone.server.flask.request_processing.middleware.auth_context [None req-87cae2b7-b9ea-4e87-96ba-fd7978d9a18d None admin] Authenticating user token {{(pid=67668) process_request /opt/stack/data/venv/lib/python3.12/site-packages/keystonemiddleware/auth_token/__init__.py:407}}
Apr 30 15:40:49 ubuntu devstack@keystone.service[67668]: DEBUG keystone.server.flask.request_processing.middleware.auth_context [None req-87cae2b7-b9ea-4e87-96ba-fd7978d9a18d None admin] Validating token access rules against request {{(pid=67668) validate_allowed_request /opt/stack/data/venv/lib/python3.12/site-packages/keystonemiddleware/auth_token/__init__.py:545}}
Apr 30 15:40:49 ubuntu devstack@keystone.service[67669]: [pid: 67669|app: 0|req: 24/46] 10.120.125.137 () {62 vars in 1199 bytes} [Thu Apr 30 15:40:49 2026] POST /identity/v3/roles => generated 226 bytes in 218 msecs (HTTP/1.1 201) 5 headers in 182 bytes (1 switches on core 0)
Apr 30 15:40:49 ubuntu devstack@keystone.service[67668]: DEBUG keystone.server.flask.request_processing.middleware.auth_context [None req-6d5d84bd-2e2b-4e7e-878d-6842faf5ed1b None admin] RBAC: auth_context: {'token': <TokenModel (audit_id=9xJ5W5__Q6q2U2e6K1s_XA, audit_chain_id=['9xJ5W5__Q6q2U2e6K1s_XA']) at 0x78aa09a54860>, 'domain_id': None, 'trust_id': None, 'trustor_id': None, 'trustee_id': None, 'domain_name': None, 'group_ids': [], 'user_id': '4e4a3c7bd84f410aace544b4d91a90c0', 'user_domain_id': 'default', 'system_scope': 'all', 'project_id': None, 'project_domain_id': None, 'roles': ['admin', 'manager', 'member', 'reader'], 'is_admin_project': True, 'service_user_id': None, 'service_user_domain_id': None, 'service_project_id': None, 'service_project_domain_id': None, 'service_roles': []} {{(pid=67668) fill_context /opt/stack/keystone/keystone/server/flask/request_processing/middleware/auth_context.py:509}}
