Apr 09 19:29:04 ubuntu devstack@keystone.service[68013]: ERROR keystone.server.flask.application   File "/opt/stack/data/venv/lib/python3.12/site-packages/sqlalchemy/engine/base.py", line 2360, in _handle_dbapi_exception
Apr 09 19:29:04 ubuntu devstack@keystone.service[68013]: ERROR keystone.server.flask.application     raise newraise.with_traceback(exc_info[2]) from e
Apr 09 19:29:04 ubuntu devstack@keystone.service[68013]: ERROR keystone.server.flask.application   File "/opt/stack/data/venv/lib/python3.12/site-packages/sqlalchemy/engine/base.py", line 1967, in _exec_single_context
Apr 09 19:29:04 ubuntu devstack@keystone.service[68013]: ERROR keystone.server.flask.application     self.dialect.do_execute(
Apr 09 19:29:04 ubuntu devstack@keystone.service[68013]: ERROR keystone.server.flask.application   File "/opt/stack/data/venv/lib/python3.12/site-packages/sqlalchemy/engine/default.py", line 952, in do_execute
Apr 09 19:29:04 ubuntu devstack@keystone.service[68013]: ERROR keystone.server.flask.application     cursor.execute(statement, parameters)
Apr 09 19:29:04 ubuntu devstack@keystone.service[68013]: ERROR keystone.server.flask.application   File "/opt/stack/data/venv/lib/python3.12/site-packages/pymysql/cursors.py", line 153, in execute
Apr 09 19:29:04 ubuntu devstack@keystone.service[68013]: ERROR keystone.server.flask.application     result = self._query(query)
Apr 09 19:29:04 ubuntu devstack@keystone.service[68013]: ERROR keystone.server.flask.application              ^^^^^^^^^^^^^^^^^^
Apr 09 19:29:04 ubuntu devstack@keystone.service[68013]: ERROR keystone.server.flask.application   File "/opt/stack/data/venv/lib/python3.12/site-packages/pymysql/cursors.py", line 322, in _query
Apr 09 19:29:04 ubuntu devstack@keystone.service[68013]: ERROR keystone.server.flask.application     conn.query(q)
Apr 09 19:29:04 ubuntu devstack@keystone.service[68013]: ERROR keystone.server.flask.application   File "/opt/stack/data/venv/lib/python3.12/site-packages/pymysql/connections.py", line 575, in query
Apr 09 19:29:04 ubuntu devstack@keystone.service[68013]: ERROR keystone.server.flask.application     self._affected_rows = self._read_query_result(unbuffered=unbuffered)
Apr 09 19:29:04 ubuntu devstack@keystone.service[68013]: ERROR keystone.server.flask.application                           ^^^^^^^^^^^^^^^^^^^^^^^^^^^^^^^^^^^^^^^^^^^^^^
Apr 09 19:29:04 ubuntu devstack@keystone.service[68013]: ERROR keystone.server.flask.application   File "/opt/stack/data/venv/lib/python3.12/site-packages/pymysql/connections.py", line 826, in _read_query_result
Apr 09 19:29:04 ubuntu devstack@keystone.service[68013]: ERROR keystone.server.flask.application     result.read()
Apr 09 19:29:04 ubuntu devstack@keystone.service[68013]: ERROR keystone.server.flask.application   File "/opt/stack/data/venv/lib/python3.12/site-packages/pymysql/connections.py", line 1203, in read
Apr 09 19:29:04 ubuntu devstack@keystone.service[68013]: ERROR keystone.server.flask.application     first_packet = self.connection._read_packet()
Apr 09 19:29:04 ubuntu devstack@keystone.service[68013]: ERROR keystone.server.flask.application                    ^^^^^^^^^^^^^^^^^^^^^^^^^^^^^^
Apr 09 19:29:04 ubuntu devstack@keystone.service[68013]: ERROR keystone.server.flask.application   File "/opt/stack/data/venv/lib/python3.12/site-packages/pymysql/connections.py", line 782, in _read_packet
Apr 09 19:29:04 ubuntu devstack@keystone.service[68013]: ERROR keystone.server.flask.application     packet.raise_for_error()
Apr 09 19:29:04 ubuntu devstack@keystone.service[68013]: ERROR keystone.server.flask.application   File "/opt/stack/data/venv/lib/python3.12/site-packages/pymysql/protocol.py", line 219, in raise_for_error
Apr 09 19:29:04 ubuntu devstack@keystone.service[68013]: ERROR keystone.server.flask.application     err.raise_mysql_exception(self._data)
Apr 09 19:29:04 ubuntu devstack@keystone.service[68013]: ERROR keystone.server.flask.application   File "/opt/stack/data/venv/lib/python3.12/site-packages/pymysql/err.py", line 150, in raise_mysql_exception
Apr 09 19:29:04 ubuntu devstack@keystone.service[68013]: ERROR keystone.server.flask.application     raise errorclass(errno, errval)
Apr 09 19:29:04 ubuntu devstack@keystone.service[68013]: ERROR keystone.server.flask.application oslo_db.exception.DBDuplicateEntry: (pymysql.err.IntegrityError) (1062, "Duplicate entry 'service-<<null>>' for key 'role.ixu_role_name_domain_id'")
Apr 09 19:29:04 ubuntu devstack@keystone.service[68013]: ERROR keystone.server.flask.application [SQL: INSERT INTO `role` (id, name, description, extra) VALUES (%(id)s, %(name)s, %(description)s, %(extra)s)]
Apr 09 19:29:04 ubuntu devstack@keystone.service[68013]: ERROR keystone.server.flask.application [parameters: {'id': 'e3834705d36a4977a52c3af5b8d04a81', 'name': 'service', 'description': None, 'extra': '{}'}]
Apr 09 19:29:04 ubuntu devstack@keystone.service[68013]: ERROR keystone.server.flask.application (Background on this error at: https://sqlalche.me/e/20/gkpj)
Apr 09 19:29:04 ubuntu devstack@keystone.service[68013]: ERROR keystone.server.flask.application 
Apr 09 19:29:04 ubuntu devstack@keystone.service[68013]: ERROR keystone.server.flask.application During handling of the above exception, another exception occurred:
Apr 09 19:29:04 ubuntu devstack@keystone.service[68013]: ERROR keystone.server.flask.application 
Apr 09 19:29:04 ubuntu devstack@keystone.service[68013]: ERROR keystone.server.flask.application Traceback (most recent call last):
Apr 09 19:29:04 ubuntu devstack@keystone.service[68013]: ERROR keystone.server.flask.application   File "/opt/stack/data/venv/lib/python3.12/site-packages/flask_restful/__init__.py", line 295, in error_router
Apr 09 19:29:04 ubuntu devstack@keystone.service[68013]: ERROR keystone.server.flask.application     return self.handle_error(e)
Apr 09 19:29:04 ubuntu devstack@keystone.service[68013]: ERROR keystone.server.flask.application            ^^^^^^^^^^^^^^^^^^^^
Apr 09 19:29:04 ubuntu devstack@keystone.service[68013]: ERROR keystone.server.flask.application   File "/opt/stack/data/venv/lib/python3.12/site-packages/flask_restful/__init__.py", line 310, in handle_error
Apr 09 19:29:04 ubuntu devstack@keystone.service[68013]: ERROR keystone.server.flask.application     _handle_flask_propagate_exceptions_config(current_app, e)
Apr 09 19:29:04 ubuntu devstack@keystone.service[68013]: ERROR keystone.server.flask.application   File "/opt/stack/data/venv/lib/python3.12/site-packages/flask/app.py", line 917, in full_dispatch_request
Apr 09 19:29:04 ubuntu devstack@keystone.service[68013]: ERROR keystone.server.flask.application     rv = self.dispatch_request()
Apr 09 19:29:04 ubuntu devstack@keystone.service[68013]: ERROR keystone.server.flask.application          ^^^^^^^^^^^^^^^^^^^^^^^
Apr 09 19:29:04 ubuntu devstack@keystone.service[68013]: ERROR keystone.server.flask.application   File "/opt/stack/data/venv/lib/python3.12/site-packages/flask/app.py", line 902, in dispatch_request
Apr 09 19:29:04 ubuntu devstack@keystone.service[68013]: ERROR keystone.server.flask.application     return self.ensure_sync(self.view_functions[rule.endpoint])(**view_args)  # type: ignore[no-any-return]
Apr 09 19:29:04 ubuntu devstack@keystone.service[68013]: ERROR keystone.server.flask.application            ^^^^^^^^^^^^^^^^^^^^^^^^^^^^^^^^^^^^^^^^^^^^^^^^^^^^^^^^^^^^^^^^^
Apr 09 19:29:04 ubuntu devstack@keystone.service[68013]: ERROR keystone.server.flask.application   File "/opt/stack/data/venv/lib/python3.12/site-packages/flask_restful/__init__.py", line 489, in wrapper
Apr 09 19:29:04 ubuntu devstack@keystone.service[68013]: ERROR keystone.server.flask.application     resp = resource(*args, **kwargs)
Apr 09 19:29:04 ubuntu devstack@keystone.service[68013]: ERROR keystone.server.flask.application            ^^^^^^^^^^^^^^^^^^^^^^^^^
Apr 09 19:29:04 ubuntu devstack@keystone.service[68013]: ERROR keystone.server.flask.application   File "/opt/stack/data/venv/lib/python3.12/site-packages/flask/views.py", line 110, in view
Apr 09 19:29:04 ubuntu devstack@keystone.service[68013]: ERROR keystone.server.flask.application     return current_app.ensure_sync(self.dispatch_request)(**kwargs)  # type: ignore[no-any-return]
Apr 09 19:29:04 ubuntu devstack@keystone.service[68013]: ERROR keystone.server.flask.application            ^^^^^^^^^^^^^^^^^^^^^^^^^^^^^^^^^^^^^^^^^^^^^^^^^^^^^^^^
Apr 09 19:29:04 ubuntu devstack@keystone.service[68013]: ERROR keystone.server.flask.application   File "/opt/stack/data/venv/lib/python3.12/site-packages/flask_restful/__init__.py", line 604, in dispatch_request
Apr 09 19:29:04 ubuntu devstack@keystone.service[68013]: ERROR keystone.server.flask.application     resp = meth(*args, **kwargs)
Apr 09 19:29:04 ubuntu devstack@keystone.service[68013]: ERROR keystone.server.flask.application            ^^^^^^^^^^^^^^^^^^^^^
Apr 09 19:29:04 ubuntu devstack@keystone.service[68013]: ERROR keystone.server.flask.application   File "/opt/stack/keystone/keystone/api/validation/__init__.py", line 86, in wrapper
Apr 09 19:29:04 ubuntu devstack@keystone.service[68013]: ERROR keystone.server.flask.application     return func(*args, **kwargs)
Apr 09 19:29:04 ubuntu devstack@keystone.service[68013]: ERROR keystone.server.flask.application            ^^^^^^^^^^^^^^^^^^^^^
Apr 09 19:29:04 ubuntu devstack@keystone.service[68013]: ERROR keystone.server.flask.application   File "/opt/stack/keystone/keystone/api/validation/__init__.py", line 145, in wrapper
Apr 09 19:29:04 ubuntu devstack@keystone.service[68013]: ERROR keystone.server.flask.application     response = func(*args, **kwargs)
Apr 09 19:29:04 ubuntu devstack@keystone.service[68013]: ERROR keystone.server.flask.application                ^^^^^^^^^^^^^^^^^^^^^
Apr 09 19:29:04 ubuntu devstack@keystone.service[68013]: ERROR keystone.server.flask.application   File "/opt/stack/keystone/keystone/api/roles.py", line 91, in post
Apr 09 19:29:04 ubuntu devstack@keystone.service[68013]: ERROR keystone.server.flask.application     ref = PROVIDERS.role_api.create_role(
Apr 09 19:29:04 ubuntu devstack@keystone.service[68013]: ERROR keystone.server.flask.application           ^^^^^^^^^^^^^^^^^^^^^^^^^^^^^^^
Apr 09 19:29:04 ubuntu devstack@keystone.service[68013]: ERROR keystone.server.flask.application   File "/opt/stack/keystone/keystone/common/manager.py", line 114, in wrapped
Apr 09 19:29:04 ubuntu devstack@keystone.service[68013]: ERROR keystone.server.flask.application     __ret_val = __f(*args, **kwargs)
Apr 09 19:29:04 ubuntu devstack@keystone.service[68013]: ERROR keystone.server.flask.application                 ^^^^^^^^^^^^^^^^^^^^
Apr 09 19:29:04 ubuntu devstack@keystone.service[68013]: ERROR keystone.server.flask.application   File "/opt/stack/keystone/keystone/assignment/core.py", line 1494, in create_role
Apr 09 19:29:04 ubuntu devstack@keystone.service[68013]: ERROR keystone.server.flask.application     ret = self.driver.create_role(role_id, role)
Apr 09 19:29:04 ubuntu devstack@keystone.service[68013]: ERROR keystone.server.flask.application           ^^^^^^^^^^^^^^^^^^^^^^^^^^^^^^^^^^^^^^
Apr 09 19:29:04 ubuntu devstack@keystone.service[68013]: ERROR keystone.server.flask.application   File "/opt/stack/keystone/keystone/common/sql/core.py", line 614, in wrapper
Apr 09 19:29:04 ubuntu devstack@keystone.service[68013]: ERROR keystone.server.flask.application     raise exception.Conflict(type=conflict_type, details=msg)
Apr 09 19:29:04 ubuntu devstack@keystone.service[68013]: ERROR keystone.server.flask.application keystone.exception.Conflict: Conflict occurred attempting to store role - Duplicate entry found with name service.
Apr 09 19:29:04 ubuntu devstack@keystone.service[68013]: ERROR keystone.server.flask.application 
Apr 09 19:29:04 ubuntu devstack@keystone.service[68013]: [pid: 68013|app: 0|req: 17/34] 10.120.125.137 () {62 vars in 1199 bytes} [Thu Apr  9 19:29:03 2026] POST /identity/v3/roles => generated 140 bytes in 90 msecs (HTTP/1.1 409) 5 headers in 183 bytes (1 switches on core 0)
Apr 09 19:29:04 ubuntu devstack@keystone.service[68013]: DEBUG keystone.server.flask.request_processing.middleware.auth_context [None req-a49d97eb-f61d-4cb1-9733-f48da4c84799 None admin] Authenticating user token {{(pid=68013) process_request /opt/stack/data/venv/lib/python3.12/site-packages/keystonemiddleware/auth_token/__init__.py:407}}
Apr 09 19:29:04 ubuntu devstack@keystone.service[68012]: [pid: 68012|app: 0|req: 18/35] 10.120.125.137 () {60 vars in 1048 bytes} [Thu Apr  9 19:29:04 2026] POST /identity/v3/auth/tokens => generated 863 bytes in 50 msecs (HTTP/1.1 201) 6 headers in 363 bytes (1 switches on core 0)
Apr 09 19:29:04 ubuntu devstack@keystone.service[68012]: DEBUG keystone.server.flask.request_processing.req_logging [None req-f63780bd-9331-4eeb-8070-018c862f3a39 None None] REQUEST_METHOD: `GET` {{(pid=68012) log_request_info /opt/stack/keystone/keystone/server/flask/request_processing/req_logging.py:26}}
Apr 09 19:29:04 ubuntu devstack@keystone.service[68012]: DEBUG keystone.server.flask.request_processing.req_logging [None req-f63780bd-9331-4eeb-8070-018c862f3a39 None None] SCRIPT_NAME: `/identity` {{(pid=68012) log_request_info /opt/stack/keystone/keystone/server/flask/request_processing/req_logging.py:27}}
Apr 09 19:29:04 ubuntu devstack@keystone.service[68012]: DEBUG keystone.server.flask.request_processing.req_logging [None req-f63780bd-9331-4eeb-8070-018c862f3a39 None None] PATH_INFO: `/` {{(pid=68012) log_request_info /opt/stack/keystone/keystone/server/flask/request_processing/req_logging.py:28}}
Apr 09 19:29:04 ubuntu devstack@keystone.service[68012]: [pid: 68012|app: 0|req: 19/36] 10.120.125.137 () {56 vars in 951 bytes} [Thu Apr  9 19:29:04 2026] GET /identity => generated 271 bytes in 1 msecs (HTTP/1.1 300) 6 headers in 235 bytes (1 switches on core 0)
Apr 09 19:29:04 ubuntu devstack@keystone.service[68013]: DEBUG keystone.server.flask.request_processing.middleware.auth_context [None req-a49d97eb-f61d-4cb1-9733-f48da4c84799 None admin] Validating token access rules against request {{(pid=68013) validate_allowed_request /opt/stack/data/venv/lib/python3.12/site-packages/keystonemiddleware/auth_token/__init__.py:545}}
Apr 09 19:29:04 ubuntu devstack@keystone.service[68012]: DEBUG keystone.server.flask.request_processing.middleware.auth_context [None req-f63780bd-9331-4eeb-8070-018c862f3a39 None None] Authenticating user token {{(pid=68012) process_request /opt/stack/data/venv/lib/python3.12/site-packages/keystonemiddleware/auth_token/__init__.py:407}}
Apr 09 19:29:04 ubuntu devstack@keystone.service[68013]: DEBUG keystone.server.flask.request_processing.middleware.auth_context [None req-506e8f81-e545-4f91-9d7f-726cb7d8cf5a None admin] RBAC: auth_context: {'token': <TokenModel (audit_id=zATSGDvGShO4bLIdTvDbQg, audit_chain_id=['zATSGDvGShO4bLIdTvDbQg']) at 0x75eb94cbc0e0>, 'domain_id': None, 'trust_id': None, 'trustor_id': None, 'trustee_id': None, 'domain_name': None, 'group_ids': [], 'user_id': 'db9ea3958a4540228923c93b9a5fad73', 'user_domain_id': 'default', 'system_scope': 'all', 'project_id': None, 'project_domain_id': None, 'roles': ['admin', 'manager', 'member', 'reader'], 'is_admin_project': True, 'service_user_id': None, 'service_user_domain_id': None, 'service_project_id': None, 'service_project_domain_id': None, 'service_roles': []} {{(pid=68013) fill_context /opt/stack/keystone/keystone/server/flask/request_processing/middleware/auth_context.py:509}}
Apr 09 19:29:04 ubuntu devstack@keystone.service[68013]: DEBUG keystone.server.flask.request_processing.req_logging [None req-506e8f81-e545-4f91-9d7f-726cb7d8cf5a None admin] REQUEST_METHOD: `GET` {{(pid=68013) log_request_info /opt/stack/keystone/keystone/server/flask/request_processing/req_logging.py:26}}
Apr 09 19:29:04 ubuntu devstack@keystone.service[68013]: DEBUG keystone.server.flask.request_processing.req_logging [None req-506e8f81-e545-4f91-9d7f-726cb7d8cf5a None admin] SCRIPT_NAME: `/identity` {{(pid=68013) log_request_info /opt/stack/keystone/keystone/server/flask/request_processing/req_logging.py:27}}
Apr 09 19:29:04 ubuntu devstack@keystone.service[68013]: DEBUG keystone.server.flask.request_processing.req_logging [None req-506e8f81-e545-4f91-9d7f-726cb7d8cf5a None admin] PATH_INFO: `/v3/users/db9ea3958a4540228923c93b9a5fad73` {{(pid=68013) log_request_info /opt/stack/keystone/keystone/server/flask/request_processing/req_logging.py:28}}
Apr 09 19:29:04 ubuntu devstack@keystone.service[68013]: DEBUG keystone.common.rbac_enforcer.enforcer [None req-506e8f81-e545-4f91-9d7f-726cb7d8cf5a None admin] RBAC: Authorizing `identity:get_user(user_id=db9ea3958a4540228923c93b9a5fad73)` {{(pid=68013) enforce_call /opt/stack/keystone/keystone/common/rbac_enforcer/enforcer.py:494}}
Apr 09 19:29:04 ubuntu devstack@keystone.service[68013]: DEBUG keystone.common.rbac_enforcer.enforcer [None req-506e8f81-e545-4f91-9d7f-726cb7d8cf5a None admin] RBAC: Authorization granted {{(pid=68013) enforce_call /opt/stack/keystone/keystone/common/rbac_enforcer/enforcer.py:505}}
Apr 09 19:29:04 ubuntu devstack@keystone.service[68013]: [pid: 68013|app: 0|req: 18/37] 10.120.125.137 () {58 vars in 1245 bytes} [Thu Apr  9 19:29:04 2026] GET /identity/v3/users/db9ea3958a4540228923c93b9a5fad73 => generated 248 bytes in 54 msecs (HTTP/1.1 200) 5 headers in 177 bytes (1 switches on core 0)
Apr 09 19:29:04 ubuntu devstack@keystone.service[68013]: DEBUG keystone.server.flask.request_processing.middleware.auth_context [None req-506e8f81-e545-4f91-9d7f-726cb7d8cf5a None admin] Authenticating user token {{(pid=68013) process_request /opt/stack/data/venv/lib/python3.12/site-packages/keystonemiddleware/auth_token/__init__.py:407}}
Apr 09 19:29:04 ubuntu devstack@keystone.service[68012]: DEBUG keystone.server.flask.request_processing.middleware.auth_context [None req-f63780bd-9331-4eeb-8070-018c862f3a39 None None] Validating token access rules against request {{(pid=68012) validate_allowed_request /opt/stack/data/venv/lib/python3.12/site-packages/keystonemiddleware/auth_token/__init__.py:545}}
Apr 09 19:29:04 ubuntu devstack@keystone.service[68013]: DEBUG keystone.server.flask.request_processing.middleware.auth_context [None req-506e8f81-e545-4f91-9d7f-726cb7d8cf5a None admin] Validating token access rules against request {{(pid=68013) validate_allowed_request /opt/stack/data/venv/lib/python3.12/site-packages/keystonemiddleware/auth_token/__init__.py:545}}
Apr 09 19:29:04 ubuntu devstack@keystone.service[68012]: DEBUG keystone.server.flask.request_processing.middleware.auth_context [None req-8a180335-4fd1-4fd1-9346-c4870ec5d97b None admin] RBAC: auth_context: {'token': <TokenModel (audit_id=6cVBMq43R3Co3EsAt7hu4A, audit_chain_id=['6cVBMq43R3Co3EsAt7hu4A']) at 0x75eb94dfda90>, 'domain_id': None, 'trust_id': None, 'trustor_id': None, 'trustee_id': None, 'domain_name': None, 'group_ids': [], 'user_id': 'db9ea3958a4540228923c93b9a5fad73', 'user_domain_id': 'default', 'system_scope': 'all', 'project_id': None, 'project_domain_id': None, 'roles': ['admin', 'manager', 'member', 'reader'], 'is_admin_project': True, 'service_user_id': None, 'service_user_domain_id': None, 'service_project_id': None, 'service_project_domain_id': None, 'service_roles': []} {{(pid=68012) fill_context /opt/stack/keystone/keystone/server/flask/request_processing/middleware/auth_context.py:509}}
Apr 09 19:29:04 ubuntu devstack@keystone.service[68012]: DEBUG keystone.server.flask.request_processing.req_logging [None req-8a180335-4fd1-4fd1-9346-c4870ec5d97b None admin] REQUEST_METHOD: `GET` {{(pid=68012) log_request_info /opt/stack/keystone/keystone/server/flask/request_processing/req_logging.py:26}}
Apr 09 19:29:04 ubuntu devstack@keystone.service[68012]: DEBUG keystone.server.flask.request_processing.req_logging [None req-8a180335-4fd1-4fd1-9346-c4870ec5d97b None admin] SCRIPT_NAME: `/identity` {{(pid=68012) log_request_info /opt/stack/keystone/keystone/server/flask/request_processing/req_logging.py:27}}
Apr 09 19:29:04 ubuntu devstack@keystone.service[68012]: DEBUG keystone.server.flask.request_processing.req_logging [None req-8a180335-4fd1-4fd1-9346-c4870ec5d97b None admin] PATH_INFO: `/v3/domains/Default` {{(pid=68012) log_request_info /opt/stack/keystone/keystone/server/flask/request_processing/req_logging.py:28}}
Apr 09 19:29:04 ubuntu devstack@keystone.service[68012]: DEBUG keystone.common.rbac_enforcer.enforcer [None req-8a180335-4fd1-4fd1-9346-c4870ec5d97b None admin] RBAC: Authorizing `identity:get_domain(domain_id=Default)` {{(pid=68012) enforce_call /opt/stack/keystone/keystone/common/rbac_enforcer/enforcer.py:494}}
Apr 09 19:29:04 ubuntu devstack@keystone.service[68012]: DEBUG keystone.common.rbac_enforcer.enforcer [None req-8a180335-4fd1-4fd1-9346-c4870ec5d97b None admin] RBAC: Authorization granted {{(pid=68012) enforce_call /opt/stack/keystone/keystone/common/rbac_enforcer/enforcer.py:505}}
Apr 09 19:29:04 ubuntu devstack@keystone.service[68012]: DEBUG keystone.server.flask.application [None req-8a180335-4fd1-4fd1-9346-c4870ec5d97b None admin] Could not find domain: Default. {{(pid=68012) _handle_keystone_exception /opt/stack/keystone/keystone/server/flask/application.py:146}}
Apr 09 19:29:04 ubuntu devstack@keystone.service[68012]: [pid: 68012|app: 0|req: 20/38] 10.120.125.137 () {58 vars in 1176 bytes} [Thu Apr  9 19:29:04 2026] GET /identity/v3/domains/Default => generated 87 bytes in 68 msecs (HTTP/1.1 404) 5 headers in 183 bytes (2 switches on core 0)
Apr 09 19:29:04 ubuntu devstack@keystone.service[68013]: DEBUG keystone.server.flask.request_processing.middleware.auth_context [None req-df0af400-44dc-410d-81ab-a44ca42b76d1 None admin] RBAC: auth_context: {'token': <TokenModel (audit_id=FoD7MxvKQoOiN-3U02xGOw, audit_chain_id=['FoD7MxvKQoOiN-3U02xGOw']) at 0x75eb94cbe180>, 'domain_id': None, 'trust_id': None, 'trustor_id': None, 'trustee_id': None, 'domain_name': None, 'group_ids': [], 'user_id': 'db9ea3958a4540228923c93b9a5fad73', 'user_domain_id': 'default', 'system_scope': 'all', 'project_id': None, 'project_domain_id': None, 'roles': ['admin', 'manager', 'member', 'reader'], 'is_admin_project': True, 'service_user_id': None, 'service_user_domain_id': None, 'service_project_id': None, 'service_project_domain_id': None, 'service_roles': []} {{(pid=68013) fill_context /opt/stack/keystone/keystone/server/flask/request_processing/middleware/auth_context.py:509}}
Apr 09 19:29:04 ubuntu devstack@keystone.service[68013]: DEBUG keystone.server.flask.request_processing.req_logging [None req-df0af400-44dc-410d-81ab-a44ca42b76d1 None admin] REQUEST_METHOD: `GET` {{(pid=68013) log_request_info /opt/stack/keystone/keystone/server/flask/request_processing/req_logging.py:26}}
Apr 09 19:29:04 ubuntu devstack@keystone.service[68013]: DEBUG keystone.server.flask.request_processing.req_logging [None req-df0af400-44dc-410d-81ab-a44ca42b76d1 None admin] SCRIPT_NAME: `/identity` {{(pid=68013) log_request_info /opt/stack/keystone/keystone/server/flask/request_processing/req_logging.py:27}}
Apr 09 19:29:04 ubuntu devstack@keystone.service[68013]: DEBUG keystone.server.flask.request_processing.req_logging [None req-df0af400-44dc-410d-81ab-a44ca42b76d1 None admin] PATH_INFO: `/v3/roles/service` {{(pid=68013) log_request_info /opt/stack/keystone/keystone/server/flask/request_processing/req_logging.py:28}}
Apr 09 19:29:04 ubuntu devstack@keystone.service[68012]: DEBUG keystone.server.flask.request_processing.middleware.auth_context [None req-8a180335-4fd1-4fd1-9346-c4870ec5d97b None admin] Authenticating user token {{(pid=68012) process_request /opt/stack/data/venv/lib/python3.12/site-packages/keystonemiddleware/auth_token/__init__.py:407}}
Apr 09 19:29:04 ubuntu devstack@keystone.service[68013]: DEBUG keystone.common.rbac_enforcer.enforcer [None req-df0af400-44dc-410d-81ab-a44ca42b76d1 None admin] Extracting inferred target data resulted in "NOT FOUND (404)". {{(pid=68013) enforce_call /opt/stack/keystone/keystone/common/rbac_enforcer/enforcer.py:445}}
Apr 09 19:29:04 ubuntu devstack@keystone.service[68013]: DEBUG keystone.server.flask.application [None req-df0af400-44dc-410d-81ab-a44ca42b76d1 None admin] Could not find role: service. {{(pid=68013) _handle_keystone_exception /opt/stack/keystone/keystone/server/flask/application.py:146}}
Apr 09 19:29:04 ubuntu devstack@keystone.service[68013]: [pid: 68013|app: 0|req: 19/39] 10.120.125.137 () {58 vars in 1170 bytes} [Thu Apr  9 19:29:04 2026] GET /identity/v3/roles/service => generated 85 bytes in 55 msecs (HTTP/1.1 404) 5 headers in 183 bytes (1 switches on core 0)
Apr 09 19:29:04 ubuntu devstack@keystone.service[68012]: DEBUG keystone.server.flask.request_processing.middleware.auth_context [None req-8a180335-4fd1-4fd1-9346-c4870ec5d97b None admin] Validating token access rules against request {{(pid=68012) validate_allowed_request /opt/stack/data/venv/lib/python3.12/site-packages/keystonemiddleware/auth_token/__init__.py:545}}
Apr 09 19:29:04 ubuntu devstack@keystone.service[68013]: DEBUG keystone.server.flask.request_processing.middleware.auth_context [None req-df0af400-44dc-410d-81ab-a44ca42b76d1 None admin] Authenticating user token {{(pid=68013) process_request /opt/stack/data/venv/lib/python3.12/site-packages/keystonemiddleware/auth_token/__init__.py:407}}
Apr 09 19:29:04 ubuntu devstack@keystone.service[68012]: DEBUG keystone.server.flask.request_processing.middleware.auth_context [None req-e52ce280-5635-483b-9d84-ac6fc94b22ca None admin] RBAC: auth_context: {'token': <TokenModel (audit_id=zATSGDvGShO4bLIdTvDbQg, audit_chain_id=['zATSGDvGShO4bLIdTvDbQg']) at 0x75eb94e29700>, 'domain_id': None, 'trust_id': None, 'trustor_id': None, 'trustee_id': None, 'domain_name': None, 'group_ids': [], 'user_id': 'db9ea3958a4540228923c93b9a5fad73', 'user_domain_id': 'default', 'system_scope': 'all', 'project_id': None, 'project_domain_id': None, 'roles': ['admin', 'manager', 'member', 'reader'], 'is_admin_project': True, 'service_user_id': None, 'service_user_domain_id': None, 'service_project_id': None, 'service_project_domain_id': None, 'service_roles': []} {{(pid=68012) fill_context /opt/stack/keystone/keystone/server/flask/request_processing/middleware/auth_context.py:509}}
Apr 09 19:29:04 ubuntu devstack@keystone.service[68012]: DEBUG keystone.server.flask.request_processing.req_logging [None req-e52ce280-5635-483b-9d84-ac6fc94b22ca None admin] REQUEST_METHOD: `GET` {{(pid=68012) log_request_info /opt/stack/keystone/keystone/server/flask/request_processing/req_logging.py:26}}
Apr 09 19:29:04 ubuntu devstack@keystone.service[68012]: DEBUG keystone.server.flask.request_processing.req_logging [None req-e52ce280-5635-483b-9d84-ac6fc94b22ca None admin] SCRIPT_NAME: `/identity` {{(pid=68012) log_request_info /opt/stack/keystone/keystone/server/flask/request_processing/req_logging.py:27}}
Apr 09 19:29:04 ubuntu devstack@keystone.service[68012]: DEBUG keystone.server.flask.request_processing.req_logging [None req-e52ce280-5635-483b-9d84-ac6fc94b22ca None admin] PATH_INFO: `/v3/domains/default` {{(pid=68012) log_request_info /opt/stack/keystone/keystone/server/flask/request_processing/req_logging.py:28}}
Apr 09 19:29:04 ubuntu devstack@keystone.service[68012]: DEBUG keystone.common.rbac_enforcer.enforcer [None req-e52ce280-5635-483b-9d84-ac6fc94b22ca None admin] RBAC: Authorizing `identity:get_domain(domain_id=default)` {{(pid=68012) enforce_call /opt/stack/keystone/keystone/common/rbac_enforcer/enforcer.py:494}}
Apr 09 19:29:04 ubuntu devstack@keystone.service[68012]: DEBUG keystone.common.rbac_enforcer.enforcer [None req-e52ce280-5635-483b-9d84-ac6fc94b22ca None admin] RBAC: Authorization granted {{(pid=68012) enforce_call /opt/stack/keystone/keystone/common/rbac_enforcer/enforcer.py:505}}
Apr 09 19:29:04 ubuntu devstack@keystone.service[68012]: [pid: 68012|app: 0|req: 21/40] 10.120.125.137 () {58 vars in 1176 bytes} [Thu Apr  9 19:29:04 2026] GET /identity/v3/domains/default => generated 200 bytes in 52 msecs (HTTP/1.1 200) 5 headers in 177 bytes (1 switches on core 0)
Apr 09 19:29:04 ubuntu devstack@keystone.service[68012]: DEBUG keystone.server.flask.request_processing.middleware.auth_context [None req-e52ce280-5635-483b-9d84-ac6fc94b22ca None admin] Authenticating user token {{(pid=68012) process_request /opt/stack/data/venv/lib/python3.12/site-packages/keystonemiddleware/auth_token/__init__.py:407}}
Apr 09 19:29:04 ubuntu devstack@keystone.service[68013]: DEBUG keystone.server.flask.request_processing.middleware.auth_context [None req-df0af400-44dc-410d-81ab-a44ca42b76d1 None admin] Validating token access rules against request {{(pid=68013) validate_allowed_request /opt/stack/data/venv/lib/python3.12/site-packages/keystonemiddleware/auth_token/__init__.py:545}}
Apr 09 19:29:04 ubuntu devstack@keystone.service[68012]: DEBUG keystone.server.flask.request_processing.middleware.auth_context [None req-e52ce280-5635-483b-9d84-ac6fc94b22ca None admin] Validating token access rules against request {{(pid=68012) validate_allowed_request /opt/stack/data/venv/lib/python3.12/site-packages/keystonemiddleware/auth_token/__init__.py:545}}
Apr 09 19:29:04 ubuntu devstack@keystone.service[68013]: DEBUG keystone.server.flask.request_processing.middleware.auth_context [None req-b37a8152-1bbf-4001-9089-6654ace22335 None admin] RBAC: auth_context: {'token': <TokenModel (audit_id=6cVBMq43R3Co3EsAt7hu4A, audit_chain_id=['6cVBMq43R3Co3EsAt7hu4A']) at 0x75eb94cbf1a0>, 'domain_id': None, 'trust_id': None, 'trustor_id': None, 'trustee_id': None, 'domain_name': None, 'group_ids': [], 'user_id': 'db9ea3958a4540228923c93b9a5fad73', 'user_domain_id': 'default', 'system_scope': 'all', 'project_id': None, 'project_domain_id': None, 'roles': ['admin', 'manager', 'member', 'reader'], 'is_admin_project': True, 'service_user_id': None, 'service_user_domain_id': None, 'service_project_id': None, 'service_project_domain_id': None, 'service_roles': []} {{(pid=68013) fill_context /opt/stack/keystone/keystone/server/flask/request_processing/middleware/auth_context.py:509}}
Apr 09 19:29:04 ubuntu devstack@keystone.service[68013]: DEBUG keystone.server.flask.request_processing.req_logging [None req-b37a8152-1bbf-4001-9089-6654ace22335 None admin] REQUEST_METHOD: `GET` {{(pid=68013) log_request_info /opt/stack/keystone/keystone/server/flask/request_processing/req_logging.py:26}}
Apr 09 19:29:04 ubuntu devstack@keystone.service[68013]: DEBUG keystone.server.flask.request_processing.req_logging [None req-b37a8152-1bbf-4001-9089-6654ace22335 None admin] SCRIPT_NAME: `/identity` {{(pid=68013) log_request_info /opt/stack/keystone/keystone/server/flask/request_processing/req_logging.py:27}}
Apr 09 19:29:04 ubuntu devstack@keystone.service[68013]: DEBUG keystone.server.flask.request_processing.req_logging [None req-b37a8152-1bbf-4001-9089-6654ace22335 None admin] PATH_INFO: `/v3/domains` {{(pid=68013) log_request_info /opt/stack/keystone/keystone/server/flask/request_processing/req_logging.py:28}}
Apr 09 19:29:04 ubuntu devstack@keystone.service[68013]: DEBUG keystone.common.rbac_enforcer.enforcer [None req-b37a8152-1bbf-4001-9089-6654ace22335 None admin] RBAC: Adding query filter params (name=Default) {{(pid=68013) _extract_filter_values /opt/stack/keystone/keystone/common/rbac_enforcer/enforcer.py:176}}
Apr 09 19:29:04 ubuntu devstack@keystone.service[68013]: DEBUG keystone.common.rbac_enforcer.enforcer [None req-b37a8152-1bbf-4001-9089-6654ace22335 None admin] RBAC: Authorizing `identity:list_domains()` {{(pid=68013) enforce_call /opt/stack/keystone/keystone/common/rbac_enforcer/enforcer.py:494}}
Apr 09 19:29:04 ubuntu devstack@keystone.service[68013]: DEBUG keystone.common.rbac_enforcer.enforcer [None req-b37a8152-1bbf-4001-9089-6654ace22335 None admin] RBAC: Authorization granted {{(pid=68013) enforce_call /opt/stack/keystone/keystone/common/rbac_enforcer/enforcer.py:505}}
Apr 09 19:29:04 ubuntu devstack@keystone.service[68012]: DEBUG keystone.server.flask.request_processing.middleware.auth_context [None req-ff0eecfd-6066-417b-90f8-9f9c666d0569 None admin] RBAC: auth_context: {'token': <TokenModel (audit_id=FoD7MxvKQoOiN-3U02xGOw, audit_chain_id=['FoD7MxvKQoOiN-3U02xGOw']) at 0x75eb94de6450>, 'domain_id': None, 'trust_id': None, 'trustor_id': None, 'trustee_id': None, 'domain_name': None, 'group_ids': [], 'user_id': 'db9ea3958a4540228923c93b9a5fad73', 'user_domain_id': 'default', 'system_scope': 'all', 'project_id': None, 'project_domain_id': None, 'roles': ['admin', 'manager', 'member', 'reader'], 'is_admin_project': True, 'service_user_id': None, 'service_user_domain_id': None, 'service_project_id': None, 'service_project_domain_id': None, 'service_roles': []} {{(pid=68012) fill_context /opt/stack/keystone/keystone/server/flask/request_processing/middleware/auth_context.py:509}}
Apr 09 19:29:04 ubuntu devstack@keystone.service[68012]: DEBUG keystone.server.flask.request_processing.req_logging [None req-ff0eecfd-6066-417b-90f8-9f9c666d0569 None admin] REQUEST_METHOD: `GET` {{(pid=68012) log_request_info /opt/stack/keystone/keystone/server/flask/request_processing/req_logging.py:26}}
Apr 09 19:29:04 ubuntu devstack@keystone.service[68012]: DEBUG keystone.server.flask.request_processing.req_logging [None req-ff0eecfd-6066-417b-90f8-9f9c666d0569 None admin] SCRIPT_NAME: `/identity` {{(pid=68012) log_request_info /opt/stack/keystone/keystone/server/flask/request_processing/req_logging.py:27}}
Apr 09 19:29:04 ubuntu devstack@keystone.service[68012]: DEBUG keystone.server.flask.request_processing.req_logging [None req-ff0eecfd-6066-417b-90f8-9f9c666d0569 None admin] PATH_INFO: `/v3/roles` {{(pid=68012) log_request_info /opt/stack/keystone/keystone/server/flask/request_processing/req_logging.py:28}}
Apr 09 19:29:04 ubuntu devstack@keystone.service[68012]: DEBUG keystone.common.rbac_enforcer.enforcer [None req-ff0eecfd-6066-417b-90f8-9f9c666d0569 None admin] RBAC: Adding query filter params (name=service) {{(pid=68012) _extract_filter_values /opt/stack/keystone/keystone/common/rbac_enforcer/enforcer.py:176}}
Apr 09 19:29:04 ubuntu devstack@keystone.service[68012]: DEBUG keystone.common.rbac_enforcer.enforcer [None req-ff0eecfd-6066-417b-90f8-9f9c666d0569 None admin] RBAC: Authorizing `identity:list_roles()` {{(pid=68012) enforce_call /opt/stack/keystone/keystone/common/rbac_enforcer/enforcer.py:494}}
Apr 09 19:29:04 ubuntu devstack@keystone.service[68012]: DEBUG keystone.common.rbac_enforcer.enforcer [None req-ff0eecfd-6066-417b-90f8-9f9c666d0569 None admin] RBAC: Authorization granted {{(pid=68012) enforce_call /opt/stack/keystone/keystone/common/rbac_enforcer/enforcer.py:505}}
Apr 09 19:29:04 ubuntu devstack@keystone.service[68013]: [pid: 68013|app: 0|req: 20/41] 10.120.125.137 () {58 vars in 1190 bytes} [Thu Apr  9 19:29:04 2026] GET /identity/v3/domains?name=Default => generated 310 bytes in 66 msecs (HTTP/1.1 200) 5 headers in 177 bytes (1 switches on core 0)
Apr 09 19:29:04 ubuntu devstack@keystone.service[68013]: DEBUG keystone.server.flask.request_processing.req_logging [None req-be4f2a68-72ca-48aa-901f-d6c654b9aee5 None None] REQUEST_METHOD: `POST` {{(pid=68013) log_request_info /opt/stack/keystone/keystone/server/flask/request_processing/req_logging.py:26}}
Apr 09 19:29:04 ubuntu devstack@keystone.service[68013]: DEBUG keystone.server.flask.request_processing.req_logging [None req-be4f2a68-72ca-48aa-901f-d6c654b9aee5 None None] SCRIPT_NAME: `/identity` {{(pid=68013) log_request_info /opt/stack/keystone/keystone/server/flask/request_processing/req_logging.py:27}}
Apr 09 19:29:04 ubuntu devstack@keystone.service[68013]: DEBUG keystone.server.flask.request_processing.req_logging [None req-be4f2a68-72ca-48aa-901f-d6c654b9aee5 None None] PATH_INFO: `/v3/auth/tokens` {{(pid=68013) log_request_info /opt/stack/keystone/keystone/server/flask/request_processing/req_logging.py:28}}
Apr 09 19:29:04 ubuntu devstack@keystone.service[68012]: [pid: 68012|app: 0|req: 22/42] 10.120.125.137 () {58 vars in 1184 bytes} [Thu Apr  9 19:29:04 2026] GET /identity/v3/roles?name=service => generated 345 bytes in 56 msecs (HTTP/1.1 200) 5 headers in 177 bytes (1 switches on core 0)
Apr 09 19:29:04 ubuntu devstack@keystone.service[68012]: DEBUG keystone.server.flask.request_processing.middleware.auth_context [None req-ff0eecfd-6066-417b-90f8-9f9c666d0569 None admin] Authenticating user token {{(pid=68012) process_request /opt/stack/data/venv/lib/python3.12/site-packages/keystonemiddleware/auth_token/__init__.py:407}}
Apr 09 19:29:04 ubuntu devstack@keystone.service[68013]: WARNING keystone.common.password_hashing [None req-be4f2a68-72ca-48aa-901f-d6c654b9aee5 None None] Truncating password to algorithm specific maximum length 72 characters.
Apr 09 19:29:04 ubuntu devstack@keystone.service[68013]: DEBUG keystone.auth.core [None req-be4f2a68-72ca-48aa-901f-d6c654b9aee5 None None] MFA Rules not processed for user `db9ea3958a4540228923c93b9a5fad73`. Rule list: `[]` (Enabled: `True`). {{(pid=68013) check_auth_methods_against_rules /opt/stack/keystone/keystone/auth/core.py:476}}
Apr 09 19:29:04 ubuntu devstack@keystone.service[68013]: DEBUG keystone.common.fernet_utils [None req-be4f2a68-72ca-48aa-901f-d6c654b9aee5 None None] Loaded 2 Fernet keys from /etc/keystone/fernet-keys/, but `[fernet_tokens] max_active_keys = 3`; perhaps there have not been enough key rotations to reach `max_active_keys` yet? {{(pid=68013) load_keys /opt/stack/keystone/keystone/common/fernet_utils.py:297}}
Apr 09 19:29:04 ubuntu devstack@keystone.service[68012]: DEBUG keystone.server.flask.request_processing.middleware.auth_context [None req-ff0eecfd-6066-417b-90f8-9f9c666d0569 None admin] Validating token access rules against request {{(pid=68012) validate_allowed_request /opt/stack/data/venv/lib/python3.12/site-packages/keystonemiddleware/auth_token/__init__.py:545}}
Apr 09 19:29:04 ubuntu devstack@keystone.service[68013]: [pid: 68013|app: 0|req: 21/43] 10.120.125.137 () {60 vars in 1048 bytes} [Thu Apr  9 19:29:04 2026] POST /identity/v3/auth/tokens => generated 863 bytes in 52 msecs (HTTP/1.1 201) 6 headers in 363 bytes (1 switches on core 0)
Apr 09 19:29:04 ubuntu devstack@keystone.service[68013]: DEBUG keystone.server.flask.request_processing.middleware.auth_context [None req-be4f2a68-72ca-48aa-901f-d6c654b9aee5 None None] Authenticating user token {{(pid=68013) process_request /opt/stack/data/venv/lib/python3.12/site-packages/keystonemiddleware/auth_token/__init__.py:407}}
Apr 09 19:29:04 ubuntu devstack@keystone.service[68012]: DEBUG keystone.server.flask.request_processing.middleware.auth_context [None req-d27aa405-0424-401c-bd6b-91408f6d0e6f None admin] RBAC: auth_context: {'token': <TokenModel (audit_id=zATSGDvGShO4bLIdTvDbQg, audit_chain_id=['zATSGDvGShO4bLIdTvDbQg']) at 0x75eb94de4920>, 'domain_id': None, 'trust_id': None, 'trustor_id': None, 'trustee_id': None, 'domain_name': None, 'group_ids': [], 'user_id': 'db9ea3958a4540228923c93b9a5fad73', 'user_domain_id': 'default', 'system_scope': 'all', 'project_id': None, 'project_domain_id': None, 'roles': ['admin', 'manager', 'member', 'reader'], 'is_admin_project': True, 'service_user_id': None, 'service_user_domain_id': None, 'service_project_id': None, 'service_project_domain_id': None, 'service_roles': []} {{(pid=68012) fill_context /opt/stack/keystone/keystone/server/flask/request_processing/middleware/auth_context.py:509}}
Apr 09 19:29:04 ubuntu devstack@keystone.service[68012]: DEBUG keystone.server.flask.request_processing.req_logging [None req-d27aa405-0424-401c-bd6b-91408f6d0e6f None admin] REQUEST_METHOD: `GET` {{(pid=68012) log_request_info /opt/stack/keystone/keystone/server/flask/request_processing/req_logging.py:26}}
Apr 09 19:29:04 ubuntu devstack@keystone.service[68012]: DEBUG keystone.server.flask.request_processing.req_logging [None req-d27aa405-0424-401c-bd6b-91408f6d0e6f None admin] SCRIPT_NAME: `/identity` {{(pid=68012) log_request_info /opt/stack/keystone/keystone/server/flask/request_processing/req_logging.py:27}}
Apr 09 19:29:04 ubuntu devstack@keystone.service[68012]: DEBUG keystone.server.flask.request_processing.req_logging [None req-d27aa405-0424-401c-bd6b-91408f6d0e6f None admin] PATH_INFO: `/v3/role_assignments` {{(pid=68012) log_request_info /opt/stack/keystone/keystone/server/flask/request_processing/req_logging.py:28}}
Apr 09 19:29:04 ubuntu devstack@keystone.service[68012]: DEBUG keystone.common.rbac_enforcer.enforcer [None req-d27aa405-0424-401c-bd6b-91408f6d0e6f None admin] RBAC: Adding query filter params (role.id=97389820fd8646f099141ea7f57e337f, scope.domain.id=default, user.id=db9ea3958a4540228923c93b9a5fad73) {{(pid=68012) _extract_filter_values /opt/stack/keystone/keystone/common/rbac_enforcer/enforcer.py:176}}
Apr 09 19:29:04 ubuntu devstack@keystone.service[68012]: DEBUG keystone.common.rbac_enforcer.enforcer [None req-d27aa405-0424-401c-bd6b-91408f6d0e6f None admin] RBAC: Authorizing `identity:list_role_assignments()` {{(pid=68012) enforce_call /opt/stack/keystone/keystone/common/rbac_enforcer/enforcer.py:494}}
Apr 09 19:29:04 ubuntu devstack@keystone.service[68012]: DEBUG keystone.common.rbac_enforcer.enforcer [None req-d27aa405-0424-401c-bd6b-91408f6d0e6f None admin] RBAC: Authorization granted {{(pid=68012) enforce_call /opt/stack/keystone/keystone/common/rbac_enforcer/enforcer.py:505}}
Apr 09 19:29:04 ubuntu devstack@keystone.service[68012]: [pid: 68012|app: 0|req: 23/44] 10.120.125.137 () {58 vars in 1403 bytes} [Thu Apr  9 19:29:04 2026] GET /identity/v3/role_assignments?role.id=97389820fd8646f099141ea7f57e337f&scope.domain.id=default&user.id=db9ea3958a4540228923c93b9a5fad73 => generated 532 bytes in 64 msecs (HTTP/1.1 200) 5 headers in 177 bytes (1 switches on core 0)
Apr 09 19:29:04 ubuntu devstack@keystone.service[68013]: DEBUG keystone.server.flask.request_processing.middleware.auth_context [None req-be4f2a68-72ca-48aa-901f-d6c654b9aee5 None None] Validating token access rules against request {{(pid=68013) validate_allowed_request /opt/stack/data/venv/lib/python3.12/site-packages/keystonemiddleware/auth_token/__init__.py:545}}
Apr 09 19:29:04 ubuntu devstack@keystone.service[68013]: DEBUG keystone.server.flask.request_processing.middleware.auth_context [None req-965a7c93-ac8a-4eb7-bf44-08112a917296 None admin] RBAC: auth_context: {'token': <TokenModel (audit_id=QYGXUdYyRi2BaE0vdkeGaw, audit_chain_id=['QYGXUdYyRi2BaE0vdkeGaw']) at 0x75eb9500d100>, 'domain_id': None, 'trust_id': None, 'trustor_id': None, 'trustee_id': None, 'domain_name': None, 'group_ids': [], 'user_id': 'db9ea3958a4540228923c93b9a5fad73', 'user_domain_id': 'default', 'system_scope': 'all', 'project_id': None, 'project_domain_id': None, 'roles': ['admin', 'manager', 'member', 'reader'], 'is_admin_project': True, 'service_user_id': None, 'service_user_domain_id': None, 'service_project_id': None, 'service_project_domain_id': None, 'service_roles': []} {{(pid=68013) fill_context /opt/stack/keystone/keystone/server/flask/request_processing/middleware/auth_context.py:509}}
Apr 09 19:29:04 ubuntu devstack@keystone.service[68013]: DEBUG keystone.server.flask.request_processing.req_logging [None req-965a7c93-ac8a-4eb7-bf44-08112a917296 None admin] REQUEST_METHOD: `POST` {{(pid=68013) log_request_info /opt/stack/keystone/keystone/server/flask/request_processing/req_logging.py:26}}
Apr 09 19:29:04 ubuntu devstack@keystone.service[68013]: DEBUG keystone.server.flask.request_processing.req_logging [None req-965a7c93-ac8a-4eb7-bf44-08112a917296 None admin] SCRIPT_NAME: `/identity` {{(pid=68013) log_request_info /opt/stack/keystone/keystone/server/flask/request_processing/req_logging.py:27}}
Apr 09 19:29:04 ubuntu devstack@keystone.service[68013]: DEBUG keystone.server.flask.request_processing.req_logging [None req-965a7c93-ac8a-4eb7-bf44-08112a917296 None admin] PATH_INFO: `/v3/roles` {{(pid=68013) log_request_info /opt/stack/keystone/keystone/server/flask/request_processing/req_logging.py:28}}
Apr 09 19:29:04 ubuntu devstack@keystone.service[68013]: DEBUG keystone.common.rbac_enforcer.enforcer [None req-965a7c93-ac8a-4eb7-bf44-08112a917296 None admin] RBAC: Authorizing `identity:create_role()` {{(pid=68013) enforce_call /opt/stack/keystone/keystone/common/rbac_enforcer/enforcer.py:494}}
Apr 09 19:29:04 ubuntu devstack@keystone.service[68013]: DEBUG keystone.common.rbac_enforcer.enforcer [None req-965a7c93-ac8a-4eb7-bf44-08112a917296 None admin] RBAC: Authorization granted {{(pid=68013) enforce_call /opt/stack/keystone/keystone/common/rbac_enforcer/enforcer.py:505}}
Apr 09 19:29:04 ubuntu devstack@keystone.service[68012]: DEBUG keystone.server.flask.request_processing.middleware.auth_context [None req-d27aa405-0424-401c-bd6b-91408f6d0e6f None admin] Authenticating user token {{(pid=68012) process_request /opt/stack/data/venv/lib/python3.12/site-packages/keystonemiddleware/auth_token/__init__.py:407}}
Apr 09 19:29:04 ubuntu devstack@keystone.service[68013]: [pid: 68013|app: 0|req: 22/45] 10.120.125.137 () {62 vars in 1199 bytes} [Thu Apr  9 19:29:04 2026] POST /identity/v3/roles => generated 226 bytes in 123 msecs (HTTP/1.1 201) 5 headers in 182 bytes (1 switches on core 0)
Apr 09 19:29:04 ubuntu devstack@keystone.service[68013]: DEBUG keystone.server.flask.request_processing.middleware.auth_context [None req-965a7c93-ac8a-4eb7-bf44-08112a917296 None admin] Authenticating user token {{(pid=68013) process_request /opt/stack/data/venv/lib/python3.12/site-packages/keystonemiddleware/auth_token/__init__.py:407}}
Apr 09 19:29:04 ubuntu devstack@keystone.service[68012]: DEBUG keystone.server.flask.request_processing.middleware.auth_context [None req-d27aa405-0424-401c-bd6b-91408f6d0e6f None admin] Validating token access rules against request {{(pid=68012) validate_allowed_request /opt/stack/data/venv/lib/python3.12/site-packages/keystonemiddleware/auth_token/__init__.py:545}}
Apr 09 19:29:04 ubuntu devstack@keystone.service[68013]: DEBUG keystone.server.flask.request_processing.middleware.auth_context [None req-965a7c93-ac8a-4eb7-bf44-08112a917296 None admin] Validating token access rules against request {{(pid=68013) validate_allowed_request /opt/stack/data/venv/lib/python3.12/site-packages/keystonemiddleware/auth_token/__init__.py:545}}
Apr 09 19:29:04 ubuntu devstack@keystone.service[68012]: DEBUG keystone.server.flask.request_processing.middleware.auth_context [None req-d048f33e-385a-42ee-b109-bbd936ef1d7a None admin] RBAC: auth_context: {'token': <TokenModel (audit_id=6cVBMq43R3Co3EsAt7hu4A, audit_chain_id=['6cVBMq43R3Co3EsAt7hu4A']) at 0x75eb94de6090>, 'domain_id': None, 'trust_id': None, 'trustor_id': None, 'trustee_id': None, 'domain_name': None, 'group_ids': [], 'user_id': 'db9ea3958a4540228923c93b9a5fad73', 'user_domain_id': 'default', 'system_scope': 'all', 'project_id': None, 'project_domain_id': None, 'roles': ['admin', 'manager', 'member', 'reader'], 'is_admin_project': True, 'service_user_id': None, 'service_user_domain_id': None, 'service_project_id': None, 'service_project_domain_id': None, 'service_roles': []} {{(pid=68012) fill_context /opt/stack/keystone/keystone/server/flask/request_processing/middleware/auth_context.py:509}}
Apr 09 19:29:04 ubuntu devstack@keystone.service[68012]: DEBUG keystone.server.flask.request_processing.req_logging [None req-d048f33e-385a-42ee-b109-bbd936ef1d7a None admin] REQUEST_METHOD: `POST` {{(pid=68012) log_request_info /opt/stack/keystone/keystone/server/flask/request_processing/req_logging.py:26}}
Apr 09 19:29:04 ubuntu devstack@keystone.service[68012]: DEBUG keystone.server.flask.request_processing.req_logging [None req-d048f33e-385a-42ee-b109-bbd936ef1d7a None admin] SCRIPT_NAME: `/identity` {{(pid=68012) log_request_info /opt/stack/keystone/keystone/server/flask/request_processing/req_logging.py:27}}
Apr 09 19:29:04 ubuntu devstack@keystone.service[68012]: DEBUG keystone.server.flask.request_processing.req_logging [None req-d048f33e-385a-42ee-b109-bbd936ef1d7a None admin] PATH_INFO: `/v3/projects` {{(pid=68012) log_request_info /opt/stack/keystone/keystone/server/flask/request_processing/req_logging.py:28}}
Apr 09 19:29:04 ubuntu devstack@keystone.service[68012]: DEBUG keystone.common.rbac_enforcer.enforcer [None req-d048f33e-385a-42ee-b109-bbd936ef1d7a None admin] RBAC: Authorizing `identity:create_project()` {{(pid=68012) enforce_call /opt/stack/keystone/keystone/common/rbac_enforcer/enforcer.py:494}}
Apr 09 19:29:04 ubuntu devstack@keystone.service[68012]: DEBUG keystone.common.rbac_enforcer.enforcer [None req-d048f33e-385a-42ee-b109-bbd936ef1d7a None admin] RBAC: Authorization granted {{(pid=68012) enforce_call /opt/stack/keystone/keystone/common/rbac_enforcer/enforcer.py:505}}
Apr 09 19:29:04 ubuntu devstack@keystone.service[68013]: DEBUG keystone.server.flask.request_processing.middleware.auth_context [None req-6f23169a-082b-438c-bb65-efeebc237729 None admin] RBAC: auth_context: {'token': <TokenModel (audit_id=vzPmsSnCTnWUONVwNTNUQQ, audit_chain_id=['vzPmsSnCTnWUONVwNTNUQQ']) at 0x75eb94c0b620>, 'domain_id': None, 'trust_id': None, 'trustor_id': None, 'trustee_id': None, 'domain_name': None, 'group_ids': [], 'user_id': 'db9ea3958a4540228923c93b9a5fad73', 'user_domain_id': 'default', 'system_scope': 'all', 'project_id': None, 'project_domain_id': None, 'roles': ['admin', 'manager', 'member', 'reader'], 'is_admin_project': True, 'service_user_id': None, 'service_user_domain_id': None, 'service_project_id': None, 'service_project_domain_id': None, 'service_roles': []} {{(pid=68013) fill_context /opt/stack/keystone/keystone/server/flask/request_processing/middleware/auth_context.py:509}}
Apr 09 19:29:04 ubuntu devstack@keystone.service[68013]: DEBUG keystone.server.flask.request_processing.req_logging [None req-6f23169a-082b-438c-bb65-efeebc237729 None admin] REQUEST_METHOD: `GET` {{(pid=68013) log_request_info /opt/stack/keystone/keystone/server/flask/request_processing/req_logging.py:26}}
