Apr 09 19:29:01 ubuntu devstack@keystone.service[68012]: DEBUG keystone.server.flask.request_processing.middleware.auth_context [None req-0890094f-6ff2-4834-be71-0737a7a763af None admin] RBAC: auth_context: {'token': <TokenModel (audit_id=A2W7Zu9DSWynV646fjZ4AA, audit_chain_id=['A2W7Zu9DSWynV646fjZ4AA']) at 0x75eb94ffefc0>, 'domain_id': None, 'trust_id': None, 'trustor_id': None, 'trustee_id': None, 'domain_name': None, 'group_ids': [], 'user_id': 'db9ea3958a4540228923c93b9a5fad73', 'user_domain_id': 'default', 'system_scope': 'all', 'project_id': None, 'project_domain_id': None, 'roles': ['admin', 'manager', 'member', 'reader'], 'is_admin_project': True, 'service_user_id': None, 'service_user_domain_id': None, 'service_project_id': None, 'service_project_domain_id': None, 'service_roles': []} {{(pid=68012) fill_context /opt/stack/keystone/keystone/server/flask/request_processing/middleware/auth_context.py:509}}
Apr 09 19:29:01 ubuntu devstack@keystone.service[68012]: DEBUG keystone.server.flask.request_processing.req_logging [None req-0890094f-6ff2-4834-be71-0737a7a763af None admin] REQUEST_METHOD: `PUT` {{(pid=68012) log_request_info /opt/stack/keystone/keystone/server/flask/request_processing/req_logging.py:26}}
Apr 09 19:29:01 ubuntu devstack@keystone.service[68012]: DEBUG keystone.server.flask.request_processing.req_logging [None req-0890094f-6ff2-4834-be71-0737a7a763af None admin] SCRIPT_NAME: `/identity` {{(pid=68012) log_request_info /opt/stack/keystone/keystone/server/flask/request_processing/req_logging.py:27}}
Apr 09 19:29:01 ubuntu devstack@keystone.service[68012]: DEBUG keystone.server.flask.request_processing.req_logging [None req-0890094f-6ff2-4834-be71-0737a7a763af None admin] PATH_INFO: `/v3/domains/default/users/db9ea3958a4540228923c93b9a5fad73/roles/97389820fd8646f099141ea7f57e337f` {{(pid=68012) log_request_info /opt/stack/keystone/keystone/server/flask/request_processing/req_logging.py:28}}
Apr 09 19:29:01 ubuntu devstack@keystone.service[68012]: DEBUG keystone.common.rbac_enforcer.enforcer [None req-0890094f-6ff2-4834-be71-0737a7a763af None admin] RBAC: Authorizing `identity:create_grant(domain_id=default, user_id=db9ea3958a4540228923c93b9a5fad73, role_id=97389820fd8646f099141ea7f57e337f)` {{(pid=68012) enforce_call /opt/stack/keystone/keystone/common/rbac_enforcer/enforcer.py:494}}
Apr 09 19:29:01 ubuntu devstack@keystone.service[68012]: DEBUG keystone.common.rbac_enforcer.enforcer [None req-0890094f-6ff2-4834-be71-0737a7a763af None admin] RBAC: Authorization granted {{(pid=68012) enforce_call /opt/stack/keystone/keystone/common/rbac_enforcer/enforcer.py:505}}
Apr 09 19:29:01 ubuntu devstack@keystone.service[68013]: DEBUG keystone.server.flask.request_processing.middleware.auth_context [None req-058a7e2f-a464-44ab-b66f-e6c96789995e None admin] Validating token access rules against request {{(pid=68013) validate_allowed_request /opt/stack/data/venv/lib/python3.12/site-packages/keystonemiddleware/auth_token/__init__.py:545}}
Apr 09 19:29:01 ubuntu devstack@keystone.service[68013]: DEBUG keystone.server.flask.request_processing.middleware.auth_context [None req-0f078b25-aa2c-454c-b182-d14b2c89ff7a None admin] RBAC: auth_context: {'token': <TokenModel (audit_id=rydHXnxTSLmyDWAkVbHEqw, audit_chain_id=['rydHXnxTSLmyDWAkVbHEqw']) at 0x75eb94dce720>, 'domain_id': None, 'trust_id': None, 'trustor_id': None, 'trustee_id': None, 'domain_name': None, 'group_ids': [], 'user_id': 'db9ea3958a4540228923c93b9a5fad73', 'user_domain_id': 'default', 'system_scope': 'all', 'project_id': None, 'project_domain_id': None, 'roles': ['admin', 'manager', 'member', 'reader'], 'is_admin_project': True, 'service_user_id': None, 'service_user_domain_id': None, 'service_project_id': None, 'service_project_domain_id': None, 'service_roles': []} {{(pid=68013) fill_context /opt/stack/keystone/keystone/server/flask/request_processing/middleware/auth_context.py:509}}
Apr 09 19:29:01 ubuntu devstack@keystone.service[68013]: DEBUG keystone.server.flask.request_processing.req_logging [None req-0f078b25-aa2c-454c-b182-d14b2c89ff7a None admin] REQUEST_METHOD: `GET` {{(pid=68013) log_request_info /opt/stack/keystone/keystone/server/flask/request_processing/req_logging.py:26}}
Apr 09 19:29:01 ubuntu devstack@keystone.service[68013]: DEBUG keystone.server.flask.request_processing.req_logging [None req-0f078b25-aa2c-454c-b182-d14b2c89ff7a None admin] SCRIPT_NAME: `/identity` {{(pid=68013) log_request_info /opt/stack/keystone/keystone/server/flask/request_processing/req_logging.py:27}}
Apr 09 19:29:01 ubuntu devstack@keystone.service[68013]: DEBUG keystone.server.flask.request_processing.req_logging [None req-0f078b25-aa2c-454c-b182-d14b2c89ff7a None admin] PATH_INFO: `/v3/domains` {{(pid=68013) log_request_info /opt/stack/keystone/keystone/server/flask/request_processing/req_logging.py:28}}
Apr 09 19:29:01 ubuntu devstack@keystone.service[68013]: DEBUG keystone.common.rbac_enforcer.enforcer [None req-0f078b25-aa2c-454c-b182-d14b2c89ff7a None admin] RBAC: Adding query filter params (name=Default) {{(pid=68013) _extract_filter_values /opt/stack/keystone/keystone/common/rbac_enforcer/enforcer.py:176}}
Apr 09 19:29:01 ubuntu devstack@keystone.service[68013]: DEBUG keystone.common.rbac_enforcer.enforcer [None req-0f078b25-aa2c-454c-b182-d14b2c89ff7a None admin] RBAC: Authorizing `identity:list_domains()` {{(pid=68013) enforce_call /opt/stack/keystone/keystone/common/rbac_enforcer/enforcer.py:494}}
Apr 09 19:29:01 ubuntu devstack@keystone.service[68013]: DEBUG keystone.common.rbac_enforcer.enforcer [None req-0f078b25-aa2c-454c-b182-d14b2c89ff7a None admin] RBAC: Authorization granted {{(pid=68013) enforce_call /opt/stack/keystone/keystone/common/rbac_enforcer/enforcer.py:505}}
Apr 09 19:29:01 ubuntu devstack@keystone.service[68013]: [pid: 68013|app: 0|req: 11/21] 10.120.125.137 () {58 vars in 1190 bytes} [Thu Apr  9 19:29:01 2026] GET /identity/v3/domains?name=Default => generated 310 bytes in 87 msecs (HTTP/1.1 200) 5 headers in 177 bytes (1 switches on core 0)
Apr 09 19:29:01 ubuntu devstack@keystone.service[68012]: [pid: 68012|app: 0|req: 11/22] 10.120.125.137 () {60 vars in 1429 bytes} [Thu Apr  9 19:29:01 2026] PUT /identity/v3/domains/default/users/db9ea3958a4540228923c93b9a5fad73/roles/97389820fd8646f099141ea7f57e337f => generated 0 bytes in 132 msecs (HTTP/1.1 204) 3 headers in 132 bytes (1 switches on core 0)
Apr 09 19:29:03 ubuntu devstack@keystone.service[68013]: DEBUG keystone.server.flask.request_processing.req_logging [None req-82273ea1-7a7a-45cd-9f87-1fea39e780c1 None None] REQUEST_METHOD: `GET` {{(pid=68013) log_request_info /opt/stack/keystone/keystone/server/flask/request_processing/req_logging.py:26}}
Apr 09 19:29:03 ubuntu devstack@keystone.service[68012]: DEBUG keystone.server.flask.request_processing.req_logging [None req-69d0852f-6a54-496c-acd6-84a960c7d7cc None None] REQUEST_METHOD: `GET` {{(pid=68012) log_request_info /opt/stack/keystone/keystone/server/flask/request_processing/req_logging.py:26}}
Apr 09 19:29:03 ubuntu devstack@keystone.service[68013]: DEBUG keystone.server.flask.request_processing.req_logging [None req-82273ea1-7a7a-45cd-9f87-1fea39e780c1 None None] SCRIPT_NAME: `/identity` {{(pid=68013) log_request_info /opt/stack/keystone/keystone/server/flask/request_processing/req_logging.py:27}}
Apr 09 19:29:03 ubuntu devstack@keystone.service[68012]: DEBUG keystone.server.flask.request_processing.req_logging [None req-69d0852f-6a54-496c-acd6-84a960c7d7cc None None] SCRIPT_NAME: `/identity` {{(pid=68012) log_request_info /opt/stack/keystone/keystone/server/flask/request_processing/req_logging.py:27}}
Apr 09 19:29:03 ubuntu devstack@keystone.service[68013]: DEBUG keystone.server.flask.request_processing.req_logging [None req-82273ea1-7a7a-45cd-9f87-1fea39e780c1 None None] PATH_INFO: `/` {{(pid=68013) log_request_info /opt/stack/keystone/keystone/server/flask/request_processing/req_logging.py:28}}
Apr 09 19:29:03 ubuntu devstack@keystone.service[68012]: DEBUG keystone.server.flask.request_processing.req_logging [None req-69d0852f-6a54-496c-acd6-84a960c7d7cc None None] PATH_INFO: `/` {{(pid=68012) log_request_info /opt/stack/keystone/keystone/server/flask/request_processing/req_logging.py:28}}
Apr 09 19:29:03 ubuntu devstack@keystone.service[68013]: [pid: 68013|app: 0|req: 12/23] 10.120.125.137 () {56 vars in 951 bytes} [Thu Apr  9 19:29:03 2026] GET /identity => generated 271 bytes in 2 msecs (HTTP/1.1 300) 6 headers in 235 bytes (1 switches on core 0)
Apr 09 19:29:03 ubuntu devstack@keystone.service[68012]: [pid: 68012|app: 0|req: 12/24] 10.120.125.137 () {56 vars in 951 bytes} [Thu Apr  9 19:29:03 2026] GET /identity => generated 271 bytes in 2 msecs (HTTP/1.1 300) 6 headers in 235 bytes (1 switches on core 0)
Apr 09 19:29:03 ubuntu devstack@keystone.service[68012]: DEBUG keystone.server.flask.request_processing.req_logging [None req-3ca125ed-cdd1-41f3-9016-1b6057ceddec None None] REQUEST_METHOD: `POST` {{(pid=68012) log_request_info /opt/stack/keystone/keystone/server/flask/request_processing/req_logging.py:26}}
Apr 09 19:29:03 ubuntu devstack@keystone.service[68012]: DEBUG keystone.server.flask.request_processing.req_logging [None req-3ca125ed-cdd1-41f3-9016-1b6057ceddec None None] SCRIPT_NAME: `/identity` {{(pid=68012) log_request_info /opt/stack/keystone/keystone/server/flask/request_processing/req_logging.py:27}}
Apr 09 19:29:03 ubuntu devstack@keystone.service[68013]: DEBUG keystone.server.flask.request_processing.req_logging [None req-38a91ede-e566-4793-9e1c-a0149191b71b None None] REQUEST_METHOD: `POST` {{(pid=68013) log_request_info /opt/stack/keystone/keystone/server/flask/request_processing/req_logging.py:26}}
Apr 09 19:29:03 ubuntu devstack@keystone.service[68012]: DEBUG keystone.server.flask.request_processing.req_logging [None req-3ca125ed-cdd1-41f3-9016-1b6057ceddec None None] PATH_INFO: `/v3/auth/tokens` {{(pid=68012) log_request_info /opt/stack/keystone/keystone/server/flask/request_processing/req_logging.py:28}}
Apr 09 19:29:03 ubuntu devstack@keystone.service[68013]: DEBUG keystone.server.flask.request_processing.req_logging [None req-38a91ede-e566-4793-9e1c-a0149191b71b None None] SCRIPT_NAME: `/identity` {{(pid=68013) log_request_info /opt/stack/keystone/keystone/server/flask/request_processing/req_logging.py:27}}
Apr 09 19:29:03 ubuntu devstack@keystone.service[68013]: DEBUG keystone.server.flask.request_processing.req_logging [None req-38a91ede-e566-4793-9e1c-a0149191b71b None None] PATH_INFO: `/v3/auth/tokens` {{(pid=68013) log_request_info /opt/stack/keystone/keystone/server/flask/request_processing/req_logging.py:28}}
Apr 09 19:29:03 ubuntu devstack@keystone.service[68012]: WARNING keystone.common.password_hashing [None req-3ca125ed-cdd1-41f3-9016-1b6057ceddec None None] Truncating password to algorithm specific maximum length 72 characters.
Apr 09 19:29:03 ubuntu devstack@keystone.service[68013]: WARNING keystone.common.password_hashing [None req-38a91ede-e566-4793-9e1c-a0149191b71b None None] Truncating password to algorithm specific maximum length 72 characters.
Apr 09 19:29:03 ubuntu devstack@keystone.service[68013]: DEBUG keystone.auth.core [None req-38a91ede-e566-4793-9e1c-a0149191b71b None None] MFA Rules not processed for user `db9ea3958a4540228923c93b9a5fad73`. Rule list: `[]` (Enabled: `True`). {{(pid=68013) check_auth_methods_against_rules /opt/stack/keystone/keystone/auth/core.py:476}}
Apr 09 19:29:03 ubuntu devstack@keystone.service[68012]: DEBUG keystone.auth.core [None req-3ca125ed-cdd1-41f3-9016-1b6057ceddec None None] MFA Rules not processed for user `db9ea3958a4540228923c93b9a5fad73`. Rule list: `[]` (Enabled: `True`). {{(pid=68012) check_auth_methods_against_rules /opt/stack/keystone/keystone/auth/core.py:476}}
Apr 09 19:29:03 ubuntu devstack@keystone.service[68013]: DEBUG keystone.common.fernet_utils [None req-38a91ede-e566-4793-9e1c-a0149191b71b None None] Loaded 2 Fernet keys from /etc/keystone/fernet-keys/, but `[fernet_tokens] max_active_keys = 3`; perhaps there have not been enough key rotations to reach `max_active_keys` yet? {{(pid=68013) load_keys /opt/stack/keystone/keystone/common/fernet_utils.py:297}}
Apr 09 19:29:03 ubuntu devstack@keystone.service[68012]: DEBUG keystone.common.fernet_utils [None req-3ca125ed-cdd1-41f3-9016-1b6057ceddec None None] Loaded 2 Fernet keys from /etc/keystone/fernet-keys/, but `[fernet_tokens] max_active_keys = 3`; perhaps there have not been enough key rotations to reach `max_active_keys` yet? {{(pid=68012) load_keys /opt/stack/keystone/keystone/common/fernet_utils.py:297}}
Apr 09 19:29:03 ubuntu devstack@keystone.service[68012]: [pid: 68012|app: 0|req: 13/25] 10.120.125.137 () {60 vars in 1048 bytes} [Thu Apr  9 19:29:03 2026] POST /identity/v3/auth/tokens => generated 863 bytes in 71 msecs (HTTP/1.1 201) 6 headers in 363 bytes (1 switches on core 0)
Apr 09 19:29:03 ubuntu devstack@keystone.service[68013]: [pid: 68013|app: 0|req: 13/26] 10.120.125.137 () {60 vars in 1048 bytes} [Thu Apr  9 19:29:03 2026] POST /identity/v3/auth/tokens => generated 863 bytes in 76 msecs (HTTP/1.1 201) 6 headers in 363 bytes (1 switches on core 0)
Apr 09 19:29:03 ubuntu devstack@keystone.service[68012]: DEBUG keystone.server.flask.request_processing.req_logging [None req-804e4d5b-5a36-40cc-a05a-db406a3448ea None None] REQUEST_METHOD: `GET` {{(pid=68012) log_request_info /opt/stack/keystone/keystone/server/flask/request_processing/req_logging.py:26}}
Apr 09 19:29:03 ubuntu devstack@keystone.service[68012]: DEBUG keystone.server.flask.request_processing.req_logging [None req-804e4d5b-5a36-40cc-a05a-db406a3448ea None None] SCRIPT_NAME: `/identity` {{(pid=68012) log_request_info /opt/stack/keystone/keystone/server/flask/request_processing/req_logging.py:27}}
Apr 09 19:29:03 ubuntu devstack@keystone.service[68012]: DEBUG keystone.server.flask.request_processing.req_logging [None req-804e4d5b-5a36-40cc-a05a-db406a3448ea None None] PATH_INFO: `/` {{(pid=68012) log_request_info /opt/stack/keystone/keystone/server/flask/request_processing/req_logging.py:28}}
Apr 09 19:29:03 ubuntu devstack@keystone.service[68012]: [pid: 68012|app: 0|req: 14/27] 10.120.125.137 () {56 vars in 951 bytes} [Thu Apr  9 19:29:03 2026] GET /identity => generated 271 bytes in 1 msecs (HTTP/1.1 300) 6 headers in 235 bytes (1 switches on core 0)
Apr 09 19:29:03 ubuntu devstack@keystone.service[68013]: DEBUG keystone.server.flask.request_processing.req_logging [None req-5e3bad1b-dcfa-454b-8706-abaf3895bfa5 None None] REQUEST_METHOD: `GET` {{(pid=68013) log_request_info /opt/stack/keystone/keystone/server/flask/request_processing/req_logging.py:26}}
Apr 09 19:29:03 ubuntu devstack@keystone.service[68013]: DEBUG keystone.server.flask.request_processing.req_logging [None req-5e3bad1b-dcfa-454b-8706-abaf3895bfa5 None None] SCRIPT_NAME: `/identity` {{(pid=68013) log_request_info /opt/stack/keystone/keystone/server/flask/request_processing/req_logging.py:27}}
Apr 09 19:29:03 ubuntu devstack@keystone.service[68013]: DEBUG keystone.server.flask.request_processing.req_logging [None req-5e3bad1b-dcfa-454b-8706-abaf3895bfa5 None None] PATH_INFO: `/` {{(pid=68013) log_request_info /opt/stack/keystone/keystone/server/flask/request_processing/req_logging.py:28}}
Apr 09 19:29:03 ubuntu devstack@keystone.service[68013]: [pid: 68013|app: 0|req: 14/28] 10.120.125.137 () {56 vars in 951 bytes} [Thu Apr  9 19:29:03 2026] GET /identity => generated 271 bytes in 2 msecs (HTTP/1.1 300) 6 headers in 235 bytes (1 switches on core 0)
Apr 09 19:29:03 ubuntu devstack@keystone.service[68012]: DEBUG keystone.server.flask.request_processing.req_logging [None req-2fbb87a5-eccc-44e5-9c3e-24ebfa66c071 None None] REQUEST_METHOD: `POST` {{(pid=68012) log_request_info /opt/stack/keystone/keystone/server/flask/request_processing/req_logging.py:26}}
Apr 09 19:29:03 ubuntu devstack@keystone.service[68012]: DEBUG keystone.server.flask.request_processing.req_logging [None req-2fbb87a5-eccc-44e5-9c3e-24ebfa66c071 None None] SCRIPT_NAME: `/identity` {{(pid=68012) log_request_info /opt/stack/keystone/keystone/server/flask/request_processing/req_logging.py:27}}
Apr 09 19:29:03 ubuntu devstack@keystone.service[68012]: DEBUG keystone.server.flask.request_processing.req_logging [None req-2fbb87a5-eccc-44e5-9c3e-24ebfa66c071 None None] PATH_INFO: `/v3/auth/tokens` {{(pid=68012) log_request_info /opt/stack/keystone/keystone/server/flask/request_processing/req_logging.py:28}}
Apr 09 19:29:03 ubuntu devstack@keystone.service[68012]: WARNING keystone.common.password_hashing [None req-2fbb87a5-eccc-44e5-9c3e-24ebfa66c071 None None] Truncating password to algorithm specific maximum length 72 characters.
Apr 09 19:29:03 ubuntu devstack@keystone.service[68012]: DEBUG keystone.auth.core [None req-2fbb87a5-eccc-44e5-9c3e-24ebfa66c071 None None] MFA Rules not processed for user `db9ea3958a4540228923c93b9a5fad73`. Rule list: `[]` (Enabled: `True`). {{(pid=68012) check_auth_methods_against_rules /opt/stack/keystone/keystone/auth/core.py:476}}
Apr 09 19:29:03 ubuntu devstack@keystone.service[68012]: DEBUG keystone.common.fernet_utils [None req-2fbb87a5-eccc-44e5-9c3e-24ebfa66c071 None None] Loaded 2 Fernet keys from /etc/keystone/fernet-keys/, but `[fernet_tokens] max_active_keys = 3`; perhaps there have not been enough key rotations to reach `max_active_keys` yet? {{(pid=68012) load_keys /opt/stack/keystone/keystone/common/fernet_utils.py:297}}
Apr 09 19:29:03 ubuntu devstack@keystone.service[68013]: DEBUG keystone.server.flask.request_processing.req_logging [None req-0c50fae0-0d84-4886-b027-dff37cc23c7b None None] REQUEST_METHOD: `POST` {{(pid=68013) log_request_info /opt/stack/keystone/keystone/server/flask/request_processing/req_logging.py:26}}
Apr 09 19:29:03 ubuntu devstack@keystone.service[68013]: DEBUG keystone.server.flask.request_processing.req_logging [None req-0c50fae0-0d84-4886-b027-dff37cc23c7b None None] SCRIPT_NAME: `/identity` {{(pid=68013) log_request_info /opt/stack/keystone/keystone/server/flask/request_processing/req_logging.py:27}}
Apr 09 19:29:03 ubuntu devstack@keystone.service[68013]: DEBUG keystone.server.flask.request_processing.req_logging [None req-0c50fae0-0d84-4886-b027-dff37cc23c7b None None] PATH_INFO: `/v3/auth/tokens` {{(pid=68013) log_request_info /opt/stack/keystone/keystone/server/flask/request_processing/req_logging.py:28}}
Apr 09 19:29:03 ubuntu devstack@keystone.service[68012]: [pid: 68012|app: 0|req: 15/29] 10.120.125.137 () {60 vars in 1047 bytes} [Thu Apr  9 19:29:03 2026] POST /identity/v3/auth/tokens => generated 863 bytes in 63 msecs (HTTP/1.1 201) 6 headers in 363 bytes (1 switches on core 0)
Apr 09 19:29:03 ubuntu devstack@keystone.service[68013]: WARNING keystone.common.password_hashing [None req-0c50fae0-0d84-4886-b027-dff37cc23c7b None None] Truncating password to algorithm specific maximum length 72 characters.
Apr 09 19:29:03 ubuntu devstack@keystone.service[68013]: DEBUG keystone.auth.core [None req-0c50fae0-0d84-4886-b027-dff37cc23c7b None None] MFA Rules not processed for user `db9ea3958a4540228923c93b9a5fad73`. Rule list: `[]` (Enabled: `True`). {{(pid=68013) check_auth_methods_against_rules /opt/stack/keystone/keystone/auth/core.py:476}}
Apr 09 19:29:03 ubuntu devstack@keystone.service[68013]: DEBUG keystone.common.fernet_utils [None req-0c50fae0-0d84-4886-b027-dff37cc23c7b None None] Loaded 2 Fernet keys from /etc/keystone/fernet-keys/, but `[fernet_tokens] max_active_keys = 3`; perhaps there have not been enough key rotations to reach `max_active_keys` yet? {{(pid=68013) load_keys /opt/stack/keystone/keystone/common/fernet_utils.py:297}}
Apr 09 19:29:03 ubuntu devstack@keystone.service[68012]: DEBUG keystone.server.flask.request_processing.middleware.auth_context [None req-2fbb87a5-eccc-44e5-9c3e-24ebfa66c071 None None] Authenticating user token {{(pid=68012) process_request /opt/stack/data/venv/lib/python3.12/site-packages/keystonemiddleware/auth_token/__init__.py:407}}
Apr 09 19:29:03 ubuntu devstack@keystone.service[68013]: [pid: 68013|app: 0|req: 15/30] 10.120.125.137 () {60 vars in 1047 bytes} [Thu Apr  9 19:29:03 2026] POST /identity/v3/auth/tokens => generated 863 bytes in 84 msecs (HTTP/1.1 201) 6 headers in 363 bytes (1 switches on core 0)
Apr 09 19:29:03 ubuntu devstack@keystone.service[68012]: DEBUG keystone.server.flask.request_processing.middleware.auth_context [None req-2fbb87a5-eccc-44e5-9c3e-24ebfa66c071 None None] Validating token access rules against request {{(pid=68012) validate_allowed_request /opt/stack/data/venv/lib/python3.12/site-packages/keystonemiddleware/auth_token/__init__.py:545}}
Apr 09 19:29:03 ubuntu devstack@keystone.service[68012]: DEBUG keystone.server.flask.request_processing.middleware.auth_context [None req-58f5fe8a-588d-4755-8f88-111dcc3d277b None admin] RBAC: auth_context: {'token': <TokenModel (audit_id=zATSGDvGShO4bLIdTvDbQg, audit_chain_id=['zATSGDvGShO4bLIdTvDbQg']) at 0x75eb94ecc140>, 'domain_id': None, 'trust_id': None, 'trustor_id': None, 'trustee_id': None, 'domain_name': None, 'group_ids': [], 'user_id': 'db9ea3958a4540228923c93b9a5fad73', 'user_domain_id': 'default', 'system_scope': 'all', 'project_id': None, 'project_domain_id': None, 'roles': ['admin', 'manager', 'member', 'reader'], 'is_admin_project': True, 'service_user_id': None, 'service_user_domain_id': None, 'service_project_id': None, 'service_project_domain_id': None, 'service_roles': []} {{(pid=68012) fill_context /opt/stack/keystone/keystone/server/flask/request_processing/middleware/auth_context.py:509}}
Apr 09 19:29:03 ubuntu devstack@keystone.service[68012]: DEBUG keystone.server.flask.request_processing.req_logging [None req-58f5fe8a-588d-4755-8f88-111dcc3d277b None admin] REQUEST_METHOD: `GET` {{(pid=68012) log_request_info /opt/stack/keystone/keystone/server/flask/request_processing/req_logging.py:26}}
Apr 09 19:29:03 ubuntu devstack@keystone.service[68012]: DEBUG keystone.server.flask.request_processing.req_logging [None req-58f5fe8a-588d-4755-8f88-111dcc3d277b None admin] SCRIPT_NAME: `/identity` {{(pid=68012) log_request_info /opt/stack/keystone/keystone/server/flask/request_processing/req_logging.py:27}}
Apr 09 19:29:03 ubuntu devstack@keystone.service[68012]: DEBUG keystone.server.flask.request_processing.req_logging [None req-58f5fe8a-588d-4755-8f88-111dcc3d277b None admin] PATH_INFO: `/v3/roles/admin` {{(pid=68012) log_request_info /opt/stack/keystone/keystone/server/flask/request_processing/req_logging.py:28}}
Apr 09 19:29:03 ubuntu devstack@keystone.service[68012]: DEBUG keystone.common.rbac_enforcer.enforcer [None req-58f5fe8a-588d-4755-8f88-111dcc3d277b None admin] Extracting inferred target data resulted in "NOT FOUND (404)". {{(pid=68012) enforce_call /opt/stack/keystone/keystone/common/rbac_enforcer/enforcer.py:445}}
Apr 09 19:29:03 ubuntu devstack@keystone.service[68012]: DEBUG keystone.server.flask.application [None req-58f5fe8a-588d-4755-8f88-111dcc3d277b None admin] Could not find role: admin. {{(pid=68012) _handle_keystone_exception /opt/stack/keystone/keystone/server/flask/application.py:146}}
Apr 09 19:29:03 ubuntu devstack@keystone.service[68012]: [pid: 68012|app: 0|req: 16/31] 10.120.125.137 () {58 vars in 1163 bytes} [Thu Apr  9 19:29:03 2026] GET /identity/v3/roles/admin => generated 83 bytes in 73 msecs (HTTP/1.1 404) 5 headers in 183 bytes (1 switches on core 0)
Apr 09 19:29:03 ubuntu devstack@keystone.service[68013]: DEBUG keystone.server.flask.request_processing.req_logging [None req-6bd78eaf-a452-4841-b039-b5b4c5df8212 None None] REQUEST_METHOD: `GET` {{(pid=68013) log_request_info /opt/stack/keystone/keystone/server/flask/request_processing/req_logging.py:26}}
Apr 09 19:29:03 ubuntu devstack@keystone.service[68013]: DEBUG keystone.server.flask.request_processing.req_logging [None req-6bd78eaf-a452-4841-b039-b5b4c5df8212 None None] SCRIPT_NAME: `/identity` {{(pid=68013) log_request_info /opt/stack/keystone/keystone/server/flask/request_processing/req_logging.py:27}}
Apr 09 19:29:03 ubuntu devstack@keystone.service[68013]: DEBUG keystone.server.flask.request_processing.req_logging [None req-6bd78eaf-a452-4841-b039-b5b4c5df8212 None None] PATH_INFO: `/` {{(pid=68013) log_request_info /opt/stack/keystone/keystone/server/flask/request_processing/req_logging.py:28}}
Apr 09 19:29:03 ubuntu devstack@keystone.service[68013]: [pid: 68013|app: 0|req: 16/32] 10.120.125.137 () {56 vars in 951 bytes} [Thu Apr  9 19:29:03 2026] GET /identity => generated 271 bytes in 1 msecs (HTTP/1.1 300) 6 headers in 235 bytes (1 switches on core 0)
Apr 09 19:29:03 ubuntu devstack@keystone.service[68012]: DEBUG keystone.server.flask.request_processing.middleware.auth_context [None req-58f5fe8a-588d-4755-8f88-111dcc3d277b None admin] Authenticating user token {{(pid=68012) process_request /opt/stack/data/venv/lib/python3.12/site-packages/keystonemiddleware/auth_token/__init__.py:407}}
Apr 09 19:29:03 ubuntu devstack@keystone.service[68012]: DEBUG keystone.server.flask.request_processing.middleware.auth_context [None req-58f5fe8a-588d-4755-8f88-111dcc3d277b None admin] Validating token access rules against request {{(pid=68012) validate_allowed_request /opt/stack/data/venv/lib/python3.12/site-packages/keystonemiddleware/auth_token/__init__.py:545}}
Apr 09 19:29:03 ubuntu devstack@keystone.service[68013]: DEBUG keystone.server.flask.request_processing.middleware.auth_context [None req-6bd78eaf-a452-4841-b039-b5b4c5df8212 None None] Authenticating user token {{(pid=68013) process_request /opt/stack/data/venv/lib/python3.12/site-packages/keystonemiddleware/auth_token/__init__.py:407}}
Apr 09 19:29:03 ubuntu devstack@keystone.service[68012]: DEBUG keystone.server.flask.request_processing.middleware.auth_context [None req-3c8b9d0f-04a1-4095-8c86-51819c7f0b74 None admin] RBAC: auth_context: {'token': <TokenModel (audit_id=zATSGDvGShO4bLIdTvDbQg, audit_chain_id=['zATSGDvGShO4bLIdTvDbQg']) at 0x75eb94dff590>, 'domain_id': None, 'trust_id': None, 'trustor_id': None, 'trustee_id': None, 'domain_name': None, 'group_ids': [], 'user_id': 'db9ea3958a4540228923c93b9a5fad73', 'user_domain_id': 'default', 'system_scope': 'all', 'project_id': None, 'project_domain_id': None, 'roles': ['admin', 'manager', 'member', 'reader'], 'is_admin_project': True, 'service_user_id': None, 'service_user_domain_id': None, 'service_project_id': None, 'service_project_domain_id': None, 'service_roles': []} {{(pid=68012) fill_context /opt/stack/keystone/keystone/server/flask/request_processing/middleware/auth_context.py:509}}
Apr 09 19:29:03 ubuntu devstack@keystone.service[68012]: DEBUG keystone.server.flask.request_processing.req_logging [None req-3c8b9d0f-04a1-4095-8c86-51819c7f0b74 None admin] REQUEST_METHOD: `GET` {{(pid=68012) log_request_info /opt/stack/keystone/keystone/server/flask/request_processing/req_logging.py:26}}
Apr 09 19:29:03 ubuntu devstack@keystone.service[68012]: DEBUG keystone.server.flask.request_processing.req_logging [None req-3c8b9d0f-04a1-4095-8c86-51819c7f0b74 None admin] SCRIPT_NAME: `/identity` {{(pid=68012) log_request_info /opt/stack/keystone/keystone/server/flask/request_processing/req_logging.py:27}}
Apr 09 19:29:03 ubuntu devstack@keystone.service[68012]: DEBUG keystone.server.flask.request_processing.req_logging [None req-3c8b9d0f-04a1-4095-8c86-51819c7f0b74 None admin] PATH_INFO: `/v3/roles` {{(pid=68012) log_request_info /opt/stack/keystone/keystone/server/flask/request_processing/req_logging.py:28}}
Apr 09 19:29:03 ubuntu devstack@keystone.service[68012]: DEBUG keystone.common.rbac_enforcer.enforcer [None req-3c8b9d0f-04a1-4095-8c86-51819c7f0b74 None admin] RBAC: Adding query filter params (name=admin) {{(pid=68012) _extract_filter_values /opt/stack/keystone/keystone/common/rbac_enforcer/enforcer.py:176}}
Apr 09 19:29:03 ubuntu devstack@keystone.service[68012]: DEBUG keystone.common.rbac_enforcer.enforcer [None req-3c8b9d0f-04a1-4095-8c86-51819c7f0b74 None admin] RBAC: Authorizing `identity:list_roles()` {{(pid=68012) enforce_call /opt/stack/keystone/keystone/common/rbac_enforcer/enforcer.py:494}}
Apr 09 19:29:03 ubuntu devstack@keystone.service[68012]: DEBUG keystone.common.rbac_enforcer.enforcer [None req-3c8b9d0f-04a1-4095-8c86-51819c7f0b74 None admin] RBAC: Authorization granted {{(pid=68012) enforce_call /opt/stack/keystone/keystone/common/rbac_enforcer/enforcer.py:505}}
Apr 09 19:29:03 ubuntu devstack@keystone.service[68012]: [pid: 68012|app: 0|req: 17/33] 10.120.125.137 () {58 vars in 1180 bytes} [Thu Apr  9 19:29:03 2026] GET /identity/v3/roles?name=admin => generated 341 bytes in 69 msecs (HTTP/1.1 200) 5 headers in 177 bytes (1 switches on core 0)
Apr 09 19:29:04 ubuntu devstack@keystone.service[68013]: DEBUG keystone.server.flask.request_processing.middleware.auth_context [None req-6bd78eaf-a452-4841-b039-b5b4c5df8212 None None] Validating token access rules against request {{(pid=68013) validate_allowed_request /opt/stack/data/venv/lib/python3.12/site-packages/keystonemiddleware/auth_token/__init__.py:545}}
Apr 09 19:29:04 ubuntu devstack@keystone.service[68012]: DEBUG keystone.server.flask.request_processing.req_logging [None req-ba25d582-70c9-4b32-8454-7c2a389fad0d None None] REQUEST_METHOD: `POST` {{(pid=68012) log_request_info /opt/stack/keystone/keystone/server/flask/request_processing/req_logging.py:26}}
Apr 09 19:29:04 ubuntu devstack@keystone.service[68012]: DEBUG keystone.server.flask.request_processing.req_logging [None req-ba25d582-70c9-4b32-8454-7c2a389fad0d None None] SCRIPT_NAME: `/identity` {{(pid=68012) log_request_info /opt/stack/keystone/keystone/server/flask/request_processing/req_logging.py:27}}
Apr 09 19:29:04 ubuntu devstack@keystone.service[68012]: DEBUG keystone.server.flask.request_processing.req_logging [None req-ba25d582-70c9-4b32-8454-7c2a389fad0d None None] PATH_INFO: `/v3/auth/tokens` {{(pid=68012) log_request_info /opt/stack/keystone/keystone/server/flask/request_processing/req_logging.py:28}}
Apr 09 19:29:04 ubuntu devstack@keystone.service[68013]: DEBUG keystone.server.flask.request_processing.middleware.auth_context [None req-a49d97eb-f61d-4cb1-9733-f48da4c84799 None admin] RBAC: auth_context: {'token': <TokenModel (audit_id=FoD7MxvKQoOiN-3U02xGOw, audit_chain_id=['FoD7MxvKQoOiN-3U02xGOw']) at 0x75eb9500e1e0>, 'domain_id': None, 'trust_id': None, 'trustor_id': None, 'trustee_id': None, 'domain_name': None, 'group_ids': [], 'user_id': 'db9ea3958a4540228923c93b9a5fad73', 'user_domain_id': 'default', 'system_scope': 'all', 'project_id': None, 'project_domain_id': None, 'roles': ['admin', 'manager', 'member', 'reader'], 'is_admin_project': True, 'service_user_id': None, 'service_user_domain_id': None, 'service_project_id': None, 'service_project_domain_id': None, 'service_roles': []} {{(pid=68013) fill_context /opt/stack/keystone/keystone/server/flask/request_processing/middleware/auth_context.py:509}}
Apr 09 19:29:04 ubuntu devstack@keystone.service[68013]: DEBUG keystone.server.flask.request_processing.req_logging [None req-a49d97eb-f61d-4cb1-9733-f48da4c84799 None admin] REQUEST_METHOD: `POST` {{(pid=68013) log_request_info /opt/stack/keystone/keystone/server/flask/request_processing/req_logging.py:26}}
Apr 09 19:29:04 ubuntu devstack@keystone.service[68013]: DEBUG keystone.server.flask.request_processing.req_logging [None req-a49d97eb-f61d-4cb1-9733-f48da4c84799 None admin] SCRIPT_NAME: `/identity` {{(pid=68013) log_request_info /opt/stack/keystone/keystone/server/flask/request_processing/req_logging.py:27}}
Apr 09 19:29:04 ubuntu devstack@keystone.service[68013]: DEBUG keystone.server.flask.request_processing.req_logging [None req-a49d97eb-f61d-4cb1-9733-f48da4c84799 None admin] PATH_INFO: `/v3/roles` {{(pid=68013) log_request_info /opt/stack/keystone/keystone/server/flask/request_processing/req_logging.py:28}}
Apr 09 19:29:04 ubuntu devstack@keystone.service[68013]: DEBUG keystone.common.rbac_enforcer.enforcer [None req-a49d97eb-f61d-4cb1-9733-f48da4c84799 None admin] RBAC: Authorizing `identity:create_role()` {{(pid=68013) enforce_call /opt/stack/keystone/keystone/common/rbac_enforcer/enforcer.py:494}}
Apr 09 19:29:04 ubuntu devstack@keystone.service[68013]: DEBUG keystone.common.rbac_enforcer.enforcer [None req-a49d97eb-f61d-4cb1-9733-f48da4c84799 None admin] RBAC: Authorization granted {{(pid=68013) enforce_call /opt/stack/keystone/keystone/common/rbac_enforcer/enforcer.py:505}}
Apr 09 19:29:04 ubuntu devstack@keystone.service[68013]: DEBUG keystone.common.sql.core [None req-a49d97eb-f61d-4cb1-9733-f48da4c84799 None admin] Conflict role: (pymysql.err.IntegrityError) (1062, "Duplicate entry 'service-<<null>>' for key 'role.ixu_role_name_domain_id'")
Apr 09 19:29:04 ubuntu devstack@keystone.service[68013]: [SQL: INSERT INTO `role` (id, name, description, extra) VALUES (%(id)s, %(name)s, %(description)s, %(extra)s)]
Apr 09 19:29:04 ubuntu devstack@keystone.service[68013]: [parameters: {'id': 'e3834705d36a4977a52c3af5b8d04a81', 'name': 'service', 'description': None, 'extra': '{}'}]
Apr 09 19:29:04 ubuntu devstack@keystone.service[68013]: (Background on this error at: https://sqlalche.me/e/20/gkpj) {{(pid=68013) wrapper /opt/stack/keystone/keystone/common/sql/core.py:580}}
Apr 09 19:29:04 ubuntu devstack@keystone.service[68012]: WARNING keystone.common.password_hashing [None req-ba25d582-70c9-4b32-8454-7c2a389fad0d None None] Truncating password to algorithm specific maximum length 72 characters.
Apr 09 19:29:04 ubuntu devstack@keystone.service[68012]: DEBUG keystone.auth.core [None req-ba25d582-70c9-4b32-8454-7c2a389fad0d None None] MFA Rules not processed for user `db9ea3958a4540228923c93b9a5fad73`. Rule list: `[]` (Enabled: `True`). {{(pid=68012) check_auth_methods_against_rules /opt/stack/keystone/keystone/auth/core.py:476}}
Apr 09 19:29:04 ubuntu devstack@keystone.service[68012]: DEBUG keystone.common.fernet_utils [None req-ba25d582-70c9-4b32-8454-7c2a389fad0d None None] Loaded 2 Fernet keys from /etc/keystone/fernet-keys/, but `[fernet_tokens] max_active_keys = 3`; perhaps there have not been enough key rotations to reach `max_active_keys` yet? {{(pid=68012) load_keys /opt/stack/keystone/keystone/common/fernet_utils.py:297}}
Apr 09 19:29:04 ubuntu devstack@keystone.service[68013]: ERROR keystone.server.flask.application [None req-a49d97eb-f61d-4cb1-9733-f48da4c84799 None admin] Conflict occurred attempting to store role - Duplicate entry found with name service.: keystone.exception.Conflict: Conflict occurred attempting to store role - Duplicate entry found with name service.
Apr 09 19:29:04 ubuntu devstack@keystone.service[68013]: ERROR keystone.server.flask.application Traceback (most recent call last):
Apr 09 19:29:04 ubuntu devstack@keystone.service[68013]: ERROR keystone.server.flask.application   File "/opt/stack/data/venv/lib/python3.12/site-packages/sqlalchemy/engine/base.py", line 1967, in _exec_single_context
Apr 09 19:29:04 ubuntu devstack@keystone.service[68013]: ERROR keystone.server.flask.application     self.dialect.do_execute(
Apr 09 19:29:04 ubuntu devstack@keystone.service[68013]: ERROR keystone.server.flask.application   File "/opt/stack/data/venv/lib/python3.12/site-packages/sqlalchemy/engine/default.py", line 952, in do_execute
Apr 09 19:29:04 ubuntu devstack@keystone.service[68013]: ERROR keystone.server.flask.application     cursor.execute(statement, parameters)
Apr 09 19:29:04 ubuntu devstack@keystone.service[68013]: ERROR keystone.server.flask.application   File "/opt/stack/data/venv/lib/python3.12/site-packages/pymysql/cursors.py", line 153, in execute
Apr 09 19:29:04 ubuntu devstack@keystone.service[68013]: ERROR keystone.server.flask.application     result = self._query(query)
Apr 09 19:29:04 ubuntu devstack@keystone.service[68013]: ERROR keystone.server.flask.application              ^^^^^^^^^^^^^^^^^^
Apr 09 19:29:04 ubuntu devstack@keystone.service[68013]: ERROR keystone.server.flask.application   File "/opt/stack/data/venv/lib/python3.12/site-packages/pymysql/cursors.py", line 322, in _query
Apr 09 19:29:04 ubuntu devstack@keystone.service[68013]: ERROR keystone.server.flask.application     conn.query(q)
Apr 09 19:29:04 ubuntu devstack@keystone.service[68013]: ERROR keystone.server.flask.application   File "/opt/stack/data/venv/lib/python3.12/site-packages/pymysql/connections.py", line 575, in query
Apr 09 19:29:04 ubuntu devstack@keystone.service[68013]: ERROR keystone.server.flask.application     self._affected_rows = self._read_query_result(unbuffered=unbuffered)
Apr 09 19:29:04 ubuntu devstack@keystone.service[68013]: ERROR keystone.server.flask.application                           ^^^^^^^^^^^^^^^^^^^^^^^^^^^^^^^^^^^^^^^^^^^^^^
Apr 09 19:29:04 ubuntu devstack@keystone.service[68013]: ERROR keystone.server.flask.application   File "/opt/stack/data/venv/lib/python3.12/site-packages/pymysql/connections.py", line 826, in _read_query_result
Apr 09 19:29:04 ubuntu devstack@keystone.service[68013]: ERROR keystone.server.flask.application     result.read()
Apr 09 19:29:04 ubuntu devstack@keystone.service[68013]: ERROR keystone.server.flask.application   File "/opt/stack/data/venv/lib/python3.12/site-packages/pymysql/connections.py", line 1203, in read
Apr 09 19:29:04 ubuntu devstack@keystone.service[68013]: ERROR keystone.server.flask.application     first_packet = self.connection._read_packet()
Apr 09 19:29:04 ubuntu devstack@keystone.service[68013]: ERROR keystone.server.flask.application                    ^^^^^^^^^^^^^^^^^^^^^^^^^^^^^^
Apr 09 19:29:04 ubuntu devstack@keystone.service[68013]: ERROR keystone.server.flask.application   File "/opt/stack/data/venv/lib/python3.12/site-packages/pymysql/connections.py", line 782, in _read_packet
Apr 09 19:29:04 ubuntu devstack@keystone.service[68013]: ERROR keystone.server.flask.application     packet.raise_for_error()
Apr 09 19:29:04 ubuntu devstack@keystone.service[68013]: ERROR keystone.server.flask.application   File "/opt/stack/data/venv/lib/python3.12/site-packages/pymysql/protocol.py", line 219, in raise_for_error
Apr 09 19:29:04 ubuntu devstack@keystone.service[68013]: ERROR keystone.server.flask.application     err.raise_mysql_exception(self._data)
Apr 09 19:29:04 ubuntu devstack@keystone.service[68013]: ERROR keystone.server.flask.application   File "/opt/stack/data/venv/lib/python3.12/site-packages/pymysql/err.py", line 150, in raise_mysql_exception
Apr 09 19:29:04 ubuntu devstack@keystone.service[68013]: ERROR keystone.server.flask.application     raise errorclass(errno, errval)
Apr 09 19:29:04 ubuntu devstack@keystone.service[68013]: ERROR keystone.server.flask.application pymysql.err.IntegrityError: (1062, "Duplicate entry 'service-<<null>>' for key 'role.ixu_role_name_domain_id'")
Apr 09 19:29:04 ubuntu devstack@keystone.service[68013]: ERROR keystone.server.flask.application 
Apr 09 19:29:04 ubuntu devstack@keystone.service[68013]: ERROR keystone.server.flask.application The above exception was the direct cause of the following exception:
Apr 09 19:29:04 ubuntu devstack@keystone.service[68013]: ERROR keystone.server.flask.application 
Apr 09 19:29:04 ubuntu devstack@keystone.service[68013]: ERROR keystone.server.flask.application Traceback (most recent call last):
Apr 09 19:29:04 ubuntu devstack@keystone.service[68013]: ERROR keystone.server.flask.application   File "/opt/stack/keystone/keystone/common/sql/core.py", line 575, in wrapper
Apr 09 19:29:04 ubuntu devstack@keystone.service[68013]: ERROR keystone.server.flask.application     return method(*args, **kwargs)
Apr 09 19:29:04 ubuntu devstack@keystone.service[68013]: ERROR keystone.server.flask.application            ^^^^^^^^^^^^^^^^^^^^^^^
Apr 09 19:29:04 ubuntu devstack@keystone.service[68013]: ERROR keystone.server.flask.application   File "/opt/stack/keystone/keystone/assignment/role_backends/sql.py", line 25, in create_role
Apr 09 19:29:04 ubuntu devstack@keystone.service[68013]: ERROR keystone.server.flask.application     with sql.session_for_write() as session:
Apr 09 19:29:04 ubuntu devstack@keystone.service[68013]: ERROR keystone.server.flask.application   File "/usr/lib/python3.12/contextlib.py", line 144, in __exit__
Apr 09 19:29:04 ubuntu devstack@keystone.service[68013]: ERROR keystone.server.flask.application     next(self.gen)
Apr 09 19:29:04 ubuntu devstack@keystone.service[68013]: ERROR keystone.server.flask.application   File "/opt/stack/data/venv/lib/python3.12/site-packages/oslo_db/sqlalchemy/enginefacade.py", line 1175, in _transaction_scope
Apr 09 19:29:04 ubuntu devstack@keystone.service[68013]: ERROR keystone.server.flask.application     with current._produce_block(
Apr 09 19:29:04 ubuntu devstack@keystone.service[68013]: ERROR keystone.server.flask.application   File "/usr/lib/python3.12/contextlib.py", line 144, in __exit__
Apr 09 19:29:04 ubuntu devstack@keystone.service[68013]: ERROR keystone.server.flask.application     next(self.gen)
Apr 09 19:29:04 ubuntu devstack@keystone.service[68013]: ERROR keystone.server.flask.application   File "/opt/stack/data/venv/lib/python3.12/site-packages/oslo_db/sqlalchemy/enginefacade.py", line 837, in _session
Apr 09 19:29:04 ubuntu devstack@keystone.service[68013]: ERROR keystone.server.flask.application     with excutils.save_and_reraise_exception():
Apr 09 19:29:04 ubuntu devstack@keystone.service[68013]: ERROR keystone.server.flask.application   File "/opt/stack/data/venv/lib/python3.12/site-packages/oslo_utils/excutils.py", line 267, in __exit__
Apr 09 19:29:04 ubuntu devstack@keystone.service[68013]: ERROR keystone.server.flask.application     self.force_reraise()
Apr 09 19:29:04 ubuntu devstack@keystone.service[68013]: ERROR keystone.server.flask.application   File "/opt/stack/data/venv/lib/python3.12/site-packages/oslo_utils/excutils.py", line 233, in force_reraise
Apr 09 19:29:04 ubuntu devstack@keystone.service[68013]: ERROR keystone.server.flask.application     raise self.value
Apr 09 19:29:04 ubuntu devstack@keystone.service[68013]: ERROR keystone.server.flask.application   File "/opt/stack/data/venv/lib/python3.12/site-packages/oslo_db/sqlalchemy/enginefacade.py", line 835, in _session
Apr 09 19:29:04 ubuntu devstack@keystone.service[68013]: ERROR keystone.server.flask.application     self._end_session_transaction(self.session)
Apr 09 19:29:04 ubuntu devstack@keystone.service[68013]: ERROR keystone.server.flask.application   File "/opt/stack/data/venv/lib/python3.12/site-packages/oslo_db/sqlalchemy/enginefacade.py", line 748, in _end_session_transaction
Apr 09 19:29:04 ubuntu devstack@keystone.service[68013]: ERROR keystone.server.flask.application     session.commit()
Apr 09 19:29:04 ubuntu devstack@keystone.service[68013]: ERROR keystone.server.flask.application   File "/opt/stack/data/venv/lib/python3.12/site-packages/sqlalchemy/orm/session.py", line 2030, in commit
Apr 09 19:29:04 ubuntu devstack@keystone.service[68013]: ERROR keystone.server.flask.application     trans.commit(_to_root=True)
Apr 09 19:29:04 ubuntu devstack@keystone.service[68013]: ERROR keystone.server.flask.application   File "<string>", line 2, in commit
Apr 09 19:29:04 ubuntu devstack@keystone.service[68013]: ERROR keystone.server.flask.application   File "/opt/stack/data/venv/lib/python3.12/site-packages/sqlalchemy/orm/state_changes.py", line 137, in _go
Apr 09 19:29:04 ubuntu devstack@keystone.service[68013]: ERROR keystone.server.flask.application     ret_value = fn(self, *arg, **kw)
Apr 09 19:29:04 ubuntu devstack@keystone.service[68013]: ERROR keystone.server.flask.application                 ^^^^^^^^^^^^^^^^^^^^
Apr 09 19:29:04 ubuntu devstack@keystone.service[68013]: ERROR keystone.server.flask.application   File "/opt/stack/data/venv/lib/python3.12/site-packages/sqlalchemy/orm/session.py", line 1311, in commit
Apr 09 19:29:04 ubuntu devstack@keystone.service[68013]: ERROR keystone.server.flask.application     self._prepare_impl()
Apr 09 19:29:04 ubuntu devstack@keystone.service[68013]: ERROR keystone.server.flask.application   File "<string>", line 2, in _prepare_impl
Apr 09 19:29:04 ubuntu devstack@keystone.service[68013]: ERROR keystone.server.flask.application   File "/opt/stack/data/venv/lib/python3.12/site-packages/sqlalchemy/orm/state_changes.py", line 137, in _go
Apr 09 19:29:04 ubuntu devstack@keystone.service[68013]: ERROR keystone.server.flask.application     ret_value = fn(self, *arg, **kw)
Apr 09 19:29:04 ubuntu devstack@keystone.service[68013]: ERROR keystone.server.flask.application                 ^^^^^^^^^^^^^^^^^^^^
Apr 09 19:29:04 ubuntu devstack@keystone.service[68013]: ERROR keystone.server.flask.application   File "/opt/stack/data/venv/lib/python3.12/site-packages/sqlalchemy/orm/session.py", line 1286, in _prepare_impl
Apr 09 19:29:04 ubuntu devstack@keystone.service[68013]: ERROR keystone.server.flask.application     self.session.flush()
Apr 09 19:29:04 ubuntu devstack@keystone.service[68013]: ERROR keystone.server.flask.application   File "/opt/stack/data/venv/lib/python3.12/site-packages/sqlalchemy/orm/session.py", line 4331, in flush
Apr 09 19:29:04 ubuntu devstack@keystone.service[68013]: ERROR keystone.server.flask.application     self._flush(objects)
Apr 09 19:29:04 ubuntu devstack@keystone.service[68013]: ERROR keystone.server.flask.application   File "/opt/stack/data/venv/lib/python3.12/site-packages/sqlalchemy/orm/session.py", line 4466, in _flush
Apr 09 19:29:04 ubuntu devstack@keystone.service[68013]: ERROR keystone.server.flask.application     with util.safe_reraise():
Apr 09 19:29:04 ubuntu devstack@keystone.service[68013]: ERROR keystone.server.flask.application   File "/opt/stack/data/venv/lib/python3.12/site-packages/sqlalchemy/util/langhelpers.py", line 121, in __exit__
Apr 09 19:29:04 ubuntu devstack@keystone.service[68013]: ERROR keystone.server.flask.application     raise exc_value.with_traceback(exc_tb)
Apr 09 19:29:04 ubuntu devstack@keystone.service[68013]: ERROR keystone.server.flask.application   File "/opt/stack/data/venv/lib/python3.12/site-packages/sqlalchemy/orm/session.py", line 4427, in _flush
Apr 09 19:29:04 ubuntu devstack@keystone.service[68013]: ERROR keystone.server.flask.application     flush_context.execute()
Apr 09 19:29:04 ubuntu devstack@keystone.service[68013]: ERROR keystone.server.flask.application   File "/opt/stack/data/venv/lib/python3.12/site-packages/sqlalchemy/orm/unitofwork.py", line 466, in execute
Apr 09 19:29:04 ubuntu devstack@keystone.service[68013]: ERROR keystone.server.flask.application     rec.execute(self)
Apr 09 19:29:04 ubuntu devstack@keystone.service[68013]: ERROR keystone.server.flask.application   File "/opt/stack/data/venv/lib/python3.12/site-packages/sqlalchemy/orm/unitofwork.py", line 642, in execute
Apr 09 19:29:04 ubuntu devstack@keystone.service[68013]: ERROR keystone.server.flask.application     util.preloaded.orm_persistence.save_obj(
Apr 09 19:29:04 ubuntu devstack@keystone.service[68013]: ERROR keystone.server.flask.application   File "/opt/stack/data/venv/lib/python3.12/site-packages/sqlalchemy/orm/persistence.py", line 93, in save_obj
Apr 09 19:29:04 ubuntu devstack@keystone.service[68013]: ERROR keystone.server.flask.application     _emit_insert_statements(
Apr 09 19:29:04 ubuntu devstack@keystone.service[68013]: ERROR keystone.server.flask.application   File "/opt/stack/data/venv/lib/python3.12/site-packages/sqlalchemy/orm/persistence.py", line 1048, in _emit_insert_statements
Apr 09 19:29:04 ubuntu devstack@keystone.service[68013]: ERROR keystone.server.flask.application     result = connection.execute(
Apr 09 19:29:04 ubuntu devstack@keystone.service[68013]: ERROR keystone.server.flask.application              ^^^^^^^^^^^^^^^^^^^
Apr 09 19:29:04 ubuntu devstack@keystone.service[68013]: ERROR keystone.server.flask.application   File "/opt/stack/data/venv/lib/python3.12/site-packages/sqlalchemy/engine/base.py", line 1419, in execute
Apr 09 19:29:04 ubuntu devstack@keystone.service[68013]: ERROR keystone.server.flask.application     return meth(
Apr 09 19:29:04 ubuntu devstack@keystone.service[68013]: ERROR keystone.server.flask.application            ^^^^^
Apr 09 19:29:04 ubuntu devstack@keystone.service[68013]: ERROR keystone.server.flask.application   File "/opt/stack/data/venv/lib/python3.12/site-packages/sqlalchemy/sql/elements.py", line 527, in _execute_on_connection
Apr 09 19:29:04 ubuntu devstack@keystone.service[68013]: ERROR keystone.server.flask.application     return connection._execute_clauseelement(
Apr 09 19:29:04 ubuntu devstack@keystone.service[68013]: ERROR keystone.server.flask.application            ^^^^^^^^^^^^^^^^^^^^^^^^^^^^^^^^^^
Apr 09 19:29:04 ubuntu devstack@keystone.service[68013]: ERROR keystone.server.flask.application   File "/opt/stack/data/venv/lib/python3.12/site-packages/sqlalchemy/engine/base.py", line 1641, in _execute_clauseelement
Apr 09 19:29:04 ubuntu devstack@keystone.service[68013]: ERROR keystone.server.flask.application     ret = self._execute_context(
Apr 09 19:29:04 ubuntu devstack@keystone.service[68013]: ERROR keystone.server.flask.application           ^^^^^^^^^^^^^^^^^^^^^^
Apr 09 19:29:04 ubuntu devstack@keystone.service[68013]: ERROR keystone.server.flask.application   File "/opt/stack/data/venv/lib/python3.12/site-packages/sqlalchemy/engine/base.py", line 1846, in _execute_context
Apr 09 19:29:04 ubuntu devstack@keystone.service[68013]: ERROR keystone.server.flask.application     return self._exec_single_context(
Apr 09 19:29:04 ubuntu devstack@keystone.service[68013]: ERROR keystone.server.flask.application            ^^^^^^^^^^^^^^^^^^^^^^^^^^
Apr 09 19:29:04 ubuntu devstack@keystone.service[68013]: ERROR keystone.server.flask.application   File "/opt/stack/data/venv/lib/python3.12/site-packages/sqlalchemy/engine/base.py", line 1986, in _exec_single_context
Apr 09 19:29:04 ubuntu devstack@keystone.service[68013]: ERROR keystone.server.flask.application     self._handle_dbapi_exception(
