Feb 13 07:19:45 jammy-provider-cloud-0000008005 systemd[1]: Starting Devstack devstack@g-api.service...
Feb 13 07:19:45 jammy-provider-cloud-0000008005 devstack@g-api.service[103777]: [uWSGI] getting INI configuration from /etc/glance/glance-uwsgi.ini
Feb 13 07:19:45 jammy-provider-cloud-0000008005 devstack@g-api.service[103777]: *** Starting uWSGI 2.0.20-debian (64bit) on [Thu Feb 13 07:19:45 2025] ***
Feb 13 07:19:45 jammy-provider-cloud-0000008005 devstack@g-api.service[103777]: compiled with version: 11.2.0 on 21 March 2022 11:00:44
Feb 13 07:19:45 jammy-provider-cloud-0000008005 devstack@g-api.service[103777]: os: Linux-5.15.0-107-generic #117-Ubuntu SMP Fri Apr 26 12:26:49 UTC 2024
Feb 13 07:19:45 jammy-provider-cloud-0000008005 devstack@g-api.service[103777]: nodename: jammy-provider-cloud-0000008005
Feb 13 07:19:45 jammy-provider-cloud-0000008005 devstack@g-api.service[103777]: machine: x86_64
Feb 13 07:19:45 jammy-provider-cloud-0000008005 devstack@g-api.service[103777]: clock source: unix
Feb 13 07:19:45 jammy-provider-cloud-0000008005 devstack@g-api.service[103777]: pcre jit disabled
Feb 13 07:19:45 jammy-provider-cloud-0000008005 devstack@g-api.service[103777]: detected number of CPU cores: 4
Feb 13 07:19:45 jammy-provider-cloud-0000008005 devstack@g-api.service[103777]: current working directory: /
Feb 13 07:19:45 jammy-provider-cloud-0000008005 devstack@g-api.service[103777]: detected binary path: /usr/bin/uwsgi-core
Feb 13 07:19:45 jammy-provider-cloud-0000008005 devstack@g-api.service[103777]: your processes number limit is 31298
Feb 13 07:19:45 jammy-provider-cloud-0000008005 devstack@g-api.service[103777]: your memory page size is 4096 bytes
Feb 13 07:19:45 jammy-provider-cloud-0000008005 devstack@g-api.service[103777]: detected max file descriptor number: 2048
Feb 13 07:19:45 jammy-provider-cloud-0000008005 devstack@g-api.service[103777]: lock engine: pthread robust mutexes
Feb 13 07:19:45 jammy-provider-cloud-0000008005 devstack@g-api.service[103777]: thunder lock: enabled
Feb 13 07:19:45 jammy-provider-cloud-0000008005 devstack@g-api.service[103777]: uwsgi socket 0 bound to TCP address 127.0.0.1:60999 fd 4
Feb 13 07:19:45 jammy-provider-cloud-0000008005 devstack@g-api.service[103777]: Python version: 3.10.12 (main, Jan 17 2025, 14:35:34) [GCC 11.4.0]
Feb 13 07:19:45 jammy-provider-cloud-0000008005 devstack@g-api.service[103777]: PEP 405 virtualenv detected: /opt/stack/data/venv
Feb 13 07:19:45 jammy-provider-cloud-0000008005 devstack@g-api.service[103777]: Set PythonHome to /opt/stack/data/venv
Feb 13 07:19:45 jammy-provider-cloud-0000008005 devstack@g-api.service[103777]: Python main interpreter initialized at 0x55fad3c8a280
Feb 13 07:19:45 jammy-provider-cloud-0000008005 devstack@g-api.service[103777]: python threads support enabled
Feb 13 07:19:45 jammy-provider-cloud-0000008005 devstack@g-api.service[103777]: your server socket listen backlog is limited to 100 connections
Feb 13 07:19:45 jammy-provider-cloud-0000008005 devstack@g-api.service[103777]: your mercy for graceful operations on workers is 80 seconds
Feb 13 07:19:45 jammy-provider-cloud-0000008005 devstack@g-api.service[103777]: mapped 403077 bytes (393 KB) for 2 cores
Feb 13 07:19:45 jammy-provider-cloud-0000008005 devstack@g-api.service[103777]: *** Operational MODE: preforking ***
Feb 13 07:19:45 jammy-provider-cloud-0000008005 devstack@g-api.service[103777]: *** uWSGI is running in multiple interpreter mode ***
Feb 13 07:19:45 jammy-provider-cloud-0000008005 devstack@g-api.service[103777]: spawned uWSGI master process (pid: 103777)
Feb 13 07:19:45 jammy-provider-cloud-0000008005 systemd[1]: Started Devstack devstack@g-api.service.
Feb 13 07:19:45 jammy-provider-cloud-0000008005 devstack@g-api.service[103777]: spawned uWSGI worker 1 (pid: 103778, cores: 1)
Feb 13 07:19:45 jammy-provider-cloud-0000008005 devstack@g-api.service[103777]: spawned uWSGI worker 2 (pid: 103779, cores: 1)
Feb 13 07:19:45 jammy-provider-cloud-0000008005 devstack@g-api.service[103777]: running "unix_signal:15 gracefully_kill_them_all" (master-start)...
Feb 13 07:19:46 jammy-provider-cloud-0000008005 devstack@g-api.service[103778]: INFO glance.async_ [-] Threadpool model set to 'NativeThreadPoolModel'
Feb 13 07:19:46 jammy-provider-cloud-0000008005 devstack@g-api.service[103778]: DEBUG oslo_concurrency.processutils [-] Running cmd (subprocess): grep -F node.session.scan /sbin/iscsiadm {{(pid=103778) execute /opt/stack/data/venv/lib/python3.10/site-packages/oslo_concurrency/processutils.py:349}}
Feb 13 07:19:46 jammy-provider-cloud-0000008005 devstack@g-api.service[103778]: DEBUG oslo_concurrency.processutils [-] CMD "grep -F node.session.scan /sbin/iscsiadm" returned: 0 in 0.009s {{(pid=103778) execute /opt/stack/data/venv/lib/python3.10/site-packages/oslo_concurrency/processutils.py:372}}
Feb 13 07:19:46 jammy-provider-cloud-0000008005 devstack@g-api.service[103779]: INFO glance.async_ [-] Threadpool model set to 'NativeThreadPoolModel'
Feb 13 07:19:46 jammy-provider-cloud-0000008005 devstack@g-api.service[103779]: DEBUG oslo_concurrency.processutils [-] Running cmd (subprocess): grep -F node.session.scan /sbin/iscsiadm {{(pid=103779) execute /opt/stack/data/venv/lib/python3.10/site-packages/oslo_concurrency/processutils.py:349}}
Feb 13 07:19:46 jammy-provider-cloud-0000008005 devstack@g-api.service[103779]: DEBUG oslo_concurrency.processutils [-] CMD "grep -F node.session.scan /sbin/iscsiadm" returned: 0 in 0.006s {{(pid=103779) execute /opt/stack/data/venv/lib/python3.10/site-packages/oslo_concurrency/processutils.py:372}}
Feb 13 07:19:46 jammy-provider-cloud-0000008005 devstack@g-api.service[103778]: DEBUG glance_store.common.attachment_state_manager [-] Initialising _AttachmentStateManager {{(pid=103778) __init__ /opt/stack/data/venv/lib/python3.10/site-packages/glance_store/common/attachment_state_manager.py:86}}
Feb 13 07:19:46 jammy-provider-cloud-0000008005 devstack@g-api.service[103779]: DEBUG glance_store.common.attachment_state_manager [-] Initialising _AttachmentStateManager {{(pid=103779) __init__ /opt/stack/data/venv/lib/python3.10/site-packages/glance_store/common/attachment_state_manager.py:86}}
Feb 13 07:19:46 jammy-provider-cloud-0000008005 devstack@g-api.service[103778]: DEBUG glance_store.backend [-] Attempting to import store cinder {{(pid=103778) _load_store /opt/stack/data/venv/lib/python3.10/site-packages/glance_store/backend.py:216}}
Feb 13 07:19:46 jammy-provider-cloud-0000008005 devstack@g-api.service[103778]: DEBUG glance_store.backend [-] Attempting to import store file {{(pid=103778) _load_store /opt/stack/data/venv/lib/python3.10/site-packages/glance_store/backend.py:216}}
Feb 13 07:19:46 jammy-provider-cloud-0000008005 devstack@g-api.service[103778]: DEBUG glance_store.backend [-] Attempting to import store glance.store.cinder.Store {{(pid=103778) _load_store /opt/stack/data/venv/lib/python3.10/site-packages/glance_store/backend.py:216}}
Feb 13 07:19:46 jammy-provider-cloud-0000008005 devstack@g-api.service[103778]: DEBUG glance_store.backend [-] Attempting to import store glance.store.filesystem.Store {{(pid=103778) _load_store /opt/stack/data/venv/lib/python3.10/site-packages/glance_store/backend.py:216}}
Feb 13 07:19:46 jammy-provider-cloud-0000008005 devstack@g-api.service[103778]: DEBUG glance_store.backend [-] Attempting to import store glance.store.http.Store {{(pid=103778) _load_store /opt/stack/data/venv/lib/python3.10/site-packages/glance_store/backend.py:216}}
Feb 13 07:19:46 jammy-provider-cloud-0000008005 devstack@g-api.service[103778]: DEBUG glance_store.backend [-] Attempting to import store glance.store.rbd.Store {{(pid=103778) _load_store /opt/stack/data/venv/lib/python3.10/site-packages/glance_store/backend.py:216}}
Feb 13 07:19:46 jammy-provider-cloud-0000008005 devstack@g-api.service[103778]: DEBUG glance_store.backend [-] Attempting to import store glance.store.s3.Store {{(pid=103778) _load_store /opt/stack/data/venv/lib/python3.10/site-packages/glance_store/backend.py:216}}
Feb 13 07:19:46 jammy-provider-cloud-0000008005 devstack@g-api.service[103778]: DEBUG glance_store.backend [-] Attempting to import store glance.store.swift.Store {{(pid=103778) _load_store /opt/stack/data/venv/lib/python3.10/site-packages/glance_store/backend.py:216}}
Feb 13 07:19:46 jammy-provider-cloud-0000008005 devstack@g-api.service[103778]: DEBUG glance_store.backend [-] Attempting to import store glance.store.vmware_datastore.Store {{(pid=103778) _load_store /opt/stack/data/venv/lib/python3.10/site-packages/glance_store/backend.py:216}}
Feb 13 07:19:46 jammy-provider-cloud-0000008005 devstack@g-api.service[103778]: DEBUG glance_store.backend [-] Attempting to import store http {{(pid=103778) _load_store /opt/stack/data/venv/lib/python3.10/site-packages/glance_store/backend.py:216}}
Feb 13 07:19:46 jammy-provider-cloud-0000008005 devstack@g-api.service[103778]: DEBUG glance_store.backend [-] Attempting to import store no_conf {{(pid=103778) _load_store /opt/stack/data/venv/lib/python3.10/site-packages/glance_store/backend.py:216}}
Feb 13 07:19:46 jammy-provider-cloud-0000008005 devstack@g-api.service[103778]: DEBUG glance_store.backend [-] Attempting to import store rbd {{(pid=103778) _load_store /opt/stack/data/venv/lib/python3.10/site-packages/glance_store/backend.py:216}}
Feb 13 07:19:46 jammy-provider-cloud-0000008005 devstack@g-api.service[103778]: DEBUG glance_store.backend [-] Attempting to import store s3 {{(pid=103778) _load_store /opt/stack/data/venv/lib/python3.10/site-packages/glance_store/backend.py:216}}
Feb 13 07:19:46 jammy-provider-cloud-0000008005 devstack@g-api.service[103778]: DEBUG glance_store.backend [-] Attempting to import store swift {{(pid=103778) _load_store /opt/stack/data/venv/lib/python3.10/site-packages/glance_store/backend.py:216}}
Feb 13 07:19:46 jammy-provider-cloud-0000008005 devstack@g-api.service[103778]: DEBUG glance_store.backend [-] Attempting to import store vmware {{(pid=103778) _load_store /opt/stack/data/venv/lib/python3.10/site-packages/glance_store/backend.py:216}}
Feb 13 07:19:46 jammy-provider-cloud-0000008005 devstack@g-api.service[103778]: DEBUG glance_store.backend [-] Registering options for group glance_store {{(pid=103778) register_opts /opt/stack/data/venv/lib/python3.10/site-packages/glance_store/backend.py:145}}
Feb 13 07:19:46 jammy-provider-cloud-0000008005 devstack@g-api.service[103778]: DEBUG glance_store.backend [-] Registering options for group glance_store {{(pid=103778) register_opts /opt/stack/data/venv/lib/python3.10/site-packages/glance_store/backend.py:145}}
Feb 13 07:19:46 jammy-provider-cloud-0000008005 devstack@g-api.service[103778]: DEBUG glance_store.backend [-] Attempting to import store http {{(pid=103778) _load_store /opt/stack/data/venv/lib/python3.10/site-packages/glance_store/backend.py:216}}
Feb 13 07:19:46 jammy-provider-cloud-0000008005 devstack@g-api.service[103778]: DEBUG glance_store.capabilities [-] Store glance_store._drivers.http.Store doesn't support updating dynamic storage capabilities. Please overwrite 'update_capabilities' method of the store to implement updating logics if needed. {{(pid=103778) update_capabilities /opt/stack/data/venv/lib/python3.10/site-packages/glance_store/capabilities.py:91}}
Feb 13 07:19:46 jammy-provider-cloud-0000008005 devstack@g-api.service[103778]: DEBUG glance_store.backend [-] Registering store http with schemes ('http', 'https') {{(pid=103778) create_stores /opt/stack/data/venv/lib/python3.10/site-packages/glance_store/backend.py:262}}
Feb 13 07:19:46 jammy-provider-cloud-0000008005 devstack@g-api.service[103778]: DEBUG glance_store.driver [-] Late loading location class glance_store._drivers.http.StoreLocation {{(pid=103778) get_store_location_class /opt/stack/data/venv/lib/python3.10/site-packages/glance_store/driver.py:133}}
Feb 13 07:19:46 jammy-provider-cloud-0000008005 devstack@g-api.service[103778]: DEBUG glance_store.location [-] Registering scheme http with {'store': <glance_store._drivers.http.Store object at 0x7f404ce2f3d0>, 'location_class': <class 'glance_store._drivers.http.StoreLocation'>, 'store_entry': 'http'} {{(pid=103778) register_scheme_map /opt/stack/data/venv/lib/python3.10/site-packages/glance_store/location.py:146}}
Feb 13 07:19:46 jammy-provider-cloud-0000008005 devstack@g-api.service[103778]: DEBUG glance_store.location [-] Registering scheme https with {'store': <glance_store._drivers.http.Store object at 0x7f404ce2f3d0>, 'location_class': <class 'glance_store._drivers.http.StoreLocation'>, 'store_entry': 'http'} {{(pid=103778) register_scheme_map /opt/stack/data/venv/lib/python3.10/site-packages/glance_store/location.py:146}}
Feb 13 07:19:46 jammy-provider-cloud-0000008005 devstack@g-api.service[103778]: DEBUG glance_store.backend [-] Attempting to import store file {{(pid=103778) _load_store /opt/stack/data/venv/lib/python3.10/site-packages/glance_store/backend.py:216}}
Feb 13 07:19:46 jammy-provider-cloud-0000008005 devstack@g-api.service[103778]: DEBUG glance_store.capabilities [-] Store glance_store._drivers.filesystem.Store doesn't support updating dynamic storage capabilities. Please overwrite 'update_capabilities' method of the store to implement updating logics if needed. {{(pid=103778) update_capabilities /opt/stack/data/venv/lib/python3.10/site-packages/glance_store/capabilities.py:91}}
Feb 13 07:19:46 jammy-provider-cloud-0000008005 devstack@g-api.service[103778]: DEBUG glance_store.backend [-] Registering store file with schemes ('file', 'filesystem') {{(pid=103778) create_stores /opt/stack/data/venv/lib/python3.10/site-packages/glance_store/backend.py:262}}
Feb 13 07:19:46 jammy-provider-cloud-0000008005 devstack@g-api.service[103778]: DEBUG glance_store.driver [-] Late loading location class glance_store._drivers.filesystem.StoreLocation {{(pid=103778) get_store_location_class /opt/stack/data/venv/lib/python3.10/site-packages/glance_store/driver.py:133}}
Feb 13 07:19:46 jammy-provider-cloud-0000008005 devstack@g-api.service[103778]: DEBUG glance_store.location [-] Registering scheme file with {'store': <glance_store._drivers.filesystem.Store object at 0x7f404ce2f400>, 'location_class': <class 'glance_store._drivers.filesystem.StoreLocation'>, 'store_entry': 'file'} {{(pid=103778) register_scheme_map /opt/stack/data/venv/lib/python3.10/site-packages/glance_store/location.py:146}}
Feb 13 07:19:46 jammy-provider-cloud-0000008005 devstack@g-api.service[103778]: DEBUG glance_store.location [-] Registering scheme filesystem with {'store': <glance_store._drivers.filesystem.Store object at 0x7f404ce2f400>, 'location_class': <class 'glance_store._drivers.filesystem.StoreLocation'>, 'store_entry': 'file'} {{(pid=103778) register_scheme_map /opt/stack/data/venv/lib/python3.10/site-packages/glance_store/location.py:146}}
Feb 13 07:19:46 jammy-provider-cloud-0000008005 devstack@g-api.service[103778]: DEBUG glance.sqlite_migration [-] SQLite caching database not located, skipping migration {{(pid=103778) get_db_path /opt/stack/glance/glance/sqlite_migration.py:68}}
Feb 13 07:19:46 jammy-provider-cloud-0000008005 devstack@g-api.service[103778]: WARNING glance.common.wsgi_app [-] Import methods are enabled but staging directory /tmp/staging/ does not exist; Imports will fail!
Feb 13 07:19:47 jammy-provider-cloud-0000008005 devstack@g-api.service[103779]: DEBUG glance_store.backend [-] Attempting to import store cinder {{(pid=103779) _load_store /opt/stack/data/venv/lib/python3.10/site-packages/glance_store/backend.py:216}}
Feb 13 07:19:47 jammy-provider-cloud-0000008005 devstack@g-api.service[103779]: DEBUG glance_store.backend [-] Attempting to import store file {{(pid=103779) _load_store /opt/stack/data/venv/lib/python3.10/site-packages/glance_store/backend.py:216}}
Feb 13 07:19:47 jammy-provider-cloud-0000008005 devstack@g-api.service[103779]: DEBUG glance_store.backend [-] Attempting to import store glance.store.cinder.Store {{(pid=103779) _load_store /opt/stack/data/venv/lib/python3.10/site-packages/glance_store/backend.py:216}}
Feb 13 07:19:47 jammy-provider-cloud-0000008005 devstack@g-api.service[103779]: DEBUG glance_store.backend [-] Attempting to import store glance.store.filesystem.Store {{(pid=103779) _load_store /opt/stack/data/venv/lib/python3.10/site-packages/glance_store/backend.py:216}}
Feb 13 07:19:47 jammy-provider-cloud-0000008005 devstack@g-api.service[103779]: DEBUG glance_store.backend [-] Attempting to import store glance.store.http.Store {{(pid=103779) _load_store /opt/stack/data/venv/lib/python3.10/site-packages/glance_store/backend.py:216}}
Feb 13 07:19:47 jammy-provider-cloud-0000008005 devstack@g-api.service[103779]: DEBUG glance_store.backend [-] Attempting to import store glance.store.rbd.Store {{(pid=103779) _load_store /opt/stack/data/venv/lib/python3.10/site-packages/glance_store/backend.py:216}}
Feb 13 07:19:47 jammy-provider-cloud-0000008005 devstack@g-api.service[103779]: DEBUG glance_store.backend [-] Attempting to import store glance.store.s3.Store {{(pid=103779) _load_store /opt/stack/data/venv/lib/python3.10/site-packages/glance_store/backend.py:216}}
Feb 13 07:19:47 jammy-provider-cloud-0000008005 devstack@g-api.service[103779]: DEBUG glance_store.backend [-] Attempting to import store glance.store.swift.Store {{(pid=103779) _load_store /opt/stack/data/venv/lib/python3.10/site-packages/glance_store/backend.py:216}}
Feb 13 07:19:47 jammy-provider-cloud-0000008005 devstack@g-api.service[103779]: DEBUG glance_store.backend [-] Attempting to import store glance.store.vmware_datastore.Store {{(pid=103779) _load_store /opt/stack/data/venv/lib/python3.10/site-packages/glance_store/backend.py:216}}
Feb 13 07:19:47 jammy-provider-cloud-0000008005 devstack@g-api.service[103779]: DEBUG glance_store.backend [-] Attempting to import store http {{(pid=103779) _load_store /opt/stack/data/venv/lib/python3.10/site-packages/glance_store/backend.py:216}}
Feb 13 07:19:47 jammy-provider-cloud-0000008005 devstack@g-api.service[103779]: DEBUG glance_store.backend [-] Attempting to import store no_conf {{(pid=103779) _load_store /opt/stack/data/venv/lib/python3.10/site-packages/glance_store/backend.py:216}}
Feb 13 07:19:47 jammy-provider-cloud-0000008005 devstack@g-api.service[103779]: DEBUG glance_store.backend [-] Attempting to import store rbd {{(pid=103779) _load_store /opt/stack/data/venv/lib/python3.10/site-packages/glance_store/backend.py:216}}
Feb 13 07:19:47 jammy-provider-cloud-0000008005 devstack@g-api.service[103779]: DEBUG glance_store.backend [-] Attempting to import store s3 {{(pid=103779) _load_store /opt/stack/data/venv/lib/python3.10/site-packages/glance_store/backend.py:216}}
Feb 13 07:19:47 jammy-provider-cloud-0000008005 devstack@g-api.service[103779]: DEBUG glance_store.backend [-] Attempting to import store swift {{(pid=103779) _load_store /opt/stack/data/venv/lib/python3.10/site-packages/glance_store/backend.py:216}}
Feb 13 07:19:47 jammy-provider-cloud-0000008005 devstack@g-api.service[103779]: DEBUG glance_store.backend [-] Attempting to import store vmware {{(pid=103779) _load_store /opt/stack/data/venv/lib/python3.10/site-packages/glance_store/backend.py:216}}
Feb 13 07:19:47 jammy-provider-cloud-0000008005 devstack@g-api.service[103779]: DEBUG glance_store.backend [-] Registering options for group glance_store {{(pid=103779) register_opts /opt/stack/data/venv/lib/python3.10/site-packages/glance_store/backend.py:145}}
Feb 13 07:19:47 jammy-provider-cloud-0000008005 devstack@g-api.service[103779]: DEBUG glance_store.backend [-] Registering options for group glance_store {{(pid=103779) register_opts /opt/stack/data/venv/lib/python3.10/site-packages/glance_store/backend.py:145}}
Feb 13 07:19:47 jammy-provider-cloud-0000008005 devstack@g-api.service[103779]: DEBUG glance_store.backend [-] Attempting to import store http {{(pid=103779) _load_store /opt/stack/data/venv/lib/python3.10/site-packages/glance_store/backend.py:216}}
Feb 13 07:19:47 jammy-provider-cloud-0000008005 devstack@g-api.service[103779]: DEBUG glance_store.capabilities [-] Store glance_store._drivers.http.Store doesn't support updating dynamic storage capabilities. Please overwrite 'update_capabilities' method of the store to implement updating logics if needed. {{(pid=103779) update_capabilities /opt/stack/data/venv/lib/python3.10/site-packages/glance_store/capabilities.py:91}}
Feb 13 07:19:47 jammy-provider-cloud-0000008005 devstack@g-api.service[103779]: DEBUG glance_store.backend [-] Registering store http with schemes ('http', 'https') {{(pid=103779) create_stores /opt/stack/data/venv/lib/python3.10/site-packages/glance_store/backend.py:262}}
Feb 13 07:19:47 jammy-provider-cloud-0000008005 devstack@g-api.service[103779]: DEBUG glance_store.driver [-] Late loading location class glance_store._drivers.http.StoreLocation {{(pid=103779) get_store_location_class /opt/stack/data/venv/lib/python3.10/site-packages/glance_store/driver.py:133}}
Feb 13 07:19:47 jammy-provider-cloud-0000008005 devstack@g-api.service[103779]: DEBUG glance_store.location [-] Registering scheme http with {'store': <glance_store._drivers.http.Store object at 0x7f404ce2f3d0>, 'location_class': <class 'glance_store._drivers.http.StoreLocation'>, 'store_entry': 'http'} {{(pid=103779) register_scheme_map /opt/stack/data/venv/lib/python3.10/site-packages/glance_store/location.py:146}}
Feb 13 07:19:47 jammy-provider-cloud-0000008005 devstack@g-api.service[103779]: DEBUG glance_store.location [-] Registering scheme https with {'store': <glance_store._drivers.http.Store object at 0x7f404ce2f3d0>, 'location_class': <class 'glance_store._drivers.http.StoreLocation'>, 'store_entry': 'http'} {{(pid=103779) register_scheme_map /opt/stack/data/venv/lib/python3.10/site-packages/glance_store/location.py:146}}
Feb 13 07:19:47 jammy-provider-cloud-0000008005 devstack@g-api.service[103779]: DEBUG glance_store.backend [-] Attempting to import store file {{(pid=103779) _load_store /opt/stack/data/venv/lib/python3.10/site-packages/glance_store/backend.py:216}}
Feb 13 07:19:47 jammy-provider-cloud-0000008005 devstack@g-api.service[103779]: DEBUG glance_store.capabilities [-] Store glance_store._drivers.filesystem.Store doesn't support updating dynamic storage capabilities. Please overwrite 'update_capabilities' method of the store to implement updating logics if needed. {{(pid=103779) update_capabilities /opt/stack/data/venv/lib/python3.10/site-packages/glance_store/capabilities.py:91}}
Feb 13 07:19:47 jammy-provider-cloud-0000008005 devstack@g-api.service[103779]: DEBUG glance_store.backend [-] Registering store file with schemes ('file', 'filesystem') {{(pid=103779) create_stores /opt/stack/data/venv/lib/python3.10/site-packages/glance_store/backend.py:262}}
Feb 13 07:19:47 jammy-provider-cloud-0000008005 devstack@g-api.service[103779]: DEBUG glance_store.driver [-] Late loading location class glance_store._drivers.filesystem.StoreLocation {{(pid=103779) get_store_location_class /opt/stack/data/venv/lib/python3.10/site-packages/glance_store/driver.py:133}}
Feb 13 07:19:47 jammy-provider-cloud-0000008005 devstack@g-api.service[103779]: DEBUG glance_store.location [-] Registering scheme file with {'store': <glance_store._drivers.filesystem.Store object at 0x7f404ce2f400>, 'location_class': <class 'glance_store._drivers.filesystem.StoreLocation'>, 'store_entry': 'file'} {{(pid=103779) register_scheme_map /opt/stack/data/venv/lib/python3.10/site-packages/glance_store/location.py:146}}
Feb 13 07:19:47 jammy-provider-cloud-0000008005 devstack@g-api.service[103779]: DEBUG glance_store.location [-] Registering scheme filesystem with {'store': <glance_store._drivers.filesystem.Store object at 0x7f404ce2f400>, 'location_class': <class 'glance_store._drivers.filesystem.StoreLocation'>, 'store_entry': 'file'} {{(pid=103779) register_scheme_map /opt/stack/data/venv/lib/python3.10/site-packages/glance_store/location.py:146}}
Feb 13 07:19:47 jammy-provider-cloud-0000008005 devstack@g-api.service[103779]: DEBUG glance.sqlite_migration [-] SQLite caching database not located, skipping migration {{(pid=103779) get_db_path /opt/stack/glance/glance/sqlite_migration.py:68}}
Feb 13 07:19:47 jammy-provider-cloud-0000008005 devstack@g-api.service[103779]: WARNING glance.common.wsgi_app [-] Import methods are enabled but staging directory /tmp/staging/ does not exist; Imports will fail!
Feb 13 07:19:47 jammy-provider-cloud-0000008005 devstack@g-api.service[103778]: DEBUG glance.common.config [None req-a50c78f0-3109-4666-87ec-6291ef0d96d6 None None] Loading glance-api-keystone+cachemanagement from /etc/glance/glance-api-paste.ini {{(pid=103778) load_paste_app /opt/stack/glance/glance/common/config.py:723}}
Feb 13 07:19:47 jammy-provider-cloud-0000008005 devstack@g-api.service[103779]: DEBUG glance.common.config [None req-7d1b41c4-ba00-4b26-8735-22d374638c8f None None] Loading glance-api-keystone+cachemanagement from /etc/glance/glance-api-paste.ini {{(pid=103779) load_paste_app /opt/stack/glance/glance/common/config.py:723}}
Feb 13 07:19:47 jammy-provider-cloud-0000008005 devstack@g-api.service[103778]: INFO glance.image_cache [None req-a50c78f0-3109-4666-87ec-6291ef0d96d6 None None] Image cache loaded driver 'centralized_db'.
Feb 13 07:19:47 jammy-provider-cloud-0000008005 devstack@g-api.service[103778]: INFO dbcounter [None req-a50c78f0-3109-4666-87ec-6291ef0d96d6 None None] Registered counter for database glance
Feb 13 07:19:47 jammy-provider-cloud-0000008005 devstack@g-api.service[103779]: INFO glance.image_cache [None req-7d1b41c4-ba00-4b26-8735-22d374638c8f None None] Image cache loaded driver 'centralized_db'.
Feb 13 07:19:47 jammy-provider-cloud-0000008005 devstack@g-api.service[103778]: DEBUG oslo_db.sqlalchemy.engines [None req-a50c78f0-3109-4666-87ec-6291ef0d96d6 None None] MySQL server mode set to STRICT_TRANS_TABLES,STRICT_ALL_TABLES,NO_ZERO_IN_DATE,NO_ZERO_DATE,ERROR_FOR_DIVISION_BY_ZERO,TRADITIONAL,NO_ENGINE_SUBSTITUTION {{(pid=103778) _check_effective_sql_mode /opt/stack/data/venv/lib/python3.10/site-packages/oslo_db/sqlalchemy/engines.py:395}}
Feb 13 07:19:47 jammy-provider-cloud-0000008005 devstack@g-api.service[103779]: INFO dbcounter [None req-7d1b41c4-ba00-4b26-8735-22d374638c8f None None] Registered counter for database glance
Feb 13 07:19:47 jammy-provider-cloud-0000008005 devstack@g-api.service[103778]: DEBUG dbcounter [-] [103778] Writer thread running {{(pid=103778) stat_writer /opt/stack/data/venv/lib/python3.10/site-packages/dbcounter.py:102}}
Feb 13 07:19:47 jammy-provider-cloud-0000008005 devstack@g-api.service[103779]: DEBUG oslo_db.sqlalchemy.engines [None req-7d1b41c4-ba00-4b26-8735-22d374638c8f None None] MySQL server mode set to STRICT_TRANS_TABLES,STRICT_ALL_TABLES,NO_ZERO_IN_DATE,NO_ZERO_DATE,ERROR_FOR_DIVISION_BY_ZERO,TRADITIONAL,NO_ENGINE_SUBSTITUTION {{(pid=103779) _check_effective_sql_mode /opt/stack/data/venv/lib/python3.10/site-packages/oslo_db/sqlalchemy/engines.py:395}}
Feb 13 07:19:47 jammy-provider-cloud-0000008005 devstack@g-api.service[103778]: INFO glance.image_cache [None req-a50c78f0-3109-4666-87ec-6291ef0d96d6 None None] Image cache loaded driver 'centralized_db'.
Feb 13 07:19:47 jammy-provider-cloud-0000008005 devstack@g-api.service[103778]: DEBUG glance.image_cache.drivers.centralized_db [None req-a50c78f0-3109-4666-87ec-6291ef0d96d6 None None] Node reference is already recorded, ignoring it {{(pid=103778) configure /opt/stack/glance/glance/image_cache/drivers/centralized_db.py:71}}
Feb 13 07:19:47 jammy-provider-cloud-0000008005 devstack@g-api.service[103778]: DEBUG glance.api.v2.cached_images [None req-a50c78f0-3109-4666-87ec-6291ef0d96d6 None None] Started cache worker thread {{(pid=103778) __init__ /opt/stack/glance/glance/api/v2/cached_images.py:69}}
Feb 13 07:19:47 jammy-provider-cloud-0000008005 devstack@g-api.service[103778]: INFO glance.image_cache [None req-a50c78f0-3109-4666-87ec-6291ef0d96d6 None None] Image cache loaded driver 'centralized_db'.
Feb 13 07:19:47 jammy-provider-cloud-0000008005 devstack@g-api.service[103779]: DEBUG dbcounter [-] [103779] Writer thread running {{(pid=103779) stat_writer /opt/stack/data/venv/lib/python3.10/site-packages/dbcounter.py:102}}
Feb 13 07:19:47 jammy-provider-cloud-0000008005 devstack@g-api.service[103779]: DEBUG glance.image_cache.drivers.centralized_db [None req-7d1b41c4-ba00-4b26-8735-22d374638c8f None None] Node reference is already recorded, ignoring it {{(pid=103779) configure /opt/stack/glance/glance/image_cache/drivers/centralized_db.py:71}}
Feb 13 07:19:47 jammy-provider-cloud-0000008005 devstack@g-api.service[103778]: DEBUG glance.image_cache.drivers.centralized_db [None req-a50c78f0-3109-4666-87ec-6291ef0d96d6 None None] Node reference is already recorded, ignoring it {{(pid=103778) configure /opt/stack/glance/glance/image_cache/drivers/centralized_db.py:71}}
Feb 13 07:19:47 jammy-provider-cloud-0000008005 devstack@g-api.service[103779]: INFO glance.image_cache [None req-7d1b41c4-ba00-4b26-8735-22d374638c8f None None] Image cache loaded driver 'centralized_db'.
Feb 13 07:19:47 jammy-provider-cloud-0000008005 devstack@g-api.service[103778]: INFO glance.api.middleware.cache_manage [None req-a50c78f0-3109-4666-87ec-6291ef0d96d6 None None] Initialized image cache management middleware
Feb 13 07:19:47 jammy-provider-cloud-0000008005 devstack@g-api.service[103778]: INFO glance.image_cache [None req-a50c78f0-3109-4666-87ec-6291ef0d96d6 None None] Image cache loaded driver 'centralized_db'.
Feb 13 07:19:47 jammy-provider-cloud-0000008005 devstack@g-api.service[103779]: DEBUG glance.image_cache.drivers.centralized_db [None req-7d1b41c4-ba00-4b26-8735-22d374638c8f None None] Node reference is already recorded, ignoring it {{(pid=103779) configure /opt/stack/glance/glance/image_cache/drivers/centralized_db.py:71}}
Feb 13 07:19:47 jammy-provider-cloud-0000008005 devstack@g-api.service[103778]: DEBUG glance.image_cache.drivers.centralized_db [None req-a50c78f0-3109-4666-87ec-6291ef0d96d6 None None] Node reference is already recorded, ignoring it {{(pid=103778) configure /opt/stack/glance/glance/image_cache/drivers/centralized_db.py:71}}
Feb 13 07:19:47 jammy-provider-cloud-0000008005 devstack@g-api.service[103779]: DEBUG glance.api.v2.cached_images [None req-7d1b41c4-ba00-4b26-8735-22d374638c8f None None] Started cache worker thread {{(pid=103779) __init__ /opt/stack/glance/glance/api/v2/cached_images.py:69}}
Feb 13 07:19:47 jammy-provider-cloud-0000008005 devstack@g-api.service[103779]: INFO glance.image_cache [None req-7d1b41c4-ba00-4b26-8735-22d374638c8f None None] Image cache loaded driver 'centralized_db'.
Feb 13 07:19:47 jammy-provider-cloud-0000008005 devstack@g-api.service[103778]: INFO glance.api.middleware.cache [None req-a50c78f0-3109-4666-87ec-6291ef0d96d6 None None] Initialized image cache middleware
Feb 13 07:19:47 jammy-provider-cloud-0000008005 devstack@g-api.service[103779]: DEBUG glance.image_cache.drivers.centralized_db [None req-7d1b41c4-ba00-4b26-8735-22d374638c8f None None] Node reference is already recorded, ignoring it {{(pid=103779) configure /opt/stack/glance/glance/image_cache/drivers/centralized_db.py:71}}
Feb 13 07:19:47 jammy-provider-cloud-0000008005 devstack@g-api.service[103778]: WARNING keystonemiddleware.auth_token [None req-a50c78f0-3109-4666-87ec-6291ef0d96d6 None None] AuthToken middleware is set with keystone_authtoken.service_token_roles_required set to False. This is backwards compatible but deprecated behaviour. Please set this to True.
Feb 13 07:19:47 jammy-provider-cloud-0000008005 devstack@g-api.service[103778]: WARNING keystonemiddleware.auth_token [None req-a50c78f0-3109-4666-87ec-6291ef0d96d6 None None] Configuring www_authenticate_uri to point to the public identity endpoint is required; clients may not be able to authenticate against an admin endpoint
Feb 13 07:19:47 jammy-provider-cloud-0000008005 devstack@g-api.service[103779]: INFO glance.api.middleware.cache_manage [None req-7d1b41c4-ba00-4b26-8735-22d374638c8f None None] Initialized image cache management middleware
Feb 13 07:19:47 jammy-provider-cloud-0000008005 devstack@g-api.service[103779]: INFO glance.image_cache [None req-7d1b41c4-ba00-4b26-8735-22d374638c8f None None] Image cache loaded driver 'centralized_db'.
Feb 13 07:19:47 jammy-provider-cloud-0000008005 devstack@g-api.service[103778]: DEBUG glance.common.config [None req-a50c78f0-3109-4666-87ec-6291ef0d96d6 None None] ******************************************************************************** {{(pid=103778) log_opt_values /opt/stack/data/venv/lib/python3.10/site-packages/oslo_config/cfg.py:2804}}
Feb 13 07:19:47 jammy-provider-cloud-0000008005 devstack@g-api.service[103778]: DEBUG glance.common.config [None req-a50c78f0-3109-4666-87ec-6291ef0d96d6 None None] Configuration options gathered from: {{(pid=103778) log_opt_values /opt/stack/data/venv/lib/python3.10/site-packages/oslo_config/cfg.py:2805}}
Feb 13 07:19:47 jammy-provider-cloud-0000008005 devstack@g-api.service[103778]: DEBUG glance.common.config [None req-a50c78f0-3109-4666-87ec-6291ef0d96d6 None None] command line args: [] {{(pid=103778) log_opt_values /opt/stack/data/venv/lib/python3.10/site-packages/oslo_config/cfg.py:2806}}
Feb 13 07:19:47 jammy-provider-cloud-0000008005 devstack@g-api.service[103778]: DEBUG glance.common.config [None req-a50c78f0-3109-4666-87ec-6291ef0d96d6 None None] config files: ['/etc/glance/glance-image-import.conf', '/etc/glance/glance-api.conf'] {{(pid=103778) log_opt_values /opt/stack/data/venv/lib/python3.10/site-packages/oslo_config/cfg.py:2807}}
Feb 13 07:19:47 jammy-provider-cloud-0000008005 devstack@g-api.service[103778]: DEBUG glance.common.config [None req-a50c78f0-3109-4666-87ec-6291ef0d96d6 None None] ================================================================================ {{(pid=103778) log_opt_values /opt/stack/data/venv/lib/python3.10/site-packages/oslo_config/cfg.py:2809}}
Feb 13 07:19:47 jammy-provider-cloud-0000008005 devstack@g-api.service[103778]: DEBUG glance.common.config [None req-a50c78f0-3109-4666-87ec-6291ef0d96d6 None None] allow_anonymous_access         = False {{(pid=103778) log_opt_values /opt/stack/data/venv/lib/python3.10/site-packages/oslo_config/cfg.py:2817}}
Feb 13 07:19:47 jammy-provider-cloud-0000008005 devstack@g-api.service[103778]: DEBUG glance.common.config [None req-a50c78f0-3109-4666-87ec-6291ef0d96d6 None None] api_limit_max                  = 1000 {{(pid=103778) log_opt_values /opt/stack/data/venv/lib/python3.10/site-packages/oslo_config/cfg.py:2817}}
Feb 13 07:19:47 jammy-provider-cloud-0000008005 devstack@g-api.service[103778]: DEBUG glance.common.config [None req-a50c78f0-3109-4666-87ec-6291ef0d96d6 None None] backlog                        = 4096 {{(pid=103778) log_opt_values /opt/stack/data/venv/lib/python3.10/site-packages/oslo_config/cfg.py:2817}}
Feb 13 07:19:47 jammy-provider-cloud-0000008005 devstack@g-api.service[103778]: DEBUG glance.common.config [None req-a50c78f0-3109-4666-87ec-6291ef0d96d6 None None] bind_host                      = 0.0.0.0 {{(pid=103778) log_opt_values /opt/stack/data/venv/lib/python3.10/site-packages/oslo_config/cfg.py:2817}}
Feb 13 07:19:47 jammy-provider-cloud-0000008005 devstack@g-api.service[103778]: DEBUG glance.common.config [None req-a50c78f0-3109-4666-87ec-6291ef0d96d6 None None] bind_port                      = None {{(pid=103778) log_opt_values /opt/stack/data/venv/lib/python3.10/site-packages/oslo_config/cfg.py:2817}}
Feb 13 07:19:47 jammy-provider-cloud-0000008005 devstack@g-api.service[103778]: DEBUG glance.common.config [None req-a50c78f0-3109-4666-87ec-6291ef0d96d6 None None] client_socket_timeout          = 900 {{(pid=103778) log_opt_values /opt/stack/data/venv/lib/python3.10/site-packages/oslo_config/cfg.py:2817}}
Feb 13 07:19:47 jammy-provider-cloud-0000008005 devstack@g-api.service[103778]: DEBUG glance.common.config [None req-a50c78f0-3109-4666-87ec-6291ef0d96d6 None None] config_dir                     = [] {{(pid=103778) log_opt_values /opt/stack/data/venv/lib/python3.10/site-packages/oslo_config/cfg.py:2817}}
Feb 13 07:19:47 jammy-provider-cloud-0000008005 devstack@g-api.service[103778]: DEBUG glance.common.config [None req-a50c78f0-3109-4666-87ec-6291ef0d96d6 None None] config_file                    = ['/etc/glance/glance-image-import.conf', '/etc/glance/glance-api.conf'] {{(pid=103778) log_opt_values /opt/stack/data/venv/lib/python3.10/site-packages/oslo_config/cfg.py:2817}}
Feb 13 07:19:47 jammy-provider-cloud-0000008005 devstack@g-api.service[103778]: DEBUG glance.common.config [None req-a50c78f0-3109-4666-87ec-6291ef0d96d6 None None] config_source                  = [] {{(pid=103778) log_opt_values /opt/stack/data/venv/lib/python3.10/site-packages/oslo_config/cfg.py:2817}}
Feb 13 07:19:47 jammy-provider-cloud-0000008005 devstack@g-api.service[103778]: DEBUG glance.common.config [None req-a50c78f0-3109-4666-87ec-6291ef0d96d6 None None] control_exchange               = glance {{(pid=103778) log_opt_values /opt/stack/data/venv/lib/python3.10/site-packages/oslo_config/cfg.py:2817}}
Feb 13 07:19:47 jammy-provider-cloud-0000008005 devstack@g-api.service[103778]: DEBUG glance.common.config [None req-a50c78f0-3109-4666-87ec-6291ef0d96d6 None None] debug                          = True {{(pid=103778) log_opt_values /opt/stack/data/venv/lib/python3.10/site-packages/oslo_config/cfg.py:2817}}
Feb 13 07:19:47 jammy-provider-cloud-0000008005 devstack@g-api.service[103778]: DEBUG glance.common.config [None req-a50c78f0-3109-4666-87ec-6291ef0d96d6 None None] default_log_levels             = ['amqp=WARN', 'amqplib=WARN', 'boto=WARN', 'qpid=WARN', 'sqlalchemy=WARN', 'suds=INFO', 'oslo.messaging=INFO', 'oslo_messaging=INFO', 'iso8601=WARN', 'requests.packages.urllib3.connectionpool=WARN', 'urllib3.connectionpool=WARN', 'websocket=WARN', 'requests.packages.urllib3.util.retry=WARN', 'urllib3.util.retry=WARN', 'keystonemiddleware=WARN', 'routes.middleware=WARN', 'stevedore=WARN', 'taskflow=WARN', 'keystoneauth=WARN', 'oslo.cache=INFO', 'oslo_policy=INFO', 'dogpile.core.dogpile=INFO'] {{(pid=103778) log_opt_values /opt/stack/data/venv/lib/python3.10/site-packages/oslo_config/cfg.py:2817}}
Feb 13 07:19:47 jammy-provider-cloud-0000008005 devstack@g-api.service[103778]: DEBUG glance.common.config [None req-a50c78f0-3109-4666-87ec-6291ef0d96d6 None None] default_publisher_id           = image.localhost {{(pid=103778) log_opt_values /opt/stack/data/venv/lib/python3.10/site-packages/oslo_config/cfg.py:2817}}
Feb 13 07:19:47 jammy-provider-cloud-0000008005 devstack@g-api.service[103778]: DEBUG glance.common.config [None req-a50c78f0-3109-4666-87ec-6291ef0d96d6 None None] delayed_delete                 = False {{(pid=103778) log_opt_values /opt/stack/data/venv/lib/python3.10/site-packages/oslo_config/cfg.py:2817}}
Feb 13 07:19:47 jammy-provider-cloud-0000008005 devstack@g-api.service[103778]: DEBUG glance.common.config [None req-a50c78f0-3109-4666-87ec-6291ef0d96d6 None None] digest_algorithm               = sha256 {{(pid=103778) log_opt_values /opt/stack/data/venv/lib/python3.10/site-packages/oslo_config/cfg.py:2817}}
Feb 13 07:19:47 jammy-provider-cloud-0000008005 devstack@g-api.service[103778]: DEBUG glance.common.config [None req-a50c78f0-3109-4666-87ec-6291ef0d96d6 None None] disabled_notifications         = [] {{(pid=103778) log_opt_values /opt/stack/data/venv/lib/python3.10/site-packages/oslo_config/cfg.py:2817}}
Feb 13 07:19:47 jammy-provider-cloud-0000008005 devstack@g-api.service[103778]: DEBUG glance.common.config [None req-a50c78f0-3109-4666-87ec-6291ef0d96d6 None None] do_secure_hash                 = True {{(pid=103778) log_opt_values /opt/stack/data/venv/lib/python3.10/site-packages/oslo_config/cfg.py:2817}}
Feb 13 07:19:47 jammy-provider-cloud-0000008005 devstack@g-api.service[103778]: DEBUG glance.common.config [None req-a50c78f0-3109-4666-87ec-6291ef0d96d6 None None] enabled_backends               = None {{(pid=103778) log_opt_values /opt/stack/data/venv/lib/python3.10/site-packages/oslo_config/cfg.py:2817}}
Feb 13 07:19:47 jammy-provider-cloud-0000008005 devstack@g-api.service[103778]: DEBUG glance.common.config [None req-a50c78f0-3109-4666-87ec-6291ef0d96d6 None None] enabled_import_methods         = ['glance-direct', 'web-download', 'copy-image'] {{(pid=103778) log_opt_values /opt/stack/data/venv/lib/python3.10/site-packages/oslo_config/cfg.py:2817}}
Feb 13 07:19:47 jammy-provider-cloud-0000008005 devstack@g-api.service[103778]: DEBUG glance.common.config [None req-a50c78f0-3109-4666-87ec-6291ef0d96d6 None None] hashing_algorithm              = sha512 {{(pid=103778) log_opt_values /opt/stack/data/venv/lib/python3.10/site-packages/oslo_config/cfg.py:2817}}
Feb 13 07:19:47 jammy-provider-cloud-0000008005 devstack@g-api.service[103778]: DEBUG glance.common.config [None req-a50c78f0-3109-4666-87ec-6291ef0d96d6 None None] http_keepalive                 = True {{(pid=103778) log_opt_values /opt/stack/data/venv/lib/python3.10/site-packages/oslo_config/cfg.py:2817}}
Feb 13 07:19:47 jammy-provider-cloud-0000008005 devstack@g-api.service[103778]: DEBUG glance.common.config [None req-a50c78f0-3109-4666-87ec-6291ef0d96d6 None None] http_retries                   = 3 {{(pid=103778) log_opt_values /opt/stack/data/venv/lib/python3.10/site-packages/oslo_config/cfg.py:2817}}
Feb 13 07:19:47 jammy-provider-cloud-0000008005 devstack@g-api.service[103778]: DEBUG glance.common.config [None req-a50c78f0-3109-4666-87ec-6291ef0d96d6 None None] image_cache_dir                = /opt/stack/data/glance/cache/ {{(pid=103778) log_opt_values /opt/stack/data/venv/lib/python3.10/site-packages/oslo_config/cfg.py:2817}}
Feb 13 07:19:47 jammy-provider-cloud-0000008005 devstack@g-api.service[103778]: DEBUG glance.common.config [None req-a50c78f0-3109-4666-87ec-6291ef0d96d6 None None] image_cache_driver             = centralized_db {{(pid=103778) log_opt_values /opt/stack/data/venv/lib/python3.10/site-packages/oslo_config/cfg.py:2817}}
Feb 13 07:19:47 jammy-provider-cloud-0000008005 devstack@g-api.service[103778]: DEBUG glance.common.config [None req-a50c78f0-3109-4666-87ec-6291ef0d96d6 None None] image_cache_max_size           = 10737418240 {{(pid=103778) log_opt_values /opt/stack/data/venv/lib/python3.10/site-packages/oslo_config/cfg.py:2817}}
Feb 13 07:19:47 jammy-provider-cloud-0000008005 devstack@g-api.service[103778]: DEBUG glance.common.config [None req-a50c78f0-3109-4666-87ec-6291ef0d96d6 None None] image_cache_sqlite_db          = cache.db {{(pid=103778) log_opt_values /opt/stack/data/venv/lib/python3.10/site-packages/oslo_config/cfg.py:2817}}
Feb 13 07:19:47 jammy-provider-cloud-0000008005 devstack@g-api.service[103778]: DEBUG glance.common.config [None req-a50c78f0-3109-4666-87ec-6291ef0d96d6 None None] image_cache_stall_time         = 86400 {{(pid=103778) log_opt_values /opt/stack/data/venv/lib/python3.10/site-packages/oslo_config/cfg.py:2817}}
Feb 13 07:19:47 jammy-provider-cloud-0000008005 devstack@g-api.service[103778]: DEBUG glance.common.config [None req-a50c78f0-3109-4666-87ec-6291ef0d96d6 None None] image_location_quota           = 10 {{(pid=103778) log_opt_values /opt/stack/data/venv/lib/python3.10/site-packages/oslo_config/cfg.py:2817}}
Feb 13 07:19:47 jammy-provider-cloud-0000008005 devstack@g-api.service[103778]: DEBUG glance.common.config [None req-a50c78f0-3109-4666-87ec-6291ef0d96d6 None None] image_member_quota             = 128 {{(pid=103778) log_opt_values /opt/stack/data/venv/lib/python3.10/site-packages/oslo_config/cfg.py:2817}}
Feb 13 07:19:47 jammy-provider-cloud-0000008005 devstack@g-api.service[103778]: DEBUG glance.common.config [None req-a50c78f0-3109-4666-87ec-6291ef0d96d6 None None] image_property_quota           = 128 {{(pid=103778) log_opt_values /opt/stack/data/venv/lib/python3.10/site-packages/oslo_config/cfg.py:2817}}
Feb 13 07:19:47 jammy-provider-cloud-0000008005 devstack@g-api.service[103778]: DEBUG glance.common.config [None req-a50c78f0-3109-4666-87ec-6291ef0d96d6 None None] image_size_cap                 = 1099511627776 {{(pid=103778) log_opt_values /opt/stack/data/venv/lib/python3.10/site-packages/oslo_config/cfg.py:2817}}
Feb 13 07:19:47 jammy-provider-cloud-0000008005 devstack@g-api.service[103778]: DEBUG glance.common.config [None req-a50c78f0-3109-4666-87ec-6291ef0d96d6 None None] image_tag_quota                = 128 {{(pid=103778) log_opt_values /opt/stack/data/venv/lib/python3.10/site-packages/oslo_config/cfg.py:2817}}
Feb 13 07:19:47 jammy-provider-cloud-0000008005 devstack@g-api.service[103778]: DEBUG glance.common.config [None req-a50c78f0-3109-4666-87ec-6291ef0d96d6 None None] instance_format                = [instance: %(uuid)s]  {{(pid=103778) log_opt_values /opt/stack/data/venv/lib/python3.10/site-packages/oslo_config/cfg.py:2817}}
Feb 13 07:19:47 jammy-provider-cloud-0000008005 devstack@g-api.service[103778]: DEBUG glance.common.config [None req-a50c78f0-3109-4666-87ec-6291ef0d96d6 None None] instance_uuid_format           = [instance: %(uuid)s]  {{(pid=103778) log_opt_values /opt/stack/data/venv/lib/python3.10/site-packages/oslo_config/cfg.py:2817}}
Feb 13 07:19:47 jammy-provider-cloud-0000008005 devstack@g-api.service[103778]: DEBUG glance.common.config [None req-a50c78f0-3109-4666-87ec-6291ef0d96d6 None None] limit_param_default            = 25 {{(pid=103778) log_opt_values /opt/stack/data/venv/lib/python3.10/site-packages/oslo_config/cfg.py:2817}}
Feb 13 07:19:47 jammy-provider-cloud-0000008005 devstack@g-api.service[103778]: DEBUG glance.common.config [None req-a50c78f0-3109-4666-87ec-6291ef0d96d6 None None] log_color                      = True {{(pid=103778) log_opt_values /opt/stack/data/venv/lib/python3.10/site-packages/oslo_config/cfg.py:2817}}
Feb 13 07:19:47 jammy-provider-cloud-0000008005 devstack@g-api.service[103778]: DEBUG glance.common.config [None req-a50c78f0-3109-4666-87ec-6291ef0d96d6 None None] log_config_append              = None {{(pid=103778) log_opt_values /opt/stack/data/venv/lib/python3.10/site-packages/oslo_config/cfg.py:2817}}
Feb 13 07:19:47 jammy-provider-cloud-0000008005 devstack@g-api.service[103778]: DEBUG glance.common.config [None req-a50c78f0-3109-4666-87ec-6291ef0d96d6 None None] log_date_format                = %Y-%m-%d %H:%M:%S {{(pid=103778) log_opt_values /opt/stack/data/venv/lib/python3.10/site-packages/oslo_config/cfg.py:2817}}
Feb 13 07:19:47 jammy-provider-cloud-0000008005 devstack@g-api.service[103778]: DEBUG glance.common.config [None req-a50c78f0-3109-4666-87ec-6291ef0d96d6 None None] log_dir                        = None {{(pid=103778) log_opt_values /opt/stack/data/venv/lib/python3.10/site-packages/oslo_config/cfg.py:2817}}
Feb 13 07:19:47 jammy-provider-cloud-0000008005 devstack@g-api.service[103779]: DEBUG glance.image_cache.drivers.centralized_db [None req-7d1b41c4-ba00-4b26-8735-22d374638c8f None None] Node reference is already recorded, ignoring it {{(pid=103779) configure /opt/stack/glance/glance/image_cache/drivers/centralized_db.py:71}}
Feb 13 07:19:47 jammy-provider-cloud-0000008005 devstack@g-api.service[103778]: DEBUG glance.common.config [None req-a50c78f0-3109-4666-87ec-6291ef0d96d6 None None] log_file                       = None {{(pid=103778) log_opt_values /opt/stack/data/venv/lib/python3.10/site-packages/oslo_config/cfg.py:2817}}
Feb 13 07:19:47 jammy-provider-cloud-0000008005 devstack@g-api.service[103778]: DEBUG glance.common.config [None req-a50c78f0-3109-4666-87ec-6291ef0d96d6 None None] log_rotate_interval            = 1 {{(pid=103778) log_opt_values /opt/stack/data/venv/lib/python3.10/site-packages/oslo_config/cfg.py:2817}}
Feb 13 07:19:47 jammy-provider-cloud-0000008005 devstack@g-api.service[103778]: DEBUG glance.common.config [None req-a50c78f0-3109-4666-87ec-6291ef0d96d6 None None] log_rotate_interval_type       = days {{(pid=103778) log_opt_values /opt/stack/data/venv/lib/python3.10/site-packages/oslo_config/cfg.py:2817}}
Feb 13 07:19:47 jammy-provider-cloud-0000008005 devstack@g-api.service[103778]: DEBUG glance.common.config [None req-a50c78f0-3109-4666-87ec-6291ef0d96d6 None None] log_rotation_type              = none {{(pid=103778) log_opt_values /opt/stack/data/venv/lib/python3.10/site-packages/oslo_config/cfg.py:2817}}
Feb 13 07:19:47 jammy-provider-cloud-0000008005 devstack@g-api.service[103778]: DEBUG glance.common.config [None req-a50c78f0-3109-4666-87ec-6291ef0d96d6 None None] logging_context_format_string  = %(color)s%(levelname)s %(name)s [%(global_request_id)s %(request_id)s %(project_name)s %(user_name)s%(color)s] %(instance)s%(color)s%(message)s {{(pid=103778) log_opt_values /opt/stack/data/venv/lib/python3.10/site-packages/oslo_config/cfg.py:2817}}
Feb 13 07:19:47 jammy-provider-cloud-0000008005 devstack@g-api.service[103778]: DEBUG glance.common.config [None req-a50c78f0-3109-4666-87ec-6291ef0d96d6 None None] logging_debug_format_suffix    = {{(pid=%(process)d) %(funcName)s %(pathname)s:%(lineno)d}} {{(pid=103778) log_opt_values /opt/stack/data/venv/lib/python3.10/site-packages/oslo_config/cfg.py:2817}}
Feb 13 07:19:47 jammy-provider-cloud-0000008005 devstack@g-api.service[103778]: DEBUG glance.common.config [None req-a50c78f0-3109-4666-87ec-6291ef0d96d6 None None] logging_default_format_string  = %(color)s%(levelname)s %(name)s [-%(color)s] %(instance)s%(color)s%(message)s {{(pid=103778) log_opt_values /opt/stack/data/venv/lib/python3.10/site-packages/oslo_config/cfg.py:2817}}
Feb 13 07:19:47 jammy-provider-cloud-0000008005 devstack@g-api.service[103778]: DEBUG glance.common.config [None req-a50c78f0-3109-4666-87ec-6291ef0d96d6 None None] logging_exception_prefix       = ERROR %(name)s %(instance)s {{(pid=103778) log_opt_values /opt/stack/data/venv/lib/python3.10/site-packages/oslo_config/cfg.py:2817}}
