"pcp-dstat 6.2.0 CSV Output"
"Author:","PCP team <pcp@groups.io> and Dag Wieers <dag@wieers.com>",,,,"URL:","https://pcp.io/ and http://dag.wieers.com/home-made/dstat/"
"Host:","ubuntu",,,,"User:","ubuntu"
"Cmdline:","dstat -tcmndrylpg --tcp --output /tmp/devstack_logs/dstat-csv.log",,,,"Date:","23 Jun 2026 22:41:35 UTC"
"system","total usage",,,,,"memory usage",,,,"net/total",,"dsk/total",,"io/total",,"system",,"load avg",,,"procs",,,"paging",,"tcp sockets",,,,
"time","total usage:usr","total usage:sys","total usage:idl","total usage:wai","total usage:stl","used","free","buf","cach","net/total:recv","net/total:send","dsk/total:read","dsk/total:writ","read","writ","int","csw","1m","5m","15m","run","blk","new","in","out","lis","act","syn","tim","clo"
23-06 22:41:35,,1060376,1351632,168968,5226452,,,,,,,1.290,0.910,0.490,1,0,,,,10,6,0,17,0
23-06 22:41:36,24.242,21.243,52.733,0.750,0,1065812,1345364,169172,5226940,25620.736,14630.281,0,2863.077,0,103.966,6716,5869,1.270,0.910,0.490,1,0,550.822,0,0,10,6,0,17,0
23-06 22:41:37,27.256,19.504,51.262,0.500,0,1058380,1351928,169364,5227480,44255.000,14123.191,0,2108.476,0,74.017,6666,6832,1.270,0.910,0.490,4,0,378.085,0,0,10,6,0,17,0
23-06 22:41:38,36.050,16.160,45.747,0.497,0,1095536,1290028,169648,5304872,176795.462,10090.096,0,1798.038,0,54.697,7007,7878,1.270,0.910,0.490,2,0,224.755,0,0,11,5,0,17,1
23-06 22:41:39,29.275,9.758,57.549,0.500,0,1144316,1221956,170580,5391352,4978.279,1591.368,0,2005.724,0,63.054,3511,2658,1.270,0.910,0.490,2,0,86.074,0,0,11,6,0,17,2
23-06 22:41:40,39.064,12.521,47.578,0.751,0,1137780,1213652,170988,5403820,4890.046,1554.558,0,1133.866,0,46.076,4751,3368,1.270,0.910,0.490,2,1,196.323,0,0,11,6,0,19,2
23-06 22:41:41,40.017,7.253,48.771,1.000,0,1196832,1126716,172092,5427676,4342.874,1134.489,32.014,4185.806,2.001,132.057,3123,2223,1.330,0.930,0.500,2,0,0,0,0,11,6,0,19,2
23-06 22:41:42,43.497,5.250,48.746,0.750,0,1229380,1063700,173256,5453928,3605.718,485.962,0,3751.706,0,87.993,3068,2058,1.330,0.930,0.500,2,0,0,0,0,11,6,0,19,2
23-06 22:41:43,32.829,6.766,45.359,12.781,0,1255928,1034128,174948,5453408,5515.250,1942.667,0,47634.440,0,3590.626,13231,25180,1.330,0.930,0.500,3,0,52.125,0,0,11,6,0,19,0
23-06 22:41:44,37.747,8.249,44.997,6.999,0,1247936,1039704,175256,5455588,5219.617,1619.881,0,40205.053,0,3195.766,11464,20308,1.330,0.930,0.500,3,0,100.993,0,0,11,4,0,19,0
23-06 22:41:45,37.846,7.470,52.287,0.996,0,1249168,1031012,175740,5461764,11838.778,4715.792,0,5792.406,0,315.714,3604,2978,1.330,0.930,0.500,2,0,40.834,0,0,11,4,0,19,0
23-06 22:41:46,46.062,7.510,45.061,0,0,1270400,1008240,175792,5462884,5424.358,1622.200,0,1149.559,0,56.076,10096,17673,1.380,0.950,0.510,2,0,14.019,0,0,11,4,0,19,0
23-06 22:41:47,42.952,10.988,44.450,0.499,0,1248620,1029780,175844,5463040,5034.390,1618.197,0,8710.293,0,478.467,8946,17351,1.380,0.950,0.510,2,0,22.974,0,0,11,4,0,19,0
23-06 22:41:48,43.787,7.006,48.041,0.500,0,1248456,1037960,175896,5455716,5294.467,1621.368,0,7898.664,0,352.297,3278,1786,1.380,0.950,0.510,3,0,12.010,0,0,11,4,0,19,0
23-06 22:41:49,31.569,19.543,47.605,0,0,1168632,1117944,175904,5455744,5111.223,1623.565,0,505.109,0,16.035,5619,4213,1.380,0.950,0.510,1,0,415.913,0,0,11,4,0,19,0
23-06 22:41:50,9.233,20.962,67.877,0,0,1135104,1151324,175904,5455904,4791.306,1617.066,0,39.928,0,8.984,5513,3896,1.380,0.950,0.510,2,0,324.411,0,0,11,4,0,19,0
23-06 22:41:51,22.780,16.522,59.578,0,0,1142244,1144136,175904,5456260,4661.092,1459.908,0,4.005,0,1.001,6292,8113,1.590,1,0.530,3,0,181.237,0,0,11,4,0,19,0
23-06 22:41:52,45.432,10.235,43.435,0,0,1221776,1064576,175904,5456400,5212.176,1617.572,0,0,0,0,3453,1927,1.590,1,0.530,2,0,81.877,0,0,11,5,0,19,0
23-06 22:41:53,44.343,7.516,48.351,0,0,1259516,1026300,175908,5456940,5531.548,1623.389,0,15748.878,0,111.232,2791,1495,1.590,1,0.530,3,0,0,0,0,11,5,0,19,0
23-06 22:41:54,36.995,9.999,51.243,0.250,0,1278132,1005272,175960,5459260,5219.307,1619.785,0,1867.752,0,43.994,4320,5853,1.590,1,0.530,2,0,68.991,0,0,11,4,0,20,0
23-06 22:41:55,1.247,3.243,94.033,0,0,1284980,998416,175960,5459264,4986.488,1454.642,0,0,0,0,1305,1307,1.590,1,0.530,1,0,48.887,0,0,11,4,0,20,0
23-06 22:41:56,18.495,4.999,74.978,0,0,1342184,941196,175964,5459276,5595.379,1619.531,0,483.860,0,9.997,1961,1594,1.540,1,0.530,1,0,21.994,0,0,11,4,0,20,0
23-06 22:41:57,22.236,2.498,73.703,0,0,1374452,908928,175964,5459276,5354.592,1457.073,0,0,0,0,1722,1163,1.540,1,0.530,1,0,0,0,0,11,4,0,20,0
23-06 22:41:58,23.278,3.004,71.835,1.251,0,1394704,888380,176020,5459516,5045.994,1621.927,0,1309.556,0,181.215,3568,4390,1.540,1,0.530,1,0,1.001,0,0,11,10,0,14,0
23-06 22:41:59,21.001,6.250,71.503,0.250,0,1311600,971456,176044,5459520,6738.324,1458.070,0,12908.620,0,207.010,2782,2465,1.540,1,0.530,1,0,42.002,0,0,11,4,0,16,0
23-06 22:42:00,21.253,3.000,75.009,0.250,0,1358452,924332,176044,5459708,8329.984,3586.424,0,3128.370,0,124.015,1878,1298,1.540,1,0.530,0,0,1.000,0,0,11,5,0,16,0
23-06 22:42:01,25.220,6.243,66.172,0.499,0,1367444,914980,176088,5459940,9754.545,4281.971,267.686,643.245,65.923,20.975,3644,10666,1.500,1,0.540,1,0,36.957,0,0,11,25,0,17,0
23-06 22:42:02,19.583,5.021,74.314,0,0,1373096,909176,176088,5460092,8811.280,5406.876,0,0,0,0,2638,2028,1.500,1,0.540,2,0,45.191,0,0,11,28,0,17,0
23-06 22:42:03,20.186,2.741,76.509,0,0,1373556,908712,176088,5460096,6281.241,3413.263,0,0,0,0,1686,1136,1.500,1,0.540,0,0,0,0,0,11,29,0,17,0
23-06 22:42:04,17.049,8.524,72.709,0,0,1343216,939004,176100,5460112,11227.240,6658.119,0,37122.599,0,190.547,3421,2703,1.500,1,0.540,2,0,97.279,0,0,11,28,0,18,0
23-06 22:42:05,39.232,9.496,48.727,0,0.250,1466412,815800,176100,5460120,5309.533,1457.323,0,7.996,0,1.999,3079,1674,1.500,1,0.540,2,0,58.973,0,0,11,28,0,18,0
23-06 22:42:06,31.509,4.751,61.517,0,0,1499384,782808,176100,5460140,17325.731,13611.717,0,0,0,0,3988,3953,1.460,1,0.540,3,0,0,0,0,11,30,0,17,0
23-06 22:42:07,40.993,15.997,41.743,0.250,0,1365052,916936,176108,5460332,12938.711,8353.522,0,1963.653,0,42.992,6376,7469,1.460,1,0.540,6,0,363.936,0,0,11,28,0,18,0
23-06 22:42:08,78.802,18.762,0.250,0,0.250,1609700,672220,176108,5460380,5283.461,1621.062,0,16.010,0,4.003,4951,3200,1.460,1,0.540,7,0,214.140,0,0,11,28,0,18,0
23-06 22:42:09,74.902,12.442,8.212,0,0,1802364,479520,176116,5460400,20406.272,16977.190,0,13385.861,0,85.603,5435,3870,1.460,1,0.540,4,0,0,0,0,11,33,0,18,0
23-06 22:42:10,74.836,8.789,14.565,0.251,0,1820940,460708,176124,5460624,27970.631,25016.361,0,373.678,0,55.248,8625,11395,1.460,1,0.540,5,0,51.230,0,0,11,31,0,20,0
23-06 22:42:11,38.886,13.959,45.866,0,0,1502684,778924,176128,5460656,13143.481,8769.300,0,342.995,0,25.924,6137,6170,1.340,0.980,0.540,2,0,259.240,0,0,11,28,0,23,0
23-06 22:42:12,21.496,4.999,73.238,0,0,1556908,724700,176128,5460656,4799.208,1619.733,0,179.970,0,8.999,1841,1248,1.340,0.980,0.540,1,0,0,0,0,11,28,0,23,0
23-06 22:42:13,16.253,2.250,80.016,0.250,0,1538552,743032,176132,5460676,12213.465,8561.728,0,296.060,0,33.007,2827,3256,1.340,0.980,0.540,1,0,0,0,0,11,28,0,24,0
23-06 22:42:14,19.248,8.749,70.741,0.750,0,1495376,786148,176152,5460684,4771.406,1511.812,0,84805.449,0,673.916,3443,3600,1.340,0.980,0.540,1,0,67.992,0,0,11,28,0,24,0
23-06 22:42:15,20.036,2.004,77.139,0.250,0,1511752,769756,176156,5460688,8945.118,5975.768,0,3117.618,0,100.181,2016,1595,1.340,0.980,0.540,0,0,0,0,0,11,29,0,24,0
23-06 22:42:16,15.270,10.013,73.599,0.501,0,1467720,813732,176196,5460704,6338.497,2569.444,0,2443.275,0,132.177,4842,5195,1.470,1.020,0.550,1,0,266.357,0,0,11,28,0,25,0
23-06 22:42:17,32.993,29.993,35.742,0,0,1459748,821692,176196,5460716,6150.659,1511.670,0,51.989,0,12.997,6345,5436,1.470,1.020,0.550,5,0,771.832,0,0,11,28,0,25,0
23-06 22:42:18,87.260,13.001,0.250,0,0,1683548,597856,176196,5460752,8736.983,2537.285,0,144.016,0,10.001,4830,1975,1.470,1.020,0.550,3,0,0,0,0,11,29,1,25,0
23-06 22:42:19,71.246,8.749,19.999,0,0,1735684,545464,176196,5460992,40882.555,34065.963,0,5651.662,0,367.978,7396,9626,1.470,1.020,0.550,3,0,0,0,0,11,33,0,25,0
23-06 22:42:20,77.503,9.500,11.000,0.250,0,1594500,686664,176228,5461048,25814.908,17315.609,0,688.024,0,79.003,8912,11664,1.470,1.020,0.550,5,0,135.005,0,0,11,28,0,26,0
23-06 22:42:21,80.608,19.466,0.250,0,0,1624904,656160,176232,5461144,4443.168,1132.005,0,219.613,0,11.979,5032,3232,1.840,1.100,0.580,6,0,175.690,0,0,11,28,0,26,0
23-06 22:42:22,84.066,12.009,2.502,0,0.250,1810464,470516,176232,5461156,21596.946,20472.063,0,136.107,0,9.007,5810,4222,1.840,1.100,0.580,4,0,6.005,0,0,11,33,0,26,0
23-06 22:42:23,81.177,9.741,8.992,0,0,1796960,483612,176244,5461536,49043.774,42854.355,0,355.679,0,35.968,10095,17044,1.840,1.100,0.580,8,0,46.958,0,0,11,29,1,29,0
23-06 22:42:24,60.326,14.518,24.281,0,0,1509844,770564,176244,5461696,9476.956,5612.080,0,264.333,0,16.020,4800,4144,1.840,1.100,0.580,2,0,251.317,0,0,11,28,0,30,0
23-06 22:42:25,37.121,4.734,57.052,0,0,1525800,754600,176244,5461704,13146.274,9353.466,0,195.321,0,8.969,3165,2372,1.840,1.100,0.580,2,0,0.997,0,0,11,30,0,30,0
23-06 22:42:26,36.378,14.050,48.923,0.251,0,1405016,875332,176252,5461748,15890.053,12027.427,0,935.299,0,65.230,6701,7640,2.250,1.200,0.610,6,0,275.974,0,0,11,28,0,32,0
23-06 22:42:27,60.774,15.256,24.009,0,0,1543524,736764,176252,5461776,4801.893,1620.639,0,8.003,0,2.001,4157,2034,2.250,1.200,0.610,3,0,103.041,0,0,11,28,0,28,0
23-06 22:42:28,47.365,5.484,46.368,0,0,1594252,685864,176252,5461948,25680.649,23094.037,0,0,0,0,5272,6145,2.250,1.200,0.610,1,0,0,0,0,11,31,0,28,0
23-06 22:42:29,60.023,20.508,18.507,0.250,0.250,1504204,775872,176260,5461980,13012.002,8227.162,0,676.260,0,51.020,6836,7262,2.250,1.200,0.610,4,0,258.099,0,0,11,28,0,29,0
23-06 22:42:30,75.691,11.529,12.532,0,0,1654248,625796,176268,5462000,12257.896,11203.238,0,276.697,0,18.045,4927,2747,2.250,1.200,0.610,1,0,1.003,0,0,11,32,0,29,0
23-06 22:42:31,64.875,6.737,26.699,0,0,1649548,630260,176292,5462212,37299.137,30911.444,0,2399.377,0,110.787,9082,13012,2.310,1.230,0.630,3,0,0.998,0,0,11,29,0,28,0
23-06 22:42:32,66.563,20.193,13.213,0,0,1528552,751224,176292,5462244,7188.760,2863.936,0,279.214,0,17.949,4932,3912,2.310,1.230,0.630,3,0,322.093,0,0,11,28,0,29,0
23-06 22:42:33,54.770,7.537,37.183,0,0,1578400,701356,176292,5462264,18525.189,16166.579,0,180.890,0,10.049,4167,3226,2.310,1.230,0.630,1,0,0,0,0,11,31,0,29,0
23-06 22:42:34,55.751,15.000,28.500,0.250,0,1495932,783612,176316,5462444,20996.245,15950.186,0,1432.017,0,88.001,8562,10943,2.310,1.230,0.630,3,0,299.003,0,0,11,28,0,31,0
23-06 22:42:35,62.153,10.234,27.208,0,0,1613192,666332,176316,5462464,9083.827,5253.803,0,790.766,0,2.995,3596,1413,2.310,1.230,0.630,2,0,0,0,0,11,30,0,31,0
23-06 22:42:36,46.785,5.504,46.534,0,0,1618404,660916,176316,5462668,28024.705,22991.987,0,1545.142,0,139.103,7257,8947,2.530,1.290,0.650,2,0,0,0,0,11,29,0,32,1
23-06 22:42:37,62.551,19.516,17.514,0,0,1565932,713216,176316,5462824,9038.311,4549.680,0,200.162,0,12.010,5081,3910,2.530,1.290,0.650,3,0,287.232,0,0,11,28,0,34,0
23-06 22:42:38,55.842,6.482,35.898,0,0,1602872,676256,176320,5462840,17184.347,13828.847,0,143.593,0,7.977,3905,3055,2.530,1.290,0.650,3,0,0,0,0,11,31,0,34,0
23-06 22:42:39,52.902,12.536,33.847,0.501,0,1471596,807312,176352,5463028,18863.096,15026.092,0,1207.463,0,87.250,7062,8744,2.530,1.290,0.650,3,0,112.322,0,0,11,28,0,36,0
23-06 22:42:40,60.573,8.475,30.660,0,0,1604400,674496,176352,5463040,6861.915,5063.180,0,19.942,0,0.997,3638,1673,2.530,1.290,0.650,1,0,0.997,0,0,11,31,0,36,0
23-06 22:42:41,52.154,7.021,40.369,0.251,0,1588844,689980,176364,5463096,26422.858,22120.180,0,232.686,0,26.077,7243,9543,2.640,1.340,0.670,3,0,49.145,0,0,11,28,0,38,0
23-06 22:42:42,60.249,25.500,13.750,0,0,1545084,733704,176364,5463132,4385.929,1685.973,0,303.995,0,28.000,5835,4918,2.640,1.340,0.670,8,0,532.991,0,0,11,28,0,38,0
23-06 22:42:43,82.000,18.500,0.250,0,0,1727780,550892,176372,5463176,4766.992,2144.997,0,164.000,0,8.000,5484,4486,2.640,1.340,0.670,6,0,394.999,0,0,11,29,0,36,0
23-06 22:42:44,77.947,18.487,2.498,0,0,1837876,440568,176376,5463400,42444.232,40111.813,0,591.599,0,39.973,7053,8146,2.640,1.340,0.670,4,0,346.765,0,0,11,33,0,36,0
23-06 22:42:45,79.537,18.509,1.751,0,0,1709796,568436,176396,5463588,32652.394,25831.178,0,592.279,0,53.025,8603,10202,2.640,1.340,0.670,6,0,343.162,0,0,11,28,0,37,0
23-06 22:42:46,81.474,17.994,0,0,0,1633440,644744,176396,5463648,5415.255,1619.478,0,155.950,0,8.997,5238,3279,2.830,1.400,0.690,5,0,186.940,0,0,11,28,0,37,0
23-06 22:42:47,78.525,9.753,11.504,0,0,1750600,527532,176396,5463696,27832.873,25149.018,0,8.003,0,2.001,6117,6451,2.830,1.400,0.690,3,0,0,0,0,11,33,0,37,0
23-06 22:42:48,68.680,14.235,16.733,0,0,1664084,613828,176396,5463916,37746.516,32687.673,0,11.988,0,2.997,10014,15142,2.830,1.400,0.690,6,0,228.767,0,0,11,28,0,42,0
23-06 22:42:49,16.499,26.748,54.995,0,0,1479308,798592,176396,5463940,5459.548,1619.866,0,15.999,0,4.000,5959,4460,2.830,1.400,0.690,2,0,538.955,0,0,11,28,0,42,0
23-06 22:42:50,48.740,37.242,13.497,0,0,1504132,773740,176396,5463968,4738.985,1619.653,0,175.962,0,36.992,6075,5443,2.830,1.400,0.690,5,0,831.822,0,0,11,28,0,42,0
23-06 22:42:51,74.030,10.504,15.256,0,0,1651612,626220,176396,5464012,16804.868,15103.173,0,388.159,0,26.011,5029,3889,3.010,1.460,0.710,3,0,3.001,0,0,11,31,0,42,0
23-06 22:42:52,62.762,11.502,24.255,0,0,1639836,637776,176420,5464204,24512.815,20129.954,0,1192.234,0,91.018,7747,10305,3.010,1.460,0.710,3,0,134.026,0,0,11,29,0,45,0
23-06 22:42:53,80.780,15.506,3.501,0,0,1618752,658832,176424,5464228,8018.013,4726.776,0,244.092,0,21.008,5186,3180,3.010,1.460,0.710,2,0,134.050,0,0,11,29,1,46,0
23-06 22:42:54,64.226,8.497,26.990,0.250,0,1663204,614308,176424,5464296,32215.162,28584.496,0,143.947,0,8.997,7944,9821,3.010,1.460,0.710,3,0,0,0,0,11,32,0,46,0
23-06 22:42:55,52.775,5.753,40.269,0,0,1662820,614308,176424,5464676,39146.508,33910.032,0,236.112,0,20.009,12118,18181,3.010,1.460,0.710,4,0,0,0,0,11,31,0,45,0
23-06 22:42:56,76.771,14.504,8.002,0,0,1536044,741028,176432,5464720,19236.261,13537.702,0,3380.925,0,169.046,7477,9438,3.090,1.500,0.730,5,0,122.033,0,0,11,28,0,45,0
23-06 22:42:57,74.378,9.984,14.726,0,0,1651456,625592,176432,5464744,17089.021,13888.261,0,143.765,0,11.980,4935,3131,3.090,1.500,0.730,3,0,0,0,0,11,31,0,45,0
23-06 22:42:58,55.180,6.741,37.952,0,0,1665064,611732,176436,5464988,41776.927,35913.376,0,135.827,0,7.990,10647,16657,3.090,1.500,0.730,4,0,0,0,0,11,32,0,45,0
23-06 22:42:59,62.672,9.276,26.824,0,0,1581044,695496,176440,5465200,37316.624,31381.302,0,180.496,0,14.039,10706,15599,3.090,1.500,0.730,4,0,91.251,0,0,11,28,0,49,0
23-06 22:43:00,79.802,17.651,1.989,0,0,1591704,684824,176440,5465212,7345.764,3446.652,0,135.241,0,8.950,4923,2430,3.090,1.500,0.730,3,0,171.040,0,0,11,29,0,47,0
23-06 22:43:01,68.761,9.787,21.080,0.251,0,1685236,591108,176444,5468256,30279.016,25484.805,0,228.869,0,20.076,6490,12018,3.400,1.590,0.770,7,0,37.141,0,0,11,34,0,47,0
23-06 22:43:02,69.094,11.766,18.024,0,0,1560012,716208,176456,5465492,31348.545,26783.349,0,420.571,0,53.072,10213,17701,3.400,1.590,0.770,4,0,89.121,0,0,11,33,0,50,0
23-06 22:43:03,81.553,13.259,5.253,0,0,1593980,682096,176460,5465632,11150.303,6751.422,0,196.128,0,19.012,5169,3382,3.400,1.590,0.770,4,0,40.026,0,0,11,33,0,50,0
23-06 22:43:04,65.753,9.500,23.501,0,0,1650472,625556,176472,5465668,22788.918,18915.762,0,312.013,0,37.001,5346,6081,3.400,1.590,0.770,4,0,60.002,0,0,11,34,0,50,0
23-06 22:43:05,69.190,13.988,16.735,0,0,1681152,594704,176472,5465836,28601.046,24449.668,0,351.693,0,14.987,7766,11212,3.400,1.590,0.770,2,0,59.948,0,0,11,34,0,50,0
23-06 22:43:06,67.934,13.737,17.483,0,0,1634544,641204,176472,5465940,26788.957,21050.535,0,1302.734,0,2.997,6820,8253,3.530,1.650,0.790,3,0,140.863,0,0,11,34,0,52,0
23-06 22:43:07,75.374,12.771,10.768,0,0,1596032,679676,176472,5465980,17509.906,13155.718,0,2480.094,0,109.180,6479,5964,3.530,1.650,0.790,4,0,86.142,0,0,11,33,0,54,0
23-06 22:43:08,76.507,9.501,14.251,0,0,1711344,564192,176472,5466148,21957.117,17589.696,0,0,0,0,5506,5970,3.530,1.650,0.790,3,0,34.003,0,0,11,33,1,54,0
23-06 22:43:09,71.754,11.251,16.251,0,0,1675644,599848,176480,5466192,21999.128,18207.933,0,196.010,0,16.001,6245,7739,3.530,1.650,0.790,3,0,34.002,0,0,11,33,0,55,0
23-06 22:43:10,59.489,12.498,27.245,0.500,0,1658276,617140,176516,5466228,18669.572,14325.369,0,2615.520,0,173.968,5238,5520,3.530,1.650,0.790,4,0,138.974,0,0,11,33,0,57,0
23-06 22:43:11,56.333,12.712,30.161,0,0,1593428,681968,176516,5466244,10174.807,7477.810,0,79.763,0,12.962,4618,3432,3.530,1.650,0.790,3,0,119.645,0,0,11,33,0,58,0
23-06 22:43:12,52.617,11.275,35.329,0.251,0,1594748,680452,176516,5466440,18974.227,15266.976,0,176.393,0,15.033,4614,5110,3.410,1.650,0.800,4,0,96.214,0,0,11,34,0,53,0
23-06 22:43:13,57.800,9.508,32.528,0,0,1562920,712108,176516,5466608,18176.659,14601.579,0,0,0,0,5769,6959,3.410,1.650,0.800,2,0,43.037,0,0,11,33,0,55,0
23-06 22:43:14,55.746,9.999,32.998,0,0,1583704,691124,176516,5466804,12270.200,9100.406,0,103.993,0,6.000,4354,4375,3.410,1.650,0.800,2,0,42.997,0,0,11,32,1,56,0
23-06 22:43:15,39.252,8.000,51.753,0,0,1583608,691172,176516,5466848,19441.082,16334.909,0,200.011,0,11.001,5590,6087,3.410,1.650,0.800,1,0,86.005,0,0,11,34,0,56,0
23-06 22:43:16,33.239,9.247,56.980,0,0,1443360,831384,176528,5466868,14048.146,9721.641,0,307.894,0,31.989,5677,5973,3.410,1.650,0.800,2,0,113.961,0,0,11,32,0,56,0
23-06 22:43:17,42.482,7.497,49.229,0,0,1510300,764436,176532,5466872,5530.611,1753.243,0,139.940,0,9.996,2918,1441,3.290,1.660,0.800,1,0,20.991,0,0,11,32,1,56,0
23-06 22:43:18,32.514,4.002,61.527,0.250,0,1526192,748336,176536,5467076,22376.925,17251.652,0,164.073,0,12.005,5042,6057,3.290,1.660,0.800,2,0,0,0,0,11,33,0,57,0
23-06 22:43:19,39.011,12.003,47.764,0,0,1518956,755516,176540,5467128,7863.227,3099.878,0,232.066,0,18.005,4193,3127,3.290,1.660,0.800,2,0,138.039,0,0,11,32,0,58,0
23-06 22:43:20,35.462,4.745,59.187,0,0.250,1542632,731828,176544,5467136,12888.343,9058.401,0,143.848,0,9.989,2669,2006,3.290,1.660,0.800,2,0,0.999,0,0,11,34,0,57,0
23-06 22:43:21,38.190,6.989,53.915,0.250,0,1514520,759900,176552,5467164,14217.614,10500.466,0,435.315,0,33.947,5131,5554,3.290,1.660,0.800,2,0,59.906,0,0,11,32,0,59,0
23-06 22:43:22,39.846,7.268,52.377,0,0,1546944,727452,176556,5467168,9669.381,6402.482,0,2461.953,0,134.325,2977,1854,3.190,1.670,0.810,2,0,11.027,0,0,11,33,0,59,0
23-06 22:43:23,36.497,5.250,57.245,0,0,1513300,761068,176556,5467200,18626.368,14861.698,0,147.987,0,8.999,5201,6083,3.190,1.670,0.810,3,0,26.998,0,0,11,33,0,60,0
23-06 22:43:24,39.017,7.003,52.773,0.250,0,1493612,780724,176556,5467232,8629.750,5414.353,0,280.122,0,25.011,3558,3127,3.190,1.670,0.810,3,0,21.009,0,0,11,32,0,56,0
23-06 22:43:25,36.155,4.738,58.097,0,0,1533776,740412,176556,5467380,17732.247,15095.200,0,155.590,0,7.979,3975,4056,3.190,1.670,0.810,1,0,0,0,0,11,34,0,56,0
23-06 22:43:26,31.566,12.777,54.364,0,0,1509092,764988,176564,5467472,15042.448,10499.951,0,545.140,0,81.170,6512,7174,3.190,1.670,0.810,4,0,245.513,0,0,11,32,0,58,0
23-06 22:43:27,20.945,5.486,71.811,0.249,0,1445184,828896,176564,5467472,4548.061,1615.759,0,179.529,0,7.979,2126,1500,3.090,1.670,0.820,1,0,36.903,0,0,11,32,0,58,0
23-06 22:43:28,18.280,3.005,78.128,0,0,1455364,818704,176564,5467484,12077.858,8478.941,0,144.237,0,10.016,2500,2533,3.090,1.670,0.820,1,0,0,0,0,11,33,0,56,0
23-06 22:43:29,14.218,9.978,74.085,0.499,0,1426324,847708,176580,5467504,9031.916,5405.979,0,818.181,0,63.858,4263,4154,3.090,1.670,0.820,1,0,144.678,0,0,11,32,0,57,0
23-06 22:43:30,15.499,12.249,70.994,0,0,1432852,841176,176580,5467508,4967.546,1565.857,0,27.997,0,5.000,3255,2129,3.090,1.670,0.820,1,0,139.987,0,0,11,32,0,57,0
23-06 22:43:31,19.778,2.503,77.358,0,0,1467928,806096,176580,5467512,7179.035,3868.407,0,144.202,0,10.014,1705,1134,3.090,1.670,0.820,2,0,0,0,0,11,33,0,57,0
23-06 22:43:32,19.970,2.496,75.886,0,0,1459380,814620,176580,5467536,13436.793,9858.175,0,619.069,0,0.998,3524,4026,2.930,1.660,0.820,1,0,0,0,0,11,32,0,54,0
23-06 22:43:33,19.466,6.239,72.625,0,0,1429620,844380,176580,5467536,5137.157,1563.309,0,3.993,0,0.998,2260,1466,2.930,1.660,0.820,1,0,45.921,0,0,11,32,0,54,0
23-06 22:43:34,19.775,2.503,77.098,0,0,1457988,815996,176580,5467548,9941.652,6552.339,0,220.280,0,18.023,2132,1954,2.930,1.660,0.820,1,0,0,0,0,11,33,0,54,0
23-06 22:43:35,19.764,2.001,76.553,0.250,0,1449928,823892,176580,5467712,15390.647,10613.342,0,200.138,0,20.014,4606,6006,2.930,1.660,0.820,2,0,0,0,0,11,32,0,54,0
23-06 22:43:36,10.784,20.315,68.467,0,0,1397356,876320,176580,5467856,5091.168,1504.779,0,284.905,0,12.038,5597,4235,2.930,1.660,0.820,1,0,446.418,0,0,11,32,0,51,0
23-06 22:43:37,37.848,12.699,48.306,0.249,0,1448608,824972,176624,5467900,5037.738,1452.159,0,418.318,0,24.900,4107,3034,2.770,1.650,0.820,2,0,180.275,0,0,11,32,0,53,0
23-06 22:43:38,41.243,7.499,46.992,3.749,0,1529448,740088,177052,5471112,4073.305,1133.806,0,8182.603,0,692.882,6191,8133,2.770,1.650,0.820,5,0,43.992,0,0,11,36,0,53,0
23-06 22:43:39,35.866,8.528,42.136,12.039,0,1488028,775620,178044,5475720,4458.392,1408.547,0,47553.511,0,3895.576,15351,30123,2.770,1.650,0.820,5,1,103.334,0,0,11,36,0,53,0
23-06 22:43:40,40.892,6.982,44.383,6.234,0,1497352,765652,178376,5475996,4809.354,1547.930,0,31209.933,0,2555.281,10565,19628,2.770,1.650,0.820,4,0,31.916,0,0,11,32,0,49,0
23-06 22:43:41,44.013,6.752,48.015,0.500,0,1489440,773540,178380,5476016,4998.530,1620.496,0,2588.792,0,138.042,3073,1930,2.770,1.650,0.820,2,0,1.000,0,0,11,32,0,49,0
23-06 22:43:42,37.855,8.774,42.619,9.777,0,1538816,723456,178620,5476472,4873.559,1624.520,0,18667.938,0,2694.497,13473,25902,2.710,1.660,0.830,5,0,3.008,0,0,11,34,0,49,0
23-06 22:43:43,31.664,7.480,58.092,1.247,0,1424792,837348,178668,5476536,4906.657,1615.607,0,6757.624,0,519.587,4476,5209,2.710,1.660,0.830,1,0,98.732,0,0,11,32,0,49,0
23-06 22:43:44,22.268,3.503,73.308,0.250,0,1446228,815900,178680,5476536,5284.164,1621.278,0,708.558,0,39.031,1873,1350,2.710,1.660,0.830,2,0,2.002,0,0,11,32,0,49,0
23-06 22:43:45,23.482,2.498,71.445,1.249,0,1461436,800616,178708,5476560,5801.554,1564.801,0,7482.266,0,404.690,2514,2874,2.710,1.660,0.830,1,0,0,0,0,11,32,0,47,0
23-06 22:43:46,21.510,4.502,73.783,0,0,1449260,812792,178708,5476560,5299.398,1620.733,0,232.105,0,11.005,1848,1309,2.710,1.660,0.830,2,0,1.000,0,0,11,32,0,47,0
23-06 22:43:47,22.003,3.750,73.259,0,0,1487700,774352,178708,5476560,4606.541,1566.184,0,48.006,0,5.001,1778,1122,2.570,1.640,0.830,2,0,2.000,0,0,11,32,0,47,0
23-06 22:43:48,22.238,4.248,73.459,0,0,1475620,786420,178708,5476572,4543.480,1565.132,0,0,0,0,1807,1227,2.570,1.640,0.830,1,0,0.999,0,0,11,32,0,47,0
23-06 22:43:49,22.016,3.252,73.803,0,0,1519012,743024,178708,5476576,4859.490,1567.125,0,0,0,0,1795,1153,2.570,1.640,0.830,1,0,2.001,0,0,11,32,0,41,0
23-06 22:43:50,23.748,2.500,73.492,0,0,1474648,787264,178716,5476652,4591.529,1511.845,0,0,0,0,1787,1113,2.570,1.640,0.830,3,0,2.000,0,0,11,32,0,41,0
23-06 22:43:51,23.233,2.748,73.196,0,0,1495588,766324,178716,5476652,4499.675,1564.844,0,11.991,0,1.999,1794,1184,2.570,1.640,0.830,1,0,0,0,0,11,32,0,41,0
23-06 22:43:52,21.005,4.751,72.517,0,0,1510260,751644,178716,5476660,5015.170,1512.353,0,224.052,0,14.003,1958,1468,2.530,1.650,0.830,1,0,2.000,0,0,11,32,0,41,0
23-06 22:43:53,23.011,2.751,73.784,0,0,1458852,802956,178720,5476748,4682.145,1620.742,0,308.141,0,19.009,1778,1175,2.530,1.650,0.830,2,0,1.000,0,0,11,32,0,37,0
23-06 22:43:54,22.252,4.000,73.257,0.250,0,1453328,808444,178728,5476772,4758.464,1458.142,0,76.007,0,4.000,1859,1290,2.530,1.650,0.830,2,0,1.000,0,0,11,32,0,37,0
23-06 22:43:55,21.690,3.989,73.048,0,0,1472396,789376,178728,5476772,5215.564,1615.529,0,0,0,0,1796,1243,2.530,1.650,0.830,2,0,0,0,0,11,32,0,37,0
23-06 22:43:56,23.046,2.755,73.396,0,0,1498192,763576,178728,5476772,5039.045,1515.020,0,1827.643,0,198.395,1849,1156,2.530,1.650,0.830,1,0,2.004,0,0,11,32,0,37,0
23-06 22:43:57,21.519,4.504,73.315,0,0,1483016,778732,178736,5476784,5510.878,1567.387,0,0,0,0,1863,1354,2.480,1.660,0.840,2,0,1.001,0,0,11,32,0,37,0
23-06 22:43:58,22.233,2.998,73.694,0,0,1468316,793380,178736,5476832,5202.078,1564.820,0,251.810,0,52.960,1776,1155,2.480,1.660,0.840,2,0,0.999,0,0,11,32,0,37,0
23-06 22:43:59,22.497,3.749,73.739,0,0,1488964,772732,178736,5476832,5491.201,1511.780,0,3.999,0,1.000,1843,1209,2.480,1.660,0.840,1,0,2.000,0,0,11,32,0,37,0
23-06 22:44:00,20.060,6.269,72.467,0,0,1455044,806556,178736,5476936,5897.676,1624.870,0,100.301,0,3.009,2639,1760,2.480,1.660,0.840,2,0,78.234,0,0,11,32,0,37,0
23-06 22:44:01,7.998,21.993,68.729,0,0,1457248,804284,178736,5477000,6121.168,1607.519,0,967.710,0,10.997,6485,5271,2.480,1.660,0.840,1,0,568.830,0,0,11,32,0,33,0
23-06 22:44:02,12.498,23.496,62.738,0,0,1420840,840608,178736,5477064,4859.085,1619.695,0,535.899,0,23.995,6978,14725,2.530,1.680,0.850,1,0,521.902,0,0,11,32,0,34,0
23-06 22:44:03,14.216,13.717,70.580,0.499,0,1424504,836920,178744,5477080,5027.882,1616.105,0,5897.786,0,291.298,4718,4222,2.530,1.680,0.850,1,0,236.430,0,0,11,32,0,34,0
23-06 22:44:04,22.509,3.501,73.529,0,0,1475144,786296,178744,5477064,5284.059,1620.631,0,496.193,0,88.034,1846,1187,2.530,1.680,0.850,2,0,2.001,0,0,11,32,0,34,0
23-06 22:44:05,22.542,3.256,73.387,0,0,1453524,807900,178744,5477080,5548.333,1460.720,0,24.045,0,3.006,1746,1040,2.530,1.680,0.850,1,0,1.002,0,0,11,32,0,29,0
23-06 22:44:06,21.468,4.244,73.640,0,0,1517744,743696,178744,5477064,5043.463,1132.308,0,0,0,0,1794,1212,2.530,1.680,0.850,2,0,0,0,0,11,32,0,29,0
23-06 22:44:07,22.484,3.747,73.449,0,0,1548272,713168,178744,5477064,5054.489,1456.988,0,163.886,0,3.997,1772,1129,2.640,1.720,0.870,2,0,1.999,0,0,11,32,0,29,0
23-06 22:44:08,22.517,3.503,73.306,0,0,1505404,756028,178744,5477072,5173.961,1663.273,0,8.006,0,1.001,1820,1290,2.640,1.720,0.870,2,0,1.001,0,0,11,32,0,29,0
23-06 22:44:09,22.002,3.500,73.256,0,0,1521676,739756,178744,5477072,4578.395,1458.126,0,88.008,0,3.000,1817,1193,2.640,1.720,0.870,2,0,2.000,0,0,11,32,0,23,0
23-06 22:44:10,23.249,3.000,73.747,0,0,1496372,765044,178744,5477088,4439.812,1619.931,0,131.994,0,28.999,1859,1244,2.640,1.720,0.870,2,0,2.000,0,0,11,32,0,23,0
23-06 22:44:11,22.494,2.999,73.232,0,0,1530276,731164,178744,5477064,4593.851,1457.635,0,3.999,0,1.000,1827,1188,2.640,1.720,0.870,2,0,1.999,0,0,11,32,0,23,0
23-06 22:44:12,23.758,2.501,73.026,0.250,0,1493596,767808,178744,5477096,3617.279,756.267,0,2280.807,0,22.008,1972,1471,2.830,1.770,0.890,2,0,1.000,0,0,11,32,0,23,0
23-06 22:44:13,22.250,3.750,73.498,0.250,0,1505068,756348,178744,5477084,3951.916,971.979,0,443.991,0,29.999,1866,1455,2.830,1.770,0.890,2,0,0,0,0,11,32,0,17,0
23-06 22:44:14,22.497,3.250,73.239,0,0,1529852,731564,178744,5477084,5029.247,1349.798,0,11.998,0,1.000,1785,1118,2.830,1.770,0.890,1,0,2.000,0,0,11,32,0,17,0
23-06 22:44:15,21.255,4.501,73.516,0,0,1498124,763308,178744,5477068,5161.125,1620.353,0,124.027,0,27.006,1825,1282,2.830,1.770,0.890,2,0,1.000,0,0,11,32,0,17,0
23-06 22:44:16,23.242,3.249,73.724,0,0,1532652,728780,178744,5477068,5732.983,1457.487,0,0,0,0,1787,1113,2.830,1.770,0.890,2,0,1.999,0,0,11,32,0,17,0
23-06 22:44:17,23.510,2.251,73.531,0,0,1487500,773904,178744,5477096,6122.587,1620.685,0,32.014,0,2.001,1788,1087,2.930,1.810,0.910,2,0,1.000,0,0,11,32,0,13,0
23-06 22:44:18,22.247,3.250,73.741,0,0,1512204,749288,178744,5477008,5999.238,1619.794,0,0,0,0,1802,1162,2.930,1.810,0.910,3,0,2.000,0,0,11,32,0,13,0
23-06 22:44:19,22.750,3.250,73.000,0,0,1535128,726332,178744,5477040,6300.043,1620.011,0,132.001,0,3.000,1793,1074,2.930,1.810,0.910,1,0,0,0,0,11,32,0,13,0
23-06 22:44:20,22.998,3.250,73.242,0,0,1486656,774716,178744,5477128,5639.421,1619.834,0,0,0,0,1844,1222,2.930,1.810,0.910,2,0,2.000,0,0,11,32,0,13,0
23-06 22:44:21,22.001,3.750,73.503,0,0,1477456,783916,178744,5477128,4997.207,1662.069,0,12.000,0,1.000,1837,1300,2.930,1.810,0.910,1,0,1.000,0,0,11,32,0,9,0
23-06 22:44:22,22.247,4.749,71.741,0.250,0,1517796,743572,178748,5477108,4637.394,1457.809,0,191.975,0,11.998,2188,1627,3.010,1.850,0.920,1,0,7.999,0,0,11,32,0,9,0
23-06 22:44:23,22.752,3.500,73.506,0,0,1474792,786552,178752,5477132,5220.438,1620.136,0,332.028,0,24.002,1852,1332,3.010,1.850,0.920,1,0,1.000,0,0,11,32,0,9,0
23-06 22:44:24,22.740,2.499,73.467,0,0,1485468,775876,178752,5477132,4935.786,1457.346,0,23.989,0,1.000,1782,1192,3.010,1.850,0.920,4,0,1.000,0,0,11,32,0,9,0
23-06 22:44:25,22.263,4.002,73.542,0,0,1493828,767528,178752,5477120,5403.061,1620.918,0,36.020,0,1.001,1876,1344,3.010,1.850,0.920,1,0,0,0,0,11,32,0,9,0
23-06 22:44:26,22.751,3.500,73.254,0,0,1528064,733292,178752,5477120,5195.258,1458.072,0,160.008,0,33.002,1857,1214,3.010,1.850,0.920,1,0,2.000,0,0,11,32,0,7,0
23-06 22:44:27,11.023,18.539,69.396,0,0,1479852,781448,178752,5477176,5050.649,1623.423,0,260.549,0,11.023,5436,4253,2.930,1.850,0.930,1,0,426.900,0,0,11,32,0,7,0
23-06 22:44:28,20.708,5.239,73.100,0,0,1473704,787588,178752,5477184,4642.477,1508.905,0,0,0,0,2113,1527,2.930,1.850,0.930,1,0,33.930,0,0,11,32,0,7,0
23-06 22:44:29,23.993,1.500,73.729,0,0,1491368,769732,178752,5477376,4904.622,1565.560,0,91.974,0,3.999,1692,972,2.930,1.850,0.930,2,0,0,0,0,11,32,0,7,0
23-06 22:44:30,21.248,4.750,73.245,0,0,1460632,800408,178752,5477440,4559.667,1619.882,0,0,0,0,1882,1345,2.930,1.850,0.930,2,0,9.999,0,0,11,32,0,4,0
23-06 22:44:31,23.489,2.749,73.715,0,0,1455316,805724,178752,5477440,4782.707,1457.301,0,0,0,0,1681,959,2.930,1.850,0.930,2,0,1.999,0,0,11,32,0,4,0
23-06 22:44:32,8.015,22.542,67.377,0,0,1436432,824436,178752,5477596,4869.149,1623.050,40.075,512.964,2.004,75.141,6248,4891,2.780,1.830,0.930,1,0,512.964,0,0,11,32,0,4,0
23-06 22:44:33,8.511,22.779,68.336,0,0.250,1417556,843280,178752,5477624,4898.198,1513.916,0,260.329,0,5.006,6099,4700,2.780,1.830,0.930,1,0,476.603,0,0,11,32,0,4,0
23-06 22:44:34,8.250,21.750,68.501,0,0,1419004,841800,178752,5477656,5146.100,1566.030,0,328.006,0,6.000,5889,4434,2.780,1.830,0.930,1,0,434.008,0,0,11,32,0,3,0
23-06 22:44:35,7.980,22.193,67.578,0,0,1402772,858008,178752,5477668,5685.491,1657.769,0,706.198,0,8.977,5201,3459,2.780,1.830,0.930,1,0,307.216,0,0,11,32,0,3,0
23-06 22:44:36,7.500,22.500,67.749,0,0,1396540,864220,178752,5477684,6016.896,1619.972,0,703.988,0,8.000,5255,3432,2.780,1.830,0.930,3,0,311.995,0,0,11,32,0,3,0
23-06 22:44:37,7.255,23.015,68.046,0,0,1388508,872236,178752,5477696,5463.671,1621.089,0,1064.715,0,37.025,5440,3764,2.710,1.840,0.940,1,0,353.237,0,0,11,32,0,3,0
23-06 22:44:38,7.496,21.238,69.210,0,0,1387436,873284,178752,5477720,5396.886,1619.066,0,555.679,0,6.996,5386,3766,2.710,1.840,0.940,1,0,336.806,0,0,11,32,0,1,0
23-06 22:44:39,7.270,21.308,69.439,0,0,1384644,876052,178752,5477744,5474.900,1624.421,0,240.655,0,7.019,5418,3752,2.710,1.840,0.940,2,0,318.868,0,0,11,32,0,1,0
23-06 22:44:40,8.502,21.254,68.762,0,0,1381876,878796,178752,5477768,5294.958,1714.310,0,228.041,0,6.001,5346,3710,2.710,1.840,0.940,2,0,329.060,0,0,11,32,0,1,0
23-06 22:44:41,8.241,21.478,68.179,0,0,1374760,885912,178752,5477788,4470.368,1456.491,0,119.876,0,8.991,5245,3612,2.710,1.840,0.940,1,0,310.678,0,0,11,32,0,1,0
23-06 22:44:42,8.238,22.217,67.648,0,0,1372448,888212,178752,5477800,4852.690,1617.563,0,31.952,0,7.988,5271,3575,2.660,1.840,0.940,1,0,317.522,0,0,11,32,0,1,0
23-06 22:44:43,8.763,20.530,68.850,0,0.250,1317496,943120,178768,5477828,4464.471,1460.116,0,332.482,0,73.106,5286,3855,2.660,1.840,0.940,1,0,321.466,0,0,11,32,0,1,0
23-06 22:44:44,29.760,34.012,35.012,0.250,0.250,1376976,883564,178772,5477864,4921.735,1620.571,0,1096.387,0,66.023,7067,6561,2.660,1.840,0.940,4,0,727.256,0,0,11,34,0,6,0
23-06 22:44:45,61.789,14.009,24.015,0.250,0,1563816,695836,178836,5478656,4881.114,1458.931,0,124.079,0,12.008,3821,2027,2.660,1.840,0.940,3,0,24.015,0,0,11,32,0,7,0
23-06 22:44:46,53.928,10.236,26.215,7.490,0,1633696,616296,179516,5486668,5289.948,1617.843,371.505,25086.556,2.996,1924.434,10917,17834,2.660,1.840,0.940,4,0,66.911,0,0,11,38,0,7,0
23-06 22:44:47,38.964,13.238,32.220,12.239,0,1652340,588284,180392,5494708,5366.986,1510.589,0,75541.432,0,5289.059,19838,38840,3.080,1.940,0.980,5,0,156.853,0,0,11,36,0,8,0
23-06 22:44:48,38.808,11.016,34.301,12.769,0,1700976,529332,180804,5504240,7417.073,3988.955,0,79670.938,0,5741.571,19577,39243,3.080,1.940,0.980,6,0,57.085,0,0,11,37,0,8,0
23-06 22:44:49,43.510,10.002,32.507,12.003,0,1594316,626840,181180,5512672,12299.820,8536.957,0,80338.420,0,6010.378,20218,40911,3.080,1.940,0.980,3,1,47.011,0,0,11,34,0,9,0
23-06 22:44:50,35.512,27.009,27.759,7.252,0,1605744,609288,181560,5518612,4519.483,1458.478,296.097,47267.507,4.001,3322.090,16780,29552,3.080,1.940,0.980,5,0,390.128,0,0,11,34,0,9,0
23-06 22:44:51,44.254,20.752,23.502,9.501,0,1631896,577116,181928,5523584,9548.785,6718.553,932.077,54973.521,15.001,3930.323,17772,34118,3.080,1.940,0.980,6,0,181.015,0,0,11,35,0,9,0
23-06 22:44:52,30.741,12.496,43.487,10.247,0,1628940,576864,182116,5526524,13122.974,9919.957,667.795,42550.945,11.996,3510.923,17811,32484,3.160,1.980,1,3,1,140.957,0,0,11,35,0,9,0
23-06 22:44:53,31.000,9.750,46.751,10.750,0,1559380,643684,182232,5529024,10862.171,7610.120,0,49420.779,0,4200.066,17186,34457,3.160,1.980,1,3,0,72.001,0,0,11,34,0,9,0
23-06 22:44:54,37.265,9.004,38.516,12.255,0,1586444,614704,182516,5530600,4811.980,1662.684,0,54402.380,0,4880.008,16801,32624,3.160,1.980,1,2,0,39.016,0,0,11,34,0,9,0
23-06 22:44:55,29.974,8.992,46.211,12.240,0,1598592,601396,182736,5531508,13740.287,9868.587,0,53706.216,0,4613.067,17929,34686,3.160,1.980,1,2,0,32.972,0,0,11,35,0,9,0
23-06 22:44:56,37.427,4.741,46.909,7.735,0,1594720,603456,182800,5533212,18213.625,13459.858,0,31391.032,0,2819.524,15245,27934,3.160,1.980,1,3,1,35.930,0,0,11,34,0,10,0
23-06 22:44:57,36.264,10.254,40.266,11.004,0,1548184,646928,182904,5536080,5434.112,1512.588,0,58050.563,0,4992.941,18128,37386,3.070,1.980,1,2,1,128.050,0,0,11,36,0,10,0
23-06 22:44:58,31.500,7.500,45.751,13.000,0,1580480,610896,182988,5539624,10597.144,6598.089,0,58824.797,0,4830.065,17814,35624,3.070,1.980,1,2,1,63.001,0,0,11,37,0,10,0
23-06 22:44:59,32.015,7.754,46.772,11.005,0,1575276,612980,183096,5542548,15554.175,10685.929,0,56309.974,0,4630.136,20556,39822,3.070,1.980,1,3,1,102.047,0,0,11,37,0,10,0
23-06 22:45:00,33.271,9.256,42.026,12.258,0,1520788,665028,183152,5544848,9738.083,5793.619,0,63427.619,0,5157.221,19381,38287,3.070,1.980,1,1,1,79.049,0,0,11,36,0,10,0
23-06 22:45:01,35.299,10.014,40.306,12.517,0,1580264,610792,183180,5539592,7936.934,3633.005,0,57090.649,0,5010.903,18543,36256,3.070,1.980,1,0,1,21.029,0,0,11,37,0,10,0
23-06 22:45:02,36.385,9.221,42.615,8.722,0.249,1586352,602540,183232,5541696,15298.622,11555.459,0,45464.232,0,3520.866,16874,36781,2.980,1.980,1.010,1,0,65.792,0,0,11,35,0,11,0
23-06 22:45:03,31.014,12.005,56.025,0.250,0,1442624,746188,183232,5541772,14568.569,9769.405,0,972.438,0,44.020,5476,5934,2.980,1.980,1.010,1,0,222.100,0,0,11,32,0,12,0
23-06 22:45:04,19.209,6.736,72.596,0,0,1446928,741880,183232,5541776,5388.564,1616.569,0,1967.824,0,167.644,2376,1666,2.980,1.980,1.010,1,0,44.905,0,0,11,32,0,12,0
23-06 22:45:05,18.029,3.005,77.122,0.751,0,1469332,719468,183232,5541784,11855.826,8184.997,0,4719.494,0,277.441,2940,3496,2.980,1.980,1.010,1,0,0,0,0,11,33,0,12,0
23-06 22:45:06,20.501,5.500,74.002,0,0,1452288,736252,183232,5542044,8801.224,3750.095,0,0,0,0,2865,2582,2.980,1.980,1.010,1,0,34.001,0,0,11,32,0,13,0
23-06 22:45:07,19.243,2.499,77.723,0,0,1470976,717564,183232,5542044,8095.173,3807.670,0,183.936,0,37.987,1679,1148,2.820,1.960,1.010,1,0,0,0,0,11,33,0,13,0
23-06 22:45:08,17.739,3.997,76.451,0.250,0,1377020,811512,183232,5542056,9704.723,6017.108,0,595.615,0,57.963,2733,2647,2.820,1.960,1.010,1,0,22.985,0,0,11,32,0,14,0
23-06 22:45:09,20.024,6.007,72.837,0,0,1437192,751336,183232,5542060,5106.106,1621.940,0,0,0,0,2173,1507,2.820,1.960,1.010,1,0,37.044,0,0,11,32,0,14,0
23-06 22:45:10,18.043,3.508,77.934,0,0,1453896,734532,183232,5542160,12371.278,8597.346,0,0,0,0,2710,2752,2.820,1.960,1.010,2,0,1.002,0,0,11,33,0,14,0
23-06 22:45:11,18.746,5.249,73.985,0.250,0,1460704,727708,183232,5542176,8683.205,5026.961,0,107.978,0,12.997,3260,3308,2.820,1.960,1.010,1,0,42.991,0,0,11,32,0,15,0
23-06 22:45:12,19.641,3.232,76.077,0.249,0,1498332,689952,183232,5542304,6220.453,3566.194,0,39.779,0,3.978,1672,1087,2.760,1.960,1.010,1,0,0,0,0,11,33,0,15,0
23-06 22:45:13,17.060,2.258,79.781,0,0,1491004,697260,183232,5542324,13840.754,9597.808,0,301.060,0,19.067,3082,3737,2.760,1.960,1.010,1,0,0,0,0,11,33,0,15,0
23-06 22:45:14,13.273,15.026,69.871,0,0,1440228,747932,183232,5542428,5994.377,2538.394,0,84.146,0,13.023,4274,2976,2.760,1.960,1.010,2,0,204.354,0,0,11,32,0,16,0
23-06 22:45:15,8.237,22.216,67.646,0,0,1418936,769160,183232,5542492,4722.770,1347.936,0,231.645,0,10.983,5368,3685,2.760,1.960,1.010,1,0,340.479,0,0,11,32,0,16,0
23-06 22:45:16,51.631,19.299,28.573,0,0,1513212,674668,183252,5542684,4656.835,1191.027,0,930.364,0,63.161,5262,3944,2.760,1.960,1.010,3,0,253.645,0,0,11,32,0,22,0
23-06 22:45:17,62.905,11.982,24.213,0,0,1681752,503656,183340,5544884,5677.400,1563.631,0,451.316,0,13.979,3894,1682,2.780,1.980,1.020,3,0,1.997,0,0,11,32,0,22,0
23-06 22:45:18,66.512,9.252,23.754,0.500,0,1804292,377300,183472,5548248,5366.959,1026.183,0,9265.655,0,172.031,4121,1814,2.780,1.980,1.020,5,0,6.001,0,0,11,38,0,22,0
23-06 22:45:19,30.281,8.509,43.795,12.763,0,1806928,362432,183604,5559768,6833.082,1567.625,0,69351.882,0,5165.354,21459,41716,2.780,1.980,1.020,6,0,204.212,0,0,11,38,0,22,0
23-06 22:45:20,24.994,9.997,46.738,14.996,0,1805352,353136,183676,5570120,5250.665,1511.616,0,104289.477,0,7297.144,25779,52271,2.780,1.980,1.020,0,1,222.943,0,0,11,38,0,22,0
23-06 22:45:21,32.767,7.504,40.771,14.508,0.250,1802340,348096,183732,5577896,5345.809,1566.823,0,75939.902,0,6150.232,21880,43246,2.780,1.980,1.020,1,2,162.085,0,0,11,38,0,22,0
23-06 22:45:22,39.187,13.478,32.198,13.478,0,1727584,412732,183828,5587580,4644.552,1551.512,0,76509.306,0,5596.026,20161,40206,2.950,2.030,1.050,3,1,221.645,0,0,11,36,0,22,0
23-06 22:45:23,43.303,10.263,30.788,13.266,0,1786156,344188,183844,5597124,4697.796,1567.935,0,71396.093,0,5009.181,18107,34928,2.950,2.030,1.050,5,1,16.020,0,0,11,36,0,22,0
23-06 22:45:24,40.989,10.247,33.241,13.996,0,1829468,292796,183860,5604852,4916.659,1511.588,0,104847.414,0,7210.034,23532,48912,2.950,2.030,1.050,2,0,55.985,0,0,11,38,0,22,0
23-06 22:45:25,43.766,9.003,33.513,12.004,0,1762712,356548,183888,5607748,5354.004,1566.587,0,56721.236,0,4647.740,17648,33787,2.950,2.030,1.050,3,0,165.062,0,0,11,34,0,22,0
23-06 22:45:26,24.685,14.462,59.843,0.249,0,1499608,619496,183888,5607904,5368.901,1615.757,0,4296.716,0,233.387,4682,3834,2.950,2.030,1.050,1,0,248.348,0,0,11,32,0,22,0
23-06 22:45:27,21.483,4.247,72.192,0.250,0,1498292,620812,183888,5607904,4722.194,1564.739,0,895.278,0,51.958,2020,1640,2.880,2.030,1.050,1,0,0.999,0,0,11,32,0,22,0
23-06 22:45:28,23.017,2.752,72.554,0.500,0,1548456,570648,183888,5607904,4489.361,1567.173,0,5384.031,0,314.235,2236,2370,2.880,2.030,1.050,3,0,2.001,0,0,11,32,0,22,0
23-06 22:45:29,25.249,1.250,73.498,0,0,1551244,567856,183888,5607908,4619.861,1619.951,0,87.997,0,7.000,2262,1824,2.880,2.030,1.050,2,0,0,0,0,11,38,0,22,0
23-06 22:45:30,21.237,4.747,72.707,0,0,1485608,633488,183888,5607912,4977.070,1619.047,0,99.941,0,9.994,2243,1545,2.880,2.030,1.050,1,0,28.983,0,0,11,32,0,22,0
23-06 22:45:31,22.761,3.001,73.535,0,0,1516964,602132,183888,5607912,4999.403,1620.779,0,0,0,0,1608,1093,2.880,2.030,1.050,2,0,0,0,0,11,32,0,22,0
23-06 22:45:32,24.251,1.750,73.002,0,0,1532920,586172,183888,5607916,4426.095,1566.034,0,108.002,0,15.000,1972,1554,2.730,2.010,1.050,2,0,2.000,0,0,11,34,0,22,0
23-06 22:45:33,16.039,29.573,53.632,0.501,0,1457204,661864,183888,5607948,3935.665,1028.526,0,729.792,0,53.130,6810,6410,2.730,2.010,1.050,2,0,858.107,0,0,11,32,0,22,0
23-06 22:45:34,9.996,26.490,62.227,0,0,1460988,658028,183888,5607996,4696.270,1457.463,0,447.835,0,25.990,6730,5478,2.730,2.010,1.050,1,0,718.735,0,0,11,32,0,22,0
23-06 22:45:35,7.253,21.509,69.528,0,0,1454520,664416,183888,5608076,5180.108,1500.611,0,16.007,0,4.002,6023,4672,2.730,2.010,1.050,2,0,460.187,0,0,11,32,0,22,0
23-06 22:45:36,8.489,21.223,68.914,0,0,1425444,693440,183888,5608116,5202.490,1510.110,0,43.945,0,10.986,5897,4605,2.730,2.010,1.050,1,0,414.481,0,0,11,32,0,22,0
23-06 22:45:37,22.539,16.027,60.854,0,0,1419932,698920,183896,5608472,4788.185,1081.849,0,4.007,0,1.002,6566,9054,2.590,2,1.050,3,0,214.366,0,0,11,32,0,22,0
23-06 22:45:38,44.108,9.968,45.603,0,0,1536828,581896,183900,5608696,4728.750,1399.487,0,1507.140,0,206.335,3349,2005,2.590,2,1.050,3,0,71.769,0,0,11,33,0,22,0
23-06 22:45:39,48.942,4.994,45.197,0,0,1615948,502732,183900,5608732,4115.163,1078.732,0,711.164,0,34.959,3452,2302,2.590,2,1.050,3,0,14.982,0,0,11,49,0,22,0
23-06 22:45:40,44.296,6.757,48.050,0.250,0,1683244,433484,183972,5610220,4827.006,1553.611,0,1709.773,0,175.182,3423,2244,2.590,2,1.050,3,0,5.005,0,0,11,49,0,22,0
23-06 22:45:41,16.044,18.802,63.675,0,0,1679780,434324,183976,5612792,4703.949,1137.130,0,308.850,0,14.039,9504,11076,2.590,2,1.050,2,0,342.944,0,0,11,48,0,22,0
23-06 22:45:42,15.700,11.713,71.274,0.249,0,1671520,442404,183976,5612936,4250.548,1399.571,0,223.293,0,17.943,5656,8456,2.460,1.980,1.050,1,0,148.530,0,0,11,48,0,22,0
23-06 22:45:43,0.500,1.000,97.547,0,0,1670496,443424,183976,5612940,4390.106,1188.570,0,316.152,0,23.011,736,1001,2.460,1.980,1.050,0,0,3.001,0,0,11,48,0,22,0
23-06 22:45:44,0.500,0.500,98.282,0,0,1668384,445536,183976,5612940,4389.447,1188.392,0,0,0,0,714,964,2.460,1.980,1.050,0,0,2.001,0,0,11,48,0,22,0
23-06 22:45:45,0.250,0.250,98.205,0,0,1666536,447384,183976,5612940,5267.570,1349.378,0,0,0,0,704,945,2.460,1.980,1.050,0,0,1.999,0,0,11,48,0,22,0
23-06 22:45:46,2.001,2.251,95.306,0,0,1614804,499120,183976,5612924,5466.215,1566.922,0,4.002,0,1.001,1239,1391,2.460,1.980,1.050,1,0,27.016,0,0,11,48,0,22,0
23-06 22:45:47,17.998,13.499,68.243,0,0,1661940,451976,183976,5613296,5699.417,1619.834,0,7.999,0,2.000,5785,7947,2.260,1.950,1.040,1,0,250.974,0,0,11,48,0,15,0
23-06 22:45:48,11.005,16.508,71.285,0,0,1668172,445692,183976,5612980,5102.477,1620.787,0,88.043,0,3.001,5108,5150,2.260,1.950,1.040,1,0,314.153,0,0,12,48,0,15,0
23-06 22:45:49,23.421,15.448,59.799,0,0,1670320,443464,183976,5613108,5318.116,1851.773,0,3655.706,0,34.883,7317,9256,2.260,1.950,1.040,4,0,266.105,0,0,12,52,0,15,0
23-06 22:45:50,10.269,8.265,79.645,0.250,0,1664252,449548,183976,5613012,4674.489,1568.849,0,436.793,0,35.064,3319,3726,2.260,1.950,1.040,1,0,195.355,0,0,12,64,0,15,0
23-06 22:45:51,14.060,14.562,69.799,0,0,1657576,456204,183976,5613376,4508.285,1518.496,0,0,0,0,6141,8195,2.260,1.950,1.040,6,0,237.014,0,0,14,64,0,15,0
23-06 22:45:52,12.500,16.000,70.502,0,0,1676968,436748,183976,5613076,4906.120,1566.038,0,216.005,0,21.001,5259,4877,2.880,2.080,1.090,1,0,339.008,0,0,14,66,0,14,0
23-06 22:45:53,8.493,20.982,69.191,0,0,1668000,445552,183976,5613240,4468.160,1552.666,0,1246.928,0,33.971,5894,4517,2.880,2.080,1.090,2,0,383.670,0,0,14,66,0,14,0
23-06 22:45:54,20.500,16.250,61.749,0,0,1682996,430504,183976,5613260,5145.922,1649.975,0,16.000,0,4.000,6457,8220,2.880,2.080,1.090,2,0,211.997,0,0,14,66,0,14,0
23-06 22:45:55,28.268,26.017,44.779,0,0,1762640,350804,183988,5613304,4835.096,1512.969,0,312.200,0,9.006,6204,4620,2.880,2.080,1.090,2,0,448.287,0,0,14,66,0,14,0
23-06 22:45:56,28.439,24.697,45.153,0,0,1802096,310908,184044,5613688,5211.824,1562.649,0,87.812,0,0.998,6135,4419,2.880,2.080,1.090,2,0,447.041,0,0,14,66,0,14,0
23-06 22:45:57,27.965,25.468,43.944,0,0,1891444,220392,184064,5614784,5411.160,1456.159,0,67.914,0,13.982,6745,8055,2.970,2.110,1.110,3,0,481.391,0,0,14,70,0,16,0
23-06 22:45:58,39.020,19.010,40.521,0,0,1936224,175572,184064,5614804,3956.033,1134.583,0,508.261,0,5.003,6174,8220,2.970,2.110,1.110,3,0,228.117,0,0,14,70,0,16,0
23-06 22:45:59,61.692,29.341,8.527,0,0,2031172,159220,177400,5544740,6638.655,1552.831,24.075,6632.636,4.012,426.326,6022,4802,2.970,2.110,1.110,4,0,525.635,0,0,14,70,0,16,0
23-06 22:46:00,61.249,20.250,17.250,0.500,0,2112728,135272,174560,5491060,4119.934,1079.983,263.996,759.988,28.000,6.000,6522,8482,2.970,2.110,1.110,4,0,207.997,0,0,14,70,0,15,0
23-06 22:46:01,68.364,29.442,1.996,0.749,0,2237436,230096,173468,5277512,5138.797,1550.921,1532.956,1229.559,85.830,67.865,5779,5305,2.970,2.110,1.110,5,0,512.981,0,0,14,70,0,15,0
23-06 22:46:02,75.797,21.442,1.496,0.748,0,2369432,177368,175180,5198212,4547.802,1615.666,2158.211,279.251,135.636,23.936,6522,17739,3.140,2.160,1.130,6,0,273.267,0,0,14,74,0,16,0
23-06 22:46:03,61.686,28.085,6.269,3.009,0,2495652,165296,174352,5087516,4934.862,1624.894,1247.758,27647.262,60.181,1819.480,13514,23308,3.140,2.160,1.130,7,0,422.272,0,0,14,76,0,16,0
23-06 22:46:04,73.074,22.121,2.983,0.994,0,2577784,152076,174440,5020520,5130.073,1610.604,457.332,13326.259,26.843,1125.435,12858,25772,3.140,2.160,1.130,7,0,252.527,0,0,14,76,0,16,0
23-06 22:46:05,70.516,26.098,3.262,0.251,0,2674552,200084,174448,4878360,5661.318,1626.123,449.693,1357.110,10.038,78.295,7297,11454,3.140,2.160,1.130,4,0,508.916,0,0,14,89,0,23,0
23-06 22:46:06,54.404,25.572,19.305,0,0.251,2753068,189260,174448,4812412,5659.038,1570.451,0,1199.399,0,65.185,8966,11813,3.140,2.160,1.130,1,0,501.421,0,0,14,89,0,28,0
23-06 22:46:07,49.743,17.998,31.246,0.250,0,2851344,158688,174452,4746088,5205.294,1565.788,3175.570,979.867,36.995,48.993,5640,6803,3.930,2.340,1.190,3,0,220.970,0,0,14,92,0,28,0
23-06 22:46:08,60.324,9.722,28.417,0.249,0,2984652,163964,174472,4611056,5071.183,1561.438,0,1048.935,0,48.857,4755,6322,3.930,2.340,1.190,2,0,8.974,0,0,14,94,0,30,0
23-06 22:46:09,14.755,18.007,65.774,0,0,2996016,151768,174476,4611872,5073.889,1602.597,8.003,4225.573,2.001,389.145,5522,5108,3.930,2.340,1.190,1,0,237.088,0,0,14,97,0,30,0
23-06 22:46:10,7.994,20.236,69.702,0.749,0,3006080,140688,174476,4612932,5022.539,1564.922,3.997,5104.482,0.999,261.820,5970,5303,3.930,2.340,1.190,1,0,309.787,0,0,14,97,0,30,0
23-06 22:46:11,6.772,19.565,70.232,0,0,3013608,133140,174476,4612952,4865.104,1517.022,0,156.518,0,15.050,5141,3664,3.930,2.340,1.190,1,0,265.880,0,0,14,97,0,30,0
23-06 22:46:12,13.509,14.510,70.296,0.500,0,3043896,169484,174476,4547432,4368.877,1567.032,0,3782.491,0,184.121,4225,3412,3.690,2.320,1.190,1,0,180.119,0,0,14,97,0,28,0
23-06 22:46:13,18.694,3.240,76.770,0,0,3097040,184376,174480,4481284,10372.975,7269.258,71.785,3026.946,5.982,5.982,2052,1659,3.690,2.320,1.190,2,0,0,0,0,14,98,0,28,0
23-06 22:46:14,22.702,2.744,72.847,0.249,0,3101824,179748,174484,4481220,22896.764,19378.177,11.975,482.983,2.994,19.958,2566,2273,3.690,2.320,1.190,1,0,0.998,0,0,14,101,0,29,0
23-06 22:46:15,20.347,6.280,72.595,0.251,0,3111764,169792,174484,4481236,5277.085,1519.222,4.019,9931.208,1.005,587.794,2970,1921,3.690,2.320,1.190,2,0,63.301,0,0,14,101,0,29,0
23-06 22:46:16,19.701,2.494,76.063,0,0,3129288,152128,174484,4481380,11864.791,7589.316,0,167.587,0,23.941,2481,2360,3.690,2.320,1.190,1,0,1.995,0,0,14,109,0,22,0
23-06 22:46:17,24.487,4.747,67.464,1.749,0,3126252,153372,174496,4483128,6096.756,1187.368,1375.268,1447.230,64.965,188.899,4888,7304,3.470,2.300,1.190,3,0,1.999,0,0,14,109,0,22,0
23-06 22:46:18,32.098,7.774,58.428,0.752,0,3137376,209464,174596,4417732,7098.614,2554.779,160.489,1215.702,9.027,124.379,4602,5197,3.470,2.300,1.190,2,0,22.067,0,0,14,112,0,24,0
23-06 22:46:19,27.743,7.748,63.234,0,0,3186900,159876,174596,4417796,6464.317,1655.569,11.997,1267.670,2.999,94.975,3662,3797,3.470,2.300,1.190,1,0,95.975,0,0,14,116,0,24,0
23-06 22:46:20,17.880,2.235,77.233,0.248,0,3206848,139728,174596,4417996,11614.304,7961.738,63.575,393.368,3.973,25.827,2257,2244,3.470,2.300,1.190,3,0,1.987,0,0,14,117,0,24,0
23-06 22:46:21,20.776,4.005,74.342,0.501,0,3212316,134184,174596,4418072,7454.260,3716.617,0,1301.617,0,123.153,3959,5396,3.470,2.300,1.190,2,0,0,0,0,14,117,0,24,0
23-06 22:46:22,42.101,14.034,43.103,0.501,0,3265352,212592,174600,4289872,5791.894,2820.767,4.010,1303.126,1.002,114.274,5166,4470,3.920,2.410,1.230,2,0,107.257,0,0,14,120,0,25,0
23-06 22:46:23,38.482,5.497,54.974,0,0,3329848,148092,174600,4289876,10375.097,7329.536,0,691.673,0,27.987,2783,1589,3.920,2.410,1.230,1,0,0,0,0,14,121,0,25,0
23-06 22:46:24,20.248,6.249,72.993,0.250,0,3309348,168560,174600,4289908,22806.850,19213.189,7.999,1875.823,2.000,108.990,2756,2322,3.920,2.410,1.230,2,0,54.995,0,0,14,120,0,26,0
23-06 22:46:25,20.246,3.499,74.984,0.250,0,3362572,177004,174600,4229496,4470.025,2127.536,3.999,135.970,1.000,10.998,1704,1241,3.920,2.410,1.230,0,0,0,0,0,14,121,0,26,0
23-06 22:46:26,18.227,4.494,76.403,0,0,3343408,196152,174600,4229512,27002.811,22867.047,0,0,0,0,2562,1848,3.920,2.410,1.230,1,0,50.936,0,0,14,120,0,27,0
23-06 22:46:27,21.999,3.750,73.748,0,0,3357060,182480,174600,4229516,3808.901,956.975,0,0,0,0,1690,1129,3.680,2.380,1.230,0,0,0,0,0,14,121,0,27,0
23-06 22:46:28,26.778,4.505,66.821,0.250,0,3356860,182456,174600,4229740,11950.618,8453.926,8.008,700.740,2.002,100.106,5000,6814,3.680,2.380,1.230,3,0,8.008,0,0,14,122,0,29,0
23-06 22:46:29,19.083,8.286,71.812,0.251,0.251,3383736,155496,174604,4229820,4959.551,1464.363,0,1948.467,0,98.428,3114,2687,3.680,2.380,1.230,1,0,82.358,0,0,14,122,0,29,0
23-06 22:46:30,17.939,2.741,77.986,0,0,3381008,158092,174604,4229952,11373.427,7956.017,0,111.621,0,8.970,1924,1544,3.680,2.380,1.230,1,0,0.997,0,0,14,124,0,29,0
23-06 22:46:31,19.778,5.758,73.355,0.501,0,3355828,183244,174604,4229980,22738.590,18729.845,0,72.103,0,6.009,2446,1874,3.680,2.380,1.230,1,0,55.079,0,0,14,122,0,30,0
23-06 22:46:32,18.218,2.745,77.615,0,0,3372372,166696,174604,4229984,10086.517,7158.592,0,35.938,0,3.993,1722,1305,3.470,2.360,1.230,1,0,0,0,0,14,123,0,30,0
23-06 22:46:33,23.009,4.502,70.028,1.250,0,3369244,169632,174604,4230176,5819.323,2560.022,32.013,1620.647,2.001,262.105,5465,8403,3.470,2.360,1.230,1,0,1.000,0,0,14,124,0,30,0
23-06 22:46:34,24.528,6.257,66.076,1.001,0,3314312,224348,174604,4230392,6028.908,2701.095,32.037,7172.217,2.002,481.552,5388,7350,3.470,2.360,1.230,2,0,53.061,0,0,14,123,0,32,0
23-06 22:46:35,22.440,3.740,72.308,0.249,0,3365696,172964,174604,4230392,5385.684,1615.705,0,2485.393,0,43.883,2104,1741,3.470,2.360,1.230,2,0,0,0,0,14,123,0,32,0
23-06 22:46:36,15.018,2.503,81.600,0.250,0,3367908,170736,174604,4230408,15671.214,11666.303,0,3408.179,0,326.400,2310,2157,3.470,2.360,1.230,4,0,0,0,0,14,124,0,32,0
23-06 22:46:37,25.992,4.249,68.229,0.500,0,3368796,169792,174604,4230464,5398.354,1619.506,0,1019.689,0,118.964,5546,8059,3.270,2.340,1.230,2,0,0,0,0,14,124,0,32,0
23-06 22:46:38,34.864,6.772,55.932,0.752,0,3327652,210840,174604,4230560,5828.993,2494.127,0,1183.858,0,123.402,8489,12429,3.270,2.340,1.230,3,0,27.088,0,0,14,125,0,33,0
23-06 22:46:39,22.452,5.738,70.850,0,0,3402456,135996,174612,4230592,5029.343,1616.574,0,538.858,0,40.913,2447,2086,3.270,2.340,1.230,1,0,51.890,0,0,14,127,0,33,0
23-06 22:46:40,16.747,3.249,78.486,0.750,0,3394608,143812,174612,4230624,13923.472,10175.153,0,1551.718,0,128.977,3065,3458,3.270,2.340,1.230,3,0,1.000,0,0,14,128,0,33,0
23-06 22:46:41,19.485,8.743,70.697,0.500,0,3347584,190688,174612,4230772,6503.112,3100.669,0,711.465,0,57.956,3503,3046,3.270,2.340,1.230,1,0,147.889,0,0,14,127,0,34,0
23-06 22:46:42,18.990,2.499,77.460,0.250,0,3389188,149076,174612,4230780,10764.394,7471.109,0,507.736,0,29.984,1799,1331,3.090,2.310,1.230,1,0,0,0,0,14,128,0,34,0
23-06 22:46:43,19.829,4.016,75.051,0.502,0,3386100,152116,174616,4230824,10695.826,7318.303,0,911.650,0,86.346,4447,5858,3.090,2.310,1.230,3,0,0,0,0,14,128,0,34,0
23-06 22:46:44,34.490,8.248,54.235,0.500,0,3395032,142452,174632,4231524,4294.800,1295.638,399.888,1739.514,64.982,147.959,11120,18338,3.090,2.310,1.230,4,1,3.999,0,0,14,130,0,34,0
23-06 22:46:45,38.526,12.759,46.781,0.500,0,3329204,208124,174632,4231632,6760.545,3530.374,0,1985.335,0,172.116,8958,12241,3.090,2.310,1.230,1,0,286.192,0,0,14,129,0,35,0
23-06 22:46:46,19.680,2.989,75.978,0.996,0,3385632,151688,174632,4231640,10696.732,7340.739,0,6413.057,0,383.628,2643,3174,3.090,2.310,1.230,1,0,0,0,0,14,130,0,35,0
23-06 22:46:47,17.816,10.037,70.513,0,0,3326896,210408,174632,4231656,5352.976,2229.319,0,152.569,0,10.037,3805,3093,2.920,2.290,1.220,1,0,174.652,0,0,14,131,0,36,0
23-06 22:46:48,8.491,19.979,69.428,0.250,0,3304964,232308,174632,4231688,4942.871,1618.321,0,223.768,0,20.978,6057,4838,2.920,2.290,1.220,1,0,402.582,0,0,14,131,0,36,0
23-06 22:46:49,20.506,15.755,63.520,0,0,3319504,217752,174636,4231808,5267.643,1566.488,0,332.104,0,28.009,6812,8882,2.920,2.290,1.220,2,0,225.070,0,0,14,131,0,36,0
23-06 22:46:50,29.860,23.142,45.288,0,0,3389776,147292,174636,4231892,5108.065,1574.622,0,517.575,0,20.902,6616,5547,2.920,2.290,1.220,3,0,495.677,0,0,14,131,0,36,0
23-06 22:46:51,35.309,19.783,44.324,0.250,0,3414564,174732,174648,4180936,4606.722,1244.085,56.094,3910.555,5.008,390.655,8103,10840,2.920,2.290,1.220,2,0,357.599,0,0,14,137,0,36,0
23-06 22:46:52,42.737,23.993,32.240,0.250,0,3520884,150536,174652,4099712,4774.564,1187.643,71.978,183.945,3.999,9.997,6651,9079,2.770,2.270,1.220,5,0,304.908,0,0,16,137,0,36,0
23-06 22:46:53,54.573,27.286,18.024,0,0,3663348,155720,174656,3954336,3773.035,648.866,28.037,328.438,4.005,35.047,7339,7959,2.770,2.270,1.220,4,0,567.758,0,0,16,143,0,36,0
23-06 22:46:54,51.311,20.274,27.533,0,0,3726000,142544,174656,3905444,4657.557,1513.806,20.024,344.411,4.005,22.026,8290,13743,2.770,2.270,1.220,2,0,217.259,0,0,16,159,0,36,0
23-06 22:46:55,32.786,25.278,41.045,0.250,0,3788660,128276,174656,3857532,5211.744,1657.827,72.079,496.547,1.001,12.013,15056,5106,2.770,2.270,1.220,2,0,494.545,0,0,16,159,0,36,0
23-06 22:46:56,22.246,22.746,53.490,0,0,3798716,173788,174660,3802920,5476.001,1661.697,3.999,2107.616,1.000,16.997,5988,4633,2.770,2.270,1.220,2,0,391.929,0,0,17,159,0,36,0
23-06 22:46:57,18.194,16.200,64.300,0,0,3816176,156288,174660,3802944,5502.917,1656.857,7.975,470.539,1.994,27.913,6361,8569,2.630,2.250,1.220,2,0,216.328,0,0,17,159,0,34,0
23-06 22:46:58,27.530,25.778,45.300,0,0,3883492,144948,174660,3748456,5045.529,1621.777,0,260.285,0,21.023,6359,4994,2.630,2.250,1.220,4,0,355.389,0,0,17,161,0,34,0
23-06 22:46:59,34.798,24.284,40.055,0.250,0,3932396,128992,174664,3716540,5467.546,1692.336,4.006,360.498,1.001,25.035,6816,7071,2.630,2.250,1.220,2,0,368.509,0,0,17,167,0,34,0
23-06 22:47:00,23.512,17.009,57.781,0,0.250,3948548,159572,174664,3670536,5759.041,1458.770,36.019,232.123,3.002,14.007,5642,5947,2.630,2.250,1.220,4,0,187.099,0,0,17,169,0,34,0
23-06 22:47:01,42.476,28.484,27.984,0.250,0,4075832,134016,174672,3571140,6375.404,1661.063,39.977,527.702,6.996,42.976,8904,11998,2.630,2.250,1.220,2,0,472.733,0,0,17,181,0,34,0
23-06 22:47:02,30.770,27.518,39.776,0.250,0,4162140,133820,174672,3489504,4400.901,1458.962,184.121,592.390,11.007,39.026,9789,15180,2.580,2.250,1.230,3,0,530.350,0,0,17,187,0,34,0
23-06 22:47:03,9.973,21.691,65.572,0,0,4145860,150268,174672,3486888,4641.390,1507.903,119.675,494.656,6.981,27.924,5607,7624,2.580,2.250,1.230,1,0,274.255,0,0,17,187,0,35,0
23-06 22:47:04,24.075,18.558,54.921,0.251,0,4155360,140712,174676,3487392,4921.283,1570.878,4.012,730.268,1.003,58.181,6370,7052,2.580,2.250,1.230,1,0,302.941,0,0,17,203,0,35,0
23-06 22:47:05,26.284,17.853,54.552,0.248,0.248,4200236,137492,174676,3445872,5268.719,1588.947,424.513,182.501,6.943,11.902,5612,5947,2.580,2.250,1.230,5,0,187.460,0,0,17,203,0,25,0
23-06 22:47:06,44.093,9.323,45.353,0.252,0,4312084,147568,174676,3325856,5040.224,1142.894,665.176,15105.553,13.102,787.125,3669,2466,2.580,2.250,1.230,2,0,1.008,0,0,17,203,0,25,0
23-06 22:47:07,36.597,8.465,53.775,0,0,4408656,158528,174688,3221300,4949.250,1344.364,63.733,334.597,4.979,25.891,3331,2596,2.530,2.240,1.230,2,0,9.958,0,0,17,208,0,25,0
23-06 22:47:08,31.112,11.793,56.454,0.251,0,4307012,260028,174696,3221476,4375.775,1083.908,20.072,397.433,2.007,38.137,4010,3064,2.530,2.240,1.230,4,0,173.626,0,0,17,211,0,25,0
23-06 22:47:09,34.552,29.580,33.557,0.249,0,4412192,151924,174716,3224404,4790.515,1449.683,2978.909,346.015,43.749,17.897,6491,6059,2.530,2.240,1.230,7,0,503.113,0,0,17,213,0,16,0
23-06 22:47:10,35.865,25.833,37.370,0,0,4395884,165440,174732,3227472,12693.866,9570.812,136.439,1099.540,7.023,33.107,7379,8906,2.530,2.240,1.230,2,0,364.172,0,0,17,220,0,17,0
23-06 22:47:11,55.658,19.041,24.411,0,0,4463324,141088,174736,3185512,5532.596,2328.846,70.305,1413.907,7.812,122.057,5995,7296,2.530,2.240,1.230,6,0,221.655,0,0,17,220,0,18,0
23-06 22:47:12,68.135,15.113,16.393,0.256,0,4587680,137024,174736,3068844,10573.716,7580.903,1741.794,418.031,36.885,16.393,4546,3392,2.650,2.270,1.250,3,0,20.492,0,0,17,225,0,18,0
23-06 22:47:13,62.063,11.465,20.688,4.985,0,4654648,156068,174836,2985428,10157.339,6833.373,6488.414,2081.716,473.570,142.570,6605,7509,2.650,2.270,1.250,6,0,26.919,0,0,17,232,0,19,0
23-06 22:47:14,43.545,23.157,32.722,0.252,0,4634260,174240,174836,2987720,5398.635,1576.699,60.410,9013.163,4.027,40.273,7419,8636,2.650,2.270,1.250,3,0,484.286,0,0,17,227,0,23,0
23-06 22:47:15,38.866,18.187,41.855,0,0,4645296,161512,174836,2989396,12201.798,9374.577,0,310.925,0,17.938,6619,8911,2.650,2.270,1.250,1,0,292.987,0,0,17,228,0,23,0
23-06 22:47:16,55.625,28.686,14.467,0,0,4684032,199892,174836,2914628,9371.946,4898.994,251.435,1209.283,17.960,89.798,7004,8183,2.650,2.270,1.250,4,0,478.924,0,0,17,231,0,24,0
23-06 22:47:17,57.758,24.610,17.076,0.251,0,4758608,148344,174856,2892276,11477.285,7365.914,1125.027,3069.717,51.229,33.148,7441,9450,2.840,2.320,1.270,4,0,339.517,0,0,17,234,0,24,0
23-06 22:47:18,52.702,24.977,20.981,0.500,0,4746732,221924,174864,2830988,10798.167,6613.977,259.763,867.210,12.988,60.945,8184,11414,2.840,2.320,1.270,5,0,348.682,0,0,17,235,0,26,0
23-06 22:47:19,59.810,28.278,11.512,0,0,4855860,143488,174876,2801172,6446.458,1621.624,212.213,760.762,12.012,50.050,7001,8614,2.840,2.320,1.270,4,0,396.397,0,0,17,237,0,27,0
23-06 22:47:20,46.423,22.213,30.450,0.250,0,4909520,158244,174880,2734012,16013.489,12312.616,355.412,794.684,20.965,52.912,9321,14095,2.840,2.320,1.270,6,0,266.559,0,0,17,241,0,28,0
23-06 22:47:21,68.848,15.053,15.053,0,0,4981872,150972,174884,2670604,5465.359,1599.040,1034.440,777.804,14.806,30.599,5141,14050,2.840,2.320,1.270,6,0,10.858,0,0,17,241,0,28,0
23-06 22:47:22,54.770,9.086,34.831,0.757,0,5064944,122304,174884,2617928,17064.111,14349.320,932.862,1437.658,70.671,157.496,4434,3625,2.850,2.330,1.280,4,0,10.096,0,0,17,248,0,28,0
23-06 22:47:23,56.562,11.763,30.533,0.250,0,5062464,189856,174884,2554620,11549.558,8200.917,1229.337,3183.462,32.035,220.239,6918,8055,2.850,2.330,1.280,4,0,25.027,0,0,17,252,0,30,0
23-06 22:47:24,50.151,25.577,23.822,1.003,0,5084544,163744,175012,2558424,6909.794,4174.563,4216.690,1343.042,67.202,65.196,6844,7421,2.850,2.330,1.280,2,0,345.038,0,0,17,252,0,31,0
23-06 22:47:25,44.267,28.011,26.260,0,0,5051444,196724,175012,2558496,14013.524,10350.080,1040.410,948.374,9.004,42.017,6605,6186,2.850,2.330,1.280,3,0,447.176,0,0,17,251,0,32,0
23-06 22:47:26,57.905,21.964,18.719,0,0,5094708,153424,175024,2558852,5297.341,2345.167,523.145,319.478,6.989,15.974,5785,7459,2.850,2.330,1.280,4,0,210.656,0,0,18,252,0,31,0
23-06 22:47:27,72.594,17.773,8.761,0.250,0,5179828,121088,175024,2507780,15508.060,11658.080,841.088,873.129,25.032,84.109,6193,6618,2.940,2.350,1.290,4,0,137.177,0,0,18,258,0,32,0
23-06 22:47:28,82.663,15.437,0.996,0.498,0,5241264,142292,175036,2428140,4421.969,1613.421,3617.251,1740.901,165.326,185.245,6978,7274,2.940,2.350,1.290,5,0,21.911,0,0,18,262,0,32,0
23-06 22:47:29,67.831,17.521,13.266,0.501,0,5330688,124140,175076,2359564,10994.082,8733.392,800.953,1305.554,30.036,96.114,7361,7822,2.940,2.350,1.290,2,0,188.224,0,0,18,266,0,34,0
23-06 22:47:30,36.997,10.499,50.746,0.750,0,5264012,190556,175076,2359824,14998.900,7067.482,771.943,683.950,6.999,58.996,4294,3491,2.940,2.350,1.290,2,0,47.996,0,0,18,268,0,32,0
23-06 22:47:31,39.381,9.721,49.600,0,0,5310652,166272,175076,2338208,97255.978,8190.156,558.306,414.742,6.979,28.912,3944,3083,2.940,2.350,1.290,4,0,5.982,0,0,18,272,0,32,2
23-06 22:47:32,41.752,18.864,38.231,0,0,5316076,142576,175076,2356464,16573627.449,153420.873,3074.575,3967.972,32.194,63.383,11550,7234,2.790,2.330,1.290,2,0,265.605,0,0,18,270,0,33,0
23-06 22:47:33,46.542,8.213,44.302,0.249,0.249,5356080,134908,175076,2325232,5263.423,1853.697,0,517.681,0,43.804,3663,2553,2.790,2.330,1.290,2,0,7.964,0,0,18,275,0,33,0
23-06 22:47:34,33.460,4.780,60.883,0.252,0,5376276,146956,175076,2294108,22132.061,18621.000,0,507.187,0,50.316,4205,4822,2.790,2.330,1.290,3,0,1.006,0,0,18,283,0,32,0
23-06 22:47:35,24.954,4.447,66.957,0.741,0,5356276,166412,175080,2294652,407083.272,16197543.775,506.008,10681.508,27.672,88.947,5056,4107,2.790,2.330,1.290,4,0,5.930,0,0,18,280,0,34,0
23-06 22:47:36,38.549,6.047,54.170,0.252,0,5400272,122088,175088,2294972,9967897.295,104878.822,0,725.631,0,65.508,13428,7980,2.790,2.330,1.290,4,0,2.016,0,0,18,286,0,34,0
23-06 22:47:37,27.804,13.025,55.358,0.501,0,5277376,228844,175088,2311076,7202878.886,162274.094,64.125,32643.788,4.008,1212.369,12531,9074,2.800,2.340,1.300,1,0,144.282,0,0,18,282,0,38,0
23-06 22:47:38,11.331,18.967,66.754,0.246,0.246,5297748,208396,175088,2311136,4891.039,1436.570,15.765,524.181,1.971,31.530,5494,4652,2.800,2.340,1.300,3,0,352.738,0,0,18,282,0,37,0
23-06 22:47:39,23.679,3.023,71.791,0.252,0,5358808,147336,175088,2311136,4733.699,1469.079,0,378.857,0,23.175,2064,1573,2.800,2.340,1.300,3,0,0,0,0,18,282,0,37,0
23-06 22:47:40,12.844,15.111,70.770,0.252,0,5335000,171112,175088,2311168,4140.408,1128.286,4.030,1905.998,1.007,110.814,4989,4114,2.800,2.340,1.300,1,0,241.776,0,0,18,282,0,37,0
23-06 22:47:41,8.993,19.984,69.694,0,0,5322028,184020,175088,2311232,4045.754,971.221,11.990,147.881,0.999,13.989,6016,4803,2.800,2.340,1.300,1,0,404.675,0,0,18,282,0,37,0
23-06 22:47:42,2.505,1.503,95.437,0,0,5303132,202912,175088,2311236,4314.466,1569.079,0,2088.097,0,190.374,1274,1564,2.580,2.300,1.290,1,0,25.049,0,0,18,282,0,35,0
23-06 22:47:43,22.161,4.731,71.215,0,0,5366856,139200,175088,2311236,4334.681,1505.983,0,119.522,0,11.952,2301,1946,2.580,2.300,1.290,1,0,10.956,0,0,18,286,0,35,0
23-06 22:47:44,20.065,2.759,77.250,0.502,0,5372092,133864,175088,2311320,13888.026,10479.977,64.208,56.182,4.013,6.020,2460,2191,2.580,2.300,1.290,1,0,3.010,0,0,18,290,0,36,0
23-06 22:47:45,11.972,15.215,70.837,0,0,5286916,218812,175092,2311512,4395.902,1023.648,7.982,0,1.995,0,4933,3553,2.580,2.300,1.290,1,0,206.526,0,0,18,290,0,36,0
23-06 22:47:46,12.254,16.256,70.776,0,0,5272372,233224,175092,2311644,5238.923,1620.595,32.012,176.065,2.001,15.006,5299,4186,2.580,2.300,1.290,1,0,211.077,0,0,18,290,0,35,0
23-06 22:47:47,19.314,14.047,64.714,0.251,0,5285440,220076,175092,2311724,4801.912,1571.206,4.013,774.567,1.003,81.269,5153,4422,2.450,2.280,1.290,1,0,184.612,0,0,18,298,0,35,0
23-06 22:47:48,22.640,3.732,72.897,0,0,5349440,156068,175092,2311732,4657.455,1612.196,0,107.480,0,7.961,2068,1646,2.450,2.280,1.290,1,0,0.995,0,0,18,298,0,35,0
23-06 22:47:49,22.807,4.261,71.678,0.501,0,5392580,133684,175092,2291400,4571.361,1624.036,388.967,388.967,12.030,46.115,2574,2390,2.450,2.280,1.290,2,0,4.010,0,0,18,302,0,35,0
23-06 22:47:50,22.965,3.245,71.641,0.250,0,5340380,185880,175092,2291404,4612.959,1617.531,0,479.268,0,29.954,2307,1936,2.450,2.280,1.290,1,0,5.991,0,0,18,298,0,34,0
23-06 22:47:51,22.741,3.998,72.472,0,0.250,5391556,134664,175092,2291444,4861.141,1565.401,23.991,239.908,3.998,19.992,2161,2030,2.450,2.280,1.290,3,0,0,0,0,18,298,0,34,0
23-06 22:47:52,15.990,3.498,79.948,0.250,0,5391532,149284,175092,2277108,12916.668,10491.233,0,103.933,0,7.995,2156,1943,2.330,2.260,1.290,0,0,2.998,0,0,18,301,0,35,0
23-06 22:47:53,20.265,1.501,77.059,0,0,5393612,147116,175092,2277196,14452.003,11061.422,0,84.064,0,7.005,2278,2034,2.330,2.260,1.290,2,0,1.001,0,0,18,298,0,36,0
23-06 22:47:54,21.734,5.246,71.446,0,0,5325888,214840,175092,2277196,5046.196,1526.849,0,187.858,0,24.981,2368,2025,2.330,2.260,1.290,2,0,14.989,0,0,18,298,0,36,0
23-06 22:47:55,24.749,2.250,72.248,0,0,5342944,197640,175092,2277340,5351.840,1565.953,16.000,111.997,1.000,13.000,1990,1454,2.330,2.260,1.290,2,0,0,0,0,18,298,0,36,0
23-06 22:47:56,9.515,20.282,68.859,0.501,0,5318044,222376,175100,2277496,5243.289,1514.394,464.735,3020.776,11.017,139.220,6437,5837,2.330,2.260,1.290,1,0,455.720,0,0,18,298,0,36,0
23-06 22:47:57,18.741,9.246,70.217,0.250,0,5281180,259132,175124,2277580,5267.495,1391.338,0,3826.180,0,550.738,4493,3290,2.230,2.240,1.280,1,0,148.929,0,0,18,298,0,36,0
23-06 22:47:58,18.745,2.749,76.979,0,0,5312760,221848,175556,2282852,11670.788,4127.864,0,331.909,0,15.996,2145,1742,2.230,2.240,1.280,1,0,16.995,0,0,18,299,0,36,0
23-06 22:47:59,23.006,5.752,70.019,0.250,0,5295112,238052,175732,2283980,7364.002,1794.488,0,1280.348,0,27.007,9587,17294,2.230,2.240,1.280,1,0,7.002,0,0,18,298,0,36,0
23-06 22:48:00,17.997,3.499,77.239,0,0,5274720,257324,175780,2285036,14440.917,4464.356,43.994,627.909,5.999,16.998,2819,3131,2.230,2.240,1.280,1,0,8.999,0,0,18,299,0,36,0
23-06 22:48:01,21.731,7.743,69.190,0,0,5295848,235656,175864,2285492,5757.981,1564.636,175.847,219.808,5.995,6.994,10500,19149,2.230,2.240,1.280,1,0,19.983,0,0,18,299,0,36,0
23-06 22:48:02,18.044,8.771,71.674,0.501,0,5270280,267236,175948,2279460,4885.876,1690.108,0,16708.614,0,41.100,3627,2855,2.130,2.220,1.280,2,0,143.348,0,0,18,298,0,36,0
23-06 22:48:03,24.463,9.236,64.651,0,0,5319988,217500,175948,2279488,4778.686,1563.607,0,619.052,0,13.979,3745,9639,2.130,2.220,1.280,1,0,162.751,0,0,18,298,0,36,0
23-06 22:48:04,20.976,2.497,76.164,0,0,5341860,195312,175948,2279804,11087.440,7432.580,0,115.869,0,9.989,2085,1649,2.130,2.220,1.280,1,0,0,0,0,18,299,0,36,0
23-06 22:48:05,18.342,8.794,72.613,0.251,0,5333444,203696,175948,2279836,10114.612,6096.506,28.141,205.026,2.010,15.075,3694,3168,2.130,2.220,1.280,1,0,116.583,0,0,18,298,0,39,0
23-06 22:48:06,20.892,3.731,73.369,0,0,5382380,154704,175948,2279892,7168.809,3567.492,31.835,314.369,0.995,29.845,2399,2291,2.130,2.220,1.280,1,0,0,0,0,18,299,0,39,0
23-06 22:48:07,20.267,5.254,72.811,0.250,0,5329624,207444,175948,2279908,12514.506,8284.955,0,276.232,0,25.021,3198,3103,1.960,2.180,1.280,1,0,71.060,0,0,18,298,0,40,0
23-06 22:48:08,25.259,4.502,69.274,0.250,0,5366812,170108,175948,2280056,5336.819,2233.761,0,1296.442,0,252.086,2683,2176,1.960,2.180,1.280,0,0,3.001,0,0,18,299,0,40,0
23-06 22:48:09,21.000,3.500,73.752,0,0,5340952,195944,175948,2280080,18080.428,14045.333,0,272.006,0,23.001,2968,2745,1.960,2.180,1.280,3,0,44.001,0,0,18,298,0,41,0
23-06 22:48:10,21.255,5.751,73.018,0,0,5407508,129380,175948,2280088,5253.330,1512.383,0,144.036,0,10.003,2161,1729,1.960,2.180,1.280,1,0,15.004,0,0,18,298,0,41,0
23-06 22:48:11,18.733,2.248,77.679,0,0,5408148,128732,175948,2280096,15868.562,11962.116,0,111.898,0,9.991,2218,1868,1.960,2.180,1.280,1,0,0,0,0,18,298,0,42,0
23-06 22:48:12,21.477,6.243,71.422,0.250,0,5373568,182676,175948,2261684,4453.128,1456.407,11.987,383.580,0.999,13.985,2385,1908,1.880,2.160,1.270,1,0,31.965,0,0,18,298,0,42,0
23-06 22:48:13,15.271,2.754,80.361,0,0,5384804,171432,175948,2261692,13001.010,9837.628,0,0,0,0,2139,1864,1.880,2.160,1.270,0,1,0,0,0,18,299,0,42,0
23-06 22:48:14,19.254,4.251,75.267,0.250,0,5330432,225776,175948,2261720,7780.799,4173.965,0,500.116,0,42.010,2882,2805,1.880,2.160,1.270,2,0,47.011,0,0,18,298,0,43,0
23-06 22:48:15,20.500,2.750,75.752,0,0,5377060,179144,175948,2261724,10620.221,7333.153,0,100.002,0,8.000,2037,1645,1.880,2.160,1.270,1,0,0,0,0,18,299,0,38,0
23-06 22:48:16,21.489,4.997,72.463,0.250,0,5358912,197252,175948,2261764,10069.819,6004.911,31.984,267.862,0.999,28.985,2923,2547,1.880,2.160,1.270,2,0,31.984,0,0,18,298,0,41,0
23-06 22:48:17,20.573,3.011,75.519,0,0,5408888,147268,175948,2261772,12536.613,7359.189,0,1192.243,0,110.393,2298,2094,1.810,2.140,1.270,2,0,0,0,0,18,299,0,41,0
23-06 22:48:18,17.493,1.999,79.220,0.250,0,5367888,188252,175948,2261788,13698.753,6819.388,0,327.874,0,34.987,2504,2507,1.810,2.140,1.270,1,0,10.996,0,0,18,298,0,42,0
23-06 22:48:19,5.731,9.219,81.973,1.495,0,5361596,193272,176512,2262496,13998.733,4384.197,1120.218,370.748,250.155,28.902,3604,3492,1.810,2.140,1.270,0,0,168.431,0,0,18,300,0,38,0
23-06 22:48:20,4.248,8.246,85.205,0.250,0,5338556,216260,176516,2262544,18271.323,3848.961,0,291.845,0,25.986,3273,2965,1.810,2.140,1.270,1,0,125.933,0,0,18,300,0,39,0
23-06 22:48:21,5.513,7.769,85.459,0,0,5319488,235304,176516,2262568,10615.989,3739.154,0,300.736,0,18.044,2858,2756,1.810,2.140,1.270,2,0,113.277,0,0,18,298,0,40,0
23-06 22:48:22,18.803,9.025,71.450,0.501,0,5319680,227132,176612,2270336,4392.308,1624.552,248.697,204.573,16.045,12.034,3187,2475,1.750,2.120,1.270,1,0,107.301,0,0,18,298,0,40,0
23-06 22:48:23,19.676,2.491,75.715,0,0,5332524,210536,176652,2273944,9991.421,3786.758,3.985,3251.770,0.996,333.745,2286,1998,1.750,2.120,1.270,2,0,15.940,0,0,18,298,0,33,0
23-06 22:48:24,16.803,4.765,77.244,0.752,0,5329684,208972,176680,2278272,10362.769,3882.276,561.776,2002.332,12.038,78.247,2675,2506,1.750,2.120,1.270,2,0,36.114,0,0,18,298,0,33,0
23-06 22:48:25,15.198,13.205,69.763,0.249,0,5300720,235788,176680,2280388,5032.893,1614.512,769.385,1793.902,13.953,48.834,4825,4457,1.750,2.120,1.270,1,0,269.085,0,0,18,298,0,33,0
23-06 22:48:26,19.496,2.999,76.233,0.250,0,5352712,183780,176680,2280404,10994.573,7331.382,0,227.950,0,21.995,2241,2069,1.750,2.120,1.270,2,0,0,0,0,18,299,0,33,0
23-06 22:48:27,20.569,5.518,73.245,0,0,5327332,209140,176680,2280424,23433.443,19514.324,0,385.290,0,29.097,2752,2441,1.690,2.100,1.270,1,0,47.158,0,0,18,298,0,33,0
23-06 22:48:28,20.685,3.240,74.517,0.249,0,5341896,194568,176680,2280432,6287.364,3413.340,0,426.667,0,33.894,1977,1691,1.690,2.100,1.270,1,0,0,0,0,18,299,0,33,0
23-06 22:48:29,20.330,3.765,75.295,0.251,0,5330360,205564,176680,2280972,12284.093,8541.440,465.824,4.016,27.106,1.004,2464,2084,1.690,2.100,1.270,1,0,14.055,0,0,18,298,0,35,0
23-06 22:48:30,22.157,3.485,73.193,0,0,5393532,142316,176680,2281048,6111.349,3037.252,0,0,0,0,2071,1567,1.690,2.100,1.270,1,0,0.996,0,0,18,299,0,35,0
23-06 22:48:31,18.582,3.767,75.079,1.256,0,5384336,149472,176680,2283088,10053.100,6673.274,1992.742,763.349,78.344,111.489,4040,5544,1.690,2.100,1.270,4,0,1.004,0,0,18,299,0,31,0
23-06 22:48:32,23.996,4.249,70.239,0.500,0,5396468,137212,176684,2283212,6081.078,2763.581,47.993,2979.548,3.000,203.969,3763,4983,1.710,2.100,1.270,1,0,4.999,0,0,18,298,0,32,0
23-06 22:48:33,19.165,3.236,75.915,0,0,5390364,143300,176684,2283228,11122.854,7300.742,0,1748.275,0,24.890,2040,1596,1.710,2.100,1.270,1,0,0,0,0,18,299,0,32,0
23-06 22:48:34,21.013,4.253,72.795,1.001,0,5383480,149992,176688,2283416,9870.118,6616.101,160.099,1160.719,8.005,123.076,4747,6562,1.710,2.100,1.270,1,0,0,0,0,18,298,0,33,0
23-06 22:48:35,12.289,19.061,66.965,0.502,0,5309072,224336,176692,2283476,4996.014,1625.209,0,2331.473,0,152.489,6069,5488,1.710,2.100,1.270,1,0,453.453,0,0,18,298,0,29,0
23-06 22:48:36,7.736,22.708,66.877,0,0,5300344,233040,176692,2283500,4945.926,1455.330,0,590.916,0,41.923,6528,5571,1.710,2.100,1.270,1,0,507.070,0,0,18,298,0,29,0
23-06 22:48:37,8.765,24.794,65.115,0,0,5288760,244596,176692,2283528,5615.877,1622.854,0,589.036,0,42.074,6668,5719,1.650,2.080,1.270,2,0,541.953,0,0,18,298,0,29,0
23-06 22:48:38,8.253,23.758,66.271,0.250,0,5285464,247856,176692,2283564,4965.595,1458.468,0,2300.739,0,115.037,7403,7020,1.650,2.080,1.270,1,0,683.219,0,0,18,298,0,29,0
23-06 22:48:39,7.753,23.010,66.778,0,0,5284904,248392,176692,2283588,5128.139,1620.676,0,144.060,0,15.006,5835,4451,1.650,2.080,1.270,2,0,403.168,0,0,18,298,0,25,0
23-06 22:48:40,8.250,22.251,68.002,0.250,0,5285580,247680,176692,2283624,5310.148,1714.048,0,112.003,0,15.000,6619,5511,1.650,2.080,1.270,1,0,544.015,0,0,18,298,0,25,0
23-06 22:48:41,8.716,21.664,67.732,0,0,5266848,266384,176692,2283652,5455.443,1613.624,0,35.858,0,8.965,6499,5317,1.650,2.080,1.270,1,0,517.953,0,0,18,298,0,25,0
23-06 22:48:42,12.555,15.568,72.065,0,0,5272880,356476,176696,2198932,4580.005,1627.107,16.070,24.105,1.004,3.013,4226,3363,1.840,2.120,1.290,1,0,222.974,0,0,18,298,0,25,0
23-06 22:48:43,22.134,3.731,71.626,0,0,5304336,314208,177368,2209068,4894.442,1611.585,0,2614.349,0,6.964,2186,1773,1.840,2.120,1.290,2,0,2.984,0,0,18,298,0,25,0
23-06 22:48:44,16.998,2.000,78.989,0.500,0,5320984,295900,177436,2210648,15789.780,7299.974,575.919,3207.549,27.996,365.949,2152,2172,1.840,2.120,1.290,1,0,15.998,0,0,18,299,0,25,0
23-06 22:48:45,13.979,1.498,82.377,0.999,0,5321880,293884,177552,2211644,26518.295,15223.207,531.205,2024.968,61.907,76.885,1827,1838,1.840,2.120,1.290,2,0,0,0,0,18,299,0,25,0
23-06 22:48:46,16.540,1.754,79.943,1.002,0,5342468,271760,177632,2213096,21460.862,12249.602,1243.004,1439.479,68.165,54.131,1913,1750,1.840,2.120,1.290,2,0,0,0,0,18,299,0,25,0
23-06 22:48:47,16.501,1.750,79.756,0.750,0,5340224,272380,177708,2214636,20601.614,12382.970,1216.095,1316.103,62.005,52.004,1984,1937,1.770,2.100,1.280,0,0,0,0,0,18,299,0,25,0
23-06 22:48:48,18.239,2.748,77.452,1.749,0,5344732,235544,177868,2246884,17009.420,8489.719,12484.235,6539.932,146.909,259.838,2269,1945,1.770,2.100,1.280,2,0,0.999,0,0,18,299,0,24,0
23-06 22:48:49,24.121,3.015,71.861,0.251,0,5344780,220704,178752,2260628,4178.969,1465.353,0,2203.054,0,68.343,2360,2124,1.770,2.100,1.280,2,0,1.005,0,0,18,299,0,24,0
23-06 22:48:50,41.524,8.454,47.740,0.497,0,5389436,160068,179136,2275888,4833.653,1611.218,509.224,1022.427,3.978,43.761,3587,2506,1.770,2.100,1.280,2,0,7.957,0,0,18,299,0,24,0
23-06 22:48:51,32.535,7.008,57.562,1.001,0,5389456,137212,179888,2297676,4539.863,1459.563,512.549,3095.315,4.004,140.150,3608,3073,1.770,2.100,1.280,1,0,4.004,0,0,18,299,0,24,0
23-06 22:48:52,22.999,3.250,72.496,0.750,0,5372128,136972,180880,2313936,5339.689,1619.906,0,2591.849,0,82.995,2366,2156,1.710,2.080,1.280,2,0,0,0,0,18,299,0,24,0
23-06 22:48:53,23.083,3.764,72.008,0.753,0,5354816,150644,181908,2317008,4714.915,1463.249,0,13681.081,0,168.605,2533,2419,1.710,2.080,1.280,1,0,0,0,0,18,299,0,24,0
23-06 22:48:54,22.508,5.252,71.276,0.250,0,5340960,181880,181912,2299604,5744.122,1794.663,0,632.234,0,26.010,2452,2069,1.710,2.080,1.280,1,0,19.007,0,0,18,298,0,24,0
23-06 22:48:55,19.456,2.993,75.830,0.249,0,5335024,181804,181912,2305516,10286.879,3269.651,0,1903.721,0,41.906,2222,1849,1.710,2.080,1.280,1,0,17.960,0,0,18,298,0,24,0
23-06 22:48:56,22.634,5.969,68.897,0,0,5367668,147784,181944,2306860,5246.156,1289.402,0,0,0,0,10072,18209,1.710,2.080,1.280,2,0,10.944,0,0,18,298,0,22,0
23-06 22:48:57,22.910,7.049,68.479,0,0,5341948,173312,181944,2307052,5498.423,1631.400,0,1828.779,0,27.190,9507,17396,1.650,2.060,1.280,6,0,18.127,0,0,18,298,0,22,0
23-06 22:48:58,22.669,5.231,70.497,0.498,0,5325224,197416,181956,2299724,5193.389,1614.215,0,4336.460,0,47.829,2633,2361,1.650,2.060,1.280,1,0,9.964,0,0,18,298,0,22,0
23-06 22:48:59,23.102,6.278,69.557,0,0,5320932,201700,181960,2299728,6173.268,1669.374,0,691.052,0,6.027,8903,17089,1.650,2.060,1.280,2,0,53.235,0,0,18,298,0,22,0
23-06 22:49:00,22.153,3.983,72.434,0,0,5330988,191624,181960,2299748,6185.006,2684.285,0,15.930,0,2.987,2407,1798,1.650,2.060,1.280,0,0,35.844,0,0,18,299,0,22,0
23-06 22:49:01,19.321,3.011,76.532,0,0,5349212,167236,181960,2305880,11899.779,3509.913,0,1629.997,0,40.148,2106,1808,1.650,2.060,1.280,1,0,3.011,0,0,18,298,0,22,0
23-06 22:49:02,21.653,6.471,69.439,0,0,5342592,172564,181960,2307140,4838.330,1612.777,0,87.608,0,0.996,10098,18589,1.600,2.040,1.280,1,0,13.938,0,0,18,298,0,22,0
23-06 22:49:03,26.767,9.006,62.290,0,0,5352552,162512,181960,2307232,5001.233,1500.970,0,176.114,0,2.001,10728,20945,1.600,2.040,1.280,2,0,55.036,0,0,18,298,0,23,0
23-06 22:49:04,21.741,5.748,71.470,0.250,0,5329532,193004,181988,2299764,5457.744,1689.302,15.993,1215.498,1.000,28.988,2550,2223,1.600,2.040,1.280,1,0,21.991,0,0,18,298,0,22,0
23-06 22:49:05,22.605,5.275,71.835,0.251,0,5337716,184820,181992,2299776,5865.372,1464.836,0,490.288,0,35.164,3301,3055,1.600,2.040,1.280,2,0,94.441,0,0,18,298,0,22,0
23-06 22:49:06,23.395,3.484,71.428,0.249,0,5338008,173080,182684,2310488,5470.371,1451.465,0,975.607,0,25.883,2454,2558,1.600,2.040,1.280,2,0,2.987,0,0,18,298,0,22,0
23-06 22:49:07,15.249,2.000,81.244,0.500,0,5333544,176980,182708,2310948,20303.481,8159.389,4.000,1287.904,1.000,40.997,2094,2052,1.550,2.020,1.280,4,0,15.999,0,0,18,299,0,22,0
23-06 22:49:08,13.752,1.750,83.265,0.500,0,5340864,169336,182708,2311256,22584.933,13600.368,0,1656.288,0,65.011,1907,1929,1.550,2.020,1.280,0,0,0,0,0,18,299,0,18,0
23-06 22:49:09,7.254,1.501,89.304,0.250,0,5337444,172484,182708,2311524,144423.269,12068.292,0,1264.764,0,50.030,1644,1705,1.550,2.020,1.280,1,0,0,0,0,18,300,0,18,0
23-06 22:49:10,18.744,2.499,77.477,0.500,0,5358848,150772,182708,2311804,35154.517,12505.271,0,1683.498,0,65.980,2320,2254,1.550,2.020,1.280,1,0,3.999,0,0,18,300,0,18,0
23-06 22:49:11,18.998,1.750,77.492,0.500,0,5365768,143504,182712,2312136,21387.919,12380.795,0,1379.866,0,42.996,2162,2004,1.550,2.020,1.280,1,0,2.000,0,0,18,300,0,20,0
23-06 22:49:12,9.498,1.250,86.980,0.500,0,5363244,145524,182764,2312564,349996.244,17915.866,0,1591.633,0,65.985,2306,2382,1.510,2.010,1.270,3,0,1.000,0,0,18,300,0,16,0
23-06 22:49:13,7.753,2.251,87.528,1.000,0,5360704,147728,182768,2312876,111150.887,20306.556,28.009,2592.837,4.001,112.036,1961,2246,1.510,2.010,1.270,0,0,0,0,0,18,300,0,16,0
23-06 22:49:14,12.999,1.750,82.741,0.250,0,5353544,145952,182768,2321780,137019.675,13732.464,119.987,12594.591,6.999,130.985,2152,2192,1.510,2.010,1.270,0,0,1.000,0,0,18,300,0,16,0
23-06 22:49:15,4.249,2.499,89.718,0.750,0,5350796,141112,182768,2329332,3887338.243,64525.247,0,3370.811,0,281.901,4448,3492,1.510,2.010,1.270,0,0,1.000,0,0,18,300,0,16,0
23-06 22:49:16,7.748,2.499,86.472,0.250,0,5348380,125268,182768,2347536,9549177.976,93202.241,0,5042.390,0,43.986,5630,3553,1.510,2.010,1.270,0,0,1.999,0,0,18,300,0,12,0
23-06 22:49:17,12.014,3.504,80.844,1.001,0,5330692,143280,182900,2347420,5056346.824,50630.056,164.192,13659.933,4.005,90.105,3831,3396,1.470,1.990,1.270,1,0,1.001,0,0,18,300,0,12,0
23-06 22:49:18,21.498,4.500,72.495,1.000,0,5327992,129740,185764,2360552,6299.552,1619.885,0,4615.672,0,106.992,2495,2309,1.470,1.990,1.270,3,0,1.000,0,0,18,300,0,12,0
23-06 22:49:19,23.336,4.517,71.011,0.753,0,5345388,142364,186564,2330360,5721.027,1625.976,0,21069.440,0,393.446,2536,2251,1.470,1.990,1.270,3,0,0,0,0,18,300,0,12,0
23-06 22:49:20,23.660,3.238,71.230,0.249,0,5350940,127980,186956,2338680,5158.472,1452.501,0,1319.007,0,71.728,2552,2388,1.470,1.990,1.270,3,0,0.996,0,0,18,300,0,10,0
23-06 22:49:21,21.568,5.266,70.972,0.752,0,5348332,123332,187904,2344988,4627.484,1300.069,0,2648.289,0,108.339,2642,2563,1.470,1.990,1.270,4,0,0,0,0,18,300,0,10,0
23-06 22:49:22,21.927,7.226,69.769,0.249,0,5345144,124764,188852,2345932,3253.235,322.931,0,74062.931,0,454.496,3415,3121,1.430,1.970,1.270,1,0,5.980,0,0,18,300,0,10,0
23-06 22:49:23,23.247,3.500,71.241,0.250,0,5351232,120868,189968,2342384,4399.466,1457.823,0,927.887,0,42.995,2299,1980,1.430,1.970,1.270,1,0,0,0,0,18,300,0,10,0
23-06 22:49:24,24.256,2.501,72.018,0.500,0,5349404,140676,190464,2323992,4861.211,1620.404,0,2140.533,0,32.008,2324,2177,1.430,1.970,1.270,0,1,0,0,0,18,300,0,10,0
23-06 22:49:25,22.273,7.257,67.819,1.752,0,5340104,146752,191600,2325336,5125.250,1459.495,4.004,176364.672,1.001,1548.586,5654,6449,1.430,1.970,1.270,2,0,0,0,0,18,300,0,9,0
23-06 22:49:26,21.743,4.748,72.476,0.250,0,5315764,203556,191904,2292180,5859.029,2009.324,0,1491.498,0,158.947,2346,1804,1.430,1.970,1.270,2,0,19.993,0,0,18,298,0,9,0
23-06 22:49:27,18.474,2.996,76.892,0.499,0,5349908,163544,192432,2297220,11251.178,4189.109,0,1933.281,0,29.958,2172,2037,1.400,1.960,1.270,1,0,16.976,0,0,18,298,0,9,0
23-06 22:49:28,23.275,5.506,69.073,0,0,5344012,167656,192528,2298740,4823.078,1459.537,0,376.396,0,11.012,10600,19131,1.400,1.960,1.270,4,0,8.008,0,0,18,298,0,9,0
23-06 22:49:29,20.779,5.758,72.853,0,0,5376932,133704,192584,2299584,5019.122,1514.148,0,2467.501,0,14.020,2187,1608,1.400,1.960,1.270,1,0,12.017,0,0,18,298,0,7,0
23-06 22:49:30,21.205,7.734,69.603,0,0,5374680,135792,192624,2299676,4606.256,1562.694,0,87.814,0,0.998,10338,18987,1.400,1.960,1.270,1,0,15.966,0,0,18,298,0,7,0
23-06 22:49:31,21.007,5.252,72.025,0.250,0,5335980,182296,192632,2292284,4818.668,1620.561,0,464.161,0,19.007,2229,1685,1.400,1.960,1.270,1,0,6.002,0,0,18,298,0,7,0
23-06 22:49:32,24.097,4.016,71.288,0,0.251,5352612,162332,192828,2295404,4337.494,1626.560,638.575,2337.427,13.053,25.101,2524,2460,1.360,1.940,1.270,3,0,0,0,0,18,299,0,7,0
23-06 22:49:33,24.913,4.235,66.020,2.491,0,5347124,166704,192828,2296520,4783.349,1614.380,797.225,3260.650,48.830,366.723,8134,12346,1.360,1.940,1.270,1,0,0.997,0,0,18,301,0,7,0
23-06 22:49:34,14.552,16.308,67.743,0.753,0,5319388,194140,192828,2296820,4608.506,1517.435,128.460,1742.240,1.004,126.453,6439,6393,1.360,1.940,1.270,1,0,354.269,0,0,18,300,0,7,0
23-06 22:49:35,11.498,9.498,70.737,6.499,0,5286936,214464,192828,2308944,5219.018,1619.695,12137.717,323.939,1212.772,21.996,4482,5153,1.360,1.940,1.270,1,0,95.982,0,0,18,300,0,9,0
23-06 22:49:36,9.213,4.482,72.462,11.953,0.249,5262180,208000,192832,2340148,5819.889,2164.405,31048.704,3274.995,2271.978,361.564,4541,6688,1.360,1.940,1.270,4,0,5.976,0,0,18,301,0,9,0
23-06 22:49:37,2.000,0.750,95.736,0,0,5261312,208868,192832,2340148,10158.507,3594.472,0,1115.836,0,26.996,1200,1777,1.250,1.910,1.260,0,0,0,0,0,18,301,0,8,0
23-06 22:49:38,3.998,1.249,92.209,1.000,0,5259992,209876,192848,2340444,164055.708,4993.799,91.959,3026.666,1.000,189.916,2043,2889,1.250,1.910,1.260,0,0,1.999,0,0,18,301,0,8,0
23-06 22:49:39,3.750,2.000,94.006,0,0,5232312,236900,192880,2340992,41553.575,126707.850,636.039,472.029,34.002,2.000,1378,1488,1.250,1.910,1.260,0,0,10.001,0,0,18,300,0,8,0
23-06 22:49:40,1.000,0.500,96.772,0,0,5224892,244320,192880,2340992,4819.082,1458.327,0,440.099,0,10.002,939,1322,1.250,1.910,1.260,0,0,1.000,0,0,18,300,0,8,0
23-06 22:49:41,1.250,0.500,97.753,0,0,5222004,247208,192880,2340992,3957.117,1080.032,0,4.000,0,1.000,848,1217,1.250,1.910,1.260,0,0,0,0,0,18,300,0,8,0
23-06 22:49:42,1.250,0.750,96.244,0.250,0,5206384,262828,192880,2340992,4577.712,1457.908,0,111.993,0,11.999,981,1346,1.150,1.880,1.250,2,0,0,0,0,18,300,0,8,0
23-06 22:49:43,1.750,2.251,94.523,0,0,5210024,259180,192880,2341000,4741.170,1620.400,0,80.020,0,10.002,1207,1534,1.150,1.880,1.250,0,0,0,0,0,18,300,0,8,0
23-06 22:49:44,1.999,1.000,96.463,0.500,0,5241380,227812,192880,2341012,4756.188,1457.445,0,435.834,0,41.984,1139,1745,1.150,1.880,1.250,2,0,0,0,0,18,300,0,8,0
23-06 22:49:45,0.750,0.500,97.035,0,0,5206984,262208,192880,2341012,4347.573,1026.371,0,28.010,0,4.001,896,1264,1.150,1.880,1.250,1,0,0,0,0,18,300,0,8,0
23-06 22:49:46,1.749,0.750,96.696,0,0,5205560,263632,192880,2341012,4720.377,1025.430,0,59.967,0,8.995,1036,1424,1.150,1.880,1.250,0,0,0,0,0,18,300,0,8,0
23-06 22:49:47,2.000,0.500,96.237,0,0,5204316,264876,192880,2341012,4419.412,1079.856,0,147.980,0,18.997,1168,1728,1.060,1.850,1.250,0,0,0,0,0,18,300,0,8,0
23-06 22:49:48,1.250,0.750,96.754,0,0,5203424,265760,192880,2341020,4916.188,1566.060,0,72.003,0,10.000,1041,1401,1.060,1.850,1.250,0,0,0,0,0,18,300,0,8,0
23-06 22:49:49,1.251,1.001,96.588,0,0,5205424,263752,192880,2341028,4924.468,1621.471,0,92.084,0,12.011,1013,1405,1.060,1.850,1.250,1,0,1.001,0,0,18,300,0,8,0
23-06 22:49:50,19.993,6.498,72.726,0.250,0,5254320,214784,192880,2341100,4688.428,1619.457,511.828,383.871,3.999,25.991,2616,2158,1.060,1.850,1.250,1,0,7.997,0,0,18,300,0,8,0
23-06 22:49:51,12.247,3.999,81.980,0,0,5252780,216324,192880,2341100,4621.893,1565.625,511.877,87.979,3.999,12.997,2000,1937,1.060,1.850,1.250,0,0,3.999,0,0,18,300,0,8,0
23-06 22:49:52,1.001,0.750,97.301,0,0,5252032,217064,192880,2341108,4488.336,1566.816,0,0,0,0,948,1328,1.060,1.830,1.250,2,0,0,0,0,18,300,0,8,0
23-06 22:49:53,1.250,0.500,97.216,0,0,5248508,220588,192880,2341108,4618.396,1619.437,0,211.926,0,15.994,1000,1370,1.060,1.830,1.250,0,0,0,0,0,18,300,0,8,0
23-06 22:49:54,1.250,0.750,96.978,0.250,0,5244244,224836,192880,2341124,4608.933,1349.688,15.996,99.977,1.000,12.997,1121,1662,1.060,1.830,1.250,0,0,0,0,0,18,300,0,8,0
23-06 22:49:55,2.000,0.750,95.750,0,0,5240524,228556,192880,2341124,4359.985,1079.996,0,48.000,0,3.000,1120,1516,1.060,1.830,1.250,0,0,0,0,0,18,300,0,8,0
23-06 22:49:56,0.500,2.750,95.013,0.750,0,5216412,252660,192880,2341132,4631.642,1134.157,0,78526.892,0,900.125,2492,3320,1.060,1.830,1.250,0,0,0,0,0,18,300,0,8,0
23-06 22:49:57,2.250,1.000,95.243,0,0,5216448,252660,192880,2341136,5325.592,1565.880,0,2291.825,0,244.981,1313,1761,0.970,1.800,1.240,0,0,2.000,0,0,18,300,0,8,0
23-06 22:49:58,1.750,0.500,96.992,0.250,0,5216440,252660,192880,2341144,5205.544,1565.863,0,175.985,0,10.999,1115,1547,0.970,1.800,1.240,0,0,0,0,0,18,300,0,8,0
23-06 22:49:59,1.000,1.000,97.011,0,0,5216440,252660,192880,2341144,5524.644,1404.164,0,56.007,0,8.001,921,1248,0.970,1.800,1.240,1,0,0,0,0,18,300,0,8,0
23-06 22:50:00,1.501,0.500,96.785,0,0,5216436,252660,192880,2341148,5516.015,1134.414,0,28.010,0,4.001,1027,1365,0.970,1.800,1.240,1,0,1.000,0,0,18,300,0,8,0
23-06 22:50:01,0.750,0.750,97.498,0,0,5216432,252660,192880,2341152,6034.890,1499.973,0,155.997,0,7.000,959,1299,0.970,1.800,1.240,1,0,0,0,0,18,300,0,8,0
23-06 22:50:02,1.500,0.500,97.009,0,0,5216432,252660,192880,2341152,4302.399,1080.100,0,52.005,0,3.000,859,1256,0.890,1.770,1.230,0,0,0,0,0,18,300,0,8,0
23-06 22:50:03,7.246,3.998,87.949,0,0,5215356,253736,192884,2341088,4783.223,1565.091,63.963,7.995,7.995,1.999,2188,6249,0.890,1.770,1.230,0,0,37.978,0,0,18,300,0,9,0
23-06 22:50:04,1.001,1.001,96.309,0.250,0,5208800,260216,192884,2341224,5255.235,1512.931,0,416.256,0,37.023,1259,1914,0.890,1.770,1.230,0,0,0,0,0,18,300,0,9,0
23-06 22:50:05,1.249,0.750,96.446,0,0,5209024,259992,192884,2341224,5322.999,1565.118,0,27.984,0,3.998,1137,1671,0.890,1.770,1.230,0,0,0,0,0,18,300,0,8,0
23-06 22:50:06,1.501,0.751,96.818,0,0,5208764,260248,192884,2341228,5841.076,1621.131,0,128.089,0,16.011,1206,1682,0.890,1.770,1.230,0,0,0,0,0,18,300,0,8,0
23-06 22:50:07,1.500,1.250,95.968,0.250,0,5208976,260024,192888,2341236,5338.237,1619.465,3.999,2783.081,1.000,33.989,1237,1817,0.820,1.740,1.230,0,0,0,0,0,18,300,0,8,0
23-06 22:50:08,1.500,0.500,97.248,0,0,5208976,260024,192888,2341236,5219.888,1619.965,0,403.991,0,29.999,1080,1567,0.820,1.740,1.230,1,0,0,0,0,18,300,0,8,0
23-06 22:50:09,0.750,0.250,97.991,0,0,5208972,260024,192888,2341240,3905.630,485.954,0,4.000,0,1.000,844,1241,0.820,1.740,1.230,0,0,0,0,0,18,300,0,8,0
23-06 22:50:10,10.247,3.249,85.478,0,0,5224324,244660,192908,2341232,275890.954,7478.074,0,0,0,0,2156,1825,0.820,1.740,1.230,0,0,20.995,0,0,18,300,0,8,0
23-06 22:50:11,10.250,4.250,83.498,0,0,5240576,228280,192916,2341352,283982.126,10341.750,119.997,12.000,5.000,3.000,2407,1903,0.820,1.740,1.230,0,0,23.999,0,0,18,300,0,8,0
