Mar 01 04:11:16 ubuntu systemd[1]: Starting devstack@g-api.service - Devstack devstack@g-api.service...
Mar 01 04:11:16 ubuntu devstack@g-api.service[111556]: [uWSGI] getting INI configuration from /etc/glance/glance-uwsgi.ini
Mar 01 04:11:16 ubuntu devstack@g-api.service[111556]: *** Starting uWSGI 2.0.24-debian (64bit) on [Sun Mar  1 04:11:16 2026] ***
Mar 01 04:11:16 ubuntu devstack@g-api.service[111556]: compiled with version: 13.2.0 on 17 April 2024 16:23:48
Mar 01 04:11:16 ubuntu devstack@g-api.service[111556]: os: Linux-6.8.0-100-generic #100-Ubuntu SMP PREEMPT_DYNAMIC Tue Jan 13 16:40:06 UTC 2026
Mar 01 04:11:16 ubuntu devstack@g-api.service[111556]: nodename: ubuntu
Mar 01 04:11:16 ubuntu devstack@g-api.service[111556]: machine: x86_64
Mar 01 04:11:16 ubuntu devstack@g-api.service[111556]: clock source: unix
Mar 01 04:11:16 ubuntu devstack@g-api.service[111556]: pcre jit disabled
Mar 01 04:11:16 ubuntu devstack@g-api.service[111556]: detected number of CPU cores: 4
Mar 01 04:11:16 ubuntu devstack@g-api.service[111556]: current working directory: /
Mar 01 04:11:16 ubuntu devstack@g-api.service[111556]: detected binary path: /usr/bin/uwsgi-core
Mar 01 04:11:16 ubuntu devstack@g-api.service[111556]: your processes number limit is 31446
Mar 01 04:11:16 ubuntu devstack@g-api.service[111556]: your memory page size is 4096 bytes
Mar 01 04:11:16 ubuntu devstack@g-api.service[111556]: detected max file descriptor number: 2048
Mar 01 04:11:16 ubuntu devstack@g-api.service[111556]: lock engine: pthread robust mutexes
Mar 01 04:11:16 ubuntu devstack@g-api.service[111556]: thunder lock: enabled
Mar 01 04:11:16 ubuntu devstack@g-api.service[111556]: uwsgi socket 0 bound to TCP address 127.0.0.1:60999 fd 4
Mar 01 04:11:16 ubuntu devstack@g-api.service[111556]: Python version: 3.12.3 (main, Jan 22 2026, 20:57:42) [GCC 13.3.0]
Mar 01 04:11:16 ubuntu devstack@g-api.service[111556]: PEP 405 virtualenv detected: /opt/stack/data/venv
Mar 01 04:11:16 ubuntu devstack@g-api.service[111556]: Set PythonHome to /opt/stack/data/venv
Mar 01 04:11:16 ubuntu devstack@g-api.service[111556]: Python main interpreter initialized at 0x7a53fa0a3668
Mar 01 04:11:16 ubuntu devstack@g-api.service[111556]: python threads support enabled
Mar 01 04:11:16 ubuntu devstack@g-api.service[111556]: your server socket listen backlog is limited to 100 connections
Mar 01 04:11:16 ubuntu devstack@g-api.service[111556]: your mercy for graceful operations on workers is 80 seconds
Mar 01 04:11:16 ubuntu devstack@g-api.service[111556]: mapped 403077 bytes (393 KB) for 2 cores
Mar 01 04:11:16 ubuntu devstack@g-api.service[111556]: *** Operational MODE: preforking ***
Mar 01 04:11:16 ubuntu devstack@g-api.service[111556]: *** uWSGI is running in multiple interpreter mode ***
Mar 01 04:11:16 ubuntu devstack@g-api.service[111556]: spawned uWSGI master process (pid: 111556)
Mar 01 04:11:16 ubuntu systemd[1]: Started devstack@g-api.service - Devstack devstack@g-api.service.
Mar 01 04:11:16 ubuntu devstack@g-api.service[111556]: spawned uWSGI worker 1 (pid: 111557, cores: 1)
Mar 01 04:11:16 ubuntu devstack@g-api.service[111556]: spawned uWSGI worker 2 (pid: 111558, cores: 1)
Mar 01 04:11:16 ubuntu devstack@g-api.service[111556]: running "unix_signal:15 gracefully_kill_them_all" (master-start)...
Mar 01 04:11:17 ubuntu devstack@g-api.service[111557]: INFO glance.async_ [-] Threadpool model set to 'NativeThreadPoolModel'
Mar 01 04:11:17 ubuntu devstack@g-api.service[111558]: INFO glance.async_ [-] Threadpool model set to 'NativeThreadPoolModel'
Mar 01 04:11:17 ubuntu devstack@g-api.service[111557]: DEBUG oslo_concurrency.processutils [-] Running cmd (subprocess): grep -F node.session.scan /sbin/iscsiadm {{(pid=111557) execute /opt/stack/data/venv/lib/python3.12/site-packages/oslo_concurrency/processutils.py:440}}
Mar 01 04:11:17 ubuntu devstack@g-api.service[111558]: DEBUG oslo_concurrency.processutils [-] Running cmd (subprocess): grep -F node.session.scan /sbin/iscsiadm {{(pid=111558) execute /opt/stack/data/venv/lib/python3.12/site-packages/oslo_concurrency/processutils.py:440}}
Mar 01 04:11:17 ubuntu devstack@g-api.service[111557]: DEBUG oslo_concurrency.processutils [-] CMD "grep -F node.session.scan /sbin/iscsiadm" returned: 0 in 0.016s {{(pid=111557) execute /opt/stack/data/venv/lib/python3.12/site-packages/oslo_concurrency/processutils.py:468}}
Mar 01 04:11:17 ubuntu devstack@g-api.service[111558]: DEBUG oslo_concurrency.processutils [-] CMD "grep -F node.session.scan /sbin/iscsiadm" returned: 0 in 0.014s {{(pid=111558) execute /opt/stack/data/venv/lib/python3.12/site-packages/oslo_concurrency/processutils.py:468}}
Mar 01 04:11:18 ubuntu devstack@g-api.service[111558]: DEBUG glance_store.backend [-] Attempting to import store cinder {{(pid=111558) _load_store /opt/stack/data/venv/lib/python3.12/site-packages/glance_store/backend.py:215}}
Mar 01 04:11:18 ubuntu devstack@g-api.service[111557]: DEBUG glance_store.backend [-] Attempting to import store cinder {{(pid=111557) _load_store /opt/stack/data/venv/lib/python3.12/site-packages/glance_store/backend.py:215}}
Mar 01 04:11:18 ubuntu devstack@g-api.service[111557]: DEBUG glance_store.backend [-] Attempting to import store file {{(pid=111557) _load_store /opt/stack/data/venv/lib/python3.12/site-packages/glance_store/backend.py:215}}
Mar 01 04:11:18 ubuntu devstack@g-api.service[111557]: DEBUG glance_store.backend [-] Attempting to import store glance.store.cinder.Store {{(pid=111557) _load_store /opt/stack/data/venv/lib/python3.12/site-packages/glance_store/backend.py:215}}
Mar 01 04:11:18 ubuntu devstack@g-api.service[111557]: DEBUG glance_store.backend [-] Attempting to import store glance.store.filesystem.Store {{(pid=111557) _load_store /opt/stack/data/venv/lib/python3.12/site-packages/glance_store/backend.py:215}}
Mar 01 04:11:18 ubuntu devstack@g-api.service[111557]: DEBUG glance_store.backend [-] Attempting to import store glance.store.http.Store {{(pid=111557) _load_store /opt/stack/data/venv/lib/python3.12/site-packages/glance_store/backend.py:215}}
Mar 01 04:11:18 ubuntu devstack@g-api.service[111558]: DEBUG glance_store.backend [-] Attempting to import store file {{(pid=111558) _load_store /opt/stack/data/venv/lib/python3.12/site-packages/glance_store/backend.py:215}}
Mar 01 04:11:18 ubuntu devstack@g-api.service[111557]: DEBUG glance_store.backend [-] Attempting to import store glance.store.rbd.Store {{(pid=111557) _load_store /opt/stack/data/venv/lib/python3.12/site-packages/glance_store/backend.py:215}}
Mar 01 04:11:18 ubuntu devstack@g-api.service[111557]: DEBUG glance_store.backend [-] Attempting to import store glance.store.s3.Store {{(pid=111557) _load_store /opt/stack/data/venv/lib/python3.12/site-packages/glance_store/backend.py:215}}
Mar 01 04:11:18 ubuntu devstack@g-api.service[111557]: DEBUG glance_store.backend [-] Attempting to import store glance.store.swift.Store {{(pid=111557) _load_store /opt/stack/data/venv/lib/python3.12/site-packages/glance_store/backend.py:215}}
Mar 01 04:11:18 ubuntu devstack@g-api.service[111557]: DEBUG glance_store.backend [-] Attempting to import store glance.store.vmware_datastore.Store {{(pid=111557) _load_store /opt/stack/data/venv/lib/python3.12/site-packages/glance_store/backend.py:215}}
Mar 01 04:11:18 ubuntu devstack@g-api.service[111558]: DEBUG glance_store.backend [-] Attempting to import store glance.store.cinder.Store {{(pid=111558) _load_store /opt/stack/data/venv/lib/python3.12/site-packages/glance_store/backend.py:215}}
Mar 01 04:11:18 ubuntu devstack@g-api.service[111557]: DEBUG glance_store.backend [-] Attempting to import store http {{(pid=111557) _load_store /opt/stack/data/venv/lib/python3.12/site-packages/glance_store/backend.py:215}}
Mar 01 04:11:18 ubuntu devstack@g-api.service[111558]: DEBUG glance_store.backend [-] Attempting to import store glance.store.filesystem.Store {{(pid=111558) _load_store /opt/stack/data/venv/lib/python3.12/site-packages/glance_store/backend.py:215}}
Mar 01 04:11:18 ubuntu devstack@g-api.service[111557]: DEBUG glance_store.backend [-] Attempting to import store no_conf {{(pid=111557) _load_store /opt/stack/data/venv/lib/python3.12/site-packages/glance_store/backend.py:215}}
Mar 01 04:11:18 ubuntu devstack@g-api.service[111558]: DEBUG glance_store.backend [-] Attempting to import store glance.store.http.Store {{(pid=111558) _load_store /opt/stack/data/venv/lib/python3.12/site-packages/glance_store/backend.py:215}}
Mar 01 04:11:18 ubuntu devstack@g-api.service[111558]: DEBUG glance_store.backend [-] Attempting to import store glance.store.rbd.Store {{(pid=111558) _load_store /opt/stack/data/venv/lib/python3.12/site-packages/glance_store/backend.py:215}}
Mar 01 04:11:18 ubuntu devstack@g-api.service[111557]: DEBUG glance_store.backend [-] Attempting to import store rbd {{(pid=111557) _load_store /opt/stack/data/venv/lib/python3.12/site-packages/glance_store/backend.py:215}}
Mar 01 04:11:18 ubuntu devstack@g-api.service[111558]: DEBUG glance_store.backend [-] Attempting to import store glance.store.s3.Store {{(pid=111558) _load_store /opt/stack/data/venv/lib/python3.12/site-packages/glance_store/backend.py:215}}
Mar 01 04:11:18 ubuntu devstack@g-api.service[111557]: DEBUG glance_store.backend [-] Attempting to import store s3 {{(pid=111557) _load_store /opt/stack/data/venv/lib/python3.12/site-packages/glance_store/backend.py:215}}
Mar 01 04:11:18 ubuntu devstack@g-api.service[111558]: DEBUG glance_store.backend [-] Attempting to import store glance.store.swift.Store {{(pid=111558) _load_store /opt/stack/data/venv/lib/python3.12/site-packages/glance_store/backend.py:215}}
Mar 01 04:11:18 ubuntu devstack@g-api.service[111557]: DEBUG glance_store.backend [-] Attempting to import store swift {{(pid=111557) _load_store /opt/stack/data/venv/lib/python3.12/site-packages/glance_store/backend.py:215}}
Mar 01 04:11:18 ubuntu devstack@g-api.service[111557]: DEBUG glance_store.backend [-] Attempting to import store vmware {{(pid=111557) _load_store /opt/stack/data/venv/lib/python3.12/site-packages/glance_store/backend.py:215}}
Mar 01 04:11:18 ubuntu devstack@g-api.service[111558]: DEBUG glance_store.backend [-] Attempting to import store glance.store.vmware_datastore.Store {{(pid=111558) _load_store /opt/stack/data/venv/lib/python3.12/site-packages/glance_store/backend.py:215}}
Mar 01 04:11:18 ubuntu devstack@g-api.service[111558]: DEBUG glance_store.backend [-] Attempting to import store http {{(pid=111558) _load_store /opt/stack/data/venv/lib/python3.12/site-packages/glance_store/backend.py:215}}
Mar 01 04:11:18 ubuntu devstack@g-api.service[111557]: DEBUG glance_store.backend [-] Registering options for group glance_store {{(pid=111557) register_opts /opt/stack/data/venv/lib/python3.12/site-packages/glance_store/backend.py:144}}
Mar 01 04:11:18 ubuntu devstack@g-api.service[111558]: DEBUG glance_store.backend [-] Attempting to import store no_conf {{(pid=111558) _load_store /opt/stack/data/venv/lib/python3.12/site-packages/glance_store/backend.py:215}}
Mar 01 04:11:18 ubuntu devstack@g-api.service[111558]: DEBUG glance_store.backend [-] Attempting to import store rbd {{(pid=111558) _load_store /opt/stack/data/venv/lib/python3.12/site-packages/glance_store/backend.py:215}}
Mar 01 04:11:18 ubuntu devstack@g-api.service[111557]: DEBUG glance_store.backend [-] Registering options for group glance_store {{(pid=111557) register_opts /opt/stack/data/venv/lib/python3.12/site-packages/glance_store/backend.py:144}}
Mar 01 04:11:18 ubuntu devstack@g-api.service[111558]: DEBUG glance_store.backend [-] Attempting to import store s3 {{(pid=111558) _load_store /opt/stack/data/venv/lib/python3.12/site-packages/glance_store/backend.py:215}}
Mar 01 04:11:18 ubuntu devstack@g-api.service[111558]: DEBUG glance_store.backend [-] Attempting to import store swift {{(pid=111558) _load_store /opt/stack/data/venv/lib/python3.12/site-packages/glance_store/backend.py:215}}
Mar 01 04:11:18 ubuntu devstack@g-api.service[111558]: DEBUG glance_store.backend [-] Attempting to import store vmware {{(pid=111558) _load_store /opt/stack/data/venv/lib/python3.12/site-packages/glance_store/backend.py:215}}
Mar 01 04:11:18 ubuntu devstack@g-api.service[111558]: DEBUG glance_store.backend [-] Registering options for group glance_store {{(pid=111558) register_opts /opt/stack/data/venv/lib/python3.12/site-packages/glance_store/backend.py:144}}
Mar 01 04:11:18 ubuntu devstack@g-api.service[111557]: DEBUG glance_store.backend [-] Attempting to import store file {{(pid=111557) _load_store /opt/stack/data/venv/lib/python3.12/site-packages/glance_store/backend.py:215}}
Mar 01 04:11:18 ubuntu devstack@g-api.service[111558]: DEBUG glance_store.backend [-] Registering options for group glance_store {{(pid=111558) register_opts /opt/stack/data/venv/lib/python3.12/site-packages/glance_store/backend.py:144}}
Mar 01 04:11:18 ubuntu devstack@g-api.service[111558]: DEBUG glance_store.backend [-] Attempting to import store file {{(pid=111558) _load_store /opt/stack/data/venv/lib/python3.12/site-packages/glance_store/backend.py:215}}
Mar 01 04:11:18 ubuntu devstack@g-api.service[111557]: DEBUG glance_store.capabilities [-] Store glance_store._drivers.filesystem.Store doesn't support updating dynamic storage capabilities. Please overwrite 'update_capabilities' method of the store to implement updating logics if needed. {{(pid=111557) update_capabilities /opt/stack/data/venv/lib/python3.12/site-packages/glance_store/capabilities.py:91}}
Mar 01 04:11:18 ubuntu devstack@g-api.service[111557]: DEBUG glance_store.backend [-] Registering store file with schemes ('file', 'filesystem') {{(pid=111557) create_stores /opt/stack/data/venv/lib/python3.12/site-packages/glance_store/backend.py:261}}
Mar 01 04:11:18 ubuntu devstack@g-api.service[111557]: DEBUG glance_store.driver [-] Late loading location class glance_store._drivers.filesystem.StoreLocation {{(pid=111557) get_store_location_class /opt/stack/data/venv/lib/python3.12/site-packages/glance_store/driver.py:134}}
Mar 01 04:11:18 ubuntu devstack@g-api.service[111557]: DEBUG glance_store.location [-] Registering scheme file with {'store': <glance_store._drivers.filesystem.Store object at 0x7a53f5ce4830>, 'location_class': <class 'glance_store._drivers.filesystem.StoreLocation'>, 'store_entry': 'file'} {{(pid=111557) register_scheme_map /opt/stack/data/venv/lib/python3.12/site-packages/glance_store/location.py:146}}
Mar 01 04:11:18 ubuntu devstack@g-api.service[111557]: DEBUG glance_store.location [-] Registering scheme filesystem with {'store': <glance_store._drivers.filesystem.Store object at 0x7a53f5ce4830>, 'location_class': <class 'glance_store._drivers.filesystem.StoreLocation'>, 'store_entry': 'file'} {{(pid=111557) register_scheme_map /opt/stack/data/venv/lib/python3.12/site-packages/glance_store/location.py:146}}
Mar 01 04:11:18 ubuntu devstack@g-api.service[111557]: DEBUG glance_store.backend [-] Attempting to import store http {{(pid=111557) _load_store /opt/stack/data/venv/lib/python3.12/site-packages/glance_store/backend.py:215}}
Mar 01 04:11:18 ubuntu devstack@g-api.service[111557]: DEBUG glance_store.capabilities [-] Store glance_store._drivers.http.Store doesn't support updating dynamic storage capabilities. Please overwrite 'update_capabilities' method of the store to implement updating logics if needed. {{(pid=111557) update_capabilities /opt/stack/data/venv/lib/python3.12/site-packages/glance_store/capabilities.py:91}}
Mar 01 04:11:18 ubuntu devstack@g-api.service[111557]: DEBUG glance_store.backend [-] Registering store http with schemes ('http', 'https') {{(pid=111557) create_stores /opt/stack/data/venv/lib/python3.12/site-packages/glance_store/backend.py:261}}
Mar 01 04:11:18 ubuntu devstack@g-api.service[111557]: DEBUG glance_store.driver [-] Late loading location class glance_store._drivers.http.StoreLocation {{(pid=111557) get_store_location_class /opt/stack/data/venv/lib/python3.12/site-packages/glance_store/driver.py:134}}
Mar 01 04:11:18 ubuntu devstack@g-api.service[111557]: DEBUG glance_store.location [-] Registering scheme http with {'store': <glance_store._drivers.http.Store object at 0x7a53f5c81e50>, 'location_class': <class 'glance_store._drivers.http.StoreLocation'>, 'store_entry': 'http'} {{(pid=111557) register_scheme_map /opt/stack/data/venv/lib/python3.12/site-packages/glance_store/location.py:146}}
Mar 01 04:11:18 ubuntu devstack@g-api.service[111557]: DEBUG glance_store.location [-] Registering scheme https with {'store': <glance_store._drivers.http.Store object at 0x7a53f5c81e50>, 'location_class': <class 'glance_store._drivers.http.StoreLocation'>, 'store_entry': 'http'} {{(pid=111557) register_scheme_map /opt/stack/data/venv/lib/python3.12/site-packages/glance_store/location.py:146}}
Mar 01 04:11:18 ubuntu devstack@g-api.service[111557]: DEBUG glance.sqlite_migration [-] SQLite caching database not located, skipping migration {{(pid=111557) get_db_path /opt/stack/glance/glance/sqlite_migration.py:68}}
Mar 01 04:11:18 ubuntu devstack@g-api.service[111558]: DEBUG glance_store.capabilities [-] Store glance_store._drivers.filesystem.Store doesn't support updating dynamic storage capabilities. Please overwrite 'update_capabilities' method of the store to implement updating logics if needed. {{(pid=111558) update_capabilities /opt/stack/data/venv/lib/python3.12/site-packages/glance_store/capabilities.py:91}}
Mar 01 04:11:18 ubuntu devstack@g-api.service[111557]: WARNING glance.common.wsgi_app [-] Import methods are enabled but staging directory /tmp/staging/ does not exist; Imports will fail!
Mar 01 04:11:18 ubuntu devstack@g-api.service[111558]: DEBUG glance_store.backend [-] Registering store file with schemes ('file', 'filesystem') {{(pid=111558) create_stores /opt/stack/data/venv/lib/python3.12/site-packages/glance_store/backend.py:261}}
Mar 01 04:11:18 ubuntu devstack@g-api.service[111558]: DEBUG glance_store.driver [-] Late loading location class glance_store._drivers.filesystem.StoreLocation {{(pid=111558) get_store_location_class /opt/stack/data/venv/lib/python3.12/site-packages/glance_store/driver.py:134}}
Mar 01 04:11:18 ubuntu devstack@g-api.service[111558]: DEBUG glance_store.location [-] Registering scheme file with {'store': <glance_store._drivers.filesystem.Store object at 0x7a53f67d36b0>, 'location_class': <class 'glance_store._drivers.filesystem.StoreLocation'>, 'store_entry': 'file'} {{(pid=111558) register_scheme_map /opt/stack/data/venv/lib/python3.12/site-packages/glance_store/location.py:146}}
Mar 01 04:11:18 ubuntu devstack@g-api.service[111558]: DEBUG glance_store.location [-] Registering scheme filesystem with {'store': <glance_store._drivers.filesystem.Store object at 0x7a53f67d36b0>, 'location_class': <class 'glance_store._drivers.filesystem.StoreLocation'>, 'store_entry': 'file'} {{(pid=111558) register_scheme_map /opt/stack/data/venv/lib/python3.12/site-packages/glance_store/location.py:146}}
Mar 01 04:11:18 ubuntu devstack@g-api.service[111558]: DEBUG glance_store.backend [-] Attempting to import store http {{(pid=111558) _load_store /opt/stack/data/venv/lib/python3.12/site-packages/glance_store/backend.py:215}}
Mar 01 04:11:18 ubuntu devstack@g-api.service[111558]: DEBUG glance_store.capabilities [-] Store glance_store._drivers.http.Store doesn't support updating dynamic storage capabilities. Please overwrite 'update_capabilities' method of the store to implement updating logics if needed. {{(pid=111558) update_capabilities /opt/stack/data/venv/lib/python3.12/site-packages/glance_store/capabilities.py:91}}
Mar 01 04:11:18 ubuntu devstack@g-api.service[111558]: DEBUG glance_store.backend [-] Registering store http with schemes ('http', 'https') {{(pid=111558) create_stores /opt/stack/data/venv/lib/python3.12/site-packages/glance_store/backend.py:261}}
Mar 01 04:11:18 ubuntu devstack@g-api.service[111558]: DEBUG glance_store.driver [-] Late loading location class glance_store._drivers.http.StoreLocation {{(pid=111558) get_store_location_class /opt/stack/data/venv/lib/python3.12/site-packages/glance_store/driver.py:134}}
Mar 01 04:11:18 ubuntu devstack@g-api.service[111558]: DEBUG glance_store.location [-] Registering scheme http with {'store': <glance_store._drivers.http.Store object at 0x7a53f59e32f0>, 'location_class': <class 'glance_store._drivers.http.StoreLocation'>, 'store_entry': 'http'} {{(pid=111558) register_scheme_map /opt/stack/data/venv/lib/python3.12/site-packages/glance_store/location.py:146}}
Mar 01 04:11:18 ubuntu devstack@g-api.service[111558]: DEBUG glance_store.location [-] Registering scheme https with {'store': <glance_store._drivers.http.Store object at 0x7a53f59e32f0>, 'location_class': <class 'glance_store._drivers.http.StoreLocation'>, 'store_entry': 'http'} {{(pid=111558) register_scheme_map /opt/stack/data/venv/lib/python3.12/site-packages/glance_store/location.py:146}}
Mar 01 04:11:18 ubuntu devstack@g-api.service[111558]: DEBUG glance.sqlite_migration [-] SQLite caching database not located, skipping migration {{(pid=111558) get_db_path /opt/stack/glance/glance/sqlite_migration.py:68}}
Mar 01 04:11:18 ubuntu devstack@g-api.service[111558]: WARNING glance.common.wsgi_app [-] Import methods are enabled but staging directory /tmp/staging/ does not exist; Imports will fail!
Mar 01 04:11:18 ubuntu devstack@g-api.service[111557]: DEBUG glance.common.config [None req-16cb0801-0a3c-4aef-86da-e830de3b7cbe None None] Loading glance-api-keystone+cachemanagement from /etc/glance/glance-api-paste.ini {{(pid=111557) load_paste_app /opt/stack/glance/glance/common/config.py:758}}
Mar 01 04:11:18 ubuntu devstack@g-api.service[111558]: DEBUG glance.common.config [None req-109ff9ad-a83c-4975-87b8-2742a857bcbe None None] Loading glance-api-keystone+cachemanagement from /etc/glance/glance-api-paste.ini {{(pid=111558) load_paste_app /opt/stack/glance/glance/common/config.py:758}}
Mar 01 04:11:19 ubuntu devstack@g-api.service[111558]: INFO glance.image_cache [None req-109ff9ad-a83c-4975-87b8-2742a857bcbe None None] Image cache loaded driver 'centralized_db'.
Mar 01 04:11:19 ubuntu devstack@g-api.service[111557]: INFO glance.image_cache [None req-16cb0801-0a3c-4aef-86da-e830de3b7cbe None None] Image cache loaded driver 'centralized_db'.
Mar 01 04:11:19 ubuntu devstack@g-api.service[111557]: INFO dbcounter [None req-16cb0801-0a3c-4aef-86da-e830de3b7cbe None None] Registered counter for database glance
Mar 01 04:11:19 ubuntu devstack@g-api.service[111558]: INFO dbcounter [None req-109ff9ad-a83c-4975-87b8-2742a857bcbe None None] Registered counter for database glance
Mar 01 04:11:19 ubuntu devstack@g-api.service[111557]: DEBUG oslo_db.sqlalchemy.engines [None req-16cb0801-0a3c-4aef-86da-e830de3b7cbe None None] MySQL server mode set to STRICT_TRANS_TABLES,STRICT_ALL_TABLES,NO_ZERO_IN_DATE,NO_ZERO_DATE,ERROR_FOR_DIVISION_BY_ZERO,TRADITIONAL,NO_ENGINE_SUBSTITUTION {{(pid=111557) _check_effective_sql_mode /opt/stack/data/venv/lib/python3.12/site-packages/oslo_db/sqlalchemy/engines.py:325}}
Mar 01 04:11:19 ubuntu devstack@g-api.service[111558]: DEBUG oslo_db.sqlalchemy.engines [None req-109ff9ad-a83c-4975-87b8-2742a857bcbe None None] MySQL server mode set to STRICT_TRANS_TABLES,STRICT_ALL_TABLES,NO_ZERO_IN_DATE,NO_ZERO_DATE,ERROR_FOR_DIVISION_BY_ZERO,TRADITIONAL,NO_ENGINE_SUBSTITUTION {{(pid=111558) _check_effective_sql_mode /opt/stack/data/venv/lib/python3.12/site-packages/oslo_db/sqlalchemy/engines.py:325}}
Mar 01 04:11:19 ubuntu devstack@g-api.service[111557]: DEBUG dbcounter [-] [111557] Writer thread running {{(pid=111557) stat_writer /opt/stack/data/venv/lib/python3.12/site-packages/dbcounter.py:102}}
Mar 01 04:11:19 ubuntu devstack@g-api.service[111558]: DEBUG dbcounter [-] [111558] Writer thread running {{(pid=111558) stat_writer /opt/stack/data/venv/lib/python3.12/site-packages/dbcounter.py:102}}
Mar 01 04:11:19 ubuntu devstack@g-api.service[111557]: INFO glance.image_cache [None req-16cb0801-0a3c-4aef-86da-e830de3b7cbe None None] Image cache loaded driver 'centralized_db'.
Mar 01 04:11:19 ubuntu devstack@g-api.service[111558]: DEBUG glance.image_cache.drivers.centralized_db [None req-109ff9ad-a83c-4975-87b8-2742a857bcbe None None] Node reference is already recorded, ignoring it {{(pid=111558) configure /opt/stack/glance/glance/image_cache/drivers/centralized_db.py:71}}
Mar 01 04:11:19 ubuntu devstack@g-api.service[111557]: DEBUG glance.image_cache.drivers.centralized_db [None req-16cb0801-0a3c-4aef-86da-e830de3b7cbe None None] Node reference is already recorded, ignoring it {{(pid=111557) configure /opt/stack/glance/glance/image_cache/drivers/centralized_db.py:71}}
Mar 01 04:11:19 ubuntu devstack@g-api.service[111557]: DEBUG glance.api.v2.cached_images [None req-16cb0801-0a3c-4aef-86da-e830de3b7cbe None None] Started cache worker thread {{(pid=111557) __init__ /opt/stack/glance/glance/api/v2/cached_images.py:69}}
Mar 01 04:11:19 ubuntu devstack@g-api.service[111557]: INFO glance.image_cache [None req-16cb0801-0a3c-4aef-86da-e830de3b7cbe None None] Image cache loaded driver 'centralized_db'.
Mar 01 04:11:19 ubuntu devstack@g-api.service[111558]: INFO glance.image_cache [None req-109ff9ad-a83c-4975-87b8-2742a857bcbe None None] Image cache loaded driver 'centralized_db'.
Mar 01 04:11:19 ubuntu devstack@g-api.service[111557]: DEBUG glance.image_cache.drivers.centralized_db [None req-16cb0801-0a3c-4aef-86da-e830de3b7cbe None None] Node reference is already recorded, ignoring it {{(pid=111557) configure /opt/stack/glance/glance/image_cache/drivers/centralized_db.py:71}}
Mar 01 04:11:19 ubuntu devstack@g-api.service[111557]: INFO glance.api.middleware.cache_manage [None req-16cb0801-0a3c-4aef-86da-e830de3b7cbe None None] Initialized image cache management middleware
Mar 01 04:11:19 ubuntu devstack@g-api.service[111557]: INFO glance.image_cache [None req-16cb0801-0a3c-4aef-86da-e830de3b7cbe None None] Image cache loaded driver 'centralized_db'.
Mar 01 04:11:19 ubuntu devstack@g-api.service[111558]: DEBUG glance.image_cache.drivers.centralized_db [None req-109ff9ad-a83c-4975-87b8-2742a857bcbe None None] Node reference is already recorded, ignoring it {{(pid=111558) configure /opt/stack/glance/glance/image_cache/drivers/centralized_db.py:71}}
Mar 01 04:11:19 ubuntu devstack@g-api.service[111557]: DEBUG glance.image_cache.drivers.centralized_db [None req-16cb0801-0a3c-4aef-86da-e830de3b7cbe None None] Node reference is already recorded, ignoring it {{(pid=111557) configure /opt/stack/glance/glance/image_cache/drivers/centralized_db.py:71}}
Mar 01 04:11:19 ubuntu devstack@g-api.service[111558]: DEBUG glance.api.v2.cached_images [None req-109ff9ad-a83c-4975-87b8-2742a857bcbe None None] Started cache worker thread {{(pid=111558) __init__ /opt/stack/glance/glance/api/v2/cached_images.py:69}}
Mar 01 04:11:19 ubuntu devstack@g-api.service[111557]: INFO glance.api.middleware.cache [None req-16cb0801-0a3c-4aef-86da-e830de3b7cbe None None] Initialized image cache middleware
Mar 01 04:11:19 ubuntu devstack@g-api.service[111558]: INFO glance.image_cache [None req-109ff9ad-a83c-4975-87b8-2742a857bcbe None None] Image cache loaded driver 'centralized_db'.
Mar 01 04:11:19 ubuntu devstack@g-api.service[111557]: WARNING keystonemiddleware.auth_token [None req-16cb0801-0a3c-4aef-86da-e830de3b7cbe None None] AuthToken middleware is set with keystone_authtoken.service_token_roles_required set to False. This is backwards compatible but deprecated behaviour. Please set this to True.
Mar 01 04:11:19 ubuntu devstack@g-api.service[111558]: DEBUG glance.image_cache.drivers.centralized_db [None req-109ff9ad-a83c-4975-87b8-2742a857bcbe None None] Node reference is already recorded, ignoring it {{(pid=111558) configure /opt/stack/glance/glance/image_cache/drivers/centralized_db.py:71}}
Mar 01 04:11:19 ubuntu devstack@g-api.service[111558]: INFO glance.api.middleware.cache_manage [None req-109ff9ad-a83c-4975-87b8-2742a857bcbe None None] Initialized image cache management middleware
Mar 01 04:11:19 ubuntu devstack@g-api.service[111558]: INFO glance.image_cache [None req-109ff9ad-a83c-4975-87b8-2742a857bcbe None None] Image cache loaded driver 'centralized_db'.
Mar 01 04:11:19 ubuntu devstack@g-api.service[111557]: DEBUG glance.common.config [None req-16cb0801-0a3c-4aef-86da-e830de3b7cbe None None] ******************************************************************************** {{(pid=111557) log_opt_values /opt/stack/data/venv/lib/python3.12/site-packages/oslo_config/cfg.py:2979}}
Mar 01 04:11:19 ubuntu devstack@g-api.service[111557]: DEBUG glance.common.config [None req-16cb0801-0a3c-4aef-86da-e830de3b7cbe None None] Configuration options gathered from: {{(pid=111557) log_opt_values /opt/stack/data/venv/lib/python3.12/site-packages/oslo_config/cfg.py:2980}}
Mar 01 04:11:19 ubuntu devstack@g-api.service[111557]: DEBUG glance.common.config [None req-16cb0801-0a3c-4aef-86da-e830de3b7cbe None None] command line args: [] {{(pid=111557) log_opt_values /opt/stack/data/venv/lib/python3.12/site-packages/oslo_config/cfg.py:2981}}
Mar 01 04:11:19 ubuntu devstack@g-api.service[111557]: DEBUG glance.common.config [None req-16cb0801-0a3c-4aef-86da-e830de3b7cbe None None] config files: ['/etc/glance/glance-image-import.conf', '/etc/glance/glance-api.conf'] {{(pid=111557) log_opt_values /opt/stack/data/venv/lib/python3.12/site-packages/oslo_config/cfg.py:2982}}
Mar 01 04:11:19 ubuntu devstack@g-api.service[111557]: DEBUG glance.common.config [None req-16cb0801-0a3c-4aef-86da-e830de3b7cbe None None] ================================================================================ {{(pid=111557) log_opt_values /opt/stack/data/venv/lib/python3.12/site-packages/oslo_config/cfg.py:2987}}
Mar 01 04:11:19 ubuntu devstack@g-api.service[111557]: DEBUG glance.common.config [None req-16cb0801-0a3c-4aef-86da-e830de3b7cbe None None] allow_anonymous_access         = False {{(pid=111557) log_opt_values /opt/stack/data/venv/lib/python3.12/site-packages/oslo_config/cfg.py:2995}}
Mar 01 04:11:19 ubuntu devstack@g-api.service[111557]: DEBUG glance.common.config [None req-16cb0801-0a3c-4aef-86da-e830de3b7cbe None None] api_limit_max                  = 1000 {{(pid=111557) log_opt_values /opt/stack/data/venv/lib/python3.12/site-packages/oslo_config/cfg.py:2995}}
Mar 01 04:11:19 ubuntu devstack@g-api.service[111557]: DEBUG glance.common.config [None req-16cb0801-0a3c-4aef-86da-e830de3b7cbe None None] backlog                        = 4096 {{(pid=111557) log_opt_values /opt/stack/data/venv/lib/python3.12/site-packages/oslo_config/cfg.py:2995}}
Mar 01 04:11:19 ubuntu devstack@g-api.service[111557]: DEBUG glance.common.config [None req-16cb0801-0a3c-4aef-86da-e830de3b7cbe None None] bind_host                      = 0.0.0.0 {{(pid=111557) log_opt_values /opt/stack/data/venv/lib/python3.12/site-packages/oslo_config/cfg.py:2995}}
Mar 01 04:11:19 ubuntu devstack@g-api.service[111557]: DEBUG glance.common.config [None req-16cb0801-0a3c-4aef-86da-e830de3b7cbe None None] bind_port                      = None {{(pid=111557) log_opt_values /opt/stack/data/venv/lib/python3.12/site-packages/oslo_config/cfg.py:2995}}
Mar 01 04:11:19 ubuntu devstack@g-api.service[111557]: DEBUG glance.common.config [None req-16cb0801-0a3c-4aef-86da-e830de3b7cbe None None] client_socket_timeout          = 900 {{(pid=111557) log_opt_values /opt/stack/data/venv/lib/python3.12/site-packages/oslo_config/cfg.py:2995}}
Mar 01 04:11:19 ubuntu devstack@g-api.service[111557]: DEBUG glance.common.config [None req-16cb0801-0a3c-4aef-86da-e830de3b7cbe None None] config_dir                     = [] {{(pid=111557) log_opt_values /opt/stack/data/venv/lib/python3.12/site-packages/oslo_config/cfg.py:2995}}
Mar 01 04:11:19 ubuntu devstack@g-api.service[111557]: DEBUG glance.common.config [None req-16cb0801-0a3c-4aef-86da-e830de3b7cbe None None] config_file                    = ['/etc/glance/glance-image-import.conf', '/etc/glance/glance-api.conf'] {{(pid=111557) log_opt_values /opt/stack/data/venv/lib/python3.12/site-packages/oslo_config/cfg.py:2995}}
Mar 01 04:11:19 ubuntu devstack@g-api.service[111557]: DEBUG glance.common.config [None req-16cb0801-0a3c-4aef-86da-e830de3b7cbe None None] config_source                  = [] {{(pid=111557) log_opt_values /opt/stack/data/venv/lib/python3.12/site-packages/oslo_config/cfg.py:2995}}
Mar 01 04:11:19 ubuntu devstack@g-api.service[111557]: DEBUG glance.common.config [None req-16cb0801-0a3c-4aef-86da-e830de3b7cbe None None] control_exchange               = glance {{(pid=111557) log_opt_values /opt/stack/data/venv/lib/python3.12/site-packages/oslo_config/cfg.py:2995}}
Mar 01 04:11:19 ubuntu devstack@g-api.service[111557]: DEBUG glance.common.config [None req-16cb0801-0a3c-4aef-86da-e830de3b7cbe None None] debug                          = True {{(pid=111557) log_opt_values /opt/stack/data/venv/lib/python3.12/site-packages/oslo_config/cfg.py:2995}}
Mar 01 04:11:19 ubuntu devstack@g-api.service[111557]: DEBUG glance.common.config [None req-16cb0801-0a3c-4aef-86da-e830de3b7cbe None None] default_log_levels             = ['amqp=WARN', 'boto=WARN', 'sqlalchemy=WARN', 'suds=INFO', 'oslo.messaging=INFO', 'oslo_messaging=INFO', 'iso8601=WARN', 'requests.packages.urllib3.connectionpool=WARN', 'urllib3.connectionpool=WARN', 'websocket=WARN', 'requests.packages.urllib3.util.retry=WARN', 'urllib3.util.retry=WARN', 'keystonemiddleware=WARN', 'routes.middleware=WARN', 'stevedore=WARN', 'taskflow=WARN', 'keystoneauth=WARN', 'oslo.cache=INFO', 'oslo_policy=INFO', 'dogpile.core.dogpile=INFO'] {{(pid=111557) log_opt_values /opt/stack/data/venv/lib/python3.12/site-packages/oslo_config/cfg.py:2995}}
Mar 01 04:11:19 ubuntu devstack@g-api.service[111557]: DEBUG glance.common.config [None req-16cb0801-0a3c-4aef-86da-e830de3b7cbe None None] default_publisher_id           = image.localhost {{(pid=111557) log_opt_values /opt/stack/data/venv/lib/python3.12/site-packages/oslo_config/cfg.py:2995}}
Mar 01 04:11:19 ubuntu devstack@g-api.service[111557]: DEBUG glance.common.config [None req-16cb0801-0a3c-4aef-86da-e830de3b7cbe None None] delayed_delete                 = False {{(pid=111557) log_opt_values /opt/stack/data/venv/lib/python3.12/site-packages/oslo_config/cfg.py:2995}}
Mar 01 04:11:19 ubuntu devstack@g-api.service[111557]: DEBUG glance.common.config [None req-16cb0801-0a3c-4aef-86da-e830de3b7cbe None None] digest_algorithm               = sha256 {{(pid=111557) log_opt_values /opt/stack/data/venv/lib/python3.12/site-packages/oslo_config/cfg.py:2995}}
Mar 01 04:11:19 ubuntu devstack@g-api.service[111557]: DEBUG glance.common.config [None req-16cb0801-0a3c-4aef-86da-e830de3b7cbe None None] disabled_notifications         = [] {{(pid=111557) log_opt_values /opt/stack/data/venv/lib/python3.12/site-packages/oslo_config/cfg.py:2995}}
Mar 01 04:11:19 ubuntu devstack@g-api.service[111557]: DEBUG glance.common.config [None req-16cb0801-0a3c-4aef-86da-e830de3b7cbe None None] do_secure_hash                 = True {{(pid=111557) log_opt_values /opt/stack/data/venv/lib/python3.12/site-packages/oslo_config/cfg.py:2995}}
Mar 01 04:11:19 ubuntu devstack@g-api.service[111557]: DEBUG glance.common.config [None req-16cb0801-0a3c-4aef-86da-e830de3b7cbe None None] enabled_backends               = None {{(pid=111557) log_opt_values /opt/stack/data/venv/lib/python3.12/site-packages/oslo_config/cfg.py:2995}}
Mar 01 04:11:19 ubuntu devstack@g-api.service[111557]: DEBUG glance.common.config [None req-16cb0801-0a3c-4aef-86da-e830de3b7cbe None None] enabled_import_methods         = ['glance-direct', 'web-download', 'copy-image'] {{(pid=111557) log_opt_values /opt/stack/data/venv/lib/python3.12/site-packages/oslo_config/cfg.py:2995}}
Mar 01 04:11:19 ubuntu devstack@g-api.service[111557]: DEBUG glance.common.config [None req-16cb0801-0a3c-4aef-86da-e830de3b7cbe None None] hashing_algorithm              = sha512 {{(pid=111557) log_opt_values /opt/stack/data/venv/lib/python3.12/site-packages/oslo_config/cfg.py:2995}}
Mar 01 04:11:19 ubuntu devstack@g-api.service[111557]: DEBUG glance.common.config [None req-16cb0801-0a3c-4aef-86da-e830de3b7cbe None None] http_keepalive                 = True {{(pid=111557) log_opt_values /opt/stack/data/venv/lib/python3.12/site-packages/oslo_config/cfg.py:2995}}
Mar 01 04:11:19 ubuntu devstack@g-api.service[111557]: DEBUG glance.common.config [None req-16cb0801-0a3c-4aef-86da-e830de3b7cbe None None] http_retries                   = 3 {{(pid=111557) log_opt_values /opt/stack/data/venv/lib/python3.12/site-packages/oslo_config/cfg.py:2995}}
Mar 01 04:11:19 ubuntu devstack@g-api.service[111557]: DEBUG glance.common.config [None req-16cb0801-0a3c-4aef-86da-e830de3b7cbe None None] image_cache_dir                = /opt/stack/data/glance/cache/ {{(pid=111557) log_opt_values /opt/stack/data/venv/lib/python3.12/site-packages/oslo_config/cfg.py:2995}}
Mar 01 04:11:19 ubuntu devstack@g-api.service[111557]: DEBUG glance.common.config [None req-16cb0801-0a3c-4aef-86da-e830de3b7cbe None None] image_cache_driver             = centralized_db {{(pid=111557) log_opt_values /opt/stack/data/venv/lib/python3.12/site-packages/oslo_config/cfg.py:2995}}
Mar 01 04:11:19 ubuntu devstack@g-api.service[111557]: DEBUG glance.common.config [None req-16cb0801-0a3c-4aef-86da-e830de3b7cbe None None] image_cache_max_size           = 10737418240 {{(pid=111557) log_opt_values /opt/stack/data/venv/lib/python3.12/site-packages/oslo_config/cfg.py:2995}}
Mar 01 04:11:19 ubuntu devstack@g-api.service[111557]: DEBUG glance.common.config [None req-16cb0801-0a3c-4aef-86da-e830de3b7cbe None None] image_cache_sqlite_db          = cache.db {{(pid=111557) log_opt_values /opt/stack/data/venv/lib/python3.12/site-packages/oslo_config/cfg.py:2995}}
Mar 01 04:11:19 ubuntu devstack@g-api.service[111557]: DEBUG glance.common.config [None req-16cb0801-0a3c-4aef-86da-e830de3b7cbe None None] image_cache_stall_time         = 86400 {{(pid=111557) log_opt_values /opt/stack/data/venv/lib/python3.12/site-packages/oslo_config/cfg.py:2995}}
Mar 01 04:11:19 ubuntu devstack@g-api.service[111557]: DEBUG glance.common.config [None req-16cb0801-0a3c-4aef-86da-e830de3b7cbe None None] image_location_quota           = 10 {{(pid=111557) log_opt_values /opt/stack/data/venv/lib/python3.12/site-packages/oslo_config/cfg.py:2995}}
Mar 01 04:11:19 ubuntu devstack@g-api.service[111557]: DEBUG glance.common.config [None req-16cb0801-0a3c-4aef-86da-e830de3b7cbe None None] image_member_quota             = 128 {{(pid=111557) log_opt_values /opt/stack/data/venv/lib/python3.12/site-packages/oslo_config/cfg.py:2995}}
Mar 01 04:11:19 ubuntu devstack@g-api.service[111557]: DEBUG glance.common.config [None req-16cb0801-0a3c-4aef-86da-e830de3b7cbe None None] image_property_quota           = 128 {{(pid=111557) log_opt_values /opt/stack/data/venv/lib/python3.12/site-packages/oslo_config/cfg.py:2995}}
Mar 01 04:11:19 ubuntu devstack@g-api.service[111557]: DEBUG glance.common.config [None req-16cb0801-0a3c-4aef-86da-e830de3b7cbe None None] image_size_cap                 = 1099511627776 {{(pid=111557) log_opt_values /opt/stack/data/venv/lib/python3.12/site-packages/oslo_config/cfg.py:2995}}
Mar 01 04:11:19 ubuntu devstack@g-api.service[111557]: DEBUG glance.common.config [None req-16cb0801-0a3c-4aef-86da-e830de3b7cbe None None] image_tag_quota                = 128 {{(pid=111557) log_opt_values /opt/stack/data/venv/lib/python3.12/site-packages/oslo_config/cfg.py:2995}}
Mar 01 04:11:19 ubuntu devstack@g-api.service[111557]: DEBUG glance.common.config [None req-16cb0801-0a3c-4aef-86da-e830de3b7cbe None None] instance_format                = [instance: %(uuid)s]  {{(pid=111557) log_opt_values /opt/stack/data/venv/lib/python3.12/site-packages/oslo_config/cfg.py:2995}}
Mar 01 04:11:19 ubuntu devstack@g-api.service[111557]: DEBUG glance.common.config [None req-16cb0801-0a3c-4aef-86da-e830de3b7cbe None None] instance_uuid_format           = [instance: %(uuid)s]  {{(pid=111557) log_opt_values /opt/stack/data/venv/lib/python3.12/site-packages/oslo_config/cfg.py:2995}}
Mar 01 04:11:19 ubuntu devstack@g-api.service[111557]: DEBUG glance.common.config [None req-16cb0801-0a3c-4aef-86da-e830de3b7cbe None None] limit_param_default            = 25 {{(pid=111557) log_opt_values /opt/stack/data/venv/lib/python3.12/site-packages/oslo_config/cfg.py:2995}}
Mar 01 04:11:19 ubuntu devstack@g-api.service[111557]: DEBUG glance.common.config [None req-16cb0801-0a3c-4aef-86da-e830de3b7cbe None None] log_color                      = True {{(pid=111557) log_opt_values /opt/stack/data/venv/lib/python3.12/site-packages/oslo_config/cfg.py:2995}}
Mar 01 04:11:19 ubuntu devstack@g-api.service[111557]: DEBUG glance.common.config [None req-16cb0801-0a3c-4aef-86da-e830de3b7cbe None None] log_config_append              = None {{(pid=111557) log_opt_values /opt/stack/data/venv/lib/python3.12/site-packages/oslo_config/cfg.py:2995}}
Mar 01 04:11:19 ubuntu devstack@g-api.service[111557]: DEBUG glance.common.config [None req-16cb0801-0a3c-4aef-86da-e830de3b7cbe None None] log_date_format                = %Y-%m-%d %H:%M:%S {{(pid=111557) log_opt_values /opt/stack/data/venv/lib/python3.12/site-packages/oslo_config/cfg.py:2995}}
Mar 01 04:11:19 ubuntu devstack@g-api.service[111557]: DEBUG glance.common.config [None req-16cb0801-0a3c-4aef-86da-e830de3b7cbe None None] log_dir                        = None {{(pid=111557) log_opt_values /opt/stack/data/venv/lib/python3.12/site-packages/oslo_config/cfg.py:2995}}
Mar 01 04:11:19 ubuntu devstack@g-api.service[111557]: DEBUG glance.common.config [None req-16cb0801-0a3c-4aef-86da-e830de3b7cbe None None] log_file                       = None {{(pid=111557) log_opt_values /opt/stack/data/venv/lib/python3.12/site-packages/oslo_config/cfg.py:2995}}
Mar 01 04:11:19 ubuntu devstack@g-api.service[111557]: DEBUG glance.common.config [None req-16cb0801-0a3c-4aef-86da-e830de3b7cbe None None] log_rotate_interval            = 1 {{(pid=111557) log_opt_values /opt/stack/data/venv/lib/python3.12/site-packages/oslo_config/cfg.py:2995}}
Mar 01 04:11:19 ubuntu devstack@g-api.service[111557]: DEBUG glance.common.config [None req-16cb0801-0a3c-4aef-86da-e830de3b7cbe None None] log_rotate_interval_type       = days {{(pid=111557) log_opt_values /opt/stack/data/venv/lib/python3.12/site-packages/oslo_config/cfg.py:2995}}
Mar 01 04:11:19 ubuntu devstack@g-api.service[111557]: DEBUG glance.common.config [None req-16cb0801-0a3c-4aef-86da-e830de3b7cbe None None] log_rotation_type              = none {{(pid=111557) log_opt_values /opt/stack/data/venv/lib/python3.12/site-packages/oslo_config/cfg.py:2995}}
Mar 01 04:11:19 ubuntu devstack@g-api.service[111557]: DEBUG glance.common.config [None req-16cb0801-0a3c-4aef-86da-e830de3b7cbe None None] logging_context_format_string  = %(color)s%(levelname)s %(name)s [%(global_request_id)s %(request_id)s %(project_name)s %(user_name)s%(color)s] %(instance)s%(color)s%(message)s {{(pid=111557) log_opt_values /opt/stack/data/venv/lib/python3.12/site-packages/oslo_config/cfg.py:2995}}
Mar 01 04:11:19 ubuntu devstack@g-api.service[111557]: DEBUG glance.common.config [None req-16cb0801-0a3c-4aef-86da-e830de3b7cbe None None] logging_debug_format_suffix    = {{(pid=%(process)d) %(funcName)s %(pathname)s:%(lineno)d}} {{(pid=111557) log_opt_values /opt/stack/data/venv/lib/python3.12/site-packages/oslo_config/cfg.py:2995}}
Mar 01 04:11:19 ubuntu devstack@g-api.service[111557]: DEBUG glance.common.config [None req-16cb0801-0a3c-4aef-86da-e830de3b7cbe None None] logging_default_format_string  = %(color)s%(levelname)s %(name)s [-%(color)s] %(instance)s%(color)s%(message)s {{(pid=111557) log_opt_values /opt/stack/data/venv/lib/python3.12/site-packages/oslo_config/cfg.py:2995}}
Mar 01 04:11:19 ubuntu devstack@g-api.service[111557]: DEBUG glance.common.config [None req-16cb0801-0a3c-4aef-86da-e830de3b7cbe None None] logging_exception_prefix       = ERROR %(name)s %(instance)s {{(pid=111557) log_opt_values /opt/stack/data/venv/lib/python3.12/site-packages/oslo_config/cfg.py:2995}}
Mar 01 04:11:19 ubuntu devstack@g-api.service[111557]: DEBUG glance.common.config [None req-16cb0801-0a3c-4aef-86da-e830de3b7cbe None None] logging_user_identity_format   = %(user)s %(project)s %(domain)s %(system_scope)s %(user_domain)s %(project_domain)s {{(pid=111557) log_opt_values /opt/stack/data/venv/lib/python3.12/site-packages/oslo_config/cfg.py:2995}}
Mar 01 04:11:19 ubuntu devstack@g-api.service[111557]: DEBUG glance.common.config [None req-16cb0801-0a3c-4aef-86da-e830de3b7cbe None None] max_header_line                = 16384 {{(pid=111557) log_opt_values /opt/stack/data/venv/lib/python3.12/site-packages/oslo_config/cfg.py:2995}}
Mar 01 04:11:19 ubuntu devstack@g-api.service[111557]: DEBUG glance.common.config [None req-16cb0801-0a3c-4aef-86da-e830de3b7cbe None None] max_logfile_count              = 30 {{(pid=111557) log_opt_values /opt/stack/data/venv/lib/python3.12/site-packages/oslo_config/cfg.py:2995}}
Mar 01 04:11:19 ubuntu devstack@g-api.service[111557]: DEBUG glance.common.config [None req-16cb0801-0a3c-4aef-86da-e830de3b7cbe None None] max_logfile_size_mb            = 200 {{(pid=111557) log_opt_values /opt/stack/data/venv/lib/python3.12/site-packages/oslo_config/cfg.py:2995}}
Mar 01 04:11:19 ubuntu devstack@g-api.service[111557]: DEBUG glance.common.config [None req-16cb0801-0a3c-4aef-86da-e830de3b7cbe None None] max_request_id_length          = 64 {{(pid=111557) log_opt_values /opt/stack/data/venv/lib/python3.12/site-packages/oslo_config/cfg.py:2995}}
Mar 01 04:11:19 ubuntu devstack@g-api.service[111557]: DEBUG glance.common.config [None req-16cb0801-0a3c-4aef-86da-e830de3b7cbe None None] metadata_encryption_key        = **** {{(pid=111557) log_opt_values /opt/stack/data/venv/lib/python3.12/site-packages/oslo_config/cfg.py:2995}}
Mar 01 04:11:19 ubuntu devstack@g-api.service[111557]: DEBUG glance.common.config [None req-16cb0801-0a3c-4aef-86da-e830de3b7cbe None None] node_staging_uri               = file:///tmp/staging/ {{(pid=111557) log_opt_values /opt/stack/data/venv/lib/python3.12/site-packages/oslo_config/cfg.py:2995}}
Mar 01 04:11:19 ubuntu devstack@g-api.service[111557]: DEBUG glance.common.config [None req-16cb0801-0a3c-4aef-86da-e830de3b7cbe None None] property_protection_file       = None {{(pid=111557) log_opt_values /opt/stack/data/venv/lib/python3.12/site-packages/oslo_config/cfg.py:2995}}
Mar 01 04:11:19 ubuntu devstack@g-api.service[111557]: DEBUG glance.common.config [None req-16cb0801-0a3c-4aef-86da-e830de3b7cbe None None] property_protection_rule_format = roles {{(pid=111557) log_opt_values /opt/stack/data/venv/lib/python3.12/site-packages/oslo_config/cfg.py:2995}}
Mar 01 04:11:19 ubuntu devstack@g-api.service[111557]: DEBUG glance.common.config [None req-16cb0801-0a3c-4aef-86da-e830de3b7cbe None None] public_endpoint                = http://10.201.5.127/image {{(pid=111557) log_opt_values /opt/stack/data/venv/lib/python3.12/site-packages/oslo_config/cfg.py:2995}}
Mar 01 04:11:19 ubuntu devstack@g-api.service[111557]: DEBUG glance.common.config [None req-16cb0801-0a3c-4aef-86da-e830de3b7cbe None None] publish_errors                 = False {{(pid=111557) log_opt_values /opt/stack/data/venv/lib/python3.12/site-packages/oslo_config/cfg.py:2995}}
Mar 01 04:11:19 ubuntu devstack@g-api.service[111557]: DEBUG glance.common.config [None req-16cb0801-0a3c-4aef-86da-e830de3b7cbe None None] pydev_worker_debug_host        = None {{(pid=111557) log_opt_values /opt/stack/data/venv/lib/python3.12/site-packages/oslo_config/cfg.py:2995}}
Mar 01 04:11:19 ubuntu devstack@g-api.service[111557]: DEBUG glance.common.config [None req-16cb0801-0a3c-4aef-86da-e830de3b7cbe None None] pydev_worker_debug_port        = 5678 {{(pid=111557) log_opt_values /opt/stack/data/venv/lib/python3.12/site-packages/oslo_config/cfg.py:2995}}
Mar 01 04:11:19 ubuntu devstack@g-api.service[111557]: DEBUG glance.common.config [None req-16cb0801-0a3c-4aef-86da-e830de3b7cbe None None] rate_limit_burst               = 0 {{(pid=111557) log_opt_values /opt/stack/data/venv/lib/python3.12/site-packages/oslo_config/cfg.py:2995}}
Mar 01 04:11:19 ubuntu devstack@g-api.service[111557]: DEBUG glance.common.config [None req-16cb0801-0a3c-4aef-86da-e830de3b7cbe None None] rate_limit_except_level        = CRITICAL {{(pid=111557) log_opt_values /opt/stack/data/venv/lib/python3.12/site-packages/oslo_config/cfg.py:2995}}
Mar 01 04:11:19 ubuntu devstack@g-api.service[111557]: DEBUG glance.common.config [None req-16cb0801-0a3c-4aef-86da-e830de3b7cbe None None] rate_limit_interval            = 0 {{(pid=111557) log_opt_values /opt/stack/data/venv/lib/python3.12/site-packages/oslo_config/cfg.py:2995}}
Mar 01 04:11:19 ubuntu devstack@g-api.service[111557]: DEBUG glance.common.config [None req-16cb0801-0a3c-4aef-86da-e830de3b7cbe None None] scrub_pool_size                = 1 {{(pid=111557) log_opt_values /opt/stack/data/venv/lib/python3.12/site-packages/oslo_config/cfg.py:2995}}
Mar 01 04:11:19 ubuntu devstack@g-api.service[111557]: DEBUG glance.common.config [None req-16cb0801-0a3c-4aef-86da-e830de3b7cbe None None] scrub_time                     = 0 {{(pid=111557) log_opt_values /opt/stack/data/venv/lib/python3.12/site-packages/oslo_config/cfg.py:2995}}
Mar 01 04:11:19 ubuntu devstack@g-api.service[111557]: DEBUG glance.common.config [None req-16cb0801-0a3c-4aef-86da-e830de3b7cbe None None] shell_completion               = None {{(pid=111557) log_opt_values /opt/stack/data/venv/lib/python3.12/site-packages/oslo_config/cfg.py:2995}}
Mar 01 04:11:19 ubuntu devstack@g-api.service[111557]: DEBUG glance.common.config [None req-16cb0801-0a3c-4aef-86da-e830de3b7cbe None None] show_image_direct_url          = False {{(pid=111557) log_opt_values /opt/stack/data/venv/lib/python3.12/site-packages/oslo_config/cfg.py:2995}}
