Feb 13 17:51:35 jammy-provider-cloud-0000008006 systemd[1]: Starting Devstack devstack@g-api.service...
Feb 13 17:51:35 jammy-provider-cloud-0000008006 devstack@g-api.service[103556]: [uWSGI] getting INI configuration from /etc/glance/glance-uwsgi.ini
Feb 13 17:51:35 jammy-provider-cloud-0000008006 devstack@g-api.service[103556]: *** Starting uWSGI 2.0.20-debian (64bit) on [Thu Feb 13 17:51:35 2025] ***
Feb 13 17:51:35 jammy-provider-cloud-0000008006 devstack@g-api.service[103556]: compiled with version: 11.2.0 on 21 March 2022 11:00:44
Feb 13 17:51:35 jammy-provider-cloud-0000008006 devstack@g-api.service[103556]: os: Linux-5.15.0-107-generic #117-Ubuntu SMP Fri Apr 26 12:26:49 UTC 2024
Feb 13 17:51:35 jammy-provider-cloud-0000008006 devstack@g-api.service[103556]: nodename: jammy-provider-cloud-0000008006
Feb 13 17:51:35 jammy-provider-cloud-0000008006 devstack@g-api.service[103556]: machine: x86_64
Feb 13 17:51:35 jammy-provider-cloud-0000008006 devstack@g-api.service[103556]: clock source: unix
Feb 13 17:51:35 jammy-provider-cloud-0000008006 devstack@g-api.service[103556]: pcre jit disabled
Feb 13 17:51:35 jammy-provider-cloud-0000008006 devstack@g-api.service[103556]: detected number of CPU cores: 4
Feb 13 17:51:35 jammy-provider-cloud-0000008006 devstack@g-api.service[103556]: current working directory: /
Feb 13 17:51:35 jammy-provider-cloud-0000008006 devstack@g-api.service[103556]: detected binary path: /usr/bin/uwsgi-core
Feb 13 17:51:35 jammy-provider-cloud-0000008006 devstack@g-api.service[103556]: your processes number limit is 31298
Feb 13 17:51:35 jammy-provider-cloud-0000008006 devstack@g-api.service[103556]: your memory page size is 4096 bytes
Feb 13 17:51:35 jammy-provider-cloud-0000008006 devstack@g-api.service[103556]: detected max file descriptor number: 2048
Feb 13 17:51:35 jammy-provider-cloud-0000008006 devstack@g-api.service[103556]: lock engine: pthread robust mutexes
Feb 13 17:51:35 jammy-provider-cloud-0000008006 devstack@g-api.service[103556]: thunder lock: enabled
Feb 13 17:51:35 jammy-provider-cloud-0000008006 devstack@g-api.service[103556]: uwsgi socket 0 bound to TCP address 127.0.0.1:60999 fd 4
Feb 13 17:51:35 jammy-provider-cloud-0000008006 devstack@g-api.service[103556]: Python version: 3.10.12 (main, Jan 17 2025, 14:35:34) [GCC 11.4.0]
Feb 13 17:51:35 jammy-provider-cloud-0000008006 devstack@g-api.service[103556]: PEP 405 virtualenv detected: /opt/stack/data/venv
Feb 13 17:51:35 jammy-provider-cloud-0000008006 devstack@g-api.service[103556]: Set PythonHome to /opt/stack/data/venv
Feb 13 17:51:35 jammy-provider-cloud-0000008006 devstack@g-api.service[103556]: Python main interpreter initialized at 0x5600651c4280
Feb 13 17:51:35 jammy-provider-cloud-0000008006 devstack@g-api.service[103556]: python threads support enabled
Feb 13 17:51:35 jammy-provider-cloud-0000008006 devstack@g-api.service[103556]: your server socket listen backlog is limited to 100 connections
Feb 13 17:51:35 jammy-provider-cloud-0000008006 devstack@g-api.service[103556]: your mercy for graceful operations on workers is 80 seconds
Feb 13 17:51:35 jammy-provider-cloud-0000008006 devstack@g-api.service[103556]: mapped 403077 bytes (393 KB) for 2 cores
Feb 13 17:51:35 jammy-provider-cloud-0000008006 devstack@g-api.service[103556]: *** Operational MODE: preforking ***
Feb 13 17:51:35 jammy-provider-cloud-0000008006 devstack@g-api.service[103556]: *** uWSGI is running in multiple interpreter mode ***
Feb 13 17:51:35 jammy-provider-cloud-0000008006 devstack@g-api.service[103556]: spawned uWSGI master process (pid: 103556)
Feb 13 17:51:35 jammy-provider-cloud-0000008006 systemd[1]: Started Devstack devstack@g-api.service.
Feb 13 17:51:35 jammy-provider-cloud-0000008006 devstack@g-api.service[103556]: spawned uWSGI worker 1 (pid: 103557, cores: 1)
Feb 13 17:51:35 jammy-provider-cloud-0000008006 devstack@g-api.service[103556]: spawned uWSGI worker 2 (pid: 103558, cores: 1)
Feb 13 17:51:35 jammy-provider-cloud-0000008006 devstack@g-api.service[103556]: running "unix_signal:15 gracefully_kill_them_all" (master-start)...
Feb 13 17:51:36 jammy-provider-cloud-0000008006 devstack@g-api.service[103557]: INFO glance.async_ [-] Threadpool model set to 'NativeThreadPoolModel'
Feb 13 17:51:36 jammy-provider-cloud-0000008006 devstack@g-api.service[103558]: INFO glance.async_ [-] Threadpool model set to 'NativeThreadPoolModel'
Feb 13 17:51:36 jammy-provider-cloud-0000008006 devstack@g-api.service[103557]: DEBUG oslo_concurrency.processutils [-] Running cmd (subprocess): grep -F node.session.scan /sbin/iscsiadm {{(pid=103557) execute /opt/stack/data/venv/lib/python3.10/site-packages/oslo_concurrency/processutils.py:349}}
Feb 13 17:51:36 jammy-provider-cloud-0000008006 devstack@g-api.service[103557]: DEBUG oslo_concurrency.processutils [-] CMD "grep -F node.session.scan /sbin/iscsiadm" returned: 0 in 0.009s {{(pid=103557) execute /opt/stack/data/venv/lib/python3.10/site-packages/oslo_concurrency/processutils.py:372}}
Feb 13 17:51:36 jammy-provider-cloud-0000008006 devstack@g-api.service[103558]: DEBUG oslo_concurrency.processutils [-] Running cmd (subprocess): grep -F node.session.scan /sbin/iscsiadm {{(pid=103558) execute /opt/stack/data/venv/lib/python3.10/site-packages/oslo_concurrency/processutils.py:349}}
Feb 13 17:51:36 jammy-provider-cloud-0000008006 devstack@g-api.service[103558]: DEBUG oslo_concurrency.processutils [-] CMD "grep -F node.session.scan /sbin/iscsiadm" returned: 0 in 0.007s {{(pid=103558) execute /opt/stack/data/venv/lib/python3.10/site-packages/oslo_concurrency/processutils.py:372}}
Feb 13 17:51:36 jammy-provider-cloud-0000008006 devstack@g-api.service[103557]: DEBUG glance_store.common.attachment_state_manager [-] Initialising _AttachmentStateManager {{(pid=103557) __init__ /opt/stack/data/venv/lib/python3.10/site-packages/glance_store/common/attachment_state_manager.py:86}}
Feb 13 17:51:36 jammy-provider-cloud-0000008006 devstack@g-api.service[103558]: DEBUG glance_store.common.attachment_state_manager [-] Initialising _AttachmentStateManager {{(pid=103558) __init__ /opt/stack/data/venv/lib/python3.10/site-packages/glance_store/common/attachment_state_manager.py:86}}
Feb 13 17:51:36 jammy-provider-cloud-0000008006 devstack@g-api.service[103557]: DEBUG glance_store.backend [-] Attempting to import store cinder {{(pid=103557) _load_store /opt/stack/data/venv/lib/python3.10/site-packages/glance_store/backend.py:216}}
Feb 13 17:51:36 jammy-provider-cloud-0000008006 devstack@g-api.service[103557]: DEBUG glance_store.backend [-] Attempting to import store file {{(pid=103557) _load_store /opt/stack/data/venv/lib/python3.10/site-packages/glance_store/backend.py:216}}
Feb 13 17:51:36 jammy-provider-cloud-0000008006 devstack@g-api.service[103557]: DEBUG glance_store.backend [-] Attempting to import store glance.store.cinder.Store {{(pid=103557) _load_store /opt/stack/data/venv/lib/python3.10/site-packages/glance_store/backend.py:216}}
Feb 13 17:51:36 jammy-provider-cloud-0000008006 devstack@g-api.service[103557]: DEBUG glance_store.backend [-] Attempting to import store glance.store.filesystem.Store {{(pid=103557) _load_store /opt/stack/data/venv/lib/python3.10/site-packages/glance_store/backend.py:216}}
Feb 13 17:51:36 jammy-provider-cloud-0000008006 devstack@g-api.service[103557]: DEBUG glance_store.backend [-] Attempting to import store glance.store.http.Store {{(pid=103557) _load_store /opt/stack/data/venv/lib/python3.10/site-packages/glance_store/backend.py:216}}
Feb 13 17:51:36 jammy-provider-cloud-0000008006 devstack@g-api.service[103557]: DEBUG glance_store.backend [-] Attempting to import store glance.store.rbd.Store {{(pid=103557) _load_store /opt/stack/data/venv/lib/python3.10/site-packages/glance_store/backend.py:216}}
Feb 13 17:51:36 jammy-provider-cloud-0000008006 devstack@g-api.service[103557]: DEBUG glance_store.backend [-] Attempting to import store glance.store.s3.Store {{(pid=103557) _load_store /opt/stack/data/venv/lib/python3.10/site-packages/glance_store/backend.py:216}}
Feb 13 17:51:36 jammy-provider-cloud-0000008006 devstack@g-api.service[103557]: DEBUG glance_store.backend [-] Attempting to import store glance.store.swift.Store {{(pid=103557) _load_store /opt/stack/data/venv/lib/python3.10/site-packages/glance_store/backend.py:216}}
Feb 13 17:51:36 jammy-provider-cloud-0000008006 devstack@g-api.service[103557]: DEBUG glance_store.backend [-] Attempting to import store glance.store.vmware_datastore.Store {{(pid=103557) _load_store /opt/stack/data/venv/lib/python3.10/site-packages/glance_store/backend.py:216}}
Feb 13 17:51:36 jammy-provider-cloud-0000008006 devstack@g-api.service[103557]: DEBUG glance_store.backend [-] Attempting to import store http {{(pid=103557) _load_store /opt/stack/data/venv/lib/python3.10/site-packages/glance_store/backend.py:216}}
Feb 13 17:51:36 jammy-provider-cloud-0000008006 devstack@g-api.service[103557]: DEBUG glance_store.backend [-] Attempting to import store no_conf {{(pid=103557) _load_store /opt/stack/data/venv/lib/python3.10/site-packages/glance_store/backend.py:216}}
Feb 13 17:51:36 jammy-provider-cloud-0000008006 devstack@g-api.service[103557]: DEBUG glance_store.backend [-] Attempting to import store rbd {{(pid=103557) _load_store /opt/stack/data/venv/lib/python3.10/site-packages/glance_store/backend.py:216}}
Feb 13 17:51:36 jammy-provider-cloud-0000008006 devstack@g-api.service[103557]: DEBUG glance_store.backend [-] Attempting to import store s3 {{(pid=103557) _load_store /opt/stack/data/venv/lib/python3.10/site-packages/glance_store/backend.py:216}}
Feb 13 17:51:36 jammy-provider-cloud-0000008006 devstack@g-api.service[103557]: DEBUG glance_store.backend [-] Attempting to import store swift {{(pid=103557) _load_store /opt/stack/data/venv/lib/python3.10/site-packages/glance_store/backend.py:216}}
Feb 13 17:51:36 jammy-provider-cloud-0000008006 devstack@g-api.service[103557]: DEBUG glance_store.backend [-] Attempting to import store vmware {{(pid=103557) _load_store /opt/stack/data/venv/lib/python3.10/site-packages/glance_store/backend.py:216}}
Feb 13 17:51:36 jammy-provider-cloud-0000008006 devstack@g-api.service[103557]: DEBUG glance_store.backend [-] Registering options for group glance_store {{(pid=103557) register_opts /opt/stack/data/venv/lib/python3.10/site-packages/glance_store/backend.py:145}}
Feb 13 17:51:36 jammy-provider-cloud-0000008006 devstack@g-api.service[103557]: DEBUG glance_store.backend [-] Registering options for group glance_store {{(pid=103557) register_opts /opt/stack/data/venv/lib/python3.10/site-packages/glance_store/backend.py:145}}
Feb 13 17:51:36 jammy-provider-cloud-0000008006 devstack@g-api.service[103557]: DEBUG glance_store.backend [-] Attempting to import store http {{(pid=103557) _load_store /opt/stack/data/venv/lib/python3.10/site-packages/glance_store/backend.py:216}}
Feb 13 17:51:36 jammy-provider-cloud-0000008006 devstack@g-api.service[103557]: DEBUG glance_store.capabilities [-] Store glance_store._drivers.http.Store doesn't support updating dynamic storage capabilities. Please overwrite 'update_capabilities' method of the store to implement updating logics if needed. {{(pid=103557) update_capabilities /opt/stack/data/venv/lib/python3.10/site-packages/glance_store/capabilities.py:91}}
Feb 13 17:51:36 jammy-provider-cloud-0000008006 devstack@g-api.service[103557]: DEBUG glance_store.backend [-] Registering store http with schemes ('http', 'https') {{(pid=103557) create_stores /opt/stack/data/venv/lib/python3.10/site-packages/glance_store/backend.py:262}}
Feb 13 17:51:36 jammy-provider-cloud-0000008006 devstack@g-api.service[103557]: DEBUG glance_store.driver [-] Late loading location class glance_store._drivers.http.StoreLocation {{(pid=103557) get_store_location_class /opt/stack/data/venv/lib/python3.10/site-packages/glance_store/driver.py:133}}
Feb 13 17:51:36 jammy-provider-cloud-0000008006 devstack@g-api.service[103557]: DEBUG glance_store.location [-] Registering scheme http with {'store': <glance_store._drivers.http.Store object at 0x7f8ca181f3d0>, 'location_class': <class 'glance_store._drivers.http.StoreLocation'>, 'store_entry': 'http'} {{(pid=103557) register_scheme_map /opt/stack/data/venv/lib/python3.10/site-packages/glance_store/location.py:146}}
Feb 13 17:51:36 jammy-provider-cloud-0000008006 devstack@g-api.service[103557]: DEBUG glance_store.location [-] Registering scheme https with {'store': <glance_store._drivers.http.Store object at 0x7f8ca181f3d0>, 'location_class': <class 'glance_store._drivers.http.StoreLocation'>, 'store_entry': 'http'} {{(pid=103557) register_scheme_map /opt/stack/data/venv/lib/python3.10/site-packages/glance_store/location.py:146}}
Feb 13 17:51:36 jammy-provider-cloud-0000008006 devstack@g-api.service[103557]: DEBUG glance_store.backend [-] Attempting to import store file {{(pid=103557) _load_store /opt/stack/data/venv/lib/python3.10/site-packages/glance_store/backend.py:216}}
Feb 13 17:51:36 jammy-provider-cloud-0000008006 devstack@g-api.service[103557]: DEBUG glance_store.capabilities [-] Store glance_store._drivers.filesystem.Store doesn't support updating dynamic storage capabilities. Please overwrite 'update_capabilities' method of the store to implement updating logics if needed. {{(pid=103557) update_capabilities /opt/stack/data/venv/lib/python3.10/site-packages/glance_store/capabilities.py:91}}
Feb 13 17:51:36 jammy-provider-cloud-0000008006 devstack@g-api.service[103557]: DEBUG glance_store.backend [-] Registering store file with schemes ('file', 'filesystem') {{(pid=103557) create_stores /opt/stack/data/venv/lib/python3.10/site-packages/glance_store/backend.py:262}}
Feb 13 17:51:36 jammy-provider-cloud-0000008006 devstack@g-api.service[103557]: DEBUG glance_store.driver [-] Late loading location class glance_store._drivers.filesystem.StoreLocation {{(pid=103557) get_store_location_class /opt/stack/data/venv/lib/python3.10/site-packages/glance_store/driver.py:133}}
Feb 13 17:51:36 jammy-provider-cloud-0000008006 devstack@g-api.service[103557]: DEBUG glance_store.location [-] Registering scheme file with {'store': <glance_store._drivers.filesystem.Store object at 0x7f8ca181f400>, 'location_class': <class 'glance_store._drivers.filesystem.StoreLocation'>, 'store_entry': 'file'} {{(pid=103557) register_scheme_map /opt/stack/data/venv/lib/python3.10/site-packages/glance_store/location.py:146}}
Feb 13 17:51:36 jammy-provider-cloud-0000008006 devstack@g-api.service[103557]: DEBUG glance_store.location [-] Registering scheme filesystem with {'store': <glance_store._drivers.filesystem.Store object at 0x7f8ca181f400>, 'location_class': <class 'glance_store._drivers.filesystem.StoreLocation'>, 'store_entry': 'file'} {{(pid=103557) register_scheme_map /opt/stack/data/venv/lib/python3.10/site-packages/glance_store/location.py:146}}
Feb 13 17:51:36 jammy-provider-cloud-0000008006 devstack@g-api.service[103557]: DEBUG glance.sqlite_migration [-] SQLite caching database not located, skipping migration {{(pid=103557) get_db_path /opt/stack/glance/glance/sqlite_migration.py:68}}
Feb 13 17:51:36 jammy-provider-cloud-0000008006 devstack@g-api.service[103557]: WARNING glance.common.wsgi_app [-] Import methods are enabled but staging directory /tmp/staging/ does not exist; Imports will fail!
Feb 13 17:51:36 jammy-provider-cloud-0000008006 devstack@g-api.service[103558]: DEBUG glance_store.backend [-] Attempting to import store cinder {{(pid=103558) _load_store /opt/stack/data/venv/lib/python3.10/site-packages/glance_store/backend.py:216}}
Feb 13 17:51:36 jammy-provider-cloud-0000008006 devstack@g-api.service[103558]: DEBUG glance_store.backend [-] Attempting to import store file {{(pid=103558) _load_store /opt/stack/data/venv/lib/python3.10/site-packages/glance_store/backend.py:216}}
Feb 13 17:51:36 jammy-provider-cloud-0000008006 devstack@g-api.service[103558]: DEBUG glance_store.backend [-] Attempting to import store glance.store.cinder.Store {{(pid=103558) _load_store /opt/stack/data/venv/lib/python3.10/site-packages/glance_store/backend.py:216}}
Feb 13 17:51:36 jammy-provider-cloud-0000008006 devstack@g-api.service[103558]: DEBUG glance_store.backend [-] Attempting to import store glance.store.filesystem.Store {{(pid=103558) _load_store /opt/stack/data/venv/lib/python3.10/site-packages/glance_store/backend.py:216}}
Feb 13 17:51:36 jammy-provider-cloud-0000008006 devstack@g-api.service[103558]: DEBUG glance_store.backend [-] Attempting to import store glance.store.http.Store {{(pid=103558) _load_store /opt/stack/data/venv/lib/python3.10/site-packages/glance_store/backend.py:216}}
Feb 13 17:51:36 jammy-provider-cloud-0000008006 devstack@g-api.service[103558]: DEBUG glance_store.backend [-] Attempting to import store glance.store.rbd.Store {{(pid=103558) _load_store /opt/stack/data/venv/lib/python3.10/site-packages/glance_store/backend.py:216}}
Feb 13 17:51:36 jammy-provider-cloud-0000008006 devstack@g-api.service[103558]: DEBUG glance_store.backend [-] Attempting to import store glance.store.s3.Store {{(pid=103558) _load_store /opt/stack/data/venv/lib/python3.10/site-packages/glance_store/backend.py:216}}
Feb 13 17:51:36 jammy-provider-cloud-0000008006 devstack@g-api.service[103558]: DEBUG glance_store.backend [-] Attempting to import store glance.store.swift.Store {{(pid=103558) _load_store /opt/stack/data/venv/lib/python3.10/site-packages/glance_store/backend.py:216}}
Feb 13 17:51:36 jammy-provider-cloud-0000008006 devstack@g-api.service[103558]: DEBUG glance_store.backend [-] Attempting to import store glance.store.vmware_datastore.Store {{(pid=103558) _load_store /opt/stack/data/venv/lib/python3.10/site-packages/glance_store/backend.py:216}}
Feb 13 17:51:36 jammy-provider-cloud-0000008006 devstack@g-api.service[103558]: DEBUG glance_store.backend [-] Attempting to import store http {{(pid=103558) _load_store /opt/stack/data/venv/lib/python3.10/site-packages/glance_store/backend.py:216}}
Feb 13 17:51:36 jammy-provider-cloud-0000008006 devstack@g-api.service[103558]: DEBUG glance_store.backend [-] Attempting to import store no_conf {{(pid=103558) _load_store /opt/stack/data/venv/lib/python3.10/site-packages/glance_store/backend.py:216}}
Feb 13 17:51:36 jammy-provider-cloud-0000008006 devstack@g-api.service[103558]: DEBUG glance_store.backend [-] Attempting to import store rbd {{(pid=103558) _load_store /opt/stack/data/venv/lib/python3.10/site-packages/glance_store/backend.py:216}}
Feb 13 17:51:36 jammy-provider-cloud-0000008006 devstack@g-api.service[103558]: DEBUG glance_store.backend [-] Attempting to import store s3 {{(pid=103558) _load_store /opt/stack/data/venv/lib/python3.10/site-packages/glance_store/backend.py:216}}
Feb 13 17:51:36 jammy-provider-cloud-0000008006 devstack@g-api.service[103558]: DEBUG glance_store.backend [-] Attempting to import store swift {{(pid=103558) _load_store /opt/stack/data/venv/lib/python3.10/site-packages/glance_store/backend.py:216}}
Feb 13 17:51:36 jammy-provider-cloud-0000008006 devstack@g-api.service[103558]: DEBUG glance_store.backend [-] Attempting to import store vmware {{(pid=103558) _load_store /opt/stack/data/venv/lib/python3.10/site-packages/glance_store/backend.py:216}}
Feb 13 17:51:36 jammy-provider-cloud-0000008006 devstack@g-api.service[103558]: DEBUG glance_store.backend [-] Registering options for group glance_store {{(pid=103558) register_opts /opt/stack/data/venv/lib/python3.10/site-packages/glance_store/backend.py:145}}
Feb 13 17:51:36 jammy-provider-cloud-0000008006 devstack@g-api.service[103558]: DEBUG glance_store.backend [-] Registering options for group glance_store {{(pid=103558) register_opts /opt/stack/data/venv/lib/python3.10/site-packages/glance_store/backend.py:145}}
Feb 13 17:51:36 jammy-provider-cloud-0000008006 devstack@g-api.service[103558]: DEBUG glance_store.backend [-] Attempting to import store http {{(pid=103558) _load_store /opt/stack/data/venv/lib/python3.10/site-packages/glance_store/backend.py:216}}
Feb 13 17:51:36 jammy-provider-cloud-0000008006 devstack@g-api.service[103558]: DEBUG glance_store.capabilities [-] Store glance_store._drivers.http.Store doesn't support updating dynamic storage capabilities. Please overwrite 'update_capabilities' method of the store to implement updating logics if needed. {{(pid=103558) update_capabilities /opt/stack/data/venv/lib/python3.10/site-packages/glance_store/capabilities.py:91}}
Feb 13 17:51:36 jammy-provider-cloud-0000008006 devstack@g-api.service[103558]: DEBUG glance_store.backend [-] Registering store http with schemes ('http', 'https') {{(pid=103558) create_stores /opt/stack/data/venv/lib/python3.10/site-packages/glance_store/backend.py:262}}
Feb 13 17:51:36 jammy-provider-cloud-0000008006 devstack@g-api.service[103558]: DEBUG glance_store.driver [-] Late loading location class glance_store._drivers.http.StoreLocation {{(pid=103558) get_store_location_class /opt/stack/data/venv/lib/python3.10/site-packages/glance_store/driver.py:133}}
Feb 13 17:51:36 jammy-provider-cloud-0000008006 devstack@g-api.service[103558]: DEBUG glance_store.location [-] Registering scheme http with {'store': <glance_store._drivers.http.Store object at 0x7f8ca181f3d0>, 'location_class': <class 'glance_store._drivers.http.StoreLocation'>, 'store_entry': 'http'} {{(pid=103558) register_scheme_map /opt/stack/data/venv/lib/python3.10/site-packages/glance_store/location.py:146}}
Feb 13 17:51:36 jammy-provider-cloud-0000008006 devstack@g-api.service[103558]: DEBUG glance_store.location [-] Registering scheme https with {'store': <glance_store._drivers.http.Store object at 0x7f8ca181f3d0>, 'location_class': <class 'glance_store._drivers.http.StoreLocation'>, 'store_entry': 'http'} {{(pid=103558) register_scheme_map /opt/stack/data/venv/lib/python3.10/site-packages/glance_store/location.py:146}}
Feb 13 17:51:36 jammy-provider-cloud-0000008006 devstack@g-api.service[103558]: DEBUG glance_store.backend [-] Attempting to import store file {{(pid=103558) _load_store /opt/stack/data/venv/lib/python3.10/site-packages/glance_store/backend.py:216}}
Feb 13 17:51:36 jammy-provider-cloud-0000008006 devstack@g-api.service[103558]: DEBUG glance_store.capabilities [-] Store glance_store._drivers.filesystem.Store doesn't support updating dynamic storage capabilities. Please overwrite 'update_capabilities' method of the store to implement updating logics if needed. {{(pid=103558) update_capabilities /opt/stack/data/venv/lib/python3.10/site-packages/glance_store/capabilities.py:91}}
Feb 13 17:51:36 jammy-provider-cloud-0000008006 devstack@g-api.service[103558]: DEBUG glance_store.backend [-] Registering store file with schemes ('file', 'filesystem') {{(pid=103558) create_stores /opt/stack/data/venv/lib/python3.10/site-packages/glance_store/backend.py:262}}
Feb 13 17:51:36 jammy-provider-cloud-0000008006 devstack@g-api.service[103558]: DEBUG glance_store.driver [-] Late loading location class glance_store._drivers.filesystem.StoreLocation {{(pid=103558) get_store_location_class /opt/stack/data/venv/lib/python3.10/site-packages/glance_store/driver.py:133}}
Feb 13 17:51:36 jammy-provider-cloud-0000008006 devstack@g-api.service[103558]: DEBUG glance_store.location [-] Registering scheme file with {'store': <glance_store._drivers.filesystem.Store object at 0x7f8ca181f400>, 'location_class': <class 'glance_store._drivers.filesystem.StoreLocation'>, 'store_entry': 'file'} {{(pid=103558) register_scheme_map /opt/stack/data/venv/lib/python3.10/site-packages/glance_store/location.py:146}}
Feb 13 17:51:36 jammy-provider-cloud-0000008006 devstack@g-api.service[103558]: DEBUG glance_store.location [-] Registering scheme filesystem with {'store': <glance_store._drivers.filesystem.Store object at 0x7f8ca181f400>, 'location_class': <class 'glance_store._drivers.filesystem.StoreLocation'>, 'store_entry': 'file'} {{(pid=103558) register_scheme_map /opt/stack/data/venv/lib/python3.10/site-packages/glance_store/location.py:146}}
Feb 13 17:51:36 jammy-provider-cloud-0000008006 devstack@g-api.service[103558]: DEBUG glance.sqlite_migration [-] SQLite caching database not located, skipping migration {{(pid=103558) get_db_path /opt/stack/glance/glance/sqlite_migration.py:68}}
Feb 13 17:51:36 jammy-provider-cloud-0000008006 devstack@g-api.service[103558]: WARNING glance.common.wsgi_app [-] Import methods are enabled but staging directory /tmp/staging/ does not exist; Imports will fail!
Feb 13 17:51:36 jammy-provider-cloud-0000008006 devstack@g-api.service[103557]: DEBUG glance.common.config [None req-98596dbf-d2bc-43e0-89d9-80f23e01f5b9 None None] Loading glance-api-keystone+cachemanagement from /etc/glance/glance-api-paste.ini {{(pid=103557) load_paste_app /opt/stack/glance/glance/common/config.py:723}}
Feb 13 17:51:36 jammy-provider-cloud-0000008006 devstack@g-api.service[103558]: DEBUG glance.common.config [None req-f1514522-b7f8-48fc-bdbc-9639a81a3087 None None] Loading glance-api-keystone+cachemanagement from /etc/glance/glance-api-paste.ini {{(pid=103558) load_paste_app /opt/stack/glance/glance/common/config.py:723}}
Feb 13 17:51:37 jammy-provider-cloud-0000008006 devstack@g-api.service[103557]: INFO glance.image_cache [None req-98596dbf-d2bc-43e0-89d9-80f23e01f5b9 None None] Image cache loaded driver 'centralized_db'.
Feb 13 17:51:37 jammy-provider-cloud-0000008006 devstack@g-api.service[103558]: INFO glance.image_cache [None req-f1514522-b7f8-48fc-bdbc-9639a81a3087 None None] Image cache loaded driver 'centralized_db'.
Feb 13 17:51:37 jammy-provider-cloud-0000008006 devstack@g-api.service[103557]: INFO dbcounter [None req-98596dbf-d2bc-43e0-89d9-80f23e01f5b9 None None] Registered counter for database glance
Feb 13 17:51:37 jammy-provider-cloud-0000008006 devstack@g-api.service[103558]: INFO dbcounter [None req-f1514522-b7f8-48fc-bdbc-9639a81a3087 None None] Registered counter for database glance
Feb 13 17:51:37 jammy-provider-cloud-0000008006 devstack@g-api.service[103557]: DEBUG oslo_db.sqlalchemy.engines [None req-98596dbf-d2bc-43e0-89d9-80f23e01f5b9 None None] MySQL server mode set to STRICT_TRANS_TABLES,STRICT_ALL_TABLES,NO_ZERO_IN_DATE,NO_ZERO_DATE,ERROR_FOR_DIVISION_BY_ZERO,TRADITIONAL,NO_ENGINE_SUBSTITUTION {{(pid=103557) _check_effective_sql_mode /opt/stack/data/venv/lib/python3.10/site-packages/oslo_db/sqlalchemy/engines.py:395}}
Feb 13 17:51:37 jammy-provider-cloud-0000008006 devstack@g-api.service[103558]: DEBUG oslo_db.sqlalchemy.engines [None req-f1514522-b7f8-48fc-bdbc-9639a81a3087 None None] MySQL server mode set to STRICT_TRANS_TABLES,STRICT_ALL_TABLES,NO_ZERO_IN_DATE,NO_ZERO_DATE,ERROR_FOR_DIVISION_BY_ZERO,TRADITIONAL,NO_ENGINE_SUBSTITUTION {{(pid=103558) _check_effective_sql_mode /opt/stack/data/venv/lib/python3.10/site-packages/oslo_db/sqlalchemy/engines.py:395}}
Feb 13 17:51:37 jammy-provider-cloud-0000008006 devstack@g-api.service[103557]: DEBUG dbcounter [-] [103557] Writer thread running {{(pid=103557) stat_writer /opt/stack/data/venv/lib/python3.10/site-packages/dbcounter.py:102}}
Feb 13 17:51:37 jammy-provider-cloud-0000008006 devstack@g-api.service[103558]: DEBUG dbcounter [-] [103558] Writer thread running {{(pid=103558) stat_writer /opt/stack/data/venv/lib/python3.10/site-packages/dbcounter.py:102}}
Feb 13 17:51:37 jammy-provider-cloud-0000008006 devstack@g-api.service[103558]: DEBUG glance.image_cache.drivers.centralized_db [None req-f1514522-b7f8-48fc-bdbc-9639a81a3087 None None] Node reference is already recorded, ignoring it {{(pid=103558) configure /opt/stack/glance/glance/image_cache/drivers/centralized_db.py:71}}
Feb 13 17:51:37 jammy-provider-cloud-0000008006 devstack@g-api.service[103557]: INFO glance.image_cache [None req-98596dbf-d2bc-43e0-89d9-80f23e01f5b9 None None] Image cache loaded driver 'centralized_db'.
Feb 13 17:51:37 jammy-provider-cloud-0000008006 devstack@g-api.service[103558]: INFO glance.image_cache [None req-f1514522-b7f8-48fc-bdbc-9639a81a3087 None None] Image cache loaded driver 'centralized_db'.
Feb 13 17:51:37 jammy-provider-cloud-0000008006 devstack@g-api.service[103557]: DEBUG glance.image_cache.drivers.centralized_db [None req-98596dbf-d2bc-43e0-89d9-80f23e01f5b9 None None] Node reference is already recorded, ignoring it {{(pid=103557) configure /opt/stack/glance/glance/image_cache/drivers/centralized_db.py:71}}
Feb 13 17:51:37 jammy-provider-cloud-0000008006 devstack@g-api.service[103558]: DEBUG glance.image_cache.drivers.centralized_db [None req-f1514522-b7f8-48fc-bdbc-9639a81a3087 None None] Node reference is already recorded, ignoring it {{(pid=103558) configure /opt/stack/glance/glance/image_cache/drivers/centralized_db.py:71}}
Feb 13 17:51:37 jammy-provider-cloud-0000008006 devstack@g-api.service[103557]: DEBUG glance.api.v2.cached_images [None req-98596dbf-d2bc-43e0-89d9-80f23e01f5b9 None None] Started cache worker thread {{(pid=103557) __init__ /opt/stack/glance/glance/api/v2/cached_images.py:69}}
Feb 13 17:51:37 jammy-provider-cloud-0000008006 devstack@g-api.service[103557]: INFO glance.image_cache [None req-98596dbf-d2bc-43e0-89d9-80f23e01f5b9 None None] Image cache loaded driver 'centralized_db'.
Feb 13 17:51:37 jammy-provider-cloud-0000008006 devstack@g-api.service[103558]: DEBUG glance.api.v2.cached_images [None req-f1514522-b7f8-48fc-bdbc-9639a81a3087 None None] Started cache worker thread {{(pid=103558) __init__ /opt/stack/glance/glance/api/v2/cached_images.py:69}}
Feb 13 17:51:37 jammy-provider-cloud-0000008006 devstack@g-api.service[103558]: INFO glance.image_cache [None req-f1514522-b7f8-48fc-bdbc-9639a81a3087 None None] Image cache loaded driver 'centralized_db'.
Feb 13 17:51:37 jammy-provider-cloud-0000008006 devstack@g-api.service[103557]: DEBUG glance.image_cache.drivers.centralized_db [None req-98596dbf-d2bc-43e0-89d9-80f23e01f5b9 None None] Node reference is already recorded, ignoring it {{(pid=103557) configure /opt/stack/glance/glance/image_cache/drivers/centralized_db.py:71}}
Feb 13 17:51:37 jammy-provider-cloud-0000008006 devstack@g-api.service[103558]: DEBUG glance.image_cache.drivers.centralized_db [None req-f1514522-b7f8-48fc-bdbc-9639a81a3087 None None] Node reference is already recorded, ignoring it {{(pid=103558) configure /opt/stack/glance/glance/image_cache/drivers/centralized_db.py:71}}
Feb 13 17:51:37 jammy-provider-cloud-0000008006 devstack@g-api.service[103557]: INFO glance.api.middleware.cache_manage [None req-98596dbf-d2bc-43e0-89d9-80f23e01f5b9 None None] Initialized image cache management middleware
Feb 13 17:51:37 jammy-provider-cloud-0000008006 devstack@g-api.service[103557]: INFO glance.image_cache [None req-98596dbf-d2bc-43e0-89d9-80f23e01f5b9 None None] Image cache loaded driver 'centralized_db'.
Feb 13 17:51:37 jammy-provider-cloud-0000008006 devstack@g-api.service[103558]: INFO glance.api.middleware.cache_manage [None req-f1514522-b7f8-48fc-bdbc-9639a81a3087 None None] Initialized image cache management middleware
Feb 13 17:51:37 jammy-provider-cloud-0000008006 devstack@g-api.service[103558]: INFO glance.image_cache [None req-f1514522-b7f8-48fc-bdbc-9639a81a3087 None None] Image cache loaded driver 'centralized_db'.
Feb 13 17:51:37 jammy-provider-cloud-0000008006 devstack@g-api.service[103557]: DEBUG glance.image_cache.drivers.centralized_db [None req-98596dbf-d2bc-43e0-89d9-80f23e01f5b9 None None] Node reference is already recorded, ignoring it {{(pid=103557) configure /opt/stack/glance/glance/image_cache/drivers/centralized_db.py:71}}
Feb 13 17:51:37 jammy-provider-cloud-0000008006 devstack@g-api.service[103558]: DEBUG glance.image_cache.drivers.centralized_db [None req-f1514522-b7f8-48fc-bdbc-9639a81a3087 None None] Node reference is already recorded, ignoring it {{(pid=103558) configure /opt/stack/glance/glance/image_cache/drivers/centralized_db.py:71}}
Feb 13 17:51:37 jammy-provider-cloud-0000008006 devstack@g-api.service[103557]: INFO glance.api.middleware.cache [None req-98596dbf-d2bc-43e0-89d9-80f23e01f5b9 None None] Initialized image cache middleware
Feb 13 17:51:37 jammy-provider-cloud-0000008006 devstack@g-api.service[103558]: INFO glance.api.middleware.cache [None req-f1514522-b7f8-48fc-bdbc-9639a81a3087 None None] Initialized image cache middleware
Feb 13 17:51:37 jammy-provider-cloud-0000008006 devstack@g-api.service[103557]: WARNING keystonemiddleware.auth_token [None req-98596dbf-d2bc-43e0-89d9-80f23e01f5b9 None None] AuthToken middleware is set with keystone_authtoken.service_token_roles_required set to False. This is backwards compatible but deprecated behaviour. Please set this to True.
Feb 13 17:51:37 jammy-provider-cloud-0000008006 devstack@g-api.service[103557]: WARNING keystonemiddleware.auth_token [None req-98596dbf-d2bc-43e0-89d9-80f23e01f5b9 None None] Configuring www_authenticate_uri to point to the public identity endpoint is required; clients may not be able to authenticate against an admin endpoint
Feb 13 17:51:37 jammy-provider-cloud-0000008006 devstack@g-api.service[103558]: WARNING keystonemiddleware.auth_token [None req-f1514522-b7f8-48fc-bdbc-9639a81a3087 None None] AuthToken middleware is set with keystone_authtoken.service_token_roles_required set to False. This is backwards compatible but deprecated behaviour. Please set this to True.
Feb 13 17:51:37 jammy-provider-cloud-0000008006 devstack@g-api.service[103557]: DEBUG glance.common.config [None req-98596dbf-d2bc-43e0-89d9-80f23e01f5b9 None None] ******************************************************************************** {{(pid=103557) log_opt_values /opt/stack/data/venv/lib/python3.10/site-packages/oslo_config/cfg.py:2804}}
Feb 13 17:51:37 jammy-provider-cloud-0000008006 devstack@g-api.service[103557]: DEBUG glance.common.config [None req-98596dbf-d2bc-43e0-89d9-80f23e01f5b9 None None] Configuration options gathered from: {{(pid=103557) log_opt_values /opt/stack/data/venv/lib/python3.10/site-packages/oslo_config/cfg.py:2805}}
Feb 13 17:51:37 jammy-provider-cloud-0000008006 devstack@g-api.service[103557]: DEBUG glance.common.config [None req-98596dbf-d2bc-43e0-89d9-80f23e01f5b9 None None] command line args: [] {{(pid=103557) log_opt_values /opt/stack/data/venv/lib/python3.10/site-packages/oslo_config/cfg.py:2806}}
Feb 13 17:51:37 jammy-provider-cloud-0000008006 devstack@g-api.service[103557]: DEBUG glance.common.config [None req-98596dbf-d2bc-43e0-89d9-80f23e01f5b9 None None] config files: ['/etc/glance/glance-image-import.conf', '/etc/glance/glance-api.conf'] {{(pid=103557) log_opt_values /opt/stack/data/venv/lib/python3.10/site-packages/oslo_config/cfg.py:2807}}
Feb 13 17:51:37 jammy-provider-cloud-0000008006 devstack@g-api.service[103557]: DEBUG glance.common.config [None req-98596dbf-d2bc-43e0-89d9-80f23e01f5b9 None None] ================================================================================ {{(pid=103557) log_opt_values /opt/stack/data/venv/lib/python3.10/site-packages/oslo_config/cfg.py:2809}}
Feb 13 17:51:37 jammy-provider-cloud-0000008006 devstack@g-api.service[103557]: DEBUG glance.common.config [None req-98596dbf-d2bc-43e0-89d9-80f23e01f5b9 None None] allow_anonymous_access         = False {{(pid=103557) log_opt_values /opt/stack/data/venv/lib/python3.10/site-packages/oslo_config/cfg.py:2817}}
Feb 13 17:51:37 jammy-provider-cloud-0000008006 devstack@g-api.service[103557]: DEBUG glance.common.config [None req-98596dbf-d2bc-43e0-89d9-80f23e01f5b9 None None] api_limit_max                  = 1000 {{(pid=103557) log_opt_values /opt/stack/data/venv/lib/python3.10/site-packages/oslo_config/cfg.py:2817}}
Feb 13 17:51:37 jammy-provider-cloud-0000008006 devstack@g-api.service[103557]: DEBUG glance.common.config [None req-98596dbf-d2bc-43e0-89d9-80f23e01f5b9 None None] backlog                        = 4096 {{(pid=103557) log_opt_values /opt/stack/data/venv/lib/python3.10/site-packages/oslo_config/cfg.py:2817}}
Feb 13 17:51:37 jammy-provider-cloud-0000008006 devstack@g-api.service[103557]: DEBUG glance.common.config [None req-98596dbf-d2bc-43e0-89d9-80f23e01f5b9 None None] bind_host                      = 0.0.0.0 {{(pid=103557) log_opt_values /opt/stack/data/venv/lib/python3.10/site-packages/oslo_config/cfg.py:2817}}
Feb 13 17:51:37 jammy-provider-cloud-0000008006 devstack@g-api.service[103557]: DEBUG glance.common.config [None req-98596dbf-d2bc-43e0-89d9-80f23e01f5b9 None None] bind_port                      = None {{(pid=103557) log_opt_values /opt/stack/data/venv/lib/python3.10/site-packages/oslo_config/cfg.py:2817}}
Feb 13 17:51:37 jammy-provider-cloud-0000008006 devstack@g-api.service[103557]: DEBUG glance.common.config [None req-98596dbf-d2bc-43e0-89d9-80f23e01f5b9 None None] client_socket_timeout          = 900 {{(pid=103557) log_opt_values /opt/stack/data/venv/lib/python3.10/site-packages/oslo_config/cfg.py:2817}}
Feb 13 17:51:37 jammy-provider-cloud-0000008006 devstack@g-api.service[103558]: WARNING keystonemiddleware.auth_token [None req-f1514522-b7f8-48fc-bdbc-9639a81a3087 None None] Configuring www_authenticate_uri to point to the public identity endpoint is required; clients may not be able to authenticate against an admin endpoint
Feb 13 17:51:37 jammy-provider-cloud-0000008006 devstack@g-api.service[103557]: DEBUG glance.common.config [None req-98596dbf-d2bc-43e0-89d9-80f23e01f5b9 None None] config_dir                     = [] {{(pid=103557) log_opt_values /opt/stack/data/venv/lib/python3.10/site-packages/oslo_config/cfg.py:2817}}
Feb 13 17:51:37 jammy-provider-cloud-0000008006 devstack@g-api.service[103557]: DEBUG glance.common.config [None req-98596dbf-d2bc-43e0-89d9-80f23e01f5b9 None None] config_file                    = ['/etc/glance/glance-image-import.conf', '/etc/glance/glance-api.conf'] {{(pid=103557) log_opt_values /opt/stack/data/venv/lib/python3.10/site-packages/oslo_config/cfg.py:2817}}
Feb 13 17:51:37 jammy-provider-cloud-0000008006 devstack@g-api.service[103557]: DEBUG glance.common.config [None req-98596dbf-d2bc-43e0-89d9-80f23e01f5b9 None None] config_source                  = [] {{(pid=103557) log_opt_values /opt/stack/data/venv/lib/python3.10/site-packages/oslo_config/cfg.py:2817}}
Feb 13 17:51:37 jammy-provider-cloud-0000008006 devstack@g-api.service[103557]: DEBUG glance.common.config [None req-98596dbf-d2bc-43e0-89d9-80f23e01f5b9 None None] control_exchange               = glance {{(pid=103557) log_opt_values /opt/stack/data/venv/lib/python3.10/site-packages/oslo_config/cfg.py:2817}}
Feb 13 17:51:37 jammy-provider-cloud-0000008006 devstack@g-api.service[103557]: DEBUG glance.common.config [None req-98596dbf-d2bc-43e0-89d9-80f23e01f5b9 None None] debug                          = True {{(pid=103557) log_opt_values /opt/stack/data/venv/lib/python3.10/site-packages/oslo_config/cfg.py:2817}}
Feb 13 17:51:37 jammy-provider-cloud-0000008006 devstack@g-api.service[103557]: DEBUG glance.common.config [None req-98596dbf-d2bc-43e0-89d9-80f23e01f5b9 None None] default_log_levels             = ['amqp=WARN', 'amqplib=WARN', 'boto=WARN', 'qpid=WARN', 'sqlalchemy=WARN', 'suds=INFO', 'oslo.messaging=INFO', 'oslo_messaging=INFO', 'iso8601=WARN', 'requests.packages.urllib3.connectionpool=WARN', 'urllib3.connectionpool=WARN', 'websocket=WARN', 'requests.packages.urllib3.util.retry=WARN', 'urllib3.util.retry=WARN', 'keystonemiddleware=WARN', 'routes.middleware=WARN', 'stevedore=WARN', 'taskflow=WARN', 'keystoneauth=WARN', 'oslo.cache=INFO', 'oslo_policy=INFO', 'dogpile.core.dogpile=INFO'] {{(pid=103557) log_opt_values /opt/stack/data/venv/lib/python3.10/site-packages/oslo_config/cfg.py:2817}}
Feb 13 17:51:37 jammy-provider-cloud-0000008006 devstack@g-api.service[103557]: DEBUG glance.common.config [None req-98596dbf-d2bc-43e0-89d9-80f23e01f5b9 None None] default_publisher_id           = image.localhost {{(pid=103557) log_opt_values /opt/stack/data/venv/lib/python3.10/site-packages/oslo_config/cfg.py:2817}}
Feb 13 17:51:37 jammy-provider-cloud-0000008006 devstack@g-api.service[103557]: DEBUG glance.common.config [None req-98596dbf-d2bc-43e0-89d9-80f23e01f5b9 None None] delayed_delete                 = False {{(pid=103557) log_opt_values /opt/stack/data/venv/lib/python3.10/site-packages/oslo_config/cfg.py:2817}}
Feb 13 17:51:37 jammy-provider-cloud-0000008006 devstack@g-api.service[103557]: DEBUG glance.common.config [None req-98596dbf-d2bc-43e0-89d9-80f23e01f5b9 None None] digest_algorithm               = sha256 {{(pid=103557) log_opt_values /opt/stack/data/venv/lib/python3.10/site-packages/oslo_config/cfg.py:2817}}
Feb 13 17:51:37 jammy-provider-cloud-0000008006 devstack@g-api.service[103557]: DEBUG glance.common.config [None req-98596dbf-d2bc-43e0-89d9-80f23e01f5b9 None None] disabled_notifications         = [] {{(pid=103557) log_opt_values /opt/stack/data/venv/lib/python3.10/site-packages/oslo_config/cfg.py:2817}}
Feb 13 17:51:37 jammy-provider-cloud-0000008006 devstack@g-api.service[103557]: DEBUG glance.common.config [None req-98596dbf-d2bc-43e0-89d9-80f23e01f5b9 None None] do_secure_hash                 = True {{(pid=103557) log_opt_values /opt/stack/data/venv/lib/python3.10/site-packages/oslo_config/cfg.py:2817}}
Feb 13 17:51:37 jammy-provider-cloud-0000008006 devstack@g-api.service[103557]: DEBUG glance.common.config [None req-98596dbf-d2bc-43e0-89d9-80f23e01f5b9 None None] enabled_backends               = None {{(pid=103557) log_opt_values /opt/stack/data/venv/lib/python3.10/site-packages/oslo_config/cfg.py:2817}}
Feb 13 17:51:37 jammy-provider-cloud-0000008006 devstack@g-api.service[103557]: DEBUG glance.common.config [None req-98596dbf-d2bc-43e0-89d9-80f23e01f5b9 None None] enabled_import_methods         = ['glance-direct', 'web-download', 'copy-image'] {{(pid=103557) log_opt_values /opt/stack/data/venv/lib/python3.10/site-packages/oslo_config/cfg.py:2817}}
Feb 13 17:51:37 jammy-provider-cloud-0000008006 devstack@g-api.service[103557]: DEBUG glance.common.config [None req-98596dbf-d2bc-43e0-89d9-80f23e01f5b9 None None] hashing_algorithm              = sha512 {{(pid=103557) log_opt_values /opt/stack/data/venv/lib/python3.10/site-packages/oslo_config/cfg.py:2817}}
Feb 13 17:51:37 jammy-provider-cloud-0000008006 devstack@g-api.service[103557]: DEBUG glance.common.config [None req-98596dbf-d2bc-43e0-89d9-80f23e01f5b9 None None] http_keepalive                 = True {{(pid=103557) log_opt_values /opt/stack/data/venv/lib/python3.10/site-packages/oslo_config/cfg.py:2817}}
Feb 13 17:51:37 jammy-provider-cloud-0000008006 devstack@g-api.service[103557]: DEBUG glance.common.config [None req-98596dbf-d2bc-43e0-89d9-80f23e01f5b9 None None] http_retries                   = 3 {{(pid=103557) log_opt_values /opt/stack/data/venv/lib/python3.10/site-packages/oslo_config/cfg.py:2817}}
Feb 13 17:51:37 jammy-provider-cloud-0000008006 devstack@g-api.service[103557]: DEBUG glance.common.config [None req-98596dbf-d2bc-43e0-89d9-80f23e01f5b9 None None] image_cache_dir                = /opt/stack/data/glance/cache/ {{(pid=103557) log_opt_values /opt/stack/data/venv/lib/python3.10/site-packages/oslo_config/cfg.py:2817}}
Feb 13 17:51:37 jammy-provider-cloud-0000008006 devstack@g-api.service[103557]: DEBUG glance.common.config [None req-98596dbf-d2bc-43e0-89d9-80f23e01f5b9 None None] image_cache_driver             = centralized_db {{(pid=103557) log_opt_values /opt/stack/data/venv/lib/python3.10/site-packages/oslo_config/cfg.py:2817}}
Feb 13 17:51:37 jammy-provider-cloud-0000008006 devstack@g-api.service[103557]: DEBUG glance.common.config [None req-98596dbf-d2bc-43e0-89d9-80f23e01f5b9 None None] image_cache_max_size           = 10737418240 {{(pid=103557) log_opt_values /opt/stack/data/venv/lib/python3.10/site-packages/oslo_config/cfg.py:2817}}
Feb 13 17:51:37 jammy-provider-cloud-0000008006 devstack@g-api.service[103557]: DEBUG glance.common.config [None req-98596dbf-d2bc-43e0-89d9-80f23e01f5b9 None None] image_cache_sqlite_db          = cache.db {{(pid=103557) log_opt_values /opt/stack/data/venv/lib/python3.10/site-packages/oslo_config/cfg.py:2817}}
Feb 13 17:51:37 jammy-provider-cloud-0000008006 devstack@g-api.service[103557]: DEBUG glance.common.config [None req-98596dbf-d2bc-43e0-89d9-80f23e01f5b9 None None] image_cache_stall_time         = 86400 {{(pid=103557) log_opt_values /opt/stack/data/venv/lib/python3.10/site-packages/oslo_config/cfg.py:2817}}
Feb 13 17:51:37 jammy-provider-cloud-0000008006 devstack@g-api.service[103557]: DEBUG glance.common.config [None req-98596dbf-d2bc-43e0-89d9-80f23e01f5b9 None None] image_location_quota           = 10 {{(pid=103557) log_opt_values /opt/stack/data/venv/lib/python3.10/site-packages/oslo_config/cfg.py:2817}}
Feb 13 17:51:37 jammy-provider-cloud-0000008006 devstack@g-api.service[103557]: DEBUG glance.common.config [None req-98596dbf-d2bc-43e0-89d9-80f23e01f5b9 None None] image_member_quota             = 128 {{(pid=103557) log_opt_values /opt/stack/data/venv/lib/python3.10/site-packages/oslo_config/cfg.py:2817}}
Feb 13 17:51:37 jammy-provider-cloud-0000008006 devstack@g-api.service[103557]: DEBUG glance.common.config [None req-98596dbf-d2bc-43e0-89d9-80f23e01f5b9 None None] image_property_quota           = 128 {{(pid=103557) log_opt_values /opt/stack/data/venv/lib/python3.10/site-packages/oslo_config/cfg.py:2817}}
Feb 13 17:51:37 jammy-provider-cloud-0000008006 devstack@g-api.service[103557]: DEBUG glance.common.config [None req-98596dbf-d2bc-43e0-89d9-80f23e01f5b9 None None] image_size_cap                 = 1099511627776 {{(pid=103557) log_opt_values /opt/stack/data/venv/lib/python3.10/site-packages/oslo_config/cfg.py:2817}}
Feb 13 17:51:37 jammy-provider-cloud-0000008006 devstack@g-api.service[103557]: DEBUG glance.common.config [None req-98596dbf-d2bc-43e0-89d9-80f23e01f5b9 None None] image_tag_quota                = 128 {{(pid=103557) log_opt_values /opt/stack/data/venv/lib/python3.10/site-packages/oslo_config/cfg.py:2817}}
Feb 13 17:51:37 jammy-provider-cloud-0000008006 devstack@g-api.service[103557]: DEBUG glance.common.config [None req-98596dbf-d2bc-43e0-89d9-80f23e01f5b9 None None] instance_format                = [instance: %(uuid)s]  {{(pid=103557) log_opt_values /opt/stack/data/venv/lib/python3.10/site-packages/oslo_config/cfg.py:2817}}
Feb 13 17:51:37 jammy-provider-cloud-0000008006 devstack@g-api.service[103557]: DEBUG glance.common.config [None req-98596dbf-d2bc-43e0-89d9-80f23e01f5b9 None None] instance_uuid_format           = [instance: %(uuid)s]  {{(pid=103557) log_opt_values /opt/stack/data/venv/lib/python3.10/site-packages/oslo_config/cfg.py:2817}}
Feb 13 17:51:37 jammy-provider-cloud-0000008006 devstack@g-api.service[103557]: DEBUG glance.common.config [None req-98596dbf-d2bc-43e0-89d9-80f23e01f5b9 None None] limit_param_default            = 25 {{(pid=103557) log_opt_values /opt/stack/data/venv/lib/python3.10/site-packages/oslo_config/cfg.py:2817}}
Feb 13 17:51:37 jammy-provider-cloud-0000008006 devstack@g-api.service[103557]: DEBUG glance.common.config [None req-98596dbf-d2bc-43e0-89d9-80f23e01f5b9 None None] log_color                      = True {{(pid=103557) log_opt_values /opt/stack/data/venv/lib/python3.10/site-packages/oslo_config/cfg.py:2817}}
Feb 13 17:51:37 jammy-provider-cloud-0000008006 devstack@g-api.service[103558]: DEBUG glance.common.config [None req-f1514522-b7f8-48fc-bdbc-9639a81a3087 None None] ******************************************************************************** {{(pid=103558) log_opt_values /opt/stack/data/venv/lib/python3.10/site-packages/oslo_config/cfg.py:2804}}
Feb 13 17:51:37 jammy-provider-cloud-0000008006 devstack@g-api.service[103557]: DEBUG glance.common.config [None req-98596dbf-d2bc-43e0-89d9-80f23e01f5b9 None None] log_config_append              = None {{(pid=103557) log_opt_values /opt/stack/data/venv/lib/python3.10/site-packages/oslo_config/cfg.py:2817}}
Feb 13 17:51:37 jammy-provider-cloud-0000008006 devstack@g-api.service[103558]: DEBUG glance.common.config [None req-f1514522-b7f8-48fc-bdbc-9639a81a3087 None None] Configuration options gathered from: {{(pid=103558) log_opt_values /opt/stack/data/venv/lib/python3.10/site-packages/oslo_config/cfg.py:2805}}
Feb 13 17:51:37 jammy-provider-cloud-0000008006 devstack@g-api.service[103557]: DEBUG glance.common.config [None req-98596dbf-d2bc-43e0-89d9-80f23e01f5b9 None None] log_date_format                = %Y-%m-%d %H:%M:%S {{(pid=103557) log_opt_values /opt/stack/data/venv/lib/python3.10/site-packages/oslo_config/cfg.py:2817}}
Feb 13 17:51:37 jammy-provider-cloud-0000008006 devstack@g-api.service[103557]: DEBUG glance.common.config [None req-98596dbf-d2bc-43e0-89d9-80f23e01f5b9 None None] log_dir                        = None {{(pid=103557) log_opt_values /opt/stack/data/venv/lib/python3.10/site-packages/oslo_config/cfg.py:2817}}
Feb 13 17:51:37 jammy-provider-cloud-0000008006 devstack@g-api.service[103557]: DEBUG glance.common.config [None req-98596dbf-d2bc-43e0-89d9-80f23e01f5b9 None None] log_file                       = None {{(pid=103557) log_opt_values /opt/stack/data/venv/lib/python3.10/site-packages/oslo_config/cfg.py:2817}}
Feb 13 17:51:37 jammy-provider-cloud-0000008006 devstack@g-api.service[103558]: DEBUG glance.common.config [None req-f1514522-b7f8-48fc-bdbc-9639a81a3087 None None] command line args: [] {{(pid=103558) log_opt_values /opt/stack/data/venv/lib/python3.10/site-packages/oslo_config/cfg.py:2806}}
Feb 13 17:51:37 jammy-provider-cloud-0000008006 devstack@g-api.service[103557]: DEBUG glance.common.config [None req-98596dbf-d2bc-43e0-89d9-80f23e01f5b9 None None] log_rotate_interval            = 1 {{(pid=103557) log_opt_values /opt/stack/data/venv/lib/python3.10/site-packages/oslo_config/cfg.py:2817}}
Feb 13 17:51:37 jammy-provider-cloud-0000008006 devstack@g-api.service[103558]: DEBUG glance.common.config [None req-f1514522-b7f8-48fc-bdbc-9639a81a3087 None None] config files: ['/etc/glance/glance-image-import.conf', '/etc/glance/glance-api.conf'] {{(pid=103558) log_opt_values /opt/stack/data/venv/lib/python3.10/site-packages/oslo_config/cfg.py:2807}}
