May 25 07:30:52 ubuntu devstack@keystone.service[69480]: DEBUG keystone.common.rbac_enforcer.enforcer [None req-77532553-8124-4db6-9477-6bb96ed6208b None admin] RBAC: Authorizing `identity:list_domains()` {{(pid=69480) enforce_call /opt/stack/keystone/keystone/common/rbac_enforcer/enforcer.py:494}}
May 25 07:30:52 ubuntu devstack@keystone.service[69480]: DEBUG keystone.common.rbac_enforcer.enforcer [None req-77532553-8124-4db6-9477-6bb96ed6208b None admin] RBAC: Authorization granted {{(pid=69480) enforce_call /opt/stack/keystone/keystone/common/rbac_enforcer/enforcer.py:505}}
May 25 07:30:52 ubuntu devstack@keystone.service[69480]: [pid: 69480|app: 0|req: 11/21] 10.120.125.137 () {58 vars in 1190 bytes} [Mon May 25 07:30:52 2026] GET /identity/v3/domains?name=Default => generated 310 bytes in 85 msecs (HTTP/1.1 200) 5 headers in 177 bytes (1 switches on core 0)
May 25 07:30:52 ubuntu devstack@keystone.service[69479]: [pid: 69479|app: 0|req: 11/22] 10.120.125.137 () {60 vars in 1429 bytes} [Mon May 25 07:30:52 2026] PUT /identity/v3/domains/default/users/9e495c6f62b4450f82d7f65c4b86f0c7/roles/854f06d1dbf74962bbe6b21b83405276 => generated 0 bytes in 152 msecs (HTTP/1.1 204) 3 headers in 132 bytes (0 switches on core 0)
May 25 07:30:54 ubuntu devstack@keystone.service[69480]: DEBUG keystone.server.flask.request_processing.req_logging [None req-2f07ac0a-8f71-4be6-b45a-d350a528bca4 None None] REQUEST_METHOD: `GET` {{(pid=69480) log_request_info /opt/stack/keystone/keystone/server/flask/request_processing/req_logging.py:26}}
May 25 07:30:54 ubuntu devstack@keystone.service[69480]: DEBUG keystone.server.flask.request_processing.req_logging [None req-2f07ac0a-8f71-4be6-b45a-d350a528bca4 None None] SCRIPT_NAME: `/identity` {{(pid=69480) log_request_info /opt/stack/keystone/keystone/server/flask/request_processing/req_logging.py:27}}
May 25 07:30:54 ubuntu devstack@keystone.service[69480]: DEBUG keystone.server.flask.request_processing.req_logging [None req-2f07ac0a-8f71-4be6-b45a-d350a528bca4 None None] PATH_INFO: `/` {{(pid=69480) log_request_info /opt/stack/keystone/keystone/server/flask/request_processing/req_logging.py:28}}
May 25 07:30:54 ubuntu devstack@keystone.service[69480]: [pid: 69480|app: 0|req: 12/23] 10.120.125.137 () {56 vars in 951 bytes} [Mon May 25 07:30:54 2026] GET /identity => generated 271 bytes in 2 msecs (HTTP/1.1 300) 6 headers in 235 bytes (1 switches on core 0)
May 25 07:30:54 ubuntu devstack@keystone.service[69479]: DEBUG keystone.server.flask.request_processing.req_logging [None req-4fe32fc3-db11-4ee9-9bd0-4cff0b4eb85d None None] REQUEST_METHOD: `GET` {{(pid=69479) log_request_info /opt/stack/keystone/keystone/server/flask/request_processing/req_logging.py:26}}
May 25 07:30:54 ubuntu devstack@keystone.service[69479]: DEBUG keystone.server.flask.request_processing.req_logging [None req-4fe32fc3-db11-4ee9-9bd0-4cff0b4eb85d None None] SCRIPT_NAME: `/identity` {{(pid=69479) log_request_info /opt/stack/keystone/keystone/server/flask/request_processing/req_logging.py:27}}
May 25 07:30:54 ubuntu devstack@keystone.service[69479]: DEBUG keystone.server.flask.request_processing.req_logging [None req-4fe32fc3-db11-4ee9-9bd0-4cff0b4eb85d None None] PATH_INFO: `/` {{(pid=69479) log_request_info /opt/stack/keystone/keystone/server/flask/request_processing/req_logging.py:28}}
May 25 07:30:54 ubuntu devstack@keystone.service[69479]: [pid: 69479|app: 0|req: 12/24] 10.120.125.137 () {56 vars in 950 bytes} [Mon May 25 07:30:54 2026] GET /identity => generated 271 bytes in 2 msecs (HTTP/1.1 300) 6 headers in 235 bytes (1 switches on core 0)
May 25 07:30:54 ubuntu devstack@keystone.service[69480]: DEBUG keystone.server.flask.request_processing.req_logging [None req-f2302b83-fc24-4778-b3ed-c3ca04beaef0 None None] REQUEST_METHOD: `GET` {{(pid=69480) log_request_info /opt/stack/keystone/keystone/server/flask/request_processing/req_logging.py:26}}
May 25 07:30:54 ubuntu devstack@keystone.service[69480]: DEBUG keystone.server.flask.request_processing.req_logging [None req-f2302b83-fc24-4778-b3ed-c3ca04beaef0 None None] SCRIPT_NAME: `/identity` {{(pid=69480) log_request_info /opt/stack/keystone/keystone/server/flask/request_processing/req_logging.py:27}}
May 25 07:30:54 ubuntu devstack@keystone.service[69480]: DEBUG keystone.server.flask.request_processing.req_logging [None req-f2302b83-fc24-4778-b3ed-c3ca04beaef0 None None] PATH_INFO: `/` {{(pid=69480) log_request_info /opt/stack/keystone/keystone/server/flask/request_processing/req_logging.py:28}}
May 25 07:30:54 ubuntu devstack@keystone.service[69480]: [pid: 69480|app: 0|req: 13/25] 10.120.125.137 () {56 vars in 951 bytes} [Mon May 25 07:30:54 2026] GET /identity => generated 271 bytes in 2 msecs (HTTP/1.1 300) 6 headers in 235 bytes (2 switches on core 0)
May 25 07:30:54 ubuntu devstack@keystone.service[69479]: DEBUG keystone.server.flask.request_processing.req_logging [None req-aa0633f1-cb59-4d38-bf42-2ccaef0a347d None None] REQUEST_METHOD: `POST` {{(pid=69479) log_request_info /opt/stack/keystone/keystone/server/flask/request_processing/req_logging.py:26}}
May 25 07:30:54 ubuntu devstack@keystone.service[69479]: DEBUG keystone.server.flask.request_processing.req_logging [None req-aa0633f1-cb59-4d38-bf42-2ccaef0a347d None None] SCRIPT_NAME: `/identity` {{(pid=69479) log_request_info /opt/stack/keystone/keystone/server/flask/request_processing/req_logging.py:27}}
May 25 07:30:54 ubuntu devstack@keystone.service[69479]: DEBUG keystone.server.flask.request_processing.req_logging [None req-aa0633f1-cb59-4d38-bf42-2ccaef0a347d None None] PATH_INFO: `/v3/auth/tokens` {{(pid=69479) log_request_info /opt/stack/keystone/keystone/server/flask/request_processing/req_logging.py:28}}
May 25 07:30:54 ubuntu devstack@keystone.service[69479]: WARNING keystone.common.password_hashing [None req-aa0633f1-cb59-4d38-bf42-2ccaef0a347d None None] Truncating password to algorithm specific maximum length 72 characters.
May 25 07:30:54 ubuntu devstack@keystone.service[69479]: DEBUG keystone.auth.core [None req-aa0633f1-cb59-4d38-bf42-2ccaef0a347d None None] MFA Rules not processed for user `9e495c6f62b4450f82d7f65c4b86f0c7`. Rule list: `[]` (Enabled: `True`). {{(pid=69479) check_auth_methods_against_rules /opt/stack/keystone/keystone/auth/core.py:476}}
May 25 07:30:54 ubuntu devstack@keystone.service[69479]: DEBUG keystone.common.fernet_utils [None req-aa0633f1-cb59-4d38-bf42-2ccaef0a347d None None] Loaded 2 Fernet keys from /etc/keystone/fernet-keys/, but `[fernet_tokens] max_active_keys = 3`; perhaps there have not been enough key rotations to reach `max_active_keys` yet? {{(pid=69479) load_keys /opt/stack/keystone/keystone/common/fernet_utils.py:297}}
May 25 07:30:54 ubuntu devstack@keystone.service[69479]: [pid: 69479|app: 0|req: 13/26] 10.120.125.137 () {60 vars in 1048 bytes} [Mon May 25 07:30:54 2026] POST /identity/v3/auth/tokens => generated 863 bytes in 68 msecs (HTTP/1.1 201) 6 headers in 363 bytes (1 switches on core 0)
May 25 07:30:54 ubuntu devstack@keystone.service[69480]: DEBUG keystone.server.flask.request_processing.req_logging [None req-9ed5ba38-2535-4e19-b5fa-7382cd3949b0 None None] REQUEST_METHOD: `POST` {{(pid=69480) log_request_info /opt/stack/keystone/keystone/server/flask/request_processing/req_logging.py:26}}
May 25 07:30:54 ubuntu devstack@keystone.service[69480]: DEBUG keystone.server.flask.request_processing.req_logging [None req-9ed5ba38-2535-4e19-b5fa-7382cd3949b0 None None] SCRIPT_NAME: `/identity` {{(pid=69480) log_request_info /opt/stack/keystone/keystone/server/flask/request_processing/req_logging.py:27}}
May 25 07:30:54 ubuntu devstack@keystone.service[69480]: DEBUG keystone.server.flask.request_processing.req_logging [None req-9ed5ba38-2535-4e19-b5fa-7382cd3949b0 None None] PATH_INFO: `/v3/auth/tokens` {{(pid=69480) log_request_info /opt/stack/keystone/keystone/server/flask/request_processing/req_logging.py:28}}
May 25 07:30:54 ubuntu devstack@keystone.service[69480]: WARNING keystone.common.password_hashing [None req-9ed5ba38-2535-4e19-b5fa-7382cd3949b0 None None] Truncating password to algorithm specific maximum length 72 characters.
May 25 07:30:54 ubuntu devstack@keystone.service[69480]: DEBUG keystone.auth.core [None req-9ed5ba38-2535-4e19-b5fa-7382cd3949b0 None None] MFA Rules not processed for user `9e495c6f62b4450f82d7f65c4b86f0c7`. Rule list: `[]` (Enabled: `True`). {{(pid=69480) check_auth_methods_against_rules /opt/stack/keystone/keystone/auth/core.py:476}}
May 25 07:30:54 ubuntu devstack@keystone.service[69480]: DEBUG keystone.common.fernet_utils [None req-9ed5ba38-2535-4e19-b5fa-7382cd3949b0 None None] Loaded 2 Fernet keys from /etc/keystone/fernet-keys/, but `[fernet_tokens] max_active_keys = 3`; perhaps there have not been enough key rotations to reach `max_active_keys` yet? {{(pid=69480) load_keys /opt/stack/keystone/keystone/common/fernet_utils.py:297}}
May 25 07:30:54 ubuntu devstack@keystone.service[69479]: DEBUG keystone.server.flask.request_processing.req_logging [None req-622861fe-8a2c-49a3-92ca-449ff5db44a2 None None] REQUEST_METHOD: `GET` {{(pid=69479) log_request_info /opt/stack/keystone/keystone/server/flask/request_processing/req_logging.py:26}}
May 25 07:30:54 ubuntu devstack@keystone.service[69479]: DEBUG keystone.server.flask.request_processing.req_logging [None req-622861fe-8a2c-49a3-92ca-449ff5db44a2 None None] SCRIPT_NAME: `/identity` {{(pid=69479) log_request_info /opt/stack/keystone/keystone/server/flask/request_processing/req_logging.py:27}}
May 25 07:30:54 ubuntu devstack@keystone.service[69479]: DEBUG keystone.server.flask.request_processing.req_logging [None req-622861fe-8a2c-49a3-92ca-449ff5db44a2 None None] PATH_INFO: `/` {{(pid=69479) log_request_info /opt/stack/keystone/keystone/server/flask/request_processing/req_logging.py:28}}
May 25 07:30:54 ubuntu devstack@keystone.service[69479]: [pid: 69479|app: 0|req: 14/27] 10.120.125.137 () {56 vars in 951 bytes} [Mon May 25 07:30:54 2026] GET /identity => generated 271 bytes in 2 msecs (HTTP/1.1 300) 6 headers in 235 bytes (1 switches on core 0)
May 25 07:30:55 ubuntu devstack@keystone.service[69480]: [pid: 69480|app: 0|req: 14/28] 10.120.125.137 () {60 vars in 1048 bytes} [Mon May 25 07:30:54 2026] POST /identity/v3/auth/tokens => generated 863 bytes in 60 msecs (HTTP/1.1 201) 6 headers in 363 bytes (1 switches on core 0)
May 25 07:30:55 ubuntu devstack@keystone.service[69479]: DEBUG keystone.server.flask.request_processing.req_logging [None req-992cef58-29bf-416e-b536-06c2a4522bcf None None] REQUEST_METHOD: `POST` {{(pid=69479) log_request_info /opt/stack/keystone/keystone/server/flask/request_processing/req_logging.py:26}}
May 25 07:30:55 ubuntu devstack@keystone.service[69479]: DEBUG keystone.server.flask.request_processing.req_logging [None req-992cef58-29bf-416e-b536-06c2a4522bcf None None] SCRIPT_NAME: `/identity` {{(pid=69479) log_request_info /opt/stack/keystone/keystone/server/flask/request_processing/req_logging.py:27}}
May 25 07:30:55 ubuntu devstack@keystone.service[69479]: DEBUG keystone.server.flask.request_processing.req_logging [None req-992cef58-29bf-416e-b536-06c2a4522bcf None None] PATH_INFO: `/v3/auth/tokens` {{(pid=69479) log_request_info /opt/stack/keystone/keystone/server/flask/request_processing/req_logging.py:28}}
May 25 07:30:55 ubuntu devstack@keystone.service[69479]: WARNING keystone.common.password_hashing [None req-992cef58-29bf-416e-b536-06c2a4522bcf None None] Truncating password to algorithm specific maximum length 72 characters.
May 25 07:30:55 ubuntu devstack@keystone.service[69479]: DEBUG keystone.auth.core [None req-992cef58-29bf-416e-b536-06c2a4522bcf None None] MFA Rules not processed for user `9e495c6f62b4450f82d7f65c4b86f0c7`. Rule list: `[]` (Enabled: `True`). {{(pid=69479) check_auth_methods_against_rules /opt/stack/keystone/keystone/auth/core.py:476}}
May 25 07:30:55 ubuntu devstack@keystone.service[69479]: DEBUG keystone.common.fernet_utils [None req-992cef58-29bf-416e-b536-06c2a4522bcf None None] Loaded 2 Fernet keys from /etc/keystone/fernet-keys/, but `[fernet_tokens] max_active_keys = 3`; perhaps there have not been enough key rotations to reach `max_active_keys` yet? {{(pid=69479) load_keys /opt/stack/keystone/keystone/common/fernet_utils.py:297}}
May 25 07:30:55 ubuntu devstack@keystone.service[69479]: [pid: 69479|app: 0|req: 15/29] 10.120.125.137 () {60 vars in 1048 bytes} [Mon May 25 07:30:55 2026] POST /identity/v3/auth/tokens => generated 863 bytes in 71 msecs (HTTP/1.1 201) 6 headers in 363 bytes (1 switches on core 0)
May 25 07:30:55 ubuntu devstack@keystone.service[69480]: DEBUG keystone.server.flask.request_processing.req_logging [None req-424602ec-3469-4509-bce9-6e69825789e6 None None] REQUEST_METHOD: `POST` {{(pid=69480) log_request_info /opt/stack/keystone/keystone/server/flask/request_processing/req_logging.py:26}}
May 25 07:30:55 ubuntu devstack@keystone.service[69480]: DEBUG keystone.server.flask.request_processing.req_logging [None req-424602ec-3469-4509-bce9-6e69825789e6 None None] SCRIPT_NAME: `/identity` {{(pid=69480) log_request_info /opt/stack/keystone/keystone/server/flask/request_processing/req_logging.py:27}}
May 25 07:30:55 ubuntu devstack@keystone.service[69480]: DEBUG keystone.server.flask.request_processing.req_logging [None req-424602ec-3469-4509-bce9-6e69825789e6 None None] PATH_INFO: `/v3/auth/tokens` {{(pid=69480) log_request_info /opt/stack/keystone/keystone/server/flask/request_processing/req_logging.py:28}}
May 25 07:30:55 ubuntu devstack@keystone.service[69480]: WARNING keystone.common.password_hashing [None req-424602ec-3469-4509-bce9-6e69825789e6 None None] Truncating password to algorithm specific maximum length 72 characters.
May 25 07:30:55 ubuntu devstack@keystone.service[69479]: DEBUG keystone.server.flask.request_processing.req_logging [None req-bf3cb35e-0686-4ab6-8d0f-d56dd7708af7 None None] REQUEST_METHOD: `GET` {{(pid=69479) log_request_info /opt/stack/keystone/keystone/server/flask/request_processing/req_logging.py:26}}
May 25 07:30:55 ubuntu devstack@keystone.service[69479]: DEBUG keystone.server.flask.request_processing.req_logging [None req-bf3cb35e-0686-4ab6-8d0f-d56dd7708af7 None None] SCRIPT_NAME: `/identity` {{(pid=69479) log_request_info /opt/stack/keystone/keystone/server/flask/request_processing/req_logging.py:27}}
May 25 07:30:55 ubuntu devstack@keystone.service[69479]: DEBUG keystone.server.flask.request_processing.req_logging [None req-bf3cb35e-0686-4ab6-8d0f-d56dd7708af7 None None] PATH_INFO: `/` {{(pid=69479) log_request_info /opt/stack/keystone/keystone/server/flask/request_processing/req_logging.py:28}}
May 25 07:30:55 ubuntu devstack@keystone.service[69479]: [pid: 69479|app: 0|req: 16/30] 10.120.125.137 () {56 vars in 950 bytes} [Mon May 25 07:30:55 2026] GET /identity => generated 271 bytes in 1 msecs (HTTP/1.1 300) 6 headers in 235 bytes (1 switches on core 0)
May 25 07:30:55 ubuntu devstack@keystone.service[69480]: DEBUG keystone.auth.core [None req-424602ec-3469-4509-bce9-6e69825789e6 None None] MFA Rules not processed for user `9e495c6f62b4450f82d7f65c4b86f0c7`. Rule list: `[]` (Enabled: `True`). {{(pid=69480) check_auth_methods_against_rules /opt/stack/keystone/keystone/auth/core.py:476}}
May 25 07:30:55 ubuntu devstack@keystone.service[69480]: DEBUG keystone.common.fernet_utils [None req-424602ec-3469-4509-bce9-6e69825789e6 None None] Loaded 2 Fernet keys from /etc/keystone/fernet-keys/, but `[fernet_tokens] max_active_keys = 3`; perhaps there have not been enough key rotations to reach `max_active_keys` yet? {{(pid=69480) load_keys /opt/stack/keystone/keystone/common/fernet_utils.py:297}}
May 25 07:30:55 ubuntu devstack@keystone.service[69480]: [pid: 69480|app: 0|req: 15/31] 10.120.125.137 () {60 vars in 1047 bytes} [Mon May 25 07:30:55 2026] POST /identity/v3/auth/tokens => generated 863 bytes in 68 msecs (HTTP/1.1 201) 6 headers in 363 bytes (1 switches on core 0)
May 25 07:30:55 ubuntu devstack@keystone.service[69480]: DEBUG keystone.server.flask.request_processing.middleware.auth_context [None req-424602ec-3469-4509-bce9-6e69825789e6 None None] Authenticating user token {{(pid=69480) process_request /opt/stack/data/venv/lib/python3.12/site-packages/keystonemiddleware/auth_token/__init__.py:406}}
May 25 07:30:55 ubuntu devstack@keystone.service[69479]: DEBUG keystone.server.flask.request_processing.req_logging [None req-e6cc727a-597d-46e6-bda1-770eee30b19c None None] REQUEST_METHOD: `POST` {{(pid=69479) log_request_info /opt/stack/keystone/keystone/server/flask/request_processing/req_logging.py:26}}
May 25 07:30:55 ubuntu devstack@keystone.service[69479]: DEBUG keystone.server.flask.request_processing.req_logging [None req-e6cc727a-597d-46e6-bda1-770eee30b19c None None] SCRIPT_NAME: `/identity` {{(pid=69479) log_request_info /opt/stack/keystone/keystone/server/flask/request_processing/req_logging.py:27}}
May 25 07:30:55 ubuntu devstack@keystone.service[69479]: DEBUG keystone.server.flask.request_processing.req_logging [None req-e6cc727a-597d-46e6-bda1-770eee30b19c None None] PATH_INFO: `/v3/auth/tokens` {{(pid=69479) log_request_info /opt/stack/keystone/keystone/server/flask/request_processing/req_logging.py:28}}
May 25 07:30:55 ubuntu devstack@keystone.service[69479]: WARNING keystone.common.password_hashing [None req-e6cc727a-597d-46e6-bda1-770eee30b19c None None] Truncating password to algorithm specific maximum length 72 characters.
May 25 07:30:55 ubuntu devstack@keystone.service[69479]: DEBUG keystone.auth.core [None req-e6cc727a-597d-46e6-bda1-770eee30b19c None None] MFA Rules not processed for user `9e495c6f62b4450f82d7f65c4b86f0c7`. Rule list: `[]` (Enabled: `True`). {{(pid=69479) check_auth_methods_against_rules /opt/stack/keystone/keystone/auth/core.py:476}}
May 25 07:30:55 ubuntu devstack@keystone.service[69479]: DEBUG keystone.common.fernet_utils [None req-e6cc727a-597d-46e6-bda1-770eee30b19c None None] Loaded 2 Fernet keys from /etc/keystone/fernet-keys/, but `[fernet_tokens] max_active_keys = 3`; perhaps there have not been enough key rotations to reach `max_active_keys` yet? {{(pid=69479) load_keys /opt/stack/keystone/keystone/common/fernet_utils.py:297}}
May 25 07:30:55 ubuntu devstack@keystone.service[69480]: DEBUG keystone.server.flask.request_processing.middleware.auth_context [None req-424602ec-3469-4509-bce9-6e69825789e6 None None] Validating token access rules against request {{(pid=69480) validate_allowed_request /opt/stack/data/venv/lib/python3.12/site-packages/keystonemiddleware/auth_token/__init__.py:544}}
May 25 07:30:55 ubuntu devstack@keystone.service[69479]: [pid: 69479|app: 0|req: 17/32] 10.120.125.137 () {60 vars in 1048 bytes} [Mon May 25 07:30:55 2026] POST /identity/v3/auth/tokens => generated 863 bytes in 98 msecs (HTTP/1.1 201) 6 headers in 363 bytes (1 switches on core 0)
May 25 07:30:55 ubuntu devstack@keystone.service[69480]: DEBUG keystone.server.flask.request_processing.middleware.auth_context [None req-06c16ea2-d641-41b3-a4b6-539dc6045b49 None admin] RBAC: auth_context: {'token': <TokenModel (audit_id=uoWU73RGS4-0UkX0sqKDEg, audit_chain_id=['uoWU73RGS4-0UkX0sqKDEg']) at 0x7212ee170770>, 'domain_id': None, 'trust_id': None, 'trustor_id': None, 'trustee_id': None, 'domain_name': None, 'group_ids': [], 'user_id': '9e495c6f62b4450f82d7f65c4b86f0c7', 'user_domain_id': 'default', 'system_scope': 'all', 'project_id': None, 'project_domain_id': None, 'roles': ['admin', 'manager', 'member', 'reader'], 'is_admin_project': True, 'service_user_id': None, 'service_user_domain_id': None, 'service_project_id': None, 'service_project_domain_id': None, 'service_roles': []} {{(pid=69480) fill_context /opt/stack/keystone/keystone/server/flask/request_processing/middleware/auth_context.py:509}}
May 25 07:30:55 ubuntu devstack@keystone.service[69480]: DEBUG keystone.server.flask.request_processing.req_logging [None req-06c16ea2-d641-41b3-a4b6-539dc6045b49 None admin] REQUEST_METHOD: `GET` {{(pid=69480) log_request_info /opt/stack/keystone/keystone/server/flask/request_processing/req_logging.py:26}}
May 25 07:30:55 ubuntu devstack@keystone.service[69480]: DEBUG keystone.server.flask.request_processing.req_logging [None req-06c16ea2-d641-41b3-a4b6-539dc6045b49 None admin] SCRIPT_NAME: `/identity` {{(pid=69480) log_request_info /opt/stack/keystone/keystone/server/flask/request_processing/req_logging.py:27}}
May 25 07:30:55 ubuntu devstack@keystone.service[69480]: DEBUG keystone.server.flask.request_processing.req_logging [None req-06c16ea2-d641-41b3-a4b6-539dc6045b49 None admin] PATH_INFO: `/v3/domains/Default` {{(pid=69480) log_request_info /opt/stack/keystone/keystone/server/flask/request_processing/req_logging.py:28}}
May 25 07:30:55 ubuntu devstack@keystone.service[69480]: DEBUG keystone.common.rbac_enforcer.enforcer [None req-06c16ea2-d641-41b3-a4b6-539dc6045b49 None admin] RBAC: Authorizing `identity:get_domain(domain_id=Default)` {{(pid=69480) enforce_call /opt/stack/keystone/keystone/common/rbac_enforcer/enforcer.py:494}}
May 25 07:30:55 ubuntu devstack@keystone.service[69480]: DEBUG keystone.common.rbac_enforcer.enforcer [None req-06c16ea2-d641-41b3-a4b6-539dc6045b49 None admin] RBAC: Authorization granted {{(pid=69480) enforce_call /opt/stack/keystone/keystone/common/rbac_enforcer/enforcer.py:505}}
May 25 07:30:55 ubuntu devstack@keystone.service[69479]: DEBUG keystone.server.flask.request_processing.middleware.auth_context [None req-e6cc727a-597d-46e6-bda1-770eee30b19c None None] Authenticating user token {{(pid=69479) process_request /opt/stack/data/venv/lib/python3.12/site-packages/keystonemiddleware/auth_token/__init__.py:406}}
May 25 07:30:55 ubuntu devstack@keystone.service[69480]: DEBUG keystone.server.flask.application [None req-06c16ea2-d641-41b3-a4b6-539dc6045b49 None admin] Could not find domain: Default. {{(pid=69480) _handle_keystone_exception /opt/stack/keystone/keystone/server/flask/application.py:146}}
May 25 07:30:55 ubuntu devstack@keystone.service[69480]: [pid: 69480|app: 0|req: 16/33] 10.120.125.137 () {58 vars in 1176 bytes} [Mon May 25 07:30:55 2026] GET /identity/v3/domains/Default => generated 87 bytes in 123 msecs (HTTP/1.1 404) 5 headers in 183 bytes (1 switches on core 0)
May 25 07:30:55 ubuntu devstack@keystone.service[69479]: DEBUG keystone.server.flask.request_processing.middleware.auth_context [None req-e6cc727a-597d-46e6-bda1-770eee30b19c None None] Validating token access rules against request {{(pid=69479) validate_allowed_request /opt/stack/data/venv/lib/python3.12/site-packages/keystonemiddleware/auth_token/__init__.py:544}}
May 25 07:30:55 ubuntu devstack@keystone.service[69480]: DEBUG keystone.server.flask.request_processing.middleware.auth_context [None req-06c16ea2-d641-41b3-a4b6-539dc6045b49 None admin] Authenticating user token {{(pid=69480) process_request /opt/stack/data/venv/lib/python3.12/site-packages/keystonemiddleware/auth_token/__init__.py:406}}
May 25 07:30:55 ubuntu devstack@keystone.service[69479]: DEBUG keystone.server.flask.request_processing.middleware.auth_context [None req-1dcc9d7b-c22a-47a7-bb4f-abe6511f3e16 None admin] RBAC: auth_context: {'token': <TokenModel (audit_id=JSKf8qqhQlO-94Z-GNDmmA, audit_chain_id=['JSKf8qqhQlO-94Z-GNDmmA']) at 0x7212ee5df050>, 'domain_id': None, 'trust_id': None, 'trustor_id': None, 'trustee_id': None, 'domain_name': None, 'group_ids': [], 'user_id': '9e495c6f62b4450f82d7f65c4b86f0c7', 'user_domain_id': 'default', 'system_scope': 'all', 'project_id': None, 'project_domain_id': None, 'roles': ['admin', 'manager', 'member', 'reader'], 'is_admin_project': True, 'service_user_id': None, 'service_user_domain_id': None, 'service_project_id': None, 'service_project_domain_id': None, 'service_roles': []} {{(pid=69479) fill_context /opt/stack/keystone/keystone/server/flask/request_processing/middleware/auth_context.py:509}}
May 25 07:30:55 ubuntu devstack@keystone.service[69479]: DEBUG keystone.server.flask.request_processing.req_logging [None req-1dcc9d7b-c22a-47a7-bb4f-abe6511f3e16 None admin] REQUEST_METHOD: `GET` {{(pid=69479) log_request_info /opt/stack/keystone/keystone/server/flask/request_processing/req_logging.py:26}}
May 25 07:30:55 ubuntu devstack@keystone.service[69479]: DEBUG keystone.server.flask.request_processing.req_logging [None req-1dcc9d7b-c22a-47a7-bb4f-abe6511f3e16 None admin] SCRIPT_NAME: `/identity` {{(pid=69479) log_request_info /opt/stack/keystone/keystone/server/flask/request_processing/req_logging.py:27}}
May 25 07:30:55 ubuntu devstack@keystone.service[69479]: DEBUG keystone.server.flask.request_processing.req_logging [None req-1dcc9d7b-c22a-47a7-bb4f-abe6511f3e16 None admin] PATH_INFO: `/v3/roles/admin` {{(pid=69479) log_request_info /opt/stack/keystone/keystone/server/flask/request_processing/req_logging.py:28}}
May 25 07:30:55 ubuntu devstack@keystone.service[69479]: DEBUG keystone.common.rbac_enforcer.enforcer [None req-1dcc9d7b-c22a-47a7-bb4f-abe6511f3e16 None admin] Extracting inferred target data resulted in "NOT FOUND (404)". {{(pid=69479) enforce_call /opt/stack/keystone/keystone/common/rbac_enforcer/enforcer.py:445}}
May 25 07:30:55 ubuntu devstack@keystone.service[69479]: DEBUG keystone.server.flask.application [None req-1dcc9d7b-c22a-47a7-bb4f-abe6511f3e16 None admin] Could not find role: admin. {{(pid=69479) _handle_keystone_exception /opt/stack/keystone/keystone/server/flask/application.py:146}}
May 25 07:30:55 ubuntu devstack@keystone.service[69479]: [pid: 69479|app: 0|req: 18/34] 10.120.125.137 () {58 vars in 1164 bytes} [Mon May 25 07:30:55 2026] GET /identity/v3/roles/admin => generated 83 bytes in 78 msecs (HTTP/1.1 404) 5 headers in 183 bytes (1 switches on core 0)
May 25 07:30:55 ubuntu devstack@keystone.service[69480]: DEBUG keystone.server.flask.request_processing.middleware.auth_context [None req-06c16ea2-d641-41b3-a4b6-539dc6045b49 None admin] Validating token access rules against request {{(pid=69480) validate_allowed_request /opt/stack/data/venv/lib/python3.12/site-packages/keystonemiddleware/auth_token/__init__.py:544}}
May 25 07:30:55 ubuntu devstack@keystone.service[69479]: DEBUG keystone.server.flask.request_processing.middleware.auth_context [None req-1dcc9d7b-c22a-47a7-bb4f-abe6511f3e16 None admin] Authenticating user token {{(pid=69479) process_request /opt/stack/data/venv/lib/python3.12/site-packages/keystonemiddleware/auth_token/__init__.py:406}}
May 25 07:30:55 ubuntu devstack@keystone.service[69480]: DEBUG keystone.server.flask.request_processing.middleware.auth_context [None req-0ca9388d-33f3-4e80-9be7-5e3ebd78015e None admin] RBAC: auth_context: {'token': <TokenModel (audit_id=uoWU73RGS4-0UkX0sqKDEg, audit_chain_id=['uoWU73RGS4-0UkX0sqKDEg']) at 0x7212ee4eb4d0>, 'domain_id': None, 'trust_id': None, 'trustor_id': None, 'trustee_id': None, 'domain_name': None, 'group_ids': [], 'user_id': '9e495c6f62b4450f82d7f65c4b86f0c7', 'user_domain_id': 'default', 'system_scope': 'all', 'project_id': None, 'project_domain_id': None, 'roles': ['admin', 'manager', 'member', 'reader'], 'is_admin_project': True, 'service_user_id': None, 'service_user_domain_id': None, 'service_project_id': None, 'service_project_domain_id': None, 'service_roles': []} {{(pid=69480) fill_context /opt/stack/keystone/keystone/server/flask/request_processing/middleware/auth_context.py:509}}
May 25 07:30:55 ubuntu devstack@keystone.service[69480]: DEBUG keystone.server.flask.request_processing.req_logging [None req-0ca9388d-33f3-4e80-9be7-5e3ebd78015e None admin] REQUEST_METHOD: `GET` {{(pid=69480) log_request_info /opt/stack/keystone/keystone/server/flask/request_processing/req_logging.py:26}}
May 25 07:30:55 ubuntu devstack@keystone.service[69480]: DEBUG keystone.server.flask.request_processing.req_logging [None req-0ca9388d-33f3-4e80-9be7-5e3ebd78015e None admin] SCRIPT_NAME: `/identity` {{(pid=69480) log_request_info /opt/stack/keystone/keystone/server/flask/request_processing/req_logging.py:27}}
May 25 07:30:55 ubuntu devstack@keystone.service[69480]: DEBUG keystone.server.flask.request_processing.req_logging [None req-0ca9388d-33f3-4e80-9be7-5e3ebd78015e None admin] PATH_INFO: `/v3/domains` {{(pid=69480) log_request_info /opt/stack/keystone/keystone/server/flask/request_processing/req_logging.py:28}}
May 25 07:30:55 ubuntu devstack@keystone.service[69480]: DEBUG keystone.common.rbac_enforcer.enforcer [None req-0ca9388d-33f3-4e80-9be7-5e3ebd78015e None admin] RBAC: Adding query filter params (name=Default) {{(pid=69480) _extract_filter_values /opt/stack/keystone/keystone/common/rbac_enforcer/enforcer.py:176}}
May 25 07:30:55 ubuntu devstack@keystone.service[69480]: DEBUG keystone.common.rbac_enforcer.enforcer [None req-0ca9388d-33f3-4e80-9be7-5e3ebd78015e None admin] RBAC: Authorizing `identity:list_domains()` {{(pid=69480) enforce_call /opt/stack/keystone/keystone/common/rbac_enforcer/enforcer.py:494}}
May 25 07:30:55 ubuntu devstack@keystone.service[69480]: DEBUG keystone.common.rbac_enforcer.enforcer [None req-0ca9388d-33f3-4e80-9be7-5e3ebd78015e None admin] RBAC: Authorization granted {{(pid=69480) enforce_call /opt/stack/keystone/keystone/common/rbac_enforcer/enforcer.py:505}}
May 25 07:30:55 ubuntu devstack@keystone.service[69480]: [pid: 69480|app: 0|req: 17/35] 10.120.125.137 () {58 vars in 1190 bytes} [Mon May 25 07:30:55 2026] GET /identity/v3/domains?name=Default => generated 310 bytes in 90 msecs (HTTP/1.1 200) 5 headers in 177 bytes (1 switches on core 0)
May 25 07:30:55 ubuntu devstack@keystone.service[69480]: DEBUG keystone.server.flask.request_processing.req_logging [None req-7b0020fa-1f51-4a4a-babe-c91164fe5ce4 None None] REQUEST_METHOD: `GET` {{(pid=69480) log_request_info /opt/stack/keystone/keystone/server/flask/request_processing/req_logging.py:26}}
May 25 07:30:55 ubuntu devstack@keystone.service[69480]: DEBUG keystone.server.flask.request_processing.req_logging [None req-7b0020fa-1f51-4a4a-babe-c91164fe5ce4 None None] SCRIPT_NAME: `/identity` {{(pid=69480) log_request_info /opt/stack/keystone/keystone/server/flask/request_processing/req_logging.py:27}}
May 25 07:30:55 ubuntu devstack@keystone.service[69480]: DEBUG keystone.server.flask.request_processing.req_logging [None req-7b0020fa-1f51-4a4a-babe-c91164fe5ce4 None None] PATH_INFO: `/` {{(pid=69480) log_request_info /opt/stack/keystone/keystone/server/flask/request_processing/req_logging.py:28}}
May 25 07:30:55 ubuntu devstack@keystone.service[69480]: [pid: 69480|app: 0|req: 18/36] 10.120.125.137 () {56 vars in 951 bytes} [Mon May 25 07:30:55 2026] GET /identity => generated 271 bytes in 2 msecs (HTTP/1.1 300) 6 headers in 235 bytes (1 switches on core 0)
May 25 07:30:55 ubuntu devstack@keystone.service[69479]: DEBUG keystone.server.flask.request_processing.middleware.auth_context [None req-1dcc9d7b-c22a-47a7-bb4f-abe6511f3e16 None admin] Validating token access rules against request {{(pid=69479) validate_allowed_request /opt/stack/data/venv/lib/python3.12/site-packages/keystonemiddleware/auth_token/__init__.py:544}}
May 25 07:30:55 ubuntu devstack@keystone.service[69479]: DEBUG keystone.server.flask.request_processing.middleware.auth_context [None req-ea916a84-67d1-4e3e-bb07-e72a948bb89c None admin] RBAC: auth_context: {'token': <TokenModel (audit_id=JSKf8qqhQlO-94Z-GNDmmA, audit_chain_id=['JSKf8qqhQlO-94Z-GNDmmA']) at 0x7212ee41c4d0>, 'domain_id': None, 'trust_id': None, 'trustor_id': None, 'trustee_id': None, 'domain_name': None, 'group_ids': [], 'user_id': '9e495c6f62b4450f82d7f65c4b86f0c7', 'user_domain_id': 'default', 'system_scope': 'all', 'project_id': None, 'project_domain_id': None, 'roles': ['admin', 'manager', 'member', 'reader'], 'is_admin_project': True, 'service_user_id': None, 'service_user_domain_id': None, 'service_project_id': None, 'service_project_domain_id': None, 'service_roles': []} {{(pid=69479) fill_context /opt/stack/keystone/keystone/server/flask/request_processing/middleware/auth_context.py:509}}
May 25 07:30:55 ubuntu devstack@keystone.service[69479]: DEBUG keystone.server.flask.request_processing.req_logging [None req-ea916a84-67d1-4e3e-bb07-e72a948bb89c None admin] REQUEST_METHOD: `GET` {{(pid=69479) log_request_info /opt/stack/keystone/keystone/server/flask/request_processing/req_logging.py:26}}
May 25 07:30:55 ubuntu devstack@keystone.service[69479]: DEBUG keystone.server.flask.request_processing.req_logging [None req-ea916a84-67d1-4e3e-bb07-e72a948bb89c None admin] SCRIPT_NAME: `/identity` {{(pid=69479) log_request_info /opt/stack/keystone/keystone/server/flask/request_processing/req_logging.py:27}}
May 25 07:30:55 ubuntu devstack@keystone.service[69479]: DEBUG keystone.server.flask.request_processing.req_logging [None req-ea916a84-67d1-4e3e-bb07-e72a948bb89c None admin] PATH_INFO: `/v3/roles` {{(pid=69479) log_request_info /opt/stack/keystone/keystone/server/flask/request_processing/req_logging.py:28}}
May 25 07:30:55 ubuntu devstack@keystone.service[69479]: DEBUG keystone.common.rbac_enforcer.enforcer [None req-ea916a84-67d1-4e3e-bb07-e72a948bb89c None admin] RBAC: Adding query filter params (name=admin) {{(pid=69479) _extract_filter_values /opt/stack/keystone/keystone/common/rbac_enforcer/enforcer.py:176}}
May 25 07:30:55 ubuntu devstack@keystone.service[69479]: DEBUG keystone.common.rbac_enforcer.enforcer [None req-ea916a84-67d1-4e3e-bb07-e72a948bb89c None admin] RBAC: Authorizing `identity:list_roles()` {{(pid=69479) enforce_call /opt/stack/keystone/keystone/common/rbac_enforcer/enforcer.py:494}}
May 25 07:30:55 ubuntu devstack@keystone.service[69479]: DEBUG keystone.common.rbac_enforcer.enforcer [None req-ea916a84-67d1-4e3e-bb07-e72a948bb89c None admin] RBAC: Authorization granted {{(pid=69479) enforce_call /opt/stack/keystone/keystone/common/rbac_enforcer/enforcer.py:505}}
May 25 07:30:55 ubuntu devstack@keystone.service[69479]: [pid: 69479|app: 0|req: 19/37] 10.120.125.137 () {58 vars in 1180 bytes} [Mon May 25 07:30:55 2026] GET /identity/v3/roles?name=admin => generated 341 bytes in 60 msecs (HTTP/1.1 200) 5 headers in 177 bytes (1 switches on core 0)
May 25 07:30:55 ubuntu devstack@keystone.service[69480]: DEBUG keystone.server.flask.request_processing.middleware.auth_context [None req-7b0020fa-1f51-4a4a-babe-c91164fe5ce4 None None] Authenticating user token {{(pid=69480) process_request /opt/stack/data/venv/lib/python3.12/site-packages/keystonemiddleware/auth_token/__init__.py:406}}
May 25 07:30:55 ubuntu devstack@keystone.service[69479]: DEBUG keystone.server.flask.request_processing.middleware.auth_context [None req-ea916a84-67d1-4e3e-bb07-e72a948bb89c None admin] Authenticating user token {{(pid=69479) process_request /opt/stack/data/venv/lib/python3.12/site-packages/keystonemiddleware/auth_token/__init__.py:406}}
May 25 07:30:55 ubuntu devstack@keystone.service[69480]: DEBUG keystone.server.flask.request_processing.middleware.auth_context [None req-7b0020fa-1f51-4a4a-babe-c91164fe5ce4 None None] Validating token access rules against request {{(pid=69480) validate_allowed_request /opt/stack/data/venv/lib/python3.12/site-packages/keystonemiddleware/auth_token/__init__.py:544}}
May 25 07:30:55 ubuntu devstack@keystone.service[69479]: DEBUG keystone.server.flask.request_processing.middleware.auth_context [None req-ea916a84-67d1-4e3e-bb07-e72a948bb89c None admin] Validating token access rules against request {{(pid=69479) validate_allowed_request /opt/stack/data/venv/lib/python3.12/site-packages/keystonemiddleware/auth_token/__init__.py:544}}
May 25 07:30:55 ubuntu devstack@keystone.service[69480]: DEBUG keystone.server.flask.request_processing.middleware.auth_context [None req-1af37a12-e05d-40d2-8c76-77faa485c039 None admin] RBAC: auth_context: {'token': <TokenModel (audit_id=qDfx4EfUQGuu5jMpaoenrg, audit_chain_id=['qDfx4EfUQGuu5jMpaoenrg']) at 0x7212ee171880>, 'domain_id': None, 'trust_id': None, 'trustor_id': None, 'trustee_id': None, 'domain_name': None, 'group_ids': [], 'user_id': '9e495c6f62b4450f82d7f65c4b86f0c7', 'user_domain_id': 'default', 'system_scope': 'all', 'project_id': None, 'project_domain_id': None, 'roles': ['admin', 'manager', 'member', 'reader'], 'is_admin_project': True, 'service_user_id': None, 'service_user_domain_id': None, 'service_project_id': None, 'service_project_domain_id': None, 'service_roles': []} {{(pid=69480) fill_context /opt/stack/keystone/keystone/server/flask/request_processing/middleware/auth_context.py:509}}
May 25 07:30:55 ubuntu devstack@keystone.service[69480]: DEBUG keystone.server.flask.request_processing.req_logging [None req-1af37a12-e05d-40d2-8c76-77faa485c039 None admin] REQUEST_METHOD: `POST` {{(pid=69480) log_request_info /opt/stack/keystone/keystone/server/flask/request_processing/req_logging.py:26}}
May 25 07:30:55 ubuntu devstack@keystone.service[69480]: DEBUG keystone.server.flask.request_processing.req_logging [None req-1af37a12-e05d-40d2-8c76-77faa485c039 None admin] SCRIPT_NAME: `/identity` {{(pid=69480) log_request_info /opt/stack/keystone/keystone/server/flask/request_processing/req_logging.py:27}}
May 25 07:30:55 ubuntu devstack@keystone.service[69480]: DEBUG keystone.server.flask.request_processing.req_logging [None req-1af37a12-e05d-40d2-8c76-77faa485c039 None admin] PATH_INFO: `/v3/roles` {{(pid=69480) log_request_info /opt/stack/keystone/keystone/server/flask/request_processing/req_logging.py:28}}
May 25 07:30:55 ubuntu devstack@keystone.service[69480]: DEBUG keystone.common.rbac_enforcer.enforcer [None req-1af37a12-e05d-40d2-8c76-77faa485c039 None admin] RBAC: Authorizing `identity:create_role()` {{(pid=69480) enforce_call /opt/stack/keystone/keystone/common/rbac_enforcer/enforcer.py:494}}
May 25 07:30:55 ubuntu devstack@keystone.service[69480]: DEBUG keystone.common.rbac_enforcer.enforcer [None req-1af37a12-e05d-40d2-8c76-77faa485c039 None admin] RBAC: Authorization granted {{(pid=69480) enforce_call /opt/stack/keystone/keystone/common/rbac_enforcer/enforcer.py:505}}
May 25 07:30:55 ubuntu devstack@keystone.service[69480]: DEBUG keystone.common.sql.core [None req-1af37a12-e05d-40d2-8c76-77faa485c039 None admin] Conflict role: (pymysql.err.IntegrityError) (1062, "Duplicate entry 'service-<<null>>' for key 'role.ixu_role_name_domain_id'")
May 25 07:30:55 ubuntu devstack@keystone.service[69480]: [SQL: INSERT INTO `role` (id, name, description, extra) VALUES (%(id)s, %(name)s, %(description)s, %(extra)s)]
May 25 07:30:55 ubuntu devstack@keystone.service[69480]: [parameters: {'id': 'd64d6d2e84be482aa2254bbe4b656a9d', 'name': 'service', 'description': None, 'extra': '{}'}]
May 25 07:30:55 ubuntu devstack@keystone.service[69480]: (Background on this error at: https://sqlalche.me/e/20/gkpj) {{(pid=69480) wrapper /opt/stack/keystone/keystone/common/sql/core.py:580}}
May 25 07:30:55 ubuntu devstack@keystone.service[69479]: DEBUG keystone.server.flask.request_processing.middleware.auth_context [None req-0c45133e-3d4a-4fd9-808a-ba8163abd5be None admin] RBAC: auth_context: {'token': <TokenModel (audit_id=JSKf8qqhQlO-94Z-GNDmmA, audit_chain_id=['JSKf8qqhQlO-94Z-GNDmmA']) at 0x7212ee41d400>, 'domain_id': None, 'trust_id': None, 'trustor_id': None, 'trustee_id': None, 'domain_name': None, 'group_ids': [], 'user_id': '9e495c6f62b4450f82d7f65c4b86f0c7', 'user_domain_id': 'default', 'system_scope': 'all', 'project_id': None, 'project_domain_id': None, 'roles': ['admin', 'manager', 'member', 'reader'], 'is_admin_project': True, 'service_user_id': None, 'service_user_domain_id': None, 'service_project_id': None, 'service_project_domain_id': None, 'service_roles': []} {{(pid=69479) fill_context /opt/stack/keystone/keystone/server/flask/request_processing/middleware/auth_context.py:509}}
May 25 07:30:55 ubuntu devstack@keystone.service[69479]: DEBUG keystone.server.flask.request_processing.req_logging [None req-0c45133e-3d4a-4fd9-808a-ba8163abd5be None admin] REQUEST_METHOD: `GET` {{(pid=69479) log_request_info /opt/stack/keystone/keystone/server/flask/request_processing/req_logging.py:26}}
May 25 07:30:55 ubuntu devstack@keystone.service[69479]: DEBUG keystone.server.flask.request_processing.req_logging [None req-0c45133e-3d4a-4fd9-808a-ba8163abd5be None admin] SCRIPT_NAME: `/identity` {{(pid=69479) log_request_info /opt/stack/keystone/keystone/server/flask/request_processing/req_logging.py:27}}
May 25 07:30:55 ubuntu devstack@keystone.service[69479]: DEBUG keystone.server.flask.request_processing.req_logging [None req-0c45133e-3d4a-4fd9-808a-ba8163abd5be None admin] PATH_INFO: `/v3/users/9e495c6f62b4450f82d7f65c4b86f0c7` {{(pid=69479) log_request_info /opt/stack/keystone/keystone/server/flask/request_processing/req_logging.py:28}}
May 25 07:30:55 ubuntu devstack@keystone.service[69479]: DEBUG keystone.common.rbac_enforcer.enforcer [None req-0c45133e-3d4a-4fd9-808a-ba8163abd5be None admin] RBAC: Authorizing `identity:get_user(user_id=9e495c6f62b4450f82d7f65c4b86f0c7)` {{(pid=69479) enforce_call /opt/stack/keystone/keystone/common/rbac_enforcer/enforcer.py:494}}
May 25 07:30:55 ubuntu devstack@keystone.service[69480]: ERROR keystone.server.flask.application [None req-1af37a12-e05d-40d2-8c76-77faa485c039 None admin] Conflict occurred attempting to store role - Duplicate entry found with name service.: keystone.exception.Conflict: Conflict occurred attempting to store role - Duplicate entry found with name service.
May 25 07:30:55 ubuntu devstack@keystone.service[69480]: ERROR keystone.server.flask.application Traceback (most recent call last):
May 25 07:30:55 ubuntu devstack@keystone.service[69480]: ERROR keystone.server.flask.application   File "/opt/stack/data/venv/lib/python3.12/site-packages/sqlalchemy/engine/base.py", line 1967, in _exec_single_context
May 25 07:30:55 ubuntu devstack@keystone.service[69480]: ERROR keystone.server.flask.application     self.dialect.do_execute(
May 25 07:30:55 ubuntu devstack@keystone.service[69480]: ERROR keystone.server.flask.application   File "/opt/stack/data/venv/lib/python3.12/site-packages/sqlalchemy/engine/default.py", line 952, in do_execute
May 25 07:30:55 ubuntu devstack@keystone.service[69480]: ERROR keystone.server.flask.application     cursor.execute(statement, parameters)
May 25 07:30:55 ubuntu devstack@keystone.service[69480]: ERROR keystone.server.flask.application   File "/opt/stack/data/venv/lib/python3.12/site-packages/pymysql/cursors.py", line 157, in execute
May 25 07:30:55 ubuntu devstack@keystone.service[69480]: ERROR keystone.server.flask.application     result = self._query(query)
May 25 07:30:55 ubuntu devstack@keystone.service[69480]: ERROR keystone.server.flask.application              ^^^^^^^^^^^^^^^^^^
May 25 07:30:55 ubuntu devstack@keystone.service[69480]: ERROR keystone.server.flask.application   File "/opt/stack/data/venv/lib/python3.12/site-packages/pymysql/cursors.py", line 328, in _query
May 25 07:30:55 ubuntu devstack@keystone.service[69480]: ERROR keystone.server.flask.application     conn.query(q)
May 25 07:30:55 ubuntu devstack@keystone.service[69480]: ERROR keystone.server.flask.application   File "/opt/stack/data/venv/lib/python3.12/site-packages/pymysql/connections.py", line 575, in query
May 25 07:30:55 ubuntu devstack@keystone.service[69480]: ERROR keystone.server.flask.application     self._affected_rows = self._read_query_result(unbuffered=unbuffered)
May 25 07:30:55 ubuntu devstack@keystone.service[69480]: ERROR keystone.server.flask.application                           ^^^^^^^^^^^^^^^^^^^^^^^^^^^^^^^^^^^^^^^^^^^^^^
May 25 07:30:55 ubuntu devstack@keystone.service[69480]: ERROR keystone.server.flask.application   File "/opt/stack/data/venv/lib/python3.12/site-packages/pymysql/connections.py", line 826, in _read_query_result
May 25 07:30:55 ubuntu devstack@keystone.service[69480]: ERROR keystone.server.flask.application     result.read()
May 25 07:30:55 ubuntu devstack@keystone.service[69480]: ERROR keystone.server.flask.application   File "/opt/stack/data/venv/lib/python3.12/site-packages/pymysql/connections.py", line 1203, in read
May 25 07:30:55 ubuntu devstack@keystone.service[69480]: ERROR keystone.server.flask.application     first_packet = self.connection._read_packet()
May 25 07:30:55 ubuntu devstack@keystone.service[69480]: ERROR keystone.server.flask.application                    ^^^^^^^^^^^^^^^^^^^^^^^^^^^^^^
May 25 07:30:55 ubuntu devstack@keystone.service[69480]: ERROR keystone.server.flask.application   File "/opt/stack/data/venv/lib/python3.12/site-packages/pymysql/connections.py", line 782, in _read_packet
May 25 07:30:55 ubuntu devstack@keystone.service[69480]: ERROR keystone.server.flask.application     packet.raise_for_error()
May 25 07:30:55 ubuntu devstack@keystone.service[69480]: ERROR keystone.server.flask.application   File "/opt/stack/data/venv/lib/python3.12/site-packages/pymysql/protocol.py", line 219, in raise_for_error
May 25 07:30:55 ubuntu devstack@keystone.service[69480]: ERROR keystone.server.flask.application     err.raise_mysql_exception(self._data)
May 25 07:30:55 ubuntu devstack@keystone.service[69480]: ERROR keystone.server.flask.application   File "/opt/stack/data/venv/lib/python3.12/site-packages/pymysql/err.py", line 150, in raise_mysql_exception
May 25 07:30:55 ubuntu devstack@keystone.service[69480]: ERROR keystone.server.flask.application     raise errorclass(errno, errval)
May 25 07:30:55 ubuntu devstack@keystone.service[69480]: ERROR keystone.server.flask.application pymysql.err.IntegrityError: (1062, "Duplicate entry 'service-<<null>>' for key 'role.ixu_role_name_domain_id'")
May 25 07:30:55 ubuntu devstack@keystone.service[69480]: ERROR keystone.server.flask.application 
May 25 07:30:55 ubuntu devstack@keystone.service[69480]: ERROR keystone.server.flask.application The above exception was the direct cause of the following exception:
May 25 07:30:55 ubuntu devstack@keystone.service[69480]: ERROR keystone.server.flask.application 
May 25 07:30:55 ubuntu devstack@keystone.service[69480]: ERROR keystone.server.flask.application Traceback (most recent call last):
May 25 07:30:55 ubuntu devstack@keystone.service[69480]: ERROR keystone.server.flask.application   File "/opt/stack/keystone/keystone/common/sql/core.py", line 575, in wrapper
May 25 07:30:55 ubuntu devstack@keystone.service[69480]: ERROR keystone.server.flask.application     return method(*args, **kwargs)
May 25 07:30:55 ubuntu devstack@keystone.service[69480]: ERROR keystone.server.flask.application            ^^^^^^^^^^^^^^^^^^^^^^^
May 25 07:30:55 ubuntu devstack@keystone.service[69480]: ERROR keystone.server.flask.application   File "/opt/stack/keystone/keystone/assignment/role_backends/sql.py", line 25, in create_role
May 25 07:30:55 ubuntu devstack@keystone.service[69480]: ERROR keystone.server.flask.application     with sql.session_for_write() as session:
May 25 07:30:55 ubuntu devstack@keystone.service[69480]: ERROR keystone.server.flask.application   File "/usr/lib/python3.12/contextlib.py", line 144, in __exit__
May 25 07:30:55 ubuntu devstack@keystone.service[69480]: ERROR keystone.server.flask.application     next(self.gen)
May 25 07:30:55 ubuntu devstack@keystone.service[69480]: ERROR keystone.server.flask.application   File "/opt/stack/data/venv/lib/python3.12/site-packages/oslo_db/sqlalchemy/enginefacade.py", line 1175, in _transaction_scope
May 25 07:30:55 ubuntu devstack@keystone.service[69480]: ERROR keystone.server.flask.application     with current._produce_block(
May 25 07:30:55 ubuntu devstack@keystone.service[69480]: ERROR keystone.server.flask.application   File "/usr/lib/python3.12/contextlib.py", line 144, in __exit__
May 25 07:30:55 ubuntu devstack@keystone.service[69480]: ERROR keystone.server.flask.application     next(self.gen)
May 25 07:30:55 ubuntu devstack@keystone.service[69480]: ERROR keystone.server.flask.application   File "/opt/stack/data/venv/lib/python3.12/site-packages/oslo_db/sqlalchemy/enginefacade.py", line 837, in _session
May 25 07:30:55 ubuntu devstack@keystone.service[69480]: ERROR keystone.server.flask.application     with excutils.save_and_reraise_exception():
May 25 07:30:55 ubuntu devstack@keystone.service[69480]: ERROR keystone.server.flask.application   File "/opt/stack/data/venv/lib/python3.12/site-packages/oslo_utils/excutils.py", line 271, in __exit__
May 25 07:30:55 ubuntu devstack@keystone.service[69480]: ERROR keystone.server.flask.application     self.force_reraise()
May 25 07:30:55 ubuntu devstack@keystone.service[69480]: ERROR keystone.server.flask.application   File "/opt/stack/data/venv/lib/python3.12/site-packages/oslo_utils/excutils.py", line 233, in force_reraise
May 25 07:30:55 ubuntu devstack@keystone.service[69480]: ERROR keystone.server.flask.application     raise self.value
May 25 07:30:55 ubuntu devstack@keystone.service[69480]: ERROR keystone.server.flask.application   File "/opt/stack/data/venv/lib/python3.12/site-packages/oslo_db/sqlalchemy/enginefacade.py", line 835, in _session
May 25 07:30:55 ubuntu devstack@keystone.service[69480]: ERROR keystone.server.flask.application     self._end_session_transaction(self.session)
May 25 07:30:55 ubuntu devstack@keystone.service[69480]: ERROR keystone.server.flask.application   File "/opt/stack/data/venv/lib/python3.12/site-packages/oslo_db/sqlalchemy/enginefacade.py", line 748, in _end_session_transaction
May 25 07:30:55 ubuntu devstack@keystone.service[69480]: ERROR keystone.server.flask.application     session.commit()
May 25 07:30:55 ubuntu devstack@keystone.service[69480]: ERROR keystone.server.flask.application   File "/opt/stack/data/venv/lib/python3.12/site-packages/sqlalchemy/orm/session.py", line 2030, in commit
May 25 07:30:55 ubuntu devstack@keystone.service[69480]: ERROR keystone.server.flask.application     trans.commit(_to_root=True)
May 25 07:30:55 ubuntu devstack@keystone.service[69480]: ERROR keystone.server.flask.application   File "<string>", line 2, in commit
