Feb 26 17:20:47 ubuntu devstack@keystone.service[61705]: ERROR keystone.server.flask.application   File "/opt/stack/data/venv/lib/python3.12/site-packages/sqlalchemy/sql/elements.py", line 527, in _execute_on_connection
Feb 26 17:20:47 ubuntu devstack@keystone.service[61705]: ERROR keystone.server.flask.application     return connection._execute_clauseelement(
Feb 26 17:20:47 ubuntu devstack@keystone.service[61705]: ERROR keystone.server.flask.application            ^^^^^^^^^^^^^^^^^^^^^^^^^^^^^^^^^^
Feb 26 17:20:47 ubuntu devstack@keystone.service[61705]: ERROR keystone.server.flask.application   File "/opt/stack/data/venv/lib/python3.12/site-packages/sqlalchemy/engine/base.py", line 1641, in _execute_clauseelement
Feb 26 17:20:47 ubuntu devstack@keystone.service[61705]: ERROR keystone.server.flask.application     ret = self._execute_context(
Feb 26 17:20:47 ubuntu devstack@keystone.service[61705]: ERROR keystone.server.flask.application           ^^^^^^^^^^^^^^^^^^^^^^
Feb 26 17:20:47 ubuntu devstack@keystone.service[61705]: ERROR keystone.server.flask.application   File "/opt/stack/data/venv/lib/python3.12/site-packages/sqlalchemy/engine/base.py", line 1846, in _execute_context
Feb 26 17:20:47 ubuntu devstack@keystone.service[61705]: ERROR keystone.server.flask.application     return self._exec_single_context(
Feb 26 17:20:47 ubuntu devstack@keystone.service[61705]: ERROR keystone.server.flask.application            ^^^^^^^^^^^^^^^^^^^^^^^^^^
Feb 26 17:20:47 ubuntu devstack@keystone.service[61705]: ERROR keystone.server.flask.application   File "/opt/stack/data/venv/lib/python3.12/site-packages/sqlalchemy/engine/base.py", line 1986, in _exec_single_context
Feb 26 17:20:47 ubuntu devstack@keystone.service[61705]: ERROR keystone.server.flask.application     self._handle_dbapi_exception(
Feb 26 17:20:47 ubuntu devstack@keystone.service[61705]: ERROR keystone.server.flask.application   File "/opt/stack/data/venv/lib/python3.12/site-packages/sqlalchemy/engine/base.py", line 2360, in _handle_dbapi_exception
Feb 26 17:20:47 ubuntu devstack@keystone.service[61705]: ERROR keystone.server.flask.application     raise newraise.with_traceback(exc_info[2]) from e
Feb 26 17:20:47 ubuntu devstack@keystone.service[61705]: ERROR keystone.server.flask.application   File "/opt/stack/data/venv/lib/python3.12/site-packages/sqlalchemy/engine/base.py", line 1967, in _exec_single_context
Feb 26 17:20:47 ubuntu devstack@keystone.service[61705]: ERROR keystone.server.flask.application     self.dialect.do_execute(
Feb 26 17:20:47 ubuntu devstack@keystone.service[61705]: ERROR keystone.server.flask.application   File "/opt/stack/data/venv/lib/python3.12/site-packages/sqlalchemy/engine/default.py", line 952, in do_execute
Feb 26 17:20:47 ubuntu devstack@keystone.service[61705]: ERROR keystone.server.flask.application     cursor.execute(statement, parameters)
Feb 26 17:20:47 ubuntu devstack@keystone.service[61705]: ERROR keystone.server.flask.application   File "/opt/stack/data/venv/lib/python3.12/site-packages/pymysql/cursors.py", line 153, in execute
Feb 26 17:20:47 ubuntu devstack@keystone.service[61705]: ERROR keystone.server.flask.application     result = self._query(query)
Feb 26 17:20:47 ubuntu devstack@keystone.service[61705]: ERROR keystone.server.flask.application              ^^^^^^^^^^^^^^^^^^
Feb 26 17:20:47 ubuntu devstack@keystone.service[61705]: ERROR keystone.server.flask.application   File "/opt/stack/data/venv/lib/python3.12/site-packages/pymysql/cursors.py", line 322, in _query
Feb 26 17:20:47 ubuntu devstack@keystone.service[61705]: ERROR keystone.server.flask.application     conn.query(q)
Feb 26 17:20:47 ubuntu devstack@keystone.service[61705]: ERROR keystone.server.flask.application   File "/opt/stack/data/venv/lib/python3.12/site-packages/pymysql/connections.py", line 575, in query
Feb 26 17:20:47 ubuntu devstack@keystone.service[61705]: ERROR keystone.server.flask.application     self._affected_rows = self._read_query_result(unbuffered=unbuffered)
Feb 26 17:20:47 ubuntu devstack@keystone.service[61705]: ERROR keystone.server.flask.application                           ^^^^^^^^^^^^^^^^^^^^^^^^^^^^^^^^^^^^^^^^^^^^^^
Feb 26 17:20:47 ubuntu devstack@keystone.service[61705]: ERROR keystone.server.flask.application   File "/opt/stack/data/venv/lib/python3.12/site-packages/pymysql/connections.py", line 826, in _read_query_result
Feb 26 17:20:47 ubuntu devstack@keystone.service[61705]: ERROR keystone.server.flask.application     result.read()
Feb 26 17:20:47 ubuntu devstack@keystone.service[61705]: ERROR keystone.server.flask.application   File "/opt/stack/data/venv/lib/python3.12/site-packages/pymysql/connections.py", line 1203, in read
Feb 26 17:20:47 ubuntu devstack@keystone.service[61705]: ERROR keystone.server.flask.application     first_packet = self.connection._read_packet()
Feb 26 17:20:47 ubuntu devstack@keystone.service[61705]: ERROR keystone.server.flask.application                    ^^^^^^^^^^^^^^^^^^^^^^^^^^^^^^
Feb 26 17:20:47 ubuntu devstack@keystone.service[61705]: ERROR keystone.server.flask.application   File "/opt/stack/data/venv/lib/python3.12/site-packages/pymysql/connections.py", line 782, in _read_packet
Feb 26 17:20:47 ubuntu devstack@keystone.service[61705]: ERROR keystone.server.flask.application     packet.raise_for_error()
Feb 26 17:20:47 ubuntu devstack@keystone.service[61705]: ERROR keystone.server.flask.application   File "/opt/stack/data/venv/lib/python3.12/site-packages/pymysql/protocol.py", line 219, in raise_for_error
Feb 26 17:20:47 ubuntu devstack@keystone.service[61705]: ERROR keystone.server.flask.application     err.raise_mysql_exception(self._data)
Feb 26 17:20:47 ubuntu devstack@keystone.service[61705]: ERROR keystone.server.flask.application   File "/opt/stack/data/venv/lib/python3.12/site-packages/pymysql/err.py", line 150, in raise_mysql_exception
Feb 26 17:20:47 ubuntu devstack@keystone.service[61705]: ERROR keystone.server.flask.application     raise errorclass(errno, errval)
Feb 26 17:20:47 ubuntu devstack@keystone.service[61705]: ERROR keystone.server.flask.application oslo_db.exception.DBDuplicateEntry: (pymysql.err.IntegrityError) (1062, "Duplicate entry 'service-<<null>>' for key 'role.ixu_role_name_domain_id'")
Feb 26 17:20:47 ubuntu devstack@keystone.service[61705]: ERROR keystone.server.flask.application [SQL: INSERT INTO `role` (id, name, description, extra) VALUES (%(id)s, %(name)s, %(description)s, %(extra)s)]
Feb 26 17:20:47 ubuntu devstack@keystone.service[61705]: ERROR keystone.server.flask.application [parameters: {'id': 'afee66895d1b4cb990043fc94e35730b', 'name': 'service', 'description': None, 'extra': '{}'}]
Feb 26 17:20:47 ubuntu devstack@keystone.service[61705]: ERROR keystone.server.flask.application (Background on this error at: https://sqlalche.me/e/20/gkpj)
Feb 26 17:20:47 ubuntu devstack@keystone.service[61705]: ERROR keystone.server.flask.application 
Feb 26 17:20:47 ubuntu devstack@keystone.service[61705]: ERROR keystone.server.flask.application During handling of the above exception, another exception occurred:
Feb 26 17:20:47 ubuntu devstack@keystone.service[61705]: ERROR keystone.server.flask.application 
Feb 26 17:20:47 ubuntu devstack@keystone.service[61705]: ERROR keystone.server.flask.application Traceback (most recent call last):
Feb 26 17:20:47 ubuntu devstack@keystone.service[61705]: ERROR keystone.server.flask.application   File "/opt/stack/data/venv/lib/python3.12/site-packages/flask_restful/__init__.py", line 295, in error_router
Feb 26 17:20:47 ubuntu devstack@keystone.service[61705]: ERROR keystone.server.flask.application     return self.handle_error(e)
Feb 26 17:20:47 ubuntu devstack@keystone.service[61705]: ERROR keystone.server.flask.application            ^^^^^^^^^^^^^^^^^^^^
Feb 26 17:20:47 ubuntu devstack@keystone.service[61705]: ERROR keystone.server.flask.application   File "/opt/stack/data/venv/lib/python3.12/site-packages/flask_restful/__init__.py", line 310, in handle_error
Feb 26 17:20:47 ubuntu devstack@keystone.service[61705]: ERROR keystone.server.flask.application     _handle_flask_propagate_exceptions_config(current_app, e)
Feb 26 17:20:47 ubuntu devstack@keystone.service[61705]: ERROR keystone.server.flask.application   File "/opt/stack/data/venv/lib/python3.12/site-packages/flask/app.py", line 917, in full_dispatch_request
Feb 26 17:20:47 ubuntu devstack@keystone.service[61705]: ERROR keystone.server.flask.application     rv = self.dispatch_request()
Feb 26 17:20:47 ubuntu devstack@keystone.service[61705]: ERROR keystone.server.flask.application          ^^^^^^^^^^^^^^^^^^^^^^^
Feb 26 17:20:47 ubuntu devstack@keystone.service[61705]: ERROR keystone.server.flask.application   File "/opt/stack/data/venv/lib/python3.12/site-packages/flask/app.py", line 902, in dispatch_request
Feb 26 17:20:47 ubuntu devstack@keystone.service[61705]: ERROR keystone.server.flask.application     return self.ensure_sync(self.view_functions[rule.endpoint])(**view_args)  # type: ignore[no-any-return]
Feb 26 17:20:47 ubuntu devstack@keystone.service[61705]: ERROR keystone.server.flask.application            ^^^^^^^^^^^^^^^^^^^^^^^^^^^^^^^^^^^^^^^^^^^^^^^^^^^^^^^^^^^^^^^^^
Feb 26 17:20:47 ubuntu devstack@keystone.service[61705]: ERROR keystone.server.flask.application   File "/opt/stack/data/venv/lib/python3.12/site-packages/flask_restful/__init__.py", line 489, in wrapper
Feb 26 17:20:47 ubuntu devstack@keystone.service[61705]: ERROR keystone.server.flask.application     resp = resource(*args, **kwargs)
Feb 26 17:20:47 ubuntu devstack@keystone.service[61705]: ERROR keystone.server.flask.application            ^^^^^^^^^^^^^^^^^^^^^^^^^
Feb 26 17:20:47 ubuntu devstack@keystone.service[61705]: ERROR keystone.server.flask.application   File "/opt/stack/data/venv/lib/python3.12/site-packages/flask/views.py", line 110, in view
Feb 26 17:20:47 ubuntu devstack@keystone.service[61705]: ERROR keystone.server.flask.application     return current_app.ensure_sync(self.dispatch_request)(**kwargs)  # type: ignore[no-any-return]
Feb 26 17:20:47 ubuntu devstack@keystone.service[61705]: ERROR keystone.server.flask.application            ^^^^^^^^^^^^^^^^^^^^^^^^^^^^^^^^^^^^^^^^^^^^^^^^^^^^^^^^
Feb 26 17:20:47 ubuntu devstack@keystone.service[61705]: ERROR keystone.server.flask.application   File "/opt/stack/data/venv/lib/python3.12/site-packages/flask_restful/__init__.py", line 604, in dispatch_request
Feb 26 17:20:47 ubuntu devstack@keystone.service[61705]: ERROR keystone.server.flask.application     resp = meth(*args, **kwargs)
Feb 26 17:20:47 ubuntu devstack@keystone.service[61705]: ERROR keystone.server.flask.application            ^^^^^^^^^^^^^^^^^^^^^
Feb 26 17:20:47 ubuntu devstack@keystone.service[61705]: ERROR keystone.server.flask.application   File "/opt/stack/keystone/keystone/api/validation/__init__.py", line 86, in wrapper
Feb 26 17:20:47 ubuntu devstack@keystone.service[61705]: ERROR keystone.server.flask.application     return func(*args, **kwargs)
Feb 26 17:20:47 ubuntu devstack@keystone.service[61705]: ERROR keystone.server.flask.application            ^^^^^^^^^^^^^^^^^^^^^
Feb 26 17:20:47 ubuntu devstack@keystone.service[61705]: ERROR keystone.server.flask.application   File "/opt/stack/keystone/keystone/api/validation/__init__.py", line 145, in wrapper
Feb 26 17:20:47 ubuntu devstack@keystone.service[61705]: ERROR keystone.server.flask.application     response = func(*args, **kwargs)
Feb 26 17:20:47 ubuntu devstack@keystone.service[61705]: ERROR keystone.server.flask.application                ^^^^^^^^^^^^^^^^^^^^^
Feb 26 17:20:47 ubuntu devstack@keystone.service[61705]: ERROR keystone.server.flask.application   File "/opt/stack/keystone/keystone/api/roles.py", line 91, in post
Feb 26 17:20:47 ubuntu devstack@keystone.service[61705]: ERROR keystone.server.flask.application     ref = PROVIDERS.role_api.create_role(
Feb 26 17:20:47 ubuntu devstack@keystone.service[61705]: ERROR keystone.server.flask.application           ^^^^^^^^^^^^^^^^^^^^^^^^^^^^^^^
Feb 26 17:20:47 ubuntu devstack@keystone.service[61705]: ERROR keystone.server.flask.application   File "/opt/stack/keystone/keystone/common/manager.py", line 114, in wrapped
Feb 26 17:20:47 ubuntu devstack@keystone.service[61705]: ERROR keystone.server.flask.application     __ret_val = __f(*args, **kwargs)
Feb 26 17:20:47 ubuntu devstack@keystone.service[61705]: ERROR keystone.server.flask.application                 ^^^^^^^^^^^^^^^^^^^^
Feb 26 17:20:47 ubuntu devstack@keystone.service[61705]: ERROR keystone.server.flask.application   File "/opt/stack/keystone/keystone/assignment/core.py", line 1526, in create_role
Feb 26 17:20:47 ubuntu devstack@keystone.service[61705]: ERROR keystone.server.flask.application     ret = self.driver.create_role(role_id, role)
Feb 26 17:20:47 ubuntu devstack@keystone.service[61705]: ERROR keystone.server.flask.application           ^^^^^^^^^^^^^^^^^^^^^^^^^^^^^^^^^^^^^^
Feb 26 17:20:47 ubuntu devstack@keystone.service[61705]: ERROR keystone.server.flask.application   File "/opt/stack/keystone/keystone/common/sql/core.py", line 614, in wrapper
Feb 26 17:20:47 ubuntu devstack@keystone.service[61705]: ERROR keystone.server.flask.application     raise exception.Conflict(type=conflict_type, details=msg)
Feb 26 17:20:47 ubuntu devstack@keystone.service[61705]: ERROR keystone.server.flask.application keystone.exception.Conflict: Conflict occurred attempting to store role - Duplicate entry found with name service.
Feb 26 17:20:47 ubuntu devstack@keystone.service[61705]: ERROR keystone.server.flask.application 
Feb 26 17:20:47 ubuntu devstack@keystone.service[61705]: [pid: 61705|app: 0|req: 19/36] 10.120.125.137 () {62 vars in 1199 bytes} [Thu Feb 26 17:20:47 2026] POST /identity/v3/roles => generated 140 bytes in 70 msecs (HTTP/1.1 409) 5 headers in 183 bytes (1 switches on core 0)
Feb 26 17:20:47 ubuntu devstack@keystone.service[61704]: DEBUG keystone.server.flask.request_processing.middleware.auth_context [None req-6f466903-fd5d-43e7-bc1c-49092ec32521 None admin] Validating token access rules against request {{(pid=61704) validate_allowed_request /opt/stack/data/venv/lib/python3.12/site-packages/keystonemiddleware/auth_token/__init__.py:545}}
Feb 26 17:20:47 ubuntu devstack@keystone.service[61705]: DEBUG keystone.server.flask.request_processing.middleware.auth_context [None req-bf164896-26c1-426f-8165-5a5f7647c567 None admin] Authenticating user token {{(pid=61705) process_request /opt/stack/data/venv/lib/python3.12/site-packages/keystonemiddleware/auth_token/__init__.py:407}}
Feb 26 17:20:47 ubuntu devstack@keystone.service[61704]: DEBUG keystone.server.flask.request_processing.middleware.auth_context [None req-b757418b-5be1-4a96-bce9-c2351b38e112 None admin] RBAC: auth_context: {'token': <TokenModel (audit_id=sMC90yCHR02btUo67I6C9A, audit_chain_id=['sMC90yCHR02btUo67I6C9A']) at 0x7e2517e5d1f0>, 'domain_id': None, 'trust_id': None, 'trustor_id': None, 'trustee_id': None, 'domain_name': None, 'group_ids': [], 'user_id': '661d87a59058495c9c99642b7a32a2f3', 'user_domain_id': 'default', 'system_scope': 'all', 'project_id': None, 'project_domain_id': None, 'roles': ['admin', 'manager', 'member', 'reader'], 'is_admin_project': True, 'service_user_id': None, 'service_user_domain_id': None, 'service_project_id': None, 'service_project_domain_id': None, 'service_roles': []} {{(pid=61704) fill_context /opt/stack/keystone/keystone/server/flask/request_processing/middleware/auth_context.py:509}}
Feb 26 17:20:47 ubuntu devstack@keystone.service[61704]: DEBUG keystone.server.flask.request_processing.req_logging [None req-b757418b-5be1-4a96-bce9-c2351b38e112 None admin] REQUEST_METHOD: `GET` {{(pid=61704) log_request_info /opt/stack/keystone/keystone/server/flask/request_processing/req_logging.py:26}}
Feb 26 17:20:47 ubuntu devstack@keystone.service[61704]: DEBUG keystone.server.flask.request_processing.req_logging [None req-b757418b-5be1-4a96-bce9-c2351b38e112 None admin] SCRIPT_NAME: `/identity` {{(pid=61704) log_request_info /opt/stack/keystone/keystone/server/flask/request_processing/req_logging.py:27}}
Feb 26 17:20:47 ubuntu devstack@keystone.service[61704]: DEBUG keystone.server.flask.request_processing.req_logging [None req-b757418b-5be1-4a96-bce9-c2351b38e112 None admin] PATH_INFO: `/v3/roles` {{(pid=61704) log_request_info /opt/stack/keystone/keystone/server/flask/request_processing/req_logging.py:28}}
Feb 26 17:20:47 ubuntu devstack@keystone.service[61704]: DEBUG keystone.common.rbac_enforcer.enforcer [None req-b757418b-5be1-4a96-bce9-c2351b38e112 None admin] RBAC: Adding query filter params (name=admin) {{(pid=61704) _extract_filter_values /opt/stack/keystone/keystone/common/rbac_enforcer/enforcer.py:176}}
Feb 26 17:20:47 ubuntu devstack@keystone.service[61704]: DEBUG keystone.common.rbac_enforcer.enforcer [None req-b757418b-5be1-4a96-bce9-c2351b38e112 None admin] RBAC: Authorizing `identity:list_roles()` {{(pid=61704) enforce_call /opt/stack/keystone/keystone/common/rbac_enforcer/enforcer.py:494}}
Feb 26 17:20:47 ubuntu devstack@keystone.service[61704]: DEBUG keystone.common.rbac_enforcer.enforcer [None req-b757418b-5be1-4a96-bce9-c2351b38e112 None admin] RBAC: Authorization granted {{(pid=61704) enforce_call /opt/stack/keystone/keystone/common/rbac_enforcer/enforcer.py:505}}
Feb 26 17:20:47 ubuntu devstack@keystone.service[61704]: [pid: 61704|app: 0|req: 18/37] 10.120.125.137 () {58 vars in 1180 bytes} [Thu Feb 26 17:20:47 2026] GET /identity/v3/roles?name=admin => generated 341 bytes in 76 msecs (HTTP/1.1 200) 5 headers in 177 bytes (2 switches on core 0)
Feb 26 17:20:47 ubuntu devstack@keystone.service[61704]: DEBUG keystone.server.flask.request_processing.middleware.auth_context [None req-b757418b-5be1-4a96-bce9-c2351b38e112 None admin] Authenticating user token {{(pid=61704) process_request /opt/stack/data/venv/lib/python3.12/site-packages/keystonemiddleware/auth_token/__init__.py:407}}
Feb 26 17:20:47 ubuntu devstack@keystone.service[61704]: DEBUG keystone.server.flask.request_processing.middleware.auth_context [None req-b757418b-5be1-4a96-bce9-c2351b38e112 None admin] Validating token access rules against request {{(pid=61704) validate_allowed_request /opt/stack/data/venv/lib/python3.12/site-packages/keystonemiddleware/auth_token/__init__.py:545}}
Feb 26 17:20:47 ubuntu devstack@keystone.service[61705]: DEBUG keystone.server.flask.request_processing.middleware.auth_context [None req-bf164896-26c1-426f-8165-5a5f7647c567 None admin] Validating token access rules against request {{(pid=61705) validate_allowed_request /opt/stack/data/venv/lib/python3.12/site-packages/keystonemiddleware/auth_token/__init__.py:545}}
Feb 26 17:20:47 ubuntu devstack@keystone.service[61705]: DEBUG keystone.server.flask.request_processing.middleware.auth_context [None req-f22a6dcb-56db-4204-9647-4c2b1486e857 None admin] RBAC: auth_context: {'token': <TokenModel (audit_id=E7k0eTc_RG-jOVkrdxx6Yw, audit_chain_id=['E7k0eTc_RG-jOVkrdxx6Yw']) at 0x7e2517c84e00>, 'domain_id': None, 'trust_id': None, 'trustor_id': None, 'trustee_id': None, 'domain_name': None, 'group_ids': [], 'user_id': '661d87a59058495c9c99642b7a32a2f3', 'user_domain_id': 'default', 'system_scope': 'all', 'project_id': None, 'project_domain_id': None, 'roles': ['admin', 'manager', 'member', 'reader'], 'is_admin_project': True, 'service_user_id': None, 'service_user_domain_id': None, 'service_project_id': None, 'service_project_domain_id': None, 'service_roles': []} {{(pid=61705) fill_context /opt/stack/keystone/keystone/server/flask/request_processing/middleware/auth_context.py:509}}
Feb 26 17:20:47 ubuntu devstack@keystone.service[61705]: DEBUG keystone.server.flask.request_processing.req_logging [None req-f22a6dcb-56db-4204-9647-4c2b1486e857 None admin] REQUEST_METHOD: `POST` {{(pid=61705) log_request_info /opt/stack/keystone/keystone/server/flask/request_processing/req_logging.py:26}}
Feb 26 17:20:47 ubuntu devstack@keystone.service[61705]: DEBUG keystone.server.flask.request_processing.req_logging [None req-f22a6dcb-56db-4204-9647-4c2b1486e857 None admin] SCRIPT_NAME: `/identity` {{(pid=61705) log_request_info /opt/stack/keystone/keystone/server/flask/request_processing/req_logging.py:27}}
Feb 26 17:20:47 ubuntu devstack@keystone.service[61705]: DEBUG keystone.server.flask.request_processing.req_logging [None req-f22a6dcb-56db-4204-9647-4c2b1486e857 None admin] PATH_INFO: `/v3/projects` {{(pid=61705) log_request_info /opt/stack/keystone/keystone/server/flask/request_processing/req_logging.py:28}}
Feb 26 17:20:47 ubuntu devstack@keystone.service[61704]: DEBUG keystone.server.flask.request_processing.middleware.auth_context [None req-635ff83b-0287-45fe-ad7e-89df89864ded None admin] RBAC: auth_context: {'token': <TokenModel (audit_id=e_jDsWOgTTWoocg3Ug9Xsg, audit_chain_id=['e_jDsWOgTTWoocg3Ug9Xsg']) at 0x7e2517e5f1a0>, 'domain_id': None, 'trust_id': None, 'trustor_id': None, 'trustee_id': None, 'domain_name': None, 'group_ids': [], 'user_id': '661d87a59058495c9c99642b7a32a2f3', 'user_domain_id': 'default', 'system_scope': 'all', 'project_id': None, 'project_domain_id': None, 'roles': ['admin', 'manager', 'member', 'reader'], 'is_admin_project': True, 'service_user_id': None, 'service_user_domain_id': None, 'service_project_id': None, 'service_project_domain_id': None, 'service_roles': []} {{(pid=61704) fill_context /opt/stack/keystone/keystone/server/flask/request_processing/middleware/auth_context.py:509}}
Feb 26 17:20:47 ubuntu devstack@keystone.service[61705]: DEBUG keystone.common.rbac_enforcer.enforcer [None req-f22a6dcb-56db-4204-9647-4c2b1486e857 None admin] RBAC: Authorizing `identity:create_project()` {{(pid=61705) enforce_call /opt/stack/keystone/keystone/common/rbac_enforcer/enforcer.py:494}}
Feb 26 17:20:47 ubuntu devstack@keystone.service[61704]: DEBUG keystone.server.flask.request_processing.req_logging [None req-635ff83b-0287-45fe-ad7e-89df89864ded None admin] REQUEST_METHOD: `GET` {{(pid=61704) log_request_info /opt/stack/keystone/keystone/server/flask/request_processing/req_logging.py:26}}
Feb 26 17:20:47 ubuntu devstack@keystone.service[61704]: DEBUG keystone.server.flask.request_processing.req_logging [None req-635ff83b-0287-45fe-ad7e-89df89864ded None admin] SCRIPT_NAME: `/identity` {{(pid=61704) log_request_info /opt/stack/keystone/keystone/server/flask/request_processing/req_logging.py:27}}
Feb 26 17:20:47 ubuntu devstack@keystone.service[61704]: DEBUG keystone.server.flask.request_processing.req_logging [None req-635ff83b-0287-45fe-ad7e-89df89864ded None admin] PATH_INFO: `/v3/roles/service` {{(pid=61704) log_request_info /opt/stack/keystone/keystone/server/flask/request_processing/req_logging.py:28}}
Feb 26 17:20:47 ubuntu devstack@keystone.service[61705]: DEBUG keystone.common.rbac_enforcer.enforcer [None req-f22a6dcb-56db-4204-9647-4c2b1486e857 None admin] RBAC: Authorization granted {{(pid=61705) enforce_call /opt/stack/keystone/keystone/common/rbac_enforcer/enforcer.py:505}}
Feb 26 17:20:47 ubuntu devstack@keystone.service[61704]: DEBUG keystone.common.rbac_enforcer.enforcer [None req-635ff83b-0287-45fe-ad7e-89df89864ded None admin] Extracting inferred target data resulted in "NOT FOUND (404)". {{(pid=61704) enforce_call /opt/stack/keystone/keystone/common/rbac_enforcer/enforcer.py:445}}
Feb 26 17:20:47 ubuntu devstack@keystone.service[61704]: DEBUG keystone.server.flask.application [None req-635ff83b-0287-45fe-ad7e-89df89864ded None admin] Could not find role: service. {{(pid=61704) _handle_keystone_exception /opt/stack/keystone/keystone/server/flask/application.py:146}}
Feb 26 17:20:47 ubuntu devstack@keystone.service[61704]: [pid: 61704|app: 0|req: 19/38] 10.120.125.137 () {58 vars in 1170 bytes} [Thu Feb 26 17:20:47 2026] GET /identity/v3/roles/service => generated 85 bytes in 61 msecs (HTTP/1.1 404) 5 headers in 183 bytes (1 switches on core 0)
Feb 26 17:20:47 ubuntu devstack@keystone.service[61704]: DEBUG keystone.server.flask.request_processing.req_logging [None req-fa81fcdc-444f-4b34-a6f2-b0137f2c02f5 None None] REQUEST_METHOD: `GET` {{(pid=61704) log_request_info /opt/stack/keystone/keystone/server/flask/request_processing/req_logging.py:26}}
Feb 26 17:20:47 ubuntu devstack@keystone.service[61704]: DEBUG keystone.server.flask.request_processing.req_logging [None req-fa81fcdc-444f-4b34-a6f2-b0137f2c02f5 None None] SCRIPT_NAME: `/identity` {{(pid=61704) log_request_info /opt/stack/keystone/keystone/server/flask/request_processing/req_logging.py:27}}
Feb 26 17:20:47 ubuntu devstack@keystone.service[61704]: DEBUG keystone.server.flask.request_processing.req_logging [None req-fa81fcdc-444f-4b34-a6f2-b0137f2c02f5 None None] PATH_INFO: `/` {{(pid=61704) log_request_info /opt/stack/keystone/keystone/server/flask/request_processing/req_logging.py:28}}
Feb 26 17:20:47 ubuntu devstack@keystone.service[61704]: [pid: 61704|app: 0|req: 20/39] 10.120.125.137 () {56 vars in 951 bytes} [Thu Feb 26 17:20:47 2026] GET /identity => generated 271 bytes in 3 msecs (HTTP/1.1 300) 6 headers in 235 bytes (1 switches on core 0)
Feb 26 17:20:47 ubuntu devstack@keystone.service[61704]: DEBUG keystone.server.flask.request_processing.middleware.auth_context [None req-fa81fcdc-444f-4b34-a6f2-b0137f2c02f5 None None] Authenticating user token {{(pid=61704) process_request /opt/stack/data/venv/lib/python3.12/site-packages/keystonemiddleware/auth_token/__init__.py:407}}
Feb 26 17:20:47 ubuntu devstack@keystone.service[61704]: DEBUG keystone.server.flask.request_processing.middleware.auth_context [None req-fa81fcdc-444f-4b34-a6f2-b0137f2c02f5 None None] Validating token access rules against request {{(pid=61704) validate_allowed_request /opt/stack/data/venv/lib/python3.12/site-packages/keystonemiddleware/auth_token/__init__.py:545}}
Feb 26 17:20:47 ubuntu devstack@keystone.service[61704]: DEBUG keystone.server.flask.request_processing.middleware.auth_context [None req-cc8a8b1e-d533-42eb-a485-386ad67751fb None admin] RBAC: auth_context: {'token': <TokenModel (audit_id=sMC90yCHR02btUo67I6C9A, audit_chain_id=['sMC90yCHR02btUo67I6C9A']) at 0x7e2518d2cd70>, 'domain_id': None, 'trust_id': None, 'trustor_id': None, 'trustee_id': None, 'domain_name': None, 'group_ids': [], 'user_id': '661d87a59058495c9c99642b7a32a2f3', 'user_domain_id': 'default', 'system_scope': 'all', 'project_id': None, 'project_domain_id': None, 'roles': ['admin', 'manager', 'member', 'reader'], 'is_admin_project': True, 'service_user_id': None, 'service_user_domain_id': None, 'service_project_id': None, 'service_project_domain_id': None, 'service_roles': []} {{(pid=61704) fill_context /opt/stack/keystone/keystone/server/flask/request_processing/middleware/auth_context.py:509}}
Feb 26 17:20:47 ubuntu devstack@keystone.service[61704]: DEBUG keystone.server.flask.request_processing.req_logging [None req-cc8a8b1e-d533-42eb-a485-386ad67751fb None admin] REQUEST_METHOD: `GET` {{(pid=61704) log_request_info /opt/stack/keystone/keystone/server/flask/request_processing/req_logging.py:26}}
Feb 26 17:20:47 ubuntu devstack@keystone.service[61704]: DEBUG keystone.server.flask.request_processing.req_logging [None req-cc8a8b1e-d533-42eb-a485-386ad67751fb None admin] SCRIPT_NAME: `/identity` {{(pid=61704) log_request_info /opt/stack/keystone/keystone/server/flask/request_processing/req_logging.py:27}}
Feb 26 17:20:47 ubuntu devstack@keystone.service[61704]: DEBUG keystone.server.flask.request_processing.req_logging [None req-cc8a8b1e-d533-42eb-a485-386ad67751fb None admin] PATH_INFO: `/v3/users/661d87a59058495c9c99642b7a32a2f3` {{(pid=61704) log_request_info /opt/stack/keystone/keystone/server/flask/request_processing/req_logging.py:28}}
Feb 26 17:20:47 ubuntu devstack@keystone.service[61704]: DEBUG keystone.common.rbac_enforcer.enforcer [None req-cc8a8b1e-d533-42eb-a485-386ad67751fb None admin] RBAC: Authorizing `identity:get_user(user_id=661d87a59058495c9c99642b7a32a2f3)` {{(pid=61704) enforce_call /opt/stack/keystone/keystone/common/rbac_enforcer/enforcer.py:494}}
Feb 26 17:20:47 ubuntu devstack@keystone.service[61704]: DEBUG keystone.common.rbac_enforcer.enforcer [None req-cc8a8b1e-d533-42eb-a485-386ad67751fb None admin] RBAC: Authorization granted {{(pid=61704) enforce_call /opt/stack/keystone/keystone/common/rbac_enforcer/enforcer.py:505}}
Feb 26 17:20:47 ubuntu devstack@keystone.service[61704]: [pid: 61704|app: 0|req: 21/40] 10.120.125.137 () {58 vars in 1245 bytes} [Thu Feb 26 17:20:47 2026] GET /identity/v3/users/661d87a59058495c9c99642b7a32a2f3 => generated 248 bytes in 55 msecs (HTTP/1.1 200) 5 headers in 177 bytes (1 switches on core 0)
Feb 26 17:20:47 ubuntu devstack@keystone.service[61704]: DEBUG keystone.server.flask.request_processing.middleware.auth_context [None req-cc8a8b1e-d533-42eb-a485-386ad67751fb None admin] Authenticating user token {{(pid=61704) process_request /opt/stack/data/venv/lib/python3.12/site-packages/keystonemiddleware/auth_token/__init__.py:407}}
Feb 26 17:20:47 ubuntu devstack@keystone.service[61705]: [pid: 61705|app: 0|req: 20/41] 10.120.125.137 () {62 vars in 1208 bytes} [Thu Feb 26 17:20:47 2026] POST /identity/v3/projects => generated 302 bytes in 156 msecs (HTTP/1.1 201) 5 headers in 182 bytes (1 switches on core 0)
Feb 26 17:20:47 ubuntu devstack@keystone.service[61704]: DEBUG keystone.server.flask.request_processing.middleware.auth_context [None req-cc8a8b1e-d533-42eb-a485-386ad67751fb None admin] Validating token access rules against request {{(pid=61704) validate_allowed_request /opt/stack/data/venv/lib/python3.12/site-packages/keystonemiddleware/auth_token/__init__.py:545}}
Feb 26 17:20:47 ubuntu devstack@keystone.service[61705]: DEBUG keystone.server.flask.request_processing.middleware.auth_context [None req-f22a6dcb-56db-4204-9647-4c2b1486e857 None admin] Authenticating user token {{(pid=61705) process_request /opt/stack/data/venv/lib/python3.12/site-packages/keystonemiddleware/auth_token/__init__.py:407}}
Feb 26 17:20:47 ubuntu devstack@keystone.service[61704]: DEBUG keystone.server.flask.request_processing.middleware.auth_context [None req-f0a20caf-07f8-4b07-8338-e7332295ffeb None admin] RBAC: auth_context: {'token': <TokenModel (audit_id=e_jDsWOgTTWoocg3Ug9Xsg, audit_chain_id=['e_jDsWOgTTWoocg3Ug9Xsg']) at 0x7e2518084da0>, 'domain_id': None, 'trust_id': None, 'trustor_id': None, 'trustee_id': None, 'domain_name': None, 'group_ids': [], 'user_id': '661d87a59058495c9c99642b7a32a2f3', 'user_domain_id': 'default', 'system_scope': 'all', 'project_id': None, 'project_domain_id': None, 'roles': ['admin', 'manager', 'member', 'reader'], 'is_admin_project': True, 'service_user_id': None, 'service_user_domain_id': None, 'service_project_id': None, 'service_project_domain_id': None, 'service_roles': []} {{(pid=61704) fill_context /opt/stack/keystone/keystone/server/flask/request_processing/middleware/auth_context.py:509}}
Feb 26 17:20:47 ubuntu devstack@keystone.service[61704]: DEBUG keystone.server.flask.request_processing.req_logging [None req-f0a20caf-07f8-4b07-8338-e7332295ffeb None admin] REQUEST_METHOD: `GET` {{(pid=61704) log_request_info /opt/stack/keystone/keystone/server/flask/request_processing/req_logging.py:26}}
Feb 26 17:20:47 ubuntu devstack@keystone.service[61704]: DEBUG keystone.server.flask.request_processing.req_logging [None req-f0a20caf-07f8-4b07-8338-e7332295ffeb None admin] SCRIPT_NAME: `/identity` {{(pid=61704) log_request_info /opt/stack/keystone/keystone/server/flask/request_processing/req_logging.py:27}}
Feb 26 17:20:47 ubuntu devstack@keystone.service[61704]: DEBUG keystone.server.flask.request_processing.req_logging [None req-f0a20caf-07f8-4b07-8338-e7332295ffeb None admin] PATH_INFO: `/v3/roles` {{(pid=61704) log_request_info /opt/stack/keystone/keystone/server/flask/request_processing/req_logging.py:28}}
Feb 26 17:20:47 ubuntu devstack@keystone.service[61704]: DEBUG keystone.common.rbac_enforcer.enforcer [None req-f0a20caf-07f8-4b07-8338-e7332295ffeb None admin] RBAC: Adding query filter params (name=service) {{(pid=61704) _extract_filter_values /opt/stack/keystone/keystone/common/rbac_enforcer/enforcer.py:176}}
Feb 26 17:20:47 ubuntu devstack@keystone.service[61704]: DEBUG keystone.common.rbac_enforcer.enforcer [None req-f0a20caf-07f8-4b07-8338-e7332295ffeb None admin] RBAC: Authorizing `identity:list_roles()` {{(pid=61704) enforce_call /opt/stack/keystone/keystone/common/rbac_enforcer/enforcer.py:494}}
Feb 26 17:20:47 ubuntu devstack@keystone.service[61704]: DEBUG keystone.common.rbac_enforcer.enforcer [None req-f0a20caf-07f8-4b07-8338-e7332295ffeb None admin] RBAC: Authorization granted {{(pid=61704) enforce_call /opt/stack/keystone/keystone/common/rbac_enforcer/enforcer.py:505}}
Feb 26 17:20:47 ubuntu devstack@keystone.service[61704]: [pid: 61704|app: 0|req: 22/42] 10.120.125.137 () {58 vars in 1184 bytes} [Thu Feb 26 17:20:47 2026] GET /identity/v3/roles?name=service => generated 345 bytes in 65 msecs (HTTP/1.1 200) 5 headers in 177 bytes (1 switches on core 0)
Feb 26 17:20:47 ubuntu devstack@keystone.service[61704]: DEBUG keystone.server.flask.request_processing.middleware.auth_context [None req-f0a20caf-07f8-4b07-8338-e7332295ffeb None admin] Authenticating user token {{(pid=61704) process_request /opt/stack/data/venv/lib/python3.12/site-packages/keystonemiddleware/auth_token/__init__.py:407}}
Feb 26 17:20:47 ubuntu devstack@keystone.service[61705]: DEBUG keystone.server.flask.request_processing.middleware.auth_context [None req-f22a6dcb-56db-4204-9647-4c2b1486e857 None admin] Validating token access rules against request {{(pid=61705) validate_allowed_request /opt/stack/data/venv/lib/python3.12/site-packages/keystonemiddleware/auth_token/__init__.py:545}}
Feb 26 17:20:47 ubuntu devstack@keystone.service[61704]: DEBUG keystone.server.flask.request_processing.middleware.auth_context [None req-f0a20caf-07f8-4b07-8338-e7332295ffeb None admin] Validating token access rules against request {{(pid=61704) validate_allowed_request /opt/stack/data/venv/lib/python3.12/site-packages/keystonemiddleware/auth_token/__init__.py:545}}
Feb 26 17:20:47 ubuntu devstack@keystone.service[61705]: DEBUG keystone.server.flask.request_processing.middleware.auth_context [None req-f783b2b1-1ecd-4cba-b790-5fb9f2ecc005 None admin] RBAC: auth_context: {'token': <TokenModel (audit_id=sMC90yCHR02btUo67I6C9A, audit_chain_id=['sMC90yCHR02btUo67I6C9A']) at 0x7e2517fd2f90>, 'domain_id': None, 'trust_id': None, 'trustor_id': None, 'trustee_id': None, 'domain_name': None, 'group_ids': [], 'user_id': '661d87a59058495c9c99642b7a32a2f3', 'user_domain_id': 'default', 'system_scope': 'all', 'project_id': None, 'project_domain_id': None, 'roles': ['admin', 'manager', 'member', 'reader'], 'is_admin_project': True, 'service_user_id': None, 'service_user_domain_id': None, 'service_project_id': None, 'service_project_domain_id': None, 'service_roles': []} {{(pid=61705) fill_context /opt/stack/keystone/keystone/server/flask/request_processing/middleware/auth_context.py:509}}
Feb 26 17:20:47 ubuntu devstack@keystone.service[61705]: DEBUG keystone.server.flask.request_processing.req_logging [None req-f783b2b1-1ecd-4cba-b790-5fb9f2ecc005 None admin] REQUEST_METHOD: `GET` {{(pid=61705) log_request_info /opt/stack/keystone/keystone/server/flask/request_processing/req_logging.py:26}}
Feb 26 17:20:47 ubuntu devstack@keystone.service[61705]: DEBUG keystone.server.flask.request_processing.req_logging [None req-f783b2b1-1ecd-4cba-b790-5fb9f2ecc005 None admin] SCRIPT_NAME: `/identity` {{(pid=61705) log_request_info /opt/stack/keystone/keystone/server/flask/request_processing/req_logging.py:27}}
Feb 26 17:20:47 ubuntu devstack@keystone.service[61705]: DEBUG keystone.server.flask.request_processing.req_logging [None req-f783b2b1-1ecd-4cba-b790-5fb9f2ecc005 None admin] PATH_INFO: `/v3/domains/default` {{(pid=61705) log_request_info /opt/stack/keystone/keystone/server/flask/request_processing/req_logging.py:28}}
Feb 26 17:20:47 ubuntu devstack@keystone.service[61705]: DEBUG keystone.common.rbac_enforcer.enforcer [None req-f783b2b1-1ecd-4cba-b790-5fb9f2ecc005 None admin] RBAC: Authorizing `identity:get_domain(domain_id=default)` {{(pid=61705) enforce_call /opt/stack/keystone/keystone/common/rbac_enforcer/enforcer.py:494}}
Feb 26 17:20:47 ubuntu devstack@keystone.service[61705]: DEBUG keystone.common.rbac_enforcer.enforcer [None req-f783b2b1-1ecd-4cba-b790-5fb9f2ecc005 None admin] RBAC: Authorization granted {{(pid=61705) enforce_call /opt/stack/keystone/keystone/common/rbac_enforcer/enforcer.py:505}}
Feb 26 17:20:47 ubuntu devstack@keystone.service[61705]: [pid: 61705|app: 0|req: 21/43] 10.120.125.137 () {58 vars in 1176 bytes} [Thu Feb 26 17:20:47 2026] GET /identity/v3/domains/default => generated 200 bytes in 75 msecs (HTTP/1.1 200) 5 headers in 177 bytes (1 switches on core 0)
Feb 26 17:20:47 ubuntu devstack@keystone.service[61705]: DEBUG keystone.server.flask.request_processing.req_logging [None req-62dacd8f-f85d-48cc-90a4-aff4b7aa70ab None None] REQUEST_METHOD: `POST` {{(pid=61705) log_request_info /opt/stack/keystone/keystone/server/flask/request_processing/req_logging.py:26}}
Feb 26 17:20:47 ubuntu devstack@keystone.service[61704]: DEBUG keystone.server.flask.request_processing.middleware.auth_context [None req-803612a7-3912-463f-b4e1-e513ab940d50 None admin] RBAC: auth_context: {'token': <TokenModel (audit_id=KqTk3SyARieXgo1rhxeh5Q, audit_chain_id=['KqTk3SyARieXgo1rhxeh5Q']) at 0x7e2518065ac0>, 'domain_id': None, 'trust_id': None, 'trustor_id': None, 'trustee_id': None, 'domain_name': None, 'group_ids': [], 'user_id': '661d87a59058495c9c99642b7a32a2f3', 'user_domain_id': 'default', 'system_scope': 'all', 'project_id': None, 'project_domain_id': None, 'roles': ['admin', 'manager', 'member', 'reader'], 'is_admin_project': True, 'service_user_id': None, 'service_user_domain_id': None, 'service_project_id': None, 'service_project_domain_id': None, 'service_roles': []} {{(pid=61704) fill_context /opt/stack/keystone/keystone/server/flask/request_processing/middleware/auth_context.py:509}}
Feb 26 17:20:47 ubuntu devstack@keystone.service[61704]: DEBUG keystone.server.flask.request_processing.req_logging [None req-803612a7-3912-463f-b4e1-e513ab940d50 None admin] REQUEST_METHOD: `POST` {{(pid=61704) log_request_info /opt/stack/keystone/keystone/server/flask/request_processing/req_logging.py:26}}
Feb 26 17:20:47 ubuntu devstack@keystone.service[61704]: DEBUG keystone.server.flask.request_processing.req_logging [None req-803612a7-3912-463f-b4e1-e513ab940d50 None admin] SCRIPT_NAME: `/identity` {{(pid=61704) log_request_info /opt/stack/keystone/keystone/server/flask/request_processing/req_logging.py:27}}
Feb 26 17:20:47 ubuntu devstack@keystone.service[61704]: DEBUG keystone.server.flask.request_processing.req_logging [None req-803612a7-3912-463f-b4e1-e513ab940d50 None admin] PATH_INFO: `/v3/roles` {{(pid=61704) log_request_info /opt/stack/keystone/keystone/server/flask/request_processing/req_logging.py:28}}
Feb 26 17:20:47 ubuntu devstack@keystone.service[61705]: DEBUG keystone.server.flask.request_processing.req_logging [None req-62dacd8f-f85d-48cc-90a4-aff4b7aa70ab None None] SCRIPT_NAME: `/identity` {{(pid=61705) log_request_info /opt/stack/keystone/keystone/server/flask/request_processing/req_logging.py:27}}
Feb 26 17:20:47 ubuntu devstack@keystone.service[61705]: DEBUG keystone.server.flask.request_processing.req_logging [None req-62dacd8f-f85d-48cc-90a4-aff4b7aa70ab None None] PATH_INFO: `/v3/auth/tokens` {{(pid=61705) log_request_info /opt/stack/keystone/keystone/server/flask/request_processing/req_logging.py:28}}
Feb 26 17:20:47 ubuntu devstack@keystone.service[61704]: DEBUG keystone.common.rbac_enforcer.enforcer [None req-803612a7-3912-463f-b4e1-e513ab940d50 None admin] RBAC: Authorizing `identity:create_role()` {{(pid=61704) enforce_call /opt/stack/keystone/keystone/common/rbac_enforcer/enforcer.py:494}}
Feb 26 17:20:47 ubuntu devstack@keystone.service[61704]: DEBUG keystone.common.rbac_enforcer.enforcer [None req-803612a7-3912-463f-b4e1-e513ab940d50 None admin] RBAC: Authorization granted {{(pid=61704) enforce_call /opt/stack/keystone/keystone/common/rbac_enforcer/enforcer.py:505}}
Feb 26 17:20:47 ubuntu devstack@keystone.service[61705]: WARNING keystone.common.password_hashing [None req-62dacd8f-f85d-48cc-90a4-aff4b7aa70ab None None] Truncating password to algorithm specific maximum length 72 characters.
Feb 26 17:20:47 ubuntu devstack@keystone.service[61704]: [pid: 61704|app: 0|req: 23/44] 10.120.125.137 () {62 vars in 1199 bytes} [Thu Feb 26 17:20:47 2026] POST /identity/v3/roles => generated 226 bytes in 70 msecs (HTTP/1.1 201) 5 headers in 182 bytes (1 switches on core 0)
Feb 26 17:20:47 ubuntu devstack@keystone.service[61705]: DEBUG keystone.auth.core [None req-62dacd8f-f85d-48cc-90a4-aff4b7aa70ab None None] MFA Rules not processed for user `661d87a59058495c9c99642b7a32a2f3`. Rule list: `[]` (Enabled: `True`). {{(pid=61705) check_auth_methods_against_rules /opt/stack/keystone/keystone/auth/core.py:476}}
Feb 26 17:20:47 ubuntu devstack@keystone.service[61705]: DEBUG keystone.common.fernet_utils [None req-62dacd8f-f85d-48cc-90a4-aff4b7aa70ab None None] Loaded 2 Fernet keys from /etc/keystone/fernet-keys/, but `[fernet_tokens] max_active_keys = 3`; perhaps there have not been enough key rotations to reach `max_active_keys` yet? {{(pid=61705) load_keys /opt/stack/keystone/keystone/common/fernet_utils.py:297}}
Feb 26 17:20:47 ubuntu devstack@keystone.service[61704]: DEBUG keystone.server.flask.request_processing.middleware.auth_context [None req-803612a7-3912-463f-b4e1-e513ab940d50 None admin] Authenticating user token {{(pid=61704) process_request /opt/stack/data/venv/lib/python3.12/site-packages/keystonemiddleware/auth_token/__init__.py:407}}
Feb 26 17:20:47 ubuntu devstack@keystone.service[61705]: [pid: 61705|app: 0|req: 22/45] 10.120.125.137 () {60 vars in 1048 bytes} [Thu Feb 26 17:20:47 2026] POST /identity/v3/auth/tokens => generated 863 bytes in 60 msecs (HTTP/1.1 201) 6 headers in 363 bytes (1 switches on core 0)
Feb 26 17:20:47 ubuntu devstack@keystone.service[61705]: DEBUG keystone.server.flask.request_processing.middleware.auth_context [None req-62dacd8f-f85d-48cc-90a4-aff4b7aa70ab None None] Authenticating user token {{(pid=61705) process_request /opt/stack/data/venv/lib/python3.12/site-packages/keystonemiddleware/auth_token/__init__.py:407}}
Feb 26 17:20:47 ubuntu devstack@keystone.service[61704]: DEBUG keystone.server.flask.request_processing.middleware.auth_context [None req-803612a7-3912-463f-b4e1-e513ab940d50 None admin] Validating token access rules against request {{(pid=61704) validate_allowed_request /opt/stack/data/venv/lib/python3.12/site-packages/keystonemiddleware/auth_token/__init__.py:545}}
Feb 26 17:20:47 ubuntu devstack@keystone.service[61704]: DEBUG keystone.server.flask.request_processing.middleware.auth_context [None req-3f47ff98-f396-4d74-9b03-8fa31ce749bd None admin] RBAC: auth_context: {'token': <TokenModel (audit_id=sMC90yCHR02btUo67I6C9A, audit_chain_id=['sMC90yCHR02btUo67I6C9A']) at 0x7e2517f4eea0>, 'domain_id': None, 'trust_id': None, 'trustor_id': None, 'trustee_id': None, 'domain_name': None, 'group_ids': [], 'user_id': '661d87a59058495c9c99642b7a32a2f3', 'user_domain_id': 'default', 'system_scope': 'all', 'project_id': None, 'project_domain_id': None, 'roles': ['admin', 'manager', 'member', 'reader'], 'is_admin_project': True, 'service_user_id': None, 'service_user_domain_id': None, 'service_project_id': None, 'service_project_domain_id': None, 'service_roles': []} {{(pid=61704) fill_context /opt/stack/keystone/keystone/server/flask/request_processing/middleware/auth_context.py:509}}
Feb 26 17:20:47 ubuntu devstack@keystone.service[61704]: DEBUG keystone.server.flask.request_processing.req_logging [None req-3f47ff98-f396-4d74-9b03-8fa31ce749bd None admin] REQUEST_METHOD: `GET` {{(pid=61704) log_request_info /opt/stack/keystone/keystone/server/flask/request_processing/req_logging.py:26}}
Feb 26 17:20:47 ubuntu devstack@keystone.service[61704]: DEBUG keystone.server.flask.request_processing.req_logging [None req-3f47ff98-f396-4d74-9b03-8fa31ce749bd None admin] SCRIPT_NAME: `/identity` {{(pid=61704) log_request_info /opt/stack/keystone/keystone/server/flask/request_processing/req_logging.py:27}}
Feb 26 17:20:47 ubuntu devstack@keystone.service[61704]: DEBUG keystone.server.flask.request_processing.req_logging [None req-3f47ff98-f396-4d74-9b03-8fa31ce749bd None admin] PATH_INFO: `/v3/role_assignments` {{(pid=61704) log_request_info /opt/stack/keystone/keystone/server/flask/request_processing/req_logging.py:28}}
Feb 26 17:20:47 ubuntu devstack@keystone.service[61704]: DEBUG keystone.common.rbac_enforcer.enforcer [None req-3f47ff98-f396-4d74-9b03-8fa31ce749bd None admin] RBAC: Adding query filter params (role.id=47cdd8f60a5a4e42a670a0b3b6f1ed9c, scope.domain.id=default, user.id=661d87a59058495c9c99642b7a32a2f3) {{(pid=61704) _extract_filter_values /opt/stack/keystone/keystone/common/rbac_enforcer/enforcer.py:176}}
Feb 26 17:20:47 ubuntu devstack@keystone.service[61704]: DEBUG keystone.common.rbac_enforcer.enforcer [None req-3f47ff98-f396-4d74-9b03-8fa31ce749bd None admin] RBAC: Authorizing `identity:list_role_assignments()` {{(pid=61704) enforce_call /opt/stack/keystone/keystone/common/rbac_enforcer/enforcer.py:494}}
Feb 26 17:20:47 ubuntu devstack@keystone.service[61705]: DEBUG keystone.server.flask.request_processing.middleware.auth_context [None req-62dacd8f-f85d-48cc-90a4-aff4b7aa70ab None None] Validating token access rules against request {{(pid=61705) validate_allowed_request /opt/stack/data/venv/lib/python3.12/site-packages/keystonemiddleware/auth_token/__init__.py:545}}
Feb 26 17:20:47 ubuntu devstack@keystone.service[61704]: DEBUG keystone.common.rbac_enforcer.enforcer [None req-3f47ff98-f396-4d74-9b03-8fa31ce749bd None admin] RBAC: Authorization granted {{(pid=61704) enforce_call /opt/stack/keystone/keystone/common/rbac_enforcer/enforcer.py:505}}
Feb 26 17:20:47 ubuntu devstack@keystone.service[61704]: [pid: 61704|app: 0|req: 24/46] 10.120.125.137 () {58 vars in 1403 bytes} [Thu Feb 26 17:20:47 2026] GET /identity/v3/role_assignments?role.id=47cdd8f60a5a4e42a670a0b3b6f1ed9c&scope.domain.id=default&user.id=661d87a59058495c9c99642b7a32a2f3 => generated 532 bytes in 107 msecs (HTTP/1.1 200) 5 headers in 177 bytes (1 switches on core 0)
Feb 26 17:20:47 ubuntu devstack@keystone.service[61705]: DEBUG keystone.server.flask.request_processing.middleware.auth_context [None req-9eaba0c4-71ef-4d97-b820-a801876557f0 None admin] RBAC: auth_context: {'token': <TokenModel (audit_id=RY9HY62QTAaiGCE8Fyz3DQ, audit_chain_id=['RY9HY62QTAaiGCE8Fyz3DQ']) at 0x7e2517ce7770>, 'domain_id': None, 'trust_id': None, 'trustor_id': None, 'trustee_id': None, 'domain_name': None, 'group_ids': [], 'user_id': '661d87a59058495c9c99642b7a32a2f3', 'user_domain_id': 'default', 'system_scope': 'all', 'project_id': None, 'project_domain_id': None, 'roles': ['admin', 'manager', 'member', 'reader'], 'is_admin_project': True, 'service_user_id': None, 'service_user_domain_id': None, 'service_project_id': None, 'service_project_domain_id': None, 'service_roles': []} {{(pid=61705) fill_context /opt/stack/keystone/keystone/server/flask/request_processing/middleware/auth_context.py:509}}
Feb 26 17:20:47 ubuntu devstack@keystone.service[61705]: DEBUG keystone.server.flask.request_processing.req_logging [None req-9eaba0c4-71ef-4d97-b820-a801876557f0 None admin] REQUEST_METHOD: `POST` {{(pid=61705) log_request_info /opt/stack/keystone/keystone/server/flask/request_processing/req_logging.py:26}}
Feb 26 17:20:47 ubuntu devstack@keystone.service[61705]: DEBUG keystone.server.flask.request_processing.req_logging [None req-9eaba0c4-71ef-4d97-b820-a801876557f0 None admin] SCRIPT_NAME: `/identity` {{(pid=61705) log_request_info /opt/stack/keystone/keystone/server/flask/request_processing/req_logging.py:27}}
Feb 26 17:20:47 ubuntu devstack@keystone.service[61705]: DEBUG keystone.server.flask.request_processing.req_logging [None req-9eaba0c4-71ef-4d97-b820-a801876557f0 None admin] PATH_INFO: `/v3/roles` {{(pid=61705) log_request_info /opt/stack/keystone/keystone/server/flask/request_processing/req_logging.py:28}}
Feb 26 17:20:47 ubuntu devstack@keystone.service[61705]: DEBUG keystone.common.rbac_enforcer.enforcer [None req-9eaba0c4-71ef-4d97-b820-a801876557f0 None admin] RBAC: Authorizing `identity:create_role()` {{(pid=61705) enforce_call /opt/stack/keystone/keystone/common/rbac_enforcer/enforcer.py:494}}
Feb 26 17:20:47 ubuntu devstack@keystone.service[61705]: DEBUG keystone.common.rbac_enforcer.enforcer [None req-9eaba0c4-71ef-4d97-b820-a801876557f0 None admin] RBAC: Authorization granted {{(pid=61705) enforce_call /opt/stack/keystone/keystone/common/rbac_enforcer/enforcer.py:505}}
Feb 26 17:20:47 ubuntu devstack@keystone.service[61705]: [pid: 61705|app: 0|req: 23/47] 10.120.125.137 () {62 vars in 1199 bytes} [Thu Feb 26 17:20:47 2026] POST /identity/v3/roles => generated 224 bytes in 94 msecs (HTTP/1.1 201) 5 headers in 182 bytes (1 switches on core 0)
Feb 26 17:20:48 ubuntu devstack@keystone.service[61704]: DEBUG keystone.server.flask.request_processing.middleware.auth_context [None req-3f47ff98-f396-4d74-9b03-8fa31ce749bd None admin] Authenticating user token {{(pid=61704) process_request /opt/stack/data/venv/lib/python3.12/site-packages/keystonemiddleware/auth_token/__init__.py:407}}
Feb 26 17:20:48 ubuntu devstack@keystone.service[61704]: DEBUG keystone.server.flask.request_processing.middleware.auth_context [None req-3f47ff98-f396-4d74-9b03-8fa31ce749bd None admin] Validating token access rules against request {{(pid=61704) validate_allowed_request /opt/stack/data/venv/lib/python3.12/site-packages/keystonemiddleware/auth_token/__init__.py:545}}
