May 21 07:19:51 ubuntu systemd[1]: Starting devstack@g-api.service - Devstack devstack@g-api.service...
May 21 07:19:51 ubuntu devstack@g-api.service[114794]: [uWSGI] getting INI configuration from /etc/glance/glance-uwsgi.ini
May 21 07:19:51 ubuntu devstack@g-api.service[114794]: *** Starting uWSGI 2.0.24-debian (64bit) on [Thu May 21 07:19:51 2026] ***
May 21 07:19:51 ubuntu devstack@g-api.service[114794]: compiled with version: 13.2.0 on 17 April 2024 16:23:48
May 21 07:19:51 ubuntu devstack@g-api.service[114794]: os: Linux-6.8.0-100-generic #100-Ubuntu SMP PREEMPT_DYNAMIC Tue Jan 13 16:40:06 UTC 2026
May 21 07:19:51 ubuntu devstack@g-api.service[114794]: nodename: ubuntu
May 21 07:19:51 ubuntu devstack@g-api.service[114794]: machine: x86_64
May 21 07:19:51 ubuntu devstack@g-api.service[114794]: clock source: unix
May 21 07:19:51 ubuntu devstack@g-api.service[114794]: pcre jit disabled
May 21 07:19:51 ubuntu devstack@g-api.service[114794]: detected number of CPU cores: 4
May 21 07:19:51 ubuntu devstack@g-api.service[114794]: current working directory: /
May 21 07:19:51 ubuntu devstack@g-api.service[114794]: detected binary path: /usr/bin/uwsgi-core
May 21 07:19:51 ubuntu devstack@g-api.service[114794]: your processes number limit is 31446
May 21 07:19:51 ubuntu devstack@g-api.service[114794]: your memory page size is 4096 bytes
May 21 07:19:51 ubuntu devstack@g-api.service[114794]: detected max file descriptor number: 2048
May 21 07:19:51 ubuntu devstack@g-api.service[114794]: lock engine: pthread robust mutexes
May 21 07:19:51 ubuntu devstack@g-api.service[114794]: thunder lock: enabled
May 21 07:19:51 ubuntu devstack@g-api.service[114794]: uwsgi socket 0 bound to TCP address 127.0.0.1:60999 fd 4
May 21 07:19:51 ubuntu devstack@g-api.service[114794]: Python version: 3.12.3 (main, Mar 23 2026, 19:04:32) [GCC 13.3.0]
May 21 07:19:51 ubuntu devstack@g-api.service[114794]: PEP 405 virtualenv detected: /opt/stack/data/venv
May 21 07:19:51 ubuntu devstack@g-api.service[114794]: Set PythonHome to /opt/stack/data/venv
May 21 07:19:51 ubuntu devstack@g-api.service[114794]: Python main interpreter initialized at 0x7b93594a3668
May 21 07:19:51 ubuntu devstack@g-api.service[114794]: python threads support enabled
May 21 07:19:51 ubuntu devstack@g-api.service[114794]: your server socket listen backlog is limited to 100 connections
May 21 07:19:51 ubuntu devstack@g-api.service[114794]: your mercy for graceful operations on workers is 80 seconds
May 21 07:19:51 ubuntu devstack@g-api.service[114794]: mapped 403077 bytes (393 KB) for 2 cores
May 21 07:19:51 ubuntu devstack@g-api.service[114794]: *** Operational MODE: preforking ***
May 21 07:19:51 ubuntu devstack@g-api.service[114794]: *** uWSGI is running in multiple interpreter mode ***
May 21 07:19:51 ubuntu devstack@g-api.service[114794]: spawned uWSGI master process (pid: 114794)
May 21 07:19:51 ubuntu systemd[1]: Started devstack@g-api.service - Devstack devstack@g-api.service.
May 21 07:19:51 ubuntu devstack@g-api.service[114794]: spawned uWSGI worker 1 (pid: 114797, cores: 1)
May 21 07:19:51 ubuntu devstack@g-api.service[114794]: spawned uWSGI worker 2 (pid: 114798, cores: 1)
May 21 07:19:51 ubuntu devstack@g-api.service[114794]: running "unix_signal:15 gracefully_kill_them_all" (master-start)...
May 21 07:19:52 ubuntu devstack@g-api.service[114797]: /opt/stack/data/venv/lib/python3.12/site-packages/oslo_utils/importutils.py:77: EventletDeprecationWarning:
May 21 07:19:52 ubuntu devstack@g-api.service[114797]: Eventlet is deprecated. It is currently being maintained in bugfix mode, and
May 21 07:19:52 ubuntu devstack@g-api.service[114797]: we strongly recommend against using it for new projects.
May 21 07:19:52 ubuntu devstack@g-api.service[114797]: If you are already using Eventlet, we recommend migrating to a different
May 21 07:19:52 ubuntu devstack@g-api.service[114797]: framework.  For more detail see
May 21 07:19:52 ubuntu devstack@g-api.service[114797]: https://eventlet.readthedocs.io/en/latest/asyncio/migration.html
May 21 07:19:52 ubuntu devstack@g-api.service[114797]:   __import__(import_str)
May 21 07:19:52 ubuntu devstack@g-api.service[114798]: /opt/stack/data/venv/lib/python3.12/site-packages/oslo_utils/importutils.py:77: EventletDeprecationWarning:
May 21 07:19:52 ubuntu devstack@g-api.service[114798]: Eventlet is deprecated. It is currently being maintained in bugfix mode, and
May 21 07:19:52 ubuntu devstack@g-api.service[114798]: we strongly recommend against using it for new projects.
May 21 07:19:52 ubuntu devstack@g-api.service[114798]: If you are already using Eventlet, we recommend migrating to a different
May 21 07:19:52 ubuntu devstack@g-api.service[114798]: framework.  For more detail see
May 21 07:19:52 ubuntu devstack@g-api.service[114798]: https://eventlet.readthedocs.io/en/latest/asyncio/migration.html
May 21 07:19:52 ubuntu devstack@g-api.service[114798]:   __import__(import_str)
May 21 07:19:52 ubuntu devstack@g-api.service[114798]: INFO glance.async_ [-] Threadpool model set to 'NativeThreadPoolModel'
May 21 07:19:52 ubuntu devstack@g-api.service[114797]: INFO glance.async_ [-] Threadpool model set to 'NativeThreadPoolModel'
May 21 07:19:52 ubuntu devstack@g-api.service[114797]: DEBUG oslo_concurrency.processutils [-] Running cmd (subprocess): grep -F node.session.scan /sbin/iscsiadm {{(pid=114797) execute /opt/stack/data/venv/lib/python3.12/site-packages/oslo_concurrency/processutils.py:440}}
May 21 07:19:52 ubuntu devstack@g-api.service[114798]: DEBUG oslo_concurrency.processutils [-] Running cmd (subprocess): grep -F node.session.scan /sbin/iscsiadm {{(pid=114798) execute /opt/stack/data/venv/lib/python3.12/site-packages/oslo_concurrency/processutils.py:440}}
May 21 07:19:52 ubuntu devstack@g-api.service[114797]: DEBUG oslo_concurrency.processutils [-] CMD "grep -F node.session.scan /sbin/iscsiadm" returned: 0 in 0.010s {{(pid=114797) execute /opt/stack/data/venv/lib/python3.12/site-packages/oslo_concurrency/processutils.py:468}}
May 21 07:19:52 ubuntu devstack@g-api.service[114798]: DEBUG oslo_concurrency.processutils [-] CMD "grep -F node.session.scan /sbin/iscsiadm" returned: 0 in 0.017s {{(pid=114798) execute /opt/stack/data/venv/lib/python3.12/site-packages/oslo_concurrency/processutils.py:468}}
May 21 07:19:53 ubuntu devstack@g-api.service[114797]: DEBUG glance_store.backend [-] Attempting to import store cinder {{(pid=114797) _load_store /opt/stack/data/venv/lib/python3.12/site-packages/glance_store/backend.py:215}}
May 21 07:19:53 ubuntu devstack@g-api.service[114798]: DEBUG glance_store.backend [-] Attempting to import store cinder {{(pid=114798) _load_store /opt/stack/data/venv/lib/python3.12/site-packages/glance_store/backend.py:215}}
May 21 07:19:53 ubuntu devstack@g-api.service[114797]: DEBUG glance_store.backend [-] Attempting to import store file {{(pid=114797) _load_store /opt/stack/data/venv/lib/python3.12/site-packages/glance_store/backend.py:215}}
May 21 07:19:53 ubuntu devstack@g-api.service[114798]: DEBUG glance_store.backend [-] Attempting to import store file {{(pid=114798) _load_store /opt/stack/data/venv/lib/python3.12/site-packages/glance_store/backend.py:215}}
May 21 07:19:53 ubuntu devstack@g-api.service[114797]: DEBUG glance_store.backend [-] Attempting to import store glance.store.cinder.Store {{(pid=114797) _load_store /opt/stack/data/venv/lib/python3.12/site-packages/glance_store/backend.py:215}}
May 21 07:19:53 ubuntu devstack@g-api.service[114798]: DEBUG glance_store.backend [-] Attempting to import store glance.store.cinder.Store {{(pid=114798) _load_store /opt/stack/data/venv/lib/python3.12/site-packages/glance_store/backend.py:215}}
May 21 07:19:53 ubuntu devstack@g-api.service[114797]: DEBUG glance_store.backend [-] Attempting to import store glance.store.filesystem.Store {{(pid=114797) _load_store /opt/stack/data/venv/lib/python3.12/site-packages/glance_store/backend.py:215}}
May 21 07:19:53 ubuntu devstack@g-api.service[114798]: DEBUG glance_store.backend [-] Attempting to import store glance.store.filesystem.Store {{(pid=114798) _load_store /opt/stack/data/venv/lib/python3.12/site-packages/glance_store/backend.py:215}}
May 21 07:19:53 ubuntu devstack@g-api.service[114797]: DEBUG glance_store.backend [-] Attempting to import store glance.store.http.Store {{(pid=114797) _load_store /opt/stack/data/venv/lib/python3.12/site-packages/glance_store/backend.py:215}}
May 21 07:19:53 ubuntu devstack@g-api.service[114798]: DEBUG glance_store.backend [-] Attempting to import store glance.store.http.Store {{(pid=114798) _load_store /opt/stack/data/venv/lib/python3.12/site-packages/glance_store/backend.py:215}}
May 21 07:19:53 ubuntu devstack@g-api.service[114797]: DEBUG glance_store.backend [-] Attempting to import store glance.store.rbd.Store {{(pid=114797) _load_store /opt/stack/data/venv/lib/python3.12/site-packages/glance_store/backend.py:215}}
May 21 07:19:53 ubuntu devstack@g-api.service[114798]: DEBUG glance_store.backend [-] Attempting to import store glance.store.rbd.Store {{(pid=114798) _load_store /opt/stack/data/venv/lib/python3.12/site-packages/glance_store/backend.py:215}}
May 21 07:19:53 ubuntu devstack@g-api.service[114797]: DEBUG glance_store.backend [-] Attempting to import store glance.store.s3.Store {{(pid=114797) _load_store /opt/stack/data/venv/lib/python3.12/site-packages/glance_store/backend.py:215}}
May 21 07:19:53 ubuntu devstack@g-api.service[114798]: DEBUG glance_store.backend [-] Attempting to import store glance.store.s3.Store {{(pid=114798) _load_store /opt/stack/data/venv/lib/python3.12/site-packages/glance_store/backend.py:215}}
May 21 07:19:53 ubuntu devstack@g-api.service[114798]: DEBUG glance_store.backend [-] Attempting to import store glance.store.swift.Store {{(pid=114798) _load_store /opt/stack/data/venv/lib/python3.12/site-packages/glance_store/backend.py:215}}
May 21 07:19:53 ubuntu devstack@g-api.service[114797]: DEBUG glance_store.backend [-] Attempting to import store glance.store.swift.Store {{(pid=114797) _load_store /opt/stack/data/venv/lib/python3.12/site-packages/glance_store/backend.py:215}}
May 21 07:19:53 ubuntu devstack@g-api.service[114798]: DEBUG glance_store.backend [-] Attempting to import store glance.store.vmware_datastore.Store {{(pid=114798) _load_store /opt/stack/data/venv/lib/python3.12/site-packages/glance_store/backend.py:215}}
May 21 07:19:53 ubuntu devstack@g-api.service[114797]: DEBUG glance_store.backend [-] Attempting to import store glance.store.vmware_datastore.Store {{(pid=114797) _load_store /opt/stack/data/venv/lib/python3.12/site-packages/glance_store/backend.py:215}}
May 21 07:19:53 ubuntu devstack@g-api.service[114798]: DEBUG glance_store.backend [-] Attempting to import store http {{(pid=114798) _load_store /opt/stack/data/venv/lib/python3.12/site-packages/glance_store/backend.py:215}}
May 21 07:19:53 ubuntu devstack@g-api.service[114797]: DEBUG glance_store.backend [-] Attempting to import store http {{(pid=114797) _load_store /opt/stack/data/venv/lib/python3.12/site-packages/glance_store/backend.py:215}}
May 21 07:19:53 ubuntu devstack@g-api.service[114798]: DEBUG glance_store.backend [-] Attempting to import store no_conf {{(pid=114798) _load_store /opt/stack/data/venv/lib/python3.12/site-packages/glance_store/backend.py:215}}
May 21 07:19:53 ubuntu devstack@g-api.service[114797]: DEBUG glance_store.backend [-] Attempting to import store no_conf {{(pid=114797) _load_store /opt/stack/data/venv/lib/python3.12/site-packages/glance_store/backend.py:215}}
May 21 07:19:53 ubuntu devstack@g-api.service[114798]: DEBUG glance_store.backend [-] Attempting to import store rbd {{(pid=114798) _load_store /opt/stack/data/venv/lib/python3.12/site-packages/glance_store/backend.py:215}}
May 21 07:19:53 ubuntu devstack@g-api.service[114797]: DEBUG glance_store.backend [-] Attempting to import store rbd {{(pid=114797) _load_store /opt/stack/data/venv/lib/python3.12/site-packages/glance_store/backend.py:215}}
May 21 07:19:53 ubuntu devstack@g-api.service[114798]: DEBUG glance_store.backend [-] Attempting to import store s3 {{(pid=114798) _load_store /opt/stack/data/venv/lib/python3.12/site-packages/glance_store/backend.py:215}}
May 21 07:19:53 ubuntu devstack@g-api.service[114797]: DEBUG glance_store.backend [-] Attempting to import store s3 {{(pid=114797) _load_store /opt/stack/data/venv/lib/python3.12/site-packages/glance_store/backend.py:215}}
May 21 07:19:53 ubuntu devstack@g-api.service[114798]: DEBUG glance_store.backend [-] Attempting to import store swift {{(pid=114798) _load_store /opt/stack/data/venv/lib/python3.12/site-packages/glance_store/backend.py:215}}
May 21 07:19:53 ubuntu devstack@g-api.service[114797]: DEBUG glance_store.backend [-] Attempting to import store swift {{(pid=114797) _load_store /opt/stack/data/venv/lib/python3.12/site-packages/glance_store/backend.py:215}}
May 21 07:19:53 ubuntu devstack@g-api.service[114798]: DEBUG glance_store.backend [-] Attempting to import store vmware {{(pid=114798) _load_store /opt/stack/data/venv/lib/python3.12/site-packages/glance_store/backend.py:215}}
May 21 07:19:53 ubuntu devstack@g-api.service[114797]: DEBUG glance_store.backend [-] Attempting to import store vmware {{(pid=114797) _load_store /opt/stack/data/venv/lib/python3.12/site-packages/glance_store/backend.py:215}}
May 21 07:19:53 ubuntu devstack@g-api.service[114798]: DEBUG glance_store.backend [-] Registering options for group glance_store {{(pid=114798) register_opts /opt/stack/data/venv/lib/python3.12/site-packages/glance_store/backend.py:144}}
May 21 07:19:53 ubuntu devstack@g-api.service[114797]: DEBUG glance_store.backend [-] Registering options for group glance_store {{(pid=114797) register_opts /opt/stack/data/venv/lib/python3.12/site-packages/glance_store/backend.py:144}}
May 21 07:19:53 ubuntu devstack@g-api.service[114798]: DEBUG glance_store.backend [-] Registering options for group glance_store {{(pid=114798) register_opts /opt/stack/data/venv/lib/python3.12/site-packages/glance_store/backend.py:144}}
May 21 07:19:53 ubuntu devstack@g-api.service[114797]: DEBUG glance_store.backend [-] Registering options for group glance_store {{(pid=114797) register_opts /opt/stack/data/venv/lib/python3.12/site-packages/glance_store/backend.py:144}}
May 21 07:19:53 ubuntu devstack@g-api.service[114798]: DEBUG glance_store.backend [-] Attempting to import store file {{(pid=114798) _load_store /opt/stack/data/venv/lib/python3.12/site-packages/glance_store/backend.py:215}}
May 21 07:19:53 ubuntu devstack@g-api.service[114797]: DEBUG glance_store.backend [-] Attempting to import store file {{(pid=114797) _load_store /opt/stack/data/venv/lib/python3.12/site-packages/glance_store/backend.py:215}}
May 21 07:19:53 ubuntu devstack@g-api.service[114798]: DEBUG glance_store.capabilities [-] Store glance_store._drivers.filesystem.Store doesn't support updating dynamic storage capabilities. Please overwrite 'update_capabilities' method of the store to implement updating logics if needed. {{(pid=114798) update_capabilities /opt/stack/data/venv/lib/python3.12/site-packages/glance_store/capabilities.py:91}}
May 21 07:19:53 ubuntu devstack@g-api.service[114797]: DEBUG glance_store.capabilities [-] Store glance_store._drivers.filesystem.Store doesn't support updating dynamic storage capabilities. Please overwrite 'update_capabilities' method of the store to implement updating logics if needed. {{(pid=114797) update_capabilities /opt/stack/data/venv/lib/python3.12/site-packages/glance_store/capabilities.py:91}}
May 21 07:19:53 ubuntu devstack@g-api.service[114798]: DEBUG glance_store.backend [-] Registering store file with schemes ('file', 'filesystem') {{(pid=114798) create_stores /opt/stack/data/venv/lib/python3.12/site-packages/glance_store/backend.py:261}}
May 21 07:19:53 ubuntu devstack@g-api.service[114797]: DEBUG glance_store.backend [-] Registering store file with schemes ('file', 'filesystem') {{(pid=114797) create_stores /opt/stack/data/venv/lib/python3.12/site-packages/glance_store/backend.py:261}}
May 21 07:19:53 ubuntu devstack@g-api.service[114798]: DEBUG glance_store.driver [-] Late loading location class glance_store._drivers.filesystem.StoreLocation {{(pid=114798) get_store_location_class /opt/stack/data/venv/lib/python3.12/site-packages/glance_store/driver.py:134}}
May 21 07:19:53 ubuntu devstack@g-api.service[114797]: DEBUG glance_store.driver [-] Late loading location class glance_store._drivers.filesystem.StoreLocation {{(pid=114797) get_store_location_class /opt/stack/data/venv/lib/python3.12/site-packages/glance_store/driver.py:134}}
May 21 07:19:53 ubuntu devstack@g-api.service[114798]: DEBUG glance_store.location [-] Registering scheme file with {'store': <glance_store._drivers.filesystem.Store object at 0x7b93547aae40>, 'location_class': <class 'glance_store._drivers.filesystem.StoreLocation'>, 'store_entry': 'file'} {{(pid=114798) register_scheme_map /opt/stack/data/venv/lib/python3.12/site-packages/glance_store/location.py:146}}
May 21 07:19:53 ubuntu devstack@g-api.service[114797]: DEBUG glance_store.location [-] Registering scheme file with {'store': <glance_store._drivers.filesystem.Store object at 0x7b9354693a70>, 'location_class': <class 'glance_store._drivers.filesystem.StoreLocation'>, 'store_entry': 'file'} {{(pid=114797) register_scheme_map /opt/stack/data/venv/lib/python3.12/site-packages/glance_store/location.py:146}}
May 21 07:19:53 ubuntu devstack@g-api.service[114798]: DEBUG glance_store.location [-] Registering scheme filesystem with {'store': <glance_store._drivers.filesystem.Store object at 0x7b93547aae40>, 'location_class': <class 'glance_store._drivers.filesystem.StoreLocation'>, 'store_entry': 'file'} {{(pid=114798) register_scheme_map /opt/stack/data/venv/lib/python3.12/site-packages/glance_store/location.py:146}}
May 21 07:19:53 ubuntu devstack@g-api.service[114797]: DEBUG glance_store.location [-] Registering scheme filesystem with {'store': <glance_store._drivers.filesystem.Store object at 0x7b9354693a70>, 'location_class': <class 'glance_store._drivers.filesystem.StoreLocation'>, 'store_entry': 'file'} {{(pid=114797) register_scheme_map /opt/stack/data/venv/lib/python3.12/site-packages/glance_store/location.py:146}}
May 21 07:19:53 ubuntu devstack@g-api.service[114798]: DEBUG glance_store.backend [-] Attempting to import store http {{(pid=114798) _load_store /opt/stack/data/venv/lib/python3.12/site-packages/glance_store/backend.py:215}}
May 21 07:19:53 ubuntu devstack@g-api.service[114797]: DEBUG glance_store.backend [-] Attempting to import store http {{(pid=114797) _load_store /opt/stack/data/venv/lib/python3.12/site-packages/glance_store/backend.py:215}}
May 21 07:19:53 ubuntu devstack@g-api.service[114798]: DEBUG glance_store.capabilities [-] Store glance_store._drivers.http.Store doesn't support updating dynamic storage capabilities. Please overwrite 'update_capabilities' method of the store to implement updating logics if needed. {{(pid=114798) update_capabilities /opt/stack/data/venv/lib/python3.12/site-packages/glance_store/capabilities.py:91}}
May 21 07:19:53 ubuntu devstack@g-api.service[114797]: DEBUG glance_store.capabilities [-] Store glance_store._drivers.http.Store doesn't support updating dynamic storage capabilities. Please overwrite 'update_capabilities' method of the store to implement updating logics if needed. {{(pid=114797) update_capabilities /opt/stack/data/venv/lib/python3.12/site-packages/glance_store/capabilities.py:91}}
May 21 07:19:53 ubuntu devstack@g-api.service[114798]: DEBUG glance_store.backend [-] Registering store http with schemes ('http', 'https') {{(pid=114798) create_stores /opt/stack/data/venv/lib/python3.12/site-packages/glance_store/backend.py:261}}
May 21 07:19:53 ubuntu devstack@g-api.service[114797]: DEBUG glance_store.backend [-] Registering store http with schemes ('http', 'https') {{(pid=114797) create_stores /opt/stack/data/venv/lib/python3.12/site-packages/glance_store/backend.py:261}}
May 21 07:19:53 ubuntu devstack@g-api.service[114798]: DEBUG glance_store.driver [-] Late loading location class glance_store._drivers.http.StoreLocation {{(pid=114798) get_store_location_class /opt/stack/data/venv/lib/python3.12/site-packages/glance_store/driver.py:134}}
May 21 07:19:53 ubuntu devstack@g-api.service[114797]: DEBUG glance_store.driver [-] Late loading location class glance_store._drivers.http.StoreLocation {{(pid=114797) get_store_location_class /opt/stack/data/venv/lib/python3.12/site-packages/glance_store/driver.py:134}}
May 21 07:19:53 ubuntu devstack@g-api.service[114798]: DEBUG glance_store.location [-] Registering scheme http with {'store': <glance_store._drivers.http.Store object at 0x7b93545a2fc0>, 'location_class': <class 'glance_store._drivers.http.StoreLocation'>, 'store_entry': 'http'} {{(pid=114798) register_scheme_map /opt/stack/data/venv/lib/python3.12/site-packages/glance_store/location.py:146}}
May 21 07:19:53 ubuntu devstack@g-api.service[114797]: DEBUG glance_store.location [-] Registering scheme http with {'store': <glance_store._drivers.http.Store object at 0x7b93545f0aa0>, 'location_class': <class 'glance_store._drivers.http.StoreLocation'>, 'store_entry': 'http'} {{(pid=114797) register_scheme_map /opt/stack/data/venv/lib/python3.12/site-packages/glance_store/location.py:146}}
May 21 07:19:53 ubuntu devstack@g-api.service[114798]: DEBUG glance_store.location [-] Registering scheme https with {'store': <glance_store._drivers.http.Store object at 0x7b93545a2fc0>, 'location_class': <class 'glance_store._drivers.http.StoreLocation'>, 'store_entry': 'http'} {{(pid=114798) register_scheme_map /opt/stack/data/venv/lib/python3.12/site-packages/glance_store/location.py:146}}
May 21 07:19:53 ubuntu devstack@g-api.service[114797]: DEBUG glance_store.location [-] Registering scheme https with {'store': <glance_store._drivers.http.Store object at 0x7b93545f0aa0>, 'location_class': <class 'glance_store._drivers.http.StoreLocation'>, 'store_entry': 'http'} {{(pid=114797) register_scheme_map /opt/stack/data/venv/lib/python3.12/site-packages/glance_store/location.py:146}}
May 21 07:19:53 ubuntu devstack@g-api.service[114798]: DEBUG glance.sqlite_migration [-] SQLite caching database not located, skipping migration {{(pid=114798) get_db_path /opt/stack/glance/glance/sqlite_migration.py:68}}
May 21 07:19:53 ubuntu devstack@g-api.service[114797]: DEBUG glance.sqlite_migration [-] SQLite caching database not located, skipping migration {{(pid=114797) get_db_path /opt/stack/glance/glance/sqlite_migration.py:68}}
May 21 07:19:53 ubuntu devstack@g-api.service[114798]: WARNING glance.common.wsgi_app [-] Import methods are enabled but staging directory /tmp/staging/ does not exist; Imports will fail!
May 21 07:19:53 ubuntu devstack@g-api.service[114797]: WARNING glance.common.wsgi_app [-] Import methods are enabled but staging directory /tmp/staging/ does not exist; Imports will fail!
May 21 07:19:53 ubuntu devstack@g-api.service[114797]: DEBUG glance.common.config [None req-ee7aca58-2749-4015-a9c6-6bccfa0edc95 None None] Loading glance-api-keystone+cachemanagement from /etc/glance/glance-api-paste.ini {{(pid=114797) load_paste_app /opt/stack/glance/glance/common/config.py:758}}
May 21 07:19:53 ubuntu devstack@g-api.service[114798]: DEBUG glance.common.config [None req-e7be7c63-33f6-4d91-b381-8f8f5ec3c6b0 None None] Loading glance-api-keystone+cachemanagement from /etc/glance/glance-api-paste.ini {{(pid=114798) load_paste_app /opt/stack/glance/glance/common/config.py:758}}
May 21 07:19:54 ubuntu devstack@g-api.service[114797]: INFO glance.image_cache [None req-ee7aca58-2749-4015-a9c6-6bccfa0edc95 None None] Image cache loaded driver 'centralized_db'.
May 21 07:19:54 ubuntu devstack@g-api.service[114798]: INFO glance.image_cache [None req-e7be7c63-33f6-4d91-b381-8f8f5ec3c6b0 None None] Image cache loaded driver 'centralized_db'.
May 21 07:19:54 ubuntu devstack@g-api.service[114797]: INFO dbcounter [None req-ee7aca58-2749-4015-a9c6-6bccfa0edc95 None None] Registered counter for database glance
May 21 07:19:54 ubuntu devstack@g-api.service[114797]: DEBUG oslo_db.sqlalchemy.engines [None req-ee7aca58-2749-4015-a9c6-6bccfa0edc95 None None] MySQL server mode set to STRICT_TRANS_TABLES,STRICT_ALL_TABLES,NO_ZERO_IN_DATE,NO_ZERO_DATE,ERROR_FOR_DIVISION_BY_ZERO,TRADITIONAL,NO_ENGINE_SUBSTITUTION {{(pid=114797) _check_effective_sql_mode /opt/stack/data/venv/lib/python3.12/site-packages/oslo_db/sqlalchemy/engines.py:325}}
May 21 07:19:54 ubuntu devstack@g-api.service[114798]: INFO dbcounter [None req-e7be7c63-33f6-4d91-b381-8f8f5ec3c6b0 None None] Registered counter for database glance
May 21 07:19:54 ubuntu devstack@g-api.service[114798]: DEBUG oslo_db.sqlalchemy.engines [None req-e7be7c63-33f6-4d91-b381-8f8f5ec3c6b0 None None] MySQL server mode set to STRICT_TRANS_TABLES,STRICT_ALL_TABLES,NO_ZERO_IN_DATE,NO_ZERO_DATE,ERROR_FOR_DIVISION_BY_ZERO,TRADITIONAL,NO_ENGINE_SUBSTITUTION {{(pid=114798) _check_effective_sql_mode /opt/stack/data/venv/lib/python3.12/site-packages/oslo_db/sqlalchemy/engines.py:325}}
May 21 07:19:54 ubuntu devstack@g-api.service[114797]: DEBUG dbcounter [-] [114797] Writer thread running {{(pid=114797) stat_writer /opt/stack/data/venv/lib/python3.12/site-packages/dbcounter.py:102}}
May 21 07:19:54 ubuntu devstack@g-api.service[114797]: INFO glance.image_cache [None req-ee7aca58-2749-4015-a9c6-6bccfa0edc95 None None] Image cache loaded driver 'centralized_db'.
May 21 07:19:54 ubuntu devstack@g-api.service[114797]: DEBUG glance.image_cache.drivers.centralized_db [None req-ee7aca58-2749-4015-a9c6-6bccfa0edc95 None None] Node reference is already recorded, ignoring it {{(pid=114797) configure /opt/stack/glance/glance/image_cache/drivers/centralized_db.py:71}}
May 21 07:19:54 ubuntu devstack@g-api.service[114797]: DEBUG glance.api.v2.cached_images [None req-ee7aca58-2749-4015-a9c6-6bccfa0edc95 None None] Started cache worker thread {{(pid=114797) __init__ /opt/stack/glance/glance/api/v2/cached_images.py:69}}
May 21 07:19:54 ubuntu devstack@g-api.service[114797]: INFO glance.image_cache [None req-ee7aca58-2749-4015-a9c6-6bccfa0edc95 None None] Image cache loaded driver 'centralized_db'.
May 21 07:19:54 ubuntu devstack@g-api.service[114798]: DEBUG dbcounter [-] [114798] Writer thread running {{(pid=114798) stat_writer /opt/stack/data/venv/lib/python3.12/site-packages/dbcounter.py:102}}
May 21 07:19:54 ubuntu devstack@g-api.service[114798]: DEBUG glance.image_cache.drivers.centralized_db [None req-e7be7c63-33f6-4d91-b381-8f8f5ec3c6b0 None None] Node reference is already recorded, ignoring it {{(pid=114798) configure /opt/stack/glance/glance/image_cache/drivers/centralized_db.py:71}}
May 21 07:19:54 ubuntu devstack@g-api.service[114797]: DEBUG glance.image_cache.drivers.centralized_db [None req-ee7aca58-2749-4015-a9c6-6bccfa0edc95 None None] Node reference is already recorded, ignoring it {{(pid=114797) configure /opt/stack/glance/glance/image_cache/drivers/centralized_db.py:71}}
May 21 07:19:54 ubuntu devstack@g-api.service[114797]: INFO glance.api.middleware.cache_manage [None req-ee7aca58-2749-4015-a9c6-6bccfa0edc95 None None] Initialized image cache management middleware
May 21 07:19:54 ubuntu devstack@g-api.service[114797]: INFO glance.image_cache [None req-ee7aca58-2749-4015-a9c6-6bccfa0edc95 None None] Image cache loaded driver 'centralized_db'.
May 21 07:19:54 ubuntu devstack@g-api.service[114798]: INFO glance.image_cache [None req-e7be7c63-33f6-4d91-b381-8f8f5ec3c6b0 None None] Image cache loaded driver 'centralized_db'.
May 21 07:19:54 ubuntu devstack@g-api.service[114797]: DEBUG glance.image_cache.drivers.centralized_db [None req-ee7aca58-2749-4015-a9c6-6bccfa0edc95 None None] Node reference is already recorded, ignoring it {{(pid=114797) configure /opt/stack/glance/glance/image_cache/drivers/centralized_db.py:71}}
May 21 07:19:54 ubuntu devstack@g-api.service[114797]: INFO glance.api.middleware.cache [None req-ee7aca58-2749-4015-a9c6-6bccfa0edc95 None None] Initialized image cache middleware
May 21 07:19:54 ubuntu devstack@g-api.service[114798]: DEBUG glance.image_cache.drivers.centralized_db [None req-e7be7c63-33f6-4d91-b381-8f8f5ec3c6b0 None None] Node reference is already recorded, ignoring it {{(pid=114798) configure /opt/stack/glance/glance/image_cache/drivers/centralized_db.py:71}}
May 21 07:19:54 ubuntu devstack@g-api.service[114798]: DEBUG glance.api.v2.cached_images [None req-e7be7c63-33f6-4d91-b381-8f8f5ec3c6b0 None None] Started cache worker thread {{(pid=114798) __init__ /opt/stack/glance/glance/api/v2/cached_images.py:69}}
May 21 07:19:54 ubuntu devstack@g-api.service[114798]: INFO glance.image_cache [None req-e7be7c63-33f6-4d91-b381-8f8f5ec3c6b0 None None] Image cache loaded driver 'centralized_db'.
May 21 07:19:54 ubuntu devstack@g-api.service[114798]: DEBUG glance.image_cache.drivers.centralized_db [None req-e7be7c63-33f6-4d91-b381-8f8f5ec3c6b0 None None] Node reference is already recorded, ignoring it {{(pid=114798) configure /opt/stack/glance/glance/image_cache/drivers/centralized_db.py:71}}
May 21 07:19:54 ubuntu devstack@g-api.service[114797]: DEBUG glance.common.config [None req-ee7aca58-2749-4015-a9c6-6bccfa0edc95 None None] ******************************************************************************** {{(pid=114797) log_opt_values /opt/stack/data/venv/lib/python3.12/site-packages/oslo_config/cfg.py:3229}}
May 21 07:19:54 ubuntu devstack@g-api.service[114797]: DEBUG glance.common.config [None req-ee7aca58-2749-4015-a9c6-6bccfa0edc95 None None] Configuration options gathered from: {{(pid=114797) log_opt_values /opt/stack/data/venv/lib/python3.12/site-packages/oslo_config/cfg.py:3230}}
May 21 07:19:54 ubuntu devstack@g-api.service[114797]: DEBUG glance.common.config [None req-ee7aca58-2749-4015-a9c6-6bccfa0edc95 None None] command line args: [] {{(pid=114797) log_opt_values /opt/stack/data/venv/lib/python3.12/site-packages/oslo_config/cfg.py:3231}}
May 21 07:19:54 ubuntu devstack@g-api.service[114797]: DEBUG glance.common.config [None req-ee7aca58-2749-4015-a9c6-6bccfa0edc95 None None] config files: ['/etc/glance/glance-image-import.conf', '/etc/glance/glance-api.conf'] {{(pid=114797) log_opt_values /opt/stack/data/venv/lib/python3.12/site-packages/oslo_config/cfg.py:3232}}
May 21 07:19:54 ubuntu devstack@g-api.service[114797]: DEBUG glance.common.config [None req-ee7aca58-2749-4015-a9c6-6bccfa0edc95 None None] ================================================================================ {{(pid=114797) log_opt_values /opt/stack/data/venv/lib/python3.12/site-packages/oslo_config/cfg.py:3237}}
May 21 07:19:54 ubuntu devstack@g-api.service[114797]: DEBUG glance.common.config [None req-ee7aca58-2749-4015-a9c6-6bccfa0edc95 None None] allow_anonymous_access         = False {{(pid=114797) log_opt_values /opt/stack/data/venv/lib/python3.12/site-packages/oslo_config/cfg.py:3245}}
May 21 07:19:54 ubuntu devstack@g-api.service[114797]: DEBUG glance.common.config [None req-ee7aca58-2749-4015-a9c6-6bccfa0edc95 None None] api_limit_max                  = 1000 {{(pid=114797) log_opt_values /opt/stack/data/venv/lib/python3.12/site-packages/oslo_config/cfg.py:3245}}
May 21 07:19:54 ubuntu devstack@g-api.service[114797]: DEBUG glance.common.config [None req-ee7aca58-2749-4015-a9c6-6bccfa0edc95 None None] backlog                        = 4096 {{(pid=114797) log_opt_values /opt/stack/data/venv/lib/python3.12/site-packages/oslo_config/cfg.py:3245}}
May 21 07:19:54 ubuntu devstack@g-api.service[114797]: DEBUG glance.common.config [None req-ee7aca58-2749-4015-a9c6-6bccfa0edc95 None None] bind_host                      = 0.0.0.0 {{(pid=114797) log_opt_values /opt/stack/data/venv/lib/python3.12/site-packages/oslo_config/cfg.py:3245}}
May 21 07:19:54 ubuntu devstack@g-api.service[114797]: DEBUG glance.common.config [None req-ee7aca58-2749-4015-a9c6-6bccfa0edc95 None None] bind_port                      = None {{(pid=114797) log_opt_values /opt/stack/data/venv/lib/python3.12/site-packages/oslo_config/cfg.py:3245}}
May 21 07:19:54 ubuntu devstack@g-api.service[114797]: DEBUG glance.common.config [None req-ee7aca58-2749-4015-a9c6-6bccfa0edc95 None None] client_socket_timeout          = 900 {{(pid=114797) log_opt_values /opt/stack/data/venv/lib/python3.12/site-packages/oslo_config/cfg.py:3245}}
May 21 07:19:54 ubuntu devstack@g-api.service[114797]: DEBUG glance.common.config [None req-ee7aca58-2749-4015-a9c6-6bccfa0edc95 None None] config_dir                     = [] {{(pid=114797) log_opt_values /opt/stack/data/venv/lib/python3.12/site-packages/oslo_config/cfg.py:3245}}
May 21 07:19:54 ubuntu devstack@g-api.service[114797]: DEBUG glance.common.config [None req-ee7aca58-2749-4015-a9c6-6bccfa0edc95 None None] config_file                    = ['/etc/glance/glance-image-import.conf', '/etc/glance/glance-api.conf'] {{(pid=114797) log_opt_values /opt/stack/data/venv/lib/python3.12/site-packages/oslo_config/cfg.py:3245}}
May 21 07:19:54 ubuntu devstack@g-api.service[114797]: DEBUG glance.common.config [None req-ee7aca58-2749-4015-a9c6-6bccfa0edc95 None None] config_source                  = [] {{(pid=114797) log_opt_values /opt/stack/data/venv/lib/python3.12/site-packages/oslo_config/cfg.py:3245}}
May 21 07:19:54 ubuntu devstack@g-api.service[114797]: DEBUG glance.common.config [None req-ee7aca58-2749-4015-a9c6-6bccfa0edc95 None None] control_exchange               = glance {{(pid=114797) log_opt_values /opt/stack/data/venv/lib/python3.12/site-packages/oslo_config/cfg.py:3245}}
May 21 07:19:54 ubuntu devstack@g-api.service[114797]: DEBUG glance.common.config [None req-ee7aca58-2749-4015-a9c6-6bccfa0edc95 None None] debug                          = True {{(pid=114797) log_opt_values /opt/stack/data/venv/lib/python3.12/site-packages/oslo_config/cfg.py:3245}}
May 21 07:19:54 ubuntu devstack@g-api.service[114797]: DEBUG glance.common.config [None req-ee7aca58-2749-4015-a9c6-6bccfa0edc95 None None] default_log_levels             = ['amqp=WARN', 'boto=WARN', 'sqlalchemy=WARN', 'suds=INFO', 'oslo.messaging=INFO', 'oslo_messaging=INFO', 'iso8601=WARN', 'requests.packages.urllib3.connectionpool=WARN', 'urllib3.connectionpool=WARN', 'websocket=WARN', 'requests.packages.urllib3.util.retry=WARN', 'urllib3.util.retry=WARN', 'keystonemiddleware=WARN', 'routes.middleware=WARN', 'stevedore=WARN', 'taskflow=WARN', 'keystoneauth=WARN', 'oslo.cache=INFO', 'oslo_policy=INFO', 'dogpile.core.dogpile=INFO'] {{(pid=114797) log_opt_values /opt/stack/data/venv/lib/python3.12/site-packages/oslo_config/cfg.py:3245}}
May 21 07:19:54 ubuntu devstack@g-api.service[114797]: DEBUG glance.common.config [None req-ee7aca58-2749-4015-a9c6-6bccfa0edc95 None None] default_publisher_id           = image.localhost {{(pid=114797) log_opt_values /opt/stack/data/venv/lib/python3.12/site-packages/oslo_config/cfg.py:3245}}
May 21 07:19:54 ubuntu devstack@g-api.service[114797]: DEBUG glance.common.config [None req-ee7aca58-2749-4015-a9c6-6bccfa0edc95 None None] delayed_delete                 = False {{(pid=114797) log_opt_values /opt/stack/data/venv/lib/python3.12/site-packages/oslo_config/cfg.py:3245}}
May 21 07:19:54 ubuntu devstack@g-api.service[114797]: DEBUG glance.common.config [None req-ee7aca58-2749-4015-a9c6-6bccfa0edc95 None None] digest_algorithm               = sha256 {{(pid=114797) log_opt_values /opt/stack/data/venv/lib/python3.12/site-packages/oslo_config/cfg.py:3245}}
May 21 07:19:54 ubuntu devstack@g-api.service[114797]: DEBUG glance.common.config [None req-ee7aca58-2749-4015-a9c6-6bccfa0edc95 None None] disabled_notifications         = [] {{(pid=114797) log_opt_values /opt/stack/data/venv/lib/python3.12/site-packages/oslo_config/cfg.py:3245}}
May 21 07:19:54 ubuntu devstack@g-api.service[114797]: DEBUG glance.common.config [None req-ee7aca58-2749-4015-a9c6-6bccfa0edc95 None None] do_secure_hash                 = True {{(pid=114797) log_opt_values /opt/stack/data/venv/lib/python3.12/site-packages/oslo_config/cfg.py:3245}}
May 21 07:19:54 ubuntu devstack@g-api.service[114797]: DEBUG glance.common.config [None req-ee7aca58-2749-4015-a9c6-6bccfa0edc95 None None] enabled_backends               = None {{(pid=114797) log_opt_values /opt/stack/data/venv/lib/python3.12/site-packages/oslo_config/cfg.py:3245}}
May 21 07:19:54 ubuntu devstack@g-api.service[114797]: DEBUG glance.common.config [None req-ee7aca58-2749-4015-a9c6-6bccfa0edc95 None None] enabled_import_methods         = ['glance-direct', 'web-download', 'copy-image'] {{(pid=114797) log_opt_values /opt/stack/data/venv/lib/python3.12/site-packages/oslo_config/cfg.py:3245}}
May 21 07:19:54 ubuntu devstack@g-api.service[114797]: DEBUG glance.common.config [None req-ee7aca58-2749-4015-a9c6-6bccfa0edc95 None None] hashing_algorithm              = sha512 {{(pid=114797) log_opt_values /opt/stack/data/venv/lib/python3.12/site-packages/oslo_config/cfg.py:3245}}
May 21 07:19:54 ubuntu devstack@g-api.service[114797]: DEBUG glance.common.config [None req-ee7aca58-2749-4015-a9c6-6bccfa0edc95 None None] http_keepalive                 = True {{(pid=114797) log_opt_values /opt/stack/data/venv/lib/python3.12/site-packages/oslo_config/cfg.py:3245}}
May 21 07:19:54 ubuntu devstack@g-api.service[114797]: DEBUG glance.common.config [None req-ee7aca58-2749-4015-a9c6-6bccfa0edc95 None None] http_retries                   = 3 {{(pid=114797) log_opt_values /opt/stack/data/venv/lib/python3.12/site-packages/oslo_config/cfg.py:3245}}
May 21 07:19:54 ubuntu devstack@g-api.service[114797]: DEBUG glance.common.config [None req-ee7aca58-2749-4015-a9c6-6bccfa0edc95 None None] image_cache_dir                = /opt/stack/data/glance/cache/ {{(pid=114797) log_opt_values /opt/stack/data/venv/lib/python3.12/site-packages/oslo_config/cfg.py:3245}}
May 21 07:19:54 ubuntu devstack@g-api.service[114797]: DEBUG glance.common.config [None req-ee7aca58-2749-4015-a9c6-6bccfa0edc95 None None] image_cache_driver             = centralized_db {{(pid=114797) log_opt_values /opt/stack/data/venv/lib/python3.12/site-packages/oslo_config/cfg.py:3245}}
May 21 07:19:54 ubuntu devstack@g-api.service[114797]: DEBUG glance.common.config [None req-ee7aca58-2749-4015-a9c6-6bccfa0edc95 None None] image_cache_max_size           = 10737418240 {{(pid=114797) log_opt_values /opt/stack/data/venv/lib/python3.12/site-packages/oslo_config/cfg.py:3245}}
May 21 07:19:54 ubuntu devstack@g-api.service[114797]: DEBUG glance.common.config [None req-ee7aca58-2749-4015-a9c6-6bccfa0edc95 None None] image_cache_sqlite_db          = cache.db {{(pid=114797) log_opt_values /opt/stack/data/venv/lib/python3.12/site-packages/oslo_config/cfg.py:3245}}
May 21 07:19:54 ubuntu devstack@g-api.service[114797]: DEBUG glance.common.config [None req-ee7aca58-2749-4015-a9c6-6bccfa0edc95 None None] image_cache_stall_time         = 86400 {{(pid=114797) log_opt_values /opt/stack/data/venv/lib/python3.12/site-packages/oslo_config/cfg.py:3245}}
May 21 07:19:54 ubuntu devstack@g-api.service[114798]: INFO glance.api.middleware.cache_manage [None req-e7be7c63-33f6-4d91-b381-8f8f5ec3c6b0 None None] Initialized image cache management middleware
May 21 07:19:54 ubuntu devstack@g-api.service[114797]: DEBUG glance.common.config [None req-ee7aca58-2749-4015-a9c6-6bccfa0edc95 None None] image_location_quota           = 10 {{(pid=114797) log_opt_values /opt/stack/data/venv/lib/python3.12/site-packages/oslo_config/cfg.py:3245}}
May 21 07:19:54 ubuntu devstack@g-api.service[114798]: INFO glance.image_cache [None req-e7be7c63-33f6-4d91-b381-8f8f5ec3c6b0 None None] Image cache loaded driver 'centralized_db'.
May 21 07:19:54 ubuntu devstack@g-api.service[114797]: DEBUG glance.common.config [None req-ee7aca58-2749-4015-a9c6-6bccfa0edc95 None None] image_member_quota             = 128 {{(pid=114797) log_opt_values /opt/stack/data/venv/lib/python3.12/site-packages/oslo_config/cfg.py:3245}}
May 21 07:19:54 ubuntu devstack@g-api.service[114797]: DEBUG glance.common.config [None req-ee7aca58-2749-4015-a9c6-6bccfa0edc95 None None] image_property_quota           = 128 {{(pid=114797) log_opt_values /opt/stack/data/venv/lib/python3.12/site-packages/oslo_config/cfg.py:3245}}
May 21 07:19:54 ubuntu devstack@g-api.service[114797]: DEBUG glance.common.config [None req-ee7aca58-2749-4015-a9c6-6bccfa0edc95 None None] image_size_cap                 = 1099511627776 {{(pid=114797) log_opt_values /opt/stack/data/venv/lib/python3.12/site-packages/oslo_config/cfg.py:3245}}
May 21 07:19:54 ubuntu devstack@g-api.service[114797]: DEBUG glance.common.config [None req-ee7aca58-2749-4015-a9c6-6bccfa0edc95 None None] image_tag_quota                = 128 {{(pid=114797) log_opt_values /opt/stack/data/venv/lib/python3.12/site-packages/oslo_config/cfg.py:3245}}
May 21 07:19:54 ubuntu devstack@g-api.service[114797]: DEBUG glance.common.config [None req-ee7aca58-2749-4015-a9c6-6bccfa0edc95 None None] instance_format                = [instance: %(uuid)s]  {{(pid=114797) log_opt_values /opt/stack/data/venv/lib/python3.12/site-packages/oslo_config/cfg.py:3245}}
May 21 07:19:54 ubuntu devstack@g-api.service[114797]: DEBUG glance.common.config [None req-ee7aca58-2749-4015-a9c6-6bccfa0edc95 None None] instance_uuid_format           = [instance: %(uuid)s]  {{(pid=114797) log_opt_values /opt/stack/data/venv/lib/python3.12/site-packages/oslo_config/cfg.py:3245}}
May 21 07:19:54 ubuntu devstack@g-api.service[114797]: DEBUG glance.common.config [None req-ee7aca58-2749-4015-a9c6-6bccfa0edc95 None None] limit_param_default            = 25 {{(pid=114797) log_opt_values /opt/stack/data/venv/lib/python3.12/site-packages/oslo_config/cfg.py:3245}}
May 21 07:19:54 ubuntu devstack@g-api.service[114797]: DEBUG glance.common.config [None req-ee7aca58-2749-4015-a9c6-6bccfa0edc95 None None] log_color                      = True {{(pid=114797) log_opt_values /opt/stack/data/venv/lib/python3.12/site-packages/oslo_config/cfg.py:3245}}
May 21 07:19:54 ubuntu devstack@g-api.service[114797]: DEBUG glance.common.config [None req-ee7aca58-2749-4015-a9c6-6bccfa0edc95 None None] log_config_append              = None {{(pid=114797) log_opt_values /opt/stack/data/venv/lib/python3.12/site-packages/oslo_config/cfg.py:3245}}
May 21 07:19:54 ubuntu devstack@g-api.service[114797]: DEBUG glance.common.config [None req-ee7aca58-2749-4015-a9c6-6bccfa0edc95 None None] log_date_format                = %Y-%m-%d %H:%M:%S {{(pid=114797) log_opt_values /opt/stack/data/venv/lib/python3.12/site-packages/oslo_config/cfg.py:3245}}
May 21 07:19:54 ubuntu devstack@g-api.service[114797]: DEBUG glance.common.config [None req-ee7aca58-2749-4015-a9c6-6bccfa0edc95 None None] log_dir                        = None {{(pid=114797) log_opt_values /opt/stack/data/venv/lib/python3.12/site-packages/oslo_config/cfg.py:3245}}
May 21 07:19:54 ubuntu devstack@g-api.service[114797]: DEBUG glance.common.config [None req-ee7aca58-2749-4015-a9c6-6bccfa0edc95 None None] log_file                       = None {{(pid=114797) log_opt_values /opt/stack/data/venv/lib/python3.12/site-packages/oslo_config/cfg.py:3245}}
May 21 07:19:54 ubuntu devstack@g-api.service[114797]: DEBUG glance.common.config [None req-ee7aca58-2749-4015-a9c6-6bccfa0edc95 None None] log_rotate_interval            = 1 {{(pid=114797) log_opt_values /opt/stack/data/venv/lib/python3.12/site-packages/oslo_config/cfg.py:3245}}
May 21 07:19:54 ubuntu devstack@g-api.service[114797]: DEBUG glance.common.config [None req-ee7aca58-2749-4015-a9c6-6bccfa0edc95 None None] log_rotate_interval_type       = days {{(pid=114797) log_opt_values /opt/stack/data/venv/lib/python3.12/site-packages/oslo_config/cfg.py:3245}}
May 21 07:19:54 ubuntu devstack@g-api.service[114797]: DEBUG glance.common.config [None req-ee7aca58-2749-4015-a9c6-6bccfa0edc95 None None] log_rotation_type              = none {{(pid=114797) log_opt_values /opt/stack/data/venv/lib/python3.12/site-packages/oslo_config/cfg.py:3245}}
May 21 07:19:54 ubuntu devstack@g-api.service[114797]: DEBUG glance.common.config [None req-ee7aca58-2749-4015-a9c6-6bccfa0edc95 None None] logging_context_format_string  = %(color)s%(levelname)s %(name)s [%(global_request_id)s %(request_id)s %(project_name)s %(user_name)s%(color)s] %(instance)s%(color)s%(message)s {{(pid=114797) log_opt_values /opt/stack/data/venv/lib/python3.12/site-packages/oslo_config/cfg.py:3245}}
May 21 07:19:54 ubuntu devstack@g-api.service[114797]: DEBUG glance.common.config [None req-ee7aca58-2749-4015-a9c6-6bccfa0edc95 None None] logging_debug_format_suffix    = {{(pid=%(process)d) %(funcName)s %(pathname)s:%(lineno)d}} {{(pid=114797) log_opt_values /opt/stack/data/venv/lib/python3.12/site-packages/oslo_config/cfg.py:3245}}
May 21 07:19:54 ubuntu devstack@g-api.service[114797]: DEBUG glance.common.config [None req-ee7aca58-2749-4015-a9c6-6bccfa0edc95 None None] logging_default_format_string  = %(color)s%(levelname)s %(name)s [-%(color)s] %(instance)s%(color)s%(message)s {{(pid=114797) log_opt_values /opt/stack/data/venv/lib/python3.12/site-packages/oslo_config/cfg.py:3245}}
May 21 07:19:54 ubuntu devstack@g-api.service[114797]: DEBUG glance.common.config [None req-ee7aca58-2749-4015-a9c6-6bccfa0edc95 None None] logging_exception_prefix       = ERROR %(name)s %(instance)s {{(pid=114797) log_opt_values /opt/stack/data/venv/lib/python3.12/site-packages/oslo_config/cfg.py:3245}}
May 21 07:19:54 ubuntu devstack@g-api.service[114797]: DEBUG glance.common.config [None req-ee7aca58-2749-4015-a9c6-6bccfa0edc95 None None] logging_user_identity_format   = %(user)s %(project)s %(domain)s %(system_scope)s %(user_domain)s %(project_domain)s {{(pid=114797) log_opt_values /opt/stack/data/venv/lib/python3.12/site-packages/oslo_config/cfg.py:3245}}
May 21 07:19:54 ubuntu devstack@g-api.service[114797]: DEBUG glance.common.config [None req-ee7aca58-2749-4015-a9c6-6bccfa0edc95 None None] max_header_line                = 16384 {{(pid=114797) log_opt_values /opt/stack/data/venv/lib/python3.12/site-packages/oslo_config/cfg.py:3245}}
May 21 07:19:54 ubuntu devstack@g-api.service[114797]: DEBUG glance.common.config [None req-ee7aca58-2749-4015-a9c6-6bccfa0edc95 None None] max_logfile_count              = 30 {{(pid=114797) log_opt_values /opt/stack/data/venv/lib/python3.12/site-packages/oslo_config/cfg.py:3245}}
May 21 07:19:54 ubuntu devstack@g-api.service[114797]: DEBUG glance.common.config [None req-ee7aca58-2749-4015-a9c6-6bccfa0edc95 None None] max_logfile_size_mb            = 200 {{(pid=114797) log_opt_values /opt/stack/data/venv/lib/python3.12/site-packages/oslo_config/cfg.py:3245}}
May 21 07:19:54 ubuntu devstack@g-api.service[114797]: DEBUG glance.common.config [None req-ee7aca58-2749-4015-a9c6-6bccfa0edc95 None None] max_request_id_length          = 64 {{(pid=114797) log_opt_values /opt/stack/data/venv/lib/python3.12/site-packages/oslo_config/cfg.py:3245}}
May 21 07:19:54 ubuntu devstack@g-api.service[114797]: DEBUG glance.common.config [None req-ee7aca58-2749-4015-a9c6-6bccfa0edc95 None None] metadata_encryption_key        = **** {{(pid=114797) log_opt_values /opt/stack/data/venv/lib/python3.12/site-packages/oslo_config/cfg.py:3245}}
May 21 07:19:54 ubuntu devstack@g-api.service[114797]: DEBUG glance.common.config [None req-ee7aca58-2749-4015-a9c6-6bccfa0edc95 None None] node_staging_uri               = file:///tmp/staging/ {{(pid=114797) log_opt_values /opt/stack/data/venv/lib/python3.12/site-packages/oslo_config/cfg.py:3245}}
May 21 07:19:54 ubuntu devstack@g-api.service[114797]: DEBUG glance.common.config [None req-ee7aca58-2749-4015-a9c6-6bccfa0edc95 None None] property_protection_file       = None {{(pid=114797) log_opt_values /opt/stack/data/venv/lib/python3.12/site-packages/oslo_config/cfg.py:3245}}
May 21 07:19:54 ubuntu devstack@g-api.service[114797]: DEBUG glance.common.config [None req-ee7aca58-2749-4015-a9c6-6bccfa0edc95 None None] property_protection_rule_format = roles {{(pid=114797) log_opt_values /opt/stack/data/venv/lib/python3.12/site-packages/oslo_config/cfg.py:3245}}
May 21 07:19:54 ubuntu devstack@g-api.service[114797]: DEBUG glance.common.config [None req-ee7aca58-2749-4015-a9c6-6bccfa0edc95 None None] public_endpoint                = http://10.201.5.127/image {{(pid=114797) log_opt_values /opt/stack/data/venv/lib/python3.12/site-packages/oslo_config/cfg.py:3245}}
May 21 07:19:54 ubuntu devstack@g-api.service[114797]: DEBUG glance.common.config [None req-ee7aca58-2749-4015-a9c6-6bccfa0edc95 None None] publish_errors                 = False {{(pid=114797) log_opt_values /opt/stack/data/venv/lib/python3.12/site-packages/oslo_config/cfg.py:3245}}
May 21 07:19:54 ubuntu devstack@g-api.service[114797]: DEBUG glance.common.config [None req-ee7aca58-2749-4015-a9c6-6bccfa0edc95 None None] pydev_worker_debug_host        = None {{(pid=114797) log_opt_values /opt/stack/data/venv/lib/python3.12/site-packages/oslo_config/cfg.py:3245}}
May 21 07:19:54 ubuntu devstack@g-api.service[114797]: DEBUG glance.common.config [None req-ee7aca58-2749-4015-a9c6-6bccfa0edc95 None None] pydev_worker_debug_port        = 5678 {{(pid=114797) log_opt_values /opt/stack/data/venv/lib/python3.12/site-packages/oslo_config/cfg.py:3245}}
May 21 07:19:54 ubuntu devstack@g-api.service[114797]: DEBUG glance.common.config [None req-ee7aca58-2749-4015-a9c6-6bccfa0edc95 None None] rate_limit_burst               = 0 {{(pid=114797) log_opt_values /opt/stack/data/venv/lib/python3.12/site-packages/oslo_config/cfg.py:3245}}
May 21 07:19:54 ubuntu devstack@g-api.service[114797]: DEBUG glance.common.config [None req-ee7aca58-2749-4015-a9c6-6bccfa0edc95 None None] rate_limit_except_level        = CRITICAL {{(pid=114797) log_opt_values /opt/stack/data/venv/lib/python3.12/site-packages/oslo_config/cfg.py:3245}}
