Sep 20 19:18:39 jammy-provider-cloud-0000007678 systemd[1]: Starting Devstack devstack@g-api.service...
Sep 20 19:18:39 jammy-provider-cloud-0000007678 devstack@g-api.service[104677]: [uWSGI] getting INI configuration from /etc/glance/glance-uwsgi.ini
Sep 20 19:18:39 jammy-provider-cloud-0000007678 devstack@g-api.service[104677]: *** Starting uWSGI 2.0.20-debian (64bit) on [Fri Sep 20 19:18:39 2024] ***
Sep 20 19:18:39 jammy-provider-cloud-0000007678 devstack@g-api.service[104677]: compiled with version: 11.2.0 on 21 March 2022 11:00:44
Sep 20 19:18:39 jammy-provider-cloud-0000007678 devstack@g-api.service[104677]: os: Linux-5.15.0-107-generic #117-Ubuntu SMP Fri Apr 26 12:26:49 UTC 2024
Sep 20 19:18:39 jammy-provider-cloud-0000007678 devstack@g-api.service[104677]: nodename: jammy-provider-cloud-0000007678
Sep 20 19:18:39 jammy-provider-cloud-0000007678 devstack@g-api.service[104677]: machine: x86_64
Sep 20 19:18:39 jammy-provider-cloud-0000007678 devstack@g-api.service[104677]: clock source: unix
Sep 20 19:18:39 jammy-provider-cloud-0000007678 devstack@g-api.service[104677]: pcre jit disabled
Sep 20 19:18:39 jammy-provider-cloud-0000007678 devstack@g-api.service[104677]: detected number of CPU cores: 4
Sep 20 19:18:39 jammy-provider-cloud-0000007678 devstack@g-api.service[104677]: current working directory: /
Sep 20 19:18:39 jammy-provider-cloud-0000007678 devstack@g-api.service[104677]: detected binary path: /usr/bin/uwsgi-core
Sep 20 19:18:39 jammy-provider-cloud-0000007678 devstack@g-api.service[104677]: your processes number limit is 31298
Sep 20 19:18:39 jammy-provider-cloud-0000007678 devstack@g-api.service[104677]: your memory page size is 4096 bytes
Sep 20 19:18:39 jammy-provider-cloud-0000007678 devstack@g-api.service[104677]: detected max file descriptor number: 2048
Sep 20 19:18:39 jammy-provider-cloud-0000007678 devstack@g-api.service[104677]: lock engine: pthread robust mutexes
Sep 20 19:18:39 jammy-provider-cloud-0000007678 devstack@g-api.service[104677]: thunder lock: enabled
Sep 20 19:18:39 jammy-provider-cloud-0000007678 devstack@g-api.service[104677]: uwsgi socket 0 bound to TCP address 127.0.0.1:60999 fd 4
Sep 20 19:18:39 jammy-provider-cloud-0000007678 devstack@g-api.service[104677]: Python version: 3.10.12 (main, Sep 11 2024, 15:47:36) [GCC 11.4.0]
Sep 20 19:18:39 jammy-provider-cloud-0000007678 devstack@g-api.service[104677]: PEP 405 virtualenv detected: /opt/stack/data/venv
Sep 20 19:18:39 jammy-provider-cloud-0000007678 devstack@g-api.service[104677]: Set PythonHome to /opt/stack/data/venv
Sep 20 19:18:39 jammy-provider-cloud-0000007678 devstack@g-api.service[104677]: Python main interpreter initialized at 0x5566141dee00
Sep 20 19:18:39 jammy-provider-cloud-0000007678 devstack@g-api.service[104677]: python threads support enabled
Sep 20 19:18:39 jammy-provider-cloud-0000007678 devstack@g-api.service[104677]: your server socket listen backlog is limited to 100 connections
Sep 20 19:18:39 jammy-provider-cloud-0000007678 devstack@g-api.service[104677]: your mercy for graceful operations on workers is 80 seconds
Sep 20 19:18:39 jammy-provider-cloud-0000007678 devstack@g-api.service[104677]: mapped 403077 bytes (393 KB) for 2 cores
Sep 20 19:18:39 jammy-provider-cloud-0000007678 devstack@g-api.service[104677]: *** Operational MODE: preforking ***
Sep 20 19:18:39 jammy-provider-cloud-0000007678 devstack@g-api.service[104677]: *** uWSGI is running in multiple interpreter mode ***
Sep 20 19:18:39 jammy-provider-cloud-0000007678 devstack@g-api.service[104677]: spawned uWSGI master process (pid: 104677)
Sep 20 19:18:39 jammy-provider-cloud-0000007678 devstack@g-api.service[104677]: spawned uWSGI worker 1 (pid: 104678, cores: 1)
Sep 20 19:18:39 jammy-provider-cloud-0000007678 devstack@g-api.service[104677]: spawned uWSGI worker 2 (pid: 104679, cores: 1)
Sep 20 19:18:39 jammy-provider-cloud-0000007678 devstack@g-api.service[104677]: running "unix_signal:15 gracefully_kill_them_all" (master-start)...
Sep 20 19:18:39 jammy-provider-cloud-0000007678 systemd[1]: Started Devstack devstack@g-api.service.
Sep 20 19:18:40 jammy-provider-cloud-0000007678 devstack@g-api.service[104679]: INFO glance.async_ [-] Threadpool model set to 'NativeThreadPoolModel'
Sep 20 19:18:40 jammy-provider-cloud-0000007678 devstack@g-api.service[104678]: INFO glance.async_ [-] Threadpool model set to 'NativeThreadPoolModel'
Sep 20 19:18:40 jammy-provider-cloud-0000007678 devstack@g-api.service[104679]: DEBUG oslo_concurrency.processutils [-] Running cmd (subprocess): grep -F node.session.scan /sbin/iscsiadm {{(pid=104679) execute /opt/stack/data/venv/lib/python3.10/site-packages/oslo_concurrency/processutils.py:390}}
Sep 20 19:18:40 jammy-provider-cloud-0000007678 devstack@g-api.service[104679]: DEBUG oslo_concurrency.processutils [-] CMD "grep -F node.session.scan /sbin/iscsiadm" returned: 0 in 0.009s {{(pid=104679) execute /opt/stack/data/venv/lib/python3.10/site-packages/oslo_concurrency/processutils.py:428}}
Sep 20 19:18:40 jammy-provider-cloud-0000007678 devstack@g-api.service[104678]: DEBUG oslo_concurrency.processutils [-] Running cmd (subprocess): grep -F node.session.scan /sbin/iscsiadm {{(pid=104678) execute /opt/stack/data/venv/lib/python3.10/site-packages/oslo_concurrency/processutils.py:390}}
Sep 20 19:18:41 jammy-provider-cloud-0000007678 devstack@g-api.service[104678]: DEBUG oslo_concurrency.processutils [-] CMD "grep -F node.session.scan /sbin/iscsiadm" returned: 0 in 0.023s {{(pid=104678) execute /opt/stack/data/venv/lib/python3.10/site-packages/oslo_concurrency/processutils.py:428}}
Sep 20 19:18:41 jammy-provider-cloud-0000007678 devstack@g-api.service[104679]: DEBUG glance_store.common.attachment_state_manager [-] Initialising _AttachmentStateManager {{(pid=104679) __init__ /opt/stack/data/venv/lib/python3.10/site-packages/glance_store/common/attachment_state_manager.py:86}}
Sep 20 19:18:41 jammy-provider-cloud-0000007678 devstack@g-api.service[104678]: DEBUG glance_store.common.attachment_state_manager [-] Initialising _AttachmentStateManager {{(pid=104678) __init__ /opt/stack/data/venv/lib/python3.10/site-packages/glance_store/common/attachment_state_manager.py:86}}
Sep 20 19:18:41 jammy-provider-cloud-0000007678 devstack@g-api.service[104678]: DEBUG glance_store.backend [-] Attempting to import store cinder {{(pid=104678) _load_store /opt/stack/data/venv/lib/python3.10/site-packages/glance_store/backend.py:216}}
Sep 20 19:18:41 jammy-provider-cloud-0000007678 devstack@g-api.service[104678]: DEBUG glance_store.backend [-] Attempting to import store file {{(pid=104678) _load_store /opt/stack/data/venv/lib/python3.10/site-packages/glance_store/backend.py:216}}
Sep 20 19:18:41 jammy-provider-cloud-0000007678 devstack@g-api.service[104678]: DEBUG glance_store.backend [-] Attempting to import store glance.store.cinder.Store {{(pid=104678) _load_store /opt/stack/data/venv/lib/python3.10/site-packages/glance_store/backend.py:216}}
Sep 20 19:18:41 jammy-provider-cloud-0000007678 devstack@g-api.service[104678]: DEBUG glance_store.backend [-] Attempting to import store glance.store.filesystem.Store {{(pid=104678) _load_store /opt/stack/data/venv/lib/python3.10/site-packages/glance_store/backend.py:216}}
Sep 20 19:18:41 jammy-provider-cloud-0000007678 devstack@g-api.service[104678]: DEBUG glance_store.backend [-] Attempting to import store glance.store.http.Store {{(pid=104678) _load_store /opt/stack/data/venv/lib/python3.10/site-packages/glance_store/backend.py:216}}
Sep 20 19:18:41 jammy-provider-cloud-0000007678 devstack@g-api.service[104678]: DEBUG glance_store.backend [-] Attempting to import store glance.store.rbd.Store {{(pid=104678) _load_store /opt/stack/data/venv/lib/python3.10/site-packages/glance_store/backend.py:216}}
Sep 20 19:18:41 jammy-provider-cloud-0000007678 devstack@g-api.service[104678]: DEBUG glance_store.backend [-] Attempting to import store glance.store.s3.Store {{(pid=104678) _load_store /opt/stack/data/venv/lib/python3.10/site-packages/glance_store/backend.py:216}}
Sep 20 19:18:41 jammy-provider-cloud-0000007678 devstack@g-api.service[104678]: DEBUG glance_store.backend [-] Attempting to import store glance.store.swift.Store {{(pid=104678) _load_store /opt/stack/data/venv/lib/python3.10/site-packages/glance_store/backend.py:216}}
Sep 20 19:18:41 jammy-provider-cloud-0000007678 devstack@g-api.service[104678]: DEBUG glance_store.backend [-] Attempting to import store glance.store.vmware_datastore.Store {{(pid=104678) _load_store /opt/stack/data/venv/lib/python3.10/site-packages/glance_store/backend.py:216}}
Sep 20 19:18:41 jammy-provider-cloud-0000007678 devstack@g-api.service[104678]: DEBUG glance_store.backend [-] Attempting to import store http {{(pid=104678) _load_store /opt/stack/data/venv/lib/python3.10/site-packages/glance_store/backend.py:216}}
Sep 20 19:18:41 jammy-provider-cloud-0000007678 devstack@g-api.service[104678]: DEBUG glance_store.backend [-] Attempting to import store no_conf {{(pid=104678) _load_store /opt/stack/data/venv/lib/python3.10/site-packages/glance_store/backend.py:216}}
Sep 20 19:18:41 jammy-provider-cloud-0000007678 devstack@g-api.service[104678]: DEBUG glance_store.backend [-] Attempting to import store rbd {{(pid=104678) _load_store /opt/stack/data/venv/lib/python3.10/site-packages/glance_store/backend.py:216}}
Sep 20 19:18:41 jammy-provider-cloud-0000007678 devstack@g-api.service[104678]: DEBUG glance_store.backend [-] Attempting to import store s3 {{(pid=104678) _load_store /opt/stack/data/venv/lib/python3.10/site-packages/glance_store/backend.py:216}}
Sep 20 19:18:41 jammy-provider-cloud-0000007678 devstack@g-api.service[104678]: DEBUG glance_store.backend [-] Attempting to import store swift {{(pid=104678) _load_store /opt/stack/data/venv/lib/python3.10/site-packages/glance_store/backend.py:216}}
Sep 20 19:18:41 jammy-provider-cloud-0000007678 devstack@g-api.service[104678]: DEBUG glance_store.backend [-] Attempting to import store vmware {{(pid=104678) _load_store /opt/stack/data/venv/lib/python3.10/site-packages/glance_store/backend.py:216}}
Sep 20 19:18:41 jammy-provider-cloud-0000007678 devstack@g-api.service[104678]: DEBUG glance_store.backend [-] Registering options for group glance_store {{(pid=104678) register_opts /opt/stack/data/venv/lib/python3.10/site-packages/glance_store/backend.py:145}}
Sep 20 19:18:41 jammy-provider-cloud-0000007678 devstack@g-api.service[104678]: DEBUG glance_store.backend [-] Registering options for group glance_store {{(pid=104678) register_opts /opt/stack/data/venv/lib/python3.10/site-packages/glance_store/backend.py:145}}
Sep 20 19:18:41 jammy-provider-cloud-0000007678 devstack@g-api.service[104678]: DEBUG glance_store.backend [-] Attempting to import store http {{(pid=104678) _load_store /opt/stack/data/venv/lib/python3.10/site-packages/glance_store/backend.py:216}}
Sep 20 19:18:41 jammy-provider-cloud-0000007678 devstack@g-api.service[104678]: DEBUG glance_store.capabilities [-] Store glance_store._drivers.http.Store doesn't support updating dynamic storage capabilities. Please overwrite 'update_capabilities' method of the store to implement updating logics if needed. {{(pid=104678) update_capabilities /opt/stack/data/venv/lib/python3.10/site-packages/glance_store/capabilities.py:91}}
Sep 20 19:18:41 jammy-provider-cloud-0000007678 devstack@g-api.service[104678]: DEBUG glance_store.backend [-] Registering store http with schemes ('http', 'https') {{(pid=104678) create_stores /opt/stack/data/venv/lib/python3.10/site-packages/glance_store/backend.py:262}}
Sep 20 19:18:41 jammy-provider-cloud-0000007678 devstack@g-api.service[104678]: DEBUG glance_store.driver [-] Late loading location class glance_store._drivers.http.StoreLocation {{(pid=104678) get_store_location_class /opt/stack/data/venv/lib/python3.10/site-packages/glance_store/driver.py:133}}
Sep 20 19:18:41 jammy-provider-cloud-0000007678 devstack@g-api.service[104678]: DEBUG glance_store.location [-] Registering scheme http with {'store': <glance_store._drivers.http.Store object at 0x7f46e81ef610>, 'location_class': <class 'glance_store._drivers.http.StoreLocation'>, 'store_entry': 'http'} {{(pid=104678) register_scheme_map /opt/stack/data/venv/lib/python3.10/site-packages/glance_store/location.py:146}}
Sep 20 19:18:41 jammy-provider-cloud-0000007678 devstack@g-api.service[104678]: DEBUG glance_store.location [-] Registering scheme https with {'store': <glance_store._drivers.http.Store object at 0x7f46e81ef610>, 'location_class': <class 'glance_store._drivers.http.StoreLocation'>, 'store_entry': 'http'} {{(pid=104678) register_scheme_map /opt/stack/data/venv/lib/python3.10/site-packages/glance_store/location.py:146}}
Sep 20 19:18:41 jammy-provider-cloud-0000007678 devstack@g-api.service[104678]: DEBUG glance_store.backend [-] Attempting to import store file {{(pid=104678) _load_store /opt/stack/data/venv/lib/python3.10/site-packages/glance_store/backend.py:216}}
Sep 20 19:18:41 jammy-provider-cloud-0000007678 devstack@g-api.service[104678]: DEBUG glance_store.capabilities [-] Store glance_store._drivers.filesystem.Store doesn't support updating dynamic storage capabilities. Please overwrite 'update_capabilities' method of the store to implement updating logics if needed. {{(pid=104678) update_capabilities /opt/stack/data/venv/lib/python3.10/site-packages/glance_store/capabilities.py:91}}
Sep 20 19:18:41 jammy-provider-cloud-0000007678 devstack@g-api.service[104678]: DEBUG glance_store.backend [-] Registering store file with schemes ('file', 'filesystem') {{(pid=104678) create_stores /opt/stack/data/venv/lib/python3.10/site-packages/glance_store/backend.py:262}}
Sep 20 19:18:41 jammy-provider-cloud-0000007678 devstack@g-api.service[104678]: DEBUG glance_store.driver [-] Late loading location class glance_store._drivers.filesystem.StoreLocation {{(pid=104678) get_store_location_class /opt/stack/data/venv/lib/python3.10/site-packages/glance_store/driver.py:133}}
Sep 20 19:18:41 jammy-provider-cloud-0000007678 devstack@g-api.service[104678]: DEBUG glance_store.location [-] Registering scheme file with {'store': <glance_store._drivers.filesystem.Store object at 0x7f46e81ed750>, 'location_class': <class 'glance_store._drivers.filesystem.StoreLocation'>, 'store_entry': 'file'} {{(pid=104678) register_scheme_map /opt/stack/data/venv/lib/python3.10/site-packages/glance_store/location.py:146}}
Sep 20 19:18:41 jammy-provider-cloud-0000007678 devstack@g-api.service[104678]: DEBUG glance_store.location [-] Registering scheme filesystem with {'store': <glance_store._drivers.filesystem.Store object at 0x7f46e81ed750>, 'location_class': <class 'glance_store._drivers.filesystem.StoreLocation'>, 'store_entry': 'file'} {{(pid=104678) register_scheme_map /opt/stack/data/venv/lib/python3.10/site-packages/glance_store/location.py:146}}
Sep 20 19:18:41 jammy-provider-cloud-0000007678 devstack@g-api.service[104678]: DEBUG glance.sqlite_migration [-] SQLite caching database not located, skipping migration {{(pid=104678) get_db_path /opt/stack/glance/glance/sqlite_migration.py:68}}
Sep 20 19:18:41 jammy-provider-cloud-0000007678 devstack@g-api.service[104678]: WARNING glance.common.wsgi_app [-] Import methods are enabled but staging directory /tmp/staging/ does not exist; Imports will fail!
Sep 20 19:18:41 jammy-provider-cloud-0000007678 devstack@g-api.service[104679]: DEBUG glance_store.backend [-] Attempting to import store cinder {{(pid=104679) _load_store /opt/stack/data/venv/lib/python3.10/site-packages/glance_store/backend.py:216}}
Sep 20 19:18:41 jammy-provider-cloud-0000007678 devstack@g-api.service[104679]: DEBUG glance_store.backend [-] Attempting to import store file {{(pid=104679) _load_store /opt/stack/data/venv/lib/python3.10/site-packages/glance_store/backend.py:216}}
Sep 20 19:18:41 jammy-provider-cloud-0000007678 devstack@g-api.service[104679]: DEBUG glance_store.backend [-] Attempting to import store glance.store.cinder.Store {{(pid=104679) _load_store /opt/stack/data/venv/lib/python3.10/site-packages/glance_store/backend.py:216}}
Sep 20 19:18:41 jammy-provider-cloud-0000007678 devstack@g-api.service[104679]: DEBUG glance_store.backend [-] Attempting to import store glance.store.filesystem.Store {{(pid=104679) _load_store /opt/stack/data/venv/lib/python3.10/site-packages/glance_store/backend.py:216}}
Sep 20 19:18:41 jammy-provider-cloud-0000007678 devstack@g-api.service[104679]: DEBUG glance_store.backend [-] Attempting to import store glance.store.http.Store {{(pid=104679) _load_store /opt/stack/data/venv/lib/python3.10/site-packages/glance_store/backend.py:216}}
Sep 20 19:18:41 jammy-provider-cloud-0000007678 devstack@g-api.service[104679]: DEBUG glance_store.backend [-] Attempting to import store glance.store.rbd.Store {{(pid=104679) _load_store /opt/stack/data/venv/lib/python3.10/site-packages/glance_store/backend.py:216}}
Sep 20 19:18:41 jammy-provider-cloud-0000007678 devstack@g-api.service[104679]: DEBUG glance_store.backend [-] Attempting to import store glance.store.s3.Store {{(pid=104679) _load_store /opt/stack/data/venv/lib/python3.10/site-packages/glance_store/backend.py:216}}
Sep 20 19:18:41 jammy-provider-cloud-0000007678 devstack@g-api.service[104679]: DEBUG glance_store.backend [-] Attempting to import store glance.store.swift.Store {{(pid=104679) _load_store /opt/stack/data/venv/lib/python3.10/site-packages/glance_store/backend.py:216}}
Sep 20 19:18:41 jammy-provider-cloud-0000007678 devstack@g-api.service[104679]: DEBUG glance_store.backend [-] Attempting to import store glance.store.vmware_datastore.Store {{(pid=104679) _load_store /opt/stack/data/venv/lib/python3.10/site-packages/glance_store/backend.py:216}}
Sep 20 19:18:41 jammy-provider-cloud-0000007678 devstack@g-api.service[104679]: DEBUG glance_store.backend [-] Attempting to import store http {{(pid=104679) _load_store /opt/stack/data/venv/lib/python3.10/site-packages/glance_store/backend.py:216}}
Sep 20 19:18:41 jammy-provider-cloud-0000007678 devstack@g-api.service[104679]: DEBUG glance_store.backend [-] Attempting to import store no_conf {{(pid=104679) _load_store /opt/stack/data/venv/lib/python3.10/site-packages/glance_store/backend.py:216}}
Sep 20 19:18:41 jammy-provider-cloud-0000007678 devstack@g-api.service[104679]: DEBUG glance_store.backend [-] Attempting to import store rbd {{(pid=104679) _load_store /opt/stack/data/venv/lib/python3.10/site-packages/glance_store/backend.py:216}}
Sep 20 19:18:41 jammy-provider-cloud-0000007678 devstack@g-api.service[104679]: DEBUG glance_store.backend [-] Attempting to import store s3 {{(pid=104679) _load_store /opt/stack/data/venv/lib/python3.10/site-packages/glance_store/backend.py:216}}
Sep 20 19:18:41 jammy-provider-cloud-0000007678 devstack@g-api.service[104679]: DEBUG glance_store.backend [-] Attempting to import store swift {{(pid=104679) _load_store /opt/stack/data/venv/lib/python3.10/site-packages/glance_store/backend.py:216}}
Sep 20 19:18:41 jammy-provider-cloud-0000007678 devstack@g-api.service[104679]: DEBUG glance_store.backend [-] Attempting to import store vmware {{(pid=104679) _load_store /opt/stack/data/venv/lib/python3.10/site-packages/glance_store/backend.py:216}}
Sep 20 19:18:41 jammy-provider-cloud-0000007678 devstack@g-api.service[104679]: DEBUG glance_store.backend [-] Registering options for group glance_store {{(pid=104679) register_opts /opt/stack/data/venv/lib/python3.10/site-packages/glance_store/backend.py:145}}
Sep 20 19:18:41 jammy-provider-cloud-0000007678 devstack@g-api.service[104679]: DEBUG glance_store.backend [-] Registering options for group glance_store {{(pid=104679) register_opts /opt/stack/data/venv/lib/python3.10/site-packages/glance_store/backend.py:145}}
Sep 20 19:18:41 jammy-provider-cloud-0000007678 devstack@g-api.service[104679]: DEBUG glance_store.backend [-] Attempting to import store http {{(pid=104679) _load_store /opt/stack/data/venv/lib/python3.10/site-packages/glance_store/backend.py:216}}
Sep 20 19:18:41 jammy-provider-cloud-0000007678 devstack@g-api.service[104679]: DEBUG glance_store.capabilities [-] Store glance_store._drivers.http.Store doesn't support updating dynamic storage capabilities. Please overwrite 'update_capabilities' method of the store to implement updating logics if needed. {{(pid=104679) update_capabilities /opt/stack/data/venv/lib/python3.10/site-packages/glance_store/capabilities.py:91}}
Sep 20 19:18:41 jammy-provider-cloud-0000007678 devstack@g-api.service[104679]: DEBUG glance_store.backend [-] Registering store http with schemes ('http', 'https') {{(pid=104679) create_stores /opt/stack/data/venv/lib/python3.10/site-packages/glance_store/backend.py:262}}
Sep 20 19:18:41 jammy-provider-cloud-0000007678 devstack@g-api.service[104679]: DEBUG glance_store.driver [-] Late loading location class glance_store._drivers.http.StoreLocation {{(pid=104679) get_store_location_class /opt/stack/data/venv/lib/python3.10/site-packages/glance_store/driver.py:133}}
Sep 20 19:18:41 jammy-provider-cloud-0000007678 devstack@g-api.service[104679]: DEBUG glance_store.location [-] Registering scheme http with {'store': <glance_store._drivers.http.Store object at 0x7f46e81ecf10>, 'location_class': <class 'glance_store._drivers.http.StoreLocation'>, 'store_entry': 'http'} {{(pid=104679) register_scheme_map /opt/stack/data/venv/lib/python3.10/site-packages/glance_store/location.py:146}}
Sep 20 19:18:41 jammy-provider-cloud-0000007678 devstack@g-api.service[104679]: DEBUG glance_store.location [-] Registering scheme https with {'store': <glance_store._drivers.http.Store object at 0x7f46e81ecf10>, 'location_class': <class 'glance_store._drivers.http.StoreLocation'>, 'store_entry': 'http'} {{(pid=104679) register_scheme_map /opt/stack/data/venv/lib/python3.10/site-packages/glance_store/location.py:146}}
Sep 20 19:18:41 jammy-provider-cloud-0000007678 devstack@g-api.service[104679]: DEBUG glance_store.backend [-] Attempting to import store file {{(pid=104679) _load_store /opt/stack/data/venv/lib/python3.10/site-packages/glance_store/backend.py:216}}
Sep 20 19:18:41 jammy-provider-cloud-0000007678 devstack@g-api.service[104679]: DEBUG glance_store.capabilities [-] Store glance_store._drivers.filesystem.Store doesn't support updating dynamic storage capabilities. Please overwrite 'update_capabilities' method of the store to implement updating logics if needed. {{(pid=104679) update_capabilities /opt/stack/data/venv/lib/python3.10/site-packages/glance_store/capabilities.py:91}}
Sep 20 19:18:41 jammy-provider-cloud-0000007678 devstack@g-api.service[104679]: DEBUG glance_store.backend [-] Registering store file with schemes ('file', 'filesystem') {{(pid=104679) create_stores /opt/stack/data/venv/lib/python3.10/site-packages/glance_store/backend.py:262}}
Sep 20 19:18:41 jammy-provider-cloud-0000007678 devstack@g-api.service[104679]: DEBUG glance_store.driver [-] Late loading location class glance_store._drivers.filesystem.StoreLocation {{(pid=104679) get_store_location_class /opt/stack/data/venv/lib/python3.10/site-packages/glance_store/driver.py:133}}
Sep 20 19:18:41 jammy-provider-cloud-0000007678 devstack@g-api.service[104679]: DEBUG glance_store.location [-] Registering scheme file with {'store': <glance_store._drivers.filesystem.Store object at 0x7f46e81ec070>, 'location_class': <class 'glance_store._drivers.filesystem.StoreLocation'>, 'store_entry': 'file'} {{(pid=104679) register_scheme_map /opt/stack/data/venv/lib/python3.10/site-packages/glance_store/location.py:146}}
Sep 20 19:18:41 jammy-provider-cloud-0000007678 devstack@g-api.service[104679]: DEBUG glance_store.location [-] Registering scheme filesystem with {'store': <glance_store._drivers.filesystem.Store object at 0x7f46e81ec070>, 'location_class': <class 'glance_store._drivers.filesystem.StoreLocation'>, 'store_entry': 'file'} {{(pid=104679) register_scheme_map /opt/stack/data/venv/lib/python3.10/site-packages/glance_store/location.py:146}}
Sep 20 19:18:41 jammy-provider-cloud-0000007678 devstack@g-api.service[104679]: DEBUG glance.sqlite_migration [-] SQLite caching database not located, skipping migration {{(pid=104679) get_db_path /opt/stack/glance/glance/sqlite_migration.py:68}}
Sep 20 19:18:41 jammy-provider-cloud-0000007678 devstack@g-api.service[104679]: WARNING glance.common.wsgi_app [-] Import methods are enabled but staging directory /tmp/staging/ does not exist; Imports will fail!
Sep 20 19:18:41 jammy-provider-cloud-0000007678 devstack@g-api.service[104678]: DEBUG glance.common.config [None req-41d35bd3-0881-441b-b596-34a81f40a7d1 None None] Loading glance-api-keystone+cachemanagement from /etc/glance/glance-api-paste.ini {{(pid=104678) load_paste_app /opt/stack/glance/glance/common/config.py:726}}
Sep 20 19:18:41 jammy-provider-cloud-0000007678 devstack@g-api.service[104679]: DEBUG glance.common.config [None req-3b26f4c2-16d4-4e23-932d-fbbb0e23fc9d None None] Loading glance-api-keystone+cachemanagement from /etc/glance/glance-api-paste.ini {{(pid=104679) load_paste_app /opt/stack/glance/glance/common/config.py:726}}
Sep 20 19:18:42 jammy-provider-cloud-0000007678 devstack@g-api.service[104678]: INFO glance.image_cache [None req-41d35bd3-0881-441b-b596-34a81f40a7d1 None None] Image cache loaded driver 'centralized_db'.
Sep 20 19:18:42 jammy-provider-cloud-0000007678 devstack@g-api.service[104679]: INFO glance.image_cache [None req-3b26f4c2-16d4-4e23-932d-fbbb0e23fc9d None None] Image cache loaded driver 'centralized_db'.
Sep 20 19:18:42 jammy-provider-cloud-0000007678 devstack@g-api.service[104678]: INFO dbcounter [None req-41d35bd3-0881-441b-b596-34a81f40a7d1 None None] Registered counter for database glance
Sep 20 19:18:42 jammy-provider-cloud-0000007678 devstack@g-api.service[104678]: DEBUG oslo_db.sqlalchemy.engines [None req-41d35bd3-0881-441b-b596-34a81f40a7d1 None None] MySQL server mode set to STRICT_TRANS_TABLES,STRICT_ALL_TABLES,NO_ZERO_IN_DATE,NO_ZERO_DATE,ERROR_FOR_DIVISION_BY_ZERO,TRADITIONAL,NO_ENGINE_SUBSTITUTION {{(pid=104678) _check_effective_sql_mode /opt/stack/data/venv/lib/python3.10/site-packages/oslo_db/sqlalchemy/engines.py:342}}
Sep 20 19:18:42 jammy-provider-cloud-0000007678 devstack@g-api.service[104679]: INFO dbcounter [None req-3b26f4c2-16d4-4e23-932d-fbbb0e23fc9d None None] Registered counter for database glance
Sep 20 19:18:42 jammy-provider-cloud-0000007678 devstack@g-api.service[104679]: DEBUG oslo_db.sqlalchemy.engines [None req-3b26f4c2-16d4-4e23-932d-fbbb0e23fc9d None None] MySQL server mode set to STRICT_TRANS_TABLES,STRICT_ALL_TABLES,NO_ZERO_IN_DATE,NO_ZERO_DATE,ERROR_FOR_DIVISION_BY_ZERO,TRADITIONAL,NO_ENGINE_SUBSTITUTION {{(pid=104679) _check_effective_sql_mode /opt/stack/data/venv/lib/python3.10/site-packages/oslo_db/sqlalchemy/engines.py:342}}
Sep 20 19:18:42 jammy-provider-cloud-0000007678 devstack@g-api.service[104678]: DEBUG dbcounter [-] [104678] Writer thread running {{(pid=104678) stat_writer /opt/stack/data/venv/lib/python3.10/site-packages/dbcounter.py:102}}
Sep 20 19:18:42 jammy-provider-cloud-0000007678 devstack@g-api.service[104678]: INFO glance.image_cache [None req-41d35bd3-0881-441b-b596-34a81f40a7d1 None None] Image cache loaded driver 'centralized_db'.
Sep 20 19:18:42 jammy-provider-cloud-0000007678 devstack@g-api.service[104679]: DEBUG dbcounter [-] [104679] Writer thread running {{(pid=104679) stat_writer /opt/stack/data/venv/lib/python3.10/site-packages/dbcounter.py:102}}
Sep 20 19:18:42 jammy-provider-cloud-0000007678 devstack@g-api.service[104679]: DEBUG glance.image_cache.drivers.centralized_db [None req-3b26f4c2-16d4-4e23-932d-fbbb0e23fc9d None None] Node reference is already recorded, ignoring it {{(pid=104679) configure /opt/stack/glance/glance/image_cache/drivers/centralized_db.py:71}}
Sep 20 19:18:42 jammy-provider-cloud-0000007678 devstack@g-api.service[104678]: DEBUG glance.image_cache.drivers.centralized_db [None req-41d35bd3-0881-441b-b596-34a81f40a7d1 None None] Node reference is already recorded, ignoring it {{(pid=104678) configure /opt/stack/glance/glance/image_cache/drivers/centralized_db.py:71}}
Sep 20 19:18:42 jammy-provider-cloud-0000007678 devstack@g-api.service[104678]: DEBUG glance.api.v2.cached_images [None req-41d35bd3-0881-441b-b596-34a81f40a7d1 None None] Started cache worker thread {{(pid=104678) __init__ /opt/stack/glance/glance/api/v2/cached_images.py:69}}
Sep 20 19:18:42 jammy-provider-cloud-0000007678 devstack@g-api.service[104678]: INFO glance.image_cache [None req-41d35bd3-0881-441b-b596-34a81f40a7d1 None None] Image cache loaded driver 'centralized_db'.
Sep 20 19:18:42 jammy-provider-cloud-0000007678 devstack@g-api.service[104679]: INFO glance.image_cache [None req-3b26f4c2-16d4-4e23-932d-fbbb0e23fc9d None None] Image cache loaded driver 'centralized_db'.
Sep 20 19:18:42 jammy-provider-cloud-0000007678 devstack@g-api.service[104678]: DEBUG glance.image_cache.drivers.centralized_db [None req-41d35bd3-0881-441b-b596-34a81f40a7d1 None None] Node reference is already recorded, ignoring it {{(pid=104678) configure /opt/stack/glance/glance/image_cache/drivers/centralized_db.py:71}}
Sep 20 19:18:42 jammy-provider-cloud-0000007678 devstack@g-api.service[104679]: DEBUG glance.image_cache.drivers.centralized_db [None req-3b26f4c2-16d4-4e23-932d-fbbb0e23fc9d None None] Node reference is already recorded, ignoring it {{(pid=104679) configure /opt/stack/glance/glance/image_cache/drivers/centralized_db.py:71}}
Sep 20 19:18:42 jammy-provider-cloud-0000007678 devstack@g-api.service[104678]: INFO glance.api.middleware.cache_manage [None req-41d35bd3-0881-441b-b596-34a81f40a7d1 None None] Initialized image cache management middleware
Sep 20 19:18:42 jammy-provider-cloud-0000007678 devstack@g-api.service[104678]: INFO glance.image_cache [None req-41d35bd3-0881-441b-b596-34a81f40a7d1 None None] Image cache loaded driver 'centralized_db'.
Sep 20 19:18:42 jammy-provider-cloud-0000007678 devstack@g-api.service[104679]: DEBUG glance.api.v2.cached_images [None req-3b26f4c2-16d4-4e23-932d-fbbb0e23fc9d None None] Started cache worker thread {{(pid=104679) __init__ /opt/stack/glance/glance/api/v2/cached_images.py:69}}
Sep 20 19:18:42 jammy-provider-cloud-0000007678 devstack@g-api.service[104679]: INFO glance.image_cache [None req-3b26f4c2-16d4-4e23-932d-fbbb0e23fc9d None None] Image cache loaded driver 'centralized_db'.
Sep 20 19:18:42 jammy-provider-cloud-0000007678 devstack@g-api.service[104678]: DEBUG glance.image_cache.drivers.centralized_db [None req-41d35bd3-0881-441b-b596-34a81f40a7d1 None None] Node reference is already recorded, ignoring it {{(pid=104678) configure /opt/stack/glance/glance/image_cache/drivers/centralized_db.py:71}}
Sep 20 19:18:42 jammy-provider-cloud-0000007678 devstack@g-api.service[104679]: DEBUG glance.image_cache.drivers.centralized_db [None req-3b26f4c2-16d4-4e23-932d-fbbb0e23fc9d None None] Node reference is already recorded, ignoring it {{(pid=104679) configure /opt/stack/glance/glance/image_cache/drivers/centralized_db.py:71}}
Sep 20 19:18:42 jammy-provider-cloud-0000007678 devstack@g-api.service[104678]: INFO glance.api.middleware.cache [None req-41d35bd3-0881-441b-b596-34a81f40a7d1 None None] Initialized image cache middleware
Sep 20 19:18:42 jammy-provider-cloud-0000007678 devstack@g-api.service[104679]: INFO glance.api.middleware.cache_manage [None req-3b26f4c2-16d4-4e23-932d-fbbb0e23fc9d None None] Initialized image cache management middleware
Sep 20 19:18:42 jammy-provider-cloud-0000007678 devstack@g-api.service[104679]: INFO glance.image_cache [None req-3b26f4c2-16d4-4e23-932d-fbbb0e23fc9d None None] Image cache loaded driver 'centralized_db'.
Sep 20 19:18:42 jammy-provider-cloud-0000007678 devstack@g-api.service[104678]: WARNING keystonemiddleware.auth_token [None req-41d35bd3-0881-441b-b596-34a81f40a7d1 None None] AuthToken middleware is set with keystone_authtoken.service_token_roles_required set to False. This is backwards compatible but deprecated behaviour. Please set this to True.
Sep 20 19:18:42 jammy-provider-cloud-0000007678 devstack@g-api.service[104678]: WARNING keystonemiddleware.auth_token [None req-41d35bd3-0881-441b-b596-34a81f40a7d1 None None] Configuring www_authenticate_uri to point to the public identity endpoint is required; clients may not be able to authenticate against an admin endpoint
Sep 20 19:18:42 jammy-provider-cloud-0000007678 devstack@g-api.service[104679]: DEBUG glance.image_cache.drivers.centralized_db [None req-3b26f4c2-16d4-4e23-932d-fbbb0e23fc9d None None] Node reference is already recorded, ignoring it {{(pid=104679) configure /opt/stack/glance/glance/image_cache/drivers/centralized_db.py:71}}
Sep 20 19:18:42 jammy-provider-cloud-0000007678 devstack@g-api.service[104678]: DEBUG glance.common.config [None req-41d35bd3-0881-441b-b596-34a81f40a7d1 None None] ******************************************************************************** {{(pid=104678) log_opt_values /opt/stack/data/venv/lib/python3.10/site-packages/oslo_config/cfg.py:2806}}
Sep 20 19:18:42 jammy-provider-cloud-0000007678 devstack@g-api.service[104678]: DEBUG glance.common.config [None req-41d35bd3-0881-441b-b596-34a81f40a7d1 None None] Configuration options gathered from: {{(pid=104678) log_opt_values /opt/stack/data/venv/lib/python3.10/site-packages/oslo_config/cfg.py:2807}}
Sep 20 19:18:42 jammy-provider-cloud-0000007678 devstack@g-api.service[104678]: DEBUG glance.common.config [None req-41d35bd3-0881-441b-b596-34a81f40a7d1 None None] command line args: [] {{(pid=104678) log_opt_values /opt/stack/data/venv/lib/python3.10/site-packages/oslo_config/cfg.py:2808}}
Sep 20 19:18:42 jammy-provider-cloud-0000007678 devstack@g-api.service[104678]: DEBUG glance.common.config [None req-41d35bd3-0881-441b-b596-34a81f40a7d1 None None] config files: ['/etc/glance/glance-image-import.conf', '/etc/glance/glance-api.conf'] {{(pid=104678) log_opt_values /opt/stack/data/venv/lib/python3.10/site-packages/oslo_config/cfg.py:2809}}
Sep 20 19:18:42 jammy-provider-cloud-0000007678 devstack@g-api.service[104678]: DEBUG glance.common.config [None req-41d35bd3-0881-441b-b596-34a81f40a7d1 None None] ================================================================================ {{(pid=104678) log_opt_values /opt/stack/data/venv/lib/python3.10/site-packages/oslo_config/cfg.py:2811}}
Sep 20 19:18:42 jammy-provider-cloud-0000007678 devstack@g-api.service[104678]: DEBUG glance.common.config [None req-41d35bd3-0881-441b-b596-34a81f40a7d1 None None] allow_anonymous_access         = False {{(pid=104678) log_opt_values /opt/stack/data/venv/lib/python3.10/site-packages/oslo_config/cfg.py:2819}}
Sep 20 19:18:42 jammy-provider-cloud-0000007678 devstack@g-api.service[104678]: DEBUG glance.common.config [None req-41d35bd3-0881-441b-b596-34a81f40a7d1 None None] api_limit_max                  = 1000 {{(pid=104678) log_opt_values /opt/stack/data/venv/lib/python3.10/site-packages/oslo_config/cfg.py:2819}}
Sep 20 19:18:42 jammy-provider-cloud-0000007678 devstack@g-api.service[104678]: DEBUG glance.common.config [None req-41d35bd3-0881-441b-b596-34a81f40a7d1 None None] backlog                        = 4096 {{(pid=104678) log_opt_values /opt/stack/data/venv/lib/python3.10/site-packages/oslo_config/cfg.py:2819}}
Sep 20 19:18:42 jammy-provider-cloud-0000007678 devstack@g-api.service[104678]: DEBUG glance.common.config [None req-41d35bd3-0881-441b-b596-34a81f40a7d1 None None] bind_host                      = 0.0.0.0 {{(pid=104678) log_opt_values /opt/stack/data/venv/lib/python3.10/site-packages/oslo_config/cfg.py:2819}}
Sep 20 19:18:42 jammy-provider-cloud-0000007678 devstack@g-api.service[104678]: DEBUG glance.common.config [None req-41d35bd3-0881-441b-b596-34a81f40a7d1 None None] bind_port                      = None {{(pid=104678) log_opt_values /opt/stack/data/venv/lib/python3.10/site-packages/oslo_config/cfg.py:2819}}
Sep 20 19:18:42 jammy-provider-cloud-0000007678 devstack@g-api.service[104678]: DEBUG glance.common.config [None req-41d35bd3-0881-441b-b596-34a81f40a7d1 None None] client_socket_timeout          = 900 {{(pid=104678) log_opt_values /opt/stack/data/venv/lib/python3.10/site-packages/oslo_config/cfg.py:2819}}
Sep 20 19:18:42 jammy-provider-cloud-0000007678 devstack@g-api.service[104678]: DEBUG glance.common.config [None req-41d35bd3-0881-441b-b596-34a81f40a7d1 None None] config_dir                     = [] {{(pid=104678) log_opt_values /opt/stack/data/venv/lib/python3.10/site-packages/oslo_config/cfg.py:2819}}
Sep 20 19:18:42 jammy-provider-cloud-0000007678 devstack@g-api.service[104678]: DEBUG glance.common.config [None req-41d35bd3-0881-441b-b596-34a81f40a7d1 None None] config_file                    = ['/etc/glance/glance-image-import.conf', '/etc/glance/glance-api.conf'] {{(pid=104678) log_opt_values /opt/stack/data/venv/lib/python3.10/site-packages/oslo_config/cfg.py:2819}}
Sep 20 19:18:42 jammy-provider-cloud-0000007678 devstack@g-api.service[104678]: DEBUG glance.common.config [None req-41d35bd3-0881-441b-b596-34a81f40a7d1 None None] config_source                  = [] {{(pid=104678) log_opt_values /opt/stack/data/venv/lib/python3.10/site-packages/oslo_config/cfg.py:2819}}
Sep 20 19:18:42 jammy-provider-cloud-0000007678 devstack@g-api.service[104678]: DEBUG glance.common.config [None req-41d35bd3-0881-441b-b596-34a81f40a7d1 None None] control_exchange               = glance {{(pid=104678) log_opt_values /opt/stack/data/venv/lib/python3.10/site-packages/oslo_config/cfg.py:2819}}
Sep 20 19:18:42 jammy-provider-cloud-0000007678 devstack@g-api.service[104678]: DEBUG glance.common.config [None req-41d35bd3-0881-441b-b596-34a81f40a7d1 None None] debug                          = True {{(pid=104678) log_opt_values /opt/stack/data/venv/lib/python3.10/site-packages/oslo_config/cfg.py:2819}}
Sep 20 19:18:42 jammy-provider-cloud-0000007678 devstack@g-api.service[104678]: DEBUG glance.common.config [None req-41d35bd3-0881-441b-b596-34a81f40a7d1 None None] default_log_levels             = ['amqp=WARN', 'amqplib=WARN', 'boto=WARN', 'qpid=WARN', 'sqlalchemy=WARN', 'suds=INFO', 'oslo.messaging=INFO', 'oslo_messaging=INFO', 'iso8601=WARN', 'requests.packages.urllib3.connectionpool=WARN', 'urllib3.connectionpool=WARN', 'websocket=WARN', 'requests.packages.urllib3.util.retry=WARN', 'urllib3.util.retry=WARN', 'keystonemiddleware=WARN', 'routes.middleware=WARN', 'stevedore=WARN', 'taskflow=WARN', 'keystoneauth=WARN', 'oslo.cache=INFO', 'oslo_policy=INFO', 'dogpile.core.dogpile=INFO'] {{(pid=104678) log_opt_values /opt/stack/data/venv/lib/python3.10/site-packages/oslo_config/cfg.py:2819}}
Sep 20 19:18:42 jammy-provider-cloud-0000007678 devstack@g-api.service[104678]: DEBUG glance.common.config [None req-41d35bd3-0881-441b-b596-34a81f40a7d1 None None] default_publisher_id           = image.localhost {{(pid=104678) log_opt_values /opt/stack/data/venv/lib/python3.10/site-packages/oslo_config/cfg.py:2819}}
Sep 20 19:18:42 jammy-provider-cloud-0000007678 devstack@g-api.service[104678]: DEBUG glance.common.config [None req-41d35bd3-0881-441b-b596-34a81f40a7d1 None None] delayed_delete                 = False {{(pid=104678) log_opt_values /opt/stack/data/venv/lib/python3.10/site-packages/oslo_config/cfg.py:2819}}
Sep 20 19:18:42 jammy-provider-cloud-0000007678 devstack@g-api.service[104678]: DEBUG glance.common.config [None req-41d35bd3-0881-441b-b596-34a81f40a7d1 None None] digest_algorithm               = sha256 {{(pid=104678) log_opt_values /opt/stack/data/venv/lib/python3.10/site-packages/oslo_config/cfg.py:2819}}
Sep 20 19:18:42 jammy-provider-cloud-0000007678 devstack@g-api.service[104679]: INFO glance.api.middleware.cache [None req-3b26f4c2-16d4-4e23-932d-fbbb0e23fc9d None None] Initialized image cache middleware
Sep 20 19:18:42 jammy-provider-cloud-0000007678 devstack@g-api.service[104678]: DEBUG glance.common.config [None req-41d35bd3-0881-441b-b596-34a81f40a7d1 None None] disabled_notifications         = [] {{(pid=104678) log_opt_values /opt/stack/data/venv/lib/python3.10/site-packages/oslo_config/cfg.py:2819}}
Sep 20 19:18:42 jammy-provider-cloud-0000007678 devstack@g-api.service[104678]: DEBUG glance.common.config [None req-41d35bd3-0881-441b-b596-34a81f40a7d1 None None] do_secure_hash                 = True {{(pid=104678) log_opt_values /opt/stack/data/venv/lib/python3.10/site-packages/oslo_config/cfg.py:2819}}
Sep 20 19:18:42 jammy-provider-cloud-0000007678 devstack@g-api.service[104678]: DEBUG glance.common.config [None req-41d35bd3-0881-441b-b596-34a81f40a7d1 None None] enabled_backends               = None {{(pid=104678) log_opt_values /opt/stack/data/venv/lib/python3.10/site-packages/oslo_config/cfg.py:2819}}
Sep 20 19:18:42 jammy-provider-cloud-0000007678 devstack@g-api.service[104678]: DEBUG glance.common.config [None req-41d35bd3-0881-441b-b596-34a81f40a7d1 None None] enabled_import_methods         = ['glance-direct', 'web-download', 'copy-image'] {{(pid=104678) log_opt_values /opt/stack/data/venv/lib/python3.10/site-packages/oslo_config/cfg.py:2819}}
Sep 20 19:18:42 jammy-provider-cloud-0000007678 devstack@g-api.service[104678]: DEBUG glance.common.config [None req-41d35bd3-0881-441b-b596-34a81f40a7d1 None None] hashing_algorithm              = sha512 {{(pid=104678) log_opt_values /opt/stack/data/venv/lib/python3.10/site-packages/oslo_config/cfg.py:2819}}
Sep 20 19:18:42 jammy-provider-cloud-0000007678 devstack@g-api.service[104678]: DEBUG glance.common.config [None req-41d35bd3-0881-441b-b596-34a81f40a7d1 None None] http_keepalive                 = True {{(pid=104678) log_opt_values /opt/stack/data/venv/lib/python3.10/site-packages/oslo_config/cfg.py:2819}}
Sep 20 19:18:42 jammy-provider-cloud-0000007678 devstack@g-api.service[104678]: DEBUG glance.common.config [None req-41d35bd3-0881-441b-b596-34a81f40a7d1 None None] http_retries                   = 3 {{(pid=104678) log_opt_values /opt/stack/data/venv/lib/python3.10/site-packages/oslo_config/cfg.py:2819}}
Sep 20 19:18:42 jammy-provider-cloud-0000007678 devstack@g-api.service[104678]: DEBUG glance.common.config [None req-41d35bd3-0881-441b-b596-34a81f40a7d1 None None] image_cache_dir                = /opt/stack/data/glance/cache/ {{(pid=104678) log_opt_values /opt/stack/data/venv/lib/python3.10/site-packages/oslo_config/cfg.py:2819}}
Sep 20 19:18:42 jammy-provider-cloud-0000007678 devstack@g-api.service[104678]: DEBUG glance.common.config [None req-41d35bd3-0881-441b-b596-34a81f40a7d1 None None] image_cache_driver             = centralized_db {{(pid=104678) log_opt_values /opt/stack/data/venv/lib/python3.10/site-packages/oslo_config/cfg.py:2819}}
Sep 20 19:18:42 jammy-provider-cloud-0000007678 devstack@g-api.service[104678]: DEBUG glance.common.config [None req-41d35bd3-0881-441b-b596-34a81f40a7d1 None None] image_cache_max_size           = 10737418240 {{(pid=104678) log_opt_values /opt/stack/data/venv/lib/python3.10/site-packages/oslo_config/cfg.py:2819}}
Sep 20 19:18:42 jammy-provider-cloud-0000007678 devstack@g-api.service[104678]: DEBUG glance.common.config [None req-41d35bd3-0881-441b-b596-34a81f40a7d1 None None] image_cache_sqlite_db          = cache.db {{(pid=104678) log_opt_values /opt/stack/data/venv/lib/python3.10/site-packages/oslo_config/cfg.py:2819}}
Sep 20 19:18:42 jammy-provider-cloud-0000007678 devstack@g-api.service[104678]: DEBUG glance.common.config [None req-41d35bd3-0881-441b-b596-34a81f40a7d1 None None] image_cache_stall_time         = 86400 {{(pid=104678) log_opt_values /opt/stack/data/venv/lib/python3.10/site-packages/oslo_config/cfg.py:2819}}
Sep 20 19:18:42 jammy-provider-cloud-0000007678 devstack@g-api.service[104678]: DEBUG glance.common.config [None req-41d35bd3-0881-441b-b596-34a81f40a7d1 None None] image_location_quota           = 10 {{(pid=104678) log_opt_values /opt/stack/data/venv/lib/python3.10/site-packages/oslo_config/cfg.py:2819}}
Sep 20 19:18:42 jammy-provider-cloud-0000007678 devstack@g-api.service[104678]: DEBUG glance.common.config [None req-41d35bd3-0881-441b-b596-34a81f40a7d1 None None] image_member_quota             = 128 {{(pid=104678) log_opt_values /opt/stack/data/venv/lib/python3.10/site-packages/oslo_config/cfg.py:2819}}
Sep 20 19:18:42 jammy-provider-cloud-0000007678 devstack@g-api.service[104678]: DEBUG glance.common.config [None req-41d35bd3-0881-441b-b596-34a81f40a7d1 None None] image_property_quota           = 128 {{(pid=104678) log_opt_values /opt/stack/data/venv/lib/python3.10/site-packages/oslo_config/cfg.py:2819}}
Sep 20 19:18:42 jammy-provider-cloud-0000007678 devstack@g-api.service[104678]: DEBUG glance.common.config [None req-41d35bd3-0881-441b-b596-34a81f40a7d1 None None] image_size_cap                 = 1099511627776 {{(pid=104678) log_opt_values /opt/stack/data/venv/lib/python3.10/site-packages/oslo_config/cfg.py:2819}}
Sep 20 19:18:42 jammy-provider-cloud-0000007678 devstack@g-api.service[104678]: DEBUG glance.common.config [None req-41d35bd3-0881-441b-b596-34a81f40a7d1 None None] image_tag_quota                = 128 {{(pid=104678) log_opt_values /opt/stack/data/venv/lib/python3.10/site-packages/oslo_config/cfg.py:2819}}
Sep 20 19:18:42 jammy-provider-cloud-0000007678 devstack@g-api.service[104678]: DEBUG glance.common.config [None req-41d35bd3-0881-441b-b596-34a81f40a7d1 None None] instance_format                = [instance: %(uuid)s]  {{(pid=104678) log_opt_values /opt/stack/data/venv/lib/python3.10/site-packages/oslo_config/cfg.py:2819}}
Sep 20 19:18:42 jammy-provider-cloud-0000007678 devstack@g-api.service[104678]: DEBUG glance.common.config [None req-41d35bd3-0881-441b-b596-34a81f40a7d1 None None] instance_uuid_format           = [instance: %(uuid)s]  {{(pid=104678) log_opt_values /opt/stack/data/venv/lib/python3.10/site-packages/oslo_config/cfg.py:2819}}
Sep 20 19:18:42 jammy-provider-cloud-0000007678 devstack@g-api.service[104678]: DEBUG glance.common.config [None req-41d35bd3-0881-441b-b596-34a81f40a7d1 None None] limit_param_default            = 25 {{(pid=104678) log_opt_values /opt/stack/data/venv/lib/python3.10/site-packages/oslo_config/cfg.py:2819}}
Sep 20 19:18:42 jammy-provider-cloud-0000007678 devstack@g-api.service[104678]: DEBUG glance.common.config [None req-41d35bd3-0881-441b-b596-34a81f40a7d1 None None] log_color                      = True {{(pid=104678) log_opt_values /opt/stack/data/venv/lib/python3.10/site-packages/oslo_config/cfg.py:2819}}
Sep 20 19:18:42 jammy-provider-cloud-0000007678 devstack@g-api.service[104678]: DEBUG glance.common.config [None req-41d35bd3-0881-441b-b596-34a81f40a7d1 None None] log_config_append              = None {{(pid=104678) log_opt_values /opt/stack/data/venv/lib/python3.10/site-packages/oslo_config/cfg.py:2819}}
Sep 20 19:18:42 jammy-provider-cloud-0000007678 devstack@g-api.service[104678]: DEBUG glance.common.config [None req-41d35bd3-0881-441b-b596-34a81f40a7d1 None None] log_date_format                = %Y-%m-%d %H:%M:%S {{(pid=104678) log_opt_values /opt/stack/data/venv/lib/python3.10/site-packages/oslo_config/cfg.py:2819}}
Sep 20 19:18:42 jammy-provider-cloud-0000007678 devstack@g-api.service[104678]: DEBUG glance.common.config [None req-41d35bd3-0881-441b-b596-34a81f40a7d1 None None] log_dir                        = None {{(pid=104678) log_opt_values /opt/stack/data/venv/lib/python3.10/site-packages/oslo_config/cfg.py:2819}}
Sep 20 19:18:42 jammy-provider-cloud-0000007678 devstack@g-api.service[104678]: DEBUG glance.common.config [None req-41d35bd3-0881-441b-b596-34a81f40a7d1 None None] log_file                       = None {{(pid=104678) log_opt_values /opt/stack/data/venv/lib/python3.10/site-packages/oslo_config/cfg.py:2819}}
Sep 20 19:18:42 jammy-provider-cloud-0000007678 devstack@g-api.service[104678]: DEBUG glance.common.config [None req-41d35bd3-0881-441b-b596-34a81f40a7d1 None None] log_rotate_interval            = 1 {{(pid=104678) log_opt_values /opt/stack/data/venv/lib/python3.10/site-packages/oslo_config/cfg.py:2819}}
Sep 20 19:18:42 jammy-provider-cloud-0000007678 devstack@g-api.service[104678]: DEBUG glance.common.config [None req-41d35bd3-0881-441b-b596-34a81f40a7d1 None None] log_rotate_interval_type       = days {{(pid=104678) log_opt_values /opt/stack/data/venv/lib/python3.10/site-packages/oslo_config/cfg.py:2819}}
Sep 20 19:18:42 jammy-provider-cloud-0000007678 devstack@g-api.service[104678]: DEBUG glance.common.config [None req-41d35bd3-0881-441b-b596-34a81f40a7d1 None None] log_rotation_type              = none {{(pid=104678) log_opt_values /opt/stack/data/venv/lib/python3.10/site-packages/oslo_config/cfg.py:2819}}
Sep 20 19:18:42 jammy-provider-cloud-0000007678 devstack@g-api.service[104678]: DEBUG glance.common.config [None req-41d35bd3-0881-441b-b596-34a81f40a7d1 None None] logging_context_format_string  = %(color)s%(levelname)s %(name)s [%(global_request_id)s %(request_id)s %(project_name)s %(user_name)s%(color)s] %(instance)s%(color)s%(message)s {{(pid=104678) log_opt_values /opt/stack/data/venv/lib/python3.10/site-packages/oslo_config/cfg.py:2819}}
Sep 20 19:18:42 jammy-provider-cloud-0000007678 devstack@g-api.service[104678]: DEBUG glance.common.config [None req-41d35bd3-0881-441b-b596-34a81f40a7d1 None None] logging_debug_format_suffix    = {{(pid=%(process)d) %(funcName)s %(pathname)s:%(lineno)d}} {{(pid=104678) log_opt_values /opt/stack/data/venv/lib/python3.10/site-packages/oslo_config/cfg.py:2819}}
Sep 20 19:18:42 jammy-provider-cloud-0000007678 devstack@g-api.service[104678]: DEBUG glance.common.config [None req-41d35bd3-0881-441b-b596-34a81f40a7d1 None None] logging_default_format_string  = %(color)s%(levelname)s %(name)s [-%(color)s] %(instance)s%(color)s%(message)s {{(pid=104678) log_opt_values /opt/stack/data/venv/lib/python3.10/site-packages/oslo_config/cfg.py:2819}}
