Jan 08 13:33:22 jammy-provider-cloud-0000007900 systemd[1]: Starting Devstack devstack@g-api.service...
Jan 08 13:33:22 jammy-provider-cloud-0000007900 devstack@g-api.service[104809]: [uWSGI] getting INI configuration from /etc/glance/glance-uwsgi.ini
Jan 08 13:33:22 jammy-provider-cloud-0000007900 devstack@g-api.service[104809]: *** Starting uWSGI 2.0.20-debian (64bit) on [Wed Jan  8 13:33:22 2025] ***
Jan 08 13:33:22 jammy-provider-cloud-0000007900 devstack@g-api.service[104809]: compiled with version: 11.2.0 on 21 March 2022 11:00:44
Jan 08 13:33:22 jammy-provider-cloud-0000007900 devstack@g-api.service[104809]: os: Linux-5.15.0-107-generic #117-Ubuntu SMP Fri Apr 26 12:26:49 UTC 2024
Jan 08 13:33:22 jammy-provider-cloud-0000007900 devstack@g-api.service[104809]: nodename: jammy-provider-cloud-0000007900
Jan 08 13:33:22 jammy-provider-cloud-0000007900 devstack@g-api.service[104809]: machine: x86_64
Jan 08 13:33:22 jammy-provider-cloud-0000007900 devstack@g-api.service[104809]: clock source: unix
Jan 08 13:33:22 jammy-provider-cloud-0000007900 devstack@g-api.service[104809]: pcre jit disabled
Jan 08 13:33:22 jammy-provider-cloud-0000007900 devstack@g-api.service[104809]: detected number of CPU cores: 4
Jan 08 13:33:22 jammy-provider-cloud-0000007900 devstack@g-api.service[104809]: current working directory: /
Jan 08 13:33:22 jammy-provider-cloud-0000007900 devstack@g-api.service[104809]: detected binary path: /usr/bin/uwsgi-core
Jan 08 13:33:22 jammy-provider-cloud-0000007900 devstack@g-api.service[104809]: your processes number limit is 31298
Jan 08 13:33:22 jammy-provider-cloud-0000007900 devstack@g-api.service[104809]: your memory page size is 4096 bytes
Jan 08 13:33:22 jammy-provider-cloud-0000007900 devstack@g-api.service[104809]: detected max file descriptor number: 2048
Jan 08 13:33:22 jammy-provider-cloud-0000007900 devstack@g-api.service[104809]: lock engine: pthread robust mutexes
Jan 08 13:33:22 jammy-provider-cloud-0000007900 devstack@g-api.service[104809]: thunder lock: enabled
Jan 08 13:33:22 jammy-provider-cloud-0000007900 devstack@g-api.service[104809]: uwsgi socket 0 bound to TCP address 127.0.0.1:60999 fd 4
Jan 08 13:33:22 jammy-provider-cloud-0000007900 devstack@g-api.service[104809]: Python version: 3.10.12 (main, Nov  6 2024, 20:22:13) [GCC 11.4.0]
Jan 08 13:33:22 jammy-provider-cloud-0000007900 devstack@g-api.service[104809]: PEP 405 virtualenv detected: /opt/stack/data/venv
Jan 08 13:33:22 jammy-provider-cloud-0000007900 devstack@g-api.service[104809]: Set PythonHome to /opt/stack/data/venv
Jan 08 13:33:22 jammy-provider-cloud-0000007900 devstack@g-api.service[104809]: Python main interpreter initialized at 0x555eb4998e60
Jan 08 13:33:22 jammy-provider-cloud-0000007900 devstack@g-api.service[104809]: python threads support enabled
Jan 08 13:33:22 jammy-provider-cloud-0000007900 devstack@g-api.service[104809]: your server socket listen backlog is limited to 100 connections
Jan 08 13:33:22 jammy-provider-cloud-0000007900 devstack@g-api.service[104809]: your mercy for graceful operations on workers is 80 seconds
Jan 08 13:33:22 jammy-provider-cloud-0000007900 devstack@g-api.service[104809]: mapped 403077 bytes (393 KB) for 2 cores
Jan 08 13:33:22 jammy-provider-cloud-0000007900 devstack@g-api.service[104809]: *** Operational MODE: preforking ***
Jan 08 13:33:22 jammy-provider-cloud-0000007900 devstack@g-api.service[104809]: *** uWSGI is running in multiple interpreter mode ***
Jan 08 13:33:22 jammy-provider-cloud-0000007900 devstack@g-api.service[104809]: spawned uWSGI master process (pid: 104809)
Jan 08 13:33:22 jammy-provider-cloud-0000007900 devstack@g-api.service[104809]: spawned uWSGI worker 1 (pid: 104810, cores: 1)
Jan 08 13:33:22 jammy-provider-cloud-0000007900 devstack@g-api.service[104809]: spawned uWSGI worker 2 (pid: 104811, cores: 1)
Jan 08 13:33:22 jammy-provider-cloud-0000007900 devstack@g-api.service[104809]: running "unix_signal:15 gracefully_kill_them_all" (master-start)...
Jan 08 13:33:22 jammy-provider-cloud-0000007900 systemd[1]: Started Devstack devstack@g-api.service.
Jan 08 13:33:23 jammy-provider-cloud-0000007900 devstack@g-api.service[104810]: INFO glance.async_ [-] Threadpool model set to 'NativeThreadPoolModel'
Jan 08 13:33:23 jammy-provider-cloud-0000007900 devstack@g-api.service[104811]: INFO glance.async_ [-] Threadpool model set to 'NativeThreadPoolModel'
Jan 08 13:33:23 jammy-provider-cloud-0000007900 devstack@g-api.service[104810]: DEBUG oslo_concurrency.processutils [-] Running cmd (subprocess): grep -F node.session.scan /sbin/iscsiadm {{(pid=104810) execute /opt/stack/data/venv/lib/python3.10/site-packages/oslo_concurrency/processutils.py:383}}
Jan 08 13:33:23 jammy-provider-cloud-0000007900 devstack@g-api.service[104811]: DEBUG oslo_concurrency.processutils [-] Running cmd (subprocess): grep -F node.session.scan /sbin/iscsiadm {{(pid=104811) execute /opt/stack/data/venv/lib/python3.10/site-packages/oslo_concurrency/processutils.py:383}}
Jan 08 13:33:23 jammy-provider-cloud-0000007900 devstack@g-api.service[104810]: DEBUG oslo_concurrency.processutils [-] CMD "grep -F node.session.scan /sbin/iscsiadm" returned: 0 in 0.007s {{(pid=104810) execute /opt/stack/data/venv/lib/python3.10/site-packages/oslo_concurrency/processutils.py:421}}
Jan 08 13:33:23 jammy-provider-cloud-0000007900 devstack@g-api.service[104811]: DEBUG oslo_concurrency.processutils [-] CMD "grep -F node.session.scan /sbin/iscsiadm" returned: 0 in 0.009s {{(pid=104811) execute /opt/stack/data/venv/lib/python3.10/site-packages/oslo_concurrency/processutils.py:421}}
Jan 08 13:33:23 jammy-provider-cloud-0000007900 devstack@g-api.service[104810]: DEBUG glance_store.common.attachment_state_manager [-] Initialising _AttachmentStateManager {{(pid=104810) __init__ /opt/stack/data/venv/lib/python3.10/site-packages/glance_store/common/attachment_state_manager.py:86}}
Jan 08 13:33:23 jammy-provider-cloud-0000007900 devstack@g-api.service[104811]: DEBUG glance_store.common.attachment_state_manager [-] Initialising _AttachmentStateManager {{(pid=104811) __init__ /opt/stack/data/venv/lib/python3.10/site-packages/glance_store/common/attachment_state_manager.py:86}}
Jan 08 13:33:23 jammy-provider-cloud-0000007900 devstack@g-api.service[104811]: DEBUG glance_store.backend [-] Attempting to import store cinder {{(pid=104811) _load_store /opt/stack/data/venv/lib/python3.10/site-packages/glance_store/backend.py:216}}
Jan 08 13:33:23 jammy-provider-cloud-0000007900 devstack@g-api.service[104811]: DEBUG glance_store.backend [-] Attempting to import store file {{(pid=104811) _load_store /opt/stack/data/venv/lib/python3.10/site-packages/glance_store/backend.py:216}}
Jan 08 13:33:23 jammy-provider-cloud-0000007900 devstack@g-api.service[104811]: DEBUG glance_store.backend [-] Attempting to import store glance.store.cinder.Store {{(pid=104811) _load_store /opt/stack/data/venv/lib/python3.10/site-packages/glance_store/backend.py:216}}
Jan 08 13:33:23 jammy-provider-cloud-0000007900 devstack@g-api.service[104811]: DEBUG glance_store.backend [-] Attempting to import store glance.store.filesystem.Store {{(pid=104811) _load_store /opt/stack/data/venv/lib/python3.10/site-packages/glance_store/backend.py:216}}
Jan 08 13:33:23 jammy-provider-cloud-0000007900 devstack@g-api.service[104811]: DEBUG glance_store.backend [-] Attempting to import store glance.store.http.Store {{(pid=104811) _load_store /opt/stack/data/venv/lib/python3.10/site-packages/glance_store/backend.py:216}}
Jan 08 13:33:23 jammy-provider-cloud-0000007900 devstack@g-api.service[104811]: DEBUG glance_store.backend [-] Attempting to import store glance.store.rbd.Store {{(pid=104811) _load_store /opt/stack/data/venv/lib/python3.10/site-packages/glance_store/backend.py:216}}
Jan 08 13:33:23 jammy-provider-cloud-0000007900 devstack@g-api.service[104811]: DEBUG glance_store.backend [-] Attempting to import store glance.store.s3.Store {{(pid=104811) _load_store /opt/stack/data/venv/lib/python3.10/site-packages/glance_store/backend.py:216}}
Jan 08 13:33:23 jammy-provider-cloud-0000007900 devstack@g-api.service[104811]: DEBUG glance_store.backend [-] Attempting to import store glance.store.swift.Store {{(pid=104811) _load_store /opt/stack/data/venv/lib/python3.10/site-packages/glance_store/backend.py:216}}
Jan 08 13:33:23 jammy-provider-cloud-0000007900 devstack@g-api.service[104811]: DEBUG glance_store.backend [-] Attempting to import store glance.store.vmware_datastore.Store {{(pid=104811) _load_store /opt/stack/data/venv/lib/python3.10/site-packages/glance_store/backend.py:216}}
Jan 08 13:33:23 jammy-provider-cloud-0000007900 devstack@g-api.service[104811]: DEBUG glance_store.backend [-] Attempting to import store http {{(pid=104811) _load_store /opt/stack/data/venv/lib/python3.10/site-packages/glance_store/backend.py:216}}
Jan 08 13:33:23 jammy-provider-cloud-0000007900 devstack@g-api.service[104811]: DEBUG glance_store.backend [-] Attempting to import store no_conf {{(pid=104811) _load_store /opt/stack/data/venv/lib/python3.10/site-packages/glance_store/backend.py:216}}
Jan 08 13:33:23 jammy-provider-cloud-0000007900 devstack@g-api.service[104811]: DEBUG glance_store.backend [-] Attempting to import store rbd {{(pid=104811) _load_store /opt/stack/data/venv/lib/python3.10/site-packages/glance_store/backend.py:216}}
Jan 08 13:33:23 jammy-provider-cloud-0000007900 devstack@g-api.service[104811]: DEBUG glance_store.backend [-] Attempting to import store s3 {{(pid=104811) _load_store /opt/stack/data/venv/lib/python3.10/site-packages/glance_store/backend.py:216}}
Jan 08 13:33:23 jammy-provider-cloud-0000007900 devstack@g-api.service[104811]: DEBUG glance_store.backend [-] Attempting to import store swift {{(pid=104811) _load_store /opt/stack/data/venv/lib/python3.10/site-packages/glance_store/backend.py:216}}
Jan 08 13:33:23 jammy-provider-cloud-0000007900 devstack@g-api.service[104811]: DEBUG glance_store.backend [-] Attempting to import store vmware {{(pid=104811) _load_store /opt/stack/data/venv/lib/python3.10/site-packages/glance_store/backend.py:216}}
Jan 08 13:33:23 jammy-provider-cloud-0000007900 devstack@g-api.service[104811]: DEBUG glance_store.backend [-] Registering options for group glance_store {{(pid=104811) register_opts /opt/stack/data/venv/lib/python3.10/site-packages/glance_store/backend.py:145}}
Jan 08 13:33:23 jammy-provider-cloud-0000007900 devstack@g-api.service[104811]: DEBUG glance_store.backend [-] Registering options for group glance_store {{(pid=104811) register_opts /opt/stack/data/venv/lib/python3.10/site-packages/glance_store/backend.py:145}}
Jan 08 13:33:23 jammy-provider-cloud-0000007900 devstack@g-api.service[104811]: DEBUG glance_store.backend [-] Attempting to import store http {{(pid=104811) _load_store /opt/stack/data/venv/lib/python3.10/site-packages/glance_store/backend.py:216}}
Jan 08 13:33:23 jammy-provider-cloud-0000007900 devstack@g-api.service[104811]: DEBUG glance_store.capabilities [-] Store glance_store._drivers.http.Store doesn't support updating dynamic storage capabilities. Please overwrite 'update_capabilities' method of the store to implement updating logics if needed. {{(pid=104811) update_capabilities /opt/stack/data/venv/lib/python3.10/site-packages/glance_store/capabilities.py:91}}
Jan 08 13:33:23 jammy-provider-cloud-0000007900 devstack@g-api.service[104811]: DEBUG glance_store.backend [-] Registering store http with schemes ('http', 'https') {{(pid=104811) create_stores /opt/stack/data/venv/lib/python3.10/site-packages/glance_store/backend.py:262}}
Jan 08 13:33:23 jammy-provider-cloud-0000007900 devstack@g-api.service[104811]: DEBUG glance_store.driver [-] Late loading location class glance_store._drivers.http.StoreLocation {{(pid=104811) get_store_location_class /opt/stack/data/venv/lib/python3.10/site-packages/glance_store/driver.py:133}}
Jan 08 13:33:23 jammy-provider-cloud-0000007900 devstack@g-api.service[104811]: DEBUG glance_store.location [-] Registering scheme http with {'store': <glance_store._drivers.http.Store object at 0x7fbfe192a920>, 'location_class': <class 'glance_store._drivers.http.StoreLocation'>, 'store_entry': 'http'} {{(pid=104811) register_scheme_map /opt/stack/data/venv/lib/python3.10/site-packages/glance_store/location.py:146}}
Jan 08 13:33:23 jammy-provider-cloud-0000007900 devstack@g-api.service[104811]: DEBUG glance_store.location [-] Registering scheme https with {'store': <glance_store._drivers.http.Store object at 0x7fbfe192a920>, 'location_class': <class 'glance_store._drivers.http.StoreLocation'>, 'store_entry': 'http'} {{(pid=104811) register_scheme_map /opt/stack/data/venv/lib/python3.10/site-packages/glance_store/location.py:146}}
Jan 08 13:33:23 jammy-provider-cloud-0000007900 devstack@g-api.service[104811]: DEBUG glance_store.backend [-] Attempting to import store file {{(pid=104811) _load_store /opt/stack/data/venv/lib/python3.10/site-packages/glance_store/backend.py:216}}
Jan 08 13:33:23 jammy-provider-cloud-0000007900 devstack@g-api.service[104811]: DEBUG glance_store.capabilities [-] Store glance_store._drivers.filesystem.Store doesn't support updating dynamic storage capabilities. Please overwrite 'update_capabilities' method of the store to implement updating logics if needed. {{(pid=104811) update_capabilities /opt/stack/data/venv/lib/python3.10/site-packages/glance_store/capabilities.py:91}}
Jan 08 13:33:23 jammy-provider-cloud-0000007900 devstack@g-api.service[104811]: DEBUG glance_store.backend [-] Registering store file with schemes ('file', 'filesystem') {{(pid=104811) create_stores /opt/stack/data/venv/lib/python3.10/site-packages/glance_store/backend.py:262}}
Jan 08 13:33:23 jammy-provider-cloud-0000007900 devstack@g-api.service[104811]: DEBUG glance_store.driver [-] Late loading location class glance_store._drivers.filesystem.StoreLocation {{(pid=104811) get_store_location_class /opt/stack/data/venv/lib/python3.10/site-packages/glance_store/driver.py:133}}
Jan 08 13:33:23 jammy-provider-cloud-0000007900 devstack@g-api.service[104811]: DEBUG glance_store.location [-] Registering scheme file with {'store': <glance_store._drivers.filesystem.Store object at 0x7fbfe192ba90>, 'location_class': <class 'glance_store._drivers.filesystem.StoreLocation'>, 'store_entry': 'file'} {{(pid=104811) register_scheme_map /opt/stack/data/venv/lib/python3.10/site-packages/glance_store/location.py:146}}
Jan 08 13:33:23 jammy-provider-cloud-0000007900 devstack@g-api.service[104811]: DEBUG glance_store.location [-] Registering scheme filesystem with {'store': <glance_store._drivers.filesystem.Store object at 0x7fbfe192ba90>, 'location_class': <class 'glance_store._drivers.filesystem.StoreLocation'>, 'store_entry': 'file'} {{(pid=104811) register_scheme_map /opt/stack/data/venv/lib/python3.10/site-packages/glance_store/location.py:146}}
Jan 08 13:33:23 jammy-provider-cloud-0000007900 devstack@g-api.service[104811]: DEBUG glance.sqlite_migration [-] SQLite caching database not located, skipping migration {{(pid=104811) get_db_path /opt/stack/glance/glance/sqlite_migration.py:68}}
Jan 08 13:33:23 jammy-provider-cloud-0000007900 devstack@g-api.service[104811]: WARNING glance.common.wsgi_app [-] Import methods are enabled but staging directory /tmp/staging/ does not exist; Imports will fail!
Jan 08 13:33:23 jammy-provider-cloud-0000007900 devstack@g-api.service[104810]: DEBUG glance_store.backend [-] Attempting to import store cinder {{(pid=104810) _load_store /opt/stack/data/venv/lib/python3.10/site-packages/glance_store/backend.py:216}}
Jan 08 13:33:23 jammy-provider-cloud-0000007900 devstack@g-api.service[104810]: DEBUG glance_store.backend [-] Attempting to import store file {{(pid=104810) _load_store /opt/stack/data/venv/lib/python3.10/site-packages/glance_store/backend.py:216}}
Jan 08 13:33:23 jammy-provider-cloud-0000007900 devstack@g-api.service[104810]: DEBUG glance_store.backend [-] Attempting to import store glance.store.cinder.Store {{(pid=104810) _load_store /opt/stack/data/venv/lib/python3.10/site-packages/glance_store/backend.py:216}}
Jan 08 13:33:23 jammy-provider-cloud-0000007900 devstack@g-api.service[104810]: DEBUG glance_store.backend [-] Attempting to import store glance.store.filesystem.Store {{(pid=104810) _load_store /opt/stack/data/venv/lib/python3.10/site-packages/glance_store/backend.py:216}}
Jan 08 13:33:23 jammy-provider-cloud-0000007900 devstack@g-api.service[104810]: DEBUG glance_store.backend [-] Attempting to import store glance.store.http.Store {{(pid=104810) _load_store /opt/stack/data/venv/lib/python3.10/site-packages/glance_store/backend.py:216}}
Jan 08 13:33:23 jammy-provider-cloud-0000007900 devstack@g-api.service[104810]: DEBUG glance_store.backend [-] Attempting to import store glance.store.rbd.Store {{(pid=104810) _load_store /opt/stack/data/venv/lib/python3.10/site-packages/glance_store/backend.py:216}}
Jan 08 13:33:23 jammy-provider-cloud-0000007900 devstack@g-api.service[104810]: DEBUG glance_store.backend [-] Attempting to import store glance.store.s3.Store {{(pid=104810) _load_store /opt/stack/data/venv/lib/python3.10/site-packages/glance_store/backend.py:216}}
Jan 08 13:33:23 jammy-provider-cloud-0000007900 devstack@g-api.service[104810]: DEBUG glance_store.backend [-] Attempting to import store glance.store.swift.Store {{(pid=104810) _load_store /opt/stack/data/venv/lib/python3.10/site-packages/glance_store/backend.py:216}}
Jan 08 13:33:23 jammy-provider-cloud-0000007900 devstack@g-api.service[104810]: DEBUG glance_store.backend [-] Attempting to import store glance.store.vmware_datastore.Store {{(pid=104810) _load_store /opt/stack/data/venv/lib/python3.10/site-packages/glance_store/backend.py:216}}
Jan 08 13:33:23 jammy-provider-cloud-0000007900 devstack@g-api.service[104810]: DEBUG glance_store.backend [-] Attempting to import store http {{(pid=104810) _load_store /opt/stack/data/venv/lib/python3.10/site-packages/glance_store/backend.py:216}}
Jan 08 13:33:23 jammy-provider-cloud-0000007900 devstack@g-api.service[104810]: DEBUG glance_store.backend [-] Attempting to import store no_conf {{(pid=104810) _load_store /opt/stack/data/venv/lib/python3.10/site-packages/glance_store/backend.py:216}}
Jan 08 13:33:23 jammy-provider-cloud-0000007900 devstack@g-api.service[104810]: DEBUG glance_store.backend [-] Attempting to import store rbd {{(pid=104810) _load_store /opt/stack/data/venv/lib/python3.10/site-packages/glance_store/backend.py:216}}
Jan 08 13:33:23 jammy-provider-cloud-0000007900 devstack@g-api.service[104810]: DEBUG glance_store.backend [-] Attempting to import store s3 {{(pid=104810) _load_store /opt/stack/data/venv/lib/python3.10/site-packages/glance_store/backend.py:216}}
Jan 08 13:33:23 jammy-provider-cloud-0000007900 devstack@g-api.service[104810]: DEBUG glance_store.backend [-] Attempting to import store swift {{(pid=104810) _load_store /opt/stack/data/venv/lib/python3.10/site-packages/glance_store/backend.py:216}}
Jan 08 13:33:23 jammy-provider-cloud-0000007900 devstack@g-api.service[104810]: DEBUG glance_store.backend [-] Attempting to import store vmware {{(pid=104810) _load_store /opt/stack/data/venv/lib/python3.10/site-packages/glance_store/backend.py:216}}
Jan 08 13:33:23 jammy-provider-cloud-0000007900 devstack@g-api.service[104810]: DEBUG glance_store.backend [-] Registering options for group glance_store {{(pid=104810) register_opts /opt/stack/data/venv/lib/python3.10/site-packages/glance_store/backend.py:145}}
Jan 08 13:33:23 jammy-provider-cloud-0000007900 devstack@g-api.service[104810]: DEBUG glance_store.backend [-] Registering options for group glance_store {{(pid=104810) register_opts /opt/stack/data/venv/lib/python3.10/site-packages/glance_store/backend.py:145}}
Jan 08 13:33:23 jammy-provider-cloud-0000007900 devstack@g-api.service[104810]: DEBUG glance_store.backend [-] Attempting to import store http {{(pid=104810) _load_store /opt/stack/data/venv/lib/python3.10/site-packages/glance_store/backend.py:216}}
Jan 08 13:33:23 jammy-provider-cloud-0000007900 devstack@g-api.service[104810]: DEBUG glance_store.capabilities [-] Store glance_store._drivers.http.Store doesn't support updating dynamic storage capabilities. Please overwrite 'update_capabilities' method of the store to implement updating logics if needed. {{(pid=104810) update_capabilities /opt/stack/data/venv/lib/python3.10/site-packages/glance_store/capabilities.py:91}}
Jan 08 13:33:23 jammy-provider-cloud-0000007900 devstack@g-api.service[104810]: DEBUG glance_store.backend [-] Registering store http with schemes ('http', 'https') {{(pid=104810) create_stores /opt/stack/data/venv/lib/python3.10/site-packages/glance_store/backend.py:262}}
Jan 08 13:33:23 jammy-provider-cloud-0000007900 devstack@g-api.service[104810]: DEBUG glance_store.driver [-] Late loading location class glance_store._drivers.http.StoreLocation {{(pid=104810) get_store_location_class /opt/stack/data/venv/lib/python3.10/site-packages/glance_store/driver.py:133}}
Jan 08 13:33:23 jammy-provider-cloud-0000007900 devstack@g-api.service[104810]: DEBUG glance_store.location [-] Registering scheme http with {'store': <glance_store._drivers.http.Store object at 0x7fbfe192a920>, 'location_class': <class 'glance_store._drivers.http.StoreLocation'>, 'store_entry': 'http'} {{(pid=104810) register_scheme_map /opt/stack/data/venv/lib/python3.10/site-packages/glance_store/location.py:146}}
Jan 08 13:33:23 jammy-provider-cloud-0000007900 devstack@g-api.service[104810]: DEBUG glance_store.location [-] Registering scheme https with {'store': <glance_store._drivers.http.Store object at 0x7fbfe192a920>, 'location_class': <class 'glance_store._drivers.http.StoreLocation'>, 'store_entry': 'http'} {{(pid=104810) register_scheme_map /opt/stack/data/venv/lib/python3.10/site-packages/glance_store/location.py:146}}
Jan 08 13:33:23 jammy-provider-cloud-0000007900 devstack@g-api.service[104810]: DEBUG glance_store.backend [-] Attempting to import store file {{(pid=104810) _load_store /opt/stack/data/venv/lib/python3.10/site-packages/glance_store/backend.py:216}}
Jan 08 13:33:23 jammy-provider-cloud-0000007900 devstack@g-api.service[104810]: DEBUG glance_store.capabilities [-] Store glance_store._drivers.filesystem.Store doesn't support updating dynamic storage capabilities. Please overwrite 'update_capabilities' method of the store to implement updating logics if needed. {{(pid=104810) update_capabilities /opt/stack/data/venv/lib/python3.10/site-packages/glance_store/capabilities.py:91}}
Jan 08 13:33:23 jammy-provider-cloud-0000007900 devstack@g-api.service[104810]: DEBUG glance_store.backend [-] Registering store file with schemes ('file', 'filesystem') {{(pid=104810) create_stores /opt/stack/data/venv/lib/python3.10/site-packages/glance_store/backend.py:262}}
Jan 08 13:33:23 jammy-provider-cloud-0000007900 devstack@g-api.service[104810]: DEBUG glance_store.driver [-] Late loading location class glance_store._drivers.filesystem.StoreLocation {{(pid=104810) get_store_location_class /opt/stack/data/venv/lib/python3.10/site-packages/glance_store/driver.py:133}}
Jan 08 13:33:23 jammy-provider-cloud-0000007900 devstack@g-api.service[104810]: DEBUG glance_store.location [-] Registering scheme file with {'store': <glance_store._drivers.filesystem.Store object at 0x7fbfe192ba90>, 'location_class': <class 'glance_store._drivers.filesystem.StoreLocation'>, 'store_entry': 'file'} {{(pid=104810) register_scheme_map /opt/stack/data/venv/lib/python3.10/site-packages/glance_store/location.py:146}}
Jan 08 13:33:23 jammy-provider-cloud-0000007900 devstack@g-api.service[104810]: DEBUG glance_store.location [-] Registering scheme filesystem with {'store': <glance_store._drivers.filesystem.Store object at 0x7fbfe192ba90>, 'location_class': <class 'glance_store._drivers.filesystem.StoreLocation'>, 'store_entry': 'file'} {{(pid=104810) register_scheme_map /opt/stack/data/venv/lib/python3.10/site-packages/glance_store/location.py:146}}
Jan 08 13:33:23 jammy-provider-cloud-0000007900 devstack@g-api.service[104810]: DEBUG glance.sqlite_migration [-] SQLite caching database not located, skipping migration {{(pid=104810) get_db_path /opt/stack/glance/glance/sqlite_migration.py:68}}
Jan 08 13:33:23 jammy-provider-cloud-0000007900 devstack@g-api.service[104810]: WARNING glance.common.wsgi_app [-] Import methods are enabled but staging directory /tmp/staging/ does not exist; Imports will fail!
Jan 08 13:33:24 jammy-provider-cloud-0000007900 devstack@g-api.service[104811]: DEBUG glance.common.config [None req-54285a00-1839-4993-9913-14b56511ebb8 None None] Loading glance-api-keystone+cachemanagement from /etc/glance/glance-api-paste.ini {{(pid=104811) load_paste_app /opt/stack/glance/glance/common/config.py:723}}
Jan 08 13:33:24 jammy-provider-cloud-0000007900 devstack@g-api.service[104810]: DEBUG glance.common.config [None req-bbe7b7dc-709c-45c3-b95b-216b027f65ab None None] Loading glance-api-keystone+cachemanagement from /etc/glance/glance-api-paste.ini {{(pid=104810) load_paste_app /opt/stack/glance/glance/common/config.py:723}}
Jan 08 13:33:24 jammy-provider-cloud-0000007900 devstack@g-api.service[104811]: INFO glance.image_cache [None req-54285a00-1839-4993-9913-14b56511ebb8 None None] Image cache loaded driver 'centralized_db'.
Jan 08 13:33:24 jammy-provider-cloud-0000007900 devstack@g-api.service[104810]: INFO glance.image_cache [None req-bbe7b7dc-709c-45c3-b95b-216b027f65ab None None] Image cache loaded driver 'centralized_db'.
Jan 08 13:33:24 jammy-provider-cloud-0000007900 devstack@g-api.service[104811]: INFO dbcounter [None req-54285a00-1839-4993-9913-14b56511ebb8 None None] Registered counter for database glance
Jan 08 13:33:24 jammy-provider-cloud-0000007900 devstack@g-api.service[104811]: DEBUG oslo_db.sqlalchemy.engines [None req-54285a00-1839-4993-9913-14b56511ebb8 None None] MySQL server mode set to STRICT_TRANS_TABLES,STRICT_ALL_TABLES,NO_ZERO_IN_DATE,NO_ZERO_DATE,ERROR_FOR_DIVISION_BY_ZERO,TRADITIONAL,NO_ENGINE_SUBSTITUTION {{(pid=104811) _check_effective_sql_mode /opt/stack/data/venv/lib/python3.10/site-packages/oslo_db/sqlalchemy/engines.py:395}}
Jan 08 13:33:24 jammy-provider-cloud-0000007900 devstack@g-api.service[104810]: INFO dbcounter [None req-bbe7b7dc-709c-45c3-b95b-216b027f65ab None None] Registered counter for database glance
Jan 08 13:33:24 jammy-provider-cloud-0000007900 devstack@g-api.service[104810]: DEBUG oslo_db.sqlalchemy.engines [None req-bbe7b7dc-709c-45c3-b95b-216b027f65ab None None] MySQL server mode set to STRICT_TRANS_TABLES,STRICT_ALL_TABLES,NO_ZERO_IN_DATE,NO_ZERO_DATE,ERROR_FOR_DIVISION_BY_ZERO,TRADITIONAL,NO_ENGINE_SUBSTITUTION {{(pid=104810) _check_effective_sql_mode /opt/stack/data/venv/lib/python3.10/site-packages/oslo_db/sqlalchemy/engines.py:395}}
Jan 08 13:33:24 jammy-provider-cloud-0000007900 devstack@g-api.service[104811]: DEBUG dbcounter [-] [104811] Writer thread running {{(pid=104811) stat_writer /opt/stack/data/venv/lib/python3.10/site-packages/dbcounter.py:102}}
Jan 08 13:33:24 jammy-provider-cloud-0000007900 devstack@g-api.service[104811]: INFO glance.image_cache [None req-54285a00-1839-4993-9913-14b56511ebb8 None None] Image cache loaded driver 'centralized_db'.
Jan 08 13:33:24 jammy-provider-cloud-0000007900 devstack@g-api.service[104811]: DEBUG glance.image_cache.drivers.centralized_db [None req-54285a00-1839-4993-9913-14b56511ebb8 None None] Node reference is already recorded, ignoring it {{(pid=104811) configure /opt/stack/glance/glance/image_cache/drivers/centralized_db.py:71}}
Jan 08 13:33:24 jammy-provider-cloud-0000007900 devstack@g-api.service[104810]: DEBUG dbcounter [-] [104810] Writer thread running {{(pid=104810) stat_writer /opt/stack/data/venv/lib/python3.10/site-packages/dbcounter.py:102}}
Jan 08 13:33:24 jammy-provider-cloud-0000007900 devstack@g-api.service[104811]: DEBUG glance.api.v2.cached_images [None req-54285a00-1839-4993-9913-14b56511ebb8 None None] Started cache worker thread {{(pid=104811) __init__ /opt/stack/glance/glance/api/v2/cached_images.py:69}}
Jan 08 13:33:24 jammy-provider-cloud-0000007900 devstack@g-api.service[104810]: DEBUG glance.image_cache.drivers.centralized_db [None req-bbe7b7dc-709c-45c3-b95b-216b027f65ab None None] Node reference is already recorded, ignoring it {{(pid=104810) configure /opt/stack/glance/glance/image_cache/drivers/centralized_db.py:71}}
Jan 08 13:33:24 jammy-provider-cloud-0000007900 devstack@g-api.service[104811]: INFO glance.image_cache [None req-54285a00-1839-4993-9913-14b56511ebb8 None None] Image cache loaded driver 'centralized_db'.
Jan 08 13:33:24 jammy-provider-cloud-0000007900 devstack@g-api.service[104810]: INFO glance.image_cache [None req-bbe7b7dc-709c-45c3-b95b-216b027f65ab None None] Image cache loaded driver 'centralized_db'.
Jan 08 13:33:24 jammy-provider-cloud-0000007900 devstack@g-api.service[104811]: DEBUG glance.image_cache.drivers.centralized_db [None req-54285a00-1839-4993-9913-14b56511ebb8 None None] Node reference is already recorded, ignoring it {{(pid=104811) configure /opt/stack/glance/glance/image_cache/drivers/centralized_db.py:71}}
Jan 08 13:33:24 jammy-provider-cloud-0000007900 devstack@g-api.service[104811]: INFO glance.api.middleware.cache_manage [None req-54285a00-1839-4993-9913-14b56511ebb8 None None] Initialized image cache management middleware
Jan 08 13:33:24 jammy-provider-cloud-0000007900 devstack@g-api.service[104811]: INFO glance.image_cache [None req-54285a00-1839-4993-9913-14b56511ebb8 None None] Image cache loaded driver 'centralized_db'.
Jan 08 13:33:24 jammy-provider-cloud-0000007900 devstack@g-api.service[104810]: DEBUG glance.image_cache.drivers.centralized_db [None req-bbe7b7dc-709c-45c3-b95b-216b027f65ab None None] Node reference is already recorded, ignoring it {{(pid=104810) configure /opt/stack/glance/glance/image_cache/drivers/centralized_db.py:71}}
Jan 08 13:33:24 jammy-provider-cloud-0000007900 devstack@g-api.service[104810]: DEBUG glance.api.v2.cached_images [None req-bbe7b7dc-709c-45c3-b95b-216b027f65ab None None] Started cache worker thread {{(pid=104810) __init__ /opt/stack/glance/glance/api/v2/cached_images.py:69}}
Jan 08 13:33:24 jammy-provider-cloud-0000007900 devstack@g-api.service[104811]: DEBUG glance.image_cache.drivers.centralized_db [None req-54285a00-1839-4993-9913-14b56511ebb8 None None] Node reference is already recorded, ignoring it {{(pid=104811) configure /opt/stack/glance/glance/image_cache/drivers/centralized_db.py:71}}
Jan 08 13:33:24 jammy-provider-cloud-0000007900 devstack@g-api.service[104810]: INFO glance.image_cache [None req-bbe7b7dc-709c-45c3-b95b-216b027f65ab None None] Image cache loaded driver 'centralized_db'.
Jan 08 13:33:24 jammy-provider-cloud-0000007900 devstack@g-api.service[104811]: INFO glance.api.middleware.cache [None req-54285a00-1839-4993-9913-14b56511ebb8 None None] Initialized image cache middleware
Jan 08 13:33:24 jammy-provider-cloud-0000007900 devstack@g-api.service[104810]: DEBUG glance.image_cache.drivers.centralized_db [None req-bbe7b7dc-709c-45c3-b95b-216b027f65ab None None] Node reference is already recorded, ignoring it {{(pid=104810) configure /opt/stack/glance/glance/image_cache/drivers/centralized_db.py:71}}
Jan 08 13:33:24 jammy-provider-cloud-0000007900 devstack@g-api.service[104811]: WARNING keystonemiddleware.auth_token [None req-54285a00-1839-4993-9913-14b56511ebb8 None None] AuthToken middleware is set with keystone_authtoken.service_token_roles_required set to False. This is backwards compatible but deprecated behaviour. Please set this to True.
Jan 08 13:33:24 jammy-provider-cloud-0000007900 devstack@g-api.service[104810]: INFO glance.api.middleware.cache_manage [None req-bbe7b7dc-709c-45c3-b95b-216b027f65ab None None] Initialized image cache management middleware
Jan 08 13:33:24 jammy-provider-cloud-0000007900 devstack@g-api.service[104810]: INFO glance.image_cache [None req-bbe7b7dc-709c-45c3-b95b-216b027f65ab None None] Image cache loaded driver 'centralized_db'.
Jan 08 13:33:24 jammy-provider-cloud-0000007900 devstack@g-api.service[104811]: WARNING keystonemiddleware.auth_token [None req-54285a00-1839-4993-9913-14b56511ebb8 None None] Configuring www_authenticate_uri to point to the public identity endpoint is required; clients may not be able to authenticate against an admin endpoint
Jan 08 13:33:24 jammy-provider-cloud-0000007900 devstack@g-api.service[104811]: DEBUG glance.common.config [None req-54285a00-1839-4993-9913-14b56511ebb8 None None] ******************************************************************************** {{(pid=104811) log_opt_values /opt/stack/data/venv/lib/python3.10/site-packages/oslo_config/cfg.py:2804}}
Jan 08 13:33:24 jammy-provider-cloud-0000007900 devstack@g-api.service[104811]: DEBUG glance.common.config [None req-54285a00-1839-4993-9913-14b56511ebb8 None None] Configuration options gathered from: {{(pid=104811) log_opt_values /opt/stack/data/venv/lib/python3.10/site-packages/oslo_config/cfg.py:2805}}
Jan 08 13:33:24 jammy-provider-cloud-0000007900 devstack@g-api.service[104811]: DEBUG glance.common.config [None req-54285a00-1839-4993-9913-14b56511ebb8 None None] command line args: [] {{(pid=104811) log_opt_values /opt/stack/data/venv/lib/python3.10/site-packages/oslo_config/cfg.py:2806}}
Jan 08 13:33:24 jammy-provider-cloud-0000007900 devstack@g-api.service[104811]: DEBUG glance.common.config [None req-54285a00-1839-4993-9913-14b56511ebb8 None None] config files: ['/etc/glance/glance-image-import.conf', '/etc/glance/glance-api.conf'] {{(pid=104811) log_opt_values /opt/stack/data/venv/lib/python3.10/site-packages/oslo_config/cfg.py:2807}}
Jan 08 13:33:24 jammy-provider-cloud-0000007900 devstack@g-api.service[104811]: DEBUG glance.common.config [None req-54285a00-1839-4993-9913-14b56511ebb8 None None] ================================================================================ {{(pid=104811) log_opt_values /opt/stack/data/venv/lib/python3.10/site-packages/oslo_config/cfg.py:2809}}
Jan 08 13:33:24 jammy-provider-cloud-0000007900 devstack@g-api.service[104811]: DEBUG glance.common.config [None req-54285a00-1839-4993-9913-14b56511ebb8 None None] allow_anonymous_access         = False {{(pid=104811) log_opt_values /opt/stack/data/venv/lib/python3.10/site-packages/oslo_config/cfg.py:2817}}
Jan 08 13:33:24 jammy-provider-cloud-0000007900 devstack@g-api.service[104811]: DEBUG glance.common.config [None req-54285a00-1839-4993-9913-14b56511ebb8 None None] api_limit_max                  = 1000 {{(pid=104811) log_opt_values /opt/stack/data/venv/lib/python3.10/site-packages/oslo_config/cfg.py:2817}}
Jan 08 13:33:24 jammy-provider-cloud-0000007900 devstack@g-api.service[104811]: DEBUG glance.common.config [None req-54285a00-1839-4993-9913-14b56511ebb8 None None] backlog                        = 4096 {{(pid=104811) log_opt_values /opt/stack/data/venv/lib/python3.10/site-packages/oslo_config/cfg.py:2817}}
Jan 08 13:33:24 jammy-provider-cloud-0000007900 devstack@g-api.service[104811]: DEBUG glance.common.config [None req-54285a00-1839-4993-9913-14b56511ebb8 None None] bind_host                      = 0.0.0.0 {{(pid=104811) log_opt_values /opt/stack/data/venv/lib/python3.10/site-packages/oslo_config/cfg.py:2817}}
Jan 08 13:33:24 jammy-provider-cloud-0000007900 devstack@g-api.service[104811]: DEBUG glance.common.config [None req-54285a00-1839-4993-9913-14b56511ebb8 None None] bind_port                      = None {{(pid=104811) log_opt_values /opt/stack/data/venv/lib/python3.10/site-packages/oslo_config/cfg.py:2817}}
Jan 08 13:33:24 jammy-provider-cloud-0000007900 devstack@g-api.service[104811]: DEBUG glance.common.config [None req-54285a00-1839-4993-9913-14b56511ebb8 None None] client_socket_timeout          = 900 {{(pid=104811) log_opt_values /opt/stack/data/venv/lib/python3.10/site-packages/oslo_config/cfg.py:2817}}
Jan 08 13:33:24 jammy-provider-cloud-0000007900 devstack@g-api.service[104811]: DEBUG glance.common.config [None req-54285a00-1839-4993-9913-14b56511ebb8 None None] config_dir                     = [] {{(pid=104811) log_opt_values /opt/stack/data/venv/lib/python3.10/site-packages/oslo_config/cfg.py:2817}}
Jan 08 13:33:24 jammy-provider-cloud-0000007900 devstack@g-api.service[104811]: DEBUG glance.common.config [None req-54285a00-1839-4993-9913-14b56511ebb8 None None] config_file                    = ['/etc/glance/glance-image-import.conf', '/etc/glance/glance-api.conf'] {{(pid=104811) log_opt_values /opt/stack/data/venv/lib/python3.10/site-packages/oslo_config/cfg.py:2817}}
Jan 08 13:33:24 jammy-provider-cloud-0000007900 devstack@g-api.service[104811]: DEBUG glance.common.config [None req-54285a00-1839-4993-9913-14b56511ebb8 None None] config_source                  = [] {{(pid=104811) log_opt_values /opt/stack/data/venv/lib/python3.10/site-packages/oslo_config/cfg.py:2817}}
Jan 08 13:33:24 jammy-provider-cloud-0000007900 devstack@g-api.service[104811]: DEBUG glance.common.config [None req-54285a00-1839-4993-9913-14b56511ebb8 None None] control_exchange               = glance {{(pid=104811) log_opt_values /opt/stack/data/venv/lib/python3.10/site-packages/oslo_config/cfg.py:2817}}
Jan 08 13:33:24 jammy-provider-cloud-0000007900 devstack@g-api.service[104811]: DEBUG glance.common.config [None req-54285a00-1839-4993-9913-14b56511ebb8 None None] debug                          = True {{(pid=104811) log_opt_values /opt/stack/data/venv/lib/python3.10/site-packages/oslo_config/cfg.py:2817}}
Jan 08 13:33:24 jammy-provider-cloud-0000007900 devstack@g-api.service[104811]: DEBUG glance.common.config [None req-54285a00-1839-4993-9913-14b56511ebb8 None None] default_log_levels             = ['amqp=WARN', 'amqplib=WARN', 'boto=WARN', 'qpid=WARN', 'sqlalchemy=WARN', 'suds=INFO', 'oslo.messaging=INFO', 'oslo_messaging=INFO', 'iso8601=WARN', 'requests.packages.urllib3.connectionpool=WARN', 'urllib3.connectionpool=WARN', 'websocket=WARN', 'requests.packages.urllib3.util.retry=WARN', 'urllib3.util.retry=WARN', 'keystonemiddleware=WARN', 'routes.middleware=WARN', 'stevedore=WARN', 'taskflow=WARN', 'keystoneauth=WARN', 'oslo.cache=INFO', 'oslo_policy=INFO', 'dogpile.core.dogpile=INFO'] {{(pid=104811) log_opt_values /opt/stack/data/venv/lib/python3.10/site-packages/oslo_config/cfg.py:2817}}
Jan 08 13:33:24 jammy-provider-cloud-0000007900 devstack@g-api.service[104811]: DEBUG glance.common.config [None req-54285a00-1839-4993-9913-14b56511ebb8 None None] default_publisher_id           = image.localhost {{(pid=104811) log_opt_values /opt/stack/data/venv/lib/python3.10/site-packages/oslo_config/cfg.py:2817}}
Jan 08 13:33:24 jammy-provider-cloud-0000007900 devstack@g-api.service[104811]: DEBUG glance.common.config [None req-54285a00-1839-4993-9913-14b56511ebb8 None None] delayed_delete                 = False {{(pid=104811) log_opt_values /opt/stack/data/venv/lib/python3.10/site-packages/oslo_config/cfg.py:2817}}
Jan 08 13:33:24 jammy-provider-cloud-0000007900 devstack@g-api.service[104811]: DEBUG glance.common.config [None req-54285a00-1839-4993-9913-14b56511ebb8 None None] digest_algorithm               = sha256 {{(pid=104811) log_opt_values /opt/stack/data/venv/lib/python3.10/site-packages/oslo_config/cfg.py:2817}}
Jan 08 13:33:24 jammy-provider-cloud-0000007900 devstack@g-api.service[104811]: DEBUG glance.common.config [None req-54285a00-1839-4993-9913-14b56511ebb8 None None] disabled_notifications         = [] {{(pid=104811) log_opt_values /opt/stack/data/venv/lib/python3.10/site-packages/oslo_config/cfg.py:2817}}
Jan 08 13:33:24 jammy-provider-cloud-0000007900 devstack@g-api.service[104811]: DEBUG glance.common.config [None req-54285a00-1839-4993-9913-14b56511ebb8 None None] do_secure_hash                 = True {{(pid=104811) log_opt_values /opt/stack/data/venv/lib/python3.10/site-packages/oslo_config/cfg.py:2817}}
Jan 08 13:33:24 jammy-provider-cloud-0000007900 devstack@g-api.service[104811]: DEBUG glance.common.config [None req-54285a00-1839-4993-9913-14b56511ebb8 None None] enabled_backends               = None {{(pid=104811) log_opt_values /opt/stack/data/venv/lib/python3.10/site-packages/oslo_config/cfg.py:2817}}
Jan 08 13:33:24 jammy-provider-cloud-0000007900 devstack@g-api.service[104811]: DEBUG glance.common.config [None req-54285a00-1839-4993-9913-14b56511ebb8 None None] enabled_import_methods         = ['glance-direct', 'web-download', 'copy-image'] {{(pid=104811) log_opt_values /opt/stack/data/venv/lib/python3.10/site-packages/oslo_config/cfg.py:2817}}
Jan 08 13:33:24 jammy-provider-cloud-0000007900 devstack@g-api.service[104811]: DEBUG glance.common.config [None req-54285a00-1839-4993-9913-14b56511ebb8 None None] hashing_algorithm              = sha512 {{(pid=104811) log_opt_values /opt/stack/data/venv/lib/python3.10/site-packages/oslo_config/cfg.py:2817}}
Jan 08 13:33:24 jammy-provider-cloud-0000007900 devstack@g-api.service[104811]: DEBUG glance.common.config [None req-54285a00-1839-4993-9913-14b56511ebb8 None None] http_keepalive                 = True {{(pid=104811) log_opt_values /opt/stack/data/venv/lib/python3.10/site-packages/oslo_config/cfg.py:2817}}
Jan 08 13:33:24 jammy-provider-cloud-0000007900 devstack@g-api.service[104811]: DEBUG glance.common.config [None req-54285a00-1839-4993-9913-14b56511ebb8 None None] http_retries                   = 3 {{(pid=104811) log_opt_values /opt/stack/data/venv/lib/python3.10/site-packages/oslo_config/cfg.py:2817}}
Jan 08 13:33:24 jammy-provider-cloud-0000007900 devstack@g-api.service[104811]: DEBUG glance.common.config [None req-54285a00-1839-4993-9913-14b56511ebb8 None None] image_cache_dir                = /opt/stack/data/glance/cache/ {{(pid=104811) log_opt_values /opt/stack/data/venv/lib/python3.10/site-packages/oslo_config/cfg.py:2817}}
Jan 08 13:33:24 jammy-provider-cloud-0000007900 devstack@g-api.service[104811]: DEBUG glance.common.config [None req-54285a00-1839-4993-9913-14b56511ebb8 None None] image_cache_driver             = centralized_db {{(pid=104811) log_opt_values /opt/stack/data/venv/lib/python3.10/site-packages/oslo_config/cfg.py:2817}}
Jan 08 13:33:24 jammy-provider-cloud-0000007900 devstack@g-api.service[104811]: DEBUG glance.common.config [None req-54285a00-1839-4993-9913-14b56511ebb8 None None] image_cache_max_size           = 10737418240 {{(pid=104811) log_opt_values /opt/stack/data/venv/lib/python3.10/site-packages/oslo_config/cfg.py:2817}}
Jan 08 13:33:24 jammy-provider-cloud-0000007900 devstack@g-api.service[104811]: DEBUG glance.common.config [None req-54285a00-1839-4993-9913-14b56511ebb8 None None] image_cache_sqlite_db          = cache.db {{(pid=104811) log_opt_values /opt/stack/data/venv/lib/python3.10/site-packages/oslo_config/cfg.py:2817}}
Jan 08 13:33:24 jammy-provider-cloud-0000007900 devstack@g-api.service[104811]: DEBUG glance.common.config [None req-54285a00-1839-4993-9913-14b56511ebb8 None None] image_cache_stall_time         = 86400 {{(pid=104811) log_opt_values /opt/stack/data/venv/lib/python3.10/site-packages/oslo_config/cfg.py:2817}}
Jan 08 13:33:24 jammy-provider-cloud-0000007900 devstack@g-api.service[104811]: DEBUG glance.common.config [None req-54285a00-1839-4993-9913-14b56511ebb8 None None] image_location_quota           = 10 {{(pid=104811) log_opt_values /opt/stack/data/venv/lib/python3.10/site-packages/oslo_config/cfg.py:2817}}
Jan 08 13:33:24 jammy-provider-cloud-0000007900 devstack@g-api.service[104811]: DEBUG glance.common.config [None req-54285a00-1839-4993-9913-14b56511ebb8 None None] image_member_quota             = 128 {{(pid=104811) log_opt_values /opt/stack/data/venv/lib/python3.10/site-packages/oslo_config/cfg.py:2817}}
Jan 08 13:33:24 jammy-provider-cloud-0000007900 devstack@g-api.service[104811]: DEBUG glance.common.config [None req-54285a00-1839-4993-9913-14b56511ebb8 None None] image_property_quota           = 128 {{(pid=104811) log_opt_values /opt/stack/data/venv/lib/python3.10/site-packages/oslo_config/cfg.py:2817}}
Jan 08 13:33:24 jammy-provider-cloud-0000007900 devstack@g-api.service[104811]: DEBUG glance.common.config [None req-54285a00-1839-4993-9913-14b56511ebb8 None None] image_size_cap                 = 1099511627776 {{(pid=104811) log_opt_values /opt/stack/data/venv/lib/python3.10/site-packages/oslo_config/cfg.py:2817}}
Jan 08 13:33:24 jammy-provider-cloud-0000007900 devstack@g-api.service[104811]: DEBUG glance.common.config [None req-54285a00-1839-4993-9913-14b56511ebb8 None None] image_tag_quota                = 128 {{(pid=104811) log_opt_values /opt/stack/data/venv/lib/python3.10/site-packages/oslo_config/cfg.py:2817}}
Jan 08 13:33:24 jammy-provider-cloud-0000007900 devstack@g-api.service[104811]: DEBUG glance.common.config [None req-54285a00-1839-4993-9913-14b56511ebb8 None None] instance_format                = [instance: %(uuid)s]  {{(pid=104811) log_opt_values /opt/stack/data/venv/lib/python3.10/site-packages/oslo_config/cfg.py:2817}}
Jan 08 13:33:24 jammy-provider-cloud-0000007900 devstack@g-api.service[104811]: DEBUG glance.common.config [None req-54285a00-1839-4993-9913-14b56511ebb8 None None] instance_uuid_format           = [instance: %(uuid)s]  {{(pid=104811) log_opt_values /opt/stack/data/venv/lib/python3.10/site-packages/oslo_config/cfg.py:2817}}
Jan 08 13:33:24 jammy-provider-cloud-0000007900 devstack@g-api.service[104811]: DEBUG glance.common.config [None req-54285a00-1839-4993-9913-14b56511ebb8 None None] limit_param_default            = 25 {{(pid=104811) log_opt_values /opt/stack/data/venv/lib/python3.10/site-packages/oslo_config/cfg.py:2817}}
Jan 08 13:33:24 jammy-provider-cloud-0000007900 devstack@g-api.service[104811]: DEBUG glance.common.config [None req-54285a00-1839-4993-9913-14b56511ebb8 None None] log_color                      = True {{(pid=104811) log_opt_values /opt/stack/data/venv/lib/python3.10/site-packages/oslo_config/cfg.py:2817}}
Jan 08 13:33:24 jammy-provider-cloud-0000007900 devstack@g-api.service[104811]: DEBUG glance.common.config [None req-54285a00-1839-4993-9913-14b56511ebb8 None None] log_config_append              = None {{(pid=104811) log_opt_values /opt/stack/data/venv/lib/python3.10/site-packages/oslo_config/cfg.py:2817}}
Jan 08 13:33:24 jammy-provider-cloud-0000007900 devstack@g-api.service[104811]: DEBUG glance.common.config [None req-54285a00-1839-4993-9913-14b56511ebb8 None None] log_date_format                = %Y-%m-%d %H:%M:%S {{(pid=104811) log_opt_values /opt/stack/data/venv/lib/python3.10/site-packages/oslo_config/cfg.py:2817}}
Jan 08 13:33:24 jammy-provider-cloud-0000007900 devstack@g-api.service[104811]: DEBUG glance.common.config [None req-54285a00-1839-4993-9913-14b56511ebb8 None None] log_dir                        = None {{(pid=104811) log_opt_values /opt/stack/data/venv/lib/python3.10/site-packages/oslo_config/cfg.py:2817}}
Jan 08 13:33:24 jammy-provider-cloud-0000007900 devstack@g-api.service[104811]: DEBUG glance.common.config [None req-54285a00-1839-4993-9913-14b56511ebb8 None None] log_file                       = None {{(pid=104811) log_opt_values /opt/stack/data/venv/lib/python3.10/site-packages/oslo_config/cfg.py:2817}}
Jan 08 13:33:24 jammy-provider-cloud-0000007900 devstack@g-api.service[104811]: DEBUG glance.common.config [None req-54285a00-1839-4993-9913-14b56511ebb8 None None] log_rotate_interval            = 1 {{(pid=104811) log_opt_values /opt/stack/data/venv/lib/python3.10/site-packages/oslo_config/cfg.py:2817}}
Jan 08 13:33:24 jammy-provider-cloud-0000007900 devstack@g-api.service[104811]: DEBUG glance.common.config [None req-54285a00-1839-4993-9913-14b56511ebb8 None None] log_rotate_interval_type       = days {{(pid=104811) log_opt_values /opt/stack/data/venv/lib/python3.10/site-packages/oslo_config/cfg.py:2817}}
Jan 08 13:33:24 jammy-provider-cloud-0000007900 devstack@g-api.service[104811]: DEBUG glance.common.config [None req-54285a00-1839-4993-9913-14b56511ebb8 None None] log_rotation_type              = none {{(pid=104811) log_opt_values /opt/stack/data/venv/lib/python3.10/site-packages/oslo_config/cfg.py:2817}}
Jan 08 13:33:24 jammy-provider-cloud-0000007900 devstack@g-api.service[104811]: DEBUG glance.common.config [None req-54285a00-1839-4993-9913-14b56511ebb8 None None] logging_context_format_string  = %(color)s%(levelname)s %(name)s [%(global_request_id)s %(request_id)s %(project_name)s %(user_name)s%(color)s] %(instance)s%(color)s%(message)s {{(pid=104811) log_opt_values /opt/stack/data/venv/lib/python3.10/site-packages/oslo_config/cfg.py:2817}}
Jan 08 13:33:24 jammy-provider-cloud-0000007900 devstack@g-api.service[104811]: DEBUG glance.common.config [None req-54285a00-1839-4993-9913-14b56511ebb8 None None] logging_debug_format_suffix    = {{(pid=%(process)d) %(funcName)s %(pathname)s:%(lineno)d}} {{(pid=104811) log_opt_values /opt/stack/data/venv/lib/python3.10/site-packages/oslo_config/cfg.py:2817}}
Jan 08 13:33:24 jammy-provider-cloud-0000007900 devstack@g-api.service[104811]: DEBUG glance.common.config [None req-54285a00-1839-4993-9913-14b56511ebb8 None None] logging_default_format_string  = %(color)s%(levelname)s %(name)s [-%(color)s] %(instance)s%(color)s%(message)s {{(pid=104811) log_opt_values /opt/stack/data/venv/lib/python3.10/site-packages/oslo_config/cfg.py:2817}}
Jan 08 13:33:24 jammy-provider-cloud-0000007900 devstack@g-api.service[104811]: DEBUG glance.common.config [None req-54285a00-1839-4993-9913-14b56511ebb8 None None] logging_exception_prefix       = ERROR %(name)s %(instance)s {{(pid=104811) log_opt_values /opt/stack/data/venv/lib/python3.10/site-packages/oslo_config/cfg.py:2817}}
Jan 08 13:33:24 jammy-provider-cloud-0000007900 devstack@g-api.service[104811]: DEBUG glance.common.config [None req-54285a00-1839-4993-9913-14b56511ebb8 None None] logging_user_identity_format   = %(user)s %(project)s %(domain)s %(system_scope)s %(user_domain)s %(project_domain)s {{(pid=104811) log_opt_values /opt/stack/data/venv/lib/python3.10/site-packages/oslo_config/cfg.py:2817}}
