Jan 13 13:53:02 jammy-provider-cloud-0000007912 systemd[1]: Starting Devstack devstack@g-api.service...
Jan 13 13:53:02 jammy-provider-cloud-0000007912 devstack@g-api.service[104159]: [uWSGI] getting INI configuration from /etc/glance/glance-uwsgi.ini
Jan 13 13:53:02 jammy-provider-cloud-0000007912 devstack@g-api.service[104159]: *** Starting uWSGI 2.0.20-debian (64bit) on [Mon Jan 13 13:53:02 2025] ***
Jan 13 13:53:02 jammy-provider-cloud-0000007912 devstack@g-api.service[104159]: compiled with version: 11.2.0 on 21 March 2022 11:00:44
Jan 13 13:53:02 jammy-provider-cloud-0000007912 devstack@g-api.service[104159]: os: Linux-5.15.0-107-generic #117-Ubuntu SMP Fri Apr 26 12:26:49 UTC 2024
Jan 13 13:53:02 jammy-provider-cloud-0000007912 devstack@g-api.service[104159]: nodename: jammy-provider-cloud-0000007912
Jan 13 13:53:02 jammy-provider-cloud-0000007912 devstack@g-api.service[104159]: machine: x86_64
Jan 13 13:53:02 jammy-provider-cloud-0000007912 devstack@g-api.service[104159]: clock source: unix
Jan 13 13:53:02 jammy-provider-cloud-0000007912 devstack@g-api.service[104159]: pcre jit disabled
Jan 13 13:53:02 jammy-provider-cloud-0000007912 devstack@g-api.service[104159]: detected number of CPU cores: 4
Jan 13 13:53:02 jammy-provider-cloud-0000007912 devstack@g-api.service[104159]: current working directory: /
Jan 13 13:53:02 jammy-provider-cloud-0000007912 devstack@g-api.service[104159]: detected binary path: /usr/bin/uwsgi-core
Jan 13 13:53:02 jammy-provider-cloud-0000007912 devstack@g-api.service[104159]: your processes number limit is 31298
Jan 13 13:53:02 jammy-provider-cloud-0000007912 devstack@g-api.service[104159]: your memory page size is 4096 bytes
Jan 13 13:53:02 jammy-provider-cloud-0000007912 devstack@g-api.service[104159]: detected max file descriptor number: 2048
Jan 13 13:53:02 jammy-provider-cloud-0000007912 devstack@g-api.service[104159]: lock engine: pthread robust mutexes
Jan 13 13:53:02 jammy-provider-cloud-0000007912 devstack@g-api.service[104159]: thunder lock: enabled
Jan 13 13:53:02 jammy-provider-cloud-0000007912 devstack@g-api.service[104159]: uwsgi socket 0 bound to TCP address 127.0.0.1:60999 fd 4
Jan 13 13:53:02 jammy-provider-cloud-0000007912 devstack@g-api.service[104159]: Python version: 3.10.12 (main, Nov  6 2024, 20:22:13) [GCC 11.4.0]
Jan 13 13:53:02 jammy-provider-cloud-0000007912 devstack@g-api.service[104159]: PEP 405 virtualenv detected: /opt/stack/data/venv
Jan 13 13:53:02 jammy-provider-cloud-0000007912 devstack@g-api.service[104159]: Set PythonHome to /opt/stack/data/venv
Jan 13 13:53:02 jammy-provider-cloud-0000007912 devstack@g-api.service[104159]: Python main interpreter initialized at 0x55ad4f96ee60
Jan 13 13:53:02 jammy-provider-cloud-0000007912 devstack@g-api.service[104159]: python threads support enabled
Jan 13 13:53:02 jammy-provider-cloud-0000007912 devstack@g-api.service[104159]: your server socket listen backlog is limited to 100 connections
Jan 13 13:53:02 jammy-provider-cloud-0000007912 devstack@g-api.service[104159]: your mercy for graceful operations on workers is 80 seconds
Jan 13 13:53:02 jammy-provider-cloud-0000007912 devstack@g-api.service[104159]: mapped 403077 bytes (393 KB) for 2 cores
Jan 13 13:53:02 jammy-provider-cloud-0000007912 devstack@g-api.service[104159]: *** Operational MODE: preforking ***
Jan 13 13:53:02 jammy-provider-cloud-0000007912 devstack@g-api.service[104159]: *** uWSGI is running in multiple interpreter mode ***
Jan 13 13:53:02 jammy-provider-cloud-0000007912 devstack@g-api.service[104159]: spawned uWSGI master process (pid: 104159)
Jan 13 13:53:02 jammy-provider-cloud-0000007912 devstack@g-api.service[104159]: spawned uWSGI worker 1 (pid: 104161, cores: 1)
Jan 13 13:53:02 jammy-provider-cloud-0000007912 devstack@g-api.service[104159]: spawned uWSGI worker 2 (pid: 104162, cores: 1)
Jan 13 13:53:02 jammy-provider-cloud-0000007912 devstack@g-api.service[104159]: running "unix_signal:15 gracefully_kill_them_all" (master-start)...
Jan 13 13:53:02 jammy-provider-cloud-0000007912 systemd[1]: Started Devstack devstack@g-api.service.
Jan 13 13:53:03 jammy-provider-cloud-0000007912 devstack@g-api.service[104161]: INFO glance.async_ [-] Threadpool model set to 'NativeThreadPoolModel'
Jan 13 13:53:03 jammy-provider-cloud-0000007912 devstack@g-api.service[104162]: INFO glance.async_ [-] Threadpool model set to 'NativeThreadPoolModel'
Jan 13 13:53:03 jammy-provider-cloud-0000007912 devstack@g-api.service[104161]: DEBUG oslo_concurrency.processutils [-] Running cmd (subprocess): grep -F node.session.scan /sbin/iscsiadm {{(pid=104161) execute /opt/stack/data/venv/lib/python3.10/site-packages/oslo_concurrency/processutils.py:383}}
Jan 13 13:53:03 jammy-provider-cloud-0000007912 devstack@g-api.service[104161]: DEBUG oslo_concurrency.processutils [-] CMD "grep -F node.session.scan /sbin/iscsiadm" returned: 0 in 0.026s {{(pid=104161) execute /opt/stack/data/venv/lib/python3.10/site-packages/oslo_concurrency/processutils.py:421}}
Jan 13 13:53:03 jammy-provider-cloud-0000007912 devstack@g-api.service[104162]: DEBUG oslo_concurrency.processutils [-] Running cmd (subprocess): grep -F node.session.scan /sbin/iscsiadm {{(pid=104162) execute /opt/stack/data/venv/lib/python3.10/site-packages/oslo_concurrency/processutils.py:383}}
Jan 13 13:53:03 jammy-provider-cloud-0000007912 devstack@g-api.service[104162]: DEBUG oslo_concurrency.processutils [-] CMD "grep -F node.session.scan /sbin/iscsiadm" returned: 0 in 0.010s {{(pid=104162) execute /opt/stack/data/venv/lib/python3.10/site-packages/oslo_concurrency/processutils.py:421}}
Jan 13 13:53:03 jammy-provider-cloud-0000007912 devstack@g-api.service[104161]: DEBUG glance_store.common.attachment_state_manager [-] Initialising _AttachmentStateManager {{(pid=104161) __init__ /opt/stack/data/venv/lib/python3.10/site-packages/glance_store/common/attachment_state_manager.py:86}}
Jan 13 13:53:03 jammy-provider-cloud-0000007912 devstack@g-api.service[104162]: DEBUG glance_store.common.attachment_state_manager [-] Initialising _AttachmentStateManager {{(pid=104162) __init__ /opt/stack/data/venv/lib/python3.10/site-packages/glance_store/common/attachment_state_manager.py:86}}
Jan 13 13:53:03 jammy-provider-cloud-0000007912 devstack@g-api.service[104162]: DEBUG glance_store.backend [-] Attempting to import store cinder {{(pid=104162) _load_store /opt/stack/data/venv/lib/python3.10/site-packages/glance_store/backend.py:216}}
Jan 13 13:53:03 jammy-provider-cloud-0000007912 devstack@g-api.service[104162]: DEBUG glance_store.backend [-] Attempting to import store file {{(pid=104162) _load_store /opt/stack/data/venv/lib/python3.10/site-packages/glance_store/backend.py:216}}
Jan 13 13:53:03 jammy-provider-cloud-0000007912 devstack@g-api.service[104162]: DEBUG glance_store.backend [-] Attempting to import store glance.store.cinder.Store {{(pid=104162) _load_store /opt/stack/data/venv/lib/python3.10/site-packages/glance_store/backend.py:216}}
Jan 13 13:53:03 jammy-provider-cloud-0000007912 devstack@g-api.service[104162]: DEBUG glance_store.backend [-] Attempting to import store glance.store.filesystem.Store {{(pid=104162) _load_store /opt/stack/data/venv/lib/python3.10/site-packages/glance_store/backend.py:216}}
Jan 13 13:53:03 jammy-provider-cloud-0000007912 devstack@g-api.service[104162]: DEBUG glance_store.backend [-] Attempting to import store glance.store.http.Store {{(pid=104162) _load_store /opt/stack/data/venv/lib/python3.10/site-packages/glance_store/backend.py:216}}
Jan 13 13:53:03 jammy-provider-cloud-0000007912 devstack@g-api.service[104162]: DEBUG glance_store.backend [-] Attempting to import store glance.store.rbd.Store {{(pid=104162) _load_store /opt/stack/data/venv/lib/python3.10/site-packages/glance_store/backend.py:216}}
Jan 13 13:53:03 jammy-provider-cloud-0000007912 devstack@g-api.service[104162]: DEBUG glance_store.backend [-] Attempting to import store glance.store.s3.Store {{(pid=104162) _load_store /opt/stack/data/venv/lib/python3.10/site-packages/glance_store/backend.py:216}}
Jan 13 13:53:03 jammy-provider-cloud-0000007912 devstack@g-api.service[104162]: DEBUG glance_store.backend [-] Attempting to import store glance.store.swift.Store {{(pid=104162) _load_store /opt/stack/data/venv/lib/python3.10/site-packages/glance_store/backend.py:216}}
Jan 13 13:53:03 jammy-provider-cloud-0000007912 devstack@g-api.service[104162]: DEBUG glance_store.backend [-] Attempting to import store glance.store.vmware_datastore.Store {{(pid=104162) _load_store /opt/stack/data/venv/lib/python3.10/site-packages/glance_store/backend.py:216}}
Jan 13 13:53:03 jammy-provider-cloud-0000007912 devstack@g-api.service[104162]: DEBUG glance_store.backend [-] Attempting to import store http {{(pid=104162) _load_store /opt/stack/data/venv/lib/python3.10/site-packages/glance_store/backend.py:216}}
Jan 13 13:53:03 jammy-provider-cloud-0000007912 devstack@g-api.service[104162]: DEBUG glance_store.backend [-] Attempting to import store no_conf {{(pid=104162) _load_store /opt/stack/data/venv/lib/python3.10/site-packages/glance_store/backend.py:216}}
Jan 13 13:53:03 jammy-provider-cloud-0000007912 devstack@g-api.service[104162]: DEBUG glance_store.backend [-] Attempting to import store rbd {{(pid=104162) _load_store /opt/stack/data/venv/lib/python3.10/site-packages/glance_store/backend.py:216}}
Jan 13 13:53:03 jammy-provider-cloud-0000007912 devstack@g-api.service[104162]: DEBUG glance_store.backend [-] Attempting to import store s3 {{(pid=104162) _load_store /opt/stack/data/venv/lib/python3.10/site-packages/glance_store/backend.py:216}}
Jan 13 13:53:03 jammy-provider-cloud-0000007912 devstack@g-api.service[104161]: DEBUG glance_store.backend [-] Attempting to import store cinder {{(pid=104161) _load_store /opt/stack/data/venv/lib/python3.10/site-packages/glance_store/backend.py:216}}
Jan 13 13:53:03 jammy-provider-cloud-0000007912 devstack@g-api.service[104162]: DEBUG glance_store.backend [-] Attempting to import store swift {{(pid=104162) _load_store /opt/stack/data/venv/lib/python3.10/site-packages/glance_store/backend.py:216}}
Jan 13 13:53:03 jammy-provider-cloud-0000007912 devstack@g-api.service[104161]: DEBUG glance_store.backend [-] Attempting to import store file {{(pid=104161) _load_store /opt/stack/data/venv/lib/python3.10/site-packages/glance_store/backend.py:216}}
Jan 13 13:53:03 jammy-provider-cloud-0000007912 devstack@g-api.service[104162]: DEBUG glance_store.backend [-] Attempting to import store vmware {{(pid=104162) _load_store /opt/stack/data/venv/lib/python3.10/site-packages/glance_store/backend.py:216}}
Jan 13 13:53:03 jammy-provider-cloud-0000007912 devstack@g-api.service[104162]: DEBUG glance_store.backend [-] Registering options for group glance_store {{(pid=104162) register_opts /opt/stack/data/venv/lib/python3.10/site-packages/glance_store/backend.py:145}}
Jan 13 13:53:03 jammy-provider-cloud-0000007912 devstack@g-api.service[104161]: DEBUG glance_store.backend [-] Attempting to import store glance.store.cinder.Store {{(pid=104161) _load_store /opt/stack/data/venv/lib/python3.10/site-packages/glance_store/backend.py:216}}
Jan 13 13:53:03 jammy-provider-cloud-0000007912 devstack@g-api.service[104161]: DEBUG glance_store.backend [-] Attempting to import store glance.store.filesystem.Store {{(pid=104161) _load_store /opt/stack/data/venv/lib/python3.10/site-packages/glance_store/backend.py:216}}
Jan 13 13:53:03 jammy-provider-cloud-0000007912 devstack@g-api.service[104161]: DEBUG glance_store.backend [-] Attempting to import store glance.store.http.Store {{(pid=104161) _load_store /opt/stack/data/venv/lib/python3.10/site-packages/glance_store/backend.py:216}}
Jan 13 13:53:03 jammy-provider-cloud-0000007912 devstack@g-api.service[104162]: DEBUG glance_store.backend [-] Registering options for group glance_store {{(pid=104162) register_opts /opt/stack/data/venv/lib/python3.10/site-packages/glance_store/backend.py:145}}
Jan 13 13:53:03 jammy-provider-cloud-0000007912 devstack@g-api.service[104161]: DEBUG glance_store.backend [-] Attempting to import store glance.store.rbd.Store {{(pid=104161) _load_store /opt/stack/data/venv/lib/python3.10/site-packages/glance_store/backend.py:216}}
Jan 13 13:53:03 jammy-provider-cloud-0000007912 devstack@g-api.service[104161]: DEBUG glance_store.backend [-] Attempting to import store glance.store.s3.Store {{(pid=104161) _load_store /opt/stack/data/venv/lib/python3.10/site-packages/glance_store/backend.py:216}}
Jan 13 13:53:03 jammy-provider-cloud-0000007912 devstack@g-api.service[104161]: DEBUG glance_store.backend [-] Attempting to import store glance.store.swift.Store {{(pid=104161) _load_store /opt/stack/data/venv/lib/python3.10/site-packages/glance_store/backend.py:216}}
Jan 13 13:53:03 jammy-provider-cloud-0000007912 devstack@g-api.service[104161]: DEBUG glance_store.backend [-] Attempting to import store glance.store.vmware_datastore.Store {{(pid=104161) _load_store /opt/stack/data/venv/lib/python3.10/site-packages/glance_store/backend.py:216}}
Jan 13 13:53:03 jammy-provider-cloud-0000007912 devstack@g-api.service[104161]: DEBUG glance_store.backend [-] Attempting to import store http {{(pid=104161) _load_store /opt/stack/data/venv/lib/python3.10/site-packages/glance_store/backend.py:216}}
Jan 13 13:53:03 jammy-provider-cloud-0000007912 devstack@g-api.service[104162]: DEBUG glance_store.backend [-] Attempting to import store file {{(pid=104162) _load_store /opt/stack/data/venv/lib/python3.10/site-packages/glance_store/backend.py:216}}
Jan 13 13:53:03 jammy-provider-cloud-0000007912 devstack@g-api.service[104161]: DEBUG glance_store.backend [-] Attempting to import store no_conf {{(pid=104161) _load_store /opt/stack/data/venv/lib/python3.10/site-packages/glance_store/backend.py:216}}
Jan 13 13:53:03 jammy-provider-cloud-0000007912 devstack@g-api.service[104161]: DEBUG glance_store.backend [-] Attempting to import store rbd {{(pid=104161) _load_store /opt/stack/data/venv/lib/python3.10/site-packages/glance_store/backend.py:216}}
Jan 13 13:53:03 jammy-provider-cloud-0000007912 devstack@g-api.service[104161]: DEBUG glance_store.backend [-] Attempting to import store s3 {{(pid=104161) _load_store /opt/stack/data/venv/lib/python3.10/site-packages/glance_store/backend.py:216}}
Jan 13 13:53:03 jammy-provider-cloud-0000007912 devstack@g-api.service[104161]: DEBUG glance_store.backend [-] Attempting to import store swift {{(pid=104161) _load_store /opt/stack/data/venv/lib/python3.10/site-packages/glance_store/backend.py:216}}
Jan 13 13:53:03 jammy-provider-cloud-0000007912 devstack@g-api.service[104161]: DEBUG glance_store.backend [-] Attempting to import store vmware {{(pid=104161) _load_store /opt/stack/data/venv/lib/python3.10/site-packages/glance_store/backend.py:216}}
Jan 13 13:53:03 jammy-provider-cloud-0000007912 devstack@g-api.service[104162]: DEBUG glance_store.capabilities [-] Store glance_store._drivers.filesystem.Store doesn't support updating dynamic storage capabilities. Please overwrite 'update_capabilities' method of the store to implement updating logics if needed. {{(pid=104162) update_capabilities /opt/stack/data/venv/lib/python3.10/site-packages/glance_store/capabilities.py:91}}
Jan 13 13:53:03 jammy-provider-cloud-0000007912 devstack@g-api.service[104162]: DEBUG glance_store.backend [-] Registering store file with schemes ('file', 'filesystem') {{(pid=104162) create_stores /opt/stack/data/venv/lib/python3.10/site-packages/glance_store/backend.py:262}}
Jan 13 13:53:03 jammy-provider-cloud-0000007912 devstack@g-api.service[104161]: DEBUG glance_store.backend [-] Registering options for group glance_store {{(pid=104161) register_opts /opt/stack/data/venv/lib/python3.10/site-packages/glance_store/backend.py:145}}
Jan 13 13:53:03 jammy-provider-cloud-0000007912 devstack@g-api.service[104162]: DEBUG glance_store.driver [-] Late loading location class glance_store._drivers.filesystem.StoreLocation {{(pid=104162) get_store_location_class /opt/stack/data/venv/lib/python3.10/site-packages/glance_store/driver.py:133}}
Jan 13 13:53:03 jammy-provider-cloud-0000007912 devstack@g-api.service[104162]: DEBUG glance_store.location [-] Registering scheme file with {'store': <glance_store._drivers.filesystem.Store object at 0x7f4b75f3afe0>, 'location_class': <class 'glance_store._drivers.filesystem.StoreLocation'>, 'store_entry': 'file'} {{(pid=104162) register_scheme_map /opt/stack/data/venv/lib/python3.10/site-packages/glance_store/location.py:146}}
Jan 13 13:53:03 jammy-provider-cloud-0000007912 devstack@g-api.service[104162]: DEBUG glance_store.location [-] Registering scheme filesystem with {'store': <glance_store._drivers.filesystem.Store object at 0x7f4b75f3afe0>, 'location_class': <class 'glance_store._drivers.filesystem.StoreLocation'>, 'store_entry': 'file'} {{(pid=104162) register_scheme_map /opt/stack/data/venv/lib/python3.10/site-packages/glance_store/location.py:146}}
Jan 13 13:53:03 jammy-provider-cloud-0000007912 devstack@g-api.service[104161]: DEBUG glance_store.backend [-] Registering options for group glance_store {{(pid=104161) register_opts /opt/stack/data/venv/lib/python3.10/site-packages/glance_store/backend.py:145}}
Jan 13 13:53:03 jammy-provider-cloud-0000007912 devstack@g-api.service[104162]: DEBUG glance_store.backend [-] Attempting to import store http {{(pid=104162) _load_store /opt/stack/data/venv/lib/python3.10/site-packages/glance_store/backend.py:216}}
Jan 13 13:53:03 jammy-provider-cloud-0000007912 devstack@g-api.service[104162]: DEBUG glance_store.capabilities [-] Store glance_store._drivers.http.Store doesn't support updating dynamic storage capabilities. Please overwrite 'update_capabilities' method of the store to implement updating logics if needed. {{(pid=104162) update_capabilities /opt/stack/data/venv/lib/python3.10/site-packages/glance_store/capabilities.py:91}}
Jan 13 13:53:03 jammy-provider-cloud-0000007912 devstack@g-api.service[104162]: DEBUG glance_store.backend [-] Registering store http with schemes ('http', 'https') {{(pid=104162) create_stores /opt/stack/data/venv/lib/python3.10/site-packages/glance_store/backend.py:262}}
Jan 13 13:53:03 jammy-provider-cloud-0000007912 devstack@g-api.service[104162]: DEBUG glance_store.driver [-] Late loading location class glance_store._drivers.http.StoreLocation {{(pid=104162) get_store_location_class /opt/stack/data/venv/lib/python3.10/site-packages/glance_store/driver.py:133}}
Jan 13 13:53:03 jammy-provider-cloud-0000007912 devstack@g-api.service[104162]: DEBUG glance_store.location [-] Registering scheme http with {'store': <glance_store._drivers.http.Store object at 0x7f4b75cfc9a0>, 'location_class': <class 'glance_store._drivers.http.StoreLocation'>, 'store_entry': 'http'} {{(pid=104162) register_scheme_map /opt/stack/data/venv/lib/python3.10/site-packages/glance_store/location.py:146}}
Jan 13 13:53:03 jammy-provider-cloud-0000007912 devstack@g-api.service[104162]: DEBUG glance_store.location [-] Registering scheme https with {'store': <glance_store._drivers.http.Store object at 0x7f4b75cfc9a0>, 'location_class': <class 'glance_store._drivers.http.StoreLocation'>, 'store_entry': 'http'} {{(pid=104162) register_scheme_map /opt/stack/data/venv/lib/python3.10/site-packages/glance_store/location.py:146}}
Jan 13 13:53:03 jammy-provider-cloud-0000007912 devstack@g-api.service[104161]: DEBUG glance_store.backend [-] Attempting to import store file {{(pid=104161) _load_store /opt/stack/data/venv/lib/python3.10/site-packages/glance_store/backend.py:216}}
Jan 13 13:53:03 jammy-provider-cloud-0000007912 devstack@g-api.service[104162]: DEBUG glance.sqlite_migration [-] SQLite caching database not located, skipping migration {{(pid=104162) get_db_path /opt/stack/glance/glance/sqlite_migration.py:68}}
Jan 13 13:53:03 jammy-provider-cloud-0000007912 devstack@g-api.service[104161]: DEBUG glance_store.capabilities [-] Store glance_store._drivers.filesystem.Store doesn't support updating dynamic storage capabilities. Please overwrite 'update_capabilities' method of the store to implement updating logics if needed. {{(pid=104161) update_capabilities /opt/stack/data/venv/lib/python3.10/site-packages/glance_store/capabilities.py:91}}
Jan 13 13:53:03 jammy-provider-cloud-0000007912 devstack@g-api.service[104162]: WARNING glance.common.wsgi_app [-] Import methods are enabled but staging directory /tmp/staging/ does not exist; Imports will fail!
Jan 13 13:53:03 jammy-provider-cloud-0000007912 devstack@g-api.service[104161]: DEBUG glance_store.backend [-] Registering store file with schemes ('file', 'filesystem') {{(pid=104161) create_stores /opt/stack/data/venv/lib/python3.10/site-packages/glance_store/backend.py:262}}
Jan 13 13:53:03 jammy-provider-cloud-0000007912 devstack@g-api.service[104161]: DEBUG glance_store.driver [-] Late loading location class glance_store._drivers.filesystem.StoreLocation {{(pid=104161) get_store_location_class /opt/stack/data/venv/lib/python3.10/site-packages/glance_store/driver.py:133}}
Jan 13 13:53:03 jammy-provider-cloud-0000007912 devstack@g-api.service[104161]: DEBUG glance_store.location [-] Registering scheme file with {'store': <glance_store._drivers.filesystem.Store object at 0x7f4b75f3afe0>, 'location_class': <class 'glance_store._drivers.filesystem.StoreLocation'>, 'store_entry': 'file'} {{(pid=104161) register_scheme_map /opt/stack/data/venv/lib/python3.10/site-packages/glance_store/location.py:146}}
Jan 13 13:53:03 jammy-provider-cloud-0000007912 devstack@g-api.service[104161]: DEBUG glance_store.location [-] Registering scheme filesystem with {'store': <glance_store._drivers.filesystem.Store object at 0x7f4b75f3afe0>, 'location_class': <class 'glance_store._drivers.filesystem.StoreLocation'>, 'store_entry': 'file'} {{(pid=104161) register_scheme_map /opt/stack/data/venv/lib/python3.10/site-packages/glance_store/location.py:146}}
Jan 13 13:53:03 jammy-provider-cloud-0000007912 devstack@g-api.service[104161]: DEBUG glance_store.backend [-] Attempting to import store http {{(pid=104161) _load_store /opt/stack/data/venv/lib/python3.10/site-packages/glance_store/backend.py:216}}
Jan 13 13:53:03 jammy-provider-cloud-0000007912 devstack@g-api.service[104161]: DEBUG glance_store.capabilities [-] Store glance_store._drivers.http.Store doesn't support updating dynamic storage capabilities. Please overwrite 'update_capabilities' method of the store to implement updating logics if needed. {{(pid=104161) update_capabilities /opt/stack/data/venv/lib/python3.10/site-packages/glance_store/capabilities.py:91}}
Jan 13 13:53:03 jammy-provider-cloud-0000007912 devstack@g-api.service[104161]: DEBUG glance_store.backend [-] Registering store http with schemes ('http', 'https') {{(pid=104161) create_stores /opt/stack/data/venv/lib/python3.10/site-packages/glance_store/backend.py:262}}
Jan 13 13:53:03 jammy-provider-cloud-0000007912 devstack@g-api.service[104161]: DEBUG glance_store.driver [-] Late loading location class glance_store._drivers.http.StoreLocation {{(pid=104161) get_store_location_class /opt/stack/data/venv/lib/python3.10/site-packages/glance_store/driver.py:133}}
Jan 13 13:53:03 jammy-provider-cloud-0000007912 devstack@g-api.service[104161]: DEBUG glance_store.location [-] Registering scheme http with {'store': <glance_store._drivers.http.Store object at 0x7f4b75cfc9a0>, 'location_class': <class 'glance_store._drivers.http.StoreLocation'>, 'store_entry': 'http'} {{(pid=104161) register_scheme_map /opt/stack/data/venv/lib/python3.10/site-packages/glance_store/location.py:146}}
Jan 13 13:53:03 jammy-provider-cloud-0000007912 devstack@g-api.service[104161]: DEBUG glance_store.location [-] Registering scheme https with {'store': <glance_store._drivers.http.Store object at 0x7f4b75cfc9a0>, 'location_class': <class 'glance_store._drivers.http.StoreLocation'>, 'store_entry': 'http'} {{(pid=104161) register_scheme_map /opt/stack/data/venv/lib/python3.10/site-packages/glance_store/location.py:146}}
Jan 13 13:53:03 jammy-provider-cloud-0000007912 devstack@g-api.service[104161]: DEBUG glance.sqlite_migration [-] SQLite caching database not located, skipping migration {{(pid=104161) get_db_path /opt/stack/glance/glance/sqlite_migration.py:68}}
Jan 13 13:53:03 jammy-provider-cloud-0000007912 devstack@g-api.service[104161]: WARNING glance.common.wsgi_app [-] Import methods are enabled but staging directory /tmp/staging/ does not exist; Imports will fail!
Jan 13 13:53:04 jammy-provider-cloud-0000007912 devstack@g-api.service[104162]: DEBUG glance.common.config [None req-8389c30f-0edd-41dd-a952-12be4028b664 None None] Loading glance-api-keystone+cachemanagement from /etc/glance/glance-api-paste.ini {{(pid=104162) load_paste_app /opt/stack/glance/glance/common/config.py:723}}
Jan 13 13:53:04 jammy-provider-cloud-0000007912 devstack@g-api.service[104161]: DEBUG glance.common.config [None req-d5ab8ec9-4802-4293-a7f9-e045e69e9764 None None] Loading glance-api-keystone+cachemanagement from /etc/glance/glance-api-paste.ini {{(pid=104161) load_paste_app /opt/stack/glance/glance/common/config.py:723}}
Jan 13 13:53:04 jammy-provider-cloud-0000007912 devstack@g-api.service[104162]: INFO glance.image_cache [None req-8389c30f-0edd-41dd-a952-12be4028b664 None None] Image cache loaded driver 'centralized_db'.
Jan 13 13:53:04 jammy-provider-cloud-0000007912 devstack@g-api.service[104161]: INFO glance.image_cache [None req-d5ab8ec9-4802-4293-a7f9-e045e69e9764 None None] Image cache loaded driver 'centralized_db'.
Jan 13 13:53:04 jammy-provider-cloud-0000007912 devstack@g-api.service[104162]: INFO dbcounter [None req-8389c30f-0edd-41dd-a952-12be4028b664 None None] Registered counter for database glance
Jan 13 13:53:04 jammy-provider-cloud-0000007912 devstack@g-api.service[104162]: DEBUG oslo_db.sqlalchemy.engines [None req-8389c30f-0edd-41dd-a952-12be4028b664 None None] MySQL server mode set to STRICT_TRANS_TABLES,STRICT_ALL_TABLES,NO_ZERO_IN_DATE,NO_ZERO_DATE,ERROR_FOR_DIVISION_BY_ZERO,TRADITIONAL,NO_ENGINE_SUBSTITUTION {{(pid=104162) _check_effective_sql_mode /opt/stack/data/venv/lib/python3.10/site-packages/oslo_db/sqlalchemy/engines.py:395}}
Jan 13 13:53:04 jammy-provider-cloud-0000007912 devstack@g-api.service[104161]: INFO dbcounter [None req-d5ab8ec9-4802-4293-a7f9-e045e69e9764 None None] Registered counter for database glance
Jan 13 13:53:04 jammy-provider-cloud-0000007912 devstack@g-api.service[104161]: DEBUG oslo_db.sqlalchemy.engines [None req-d5ab8ec9-4802-4293-a7f9-e045e69e9764 None None] MySQL server mode set to STRICT_TRANS_TABLES,STRICT_ALL_TABLES,NO_ZERO_IN_DATE,NO_ZERO_DATE,ERROR_FOR_DIVISION_BY_ZERO,TRADITIONAL,NO_ENGINE_SUBSTITUTION {{(pid=104161) _check_effective_sql_mode /opt/stack/data/venv/lib/python3.10/site-packages/oslo_db/sqlalchemy/engines.py:395}}
Jan 13 13:53:04 jammy-provider-cloud-0000007912 devstack@g-api.service[104162]: DEBUG dbcounter [-] [104162] Writer thread running {{(pid=104162) stat_writer /opt/stack/data/venv/lib/python3.10/site-packages/dbcounter.py:102}}
Jan 13 13:53:04 jammy-provider-cloud-0000007912 devstack@g-api.service[104162]: INFO glance.image_cache [None req-8389c30f-0edd-41dd-a952-12be4028b664 None None] Image cache loaded driver 'centralized_db'.
Jan 13 13:53:04 jammy-provider-cloud-0000007912 devstack@g-api.service[104162]: DEBUG glance.image_cache.drivers.centralized_db [None req-8389c30f-0edd-41dd-a952-12be4028b664 None None] Node reference is already recorded, ignoring it {{(pid=104162) configure /opt/stack/glance/glance/image_cache/drivers/centralized_db.py:71}}
Jan 13 13:53:04 jammy-provider-cloud-0000007912 devstack@g-api.service[104161]: DEBUG dbcounter [-] [104161] Writer thread running {{(pid=104161) stat_writer /opt/stack/data/venv/lib/python3.10/site-packages/dbcounter.py:102}}
Jan 13 13:53:04 jammy-provider-cloud-0000007912 devstack@g-api.service[104162]: DEBUG glance.api.v2.cached_images [None req-8389c30f-0edd-41dd-a952-12be4028b664 None None] Started cache worker thread {{(pid=104162) __init__ /opt/stack/glance/glance/api/v2/cached_images.py:69}}
Jan 13 13:53:04 jammy-provider-cloud-0000007912 devstack@g-api.service[104162]: INFO glance.image_cache [None req-8389c30f-0edd-41dd-a952-12be4028b664 None None] Image cache loaded driver 'centralized_db'.
Jan 13 13:53:04 jammy-provider-cloud-0000007912 devstack@g-api.service[104161]: DEBUG glance.image_cache.drivers.centralized_db [None req-d5ab8ec9-4802-4293-a7f9-e045e69e9764 None None] Node reference is already recorded, ignoring it {{(pid=104161) configure /opt/stack/glance/glance/image_cache/drivers/centralized_db.py:71}}
Jan 13 13:53:04 jammy-provider-cloud-0000007912 devstack@g-api.service[104162]: DEBUG glance.image_cache.drivers.centralized_db [None req-8389c30f-0edd-41dd-a952-12be4028b664 None None] Node reference is already recorded, ignoring it {{(pid=104162) configure /opt/stack/glance/glance/image_cache/drivers/centralized_db.py:71}}
Jan 13 13:53:04 jammy-provider-cloud-0000007912 devstack@g-api.service[104161]: INFO glance.image_cache [None req-d5ab8ec9-4802-4293-a7f9-e045e69e9764 None None] Image cache loaded driver 'centralized_db'.
Jan 13 13:53:04 jammy-provider-cloud-0000007912 devstack@g-api.service[104162]: INFO glance.api.middleware.cache_manage [None req-8389c30f-0edd-41dd-a952-12be4028b664 None None] Initialized image cache management middleware
Jan 13 13:53:04 jammy-provider-cloud-0000007912 devstack@g-api.service[104162]: INFO glance.image_cache [None req-8389c30f-0edd-41dd-a952-12be4028b664 None None] Image cache loaded driver 'centralized_db'.
Jan 13 13:53:04 jammy-provider-cloud-0000007912 devstack@g-api.service[104161]: DEBUG glance.image_cache.drivers.centralized_db [None req-d5ab8ec9-4802-4293-a7f9-e045e69e9764 None None] Node reference is already recorded, ignoring it {{(pid=104161) configure /opt/stack/glance/glance/image_cache/drivers/centralized_db.py:71}}
Jan 13 13:53:04 jammy-provider-cloud-0000007912 devstack@g-api.service[104162]: DEBUG glance.image_cache.drivers.centralized_db [None req-8389c30f-0edd-41dd-a952-12be4028b664 None None] Node reference is already recorded, ignoring it {{(pid=104162) configure /opt/stack/glance/glance/image_cache/drivers/centralized_db.py:71}}
Jan 13 13:53:04 jammy-provider-cloud-0000007912 devstack@g-api.service[104161]: DEBUG glance.api.v2.cached_images [None req-d5ab8ec9-4802-4293-a7f9-e045e69e9764 None None] Started cache worker thread {{(pid=104161) __init__ /opt/stack/glance/glance/api/v2/cached_images.py:69}}
Jan 13 13:53:04 jammy-provider-cloud-0000007912 devstack@g-api.service[104161]: INFO glance.image_cache [None req-d5ab8ec9-4802-4293-a7f9-e045e69e9764 None None] Image cache loaded driver 'centralized_db'.
Jan 13 13:53:04 jammy-provider-cloud-0000007912 devstack@g-api.service[104162]: INFO glance.api.middleware.cache [None req-8389c30f-0edd-41dd-a952-12be4028b664 None None] Initialized image cache middleware
Jan 13 13:53:04 jammy-provider-cloud-0000007912 devstack@g-api.service[104162]: WARNING keystonemiddleware.auth_token [None req-8389c30f-0edd-41dd-a952-12be4028b664 None None] AuthToken middleware is set with keystone_authtoken.service_token_roles_required set to False. This is backwards compatible but deprecated behaviour. Please set this to True.
Jan 13 13:53:04 jammy-provider-cloud-0000007912 devstack@g-api.service[104161]: DEBUG glance.image_cache.drivers.centralized_db [None req-d5ab8ec9-4802-4293-a7f9-e045e69e9764 None None] Node reference is already recorded, ignoring it {{(pid=104161) configure /opt/stack/glance/glance/image_cache/drivers/centralized_db.py:71}}
Jan 13 13:53:04 jammy-provider-cloud-0000007912 devstack@g-api.service[104162]: WARNING keystonemiddleware.auth_token [None req-8389c30f-0edd-41dd-a952-12be4028b664 None None] Configuring www_authenticate_uri to point to the public identity endpoint is required; clients may not be able to authenticate against an admin endpoint
Jan 13 13:53:04 jammy-provider-cloud-0000007912 devstack@g-api.service[104161]: INFO glance.api.middleware.cache_manage [None req-d5ab8ec9-4802-4293-a7f9-e045e69e9764 None None] Initialized image cache management middleware
Jan 13 13:53:04 jammy-provider-cloud-0000007912 devstack@g-api.service[104161]: INFO glance.image_cache [None req-d5ab8ec9-4802-4293-a7f9-e045e69e9764 None None] Image cache loaded driver 'centralized_db'.
Jan 13 13:53:04 jammy-provider-cloud-0000007912 devstack@g-api.service[104162]: DEBUG glance.common.config [None req-8389c30f-0edd-41dd-a952-12be4028b664 None None] ******************************************************************************** {{(pid=104162) log_opt_values /opt/stack/data/venv/lib/python3.10/site-packages/oslo_config/cfg.py:2804}}
Jan 13 13:53:04 jammy-provider-cloud-0000007912 devstack@g-api.service[104162]: DEBUG glance.common.config [None req-8389c30f-0edd-41dd-a952-12be4028b664 None None] Configuration options gathered from: {{(pid=104162) log_opt_values /opt/stack/data/venv/lib/python3.10/site-packages/oslo_config/cfg.py:2805}}
Jan 13 13:53:04 jammy-provider-cloud-0000007912 devstack@g-api.service[104162]: DEBUG glance.common.config [None req-8389c30f-0edd-41dd-a952-12be4028b664 None None] command line args: [] {{(pid=104162) log_opt_values /opt/stack/data/venv/lib/python3.10/site-packages/oslo_config/cfg.py:2806}}
Jan 13 13:53:04 jammy-provider-cloud-0000007912 devstack@g-api.service[104162]: DEBUG glance.common.config [None req-8389c30f-0edd-41dd-a952-12be4028b664 None None] config files: ['/etc/glance/glance-image-import.conf', '/etc/glance/glance-api.conf'] {{(pid=104162) log_opt_values /opt/stack/data/venv/lib/python3.10/site-packages/oslo_config/cfg.py:2807}}
Jan 13 13:53:04 jammy-provider-cloud-0000007912 devstack@g-api.service[104162]: DEBUG glance.common.config [None req-8389c30f-0edd-41dd-a952-12be4028b664 None None] ================================================================================ {{(pid=104162) log_opt_values /opt/stack/data/venv/lib/python3.10/site-packages/oslo_config/cfg.py:2809}}
Jan 13 13:53:04 jammy-provider-cloud-0000007912 devstack@g-api.service[104162]: DEBUG glance.common.config [None req-8389c30f-0edd-41dd-a952-12be4028b664 None None] allow_anonymous_access         = False {{(pid=104162) log_opt_values /opt/stack/data/venv/lib/python3.10/site-packages/oslo_config/cfg.py:2817}}
Jan 13 13:53:04 jammy-provider-cloud-0000007912 devstack@g-api.service[104162]: DEBUG glance.common.config [None req-8389c30f-0edd-41dd-a952-12be4028b664 None None] api_limit_max                  = 1000 {{(pid=104162) log_opt_values /opt/stack/data/venv/lib/python3.10/site-packages/oslo_config/cfg.py:2817}}
Jan 13 13:53:04 jammy-provider-cloud-0000007912 devstack@g-api.service[104162]: DEBUG glance.common.config [None req-8389c30f-0edd-41dd-a952-12be4028b664 None None] backlog                        = 4096 {{(pid=104162) log_opt_values /opt/stack/data/venv/lib/python3.10/site-packages/oslo_config/cfg.py:2817}}
Jan 13 13:53:04 jammy-provider-cloud-0000007912 devstack@g-api.service[104162]: DEBUG glance.common.config [None req-8389c30f-0edd-41dd-a952-12be4028b664 None None] bind_host                      = 0.0.0.0 {{(pid=104162) log_opt_values /opt/stack/data/venv/lib/python3.10/site-packages/oslo_config/cfg.py:2817}}
Jan 13 13:53:04 jammy-provider-cloud-0000007912 devstack@g-api.service[104162]: DEBUG glance.common.config [None req-8389c30f-0edd-41dd-a952-12be4028b664 None None] bind_port                      = None {{(pid=104162) log_opt_values /opt/stack/data/venv/lib/python3.10/site-packages/oslo_config/cfg.py:2817}}
Jan 13 13:53:04 jammy-provider-cloud-0000007912 devstack@g-api.service[104162]: DEBUG glance.common.config [None req-8389c30f-0edd-41dd-a952-12be4028b664 None None] client_socket_timeout          = 900 {{(pid=104162) log_opt_values /opt/stack/data/venv/lib/python3.10/site-packages/oslo_config/cfg.py:2817}}
Jan 13 13:53:04 jammy-provider-cloud-0000007912 devstack@g-api.service[104162]: DEBUG glance.common.config [None req-8389c30f-0edd-41dd-a952-12be4028b664 None None] config_dir                     = [] {{(pid=104162) log_opt_values /opt/stack/data/venv/lib/python3.10/site-packages/oslo_config/cfg.py:2817}}
Jan 13 13:53:04 jammy-provider-cloud-0000007912 devstack@g-api.service[104162]: DEBUG glance.common.config [None req-8389c30f-0edd-41dd-a952-12be4028b664 None None] config_file                    = ['/etc/glance/glance-image-import.conf', '/etc/glance/glance-api.conf'] {{(pid=104162) log_opt_values /opt/stack/data/venv/lib/python3.10/site-packages/oslo_config/cfg.py:2817}}
Jan 13 13:53:04 jammy-provider-cloud-0000007912 devstack@g-api.service[104162]: DEBUG glance.common.config [None req-8389c30f-0edd-41dd-a952-12be4028b664 None None] config_source                  = [] {{(pid=104162) log_opt_values /opt/stack/data/venv/lib/python3.10/site-packages/oslo_config/cfg.py:2817}}
Jan 13 13:53:04 jammy-provider-cloud-0000007912 devstack@g-api.service[104162]: DEBUG glance.common.config [None req-8389c30f-0edd-41dd-a952-12be4028b664 None None] control_exchange               = glance {{(pid=104162) log_opt_values /opt/stack/data/venv/lib/python3.10/site-packages/oslo_config/cfg.py:2817}}
Jan 13 13:53:04 jammy-provider-cloud-0000007912 devstack@g-api.service[104162]: DEBUG glance.common.config [None req-8389c30f-0edd-41dd-a952-12be4028b664 None None] debug                          = True {{(pid=104162) log_opt_values /opt/stack/data/venv/lib/python3.10/site-packages/oslo_config/cfg.py:2817}}
Jan 13 13:53:04 jammy-provider-cloud-0000007912 devstack@g-api.service[104162]: DEBUG glance.common.config [None req-8389c30f-0edd-41dd-a952-12be4028b664 None None] default_log_levels             = ['amqp=WARN', 'amqplib=WARN', 'boto=WARN', 'qpid=WARN', 'sqlalchemy=WARN', 'suds=INFO', 'oslo.messaging=INFO', 'oslo_messaging=INFO', 'iso8601=WARN', 'requests.packages.urllib3.connectionpool=WARN', 'urllib3.connectionpool=WARN', 'websocket=WARN', 'requests.packages.urllib3.util.retry=WARN', 'urllib3.util.retry=WARN', 'keystonemiddleware=WARN', 'routes.middleware=WARN', 'stevedore=WARN', 'taskflow=WARN', 'keystoneauth=WARN', 'oslo.cache=INFO', 'oslo_policy=INFO', 'dogpile.core.dogpile=INFO'] {{(pid=104162) log_opt_values /opt/stack/data/venv/lib/python3.10/site-packages/oslo_config/cfg.py:2817}}
Jan 13 13:53:04 jammy-provider-cloud-0000007912 devstack@g-api.service[104162]: DEBUG glance.common.config [None req-8389c30f-0edd-41dd-a952-12be4028b664 None None] default_publisher_id           = image.localhost {{(pid=104162) log_opt_values /opt/stack/data/venv/lib/python3.10/site-packages/oslo_config/cfg.py:2817}}
Jan 13 13:53:04 jammy-provider-cloud-0000007912 devstack@g-api.service[104162]: DEBUG glance.common.config [None req-8389c30f-0edd-41dd-a952-12be4028b664 None None] delayed_delete                 = False {{(pid=104162) log_opt_values /opt/stack/data/venv/lib/python3.10/site-packages/oslo_config/cfg.py:2817}}
Jan 13 13:53:04 jammy-provider-cloud-0000007912 devstack@g-api.service[104162]: DEBUG glance.common.config [None req-8389c30f-0edd-41dd-a952-12be4028b664 None None] digest_algorithm               = sha256 {{(pid=104162) log_opt_values /opt/stack/data/venv/lib/python3.10/site-packages/oslo_config/cfg.py:2817}}
Jan 13 13:53:04 jammy-provider-cloud-0000007912 devstack@g-api.service[104162]: DEBUG glance.common.config [None req-8389c30f-0edd-41dd-a952-12be4028b664 None None] disabled_notifications         = [] {{(pid=104162) log_opt_values /opt/stack/data/venv/lib/python3.10/site-packages/oslo_config/cfg.py:2817}}
Jan 13 13:53:04 jammy-provider-cloud-0000007912 devstack@g-api.service[104162]: DEBUG glance.common.config [None req-8389c30f-0edd-41dd-a952-12be4028b664 None None] do_secure_hash                 = True {{(pid=104162) log_opt_values /opt/stack/data/venv/lib/python3.10/site-packages/oslo_config/cfg.py:2817}}
Jan 13 13:53:04 jammy-provider-cloud-0000007912 devstack@g-api.service[104162]: DEBUG glance.common.config [None req-8389c30f-0edd-41dd-a952-12be4028b664 None None] enabled_backends               = None {{(pid=104162) log_opt_values /opt/stack/data/venv/lib/python3.10/site-packages/oslo_config/cfg.py:2817}}
Jan 13 13:53:04 jammy-provider-cloud-0000007912 devstack@g-api.service[104162]: DEBUG glance.common.config [None req-8389c30f-0edd-41dd-a952-12be4028b664 None None] enabled_import_methods         = ['glance-direct', 'web-download', 'copy-image'] {{(pid=104162) log_opt_values /opt/stack/data/venv/lib/python3.10/site-packages/oslo_config/cfg.py:2817}}
Jan 13 13:53:04 jammy-provider-cloud-0000007912 devstack@g-api.service[104162]: DEBUG glance.common.config [None req-8389c30f-0edd-41dd-a952-12be4028b664 None None] hashing_algorithm              = sha512 {{(pid=104162) log_opt_values /opt/stack/data/venv/lib/python3.10/site-packages/oslo_config/cfg.py:2817}}
Jan 13 13:53:04 jammy-provider-cloud-0000007912 devstack@g-api.service[104162]: DEBUG glance.common.config [None req-8389c30f-0edd-41dd-a952-12be4028b664 None None] http_keepalive                 = True {{(pid=104162) log_opt_values /opt/stack/data/venv/lib/python3.10/site-packages/oslo_config/cfg.py:2817}}
Jan 13 13:53:04 jammy-provider-cloud-0000007912 devstack@g-api.service[104162]: DEBUG glance.common.config [None req-8389c30f-0edd-41dd-a952-12be4028b664 None None] http_retries                   = 3 {{(pid=104162) log_opt_values /opt/stack/data/venv/lib/python3.10/site-packages/oslo_config/cfg.py:2817}}
Jan 13 13:53:04 jammy-provider-cloud-0000007912 devstack@g-api.service[104162]: DEBUG glance.common.config [None req-8389c30f-0edd-41dd-a952-12be4028b664 None None] image_cache_dir                = /opt/stack/data/glance/cache/ {{(pid=104162) log_opt_values /opt/stack/data/venv/lib/python3.10/site-packages/oslo_config/cfg.py:2817}}
Jan 13 13:53:04 jammy-provider-cloud-0000007912 devstack@g-api.service[104162]: DEBUG glance.common.config [None req-8389c30f-0edd-41dd-a952-12be4028b664 None None] image_cache_driver             = centralized_db {{(pid=104162) log_opt_values /opt/stack/data/venv/lib/python3.10/site-packages/oslo_config/cfg.py:2817}}
Jan 13 13:53:04 jammy-provider-cloud-0000007912 devstack@g-api.service[104162]: DEBUG glance.common.config [None req-8389c30f-0edd-41dd-a952-12be4028b664 None None] image_cache_max_size           = 10737418240 {{(pid=104162) log_opt_values /opt/stack/data/venv/lib/python3.10/site-packages/oslo_config/cfg.py:2817}}
Jan 13 13:53:04 jammy-provider-cloud-0000007912 devstack@g-api.service[104162]: DEBUG glance.common.config [None req-8389c30f-0edd-41dd-a952-12be4028b664 None None] image_cache_sqlite_db          = cache.db {{(pid=104162) log_opt_values /opt/stack/data/venv/lib/python3.10/site-packages/oslo_config/cfg.py:2817}}
Jan 13 13:53:04 jammy-provider-cloud-0000007912 devstack@g-api.service[104162]: DEBUG glance.common.config [None req-8389c30f-0edd-41dd-a952-12be4028b664 None None] image_cache_stall_time         = 86400 {{(pid=104162) log_opt_values /opt/stack/data/venv/lib/python3.10/site-packages/oslo_config/cfg.py:2817}}
Jan 13 13:53:04 jammy-provider-cloud-0000007912 devstack@g-api.service[104162]: DEBUG glance.common.config [None req-8389c30f-0edd-41dd-a952-12be4028b664 None None] image_location_quota           = 10 {{(pid=104162) log_opt_values /opt/stack/data/venv/lib/python3.10/site-packages/oslo_config/cfg.py:2817}}
Jan 13 13:53:04 jammy-provider-cloud-0000007912 devstack@g-api.service[104162]: DEBUG glance.common.config [None req-8389c30f-0edd-41dd-a952-12be4028b664 None None] image_member_quota             = 128 {{(pid=104162) log_opt_values /opt/stack/data/venv/lib/python3.10/site-packages/oslo_config/cfg.py:2817}}
Jan 13 13:53:04 jammy-provider-cloud-0000007912 devstack@g-api.service[104162]: DEBUG glance.common.config [None req-8389c30f-0edd-41dd-a952-12be4028b664 None None] image_property_quota           = 128 {{(pid=104162) log_opt_values /opt/stack/data/venv/lib/python3.10/site-packages/oslo_config/cfg.py:2817}}
Jan 13 13:53:04 jammy-provider-cloud-0000007912 devstack@g-api.service[104162]: DEBUG glance.common.config [None req-8389c30f-0edd-41dd-a952-12be4028b664 None None] image_size_cap                 = 1099511627776 {{(pid=104162) log_opt_values /opt/stack/data/venv/lib/python3.10/site-packages/oslo_config/cfg.py:2817}}
Jan 13 13:53:04 jammy-provider-cloud-0000007912 devstack@g-api.service[104162]: DEBUG glance.common.config [None req-8389c30f-0edd-41dd-a952-12be4028b664 None None] image_tag_quota                = 128 {{(pid=104162) log_opt_values /opt/stack/data/venv/lib/python3.10/site-packages/oslo_config/cfg.py:2817}}
Jan 13 13:53:04 jammy-provider-cloud-0000007912 devstack@g-api.service[104162]: DEBUG glance.common.config [None req-8389c30f-0edd-41dd-a952-12be4028b664 None None] instance_format                = [instance: %(uuid)s]  {{(pid=104162) log_opt_values /opt/stack/data/venv/lib/python3.10/site-packages/oslo_config/cfg.py:2817}}
Jan 13 13:53:04 jammy-provider-cloud-0000007912 devstack@g-api.service[104162]: DEBUG glance.common.config [None req-8389c30f-0edd-41dd-a952-12be4028b664 None None] instance_uuid_format           = [instance: %(uuid)s]  {{(pid=104162) log_opt_values /opt/stack/data/venv/lib/python3.10/site-packages/oslo_config/cfg.py:2817}}
Jan 13 13:53:04 jammy-provider-cloud-0000007912 devstack@g-api.service[104162]: DEBUG glance.common.config [None req-8389c30f-0edd-41dd-a952-12be4028b664 None None] limit_param_default            = 25 {{(pid=104162) log_opt_values /opt/stack/data/venv/lib/python3.10/site-packages/oslo_config/cfg.py:2817}}
Jan 13 13:53:04 jammy-provider-cloud-0000007912 devstack@g-api.service[104162]: DEBUG glance.common.config [None req-8389c30f-0edd-41dd-a952-12be4028b664 None None] log_color                      = True {{(pid=104162) log_opt_values /opt/stack/data/venv/lib/python3.10/site-packages/oslo_config/cfg.py:2817}}
Jan 13 13:53:04 jammy-provider-cloud-0000007912 devstack@g-api.service[104162]: DEBUG glance.common.config [None req-8389c30f-0edd-41dd-a952-12be4028b664 None None] log_config_append              = None {{(pid=104162) log_opt_values /opt/stack/data/venv/lib/python3.10/site-packages/oslo_config/cfg.py:2817}}
Jan 13 13:53:04 jammy-provider-cloud-0000007912 devstack@g-api.service[104162]: DEBUG glance.common.config [None req-8389c30f-0edd-41dd-a952-12be4028b664 None None] log_date_format                = %Y-%m-%d %H:%M:%S {{(pid=104162) log_opt_values /opt/stack/data/venv/lib/python3.10/site-packages/oslo_config/cfg.py:2817}}
Jan 13 13:53:04 jammy-provider-cloud-0000007912 devstack@g-api.service[104162]: DEBUG glance.common.config [None req-8389c30f-0edd-41dd-a952-12be4028b664 None None] log_dir                        = None {{(pid=104162) log_opt_values /opt/stack/data/venv/lib/python3.10/site-packages/oslo_config/cfg.py:2817}}
Jan 13 13:53:04 jammy-provider-cloud-0000007912 devstack@g-api.service[104162]: DEBUG glance.common.config [None req-8389c30f-0edd-41dd-a952-12be4028b664 None None] log_file                       = None {{(pid=104162) log_opt_values /opt/stack/data/venv/lib/python3.10/site-packages/oslo_config/cfg.py:2817}}
Jan 13 13:53:04 jammy-provider-cloud-0000007912 devstack@g-api.service[104162]: DEBUG glance.common.config [None req-8389c30f-0edd-41dd-a952-12be4028b664 None None] log_rotate_interval            = 1 {{(pid=104162) log_opt_values /opt/stack/data/venv/lib/python3.10/site-packages/oslo_config/cfg.py:2817}}
Jan 13 13:53:04 jammy-provider-cloud-0000007912 devstack@g-api.service[104162]: DEBUG glance.common.config [None req-8389c30f-0edd-41dd-a952-12be4028b664 None None] log_rotate_interval_type       = days {{(pid=104162) log_opt_values /opt/stack/data/venv/lib/python3.10/site-packages/oslo_config/cfg.py:2817}}
Jan 13 13:53:04 jammy-provider-cloud-0000007912 devstack@g-api.service[104162]: DEBUG glance.common.config [None req-8389c30f-0edd-41dd-a952-12be4028b664 None None] log_rotation_type              = none {{(pid=104162) log_opt_values /opt/stack/data/venv/lib/python3.10/site-packages/oslo_config/cfg.py:2817}}
Jan 13 13:53:04 jammy-provider-cloud-0000007912 devstack@g-api.service[104162]: DEBUG glance.common.config [None req-8389c30f-0edd-41dd-a952-12be4028b664 None None] logging_context_format_string  = %(color)s%(levelname)s %(name)s [%(global_request_id)s %(request_id)s %(project_name)s %(user_name)s%(color)s] %(instance)s%(color)s%(message)s {{(pid=104162) log_opt_values /opt/stack/data/venv/lib/python3.10/site-packages/oslo_config/cfg.py:2817}}
Jan 13 13:53:04 jammy-provider-cloud-0000007912 devstack@g-api.service[104162]: DEBUG glance.common.config [None req-8389c30f-0edd-41dd-a952-12be4028b664 None None] logging_debug_format_suffix    = {{(pid=%(process)d) %(funcName)s %(pathname)s:%(lineno)d}} {{(pid=104162) log_opt_values /opt/stack/data/venv/lib/python3.10/site-packages/oslo_config/cfg.py:2817}}
Jan 13 13:53:04 jammy-provider-cloud-0000007912 devstack@g-api.service[104162]: DEBUG glance.common.config [None req-8389c30f-0edd-41dd-a952-12be4028b664 None None] logging_default_format_string  = %(color)s%(levelname)s %(name)s [-%(color)s] %(instance)s%(color)s%(message)s {{(pid=104162) log_opt_values /opt/stack/data/venv/lib/python3.10/site-packages/oslo_config/cfg.py:2817}}
Jan 13 13:53:04 jammy-provider-cloud-0000007912 devstack@g-api.service[104162]: DEBUG glance.common.config [None req-8389c30f-0edd-41dd-a952-12be4028b664 None None] logging_exception_prefix       = ERROR %(name)s %(instance)s {{(pid=104162) log_opt_values /opt/stack/data/venv/lib/python3.10/site-packages/oslo_config/cfg.py:2817}}
Jan 13 13:53:04 jammy-provider-cloud-0000007912 devstack@g-api.service[104162]: DEBUG glance.common.config [None req-8389c30f-0edd-41dd-a952-12be4028b664 None None] logging_user_identity_format   = %(user)s %(project)s %(domain)s %(system_scope)s %(user_domain)s %(project_domain)s {{(pid=104162) log_opt_values /opt/stack/data/venv/lib/python3.10/site-packages/oslo_config/cfg.py:2817}}
