Mar 26 13:25:12 ubuntu systemd[1]: Starting devstack@g-api.service - Devstack devstack@g-api.service...
Mar 26 13:25:12 ubuntu devstack@g-api.service[115373]: [uWSGI] getting INI configuration from /etc/glance/glance-uwsgi.ini
Mar 26 13:25:12 ubuntu devstack@g-api.service[115373]: *** Starting uWSGI 2.0.24-debian (64bit) on [Thu Mar 26 13:25:12 2026] ***
Mar 26 13:25:12 ubuntu devstack@g-api.service[115373]: compiled with version: 13.2.0 on 17 April 2024 16:23:48
Mar 26 13:25:12 ubuntu devstack@g-api.service[115373]: os: Linux-6.8.0-100-generic #100-Ubuntu SMP PREEMPT_DYNAMIC Tue Jan 13 16:40:06 UTC 2026
Mar 26 13:25:12 ubuntu devstack@g-api.service[115373]: nodename: ubuntu
Mar 26 13:25:12 ubuntu devstack@g-api.service[115373]: machine: x86_64
Mar 26 13:25:12 ubuntu devstack@g-api.service[115373]: clock source: unix
Mar 26 13:25:12 ubuntu devstack@g-api.service[115373]: pcre jit disabled
Mar 26 13:25:12 ubuntu devstack@g-api.service[115373]: detected number of CPU cores: 4
Mar 26 13:25:12 ubuntu devstack@g-api.service[115373]: current working directory: /
Mar 26 13:25:12 ubuntu devstack@g-api.service[115373]: detected binary path: /usr/bin/uwsgi-core
Mar 26 13:25:12 ubuntu devstack@g-api.service[115373]: your processes number limit is 31446
Mar 26 13:25:12 ubuntu devstack@g-api.service[115373]: your memory page size is 4096 bytes
Mar 26 13:25:12 ubuntu devstack@g-api.service[115373]: detected max file descriptor number: 2048
Mar 26 13:25:12 ubuntu devstack@g-api.service[115373]: lock engine: pthread robust mutexes
Mar 26 13:25:12 ubuntu devstack@g-api.service[115373]: thunder lock: enabled
Mar 26 13:25:12 ubuntu devstack@g-api.service[115373]: uwsgi socket 0 bound to TCP address 127.0.0.1:60999 fd 4
Mar 26 13:25:12 ubuntu devstack@g-api.service[115373]: Python version: 3.12.3 (main, Mar  3 2026, 12:15:18) [GCC 13.3.0]
Mar 26 13:25:12 ubuntu devstack@g-api.service[115373]: PEP 405 virtualenv detected: /opt/stack/data/venv
Mar 26 13:25:12 ubuntu devstack@g-api.service[115373]: Set PythonHome to /opt/stack/data/venv
Mar 26 13:25:12 ubuntu devstack@g-api.service[115373]: Python main interpreter initialized at 0x701dc0ea3668
Mar 26 13:25:12 ubuntu devstack@g-api.service[115373]: python threads support enabled
Mar 26 13:25:12 ubuntu devstack@g-api.service[115373]: your server socket listen backlog is limited to 100 connections
Mar 26 13:25:12 ubuntu devstack@g-api.service[115373]: your mercy for graceful operations on workers is 80 seconds
Mar 26 13:25:12 ubuntu devstack@g-api.service[115373]: mapped 403077 bytes (393 KB) for 2 cores
Mar 26 13:25:12 ubuntu devstack@g-api.service[115373]: *** Operational MODE: preforking ***
Mar 26 13:25:12 ubuntu devstack@g-api.service[115373]: *** uWSGI is running in multiple interpreter mode ***
Mar 26 13:25:12 ubuntu devstack@g-api.service[115373]: spawned uWSGI master process (pid: 115373)
Mar 26 13:25:12 ubuntu devstack@g-api.service[115373]: spawned uWSGI worker 1 (pid: 115376, cores: 1)
Mar 26 13:25:12 ubuntu systemd[1]: Started devstack@g-api.service - Devstack devstack@g-api.service.
Mar 26 13:25:12 ubuntu devstack@g-api.service[115373]: spawned uWSGI worker 2 (pid: 115377, cores: 1)
Mar 26 13:25:12 ubuntu devstack@g-api.service[115373]: running "unix_signal:15 gracefully_kill_them_all" (master-start)...
Mar 26 13:25:13 ubuntu devstack@g-api.service[115377]: INFO glance.async_ [-] Threadpool model set to 'NativeThreadPoolModel'
Mar 26 13:25:13 ubuntu devstack@g-api.service[115376]: INFO glance.async_ [-] Threadpool model set to 'NativeThreadPoolModel'
Mar 26 13:25:13 ubuntu devstack@g-api.service[115377]: DEBUG oslo_concurrency.processutils [-] Running cmd (subprocess): grep -F node.session.scan /sbin/iscsiadm {{(pid=115377) execute /opt/stack/data/venv/lib/python3.12/site-packages/oslo_concurrency/processutils.py:440}}
Mar 26 13:25:13 ubuntu devstack@g-api.service[115377]: DEBUG oslo_concurrency.processutils [-] CMD "grep -F node.session.scan /sbin/iscsiadm" returned: 0 in 0.010s {{(pid=115377) execute /opt/stack/data/venv/lib/python3.12/site-packages/oslo_concurrency/processutils.py:468}}
Mar 26 13:25:13 ubuntu devstack@g-api.service[115376]: DEBUG oslo_concurrency.processutils [-] Running cmd (subprocess): grep -F node.session.scan /sbin/iscsiadm {{(pid=115376) execute /opt/stack/data/venv/lib/python3.12/site-packages/oslo_concurrency/processutils.py:440}}
Mar 26 13:25:13 ubuntu devstack@g-api.service[115376]: DEBUG oslo_concurrency.processutils [-] CMD "grep -F node.session.scan /sbin/iscsiadm" returned: 0 in 0.010s {{(pid=115376) execute /opt/stack/data/venv/lib/python3.12/site-packages/oslo_concurrency/processutils.py:468}}
Mar 26 13:25:13 ubuntu devstack@g-api.service[115376]: DEBUG glance_store.backend [-] Attempting to import store cinder {{(pid=115376) _load_store /opt/stack/data/venv/lib/python3.12/site-packages/glance_store/backend.py:215}}
Mar 26 13:25:13 ubuntu devstack@g-api.service[115377]: DEBUG glance_store.backend [-] Attempting to import store cinder {{(pid=115377) _load_store /opt/stack/data/venv/lib/python3.12/site-packages/glance_store/backend.py:215}}
Mar 26 13:25:13 ubuntu devstack@g-api.service[115376]: DEBUG glance_store.backend [-] Attempting to import store file {{(pid=115376) _load_store /opt/stack/data/venv/lib/python3.12/site-packages/glance_store/backend.py:215}}
Mar 26 13:25:13 ubuntu devstack@g-api.service[115377]: DEBUG glance_store.backend [-] Attempting to import store file {{(pid=115377) _load_store /opt/stack/data/venv/lib/python3.12/site-packages/glance_store/backend.py:215}}
Mar 26 13:25:13 ubuntu devstack@g-api.service[115376]: DEBUG glance_store.backend [-] Attempting to import store glance.store.cinder.Store {{(pid=115376) _load_store /opt/stack/data/venv/lib/python3.12/site-packages/glance_store/backend.py:215}}
Mar 26 13:25:13 ubuntu devstack@g-api.service[115377]: DEBUG glance_store.backend [-] Attempting to import store glance.store.cinder.Store {{(pid=115377) _load_store /opt/stack/data/venv/lib/python3.12/site-packages/glance_store/backend.py:215}}
Mar 26 13:25:13 ubuntu devstack@g-api.service[115376]: DEBUG glance_store.backend [-] Attempting to import store glance.store.filesystem.Store {{(pid=115376) _load_store /opt/stack/data/venv/lib/python3.12/site-packages/glance_store/backend.py:215}}
Mar 26 13:25:13 ubuntu devstack@g-api.service[115377]: DEBUG glance_store.backend [-] Attempting to import store glance.store.filesystem.Store {{(pid=115377) _load_store /opt/stack/data/venv/lib/python3.12/site-packages/glance_store/backend.py:215}}
Mar 26 13:25:13 ubuntu devstack@g-api.service[115376]: DEBUG glance_store.backend [-] Attempting to import store glance.store.http.Store {{(pid=115376) _load_store /opt/stack/data/venv/lib/python3.12/site-packages/glance_store/backend.py:215}}
Mar 26 13:25:13 ubuntu devstack@g-api.service[115377]: DEBUG glance_store.backend [-] Attempting to import store glance.store.http.Store {{(pid=115377) _load_store /opt/stack/data/venv/lib/python3.12/site-packages/glance_store/backend.py:215}}
Mar 26 13:25:13 ubuntu devstack@g-api.service[115376]: DEBUG glance_store.backend [-] Attempting to import store glance.store.rbd.Store {{(pid=115376) _load_store /opt/stack/data/venv/lib/python3.12/site-packages/glance_store/backend.py:215}}
Mar 26 13:25:13 ubuntu devstack@g-api.service[115377]: DEBUG glance_store.backend [-] Attempting to import store glance.store.rbd.Store {{(pid=115377) _load_store /opt/stack/data/venv/lib/python3.12/site-packages/glance_store/backend.py:215}}
Mar 26 13:25:13 ubuntu devstack@g-api.service[115376]: DEBUG glance_store.backend [-] Attempting to import store glance.store.s3.Store {{(pid=115376) _load_store /opt/stack/data/venv/lib/python3.12/site-packages/glance_store/backend.py:215}}
Mar 26 13:25:13 ubuntu devstack@g-api.service[115377]: DEBUG glance_store.backend [-] Attempting to import store glance.store.s3.Store {{(pid=115377) _load_store /opt/stack/data/venv/lib/python3.12/site-packages/glance_store/backend.py:215}}
Mar 26 13:25:13 ubuntu devstack@g-api.service[115376]: DEBUG glance_store.backend [-] Attempting to import store glance.store.swift.Store {{(pid=115376) _load_store /opt/stack/data/venv/lib/python3.12/site-packages/glance_store/backend.py:215}}
Mar 26 13:25:13 ubuntu devstack@g-api.service[115377]: DEBUG glance_store.backend [-] Attempting to import store glance.store.swift.Store {{(pid=115377) _load_store /opt/stack/data/venv/lib/python3.12/site-packages/glance_store/backend.py:215}}
Mar 26 13:25:13 ubuntu devstack@g-api.service[115377]: DEBUG glance_store.backend [-] Attempting to import store glance.store.vmware_datastore.Store {{(pid=115377) _load_store /opt/stack/data/venv/lib/python3.12/site-packages/glance_store/backend.py:215}}
Mar 26 13:25:13 ubuntu devstack@g-api.service[115376]: DEBUG glance_store.backend [-] Attempting to import store glance.store.vmware_datastore.Store {{(pid=115376) _load_store /opt/stack/data/venv/lib/python3.12/site-packages/glance_store/backend.py:215}}
Mar 26 13:25:13 ubuntu devstack@g-api.service[115377]: DEBUG glance_store.backend [-] Attempting to import store http {{(pid=115377) _load_store /opt/stack/data/venv/lib/python3.12/site-packages/glance_store/backend.py:215}}
Mar 26 13:25:13 ubuntu devstack@g-api.service[115376]: DEBUG glance_store.backend [-] Attempting to import store http {{(pid=115376) _load_store /opt/stack/data/venv/lib/python3.12/site-packages/glance_store/backend.py:215}}
Mar 26 13:25:13 ubuntu devstack@g-api.service[115377]: DEBUG glance_store.backend [-] Attempting to import store no_conf {{(pid=115377) _load_store /opt/stack/data/venv/lib/python3.12/site-packages/glance_store/backend.py:215}}
Mar 26 13:25:13 ubuntu devstack@g-api.service[115376]: DEBUG glance_store.backend [-] Attempting to import store no_conf {{(pid=115376) _load_store /opt/stack/data/venv/lib/python3.12/site-packages/glance_store/backend.py:215}}
Mar 26 13:25:13 ubuntu devstack@g-api.service[115377]: DEBUG glance_store.backend [-] Attempting to import store rbd {{(pid=115377) _load_store /opt/stack/data/venv/lib/python3.12/site-packages/glance_store/backend.py:215}}
Mar 26 13:25:13 ubuntu devstack@g-api.service[115376]: DEBUG glance_store.backend [-] Attempting to import store rbd {{(pid=115376) _load_store /opt/stack/data/venv/lib/python3.12/site-packages/glance_store/backend.py:215}}
Mar 26 13:25:13 ubuntu devstack@g-api.service[115377]: DEBUG glance_store.backend [-] Attempting to import store s3 {{(pid=115377) _load_store /opt/stack/data/venv/lib/python3.12/site-packages/glance_store/backend.py:215}}
Mar 26 13:25:13 ubuntu devstack@g-api.service[115376]: DEBUG glance_store.backend [-] Attempting to import store s3 {{(pid=115376) _load_store /opt/stack/data/venv/lib/python3.12/site-packages/glance_store/backend.py:215}}
Mar 26 13:25:13 ubuntu devstack@g-api.service[115377]: DEBUG glance_store.backend [-] Attempting to import store swift {{(pid=115377) _load_store /opt/stack/data/venv/lib/python3.12/site-packages/glance_store/backend.py:215}}
Mar 26 13:25:13 ubuntu devstack@g-api.service[115376]: DEBUG glance_store.backend [-] Attempting to import store swift {{(pid=115376) _load_store /opt/stack/data/venv/lib/python3.12/site-packages/glance_store/backend.py:215}}
Mar 26 13:25:13 ubuntu devstack@g-api.service[115377]: DEBUG glance_store.backend [-] Attempting to import store vmware {{(pid=115377) _load_store /opt/stack/data/venv/lib/python3.12/site-packages/glance_store/backend.py:215}}
Mar 26 13:25:13 ubuntu devstack@g-api.service[115376]: DEBUG glance_store.backend [-] Attempting to import store vmware {{(pid=115376) _load_store /opt/stack/data/venv/lib/python3.12/site-packages/glance_store/backend.py:215}}
Mar 26 13:25:13 ubuntu devstack@g-api.service[115377]: DEBUG glance_store.backend [-] Registering options for group glance_store {{(pid=115377) register_opts /opt/stack/data/venv/lib/python3.12/site-packages/glance_store/backend.py:144}}
Mar 26 13:25:13 ubuntu devstack@g-api.service[115376]: DEBUG glance_store.backend [-] Registering options for group glance_store {{(pid=115376) register_opts /opt/stack/data/venv/lib/python3.12/site-packages/glance_store/backend.py:144}}
Mar 26 13:25:13 ubuntu devstack@g-api.service[115377]: DEBUG glance_store.backend [-] Registering options for group glance_store {{(pid=115377) register_opts /opt/stack/data/venv/lib/python3.12/site-packages/glance_store/backend.py:144}}
Mar 26 13:25:13 ubuntu devstack@g-api.service[115376]: DEBUG glance_store.backend [-] Registering options for group glance_store {{(pid=115376) register_opts /opt/stack/data/venv/lib/python3.12/site-packages/glance_store/backend.py:144}}
Mar 26 13:25:13 ubuntu devstack@g-api.service[115377]: DEBUG glance_store.backend [-] Attempting to import store http {{(pid=115377) _load_store /opt/stack/data/venv/lib/python3.12/site-packages/glance_store/backend.py:215}}
Mar 26 13:25:13 ubuntu devstack@g-api.service[115376]: DEBUG glance_store.backend [-] Attempting to import store http {{(pid=115376) _load_store /opt/stack/data/venv/lib/python3.12/site-packages/glance_store/backend.py:215}}
Mar 26 13:25:13 ubuntu devstack@g-api.service[115376]: DEBUG glance_store.capabilities [-] Store glance_store._drivers.http.Store doesn't support updating dynamic storage capabilities. Please overwrite 'update_capabilities' method of the store to implement updating logics if needed. {{(pid=115376) update_capabilities /opt/stack/data/venv/lib/python3.12/site-packages/glance_store/capabilities.py:91}}
Mar 26 13:25:13 ubuntu devstack@g-api.service[115377]: DEBUG glance_store.capabilities [-] Store glance_store._drivers.http.Store doesn't support updating dynamic storage capabilities. Please overwrite 'update_capabilities' method of the store to implement updating logics if needed. {{(pid=115377) update_capabilities /opt/stack/data/venv/lib/python3.12/site-packages/glance_store/capabilities.py:91}}
Mar 26 13:25:13 ubuntu devstack@g-api.service[115376]: DEBUG glance_store.backend [-] Registering store http with schemes ('http', 'https') {{(pid=115376) create_stores /opt/stack/data/venv/lib/python3.12/site-packages/glance_store/backend.py:261}}
Mar 26 13:25:13 ubuntu devstack@g-api.service[115377]: DEBUG glance_store.backend [-] Registering store http with schemes ('http', 'https') {{(pid=115377) create_stores /opt/stack/data/venv/lib/python3.12/site-packages/glance_store/backend.py:261}}
Mar 26 13:25:13 ubuntu devstack@g-api.service[115376]: DEBUG glance_store.driver [-] Late loading location class glance_store._drivers.http.StoreLocation {{(pid=115376) get_store_location_class /opt/stack/data/venv/lib/python3.12/site-packages/glance_store/driver.py:134}}
Mar 26 13:25:13 ubuntu devstack@g-api.service[115377]: DEBUG glance_store.driver [-] Late loading location class glance_store._drivers.http.StoreLocation {{(pid=115377) get_store_location_class /opt/stack/data/venv/lib/python3.12/site-packages/glance_store/driver.py:134}}
Mar 26 13:25:13 ubuntu devstack@g-api.service[115376]: DEBUG glance_store.location [-] Registering scheme http with {'store': <glance_store._drivers.http.Store object at 0x701dbc0b7bf0>, 'location_class': <class 'glance_store._drivers.http.StoreLocation'>, 'store_entry': 'http'} {{(pid=115376) register_scheme_map /opt/stack/data/venv/lib/python3.12/site-packages/glance_store/location.py:146}}
Mar 26 13:25:13 ubuntu devstack@g-api.service[115377]: DEBUG glance_store.location [-] Registering scheme http with {'store': <glance_store._drivers.http.Store object at 0x701dbcb233b0>, 'location_class': <class 'glance_store._drivers.http.StoreLocation'>, 'store_entry': 'http'} {{(pid=115377) register_scheme_map /opt/stack/data/venv/lib/python3.12/site-packages/glance_store/location.py:146}}
Mar 26 13:25:13 ubuntu devstack@g-api.service[115376]: DEBUG glance_store.location [-] Registering scheme https with {'store': <glance_store._drivers.http.Store object at 0x701dbc0b7bf0>, 'location_class': <class 'glance_store._drivers.http.StoreLocation'>, 'store_entry': 'http'} {{(pid=115376) register_scheme_map /opt/stack/data/venv/lib/python3.12/site-packages/glance_store/location.py:146}}
Mar 26 13:25:13 ubuntu devstack@g-api.service[115377]: DEBUG glance_store.location [-] Registering scheme https with {'store': <glance_store._drivers.http.Store object at 0x701dbcb233b0>, 'location_class': <class 'glance_store._drivers.http.StoreLocation'>, 'store_entry': 'http'} {{(pid=115377) register_scheme_map /opt/stack/data/venv/lib/python3.12/site-packages/glance_store/location.py:146}}
Mar 26 13:25:13 ubuntu devstack@g-api.service[115376]: DEBUG glance_store.backend [-] Attempting to import store file {{(pid=115376) _load_store /opt/stack/data/venv/lib/python3.12/site-packages/glance_store/backend.py:215}}
Mar 26 13:25:13 ubuntu devstack@g-api.service[115376]: DEBUG glance_store.capabilities [-] Store glance_store._drivers.filesystem.Store doesn't support updating dynamic storage capabilities. Please overwrite 'update_capabilities' method of the store to implement updating logics if needed. {{(pid=115376) update_capabilities /opt/stack/data/venv/lib/python3.12/site-packages/glance_store/capabilities.py:91}}
Mar 26 13:25:13 ubuntu devstack@g-api.service[115376]: DEBUG glance_store.backend [-] Registering store file with schemes ('file', 'filesystem') {{(pid=115376) create_stores /opt/stack/data/venv/lib/python3.12/site-packages/glance_store/backend.py:261}}
Mar 26 13:25:13 ubuntu devstack@g-api.service[115376]: DEBUG glance_store.driver [-] Late loading location class glance_store._drivers.filesystem.StoreLocation {{(pid=115376) get_store_location_class /opt/stack/data/venv/lib/python3.12/site-packages/glance_store/driver.py:134}}
Mar 26 13:25:13 ubuntu devstack@g-api.service[115376]: DEBUG glance_store.location [-] Registering scheme file with {'store': <glance_store._drivers.filesystem.Store object at 0x701dbd8df890>, 'location_class': <class 'glance_store._drivers.filesystem.StoreLocation'>, 'store_entry': 'file'} {{(pid=115376) register_scheme_map /opt/stack/data/venv/lib/python3.12/site-packages/glance_store/location.py:146}}
Mar 26 13:25:13 ubuntu devstack@g-api.service[115376]: DEBUG glance_store.location [-] Registering scheme filesystem with {'store': <glance_store._drivers.filesystem.Store object at 0x701dbd8df890>, 'location_class': <class 'glance_store._drivers.filesystem.StoreLocation'>, 'store_entry': 'file'} {{(pid=115376) register_scheme_map /opt/stack/data/venv/lib/python3.12/site-packages/glance_store/location.py:146}}
Mar 26 13:25:13 ubuntu devstack@g-api.service[115376]: DEBUG glance.sqlite_migration [-] SQLite caching database not located, skipping migration {{(pid=115376) get_db_path /opt/stack/glance/glance/sqlite_migration.py:68}}
Mar 26 13:25:13 ubuntu devstack@g-api.service[115376]: WARNING glance.common.wsgi_app [-] Import methods are enabled but staging directory /tmp/staging/ does not exist; Imports will fail!
Mar 26 13:25:13 ubuntu devstack@g-api.service[115377]: DEBUG glance_store.backend [-] Attempting to import store file {{(pid=115377) _load_store /opt/stack/data/venv/lib/python3.12/site-packages/glance_store/backend.py:215}}
Mar 26 13:25:13 ubuntu devstack@g-api.service[115377]: DEBUG glance_store.capabilities [-] Store glance_store._drivers.filesystem.Store doesn't support updating dynamic storage capabilities. Please overwrite 'update_capabilities' method of the store to implement updating logics if needed. {{(pid=115377) update_capabilities /opt/stack/data/venv/lib/python3.12/site-packages/glance_store/capabilities.py:91}}
Mar 26 13:25:13 ubuntu devstack@g-api.service[115377]: DEBUG glance_store.backend [-] Registering store file with schemes ('file', 'filesystem') {{(pid=115377) create_stores /opt/stack/data/venv/lib/python3.12/site-packages/glance_store/backend.py:261}}
Mar 26 13:25:13 ubuntu devstack@g-api.service[115377]: DEBUG glance_store.driver [-] Late loading location class glance_store._drivers.filesystem.StoreLocation {{(pid=115377) get_store_location_class /opt/stack/data/venv/lib/python3.12/site-packages/glance_store/driver.py:134}}
Mar 26 13:25:13 ubuntu devstack@g-api.service[115377]: DEBUG glance_store.location [-] Registering scheme file with {'store': <glance_store._drivers.filesystem.Store object at 0x701dbc33dac0>, 'location_class': <class 'glance_store._drivers.filesystem.StoreLocation'>, 'store_entry': 'file'} {{(pid=115377) register_scheme_map /opt/stack/data/venv/lib/python3.12/site-packages/glance_store/location.py:146}}
Mar 26 13:25:13 ubuntu devstack@g-api.service[115377]: DEBUG glance_store.location [-] Registering scheme filesystem with {'store': <glance_store._drivers.filesystem.Store object at 0x701dbc33dac0>, 'location_class': <class 'glance_store._drivers.filesystem.StoreLocation'>, 'store_entry': 'file'} {{(pid=115377) register_scheme_map /opt/stack/data/venv/lib/python3.12/site-packages/glance_store/location.py:146}}
Mar 26 13:25:13 ubuntu devstack@g-api.service[115377]: DEBUG glance.sqlite_migration [-] SQLite caching database not located, skipping migration {{(pid=115377) get_db_path /opt/stack/glance/glance/sqlite_migration.py:68}}
Mar 26 13:25:13 ubuntu devstack@g-api.service[115377]: WARNING glance.common.wsgi_app [-] Import methods are enabled but staging directory /tmp/staging/ does not exist; Imports will fail!
Mar 26 13:25:14 ubuntu devstack@g-api.service[115377]: DEBUG glance.common.config [None req-f91976b6-3ae1-4e30-ba33-241dd58b5426 None None] Loading glance-api-keystone+cachemanagement from /etc/glance/glance-api-paste.ini {{(pid=115377) load_paste_app /opt/stack/glance/glance/common/config.py:758}}
Mar 26 13:25:14 ubuntu devstack@g-api.service[115376]: DEBUG glance.common.config [None req-d3042203-926e-42f2-b8f6-17b7df81f998 None None] Loading glance-api-keystone+cachemanagement from /etc/glance/glance-api-paste.ini {{(pid=115376) load_paste_app /opt/stack/glance/glance/common/config.py:758}}
Mar 26 13:25:14 ubuntu devstack@g-api.service[115376]: INFO glance.image_cache [None req-d3042203-926e-42f2-b8f6-17b7df81f998 None None] Image cache loaded driver 'centralized_db'.
Mar 26 13:25:14 ubuntu devstack@g-api.service[115377]: INFO glance.image_cache [None req-f91976b6-3ae1-4e30-ba33-241dd58b5426 None None] Image cache loaded driver 'centralized_db'.
Mar 26 13:25:14 ubuntu devstack@g-api.service[115376]: INFO dbcounter [None req-d3042203-926e-42f2-b8f6-17b7df81f998 None None] Registered counter for database glance
Mar 26 13:25:14 ubuntu devstack@g-api.service[115377]: INFO dbcounter [None req-f91976b6-3ae1-4e30-ba33-241dd58b5426 None None] Registered counter for database glance
Mar 26 13:25:14 ubuntu devstack@g-api.service[115377]: DEBUG oslo_db.sqlalchemy.engines [None req-f91976b6-3ae1-4e30-ba33-241dd58b5426 None None] MySQL server mode set to STRICT_TRANS_TABLES,STRICT_ALL_TABLES,NO_ZERO_IN_DATE,NO_ZERO_DATE,ERROR_FOR_DIVISION_BY_ZERO,TRADITIONAL,NO_ENGINE_SUBSTITUTION {{(pid=115377) _check_effective_sql_mode /opt/stack/data/venv/lib/python3.12/site-packages/oslo_db/sqlalchemy/engines.py:325}}
Mar 26 13:25:14 ubuntu devstack@g-api.service[115376]: DEBUG oslo_db.sqlalchemy.engines [None req-d3042203-926e-42f2-b8f6-17b7df81f998 None None] MySQL server mode set to STRICT_TRANS_TABLES,STRICT_ALL_TABLES,NO_ZERO_IN_DATE,NO_ZERO_DATE,ERROR_FOR_DIVISION_BY_ZERO,TRADITIONAL,NO_ENGINE_SUBSTITUTION {{(pid=115376) _check_effective_sql_mode /opt/stack/data/venv/lib/python3.12/site-packages/oslo_db/sqlalchemy/engines.py:325}}
Mar 26 13:25:14 ubuntu devstack@g-api.service[115377]: DEBUG dbcounter [-] [115377] Writer thread running {{(pid=115377) stat_writer /opt/stack/data/venv/lib/python3.12/site-packages/dbcounter.py:102}}
Mar 26 13:25:14 ubuntu devstack@g-api.service[115376]: DEBUG dbcounter [-] [115376] Writer thread running {{(pid=115376) stat_writer /opt/stack/data/venv/lib/python3.12/site-packages/dbcounter.py:102}}
Mar 26 13:25:14 ubuntu devstack@g-api.service[115376]: DEBUG glance.image_cache.drivers.centralized_db [None req-d3042203-926e-42f2-b8f6-17b7df81f998 None None] Node reference is already recorded, ignoring it {{(pid=115376) configure /opt/stack/glance/glance/image_cache/drivers/centralized_db.py:71}}
Mar 26 13:25:14 ubuntu devstack@g-api.service[115377]: INFO glance.image_cache [None req-f91976b6-3ae1-4e30-ba33-241dd58b5426 None None] Image cache loaded driver 'centralized_db'.
Mar 26 13:25:14 ubuntu devstack@g-api.service[115376]: INFO glance.image_cache [None req-d3042203-926e-42f2-b8f6-17b7df81f998 None None] Image cache loaded driver 'centralized_db'.
Mar 26 13:25:14 ubuntu devstack@g-api.service[115376]: DEBUG glance.image_cache.drivers.centralized_db [None req-d3042203-926e-42f2-b8f6-17b7df81f998 None None] Node reference is already recorded, ignoring it {{(pid=115376) configure /opt/stack/glance/glance/image_cache/drivers/centralized_db.py:71}}
Mar 26 13:25:14 ubuntu devstack@g-api.service[115377]: DEBUG glance.image_cache.drivers.centralized_db [None req-f91976b6-3ae1-4e30-ba33-241dd58b5426 None None] Node reference is already recorded, ignoring it {{(pid=115377) configure /opt/stack/glance/glance/image_cache/drivers/centralized_db.py:71}}
Mar 26 13:25:14 ubuntu devstack@g-api.service[115376]: DEBUG glance.api.v2.cached_images [None req-d3042203-926e-42f2-b8f6-17b7df81f998 None None] Started cache worker thread {{(pid=115376) __init__ /opt/stack/glance/glance/api/v2/cached_images.py:69}}
Mar 26 13:25:14 ubuntu devstack@g-api.service[115376]: INFO glance.image_cache [None req-d3042203-926e-42f2-b8f6-17b7df81f998 None None] Image cache loaded driver 'centralized_db'.
Mar 26 13:25:14 ubuntu devstack@g-api.service[115377]: DEBUG glance.api.v2.cached_images [None req-f91976b6-3ae1-4e30-ba33-241dd58b5426 None None] Started cache worker thread {{(pid=115377) __init__ /opt/stack/glance/glance/api/v2/cached_images.py:69}}
Mar 26 13:25:14 ubuntu devstack@g-api.service[115377]: INFO glance.image_cache [None req-f91976b6-3ae1-4e30-ba33-241dd58b5426 None None] Image cache loaded driver 'centralized_db'.
Mar 26 13:25:14 ubuntu devstack@g-api.service[115376]: DEBUG glance.image_cache.drivers.centralized_db [None req-d3042203-926e-42f2-b8f6-17b7df81f998 None None] Node reference is already recorded, ignoring it {{(pid=115376) configure /opt/stack/glance/glance/image_cache/drivers/centralized_db.py:71}}
Mar 26 13:25:14 ubuntu devstack@g-api.service[115376]: INFO glance.api.middleware.cache_manage [None req-d3042203-926e-42f2-b8f6-17b7df81f998 None None] Initialized image cache management middleware
Mar 26 13:25:14 ubuntu devstack@g-api.service[115376]: INFO glance.image_cache [None req-d3042203-926e-42f2-b8f6-17b7df81f998 None None] Image cache loaded driver 'centralized_db'.
Mar 26 13:25:14 ubuntu devstack@g-api.service[115377]: DEBUG glance.image_cache.drivers.centralized_db [None req-f91976b6-3ae1-4e30-ba33-241dd58b5426 None None] Node reference is already recorded, ignoring it {{(pid=115377) configure /opt/stack/glance/glance/image_cache/drivers/centralized_db.py:71}}
Mar 26 13:25:14 ubuntu devstack@g-api.service[115376]: DEBUG glance.image_cache.drivers.centralized_db [None req-d3042203-926e-42f2-b8f6-17b7df81f998 None None] Node reference is already recorded, ignoring it {{(pid=115376) configure /opt/stack/glance/glance/image_cache/drivers/centralized_db.py:71}}
Mar 26 13:25:14 ubuntu devstack@g-api.service[115376]: INFO glance.api.middleware.cache [None req-d3042203-926e-42f2-b8f6-17b7df81f998 None None] Initialized image cache middleware
Mar 26 13:25:14 ubuntu devstack@g-api.service[115377]: INFO glance.api.middleware.cache_manage [None req-f91976b6-3ae1-4e30-ba33-241dd58b5426 None None] Initialized image cache management middleware
Mar 26 13:25:14 ubuntu devstack@g-api.service[115377]: INFO glance.image_cache [None req-f91976b6-3ae1-4e30-ba33-241dd58b5426 None None] Image cache loaded driver 'centralized_db'.
Mar 26 13:25:14 ubuntu devstack@g-api.service[115376]: WARNING keystonemiddleware.auth_token [None req-d3042203-926e-42f2-b8f6-17b7df81f998 None None] AuthToken middleware is set with keystone_authtoken.service_token_roles_required set to False. This is backwards compatible but deprecated behaviour. Please set this to True.
Mar 26 13:25:14 ubuntu devstack@g-api.service[115377]: DEBUG glance.image_cache.drivers.centralized_db [None req-f91976b6-3ae1-4e30-ba33-241dd58b5426 None None] Node reference is already recorded, ignoring it {{(pid=115377) configure /opt/stack/glance/glance/image_cache/drivers/centralized_db.py:71}}
Mar 26 13:25:14 ubuntu devstack@g-api.service[115376]: DEBUG glance.common.config [None req-d3042203-926e-42f2-b8f6-17b7df81f998 None None] ******************************************************************************** {{(pid=115376) log_opt_values /opt/stack/data/venv/lib/python3.12/site-packages/oslo_config/cfg.py:2979}}
Mar 26 13:25:14 ubuntu devstack@g-api.service[115376]: DEBUG glance.common.config [None req-d3042203-926e-42f2-b8f6-17b7df81f998 None None] Configuration options gathered from: {{(pid=115376) log_opt_values /opt/stack/data/venv/lib/python3.12/site-packages/oslo_config/cfg.py:2980}}
Mar 26 13:25:14 ubuntu devstack@g-api.service[115376]: DEBUG glance.common.config [None req-d3042203-926e-42f2-b8f6-17b7df81f998 None None] command line args: [] {{(pid=115376) log_opt_values /opt/stack/data/venv/lib/python3.12/site-packages/oslo_config/cfg.py:2981}}
Mar 26 13:25:14 ubuntu devstack@g-api.service[115376]: DEBUG glance.common.config [None req-d3042203-926e-42f2-b8f6-17b7df81f998 None None] config files: ['/etc/glance/glance-image-import.conf', '/etc/glance/glance-api.conf'] {{(pid=115376) log_opt_values /opt/stack/data/venv/lib/python3.12/site-packages/oslo_config/cfg.py:2982}}
Mar 26 13:25:14 ubuntu devstack@g-api.service[115376]: DEBUG glance.common.config [None req-d3042203-926e-42f2-b8f6-17b7df81f998 None None] ================================================================================ {{(pid=115376) log_opt_values /opt/stack/data/venv/lib/python3.12/site-packages/oslo_config/cfg.py:2987}}
Mar 26 13:25:14 ubuntu devstack@g-api.service[115376]: DEBUG glance.common.config [None req-d3042203-926e-42f2-b8f6-17b7df81f998 None None] allow_anonymous_access         = False {{(pid=115376) log_opt_values /opt/stack/data/venv/lib/python3.12/site-packages/oslo_config/cfg.py:2995}}
Mar 26 13:25:14 ubuntu devstack@g-api.service[115376]: DEBUG glance.common.config [None req-d3042203-926e-42f2-b8f6-17b7df81f998 None None] api_limit_max                  = 1000 {{(pid=115376) log_opt_values /opt/stack/data/venv/lib/python3.12/site-packages/oslo_config/cfg.py:2995}}
Mar 26 13:25:14 ubuntu devstack@g-api.service[115376]: DEBUG glance.common.config [None req-d3042203-926e-42f2-b8f6-17b7df81f998 None None] backlog                        = 4096 {{(pid=115376) log_opt_values /opt/stack/data/venv/lib/python3.12/site-packages/oslo_config/cfg.py:2995}}
Mar 26 13:25:14 ubuntu devstack@g-api.service[115376]: DEBUG glance.common.config [None req-d3042203-926e-42f2-b8f6-17b7df81f998 None None] bind_host                      = 0.0.0.0 {{(pid=115376) log_opt_values /opt/stack/data/venv/lib/python3.12/site-packages/oslo_config/cfg.py:2995}}
Mar 26 13:25:14 ubuntu devstack@g-api.service[115376]: DEBUG glance.common.config [None req-d3042203-926e-42f2-b8f6-17b7df81f998 None None] bind_port                      = None {{(pid=115376) log_opt_values /opt/stack/data/venv/lib/python3.12/site-packages/oslo_config/cfg.py:2995}}
Mar 26 13:25:14 ubuntu devstack@g-api.service[115376]: DEBUG glance.common.config [None req-d3042203-926e-42f2-b8f6-17b7df81f998 None None] client_socket_timeout          = 900 {{(pid=115376) log_opt_values /opt/stack/data/venv/lib/python3.12/site-packages/oslo_config/cfg.py:2995}}
Mar 26 13:25:14 ubuntu devstack@g-api.service[115376]: DEBUG glance.common.config [None req-d3042203-926e-42f2-b8f6-17b7df81f998 None None] config_dir                     = [] {{(pid=115376) log_opt_values /opt/stack/data/venv/lib/python3.12/site-packages/oslo_config/cfg.py:2995}}
Mar 26 13:25:14 ubuntu devstack@g-api.service[115376]: DEBUG glance.common.config [None req-d3042203-926e-42f2-b8f6-17b7df81f998 None None] config_file                    = ['/etc/glance/glance-image-import.conf', '/etc/glance/glance-api.conf'] {{(pid=115376) log_opt_values /opt/stack/data/venv/lib/python3.12/site-packages/oslo_config/cfg.py:2995}}
Mar 26 13:25:14 ubuntu devstack@g-api.service[115376]: DEBUG glance.common.config [None req-d3042203-926e-42f2-b8f6-17b7df81f998 None None] config_source                  = [] {{(pid=115376) log_opt_values /opt/stack/data/venv/lib/python3.12/site-packages/oslo_config/cfg.py:2995}}
Mar 26 13:25:14 ubuntu devstack@g-api.service[115376]: DEBUG glance.common.config [None req-d3042203-926e-42f2-b8f6-17b7df81f998 None None] control_exchange               = glance {{(pid=115376) log_opt_values /opt/stack/data/venv/lib/python3.12/site-packages/oslo_config/cfg.py:2995}}
Mar 26 13:25:14 ubuntu devstack@g-api.service[115376]: DEBUG glance.common.config [None req-d3042203-926e-42f2-b8f6-17b7df81f998 None None] debug                          = True {{(pid=115376) log_opt_values /opt/stack/data/venv/lib/python3.12/site-packages/oslo_config/cfg.py:2995}}
Mar 26 13:25:14 ubuntu devstack@g-api.service[115376]: DEBUG glance.common.config [None req-d3042203-926e-42f2-b8f6-17b7df81f998 None None] default_log_levels             = ['amqp=WARN', 'boto=WARN', 'sqlalchemy=WARN', 'suds=INFO', 'oslo.messaging=INFO', 'oslo_messaging=INFO', 'iso8601=WARN', 'requests.packages.urllib3.connectionpool=WARN', 'urllib3.connectionpool=WARN', 'websocket=WARN', 'requests.packages.urllib3.util.retry=WARN', 'urllib3.util.retry=WARN', 'keystonemiddleware=WARN', 'routes.middleware=WARN', 'stevedore=WARN', 'taskflow=WARN', 'keystoneauth=WARN', 'oslo.cache=INFO', 'oslo_policy=INFO', 'dogpile.core.dogpile=INFO'] {{(pid=115376) log_opt_values /opt/stack/data/venv/lib/python3.12/site-packages/oslo_config/cfg.py:2995}}
Mar 26 13:25:14 ubuntu devstack@g-api.service[115376]: DEBUG glance.common.config [None req-d3042203-926e-42f2-b8f6-17b7df81f998 None None] default_publisher_id           = image.localhost {{(pid=115376) log_opt_values /opt/stack/data/venv/lib/python3.12/site-packages/oslo_config/cfg.py:2995}}
Mar 26 13:25:14 ubuntu devstack@g-api.service[115376]: DEBUG glance.common.config [None req-d3042203-926e-42f2-b8f6-17b7df81f998 None None] delayed_delete                 = False {{(pid=115376) log_opt_values /opt/stack/data/venv/lib/python3.12/site-packages/oslo_config/cfg.py:2995}}
Mar 26 13:25:14 ubuntu devstack@g-api.service[115376]: DEBUG glance.common.config [None req-d3042203-926e-42f2-b8f6-17b7df81f998 None None] digest_algorithm               = sha256 {{(pid=115376) log_opt_values /opt/stack/data/venv/lib/python3.12/site-packages/oslo_config/cfg.py:2995}}
Mar 26 13:25:14 ubuntu devstack@g-api.service[115376]: DEBUG glance.common.config [None req-d3042203-926e-42f2-b8f6-17b7df81f998 None None] disabled_notifications         = [] {{(pid=115376) log_opt_values /opt/stack/data/venv/lib/python3.12/site-packages/oslo_config/cfg.py:2995}}
Mar 26 13:25:14 ubuntu devstack@g-api.service[115376]: DEBUG glance.common.config [None req-d3042203-926e-42f2-b8f6-17b7df81f998 None None] do_secure_hash                 = True {{(pid=115376) log_opt_values /opt/stack/data/venv/lib/python3.12/site-packages/oslo_config/cfg.py:2995}}
Mar 26 13:25:14 ubuntu devstack@g-api.service[115376]: DEBUG glance.common.config [None req-d3042203-926e-42f2-b8f6-17b7df81f998 None None] enabled_backends               = None {{(pid=115376) log_opt_values /opt/stack/data/venv/lib/python3.12/site-packages/oslo_config/cfg.py:2995}}
Mar 26 13:25:14 ubuntu devstack@g-api.service[115376]: DEBUG glance.common.config [None req-d3042203-926e-42f2-b8f6-17b7df81f998 None None] enabled_import_methods         = ['glance-direct', 'web-download', 'copy-image'] {{(pid=115376) log_opt_values /opt/stack/data/venv/lib/python3.12/site-packages/oslo_config/cfg.py:2995}}
Mar 26 13:25:14 ubuntu devstack@g-api.service[115376]: DEBUG glance.common.config [None req-d3042203-926e-42f2-b8f6-17b7df81f998 None None] hashing_algorithm              = sha512 {{(pid=115376) log_opt_values /opt/stack/data/venv/lib/python3.12/site-packages/oslo_config/cfg.py:2995}}
Mar 26 13:25:14 ubuntu devstack@g-api.service[115376]: DEBUG glance.common.config [None req-d3042203-926e-42f2-b8f6-17b7df81f998 None None] http_keepalive                 = True {{(pid=115376) log_opt_values /opt/stack/data/venv/lib/python3.12/site-packages/oslo_config/cfg.py:2995}}
Mar 26 13:25:14 ubuntu devstack@g-api.service[115376]: DEBUG glance.common.config [None req-d3042203-926e-42f2-b8f6-17b7df81f998 None None] http_retries                   = 3 {{(pid=115376) log_opt_values /opt/stack/data/venv/lib/python3.12/site-packages/oslo_config/cfg.py:2995}}
Mar 26 13:25:14 ubuntu devstack@g-api.service[115376]: DEBUG glance.common.config [None req-d3042203-926e-42f2-b8f6-17b7df81f998 None None] image_cache_dir                = /opt/stack/data/glance/cache/ {{(pid=115376) log_opt_values /opt/stack/data/venv/lib/python3.12/site-packages/oslo_config/cfg.py:2995}}
Mar 26 13:25:14 ubuntu devstack@g-api.service[115376]: DEBUG glance.common.config [None req-d3042203-926e-42f2-b8f6-17b7df81f998 None None] image_cache_driver             = centralized_db {{(pid=115376) log_opt_values /opt/stack/data/venv/lib/python3.12/site-packages/oslo_config/cfg.py:2995}}
Mar 26 13:25:14 ubuntu devstack@g-api.service[115376]: DEBUG glance.common.config [None req-d3042203-926e-42f2-b8f6-17b7df81f998 None None] image_cache_max_size           = 10737418240 {{(pid=115376) log_opt_values /opt/stack/data/venv/lib/python3.12/site-packages/oslo_config/cfg.py:2995}}
Mar 26 13:25:14 ubuntu devstack@g-api.service[115376]: DEBUG glance.common.config [None req-d3042203-926e-42f2-b8f6-17b7df81f998 None None] image_cache_sqlite_db          = cache.db {{(pid=115376) log_opt_values /opt/stack/data/venv/lib/python3.12/site-packages/oslo_config/cfg.py:2995}}
Mar 26 13:25:14 ubuntu devstack@g-api.service[115376]: DEBUG glance.common.config [None req-d3042203-926e-42f2-b8f6-17b7df81f998 None None] image_cache_stall_time         = 86400 {{(pid=115376) log_opt_values /opt/stack/data/venv/lib/python3.12/site-packages/oslo_config/cfg.py:2995}}
Mar 26 13:25:14 ubuntu devstack@g-api.service[115376]: DEBUG glance.common.config [None req-d3042203-926e-42f2-b8f6-17b7df81f998 None None] image_location_quota           = 10 {{(pid=115376) log_opt_values /opt/stack/data/venv/lib/python3.12/site-packages/oslo_config/cfg.py:2995}}
Mar 26 13:25:14 ubuntu devstack@g-api.service[115376]: DEBUG glance.common.config [None req-d3042203-926e-42f2-b8f6-17b7df81f998 None None] image_member_quota             = 128 {{(pid=115376) log_opt_values /opt/stack/data/venv/lib/python3.12/site-packages/oslo_config/cfg.py:2995}}
Mar 26 13:25:14 ubuntu devstack@g-api.service[115376]: DEBUG glance.common.config [None req-d3042203-926e-42f2-b8f6-17b7df81f998 None None] image_property_quota           = 128 {{(pid=115376) log_opt_values /opt/stack/data/venv/lib/python3.12/site-packages/oslo_config/cfg.py:2995}}
Mar 26 13:25:14 ubuntu devstack@g-api.service[115376]: DEBUG glance.common.config [None req-d3042203-926e-42f2-b8f6-17b7df81f998 None None] image_size_cap                 = 1099511627776 {{(pid=115376) log_opt_values /opt/stack/data/venv/lib/python3.12/site-packages/oslo_config/cfg.py:2995}}
Mar 26 13:25:14 ubuntu devstack@g-api.service[115376]: DEBUG glance.common.config [None req-d3042203-926e-42f2-b8f6-17b7df81f998 None None] image_tag_quota                = 128 {{(pid=115376) log_opt_values /opt/stack/data/venv/lib/python3.12/site-packages/oslo_config/cfg.py:2995}}
Mar 26 13:25:14 ubuntu devstack@g-api.service[115376]: DEBUG glance.common.config [None req-d3042203-926e-42f2-b8f6-17b7df81f998 None None] instance_format                = [instance: %(uuid)s]  {{(pid=115376) log_opt_values /opt/stack/data/venv/lib/python3.12/site-packages/oslo_config/cfg.py:2995}}
Mar 26 13:25:14 ubuntu devstack@g-api.service[115376]: DEBUG glance.common.config [None req-d3042203-926e-42f2-b8f6-17b7df81f998 None None] instance_uuid_format           = [instance: %(uuid)s]  {{(pid=115376) log_opt_values /opt/stack/data/venv/lib/python3.12/site-packages/oslo_config/cfg.py:2995}}
Mar 26 13:25:14 ubuntu devstack@g-api.service[115376]: DEBUG glance.common.config [None req-d3042203-926e-42f2-b8f6-17b7df81f998 None None] limit_param_default            = 25 {{(pid=115376) log_opt_values /opt/stack/data/venv/lib/python3.12/site-packages/oslo_config/cfg.py:2995}}
Mar 26 13:25:14 ubuntu devstack@g-api.service[115376]: DEBUG glance.common.config [None req-d3042203-926e-42f2-b8f6-17b7df81f998 None None] log_color                      = True {{(pid=115376) log_opt_values /opt/stack/data/venv/lib/python3.12/site-packages/oslo_config/cfg.py:2995}}
Mar 26 13:25:14 ubuntu devstack@g-api.service[115377]: INFO glance.api.middleware.cache [None req-f91976b6-3ae1-4e30-ba33-241dd58b5426 None None] Initialized image cache middleware
Mar 26 13:25:14 ubuntu devstack@g-api.service[115376]: DEBUG glance.common.config [None req-d3042203-926e-42f2-b8f6-17b7df81f998 None None] log_config_append              = None {{(pid=115376) log_opt_values /opt/stack/data/venv/lib/python3.12/site-packages/oslo_config/cfg.py:2995}}
Mar 26 13:25:14 ubuntu devstack@g-api.service[115376]: DEBUG glance.common.config [None req-d3042203-926e-42f2-b8f6-17b7df81f998 None None] log_date_format                = %Y-%m-%d %H:%M:%S {{(pid=115376) log_opt_values /opt/stack/data/venv/lib/python3.12/site-packages/oslo_config/cfg.py:2995}}
Mar 26 13:25:14 ubuntu devstack@g-api.service[115376]: DEBUG glance.common.config [None req-d3042203-926e-42f2-b8f6-17b7df81f998 None None] log_dir                        = None {{(pid=115376) log_opt_values /opt/stack/data/venv/lib/python3.12/site-packages/oslo_config/cfg.py:2995}}
Mar 26 13:25:14 ubuntu devstack@g-api.service[115376]: DEBUG glance.common.config [None req-d3042203-926e-42f2-b8f6-17b7df81f998 None None] log_file                       = None {{(pid=115376) log_opt_values /opt/stack/data/venv/lib/python3.12/site-packages/oslo_config/cfg.py:2995}}
Mar 26 13:25:14 ubuntu devstack@g-api.service[115376]: DEBUG glance.common.config [None req-d3042203-926e-42f2-b8f6-17b7df81f998 None None] log_rotate_interval            = 1 {{(pid=115376) log_opt_values /opt/stack/data/venv/lib/python3.12/site-packages/oslo_config/cfg.py:2995}}
Mar 26 13:25:14 ubuntu devstack@g-api.service[115376]: DEBUG glance.common.config [None req-d3042203-926e-42f2-b8f6-17b7df81f998 None None] log_rotate_interval_type       = days {{(pid=115376) log_opt_values /opt/stack/data/venv/lib/python3.12/site-packages/oslo_config/cfg.py:2995}}
Mar 26 13:25:14 ubuntu devstack@g-api.service[115376]: DEBUG glance.common.config [None req-d3042203-926e-42f2-b8f6-17b7df81f998 None None] log_rotation_type              = none {{(pid=115376) log_opt_values /opt/stack/data/venv/lib/python3.12/site-packages/oslo_config/cfg.py:2995}}
Mar 26 13:25:14 ubuntu devstack@g-api.service[115376]: DEBUG glance.common.config [None req-d3042203-926e-42f2-b8f6-17b7df81f998 None None] logging_context_format_string  = %(color)s%(levelname)s %(name)s [%(global_request_id)s %(request_id)s %(project_name)s %(user_name)s%(color)s] %(instance)s%(color)s%(message)s {{(pid=115376) log_opt_values /opt/stack/data/venv/lib/python3.12/site-packages/oslo_config/cfg.py:2995}}
Mar 26 13:25:14 ubuntu devstack@g-api.service[115376]: DEBUG glance.common.config [None req-d3042203-926e-42f2-b8f6-17b7df81f998 None None] logging_debug_format_suffix    = {{(pid=%(process)d) %(funcName)s %(pathname)s:%(lineno)d}} {{(pid=115376) log_opt_values /opt/stack/data/venv/lib/python3.12/site-packages/oslo_config/cfg.py:2995}}
Mar 26 13:25:14 ubuntu devstack@g-api.service[115376]: DEBUG glance.common.config [None req-d3042203-926e-42f2-b8f6-17b7df81f998 None None] logging_default_format_string  = %(color)s%(levelname)s %(name)s [-%(color)s] %(instance)s%(color)s%(message)s {{(pid=115376) log_opt_values /opt/stack/data/venv/lib/python3.12/site-packages/oslo_config/cfg.py:2995}}
Mar 26 13:25:14 ubuntu devstack@g-api.service[115376]: DEBUG glance.common.config [None req-d3042203-926e-42f2-b8f6-17b7df81f998 None None] logging_exception_prefix       = ERROR %(name)s %(instance)s {{(pid=115376) log_opt_values /opt/stack/data/venv/lib/python3.12/site-packages/oslo_config/cfg.py:2995}}
Mar 26 13:25:14 ubuntu devstack@g-api.service[115376]: DEBUG glance.common.config [None req-d3042203-926e-42f2-b8f6-17b7df81f998 None None] logging_user_identity_format   = %(user)s %(project)s %(domain)s %(system_scope)s %(user_domain)s %(project_domain)s {{(pid=115376) log_opt_values /opt/stack/data/venv/lib/python3.12/site-packages/oslo_config/cfg.py:2995}}
Mar 26 13:25:14 ubuntu devstack@g-api.service[115376]: DEBUG glance.common.config [None req-d3042203-926e-42f2-b8f6-17b7df81f998 None None] max_header_line                = 16384 {{(pid=115376) log_opt_values /opt/stack/data/venv/lib/python3.12/site-packages/oslo_config/cfg.py:2995}}
Mar 26 13:25:14 ubuntu devstack@g-api.service[115376]: DEBUG glance.common.config [None req-d3042203-926e-42f2-b8f6-17b7df81f998 None None] max_logfile_count              = 30 {{(pid=115376) log_opt_values /opt/stack/data/venv/lib/python3.12/site-packages/oslo_config/cfg.py:2995}}
Mar 26 13:25:14 ubuntu devstack@g-api.service[115376]: DEBUG glance.common.config [None req-d3042203-926e-42f2-b8f6-17b7df81f998 None None] max_logfile_size_mb            = 200 {{(pid=115376) log_opt_values /opt/stack/data/venv/lib/python3.12/site-packages/oslo_config/cfg.py:2995}}
Mar 26 13:25:14 ubuntu devstack@g-api.service[115376]: DEBUG glance.common.config [None req-d3042203-926e-42f2-b8f6-17b7df81f998 None None] max_request_id_length          = 64 {{(pid=115376) log_opt_values /opt/stack/data/venv/lib/python3.12/site-packages/oslo_config/cfg.py:2995}}
Mar 26 13:25:14 ubuntu devstack@g-api.service[115376]: DEBUG glance.common.config [None req-d3042203-926e-42f2-b8f6-17b7df81f998 None None] metadata_encryption_key        = **** {{(pid=115376) log_opt_values /opt/stack/data/venv/lib/python3.12/site-packages/oslo_config/cfg.py:2995}}
Mar 26 13:25:14 ubuntu devstack@g-api.service[115376]: DEBUG glance.common.config [None req-d3042203-926e-42f2-b8f6-17b7df81f998 None None] node_staging_uri               = file:///tmp/staging/ {{(pid=115376) log_opt_values /opt/stack/data/venv/lib/python3.12/site-packages/oslo_config/cfg.py:2995}}
Mar 26 13:25:14 ubuntu devstack@g-api.service[115376]: DEBUG glance.common.config [None req-d3042203-926e-42f2-b8f6-17b7df81f998 None None] property_protection_file       = None {{(pid=115376) log_opt_values /opt/stack/data/venv/lib/python3.12/site-packages/oslo_config/cfg.py:2995}}
Mar 26 13:25:14 ubuntu devstack@g-api.service[115376]: DEBUG glance.common.config [None req-d3042203-926e-42f2-b8f6-17b7df81f998 None None] property_protection_rule_format = roles {{(pid=115376) log_opt_values /opt/stack/data/venv/lib/python3.12/site-packages/oslo_config/cfg.py:2995}}
Mar 26 13:25:14 ubuntu devstack@g-api.service[115376]: DEBUG glance.common.config [None req-d3042203-926e-42f2-b8f6-17b7df81f998 None None] public_endpoint                = http://10.201.5.127/image {{(pid=115376) log_opt_values /opt/stack/data/venv/lib/python3.12/site-packages/oslo_config/cfg.py:2995}}
Mar 26 13:25:14 ubuntu devstack@g-api.service[115376]: DEBUG glance.common.config [None req-d3042203-926e-42f2-b8f6-17b7df81f998 None None] publish_errors                 = False {{(pid=115376) log_opt_values /opt/stack/data/venv/lib/python3.12/site-packages/oslo_config/cfg.py:2995}}
Mar 26 13:25:14 ubuntu devstack@g-api.service[115376]: DEBUG glance.common.config [None req-d3042203-926e-42f2-b8f6-17b7df81f998 None None] pydev_worker_debug_host        = None {{(pid=115376) log_opt_values /opt/stack/data/venv/lib/python3.12/site-packages/oslo_config/cfg.py:2995}}
Mar 26 13:25:14 ubuntu devstack@g-api.service[115376]: DEBUG glance.common.config [None req-d3042203-926e-42f2-b8f6-17b7df81f998 None None] pydev_worker_debug_port        = 5678 {{(pid=115376) log_opt_values /opt/stack/data/venv/lib/python3.12/site-packages/oslo_config/cfg.py:2995}}
Mar 26 13:25:14 ubuntu devstack@g-api.service[115376]: DEBUG glance.common.config [None req-d3042203-926e-42f2-b8f6-17b7df81f998 None None] rate_limit_burst               = 0 {{(pid=115376) log_opt_values /opt/stack/data/venv/lib/python3.12/site-packages/oslo_config/cfg.py:2995}}
Mar 26 13:25:14 ubuntu devstack@g-api.service[115376]: DEBUG glance.common.config [None req-d3042203-926e-42f2-b8f6-17b7df81f998 None None] rate_limit_except_level        = CRITICAL {{(pid=115376) log_opt_values /opt/stack/data/venv/lib/python3.12/site-packages/oslo_config/cfg.py:2995}}
Mar 26 13:25:14 ubuntu devstack@g-api.service[115376]: DEBUG glance.common.config [None req-d3042203-926e-42f2-b8f6-17b7df81f998 None None] rate_limit_interval            = 0 {{(pid=115376) log_opt_values /opt/stack/data/venv/lib/python3.12/site-packages/oslo_config/cfg.py:2995}}
Mar 26 13:25:14 ubuntu devstack@g-api.service[115376]: DEBUG glance.common.config [None req-d3042203-926e-42f2-b8f6-17b7df81f998 None None] scrub_pool_size                = 1 {{(pid=115376) log_opt_values /opt/stack/data/venv/lib/python3.12/site-packages/oslo_config/cfg.py:2995}}
Mar 26 13:25:14 ubuntu devstack@g-api.service[115376]: DEBUG glance.common.config [None req-d3042203-926e-42f2-b8f6-17b7df81f998 None None] scrub_time                     = 0 {{(pid=115376) log_opt_values /opt/stack/data/venv/lib/python3.12/site-packages/oslo_config/cfg.py:2995}}
