Jan 15 15:14:48 jammy-provider-cloud-0000007940 devstack@keystone.service[60661]: ERROR keystone.server.flask.application   File "/opt/stack/keystone/keystone/api/domains.py", line 181, in post
Jan 15 15:14:48 jammy-provider-cloud-0000007940 devstack@keystone.service[60661]: ERROR keystone.server.flask.application     ref = PROVIDERS.resource_api.create_domain(
Jan 15 15:14:48 jammy-provider-cloud-0000007940 devstack@keystone.service[60661]: ERROR keystone.server.flask.application   File "/opt/stack/keystone/keystone/common/manager.py", line 114, in wrapped
Jan 15 15:14:48 jammy-provider-cloud-0000007940 devstack@keystone.service[60661]: ERROR keystone.server.flask.application     __ret_val = __f(*args, **kwargs)
Jan 15 15:14:48 jammy-provider-cloud-0000007940 devstack@keystone.service[60661]: ERROR keystone.server.flask.application   File "/opt/stack/keystone/keystone/resource/core.py", line 867, in create_domain
Jan 15 15:14:48 jammy-provider-cloud-0000007940 devstack@keystone.service[60661]: ERROR keystone.server.flask.application     is_domain_project = self.create_project(
Jan 15 15:14:48 jammy-provider-cloud-0000007940 devstack@keystone.service[60661]: ERROR keystone.server.flask.application   File "/opt/stack/keystone/keystone/common/manager.py", line 114, in wrapped
Jan 15 15:14:48 jammy-provider-cloud-0000007940 devstack@keystone.service[60661]: ERROR keystone.server.flask.application     __ret_val = __f(*args, **kwargs)
Jan 15 15:14:48 jammy-provider-cloud-0000007940 devstack@keystone.service[60661]: ERROR keystone.server.flask.application   File "/opt/stack/keystone/keystone/resource/core.py", line 252, in create_project
Jan 15 15:14:48 jammy-provider-cloud-0000007940 devstack@keystone.service[60661]: ERROR keystone.server.flask.application     raise exception.Conflict(
Jan 15 15:14:48 jammy-provider-cloud-0000007940 devstack@keystone.service[60661]: ERROR keystone.server.flask.application keystone.exception.Conflict: Conflict occurred attempting to store project - it is not permitted to have two projects acting as domains with the same name: Default.
Jan 15 15:14:48 jammy-provider-cloud-0000007940 devstack@keystone.service[60661]: ERROR keystone.server.flask.application 
Jan 15 15:14:48 jammy-provider-cloud-0000007940 devstack@keystone.service[60660]: DEBUG keystone.server.flask.request_processing.middleware.auth_context [None req-08a41a58-e6f5-494c-8ad1-28ed79c4d3f1 None admin] Validating token access rules against request {{(pid=60660) validate_allowed_request /opt/stack/data/venv/lib/python3.10/site-packages/keystonemiddleware/auth_token/__init__.py:544}}
Jan 15 15:14:48 jammy-provider-cloud-0000007940 devstack@keystone.service[60661]: [pid: 60661|app: 0|req: 9/16] 10.201.5.87 () {60 vars in 1129 bytes} [Wed Jan 15 15:14:48 2025] POST /identity/v3/domains => generated 190 bytes in 94 msecs (HTTP/1.1 409) 5 headers in 183 bytes (1 switches on core 0)
Jan 15 15:14:48 jammy-provider-cloud-0000007940 devstack@keystone.service[60661]: DEBUG keystone.server.flask.request_processing.middleware.auth_context [None req-51beb3a4-3762-48b4-b9e5-a3800532d938 None admin] Authenticating user token {{(pid=60661) process_request /opt/stack/data/venv/lib/python3.10/site-packages/keystonemiddleware/auth_token/__init__.py:406}}
Jan 15 15:14:48 jammy-provider-cloud-0000007940 devstack@keystone.service[60660]: DEBUG keystone.server.flask.request_processing.middleware.auth_context [None req-71931652-98cb-4a4e-91d1-916daa42a54b None admin] RBAC: auth_context: {'token': <TokenModel (audit_id=l3KiQFy-TG6r8VEL_vZ2QQ, audit_chain_id=['l3KiQFy-TG6r8VEL_vZ2QQ']) at 0x7ff7af862f50>, 'domain_id': None, 'trust_id': None, 'trustor_id': None, 'trustee_id': None, 'domain_name': None, 'group_ids': [], 'user_id': 'c8a9f2231a6748008e32e031768f587b', 'user_domain_id': 'default', 'system_scope': 'all', 'project_id': None, 'project_domain_id': None, 'roles': ['admin', 'manager', 'member', 'reader'], 'is_admin_project': True, 'service_user_id': None, 'service_user_domain_id': None, 'service_project_id': None, 'service_project_domain_id': None, 'service_roles': []} {{(pid=60660) fill_context /opt/stack/keystone/keystone/server/flask/request_processing/middleware/auth_context.py:506}}
Jan 15 15:14:48 jammy-provider-cloud-0000007940 devstack@keystone.service[60660]: DEBUG keystone.server.flask.request_processing.req_logging [None req-71931652-98cb-4a4e-91d1-916daa42a54b None admin] REQUEST_METHOD: `GET` {{(pid=60660) log_request_info /opt/stack/keystone/keystone/server/flask/request_processing/req_logging.py:26}}
Jan 15 15:14:48 jammy-provider-cloud-0000007940 devstack@keystone.service[60660]: DEBUG keystone.server.flask.request_processing.req_logging [None req-71931652-98cb-4a4e-91d1-916daa42a54b None admin] SCRIPT_NAME: `/identity` {{(pid=60660) log_request_info /opt/stack/keystone/keystone/server/flask/request_processing/req_logging.py:27}}
Jan 15 15:14:48 jammy-provider-cloud-0000007940 devstack@keystone.service[60660]: DEBUG keystone.server.flask.request_processing.req_logging [None req-71931652-98cb-4a4e-91d1-916daa42a54b None admin] PATH_INFO: `/v3/users/c8a9f2231a6748008e32e031768f587b` {{(pid=60660) log_request_info /opt/stack/keystone/keystone/server/flask/request_processing/req_logging.py:28}}
Jan 15 15:14:48 jammy-provider-cloud-0000007940 devstack@keystone.service[60660]: DEBUG keystone.common.rbac_enforcer.enforcer [None req-71931652-98cb-4a4e-91d1-916daa42a54b None admin] RBAC: Authorizing `identity:get_user(user_id=c8a9f2231a6748008e32e031768f587b)` {{(pid=60660) enforce_call /opt/stack/keystone/keystone/common/rbac_enforcer/enforcer.py:495}}
Jan 15 15:14:48 jammy-provider-cloud-0000007940 devstack@keystone.service[60660]: DEBUG keystone.common.rbac_enforcer.enforcer [None req-71931652-98cb-4a4e-91d1-916daa42a54b None admin] RBAC: Authorization granted {{(pid=60660) enforce_call /opt/stack/keystone/keystone/common/rbac_enforcer/enforcer.py:506}}
Jan 15 15:14:48 jammy-provider-cloud-0000007940 devstack@keystone.service[60660]: [pid: 60660|app: 0|req: 8/17] 10.201.5.87 () {56 vars in 1169 bytes} [Wed Jan 15 15:14:48 2025] GET /identity/v3/users/c8a9f2231a6748008e32e031768f587b => generated 247 bytes in 64 msecs (HTTP/1.1 200) 5 headers in 177 bytes (1 switches on core 0)
Jan 15 15:14:48 jammy-provider-cloud-0000007940 devstack@keystone.service[60660]: DEBUG keystone.server.flask.request_processing.middleware.auth_context [None req-71931652-98cb-4a4e-91d1-916daa42a54b None admin] Authenticating user token {{(pid=60660) process_request /opt/stack/data/venv/lib/python3.10/site-packages/keystonemiddleware/auth_token/__init__.py:406}}
Jan 15 15:14:48 jammy-provider-cloud-0000007940 devstack@keystone.service[60661]: DEBUG keystone.server.flask.request_processing.middleware.auth_context [None req-51beb3a4-3762-48b4-b9e5-a3800532d938 None admin] Validating token access rules against request {{(pid=60661) validate_allowed_request /opt/stack/data/venv/lib/python3.10/site-packages/keystonemiddleware/auth_token/__init__.py:544}}
Jan 15 15:14:48 jammy-provider-cloud-0000007940 devstack@keystone.service[60660]: DEBUG keystone.server.flask.request_processing.middleware.auth_context [None req-71931652-98cb-4a4e-91d1-916daa42a54b None admin] Validating token access rules against request {{(pid=60660) validate_allowed_request /opt/stack/data/venv/lib/python3.10/site-packages/keystonemiddleware/auth_token/__init__.py:544}}
Jan 15 15:14:48 jammy-provider-cloud-0000007940 devstack@keystone.service[60661]: DEBUG keystone.server.flask.request_processing.middleware.auth_context [None req-3b85f503-e9b4-4356-93ad-b51c2a493ce9 None admin] RBAC: auth_context: {'token': <TokenModel (audit_id=rbiukRWbTcqly4FHvCLHRQ, audit_chain_id=['rbiukRWbTcqly4FHvCLHRQ']) at 0x7ff7af96e380>, 'domain_id': None, 'trust_id': None, 'trustor_id': None, 'trustee_id': None, 'domain_name': None, 'group_ids': [], 'user_id': 'c8a9f2231a6748008e32e031768f587b', 'user_domain_id': 'default', 'system_scope': 'all', 'project_id': None, 'project_domain_id': None, 'roles': ['admin', 'manager', 'member', 'reader'], 'is_admin_project': True, 'service_user_id': None, 'service_user_domain_id': None, 'service_project_id': None, 'service_project_domain_id': None, 'service_roles': []} {{(pid=60661) fill_context /opt/stack/keystone/keystone/server/flask/request_processing/middleware/auth_context.py:506}}
Jan 15 15:14:48 jammy-provider-cloud-0000007940 devstack@keystone.service[60661]: DEBUG keystone.server.flask.request_processing.req_logging [None req-3b85f503-e9b4-4356-93ad-b51c2a493ce9 None admin] REQUEST_METHOD: `GET` {{(pid=60661) log_request_info /opt/stack/keystone/keystone/server/flask/request_processing/req_logging.py:26}}
Jan 15 15:14:48 jammy-provider-cloud-0000007940 devstack@keystone.service[60661]: DEBUG keystone.server.flask.request_processing.req_logging [None req-3b85f503-e9b4-4356-93ad-b51c2a493ce9 None admin] SCRIPT_NAME: `/identity` {{(pid=60661) log_request_info /opt/stack/keystone/keystone/server/flask/request_processing/req_logging.py:27}}
Jan 15 15:14:48 jammy-provider-cloud-0000007940 devstack@keystone.service[60661]: DEBUG keystone.server.flask.request_processing.req_logging [None req-3b85f503-e9b4-4356-93ad-b51c2a493ce9 None admin] PATH_INFO: `/v3/domains/Default` {{(pid=60661) log_request_info /opt/stack/keystone/keystone/server/flask/request_processing/req_logging.py:28}}
Jan 15 15:14:48 jammy-provider-cloud-0000007940 devstack@keystone.service[60661]: DEBUG keystone.common.rbac_enforcer.enforcer [None req-3b85f503-e9b4-4356-93ad-b51c2a493ce9 None admin] RBAC: Authorizing `identity:get_domain(domain_id=Default)` {{(pid=60661) enforce_call /opt/stack/keystone/keystone/common/rbac_enforcer/enforcer.py:495}}
Jan 15 15:14:48 jammy-provider-cloud-0000007940 devstack@keystone.service[60661]: DEBUG keystone.common.rbac_enforcer.enforcer [None req-3b85f503-e9b4-4356-93ad-b51c2a493ce9 None admin] RBAC: Authorization granted {{(pid=60661) enforce_call /opt/stack/keystone/keystone/common/rbac_enforcer/enforcer.py:506}}
Jan 15 15:14:48 jammy-provider-cloud-0000007940 devstack@keystone.service[60660]: DEBUG keystone.server.flask.request_processing.middleware.auth_context [None req-2bc1c2b8-d605-4387-bb4c-115393fd4ce1 None admin] RBAC: auth_context: {'token': <TokenModel (audit_id=l3KiQFy-TG6r8VEL_vZ2QQ, audit_chain_id=['l3KiQFy-TG6r8VEL_vZ2QQ']) at 0x7ff7af8508e0>, 'domain_id': None, 'trust_id': None, 'trustor_id': None, 'trustee_id': None, 'domain_name': None, 'group_ids': [], 'user_id': 'c8a9f2231a6748008e32e031768f587b', 'user_domain_id': 'default', 'system_scope': 'all', 'project_id': None, 'project_domain_id': None, 'roles': ['admin', 'manager', 'member', 'reader'], 'is_admin_project': True, 'service_user_id': None, 'service_user_domain_id': None, 'service_project_id': None, 'service_project_domain_id': None, 'service_roles': []} {{(pid=60660) fill_context /opt/stack/keystone/keystone/server/flask/request_processing/middleware/auth_context.py:506}}
Jan 15 15:14:48 jammy-provider-cloud-0000007940 devstack@keystone.service[60660]: DEBUG keystone.server.flask.request_processing.req_logging [None req-2bc1c2b8-d605-4387-bb4c-115393fd4ce1 None admin] REQUEST_METHOD: `GET` {{(pid=60660) log_request_info /opt/stack/keystone/keystone/server/flask/request_processing/req_logging.py:26}}
Jan 15 15:14:48 jammy-provider-cloud-0000007940 devstack@keystone.service[60660]: DEBUG keystone.server.flask.request_processing.req_logging [None req-2bc1c2b8-d605-4387-bb4c-115393fd4ce1 None admin] SCRIPT_NAME: `/identity` {{(pid=60660) log_request_info /opt/stack/keystone/keystone/server/flask/request_processing/req_logging.py:27}}
Jan 15 15:14:48 jammy-provider-cloud-0000007940 devstack@keystone.service[60660]: DEBUG keystone.server.flask.request_processing.req_logging [None req-2bc1c2b8-d605-4387-bb4c-115393fd4ce1 None admin] PATH_INFO: `/v3/domains/default` {{(pid=60660) log_request_info /opt/stack/keystone/keystone/server/flask/request_processing/req_logging.py:28}}
Jan 15 15:14:48 jammy-provider-cloud-0000007940 devstack@keystone.service[60660]: DEBUG keystone.common.rbac_enforcer.enforcer [None req-2bc1c2b8-d605-4387-bb4c-115393fd4ce1 None admin] RBAC: Authorizing `identity:get_domain(domain_id=default)` {{(pid=60660) enforce_call /opt/stack/keystone/keystone/common/rbac_enforcer/enforcer.py:495}}
Jan 15 15:14:48 jammy-provider-cloud-0000007940 devstack@keystone.service[60660]: DEBUG keystone.common.rbac_enforcer.enforcer [None req-2bc1c2b8-d605-4387-bb4c-115393fd4ce1 None admin] RBAC: Authorization granted {{(pid=60660) enforce_call /opt/stack/keystone/keystone/common/rbac_enforcer/enforcer.py:506}}
Jan 15 15:14:48 jammy-provider-cloud-0000007940 devstack@keystone.service[60661]: DEBUG keystone.server.flask.application [None req-3b85f503-e9b4-4356-93ad-b51c2a493ce9 None admin] Could not find domain: Default. {{(pid=60661) _handle_keystone_exception /opt/stack/keystone/keystone/server/flask/application.py:152}}
Jan 15 15:14:48 jammy-provider-cloud-0000007940 devstack@keystone.service[60661]: [pid: 60661|app: 0|req: 10/19] 10.201.5.87 () {56 vars in 1100 bytes} [Wed Jan 15 15:14:48 2025] GET /identity/v3/domains/Default => generated 87 bytes in 81 msecs (HTTP/1.1 404) 5 headers in 183 bytes (1 switches on core 0)
Jan 15 15:14:48 jammy-provider-cloud-0000007940 devstack@keystone.service[60661]: DEBUG keystone.server.flask.request_processing.middleware.auth_context [None req-3b85f503-e9b4-4356-93ad-b51c2a493ce9 None admin] Authenticating user token {{(pid=60661) process_request /opt/stack/data/venv/lib/python3.10/site-packages/keystonemiddleware/auth_token/__init__.py:406}}
Jan 15 15:14:48 jammy-provider-cloud-0000007940 devstack@keystone.service[60660]: [pid: 60660|app: 0|req: 9/19] 10.201.5.87 () {56 vars in 1100 bytes} [Wed Jan 15 15:14:48 2025] GET /identity/v3/domains/default => generated 199 bytes in 63 msecs (HTTP/1.1 200) 5 headers in 177 bytes (1 switches on core 0)
Jan 15 15:14:48 jammy-provider-cloud-0000007940 devstack@keystone.service[60660]: DEBUG keystone.server.flask.request_processing.middleware.auth_context [None req-2bc1c2b8-d605-4387-bb4c-115393fd4ce1 None admin] Authenticating user token {{(pid=60660) process_request /opt/stack/data/venv/lib/python3.10/site-packages/keystonemiddleware/auth_token/__init__.py:406}}
Jan 15 15:14:48 jammy-provider-cloud-0000007940 devstack@keystone.service[60660]: DEBUG keystone.server.flask.request_processing.middleware.auth_context [None req-2bc1c2b8-d605-4387-bb4c-115393fd4ce1 None admin] Validating token access rules against request {{(pid=60660) validate_allowed_request /opt/stack/data/venv/lib/python3.10/site-packages/keystonemiddleware/auth_token/__init__.py:544}}
Jan 15 15:14:48 jammy-provider-cloud-0000007940 devstack@keystone.service[60661]: DEBUG keystone.server.flask.request_processing.middleware.auth_context [None req-3b85f503-e9b4-4356-93ad-b51c2a493ce9 None admin] Validating token access rules against request {{(pid=60661) validate_allowed_request /opt/stack/data/venv/lib/python3.10/site-packages/keystonemiddleware/auth_token/__init__.py:544}}
Jan 15 15:14:48 jammy-provider-cloud-0000007940 devstack@keystone.service[60660]: DEBUG keystone.server.flask.request_processing.middleware.auth_context [None req-930d23ef-b353-4135-b2ba-18f272ed6247 None admin] RBAC: auth_context: {'token': <TokenModel (audit_id=rbiukRWbTcqly4FHvCLHRQ, audit_chain_id=['rbiukRWbTcqly4FHvCLHRQ']) at 0x7ff7afa0cc70>, 'domain_id': None, 'trust_id': None, 'trustor_id': None, 'trustee_id': None, 'domain_name': None, 'group_ids': [], 'user_id': 'c8a9f2231a6748008e32e031768f587b', 'user_domain_id': 'default', 'system_scope': 'all', 'project_id': None, 'project_domain_id': None, 'roles': ['admin', 'manager', 'member', 'reader'], 'is_admin_project': True, 'service_user_id': None, 'service_user_domain_id': None, 'service_project_id': None, 'service_project_domain_id': None, 'service_roles': []} {{(pid=60660) fill_context /opt/stack/keystone/keystone/server/flask/request_processing/middleware/auth_context.py:506}}
Jan 15 15:14:48 jammy-provider-cloud-0000007940 devstack@keystone.service[60660]: DEBUG keystone.server.flask.request_processing.req_logging [None req-930d23ef-b353-4135-b2ba-18f272ed6247 None admin] REQUEST_METHOD: `GET` {{(pid=60660) log_request_info /opt/stack/keystone/keystone/server/flask/request_processing/req_logging.py:26}}
Jan 15 15:14:48 jammy-provider-cloud-0000007940 devstack@keystone.service[60660]: DEBUG keystone.server.flask.request_processing.req_logging [None req-930d23ef-b353-4135-b2ba-18f272ed6247 None admin] SCRIPT_NAME: `/identity` {{(pid=60660) log_request_info /opt/stack/keystone/keystone/server/flask/request_processing/req_logging.py:27}}
Jan 15 15:14:48 jammy-provider-cloud-0000007940 devstack@keystone.service[60660]: DEBUG keystone.server.flask.request_processing.req_logging [None req-930d23ef-b353-4135-b2ba-18f272ed6247 None admin] PATH_INFO: `/v3/domains` {{(pid=60660) log_request_info /opt/stack/keystone/keystone/server/flask/request_processing/req_logging.py:28}}
Jan 15 15:14:48 jammy-provider-cloud-0000007940 devstack@keystone.service[60660]: DEBUG keystone.common.rbac_enforcer.enforcer [None req-930d23ef-b353-4135-b2ba-18f272ed6247 None admin] RBAC: Adding query filter params (name=Default) {{(pid=60660) _extract_filter_values /opt/stack/keystone/keystone/common/rbac_enforcer/enforcer.py:176}}
Jan 15 15:14:48 jammy-provider-cloud-0000007940 devstack@keystone.service[60660]: DEBUG keystone.common.rbac_enforcer.enforcer [None req-930d23ef-b353-4135-b2ba-18f272ed6247 None admin] RBAC: Authorizing `identity:list_domains()` {{(pid=60660) enforce_call /opt/stack/keystone/keystone/common/rbac_enforcer/enforcer.py:495}}
Jan 15 15:14:48 jammy-provider-cloud-0000007940 devstack@keystone.service[60660]: DEBUG keystone.common.rbac_enforcer.enforcer [None req-930d23ef-b353-4135-b2ba-18f272ed6247 None admin] RBAC: Authorization granted {{(pid=60660) enforce_call /opt/stack/keystone/keystone/common/rbac_enforcer/enforcer.py:506}}
Jan 15 15:14:48 jammy-provider-cloud-0000007940 devstack@keystone.service[60661]: DEBUG keystone.server.flask.request_processing.middleware.auth_context [None req-a53227fe-d680-490c-84fd-1d364f0f0874 None admin] RBAC: auth_context: {'token': <TokenModel (audit_id=l3KiQFy-TG6r8VEL_vZ2QQ, audit_chain_id=['l3KiQFy-TG6r8VEL_vZ2QQ']) at 0x7ff7af654b20>, 'domain_id': None, 'trust_id': None, 'trustor_id': None, 'trustee_id': None, 'domain_name': None, 'group_ids': [], 'user_id': 'c8a9f2231a6748008e32e031768f587b', 'user_domain_id': 'default', 'system_scope': 'all', 'project_id': None, 'project_domain_id': None, 'roles': ['admin', 'manager', 'member', 'reader'], 'is_admin_project': True, 'service_user_id': None, 'service_user_domain_id': None, 'service_project_id': None, 'service_project_domain_id': None, 'service_roles': []} {{(pid=60661) fill_context /opt/stack/keystone/keystone/server/flask/request_processing/middleware/auth_context.py:506}}
Jan 15 15:14:48 jammy-provider-cloud-0000007940 devstack@keystone.service[60661]: DEBUG keystone.server.flask.request_processing.req_logging [None req-a53227fe-d680-490c-84fd-1d364f0f0874 None admin] REQUEST_METHOD: `PUT` {{(pid=60661) log_request_info /opt/stack/keystone/keystone/server/flask/request_processing/req_logging.py:26}}
Jan 15 15:14:48 jammy-provider-cloud-0000007940 devstack@keystone.service[60661]: DEBUG keystone.server.flask.request_processing.req_logging [None req-a53227fe-d680-490c-84fd-1d364f0f0874 None admin] SCRIPT_NAME: `/identity` {{(pid=60661) log_request_info /opt/stack/keystone/keystone/server/flask/request_processing/req_logging.py:27}}
Jan 15 15:14:48 jammy-provider-cloud-0000007940 devstack@keystone.service[60661]: DEBUG keystone.server.flask.request_processing.req_logging [None req-a53227fe-d680-490c-84fd-1d364f0f0874 None admin] PATH_INFO: `/v3/domains/default/users/c8a9f2231a6748008e32e031768f587b/roles/1c87b984bcf04feb99592999e99144ff` {{(pid=60661) log_request_info /opt/stack/keystone/keystone/server/flask/request_processing/req_logging.py:28}}
Jan 15 15:14:48 jammy-provider-cloud-0000007940 devstack@keystone.service[60661]: DEBUG keystone.common.rbac_enforcer.enforcer [None req-a53227fe-d680-490c-84fd-1d364f0f0874 None admin] RBAC: Authorizing `identity:create_grant(domain_id=default, user_id=c8a9f2231a6748008e32e031768f587b, role_id=1c87b984bcf04feb99592999e99144ff)` {{(pid=60661) enforce_call /opt/stack/keystone/keystone/common/rbac_enforcer/enforcer.py:495}}
Jan 15 15:14:48 jammy-provider-cloud-0000007940 devstack@keystone.service[60661]: DEBUG keystone.common.rbac_enforcer.enforcer [None req-a53227fe-d680-490c-84fd-1d364f0f0874 None admin] RBAC: Authorization granted {{(pid=60661) enforce_call /opt/stack/keystone/keystone/common/rbac_enforcer/enforcer.py:506}}
Jan 15 15:14:48 jammy-provider-cloud-0000007940 devstack@keystone.service[60660]: [pid: 60660|app: 0|req: 10/20] 10.201.5.87 () {56 vars in 1101 bytes} [Wed Jan 15 15:14:48 2025] GET /identity/v3/domains?name=Default => generated 308 bytes in 71 msecs (HTTP/1.1 200) 5 headers in 177 bytes (2 switches on core 0)
Jan 15 15:14:48 jammy-provider-cloud-0000007940 devstack@keystone.service[60661]: [pid: 60661|app: 0|req: 11/21] 10.201.5.87 () {58 vars in 1353 bytes} [Wed Jan 15 15:14:48 2025] PUT /identity/v3/domains/default/users/c8a9f2231a6748008e32e031768f587b/roles/1c87b984bcf04feb99592999e99144ff => generated 0 bytes in 134 msecs (HTTP/1.1 204) 3 headers in 132 bytes (0 switches on core 0)
Jan 15 15:14:49 jammy-provider-cloud-0000007940 devstack@keystone.service[60660]: DEBUG keystone.server.flask.request_processing.req_logging [None req-1fbdb72c-1fea-421e-89aa-223c6faa8aa5 None None] REQUEST_METHOD: `GET` {{(pid=60660) log_request_info /opt/stack/keystone/keystone/server/flask/request_processing/req_logging.py:26}}
Jan 15 15:14:49 jammy-provider-cloud-0000007940 devstack@keystone.service[60660]: DEBUG keystone.server.flask.request_processing.req_logging [None req-1fbdb72c-1fea-421e-89aa-223c6faa8aa5 None None] SCRIPT_NAME: `/identity` {{(pid=60660) log_request_info /opt/stack/keystone/keystone/server/flask/request_processing/req_logging.py:27}}
Jan 15 15:14:49 jammy-provider-cloud-0000007940 devstack@keystone.service[60660]: DEBUG keystone.server.flask.request_processing.req_logging [None req-1fbdb72c-1fea-421e-89aa-223c6faa8aa5 None None] PATH_INFO: `/` {{(pid=60660) log_request_info /opt/stack/keystone/keystone/server/flask/request_processing/req_logging.py:28}}
Jan 15 15:14:49 jammy-provider-cloud-0000007940 devstack@keystone.service[60660]: [pid: 60660|app: 0|req: 11/22] 10.201.5.87 () {54 vars in 918 bytes} [Wed Jan 15 15:14:49 2025] GET /identity => generated 270 bytes in 2 msecs (HTTP/1.1 300) 6 headers in 234 bytes (1 switches on core 0)
Jan 15 15:14:49 jammy-provider-cloud-0000007940 devstack@keystone.service[60661]: DEBUG keystone.server.flask.request_processing.req_logging [None req-b3e6dfb3-f5e6-48f0-b23d-1eddd3999100 None None] REQUEST_METHOD: `POST` {{(pid=60661) log_request_info /opt/stack/keystone/keystone/server/flask/request_processing/req_logging.py:26}}
Jan 15 15:14:49 jammy-provider-cloud-0000007940 devstack@keystone.service[60661]: DEBUG keystone.server.flask.request_processing.req_logging [None req-b3e6dfb3-f5e6-48f0-b23d-1eddd3999100 None None] SCRIPT_NAME: `/identity` {{(pid=60661) log_request_info /opt/stack/keystone/keystone/server/flask/request_processing/req_logging.py:27}}
Jan 15 15:14:49 jammy-provider-cloud-0000007940 devstack@keystone.service[60661]: DEBUG keystone.server.flask.request_processing.req_logging [None req-b3e6dfb3-f5e6-48f0-b23d-1eddd3999100 None None] PATH_INFO: `/v3/auth/tokens` {{(pid=60661) log_request_info /opt/stack/keystone/keystone/server/flask/request_processing/req_logging.py:28}}
Jan 15 15:14:49 jammy-provider-cloud-0000007940 devstack@keystone.service[60661]: WARNING keystone.common.password_hashing [None req-b3e6dfb3-f5e6-48f0-b23d-1eddd3999100 None None] Truncating password to algorithm specific maximum length 72 characters.
Jan 15 15:14:49 jammy-provider-cloud-0000007940 devstack@keystone.service[60661]: DEBUG keystone.auth.core [None req-b3e6dfb3-f5e6-48f0-b23d-1eddd3999100 None None] MFA Rules not processed for user `c8a9f2231a6748008e32e031768f587b`. Rule list: `[]` (Enabled: `True`). {{(pid=60661) check_auth_methods_against_rules /opt/stack/keystone/keystone/auth/core.py:476}}
Jan 15 15:14:49 jammy-provider-cloud-0000007940 devstack@keystone.service[60661]: DEBUG keystone.common.fernet_utils [None req-b3e6dfb3-f5e6-48f0-b23d-1eddd3999100 None None] Loaded 2 Fernet keys from /etc/keystone/fernet-keys/, but `[fernet_tokens] max_active_keys = 3`; perhaps there have not been enough key rotations to reach `max_active_keys` yet? {{(pid=60661) load_keys /opt/stack/keystone/keystone/common/fernet_utils.py:297}}
Jan 15 15:14:49 jammy-provider-cloud-0000007940 devstack@keystone.service[60661]: [pid: 60661|app: 0|req: 12/23] 10.201.5.87 () {58 vars in 1015 bytes} [Wed Jan 15 15:14:49 2025] POST /identity/v3/auth/tokens => generated 862 bytes in 74 msecs (HTTP/1.1 201) 6 headers in 363 bytes (1 switches on core 0)
Jan 15 15:14:50 jammy-provider-cloud-0000007940 devstack@keystone.service[60660]: DEBUG keystone.server.flask.request_processing.req_logging [None req-738a99a0-0093-45fc-be6b-a5f2d2fa0f9f None None] REQUEST_METHOD: `GET` {{(pid=60660) log_request_info /opt/stack/keystone/keystone/server/flask/request_processing/req_logging.py:26}}
Jan 15 15:14:50 jammy-provider-cloud-0000007940 devstack@keystone.service[60660]: DEBUG keystone.server.flask.request_processing.req_logging [None req-738a99a0-0093-45fc-be6b-a5f2d2fa0f9f None None] SCRIPT_NAME: `/identity` {{(pid=60660) log_request_info /opt/stack/keystone/keystone/server/flask/request_processing/req_logging.py:27}}
Jan 15 15:14:50 jammy-provider-cloud-0000007940 devstack@keystone.service[60660]: DEBUG keystone.server.flask.request_processing.req_logging [None req-738a99a0-0093-45fc-be6b-a5f2d2fa0f9f None None] PATH_INFO: `/` {{(pid=60660) log_request_info /opt/stack/keystone/keystone/server/flask/request_processing/req_logging.py:28}}
Jan 15 15:14:50 jammy-provider-cloud-0000007940 devstack@keystone.service[60660]: [pid: 60660|app: 0|req: 12/24] 10.201.5.87 () {54 vars in 918 bytes} [Wed Jan 15 15:14:50 2025] GET /identity => generated 270 bytes in 2 msecs (HTTP/1.1 300) 6 headers in 234 bytes (1 switches on core 0)
Jan 15 15:14:50 jammy-provider-cloud-0000007940 devstack@keystone.service[60661]: DEBUG keystone.server.flask.request_processing.req_logging [None req-83385245-a494-437d-b3cf-bb0d5c05579e None None] REQUEST_METHOD: `POST` {{(pid=60661) log_request_info /opt/stack/keystone/keystone/server/flask/request_processing/req_logging.py:26}}
Jan 15 15:14:50 jammy-provider-cloud-0000007940 devstack@keystone.service[60661]: DEBUG keystone.server.flask.request_processing.req_logging [None req-83385245-a494-437d-b3cf-bb0d5c05579e None None] SCRIPT_NAME: `/identity` {{(pid=60661) log_request_info /opt/stack/keystone/keystone/server/flask/request_processing/req_logging.py:27}}
Jan 15 15:14:50 jammy-provider-cloud-0000007940 devstack@keystone.service[60661]: DEBUG keystone.server.flask.request_processing.req_logging [None req-83385245-a494-437d-b3cf-bb0d5c05579e None None] PATH_INFO: `/v3/auth/tokens` {{(pid=60661) log_request_info /opt/stack/keystone/keystone/server/flask/request_processing/req_logging.py:28}}
Jan 15 15:14:50 jammy-provider-cloud-0000007940 devstack@keystone.service[60660]: DEBUG keystone.server.flask.request_processing.req_logging [None req-3e4905ef-6ab1-4df0-b3af-752006475a30 None None] REQUEST_METHOD: `GET` {{(pid=60660) log_request_info /opt/stack/keystone/keystone/server/flask/request_processing/req_logging.py:26}}
Jan 15 15:14:50 jammy-provider-cloud-0000007940 devstack@keystone.service[60660]: DEBUG keystone.server.flask.request_processing.req_logging [None req-3e4905ef-6ab1-4df0-b3af-752006475a30 None None] SCRIPT_NAME: `/identity` {{(pid=60660) log_request_info /opt/stack/keystone/keystone/server/flask/request_processing/req_logging.py:27}}
Jan 15 15:14:50 jammy-provider-cloud-0000007940 devstack@keystone.service[60660]: DEBUG keystone.server.flask.request_processing.req_logging [None req-3e4905ef-6ab1-4df0-b3af-752006475a30 None None] PATH_INFO: `/` {{(pid=60660) log_request_info /opt/stack/keystone/keystone/server/flask/request_processing/req_logging.py:28}}
Jan 15 15:14:50 jammy-provider-cloud-0000007940 devstack@keystone.service[60660]: [pid: 60660|app: 0|req: 13/25] 10.201.5.87 () {54 vars in 918 bytes} [Wed Jan 15 15:14:50 2025] GET /identity => generated 270 bytes in 1 msecs (HTTP/1.1 300) 6 headers in 234 bytes (1 switches on core 0)
Jan 15 15:14:50 jammy-provider-cloud-0000007940 devstack@keystone.service[60660]: DEBUG keystone.server.flask.request_processing.req_logging [None req-f1fa853f-088d-413e-8c46-2f9fa87d2ada None None] REQUEST_METHOD: `POST` {{(pid=60660) log_request_info /opt/stack/keystone/keystone/server/flask/request_processing/req_logging.py:26}}
Jan 15 15:14:50 jammy-provider-cloud-0000007940 devstack@keystone.service[60660]: DEBUG keystone.server.flask.request_processing.req_logging [None req-f1fa853f-088d-413e-8c46-2f9fa87d2ada None None] SCRIPT_NAME: `/identity` {{(pid=60660) log_request_info /opt/stack/keystone/keystone/server/flask/request_processing/req_logging.py:27}}
Jan 15 15:14:50 jammy-provider-cloud-0000007940 devstack@keystone.service[60660]: DEBUG keystone.server.flask.request_processing.req_logging [None req-f1fa853f-088d-413e-8c46-2f9fa87d2ada None None] PATH_INFO: `/v3/auth/tokens` {{(pid=60660) log_request_info /opt/stack/keystone/keystone/server/flask/request_processing/req_logging.py:28}}
Jan 15 15:14:50 jammy-provider-cloud-0000007940 devstack@keystone.service[60661]: WARNING keystone.common.password_hashing [None req-83385245-a494-437d-b3cf-bb0d5c05579e None None] Truncating password to algorithm specific maximum length 72 characters.
Jan 15 15:14:50 jammy-provider-cloud-0000007940 devstack@keystone.service[60660]: WARNING keystone.common.password_hashing [None req-f1fa853f-088d-413e-8c46-2f9fa87d2ada None None] Truncating password to algorithm specific maximum length 72 characters.
Jan 15 15:14:50 jammy-provider-cloud-0000007940 devstack@keystone.service[60661]: DEBUG keystone.auth.core [None req-83385245-a494-437d-b3cf-bb0d5c05579e None None] MFA Rules not processed for user `c8a9f2231a6748008e32e031768f587b`. Rule list: `[]` (Enabled: `True`). {{(pid=60661) check_auth_methods_against_rules /opt/stack/keystone/keystone/auth/core.py:476}}
Jan 15 15:14:50 jammy-provider-cloud-0000007940 devstack@keystone.service[60661]: DEBUG keystone.common.fernet_utils [None req-83385245-a494-437d-b3cf-bb0d5c05579e None None] Loaded 2 Fernet keys from /etc/keystone/fernet-keys/, but `[fernet_tokens] max_active_keys = 3`; perhaps there have not been enough key rotations to reach `max_active_keys` yet? {{(pid=60661) load_keys /opt/stack/keystone/keystone/common/fernet_utils.py:297}}
Jan 15 15:14:50 jammy-provider-cloud-0000007940 devstack@keystone.service[60660]: DEBUG keystone.auth.core [None req-f1fa853f-088d-413e-8c46-2f9fa87d2ada None None] MFA Rules not processed for user `c8a9f2231a6748008e32e031768f587b`. Rule list: `[]` (Enabled: `True`). {{(pid=60660) check_auth_methods_against_rules /opt/stack/keystone/keystone/auth/core.py:476}}
Jan 15 15:14:50 jammy-provider-cloud-0000007940 devstack@keystone.service[60660]: DEBUG keystone.common.fernet_utils [None req-f1fa853f-088d-413e-8c46-2f9fa87d2ada None None] Loaded 2 Fernet keys from /etc/keystone/fernet-keys/, but `[fernet_tokens] max_active_keys = 3`; perhaps there have not been enough key rotations to reach `max_active_keys` yet? {{(pid=60660) load_keys /opt/stack/keystone/keystone/common/fernet_utils.py:297}}
Jan 15 15:14:50 jammy-provider-cloud-0000007940 devstack@keystone.service[60660]: [pid: 60660|app: 0|req: 14/26] 10.201.5.87 () {58 vars in 1015 bytes} [Wed Jan 15 15:14:50 2025] POST /identity/v3/auth/tokens => generated 862 bytes in 66 msecs (HTTP/1.1 201) 6 headers in 363 bytes (1 switches on core 0)
Jan 15 15:14:50 jammy-provider-cloud-0000007940 devstack@keystone.service[60660]: DEBUG keystone.server.flask.request_processing.middleware.auth_context [None req-f1fa853f-088d-413e-8c46-2f9fa87d2ada None None] Authenticating user token {{(pid=60660) process_request /opt/stack/data/venv/lib/python3.10/site-packages/keystonemiddleware/auth_token/__init__.py:406}}
Jan 15 15:14:50 jammy-provider-cloud-0000007940 devstack@keystone.service[60661]: [pid: 60661|app: 0|req: 13/27] 10.201.5.87 () {58 vars in 1015 bytes} [Wed Jan 15 15:14:50 2025] POST /identity/v3/auth/tokens => generated 862 bytes in 75 msecs (HTTP/1.1 201) 6 headers in 363 bytes (1 switches on core 0)
Jan 15 15:14:50 jammy-provider-cloud-0000007940 devstack@keystone.service[60660]: DEBUG keystone.server.flask.request_processing.middleware.auth_context [None req-f1fa853f-088d-413e-8c46-2f9fa87d2ada None None] Validating token access rules against request {{(pid=60660) validate_allowed_request /opt/stack/data/venv/lib/python3.10/site-packages/keystonemiddleware/auth_token/__init__.py:544}}
Jan 15 15:14:50 jammy-provider-cloud-0000007940 devstack@keystone.service[60660]: DEBUG keystone.server.flask.request_processing.middleware.auth_context [None req-50817c0a-f478-4658-815b-1d74dd2065e0 None admin] RBAC: auth_context: {'token': <TokenModel (audit_id=1XyaeGF8TxG6Bykt1VPywg, audit_chain_id=['1XyaeGF8TxG6Bykt1VPywg']) at 0x7ff7afa0f1c0>, 'domain_id': None, 'trust_id': None, 'trustor_id': None, 'trustee_id': None, 'domain_name': None, 'group_ids': [], 'user_id': 'c8a9f2231a6748008e32e031768f587b', 'user_domain_id': 'default', 'system_scope': 'all', 'project_id': None, 'project_domain_id': None, 'roles': ['admin', 'manager', 'member', 'reader'], 'is_admin_project': True, 'service_user_id': None, 'service_user_domain_id': None, 'service_project_id': None, 'service_project_domain_id': None, 'service_roles': []} {{(pid=60660) fill_context /opt/stack/keystone/keystone/server/flask/request_processing/middleware/auth_context.py:506}}
Jan 15 15:14:50 jammy-provider-cloud-0000007940 devstack@keystone.service[60660]: DEBUG keystone.server.flask.request_processing.req_logging [None req-50817c0a-f478-4658-815b-1d74dd2065e0 None admin] REQUEST_METHOD: `GET` {{(pid=60660) log_request_info /opt/stack/keystone/keystone/server/flask/request_processing/req_logging.py:26}}
Jan 15 15:14:50 jammy-provider-cloud-0000007940 devstack@keystone.service[60660]: DEBUG keystone.server.flask.request_processing.req_logging [None req-50817c0a-f478-4658-815b-1d74dd2065e0 None admin] SCRIPT_NAME: `/identity` {{(pid=60660) log_request_info /opt/stack/keystone/keystone/server/flask/request_processing/req_logging.py:27}}
Jan 15 15:14:50 jammy-provider-cloud-0000007940 devstack@keystone.service[60660]: DEBUG keystone.server.flask.request_processing.req_logging [None req-50817c0a-f478-4658-815b-1d74dd2065e0 None admin] PATH_INFO: `/v3/roles/admin` {{(pid=60660) log_request_info /opt/stack/keystone/keystone/server/flask/request_processing/req_logging.py:28}}
Jan 15 15:14:50 jammy-provider-cloud-0000007940 devstack@keystone.service[60660]: DEBUG keystone.common.rbac_enforcer.enforcer [None req-50817c0a-f478-4658-815b-1d74dd2065e0 None admin] Extracting inferred target data resulted in "NOT FOUND (404)". {{(pid=60660) enforce_call /opt/stack/keystone/keystone/common/rbac_enforcer/enforcer.py:445}}
Jan 15 15:14:50 jammy-provider-cloud-0000007940 devstack@keystone.service[60660]: DEBUG keystone.server.flask.application [None req-50817c0a-f478-4658-815b-1d74dd2065e0 None admin] Could not find role: admin. {{(pid=60660) _handle_keystone_exception /opt/stack/keystone/keystone/server/flask/application.py:152}}
Jan 15 15:14:50 jammy-provider-cloud-0000007940 devstack@keystone.service[60660]: [pid: 60660|app: 0|req: 15/28] 10.201.5.87 () {56 vars in 1131 bytes} [Wed Jan 15 15:14:50 2025] GET /identity/v3/roles/admin => generated 83 bytes in 67 msecs (HTTP/1.1 404) 5 headers in 183 bytes (1 switches on core 0)
Jan 15 15:14:50 jammy-provider-cloud-0000007940 devstack@keystone.service[60661]: DEBUG keystone.server.flask.request_processing.middleware.auth_context [None req-83385245-a494-437d-b3cf-bb0d5c05579e None None] Authenticating user token {{(pid=60661) process_request /opt/stack/data/venv/lib/python3.10/site-packages/keystonemiddleware/auth_token/__init__.py:406}}
Jan 15 15:14:50 jammy-provider-cloud-0000007940 devstack@keystone.service[60661]: DEBUG keystone.server.flask.request_processing.middleware.auth_context [None req-83385245-a494-437d-b3cf-bb0d5c05579e None None] Validating token access rules against request {{(pid=60661) validate_allowed_request /opt/stack/data/venv/lib/python3.10/site-packages/keystonemiddleware/auth_token/__init__.py:544}}
Jan 15 15:14:50 jammy-provider-cloud-0000007940 devstack@keystone.service[60660]: DEBUG keystone.server.flask.request_processing.middleware.auth_context [None req-50817c0a-f478-4658-815b-1d74dd2065e0 None admin] Authenticating user token {{(pid=60660) process_request /opt/stack/data/venv/lib/python3.10/site-packages/keystonemiddleware/auth_token/__init__.py:406}}
Jan 15 15:14:50 jammy-provider-cloud-0000007940 devstack@keystone.service[60661]: DEBUG keystone.server.flask.request_processing.middleware.auth_context [None req-ab259b07-3dda-4de8-9efa-14aef2e75d64 None admin] RBAC: auth_context: {'token': <TokenModel (audit_id=1XyaeGF8TxG6Bykt1VPywg, audit_chain_id=['1XyaeGF8TxG6Bykt1VPywg']) at 0x7ff7af5ed840>, 'domain_id': None, 'trust_id': None, 'trustor_id': None, 'trustee_id': None, 'domain_name': None, 'group_ids': [], 'user_id': 'c8a9f2231a6748008e32e031768f587b', 'user_domain_id': 'default', 'system_scope': 'all', 'project_id': None, 'project_domain_id': None, 'roles': ['admin', 'manager', 'member', 'reader'], 'is_admin_project': True, 'service_user_id': None, 'service_user_domain_id': None, 'service_project_id': None, 'service_project_domain_id': None, 'service_roles': []} {{(pid=60661) fill_context /opt/stack/keystone/keystone/server/flask/request_processing/middleware/auth_context.py:506}}
Jan 15 15:14:50 jammy-provider-cloud-0000007940 devstack@keystone.service[60661]: DEBUG keystone.server.flask.request_processing.req_logging [None req-ab259b07-3dda-4de8-9efa-14aef2e75d64 None admin] REQUEST_METHOD: `GET` {{(pid=60661) log_request_info /opt/stack/keystone/keystone/server/flask/request_processing/req_logging.py:26}}
Jan 15 15:14:50 jammy-provider-cloud-0000007940 devstack@keystone.service[60661]: DEBUG keystone.server.flask.request_processing.req_logging [None req-ab259b07-3dda-4de8-9efa-14aef2e75d64 None admin] SCRIPT_NAME: `/identity` {{(pid=60661) log_request_info /opt/stack/keystone/keystone/server/flask/request_processing/req_logging.py:27}}
Jan 15 15:14:50 jammy-provider-cloud-0000007940 devstack@keystone.service[60661]: DEBUG keystone.server.flask.request_processing.req_logging [None req-ab259b07-3dda-4de8-9efa-14aef2e75d64 None admin] PATH_INFO: `/v3/roles` {{(pid=60661) log_request_info /opt/stack/keystone/keystone/server/flask/request_processing/req_logging.py:28}}
Jan 15 15:14:50 jammy-provider-cloud-0000007940 devstack@keystone.service[60661]: DEBUG keystone.common.rbac_enforcer.enforcer [None req-ab259b07-3dda-4de8-9efa-14aef2e75d64 None admin] RBAC: Adding query filter params (name=admin) {{(pid=60661) _extract_filter_values /opt/stack/keystone/keystone/common/rbac_enforcer/enforcer.py:176}}
Jan 15 15:14:50 jammy-provider-cloud-0000007940 devstack@keystone.service[60661]: DEBUG keystone.common.rbac_enforcer.enforcer [None req-ab259b07-3dda-4de8-9efa-14aef2e75d64 None admin] RBAC: Authorizing `identity:list_roles()` {{(pid=60661) enforce_call /opt/stack/keystone/keystone/common/rbac_enforcer/enforcer.py:495}}
Jan 15 15:14:50 jammy-provider-cloud-0000007940 devstack@keystone.service[60661]: DEBUG keystone.common.rbac_enforcer.enforcer [None req-ab259b07-3dda-4de8-9efa-14aef2e75d64 None admin] RBAC: Authorization granted {{(pid=60661) enforce_call /opt/stack/keystone/keystone/common/rbac_enforcer/enforcer.py:506}}
Jan 15 15:14:50 jammy-provider-cloud-0000007940 devstack@keystone.service[60661]: [pid: 60661|app: 0|req: 14/29] 10.201.5.87 () {56 vars in 1147 bytes} [Wed Jan 15 15:14:50 2025] GET /identity/v3/roles?name=admin => generated 339 bytes in 90 msecs (HTTP/1.1 200) 5 headers in 177 bytes (1 switches on core 0)
Jan 15 15:14:50 jammy-provider-cloud-0000007940 devstack@keystone.service[60661]: DEBUG keystone.server.flask.request_processing.middleware.auth_context [None req-ab259b07-3dda-4de8-9efa-14aef2e75d64 None admin] Authenticating user token {{(pid=60661) process_request /opt/stack/data/venv/lib/python3.10/site-packages/keystonemiddleware/auth_token/__init__.py:406}}
Jan 15 15:14:50 jammy-provider-cloud-0000007940 devstack@keystone.service[60660]: DEBUG keystone.server.flask.request_processing.middleware.auth_context [None req-50817c0a-f478-4658-815b-1d74dd2065e0 None admin] Validating token access rules against request {{(pid=60660) validate_allowed_request /opt/stack/data/venv/lib/python3.10/site-packages/keystonemiddleware/auth_token/__init__.py:544}}
Jan 15 15:14:50 jammy-provider-cloud-0000007940 devstack@keystone.service[60661]: DEBUG keystone.server.flask.request_processing.middleware.auth_context [None req-ab259b07-3dda-4de8-9efa-14aef2e75d64 None admin] Validating token access rules against request {{(pid=60661) validate_allowed_request /opt/stack/data/venv/lib/python3.10/site-packages/keystonemiddleware/auth_token/__init__.py:544}}
Jan 15 15:14:50 jammy-provider-cloud-0000007940 devstack@keystone.service[60661]: DEBUG keystone.server.flask.request_processing.middleware.auth_context [None req-975f2a7c-00d4-44cc-b337-89e153a6ce96 None admin] RBAC: auth_context: {'token': <TokenModel (audit_id=yHZM5GePSHykIowMJ_TD_Q, audit_chain_id=['yHZM5GePSHykIowMJ_TD_Q']) at 0x7ff7af5ed630>, 'domain_id': None, 'trust_id': None, 'trustor_id': None, 'trustee_id': None, 'domain_name': None, 'group_ids': [], 'user_id': 'c8a9f2231a6748008e32e031768f587b', 'user_domain_id': 'default', 'system_scope': 'all', 'project_id': None, 'project_domain_id': None, 'roles': ['admin', 'manager', 'member', 'reader'], 'is_admin_project': True, 'service_user_id': None, 'service_user_domain_id': None, 'service_project_id': None, 'service_project_domain_id': None, 'service_roles': []} {{(pid=60661) fill_context /opt/stack/keystone/keystone/server/flask/request_processing/middleware/auth_context.py:506}}
Jan 15 15:14:50 jammy-provider-cloud-0000007940 devstack@keystone.service[60661]: DEBUG keystone.server.flask.request_processing.req_logging [None req-975f2a7c-00d4-44cc-b337-89e153a6ce96 None admin] REQUEST_METHOD: `POST` {{(pid=60661) log_request_info /opt/stack/keystone/keystone/server/flask/request_processing/req_logging.py:26}}
Jan 15 15:14:50 jammy-provider-cloud-0000007940 devstack@keystone.service[60661]: DEBUG keystone.server.flask.request_processing.req_logging [None req-975f2a7c-00d4-44cc-b337-89e153a6ce96 None admin] SCRIPT_NAME: `/identity` {{(pid=60661) log_request_info /opt/stack/keystone/keystone/server/flask/request_processing/req_logging.py:27}}
Jan 15 15:14:50 jammy-provider-cloud-0000007940 devstack@keystone.service[60661]: DEBUG keystone.server.flask.request_processing.req_logging [None req-975f2a7c-00d4-44cc-b337-89e153a6ce96 None admin] PATH_INFO: `/v3/roles` {{(pid=60661) log_request_info /opt/stack/keystone/keystone/server/flask/request_processing/req_logging.py:28}}
Jan 15 15:14:50 jammy-provider-cloud-0000007940 devstack@keystone.service[60661]: DEBUG keystone.common.rbac_enforcer.enforcer [None req-975f2a7c-00d4-44cc-b337-89e153a6ce96 None admin] RBAC: Authorizing `identity:create_role()` {{(pid=60661) enforce_call /opt/stack/keystone/keystone/common/rbac_enforcer/enforcer.py:495}}
Jan 15 15:14:50 jammy-provider-cloud-0000007940 devstack@keystone.service[60661]: DEBUG keystone.common.rbac_enforcer.enforcer [None req-975f2a7c-00d4-44cc-b337-89e153a6ce96 None admin] RBAC: Authorization granted {{(pid=60661) enforce_call /opt/stack/keystone/keystone/common/rbac_enforcer/enforcer.py:506}}
Jan 15 15:14:50 jammy-provider-cloud-0000007940 devstack@keystone.service[60661]: DEBUG keystone.common.sql.core [None req-975f2a7c-00d4-44cc-b337-89e153a6ce96 None admin] Conflict role: (pymysql.err.IntegrityError) (1062, "Duplicate entry 'service-<<null>>' for key 'role.ixu_role_name_domain_id'")
Jan 15 15:14:50 jammy-provider-cloud-0000007940 devstack@keystone.service[60661]: [SQL: INSERT INTO `role` (id, name, description, extra) VALUES (%(id)s, %(name)s, %(description)s, %(extra)s)]
Jan 15 15:14:50 jammy-provider-cloud-0000007940 devstack@keystone.service[60661]: [parameters: {'id': 'ac666f25d45f41f5b981e4ae02da2b48', 'name': 'service', 'description': None, 'extra': '{}'}]
Jan 15 15:14:50 jammy-provider-cloud-0000007940 devstack@keystone.service[60661]: (Background on this error at: https://sqlalche.me/e/20/gkpj) {{(pid=60661) wrapper /opt/stack/keystone/keystone/common/sql/core.py:580}}
Jan 15 15:14:50 jammy-provider-cloud-0000007940 devstack@keystone.service[60661]: ERROR keystone.server.flask.application [None req-975f2a7c-00d4-44cc-b337-89e153a6ce96 None admin] Conflict occurred attempting to store role - Duplicate entry found with name service.: keystone.exception.Conflict: Conflict occurred attempting to store role - Duplicate entry found with name service.
Jan 15 15:14:50 jammy-provider-cloud-0000007940 devstack@keystone.service[60661]: ERROR keystone.server.flask.application Traceback (most recent call last):
Jan 15 15:14:50 jammy-provider-cloud-0000007940 devstack@keystone.service[60661]: ERROR keystone.server.flask.application   File "/opt/stack/data/venv/lib/python3.10/site-packages/sqlalchemy/engine/base.py", line 1967, in _exec_single_context
Jan 15 15:14:50 jammy-provider-cloud-0000007940 devstack@keystone.service[60661]: ERROR keystone.server.flask.application     self.dialect.do_execute(
Jan 15 15:14:50 jammy-provider-cloud-0000007940 devstack@keystone.service[60661]: ERROR keystone.server.flask.application   File "/opt/stack/data/venv/lib/python3.10/site-packages/sqlalchemy/engine/default.py", line 941, in do_execute
Jan 15 15:14:50 jammy-provider-cloud-0000007940 devstack@keystone.service[60661]: ERROR keystone.server.flask.application     cursor.execute(statement, parameters)
Jan 15 15:14:50 jammy-provider-cloud-0000007940 devstack@keystone.service[60661]: ERROR keystone.server.flask.application   File "/opt/stack/data/venv/lib/python3.10/site-packages/pymysql/cursors.py", line 153, in execute
Jan 15 15:14:50 jammy-provider-cloud-0000007940 devstack@keystone.service[60661]: ERROR keystone.server.flask.application     result = self._query(query)
Jan 15 15:14:50 jammy-provider-cloud-0000007940 devstack@keystone.service[60661]: ERROR keystone.server.flask.application   File "/opt/stack/data/venv/lib/python3.10/site-packages/pymysql/cursors.py", line 322, in _query
Jan 15 15:14:50 jammy-provider-cloud-0000007940 devstack@keystone.service[60661]: ERROR keystone.server.flask.application     conn.query(q)
Jan 15 15:14:50 jammy-provider-cloud-0000007940 devstack@keystone.service[60661]: ERROR keystone.server.flask.application   File "/opt/stack/data/venv/lib/python3.10/site-packages/pymysql/connections.py", line 563, in query
Jan 15 15:14:50 jammy-provider-cloud-0000007940 devstack@keystone.service[60661]: ERROR keystone.server.flask.application     self._affected_rows = self._read_query_result(unbuffered=unbuffered)
Jan 15 15:14:50 jammy-provider-cloud-0000007940 devstack@keystone.service[60661]: ERROR keystone.server.flask.application   File "/opt/stack/data/venv/lib/python3.10/site-packages/pymysql/connections.py", line 825, in _read_query_result
Jan 15 15:14:50 jammy-provider-cloud-0000007940 devstack@keystone.service[60661]: ERROR keystone.server.flask.application     result.read()
Jan 15 15:14:50 jammy-provider-cloud-0000007940 devstack@keystone.service[60661]: ERROR keystone.server.flask.application   File "/opt/stack/data/venv/lib/python3.10/site-packages/pymysql/connections.py", line 1199, in read
Jan 15 15:14:50 jammy-provider-cloud-0000007940 devstack@keystone.service[60661]: ERROR keystone.server.flask.application     first_packet = self.connection._read_packet()
Jan 15 15:14:50 jammy-provider-cloud-0000007940 devstack@keystone.service[60661]: ERROR keystone.server.flask.application   File "/opt/stack/data/venv/lib/python3.10/site-packages/pymysql/connections.py", line 775, in _read_packet
Jan 15 15:14:50 jammy-provider-cloud-0000007940 devstack@keystone.service[60661]: ERROR keystone.server.flask.application     packet.raise_for_error()
Jan 15 15:14:50 jammy-provider-cloud-0000007940 devstack@keystone.service[60661]: ERROR keystone.server.flask.application   File "/opt/stack/data/venv/lib/python3.10/site-packages/pymysql/protocol.py", line 219, in raise_for_error
Jan 15 15:14:50 jammy-provider-cloud-0000007940 devstack@keystone.service[60661]: ERROR keystone.server.flask.application     err.raise_mysql_exception(self._data)
Jan 15 15:14:50 jammy-provider-cloud-0000007940 devstack@keystone.service[60661]: ERROR keystone.server.flask.application   File "/opt/stack/data/venv/lib/python3.10/site-packages/pymysql/err.py", line 150, in raise_mysql_exception
Jan 15 15:14:50 jammy-provider-cloud-0000007940 devstack@keystone.service[60661]: ERROR keystone.server.flask.application     raise errorclass(errno, errval)
Jan 15 15:14:50 jammy-provider-cloud-0000007940 devstack@keystone.service[60661]: ERROR keystone.server.flask.application pymysql.err.IntegrityError: (1062, "Duplicate entry 'service-<<null>>' for key 'role.ixu_role_name_domain_id'")
Jan 15 15:14:50 jammy-provider-cloud-0000007940 devstack@keystone.service[60661]: ERROR keystone.server.flask.application 
