Mar 13 08:27:28 jammy-provider-cloud-0000008096 devstack@keystone.service[72390]: ERROR keystone.server.flask.application     ret = self.driver.create_project(project_id, project)
Mar 13 08:27:28 jammy-provider-cloud-0000008096 devstack@keystone.service[72390]: ERROR keystone.server.flask.application   File "/opt/stack/keystone/keystone/common/sql/core.py", line 614, in wrapper
Mar 13 08:27:28 jammy-provider-cloud-0000008096 devstack@keystone.service[72390]: ERROR keystone.server.flask.application     raise exception.Conflict(type=conflict_type, details=msg)
Mar 13 08:27:28 jammy-provider-cloud-0000008096 devstack@keystone.service[72390]: ERROR keystone.server.flask.application keystone.exception.Conflict: Conflict occurred attempting to store project - Duplicate entry found with name Default.
Mar 13 08:27:28 jammy-provider-cloud-0000008096 devstack@keystone.service[72390]: ERROR keystone.server.flask.application 
Mar 13 08:27:28 jammy-provider-cloud-0000008096 devstack@keystone.service[72390]: ERROR keystone.server.flask.application During handling of the above exception, another exception occurred:
Mar 13 08:27:28 jammy-provider-cloud-0000008096 devstack@keystone.service[72390]: ERROR keystone.server.flask.application 
Mar 13 08:27:28 jammy-provider-cloud-0000008096 devstack@keystone.service[72390]: ERROR keystone.server.flask.application Traceback (most recent call last):
Mar 13 08:27:28 jammy-provider-cloud-0000008096 devstack@keystone.service[72390]: ERROR keystone.server.flask.application   File "/opt/stack/data/venv/lib/python3.10/site-packages/flask/app.py", line 917, in full_dispatch_request
Mar 13 08:27:28 jammy-provider-cloud-0000008096 devstack@keystone.service[72390]: ERROR keystone.server.flask.application     rv = self.dispatch_request()
Mar 13 08:27:28 jammy-provider-cloud-0000008096 devstack@keystone.service[72390]: ERROR keystone.server.flask.application   File "/opt/stack/data/venv/lib/python3.10/site-packages/flask/app.py", line 902, in dispatch_request
Mar 13 08:27:28 jammy-provider-cloud-0000008096 devstack@keystone.service[72390]: ERROR keystone.server.flask.application     return self.ensure_sync(self.view_functions[rule.endpoint])(**view_args)  # type: ignore[no-any-return]
Mar 13 08:27:28 jammy-provider-cloud-0000008096 devstack@keystone.service[72390]: ERROR keystone.server.flask.application   File "/opt/stack/data/venv/lib/python3.10/site-packages/flask_restful/__init__.py", line 489, in wrapper
Mar 13 08:27:28 jammy-provider-cloud-0000008096 devstack@keystone.service[72390]: ERROR keystone.server.flask.application     resp = resource(*args, **kwargs)
Mar 13 08:27:28 jammy-provider-cloud-0000008096 devstack@keystone.service[72390]: ERROR keystone.server.flask.application   File "/opt/stack/data/venv/lib/python3.10/site-packages/flask/views.py", line 110, in view
Mar 13 08:27:28 jammy-provider-cloud-0000008096 devstack@keystone.service[72390]: ERROR keystone.server.flask.application     return current_app.ensure_sync(self.dispatch_request)(**kwargs)  # type: ignore[no-any-return]
Mar 13 08:27:28 jammy-provider-cloud-0000008096 devstack@keystone.service[72390]: ERROR keystone.server.flask.application   File "/opt/stack/data/venv/lib/python3.10/site-packages/flask_restful/__init__.py", line 604, in dispatch_request
Mar 13 08:27:28 jammy-provider-cloud-0000008096 devstack@keystone.service[72390]: ERROR keystone.server.flask.application     resp = meth(*args, **kwargs)
Mar 13 08:27:28 jammy-provider-cloud-0000008096 devstack@keystone.service[72390]: ERROR keystone.server.flask.application   File "/opt/stack/keystone/keystone/api/validation/__init__.py", line 80, in wrapper
Mar 13 08:27:28 jammy-provider-cloud-0000008096 devstack@keystone.service[72390]: ERROR keystone.server.flask.application     return func(*args, **kwargs)
Mar 13 08:27:28 jammy-provider-cloud-0000008096 devstack@keystone.service[72390]: ERROR keystone.server.flask.application   File "/opt/stack/keystone/keystone/api/validation/__init__.py", line 139, in wrapper
Mar 13 08:27:28 jammy-provider-cloud-0000008096 devstack@keystone.service[72390]: ERROR keystone.server.flask.application     response = func(*args, **kwargs)
Mar 13 08:27:28 jammy-provider-cloud-0000008096 devstack@keystone.service[72390]: ERROR keystone.server.flask.application   File "/opt/stack/keystone/keystone/api/domains.py", line 181, in post
Mar 13 08:27:28 jammy-provider-cloud-0000008096 devstack@keystone.service[72390]: ERROR keystone.server.flask.application     ref = PROVIDERS.resource_api.create_domain(
Mar 13 08:27:28 jammy-provider-cloud-0000008096 devstack@keystone.service[72390]: ERROR keystone.server.flask.application   File "/opt/stack/keystone/keystone/common/manager.py", line 114, in wrapped
Mar 13 08:27:28 jammy-provider-cloud-0000008096 devstack@keystone.service[72390]: ERROR keystone.server.flask.application     __ret_val = __f(*args, **kwargs)
Mar 13 08:27:28 jammy-provider-cloud-0000008096 devstack@keystone.service[72390]: ERROR keystone.server.flask.application   File "/opt/stack/keystone/keystone/resource/core.py", line 867, in create_domain
Mar 13 08:27:28 jammy-provider-cloud-0000008096 devstack@keystone.service[72390]: ERROR keystone.server.flask.application     is_domain_project = self.create_project(
Mar 13 08:27:28 jammy-provider-cloud-0000008096 devstack@keystone.service[72390]: ERROR keystone.server.flask.application   File "/opt/stack/keystone/keystone/common/manager.py", line 114, in wrapped
Mar 13 08:27:28 jammy-provider-cloud-0000008096 devstack@keystone.service[72390]: ERROR keystone.server.flask.application     __ret_val = __f(*args, **kwargs)
Mar 13 08:27:28 jammy-provider-cloud-0000008096 devstack@keystone.service[72390]: ERROR keystone.server.flask.application   File "/opt/stack/keystone/keystone/resource/core.py", line 252, in create_project
Mar 13 08:27:28 jammy-provider-cloud-0000008096 devstack@keystone.service[72390]: ERROR keystone.server.flask.application     raise exception.Conflict(
Mar 13 08:27:28 jammy-provider-cloud-0000008096 devstack@keystone.service[72390]: ERROR keystone.server.flask.application keystone.exception.Conflict: Conflict occurred attempting to store project - it is not permitted to have two projects acting as domains with the same name: Default.
Mar 13 08:27:28 jammy-provider-cloud-0000008096 devstack@keystone.service[72390]: ERROR keystone.server.flask.application 
Mar 13 08:27:28 jammy-provider-cloud-0000008096 devstack@keystone.service[72389]: DEBUG keystone.server.flask.request_processing.middleware.auth_context [None req-df4fb6dc-554c-4e54-8326-623a4cf0f6f3 None admin] Authenticating user token {{(pid=72389) process_request /opt/stack/data/venv/lib/python3.10/site-packages/keystonemiddleware/auth_token/__init__.py:406}}
Mar 13 08:27:28 jammy-provider-cloud-0000008096 devstack@keystone.service[72390]: [pid: 72390|app: 0|req: 8/16] 10.201.5.87 () {60 vars in 1129 bytes} [Thu Mar 13 08:27:27 2025] POST /identity/v3/domains => generated 190 bytes in 108 msecs (HTTP/1.1 409) 5 headers in 183 bytes (1 switches on core 0)
Mar 13 08:27:28 jammy-provider-cloud-0000008096 devstack@keystone.service[72390]: DEBUG keystone.server.flask.request_processing.middleware.auth_context [None req-ebf0f66a-8192-4037-b555-a8edf9460e8c None admin] Authenticating user token {{(pid=72390) process_request /opt/stack/data/venv/lib/python3.10/site-packages/keystonemiddleware/auth_token/__init__.py:406}}
Mar 13 08:27:28 jammy-provider-cloud-0000008096 devstack@keystone.service[72389]: DEBUG keystone.server.flask.request_processing.middleware.auth_context [None req-df4fb6dc-554c-4e54-8326-623a4cf0f6f3 None admin] Validating token access rules against request {{(pid=72389) validate_allowed_request /opt/stack/data/venv/lib/python3.10/site-packages/keystonemiddleware/auth_token/__init__.py:544}}
Mar 13 08:27:28 jammy-provider-cloud-0000008096 devstack@keystone.service[72390]: DEBUG keystone.server.flask.request_processing.middleware.auth_context [None req-ebf0f66a-8192-4037-b555-a8edf9460e8c None admin] Validating token access rules against request {{(pid=72390) validate_allowed_request /opt/stack/data/venv/lib/python3.10/site-packages/keystonemiddleware/auth_token/__init__.py:544}}
Mar 13 08:27:28 jammy-provider-cloud-0000008096 devstack@keystone.service[72389]: DEBUG keystone.server.flask.request_processing.middleware.auth_context [None req-e852fe12-c25b-4726-8c88-67d7738f9bb1 None admin] RBAC: auth_context: {'token': <TokenModel (audit_id=0jJDXmTgT--_Jtw_GX5fgQ, audit_chain_id=['0jJDXmTgT--_Jtw_GX5fgQ']) at 0x7fc29475c2b0>, 'domain_id': None, 'trust_id': None, 'trustor_id': None, 'trustee_id': None, 'domain_name': None, 'group_ids': [], 'user_id': '7cbf347ea94e44fe88bc551685c4ff3d', 'user_domain_id': 'default', 'system_scope': 'all', 'project_id': None, 'project_domain_id': None, 'roles': ['admin', 'manager', 'member', 'reader'], 'is_admin_project': True, 'service_user_id': None, 'service_user_domain_id': None, 'service_project_id': None, 'service_project_domain_id': None, 'service_roles': []} {{(pid=72389) fill_context /opt/stack/keystone/keystone/server/flask/request_processing/middleware/auth_context.py:506}}
Mar 13 08:27:28 jammy-provider-cloud-0000008096 devstack@keystone.service[72389]: DEBUG keystone.server.flask.request_processing.req_logging [None req-e852fe12-c25b-4726-8c88-67d7738f9bb1 None admin] REQUEST_METHOD: `GET` {{(pid=72389) log_request_info /opt/stack/keystone/keystone/server/flask/request_processing/req_logging.py:26}}
Mar 13 08:27:28 jammy-provider-cloud-0000008096 devstack@keystone.service[72389]: DEBUG keystone.server.flask.request_processing.req_logging [None req-e852fe12-c25b-4726-8c88-67d7738f9bb1 None admin] SCRIPT_NAME: `/identity` {{(pid=72389) log_request_info /opt/stack/keystone/keystone/server/flask/request_processing/req_logging.py:27}}
Mar 13 08:27:28 jammy-provider-cloud-0000008096 devstack@keystone.service[72389]: DEBUG keystone.server.flask.request_processing.req_logging [None req-e852fe12-c25b-4726-8c88-67d7738f9bb1 None admin] PATH_INFO: `/v3/users/7cbf347ea94e44fe88bc551685c4ff3d` {{(pid=72389) log_request_info /opt/stack/keystone/keystone/server/flask/request_processing/req_logging.py:28}}
Mar 13 08:27:28 jammy-provider-cloud-0000008096 devstack@keystone.service[72389]: DEBUG keystone.common.rbac_enforcer.enforcer [None req-e852fe12-c25b-4726-8c88-67d7738f9bb1 None admin] RBAC: Authorizing `identity:get_user(user_id=7cbf347ea94e44fe88bc551685c4ff3d)` {{(pid=72389) enforce_call /opt/stack/keystone/keystone/common/rbac_enforcer/enforcer.py:495}}
Mar 13 08:27:28 jammy-provider-cloud-0000008096 devstack@keystone.service[72389]: DEBUG keystone.common.rbac_enforcer.enforcer [None req-e852fe12-c25b-4726-8c88-67d7738f9bb1 None admin] RBAC: Authorization granted {{(pid=72389) enforce_call /opt/stack/keystone/keystone/common/rbac_enforcer/enforcer.py:506}}
Mar 13 08:27:28 jammy-provider-cloud-0000008096 devstack@keystone.service[72390]: DEBUG keystone.server.flask.request_processing.middleware.auth_context [None req-702691d8-dcec-4cdd-8d06-ddeae9bda075 None admin] RBAC: auth_context: {'token': <TokenModel (audit_id=yn83do1WSV60XfYg2_eW_Q, audit_chain_id=['yn83do1WSV60XfYg2_eW_Q']) at 0x7fc2946bcd90>, 'domain_id': None, 'trust_id': None, 'trustor_id': None, 'trustee_id': None, 'domain_name': None, 'group_ids': [], 'user_id': '7cbf347ea94e44fe88bc551685c4ff3d', 'user_domain_id': 'default', 'system_scope': 'all', 'project_id': None, 'project_domain_id': None, 'roles': ['admin', 'manager', 'member', 'reader'], 'is_admin_project': True, 'service_user_id': None, 'service_user_domain_id': None, 'service_project_id': None, 'service_project_domain_id': None, 'service_roles': []} {{(pid=72390) fill_context /opt/stack/keystone/keystone/server/flask/request_processing/middleware/auth_context.py:506}}
Mar 13 08:27:28 jammy-provider-cloud-0000008096 devstack@keystone.service[72390]: DEBUG keystone.server.flask.request_processing.req_logging [None req-702691d8-dcec-4cdd-8d06-ddeae9bda075 None admin] REQUEST_METHOD: `GET` {{(pid=72390) log_request_info /opt/stack/keystone/keystone/server/flask/request_processing/req_logging.py:26}}
Mar 13 08:27:28 jammy-provider-cloud-0000008096 devstack@keystone.service[72390]: DEBUG keystone.server.flask.request_processing.req_logging [None req-702691d8-dcec-4cdd-8d06-ddeae9bda075 None admin] SCRIPT_NAME: `/identity` {{(pid=72390) log_request_info /opt/stack/keystone/keystone/server/flask/request_processing/req_logging.py:27}}
Mar 13 08:27:28 jammy-provider-cloud-0000008096 devstack@keystone.service[72390]: DEBUG keystone.server.flask.request_processing.req_logging [None req-702691d8-dcec-4cdd-8d06-ddeae9bda075 None admin] PATH_INFO: `/v3/domains/Default` {{(pid=72390) log_request_info /opt/stack/keystone/keystone/server/flask/request_processing/req_logging.py:28}}
Mar 13 08:27:28 jammy-provider-cloud-0000008096 devstack@keystone.service[72389]: [pid: 72389|app: 0|req: 9/17] 10.201.5.87 () {56 vars in 1213 bytes} [Thu Mar 13 08:27:28 2025] GET /identity/v3/users/7cbf347ea94e44fe88bc551685c4ff3d => generated 247 bytes in 62 msecs (HTTP/1.1 200) 5 headers in 177 bytes (1 switches on core 0)
Mar 13 08:27:28 jammy-provider-cloud-0000008096 devstack@keystone.service[72389]: DEBUG keystone.server.flask.request_processing.middleware.auth_context [None req-e852fe12-c25b-4726-8c88-67d7738f9bb1 None admin] Authenticating user token {{(pid=72389) process_request /opt/stack/data/venv/lib/python3.10/site-packages/keystonemiddleware/auth_token/__init__.py:406}}
Mar 13 08:27:28 jammy-provider-cloud-0000008096 devstack@keystone.service[72390]: DEBUG keystone.common.rbac_enforcer.enforcer [None req-702691d8-dcec-4cdd-8d06-ddeae9bda075 None admin] RBAC: Authorizing `identity:get_domain(domain_id=Default)` {{(pid=72390) enforce_call /opt/stack/keystone/keystone/common/rbac_enforcer/enforcer.py:495}}
Mar 13 08:27:28 jammy-provider-cloud-0000008096 devstack@keystone.service[72390]: DEBUG keystone.common.rbac_enforcer.enforcer [None req-702691d8-dcec-4cdd-8d06-ddeae9bda075 None admin] RBAC: Authorization granted {{(pid=72390) enforce_call /opt/stack/keystone/keystone/common/rbac_enforcer/enforcer.py:506}}
Mar 13 08:27:28 jammy-provider-cloud-0000008096 devstack@keystone.service[72390]: DEBUG keystone.server.flask.application [None req-702691d8-dcec-4cdd-8d06-ddeae9bda075 None admin] Could not find domain: Default. {{(pid=72390) _handle_keystone_exception /opt/stack/keystone/keystone/server/flask/application.py:152}}
Mar 13 08:27:28 jammy-provider-cloud-0000008096 devstack@keystone.service[72390]: [pid: 72390|app: 0|req: 9/18] 10.201.5.87 () {56 vars in 1100 bytes} [Thu Mar 13 08:27:28 2025] GET /identity/v3/domains/Default => generated 87 bytes in 70 msecs (HTTP/1.1 404) 5 headers in 183 bytes (1 switches on core 0)
Mar 13 08:27:28 jammy-provider-cloud-0000008096 devstack@keystone.service[72390]: DEBUG keystone.server.flask.request_processing.middleware.auth_context [None req-702691d8-dcec-4cdd-8d06-ddeae9bda075 None admin] Authenticating user token {{(pid=72390) process_request /opt/stack/data/venv/lib/python3.10/site-packages/keystonemiddleware/auth_token/__init__.py:406}}
Mar 13 08:27:28 jammy-provider-cloud-0000008096 devstack@keystone.service[72389]: DEBUG keystone.server.flask.request_processing.middleware.auth_context [None req-e852fe12-c25b-4726-8c88-67d7738f9bb1 None admin] Validating token access rules against request {{(pid=72389) validate_allowed_request /opt/stack/data/venv/lib/python3.10/site-packages/keystonemiddleware/auth_token/__init__.py:544}}
Mar 13 08:27:28 jammy-provider-cloud-0000008096 devstack@keystone.service[72390]: DEBUG keystone.server.flask.request_processing.middleware.auth_context [None req-702691d8-dcec-4cdd-8d06-ddeae9bda075 None admin] Validating token access rules against request {{(pid=72390) validate_allowed_request /opt/stack/data/venv/lib/python3.10/site-packages/keystonemiddleware/auth_token/__init__.py:544}}
Mar 13 08:27:28 jammy-provider-cloud-0000008096 devstack@keystone.service[72389]: DEBUG keystone.server.flask.request_processing.middleware.auth_context [None req-be562a54-091e-4745-b494-9c67e25b3240 None admin] RBAC: auth_context: {'token': <TokenModel (audit_id=0jJDXmTgT--_Jtw_GX5fgQ, audit_chain_id=['0jJDXmTgT--_Jtw_GX5fgQ']) at 0x7fc29475e6e0>, 'domain_id': None, 'trust_id': None, 'trustor_id': None, 'trustee_id': None, 'domain_name': None, 'group_ids': [], 'user_id': '7cbf347ea94e44fe88bc551685c4ff3d', 'user_domain_id': 'default', 'system_scope': 'all', 'project_id': None, 'project_domain_id': None, 'roles': ['admin', 'manager', 'member', 'reader'], 'is_admin_project': True, 'service_user_id': None, 'service_user_domain_id': None, 'service_project_id': None, 'service_project_domain_id': None, 'service_roles': []} {{(pid=72389) fill_context /opt/stack/keystone/keystone/server/flask/request_processing/middleware/auth_context.py:506}}
Mar 13 08:27:28 jammy-provider-cloud-0000008096 devstack@keystone.service[72389]: DEBUG keystone.server.flask.request_processing.req_logging [None req-be562a54-091e-4745-b494-9c67e25b3240 None admin] REQUEST_METHOD: `GET` {{(pid=72389) log_request_info /opt/stack/keystone/keystone/server/flask/request_processing/req_logging.py:26}}
Mar 13 08:27:28 jammy-provider-cloud-0000008096 devstack@keystone.service[72389]: DEBUG keystone.server.flask.request_processing.req_logging [None req-be562a54-091e-4745-b494-9c67e25b3240 None admin] SCRIPT_NAME: `/identity` {{(pid=72389) log_request_info /opt/stack/keystone/keystone/server/flask/request_processing/req_logging.py:27}}
Mar 13 08:27:28 jammy-provider-cloud-0000008096 devstack@keystone.service[72389]: DEBUG keystone.server.flask.request_processing.req_logging [None req-be562a54-091e-4745-b494-9c67e25b3240 None admin] PATH_INFO: `/v3/domains/default` {{(pid=72389) log_request_info /opt/stack/keystone/keystone/server/flask/request_processing/req_logging.py:28}}
Mar 13 08:27:28 jammy-provider-cloud-0000008096 devstack@keystone.service[72389]: DEBUG keystone.common.rbac_enforcer.enforcer [None req-be562a54-091e-4745-b494-9c67e25b3240 None admin] RBAC: Authorizing `identity:get_domain(domain_id=default)` {{(pid=72389) enforce_call /opt/stack/keystone/keystone/common/rbac_enforcer/enforcer.py:495}}
Mar 13 08:27:28 jammy-provider-cloud-0000008096 devstack@keystone.service[72389]: DEBUG keystone.common.rbac_enforcer.enforcer [None req-be562a54-091e-4745-b494-9c67e25b3240 None admin] RBAC: Authorization granted {{(pid=72389) enforce_call /opt/stack/keystone/keystone/common/rbac_enforcer/enforcer.py:506}}
Mar 13 08:27:28 jammy-provider-cloud-0000008096 devstack@keystone.service[72389]: [pid: 72389|app: 0|req: 10/19] 10.201.5.87 () {56 vars in 1144 bytes} [Thu Mar 13 08:27:28 2025] GET /identity/v3/domains/default => generated 199 bytes in 56 msecs (HTTP/1.1 200) 5 headers in 177 bytes (1 switches on core 0)
Mar 13 08:27:28 jammy-provider-cloud-0000008096 devstack@keystone.service[72389]: DEBUG keystone.server.flask.request_processing.middleware.auth_context [None req-be562a54-091e-4745-b494-9c67e25b3240 None admin] Authenticating user token {{(pid=72389) process_request /opt/stack/data/venv/lib/python3.10/site-packages/keystonemiddleware/auth_token/__init__.py:406}}
Mar 13 08:27:28 jammy-provider-cloud-0000008096 devstack@keystone.service[72390]: DEBUG keystone.server.flask.request_processing.middleware.auth_context [None req-19bd8f45-b9e5-4364-81e9-622794a9acb1 None admin] RBAC: auth_context: {'token': <TokenModel (audit_id=yn83do1WSV60XfYg2_eW_Q, audit_chain_id=['yn83do1WSV60XfYg2_eW_Q']) at 0x7fc29439d5a0>, 'domain_id': None, 'trust_id': None, 'trustor_id': None, 'trustee_id': None, 'domain_name': None, 'group_ids': [], 'user_id': '7cbf347ea94e44fe88bc551685c4ff3d', 'user_domain_id': 'default', 'system_scope': 'all', 'project_id': None, 'project_domain_id': None, 'roles': ['admin', 'manager', 'member', 'reader'], 'is_admin_project': True, 'service_user_id': None, 'service_user_domain_id': None, 'service_project_id': None, 'service_project_domain_id': None, 'service_roles': []} {{(pid=72390) fill_context /opt/stack/keystone/keystone/server/flask/request_processing/middleware/auth_context.py:506}}
Mar 13 08:27:28 jammy-provider-cloud-0000008096 devstack@keystone.service[72390]: DEBUG keystone.server.flask.request_processing.req_logging [None req-19bd8f45-b9e5-4364-81e9-622794a9acb1 None admin] REQUEST_METHOD: `GET` {{(pid=72390) log_request_info /opt/stack/keystone/keystone/server/flask/request_processing/req_logging.py:26}}
Mar 13 08:27:28 jammy-provider-cloud-0000008096 devstack@keystone.service[72390]: DEBUG keystone.server.flask.request_processing.req_logging [None req-19bd8f45-b9e5-4364-81e9-622794a9acb1 None admin] SCRIPT_NAME: `/identity` {{(pid=72390) log_request_info /opt/stack/keystone/keystone/server/flask/request_processing/req_logging.py:27}}
Mar 13 08:27:28 jammy-provider-cloud-0000008096 devstack@keystone.service[72390]: DEBUG keystone.server.flask.request_processing.req_logging [None req-19bd8f45-b9e5-4364-81e9-622794a9acb1 None admin] PATH_INFO: `/v3/domains` {{(pid=72390) log_request_info /opt/stack/keystone/keystone/server/flask/request_processing/req_logging.py:28}}
Mar 13 08:27:28 jammy-provider-cloud-0000008096 devstack@keystone.service[72390]: DEBUG keystone.common.rbac_enforcer.enforcer [None req-19bd8f45-b9e5-4364-81e9-622794a9acb1 None admin] RBAC: Adding query filter params (name=Default) {{(pid=72390) _extract_filter_values /opt/stack/keystone/keystone/common/rbac_enforcer/enforcer.py:176}}
Mar 13 08:27:28 jammy-provider-cloud-0000008096 devstack@keystone.service[72390]: DEBUG keystone.common.rbac_enforcer.enforcer [None req-19bd8f45-b9e5-4364-81e9-622794a9acb1 None admin] RBAC: Authorizing `identity:list_domains()` {{(pid=72390) enforce_call /opt/stack/keystone/keystone/common/rbac_enforcer/enforcer.py:495}}
Mar 13 08:27:28 jammy-provider-cloud-0000008096 devstack@keystone.service[72390]: DEBUG keystone.common.rbac_enforcer.enforcer [None req-19bd8f45-b9e5-4364-81e9-622794a9acb1 None admin] RBAC: Authorization granted {{(pid=72390) enforce_call /opt/stack/keystone/keystone/common/rbac_enforcer/enforcer.py:506}}
Mar 13 08:27:28 jammy-provider-cloud-0000008096 devstack@keystone.service[72390]: [pid: 72390|app: 0|req: 10/20] 10.201.5.87 () {56 vars in 1101 bytes} [Thu Mar 13 08:27:28 2025] GET /identity/v3/domains?name=Default => generated 308 bytes in 79 msecs (HTTP/1.1 200) 5 headers in 177 bytes (1 switches on core 0)
Mar 13 08:27:28 jammy-provider-cloud-0000008096 devstack@keystone.service[72389]: DEBUG keystone.server.flask.request_processing.middleware.auth_context [None req-be562a54-091e-4745-b494-9c67e25b3240 None admin] Validating token access rules against request {{(pid=72389) validate_allowed_request /opt/stack/data/venv/lib/python3.10/site-packages/keystonemiddleware/auth_token/__init__.py:544}}
Mar 13 08:27:28 jammy-provider-cloud-0000008096 devstack@keystone.service[72389]: DEBUG keystone.server.flask.request_processing.middleware.auth_context [None req-56834f9e-3f91-4478-adf1-1413cde06e70 None admin] RBAC: auth_context: {'token': <TokenModel (audit_id=0jJDXmTgT--_Jtw_GX5fgQ, audit_chain_id=['0jJDXmTgT--_Jtw_GX5fgQ']) at 0x7fc2947b9180>, 'domain_id': None, 'trust_id': None, 'trustor_id': None, 'trustee_id': None, 'domain_name': None, 'group_ids': [], 'user_id': '7cbf347ea94e44fe88bc551685c4ff3d', 'user_domain_id': 'default', 'system_scope': 'all', 'project_id': None, 'project_domain_id': None, 'roles': ['admin', 'manager', 'member', 'reader'], 'is_admin_project': True, 'service_user_id': None, 'service_user_domain_id': None, 'service_project_id': None, 'service_project_domain_id': None, 'service_roles': []} {{(pid=72389) fill_context /opt/stack/keystone/keystone/server/flask/request_processing/middleware/auth_context.py:506}}
Mar 13 08:27:28 jammy-provider-cloud-0000008096 devstack@keystone.service[72389]: DEBUG keystone.server.flask.request_processing.req_logging [None req-56834f9e-3f91-4478-adf1-1413cde06e70 None admin] REQUEST_METHOD: `PUT` {{(pid=72389) log_request_info /opt/stack/keystone/keystone/server/flask/request_processing/req_logging.py:26}}
Mar 13 08:27:28 jammy-provider-cloud-0000008096 devstack@keystone.service[72389]: DEBUG keystone.server.flask.request_processing.req_logging [None req-56834f9e-3f91-4478-adf1-1413cde06e70 None admin] SCRIPT_NAME: `/identity` {{(pid=72389) log_request_info /opt/stack/keystone/keystone/server/flask/request_processing/req_logging.py:27}}
Mar 13 08:27:28 jammy-provider-cloud-0000008096 devstack@keystone.service[72389]: DEBUG keystone.server.flask.request_processing.req_logging [None req-56834f9e-3f91-4478-adf1-1413cde06e70 None admin] PATH_INFO: `/v3/domains/default/users/7cbf347ea94e44fe88bc551685c4ff3d/roles/57fbec4917464d319a9d8d36f1f291cc` {{(pid=72389) log_request_info /opt/stack/keystone/keystone/server/flask/request_processing/req_logging.py:28}}
Mar 13 08:27:28 jammy-provider-cloud-0000008096 devstack@keystone.service[72389]: DEBUG keystone.common.rbac_enforcer.enforcer [None req-56834f9e-3f91-4478-adf1-1413cde06e70 None admin] RBAC: Authorizing `identity:create_grant(domain_id=default, user_id=7cbf347ea94e44fe88bc551685c4ff3d, role_id=57fbec4917464d319a9d8d36f1f291cc)` {{(pid=72389) enforce_call /opt/stack/keystone/keystone/common/rbac_enforcer/enforcer.py:495}}
Mar 13 08:27:28 jammy-provider-cloud-0000008096 devstack@keystone.service[72389]: DEBUG keystone.common.rbac_enforcer.enforcer [None req-56834f9e-3f91-4478-adf1-1413cde06e70 None admin] RBAC: Authorization granted {{(pid=72389) enforce_call /opt/stack/keystone/keystone/common/rbac_enforcer/enforcer.py:506}}
Mar 13 08:27:28 jammy-provider-cloud-0000008096 devstack@keystone.service[72389]: [pid: 72389|app: 0|req: 11/21] 10.201.5.87 () {58 vars in 1397 bytes} [Thu Mar 13 08:27:28 2025] PUT /identity/v3/domains/default/users/7cbf347ea94e44fe88bc551685c4ff3d/roles/57fbec4917464d319a9d8d36f1f291cc => generated 0 bytes in 124 msecs (HTTP/1.1 204) 3 headers in 132 bytes (0 switches on core 0)
Mar 13 08:27:29 jammy-provider-cloud-0000008096 devstack@keystone.service[72390]: DEBUG keystone.server.flask.request_processing.req_logging [None req-91a93b56-3249-49a2-bb8b-e4e177e6a601 None None] REQUEST_METHOD: `GET` {{(pid=72390) log_request_info /opt/stack/keystone/keystone/server/flask/request_processing/req_logging.py:26}}
Mar 13 08:27:29 jammy-provider-cloud-0000008096 devstack@keystone.service[72390]: DEBUG keystone.server.flask.request_processing.req_logging [None req-91a93b56-3249-49a2-bb8b-e4e177e6a601 None None] SCRIPT_NAME: `/identity` {{(pid=72390) log_request_info /opt/stack/keystone/keystone/server/flask/request_processing/req_logging.py:27}}
Mar 13 08:27:29 jammy-provider-cloud-0000008096 devstack@keystone.service[72390]: DEBUG keystone.server.flask.request_processing.req_logging [None req-91a93b56-3249-49a2-bb8b-e4e177e6a601 None None] PATH_INFO: `/` {{(pid=72390) log_request_info /opt/stack/keystone/keystone/server/flask/request_processing/req_logging.py:28}}
Mar 13 08:27:29 jammy-provider-cloud-0000008096 devstack@keystone.service[72390]: [pid: 72390|app: 0|req: 11/22] 10.201.5.87 () {54 vars in 919 bytes} [Thu Mar 13 08:27:29 2025] GET /identity => generated 270 bytes in 2 msecs (HTTP/1.1 300) 6 headers in 234 bytes (1 switches on core 0)
Mar 13 08:27:29 jammy-provider-cloud-0000008096 devstack@keystone.service[72389]: DEBUG keystone.server.flask.request_processing.req_logging [None req-b34cb285-6807-4e9b-8ee6-7bb17fefd8b6 None None] REQUEST_METHOD: `POST` {{(pid=72389) log_request_info /opt/stack/keystone/keystone/server/flask/request_processing/req_logging.py:26}}
Mar 13 08:27:29 jammy-provider-cloud-0000008096 devstack@keystone.service[72389]: DEBUG keystone.server.flask.request_processing.req_logging [None req-b34cb285-6807-4e9b-8ee6-7bb17fefd8b6 None None] SCRIPT_NAME: `/identity` {{(pid=72389) log_request_info /opt/stack/keystone/keystone/server/flask/request_processing/req_logging.py:27}}
Mar 13 08:27:29 jammy-provider-cloud-0000008096 devstack@keystone.service[72389]: DEBUG keystone.server.flask.request_processing.req_logging [None req-b34cb285-6807-4e9b-8ee6-7bb17fefd8b6 None None] PATH_INFO: `/v3/auth/tokens` {{(pid=72389) log_request_info /opt/stack/keystone/keystone/server/flask/request_processing/req_logging.py:28}}
Mar 13 08:27:29 jammy-provider-cloud-0000008096 devstack@keystone.service[72389]: WARNING keystone.common.password_hashing [None req-b34cb285-6807-4e9b-8ee6-7bb17fefd8b6 None None] Truncating password to algorithm specific maximum length 72 characters.
Mar 13 08:27:29 jammy-provider-cloud-0000008096 devstack@keystone.service[72390]: DEBUG keystone.server.flask.request_processing.req_logging [None req-a0cd9521-15a9-461c-b669-3b21992a5801 None None] REQUEST_METHOD: `GET` {{(pid=72390) log_request_info /opt/stack/keystone/keystone/server/flask/request_processing/req_logging.py:26}}
Mar 13 08:27:29 jammy-provider-cloud-0000008096 devstack@keystone.service[72390]: DEBUG keystone.server.flask.request_processing.req_logging [None req-a0cd9521-15a9-461c-b669-3b21992a5801 None None] SCRIPT_NAME: `/identity` {{(pid=72390) log_request_info /opt/stack/keystone/keystone/server/flask/request_processing/req_logging.py:27}}
Mar 13 08:27:29 jammy-provider-cloud-0000008096 devstack@keystone.service[72390]: DEBUG keystone.server.flask.request_processing.req_logging [None req-a0cd9521-15a9-461c-b669-3b21992a5801 None None] PATH_INFO: `/` {{(pid=72390) log_request_info /opt/stack/keystone/keystone/server/flask/request_processing/req_logging.py:28}}
Mar 13 08:27:29 jammy-provider-cloud-0000008096 devstack@keystone.service[72390]: [pid: 72390|app: 0|req: 12/23] 10.201.5.87 () {54 vars in 919 bytes} [Thu Mar 13 08:27:29 2025] GET /identity => generated 270 bytes in 1 msecs (HTTP/1.1 300) 6 headers in 234 bytes (1 switches on core 0)
Mar 13 08:27:29 jammy-provider-cloud-0000008096 devstack@keystone.service[72390]: DEBUG keystone.server.flask.request_processing.req_logging [None req-41437919-e983-4090-b7ec-bceda1821be9 None None] REQUEST_METHOD: `POST` {{(pid=72390) log_request_info /opt/stack/keystone/keystone/server/flask/request_processing/req_logging.py:26}}
Mar 13 08:27:29 jammy-provider-cloud-0000008096 devstack@keystone.service[72390]: DEBUG keystone.server.flask.request_processing.req_logging [None req-41437919-e983-4090-b7ec-bceda1821be9 None None] SCRIPT_NAME: `/identity` {{(pid=72390) log_request_info /opt/stack/keystone/keystone/server/flask/request_processing/req_logging.py:27}}
Mar 13 08:27:29 jammy-provider-cloud-0000008096 devstack@keystone.service[72390]: DEBUG keystone.server.flask.request_processing.req_logging [None req-41437919-e983-4090-b7ec-bceda1821be9 None None] PATH_INFO: `/v3/auth/tokens` {{(pid=72390) log_request_info /opt/stack/keystone/keystone/server/flask/request_processing/req_logging.py:28}}
Mar 13 08:27:29 jammy-provider-cloud-0000008096 devstack@keystone.service[72389]: DEBUG keystone.auth.core [None req-b34cb285-6807-4e9b-8ee6-7bb17fefd8b6 None None] MFA Rules not processed for user `7cbf347ea94e44fe88bc551685c4ff3d`. Rule list: `[]` (Enabled: `True`). {{(pid=72389) check_auth_methods_against_rules /opt/stack/keystone/keystone/auth/core.py:476}}
Mar 13 08:27:29 jammy-provider-cloud-0000008096 devstack@keystone.service[72389]: DEBUG keystone.common.fernet_utils [None req-b34cb285-6807-4e9b-8ee6-7bb17fefd8b6 None None] Loaded 2 Fernet keys from /etc/keystone/fernet-keys/, but `[fernet_tokens] max_active_keys = 3`; perhaps there have not been enough key rotations to reach `max_active_keys` yet? {{(pid=72389) load_keys /opt/stack/keystone/keystone/common/fernet_utils.py:297}}
Mar 13 08:27:29 jammy-provider-cloud-0000008096 devstack@keystone.service[72390]: WARNING keystone.common.password_hashing [None req-41437919-e983-4090-b7ec-bceda1821be9 None None] Truncating password to algorithm specific maximum length 72 characters.
Mar 13 08:27:29 jammy-provider-cloud-0000008096 devstack@keystone.service[72390]: DEBUG keystone.auth.core [None req-41437919-e983-4090-b7ec-bceda1821be9 None None] MFA Rules not processed for user `7cbf347ea94e44fe88bc551685c4ff3d`. Rule list: `[]` (Enabled: `True`). {{(pid=72390) check_auth_methods_against_rules /opt/stack/keystone/keystone/auth/core.py:476}}
Mar 13 08:27:29 jammy-provider-cloud-0000008096 devstack@keystone.service[72390]: DEBUG keystone.common.fernet_utils [None req-41437919-e983-4090-b7ec-bceda1821be9 None None] Loaded 2 Fernet keys from /etc/keystone/fernet-keys/, but `[fernet_tokens] max_active_keys = 3`; perhaps there have not been enough key rotations to reach `max_active_keys` yet? {{(pid=72390) load_keys /opt/stack/keystone/keystone/common/fernet_utils.py:297}}
Mar 13 08:27:29 jammy-provider-cloud-0000008096 devstack@keystone.service[72389]: [pid: 72389|app: 0|req: 12/24] 10.201.5.87 () {58 vars in 1016 bytes} [Thu Mar 13 08:27:29 2025] POST /identity/v3/auth/tokens => generated 862 bytes in 60 msecs (HTTP/1.1 201) 6 headers in 363 bytes (1 switches on core 0)
Mar 13 08:27:29 jammy-provider-cloud-0000008096 devstack@keystone.service[72390]: [pid: 72390|app: 0|req: 13/25] 10.201.5.87 () {58 vars in 1016 bytes} [Thu Mar 13 08:27:29 2025] POST /identity/v3/auth/tokens => generated 862 bytes in 62 msecs (HTTP/1.1 201) 6 headers in 363 bytes (1 switches on core 0)
Mar 13 08:27:29 jammy-provider-cloud-0000008096 devstack@keystone.service[72389]: DEBUG keystone.server.flask.request_processing.middleware.auth_context [None req-b34cb285-6807-4e9b-8ee6-7bb17fefd8b6 None None] Authenticating user token {{(pid=72389) process_request /opt/stack/data/venv/lib/python3.10/site-packages/keystonemiddleware/auth_token/__init__.py:406}}
Mar 13 08:27:29 jammy-provider-cloud-0000008096 devstack@keystone.service[72390]: DEBUG keystone.server.flask.request_processing.middleware.auth_context [None req-41437919-e983-4090-b7ec-bceda1821be9 None None] Authenticating user token {{(pid=72390) process_request /opt/stack/data/venv/lib/python3.10/site-packages/keystonemiddleware/auth_token/__init__.py:406}}
Mar 13 08:27:29 jammy-provider-cloud-0000008096 devstack@keystone.service[72389]: DEBUG keystone.server.flask.request_processing.middleware.auth_context [None req-b34cb285-6807-4e9b-8ee6-7bb17fefd8b6 None None] Validating token access rules against request {{(pid=72389) validate_allowed_request /opt/stack/data/venv/lib/python3.10/site-packages/keystonemiddleware/auth_token/__init__.py:544}}
Mar 13 08:27:29 jammy-provider-cloud-0000008096 devstack@keystone.service[72390]: DEBUG keystone.server.flask.request_processing.middleware.auth_context [None req-41437919-e983-4090-b7ec-bceda1821be9 None None] Validating token access rules against request {{(pid=72390) validate_allowed_request /opt/stack/data/venv/lib/python3.10/site-packages/keystonemiddleware/auth_token/__init__.py:544}}
Mar 13 08:27:29 jammy-provider-cloud-0000008096 devstack@keystone.service[72389]: DEBUG keystone.server.flask.request_processing.middleware.auth_context [None req-80983832-5a28-447c-8c4f-382ec93c3fc3 None admin] RBAC: auth_context: {'token': <TokenModel (audit_id=t-d0mrNvQxinF7cZfqUWIA, audit_chain_id=['t-d0mrNvQxinF7cZfqUWIA']) at 0x7fc2950edb40>, 'domain_id': None, 'trust_id': None, 'trustor_id': None, 'trustee_id': None, 'domain_name': None, 'group_ids': [], 'user_id': '7cbf347ea94e44fe88bc551685c4ff3d', 'user_domain_id': 'default', 'system_scope': 'all', 'project_id': None, 'project_domain_id': None, 'roles': ['admin', 'manager', 'member', 'reader'], 'is_admin_project': True, 'service_user_id': None, 'service_user_domain_id': None, 'service_project_id': None, 'service_project_domain_id': None, 'service_roles': []} {{(pid=72389) fill_context /opt/stack/keystone/keystone/server/flask/request_processing/middleware/auth_context.py:506}}
Mar 13 08:27:29 jammy-provider-cloud-0000008096 devstack@keystone.service[72389]: DEBUG keystone.server.flask.request_processing.req_logging [None req-80983832-5a28-447c-8c4f-382ec93c3fc3 None admin] REQUEST_METHOD: `GET` {{(pid=72389) log_request_info /opt/stack/keystone/keystone/server/flask/request_processing/req_logging.py:26}}
Mar 13 08:27:29 jammy-provider-cloud-0000008096 devstack@keystone.service[72389]: DEBUG keystone.server.flask.request_processing.req_logging [None req-80983832-5a28-447c-8c4f-382ec93c3fc3 None admin] SCRIPT_NAME: `/identity` {{(pid=72389) log_request_info /opt/stack/keystone/keystone/server/flask/request_processing/req_logging.py:27}}
Mar 13 08:27:29 jammy-provider-cloud-0000008096 devstack@keystone.service[72389]: DEBUG keystone.server.flask.request_processing.req_logging [None req-80983832-5a28-447c-8c4f-382ec93c3fc3 None admin] PATH_INFO: `/v3/domains/Default` {{(pid=72389) log_request_info /opt/stack/keystone/keystone/server/flask/request_processing/req_logging.py:28}}
Mar 13 08:27:29 jammy-provider-cloud-0000008096 devstack@keystone.service[72390]: DEBUG keystone.server.flask.request_processing.middleware.auth_context [None req-beb9f13c-d1be-45b5-834e-be21a0bc4474 None admin] RBAC: auth_context: {'token': <TokenModel (audit_id=RbiueFmjRWWYTdSLVATqcA, audit_chain_id=['RbiueFmjRWWYTdSLVATqcA']) at 0x7fc2946bd240>, 'domain_id': None, 'trust_id': None, 'trustor_id': None, 'trustee_id': None, 'domain_name': None, 'group_ids': [], 'user_id': '7cbf347ea94e44fe88bc551685c4ff3d', 'user_domain_id': 'default', 'system_scope': 'all', 'project_id': None, 'project_domain_id': None, 'roles': ['admin', 'manager', 'member', 'reader'], 'is_admin_project': True, 'service_user_id': None, 'service_user_domain_id': None, 'service_project_id': None, 'service_project_domain_id': None, 'service_roles': []} {{(pid=72390) fill_context /opt/stack/keystone/keystone/server/flask/request_processing/middleware/auth_context.py:506}}
Mar 13 08:27:29 jammy-provider-cloud-0000008096 devstack@keystone.service[72390]: DEBUG keystone.server.flask.request_processing.req_logging [None req-beb9f13c-d1be-45b5-834e-be21a0bc4474 None admin] REQUEST_METHOD: `GET` {{(pid=72390) log_request_info /opt/stack/keystone/keystone/server/flask/request_processing/req_logging.py:26}}
Mar 13 08:27:29 jammy-provider-cloud-0000008096 devstack@keystone.service[72390]: DEBUG keystone.server.flask.request_processing.req_logging [None req-beb9f13c-d1be-45b5-834e-be21a0bc4474 None admin] SCRIPT_NAME: `/identity` {{(pid=72390) log_request_info /opt/stack/keystone/keystone/server/flask/request_processing/req_logging.py:27}}
Mar 13 08:27:29 jammy-provider-cloud-0000008096 devstack@keystone.service[72390]: DEBUG keystone.server.flask.request_processing.req_logging [None req-beb9f13c-d1be-45b5-834e-be21a0bc4474 None admin] PATH_INFO: `/v3/roles/admin` {{(pid=72390) log_request_info /opt/stack/keystone/keystone/server/flask/request_processing/req_logging.py:28}}
Mar 13 08:27:29 jammy-provider-cloud-0000008096 devstack@keystone.service[72389]: DEBUG keystone.common.rbac_enforcer.enforcer [None req-80983832-5a28-447c-8c4f-382ec93c3fc3 None admin] RBAC: Authorizing `identity:get_domain(domain_id=Default)` {{(pid=72389) enforce_call /opt/stack/keystone/keystone/common/rbac_enforcer/enforcer.py:495}}
Mar 13 08:27:29 jammy-provider-cloud-0000008096 devstack@keystone.service[72389]: DEBUG keystone.common.rbac_enforcer.enforcer [None req-80983832-5a28-447c-8c4f-382ec93c3fc3 None admin] RBAC: Authorization granted {{(pid=72389) enforce_call /opt/stack/keystone/keystone/common/rbac_enforcer/enforcer.py:506}}
Mar 13 08:27:29 jammy-provider-cloud-0000008096 devstack@keystone.service[72390]: DEBUG keystone.common.rbac_enforcer.enforcer [None req-beb9f13c-d1be-45b5-834e-be21a0bc4474 None admin] Extracting inferred target data resulted in "NOT FOUND (404)". {{(pid=72390) enforce_call /opt/stack/keystone/keystone/common/rbac_enforcer/enforcer.py:445}}
Mar 13 08:27:29 jammy-provider-cloud-0000008096 devstack@keystone.service[72390]: DEBUG keystone.server.flask.application [None req-beb9f13c-d1be-45b5-834e-be21a0bc4474 None admin] Could not find role: admin. {{(pid=72390) _handle_keystone_exception /opt/stack/keystone/keystone/server/flask/application.py:152}}
Mar 13 08:27:29 jammy-provider-cloud-0000008096 devstack@keystone.service[72390]: [pid: 72390|app: 0|req: 14/26] 10.201.5.87 () {56 vars in 1132 bytes} [Thu Mar 13 08:27:29 2025] GET /identity/v3/roles/admin => generated 83 bytes in 67 msecs (HTTP/1.1 404) 5 headers in 183 bytes (1 switches on core 0)
Mar 13 08:27:29 jammy-provider-cloud-0000008096 devstack@keystone.service[72389]: DEBUG keystone.server.flask.application [None req-80983832-5a28-447c-8c4f-382ec93c3fc3 None admin] Could not find domain: Default. {{(pid=72389) _handle_keystone_exception /opt/stack/keystone/keystone/server/flask/application.py:152}}
Mar 13 08:27:29 jammy-provider-cloud-0000008096 devstack@keystone.service[72390]: DEBUG keystone.server.flask.request_processing.req_logging [None req-c0c3b5b0-248f-48ae-a628-72891c3a260d None None] REQUEST_METHOD: `GET` {{(pid=72390) log_request_info /opt/stack/keystone/keystone/server/flask/request_processing/req_logging.py:26}}
Mar 13 08:27:29 jammy-provider-cloud-0000008096 devstack@keystone.service[72390]: DEBUG keystone.server.flask.request_processing.req_logging [None req-c0c3b5b0-248f-48ae-a628-72891c3a260d None None] SCRIPT_NAME: `/identity` {{(pid=72390) log_request_info /opt/stack/keystone/keystone/server/flask/request_processing/req_logging.py:27}}
Mar 13 08:27:29 jammy-provider-cloud-0000008096 devstack@keystone.service[72389]: [pid: 72389|app: 0|req: 13/27] 10.201.5.87 () {56 vars in 1100 bytes} [Thu Mar 13 08:27:29 2025] GET /identity/v3/domains/Default => generated 87 bytes in 89 msecs (HTTP/1.1 404) 5 headers in 183 bytes (1 switches on core 0)
Mar 13 08:27:29 jammy-provider-cloud-0000008096 devstack@keystone.service[72390]: DEBUG keystone.server.flask.request_processing.req_logging [None req-c0c3b5b0-248f-48ae-a628-72891c3a260d None None] PATH_INFO: `/` {{(pid=72390) log_request_info /opt/stack/keystone/keystone/server/flask/request_processing/req_logging.py:28}}
Mar 13 08:27:29 jammy-provider-cloud-0000008096 devstack@keystone.service[72390]: [pid: 72390|app: 0|req: 15/28] 10.201.5.87 () {54 vars in 919 bytes} [Thu Mar 13 08:27:29 2025] GET /identity => generated 270 bytes in 1 msecs (HTTP/1.1 300) 6 headers in 234 bytes (1 switches on core 0)
Mar 13 08:27:29 jammy-provider-cloud-0000008096 devstack@keystone.service[72389]: DEBUG keystone.server.flask.request_processing.req_logging [None req-4bf7d84b-263d-4ca1-8ce5-ed63dd878aa9 None None] REQUEST_METHOD: `POST` {{(pid=72389) log_request_info /opt/stack/keystone/keystone/server/flask/request_processing/req_logging.py:26}}
Mar 13 08:27:29 jammy-provider-cloud-0000008096 devstack@keystone.service[72390]: DEBUG keystone.server.flask.request_processing.middleware.auth_context [None req-c0c3b5b0-248f-48ae-a628-72891c3a260d None None] Authenticating user token {{(pid=72390) process_request /opt/stack/data/venv/lib/python3.10/site-packages/keystonemiddleware/auth_token/__init__.py:406}}
Mar 13 08:27:29 jammy-provider-cloud-0000008096 devstack@keystone.service[72389]: DEBUG keystone.server.flask.request_processing.req_logging [None req-4bf7d84b-263d-4ca1-8ce5-ed63dd878aa9 None None] SCRIPT_NAME: `/identity` {{(pid=72389) log_request_info /opt/stack/keystone/keystone/server/flask/request_processing/req_logging.py:27}}
Mar 13 08:27:29 jammy-provider-cloud-0000008096 devstack@keystone.service[72389]: DEBUG keystone.server.flask.request_processing.req_logging [None req-4bf7d84b-263d-4ca1-8ce5-ed63dd878aa9 None None] PATH_INFO: `/v3/auth/tokens` {{(pid=72389) log_request_info /opt/stack/keystone/keystone/server/flask/request_processing/req_logging.py:28}}
Mar 13 08:27:29 jammy-provider-cloud-0000008096 devstack@keystone.service[72389]: WARNING keystone.common.password_hashing [None req-4bf7d84b-263d-4ca1-8ce5-ed63dd878aa9 None None] Truncating password to algorithm specific maximum length 72 characters.
Mar 13 08:27:29 jammy-provider-cloud-0000008096 devstack@keystone.service[72389]: DEBUG keystone.auth.core [None req-4bf7d84b-263d-4ca1-8ce5-ed63dd878aa9 None None] MFA Rules not processed for user `7cbf347ea94e44fe88bc551685c4ff3d`. Rule list: `[]` (Enabled: `True`). {{(pid=72389) check_auth_methods_against_rules /opt/stack/keystone/keystone/auth/core.py:476}}
Mar 13 08:27:29 jammy-provider-cloud-0000008096 devstack@keystone.service[72389]: DEBUG keystone.common.fernet_utils [None req-4bf7d84b-263d-4ca1-8ce5-ed63dd878aa9 None None] Loaded 2 Fernet keys from /etc/keystone/fernet-keys/, but `[fernet_tokens] max_active_keys = 3`; perhaps there have not been enough key rotations to reach `max_active_keys` yet? {{(pid=72389) load_keys /opt/stack/keystone/keystone/common/fernet_utils.py:297}}
Mar 13 08:27:29 jammy-provider-cloud-0000008096 devstack@keystone.service[72390]: DEBUG keystone.server.flask.request_processing.middleware.auth_context [None req-c0c3b5b0-248f-48ae-a628-72891c3a260d None None] Validating token access rules against request {{(pid=72390) validate_allowed_request /opt/stack/data/venv/lib/python3.10/site-packages/keystonemiddleware/auth_token/__init__.py:544}}
Mar 13 08:27:29 jammy-provider-cloud-0000008096 devstack@keystone.service[72389]: [pid: 72389|app: 0|req: 14/29] 10.201.5.87 () {58 vars in 1016 bytes} [Thu Mar 13 08:27:29 2025] POST /identity/v3/auth/tokens => generated 862 bytes in 49 msecs (HTTP/1.1 201) 6 headers in 363 bytes (1 switches on core 0)
Mar 13 08:27:29 jammy-provider-cloud-0000008096 devstack@keystone.service[72389]: DEBUG keystone.server.flask.request_processing.middleware.auth_context [None req-4bf7d84b-263d-4ca1-8ce5-ed63dd878aa9 None None] Authenticating user token {{(pid=72389) process_request /opt/stack/data/venv/lib/python3.10/site-packages/keystonemiddleware/auth_token/__init__.py:406}}
Mar 13 08:27:29 jammy-provider-cloud-0000008096 devstack@keystone.service[72390]: DEBUG keystone.server.flask.request_processing.middleware.auth_context [None req-51829c14-dadb-4625-996b-f48d90d89eb1 None admin] RBAC: auth_context: {'token': <TokenModel (audit_id=t-d0mrNvQxinF7cZfqUWIA, audit_chain_id=['t-d0mrNvQxinF7cZfqUWIA']) at 0x7fc29439d180>, 'domain_id': None, 'trust_id': None, 'trustor_id': None, 'trustee_id': None, 'domain_name': None, 'group_ids': [], 'user_id': '7cbf347ea94e44fe88bc551685c4ff3d', 'user_domain_id': 'default', 'system_scope': 'all', 'project_id': None, 'project_domain_id': None, 'roles': ['admin', 'manager', 'member', 'reader'], 'is_admin_project': True, 'service_user_id': None, 'service_user_domain_id': None, 'service_project_id': None, 'service_project_domain_id': None, 'service_roles': []} {{(pid=72390) fill_context /opt/stack/keystone/keystone/server/flask/request_processing/middleware/auth_context.py:506}}
Mar 13 08:27:29 jammy-provider-cloud-0000008096 devstack@keystone.service[72390]: DEBUG keystone.server.flask.request_processing.req_logging [None req-51829c14-dadb-4625-996b-f48d90d89eb1 None admin] REQUEST_METHOD: `GET` {{(pid=72390) log_request_info /opt/stack/keystone/keystone/server/flask/request_processing/req_logging.py:26}}
Mar 13 08:27:29 jammy-provider-cloud-0000008096 devstack@keystone.service[72390]: DEBUG keystone.server.flask.request_processing.req_logging [None req-51829c14-dadb-4625-996b-f48d90d89eb1 None admin] SCRIPT_NAME: `/identity` {{(pid=72390) log_request_info /opt/stack/keystone/keystone/server/flask/request_processing/req_logging.py:27}}
Mar 13 08:27:29 jammy-provider-cloud-0000008096 devstack@keystone.service[72390]: DEBUG keystone.server.flask.request_processing.req_logging [None req-51829c14-dadb-4625-996b-f48d90d89eb1 None admin] PATH_INFO: `/v3/domains` {{(pid=72390) log_request_info /opt/stack/keystone/keystone/server/flask/request_processing/req_logging.py:28}}
Mar 13 08:27:29 jammy-provider-cloud-0000008096 devstack@keystone.service[72390]: DEBUG keystone.common.rbac_enforcer.enforcer [None req-51829c14-dadb-4625-996b-f48d90d89eb1 None admin] RBAC: Adding query filter params (name=Default) {{(pid=72390) _extract_filter_values /opt/stack/keystone/keystone/common/rbac_enforcer/enforcer.py:176}}
Mar 13 08:27:29 jammy-provider-cloud-0000008096 devstack@keystone.service[72390]: DEBUG keystone.common.rbac_enforcer.enforcer [None req-51829c14-dadb-4625-996b-f48d90d89eb1 None admin] RBAC: Authorizing `identity:list_domains()` {{(pid=72390) enforce_call /opt/stack/keystone/keystone/common/rbac_enforcer/enforcer.py:495}}
Mar 13 08:27:29 jammy-provider-cloud-0000008096 devstack@keystone.service[72390]: DEBUG keystone.common.rbac_enforcer.enforcer [None req-51829c14-dadb-4625-996b-f48d90d89eb1 None admin] RBAC: Authorization granted {{(pid=72390) enforce_call /opt/stack/keystone/keystone/common/rbac_enforcer/enforcer.py:506}}
Mar 13 08:27:29 jammy-provider-cloud-0000008096 devstack@keystone.service[72390]: [pid: 72390|app: 0|req: 16/30] 10.201.5.87 () {56 vars in 1101 bytes} [Thu Mar 13 08:27:29 2025] GET /identity/v3/domains?name=Default => generated 308 bytes in 63 msecs (HTTP/1.1 200) 5 headers in 177 bytes (1 switches on core 0)
Mar 13 08:27:29 jammy-provider-cloud-0000008096 devstack@keystone.service[72390]: DEBUG keystone.server.flask.request_processing.middleware.auth_context [None req-51829c14-dadb-4625-996b-f48d90d89eb1 None admin] Authenticating user token {{(pid=72390) process_request /opt/stack/data/venv/lib/python3.10/site-packages/keystonemiddleware/auth_token/__init__.py:406}}
Mar 13 08:27:29 jammy-provider-cloud-0000008096 devstack@keystone.service[72390]: DEBUG keystone.server.flask.request_processing.middleware.auth_context [None req-51829c14-dadb-4625-996b-f48d90d89eb1 None admin] Validating token access rules against request {{(pid=72390) validate_allowed_request /opt/stack/data/venv/lib/python3.10/site-packages/keystonemiddleware/auth_token/__init__.py:544}}
