Jul 09 13:25:48 jammy-provider-cloud-0000007320 systemd[1]: Starting Devstack devstack@g-api.service...
Jul 09 13:25:48 jammy-provider-cloud-0000007320 devstack@g-api.service[103611]: [uWSGI] getting INI configuration from /etc/glance/glance-uwsgi.ini
Jul 09 13:25:48 jammy-provider-cloud-0000007320 devstack@g-api.service[103611]: *** Starting uWSGI 2.0.20-debian (64bit) on [Tue Jul  9 13:25:48 2024] ***
Jul 09 13:25:48 jammy-provider-cloud-0000007320 devstack@g-api.service[103611]: compiled with version: 11.2.0 on 21 March 2022 11:00:44
Jul 09 13:25:48 jammy-provider-cloud-0000007320 devstack@g-api.service[103611]: os: Linux-5.15.0-107-generic #117-Ubuntu SMP Fri Apr 26 12:26:49 UTC 2024
Jul 09 13:25:48 jammy-provider-cloud-0000007320 devstack@g-api.service[103611]: nodename: jammy-provider-cloud-0000007320
Jul 09 13:25:48 jammy-provider-cloud-0000007320 devstack@g-api.service[103611]: machine: x86_64
Jul 09 13:25:48 jammy-provider-cloud-0000007320 devstack@g-api.service[103611]: clock source: unix
Jul 09 13:25:48 jammy-provider-cloud-0000007320 devstack@g-api.service[103611]: pcre jit disabled
Jul 09 13:25:48 jammy-provider-cloud-0000007320 devstack@g-api.service[103611]: detected number of CPU cores: 4
Jul 09 13:25:48 jammy-provider-cloud-0000007320 devstack@g-api.service[103611]: current working directory: /
Jul 09 13:25:48 jammy-provider-cloud-0000007320 devstack@g-api.service[103611]: detected binary path: /usr/bin/uwsgi-core
Jul 09 13:25:48 jammy-provider-cloud-0000007320 devstack@g-api.service[103611]: your processes number limit is 31298
Jul 09 13:25:48 jammy-provider-cloud-0000007320 devstack@g-api.service[103611]: your memory page size is 4096 bytes
Jul 09 13:25:48 jammy-provider-cloud-0000007320 devstack@g-api.service[103611]: detected max file descriptor number: 2048
Jul 09 13:25:48 jammy-provider-cloud-0000007320 devstack@g-api.service[103611]: lock engine: pthread robust mutexes
Jul 09 13:25:48 jammy-provider-cloud-0000007320 devstack@g-api.service[103611]: thunder lock: enabled
Jul 09 13:25:48 jammy-provider-cloud-0000007320 devstack@g-api.service[103611]: uwsgi socket 0 bound to TCP address 127.0.0.1:60999 fd 4
Jul 09 13:25:48 jammy-provider-cloud-0000007320 devstack@g-api.service[103611]: Python version: 3.10.12 (main, Nov 20 2023, 15:14:05) [GCC 11.4.0]
Jul 09 13:25:48 jammy-provider-cloud-0000007320 devstack@g-api.service[103611]: PEP 405 virtualenv detected: /opt/stack/data/venv
Jul 09 13:25:48 jammy-provider-cloud-0000007320 devstack@g-api.service[103611]: Set PythonHome to /opt/stack/data/venv
Jul 09 13:25:48 jammy-provider-cloud-0000007320 devstack@g-api.service[103611]: Python main interpreter initialized at 0x55f2e936ee00
Jul 09 13:25:48 jammy-provider-cloud-0000007320 devstack@g-api.service[103611]: python threads support enabled
Jul 09 13:25:48 jammy-provider-cloud-0000007320 devstack@g-api.service[103611]: your server socket listen backlog is limited to 100 connections
Jul 09 13:25:48 jammy-provider-cloud-0000007320 devstack@g-api.service[103611]: your mercy for graceful operations on workers is 80 seconds
Jul 09 13:25:48 jammy-provider-cloud-0000007320 devstack@g-api.service[103611]: mapped 403077 bytes (393 KB) for 2 cores
Jul 09 13:25:48 jammy-provider-cloud-0000007320 devstack@g-api.service[103611]: *** Operational MODE: preforking ***
Jul 09 13:25:48 jammy-provider-cloud-0000007320 devstack@g-api.service[103611]: *** uWSGI is running in multiple interpreter mode ***
Jul 09 13:25:48 jammy-provider-cloud-0000007320 devstack@g-api.service[103611]: spawned uWSGI master process (pid: 103611)
Jul 09 13:25:48 jammy-provider-cloud-0000007320 systemd[1]: Started Devstack devstack@g-api.service.
Jul 09 13:25:48 jammy-provider-cloud-0000007320 devstack@g-api.service[103611]: spawned uWSGI worker 1 (pid: 103612, cores: 1)
Jul 09 13:25:48 jammy-provider-cloud-0000007320 devstack@g-api.service[103611]: spawned uWSGI worker 2 (pid: 103613, cores: 1)
Jul 09 13:25:48 jammy-provider-cloud-0000007320 devstack@g-api.service[103611]: running "unix_signal:15 gracefully_kill_them_all" (master-start)...
Jul 09 13:25:49 jammy-provider-cloud-0000007320 devstack@g-api.service[103612]: INFO glance.async_ [-] Threadpool model set to 'NativeThreadPoolModel'
Jul 09 13:25:49 jammy-provider-cloud-0000007320 devstack@g-api.service[103612]: DEBUG oslo_concurrency.processutils [-] Running cmd (subprocess): grep -F node.session.scan /sbin/iscsiadm {{(pid=103612) execute /opt/stack/data/venv/lib/python3.10/site-packages/oslo_concurrency/processutils.py:390}}
Jul 09 13:25:49 jammy-provider-cloud-0000007320 devstack@g-api.service[103612]: DEBUG oslo_concurrency.processutils [-] CMD "grep -F node.session.scan /sbin/iscsiadm" returned: 0 in 0.013s {{(pid=103612) execute /opt/stack/data/venv/lib/python3.10/site-packages/oslo_concurrency/processutils.py:428}}
Jul 09 13:25:49 jammy-provider-cloud-0000007320 devstack@g-api.service[103613]: INFO glance.async_ [-] Threadpool model set to 'NativeThreadPoolModel'
Jul 09 13:25:49 jammy-provider-cloud-0000007320 devstack@g-api.service[103612]: DEBUG glance_store.common.attachment_state_manager [-] Initialising _AttachmentStateManager {{(pid=103612) __init__ /opt/stack/data/venv/lib/python3.10/site-packages/glance_store/common/attachment_state_manager.py:86}}
Jul 09 13:25:49 jammy-provider-cloud-0000007320 devstack@g-api.service[103613]: DEBUG oslo_concurrency.processutils [-] Running cmd (subprocess): grep -F node.session.scan /sbin/iscsiadm {{(pid=103613) execute /opt/stack/data/venv/lib/python3.10/site-packages/oslo_concurrency/processutils.py:390}}
Jul 09 13:25:49 jammy-provider-cloud-0000007320 devstack@g-api.service[103613]: DEBUG oslo_concurrency.processutils [-] CMD "grep -F node.session.scan /sbin/iscsiadm" returned: 0 in 0.008s {{(pid=103613) execute /opt/stack/data/venv/lib/python3.10/site-packages/oslo_concurrency/processutils.py:428}}
Jul 09 13:25:49 jammy-provider-cloud-0000007320 devstack@g-api.service[103613]: DEBUG glance_store.common.attachment_state_manager [-] Initialising _AttachmentStateManager {{(pid=103613) __init__ /opt/stack/data/venv/lib/python3.10/site-packages/glance_store/common/attachment_state_manager.py:86}}
Jul 09 13:25:49 jammy-provider-cloud-0000007320 devstack@g-api.service[103612]: DEBUG glance_store.backend [-] Attempting to import store cinder {{(pid=103612) _load_store /opt/stack/data/venv/lib/python3.10/site-packages/glance_store/backend.py:216}}
Jul 09 13:25:49 jammy-provider-cloud-0000007320 devstack@g-api.service[103612]: DEBUG glance_store.backend [-] Attempting to import store file {{(pid=103612) _load_store /opt/stack/data/venv/lib/python3.10/site-packages/glance_store/backend.py:216}}
Jul 09 13:25:49 jammy-provider-cloud-0000007320 devstack@g-api.service[103612]: DEBUG glance_store.backend [-] Attempting to import store glance.store.cinder.Store {{(pid=103612) _load_store /opt/stack/data/venv/lib/python3.10/site-packages/glance_store/backend.py:216}}
Jul 09 13:25:49 jammy-provider-cloud-0000007320 devstack@g-api.service[103612]: DEBUG glance_store.backend [-] Attempting to import store glance.store.filesystem.Store {{(pid=103612) _load_store /opt/stack/data/venv/lib/python3.10/site-packages/glance_store/backend.py:216}}
Jul 09 13:25:49 jammy-provider-cloud-0000007320 devstack@g-api.service[103612]: DEBUG glance_store.backend [-] Attempting to import store glance.store.http.Store {{(pid=103612) _load_store /opt/stack/data/venv/lib/python3.10/site-packages/glance_store/backend.py:216}}
Jul 09 13:25:49 jammy-provider-cloud-0000007320 devstack@g-api.service[103612]: DEBUG glance_store.backend [-] Attempting to import store glance.store.rbd.Store {{(pid=103612) _load_store /opt/stack/data/venv/lib/python3.10/site-packages/glance_store/backend.py:216}}
Jul 09 13:25:49 jammy-provider-cloud-0000007320 devstack@g-api.service[103612]: DEBUG glance_store.backend [-] Attempting to import store glance.store.s3.Store {{(pid=103612) _load_store /opt/stack/data/venv/lib/python3.10/site-packages/glance_store/backend.py:216}}
Jul 09 13:25:49 jammy-provider-cloud-0000007320 devstack@g-api.service[103612]: DEBUG glance_store.backend [-] Attempting to import store glance.store.swift.Store {{(pid=103612) _load_store /opt/stack/data/venv/lib/python3.10/site-packages/glance_store/backend.py:216}}
Jul 09 13:25:49 jammy-provider-cloud-0000007320 devstack@g-api.service[103612]: DEBUG glance_store.backend [-] Attempting to import store glance.store.vmware_datastore.Store {{(pid=103612) _load_store /opt/stack/data/venv/lib/python3.10/site-packages/glance_store/backend.py:216}}
Jul 09 13:25:49 jammy-provider-cloud-0000007320 devstack@g-api.service[103612]: DEBUG glance_store.backend [-] Attempting to import store http {{(pid=103612) _load_store /opt/stack/data/venv/lib/python3.10/site-packages/glance_store/backend.py:216}}
Jul 09 13:25:49 jammy-provider-cloud-0000007320 devstack@g-api.service[103612]: DEBUG glance_store.backend [-] Attempting to import store no_conf {{(pid=103612) _load_store /opt/stack/data/venv/lib/python3.10/site-packages/glance_store/backend.py:216}}
Jul 09 13:25:49 jammy-provider-cloud-0000007320 devstack@g-api.service[103612]: DEBUG glance_store.backend [-] Attempting to import store rbd {{(pid=103612) _load_store /opt/stack/data/venv/lib/python3.10/site-packages/glance_store/backend.py:216}}
Jul 09 13:25:49 jammy-provider-cloud-0000007320 devstack@g-api.service[103612]: DEBUG glance_store.backend [-] Attempting to import store s3 {{(pid=103612) _load_store /opt/stack/data/venv/lib/python3.10/site-packages/glance_store/backend.py:216}}
Jul 09 13:25:49 jammy-provider-cloud-0000007320 devstack@g-api.service[103612]: DEBUG glance_store.backend [-] Attempting to import store swift {{(pid=103612) _load_store /opt/stack/data/venv/lib/python3.10/site-packages/glance_store/backend.py:216}}
Jul 09 13:25:49 jammy-provider-cloud-0000007320 devstack@g-api.service[103612]: DEBUG glance_store.backend [-] Attempting to import store vmware {{(pid=103612) _load_store /opt/stack/data/venv/lib/python3.10/site-packages/glance_store/backend.py:216}}
Jul 09 13:25:49 jammy-provider-cloud-0000007320 devstack@g-api.service[103612]: DEBUG glance_store.backend [-] Registering options for group glance_store {{(pid=103612) register_opts /opt/stack/data/venv/lib/python3.10/site-packages/glance_store/backend.py:145}}
Jul 09 13:25:49 jammy-provider-cloud-0000007320 devstack@g-api.service[103612]: DEBUG glance_store.backend [-] Registering options for group glance_store {{(pid=103612) register_opts /opt/stack/data/venv/lib/python3.10/site-packages/glance_store/backend.py:145}}
Jul 09 13:25:49 jammy-provider-cloud-0000007320 devstack@g-api.service[103612]: DEBUG glance_store.backend [-] Attempting to import store http {{(pid=103612) _load_store /opt/stack/data/venv/lib/python3.10/site-packages/glance_store/backend.py:216}}
Jul 09 13:25:49 jammy-provider-cloud-0000007320 devstack@g-api.service[103612]: DEBUG glance_store.capabilities [-] Store glance_store._drivers.http.Store doesn't support updating dynamic storage capabilities. Please overwrite 'update_capabilities' method of the store to implement updating logics if needed. {{(pid=103612) update_capabilities /opt/stack/data/venv/lib/python3.10/site-packages/glance_store/capabilities.py:91}}
Jul 09 13:25:49 jammy-provider-cloud-0000007320 devstack@g-api.service[103612]: DEBUG glance_store.backend [-] Registering store http with schemes ('http', 'https') {{(pid=103612) create_stores /opt/stack/data/venv/lib/python3.10/site-packages/glance_store/backend.py:262}}
Jul 09 13:25:49 jammy-provider-cloud-0000007320 devstack@g-api.service[103612]: DEBUG glance_store.driver [-] Late loading location class glance_store._drivers.http.StoreLocation {{(pid=103612) get_store_location_class /opt/stack/data/venv/lib/python3.10/site-packages/glance_store/driver.py:133}}
Jul 09 13:25:49 jammy-provider-cloud-0000007320 devstack@g-api.service[103612]: DEBUG glance_store.location [-] Registering scheme http with {'store': <glance_store._drivers.http.Store object at 0x7fdb2ee16920>, 'location_class': <class 'glance_store._drivers.http.StoreLocation'>, 'store_entry': 'http'} {{(pid=103612) register_scheme_map /opt/stack/data/venv/lib/python3.10/site-packages/glance_store/location.py:146}}
Jul 09 13:25:49 jammy-provider-cloud-0000007320 devstack@g-api.service[103612]: DEBUG glance_store.location [-] Registering scheme https with {'store': <glance_store._drivers.http.Store object at 0x7fdb2ee16920>, 'location_class': <class 'glance_store._drivers.http.StoreLocation'>, 'store_entry': 'http'} {{(pid=103612) register_scheme_map /opt/stack/data/venv/lib/python3.10/site-packages/glance_store/location.py:146}}
Jul 09 13:25:49 jammy-provider-cloud-0000007320 devstack@g-api.service[103612]: DEBUG glance_store.backend [-] Attempting to import store file {{(pid=103612) _load_store /opt/stack/data/venv/lib/python3.10/site-packages/glance_store/backend.py:216}}
Jul 09 13:25:49 jammy-provider-cloud-0000007320 devstack@g-api.service[103612]: DEBUG glance_store.capabilities [-] Store glance_store._drivers.filesystem.Store doesn't support updating dynamic storage capabilities. Please overwrite 'update_capabilities' method of the store to implement updating logics if needed. {{(pid=103612) update_capabilities /opt/stack/data/venv/lib/python3.10/site-packages/glance_store/capabilities.py:91}}
Jul 09 13:25:49 jammy-provider-cloud-0000007320 devstack@g-api.service[103612]: DEBUG glance_store.backend [-] Registering store file with schemes ('file', 'filesystem') {{(pid=103612) create_stores /opt/stack/data/venv/lib/python3.10/site-packages/glance_store/backend.py:262}}
Jul 09 13:25:49 jammy-provider-cloud-0000007320 devstack@g-api.service[103612]: DEBUG glance_store.driver [-] Late loading location class glance_store._drivers.filesystem.StoreLocation {{(pid=103612) get_store_location_class /opt/stack/data/venv/lib/python3.10/site-packages/glance_store/driver.py:133}}
Jul 09 13:25:49 jammy-provider-cloud-0000007320 devstack@g-api.service[103612]: DEBUG glance_store.location [-] Registering scheme file with {'store': <glance_store._drivers.filesystem.Store object at 0x7fdb2ee17a90>, 'location_class': <class 'glance_store._drivers.filesystem.StoreLocation'>, 'store_entry': 'file'} {{(pid=103612) register_scheme_map /opt/stack/data/venv/lib/python3.10/site-packages/glance_store/location.py:146}}
Jul 09 13:25:49 jammy-provider-cloud-0000007320 devstack@g-api.service[103612]: DEBUG glance_store.location [-] Registering scheme filesystem with {'store': <glance_store._drivers.filesystem.Store object at 0x7fdb2ee17a90>, 'location_class': <class 'glance_store._drivers.filesystem.StoreLocation'>, 'store_entry': 'file'} {{(pid=103612) register_scheme_map /opt/stack/data/venv/lib/python3.10/site-packages/glance_store/location.py:146}}
Jul 09 13:25:49 jammy-provider-cloud-0000007320 devstack@g-api.service[103612]: DEBUG glance.sqlite_migration [-] SQLite caching database not located, skipping migration {{(pid=103612) get_db_path /opt/stack/glance/glance/sqlite_migration.py:68}}
Jul 09 13:25:49 jammy-provider-cloud-0000007320 devstack@g-api.service[103612]: WARNING glance.common.wsgi_app [-] Import methods are enabled but staging directory /tmp/staging/ does not exist; Imports will fail!
Jul 09 13:25:50 jammy-provider-cloud-0000007320 devstack@g-api.service[103613]: DEBUG glance_store.backend [-] Attempting to import store cinder {{(pid=103613) _load_store /opt/stack/data/venv/lib/python3.10/site-packages/glance_store/backend.py:216}}
Jul 09 13:25:50 jammy-provider-cloud-0000007320 devstack@g-api.service[103613]: DEBUG glance_store.backend [-] Attempting to import store file {{(pid=103613) _load_store /opt/stack/data/venv/lib/python3.10/site-packages/glance_store/backend.py:216}}
Jul 09 13:25:50 jammy-provider-cloud-0000007320 devstack@g-api.service[103613]: DEBUG glance_store.backend [-] Attempting to import store glance.store.cinder.Store {{(pid=103613) _load_store /opt/stack/data/venv/lib/python3.10/site-packages/glance_store/backend.py:216}}
Jul 09 13:25:50 jammy-provider-cloud-0000007320 devstack@g-api.service[103613]: DEBUG glance_store.backend [-] Attempting to import store glance.store.filesystem.Store {{(pid=103613) _load_store /opt/stack/data/venv/lib/python3.10/site-packages/glance_store/backend.py:216}}
Jul 09 13:25:50 jammy-provider-cloud-0000007320 devstack@g-api.service[103613]: DEBUG glance_store.backend [-] Attempting to import store glance.store.http.Store {{(pid=103613) _load_store /opt/stack/data/venv/lib/python3.10/site-packages/glance_store/backend.py:216}}
Jul 09 13:25:50 jammy-provider-cloud-0000007320 devstack@g-api.service[103613]: DEBUG glance_store.backend [-] Attempting to import store glance.store.rbd.Store {{(pid=103613) _load_store /opt/stack/data/venv/lib/python3.10/site-packages/glance_store/backend.py:216}}
Jul 09 13:25:50 jammy-provider-cloud-0000007320 devstack@g-api.service[103613]: DEBUG glance_store.backend [-] Attempting to import store glance.store.s3.Store {{(pid=103613) _load_store /opt/stack/data/venv/lib/python3.10/site-packages/glance_store/backend.py:216}}
Jul 09 13:25:50 jammy-provider-cloud-0000007320 devstack@g-api.service[103613]: DEBUG glance_store.backend [-] Attempting to import store glance.store.swift.Store {{(pid=103613) _load_store /opt/stack/data/venv/lib/python3.10/site-packages/glance_store/backend.py:216}}
Jul 09 13:25:50 jammy-provider-cloud-0000007320 devstack@g-api.service[103613]: DEBUG glance_store.backend [-] Attempting to import store glance.store.vmware_datastore.Store {{(pid=103613) _load_store /opt/stack/data/venv/lib/python3.10/site-packages/glance_store/backend.py:216}}
Jul 09 13:25:50 jammy-provider-cloud-0000007320 devstack@g-api.service[103613]: DEBUG glance_store.backend [-] Attempting to import store http {{(pid=103613) _load_store /opt/stack/data/venv/lib/python3.10/site-packages/glance_store/backend.py:216}}
Jul 09 13:25:50 jammy-provider-cloud-0000007320 devstack@g-api.service[103613]: DEBUG glance_store.backend [-] Attempting to import store no_conf {{(pid=103613) _load_store /opt/stack/data/venv/lib/python3.10/site-packages/glance_store/backend.py:216}}
Jul 09 13:25:50 jammy-provider-cloud-0000007320 devstack@g-api.service[103613]: DEBUG glance_store.backend [-] Attempting to import store rbd {{(pid=103613) _load_store /opt/stack/data/venv/lib/python3.10/site-packages/glance_store/backend.py:216}}
Jul 09 13:25:50 jammy-provider-cloud-0000007320 devstack@g-api.service[103613]: DEBUG glance_store.backend [-] Attempting to import store s3 {{(pid=103613) _load_store /opt/stack/data/venv/lib/python3.10/site-packages/glance_store/backend.py:216}}
Jul 09 13:25:50 jammy-provider-cloud-0000007320 devstack@g-api.service[103613]: DEBUG glance_store.backend [-] Attempting to import store swift {{(pid=103613) _load_store /opt/stack/data/venv/lib/python3.10/site-packages/glance_store/backend.py:216}}
Jul 09 13:25:50 jammy-provider-cloud-0000007320 devstack@g-api.service[103613]: DEBUG glance_store.backend [-] Attempting to import store vmware {{(pid=103613) _load_store /opt/stack/data/venv/lib/python3.10/site-packages/glance_store/backend.py:216}}
Jul 09 13:25:50 jammy-provider-cloud-0000007320 devstack@g-api.service[103613]: DEBUG glance_store.backend [-] Registering options for group glance_store {{(pid=103613) register_opts /opt/stack/data/venv/lib/python3.10/site-packages/glance_store/backend.py:145}}
Jul 09 13:25:50 jammy-provider-cloud-0000007320 devstack@g-api.service[103613]: DEBUG glance_store.backend [-] Registering options for group glance_store {{(pid=103613) register_opts /opt/stack/data/venv/lib/python3.10/site-packages/glance_store/backend.py:145}}
Jul 09 13:25:50 jammy-provider-cloud-0000007320 devstack@g-api.service[103613]: DEBUG glance_store.backend [-] Attempting to import store http {{(pid=103613) _load_store /opt/stack/data/venv/lib/python3.10/site-packages/glance_store/backend.py:216}}
Jul 09 13:25:50 jammy-provider-cloud-0000007320 devstack@g-api.service[103613]: DEBUG glance_store.capabilities [-] Store glance_store._drivers.http.Store doesn't support updating dynamic storage capabilities. Please overwrite 'update_capabilities' method of the store to implement updating logics if needed. {{(pid=103613) update_capabilities /opt/stack/data/venv/lib/python3.10/site-packages/glance_store/capabilities.py:91}}
Jul 09 13:25:50 jammy-provider-cloud-0000007320 devstack@g-api.service[103613]: DEBUG glance_store.backend [-] Registering store http with schemes ('http', 'https') {{(pid=103613) create_stores /opt/stack/data/venv/lib/python3.10/site-packages/glance_store/backend.py:262}}
Jul 09 13:25:50 jammy-provider-cloud-0000007320 devstack@g-api.service[103613]: DEBUG glance_store.driver [-] Late loading location class glance_store._drivers.http.StoreLocation {{(pid=103613) get_store_location_class /opt/stack/data/venv/lib/python3.10/site-packages/glance_store/driver.py:133}}
Jul 09 13:25:50 jammy-provider-cloud-0000007320 devstack@g-api.service[103613]: DEBUG glance_store.location [-] Registering scheme http with {'store': <glance_store._drivers.http.Store object at 0x7fdb2ee16ec0>, 'location_class': <class 'glance_store._drivers.http.StoreLocation'>, 'store_entry': 'http'} {{(pid=103613) register_scheme_map /opt/stack/data/venv/lib/python3.10/site-packages/glance_store/location.py:146}}
Jul 09 13:25:50 jammy-provider-cloud-0000007320 devstack@g-api.service[103613]: DEBUG glance_store.location [-] Registering scheme https with {'store': <glance_store._drivers.http.Store object at 0x7fdb2ee16ec0>, 'location_class': <class 'glance_store._drivers.http.StoreLocation'>, 'store_entry': 'http'} {{(pid=103613) register_scheme_map /opt/stack/data/venv/lib/python3.10/site-packages/glance_store/location.py:146}}
Jul 09 13:25:50 jammy-provider-cloud-0000007320 devstack@g-api.service[103613]: DEBUG glance_store.backend [-] Attempting to import store file {{(pid=103613) _load_store /opt/stack/data/venv/lib/python3.10/site-packages/glance_store/backend.py:216}}
Jul 09 13:25:50 jammy-provider-cloud-0000007320 devstack@g-api.service[103613]: DEBUG glance_store.capabilities [-] Store glance_store._drivers.filesystem.Store doesn't support updating dynamic storage capabilities. Please overwrite 'update_capabilities' method of the store to implement updating logics if needed. {{(pid=103613) update_capabilities /opt/stack/data/venv/lib/python3.10/site-packages/glance_store/capabilities.py:91}}
Jul 09 13:25:50 jammy-provider-cloud-0000007320 devstack@g-api.service[103613]: DEBUG glance_store.backend [-] Registering store file with schemes ('file', 'filesystem') {{(pid=103613) create_stores /opt/stack/data/venv/lib/python3.10/site-packages/glance_store/backend.py:262}}
Jul 09 13:25:50 jammy-provider-cloud-0000007320 devstack@g-api.service[103613]: DEBUG glance_store.driver [-] Late loading location class glance_store._drivers.filesystem.StoreLocation {{(pid=103613) get_store_location_class /opt/stack/data/venv/lib/python3.10/site-packages/glance_store/driver.py:133}}
Jul 09 13:25:50 jammy-provider-cloud-0000007320 devstack@g-api.service[103613]: DEBUG glance_store.location [-] Registering scheme file with {'store': <glance_store._drivers.filesystem.Store object at 0x7fdb2ee17a30>, 'location_class': <class 'glance_store._drivers.filesystem.StoreLocation'>, 'store_entry': 'file'} {{(pid=103613) register_scheme_map /opt/stack/data/venv/lib/python3.10/site-packages/glance_store/location.py:146}}
Jul 09 13:25:50 jammy-provider-cloud-0000007320 devstack@g-api.service[103613]: DEBUG glance_store.location [-] Registering scheme filesystem with {'store': <glance_store._drivers.filesystem.Store object at 0x7fdb2ee17a30>, 'location_class': <class 'glance_store._drivers.filesystem.StoreLocation'>, 'store_entry': 'file'} {{(pid=103613) register_scheme_map /opt/stack/data/venv/lib/python3.10/site-packages/glance_store/location.py:146}}
Jul 09 13:25:50 jammy-provider-cloud-0000007320 devstack@g-api.service[103613]: DEBUG glance.sqlite_migration [-] SQLite caching database not located, skipping migration {{(pid=103613) get_db_path /opt/stack/glance/glance/sqlite_migration.py:68}}
Jul 09 13:25:50 jammy-provider-cloud-0000007320 devstack@g-api.service[103613]: WARNING glance.common.wsgi_app [-] Import methods are enabled but staging directory /tmp/staging/ does not exist; Imports will fail!
Jul 09 13:25:50 jammy-provider-cloud-0000007320 devstack@g-api.service[103612]: DEBUG glance.common.config [None req-d76eefb5-897c-4cbd-9795-55e6a5130363 None None] Loading glance-api-keystone+cachemanagement from /etc/glance/glance-api-paste.ini {{(pid=103612) load_paste_app /opt/stack/glance/glance/common/config.py:700}}
Jul 09 13:25:50 jammy-provider-cloud-0000007320 devstack@g-api.service[103613]: DEBUG glance.common.config [None req-7c207729-b2d4-4674-9a2b-cb8b2e89c506 None None] Loading glance-api-keystone+cachemanagement from /etc/glance/glance-api-paste.ini {{(pid=103613) load_paste_app /opt/stack/glance/glance/common/config.py:700}}
Jul 09 13:25:50 jammy-provider-cloud-0000007320 devstack@g-api.service[103612]: INFO glance.image_cache [None req-d76eefb5-897c-4cbd-9795-55e6a5130363 None None] Image cache loaded driver 'centralized_db'.
Jul 09 13:25:50 jammy-provider-cloud-0000007320 devstack@g-api.service[103613]: INFO glance.image_cache [None req-7c207729-b2d4-4674-9a2b-cb8b2e89c506 None None] Image cache loaded driver 'centralized_db'.
Jul 09 13:25:50 jammy-provider-cloud-0000007320 devstack@g-api.service[103612]: INFO dbcounter [None req-d76eefb5-897c-4cbd-9795-55e6a5130363 None None] Registered counter for database glance
Jul 09 13:25:50 jammy-provider-cloud-0000007320 devstack@g-api.service[103612]: DEBUG oslo_db.sqlalchemy.engines [None req-d76eefb5-897c-4cbd-9795-55e6a5130363 None None] MySQL server mode set to STRICT_TRANS_TABLES,STRICT_ALL_TABLES,NO_ZERO_IN_DATE,NO_ZERO_DATE,ERROR_FOR_DIVISION_BY_ZERO,TRADITIONAL,NO_ENGINE_SUBSTITUTION {{(pid=103612) _check_effective_sql_mode /opt/stack/data/venv/lib/python3.10/site-packages/oslo_db/sqlalchemy/engines.py:342}}
Jul 09 13:25:50 jammy-provider-cloud-0000007320 devstack@g-api.service[103613]: INFO dbcounter [None req-7c207729-b2d4-4674-9a2b-cb8b2e89c506 None None] Registered counter for database glance
Jul 09 13:25:50 jammy-provider-cloud-0000007320 devstack@g-api.service[103613]: DEBUG oslo_db.sqlalchemy.engines [None req-7c207729-b2d4-4674-9a2b-cb8b2e89c506 None None] MySQL server mode set to STRICT_TRANS_TABLES,STRICT_ALL_TABLES,NO_ZERO_IN_DATE,NO_ZERO_DATE,ERROR_FOR_DIVISION_BY_ZERO,TRADITIONAL,NO_ENGINE_SUBSTITUTION {{(pid=103613) _check_effective_sql_mode /opt/stack/data/venv/lib/python3.10/site-packages/oslo_db/sqlalchemy/engines.py:342}}
Jul 09 13:25:50 jammy-provider-cloud-0000007320 devstack@g-api.service[103612]: DEBUG dbcounter [-] [103612] Writer thread running {{(pid=103612) stat_writer /opt/stack/data/venv/lib/python3.10/site-packages/dbcounter.py:102}}
Jul 09 13:25:50 jammy-provider-cloud-0000007320 devstack@g-api.service[103612]: INFO glance.image_cache [None req-d76eefb5-897c-4cbd-9795-55e6a5130363 None None] Image cache loaded driver 'centralized_db'.
Jul 09 13:25:50 jammy-provider-cloud-0000007320 devstack@g-api.service[103613]: DEBUG dbcounter [-] [103613] Writer thread running {{(pid=103613) stat_writer /opt/stack/data/venv/lib/python3.10/site-packages/dbcounter.py:102}}
Jul 09 13:25:50 jammy-provider-cloud-0000007320 devstack@g-api.service[103612]: DEBUG glance.image_cache.drivers.centralized_db [None req-d76eefb5-897c-4cbd-9795-55e6a5130363 None None] Node reference is already recorded, ignoring it {{(pid=103612) configure /opt/stack/glance/glance/image_cache/drivers/centralized_db.py:71}}
Jul 09 13:25:50 jammy-provider-cloud-0000007320 devstack@g-api.service[103613]: DEBUG glance.image_cache.drivers.centralized_db [None req-7c207729-b2d4-4674-9a2b-cb8b2e89c506 None None] Node reference is already recorded, ignoring it {{(pid=103613) configure /opt/stack/glance/glance/image_cache/drivers/centralized_db.py:71}}
Jul 09 13:25:50 jammy-provider-cloud-0000007320 devstack@g-api.service[103612]: DEBUG glance.api.v2.cached_images [None req-d76eefb5-897c-4cbd-9795-55e6a5130363 None None] Started cache worker thread {{(pid=103612) __init__ /opt/stack/glance/glance/api/v2/cached_images.py:69}}
Jul 09 13:25:50 jammy-provider-cloud-0000007320 devstack@g-api.service[103612]: INFO glance.image_cache [None req-d76eefb5-897c-4cbd-9795-55e6a5130363 None None] Image cache loaded driver 'centralized_db'.
Jul 09 13:25:50 jammy-provider-cloud-0000007320 devstack@g-api.service[103613]: INFO glance.image_cache [None req-7c207729-b2d4-4674-9a2b-cb8b2e89c506 None None] Image cache loaded driver 'centralized_db'.
Jul 09 13:25:50 jammy-provider-cloud-0000007320 devstack@g-api.service[103613]: DEBUG glance.image_cache.drivers.centralized_db [None req-7c207729-b2d4-4674-9a2b-cb8b2e89c506 None None] Node reference is already recorded, ignoring it {{(pid=103613) configure /opt/stack/glance/glance/image_cache/drivers/centralized_db.py:71}}
Jul 09 13:25:50 jammy-provider-cloud-0000007320 devstack@g-api.service[103612]: DEBUG glance.image_cache.drivers.centralized_db [None req-d76eefb5-897c-4cbd-9795-55e6a5130363 None None] Node reference is already recorded, ignoring it {{(pid=103612) configure /opt/stack/glance/glance/image_cache/drivers/centralized_db.py:71}}
Jul 09 13:25:50 jammy-provider-cloud-0000007320 devstack@g-api.service[103613]: DEBUG glance.api.v2.cached_images [None req-7c207729-b2d4-4674-9a2b-cb8b2e89c506 None None] Started cache worker thread {{(pid=103613) __init__ /opt/stack/glance/glance/api/v2/cached_images.py:69}}
Jul 09 13:25:50 jammy-provider-cloud-0000007320 devstack@g-api.service[103612]: INFO glance.api.middleware.cache_manage [None req-d76eefb5-897c-4cbd-9795-55e6a5130363 None None] Initialized image cache management middleware
Jul 09 13:25:50 jammy-provider-cloud-0000007320 devstack@g-api.service[103612]: INFO glance.image_cache [None req-d76eefb5-897c-4cbd-9795-55e6a5130363 None None] Image cache loaded driver 'centralized_db'.
Jul 09 13:25:50 jammy-provider-cloud-0000007320 devstack@g-api.service[103613]: INFO glance.image_cache [None req-7c207729-b2d4-4674-9a2b-cb8b2e89c506 None None] Image cache loaded driver 'centralized_db'.
Jul 09 13:25:50 jammy-provider-cloud-0000007320 devstack@g-api.service[103612]: DEBUG glance.image_cache.drivers.centralized_db [None req-d76eefb5-897c-4cbd-9795-55e6a5130363 None None] Node reference is already recorded, ignoring it {{(pid=103612) configure /opt/stack/glance/glance/image_cache/drivers/centralized_db.py:71}}
Jul 09 13:25:50 jammy-provider-cloud-0000007320 devstack@g-api.service[103613]: DEBUG glance.image_cache.drivers.centralized_db [None req-7c207729-b2d4-4674-9a2b-cb8b2e89c506 None None] Node reference is already recorded, ignoring it {{(pid=103613) configure /opt/stack/glance/glance/image_cache/drivers/centralized_db.py:71}}
Jul 09 13:25:50 jammy-provider-cloud-0000007320 devstack@g-api.service[103612]: INFO glance.api.middleware.cache [None req-d76eefb5-897c-4cbd-9795-55e6a5130363 None None] Initialized image cache middleware
Jul 09 13:25:50 jammy-provider-cloud-0000007320 devstack@g-api.service[103613]: INFO glance.api.middleware.cache_manage [None req-7c207729-b2d4-4674-9a2b-cb8b2e89c506 None None] Initialized image cache management middleware
Jul 09 13:25:50 jammy-provider-cloud-0000007320 devstack@g-api.service[103613]: INFO glance.image_cache [None req-7c207729-b2d4-4674-9a2b-cb8b2e89c506 None None] Image cache loaded driver 'centralized_db'.
Jul 09 13:25:50 jammy-provider-cloud-0000007320 devstack@g-api.service[103612]: WARNING keystonemiddleware.auth_token [None req-d76eefb5-897c-4cbd-9795-55e6a5130363 None None] AuthToken middleware is set with keystone_authtoken.service_token_roles_required set to False. This is backwards compatible but deprecated behaviour. Please set this to True.
Jul 09 13:25:50 jammy-provider-cloud-0000007320 devstack@g-api.service[103613]: DEBUG glance.image_cache.drivers.centralized_db [None req-7c207729-b2d4-4674-9a2b-cb8b2e89c506 None None] Node reference is already recorded, ignoring it {{(pid=103613) configure /opt/stack/glance/glance/image_cache/drivers/centralized_db.py:71}}
Jul 09 13:25:50 jammy-provider-cloud-0000007320 devstack@g-api.service[103612]: WARNING keystonemiddleware.auth_token [None req-d76eefb5-897c-4cbd-9795-55e6a5130363 None None] Configuring www_authenticate_uri to point to the public identity endpoint is required; clients may not be able to authenticate against an admin endpoint
Jul 09 13:25:50 jammy-provider-cloud-0000007320 devstack@g-api.service[103613]: INFO glance.api.middleware.cache [None req-7c207729-b2d4-4674-9a2b-cb8b2e89c506 None None] Initialized image cache middleware
Jul 09 13:25:50 jammy-provider-cloud-0000007320 devstack@g-api.service[103612]: DEBUG glance.common.config [None req-d76eefb5-897c-4cbd-9795-55e6a5130363 None None] ******************************************************************************** {{(pid=103612) log_opt_values /opt/stack/data/venv/lib/python3.10/site-packages/oslo_config/cfg.py:2600}}
Jul 09 13:25:50 jammy-provider-cloud-0000007320 devstack@g-api.service[103612]: DEBUG glance.common.config [None req-d76eefb5-897c-4cbd-9795-55e6a5130363 None None] Configuration options gathered from: {{(pid=103612) log_opt_values /opt/stack/data/venv/lib/python3.10/site-packages/oslo_config/cfg.py:2601}}
Jul 09 13:25:50 jammy-provider-cloud-0000007320 devstack@g-api.service[103612]: DEBUG glance.common.config [None req-d76eefb5-897c-4cbd-9795-55e6a5130363 None None] command line args: [] {{(pid=103612) log_opt_values /opt/stack/data/venv/lib/python3.10/site-packages/oslo_config/cfg.py:2602}}
Jul 09 13:25:50 jammy-provider-cloud-0000007320 devstack@g-api.service[103612]: DEBUG glance.common.config [None req-d76eefb5-897c-4cbd-9795-55e6a5130363 None None] config files: ['/etc/glance/glance-image-import.conf', '/etc/glance/glance-api.conf'] {{(pid=103612) log_opt_values /opt/stack/data/venv/lib/python3.10/site-packages/oslo_config/cfg.py:2603}}
Jul 09 13:25:50 jammy-provider-cloud-0000007320 devstack@g-api.service[103612]: DEBUG glance.common.config [None req-d76eefb5-897c-4cbd-9795-55e6a5130363 None None] ================================================================================ {{(pid=103612) log_opt_values /opt/stack/data/venv/lib/python3.10/site-packages/oslo_config/cfg.py:2605}}
Jul 09 13:25:50 jammy-provider-cloud-0000007320 devstack@g-api.service[103612]: DEBUG glance.common.config [None req-d76eefb5-897c-4cbd-9795-55e6a5130363 None None] allow_anonymous_access         = False {{(pid=103612) log_opt_values /opt/stack/data/venv/lib/python3.10/site-packages/oslo_config/cfg.py:2613}}
Jul 09 13:25:50 jammy-provider-cloud-0000007320 devstack@g-api.service[103612]: DEBUG glance.common.config [None req-d76eefb5-897c-4cbd-9795-55e6a5130363 None None] api_limit_max                  = 1000 {{(pid=103612) log_opt_values /opt/stack/data/venv/lib/python3.10/site-packages/oslo_config/cfg.py:2613}}
Jul 09 13:25:50 jammy-provider-cloud-0000007320 devstack@g-api.service[103612]: DEBUG glance.common.config [None req-d76eefb5-897c-4cbd-9795-55e6a5130363 None None] backlog                        = 4096 {{(pid=103612) log_opt_values /opt/stack/data/venv/lib/python3.10/site-packages/oslo_config/cfg.py:2613}}
Jul 09 13:25:50 jammy-provider-cloud-0000007320 devstack@g-api.service[103612]: DEBUG glance.common.config [None req-d76eefb5-897c-4cbd-9795-55e6a5130363 None None] bind_host                      = 0.0.0.0 {{(pid=103612) log_opt_values /opt/stack/data/venv/lib/python3.10/site-packages/oslo_config/cfg.py:2613}}
Jul 09 13:25:50 jammy-provider-cloud-0000007320 devstack@g-api.service[103612]: DEBUG glance.common.config [None req-d76eefb5-897c-4cbd-9795-55e6a5130363 None None] bind_port                      = None {{(pid=103612) log_opt_values /opt/stack/data/venv/lib/python3.10/site-packages/oslo_config/cfg.py:2613}}
Jul 09 13:25:50 jammy-provider-cloud-0000007320 devstack@g-api.service[103612]: DEBUG glance.common.config [None req-d76eefb5-897c-4cbd-9795-55e6a5130363 None None] client_socket_timeout          = 900 {{(pid=103612) log_opt_values /opt/stack/data/venv/lib/python3.10/site-packages/oslo_config/cfg.py:2613}}
Jul 09 13:25:50 jammy-provider-cloud-0000007320 devstack@g-api.service[103612]: DEBUG glance.common.config [None req-d76eefb5-897c-4cbd-9795-55e6a5130363 None None] config_dir                     = [] {{(pid=103612) log_opt_values /opt/stack/data/venv/lib/python3.10/site-packages/oslo_config/cfg.py:2613}}
Jul 09 13:25:50 jammy-provider-cloud-0000007320 devstack@g-api.service[103612]: DEBUG glance.common.config [None req-d76eefb5-897c-4cbd-9795-55e6a5130363 None None] config_file                    = ['/etc/glance/glance-image-import.conf', '/etc/glance/glance-api.conf'] {{(pid=103612) log_opt_values /opt/stack/data/venv/lib/python3.10/site-packages/oslo_config/cfg.py:2613}}
Jul 09 13:25:50 jammy-provider-cloud-0000007320 devstack@g-api.service[103612]: DEBUG glance.common.config [None req-d76eefb5-897c-4cbd-9795-55e6a5130363 None None] config_source                  = [] {{(pid=103612) log_opt_values /opt/stack/data/venv/lib/python3.10/site-packages/oslo_config/cfg.py:2613}}
Jul 09 13:25:50 jammy-provider-cloud-0000007320 devstack@g-api.service[103612]: DEBUG glance.common.config [None req-d76eefb5-897c-4cbd-9795-55e6a5130363 None None] control_exchange               = glance {{(pid=103612) log_opt_values /opt/stack/data/venv/lib/python3.10/site-packages/oslo_config/cfg.py:2613}}
Jul 09 13:25:50 jammy-provider-cloud-0000007320 devstack@g-api.service[103613]: WARNING keystonemiddleware.auth_token [None req-7c207729-b2d4-4674-9a2b-cb8b2e89c506 None None] AuthToken middleware is set with keystone_authtoken.service_token_roles_required set to False. This is backwards compatible but deprecated behaviour. Please set this to True.
Jul 09 13:25:50 jammy-provider-cloud-0000007320 devstack@g-api.service[103612]: DEBUG glance.common.config [None req-d76eefb5-897c-4cbd-9795-55e6a5130363 None None] debug                          = True {{(pid=103612) log_opt_values /opt/stack/data/venv/lib/python3.10/site-packages/oslo_config/cfg.py:2613}}
Jul 09 13:25:50 jammy-provider-cloud-0000007320 devstack@g-api.service[103612]: DEBUG glance.common.config [None req-d76eefb5-897c-4cbd-9795-55e6a5130363 None None] default_log_levels             = ['amqp=WARN', 'amqplib=WARN', 'boto=WARN', 'qpid=WARN', 'sqlalchemy=WARN', 'suds=INFO', 'oslo.messaging=INFO', 'oslo_messaging=INFO', 'iso8601=WARN', 'requests.packages.urllib3.connectionpool=WARN', 'urllib3.connectionpool=WARN', 'websocket=WARN', 'requests.packages.urllib3.util.retry=WARN', 'urllib3.util.retry=WARN', 'keystonemiddleware=WARN', 'routes.middleware=WARN', 'stevedore=WARN', 'taskflow=WARN', 'keystoneauth=WARN', 'oslo.cache=INFO', 'oslo_policy=INFO', 'dogpile.core.dogpile=INFO'] {{(pid=103612) log_opt_values /opt/stack/data/venv/lib/python3.10/site-packages/oslo_config/cfg.py:2613}}
Jul 09 13:25:50 jammy-provider-cloud-0000007320 devstack@g-api.service[103612]: DEBUG glance.common.config [None req-d76eefb5-897c-4cbd-9795-55e6a5130363 None None] default_publisher_id           = image.localhost {{(pid=103612) log_opt_values /opt/stack/data/venv/lib/python3.10/site-packages/oslo_config/cfg.py:2613}}
Jul 09 13:25:50 jammy-provider-cloud-0000007320 devstack@g-api.service[103612]: DEBUG glance.common.config [None req-d76eefb5-897c-4cbd-9795-55e6a5130363 None None] delayed_delete                 = False {{(pid=103612) log_opt_values /opt/stack/data/venv/lib/python3.10/site-packages/oslo_config/cfg.py:2613}}
Jul 09 13:25:50 jammy-provider-cloud-0000007320 devstack@g-api.service[103612]: DEBUG glance.common.config [None req-d76eefb5-897c-4cbd-9795-55e6a5130363 None None] digest_algorithm               = sha256 {{(pid=103612) log_opt_values /opt/stack/data/venv/lib/python3.10/site-packages/oslo_config/cfg.py:2613}}
Jul 09 13:25:50 jammy-provider-cloud-0000007320 devstack@g-api.service[103612]: DEBUG glance.common.config [None req-d76eefb5-897c-4cbd-9795-55e6a5130363 None None] disabled_notifications         = [] {{(pid=103612) log_opt_values /opt/stack/data/venv/lib/python3.10/site-packages/oslo_config/cfg.py:2613}}
Jul 09 13:25:50 jammy-provider-cloud-0000007320 devstack@g-api.service[103612]: DEBUG glance.common.config [None req-d76eefb5-897c-4cbd-9795-55e6a5130363 None None] enabled_backends               = None {{(pid=103612) log_opt_values /opt/stack/data/venv/lib/python3.10/site-packages/oslo_config/cfg.py:2613}}
Jul 09 13:25:50 jammy-provider-cloud-0000007320 devstack@g-api.service[103612]: DEBUG glance.common.config [None req-d76eefb5-897c-4cbd-9795-55e6a5130363 None None] enabled_import_methods         = ['glance-direct', 'web-download', 'copy-image'] {{(pid=103612) log_opt_values /opt/stack/data/venv/lib/python3.10/site-packages/oslo_config/cfg.py:2613}}
Jul 09 13:25:50 jammy-provider-cloud-0000007320 devstack@g-api.service[103612]: DEBUG glance.common.config [None req-d76eefb5-897c-4cbd-9795-55e6a5130363 None None] hashing_algorithm              = sha512 {{(pid=103612) log_opt_values /opt/stack/data/venv/lib/python3.10/site-packages/oslo_config/cfg.py:2613}}
Jul 09 13:25:50 jammy-provider-cloud-0000007320 devstack@g-api.service[103612]: DEBUG glance.common.config [None req-d76eefb5-897c-4cbd-9795-55e6a5130363 None None] http_keepalive                 = True {{(pid=103612) log_opt_values /opt/stack/data/venv/lib/python3.10/site-packages/oslo_config/cfg.py:2613}}
Jul 09 13:25:50 jammy-provider-cloud-0000007320 devstack@g-api.service[103612]: DEBUG glance.common.config [None req-d76eefb5-897c-4cbd-9795-55e6a5130363 None None] image_cache_dir                = /opt/stack/data/glance/cache/ {{(pid=103612) log_opt_values /opt/stack/data/venv/lib/python3.10/site-packages/oslo_config/cfg.py:2613}}
Jul 09 13:25:50 jammy-provider-cloud-0000007320 devstack@g-api.service[103612]: DEBUG glance.common.config [None req-d76eefb5-897c-4cbd-9795-55e6a5130363 None None] image_cache_driver             = centralized_db {{(pid=103612) log_opt_values /opt/stack/data/venv/lib/python3.10/site-packages/oslo_config/cfg.py:2613}}
Jul 09 13:25:50 jammy-provider-cloud-0000007320 devstack@g-api.service[103612]: DEBUG glance.common.config [None req-d76eefb5-897c-4cbd-9795-55e6a5130363 None None] image_cache_max_size           = 10737418240 {{(pid=103612) log_opt_values /opt/stack/data/venv/lib/python3.10/site-packages/oslo_config/cfg.py:2613}}
Jul 09 13:25:50 jammy-provider-cloud-0000007320 devstack@g-api.service[103612]: DEBUG glance.common.config [None req-d76eefb5-897c-4cbd-9795-55e6a5130363 None None] image_cache_sqlite_db          = cache.db {{(pid=103612) log_opt_values /opt/stack/data/venv/lib/python3.10/site-packages/oslo_config/cfg.py:2613}}
Jul 09 13:25:50 jammy-provider-cloud-0000007320 devstack@g-api.service[103613]: WARNING keystonemiddleware.auth_token [None req-7c207729-b2d4-4674-9a2b-cb8b2e89c506 None None] Configuring www_authenticate_uri to point to the public identity endpoint is required; clients may not be able to authenticate against an admin endpoint
Jul 09 13:25:50 jammy-provider-cloud-0000007320 devstack@g-api.service[103612]: DEBUG glance.common.config [None req-d76eefb5-897c-4cbd-9795-55e6a5130363 None None] image_cache_stall_time         = 86400 {{(pid=103612) log_opt_values /opt/stack/data/venv/lib/python3.10/site-packages/oslo_config/cfg.py:2613}}
Jul 09 13:25:50 jammy-provider-cloud-0000007320 devstack@g-api.service[103612]: DEBUG glance.common.config [None req-d76eefb5-897c-4cbd-9795-55e6a5130363 None None] image_location_quota           = 10 {{(pid=103612) log_opt_values /opt/stack/data/venv/lib/python3.10/site-packages/oslo_config/cfg.py:2613}}
Jul 09 13:25:50 jammy-provider-cloud-0000007320 devstack@g-api.service[103612]: DEBUG glance.common.config [None req-d76eefb5-897c-4cbd-9795-55e6a5130363 None None] image_member_quota             = 128 {{(pid=103612) log_opt_values /opt/stack/data/venv/lib/python3.10/site-packages/oslo_config/cfg.py:2613}}
Jul 09 13:25:50 jammy-provider-cloud-0000007320 devstack@g-api.service[103612]: DEBUG glance.common.config [None req-d76eefb5-897c-4cbd-9795-55e6a5130363 None None] image_property_quota           = 128 {{(pid=103612) log_opt_values /opt/stack/data/venv/lib/python3.10/site-packages/oslo_config/cfg.py:2613}}
Jul 09 13:25:50 jammy-provider-cloud-0000007320 devstack@g-api.service[103612]: DEBUG glance.common.config [None req-d76eefb5-897c-4cbd-9795-55e6a5130363 None None] image_size_cap                 = 1099511627776 {{(pid=103612) log_opt_values /opt/stack/data/venv/lib/python3.10/site-packages/oslo_config/cfg.py:2613}}
Jul 09 13:25:50 jammy-provider-cloud-0000007320 devstack@g-api.service[103612]: DEBUG glance.common.config [None req-d76eefb5-897c-4cbd-9795-55e6a5130363 None None] image_tag_quota                = 128 {{(pid=103612) log_opt_values /opt/stack/data/venv/lib/python3.10/site-packages/oslo_config/cfg.py:2613}}
Jul 09 13:25:50 jammy-provider-cloud-0000007320 devstack@g-api.service[103612]: DEBUG glance.common.config [None req-d76eefb5-897c-4cbd-9795-55e6a5130363 None None] instance_format                = [instance: %(uuid)s]  {{(pid=103612) log_opt_values /opt/stack/data/venv/lib/python3.10/site-packages/oslo_config/cfg.py:2613}}
Jul 09 13:25:50 jammy-provider-cloud-0000007320 devstack@g-api.service[103612]: DEBUG glance.common.config [None req-d76eefb5-897c-4cbd-9795-55e6a5130363 None None] instance_uuid_format           = [instance: %(uuid)s]  {{(pid=103612) log_opt_values /opt/stack/data/venv/lib/python3.10/site-packages/oslo_config/cfg.py:2613}}
Jul 09 13:25:50 jammy-provider-cloud-0000007320 devstack@g-api.service[103612]: DEBUG glance.common.config [None req-d76eefb5-897c-4cbd-9795-55e6a5130363 None None] limit_param_default            = 25 {{(pid=103612) log_opt_values /opt/stack/data/venv/lib/python3.10/site-packages/oslo_config/cfg.py:2613}}
Jul 09 13:25:50 jammy-provider-cloud-0000007320 devstack@g-api.service[103612]: DEBUG glance.common.config [None req-d76eefb5-897c-4cbd-9795-55e6a5130363 None None] location_strategy              = location_order {{(pid=103612) log_opt_values /opt/stack/data/venv/lib/python3.10/site-packages/oslo_config/cfg.py:2613}}
Jul 09 13:25:50 jammy-provider-cloud-0000007320 devstack@g-api.service[103612]: DEBUG glance.common.config [None req-d76eefb5-897c-4cbd-9795-55e6a5130363 None None] log_color                      = False {{(pid=103612) log_opt_values /opt/stack/data/venv/lib/python3.10/site-packages/oslo_config/cfg.py:2613}}
Jul 09 13:25:50 jammy-provider-cloud-0000007320 devstack@g-api.service[103612]: DEBUG glance.common.config [None req-d76eefb5-897c-4cbd-9795-55e6a5130363 None None] log_config_append              = None {{(pid=103612) log_opt_values /opt/stack/data/venv/lib/python3.10/site-packages/oslo_config/cfg.py:2613}}
Jul 09 13:25:50 jammy-provider-cloud-0000007320 devstack@g-api.service[103612]: DEBUG glance.common.config [None req-d76eefb5-897c-4cbd-9795-55e6a5130363 None None] log_date_format                = %Y-%m-%d %H:%M:%S {{(pid=103612) log_opt_values /opt/stack/data/venv/lib/python3.10/site-packages/oslo_config/cfg.py:2613}}
Jul 09 13:25:50 jammy-provider-cloud-0000007320 devstack@g-api.service[103612]: DEBUG glance.common.config [None req-d76eefb5-897c-4cbd-9795-55e6a5130363 None None] log_dir                        = None {{(pid=103612) log_opt_values /opt/stack/data/venv/lib/python3.10/site-packages/oslo_config/cfg.py:2613}}
Jul 09 13:25:50 jammy-provider-cloud-0000007320 devstack@g-api.service[103612]: DEBUG glance.common.config [None req-d76eefb5-897c-4cbd-9795-55e6a5130363 None None] log_file                       = None {{(pid=103612) log_opt_values /opt/stack/data/venv/lib/python3.10/site-packages/oslo_config/cfg.py:2613}}
Jul 09 13:25:50 jammy-provider-cloud-0000007320 devstack@g-api.service[103612]: DEBUG glance.common.config [None req-d76eefb5-897c-4cbd-9795-55e6a5130363 None None] log_rotate_interval            = 1 {{(pid=103612) log_opt_values /opt/stack/data/venv/lib/python3.10/site-packages/oslo_config/cfg.py:2613}}
Jul 09 13:25:50 jammy-provider-cloud-0000007320 devstack@g-api.service[103613]: DEBUG glance.common.config [None req-7c207729-b2d4-4674-9a2b-cb8b2e89c506 None None] ******************************************************************************** {{(pid=103613) log_opt_values /opt/stack/data/venv/lib/python3.10/site-packages/oslo_config/cfg.py:2600}}
Jul 09 13:25:50 jammy-provider-cloud-0000007320 devstack@g-api.service[103613]: DEBUG glance.common.config [None req-7c207729-b2d4-4674-9a2b-cb8b2e89c506 None None] Configuration options gathered from: {{(pid=103613) log_opt_values /opt/stack/data/venv/lib/python3.10/site-packages/oslo_config/cfg.py:2601}}
Jul 09 13:25:50 jammy-provider-cloud-0000007320 devstack@g-api.service[103612]: DEBUG glance.common.config [None req-d76eefb5-897c-4cbd-9795-55e6a5130363 None None] log_rotate_interval_type       = days {{(pid=103612) log_opt_values /opt/stack/data/venv/lib/python3.10/site-packages/oslo_config/cfg.py:2613}}
Jul 09 13:25:50 jammy-provider-cloud-0000007320 devstack@g-api.service[103613]: DEBUG glance.common.config [None req-7c207729-b2d4-4674-9a2b-cb8b2e89c506 None None] command line args: [] {{(pid=103613) log_opt_values /opt/stack/data/venv/lib/python3.10/site-packages/oslo_config/cfg.py:2602}}
Jul 09 13:25:50 jammy-provider-cloud-0000007320 devstack@g-api.service[103613]: DEBUG glance.common.config [None req-7c207729-b2d4-4674-9a2b-cb8b2e89c506 None None] config files: ['/etc/glance/glance-image-import.conf', '/etc/glance/glance-api.conf'] {{(pid=103613) log_opt_values /opt/stack/data/venv/lib/python3.10/site-packages/oslo_config/cfg.py:2603}}
