Jan 16 10:24:10 jammy-provider-cloud-0000007944 neutron-server[90403]: INFO neutron.api.extensions [None req-e6f62488-b224-48fb-8481-7fac8c5fac80 None None] Extension trunk-details not supported by any of loaded plugins
Jan 16 10:24:10 jammy-provider-cloud-0000007944 neutron-server[90403]: DEBUG neutron.api.extensions [None req-e6f62488-b224-48fb-8481-7fac8c5fac80 None None] Loading extension file: uplink_status_propagation.py {{(pid=90403) _load_all_extensions_from_path /opt/stack/neutron/neutron/api/extensions.py:449}}
Jan 16 10:24:10 jammy-provider-cloud-0000007944 neutron-server[90403]: DEBUG neutron.api.extensions [None req-e6f62488-b224-48fb-8481-7fac8c5fac80 None None] Ext name="Uplink status propagation extension" alias="uplink-status-propagation" description="Provides ability to propagate port uplink status." updated="2018-05-31T18:00:00-00:00" {{(pid=90403) _check_extension /opt/stack/neutron/neutron/api/extensions.py:415}}
Jan 16 10:24:10 jammy-provider-cloud-0000007944 neutron-server[90403]: INFO neutron.api.extensions [None req-e6f62488-b224-48fb-8481-7fac8c5fac80 None None] Extension uplink-status-propagation not supported by any of loaded plugins
Jan 16 10:24:10 jammy-provider-cloud-0000007944 neutron-server[90403]: DEBUG neutron.api.extensions [None req-e6f62488-b224-48fb-8481-7fac8c5fac80 None None] Loading extension file: uplink_status_propagation_updatable.py {{(pid=90403) _load_all_extensions_from_path /opt/stack/neutron/neutron/api/extensions.py:449}}
Jan 16 10:24:10 jammy-provider-cloud-0000007944 neutron-server[90403]: DEBUG neutron.api.extensions [None req-e6f62488-b224-48fb-8481-7fac8c5fac80 None None] Ext name="Uplink status propagation updatable extension" alias="uplink-status-propagation-updatable" description="Provides ability to update the port uplink status." updated="2024-09-03T18:00:00-00:00" {{(pid=90403) _check_extension /opt/stack/neutron/neutron/api/extensions.py:415}}
Jan 16 10:24:10 jammy-provider-cloud-0000007944 neutron-server[90403]: INFO neutron.api.extensions [None req-e6f62488-b224-48fb-8481-7fac8c5fac80 None None] Extension uplink-status-propagation-updatable not supported by any of loaded plugins
Jan 16 10:24:10 jammy-provider-cloud-0000007944 neutron-server[90403]: DEBUG neutron.api.extensions [None req-e6f62488-b224-48fb-8481-7fac8c5fac80 None None] Loading extension file: vlantransparent.py {{(pid=90403) _load_all_extensions_from_path /opt/stack/neutron/neutron/api/extensions.py:449}}
Jan 16 10:24:10 jammy-provider-cloud-0000007944 neutron-server[90403]: DEBUG neutron.api.extensions [None req-e6f62488-b224-48fb-8481-7fac8c5fac80 None None] Ext name="Vlantransparent" alias="vlan-transparent" description="Provides Vlan Transparent Networks" updated="2015-03-23T09:00:00-00:00" {{(pid=90403) _check_extension /opt/stack/neutron/neutron/api/extensions.py:415}}
Jan 16 10:24:10 jammy-provider-cloud-0000007944 neutron-server[90403]: INFO neutron.api.extensions [None req-e6f62488-b224-48fb-8481-7fac8c5fac80 None None] Extension vlan-transparent not supported by any of loaded plugins
Jan 16 10:24:10 jammy-provider-cloud-0000007944 neutron-server[90403]: INFO neutron.quota.resource_registry [None req-e6f62488-b224-48fb-8481-7fac8c5fac80 None None] Creating instance of TrackedResource for resource:network
Jan 16 10:24:10 jammy-provider-cloud-0000007944 neutron-server[90403]: INFO neutron.quota.resource_registry [None req-e6f62488-b224-48fb-8481-7fac8c5fac80 None None] Creating instance of TrackedResource for resource:subnet
Jan 16 10:24:10 jammy-provider-cloud-0000007944 neutron-server[90403]: INFO neutron.quota.resource_registry [None req-e6f62488-b224-48fb-8481-7fac8c5fac80 None None] Creating instance of TrackedResource for resource:subnetpool
Jan 16 10:24:10 jammy-provider-cloud-0000007944 neutron-server[90403]: INFO neutron.quota.resource_registry [None req-e6f62488-b224-48fb-8481-7fac8c5fac80 None None] Creating instance of TrackedResource for resource:port
Jan 16 10:24:10 jammy-provider-cloud-0000007944 neutron-server[90403]: DEBUG neutron.api.v2.resource_helper [None req-e6f62488-b224-48fb-8481-7fac8c5fac80 None None] Service FLAVORS assigned prefix:  {{(pid=90403) build_resource_info /opt/stack/neutron/neutron/api/v2/resource_helper.py:77}}
Jan 16 10:24:10 jammy-provider-cloud-0000007944 neutron-server[90403]: DEBUG neutron.api.v2.resource_helper [None req-e6f62488-b224-48fb-8481-7fac8c5fac80 None None] Service L3_ROUTER_NAT assigned prefix:  {{(pid=90403) build_resource_info /opt/stack/neutron/neutron/api/v2/resource_helper.py:77}}
Jan 16 10:24:10 jammy-provider-cloud-0000007944 neutron-server[90403]: DEBUG neutron.api.v2.resource_helper [None req-e6f62488-b224-48fb-8481-7fac8c5fac80 None None] Service L3_ROUTER_NAT assigned prefix:  {{(pid=90403) build_resource_info /opt/stack/neutron/neutron/api/v2/resource_helper.py:77}}
Jan 16 10:24:10 jammy-provider-cloud-0000007944 neutron-server[90403]: INFO neutron.quota.resource_registry [None req-e6f62488-b224-48fb-8481-7fac8c5fac80 None None] Creating instance of TrackedResource for resource:router
Jan 16 10:24:10 jammy-provider-cloud-0000007944 neutron-server[90403]: INFO neutron.quota.resource_registry [None req-e6f62488-b224-48fb-8481-7fac8c5fac80 None None] Creating instance of TrackedResource for resource:floatingip
Jan 16 10:24:10 jammy-provider-cloud-0000007944 neutron-server[90403]: DEBUG neutron_lib.callbacks.manager [None req-e6f62488-b224-48fb-8481-7fac8c5fac80 None None] Subscribe: <bound method NeutronDbPluginV2.validate_network_rbac_policy_change of <neutron.services.network_ip_availability.plugin.NetworkIPAvailabilityPlugin object at 0x7fe2f3a2ca60>> rbac-policy before_create 55550000, False {{(pid=90403) subscribe /opt/stack/data/venv/lib/python3.10/site-packages/neutron_lib/callbacks/manager.py:52}}
Jan 16 10:24:10 jammy-provider-cloud-0000007944 neutron-server[90403]: DEBUG neutron_lib.callbacks.manager [None req-e6f62488-b224-48fb-8481-7fac8c5fac80 None None] Subscribe: <bound method NeutronDbPluginV2.validate_network_rbac_policy_change of <neutron.services.network_ip_availability.plugin.NetworkIPAvailabilityPlugin object at 0x7fe2f3a2ca60>> rbac-policy before_update 55550000, False {{(pid=90403) subscribe /opt/stack/data/venv/lib/python3.10/site-packages/neutron_lib/callbacks/manager.py:52}}
Jan 16 10:24:10 jammy-provider-cloud-0000007944 neutron-server[90403]: DEBUG neutron_lib.callbacks.manager [None req-e6f62488-b224-48fb-8481-7fac8c5fac80 None None] Subscribe: <bound method NeutronDbPluginV2.validate_network_rbac_policy_change of <neutron.services.network_ip_availability.plugin.NetworkIPAvailabilityPlugin object at 0x7fe2f3a2ca60>> rbac-policy before_delete 55550000, False {{(pid=90403) subscribe /opt/stack/data/venv/lib/python3.10/site-packages/neutron_lib/callbacks/manager.py:52}}
Jan 16 10:24:10 jammy-provider-cloud-0000007944 neutron-server[90403]: INFO neutron.quota.resource_registry [None req-e6f62488-b224-48fb-8481-7fac8c5fac80 None None] Creating instance of CountableResource for resource:rbac_policy
Jan 16 10:24:10 jammy-provider-cloud-0000007944 neutron-server[90403]: INFO neutron.quota.resource_registry [None req-e6f62488-b224-48fb-8481-7fac8c5fac80 None None] Creating instance of TrackedResource for resource:security_group
Jan 16 10:24:10 jammy-provider-cloud-0000007944 neutron-server[90403]: INFO neutron.quota.resource_registry [None req-e6f62488-b224-48fb-8481-7fac8c5fac80 None None] Creating instance of TrackedResource for resource:security_group_rule
Jan 16 10:24:10 jammy-provider-cloud-0000007944 neutron-server[90403]: DEBUG neutron.api.v2.resource_helper [None req-e6f62488-b224-48fb-8481-7fac8c5fac80 None None] Service CORE assigned prefix:  {{(pid=90403) build_resource_info /opt/stack/neutron/neutron/api/v2/resource_helper.py:77}}
Jan 16 10:24:10 jammy-provider-cloud-0000007944 neutron-server[90403]: INFO neutron.quota.resource_registry [None req-e6f62488-b224-48fb-8481-7fac8c5fac80 None None] Creating instance of TrackedResource for resource:subnetpool
Jan 16 10:24:10 jammy-provider-cloud-0000007944 neutron-server[90403]: WARNING neutron.quota.resource_registry [None req-e6f62488-b224-48fb-8481-7fac8c5fac80 None None] subnetpool is already registered
Jan 16 10:24:10 jammy-provider-cloud-0000007944 neutron-server[90403]: DEBUG neutron.api.v2.resource_helper [None req-e6f62488-b224-48fb-8481-7fac8c5fac80 None None] Service FLAVORS assigned prefix:  {{(pid=90403) build_resource_info /opt/stack/neutron/neutron/api/v2/resource_helper.py:77}}
Jan 16 10:24:10 jammy-provider-cloud-0000007944 neutron-server[90403]: DEBUG neutron.api.v2.resource_helper [None req-e6f62488-b224-48fb-8481-7fac8c5fac80 None None] Service L3_ROUTER_NAT assigned prefix:  {{(pid=90403) build_resource_info /opt/stack/neutron/neutron/api/v2/resource_helper.py:77}}
Jan 16 10:24:10 jammy-provider-cloud-0000007944 neutron-server[90403]: DEBUG neutron.api.v2.resource_helper [None req-e6f62488-b224-48fb-8481-7fac8c5fac80 None None] Service L3_ROUTER_NAT assigned prefix:  {{(pid=90403) build_resource_info /opt/stack/neutron/neutron/api/v2/resource_helper.py:77}}
Jan 16 10:24:10 jammy-provider-cloud-0000007944 neutron-server[90403]: INFO neutron.quota.resource_registry [None req-e6f62488-b224-48fb-8481-7fac8c5fac80 None None] Creating instance of TrackedResource for resource:router
Jan 16 10:24:10 jammy-provider-cloud-0000007944 neutron-server[90403]: WARNING neutron.quota.resource_registry [None req-e6f62488-b224-48fb-8481-7fac8c5fac80 None None] router is already registered
Jan 16 10:24:10 jammy-provider-cloud-0000007944 neutron-server[90403]: INFO neutron.quota.resource_registry [None req-e6f62488-b224-48fb-8481-7fac8c5fac80 None None] Creating instance of TrackedResource for resource:floatingip
Jan 16 10:24:10 jammy-provider-cloud-0000007944 neutron-server[90403]: WARNING neutron.quota.resource_registry [None req-e6f62488-b224-48fb-8481-7fac8c5fac80 None None] floatingip is already registered
Jan 16 10:24:10 jammy-provider-cloud-0000007944 neutron-server[90403]: INFO neutron.quota.resource_registry [None req-e6f62488-b224-48fb-8481-7fac8c5fac80 None None] Creating instance of CountableResource for resource:rbac_policy
Jan 16 10:24:10 jammy-provider-cloud-0000007944 neutron-server[90403]: WARNING neutron.quota.resource_registry [None req-e6f62488-b224-48fb-8481-7fac8c5fac80 None None] rbac_policy is already registered
Jan 16 10:24:10 jammy-provider-cloud-0000007944 neutron-server[90403]: INFO neutron.quota.resource_registry [None req-e6f62488-b224-48fb-8481-7fac8c5fac80 None None] Creating instance of TrackedResource for resource:security_group
Jan 16 10:24:10 jammy-provider-cloud-0000007944 neutron-server[90403]: WARNING neutron.quota.resource_registry [None req-e6f62488-b224-48fb-8481-7fac8c5fac80 None None] security_group is already registered
Jan 16 10:24:10 jammy-provider-cloud-0000007944 neutron-server[90403]: INFO neutron.quota.resource_registry [None req-e6f62488-b224-48fb-8481-7fac8c5fac80 None None] Creating instance of TrackedResource for resource:security_group_rule
Jan 16 10:24:10 jammy-provider-cloud-0000007944 neutron-server[90403]: WARNING neutron.quota.resource_registry [None req-e6f62488-b224-48fb-8481-7fac8c5fac80 None None] security_group_rule is already registered
Jan 16 10:24:10 jammy-provider-cloud-0000007944 neutron-server[90403]: DEBUG neutron.api.v2.resource_helper [None req-e6f62488-b224-48fb-8481-7fac8c5fac80 None None] Service CORE assigned prefix:  {{(pid=90403) build_resource_info /opt/stack/neutron/neutron/api/v2/resource_helper.py:77}}
Jan 16 10:24:10 jammy-provider-cloud-0000007944 neutron-server[90403]: INFO neutron.quota.resource_registry [None req-e6f62488-b224-48fb-8481-7fac8c5fac80 None None] Creating instance of TrackedResource for resource:subnetpool
Jan 16 10:24:10 jammy-provider-cloud-0000007944 neutron-server[90403]: WARNING neutron.quota.resource_registry [None req-e6f62488-b224-48fb-8481-7fac8c5fac80 None None] subnetpool is already registered
Jan 16 10:24:10 jammy-provider-cloud-0000007944 neutron-server[90403]: DEBUG neutron.api.extensions [None req-e6f62488-b224-48fb-8481-7fac8c5fac80 None None] Extended resource: extensions {{(pid=90403) __init__ /opt/stack/neutron/neutron/api/extensions.py:156}}
Jan 16 10:24:10 jammy-provider-cloud-0000007944 neutron-server[90403]: DEBUG neutron.api.extensions [None req-e6f62488-b224-48fb-8481-7fac8c5fac80 None None] Extended resource: address-groups {{(pid=90403) __init__ /opt/stack/neutron/neutron/api/extensions.py:156}}
Jan 16 10:24:10 jammy-provider-cloud-0000007944 neutron-server[90403]: DEBUG neutron.api.extensions [None req-e6f62488-b224-48fb-8481-7fac8c5fac80 None None] Extended resource: address-scopes {{(pid=90403) __init__ /opt/stack/neutron/neutron/api/extensions.py:156}}
Jan 16 10:24:10 jammy-provider-cloud-0000007944 neutron-server[90403]: DEBUG neutron.api.extensions [None req-e6f62488-b224-48fb-8481-7fac8c5fac80 None None] Extended resource: agents {{(pid=90403) __init__ /opt/stack/neutron/neutron/api/extensions.py:156}}
Jan 16 10:24:10 jammy-provider-cloud-0000007944 neutron-server[90403]: DEBUG neutron.api.extensions [None req-e6f62488-b224-48fb-8481-7fac8c5fac80 None None] Extended resource: auto-allocated-topology {{(pid=90403) __init__ /opt/stack/neutron/neutron/api/extensions.py:156}}
Jan 16 10:24:10 jammy-provider-cloud-0000007944 neutron-server[90403]: DEBUG neutron.api.extensions [None req-e6f62488-b224-48fb-8481-7fac8c5fac80 None None] Extended resource: availability_zones {{(pid=90403) __init__ /opt/stack/neutron/neutron/api/extensions.py:156}}
Jan 16 10:24:10 jammy-provider-cloud-0000007944 neutron-server[90403]: DEBUG neutron.api.extensions [None req-e6f62488-b224-48fb-8481-7fac8c5fac80 None None] Extended resource: dhcp-networks {{(pid=90403) __init__ /opt/stack/neutron/neutron/api/extensions.py:156}}
Jan 16 10:24:10 jammy-provider-cloud-0000007944 neutron-server[90403]: DEBUG neutron.api.extensions [None req-e6f62488-b224-48fb-8481-7fac8c5fac80 None None] Extended resource: dhcp-agents {{(pid=90403) __init__ /opt/stack/neutron/neutron/api/extensions.py:156}}
Jan 16 10:24:10 jammy-provider-cloud-0000007944 neutron-server[90403]: DEBUG neutron.api.extensions [None req-e6f62488-b224-48fb-8481-7fac8c5fac80 None None] Extended resource: flavors {{(pid=90403) __init__ /opt/stack/neutron/neutron/api/extensions.py:156}}
Jan 16 10:24:10 jammy-provider-cloud-0000007944 neutron-server[90403]: DEBUG neutron.api.extensions [None req-e6f62488-b224-48fb-8481-7fac8c5fac80 None None] Extended resource: service_profiles {{(pid=90403) __init__ /opt/stack/neutron/neutron/api/extensions.py:156}}
Jan 16 10:24:10 jammy-provider-cloud-0000007944 neutron-server[90403]: DEBUG neutron.api.extensions [None req-e6f62488-b224-48fb-8481-7fac8c5fac80 None None] Extended resource: next_providers {{(pid=90403) __init__ /opt/stack/neutron/neutron/api/extensions.py:156}}
Jan 16 10:24:10 jammy-provider-cloud-0000007944 neutron-server[90403]: DEBUG neutron.api.extensions [None req-e6f62488-b224-48fb-8481-7fac8c5fac80 None None] Extended resource: service_profiles {{(pid=90403) __init__ /opt/stack/neutron/neutron/api/extensions.py:156}}
Jan 16 10:24:10 jammy-provider-cloud-0000007944 neutron-server[90403]: DEBUG neutron.api.extensions [None req-e6f62488-b224-48fb-8481-7fac8c5fac80 None None] Extended resource: floatingip-pools {{(pid=90403) __init__ /opt/stack/neutron/neutron/api/extensions.py:156}}
Jan 16 10:24:10 jammy-provider-cloud-0000007944 neutron-server[90403]: DEBUG neutron.api.extensions [None req-e6f62488-b224-48fb-8481-7fac8c5fac80 None None] Extended resource: routers {{(pid=90403) __init__ /opt/stack/neutron/neutron/api/extensions.py:156}}
Jan 16 10:24:10 jammy-provider-cloud-0000007944 neutron-server[90403]: DEBUG neutron.api.extensions [None req-e6f62488-b224-48fb-8481-7fac8c5fac80 None None] Extended resource: floatingips {{(pid=90403) __init__ /opt/stack/neutron/neutron/api/extensions.py:156}}
Jan 16 10:24:10 jammy-provider-cloud-0000007944 neutron-server[90403]: DEBUG neutron.api.extensions [None req-e6f62488-b224-48fb-8481-7fac8c5fac80 None None] Extended resource: network-ip-availabilities {{(pid=90403) __init__ /opt/stack/neutron/neutron/api/extensions.py:156}}
Jan 16 10:24:10 jammy-provider-cloud-0000007944 neutron-server[90403]: DEBUG neutron.api.extensions [None req-e6f62488-b224-48fb-8481-7fac8c5fac80 None None] Extended resource: bindings {{(pid=90403) __init__ /opt/stack/neutron/neutron/api/extensions.py:156}}
Jan 16 10:24:10 jammy-provider-cloud-0000007944 neutron-server[90403]: DEBUG neutron.api.extensions [None req-e6f62488-b224-48fb-8481-7fac8c5fac80 None None] Extended resource: quotas {{(pid=90403) __init__ /opt/stack/neutron/neutron/api/extensions.py:156}}
Jan 16 10:24:10 jammy-provider-cloud-0000007944 neutron-server[90403]: DEBUG neutron.api.extensions [None req-e6f62488-b224-48fb-8481-7fac8c5fac80 None None] Extended resource: quotas {{(pid=90403) __init__ /opt/stack/neutron/neutron/api/extensions.py:156}}
Jan 16 10:24:10 jammy-provider-cloud-0000007944 neutron-server[90403]: DEBUG neutron.api.extensions [None req-e6f62488-b224-48fb-8481-7fac8c5fac80 None None] Extended resource: rbac-policies {{(pid=90403) __init__ /opt/stack/neutron/neutron/api/extensions.py:156}}
Jan 16 10:24:10 jammy-provider-cloud-0000007944 neutron-server[90403]: DEBUG neutron.api.extensions [None req-e6f62488-b224-48fb-8481-7fac8c5fac80 None None] Extended resource: default-security-group-rules {{(pid=90403) __init__ /opt/stack/neutron/neutron/api/extensions.py:156}}
Jan 16 10:24:10 jammy-provider-cloud-0000007944 neutron-server[90403]: DEBUG neutron.api.extensions [None req-e6f62488-b224-48fb-8481-7fac8c5fac80 None None] Extended resource: security-groups {{(pid=90403) __init__ /opt/stack/neutron/neutron/api/extensions.py:156}}
Jan 16 10:24:10 jammy-provider-cloud-0000007944 neutron-server[90403]: DEBUG neutron.api.extensions [None req-e6f62488-b224-48fb-8481-7fac8c5fac80 None None] Extended resource: security-group-rules {{(pid=90403) __init__ /opt/stack/neutron/neutron/api/extensions.py:156}}
Jan 16 10:24:10 jammy-provider-cloud-0000007944 neutron-server[90403]: DEBUG neutron.api.extensions [None req-e6f62488-b224-48fb-8481-7fac8c5fac80 None None] Extended resource: service-providers {{(pid=90403) __init__ /opt/stack/neutron/neutron/api/extensions.py:156}}
Jan 16 10:24:10 jammy-provider-cloud-0000007944 neutron-server[90403]: DEBUG neutron.api.extensions [None req-e6f62488-b224-48fb-8481-7fac8c5fac80 None None] Extended resource: subnetpools {{(pid=90403) __init__ /opt/stack/neutron/neutron/api/extensions.py:156}}
Jan 16 10:24:10 jammy-provider-cloud-0000007944 neutron-server[90403]: DEBUG neutron.api.extensions [None req-e6f62488-b224-48fb-8481-7fac8c5fac80 None None] Extended resource: tags {{(pid=90403) __init__ /opt/stack/neutron/neutron/api/extensions.py:156}}
Jan 16 10:24:10 jammy-provider-cloud-0000007944 neutron-server[90403]: DEBUG neutron.api.extensions [None req-e6f62488-b224-48fb-8481-7fac8c5fac80 None None] Extended resource: tags {{(pid=90403) __init__ /opt/stack/neutron/neutron/api/extensions.py:156}}
Jan 16 10:24:10 jammy-provider-cloud-0000007944 neutron-server[90403]: DEBUG neutron.api.extensions [None req-e6f62488-b224-48fb-8481-7fac8c5fac80 None None] Extended resource: tags {{(pid=90403) __init__ /opt/stack/neutron/neutron/api/extensions.py:156}}
Jan 16 10:24:10 jammy-provider-cloud-0000007944 neutron-server[90403]: DEBUG neutron.api.extensions [None req-e6f62488-b224-48fb-8481-7fac8c5fac80 None None] Extended resource: tags {{(pid=90403) __init__ /opt/stack/neutron/neutron/api/extensions.py:156}}
Jan 16 10:24:10 jammy-provider-cloud-0000007944 neutron-server[90403]: DEBUG neutron.api.extensions [None req-e6f62488-b224-48fb-8481-7fac8c5fac80 None None] Extended resource: tags {{(pid=90403) __init__ /opt/stack/neutron/neutron/api/extensions.py:156}}
Jan 16 10:24:10 jammy-provider-cloud-0000007944 neutron-server[90403]: DEBUG neutron.api.extensions [None req-e6f62488-b224-48fb-8481-7fac8c5fac80 None None] Extended resource: tags {{(pid=90403) __init__ /opt/stack/neutron/neutron/api/extensions.py:156}}
Jan 16 10:24:10 jammy-provider-cloud-0000007944 neutron-server[90403]: DEBUG neutron.api.extensions [None req-e6f62488-b224-48fb-8481-7fac8c5fac80 None None] Extended resource: tags {{(pid=90403) __init__ /opt/stack/neutron/neutron/api/extensions.py:156}}
Jan 16 10:24:10 jammy-provider-cloud-0000007944 neutron-server[90403]: DEBUG neutron.api.extensions [None req-e6f62488-b224-48fb-8481-7fac8c5fac80 None None] Extended resource: tags {{(pid=90403) __init__ /opt/stack/neutron/neutron/api/extensions.py:156}}
Jan 16 10:24:10 jammy-provider-cloud-0000007944 neutron-server[90403]: DEBUG neutron.api.extensions [None req-e6f62488-b224-48fb-8481-7fac8c5fac80 None None] Extended resource: tags {{(pid=90403) __init__ /opt/stack/neutron/neutron/api/extensions.py:156}}
Jan 16 10:24:10 jammy-provider-cloud-0000007944 neutron-server[90403]: DEBUG neutron.api.extensions [None req-e6f62488-b224-48fb-8481-7fac8c5fac80 None None] Extended resource: tags {{(pid=90403) __init__ /opt/stack/neutron/neutron/api/extensions.py:156}}
Jan 16 10:24:10 jammy-provider-cloud-0000007944 neutron-server[90403]: WARNING keystonemiddleware.auth_token [None req-e6f62488-b224-48fb-8481-7fac8c5fac80 None None] AuthToken middleware is set with keystone_authtoken.service_token_roles_required set to False. This is backwards compatible but deprecated behaviour. Please set this to True.
Jan 16 10:24:10 jammy-provider-cloud-0000007944 neutron-server[90403]: WARNING keystonemiddleware.auth_token [None req-e6f62488-b224-48fb-8481-7fac8c5fac80 None None] Configuring www_authenticate_uri to point to the public identity endpoint is required; clients may not be able to authenticate against an admin endpoint
Jan 16 10:24:10 jammy-provider-cloud-0000007944 neutron-server[90403]: DEBUG oslo_concurrency.lockutils [None req-e6f62488-b224-48fb-8481-7fac8c5fac80 None None] Acquiring lock "singleton_lock" {{(pid=90403) lock /opt/stack/data/venv/lib/python3.10/site-packages/oslo_concurrency/lockutils.py:310}}
Jan 16 10:24:10 jammy-provider-cloud-0000007944 neutron-server[90403]: DEBUG oslo_concurrency.lockutils [None req-e6f62488-b224-48fb-8481-7fac8c5fac80 None None] Acquired lock "singleton_lock" {{(pid=90403) lock /opt/stack/data/venv/lib/python3.10/site-packages/oslo_concurrency/lockutils.py:313}}
Jan 16 10:24:10 jammy-provider-cloud-0000007944 neutron-server[90403]: DEBUG oslo_concurrency.lockutils [None req-e6f62488-b224-48fb-8481-7fac8c5fac80 None None] Releasing lock "singleton_lock" {{(pid=90403) lock /opt/stack/data/venv/lib/python3.10/site-packages/oslo_concurrency/lockutils.py:331}}
Jan 16 10:24:10 jammy-provider-cloud-0000007944 neutron-server[90403]: INFO oslo_service.service [None req-e6f62488-b224-48fb-8481-7fac8c5fac80 None None] Starting 2 workers
Jan 16 10:24:10 jammy-provider-cloud-0000007944 neutron-server[90403]: DEBUG oslo_service.service [None req-e6f62488-b224-48fb-8481-7fac8c5fac80 None None] Started child 90594 {{(pid=90403) _start_child /opt/stack/data/venv/lib/python3.10/site-packages/oslo_service/service.py:579}}
Jan 16 10:24:10 jammy-provider-cloud-0000007944 neutron-server[90403]: DEBUG oslo_service.service [None req-e6f62488-b224-48fb-8481-7fac8c5fac80 None None] Started child 90595 {{(pid=90403) _start_child /opt/stack/data/venv/lib/python3.10/site-packages/oslo_service/service.py:579}}
Jan 16 10:24:10 jammy-provider-cloud-0000007944 neutron-server[90403]: INFO neutron.service [None req-e6f62488-b224-48fb-8481-7fac8c5fac80 None None] Neutron service started, listening on 0.0.0.0:9696
Jan 16 10:24:10 jammy-provider-cloud-0000007944 neutron-server[90403]: DEBUG neutron_lib.callbacks.manager [None req-e6f62488-b224-48fb-8481-7fac8c5fac80 None None] Publish callbacks ['neutron.plugins.ml2.drivers.ovn.mech_driver.mech_driver.OVNMechanismDriver.pre_fork_initialize-614636'] for process (None), before_spawn {{(pid=90403) _notify_loop /opt/stack/data/venv/lib/python3.10/site-packages/neutron_lib/callbacks/manager.py:184}}
Jan 16 10:24:10 jammy-provider-cloud-0000007944 neutron-server[90403]: DEBUG oslo_concurrency.processutils [None req-e6f62488-b224-48fb-8481-7fac8c5fac80 None None] Running cmd (subprocess): ovsdb-client transact tcp:10.201.5.87:6641 --timeout 180 ["OVN_Northbound", {"op": "wait", "timeout": 0, "table": "Port_Group", "where": [["name", "==", "neutron_pg_drop"]], "until": "==", "rows": []}, {"op": "insert", "table": "ACL", "row": {"action": "drop", "direction": "to-lport", "match": "outport == @neutron_pg_drop && ip", "priority": 1001}, "uuid-name": "droptoport"}, {"op": "insert", "table": "ACL", "row": {"action": "drop", "direction": "from-lport", "match": "inport == @neutron_pg_drop && ip", "priority": 1001}, "uuid-name": "dropfromport"}, {"op": "insert", "table": "Port_Group", "row": {"name": "neutron_pg_drop", "acls": ["set", [["named-uuid", "droptoport"], ["named-uuid", "dropfromport"]]]}}] {{(pid=90403) execute /opt/stack/data/venv/lib/python3.10/site-packages/oslo_concurrency/processutils.py:383}}
Jan 16 10:24:10 jammy-provider-cloud-0000007944 neutron-server[90594]: DEBUG neutron_lib.callbacks.manager [-] Publish callbacks ['neutron.plugins.ml2.drivers.ovn.mech_driver.mech_driver.OVNMechanismDriver.post_fork_initialize-614459'] for process (None), after_init {{(pid=90594) _notify_loop /opt/stack/data/venv/lib/python3.10/site-packages/neutron_lib/callbacks/manager.py:184}}
Jan 16 10:24:10 jammy-provider-cloud-0000007944 neutron-server[90594]: DEBUG oslo_concurrency.lockutils [-] Acquiring lock "singleton_lock" {{(pid=90594) lock /opt/stack/data/venv/lib/python3.10/site-packages/oslo_concurrency/lockutils.py:310}}
Jan 16 10:24:10 jammy-provider-cloud-0000007944 neutron-server[90594]: DEBUG oslo_concurrency.lockutils [-] Acquired lock "singleton_lock" {{(pid=90594) lock /opt/stack/data/venv/lib/python3.10/site-packages/oslo_concurrency/lockutils.py:313}}
Jan 16 10:24:10 jammy-provider-cloud-0000007944 neutron-server[90594]: DEBUG oslo_concurrency.lockutils [-] Releasing lock "singleton_lock" {{(pid=90594) lock /opt/stack/data/venv/lib/python3.10/site-packages/oslo_concurrency/lockutils.py:331}}
Jan 16 10:24:10 jammy-provider-cloud-0000007944 neutron-server[90595]: DEBUG neutron_lib.callbacks.manager [-] Publish callbacks ['neutron.plugins.ml2.drivers.ovn.mech_driver.mech_driver.OVNMechanismDriver.post_fork_initialize-614459'] for process (None), after_init {{(pid=90595) _notify_loop /opt/stack/data/venv/lib/python3.10/site-packages/neutron_lib/callbacks/manager.py:184}}
Jan 16 10:24:10 jammy-provider-cloud-0000007944 neutron-server[90594]: DEBUG neutron.plugins.ml2.drivers.ovn.mech_driver.mech_driver [None req-308f52e0-4469-474e-8354-875621e057e7 None None] Hash Ring setup using multiprocess event lock {{(pid=90594) _setup_hash_ring_event /opt/stack/neutron/neutron/plugins/ml2/drivers/ovn/mech_driver/mech_driver.py:350}}
Jan 16 10:24:10 jammy-provider-cloud-0000007944 neutron-server[90595]: DEBUG oslo_concurrency.lockutils [-] Acquiring lock "singleton_lock" {{(pid=90595) lock /opt/stack/data/venv/lib/python3.10/site-packages/oslo_concurrency/lockutils.py:310}}
Jan 16 10:24:10 jammy-provider-cloud-0000007944 neutron-server[90595]: DEBUG oslo_concurrency.lockutils [-] Acquired lock "singleton_lock" {{(pid=90595) lock /opt/stack/data/venv/lib/python3.10/site-packages/oslo_concurrency/lockutils.py:313}}
Jan 16 10:24:10 jammy-provider-cloud-0000007944 neutron-server[90595]: DEBUG oslo_concurrency.lockutils [-] Releasing lock "singleton_lock" {{(pid=90595) lock /opt/stack/data/venv/lib/python3.10/site-packages/oslo_concurrency/lockutils.py:331}}
Jan 16 10:24:10 jammy-provider-cloud-0000007944 neutron-server[90595]: DEBUG neutron.plugins.ml2.drivers.ovn.mech_driver.mech_driver [None req-7ab92a68-d44a-46d3-a2e2-1503df56eb65 None None] Hash Ring setup using multiprocess event lock {{(pid=90595) _setup_hash_ring_event /opt/stack/neutron/neutron/plugins/ml2/drivers/ovn/mech_driver/mech_driver.py:350}}
Jan 16 10:24:10 jammy-provider-cloud-0000007944 neutron-server[90403]: DEBUG oslo_concurrency.processutils [None req-e6f62488-b224-48fb-8481-7fac8c5fac80 None None] CMD "ovsdb-client transact tcp:10.201.5.87:6641 --timeout 180 ["OVN_Northbound", {"op": "wait", "timeout": 0, "table": "Port_Group", "where": [["name", "==", "neutron_pg_drop"]], "until": "==", "rows": []}, {"op": "insert", "table": "ACL", "row": {"action": "drop", "direction": "to-lport", "match": "outport == @neutron_pg_drop && ip", "priority": 1001}, "uuid-name": "droptoport"}, {"op": "insert", "table": "ACL", "row": {"action": "drop", "direction": "from-lport", "match": "inport == @neutron_pg_drop && ip", "priority": 1001}, "uuid-name": "dropfromport"}, {"op": "insert", "table": "Port_Group", "row": {"name": "neutron_pg_drop", "acls": ["set", [["named-uuid", "droptoport"], ["named-uuid", "dropfromport"]]]}}]" returned: 0 in 0.020s {{(pid=90403) execute /opt/stack/data/venv/lib/python3.10/site-packages/oslo_concurrency/processutils.py:421}}
Jan 16 10:24:10 jammy-provider-cloud-0000007944 neutron-server[90594]: DEBUG dbcounter [-] [90594] Writer thread running {{(pid=90594) stat_writer /opt/stack/data/venv/lib/python3.10/site-packages/dbcounter.py:102}}
Jan 16 10:24:10 jammy-provider-cloud-0000007944 neutron-server[90594]: INFO neutron.db.ovn_hash_ring_db [None req-308f52e0-4469-474e-8354-875621e057e7 None None] Nodes from host "jammy-provider-cloud-0000007944" and group "mechanism_driver" removed from the Hash Ring
Jan 16 10:24:10 jammy-provider-cloud-0000007944 neutron-server[90403]: INFO oslo_service.service [None req-e6f62488-b224-48fb-8481-7fac8c5fac80 None None] Starting 1 workers
Jan 16 10:24:10 jammy-provider-cloud-0000007944 neutron-server[90595]: DEBUG dbcounter [-] [90595] Writer thread running {{(pid=90595) stat_writer /opt/stack/data/venv/lib/python3.10/site-packages/dbcounter.py:102}}
Jan 16 10:24:10 jammy-provider-cloud-0000007944 neutron-server[90595]: INFO neutron.db.ovn_hash_ring_db [None req-7ab92a68-d44a-46d3-a2e2-1503df56eb65 None None] Node 2c573a6e-0c22-4de5-a06f-eb9520af3636 from host "jammy-provider-cloud-0000007944" and group "mechanism_driver" added to the Hash Ring
Jan 16 10:24:10 jammy-provider-cloud-0000007944 neutron-server[90594]: INFO neutron.db.ovn_hash_ring_db [None req-308f52e0-4469-474e-8354-875621e057e7 None None] Node b570acee-a6f7-47f7-9157-0a76cbc2b49b from host "jammy-provider-cloud-0000007944" and group "mechanism_driver" added to the Hash Ring
Jan 16 10:24:10 jammy-provider-cloud-0000007944 neutron-server[90595]: DEBUG neutron.plugins.ml2.drivers.ovn.mech_driver.ovsdb.maintenance [None req-7ab92a68-d44a-46d3-a2e2-1503df56eb65 None None] Periodic task found: HashRingHealthCheckPeriodics.touch_hash_ring_node {{(pid=90595) add_periodics /opt/stack/neutron/neutron/plugins/ml2/drivers/ovn/mech_driver/ovsdb/maintenance.py:93}}
Jan 16 10:24:10 jammy-provider-cloud-0000007944 neutron-server[90594]: DEBUG neutron.plugins.ml2.drivers.ovn.mech_driver.ovsdb.maintenance [None req-308f52e0-4469-474e-8354-875621e057e7 None None] Periodic task found: HashRingHealthCheckPeriodics.touch_hash_ring_node {{(pid=90594) add_periodics /opt/stack/neutron/neutron/plugins/ml2/drivers/ovn/mech_driver/ovsdb/maintenance.py:93}}
Jan 16 10:24:10 jammy-provider-cloud-0000007944 neutron-server[90595]: INFO neutron.plugins.ml2.drivers.ovn.mech_driver.mech_driver [None req-7ab92a68-d44a-46d3-a2e2-1503df56eb65 None None] Hash Ring probing thread for node 2c573a6e-0c22-4de5-a06f-eb9520af3636 has started
Jan 16 10:24:10 jammy-provider-cloud-0000007944 neutron-server[90594]: INFO neutron.plugins.ml2.drivers.ovn.mech_driver.mech_driver [None req-308f52e0-4469-474e-8354-875621e057e7 None None] Hash Ring probing thread for node b570acee-a6f7-47f7-9157-0a76cbc2b49b has started
Jan 16 10:24:10 jammy-provider-cloud-0000007944 neutron-server[90595]: INFO neutron.plugins.ml2.drivers.ovn.mech_driver.ovsdb.impl_idl_ovn [None req-7ab92a68-d44a-46d3-a2e2-1503df56eb65 None None] Getting OvsdbNbOvnIdl for WorkerService with retry
Jan 16 10:24:10 jammy-provider-cloud-0000007944 neutron-server[90598]: DEBUG neutron.service [None req-e6f62488-b224-48fb-8481-7fac8c5fac80 None None] calling RpcWorker wait() {{(pid=90598) _wait /opt/stack/neutron/neutron/service.py:132}}
Jan 16 10:24:10 jammy-provider-cloud-0000007944 neutron-server[90598]: DEBUG neutron.service [None req-e6f62488-b224-48fb-8481-7fac8c5fac80 None None] returning from RpcWorker wait() {{(pid=90598) _wait /opt/stack/neutron/neutron/service.py:139}}
Jan 16 10:24:10 jammy-provider-cloud-0000007944 neutron-server[90594]: INFO neutron.plugins.ml2.drivers.ovn.mech_driver.ovsdb.impl_idl_ovn [None req-308f52e0-4469-474e-8354-875621e057e7 None None] Getting OvsdbNbOvnIdl for WorkerService with retry
Jan 16 10:24:10 jammy-provider-cloud-0000007944 neutron-server[90598]: DEBUG neutron_lib.callbacks.manager [-] Publish callbacks ['neutron.plugins.ml2.drivers.ovn.mech_driver.mech_driver.OVNMechanismDriver.post_fork_initialize-614459'] for process (None), after_init {{(pid=90598) _notify_loop /opt/stack/data/venv/lib/python3.10/site-packages/neutron_lib/callbacks/manager.py:184}}
Jan 16 10:24:10 jammy-provider-cloud-0000007944 neutron-server[90403]: DEBUG oslo_service.service [None req-e6f62488-b224-48fb-8481-7fac8c5fac80 None None] Started child 90598 {{(pid=90403) _start_child /opt/stack/data/venv/lib/python3.10/site-packages/oslo_service/service.py:579}}
Jan 16 10:24:10 jammy-provider-cloud-0000007944 neutron-server[90598]: INFO neutron.plugins.ml2.drivers.ovn.mech_driver.ovsdb.impl_idl_ovn [-] Getting OvsdbNbOvnIdl for RpcWorker with retry
Jan 16 10:24:10 jammy-provider-cloud-0000007944 neutron-server[90403]: INFO oslo_service.service [None req-e6f62488-b224-48fb-8481-7fac8c5fac80 None None] Starting 1 workers
Jan 16 10:24:10 jammy-provider-cloud-0000007944 neutron-server[90403]: DEBUG oslo_service.service [None req-e6f62488-b224-48fb-8481-7fac8c5fac80 None None] Started child 90599 {{(pid=90403) _start_child /opt/stack/data/venv/lib/python3.10/site-packages/oslo_service/service.py:579}}
Jan 16 10:24:10 jammy-provider-cloud-0000007944 neutron-server[90403]: INFO oslo_service.service [None req-e6f62488-b224-48fb-8481-7fac8c5fac80 None None] Starting 1 workers
Jan 16 10:24:10 jammy-provider-cloud-0000007944 neutron-server[90599]: DEBUG neutron_lib.callbacks.manager [-] Publish callbacks ['neutron.plugins.ml2.drivers.ovn.mech_driver.mech_driver.OVNMechanismDriver.post_fork_initialize-614459'] for process (None), after_init {{(pid=90599) _notify_loop /opt/stack/data/venv/lib/python3.10/site-packages/neutron_lib/callbacks/manager.py:184}}
Jan 16 10:24:10 jammy-provider-cloud-0000007944 neutron-server[90594]: DEBUG ovsdbapp.backend.ovs_idl [None req-308f52e0-4469-474e-8354-875621e057e7 None None] Created lookup_table index Logical_Switch.name {{(pid=90594) autocreate_indices /opt/stack/data/venv/lib/python3.10/site-packages/ovsdbapp/backend/ovs_idl/__init__.py:87}}
Jan 16 10:24:10 jammy-provider-cloud-0000007944 neutron-server[90594]: DEBUG ovsdbapp.backend.ovs_idl [None req-308f52e0-4469-474e-8354-875621e057e7 None None] Created lookup_table index Logical_Router.name {{(pid=90594) autocreate_indices /opt/stack/data/venv/lib/python3.10/site-packages/ovsdbapp/backend/ovs_idl/__init__.py:87}}
Jan 16 10:24:10 jammy-provider-cloud-0000007944 neutron-server[90594]: DEBUG ovsdbapp.backend.ovs_idl [None req-308f52e0-4469-474e-8354-875621e057e7 None None] Created lookup_table index Load_Balancer.name {{(pid=90594) autocreate_indices /opt/stack/data/venv/lib/python3.10/site-packages/ovsdbapp/backend/ovs_idl/__init__.py:87}}
Jan 16 10:24:10 jammy-provider-cloud-0000007944 neutron-server[90594]: DEBUG ovsdbapp.backend.ovs_idl [None req-308f52e0-4469-474e-8354-875621e057e7 None None] Created schema index Copp.name {{(pid=90594) autocreate_indices /opt/stack/data/venv/lib/python3.10/site-packages/ovsdbapp/backend/ovs_idl/__init__.py:106}}
Jan 16 10:24:10 jammy-provider-cloud-0000007944 neutron-server[90594]: DEBUG ovsdbapp.backend.ovs_idl [None req-308f52e0-4469-474e-8354-875621e057e7 None None] Created schema index Meter.name {{(pid=90594) autocreate_indices /opt/stack/data/venv/lib/python3.10/site-packages/ovsdbapp/backend/ovs_idl/__init__.py:106}}
Jan 16 10:24:10 jammy-provider-cloud-0000007944 neutron-server[90594]: DEBUG ovsdbapp.backend.ovs_idl [None req-308f52e0-4469-474e-8354-875621e057e7 None None] Created schema index Load_Balancer_Group.name {{(pid=90594) autocreate_indices /opt/stack/data/venv/lib/python3.10/site-packages/ovsdbapp/backend/ovs_idl/__init__.py:106}}
Jan 16 10:24:10 jammy-provider-cloud-0000007944 neutron-server[90594]: DEBUG ovsdbapp.backend.ovs_idl [None req-308f52e0-4469-474e-8354-875621e057e7 None None] Created schema index HA_Chassis_Group.name {{(pid=90594) autocreate_indices /opt/stack/data/venv/lib/python3.10/site-packages/ovsdbapp/backend/ovs_idl/__init__.py:106}}
Jan 16 10:24:10 jammy-provider-cloud-0000007944 neutron-server[90594]: DEBUG ovsdbapp.backend.ovs_idl [None req-308f52e0-4469-474e-8354-875621e057e7 None None] Created schema index Address_Set.name {{(pid=90594) autocreate_indices /opt/stack/data/venv/lib/python3.10/site-packages/ovsdbapp/backend/ovs_idl/__init__.py:106}}
Jan 16 10:24:10 jammy-provider-cloud-0000007944 neutron-server[90594]: DEBUG ovsdbapp.backend.ovs_idl [None req-308f52e0-4469-474e-8354-875621e057e7 None None] Created schema index Connection.target {{(pid=90594) autocreate_indices /opt/stack/data/venv/lib/python3.10/site-packages/ovsdbapp/backend/ovs_idl/__init__.py:106}}
Jan 16 10:24:10 jammy-provider-cloud-0000007944 neutron-server[90599]: INFO neutron.plugins.ml2.drivers.ovn.mech_driver.ovsdb.impl_idl_ovn [-] Getting OvsdbNbOvnIdl for MaintenanceWorker with retry
Jan 16 10:24:10 jammy-provider-cloud-0000007944 neutron-server[90594]: DEBUG ovsdbapp.backend.ovs_idl [None req-308f52e0-4469-474e-8354-875621e057e7 None None] Created schema index Gateway_Chassis.name {{(pid=90594) autocreate_indices /opt/stack/data/venv/lib/python3.10/site-packages/ovsdbapp/backend/ovs_idl/__init__.py:106}}
Jan 16 10:24:10 jammy-provider-cloud-0000007944 neutron-server[90598]: DEBUG ovsdbapp.backend.ovs_idl [None req-1b7a4c4d-bc80-451b-9504-cd6c818f9b4d None None] Created lookup_table index Logical_Switch.name {{(pid=90598) autocreate_indices /opt/stack/data/venv/lib/python3.10/site-packages/ovsdbapp/backend/ovs_idl/__init__.py:87}}
Jan 16 10:24:10 jammy-provider-cloud-0000007944 neutron-server[90598]: DEBUG ovsdbapp.backend.ovs_idl [None req-1b7a4c4d-bc80-451b-9504-cd6c818f9b4d None None] Created lookup_table index Logical_Router.name {{(pid=90598) autocreate_indices /opt/stack/data/venv/lib/python3.10/site-packages/ovsdbapp/backend/ovs_idl/__init__.py:87}}
Jan 16 10:24:10 jammy-provider-cloud-0000007944 neutron-server[90598]: DEBUG ovsdbapp.backend.ovs_idl [None req-1b7a4c4d-bc80-451b-9504-cd6c818f9b4d None None] Created lookup_table index Load_Balancer.name {{(pid=90598) autocreate_indices /opt/stack/data/venv/lib/python3.10/site-packages/ovsdbapp/backend/ovs_idl/__init__.py:87}}
Jan 16 10:24:10 jammy-provider-cloud-0000007944 neutron-server[90594]: DEBUG ovsdbapp.backend.ovs_idl [None req-308f52e0-4469-474e-8354-875621e057e7 None None] Created schema index Logical_Router_Port.name {{(pid=90594) autocreate_indices /opt/stack/data/venv/lib/python3.10/site-packages/ovsdbapp/backend/ovs_idl/__init__.py:106}}
Jan 16 10:24:10 jammy-provider-cloud-0000007944 neutron-server[90598]: DEBUG ovsdbapp.backend.ovs_idl [None req-1b7a4c4d-bc80-451b-9504-cd6c818f9b4d None None] Created schema index Copp.name {{(pid=90598) autocreate_indices /opt/stack/data/venv/lib/python3.10/site-packages/ovsdbapp/backend/ovs_idl/__init__.py:106}}
Jan 16 10:24:10 jammy-provider-cloud-0000007944 neutron-server[90598]: DEBUG ovsdbapp.backend.ovs_idl [None req-1b7a4c4d-bc80-451b-9504-cd6c818f9b4d None None] Created schema index Meter.name {{(pid=90598) autocreate_indices /opt/stack/data/venv/lib/python3.10/site-packages/ovsdbapp/backend/ovs_idl/__init__.py:106}}
Jan 16 10:24:10 jammy-provider-cloud-0000007944 neutron-server[90598]: DEBUG ovsdbapp.backend.ovs_idl [None req-1b7a4c4d-bc80-451b-9504-cd6c818f9b4d None None] Created schema index Load_Balancer_Group.name {{(pid=90598) autocreate_indices /opt/stack/data/venv/lib/python3.10/site-packages/ovsdbapp/backend/ovs_idl/__init__.py:106}}
Jan 16 10:24:10 jammy-provider-cloud-0000007944 neutron-server[90594]: DEBUG ovsdbapp.backend.ovs_idl [None req-308f52e0-4469-474e-8354-875621e057e7 None None] Created schema index Port_Group.name {{(pid=90594) autocreate_indices /opt/stack/data/venv/lib/python3.10/site-packages/ovsdbapp/backend/ovs_idl/__init__.py:106}}
Jan 16 10:24:10 jammy-provider-cloud-0000007944 neutron-server[90598]: DEBUG ovsdbapp.backend.ovs_idl [None req-1b7a4c4d-bc80-451b-9504-cd6c818f9b4d None None] Created schema index HA_Chassis_Group.name {{(pid=90598) autocreate_indices /opt/stack/data/venv/lib/python3.10/site-packages/ovsdbapp/backend/ovs_idl/__init__.py:106}}
Jan 16 10:24:10 jammy-provider-cloud-0000007944 neutron-server[90594]: DEBUG ovsdbapp.backend.ovs_idl [None req-308f52e0-4469-474e-8354-875621e057e7 None None] Created schema index Logical_Switch_Port.name {{(pid=90594) autocreate_indices /opt/stack/data/venv/lib/python3.10/site-packages/ovsdbapp/backend/ovs_idl/__init__.py:106}}
Jan 16 10:24:10 jammy-provider-cloud-0000007944 neutron-server[90598]: DEBUG ovsdbapp.backend.ovs_idl [None req-1b7a4c4d-bc80-451b-9504-cd6c818f9b4d None None] Created schema index Address_Set.name {{(pid=90598) autocreate_indices /opt/stack/data/venv/lib/python3.10/site-packages/ovsdbapp/backend/ovs_idl/__init__.py:106}}
Jan 16 10:24:10 jammy-provider-cloud-0000007944 neutron-server[90598]: DEBUG ovsdbapp.backend.ovs_idl [None req-1b7a4c4d-bc80-451b-9504-cd6c818f9b4d None None] Created schema index Connection.target {{(pid=90598) autocreate_indices /opt/stack/data/venv/lib/python3.10/site-packages/ovsdbapp/backend/ovs_idl/__init__.py:106}}
Jan 16 10:24:10 jammy-provider-cloud-0000007944 neutron-server[90598]: DEBUG ovsdbapp.backend.ovs_idl [None req-1b7a4c4d-bc80-451b-9504-cd6c818f9b4d None None] Created schema index Gateway_Chassis.name {{(pid=90598) autocreate_indices /opt/stack/data/venv/lib/python3.10/site-packages/ovsdbapp/backend/ovs_idl/__init__.py:106}}
Jan 16 10:24:10 jammy-provider-cloud-0000007944 neutron-server[90598]: DEBUG ovsdbapp.backend.ovs_idl [None req-1b7a4c4d-bc80-451b-9504-cd6c818f9b4d None None] Created schema index Logical_Router_Port.name {{(pid=90598) autocreate_indices /opt/stack/data/venv/lib/python3.10/site-packages/ovsdbapp/backend/ovs_idl/__init__.py:106}}
Jan 16 10:24:10 jammy-provider-cloud-0000007944 neutron-server[90598]: DEBUG ovsdbapp.backend.ovs_idl [None req-1b7a4c4d-bc80-451b-9504-cd6c818f9b4d None None] Created schema index Port_Group.name {{(pid=90598) autocreate_indices /opt/stack/data/venv/lib/python3.10/site-packages/ovsdbapp/backend/ovs_idl/__init__.py:106}}
Jan 16 10:24:10 jammy-provider-cloud-0000007944 neutron-server[90598]: DEBUG ovsdbapp.backend.ovs_idl [None req-1b7a4c4d-bc80-451b-9504-cd6c818f9b4d None None] Created schema index Logical_Switch_Port.name {{(pid=90598) autocreate_indices /opt/stack/data/venv/lib/python3.10/site-packages/ovsdbapp/backend/ovs_idl/__init__.py:106}}
Jan 16 10:24:10 jammy-provider-cloud-0000007944 neutron-server[90598]: INFO ovsdbapp.backend.ovs_idl.vlog [None req-1b7a4c4d-bc80-451b-9504-cd6c818f9b4d None None] tcp:10.201.5.87:6641: connecting...
Jan 16 10:24:10 jammy-provider-cloud-0000007944 neutron-server[90594]: INFO ovsdbapp.backend.ovs_idl.vlog [None req-308f52e0-4469-474e-8354-875621e057e7 None None] tcp:10.201.5.87:6641: connecting...
Jan 16 10:24:10 jammy-provider-cloud-0000007944 neutron-server[90598]: INFO ovsdbapp.backend.ovs_idl.vlog [None req-1b7a4c4d-bc80-451b-9504-cd6c818f9b4d None None] tcp:10.201.5.87:6641: connected
Jan 16 10:24:10 jammy-provider-cloud-0000007944 neutron-server[90594]: INFO ovsdbapp.backend.ovs_idl.vlog [None req-308f52e0-4469-474e-8354-875621e057e7 None None] tcp:10.201.5.87:6641: connected
Jan 16 10:24:10 jammy-provider-cloud-0000007944 neutron-server[90600]: DEBUG neutron_lib.callbacks.manager [-] Publish callbacks ['neutron.plugins.ml2.drivers.ovn.mech_driver.mech_driver.OVNMechanismDriver.post_fork_initialize-614459'] for process (None), after_init {{(pid=90600) _notify_loop /opt/stack/data/venv/lib/python3.10/site-packages/neutron_lib/callbacks/manager.py:184}}
Jan 16 10:24:10 jammy-provider-cloud-0000007944 neutron-server[90403]: DEBUG oslo_service.service [None req-e6f62488-b224-48fb-8481-7fac8c5fac80 None None] Started child 90600 {{(pid=90403) _start_child /opt/stack/data/venv/lib/python3.10/site-packages/oslo_service/service.py:579}}
Jan 16 10:24:10 jammy-provider-cloud-0000007944 neutron-server[90403]: DEBUG neutron_lib.callbacks.manager [None req-e6f62488-b224-48fb-8481-7fac8c5fac80 None None] Publish callbacks [] for process (None), after_spawn {{(pid=90403) _notify_loop /opt/stack/data/venv/lib/python3.10/site-packages/neutron_lib/callbacks/manager.py:184}}
Jan 16 10:24:10 jammy-provider-cloud-0000007944 neutron-server[90403]: DEBUG oslo_service.service [-] Full set of CONF: {{(pid=90403) wait /opt/stack/data/venv/lib/python3.10/site-packages/oslo_service/service.py:653}}
Jan 16 10:24:10 jammy-provider-cloud-0000007944 neutron-server[90595]: DEBUG ovsdbapp.backend.ovs_idl [None req-7ab92a68-d44a-46d3-a2e2-1503df56eb65 None None] Created lookup_table index Logical_Switch.name {{(pid=90595) autocreate_indices /opt/stack/data/venv/lib/python3.10/site-packages/ovsdbapp/backend/ovs_idl/__init__.py:87}}
Jan 16 10:24:10 jammy-provider-cloud-0000007944 neutron-server[90595]: DEBUG ovsdbapp.backend.ovs_idl [None req-7ab92a68-d44a-46d3-a2e2-1503df56eb65 None None] Created lookup_table index Logical_Router.name {{(pid=90595) autocreate_indices /opt/stack/data/venv/lib/python3.10/site-packages/ovsdbapp/backend/ovs_idl/__init__.py:87}}
Jan 16 10:24:10 jammy-provider-cloud-0000007944 neutron-server[90595]: DEBUG ovsdbapp.backend.ovs_idl [None req-7ab92a68-d44a-46d3-a2e2-1503df56eb65 None None] Created lookup_table index Load_Balancer.name {{(pid=90595) autocreate_indices /opt/stack/data/venv/lib/python3.10/site-packages/ovsdbapp/backend/ovs_idl/__init__.py:87}}
Jan 16 10:24:10 jammy-provider-cloud-0000007944 neutron-server[90595]: DEBUG ovsdbapp.backend.ovs_idl [None req-7ab92a68-d44a-46d3-a2e2-1503df56eb65 None None] Created schema index Copp.name {{(pid=90595) autocreate_indices /opt/stack/data/venv/lib/python3.10/site-packages/ovsdbapp/backend/ovs_idl/__init__.py:106}}
Jan 16 10:24:10 jammy-provider-cloud-0000007944 neutron-server[90403]: DEBUG oslo_service.service [-] ******************************************************************************** {{(pid=90403) log_opt_values /opt/stack/data/venv/lib/python3.10/site-packages/oslo_config/cfg.py:2804}}
Jan 16 10:24:10 jammy-provider-cloud-0000007944 neutron-server[90595]: DEBUG ovsdbapp.backend.ovs_idl [None req-7ab92a68-d44a-46d3-a2e2-1503df56eb65 None None] Created schema index Meter.name {{(pid=90595) autocreate_indices /opt/stack/data/venv/lib/python3.10/site-packages/ovsdbapp/backend/ovs_idl/__init__.py:106}}
Jan 16 10:24:10 jammy-provider-cloud-0000007944 neutron-server[90595]: DEBUG ovsdbapp.backend.ovs_idl [None req-7ab92a68-d44a-46d3-a2e2-1503df56eb65 None None] Created schema index Load_Balancer_Group.name {{(pid=90595) autocreate_indices /opt/stack/data/venv/lib/python3.10/site-packages/ovsdbapp/backend/ovs_idl/__init__.py:106}}
Jan 16 10:24:10 jammy-provider-cloud-0000007944 neutron-server[90595]: DEBUG ovsdbapp.backend.ovs_idl [None req-7ab92a68-d44a-46d3-a2e2-1503df56eb65 None None] Created schema index HA_Chassis_Group.name {{(pid=90595) autocreate_indices /opt/stack/data/venv/lib/python3.10/site-packages/ovsdbapp/backend/ovs_idl/__init__.py:106}}
Jan 16 10:24:10 jammy-provider-cloud-0000007944 neutron-server[90595]: DEBUG ovsdbapp.backend.ovs_idl [None req-7ab92a68-d44a-46d3-a2e2-1503df56eb65 None None] Created schema index Address_Set.name {{(pid=90595) autocreate_indices /opt/stack/data/venv/lib/python3.10/site-packages/ovsdbapp/backend/ovs_idl/__init__.py:106}}
Jan 16 10:24:10 jammy-provider-cloud-0000007944 neutron-server[90403]: DEBUG oslo_service.service [-] Configuration options gathered from: {{(pid=90403) log_opt_values /opt/stack/data/venv/lib/python3.10/site-packages/oslo_config/cfg.py:2805}}
Jan 16 10:24:10 jammy-provider-cloud-0000007944 neutron-server[90403]: DEBUG oslo_service.service [-] command line args: ['--config-file', '/etc/neutron/neutron.conf', '--config-file', '/etc/neutron/plugins/ml2/ml2_conf.ini'] {{(pid=90403) log_opt_values /opt/stack/data/venv/lib/python3.10/site-packages/oslo_config/cfg.py:2806}}
Jan 16 10:24:10 jammy-provider-cloud-0000007944 neutron-server[90595]: DEBUG ovsdbapp.backend.ovs_idl [None req-7ab92a68-d44a-46d3-a2e2-1503df56eb65 None None] Created schema index Connection.target {{(pid=90595) autocreate_indices /opt/stack/data/venv/lib/python3.10/site-packages/ovsdbapp/backend/ovs_idl/__init__.py:106}}
Jan 16 10:24:10 jammy-provider-cloud-0000007944 neutron-server[90595]: DEBUG ovsdbapp.backend.ovs_idl [None req-7ab92a68-d44a-46d3-a2e2-1503df56eb65 None None] Created schema index Gateway_Chassis.name {{(pid=90595) autocreate_indices /opt/stack/data/venv/lib/python3.10/site-packages/ovsdbapp/backend/ovs_idl/__init__.py:106}}
Jan 16 10:24:10 jammy-provider-cloud-0000007944 neutron-server[90595]: DEBUG ovsdbapp.backend.ovs_idl [None req-7ab92a68-d44a-46d3-a2e2-1503df56eb65 None None] Created schema index Logical_Router_Port.name {{(pid=90595) autocreate_indices /opt/stack/data/venv/lib/python3.10/site-packages/ovsdbapp/backend/ovs_idl/__init__.py:106}}
