Aug 14 12:50:57 jammy-provider-cloud-0000007465 devstack@c-api.service[100580]: DEBUG cinder.api.extensions [-] Loaded extension: os-snapshot-manage {{(pid=100580) register /opt/stack/cinder/cinder/api/extensions.py:140}}
Aug 14 12:50:57 jammy-provider-cloud-0000007465 devstack@c-api.service[100581]: DEBUG cinder.api.extensions [-] Loaded extension: os-extended-snapshot-attributes {{(pid=100581) register /opt/stack/cinder/cinder/api/extensions.py:140}}
Aug 14 12:50:57 jammy-provider-cloud-0000007465 devstack@c-api.service[100581]: DEBUG cinder.api.extensions [-] Loading extension cinder.api.contrib.cgsnapshots.Cgsnapshots {{(pid=100581) load_extension /opt/stack/cinder/cinder/api/extensions.py:199}}
Aug 14 12:50:57 jammy-provider-cloud-0000007465 devstack@c-api.service[100581]: DEBUG cinder.api.extensions [-] Calling extension factory cinder.api.contrib.cgsnapshots.Cgsnapshots {{(pid=100581) load_extension /opt/stack/cinder/cinder/api/extensions.py:205}}
Aug 14 12:50:57 jammy-provider-cloud-0000007465 devstack@c-api.service[100581]: DEBUG cinder.api.extensions [-] Ext name: Cgsnapshots {{(pid=100581) _check_extension /opt/stack/cinder/cinder/api/extensions.py:179}}
Aug 14 12:50:57 jammy-provider-cloud-0000007465 devstack@c-api.service[100581]: DEBUG cinder.api.extensions [-] Ext alias: cgsnapshots {{(pid=100581) _check_extension /opt/stack/cinder/cinder/api/extensions.py:180}}
Aug 14 12:50:57 jammy-provider-cloud-0000007465 devstack@c-api.service[100581]: DEBUG cinder.api.extensions [-] Ext description: cgsnapshots support. {{(pid=100581) _check_extension /opt/stack/cinder/cinder/api/extensions.py:181}}
Aug 14 12:50:57 jammy-provider-cloud-0000007465 devstack@c-api.service[100581]: DEBUG cinder.api.extensions [-] Ext updated: 2014-08-18T00:00:00+00:00 {{(pid=100581) _check_extension /opt/stack/cinder/cinder/api/extensions.py:183}}
Aug 14 12:50:57 jammy-provider-cloud-0000007465 devstack@c-api.service[100581]: DEBUG cinder.api.extensions [-] Loaded extension: cgsnapshots {{(pid=100581) register /opt/stack/cinder/cinder/api/extensions.py:140}}
Aug 14 12:50:57 jammy-provider-cloud-0000007465 devstack@c-api.service[100581]: DEBUG cinder.api.extensions [-] Loading extension cinder.api.contrib.scheduler_stats.Scheduler_stats {{(pid=100581) load_extension /opt/stack/cinder/cinder/api/extensions.py:199}}
Aug 14 12:50:57 jammy-provider-cloud-0000007465 devstack@c-api.service[100580]: DEBUG cinder.api.extensions [-] Loading extension cinder.api.contrib.extended_services.Extended_services {{(pid=100580) load_extension /opt/stack/cinder/cinder/api/extensions.py:199}}
Aug 14 12:50:57 jammy-provider-cloud-0000007465 devstack@c-api.service[100580]: DEBUG cinder.api.extensions [-] Calling extension factory cinder.api.contrib.extended_services.Extended_services {{(pid=100580) load_extension /opt/stack/cinder/cinder/api/extensions.py:205}}
Aug 14 12:50:57 jammy-provider-cloud-0000007465 devstack@c-api.service[100581]: DEBUG cinder.api.extensions [-] Calling extension factory cinder.api.contrib.scheduler_stats.Scheduler_stats {{(pid=100581) load_extension /opt/stack/cinder/cinder/api/extensions.py:205}}
Aug 14 12:50:57 jammy-provider-cloud-0000007465 devstack@c-api.service[100581]: DEBUG cinder.api.extensions [-] Ext name: Scheduler_stats {{(pid=100581) _check_extension /opt/stack/cinder/cinder/api/extensions.py:179}}
Aug 14 12:50:57 jammy-provider-cloud-0000007465 devstack@c-api.service[100580]: DEBUG cinder.api.extensions [-] Ext name: ExtendedServices {{(pid=100580) _check_extension /opt/stack/cinder/cinder/api/extensions.py:179}}
Aug 14 12:50:57 jammy-provider-cloud-0000007465 devstack@c-api.service[100581]: DEBUG cinder.api.extensions [-] Ext alias: scheduler-stats {{(pid=100581) _check_extension /opt/stack/cinder/cinder/api/extensions.py:180}}
Aug 14 12:50:57 jammy-provider-cloud-0000007465 devstack@c-api.service[100581]: DEBUG cinder.api.extensions [-] Ext description: Scheduler stats support. {{(pid=100581) _check_extension /opt/stack/cinder/cinder/api/extensions.py:181}}
Aug 14 12:50:57 jammy-provider-cloud-0000007465 devstack@c-api.service[100581]: DEBUG cinder.api.extensions [-] Ext updated: 2014-09-07T00:00:00+00:00 {{(pid=100581) _check_extension /opt/stack/cinder/cinder/api/extensions.py:183}}
Aug 14 12:50:57 jammy-provider-cloud-0000007465 devstack@c-api.service[100581]: DEBUG cinder.api.extensions [-] Loaded extension: scheduler-stats {{(pid=100581) register /opt/stack/cinder/cinder/api/extensions.py:140}}
Aug 14 12:50:57 jammy-provider-cloud-0000007465 devstack@c-api.service[100580]: DEBUG cinder.api.extensions [-] Ext alias: os-extended-services {{(pid=100580) _check_extension /opt/stack/cinder/cinder/api/extensions.py:180}}
Aug 14 12:50:57 jammy-provider-cloud-0000007465 devstack@c-api.service[100580]: DEBUG cinder.api.extensions [-] Ext description: Extended services support. {{(pid=100580) _check_extension /opt/stack/cinder/cinder/api/extensions.py:181}}
Aug 14 12:50:57 jammy-provider-cloud-0000007465 devstack@c-api.service[100580]: DEBUG cinder.api.extensions [-] Ext updated: 2014-01-10T00:00:00-00:00 {{(pid=100580) _check_extension /opt/stack/cinder/cinder/api/extensions.py:183}}
Aug 14 12:50:57 jammy-provider-cloud-0000007465 devstack@c-api.service[100580]: DEBUG cinder.api.extensions [-] Loaded extension: os-extended-services {{(pid=100580) register /opt/stack/cinder/cinder/api/extensions.py:140}}
Aug 14 12:50:57 jammy-provider-cloud-0000007465 devstack@c-api.service[100580]: DEBUG cinder.api.extensions [-] Loading extension cinder.api.contrib.volume_encryption_metadata.Volume_encryption_metadata {{(pid=100580) load_extension /opt/stack/cinder/cinder/api/extensions.py:199}}
Aug 14 12:50:57 jammy-provider-cloud-0000007465 devstack@c-api.service[100580]: DEBUG cinder.api.extensions [-] Calling extension factory cinder.api.contrib.volume_encryption_metadata.Volume_encryption_metadata {{(pid=100580) load_extension /opt/stack/cinder/cinder/api/extensions.py:205}}
Aug 14 12:50:57 jammy-provider-cloud-0000007465 devstack@c-api.service[100580]: DEBUG cinder.api.extensions [-] Ext name: VolumeEncryptionMetadata {{(pid=100580) _check_extension /opt/stack/cinder/cinder/api/extensions.py:179}}
Aug 14 12:50:57 jammy-provider-cloud-0000007465 devstack@c-api.service[100580]: DEBUG cinder.api.extensions [-] Ext alias: os-volume-encryption-metadata {{(pid=100580) _check_extension /opt/stack/cinder/cinder/api/extensions.py:180}}
Aug 14 12:50:57 jammy-provider-cloud-0000007465 devstack@c-api.service[100580]: DEBUG cinder.api.extensions [-] Ext description: Volume encryption metadata retrieval support. {{(pid=100580) _check_extension /opt/stack/cinder/cinder/api/extensions.py:181}}
Aug 14 12:50:57 jammy-provider-cloud-0000007465 devstack@c-api.service[100580]: DEBUG cinder.api.extensions [-] Ext updated: 2013-07-10T00:00:00+00:00 {{(pid=100580) _check_extension /opt/stack/cinder/cinder/api/extensions.py:183}}
Aug 14 12:50:57 jammy-provider-cloud-0000007465 devstack@c-api.service[100580]: DEBUG cinder.api.extensions [-] Loaded extension: os-volume-encryption-metadata {{(pid=100580) register /opt/stack/cinder/cinder/api/extensions.py:140}}
Aug 14 12:50:57 jammy-provider-cloud-0000007465 devstack@c-api.service[100580]: DEBUG cinder.api.extensions [-] Loading extension cinder.api.contrib.qos_specs_manage.Qos_specs_manage {{(pid=100580) load_extension /opt/stack/cinder/cinder/api/extensions.py:199}}
Aug 14 12:50:57 jammy-provider-cloud-0000007465 devstack@c-api.service[100580]: DEBUG cinder.api.extensions [-] Calling extension factory cinder.api.contrib.qos_specs_manage.Qos_specs_manage {{(pid=100580) load_extension /opt/stack/cinder/cinder/api/extensions.py:205}}
Aug 14 12:50:57 jammy-provider-cloud-0000007465 devstack@c-api.service[100580]: DEBUG cinder.api.extensions [-] Ext name: Qos_specs_manage {{(pid=100580) _check_extension /opt/stack/cinder/cinder/api/extensions.py:179}}
Aug 14 12:50:57 jammy-provider-cloud-0000007465 devstack@c-api.service[100580]: DEBUG cinder.api.extensions [-] Ext alias: qos-specs {{(pid=100580) _check_extension /opt/stack/cinder/cinder/api/extensions.py:180}}
Aug 14 12:50:57 jammy-provider-cloud-0000007465 devstack@c-api.service[100580]: DEBUG cinder.api.extensions [-] Ext description: QoS specs support. {{(pid=100580) _check_extension /opt/stack/cinder/cinder/api/extensions.py:181}}
Aug 14 12:50:57 jammy-provider-cloud-0000007465 devstack@c-api.service[100580]: DEBUG cinder.api.extensions [-] Ext updated: 2013-08-02T00:00:00+00:00 {{(pid=100580) _check_extension /opt/stack/cinder/cinder/api/extensions.py:183}}
Aug 14 12:50:57 jammy-provider-cloud-0000007465 devstack@c-api.service[100580]: DEBUG cinder.api.extensions [-] Loaded extension: qos-specs {{(pid=100580) register /opt/stack/cinder/cinder/api/extensions.py:140}}
Aug 14 12:50:57 jammy-provider-cloud-0000007465 devstack@c-api.service[100580]: DEBUG cinder.api.extensions [-] Loading extension cinder.api.contrib.types_extra_specs.Types_extra_specs {{(pid=100580) load_extension /opt/stack/cinder/cinder/api/extensions.py:199}}
Aug 14 12:50:57 jammy-provider-cloud-0000007465 devstack@c-api.service[100580]: DEBUG cinder.api.extensions [-] Calling extension factory cinder.api.contrib.types_extra_specs.Types_extra_specs {{(pid=100580) load_extension /opt/stack/cinder/cinder/api/extensions.py:205}}
Aug 14 12:50:57 jammy-provider-cloud-0000007465 devstack@c-api.service[100580]: DEBUG cinder.api.extensions [-] Ext name: TypesExtraSpecs {{(pid=100580) _check_extension /opt/stack/cinder/cinder/api/extensions.py:179}}
Aug 14 12:50:57 jammy-provider-cloud-0000007465 devstack@c-api.service[100580]: DEBUG cinder.api.extensions [-] Ext alias: os-types-extra-specs {{(pid=100580) _check_extension /opt/stack/cinder/cinder/api/extensions.py:180}}
Aug 14 12:50:57 jammy-provider-cloud-0000007465 devstack@c-api.service[100580]: DEBUG cinder.api.extensions [-] Ext description: Type extra specs support. {{(pid=100580) _check_extension /opt/stack/cinder/cinder/api/extensions.py:181}}
Aug 14 12:50:57 jammy-provider-cloud-0000007465 devstack@c-api.service[100580]: DEBUG cinder.api.extensions [-] Ext updated: 2011-08-24T00:00:00+00:00 {{(pid=100580) _check_extension /opt/stack/cinder/cinder/api/extensions.py:183}}
Aug 14 12:50:57 jammy-provider-cloud-0000007465 devstack@c-api.service[100580]: DEBUG cinder.api.extensions [-] Loaded extension: os-types-extra-specs {{(pid=100580) register /opt/stack/cinder/cinder/api/extensions.py:140}}
Aug 14 12:50:57 jammy-provider-cloud-0000007465 devstack@c-api.service[100580]: DEBUG cinder.api.extensions [-] Loading extension cinder.api.contrib.volume_actions.Volume_actions {{(pid=100580) load_extension /opt/stack/cinder/cinder/api/extensions.py:199}}
Aug 14 12:50:57 jammy-provider-cloud-0000007465 devstack@c-api.service[100580]: DEBUG cinder.api.extensions [-] Calling extension factory cinder.api.contrib.volume_actions.Volume_actions {{(pid=100580) load_extension /opt/stack/cinder/cinder/api/extensions.py:205}}
Aug 14 12:50:57 jammy-provider-cloud-0000007465 devstack@c-api.service[100580]: DEBUG cinder.api.extensions [-] Ext name: VolumeActions {{(pid=100580) _check_extension /opt/stack/cinder/cinder/api/extensions.py:179}}
Aug 14 12:50:57 jammy-provider-cloud-0000007465 devstack@c-api.service[100580]: DEBUG cinder.api.extensions [-] Ext alias: os-volume-actions {{(pid=100580) _check_extension /opt/stack/cinder/cinder/api/extensions.py:180}}
Aug 14 12:50:57 jammy-provider-cloud-0000007465 devstack@c-api.service[100580]: DEBUG cinder.api.extensions [-] Ext description: Enable volume actions. {{(pid=100580) _check_extension /opt/stack/cinder/cinder/api/extensions.py:181}}
Aug 14 12:50:57 jammy-provider-cloud-0000007465 devstack@c-api.service[100580]: DEBUG cinder.api.extensions [-] Ext updated: 2012-05-31T00:00:00+00:00 {{(pid=100580) _check_extension /opt/stack/cinder/cinder/api/extensions.py:183}}
Aug 14 12:50:57 jammy-provider-cloud-0000007465 devstack@c-api.service[100580]: DEBUG cinder.api.extensions [-] Loaded extension: os-volume-actions {{(pid=100580) register /opt/stack/cinder/cinder/api/extensions.py:140}}
Aug 14 12:50:57 jammy-provider-cloud-0000007465 devstack@c-api.service[100580]: DEBUG cinder.api.extensions [-] Loading extension cinder.api.contrib.snapshot_actions.Snapshot_actions {{(pid=100580) load_extension /opt/stack/cinder/cinder/api/extensions.py:199}}
Aug 14 12:50:57 jammy-provider-cloud-0000007465 devstack@c-api.service[100580]: DEBUG cinder.api.extensions [-] Calling extension factory cinder.api.contrib.snapshot_actions.Snapshot_actions {{(pid=100580) load_extension /opt/stack/cinder/cinder/api/extensions.py:205}}
Aug 14 12:50:57 jammy-provider-cloud-0000007465 devstack@c-api.service[100580]: DEBUG cinder.api.extensions [-] Ext name: SnapshotActions {{(pid=100580) _check_extension /opt/stack/cinder/cinder/api/extensions.py:179}}
Aug 14 12:50:57 jammy-provider-cloud-0000007465 devstack@c-api.service[100580]: DEBUG cinder.api.extensions [-] Ext alias: os-snapshot-actions {{(pid=100580) _check_extension /opt/stack/cinder/cinder/api/extensions.py:180}}
Aug 14 12:50:57 jammy-provider-cloud-0000007465 devstack@c-api.service[100580]: DEBUG cinder.api.extensions [-] Ext description: Enable snapshot manager actions. {{(pid=100580) _check_extension /opt/stack/cinder/cinder/api/extensions.py:181}}
Aug 14 12:50:57 jammy-provider-cloud-0000007465 devstack@c-api.service[100580]: DEBUG cinder.api.extensions [-] Ext updated: 2013-07-16T00:00:00+00:00 {{(pid=100580) _check_extension /opt/stack/cinder/cinder/api/extensions.py:183}}
Aug 14 12:50:57 jammy-provider-cloud-0000007465 devstack@c-api.service[100580]: DEBUG cinder.api.extensions [-] Loaded extension: os-snapshot-actions {{(pid=100580) register /opt/stack/cinder/cinder/api/extensions.py:140}}
Aug 14 12:50:57 jammy-provider-cloud-0000007465 devstack@c-api.service[100580]: DEBUG cinder.api.extensions [-] Loading extension cinder.api.contrib.admin_actions.Admin_actions {{(pid=100580) load_extension /opt/stack/cinder/cinder/api/extensions.py:199}}
Aug 14 12:50:57 jammy-provider-cloud-0000007465 devstack@c-api.service[100580]: DEBUG cinder.api.extensions [-] Calling extension factory cinder.api.contrib.admin_actions.Admin_actions {{(pid=100580) load_extension /opt/stack/cinder/cinder/api/extensions.py:205}}
Aug 14 12:50:57 jammy-provider-cloud-0000007465 devstack@c-api.service[100580]: DEBUG cinder.api.extensions [-] Ext name: AdminActions {{(pid=100580) _check_extension /opt/stack/cinder/cinder/api/extensions.py:179}}
Aug 14 12:50:57 jammy-provider-cloud-0000007465 devstack@c-api.service[100580]: DEBUG cinder.api.extensions [-] Ext alias: os-admin-actions {{(pid=100580) _check_extension /opt/stack/cinder/cinder/api/extensions.py:180}}
Aug 14 12:50:57 jammy-provider-cloud-0000007465 devstack@c-api.service[100580]: DEBUG cinder.api.extensions [-] Ext description: Enable admin actions. {{(pid=100580) _check_extension /opt/stack/cinder/cinder/api/extensions.py:181}}
Aug 14 12:50:57 jammy-provider-cloud-0000007465 devstack@c-api.service[100580]: DEBUG cinder.api.extensions [-] Ext updated: 2012-08-25T00:00:00+00:00 {{(pid=100580) _check_extension /opt/stack/cinder/cinder/api/extensions.py:183}}
Aug 14 12:50:57 jammy-provider-cloud-0000007465 devstack@c-api.service[100580]: DEBUG cinder.api.extensions [-] Loaded extension: os-admin-actions {{(pid=100580) register /opt/stack/cinder/cinder/api/extensions.py:140}}
Aug 14 12:50:57 jammy-provider-cloud-0000007465 devstack@c-api.service[100580]: DEBUG cinder.api.extensions [-] Loading extension cinder.api.contrib.availability_zones.Availability_zones {{(pid=100580) load_extension /opt/stack/cinder/cinder/api/extensions.py:199}}
Aug 14 12:50:57 jammy-provider-cloud-0000007465 devstack@c-api.service[100580]: DEBUG cinder.api.extensions [-] Calling extension factory cinder.api.contrib.availability_zones.Availability_zones {{(pid=100580) load_extension /opt/stack/cinder/cinder/api/extensions.py:205}}
Aug 14 12:50:57 jammy-provider-cloud-0000007465 devstack@c-api.service[100580]: DEBUG cinder.api.extensions [-] Ext name: AvailabilityZones {{(pid=100580) _check_extension /opt/stack/cinder/cinder/api/extensions.py:179}}
Aug 14 12:50:57 jammy-provider-cloud-0000007465 devstack@c-api.service[100580]: DEBUG cinder.api.extensions [-] Ext alias: os-availability-zone {{(pid=100580) _check_extension /opt/stack/cinder/cinder/api/extensions.py:180}}
Aug 14 12:50:57 jammy-provider-cloud-0000007465 devstack@c-api.service[100580]: DEBUG cinder.api.extensions [-] Ext description: Describe Availability Zones. {{(pid=100580) _check_extension /opt/stack/cinder/cinder/api/extensions.py:181}}
Aug 14 12:50:57 jammy-provider-cloud-0000007465 devstack@c-api.service[100580]: DEBUG cinder.api.extensions [-] Ext updated: 2013-06-27T00:00:00+00:00 {{(pid=100580) _check_extension /opt/stack/cinder/cinder/api/extensions.py:183}}
Aug 14 12:50:57 jammy-provider-cloud-0000007465 devstack@c-api.service[100580]: DEBUG cinder.api.extensions [-] Loaded extension: os-availability-zone {{(pid=100580) register /opt/stack/cinder/cinder/api/extensions.py:140}}
Aug 14 12:50:57 jammy-provider-cloud-0000007465 devstack@c-api.service[100580]: DEBUG cinder.api.extensions [-] Loading extension cinder.api.contrib.scheduler_hints.Scheduler_hints {{(pid=100580) load_extension /opt/stack/cinder/cinder/api/extensions.py:199}}
Aug 14 12:50:57 jammy-provider-cloud-0000007465 devstack@c-api.service[100580]: DEBUG cinder.api.extensions [-] Calling extension factory cinder.api.contrib.scheduler_hints.Scheduler_hints {{(pid=100580) load_extension /opt/stack/cinder/cinder/api/extensions.py:205}}
Aug 14 12:50:57 jammy-provider-cloud-0000007465 devstack@c-api.service[100580]: DEBUG cinder.api.extensions [-] Ext name: SchedulerHints {{(pid=100580) _check_extension /opt/stack/cinder/cinder/api/extensions.py:179}}
Aug 14 12:50:57 jammy-provider-cloud-0000007465 devstack@c-api.service[100580]: DEBUG cinder.api.extensions [-] Ext alias: OS-SCH-HNT {{(pid=100580) _check_extension /opt/stack/cinder/cinder/api/extensions.py:180}}
Aug 14 12:50:57 jammy-provider-cloud-0000007465 devstack@c-api.service[100580]: DEBUG cinder.api.extensions [-] Ext description: Pass arbitrary key/value pairs to the scheduler. {{(pid=100580) _check_extension /opt/stack/cinder/cinder/api/extensions.py:181}}
Aug 14 12:50:57 jammy-provider-cloud-0000007465 devstack@c-api.service[100580]: DEBUG cinder.api.extensions [-] Ext updated: 2013-04-18T00:00:00+00:00 {{(pid=100580) _check_extension /opt/stack/cinder/cinder/api/extensions.py:183}}
Aug 14 12:50:57 jammy-provider-cloud-0000007465 devstack@c-api.service[100580]: DEBUG cinder.api.extensions [-] Loaded extension: OS-SCH-HNT {{(pid=100580) register /opt/stack/cinder/cinder/api/extensions.py:140}}
Aug 14 12:50:57 jammy-provider-cloud-0000007465 devstack@c-api.service[100580]: DEBUG cinder.api.extensions [-] Loading extension cinder.api.contrib.quota_classes.Quota_classes {{(pid=100580) load_extension /opt/stack/cinder/cinder/api/extensions.py:199}}
Aug 14 12:50:57 jammy-provider-cloud-0000007465 devstack@c-api.service[100580]: DEBUG cinder.api.extensions [-] Calling extension factory cinder.api.contrib.quota_classes.Quota_classes {{(pid=100580) load_extension /opt/stack/cinder/cinder/api/extensions.py:205}}
Aug 14 12:50:57 jammy-provider-cloud-0000007465 devstack@c-api.service[100580]: DEBUG cinder.api.extensions [-] Ext name: QuotaClasses {{(pid=100580) _check_extension /opt/stack/cinder/cinder/api/extensions.py:179}}
Aug 14 12:50:57 jammy-provider-cloud-0000007465 devstack@c-api.service[100580]: DEBUG cinder.api.extensions [-] Ext alias: os-quota-class-sets {{(pid=100580) _check_extension /opt/stack/cinder/cinder/api/extensions.py:180}}
Aug 14 12:50:57 jammy-provider-cloud-0000007465 devstack@c-api.service[100580]: DEBUG cinder.api.extensions [-] Ext description: Quota classes management support. {{(pid=100580) _check_extension /opt/stack/cinder/cinder/api/extensions.py:181}}
Aug 14 12:50:57 jammy-provider-cloud-0000007465 devstack@c-api.service[100580]: DEBUG cinder.api.extensions [-] Ext updated: 2012-03-12T00:00:00+00:00 {{(pid=100580) _check_extension /opt/stack/cinder/cinder/api/extensions.py:183}}
Aug 14 12:50:57 jammy-provider-cloud-0000007465 devstack@c-api.service[100580]: DEBUG cinder.api.extensions [-] Loaded extension: os-quota-class-sets {{(pid=100580) register /opt/stack/cinder/cinder/api/extensions.py:140}}
Aug 14 12:50:57 jammy-provider-cloud-0000007465 devstack@c-api.service[100580]: DEBUG cinder.api.extensions [-] Loading extension cinder.api.contrib.backups.Backups {{(pid=100580) load_extension /opt/stack/cinder/cinder/api/extensions.py:199}}
Aug 14 12:50:57 jammy-provider-cloud-0000007465 devstack@c-api.service[100580]: DEBUG cinder.api.extensions [-] Calling extension factory cinder.api.contrib.backups.Backups {{(pid=100580) load_extension /opt/stack/cinder/cinder/api/extensions.py:205}}
Aug 14 12:50:57 jammy-provider-cloud-0000007465 devstack@c-api.service[100580]: DEBUG cinder.api.extensions [-] Ext name: Backups {{(pid=100580) _check_extension /opt/stack/cinder/cinder/api/extensions.py:179}}
Aug 14 12:50:57 jammy-provider-cloud-0000007465 devstack@c-api.service[100580]: DEBUG cinder.api.extensions [-] Ext alias: backups {{(pid=100580) _check_extension /opt/stack/cinder/cinder/api/extensions.py:180}}
Aug 14 12:50:57 jammy-provider-cloud-0000007465 devstack@c-api.service[100580]: DEBUG cinder.api.extensions [-] Ext description: Backups support. {{(pid=100580) _check_extension /opt/stack/cinder/cinder/api/extensions.py:181}}
Aug 14 12:50:57 jammy-provider-cloud-0000007465 devstack@c-api.service[100580]: DEBUG cinder.api.extensions [-] Ext updated: 2012-12-12T00:00:00+00:00 {{(pid=100580) _check_extension /opt/stack/cinder/cinder/api/extensions.py:183}}
Aug 14 12:50:57 jammy-provider-cloud-0000007465 devstack@c-api.service[100580]: DEBUG cinder.api.extensions [-] Loaded extension: backups {{(pid=100580) register /opt/stack/cinder/cinder/api/extensions.py:140}}
Aug 14 12:50:57 jammy-provider-cloud-0000007465 devstack@c-api.service[100580]: DEBUG cinder.api.extensions [-] Loading extension cinder.api.contrib.volume_type_encryption.Volume_type_encryption {{(pid=100580) load_extension /opt/stack/cinder/cinder/api/extensions.py:199}}
Aug 14 12:50:57 jammy-provider-cloud-0000007465 devstack@c-api.service[100580]: DEBUG cinder.api.extensions [-] Calling extension factory cinder.api.contrib.volume_type_encryption.Volume_type_encryption {{(pid=100580) load_extension /opt/stack/cinder/cinder/api/extensions.py:205}}
Aug 14 12:50:57 jammy-provider-cloud-0000007465 devstack@c-api.service[100580]: DEBUG cinder.api.extensions [-] Ext name: VolumeTypeEncryption {{(pid=100580) _check_extension /opt/stack/cinder/cinder/api/extensions.py:179}}
Aug 14 12:50:57 jammy-provider-cloud-0000007465 devstack@c-api.service[100580]: DEBUG cinder.api.extensions [-] Ext alias: encryption {{(pid=100580) _check_extension /opt/stack/cinder/cinder/api/extensions.py:180}}
Aug 14 12:50:57 jammy-provider-cloud-0000007465 devstack@c-api.service[100580]: DEBUG cinder.api.extensions [-] Ext description: Encryption support for volume types. {{(pid=100580) _check_extension /opt/stack/cinder/cinder/api/extensions.py:181}}
Aug 14 12:50:57 jammy-provider-cloud-0000007465 devstack@c-api.service[100580]: DEBUG cinder.api.extensions [-] Ext updated: 2013-07-01T00:00:00+00:00 {{(pid=100580) _check_extension /opt/stack/cinder/cinder/api/extensions.py:183}}
Aug 14 12:50:57 jammy-provider-cloud-0000007465 devstack@c-api.service[100580]: DEBUG cinder.api.extensions [-] Loaded extension: encryption {{(pid=100580) register /opt/stack/cinder/cinder/api/extensions.py:140}}
Aug 14 12:50:57 jammy-provider-cloud-0000007465 devstack@c-api.service[100580]: DEBUG cinder.api.extensions [-] Loading extension cinder.api.contrib.volume_type_access.Volume_type_access {{(pid=100580) load_extension /opt/stack/cinder/cinder/api/extensions.py:199}}
Aug 14 12:50:57 jammy-provider-cloud-0000007465 devstack@c-api.service[100580]: DEBUG cinder.api.extensions [-] Calling extension factory cinder.api.contrib.volume_type_access.Volume_type_access {{(pid=100580) load_extension /opt/stack/cinder/cinder/api/extensions.py:205}}
Aug 14 12:50:57 jammy-provider-cloud-0000007465 devstack@c-api.service[100580]: DEBUG cinder.api.extensions [-] Ext name: VolumeTypeAccess {{(pid=100580) _check_extension /opt/stack/cinder/cinder/api/extensions.py:179}}
Aug 14 12:50:57 jammy-provider-cloud-0000007465 devstack@c-api.service[100580]: DEBUG cinder.api.extensions [-] Ext alias: os-volume-type-access {{(pid=100580) _check_extension /opt/stack/cinder/cinder/api/extensions.py:180}}
Aug 14 12:50:57 jammy-provider-cloud-0000007465 devstack@c-api.service[100580]: DEBUG cinder.api.extensions [-] Ext description: Volume type access support. {{(pid=100580) _check_extension /opt/stack/cinder/cinder/api/extensions.py:181}}
Aug 14 12:50:57 jammy-provider-cloud-0000007465 devstack@c-api.service[100580]: DEBUG cinder.api.extensions [-] Ext updated: 2014-06-26T00:00:00Z {{(pid=100580) _check_extension /opt/stack/cinder/cinder/api/extensions.py:183}}
Aug 14 12:50:57 jammy-provider-cloud-0000007465 devstack@c-api.service[100580]: DEBUG cinder.api.extensions [-] Loaded extension: os-volume-type-access {{(pid=100580) register /opt/stack/cinder/cinder/api/extensions.py:140}}
Aug 14 12:50:57 jammy-provider-cloud-0000007465 devstack@c-api.service[100580]: DEBUG cinder.api.extensions [-] Loading extension cinder.api.contrib.extended_snapshot_attributes.Extended_snapshot_attributes {{(pid=100580) load_extension /opt/stack/cinder/cinder/api/extensions.py:199}}
Aug 14 12:50:57 jammy-provider-cloud-0000007465 devstack@c-api.service[100580]: DEBUG cinder.api.extensions [-] Calling extension factory cinder.api.contrib.extended_snapshot_attributes.Extended_snapshot_attributes {{(pid=100580) load_extension /opt/stack/cinder/cinder/api/extensions.py:205}}
Aug 14 12:50:57 jammy-provider-cloud-0000007465 devstack@c-api.service[100580]: DEBUG cinder.api.extensions [-] Ext name: ExtendedSnapshotAttributes {{(pid=100580) _check_extension /opt/stack/cinder/cinder/api/extensions.py:179}}
Aug 14 12:50:57 jammy-provider-cloud-0000007465 devstack@c-api.service[100580]: DEBUG cinder.api.extensions [-] Ext alias: os-extended-snapshot-attributes {{(pid=100580) _check_extension /opt/stack/cinder/cinder/api/extensions.py:180}}
Aug 14 12:50:57 jammy-provider-cloud-0000007465 devstack@c-api.service[100580]: DEBUG cinder.api.extensions [-] Ext description: Extended SnapshotAttributes support. {{(pid=100580) _check_extension /opt/stack/cinder/cinder/api/extensions.py:181}}
Aug 14 12:50:57 jammy-provider-cloud-0000007465 devstack@c-api.service[100580]: DEBUG cinder.api.extensions [-] Ext updated: 2012-06-19T00:00:00+00:00 {{(pid=100580) _check_extension /opt/stack/cinder/cinder/api/extensions.py:183}}
Aug 14 12:50:57 jammy-provider-cloud-0000007465 devstack@c-api.service[100580]: DEBUG cinder.api.extensions [-] Loaded extension: os-extended-snapshot-attributes {{(pid=100580) register /opt/stack/cinder/cinder/api/extensions.py:140}}
Aug 14 12:50:57 jammy-provider-cloud-0000007465 devstack@c-api.service[100580]: DEBUG cinder.api.extensions [-] Loading extension cinder.api.contrib.cgsnapshots.Cgsnapshots {{(pid=100580) load_extension /opt/stack/cinder/cinder/api/extensions.py:199}}
Aug 14 12:50:57 jammy-provider-cloud-0000007465 devstack@c-api.service[100580]: DEBUG cinder.api.extensions [-] Calling extension factory cinder.api.contrib.cgsnapshots.Cgsnapshots {{(pid=100580) load_extension /opt/stack/cinder/cinder/api/extensions.py:205}}
Aug 14 12:50:57 jammy-provider-cloud-0000007465 devstack@c-api.service[100580]: DEBUG cinder.api.extensions [-] Ext name: Cgsnapshots {{(pid=100580) _check_extension /opt/stack/cinder/cinder/api/extensions.py:179}}
Aug 14 12:50:57 jammy-provider-cloud-0000007465 devstack@c-api.service[100580]: DEBUG cinder.api.extensions [-] Ext alias: cgsnapshots {{(pid=100580) _check_extension /opt/stack/cinder/cinder/api/extensions.py:180}}
Aug 14 12:50:57 jammy-provider-cloud-0000007465 devstack@c-api.service[100580]: DEBUG cinder.api.extensions [-] Ext description: cgsnapshots support. {{(pid=100580) _check_extension /opt/stack/cinder/cinder/api/extensions.py:181}}
Aug 14 12:50:57 jammy-provider-cloud-0000007465 devstack@c-api.service[100580]: DEBUG cinder.api.extensions [-] Ext updated: 2014-08-18T00:00:00+00:00 {{(pid=100580) _check_extension /opt/stack/cinder/cinder/api/extensions.py:183}}
Aug 14 12:50:57 jammy-provider-cloud-0000007465 devstack@c-api.service[100580]: DEBUG cinder.api.extensions [-] Loaded extension: cgsnapshots {{(pid=100580) register /opt/stack/cinder/cinder/api/extensions.py:140}}
Aug 14 12:50:57 jammy-provider-cloud-0000007465 devstack@c-api.service[100580]: DEBUG cinder.api.extensions [-] Loading extension cinder.api.contrib.scheduler_stats.Scheduler_stats {{(pid=100580) load_extension /opt/stack/cinder/cinder/api/extensions.py:199}}
Aug 14 12:50:57 jammy-provider-cloud-0000007465 devstack@c-api.service[100580]: DEBUG cinder.api.extensions [-] Calling extension factory cinder.api.contrib.scheduler_stats.Scheduler_stats {{(pid=100580) load_extension /opt/stack/cinder/cinder/api/extensions.py:205}}
Aug 14 12:50:57 jammy-provider-cloud-0000007465 devstack@c-api.service[100580]: DEBUG cinder.api.extensions [-] Ext name: Scheduler_stats {{(pid=100580) _check_extension /opt/stack/cinder/cinder/api/extensions.py:179}}
Aug 14 12:50:57 jammy-provider-cloud-0000007465 devstack@c-api.service[100580]: DEBUG cinder.api.extensions [-] Ext alias: scheduler-stats {{(pid=100580) _check_extension /opt/stack/cinder/cinder/api/extensions.py:180}}
Aug 14 12:50:57 jammy-provider-cloud-0000007465 devstack@c-api.service[100580]: DEBUG cinder.api.extensions [-] Ext description: Scheduler stats support. {{(pid=100580) _check_extension /opt/stack/cinder/cinder/api/extensions.py:181}}
Aug 14 12:50:57 jammy-provider-cloud-0000007465 devstack@c-api.service[100580]: DEBUG cinder.api.extensions [-] Ext updated: 2014-09-07T00:00:00+00:00 {{(pid=100580) _check_extension /opt/stack/cinder/cinder/api/extensions.py:183}}
Aug 14 12:50:57 jammy-provider-cloud-0000007465 devstack@c-api.service[100580]: DEBUG cinder.api.extensions [-] Loaded extension: scheduler-stats {{(pid=100580) register /opt/stack/cinder/cinder/api/extensions.py:140}}
Aug 14 12:50:57 jammy-provider-cloud-0000007465 devstack@c-api.service[100581]: INFO dbcounter [None req-ebead7ab-0c01-400e-ae32-cacea6d12fd8 None None] Registered counter for database cinder
Aug 14 12:50:57 jammy-provider-cloud-0000007465 devstack@c-api.service[100581]: DEBUG oslo_db.sqlalchemy.engines [None req-ebead7ab-0c01-400e-ae32-cacea6d12fd8 None None] MySQL server mode set to STRICT_TRANS_TABLES,STRICT_ALL_TABLES,NO_ZERO_IN_DATE,NO_ZERO_DATE,ERROR_FOR_DIVISION_BY_ZERO,TRADITIONAL,NO_ENGINE_SUBSTITUTION {{(pid=100581) _check_effective_sql_mode /opt/stack/data/venv/lib/python3.10/site-packages/oslo_db/sqlalchemy/engines.py:342}}
Aug 14 12:50:57 jammy-provider-cloud-0000007465 devstack@c-api.service[100580]: INFO dbcounter [None req-c3c5db74-b1dd-4948-91be-0a650aac169d None None] Registered counter for database cinder
Aug 14 12:50:57 jammy-provider-cloud-0000007465 devstack@c-api.service[100580]: DEBUG oslo_db.sqlalchemy.engines [None req-c3c5db74-b1dd-4948-91be-0a650aac169d None None] MySQL server mode set to STRICT_TRANS_TABLES,STRICT_ALL_TABLES,NO_ZERO_IN_DATE,NO_ZERO_DATE,ERROR_FOR_DIVISION_BY_ZERO,TRADITIONAL,NO_ENGINE_SUBSTITUTION {{(pid=100580) _check_effective_sql_mode /opt/stack/data/venv/lib/python3.10/site-packages/oslo_db/sqlalchemy/engines.py:342}}
Aug 14 12:50:57 jammy-provider-cloud-0000007465 devstack@c-api.service[100580]: DEBUG dbcounter [-] [100580] Writer thread running {{(pid=100580) stat_writer /opt/stack/data/venv/lib/python3.10/site-packages/dbcounter.py:102}}
Aug 14 12:50:57 jammy-provider-cloud-0000007465 devstack@c-api.service[100581]: DEBUG dbcounter [-] [100581] Writer thread running {{(pid=100581) stat_writer /opt/stack/data/venv/lib/python3.10/site-packages/dbcounter.py:102}}
Aug 14 12:50:57 jammy-provider-cloud-0000007465 devstack@c-api.service[100580]: INFO cinder.rpc [None req-c3c5db74-b1dd-4948-91be-0a650aac169d None None] Automatically selected cinder-scheduler objects version 1.39 as minimum service version.
Aug 14 12:50:57 jammy-provider-cloud-0000007465 devstack@c-api.service[100581]: INFO cinder.rpc [None req-ebead7ab-0c01-400e-ae32-cacea6d12fd8 None None] Automatically selected cinder-scheduler objects version 1.39 as minimum service version.
Aug 14 12:50:57 jammy-provider-cloud-0000007465 devstack@c-api.service[100580]: INFO cinder.rpc [None req-c3c5db74-b1dd-4948-91be-0a650aac169d None None] Automatically selected cinder-scheduler RPC version 3.12 as minimum service version.
Aug 14 12:50:57 jammy-provider-cloud-0000007465 devstack@c-api.service[100581]: INFO cinder.rpc [None req-ebead7ab-0c01-400e-ae32-cacea6d12fd8 None None] Automatically selected cinder-scheduler RPC version 3.12 as minimum service version.
Aug 14 12:50:57 jammy-provider-cloud-0000007465 devstack@c-api.service[100580]: INFO cinder.rpc [None req-c3c5db74-b1dd-4948-91be-0a650aac169d None None] Automatically selected cinder-volume objects version 1.39 as minimum service version.
Aug 14 12:50:57 jammy-provider-cloud-0000007465 devstack@c-api.service[100581]: INFO cinder.rpc [None req-ebead7ab-0c01-400e-ae32-cacea6d12fd8 None None] Automatically selected cinder-volume objects version 1.39 as minimum service version.
Aug 14 12:50:57 jammy-provider-cloud-0000007465 devstack@c-api.service[100580]: INFO cinder.rpc [None req-c3c5db74-b1dd-4948-91be-0a650aac169d None None] Automatically selected cinder-volume RPC version 3.19 as minimum service version.
Aug 14 12:50:57 jammy-provider-cloud-0000007465 devstack@c-api.service[100581]: INFO cinder.rpc [None req-ebead7ab-0c01-400e-ae32-cacea6d12fd8 None None] Automatically selected cinder-volume RPC version 3.19 as minimum service version.
Aug 14 12:50:57 jammy-provider-cloud-0000007465 devstack@c-api.service[100580]: WARNING stevedore.named [None req-c3c5db74-b1dd-4948-91be-0a650aac169d None None] Could not load cinder.keymgr.conf_key_mgr.ConfKeyManager
Aug 14 12:50:57 jammy-provider-cloud-0000007465 devstack@c-api.service[100581]: WARNING stevedore.named [None req-ebead7ab-0c01-400e-ae32-cacea6d12fd8 None None] Could not load cinder.keymgr.conf_key_mgr.ConfKeyManager
Aug 14 12:50:57 jammy-provider-cloud-0000007465 devstack@c-api.service[100581]: WARNING castellan.key_manager [None req-ebead7ab-0c01-400e-ae32-cacea6d12fd8 None None] Deprecation Warning : cinder.keymgr.conf_key_mgr.ConfKeyManager is not a stevedore based driver, trying to load it as a class: stevedore.exception.NoMatches: No 'castellan.drivers' driver found, looking for 'cinder.keymgr.conf_key_mgr.ConfKeyManager'
Aug 14 12:50:57 jammy-provider-cloud-0000007465 devstack@c-api.service[100580]: WARNING castellan.key_manager [None req-c3c5db74-b1dd-4948-91be-0a650aac169d None None] Deprecation Warning : cinder.keymgr.conf_key_mgr.ConfKeyManager is not a stevedore based driver, trying to load it as a class: stevedore.exception.NoMatches: No 'castellan.drivers' driver found, looking for 'cinder.keymgr.conf_key_mgr.ConfKeyManager'
Aug 14 12:50:57 jammy-provider-cloud-0000007465 devstack@c-api.service[100581]: WARNING cinder.keymgr.conf_key_mgr [None req-ebead7ab-0c01-400e-ae32-cacea6d12fd8 None None] This key manager is insecure and is not recommended for production deployments: stevedore.exception.NoMatches: No 'castellan.drivers' driver found, looking for 'cinder.keymgr.conf_key_mgr.ConfKeyManager'
Aug 14 12:50:57 jammy-provider-cloud-0000007465 devstack@c-api.service[100580]: WARNING cinder.keymgr.conf_key_mgr [None req-c3c5db74-b1dd-4948-91be-0a650aac169d None None] This key manager is insecure and is not recommended for production deployments: stevedore.exception.NoMatches: No 'castellan.drivers' driver found, looking for 'cinder.keymgr.conf_key_mgr.ConfKeyManager'
Aug 14 12:50:57 jammy-provider-cloud-0000007465 devstack@c-api.service[100581]: DEBUG oslo_db.sqlalchemy.engines [None req-ebead7ab-0c01-400e-ae32-cacea6d12fd8 None None] MySQL server mode set to STRICT_TRANS_TABLES,STRICT_ALL_TABLES,NO_ZERO_IN_DATE,NO_ZERO_DATE,ERROR_FOR_DIVISION_BY_ZERO,TRADITIONAL,NO_ENGINE_SUBSTITUTION {{(pid=100581) _check_effective_sql_mode /opt/stack/data/venv/lib/python3.10/site-packages/oslo_db/sqlalchemy/engines.py:342}}
Aug 14 12:50:57 jammy-provider-cloud-0000007465 devstack@c-api.service[100581]: INFO cinder.rpc [None req-ebead7ab-0c01-400e-ae32-cacea6d12fd8 None None] Automatically selected cinder-backup objects version 1.39 as minimum service version.
Aug 14 12:50:57 jammy-provider-cloud-0000007465 devstack@c-api.service[100580]: DEBUG oslo_db.sqlalchemy.engines [None req-c3c5db74-b1dd-4948-91be-0a650aac169d None None] MySQL server mode set to STRICT_TRANS_TABLES,STRICT_ALL_TABLES,NO_ZERO_IN_DATE,NO_ZERO_DATE,ERROR_FOR_DIVISION_BY_ZERO,TRADITIONAL,NO_ENGINE_SUBSTITUTION {{(pid=100580) _check_effective_sql_mode /opt/stack/data/venv/lib/python3.10/site-packages/oslo_db/sqlalchemy/engines.py:342}}
Aug 14 12:50:57 jammy-provider-cloud-0000007465 devstack@c-api.service[100581]: INFO cinder.rpc [None req-ebead7ab-0c01-400e-ae32-cacea6d12fd8 None None] Automatically selected cinder-backup RPC version 2.4 as minimum service version.
Aug 14 12:50:57 jammy-provider-cloud-0000007465 devstack@c-api.service[100581]: WARNING stevedore.named [None req-ebead7ab-0c01-400e-ae32-cacea6d12fd8 None None] Could not load cinder.keymgr.conf_key_mgr.ConfKeyManager
Aug 14 12:50:57 jammy-provider-cloud-0000007465 devstack@c-api.service[100581]: WARNING castellan.key_manager [None req-ebead7ab-0c01-400e-ae32-cacea6d12fd8 None None] Deprecation Warning : cinder.keymgr.conf_key_mgr.ConfKeyManager is not a stevedore based driver, trying to load it as a class: stevedore.exception.NoMatches: No 'castellan.drivers' driver found, looking for 'cinder.keymgr.conf_key_mgr.ConfKeyManager'
Aug 14 12:50:57 jammy-provider-cloud-0000007465 devstack@c-api.service[100580]: INFO cinder.rpc [None req-c3c5db74-b1dd-4948-91be-0a650aac169d None None] Automatically selected cinder-backup objects version 1.39 as minimum service version.
Aug 14 12:50:57 jammy-provider-cloud-0000007465 devstack@c-api.service[100581]: WARNING stevedore.named [None req-ebead7ab-0c01-400e-ae32-cacea6d12fd8 None None] Could not load cinder.keymgr.conf_key_mgr.ConfKeyManager
Aug 14 12:50:57 jammy-provider-cloud-0000007465 devstack@c-api.service[100581]: WARNING castellan.key_manager [None req-ebead7ab-0c01-400e-ae32-cacea6d12fd8 None None] Deprecation Warning : cinder.keymgr.conf_key_mgr.ConfKeyManager is not a stevedore based driver, trying to load it as a class: stevedore.exception.NoMatches: No 'castellan.drivers' driver found, looking for 'cinder.keymgr.conf_key_mgr.ConfKeyManager'
Aug 14 12:50:57 jammy-provider-cloud-0000007465 devstack@c-api.service[100581]: WARNING stevedore.named [None req-ebead7ab-0c01-400e-ae32-cacea6d12fd8 None None] Could not load cinder.keymgr.conf_key_mgr.ConfKeyManager
Aug 14 12:50:57 jammy-provider-cloud-0000007465 devstack@c-api.service[100581]: WARNING castellan.key_manager [None req-ebead7ab-0c01-400e-ae32-cacea6d12fd8 None None] Deprecation Warning : cinder.keymgr.conf_key_mgr.ConfKeyManager is not a stevedore based driver, trying to load it as a class: stevedore.exception.NoMatches: No 'castellan.drivers' driver found, looking for 'cinder.keymgr.conf_key_mgr.ConfKeyManager'
Aug 14 12:50:57 jammy-provider-cloud-0000007465 devstack@c-api.service[100580]: INFO cinder.rpc [None req-c3c5db74-b1dd-4948-91be-0a650aac169d None None] Automatically selected cinder-backup RPC version 2.4 as minimum service version.
Aug 14 12:50:57 jammy-provider-cloud-0000007465 devstack@c-api.service[100580]: WARNING stevedore.named [None req-c3c5db74-b1dd-4948-91be-0a650aac169d None None] Could not load cinder.keymgr.conf_key_mgr.ConfKeyManager
Aug 14 12:50:57 jammy-provider-cloud-0000007465 devstack@c-api.service[100580]: WARNING castellan.key_manager [None req-c3c5db74-b1dd-4948-91be-0a650aac169d None None] Deprecation Warning : cinder.keymgr.conf_key_mgr.ConfKeyManager is not a stevedore based driver, trying to load it as a class: stevedore.exception.NoMatches: No 'castellan.drivers' driver found, looking for 'cinder.keymgr.conf_key_mgr.ConfKeyManager'
Aug 14 12:50:57 jammy-provider-cloud-0000007465 devstack@c-api.service[100580]: WARNING stevedore.named [None req-c3c5db74-b1dd-4948-91be-0a650aac169d None None] Could not load cinder.keymgr.conf_key_mgr.ConfKeyManager
Aug 14 12:50:57 jammy-provider-cloud-0000007465 devstack@c-api.service[100580]: WARNING castellan.key_manager [None req-c3c5db74-b1dd-4948-91be-0a650aac169d None None] Deprecation Warning : cinder.keymgr.conf_key_mgr.ConfKeyManager is not a stevedore based driver, trying to load it as a class: stevedore.exception.NoMatches: No 'castellan.drivers' driver found, looking for 'cinder.keymgr.conf_key_mgr.ConfKeyManager'
Aug 14 12:50:57 jammy-provider-cloud-0000007465 devstack@c-api.service[100580]: WARNING stevedore.named [None req-c3c5db74-b1dd-4948-91be-0a650aac169d None None] Could not load cinder.keymgr.conf_key_mgr.ConfKeyManager
Aug 14 12:50:57 jammy-provider-cloud-0000007465 devstack@c-api.service[100580]: WARNING castellan.key_manager [None req-c3c5db74-b1dd-4948-91be-0a650aac169d None None] Deprecation Warning : cinder.keymgr.conf_key_mgr.ConfKeyManager is not a stevedore based driver, trying to load it as a class: stevedore.exception.NoMatches: No 'castellan.drivers' driver found, looking for 'cinder.keymgr.conf_key_mgr.ConfKeyManager'
Aug 14 12:50:57 jammy-provider-cloud-0000007465 devstack@c-api.service[100581]: WARNING stevedore.named [None req-ebead7ab-0c01-400e-ae32-cacea6d12fd8 None None] Could not load cinder.keymgr.conf_key_mgr.ConfKeyManager
Aug 14 12:50:57 jammy-provider-cloud-0000007465 devstack@c-api.service[100581]: WARNING castellan.key_manager [None req-ebead7ab-0c01-400e-ae32-cacea6d12fd8 None None] Deprecation Warning : cinder.keymgr.conf_key_mgr.ConfKeyManager is not a stevedore based driver, trying to load it as a class: stevedore.exception.NoMatches: No 'castellan.drivers' driver found, looking for 'cinder.keymgr.conf_key_mgr.ConfKeyManager'
Aug 14 12:50:57 jammy-provider-cloud-0000007465 devstack@c-api.service[100581]: WARNING stevedore.named [None req-ebead7ab-0c01-400e-ae32-cacea6d12fd8 None None] Could not load cinder.keymgr.conf_key_mgr.ConfKeyManager
Aug 14 12:50:57 jammy-provider-cloud-0000007465 devstack@c-api.service[100581]: WARNING castellan.key_manager [None req-ebead7ab-0c01-400e-ae32-cacea6d12fd8 None None] Deprecation Warning : cinder.keymgr.conf_key_mgr.ConfKeyManager is not a stevedore based driver, trying to load it as a class: stevedore.exception.NoMatches: No 'castellan.drivers' driver found, looking for 'cinder.keymgr.conf_key_mgr.ConfKeyManager'
Aug 14 12:50:57 jammy-provider-cloud-0000007465 devstack@c-api.service[100581]: WARNING stevedore.named [None req-ebead7ab-0c01-400e-ae32-cacea6d12fd8 None None] Could not load cinder.keymgr.conf_key_mgr.ConfKeyManager
Aug 14 12:50:57 jammy-provider-cloud-0000007465 devstack@c-api.service[100581]: WARNING castellan.key_manager [None req-ebead7ab-0c01-400e-ae32-cacea6d12fd8 None None] Deprecation Warning : cinder.keymgr.conf_key_mgr.ConfKeyManager is not a stevedore based driver, trying to load it as a class: stevedore.exception.NoMatches: No 'castellan.drivers' driver found, looking for 'cinder.keymgr.conf_key_mgr.ConfKeyManager'
Aug 14 12:50:57 jammy-provider-cloud-0000007465 devstack@c-api.service[100581]: WARNING stevedore.named [None req-ebead7ab-0c01-400e-ae32-cacea6d12fd8 None None] Could not load cinder.keymgr.conf_key_mgr.ConfKeyManager
Aug 14 12:50:57 jammy-provider-cloud-0000007465 devstack@c-api.service[100581]: WARNING castellan.key_manager [None req-ebead7ab-0c01-400e-ae32-cacea6d12fd8 None None] Deprecation Warning : cinder.keymgr.conf_key_mgr.ConfKeyManager is not a stevedore based driver, trying to load it as a class: stevedore.exception.NoMatches: No 'castellan.drivers' driver found, looking for 'cinder.keymgr.conf_key_mgr.ConfKeyManager'
Aug 14 12:50:57 jammy-provider-cloud-0000007465 devstack@c-api.service[100580]: WARNING stevedore.named [None req-c3c5db74-b1dd-4948-91be-0a650aac169d None None] Could not load cinder.keymgr.conf_key_mgr.ConfKeyManager
Aug 14 12:50:57 jammy-provider-cloud-0000007465 devstack@c-api.service[100580]: WARNING castellan.key_manager [None req-c3c5db74-b1dd-4948-91be-0a650aac169d None None] Deprecation Warning : cinder.keymgr.conf_key_mgr.ConfKeyManager is not a stevedore based driver, trying to load it as a class: stevedore.exception.NoMatches: No 'castellan.drivers' driver found, looking for 'cinder.keymgr.conf_key_mgr.ConfKeyManager'
Aug 14 12:50:57 jammy-provider-cloud-0000007465 devstack@c-api.service[100581]: WARNING stevedore.named [None req-ebead7ab-0c01-400e-ae32-cacea6d12fd8 None None] Could not load cinder.keymgr.conf_key_mgr.ConfKeyManager
Aug 14 12:50:57 jammy-provider-cloud-0000007465 devstack@c-api.service[100581]: WARNING castellan.key_manager [None req-ebead7ab-0c01-400e-ae32-cacea6d12fd8 None None] Deprecation Warning : cinder.keymgr.conf_key_mgr.ConfKeyManager is not a stevedore based driver, trying to load it as a class: stevedore.exception.NoMatches: No 'castellan.drivers' driver found, looking for 'cinder.keymgr.conf_key_mgr.ConfKeyManager'
Aug 14 12:50:57 jammy-provider-cloud-0000007465 devstack@c-api.service[100581]: WARNING stevedore.named [None req-ebead7ab-0c01-400e-ae32-cacea6d12fd8 None None] Could not load cinder.keymgr.conf_key_mgr.ConfKeyManager
Aug 14 12:50:57 jammy-provider-cloud-0000007465 devstack@c-api.service[100581]: WARNING castellan.key_manager [None req-ebead7ab-0c01-400e-ae32-cacea6d12fd8 None None] Deprecation Warning : cinder.keymgr.conf_key_mgr.ConfKeyManager is not a stevedore based driver, trying to load it as a class: stevedore.exception.NoMatches: No 'castellan.drivers' driver found, looking for 'cinder.keymgr.conf_key_mgr.ConfKeyManager'
Aug 14 12:50:57 jammy-provider-cloud-0000007465 devstack@c-api.service[100580]: WARNING stevedore.named [None req-c3c5db74-b1dd-4948-91be-0a650aac169d None None] Could not load cinder.keymgr.conf_key_mgr.ConfKeyManager
Aug 14 12:50:57 jammy-provider-cloud-0000007465 devstack@c-api.service[100580]: WARNING castellan.key_manager [None req-c3c5db74-b1dd-4948-91be-0a650aac169d None None] Deprecation Warning : cinder.keymgr.conf_key_mgr.ConfKeyManager is not a stevedore based driver, trying to load it as a class: stevedore.exception.NoMatches: No 'castellan.drivers' driver found, looking for 'cinder.keymgr.conf_key_mgr.ConfKeyManager'
Aug 14 12:50:57 jammy-provider-cloud-0000007465 devstack@c-api.service[100581]: WARNING stevedore.named [None req-ebead7ab-0c01-400e-ae32-cacea6d12fd8 None None] Could not load cinder.keymgr.conf_key_mgr.ConfKeyManager
Aug 14 12:50:57 jammy-provider-cloud-0000007465 devstack@c-api.service[100581]: WARNING castellan.key_manager [None req-ebead7ab-0c01-400e-ae32-cacea6d12fd8 None None] Deprecation Warning : cinder.keymgr.conf_key_mgr.ConfKeyManager is not a stevedore based driver, trying to load it as a class: stevedore.exception.NoMatches: No 'castellan.drivers' driver found, looking for 'cinder.keymgr.conf_key_mgr.ConfKeyManager'
Aug 14 12:50:57 jammy-provider-cloud-0000007465 devstack@c-api.service[100581]: WARNING stevedore.named [None req-ebead7ab-0c01-400e-ae32-cacea6d12fd8 None None] Could not load cinder.keymgr.conf_key_mgr.ConfKeyManager
Aug 14 12:50:57 jammy-provider-cloud-0000007465 devstack@c-api.service[100581]: WARNING castellan.key_manager [None req-ebead7ab-0c01-400e-ae32-cacea6d12fd8 None None] Deprecation Warning : cinder.keymgr.conf_key_mgr.ConfKeyManager is not a stevedore based driver, trying to load it as a class: stevedore.exception.NoMatches: No 'castellan.drivers' driver found, looking for 'cinder.keymgr.conf_key_mgr.ConfKeyManager'
Aug 14 12:50:57 jammy-provider-cloud-0000007465 devstack@c-api.service[100581]: WARNING stevedore.named [None req-ebead7ab-0c01-400e-ae32-cacea6d12fd8 None None] Could not load cinder.keymgr.conf_key_mgr.ConfKeyManager
Aug 14 12:50:57 jammy-provider-cloud-0000007465 devstack@c-api.service[100581]: WARNING castellan.key_manager [None req-ebead7ab-0c01-400e-ae32-cacea6d12fd8 None None] Deprecation Warning : cinder.keymgr.conf_key_mgr.ConfKeyManager is not a stevedore based driver, trying to load it as a class: stevedore.exception.NoMatches: No 'castellan.drivers' driver found, looking for 'cinder.keymgr.conf_key_mgr.ConfKeyManager'
Aug 14 12:50:57 jammy-provider-cloud-0000007465 devstack@c-api.service[100580]: WARNING stevedore.named [None req-c3c5db74-b1dd-4948-91be-0a650aac169d None None] Could not load cinder.keymgr.conf_key_mgr.ConfKeyManager
Aug 14 12:50:57 jammy-provider-cloud-0000007465 devstack@c-api.service[100581]: WARNING stevedore.named [None req-ebead7ab-0c01-400e-ae32-cacea6d12fd8 None None] Could not load cinder.keymgr.conf_key_mgr.ConfKeyManager
Aug 14 12:50:57 jammy-provider-cloud-0000007465 devstack@c-api.service[100581]: WARNING castellan.key_manager [None req-ebead7ab-0c01-400e-ae32-cacea6d12fd8 None None] Deprecation Warning : cinder.keymgr.conf_key_mgr.ConfKeyManager is not a stevedore based driver, trying to load it as a class: stevedore.exception.NoMatches: No 'castellan.drivers' driver found, looking for 'cinder.keymgr.conf_key_mgr.ConfKeyManager'
