Jun 03 08:05:51 ubuntu devstack@keystone.service[67532]: ERROR keystone.server.flask.application     raise errorclass(errno, errval, sqlstate=sqlstate)
Jun 03 08:05:51 ubuntu devstack@keystone.service[67532]: ERROR keystone.server.flask.application oslo_db.exception.DBDuplicateEntry: (pymysql.err.IntegrityError) (1062, "Duplicate entry 'service-<<null>>' for key 'role.ixu_role_name_domain_id'")
Jun 03 08:05:51 ubuntu devstack@keystone.service[67532]: ERROR keystone.server.flask.application [SQL: INSERT INTO `role` (id, name, description, extra) VALUES (%(id)s, %(name)s, %(description)s, %(extra)s)]
Jun 03 08:05:51 ubuntu devstack@keystone.service[67532]: ERROR keystone.server.flask.application [parameters: {'id': 'f020a2192a98490c871841dc5861f80e', 'name': 'service', 'description': None, 'extra': '{}'}]
Jun 03 08:05:51 ubuntu devstack@keystone.service[67532]: ERROR keystone.server.flask.application (Background on this error at: https://sqlalche.me/e/20/gkpj)
Jun 03 08:05:51 ubuntu devstack@keystone.service[67532]: ERROR keystone.server.flask.application 
Jun 03 08:05:51 ubuntu devstack@keystone.service[67532]: ERROR keystone.server.flask.application During handling of the above exception, another exception occurred:
Jun 03 08:05:51 ubuntu devstack@keystone.service[67532]: ERROR keystone.server.flask.application 
Jun 03 08:05:51 ubuntu devstack@keystone.service[67532]: ERROR keystone.server.flask.application Traceback (most recent call last):
Jun 03 08:05:51 ubuntu devstack@keystone.service[67532]: ERROR keystone.server.flask.application   File "/opt/stack/data/venv/lib/python3.12/site-packages/flask_restful/__init__.py", line 295, in error_router
Jun 03 08:05:51 ubuntu devstack@keystone.service[67532]: ERROR keystone.server.flask.application     return self.handle_error(e)
Jun 03 08:05:51 ubuntu devstack@keystone.service[67532]: ERROR keystone.server.flask.application            ^^^^^^^^^^^^^^^^^^^^
Jun 03 08:05:51 ubuntu devstack@keystone.service[67532]: ERROR keystone.server.flask.application   File "/opt/stack/data/venv/lib/python3.12/site-packages/flask_restful/__init__.py", line 310, in handle_error
Jun 03 08:05:51 ubuntu devstack@keystone.service[67532]: ERROR keystone.server.flask.application     _handle_flask_propagate_exceptions_config(current_app, e)
Jun 03 08:05:51 ubuntu devstack@keystone.service[67532]: ERROR keystone.server.flask.application   File "/opt/stack/data/venv/lib/python3.12/site-packages/flask/app.py", line 917, in full_dispatch_request
Jun 03 08:05:51 ubuntu devstack@keystone.service[67532]: ERROR keystone.server.flask.application     rv = self.dispatch_request()
Jun 03 08:05:51 ubuntu devstack@keystone.service[67532]: ERROR keystone.server.flask.application          ^^^^^^^^^^^^^^^^^^^^^^^
Jun 03 08:05:51 ubuntu devstack@keystone.service[67532]: ERROR keystone.server.flask.application   File "/opt/stack/data/venv/lib/python3.12/site-packages/flask/app.py", line 902, in dispatch_request
Jun 03 08:05:51 ubuntu devstack@keystone.service[67532]: ERROR keystone.server.flask.application     return self.ensure_sync(self.view_functions[rule.endpoint])(**view_args)  # type: ignore[no-any-return]
Jun 03 08:05:51 ubuntu devstack@keystone.service[67532]: ERROR keystone.server.flask.application            ^^^^^^^^^^^^^^^^^^^^^^^^^^^^^^^^^^^^^^^^^^^^^^^^^^^^^^^^^^^^^^^^^
Jun 03 08:05:51 ubuntu devstack@keystone.service[67532]: ERROR keystone.server.flask.application   File "/opt/stack/data/venv/lib/python3.12/site-packages/flask_restful/__init__.py", line 489, in wrapper
Jun 03 08:05:51 ubuntu devstack@keystone.service[67532]: ERROR keystone.server.flask.application     resp = resource(*args, **kwargs)
Jun 03 08:05:51 ubuntu devstack@keystone.service[67532]: ERROR keystone.server.flask.application            ^^^^^^^^^^^^^^^^^^^^^^^^^
Jun 03 08:05:51 ubuntu devstack@keystone.service[67532]: ERROR keystone.server.flask.application   File "/opt/stack/data/venv/lib/python3.12/site-packages/flask/views.py", line 110, in view
Jun 03 08:05:51 ubuntu devstack@keystone.service[67532]: ERROR keystone.server.flask.application     return current_app.ensure_sync(self.dispatch_request)(**kwargs)  # type: ignore[no-any-return]
Jun 03 08:05:51 ubuntu devstack@keystone.service[67532]: ERROR keystone.server.flask.application            ^^^^^^^^^^^^^^^^^^^^^^^^^^^^^^^^^^^^^^^^^^^^^^^^^^^^^^^^
Jun 03 08:05:51 ubuntu devstack@keystone.service[67532]: ERROR keystone.server.flask.application   File "/opt/stack/data/venv/lib/python3.12/site-packages/flask_restful/__init__.py", line 604, in dispatch_request
Jun 03 08:05:51 ubuntu devstack@keystone.service[67532]: ERROR keystone.server.flask.application     resp = meth(*args, **kwargs)
Jun 03 08:05:51 ubuntu devstack@keystone.service[67532]: ERROR keystone.server.flask.application            ^^^^^^^^^^^^^^^^^^^^^
Jun 03 08:05:51 ubuntu devstack@keystone.service[67532]: ERROR keystone.server.flask.application   File "/opt/stack/keystone/keystone/api/validation/__init__.py", line 86, in wrapper
Jun 03 08:05:51 ubuntu devstack@keystone.service[67532]: ERROR keystone.server.flask.application     return func(*args, **kwargs)
Jun 03 08:05:51 ubuntu devstack@keystone.service[67532]: ERROR keystone.server.flask.application            ^^^^^^^^^^^^^^^^^^^^^
Jun 03 08:05:51 ubuntu devstack@keystone.service[67532]: ERROR keystone.server.flask.application   File "/opt/stack/keystone/keystone/api/validation/__init__.py", line 145, in wrapper
Jun 03 08:05:51 ubuntu devstack@keystone.service[67532]: ERROR keystone.server.flask.application     response = func(*args, **kwargs)
Jun 03 08:05:51 ubuntu devstack@keystone.service[67532]: ERROR keystone.server.flask.application                ^^^^^^^^^^^^^^^^^^^^^
Jun 03 08:05:51 ubuntu devstack@keystone.service[67532]: ERROR keystone.server.flask.application   File "/opt/stack/keystone/keystone/api/roles.py", line 91, in post
Jun 03 08:05:51 ubuntu devstack@keystone.service[67532]: ERROR keystone.server.flask.application     ref = PROVIDERS.role_api.create_role(
Jun 03 08:05:51 ubuntu devstack@keystone.service[67532]: ERROR keystone.server.flask.application           ^^^^^^^^^^^^^^^^^^^^^^^^^^^^^^^
Jun 03 08:05:51 ubuntu devstack@keystone.service[67532]: ERROR keystone.server.flask.application   File "/opt/stack/keystone/keystone/common/manager.py", line 114, in wrapped
Jun 03 08:05:51 ubuntu devstack@keystone.service[67532]: ERROR keystone.server.flask.application     __ret_val = __f(*args, **kwargs)
Jun 03 08:05:51 ubuntu devstack@keystone.service[67532]: ERROR keystone.server.flask.application                 ^^^^^^^^^^^^^^^^^^^^
Jun 03 08:05:51 ubuntu devstack@keystone.service[67532]: ERROR keystone.server.flask.application   File "/opt/stack/keystone/keystone/assignment/core.py", line 1486, in create_role
Jun 03 08:05:51 ubuntu devstack@keystone.service[67532]: ERROR keystone.server.flask.application     ret = self.driver.create_role(role_id, role)
Jun 03 08:05:51 ubuntu devstack@keystone.service[67532]: ERROR keystone.server.flask.application           ^^^^^^^^^^^^^^^^^^^^^^^^^^^^^^^^^^^^^^
Jun 03 08:05:51 ubuntu devstack@keystone.service[67532]: ERROR keystone.server.flask.application   File "/opt/stack/keystone/keystone/common/sql/core.py", line 614, in wrapper
Jun 03 08:05:51 ubuntu devstack@keystone.service[67532]: ERROR keystone.server.flask.application     raise exception.Conflict(type=conflict_type, details=msg)
Jun 03 08:05:51 ubuntu devstack@keystone.service[67532]: ERROR keystone.server.flask.application keystone.exception.Conflict: Conflict occurred attempting to store role - Duplicate entry found with name service.
Jun 03 08:05:51 ubuntu devstack@keystone.service[67532]: ERROR keystone.server.flask.application 
Jun 03 08:05:51 ubuntu devstack@keystone.service[67532]: [pid: 67532|app: 0|req: 17/35] 10.120.125.143 () {62 vars in 1198 bytes} [Wed Jun  3 08:05:51 2026] POST /identity/v3/roles => generated 140 bytes in 115 msecs (HTTP/1.1 409) 5 headers in 183 bytes (1 switches on core 0)
Jun 03 08:05:51 ubuntu devstack@keystone.service[67532]: DEBUG keystone.server.flask.request_processing.req_logging [None req-eb62acc0-ec46-43d6-bccf-899e372df6ee None None] REQUEST_METHOD: `GET` {{(pid=67532) log_request_info /opt/stack/keystone/keystone/server/flask/request_processing/req_logging.py:26}}
Jun 03 08:05:51 ubuntu devstack@keystone.service[67532]: DEBUG keystone.server.flask.request_processing.req_logging [None req-eb62acc0-ec46-43d6-bccf-899e372df6ee None None] SCRIPT_NAME: `/identity` {{(pid=67532) log_request_info /opt/stack/keystone/keystone/server/flask/request_processing/req_logging.py:27}}
Jun 03 08:05:51 ubuntu devstack@keystone.service[67532]: DEBUG keystone.server.flask.request_processing.req_logging [None req-eb62acc0-ec46-43d6-bccf-899e372df6ee None None] PATH_INFO: `/` {{(pid=67532) log_request_info /opt/stack/keystone/keystone/server/flask/request_processing/req_logging.py:28}}
Jun 03 08:05:51 ubuntu devstack@keystone.service[67532]: [pid: 67532|app: 0|req: 18/36] 10.120.125.143 () {56 vars in 950 bytes} [Wed Jun  3 08:05:51 2026] GET /identity => generated 271 bytes in 2 msecs (HTTP/1.1 300) 6 headers in 235 bytes (1 switches on core 0)
Jun 03 08:05:51 ubuntu devstack@keystone.service[67531]: DEBUG keystone.server.flask.request_processing.middleware.auth_context [None req-0bb07e73-991d-4931-aa64-d8fc665ceb1a None None] Validating token access rules against request {{(pid=67531) validate_allowed_request /opt/stack/data/venv/lib/python3.12/site-packages/keystonemiddleware/auth_token/__init__.py:544}}
Jun 03 08:05:51 ubuntu devstack@keystone.service[67532]: DEBUG keystone.server.flask.request_processing.middleware.auth_context [None req-eb62acc0-ec46-43d6-bccf-899e372df6ee None None] Authenticating user token {{(pid=67532) process_request /opt/stack/data/venv/lib/python3.12/site-packages/keystonemiddleware/auth_token/__init__.py:406}}
Jun 03 08:05:51 ubuntu devstack@keystone.service[67531]: DEBUG keystone.server.flask.request_processing.middleware.auth_context [None req-1ccd04d1-a6d6-4fc0-a455-aa5128c21366 None admin] RBAC: auth_context: {'token': <TokenModel (audit_id=WiXDo0LxSPWvq_v7kSdULg, audit_chain_id=['WiXDo0LxSPWvq_v7kSdULg']) at 0x798a6ec1ed50>, 'domain_id': None, 'trust_id': None, 'trustor_id': None, 'trustee_id': None, 'domain_name': None, 'group_ids': [], 'user_id': 'b3a5fbe8fa9841f4bc878ad5d750bf37', 'user_domain_id': 'default', 'system_scope': 'all', 'project_id': None, 'project_domain_id': None, 'roles': ['admin', 'manager', 'member', 'reader'], 'is_admin_project': True, 'service_user_id': None, 'service_user_domain_id': None, 'service_project_id': None, 'service_project_domain_id': None, 'service_roles': []} {{(pid=67531) fill_context /opt/stack/keystone/keystone/server/flask/request_processing/middleware/auth_context.py:509}}
Jun 03 08:05:51 ubuntu devstack@keystone.service[67531]: DEBUG keystone.server.flask.request_processing.req_logging [None req-1ccd04d1-a6d6-4fc0-a455-aa5128c21366 None admin] REQUEST_METHOD: `GET` {{(pid=67531) log_request_info /opt/stack/keystone/keystone/server/flask/request_processing/req_logging.py:26}}
Jun 03 08:05:51 ubuntu devstack@keystone.service[67531]: DEBUG keystone.server.flask.request_processing.req_logging [None req-1ccd04d1-a6d6-4fc0-a455-aa5128c21366 None admin] SCRIPT_NAME: `/identity` {{(pid=67531) log_request_info /opt/stack/keystone/keystone/server/flask/request_processing/req_logging.py:27}}
Jun 03 08:05:51 ubuntu devstack@keystone.service[67531]: DEBUG keystone.server.flask.request_processing.req_logging [None req-1ccd04d1-a6d6-4fc0-a455-aa5128c21366 None admin] PATH_INFO: `/v3/roles/admin` {{(pid=67531) log_request_info /opt/stack/keystone/keystone/server/flask/request_processing/req_logging.py:28}}
Jun 03 08:05:51 ubuntu devstack@keystone.service[67531]: DEBUG keystone.common.rbac_enforcer.enforcer [None req-1ccd04d1-a6d6-4fc0-a455-aa5128c21366 None admin] Extracting inferred target data resulted in "NOT FOUND (404)". {{(pid=67531) enforce_call /opt/stack/keystone/keystone/common/rbac_enforcer/enforcer.py:445}}
Jun 03 08:05:51 ubuntu devstack@keystone.service[67531]: DEBUG keystone.server.flask.application [None req-1ccd04d1-a6d6-4fc0-a455-aa5128c21366 None admin] Could not find role: admin. {{(pid=67531) _handle_keystone_exception /opt/stack/keystone/keystone/server/flask/application.py:146}}
Jun 03 08:05:51 ubuntu devstack@keystone.service[67531]: [pid: 67531|app: 0|req: 19/37] 10.120.125.143 () {58 vars in 1163 bytes} [Wed Jun  3 08:05:51 2026] GET /identity/v3/roles/admin => generated 83 bytes in 70 msecs (HTTP/1.1 404) 5 headers in 183 bytes (1 switches on core 0)
Jun 03 08:05:51 ubuntu devstack@keystone.service[67531]: DEBUG keystone.server.flask.request_processing.middleware.auth_context [None req-1ccd04d1-a6d6-4fc0-a455-aa5128c21366 None admin] Authenticating user token {{(pid=67531) process_request /opt/stack/data/venv/lib/python3.12/site-packages/keystonemiddleware/auth_token/__init__.py:406}}
Jun 03 08:05:51 ubuntu devstack@keystone.service[67532]: DEBUG keystone.server.flask.request_processing.middleware.auth_context [None req-eb62acc0-ec46-43d6-bccf-899e372df6ee None None] Validating token access rules against request {{(pid=67532) validate_allowed_request /opt/stack/data/venv/lib/python3.12/site-packages/keystonemiddleware/auth_token/__init__.py:544}}
Jun 03 08:05:51 ubuntu devstack@keystone.service[67532]: DEBUG keystone.server.flask.request_processing.middleware.auth_context [None req-49095937-a95a-4ce4-a701-e008034aa860 None admin] RBAC: auth_context: {'token': <TokenModel (audit_id=2ZQHiAUOR6ezyHvFsYXlFw, audit_chain_id=['2ZQHiAUOR6ezyHvFsYXlFw']) at 0x798a6de29850>, 'domain_id': None, 'trust_id': None, 'trustor_id': None, 'trustee_id': None, 'domain_name': None, 'group_ids': [], 'user_id': 'b3a5fbe8fa9841f4bc878ad5d750bf37', 'user_domain_id': 'default', 'system_scope': 'all', 'project_id': None, 'project_domain_id': None, 'roles': ['admin', 'manager', 'member', 'reader'], 'is_admin_project': True, 'service_user_id': None, 'service_user_domain_id': None, 'service_project_id': None, 'service_project_domain_id': None, 'service_roles': []} {{(pid=67532) fill_context /opt/stack/keystone/keystone/server/flask/request_processing/middleware/auth_context.py:509}}
Jun 03 08:05:51 ubuntu devstack@keystone.service[67532]: DEBUG keystone.server.flask.request_processing.req_logging [None req-49095937-a95a-4ce4-a701-e008034aa860 None admin] REQUEST_METHOD: `GET` {{(pid=67532) log_request_info /opt/stack/keystone/keystone/server/flask/request_processing/req_logging.py:26}}
Jun 03 08:05:51 ubuntu devstack@keystone.service[67532]: DEBUG keystone.server.flask.request_processing.req_logging [None req-49095937-a95a-4ce4-a701-e008034aa860 None admin] SCRIPT_NAME: `/identity` {{(pid=67532) log_request_info /opt/stack/keystone/keystone/server/flask/request_processing/req_logging.py:27}}
Jun 03 08:05:51 ubuntu devstack@keystone.service[67532]: DEBUG keystone.server.flask.request_processing.req_logging [None req-49095937-a95a-4ce4-a701-e008034aa860 None admin] PATH_INFO: `/v3/roles/service` {{(pid=67532) log_request_info /opt/stack/keystone/keystone/server/flask/request_processing/req_logging.py:28}}
Jun 03 08:05:51 ubuntu devstack@keystone.service[67532]: DEBUG keystone.common.rbac_enforcer.enforcer [None req-49095937-a95a-4ce4-a701-e008034aa860 None admin] Extracting inferred target data resulted in "NOT FOUND (404)". {{(pid=67532) enforce_call /opt/stack/keystone/keystone/common/rbac_enforcer/enforcer.py:445}}
Jun 03 08:05:51 ubuntu devstack@keystone.service[67532]: DEBUG keystone.server.flask.application [None req-49095937-a95a-4ce4-a701-e008034aa860 None admin] Could not find role: service. {{(pid=67532) _handle_keystone_exception /opt/stack/keystone/keystone/server/flask/application.py:146}}
Jun 03 08:05:51 ubuntu devstack@keystone.service[67531]: DEBUG keystone.server.flask.request_processing.middleware.auth_context [None req-1ccd04d1-a6d6-4fc0-a455-aa5128c21366 None admin] Validating token access rules against request {{(pid=67531) validate_allowed_request /opt/stack/data/venv/lib/python3.12/site-packages/keystonemiddleware/auth_token/__init__.py:544}}
Jun 03 08:05:51 ubuntu devstack@keystone.service[67532]: [pid: 67532|app: 0|req: 19/38] 10.120.125.143 () {58 vars in 1169 bytes} [Wed Jun  3 08:05:51 2026] GET /identity/v3/roles/service => generated 85 bytes in 68 msecs (HTTP/1.1 404) 5 headers in 183 bytes (1 switches on core 0)
Jun 03 08:05:51 ubuntu devstack@keystone.service[67532]: DEBUG keystone.server.flask.request_processing.middleware.auth_context [None req-49095937-a95a-4ce4-a701-e008034aa860 None admin] Authenticating user token {{(pid=67532) process_request /opt/stack/data/venv/lib/python3.12/site-packages/keystonemiddleware/auth_token/__init__.py:406}}
Jun 03 08:05:51 ubuntu devstack@keystone.service[67531]: DEBUG keystone.server.flask.request_processing.middleware.auth_context [None req-de2680c4-8c71-40ba-bfe0-91fbeefe2fb5 None admin] RBAC: auth_context: {'token': <TokenModel (audit_id=SPqmO82wQYWsgHuEiqPgzw, audit_chain_id=['SPqmO82wQYWsgHuEiqPgzw']) at 0x798a6e2fcd10>, 'domain_id': None, 'trust_id': None, 'trustor_id': None, 'trustee_id': None, 'domain_name': None, 'group_ids': [], 'user_id': 'b3a5fbe8fa9841f4bc878ad5d750bf37', 'user_domain_id': 'default', 'system_scope': 'all', 'project_id': None, 'project_domain_id': None, 'roles': ['admin', 'manager', 'member', 'reader'], 'is_admin_project': True, 'service_user_id': None, 'service_user_domain_id': None, 'service_project_id': None, 'service_project_domain_id': None, 'service_roles': []} {{(pid=67531) fill_context /opt/stack/keystone/keystone/server/flask/request_processing/middleware/auth_context.py:509}}
Jun 03 08:05:51 ubuntu devstack@keystone.service[67531]: DEBUG keystone.server.flask.request_processing.req_logging [None req-de2680c4-8c71-40ba-bfe0-91fbeefe2fb5 None admin] REQUEST_METHOD: `POST` {{(pid=67531) log_request_info /opt/stack/keystone/keystone/server/flask/request_processing/req_logging.py:26}}
Jun 03 08:05:51 ubuntu devstack@keystone.service[67531]: DEBUG keystone.server.flask.request_processing.req_logging [None req-de2680c4-8c71-40ba-bfe0-91fbeefe2fb5 None admin] SCRIPT_NAME: `/identity` {{(pid=67531) log_request_info /opt/stack/keystone/keystone/server/flask/request_processing/req_logging.py:27}}
Jun 03 08:05:51 ubuntu devstack@keystone.service[67531]: DEBUG keystone.server.flask.request_processing.req_logging [None req-de2680c4-8c71-40ba-bfe0-91fbeefe2fb5 None admin] PATH_INFO: `/v3/projects` {{(pid=67531) log_request_info /opt/stack/keystone/keystone/server/flask/request_processing/req_logging.py:28}}
Jun 03 08:05:51 ubuntu devstack@keystone.service[67531]: DEBUG keystone.common.rbac_enforcer.enforcer [None req-de2680c4-8c71-40ba-bfe0-91fbeefe2fb5 None admin] RBAC: Authorizing `identity:create_project()` {{(pid=67531) enforce_call /opt/stack/keystone/keystone/common/rbac_enforcer/enforcer.py:501}}
Jun 03 08:05:51 ubuntu devstack@keystone.service[67531]: DEBUG keystone.common.rbac_enforcer.enforcer [None req-de2680c4-8c71-40ba-bfe0-91fbeefe2fb5 None admin] RBAC: Authorization granted {{(pid=67531) enforce_call /opt/stack/keystone/keystone/common/rbac_enforcer/enforcer.py:512}}
Jun 03 08:05:51 ubuntu devstack@keystone.service[67532]: DEBUG keystone.server.flask.request_processing.middleware.auth_context [None req-49095937-a95a-4ce4-a701-e008034aa860 None admin] Validating token access rules against request {{(pid=67532) validate_allowed_request /opt/stack/data/venv/lib/python3.12/site-packages/keystonemiddleware/auth_token/__init__.py:544}}
Jun 03 08:05:51 ubuntu devstack@keystone.service[67531]: [pid: 67531|app: 0|req: 20/39] 10.120.125.143 () {62 vars in 1208 bytes} [Wed Jun  3 08:05:51 2026] POST /identity/v3/projects => generated 302 bytes in 78 msecs (HTTP/1.1 201) 5 headers in 182 bytes (2 switches on core 0)
Jun 03 08:05:51 ubuntu devstack@keystone.service[67531]: DEBUG keystone.server.flask.request_processing.middleware.auth_context [None req-de2680c4-8c71-40ba-bfe0-91fbeefe2fb5 None admin] Authenticating user token {{(pid=67531) process_request /opt/stack/data/venv/lib/python3.12/site-packages/keystonemiddleware/auth_token/__init__.py:406}}
Jun 03 08:05:51 ubuntu devstack@keystone.service[67532]: DEBUG keystone.server.flask.request_processing.middleware.auth_context [None req-6115445a-ceaf-4102-97d7-d8ccc9e87043 None admin] RBAC: auth_context: {'token': <TokenModel (audit_id=WiXDo0LxSPWvq_v7kSdULg, audit_chain_id=['WiXDo0LxSPWvq_v7kSdULg']) at 0x798a6e15c860>, 'domain_id': None, 'trust_id': None, 'trustor_id': None, 'trustee_id': None, 'domain_name': None, 'group_ids': [], 'user_id': 'b3a5fbe8fa9841f4bc878ad5d750bf37', 'user_domain_id': 'default', 'system_scope': 'all', 'project_id': None, 'project_domain_id': None, 'roles': ['admin', 'manager', 'member', 'reader'], 'is_admin_project': True, 'service_user_id': None, 'service_user_domain_id': None, 'service_project_id': None, 'service_project_domain_id': None, 'service_roles': []} {{(pid=67532) fill_context /opt/stack/keystone/keystone/server/flask/request_processing/middleware/auth_context.py:509}}
Jun 03 08:05:51 ubuntu devstack@keystone.service[67532]: DEBUG keystone.server.flask.request_processing.req_logging [None req-6115445a-ceaf-4102-97d7-d8ccc9e87043 None admin] REQUEST_METHOD: `GET` {{(pid=67532) log_request_info /opt/stack/keystone/keystone/server/flask/request_processing/req_logging.py:26}}
Jun 03 08:05:51 ubuntu devstack@keystone.service[67532]: DEBUG keystone.server.flask.request_processing.req_logging [None req-6115445a-ceaf-4102-97d7-d8ccc9e87043 None admin] SCRIPT_NAME: `/identity` {{(pid=67532) log_request_info /opt/stack/keystone/keystone/server/flask/request_processing/req_logging.py:27}}
Jun 03 08:05:51 ubuntu devstack@keystone.service[67532]: DEBUG keystone.server.flask.request_processing.req_logging [None req-6115445a-ceaf-4102-97d7-d8ccc9e87043 None admin] PATH_INFO: `/v3/roles` {{(pid=67532) log_request_info /opt/stack/keystone/keystone/server/flask/request_processing/req_logging.py:28}}
Jun 03 08:05:51 ubuntu devstack@keystone.service[67532]: DEBUG keystone.common.rbac_enforcer.enforcer [None req-6115445a-ceaf-4102-97d7-d8ccc9e87043 None admin] RBAC: Adding query filter params (name=admin) {{(pid=67532) _extract_filter_values /opt/stack/keystone/keystone/common/rbac_enforcer/enforcer.py:176}}
Jun 03 08:05:51 ubuntu devstack@keystone.service[67532]: DEBUG keystone.common.rbac_enforcer.enforcer [None req-6115445a-ceaf-4102-97d7-d8ccc9e87043 None admin] RBAC: Authorizing `identity:list_roles()` {{(pid=67532) enforce_call /opt/stack/keystone/keystone/common/rbac_enforcer/enforcer.py:501}}
Jun 03 08:05:51 ubuntu devstack@keystone.service[67532]: DEBUG keystone.common.rbac_enforcer.enforcer [None req-6115445a-ceaf-4102-97d7-d8ccc9e87043 None admin] RBAC: Authorization granted {{(pid=67532) enforce_call /opt/stack/keystone/keystone/common/rbac_enforcer/enforcer.py:512}}
Jun 03 08:05:51 ubuntu devstack@keystone.service[67532]: [pid: 67532|app: 0|req: 20/40] 10.120.125.143 () {58 vars in 1180 bytes} [Wed Jun  3 08:05:51 2026] GET /identity/v3/roles?name=admin => generated 341 bytes in 66 msecs (HTTP/1.1 200) 5 headers in 177 bytes (1 switches on core 0)
Jun 03 08:05:51 ubuntu devstack@keystone.service[67532]: DEBUG keystone.server.flask.request_processing.req_logging [None req-a0b7357e-18cc-4a70-aee1-facfdcb346ef None None] REQUEST_METHOD: `POST` {{(pid=67532) log_request_info /opt/stack/keystone/keystone/server/flask/request_processing/req_logging.py:26}}
Jun 03 08:05:51 ubuntu devstack@keystone.service[67532]: DEBUG keystone.server.flask.request_processing.req_logging [None req-a0b7357e-18cc-4a70-aee1-facfdcb346ef None None] SCRIPT_NAME: `/identity` {{(pid=67532) log_request_info /opt/stack/keystone/keystone/server/flask/request_processing/req_logging.py:27}}
Jun 03 08:05:51 ubuntu devstack@keystone.service[67532]: DEBUG keystone.server.flask.request_processing.req_logging [None req-a0b7357e-18cc-4a70-aee1-facfdcb346ef None None] PATH_INFO: `/v3/auth/tokens` {{(pid=67532) log_request_info /opt/stack/keystone/keystone/server/flask/request_processing/req_logging.py:28}}
Jun 03 08:05:51 ubuntu devstack@keystone.service[67532]: WARNING keystone.common.password_hashing [None req-a0b7357e-18cc-4a70-aee1-facfdcb346ef None None] Truncating password to algorithm specific maximum length 72 characters.
Jun 03 08:05:51 ubuntu devstack@keystone.service[67532]: DEBUG keystone.auth.core [None req-a0b7357e-18cc-4a70-aee1-facfdcb346ef None None] MFA Rules not processed for user `b3a5fbe8fa9841f4bc878ad5d750bf37`. Rule list: `[]` (Enabled: `True`). {{(pid=67532) check_auth_methods_against_rules /opt/stack/keystone/keystone/auth/core.py:476}}
Jun 03 08:05:51 ubuntu devstack@keystone.service[67532]: DEBUG keystone.common.fernet_utils [None req-a0b7357e-18cc-4a70-aee1-facfdcb346ef None None] Loaded 2 Fernet keys from /etc/keystone/fernet-keys/, but `[fernet_tokens] max_active_keys = 3`; perhaps there have not been enough key rotations to reach `max_active_keys` yet? {{(pid=67532) load_keys /opt/stack/keystone/keystone/common/fernet_utils.py:297}}
Jun 03 08:05:51 ubuntu devstack@keystone.service[67531]: DEBUG keystone.server.flask.request_processing.middleware.auth_context [None req-de2680c4-8c71-40ba-bfe0-91fbeefe2fb5 None admin] Validating token access rules against request {{(pid=67531) validate_allowed_request /opt/stack/data/venv/lib/python3.12/site-packages/keystonemiddleware/auth_token/__init__.py:544}}
Jun 03 08:05:51 ubuntu devstack@keystone.service[67531]: DEBUG keystone.server.flask.request_processing.middleware.auth_context [None req-aa57b7eb-877e-4fd1-9874-200adc3fa237 None admin] RBAC: auth_context: {'token': <TokenModel (audit_id=2ZQHiAUOR6ezyHvFsYXlFw, audit_chain_id=['2ZQHiAUOR6ezyHvFsYXlFw']) at 0x798a6e1b38f0>, 'domain_id': None, 'trust_id': None, 'trustor_id': None, 'trustee_id': None, 'domain_name': None, 'group_ids': [], 'user_id': 'b3a5fbe8fa9841f4bc878ad5d750bf37', 'user_domain_id': 'default', 'system_scope': 'all', 'project_id': None, 'project_domain_id': None, 'roles': ['admin', 'manager', 'member', 'reader'], 'is_admin_project': True, 'service_user_id': None, 'service_user_domain_id': None, 'service_project_id': None, 'service_project_domain_id': None, 'service_roles': []} {{(pid=67531) fill_context /opt/stack/keystone/keystone/server/flask/request_processing/middleware/auth_context.py:509}}
Jun 03 08:05:51 ubuntu devstack@keystone.service[67531]: DEBUG keystone.server.flask.request_processing.req_logging [None req-aa57b7eb-877e-4fd1-9874-200adc3fa237 None admin] REQUEST_METHOD: `GET` {{(pid=67531) log_request_info /opt/stack/keystone/keystone/server/flask/request_processing/req_logging.py:26}}
Jun 03 08:05:51 ubuntu devstack@keystone.service[67531]: DEBUG keystone.server.flask.request_processing.req_logging [None req-aa57b7eb-877e-4fd1-9874-200adc3fa237 None admin] SCRIPT_NAME: `/identity` {{(pid=67531) log_request_info /opt/stack/keystone/keystone/server/flask/request_processing/req_logging.py:27}}
Jun 03 08:05:51 ubuntu devstack@keystone.service[67531]: DEBUG keystone.server.flask.request_processing.req_logging [None req-aa57b7eb-877e-4fd1-9874-200adc3fa237 None admin] PATH_INFO: `/v3/roles` {{(pid=67531) log_request_info /opt/stack/keystone/keystone/server/flask/request_processing/req_logging.py:28}}
Jun 03 08:05:51 ubuntu devstack@keystone.service[67531]: DEBUG keystone.common.rbac_enforcer.enforcer [None req-aa57b7eb-877e-4fd1-9874-200adc3fa237 None admin] RBAC: Adding query filter params (name=service) {{(pid=67531) _extract_filter_values /opt/stack/keystone/keystone/common/rbac_enforcer/enforcer.py:176}}
Jun 03 08:05:51 ubuntu devstack@keystone.service[67531]: DEBUG keystone.common.rbac_enforcer.enforcer [None req-aa57b7eb-877e-4fd1-9874-200adc3fa237 None admin] RBAC: Authorizing `identity:list_roles()` {{(pid=67531) enforce_call /opt/stack/keystone/keystone/common/rbac_enforcer/enforcer.py:501}}
Jun 03 08:05:51 ubuntu devstack@keystone.service[67532]: [pid: 67532|app: 0|req: 21/41] 10.120.125.143 () {60 vars in 1048 bytes} [Wed Jun  3 08:05:51 2026] POST /identity/v3/auth/tokens => generated 863 bytes in 49 msecs (HTTP/1.1 201) 6 headers in 363 bytes (1 switches on core 0)
Jun 03 08:05:51 ubuntu devstack@keystone.service[67531]: DEBUG keystone.common.rbac_enforcer.enforcer [None req-aa57b7eb-877e-4fd1-9874-200adc3fa237 None admin] RBAC: Authorization granted {{(pid=67531) enforce_call /opt/stack/keystone/keystone/common/rbac_enforcer/enforcer.py:512}}
Jun 03 08:05:51 ubuntu devstack@keystone.service[67532]: DEBUG keystone.server.flask.request_processing.middleware.auth_context [None req-a0b7357e-18cc-4a70-aee1-facfdcb346ef None None] Authenticating user token {{(pid=67532) process_request /opt/stack/data/venv/lib/python3.12/site-packages/keystonemiddleware/auth_token/__init__.py:406}}
Jun 03 08:05:51 ubuntu devstack@keystone.service[67531]: [pid: 67531|app: 0|req: 21/42] 10.120.125.143 () {58 vars in 1184 bytes} [Wed Jun  3 08:05:51 2026] GET /identity/v3/roles?name=service => generated 345 bytes in 81 msecs (HTTP/1.1 200) 5 headers in 177 bytes (1 switches on core 0)
Jun 03 08:05:51 ubuntu devstack@keystone.service[67531]: DEBUG keystone.server.flask.request_processing.middleware.auth_context [None req-aa57b7eb-877e-4fd1-9874-200adc3fa237 None admin] Authenticating user token {{(pid=67531) process_request /opt/stack/data/venv/lib/python3.12/site-packages/keystonemiddleware/auth_token/__init__.py:406}}
Jun 03 08:05:51 ubuntu devstack@keystone.service[67532]: DEBUG keystone.server.flask.request_processing.middleware.auth_context [None req-a0b7357e-18cc-4a70-aee1-facfdcb346ef None None] Validating token access rules against request {{(pid=67532) validate_allowed_request /opt/stack/data/venv/lib/python3.12/site-packages/keystonemiddleware/auth_token/__init__.py:544}}
Jun 03 08:05:51 ubuntu devstack@keystone.service[67531]: DEBUG keystone.server.flask.request_processing.middleware.auth_context [None req-aa57b7eb-877e-4fd1-9874-200adc3fa237 None admin] Validating token access rules against request {{(pid=67531) validate_allowed_request /opt/stack/data/venv/lib/python3.12/site-packages/keystonemiddleware/auth_token/__init__.py:544}}
Jun 03 08:05:51 ubuntu devstack@keystone.service[67532]: DEBUG keystone.server.flask.request_processing.middleware.auth_context [None req-3526842a-caf4-4312-8f48-e7c4fe7c0d1a None admin] RBAC: auth_context: {'token': <TokenModel (audit_id=tdYoRhvlRFaVdlfLCxPo5g, audit_chain_id=['tdYoRhvlRFaVdlfLCxPo5g']) at 0x798a6e18b9e0>, 'domain_id': None, 'trust_id': None, 'trustor_id': None, 'trustee_id': None, 'domain_name': None, 'group_ids': [], 'user_id': 'b3a5fbe8fa9841f4bc878ad5d750bf37', 'user_domain_id': 'default', 'system_scope': 'all', 'project_id': None, 'project_domain_id': None, 'roles': ['admin', 'manager', 'member', 'reader'], 'is_admin_project': True, 'service_user_id': None, 'service_user_domain_id': None, 'service_project_id': None, 'service_project_domain_id': None, 'service_roles': []} {{(pid=67532) fill_context /opt/stack/keystone/keystone/server/flask/request_processing/middleware/auth_context.py:509}}
Jun 03 08:05:51 ubuntu devstack@keystone.service[67532]: DEBUG keystone.server.flask.request_processing.req_logging [None req-3526842a-caf4-4312-8f48-e7c4fe7c0d1a None admin] REQUEST_METHOD: `POST` {{(pid=67532) log_request_info /opt/stack/keystone/keystone/server/flask/request_processing/req_logging.py:26}}
Jun 03 08:05:51 ubuntu devstack@keystone.service[67532]: DEBUG keystone.server.flask.request_processing.req_logging [None req-3526842a-caf4-4312-8f48-e7c4fe7c0d1a None admin] SCRIPT_NAME: `/identity` {{(pid=67532) log_request_info /opt/stack/keystone/keystone/server/flask/request_processing/req_logging.py:27}}
Jun 03 08:05:51 ubuntu devstack@keystone.service[67532]: DEBUG keystone.server.flask.request_processing.req_logging [None req-3526842a-caf4-4312-8f48-e7c4fe7c0d1a None admin] PATH_INFO: `/v3/roles` {{(pid=67532) log_request_info /opt/stack/keystone/keystone/server/flask/request_processing/req_logging.py:28}}
Jun 03 08:05:51 ubuntu devstack@keystone.service[67532]: DEBUG keystone.common.rbac_enforcer.enforcer [None req-3526842a-caf4-4312-8f48-e7c4fe7c0d1a None admin] RBAC: Authorizing `identity:create_role()` {{(pid=67532) enforce_call /opt/stack/keystone/keystone/common/rbac_enforcer/enforcer.py:501}}
Jun 03 08:05:51 ubuntu devstack@keystone.service[67532]: DEBUG keystone.common.rbac_enforcer.enforcer [None req-3526842a-caf4-4312-8f48-e7c4fe7c0d1a None admin] RBAC: Authorization granted {{(pid=67532) enforce_call /opt/stack/keystone/keystone/common/rbac_enforcer/enforcer.py:512}}
Jun 03 08:05:51 ubuntu devstack@keystone.service[67531]: DEBUG keystone.server.flask.request_processing.middleware.auth_context [None req-cc44b862-9a8c-482e-96fc-7a94166a60c0 None admin] RBAC: auth_context: {'token': <TokenModel (audit_id=WiXDo0LxSPWvq_v7kSdULg, audit_chain_id=['WiXDo0LxSPWvq_v7kSdULg']) at 0x798a6e2ffb60>, 'domain_id': None, 'trust_id': None, 'trustor_id': None, 'trustee_id': None, 'domain_name': None, 'group_ids': [], 'user_id': 'b3a5fbe8fa9841f4bc878ad5d750bf37', 'user_domain_id': 'default', 'system_scope': 'all', 'project_id': None, 'project_domain_id': None, 'roles': ['admin', 'manager', 'member', 'reader'], 'is_admin_project': True, 'service_user_id': None, 'service_user_domain_id': None, 'service_project_id': None, 'service_project_domain_id': None, 'service_roles': []} {{(pid=67531) fill_context /opt/stack/keystone/keystone/server/flask/request_processing/middleware/auth_context.py:509}}
Jun 03 08:05:51 ubuntu devstack@keystone.service[67531]: DEBUG keystone.server.flask.request_processing.req_logging [None req-cc44b862-9a8c-482e-96fc-7a94166a60c0 None admin] REQUEST_METHOD: `GET` {{(pid=67531) log_request_info /opt/stack/keystone/keystone/server/flask/request_processing/req_logging.py:26}}
Jun 03 08:05:51 ubuntu devstack@keystone.service[67531]: DEBUG keystone.server.flask.request_processing.req_logging [None req-cc44b862-9a8c-482e-96fc-7a94166a60c0 None admin] SCRIPT_NAME: `/identity` {{(pid=67531) log_request_info /opt/stack/keystone/keystone/server/flask/request_processing/req_logging.py:27}}
Jun 03 08:05:51 ubuntu devstack@keystone.service[67531]: DEBUG keystone.server.flask.request_processing.req_logging [None req-cc44b862-9a8c-482e-96fc-7a94166a60c0 None admin] PATH_INFO: `/v3/users/b3a5fbe8fa9841f4bc878ad5d750bf37` {{(pid=67531) log_request_info /opt/stack/keystone/keystone/server/flask/request_processing/req_logging.py:28}}
Jun 03 08:05:51 ubuntu devstack@keystone.service[67531]: DEBUG keystone.common.rbac_enforcer.enforcer [None req-cc44b862-9a8c-482e-96fc-7a94166a60c0 None admin] RBAC: Authorizing `identity:get_user(user_id=b3a5fbe8fa9841f4bc878ad5d750bf37)` {{(pid=67531) enforce_call /opt/stack/keystone/keystone/common/rbac_enforcer/enforcer.py:501}}
Jun 03 08:05:51 ubuntu devstack@keystone.service[67531]: DEBUG keystone.common.rbac_enforcer.enforcer [None req-cc44b862-9a8c-482e-96fc-7a94166a60c0 None admin] RBAC: Authorization granted {{(pid=67531) enforce_call /opt/stack/keystone/keystone/common/rbac_enforcer/enforcer.py:512}}
Jun 03 08:05:51 ubuntu devstack@keystone.service[67531]: [pid: 67531|app: 0|req: 22/43] 10.120.125.143 () {58 vars in 1245 bytes} [Wed Jun  3 08:05:51 2026] GET /identity/v3/users/b3a5fbe8fa9841f4bc878ad5d750bf37 => generated 248 bytes in 58 msecs (HTTP/1.1 200) 5 headers in 177 bytes (1 switches on core 0)
Jun 03 08:05:52 ubuntu devstack@keystone.service[67531]: DEBUG keystone.server.flask.request_processing.middleware.auth_context [None req-cc44b862-9a8c-482e-96fc-7a94166a60c0 None admin] Authenticating user token {{(pid=67531) process_request /opt/stack/data/venv/lib/python3.12/site-packages/keystonemiddleware/auth_token/__init__.py:406}}
Jun 03 08:05:52 ubuntu devstack@keystone.service[67532]: [pid: 67532|app: 0|req: 22/44] 10.120.125.143 () {62 vars in 1199 bytes} [Wed Jun  3 08:05:51 2026] POST /identity/v3/roles => generated 226 bytes in 131 msecs (HTTP/1.1 201) 5 headers in 182 bytes (1 switches on core 0)
Jun 03 08:05:52 ubuntu devstack@keystone.service[67531]: DEBUG keystone.server.flask.request_processing.middleware.auth_context [None req-cc44b862-9a8c-482e-96fc-7a94166a60c0 None admin] Validating token access rules against request {{(pid=67531) validate_allowed_request /opt/stack/data/venv/lib/python3.12/site-packages/keystonemiddleware/auth_token/__init__.py:544}}
Jun 03 08:05:52 ubuntu devstack@keystone.service[67531]: DEBUG keystone.server.flask.request_processing.middleware.auth_context [None req-e84ac91d-8547-44a3-a774-f1266bdce377 None admin] RBAC: auth_context: {'token': <TokenModel (audit_id=WiXDo0LxSPWvq_v7kSdULg, audit_chain_id=['WiXDo0LxSPWvq_v7kSdULg']) at 0x798a6e0f9b80>, 'domain_id': None, 'trust_id': None, 'trustor_id': None, 'trustee_id': None, 'domain_name': None, 'group_ids': [], 'user_id': 'b3a5fbe8fa9841f4bc878ad5d750bf37', 'user_domain_id': 'default', 'system_scope': 'all', 'project_id': None, 'project_domain_id': None, 'roles': ['admin', 'manager', 'member', 'reader'], 'is_admin_project': True, 'service_user_id': None, 'service_user_domain_id': None, 'service_project_id': None, 'service_project_domain_id': None, 'service_roles': []} {{(pid=67531) fill_context /opt/stack/keystone/keystone/server/flask/request_processing/middleware/auth_context.py:509}}
Jun 03 08:05:52 ubuntu devstack@keystone.service[67531]: DEBUG keystone.server.flask.request_processing.req_logging [None req-e84ac91d-8547-44a3-a774-f1266bdce377 None admin] REQUEST_METHOD: `GET` {{(pid=67531) log_request_info /opt/stack/keystone/keystone/server/flask/request_processing/req_logging.py:26}}
Jun 03 08:05:52 ubuntu devstack@keystone.service[67531]: DEBUG keystone.server.flask.request_processing.req_logging [None req-e84ac91d-8547-44a3-a774-f1266bdce377 None admin] SCRIPT_NAME: `/identity` {{(pid=67531) log_request_info /opt/stack/keystone/keystone/server/flask/request_processing/req_logging.py:27}}
Jun 03 08:05:52 ubuntu devstack@keystone.service[67531]: DEBUG keystone.server.flask.request_processing.req_logging [None req-e84ac91d-8547-44a3-a774-f1266bdce377 None admin] PATH_INFO: `/v3/domains/default` {{(pid=67531) log_request_info /opt/stack/keystone/keystone/server/flask/request_processing/req_logging.py:28}}
Jun 03 08:05:52 ubuntu devstack@keystone.service[67531]: DEBUG keystone.common.rbac_enforcer.enforcer [None req-e84ac91d-8547-44a3-a774-f1266bdce377 None admin] RBAC: Authorizing `identity:get_domain(domain_id=default)` {{(pid=67531) enforce_call /opt/stack/keystone/keystone/common/rbac_enforcer/enforcer.py:501}}
Jun 03 08:05:52 ubuntu devstack@keystone.service[67531]: DEBUG keystone.common.rbac_enforcer.enforcer [None req-e84ac91d-8547-44a3-a774-f1266bdce377 None admin] RBAC: Authorization granted {{(pid=67531) enforce_call /opt/stack/keystone/keystone/common/rbac_enforcer/enforcer.py:512}}
Jun 03 08:05:52 ubuntu devstack@keystone.service[67531]: [pid: 67531|app: 0|req: 23/45] 10.120.125.143 () {58 vars in 1176 bytes} [Wed Jun  3 08:05:52 2026] GET /identity/v3/domains/default => generated 200 bytes in 93 msecs (HTTP/1.1 200) 5 headers in 177 bytes (1 switches on core 0)
Jun 03 08:05:52 ubuntu devstack@keystone.service[67532]: DEBUG keystone.server.flask.request_processing.middleware.auth_context [None req-3526842a-caf4-4312-8f48-e7c4fe7c0d1a None admin] Authenticating user token {{(pid=67532) process_request /opt/stack/data/venv/lib/python3.12/site-packages/keystonemiddleware/auth_token/__init__.py:406}}
Jun 03 08:05:52 ubuntu devstack@keystone.service[67532]: DEBUG keystone.server.flask.request_processing.middleware.auth_context [None req-3526842a-caf4-4312-8f48-e7c4fe7c0d1a None admin] Validating token access rules against request {{(pid=67532) validate_allowed_request /opt/stack/data/venv/lib/python3.12/site-packages/keystonemiddleware/auth_token/__init__.py:544}}
Jun 03 08:05:52 ubuntu devstack@keystone.service[67531]: DEBUG keystone.server.flask.request_processing.middleware.auth_context [None req-e84ac91d-8547-44a3-a774-f1266bdce377 None admin] Authenticating user token {{(pid=67531) process_request /opt/stack/data/venv/lib/python3.12/site-packages/keystonemiddleware/auth_token/__init__.py:406}}
Jun 03 08:05:52 ubuntu devstack@keystone.service[67532]: DEBUG keystone.server.flask.request_processing.middleware.auth_context [None req-2010d56d-d3b9-4b0c-9bca-8ef6fa214f01 None admin] RBAC: auth_context: {'token': <TokenModel (audit_id=WiXDo0LxSPWvq_v7kSdULg, audit_chain_id=['WiXDo0LxSPWvq_v7kSdULg']) at 0x798a6ddd4a70>, 'domain_id': None, 'trust_id': None, 'trustor_id': None, 'trustee_id': None, 'domain_name': None, 'group_ids': [], 'user_id': 'b3a5fbe8fa9841f4bc878ad5d750bf37', 'user_domain_id': 'default', 'system_scope': 'all', 'project_id': None, 'project_domain_id': None, 'roles': ['admin', 'manager', 'member', 'reader'], 'is_admin_project': True, 'service_user_id': None, 'service_user_domain_id': None, 'service_project_id': None, 'service_project_domain_id': None, 'service_roles': []} {{(pid=67532) fill_context /opt/stack/keystone/keystone/server/flask/request_processing/middleware/auth_context.py:509}}
Jun 03 08:05:52 ubuntu devstack@keystone.service[67532]: DEBUG keystone.server.flask.request_processing.req_logging [None req-2010d56d-d3b9-4b0c-9bca-8ef6fa214f01 None admin] REQUEST_METHOD: `GET` {{(pid=67532) log_request_info /opt/stack/keystone/keystone/server/flask/request_processing/req_logging.py:26}}
Jun 03 08:05:52 ubuntu devstack@keystone.service[67532]: DEBUG keystone.server.flask.request_processing.req_logging [None req-2010d56d-d3b9-4b0c-9bca-8ef6fa214f01 None admin] SCRIPT_NAME: `/identity` {{(pid=67532) log_request_info /opt/stack/keystone/keystone/server/flask/request_processing/req_logging.py:27}}
Jun 03 08:05:52 ubuntu devstack@keystone.service[67532]: DEBUG keystone.server.flask.request_processing.req_logging [None req-2010d56d-d3b9-4b0c-9bca-8ef6fa214f01 None admin] PATH_INFO: `/v3/role_assignments` {{(pid=67532) log_request_info /opt/stack/keystone/keystone/server/flask/request_processing/req_logging.py:28}}
Jun 03 08:05:52 ubuntu devstack@keystone.service[67532]: DEBUG keystone.common.rbac_enforcer.enforcer [None req-2010d56d-d3b9-4b0c-9bca-8ef6fa214f01 None admin] RBAC: Adding query filter params (role.id=f31b472e9d434e35b91d439f4231c5b6, scope.domain.id=default, user.id=b3a5fbe8fa9841f4bc878ad5d750bf37) {{(pid=67532) _extract_filter_values /opt/stack/keystone/keystone/common/rbac_enforcer/enforcer.py:176}}
Jun 03 08:05:52 ubuntu devstack@keystone.service[67532]: DEBUG keystone.common.rbac_enforcer.enforcer [None req-2010d56d-d3b9-4b0c-9bca-8ef6fa214f01 None admin] RBAC: Authorizing `identity:list_role_assignments()` {{(pid=67532) enforce_call /opt/stack/keystone/keystone/common/rbac_enforcer/enforcer.py:501}}
Jun 03 08:05:52 ubuntu devstack@keystone.service[67532]: DEBUG keystone.common.rbac_enforcer.enforcer [None req-2010d56d-d3b9-4b0c-9bca-8ef6fa214f01 None admin] RBAC: Authorization granted {{(pid=67532) enforce_call /opt/stack/keystone/keystone/common/rbac_enforcer/enforcer.py:512}}
Jun 03 08:05:52 ubuntu devstack@keystone.service[67532]: [pid: 67532|app: 0|req: 23/46] 10.120.125.143 () {58 vars in 1403 bytes} [Wed Jun  3 08:05:52 2026] GET /identity/v3/role_assignments?role.id=f31b472e9d434e35b91d439f4231c5b6&scope.domain.id=default&user.id=b3a5fbe8fa9841f4bc878ad5d750bf37 => generated 532 bytes in 74 msecs (HTTP/1.1 200) 5 headers in 177 bytes (1 switches on core 0)
Jun 03 08:05:52 ubuntu devstack@keystone.service[67531]: DEBUG keystone.server.flask.request_processing.middleware.auth_context [None req-e84ac91d-8547-44a3-a774-f1266bdce377 None admin] Validating token access rules against request {{(pid=67531) validate_allowed_request /opt/stack/data/venv/lib/python3.12/site-packages/keystonemiddleware/auth_token/__init__.py:544}}
Jun 03 08:05:52 ubuntu devstack@keystone.service[67531]: DEBUG keystone.server.flask.request_processing.middleware.auth_context [None req-90ee2925-5f2e-4498-9afd-620e31cbb051 None admin] RBAC: auth_context: {'token': <TokenModel (audit_id=GonsxvjiQHyUNbDS0CGdMA, audit_chain_id=['GonsxvjiQHyUNbDS0CGdMA']) at 0x798a6e10d2e0>, 'domain_id': None, 'trust_id': None, 'trustor_id': None, 'trustee_id': None, 'domain_name': None, 'group_ids': [], 'user_id': 'b3a5fbe8fa9841f4bc878ad5d750bf37', 'user_domain_id': 'default', 'system_scope': 'all', 'project_id': None, 'project_domain_id': None, 'roles': ['admin', 'manager', 'member', 'reader'], 'is_admin_project': True, 'service_user_id': None, 'service_user_domain_id': None, 'service_project_id': None, 'service_project_domain_id': None, 'service_roles': []} {{(pid=67531) fill_context /opt/stack/keystone/keystone/server/flask/request_processing/middleware/auth_context.py:509}}
Jun 03 08:05:52 ubuntu devstack@keystone.service[67531]: DEBUG keystone.server.flask.request_processing.req_logging [None req-90ee2925-5f2e-4498-9afd-620e31cbb051 None admin] REQUEST_METHOD: `POST` {{(pid=67531) log_request_info /opt/stack/keystone/keystone/server/flask/request_processing/req_logging.py:26}}
Jun 03 08:05:52 ubuntu devstack@keystone.service[67531]: DEBUG keystone.server.flask.request_processing.req_logging [None req-90ee2925-5f2e-4498-9afd-620e31cbb051 None admin] SCRIPT_NAME: `/identity` {{(pid=67531) log_request_info /opt/stack/keystone/keystone/server/flask/request_processing/req_logging.py:27}}
Jun 03 08:05:52 ubuntu devstack@keystone.service[67531]: DEBUG keystone.server.flask.request_processing.req_logging [None req-90ee2925-5f2e-4498-9afd-620e31cbb051 None admin] PATH_INFO: `/v3/roles` {{(pid=67531) log_request_info /opt/stack/keystone/keystone/server/flask/request_processing/req_logging.py:28}}
Jun 03 08:05:52 ubuntu devstack@keystone.service[67531]: DEBUG keystone.common.rbac_enforcer.enforcer [None req-90ee2925-5f2e-4498-9afd-620e31cbb051 None admin] RBAC: Authorizing `identity:create_role()` {{(pid=67531) enforce_call /opt/stack/keystone/keystone/common/rbac_enforcer/enforcer.py:501}}
Jun 03 08:05:52 ubuntu devstack@keystone.service[67531]: DEBUG keystone.common.rbac_enforcer.enforcer [None req-90ee2925-5f2e-4498-9afd-620e31cbb051 None admin] RBAC: Authorization granted {{(pid=67531) enforce_call /opt/stack/keystone/keystone/common/rbac_enforcer/enforcer.py:512}}
Jun 03 08:05:52 ubuntu devstack@keystone.service[67531]: [pid: 67531|app: 0|req: 24/47] 10.120.125.143 () {62 vars in 1199 bytes} [Wed Jun  3 08:05:52 2026] POST /identity/v3/roles => generated 224 bytes in 101 msecs (HTTP/1.1 201) 5 headers in 182 bytes (1 switches on core 0)
Jun 03 08:05:52 ubuntu devstack@keystone.service[67532]: DEBUG keystone.server.flask.request_processing.middleware.auth_context [None req-2010d56d-d3b9-4b0c-9bca-8ef6fa214f01 None admin] Authenticating user token {{(pid=67532) process_request /opt/stack/data/venv/lib/python3.12/site-packages/keystonemiddleware/auth_token/__init__.py:406}}
Jun 03 08:05:52 ubuntu devstack@keystone.service[67532]: DEBUG keystone.server.flask.request_processing.middleware.auth_context [None req-2010d56d-d3b9-4b0c-9bca-8ef6fa214f01 None admin] Validating token access rules against request {{(pid=67532) validate_allowed_request /opt/stack/data/venv/lib/python3.12/site-packages/keystonemiddleware/auth_token/__init__.py:544}}
Jun 03 08:05:52 ubuntu devstack@keystone.service[67532]: DEBUG keystone.server.flask.request_processing.middleware.auth_context [None req-c90065ca-7a87-45fd-827f-ec2a781c26c0 None admin] RBAC: auth_context: {'token': <TokenModel (audit_id=PvCuGiHQSMqp3DVz-fhxjw, audit_chain_id=['PvCuGiHQSMqp3DVz-fhxjw']) at 0x798a6ddd5490>, 'domain_id': None, 'trust_id': None, 'trustor_id': None, 'trustee_id': None, 'domain_name': None, 'group_ids': [], 'user_id': 'b3a5fbe8fa9841f4bc878ad5d750bf37', 'user_domain_id': 'default', 'system_scope': 'all', 'project_id': None, 'project_domain_id': None, 'roles': ['admin', 'manager', 'member', 'reader'], 'is_admin_project': True, 'service_user_id': None, 'service_user_domain_id': None, 'service_project_id': None, 'service_project_domain_id': None, 'service_roles': []} {{(pid=67532) fill_context /opt/stack/keystone/keystone/server/flask/request_processing/middleware/auth_context.py:509}}
Jun 03 08:05:52 ubuntu devstack@keystone.service[67532]: DEBUG keystone.server.flask.request_processing.req_logging [None req-c90065ca-7a87-45fd-827f-ec2a781c26c0 None admin] REQUEST_METHOD: `GET` {{(pid=67532) log_request_info /opt/stack/keystone/keystone/server/flask/request_processing/req_logging.py:26}}
Jun 03 08:05:52 ubuntu devstack@keystone.service[67532]: DEBUG keystone.server.flask.request_processing.req_logging [None req-c90065ca-7a87-45fd-827f-ec2a781c26c0 None admin] SCRIPT_NAME: `/identity` {{(pid=67532) log_request_info /opt/stack/keystone/keystone/server/flask/request_processing/req_logging.py:27}}
Jun 03 08:05:52 ubuntu devstack@keystone.service[67532]: DEBUG keystone.server.flask.request_processing.req_logging [None req-c90065ca-7a87-45fd-827f-ec2a781c26c0 None admin] PATH_INFO: `/v3/domains/default` {{(pid=67532) log_request_info /opt/stack/keystone/keystone/server/flask/request_processing/req_logging.py:28}}
Jun 03 08:05:52 ubuntu devstack@keystone.service[67532]: DEBUG keystone.common.rbac_enforcer.enforcer [None req-c90065ca-7a87-45fd-827f-ec2a781c26c0 None admin] RBAC: Authorizing `identity:get_domain(domain_id=default)` {{(pid=67532) enforce_call /opt/stack/keystone/keystone/common/rbac_enforcer/enforcer.py:501}}
Jun 03 08:05:52 ubuntu devstack@keystone.service[67532]: DEBUG keystone.common.rbac_enforcer.enforcer [None req-c90065ca-7a87-45fd-827f-ec2a781c26c0 None admin] RBAC: Authorization granted {{(pid=67532) enforce_call /opt/stack/keystone/keystone/common/rbac_enforcer/enforcer.py:512}}
