Dec 17 04:00:00 jammy-provider-cloud-0000007845 neutron-server[90648]: DEBUG neutron.api.extensions [None req-4508919e-1c29-4f24-963c-d48582a3fb41 None None] Ext name="Trunk port details" alias="trunk-details" description="Expose trunk port details" updated="2016-01-01T10:00:00-00:00" {{(pid=90648) _check_extension /opt/stack/neutron/neutron/api/extensions.py:415}}
Dec 17 04:00:00 jammy-provider-cloud-0000007845 neutron-server[90648]: INFO neutron.api.extensions [None req-4508919e-1c29-4f24-963c-d48582a3fb41 None None] Extension trunk-details not supported by any of loaded plugins
Dec 17 04:00:00 jammy-provider-cloud-0000007845 neutron-server[90648]: DEBUG neutron.api.extensions [None req-4508919e-1c29-4f24-963c-d48582a3fb41 None None] Loading extension file: uplink_status_propagation.py {{(pid=90648) _load_all_extensions_from_path /opt/stack/neutron/neutron/api/extensions.py:449}}
Dec 17 04:00:00 jammy-provider-cloud-0000007845 neutron-server[90648]: DEBUG neutron.api.extensions [None req-4508919e-1c29-4f24-963c-d48582a3fb41 None None] Ext name="Uplink status propagation extension" alias="uplink-status-propagation" description="Provides ability to propagate port uplink status." updated="2018-05-31T18:00:00-00:00" {{(pid=90648) _check_extension /opt/stack/neutron/neutron/api/extensions.py:415}}
Dec 17 04:00:00 jammy-provider-cloud-0000007845 neutron-server[90648]: INFO neutron.api.extensions [None req-4508919e-1c29-4f24-963c-d48582a3fb41 None None] Extension uplink-status-propagation not supported by any of loaded plugins
Dec 17 04:00:00 jammy-provider-cloud-0000007845 neutron-server[90648]: DEBUG neutron.api.extensions [None req-4508919e-1c29-4f24-963c-d48582a3fb41 None None] Loading extension file: uplink_status_propagation_updatable.py {{(pid=90648) _load_all_extensions_from_path /opt/stack/neutron/neutron/api/extensions.py:449}}
Dec 17 04:00:00 jammy-provider-cloud-0000007845 neutron-server[90648]: DEBUG neutron.api.extensions [None req-4508919e-1c29-4f24-963c-d48582a3fb41 None None] Ext name="Uplink status propagation updatable extension" alias="uplink-status-propagation-updatable" description="Provides ability to update the port uplink status." updated="2024-09-03T18:00:00-00:00" {{(pid=90648) _check_extension /opt/stack/neutron/neutron/api/extensions.py:415}}
Dec 17 04:00:00 jammy-provider-cloud-0000007845 neutron-server[90648]: INFO neutron.api.extensions [None req-4508919e-1c29-4f24-963c-d48582a3fb41 None None] Extension uplink-status-propagation-updatable not supported by any of loaded plugins
Dec 17 04:00:00 jammy-provider-cloud-0000007845 neutron-server[90648]: DEBUG neutron.api.extensions [None req-4508919e-1c29-4f24-963c-d48582a3fb41 None None] Loading extension file: vlantransparent.py {{(pid=90648) _load_all_extensions_from_path /opt/stack/neutron/neutron/api/extensions.py:449}}
Dec 17 04:00:00 jammy-provider-cloud-0000007845 neutron-server[90648]: DEBUG neutron.api.extensions [None req-4508919e-1c29-4f24-963c-d48582a3fb41 None None] Ext name="Vlantransparent" alias="vlan-transparent" description="Provides Vlan Transparent Networks" updated="2015-03-23T09:00:00-00:00" {{(pid=90648) _check_extension /opt/stack/neutron/neutron/api/extensions.py:415}}
Dec 17 04:00:00 jammy-provider-cloud-0000007845 neutron-server[90648]: INFO neutron.api.extensions [None req-4508919e-1c29-4f24-963c-d48582a3fb41 None None] Extension vlan-transparent not supported by any of loaded plugins
Dec 17 04:00:00 jammy-provider-cloud-0000007845 neutron-server[90648]: INFO neutron.quota.resource_registry [None req-4508919e-1c29-4f24-963c-d48582a3fb41 None None] Creating instance of TrackedResource for resource:network
Dec 17 04:00:00 jammy-provider-cloud-0000007845 neutron-server[90648]: INFO neutron.quota.resource_registry [None req-4508919e-1c29-4f24-963c-d48582a3fb41 None None] Creating instance of TrackedResource for resource:subnet
Dec 17 04:00:00 jammy-provider-cloud-0000007845 neutron-server[90648]: INFO neutron.quota.resource_registry [None req-4508919e-1c29-4f24-963c-d48582a3fb41 None None] Creating instance of TrackedResource for resource:subnetpool
Dec 17 04:00:00 jammy-provider-cloud-0000007845 neutron-server[90648]: INFO neutron.quota.resource_registry [None req-4508919e-1c29-4f24-963c-d48582a3fb41 None None] Creating instance of TrackedResource for resource:port
Dec 17 04:00:00 jammy-provider-cloud-0000007845 neutron-server[90648]: DEBUG neutron.api.v2.resource_helper [None req-4508919e-1c29-4f24-963c-d48582a3fb41 None None] Service FLAVORS assigned prefix:  {{(pid=90648) build_resource_info /opt/stack/neutron/neutron/api/v2/resource_helper.py:77}}
Dec 17 04:00:00 jammy-provider-cloud-0000007845 neutron-server[90648]: DEBUG neutron.api.v2.resource_helper [None req-4508919e-1c29-4f24-963c-d48582a3fb41 None None] Service L3_ROUTER_NAT assigned prefix:  {{(pid=90648) build_resource_info /opt/stack/neutron/neutron/api/v2/resource_helper.py:77}}
Dec 17 04:00:00 jammy-provider-cloud-0000007845 neutron-server[90648]: DEBUG neutron.api.v2.resource_helper [None req-4508919e-1c29-4f24-963c-d48582a3fb41 None None] Service L3_ROUTER_NAT assigned prefix:  {{(pid=90648) build_resource_info /opt/stack/neutron/neutron/api/v2/resource_helper.py:77}}
Dec 17 04:00:00 jammy-provider-cloud-0000007845 neutron-server[90648]: INFO neutron.quota.resource_registry [None req-4508919e-1c29-4f24-963c-d48582a3fb41 None None] Creating instance of TrackedResource for resource:router
Dec 17 04:00:00 jammy-provider-cloud-0000007845 neutron-server[90648]: INFO neutron.quota.resource_registry [None req-4508919e-1c29-4f24-963c-d48582a3fb41 None None] Creating instance of TrackedResource for resource:floatingip
Dec 17 04:00:00 jammy-provider-cloud-0000007845 neutron-server[90648]: DEBUG neutron_lib.callbacks.manager [None req-4508919e-1c29-4f24-963c-d48582a3fb41 None None] Subscribe: <bound method NeutronDbPluginV2.validate_network_rbac_policy_change of <neutron.services.network_ip_availability.plugin.NetworkIPAvailabilityPlugin object at 0x7efed2035b10>> rbac-policy before_create 55550000, False {{(pid=90648) subscribe /opt/stack/data/venv/lib/python3.10/site-packages/neutron_lib/callbacks/manager.py:52}}
Dec 17 04:00:00 jammy-provider-cloud-0000007845 neutron-server[90648]: DEBUG neutron_lib.callbacks.manager [None req-4508919e-1c29-4f24-963c-d48582a3fb41 None None] Subscribe: <bound method NeutronDbPluginV2.validate_network_rbac_policy_change of <neutron.services.network_ip_availability.plugin.NetworkIPAvailabilityPlugin object at 0x7efed2035b10>> rbac-policy before_update 55550000, False {{(pid=90648) subscribe /opt/stack/data/venv/lib/python3.10/site-packages/neutron_lib/callbacks/manager.py:52}}
Dec 17 04:00:00 jammy-provider-cloud-0000007845 neutron-server[90648]: DEBUG neutron_lib.callbacks.manager [None req-4508919e-1c29-4f24-963c-d48582a3fb41 None None] Subscribe: <bound method NeutronDbPluginV2.validate_network_rbac_policy_change of <neutron.services.network_ip_availability.plugin.NetworkIPAvailabilityPlugin object at 0x7efed2035b10>> rbac-policy before_delete 55550000, False {{(pid=90648) subscribe /opt/stack/data/venv/lib/python3.10/site-packages/neutron_lib/callbacks/manager.py:52}}
Dec 17 04:00:00 jammy-provider-cloud-0000007845 neutron-server[90648]: INFO neutron.quota.resource_registry [None req-4508919e-1c29-4f24-963c-d48582a3fb41 None None] Creating instance of CountableResource for resource:rbac_policy
Dec 17 04:00:00 jammy-provider-cloud-0000007845 neutron-server[90648]: INFO neutron.quota.resource_registry [None req-4508919e-1c29-4f24-963c-d48582a3fb41 None None] Creating instance of TrackedResource for resource:security_group
Dec 17 04:00:00 jammy-provider-cloud-0000007845 neutron-server[90648]: INFO neutron.quota.resource_registry [None req-4508919e-1c29-4f24-963c-d48582a3fb41 None None] Creating instance of TrackedResource for resource:security_group_rule
Dec 17 04:00:00 jammy-provider-cloud-0000007845 neutron-server[90648]: DEBUG neutron.api.v2.resource_helper [None req-4508919e-1c29-4f24-963c-d48582a3fb41 None None] Service CORE assigned prefix:  {{(pid=90648) build_resource_info /opt/stack/neutron/neutron/api/v2/resource_helper.py:77}}
Dec 17 04:00:00 jammy-provider-cloud-0000007845 neutron-server[90648]: INFO neutron.quota.resource_registry [None req-4508919e-1c29-4f24-963c-d48582a3fb41 None None] Creating instance of TrackedResource for resource:subnetpool
Dec 17 04:00:00 jammy-provider-cloud-0000007845 neutron-server[90648]: WARNING neutron.quota.resource_registry [None req-4508919e-1c29-4f24-963c-d48582a3fb41 None None] subnetpool is already registered
Dec 17 04:00:00 jammy-provider-cloud-0000007845 neutron-server[90648]: DEBUG neutron.api.v2.resource_helper [None req-4508919e-1c29-4f24-963c-d48582a3fb41 None None] Service FLAVORS assigned prefix:  {{(pid=90648) build_resource_info /opt/stack/neutron/neutron/api/v2/resource_helper.py:77}}
Dec 17 04:00:00 jammy-provider-cloud-0000007845 neutron-server[90648]: DEBUG neutron.api.v2.resource_helper [None req-4508919e-1c29-4f24-963c-d48582a3fb41 None None] Service L3_ROUTER_NAT assigned prefix:  {{(pid=90648) build_resource_info /opt/stack/neutron/neutron/api/v2/resource_helper.py:77}}
Dec 17 04:00:00 jammy-provider-cloud-0000007845 neutron-server[90648]: DEBUG neutron.api.v2.resource_helper [None req-4508919e-1c29-4f24-963c-d48582a3fb41 None None] Service L3_ROUTER_NAT assigned prefix:  {{(pid=90648) build_resource_info /opt/stack/neutron/neutron/api/v2/resource_helper.py:77}}
Dec 17 04:00:00 jammy-provider-cloud-0000007845 neutron-server[90648]: INFO neutron.quota.resource_registry [None req-4508919e-1c29-4f24-963c-d48582a3fb41 None None] Creating instance of TrackedResource for resource:router
Dec 17 04:00:00 jammy-provider-cloud-0000007845 neutron-server[90648]: WARNING neutron.quota.resource_registry [None req-4508919e-1c29-4f24-963c-d48582a3fb41 None None] router is already registered
Dec 17 04:00:00 jammy-provider-cloud-0000007845 neutron-server[90648]: INFO neutron.quota.resource_registry [None req-4508919e-1c29-4f24-963c-d48582a3fb41 None None] Creating instance of TrackedResource for resource:floatingip
Dec 17 04:00:00 jammy-provider-cloud-0000007845 neutron-server[90648]: WARNING neutron.quota.resource_registry [None req-4508919e-1c29-4f24-963c-d48582a3fb41 None None] floatingip is already registered
Dec 17 04:00:00 jammy-provider-cloud-0000007845 neutron-server[90648]: INFO neutron.quota.resource_registry [None req-4508919e-1c29-4f24-963c-d48582a3fb41 None None] Creating instance of CountableResource for resource:rbac_policy
Dec 17 04:00:00 jammy-provider-cloud-0000007845 neutron-server[90648]: WARNING neutron.quota.resource_registry [None req-4508919e-1c29-4f24-963c-d48582a3fb41 None None] rbac_policy is already registered
Dec 17 04:00:00 jammy-provider-cloud-0000007845 neutron-server[90648]: INFO neutron.quota.resource_registry [None req-4508919e-1c29-4f24-963c-d48582a3fb41 None None] Creating instance of TrackedResource for resource:security_group
Dec 17 04:00:00 jammy-provider-cloud-0000007845 neutron-server[90648]: WARNING neutron.quota.resource_registry [None req-4508919e-1c29-4f24-963c-d48582a3fb41 None None] security_group is already registered
Dec 17 04:00:00 jammy-provider-cloud-0000007845 neutron-server[90648]: INFO neutron.quota.resource_registry [None req-4508919e-1c29-4f24-963c-d48582a3fb41 None None] Creating instance of TrackedResource for resource:security_group_rule
Dec 17 04:00:00 jammy-provider-cloud-0000007845 neutron-server[90648]: WARNING neutron.quota.resource_registry [None req-4508919e-1c29-4f24-963c-d48582a3fb41 None None] security_group_rule is already registered
Dec 17 04:00:00 jammy-provider-cloud-0000007845 neutron-server[90648]: DEBUG neutron.api.v2.resource_helper [None req-4508919e-1c29-4f24-963c-d48582a3fb41 None None] Service CORE assigned prefix:  {{(pid=90648) build_resource_info /opt/stack/neutron/neutron/api/v2/resource_helper.py:77}}
Dec 17 04:00:00 jammy-provider-cloud-0000007845 neutron-server[90648]: INFO neutron.quota.resource_registry [None req-4508919e-1c29-4f24-963c-d48582a3fb41 None None] Creating instance of TrackedResource for resource:subnetpool
Dec 17 04:00:00 jammy-provider-cloud-0000007845 neutron-server[90648]: WARNING neutron.quota.resource_registry [None req-4508919e-1c29-4f24-963c-d48582a3fb41 None None] subnetpool is already registered
Dec 17 04:00:00 jammy-provider-cloud-0000007845 neutron-server[90648]: DEBUG neutron.api.extensions [None req-4508919e-1c29-4f24-963c-d48582a3fb41 None None] Extended resource: extensions {{(pid=90648) __init__ /opt/stack/neutron/neutron/api/extensions.py:156}}
Dec 17 04:00:00 jammy-provider-cloud-0000007845 neutron-server[90648]: DEBUG neutron.api.extensions [None req-4508919e-1c29-4f24-963c-d48582a3fb41 None None] Extended resource: address-groups {{(pid=90648) __init__ /opt/stack/neutron/neutron/api/extensions.py:156}}
Dec 17 04:00:00 jammy-provider-cloud-0000007845 neutron-server[90648]: DEBUG neutron.api.extensions [None req-4508919e-1c29-4f24-963c-d48582a3fb41 None None] Extended resource: address-scopes {{(pid=90648) __init__ /opt/stack/neutron/neutron/api/extensions.py:156}}
Dec 17 04:00:00 jammy-provider-cloud-0000007845 neutron-server[90648]: DEBUG neutron.api.extensions [None req-4508919e-1c29-4f24-963c-d48582a3fb41 None None] Extended resource: agents {{(pid=90648) __init__ /opt/stack/neutron/neutron/api/extensions.py:156}}
Dec 17 04:00:00 jammy-provider-cloud-0000007845 neutron-server[90648]: DEBUG neutron.api.extensions [None req-4508919e-1c29-4f24-963c-d48582a3fb41 None None] Extended resource: auto-allocated-topology {{(pid=90648) __init__ /opt/stack/neutron/neutron/api/extensions.py:156}}
Dec 17 04:00:00 jammy-provider-cloud-0000007845 neutron-server[90648]: DEBUG neutron.api.extensions [None req-4508919e-1c29-4f24-963c-d48582a3fb41 None None] Extended resource: availability_zones {{(pid=90648) __init__ /opt/stack/neutron/neutron/api/extensions.py:156}}
Dec 17 04:00:00 jammy-provider-cloud-0000007845 neutron-server[90648]: DEBUG neutron.api.extensions [None req-4508919e-1c29-4f24-963c-d48582a3fb41 None None] Extended resource: dhcp-networks {{(pid=90648) __init__ /opt/stack/neutron/neutron/api/extensions.py:156}}
Dec 17 04:00:00 jammy-provider-cloud-0000007845 neutron-server[90648]: DEBUG neutron.api.extensions [None req-4508919e-1c29-4f24-963c-d48582a3fb41 None None] Extended resource: dhcp-agents {{(pid=90648) __init__ /opt/stack/neutron/neutron/api/extensions.py:156}}
Dec 17 04:00:00 jammy-provider-cloud-0000007845 neutron-server[90648]: DEBUG neutron.api.extensions [None req-4508919e-1c29-4f24-963c-d48582a3fb41 None None] Extended resource: flavors {{(pid=90648) __init__ /opt/stack/neutron/neutron/api/extensions.py:156}}
Dec 17 04:00:00 jammy-provider-cloud-0000007845 neutron-server[90648]: DEBUG neutron.api.extensions [None req-4508919e-1c29-4f24-963c-d48582a3fb41 None None] Extended resource: service_profiles {{(pid=90648) __init__ /opt/stack/neutron/neutron/api/extensions.py:156}}
Dec 17 04:00:00 jammy-provider-cloud-0000007845 neutron-server[90648]: DEBUG neutron.api.extensions [None req-4508919e-1c29-4f24-963c-d48582a3fb41 None None] Extended resource: next_providers {{(pid=90648) __init__ /opt/stack/neutron/neutron/api/extensions.py:156}}
Dec 17 04:00:00 jammy-provider-cloud-0000007845 neutron-server[90648]: DEBUG neutron.api.extensions [None req-4508919e-1c29-4f24-963c-d48582a3fb41 None None] Extended resource: service_profiles {{(pid=90648) __init__ /opt/stack/neutron/neutron/api/extensions.py:156}}
Dec 17 04:00:00 jammy-provider-cloud-0000007845 neutron-server[90648]: DEBUG neutron.api.extensions [None req-4508919e-1c29-4f24-963c-d48582a3fb41 None None] Extended resource: floatingip-pools {{(pid=90648) __init__ /opt/stack/neutron/neutron/api/extensions.py:156}}
Dec 17 04:00:00 jammy-provider-cloud-0000007845 neutron-server[90648]: DEBUG neutron.api.extensions [None req-4508919e-1c29-4f24-963c-d48582a3fb41 None None] Extended resource: routers {{(pid=90648) __init__ /opt/stack/neutron/neutron/api/extensions.py:156}}
Dec 17 04:00:00 jammy-provider-cloud-0000007845 neutron-server[90648]: DEBUG neutron.api.extensions [None req-4508919e-1c29-4f24-963c-d48582a3fb41 None None] Extended resource: floatingips {{(pid=90648) __init__ /opt/stack/neutron/neutron/api/extensions.py:156}}
Dec 17 04:00:00 jammy-provider-cloud-0000007845 neutron-server[90648]: DEBUG neutron.api.extensions [None req-4508919e-1c29-4f24-963c-d48582a3fb41 None None] Extended resource: network-ip-availabilities {{(pid=90648) __init__ /opt/stack/neutron/neutron/api/extensions.py:156}}
Dec 17 04:00:00 jammy-provider-cloud-0000007845 neutron-server[90648]: DEBUG neutron.api.extensions [None req-4508919e-1c29-4f24-963c-d48582a3fb41 None None] Extended resource: bindings {{(pid=90648) __init__ /opt/stack/neutron/neutron/api/extensions.py:156}}
Dec 17 04:00:00 jammy-provider-cloud-0000007845 neutron-server[90648]: DEBUG neutron.api.extensions [None req-4508919e-1c29-4f24-963c-d48582a3fb41 None None] Extended resource: quotas {{(pid=90648) __init__ /opt/stack/neutron/neutron/api/extensions.py:156}}
Dec 17 04:00:00 jammy-provider-cloud-0000007845 neutron-server[90648]: DEBUG neutron.api.extensions [None req-4508919e-1c29-4f24-963c-d48582a3fb41 None None] Extended resource: quotas {{(pid=90648) __init__ /opt/stack/neutron/neutron/api/extensions.py:156}}
Dec 17 04:00:00 jammy-provider-cloud-0000007845 neutron-server[90648]: DEBUG neutron.api.extensions [None req-4508919e-1c29-4f24-963c-d48582a3fb41 None None] Extended resource: rbac-policies {{(pid=90648) __init__ /opt/stack/neutron/neutron/api/extensions.py:156}}
Dec 17 04:00:00 jammy-provider-cloud-0000007845 neutron-server[90648]: DEBUG neutron.api.extensions [None req-4508919e-1c29-4f24-963c-d48582a3fb41 None None] Extended resource: default-security-group-rules {{(pid=90648) __init__ /opt/stack/neutron/neutron/api/extensions.py:156}}
Dec 17 04:00:00 jammy-provider-cloud-0000007845 neutron-server[90648]: DEBUG neutron.api.extensions [None req-4508919e-1c29-4f24-963c-d48582a3fb41 None None] Extended resource: security-groups {{(pid=90648) __init__ /opt/stack/neutron/neutron/api/extensions.py:156}}
Dec 17 04:00:00 jammy-provider-cloud-0000007845 neutron-server[90648]: DEBUG neutron.api.extensions [None req-4508919e-1c29-4f24-963c-d48582a3fb41 None None] Extended resource: security-group-rules {{(pid=90648) __init__ /opt/stack/neutron/neutron/api/extensions.py:156}}
Dec 17 04:00:00 jammy-provider-cloud-0000007845 neutron-server[90648]: DEBUG neutron.api.extensions [None req-4508919e-1c29-4f24-963c-d48582a3fb41 None None] Extended resource: service-providers {{(pid=90648) __init__ /opt/stack/neutron/neutron/api/extensions.py:156}}
Dec 17 04:00:00 jammy-provider-cloud-0000007845 neutron-server[90648]: DEBUG neutron.api.extensions [None req-4508919e-1c29-4f24-963c-d48582a3fb41 None None] Extended resource: subnetpools {{(pid=90648) __init__ /opt/stack/neutron/neutron/api/extensions.py:156}}
Dec 17 04:00:00 jammy-provider-cloud-0000007845 neutron-server[90648]: DEBUG neutron.api.extensions [None req-4508919e-1c29-4f24-963c-d48582a3fb41 None None] Extended resource: tags {{(pid=90648) __init__ /opt/stack/neutron/neutron/api/extensions.py:156}}
Dec 17 04:00:00 jammy-provider-cloud-0000007845 neutron-server[90648]: DEBUG neutron.api.extensions [None req-4508919e-1c29-4f24-963c-d48582a3fb41 None None] Extended resource: tags {{(pid=90648) __init__ /opt/stack/neutron/neutron/api/extensions.py:156}}
Dec 17 04:00:00 jammy-provider-cloud-0000007845 neutron-server[90648]: DEBUG neutron.api.extensions [None req-4508919e-1c29-4f24-963c-d48582a3fb41 None None] Extended resource: tags {{(pid=90648) __init__ /opt/stack/neutron/neutron/api/extensions.py:156}}
Dec 17 04:00:00 jammy-provider-cloud-0000007845 neutron-server[90648]: DEBUG neutron.api.extensions [None req-4508919e-1c29-4f24-963c-d48582a3fb41 None None] Extended resource: tags {{(pid=90648) __init__ /opt/stack/neutron/neutron/api/extensions.py:156}}
Dec 17 04:00:00 jammy-provider-cloud-0000007845 neutron-server[90648]: DEBUG neutron.api.extensions [None req-4508919e-1c29-4f24-963c-d48582a3fb41 None None] Extended resource: tags {{(pid=90648) __init__ /opt/stack/neutron/neutron/api/extensions.py:156}}
Dec 17 04:00:00 jammy-provider-cloud-0000007845 neutron-server[90648]: DEBUG neutron.api.extensions [None req-4508919e-1c29-4f24-963c-d48582a3fb41 None None] Extended resource: tags {{(pid=90648) __init__ /opt/stack/neutron/neutron/api/extensions.py:156}}
Dec 17 04:00:00 jammy-provider-cloud-0000007845 neutron-server[90648]: DEBUG neutron.api.extensions [None req-4508919e-1c29-4f24-963c-d48582a3fb41 None None] Extended resource: tags {{(pid=90648) __init__ /opt/stack/neutron/neutron/api/extensions.py:156}}
Dec 17 04:00:00 jammy-provider-cloud-0000007845 neutron-server[90648]: DEBUG neutron.api.extensions [None req-4508919e-1c29-4f24-963c-d48582a3fb41 None None] Extended resource: tags {{(pid=90648) __init__ /opt/stack/neutron/neutron/api/extensions.py:156}}
Dec 17 04:00:00 jammy-provider-cloud-0000007845 neutron-server[90648]: DEBUG neutron.api.extensions [None req-4508919e-1c29-4f24-963c-d48582a3fb41 None None] Extended resource: tags {{(pid=90648) __init__ /opt/stack/neutron/neutron/api/extensions.py:156}}
Dec 17 04:00:00 jammy-provider-cloud-0000007845 neutron-server[90648]: DEBUG neutron.api.extensions [None req-4508919e-1c29-4f24-963c-d48582a3fb41 None None] Extended resource: tags {{(pid=90648) __init__ /opt/stack/neutron/neutron/api/extensions.py:156}}
Dec 17 04:00:00 jammy-provider-cloud-0000007845 neutron-server[90648]: WARNING keystonemiddleware.auth_token [None req-4508919e-1c29-4f24-963c-d48582a3fb41 None None] AuthToken middleware is set with keystone_authtoken.service_token_roles_required set to False. This is backwards compatible but deprecated behaviour. Please set this to True.
Dec 17 04:00:00 jammy-provider-cloud-0000007845 neutron-server[90648]: WARNING keystonemiddleware.auth_token [None req-4508919e-1c29-4f24-963c-d48582a3fb41 None None] Configuring www_authenticate_uri to point to the public identity endpoint is required; clients may not be able to authenticate against an admin endpoint
Dec 17 04:00:00 jammy-provider-cloud-0000007845 neutron-server[90648]: DEBUG oslo_concurrency.lockutils [None req-4508919e-1c29-4f24-963c-d48582a3fb41 None None] Acquiring lock "singleton_lock" {{(pid=90648) lock /opt/stack/data/venv/lib/python3.10/site-packages/oslo_concurrency/lockutils.py:310}}
Dec 17 04:00:00 jammy-provider-cloud-0000007845 neutron-server[90648]: DEBUG oslo_concurrency.lockutils [None req-4508919e-1c29-4f24-963c-d48582a3fb41 None None] Acquired lock "singleton_lock" {{(pid=90648) lock /opt/stack/data/venv/lib/python3.10/site-packages/oslo_concurrency/lockutils.py:313}}
Dec 17 04:00:00 jammy-provider-cloud-0000007845 neutron-server[90648]: DEBUG oslo_concurrency.lockutils [None req-4508919e-1c29-4f24-963c-d48582a3fb41 None None] Releasing lock "singleton_lock" {{(pid=90648) lock /opt/stack/data/venv/lib/python3.10/site-packages/oslo_concurrency/lockutils.py:331}}
Dec 17 04:00:00 jammy-provider-cloud-0000007845 neutron-server[90648]: INFO oslo_service.service [None req-4508919e-1c29-4f24-963c-d48582a3fb41 None None] Starting 2 workers
Dec 17 04:00:00 jammy-provider-cloud-0000007845 neutron-server[90648]: DEBUG oslo_service.service [None req-4508919e-1c29-4f24-963c-d48582a3fb41 None None] Started child 90839 {{(pid=90648) _start_child /opt/stack/data/venv/lib/python3.10/site-packages/oslo_service/service.py:579}}
Dec 17 04:00:00 jammy-provider-cloud-0000007845 neutron-server[90648]: DEBUG oslo_service.service [None req-4508919e-1c29-4f24-963c-d48582a3fb41 None None] Started child 90840 {{(pid=90648) _start_child /opt/stack/data/venv/lib/python3.10/site-packages/oslo_service/service.py:579}}
Dec 17 04:00:00 jammy-provider-cloud-0000007845 neutron-server[90839]: DEBUG neutron_lib.callbacks.manager [-] Publish callbacks ['neutron.plugins.ml2.drivers.ovn.mech_driver.mech_driver.OVNMechanismDriver.post_fork_initialize-2079834'] for process (None), after_init {{(pid=90839) _notify_loop /opt/stack/data/venv/lib/python3.10/site-packages/neutron_lib/callbacks/manager.py:184}}
Dec 17 04:00:00 jammy-provider-cloud-0000007845 neutron-server[90839]: DEBUG oslo_concurrency.lockutils [-] Acquiring lock "singleton_lock" {{(pid=90839) lock /opt/stack/data/venv/lib/python3.10/site-packages/oslo_concurrency/lockutils.py:310}}
Dec 17 04:00:00 jammy-provider-cloud-0000007845 neutron-server[90839]: DEBUG oslo_concurrency.lockutils [-] Acquired lock "singleton_lock" {{(pid=90839) lock /opt/stack/data/venv/lib/python3.10/site-packages/oslo_concurrency/lockutils.py:313}}
Dec 17 04:00:00 jammy-provider-cloud-0000007845 neutron-server[90839]: DEBUG oslo_concurrency.lockutils [-] Releasing lock "singleton_lock" {{(pid=90839) lock /opt/stack/data/venv/lib/python3.10/site-packages/oslo_concurrency/lockutils.py:331}}
Dec 17 04:00:00 jammy-provider-cloud-0000007845 neutron-server[90648]: INFO neutron.service [None req-4508919e-1c29-4f24-963c-d48582a3fb41 None None] Neutron service started, listening on 0.0.0.0:9696
Dec 17 04:00:00 jammy-provider-cloud-0000007845 neutron-server[90839]: DEBUG neutron.plugins.ml2.drivers.ovn.mech_driver.mech_driver [-] Hash Ring setup using multiprocess event lock {{(pid=90839) _setup_hash_ring_event /opt/stack/neutron/neutron/plugins/ml2/drivers/ovn/mech_driver/mech_driver.py:343}}
Dec 17 04:00:00 jammy-provider-cloud-0000007845 neutron-server[90648]: DEBUG neutron_lib.callbacks.manager [None req-4508919e-1c29-4f24-963c-d48582a3fb41 None None] Publish callbacks ['neutron.plugins.ml2.drivers.ovn.mech_driver.mech_driver.OVNMechanismDriver.pre_fork_initialize-2080656'] for process (None), before_spawn {{(pid=90648) _notify_loop /opt/stack/data/venv/lib/python3.10/site-packages/neutron_lib/callbacks/manager.py:184}}
Dec 17 04:00:00 jammy-provider-cloud-0000007845 neutron-server[90648]: DEBUG oslo_concurrency.processutils [None req-4508919e-1c29-4f24-963c-d48582a3fb41 None None] Running cmd (subprocess): ovsdb-client transact tcp:10.201.5.87:6641 --timeout 180 ["OVN_Northbound", {"op": "wait", "timeout": 0, "table": "Port_Group", "where": [["name", "==", "neutron_pg_drop"]], "until": "==", "rows": []}, {"op": "insert", "table": "ACL", "row": {"action": "drop", "direction": "to-lport", "match": "outport == @neutron_pg_drop && ip", "priority": 1001}, "uuid-name": "droptoport"}, {"op": "insert", "table": "ACL", "row": {"action": "drop", "direction": "from-lport", "match": "inport == @neutron_pg_drop && ip", "priority": 1001}, "uuid-name": "dropfromport"}, {"op": "insert", "table": "Port_Group", "row": {"name": "neutron_pg_drop", "acls": ["set", [["named-uuid", "droptoport"], ["named-uuid", "dropfromport"]]]}}] {{(pid=90648) execute /opt/stack/data/venv/lib/python3.10/site-packages/oslo_concurrency/processutils.py:383}}
Dec 17 04:00:00 jammy-provider-cloud-0000007845 neutron-server[90840]: DEBUG neutron_lib.callbacks.manager [-] Publish callbacks ['neutron.plugins.ml2.drivers.ovn.mech_driver.mech_driver.OVNMechanismDriver.post_fork_initialize-2079834'] for process (None), after_init {{(pid=90840) _notify_loop /opt/stack/data/venv/lib/python3.10/site-packages/neutron_lib/callbacks/manager.py:184}}
Dec 17 04:00:00 jammy-provider-cloud-0000007845 neutron-server[90840]: DEBUG oslo_concurrency.lockutils [-] Acquiring lock "singleton_lock" {{(pid=90840) lock /opt/stack/data/venv/lib/python3.10/site-packages/oslo_concurrency/lockutils.py:310}}
Dec 17 04:00:00 jammy-provider-cloud-0000007845 neutron-server[90840]: DEBUG oslo_concurrency.lockutils [-] Acquired lock "singleton_lock" {{(pid=90840) lock /opt/stack/data/venv/lib/python3.10/site-packages/oslo_concurrency/lockutils.py:313}}
Dec 17 04:00:00 jammy-provider-cloud-0000007845 neutron-server[90840]: DEBUG oslo_concurrency.lockutils [-] Releasing lock "singleton_lock" {{(pid=90840) lock /opt/stack/data/venv/lib/python3.10/site-packages/oslo_concurrency/lockutils.py:331}}
Dec 17 04:00:00 jammy-provider-cloud-0000007845 neutron-server[90840]: DEBUG neutron.plugins.ml2.drivers.ovn.mech_driver.mech_driver [-] Hash Ring setup using multiprocess event lock {{(pid=90840) _setup_hash_ring_event /opt/stack/neutron/neutron/plugins/ml2/drivers/ovn/mech_driver/mech_driver.py:343}}
Dec 17 04:00:00 jammy-provider-cloud-0000007845 neutron-server[90839]: DEBUG dbcounter [-] [90839] Writer thread running {{(pid=90839) stat_writer /opt/stack/data/venv/lib/python3.10/site-packages/dbcounter.py:102}}
Dec 17 04:00:00 jammy-provider-cloud-0000007845 neutron-server[90839]: INFO neutron.db.ovn_hash_ring_db [None req-b0bdcc4c-809c-4c6b-b5fd-fcaa772fe624 None None] Nodes from host "jammy-provider-cloud-0000007845" and group "mechanism_driver" removed from the Hash Ring
Dec 17 04:00:00 jammy-provider-cloud-0000007845 neutron-server[90839]: DEBUG neutron.plugins.ml2.drivers.ovn.mech_driver.ovsdb.maintenance [None req-b0bdcc4c-809c-4c6b-b5fd-fcaa772fe624 None None] Periodic task found: HashRingHealthCheckPeriodics.touch_hash_ring_nodes {{(pid=90839) add_periodics /opt/stack/neutron/neutron/plugins/ml2/drivers/ovn/mech_driver/ovsdb/maintenance.py:93}}
Dec 17 04:00:00 jammy-provider-cloud-0000007845 neutron-server[90839]: INFO neutron.plugins.ml2.drivers.ovn.mech_driver.mech_driver [None req-b0bdcc4c-809c-4c6b-b5fd-fcaa772fe624 None None] Hash Ring probing thread has started
Dec 17 04:00:00 jammy-provider-cloud-0000007845 neutron-server[90840]: DEBUG dbcounter [-] [90840] Writer thread running {{(pid=90840) stat_writer /opt/stack/data/venv/lib/python3.10/site-packages/dbcounter.py:102}}
Dec 17 04:00:00 jammy-provider-cloud-0000007845 neutron-server[90839]: INFO neutron.db.ovn_hash_ring_db [None req-b0bdcc4c-809c-4c6b-b5fd-fcaa772fe624 None None] Node 9ab360f2-4a2b-4f10-9711-03b78edb2686 from host "jammy-provider-cloud-0000007845" and group "mechanism_driver" added to the Hash Ring
Dec 17 04:00:00 jammy-provider-cloud-0000007845 neutron-server[90840]: INFO neutron.db.ovn_hash_ring_db [None req-605ec214-720c-46bc-820f-513bf0382933 None None] Node 5395e6b9-093b-42f6-8d44-90fa437c3364 from host "jammy-provider-cloud-0000007845" and group "mechanism_driver" added to the Hash Ring
Dec 17 04:00:00 jammy-provider-cloud-0000007845 neutron-server[90839]: INFO neutron.plugins.ml2.drivers.ovn.mech_driver.ovsdb.impl_idl_ovn [None req-b0bdcc4c-809c-4c6b-b5fd-fcaa772fe624 None None] Getting OvsdbNbOvnIdl for WorkerService with retry
Dec 17 04:00:00 jammy-provider-cloud-0000007845 neutron-server[90840]: INFO neutron.plugins.ml2.drivers.ovn.mech_driver.ovsdb.impl_idl_ovn [None req-605ec214-720c-46bc-820f-513bf0382933 None None] Getting OvsdbNbOvnIdl for WorkerService with retry
Dec 17 04:00:00 jammy-provider-cloud-0000007845 neutron-server[90648]: DEBUG oslo_concurrency.processutils [None req-4508919e-1c29-4f24-963c-d48582a3fb41 None None] CMD "ovsdb-client transact tcp:10.201.5.87:6641 --timeout 180 ["OVN_Northbound", {"op": "wait", "timeout": 0, "table": "Port_Group", "where": [["name", "==", "neutron_pg_drop"]], "until": "==", "rows": []}, {"op": "insert", "table": "ACL", "row": {"action": "drop", "direction": "to-lport", "match": "outport == @neutron_pg_drop && ip", "priority": 1001}, "uuid-name": "droptoport"}, {"op": "insert", "table": "ACL", "row": {"action": "drop", "direction": "from-lport", "match": "inport == @neutron_pg_drop && ip", "priority": 1001}, "uuid-name": "dropfromport"}, {"op": "insert", "table": "Port_Group", "row": {"name": "neutron_pg_drop", "acls": ["set", [["named-uuid", "droptoport"], ["named-uuid", "dropfromport"]]]}}]" returned: 0 in 0.040s {{(pid=90648) execute /opt/stack/data/venv/lib/python3.10/site-packages/oslo_concurrency/processutils.py:421}}
Dec 17 04:00:00 jammy-provider-cloud-0000007845 neutron-server[90648]: INFO oslo_service.service [None req-4508919e-1c29-4f24-963c-d48582a3fb41 None None] Starting 1 workers
Dec 17 04:00:00 jammy-provider-cloud-0000007845 neutron-server[90648]: DEBUG oslo_service.service [None req-4508919e-1c29-4f24-963c-d48582a3fb41 None None] Started child 90843 {{(pid=90648) _start_child /opt/stack/data/venv/lib/python3.10/site-packages/oslo_service/service.py:579}}
Dec 17 04:00:00 jammy-provider-cloud-0000007845 neutron-server[90648]: INFO oslo_service.service [None req-4508919e-1c29-4f24-963c-d48582a3fb41 None None] Starting 1 workers
Dec 17 04:00:00 jammy-provider-cloud-0000007845 neutron-server[90648]: DEBUG oslo_service.service [None req-4508919e-1c29-4f24-963c-d48582a3fb41 None None] Started child 90844 {{(pid=90648) _start_child /opt/stack/data/venv/lib/python3.10/site-packages/oslo_service/service.py:579}}
Dec 17 04:00:00 jammy-provider-cloud-0000007845 neutron-server[90648]: INFO oslo_service.service [None req-4508919e-1c29-4f24-963c-d48582a3fb41 None None] Starting 1 workers
Dec 17 04:00:00 jammy-provider-cloud-0000007845 neutron-server[90839]: DEBUG ovsdbapp.backend.ovs_idl [None req-b0bdcc4c-809c-4c6b-b5fd-fcaa772fe624 None None] Created lookup_table index Logical_Switch.name {{(pid=90839) autocreate_indices /opt/stack/data/venv/lib/python3.10/site-packages/ovsdbapp/backend/ovs_idl/__init__.py:87}}
Dec 17 04:00:00 jammy-provider-cloud-0000007845 neutron-server[90840]: DEBUG ovsdbapp.backend.ovs_idl [None req-605ec214-720c-46bc-820f-513bf0382933 None None] Created lookup_table index Logical_Switch.name {{(pid=90840) autocreate_indices /opt/stack/data/venv/lib/python3.10/site-packages/ovsdbapp/backend/ovs_idl/__init__.py:87}}
Dec 17 04:00:00 jammy-provider-cloud-0000007845 neutron-server[90839]: DEBUG ovsdbapp.backend.ovs_idl [None req-b0bdcc4c-809c-4c6b-b5fd-fcaa772fe624 None None] Created lookup_table index Logical_Router.name {{(pid=90839) autocreate_indices /opt/stack/data/venv/lib/python3.10/site-packages/ovsdbapp/backend/ovs_idl/__init__.py:87}}
Dec 17 04:00:00 jammy-provider-cloud-0000007845 neutron-server[90839]: DEBUG ovsdbapp.backend.ovs_idl [None req-b0bdcc4c-809c-4c6b-b5fd-fcaa772fe624 None None] Created lookup_table index Load_Balancer.name {{(pid=90839) autocreate_indices /opt/stack/data/venv/lib/python3.10/site-packages/ovsdbapp/backend/ovs_idl/__init__.py:87}}
Dec 17 04:00:00 jammy-provider-cloud-0000007845 neutron-server[90840]: DEBUG ovsdbapp.backend.ovs_idl [None req-605ec214-720c-46bc-820f-513bf0382933 None None] Created lookup_table index Logical_Router.name {{(pid=90840) autocreate_indices /opt/stack/data/venv/lib/python3.10/site-packages/ovsdbapp/backend/ovs_idl/__init__.py:87}}
Dec 17 04:00:00 jammy-provider-cloud-0000007845 neutron-server[90839]: DEBUG ovsdbapp.backend.ovs_idl [None req-b0bdcc4c-809c-4c6b-b5fd-fcaa772fe624 None None] Created schema index Copp.name {{(pid=90839) autocreate_indices /opt/stack/data/venv/lib/python3.10/site-packages/ovsdbapp/backend/ovs_idl/__init__.py:106}}
Dec 17 04:00:00 jammy-provider-cloud-0000007845 neutron-server[90840]: DEBUG ovsdbapp.backend.ovs_idl [None req-605ec214-720c-46bc-820f-513bf0382933 None None] Created lookup_table index Load_Balancer.name {{(pid=90840) autocreate_indices /opt/stack/data/venv/lib/python3.10/site-packages/ovsdbapp/backend/ovs_idl/__init__.py:87}}
Dec 17 04:00:00 jammy-provider-cloud-0000007845 neutron-server[90839]: DEBUG ovsdbapp.backend.ovs_idl [None req-b0bdcc4c-809c-4c6b-b5fd-fcaa772fe624 None None] Created schema index Meter.name {{(pid=90839) autocreate_indices /opt/stack/data/venv/lib/python3.10/site-packages/ovsdbapp/backend/ovs_idl/__init__.py:106}}
Dec 17 04:00:00 jammy-provider-cloud-0000007845 neutron-server[90839]: DEBUG ovsdbapp.backend.ovs_idl [None req-b0bdcc4c-809c-4c6b-b5fd-fcaa772fe624 None None] Created schema index Load_Balancer_Group.name {{(pid=90839) autocreate_indices /opt/stack/data/venv/lib/python3.10/site-packages/ovsdbapp/backend/ovs_idl/__init__.py:106}}
Dec 17 04:00:00 jammy-provider-cloud-0000007845 neutron-server[90840]: DEBUG ovsdbapp.backend.ovs_idl [None req-605ec214-720c-46bc-820f-513bf0382933 None None] Created schema index Copp.name {{(pid=90840) autocreate_indices /opt/stack/data/venv/lib/python3.10/site-packages/ovsdbapp/backend/ovs_idl/__init__.py:106}}
Dec 17 04:00:00 jammy-provider-cloud-0000007845 neutron-server[90839]: DEBUG ovsdbapp.backend.ovs_idl [None req-b0bdcc4c-809c-4c6b-b5fd-fcaa772fe624 None None] Created schema index HA_Chassis_Group.name {{(pid=90839) autocreate_indices /opt/stack/data/venv/lib/python3.10/site-packages/ovsdbapp/backend/ovs_idl/__init__.py:106}}
Dec 17 04:00:00 jammy-provider-cloud-0000007845 neutron-server[90840]: DEBUG ovsdbapp.backend.ovs_idl [None req-605ec214-720c-46bc-820f-513bf0382933 None None] Created schema index Meter.name {{(pid=90840) autocreate_indices /opt/stack/data/venv/lib/python3.10/site-packages/ovsdbapp/backend/ovs_idl/__init__.py:106}}
Dec 17 04:00:00 jammy-provider-cloud-0000007845 neutron-server[90839]: DEBUG ovsdbapp.backend.ovs_idl [None req-b0bdcc4c-809c-4c6b-b5fd-fcaa772fe624 None None] Created schema index Address_Set.name {{(pid=90839) autocreate_indices /opt/stack/data/venv/lib/python3.10/site-packages/ovsdbapp/backend/ovs_idl/__init__.py:106}}
Dec 17 04:00:00 jammy-provider-cloud-0000007845 neutron-server[90648]: DEBUG oslo_service.service [None req-4508919e-1c29-4f24-963c-d48582a3fb41 None None] Started child 90845 {{(pid=90648) _start_child /opt/stack/data/venv/lib/python3.10/site-packages/oslo_service/service.py:579}}
Dec 17 04:00:00 jammy-provider-cloud-0000007845 neutron-server[90840]: DEBUG ovsdbapp.backend.ovs_idl [None req-605ec214-720c-46bc-820f-513bf0382933 None None] Created schema index Load_Balancer_Group.name {{(pid=90840) autocreate_indices /opt/stack/data/venv/lib/python3.10/site-packages/ovsdbapp/backend/ovs_idl/__init__.py:106}}
Dec 17 04:00:00 jammy-provider-cloud-0000007845 neutron-server[90839]: DEBUG ovsdbapp.backend.ovs_idl [None req-b0bdcc4c-809c-4c6b-b5fd-fcaa772fe624 None None] Created schema index Connection.target {{(pid=90839) autocreate_indices /opt/stack/data/venv/lib/python3.10/site-packages/ovsdbapp/backend/ovs_idl/__init__.py:106}}
Dec 17 04:00:00 jammy-provider-cloud-0000007845 neutron-server[90839]: DEBUG ovsdbapp.backend.ovs_idl [None req-b0bdcc4c-809c-4c6b-b5fd-fcaa772fe624 None None] Created schema index Gateway_Chassis.name {{(pid=90839) autocreate_indices /opt/stack/data/venv/lib/python3.10/site-packages/ovsdbapp/backend/ovs_idl/__init__.py:106}}
Dec 17 04:00:00 jammy-provider-cloud-0000007845 neutron-server[90840]: DEBUG ovsdbapp.backend.ovs_idl [None req-605ec214-720c-46bc-820f-513bf0382933 None None] Created schema index HA_Chassis_Group.name {{(pid=90840) autocreate_indices /opt/stack/data/venv/lib/python3.10/site-packages/ovsdbapp/backend/ovs_idl/__init__.py:106}}
Dec 17 04:00:00 jammy-provider-cloud-0000007845 neutron-server[90839]: DEBUG ovsdbapp.backend.ovs_idl [None req-b0bdcc4c-809c-4c6b-b5fd-fcaa772fe624 None None] Created schema index Logical_Router_Port.name {{(pid=90839) autocreate_indices /opt/stack/data/venv/lib/python3.10/site-packages/ovsdbapp/backend/ovs_idl/__init__.py:106}}
Dec 17 04:00:00 jammy-provider-cloud-0000007845 neutron-server[90840]: DEBUG ovsdbapp.backend.ovs_idl [None req-605ec214-720c-46bc-820f-513bf0382933 None None] Created schema index Address_Set.name {{(pid=90840) autocreate_indices /opt/stack/data/venv/lib/python3.10/site-packages/ovsdbapp/backend/ovs_idl/__init__.py:106}}
Dec 17 04:00:00 jammy-provider-cloud-0000007845 neutron-server[90839]: DEBUG ovsdbapp.backend.ovs_idl [None req-b0bdcc4c-809c-4c6b-b5fd-fcaa772fe624 None None] Created schema index Port_Group.name {{(pid=90839) autocreate_indices /opt/stack/data/venv/lib/python3.10/site-packages/ovsdbapp/backend/ovs_idl/__init__.py:106}}
Dec 17 04:00:00 jammy-provider-cloud-0000007845 neutron-server[90839]: DEBUG ovsdbapp.backend.ovs_idl [None req-b0bdcc4c-809c-4c6b-b5fd-fcaa772fe624 None None] Created schema index Logical_Switch_Port.name {{(pid=90839) autocreate_indices /opt/stack/data/venv/lib/python3.10/site-packages/ovsdbapp/backend/ovs_idl/__init__.py:106}}
Dec 17 04:00:00 jammy-provider-cloud-0000007845 neutron-server[90648]: DEBUG neutron_lib.callbacks.manager [None req-4508919e-1c29-4f24-963c-d48582a3fb41 None None] Publish callbacks [] for process (None), after_spawn {{(pid=90648) _notify_loop /opt/stack/data/venv/lib/python3.10/site-packages/neutron_lib/callbacks/manager.py:184}}
Dec 17 04:00:00 jammy-provider-cloud-0000007845 neutron-server[90840]: DEBUG ovsdbapp.backend.ovs_idl [None req-605ec214-720c-46bc-820f-513bf0382933 None None] Created schema index Connection.target {{(pid=90840) autocreate_indices /opt/stack/data/venv/lib/python3.10/site-packages/ovsdbapp/backend/ovs_idl/__init__.py:106}}
Dec 17 04:00:00 jammy-provider-cloud-0000007845 neutron-server[90840]: DEBUG ovsdbapp.backend.ovs_idl [None req-605ec214-720c-46bc-820f-513bf0382933 None None] Created schema index Gateway_Chassis.name {{(pid=90840) autocreate_indices /opt/stack/data/venv/lib/python3.10/site-packages/ovsdbapp/backend/ovs_idl/__init__.py:106}}
Dec 17 04:00:00 jammy-provider-cloud-0000007845 neutron-server[90840]: DEBUG ovsdbapp.backend.ovs_idl [None req-605ec214-720c-46bc-820f-513bf0382933 None None] Created schema index Logical_Router_Port.name {{(pid=90840) autocreate_indices /opt/stack/data/venv/lib/python3.10/site-packages/ovsdbapp/backend/ovs_idl/__init__.py:106}}
Dec 17 04:00:00 jammy-provider-cloud-0000007845 neutron-server[90840]: DEBUG ovsdbapp.backend.ovs_idl [None req-605ec214-720c-46bc-820f-513bf0382933 None None] Created schema index Port_Group.name {{(pid=90840) autocreate_indices /opt/stack/data/venv/lib/python3.10/site-packages/ovsdbapp/backend/ovs_idl/__init__.py:106}}
Dec 17 04:00:00 jammy-provider-cloud-0000007845 neutron-server[90839]: INFO ovsdbapp.backend.ovs_idl.vlog [None req-b0bdcc4c-809c-4c6b-b5fd-fcaa772fe624 None None] tcp:10.201.5.87:6641: connecting...
Dec 17 04:00:00 jammy-provider-cloud-0000007845 neutron-server[90840]: DEBUG ovsdbapp.backend.ovs_idl [None req-605ec214-720c-46bc-820f-513bf0382933 None None] Created schema index Logical_Switch_Port.name {{(pid=90840) autocreate_indices /opt/stack/data/venv/lib/python3.10/site-packages/ovsdbapp/backend/ovs_idl/__init__.py:106}}
Dec 17 04:00:00 jammy-provider-cloud-0000007845 neutron-server[90839]: INFO ovsdbapp.backend.ovs_idl.vlog [None req-b0bdcc4c-809c-4c6b-b5fd-fcaa772fe624 None None] tcp:10.201.5.87:6641: connected
Dec 17 04:00:00 jammy-provider-cloud-0000007845 neutron-server[90840]: INFO ovsdbapp.backend.ovs_idl.vlog [None req-605ec214-720c-46bc-820f-513bf0382933 None None] tcp:10.201.5.87:6641: connecting...
Dec 17 04:00:00 jammy-provider-cloud-0000007845 neutron-server[90840]: INFO ovsdbapp.backend.ovs_idl.vlog [None req-605ec214-720c-46bc-820f-513bf0382933 None None] tcp:10.201.5.87:6641: connected
Dec 17 04:00:00 jammy-provider-cloud-0000007845 neutron-server[90648]: DEBUG oslo_service.service [-] Full set of CONF: {{(pid=90648) wait /opt/stack/data/venv/lib/python3.10/site-packages/oslo_service/service.py:653}}
Dec 17 04:00:00 jammy-provider-cloud-0000007845 neutron-server[90648]: DEBUG oslo_service.service [-] ******************************************************************************** {{(pid=90648) log_opt_values /opt/stack/data/venv/lib/python3.10/site-packages/oslo_config/cfg.py:2804}}
Dec 17 04:00:00 jammy-provider-cloud-0000007845 neutron-server[90648]: DEBUG oslo_service.service [-] Configuration options gathered from: {{(pid=90648) log_opt_values /opt/stack/data/venv/lib/python3.10/site-packages/oslo_config/cfg.py:2805}}
Dec 17 04:00:00 jammy-provider-cloud-0000007845 neutron-server[90648]: DEBUG oslo_service.service [-] command line args: ['--config-file', '/etc/neutron/neutron.conf', '--config-file', '/etc/neutron/plugins/ml2/ml2_conf.ini'] {{(pid=90648) log_opt_values /opt/stack/data/venv/lib/python3.10/site-packages/oslo_config/cfg.py:2806}}
Dec 17 04:00:00 jammy-provider-cloud-0000007845 neutron-server[90648]: DEBUG oslo_service.service [-] config files: ['/etc/neutron/neutron.conf', '/etc/neutron/plugins/ml2/ml2_conf.ini'] {{(pid=90648) log_opt_values /opt/stack/data/venv/lib/python3.10/site-packages/oslo_config/cfg.py:2807}}
Dec 17 04:00:00 jammy-provider-cloud-0000007845 neutron-server[90648]: DEBUG oslo_service.service [-] ================================================================================ {{(pid=90648) log_opt_values /opt/stack/data/venv/lib/python3.10/site-packages/oslo_config/cfg.py:2809}}
Dec 17 04:00:00 jammy-provider-cloud-0000007845 neutron-server[90648]: DEBUG oslo_service.service [-] agent_down_time                = 75 {{(pid=90648) log_opt_values /opt/stack/data/venv/lib/python3.10/site-packages/oslo_config/cfg.py:2817}}
Dec 17 04:00:00 jammy-provider-cloud-0000007845 neutron-server[90648]: DEBUG oslo_service.service [-] allow_automatic_dhcp_failover  = True {{(pid=90648) log_opt_values /opt/stack/data/venv/lib/python3.10/site-packages/oslo_config/cfg.py:2817}}
Dec 17 04:00:00 jammy-provider-cloud-0000007845 neutron-server[90648]: DEBUG oslo_service.service [-] allow_bulk                     = True {{(pid=90648) log_opt_values /opt/stack/data/venv/lib/python3.10/site-packages/oslo_config/cfg.py:2817}}
Dec 17 04:00:00 jammy-provider-cloud-0000007845 neutron-server[90648]: DEBUG oslo_service.service [-] allowed_conntrack_helpers      = [{'amanda': 'tcp'}, {'ftp': 'tcp'}, {'h323': 'udp'}, {'h323': 'tcp'}, {'irc': 'tcp'}, {'netbios-ns': 'udp'}, {'pptp': 'tcp'}, {'sane': 'tcp'}, {'sip': 'udp'}, {'sip': 'tcp'}, {'snmp': 'udp'}, {'tftp': 'udp'}] {{(pid=90648) log_opt_values /opt/stack/data/venv/lib/python3.10/site-packages/oslo_config/cfg.py:2817}}
Dec 17 04:00:00 jammy-provider-cloud-0000007845 neutron-server[90648]: DEBUG oslo_service.service [-] api_extensions_path            =  {{(pid=90648) log_opt_values /opt/stack/data/venv/lib/python3.10/site-packages/oslo_config/cfg.py:2817}}
Dec 17 04:00:00 jammy-provider-cloud-0000007845 neutron-server[90648]: DEBUG oslo_service.service [-] api_paste_config               = api-paste.ini {{(pid=90648) log_opt_values /opt/stack/data/venv/lib/python3.10/site-packages/oslo_config/cfg.py:2817}}
Dec 17 04:00:00 jammy-provider-cloud-0000007845 neutron-server[90648]: DEBUG oslo_service.service [-] api_workers                    = 2 {{(pid=90648) log_opt_values /opt/stack/data/venv/lib/python3.10/site-packages/oslo_config/cfg.py:2817}}
Dec 17 04:00:00 jammy-provider-cloud-0000007845 neutron-server[90648]: DEBUG oslo_service.service [-] auth_strategy                  = keystone {{(pid=90648) log_opt_values /opt/stack/data/venv/lib/python3.10/site-packages/oslo_config/cfg.py:2817}}
Dec 17 04:00:00 jammy-provider-cloud-0000007845 neutron-server[90648]: DEBUG oslo_service.service [-] backdoor_port                  = None {{(pid=90648) log_opt_values /opt/stack/data/venv/lib/python3.10/site-packages/oslo_config/cfg.py:2817}}
Dec 17 04:00:00 jammy-provider-cloud-0000007845 neutron-server[90648]: DEBUG oslo_service.service [-] backdoor_socket                = None {{(pid=90648) log_opt_values /opt/stack/data/venv/lib/python3.10/site-packages/oslo_config/cfg.py:2817}}
Dec 17 04:00:00 jammy-provider-cloud-0000007845 neutron-server[90648]: DEBUG oslo_service.service [-] backlog                        = 4096 {{(pid=90648) log_opt_values /opt/stack/data/venv/lib/python3.10/site-packages/oslo_config/cfg.py:2817}}
Dec 17 04:00:00 jammy-provider-cloud-0000007845 neutron-server[90648]: DEBUG oslo_service.service [-] base_mac                       = fa:16:3e:00:00:00 {{(pid=90648) log_opt_values /opt/stack/data/venv/lib/python3.10/site-packages/oslo_config/cfg.py:2817}}
Dec 17 04:00:00 jammy-provider-cloud-0000007845 neutron-server[90648]: DEBUG oslo_service.service [-] bind_host                      = 0.0.0.0 {{(pid=90648) log_opt_values /opt/stack/data/venv/lib/python3.10/site-packages/oslo_config/cfg.py:2817}}
Dec 17 04:00:00 jammy-provider-cloud-0000007845 neutron-server[90648]: DEBUG oslo_service.service [-] bind_port                      = 9696 {{(pid=90648) log_opt_values /opt/stack/data/venv/lib/python3.10/site-packages/oslo_config/cfg.py:2817}}
Dec 17 04:00:00 jammy-provider-cloud-0000007845 neutron-server[90648]: DEBUG oslo_service.service [-] client_socket_timeout          = 900 {{(pid=90648) log_opt_values /opt/stack/data/venv/lib/python3.10/site-packages/oslo_config/cfg.py:2817}}
Dec 17 04:00:00 jammy-provider-cloud-0000007845 neutron-server[90648]: DEBUG oslo_service.service [-] config_dir                     = [] {{(pid=90648) log_opt_values /opt/stack/data/venv/lib/python3.10/site-packages/oslo_config/cfg.py:2817}}
Dec 17 04:00:00 jammy-provider-cloud-0000007845 neutron-server[90648]: DEBUG oslo_service.service [-] config_file                    = ['/etc/neutron/neutron.conf', '/etc/neutron/plugins/ml2/ml2_conf.ini'] {{(pid=90648) log_opt_values /opt/stack/data/venv/lib/python3.10/site-packages/oslo_config/cfg.py:2817}}
Dec 17 04:00:00 jammy-provider-cloud-0000007845 neutron-server[90648]: DEBUG oslo_service.service [-] config_source                  = [] {{(pid=90648) log_opt_values /opt/stack/data/venv/lib/python3.10/site-packages/oslo_config/cfg.py:2817}}
Dec 17 04:00:00 jammy-provider-cloud-0000007845 neutron-server[90648]: DEBUG oslo_service.service [-] control_exchange               = neutron {{(pid=90648) log_opt_values /opt/stack/data/venv/lib/python3.10/site-packages/oslo_config/cfg.py:2817}}
Dec 17 04:00:00 jammy-provider-cloud-0000007845 neutron-server[90648]: DEBUG oslo_service.service [-] core_plugin                    = ml2 {{(pid=90648) log_opt_values /opt/stack/data/venv/lib/python3.10/site-packages/oslo_config/cfg.py:2817}}
Dec 17 04:00:00 jammy-provider-cloud-0000007845 neutron-server[90648]: DEBUG oslo_service.service [-] debug                          = True {{(pid=90648) log_opt_values /opt/stack/data/venv/lib/python3.10/site-packages/oslo_config/cfg.py:2817}}
