Jun 09 19:07:17 ubuntu systemd[1]: Starting devstack@g-api.service - Devstack devstack@g-api.service...
Jun 09 19:07:17 ubuntu devstack@g-api.service[115361]: [uWSGI] getting INI configuration from /etc/glance/glance-uwsgi.ini
Jun 09 19:07:17 ubuntu devstack@g-api.service[115361]: *** Starting uWSGI 2.0.24-debian (64bit) on [Tue Jun  9 19:07:17 2026] ***
Jun 09 19:07:17 ubuntu devstack@g-api.service[115361]: compiled with version: 13.2.0 on 17 April 2024 16:23:48
Jun 09 19:07:17 ubuntu devstack@g-api.service[115361]: os: Linux-6.8.0-100-generic #100-Ubuntu SMP PREEMPT_DYNAMIC Tue Jan 13 16:40:06 UTC 2026
Jun 09 19:07:17 ubuntu devstack@g-api.service[115361]: nodename: ubuntu
Jun 09 19:07:17 ubuntu devstack@g-api.service[115361]: machine: x86_64
Jun 09 19:07:17 ubuntu devstack@g-api.service[115361]: clock source: unix
Jun 09 19:07:17 ubuntu devstack@g-api.service[115361]: pcre jit disabled
Jun 09 19:07:17 ubuntu devstack@g-api.service[115361]: detected number of CPU cores: 4
Jun 09 19:07:17 ubuntu devstack@g-api.service[115361]: current working directory: /
Jun 09 19:07:17 ubuntu devstack@g-api.service[115361]: detected binary path: /usr/bin/uwsgi-core
Jun 09 19:07:17 ubuntu devstack@g-api.service[115361]: your processes number limit is 31446
Jun 09 19:07:17 ubuntu devstack@g-api.service[115361]: your memory page size is 4096 bytes
Jun 09 19:07:17 ubuntu devstack@g-api.service[115361]: detected max file descriptor number: 2048
Jun 09 19:07:17 ubuntu devstack@g-api.service[115361]: lock engine: pthread robust mutexes
Jun 09 19:07:17 ubuntu devstack@g-api.service[115361]: thunder lock: enabled
Jun 09 19:07:17 ubuntu devstack@g-api.service[115361]: uwsgi socket 0 bound to TCP address 127.0.0.1:60999 fd 4
Jun 09 19:07:17 ubuntu devstack@g-api.service[115361]: Python version: 3.12.3 (main, Mar 23 2026, 19:04:32) [GCC 13.3.0]
Jun 09 19:07:17 ubuntu devstack@g-api.service[115361]: PEP 405 virtualenv detected: /opt/stack/data/venv
Jun 09 19:07:17 ubuntu devstack@g-api.service[115361]: Set PythonHome to /opt/stack/data/venv
Jun 09 19:07:17 ubuntu devstack@g-api.service[115361]: Python main interpreter initialized at 0x74e21c0a3668
Jun 09 19:07:17 ubuntu devstack@g-api.service[115361]: python threads support enabled
Jun 09 19:07:17 ubuntu devstack@g-api.service[115361]: your server socket listen backlog is limited to 100 connections
Jun 09 19:07:17 ubuntu devstack@g-api.service[115361]: your mercy for graceful operations on workers is 80 seconds
Jun 09 19:07:17 ubuntu devstack@g-api.service[115361]: mapped 403077 bytes (393 KB) for 2 cores
Jun 09 19:07:17 ubuntu devstack@g-api.service[115361]: *** Operational MODE: preforking ***
Jun 09 19:07:17 ubuntu devstack@g-api.service[115361]: *** uWSGI is running in multiple interpreter mode ***
Jun 09 19:07:17 ubuntu devstack@g-api.service[115361]: spawned uWSGI master process (pid: 115361)
Jun 09 19:07:17 ubuntu systemd[1]: Started devstack@g-api.service - Devstack devstack@g-api.service.
Jun 09 19:07:17 ubuntu devstack@g-api.service[115361]: spawned uWSGI worker 1 (pid: 115362, cores: 1)
Jun 09 19:07:17 ubuntu devstack@g-api.service[115361]: spawned uWSGI worker 2 (pid: 115363, cores: 1)
Jun 09 19:07:17 ubuntu devstack@g-api.service[115361]: running "unix_signal:15 gracefully_kill_them_all" (master-start)...
Jun 09 19:07:17 ubuntu devstack@g-api.service[115363]: /opt/stack/data/venv/lib/python3.12/site-packages/oslo_utils/importutils.py:77: EventletDeprecationWarning:
Jun 09 19:07:17 ubuntu devstack@g-api.service[115363]: Eventlet is deprecated. It is currently being maintained in bugfix mode, and
Jun 09 19:07:17 ubuntu devstack@g-api.service[115363]: we strongly recommend against using it for new projects.
Jun 09 19:07:17 ubuntu devstack@g-api.service[115363]: If you are already using Eventlet, we recommend migrating to a different
Jun 09 19:07:17 ubuntu devstack@g-api.service[115363]: framework.  For more detail see
Jun 09 19:07:17 ubuntu devstack@g-api.service[115363]: https://eventlet.readthedocs.io/en/latest/asyncio/migration.html
Jun 09 19:07:17 ubuntu devstack@g-api.service[115363]:   __import__(import_str)
Jun 09 19:07:18 ubuntu devstack@g-api.service[115362]: /opt/stack/data/venv/lib/python3.12/site-packages/oslo_utils/importutils.py:77: EventletDeprecationWarning:
Jun 09 19:07:18 ubuntu devstack@g-api.service[115362]: Eventlet is deprecated. It is currently being maintained in bugfix mode, and
Jun 09 19:07:18 ubuntu devstack@g-api.service[115362]: we strongly recommend against using it for new projects.
Jun 09 19:07:18 ubuntu devstack@g-api.service[115362]: If you are already using Eventlet, we recommend migrating to a different
Jun 09 19:07:18 ubuntu devstack@g-api.service[115362]: framework.  For more detail see
Jun 09 19:07:18 ubuntu devstack@g-api.service[115362]: https://eventlet.readthedocs.io/en/latest/asyncio/migration.html
Jun 09 19:07:18 ubuntu devstack@g-api.service[115362]:   __import__(import_str)
Jun 09 19:07:18 ubuntu devstack@g-api.service[115362]: INFO glance.async_ [-] Threadpool model set to 'NativeThreadPoolModel'
Jun 09 19:07:18 ubuntu devstack@g-api.service[115363]: INFO glance.async_ [-] Threadpool model set to 'NativeThreadPoolModel'
Jun 09 19:07:18 ubuntu devstack@g-api.service[115362]: DEBUG oslo_concurrency.processutils [-] Running cmd (subprocess): grep -F node.session.scan /sbin/iscsiadm {{(pid=115362) execute /opt/stack/data/venv/lib/python3.12/site-packages/oslo_concurrency/processutils.py:440}}
Jun 09 19:07:18 ubuntu devstack@g-api.service[115363]: DEBUG oslo_concurrency.processutils [-] Running cmd (subprocess): grep -F node.session.scan /sbin/iscsiadm {{(pid=115363) execute /opt/stack/data/venv/lib/python3.12/site-packages/oslo_concurrency/processutils.py:440}}
Jun 09 19:07:18 ubuntu devstack@g-api.service[115362]: DEBUG oslo_concurrency.processutils [-] CMD "grep -F node.session.scan /sbin/iscsiadm" returned: 0 in 0.010s {{(pid=115362) execute /opt/stack/data/venv/lib/python3.12/site-packages/oslo_concurrency/processutils.py:468}}
Jun 09 19:07:18 ubuntu devstack@g-api.service[115363]: DEBUG oslo_concurrency.processutils [-] CMD "grep -F node.session.scan /sbin/iscsiadm" returned: 0 in 0.009s {{(pid=115363) execute /opt/stack/data/venv/lib/python3.12/site-packages/oslo_concurrency/processutils.py:468}}
Jun 09 19:07:18 ubuntu devstack@g-api.service[115363]: DEBUG glance_store.backend [-] Attempting to import store cinder {{(pid=115363) _load_store /opt/stack/data/venv/lib/python3.12/site-packages/glance_store/backend.py:215}}
Jun 09 19:07:18 ubuntu devstack@g-api.service[115362]: DEBUG glance_store.backend [-] Attempting to import store cinder {{(pid=115362) _load_store /opt/stack/data/venv/lib/python3.12/site-packages/glance_store/backend.py:215}}
Jun 09 19:07:18 ubuntu devstack@g-api.service[115363]: DEBUG glance_store.backend [-] Attempting to import store file {{(pid=115363) _load_store /opt/stack/data/venv/lib/python3.12/site-packages/glance_store/backend.py:215}}
Jun 09 19:07:18 ubuntu devstack@g-api.service[115363]: DEBUG glance_store.backend [-] Attempting to import store glance.store.cinder.Store {{(pid=115363) _load_store /opt/stack/data/venv/lib/python3.12/site-packages/glance_store/backend.py:215}}
Jun 09 19:07:18 ubuntu devstack@g-api.service[115362]: DEBUG glance_store.backend [-] Attempting to import store file {{(pid=115362) _load_store /opt/stack/data/venv/lib/python3.12/site-packages/glance_store/backend.py:215}}
Jun 09 19:07:18 ubuntu devstack@g-api.service[115363]: DEBUG glance_store.backend [-] Attempting to import store glance.store.filesystem.Store {{(pid=115363) _load_store /opt/stack/data/venv/lib/python3.12/site-packages/glance_store/backend.py:215}}
Jun 09 19:07:18 ubuntu devstack@g-api.service[115362]: DEBUG glance_store.backend [-] Attempting to import store glance.store.cinder.Store {{(pid=115362) _load_store /opt/stack/data/venv/lib/python3.12/site-packages/glance_store/backend.py:215}}
Jun 09 19:07:18 ubuntu devstack@g-api.service[115363]: DEBUG glance_store.backend [-] Attempting to import store glance.store.http.Store {{(pid=115363) _load_store /opt/stack/data/venv/lib/python3.12/site-packages/glance_store/backend.py:215}}
Jun 09 19:07:18 ubuntu devstack@g-api.service[115362]: DEBUG glance_store.backend [-] Attempting to import store glance.store.filesystem.Store {{(pid=115362) _load_store /opt/stack/data/venv/lib/python3.12/site-packages/glance_store/backend.py:215}}
Jun 09 19:07:18 ubuntu devstack@g-api.service[115363]: DEBUG glance_store.backend [-] Attempting to import store glance.store.rbd.Store {{(pid=115363) _load_store /opt/stack/data/venv/lib/python3.12/site-packages/glance_store/backend.py:215}}
Jun 09 19:07:18 ubuntu devstack@g-api.service[115363]: DEBUG glance_store.backend [-] Attempting to import store glance.store.s3.Store {{(pid=115363) _load_store /opt/stack/data/venv/lib/python3.12/site-packages/glance_store/backend.py:215}}
Jun 09 19:07:18 ubuntu devstack@g-api.service[115362]: DEBUG glance_store.backend [-] Attempting to import store glance.store.http.Store {{(pid=115362) _load_store /opt/stack/data/venv/lib/python3.12/site-packages/glance_store/backend.py:215}}
Jun 09 19:07:18 ubuntu devstack@g-api.service[115363]: DEBUG glance_store.backend [-] Attempting to import store glance.store.swift.Store {{(pid=115363) _load_store /opt/stack/data/venv/lib/python3.12/site-packages/glance_store/backend.py:215}}
Jun 09 19:07:18 ubuntu devstack@g-api.service[115362]: DEBUG glance_store.backend [-] Attempting to import store glance.store.rbd.Store {{(pid=115362) _load_store /opt/stack/data/venv/lib/python3.12/site-packages/glance_store/backend.py:215}}
Jun 09 19:07:18 ubuntu devstack@g-api.service[115363]: DEBUG glance_store.backend [-] Attempting to import store glance.store.vmware_datastore.Store {{(pid=115363) _load_store /opt/stack/data/venv/lib/python3.12/site-packages/glance_store/backend.py:215}}
Jun 09 19:07:18 ubuntu devstack@g-api.service[115362]: DEBUG glance_store.backend [-] Attempting to import store glance.store.s3.Store {{(pid=115362) _load_store /opt/stack/data/venv/lib/python3.12/site-packages/glance_store/backend.py:215}}
Jun 09 19:07:18 ubuntu devstack@g-api.service[115363]: DEBUG glance_store.backend [-] Attempting to import store http {{(pid=115363) _load_store /opt/stack/data/venv/lib/python3.12/site-packages/glance_store/backend.py:215}}
Jun 09 19:07:18 ubuntu devstack@g-api.service[115362]: DEBUG glance_store.backend [-] Attempting to import store glance.store.swift.Store {{(pid=115362) _load_store /opt/stack/data/venv/lib/python3.12/site-packages/glance_store/backend.py:215}}
Jun 09 19:07:18 ubuntu devstack@g-api.service[115363]: DEBUG glance_store.backend [-] Attempting to import store no_conf {{(pid=115363) _load_store /opt/stack/data/venv/lib/python3.12/site-packages/glance_store/backend.py:215}}
Jun 09 19:07:18 ubuntu devstack@g-api.service[115362]: DEBUG glance_store.backend [-] Attempting to import store glance.store.vmware_datastore.Store {{(pid=115362) _load_store /opt/stack/data/venv/lib/python3.12/site-packages/glance_store/backend.py:215}}
Jun 09 19:07:18 ubuntu devstack@g-api.service[115363]: DEBUG glance_store.backend [-] Attempting to import store rbd {{(pid=115363) _load_store /opt/stack/data/venv/lib/python3.12/site-packages/glance_store/backend.py:215}}
Jun 09 19:07:18 ubuntu devstack@g-api.service[115362]: DEBUG glance_store.backend [-] Attempting to import store http {{(pid=115362) _load_store /opt/stack/data/venv/lib/python3.12/site-packages/glance_store/backend.py:215}}
Jun 09 19:07:18 ubuntu devstack@g-api.service[115363]: DEBUG glance_store.backend [-] Attempting to import store s3 {{(pid=115363) _load_store /opt/stack/data/venv/lib/python3.12/site-packages/glance_store/backend.py:215}}
Jun 09 19:07:18 ubuntu devstack@g-api.service[115362]: DEBUG glance_store.backend [-] Attempting to import store no_conf {{(pid=115362) _load_store /opt/stack/data/venv/lib/python3.12/site-packages/glance_store/backend.py:215}}
Jun 09 19:07:18 ubuntu devstack@g-api.service[115363]: DEBUG glance_store.backend [-] Attempting to import store swift {{(pid=115363) _load_store /opt/stack/data/venv/lib/python3.12/site-packages/glance_store/backend.py:215}}
Jun 09 19:07:18 ubuntu devstack@g-api.service[115362]: DEBUG glance_store.backend [-] Attempting to import store rbd {{(pid=115362) _load_store /opt/stack/data/venv/lib/python3.12/site-packages/glance_store/backend.py:215}}
Jun 09 19:07:18 ubuntu devstack@g-api.service[115363]: DEBUG glance_store.backend [-] Attempting to import store vmware {{(pid=115363) _load_store /opt/stack/data/venv/lib/python3.12/site-packages/glance_store/backend.py:215}}
Jun 09 19:07:18 ubuntu devstack@g-api.service[115362]: DEBUG glance_store.backend [-] Attempting to import store s3 {{(pid=115362) _load_store /opt/stack/data/venv/lib/python3.12/site-packages/glance_store/backend.py:215}}
Jun 09 19:07:18 ubuntu devstack@g-api.service[115362]: DEBUG glance_store.backend [-] Attempting to import store swift {{(pid=115362) _load_store /opt/stack/data/venv/lib/python3.12/site-packages/glance_store/backend.py:215}}
Jun 09 19:07:18 ubuntu devstack@g-api.service[115363]: DEBUG glance_store.backend [-] Registering options for group glance_store {{(pid=115363) register_opts /opt/stack/data/venv/lib/python3.12/site-packages/glance_store/backend.py:144}}
Jun 09 19:07:18 ubuntu devstack@g-api.service[115362]: DEBUG glance_store.backend [-] Attempting to import store vmware {{(pid=115362) _load_store /opt/stack/data/venv/lib/python3.12/site-packages/glance_store/backend.py:215}}
Jun 09 19:07:18 ubuntu devstack@g-api.service[115362]: DEBUG glance_store.backend [-] Registering options for group glance_store {{(pid=115362) register_opts /opt/stack/data/venv/lib/python3.12/site-packages/glance_store/backend.py:144}}
Jun 09 19:07:18 ubuntu devstack@g-api.service[115363]: DEBUG glance_store.backend [-] Registering options for group glance_store {{(pid=115363) register_opts /opt/stack/data/venv/lib/python3.12/site-packages/glance_store/backend.py:144}}
Jun 09 19:07:18 ubuntu devstack@g-api.service[115362]: DEBUG glance_store.backend [-] Registering options for group glance_store {{(pid=115362) register_opts /opt/stack/data/venv/lib/python3.12/site-packages/glance_store/backend.py:144}}
Jun 09 19:07:18 ubuntu devstack@g-api.service[115363]: DEBUG glance_store.backend [-] Attempting to import store http {{(pid=115363) _load_store /opt/stack/data/venv/lib/python3.12/site-packages/glance_store/backend.py:215}}
Jun 09 19:07:18 ubuntu devstack@g-api.service[115362]: DEBUG glance_store.backend [-] Attempting to import store http {{(pid=115362) _load_store /opt/stack/data/venv/lib/python3.12/site-packages/glance_store/backend.py:215}}
Jun 09 19:07:18 ubuntu devstack@g-api.service[115363]: DEBUG glance_store.capabilities [-] Store glance_store._drivers.http.Store doesn't support updating dynamic storage capabilities. Please overwrite 'update_capabilities' method of the store to implement updating logics if needed. {{(pid=115363) update_capabilities /opt/stack/data/venv/lib/python3.12/site-packages/glance_store/capabilities.py:91}}
Jun 09 19:07:18 ubuntu devstack@g-api.service[115363]: DEBUG glance_store.backend [-] Registering store http with schemes ('http', 'https') {{(pid=115363) create_stores /opt/stack/data/venv/lib/python3.12/site-packages/glance_store/backend.py:261}}
Jun 09 19:07:18 ubuntu devstack@g-api.service[115363]: DEBUG glance_store.driver [-] Late loading location class glance_store._drivers.http.StoreLocation {{(pid=115363) get_store_location_class /opt/stack/data/venv/lib/python3.12/site-packages/glance_store/driver.py:134}}
Jun 09 19:07:18 ubuntu devstack@g-api.service[115362]: DEBUG glance_store.capabilities [-] Store glance_store._drivers.http.Store doesn't support updating dynamic storage capabilities. Please overwrite 'update_capabilities' method of the store to implement updating logics if needed. {{(pid=115362) update_capabilities /opt/stack/data/venv/lib/python3.12/site-packages/glance_store/capabilities.py:91}}
Jun 09 19:07:18 ubuntu devstack@g-api.service[115363]: DEBUG glance_store.location [-] Registering scheme http with {'store': <glance_store._drivers.http.Store object at 0x74e217080b00>, 'location_class': <class 'glance_store._drivers.http.StoreLocation'>, 'store_entry': 'http'} {{(pid=115363) register_scheme_map /opt/stack/data/venv/lib/python3.12/site-packages/glance_store/location.py:146}}
Jun 09 19:07:18 ubuntu devstack@g-api.service[115362]: DEBUG glance_store.backend [-] Registering store http with schemes ('http', 'https') {{(pid=115362) create_stores /opt/stack/data/venv/lib/python3.12/site-packages/glance_store/backend.py:261}}
Jun 09 19:07:18 ubuntu devstack@g-api.service[115363]: DEBUG glance_store.location [-] Registering scheme https with {'store': <glance_store._drivers.http.Store object at 0x74e217080b00>, 'location_class': <class 'glance_store._drivers.http.StoreLocation'>, 'store_entry': 'http'} {{(pid=115363) register_scheme_map /opt/stack/data/venv/lib/python3.12/site-packages/glance_store/location.py:146}}
Jun 09 19:07:18 ubuntu devstack@g-api.service[115362]: DEBUG glance_store.driver [-] Late loading location class glance_store._drivers.http.StoreLocation {{(pid=115362) get_store_location_class /opt/stack/data/venv/lib/python3.12/site-packages/glance_store/driver.py:134}}
Jun 09 19:07:18 ubuntu devstack@g-api.service[115363]: DEBUG glance_store.backend [-] Attempting to import store file {{(pid=115363) _load_store /opt/stack/data/venv/lib/python3.12/site-packages/glance_store/backend.py:215}}
Jun 09 19:07:18 ubuntu devstack@g-api.service[115362]: DEBUG glance_store.location [-] Registering scheme http with {'store': <glance_store._drivers.http.Store object at 0x74e21792d130>, 'location_class': <class 'glance_store._drivers.http.StoreLocation'>, 'store_entry': 'http'} {{(pid=115362) register_scheme_map /opt/stack/data/venv/lib/python3.12/site-packages/glance_store/location.py:146}}
Jun 09 19:07:18 ubuntu devstack@g-api.service[115362]: DEBUG glance_store.location [-] Registering scheme https with {'store': <glance_store._drivers.http.Store object at 0x74e21792d130>, 'location_class': <class 'glance_store._drivers.http.StoreLocation'>, 'store_entry': 'http'} {{(pid=115362) register_scheme_map /opt/stack/data/venv/lib/python3.12/site-packages/glance_store/location.py:146}}
Jun 09 19:07:18 ubuntu devstack@g-api.service[115362]: DEBUG glance_store.backend [-] Attempting to import store file {{(pid=115362) _load_store /opt/stack/data/venv/lib/python3.12/site-packages/glance_store/backend.py:215}}
Jun 09 19:07:18 ubuntu devstack@g-api.service[115363]: DEBUG glance_store.capabilities [-] Store glance_store._drivers.filesystem.Store doesn't support updating dynamic storage capabilities. Please overwrite 'update_capabilities' method of the store to implement updating logics if needed. {{(pid=115363) update_capabilities /opt/stack/data/venv/lib/python3.12/site-packages/glance_store/capabilities.py:91}}
Jun 09 19:07:18 ubuntu devstack@g-api.service[115363]: DEBUG glance_store.backend [-] Registering store file with schemes ('file', 'filesystem') {{(pid=115363) create_stores /opt/stack/data/venv/lib/python3.12/site-packages/glance_store/backend.py:261}}
Jun 09 19:07:18 ubuntu devstack@g-api.service[115363]: DEBUG glance_store.driver [-] Late loading location class glance_store._drivers.filesystem.StoreLocation {{(pid=115363) get_store_location_class /opt/stack/data/venv/lib/python3.12/site-packages/glance_store/driver.py:134}}
Jun 09 19:07:18 ubuntu devstack@g-api.service[115362]: DEBUG glance_store.capabilities [-] Store glance_store._drivers.filesystem.Store doesn't support updating dynamic storage capabilities. Please overwrite 'update_capabilities' method of the store to implement updating logics if needed. {{(pid=115362) update_capabilities /opt/stack/data/venv/lib/python3.12/site-packages/glance_store/capabilities.py:91}}
Jun 09 19:07:18 ubuntu devstack@g-api.service[115363]: DEBUG glance_store.location [-] Registering scheme file with {'store': <glance_store._drivers.filesystem.Store object at 0x74e217028c80>, 'location_class': <class 'glance_store._drivers.filesystem.StoreLocation'>, 'store_entry': 'file'} {{(pid=115363) register_scheme_map /opt/stack/data/venv/lib/python3.12/site-packages/glance_store/location.py:146}}
Jun 09 19:07:18 ubuntu devstack@g-api.service[115362]: DEBUG glance_store.backend [-] Registering store file with schemes ('file', 'filesystem') {{(pid=115362) create_stores /opt/stack/data/venv/lib/python3.12/site-packages/glance_store/backend.py:261}}
Jun 09 19:07:18 ubuntu devstack@g-api.service[115363]: DEBUG glance_store.location [-] Registering scheme filesystem with {'store': <glance_store._drivers.filesystem.Store object at 0x74e217028c80>, 'location_class': <class 'glance_store._drivers.filesystem.StoreLocation'>, 'store_entry': 'file'} {{(pid=115363) register_scheme_map /opt/stack/data/venv/lib/python3.12/site-packages/glance_store/location.py:146}}
Jun 09 19:07:18 ubuntu devstack@g-api.service[115362]: DEBUG glance_store.driver [-] Late loading location class glance_store._drivers.filesystem.StoreLocation {{(pid=115362) get_store_location_class /opt/stack/data/venv/lib/python3.12/site-packages/glance_store/driver.py:134}}
Jun 09 19:07:18 ubuntu devstack@g-api.service[115362]: DEBUG glance_store.location [-] Registering scheme file with {'store': <glance_store._drivers.filesystem.Store object at 0x74e2189b4ef0>, 'location_class': <class 'glance_store._drivers.filesystem.StoreLocation'>, 'store_entry': 'file'} {{(pid=115362) register_scheme_map /opt/stack/data/venv/lib/python3.12/site-packages/glance_store/location.py:146}}
Jun 09 19:07:18 ubuntu devstack@g-api.service[115362]: DEBUG glance_store.location [-] Registering scheme filesystem with {'store': <glance_store._drivers.filesystem.Store object at 0x74e2189b4ef0>, 'location_class': <class 'glance_store._drivers.filesystem.StoreLocation'>, 'store_entry': 'file'} {{(pid=115362) register_scheme_map /opt/stack/data/venv/lib/python3.12/site-packages/glance_store/location.py:146}}
Jun 09 19:07:18 ubuntu devstack@g-api.service[115363]: DEBUG glance.sqlite_migration [-] SQLite caching database not located, skipping migration {{(pid=115363) get_db_path /opt/stack/glance/glance/sqlite_migration.py:68}}
Jun 09 19:07:18 ubuntu devstack@g-api.service[115362]: DEBUG glance.sqlite_migration [-] SQLite caching database not located, skipping migration {{(pid=115362) get_db_path /opt/stack/glance/glance/sqlite_migration.py:68}}
Jun 09 19:07:18 ubuntu devstack@g-api.service[115363]: WARNING glance.common.wsgi_app [-] Import methods are enabled but staging directory /tmp/staging/ does not exist; Imports will fail!
Jun 09 19:07:18 ubuntu devstack@g-api.service[115362]: WARNING glance.common.wsgi_app [-] Import methods are enabled but staging directory /tmp/staging/ does not exist; Imports will fail!
Jun 09 19:07:19 ubuntu devstack@g-api.service[115362]: DEBUG glance.common.config [None req-f305c909-ed3d-4b0e-8d34-1d3d3157b674 None None] Loading glance-api-keystone+cachemanagement from /etc/glance/glance-api-paste.ini {{(pid=115362) load_paste_app /opt/stack/glance/glance/common/config.py:758}}
Jun 09 19:07:19 ubuntu devstack@g-api.service[115363]: DEBUG glance.common.config [None req-a029016a-9142-4074-8929-808a8a63b8ac None None] Loading glance-api-keystone+cachemanagement from /etc/glance/glance-api-paste.ini {{(pid=115363) load_paste_app /opt/stack/glance/glance/common/config.py:758}}
Jun 09 19:07:19 ubuntu devstack@g-api.service[115362]: INFO glance.image_cache [None req-f305c909-ed3d-4b0e-8d34-1d3d3157b674 None None] Image cache loaded driver 'centralized_db'.
Jun 09 19:07:19 ubuntu devstack@g-api.service[115363]: INFO glance.image_cache [None req-a029016a-9142-4074-8929-808a8a63b8ac None None] Image cache loaded driver 'centralized_db'.
Jun 09 19:07:19 ubuntu devstack@g-api.service[115362]: INFO dbcounter [None req-f305c909-ed3d-4b0e-8d34-1d3d3157b674 None None] Registered counter for database glance
Jun 09 19:07:19 ubuntu devstack@g-api.service[115363]: INFO dbcounter [None req-a029016a-9142-4074-8929-808a8a63b8ac None None] Registered counter for database glance
Jun 09 19:07:19 ubuntu devstack@g-api.service[115362]: DEBUG oslo_db.sqlalchemy.engines [None req-f305c909-ed3d-4b0e-8d34-1d3d3157b674 None None] MySQL server mode set to STRICT_TRANS_TABLES,STRICT_ALL_TABLES,NO_ZERO_IN_DATE,NO_ZERO_DATE,ERROR_FOR_DIVISION_BY_ZERO,TRADITIONAL,NO_ENGINE_SUBSTITUTION {{(pid=115362) _check_effective_sql_mode /opt/stack/data/venv/lib/python3.12/site-packages/oslo_db/sqlalchemy/engines.py:325}}
Jun 09 19:07:19 ubuntu devstack@g-api.service[115362]: DEBUG dbcounter [-] [115362] Writer thread running {{(pid=115362) stat_writer /opt/stack/data/venv/lib/python3.12/site-packages/dbcounter.py:102}}
Jun 09 19:07:20 ubuntu devstack@g-api.service[115363]: DEBUG oslo_db.sqlalchemy.engines [None req-a029016a-9142-4074-8929-808a8a63b8ac None None] MySQL server mode set to STRICT_TRANS_TABLES,STRICT_ALL_TABLES,NO_ZERO_IN_DATE,NO_ZERO_DATE,ERROR_FOR_DIVISION_BY_ZERO,TRADITIONAL,NO_ENGINE_SUBSTITUTION {{(pid=115363) _check_effective_sql_mode /opt/stack/data/venv/lib/python3.12/site-packages/oslo_db/sqlalchemy/engines.py:325}}
Jun 09 19:07:20 ubuntu devstack@g-api.service[115362]: INFO glance.image_cache [None req-f305c909-ed3d-4b0e-8d34-1d3d3157b674 None None] Image cache loaded driver 'centralized_db'.
Jun 09 19:07:20 ubuntu devstack@g-api.service[115362]: DEBUG glance.image_cache.drivers.centralized_db [None req-f305c909-ed3d-4b0e-8d34-1d3d3157b674 None None] Node reference is already recorded, ignoring it {{(pid=115362) configure /opt/stack/glance/glance/image_cache/drivers/centralized_db.py:71}}
Jun 09 19:07:20 ubuntu devstack@g-api.service[115362]: DEBUG glance.api.v2.cached_images [None req-f305c909-ed3d-4b0e-8d34-1d3d3157b674 None None] Started cache worker thread {{(pid=115362) __init__ /opt/stack/glance/glance/api/v2/cached_images.py:69}}
Jun 09 19:07:20 ubuntu devstack@g-api.service[115362]: INFO glance.image_cache [None req-f305c909-ed3d-4b0e-8d34-1d3d3157b674 None None] Image cache loaded driver 'centralized_db'.
Jun 09 19:07:20 ubuntu devstack@g-api.service[115363]: DEBUG dbcounter [-] [115363] Writer thread running {{(pid=115363) stat_writer /opt/stack/data/venv/lib/python3.12/site-packages/dbcounter.py:102}}
Jun 09 19:07:20 ubuntu devstack@g-api.service[115362]: DEBUG glance.image_cache.drivers.centralized_db [None req-f305c909-ed3d-4b0e-8d34-1d3d3157b674 None None] Node reference is already recorded, ignoring it {{(pid=115362) configure /opt/stack/glance/glance/image_cache/drivers/centralized_db.py:71}}
Jun 09 19:07:20 ubuntu devstack@g-api.service[115363]: DEBUG glance.image_cache.drivers.centralized_db [None req-a029016a-9142-4074-8929-808a8a63b8ac None None] Node reference is already recorded, ignoring it {{(pid=115363) configure /opt/stack/glance/glance/image_cache/drivers/centralized_db.py:71}}
Jun 09 19:07:20 ubuntu devstack@g-api.service[115362]: INFO glance.api.middleware.cache_manage [None req-f305c909-ed3d-4b0e-8d34-1d3d3157b674 None None] Initialized image cache management middleware
Jun 09 19:07:20 ubuntu devstack@g-api.service[115362]: INFO glance.image_cache [None req-f305c909-ed3d-4b0e-8d34-1d3d3157b674 None None] Image cache loaded driver 'centralized_db'.
Jun 09 19:07:20 ubuntu devstack@g-api.service[115363]: INFO glance.image_cache [None req-a029016a-9142-4074-8929-808a8a63b8ac None None] Image cache loaded driver 'centralized_db'.
Jun 09 19:07:20 ubuntu devstack@g-api.service[115362]: DEBUG glance.image_cache.drivers.centralized_db [None req-f305c909-ed3d-4b0e-8d34-1d3d3157b674 None None] Node reference is already recorded, ignoring it {{(pid=115362) configure /opt/stack/glance/glance/image_cache/drivers/centralized_db.py:71}}
Jun 09 19:07:20 ubuntu devstack@g-api.service[115363]: DEBUG glance.image_cache.drivers.centralized_db [None req-a029016a-9142-4074-8929-808a8a63b8ac None None] Node reference is already recorded, ignoring it {{(pid=115363) configure /opt/stack/glance/glance/image_cache/drivers/centralized_db.py:71}}
Jun 09 19:07:20 ubuntu devstack@g-api.service[115362]: INFO glance.api.middleware.cache [None req-f305c909-ed3d-4b0e-8d34-1d3d3157b674 None None] Initialized image cache middleware
Jun 09 19:07:20 ubuntu devstack@g-api.service[115363]: DEBUG glance.api.v2.cached_images [None req-a029016a-9142-4074-8929-808a8a63b8ac None None] Started cache worker thread {{(pid=115363) __init__ /opt/stack/glance/glance/api/v2/cached_images.py:69}}
Jun 09 19:07:20 ubuntu devstack@g-api.service[115363]: INFO glance.image_cache [None req-a029016a-9142-4074-8929-808a8a63b8ac None None] Image cache loaded driver 'centralized_db'.
Jun 09 19:07:20 ubuntu devstack@g-api.service[115363]: DEBUG glance.image_cache.drivers.centralized_db [None req-a029016a-9142-4074-8929-808a8a63b8ac None None] Node reference is already recorded, ignoring it {{(pid=115363) configure /opt/stack/glance/glance/image_cache/drivers/centralized_db.py:71}}
Jun 09 19:07:20 ubuntu devstack@g-api.service[115362]: DEBUG glance.common.config [None req-f305c909-ed3d-4b0e-8d34-1d3d3157b674 None None] ******************************************************************************** {{(pid=115362) log_opt_values /opt/stack/data/venv/lib/python3.12/site-packages/oslo_config/cfg.py:3229}}
Jun 09 19:07:20 ubuntu devstack@g-api.service[115362]: DEBUG glance.common.config [None req-f305c909-ed3d-4b0e-8d34-1d3d3157b674 None None] Configuration options gathered from: {{(pid=115362) log_opt_values /opt/stack/data/venv/lib/python3.12/site-packages/oslo_config/cfg.py:3230}}
Jun 09 19:07:20 ubuntu devstack@g-api.service[115362]: DEBUG glance.common.config [None req-f305c909-ed3d-4b0e-8d34-1d3d3157b674 None None] command line args: [] {{(pid=115362) log_opt_values /opt/stack/data/venv/lib/python3.12/site-packages/oslo_config/cfg.py:3231}}
Jun 09 19:07:20 ubuntu devstack@g-api.service[115362]: DEBUG glance.common.config [None req-f305c909-ed3d-4b0e-8d34-1d3d3157b674 None None] config files: ['/etc/glance/glance-image-import.conf', '/etc/glance/glance-api.conf'] {{(pid=115362) log_opt_values /opt/stack/data/venv/lib/python3.12/site-packages/oslo_config/cfg.py:3232}}
Jun 09 19:07:20 ubuntu devstack@g-api.service[115362]: DEBUG glance.common.config [None req-f305c909-ed3d-4b0e-8d34-1d3d3157b674 None None] ================================================================================ {{(pid=115362) log_opt_values /opt/stack/data/venv/lib/python3.12/site-packages/oslo_config/cfg.py:3237}}
Jun 09 19:07:20 ubuntu devstack@g-api.service[115362]: DEBUG glance.common.config [None req-f305c909-ed3d-4b0e-8d34-1d3d3157b674 None None] allow_anonymous_access         = False {{(pid=115362) log_opt_values /opt/stack/data/venv/lib/python3.12/site-packages/oslo_config/cfg.py:3245}}
Jun 09 19:07:20 ubuntu devstack@g-api.service[115362]: DEBUG glance.common.config [None req-f305c909-ed3d-4b0e-8d34-1d3d3157b674 None None] api_limit_max                  = 1000 {{(pid=115362) log_opt_values /opt/stack/data/venv/lib/python3.12/site-packages/oslo_config/cfg.py:3245}}
Jun 09 19:07:20 ubuntu devstack@g-api.service[115362]: DEBUG glance.common.config [None req-f305c909-ed3d-4b0e-8d34-1d3d3157b674 None None] backlog                        = 4096 {{(pid=115362) log_opt_values /opt/stack/data/venv/lib/python3.12/site-packages/oslo_config/cfg.py:3245}}
Jun 09 19:07:20 ubuntu devstack@g-api.service[115362]: DEBUG glance.common.config [None req-f305c909-ed3d-4b0e-8d34-1d3d3157b674 None None] bind_host                      = 0.0.0.0 {{(pid=115362) log_opt_values /opt/stack/data/venv/lib/python3.12/site-packages/oslo_config/cfg.py:3245}}
Jun 09 19:07:20 ubuntu devstack@g-api.service[115362]: DEBUG glance.common.config [None req-f305c909-ed3d-4b0e-8d34-1d3d3157b674 None None] bind_port                      = None {{(pid=115362) log_opt_values /opt/stack/data/venv/lib/python3.12/site-packages/oslo_config/cfg.py:3245}}
Jun 09 19:07:20 ubuntu devstack@g-api.service[115362]: DEBUG glance.common.config [None req-f305c909-ed3d-4b0e-8d34-1d3d3157b674 None None] client_socket_timeout          = 900 {{(pid=115362) log_opt_values /opt/stack/data/venv/lib/python3.12/site-packages/oslo_config/cfg.py:3245}}
Jun 09 19:07:20 ubuntu devstack@g-api.service[115362]: DEBUG glance.common.config [None req-f305c909-ed3d-4b0e-8d34-1d3d3157b674 None None] config_dir                     = [] {{(pid=115362) log_opt_values /opt/stack/data/venv/lib/python3.12/site-packages/oslo_config/cfg.py:3245}}
Jun 09 19:07:20 ubuntu devstack@g-api.service[115362]: DEBUG glance.common.config [None req-f305c909-ed3d-4b0e-8d34-1d3d3157b674 None None] config_file                    = ['/etc/glance/glance-image-import.conf', '/etc/glance/glance-api.conf'] {{(pid=115362) log_opt_values /opt/stack/data/venv/lib/python3.12/site-packages/oslo_config/cfg.py:3245}}
Jun 09 19:07:20 ubuntu devstack@g-api.service[115362]: DEBUG glance.common.config [None req-f305c909-ed3d-4b0e-8d34-1d3d3157b674 None None] config_source                  = [] {{(pid=115362) log_opt_values /opt/stack/data/venv/lib/python3.12/site-packages/oslo_config/cfg.py:3245}}
Jun 09 19:07:20 ubuntu devstack@g-api.service[115362]: DEBUG glance.common.config [None req-f305c909-ed3d-4b0e-8d34-1d3d3157b674 None None] control_exchange               = glance {{(pid=115362) log_opt_values /opt/stack/data/venv/lib/python3.12/site-packages/oslo_config/cfg.py:3245}}
Jun 09 19:07:20 ubuntu devstack@g-api.service[115363]: INFO glance.api.middleware.cache_manage [None req-a029016a-9142-4074-8929-808a8a63b8ac None None] Initialized image cache management middleware
Jun 09 19:07:20 ubuntu devstack@g-api.service[115362]: DEBUG glance.common.config [None req-f305c909-ed3d-4b0e-8d34-1d3d3157b674 None None] debug                          = True {{(pid=115362) log_opt_values /opt/stack/data/venv/lib/python3.12/site-packages/oslo_config/cfg.py:3245}}
Jun 09 19:07:20 ubuntu devstack@g-api.service[115363]: INFO glance.image_cache [None req-a029016a-9142-4074-8929-808a8a63b8ac None None] Image cache loaded driver 'centralized_db'.
Jun 09 19:07:20 ubuntu devstack@g-api.service[115362]: DEBUG glance.common.config [None req-f305c909-ed3d-4b0e-8d34-1d3d3157b674 None None] default_log_levels             = ['amqp=WARN', 'boto=WARN', 'sqlalchemy=WARN', 'suds=INFO', 'oslo.messaging=INFO', 'oslo_messaging=INFO', 'iso8601=WARN', 'requests.packages.urllib3.connectionpool=WARN', 'urllib3.connectionpool=WARN', 'websocket=WARN', 'requests.packages.urllib3.util.retry=WARN', 'urllib3.util.retry=WARN', 'keystonemiddleware=WARN', 'routes.middleware=WARN', 'stevedore=WARN', 'taskflow=WARN', 'keystoneauth=WARN', 'oslo.cache=INFO', 'oslo_policy=INFO', 'dogpile.core.dogpile=INFO'] {{(pid=115362) log_opt_values /opt/stack/data/venv/lib/python3.12/site-packages/oslo_config/cfg.py:3245}}
Jun 09 19:07:20 ubuntu devstack@g-api.service[115362]: DEBUG glance.common.config [None req-f305c909-ed3d-4b0e-8d34-1d3d3157b674 None None] default_publisher_id           = image.localhost {{(pid=115362) log_opt_values /opt/stack/data/venv/lib/python3.12/site-packages/oslo_config/cfg.py:3245}}
Jun 09 19:07:20 ubuntu devstack@g-api.service[115362]: DEBUG glance.common.config [None req-f305c909-ed3d-4b0e-8d34-1d3d3157b674 None None] delayed_delete                 = False {{(pid=115362) log_opt_values /opt/stack/data/venv/lib/python3.12/site-packages/oslo_config/cfg.py:3245}}
Jun 09 19:07:20 ubuntu devstack@g-api.service[115362]: DEBUG glance.common.config [None req-f305c909-ed3d-4b0e-8d34-1d3d3157b674 None None] digest_algorithm               = sha256 {{(pid=115362) log_opt_values /opt/stack/data/venv/lib/python3.12/site-packages/oslo_config/cfg.py:3245}}
Jun 09 19:07:20 ubuntu devstack@g-api.service[115362]: DEBUG glance.common.config [None req-f305c909-ed3d-4b0e-8d34-1d3d3157b674 None None] disabled_notifications         = [] {{(pid=115362) log_opt_values /opt/stack/data/venv/lib/python3.12/site-packages/oslo_config/cfg.py:3245}}
Jun 09 19:07:20 ubuntu devstack@g-api.service[115362]: DEBUG glance.common.config [None req-f305c909-ed3d-4b0e-8d34-1d3d3157b674 None None] do_secure_hash                 = True {{(pid=115362) log_opt_values /opt/stack/data/venv/lib/python3.12/site-packages/oslo_config/cfg.py:3245}}
Jun 09 19:07:20 ubuntu devstack@g-api.service[115362]: DEBUG glance.common.config [None req-f305c909-ed3d-4b0e-8d34-1d3d3157b674 None None] enabled_backends               = None {{(pid=115362) log_opt_values /opt/stack/data/venv/lib/python3.12/site-packages/oslo_config/cfg.py:3245}}
Jun 09 19:07:20 ubuntu devstack@g-api.service[115362]: DEBUG glance.common.config [None req-f305c909-ed3d-4b0e-8d34-1d3d3157b674 None None] enabled_import_methods         = ['glance-direct', 'web-download', 'copy-image'] {{(pid=115362) log_opt_values /opt/stack/data/venv/lib/python3.12/site-packages/oslo_config/cfg.py:3245}}
Jun 09 19:07:20 ubuntu devstack@g-api.service[115362]: DEBUG glance.common.config [None req-f305c909-ed3d-4b0e-8d34-1d3d3157b674 None None] hashing_algorithm              = sha512 {{(pid=115362) log_opt_values /opt/stack/data/venv/lib/python3.12/site-packages/oslo_config/cfg.py:3245}}
Jun 09 19:07:20 ubuntu devstack@g-api.service[115362]: DEBUG glance.common.config [None req-f305c909-ed3d-4b0e-8d34-1d3d3157b674 None None] http_keepalive                 = True {{(pid=115362) log_opt_values /opt/stack/data/venv/lib/python3.12/site-packages/oslo_config/cfg.py:3245}}
Jun 09 19:07:20 ubuntu devstack@g-api.service[115362]: DEBUG glance.common.config [None req-f305c909-ed3d-4b0e-8d34-1d3d3157b674 None None] http_retries                   = 3 {{(pid=115362) log_opt_values /opt/stack/data/venv/lib/python3.12/site-packages/oslo_config/cfg.py:3245}}
Jun 09 19:07:20 ubuntu devstack@g-api.service[115362]: DEBUG glance.common.config [None req-f305c909-ed3d-4b0e-8d34-1d3d3157b674 None None] image_cache_dir                = /opt/stack/data/glance/cache/ {{(pid=115362) log_opt_values /opt/stack/data/venv/lib/python3.12/site-packages/oslo_config/cfg.py:3245}}
Jun 09 19:07:20 ubuntu devstack@g-api.service[115362]: DEBUG glance.common.config [None req-f305c909-ed3d-4b0e-8d34-1d3d3157b674 None None] image_cache_driver             = centralized_db {{(pid=115362) log_opt_values /opt/stack/data/venv/lib/python3.12/site-packages/oslo_config/cfg.py:3245}}
Jun 09 19:07:20 ubuntu devstack@g-api.service[115362]: DEBUG glance.common.config [None req-f305c909-ed3d-4b0e-8d34-1d3d3157b674 None None] image_cache_max_size           = 10737418240 {{(pid=115362) log_opt_values /opt/stack/data/venv/lib/python3.12/site-packages/oslo_config/cfg.py:3245}}
Jun 09 19:07:20 ubuntu devstack@g-api.service[115362]: DEBUG glance.common.config [None req-f305c909-ed3d-4b0e-8d34-1d3d3157b674 None None] image_cache_sqlite_db          = cache.db {{(pid=115362) log_opt_values /opt/stack/data/venv/lib/python3.12/site-packages/oslo_config/cfg.py:3245}}
Jun 09 19:07:20 ubuntu devstack@g-api.service[115362]: DEBUG glance.common.config [None req-f305c909-ed3d-4b0e-8d34-1d3d3157b674 None None] image_cache_stall_time         = 86400 {{(pid=115362) log_opt_values /opt/stack/data/venv/lib/python3.12/site-packages/oslo_config/cfg.py:3245}}
Jun 09 19:07:20 ubuntu devstack@g-api.service[115362]: DEBUG glance.common.config [None req-f305c909-ed3d-4b0e-8d34-1d3d3157b674 None None] image_location_quota           = 10 {{(pid=115362) log_opt_values /opt/stack/data/venv/lib/python3.12/site-packages/oslo_config/cfg.py:3245}}
Jun 09 19:07:20 ubuntu devstack@g-api.service[115362]: DEBUG glance.common.config [None req-f305c909-ed3d-4b0e-8d34-1d3d3157b674 None None] image_member_quota             = 128 {{(pid=115362) log_opt_values /opt/stack/data/venv/lib/python3.12/site-packages/oslo_config/cfg.py:3245}}
Jun 09 19:07:20 ubuntu devstack@g-api.service[115362]: DEBUG glance.common.config [None req-f305c909-ed3d-4b0e-8d34-1d3d3157b674 None None] image_property_quota           = 128 {{(pid=115362) log_opt_values /opt/stack/data/venv/lib/python3.12/site-packages/oslo_config/cfg.py:3245}}
Jun 09 19:07:20 ubuntu devstack@g-api.service[115362]: DEBUG glance.common.config [None req-f305c909-ed3d-4b0e-8d34-1d3d3157b674 None None] image_size_cap                 = 1099511627776 {{(pid=115362) log_opt_values /opt/stack/data/venv/lib/python3.12/site-packages/oslo_config/cfg.py:3245}}
Jun 09 19:07:20 ubuntu devstack@g-api.service[115362]: DEBUG glance.common.config [None req-f305c909-ed3d-4b0e-8d34-1d3d3157b674 None None] image_tag_quota                = 128 {{(pid=115362) log_opt_values /opt/stack/data/venv/lib/python3.12/site-packages/oslo_config/cfg.py:3245}}
Jun 09 19:07:20 ubuntu devstack@g-api.service[115362]: DEBUG glance.common.config [None req-f305c909-ed3d-4b0e-8d34-1d3d3157b674 None None] instance_format                = [instance: %(uuid)s]  {{(pid=115362) log_opt_values /opt/stack/data/venv/lib/python3.12/site-packages/oslo_config/cfg.py:3245}}
Jun 09 19:07:20 ubuntu devstack@g-api.service[115362]: DEBUG glance.common.config [None req-f305c909-ed3d-4b0e-8d34-1d3d3157b674 None None] instance_uuid_format           = [instance: %(uuid)s]  {{(pid=115362) log_opt_values /opt/stack/data/venv/lib/python3.12/site-packages/oslo_config/cfg.py:3245}}
Jun 09 19:07:20 ubuntu devstack@g-api.service[115362]: DEBUG glance.common.config [None req-f305c909-ed3d-4b0e-8d34-1d3d3157b674 None None] limit_param_default            = 25 {{(pid=115362) log_opt_values /opt/stack/data/venv/lib/python3.12/site-packages/oslo_config/cfg.py:3245}}
Jun 09 19:07:20 ubuntu devstack@g-api.service[115362]: DEBUG glance.common.config [None req-f305c909-ed3d-4b0e-8d34-1d3d3157b674 None None] log_color                      = True {{(pid=115362) log_opt_values /opt/stack/data/venv/lib/python3.12/site-packages/oslo_config/cfg.py:3245}}
Jun 09 19:07:20 ubuntu devstack@g-api.service[115362]: DEBUG glance.common.config [None req-f305c909-ed3d-4b0e-8d34-1d3d3157b674 None None] log_config_append              = None {{(pid=115362) log_opt_values /opt/stack/data/venv/lib/python3.12/site-packages/oslo_config/cfg.py:3245}}
Jun 09 19:07:20 ubuntu devstack@g-api.service[115362]: DEBUG glance.common.config [None req-f305c909-ed3d-4b0e-8d34-1d3d3157b674 None None] log_date_format                = %Y-%m-%d %H:%M:%S {{(pid=115362) log_opt_values /opt/stack/data/venv/lib/python3.12/site-packages/oslo_config/cfg.py:3245}}
Jun 09 19:07:20 ubuntu devstack@g-api.service[115362]: DEBUG glance.common.config [None req-f305c909-ed3d-4b0e-8d34-1d3d3157b674 None None] log_dir                        = None {{(pid=115362) log_opt_values /opt/stack/data/venv/lib/python3.12/site-packages/oslo_config/cfg.py:3245}}
Jun 09 19:07:20 ubuntu devstack@g-api.service[115362]: DEBUG glance.common.config [None req-f305c909-ed3d-4b0e-8d34-1d3d3157b674 None None] log_file                       = None {{(pid=115362) log_opt_values /opt/stack/data/venv/lib/python3.12/site-packages/oslo_config/cfg.py:3245}}
Jun 09 19:07:20 ubuntu devstack@g-api.service[115362]: DEBUG glance.common.config [None req-f305c909-ed3d-4b0e-8d34-1d3d3157b674 None None] log_rotate_interval            = 1 {{(pid=115362) log_opt_values /opt/stack/data/venv/lib/python3.12/site-packages/oslo_config/cfg.py:3245}}
Jun 09 19:07:20 ubuntu devstack@g-api.service[115362]: DEBUG glance.common.config [None req-f305c909-ed3d-4b0e-8d34-1d3d3157b674 None None] log_rotate_interval_type       = days {{(pid=115362) log_opt_values /opt/stack/data/venv/lib/python3.12/site-packages/oslo_config/cfg.py:3245}}
Jun 09 19:07:20 ubuntu devstack@g-api.service[115362]: DEBUG glance.common.config [None req-f305c909-ed3d-4b0e-8d34-1d3d3157b674 None None] log_rotation_type              = none {{(pid=115362) log_opt_values /opt/stack/data/venv/lib/python3.12/site-packages/oslo_config/cfg.py:3245}}
Jun 09 19:07:20 ubuntu devstack@g-api.service[115362]: DEBUG glance.common.config [None req-f305c909-ed3d-4b0e-8d34-1d3d3157b674 None None] logging_context_format_string  = %(color)s%(levelname)s %(name)s [%(global_request_id)s %(request_id)s %(project_name)s %(user_name)s%(color)s] %(instance)s%(color)s%(message)s {{(pid=115362) log_opt_values /opt/stack/data/venv/lib/python3.12/site-packages/oslo_config/cfg.py:3245}}
Jun 09 19:07:20 ubuntu devstack@g-api.service[115362]: DEBUG glance.common.config [None req-f305c909-ed3d-4b0e-8d34-1d3d3157b674 None None] logging_debug_format_suffix    = {{(pid=%(process)d) %(funcName)s %(pathname)s:%(lineno)d}} {{(pid=115362) log_opt_values /opt/stack/data/venv/lib/python3.12/site-packages/oslo_config/cfg.py:3245}}
Jun 09 19:07:20 ubuntu devstack@g-api.service[115362]: DEBUG glance.common.config [None req-f305c909-ed3d-4b0e-8d34-1d3d3157b674 None None] logging_default_format_string  = %(color)s%(levelname)s %(name)s [-%(color)s] %(instance)s%(color)s%(message)s {{(pid=115362) log_opt_values /opt/stack/data/venv/lib/python3.12/site-packages/oslo_config/cfg.py:3245}}
Jun 09 19:07:20 ubuntu devstack@g-api.service[115362]: DEBUG glance.common.config [None req-f305c909-ed3d-4b0e-8d34-1d3d3157b674 None None] logging_exception_prefix       = ERROR %(name)s %(instance)s {{(pid=115362) log_opt_values /opt/stack/data/venv/lib/python3.12/site-packages/oslo_config/cfg.py:3245}}
Jun 09 19:07:20 ubuntu devstack@g-api.service[115362]: DEBUG glance.common.config [None req-f305c909-ed3d-4b0e-8d34-1d3d3157b674 None None] logging_user_identity_format   = %(user)s %(project)s %(domain)s %(system_scope)s %(user_domain)s %(project_domain)s {{(pid=115362) log_opt_values /opt/stack/data/venv/lib/python3.12/site-packages/oslo_config/cfg.py:3245}}
Jun 09 19:07:20 ubuntu devstack@g-api.service[115362]: DEBUG glance.common.config [None req-f305c909-ed3d-4b0e-8d34-1d3d3157b674 None None] max_header_line                = 16384 {{(pid=115362) log_opt_values /opt/stack/data/venv/lib/python3.12/site-packages/oslo_config/cfg.py:3245}}
Jun 09 19:07:20 ubuntu devstack@g-api.service[115362]: DEBUG glance.common.config [None req-f305c909-ed3d-4b0e-8d34-1d3d3157b674 None None] max_logfile_count              = 30 {{(pid=115362) log_opt_values /opt/stack/data/venv/lib/python3.12/site-packages/oslo_config/cfg.py:3245}}
Jun 09 19:07:20 ubuntu devstack@g-api.service[115362]: DEBUG glance.common.config [None req-f305c909-ed3d-4b0e-8d34-1d3d3157b674 None None] max_logfile_size_mb            = 200 {{(pid=115362) log_opt_values /opt/stack/data/venv/lib/python3.12/site-packages/oslo_config/cfg.py:3245}}
Jun 09 19:07:20 ubuntu devstack@g-api.service[115362]: DEBUG glance.common.config [None req-f305c909-ed3d-4b0e-8d34-1d3d3157b674 None None] max_request_id_length          = 64 {{(pid=115362) log_opt_values /opt/stack/data/venv/lib/python3.12/site-packages/oslo_config/cfg.py:3245}}
Jun 09 19:07:20 ubuntu devstack@g-api.service[115362]: DEBUG glance.common.config [None req-f305c909-ed3d-4b0e-8d34-1d3d3157b674 None None] metadata_encryption_key        = **** {{(pid=115362) log_opt_values /opt/stack/data/venv/lib/python3.12/site-packages/oslo_config/cfg.py:3245}}
Jun 09 19:07:20 ubuntu devstack@g-api.service[115362]: DEBUG glance.common.config [None req-f305c909-ed3d-4b0e-8d34-1d3d3157b674 None None] node_staging_uri               = file:///tmp/staging/ {{(pid=115362) log_opt_values /opt/stack/data/venv/lib/python3.12/site-packages/oslo_config/cfg.py:3245}}
Jun 09 19:07:20 ubuntu devstack@g-api.service[115362]: DEBUG glance.common.config [None req-f305c909-ed3d-4b0e-8d34-1d3d3157b674 None None] property_protection_file       = None {{(pid=115362) log_opt_values /opt/stack/data/venv/lib/python3.12/site-packages/oslo_config/cfg.py:3245}}
Jun 09 19:07:20 ubuntu devstack@g-api.service[115362]: DEBUG glance.common.config [None req-f305c909-ed3d-4b0e-8d34-1d3d3157b674 None None] property_protection_rule_format = roles {{(pid=115362) log_opt_values /opt/stack/data/venv/lib/python3.12/site-packages/oslo_config/cfg.py:3245}}
Jun 09 19:07:20 ubuntu devstack@g-api.service[115363]: DEBUG glance.image_cache.drivers.centralized_db [None req-a029016a-9142-4074-8929-808a8a63b8ac None None] Node reference is already recorded, ignoring it {{(pid=115363) configure /opt/stack/glance/glance/image_cache/drivers/centralized_db.py:71}}
Jun 09 19:07:20 ubuntu devstack@g-api.service[115362]: DEBUG glance.common.config [None req-f305c909-ed3d-4b0e-8d34-1d3d3157b674 None None] public_endpoint                = http://10.201.5.127/image {{(pid=115362) log_opt_values /opt/stack/data/venv/lib/python3.12/site-packages/oslo_config/cfg.py:3245}}
Jun 09 19:07:20 ubuntu devstack@g-api.service[115362]: DEBUG glance.common.config [None req-f305c909-ed3d-4b0e-8d34-1d3d3157b674 None None] publish_errors                 = False {{(pid=115362) log_opt_values /opt/stack/data/venv/lib/python3.12/site-packages/oslo_config/cfg.py:3245}}
Jun 09 19:07:20 ubuntu devstack@g-api.service[115362]: DEBUG glance.common.config [None req-f305c909-ed3d-4b0e-8d34-1d3d3157b674 None None] pydev_worker_debug_host        = None {{(pid=115362) log_opt_values /opt/stack/data/venv/lib/python3.12/site-packages/oslo_config/cfg.py:3245}}
Jun 09 19:07:20 ubuntu devstack@g-api.service[115362]: DEBUG glance.common.config [None req-f305c909-ed3d-4b0e-8d34-1d3d3157b674 None None] pydev_worker_debug_port        = 5678 {{(pid=115362) log_opt_values /opt/stack/data/venv/lib/python3.12/site-packages/oslo_config/cfg.py:3245}}
Jun 09 19:07:20 ubuntu devstack@g-api.service[115362]: DEBUG glance.common.config [None req-f305c909-ed3d-4b0e-8d34-1d3d3157b674 None None] rate_limit_burst               = 0 {{(pid=115362) log_opt_values /opt/stack/data/venv/lib/python3.12/site-packages/oslo_config/cfg.py:3245}}
