Apr 30 19:15:43 ubuntu devstack@keystone.service[67684]: DEBUG keystone.server.flask.request_processing.req_logging [None req-7f3660e9-3912-4f1f-b34f-9d42d63ba304 None admin] SCRIPT_NAME: `/identity` {{(pid=67684) log_request_info /opt/stack/keystone/keystone/server/flask/request_processing/req_logging.py:27}}
Apr 30 19:15:43 ubuntu devstack@keystone.service[67684]: DEBUG keystone.server.flask.request_processing.req_logging [None req-7f3660e9-3912-4f1f-b34f-9d42d63ba304 None admin] PATH_INFO: `/v3/domains/default` {{(pid=67684) log_request_info /opt/stack/keystone/keystone/server/flask/request_processing/req_logging.py:28}}
Apr 30 19:15:43 ubuntu devstack@keystone.service[67684]: DEBUG keystone.common.rbac_enforcer.enforcer [None req-7f3660e9-3912-4f1f-b34f-9d42d63ba304 None admin] RBAC: Authorizing `identity:get_domain(domain_id=default)` {{(pid=67684) enforce_call /opt/stack/keystone/keystone/common/rbac_enforcer/enforcer.py:494}}
Apr 30 19:15:43 ubuntu devstack@keystone.service[67684]: DEBUG keystone.common.rbac_enforcer.enforcer [None req-7f3660e9-3912-4f1f-b34f-9d42d63ba304 None admin] RBAC: Authorization granted {{(pid=67684) enforce_call /opt/stack/keystone/keystone/common/rbac_enforcer/enforcer.py:505}}
Apr 30 19:15:43 ubuntu devstack@keystone.service[67684]: [pid: 67684|app: 0|req: 11/20] 10.120.125.137 () {58 vars in 1176 bytes} [Thu Apr 30 19:15:43 2026] GET /identity/v3/domains/default => generated 200 bytes in 76 msecs (HTTP/1.1 200) 5 headers in 177 bytes (1 switches on core 0)
Apr 30 19:15:43 ubuntu devstack@keystone.service[67685]: [pid: 67685|app: 0|req: 10/21] 10.120.125.137 () {58 vars in 1190 bytes} [Thu Apr 30 19:15:43 2026] GET /identity/v3/domains?name=Default => generated 310 bytes in 74 msecs (HTTP/1.1 200) 5 headers in 177 bytes (1 switches on core 0)
Apr 30 19:15:43 ubuntu devstack@keystone.service[67684]: DEBUG keystone.server.flask.request_processing.middleware.auth_context [None req-7f3660e9-3912-4f1f-b34f-9d42d63ba304 None admin] Authenticating user token {{(pid=67684) process_request /opt/stack/data/venv/lib/python3.12/site-packages/keystonemiddleware/auth_token/__init__.py:407}}
Apr 30 19:15:43 ubuntu devstack@keystone.service[67684]: DEBUG keystone.server.flask.request_processing.middleware.auth_context [None req-7f3660e9-3912-4f1f-b34f-9d42d63ba304 None admin] Validating token access rules against request {{(pid=67684) validate_allowed_request /opt/stack/data/venv/lib/python3.12/site-packages/keystonemiddleware/auth_token/__init__.py:545}}
Apr 30 19:15:43 ubuntu devstack@keystone.service[67684]: DEBUG keystone.server.flask.request_processing.middleware.auth_context [None req-96b6bfa7-febe-4a06-b86b-f260f3d169f7 None admin] RBAC: auth_context: {'token': <TokenModel (audit_id=laoHzO59TuWLFJTiZwEqSQ, audit_chain_id=['laoHzO59TuWLFJTiZwEqSQ']) at 0x72ef4cb89af0>, 'domain_id': None, 'trust_id': None, 'trustor_id': None, 'trustee_id': None, 'domain_name': None, 'group_ids': [], 'user_id': '5f63968f1f1a409cbddfd06f6edb1875', 'user_domain_id': 'default', 'system_scope': 'all', 'project_id': None, 'project_domain_id': None, 'roles': ['admin', 'manager', 'member', 'reader'], 'is_admin_project': True, 'service_user_id': None, 'service_user_domain_id': None, 'service_project_id': None, 'service_project_domain_id': None, 'service_roles': []} {{(pid=67684) fill_context /opt/stack/keystone/keystone/server/flask/request_processing/middleware/auth_context.py:509}}
Apr 30 19:15:43 ubuntu devstack@keystone.service[67684]: DEBUG keystone.server.flask.request_processing.req_logging [None req-96b6bfa7-febe-4a06-b86b-f260f3d169f7 None admin] REQUEST_METHOD: `PUT` {{(pid=67684) log_request_info /opt/stack/keystone/keystone/server/flask/request_processing/req_logging.py:26}}
Apr 30 19:15:43 ubuntu devstack@keystone.service[67684]: DEBUG keystone.server.flask.request_processing.req_logging [None req-96b6bfa7-febe-4a06-b86b-f260f3d169f7 None admin] SCRIPT_NAME: `/identity` {{(pid=67684) log_request_info /opt/stack/keystone/keystone/server/flask/request_processing/req_logging.py:27}}
Apr 30 19:15:43 ubuntu devstack@keystone.service[67684]: DEBUG keystone.server.flask.request_processing.req_logging [None req-96b6bfa7-febe-4a06-b86b-f260f3d169f7 None admin] PATH_INFO: `/v3/domains/default/users/5f63968f1f1a409cbddfd06f6edb1875/roles/85820d5c92114fc29a625f3ec1e6fb2b` {{(pid=67684) log_request_info /opt/stack/keystone/keystone/server/flask/request_processing/req_logging.py:28}}
Apr 30 19:15:43 ubuntu devstack@keystone.service[67684]: DEBUG keystone.common.rbac_enforcer.enforcer [None req-96b6bfa7-febe-4a06-b86b-f260f3d169f7 None admin] RBAC: Authorizing `identity:create_grant(domain_id=default, user_id=5f63968f1f1a409cbddfd06f6edb1875, role_id=85820d5c92114fc29a625f3ec1e6fb2b)` {{(pid=67684) enforce_call /opt/stack/keystone/keystone/common/rbac_enforcer/enforcer.py:494}}
Apr 30 19:15:43 ubuntu devstack@keystone.service[67684]: DEBUG keystone.common.rbac_enforcer.enforcer [None req-96b6bfa7-febe-4a06-b86b-f260f3d169f7 None admin] RBAC: Authorization granted {{(pid=67684) enforce_call /opt/stack/keystone/keystone/common/rbac_enforcer/enforcer.py:505}}
Apr 30 19:15:43 ubuntu devstack@keystone.service[67684]: [pid: 67684|app: 0|req: 12/22] 10.120.125.137 () {60 vars in 1429 bytes} [Thu Apr 30 19:15:43 2026] PUT /identity/v3/domains/default/users/5f63968f1f1a409cbddfd06f6edb1875/roles/85820d5c92114fc29a625f3ec1e6fb2b => generated 0 bytes in 158 msecs (HTTP/1.1 204) 3 headers in 132 bytes (0 switches on core 0)
Apr 30 19:15:45 ubuntu devstack@keystone.service[67685]: DEBUG keystone.server.flask.request_processing.req_logging [None req-2f980413-f70f-46b5-b981-f3c7e9628981 None None] REQUEST_METHOD: `GET` {{(pid=67685) log_request_info /opt/stack/keystone/keystone/server/flask/request_processing/req_logging.py:26}}
Apr 30 19:15:45 ubuntu devstack@keystone.service[67685]: DEBUG keystone.server.flask.request_processing.req_logging [None req-2f980413-f70f-46b5-b981-f3c7e9628981 None None] SCRIPT_NAME: `/identity` {{(pid=67685) log_request_info /opt/stack/keystone/keystone/server/flask/request_processing/req_logging.py:27}}
Apr 30 19:15:45 ubuntu devstack@keystone.service[67684]: DEBUG keystone.server.flask.request_processing.req_logging [None req-3df5f052-d0f8-4e47-bb4d-a6ee5a209146 None None] REQUEST_METHOD: `GET` {{(pid=67684) log_request_info /opt/stack/keystone/keystone/server/flask/request_processing/req_logging.py:26}}
Apr 30 19:15:45 ubuntu devstack@keystone.service[67685]: DEBUG keystone.server.flask.request_processing.req_logging [None req-2f980413-f70f-46b5-b981-f3c7e9628981 None None] PATH_INFO: `/` {{(pid=67685) log_request_info /opt/stack/keystone/keystone/server/flask/request_processing/req_logging.py:28}}
Apr 30 19:15:45 ubuntu devstack@keystone.service[67684]: DEBUG keystone.server.flask.request_processing.req_logging [None req-3df5f052-d0f8-4e47-bb4d-a6ee5a209146 None None] SCRIPT_NAME: `/identity` {{(pid=67684) log_request_info /opt/stack/keystone/keystone/server/flask/request_processing/req_logging.py:27}}
Apr 30 19:15:45 ubuntu devstack@keystone.service[67684]: DEBUG keystone.server.flask.request_processing.req_logging [None req-3df5f052-d0f8-4e47-bb4d-a6ee5a209146 None None] PATH_INFO: `/` {{(pid=67684) log_request_info /opt/stack/keystone/keystone/server/flask/request_processing/req_logging.py:28}}
Apr 30 19:15:45 ubuntu devstack@keystone.service[67685]: [pid: 67685|app: 0|req: 11/23] 10.120.125.137 () {56 vars in 951 bytes} [Thu Apr 30 19:15:45 2026] GET /identity => generated 271 bytes in 2 msecs (HTTP/1.1 300) 6 headers in 235 bytes (1 switches on core 0)
Apr 30 19:15:45 ubuntu devstack@keystone.service[67684]: [pid: 67684|app: 0|req: 13/24] 10.120.125.137 () {56 vars in 951 bytes} [Thu Apr 30 19:15:45 2026] GET /identity => generated 271 bytes in 2 msecs (HTTP/1.1 300) 6 headers in 235 bytes (1 switches on core 0)
Apr 30 19:15:45 ubuntu devstack@keystone.service[67685]: DEBUG keystone.server.flask.request_processing.req_logging [None req-c9687642-bbee-4168-8a94-d354a95a76d6 None None] REQUEST_METHOD: `POST` {{(pid=67685) log_request_info /opt/stack/keystone/keystone/server/flask/request_processing/req_logging.py:26}}
Apr 30 19:15:45 ubuntu devstack@keystone.service[67685]: DEBUG keystone.server.flask.request_processing.req_logging [None req-c9687642-bbee-4168-8a94-d354a95a76d6 None None] SCRIPT_NAME: `/identity` {{(pid=67685) log_request_info /opt/stack/keystone/keystone/server/flask/request_processing/req_logging.py:27}}
Apr 30 19:15:45 ubuntu devstack@keystone.service[67684]: DEBUG keystone.server.flask.request_processing.req_logging [None req-044071f5-4648-45e3-b414-74246aa75679 None None] REQUEST_METHOD: `POST` {{(pid=67684) log_request_info /opt/stack/keystone/keystone/server/flask/request_processing/req_logging.py:26}}
Apr 30 19:15:45 ubuntu devstack@keystone.service[67685]: DEBUG keystone.server.flask.request_processing.req_logging [None req-c9687642-bbee-4168-8a94-d354a95a76d6 None None] PATH_INFO: `/v3/auth/tokens` {{(pid=67685) log_request_info /opt/stack/keystone/keystone/server/flask/request_processing/req_logging.py:28}}
Apr 30 19:15:45 ubuntu devstack@keystone.service[67684]: DEBUG keystone.server.flask.request_processing.req_logging [None req-044071f5-4648-45e3-b414-74246aa75679 None None] SCRIPT_NAME: `/identity` {{(pid=67684) log_request_info /opt/stack/keystone/keystone/server/flask/request_processing/req_logging.py:27}}
Apr 30 19:15:45 ubuntu devstack@keystone.service[67684]: DEBUG keystone.server.flask.request_processing.req_logging [None req-044071f5-4648-45e3-b414-74246aa75679 None None] PATH_INFO: `/v3/auth/tokens` {{(pid=67684) log_request_info /opt/stack/keystone/keystone/server/flask/request_processing/req_logging.py:28}}
Apr 30 19:15:45 ubuntu devstack@keystone.service[67684]: WARNING keystone.common.password_hashing [None req-044071f5-4648-45e3-b414-74246aa75679 None None] Truncating password to algorithm specific maximum length 72 characters.
Apr 30 19:15:45 ubuntu devstack@keystone.service[67685]: WARNING keystone.common.password_hashing [None req-c9687642-bbee-4168-8a94-d354a95a76d6 None None] Truncating password to algorithm specific maximum length 72 characters.
Apr 30 19:15:45 ubuntu devstack@keystone.service[67684]: DEBUG keystone.auth.core [None req-044071f5-4648-45e3-b414-74246aa75679 None None] MFA Rules not processed for user `5f63968f1f1a409cbddfd06f6edb1875`. Rule list: `[]` (Enabled: `True`). {{(pid=67684) check_auth_methods_against_rules /opt/stack/keystone/keystone/auth/core.py:476}}
Apr 30 19:15:45 ubuntu devstack@keystone.service[67684]: DEBUG keystone.common.fernet_utils [None req-044071f5-4648-45e3-b414-74246aa75679 None None] Loaded 2 Fernet keys from /etc/keystone/fernet-keys/, but `[fernet_tokens] max_active_keys = 3`; perhaps there have not been enough key rotations to reach `max_active_keys` yet? {{(pid=67684) load_keys /opt/stack/keystone/keystone/common/fernet_utils.py:297}}
Apr 30 19:15:45 ubuntu devstack@keystone.service[67685]: DEBUG keystone.auth.core [None req-c9687642-bbee-4168-8a94-d354a95a76d6 None None] MFA Rules not processed for user `5f63968f1f1a409cbddfd06f6edb1875`. Rule list: `[]` (Enabled: `True`). {{(pid=67685) check_auth_methods_against_rules /opt/stack/keystone/keystone/auth/core.py:476}}
Apr 30 19:15:45 ubuntu devstack@keystone.service[67685]: DEBUG keystone.common.fernet_utils [None req-c9687642-bbee-4168-8a94-d354a95a76d6 None None] Loaded 2 Fernet keys from /etc/keystone/fernet-keys/, but `[fernet_tokens] max_active_keys = 3`; perhaps there have not been enough key rotations to reach `max_active_keys` yet? {{(pid=67685) load_keys /opt/stack/keystone/keystone/common/fernet_utils.py:297}}
Apr 30 19:15:45 ubuntu devstack@keystone.service[67685]: [pid: 67685|app: 0|req: 12/25] 10.120.125.137 () {60 vars in 1048 bytes} [Thu Apr 30 19:15:45 2026] POST /identity/v3/auth/tokens => generated 863 bytes in 75 msecs (HTTP/1.1 201) 6 headers in 363 bytes (1 switches on core 0)
Apr 30 19:15:45 ubuntu devstack@keystone.service[67684]: [pid: 67684|app: 0|req: 14/26] 10.120.125.137 () {60 vars in 1048 bytes} [Thu Apr 30 19:15:45 2026] POST /identity/v3/auth/tokens => generated 863 bytes in 77 msecs (HTTP/1.1 201) 6 headers in 363 bytes (1 switches on core 0)
Apr 30 19:15:45 ubuntu devstack@keystone.service[67685]: DEBUG keystone.server.flask.request_processing.req_logging [None req-9baa5201-a50f-4670-bf05-ec8744908158 None None] REQUEST_METHOD: `GET` {{(pid=67685) log_request_info /opt/stack/keystone/keystone/server/flask/request_processing/req_logging.py:26}}
Apr 30 19:15:45 ubuntu devstack@keystone.service[67685]: DEBUG keystone.server.flask.request_processing.req_logging [None req-9baa5201-a50f-4670-bf05-ec8744908158 None None] SCRIPT_NAME: `/identity` {{(pid=67685) log_request_info /opt/stack/keystone/keystone/server/flask/request_processing/req_logging.py:27}}
Apr 30 19:15:45 ubuntu devstack@keystone.service[67685]: DEBUG keystone.server.flask.request_processing.req_logging [None req-9baa5201-a50f-4670-bf05-ec8744908158 None None] PATH_INFO: `/` {{(pid=67685) log_request_info /opt/stack/keystone/keystone/server/flask/request_processing/req_logging.py:28}}
Apr 30 19:15:45 ubuntu devstack@keystone.service[67685]: [pid: 67685|app: 0|req: 13/27] 10.120.125.137 () {56 vars in 951 bytes} [Thu Apr 30 19:15:45 2026] GET /identity => generated 271 bytes in 2 msecs (HTTP/1.1 300) 6 headers in 235 bytes (2 switches on core 0)
Apr 30 19:15:45 ubuntu devstack@keystone.service[67684]: DEBUG keystone.server.flask.request_processing.req_logging [None req-534140e4-8394-44ea-8977-10957e1f2bc5 None None] REQUEST_METHOD: `POST` {{(pid=67684) log_request_info /opt/stack/keystone/keystone/server/flask/request_processing/req_logging.py:26}}
Apr 30 19:15:45 ubuntu devstack@keystone.service[67684]: DEBUG keystone.server.flask.request_processing.req_logging [None req-534140e4-8394-44ea-8977-10957e1f2bc5 None None] SCRIPT_NAME: `/identity` {{(pid=67684) log_request_info /opt/stack/keystone/keystone/server/flask/request_processing/req_logging.py:27}}
Apr 30 19:15:45 ubuntu devstack@keystone.service[67684]: DEBUG keystone.server.flask.request_processing.req_logging [None req-534140e4-8394-44ea-8977-10957e1f2bc5 None None] PATH_INFO: `/v3/auth/tokens` {{(pid=67684) log_request_info /opt/stack/keystone/keystone/server/flask/request_processing/req_logging.py:28}}
Apr 30 19:15:45 ubuntu devstack@keystone.service[67684]: WARNING keystone.common.password_hashing [None req-534140e4-8394-44ea-8977-10957e1f2bc5 None None] Truncating password to algorithm specific maximum length 72 characters.
Apr 30 19:15:45 ubuntu devstack@keystone.service[67684]: DEBUG keystone.auth.core [None req-534140e4-8394-44ea-8977-10957e1f2bc5 None None] MFA Rules not processed for user `5f63968f1f1a409cbddfd06f6edb1875`. Rule list: `[]` (Enabled: `True`). {{(pid=67684) check_auth_methods_against_rules /opt/stack/keystone/keystone/auth/core.py:476}}
Apr 30 19:15:45 ubuntu devstack@keystone.service[67684]: DEBUG keystone.common.fernet_utils [None req-534140e4-8394-44ea-8977-10957e1f2bc5 None None] Loaded 2 Fernet keys from /etc/keystone/fernet-keys/, but `[fernet_tokens] max_active_keys = 3`; perhaps there have not been enough key rotations to reach `max_active_keys` yet? {{(pid=67684) load_keys /opt/stack/keystone/keystone/common/fernet_utils.py:297}}
Apr 30 19:15:45 ubuntu devstack@keystone.service[67684]: [pid: 67684|app: 0|req: 15/28] 10.120.125.137 () {60 vars in 1048 bytes} [Thu Apr 30 19:15:45 2026] POST /identity/v3/auth/tokens => generated 863 bytes in 70 msecs (HTTP/1.1 201) 6 headers in 363 bytes (1 switches on core 0)
Apr 30 19:15:45 ubuntu devstack@keystone.service[67685]: DEBUG keystone.server.flask.request_processing.req_logging [None req-6434fcbc-0554-40ca-9180-b11f012b2cd7 None None] REQUEST_METHOD: `GET` {{(pid=67685) log_request_info /opt/stack/keystone/keystone/server/flask/request_processing/req_logging.py:26}}
Apr 30 19:15:45 ubuntu devstack@keystone.service[67685]: DEBUG keystone.server.flask.request_processing.req_logging [None req-6434fcbc-0554-40ca-9180-b11f012b2cd7 None None] SCRIPT_NAME: `/identity` {{(pid=67685) log_request_info /opt/stack/keystone/keystone/server/flask/request_processing/req_logging.py:27}}
Apr 30 19:15:45 ubuntu devstack@keystone.service[67685]: DEBUG keystone.server.flask.request_processing.req_logging [None req-6434fcbc-0554-40ca-9180-b11f012b2cd7 None None] PATH_INFO: `/` {{(pid=67685) log_request_info /opt/stack/keystone/keystone/server/flask/request_processing/req_logging.py:28}}
Apr 30 19:15:45 ubuntu devstack@keystone.service[67685]: [pid: 67685|app: 0|req: 14/29] 10.120.125.137 () {56 vars in 951 bytes} [Thu Apr 30 19:15:45 2026] GET /identity => generated 271 bytes in 1 msecs (HTTP/1.1 300) 6 headers in 235 bytes (1 switches on core 0)
Apr 30 19:15:45 ubuntu devstack@keystone.service[67684]: DEBUG keystone.server.flask.request_processing.middleware.auth_context [None req-534140e4-8394-44ea-8977-10957e1f2bc5 None None] Authenticating user token {{(pid=67684) process_request /opt/stack/data/venv/lib/python3.12/site-packages/keystonemiddleware/auth_token/__init__.py:407}}
Apr 30 19:15:45 ubuntu devstack@keystone.service[67684]: DEBUG keystone.server.flask.request_processing.middleware.auth_context [None req-534140e4-8394-44ea-8977-10957e1f2bc5 None None] Validating token access rules against request {{(pid=67684) validate_allowed_request /opt/stack/data/venv/lib/python3.12/site-packages/keystonemiddleware/auth_token/__init__.py:545}}
Apr 30 19:15:45 ubuntu devstack@keystone.service[67684]: DEBUG keystone.server.flask.request_processing.middleware.auth_context [None req-2d723a2a-5acd-4bac-8263-239fc5a2916a None admin] RBAC: auth_context: {'token': <TokenModel (audit_id=se-R52WXSUuu6ZaIRo6ZTw, audit_chain_id=['se-R52WXSUuu6ZaIRo6ZTw']) at 0x72ef4cb8bef0>, 'domain_id': None, 'trust_id': None, 'trustor_id': None, 'trustee_id': None, 'domain_name': None, 'group_ids': [], 'user_id': '5f63968f1f1a409cbddfd06f6edb1875', 'user_domain_id': 'default', 'system_scope': 'all', 'project_id': None, 'project_domain_id': None, 'roles': ['admin', 'manager', 'member', 'reader'], 'is_admin_project': True, 'service_user_id': None, 'service_user_domain_id': None, 'service_project_id': None, 'service_project_domain_id': None, 'service_roles': []} {{(pid=67684) fill_context /opt/stack/keystone/keystone/server/flask/request_processing/middleware/auth_context.py:509}}
Apr 30 19:15:45 ubuntu devstack@keystone.service[67684]: DEBUG keystone.server.flask.request_processing.req_logging [None req-2d723a2a-5acd-4bac-8263-239fc5a2916a None admin] REQUEST_METHOD: `GET` {{(pid=67684) log_request_info /opt/stack/keystone/keystone/server/flask/request_processing/req_logging.py:26}}
Apr 30 19:15:45 ubuntu devstack@keystone.service[67684]: DEBUG keystone.server.flask.request_processing.req_logging [None req-2d723a2a-5acd-4bac-8263-239fc5a2916a None admin] SCRIPT_NAME: `/identity` {{(pid=67684) log_request_info /opt/stack/keystone/keystone/server/flask/request_processing/req_logging.py:27}}
Apr 30 19:15:45 ubuntu devstack@keystone.service[67684]: DEBUG keystone.server.flask.request_processing.req_logging [None req-2d723a2a-5acd-4bac-8263-239fc5a2916a None admin] PATH_INFO: `/v3/roles/admin` {{(pid=67684) log_request_info /opt/stack/keystone/keystone/server/flask/request_processing/req_logging.py:28}}
Apr 30 19:15:45 ubuntu devstack@keystone.service[67684]: DEBUG keystone.common.rbac_enforcer.enforcer [None req-2d723a2a-5acd-4bac-8263-239fc5a2916a None admin] Extracting inferred target data resulted in "NOT FOUND (404)". {{(pid=67684) enforce_call /opt/stack/keystone/keystone/common/rbac_enforcer/enforcer.py:445}}
Apr 30 19:15:45 ubuntu devstack@keystone.service[67684]: DEBUG keystone.server.flask.application [None req-2d723a2a-5acd-4bac-8263-239fc5a2916a None admin] Could not find role: admin. {{(pid=67684) _handle_keystone_exception /opt/stack/keystone/keystone/server/flask/application.py:146}}
Apr 30 19:15:45 ubuntu devstack@keystone.service[67684]: [pid: 67684|app: 0|req: 16/30] 10.120.125.137 () {58 vars in 1164 bytes} [Thu Apr 30 19:15:45 2026] GET /identity/v3/roles/admin => generated 83 bytes in 77 msecs (HTTP/1.1 404) 5 headers in 183 bytes (1 switches on core 0)
Apr 30 19:15:45 ubuntu devstack@keystone.service[67685]: DEBUG keystone.server.flask.request_processing.middleware.auth_context [None req-6434fcbc-0554-40ca-9180-b11f012b2cd7 None None] Authenticating user token {{(pid=67685) process_request /opt/stack/data/venv/lib/python3.12/site-packages/keystonemiddleware/auth_token/__init__.py:407}}
Apr 30 19:15:45 ubuntu devstack@keystone.service[67684]: DEBUG keystone.server.flask.request_processing.req_logging [None req-471bb726-3d91-4c5d-92c4-f2f32a715d71 None None] REQUEST_METHOD: `POST` {{(pid=67684) log_request_info /opt/stack/keystone/keystone/server/flask/request_processing/req_logging.py:26}}
Apr 30 19:15:45 ubuntu devstack@keystone.service[67684]: DEBUG keystone.server.flask.request_processing.req_logging [None req-471bb726-3d91-4c5d-92c4-f2f32a715d71 None None] SCRIPT_NAME: `/identity` {{(pid=67684) log_request_info /opt/stack/keystone/keystone/server/flask/request_processing/req_logging.py:27}}
Apr 30 19:15:45 ubuntu devstack@keystone.service[67684]: DEBUG keystone.server.flask.request_processing.req_logging [None req-471bb726-3d91-4c5d-92c4-f2f32a715d71 None None] PATH_INFO: `/v3/auth/tokens` {{(pid=67684) log_request_info /opt/stack/keystone/keystone/server/flask/request_processing/req_logging.py:28}}
Apr 30 19:15:45 ubuntu devstack@keystone.service[67684]: WARNING keystone.common.password_hashing [None req-471bb726-3d91-4c5d-92c4-f2f32a715d71 None None] Truncating password to algorithm specific maximum length 72 characters.
Apr 30 19:15:45 ubuntu devstack@keystone.service[67684]: DEBUG keystone.auth.core [None req-471bb726-3d91-4c5d-92c4-f2f32a715d71 None None] MFA Rules not processed for user `5f63968f1f1a409cbddfd06f6edb1875`. Rule list: `[]` (Enabled: `True`). {{(pid=67684) check_auth_methods_against_rules /opt/stack/keystone/keystone/auth/core.py:476}}
Apr 30 19:15:45 ubuntu devstack@keystone.service[67684]: DEBUG keystone.common.fernet_utils [None req-471bb726-3d91-4c5d-92c4-f2f32a715d71 None None] Loaded 2 Fernet keys from /etc/keystone/fernet-keys/, but `[fernet_tokens] max_active_keys = 3`; perhaps there have not been enough key rotations to reach `max_active_keys` yet? {{(pid=67684) load_keys /opt/stack/keystone/keystone/common/fernet_utils.py:297}}
Apr 30 19:15:45 ubuntu devstack@keystone.service[67685]: DEBUG keystone.server.flask.request_processing.middleware.auth_context [None req-6434fcbc-0554-40ca-9180-b11f012b2cd7 None None] Validating token access rules against request {{(pid=67685) validate_allowed_request /opt/stack/data/venv/lib/python3.12/site-packages/keystonemiddleware/auth_token/__init__.py:545}}
Apr 30 19:15:45 ubuntu devstack@keystone.service[67685]: DEBUG keystone.server.flask.request_processing.middleware.auth_context [None req-c30a7283-3011-447a-acbe-db143bed8309 None admin] RBAC: auth_context: {'token': <TokenModel (audit_id=se-R52WXSUuu6ZaIRo6ZTw, audit_chain_id=['se-R52WXSUuu6ZaIRo6ZTw']) at 0x72ef4cc3b890>, 'domain_id': None, 'trust_id': None, 'trustor_id': None, 'trustee_id': None, 'domain_name': None, 'group_ids': [], 'user_id': '5f63968f1f1a409cbddfd06f6edb1875', 'user_domain_id': 'default', 'system_scope': 'all', 'project_id': None, 'project_domain_id': None, 'roles': ['admin', 'manager', 'member', 'reader'], 'is_admin_project': True, 'service_user_id': None, 'service_user_domain_id': None, 'service_project_id': None, 'service_project_domain_id': None, 'service_roles': []} {{(pid=67685) fill_context /opt/stack/keystone/keystone/server/flask/request_processing/middleware/auth_context.py:509}}
Apr 30 19:15:45 ubuntu devstack@keystone.service[67685]: DEBUG keystone.server.flask.request_processing.req_logging [None req-c30a7283-3011-447a-acbe-db143bed8309 None admin] REQUEST_METHOD: `GET` {{(pid=67685) log_request_info /opt/stack/keystone/keystone/server/flask/request_processing/req_logging.py:26}}
Apr 30 19:15:45 ubuntu devstack@keystone.service[67685]: DEBUG keystone.server.flask.request_processing.req_logging [None req-c30a7283-3011-447a-acbe-db143bed8309 None admin] SCRIPT_NAME: `/identity` {{(pid=67685) log_request_info /opt/stack/keystone/keystone/server/flask/request_processing/req_logging.py:27}}
Apr 30 19:15:45 ubuntu devstack@keystone.service[67685]: DEBUG keystone.server.flask.request_processing.req_logging [None req-c30a7283-3011-447a-acbe-db143bed8309 None admin] PATH_INFO: `/v3/roles` {{(pid=67685) log_request_info /opt/stack/keystone/keystone/server/flask/request_processing/req_logging.py:28}}
Apr 30 19:15:45 ubuntu devstack@keystone.service[67685]: DEBUG keystone.common.rbac_enforcer.enforcer [None req-c30a7283-3011-447a-acbe-db143bed8309 None admin] RBAC: Adding query filter params (name=admin) {{(pid=67685) _extract_filter_values /opt/stack/keystone/keystone/common/rbac_enforcer/enforcer.py:176}}
Apr 30 19:15:45 ubuntu devstack@keystone.service[67685]: DEBUG keystone.common.rbac_enforcer.enforcer [None req-c30a7283-3011-447a-acbe-db143bed8309 None admin] RBAC: Authorizing `identity:list_roles()` {{(pid=67685) enforce_call /opt/stack/keystone/keystone/common/rbac_enforcer/enforcer.py:494}}
Apr 30 19:15:45 ubuntu devstack@keystone.service[67685]: DEBUG keystone.common.rbac_enforcer.enforcer [None req-c30a7283-3011-447a-acbe-db143bed8309 None admin] RBAC: Authorization granted {{(pid=67685) enforce_call /opt/stack/keystone/keystone/common/rbac_enforcer/enforcer.py:505}}
Apr 30 19:15:45 ubuntu devstack@keystone.service[67684]: [pid: 67684|app: 0|req: 17/31] 10.120.125.137 () {60 vars in 1048 bytes} [Thu Apr 30 19:15:45 2026] POST /identity/v3/auth/tokens => generated 863 bytes in 82 msecs (HTTP/1.1 201) 6 headers in 363 bytes (1 switches on core 0)
Apr 30 19:15:45 ubuntu devstack@keystone.service[67685]: [pid: 67685|app: 0|req: 15/32] 10.120.125.137 () {58 vars in 1180 bytes} [Thu Apr 30 19:15:45 2026] GET /identity/v3/roles?name=admin => generated 341 bytes in 109 msecs (HTTP/1.1 200) 5 headers in 177 bytes (1 switches on core 0)
Apr 30 19:15:45 ubuntu devstack@keystone.service[67684]: DEBUG keystone.server.flask.request_processing.req_logging [None req-bd88961d-a354-4f98-99fe-8373621f8130 None None] REQUEST_METHOD: `GET` {{(pid=67684) log_request_info /opt/stack/keystone/keystone/server/flask/request_processing/req_logging.py:26}}
Apr 30 19:15:45 ubuntu devstack@keystone.service[67684]: DEBUG keystone.server.flask.request_processing.req_logging [None req-bd88961d-a354-4f98-99fe-8373621f8130 None None] SCRIPT_NAME: `/identity` {{(pid=67684) log_request_info /opt/stack/keystone/keystone/server/flask/request_processing/req_logging.py:27}}
Apr 30 19:15:45 ubuntu devstack@keystone.service[67684]: DEBUG keystone.server.flask.request_processing.req_logging [None req-bd88961d-a354-4f98-99fe-8373621f8130 None None] PATH_INFO: `/` {{(pid=67684) log_request_info /opt/stack/keystone/keystone/server/flask/request_processing/req_logging.py:28}}
Apr 30 19:15:45 ubuntu devstack@keystone.service[67684]: [pid: 67684|app: 0|req: 18/33] 10.120.125.137 () {56 vars in 951 bytes} [Thu Apr 30 19:15:45 2026] GET /identity => generated 271 bytes in 1 msecs (HTTP/1.1 300) 6 headers in 235 bytes (1 switches on core 0)
Apr 30 19:15:45 ubuntu devstack@keystone.service[67685]: DEBUG keystone.server.flask.request_processing.middleware.auth_context [None req-c30a7283-3011-447a-acbe-db143bed8309 None admin] Authenticating user token {{(pid=67685) process_request /opt/stack/data/venv/lib/python3.12/site-packages/keystonemiddleware/auth_token/__init__.py:407}}
Apr 30 19:15:45 ubuntu devstack@keystone.service[67684]: DEBUG keystone.server.flask.request_processing.middleware.auth_context [None req-bd88961d-a354-4f98-99fe-8373621f8130 None None] Authenticating user token {{(pid=67684) process_request /opt/stack/data/venv/lib/python3.12/site-packages/keystonemiddleware/auth_token/__init__.py:407}}
Apr 30 19:15:45 ubuntu devstack@keystone.service[67685]: DEBUG keystone.server.flask.request_processing.middleware.auth_context [None req-c30a7283-3011-447a-acbe-db143bed8309 None admin] Validating token access rules against request {{(pid=67685) validate_allowed_request /opt/stack/data/venv/lib/python3.12/site-packages/keystonemiddleware/auth_token/__init__.py:545}}
Apr 30 19:15:45 ubuntu devstack@keystone.service[67685]: DEBUG keystone.server.flask.request_processing.middleware.auth_context [None req-95ef57ee-278a-425d-a217-a3d58c0f8e7d None admin] RBAC: auth_context: {'token': <TokenModel (audit_id=se-R52WXSUuu6ZaIRo6ZTw, audit_chain_id=['se-R52WXSUuu6ZaIRo6ZTw']) at 0x72ef4cc3bbf0>, 'domain_id': None, 'trust_id': None, 'trustor_id': None, 'trustee_id': None, 'domain_name': None, 'group_ids': [], 'user_id': '5f63968f1f1a409cbddfd06f6edb1875', 'user_domain_id': 'default', 'system_scope': 'all', 'project_id': None, 'project_domain_id': None, 'roles': ['admin', 'manager', 'member', 'reader'], 'is_admin_project': True, 'service_user_id': None, 'service_user_domain_id': None, 'service_project_id': None, 'service_project_domain_id': None, 'service_roles': []} {{(pid=67685) fill_context /opt/stack/keystone/keystone/server/flask/request_processing/middleware/auth_context.py:509}}
Apr 30 19:15:45 ubuntu devstack@keystone.service[67685]: DEBUG keystone.server.flask.request_processing.req_logging [None req-95ef57ee-278a-425d-a217-a3d58c0f8e7d None admin] REQUEST_METHOD: `GET` {{(pid=67685) log_request_info /opt/stack/keystone/keystone/server/flask/request_processing/req_logging.py:26}}
Apr 30 19:15:45 ubuntu devstack@keystone.service[67685]: DEBUG keystone.server.flask.request_processing.req_logging [None req-95ef57ee-278a-425d-a217-a3d58c0f8e7d None admin] SCRIPT_NAME: `/identity` {{(pid=67685) log_request_info /opt/stack/keystone/keystone/server/flask/request_processing/req_logging.py:27}}
Apr 30 19:15:45 ubuntu devstack@keystone.service[67685]: DEBUG keystone.server.flask.request_processing.req_logging [None req-95ef57ee-278a-425d-a217-a3d58c0f8e7d None admin] PATH_INFO: `/v3/users/5f63968f1f1a409cbddfd06f6edb1875` {{(pid=67685) log_request_info /opt/stack/keystone/keystone/server/flask/request_processing/req_logging.py:28}}
Apr 30 19:15:45 ubuntu devstack@keystone.service[67685]: DEBUG keystone.common.rbac_enforcer.enforcer [None req-95ef57ee-278a-425d-a217-a3d58c0f8e7d None admin] RBAC: Authorizing `identity:get_user(user_id=5f63968f1f1a409cbddfd06f6edb1875)` {{(pid=67685) enforce_call /opt/stack/keystone/keystone/common/rbac_enforcer/enforcer.py:494}}
Apr 30 19:15:45 ubuntu devstack@keystone.service[67685]: DEBUG keystone.common.rbac_enforcer.enforcer [None req-95ef57ee-278a-425d-a217-a3d58c0f8e7d None admin] RBAC: Authorization granted {{(pid=67685) enforce_call /opt/stack/keystone/keystone/common/rbac_enforcer/enforcer.py:505}}
Apr 30 19:15:45 ubuntu devstack@keystone.service[67684]: DEBUG keystone.server.flask.request_processing.middleware.auth_context [None req-bd88961d-a354-4f98-99fe-8373621f8130 None None] Validating token access rules against request {{(pid=67684) validate_allowed_request /opt/stack/data/venv/lib/python3.12/site-packages/keystonemiddleware/auth_token/__init__.py:545}}
Apr 30 19:15:45 ubuntu devstack@keystone.service[67685]: [pid: 67685|app: 0|req: 16/34] 10.120.125.137 () {58 vars in 1245 bytes} [Thu Apr 30 19:15:45 2026] GET /identity/v3/users/5f63968f1f1a409cbddfd06f6edb1875 => generated 248 bytes in 91 msecs (HTTP/1.1 200) 5 headers in 177 bytes (1 switches on core 0)
Apr 30 19:15:45 ubuntu devstack@keystone.service[67685]: DEBUG keystone.server.flask.request_processing.middleware.auth_context [None req-95ef57ee-278a-425d-a217-a3d58c0f8e7d None admin] Authenticating user token {{(pid=67685) process_request /opt/stack/data/venv/lib/python3.12/site-packages/keystonemiddleware/auth_token/__init__.py:407}}
Apr 30 19:15:45 ubuntu devstack@keystone.service[67684]: DEBUG keystone.server.flask.request_processing.middleware.auth_context [None req-c0af4844-ee37-4bcd-a730-bdc0d3098fa1 None admin] RBAC: auth_context: {'token': <TokenModel (audit_id=abmVj6zlReCHDTDhD6KBaw, audit_chain_id=['abmVj6zlReCHDTDhD6KBaw']) at 0x72ef4c94f890>, 'domain_id': None, 'trust_id': None, 'trustor_id': None, 'trustee_id': None, 'domain_name': None, 'group_ids': [], 'user_id': '5f63968f1f1a409cbddfd06f6edb1875', 'user_domain_id': 'default', 'system_scope': 'all', 'project_id': None, 'project_domain_id': None, 'roles': ['admin', 'manager', 'member', 'reader'], 'is_admin_project': True, 'service_user_id': None, 'service_user_domain_id': None, 'service_project_id': None, 'service_project_domain_id': None, 'service_roles': []} {{(pid=67684) fill_context /opt/stack/keystone/keystone/server/flask/request_processing/middleware/auth_context.py:509}}
Apr 30 19:15:45 ubuntu devstack@keystone.service[67684]: DEBUG keystone.server.flask.request_processing.req_logging [None req-c0af4844-ee37-4bcd-a730-bdc0d3098fa1 None admin] REQUEST_METHOD: `POST` {{(pid=67684) log_request_info /opt/stack/keystone/keystone/server/flask/request_processing/req_logging.py:26}}
Apr 30 19:15:45 ubuntu devstack@keystone.service[67684]: DEBUG keystone.server.flask.request_processing.req_logging [None req-c0af4844-ee37-4bcd-a730-bdc0d3098fa1 None admin] SCRIPT_NAME: `/identity` {{(pid=67684) log_request_info /opt/stack/keystone/keystone/server/flask/request_processing/req_logging.py:27}}
Apr 30 19:15:45 ubuntu devstack@keystone.service[67684]: DEBUG keystone.server.flask.request_processing.req_logging [None req-c0af4844-ee37-4bcd-a730-bdc0d3098fa1 None admin] PATH_INFO: `/v3/roles` {{(pid=67684) log_request_info /opt/stack/keystone/keystone/server/flask/request_processing/req_logging.py:28}}
Apr 30 19:15:45 ubuntu devstack@keystone.service[67684]: DEBUG keystone.common.rbac_enforcer.enforcer [None req-c0af4844-ee37-4bcd-a730-bdc0d3098fa1 None admin] RBAC: Authorizing `identity:create_role()` {{(pid=67684) enforce_call /opt/stack/keystone/keystone/common/rbac_enforcer/enforcer.py:494}}
Apr 30 19:15:45 ubuntu devstack@keystone.service[67684]: DEBUG keystone.common.rbac_enforcer.enforcer [None req-c0af4844-ee37-4bcd-a730-bdc0d3098fa1 None admin] RBAC: Authorization granted {{(pid=67684) enforce_call /opt/stack/keystone/keystone/common/rbac_enforcer/enforcer.py:505}}
Apr 30 19:15:45 ubuntu devstack@keystone.service[67684]: DEBUG keystone.common.sql.core [None req-c0af4844-ee37-4bcd-a730-bdc0d3098fa1 None admin] Conflict role: (pymysql.err.IntegrityError) (1062, "Duplicate entry 'service-<<null>>' for key 'role.ixu_role_name_domain_id'")
Apr 30 19:15:45 ubuntu devstack@keystone.service[67684]: [SQL: INSERT INTO `role` (id, name, description, extra) VALUES (%(id)s, %(name)s, %(description)s, %(extra)s)]
Apr 30 19:15:45 ubuntu devstack@keystone.service[67684]: [parameters: {'id': '6eb82e548bab42aab1660a9aeeaa7f79', 'name': 'service', 'description': None, 'extra': '{}'}]
Apr 30 19:15:45 ubuntu devstack@keystone.service[67684]: (Background on this error at: https://sqlalche.me/e/20/gkpj) {{(pid=67684) wrapper /opt/stack/keystone/keystone/common/sql/core.py:580}}
Apr 30 19:15:45 ubuntu devstack@keystone.service[67685]: DEBUG keystone.server.flask.request_processing.middleware.auth_context [None req-95ef57ee-278a-425d-a217-a3d58c0f8e7d None admin] Validating token access rules against request {{(pid=67685) validate_allowed_request /opt/stack/data/venv/lib/python3.12/site-packages/keystonemiddleware/auth_token/__init__.py:545}}
Apr 30 19:15:45 ubuntu devstack@keystone.service[67684]: ERROR keystone.server.flask.application [None req-c0af4844-ee37-4bcd-a730-bdc0d3098fa1 None admin] Conflict occurred attempting to store role - Duplicate entry found with name service.: keystone.exception.Conflict: Conflict occurred attempting to store role - Duplicate entry found with name service.
Apr 30 19:15:45 ubuntu devstack@keystone.service[67684]: ERROR keystone.server.flask.application Traceback (most recent call last):
Apr 30 19:15:45 ubuntu devstack@keystone.service[67684]: ERROR keystone.server.flask.application   File "/opt/stack/data/venv/lib/python3.12/site-packages/sqlalchemy/engine/base.py", line 1967, in _exec_single_context
Apr 30 19:15:45 ubuntu devstack@keystone.service[67684]: ERROR keystone.server.flask.application     self.dialect.do_execute(
Apr 30 19:15:45 ubuntu devstack@keystone.service[67684]: ERROR keystone.server.flask.application   File "/opt/stack/data/venv/lib/python3.12/site-packages/sqlalchemy/engine/default.py", line 952, in do_execute
Apr 30 19:15:45 ubuntu devstack@keystone.service[67684]: ERROR keystone.server.flask.application     cursor.execute(statement, parameters)
Apr 30 19:15:45 ubuntu devstack@keystone.service[67684]: ERROR keystone.server.flask.application   File "/opt/stack/data/venv/lib/python3.12/site-packages/pymysql/cursors.py", line 153, in execute
Apr 30 19:15:45 ubuntu devstack@keystone.service[67684]: ERROR keystone.server.flask.application     result = self._query(query)
Apr 30 19:15:45 ubuntu devstack@keystone.service[67684]: ERROR keystone.server.flask.application              ^^^^^^^^^^^^^^^^^^
Apr 30 19:15:45 ubuntu devstack@keystone.service[67684]: ERROR keystone.server.flask.application   File "/opt/stack/data/venv/lib/python3.12/site-packages/pymysql/cursors.py", line 322, in _query
Apr 30 19:15:45 ubuntu devstack@keystone.service[67684]: ERROR keystone.server.flask.application     conn.query(q)
Apr 30 19:15:45 ubuntu devstack@keystone.service[67684]: ERROR keystone.server.flask.application   File "/opt/stack/data/venv/lib/python3.12/site-packages/pymysql/connections.py", line 575, in query
Apr 30 19:15:45 ubuntu devstack@keystone.service[67684]: ERROR keystone.server.flask.application     self._affected_rows = self._read_query_result(unbuffered=unbuffered)
Apr 30 19:15:45 ubuntu devstack@keystone.service[67684]: ERROR keystone.server.flask.application                           ^^^^^^^^^^^^^^^^^^^^^^^^^^^^^^^^^^^^^^^^^^^^^^
Apr 30 19:15:45 ubuntu devstack@keystone.service[67684]: ERROR keystone.server.flask.application   File "/opt/stack/data/venv/lib/python3.12/site-packages/pymysql/connections.py", line 826, in _read_query_result
Apr 30 19:15:45 ubuntu devstack@keystone.service[67684]: ERROR keystone.server.flask.application     result.read()
Apr 30 19:15:45 ubuntu devstack@keystone.service[67684]: ERROR keystone.server.flask.application   File "/opt/stack/data/venv/lib/python3.12/site-packages/pymysql/connections.py", line 1203, in read
Apr 30 19:15:45 ubuntu devstack@keystone.service[67684]: ERROR keystone.server.flask.application     first_packet = self.connection._read_packet()
Apr 30 19:15:45 ubuntu devstack@keystone.service[67684]: ERROR keystone.server.flask.application                    ^^^^^^^^^^^^^^^^^^^^^^^^^^^^^^
Apr 30 19:15:45 ubuntu devstack@keystone.service[67684]: ERROR keystone.server.flask.application   File "/opt/stack/data/venv/lib/python3.12/site-packages/pymysql/connections.py", line 782, in _read_packet
Apr 30 19:15:45 ubuntu devstack@keystone.service[67684]: ERROR keystone.server.flask.application     packet.raise_for_error()
Apr 30 19:15:45 ubuntu devstack@keystone.service[67684]: ERROR keystone.server.flask.application   File "/opt/stack/data/venv/lib/python3.12/site-packages/pymysql/protocol.py", line 219, in raise_for_error
Apr 30 19:15:45 ubuntu devstack@keystone.service[67684]: ERROR keystone.server.flask.application     err.raise_mysql_exception(self._data)
Apr 30 19:15:45 ubuntu devstack@keystone.service[67684]: ERROR keystone.server.flask.application   File "/opt/stack/data/venv/lib/python3.12/site-packages/pymysql/err.py", line 150, in raise_mysql_exception
Apr 30 19:15:45 ubuntu devstack@keystone.service[67684]: ERROR keystone.server.flask.application     raise errorclass(errno, errval)
Apr 30 19:15:45 ubuntu devstack@keystone.service[67684]: ERROR keystone.server.flask.application pymysql.err.IntegrityError: (1062, "Duplicate entry 'service-<<null>>' for key 'role.ixu_role_name_domain_id'")
Apr 30 19:15:45 ubuntu devstack@keystone.service[67684]: ERROR keystone.server.flask.application 
Apr 30 19:15:45 ubuntu devstack@keystone.service[67684]: ERROR keystone.server.flask.application The above exception was the direct cause of the following exception:
Apr 30 19:15:45 ubuntu devstack@keystone.service[67684]: ERROR keystone.server.flask.application 
Apr 30 19:15:45 ubuntu devstack@keystone.service[67684]: ERROR keystone.server.flask.application Traceback (most recent call last):
Apr 30 19:15:45 ubuntu devstack@keystone.service[67684]: ERROR keystone.server.flask.application   File "/opt/stack/keystone/keystone/common/sql/core.py", line 575, in wrapper
Apr 30 19:15:45 ubuntu devstack@keystone.service[67684]: ERROR keystone.server.flask.application     return method(*args, **kwargs)
Apr 30 19:15:45 ubuntu devstack@keystone.service[67684]: ERROR keystone.server.flask.application            ^^^^^^^^^^^^^^^^^^^^^^^
Apr 30 19:15:45 ubuntu devstack@keystone.service[67684]: ERROR keystone.server.flask.application   File "/opt/stack/keystone/keystone/assignment/role_backends/sql.py", line 25, in create_role
Apr 30 19:15:45 ubuntu devstack@keystone.service[67684]: ERROR keystone.server.flask.application     with sql.session_for_write() as session:
Apr 30 19:15:45 ubuntu devstack@keystone.service[67684]: ERROR keystone.server.flask.application   File "/usr/lib/python3.12/contextlib.py", line 144, in __exit__
Apr 30 19:15:45 ubuntu devstack@keystone.service[67684]: ERROR keystone.server.flask.application     next(self.gen)
Apr 30 19:15:45 ubuntu devstack@keystone.service[67684]: ERROR keystone.server.flask.application   File "/opt/stack/data/venv/lib/python3.12/site-packages/oslo_db/sqlalchemy/enginefacade.py", line 1175, in _transaction_scope
Apr 30 19:15:45 ubuntu devstack@keystone.service[67684]: ERROR keystone.server.flask.application     with current._produce_block(
Apr 30 19:15:45 ubuntu devstack@keystone.service[67684]: ERROR keystone.server.flask.application   File "/usr/lib/python3.12/contextlib.py", line 144, in __exit__
Apr 30 19:15:45 ubuntu devstack@keystone.service[67684]: ERROR keystone.server.flask.application     next(self.gen)
Apr 30 19:15:45 ubuntu devstack@keystone.service[67684]: ERROR keystone.server.flask.application   File "/opt/stack/data/venv/lib/python3.12/site-packages/oslo_db/sqlalchemy/enginefacade.py", line 837, in _session
Apr 30 19:15:45 ubuntu devstack@keystone.service[67684]: ERROR keystone.server.flask.application     with excutils.save_and_reraise_exception():
Apr 30 19:15:45 ubuntu devstack@keystone.service[67684]: ERROR keystone.server.flask.application   File "/opt/stack/data/venv/lib/python3.12/site-packages/oslo_utils/excutils.py", line 271, in __exit__
Apr 30 19:15:45 ubuntu devstack@keystone.service[67684]: ERROR keystone.server.flask.application     self.force_reraise()
Apr 30 19:15:45 ubuntu devstack@keystone.service[67684]: ERROR keystone.server.flask.application   File "/opt/stack/data/venv/lib/python3.12/site-packages/oslo_utils/excutils.py", line 233, in force_reraise
Apr 30 19:15:45 ubuntu devstack@keystone.service[67684]: ERROR keystone.server.flask.application     raise self.value
Apr 30 19:15:45 ubuntu devstack@keystone.service[67684]: ERROR keystone.server.flask.application   File "/opt/stack/data/venv/lib/python3.12/site-packages/oslo_db/sqlalchemy/enginefacade.py", line 835, in _session
Apr 30 19:15:45 ubuntu devstack@keystone.service[67684]: ERROR keystone.server.flask.application     self._end_session_transaction(self.session)
Apr 30 19:15:45 ubuntu devstack@keystone.service[67684]: ERROR keystone.server.flask.application   File "/opt/stack/data/venv/lib/python3.12/site-packages/oslo_db/sqlalchemy/enginefacade.py", line 748, in _end_session_transaction
Apr 30 19:15:45 ubuntu devstack@keystone.service[67684]: ERROR keystone.server.flask.application     session.commit()
Apr 30 19:15:45 ubuntu devstack@keystone.service[67684]: ERROR keystone.server.flask.application   File "/opt/stack/data/venv/lib/python3.12/site-packages/sqlalchemy/orm/session.py", line 2030, in commit
Apr 30 19:15:45 ubuntu devstack@keystone.service[67684]: ERROR keystone.server.flask.application     trans.commit(_to_root=True)
Apr 30 19:15:45 ubuntu devstack@keystone.service[67684]: ERROR keystone.server.flask.application   File "<string>", line 2, in commit
Apr 30 19:15:45 ubuntu devstack@keystone.service[67684]: ERROR keystone.server.flask.application   File "/opt/stack/data/venv/lib/python3.12/site-packages/sqlalchemy/orm/state_changes.py", line 137, in _go
Apr 30 19:15:45 ubuntu devstack@keystone.service[67684]: ERROR keystone.server.flask.application     ret_value = fn(self, *arg, **kw)
Apr 30 19:15:45 ubuntu devstack@keystone.service[67684]: ERROR keystone.server.flask.application                 ^^^^^^^^^^^^^^^^^^^^
Apr 30 19:15:45 ubuntu devstack@keystone.service[67684]: ERROR keystone.server.flask.application   File "/opt/stack/data/venv/lib/python3.12/site-packages/sqlalchemy/orm/session.py", line 1311, in commit
Apr 30 19:15:45 ubuntu devstack@keystone.service[67684]: ERROR keystone.server.flask.application     self._prepare_impl()
Apr 30 19:15:45 ubuntu devstack@keystone.service[67684]: ERROR keystone.server.flask.application   File "<string>", line 2, in _prepare_impl
Apr 30 19:15:45 ubuntu devstack@keystone.service[67684]: ERROR keystone.server.flask.application   File "/opt/stack/data/venv/lib/python3.12/site-packages/sqlalchemy/orm/state_changes.py", line 137, in _go
Apr 30 19:15:45 ubuntu devstack@keystone.service[67684]: ERROR keystone.server.flask.application     ret_value = fn(self, *arg, **kw)
Apr 30 19:15:45 ubuntu devstack@keystone.service[67684]: ERROR keystone.server.flask.application                 ^^^^^^^^^^^^^^^^^^^^
Apr 30 19:15:45 ubuntu devstack@keystone.service[67684]: ERROR keystone.server.flask.application   File "/opt/stack/data/venv/lib/python3.12/site-packages/sqlalchemy/orm/session.py", line 1286, in _prepare_impl
Apr 30 19:15:45 ubuntu devstack@keystone.service[67684]: ERROR keystone.server.flask.application     self.session.flush()
Apr 30 19:15:45 ubuntu devstack@keystone.service[67684]: ERROR keystone.server.flask.application   File "/opt/stack/data/venv/lib/python3.12/site-packages/sqlalchemy/orm/session.py", line 4331, in flush
Apr 30 19:15:45 ubuntu devstack@keystone.service[67684]: ERROR keystone.server.flask.application     self._flush(objects)
Apr 30 19:15:45 ubuntu devstack@keystone.service[67684]: ERROR keystone.server.flask.application   File "/opt/stack/data/venv/lib/python3.12/site-packages/sqlalchemy/orm/session.py", line 4466, in _flush
Apr 30 19:15:45 ubuntu devstack@keystone.service[67684]: ERROR keystone.server.flask.application     with util.safe_reraise():
Apr 30 19:15:45 ubuntu devstack@keystone.service[67684]: ERROR keystone.server.flask.application   File "/opt/stack/data/venv/lib/python3.12/site-packages/sqlalchemy/util/langhelpers.py", line 121, in __exit__
Apr 30 19:15:45 ubuntu devstack@keystone.service[67684]: ERROR keystone.server.flask.application     raise exc_value.with_traceback(exc_tb)
Apr 30 19:15:45 ubuntu devstack@keystone.service[67684]: ERROR keystone.server.flask.application   File "/opt/stack/data/venv/lib/python3.12/site-packages/sqlalchemy/orm/session.py", line 4427, in _flush
Apr 30 19:15:45 ubuntu devstack@keystone.service[67684]: ERROR keystone.server.flask.application     flush_context.execute()
Apr 30 19:15:45 ubuntu devstack@keystone.service[67684]: ERROR keystone.server.flask.application   File "/opt/stack/data/venv/lib/python3.12/site-packages/sqlalchemy/orm/unitofwork.py", line 466, in execute
Apr 30 19:15:45 ubuntu devstack@keystone.service[67684]: ERROR keystone.server.flask.application     rec.execute(self)
Apr 30 19:15:45 ubuntu devstack@keystone.service[67684]: ERROR keystone.server.flask.application   File "/opt/stack/data/venv/lib/python3.12/site-packages/sqlalchemy/orm/unitofwork.py", line 642, in execute
Apr 30 19:15:45 ubuntu devstack@keystone.service[67684]: ERROR keystone.server.flask.application     util.preloaded.orm_persistence.save_obj(
Apr 30 19:15:45 ubuntu devstack@keystone.service[67684]: ERROR keystone.server.flask.application   File "/opt/stack/data/venv/lib/python3.12/site-packages/sqlalchemy/orm/persistence.py", line 93, in save_obj
Apr 30 19:15:45 ubuntu devstack@keystone.service[67684]: ERROR keystone.server.flask.application     _emit_insert_statements(
Apr 30 19:15:45 ubuntu devstack@keystone.service[67684]: ERROR keystone.server.flask.application   File "/opt/stack/data/venv/lib/python3.12/site-packages/sqlalchemy/orm/persistence.py", line 1048, in _emit_insert_statements
Apr 30 19:15:45 ubuntu devstack@keystone.service[67684]: ERROR keystone.server.flask.application     result = connection.execute(
Apr 30 19:15:45 ubuntu devstack@keystone.service[67684]: ERROR keystone.server.flask.application              ^^^^^^^^^^^^^^^^^^^
Apr 30 19:15:45 ubuntu devstack@keystone.service[67684]: ERROR keystone.server.flask.application   File "/opt/stack/data/venv/lib/python3.12/site-packages/sqlalchemy/engine/base.py", line 1419, in execute
Apr 30 19:15:45 ubuntu devstack@keystone.service[67684]: ERROR keystone.server.flask.application     return meth(
Apr 30 19:15:45 ubuntu devstack@keystone.service[67684]: ERROR keystone.server.flask.application            ^^^^^
Apr 30 19:15:45 ubuntu devstack@keystone.service[67684]: ERROR keystone.server.flask.application   File "/opt/stack/data/venv/lib/python3.12/site-packages/sqlalchemy/sql/elements.py", line 527, in _execute_on_connection
Apr 30 19:15:45 ubuntu devstack@keystone.service[67684]: ERROR keystone.server.flask.application     return connection._execute_clauseelement(
