May 13 13:23:41 ubuntu devstack@keystone.service[67708]: DEBUG keystone.server.flask.request_processing.req_logging [None req-e2ab91b2-0ea8-4f18-b2ea-88f826746218 None admin] PATH_INFO: `/v3/domains` {{(pid=67708) log_request_info /opt/stack/keystone/keystone/server/flask/request_processing/req_logging.py:28}}
May 13 13:23:41 ubuntu devstack@keystone.service[67708]: DEBUG keystone.common.rbac_enforcer.enforcer [None req-e2ab91b2-0ea8-4f18-b2ea-88f826746218 None admin] RBAC: Adding query filter params (name=Default) {{(pid=67708) _extract_filter_values /opt/stack/keystone/keystone/common/rbac_enforcer/enforcer.py:176}}
May 13 13:23:41 ubuntu devstack@keystone.service[67708]: DEBUG keystone.common.rbac_enforcer.enforcer [None req-e2ab91b2-0ea8-4f18-b2ea-88f826746218 None admin] RBAC: Authorizing `identity:list_domains()` {{(pid=67708) enforce_call /opt/stack/keystone/keystone/common/rbac_enforcer/enforcer.py:494}}
May 13 13:23:41 ubuntu devstack@keystone.service[67708]: DEBUG keystone.common.rbac_enforcer.enforcer [None req-e2ab91b2-0ea8-4f18-b2ea-88f826746218 None admin] RBAC: Authorization granted {{(pid=67708) enforce_call /opt/stack/keystone/keystone/common/rbac_enforcer/enforcer.py:505}}
May 13 13:23:41 ubuntu devstack@keystone.service[67709]: DEBUG keystone.server.flask.request_processing.middleware.auth_context [None req-79977e45-f99a-4912-9022-27508d8d5f0c None admin] Validating token access rules against request {{(pid=67709) validate_allowed_request /opt/stack/data/venv/lib/python3.12/site-packages/keystonemiddleware/auth_token/__init__.py:545}}
May 13 13:23:41 ubuntu devstack@keystone.service[67708]: [pid: 67708|app: 0|req: 10/21] 10.120.125.143 () {58 vars in 1190 bytes} [Wed May 13 13:23:41 2026] GET /identity/v3/domains?name=Default => generated 310 bytes in 81 msecs (HTTP/1.1 200) 5 headers in 177 bytes (1 switches on core 0)
May 13 13:23:41 ubuntu devstack@keystone.service[67709]: DEBUG keystone.server.flask.request_processing.middleware.auth_context [None req-3f699ffa-e66b-4d39-9d3c-94ad19842b5e None admin] RBAC: auth_context: {'token': <TokenModel (audit_id=E1cHfLQbR_-MAJzahb5WtQ, audit_chain_id=['E1cHfLQbR_-MAJzahb5WtQ']) at 0x77dffb154e30>, 'domain_id': None, 'trust_id': None, 'trustor_id': None, 'trustee_id': None, 'domain_name': None, 'group_ids': [], 'user_id': 'a87f4f48a3b34284b90975cf0ee8e328', 'user_domain_id': 'default', 'system_scope': 'all', 'project_id': None, 'project_domain_id': None, 'roles': ['admin', 'manager', 'member', 'reader'], 'is_admin_project': True, 'service_user_id': None, 'service_user_domain_id': None, 'service_project_id': None, 'service_project_domain_id': None, 'service_roles': []} {{(pid=67709) fill_context /opt/stack/keystone/keystone/server/flask/request_processing/middleware/auth_context.py:509}}
May 13 13:23:41 ubuntu devstack@keystone.service[67709]: DEBUG keystone.server.flask.request_processing.req_logging [None req-3f699ffa-e66b-4d39-9d3c-94ad19842b5e None admin] REQUEST_METHOD: `PUT` {{(pid=67709) log_request_info /opt/stack/keystone/keystone/server/flask/request_processing/req_logging.py:26}}
May 13 13:23:41 ubuntu devstack@keystone.service[67709]: DEBUG keystone.server.flask.request_processing.req_logging [None req-3f699ffa-e66b-4d39-9d3c-94ad19842b5e None admin] SCRIPT_NAME: `/identity` {{(pid=67709) log_request_info /opt/stack/keystone/keystone/server/flask/request_processing/req_logging.py:27}}
May 13 13:23:41 ubuntu devstack@keystone.service[67709]: DEBUG keystone.server.flask.request_processing.req_logging [None req-3f699ffa-e66b-4d39-9d3c-94ad19842b5e None admin] PATH_INFO: `/v3/domains/default/users/a87f4f48a3b34284b90975cf0ee8e328/roles/8f0a551d9e974680a8248ac3d5bf0dec` {{(pid=67709) log_request_info /opt/stack/keystone/keystone/server/flask/request_processing/req_logging.py:28}}
May 13 13:23:41 ubuntu devstack@keystone.service[67709]: DEBUG keystone.common.rbac_enforcer.enforcer [None req-3f699ffa-e66b-4d39-9d3c-94ad19842b5e None admin] RBAC: Authorizing `identity:create_grant(domain_id=default, user_id=a87f4f48a3b34284b90975cf0ee8e328, role_id=8f0a551d9e974680a8248ac3d5bf0dec)` {{(pid=67709) enforce_call /opt/stack/keystone/keystone/common/rbac_enforcer/enforcer.py:494}}
May 13 13:23:41 ubuntu devstack@keystone.service[67709]: DEBUG keystone.common.rbac_enforcer.enforcer [None req-3f699ffa-e66b-4d39-9d3c-94ad19842b5e None admin] RBAC: Authorization granted {{(pid=67709) enforce_call /opt/stack/keystone/keystone/common/rbac_enforcer/enforcer.py:505}}
May 13 13:23:41 ubuntu devstack@keystone.service[67709]: [pid: 67709|app: 0|req: 12/22] 10.120.125.143 () {60 vars in 1429 bytes} [Wed May 13 13:23:41 2026] PUT /identity/v3/domains/default/users/a87f4f48a3b34284b90975cf0ee8e328/roles/8f0a551d9e974680a8248ac3d5bf0dec => generated 0 bytes in 144 msecs (HTTP/1.1 204) 3 headers in 132 bytes (1 switches on core 0)
May 13 13:23:43 ubuntu devstack@keystone.service[67708]: DEBUG keystone.server.flask.request_processing.req_logging [None req-4708150b-d608-4e8c-86e3-f9ac02319a95 None None] REQUEST_METHOD: `GET` {{(pid=67708) log_request_info /opt/stack/keystone/keystone/server/flask/request_processing/req_logging.py:26}}
May 13 13:23:43 ubuntu devstack@keystone.service[67708]: DEBUG keystone.server.flask.request_processing.req_logging [None req-4708150b-d608-4e8c-86e3-f9ac02319a95 None None] SCRIPT_NAME: `/identity` {{(pid=67708) log_request_info /opt/stack/keystone/keystone/server/flask/request_processing/req_logging.py:27}}
May 13 13:23:43 ubuntu devstack@keystone.service[67708]: DEBUG keystone.server.flask.request_processing.req_logging [None req-4708150b-d608-4e8c-86e3-f9ac02319a95 None None] PATH_INFO: `/` {{(pid=67708) log_request_info /opt/stack/keystone/keystone/server/flask/request_processing/req_logging.py:28}}
May 13 13:23:43 ubuntu devstack@keystone.service[67708]: [pid: 67708|app: 0|req: 11/23] 10.120.125.143 () {56 vars in 950 bytes} [Wed May 13 13:23:43 2026] GET /identity => generated 271 bytes in 23 msecs (HTTP/1.1 300) 6 headers in 235 bytes (1 switches on core 0)
May 13 13:23:43 ubuntu devstack@keystone.service[67709]: DEBUG keystone.server.flask.request_processing.req_logging [None req-e2a203a1-cc55-4041-a311-96b79bf954b4 None None] REQUEST_METHOD: `POST` {{(pid=67709) log_request_info /opt/stack/keystone/keystone/server/flask/request_processing/req_logging.py:26}}
May 13 13:23:43 ubuntu devstack@keystone.service[67709]: DEBUG keystone.server.flask.request_processing.req_logging [None req-e2a203a1-cc55-4041-a311-96b79bf954b4 None None] SCRIPT_NAME: `/identity` {{(pid=67709) log_request_info /opt/stack/keystone/keystone/server/flask/request_processing/req_logging.py:27}}
May 13 13:23:43 ubuntu devstack@keystone.service[67709]: DEBUG keystone.server.flask.request_processing.req_logging [None req-e2a203a1-cc55-4041-a311-96b79bf954b4 None None] PATH_INFO: `/v3/auth/tokens` {{(pid=67709) log_request_info /opt/stack/keystone/keystone/server/flask/request_processing/req_logging.py:28}}
May 13 13:23:43 ubuntu devstack@keystone.service[67709]: WARNING keystone.common.password_hashing [None req-e2a203a1-cc55-4041-a311-96b79bf954b4 None None] Truncating password to algorithm specific maximum length 72 characters.
May 13 13:23:43 ubuntu devstack@keystone.service[67709]: DEBUG keystone.auth.core [None req-e2a203a1-cc55-4041-a311-96b79bf954b4 None None] MFA Rules not processed for user `a87f4f48a3b34284b90975cf0ee8e328`. Rule list: `[]` (Enabled: `True`). {{(pid=67709) check_auth_methods_against_rules /opt/stack/keystone/keystone/auth/core.py:476}}
May 13 13:23:43 ubuntu devstack@keystone.service[67709]: DEBUG keystone.common.fernet_utils [None req-e2a203a1-cc55-4041-a311-96b79bf954b4 None None] Loaded 2 Fernet keys from /etc/keystone/fernet-keys/, but `[fernet_tokens] max_active_keys = 3`; perhaps there have not been enough key rotations to reach `max_active_keys` yet? {{(pid=67709) load_keys /opt/stack/keystone/keystone/common/fernet_utils.py:297}}
May 13 13:23:43 ubuntu devstack@keystone.service[67709]: [pid: 67709|app: 0|req: 13/24] 10.120.125.143 () {60 vars in 1048 bytes} [Wed May 13 13:23:43 2026] POST /identity/v3/auth/tokens => generated 863 bytes in 76 msecs (HTTP/1.1 201) 6 headers in 363 bytes (1 switches on core 0)
May 13 13:23:43 ubuntu devstack@keystone.service[67708]: DEBUG keystone.server.flask.request_processing.req_logging [None req-c5a0c539-281a-4314-9209-4d42c7f9256c None None] REQUEST_METHOD: `GET` {{(pid=67708) log_request_info /opt/stack/keystone/keystone/server/flask/request_processing/req_logging.py:26}}
May 13 13:23:43 ubuntu devstack@keystone.service[67708]: DEBUG keystone.server.flask.request_processing.req_logging [None req-c5a0c539-281a-4314-9209-4d42c7f9256c None None] SCRIPT_NAME: `/identity` {{(pid=67708) log_request_info /opt/stack/keystone/keystone/server/flask/request_processing/req_logging.py:27}}
May 13 13:23:43 ubuntu devstack@keystone.service[67708]: DEBUG keystone.server.flask.request_processing.req_logging [None req-c5a0c539-281a-4314-9209-4d42c7f9256c None None] PATH_INFO: `/` {{(pid=67708) log_request_info /opt/stack/keystone/keystone/server/flask/request_processing/req_logging.py:28}}
May 13 13:23:43 ubuntu devstack@keystone.service[67708]: [pid: 67708|app: 0|req: 12/25] 10.120.125.143 () {56 vars in 951 bytes} [Wed May 13 13:23:43 2026] GET /identity => generated 271 bytes in 1 msecs (HTTP/1.1 300) 6 headers in 235 bytes (1 switches on core 0)
May 13 13:23:43 ubuntu devstack@keystone.service[67709]: DEBUG keystone.server.flask.request_processing.req_logging [None req-8a5de67d-8c02-4f6e-854b-c35dd0c0f117 None None] REQUEST_METHOD: `GET` {{(pid=67709) log_request_info /opt/stack/keystone/keystone/server/flask/request_processing/req_logging.py:26}}
May 13 13:23:43 ubuntu devstack@keystone.service[67709]: DEBUG keystone.server.flask.request_processing.req_logging [None req-8a5de67d-8c02-4f6e-854b-c35dd0c0f117 None None] SCRIPT_NAME: `/identity` {{(pid=67709) log_request_info /opt/stack/keystone/keystone/server/flask/request_processing/req_logging.py:27}}
May 13 13:23:43 ubuntu devstack@keystone.service[67709]: DEBUG keystone.server.flask.request_processing.req_logging [None req-8a5de67d-8c02-4f6e-854b-c35dd0c0f117 None None] PATH_INFO: `/` {{(pid=67709) log_request_info /opt/stack/keystone/keystone/server/flask/request_processing/req_logging.py:28}}
May 13 13:23:43 ubuntu devstack@keystone.service[67709]: [pid: 67709|app: 0|req: 14/26] 10.120.125.143 () {56 vars in 951 bytes} [Wed May 13 13:23:43 2026] GET /identity => generated 271 bytes in 2 msecs (HTTP/1.1 300) 6 headers in 235 bytes (1 switches on core 0)
May 13 13:23:43 ubuntu devstack@keystone.service[67708]: DEBUG keystone.server.flask.request_processing.req_logging [None req-acad4cd1-0737-43ae-84a6-47602f22c743 None None] REQUEST_METHOD: `POST` {{(pid=67708) log_request_info /opt/stack/keystone/keystone/server/flask/request_processing/req_logging.py:26}}
May 13 13:23:43 ubuntu devstack@keystone.service[67708]: DEBUG keystone.server.flask.request_processing.req_logging [None req-acad4cd1-0737-43ae-84a6-47602f22c743 None None] SCRIPT_NAME: `/identity` {{(pid=67708) log_request_info /opt/stack/keystone/keystone/server/flask/request_processing/req_logging.py:27}}
May 13 13:23:43 ubuntu devstack@keystone.service[67708]: DEBUG keystone.server.flask.request_processing.req_logging [None req-acad4cd1-0737-43ae-84a6-47602f22c743 None None] PATH_INFO: `/v3/auth/tokens` {{(pid=67708) log_request_info /opt/stack/keystone/keystone/server/flask/request_processing/req_logging.py:28}}
May 13 13:23:43 ubuntu devstack@keystone.service[67708]: WARNING keystone.common.password_hashing [None req-acad4cd1-0737-43ae-84a6-47602f22c743 None None] Truncating password to algorithm specific maximum length 72 characters.
May 13 13:23:43 ubuntu devstack@keystone.service[67708]: DEBUG keystone.auth.core [None req-acad4cd1-0737-43ae-84a6-47602f22c743 None None] MFA Rules not processed for user `a87f4f48a3b34284b90975cf0ee8e328`. Rule list: `[]` (Enabled: `True`). {{(pid=67708) check_auth_methods_against_rules /opt/stack/keystone/keystone/auth/core.py:476}}
May 13 13:23:43 ubuntu devstack@keystone.service[67708]: DEBUG keystone.common.fernet_utils [None req-acad4cd1-0737-43ae-84a6-47602f22c743 None None] Loaded 2 Fernet keys from /etc/keystone/fernet-keys/, but `[fernet_tokens] max_active_keys = 3`; perhaps there have not been enough key rotations to reach `max_active_keys` yet? {{(pid=67708) load_keys /opt/stack/keystone/keystone/common/fernet_utils.py:297}}
May 13 13:23:43 ubuntu devstack@keystone.service[67708]: [pid: 67708|app: 0|req: 13/27] 10.120.125.143 () {60 vars in 1048 bytes} [Wed May 13 13:23:43 2026] POST /identity/v3/auth/tokens => generated 863 bytes in 64 msecs (HTTP/1.1 201) 6 headers in 363 bytes (1 switches on core 0)
May 13 13:23:43 ubuntu devstack@keystone.service[67709]: DEBUG keystone.server.flask.request_processing.req_logging [None req-a83a11d1-35be-47e6-9e3e-d9e1c7dff211 None None] REQUEST_METHOD: `GET` {{(pid=67709) log_request_info /opt/stack/keystone/keystone/server/flask/request_processing/req_logging.py:26}}
May 13 13:23:43 ubuntu devstack@keystone.service[67709]: DEBUG keystone.server.flask.request_processing.req_logging [None req-a83a11d1-35be-47e6-9e3e-d9e1c7dff211 None None] SCRIPT_NAME: `/identity` {{(pid=67709) log_request_info /opt/stack/keystone/keystone/server/flask/request_processing/req_logging.py:27}}
May 13 13:23:43 ubuntu devstack@keystone.service[67709]: DEBUG keystone.server.flask.request_processing.req_logging [None req-a83a11d1-35be-47e6-9e3e-d9e1c7dff211 None None] PATH_INFO: `/` {{(pid=67709) log_request_info /opt/stack/keystone/keystone/server/flask/request_processing/req_logging.py:28}}
May 13 13:23:43 ubuntu devstack@keystone.service[67709]: [pid: 67709|app: 0|req: 15/28] 10.120.125.143 () {56 vars in 951 bytes} [Wed May 13 13:23:43 2026] GET /identity => generated 271 bytes in 4 msecs (HTTP/1.1 300) 6 headers in 235 bytes (1 switches on core 0)
May 13 13:23:43 ubuntu devstack@keystone.service[67708]: DEBUG keystone.server.flask.request_processing.req_logging [None req-11e92dce-3faf-4ffd-80a5-5e8dbd05d80e None None] REQUEST_METHOD: `POST` {{(pid=67708) log_request_info /opt/stack/keystone/keystone/server/flask/request_processing/req_logging.py:26}}
May 13 13:23:43 ubuntu devstack@keystone.service[67708]: DEBUG keystone.server.flask.request_processing.req_logging [None req-11e92dce-3faf-4ffd-80a5-5e8dbd05d80e None None] SCRIPT_NAME: `/identity` {{(pid=67708) log_request_info /opt/stack/keystone/keystone/server/flask/request_processing/req_logging.py:27}}
May 13 13:23:43 ubuntu devstack@keystone.service[67708]: DEBUG keystone.server.flask.request_processing.req_logging [None req-11e92dce-3faf-4ffd-80a5-5e8dbd05d80e None None] PATH_INFO: `/v3/auth/tokens` {{(pid=67708) log_request_info /opt/stack/keystone/keystone/server/flask/request_processing/req_logging.py:28}}
May 13 13:23:43 ubuntu devstack@keystone.service[67708]: WARNING keystone.common.password_hashing [None req-11e92dce-3faf-4ffd-80a5-5e8dbd05d80e None None] Truncating password to algorithm specific maximum length 72 characters.
May 13 13:23:43 ubuntu devstack@keystone.service[67708]: DEBUG keystone.auth.core [None req-11e92dce-3faf-4ffd-80a5-5e8dbd05d80e None None] MFA Rules not processed for user `a87f4f48a3b34284b90975cf0ee8e328`. Rule list: `[]` (Enabled: `True`). {{(pid=67708) check_auth_methods_against_rules /opt/stack/keystone/keystone/auth/core.py:476}}
May 13 13:23:43 ubuntu devstack@keystone.service[67708]: DEBUG keystone.common.fernet_utils [None req-11e92dce-3faf-4ffd-80a5-5e8dbd05d80e None None] Loaded 2 Fernet keys from /etc/keystone/fernet-keys/, but `[fernet_tokens] max_active_keys = 3`; perhaps there have not been enough key rotations to reach `max_active_keys` yet? {{(pid=67708) load_keys /opt/stack/keystone/keystone/common/fernet_utils.py:297}}
May 13 13:23:44 ubuntu devstack@keystone.service[67708]: [pid: 67708|app: 0|req: 14/29] 10.120.125.143 () {60 vars in 1048 bytes} [Wed May 13 13:23:43 2026] POST /identity/v3/auth/tokens => generated 863 bytes in 62 msecs (HTTP/1.1 201) 6 headers in 363 bytes (2 switches on core 0)
May 13 13:23:44 ubuntu devstack@keystone.service[67709]: DEBUG keystone.server.flask.request_processing.req_logging [None req-56a6fd16-832f-4822-8bf4-1e9162ce62b0 None None] REQUEST_METHOD: `GET` {{(pid=67709) log_request_info /opt/stack/keystone/keystone/server/flask/request_processing/req_logging.py:26}}
May 13 13:23:44 ubuntu devstack@keystone.service[67709]: DEBUG keystone.server.flask.request_processing.req_logging [None req-56a6fd16-832f-4822-8bf4-1e9162ce62b0 None None] SCRIPT_NAME: `/identity` {{(pid=67709) log_request_info /opt/stack/keystone/keystone/server/flask/request_processing/req_logging.py:27}}
May 13 13:23:44 ubuntu devstack@keystone.service[67709]: DEBUG keystone.server.flask.request_processing.req_logging [None req-56a6fd16-832f-4822-8bf4-1e9162ce62b0 None None] PATH_INFO: `/` {{(pid=67709) log_request_info /opt/stack/keystone/keystone/server/flask/request_processing/req_logging.py:28}}
May 13 13:23:44 ubuntu devstack@keystone.service[67709]: [pid: 67709|app: 0|req: 16/30] 10.120.125.143 () {56 vars in 951 bytes} [Wed May 13 13:23:44 2026] GET /identity => generated 271 bytes in 1 msecs (HTTP/1.1 300) 6 headers in 235 bytes (1 switches on core 0)
May 13 13:23:44 ubuntu devstack@keystone.service[67708]: DEBUG keystone.server.flask.request_processing.req_logging [None req-f2fd5a9f-efdb-410c-ac62-29f22b5122a9 None None] REQUEST_METHOD: `POST` {{(pid=67708) log_request_info /opt/stack/keystone/keystone/server/flask/request_processing/req_logging.py:26}}
May 13 13:23:44 ubuntu devstack@keystone.service[67708]: DEBUG keystone.server.flask.request_processing.req_logging [None req-f2fd5a9f-efdb-410c-ac62-29f22b5122a9 None None] SCRIPT_NAME: `/identity` {{(pid=67708) log_request_info /opt/stack/keystone/keystone/server/flask/request_processing/req_logging.py:27}}
May 13 13:23:44 ubuntu devstack@keystone.service[67708]: DEBUG keystone.server.flask.request_processing.req_logging [None req-f2fd5a9f-efdb-410c-ac62-29f22b5122a9 None None] PATH_INFO: `/v3/auth/tokens` {{(pid=67708) log_request_info /opt/stack/keystone/keystone/server/flask/request_processing/req_logging.py:28}}
May 13 13:23:44 ubuntu devstack@keystone.service[67708]: WARNING keystone.common.password_hashing [None req-f2fd5a9f-efdb-410c-ac62-29f22b5122a9 None None] Truncating password to algorithm specific maximum length 72 characters.
May 13 13:23:44 ubuntu devstack@keystone.service[67709]: DEBUG keystone.server.flask.request_processing.middleware.auth_context [None req-56a6fd16-832f-4822-8bf4-1e9162ce62b0 None None] Authenticating user token {{(pid=67709) process_request /opt/stack/data/venv/lib/python3.12/site-packages/keystonemiddleware/auth_token/__init__.py:407}}
May 13 13:23:44 ubuntu devstack@keystone.service[67708]: DEBUG keystone.auth.core [None req-f2fd5a9f-efdb-410c-ac62-29f22b5122a9 None None] MFA Rules not processed for user `a87f4f48a3b34284b90975cf0ee8e328`. Rule list: `[]` (Enabled: `True`). {{(pid=67708) check_auth_methods_against_rules /opt/stack/keystone/keystone/auth/core.py:476}}
May 13 13:23:44 ubuntu devstack@keystone.service[67708]: DEBUG keystone.common.fernet_utils [None req-f2fd5a9f-efdb-410c-ac62-29f22b5122a9 None None] Loaded 2 Fernet keys from /etc/keystone/fernet-keys/, but `[fernet_tokens] max_active_keys = 3`; perhaps there have not been enough key rotations to reach `max_active_keys` yet? {{(pid=67708) load_keys /opt/stack/keystone/keystone/common/fernet_utils.py:297}}
May 13 13:23:44 ubuntu devstack@keystone.service[67708]: [pid: 67708|app: 0|req: 15/31] 10.120.125.143 () {60 vars in 1048 bytes} [Wed May 13 13:23:44 2026] POST /identity/v3/auth/tokens => generated 863 bytes in 94 msecs (HTTP/1.1 201) 6 headers in 363 bytes (1 switches on core 0)
May 13 13:23:44 ubuntu devstack@keystone.service[67709]: DEBUG keystone.server.flask.request_processing.middleware.auth_context [None req-56a6fd16-832f-4822-8bf4-1e9162ce62b0 None None] Validating token access rules against request {{(pid=67709) validate_allowed_request /opt/stack/data/venv/lib/python3.12/site-packages/keystonemiddleware/auth_token/__init__.py:545}}
May 13 13:23:44 ubuntu devstack@keystone.service[67708]: DEBUG keystone.server.flask.request_processing.req_logging [None req-8fb30064-084a-410c-a300-6f162bb3a3d7 None None] REQUEST_METHOD: `POST` {{(pid=67708) log_request_info /opt/stack/keystone/keystone/server/flask/request_processing/req_logging.py:26}}
May 13 13:23:44 ubuntu devstack@keystone.service[67708]: DEBUG keystone.server.flask.request_processing.req_logging [None req-8fb30064-084a-410c-a300-6f162bb3a3d7 None None] SCRIPT_NAME: `/identity` {{(pid=67708) log_request_info /opt/stack/keystone/keystone/server/flask/request_processing/req_logging.py:27}}
May 13 13:23:44 ubuntu devstack@keystone.service[67708]: DEBUG keystone.server.flask.request_processing.req_logging [None req-8fb30064-084a-410c-a300-6f162bb3a3d7 None None] PATH_INFO: `/v3/auth/tokens` {{(pid=67708) log_request_info /opt/stack/keystone/keystone/server/flask/request_processing/req_logging.py:28}}
May 13 13:23:44 ubuntu devstack@keystone.service[67708]: WARNING keystone.common.password_hashing [None req-8fb30064-084a-410c-a300-6f162bb3a3d7 None None] Truncating password to algorithm specific maximum length 72 characters.
May 13 13:23:44 ubuntu devstack@keystone.service[67709]: DEBUG keystone.server.flask.request_processing.middleware.auth_context [None req-787b16f9-8c87-4170-ac4a-2dbfe735f34b None admin] RBAC: auth_context: {'token': <TokenModel (audit_id=Z5qA3NEcRXSturfY4dVZqQ, audit_chain_id=['Z5qA3NEcRXSturfY4dVZqQ']) at 0x77dffaea7dd0>, 'domain_id': None, 'trust_id': None, 'trustor_id': None, 'trustee_id': None, 'domain_name': None, 'group_ids': [], 'user_id': 'a87f4f48a3b34284b90975cf0ee8e328', 'user_domain_id': 'default', 'system_scope': 'all', 'project_id': None, 'project_domain_id': None, 'roles': ['admin', 'manager', 'member', 'reader'], 'is_admin_project': True, 'service_user_id': None, 'service_user_domain_id': None, 'service_project_id': None, 'service_project_domain_id': None, 'service_roles': []} {{(pid=67709) fill_context /opt/stack/keystone/keystone/server/flask/request_processing/middleware/auth_context.py:509}}
May 13 13:23:44 ubuntu devstack@keystone.service[67709]: DEBUG keystone.server.flask.request_processing.req_logging [None req-787b16f9-8c87-4170-ac4a-2dbfe735f34b None admin] REQUEST_METHOD: `GET` {{(pid=67709) log_request_info /opt/stack/keystone/keystone/server/flask/request_processing/req_logging.py:26}}
May 13 13:23:44 ubuntu devstack@keystone.service[67709]: DEBUG keystone.server.flask.request_processing.req_logging [None req-787b16f9-8c87-4170-ac4a-2dbfe735f34b None admin] SCRIPT_NAME: `/identity` {{(pid=67709) log_request_info /opt/stack/keystone/keystone/server/flask/request_processing/req_logging.py:27}}
May 13 13:23:44 ubuntu devstack@keystone.service[67709]: DEBUG keystone.server.flask.request_processing.req_logging [None req-787b16f9-8c87-4170-ac4a-2dbfe735f34b None admin] PATH_INFO: `/v3/domains/Default` {{(pid=67709) log_request_info /opt/stack/keystone/keystone/server/flask/request_processing/req_logging.py:28}}
May 13 13:23:44 ubuntu devstack@keystone.service[67708]: DEBUG keystone.auth.core [None req-8fb30064-084a-410c-a300-6f162bb3a3d7 None None] MFA Rules not processed for user `a87f4f48a3b34284b90975cf0ee8e328`. Rule list: `[]` (Enabled: `True`). {{(pid=67708) check_auth_methods_against_rules /opt/stack/keystone/keystone/auth/core.py:476}}
May 13 13:23:44 ubuntu devstack@keystone.service[67708]: DEBUG keystone.common.fernet_utils [None req-8fb30064-084a-410c-a300-6f162bb3a3d7 None None] Loaded 2 Fernet keys from /etc/keystone/fernet-keys/, but `[fernet_tokens] max_active_keys = 3`; perhaps there have not been enough key rotations to reach `max_active_keys` yet? {{(pid=67708) load_keys /opt/stack/keystone/keystone/common/fernet_utils.py:297}}
May 13 13:23:44 ubuntu devstack@keystone.service[67709]: DEBUG keystone.common.rbac_enforcer.enforcer [None req-787b16f9-8c87-4170-ac4a-2dbfe735f34b None admin] RBAC: Authorizing `identity:get_domain(domain_id=Default)` {{(pid=67709) enforce_call /opt/stack/keystone/keystone/common/rbac_enforcer/enforcer.py:494}}
May 13 13:23:44 ubuntu devstack@keystone.service[67709]: DEBUG keystone.common.rbac_enforcer.enforcer [None req-787b16f9-8c87-4170-ac4a-2dbfe735f34b None admin] RBAC: Authorization granted {{(pid=67709) enforce_call /opt/stack/keystone/keystone/common/rbac_enforcer/enforcer.py:505}}
May 13 13:23:44 ubuntu devstack@keystone.service[67709]: DEBUG keystone.server.flask.application [None req-787b16f9-8c87-4170-ac4a-2dbfe735f34b None admin] Could not find domain: Default. {{(pid=67709) _handle_keystone_exception /opt/stack/keystone/keystone/server/flask/application.py:146}}
May 13 13:23:44 ubuntu devstack@keystone.service[67709]: [pid: 67709|app: 0|req: 17/32] 10.120.125.143 () {58 vars in 1176 bytes} [Wed May 13 13:23:44 2026] GET /identity/v3/domains/Default => generated 87 bytes in 133 msecs (HTTP/1.1 404) 5 headers in 183 bytes (1 switches on core 0)
May 13 13:23:44 ubuntu devstack@keystone.service[67709]: DEBUG keystone.server.flask.request_processing.req_logging [None req-2011b81f-a0df-4ddf-920d-17efd2921921 None None] REQUEST_METHOD: `GET` {{(pid=67709) log_request_info /opt/stack/keystone/keystone/server/flask/request_processing/req_logging.py:26}}
May 13 13:23:44 ubuntu devstack@keystone.service[67709]: DEBUG keystone.server.flask.request_processing.req_logging [None req-2011b81f-a0df-4ddf-920d-17efd2921921 None None] SCRIPT_NAME: `/identity` {{(pid=67709) log_request_info /opt/stack/keystone/keystone/server/flask/request_processing/req_logging.py:27}}
May 13 13:23:44 ubuntu devstack@keystone.service[67709]: DEBUG keystone.server.flask.request_processing.req_logging [None req-2011b81f-a0df-4ddf-920d-17efd2921921 None None] PATH_INFO: `/` {{(pid=67709) log_request_info /opt/stack/keystone/keystone/server/flask/request_processing/req_logging.py:28}}
May 13 13:23:44 ubuntu devstack@keystone.service[67709]: [pid: 67709|app: 0|req: 18/33] 10.120.125.143 () {56 vars in 951 bytes} [Wed May 13 13:23:44 2026] GET /identity => generated 271 bytes in 5 msecs (HTTP/1.1 300) 6 headers in 235 bytes (1 switches on core 0)
May 13 13:23:44 ubuntu devstack@keystone.service[67708]: [pid: 67708|app: 0|req: 16/34] 10.120.125.143 () {60 vars in 1048 bytes} [Wed May 13 13:23:44 2026] POST /identity/v3/auth/tokens => generated 863 bytes in 71 msecs (HTTP/1.1 201) 6 headers in 363 bytes (1 switches on core 0)
May 13 13:23:44 ubuntu devstack@keystone.service[67709]: DEBUG keystone.server.flask.request_processing.middleware.auth_context [None req-2011b81f-a0df-4ddf-920d-17efd2921921 None None] Authenticating user token {{(pid=67709) process_request /opt/stack/data/venv/lib/python3.12/site-packages/keystonemiddleware/auth_token/__init__.py:407}}
May 13 13:23:44 ubuntu devstack@keystone.service[67709]: DEBUG keystone.server.flask.request_processing.middleware.auth_context [None req-2011b81f-a0df-4ddf-920d-17efd2921921 None None] Validating token access rules against request {{(pid=67709) validate_allowed_request /opt/stack/data/venv/lib/python3.12/site-packages/keystonemiddleware/auth_token/__init__.py:545}}
May 13 13:23:44 ubuntu devstack@keystone.service[67709]: DEBUG keystone.server.flask.request_processing.middleware.auth_context [None req-bb27e533-84a1-4b61-a5ee-6c6874c495e7 None admin] RBAC: auth_context: {'token': <TokenModel (audit_id=Z5qA3NEcRXSturfY4dVZqQ, audit_chain_id=['Z5qA3NEcRXSturfY4dVZqQ']) at 0x77dffaee5850>, 'domain_id': None, 'trust_id': None, 'trustor_id': None, 'trustee_id': None, 'domain_name': None, 'group_ids': [], 'user_id': 'a87f4f48a3b34284b90975cf0ee8e328', 'user_domain_id': 'default', 'system_scope': 'all', 'project_id': None, 'project_domain_id': None, 'roles': ['admin', 'manager', 'member', 'reader'], 'is_admin_project': True, 'service_user_id': None, 'service_user_domain_id': None, 'service_project_id': None, 'service_project_domain_id': None, 'service_roles': []} {{(pid=67709) fill_context /opt/stack/keystone/keystone/server/flask/request_processing/middleware/auth_context.py:509}}
May 13 13:23:44 ubuntu devstack@keystone.service[67709]: DEBUG keystone.server.flask.request_processing.req_logging [None req-bb27e533-84a1-4b61-a5ee-6c6874c495e7 None admin] REQUEST_METHOD: `GET` {{(pid=67709) log_request_info /opt/stack/keystone/keystone/server/flask/request_processing/req_logging.py:26}}
May 13 13:23:44 ubuntu devstack@keystone.service[67709]: DEBUG keystone.server.flask.request_processing.req_logging [None req-bb27e533-84a1-4b61-a5ee-6c6874c495e7 None admin] SCRIPT_NAME: `/identity` {{(pid=67709) log_request_info /opt/stack/keystone/keystone/server/flask/request_processing/req_logging.py:27}}
May 13 13:23:44 ubuntu devstack@keystone.service[67709]: DEBUG keystone.server.flask.request_processing.req_logging [None req-bb27e533-84a1-4b61-a5ee-6c6874c495e7 None admin] PATH_INFO: `/v3/domains` {{(pid=67709) log_request_info /opt/stack/keystone/keystone/server/flask/request_processing/req_logging.py:28}}
May 13 13:23:44 ubuntu devstack@keystone.service[67709]: DEBUG keystone.common.rbac_enforcer.enforcer [None req-bb27e533-84a1-4b61-a5ee-6c6874c495e7 None admin] RBAC: Adding query filter params (name=Default) {{(pid=67709) _extract_filter_values /opt/stack/keystone/keystone/common/rbac_enforcer/enforcer.py:176}}
May 13 13:23:44 ubuntu devstack@keystone.service[67709]: DEBUG keystone.common.rbac_enforcer.enforcer [None req-bb27e533-84a1-4b61-a5ee-6c6874c495e7 None admin] RBAC: Authorizing `identity:list_domains()` {{(pid=67709) enforce_call /opt/stack/keystone/keystone/common/rbac_enforcer/enforcer.py:494}}
May 13 13:23:44 ubuntu devstack@keystone.service[67708]: DEBUG keystone.server.flask.request_processing.middleware.auth_context [None req-8fb30064-084a-410c-a300-6f162bb3a3d7 None None] Authenticating user token {{(pid=67708) process_request /opt/stack/data/venv/lib/python3.12/site-packages/keystonemiddleware/auth_token/__init__.py:407}}
May 13 13:23:44 ubuntu devstack@keystone.service[67709]: DEBUG keystone.common.rbac_enforcer.enforcer [None req-bb27e533-84a1-4b61-a5ee-6c6874c495e7 None admin] RBAC: Authorization granted {{(pid=67709) enforce_call /opt/stack/keystone/keystone/common/rbac_enforcer/enforcer.py:505}}
May 13 13:23:44 ubuntu devstack@keystone.service[67709]: [pid: 67709|app: 0|req: 19/35] 10.120.125.143 () {58 vars in 1190 bytes} [Wed May 13 13:23:44 2026] GET /identity/v3/domains?name=Default => generated 310 bytes in 68 msecs (HTTP/1.1 200) 5 headers in 177 bytes (1 switches on core 0)
May 13 13:23:44 ubuntu devstack@keystone.service[67709]: DEBUG keystone.server.flask.request_processing.middleware.auth_context [None req-bb27e533-84a1-4b61-a5ee-6c6874c495e7 None admin] Authenticating user token {{(pid=67709) process_request /opt/stack/data/venv/lib/python3.12/site-packages/keystonemiddleware/auth_token/__init__.py:407}}
May 13 13:23:44 ubuntu devstack@keystone.service[67708]: DEBUG keystone.server.flask.request_processing.middleware.auth_context [None req-8fb30064-084a-410c-a300-6f162bb3a3d7 None None] Validating token access rules against request {{(pid=67708) validate_allowed_request /opt/stack/data/venv/lib/python3.12/site-packages/keystonemiddleware/auth_token/__init__.py:545}}
May 13 13:23:44 ubuntu devstack@keystone.service[67709]: DEBUG keystone.server.flask.request_processing.middleware.auth_context [None req-bb27e533-84a1-4b61-a5ee-6c6874c495e7 None admin] Validating token access rules against request {{(pid=67709) validate_allowed_request /opt/stack/data/venv/lib/python3.12/site-packages/keystonemiddleware/auth_token/__init__.py:545}}
May 13 13:23:44 ubuntu devstack@keystone.service[67708]: DEBUG keystone.server.flask.request_processing.middleware.auth_context [None req-dc5891e8-633d-4583-974a-d68a565df41c None admin] RBAC: auth_context: {'token': <TokenModel (audit_id=1sncgsFhQ0a7yUcKhBYlvg, audit_chain_id=['1sncgsFhQ0a7yUcKhBYlvg']) at 0x77dffb09b7a0>, 'domain_id': None, 'trust_id': None, 'trustor_id': None, 'trustee_id': None, 'domain_name': None, 'group_ids': [], 'user_id': 'a87f4f48a3b34284b90975cf0ee8e328', 'user_domain_id': 'default', 'system_scope': 'all', 'project_id': None, 'project_domain_id': None, 'roles': ['admin', 'manager', 'member', 'reader'], 'is_admin_project': True, 'service_user_id': None, 'service_user_domain_id': None, 'service_project_id': None, 'service_project_domain_id': None, 'service_roles': []} {{(pid=67708) fill_context /opt/stack/keystone/keystone/server/flask/request_processing/middleware/auth_context.py:509}}
May 13 13:23:44 ubuntu devstack@keystone.service[67708]: DEBUG keystone.server.flask.request_processing.req_logging [None req-dc5891e8-633d-4583-974a-d68a565df41c None admin] REQUEST_METHOD: `GET` {{(pid=67708) log_request_info /opt/stack/keystone/keystone/server/flask/request_processing/req_logging.py:26}}
May 13 13:23:44 ubuntu devstack@keystone.service[67708]: DEBUG keystone.server.flask.request_processing.req_logging [None req-dc5891e8-633d-4583-974a-d68a565df41c None admin] SCRIPT_NAME: `/identity` {{(pid=67708) log_request_info /opt/stack/keystone/keystone/server/flask/request_processing/req_logging.py:27}}
May 13 13:23:44 ubuntu devstack@keystone.service[67708]: DEBUG keystone.server.flask.request_processing.req_logging [None req-dc5891e8-633d-4583-974a-d68a565df41c None admin] PATH_INFO: `/v3/roles/admin` {{(pid=67708) log_request_info /opt/stack/keystone/keystone/server/flask/request_processing/req_logging.py:28}}
May 13 13:23:44 ubuntu devstack@keystone.service[67708]: DEBUG keystone.common.rbac_enforcer.enforcer [None req-dc5891e8-633d-4583-974a-d68a565df41c None admin] Extracting inferred target data resulted in "NOT FOUND (404)". {{(pid=67708) enforce_call /opt/stack/keystone/keystone/common/rbac_enforcer/enforcer.py:445}}
May 13 13:23:44 ubuntu devstack@keystone.service[67708]: DEBUG keystone.server.flask.application [None req-dc5891e8-633d-4583-974a-d68a565df41c None admin] Could not find role: admin. {{(pid=67708) _handle_keystone_exception /opt/stack/keystone/keystone/server/flask/application.py:146}}
May 13 13:23:44 ubuntu devstack@keystone.service[67708]: [pid: 67708|app: 0|req: 17/36] 10.120.125.143 () {58 vars in 1164 bytes} [Wed May 13 13:23:44 2026] GET /identity/v3/roles/admin => generated 83 bytes in 92 msecs (HTTP/1.1 404) 5 headers in 183 bytes (1 switches on core 0)
May 13 13:23:44 ubuntu devstack@keystone.service[67708]: DEBUG keystone.server.flask.request_processing.req_logging [None req-60e33023-2af9-4bdb-bf70-b569604589fe None None] REQUEST_METHOD: `POST` {{(pid=67708) log_request_info /opt/stack/keystone/keystone/server/flask/request_processing/req_logging.py:26}}
May 13 13:23:44 ubuntu devstack@keystone.service[67708]: DEBUG keystone.server.flask.request_processing.req_logging [None req-60e33023-2af9-4bdb-bf70-b569604589fe None None] SCRIPT_NAME: `/identity` {{(pid=67708) log_request_info /opt/stack/keystone/keystone/server/flask/request_processing/req_logging.py:27}}
May 13 13:23:44 ubuntu devstack@keystone.service[67708]: DEBUG keystone.server.flask.request_processing.req_logging [None req-60e33023-2af9-4bdb-bf70-b569604589fe None None] PATH_INFO: `/v3/auth/tokens` {{(pid=67708) log_request_info /opt/stack/keystone/keystone/server/flask/request_processing/req_logging.py:28}}
May 13 13:23:44 ubuntu devstack@keystone.service[67709]: DEBUG keystone.server.flask.request_processing.middleware.auth_context [None req-3061c399-9427-45a1-aad6-155348e33eb5 None admin] RBAC: auth_context: {'token': <TokenModel (audit_id=mFg39v8WQKOqX6lAVjKmOg, audit_chain_id=['mFg39v8WQKOqX6lAVjKmOg']) at 0x77dffaf46de0>, 'domain_id': None, 'trust_id': None, 'trustor_id': None, 'trustee_id': None, 'domain_name': None, 'group_ids': [], 'user_id': 'a87f4f48a3b34284b90975cf0ee8e328', 'user_domain_id': 'default', 'system_scope': 'all', 'project_id': None, 'project_domain_id': None, 'roles': ['admin', 'manager', 'member', 'reader'], 'is_admin_project': True, 'service_user_id': None, 'service_user_domain_id': None, 'service_project_id': None, 'service_project_domain_id': None, 'service_roles': []} {{(pid=67709) fill_context /opt/stack/keystone/keystone/server/flask/request_processing/middleware/auth_context.py:509}}
May 13 13:23:44 ubuntu devstack@keystone.service[67709]: DEBUG keystone.server.flask.request_processing.req_logging [None req-3061c399-9427-45a1-aad6-155348e33eb5 None admin] REQUEST_METHOD: `POST` {{(pid=67709) log_request_info /opt/stack/keystone/keystone/server/flask/request_processing/req_logging.py:26}}
May 13 13:23:44 ubuntu devstack@keystone.service[67709]: DEBUG keystone.server.flask.request_processing.req_logging [None req-3061c399-9427-45a1-aad6-155348e33eb5 None admin] SCRIPT_NAME: `/identity` {{(pid=67709) log_request_info /opt/stack/keystone/keystone/server/flask/request_processing/req_logging.py:27}}
May 13 13:23:44 ubuntu devstack@keystone.service[67709]: DEBUG keystone.server.flask.request_processing.req_logging [None req-3061c399-9427-45a1-aad6-155348e33eb5 None admin] PATH_INFO: `/v3/roles` {{(pid=67709) log_request_info /opt/stack/keystone/keystone/server/flask/request_processing/req_logging.py:28}}
May 13 13:23:44 ubuntu devstack@keystone.service[67709]: DEBUG keystone.common.rbac_enforcer.enforcer [None req-3061c399-9427-45a1-aad6-155348e33eb5 None admin] RBAC: Authorizing `identity:create_role()` {{(pid=67709) enforce_call /opt/stack/keystone/keystone/common/rbac_enforcer/enforcer.py:494}}
May 13 13:23:44 ubuntu devstack@keystone.service[67709]: DEBUG keystone.common.rbac_enforcer.enforcer [None req-3061c399-9427-45a1-aad6-155348e33eb5 None admin] RBAC: Authorization granted {{(pid=67709) enforce_call /opt/stack/keystone/keystone/common/rbac_enforcer/enforcer.py:505}}
May 13 13:23:44 ubuntu devstack@keystone.service[67708]: WARNING keystone.common.password_hashing [None req-60e33023-2af9-4bdb-bf70-b569604589fe None None] Truncating password to algorithm specific maximum length 72 characters.
May 13 13:23:44 ubuntu devstack@keystone.service[67709]: DEBUG keystone.common.sql.core [None req-3061c399-9427-45a1-aad6-155348e33eb5 None admin] Conflict role: (pymysql.err.IntegrityError) (1062, "Duplicate entry 'service-<<null>>' for key 'role.ixu_role_name_domain_id'")
May 13 13:23:44 ubuntu devstack@keystone.service[67709]: [SQL: INSERT INTO `role` (id, name, description, extra) VALUES (%(id)s, %(name)s, %(description)s, %(extra)s)]
May 13 13:23:44 ubuntu devstack@keystone.service[67709]: [parameters: {'id': 'b4740c82497446698e0f6d0c5ab7cb50', 'name': 'service', 'description': None, 'extra': '{}'}]
May 13 13:23:44 ubuntu devstack@keystone.service[67709]: (Background on this error at: https://sqlalche.me/e/20/gkpj) {{(pid=67709) wrapper /opt/stack/keystone/keystone/common/sql/core.py:580}}
May 13 13:23:44 ubuntu devstack@keystone.service[67708]: DEBUG keystone.auth.core [None req-60e33023-2af9-4bdb-bf70-b569604589fe None None] MFA Rules not processed for user `a87f4f48a3b34284b90975cf0ee8e328`. Rule list: `[]` (Enabled: `True`). {{(pid=67708) check_auth_methods_against_rules /opt/stack/keystone/keystone/auth/core.py:476}}
May 13 13:23:44 ubuntu devstack@keystone.service[67708]: DEBUG keystone.common.fernet_utils [None req-60e33023-2af9-4bdb-bf70-b569604589fe None None] Loaded 2 Fernet keys from /etc/keystone/fernet-keys/, but `[fernet_tokens] max_active_keys = 3`; perhaps there have not been enough key rotations to reach `max_active_keys` yet? {{(pid=67708) load_keys /opt/stack/keystone/keystone/common/fernet_utils.py:297}}
May 13 13:23:44 ubuntu devstack@keystone.service[67709]: ERROR keystone.server.flask.application [None req-3061c399-9427-45a1-aad6-155348e33eb5 None admin] Conflict occurred attempting to store role - Duplicate entry found with name service.: keystone.exception.Conflict: Conflict occurred attempting to store role - Duplicate entry found with name service.
May 13 13:23:44 ubuntu devstack@keystone.service[67709]: ERROR keystone.server.flask.application Traceback (most recent call last):
May 13 13:23:44 ubuntu devstack@keystone.service[67709]: ERROR keystone.server.flask.application   File "/opt/stack/data/venv/lib/python3.12/site-packages/sqlalchemy/engine/base.py", line 1967, in _exec_single_context
May 13 13:23:44 ubuntu devstack@keystone.service[67709]: ERROR keystone.server.flask.application     self.dialect.do_execute(
May 13 13:23:44 ubuntu devstack@keystone.service[67709]: ERROR keystone.server.flask.application   File "/opt/stack/data/venv/lib/python3.12/site-packages/sqlalchemy/engine/default.py", line 952, in do_execute
May 13 13:23:44 ubuntu devstack@keystone.service[67709]: ERROR keystone.server.flask.application     cursor.execute(statement, parameters)
May 13 13:23:44 ubuntu devstack@keystone.service[67709]: ERROR keystone.server.flask.application   File "/opt/stack/data/venv/lib/python3.12/site-packages/pymysql/cursors.py", line 157, in execute
May 13 13:23:44 ubuntu devstack@keystone.service[67709]: ERROR keystone.server.flask.application     result = self._query(query)
May 13 13:23:44 ubuntu devstack@keystone.service[67709]: ERROR keystone.server.flask.application              ^^^^^^^^^^^^^^^^^^
May 13 13:23:44 ubuntu devstack@keystone.service[67709]: ERROR keystone.server.flask.application   File "/opt/stack/data/venv/lib/python3.12/site-packages/pymysql/cursors.py", line 328, in _query
May 13 13:23:44 ubuntu devstack@keystone.service[67709]: ERROR keystone.server.flask.application     conn.query(q)
May 13 13:23:44 ubuntu devstack@keystone.service[67709]: ERROR keystone.server.flask.application   File "/opt/stack/data/venv/lib/python3.12/site-packages/pymysql/connections.py", line 575, in query
May 13 13:23:44 ubuntu devstack@keystone.service[67709]: ERROR keystone.server.flask.application     self._affected_rows = self._read_query_result(unbuffered=unbuffered)
May 13 13:23:44 ubuntu devstack@keystone.service[67709]: ERROR keystone.server.flask.application                           ^^^^^^^^^^^^^^^^^^^^^^^^^^^^^^^^^^^^^^^^^^^^^^
May 13 13:23:44 ubuntu devstack@keystone.service[67709]: ERROR keystone.server.flask.application   File "/opt/stack/data/venv/lib/python3.12/site-packages/pymysql/connections.py", line 826, in _read_query_result
May 13 13:23:44 ubuntu devstack@keystone.service[67709]: ERROR keystone.server.flask.application     result.read()
May 13 13:23:44 ubuntu devstack@keystone.service[67709]: ERROR keystone.server.flask.application   File "/opt/stack/data/venv/lib/python3.12/site-packages/pymysql/connections.py", line 1203, in read
May 13 13:23:44 ubuntu devstack@keystone.service[67709]: ERROR keystone.server.flask.application     first_packet = self.connection._read_packet()
May 13 13:23:44 ubuntu devstack@keystone.service[67709]: ERROR keystone.server.flask.application                    ^^^^^^^^^^^^^^^^^^^^^^^^^^^^^^
May 13 13:23:44 ubuntu devstack@keystone.service[67709]: ERROR keystone.server.flask.application   File "/opt/stack/data/venv/lib/python3.12/site-packages/pymysql/connections.py", line 782, in _read_packet
May 13 13:23:44 ubuntu devstack@keystone.service[67709]: ERROR keystone.server.flask.application     packet.raise_for_error()
May 13 13:23:44 ubuntu devstack@keystone.service[67709]: ERROR keystone.server.flask.application   File "/opt/stack/data/venv/lib/python3.12/site-packages/pymysql/protocol.py", line 219, in raise_for_error
May 13 13:23:44 ubuntu devstack@keystone.service[67709]: ERROR keystone.server.flask.application     err.raise_mysql_exception(self._data)
May 13 13:23:44 ubuntu devstack@keystone.service[67709]: ERROR keystone.server.flask.application   File "/opt/stack/data/venv/lib/python3.12/site-packages/pymysql/err.py", line 150, in raise_mysql_exception
May 13 13:23:44 ubuntu devstack@keystone.service[67709]: ERROR keystone.server.flask.application     raise errorclass(errno, errval)
May 13 13:23:44 ubuntu devstack@keystone.service[67709]: ERROR keystone.server.flask.application pymysql.err.IntegrityError: (1062, "Duplicate entry 'service-<<null>>' for key 'role.ixu_role_name_domain_id'")
May 13 13:23:44 ubuntu devstack@keystone.service[67709]: ERROR keystone.server.flask.application 
May 13 13:23:44 ubuntu devstack@keystone.service[67709]: ERROR keystone.server.flask.application The above exception was the direct cause of the following exception:
May 13 13:23:44 ubuntu devstack@keystone.service[67709]: ERROR keystone.server.flask.application 
May 13 13:23:44 ubuntu devstack@keystone.service[67709]: ERROR keystone.server.flask.application Traceback (most recent call last):
May 13 13:23:44 ubuntu devstack@keystone.service[67709]: ERROR keystone.server.flask.application   File "/opt/stack/keystone/keystone/common/sql/core.py", line 575, in wrapper
May 13 13:23:44 ubuntu devstack@keystone.service[67709]: ERROR keystone.server.flask.application     return method(*args, **kwargs)
May 13 13:23:44 ubuntu devstack@keystone.service[67709]: ERROR keystone.server.flask.application            ^^^^^^^^^^^^^^^^^^^^^^^
May 13 13:23:44 ubuntu devstack@keystone.service[67709]: ERROR keystone.server.flask.application   File "/opt/stack/keystone/keystone/assignment/role_backends/sql.py", line 25, in create_role
May 13 13:23:44 ubuntu devstack@keystone.service[67709]: ERROR keystone.server.flask.application     with sql.session_for_write() as session:
May 13 13:23:44 ubuntu devstack@keystone.service[67709]: ERROR keystone.server.flask.application   File "/usr/lib/python3.12/contextlib.py", line 144, in __exit__
May 13 13:23:44 ubuntu devstack@keystone.service[67709]: ERROR keystone.server.flask.application     next(self.gen)
May 13 13:23:44 ubuntu devstack@keystone.service[67709]: ERROR keystone.server.flask.application   File "/opt/stack/data/venv/lib/python3.12/site-packages/oslo_db/sqlalchemy/enginefacade.py", line 1175, in _transaction_scope
May 13 13:23:44 ubuntu devstack@keystone.service[67709]: ERROR keystone.server.flask.application     with current._produce_block(
May 13 13:23:44 ubuntu devstack@keystone.service[67709]: ERROR keystone.server.flask.application   File "/usr/lib/python3.12/contextlib.py", line 144, in __exit__
May 13 13:23:44 ubuntu devstack@keystone.service[67709]: ERROR keystone.server.flask.application     next(self.gen)
May 13 13:23:44 ubuntu devstack@keystone.service[67709]: ERROR keystone.server.flask.application   File "/opt/stack/data/venv/lib/python3.12/site-packages/oslo_db/sqlalchemy/enginefacade.py", line 837, in _session
May 13 13:23:44 ubuntu devstack@keystone.service[67709]: ERROR keystone.server.flask.application     with excutils.save_and_reraise_exception():
May 13 13:23:44 ubuntu devstack@keystone.service[67709]: ERROR keystone.server.flask.application   File "/opt/stack/data/venv/lib/python3.12/site-packages/oslo_utils/excutils.py", line 271, in __exit__
May 13 13:23:44 ubuntu devstack@keystone.service[67709]: ERROR keystone.server.flask.application     self.force_reraise()
May 13 13:23:44 ubuntu devstack@keystone.service[67709]: ERROR keystone.server.flask.application   File "/opt/stack/data/venv/lib/python3.12/site-packages/oslo_utils/excutils.py", line 233, in force_reraise
May 13 13:23:44 ubuntu devstack@keystone.service[67709]: ERROR keystone.server.flask.application     raise self.value
May 13 13:23:44 ubuntu devstack@keystone.service[67709]: ERROR keystone.server.flask.application   File "/opt/stack/data/venv/lib/python3.12/site-packages/oslo_db/sqlalchemy/enginefacade.py", line 835, in _session
May 13 13:23:44 ubuntu devstack@keystone.service[67709]: ERROR keystone.server.flask.application     self._end_session_transaction(self.session)
May 13 13:23:44 ubuntu devstack@keystone.service[67709]: ERROR keystone.server.flask.application   File "/opt/stack/data/venv/lib/python3.12/site-packages/oslo_db/sqlalchemy/enginefacade.py", line 748, in _end_session_transaction
May 13 13:23:44 ubuntu devstack@keystone.service[67709]: ERROR keystone.server.flask.application     session.commit()
May 13 13:23:44 ubuntu devstack@keystone.service[67709]: ERROR keystone.server.flask.application   File "/opt/stack/data/venv/lib/python3.12/site-packages/sqlalchemy/orm/session.py", line 2030, in commit
May 13 13:23:44 ubuntu devstack@keystone.service[67709]: ERROR keystone.server.flask.application     trans.commit(_to_root=True)
May 13 13:23:44 ubuntu devstack@keystone.service[67709]: ERROR keystone.server.flask.application   File "<string>", line 2, in commit
May 13 13:23:44 ubuntu devstack@keystone.service[67709]: ERROR keystone.server.flask.application   File "/opt/stack/data/venv/lib/python3.12/site-packages/sqlalchemy/orm/state_changes.py", line 137, in _go
May 13 13:23:44 ubuntu devstack@keystone.service[67709]: ERROR keystone.server.flask.application     ret_value = fn(self, *arg, **kw)
May 13 13:23:44 ubuntu devstack@keystone.service[67709]: ERROR keystone.server.flask.application                 ^^^^^^^^^^^^^^^^^^^^
May 13 13:23:44 ubuntu devstack@keystone.service[67709]: ERROR keystone.server.flask.application   File "/opt/stack/data/venv/lib/python3.12/site-packages/sqlalchemy/orm/session.py", line 1311, in commit
May 13 13:23:44 ubuntu devstack@keystone.service[67709]: ERROR keystone.server.flask.application     self._prepare_impl()
May 13 13:23:44 ubuntu devstack@keystone.service[67709]: ERROR keystone.server.flask.application   File "<string>", line 2, in _prepare_impl
May 13 13:23:44 ubuntu devstack@keystone.service[67709]: ERROR keystone.server.flask.application   File "/opt/stack/data/venv/lib/python3.12/site-packages/sqlalchemy/orm/state_changes.py", line 137, in _go
May 13 13:23:44 ubuntu devstack@keystone.service[67709]: ERROR keystone.server.flask.application     ret_value = fn(self, *arg, **kw)
