"pcp-dstat 6.2.0 CSV Output"
"Author:","PCP team <pcp@groups.io> and Dag Wieers <dag@wieers.com>",,,,"URL:","https://pcp.io/ and http://dag.wieers.com/home-made/dstat/"
"Host:","ubuntu",,,,"User:","ubuntu"
"Cmdline:","dstat -tcmndrylpg --tcp --output /tmp/devstack_logs/dstat-csv.log",,,,"Date:","28 Jun 2026 15:15:49 UTC"
"system","total usage",,,,,"memory usage",,,,"net/total",,"dsk/total",,"io/total",,"system",,"load avg",,,"procs",,,"paging",,"tcp sockets",,,,
"time","total usage:usr","total usage:sys","total usage:idl","total usage:wai","total usage:stl","used","free","buf","cach","net/total:recv","net/total:send","dsk/total:read","dsk/total:writ","read","writ","int","csw","1m","5m","15m","run","blk","new","in","out","lis","act","syn","tim","clo"
28-06 15:15:49,,1070112,1332568,169704,5233664,,,,,,,1.550,1.010,0.520,2,0,,,,10,6,0,19,0
28-06 15:15:50,16.742,21.490,59.972,0.500,0,1058392,1343432,169900,5234152,27808.135,15274.933,0,3114.559,0,115.946,6714,6217,1.550,1.010,0.520,3,0,523.758,0,0,10,6,0,19,0
28-06 15:15:51,27.210,17.974,52.423,0.499,0,1025948,1375180,170052,5234576,42112.255,13237.591,0,1905.207,0,68.899,6480,6359,1.550,1.010,0.520,2,0,387.432,0,0,10,6,0,18,0
28-06 15:15:52,32.483,14.992,51.223,0.250,0,1100368,1299728,170200,5360060,24444.976,13933.576,0,1723.082,0,49.973,6336,8866,1.550,1.010,0.520,1,0,220.882,0,0,11,5,0,18,1
28-06 15:15:53,21.523,5.256,71.828,0.501,0,1116504,1256420,170572,5385388,170443.623,4640.053,0,1641.788,0,57.062,2579,2174,1.500,1.010,0.530,2,0,61.067,0,0,11,6,0,18,2
28-06 15:15:54,39.791,12.012,47.549,1.001,0,1140180,1208280,171616,5405872,5165.321,1621.670,0,12957.347,0,475.490,4224,2608,1.500,1.010,0.530,2,0,120.124,0,0,11,6,0,18,2
28-06 15:15:55,39.363,10.463,48.331,0.747,0,1186944,1139396,172132,5425556,4962.688,1614.368,35.875,2794.252,2.990,71.750,3997,2926,1.500,1.010,0.530,2,0,99.652,0,0,11,6,0,20,2
28-06 15:15:56,43.522,6.003,48.525,1.251,0,1229416,1076408,173420,5441528,5960.043,1620.828,0,4634.366,0,122.062,3245,2103,1.500,1.010,0.530,2,0,1.001,0,0,11,6,0,20,2
28-06 15:15:57,37.869,6.771,46.647,7.273,0,1266352,1005764,175068,5470808,5717.990,1625.113,4.013,21535.756,1.003,1487.681,8267,14090,1.500,1.010,0.530,2,0,28.088,0,0,11,8,0,20,2
28-06 15:15:58,36.109,7.471,40.841,12.202,0,1307732,971048,176172,5462256,6299.438,2091.844,0,55678.900,0,3750.377,13905,26764,1.620,1.040,0.540,2,0,57.775,0,0,11,6,0,20,0
28-06 15:15:59,35.134,11.293,53.203,0,0,1247288,1025652,176280,5467292,12194.626,4590.552,0,5581.340,0,69.265,3653,2511,1.620,1.040,0.540,2,0,107.411,0,0,11,4,0,20,0
28-06 15:16:00,45.640,6.734,45.640,0.249,0,1280908,989840,176344,5469176,5027.896,1616.110,0,1149.233,0,40.902,10800,18477,1.620,1.040,0.540,2,0,7.981,0,0,11,4,0,20,0
28-06 15:16:01,44.123,9.777,45.126,0.501,0,1273696,996168,176420,5469716,5793.161,1624.532,0,9153.535,0,391.091,10663,18952,1.620,1.040,0.540,2,0,30.084,0,0,11,4,0,20,0
28-06 15:16:02,42.500,7.250,48.750,0,0,1266996,1010932,176444,5462388,5204.001,1458.000,0,872.000,0,31.000,3016,1714,1.620,1.040,0.540,2,0,12.000,0,0,11,4,0,20,0
28-06 15:16:03,34.984,15.243,48.728,0,0,1176588,1101296,176444,5462424,5903.344,1619.272,0,15.993,0,3.998,5128,3753,1.650,1.050,0.550,1,0,352.841,0,0,11,4,0,20,0
28-06 15:16:04,9.251,22.502,67.005,0,0,1132948,1144764,176444,5462576,5384.383,1458.104,0,80.006,0,11.001,5540,3875,1.650,1.050,0.550,1,0,328.023,0,0,11,4,0,20,0
28-06 15:16:05,18.505,15.504,65.018,0,0,1111180,1166504,176444,5462584,5607.590,1620.459,0,16.005,0,3.001,6322,7896,1.650,1.050,0.550,1,0,192.054,0,0,11,4,0,20,0
28-06 15:16:06,43.633,13.215,42.386,0,0,1230280,1047372,176448,5463072,5719.657,1454.099,0,0,0,0,4049,2511,1.650,1.050,0.550,2,0,129.652,0,0,11,5,0,20,0
28-06 15:16:07,51.490,6.249,41.742,0,0,1273356,1003864,176448,5463504,5339.009,1619.699,0,311.942,0,28.995,3638,10564,1.650,1.050,0.550,2,0,35.993,0,0,11,5,0,21,0
28-06 15:16:08,42.515,10.004,47.017,0,0,1303428,971296,176468,5465920,4847.714,1566.554,0,2464.872,0,118.042,4340,5353,1.680,1.070,0.560,1,0,20.007,0,0,11,4,0,21,0
28-06 15:16:09,7.498,9.247,82.475,0.250,0,1314444,960256,176476,5465928,4870.501,1281.606,0,647.801,0,24.992,2860,2375,1.680,1.070,0.560,2,0,119.963,0,0,11,4,0,21,0
28-06 15:16:10,21.251,4.250,73.004,0,0,1390040,884656,176476,5465936,4864.254,1404.073,0,15516.810,0,110.006,1922,1448,1.680,1.070,0.560,1,0,0,0,0,11,4,0,21,0
28-06 15:16:11,24.251,2.250,73.504,0,0,1409864,864644,176476,5466124,5149.256,1512.075,0,0,0,0,1729,1079,1.680,1.070,0.560,1,0,0,0,0,11,4,0,21,0
28-06 15:16:12,20.749,4.750,71.247,0.750,0,1298312,976064,176544,5466184,4725.790,1565.930,0,3875.828,0,303.986,4442,5645,1.680,1.070,0.560,1,0,42.998,0,0,11,4,0,23,0
28-06 15:16:13,21.749,4.000,73.748,0,0,1354052,920328,176544,5466184,4919.851,1619.951,0,371.989,0,4.000,1751,1150,1.630,1.070,0.560,1,0,0,0,0,11,4,0,23,0
28-06 15:16:14,18.999,2.500,77.245,0.250,0,1372932,901156,176544,5466380,9478.430,5699.657,0,3623.782,0,129.992,2413,2318,1.630,1.070,0.560,2,0,1.000,0,0,11,17,0,23,0
28-06 15:16:15,20.036,4.258,74.133,0.751,0,1339848,933736,176592,5466756,9938.835,6043.845,268.482,22792.900,66.119,247.444,2997,2748,1.630,1.070,0.560,1,0,21.038,0,0,11,28,0,24,0
28-06 15:16:16,21.459,5.240,72.860,0,0,1407972,865608,176596,5466756,5917.664,1509.109,0,143.725,0,25.950,2181,1706,1.630,1.070,0.560,1,0,24.952,0,0,11,28,0,18,0
28-06 15:16:17,18.045,2.256,79.699,0,0,1414984,858580,176596,5466772,12523.290,8560.389,0,0,0,0,2076,1734,1.630,1.070,0.560,1,0,0,0,0,11,28,0,19,0
28-06 15:16:18,30.496,14.248,53.492,0,0,1420204,853344,176596,5466788,5205.248,1565.774,0,2271.672,0,16.998,3877,2422,1.660,1.080,0.570,2,0,155.977,0,0,11,28,0,19,0
28-06 15:16:19,35.718,5.745,57.698,0,0,1487676,785864,176596,5466796,14370.125,10205.856,0,3.996,0,0.999,3293,2486,1.660,1.080,0.570,2,0,0,0,0,11,30,0,19,0
28-06 15:16:20,34.980,11.244,52.220,0.500,0,1412384,860948,176596,5467000,16466.587,11741.288,0,20704.165,0,231.867,7062,8528,1.660,1.080,0.570,4,0,184.894,0,0,11,28,0,20,0
28-06 15:16:21,71.647,26.805,2.004,0,0,1559608,713704,176596,5467020,5794.852,1623.320,0,36.074,0,9.018,5353,3980,1.660,1.080,0.570,6,0,393.805,0,0,11,28,0,20,0
28-06 15:16:22,85.609,12.443,1.244,0,0,1786792,486464,176596,5467056,18010.819,14926.890,0,0,0,0,5640,3613,1.660,1.080,0.570,4,0,0,0,0,11,33,0,20,0
28-06 15:16:23,80.999,10.282,8.275,0.251,0,1796104,477076,176604,5467120,34882.067,29674.081,0,641.970,0,63.194,9302,13198,2,1.170,0.600,7,0,69.212,0,0,11,30,0,24,0
28-06 15:16:24,29.211,12.733,56.674,0,0,1575400,697568,176604,5467332,8901.124,5591.539,0,411.451,0,42.943,5124,5248,2,1.170,0.600,1,0,240.679,0,0,11,28,0,25,0
28-06 15:16:25,21.751,4.250,73.755,0.250,0,1581572,691392,176608,5467332,6429.433,3424.231,0,40306.714,0,624.042,2114,1587,2,1.170,0.600,0,0,0,0,0,11,29,0,25,0
28-06 15:16:26,17.747,1.750,79.485,0,0,1557284,715816,176620,5467344,10683.003,6538.778,0,827.845,0,22.996,2877,3382,2,1.170,0.600,1,0,1.000,0,0,11,28,0,26,0
28-06 15:16:27,18.760,7.504,72.789,0,0,1524884,748204,176628,5467348,5314.878,1512.819,0,148.080,0,9.005,2568,1916,2,1.170,0.600,1,0,68.037,0,0,11,28,0,26,0
28-06 15:16:28,18.756,2.251,77.525,0,0,1533028,740056,176628,5467352,9785.218,6064.995,0,136.045,0,10.003,2241,1991,2,1.180,0.600,1,0,0,0,0,11,29,0,25,0
28-06 15:16:29,13.241,12.492,72.702,0.500,0,1485124,787928,176636,5467376,7784.912,3923.436,0,1562.978,0,115.924,4607,4364,2,1.180,0.600,1,0,175.885,0,0,11,28,0,26,0
28-06 15:16:30,7.750,27.001,63.503,0,0,1467224,805820,176636,5467384,5192.284,1512.083,0,63227.456,0,378.021,6236,4651,2,1.180,0.600,2,0,462.025,0,0,11,28,0,26,0
28-06 15:16:31,67.671,26.567,5.765,0,0,1549152,723872,176640,5467400,5073.822,1407.557,0,1592.023,0,28.071,5432,3794,2,1.180,0.600,5,0,401.013,0,0,11,28,0,26,0
28-06 15:16:32,75.979,9.247,13.996,0,0,1742468,530400,176640,5467580,22898.533,19310.546,0,0,0,0,5911,4555,2,1.180,0.600,3,0,0,0,0,11,33,0,26,0
28-06 15:16:33,75.758,10.217,12.959,0.249,0,1666832,605932,176648,5467672,36475.508,31563.196,0,434.612,0,42.863,9781,14971,2.240,1.240,0.630,6,0,30.901,0,0,11,30,0,27,0
28-06 15:16:34,78.032,21.076,1.004,0,0,1602640,670004,176672,5467768,6778.536,2505.067,0,457.657,0,39.142,5956,5068,2.240,1.240,0.630,6,0,280.014,0,0,11,28,0,27,0
28-06 15:16:35,84.821,11.691,2.487,0,0,1812284,460336,176672,5467788,20568.900,15326.433,0,1373.051,0,145.265,5449,3075,2.240,1.240,0.630,4,0,0,0,0,11,33,0,27,0
28-06 15:16:36,75.241,9.280,14.547,0.251,0,1837104,435164,176688,5468124,46593.313,38023.852,0,1179.781,0,69.222,10296,15362,2.240,1.240,0.630,5,0,1.003,0,0,11,31,0,30,0
28-06 15:16:37,67.862,18.280,14.524,0,0,1550156,721928,176696,5468300,22045.299,14538.940,0,312.515,0,26.043,7085,9020,2.240,1.240,0.630,2,0,298.491,0,0,11,28,0,32,0
28-06 15:16:38,36.472,5.246,56.706,0,0,1605144,666924,176700,5468316,12918.953,7820.918,0,159.876,0,5.995,2743,1690,2.220,1.260,0.630,2,0,0,0,0,11,30,0,32,0
28-06 15:16:39,35.020,17.510,46.527,0.250,0,1575944,696072,176708,5468360,18194.497,13659.881,0,260.150,0,28.016,6189,7611,2.220,1.260,0.630,4,0,322.186,0,0,11,28,0,34,0
28-06 15:16:40,67.383,12.229,19.965,0,0,1598236,673760,176708,5468380,6586.519,2368.871,0,195.659,0,9.983,3967,1824,2.220,1.260,0.630,3,0,55.903,0,0,11,29,0,31,0
28-06 15:16:41,44.509,5.751,48.760,0,0,1607356,664448,176708,5468572,31243.422,26587.465,0,232.048,0,18.004,6505,9143,2.220,1.260,0.630,5,0,0,0,0,11,30,0,32,0
28-06 15:16:42,69.133,20.539,10.019,0,0,1516144,755648,176708,5468584,7876.120,4122.915,0,360.692,0,37.071,5677,4626,2.220,1.260,0.630,4,0,258.496,0,0,11,28,0,32,0
28-06 15:16:43,70.503,8.500,20.251,0,0,1674264,597428,176716,5468660,20258.836,17194.709,0,264.011,0,19.001,5464,3971,2.050,1.240,0.630,4,0,0,0,0,11,32,0,32,0
28-06 15:16:44,57.244,8.999,32.497,0,0,1650868,620608,176720,5468868,28746.121,25061.490,0,1743.825,0,82.992,10076,13451,2.050,1.240,0.630,6,0,95.990,0,0,11,29,0,32,0
28-06 15:16:45,61.759,15.502,22.503,0,0,1604924,666528,176728,5468884,4312.602,1632.228,0,576.080,0,13.002,4118,2296,2.050,1.240,0.630,3,0,178.025,0,0,11,29,0,32,0
28-06 15:16:46,48.473,5.497,46.224,0.250,0,1660716,610700,176728,5468920,23815.527,20547.376,0,119.932,0,5.997,5227,5787,2.050,1.240,0.630,2,0,0.999,0,0,11,32,0,32,0
28-06 15:16:47,64.030,17.008,18.259,0,0,1513068,758144,176748,5469100,18143.583,12690.003,0,3369.594,0,184.087,7099,9061,2.050,1.240,0.630,3,0,349.165,0,0,11,28,0,35,0
28-06 15:16:48,57.363,5.986,34.917,0,0,1635116,636056,176756,5469128,10592.760,7830.342,0,179.572,0,7.981,3705,1715,2.120,1.270,0.640,1,0,0,0,0,11,31,0,31,0
28-06 15:16:49,53.344,6.980,39.634,0.249,0,1616972,653856,176756,5469468,27874.621,23132.466,0,135.604,0,15.953,8104,10476,2.120,1.270,0.640,3,0,58.828,0,0,11,28,0,34,0
28-06 15:16:50,64.090,17.091,19.604,0,0,1549008,721804,176756,5469484,5038.709,1562.281,0,217.151,0,14.075,4235,2491,2.120,1.270,0.640,3,0,229.215,0,0,11,28,0,34,0
28-06 15:16:51,53.229,6.747,38.985,0,0,1604300,666332,176756,5469640,22501.092,18456.693,0,2455.028,0,99.960,5037,5316,2.120,1.270,0.640,4,0,5.998,0,0,11,31,0,34,0
28-06 15:16:52,56.879,11.226,30.435,0,0,1538324,732236,176776,5469688,13809.667,9652.497,0,1149.558,0,82.824,6555,6922,2.120,1.270,0.640,5,0,111.763,0,0,11,28,0,36,0
28-06 15:16:53,56.140,6.767,37.093,0.251,0,1643984,626536,176788,5469712,15651.086,13142.822,0,64.160,0,7.018,4375,3129,2.190,1.290,0.660,3,0,0,0,0,11,31,0,36,0
28-06 15:16:54,53.216,10.493,34.978,0.250,0,1571236,699212,176808,5469764,21244.547,15485.194,0,323.795,0,38.975,7605,9327,2.190,1.290,0.660,3,0,189.880,0,0,11,28,0,38,0
28-06 15:16:55,75.053,22.766,1.751,0,0,1621540,648876,176808,5469796,5303.760,1459.034,0,472.335,0,22.016,5660,4702,2.190,1.290,0.660,7,0,497.353,0,0,11,28,0,38,0
28-06 15:16:56,83.473,17.244,0.250,0,0,1783904,486484,176812,5469820,18870.944,15716.956,0,191.938,0,8.997,6289,5598,2.190,1.290,0.660,7,0,375.879,0,0,11,32,0,38,0
28-06 15:16:57,77.271,17.755,4.001,0,0,1833368,436768,176828,5470052,42946.468,37701.067,0,1076.287,0,76.020,8968,11357,2.190,1.290,0.660,7,0,481.128,0,0,11,30,0,37,0
28-06 15:16:58,82.250,17.250,0.500,0,0,1681704,588204,176840,5470260,19318.066,15056.051,0,400.001,0,35.000,6494,6291,2.500,1.370,0.690,5,0,281.001,0,0,11,28,0,37,0
28-06 15:16:59,83.711,12.494,3.998,0,0,1725916,543936,176840,5470316,17875.646,14645.156,0,131.938,0,7.996,5766,4313,2.500,1.370,0.690,3,0,29.986,0,0,11,31,0,37,0
28-06 15:17:00,70.372,10.231,17.468,0,0,1731468,538132,176840,5470564,40881.812,35502.574,0,111.797,0,8.984,8690,13744,2.500,1.370,0.690,4,0,132.759,0,0,11,30,0,39,1
28-06 15:17:01,34.771,21.013,43.276,0,0,1505472,764100,176840,5470612,16305.963,11249.874,0,2177.330,0,48.029,7757,8547,2.500,1.370,0.690,1,0,604.369,0,0,11,28,0,42,0
28-06 15:17:02,55.078,31.545,13.269,0,0,1534364,735188,176844,5470628,5467.750,1622.299,0,268.380,0,20.028,6256,5596,2.500,1.370,0.690,4,0,869.232,0,0,11,28,0,42,0
28-06 15:17:03,72.697,9.493,17.487,0,0,1665028,604468,176844,5470684,20567.937,16610.835,0,151.889,0,7.994,5095,4054,2.540,1.400,0.700,4,0,0,0,0,11,32,0,42,0
28-06 15:17:04,60.191,13.237,25.725,0.250,0,1596900,672388,176848,5470884,23526.824,18659.619,0,1374.646,0,105.896,8054,10578,2.540,1.400,0.700,4,0,196.806,0,0,11,29,0,45,0
28-06 15:17:05,80.885,12.020,7.012,0,0,1629908,639368,176856,5470888,10118.838,8100.479,0,252.420,0,22.037,4997,2877,2.540,1.400,0.700,2,0,71.118,0,0,11,30,0,46,0
28-06 15:17:06,63.998,7.500,28.249,0,0,1671700,597344,176856,5471112,36101.639,30139.864,0,147.994,0,8.000,8169,11298,2.540,1.400,0.700,1,0,1.000,0,0,11,32,0,46,0
28-06 15:17:07,53.957,5.496,39.219,0,0,1689084,579704,176856,5473448,39334.999,32645.272,0,319.748,0,31.975,12571,21247,2.540,1.400,0.700,6,0,33.973,0,0,11,30,1,46,0
28-06 15:17:08,78.576,16.016,4.755,0.250,0,1525316,743448,176860,5471380,13477.117,8915.678,0,336.327,0,33.032,6824,12586,2.660,1.440,0.720,4,0,122.119,0,0,11,28,0,47,0
28-06 15:17:09,75.363,8.485,15.472,0,0,1647304,621416,176864,5471420,18892.769,15468.973,0,147.732,0,7.986,5099,4376,2.660,1.440,0.720,6,0,0,0,0,11,32,0,45,0
28-06 15:17:10,57.072,6.508,35.795,0,0,1647036,621416,176864,5471680,47401.059,41716.857,0,108.137,0,7.009,11602,19196,2.660,1.440,0.720,3,0,0,0,0,11,31,0,46,0
28-06 15:17:11,70.798,13.259,15.511,0,0,1599540,668708,176864,5471880,29291.969,23748.189,0,188.128,0,10.007,8289,11822,2.660,1.440,0.720,5,0,198.135,0,0,11,28,0,49,0
28-06 15:17:12,79.304,12.719,7.481,0,0.249,1627324,640900,176864,5471904,10318.453,7853.555,0,131.674,0,7.980,4794,2472,2.660,1.440,0.720,2,0,61.847,0,0,11,30,0,49,0
28-06 15:17:13,57.665,6.990,34.200,0,0,1663476,604512,176864,5472128,39582.979,34165.919,0,119.824,0,8.987,8816,13887,2.600,1.450,0.720,2,0,0,0,0,11,32,0,47,0
28-06 15:17:14,75.547,11.545,12.047,0,0,1623980,643804,176864,5472328,19312.963,14540.191,0,421.659,0,46.182,7041,9610,2.600,1.450,0.720,4,0,98.387,0,0,11,28,0,49,0
28-06 15:17:15,76.263,10.717,12.461,0,0,1656816,610952,176872,5472336,14943.574,11539.151,0,267.170,0,25.919,4929,3063,2.600,1.450,0.720,4,0,31.901,0,0,11,35,0,49,0
28-06 15:17:16,64.667,11.028,23.060,0,0,1667560,600144,176876,5472400,25181.037,20428.763,0,352.911,0,40.104,6821,9069,2.600,1.450,0.720,4,0,121.313,0,0,11,34,0,51,0
28-06 15:17:17,70.656,9.238,19.724,0,0,1667348,600144,176876,5472572,28953.377,23981.010,0,423.435,0,55.925,6486,9936,2.600,1.450,0.720,4,0,30.959,0,0,11,35,0,51,0
28-06 15:17:18,72.380,11.270,15.528,0,0,1635868,631560,176876,5472632,25468.900,20410.784,0,168.303,0,9.016,6605,8834,2.640,1.480,0.740,4,0,112.202,0,0,11,33,0,53,0
28-06 15:17:19,74.502,13.750,12.000,0,0,1639300,628104,176876,5472656,18125.395,14197.309,0,4.000,0,1.000,5557,5008,2.640,1.480,0.740,3,0,86.002,0,0,11,34,0,54,0
28-06 15:17:20,73.942,10.457,15.187,0,0,1599040,668184,176876,5472832,20405.130,15603.103,0,0,0,0,5345,5382,2.640,1.480,0.740,4,0,67.718,0,0,11,34,0,56,0
28-06 15:17:21,67.242,8.531,22.581,0.251,0,1579848,687308,176888,5472884,24304.297,20001.843,0,305.096,0,32.115,6192,7957,2.640,1.480,0.740,3,0,77.278,0,0,11,34,0,56,0
28-06 15:17:22,55.745,12.499,31.497,0.250,0,1502692,764308,176892,5473036,12135.833,8223.209,0,4423.575,0,174.983,5628,4921,2.640,1.480,0.740,5,0,180.983,0,0,11,33,0,58,0
28-06 15:17:23,56.534,7.004,36.272,0,0,1569592,697340,176892,5473100,15492.403,14308.685,0,244.148,0,18.011,5142,5130,2.580,1.490,0.740,2,0,0,0,0,11,33,0,59,0
28-06 15:17:24,55.226,9.496,34.985,0,0,1609960,656804,176892,5473264,22779.116,17315.487,0,191.917,0,8.996,6260,6974,2.580,1.490,0.740,2,0,95.958,0,0,11,33,0,60,0
28-06 15:17:25,59.174,10.237,30.211,0,0,1627316,639408,176892,5473300,12494.024,8916.599,0,175.775,0,11.985,4440,3352,2.580,1.490,0.740,3,0,85.890,0,0,11,33,0,55,0
28-06 15:17:26,47.923,8.486,43.180,0,0,1573996,692516,176896,5473504,20891.265,16285.702,0,1701.253,0,21.965,4993,5878,2.580,1.490,0.740,2,0,86.860,0,0,11,34,0,56,0
28-06 15:17:27,33.254,6.001,59.507,0.250,0,1488788,777676,176900,5473544,18208.165,13641.622,0,424.050,0,34.004,6193,7681,2.580,1.490,0.740,2,0,67.008,0,0,11,32,0,58,0
28-06 15:17:28,41.002,8.750,49.252,0,0,1501732,764732,176900,5473544,6287.289,3478.160,0,144.007,0,9.000,3331,1837,2.540,1.500,0.750,1,0,68.003,0,0,11,33,0,58,0
28-06 15:17:29,34.079,3.759,61.893,0,0,1518360,748080,176900,5473568,18062.691,13745.727,0,140.324,0,10.023,3653,3945,2.540,1.500,0.750,2,0,0,0,0,11,33,0,57,0
28-06 15:17:30,39.147,10.722,49.121,0.249,0,1509840,756412,176900,5473756,8749.982,4934.020,0,219.423,0,17.953,4734,4433,2.540,1.500,0.750,3,0,137.638,0,0,11,32,0,58,0
28-06 15:17:31,34.447,4.493,60.656,0.250,0,1552700,713520,176904,5473780,13859.560,10014.508,0,319.506,0,30.952,3194,2941,2.540,1.500,0.750,2,0,0,0,0,11,33,0,59,0
28-06 15:17:32,38.053,7.010,54.076,0.250,0,1518120,748068,176924,5473796,13241.607,9544.411,0,1385.947,0,117.165,4657,5123,2.540,1.500,0.750,3,0,60.084,0,0,11,32,0,60,0
28-06 15:17:33,39.759,6.251,53.763,0,0,1531868,734308,176924,5473808,9426.214,6716.578,0,108.025,0,8.002,2919,1954,2.490,1.500,0.760,1,0,5.001,0,0,11,33,0,60,0
28-06 15:17:34,34.093,6.016,58.660,0,0,1526732,739404,176924,5473848,19985.450,15386.922,0,40.109,0,3.008,5591,6657,2.490,1.500,0.760,1,0,43.117,0,0,11,33,0,60,0
28-06 15:17:35,41.741,5.999,51.489,0.250,0,1517832,748256,176952,5473868,8609.104,3995.120,0,2015.556,0,125.972,3653,3463,2.490,1.500,0.760,2,0,4.999,0,0,11,32,0,61,0
28-06 15:17:36,33.414,4.239,61.092,0,0,1549840,716088,176952,5474024,20608.674,16906.254,0,115.701,0,6.982,4051,4787,2.490,1.500,0.760,1,0,0.997,0,0,11,34,0,61,0
28-06 15:17:37,28.078,11.783,59.165,0.251,0,1510824,755004,176964,5474108,13184.741,8621.024,0,489.364,0,36.101,6058,6781,2.490,1.500,0.760,1,0,277.774,0,0,11,32,0,63,0
28-06 15:17:38,21.999,4.000,73.996,0,0,1480780,785044,176968,5474108,4905.707,1565.906,0,107.994,0,7.000,1952,1308,2.370,1.500,0.760,1,0,5.000,0,0,11,32,0,58,0
28-06 15:17:39,16.703,2.493,79.775,0,0,1487512,778292,176976,5474120,13161.868,9799.354,0,107.696,0,7.977,2668,2945,2.370,1.500,0.760,0,0,0,0,0,11,33,0,58,0
28-06 15:17:40,12.526,11.524,74.404,0,0.251,1445364,820412,176980,5474140,8602.849,4118.545,0,565.173,0,47.098,4792,4563,2.370,1.500,0.760,1,0,249.518,0,0,11,32,0,59,0
28-06 15:17:41,20.948,5.486,73.067,0,0,1502460,763312,176980,5474144,4924.672,1615.955,0,3.990,0,0.998,2077,1434,2.370,1.500,0.760,3,0,34.913,0,0,11,32,0,59,0
28-06 15:17:42,17.542,2.757,78.439,0,0,1500760,764948,176984,5474200,13341.063,9857.691,0,457.099,0,8.019,2817,3070,2.370,1.500,0.760,1,0,0,0,0,11,33,0,56,0
28-06 15:17:43,19.455,5.487,74.329,0,0,1486844,778852,176984,5474212,7305.175,4000.786,0,7.982,0,1.995,2924,2634,2.260,1.490,0.760,1,0,45.894,0,0,11,32,0,57,0
28-06 15:17:44,18.744,2.499,78.224,0,0,1521984,743708,176984,5474216,10129.598,6781.722,0,75.974,0,3.999,1900,1550,2.260,1.490,0.760,1,0,0,0,0,11,33,0,57,0
28-06 15:17:45,18.319,3.011,78.043,0.502,0,1502804,762720,176996,5474372,14009.644,10191.296,0,453.705,0,32.121,4640,6162,2.260,1.490,0.760,1,0,0,0,0,11,33,0,57,0
28-06 15:17:46,11.713,16.947,69.282,0.249,0,1441796,823568,177000,5474528,5741.945,2066.502,0,131.586,0,15.950,5357,4316,2.260,1.490,0.760,1,0,403.731,0,0,11,32,0,55,0
28-06 15:17:47,35.983,13.993,49.476,0,0,1508672,756648,177048,5474520,4857.658,1619.219,0,471.773,0,27.987,4279,3181,2.260,1.490,0.760,2,0,221.893,0,0,11,32,0,57,0
28-06 15:17:48,41.776,6.754,48.029,2.502,0,1568908,692672,177356,5477500,4622.837,1620.995,0,7212.426,0,605.371,5529,7085,2.240,1.500,0.770,2,1,38.023,0,0,11,36,0,57,0
28-06 15:17:49,36.094,8.021,42.360,11.279,0,1538500,716612,178480,5482532,4770.421,1461.806,0,48923.384,0,4179.883,16316,32027,2.240,1.500,0.770,3,0,115.300,0,0,11,36,0,57,0
28-06 15:17:50,41.499,7.250,44.499,5.250,0,1506268,748152,178848,5482828,5219.936,1661.979,0,28103.653,0,2286.972,10219,18166,2.240,1.500,0.770,2,0,25.000,0,0,11,32,0,51,0
28-06 15:17:51,45.211,6.744,47.209,0.500,0,1520304,734068,178860,5482848,5190.486,1456.733,0,2917.463,0,151.868,3231,2143,2.240,1.500,0.770,2,0,6.994,0,0,11,34,0,51,0
28-06 15:17:52,38.412,6.984,43.899,8.231,0,1594060,659556,179112,5483340,5387.589,1616.277,0,18014.502,0,2696.788,16379,28984,2.240,1.500,0.770,2,0,2.993,0,0,11,34,0,51,0
28-06 15:17:53,26.761,6.753,65.778,0.500,0,1545476,708076,179144,5483352,5000.141,1458.625,0,6342.716,0,359.154,3004,2684,2.140,1.490,0.770,1,0,99.042,0,0,11,32,0,51,0
28-06 15:17:54,22.489,3.998,72.963,0.250,0,1558688,694852,179152,5483356,4417.757,1079.452,0,839.574,0,41.979,1997,1623,2.140,1.490,0.770,1,0,1.999,0,0,11,32,0,49,0
28-06 15:17:55,22.751,4.000,72.253,0.750,0,1560804,692688,179200,5483356,4906.209,1566.067,0,7292.310,0,385.016,2262,2524,2.140,1.490,0.770,1,0,0,0,0,11,32,0,49,0
28-06 15:17:56,22.255,4.251,72.766,0,0,1517576,735892,179200,5483380,5330.149,1512.326,0,392.085,0,29.006,1963,1434,2.140,1.490,0.770,1,0,2.000,0,0,11,32,0,49,0
28-06 15:17:57,23.504,2.751,73.514,0,0,1528388,725080,179200,5483380,5146.964,1566.293,0,0,0,0,1786,1096,2.140,1.490,0.770,2,0,2.000,0,0,11,32,0,49,0
28-06 15:17:58,22.001,3.500,73.253,0,0,1538560,714896,179200,5483392,4892.218,1512.067,0,0,0,0,1780,1305,2.050,1.480,0.770,1,0,1.000,0,0,11,32,0,46,0
28-06 15:17:59,22.546,3.257,73.900,0,0,1574380,679076,179200,5483392,5106.344,1569.179,0,8.016,0,1.002,1800,1204,2.050,1.480,0.770,2,0,3.006,0,0,11,32,0,46,0
28-06 15:18:00,23.233,2.498,73.696,0,0,1512928,740416,179200,5483468,5188.180,1510.888,0,0,0,0,1710,1105,2.050,1.480,0.770,1,0,0.999,0,0,11,32,0,46,0
28-06 15:18:01,22.217,3.495,73.640,0,0,1534784,718560,179200,5483468,5528.716,1617.576,0,3.994,0,0.999,1798,1111,2.050,1.480,0.770,2,0,1.997,0,0,11,32,0,46,0
28-06 15:18:02,22.496,3.499,72.736,0.250,0.250,1487020,766212,179208,5483564,5278.954,1619.679,0,2471.510,0,238.953,2022,1501,2.050,1.480,0.770,2,0,1.000,0,0,11,32,0,41,0
28-06 15:18:03,22.006,3.501,73.520,0,0,1497236,755968,179208,5483588,6079.636,1620.436,0,104.028,0,5.001,1873,1335,1.970,1.470,0.770,2,0,1.000,0,0,11,32,0,41,0
28-06 15:18:04,22.756,3.501,73.768,0,0,1504120,749084,179208,5483588,5693.391,1620.396,0,0,0,0,1821,1189,1.970,1.470,0.770,2,0,2.000,0,0,11,32,0,41,0
28-06 15:18:05,22.253,3.250,73.259,0,0,1475524,777660,179208,5483608,5992.733,1620.198,0,4.000,0,1.000,1770,1191,1.970,1.470,0.770,2,0,1.000,0,0,11,32,0,41,0
28-06 15:18:06,24.237,2.749,73.460,0,0,1494320,758852,179216,5483612,5773.888,1619.127,0,0,0,0,1809,1138,1.970,1.470,0.770,1,0,1.999,0,0,11,32,0,37,0
28-06 15:18:07,21.756,3.751,73.769,0,0,1492808,760328,179216,5483648,5267.380,1566.410,0,260.068,0,7.002,1789,1264,1.970,1.470,0.770,1,0,0,0,0,11,32,0,37,0
28-06 15:18:08,27.744,5.249,66.235,0,0,1519468,733648,179216,5483652,4918.900,1619.638,0,135.970,0,2.000,2911,13784,1.890,1.460,0.770,1,0,37.992,0,0,11,32,0,38,0
28-06 15:18:09,9.285,20.827,69.508,0,0,1476052,776860,179220,5483812,5396.060,1611.993,0,529.970,0,6.022,5986,4571,1.890,1.460,0.770,3,0,458.705,0,0,11,32,0,38,0
28-06 15:18:10,7.494,21.732,69.444,0,0,1450060,802784,179220,5483856,5095.862,1618.685,0,715.419,0,10.991,6109,4808,1.890,1.460,0.770,1,0,469.619,0,0,11,32,0,37,0
28-06 15:18:11,8.976,20.196,69.316,0,0,1433340,819472,179220,5483888,5219.151,1561.856,0,11.968,0,1.995,6017,4558,1.890,1.460,0.770,2,0,440.830,0,0,11,32,0,37,0
28-06 15:18:12,21.756,4.251,73.020,0.250,0,1475780,777048,179228,5483872,4653.244,1512.404,0,500.134,0,33.009,2018,1770,1.890,1.460,0.770,1,0,0,0,0,11,32,0,37,0
28-06 15:18:13,22.742,2.749,73.725,0,0,1512108,740720,179228,5483872,5458.115,1619.441,0,19.993,0,1.999,1767,1127,1.820,1.460,0.770,1,0,1.999,0,0,11,32,0,37,0
28-06 15:18:14,21.505,4.251,73.266,0,0,1471644,781168,179228,5483888,4769.073,1458.328,0,0,0,0,1817,1343,1.820,1.460,0.770,1,0,1.000,0,0,11,32,0,37,0
28-06 15:18:15,23.253,2.250,74.010,0,0,1496484,756348,179228,5483868,5580.732,1620.212,0,20.003,0,1.000,1738,1119,1.820,1.460,0.770,1,0,2.000,0,0,11,32,0,31,0
28-06 15:18:16,21.749,4.250,72.997,0,0,1461848,790972,179228,5483880,5194.790,1457.941,0,0,0,0,1897,1387,1.820,1.460,0.770,1,0,2.000,0,0,11,32,0,31,0
28-06 15:18:17,23.252,2.750,73.507,0,0,1490672,762148,179228,5483880,5160.471,1620.148,0,20.002,0,3.000,1801,1175,1.820,1.460,0.770,1,0,2.000,0,0,11,32,0,31,0
28-06 15:18:18,22.570,3.511,73.730,0.251,0,1504696,748104,179228,5483892,5073.809,1462.557,0,967.013,0,128.400,1936,1399,1.750,1.450,0.780,1,0,3.009,0,0,11,32,0,31,0
28-06 15:18:19,22.183,3.739,73.526,0.249,0,1543924,708900,179228,5483868,5084.531,1615.086,0,31.903,0,4.985,1778,1113,1.750,1.450,0.780,1,0,1.994,0,0,11,32,0,25,0
28-06 15:18:20,23.505,3.001,73.515,0,0,1461168,791656,179228,5483868,5069.005,1458.289,0,24.005,0,1.000,1740,1076,1.750,1.450,0.780,1,0,1.000,0,0,11,32,0,25,0
28-06 15:18:21,22.297,3.758,73.905,0,0,1505228,747584,179228,5483880,5348.207,1623.402,0,0,0,0,1811,1152,1.750,1.450,0.780,1,0,2.004,0,0,11,32,0,25,0
28-06 15:18:22,21.666,4.234,72.718,0,0,1481164,771620,179236,5483900,5140.063,1613.741,0,502.053,0,40.842,2033,1725,1.750,1.450,0.780,1,0,0.996,0,0,11,32,0,25,0
28-06 15:18:23,22.559,3.509,73.441,0,0,1515568,737244,179236,5483872,5414.098,1624.229,0,1900.950,0,10.026,1817,1202,1.690,1.440,0.780,2,0,2.005,0,0,11,32,0,19,0
28-06 15:18:24,23.471,2.247,73.660,0,0,1432632,820152,179236,5483900,4959.923,1564.084,0,159.804,0,29.963,1763,1059,1.690,1.440,0.780,1,0,0.999,0,0,11,32,0,19,0
28-06 15:18:25,22.322,3.511,73.739,0,0,1503632,749232,179236,5483820,4546.715,1516.909,0,4.013,0,1.003,1769,1166,1.690,1.440,0.780,1,0,2.006,0,0,11,32,0,19,0
28-06 15:18:26,22.690,3.241,73.305,0,0,1527776,725088,179236,5483820,4923.908,1615.704,0,87.767,0,0.997,1707,1037,1.690,1.440,0.780,1,0,0.997,0,0,11,32,0,19,0
28-06 15:18:27,22.752,3.250,73.508,0,0,1480680,772096,179236,5483908,4990.535,1620.174,0,0,0,0,1779,1191,1.690,1.440,0.780,1,0,1.000,0,0,11,32,0,15,0
28-06 15:18:28,22.497,3.000,73.239,0,0,1473116,779656,179240,5483908,4859.275,1619.758,0,147.978,0,3.000,1795,1271,1.640,1.430,0.780,1,0,1.000,0,0,11,32,0,15,0
28-06 15:18:29,22.504,4.001,74.013,0,0,1521912,730880,179240,5483888,5040.903,1620.290,0,8.001,0,1.000,1786,1195,1.640,1.430,0.780,1,0,2.000,0,0,11,32,0,15,0
28-06 15:18:30,22.716,3.245,73.640,0,0.250,1478160,774612,179240,5483908,5212.230,1659.526,0,155.768,0,30.954,1807,1220,1.640,1.430,0.780,1,0,0.999,0,0,11,32,0,15,0
28-06 15:18:31,22.272,3.754,73.072,0,0,1487484,765288,179240,5483908,6082.966,1621.590,0,28.027,0,2.002,1814,1200,1.640,1.430,0.780,1,0,1.001,0,0,11,32,0,11,0
28-06 15:18:32,22.807,3.759,73.183,0.251,0,1508540,744236,179244,5483900,5732.330,1461.654,0,545.363,0,37.093,2059,1744,1.640,1.430,0.780,1,0,2.005,0,0,11,32,0,11,0
28-06 15:18:33,20.016,6.005,73.058,0,0,1481096,771632,179244,5483944,4727.761,864.688,0,120.096,0,4.003,2557,1747,1.580,1.430,0.780,1,0,95.076,0,0,11,32,0,11,0
28-06 15:18:34,11.722,17.707,69.582,0,0,1478084,774624,179244,5483964,4044.239,592.570,0,191.538,0,7.981,4938,3837,1.580,1.430,0.780,1,0,364.121,0,0,11,32,0,11,0
28-06 15:18:35,22.744,2.749,73.980,0,0,1531500,721196,179244,5483976,4576.792,1187.687,0,3.999,0,1.000,1732,1106,1.580,1.430,0.780,1,0,0,0,0,11,32,0,7,0
28-06 15:18:36,22.747,3.750,73.491,0,0,1518328,734088,179244,5484220,5508.297,1511.807,0,115.985,0,25.997,1930,1179,1.580,1.430,0.780,1,0,9.999,0,0,11,32,0,7,0
28-06 15:18:37,22.250,3.500,73.500,0,0,1542604,709812,179244,5484220,5025.968,1565.990,0,4.000,0,1.000,1778,1146,1.580,1.430,0.780,1,0,0,0,0,11,32,0,7,0
28-06 15:18:38,14.038,15.542,69.187,0.251,0,1514120,738144,179244,5484368,5206.095,1516.105,40.109,605.640,2.005,57.155,5011,3925,1.460,1.400,0.780,1,0,396.072,0,0,11,32,0,7,0
28-06 15:18:39,7.750,23.000,68.499,0,0,1499880,752332,179244,5484396,5145.962,1565.988,0,315.998,0,7.000,6711,5674,1.460,1.400,0.780,2,0,610.995,0,0,11,32,0,5,0
28-06 15:18:40,8.749,21.497,68.489,0,0,1488132,764032,179244,5484440,5311.174,1511.765,0,355.945,0,4.999,6340,5018,1.460,1.400,0.780,4,0,520.919,0,0,11,32,0,5,0
28-06 15:18:41,8.752,22.004,68.012,0,0,1470628,781504,179244,5484464,5763.991,1566.269,0,1452.250,0,44.008,6434,4998,1.460,1.400,0.780,2,0,548.094,0,0,11,32,0,5,0
28-06 15:18:42,8.998,22.996,66.988,0.500,0,1454052,798020,179256,5484492,4711.159,1511.730,0,4531.191,0,175.969,6817,5928,1.460,1.400,0.780,1,0,526.906,0,0,11,32,0,5,0
28-06 15:18:43,8.252,20.506,69.770,0,0,1441180,810824,179256,5484560,5087.462,1566.450,0,568.163,0,12.003,5983,4389,1.420,1.390,0.780,2,0,422.121,0,0,11,32,0,3,0
28-06 15:18:44,8.250,21.251,69.502,0,0,1422592,829376,179256,5484592,5100.129,1620.041,0,320.008,0,8.000,5931,4482,1.420,1.390,0.780,1,0,425.011,0,0,11,32,0,3,0
28-06 15:18:45,8.238,21.967,67.898,0,0,1413452,838484,179256,5484616,4972.537,1617.572,0,55.916,0,13.979,6346,4999,1.420,1.390,0.780,1,0,533.200,0,0,11,32,0,3,0
28-06 15:18:46,10.770,21.540,67.124,0,0,1384572,867288,179272,5484656,5306.809,1623.000,0,697.289,0,92.170,6152,4837,1.420,1.390,0.780,2,0,471.872,0,0,11,32,0,4,0
28-06 15:18:47,44.654,26.193,28.189,0,0,1472272,779528,179312,5484676,4610.041,1658.417,0,1001.836,0,66.856,6474,5990,1.420,1.390,0.780,3,0,628.642,0,0,11,32,0,7,0
28-06 15:18:48,62.327,11.764,24.781,0.501,0,1641992,607128,179432,5486956,4657.740,1513.866,372.459,2719.351,3.004,178.220,4215,3254,1.550,1.420,0.790,3,1,13.016,0,0,11,34,0,7,0
28-06 15:18:49,44.790,8.007,31.779,13.262,0,1654264,583720,180244,5496256,4624.152,1621.456,0,49208.181,0,3640.268,15522,29513,1.550,1.420,0.790,5,0,108.097,0,0,11,36,0,8,0
28-06 15:18:50,35.977,12.992,33.479,15.740,0,1710700,516496,180932,5505988,4842.947,1606.987,0,80793.061,0,5670.425,20125,41788,1.550,1.420,0.790,4,1,132.916,0,0,11,36,0,8,0
28-06 15:18:51,36.737,8.747,35.488,15.245,0,1723784,495364,181220,5513400,10851.202,7749.288,0,80931.673,0,5985.905,20662,41808,1.550,1.420,0.790,2,2,59.979,0,0,11,37,0,8,0
28-06 15:18:52,37.466,16.985,32.970,10.990,0,1662448,550936,181560,5518996,8685.098,4881.559,295.731,40419.227,3.996,3142.141,15440,27092,1.550,1.420,0.790,5,1,343.687,0,0,11,34,0,9,0
28-06 15:18:53,45.791,18.016,23.521,10.760,0,1673908,532800,181880,5524692,6228.610,3589.233,932.840,46851.202,15.014,3481.136,16279,32107,1.820,1.480,0.810,2,1,200.180,0,0,11,35,0,9,0
28-06 15:18:54,32.682,12.973,39.917,11.726,0,1651284,550248,182188,5529340,14459.886,10432.274,666.612,49991.888,11.975,3836.011,16997,31367,1.820,1.480,0.810,4,1,144.699,0,0,11,35,0,9,0
28-06 15:18:55,30.209,6.241,46.187,13.731,0,1645016,553444,182388,5532112,13981.804,10224.962,0,44283.201,0,3678.949,17096,32388,1.820,1.480,0.810,3,0,47.934,0,0,11,34,0,9,0
28-06 15:18:56,31.322,11.025,42.096,13.531,0,1668332,527268,182448,5534824,5226.951,1665.809,0,45447.915,0,3787.660,15866,29793,1.820,1.480,0.810,3,1,67.154,0,0,11,34,0,9,0
28-06 15:18:57,32.292,7.760,44.808,13.017,0,1672968,521836,182652,5535396,10892.098,7234.364,0,41790.090,0,3826.953,15540,29515,1.820,1.480,0.810,3,0,30.039,0,0,11,35,0,9,0
28-06 15:18:58,28.994,6.749,48.740,11.998,0,1660668,533344,182796,5536020,15988.815,12481.513,0,39920.047,0,3589.285,18194,34073,2,1.520,0.830,1,0,29.994,0,0,11,35,0,9,0
28-06 15:18:59,35.500,11.500,42.000,9.750,0,1591244,601020,182940,5537580,8439.906,4175.953,0,35883.600,0,3118.965,14154,26468,2,1.520,0.830,2,0,103.999,0,0,11,36,0,10,0
28-06 15:19:00,35.240,6.748,42.988,12.247,0,1644324,545480,183056,5539860,7291.941,3969.879,0,38545.114,0,3444.027,12640,27369,2,1.520,0.830,5,0,50.986,0,0,11,37,0,10,0
28-06 15:19:01,32.035,8.009,45.800,11.763,0,1635372,551516,183100,5542656,15813.345,11351.451,0,44616.939,0,3725.086,17907,32707,2,1.520,0.830,4,0,45.049,0,0,11,37,0,10,0
28-06 15:19:02,29.743,7.748,45.739,13.497,0,1539900,644032,183216,5545400,13253.926,8952.924,0,57902.570,0,4522.951,18883,36643,2,1.520,0.830,6,0,77.982,0,0,11,36,0,10,0
28-06 15:19:03,35.759,8.752,40.010,13.253,0,1605592,574904,183300,5548660,5969.460,1458.357,0,49352.067,0,4130.010,16434,33366,1.920,1.510,0.830,3,1,96.023,0,0,11,36,0,10,0
28-06 15:19:04,29.752,7.751,47.253,12.501,0,1610032,568068,183384,5550892,15629.061,11051.750,0,54727.715,0,4417.300,17244,33887,1.920,1.510,0.830,3,0,45.003,0,0,11,37,0,10,0
28-06 15:19:05,32.993,8.498,44.741,11.748,0,1587600,595804,183420,5545532,17108.533,12245.518,0,56592.531,0,4625.063,20286,39300,1.920,1.510,0.830,2,0,13.997,0,0,11,36,0,11,0
28-06 15:19:06,32.254,11.501,41.755,11.001,0,1640248,540572,183448,5548080,5269.589,1512.169,0,46737.224,0,3554.397,14876,27478,1.920,1.510,0.830,2,0,84.009,0,0,11,36,0,11,0
28-06 15:19:07,35.443,9.485,51.667,2.995,0,1592312,588492,183460,5548080,10883.429,7272.259,0,7859.312,0,703.864,6414,8410,1.920,1.510,0.830,4,1,104.831,0,0,11,33,0,12,0
28-06 15:19:08,25.493,13.497,59.485,0.250,0,1488448,692300,183460,5548132,8439.846,4732.792,0,5038.714,0,281.928,4919,14905,1.840,1.510,0.830,1,0,185.953,0,0,11,32,0,14,0
28-06 15:19:09,19.477,3.246,76.161,0.250,0,1487972,692532,183460,5548380,10123.109,6738.085,0,1166.630,0,55.934,2288,2104,1.840,1.510,0.830,1,0,0.999,0,0,11,33,0,14,0
28-06 15:19:10,17.752,5.501,75.759,0.250,0,1442796,737696,183460,5548392,7120.885,3364.418,0,544.068,0,38.005,2794,2565,1.840,1.510,0.830,1,0,60.007,0,0,11,32,0,15,0
28-06 15:19:11,20.251,2.750,76.003,0,0,1499820,680672,183460,5548392,7096.270,3586.137,0,428.016,0,26.001,1766,1240,1.840,1.510,0.830,0,0,0,0,0,11,33,0,15,0
28-06 15:19:12,19.750,2.000,76.999,0.250,0,1493772,686604,183460,5548508,14964.868,10126.910,0,2375.979,0,139.999,3717,4694,1.840,1.510,0.830,1,0,1.000,0,0,11,32,0,15,0
28-06 15:19:13,20.754,6.001,73.013,0,0,1460400,719976,183460,5548508,5160.896,1620.281,0,4.001,0,1.000,2230,1538,1.780,1.500,0.830,1,0,43.007,0,0,11,32,0,15,0
28-06 15:19:14,17.785,2.755,78.657,0,0.250,1475852,704388,183460,5548644,12695.267,8431.782,0,392.782,0,35.070,2488,2549,1.780,1.500,0.830,1,0,0,0,0,11,33,0,15,0
28-06 15:19:15,13.747,8.998,73.482,1.000,0,1452524,727640,183464,5548716,9846.555,5473.641,0,5838.550,0,327.919,4825,5743,1.780,1.500,0.830,2,0,164.959,0,0,11,32,0,16,0
28-06 15:19:16,12.003,25.507,61.766,0.250,0,1448356,731672,183472,5548844,5316.365,1458.375,0,796.204,0,47.012,6457,5218,1.780,1.500,0.830,4,0,571.147,0,0,11,32,0,18,0
28-06 15:19:17,61.402,12.979,24.461,0.250,0,1615864,563624,183500,5549356,5271.556,1617.409,0,882.586,0,48.922,4518,2717,1.780,1.500,0.830,4,0,64.896,0,0,11,32,0,22,0
28-06 15:19:18,65.698,9.992,23.731,0,0,1764620,411656,183604,5552140,5353.754,1456.845,0,1910.485,0,50.960,3855,1587,1.870,1.520,0.840,4,0,0,0,0,11,32,0,22,0
28-06 15:19:19,59.871,8.731,26.942,3.243,0,1832332,337832,183752,5557616,5508.144,1658.430,3.991,22256.094,0.998,1145.534,7712,9633,1.870,1.520,0.840,6,1,53.884,0,0,11,38,0,22,0
28-06 15:19:20,25.621,9.294,45.967,17.583,0,1828396,330524,183856,5568448,4840.905,1464.931,0,81895.485,0,5971.253,22310,43648,1.870,1.520,0.840,1,4,204.970,0,0,11,38,0,22,0
28-06 15:19:21,22.979,7.993,47.957,16.485,0,1826116,322488,183940,5578276,5751.812,1618.540,0,88340.318,0,6435.195,24276,47941,1.870,1.520,0.840,0,1,200.819,0,0,11,38,0,22,0
28-06 15:19:22,30.237,7.747,41.981,16.493,0,1823292,318456,183992,5584884,5115.723,1457.351,0,75202.523,0,5594.510,20231,40146,1.870,1.520,0.840,7,0,143.936,0,0,11,38,0,22,0
28-06 15:19:23,37.018,12.756,33.767,15.007,0,1750236,381712,184068,5594300,5042.465,1620.792,0,72343.365,0,5120.503,19424,37731,2.370,1.630,0.880,3,0,204.100,0,0,11,36,0,22,0
28-06 15:19:24,43.301,9.511,31.787,13.516,0,1813920,309668,184096,5602316,4565.326,1621.892,0,57314.865,0,4124.812,15517,29115,2.370,1.630,0.880,2,1,19.022,0,0,11,36,0,22,0
28-06 15:19:25,37.687,8.985,35.690,15.474,0,1845716,268088,184128,5611688,5049.543,1455.562,0,83468.213,0,5672.500,18470,37699,2.370,1.630,0.880,2,1,28.952,0,0,11,38,0,22,0
28-06 15:19:26,26.028,9.510,45.799,15.516,0,1786784,323288,184164,5615256,5242.561,1621.720,0,77758.487,0,6049.417,21974,43002,2.370,1.630,0.880,1,1,187.199,0,0,11,36,0,22,0
28-06 15:19:27,32.431,11.975,53.138,1.746,0,1522444,587412,184164,5615456,5149.104,1616.579,0,13495.442,0,872.154,6197,7632,2.370,1.630,0.880,1,0,254.462,0,0,11,32,0,22,0
28-06 15:19:28,22.246,3.499,73.486,0.250,0,1526788,583072,184164,5615456,4979.077,1619.700,0,991.816,0,65.988,1960,1635,2.260,1.620,0.880,1,0,1.000,0,0,11,32,0,22,0
28-06 15:19:29,22.757,3.751,72.274,1.000,0,1586192,523664,184164,5615460,4861.600,1620.533,0,4485.476,0,263.087,2358,2369,2.260,1.620,0.880,1,0,2.001,0,0,11,32,0,22,0
28-06 15:19:30,23.005,3.251,72.767,0,0,1523556,586292,184164,5615468,4579.044,1458.333,0,116.026,0,9.002,2605,2115,2.260,1.620,0.880,1,0,27.006,0,0,11,32,0,22,0
28-06 15:19:31,20.992,4.748,73.722,0,0,1573196,536648,184164,5615472,5474.942,1619.391,0,131.950,0,11.995,1806,1292,2.260,1.620,0.880,1,0,1.000,0,0,11,32,0,22,0
28-06 15:19:32,21.738,3.748,73.459,0,0,1622112,487732,184164,5615472,5097.144,1619.093,0,3.998,0,0.999,1813,1242,2.260,1.620,0.880,1,0,1.999,0,0,11,32,0,22,0
28-06 15:19:33,19.568,15.053,64.224,0.251,0,1548568,561260,184164,5615480,5599.554,1625.677,0,594.075,0,48.168,4466,4067,2.160,1.610,0.890,4,0,403.409,0,0,11,32,0,22,0
28-06 15:19:34,12.251,35.253,51.754,0.250,0,1525640,584112,184164,5615556,5220.393,1620.122,0,364.027,0,29.002,7817,7323,2.160,1.610,0.890,2,0,1043.078,0,0,11,32,0,22,0
28-06 15:19:35,8.247,21.493,68.978,0,0,1520720,588960,184164,5615628,5398.265,1619.479,0,615.802,0,89.971,6215,4646,2.160,1.610,0.890,1,0,479.846,0,0,11,32,0,22,0
28-06 15:19:36,8.501,21.252,69.006,0,0,1476672,632840,184164,5615796,5969.551,1620.150,0,32.003,0,8.001,5978,4663,2.160,1.610,0.890,2,0,428.040,0,0,11,32,0,22,0
28-06 15:19:37,18.247,15.997,64.990,0,0,1449980,659484,184164,5616244,5357.142,1457.766,0,19.997,0,4.999,6560,8052,2.160,1.610,0.890,1,0,252.959,0,0,11,32,0,22,0
28-06 15:19:38,40.893,12.467,45.630,0,0,1502548,606888,184176,5616284,5206.345,1615.762,0,27.927,0,1.995,4027,2831,2.140,1.620,0.890,2,0,130.657,0,0,11,33,0,22,0
28-06 15:19:39,47.113,4.761,47.364,0,0,1594272,515032,184176,5616412,5070.198,1461.516,0,0,0,0,3031,1535,2.140,1.620,0.890,2,0,3.007,0,0,11,39,0,22,0
28-06 15:19:40,47.253,6.750,46.753,0,0,1651700,455844,184248,5617884,5012.312,1512.094,0,512.032,0,22.001,3717,2623,2.140,1.620,0.890,2,0,16.001,0,0,11,49,0,22,0
28-06 15:19:41,22.000,16.750,59.500,0,0,1669384,435344,184252,5620476,5462.992,1565.998,0,355.999,0,15.000,7513,10886,2.140,1.620,0.890,1,0,346.999,0,0,11,48,0,22,0
28-06 15:19:42,16.988,9.993,71.949,0,0,1679276,425384,184252,5620524,5036.451,1618.859,0,163.885,0,9.993,5751,7914,2.140,1.620,0.890,0,0,143.899,0,0,11,48,0,22,0
28-06 15:19:43,0.998,1.497,97.056,0.499,0,1679500,425160,184252,5620524,4449.112,1455.093,0,2055.893,0,40.918,1046,1540,2.050,1.600,0.890,0,0,2.994,0,0,11,48,0,22,0
28-06 15:19:44,0.750,0.500,98.016,0,0,1679500,425160,184252,5620524,5220.872,1620.271,0,984.164,0,13.002,778,983,2.050,1.600,0.890,0,0,2.000,0,0,11,48,0,22,0
28-06 15:19:45,0.500,0.500,98.252,0,0,1679500,425160,184252,5620524,4804.076,1404.022,0,0,0,0,725,927,2.050,1.600,0.890,0,0,2.000,0,0,11,48,0,22,0
28-06 15:19:46,2.000,2.000,95.006,0,0,1663884,440776,184252,5620516,4393.285,1134.074,0,0,0,0,1289,1445,2.050,1.600,0.890,0,0,29.002,0,0,11,48,0,22,0
28-06 15:19:47,18.001,13.751,67.505,0,0,1694864,409744,184252,5620620,4772.322,1512.102,0,0,0,0,5523,7124,2.050,1.600,0.890,0,0,250.017,0,0,11,48,0,22,0
28-06 15:19:48,11.254,17.507,70.528,0,0,1680676,423904,184252,5620556,4921.925,1662.650,0,44.017,0,2.001,5325,4932,2.210,1.640,0.910,2,0,329.129,0,0,12,48,0,22,0
28-06 15:19:49,20.801,15.538,63.156,0,0,1686476,418072,184252,5620580,5529.683,1862.609,0,132.327,0,7.017,6648,8075,2.210,1.640,0.910,0,0,260.645,0,0,12,50,0,16,0
28-06 15:19:50,14.454,7.476,76.010,0.249,0,1692528,411868,184252,5620720,5069.998,1602.941,0,4824.772,0,145.541,3225,3697,2.210,1.640,0.910,0,0,185.415,0,0,12,64,0,16,0
28-06 15:19:51,16.001,15.751,66.756,0,0,1703592,400772,184252,5621096,5297.459,1620.141,0,4.000,0,1.000,6906,8886,2.210,1.640,0.910,1,0,269.023,0,0,14,64,0,16,0
28-06 15:19:52,10.518,16.529,71.374,0,0,1702564,401708,184252,5620784,5168.978,1622.819,0,28.049,0,6.010,5263,4358,2.210,1.640,0.910,1,0,332.578,0,0,14,66,0,16,0
28-06 15:19:53,9.737,20.222,68.406,0.499,0,1665672,438436,184252,5620948,5402.575,1659.719,0,559.231,0,47.934,6094,4979,2.110,1.630,0.910,1,0,403.446,0,0,14,66,0,14,0
28-06 15:19:54,24.301,15.533,59.375,0,0,1683976,420104,184252,5621064,5110.718,1665.493,0,4.008,0,1.002,6486,7992,2.110,1.630,0.910,2,0,257.540,0,0,14,66,0,14,0
28-06 15:19:55,28.767,25.515,44.777,0,0,1776544,327424,184264,5621024,4954.973,1512.908,0,408.245,0,12.007,6733,5541,2.110,1.630,0.910,4,0,595.357,0,0,14,66,0,14,0
28-06 15:19:56,30.500,24.500,44.750,0,0,1825628,276788,184296,5622472,5427.046,1620.014,0,5484.046,0,367.003,7627,8953,2.110,1.630,0.910,4,0,557.005,0,0,14,70,0,16,0
28-06 15:19:57,36.200,21.970,40.195,0,0,1931596,170748,184296,5622868,5212.850,1617.781,0,55.923,0,10.985,7224,8253,2.110,1.630,0.910,2,0,360.506,0,0,14,70,0,16,0
28-06 15:19:58,63.186,22.477,13.736,0,0,1982908,189628,176156,5562032,5274.672,1618.365,3.996,531.463,0.999,5.994,5007,4478,2.260,1.670,0.930,7,0,435.560,0,0,14,70,0,16,0
28-06 15:19:59,64.764,19.504,16.004,0,0,2100132,139908,171592,5500720,4523.011,1332.298,248.055,436.098,19.004,7.002,6077,9126,2.260,1.670,0.930,4,0,280.063,0,0,14,70,0,16,0
28-06 15:20:00,68.118,28.048,2.504,0.501,0,2215980,262548,166916,5271960,4269.368,703.214,1570.711,1634.821,94.163,69.119,5783,5649,2.260,1.670,0.930,5,0,559.966,0,0,14,70,0,16,0
28-06 15:20:01,77.193,19.735,2.748,0.999,0,2360796,196152,168816,5193520,5512.938,1079.205,2162.407,687.493,133.901,31.976,7453,10285,2.260,1.670,0.930,5,0,223.835,0,0,14,74,0,15,0
28-06 15:20:02,63.586,26.035,6.258,3.004,0.250,2497204,175848,168488,5080380,5647.664,1622.201,504.685,25274.296,11.015,1709.319,12078,21796,2.260,1.670,0.930,9,0,447.607,0,0,14,76,0,15,0
28-06 15:20:03,67.939,20.731,8.742,1.748,0,2589432,151776,168608,5013768,5413.126,1456.688,843.241,16752.916,28.974,1541.612,13233,25421,2.400,1.710,0.940,4,0,237.786,0,0,14,78,0,16,0
28-06 15:20:04,74.139,21.718,2.496,0,0,2706588,179008,168580,4872188,5751.419,1659.524,71.893,1150.284,8.987,62.906,9490,13438,2.400,1.710,0.940,4,0,474.292,0,0,14,87,0,23,0
28-06 15:20:05,51.596,26.049,22.292,0,0,2803108,149452,168580,4807128,5187.680,1460.726,4.007,1534.864,1.002,91.170,10543,15569,2.400,1.710,0.940,15,0,547.021,0,0,14,89,0,29,0
28-06 15:20:06,52.708,14.917,32.072,0.249,0,2885032,135544,168584,4740612,5540.264,1503.658,3166.434,1046.196,34.807,51.713,5631,5843,2.400,1.710,0.940,3,0,195.913,0,0,14,92,0,29,0
28-06 15:20:07,57.321,8.761,33.041,0,0,3003980,154232,168608,4606428,5092.304,1567.941,0,1401.735,0,76.094,5090,7527,2.400,1.710,0.940,5,0,9.011,0,0,14,94,0,32,0
28-06 15:20:08,17.820,19.326,61.239,0.753,0,3030464,192376,168608,4542844,5559.739,1463.723,32.126,6529.531,4.016,347.358,7269,17167,2.290,1.700,0.940,1,0,413.617,0,0,14,97,0,33,0
28-06 15:20:09,9.492,18.985,70.443,0.250,0,3036392,186408,168608,4542884,5579.463,1802.534,7.994,2801.722,1.998,15.987,5782,4382,2.290,1.700,0.940,1,0,352.713,0,0,14,97,0,29,0
28-06 15:20:10,11.473,15.713,71.084,0,0,3063612,159164,168608,4542908,4714.988,1562.351,0,139.674,0,10.974,4604,3442,2.290,1.700,0.940,1,0,260.392,0,0,14,97,0,29,0
28-06 15:20:11,18.505,3.251,77.269,0,0,3110572,180416,168612,4476860,7943.001,3951.996,4.001,10278.590,1.000,528.133,1947,1242,2.290,1.700,0.940,1,0,0,0,0,14,98,0,29,0
28-06 15:20:12,20.502,3.250,75.006,0,0,3114244,176648,168616,4476952,27027.151,22868.820,80.006,192.015,8.001,15.001,2687,2582,2.290,1.700,0.940,1,0,0,0,0,14,99,0,30,0
28-06 15:20:13,19.507,7.253,72.278,0.750,0,3093880,197000,168616,4476964,5568.120,1566.596,4.002,272.104,1.000,19.007,2686,1984,2.190,1.690,0.940,2,0,63.024,0,0,14,99,0,28,0
28-06 15:20:14,19.982,2.748,76.182,0.250,0,3128136,162728,168616,4476980,11155.023,7825.001,0,2190.041,0,130.883,2602,2716,2.190,1.690,0.940,0,0,0.999,0,0,14,102,0,28,0
28-06 15:20:15,25.709,5.491,65.646,1.498,0,3132168,156884,168632,4478780,6649.511,1879.036,1325.908,4377.095,69.890,326.485,5335,7365,2.190,1.690,0.940,1,0,3.994,0,0,14,109,0,28,0
28-06 15:20:16,26.620,4.771,66.550,1.005,0,3066760,222156,168632,4478916,6322.455,2817.681,32.145,1297.841,2.009,131.592,4604,5567,2.190,1.690,0.940,1,0,18.081,0,0,14,108,0,30,0
28-06 15:20:17,30.429,10.226,57.616,0,0,3189168,166736,168632,4413652,5267.748,1616.241,0,1041.577,0,63.851,3809,2920,2.190,1.690,0.940,2,0,97.773,0,0,14,112,0,23,0
28-06 15:20:18,23.481,3.247,72.443,0.250,0,3212268,143592,168632,4413696,11922.561,8008.660,71.943,579.541,5.995,38.969,2784,2563,2.090,1.680,0.940,3,0,0.999,0,0,14,115,0,23,0
28-06 15:20:19,21.810,4.763,71.447,1.003,0,3220452,135276,168632,4413828,7358.324,3595.932,0,1460.033,0,138.382,4509,6161,2.090,1.680,0.940,7,1,2.006,0,0,14,117,0,23,0
28-06 15:20:20,39.928,13.226,45.917,0,0,3291644,130088,168636,4349492,6711.900,2820.915,7.986,3329.997,1.996,376.322,4663,4096,2.090,1.680,0.940,3,0,100.818,0,0,14,118,0,24,0
28-06 15:20:21,40.236,6.498,53.232,0.250,0,3351684,135136,168636,4286012,9979.591,6250.865,0,455.844,0,26.991,2775,1666,2.090,1.680,0.940,1,0,0,0,0,14,119,0,24,0
28-06 15:20:22,18.754,6.251,74.016,0,0,3337304,149500,168636,4286028,23576.036,19381.140,0,376.080,0,23.005,2578,1876,2.090,1.680,0.940,1,0,55.012,0,0,14,118,0,25,0
28-06 15:20:23,18.752,3.500,76.759,0,0,3385320,162600,168636,4226132,10577.179,7333.818,0,336.037,0,16.002,1856,1358,2,1.670,0.950,1,0,0,0,0,14,119,0,25,0
28-06 15:20:24,19.243,6.498,73.724,0.250,0,3326212,221692,168636,4226148,23426.783,19358.210,0,291.898,0,14.995,2576,1838,2,1.670,0.950,1,0,50.982,0,0,14,118,0,26,0
28-06 15:20:25,19.729,2.747,76.917,0,0,3383352,164548,168636,4226152,6830.618,3944.737,0,3.996,0,0.999,1729,1243,2,1.670,0.950,1,0,0,0,0,14,119,0,26,0
28-06 15:20:26,20.073,4.266,73.770,0.502,0,3357524,190320,168636,4226208,9986.523,6665.377,12.044,1212.434,3.011,98.360,3526,4053,2,1.670,0.950,2,0,18.066,0,0,14,118,0,27,0
28-06 15:20:27,28.687,8.481,61.364,0,0,3406052,141528,168636,4226472,4304.476,1131.497,0,702.446,0,47.894,4219,4798,2,1.670,0.950,2,0,72.839,0,0,14,120,0,28,0
28-06 15:20:28,18.729,1.748,78.413,0,0,3405976,141596,168636,4226480,29348.555,25116.234,0,355.607,0,18.979,1903,1500,1.920,1.650,0.950,1,0,0,0,0,14,120,0,29,0
28-06 15:20:29,20.016,6.755,72.807,0,0,3364468,183112,168636,4226496,4581.601,1459.147,0,380.299,0,20.016,2483,1807,1.920,1.650,0.950,1,0,55.043,0,0,14,120,0,29,0
28-06 15:20:30,16.782,2.004,79.901,0.250,0,3389016,158552,168636,4226508,10977.714,7746.617,0,392.741,0,25.047,1910,1686,1.920,1.650,0.950,1,0,0,0,0,14,121,0,29,0
28-06 15:20:31,26.529,5.756,65.321,1.752,0,3391052,156200,168636,4226824,5188.670,1621.772,0,4432.844,0,424.464,6556,10415,1.920,1.650,0.950,2,0,1.001,0,0,14,122,0,30,0
28-06 15:20:32,21.199,7.732,69.085,0.748,0.249,3399112,148132,168636,4226832,6648.148,2853.197,0,5187.630,0,354.156,4303,5506,1.920,1.650,0.950,1,0,52.874,0,0,14,121,0,31,0
28-06 15:20:33,19.243,2.999,76.720,0,0,3384904,214116,168636,4175860,10799.840,7328.177,0,419.838,0,26.990,1928,1423,1.770,1.630,0.940,2,0,0,0,0,14,122,0,31,0
28-06 15:20:34,20.304,4.011,74.449,1.003,0,3385884,213092,168640,4175900,9536.499,5956.928,12.032,4311.528,3.008,179.480,3972,5099,1.770,1.630,0.940,8,1,0,0,0,14,122,0,31,0
28-06 15:20:35,38.781,6.755,52.542,0.500,0,3394420,204264,168640,4176192,6066.899,2367.912,0,1188.960,0,141.114,10294,15524,1.770,1.630,0.940,2,0,2.002,0,0,14,125,0,32,0
28-06 15:20:36,19.933,7.724,70.761,0,0.249,3375736,222944,168640,4176196,6002.741,1680.329,0,406.628,0,27.906,2935,2344,1.770,1.630,0.940,1,0,77.738,0,0,14,125,0,32,0
28-06 15:20:37,18.251,2.000,79.503,0.250,0,3396868,201788,168652,4176208,13049.492,9680.365,4.000,460.017,1.000,30.001,1972,1684,1.770,1.630,0.940,0,0,1.000,0,0,14,128,0,32,0
28-06 15:20:38,16.749,10.750,69.748,0.500,0,3394620,203992,168652,4176252,7323.746,3181.890,47.998,1019.965,3.000,108.996,4661,4962,1.710,1.620,0.940,1,0,146.995,0,0,14,127,0,33,0
28-06 15:20:39,20.744,3.499,74.980,0,0,3461956,136600,168652,4176308,6777.178,3585.036,0,475.872,0,27.992,1813,1320,1.710,1.620,0.940,1,0,0,0,0,14,128,0,33,0
28-06 15:20:40,21.039,3.006,74.637,0.250,0,3454108,144444,168652,4176312,15125.778,11294.742,0,1246.289,0,51.094,3384,3908,1.710,1.620,0.940,1,0,0,0,0,14,128,0,33,0
28-06 15:20:41,25.673,5.483,66.300,0.748,0,3448980,149372,168652,4176512,5059.759,1453.621,0,1268.180,0,149.550,7014,10325,1.710,1.620,0.940,2,0,0,0,0,14,128,0,33,0
28-06 15:20:42,42.179,10.545,44.941,0.502,0,3357420,240420,168672,4177004,6501.566,3332.128,417.771,5065.477,69.294,435.848,11069,17059,1.710,1.620,0.940,2,0,61.260,0,0,14,129,0,34,0
28-06 15:20:43,39.847,14.444,43.582,0.747,0,3368884,228508,168672,4177356,5273.697,1779.151,15.939,1434.478,0.996,113.563,6950,8506,1.810,1.640,0.950,2,0,228.122,0,0,14,129,0,34,0
28-06 15:20:44,19.746,2.749,76.984,0.250,0,3412480,184912,168672,4177356,10717.723,7573.391,0,579.877,0,33.993,1878,1414,1.810,1.640,0.950,1,0,0,0,0,14,130,0,34,0
28-06 15:20:45,15.257,12.756,70.283,0,0,3399020,198340,168672,4177388,6442.046,3318.569,4.002,480.227,1.000,27.013,4076,3071,1.810,1.640,0.950,2,0,168.079,0,0,14,129,0,35,0
28-06 15:20:46,8.783,21.079,68.506,0.251,0,3383196,214136,168672,4177416,3869.469,903.378,0,509.907,0,32.120,5238,3752,1.810,1.640,0.950,1,0,284.062,0,0,14,129,0,35,0
28-06 15:20:47,12.975,19.213,65.874,0,0,3374104,223208,168676,4177884,3900.547,1185.734,0,491.062,0,33.935,5610,5025,1.810,1.640,0.950,2,0,248.525,0,0,14,129,0,35,0
28-06 15:20:48,25.053,18.790,55.367,0,0,3369160,228108,168688,4177456,4976.533,1569.322,8.017,1871.962,2.004,107.227,6241,6905,1.830,1.650,0.960,2,0,298.632,0,0,14,129,0,35,0
28-06 15:20:49,30.005,24.754,44.008,0.500,0,3408088,189108,168688,4177524,4472.809,1582.286,16.003,4396.795,1.000,228.041,6786,6256,1.830,1.650,0.960,2,0,490.089,0,0,14,129,0,35,0
28-06 15:20:50,41.431,16.472,40.432,0,0,3472188,124692,168700,4178280,4634.262,1215.970,3.993,738.767,0.998,30.948,7316,10524,1.830,1.650,0.960,3,0,241.597,0,0,16,135,0,35,0
28-06 15:20:51,54.469,27.984,16.491,0,0,3586004,148848,168700,4042392,4698.306,1403.195,103.940,835.521,5.997,83.952,7512,9913,1.830,1.650,0.960,7,0,583.665,0,0,16,135,0,35,0
28-06 15:20:52,65.899,20.045,14.032,0.251,0,3706736,121796,168808,3949700,4931.114,1623.659,124.280,857.934,9.020,118.267,7654,10399,1.830,1.650,0.960,7,0,331.748,0,0,16,155,0,35,0
28-06 15:20:53,40.497,24.498,34.997,0.500,0,3778204,148040,168808,3853020,5279.622,1709.878,4.000,1179.915,1.000,53.996,17853,11332,1.840,1.650,0.960,2,0,459.967,0,0,16,157,0,35,0
28-06 15:20:54,30.977,22.983,44.468,0,0,3826484,155368,168816,3798552,5456.027,1618.821,75.945,355.741,1.999,19.985,6979,6027,1.840,1.650,0.960,2,0,563.590,0,0,16,157,0,35,0
28-06 15:20:55,21.994,16.245,60.732,0,0,3846124,135564,168816,3798700,5038.529,1619.527,0,235.931,0,11.996,6966,9286,1.840,1.650,0.960,2,0,258.924,0,0,17,157,0,35,0
28-06 15:20:56,30.781,23.774,44.795,0,0,3908528,128884,168816,3744472,5708.697,1567.564,0,44.044,0,8.008,6723,5636,1.840,1.650,0.960,2,0,524.523,0,0,17,157,0,35,0
28-06 15:20:57,38.209,15.733,45.202,0,0,3957396,156752,168820,3669484,5306.334,1580.313,0,203.782,0,12.986,7124,8450,1.840,1.650,0.960,2,0,270.711,0,0,17,163,0,35,0
28-06 15:20:58,38.984,27.489,32.737,0.250,0,4065772,151532,168828,3568760,5185.896,1619.343,47.981,503.796,2.999,29.988,8090,12992,2.010,1.690,0.980,6,0,607.753,0,0,17,169,0,33,0
28-06 15:20:59,31.271,25.017,41.778,0.250,0,4143084,154716,168828,3490332,5163.465,1621.088,8.005,724.486,2.001,53.036,8941,14862,2.010,1.690,0.980,1,0,612.411,0,0,17,177,0,33,0
28-06 15:21:00,20.686,18.443,60.312,0.249,0,4154864,142888,168828,3490364,5323.429,1614.973,3.988,729.728,0.997,44.860,6801,7211,2.010,1.690,0.980,3,0,354.895,0,0,17,185,0,33,0
28-06 15:21:01,30.734,15.492,52.473,0,0,4233636,136872,168828,3419104,5534.144,1619.164,771.602,775.600,12.993,18.990,5341,6102,2.010,1.690,0.980,3,0,188.903,0,0,17,185,0,33,0
28-06 15:21:02,48.835,9.468,40.613,0.249,0,4343732,136840,168836,3310928,5501.455,1614.558,418.589,219.261,9.966,20.929,3491,2081,2.010,1.690,0.980,8,0,4.983,0,0,17,191,0,33,0
28-06 15:21:03,37.449,6.786,55.043,0.251,0,4429380,135016,168840,3229712,5567.614,1556.278,68.364,522.781,7.037,46.246,3264,2777,1.930,1.680,0.980,4,0,15.080,0,0,17,207,0,33,0
28-06 15:21:04,31.807,20.286,46.333,0.501,0,4352884,210636,168848,3230564,5890.505,1622.894,805.436,689.229,11.020,55.098,6634,6219,1.930,1.680,0.980,3,0,464.829,0,0,17,205,0,34,0
28-06 15:21:05,34.255,28.754,36.255,0.250,0,4431752,172104,168868,3191348,11185.660,7172.064,2220.330,616.091,38.006,41.006,7734,9376,1.930,1.680,0.980,2,0,557.083,0,0,17,206,0,34,0
28-06 15:21:06,55.245,17.499,26.498,0.250,0,4410800,232264,168880,3153092,8932.264,4537.626,79.993,1071.912,7.999,20.998,5587,6819,1.930,1.680,0.980,6,0,233.981,0,0,17,208,0,35,0
28-06 15:21:07,76.969,14.494,7.997,0.500,0,4602576,164160,168880,3033264,5189.903,1511.389,1019.588,567.771,22.991,41.983,4907,3716,1.930,1.680,0.980,4,0,21.991,0,0,17,218,0,21,0
28-06 15:21:08,59.247,13.443,20.911,5.228,0,4671444,169036,168972,2962484,15415.229,11562.666,7089.751,17752.258,528.744,933.019,7486,19596,2.100,1.720,1,5,0,63.728,0,0,17,229,0,22,0
28-06 15:21:09,48.444,21.084,29.117,0.753,0,4656776,181884,168976,2964276,5810.266,2462.862,64.257,891.570,5.020,44.177,7236,8473,2.100,1.720,1,4,0,445.785,0,0,17,227,0,28,0
28-06 15:21:10,38.161,19.205,41.154,0,0,4685040,152104,168984,2966120,10519.378,7315.876,0,9469.835,0,25.939,6738,8343,2.100,1.720,1,2,0,331.225,0,0,17,228,0,28,0
28-06 15:21:11,50.629,25.565,23.059,0.251,0,4683116,178124,168984,2942160,9896.134,6636.856,320.815,4864.354,18.046,52.132,7520,8540,2.100,1.720,1,5,0,507.288,0,0,17,227,0,25,0
28-06 15:21:12,61.388,21.211,16.720,0.250,0,4762296,129000,169004,2913088,5380.225,2912.708,1050.092,519.057,47.913,23.956,6053,8183,2.100,1.720,1,2,0,310.436,0,0,17,230,0,25,0
28-06 15:21:13,51.755,26.753,20.252,0.250,0,4854216,136652,169008,2814268,14857.468,11096.096,312.031,4988.493,17.002,502.050,8686,12059,2.170,1.740,1.010,5,0,497.049,0,0,17,231,0,28,0
28-06 15:21:14,62.376,24.299,13.277,0.251,0,4869768,157200,169024,2779836,10599.364,1573.171,292.590,961.939,11.022,72.145,7606,10415,2.170,1.740,1.010,4,0,328.662,0,0,17,239,0,29,0
28-06 15:21:15,60.786,18.511,19.011,0,0,4984636,133340,169024,2690644,20469.968,9424.510,344.201,576.337,22.013,33.019,6888,9912,2.170,1.740,1.010,3,0,189.111,0,0,17,244,0,28,0
28-06 15:21:16,62.783,14.948,21.426,0.249,0,5015288,168084,169032,2627156,29684.523,10373.190,1072.298,932.780,26.907,44.845,11331,17886,2.170,1.740,1.010,4,0,18.935,0,0,17,246,0,29,0
28-06 15:21:17,57.641,10.526,30.575,1.002,0,5124244,123628,169032,2564360,27107.119,6453.742,1768.313,741.809,95.232,62.152,6045,7942,2.170,1.740,1.010,4,0,12.029,0,0,17,253,0,35,0
28-06 15:21:18,53.557,15.516,30.032,0.250,0,5041460,232632,169032,2538816,28690.467,10925.602,532.566,852.906,6.006,69.073,6307,5503,2.240,1.760,1.020,3,0,251.267,0,0,17,253,0,37,0
28-06 15:21:19,47.921,29.452,20.716,0.250,0,5099960,170164,169160,2542972,19348.183,1617.340,4628.389,1428.651,67.888,75.875,8289,9273,2.240,1.760,1.020,7,0,565.071,0,0,17,253,0,35,0
28-06 15:21:20,59.400,17.970,22.213,0.250,0,5133088,136936,169164,2543224,33608.612,12560.926,535.102,1010.305,6.988,42.928,7218,7863,2.240,1.760,1.020,5,0,208.650,0,0,18,253,0,36,0
28-06 15:21:21,80.136,18.031,1.503,0,0,5202100,124896,169164,2488020,21361.152,1460.472,841.424,504.854,11.019,20.034,5617,3497,2.240,1.760,1.020,4,0,128.217,0,0,18,256,0,36,0
28-06 15:21:22,78.515,13.210,4.985,1.745,0,5310060,120296,169196,2389020,20516.556,9390.876,3413.776,3310.087,182.454,273.182,6246,5463,2.240,1.760,1.020,3,0,10.967,0,0,18,261,0,36,0
28-06 15:21:23,59.994,17.998,21.248,0.750,0,5277564,176552,169216,2365936,9301.113,5178.506,1227.883,4647.557,36.996,388.963,8360,12556,2.220,1.760,1.020,3,0,231.978,0,0,18,268,0,36,0
28-06 15:21:24,39.068,9.266,51.340,0,0,5345756,130980,169216,2343984,13913.365,6092.670,560.982,440.772,7.012,34.060,3773,2978,2.220,1.760,1.020,2,0,8.014,0,0,18,270,0,36,0
28-06 15:21:25,38.010,9.252,51.763,0.500,0,5344144,150980,169216,2326344,2950401.200,64590.248,768.193,604.152,6.002,50.013,7127,5286,2.220,1.760,1.020,2,0,13.003,0,0,18,273,0,37,0
28-06 15:21:26,48.822,19.678,29.642,0.249,0,5342408,137300,169220,2341728,14101540.832,196415.097,2793.831,298.912,30.888,15.942,17064,10505,2.220,1.760,1.020,4,0,265.035,0,0,18,272,0,37,0
28-06 15:21:27,38.576,6.513,53.105,0.501,0,5410652,118496,169220,2293868,15908.401,12133.950,256.506,681.345,2.004,69.136,3847,3640,2.220,1.760,1.020,2,0,3.006,0,0,18,276,0,35,1
28-06 15:21:28,38.433,6.738,53.906,0,0,5386744,155908,169220,2280708,14030.543,10563.586,0,531.074,0,49.913,3871,3687,2.120,1.750,1.020,4,0,6.988,0,0,18,283,0,37,0
28-06 15:21:29,30.312,4.509,63.129,0.501,0,5432940,128324,169220,2262468,370452.792,15350555.419,545.114,472.966,29.059,45.092,4994,4782,2.120,1.750,1.020,0,0,1.002,0,0,18,283,0,40,0
28-06 15:21:30,29.858,6.273,62.226,0.251,0,5393612,167532,169228,2262580,9930110.822,1166482.332,48.175,782.842,3.011,72.262,9986,7900,2.120,1.750,1.020,2,0,6.022,0,0,18,288,0,43,0
28-06 15:21:31,34.077,8.208,54.972,0.249,0,5374532,170528,169232,2278628,6798024.250,129124.237,47.758,12890.734,2.985,64.673,11022,9623,2.120,1.750,1.020,0,0,65.668,0,0,18,285,0,45,0
28-06 15:21:32,16.287,2.756,80.433,0.251,0,5311392,233652,169236,2278640,14721.438,10453.745,0,1010.295,0,48.109,2514,2762,2.120,1.750,1.020,1,0,4.009,0,0,18,284,0,46,0
28-06 15:21:33,10.984,18.473,67.901,0.250,0,5293656,251292,169236,2278736,4755.067,1240.192,31.953,14822.389,2.996,1237.196,5995,5076,2.030,1.740,1.020,1,0,431.371,0,0,18,284,0,46,0
28-06 15:21:34,24.738,3.498,71.214,0.250,0,5348672,196272,169236,2278740,3900.040,743.626,0,551.723,0,46.976,2466,2352,2.030,1.740,1.020,1,0,0,0,0,18,284,0,46,0
28-06 15:21:35,11.520,17.781,68.870,0.250,0,5283692,261204,169240,2278784,4914.573,1568.737,4.007,568.993,1.002,43.075,5775,4833,2.030,1.740,1.020,1,0,330.577,0,0,18,286,0,44,0
28-06 15:21:36,7.238,14.975,76.623,0.250,0,5279016,265760,169240,2278904,5140.470,1509.495,79.867,16197.121,4.992,32.945,4919,4125,2.030,1.740,1.020,0,0,340.435,0,0,18,286,0,44,0
28-06 15:21:37,6.773,2.258,90.307,0.251,0,5286924,257852,169240,2278904,5057.218,1625.534,0,5113.409,0,117.400,1538,1596,2.030,1.740,1.020,1,0,9.031,0,0,18,286,0,44,0
28-06 15:21:38,20.437,2.991,75.519,0.249,0,5341864,202916,169240,2278908,6754.311,3853.197,0,263.194,0,12.960,2082,1744,1.950,1.730,1.020,0,0,0,0,0,18,287,0,44,0
28-06 15:21:39,17.801,6.268,73.710,0,0,5299560,245004,169240,2279124,12459.555,8332.779,68.195,806.301,5.014,48.137,3511,3116,1.950,1.730,1.020,2,0,87.249,0,0,18,290,0,44,0
28-06 15:21:40,11.726,16.466,70.105,0.249,0,5298368,245984,169248,2279324,4895.847,1562.759,7.983,235.512,1.996,21.954,5665,4481,1.950,1.730,1.020,1,0,233.516,0,0,18,290,0,44,0
28-06 15:21:41,13.788,17.047,68.190,0.251,0,5293560,250528,169248,2279556,5201.480,1624.522,0,280.782,0,24.067,5542,4306,1.950,1.730,1.020,3,0,224.625,0,0,18,294,0,44,0
28-06 15:21:42,21.487,5.996,71.707,0,0,5324996,219028,169248,2279604,4557.288,1619.037,3.998,12100.800,0.999,31.981,2661,2212,1.950,1.730,1.020,1,0,58.965,0,0,18,294,0,44,0
28-06 15:21:43,22.973,4.245,72.416,0,0.250,5387740,156280,169248,2279608,4706.512,1510.239,103.879,123.856,0.999,11.986,2165,1740,1.870,1.710,1.020,1,0,1.998,0,0,18,294,0,43,0
28-06 15:21:44,24.927,2.742,71.041,0.249,0,5331540,212088,169248,2280000,4726.115,1615.254,283.168,307.098,10.968,40.880,2772,2668,1.870,1.710,1.020,1,0,6.979,0,0,18,294,0,43,0
28-06 15:21:45,23.997,4.249,71.491,0,0,5338768,204812,169248,2280048,4559.450,1619.804,23.997,575.930,4.000,33.996,2229,1815,1.870,1.710,1.020,1,0,0,0,0,18,294,0,43,0
28-06 15:21:46,22.267,4.003,72.557,0.250,0,5385276,158220,169248,2280132,6314.920,3410.657,80.062,112.087,5.004,13.010,2445,2144,1.870,1.710,1.020,0,0,4.003,0,0,18,297,0,43,0
28-06 15:21:47,14.488,1.499,82.430,0,0,5391176,152172,169248,2280280,22042.312,18367.428,0,195.834,0,9.992,2389,2375,1.870,1.710,1.020,2,0,0.999,0,0,18,300,0,45,0
28-06 15:21:48,23.018,4.253,72.055,0,0,5328644,214700,169248,2280284,5294.047,1621.239,0,48.037,0,4.003,2236,1597,1.800,1.700,1.020,1,0,15.011,0,0,18,294,0,44,0
28-06 15:21:49,25.757,3.001,71.019,0.500,0,5346788,196556,169248,2280284,3839.037,960.259,0,400.108,0,40.011,2325,1966,1.800,1.700,1.020,1,0,0,0,0,18,294,0,44,0
28-06 15:21:50,12.778,15.534,69.654,0.251,0,5265784,277320,169256,2280516,4355.599,1070.359,457.007,573.263,8.018,35.077,5288,4645,1.800,1.700,1.020,1,0,282.623,0,0,18,294,0,44,0
28-06 15:21:51,14.723,15.222,69.121,0,0,5298252,244712,169256,2280656,5047.587,1616.984,27.948,439.181,3.993,27.948,4754,3873,1.800,1.700,1.020,1,0,306.429,0,0,18,294,0,44,0
28-06 15:21:52,18.823,3.263,77.047,0.251,0,5343792,199104,169304,2280676,11307.557,4486.281,28.108,297.145,5.019,13.050,2229,1773,1.800,1.700,1.020,1,0,33.128,0,0,18,295,0,44,0
28-06 15:21:53,23.908,3.487,71.475,0,0,5338212,197648,169912,2287008,5241.811,1787.117,63.754,777.007,0.996,11.954,2348,1789,1.740,1.690,1.020,1,0,3.985,0,0,18,294,0,44,0
28-06 15:21:54,22.507,5.502,70.021,0.250,0,5366044,168556,169972,2288176,5725.744,2534.772,4.001,648.197,1.000,15.005,10423,19292,1.740,1.690,1.020,0,0,12.004,0,0,18,295,0,44,0
28-06 15:21:55,19.738,5.247,73.457,0,0,5364372,169936,169992,2288448,11466.309,3482.968,47.972,503.706,6.996,22.987,10279,19174,1.740,1.690,1.020,1,0,12.992,0,0,18,295,0,44,0
28-06 15:21:56,21.091,5.775,72.313,0.502,0,5329160,211032,170112,2282476,5319.998,1639.086,0,980.238,0,33.143,2639,2169,1.740,1.690,1.020,2,0,43.187,0,0,18,294,0,44,0
28-06 15:21:57,14.441,13.196,69.963,0.249,0,5328648,211520,170112,2282500,5497.445,1655.209,0,402.349,0,14.939,4323,3496,1.740,1.690,1.020,1,0,235.036,0,0,18,294,0,44,0
28-06 15:21:58,20.998,2.750,75.993,0,0,5369924,170060,170112,2282684,7008.393,3585.689,0,7.999,0,1.000,1891,1365,1.680,1.680,1.020,0,0,0,0,0,18,295,0,44,0
28-06 15:21:59,17.575,7.281,74.315,0.251,0,5341488,198456,170112,2282724,14177.138,9963.263,28.119,3016.797,2.009,430.828,3469,2782,1.680,1.680,1.020,1,0,116.494,0,0,18,294,0,47,0
28-06 15:22:00,23.159,3.735,71.967,0,0,5342096,197820,170112,2282752,5020.238,1613.648,15.937,207.184,0.996,17.929,2357,2114,1.680,1.680,1.020,1,0,0,0,0,18,294,0,47,0
28-06 15:22:01,17.791,4.510,76.675,0,0.251,5311720,228172,170112,2282776,14735.574,10225.298,0,180.411,0,13.030,2663,2341,1.680,1.680,1.020,1,0,49.112,0,0,18,294,0,48,0
28-06 15:22:02,22.667,4.733,70.493,0.498,0,5374404,165480,170116,2282780,5320.567,1614.105,0,2040.547,0,129.527,2448,2287,1.680,1.680,1.020,1,0,20.924,0,0,18,294,0,48,0
28-06 15:22:03,18.672,2.241,77.428,0,0,5380364,159516,170116,2282784,18659.283,14585.251,15.934,143.403,0.996,7.967,2247,1883,1.620,1.670,1.020,2,0,0,0,0,18,294,0,49,0
28-06 15:22:04,22.362,6.784,69.849,0.754,0,5361900,177948,170116,2282816,5111.569,1573.873,0,872.364,0,70.352,3136,3019,1.620,1.670,1.020,1,0,56.282,0,0,18,296,0,48,0
28-06 15:22:05,19.506,2.001,77.272,0.250,0,5376496,163316,170116,2282852,15624.421,11844.352,32.009,244.069,2.001,24.007,2502,2389,1.620,1.670,1.020,1,0,0,0,0,18,296,0,51,0
28-06 15:22:06,21.082,5.772,72.280,0,0,5393096,146688,170116,2282880,5438.087,1668.470,12.047,172.670,1.004,10.039,2432,1808,1.620,1.670,1.020,1,0,33.128,0,0,18,296,0,51,0
28-06 15:22:07,16.927,1.991,80.405,0,0,5392184,147592,170116,2282888,12038.392,9559.021,0,111.522,0,8.962,1961,1610,1.620,1.670,1.020,0,0,0,0,0,18,297,0,51,0
28-06 15:22:08,19.518,5.255,74.319,0,0,5333580,206148,170116,2282936,8573.986,4557.245,32.030,1169.089,2.002,117.109,3006,2898,1.650,1.670,1.030,2,0,57.053,0,0,18,296,0,51,0
28-06 15:22:09,24.219,4.494,70.161,0,0,5366796,172928,170116,2282940,10798.313,7279.773,0,123.843,0,7.990,2860,8585,1.650,1.670,1.030,1,0,25.967,0,0,18,297,0,52,0
28-06 15:22:10,21.507,5.002,73.025,0.250,0,5372772,166916,170116,2282976,8522.870,5589.882,16.005,220.074,1.000,17.006,2692,2351,1.650,1.670,1.030,1,0,32.011,0,0,18,296,0,55,0
28-06 15:22:11,18.749,3.500,76.496,0,0,5411240,148344,170116,2263652,10104.503,6900.661,0,135.993,0,10.000,2026,1709,1.650,1.670,1.030,1,0,0,0,0,18,297,0,55,0
28-06 15:22:12,16.300,5.016,77.239,0.502,0,5386632,172940,170116,2263664,10135.358,6710.762,0,312.968,0,33.102,2947,2830,1.650,1.670,1.030,1,0,60.186,0,0,18,296,0,48,0
28-06 15:22:13,5.984,6.732,85.018,1.496,0,5387784,170552,170672,2264344,10463.502,4452.872,1120.947,626.294,250.318,17.951,3008,3025,1.520,1.640,1.020,0,0,119.674,0,0,18,298,0,48,0
28-06 15:22:14,5.499,7.748,84.729,0.250,0,5375040,183240,170676,2264396,15710.129,4268.948,0,635.843,0,43.989,3201,3026,1.520,1.640,1.020,0,0,124.969,0,0,18,298,0,49,0
28-06 15:22:15,6.276,7.782,85.604,0,0,5363376,194844,170676,2264456,11007.484,3391.012,0,188.780,0,17.071,3222,2785,1.520,1.640,1.020,1,0,142.589,0,0,18,296,0,50,0
28-06 15:22:16,17.432,7.471,72.220,1.743,0,5362580,184320,170832,2275532,5681.002,1559.959,3920.818,235.090,282.905,10.958,3060,2735,1.520,1.640,1.020,1,0,72.718,0,0,18,296,0,45,0
28-06 15:22:17,19.504,2.500,76.264,0,0,5372528,170452,170872,2279308,11264.119,3693.695,4.001,1468.276,1.000,24.005,2348,2119,1.520,1.640,1.020,1,0,16.003,0,0,18,296,0,45,0
28-06 15:22:18,18.005,5.001,75.772,0.750,0,5318432,219452,170892,2284336,11362.368,3871.148,608.180,2300.682,14.004,80.024,2980,2738,1.480,1.630,1.020,1,0,45.013,0,0,18,296,0,45,0
28-06 15:22:19,17.746,12.747,67.984,0.250,0,5305088,231212,170892,2285904,5578.677,1619.616,691.836,1719.592,8.998,66.984,5026,5006,1.480,1.630,1.020,1,0,262.938,0,0,18,296,0,45,0
28-06 15:22:20,22.509,3.251,72.530,0.500,0,5342272,193940,170892,2285992,11290.603,7335.991,32.013,2100.856,1.000,332.135,2748,2671,1.480,1.630,1.020,4,0,2.001,0,0,18,297,0,37,0
28-06 15:22:21,21.241,5.748,71.970,0.250,0,5350360,185828,170892,2286016,23334.344,19344.994,0,267.889,0,23.990,2934,2725,1.480,1.630,1.020,2,0,47.980,0,0,18,296,0,39,0
28-06 15:22:22,19.003,3.751,76.261,0.250,0,5391376,144808,170892,2286020,10413.570,7268.096,0,332.050,0,37.006,2008,1780,1.480,1.630,1.020,2,0,0,0,0,18,297,0,39,0
28-06 15:22:23,22.007,3.501,73.274,0,0,5371884,163904,170892,2286416,8501.819,4762.579,384.127,360.119,22.007,18.006,2722,2459,1.440,1.620,1.020,1,0,14.005,0,0,18,296,0,41,0
28-06 15:22:24,20.490,2.749,74.963,0.250,0,5384188,151592,170892,2286424,10616.736,7329.366,0,291.855,0,21.989,2200,2006,1.440,1.620,1.020,1,0,0,0,0,18,297,0,38,0
28-06 15:22:25,23.980,4.496,69.692,1.749,0,5382012,151136,170892,2289052,7212.976,3693.915,2382.011,1222.979,101.915,164.862,5157,7499,1.440,1.620,1.020,1,0,0.999,0,0,18,296,0,39,0
28-06 15:22:26,22.523,4.004,72.325,0.250,0,5393560,139584,170892,2289056,5602.778,1621.672,0,616.636,0,42.043,2231,1762,1.440,1.620,1.020,1,0,6.006,0,0,18,296,0,39,0
28-06 15:22:27,15.241,2.499,81.452,0,0,5401872,131260,170892,2289068,14947.174,11278.340,0,87.948,0,9.994,2150,1991,1.440,1.620,1.020,1,0,0,0,0,18,297,0,39,0
28-06 15:22:28,19.839,9.292,67.301,1.256,0,5352264,180652,170900,2289276,6444.868,2858.805,160.720,5777.881,8.036,304.363,6017,7656,1.400,1.610,1.020,1,0,116.522,0,0,18,296,0,37,0
28-06 15:22:29,7.979,23.190,66.329,0,0.249,5333200,199684,170900,2289316,4745.753,1454.247,0,610.425,0,22.941,5859,4450,1.400,1.610,1.020,1,0,406.950,0,0,18,296,0,37,0
28-06 15:22:30,9.272,21.802,66.159,0.251,0,5336556,196308,170900,2289336,5112.301,1623.907,0,360.868,0,22.053,5787,4496,1.400,1.610,1.020,1,0,385.929,0,0,18,296,0,37,0
28-06 15:22:31,8.228,23.189,66.824,0.249,0,5329804,203036,170900,2289360,4586.903,1238.733,0,829.811,0,59.842,6083,4885,1.400,1.610,1.020,1,0,421.887,0,0,18,296,0,37,0
28-06 15:22:32,8.018,23.554,66.903,0,0,5328204,204612,170900,2289384,3910.931,703.607,0,228.522,0,20.046,6142,4920,1.400,1.610,1.020,2,0,455.039,0,0,18,296,0,37,0
28-06 15:22:33,8.249,23.248,66.993,0,0,5329648,203148,170900,2289404,4793.485,1133.878,0,43.995,0,10.999,6064,4732,1.370,1.600,1.020,2,0,445.952,0,0,18,296,0,26,0
28-06 15:22:34,23.756,28.257,46.012,0,0,5334912,197848,170900,2289440,4999.250,1458.365,512.128,836.209,4.001,64.016,7097,6740,1.370,1.600,1.020,2,0,584.146,0,0,18,296,0,26,0
28-06 15:22:35,22.467,24.964,51.426,0.250,0,5331696,201012,170900,2289492,5392.190,1617.657,511.259,2476.413,3.994,382.446,6674,5677,1.370,1.600,1.020,4,0,498.278,0,0,18,296,0,26,0
28-06 15:22:36,7.749,22.747,67.492,0,0,5320308,212376,170900,2289516,5254.414,1457.837,0,171.981,0,13.998,5934,4669,1.370,1.600,1.020,1,0,421.953,0,0,18,296,0,26,0
28-06 15:22:37,14.968,11.475,71.347,0.249,0,5296168,351108,170900,2186568,5208.845,1616.538,19.957,1105.632,1.996,15.966,3590,2951,1.370,1.600,1.020,1,0,147.684,0,0,18,296,0,26,0
28-06 15:22:38,24.005,3.501,71.016,0.750,0,5320128,315580,171564,2197460,4999.095,1458.319,32.007,5589.224,1.000,175.038,2845,2958,1.340,1.590,1.020,2,0,6.001,0,0,18,296,0,26,0
28-06 15:22:39,17.243,1.499,79.466,0.750,0,5333604,301020,171636,2198492,18815.006,9078.143,655.721,4662.019,37.984,118.949,1934,1627,1.340,1.590,1.020,0,1,12.994,0,0,18,297,0,26,0
28-06 15:22:40,14.265,1.502,82.586,1.001,0,5333096,300264,171776,2199616,30003.270,17935.693,644.672,1970.053,76.079,63.066,1893,1877,1.340,1.590,1.020,0,0,0,0,0,18,297,0,26,0
28-06 15:22:41,16.542,1.754,79.953,1.003,0,5355268,276324,171904,2201260,24074.136,13957.445,1383.513,1495.799,73.186,48.122,1892,1660,1.340,1.590,1.020,0,0,0,0,0,18,297,0,24,0
28-06 15:22:42,17.258,1.501,79.285,1.000,0,5361804,268260,172008,2202676,23235.161,13072.717,992.434,1400.612,51.022,45.020,1934,1684,1.340,1.590,1.020,0,0,0,0,0,18,297,0,24,0
28-06 15:22:43,21.735,2.998,73.200,1.499,0,5363252,228204,172404,2240856,6231.726,1684.845,12375.513,1311.101,127.912,58.960,2358,2122,1.310,1.580,1.020,1,0,0.999,0,0,18,297,0,24,0
28-06 15:22:44,22.997,3.250,71.491,0.750,0,5366020,204036,173328,2260796,5289.351,1619.801,0,2523.690,0,80.990,2490,2484,1.310,1.580,1.020,1,0,0,0,0,18,297,0,24,0
28-06 15:22:45,23.996,2.250,72.238,0.500,0,5370036,180108,173768,2280020,4979.152,1619.724,0,1619.724,0,70.988,2603,2478,1.310,1.580,1.020,1,0,0,0,0,18,297,0,24,0
28-06 15:22:46,21.454,3.243,72.843,1.247,0,5365960,169284,174812,2293584,5584.933,1616.507,0,2861.817,0,117.746,2503,2456,1.310,1.580,1.020,1,0,0.998,0,0,18,297,0,24,0
28-06 15:22:47,23.977,2.747,71.430,0.749,0,5373704,134268,175700,2319664,4985.140,1618.422,0,1870.177,0,65.936,2541,2307,1.310,1.580,1.020,1,0,0,0,0,18,297,0,24,0
28-06 15:22:48,23.075,4.013,72.235,0.502,0,5361712,158348,176152,2306900,5479.849,1637.333,0,1874.104,0,83.271,2607,2452,1.290,1.570,1.020,1,0,2.007,0,0,18,296,0,24,0
28-06 15:22:49,18.740,4.498,75.209,0.500,0,5402964,133912,176168,2290960,12241.354,4774.408,0,16698.934,0,119.935,2611,2382,1.290,1.570,1.020,2,0,33.982,0,0,18,296,0,22,0
28-06 15:22:50,24.517,4.503,68.549,0.250,0,5401852,133312,176196,2292660,5043.580,1663.180,0,1328.943,0,195.139,11096,19935,1.290,1.570,1.020,1,0,8.006,0,0,18,296,0,22,0
28-06 15:22:51,23.265,6.754,69.296,0,0,5408216,126256,176196,2293320,4940.277,1621.075,0,1837.219,0,17.011,10859,19230,1.290,1.570,1.020,1,0,23.015,0,0,18,296,0,22,0
28-06 15:22:52,20.672,5.728,72.477,0,0,5363116,178744,176208,2286000,5039.047,1452.537,0,426.396,0,11.955,2313,1792,1.290,1.570,1.020,1,0,10.959,0,0,18,296,0,22,0
28-06 15:22:53,23.081,5.268,69.744,0,0,5337868,203960,176212,2286028,5418.947,1625.684,0,4.014,0,1.004,10863,19850,1.270,1.560,1.020,1,0,55.193,0,0,18,296,0,22,0
28-06 15:22:54,20.919,4.483,72.967,0.498,0,5353432,188372,176212,2286060,9257.050,2868.859,15.938,721.199,0.996,11.954,2432,2067,1.270,1.560,1.020,0,0,34.865,0,0,18,297,0,22,0
28-06 15:22:55,21.012,3.002,75.044,0,0,5353184,182352,176212,2292296,7837.645,3399.014,0,1180.700,0,30.018,2195,1807,1.270,1.560,1.020,1,0,4.002,0,0,18,296,0,22,0
28-06 15:22:56,22.528,6.758,69.335,0.250,0,5376152,158160,176212,2293456,5201.358,1459.784,0,508.622,0,5.006,10182,18421,1.270,1.560,1.020,1,0,16.020,0,0,18,296,0,22,0
28-06 15:22:57,22.715,7.239,68.643,0,0,5376564,157656,176212,2293548,5289.770,1455.735,0,475.261,0,13.978,10819,19407,1.270,1.560,1.020,2,0,18.970,0,0,18,296,0,22,0
28-06 15:22:58,22.258,4.252,71.525,0.250,0,5359620,182116,176228,2286080,5161.839,1620.577,0,1368.488,0,64.023,2634,2420,1.240,1.550,1.020,1,0,22.008,0,0,18,296,0,22,0
28-06 15:22:59,21.333,6.024,72.031,0,0,5336884,204896,176232,2286096,4330.900,1138.442,0,273.066,0,11.043,3150,2679,1.240,1.550,1.020,1,0,94.368,0,0,18,296,0,22,0
28-06 15:23:00,23.157,3.735,71.463,0,0,5343344,186804,176928,2296944,5143.314,1398.376,0,1023.882,0,12.948,2417,1968,1.240,1.550,1.020,2,0,2.988,0,0,18,296,0,22,0
28-06 15:23:01,13.996,1.999,83.227,0.250,0,5347740,182016,176948,2297268,21379.990,8925.491,0,951.732,0,18.995,1732,1513,1.240,1.550,1.020,0,0,15.996,0,0,18,297,0,18,0
28-06 15:23:02,12.487,1.748,84.412,0.499,0,5347440,182016,176948,2297564,23013.944,12820.599,0,1510.421,0,44.953,1615,1636,1.240,1.550,1.020,1,0,0,0,0,18,297,0,18,0
28-06 15:23:03,5.756,0.751,91.596,0.250,0,5347236,182016,176948,2297748,67634.107,9063.529,0,848.892,0,31.033,1435,1537,1.140,1.530,1.010,2,0,0,0,0,18,298,0,18,0
28-06 15:23:04,14.253,1.750,81.515,1.000,0.250,5363592,165384,176948,2298024,106471.134,12334.217,0,2016.362,0,104.019,2343,2639,1.140,1.530,1.010,1,0,0,0,0,18,298,0,18,0
28-06 15:23:05,17.998,1.500,79.242,0.500,0,5363260,165384,176948,2298336,24102.644,14605.573,0,1655.838,0,60.994,2166,2037,1.140,1.530,1.010,0,0,0,0,0,18,298,0,16,0
28-06 15:23:06,12.281,1.504,84.465,0.251,0,5383152,144984,176992,2298800,331865.345,14585.152,0,1138.901,0,38.097,2119,1999,1.140,1.530,1.010,0,0,2.005,0,0,18,298,0,16,0
28-06 15:23:07,11.227,2.495,83.082,1.996,0,5375752,151604,177372,2299184,130544.373,23473.417,27.943,3345.219,3.992,162.670,2681,2910,1.140,1.530,1.010,0,0,2.994,0,0,18,298,0,16,0
28-06 15:23:08,14.007,2.001,82.791,0.250,0,5371188,146072,177472,2309124,612417.822,25524.621,120.059,1628.805,7.003,64.032,3093,3071,1.050,1.500,1,2,0,3.001,0,0,18,298,0,16,0
28-06 15:23:09,9.991,5.495,81.927,0.500,0,5363112,161004,177524,2302620,6156358.620,77548.626,0,25764.951,0,376.663,6161,8512,1.050,1.500,1,0,0,38.965,0,0,18,298,0,13,0
28-06 15:23:10,6.749,3.499,85.986,0.500,0,5365372,130020,177524,2331436,11468290.640,105990.418,163.973,12801.876,3.999,54.991,6252,4101,1.050,1.500,1,0,0,1.000,0,0,18,298,0,13,0
28-06 15:23:11,21.086,2.259,74.553,1.004,0,5351424,133112,177800,2341952,385285.206,6268.514,0,3474.141,0,305.242,2424,2129,1.050,1.500,1,1,0,1.004,0,0,18,298,0,13,0
28-06 15:23:12,21.951,4.490,71.839,0.748,0,5346136,160332,180980,2317020,4328.279,1454.733,0,3671.753,0,66.850,2354,2069,1.050,1.500,1,2,0,0,0,0,18,298,0,13,0
28-06 15:23:13,23.964,2.996,71.393,0.749,0,5365364,124776,181396,2332576,4219.700,1024.470,0,1369.955,0,37.943,2370,2062,1.050,1.490,1,1,0,0,0,0,18,298,0,13,0
28-06 15:23:14,23.001,4.750,70.003,1.250,0,5362004,153164,182236,2307424,4106.152,1026.038,0,3052.113,0,126.005,2831,2877,1.050,1.490,1,1,0,0,0,0,18,298,0,9,0
28-06 15:23:15,22.282,6.509,69.849,1.252,0,5353040,142380,183172,2325988,4111.820,1027.454,0,32433.905,0,252.357,2826,2453,1.050,1.490,1,1,0,0,0,0,18,298,0,9,0
28-06 15:23:16,23.554,4.009,70.914,0.752,0,5362952,137896,184196,2319960,5281.184,1515.496,0,66934.424,0,551.272,2772,3160,1.050,1.490,1,3,0,1.002,0,0,18,298,0,9,0
28-06 15:23:17,23.412,4.234,70.484,0.249,0,5365016,147748,185088,2307032,5784.168,1560.111,3.985,106055.699,0.996,770.093,2933,3413,1.050,1.490,1,1,0,0,0,0,18,298,0,9,0
28-06 15:23:18,23.091,3.765,71.281,1.004,0,5370644,127056,186228,2320400,5332.997,1517.977,32.126,3188.554,1.004,126.498,2706,2721,1.040,1.480,1,1,0,0,0,0,18,298,0,7,0
28-06 15:23:19,22.403,4.481,71.690,0.249,0,5307580,222632,186512,2287192,6057.778,1959.518,3.983,1521.414,0.996,172.254,2744,2264,1.040,1.480,1,2,0,20.909,0,0,18,296,0,7,0
28-06 15:23:20,19.330,2.761,76.817,0.502,0,5341608,183128,186512,2292400,12196.380,4591.968,160.664,2128.793,12.050,30.124,2325,2072,1.040,1.480,1,1,0,17.071,0,0,18,296,0,7,0
28-06 15:23:21,22.879,5.471,69.383,0,0,5338548,184396,186512,2294000,5667.043,1611.481,0,807.730,0,20.890,9859,17788,1.040,1.480,1,1,0,7.958,0,0,18,296,0,7,0
28-06 15:23:22,21.277,7.009,71.092,0,0,5358444,163620,186512,2294764,5184.678,1459.880,0,60493.918,0,676.872,3562,3241,1.040,1.480,1,1,0,9.012,0,0,18,296,0,5,0
28-06 15:23:23,21.505,7.002,69.015,0,0,5361100,160848,186512,2294860,5147.106,1566.337,0,2620.563,0,7.002,8616,16531,1.040,1.480,1,1,0,18.004,0,0,18,296,0,5,0
28-06 15:23:24,22.253,5.001,72.011,0.250,0,5340804,188900,186528,2287472,5040.788,1620.253,0,924.145,0,24.004,2281,1912,1.040,1.480,1,1,0,6.001,0,0,18,296,0,5,0
28-06 15:23:25,22.816,4.012,72.208,1.003,0,5363120,161460,186528,2292564,4484.914,1558.488,2631.578,565.629,121.349,12.035,2378,2026,1.040,1.480,1,1,0,0,0,0,18,297,0,5,0
28-06 15:23:26,25.754,4.751,66.010,1.750,0,5360796,162944,186528,2293404,5417.791,1690.247,528.077,4556.665,31.005,455.066,7209,10485,1.040,1.480,1,2,1,1.000,0,0,18,299,0,6,0
28-06 15:23:27,17.751,13.750,64.002,1.750,0,5289688,233284,186528,2294172,5040.156,1620.050,416.013,6072.188,19.001,410.013,6733,8236,1.040,1.480,1,1,0,195.006,0,0,18,298,0,6,0
28-06 15:23:28,11.257,18.511,69.041,0,0,5288944,233144,186528,2295056,5223.110,1620.965,860.512,524.312,9.005,23.014,5052,3876,1.040,1.470,1,1,0,236.141,0,0,18,300,0,7,0
28-06 15:23:29,9.754,4.752,71.280,12.505,0,5281720,204728,186536,2330692,4982.069,1620.673,35654.804,196.081,2060.856,11.005,4315,5989,1.040,1.470,1,1,0,19.008,0,0,18,298,0,8,0
28-06 15:23:30,6.472,2.489,82.148,7.966,0,5275396,204224,186544,2337516,5747.375,2623.759,6802.853,1497.584,1423.899,10.953,2949,4449,1.040,1.470,1,0,0,5.974,0,0,18,299,0,7,0
28-06 15:23:31,2.500,1.250,95.733,0.250,0,5275872,203748,186544,2337516,46660.619,5176.070,0,1547.722,0,72.987,1302,1830,1.040,1.470,1,0,0,0,0,0,18,299,0,7,0
28-06 15:23:32,3.250,2.000,93.252,0,0,5249420,230372,186560,2337332,10232.185,128109.321,192.003,852.015,9.000,12.000,1530,1692,1.040,1.470,1,0,0,27.000,0,0,18,298,0,7,0
28-06 15:23:33,1.249,0.749,97.672,0,0,5247780,232012,186560,2337332,4514.400,1456.838,0,0,0,0,914,1268,0.950,1.440,1,1,0,0,0,0,18,298,0,7,0
28-06 15:23:34,16.773,6.259,75.604,0.250,0,5256448,223188,186560,2337472,4986.831,1622.222,512.702,392.538,4.005,37.051,2642,2501,0.950,1.440,1,1,0,8.011,0,0,18,298,0,7,0
28-06 15:23:35,15.995,3.999,78.977,0,0,5267148,212484,186560,2337476,4816.590,1457.573,511.850,79.977,3.999,11.996,2288,2146,0.950,1.440,1,0,0,3.999,0,0,18,298,0,7,0
28-06 15:23:36,1.747,0.998,96.321,0.499,0,5258548,221084,186560,2337476,5526.705,1605.010,0,107.799,0,14.972,1063,1442,0.950,1.440,1,0,0,0.998,0,0,18,298,0,7,0
28-06 15:23:37,3.753,1.251,93.833,0.250,0,5258116,221484,186560,2337508,5302.692,1513.339,16.014,1829.619,1.001,321.284,1565,1973,0.950,1.440,1,0,0,0,0,0,18,300,0,7,0
28-06 15:23:38,2.250,0.750,96.517,0.250,0,5248852,230748,186560,2337508,5478.987,1458.263,0,524.094,0,33.006,1150,1565,0.880,1.420,0.990,0,0,0,0,0,18,300,0,7,0
28-06 15:23:39,1.250,0.500,97.515,0,0,5247736,231864,186560,2337508,6166.946,1566.240,0,68.010,0,6.001,917,1238,0.880,1.420,0.990,0,0,0,0,0,18,300,0,7,0
28-06 15:23:40,1.250,0.750,97.001,0,0,5238080,241516,186560,2337512,5312.056,1512.016,0,0,0,0,928,1252,0.880,1.420,0.990,0,0,0,0,0,18,300,0,7,0
28-06 15:23:41,1.249,0.250,97.455,0,0,5238080,241516,186560,2337512,4952.691,1457.321,0,0,0,0,883,1227,0.880,1.420,0.990,0,0,0,0,0,18,300,0,7,0
28-06 15:23:42,1.757,1.255,97.158,0,0,5238044,241516,186560,2337548,4759.996,1626.834,0,0,0,0,1010,1304,0.880,1.420,0.990,0,0,0,0,0,18,300,0,7,0
28-06 15:23:43,1.495,0.747,96.660,0,0,5238044,241516,186560,2337548,4741.314,1452.887,0,3.986,0,0.996,943,1294,0.810,1.390,0.990,0,0,0,0,0,18,300,0,7,0
28-06 15:23:44,1.254,1.003,96.808,0.251,0,5238044,241516,186560,2337548,4712.989,1462.652,0,168.536,0,22.070,1184,1747,0.810,1.390,0.990,0,0,0,0,0,18,300,0,7,0
28-06 15:23:45,1.745,0.498,96.201,0.249,0,5238036,241516,186560,2337556,5263.632,1614.978,0,243.244,0,20.935,1176,1576,0.810,1.390,0.990,0,0,0,0,0,18,300,0,7,0
28-06 15:23:46,1.250,0.500,97.736,0,0,5238036,241516,186560,2337556,5716.157,1619.761,0,47.993,0,3.999,966,1330,0.810,1.390,0.990,0,0,1.000,0,0,18,300,0,7,0
28-06 15:23:47,2.500,1.750,94.502,0,0,5237780,241768,186560,2337560,4980.128,1620.042,16.000,22024.567,1.000,394.010,2307,3187,0.810,1.390,0.990,0,0,0,0,0,18,300,0,7,0
28-06 15:23:48,1.500,0.750,97.254,0.250,0,5237764,241768,186560,2337576,4740.209,1620.071,0,760.033,0,27.001,981,1412,0.740,1.370,0.980,0,0,0,0,0,18,300,0,7,0
28-06 15:23:49,1.000,3.500,93.509,0,0,5248888,230640,186560,2337580,4620.435,1620.153,0,108.010,0,13.001,1269,1675,0.740,1.370,0.980,0,0,0,0,0,18,300,0,7,0
28-06 15:23:50,1.750,1.000,96.992,0.250,0,5248884,230640,186560,2337584,5279.590,1619.874,0,83.993,0,11.999,1040,1534,0.740,1.370,0.980,0,0,0,0,0,18,300,0,7,0
28-06 15:23:51,1.250,1.500,96.278,0,0,5248440,231084,186560,2337584,4596.317,1458.418,0,304.087,0,22.006,1060,1405,0.740,1.370,0.980,0,0,6.002,0,0,18,300,0,7,0
28-06 15:23:52,1.250,1.250,96.245,0,0,5248636,230876,186564,2337592,5099.756,1619.923,0,40770.053,0,552.974,1535,1846,0.740,1.370,0.980,0,0,0,0,0,18,300,0,7,0
28-06 15:23:53,2.005,0.752,97.256,0,0,5248636,230876,186564,2337592,4822.672,1624.268,0,0,0,0,1028,1413,0.760,1.370,0.980,1,0,0,0,0,18,300,0,7,0
28-06 15:23:54,1.000,0.500,97.257,0.250,0,5248796,230876,186564,2337592,5100.360,1620.114,0,620.044,0,19.001,1091,1710,0.760,1.370,0.980,0,0,0,0,0,18,300,0,7,0
28-06 15:23:55,1.247,0.499,97.478,0,0,5248796,230876,186564,2337592,5085.801,1615.490,0,251.298,0,15.955,1006,1353,0.760,1.370,0.980,0,0,0,0,0,18,300,0,7,0
28-06 15:23:56,1.250,1.000,96.994,0,0,5248792,230876,186564,2337596,5254.661,1457.906,0,31.998,0,4.000,1014,1371,0.760,1.370,0.980,0,0,3.000,0,0,18,300,0,7,0
28-06 15:23:57,1.500,0.750,96.735,0,0,5248788,230876,186564,2337600,4493.286,1133.820,0,131.979,0,12.998,1148,1732,0.760,1.370,0.980,0,0,0,0,0,18,300,0,7,0
28-06 15:23:58,1.254,1.003,97.282,0.251,0,5248772,230876,186564,2337616,3092.957,324.941,0,3297.549,0,43.125,1050,1501,0.940,1.390,0.990,0,0,0,0,0,18,300,0,7,0
28-06 15:23:59,1.247,0.748,97.227,0,0,5248772,230876,186564,2337616,4666.901,1615.466,0,43.877,0,5.983,938,1319,0.940,1.390,0.990,0,0,0,0,0,18,300,0,7,0
28-06 15:24:00,1.504,0.501,96.993,0,0,5248772,230876,186564,2337616,4950.403,1461.662,0,52.131,0,6.015,1044,1436,0.940,1.390,0.990,0,0,0,0,0,18,300,0,7,0
28-06 15:24:01,1.247,0.249,97.522,0,0,5248768,230876,186564,2337620,4757.867,969.731,0,7.981,0,1.995,877,1223,0.940,1.390,0.990,1,0,0,0,0,18,300,0,7,0
28-06 15:24:02,1.500,0.750,96.981,0,0,5248768,230876,186564,2337620,3291.368,161.969,0,503.903,0,109.979,1041,1481,0.940,1.390,0.990,0,0,0,0,0,18,300,0,7,0
28-06 15:24:03,5.265,2.006,92.270,0,0,5243676,235952,186576,2337624,133948.154,2144.278,8.023,56.164,2.006,6.018,1444,1480,0.950,1.390,0.990,0,0,4.012,0,0,18,300,0,7,0
28-06 15:24:04,11.709,4.733,81.215,0.498,0,5239596,239900,186576,2337756,282350.281,8127.453,119.580,637.760,4.982,34.877,2931,2803,0.950,1.390,0.990,0,0,29.895,0,0,18,300,0,7,0
28-06 15:24:05,14.264,6.757,77.325,0,0,5245512,232980,186576,2338760,285293.104,4786.616,80.077,260.251,2.002,17.016,2967,2609,0.950,1.390,0.990,2,0,33.032,0,0,18,300,0,7,0
