May 20 07:31:18 ubuntu sudo[127944]: pam_unix(sudo:session): session opened for user root(uid=0) by (uid=1000)
May 20 07:31:19 ubuntu sudo[127944]: pam_unix(sudo:session): session closed for user root
May 20 07:31:19 ubuntu cinder-volume[114499]: DEBUG oslo_concurrency.processutils [None req-cff5fcfd-5276-46ec-88cd-c7c2c97ef74c None None] CMD "sudo cinder-rootwrap /etc/cinder/rootwrap.conf env LC_ALL=C lvs --noheadings --unit=g -o vg_name,name,size --nosuffix --readonly stack-volumes-lvmdriver-1" returned: 0 in 0.393s {{(pid=114499) execute /opt/stack/data/venv/lib/python3.12/site-packages/oslo_concurrency/processutils.py:468}}
May 20 07:31:19 ubuntu cinder-volume[114499]: DEBUG oslo_concurrency.processutils [None req-cff5fcfd-5276-46ec-88cd-c7c2c97ef74c None None] Running cmd (subprocess): sudo cinder-rootwrap /etc/cinder/rootwrap.conf env LC_ALL=C lvs --noheadings --unit=g -o size,data_percent --separator : --nosuffix /dev/stack-volumes-lvmdriver-1/stack-volumes-lvmdriver-1-pool {{(pid=114499) execute /opt/stack/data/venv/lib/python3.12/site-packages/oslo_concurrency/processutils.py:440}}
May 20 07:31:19 ubuntu sudo[127947]:   ubuntu : PWD=/ ; USER=root ; COMMAND=/opt/stack/data/venv/bin/cinder-rootwrap /etc/cinder/rootwrap.conf env LC_ALL=C lvs --noheadings --unit=g -o size,data_percent --separator : --nosuffix /dev/stack-volumes-lvmdriver-1/stack-volumes-lvmdriver-1-pool
May 20 07:31:19 ubuntu sudo[127947]: pam_unix(sudo:session): session opened for user root(uid=0) by (uid=1000)
May 20 07:31:19 ubuntu sudo[127947]: pam_unix(sudo:session): session closed for user root
May 20 07:31:19 ubuntu cinder-volume[114499]: DEBUG oslo_concurrency.processutils [None req-cff5fcfd-5276-46ec-88cd-c7c2c97ef74c None None] CMD "sudo cinder-rootwrap /etc/cinder/rootwrap.conf env LC_ALL=C lvs --noheadings --unit=g -o size,data_percent --separator : --nosuffix /dev/stack-volumes-lvmdriver-1/stack-volumes-lvmdriver-1-pool" returned: 0 in 0.370s {{(pid=114499) execute /opt/stack/data/venv/lib/python3.12/site-packages/oslo_concurrency/processutils.py:468}}
May 20 07:31:19 ubuntu cinder-volume[114499]: DEBUG oslo_concurrency.processutils [None req-cff5fcfd-5276-46ec-88cd-c7c2c97ef74c None None] Running cmd (subprocess): sudo cinder-rootwrap /etc/cinder/rootwrap.conf env LC_ALL=C lvs --noheadings --unit=g -o vg_name,name,size --nosuffix --readonly stack-volumes-lvmdriver-1 {{(pid=114499) execute /opt/stack/data/venv/lib/python3.12/site-packages/oslo_concurrency/processutils.py:440}}
May 20 07:31:19 ubuntu sudo[127950]:   ubuntu : PWD=/ ; USER=root ; COMMAND=/opt/stack/data/venv/bin/cinder-rootwrap /etc/cinder/rootwrap.conf env LC_ALL=C lvs --noheadings --unit=g -o vg_name,name,size --nosuffix --readonly stack-volumes-lvmdriver-1
May 20 07:31:19 ubuntu sudo[127950]: pam_unix(sudo:session): session opened for user root(uid=0) by (uid=1000)
May 20 07:31:19 ubuntu sudo[127950]: pam_unix(sudo:session): session closed for user root
May 20 07:31:19 ubuntu cinder-volume[114499]: DEBUG oslo_concurrency.processutils [None req-cff5fcfd-5276-46ec-88cd-c7c2c97ef74c None None] CMD "sudo cinder-rootwrap /etc/cinder/rootwrap.conf env LC_ALL=C lvs --noheadings --unit=g -o vg_name,name,size --nosuffix --readonly stack-volumes-lvmdriver-1" returned: 0 in 0.384s {{(pid=114499) execute /opt/stack/data/venv/lib/python3.12/site-packages/oslo_concurrency/processutils.py:468}}
May 20 07:31:19 ubuntu cinder-volume[114499]: DEBUG cinder.manager [None req-cff5fcfd-5276-46ec-88cd-c7c2c97ef74c None None] Notifying Schedulers of capabilities ... {{(pid=114499) _publish_service_capabilities /opt/stack/cinder/cinder/manager.py:219}}
May 20 07:31:41 ubuntu systemd[1]: Stopping devstack@c-vol.service - Devstack devstack@c-vol.service...
May 20 07:31:41 ubuntu cinder-volume[114305]: INFO oslo_service.backend._eventlet.service [None req-afbd279e-4d96-40ce-8951-b2a71ac8b8bf None None] Caught SIGTERM, stopping children
May 20 07:31:41 ubuntu cinder-volume[114305]: DEBUG oslo_concurrency.lockutils [None req-afbd279e-4d96-40ce-8951-b2a71ac8b8bf None None] Acquiring lock "singleton_lock" {{(pid=114305) lock /opt/stack/data/venv/lib/python3.12/site-packages/oslo_concurrency/lockutils.py:395}}
May 20 07:31:41 ubuntu cinder-volume[114305]: DEBUG oslo_concurrency.lockutils [None req-afbd279e-4d96-40ce-8951-b2a71ac8b8bf None None] Acquired lock "singleton_lock" {{(pid=114305) lock /opt/stack/data/venv/lib/python3.12/site-packages/oslo_concurrency/lockutils.py:398}}
May 20 07:31:41 ubuntu cinder-volume[114305]: DEBUG oslo_concurrency.lockutils [None req-afbd279e-4d96-40ce-8951-b2a71ac8b8bf None None] Releasing lock "singleton_lock" {{(pid=114305) lock /opt/stack/data/venv/lib/python3.12/site-packages/oslo_concurrency/lockutils.py:418}}
May 20 07:31:41 ubuntu cinder-volume[114305]: DEBUG oslo_service.backend._eventlet.service [None req-afbd279e-4d96-40ce-8951-b2a71ac8b8bf None None] Stop services. {{(pid=114305) stop /opt/stack/data/venv/lib/python3.12/site-packages/oslo_service/backend/_eventlet/service.py:611}}
May 20 07:31:41 ubuntu cinder-volume[114305]: DEBUG oslo_service.backend._eventlet.service [None req-afbd279e-4d96-40ce-8951-b2a71ac8b8bf None None] Killing children. {{(pid=114305) stop /opt/stack/data/venv/lib/python3.12/site-packages/oslo_service/backend/_eventlet/service.py:616}}
May 20 07:31:41 ubuntu cinder-volume[114305]: INFO oslo_service.backend._eventlet.service [None req-afbd279e-4d96-40ce-8951-b2a71ac8b8bf None None] Waiting on 1 children to exit
May 20 07:31:45 ubuntu cinder-volume[114499]: DEBUG oslo_concurrency.lockutils [None req-afbd279e-4d96-40ce-8951-b2a71ac8b8bf None None] Acquiring lock "singleton_lock" {{(pid=114499) lock /opt/stack/data/venv/lib/python3.12/site-packages/oslo_concurrency/lockutils.py:395}}
May 20 07:31:45 ubuntu cinder-volume[114499]: DEBUG oslo_concurrency.lockutils [None req-afbd279e-4d96-40ce-8951-b2a71ac8b8bf None None] Acquired lock "singleton_lock" {{(pid=114499) lock /opt/stack/data/venv/lib/python3.12/site-packages/oslo_concurrency/lockutils.py:398}}
May 20 07:31:45 ubuntu cinder-volume[114499]: DEBUG oslo_concurrency.lockutils [None req-afbd279e-4d96-40ce-8951-b2a71ac8b8bf None None] Releasing lock "singleton_lock" {{(pid=114499) lock /opt/stack/data/venv/lib/python3.12/site-packages/oslo_concurrency/lockutils.py:418}}
May 20 07:31:45 ubuntu cinder-volume[114499]: WARNING amqp [None req-afbd279e-4d96-40ce-8951-b2a71ac8b8bf None None] Received method (60, 30) during closing channel 1. This method will be ignored
May 20 07:31:45 ubuntu cinder-volume[114499]: WARNING amqp [None req-afbd279e-4d96-40ce-8951-b2a71ac8b8bf None None] Received method (60, 30) during closing channel 1. This method will be ignored
May 20 07:31:45 ubuntu cinder-volume[114305]: INFO oslo_service.backend._eventlet.service [None req-afbd279e-4d96-40ce-8951-b2a71ac8b8bf None None] Child 114499 exited with status 0
May 20 07:31:45 ubuntu systemd[1]: devstack@c-vol.service: Deactivated successfully.
May 20 07:31:45 ubuntu systemd[1]: Stopped devstack@c-vol.service - Devstack devstack@c-vol.service.
May 20 07:31:45 ubuntu systemd[1]: devstack@c-vol.service: Consumed 23.007s CPU time, 168.5M memory peak, 0B memory swap peak.
May 20 07:31:45 ubuntu systemd[1]: Started devstack@c-vol.service - Devstack devstack@c-vol.service.
May 20 07:31:46 ubuntu cinder-volume[128035]: /opt/stack/cinder/cinder/__init__.py:21: EventletDeprecationWarning:
May 20 07:31:46 ubuntu cinder-volume[128035]: Eventlet is deprecated. It is currently being maintained in bugfix mode, and
May 20 07:31:46 ubuntu cinder-volume[128035]: we strongly recommend against using it for new projects.
May 20 07:31:46 ubuntu cinder-volume[128035]: If you are already using Eventlet, we recommend migrating to a different
May 20 07:31:46 ubuntu cinder-volume[128035]: framework.  For more detail see
May 20 07:31:46 ubuntu cinder-volume[128035]: https://eventlet.readthedocs.io/en/latest/asyncio/migration.html
May 20 07:31:46 ubuntu cinder-volume[128035]:   import eventlet  # noqa
May 20 07:31:47 ubuntu cinder-volume[128035]: DEBUG oslo_concurrency.lockutils [-] Acquiring lock "singleton_lock" {{(pid=128035) lock /opt/stack/data/venv/lib/python3.12/site-packages/oslo_concurrency/lockutils.py:395}}
May 20 07:31:47 ubuntu cinder-volume[128035]: DEBUG oslo_concurrency.lockutils [-] Acquired lock "singleton_lock" {{(pid=128035) lock /opt/stack/data/venv/lib/python3.12/site-packages/oslo_concurrency/lockutils.py:398}}
May 20 07:31:47 ubuntu cinder-volume[128035]: DEBUG oslo_concurrency.lockutils [-] Releasing lock "singleton_lock" {{(pid=128035) lock /opt/stack/data/venv/lib/python3.12/site-packages/oslo_concurrency/lockutils.py:418}}
May 20 07:31:47 ubuntu cinder-volume[128035]: DEBUG oslo_db.sqlalchemy.engines [None req-dbcc4cf3-6083-488f-b3de-47e250f6e089 None None] MySQL server mode set to STRICT_TRANS_TABLES,STRICT_ALL_TABLES,NO_ZERO_IN_DATE,NO_ZERO_DATE,ERROR_FOR_DIVISION_BY_ZERO,TRADITIONAL,NO_ENGINE_SUBSTITUTION {{(pid=128035) _check_effective_sql_mode /opt/stack/data/venv/lib/python3.12/site-packages/oslo_db/sqlalchemy/engines.py:325}}
May 20 07:31:47 ubuntu cinder-volume[128035]: INFO cinder.rpc [None req-dbcc4cf3-6083-488f-b3de-47e250f6e089 None None] Automatically selected cinder-scheduler objects version 1.39 as minimum service version.
May 20 07:31:47 ubuntu cinder-volume[128035]: INFO cinder.rpc [None req-dbcc4cf3-6083-488f-b3de-47e250f6e089 None None] Automatically selected cinder-scheduler RPC version 3.12 as minimum service version.
May 20 07:31:47 ubuntu cinder-volume[128035]: DEBUG oslo_db.sqlalchemy.engines [None req-dbcc4cf3-6083-488f-b3de-47e250f6e089 None None] MySQL server mode set to STRICT_TRANS_TABLES,STRICT_ALL_TABLES,NO_ZERO_IN_DATE,NO_ZERO_DATE,ERROR_FOR_DIVISION_BY_ZERO,TRADITIONAL,NO_ENGINE_SUBSTITUTION {{(pid=128035) _check_effective_sql_mode /opt/stack/data/venv/lib/python3.12/site-packages/oslo_db/sqlalchemy/engines.py:325}}
May 20 07:31:47 ubuntu cinder-volume[128035]: INFO cinder.volume.manager [None req-dbcc4cf3-6083-488f-b3de-47e250f6e089 None None] Determined volume DB was empty at startup.
May 20 07:31:47 ubuntu cinder-volume[128035]: DEBUG cinder.volume.manager [None req-dbcc4cf3-6083-488f-b3de-47e250f6e089 None None] Cinder Volume DB check: vol_db_empty=True {{(pid=128035) __init__ /opt/stack/cinder/cinder/volume/manager.py:289}}
May 20 07:31:47 ubuntu cinder-volume[128035]: INFO cinder.volume.manager [None req-dbcc4cf3-6083-488f-b3de-47e250f6e089 None None] Service not found for updating active_backend_id, assuming default for driver init.
May 20 07:31:47 ubuntu cinder-volume[128035]: WARNING stevedore.named [None req-dbcc4cf3-6083-488f-b3de-47e250f6e089 None None] Could not load cinder.keymgr.conf_key_mgr.ConfKeyManager
May 20 07:31:47 ubuntu cinder-volume[128035]: WARNING castellan.key_manager [None req-dbcc4cf3-6083-488f-b3de-47e250f6e089 None None] Deprecation Warning : cinder.keymgr.conf_key_mgr.ConfKeyManager is not a stevedore based driver, trying to load it as a class: stevedore.exception.NoMatches: No 'castellan.drivers' driver found, looking for 'cinder.keymgr.conf_key_mgr.ConfKeyManager'
May 20 07:31:47 ubuntu cinder-volume[128035]: WARNING cinder.keymgr.conf_key_mgr [None req-dbcc4cf3-6083-488f-b3de-47e250f6e089 None None] This key manager is insecure and is not recommended for production deployments: stevedore.exception.NoMatches: No 'castellan.drivers' driver found, looking for 'cinder.keymgr.conf_key_mgr.ConfKeyManager'
May 20 07:31:47 ubuntu cinder-volume[128035]: DEBUG cinder.zonemanager.utils [None req-dbcc4cf3-6083-488f-b3de-47e250f6e089 None None] Zoning mode: None. {{(pid=128035) create_lookup_service /opt/stack/cinder/cinder/zonemanager/utils.py:56}}
May 20 07:31:47 ubuntu cinder-volume[128035]: DEBUG cinder.zonemanager.utils [None req-dbcc4cf3-6083-488f-b3de-47e250f6e089 None None] FC Lookup Service not enabled in cinder.conf. {{(pid=128035) create_lookup_service /opt/stack/cinder/cinder/zonemanager/utils.py:63}}
May 20 07:31:47 ubuntu cinder-volume[128035]: INFO cinder.volume.manager [None req-dbcc4cf3-6083-488f-b3de-47e250f6e089 None None] Image-volume cache disabled for host ubuntu@arcusfc1.
May 20 07:31:47 ubuntu cinder-volume[128035]: DEBUG oslo_db.sqlalchemy.engines [None req-dbcc4cf3-6083-488f-b3de-47e250f6e089 None None] MySQL server mode set to STRICT_TRANS_TABLES,STRICT_ALL_TABLES,NO_ZERO_IN_DATE,NO_ZERO_DATE,ERROR_FOR_DIVISION_BY_ZERO,TRADITIONAL,NO_ENGINE_SUBSTITUTION {{(pid=128035) _check_effective_sql_mode /opt/stack/data/venv/lib/python3.12/site-packages/oslo_db/sqlalchemy/engines.py:325}}
May 20 07:31:47 ubuntu cinder-volume[128035]: INFO oslo_service.backend._eventlet.service [None req-dbcc4cf3-6083-488f-b3de-47e250f6e089 None None] Starting 1 workers
May 20 07:31:47 ubuntu cinder-volume[128035]: DEBUG oslo_service.backend._eventlet.service [None req-dbcc4cf3-6083-488f-b3de-47e250f6e089 None None] Started child 128045 {{(pid=128035) _start_child /opt/stack/data/venv/lib/python3.12/site-packages/oslo_service/backend/_eventlet/service.py:491}}
May 20 07:31:47 ubuntu cinder-volume[128045]: INFO cinder.service [-] Starting cinder-volume node (version 28.1.0)
May 20 07:31:47 ubuntu cinder-volume[128035]: DEBUG oslo_db.sqlalchemy.engines [None req-dbcc4cf3-6083-488f-b3de-47e250f6e089 None None] MySQL server mode set to STRICT_TRANS_TABLES,STRICT_ALL_TABLES,NO_ZERO_IN_DATE,NO_ZERO_DATE,ERROR_FOR_DIVISION_BY_ZERO,TRADITIONAL,NO_ENGINE_SUBSTITUTION {{(pid=128035) _check_effective_sql_mode /opt/stack/data/venv/lib/python3.12/site-packages/oslo_db/sqlalchemy/engines.py:325}}
May 20 07:31:47 ubuntu cinder-volume[128035]: INFO cinder.volume.manager [None req-dbcc4cf3-6083-488f-b3de-47e250f6e089 None None] Determined volume DB was empty at startup.
May 20 07:31:47 ubuntu cinder-volume[128035]: DEBUG cinder.volume.manager [None req-dbcc4cf3-6083-488f-b3de-47e250f6e089 None None] Cinder Volume DB check: vol_db_empty=True {{(pid=128035) __init__ /opt/stack/cinder/cinder/volume/manager.py:289}}
May 20 07:31:47 ubuntu cinder-volume[128045]: INFO cinder.volume.manager [None req-b8fc5465-e7e2-470b-ad7d-3310ff96de49 None None] Starting volume driver HPEAlletraMPFCDriver (1.0)
May 20 07:31:47 ubuntu cinder-volume[128045]: WARNING oslo_config.cfg [None req-b8fc5465-e7e2-470b-ad7d-3310ff96de49 None None] Deprecated: Option "hpe3par_hostseesvlun" from group "arcusfc1" is deprecated. Use option "hpe3par_hostseesvlun" from group "arcusfc1".
May 20 07:31:47 ubuntu cinder-volume[128045]: DEBUG cinder.volume.drivers.hpe.alletramp_service [None req-b8fc5465-e7e2-470b-ad7d-3310ff96de49 None None] Connecting to array {{(pid=128045) __init__ /opt/stack/cinder/cinder/volume/drivers/hpe/alletramp_service.py:246}}
May 20 07:31:47 ubuntu cinder-volume[128035]: INFO cinder.volume.manager [None req-dbcc4cf3-6083-488f-b3de-47e250f6e089 None None] Service not found for updating active_backend_id, assuming default for driver init.
May 20 07:31:47 ubuntu cinder-volume[128035]: WARNING stevedore.named [None req-dbcc4cf3-6083-488f-b3de-47e250f6e089 None None] Could not load cinder.keymgr.conf_key_mgr.ConfKeyManager
May 20 07:31:47 ubuntu cinder-volume[128035]: WARNING castellan.key_manager [None req-dbcc4cf3-6083-488f-b3de-47e250f6e089 None None] Deprecation Warning : cinder.keymgr.conf_key_mgr.ConfKeyManager is not a stevedore based driver, trying to load it as a class: stevedore.exception.NoMatches: No 'castellan.drivers' driver found, looking for 'cinder.keymgr.conf_key_mgr.ConfKeyManager'
May 20 07:31:47 ubuntu cinder-volume[128035]: DEBUG cinder.zonemanager.utils [None req-dbcc4cf3-6083-488f-b3de-47e250f6e089 None None] Zoning mode: None. {{(pid=128035) create_lookup_service /opt/stack/cinder/cinder/zonemanager/utils.py:56}}
May 20 07:31:47 ubuntu cinder-volume[128035]: DEBUG cinder.zonemanager.utils [None req-dbcc4cf3-6083-488f-b3de-47e250f6e089 None None] FC Lookup Service not enabled in cinder.conf. {{(pid=128035) create_lookup_service /opt/stack/cinder/cinder/zonemanager/utils.py:63}}
May 20 07:31:47 ubuntu cinder-volume[128035]: INFO cinder.volume.manager [None req-dbcc4cf3-6083-488f-b3de-47e250f6e089 None None] Image-volume cache disabled for host ubuntu@arcusfc2.
May 20 07:31:47 ubuntu cinder-volume[128035]: DEBUG oslo_db.sqlalchemy.engines [None req-dbcc4cf3-6083-488f-b3de-47e250f6e089 None None] MySQL server mode set to STRICT_TRANS_TABLES,STRICT_ALL_TABLES,NO_ZERO_IN_DATE,NO_ZERO_DATE,ERROR_FOR_DIVISION_BY_ZERO,TRADITIONAL,NO_ENGINE_SUBSTITUTION {{(pid=128035) _check_effective_sql_mode /opt/stack/data/venv/lib/python3.12/site-packages/oslo_db/sqlalchemy/engines.py:325}}
May 20 07:31:47 ubuntu cinder-volume[128035]: INFO oslo_service.backend._eventlet.service [None req-dbcc4cf3-6083-488f-b3de-47e250f6e089 None None] Starting 1 workers
May 20 07:31:47 ubuntu cinder-volume[128035]: DEBUG oslo_service.backend._eventlet.service [None req-dbcc4cf3-6083-488f-b3de-47e250f6e089 None None] Started child 128046 {{(pid=128035) _start_child /opt/stack/data/venv/lib/python3.12/site-packages/oslo_service/backend/_eventlet/service.py:491}}
May 20 07:31:47 ubuntu cinder-volume[128035]: DEBUG oslo_service.backend._eventlet.service [None req-dbcc4cf3-6083-488f-b3de-47e250f6e089 None None] Full set of CONF: {{(pid=128035) wait /opt/stack/data/venv/lib/python3.12/site-packages/oslo_service/backend/_eventlet/service.py:565}}
May 20 07:31:47 ubuntu cinder-volume[128035]: DEBUG oslo_service.backend._eventlet.service [None req-dbcc4cf3-6083-488f-b3de-47e250f6e089 None None] ******************************************************************************** {{(pid=128035) log_opt_values /opt/stack/data/venv/lib/python3.12/site-packages/oslo_config/cfg.py:3229}}
May 20 07:31:47 ubuntu cinder-volume[128035]: DEBUG oslo_service.backend._eventlet.service [None req-dbcc4cf3-6083-488f-b3de-47e250f6e089 None None] Configuration options gathered from: {{(pid=128035) log_opt_values /opt/stack/data/venv/lib/python3.12/site-packages/oslo_config/cfg.py:3230}}
May 20 07:31:47 ubuntu cinder-volume[128035]: DEBUG oslo_service.backend._eventlet.service [None req-dbcc4cf3-6083-488f-b3de-47e250f6e089 None None] command line args: ['--config-file', '/etc/cinder/cinder.conf'] {{(pid=128035) log_opt_values /opt/stack/data/venv/lib/python3.12/site-packages/oslo_config/cfg.py:3231}}
May 20 07:31:47 ubuntu cinder-volume[128035]: DEBUG oslo_service.backend._eventlet.service [None req-dbcc4cf3-6083-488f-b3de-47e250f6e089 None None] config files: ['/etc/cinder/cinder.conf'] {{(pid=128035) log_opt_values /opt/stack/data/venv/lib/python3.12/site-packages/oslo_config/cfg.py:3232}}
May 20 07:31:47 ubuntu cinder-volume[128035]: DEBUG oslo_service.backend._eventlet.service [None req-dbcc4cf3-6083-488f-b3de-47e250f6e089 None None] ================================================================================ {{(pid=128035) log_opt_values /opt/stack/data/venv/lib/python3.12/site-packages/oslo_config/cfg.py:3237}}
May 20 07:31:47 ubuntu cinder-volume[128035]: DEBUG oslo_service.backend._eventlet.service [None req-dbcc4cf3-6083-488f-b3de-47e250f6e089 None None] allow_availability_zone_fallback = False {{(pid=128035) log_opt_values /opt/stack/data/venv/lib/python3.12/site-packages/oslo_config/cfg.py:3245}}
May 20 07:31:47 ubuntu cinder-volume[128035]: DEBUG oslo_service.backend._eventlet.service [None req-dbcc4cf3-6083-488f-b3de-47e250f6e089 None None] allow_compression_on_image_upload = False {{(pid=128035) log_opt_values /opt/stack/data/venv/lib/python3.12/site-packages/oslo_config/cfg.py:3245}}
May 20 07:31:47 ubuntu cinder-volume[128035]: DEBUG oslo_service.backend._eventlet.service [None req-dbcc4cf3-6083-488f-b3de-47e250f6e089 None None] allowed_direct_url_schemes     = [] {{(pid=128035) log_opt_values /opt/stack/data/venv/lib/python3.12/site-packages/oslo_config/cfg.py:3245}}
May 20 07:31:47 ubuntu cinder-volume[128035]: DEBUG oslo_service.backend._eventlet.service [None req-dbcc4cf3-6083-488f-b3de-47e250f6e089 None None] api_rate_limit                 = True {{(pid=128035) log_opt_values /opt/stack/data/venv/lib/python3.12/site-packages/oslo_config/cfg.py:3245}}
May 20 07:31:47 ubuntu cinder-volume[128035]: DEBUG oslo_service.backend._eventlet.service [None req-dbcc4cf3-6083-488f-b3de-47e250f6e089 None None] auth_strategy                  = keystone {{(pid=128035) log_opt_values /opt/stack/data/venv/lib/python3.12/site-packages/oslo_config/cfg.py:3245}}
May 20 07:31:47 ubuntu cinder-volume[128035]: DEBUG oslo_service.backend._eventlet.service [None req-dbcc4cf3-6083-488f-b3de-47e250f6e089 None None] backend_availability_zone      = None {{(pid=128035) log_opt_values /opt/stack/data/venv/lib/python3.12/site-packages/oslo_config/cfg.py:3245}}
May 20 07:31:47 ubuntu cinder-volume[128035]: DEBUG oslo_service.backend._eventlet.service [None req-dbcc4cf3-6083-488f-b3de-47e250f6e089 None None] backend_host                   = None {{(pid=128035) log_opt_values /opt/stack/data/venv/lib/python3.12/site-packages/oslo_config/cfg.py:3245}}
May 20 07:31:47 ubuntu cinder-volume[128035]: DEBUG oslo_service.backend._eventlet.service [None req-dbcc4cf3-6083-488f-b3de-47e250f6e089 None None] backend_name                   = None {{(pid=128035) log_opt_values /opt/stack/data/venv/lib/python3.12/site-packages/oslo_config/cfg.py:3245}}
May 20 07:31:47 ubuntu cinder-volume[128035]: DEBUG oslo_service.backend._eventlet.service [None req-dbcc4cf3-6083-488f-b3de-47e250f6e089 None None] backend_stats_polling_interval = 60 {{(pid=128035) log_opt_values /opt/stack/data/venv/lib/python3.12/site-packages/oslo_config/cfg.py:3245}}
May 20 07:31:47 ubuntu cinder-volume[128046]: INFO cinder.service [-] Starting cinder-volume node (version 28.1.0)
May 20 07:31:47 ubuntu cinder-volume[128035]: DEBUG oslo_service.backend._eventlet.service [None req-dbcc4cf3-6083-488f-b3de-47e250f6e089 None None] backup_api_class               = cinder.backup.api.API {{(pid=128035) log_opt_values /opt/stack/data/venv/lib/python3.12/site-packages/oslo_config/cfg.py:3245}}
May 20 07:31:47 ubuntu cinder-volume[128035]: DEBUG oslo_service.backend._eventlet.service [None req-dbcc4cf3-6083-488f-b3de-47e250f6e089 None None] backup_manager                 = cinder.backup.manager.BackupManager {{(pid=128035) log_opt_values /opt/stack/data/venv/lib/python3.12/site-packages/oslo_config/cfg.py:3245}}
May 20 07:31:47 ubuntu cinder-volume[128035]: DEBUG oslo_service.backend._eventlet.service [None req-dbcc4cf3-6083-488f-b3de-47e250f6e089 None None] backup_name_template           = backup-%s {{(pid=128035) log_opt_values /opt/stack/data/venv/lib/python3.12/site-packages/oslo_config/cfg.py:3245}}
May 20 07:31:47 ubuntu cinder-volume[128035]: DEBUG oslo_service.backend._eventlet.service [None req-dbcc4cf3-6083-488f-b3de-47e250f6e089 None None] backup_use_same_host           = False {{(pid=128035) log_opt_values /opt/stack/data/venv/lib/python3.12/site-packages/oslo_config/cfg.py:3245}}
May 20 07:31:47 ubuntu cinder-volume[128035]: DEBUG oslo_service.backend._eventlet.service [None req-dbcc4cf3-6083-488f-b3de-47e250f6e089 None None] backup_use_temp_snapshot       = False {{(pid=128035) log_opt_values /opt/stack/data/venv/lib/python3.12/site-packages/oslo_config/cfg.py:3245}}
May 20 07:31:47 ubuntu cinder-volume[128035]: DEBUG oslo_service.backend._eventlet.service [None req-dbcc4cf3-6083-488f-b3de-47e250f6e089 None None] chap_password                  = **** {{(pid=128035) log_opt_values /opt/stack/data/venv/lib/python3.12/site-packages/oslo_config/cfg.py:3245}}
May 20 07:31:47 ubuntu cinder-volume[128035]: DEBUG oslo_service.backend._eventlet.service [None req-dbcc4cf3-6083-488f-b3de-47e250f6e089 None None] chap_username                  =  {{(pid=128035) log_opt_values /opt/stack/data/venv/lib/python3.12/site-packages/oslo_config/cfg.py:3245}}
May 20 07:31:47 ubuntu cinder-volume[128035]: DEBUG oslo_service.backend._eventlet.service [None req-dbcc4cf3-6083-488f-b3de-47e250f6e089 None None] chiscsi_conf                   = /etc/chelsio-iscsi/chiscsi.conf {{(pid=128035) log_opt_values /opt/stack/data/venv/lib/python3.12/site-packages/oslo_config/cfg.py:3245}}
May 20 07:31:47 ubuntu cinder-volume[128035]: DEBUG oslo_service.backend._eventlet.service [None req-dbcc4cf3-6083-488f-b3de-47e250f6e089 None None] cinder_internal_tenant_project_id = 6ff69deaee6a4626a8bb3da6c7a7bac8 {{(pid=128035) log_opt_values /opt/stack/data/venv/lib/python3.12/site-packages/oslo_config/cfg.py:3245}}
May 20 07:31:47 ubuntu cinder-volume[128035]: DEBUG oslo_service.backend._eventlet.service [None req-dbcc4cf3-6083-488f-b3de-47e250f6e089 None None] cinder_internal_tenant_user_id = 802608ceb6ba43ee8378fe120b55a43a {{(pid=128035) log_opt_values /opt/stack/data/venv/lib/python3.12/site-packages/oslo_config/cfg.py:3245}}
May 20 07:31:47 ubuntu cinder-volume[128035]: DEBUG oslo_service.backend._eventlet.service [None req-dbcc4cf3-6083-488f-b3de-47e250f6e089 None None] cluster                        = None {{(pid=128035) log_opt_values /opt/stack/data/venv/lib/python3.12/site-packages/oslo_config/cfg.py:3245}}
May 20 07:31:47 ubuntu cinder-volume[128035]: DEBUG oslo_service.backend._eventlet.service [None req-dbcc4cf3-6083-488f-b3de-47e250f6e089 None None] compression_format             = gzip {{(pid=128035) log_opt_values /opt/stack/data/venv/lib/python3.12/site-packages/oslo_config/cfg.py:3245}}
May 20 07:31:47 ubuntu cinder-volume[128035]: DEBUG oslo_service.backend._eventlet.service [None req-dbcc4cf3-6083-488f-b3de-47e250f6e089 None None] compute_api_class              = cinder.compute.nova.API {{(pid=128035) log_opt_values /opt/stack/data/venv/lib/python3.12/site-packages/oslo_config/cfg.py:3245}}
May 20 07:31:47 ubuntu cinder-volume[128035]: DEBUG oslo_service.backend._eventlet.service [None req-dbcc4cf3-6083-488f-b3de-47e250f6e089 None None] config_dir                     = [] {{(pid=128035) log_opt_values /opt/stack/data/venv/lib/python3.12/site-packages/oslo_config/cfg.py:3245}}
May 20 07:31:47 ubuntu cinder-volume[128035]: DEBUG oslo_service.backend._eventlet.service [None req-dbcc4cf3-6083-488f-b3de-47e250f6e089 None None] config_file                    = ['/etc/cinder/cinder.conf'] {{(pid=128035) log_opt_values /opt/stack/data/venv/lib/python3.12/site-packages/oslo_config/cfg.py:3245}}
May 20 07:31:47 ubuntu cinder-volume[128035]: DEBUG oslo_service.backend._eventlet.service [None req-dbcc4cf3-6083-488f-b3de-47e250f6e089 None None] config_source                  = [] {{(pid=128035) log_opt_values /opt/stack/data/venv/lib/python3.12/site-packages/oslo_config/cfg.py:3245}}
May 20 07:31:47 ubuntu cinder-volume[128035]: DEBUG oslo_service.backend._eventlet.service [None req-dbcc4cf3-6083-488f-b3de-47e250f6e089 None None] consistencygroup_api_class     = cinder.consistencygroup.api.API {{(pid=128035) log_opt_values /opt/stack/data/venv/lib/python3.12/site-packages/oslo_config/cfg.py:3245}}
May 20 07:31:47 ubuntu cinder-volume[128035]: DEBUG oslo_service.backend._eventlet.service [None req-dbcc4cf3-6083-488f-b3de-47e250f6e089 None None] control_exchange               = openstack {{(pid=128035) log_opt_values /opt/stack/data/venv/lib/python3.12/site-packages/oslo_config/cfg.py:3245}}
May 20 07:31:47 ubuntu cinder-volume[128035]: DEBUG oslo_service.backend._eventlet.service [None req-dbcc4cf3-6083-488f-b3de-47e250f6e089 None None] debug                          = True {{(pid=128035) log_opt_values /opt/stack/data/venv/lib/python3.12/site-packages/oslo_config/cfg.py:3245}}
May 20 07:31:47 ubuntu cinder-volume[128035]: DEBUG oslo_service.backend._eventlet.service [None req-dbcc4cf3-6083-488f-b3de-47e250f6e089 None None] default_availability_zone      = None {{(pid=128035) log_opt_values /opt/stack/data/venv/lib/python3.12/site-packages/oslo_config/cfg.py:3245}}
May 20 07:31:47 ubuntu cinder-volume[128035]: DEBUG oslo_service.backend._eventlet.service [None req-dbcc4cf3-6083-488f-b3de-47e250f6e089 None None] default_group_type             = None {{(pid=128035) log_opt_values /opt/stack/data/venv/lib/python3.12/site-packages/oslo_config/cfg.py:3245}}
May 20 07:31:47 ubuntu cinder-volume[128035]: DEBUG oslo_service.backend._eventlet.service [None req-dbcc4cf3-6083-488f-b3de-47e250f6e089 None None] default_log_levels             = ['amqp=WARN', 'boto=WARN', 'sqlalchemy=WARN', 'suds=INFO', 'oslo.messaging=INFO', 'oslo_messaging=INFO', 'iso8601=WARN', 'requests.packages.urllib3.connectionpool=WARN', 'urllib3.connectionpool=WARN', 'websocket=WARN', 'requests.packages.urllib3.util.retry=WARN', 'urllib3.util.retry=WARN', 'keystonemiddleware=WARN', 'routes.middleware=WARN', 'stevedore=WARN', 'taskflow=WARN', 'keystoneauth=WARN', 'oslo.cache=INFO', 'oslo_policy=INFO', 'dogpile.core.dogpile=INFO'] {{(pid=128035) log_opt_values /opt/stack/data/venv/lib/python3.12/site-packages/oslo_config/cfg.py:3245}}
May 20 07:31:47 ubuntu cinder-volume[128035]: DEBUG oslo_service.backend._eventlet.service [None req-dbcc4cf3-6083-488f-b3de-47e250f6e089 None None] default_volume_type            = arcusfc1 {{(pid=128035) log_opt_values /opt/stack/data/venv/lib/python3.12/site-packages/oslo_config/cfg.py:3245}}
May 20 07:31:47 ubuntu cinder-volume[128035]: DEBUG oslo_service.backend._eventlet.service [None req-dbcc4cf3-6083-488f-b3de-47e250f6e089 None None] disk_geometry                  = None {{(pid=128035) log_opt_values /opt/stack/data/venv/lib/python3.12/site-packages/oslo_config/cfg.py:3245}}
May 20 07:31:47 ubuntu cinder-volume[128035]: DEBUG oslo_service.backend._eventlet.service [None req-dbcc4cf3-6083-488f-b3de-47e250f6e089 None None] driver_client_cert             = None {{(pid=128035) log_opt_values /opt/stack/data/venv/lib/python3.12/site-packages/oslo_config/cfg.py:3245}}
May 20 07:31:47 ubuntu cinder-volume[128035]: DEBUG oslo_service.backend._eventlet.service [None req-dbcc4cf3-6083-488f-b3de-47e250f6e089 None None] driver_client_cert_key         = None {{(pid=128035) log_opt_values /opt/stack/data/venv/lib/python3.12/site-packages/oslo_config/cfg.py:3245}}
May 20 07:31:47 ubuntu cinder-volume[128035]: DEBUG oslo_service.backend._eventlet.service [None req-dbcc4cf3-6083-488f-b3de-47e250f6e089 None None] driver_data_namespace          = None {{(pid=128035) log_opt_values /opt/stack/data/venv/lib/python3.12/site-packages/oslo_config/cfg.py:3245}}
May 20 07:31:47 ubuntu cinder-volume[128035]: DEBUG oslo_service.backend._eventlet.service [None req-dbcc4cf3-6083-488f-b3de-47e250f6e089 None None] driver_ssl_cert_path           = None {{(pid=128035) log_opt_values /opt/stack/data/venv/lib/python3.12/site-packages/oslo_config/cfg.py:3245}}
May 20 07:31:47 ubuntu cinder-volume[128035]: DEBUG oslo_service.backend._eventlet.service [None req-dbcc4cf3-6083-488f-b3de-47e250f6e089 None None] driver_ssl_cert_verify         = False {{(pid=128035) log_opt_values /opt/stack/data/venv/lib/python3.12/site-packages/oslo_config/cfg.py:3245}}
May 20 07:31:47 ubuntu cinder-volume[128035]: DEBUG oslo_service.backend._eventlet.service [None req-dbcc4cf3-6083-488f-b3de-47e250f6e089 None None] driver_use_ssl                 = False {{(pid=128035) log_opt_values /opt/stack/data/venv/lib/python3.12/site-packages/oslo_config/cfg.py:3245}}
May 20 07:31:47 ubuntu cinder-volume[128035]: DEBUG oslo_service.backend._eventlet.service [None req-dbcc4cf3-6083-488f-b3de-47e250f6e089 None None] enable_new_services            = True {{(pid=128035) log_opt_values /opt/stack/data/venv/lib/python3.12/site-packages/oslo_config/cfg.py:3245}}
May 20 07:31:47 ubuntu cinder-volume[128035]: DEBUG oslo_service.backend._eventlet.service [None req-dbcc4cf3-6083-488f-b3de-47e250f6e089 None None] enable_unsupported_driver      = False {{(pid=128035) log_opt_values /opt/stack/data/venv/lib/python3.12/site-packages/oslo_config/cfg.py:3245}}
May 20 07:31:47 ubuntu cinder-volume[128035]: DEBUG oslo_service.backend._eventlet.service [None req-dbcc4cf3-6083-488f-b3de-47e250f6e089 None None] enabled_backends               = ['arcusfc1', 'arcusfc2'] {{(pid=128035) log_opt_values /opt/stack/data/venv/lib/python3.12/site-packages/oslo_config/cfg.py:3245}}
May 20 07:31:47 ubuntu cinder-volume[128035]: DEBUG oslo_service.backend._eventlet.service [None req-dbcc4cf3-6083-488f-b3de-47e250f6e089 None None] enforce_multipath_for_image_xfer = False {{(pid=128035) log_opt_values /opt/stack/data/venv/lib/python3.12/site-packages/oslo_config/cfg.py:3245}}
May 20 07:31:47 ubuntu cinder-volume[128035]: DEBUG oslo_service.backend._eventlet.service [None req-dbcc4cf3-6083-488f-b3de-47e250f6e089 None None] filter_function                = None {{(pid=128035) log_opt_values /opt/stack/data/venv/lib/python3.12/site-packages/oslo_config/cfg.py:3245}}
May 20 07:31:47 ubuntu cinder-volume[128035]: DEBUG oslo_service.backend._eventlet.service [None req-dbcc4cf3-6083-488f-b3de-47e250f6e089 None None] glance_api_insecure            = False {{(pid=128035) log_opt_values /opt/stack/data/venv/lib/python3.12/site-packages/oslo_config/cfg.py:3245}}
May 20 07:31:47 ubuntu cinder-volume[128035]: DEBUG oslo_service.backend._eventlet.service [None req-dbcc4cf3-6083-488f-b3de-47e250f6e089 None None] glance_api_servers             = ['http://10.201.5.127/image'] {{(pid=128035) log_opt_values /opt/stack/data/venv/lib/python3.12/site-packages/oslo_config/cfg.py:3245}}
May 20 07:31:47 ubuntu cinder-volume[128035]: DEBUG oslo_service.backend._eventlet.service [None req-dbcc4cf3-6083-488f-b3de-47e250f6e089 None None] glance_api_ssl_compression     = False {{(pid=128035) log_opt_values /opt/stack/data/venv/lib/python3.12/site-packages/oslo_config/cfg.py:3245}}
May 20 07:31:47 ubuntu cinder-volume[128035]: DEBUG oslo_service.backend._eventlet.service [None req-dbcc4cf3-6083-488f-b3de-47e250f6e089 None None] glance_ca_certificates_file    = None {{(pid=128035) log_opt_values /opt/stack/data/venv/lib/python3.12/site-packages/oslo_config/cfg.py:3245}}
May 20 07:31:47 ubuntu cinder-volume[128035]: DEBUG oslo_service.backend._eventlet.service [None req-dbcc4cf3-6083-488f-b3de-47e250f6e089 None None] glance_catalog_info            = image:glance:publicURL {{(pid=128035) log_opt_values /opt/stack/data/venv/lib/python3.12/site-packages/oslo_config/cfg.py:3245}}
May 20 07:31:47 ubuntu cinder-volume[128035]: DEBUG oslo_service.backend._eventlet.service [None req-dbcc4cf3-6083-488f-b3de-47e250f6e089 None None] glance_certfile                = None {{(pid=128035) log_opt_values /opt/stack/data/venv/lib/python3.12/site-packages/oslo_config/cfg.py:3245}}
May 20 07:31:47 ubuntu cinder-volume[128035]: DEBUG oslo_service.backend._eventlet.service [None req-dbcc4cf3-6083-488f-b3de-47e250f6e089 None None] glance_core_properties         = ['checksum', 'container_format', 'disk_format', 'image_name', 'image_id', 'min_disk', 'min_ram', 'name', 'size'] {{(pid=128035) log_opt_values /opt/stack/data/venv/lib/python3.12/site-packages/oslo_config/cfg.py:3245}}
May 20 07:31:47 ubuntu cinder-volume[128035]: DEBUG oslo_service.backend._eventlet.service [None req-dbcc4cf3-6083-488f-b3de-47e250f6e089 None None] glance_keyfile                 = None {{(pid=128035) log_opt_values /opt/stack/data/venv/lib/python3.12/site-packages/oslo_config/cfg.py:3245}}
May 20 07:31:47 ubuntu cinder-volume[128035]: DEBUG oslo_service.backend._eventlet.service [None req-dbcc4cf3-6083-488f-b3de-47e250f6e089 None None] glance_num_retries             = 3 {{(pid=128035) log_opt_values /opt/stack/data/venv/lib/python3.12/site-packages/oslo_config/cfg.py:3245}}
May 20 07:31:47 ubuntu cinder-volume[128035]: DEBUG oslo_service.backend._eventlet.service [None req-dbcc4cf3-6083-488f-b3de-47e250f6e089 None None] glance_request_timeout         = None {{(pid=128035) log_opt_values /opt/stack/data/venv/lib/python3.12/site-packages/oslo_config/cfg.py:3245}}
May 20 07:31:47 ubuntu cinder-volume[128035]: DEBUG oslo_service.backend._eventlet.service [None req-dbcc4cf3-6083-488f-b3de-47e250f6e089 None None] goodness_function              = None {{(pid=128035) log_opt_values /opt/stack/data/venv/lib/python3.12/site-packages/oslo_config/cfg.py:3245}}
May 20 07:31:47 ubuntu cinder-volume[128035]: DEBUG oslo_service.backend._eventlet.service [None req-dbcc4cf3-6083-488f-b3de-47e250f6e089 None None] graceful_shutdown_timeout      = 5 {{(pid=128035) log_opt_values /opt/stack/data/venv/lib/python3.12/site-packages/oslo_config/cfg.py:3245}}
May 20 07:31:47 ubuntu cinder-volume[128035]: DEBUG oslo_service.backend._eventlet.service [None req-dbcc4cf3-6083-488f-b3de-47e250f6e089 None None] group_api_class                = cinder.group.api.API {{(pid=128035) log_opt_values /opt/stack/data/venv/lib/python3.12/site-packages/oslo_config/cfg.py:3245}}
May 20 07:31:47 ubuntu cinder-volume[128035]: DEBUG oslo_service.backend._eventlet.service [None req-dbcc4cf3-6083-488f-b3de-47e250f6e089 None None] host                           = ubuntu {{(pid=128035) log_opt_values /opt/stack/data/venv/lib/python3.12/site-packages/oslo_config/cfg.py:3245}}
May 20 07:31:47 ubuntu cinder-volume[128035]: DEBUG oslo_service.backend._eventlet.service [None req-dbcc4cf3-6083-488f-b3de-47e250f6e089 None None] image_compress_on_upload       = True {{(pid=128035) log_opt_values /opt/stack/data/venv/lib/python3.12/site-packages/oslo_config/cfg.py:3245}}
May 20 07:31:47 ubuntu cinder-volume[128045]: WARNING py.warnings [None req-b8fc5465-e7e2-470b-ad7d-3310ff96de49 None None] /opt/stack/data/venv/lib/python3.12/site-packages/urllib3/connectionpool.py:1110: InsecureRequestWarning: Unverified HTTPS request is being made to host '10.201.5.12'. Adding certificate verification is strongly advised. See: https://urllib3.readthedocs.io/en/latest/advanced-usage.html#tls-warnings
May 20 07:31:47 ubuntu cinder-volume[128045]:   warnings.warn(
May 20 07:31:47 ubuntu cinder-volume[128035]: DEBUG oslo_service.backend._eventlet.service [None req-dbcc4cf3-6083-488f-b3de-47e250f6e089 None None] image_conversion_address_space_limit = 1 {{(pid=128035) log_opt_values /opt/stack/data/venv/lib/python3.12/site-packages/oslo_config/cfg.py:3245}}
May 20 07:31:47 ubuntu cinder-volume[128035]: DEBUG oslo_service.backend._eventlet.service [None req-dbcc4cf3-6083-488f-b3de-47e250f6e089 None None] image_conversion_cpu_limit     = 60 {{(pid=128035) log_opt_values /opt/stack/data/venv/lib/python3.12/site-packages/oslo_config/cfg.py:3245}}
May 20 07:31:47 ubuntu cinder-volume[128035]: DEBUG oslo_service.backend._eventlet.service [None req-dbcc4cf3-6083-488f-b3de-47e250f6e089 None None] image_conversion_dir           = /opt/stack/data/cinder/conversion {{(pid=128035) log_opt_values /opt/stack/data/venv/lib/python3.12/site-packages/oslo_config/cfg.py:3245}}
May 20 07:31:47 ubuntu cinder-volume[128035]: DEBUG oslo_service.backend._eventlet.service [None req-dbcc4cf3-6083-488f-b3de-47e250f6e089 None None] image_conversion_disable       = False {{(pid=128035) log_opt_values /opt/stack/data/venv/lib/python3.12/site-packages/oslo_config/cfg.py:3245}}
May 20 07:31:47 ubuntu cinder-volume[128035]: DEBUG oslo_service.backend._eventlet.service [None req-dbcc4cf3-6083-488f-b3de-47e250f6e089 None None] image_upload_use_cinder_backend = False {{(pid=128035) log_opt_values /opt/stack/data/venv/lib/python3.12/site-packages/oslo_config/cfg.py:3245}}
May 20 07:31:47 ubuntu cinder-volume[128035]: DEBUG oslo_service.backend._eventlet.service [None req-dbcc4cf3-6083-488f-b3de-47e250f6e089 None None] image_upload_use_internal_tenant = False {{(pid=128035) log_opt_values /opt/stack/data/venv/lib/python3.12/site-packages/oslo_config/cfg.py:3245}}
May 20 07:31:47 ubuntu cinder-volume[128035]: DEBUG oslo_service.backend._eventlet.service [None req-dbcc4cf3-6083-488f-b3de-47e250f6e089 None None] image_volume_cache_enabled     = False {{(pid=128035) log_opt_values /opt/stack/data/venv/lib/python3.12/site-packages/oslo_config/cfg.py:3245}}
May 20 07:31:47 ubuntu cinder-volume[128035]: DEBUG oslo_service.backend._eventlet.service [None req-dbcc4cf3-6083-488f-b3de-47e250f6e089 None None] image_volume_cache_max_count   = 0 {{(pid=128035) log_opt_values /opt/stack/data/venv/lib/python3.12/site-packages/oslo_config/cfg.py:3245}}
May 20 07:31:47 ubuntu cinder-volume[128035]: DEBUG oslo_service.backend._eventlet.service [None req-dbcc4cf3-6083-488f-b3de-47e250f6e089 None None] image_volume_cache_max_size_gb = 0 {{(pid=128035) log_opt_values /opt/stack/data/venv/lib/python3.12/site-packages/oslo_config/cfg.py:3245}}
May 20 07:31:47 ubuntu cinder-volume[128035]: DEBUG oslo_service.backend._eventlet.service [None req-dbcc4cf3-6083-488f-b3de-47e250f6e089 None None] init_host_max_objects_retrieval = 0 {{(pid=128035) log_opt_values /opt/stack/data/venv/lib/python3.12/site-packages/oslo_config/cfg.py:3245}}
May 20 07:31:47 ubuntu cinder-volume[128035]: DEBUG oslo_service.backend._eventlet.service [None req-dbcc4cf3-6083-488f-b3de-47e250f6e089 None None] instance_format                = [instance: %(uuid)s]  {{(pid=128035) log_opt_values /opt/stack/data/venv/lib/python3.12/site-packages/oslo_config/cfg.py:3245}}
May 20 07:31:47 ubuntu cinder-volume[128035]: DEBUG oslo_service.backend._eventlet.service [None req-dbcc4cf3-6083-488f-b3de-47e250f6e089 None None] instance_uuid_format           = [instance: %(uuid)s]  {{(pid=128035) log_opt_values /opt/stack/data/venv/lib/python3.12/site-packages/oslo_config/cfg.py:3245}}
May 20 07:31:47 ubuntu cinder-volume[128046]: INFO cinder.volume.manager [None req-19fe294d-f6c5-4602-b371-03ff9ab406de None None] Starting volume driver HPEAlletraMPFCDriver (1.0)
May 20 07:31:47 ubuntu cinder-volume[128035]: DEBUG oslo_service.backend._eventlet.service [None req-dbcc4cf3-6083-488f-b3de-47e250f6e089 None None] iscsi_target_flags             =  {{(pid=128035) log_opt_values /opt/stack/data/venv/lib/python3.12/site-packages/oslo_config/cfg.py:3245}}
May 20 07:31:47 ubuntu cinder-volume[128035]: DEBUG oslo_service.backend._eventlet.service [None req-dbcc4cf3-6083-488f-b3de-47e250f6e089 None None] iscsi_write_cache              = on {{(pid=128035) log_opt_values /opt/stack/data/venv/lib/python3.12/site-packages/oslo_config/cfg.py:3245}}
May 20 07:31:47 ubuntu cinder-volume[128035]: DEBUG oslo_service.backend._eventlet.service [None req-dbcc4cf3-6083-488f-b3de-47e250f6e089 None None] iser_helper                    = tgtadm {{(pid=128035) log_opt_values /opt/stack/data/venv/lib/python3.12/site-packages/oslo_config/cfg.py:3245}}
May 20 07:31:47 ubuntu cinder-volume[128035]: DEBUG oslo_service.backend._eventlet.service [None req-dbcc4cf3-6083-488f-b3de-47e250f6e089 None None] iser_ip_address                = 10.201.5.127 {{(pid=128035) log_opt_values /opt/stack/data/venv/lib/python3.12/site-packages/oslo_config/cfg.py:3245}}
May 20 07:31:47 ubuntu cinder-volume[128035]: DEBUG oslo_service.backend._eventlet.service [None req-dbcc4cf3-6083-488f-b3de-47e250f6e089 None None] iser_port                      = 3260 {{(pid=128035) log_opt_values /opt/stack/data/venv/lib/python3.12/site-packages/oslo_config/cfg.py:3245}}
May 20 07:31:47 ubuntu cinder-volume[128035]: DEBUG oslo_service.backend._eventlet.service [None req-dbcc4cf3-6083-488f-b3de-47e250f6e089 None None] iser_target_prefix             = iqn.2010-10.org.openstack: {{(pid=128035) log_opt_values /opt/stack/data/venv/lib/python3.12/site-packages/oslo_config/cfg.py:3245}}
May 20 07:31:47 ubuntu cinder-volume[128046]: WARNING oslo_config.cfg [None req-19fe294d-f6c5-4602-b371-03ff9ab406de None None] Deprecated: Option "hpe3par_hostseesvlun" from group "arcusfc2" is deprecated. Use option "hpe3par_hostseesvlun" from group "arcusfc2".
May 20 07:31:47 ubuntu cinder-volume[128035]: DEBUG oslo_service.backend._eventlet.service [None req-dbcc4cf3-6083-488f-b3de-47e250f6e089 None None] log_color                      = False {{(pid=128035) log_opt_values /opt/stack/data/venv/lib/python3.12/site-packages/oslo_config/cfg.py:3245}}
May 20 07:31:47 ubuntu cinder-volume[128035]: DEBUG oslo_service.backend._eventlet.service [None req-dbcc4cf3-6083-488f-b3de-47e250f6e089 None None] log_config_append              = None {{(pid=128035) log_opt_values /opt/stack/data/venv/lib/python3.12/site-packages/oslo_config/cfg.py:3245}}
May 20 07:31:47 ubuntu cinder-volume[128046]: DEBUG cinder.volume.drivers.hpe.alletramp_service [None req-19fe294d-f6c5-4602-b371-03ff9ab406de None None] Connecting to array {{(pid=128046) __init__ /opt/stack/cinder/cinder/volume/drivers/hpe/alletramp_service.py:246}}
May 20 07:31:47 ubuntu cinder-volume[128035]: DEBUG oslo_service.backend._eventlet.service [None req-dbcc4cf3-6083-488f-b3de-47e250f6e089 None None] log_date_format                = %Y-%m-%d %H:%M:%S {{(pid=128035) log_opt_values /opt/stack/data/venv/lib/python3.12/site-packages/oslo_config/cfg.py:3245}}
May 20 07:31:47 ubuntu cinder-volume[128045]: DEBUG flowkit [None req-b8fc5465-e7e2-470b-ad7d-3310ff96de49 None None] Ensuring singleton session {{(pid=128045) _ensure_singleton_session /usr/local/lib/python3.12/dist-packages/hpe_storage_flowkit_py/v3/src/core/session.py:46}}
May 20 07:31:47 ubuntu cinder-volume[128035]: DEBUG oslo_service.backend._eventlet.service [None req-dbcc4cf3-6083-488f-b3de-47e250f6e089 None None] log_dir                        = None {{(pid=128035) log_opt_values /opt/stack/data/venv/lib/python3.12/site-packages/oslo_config/cfg.py:3245}}
May 20 07:31:47 ubuntu cinder-volume[128045]: INFO flowkit [None req-b8fc5465-e7e2-470b-ad7d-3310ff96de49 None None] Creating new v3 session
May 20 07:31:47 ubuntu cinder-volume[128035]: DEBUG oslo_service.backend._eventlet.service [None req-dbcc4cf3-6083-488f-b3de-47e250f6e089 None None] log_file                       = None {{(pid=128035) log_opt_values /opt/stack/data/venv/lib/python3.12/site-packages/oslo_config/cfg.py:3245}}
May 20 07:31:47 ubuntu cinder-volume[128045]: DEBUG flowkit [None req-b8fc5465-e7e2-470b-ad7d-3310ff96de49 None None] Headers are {'User-Agent': 'python-requests/2.33.1', 'Accept-Encoding': 'gzip, deflate', 'Accept': '*/*', 'Connection': 'keep-alive', 'Content-Type': 'application/json'} {{(pid=128045) login /usr/local/lib/python3.12/dist-packages/hpe_storage_flowkit_py/v3/src/core/session.py:90}}
May 20 07:31:47 ubuntu cinder-volume[128035]: DEBUG oslo_service.backend._eventlet.service [None req-dbcc4cf3-6083-488f-b3de-47e250f6e089 None None] log_options                    = True {{(pid=128035) log_opt_values /opt/stack/data/venv/lib/python3.12/site-packages/oslo_config/cfg.py:3245}}
May 20 07:31:47 ubuntu cinder-volume[128045]: DEBUG flowkit [None req-b8fc5465-e7e2-470b-ad7d-3310ff96de49 None None] URL is https://10.201.5.12/api/v3 {{(pid=128045) login /usr/local/lib/python3.12/dist-packages/hpe_storage_flowkit_py/v3/src/core/session.py:91}}
May 20 07:31:47 ubuntu cinder-volume[128035]: DEBUG oslo_service.backend._eventlet.service [None req-dbcc4cf3-6083-488f-b3de-47e250f6e089 None None] log_rotate_interval            = 1 {{(pid=128035) log_opt_values /opt/stack/data/venv/lib/python3.12/site-packages/oslo_config/cfg.py:3245}}
May 20 07:31:47 ubuntu cinder-volume[128045]: DEBUG flowkit [None req-b8fc5465-e7e2-470b-ad7d-3310ff96de49 None None] POST request to: https://10.201.5.12/api/v3/credentials {{(pid=128045) post /usr/local/lib/python3.12/dist-packages/hpe_storage_flowkit_py/v3/src/core/rest_client.py:61}}
May 20 07:31:47 ubuntu cinder-volume[128035]: DEBUG oslo_service.backend._eventlet.service [None req-dbcc4cf3-6083-488f-b3de-47e250f6e089 None None] log_rotate_interval_type       = days {{(pid=128035) log_opt_values /opt/stack/data/venv/lib/python3.12/site-packages/oslo_config/cfg.py:3245}}
May 20 07:31:47 ubuntu cinder-volume[128045]: DEBUG flowkit [None req-b8fc5465-e7e2-470b-ad7d-3310ff96de49 None None] POST payload: {'user': '3paradm', 'password': '********'} {{(pid=128045) post /usr/local/lib/python3.12/dist-packages/hpe_storage_flowkit_py/v3/src/core/rest_client.py:62}}
May 20 07:31:47 ubuntu cinder-volume[128035]: DEBUG oslo_service.backend._eventlet.service [None req-dbcc4cf3-6083-488f-b3de-47e250f6e089 None None] log_rotation_type              = none {{(pid=128035) log_opt_values /opt/stack/data/venv/lib/python3.12/site-packages/oslo_config/cfg.py:3245}}
May 20 07:31:47 ubuntu cinder-volume[128035]: DEBUG oslo_service.backend._eventlet.service [None req-dbcc4cf3-6083-488f-b3de-47e250f6e089 None None] logging_context_format_string  = %(color)s%(levelname)s %(name)s [%(global_request_id)s %(request_id)s %(project_name)s %(user_name)s%(color)s] %(instance)s%(color)s%(message)s {{(pid=128035) log_opt_values /opt/stack/data/venv/lib/python3.12/site-packages/oslo_config/cfg.py:3245}}
May 20 07:31:47 ubuntu cinder-volume[128035]: DEBUG oslo_service.backend._eventlet.service [None req-dbcc4cf3-6083-488f-b3de-47e250f6e089 None None] logging_debug_format_suffix    = {{(pid=%(process)d) %(funcName)s %(pathname)s:%(lineno)d}} {{(pid=128035) log_opt_values /opt/stack/data/venv/lib/python3.12/site-packages/oslo_config/cfg.py:3245}}
May 20 07:31:47 ubuntu cinder-volume[128035]: DEBUG oslo_service.backend._eventlet.service [None req-dbcc4cf3-6083-488f-b3de-47e250f6e089 None None] logging_default_format_string  = %(color)s%(levelname)s %(name)s [-%(color)s] %(instance)s%(color)s%(message)s {{(pid=128035) log_opt_values /opt/stack/data/venv/lib/python3.12/site-packages/oslo_config/cfg.py:3245}}
May 20 07:31:47 ubuntu cinder-volume[128035]: DEBUG oslo_service.backend._eventlet.service [None req-dbcc4cf3-6083-488f-b3de-47e250f6e089 None None] logging_exception_prefix       = ERROR %(name)s %(instance)s {{(pid=128035) log_opt_values /opt/stack/data/venv/lib/python3.12/site-packages/oslo_config/cfg.py:3245}}
May 20 07:31:47 ubuntu cinder-volume[128035]: DEBUG oslo_service.backend._eventlet.service [None req-dbcc4cf3-6083-488f-b3de-47e250f6e089 None None] logging_user_identity_format   = %(user)s %(project)s %(domain)s %(system_scope)s %(user_domain)s %(project_domain)s {{(pid=128035) log_opt_values /opt/stack/data/venv/lib/python3.12/site-packages/oslo_config/cfg.py:3245}}
