Feb 20 08:12:38 ubuntu devstack@keystone.service[61889]: ERROR keystone.server.flask.application Traceback (most recent call last):
Feb 20 08:12:38 ubuntu devstack@keystone.service[61889]: ERROR keystone.server.flask.application   File "/opt/stack/data/venv/lib/python3.12/site-packages/flask_restful/__init__.py", line 295, in error_router
Feb 20 08:12:38 ubuntu devstack@keystone.service[61889]: ERROR keystone.server.flask.application     return self.handle_error(e)
Feb 20 08:12:38 ubuntu devstack@keystone.service[61889]: ERROR keystone.server.flask.application            ^^^^^^^^^^^^^^^^^^^^
Feb 20 08:12:38 ubuntu devstack@keystone.service[61889]: ERROR keystone.server.flask.application   File "/opt/stack/data/venv/lib/python3.12/site-packages/flask_restful/__init__.py", line 310, in handle_error
Feb 20 08:12:38 ubuntu devstack@keystone.service[61889]: ERROR keystone.server.flask.application     _handle_flask_propagate_exceptions_config(current_app, e)
Feb 20 08:12:38 ubuntu devstack@keystone.service[61889]: ERROR keystone.server.flask.application   File "/opt/stack/data/venv/lib/python3.12/site-packages/flask/app.py", line 917, in full_dispatch_request
Feb 20 08:12:38 ubuntu devstack@keystone.service[61889]: ERROR keystone.server.flask.application     rv = self.dispatch_request()
Feb 20 08:12:38 ubuntu devstack@keystone.service[61889]: ERROR keystone.server.flask.application          ^^^^^^^^^^^^^^^^^^^^^^^
Feb 20 08:12:38 ubuntu devstack@keystone.service[61889]: ERROR keystone.server.flask.application   File "/opt/stack/data/venv/lib/python3.12/site-packages/flask/app.py", line 902, in dispatch_request
Feb 20 08:12:38 ubuntu devstack@keystone.service[61889]: ERROR keystone.server.flask.application     return self.ensure_sync(self.view_functions[rule.endpoint])(**view_args)  # type: ignore[no-any-return]
Feb 20 08:12:38 ubuntu devstack@keystone.service[61889]: ERROR keystone.server.flask.application            ^^^^^^^^^^^^^^^^^^^^^^^^^^^^^^^^^^^^^^^^^^^^^^^^^^^^^^^^^^^^^^^^^
Feb 20 08:12:38 ubuntu devstack@keystone.service[61889]: ERROR keystone.server.flask.application   File "/opt/stack/data/venv/lib/python3.12/site-packages/flask_restful/__init__.py", line 489, in wrapper
Feb 20 08:12:38 ubuntu devstack@keystone.service[61889]: ERROR keystone.server.flask.application     resp = resource(*args, **kwargs)
Feb 20 08:12:38 ubuntu devstack@keystone.service[61889]: ERROR keystone.server.flask.application            ^^^^^^^^^^^^^^^^^^^^^^^^^
Feb 20 08:12:38 ubuntu devstack@keystone.service[61889]: ERROR keystone.server.flask.application   File "/opt/stack/data/venv/lib/python3.12/site-packages/flask/views.py", line 110, in view
Feb 20 08:12:38 ubuntu devstack@keystone.service[61889]: ERROR keystone.server.flask.application     return current_app.ensure_sync(self.dispatch_request)(**kwargs)  # type: ignore[no-any-return]
Feb 20 08:12:38 ubuntu devstack@keystone.service[61889]: ERROR keystone.server.flask.application            ^^^^^^^^^^^^^^^^^^^^^^^^^^^^^^^^^^^^^^^^^^^^^^^^^^^^^^^^
Feb 20 08:12:38 ubuntu devstack@keystone.service[61889]: ERROR keystone.server.flask.application   File "/opt/stack/data/venv/lib/python3.12/site-packages/flask_restful/__init__.py", line 604, in dispatch_request
Feb 20 08:12:38 ubuntu devstack@keystone.service[61889]: ERROR keystone.server.flask.application     resp = meth(*args, **kwargs)
Feb 20 08:12:38 ubuntu devstack@keystone.service[61889]: ERROR keystone.server.flask.application            ^^^^^^^^^^^^^^^^^^^^^
Feb 20 08:12:38 ubuntu devstack@keystone.service[61889]: ERROR keystone.server.flask.application   File "/opt/stack/keystone/keystone/api/validation/__init__.py", line 86, in wrapper
Feb 20 08:12:38 ubuntu devstack@keystone.service[61889]: ERROR keystone.server.flask.application     return func(*args, **kwargs)
Feb 20 08:12:38 ubuntu devstack@keystone.service[61889]: ERROR keystone.server.flask.application            ^^^^^^^^^^^^^^^^^^^^^
Feb 20 08:12:38 ubuntu devstack@keystone.service[61889]: ERROR keystone.server.flask.application   File "/opt/stack/keystone/keystone/api/validation/__init__.py", line 145, in wrapper
Feb 20 08:12:38 ubuntu devstack@keystone.service[61889]: ERROR keystone.server.flask.application     response = func(*args, **kwargs)
Feb 20 08:12:38 ubuntu devstack@keystone.service[61889]: ERROR keystone.server.flask.application                ^^^^^^^^^^^^^^^^^^^^^
Feb 20 08:12:38 ubuntu devstack@keystone.service[61889]: ERROR keystone.server.flask.application   File "/opt/stack/keystone/keystone/api/roles.py", line 91, in post
Feb 20 08:12:38 ubuntu devstack@keystone.service[61889]: ERROR keystone.server.flask.application     ref = PROVIDERS.role_api.create_role(
Feb 20 08:12:38 ubuntu devstack@keystone.service[61889]: ERROR keystone.server.flask.application           ^^^^^^^^^^^^^^^^^^^^^^^^^^^^^^^
Feb 20 08:12:38 ubuntu devstack@keystone.service[61889]: ERROR keystone.server.flask.application   File "/opt/stack/keystone/keystone/common/manager.py", line 114, in wrapped
Feb 20 08:12:38 ubuntu devstack@keystone.service[61889]: ERROR keystone.server.flask.application     __ret_val = __f(*args, **kwargs)
Feb 20 08:12:38 ubuntu devstack@keystone.service[61889]: ERROR keystone.server.flask.application                 ^^^^^^^^^^^^^^^^^^^^
Feb 20 08:12:38 ubuntu devstack@keystone.service[61889]: ERROR keystone.server.flask.application   File "/opt/stack/keystone/keystone/assignment/core.py", line 1526, in create_role
Feb 20 08:12:38 ubuntu devstack@keystone.service[61889]: ERROR keystone.server.flask.application     ret = self.driver.create_role(role_id, role)
Feb 20 08:12:38 ubuntu devstack@keystone.service[61889]: ERROR keystone.server.flask.application           ^^^^^^^^^^^^^^^^^^^^^^^^^^^^^^^^^^^^^^
Feb 20 08:12:38 ubuntu devstack@keystone.service[61889]: ERROR keystone.server.flask.application   File "/opt/stack/keystone/keystone/common/sql/core.py", line 614, in wrapper
Feb 20 08:12:38 ubuntu devstack@keystone.service[61889]: ERROR keystone.server.flask.application     raise exception.Conflict(type=conflict_type, details=msg)
Feb 20 08:12:38 ubuntu devstack@keystone.service[61889]: ERROR keystone.server.flask.application keystone.exception.Conflict: Conflict occurred attempting to store role - Duplicate entry found with name service.
Feb 20 08:12:38 ubuntu devstack@keystone.service[61889]: ERROR keystone.server.flask.application 
Feb 20 08:12:38 ubuntu devstack@keystone.service[61889]: [pid: 61889|app: 0|req: 17/34] 10.120.125.137 () {62 vars in 1199 bytes} [Fri Feb 20 08:12:38 2026] POST /identity/v3/roles => generated 140 bytes in 105 msecs (HTTP/1.1 409) 5 headers in 183 bytes (1 switches on core 0)
Feb 20 08:12:38 ubuntu devstack@keystone.service[61890]: DEBUG keystone.server.flask.request_processing.req_logging [None req-8a4078e0-4a18-4375-bf6f-9fece64e1499 None None] REQUEST_METHOD: `GET` {{(pid=61890) log_request_info /opt/stack/keystone/keystone/server/flask/request_processing/req_logging.py:26}}
Feb 20 08:12:38 ubuntu devstack@keystone.service[61890]: DEBUG keystone.server.flask.request_processing.req_logging [None req-8a4078e0-4a18-4375-bf6f-9fece64e1499 None None] SCRIPT_NAME: `/identity` {{(pid=61890) log_request_info /opt/stack/keystone/keystone/server/flask/request_processing/req_logging.py:27}}
Feb 20 08:12:38 ubuntu devstack@keystone.service[61890]: DEBUG keystone.server.flask.request_processing.req_logging [None req-8a4078e0-4a18-4375-bf6f-9fece64e1499 None None] PATH_INFO: `/` {{(pid=61890) log_request_info /opt/stack/keystone/keystone/server/flask/request_processing/req_logging.py:28}}
Feb 20 08:12:38 ubuntu devstack@keystone.service[61890]: [pid: 61890|app: 0|req: 18/35] 10.120.125.137 () {56 vars in 951 bytes} [Fri Feb 20 08:12:38 2026] GET /identity => generated 271 bytes in 1 msecs (HTTP/1.1 300) 6 headers in 235 bytes (1 switches on core 0)
Feb 20 08:12:38 ubuntu devstack@keystone.service[61889]: DEBUG keystone.server.flask.request_processing.middleware.auth_context [None req-d53a458e-2045-494a-8feb-0ba8aae156de None admin] Authenticating user token {{(pid=61889) process_request /opt/stack/data/venv/lib/python3.12/site-packages/keystonemiddleware/auth_token/__init__.py:407}}
Feb 20 08:12:38 ubuntu devstack@keystone.service[61890]: DEBUG keystone.server.flask.request_processing.middleware.auth_context [None req-8a4078e0-4a18-4375-bf6f-9fece64e1499 None None] Authenticating user token {{(pid=61890) process_request /opt/stack/data/venv/lib/python3.12/site-packages/keystonemiddleware/auth_token/__init__.py:407}}
Feb 20 08:12:38 ubuntu devstack@keystone.service[61889]: DEBUG keystone.server.flask.request_processing.middleware.auth_context [None req-d53a458e-2045-494a-8feb-0ba8aae156de None admin] Validating token access rules against request {{(pid=61889) validate_allowed_request /opt/stack/data/venv/lib/python3.12/site-packages/keystonemiddleware/auth_token/__init__.py:545}}
Feb 20 08:12:38 ubuntu devstack@keystone.service[61889]: DEBUG keystone.server.flask.request_processing.middleware.auth_context [None req-1c9da301-9ed5-419c-9e0a-b85a435a1c7b None admin] RBAC: auth_context: {'token': <TokenModel (audit_id=Ad9ikRMlQoGjL6qS-jJ-ww, audit_chain_id=['Ad9ikRMlQoGjL6qS-jJ-ww']) at 0x70623e38f1d0>, 'domain_id': None, 'trust_id': None, 'trustor_id': None, 'trustee_id': None, 'domain_name': None, 'group_ids': [], 'user_id': '0c6a4e4fc9094fa9b0373677df4b689d', 'user_domain_id': 'default', 'system_scope': 'all', 'project_id': None, 'project_domain_id': None, 'roles': ['admin', 'manager', 'member', 'reader'], 'is_admin_project': True, 'service_user_id': None, 'service_user_domain_id': None, 'service_project_id': None, 'service_project_domain_id': None, 'service_roles': []} {{(pid=61889) fill_context /opt/stack/keystone/keystone/server/flask/request_processing/middleware/auth_context.py:509}}
Feb 20 08:12:38 ubuntu devstack@keystone.service[61889]: DEBUG keystone.server.flask.request_processing.req_logging [None req-1c9da301-9ed5-419c-9e0a-b85a435a1c7b None admin] REQUEST_METHOD: `GET` {{(pid=61889) log_request_info /opt/stack/keystone/keystone/server/flask/request_processing/req_logging.py:26}}
Feb 20 08:12:38 ubuntu devstack@keystone.service[61889]: DEBUG keystone.server.flask.request_processing.req_logging [None req-1c9da301-9ed5-419c-9e0a-b85a435a1c7b None admin] SCRIPT_NAME: `/identity` {{(pid=61889) log_request_info /opt/stack/keystone/keystone/server/flask/request_processing/req_logging.py:27}}
Feb 20 08:12:38 ubuntu devstack@keystone.service[61889]: DEBUG keystone.server.flask.request_processing.req_logging [None req-1c9da301-9ed5-419c-9e0a-b85a435a1c7b None admin] PATH_INFO: `/v3/roles` {{(pid=61889) log_request_info /opt/stack/keystone/keystone/server/flask/request_processing/req_logging.py:28}}
Feb 20 08:12:38 ubuntu devstack@keystone.service[61889]: DEBUG keystone.common.rbac_enforcer.enforcer [None req-1c9da301-9ed5-419c-9e0a-b85a435a1c7b None admin] RBAC: Adding query filter params (name=admin) {{(pid=61889) _extract_filter_values /opt/stack/keystone/keystone/common/rbac_enforcer/enforcer.py:176}}
Feb 20 08:12:38 ubuntu devstack@keystone.service[61889]: DEBUG keystone.common.rbac_enforcer.enforcer [None req-1c9da301-9ed5-419c-9e0a-b85a435a1c7b None admin] RBAC: Authorizing `identity:list_roles()` {{(pid=61889) enforce_call /opt/stack/keystone/keystone/common/rbac_enforcer/enforcer.py:494}}
Feb 20 08:12:38 ubuntu devstack@keystone.service[61889]: DEBUG keystone.common.rbac_enforcer.enforcer [None req-1c9da301-9ed5-419c-9e0a-b85a435a1c7b None admin] RBAC: Authorization granted {{(pid=61889) enforce_call /opt/stack/keystone/keystone/common/rbac_enforcer/enforcer.py:505}}
Feb 20 08:12:38 ubuntu devstack@keystone.service[61890]: DEBUG keystone.server.flask.request_processing.middleware.auth_context [None req-8a4078e0-4a18-4375-bf6f-9fece64e1499 None None] Validating token access rules against request {{(pid=61890) validate_allowed_request /opt/stack/data/venv/lib/python3.12/site-packages/keystonemiddleware/auth_token/__init__.py:545}}
Feb 20 08:12:38 ubuntu devstack@keystone.service[61889]: [pid: 61889|app: 0|req: 18/36] 10.120.125.137 () {58 vars in 1180 bytes} [Fri Feb 20 08:12:38 2026] GET /identity/v3/roles?name=admin => generated 341 bytes in 74 msecs (HTTP/1.1 200) 5 headers in 177 bytes (1 switches on core 0)
Feb 20 08:12:38 ubuntu devstack@keystone.service[61890]: DEBUG keystone.server.flask.request_processing.middleware.auth_context [None req-629e965e-8375-4b3c-b345-9369746a4eb7 None admin] RBAC: auth_context: {'token': <TokenModel (audit_id=P9WfuKrZTNGgEqa_udzr-Q, audit_chain_id=['P9WfuKrZTNGgEqa_udzr-Q']) at 0x70623e5aa690>, 'domain_id': None, 'trust_id': None, 'trustor_id': None, 'trustee_id': None, 'domain_name': None, 'group_ids': [], 'user_id': '0c6a4e4fc9094fa9b0373677df4b689d', 'user_domain_id': 'default', 'system_scope': 'all', 'project_id': None, 'project_domain_id': None, 'roles': ['admin', 'manager', 'member', 'reader'], 'is_admin_project': True, 'service_user_id': None, 'service_user_domain_id': None, 'service_project_id': None, 'service_project_domain_id': None, 'service_roles': []} {{(pid=61890) fill_context /opt/stack/keystone/keystone/server/flask/request_processing/middleware/auth_context.py:509}}
Feb 20 08:12:38 ubuntu devstack@keystone.service[61890]: DEBUG keystone.server.flask.request_processing.req_logging [None req-629e965e-8375-4b3c-b345-9369746a4eb7 None admin] REQUEST_METHOD: `GET` {{(pid=61890) log_request_info /opt/stack/keystone/keystone/server/flask/request_processing/req_logging.py:26}}
Feb 20 08:12:38 ubuntu devstack@keystone.service[61890]: DEBUG keystone.server.flask.request_processing.req_logging [None req-629e965e-8375-4b3c-b345-9369746a4eb7 None admin] SCRIPT_NAME: `/identity` {{(pid=61890) log_request_info /opt/stack/keystone/keystone/server/flask/request_processing/req_logging.py:27}}
Feb 20 08:12:38 ubuntu devstack@keystone.service[61890]: DEBUG keystone.server.flask.request_processing.req_logging [None req-629e965e-8375-4b3c-b345-9369746a4eb7 None admin] PATH_INFO: `/v3/roles/service` {{(pid=61890) log_request_info /opt/stack/keystone/keystone/server/flask/request_processing/req_logging.py:28}}
Feb 20 08:12:38 ubuntu devstack@keystone.service[61890]: DEBUG keystone.common.rbac_enforcer.enforcer [None req-629e965e-8375-4b3c-b345-9369746a4eb7 None admin] Extracting inferred target data resulted in "NOT FOUND (404)". {{(pid=61890) enforce_call /opt/stack/keystone/keystone/common/rbac_enforcer/enforcer.py:445}}
Feb 20 08:12:38 ubuntu devstack@keystone.service[61890]: DEBUG keystone.server.flask.application [None req-629e965e-8375-4b3c-b345-9369746a4eb7 None admin] Could not find role: service. {{(pid=61890) _handle_keystone_exception /opt/stack/keystone/keystone/server/flask/application.py:146}}
Feb 20 08:12:38 ubuntu devstack@keystone.service[61890]: [pid: 61890|app: 0|req: 19/37] 10.120.125.137 () {58 vars in 1170 bytes} [Fri Feb 20 08:12:38 2026] GET /identity/v3/roles/service => generated 85 bytes in 73 msecs (HTTP/1.1 404) 5 headers in 183 bytes (1 switches on core 0)
Feb 20 08:12:38 ubuntu devstack@keystone.service[61889]: DEBUG keystone.server.flask.request_processing.middleware.auth_context [None req-1c9da301-9ed5-419c-9e0a-b85a435a1c7b None admin] Authenticating user token {{(pid=61889) process_request /opt/stack/data/venv/lib/python3.12/site-packages/keystonemiddleware/auth_token/__init__.py:407}}
Feb 20 08:12:38 ubuntu devstack@keystone.service[61890]: DEBUG keystone.server.flask.request_processing.middleware.auth_context [None req-629e965e-8375-4b3c-b345-9369746a4eb7 None admin] Authenticating user token {{(pid=61890) process_request /opt/stack/data/venv/lib/python3.12/site-packages/keystonemiddleware/auth_token/__init__.py:407}}
Feb 20 08:12:38 ubuntu devstack@keystone.service[61889]: DEBUG keystone.server.flask.request_processing.middleware.auth_context [None req-1c9da301-9ed5-419c-9e0a-b85a435a1c7b None admin] Validating token access rules against request {{(pid=61889) validate_allowed_request /opt/stack/data/venv/lib/python3.12/site-packages/keystonemiddleware/auth_token/__init__.py:545}}
Feb 20 08:12:38 ubuntu devstack@keystone.service[61890]: DEBUG keystone.server.flask.request_processing.middleware.auth_context [None req-629e965e-8375-4b3c-b345-9369746a4eb7 None admin] Validating token access rules against request {{(pid=61890) validate_allowed_request /opt/stack/data/venv/lib/python3.12/site-packages/keystonemiddleware/auth_token/__init__.py:545}}
Feb 20 08:12:38 ubuntu devstack@keystone.service[61889]: DEBUG keystone.server.flask.request_processing.middleware.auth_context [None req-8d5ed3ae-b2b0-4efb-91eb-0640d9f3a541 None admin] RBAC: auth_context: {'token': <TokenModel (audit_id=LYaRFPGoROa9vYtrp2vUnQ, audit_chain_id=['LYaRFPGoROa9vYtrp2vUnQ']) at 0x70623e38d0a0>, 'domain_id': None, 'trust_id': None, 'trustor_id': None, 'trustee_id': None, 'domain_name': None, 'group_ids': [], 'user_id': '0c6a4e4fc9094fa9b0373677df4b689d', 'user_domain_id': 'default', 'system_scope': 'all', 'project_id': None, 'project_domain_id': None, 'roles': ['admin', 'manager', 'member', 'reader'], 'is_admin_project': True, 'service_user_id': None, 'service_user_domain_id': None, 'service_project_id': None, 'service_project_domain_id': None, 'service_roles': []} {{(pid=61889) fill_context /opt/stack/keystone/keystone/server/flask/request_processing/middleware/auth_context.py:509}}
Feb 20 08:12:38 ubuntu devstack@keystone.service[61889]: DEBUG keystone.server.flask.request_processing.req_logging [None req-8d5ed3ae-b2b0-4efb-91eb-0640d9f3a541 None admin] REQUEST_METHOD: `POST` {{(pid=61889) log_request_info /opt/stack/keystone/keystone/server/flask/request_processing/req_logging.py:26}}
Feb 20 08:12:38 ubuntu devstack@keystone.service[61889]: DEBUG keystone.server.flask.request_processing.req_logging [None req-8d5ed3ae-b2b0-4efb-91eb-0640d9f3a541 None admin] SCRIPT_NAME: `/identity` {{(pid=61889) log_request_info /opt/stack/keystone/keystone/server/flask/request_processing/req_logging.py:27}}
Feb 20 08:12:38 ubuntu devstack@keystone.service[61889]: DEBUG keystone.server.flask.request_processing.req_logging [None req-8d5ed3ae-b2b0-4efb-91eb-0640d9f3a541 None admin] PATH_INFO: `/v3/roles` {{(pid=61889) log_request_info /opt/stack/keystone/keystone/server/flask/request_processing/req_logging.py:28}}
Feb 20 08:12:38 ubuntu devstack@keystone.service[61889]: DEBUG keystone.common.rbac_enforcer.enforcer [None req-8d5ed3ae-b2b0-4efb-91eb-0640d9f3a541 None admin] RBAC: Authorizing `identity:create_role()` {{(pid=61889) enforce_call /opt/stack/keystone/keystone/common/rbac_enforcer/enforcer.py:494}}
Feb 20 08:12:38 ubuntu devstack@keystone.service[61889]: DEBUG keystone.common.rbac_enforcer.enforcer [None req-8d5ed3ae-b2b0-4efb-91eb-0640d9f3a541 None admin] RBAC: Authorization granted {{(pid=61889) enforce_call /opt/stack/keystone/keystone/common/rbac_enforcer/enforcer.py:505}}
Feb 20 08:12:38 ubuntu devstack@keystone.service[61889]: [pid: 61889|app: 0|req: 19/38] 10.120.125.137 () {62 vars in 1199 bytes} [Fri Feb 20 08:12:38 2026] POST /identity/v3/roles => generated 226 bytes in 74 msecs (HTTP/1.1 201) 5 headers in 182 bytes (1 switches on core 0)
Feb 20 08:12:38 ubuntu devstack@keystone.service[61889]: DEBUG keystone.server.flask.request_processing.middleware.auth_context [None req-8d5ed3ae-b2b0-4efb-91eb-0640d9f3a541 None admin] Authenticating user token {{(pid=61889) process_request /opt/stack/data/venv/lib/python3.12/site-packages/keystonemiddleware/auth_token/__init__.py:407}}
Feb 20 08:12:38 ubuntu devstack@keystone.service[61890]: DEBUG keystone.server.flask.request_processing.middleware.auth_context [None req-03176e33-6573-4e68-b18d-7770bd843d88 None admin] RBAC: auth_context: {'token': <TokenModel (audit_id=Ad9ikRMlQoGjL6qS-jJ-ww, audit_chain_id=['Ad9ikRMlQoGjL6qS-jJ-ww']) at 0x70623e2c37a0>, 'domain_id': None, 'trust_id': None, 'trustor_id': None, 'trustee_id': None, 'domain_name': None, 'group_ids': [], 'user_id': '0c6a4e4fc9094fa9b0373677df4b689d', 'user_domain_id': 'default', 'system_scope': 'all', 'project_id': None, 'project_domain_id': None, 'roles': ['admin', 'manager', 'member', 'reader'], 'is_admin_project': True, 'service_user_id': None, 'service_user_domain_id': None, 'service_project_id': None, 'service_project_domain_id': None, 'service_roles': []} {{(pid=61890) fill_context /opt/stack/keystone/keystone/server/flask/request_processing/middleware/auth_context.py:509}}
Feb 20 08:12:38 ubuntu devstack@keystone.service[61890]: DEBUG keystone.server.flask.request_processing.req_logging [None req-03176e33-6573-4e68-b18d-7770bd843d88 None admin] REQUEST_METHOD: `GET` {{(pid=61890) log_request_info /opt/stack/keystone/keystone/server/flask/request_processing/req_logging.py:26}}
Feb 20 08:12:38 ubuntu devstack@keystone.service[61890]: DEBUG keystone.server.flask.request_processing.req_logging [None req-03176e33-6573-4e68-b18d-7770bd843d88 None admin] SCRIPT_NAME: `/identity` {{(pid=61890) log_request_info /opt/stack/keystone/keystone/server/flask/request_processing/req_logging.py:27}}
Feb 20 08:12:38 ubuntu devstack@keystone.service[61890]: DEBUG keystone.server.flask.request_processing.req_logging [None req-03176e33-6573-4e68-b18d-7770bd843d88 None admin] PATH_INFO: `/v3/users/0c6a4e4fc9094fa9b0373677df4b689d` {{(pid=61890) log_request_info /opt/stack/keystone/keystone/server/flask/request_processing/req_logging.py:28}}
Feb 20 08:12:38 ubuntu devstack@keystone.service[61890]: DEBUG keystone.common.rbac_enforcer.enforcer [None req-03176e33-6573-4e68-b18d-7770bd843d88 None admin] RBAC: Authorizing `identity:get_user(user_id=0c6a4e4fc9094fa9b0373677df4b689d)` {{(pid=61890) enforce_call /opt/stack/keystone/keystone/common/rbac_enforcer/enforcer.py:494}}
Feb 20 08:12:38 ubuntu devstack@keystone.service[61890]: DEBUG keystone.common.rbac_enforcer.enforcer [None req-03176e33-6573-4e68-b18d-7770bd843d88 None admin] RBAC: Authorization granted {{(pid=61890) enforce_call /opt/stack/keystone/keystone/common/rbac_enforcer/enforcer.py:505}}
Feb 20 08:12:38 ubuntu devstack@keystone.service[61890]: [pid: 61890|app: 0|req: 20/39] 10.120.125.137 () {58 vars in 1245 bytes} [Fri Feb 20 08:12:38 2026] GET /identity/v3/users/0c6a4e4fc9094fa9b0373677df4b689d => generated 248 bytes in 53 msecs (HTTP/1.1 200) 5 headers in 177 bytes (1 switches on core 0)
Feb 20 08:12:38 ubuntu devstack@keystone.service[61890]: DEBUG keystone.server.flask.request_processing.req_logging [None req-963b07d4-2e3a-41eb-82c6-f8b4f9f6004d None None] REQUEST_METHOD: `POST` {{(pid=61890) log_request_info /opt/stack/keystone/keystone/server/flask/request_processing/req_logging.py:26}}
Feb 20 08:12:38 ubuntu devstack@keystone.service[61890]: DEBUG keystone.server.flask.request_processing.req_logging [None req-963b07d4-2e3a-41eb-82c6-f8b4f9f6004d None None] SCRIPT_NAME: `/identity` {{(pid=61890) log_request_info /opt/stack/keystone/keystone/server/flask/request_processing/req_logging.py:27}}
Feb 20 08:12:38 ubuntu devstack@keystone.service[61890]: DEBUG keystone.server.flask.request_processing.req_logging [None req-963b07d4-2e3a-41eb-82c6-f8b4f9f6004d None None] PATH_INFO: `/v3/auth/tokens` {{(pid=61890) log_request_info /opt/stack/keystone/keystone/server/flask/request_processing/req_logging.py:28}}
Feb 20 08:12:38 ubuntu devstack@keystone.service[61890]: WARNING keystone.common.password_hashing [None req-963b07d4-2e3a-41eb-82c6-f8b4f9f6004d None None] Truncating password to algorithm specific maximum length 72 characters.
Feb 20 08:12:38 ubuntu devstack@keystone.service[61890]: DEBUG keystone.auth.core [None req-963b07d4-2e3a-41eb-82c6-f8b4f9f6004d None None] MFA Rules not processed for user `0c6a4e4fc9094fa9b0373677df4b689d`. Rule list: `[]` (Enabled: `True`). {{(pid=61890) check_auth_methods_against_rules /opt/stack/keystone/keystone/auth/core.py:476}}
Feb 20 08:12:38 ubuntu devstack@keystone.service[61890]: DEBUG keystone.common.fernet_utils [None req-963b07d4-2e3a-41eb-82c6-f8b4f9f6004d None None] Loaded 2 Fernet keys from /etc/keystone/fernet-keys/, but `[fernet_tokens] max_active_keys = 3`; perhaps there have not been enough key rotations to reach `max_active_keys` yet? {{(pid=61890) load_keys /opt/stack/keystone/keystone/common/fernet_utils.py:297}}
Feb 20 08:12:38 ubuntu devstack@keystone.service[61889]: DEBUG keystone.server.flask.request_processing.middleware.auth_context [None req-8d5ed3ae-b2b0-4efb-91eb-0640d9f3a541 None admin] Validating token access rules against request {{(pid=61889) validate_allowed_request /opt/stack/data/venv/lib/python3.12/site-packages/keystonemiddleware/auth_token/__init__.py:545}}
Feb 20 08:12:38 ubuntu devstack@keystone.service[61889]: DEBUG keystone.server.flask.request_processing.middleware.auth_context [None req-6c83def8-020f-44b7-afef-45b858b852b3 None admin] RBAC: auth_context: {'token': <TokenModel (audit_id=yf41phyiSUCiRMYrICGGjQ, audit_chain_id=['yf41phyiSUCiRMYrICGGjQ']) at 0x70623e3135c0>, 'domain_id': None, 'trust_id': None, 'trustor_id': None, 'trustee_id': None, 'domain_name': None, 'group_ids': [], 'user_id': '0c6a4e4fc9094fa9b0373677df4b689d', 'user_domain_id': 'default', 'system_scope': 'all', 'project_id': None, 'project_domain_id': None, 'roles': ['admin', 'manager', 'member', 'reader'], 'is_admin_project': True, 'service_user_id': None, 'service_user_domain_id': None, 'service_project_id': None, 'service_project_domain_id': None, 'service_roles': []} {{(pid=61889) fill_context /opt/stack/keystone/keystone/server/flask/request_processing/middleware/auth_context.py:509}}
Feb 20 08:12:38 ubuntu devstack@keystone.service[61889]: DEBUG keystone.server.flask.request_processing.req_logging [None req-6c83def8-020f-44b7-afef-45b858b852b3 None admin] REQUEST_METHOD: `GET` {{(pid=61889) log_request_info /opt/stack/keystone/keystone/server/flask/request_processing/req_logging.py:26}}
Feb 20 08:12:38 ubuntu devstack@keystone.service[61889]: DEBUG keystone.server.flask.request_processing.req_logging [None req-6c83def8-020f-44b7-afef-45b858b852b3 None admin] SCRIPT_NAME: `/identity` {{(pid=61889) log_request_info /opt/stack/keystone/keystone/server/flask/request_processing/req_logging.py:27}}
Feb 20 08:12:38 ubuntu devstack@keystone.service[61889]: DEBUG keystone.server.flask.request_processing.req_logging [None req-6c83def8-020f-44b7-afef-45b858b852b3 None admin] PATH_INFO: `/v3/domains/Default` {{(pid=61889) log_request_info /opt/stack/keystone/keystone/server/flask/request_processing/req_logging.py:28}}
Feb 20 08:12:38 ubuntu devstack@keystone.service[61890]: [pid: 61890|app: 0|req: 21/40] 10.120.125.137 () {60 vars in 1048 bytes} [Fri Feb 20 08:12:38 2026] POST /identity/v3/auth/tokens => generated 863 bytes in 52 msecs (HTTP/1.1 201) 6 headers in 363 bytes (1 switches on core 0)
Feb 20 08:12:38 ubuntu devstack@keystone.service[61890]: DEBUG keystone.server.flask.request_processing.middleware.auth_context [None req-963b07d4-2e3a-41eb-82c6-f8b4f9f6004d None None] Authenticating user token {{(pid=61890) process_request /opt/stack/data/venv/lib/python3.12/site-packages/keystonemiddleware/auth_token/__init__.py:407}}
Feb 20 08:12:38 ubuntu devstack@keystone.service[61889]: DEBUG keystone.common.rbac_enforcer.enforcer [None req-6c83def8-020f-44b7-afef-45b858b852b3 None admin] RBAC: Authorizing `identity:get_domain(domain_id=Default)` {{(pid=61889) enforce_call /opt/stack/keystone/keystone/common/rbac_enforcer/enforcer.py:494}}
Feb 20 08:12:38 ubuntu devstack@keystone.service[61889]: DEBUG keystone.common.rbac_enforcer.enforcer [None req-6c83def8-020f-44b7-afef-45b858b852b3 None admin] RBAC: Authorization granted {{(pid=61889) enforce_call /opt/stack/keystone/keystone/common/rbac_enforcer/enforcer.py:505}}
Feb 20 08:12:38 ubuntu devstack@keystone.service[61889]: DEBUG keystone.server.flask.application [None req-6c83def8-020f-44b7-afef-45b858b852b3 None admin] Could not find domain: Default. {{(pid=61889) _handle_keystone_exception /opt/stack/keystone/keystone/server/flask/application.py:146}}
Feb 20 08:12:38 ubuntu devstack@keystone.service[61889]: [pid: 61889|app: 0|req: 20/41] 10.120.125.137 () {58 vars in 1176 bytes} [Fri Feb 20 08:12:38 2026] GET /identity/v3/domains/Default => generated 87 bytes in 71 msecs (HTTP/1.1 404) 5 headers in 183 bytes (1 switches on core 0)
Feb 20 08:12:38 ubuntu devstack@keystone.service[61889]: DEBUG keystone.server.flask.request_processing.middleware.auth_context [None req-6c83def8-020f-44b7-afef-45b858b852b3 None admin] Authenticating user token {{(pid=61889) process_request /opt/stack/data/venv/lib/python3.12/site-packages/keystonemiddleware/auth_token/__init__.py:407}}
Feb 20 08:12:38 ubuntu devstack@keystone.service[61890]: DEBUG keystone.server.flask.request_processing.middleware.auth_context [None req-963b07d4-2e3a-41eb-82c6-f8b4f9f6004d None None] Validating token access rules against request {{(pid=61890) validate_allowed_request /opt/stack/data/venv/lib/python3.12/site-packages/keystonemiddleware/auth_token/__init__.py:545}}
Feb 20 08:12:38 ubuntu devstack@keystone.service[61890]: DEBUG keystone.server.flask.request_processing.middleware.auth_context [None req-54c85172-07f6-41a3-a79c-fb96bf643470 None admin] RBAC: auth_context: {'token': <TokenModel (audit_id=P9WfuKrZTNGgEqa_udzr-Q, audit_chain_id=['P9WfuKrZTNGgEqa_udzr-Q']) at 0x70623e2c1d60>, 'domain_id': None, 'trust_id': None, 'trustor_id': None, 'trustee_id': None, 'domain_name': None, 'group_ids': [], 'user_id': '0c6a4e4fc9094fa9b0373677df4b689d', 'user_domain_id': 'default', 'system_scope': 'all', 'project_id': None, 'project_domain_id': None, 'roles': ['admin', 'manager', 'member', 'reader'], 'is_admin_project': True, 'service_user_id': None, 'service_user_domain_id': None, 'service_project_id': None, 'service_project_domain_id': None, 'service_roles': []} {{(pid=61890) fill_context /opt/stack/keystone/keystone/server/flask/request_processing/middleware/auth_context.py:509}}
Feb 20 08:12:38 ubuntu devstack@keystone.service[61890]: DEBUG keystone.server.flask.request_processing.req_logging [None req-54c85172-07f6-41a3-a79c-fb96bf643470 None admin] REQUEST_METHOD: `GET` {{(pid=61890) log_request_info /opt/stack/keystone/keystone/server/flask/request_processing/req_logging.py:26}}
Feb 20 08:12:38 ubuntu devstack@keystone.service[61890]: DEBUG keystone.server.flask.request_processing.req_logging [None req-54c85172-07f6-41a3-a79c-fb96bf643470 None admin] SCRIPT_NAME: `/identity` {{(pid=61890) log_request_info /opt/stack/keystone/keystone/server/flask/request_processing/req_logging.py:27}}
Feb 20 08:12:38 ubuntu devstack@keystone.service[61890]: DEBUG keystone.server.flask.request_processing.req_logging [None req-54c85172-07f6-41a3-a79c-fb96bf643470 None admin] PATH_INFO: `/v3/roles` {{(pid=61890) log_request_info /opt/stack/keystone/keystone/server/flask/request_processing/req_logging.py:28}}
Feb 20 08:12:38 ubuntu devstack@keystone.service[61890]: DEBUG keystone.common.rbac_enforcer.enforcer [None req-54c85172-07f6-41a3-a79c-fb96bf643470 None admin] RBAC: Adding query filter params (name=service) {{(pid=61890) _extract_filter_values /opt/stack/keystone/keystone/common/rbac_enforcer/enforcer.py:176}}
Feb 20 08:12:38 ubuntu devstack@keystone.service[61890]: DEBUG keystone.common.rbac_enforcer.enforcer [None req-54c85172-07f6-41a3-a79c-fb96bf643470 None admin] RBAC: Authorizing `identity:list_roles()` {{(pid=61890) enforce_call /opt/stack/keystone/keystone/common/rbac_enforcer/enforcer.py:494}}
Feb 20 08:12:38 ubuntu devstack@keystone.service[61890]: DEBUG keystone.common.rbac_enforcer.enforcer [None req-54c85172-07f6-41a3-a79c-fb96bf643470 None admin] RBAC: Authorization granted {{(pid=61890) enforce_call /opt/stack/keystone/keystone/common/rbac_enforcer/enforcer.py:505}}
Feb 20 08:12:38 ubuntu devstack@keystone.service[61890]: [pid: 61890|app: 0|req: 22/42] 10.120.125.137 () {58 vars in 1184 bytes} [Fri Feb 20 08:12:38 2026] GET /identity/v3/roles?name=service => generated 345 bytes in 62 msecs (HTTP/1.1 200) 5 headers in 177 bytes (1 switches on core 0)
Feb 20 08:12:38 ubuntu devstack@keystone.service[61890]: DEBUG keystone.server.flask.request_processing.middleware.auth_context [None req-54c85172-07f6-41a3-a79c-fb96bf643470 None admin] Authenticating user token {{(pid=61890) process_request /opt/stack/data/venv/lib/python3.12/site-packages/keystonemiddleware/auth_token/__init__.py:407}}
Feb 20 08:12:38 ubuntu devstack@keystone.service[61889]: DEBUG keystone.server.flask.request_processing.middleware.auth_context [None req-6c83def8-020f-44b7-afef-45b858b852b3 None admin] Validating token access rules against request {{(pid=61889) validate_allowed_request /opt/stack/data/venv/lib/python3.12/site-packages/keystonemiddleware/auth_token/__init__.py:545}}
Feb 20 08:12:38 ubuntu devstack@keystone.service[61889]: DEBUG keystone.server.flask.request_processing.middleware.auth_context [None req-6d583ff9-9909-441c-8d25-5b877e7a36c7 None admin] RBAC: auth_context: {'token': <TokenModel (audit_id=Ad9ikRMlQoGjL6qS-jJ-ww, audit_chain_id=['Ad9ikRMlQoGjL6qS-jJ-ww']) at 0x70623e3963c0>, 'domain_id': None, 'trust_id': None, 'trustor_id': None, 'trustee_id': None, 'domain_name': None, 'group_ids': [], 'user_id': '0c6a4e4fc9094fa9b0373677df4b689d', 'user_domain_id': 'default', 'system_scope': 'all', 'project_id': None, 'project_domain_id': None, 'roles': ['admin', 'manager', 'member', 'reader'], 'is_admin_project': True, 'service_user_id': None, 'service_user_domain_id': None, 'service_project_id': None, 'service_project_domain_id': None, 'service_roles': []} {{(pid=61889) fill_context /opt/stack/keystone/keystone/server/flask/request_processing/middleware/auth_context.py:509}}
Feb 20 08:12:38 ubuntu devstack@keystone.service[61889]: DEBUG keystone.server.flask.request_processing.req_logging [None req-6d583ff9-9909-441c-8d25-5b877e7a36c7 None admin] REQUEST_METHOD: `GET` {{(pid=61889) log_request_info /opt/stack/keystone/keystone/server/flask/request_processing/req_logging.py:26}}
Feb 20 08:12:38 ubuntu devstack@keystone.service[61889]: DEBUG keystone.server.flask.request_processing.req_logging [None req-6d583ff9-9909-441c-8d25-5b877e7a36c7 None admin] SCRIPT_NAME: `/identity` {{(pid=61889) log_request_info /opt/stack/keystone/keystone/server/flask/request_processing/req_logging.py:27}}
Feb 20 08:12:38 ubuntu devstack@keystone.service[61889]: DEBUG keystone.server.flask.request_processing.req_logging [None req-6d583ff9-9909-441c-8d25-5b877e7a36c7 None admin] PATH_INFO: `/v3/domains/default` {{(pid=61889) log_request_info /opt/stack/keystone/keystone/server/flask/request_processing/req_logging.py:28}}
Feb 20 08:12:38 ubuntu devstack@keystone.service[61889]: DEBUG keystone.common.rbac_enforcer.enforcer [None req-6d583ff9-9909-441c-8d25-5b877e7a36c7 None admin] RBAC: Authorizing `identity:get_domain(domain_id=default)` {{(pid=61889) enforce_call /opt/stack/keystone/keystone/common/rbac_enforcer/enforcer.py:494}}
Feb 20 08:12:38 ubuntu devstack@keystone.service[61889]: DEBUG keystone.common.rbac_enforcer.enforcer [None req-6d583ff9-9909-441c-8d25-5b877e7a36c7 None admin] RBAC: Authorization granted {{(pid=61889) enforce_call /opt/stack/keystone/keystone/common/rbac_enforcer/enforcer.py:505}}
Feb 20 08:12:38 ubuntu devstack@keystone.service[61889]: [pid: 61889|app: 0|req: 21/43] 10.120.125.137 () {58 vars in 1176 bytes} [Fri Feb 20 08:12:38 2026] GET /identity/v3/domains/default => generated 200 bytes in 86 msecs (HTTP/1.1 200) 5 headers in 177 bytes (1 switches on core 0)
Feb 20 08:12:38 ubuntu devstack@keystone.service[61889]: DEBUG keystone.server.flask.request_processing.middleware.auth_context [None req-6d583ff9-9909-441c-8d25-5b877e7a36c7 None admin] Authenticating user token {{(pid=61889) process_request /opt/stack/data/venv/lib/python3.12/site-packages/keystonemiddleware/auth_token/__init__.py:407}}
Feb 20 08:12:38 ubuntu devstack@keystone.service[61890]: DEBUG keystone.server.flask.request_processing.middleware.auth_context [None req-54c85172-07f6-41a3-a79c-fb96bf643470 None admin] Validating token access rules against request {{(pid=61890) validate_allowed_request /opt/stack/data/venv/lib/python3.12/site-packages/keystonemiddleware/auth_token/__init__.py:545}}
Feb 20 08:12:38 ubuntu devstack@keystone.service[61889]: DEBUG keystone.server.flask.request_processing.middleware.auth_context [None req-6d583ff9-9909-441c-8d25-5b877e7a36c7 None admin] Validating token access rules against request {{(pid=61889) validate_allowed_request /opt/stack/data/venv/lib/python3.12/site-packages/keystonemiddleware/auth_token/__init__.py:545}}
Feb 20 08:12:39 ubuntu devstack@keystone.service[61889]: DEBUG keystone.server.flask.request_processing.middleware.auth_context [None req-abeecb4a-fd14-4a97-a34a-9e87ead1545f None admin] RBAC: auth_context: {'token': <TokenModel (audit_id=yf41phyiSUCiRMYrICGGjQ, audit_chain_id=['yf41phyiSUCiRMYrICGGjQ']) at 0x70623e312e10>, 'domain_id': None, 'trust_id': None, 'trustor_id': None, 'trustee_id': None, 'domain_name': None, 'group_ids': [], 'user_id': '0c6a4e4fc9094fa9b0373677df4b689d', 'user_domain_id': 'default', 'system_scope': 'all', 'project_id': None, 'project_domain_id': None, 'roles': ['admin', 'manager', 'member', 'reader'], 'is_admin_project': True, 'service_user_id': None, 'service_user_domain_id': None, 'service_project_id': None, 'service_project_domain_id': None, 'service_roles': []} {{(pid=61889) fill_context /opt/stack/keystone/keystone/server/flask/request_processing/middleware/auth_context.py:509}}
Feb 20 08:12:39 ubuntu devstack@keystone.service[61889]: DEBUG keystone.server.flask.request_processing.req_logging [None req-abeecb4a-fd14-4a97-a34a-9e87ead1545f None admin] REQUEST_METHOD: `GET` {{(pid=61889) log_request_info /opt/stack/keystone/keystone/server/flask/request_processing/req_logging.py:26}}
Feb 20 08:12:39 ubuntu devstack@keystone.service[61889]: DEBUG keystone.server.flask.request_processing.req_logging [None req-abeecb4a-fd14-4a97-a34a-9e87ead1545f None admin] SCRIPT_NAME: `/identity` {{(pid=61889) log_request_info /opt/stack/keystone/keystone/server/flask/request_processing/req_logging.py:27}}
Feb 20 08:12:39 ubuntu devstack@keystone.service[61889]: DEBUG keystone.server.flask.request_processing.req_logging [None req-abeecb4a-fd14-4a97-a34a-9e87ead1545f None admin] PATH_INFO: `/v3/domains` {{(pid=61889) log_request_info /opt/stack/keystone/keystone/server/flask/request_processing/req_logging.py:28}}
Feb 20 08:12:39 ubuntu devstack@keystone.service[61889]: DEBUG keystone.common.rbac_enforcer.enforcer [None req-abeecb4a-fd14-4a97-a34a-9e87ead1545f None admin] RBAC: Adding query filter params (name=Default) {{(pid=61889) _extract_filter_values /opt/stack/keystone/keystone/common/rbac_enforcer/enforcer.py:176}}
Feb 20 08:12:39 ubuntu devstack@keystone.service[61889]: DEBUG keystone.common.rbac_enforcer.enforcer [None req-abeecb4a-fd14-4a97-a34a-9e87ead1545f None admin] RBAC: Authorizing `identity:list_domains()` {{(pid=61889) enforce_call /opt/stack/keystone/keystone/common/rbac_enforcer/enforcer.py:494}}
Feb 20 08:12:39 ubuntu devstack@keystone.service[61890]: DEBUG keystone.server.flask.request_processing.middleware.auth_context [None req-8e4da3bd-8e74-4f5f-9b1c-1aac9dda9d60 None admin] RBAC: auth_context: {'token': <TokenModel (audit_id=CuPD7kmTTiSzhT7Km5ByBg, audit_chain_id=['CuPD7kmTTiSzhT7Km5ByBg']) at 0x70623e591850>, 'domain_id': None, 'trust_id': None, 'trustor_id': None, 'trustee_id': None, 'domain_name': None, 'group_ids': [], 'user_id': '0c6a4e4fc9094fa9b0373677df4b689d', 'user_domain_id': 'default', 'system_scope': 'all', 'project_id': None, 'project_domain_id': None, 'roles': ['admin', 'manager', 'member', 'reader'], 'is_admin_project': True, 'service_user_id': None, 'service_user_domain_id': None, 'service_project_id': None, 'service_project_domain_id': None, 'service_roles': []} {{(pid=61890) fill_context /opt/stack/keystone/keystone/server/flask/request_processing/middleware/auth_context.py:509}}
Feb 20 08:12:39 ubuntu devstack@keystone.service[61889]: DEBUG keystone.common.rbac_enforcer.enforcer [None req-abeecb4a-fd14-4a97-a34a-9e87ead1545f None admin] RBAC: Authorization granted {{(pid=61889) enforce_call /opt/stack/keystone/keystone/common/rbac_enforcer/enforcer.py:505}}
Feb 20 08:12:39 ubuntu devstack@keystone.service[61890]: DEBUG keystone.server.flask.request_processing.req_logging [None req-8e4da3bd-8e74-4f5f-9b1c-1aac9dda9d60 None admin] REQUEST_METHOD: `POST` {{(pid=61890) log_request_info /opt/stack/keystone/keystone/server/flask/request_processing/req_logging.py:26}}
Feb 20 08:12:39 ubuntu devstack@keystone.service[61890]: DEBUG keystone.server.flask.request_processing.req_logging [None req-8e4da3bd-8e74-4f5f-9b1c-1aac9dda9d60 None admin] SCRIPT_NAME: `/identity` {{(pid=61890) log_request_info /opt/stack/keystone/keystone/server/flask/request_processing/req_logging.py:27}}
Feb 20 08:12:39 ubuntu devstack@keystone.service[61890]: DEBUG keystone.server.flask.request_processing.req_logging [None req-8e4da3bd-8e74-4f5f-9b1c-1aac9dda9d60 None admin] PATH_INFO: `/v3/roles` {{(pid=61890) log_request_info /opt/stack/keystone/keystone/server/flask/request_processing/req_logging.py:28}}
Feb 20 08:12:39 ubuntu devstack@keystone.service[61890]: DEBUG keystone.common.rbac_enforcer.enforcer [None req-8e4da3bd-8e74-4f5f-9b1c-1aac9dda9d60 None admin] RBAC: Authorizing `identity:create_role()` {{(pid=61890) enforce_call /opt/stack/keystone/keystone/common/rbac_enforcer/enforcer.py:494}}
Feb 20 08:12:39 ubuntu devstack@keystone.service[61890]: DEBUG keystone.common.rbac_enforcer.enforcer [None req-8e4da3bd-8e74-4f5f-9b1c-1aac9dda9d60 None admin] RBAC: Authorization granted {{(pid=61890) enforce_call /opt/stack/keystone/keystone/common/rbac_enforcer/enforcer.py:505}}
Feb 20 08:12:39 ubuntu devstack@keystone.service[61889]: [pid: 61889|app: 0|req: 22/44] 10.120.125.137 () {58 vars in 1190 bytes} [Fri Feb 20 08:12:38 2026] GET /identity/v3/domains?name=Default => generated 310 bytes in 72 msecs (HTTP/1.1 200) 5 headers in 177 bytes (1 switches on core 0)
Feb 20 08:12:39 ubuntu devstack@keystone.service[61889]: DEBUG keystone.server.flask.request_processing.middleware.auth_context [None req-abeecb4a-fd14-4a97-a34a-9e87ead1545f None admin] Authenticating user token {{(pid=61889) process_request /opt/stack/data/venv/lib/python3.12/site-packages/keystonemiddleware/auth_token/__init__.py:407}}
Feb 20 08:12:39 ubuntu devstack@keystone.service[61889]: DEBUG keystone.server.flask.request_processing.middleware.auth_context [None req-abeecb4a-fd14-4a97-a34a-9e87ead1545f None admin] Validating token access rules against request {{(pid=61889) validate_allowed_request /opt/stack/data/venv/lib/python3.12/site-packages/keystonemiddleware/auth_token/__init__.py:545}}
Feb 20 08:12:39 ubuntu devstack@keystone.service[61889]: DEBUG keystone.server.flask.request_processing.middleware.auth_context [None req-74ec97ed-bef2-4fbe-a45d-e8ff49e42638 None admin] RBAC: auth_context: {'token': <TokenModel (audit_id=Ad9ikRMlQoGjL6qS-jJ-ww, audit_chain_id=['Ad9ikRMlQoGjL6qS-jJ-ww']) at 0x70623e48bbc0>, 'domain_id': None, 'trust_id': None, 'trustor_id': None, 'trustee_id': None, 'domain_name': None, 'group_ids': [], 'user_id': '0c6a4e4fc9094fa9b0373677df4b689d', 'user_domain_id': 'default', 'system_scope': 'all', 'project_id': None, 'project_domain_id': None, 'roles': ['admin', 'manager', 'member', 'reader'], 'is_admin_project': True, 'service_user_id': None, 'service_user_domain_id': None, 'service_project_id': None, 'service_project_domain_id': None, 'service_roles': []} {{(pid=61889) fill_context /opt/stack/keystone/keystone/server/flask/request_processing/middleware/auth_context.py:509}}
Feb 20 08:12:39 ubuntu devstack@keystone.service[61889]: DEBUG keystone.server.flask.request_processing.req_logging [None req-74ec97ed-bef2-4fbe-a45d-e8ff49e42638 None admin] REQUEST_METHOD: `GET` {{(pid=61889) log_request_info /opt/stack/keystone/keystone/server/flask/request_processing/req_logging.py:26}}
Feb 20 08:12:39 ubuntu devstack@keystone.service[61889]: DEBUG keystone.server.flask.request_processing.req_logging [None req-74ec97ed-bef2-4fbe-a45d-e8ff49e42638 None admin] SCRIPT_NAME: `/identity` {{(pid=61889) log_request_info /opt/stack/keystone/keystone/server/flask/request_processing/req_logging.py:27}}
Feb 20 08:12:39 ubuntu devstack@keystone.service[61889]: DEBUG keystone.server.flask.request_processing.req_logging [None req-74ec97ed-bef2-4fbe-a45d-e8ff49e42638 None admin] PATH_INFO: `/v3/role_assignments` {{(pid=61889) log_request_info /opt/stack/keystone/keystone/server/flask/request_processing/req_logging.py:28}}
Feb 20 08:12:39 ubuntu devstack@keystone.service[61889]: DEBUG keystone.common.rbac_enforcer.enforcer [None req-74ec97ed-bef2-4fbe-a45d-e8ff49e42638 None admin] RBAC: Adding query filter params (role.id=9b38e47c2790491f8762ff0c2192af15, scope.domain.id=default, user.id=0c6a4e4fc9094fa9b0373677df4b689d) {{(pid=61889) _extract_filter_values /opt/stack/keystone/keystone/common/rbac_enforcer/enforcer.py:176}}
Feb 20 08:12:39 ubuntu devstack@keystone.service[61889]: DEBUG keystone.common.rbac_enforcer.enforcer [None req-74ec97ed-bef2-4fbe-a45d-e8ff49e42638 None admin] RBAC: Authorizing `identity:list_role_assignments()` {{(pid=61889) enforce_call /opt/stack/keystone/keystone/common/rbac_enforcer/enforcer.py:494}}
Feb 20 08:12:39 ubuntu devstack@keystone.service[61889]: DEBUG keystone.common.rbac_enforcer.enforcer [None req-74ec97ed-bef2-4fbe-a45d-e8ff49e42638 None admin] RBAC: Authorization granted {{(pid=61889) enforce_call /opt/stack/keystone/keystone/common/rbac_enforcer/enforcer.py:505}}
Feb 20 08:12:39 ubuntu devstack@keystone.service[61889]: [pid: 61889|app: 0|req: 23/45] 10.120.125.137 () {58 vars in 1403 bytes} [Fri Feb 20 08:12:39 2026] GET /identity/v3/role_assignments?role.id=9b38e47c2790491f8762ff0c2192af15&scope.domain.id=default&user.id=0c6a4e4fc9094fa9b0373677df4b689d => generated 532 bytes in 63 msecs (HTTP/1.1 200) 5 headers in 177 bytes (1 switches on core 0)
Feb 20 08:12:39 ubuntu devstack@keystone.service[61890]: [pid: 61890|app: 0|req: 23/46] 10.120.125.137 () {62 vars in 1199 bytes} [Fri Feb 20 08:12:38 2026] POST /identity/v3/roles => generated 224 bytes in 188 msecs (HTTP/1.1 201) 5 headers in 182 bytes (1 switches on core 0)
Feb 20 08:12:39 ubuntu devstack@keystone.service[61889]: DEBUG keystone.server.flask.request_processing.middleware.auth_context [None req-74ec97ed-bef2-4fbe-a45d-e8ff49e42638 None admin] Authenticating user token {{(pid=61889) process_request /opt/stack/data/venv/lib/python3.12/site-packages/keystonemiddleware/auth_token/__init__.py:407}}
Feb 20 08:12:39 ubuntu devstack@keystone.service[61890]: DEBUG keystone.server.flask.request_processing.middleware.auth_context [None req-8e4da3bd-8e74-4f5f-9b1c-1aac9dda9d60 None admin] Authenticating user token {{(pid=61890) process_request /opt/stack/data/venv/lib/python3.12/site-packages/keystonemiddleware/auth_token/__init__.py:407}}
Feb 20 08:12:39 ubuntu devstack@keystone.service[61889]: DEBUG keystone.server.flask.request_processing.middleware.auth_context [None req-74ec97ed-bef2-4fbe-a45d-e8ff49e42638 None admin] Validating token access rules against request {{(pid=61889) validate_allowed_request /opt/stack/data/venv/lib/python3.12/site-packages/keystonemiddleware/auth_token/__init__.py:545}}
Feb 20 08:12:39 ubuntu devstack@keystone.service[61889]: DEBUG keystone.server.flask.request_processing.middleware.auth_context [None req-c671b535-a275-4cd1-ac4d-5c63a34ff9a9 None admin] RBAC: auth_context: {'token': <TokenModel (audit_id=yf41phyiSUCiRMYrICGGjQ, audit_chain_id=['yf41phyiSUCiRMYrICGGjQ']) at 0x70623e5b3200>, 'domain_id': None, 'trust_id': None, 'trustor_id': None, 'trustee_id': None, 'domain_name': None, 'group_ids': [], 'user_id': '0c6a4e4fc9094fa9b0373677df4b689d', 'user_domain_id': 'default', 'system_scope': 'all', 'project_id': None, 'project_domain_id': None, 'roles': ['admin', 'manager', 'member', 'reader'], 'is_admin_project': True, 'service_user_id': None, 'service_user_domain_id': None, 'service_project_id': None, 'service_project_domain_id': None, 'service_roles': []} {{(pid=61889) fill_context /opt/stack/keystone/keystone/server/flask/request_processing/middleware/auth_context.py:509}}
Feb 20 08:12:39 ubuntu devstack@keystone.service[61889]: DEBUG keystone.server.flask.request_processing.req_logging [None req-c671b535-a275-4cd1-ac4d-5c63a34ff9a9 None admin] REQUEST_METHOD: `POST` {{(pid=61889) log_request_info /opt/stack/keystone/keystone/server/flask/request_processing/req_logging.py:26}}
Feb 20 08:12:39 ubuntu devstack@keystone.service[61889]: DEBUG keystone.server.flask.request_processing.req_logging [None req-c671b535-a275-4cd1-ac4d-5c63a34ff9a9 None admin] SCRIPT_NAME: `/identity` {{(pid=61889) log_request_info /opt/stack/keystone/keystone/server/flask/request_processing/req_logging.py:27}}
Feb 20 08:12:39 ubuntu devstack@keystone.service[61889]: DEBUG keystone.server.flask.request_processing.req_logging [None req-c671b535-a275-4cd1-ac4d-5c63a34ff9a9 None admin] PATH_INFO: `/v3/projects` {{(pid=61889) log_request_info /opt/stack/keystone/keystone/server/flask/request_processing/req_logging.py:28}}
Feb 20 08:12:39 ubuntu devstack@keystone.service[61889]: DEBUG keystone.common.rbac_enforcer.enforcer [None req-c671b535-a275-4cd1-ac4d-5c63a34ff9a9 None admin] RBAC: Authorizing `identity:create_project()` {{(pid=61889) enforce_call /opt/stack/keystone/keystone/common/rbac_enforcer/enforcer.py:494}}
Feb 20 08:12:39 ubuntu devstack@keystone.service[61889]: DEBUG keystone.common.rbac_enforcer.enforcer [None req-c671b535-a275-4cd1-ac4d-5c63a34ff9a9 None admin] RBAC: Authorization granted {{(pid=61889) enforce_call /opt/stack/keystone/keystone/common/rbac_enforcer/enforcer.py:505}}
