Sep 09 18:23:04 jammy-provider-cloud-0000007599 devstack@c-api.service[101067]: DEBUG cinder.api.extensions [-] Loading extension cinder.api.contrib.extended_snapshot_attributes.Extended_snapshot_attributes {{(pid=101067) load_extension /opt/stack/cinder/cinder/api/extensions.py:199}}
Sep 09 18:23:04 jammy-provider-cloud-0000007599 devstack@c-api.service[101068]: DEBUG cinder.api.extensions [-] Ext updated: 2014-01-10T00:00:00-00:00 {{(pid=101068) _check_extension /opt/stack/cinder/cinder/api/extensions.py:183}}
Sep 09 18:23:04 jammy-provider-cloud-0000007599 devstack@c-api.service[101067]: DEBUG cinder.api.extensions [-] Calling extension factory cinder.api.contrib.extended_snapshot_attributes.Extended_snapshot_attributes {{(pid=101067) load_extension /opt/stack/cinder/cinder/api/extensions.py:205}}
Sep 09 18:23:04 jammy-provider-cloud-0000007599 devstack@c-api.service[101068]: DEBUG cinder.api.extensions [-] Loaded extension: os-extended-services {{(pid=101068) register /opt/stack/cinder/cinder/api/extensions.py:140}}
Sep 09 18:23:04 jammy-provider-cloud-0000007599 devstack@c-api.service[101067]: DEBUG cinder.api.extensions [-] Ext name: ExtendedSnapshotAttributes {{(pid=101067) _check_extension /opt/stack/cinder/cinder/api/extensions.py:179}}
Sep 09 18:23:04 jammy-provider-cloud-0000007599 devstack@c-api.service[101067]: DEBUG cinder.api.extensions [-] Ext alias: os-extended-snapshot-attributes {{(pid=101067) _check_extension /opt/stack/cinder/cinder/api/extensions.py:180}}
Sep 09 18:23:04 jammy-provider-cloud-0000007599 devstack@c-api.service[101068]: DEBUG cinder.api.extensions [-] Loading extension cinder.api.contrib.volume_encryption_metadata.Volume_encryption_metadata {{(pid=101068) load_extension /opt/stack/cinder/cinder/api/extensions.py:199}}
Sep 09 18:23:04 jammy-provider-cloud-0000007599 devstack@c-api.service[101067]: DEBUG cinder.api.extensions [-] Ext description: Extended SnapshotAttributes support. {{(pid=101067) _check_extension /opt/stack/cinder/cinder/api/extensions.py:181}}
Sep 09 18:23:04 jammy-provider-cloud-0000007599 devstack@c-api.service[101067]: DEBUG cinder.api.extensions [-] Ext updated: 2012-06-19T00:00:00+00:00 {{(pid=101067) _check_extension /opt/stack/cinder/cinder/api/extensions.py:183}}
Sep 09 18:23:04 jammy-provider-cloud-0000007599 devstack@c-api.service[101067]: DEBUG cinder.api.extensions [-] Loaded extension: os-extended-snapshot-attributes {{(pid=101067) register /opt/stack/cinder/cinder/api/extensions.py:140}}
Sep 09 18:23:04 jammy-provider-cloud-0000007599 devstack@c-api.service[101068]: DEBUG cinder.api.extensions [-] Calling extension factory cinder.api.contrib.volume_encryption_metadata.Volume_encryption_metadata {{(pid=101068) load_extension /opt/stack/cinder/cinder/api/extensions.py:205}}
Sep 09 18:23:04 jammy-provider-cloud-0000007599 devstack@c-api.service[101067]: DEBUG cinder.api.extensions [-] Loading extension cinder.api.contrib.cgsnapshots.Cgsnapshots {{(pid=101067) load_extension /opt/stack/cinder/cinder/api/extensions.py:199}}
Sep 09 18:23:04 jammy-provider-cloud-0000007599 devstack@c-api.service[101068]: DEBUG cinder.api.extensions [-] Ext name: VolumeEncryptionMetadata {{(pid=101068) _check_extension /opt/stack/cinder/cinder/api/extensions.py:179}}
Sep 09 18:23:04 jammy-provider-cloud-0000007599 devstack@c-api.service[101067]: DEBUG cinder.api.extensions [-] Calling extension factory cinder.api.contrib.cgsnapshots.Cgsnapshots {{(pid=101067) load_extension /opt/stack/cinder/cinder/api/extensions.py:205}}
Sep 09 18:23:04 jammy-provider-cloud-0000007599 devstack@c-api.service[101067]: DEBUG cinder.api.extensions [-] Ext name: Cgsnapshots {{(pid=101067) _check_extension /opt/stack/cinder/cinder/api/extensions.py:179}}
Sep 09 18:23:04 jammy-provider-cloud-0000007599 devstack@c-api.service[101068]: DEBUG cinder.api.extensions [-] Ext alias: os-volume-encryption-metadata {{(pid=101068) _check_extension /opt/stack/cinder/cinder/api/extensions.py:180}}
Sep 09 18:23:04 jammy-provider-cloud-0000007599 devstack@c-api.service[101067]: DEBUG cinder.api.extensions [-] Ext alias: cgsnapshots {{(pid=101067) _check_extension /opt/stack/cinder/cinder/api/extensions.py:180}}
Sep 09 18:23:04 jammy-provider-cloud-0000007599 devstack@c-api.service[101067]: DEBUG cinder.api.extensions [-] Ext description: cgsnapshots support. {{(pid=101067) _check_extension /opt/stack/cinder/cinder/api/extensions.py:181}}
Sep 09 18:23:04 jammy-provider-cloud-0000007599 devstack@c-api.service[101068]: DEBUG cinder.api.extensions [-] Ext description: Volume encryption metadata retrieval support. {{(pid=101068) _check_extension /opt/stack/cinder/cinder/api/extensions.py:181}}
Sep 09 18:23:04 jammy-provider-cloud-0000007599 devstack@c-api.service[101067]: DEBUG cinder.api.extensions [-] Ext updated: 2014-08-18T00:00:00+00:00 {{(pid=101067) _check_extension /opt/stack/cinder/cinder/api/extensions.py:183}}
Sep 09 18:23:04 jammy-provider-cloud-0000007599 devstack@c-api.service[101067]: DEBUG cinder.api.extensions [-] Loaded extension: cgsnapshots {{(pid=101067) register /opt/stack/cinder/cinder/api/extensions.py:140}}
Sep 09 18:23:04 jammy-provider-cloud-0000007599 devstack@c-api.service[101068]: DEBUG cinder.api.extensions [-] Ext updated: 2013-07-10T00:00:00+00:00 {{(pid=101068) _check_extension /opt/stack/cinder/cinder/api/extensions.py:183}}
Sep 09 18:23:04 jammy-provider-cloud-0000007599 devstack@c-api.service[101067]: DEBUG cinder.api.extensions [-] Loading extension cinder.api.contrib.scheduler_stats.Scheduler_stats {{(pid=101067) load_extension /opt/stack/cinder/cinder/api/extensions.py:199}}
Sep 09 18:23:04 jammy-provider-cloud-0000007599 devstack@c-api.service[101068]: DEBUG cinder.api.extensions [-] Loaded extension: os-volume-encryption-metadata {{(pid=101068) register /opt/stack/cinder/cinder/api/extensions.py:140}}
Sep 09 18:23:04 jammy-provider-cloud-0000007599 devstack@c-api.service[101067]: DEBUG cinder.api.extensions [-] Calling extension factory cinder.api.contrib.scheduler_stats.Scheduler_stats {{(pid=101067) load_extension /opt/stack/cinder/cinder/api/extensions.py:205}}
Sep 09 18:23:04 jammy-provider-cloud-0000007599 devstack@c-api.service[101067]: DEBUG cinder.api.extensions [-] Ext name: Scheduler_stats {{(pid=101067) _check_extension /opt/stack/cinder/cinder/api/extensions.py:179}}
Sep 09 18:23:04 jammy-provider-cloud-0000007599 devstack@c-api.service[101067]: DEBUG cinder.api.extensions [-] Ext alias: scheduler-stats {{(pid=101067) _check_extension /opt/stack/cinder/cinder/api/extensions.py:180}}
Sep 09 18:23:04 jammy-provider-cloud-0000007599 devstack@c-api.service[101067]: DEBUG cinder.api.extensions [-] Ext description: Scheduler stats support. {{(pid=101067) _check_extension /opt/stack/cinder/cinder/api/extensions.py:181}}
Sep 09 18:23:04 jammy-provider-cloud-0000007599 devstack@c-api.service[101067]: DEBUG cinder.api.extensions [-] Ext updated: 2014-09-07T00:00:00+00:00 {{(pid=101067) _check_extension /opt/stack/cinder/cinder/api/extensions.py:183}}
Sep 09 18:23:04 jammy-provider-cloud-0000007599 devstack@c-api.service[101067]: DEBUG cinder.api.extensions [-] Loaded extension: scheduler-stats {{(pid=101067) register /opt/stack/cinder/cinder/api/extensions.py:140}}
Sep 09 18:23:04 jammy-provider-cloud-0000007599 devstack@c-api.service[101068]: DEBUG cinder.api.extensions [-] Loading extension cinder.api.contrib.qos_specs_manage.Qos_specs_manage {{(pid=101068) load_extension /opt/stack/cinder/cinder/api/extensions.py:199}}
Sep 09 18:23:04 jammy-provider-cloud-0000007599 devstack@c-api.service[101068]: DEBUG cinder.api.extensions [-] Calling extension factory cinder.api.contrib.qos_specs_manage.Qos_specs_manage {{(pid=101068) load_extension /opt/stack/cinder/cinder/api/extensions.py:205}}
Sep 09 18:23:04 jammy-provider-cloud-0000007599 devstack@c-api.service[101068]: DEBUG cinder.api.extensions [-] Ext name: Qos_specs_manage {{(pid=101068) _check_extension /opt/stack/cinder/cinder/api/extensions.py:179}}
Sep 09 18:23:04 jammy-provider-cloud-0000007599 devstack@c-api.service[101068]: DEBUG cinder.api.extensions [-] Ext alias: qos-specs {{(pid=101068) _check_extension /opt/stack/cinder/cinder/api/extensions.py:180}}
Sep 09 18:23:04 jammy-provider-cloud-0000007599 devstack@c-api.service[101068]: DEBUG cinder.api.extensions [-] Ext description: QoS specs support. {{(pid=101068) _check_extension /opt/stack/cinder/cinder/api/extensions.py:181}}
Sep 09 18:23:04 jammy-provider-cloud-0000007599 devstack@c-api.service[101068]: DEBUG cinder.api.extensions [-] Ext updated: 2013-08-02T00:00:00+00:00 {{(pid=101068) _check_extension /opt/stack/cinder/cinder/api/extensions.py:183}}
Sep 09 18:23:04 jammy-provider-cloud-0000007599 devstack@c-api.service[101068]: DEBUG cinder.api.extensions [-] Loaded extension: qos-specs {{(pid=101068) register /opt/stack/cinder/cinder/api/extensions.py:140}}
Sep 09 18:23:04 jammy-provider-cloud-0000007599 devstack@c-api.service[101068]: DEBUG cinder.api.extensions [-] Loading extension cinder.api.contrib.types_extra_specs.Types_extra_specs {{(pid=101068) load_extension /opt/stack/cinder/cinder/api/extensions.py:199}}
Sep 09 18:23:04 jammy-provider-cloud-0000007599 devstack@c-api.service[101068]: DEBUG cinder.api.extensions [-] Calling extension factory cinder.api.contrib.types_extra_specs.Types_extra_specs {{(pid=101068) load_extension /opt/stack/cinder/cinder/api/extensions.py:205}}
Sep 09 18:23:04 jammy-provider-cloud-0000007599 devstack@c-api.service[101068]: DEBUG cinder.api.extensions [-] Ext name: TypesExtraSpecs {{(pid=101068) _check_extension /opt/stack/cinder/cinder/api/extensions.py:179}}
Sep 09 18:23:04 jammy-provider-cloud-0000007599 devstack@c-api.service[101068]: DEBUG cinder.api.extensions [-] Ext alias: os-types-extra-specs {{(pid=101068) _check_extension /opt/stack/cinder/cinder/api/extensions.py:180}}
Sep 09 18:23:04 jammy-provider-cloud-0000007599 devstack@c-api.service[101068]: DEBUG cinder.api.extensions [-] Ext description: Type extra specs support. {{(pid=101068) _check_extension /opt/stack/cinder/cinder/api/extensions.py:181}}
Sep 09 18:23:04 jammy-provider-cloud-0000007599 devstack@c-api.service[101068]: DEBUG cinder.api.extensions [-] Ext updated: 2011-08-24T00:00:00+00:00 {{(pid=101068) _check_extension /opt/stack/cinder/cinder/api/extensions.py:183}}
Sep 09 18:23:04 jammy-provider-cloud-0000007599 devstack@c-api.service[101068]: DEBUG cinder.api.extensions [-] Loaded extension: os-types-extra-specs {{(pid=101068) register /opt/stack/cinder/cinder/api/extensions.py:140}}
Sep 09 18:23:04 jammy-provider-cloud-0000007599 devstack@c-api.service[101068]: DEBUG cinder.api.extensions [-] Loading extension cinder.api.contrib.volume_actions.Volume_actions {{(pid=101068) load_extension /opt/stack/cinder/cinder/api/extensions.py:199}}
Sep 09 18:23:04 jammy-provider-cloud-0000007599 devstack@c-api.service[101068]: DEBUG cinder.api.extensions [-] Calling extension factory cinder.api.contrib.volume_actions.Volume_actions {{(pid=101068) load_extension /opt/stack/cinder/cinder/api/extensions.py:205}}
Sep 09 18:23:04 jammy-provider-cloud-0000007599 devstack@c-api.service[101068]: DEBUG cinder.api.extensions [-] Ext name: VolumeActions {{(pid=101068) _check_extension /opt/stack/cinder/cinder/api/extensions.py:179}}
Sep 09 18:23:04 jammy-provider-cloud-0000007599 devstack@c-api.service[101068]: DEBUG cinder.api.extensions [-] Ext alias: os-volume-actions {{(pid=101068) _check_extension /opt/stack/cinder/cinder/api/extensions.py:180}}
Sep 09 18:23:04 jammy-provider-cloud-0000007599 devstack@c-api.service[101068]: DEBUG cinder.api.extensions [-] Ext description: Enable volume actions. {{(pid=101068) _check_extension /opt/stack/cinder/cinder/api/extensions.py:181}}
Sep 09 18:23:04 jammy-provider-cloud-0000007599 devstack@c-api.service[101068]: DEBUG cinder.api.extensions [-] Ext updated: 2012-05-31T00:00:00+00:00 {{(pid=101068) _check_extension /opt/stack/cinder/cinder/api/extensions.py:183}}
Sep 09 18:23:04 jammy-provider-cloud-0000007599 devstack@c-api.service[101068]: DEBUG cinder.api.extensions [-] Loaded extension: os-volume-actions {{(pid=101068) register /opt/stack/cinder/cinder/api/extensions.py:140}}
Sep 09 18:23:04 jammy-provider-cloud-0000007599 devstack@c-api.service[101068]: DEBUG cinder.api.extensions [-] Loading extension cinder.api.contrib.snapshot_actions.Snapshot_actions {{(pid=101068) load_extension /opt/stack/cinder/cinder/api/extensions.py:199}}
Sep 09 18:23:04 jammy-provider-cloud-0000007599 devstack@c-api.service[101068]: DEBUG cinder.api.extensions [-] Calling extension factory cinder.api.contrib.snapshot_actions.Snapshot_actions {{(pid=101068) load_extension /opt/stack/cinder/cinder/api/extensions.py:205}}
Sep 09 18:23:04 jammy-provider-cloud-0000007599 devstack@c-api.service[101068]: DEBUG cinder.api.extensions [-] Ext name: SnapshotActions {{(pid=101068) _check_extension /opt/stack/cinder/cinder/api/extensions.py:179}}
Sep 09 18:23:04 jammy-provider-cloud-0000007599 devstack@c-api.service[101068]: DEBUG cinder.api.extensions [-] Ext alias: os-snapshot-actions {{(pid=101068) _check_extension /opt/stack/cinder/cinder/api/extensions.py:180}}
Sep 09 18:23:04 jammy-provider-cloud-0000007599 devstack@c-api.service[101068]: DEBUG cinder.api.extensions [-] Ext description: Enable snapshot manager actions. {{(pid=101068) _check_extension /opt/stack/cinder/cinder/api/extensions.py:181}}
Sep 09 18:23:04 jammy-provider-cloud-0000007599 devstack@c-api.service[101068]: DEBUG cinder.api.extensions [-] Ext updated: 2013-07-16T00:00:00+00:00 {{(pid=101068) _check_extension /opt/stack/cinder/cinder/api/extensions.py:183}}
Sep 09 18:23:04 jammy-provider-cloud-0000007599 devstack@c-api.service[101068]: DEBUG cinder.api.extensions [-] Loaded extension: os-snapshot-actions {{(pid=101068) register /opt/stack/cinder/cinder/api/extensions.py:140}}
Sep 09 18:23:04 jammy-provider-cloud-0000007599 devstack@c-api.service[101068]: DEBUG cinder.api.extensions [-] Loading extension cinder.api.contrib.admin_actions.Admin_actions {{(pid=101068) load_extension /opt/stack/cinder/cinder/api/extensions.py:199}}
Sep 09 18:23:04 jammy-provider-cloud-0000007599 devstack@c-api.service[101068]: DEBUG cinder.api.extensions [-] Calling extension factory cinder.api.contrib.admin_actions.Admin_actions {{(pid=101068) load_extension /opt/stack/cinder/cinder/api/extensions.py:205}}
Sep 09 18:23:04 jammy-provider-cloud-0000007599 devstack@c-api.service[101068]: DEBUG cinder.api.extensions [-] Ext name: AdminActions {{(pid=101068) _check_extension /opt/stack/cinder/cinder/api/extensions.py:179}}
Sep 09 18:23:04 jammy-provider-cloud-0000007599 devstack@c-api.service[101068]: DEBUG cinder.api.extensions [-] Ext alias: os-admin-actions {{(pid=101068) _check_extension /opt/stack/cinder/cinder/api/extensions.py:180}}
Sep 09 18:23:04 jammy-provider-cloud-0000007599 devstack@c-api.service[101068]: DEBUG cinder.api.extensions [-] Ext description: Enable admin actions. {{(pid=101068) _check_extension /opt/stack/cinder/cinder/api/extensions.py:181}}
Sep 09 18:23:04 jammy-provider-cloud-0000007599 devstack@c-api.service[101068]: DEBUG cinder.api.extensions [-] Ext updated: 2012-08-25T00:00:00+00:00 {{(pid=101068) _check_extension /opt/stack/cinder/cinder/api/extensions.py:183}}
Sep 09 18:23:04 jammy-provider-cloud-0000007599 devstack@c-api.service[101068]: DEBUG cinder.api.extensions [-] Loaded extension: os-admin-actions {{(pid=101068) register /opt/stack/cinder/cinder/api/extensions.py:140}}
Sep 09 18:23:04 jammy-provider-cloud-0000007599 devstack@c-api.service[101068]: DEBUG cinder.api.extensions [-] Loading extension cinder.api.contrib.availability_zones.Availability_zones {{(pid=101068) load_extension /opt/stack/cinder/cinder/api/extensions.py:199}}
Sep 09 18:23:04 jammy-provider-cloud-0000007599 devstack@c-api.service[101068]: DEBUG cinder.api.extensions [-] Calling extension factory cinder.api.contrib.availability_zones.Availability_zones {{(pid=101068) load_extension /opt/stack/cinder/cinder/api/extensions.py:205}}
Sep 09 18:23:04 jammy-provider-cloud-0000007599 devstack@c-api.service[101068]: DEBUG cinder.api.extensions [-] Ext name: AvailabilityZones {{(pid=101068) _check_extension /opt/stack/cinder/cinder/api/extensions.py:179}}
Sep 09 18:23:04 jammy-provider-cloud-0000007599 devstack@c-api.service[101068]: DEBUG cinder.api.extensions [-] Ext alias: os-availability-zone {{(pid=101068) _check_extension /opt/stack/cinder/cinder/api/extensions.py:180}}
Sep 09 18:23:04 jammy-provider-cloud-0000007599 devstack@c-api.service[101068]: DEBUG cinder.api.extensions [-] Ext description: Describe Availability Zones. {{(pid=101068) _check_extension /opt/stack/cinder/cinder/api/extensions.py:181}}
Sep 09 18:23:04 jammy-provider-cloud-0000007599 devstack@c-api.service[101068]: DEBUG cinder.api.extensions [-] Ext updated: 2013-06-27T00:00:00+00:00 {{(pid=101068) _check_extension /opt/stack/cinder/cinder/api/extensions.py:183}}
Sep 09 18:23:04 jammy-provider-cloud-0000007599 devstack@c-api.service[101068]: DEBUG cinder.api.extensions [-] Loaded extension: os-availability-zone {{(pid=101068) register /opt/stack/cinder/cinder/api/extensions.py:140}}
Sep 09 18:23:04 jammy-provider-cloud-0000007599 devstack@c-api.service[101068]: DEBUG cinder.api.extensions [-] Loading extension cinder.api.contrib.scheduler_hints.Scheduler_hints {{(pid=101068) load_extension /opt/stack/cinder/cinder/api/extensions.py:199}}
Sep 09 18:23:04 jammy-provider-cloud-0000007599 devstack@c-api.service[101068]: DEBUG cinder.api.extensions [-] Calling extension factory cinder.api.contrib.scheduler_hints.Scheduler_hints {{(pid=101068) load_extension /opt/stack/cinder/cinder/api/extensions.py:205}}
Sep 09 18:23:04 jammy-provider-cloud-0000007599 devstack@c-api.service[101068]: DEBUG cinder.api.extensions [-] Ext name: SchedulerHints {{(pid=101068) _check_extension /opt/stack/cinder/cinder/api/extensions.py:179}}
Sep 09 18:23:04 jammy-provider-cloud-0000007599 devstack@c-api.service[101068]: DEBUG cinder.api.extensions [-] Ext alias: OS-SCH-HNT {{(pid=101068) _check_extension /opt/stack/cinder/cinder/api/extensions.py:180}}
Sep 09 18:23:04 jammy-provider-cloud-0000007599 devstack@c-api.service[101068]: DEBUG cinder.api.extensions [-] Ext description: Pass arbitrary key/value pairs to the scheduler. {{(pid=101068) _check_extension /opt/stack/cinder/cinder/api/extensions.py:181}}
Sep 09 18:23:04 jammy-provider-cloud-0000007599 devstack@c-api.service[101068]: DEBUG cinder.api.extensions [-] Ext updated: 2013-04-18T00:00:00+00:00 {{(pid=101068) _check_extension /opt/stack/cinder/cinder/api/extensions.py:183}}
Sep 09 18:23:04 jammy-provider-cloud-0000007599 devstack@c-api.service[101068]: DEBUG cinder.api.extensions [-] Loaded extension: OS-SCH-HNT {{(pid=101068) register /opt/stack/cinder/cinder/api/extensions.py:140}}
Sep 09 18:23:04 jammy-provider-cloud-0000007599 devstack@c-api.service[101068]: DEBUG cinder.api.extensions [-] Loading extension cinder.api.contrib.quota_classes.Quota_classes {{(pid=101068) load_extension /opt/stack/cinder/cinder/api/extensions.py:199}}
Sep 09 18:23:04 jammy-provider-cloud-0000007599 devstack@c-api.service[101068]: DEBUG cinder.api.extensions [-] Calling extension factory cinder.api.contrib.quota_classes.Quota_classes {{(pid=101068) load_extension /opt/stack/cinder/cinder/api/extensions.py:205}}
Sep 09 18:23:04 jammy-provider-cloud-0000007599 devstack@c-api.service[101068]: DEBUG cinder.api.extensions [-] Ext name: QuotaClasses {{(pid=101068) _check_extension /opt/stack/cinder/cinder/api/extensions.py:179}}
Sep 09 18:23:04 jammy-provider-cloud-0000007599 devstack@c-api.service[101068]: DEBUG cinder.api.extensions [-] Ext alias: os-quota-class-sets {{(pid=101068) _check_extension /opt/stack/cinder/cinder/api/extensions.py:180}}
Sep 09 18:23:04 jammy-provider-cloud-0000007599 devstack@c-api.service[101068]: DEBUG cinder.api.extensions [-] Ext description: Quota classes management support. {{(pid=101068) _check_extension /opt/stack/cinder/cinder/api/extensions.py:181}}
Sep 09 18:23:04 jammy-provider-cloud-0000007599 devstack@c-api.service[101068]: DEBUG cinder.api.extensions [-] Ext updated: 2012-03-12T00:00:00+00:00 {{(pid=101068) _check_extension /opt/stack/cinder/cinder/api/extensions.py:183}}
Sep 09 18:23:04 jammy-provider-cloud-0000007599 devstack@c-api.service[101068]: DEBUG cinder.api.extensions [-] Loaded extension: os-quota-class-sets {{(pid=101068) register /opt/stack/cinder/cinder/api/extensions.py:140}}
Sep 09 18:23:04 jammy-provider-cloud-0000007599 devstack@c-api.service[101068]: DEBUG cinder.api.extensions [-] Loading extension cinder.api.contrib.backups.Backups {{(pid=101068) load_extension /opt/stack/cinder/cinder/api/extensions.py:199}}
Sep 09 18:23:04 jammy-provider-cloud-0000007599 devstack@c-api.service[101068]: DEBUG cinder.api.extensions [-] Calling extension factory cinder.api.contrib.backups.Backups {{(pid=101068) load_extension /opt/stack/cinder/cinder/api/extensions.py:205}}
Sep 09 18:23:04 jammy-provider-cloud-0000007599 devstack@c-api.service[101068]: DEBUG cinder.api.extensions [-] Ext name: Backups {{(pid=101068) _check_extension /opt/stack/cinder/cinder/api/extensions.py:179}}
Sep 09 18:23:04 jammy-provider-cloud-0000007599 devstack@c-api.service[101068]: DEBUG cinder.api.extensions [-] Ext alias: backups {{(pid=101068) _check_extension /opt/stack/cinder/cinder/api/extensions.py:180}}
Sep 09 18:23:04 jammy-provider-cloud-0000007599 devstack@c-api.service[101068]: DEBUG cinder.api.extensions [-] Ext description: Backups support. {{(pid=101068) _check_extension /opt/stack/cinder/cinder/api/extensions.py:181}}
Sep 09 18:23:04 jammy-provider-cloud-0000007599 devstack@c-api.service[101068]: DEBUG cinder.api.extensions [-] Ext updated: 2012-12-12T00:00:00+00:00 {{(pid=101068) _check_extension /opt/stack/cinder/cinder/api/extensions.py:183}}
Sep 09 18:23:04 jammy-provider-cloud-0000007599 devstack@c-api.service[101068]: DEBUG cinder.api.extensions [-] Loaded extension: backups {{(pid=101068) register /opt/stack/cinder/cinder/api/extensions.py:140}}
Sep 09 18:23:04 jammy-provider-cloud-0000007599 devstack@c-api.service[101068]: DEBUG cinder.api.extensions [-] Loading extension cinder.api.contrib.volume_type_encryption.Volume_type_encryption {{(pid=101068) load_extension /opt/stack/cinder/cinder/api/extensions.py:199}}
Sep 09 18:23:04 jammy-provider-cloud-0000007599 devstack@c-api.service[101068]: DEBUG cinder.api.extensions [-] Calling extension factory cinder.api.contrib.volume_type_encryption.Volume_type_encryption {{(pid=101068) load_extension /opt/stack/cinder/cinder/api/extensions.py:205}}
Sep 09 18:23:04 jammy-provider-cloud-0000007599 devstack@c-api.service[101068]: DEBUG cinder.api.extensions [-] Ext name: VolumeTypeEncryption {{(pid=101068) _check_extension /opt/stack/cinder/cinder/api/extensions.py:179}}
Sep 09 18:23:04 jammy-provider-cloud-0000007599 devstack@c-api.service[101068]: DEBUG cinder.api.extensions [-] Ext alias: encryption {{(pid=101068) _check_extension /opt/stack/cinder/cinder/api/extensions.py:180}}
Sep 09 18:23:04 jammy-provider-cloud-0000007599 devstack@c-api.service[101068]: DEBUG cinder.api.extensions [-] Ext description: Encryption support for volume types. {{(pid=101068) _check_extension /opt/stack/cinder/cinder/api/extensions.py:181}}
Sep 09 18:23:04 jammy-provider-cloud-0000007599 devstack@c-api.service[101068]: DEBUG cinder.api.extensions [-] Ext updated: 2013-07-01T00:00:00+00:00 {{(pid=101068) _check_extension /opt/stack/cinder/cinder/api/extensions.py:183}}
Sep 09 18:23:04 jammy-provider-cloud-0000007599 devstack@c-api.service[101068]: DEBUG cinder.api.extensions [-] Loaded extension: encryption {{(pid=101068) register /opt/stack/cinder/cinder/api/extensions.py:140}}
Sep 09 18:23:04 jammy-provider-cloud-0000007599 devstack@c-api.service[101068]: DEBUG cinder.api.extensions [-] Loading extension cinder.api.contrib.volume_type_access.Volume_type_access {{(pid=101068) load_extension /opt/stack/cinder/cinder/api/extensions.py:199}}
Sep 09 18:23:04 jammy-provider-cloud-0000007599 devstack@c-api.service[101068]: DEBUG cinder.api.extensions [-] Calling extension factory cinder.api.contrib.volume_type_access.Volume_type_access {{(pid=101068) load_extension /opt/stack/cinder/cinder/api/extensions.py:205}}
Sep 09 18:23:04 jammy-provider-cloud-0000007599 devstack@c-api.service[101068]: DEBUG cinder.api.extensions [-] Ext name: VolumeTypeAccess {{(pid=101068) _check_extension /opt/stack/cinder/cinder/api/extensions.py:179}}
Sep 09 18:23:04 jammy-provider-cloud-0000007599 devstack@c-api.service[101068]: DEBUG cinder.api.extensions [-] Ext alias: os-volume-type-access {{(pid=101068) _check_extension /opt/stack/cinder/cinder/api/extensions.py:180}}
Sep 09 18:23:04 jammy-provider-cloud-0000007599 devstack@c-api.service[101068]: DEBUG cinder.api.extensions [-] Ext description: Volume type access support. {{(pid=101068) _check_extension /opt/stack/cinder/cinder/api/extensions.py:181}}
Sep 09 18:23:04 jammy-provider-cloud-0000007599 devstack@c-api.service[101068]: DEBUG cinder.api.extensions [-] Ext updated: 2014-06-26T00:00:00Z {{(pid=101068) _check_extension /opt/stack/cinder/cinder/api/extensions.py:183}}
Sep 09 18:23:04 jammy-provider-cloud-0000007599 devstack@c-api.service[101068]: DEBUG cinder.api.extensions [-] Loaded extension: os-volume-type-access {{(pid=101068) register /opt/stack/cinder/cinder/api/extensions.py:140}}
Sep 09 18:23:04 jammy-provider-cloud-0000007599 devstack@c-api.service[101068]: DEBUG cinder.api.extensions [-] Loading extension cinder.api.contrib.extended_snapshot_attributes.Extended_snapshot_attributes {{(pid=101068) load_extension /opt/stack/cinder/cinder/api/extensions.py:199}}
Sep 09 18:23:04 jammy-provider-cloud-0000007599 devstack@c-api.service[101068]: DEBUG cinder.api.extensions [-] Calling extension factory cinder.api.contrib.extended_snapshot_attributes.Extended_snapshot_attributes {{(pid=101068) load_extension /opt/stack/cinder/cinder/api/extensions.py:205}}
Sep 09 18:23:04 jammy-provider-cloud-0000007599 devstack@c-api.service[101068]: DEBUG cinder.api.extensions [-] Ext name: ExtendedSnapshotAttributes {{(pid=101068) _check_extension /opt/stack/cinder/cinder/api/extensions.py:179}}
Sep 09 18:23:04 jammy-provider-cloud-0000007599 devstack@c-api.service[101068]: DEBUG cinder.api.extensions [-] Ext alias: os-extended-snapshot-attributes {{(pid=101068) _check_extension /opt/stack/cinder/cinder/api/extensions.py:180}}
Sep 09 18:23:04 jammy-provider-cloud-0000007599 devstack@c-api.service[101068]: DEBUG cinder.api.extensions [-] Ext description: Extended SnapshotAttributes support. {{(pid=101068) _check_extension /opt/stack/cinder/cinder/api/extensions.py:181}}
Sep 09 18:23:04 jammy-provider-cloud-0000007599 devstack@c-api.service[101068]: DEBUG cinder.api.extensions [-] Ext updated: 2012-06-19T00:00:00+00:00 {{(pid=101068) _check_extension /opt/stack/cinder/cinder/api/extensions.py:183}}
Sep 09 18:23:04 jammy-provider-cloud-0000007599 devstack@c-api.service[101068]: DEBUG cinder.api.extensions [-] Loaded extension: os-extended-snapshot-attributes {{(pid=101068) register /opt/stack/cinder/cinder/api/extensions.py:140}}
Sep 09 18:23:04 jammy-provider-cloud-0000007599 devstack@c-api.service[101068]: DEBUG cinder.api.extensions [-] Loading extension cinder.api.contrib.cgsnapshots.Cgsnapshots {{(pid=101068) load_extension /opt/stack/cinder/cinder/api/extensions.py:199}}
Sep 09 18:23:04 jammy-provider-cloud-0000007599 devstack@c-api.service[101068]: DEBUG cinder.api.extensions [-] Calling extension factory cinder.api.contrib.cgsnapshots.Cgsnapshots {{(pid=101068) load_extension /opt/stack/cinder/cinder/api/extensions.py:205}}
Sep 09 18:23:04 jammy-provider-cloud-0000007599 devstack@c-api.service[101068]: DEBUG cinder.api.extensions [-] Ext name: Cgsnapshots {{(pid=101068) _check_extension /opt/stack/cinder/cinder/api/extensions.py:179}}
Sep 09 18:23:04 jammy-provider-cloud-0000007599 devstack@c-api.service[101068]: DEBUG cinder.api.extensions [-] Ext alias: cgsnapshots {{(pid=101068) _check_extension /opt/stack/cinder/cinder/api/extensions.py:180}}
Sep 09 18:23:04 jammy-provider-cloud-0000007599 devstack@c-api.service[101068]: DEBUG cinder.api.extensions [-] Ext description: cgsnapshots support. {{(pid=101068) _check_extension /opt/stack/cinder/cinder/api/extensions.py:181}}
Sep 09 18:23:04 jammy-provider-cloud-0000007599 devstack@c-api.service[101068]: DEBUG cinder.api.extensions [-] Ext updated: 2014-08-18T00:00:00+00:00 {{(pid=101068) _check_extension /opt/stack/cinder/cinder/api/extensions.py:183}}
Sep 09 18:23:04 jammy-provider-cloud-0000007599 devstack@c-api.service[101068]: DEBUG cinder.api.extensions [-] Loaded extension: cgsnapshots {{(pid=101068) register /opt/stack/cinder/cinder/api/extensions.py:140}}
Sep 09 18:23:04 jammy-provider-cloud-0000007599 devstack@c-api.service[101068]: DEBUG cinder.api.extensions [-] Loading extension cinder.api.contrib.scheduler_stats.Scheduler_stats {{(pid=101068) load_extension /opt/stack/cinder/cinder/api/extensions.py:199}}
Sep 09 18:23:04 jammy-provider-cloud-0000007599 devstack@c-api.service[101068]: DEBUG cinder.api.extensions [-] Calling extension factory cinder.api.contrib.scheduler_stats.Scheduler_stats {{(pid=101068) load_extension /opt/stack/cinder/cinder/api/extensions.py:205}}
Sep 09 18:23:04 jammy-provider-cloud-0000007599 devstack@c-api.service[101068]: DEBUG cinder.api.extensions [-] Ext name: Scheduler_stats {{(pid=101068) _check_extension /opt/stack/cinder/cinder/api/extensions.py:179}}
Sep 09 18:23:04 jammy-provider-cloud-0000007599 devstack@c-api.service[101068]: DEBUG cinder.api.extensions [-] Ext alias: scheduler-stats {{(pid=101068) _check_extension /opt/stack/cinder/cinder/api/extensions.py:180}}
Sep 09 18:23:04 jammy-provider-cloud-0000007599 devstack@c-api.service[101068]: DEBUG cinder.api.extensions [-] Ext description: Scheduler stats support. {{(pid=101068) _check_extension /opt/stack/cinder/cinder/api/extensions.py:181}}
Sep 09 18:23:04 jammy-provider-cloud-0000007599 devstack@c-api.service[101068]: DEBUG cinder.api.extensions [-] Ext updated: 2014-09-07T00:00:00+00:00 {{(pid=101068) _check_extension /opt/stack/cinder/cinder/api/extensions.py:183}}
Sep 09 18:23:04 jammy-provider-cloud-0000007599 devstack@c-api.service[101068]: DEBUG cinder.api.extensions [-] Loaded extension: scheduler-stats {{(pid=101068) register /opt/stack/cinder/cinder/api/extensions.py:140}}
Sep 09 18:23:04 jammy-provider-cloud-0000007599 devstack@c-api.service[101067]: INFO dbcounter [None req-aff1193b-5829-4825-81b5-c1764a56e9d2 None None] Registered counter for database cinder
Sep 09 18:23:04 jammy-provider-cloud-0000007599 devstack@c-api.service[101068]: INFO dbcounter [None req-3ea12c01-554b-409b-b54e-392fc30f7ccd None None] Registered counter for database cinder
Sep 09 18:23:04 jammy-provider-cloud-0000007599 devstack@c-api.service[101067]: DEBUG oslo_db.sqlalchemy.engines [None req-aff1193b-5829-4825-81b5-c1764a56e9d2 None None] MySQL server mode set to STRICT_TRANS_TABLES,STRICT_ALL_TABLES,NO_ZERO_IN_DATE,NO_ZERO_DATE,ERROR_FOR_DIVISION_BY_ZERO,TRADITIONAL,NO_ENGINE_SUBSTITUTION {{(pid=101067) _check_effective_sql_mode /opt/stack/data/venv/lib/python3.10/site-packages/oslo_db/sqlalchemy/engines.py:342}}
Sep 09 18:23:04 jammy-provider-cloud-0000007599 devstack@c-api.service[101068]: DEBUG oslo_db.sqlalchemy.engines [None req-3ea12c01-554b-409b-b54e-392fc30f7ccd None None] MySQL server mode set to STRICT_TRANS_TABLES,STRICT_ALL_TABLES,NO_ZERO_IN_DATE,NO_ZERO_DATE,ERROR_FOR_DIVISION_BY_ZERO,TRADITIONAL,NO_ENGINE_SUBSTITUTION {{(pid=101068) _check_effective_sql_mode /opt/stack/data/venv/lib/python3.10/site-packages/oslo_db/sqlalchemy/engines.py:342}}
Sep 09 18:23:04 jammy-provider-cloud-0000007599 devstack@c-api.service[101067]: DEBUG dbcounter [-] [101067] Writer thread running {{(pid=101067) stat_writer /opt/stack/data/venv/lib/python3.10/site-packages/dbcounter.py:102}}
Sep 09 18:23:04 jammy-provider-cloud-0000007599 devstack@c-api.service[101068]: DEBUG dbcounter [-] [101068] Writer thread running {{(pid=101068) stat_writer /opt/stack/data/venv/lib/python3.10/site-packages/dbcounter.py:102}}
Sep 09 18:23:04 jammy-provider-cloud-0000007599 devstack@c-api.service[101068]: INFO cinder.rpc [None req-3ea12c01-554b-409b-b54e-392fc30f7ccd None None] Automatically selected cinder-scheduler objects version 1.39 as minimum service version.
Sep 09 18:23:04 jammy-provider-cloud-0000007599 devstack@c-api.service[101067]: INFO cinder.rpc [None req-aff1193b-5829-4825-81b5-c1764a56e9d2 None None] Automatically selected cinder-scheduler objects version 1.39 as minimum service version.
Sep 09 18:23:04 jammy-provider-cloud-0000007599 devstack@c-api.service[101068]: INFO cinder.rpc [None req-3ea12c01-554b-409b-b54e-392fc30f7ccd None None] Automatically selected cinder-scheduler RPC version 3.12 as minimum service version.
Sep 09 18:23:04 jammy-provider-cloud-0000007599 devstack@c-api.service[101068]: INFO cinder.rpc [None req-3ea12c01-554b-409b-b54e-392fc30f7ccd None None] Automatically selected cinder-volume objects version 1.39 as minimum service version.
Sep 09 18:23:04 jammy-provider-cloud-0000007599 devstack@c-api.service[101067]: INFO cinder.rpc [None req-aff1193b-5829-4825-81b5-c1764a56e9d2 None None] Automatically selected cinder-scheduler RPC version 3.12 as minimum service version.
Sep 09 18:23:04 jammy-provider-cloud-0000007599 devstack@c-api.service[101068]: INFO cinder.rpc [None req-3ea12c01-554b-409b-b54e-392fc30f7ccd None None] Automatically selected cinder-volume RPC version 3.19 as minimum service version.
Sep 09 18:23:04 jammy-provider-cloud-0000007599 devstack@c-api.service[101068]: WARNING stevedore.named [None req-3ea12c01-554b-409b-b54e-392fc30f7ccd None None] Could not load cinder.keymgr.conf_key_mgr.ConfKeyManager
Sep 09 18:23:04 jammy-provider-cloud-0000007599 devstack@c-api.service[101068]: WARNING castellan.key_manager [None req-3ea12c01-554b-409b-b54e-392fc30f7ccd None None] Deprecation Warning : cinder.keymgr.conf_key_mgr.ConfKeyManager is not a stevedore based driver, trying to load it as a class: stevedore.exception.NoMatches: No 'castellan.drivers' driver found, looking for 'cinder.keymgr.conf_key_mgr.ConfKeyManager'
Sep 09 18:23:04 jammy-provider-cloud-0000007599 devstack@c-api.service[101067]: INFO cinder.rpc [None req-aff1193b-5829-4825-81b5-c1764a56e9d2 None None] Automatically selected cinder-volume objects version 1.39 as minimum service version.
Sep 09 18:23:04 jammy-provider-cloud-0000007599 devstack@c-api.service[101068]: WARNING cinder.keymgr.conf_key_mgr [None req-3ea12c01-554b-409b-b54e-392fc30f7ccd None None] This key manager is insecure and is not recommended for production deployments: stevedore.exception.NoMatches: No 'castellan.drivers' driver found, looking for 'cinder.keymgr.conf_key_mgr.ConfKeyManager'
Sep 09 18:23:04 jammy-provider-cloud-0000007599 devstack@c-api.service[101067]: INFO cinder.rpc [None req-aff1193b-5829-4825-81b5-c1764a56e9d2 None None] Automatically selected cinder-volume RPC version 3.19 as minimum service version.
Sep 09 18:23:04 jammy-provider-cloud-0000007599 devstack@c-api.service[101067]: WARNING stevedore.named [None req-aff1193b-5829-4825-81b5-c1764a56e9d2 None None] Could not load cinder.keymgr.conf_key_mgr.ConfKeyManager
Sep 09 18:23:04 jammy-provider-cloud-0000007599 devstack@c-api.service[101067]: WARNING castellan.key_manager [None req-aff1193b-5829-4825-81b5-c1764a56e9d2 None None] Deprecation Warning : cinder.keymgr.conf_key_mgr.ConfKeyManager is not a stevedore based driver, trying to load it as a class: stevedore.exception.NoMatches: No 'castellan.drivers' driver found, looking for 'cinder.keymgr.conf_key_mgr.ConfKeyManager'
Sep 09 18:23:04 jammy-provider-cloud-0000007599 devstack@c-api.service[101068]: DEBUG oslo_db.sqlalchemy.engines [None req-3ea12c01-554b-409b-b54e-392fc30f7ccd None None] MySQL server mode set to STRICT_TRANS_TABLES,STRICT_ALL_TABLES,NO_ZERO_IN_DATE,NO_ZERO_DATE,ERROR_FOR_DIVISION_BY_ZERO,TRADITIONAL,NO_ENGINE_SUBSTITUTION {{(pid=101068) _check_effective_sql_mode /opt/stack/data/venv/lib/python3.10/site-packages/oslo_db/sqlalchemy/engines.py:342}}
Sep 09 18:23:04 jammy-provider-cloud-0000007599 devstack@c-api.service[101067]: WARNING cinder.keymgr.conf_key_mgr [None req-aff1193b-5829-4825-81b5-c1764a56e9d2 None None] This key manager is insecure and is not recommended for production deployments: stevedore.exception.NoMatches: No 'castellan.drivers' driver found, looking for 'cinder.keymgr.conf_key_mgr.ConfKeyManager'
Sep 09 18:23:04 jammy-provider-cloud-0000007599 devstack@c-api.service[101068]: INFO cinder.rpc [None req-3ea12c01-554b-409b-b54e-392fc30f7ccd None None] Automatically selected cinder-backup objects version 1.39 as minimum service version.
Sep 09 18:23:04 jammy-provider-cloud-0000007599 devstack@c-api.service[101068]: INFO cinder.rpc [None req-3ea12c01-554b-409b-b54e-392fc30f7ccd None None] Automatically selected cinder-backup RPC version 2.4 as minimum service version.
Sep 09 18:23:04 jammy-provider-cloud-0000007599 devstack@c-api.service[101068]: WARNING stevedore.named [None req-3ea12c01-554b-409b-b54e-392fc30f7ccd None None] Could not load cinder.keymgr.conf_key_mgr.ConfKeyManager
Sep 09 18:23:04 jammy-provider-cloud-0000007599 devstack@c-api.service[101068]: WARNING castellan.key_manager [None req-3ea12c01-554b-409b-b54e-392fc30f7ccd None None] Deprecation Warning : cinder.keymgr.conf_key_mgr.ConfKeyManager is not a stevedore based driver, trying to load it as a class: stevedore.exception.NoMatches: No 'castellan.drivers' driver found, looking for 'cinder.keymgr.conf_key_mgr.ConfKeyManager'
Sep 09 18:23:04 jammy-provider-cloud-0000007599 devstack@c-api.service[101068]: WARNING stevedore.named [None req-3ea12c01-554b-409b-b54e-392fc30f7ccd None None] Could not load cinder.keymgr.conf_key_mgr.ConfKeyManager
Sep 09 18:23:04 jammy-provider-cloud-0000007599 devstack@c-api.service[101068]: WARNING castellan.key_manager [None req-3ea12c01-554b-409b-b54e-392fc30f7ccd None None] Deprecation Warning : cinder.keymgr.conf_key_mgr.ConfKeyManager is not a stevedore based driver, trying to load it as a class: stevedore.exception.NoMatches: No 'castellan.drivers' driver found, looking for 'cinder.keymgr.conf_key_mgr.ConfKeyManager'
Sep 09 18:23:04 jammy-provider-cloud-0000007599 devstack@c-api.service[101068]: WARNING stevedore.named [None req-3ea12c01-554b-409b-b54e-392fc30f7ccd None None] Could not load cinder.keymgr.conf_key_mgr.ConfKeyManager
Sep 09 18:23:04 jammy-provider-cloud-0000007599 devstack@c-api.service[101068]: WARNING castellan.key_manager [None req-3ea12c01-554b-409b-b54e-392fc30f7ccd None None] Deprecation Warning : cinder.keymgr.conf_key_mgr.ConfKeyManager is not a stevedore based driver, trying to load it as a class: stevedore.exception.NoMatches: No 'castellan.drivers' driver found, looking for 'cinder.keymgr.conf_key_mgr.ConfKeyManager'
Sep 09 18:23:04 jammy-provider-cloud-0000007599 devstack@c-api.service[101067]: DEBUG oslo_db.sqlalchemy.engines [None req-aff1193b-5829-4825-81b5-c1764a56e9d2 None None] MySQL server mode set to STRICT_TRANS_TABLES,STRICT_ALL_TABLES,NO_ZERO_IN_DATE,NO_ZERO_DATE,ERROR_FOR_DIVISION_BY_ZERO,TRADITIONAL,NO_ENGINE_SUBSTITUTION {{(pid=101067) _check_effective_sql_mode /opt/stack/data/venv/lib/python3.10/site-packages/oslo_db/sqlalchemy/engines.py:342}}
Sep 09 18:23:04 jammy-provider-cloud-0000007599 devstack@c-api.service[101067]: INFO cinder.rpc [None req-aff1193b-5829-4825-81b5-c1764a56e9d2 None None] Automatically selected cinder-backup objects version 1.39 as minimum service version.
Sep 09 18:23:04 jammy-provider-cloud-0000007599 devstack@c-api.service[101067]: INFO cinder.rpc [None req-aff1193b-5829-4825-81b5-c1764a56e9d2 None None] Automatically selected cinder-backup RPC version 2.4 as minimum service version.
Sep 09 18:23:04 jammy-provider-cloud-0000007599 devstack@c-api.service[101067]: WARNING stevedore.named [None req-aff1193b-5829-4825-81b5-c1764a56e9d2 None None] Could not load cinder.keymgr.conf_key_mgr.ConfKeyManager
Sep 09 18:23:04 jammy-provider-cloud-0000007599 devstack@c-api.service[101067]: WARNING castellan.key_manager [None req-aff1193b-5829-4825-81b5-c1764a56e9d2 None None] Deprecation Warning : cinder.keymgr.conf_key_mgr.ConfKeyManager is not a stevedore based driver, trying to load it as a class: stevedore.exception.NoMatches: No 'castellan.drivers' driver found, looking for 'cinder.keymgr.conf_key_mgr.ConfKeyManager'
Sep 09 18:23:04 jammy-provider-cloud-0000007599 devstack@c-api.service[101067]: WARNING stevedore.named [None req-aff1193b-5829-4825-81b5-c1764a56e9d2 None None] Could not load cinder.keymgr.conf_key_mgr.ConfKeyManager
Sep 09 18:23:04 jammy-provider-cloud-0000007599 devstack@c-api.service[101067]: WARNING castellan.key_manager [None req-aff1193b-5829-4825-81b5-c1764a56e9d2 None None] Deprecation Warning : cinder.keymgr.conf_key_mgr.ConfKeyManager is not a stevedore based driver, trying to load it as a class: stevedore.exception.NoMatches: No 'castellan.drivers' driver found, looking for 'cinder.keymgr.conf_key_mgr.ConfKeyManager'
Sep 09 18:23:04 jammy-provider-cloud-0000007599 devstack@c-api.service[101067]: WARNING stevedore.named [None req-aff1193b-5829-4825-81b5-c1764a56e9d2 None None] Could not load cinder.keymgr.conf_key_mgr.ConfKeyManager
Sep 09 18:23:04 jammy-provider-cloud-0000007599 devstack@c-api.service[101067]: WARNING castellan.key_manager [None req-aff1193b-5829-4825-81b5-c1764a56e9d2 None None] Deprecation Warning : cinder.keymgr.conf_key_mgr.ConfKeyManager is not a stevedore based driver, trying to load it as a class: stevedore.exception.NoMatches: No 'castellan.drivers' driver found, looking for 'cinder.keymgr.conf_key_mgr.ConfKeyManager'
Sep 09 18:23:04 jammy-provider-cloud-0000007599 devstack@c-api.service[101068]: WARNING stevedore.named [None req-3ea12c01-554b-409b-b54e-392fc30f7ccd None None] Could not load cinder.keymgr.conf_key_mgr.ConfKeyManager
Sep 09 18:23:04 jammy-provider-cloud-0000007599 devstack@c-api.service[101068]: WARNING castellan.key_manager [None req-3ea12c01-554b-409b-b54e-392fc30f7ccd None None] Deprecation Warning : cinder.keymgr.conf_key_mgr.ConfKeyManager is not a stevedore based driver, trying to load it as a class: stevedore.exception.NoMatches: No 'castellan.drivers' driver found, looking for 'cinder.keymgr.conf_key_mgr.ConfKeyManager'
Sep 09 18:23:04 jammy-provider-cloud-0000007599 devstack@c-api.service[101068]: WARNING stevedore.named [None req-3ea12c01-554b-409b-b54e-392fc30f7ccd None None] Could not load cinder.keymgr.conf_key_mgr.ConfKeyManager
Sep 09 18:23:04 jammy-provider-cloud-0000007599 devstack@c-api.service[101068]: WARNING castellan.key_manager [None req-3ea12c01-554b-409b-b54e-392fc30f7ccd None None] Deprecation Warning : cinder.keymgr.conf_key_mgr.ConfKeyManager is not a stevedore based driver, trying to load it as a class: stevedore.exception.NoMatches: No 'castellan.drivers' driver found, looking for 'cinder.keymgr.conf_key_mgr.ConfKeyManager'
Sep 09 18:23:04 jammy-provider-cloud-0000007599 devstack@c-api.service[101068]: WARNING stevedore.named [None req-3ea12c01-554b-409b-b54e-392fc30f7ccd None None] Could not load cinder.keymgr.conf_key_mgr.ConfKeyManager
Sep 09 18:23:04 jammy-provider-cloud-0000007599 devstack@c-api.service[101068]: WARNING castellan.key_manager [None req-3ea12c01-554b-409b-b54e-392fc30f7ccd None None] Deprecation Warning : cinder.keymgr.conf_key_mgr.ConfKeyManager is not a stevedore based driver, trying to load it as a class: stevedore.exception.NoMatches: No 'castellan.drivers' driver found, looking for 'cinder.keymgr.conf_key_mgr.ConfKeyManager'
Sep 09 18:23:04 jammy-provider-cloud-0000007599 devstack@c-api.service[101068]: WARNING stevedore.named [None req-3ea12c01-554b-409b-b54e-392fc30f7ccd None None] Could not load cinder.keymgr.conf_key_mgr.ConfKeyManager
Sep 09 18:23:04 jammy-provider-cloud-0000007599 devstack@c-api.service[101068]: WARNING castellan.key_manager [None req-3ea12c01-554b-409b-b54e-392fc30f7ccd None None] Deprecation Warning : cinder.keymgr.conf_key_mgr.ConfKeyManager is not a stevedore based driver, trying to load it as a class: stevedore.exception.NoMatches: No 'castellan.drivers' driver found, looking for 'cinder.keymgr.conf_key_mgr.ConfKeyManager'
Sep 09 18:23:04 jammy-provider-cloud-0000007599 devstack@c-api.service[101068]: WARNING stevedore.named [None req-3ea12c01-554b-409b-b54e-392fc30f7ccd None None] Could not load cinder.keymgr.conf_key_mgr.ConfKeyManager
Sep 09 18:23:04 jammy-provider-cloud-0000007599 devstack@c-api.service[101068]: WARNING castellan.key_manager [None req-3ea12c01-554b-409b-b54e-392fc30f7ccd None None] Deprecation Warning : cinder.keymgr.conf_key_mgr.ConfKeyManager is not a stevedore based driver, trying to load it as a class: stevedore.exception.NoMatches: No 'castellan.drivers' driver found, looking for 'cinder.keymgr.conf_key_mgr.ConfKeyManager'
Sep 09 18:23:04 jammy-provider-cloud-0000007599 devstack@c-api.service[101068]: WARNING stevedore.named [None req-3ea12c01-554b-409b-b54e-392fc30f7ccd None None] Could not load cinder.keymgr.conf_key_mgr.ConfKeyManager
Sep 09 18:23:04 jammy-provider-cloud-0000007599 devstack@c-api.service[101068]: WARNING castellan.key_manager [None req-3ea12c01-554b-409b-b54e-392fc30f7ccd None None] Deprecation Warning : cinder.keymgr.conf_key_mgr.ConfKeyManager is not a stevedore based driver, trying to load it as a class: stevedore.exception.NoMatches: No 'castellan.drivers' driver found, looking for 'cinder.keymgr.conf_key_mgr.ConfKeyManager'
Sep 09 18:23:04 jammy-provider-cloud-0000007599 devstack@c-api.service[101068]: WARNING stevedore.named [None req-3ea12c01-554b-409b-b54e-392fc30f7ccd None None] Could not load cinder.keymgr.conf_key_mgr.ConfKeyManager
Sep 09 18:23:04 jammy-provider-cloud-0000007599 devstack@c-api.service[101068]: WARNING castellan.key_manager [None req-3ea12c01-554b-409b-b54e-392fc30f7ccd None None] Deprecation Warning : cinder.keymgr.conf_key_mgr.ConfKeyManager is not a stevedore based driver, trying to load it as a class: stevedore.exception.NoMatches: No 'castellan.drivers' driver found, looking for 'cinder.keymgr.conf_key_mgr.ConfKeyManager'
Sep 09 18:23:04 jammy-provider-cloud-0000007599 devstack@c-api.service[101068]: WARNING stevedore.named [None req-3ea12c01-554b-409b-b54e-392fc30f7ccd None None] Could not load cinder.keymgr.conf_key_mgr.ConfKeyManager
Sep 09 18:23:04 jammy-provider-cloud-0000007599 devstack@c-api.service[101068]: WARNING castellan.key_manager [None req-3ea12c01-554b-409b-b54e-392fc30f7ccd None None] Deprecation Warning : cinder.keymgr.conf_key_mgr.ConfKeyManager is not a stevedore based driver, trying to load it as a class: stevedore.exception.NoMatches: No 'castellan.drivers' driver found, looking for 'cinder.keymgr.conf_key_mgr.ConfKeyManager'
Sep 09 18:23:04 jammy-provider-cloud-0000007599 devstack@c-api.service[101068]: WARNING stevedore.named [None req-3ea12c01-554b-409b-b54e-392fc30f7ccd None None] Could not load cinder.keymgr.conf_key_mgr.ConfKeyManager
Sep 09 18:23:04 jammy-provider-cloud-0000007599 devstack@c-api.service[101068]: WARNING castellan.key_manager [None req-3ea12c01-554b-409b-b54e-392fc30f7ccd None None] Deprecation Warning : cinder.keymgr.conf_key_mgr.ConfKeyManager is not a stevedore based driver, trying to load it as a class: stevedore.exception.NoMatches: No 'castellan.drivers' driver found, looking for 'cinder.keymgr.conf_key_mgr.ConfKeyManager'
Sep 09 18:23:04 jammy-provider-cloud-0000007599 devstack@c-api.service[101068]: WARNING stevedore.named [None req-3ea12c01-554b-409b-b54e-392fc30f7ccd None None] Could not load cinder.keymgr.conf_key_mgr.ConfKeyManager
Sep 09 18:23:04 jammy-provider-cloud-0000007599 devstack@c-api.service[101068]: WARNING castellan.key_manager [None req-3ea12c01-554b-409b-b54e-392fc30f7ccd None None] Deprecation Warning : cinder.keymgr.conf_key_mgr.ConfKeyManager is not a stevedore based driver, trying to load it as a class: stevedore.exception.NoMatches: No 'castellan.drivers' driver found, looking for 'cinder.keymgr.conf_key_mgr.ConfKeyManager'
Sep 09 18:23:04 jammy-provider-cloud-0000007599 devstack@c-api.service[101067]: WARNING stevedore.named [None req-aff1193b-5829-4825-81b5-c1764a56e9d2 None None] Could not load cinder.keymgr.conf_key_mgr.ConfKeyManager
Sep 09 18:23:04 jammy-provider-cloud-0000007599 devstack@c-api.service[101067]: WARNING castellan.key_manager [None req-aff1193b-5829-4825-81b5-c1764a56e9d2 None None] Deprecation Warning : cinder.keymgr.conf_key_mgr.ConfKeyManager is not a stevedore based driver, trying to load it as a class: stevedore.exception.NoMatches: No 'castellan.drivers' driver found, looking for 'cinder.keymgr.conf_key_mgr.ConfKeyManager'
Sep 09 18:23:04 jammy-provider-cloud-0000007599 devstack@c-api.service[101067]: WARNING stevedore.named [None req-aff1193b-5829-4825-81b5-c1764a56e9d2 None None] Could not load cinder.keymgr.conf_key_mgr.ConfKeyManager
Sep 09 18:23:04 jammy-provider-cloud-0000007599 devstack@c-api.service[101067]: WARNING castellan.key_manager [None req-aff1193b-5829-4825-81b5-c1764a56e9d2 None None] Deprecation Warning : cinder.keymgr.conf_key_mgr.ConfKeyManager is not a stevedore based driver, trying to load it as a class: stevedore.exception.NoMatches: No 'castellan.drivers' driver found, looking for 'cinder.keymgr.conf_key_mgr.ConfKeyManager'
Sep 09 18:23:05 jammy-provider-cloud-0000007599 devstack@c-api.service[101068]: WARNING stevedore.named [None req-3ea12c01-554b-409b-b54e-392fc30f7ccd None None] Could not load cinder.keymgr.conf_key_mgr.ConfKeyManager
