Mar 10 14:49:57 ubuntu devstack@keystone.service[62284]: ERROR keystone.server.flask.application   File "/opt/stack/data/venv/lib/python3.12/site-packages/pymysql/protocol.py", line 219, in raise_for_error
Mar 10 14:49:57 ubuntu devstack@keystone.service[62284]: ERROR keystone.server.flask.application     err.raise_mysql_exception(self._data)
Mar 10 14:49:57 ubuntu devstack@keystone.service[62284]: ERROR keystone.server.flask.application   File "/opt/stack/data/venv/lib/python3.12/site-packages/pymysql/err.py", line 150, in raise_mysql_exception
Mar 10 14:49:57 ubuntu devstack@keystone.service[62284]: ERROR keystone.server.flask.application     raise errorclass(errno, errval)
Mar 10 14:49:57 ubuntu devstack@keystone.service[62284]: ERROR keystone.server.flask.application oslo_db.exception.DBDuplicateEntry: (pymysql.err.IntegrityError) (1062, "Duplicate entry 'service-<<null>>' for key 'role.ixu_role_name_domain_id'")
Mar 10 14:49:57 ubuntu devstack@keystone.service[62284]: ERROR keystone.server.flask.application [SQL: INSERT INTO `role` (id, name, description, extra) VALUES (%(id)s, %(name)s, %(description)s, %(extra)s)]
Mar 10 14:49:57 ubuntu devstack@keystone.service[62284]: ERROR keystone.server.flask.application [parameters: {'id': '5048a5236511439ba7c2d2d235f6eebb', 'name': 'service', 'description': None, 'extra': '{}'}]
Mar 10 14:49:57 ubuntu devstack@keystone.service[62284]: ERROR keystone.server.flask.application (Background on this error at: https://sqlalche.me/e/20/gkpj)
Mar 10 14:49:57 ubuntu devstack@keystone.service[62284]: ERROR keystone.server.flask.application 
Mar 10 14:49:57 ubuntu devstack@keystone.service[62284]: ERROR keystone.server.flask.application During handling of the above exception, another exception occurred:
Mar 10 14:49:57 ubuntu devstack@keystone.service[62284]: ERROR keystone.server.flask.application 
Mar 10 14:49:57 ubuntu devstack@keystone.service[62284]: ERROR keystone.server.flask.application Traceback (most recent call last):
Mar 10 14:49:57 ubuntu devstack@keystone.service[62284]: ERROR keystone.server.flask.application   File "/opt/stack/data/venv/lib/python3.12/site-packages/flask_restful/__init__.py", line 295, in error_router
Mar 10 14:49:57 ubuntu devstack@keystone.service[62284]: ERROR keystone.server.flask.application     return self.handle_error(e)
Mar 10 14:49:57 ubuntu devstack@keystone.service[62284]: ERROR keystone.server.flask.application            ^^^^^^^^^^^^^^^^^^^^
Mar 10 14:49:57 ubuntu devstack@keystone.service[62284]: ERROR keystone.server.flask.application   File "/opt/stack/data/venv/lib/python3.12/site-packages/flask_restful/__init__.py", line 310, in handle_error
Mar 10 14:49:57 ubuntu devstack@keystone.service[62284]: ERROR keystone.server.flask.application     _handle_flask_propagate_exceptions_config(current_app, e)
Mar 10 14:49:57 ubuntu devstack@keystone.service[62284]: ERROR keystone.server.flask.application   File "/opt/stack/data/venv/lib/python3.12/site-packages/flask/app.py", line 917, in full_dispatch_request
Mar 10 14:49:57 ubuntu devstack@keystone.service[62284]: ERROR keystone.server.flask.application     rv = self.dispatch_request()
Mar 10 14:49:57 ubuntu devstack@keystone.service[62284]: ERROR keystone.server.flask.application          ^^^^^^^^^^^^^^^^^^^^^^^
Mar 10 14:49:57 ubuntu devstack@keystone.service[62284]: ERROR keystone.server.flask.application   File "/opt/stack/data/venv/lib/python3.12/site-packages/flask/app.py", line 902, in dispatch_request
Mar 10 14:49:57 ubuntu devstack@keystone.service[62284]: ERROR keystone.server.flask.application     return self.ensure_sync(self.view_functions[rule.endpoint])(**view_args)  # type: ignore[no-any-return]
Mar 10 14:49:57 ubuntu devstack@keystone.service[62284]: ERROR keystone.server.flask.application            ^^^^^^^^^^^^^^^^^^^^^^^^^^^^^^^^^^^^^^^^^^^^^^^^^^^^^^^^^^^^^^^^^
Mar 10 14:49:57 ubuntu devstack@keystone.service[62284]: ERROR keystone.server.flask.application   File "/opt/stack/data/venv/lib/python3.12/site-packages/flask_restful/__init__.py", line 489, in wrapper
Mar 10 14:49:57 ubuntu devstack@keystone.service[62284]: ERROR keystone.server.flask.application     resp = resource(*args, **kwargs)
Mar 10 14:49:57 ubuntu devstack@keystone.service[62284]: ERROR keystone.server.flask.application            ^^^^^^^^^^^^^^^^^^^^^^^^^
Mar 10 14:49:57 ubuntu devstack@keystone.service[62284]: ERROR keystone.server.flask.application   File "/opt/stack/data/venv/lib/python3.12/site-packages/flask/views.py", line 110, in view
Mar 10 14:49:57 ubuntu devstack@keystone.service[62284]: ERROR keystone.server.flask.application     return current_app.ensure_sync(self.dispatch_request)(**kwargs)  # type: ignore[no-any-return]
Mar 10 14:49:57 ubuntu devstack@keystone.service[62284]: ERROR keystone.server.flask.application            ^^^^^^^^^^^^^^^^^^^^^^^^^^^^^^^^^^^^^^^^^^^^^^^^^^^^^^^^
Mar 10 14:49:57 ubuntu devstack@keystone.service[62284]: ERROR keystone.server.flask.application   File "/opt/stack/data/venv/lib/python3.12/site-packages/flask_restful/__init__.py", line 604, in dispatch_request
Mar 10 14:49:57 ubuntu devstack@keystone.service[62284]: ERROR keystone.server.flask.application     resp = meth(*args, **kwargs)
Mar 10 14:49:57 ubuntu devstack@keystone.service[62284]: ERROR keystone.server.flask.application            ^^^^^^^^^^^^^^^^^^^^^
Mar 10 14:49:57 ubuntu devstack@keystone.service[62284]: ERROR keystone.server.flask.application   File "/opt/stack/keystone/keystone/api/validation/__init__.py", line 86, in wrapper
Mar 10 14:49:57 ubuntu devstack@keystone.service[62284]: ERROR keystone.server.flask.application     return func(*args, **kwargs)
Mar 10 14:49:57 ubuntu devstack@keystone.service[62284]: ERROR keystone.server.flask.application            ^^^^^^^^^^^^^^^^^^^^^
Mar 10 14:49:57 ubuntu devstack@keystone.service[62284]: ERROR keystone.server.flask.application   File "/opt/stack/keystone/keystone/api/validation/__init__.py", line 145, in wrapper
Mar 10 14:49:57 ubuntu devstack@keystone.service[62284]: ERROR keystone.server.flask.application     response = func(*args, **kwargs)
Mar 10 14:49:57 ubuntu devstack@keystone.service[62284]: ERROR keystone.server.flask.application                ^^^^^^^^^^^^^^^^^^^^^
Mar 10 14:49:57 ubuntu devstack@keystone.service[62284]: ERROR keystone.server.flask.application   File "/opt/stack/keystone/keystone/api/roles.py", line 91, in post
Mar 10 14:49:57 ubuntu devstack@keystone.service[62284]: ERROR keystone.server.flask.application     ref = PROVIDERS.role_api.create_role(
Mar 10 14:49:57 ubuntu devstack@keystone.service[62284]: ERROR keystone.server.flask.application           ^^^^^^^^^^^^^^^^^^^^^^^^^^^^^^^
Mar 10 14:49:57 ubuntu devstack@keystone.service[62284]: ERROR keystone.server.flask.application   File "/opt/stack/keystone/keystone/common/manager.py", line 114, in wrapped
Mar 10 14:49:57 ubuntu devstack@keystone.service[62284]: ERROR keystone.server.flask.application     __ret_val = __f(*args, **kwargs)
Mar 10 14:49:57 ubuntu devstack@keystone.service[62284]: ERROR keystone.server.flask.application                 ^^^^^^^^^^^^^^^^^^^^
Mar 10 14:49:57 ubuntu devstack@keystone.service[62284]: ERROR keystone.server.flask.application   File "/opt/stack/keystone/keystone/assignment/core.py", line 1526, in create_role
Mar 10 14:49:57 ubuntu devstack@keystone.service[62284]: ERROR keystone.server.flask.application     ret = self.driver.create_role(role_id, role)
Mar 10 14:49:57 ubuntu devstack@keystone.service[62284]: ERROR keystone.server.flask.application           ^^^^^^^^^^^^^^^^^^^^^^^^^^^^^^^^^^^^^^
Mar 10 14:49:57 ubuntu devstack@keystone.service[62284]: ERROR keystone.server.flask.application   File "/opt/stack/keystone/keystone/common/sql/core.py", line 614, in wrapper
Mar 10 14:49:57 ubuntu devstack@keystone.service[62284]: ERROR keystone.server.flask.application     raise exception.Conflict(type=conflict_type, details=msg)
Mar 10 14:49:57 ubuntu devstack@keystone.service[62284]: ERROR keystone.server.flask.application keystone.exception.Conflict: Conflict occurred attempting to store role - Duplicate entry found with name service.
Mar 10 14:49:57 ubuntu devstack@keystone.service[62284]: ERROR keystone.server.flask.application 
Mar 10 14:49:57 ubuntu devstack@keystone.service[62284]: [pid: 62284|app: 0|req: 18/35] 10.120.125.143 () {62 vars in 1198 bytes} [Tue Mar 10 14:49:57 2026] POST /identity/v3/roles => generated 140 bytes in 80 msecs (HTTP/1.1 409) 5 headers in 183 bytes (1 switches on core 0)
Mar 10 14:49:57 ubuntu devstack@keystone.service[62283]: DEBUG keystone.server.flask.request_processing.middleware.auth_context [None req-97ca517f-c392-4619-89b8-3a8673baf6aa None None] Authenticating user token {{(pid=62283) process_request /opt/stack/data/venv/lib/python3.12/site-packages/keystonemiddleware/auth_token/__init__.py:407}}
Mar 10 14:49:57 ubuntu devstack@keystone.service[62284]: DEBUG keystone.server.flask.request_processing.req_logging [None req-c26959e9-ff0c-49b3-8c8e-51fdbe78bd73 None None] REQUEST_METHOD: `POST` {{(pid=62284) log_request_info /opt/stack/keystone/keystone/server/flask/request_processing/req_logging.py:26}}
Mar 10 14:49:57 ubuntu devstack@keystone.service[62284]: DEBUG keystone.server.flask.request_processing.req_logging [None req-c26959e9-ff0c-49b3-8c8e-51fdbe78bd73 None None] SCRIPT_NAME: `/identity` {{(pid=62284) log_request_info /opt/stack/keystone/keystone/server/flask/request_processing/req_logging.py:27}}
Mar 10 14:49:57 ubuntu devstack@keystone.service[62284]: DEBUG keystone.server.flask.request_processing.req_logging [None req-c26959e9-ff0c-49b3-8c8e-51fdbe78bd73 None None] PATH_INFO: `/v3/auth/tokens` {{(pid=62284) log_request_info /opt/stack/keystone/keystone/server/flask/request_processing/req_logging.py:28}}
Mar 10 14:49:57 ubuntu devstack@keystone.service[62283]: DEBUG keystone.server.flask.request_processing.middleware.auth_context [None req-97ca517f-c392-4619-89b8-3a8673baf6aa None None] Validating token access rules against request {{(pid=62283) validate_allowed_request /opt/stack/data/venv/lib/python3.12/site-packages/keystonemiddleware/auth_token/__init__.py:545}}
Mar 10 14:49:57 ubuntu devstack@keystone.service[62284]: WARNING keystone.common.password_hashing [None req-c26959e9-ff0c-49b3-8c8e-51fdbe78bd73 None None] Truncating password to algorithm specific maximum length 72 characters.
Mar 10 14:49:57 ubuntu devstack@keystone.service[62283]: DEBUG keystone.server.flask.request_processing.middleware.auth_context [None req-dccec85b-5787-4ae9-910e-dc65e13db748 None admin] RBAC: auth_context: {'token': <TokenModel (audit_id=d6y_WUkMRBGFg2rX1Fe1zg, audit_chain_id=['d6y_WUkMRBGFg2rX1Fe1zg']) at 0x76dcc202b440>, 'domain_id': None, 'trust_id': None, 'trustor_id': None, 'trustee_id': None, 'domain_name': None, 'group_ids': [], 'user_id': 'acde924262134a989ca64746e1fc2594', 'user_domain_id': 'default', 'system_scope': 'all', 'project_id': None, 'project_domain_id': None, 'roles': ['admin', 'manager', 'member', 'reader'], 'is_admin_project': True, 'service_user_id': None, 'service_user_domain_id': None, 'service_project_id': None, 'service_project_domain_id': None, 'service_roles': []} {{(pid=62283) fill_context /opt/stack/keystone/keystone/server/flask/request_processing/middleware/auth_context.py:509}}
Mar 10 14:49:57 ubuntu devstack@keystone.service[62283]: DEBUG keystone.server.flask.request_processing.req_logging [None req-dccec85b-5787-4ae9-910e-dc65e13db748 None admin] REQUEST_METHOD: `GET` {{(pid=62283) log_request_info /opt/stack/keystone/keystone/server/flask/request_processing/req_logging.py:26}}
Mar 10 14:49:57 ubuntu devstack@keystone.service[62283]: DEBUG keystone.server.flask.request_processing.req_logging [None req-dccec85b-5787-4ae9-910e-dc65e13db748 None admin] SCRIPT_NAME: `/identity` {{(pid=62283) log_request_info /opt/stack/keystone/keystone/server/flask/request_processing/req_logging.py:27}}
Mar 10 14:49:57 ubuntu devstack@keystone.service[62283]: DEBUG keystone.server.flask.request_processing.req_logging [None req-dccec85b-5787-4ae9-910e-dc65e13db748 None admin] PATH_INFO: `/v3/roles/admin` {{(pid=62283) log_request_info /opt/stack/keystone/keystone/server/flask/request_processing/req_logging.py:28}}
Mar 10 14:49:57 ubuntu devstack@keystone.service[62284]: DEBUG keystone.auth.core [None req-c26959e9-ff0c-49b3-8c8e-51fdbe78bd73 None None] MFA Rules not processed for user `acde924262134a989ca64746e1fc2594`. Rule list: `[]` (Enabled: `True`). {{(pid=62284) check_auth_methods_against_rules /opt/stack/keystone/keystone/auth/core.py:476}}
Mar 10 14:49:57 ubuntu devstack@keystone.service[62284]: DEBUG keystone.common.fernet_utils [None req-c26959e9-ff0c-49b3-8c8e-51fdbe78bd73 None None] Loaded 2 Fernet keys from /etc/keystone/fernet-keys/, but `[fernet_tokens] max_active_keys = 3`; perhaps there have not been enough key rotations to reach `max_active_keys` yet? {{(pid=62284) load_keys /opt/stack/keystone/keystone/common/fernet_utils.py:297}}
Mar 10 14:49:57 ubuntu devstack@keystone.service[62283]: DEBUG keystone.common.rbac_enforcer.enforcer [None req-dccec85b-5787-4ae9-910e-dc65e13db748 None admin] Extracting inferred target data resulted in "NOT FOUND (404)". {{(pid=62283) enforce_call /opt/stack/keystone/keystone/common/rbac_enforcer/enforcer.py:445}}
Mar 10 14:49:57 ubuntu devstack@keystone.service[62283]: DEBUG keystone.server.flask.application [None req-dccec85b-5787-4ae9-910e-dc65e13db748 None admin] Could not find role: admin. {{(pid=62283) _handle_keystone_exception /opt/stack/keystone/keystone/server/flask/application.py:146}}
Mar 10 14:49:57 ubuntu devstack@keystone.service[62283]: [pid: 62283|app: 0|req: 18/36] 10.120.125.143 () {58 vars in 1164 bytes} [Tue Mar 10 14:49:57 2026] GET /identity/v3/roles/admin => generated 83 bytes in 62 msecs (HTTP/1.1 404) 5 headers in 183 bytes (1 switches on core 0)
Mar 10 14:49:57 ubuntu devstack@keystone.service[62283]: DEBUG keystone.server.flask.request_processing.middleware.auth_context [None req-dccec85b-5787-4ae9-910e-dc65e13db748 None admin] Authenticating user token {{(pid=62283) process_request /opt/stack/data/venv/lib/python3.12/site-packages/keystonemiddleware/auth_token/__init__.py:407}}
Mar 10 14:49:57 ubuntu devstack@keystone.service[62284]: [pid: 62284|app: 0|req: 19/37] 10.120.125.143 () {60 vars in 1048 bytes} [Tue Mar 10 14:49:57 2026] POST /identity/v3/auth/tokens => generated 863 bytes in 55 msecs (HTTP/1.1 201) 6 headers in 363 bytes (1 switches on core 0)
Mar 10 14:49:57 ubuntu devstack@keystone.service[62283]: DEBUG keystone.server.flask.request_processing.middleware.auth_context [None req-dccec85b-5787-4ae9-910e-dc65e13db748 None admin] Validating token access rules against request {{(pid=62283) validate_allowed_request /opt/stack/data/venv/lib/python3.12/site-packages/keystonemiddleware/auth_token/__init__.py:545}}
Mar 10 14:49:57 ubuntu devstack@keystone.service[62283]: DEBUG keystone.server.flask.request_processing.middleware.auth_context [None req-950b71dd-ba88-4392-8218-bfe66907723c None admin] RBAC: auth_context: {'token': <TokenModel (audit_id=3gqyE4IyQbGU0LP9O9Bvkw, audit_chain_id=['3gqyE4IyQbGU0LP9O9Bvkw']) at 0x76dcc1e577d0>, 'domain_id': None, 'trust_id': None, 'trustor_id': None, 'trustee_id': None, 'domain_name': None, 'group_ids': [], 'user_id': 'acde924262134a989ca64746e1fc2594', 'user_domain_id': 'default', 'system_scope': 'all', 'project_id': None, 'project_domain_id': None, 'roles': ['admin', 'manager', 'member', 'reader'], 'is_admin_project': True, 'service_user_id': None, 'service_user_domain_id': None, 'service_project_id': None, 'service_project_domain_id': None, 'service_roles': []} {{(pid=62283) fill_context /opt/stack/keystone/keystone/server/flask/request_processing/middleware/auth_context.py:509}}
Mar 10 14:49:57 ubuntu devstack@keystone.service[62283]: DEBUG keystone.server.flask.request_processing.req_logging [None req-950b71dd-ba88-4392-8218-bfe66907723c None admin] REQUEST_METHOD: `GET` {{(pid=62283) log_request_info /opt/stack/keystone/keystone/server/flask/request_processing/req_logging.py:26}}
Mar 10 14:49:57 ubuntu devstack@keystone.service[62283]: DEBUG keystone.server.flask.request_processing.req_logging [None req-950b71dd-ba88-4392-8218-bfe66907723c None admin] SCRIPT_NAME: `/identity` {{(pid=62283) log_request_info /opt/stack/keystone/keystone/server/flask/request_processing/req_logging.py:27}}
Mar 10 14:49:57 ubuntu devstack@keystone.service[62283]: DEBUG keystone.server.flask.request_processing.req_logging [None req-950b71dd-ba88-4392-8218-bfe66907723c None admin] PATH_INFO: `/v3/roles/service` {{(pid=62283) log_request_info /opt/stack/keystone/keystone/server/flask/request_processing/req_logging.py:28}}
Mar 10 14:49:57 ubuntu devstack@keystone.service[62283]: DEBUG keystone.common.rbac_enforcer.enforcer [None req-950b71dd-ba88-4392-8218-bfe66907723c None admin] Extracting inferred target data resulted in "NOT FOUND (404)". {{(pid=62283) enforce_call /opt/stack/keystone/keystone/common/rbac_enforcer/enforcer.py:445}}
Mar 10 14:49:57 ubuntu devstack@keystone.service[62283]: DEBUG keystone.server.flask.application [None req-950b71dd-ba88-4392-8218-bfe66907723c None admin] Could not find role: service. {{(pid=62283) _handle_keystone_exception /opt/stack/keystone/keystone/server/flask/application.py:146}}
Mar 10 14:49:57 ubuntu devstack@keystone.service[62283]: [pid: 62283|app: 0|req: 19/38] 10.120.125.143 () {58 vars in 1170 bytes} [Tue Mar 10 14:49:57 2026] GET /identity/v3/roles/service => generated 85 bytes in 62 msecs (HTTP/1.1 404) 5 headers in 183 bytes (1 switches on core 0)
Mar 10 14:49:57 ubuntu devstack@keystone.service[62284]: DEBUG keystone.server.flask.request_processing.middleware.auth_context [None req-c26959e9-ff0c-49b3-8c8e-51fdbe78bd73 None None] Authenticating user token {{(pid=62284) process_request /opt/stack/data/venv/lib/python3.12/site-packages/keystonemiddleware/auth_token/__init__.py:407}}
Mar 10 14:49:57 ubuntu devstack@keystone.service[62283]: DEBUG keystone.server.flask.request_processing.req_logging [None req-69ef1c2c-979b-4ae3-8fc6-f0e294f49756 None None] REQUEST_METHOD: `POST` {{(pid=62283) log_request_info /opt/stack/keystone/keystone/server/flask/request_processing/req_logging.py:26}}
Mar 10 14:49:57 ubuntu devstack@keystone.service[62283]: DEBUG keystone.server.flask.request_processing.req_logging [None req-69ef1c2c-979b-4ae3-8fc6-f0e294f49756 None None] SCRIPT_NAME: `/identity` {{(pid=62283) log_request_info /opt/stack/keystone/keystone/server/flask/request_processing/req_logging.py:27}}
Mar 10 14:49:57 ubuntu devstack@keystone.service[62283]: DEBUG keystone.server.flask.request_processing.req_logging [None req-69ef1c2c-979b-4ae3-8fc6-f0e294f49756 None None] PATH_INFO: `/v3/auth/tokens` {{(pid=62283) log_request_info /opt/stack/keystone/keystone/server/flask/request_processing/req_logging.py:28}}
Mar 10 14:49:57 ubuntu devstack@keystone.service[62283]: WARNING keystone.common.password_hashing [None req-69ef1c2c-979b-4ae3-8fc6-f0e294f49756 None None] Truncating password to algorithm specific maximum length 72 characters.
Mar 10 14:49:57 ubuntu devstack@keystone.service[62283]: DEBUG keystone.auth.core [None req-69ef1c2c-979b-4ae3-8fc6-f0e294f49756 None None] MFA Rules not processed for user `acde924262134a989ca64746e1fc2594`. Rule list: `[]` (Enabled: `True`). {{(pid=62283) check_auth_methods_against_rules /opt/stack/keystone/keystone/auth/core.py:476}}
Mar 10 14:49:57 ubuntu devstack@keystone.service[62283]: DEBUG keystone.common.fernet_utils [None req-69ef1c2c-979b-4ae3-8fc6-f0e294f49756 None None] Loaded 2 Fernet keys from /etc/keystone/fernet-keys/, but `[fernet_tokens] max_active_keys = 3`; perhaps there have not been enough key rotations to reach `max_active_keys` yet? {{(pid=62283) load_keys /opt/stack/keystone/keystone/common/fernet_utils.py:297}}
Mar 10 14:49:57 ubuntu devstack@keystone.service[62284]: DEBUG keystone.server.flask.request_processing.middleware.auth_context [None req-c26959e9-ff0c-49b3-8c8e-51fdbe78bd73 None None] Validating token access rules against request {{(pid=62284) validate_allowed_request /opt/stack/data/venv/lib/python3.12/site-packages/keystonemiddleware/auth_token/__init__.py:545}}
Mar 10 14:49:57 ubuntu devstack@keystone.service[62284]: DEBUG keystone.server.flask.request_processing.middleware.auth_context [None req-1cb1251a-b468-40fd-b99e-dc31d179684d None admin] RBAC: auth_context: {'token': <TokenModel (audit_id=d6y_WUkMRBGFg2rX1Fe1zg, audit_chain_id=['d6y_WUkMRBGFg2rX1Fe1zg']) at 0x76dcc1ab63c0>, 'domain_id': None, 'trust_id': None, 'trustor_id': None, 'trustee_id': None, 'domain_name': None, 'group_ids': [], 'user_id': 'acde924262134a989ca64746e1fc2594', 'user_domain_id': 'default', 'system_scope': 'all', 'project_id': None, 'project_domain_id': None, 'roles': ['admin', 'manager', 'member', 'reader'], 'is_admin_project': True, 'service_user_id': None, 'service_user_domain_id': None, 'service_project_id': None, 'service_project_domain_id': None, 'service_roles': []} {{(pid=62284) fill_context /opt/stack/keystone/keystone/server/flask/request_processing/middleware/auth_context.py:509}}
Mar 10 14:49:57 ubuntu devstack@keystone.service[62284]: DEBUG keystone.server.flask.request_processing.req_logging [None req-1cb1251a-b468-40fd-b99e-dc31d179684d None admin] REQUEST_METHOD: `GET` {{(pid=62284) log_request_info /opt/stack/keystone/keystone/server/flask/request_processing/req_logging.py:26}}
Mar 10 14:49:57 ubuntu devstack@keystone.service[62284]: DEBUG keystone.server.flask.request_processing.req_logging [None req-1cb1251a-b468-40fd-b99e-dc31d179684d None admin] SCRIPT_NAME: `/identity` {{(pid=62284) log_request_info /opt/stack/keystone/keystone/server/flask/request_processing/req_logging.py:27}}
Mar 10 14:49:57 ubuntu devstack@keystone.service[62284]: DEBUG keystone.server.flask.request_processing.req_logging [None req-1cb1251a-b468-40fd-b99e-dc31d179684d None admin] PATH_INFO: `/v3/roles` {{(pid=62284) log_request_info /opt/stack/keystone/keystone/server/flask/request_processing/req_logging.py:28}}
Mar 10 14:49:57 ubuntu devstack@keystone.service[62284]: DEBUG keystone.common.rbac_enforcer.enforcer [None req-1cb1251a-b468-40fd-b99e-dc31d179684d None admin] RBAC: Adding query filter params (name=admin) {{(pid=62284) _extract_filter_values /opt/stack/keystone/keystone/common/rbac_enforcer/enforcer.py:176}}
Mar 10 14:49:57 ubuntu devstack@keystone.service[62284]: DEBUG keystone.common.rbac_enforcer.enforcer [None req-1cb1251a-b468-40fd-b99e-dc31d179684d None admin] RBAC: Authorizing `identity:list_roles()` {{(pid=62284) enforce_call /opt/stack/keystone/keystone/common/rbac_enforcer/enforcer.py:494}}
Mar 10 14:49:57 ubuntu devstack@keystone.service[62284]: DEBUG keystone.common.rbac_enforcer.enforcer [None req-1cb1251a-b468-40fd-b99e-dc31d179684d None admin] RBAC: Authorization granted {{(pid=62284) enforce_call /opt/stack/keystone/keystone/common/rbac_enforcer/enforcer.py:505}}
Mar 10 14:49:57 ubuntu devstack@keystone.service[62283]: [pid: 62283|app: 0|req: 20/39] 10.120.125.143 () {60 vars in 1048 bytes} [Tue Mar 10 14:49:57 2026] POST /identity/v3/auth/tokens => generated 863 bytes in 56 msecs (HTTP/1.1 201) 6 headers in 363 bytes (1 switches on core 0)
Mar 10 14:49:57 ubuntu devstack@keystone.service[62283]: DEBUG keystone.server.flask.request_processing.middleware.auth_context [None req-69ef1c2c-979b-4ae3-8fc6-f0e294f49756 None None] Authenticating user token {{(pid=62283) process_request /opt/stack/data/venv/lib/python3.12/site-packages/keystonemiddleware/auth_token/__init__.py:407}}
Mar 10 14:49:57 ubuntu devstack@keystone.service[62284]: [pid: 62284|app: 0|req: 20/40] 10.120.125.143 () {58 vars in 1180 bytes} [Tue Mar 10 14:49:57 2026] GET /identity/v3/roles?name=admin => generated 341 bytes in 67 msecs (HTTP/1.1 200) 5 headers in 177 bytes (1 switches on core 0)
Mar 10 14:49:57 ubuntu devstack@keystone.service[62284]: DEBUG keystone.server.flask.request_processing.middleware.auth_context [None req-1cb1251a-b468-40fd-b99e-dc31d179684d None admin] Authenticating user token {{(pid=62284) process_request /opt/stack/data/venv/lib/python3.12/site-packages/keystonemiddleware/auth_token/__init__.py:407}}
Mar 10 14:49:57 ubuntu devstack@keystone.service[62283]: DEBUG keystone.server.flask.request_processing.middleware.auth_context [None req-69ef1c2c-979b-4ae3-8fc6-f0e294f49756 None None] Validating token access rules against request {{(pid=62283) validate_allowed_request /opt/stack/data/venv/lib/python3.12/site-packages/keystonemiddleware/auth_token/__init__.py:545}}
Mar 10 14:49:57 ubuntu devstack@keystone.service[62284]: DEBUG keystone.server.flask.request_processing.middleware.auth_context [None req-1cb1251a-b468-40fd-b99e-dc31d179684d None admin] Validating token access rules against request {{(pid=62284) validate_allowed_request /opt/stack/data/venv/lib/python3.12/site-packages/keystonemiddleware/auth_token/__init__.py:545}}
Mar 10 14:49:57 ubuntu devstack@keystone.service[62283]: DEBUG keystone.server.flask.request_processing.middleware.auth_context [None req-0452afa0-54fa-46b9-8319-38ed4b156779 None admin] RBAC: auth_context: {'token': <TokenModel (audit_id=uP3WUDS0TlyLNDC92GCMug, audit_chain_id=['uP3WUDS0TlyLNDC92GCMug']) at 0x76dcc1e7c380>, 'domain_id': None, 'trust_id': None, 'trustor_id': None, 'trustee_id': None, 'domain_name': None, 'group_ids': [], 'user_id': 'acde924262134a989ca64746e1fc2594', 'user_domain_id': 'default', 'system_scope': 'all', 'project_id': None, 'project_domain_id': None, 'roles': ['admin', 'manager', 'member', 'reader'], 'is_admin_project': True, 'service_user_id': None, 'service_user_domain_id': None, 'service_project_id': None, 'service_project_domain_id': None, 'service_roles': []} {{(pid=62283) fill_context /opt/stack/keystone/keystone/server/flask/request_processing/middleware/auth_context.py:509}}
Mar 10 14:49:57 ubuntu devstack@keystone.service[62283]: DEBUG keystone.server.flask.request_processing.req_logging [None req-0452afa0-54fa-46b9-8319-38ed4b156779 None admin] REQUEST_METHOD: `POST` {{(pid=62283) log_request_info /opt/stack/keystone/keystone/server/flask/request_processing/req_logging.py:26}}
Mar 10 14:49:57 ubuntu devstack@keystone.service[62283]: DEBUG keystone.server.flask.request_processing.req_logging [None req-0452afa0-54fa-46b9-8319-38ed4b156779 None admin] SCRIPT_NAME: `/identity` {{(pid=62283) log_request_info /opt/stack/keystone/keystone/server/flask/request_processing/req_logging.py:27}}
Mar 10 14:49:57 ubuntu devstack@keystone.service[62283]: DEBUG keystone.server.flask.request_processing.req_logging [None req-0452afa0-54fa-46b9-8319-38ed4b156779 None admin] PATH_INFO: `/v3/projects` {{(pid=62283) log_request_info /opt/stack/keystone/keystone/server/flask/request_processing/req_logging.py:28}}
Mar 10 14:49:57 ubuntu devstack@keystone.service[62283]: DEBUG keystone.common.rbac_enforcer.enforcer [None req-0452afa0-54fa-46b9-8319-38ed4b156779 None admin] RBAC: Authorizing `identity:create_project()` {{(pid=62283) enforce_call /opt/stack/keystone/keystone/common/rbac_enforcer/enforcer.py:494}}
Mar 10 14:49:57 ubuntu devstack@keystone.service[62283]: DEBUG keystone.common.rbac_enforcer.enforcer [None req-0452afa0-54fa-46b9-8319-38ed4b156779 None admin] RBAC: Authorization granted {{(pid=62283) enforce_call /opt/stack/keystone/keystone/common/rbac_enforcer/enforcer.py:505}}
Mar 10 14:49:57 ubuntu devstack@keystone.service[62284]: DEBUG keystone.server.flask.request_processing.middleware.auth_context [None req-b8cbd8c1-2c7e-4d31-a658-1b1608b5d9b2 None admin] RBAC: auth_context: {'token': <TokenModel (audit_id=3gqyE4IyQbGU0LP9O9Bvkw, audit_chain_id=['3gqyE4IyQbGU0LP9O9Bvkw']) at 0x76dcc1f8f2c0>, 'domain_id': None, 'trust_id': None, 'trustor_id': None, 'trustee_id': None, 'domain_name': None, 'group_ids': [], 'user_id': 'acde924262134a989ca64746e1fc2594', 'user_domain_id': 'default', 'system_scope': 'all', 'project_id': None, 'project_domain_id': None, 'roles': ['admin', 'manager', 'member', 'reader'], 'is_admin_project': True, 'service_user_id': None, 'service_user_domain_id': None, 'service_project_id': None, 'service_project_domain_id': None, 'service_roles': []} {{(pid=62284) fill_context /opt/stack/keystone/keystone/server/flask/request_processing/middleware/auth_context.py:509}}
Mar 10 14:49:57 ubuntu devstack@keystone.service[62284]: DEBUG keystone.server.flask.request_processing.req_logging [None req-b8cbd8c1-2c7e-4d31-a658-1b1608b5d9b2 None admin] REQUEST_METHOD: `GET` {{(pid=62284) log_request_info /opt/stack/keystone/keystone/server/flask/request_processing/req_logging.py:26}}
Mar 10 14:49:57 ubuntu devstack@keystone.service[62284]: DEBUG keystone.server.flask.request_processing.req_logging [None req-b8cbd8c1-2c7e-4d31-a658-1b1608b5d9b2 None admin] SCRIPT_NAME: `/identity` {{(pid=62284) log_request_info /opt/stack/keystone/keystone/server/flask/request_processing/req_logging.py:27}}
Mar 10 14:49:57 ubuntu devstack@keystone.service[62284]: DEBUG keystone.server.flask.request_processing.req_logging [None req-b8cbd8c1-2c7e-4d31-a658-1b1608b5d9b2 None admin] PATH_INFO: `/v3/roles` {{(pid=62284) log_request_info /opt/stack/keystone/keystone/server/flask/request_processing/req_logging.py:28}}
Mar 10 14:49:57 ubuntu devstack@keystone.service[62284]: DEBUG keystone.common.rbac_enforcer.enforcer [None req-b8cbd8c1-2c7e-4d31-a658-1b1608b5d9b2 None admin] RBAC: Adding query filter params (name=service) {{(pid=62284) _extract_filter_values /opt/stack/keystone/keystone/common/rbac_enforcer/enforcer.py:176}}
Mar 10 14:49:57 ubuntu devstack@keystone.service[62284]: DEBUG keystone.common.rbac_enforcer.enforcer [None req-b8cbd8c1-2c7e-4d31-a658-1b1608b5d9b2 None admin] RBAC: Authorizing `identity:list_roles()` {{(pid=62284) enforce_call /opt/stack/keystone/keystone/common/rbac_enforcer/enforcer.py:494}}
Mar 10 14:49:57 ubuntu devstack@keystone.service[62284]: DEBUG keystone.common.rbac_enforcer.enforcer [None req-b8cbd8c1-2c7e-4d31-a658-1b1608b5d9b2 None admin] RBAC: Authorization granted {{(pid=62284) enforce_call /opt/stack/keystone/keystone/common/rbac_enforcer/enforcer.py:505}}
Mar 10 14:49:57 ubuntu devstack@keystone.service[62284]: [pid: 62284|app: 0|req: 21/41] 10.120.125.143 () {58 vars in 1184 bytes} [Tue Mar 10 14:49:57 2026] GET /identity/v3/roles?name=service => generated 345 bytes in 63 msecs (HTTP/1.1 200) 5 headers in 177 bytes (1 switches on core 0)
Mar 10 14:49:57 ubuntu devstack@keystone.service[62284]: DEBUG keystone.server.flask.request_processing.middleware.auth_context [None req-b8cbd8c1-2c7e-4d31-a658-1b1608b5d9b2 None admin] Authenticating user token {{(pid=62284) process_request /opt/stack/data/venv/lib/python3.12/site-packages/keystonemiddleware/auth_token/__init__.py:407}}
Mar 10 14:49:57 ubuntu devstack@keystone.service[62284]: DEBUG keystone.server.flask.request_processing.middleware.auth_context [None req-b8cbd8c1-2c7e-4d31-a658-1b1608b5d9b2 None admin] Validating token access rules against request {{(pid=62284) validate_allowed_request /opt/stack/data/venv/lib/python3.12/site-packages/keystonemiddleware/auth_token/__init__.py:545}}
Mar 10 14:49:57 ubuntu devstack@keystone.service[62284]: DEBUG keystone.server.flask.request_processing.middleware.auth_context [None req-77675eea-ed69-4f46-942f-84aaff899187 None admin] RBAC: auth_context: {'token': <TokenModel (audit_id=rYx3jcn7Sbyowz4SsUHbSw, audit_chain_id=['rYx3jcn7Sbyowz4SsUHbSw']) at 0x76dcc1a4a6c0>, 'domain_id': None, 'trust_id': None, 'trustor_id': None, 'trustee_id': None, 'domain_name': None, 'group_ids': [], 'user_id': 'acde924262134a989ca64746e1fc2594', 'user_domain_id': 'default', 'system_scope': 'all', 'project_id': None, 'project_domain_id': None, 'roles': ['admin', 'manager', 'member', 'reader'], 'is_admin_project': True, 'service_user_id': None, 'service_user_domain_id': None, 'service_project_id': None, 'service_project_domain_id': None, 'service_roles': []} {{(pid=62284) fill_context /opt/stack/keystone/keystone/server/flask/request_processing/middleware/auth_context.py:509}}
Mar 10 14:49:57 ubuntu devstack@keystone.service[62284]: DEBUG keystone.server.flask.request_processing.req_logging [None req-77675eea-ed69-4f46-942f-84aaff899187 None admin] REQUEST_METHOD: `POST` {{(pid=62284) log_request_info /opt/stack/keystone/keystone/server/flask/request_processing/req_logging.py:26}}
Mar 10 14:49:57 ubuntu devstack@keystone.service[62284]: DEBUG keystone.server.flask.request_processing.req_logging [None req-77675eea-ed69-4f46-942f-84aaff899187 None admin] SCRIPT_NAME: `/identity` {{(pid=62284) log_request_info /opt/stack/keystone/keystone/server/flask/request_processing/req_logging.py:27}}
Mar 10 14:49:57 ubuntu devstack@keystone.service[62284]: DEBUG keystone.server.flask.request_processing.req_logging [None req-77675eea-ed69-4f46-942f-84aaff899187 None admin] PATH_INFO: `/v3/roles` {{(pid=62284) log_request_info /opt/stack/keystone/keystone/server/flask/request_processing/req_logging.py:28}}
Mar 10 14:49:57 ubuntu devstack@keystone.service[62284]: DEBUG keystone.common.rbac_enforcer.enforcer [None req-77675eea-ed69-4f46-942f-84aaff899187 None admin] RBAC: Authorizing `identity:create_role()` {{(pid=62284) enforce_call /opt/stack/keystone/keystone/common/rbac_enforcer/enforcer.py:494}}
Mar 10 14:49:57 ubuntu devstack@keystone.service[62284]: DEBUG keystone.common.rbac_enforcer.enforcer [None req-77675eea-ed69-4f46-942f-84aaff899187 None admin] RBAC: Authorization granted {{(pid=62284) enforce_call /opt/stack/keystone/keystone/common/rbac_enforcer/enforcer.py:505}}
Mar 10 14:49:57 ubuntu devstack@keystone.service[62284]: [pid: 62284|app: 0|req: 22/42] 10.120.125.143 () {62 vars in 1199 bytes} [Tue Mar 10 14:49:57 2026] POST /identity/v3/roles => generated 226 bytes in 62 msecs (HTTP/1.1 201) 5 headers in 182 bytes (1 switches on core 0)
Mar 10 14:49:57 ubuntu devstack@keystone.service[62284]: DEBUG keystone.server.flask.request_processing.middleware.auth_context [None req-77675eea-ed69-4f46-942f-84aaff899187 None admin] Authenticating user token {{(pid=62284) process_request /opt/stack/data/venv/lib/python3.12/site-packages/keystonemiddleware/auth_token/__init__.py:407}}
Mar 10 14:49:57 ubuntu devstack@keystone.service[62283]: [pid: 62283|app: 0|req: 21/43] 10.120.125.143 () {62 vars in 1208 bytes} [Tue Mar 10 14:49:57 2026] POST /identity/v3/projects => generated 302 bytes in 139 msecs (HTTP/1.1 201) 5 headers in 182 bytes (1 switches on core 0)
Mar 10 14:49:57 ubuntu devstack@keystone.service[62284]: DEBUG keystone.server.flask.request_processing.middleware.auth_context [None req-77675eea-ed69-4f46-942f-84aaff899187 None admin] Validating token access rules against request {{(pid=62284) validate_allowed_request /opt/stack/data/venv/lib/python3.12/site-packages/keystonemiddleware/auth_token/__init__.py:545}}
Mar 10 14:49:57 ubuntu devstack@keystone.service[62284]: DEBUG keystone.server.flask.request_processing.middleware.auth_context [None req-eb7e3680-8808-4d81-bdd9-0a9feab5eaf1 None admin] RBAC: auth_context: {'token': <TokenModel (audit_id=d6y_WUkMRBGFg2rX1Fe1zg, audit_chain_id=['d6y_WUkMRBGFg2rX1Fe1zg']) at 0x76dcc202bef0>, 'domain_id': None, 'trust_id': None, 'trustor_id': None, 'trustee_id': None, 'domain_name': None, 'group_ids': [], 'user_id': 'acde924262134a989ca64746e1fc2594', 'user_domain_id': 'default', 'system_scope': 'all', 'project_id': None, 'project_domain_id': None, 'roles': ['admin', 'manager', 'member', 'reader'], 'is_admin_project': True, 'service_user_id': None, 'service_user_domain_id': None, 'service_project_id': None, 'service_project_domain_id': None, 'service_roles': []} {{(pid=62284) fill_context /opt/stack/keystone/keystone/server/flask/request_processing/middleware/auth_context.py:509}}
Mar 10 14:49:57 ubuntu devstack@keystone.service[62284]: DEBUG keystone.server.flask.request_processing.req_logging [None req-eb7e3680-8808-4d81-bdd9-0a9feab5eaf1 None admin] REQUEST_METHOD: `GET` {{(pid=62284) log_request_info /opt/stack/keystone/keystone/server/flask/request_processing/req_logging.py:26}}
Mar 10 14:49:57 ubuntu devstack@keystone.service[62284]: DEBUG keystone.server.flask.request_processing.req_logging [None req-eb7e3680-8808-4d81-bdd9-0a9feab5eaf1 None admin] SCRIPT_NAME: `/identity` {{(pid=62284) log_request_info /opt/stack/keystone/keystone/server/flask/request_processing/req_logging.py:27}}
Mar 10 14:49:57 ubuntu devstack@keystone.service[62284]: DEBUG keystone.server.flask.request_processing.req_logging [None req-eb7e3680-8808-4d81-bdd9-0a9feab5eaf1 None admin] PATH_INFO: `/v3/users/acde924262134a989ca64746e1fc2594` {{(pid=62284) log_request_info /opt/stack/keystone/keystone/server/flask/request_processing/req_logging.py:28}}
Mar 10 14:49:57 ubuntu devstack@keystone.service[62284]: DEBUG keystone.common.rbac_enforcer.enforcer [None req-eb7e3680-8808-4d81-bdd9-0a9feab5eaf1 None admin] RBAC: Authorizing `identity:get_user(user_id=acde924262134a989ca64746e1fc2594)` {{(pid=62284) enforce_call /opt/stack/keystone/keystone/common/rbac_enforcer/enforcer.py:494}}
Mar 10 14:49:57 ubuntu devstack@keystone.service[62284]: DEBUG keystone.common.rbac_enforcer.enforcer [None req-eb7e3680-8808-4d81-bdd9-0a9feab5eaf1 None admin] RBAC: Authorization granted {{(pid=62284) enforce_call /opt/stack/keystone/keystone/common/rbac_enforcer/enforcer.py:505}}
Mar 10 14:49:57 ubuntu devstack@keystone.service[62284]: [pid: 62284|app: 0|req: 23/44] 10.120.125.143 () {58 vars in 1245 bytes} [Tue Mar 10 14:49:57 2026] GET /identity/v3/users/acde924262134a989ca64746e1fc2594 => generated 248 bytes in 66 msecs (HTTP/1.1 200) 5 headers in 177 bytes (1 switches on core 0)
Mar 10 14:49:57 ubuntu devstack@keystone.service[62283]: DEBUG keystone.server.flask.request_processing.middleware.auth_context [None req-0452afa0-54fa-46b9-8319-38ed4b156779 None admin] Authenticating user token {{(pid=62283) process_request /opt/stack/data/venv/lib/python3.12/site-packages/keystonemiddleware/auth_token/__init__.py:407}}
Mar 10 14:49:57 ubuntu devstack@keystone.service[62284]: DEBUG keystone.server.flask.request_processing.middleware.auth_context [None req-eb7e3680-8808-4d81-bdd9-0a9feab5eaf1 None admin] Authenticating user token {{(pid=62284) process_request /opt/stack/data/venv/lib/python3.12/site-packages/keystonemiddleware/auth_token/__init__.py:407}}
Mar 10 14:49:57 ubuntu devstack@keystone.service[62283]: DEBUG keystone.server.flask.request_processing.middleware.auth_context [None req-0452afa0-54fa-46b9-8319-38ed4b156779 None admin] Validating token access rules against request {{(pid=62283) validate_allowed_request /opt/stack/data/venv/lib/python3.12/site-packages/keystonemiddleware/auth_token/__init__.py:545}}
Mar 10 14:49:57 ubuntu devstack@keystone.service[62283]: DEBUG keystone.server.flask.request_processing.middleware.auth_context [None req-30f1a882-f0e0-4cd5-a957-23aa61648a7c None admin] RBAC: auth_context: {'token': <TokenModel (audit_id=d6y_WUkMRBGFg2rX1Fe1zg, audit_chain_id=['d6y_WUkMRBGFg2rX1Fe1zg']) at 0x76dcc1d9ecc0>, 'domain_id': None, 'trust_id': None, 'trustor_id': None, 'trustee_id': None, 'domain_name': None, 'group_ids': [], 'user_id': 'acde924262134a989ca64746e1fc2594', 'user_domain_id': 'default', 'system_scope': 'all', 'project_id': None, 'project_domain_id': None, 'roles': ['admin', 'manager', 'member', 'reader'], 'is_admin_project': True, 'service_user_id': None, 'service_user_domain_id': None, 'service_project_id': None, 'service_project_domain_id': None, 'service_roles': []} {{(pid=62283) fill_context /opt/stack/keystone/keystone/server/flask/request_processing/middleware/auth_context.py:509}}
Mar 10 14:49:57 ubuntu devstack@keystone.service[62283]: DEBUG keystone.server.flask.request_processing.req_logging [None req-30f1a882-f0e0-4cd5-a957-23aa61648a7c None admin] REQUEST_METHOD: `GET` {{(pid=62283) log_request_info /opt/stack/keystone/keystone/server/flask/request_processing/req_logging.py:26}}
Mar 10 14:49:57 ubuntu devstack@keystone.service[62283]: DEBUG keystone.server.flask.request_processing.req_logging [None req-30f1a882-f0e0-4cd5-a957-23aa61648a7c None admin] SCRIPT_NAME: `/identity` {{(pid=62283) log_request_info /opt/stack/keystone/keystone/server/flask/request_processing/req_logging.py:27}}
Mar 10 14:49:57 ubuntu devstack@keystone.service[62283]: DEBUG keystone.server.flask.request_processing.req_logging [None req-30f1a882-f0e0-4cd5-a957-23aa61648a7c None admin] PATH_INFO: `/v3/domains/default` {{(pid=62283) log_request_info /opt/stack/keystone/keystone/server/flask/request_processing/req_logging.py:28}}
Mar 10 14:49:57 ubuntu devstack@keystone.service[62283]: DEBUG keystone.common.rbac_enforcer.enforcer [None req-30f1a882-f0e0-4cd5-a957-23aa61648a7c None admin] RBAC: Authorizing `identity:get_domain(domain_id=default)` {{(pid=62283) enforce_call /opt/stack/keystone/keystone/common/rbac_enforcer/enforcer.py:494}}
Mar 10 14:49:57 ubuntu devstack@keystone.service[62283]: DEBUG keystone.common.rbac_enforcer.enforcer [None req-30f1a882-f0e0-4cd5-a957-23aa61648a7c None admin] RBAC: Authorization granted {{(pid=62283) enforce_call /opt/stack/keystone/keystone/common/rbac_enforcer/enforcer.py:505}}
Mar 10 14:49:57 ubuntu devstack@keystone.service[62283]: [pid: 62283|app: 0|req: 22/45] 10.120.125.143 () {58 vars in 1176 bytes} [Tue Mar 10 14:49:57 2026] GET /identity/v3/domains/default => generated 200 bytes in 81 msecs (HTTP/1.1 200) 5 headers in 177 bytes (2 switches on core 0)
Mar 10 14:49:57 ubuntu devstack@keystone.service[62284]: DEBUG keystone.server.flask.request_processing.middleware.auth_context [None req-eb7e3680-8808-4d81-bdd9-0a9feab5eaf1 None admin] Validating token access rules against request {{(pid=62284) validate_allowed_request /opt/stack/data/venv/lib/python3.12/site-packages/keystonemiddleware/auth_token/__init__.py:545}}
Mar 10 14:49:57 ubuntu devstack@keystone.service[62284]: DEBUG keystone.server.flask.request_processing.middleware.auth_context [None req-7e21546d-8a7b-4dce-ba47-32507722eaaf None admin] RBAC: auth_context: {'token': <TokenModel (audit_id=xZFyWewMR1uRGFPh-APhvg, audit_chain_id=['xZFyWewMR1uRGFPh-APhvg']) at 0x76dcc1a4bec0>, 'domain_id': None, 'trust_id': None, 'trustor_id': None, 'trustee_id': None, 'domain_name': None, 'group_ids': [], 'user_id': 'acde924262134a989ca64746e1fc2594', 'user_domain_id': 'default', 'system_scope': 'all', 'project_id': None, 'project_domain_id': None, 'roles': ['admin', 'manager', 'member', 'reader'], 'is_admin_project': True, 'service_user_id': None, 'service_user_domain_id': None, 'service_project_id': None, 'service_project_domain_id': None, 'service_roles': []} {{(pid=62284) fill_context /opt/stack/keystone/keystone/server/flask/request_processing/middleware/auth_context.py:509}}
Mar 10 14:49:57 ubuntu devstack@keystone.service[62284]: DEBUG keystone.server.flask.request_processing.req_logging [None req-7e21546d-8a7b-4dce-ba47-32507722eaaf None admin] REQUEST_METHOD: `POST` {{(pid=62284) log_request_info /opt/stack/keystone/keystone/server/flask/request_processing/req_logging.py:26}}
Mar 10 14:49:57 ubuntu devstack@keystone.service[62284]: DEBUG keystone.server.flask.request_processing.req_logging [None req-7e21546d-8a7b-4dce-ba47-32507722eaaf None admin] SCRIPT_NAME: `/identity` {{(pid=62284) log_request_info /opt/stack/keystone/keystone/server/flask/request_processing/req_logging.py:27}}
Mar 10 14:49:57 ubuntu devstack@keystone.service[62284]: DEBUG keystone.server.flask.request_processing.req_logging [None req-7e21546d-8a7b-4dce-ba47-32507722eaaf None admin] PATH_INFO: `/v3/roles` {{(pid=62284) log_request_info /opt/stack/keystone/keystone/server/flask/request_processing/req_logging.py:28}}
Mar 10 14:49:57 ubuntu devstack@keystone.service[62284]: DEBUG keystone.common.rbac_enforcer.enforcer [None req-7e21546d-8a7b-4dce-ba47-32507722eaaf None admin] RBAC: Authorizing `identity:create_role()` {{(pid=62284) enforce_call /opt/stack/keystone/keystone/common/rbac_enforcer/enforcer.py:494}}
Mar 10 14:49:57 ubuntu devstack@keystone.service[62284]: DEBUG keystone.common.rbac_enforcer.enforcer [None req-7e21546d-8a7b-4dce-ba47-32507722eaaf None admin] RBAC: Authorization granted {{(pid=62284) enforce_call /opt/stack/keystone/keystone/common/rbac_enforcer/enforcer.py:505}}
Mar 10 14:49:57 ubuntu devstack@keystone.service[62283]: DEBUG keystone.server.flask.request_processing.middleware.auth_context [None req-30f1a882-f0e0-4cd5-a957-23aa61648a7c None admin] Authenticating user token {{(pid=62283) process_request /opt/stack/data/venv/lib/python3.12/site-packages/keystonemiddleware/auth_token/__init__.py:407}}
Mar 10 14:49:57 ubuntu devstack@keystone.service[62284]: [pid: 62284|app: 0|req: 24/46] 10.120.125.143 () {62 vars in 1199 bytes} [Tue Mar 10 14:49:57 2026] POST /identity/v3/roles => generated 224 bytes in 92 msecs (HTTP/1.1 201) 5 headers in 182 bytes (1 switches on core 0)
Mar 10 14:49:57 ubuntu devstack@keystone.service[62283]: DEBUG keystone.server.flask.request_processing.middleware.auth_context [None req-30f1a882-f0e0-4cd5-a957-23aa61648a7c None admin] Validating token access rules against request {{(pid=62283) validate_allowed_request /opt/stack/data/venv/lib/python3.12/site-packages/keystonemiddleware/auth_token/__init__.py:545}}
Mar 10 14:49:57 ubuntu devstack@keystone.service[62284]: DEBUG keystone.server.flask.request_processing.middleware.auth_context [None req-7e21546d-8a7b-4dce-ba47-32507722eaaf None admin] Authenticating user token {{(pid=62284) process_request /opt/stack/data/venv/lib/python3.12/site-packages/keystonemiddleware/auth_token/__init__.py:407}}
Mar 10 14:49:57 ubuntu devstack@keystone.service[62283]: DEBUG keystone.server.flask.request_processing.middleware.auth_context [None req-7207cbae-a1a6-4b90-8d34-0c85432f410d None admin] RBAC: auth_context: {'token': <TokenModel (audit_id=1jH8dW7OQZagSooJhN40bQ, audit_chain_id=['1jH8dW7OQZagSooJhN40bQ']) at 0x76dcc1e7fe00>, 'domain_id': None, 'trust_id': None, 'trustor_id': None, 'trustee_id': None, 'domain_name': None, 'group_ids': [], 'user_id': 'acde924262134a989ca64746e1fc2594', 'user_domain_id': 'default', 'system_scope': 'all', 'project_id': None, 'project_domain_id': None, 'roles': ['admin', 'manager', 'member', 'reader'], 'is_admin_project': True, 'service_user_id': None, 'service_user_domain_id': None, 'service_project_id': None, 'service_project_domain_id': None, 'service_roles': []} {{(pid=62283) fill_context /opt/stack/keystone/keystone/server/flask/request_processing/middleware/auth_context.py:509}}
Mar 10 14:49:57 ubuntu devstack@keystone.service[62283]: DEBUG keystone.server.flask.request_processing.req_logging [None req-7207cbae-a1a6-4b90-8d34-0c85432f410d None admin] REQUEST_METHOD: `GET` {{(pid=62283) log_request_info /opt/stack/keystone/keystone/server/flask/request_processing/req_logging.py:26}}
Mar 10 14:49:57 ubuntu devstack@keystone.service[62283]: DEBUG keystone.server.flask.request_processing.req_logging [None req-7207cbae-a1a6-4b90-8d34-0c85432f410d None admin] SCRIPT_NAME: `/identity` {{(pid=62283) log_request_info /opt/stack/keystone/keystone/server/flask/request_processing/req_logging.py:27}}
Mar 10 14:49:57 ubuntu devstack@keystone.service[62283]: DEBUG keystone.server.flask.request_processing.req_logging [None req-7207cbae-a1a6-4b90-8d34-0c85432f410d None admin] PATH_INFO: `/v3/domains/default` {{(pid=62283) log_request_info /opt/stack/keystone/keystone/server/flask/request_processing/req_logging.py:28}}
Mar 10 14:49:57 ubuntu devstack@keystone.service[62283]: DEBUG keystone.common.rbac_enforcer.enforcer [None req-7207cbae-a1a6-4b90-8d34-0c85432f410d None admin] RBAC: Authorizing `identity:get_domain(domain_id=default)` {{(pid=62283) enforce_call /opt/stack/keystone/keystone/common/rbac_enforcer/enforcer.py:494}}
Mar 10 14:49:57 ubuntu devstack@keystone.service[62283]: DEBUG keystone.common.rbac_enforcer.enforcer [None req-7207cbae-a1a6-4b90-8d34-0c85432f410d None admin] RBAC: Authorization granted {{(pid=62283) enforce_call /opt/stack/keystone/keystone/common/rbac_enforcer/enforcer.py:505}}
Mar 10 14:49:57 ubuntu devstack@keystone.service[62283]: [pid: 62283|app: 0|req: 23/47] 10.120.125.143 () {58 vars in 1176 bytes} [Tue Mar 10 14:49:57 2026] GET /identity/v3/domains/default => generated 200 bytes in 73 msecs (HTTP/1.1 200) 5 headers in 177 bytes (1 switches on core 0)
Mar 10 14:49:57 ubuntu devstack@keystone.service[62284]: DEBUG keystone.server.flask.request_processing.middleware.auth_context [None req-7e21546d-8a7b-4dce-ba47-32507722eaaf None admin] Validating token access rules against request {{(pid=62284) validate_allowed_request /opt/stack/data/venv/lib/python3.12/site-packages/keystonemiddleware/auth_token/__init__.py:545}}
Mar 10 14:49:58 ubuntu devstack@keystone.service[62284]: DEBUG keystone.server.flask.request_processing.middleware.auth_context [None req-0d71b22c-1abd-43a9-bef6-67dc26f413cc None admin] RBAC: auth_context: {'token': <TokenModel (audit_id=d6y_WUkMRBGFg2rX1Fe1zg, audit_chain_id=['d6y_WUkMRBGFg2rX1Fe1zg']) at 0x76dcc1a48f50>, 'domain_id': None, 'trust_id': None, 'trustor_id': None, 'trustee_id': None, 'domain_name': None, 'group_ids': [], 'user_id': 'acde924262134a989ca64746e1fc2594', 'user_domain_id': 'default', 'system_scope': 'all', 'project_id': None, 'project_domain_id': None, 'roles': ['admin', 'manager', 'member', 'reader'], 'is_admin_project': True, 'service_user_id': None, 'service_user_domain_id': None, 'service_project_id': None, 'service_project_domain_id': None, 'service_roles': []} {{(pid=62284) fill_context /opt/stack/keystone/keystone/server/flask/request_processing/middleware/auth_context.py:509}}
