Mar 31 17:13:21 ubuntu devstack@keystone.service[67778]: DEBUG keystone.common.rbac_enforcer.enforcer [None req-fe452abc-27eb-4cdb-a145-af1eeb799729 None admin] RBAC: Authorization granted {{(pid=67778) enforce_call /opt/stack/keystone/keystone/common/rbac_enforcer/enforcer.py:505}}
Mar 31 17:13:21 ubuntu devstack@keystone.service[67778]: [pid: 67778|app: 0|req: 10/21] 10.120.125.144 () {58 vars in 1190 bytes} [Tue Mar 31 17:13:21 2026] GET /identity/v3/domains?name=Default => generated 310 bytes in 82 msecs (HTTP/1.1 200) 5 headers in 177 bytes (1 switches on core 0)
Mar 31 17:13:21 ubuntu devstack@keystone.service[67779]: DEBUG keystone.server.flask.request_processing.middleware.auth_context [None req-5b967da5-6b83-4694-9b8f-a3442dd4462a None admin] RBAC: auth_context: {'token': <TokenModel (audit_id=3AeRTdJQSgGWwgEUmgVktw, audit_chain_id=['3AeRTdJQSgGWwgEUmgVktw']) at 0x7c2c04b77200>, 'domain_id': None, 'trust_id': None, 'trustor_id': None, 'trustee_id': None, 'domain_name': None, 'group_ids': [], 'user_id': '94c6fecd66924dfe8775cb20b6ce4136', 'user_domain_id': 'default', 'system_scope': 'all', 'project_id': None, 'project_domain_id': None, 'roles': ['admin', 'manager', 'member', 'reader'], 'is_admin_project': True, 'service_user_id': None, 'service_user_domain_id': None, 'service_project_id': None, 'service_project_domain_id': None, 'service_roles': []} {{(pid=67779) fill_context /opt/stack/keystone/keystone/server/flask/request_processing/middleware/auth_context.py:509}}
Mar 31 17:13:21 ubuntu devstack@keystone.service[67779]: DEBUG keystone.server.flask.request_processing.req_logging [None req-5b967da5-6b83-4694-9b8f-a3442dd4462a None admin] REQUEST_METHOD: `PUT` {{(pid=67779) log_request_info /opt/stack/keystone/keystone/server/flask/request_processing/req_logging.py:26}}
Mar 31 17:13:21 ubuntu devstack@keystone.service[67779]: DEBUG keystone.server.flask.request_processing.req_logging [None req-5b967da5-6b83-4694-9b8f-a3442dd4462a None admin] SCRIPT_NAME: `/identity` {{(pid=67779) log_request_info /opt/stack/keystone/keystone/server/flask/request_processing/req_logging.py:27}}
Mar 31 17:13:21 ubuntu devstack@keystone.service[67779]: DEBUG keystone.server.flask.request_processing.req_logging [None req-5b967da5-6b83-4694-9b8f-a3442dd4462a None admin] PATH_INFO: `/v3/domains/default/users/94c6fecd66924dfe8775cb20b6ce4136/roles/e8ea5e49f9154295b58bf90727c5ebb5` {{(pid=67779) log_request_info /opt/stack/keystone/keystone/server/flask/request_processing/req_logging.py:28}}
Mar 31 17:13:21 ubuntu devstack@keystone.service[67779]: DEBUG keystone.common.rbac_enforcer.enforcer [None req-5b967da5-6b83-4694-9b8f-a3442dd4462a None admin] RBAC: Authorizing `identity:create_grant(domain_id=default, user_id=94c6fecd66924dfe8775cb20b6ce4136, role_id=e8ea5e49f9154295b58bf90727c5ebb5)` {{(pid=67779) enforce_call /opt/stack/keystone/keystone/common/rbac_enforcer/enforcer.py:494}}
Mar 31 17:13:21 ubuntu devstack@keystone.service[67779]: DEBUG keystone.common.rbac_enforcer.enforcer [None req-5b967da5-6b83-4694-9b8f-a3442dd4462a None admin] RBAC: Authorization granted {{(pid=67779) enforce_call /opt/stack/keystone/keystone/common/rbac_enforcer/enforcer.py:505}}
Mar 31 17:13:21 ubuntu devstack@keystone.service[67779]: [pid: 67779|app: 0|req: 12/22] 10.120.125.144 () {60 vars in 1429 bytes} [Tue Mar 31 17:13:21 2026] PUT /identity/v3/domains/default/users/94c6fecd66924dfe8775cb20b6ce4136/roles/e8ea5e49f9154295b58bf90727c5ebb5 => generated 0 bytes in 155 msecs (HTTP/1.1 204) 3 headers in 132 bytes (0 switches on core 0)
Mar 31 17:13:22 ubuntu devstack@keystone.service[67778]: DEBUG keystone.server.flask.request_processing.req_logging [None req-c380d9c8-7d56-4dc3-8715-170c6eaaf269 None None] REQUEST_METHOD: `GET` {{(pid=67778) log_request_info /opt/stack/keystone/keystone/server/flask/request_processing/req_logging.py:26}}
Mar 31 17:13:22 ubuntu devstack@keystone.service[67778]: DEBUG keystone.server.flask.request_processing.req_logging [None req-c380d9c8-7d56-4dc3-8715-170c6eaaf269 None None] SCRIPT_NAME: `/identity` {{(pid=67778) log_request_info /opt/stack/keystone/keystone/server/flask/request_processing/req_logging.py:27}}
Mar 31 17:13:22 ubuntu devstack@keystone.service[67778]: DEBUG keystone.server.flask.request_processing.req_logging [None req-c380d9c8-7d56-4dc3-8715-170c6eaaf269 None None] PATH_INFO: `/` {{(pid=67778) log_request_info /opt/stack/keystone/keystone/server/flask/request_processing/req_logging.py:28}}
Mar 31 17:13:22 ubuntu devstack@keystone.service[67778]: [pid: 67778|app: 0|req: 11/23] 10.120.125.144 () {56 vars in 951 bytes} [Tue Mar 31 17:13:22 2026] GET /identity => generated 271 bytes in 3 msecs (HTTP/1.1 300) 6 headers in 235 bytes (1 switches on core 0)
Mar 31 17:13:22 ubuntu devstack@keystone.service[67779]: DEBUG keystone.server.flask.request_processing.req_logging [None req-07c2eb2a-1833-41ed-a071-aaf63ce57214 None None] REQUEST_METHOD: `GET` {{(pid=67779) log_request_info /opt/stack/keystone/keystone/server/flask/request_processing/req_logging.py:26}}
Mar 31 17:13:22 ubuntu devstack@keystone.service[67779]: DEBUG keystone.server.flask.request_processing.req_logging [None req-07c2eb2a-1833-41ed-a071-aaf63ce57214 None None] SCRIPT_NAME: `/identity` {{(pid=67779) log_request_info /opt/stack/keystone/keystone/server/flask/request_processing/req_logging.py:27}}
Mar 31 17:13:22 ubuntu devstack@keystone.service[67779]: DEBUG keystone.server.flask.request_processing.req_logging [None req-07c2eb2a-1833-41ed-a071-aaf63ce57214 None None] PATH_INFO: `/` {{(pid=67779) log_request_info /opt/stack/keystone/keystone/server/flask/request_processing/req_logging.py:28}}
Mar 31 17:13:22 ubuntu devstack@keystone.service[67779]: [pid: 67779|app: 0|req: 13/24] 10.120.125.144 () {56 vars in 951 bytes} [Tue Mar 31 17:13:22 2026] GET /identity => generated 271 bytes in 2 msecs (HTTP/1.1 300) 6 headers in 235 bytes (1 switches on core 0)
Mar 31 17:13:23 ubuntu devstack@keystone.service[67778]: DEBUG keystone.server.flask.request_processing.req_logging [None req-0f893283-0006-411c-b360-3f2c172de437 None None] REQUEST_METHOD: `POST` {{(pid=67778) log_request_info /opt/stack/keystone/keystone/server/flask/request_processing/req_logging.py:26}}
Mar 31 17:13:23 ubuntu devstack@keystone.service[67778]: DEBUG keystone.server.flask.request_processing.req_logging [None req-0f893283-0006-411c-b360-3f2c172de437 None None] SCRIPT_NAME: `/identity` {{(pid=67778) log_request_info /opt/stack/keystone/keystone/server/flask/request_processing/req_logging.py:27}}
Mar 31 17:13:23 ubuntu devstack@keystone.service[67778]: DEBUG keystone.server.flask.request_processing.req_logging [None req-0f893283-0006-411c-b360-3f2c172de437 None None] PATH_INFO: `/v3/auth/tokens` {{(pid=67778) log_request_info /opt/stack/keystone/keystone/server/flask/request_processing/req_logging.py:28}}
Mar 31 17:13:23 ubuntu devstack@keystone.service[67778]: WARNING keystone.common.password_hashing [None req-0f893283-0006-411c-b360-3f2c172de437 None None] Truncating password to algorithm specific maximum length 72 characters.
Mar 31 17:13:23 ubuntu devstack@keystone.service[67778]: DEBUG keystone.auth.core [None req-0f893283-0006-411c-b360-3f2c172de437 None None] MFA Rules not processed for user `94c6fecd66924dfe8775cb20b6ce4136`. Rule list: `[]` (Enabled: `True`). {{(pid=67778) check_auth_methods_against_rules /opt/stack/keystone/keystone/auth/core.py:476}}
Mar 31 17:13:23 ubuntu devstack@keystone.service[67778]: DEBUG keystone.common.fernet_utils [None req-0f893283-0006-411c-b360-3f2c172de437 None None] Loaded 2 Fernet keys from /etc/keystone/fernet-keys/, but `[fernet_tokens] max_active_keys = 3`; perhaps there have not been enough key rotations to reach `max_active_keys` yet? {{(pid=67778) load_keys /opt/stack/keystone/keystone/common/fernet_utils.py:297}}
Mar 31 17:13:23 ubuntu devstack@keystone.service[67779]: DEBUG keystone.server.flask.request_processing.req_logging [None req-c878dc20-0d16-4de0-bfe7-85d543c59f5d None None] REQUEST_METHOD: `GET` {{(pid=67779) log_request_info /opt/stack/keystone/keystone/server/flask/request_processing/req_logging.py:26}}
Mar 31 17:13:23 ubuntu devstack@keystone.service[67779]: DEBUG keystone.server.flask.request_processing.req_logging [None req-c878dc20-0d16-4de0-bfe7-85d543c59f5d None None] SCRIPT_NAME: `/identity` {{(pid=67779) log_request_info /opt/stack/keystone/keystone/server/flask/request_processing/req_logging.py:27}}
Mar 31 17:13:23 ubuntu devstack@keystone.service[67779]: DEBUG keystone.server.flask.request_processing.req_logging [None req-c878dc20-0d16-4de0-bfe7-85d543c59f5d None None] PATH_INFO: `/` {{(pid=67779) log_request_info /opt/stack/keystone/keystone/server/flask/request_processing/req_logging.py:28}}
Mar 31 17:13:23 ubuntu devstack@keystone.service[67779]: [pid: 67779|app: 0|req: 14/25] 10.120.125.144 () {56 vars in 951 bytes} [Tue Mar 31 17:13:23 2026] GET /identity => generated 271 bytes in 1 msecs (HTTP/1.1 300) 6 headers in 235 bytes (1 switches on core 0)
Mar 31 17:13:23 ubuntu devstack@keystone.service[67778]: [pid: 67778|app: 0|req: 12/26] 10.120.125.144 () {60 vars in 1048 bytes} [Tue Mar 31 17:13:23 2026] POST /identity/v3/auth/tokens => generated 863 bytes in 47 msecs (HTTP/1.1 201) 6 headers in 363 bytes (1 switches on core 0)
Mar 31 17:13:23 ubuntu devstack@keystone.service[67779]: DEBUG keystone.server.flask.request_processing.req_logging [None req-51b3ef2b-75c4-469c-965e-931a9f5eaefe None None] REQUEST_METHOD: `POST` {{(pid=67779) log_request_info /opt/stack/keystone/keystone/server/flask/request_processing/req_logging.py:26}}
Mar 31 17:13:23 ubuntu devstack@keystone.service[67779]: DEBUG keystone.server.flask.request_processing.req_logging [None req-51b3ef2b-75c4-469c-965e-931a9f5eaefe None None] SCRIPT_NAME: `/identity` {{(pid=67779) log_request_info /opt/stack/keystone/keystone/server/flask/request_processing/req_logging.py:27}}
Mar 31 17:13:23 ubuntu devstack@keystone.service[67779]: DEBUG keystone.server.flask.request_processing.req_logging [None req-51b3ef2b-75c4-469c-965e-931a9f5eaefe None None] PATH_INFO: `/v3/auth/tokens` {{(pid=67779) log_request_info /opt/stack/keystone/keystone/server/flask/request_processing/req_logging.py:28}}
Mar 31 17:13:23 ubuntu devstack@keystone.service[67779]: WARNING keystone.common.password_hashing [None req-51b3ef2b-75c4-469c-965e-931a9f5eaefe None None] Truncating password to algorithm specific maximum length 72 characters.
Mar 31 17:13:23 ubuntu devstack@keystone.service[67779]: DEBUG keystone.auth.core [None req-51b3ef2b-75c4-469c-965e-931a9f5eaefe None None] MFA Rules not processed for user `94c6fecd66924dfe8775cb20b6ce4136`. Rule list: `[]` (Enabled: `True`). {{(pid=67779) check_auth_methods_against_rules /opt/stack/keystone/keystone/auth/core.py:476}}
Mar 31 17:13:23 ubuntu devstack@keystone.service[67779]: DEBUG keystone.common.fernet_utils [None req-51b3ef2b-75c4-469c-965e-931a9f5eaefe None None] Loaded 2 Fernet keys from /etc/keystone/fernet-keys/, but `[fernet_tokens] max_active_keys = 3`; perhaps there have not been enough key rotations to reach `max_active_keys` yet? {{(pid=67779) load_keys /opt/stack/keystone/keystone/common/fernet_utils.py:297}}
Mar 31 17:13:23 ubuntu devstack@keystone.service[67779]: [pid: 67779|app: 0|req: 15/27] 10.120.125.144 () {60 vars in 1048 bytes} [Tue Mar 31 17:13:23 2026] POST /identity/v3/auth/tokens => generated 863 bytes in 58 msecs (HTTP/1.1 201) 6 headers in 363 bytes (1 switches on core 0)
Mar 31 17:13:23 ubuntu devstack@keystone.service[67778]: DEBUG keystone.server.flask.request_processing.req_logging [None req-de1a2b37-1bc4-4da5-b182-641f9252d78e None None] REQUEST_METHOD: `GET` {{(pid=67778) log_request_info /opt/stack/keystone/keystone/server/flask/request_processing/req_logging.py:26}}
Mar 31 17:13:23 ubuntu devstack@keystone.service[67778]: DEBUG keystone.server.flask.request_processing.req_logging [None req-de1a2b37-1bc4-4da5-b182-641f9252d78e None None] SCRIPT_NAME: `/identity` {{(pid=67778) log_request_info /opt/stack/keystone/keystone/server/flask/request_processing/req_logging.py:27}}
Mar 31 17:13:23 ubuntu devstack@keystone.service[67778]: DEBUG keystone.server.flask.request_processing.req_logging [None req-de1a2b37-1bc4-4da5-b182-641f9252d78e None None] PATH_INFO: `/` {{(pid=67778) log_request_info /opt/stack/keystone/keystone/server/flask/request_processing/req_logging.py:28}}
Mar 31 17:13:23 ubuntu devstack@keystone.service[67778]: [pid: 67778|app: 0|req: 13/28] 10.120.125.144 () {56 vars in 951 bytes} [Tue Mar 31 17:13:23 2026] GET /identity => generated 271 bytes in 1 msecs (HTTP/1.1 300) 6 headers in 235 bytes (1 switches on core 0)
Mar 31 17:13:23 ubuntu devstack@keystone.service[67779]: DEBUG keystone.server.flask.request_processing.req_logging [None req-fd027d1e-02d1-47b0-9c12-6f65bdb6aad2 None None] REQUEST_METHOD: `POST` {{(pid=67779) log_request_info /opt/stack/keystone/keystone/server/flask/request_processing/req_logging.py:26}}
Mar 31 17:13:23 ubuntu devstack@keystone.service[67779]: DEBUG keystone.server.flask.request_processing.req_logging [None req-fd027d1e-02d1-47b0-9c12-6f65bdb6aad2 None None] SCRIPT_NAME: `/identity` {{(pid=67779) log_request_info /opt/stack/keystone/keystone/server/flask/request_processing/req_logging.py:27}}
Mar 31 17:13:23 ubuntu devstack@keystone.service[67779]: DEBUG keystone.server.flask.request_processing.req_logging [None req-fd027d1e-02d1-47b0-9c12-6f65bdb6aad2 None None] PATH_INFO: `/v3/auth/tokens` {{(pid=67779) log_request_info /opt/stack/keystone/keystone/server/flask/request_processing/req_logging.py:28}}
Mar 31 17:13:23 ubuntu devstack@keystone.service[67779]: WARNING keystone.common.password_hashing [None req-fd027d1e-02d1-47b0-9c12-6f65bdb6aad2 None None] Truncating password to algorithm specific maximum length 72 characters.
Mar 31 17:13:23 ubuntu devstack@keystone.service[67779]: DEBUG keystone.auth.core [None req-fd027d1e-02d1-47b0-9c12-6f65bdb6aad2 None None] MFA Rules not processed for user `94c6fecd66924dfe8775cb20b6ce4136`. Rule list: `[]` (Enabled: `True`). {{(pid=67779) check_auth_methods_against_rules /opt/stack/keystone/keystone/auth/core.py:476}}
Mar 31 17:13:23 ubuntu devstack@keystone.service[67779]: DEBUG keystone.common.fernet_utils [None req-fd027d1e-02d1-47b0-9c12-6f65bdb6aad2 None None] Loaded 2 Fernet keys from /etc/keystone/fernet-keys/, but `[fernet_tokens] max_active_keys = 3`; perhaps there have not been enough key rotations to reach `max_active_keys` yet? {{(pid=67779) load_keys /opt/stack/keystone/keystone/common/fernet_utils.py:297}}
Mar 31 17:13:23 ubuntu devstack@keystone.service[67779]: [pid: 67779|app: 0|req: 16/29] 10.120.125.144 () {60 vars in 1048 bytes} [Tue Mar 31 17:13:23 2026] POST /identity/v3/auth/tokens => generated 863 bytes in 62 msecs (HTTP/1.1 201) 6 headers in 363 bytes (1 switches on core 0)
Mar 31 17:13:23 ubuntu devstack@keystone.service[67778]: DEBUG keystone.server.flask.request_processing.req_logging [None req-6be6f9ea-1c3d-4108-84bb-00e25b72e344 None None] REQUEST_METHOD: `POST` {{(pid=67778) log_request_info /opt/stack/keystone/keystone/server/flask/request_processing/req_logging.py:26}}
Mar 31 17:13:23 ubuntu devstack@keystone.service[67778]: DEBUG keystone.server.flask.request_processing.req_logging [None req-6be6f9ea-1c3d-4108-84bb-00e25b72e344 None None] SCRIPT_NAME: `/identity` {{(pid=67778) log_request_info /opt/stack/keystone/keystone/server/flask/request_processing/req_logging.py:27}}
Mar 31 17:13:23 ubuntu devstack@keystone.service[67778]: DEBUG keystone.server.flask.request_processing.req_logging [None req-6be6f9ea-1c3d-4108-84bb-00e25b72e344 None None] PATH_INFO: `/v3/auth/tokens` {{(pid=67778) log_request_info /opt/stack/keystone/keystone/server/flask/request_processing/req_logging.py:28}}
Mar 31 17:13:23 ubuntu devstack@keystone.service[67778]: WARNING keystone.common.password_hashing [None req-6be6f9ea-1c3d-4108-84bb-00e25b72e344 None None] Truncating password to algorithm specific maximum length 72 characters.
Mar 31 17:13:23 ubuntu devstack@keystone.service[67778]: DEBUG keystone.auth.core [None req-6be6f9ea-1c3d-4108-84bb-00e25b72e344 None None] MFA Rules not processed for user `94c6fecd66924dfe8775cb20b6ce4136`. Rule list: `[]` (Enabled: `True`). {{(pid=67778) check_auth_methods_against_rules /opt/stack/keystone/keystone/auth/core.py:476}}
Mar 31 17:13:23 ubuntu devstack@keystone.service[67778]: DEBUG keystone.common.fernet_utils [None req-6be6f9ea-1c3d-4108-84bb-00e25b72e344 None None] Loaded 2 Fernet keys from /etc/keystone/fernet-keys/, but `[fernet_tokens] max_active_keys = 3`; perhaps there have not been enough key rotations to reach `max_active_keys` yet? {{(pid=67778) load_keys /opt/stack/keystone/keystone/common/fernet_utils.py:297}}
Mar 31 17:13:23 ubuntu devstack@keystone.service[67779]: DEBUG keystone.server.flask.request_processing.req_logging [None req-465a2538-99b5-4702-86ef-68a913c927bd None None] REQUEST_METHOD: `GET` {{(pid=67779) log_request_info /opt/stack/keystone/keystone/server/flask/request_processing/req_logging.py:26}}
Mar 31 17:13:23 ubuntu devstack@keystone.service[67779]: DEBUG keystone.server.flask.request_processing.req_logging [None req-465a2538-99b5-4702-86ef-68a913c927bd None None] SCRIPT_NAME: `/identity` {{(pid=67779) log_request_info /opt/stack/keystone/keystone/server/flask/request_processing/req_logging.py:27}}
Mar 31 17:13:23 ubuntu devstack@keystone.service[67779]: DEBUG keystone.server.flask.request_processing.req_logging [None req-465a2538-99b5-4702-86ef-68a913c927bd None None] PATH_INFO: `/` {{(pid=67779) log_request_info /opt/stack/keystone/keystone/server/flask/request_processing/req_logging.py:28}}
Mar 31 17:13:23 ubuntu devstack@keystone.service[67779]: [pid: 67779|app: 0|req: 17/30] 10.120.125.144 () {56 vars in 951 bytes} [Tue Mar 31 17:13:23 2026] GET /identity => generated 271 bytes in 3 msecs (HTTP/1.1 300) 6 headers in 235 bytes (1 switches on core 0)
Mar 31 17:13:23 ubuntu devstack@keystone.service[67778]: [pid: 67778|app: 0|req: 14/31] 10.120.125.144 () {60 vars in 1048 bytes} [Tue Mar 31 17:13:23 2026] POST /identity/v3/auth/tokens => generated 863 bytes in 61 msecs (HTTP/1.1 201) 6 headers in 363 bytes (1 switches on core 0)
Mar 31 17:13:23 ubuntu devstack@keystone.service[67779]: DEBUG keystone.server.flask.request_processing.middleware.auth_context [None req-465a2538-99b5-4702-86ef-68a913c927bd None None] Authenticating user token {{(pid=67779) process_request /opt/stack/data/venv/lib/python3.12/site-packages/keystonemiddleware/auth_token/__init__.py:407}}
Mar 31 17:13:23 ubuntu devstack@keystone.service[67778]: DEBUG keystone.server.flask.request_processing.req_logging [None req-3e9d6664-e605-4743-9db4-a92c1dc0bf40 None None] REQUEST_METHOD: `POST` {{(pid=67778) log_request_info /opt/stack/keystone/keystone/server/flask/request_processing/req_logging.py:26}}
Mar 31 17:13:23 ubuntu devstack@keystone.service[67778]: DEBUG keystone.server.flask.request_processing.req_logging [None req-3e9d6664-e605-4743-9db4-a92c1dc0bf40 None None] SCRIPT_NAME: `/identity` {{(pid=67778) log_request_info /opt/stack/keystone/keystone/server/flask/request_processing/req_logging.py:27}}
Mar 31 17:13:23 ubuntu devstack@keystone.service[67778]: DEBUG keystone.server.flask.request_processing.req_logging [None req-3e9d6664-e605-4743-9db4-a92c1dc0bf40 None None] PATH_INFO: `/v3/auth/tokens` {{(pid=67778) log_request_info /opt/stack/keystone/keystone/server/flask/request_processing/req_logging.py:28}}
Mar 31 17:13:23 ubuntu devstack@keystone.service[67779]: DEBUG keystone.server.flask.request_processing.middleware.auth_context [None req-465a2538-99b5-4702-86ef-68a913c927bd None None] Validating token access rules against request {{(pid=67779) validate_allowed_request /opt/stack/data/venv/lib/python3.12/site-packages/keystonemiddleware/auth_token/__init__.py:545}}
Mar 31 17:13:23 ubuntu devstack@keystone.service[67778]: WARNING keystone.common.password_hashing [None req-3e9d6664-e605-4743-9db4-a92c1dc0bf40 None None] Truncating password to algorithm specific maximum length 72 characters.
Mar 31 17:13:23 ubuntu devstack@keystone.service[67778]: DEBUG keystone.auth.core [None req-3e9d6664-e605-4743-9db4-a92c1dc0bf40 None None] MFA Rules not processed for user `94c6fecd66924dfe8775cb20b6ce4136`. Rule list: `[]` (Enabled: `True`). {{(pid=67778) check_auth_methods_against_rules /opt/stack/keystone/keystone/auth/core.py:476}}
Mar 31 17:13:23 ubuntu devstack@keystone.service[67778]: DEBUG keystone.common.fernet_utils [None req-3e9d6664-e605-4743-9db4-a92c1dc0bf40 None None] Loaded 2 Fernet keys from /etc/keystone/fernet-keys/, but `[fernet_tokens] max_active_keys = 3`; perhaps there have not been enough key rotations to reach `max_active_keys` yet? {{(pid=67778) load_keys /opt/stack/keystone/keystone/common/fernet_utils.py:297}}
Mar 31 17:13:23 ubuntu devstack@keystone.service[67779]: DEBUG keystone.server.flask.request_processing.middleware.auth_context [None req-1334ebee-41b2-41c0-bc41-bcd3c28dbb27 None admin] RBAC: auth_context: {'token': <TokenModel (audit_id=HBj-rQPvTEK11W19kXbPTw, audit_chain_id=['HBj-rQPvTEK11W19kXbPTw']) at 0x7c2c0546fe60>, 'domain_id': None, 'trust_id': None, 'trustor_id': None, 'trustee_id': None, 'domain_name': None, 'group_ids': [], 'user_id': '94c6fecd66924dfe8775cb20b6ce4136', 'user_domain_id': 'default', 'system_scope': 'all', 'project_id': None, 'project_domain_id': None, 'roles': ['admin', 'manager', 'member', 'reader'], 'is_admin_project': True, 'service_user_id': None, 'service_user_domain_id': None, 'service_project_id': None, 'service_project_domain_id': None, 'service_roles': []} {{(pid=67779) fill_context /opt/stack/keystone/keystone/server/flask/request_processing/middleware/auth_context.py:509}}
Mar 31 17:13:23 ubuntu devstack@keystone.service[67779]: DEBUG keystone.server.flask.request_processing.req_logging [None req-1334ebee-41b2-41c0-bc41-bcd3c28dbb27 None admin] REQUEST_METHOD: `GET` {{(pid=67779) log_request_info /opt/stack/keystone/keystone/server/flask/request_processing/req_logging.py:26}}
Mar 31 17:13:23 ubuntu devstack@keystone.service[67779]: DEBUG keystone.server.flask.request_processing.req_logging [None req-1334ebee-41b2-41c0-bc41-bcd3c28dbb27 None admin] SCRIPT_NAME: `/identity` {{(pid=67779) log_request_info /opt/stack/keystone/keystone/server/flask/request_processing/req_logging.py:27}}
Mar 31 17:13:23 ubuntu devstack@keystone.service[67779]: DEBUG keystone.server.flask.request_processing.req_logging [None req-1334ebee-41b2-41c0-bc41-bcd3c28dbb27 None admin] PATH_INFO: `/v3/domains/Default` {{(pid=67779) log_request_info /opt/stack/keystone/keystone/server/flask/request_processing/req_logging.py:28}}
Mar 31 17:13:23 ubuntu devstack@keystone.service[67779]: DEBUG keystone.common.rbac_enforcer.enforcer [None req-1334ebee-41b2-41c0-bc41-bcd3c28dbb27 None admin] RBAC: Authorizing `identity:get_domain(domain_id=Default)` {{(pid=67779) enforce_call /opt/stack/keystone/keystone/common/rbac_enforcer/enforcer.py:494}}
Mar 31 17:13:23 ubuntu devstack@keystone.service[67779]: DEBUG keystone.common.rbac_enforcer.enforcer [None req-1334ebee-41b2-41c0-bc41-bcd3c28dbb27 None admin] RBAC: Authorization granted {{(pid=67779) enforce_call /opt/stack/keystone/keystone/common/rbac_enforcer/enforcer.py:505}}
Mar 31 17:13:23 ubuntu devstack@keystone.service[67779]: DEBUG keystone.server.flask.application [None req-1334ebee-41b2-41c0-bc41-bcd3c28dbb27 None admin] Could not find domain: Default. {{(pid=67779) _handle_keystone_exception /opt/stack/keystone/keystone/server/flask/application.py:146}}
Mar 31 17:13:23 ubuntu devstack@keystone.service[67779]: [pid: 67779|app: 0|req: 18/32] 10.120.125.144 () {58 vars in 1176 bytes} [Tue Mar 31 17:13:23 2026] GET /identity/v3/domains/Default => generated 87 bytes in 112 msecs (HTTP/1.1 404) 5 headers in 183 bytes (1 switches on core 0)
Mar 31 17:13:23 ubuntu devstack@keystone.service[67778]: [pid: 67778|app: 0|req: 15/33] 10.120.125.144 () {60 vars in 1048 bytes} [Tue Mar 31 17:13:23 2026] POST /identity/v3/auth/tokens => generated 863 bytes in 81 msecs (HTTP/1.1 201) 6 headers in 363 bytes (1 switches on core 0)
Mar 31 17:13:23 ubuntu devstack@keystone.service[67779]: DEBUG keystone.server.flask.request_processing.req_logging [None req-8dd0b8cb-53bc-4322-8336-d38ee4dd1ce1 None None] REQUEST_METHOD: `GET` {{(pid=67779) log_request_info /opt/stack/keystone/keystone/server/flask/request_processing/req_logging.py:26}}
Mar 31 17:13:23 ubuntu devstack@keystone.service[67779]: DEBUG keystone.server.flask.request_processing.req_logging [None req-8dd0b8cb-53bc-4322-8336-d38ee4dd1ce1 None None] SCRIPT_NAME: `/identity` {{(pid=67779) log_request_info /opt/stack/keystone/keystone/server/flask/request_processing/req_logging.py:27}}
Mar 31 17:13:23 ubuntu devstack@keystone.service[67779]: DEBUG keystone.server.flask.request_processing.req_logging [None req-8dd0b8cb-53bc-4322-8336-d38ee4dd1ce1 None None] PATH_INFO: `/` {{(pid=67779) log_request_info /opt/stack/keystone/keystone/server/flask/request_processing/req_logging.py:28}}
Mar 31 17:13:23 ubuntu devstack@keystone.service[67779]: [pid: 67779|app: 0|req: 19/34] 10.120.125.144 () {56 vars in 951 bytes} [Tue Mar 31 17:13:23 2026] GET /identity => generated 271 bytes in 2 msecs (HTTP/1.1 300) 6 headers in 235 bytes (1 switches on core 0)
Mar 31 17:13:23 ubuntu devstack@keystone.service[67778]: DEBUG keystone.server.flask.request_processing.middleware.auth_context [None req-3e9d6664-e605-4743-9db4-a92c1dc0bf40 None None] Authenticating user token {{(pid=67778) process_request /opt/stack/data/venv/lib/python3.12/site-packages/keystonemiddleware/auth_token/__init__.py:407}}
Mar 31 17:13:23 ubuntu devstack@keystone.service[67779]: DEBUG keystone.server.flask.request_processing.middleware.auth_context [None req-8dd0b8cb-53bc-4322-8336-d38ee4dd1ce1 None None] Authenticating user token {{(pid=67779) process_request /opt/stack/data/venv/lib/python3.12/site-packages/keystonemiddleware/auth_token/__init__.py:407}}
Mar 31 17:13:23 ubuntu devstack@keystone.service[67778]: DEBUG keystone.server.flask.request_processing.middleware.auth_context [None req-3e9d6664-e605-4743-9db4-a92c1dc0bf40 None None] Validating token access rules against request {{(pid=67778) validate_allowed_request /opt/stack/data/venv/lib/python3.12/site-packages/keystonemiddleware/auth_token/__init__.py:545}}
Mar 31 17:13:23 ubuntu devstack@keystone.service[67778]: DEBUG keystone.server.flask.request_processing.middleware.auth_context [None req-539f6f01-756a-4c90-acd6-ed0b3ea5a78d None admin] RBAC: auth_context: {'token': <TokenModel (audit_id=HBj-rQPvTEK11W19kXbPTw, audit_chain_id=['HBj-rQPvTEK11W19kXbPTw']) at 0x7c2c049b3b30>, 'domain_id': None, 'trust_id': None, 'trustor_id': None, 'trustee_id': None, 'domain_name': None, 'group_ids': [], 'user_id': '94c6fecd66924dfe8775cb20b6ce4136', 'user_domain_id': 'default', 'system_scope': 'all', 'project_id': None, 'project_domain_id': None, 'roles': ['admin', 'manager', 'member', 'reader'], 'is_admin_project': True, 'service_user_id': None, 'service_user_domain_id': None, 'service_project_id': None, 'service_project_domain_id': None, 'service_roles': []} {{(pid=67778) fill_context /opt/stack/keystone/keystone/server/flask/request_processing/middleware/auth_context.py:509}}
Mar 31 17:13:23 ubuntu devstack@keystone.service[67778]: DEBUG keystone.server.flask.request_processing.req_logging [None req-539f6f01-756a-4c90-acd6-ed0b3ea5a78d None admin] REQUEST_METHOD: `GET` {{(pid=67778) log_request_info /opt/stack/keystone/keystone/server/flask/request_processing/req_logging.py:26}}
Mar 31 17:13:23 ubuntu devstack@keystone.service[67778]: DEBUG keystone.server.flask.request_processing.req_logging [None req-539f6f01-756a-4c90-acd6-ed0b3ea5a78d None admin] SCRIPT_NAME: `/identity` {{(pid=67778) log_request_info /opt/stack/keystone/keystone/server/flask/request_processing/req_logging.py:27}}
Mar 31 17:13:23 ubuntu devstack@keystone.service[67778]: DEBUG keystone.server.flask.request_processing.req_logging [None req-539f6f01-756a-4c90-acd6-ed0b3ea5a78d None admin] PATH_INFO: `/v3/domains` {{(pid=67778) log_request_info /opt/stack/keystone/keystone/server/flask/request_processing/req_logging.py:28}}
Mar 31 17:13:23 ubuntu devstack@keystone.service[67778]: DEBUG keystone.common.rbac_enforcer.enforcer [None req-539f6f01-756a-4c90-acd6-ed0b3ea5a78d None admin] RBAC: Adding query filter params (name=Default) {{(pid=67778) _extract_filter_values /opt/stack/keystone/keystone/common/rbac_enforcer/enforcer.py:176}}
Mar 31 17:13:23 ubuntu devstack@keystone.service[67778]: DEBUG keystone.common.rbac_enforcer.enforcer [None req-539f6f01-756a-4c90-acd6-ed0b3ea5a78d None admin] RBAC: Authorizing `identity:list_domains()` {{(pid=67778) enforce_call /opt/stack/keystone/keystone/common/rbac_enforcer/enforcer.py:494}}
Mar 31 17:13:23 ubuntu devstack@keystone.service[67778]: DEBUG keystone.common.rbac_enforcer.enforcer [None req-539f6f01-756a-4c90-acd6-ed0b3ea5a78d None admin] RBAC: Authorization granted {{(pid=67778) enforce_call /opt/stack/keystone/keystone/common/rbac_enforcer/enforcer.py:505}}
Mar 31 17:13:23 ubuntu devstack@keystone.service[67779]: DEBUG keystone.server.flask.request_processing.middleware.auth_context [None req-8dd0b8cb-53bc-4322-8336-d38ee4dd1ce1 None None] Validating token access rules against request {{(pid=67779) validate_allowed_request /opt/stack/data/venv/lib/python3.12/site-packages/keystonemiddleware/auth_token/__init__.py:545}}
Mar 31 17:13:23 ubuntu devstack@keystone.service[67778]: [pid: 67778|app: 0|req: 16/35] 10.120.125.144 () {58 vars in 1190 bytes} [Tue Mar 31 17:13:23 2026] GET /identity/v3/domains?name=Default => generated 310 bytes in 84 msecs (HTTP/1.1 200) 5 headers in 177 bytes (1 switches on core 0)
Mar 31 17:13:23 ubuntu devstack@keystone.service[67779]: DEBUG keystone.server.flask.request_processing.middleware.auth_context [None req-56f9cb8d-499b-4956-8cc4-1431f46b1265 None admin] RBAC: auth_context: {'token': <TokenModel (audit_id=TjCungPASKylOHz-9N5iug, audit_chain_id=['TjCungPASKylOHz-9N5iug']) at 0x7c2c0546fb00>, 'domain_id': None, 'trust_id': None, 'trustor_id': None, 'trustee_id': None, 'domain_name': None, 'group_ids': [], 'user_id': '94c6fecd66924dfe8775cb20b6ce4136', 'user_domain_id': 'default', 'system_scope': 'all', 'project_id': None, 'project_domain_id': None, 'roles': ['admin', 'manager', 'member', 'reader'], 'is_admin_project': True, 'service_user_id': None, 'service_user_domain_id': None, 'service_project_id': None, 'service_project_domain_id': None, 'service_roles': []} {{(pid=67779) fill_context /opt/stack/keystone/keystone/server/flask/request_processing/middleware/auth_context.py:509}}
Mar 31 17:13:23 ubuntu devstack@keystone.service[67779]: DEBUG keystone.server.flask.request_processing.req_logging [None req-56f9cb8d-499b-4956-8cc4-1431f46b1265 None admin] REQUEST_METHOD: `GET` {{(pid=67779) log_request_info /opt/stack/keystone/keystone/server/flask/request_processing/req_logging.py:26}}
Mar 31 17:13:23 ubuntu devstack@keystone.service[67779]: DEBUG keystone.server.flask.request_processing.req_logging [None req-56f9cb8d-499b-4956-8cc4-1431f46b1265 None admin] SCRIPT_NAME: `/identity` {{(pid=67779) log_request_info /opt/stack/keystone/keystone/server/flask/request_processing/req_logging.py:27}}
Mar 31 17:13:23 ubuntu devstack@keystone.service[67779]: DEBUG keystone.server.flask.request_processing.req_logging [None req-56f9cb8d-499b-4956-8cc4-1431f46b1265 None admin] PATH_INFO: `/v3/roles/admin` {{(pid=67779) log_request_info /opt/stack/keystone/keystone/server/flask/request_processing/req_logging.py:28}}
Mar 31 17:13:23 ubuntu devstack@keystone.service[67779]: DEBUG keystone.common.rbac_enforcer.enforcer [None req-56f9cb8d-499b-4956-8cc4-1431f46b1265 None admin] Extracting inferred target data resulted in "NOT FOUND (404)". {{(pid=67779) enforce_call /opt/stack/keystone/keystone/common/rbac_enforcer/enforcer.py:445}}
Mar 31 17:13:23 ubuntu devstack@keystone.service[67779]: DEBUG keystone.server.flask.application [None req-56f9cb8d-499b-4956-8cc4-1431f46b1265 None admin] Could not find role: admin. {{(pid=67779) _handle_keystone_exception /opt/stack/keystone/keystone/server/flask/application.py:146}}
Mar 31 17:13:23 ubuntu devstack@keystone.service[67779]: [pid: 67779|app: 0|req: 20/36] 10.120.125.144 () {58 vars in 1164 bytes} [Tue Mar 31 17:13:23 2026] GET /identity/v3/roles/admin => generated 83 bytes in 83 msecs (HTTP/1.1 404) 5 headers in 183 bytes (1 switches on core 0)
Mar 31 17:13:23 ubuntu devstack@keystone.service[67778]: DEBUG keystone.server.flask.request_processing.req_logging [None req-d2df02d9-3c3e-4c67-a7ca-e57bc5e24785 None None] REQUEST_METHOD: `POST` {{(pid=67778) log_request_info /opt/stack/keystone/keystone/server/flask/request_processing/req_logging.py:26}}
Mar 31 17:13:23 ubuntu devstack@keystone.service[67778]: DEBUG keystone.server.flask.request_processing.req_logging [None req-d2df02d9-3c3e-4c67-a7ca-e57bc5e24785 None None] SCRIPT_NAME: `/identity` {{(pid=67778) log_request_info /opt/stack/keystone/keystone/server/flask/request_processing/req_logging.py:27}}
Mar 31 17:13:23 ubuntu devstack@keystone.service[67778]: DEBUG keystone.server.flask.request_processing.req_logging [None req-d2df02d9-3c3e-4c67-a7ca-e57bc5e24785 None None] PATH_INFO: `/v3/auth/tokens` {{(pid=67778) log_request_info /opt/stack/keystone/keystone/server/flask/request_processing/req_logging.py:28}}
Mar 31 17:13:23 ubuntu devstack@keystone.service[67779]: DEBUG keystone.server.flask.request_processing.middleware.auth_context [None req-56f9cb8d-499b-4956-8cc4-1431f46b1265 None admin] Authenticating user token {{(pid=67779) process_request /opt/stack/data/venv/lib/python3.12/site-packages/keystonemiddleware/auth_token/__init__.py:407}}
Mar 31 17:13:23 ubuntu devstack@keystone.service[67778]: WARNING keystone.common.password_hashing [None req-d2df02d9-3c3e-4c67-a7ca-e57bc5e24785 None None] Truncating password to algorithm specific maximum length 72 characters.
Mar 31 17:13:23 ubuntu devstack@keystone.service[67778]: DEBUG keystone.auth.core [None req-d2df02d9-3c3e-4c67-a7ca-e57bc5e24785 None None] MFA Rules not processed for user `94c6fecd66924dfe8775cb20b6ce4136`. Rule list: `[]` (Enabled: `True`). {{(pid=67778) check_auth_methods_against_rules /opt/stack/keystone/keystone/auth/core.py:476}}
Mar 31 17:13:23 ubuntu devstack@keystone.service[67778]: DEBUG keystone.common.fernet_utils [None req-d2df02d9-3c3e-4c67-a7ca-e57bc5e24785 None None] Loaded 2 Fernet keys from /etc/keystone/fernet-keys/, but `[fernet_tokens] max_active_keys = 3`; perhaps there have not been enough key rotations to reach `max_active_keys` yet? {{(pid=67778) load_keys /opt/stack/keystone/keystone/common/fernet_utils.py:297}}
Mar 31 17:13:23 ubuntu devstack@keystone.service[67779]: DEBUG keystone.server.flask.request_processing.middleware.auth_context [None req-56f9cb8d-499b-4956-8cc4-1431f46b1265 None admin] Validating token access rules against request {{(pid=67779) validate_allowed_request /opt/stack/data/venv/lib/python3.12/site-packages/keystonemiddleware/auth_token/__init__.py:545}}
Mar 31 17:13:23 ubuntu devstack@keystone.service[67779]: DEBUG keystone.server.flask.request_processing.middleware.auth_context [None req-403a553a-6c55-4256-83a5-e58767000d36 None admin] RBAC: auth_context: {'token': <TokenModel (audit_id=XJEjEXipQD6BYMS_8K1v6A, audit_chain_id=['XJEjEXipQD6BYMS_8K1v6A']) at 0x7c2c04a8fc50>, 'domain_id': None, 'trust_id': None, 'trustor_id': None, 'trustee_id': None, 'domain_name': None, 'group_ids': [], 'user_id': '94c6fecd66924dfe8775cb20b6ce4136', 'user_domain_id': 'default', 'system_scope': 'all', 'project_id': None, 'project_domain_id': None, 'roles': ['admin', 'manager', 'member', 'reader'], 'is_admin_project': True, 'service_user_id': None, 'service_user_domain_id': None, 'service_project_id': None, 'service_project_domain_id': None, 'service_roles': []} {{(pid=67779) fill_context /opt/stack/keystone/keystone/server/flask/request_processing/middleware/auth_context.py:509}}
Mar 31 17:13:23 ubuntu devstack@keystone.service[67779]: DEBUG keystone.server.flask.request_processing.req_logging [None req-403a553a-6c55-4256-83a5-e58767000d36 None admin] REQUEST_METHOD: `POST` {{(pid=67779) log_request_info /opt/stack/keystone/keystone/server/flask/request_processing/req_logging.py:26}}
Mar 31 17:13:23 ubuntu devstack@keystone.service[67779]: DEBUG keystone.server.flask.request_processing.req_logging [None req-403a553a-6c55-4256-83a5-e58767000d36 None admin] SCRIPT_NAME: `/identity` {{(pid=67779) log_request_info /opt/stack/keystone/keystone/server/flask/request_processing/req_logging.py:27}}
Mar 31 17:13:23 ubuntu devstack@keystone.service[67779]: DEBUG keystone.server.flask.request_processing.req_logging [None req-403a553a-6c55-4256-83a5-e58767000d36 None admin] PATH_INFO: `/v3/roles` {{(pid=67779) log_request_info /opt/stack/keystone/keystone/server/flask/request_processing/req_logging.py:28}}
Mar 31 17:13:23 ubuntu devstack@keystone.service[67779]: DEBUG keystone.common.rbac_enforcer.enforcer [None req-403a553a-6c55-4256-83a5-e58767000d36 None admin] RBAC: Authorizing `identity:create_role()` {{(pid=67779) enforce_call /opt/stack/keystone/keystone/common/rbac_enforcer/enforcer.py:494}}
Mar 31 17:13:23 ubuntu devstack@keystone.service[67778]: [pid: 67778|app: 0|req: 17/37] 10.120.125.144 () {60 vars in 1048 bytes} [Tue Mar 31 17:13:23 2026] POST /identity/v3/auth/tokens => generated 863 bytes in 60 msecs (HTTP/1.1 201) 6 headers in 363 bytes (1 switches on core 0)
Mar 31 17:13:23 ubuntu devstack@keystone.service[67779]: DEBUG keystone.common.rbac_enforcer.enforcer [None req-403a553a-6c55-4256-83a5-e58767000d36 None admin] RBAC: Authorization granted {{(pid=67779) enforce_call /opt/stack/keystone/keystone/common/rbac_enforcer/enforcer.py:505}}
Mar 31 17:13:23 ubuntu devstack@keystone.service[67778]: DEBUG keystone.server.flask.request_processing.middleware.auth_context [None req-d2df02d9-3c3e-4c67-a7ca-e57bc5e24785 None None] Authenticating user token {{(pid=67778) process_request /opt/stack/data/venv/lib/python3.12/site-packages/keystonemiddleware/auth_token/__init__.py:407}}
Mar 31 17:13:23 ubuntu devstack@keystone.service[67779]: DEBUG keystone.common.sql.core [None req-403a553a-6c55-4256-83a5-e58767000d36 None admin] Conflict role: (pymysql.err.IntegrityError) (1062, "Duplicate entry 'service-<<null>>' for key 'role.ixu_role_name_domain_id'")
Mar 31 17:13:23 ubuntu devstack@keystone.service[67779]: [SQL: INSERT INTO `role` (id, name, description, extra) VALUES (%(id)s, %(name)s, %(description)s, %(extra)s)]
Mar 31 17:13:23 ubuntu devstack@keystone.service[67779]: [parameters: {'id': '93b0f3021b8a4b329cc15355491df185', 'name': 'service', 'description': None, 'extra': '{}'}]
Mar 31 17:13:23 ubuntu devstack@keystone.service[67779]: (Background on this error at: https://sqlalche.me/e/20/gkpj) {{(pid=67779) wrapper /opt/stack/keystone/keystone/common/sql/core.py:580}}
Mar 31 17:13:23 ubuntu devstack@keystone.service[67778]: DEBUG keystone.server.flask.request_processing.middleware.auth_context [None req-d2df02d9-3c3e-4c67-a7ca-e57bc5e24785 None None] Validating token access rules against request {{(pid=67778) validate_allowed_request /opt/stack/data/venv/lib/python3.12/site-packages/keystonemiddleware/auth_token/__init__.py:545}}
Mar 31 17:13:23 ubuntu devstack@keystone.service[67779]: ERROR keystone.server.flask.application [None req-403a553a-6c55-4256-83a5-e58767000d36 None admin] Conflict occurred attempting to store role - Duplicate entry found with name service.: keystone.exception.Conflict: Conflict occurred attempting to store role - Duplicate entry found with name service.
Mar 31 17:13:23 ubuntu devstack@keystone.service[67779]: ERROR keystone.server.flask.application Traceback (most recent call last):
Mar 31 17:13:23 ubuntu devstack@keystone.service[67779]: ERROR keystone.server.flask.application   File "/opt/stack/data/venv/lib/python3.12/site-packages/sqlalchemy/engine/base.py", line 1967, in _exec_single_context
Mar 31 17:13:23 ubuntu devstack@keystone.service[67779]: ERROR keystone.server.flask.application     self.dialect.do_execute(
Mar 31 17:13:23 ubuntu devstack@keystone.service[67779]: ERROR keystone.server.flask.application   File "/opt/stack/data/venv/lib/python3.12/site-packages/sqlalchemy/engine/default.py", line 952, in do_execute
Mar 31 17:13:23 ubuntu devstack@keystone.service[67779]: ERROR keystone.server.flask.application     cursor.execute(statement, parameters)
Mar 31 17:13:23 ubuntu devstack@keystone.service[67779]: ERROR keystone.server.flask.application   File "/opt/stack/data/venv/lib/python3.12/site-packages/pymysql/cursors.py", line 153, in execute
Mar 31 17:13:23 ubuntu devstack@keystone.service[67779]: ERROR keystone.server.flask.application     result = self._query(query)
Mar 31 17:13:23 ubuntu devstack@keystone.service[67779]: ERROR keystone.server.flask.application              ^^^^^^^^^^^^^^^^^^
Mar 31 17:13:23 ubuntu devstack@keystone.service[67779]: ERROR keystone.server.flask.application   File "/opt/stack/data/venv/lib/python3.12/site-packages/pymysql/cursors.py", line 322, in _query
Mar 31 17:13:23 ubuntu devstack@keystone.service[67779]: ERROR keystone.server.flask.application     conn.query(q)
Mar 31 17:13:23 ubuntu devstack@keystone.service[67779]: ERROR keystone.server.flask.application   File "/opt/stack/data/venv/lib/python3.12/site-packages/pymysql/connections.py", line 575, in query
Mar 31 17:13:23 ubuntu devstack@keystone.service[67779]: ERROR keystone.server.flask.application     self._affected_rows = self._read_query_result(unbuffered=unbuffered)
Mar 31 17:13:23 ubuntu devstack@keystone.service[67779]: ERROR keystone.server.flask.application                           ^^^^^^^^^^^^^^^^^^^^^^^^^^^^^^^^^^^^^^^^^^^^^^
Mar 31 17:13:23 ubuntu devstack@keystone.service[67779]: ERROR keystone.server.flask.application   File "/opt/stack/data/venv/lib/python3.12/site-packages/pymysql/connections.py", line 826, in _read_query_result
Mar 31 17:13:23 ubuntu devstack@keystone.service[67779]: ERROR keystone.server.flask.application     result.read()
Mar 31 17:13:23 ubuntu devstack@keystone.service[67779]: ERROR keystone.server.flask.application   File "/opt/stack/data/venv/lib/python3.12/site-packages/pymysql/connections.py", line 1203, in read
Mar 31 17:13:23 ubuntu devstack@keystone.service[67779]: ERROR keystone.server.flask.application     first_packet = self.connection._read_packet()
Mar 31 17:13:23 ubuntu devstack@keystone.service[67779]: ERROR keystone.server.flask.application                    ^^^^^^^^^^^^^^^^^^^^^^^^^^^^^^
Mar 31 17:13:23 ubuntu devstack@keystone.service[67779]: ERROR keystone.server.flask.application   File "/opt/stack/data/venv/lib/python3.12/site-packages/pymysql/connections.py", line 782, in _read_packet
Mar 31 17:13:23 ubuntu devstack@keystone.service[67779]: ERROR keystone.server.flask.application     packet.raise_for_error()
Mar 31 17:13:23 ubuntu devstack@keystone.service[67779]: ERROR keystone.server.flask.application   File "/opt/stack/data/venv/lib/python3.12/site-packages/pymysql/protocol.py", line 219, in raise_for_error
Mar 31 17:13:23 ubuntu devstack@keystone.service[67779]: ERROR keystone.server.flask.application     err.raise_mysql_exception(self._data)
Mar 31 17:13:23 ubuntu devstack@keystone.service[67779]: ERROR keystone.server.flask.application   File "/opt/stack/data/venv/lib/python3.12/site-packages/pymysql/err.py", line 150, in raise_mysql_exception
Mar 31 17:13:23 ubuntu devstack@keystone.service[67779]: ERROR keystone.server.flask.application     raise errorclass(errno, errval)
Mar 31 17:13:23 ubuntu devstack@keystone.service[67779]: ERROR keystone.server.flask.application pymysql.err.IntegrityError: (1062, "Duplicate entry 'service-<<null>>' for key 'role.ixu_role_name_domain_id'")
Mar 31 17:13:23 ubuntu devstack@keystone.service[67779]: ERROR keystone.server.flask.application 
Mar 31 17:13:23 ubuntu devstack@keystone.service[67779]: ERROR keystone.server.flask.application The above exception was the direct cause of the following exception:
Mar 31 17:13:23 ubuntu devstack@keystone.service[67779]: ERROR keystone.server.flask.application 
Mar 31 17:13:23 ubuntu devstack@keystone.service[67779]: ERROR keystone.server.flask.application Traceback (most recent call last):
Mar 31 17:13:23 ubuntu devstack@keystone.service[67779]: ERROR keystone.server.flask.application   File "/opt/stack/keystone/keystone/common/sql/core.py", line 575, in wrapper
Mar 31 17:13:23 ubuntu devstack@keystone.service[67779]: ERROR keystone.server.flask.application     return method(*args, **kwargs)
Mar 31 17:13:23 ubuntu devstack@keystone.service[67779]: ERROR keystone.server.flask.application            ^^^^^^^^^^^^^^^^^^^^^^^
Mar 31 17:13:23 ubuntu devstack@keystone.service[67779]: ERROR keystone.server.flask.application   File "/opt/stack/keystone/keystone/assignment/role_backends/sql.py", line 25, in create_role
Mar 31 17:13:23 ubuntu devstack@keystone.service[67779]: ERROR keystone.server.flask.application     with sql.session_for_write() as session:
Mar 31 17:13:23 ubuntu devstack@keystone.service[67779]: ERROR keystone.server.flask.application   File "/usr/lib/python3.12/contextlib.py", line 144, in __exit__
Mar 31 17:13:23 ubuntu devstack@keystone.service[67779]: ERROR keystone.server.flask.application     next(self.gen)
Mar 31 17:13:23 ubuntu devstack@keystone.service[67779]: ERROR keystone.server.flask.application   File "/opt/stack/data/venv/lib/python3.12/site-packages/oslo_db/sqlalchemy/enginefacade.py", line 1175, in _transaction_scope
Mar 31 17:13:23 ubuntu devstack@keystone.service[67779]: ERROR keystone.server.flask.application     with current._produce_block(
Mar 31 17:13:23 ubuntu devstack@keystone.service[67779]: ERROR keystone.server.flask.application   File "/usr/lib/python3.12/contextlib.py", line 144, in __exit__
Mar 31 17:13:23 ubuntu devstack@keystone.service[67779]: ERROR keystone.server.flask.application     next(self.gen)
Mar 31 17:13:23 ubuntu devstack@keystone.service[67779]: ERROR keystone.server.flask.application   File "/opt/stack/data/venv/lib/python3.12/site-packages/oslo_db/sqlalchemy/enginefacade.py", line 837, in _session
Mar 31 17:13:23 ubuntu devstack@keystone.service[67779]: ERROR keystone.server.flask.application     with excutils.save_and_reraise_exception():
Mar 31 17:13:23 ubuntu devstack@keystone.service[67779]: ERROR keystone.server.flask.application   File "/opt/stack/data/venv/lib/python3.12/site-packages/oslo_utils/excutils.py", line 267, in __exit__
Mar 31 17:13:23 ubuntu devstack@keystone.service[67779]: ERROR keystone.server.flask.application     self.force_reraise()
Mar 31 17:13:23 ubuntu devstack@keystone.service[67779]: ERROR keystone.server.flask.application   File "/opt/stack/data/venv/lib/python3.12/site-packages/oslo_utils/excutils.py", line 233, in force_reraise
Mar 31 17:13:23 ubuntu devstack@keystone.service[67779]: ERROR keystone.server.flask.application     raise self.value
Mar 31 17:13:23 ubuntu devstack@keystone.service[67779]: ERROR keystone.server.flask.application   File "/opt/stack/data/venv/lib/python3.12/site-packages/oslo_db/sqlalchemy/enginefacade.py", line 835, in _session
Mar 31 17:13:23 ubuntu devstack@keystone.service[67779]: ERROR keystone.server.flask.application     self._end_session_transaction(self.session)
Mar 31 17:13:23 ubuntu devstack@keystone.service[67779]: ERROR keystone.server.flask.application   File "/opt/stack/data/venv/lib/python3.12/site-packages/oslo_db/sqlalchemy/enginefacade.py", line 748, in _end_session_transaction
Mar 31 17:13:23 ubuntu devstack@keystone.service[67779]: ERROR keystone.server.flask.application     session.commit()
Mar 31 17:13:23 ubuntu devstack@keystone.service[67779]: ERROR keystone.server.flask.application   File "/opt/stack/data/venv/lib/python3.12/site-packages/sqlalchemy/orm/session.py", line 2030, in commit
Mar 31 17:13:23 ubuntu devstack@keystone.service[67779]: ERROR keystone.server.flask.application     trans.commit(_to_root=True)
Mar 31 17:13:23 ubuntu devstack@keystone.service[67779]: ERROR keystone.server.flask.application   File "<string>", line 2, in commit
Mar 31 17:13:23 ubuntu devstack@keystone.service[67779]: ERROR keystone.server.flask.application   File "/opt/stack/data/venv/lib/python3.12/site-packages/sqlalchemy/orm/state_changes.py", line 137, in _go
Mar 31 17:13:23 ubuntu devstack@keystone.service[67779]: ERROR keystone.server.flask.application     ret_value = fn(self, *arg, **kw)
Mar 31 17:13:23 ubuntu devstack@keystone.service[67779]: ERROR keystone.server.flask.application                 ^^^^^^^^^^^^^^^^^^^^
Mar 31 17:13:23 ubuntu devstack@keystone.service[67779]: ERROR keystone.server.flask.application   File "/opt/stack/data/venv/lib/python3.12/site-packages/sqlalchemy/orm/session.py", line 1311, in commit
Mar 31 17:13:23 ubuntu devstack@keystone.service[67779]: ERROR keystone.server.flask.application     self._prepare_impl()
Mar 31 17:13:23 ubuntu devstack@keystone.service[67779]: ERROR keystone.server.flask.application   File "<string>", line 2, in _prepare_impl
Mar 31 17:13:23 ubuntu devstack@keystone.service[67779]: ERROR keystone.server.flask.application   File "/opt/stack/data/venv/lib/python3.12/site-packages/sqlalchemy/orm/state_changes.py", line 137, in _go
Mar 31 17:13:23 ubuntu devstack@keystone.service[67779]: ERROR keystone.server.flask.application     ret_value = fn(self, *arg, **kw)
Mar 31 17:13:23 ubuntu devstack@keystone.service[67779]: ERROR keystone.server.flask.application                 ^^^^^^^^^^^^^^^^^^^^
