May 17 06:00:58 ubuntu systemd[1]: Starting devstack@g-api.service - Devstack devstack@g-api.service...
May 17 06:00:58 ubuntu devstack@g-api.service[116141]: [uWSGI] getting INI configuration from /etc/glance/glance-uwsgi.ini
May 17 06:00:58 ubuntu devstack@g-api.service[116141]: *** Starting uWSGI 2.0.24-debian (64bit) on [Sun May 17 06:00:58 2026] ***
May 17 06:00:58 ubuntu devstack@g-api.service[116141]: compiled with version: 13.2.0 on 17 April 2024 16:23:48
May 17 06:00:58 ubuntu devstack@g-api.service[116141]: os: Linux-6.8.0-100-generic #100-Ubuntu SMP PREEMPT_DYNAMIC Tue Jan 13 16:40:06 UTC 2026
May 17 06:00:58 ubuntu devstack@g-api.service[116141]: nodename: ubuntu
May 17 06:00:58 ubuntu devstack@g-api.service[116141]: machine: x86_64
May 17 06:00:58 ubuntu devstack@g-api.service[116141]: clock source: unix
May 17 06:00:58 ubuntu devstack@g-api.service[116141]: pcre jit disabled
May 17 06:00:58 ubuntu devstack@g-api.service[116141]: detected number of CPU cores: 4
May 17 06:00:58 ubuntu devstack@g-api.service[116141]: current working directory: /
May 17 06:00:58 ubuntu devstack@g-api.service[116141]: detected binary path: /usr/bin/uwsgi-core
May 17 06:00:58 ubuntu devstack@g-api.service[116141]: your processes number limit is 31446
May 17 06:00:58 ubuntu devstack@g-api.service[116141]: your memory page size is 4096 bytes
May 17 06:00:58 ubuntu devstack@g-api.service[116141]: detected max file descriptor number: 2048
May 17 06:00:58 ubuntu devstack@g-api.service[116141]: lock engine: pthread robust mutexes
May 17 06:00:58 ubuntu devstack@g-api.service[116141]: thunder lock: enabled
May 17 06:00:58 ubuntu devstack@g-api.service[116141]: uwsgi socket 0 bound to TCP address 127.0.0.1:60999 fd 4
May 17 06:00:58 ubuntu devstack@g-api.service[116141]: Python version: 3.12.3 (main, Mar 23 2026, 19:04:32) [GCC 13.3.0]
May 17 06:00:58 ubuntu devstack@g-api.service[116141]: PEP 405 virtualenv detected: /opt/stack/data/venv
May 17 06:00:58 ubuntu devstack@g-api.service[116141]: Set PythonHome to /opt/stack/data/venv
May 17 06:00:58 ubuntu devstack@g-api.service[116141]: Python main interpreter initialized at 0x72b0e0aa3668
May 17 06:00:58 ubuntu devstack@g-api.service[116141]: python threads support enabled
May 17 06:00:58 ubuntu devstack@g-api.service[116141]: your server socket listen backlog is limited to 100 connections
May 17 06:00:58 ubuntu devstack@g-api.service[116141]: your mercy for graceful operations on workers is 80 seconds
May 17 06:00:58 ubuntu devstack@g-api.service[116141]: mapped 403077 bytes (393 KB) for 2 cores
May 17 06:00:58 ubuntu devstack@g-api.service[116141]: *** Operational MODE: preforking ***
May 17 06:00:58 ubuntu devstack@g-api.service[116141]: *** uWSGI is running in multiple interpreter mode ***
May 17 06:00:58 ubuntu devstack@g-api.service[116141]: spawned uWSGI master process (pid: 116141)
May 17 06:00:58 ubuntu devstack@g-api.service[116141]: spawned uWSGI worker 1 (pid: 116142, cores: 1)
May 17 06:00:58 ubuntu devstack@g-api.service[116141]: spawned uWSGI worker 2 (pid: 116143, cores: 1)
May 17 06:00:58 ubuntu devstack@g-api.service[116141]: running "unix_signal:15 gracefully_kill_them_all" (master-start)...
May 17 06:00:58 ubuntu systemd[1]: Started devstack@g-api.service - Devstack devstack@g-api.service.
May 17 06:00:59 ubuntu devstack@g-api.service[116142]: /opt/stack/data/venv/lib/python3.12/site-packages/oslo_utils/importutils.py:77: EventletDeprecationWarning:
May 17 06:00:59 ubuntu devstack@g-api.service[116142]: Eventlet is deprecated. It is currently being maintained in bugfix mode, and
May 17 06:00:59 ubuntu devstack@g-api.service[116142]: we strongly recommend against using it for new projects.
May 17 06:00:59 ubuntu devstack@g-api.service[116142]: If you are already using Eventlet, we recommend migrating to a different
May 17 06:00:59 ubuntu devstack@g-api.service[116142]: framework.  For more detail see
May 17 06:00:59 ubuntu devstack@g-api.service[116142]: https://eventlet.readthedocs.io/en/latest/asyncio/migration.html
May 17 06:00:59 ubuntu devstack@g-api.service[116142]:   __import__(import_str)
May 17 06:00:59 ubuntu devstack@g-api.service[116143]: /opt/stack/data/venv/lib/python3.12/site-packages/oslo_utils/importutils.py:77: EventletDeprecationWarning:
May 17 06:00:59 ubuntu devstack@g-api.service[116143]: Eventlet is deprecated. It is currently being maintained in bugfix mode, and
May 17 06:00:59 ubuntu devstack@g-api.service[116143]: we strongly recommend against using it for new projects.
May 17 06:00:59 ubuntu devstack@g-api.service[116143]: If you are already using Eventlet, we recommend migrating to a different
May 17 06:00:59 ubuntu devstack@g-api.service[116143]: framework.  For more detail see
May 17 06:00:59 ubuntu devstack@g-api.service[116143]: https://eventlet.readthedocs.io/en/latest/asyncio/migration.html
May 17 06:00:59 ubuntu devstack@g-api.service[116143]:   __import__(import_str)
May 17 06:00:59 ubuntu devstack@g-api.service[116143]: INFO glance.async_ [-] Threadpool model set to 'NativeThreadPoolModel'
May 17 06:00:59 ubuntu devstack@g-api.service[116142]: INFO glance.async_ [-] Threadpool model set to 'NativeThreadPoolModel'
May 17 06:00:59 ubuntu devstack@g-api.service[116143]: DEBUG oslo_concurrency.processutils [-] Running cmd (subprocess): grep -F node.session.scan /sbin/iscsiadm {{(pid=116143) execute /opt/stack/data/venv/lib/python3.12/site-packages/oslo_concurrency/processutils.py:440}}
May 17 06:00:59 ubuntu devstack@g-api.service[116143]: DEBUG oslo_concurrency.processutils [-] CMD "grep -F node.session.scan /sbin/iscsiadm" returned: 0 in 0.008s {{(pid=116143) execute /opt/stack/data/venv/lib/python3.12/site-packages/oslo_concurrency/processutils.py:468}}
May 17 06:00:59 ubuntu devstack@g-api.service[116142]: DEBUG oslo_concurrency.processutils [-] Running cmd (subprocess): grep -F node.session.scan /sbin/iscsiadm {{(pid=116142) execute /opt/stack/data/venv/lib/python3.12/site-packages/oslo_concurrency/processutils.py:440}}
May 17 06:00:59 ubuntu devstack@g-api.service[116142]: DEBUG oslo_concurrency.processutils [-] CMD "grep -F node.session.scan /sbin/iscsiadm" returned: 0 in 0.009s {{(pid=116142) execute /opt/stack/data/venv/lib/python3.12/site-packages/oslo_concurrency/processutils.py:468}}
May 17 06:01:00 ubuntu devstack@g-api.service[116143]: DEBUG glance_store.backend [-] Attempting to import store cinder {{(pid=116143) _load_store /opt/stack/data/venv/lib/python3.12/site-packages/glance_store/backend.py:215}}
May 17 06:01:00 ubuntu devstack@g-api.service[116143]: DEBUG glance_store.backend [-] Attempting to import store file {{(pid=116143) _load_store /opt/stack/data/venv/lib/python3.12/site-packages/glance_store/backend.py:215}}
May 17 06:01:00 ubuntu devstack@g-api.service[116143]: DEBUG glance_store.backend [-] Attempting to import store glance.store.cinder.Store {{(pid=116143) _load_store /opt/stack/data/venv/lib/python3.12/site-packages/glance_store/backend.py:215}}
May 17 06:01:00 ubuntu devstack@g-api.service[116143]: DEBUG glance_store.backend [-] Attempting to import store glance.store.filesystem.Store {{(pid=116143) _load_store /opt/stack/data/venv/lib/python3.12/site-packages/glance_store/backend.py:215}}
May 17 06:01:00 ubuntu devstack@g-api.service[116143]: DEBUG glance_store.backend [-] Attempting to import store glance.store.http.Store {{(pid=116143) _load_store /opt/stack/data/venv/lib/python3.12/site-packages/glance_store/backend.py:215}}
May 17 06:01:00 ubuntu devstack@g-api.service[116143]: DEBUG glance_store.backend [-] Attempting to import store glance.store.rbd.Store {{(pid=116143) _load_store /opt/stack/data/venv/lib/python3.12/site-packages/glance_store/backend.py:215}}
May 17 06:01:00 ubuntu devstack@g-api.service[116143]: DEBUG glance_store.backend [-] Attempting to import store glance.store.s3.Store {{(pid=116143) _load_store /opt/stack/data/venv/lib/python3.12/site-packages/glance_store/backend.py:215}}
May 17 06:01:00 ubuntu devstack@g-api.service[116143]: DEBUG glance_store.backend [-] Attempting to import store glance.store.swift.Store {{(pid=116143) _load_store /opt/stack/data/venv/lib/python3.12/site-packages/glance_store/backend.py:215}}
May 17 06:01:00 ubuntu devstack@g-api.service[116143]: DEBUG glance_store.backend [-] Attempting to import store glance.store.vmware_datastore.Store {{(pid=116143) _load_store /opt/stack/data/venv/lib/python3.12/site-packages/glance_store/backend.py:215}}
May 17 06:01:00 ubuntu devstack@g-api.service[116143]: DEBUG glance_store.backend [-] Attempting to import store http {{(pid=116143) _load_store /opt/stack/data/venv/lib/python3.12/site-packages/glance_store/backend.py:215}}
May 17 06:01:00 ubuntu devstack@g-api.service[116143]: DEBUG glance_store.backend [-] Attempting to import store no_conf {{(pid=116143) _load_store /opt/stack/data/venv/lib/python3.12/site-packages/glance_store/backend.py:215}}
May 17 06:01:00 ubuntu devstack@g-api.service[116143]: DEBUG glance_store.backend [-] Attempting to import store rbd {{(pid=116143) _load_store /opt/stack/data/venv/lib/python3.12/site-packages/glance_store/backend.py:215}}
May 17 06:01:00 ubuntu devstack@g-api.service[116143]: DEBUG glance_store.backend [-] Attempting to import store s3 {{(pid=116143) _load_store /opt/stack/data/venv/lib/python3.12/site-packages/glance_store/backend.py:215}}
May 17 06:01:00 ubuntu devstack@g-api.service[116143]: DEBUG glance_store.backend [-] Attempting to import store swift {{(pid=116143) _load_store /opt/stack/data/venv/lib/python3.12/site-packages/glance_store/backend.py:215}}
May 17 06:01:00 ubuntu devstack@g-api.service[116143]: DEBUG glance_store.backend [-] Attempting to import store vmware {{(pid=116143) _load_store /opt/stack/data/venv/lib/python3.12/site-packages/glance_store/backend.py:215}}
May 17 06:01:00 ubuntu devstack@g-api.service[116143]: DEBUG glance_store.backend [-] Registering options for group glance_store {{(pid=116143) register_opts /opt/stack/data/venv/lib/python3.12/site-packages/glance_store/backend.py:144}}
May 17 06:01:00 ubuntu devstack@g-api.service[116143]: DEBUG glance_store.backend [-] Registering options for group glance_store {{(pid=116143) register_opts /opt/stack/data/venv/lib/python3.12/site-packages/glance_store/backend.py:144}}
May 17 06:01:00 ubuntu devstack@g-api.service[116142]: DEBUG glance_store.backend [-] Attempting to import store cinder {{(pid=116142) _load_store /opt/stack/data/venv/lib/python3.12/site-packages/glance_store/backend.py:215}}
May 17 06:01:00 ubuntu devstack@g-api.service[116143]: DEBUG glance_store.backend [-] Attempting to import store file {{(pid=116143) _load_store /opt/stack/data/venv/lib/python3.12/site-packages/glance_store/backend.py:215}}
May 17 06:01:00 ubuntu devstack@g-api.service[116142]: DEBUG glance_store.backend [-] Attempting to import store file {{(pid=116142) _load_store /opt/stack/data/venv/lib/python3.12/site-packages/glance_store/backend.py:215}}
May 17 06:01:00 ubuntu devstack@g-api.service[116142]: DEBUG glance_store.backend [-] Attempting to import store glance.store.cinder.Store {{(pid=116142) _load_store /opt/stack/data/venv/lib/python3.12/site-packages/glance_store/backend.py:215}}
May 17 06:01:00 ubuntu devstack@g-api.service[116142]: DEBUG glance_store.backend [-] Attempting to import store glance.store.filesystem.Store {{(pid=116142) _load_store /opt/stack/data/venv/lib/python3.12/site-packages/glance_store/backend.py:215}}
May 17 06:01:00 ubuntu devstack@g-api.service[116142]: DEBUG glance_store.backend [-] Attempting to import store glance.store.http.Store {{(pid=116142) _load_store /opt/stack/data/venv/lib/python3.12/site-packages/glance_store/backend.py:215}}
May 17 06:01:00 ubuntu devstack@g-api.service[116143]: DEBUG glance_store.capabilities [-] Store glance_store._drivers.filesystem.Store doesn't support updating dynamic storage capabilities. Please overwrite 'update_capabilities' method of the store to implement updating logics if needed. {{(pid=116143) update_capabilities /opt/stack/data/venv/lib/python3.12/site-packages/glance_store/capabilities.py:91}}
May 17 06:01:00 ubuntu devstack@g-api.service[116143]: DEBUG glance_store.backend [-] Registering store file with schemes ('file', 'filesystem') {{(pid=116143) create_stores /opt/stack/data/venv/lib/python3.12/site-packages/glance_store/backend.py:261}}
May 17 06:01:00 ubuntu devstack@g-api.service[116143]: DEBUG glance_store.driver [-] Late loading location class glance_store._drivers.filesystem.StoreLocation {{(pid=116143) get_store_location_class /opt/stack/data/venv/lib/python3.12/site-packages/glance_store/driver.py:134}}
May 17 06:01:00 ubuntu devstack@g-api.service[116143]: DEBUG glance_store.location [-] Registering scheme file with {'store': <glance_store._drivers.filesystem.Store object at 0x72b0dc557800>, 'location_class': <class 'glance_store._drivers.filesystem.StoreLocation'>, 'store_entry': 'file'} {{(pid=116143) register_scheme_map /opt/stack/data/venv/lib/python3.12/site-packages/glance_store/location.py:146}}
May 17 06:01:00 ubuntu devstack@g-api.service[116143]: DEBUG glance_store.location [-] Registering scheme filesystem with {'store': <glance_store._drivers.filesystem.Store object at 0x72b0dc557800>, 'location_class': <class 'glance_store._drivers.filesystem.StoreLocation'>, 'store_entry': 'file'} {{(pid=116143) register_scheme_map /opt/stack/data/venv/lib/python3.12/site-packages/glance_store/location.py:146}}
May 17 06:01:00 ubuntu devstack@g-api.service[116143]: DEBUG glance_store.backend [-] Attempting to import store http {{(pid=116143) _load_store /opt/stack/data/venv/lib/python3.12/site-packages/glance_store/backend.py:215}}
May 17 06:01:00 ubuntu devstack@g-api.service[116143]: DEBUG glance_store.capabilities [-] Store glance_store._drivers.http.Store doesn't support updating dynamic storage capabilities. Please overwrite 'update_capabilities' method of the store to implement updating logics if needed. {{(pid=116143) update_capabilities /opt/stack/data/venv/lib/python3.12/site-packages/glance_store/capabilities.py:91}}
May 17 06:01:00 ubuntu devstack@g-api.service[116143]: DEBUG glance_store.backend [-] Registering store http with schemes ('http', 'https') {{(pid=116143) create_stores /opt/stack/data/venv/lib/python3.12/site-packages/glance_store/backend.py:261}}
May 17 06:01:00 ubuntu devstack@g-api.service[116143]: DEBUG glance_store.driver [-] Late loading location class glance_store._drivers.http.StoreLocation {{(pid=116143) get_store_location_class /opt/stack/data/venv/lib/python3.12/site-packages/glance_store/driver.py:134}}
May 17 06:01:00 ubuntu devstack@g-api.service[116143]: DEBUG glance_store.location [-] Registering scheme http with {'store': <glance_store._drivers.http.Store object at 0x72b0dc557c80>, 'location_class': <class 'glance_store._drivers.http.StoreLocation'>, 'store_entry': 'http'} {{(pid=116143) register_scheme_map /opt/stack/data/venv/lib/python3.12/site-packages/glance_store/location.py:146}}
May 17 06:01:00 ubuntu devstack@g-api.service[116143]: DEBUG glance_store.location [-] Registering scheme https with {'store': <glance_store._drivers.http.Store object at 0x72b0dc557c80>, 'location_class': <class 'glance_store._drivers.http.StoreLocation'>, 'store_entry': 'http'} {{(pid=116143) register_scheme_map /opt/stack/data/venv/lib/python3.12/site-packages/glance_store/location.py:146}}
May 17 06:01:00 ubuntu devstack@g-api.service[116142]: DEBUG glance_store.backend [-] Attempting to import store glance.store.rbd.Store {{(pid=116142) _load_store /opt/stack/data/venv/lib/python3.12/site-packages/glance_store/backend.py:215}}
May 17 06:01:00 ubuntu devstack@g-api.service[116142]: DEBUG glance_store.backend [-] Attempting to import store glance.store.s3.Store {{(pid=116142) _load_store /opt/stack/data/venv/lib/python3.12/site-packages/glance_store/backend.py:215}}
May 17 06:01:00 ubuntu devstack@g-api.service[116142]: DEBUG glance_store.backend [-] Attempting to import store glance.store.swift.Store {{(pid=116142) _load_store /opt/stack/data/venv/lib/python3.12/site-packages/glance_store/backend.py:215}}
May 17 06:01:00 ubuntu devstack@g-api.service[116143]: DEBUG glance.sqlite_migration [-] SQLite caching database not located, skipping migration {{(pid=116143) get_db_path /opt/stack/glance/glance/sqlite_migration.py:68}}
May 17 06:01:00 ubuntu devstack@g-api.service[116142]: DEBUG glance_store.backend [-] Attempting to import store glance.store.vmware_datastore.Store {{(pid=116142) _load_store /opt/stack/data/venv/lib/python3.12/site-packages/glance_store/backend.py:215}}
May 17 06:01:00 ubuntu devstack@g-api.service[116143]: WARNING glance.common.wsgi_app [-] Import methods are enabled but staging directory /tmp/staging/ does not exist; Imports will fail!
May 17 06:01:00 ubuntu devstack@g-api.service[116142]: DEBUG glance_store.backend [-] Attempting to import store http {{(pid=116142) _load_store /opt/stack/data/venv/lib/python3.12/site-packages/glance_store/backend.py:215}}
May 17 06:01:00 ubuntu devstack@g-api.service[116142]: DEBUG glance_store.backend [-] Attempting to import store no_conf {{(pid=116142) _load_store /opt/stack/data/venv/lib/python3.12/site-packages/glance_store/backend.py:215}}
May 17 06:01:00 ubuntu devstack@g-api.service[116142]: DEBUG glance_store.backend [-] Attempting to import store rbd {{(pid=116142) _load_store /opt/stack/data/venv/lib/python3.12/site-packages/glance_store/backend.py:215}}
May 17 06:01:00 ubuntu devstack@g-api.service[116142]: DEBUG glance_store.backend [-] Attempting to import store s3 {{(pid=116142) _load_store /opt/stack/data/venv/lib/python3.12/site-packages/glance_store/backend.py:215}}
May 17 06:01:00 ubuntu devstack@g-api.service[116142]: DEBUG glance_store.backend [-] Attempting to import store swift {{(pid=116142) _load_store /opt/stack/data/venv/lib/python3.12/site-packages/glance_store/backend.py:215}}
May 17 06:01:00 ubuntu devstack@g-api.service[116142]: DEBUG glance_store.backend [-] Attempting to import store vmware {{(pid=116142) _load_store /opt/stack/data/venv/lib/python3.12/site-packages/glance_store/backend.py:215}}
May 17 06:01:00 ubuntu devstack@g-api.service[116142]: DEBUG glance_store.backend [-] Registering options for group glance_store {{(pid=116142) register_opts /opt/stack/data/venv/lib/python3.12/site-packages/glance_store/backend.py:144}}
May 17 06:01:00 ubuntu devstack@g-api.service[116142]: DEBUG glance_store.backend [-] Registering options for group glance_store {{(pid=116142) register_opts /opt/stack/data/venv/lib/python3.12/site-packages/glance_store/backend.py:144}}
May 17 06:01:00 ubuntu devstack@g-api.service[116142]: DEBUG glance_store.backend [-] Attempting to import store file {{(pid=116142) _load_store /opt/stack/data/venv/lib/python3.12/site-packages/glance_store/backend.py:215}}
May 17 06:01:00 ubuntu devstack@g-api.service[116142]: DEBUG glance_store.capabilities [-] Store glance_store._drivers.filesystem.Store doesn't support updating dynamic storage capabilities. Please overwrite 'update_capabilities' method of the store to implement updating logics if needed. {{(pid=116142) update_capabilities /opt/stack/data/venv/lib/python3.12/site-packages/glance_store/capabilities.py:91}}
May 17 06:01:00 ubuntu devstack@g-api.service[116142]: DEBUG glance_store.backend [-] Registering store file with schemes ('file', 'filesystem') {{(pid=116142) create_stores /opt/stack/data/venv/lib/python3.12/site-packages/glance_store/backend.py:261}}
May 17 06:01:00 ubuntu devstack@g-api.service[116142]: DEBUG glance_store.driver [-] Late loading location class glance_store._drivers.filesystem.StoreLocation {{(pid=116142) get_store_location_class /opt/stack/data/venv/lib/python3.12/site-packages/glance_store/driver.py:134}}
May 17 06:01:00 ubuntu devstack@g-api.service[116142]: DEBUG glance_store.location [-] Registering scheme file with {'store': <glance_store._drivers.filesystem.Store object at 0x72b0dc41c350>, 'location_class': <class 'glance_store._drivers.filesystem.StoreLocation'>, 'store_entry': 'file'} {{(pid=116142) register_scheme_map /opt/stack/data/venv/lib/python3.12/site-packages/glance_store/location.py:146}}
May 17 06:01:00 ubuntu devstack@g-api.service[116142]: DEBUG glance_store.location [-] Registering scheme filesystem with {'store': <glance_store._drivers.filesystem.Store object at 0x72b0dc41c350>, 'location_class': <class 'glance_store._drivers.filesystem.StoreLocation'>, 'store_entry': 'file'} {{(pid=116142) register_scheme_map /opt/stack/data/venv/lib/python3.12/site-packages/glance_store/location.py:146}}
May 17 06:01:00 ubuntu devstack@g-api.service[116142]: DEBUG glance_store.backend [-] Attempting to import store http {{(pid=116142) _load_store /opt/stack/data/venv/lib/python3.12/site-packages/glance_store/backend.py:215}}
May 17 06:01:00 ubuntu devstack@g-api.service[116142]: DEBUG glance_store.capabilities [-] Store glance_store._drivers.http.Store doesn't support updating dynamic storage capabilities. Please overwrite 'update_capabilities' method of the store to implement updating logics if needed. {{(pid=116142) update_capabilities /opt/stack/data/venv/lib/python3.12/site-packages/glance_store/capabilities.py:91}}
May 17 06:01:00 ubuntu devstack@g-api.service[116142]: DEBUG glance_store.backend [-] Registering store http with schemes ('http', 'https') {{(pid=116142) create_stores /opt/stack/data/venv/lib/python3.12/site-packages/glance_store/backend.py:261}}
May 17 06:01:00 ubuntu devstack@g-api.service[116142]: DEBUG glance_store.driver [-] Late loading location class glance_store._drivers.http.StoreLocation {{(pid=116142) get_store_location_class /opt/stack/data/venv/lib/python3.12/site-packages/glance_store/driver.py:134}}
May 17 06:01:00 ubuntu devstack@g-api.service[116142]: DEBUG glance_store.location [-] Registering scheme http with {'store': <glance_store._drivers.http.Store object at 0x72b0dd0b3200>, 'location_class': <class 'glance_store._drivers.http.StoreLocation'>, 'store_entry': 'http'} {{(pid=116142) register_scheme_map /opt/stack/data/venv/lib/python3.12/site-packages/glance_store/location.py:146}}
May 17 06:01:00 ubuntu devstack@g-api.service[116142]: DEBUG glance_store.location [-] Registering scheme https with {'store': <glance_store._drivers.http.Store object at 0x72b0dd0b3200>, 'location_class': <class 'glance_store._drivers.http.StoreLocation'>, 'store_entry': 'http'} {{(pid=116142) register_scheme_map /opt/stack/data/venv/lib/python3.12/site-packages/glance_store/location.py:146}}
May 17 06:01:00 ubuntu devstack@g-api.service[116142]: DEBUG glance.sqlite_migration [-] SQLite caching database not located, skipping migration {{(pid=116142) get_db_path /opt/stack/glance/glance/sqlite_migration.py:68}}
May 17 06:01:00 ubuntu devstack@g-api.service[116142]: WARNING glance.common.wsgi_app [-] Import methods are enabled but staging directory /tmp/staging/ does not exist; Imports will fail!
May 17 06:01:00 ubuntu devstack@g-api.service[116142]: DEBUG glance.common.config [None req-54aeb851-5c55-4d0e-86e8-dd47a9bc1e5e None None] Loading glance-api-keystone+cachemanagement from /etc/glance/glance-api-paste.ini {{(pid=116142) load_paste_app /opt/stack/glance/glance/common/config.py:758}}
May 17 06:01:00 ubuntu devstack@g-api.service[116143]: DEBUG glance.common.config [None req-31f1d8fd-2ed8-4f17-90bf-ebfc7c22b522 None None] Loading glance-api-keystone+cachemanagement from /etc/glance/glance-api-paste.ini {{(pid=116143) load_paste_app /opt/stack/glance/glance/common/config.py:758}}
May 17 06:01:01 ubuntu devstack@g-api.service[116142]: INFO glance.image_cache [None req-54aeb851-5c55-4d0e-86e8-dd47a9bc1e5e None None] Image cache loaded driver 'centralized_db'.
May 17 06:01:01 ubuntu devstack@g-api.service[116143]: INFO glance.image_cache [None req-31f1d8fd-2ed8-4f17-90bf-ebfc7c22b522 None None] Image cache loaded driver 'centralized_db'.
May 17 06:01:01 ubuntu devstack@g-api.service[116142]: INFO dbcounter [None req-54aeb851-5c55-4d0e-86e8-dd47a9bc1e5e None None] Registered counter for database glance
May 17 06:01:01 ubuntu devstack@g-api.service[116143]: INFO dbcounter [None req-31f1d8fd-2ed8-4f17-90bf-ebfc7c22b522 None None] Registered counter for database glance
May 17 06:01:01 ubuntu devstack@g-api.service[116142]: DEBUG oslo_db.sqlalchemy.engines [None req-54aeb851-5c55-4d0e-86e8-dd47a9bc1e5e None None] MySQL server mode set to STRICT_TRANS_TABLES,STRICT_ALL_TABLES,NO_ZERO_IN_DATE,NO_ZERO_DATE,ERROR_FOR_DIVISION_BY_ZERO,TRADITIONAL,NO_ENGINE_SUBSTITUTION {{(pid=116142) _check_effective_sql_mode /opt/stack/data/venv/lib/python3.12/site-packages/oslo_db/sqlalchemy/engines.py:325}}
May 17 06:01:01 ubuntu devstack@g-api.service[116143]: DEBUG oslo_db.sqlalchemy.engines [None req-31f1d8fd-2ed8-4f17-90bf-ebfc7c22b522 None None] MySQL server mode set to STRICT_TRANS_TABLES,STRICT_ALL_TABLES,NO_ZERO_IN_DATE,NO_ZERO_DATE,ERROR_FOR_DIVISION_BY_ZERO,TRADITIONAL,NO_ENGINE_SUBSTITUTION {{(pid=116143) _check_effective_sql_mode /opt/stack/data/venv/lib/python3.12/site-packages/oslo_db/sqlalchemy/engines.py:325}}
May 17 06:01:01 ubuntu devstack@g-api.service[116142]: DEBUG dbcounter [-] [116142] Writer thread running {{(pid=116142) stat_writer /opt/stack/data/venv/lib/python3.12/site-packages/dbcounter.py:102}}
May 17 06:01:01 ubuntu devstack@g-api.service[116143]: DEBUG dbcounter [-] [116143] Writer thread running {{(pid=116143) stat_writer /opt/stack/data/venv/lib/python3.12/site-packages/dbcounter.py:102}}
May 17 06:01:01 ubuntu devstack@g-api.service[116143]: DEBUG glance.image_cache.drivers.centralized_db [None req-31f1d8fd-2ed8-4f17-90bf-ebfc7c22b522 None None] Node reference is already recorded, ignoring it {{(pid=116143) configure /opt/stack/glance/glance/image_cache/drivers/centralized_db.py:71}}
May 17 06:01:01 ubuntu devstack@g-api.service[116142]: INFO glance.image_cache [None req-54aeb851-5c55-4d0e-86e8-dd47a9bc1e5e None None] Image cache loaded driver 'centralized_db'.
May 17 06:01:01 ubuntu devstack@g-api.service[116143]: INFO glance.image_cache [None req-31f1d8fd-2ed8-4f17-90bf-ebfc7c22b522 None None] Image cache loaded driver 'centralized_db'.
May 17 06:01:01 ubuntu devstack@g-api.service[116142]: DEBUG glance.image_cache.drivers.centralized_db [None req-54aeb851-5c55-4d0e-86e8-dd47a9bc1e5e None None] Node reference is already recorded, ignoring it {{(pid=116142) configure /opt/stack/glance/glance/image_cache/drivers/centralized_db.py:71}}
May 17 06:01:01 ubuntu devstack@g-api.service[116143]: DEBUG glance.image_cache.drivers.centralized_db [None req-31f1d8fd-2ed8-4f17-90bf-ebfc7c22b522 None None] Node reference is already recorded, ignoring it {{(pid=116143) configure /opt/stack/glance/glance/image_cache/drivers/centralized_db.py:71}}
May 17 06:01:01 ubuntu devstack@g-api.service[116142]: DEBUG glance.api.v2.cached_images [None req-54aeb851-5c55-4d0e-86e8-dd47a9bc1e5e None None] Started cache worker thread {{(pid=116142) __init__ /opt/stack/glance/glance/api/v2/cached_images.py:69}}
May 17 06:01:01 ubuntu devstack@g-api.service[116142]: INFO glance.image_cache [None req-54aeb851-5c55-4d0e-86e8-dd47a9bc1e5e None None] Image cache loaded driver 'centralized_db'.
May 17 06:01:01 ubuntu devstack@g-api.service[116143]: DEBUG glance.api.v2.cached_images [None req-31f1d8fd-2ed8-4f17-90bf-ebfc7c22b522 None None] Started cache worker thread {{(pid=116143) __init__ /opt/stack/glance/glance/api/v2/cached_images.py:69}}
May 17 06:01:01 ubuntu devstack@g-api.service[116143]: INFO glance.image_cache [None req-31f1d8fd-2ed8-4f17-90bf-ebfc7c22b522 None None] Image cache loaded driver 'centralized_db'.
May 17 06:01:01 ubuntu devstack@g-api.service[116142]: DEBUG glance.image_cache.drivers.centralized_db [None req-54aeb851-5c55-4d0e-86e8-dd47a9bc1e5e None None] Node reference is already recorded, ignoring it {{(pid=116142) configure /opt/stack/glance/glance/image_cache/drivers/centralized_db.py:71}}
May 17 06:01:01 ubuntu devstack@g-api.service[116143]: DEBUG glance.image_cache.drivers.centralized_db [None req-31f1d8fd-2ed8-4f17-90bf-ebfc7c22b522 None None] Node reference is already recorded, ignoring it {{(pid=116143) configure /opt/stack/glance/glance/image_cache/drivers/centralized_db.py:71}}
May 17 06:01:01 ubuntu devstack@g-api.service[116142]: INFO glance.api.middleware.cache_manage [None req-54aeb851-5c55-4d0e-86e8-dd47a9bc1e5e None None] Initialized image cache management middleware
May 17 06:01:01 ubuntu devstack@g-api.service[116142]: INFO glance.image_cache [None req-54aeb851-5c55-4d0e-86e8-dd47a9bc1e5e None None] Image cache loaded driver 'centralized_db'.
May 17 06:01:01 ubuntu devstack@g-api.service[116143]: INFO glance.api.middleware.cache_manage [None req-31f1d8fd-2ed8-4f17-90bf-ebfc7c22b522 None None] Initialized image cache management middleware
May 17 06:01:01 ubuntu devstack@g-api.service[116143]: INFO glance.image_cache [None req-31f1d8fd-2ed8-4f17-90bf-ebfc7c22b522 None None] Image cache loaded driver 'centralized_db'.
May 17 06:01:01 ubuntu devstack@g-api.service[116142]: DEBUG glance.image_cache.drivers.centralized_db [None req-54aeb851-5c55-4d0e-86e8-dd47a9bc1e5e None None] Node reference is already recorded, ignoring it {{(pid=116142) configure /opt/stack/glance/glance/image_cache/drivers/centralized_db.py:71}}
May 17 06:01:01 ubuntu devstack@g-api.service[116143]: DEBUG glance.image_cache.drivers.centralized_db [None req-31f1d8fd-2ed8-4f17-90bf-ebfc7c22b522 None None] Node reference is already recorded, ignoring it {{(pid=116143) configure /opt/stack/glance/glance/image_cache/drivers/centralized_db.py:71}}
May 17 06:01:01 ubuntu devstack@g-api.service[116143]: INFO glance.api.middleware.cache [None req-31f1d8fd-2ed8-4f17-90bf-ebfc7c22b522 None None] Initialized image cache middleware
May 17 06:01:01 ubuntu devstack@g-api.service[116142]: INFO glance.api.middleware.cache [None req-54aeb851-5c55-4d0e-86e8-dd47a9bc1e5e None None] Initialized image cache middleware
May 17 06:01:01 ubuntu devstack@g-api.service[116143]: WARNING keystonemiddleware.auth_token [None req-31f1d8fd-2ed8-4f17-90bf-ebfc7c22b522 None None] AuthToken middleware is set with keystone_authtoken.service_token_roles_required set to False. This is backwards compatible but deprecated behaviour. Please set this to True.
May 17 06:01:01 ubuntu devstack@g-api.service[116142]: WARNING keystonemiddleware.auth_token [None req-54aeb851-5c55-4d0e-86e8-dd47a9bc1e5e None None] AuthToken middleware is set with keystone_authtoken.service_token_roles_required set to False. This is backwards compatible but deprecated behaviour. Please set this to True.
May 17 06:01:01 ubuntu devstack@g-api.service[116143]: DEBUG glance.common.config [None req-31f1d8fd-2ed8-4f17-90bf-ebfc7c22b522 None None] ******************************************************************************** {{(pid=116143) log_opt_values /opt/stack/data/venv/lib/python3.12/site-packages/oslo_config/cfg.py:2979}}
May 17 06:01:01 ubuntu devstack@g-api.service[116143]: DEBUG glance.common.config [None req-31f1d8fd-2ed8-4f17-90bf-ebfc7c22b522 None None] Configuration options gathered from: {{(pid=116143) log_opt_values /opt/stack/data/venv/lib/python3.12/site-packages/oslo_config/cfg.py:2980}}
May 17 06:01:01 ubuntu devstack@g-api.service[116143]: DEBUG glance.common.config [None req-31f1d8fd-2ed8-4f17-90bf-ebfc7c22b522 None None] command line args: [] {{(pid=116143) log_opt_values /opt/stack/data/venv/lib/python3.12/site-packages/oslo_config/cfg.py:2981}}
May 17 06:01:01 ubuntu devstack@g-api.service[116143]: DEBUG glance.common.config [None req-31f1d8fd-2ed8-4f17-90bf-ebfc7c22b522 None None] config files: ['/etc/glance/glance-image-import.conf', '/etc/glance/glance-api.conf'] {{(pid=116143) log_opt_values /opt/stack/data/venv/lib/python3.12/site-packages/oslo_config/cfg.py:2982}}
May 17 06:01:01 ubuntu devstack@g-api.service[116143]: DEBUG glance.common.config [None req-31f1d8fd-2ed8-4f17-90bf-ebfc7c22b522 None None] ================================================================================ {{(pid=116143) log_opt_values /opt/stack/data/venv/lib/python3.12/site-packages/oslo_config/cfg.py:2987}}
May 17 06:01:01 ubuntu devstack@g-api.service[116143]: DEBUG glance.common.config [None req-31f1d8fd-2ed8-4f17-90bf-ebfc7c22b522 None None] allow_anonymous_access         = False {{(pid=116143) log_opt_values /opt/stack/data/venv/lib/python3.12/site-packages/oslo_config/cfg.py:2995}}
May 17 06:01:01 ubuntu devstack@g-api.service[116143]: DEBUG glance.common.config [None req-31f1d8fd-2ed8-4f17-90bf-ebfc7c22b522 None None] api_limit_max                  = 1000 {{(pid=116143) log_opt_values /opt/stack/data/venv/lib/python3.12/site-packages/oslo_config/cfg.py:2995}}
May 17 06:01:01 ubuntu devstack@g-api.service[116143]: DEBUG glance.common.config [None req-31f1d8fd-2ed8-4f17-90bf-ebfc7c22b522 None None] backlog                        = 4096 {{(pid=116143) log_opt_values /opt/stack/data/venv/lib/python3.12/site-packages/oslo_config/cfg.py:2995}}
May 17 06:01:01 ubuntu devstack@g-api.service[116143]: DEBUG glance.common.config [None req-31f1d8fd-2ed8-4f17-90bf-ebfc7c22b522 None None] bind_host                      = 0.0.0.0 {{(pid=116143) log_opt_values /opt/stack/data/venv/lib/python3.12/site-packages/oslo_config/cfg.py:2995}}
May 17 06:01:01 ubuntu devstack@g-api.service[116143]: DEBUG glance.common.config [None req-31f1d8fd-2ed8-4f17-90bf-ebfc7c22b522 None None] bind_port                      = None {{(pid=116143) log_opt_values /opt/stack/data/venv/lib/python3.12/site-packages/oslo_config/cfg.py:2995}}
May 17 06:01:01 ubuntu devstack@g-api.service[116143]: DEBUG glance.common.config [None req-31f1d8fd-2ed8-4f17-90bf-ebfc7c22b522 None None] client_socket_timeout          = 900 {{(pid=116143) log_opt_values /opt/stack/data/venv/lib/python3.12/site-packages/oslo_config/cfg.py:2995}}
May 17 06:01:01 ubuntu devstack@g-api.service[116143]: DEBUG glance.common.config [None req-31f1d8fd-2ed8-4f17-90bf-ebfc7c22b522 None None] config_dir                     = [] {{(pid=116143) log_opt_values /opt/stack/data/venv/lib/python3.12/site-packages/oslo_config/cfg.py:2995}}
May 17 06:01:01 ubuntu devstack@g-api.service[116143]: DEBUG glance.common.config [None req-31f1d8fd-2ed8-4f17-90bf-ebfc7c22b522 None None] config_file                    = ['/etc/glance/glance-image-import.conf', '/etc/glance/glance-api.conf'] {{(pid=116143) log_opt_values /opt/stack/data/venv/lib/python3.12/site-packages/oslo_config/cfg.py:2995}}
May 17 06:01:01 ubuntu devstack@g-api.service[116143]: DEBUG glance.common.config [None req-31f1d8fd-2ed8-4f17-90bf-ebfc7c22b522 None None] config_source                  = [] {{(pid=116143) log_opt_values /opt/stack/data/venv/lib/python3.12/site-packages/oslo_config/cfg.py:2995}}
May 17 06:01:01 ubuntu devstack@g-api.service[116143]: DEBUG glance.common.config [None req-31f1d8fd-2ed8-4f17-90bf-ebfc7c22b522 None None] control_exchange               = glance {{(pid=116143) log_opt_values /opt/stack/data/venv/lib/python3.12/site-packages/oslo_config/cfg.py:2995}}
May 17 06:01:01 ubuntu devstack@g-api.service[116143]: DEBUG glance.common.config [None req-31f1d8fd-2ed8-4f17-90bf-ebfc7c22b522 None None] debug                          = True {{(pid=116143) log_opt_values /opt/stack/data/venv/lib/python3.12/site-packages/oslo_config/cfg.py:2995}}
May 17 06:01:01 ubuntu devstack@g-api.service[116143]: DEBUG glance.common.config [None req-31f1d8fd-2ed8-4f17-90bf-ebfc7c22b522 None None] default_log_levels             = ['amqp=WARN', 'boto=WARN', 'sqlalchemy=WARN', 'suds=INFO', 'oslo.messaging=INFO', 'oslo_messaging=INFO', 'iso8601=WARN', 'requests.packages.urllib3.connectionpool=WARN', 'urllib3.connectionpool=WARN', 'websocket=WARN', 'requests.packages.urllib3.util.retry=WARN', 'urllib3.util.retry=WARN', 'keystonemiddleware=WARN', 'routes.middleware=WARN', 'stevedore=WARN', 'taskflow=WARN', 'keystoneauth=WARN', 'oslo.cache=INFO', 'oslo_policy=INFO', 'dogpile.core.dogpile=INFO'] {{(pid=116143) log_opt_values /opt/stack/data/venv/lib/python3.12/site-packages/oslo_config/cfg.py:2995}}
May 17 06:01:01 ubuntu devstack@g-api.service[116143]: DEBUG glance.common.config [None req-31f1d8fd-2ed8-4f17-90bf-ebfc7c22b522 None None] default_publisher_id           = image.localhost {{(pid=116143) log_opt_values /opt/stack/data/venv/lib/python3.12/site-packages/oslo_config/cfg.py:2995}}
May 17 06:01:01 ubuntu devstack@g-api.service[116143]: DEBUG glance.common.config [None req-31f1d8fd-2ed8-4f17-90bf-ebfc7c22b522 None None] delayed_delete                 = False {{(pid=116143) log_opt_values /opt/stack/data/venv/lib/python3.12/site-packages/oslo_config/cfg.py:2995}}
May 17 06:01:01 ubuntu devstack@g-api.service[116143]: DEBUG glance.common.config [None req-31f1d8fd-2ed8-4f17-90bf-ebfc7c22b522 None None] digest_algorithm               = sha256 {{(pid=116143) log_opt_values /opt/stack/data/venv/lib/python3.12/site-packages/oslo_config/cfg.py:2995}}
May 17 06:01:01 ubuntu devstack@g-api.service[116143]: DEBUG glance.common.config [None req-31f1d8fd-2ed8-4f17-90bf-ebfc7c22b522 None None] disabled_notifications         = [] {{(pid=116143) log_opt_values /opt/stack/data/venv/lib/python3.12/site-packages/oslo_config/cfg.py:2995}}
May 17 06:01:01 ubuntu devstack@g-api.service[116143]: DEBUG glance.common.config [None req-31f1d8fd-2ed8-4f17-90bf-ebfc7c22b522 None None] do_secure_hash                 = True {{(pid=116143) log_opt_values /opt/stack/data/venv/lib/python3.12/site-packages/oslo_config/cfg.py:2995}}
May 17 06:01:01 ubuntu devstack@g-api.service[116143]: DEBUG glance.common.config [None req-31f1d8fd-2ed8-4f17-90bf-ebfc7c22b522 None None] enabled_backends               = None {{(pid=116143) log_opt_values /opt/stack/data/venv/lib/python3.12/site-packages/oslo_config/cfg.py:2995}}
May 17 06:01:01 ubuntu devstack@g-api.service[116143]: DEBUG glance.common.config [None req-31f1d8fd-2ed8-4f17-90bf-ebfc7c22b522 None None] enabled_import_methods         = ['glance-direct', 'web-download', 'copy-image'] {{(pid=116143) log_opt_values /opt/stack/data/venv/lib/python3.12/site-packages/oslo_config/cfg.py:2995}}
May 17 06:01:01 ubuntu devstack@g-api.service[116143]: DEBUG glance.common.config [None req-31f1d8fd-2ed8-4f17-90bf-ebfc7c22b522 None None] hashing_algorithm              = sha512 {{(pid=116143) log_opt_values /opt/stack/data/venv/lib/python3.12/site-packages/oslo_config/cfg.py:2995}}
May 17 06:01:01 ubuntu devstack@g-api.service[116143]: DEBUG glance.common.config [None req-31f1d8fd-2ed8-4f17-90bf-ebfc7c22b522 None None] http_keepalive                 = True {{(pid=116143) log_opt_values /opt/stack/data/venv/lib/python3.12/site-packages/oslo_config/cfg.py:2995}}
May 17 06:01:01 ubuntu devstack@g-api.service[116143]: DEBUG glance.common.config [None req-31f1d8fd-2ed8-4f17-90bf-ebfc7c22b522 None None] http_retries                   = 3 {{(pid=116143) log_opt_values /opt/stack/data/venv/lib/python3.12/site-packages/oslo_config/cfg.py:2995}}
May 17 06:01:01 ubuntu devstack@g-api.service[116143]: DEBUG glance.common.config [None req-31f1d8fd-2ed8-4f17-90bf-ebfc7c22b522 None None] image_cache_dir                = /opt/stack/data/glance/cache/ {{(pid=116143) log_opt_values /opt/stack/data/venv/lib/python3.12/site-packages/oslo_config/cfg.py:2995}}
May 17 06:01:01 ubuntu devstack@g-api.service[116143]: DEBUG glance.common.config [None req-31f1d8fd-2ed8-4f17-90bf-ebfc7c22b522 None None] image_cache_driver             = centralized_db {{(pid=116143) log_opt_values /opt/stack/data/venv/lib/python3.12/site-packages/oslo_config/cfg.py:2995}}
May 17 06:01:01 ubuntu devstack@g-api.service[116143]: DEBUG glance.common.config [None req-31f1d8fd-2ed8-4f17-90bf-ebfc7c22b522 None None] image_cache_max_size           = 10737418240 {{(pid=116143) log_opt_values /opt/stack/data/venv/lib/python3.12/site-packages/oslo_config/cfg.py:2995}}
May 17 06:01:01 ubuntu devstack@g-api.service[116143]: DEBUG glance.common.config [None req-31f1d8fd-2ed8-4f17-90bf-ebfc7c22b522 None None] image_cache_sqlite_db          = cache.db {{(pid=116143) log_opt_values /opt/stack/data/venv/lib/python3.12/site-packages/oslo_config/cfg.py:2995}}
May 17 06:01:01 ubuntu devstack@g-api.service[116143]: DEBUG glance.common.config [None req-31f1d8fd-2ed8-4f17-90bf-ebfc7c22b522 None None] image_cache_stall_time         = 86400 {{(pid=116143) log_opt_values /opt/stack/data/venv/lib/python3.12/site-packages/oslo_config/cfg.py:2995}}
May 17 06:01:01 ubuntu devstack@g-api.service[116143]: DEBUG glance.common.config [None req-31f1d8fd-2ed8-4f17-90bf-ebfc7c22b522 None None] image_location_quota           = 10 {{(pid=116143) log_opt_values /opt/stack/data/venv/lib/python3.12/site-packages/oslo_config/cfg.py:2995}}
May 17 06:01:01 ubuntu devstack@g-api.service[116143]: DEBUG glance.common.config [None req-31f1d8fd-2ed8-4f17-90bf-ebfc7c22b522 None None] image_member_quota             = 128 {{(pid=116143) log_opt_values /opt/stack/data/venv/lib/python3.12/site-packages/oslo_config/cfg.py:2995}}
May 17 06:01:01 ubuntu devstack@g-api.service[116143]: DEBUG glance.common.config [None req-31f1d8fd-2ed8-4f17-90bf-ebfc7c22b522 None None] image_property_quota           = 128 {{(pid=116143) log_opt_values /opt/stack/data/venv/lib/python3.12/site-packages/oslo_config/cfg.py:2995}}
May 17 06:01:01 ubuntu devstack@g-api.service[116142]: DEBUG glance.common.config [None req-54aeb851-5c55-4d0e-86e8-dd47a9bc1e5e None None] ******************************************************************************** {{(pid=116142) log_opt_values /opt/stack/data/venv/lib/python3.12/site-packages/oslo_config/cfg.py:2979}}
May 17 06:01:01 ubuntu devstack@g-api.service[116143]: DEBUG glance.common.config [None req-31f1d8fd-2ed8-4f17-90bf-ebfc7c22b522 None None] image_size_cap                 = 1099511627776 {{(pid=116143) log_opt_values /opt/stack/data/venv/lib/python3.12/site-packages/oslo_config/cfg.py:2995}}
May 17 06:01:01 ubuntu devstack@g-api.service[116142]: DEBUG glance.common.config [None req-54aeb851-5c55-4d0e-86e8-dd47a9bc1e5e None None] Configuration options gathered from: {{(pid=116142) log_opt_values /opt/stack/data/venv/lib/python3.12/site-packages/oslo_config/cfg.py:2980}}
May 17 06:01:01 ubuntu devstack@g-api.service[116143]: DEBUG glance.common.config [None req-31f1d8fd-2ed8-4f17-90bf-ebfc7c22b522 None None] image_tag_quota                = 128 {{(pid=116143) log_opt_values /opt/stack/data/venv/lib/python3.12/site-packages/oslo_config/cfg.py:2995}}
May 17 06:01:01 ubuntu devstack@g-api.service[116143]: DEBUG glance.common.config [None req-31f1d8fd-2ed8-4f17-90bf-ebfc7c22b522 None None] instance_format                = [instance: %(uuid)s]  {{(pid=116143) log_opt_values /opt/stack/data/venv/lib/python3.12/site-packages/oslo_config/cfg.py:2995}}
May 17 06:01:01 ubuntu devstack@g-api.service[116143]: DEBUG glance.common.config [None req-31f1d8fd-2ed8-4f17-90bf-ebfc7c22b522 None None] instance_uuid_format           = [instance: %(uuid)s]  {{(pid=116143) log_opt_values /opt/stack/data/venv/lib/python3.12/site-packages/oslo_config/cfg.py:2995}}
May 17 06:01:01 ubuntu devstack@g-api.service[116142]: DEBUG glance.common.config [None req-54aeb851-5c55-4d0e-86e8-dd47a9bc1e5e None None] command line args: [] {{(pid=116142) log_opt_values /opt/stack/data/venv/lib/python3.12/site-packages/oslo_config/cfg.py:2981}}
May 17 06:01:01 ubuntu devstack@g-api.service[116143]: DEBUG glance.common.config [None req-31f1d8fd-2ed8-4f17-90bf-ebfc7c22b522 None None] limit_param_default            = 25 {{(pid=116143) log_opt_values /opt/stack/data/venv/lib/python3.12/site-packages/oslo_config/cfg.py:2995}}
May 17 06:01:01 ubuntu devstack@g-api.service[116142]: DEBUG glance.common.config [None req-54aeb851-5c55-4d0e-86e8-dd47a9bc1e5e None None] config files: ['/etc/glance/glance-image-import.conf', '/etc/glance/glance-api.conf'] {{(pid=116142) log_opt_values /opt/stack/data/venv/lib/python3.12/site-packages/oslo_config/cfg.py:2982}}
May 17 06:01:01 ubuntu devstack@g-api.service[116143]: DEBUG glance.common.config [None req-31f1d8fd-2ed8-4f17-90bf-ebfc7c22b522 None None] log_color                      = True {{(pid=116143) log_opt_values /opt/stack/data/venv/lib/python3.12/site-packages/oslo_config/cfg.py:2995}}
May 17 06:01:01 ubuntu devstack@g-api.service[116142]: DEBUG glance.common.config [None req-54aeb851-5c55-4d0e-86e8-dd47a9bc1e5e None None] ================================================================================ {{(pid=116142) log_opt_values /opt/stack/data/venv/lib/python3.12/site-packages/oslo_config/cfg.py:2987}}
May 17 06:01:01 ubuntu devstack@g-api.service[116143]: DEBUG glance.common.config [None req-31f1d8fd-2ed8-4f17-90bf-ebfc7c22b522 None None] log_config_append              = None {{(pid=116143) log_opt_values /opt/stack/data/venv/lib/python3.12/site-packages/oslo_config/cfg.py:2995}}
May 17 06:01:01 ubuntu devstack@g-api.service[116143]: DEBUG glance.common.config [None req-31f1d8fd-2ed8-4f17-90bf-ebfc7c22b522 None None] log_date_format                = %Y-%m-%d %H:%M:%S {{(pid=116143) log_opt_values /opt/stack/data/venv/lib/python3.12/site-packages/oslo_config/cfg.py:2995}}
May 17 06:01:01 ubuntu devstack@g-api.service[116143]: DEBUG glance.common.config [None req-31f1d8fd-2ed8-4f17-90bf-ebfc7c22b522 None None] log_dir                        = None {{(pid=116143) log_opt_values /opt/stack/data/venv/lib/python3.12/site-packages/oslo_config/cfg.py:2995}}
May 17 06:01:01 ubuntu devstack@g-api.service[116143]: DEBUG glance.common.config [None req-31f1d8fd-2ed8-4f17-90bf-ebfc7c22b522 None None] log_file                       = None {{(pid=116143) log_opt_values /opt/stack/data/venv/lib/python3.12/site-packages/oslo_config/cfg.py:2995}}
May 17 06:01:01 ubuntu devstack@g-api.service[116143]: DEBUG glance.common.config [None req-31f1d8fd-2ed8-4f17-90bf-ebfc7c22b522 None None] log_rotate_interval            = 1 {{(pid=116143) log_opt_values /opt/stack/data/venv/lib/python3.12/site-packages/oslo_config/cfg.py:2995}}
May 17 06:01:01 ubuntu devstack@g-api.service[116143]: DEBUG glance.common.config [None req-31f1d8fd-2ed8-4f17-90bf-ebfc7c22b522 None None] log_rotate_interval_type       = days {{(pid=116143) log_opt_values /opt/stack/data/venv/lib/python3.12/site-packages/oslo_config/cfg.py:2995}}
May 17 06:01:01 ubuntu devstack@g-api.service[116143]: DEBUG glance.common.config [None req-31f1d8fd-2ed8-4f17-90bf-ebfc7c22b522 None None] log_rotation_type              = none {{(pid=116143) log_opt_values /opt/stack/data/venv/lib/python3.12/site-packages/oslo_config/cfg.py:2995}}
May 17 06:01:01 ubuntu devstack@g-api.service[116143]: DEBUG glance.common.config [None req-31f1d8fd-2ed8-4f17-90bf-ebfc7c22b522 None None] logging_context_format_string  = %(color)s%(levelname)s %(name)s [%(global_request_id)s %(request_id)s %(project_name)s %(user_name)s%(color)s] %(instance)s%(color)s%(message)s {{(pid=116143) log_opt_values /opt/stack/data/venv/lib/python3.12/site-packages/oslo_config/cfg.py:2995}}
May 17 06:01:01 ubuntu devstack@g-api.service[116143]: DEBUG glance.common.config [None req-31f1d8fd-2ed8-4f17-90bf-ebfc7c22b522 None None] logging_debug_format_suffix    = {{(pid=%(process)d) %(funcName)s %(pathname)s:%(lineno)d}} {{(pid=116143) log_opt_values /opt/stack/data/venv/lib/python3.12/site-packages/oslo_config/cfg.py:2995}}
May 17 06:01:01 ubuntu devstack@g-api.service[116143]: DEBUG glance.common.config [None req-31f1d8fd-2ed8-4f17-90bf-ebfc7c22b522 None None] logging_default_format_string  = %(color)s%(levelname)s %(name)s [-%(color)s] %(instance)s%(color)s%(message)s {{(pid=116143) log_opt_values /opt/stack/data/venv/lib/python3.12/site-packages/oslo_config/cfg.py:2995}}
May 17 06:01:01 ubuntu devstack@g-api.service[116143]: DEBUG glance.common.config [None req-31f1d8fd-2ed8-4f17-90bf-ebfc7c22b522 None None] logging_exception_prefix       = ERROR %(name)s %(instance)s {{(pid=116143) log_opt_values /opt/stack/data/venv/lib/python3.12/site-packages/oslo_config/cfg.py:2995}}
May 17 06:01:01 ubuntu devstack@g-api.service[116143]: DEBUG glance.common.config [None req-31f1d8fd-2ed8-4f17-90bf-ebfc7c22b522 None None] logging_user_identity_format   = %(user)s %(project)s %(domain)s %(system_scope)s %(user_domain)s %(project_domain)s {{(pid=116143) log_opt_values /opt/stack/data/venv/lib/python3.12/site-packages/oslo_config/cfg.py:2995}}
May 17 06:01:01 ubuntu devstack@g-api.service[116143]: DEBUG glance.common.config [None req-31f1d8fd-2ed8-4f17-90bf-ebfc7c22b522 None None] max_header_line                = 16384 {{(pid=116143) log_opt_values /opt/stack/data/venv/lib/python3.12/site-packages/oslo_config/cfg.py:2995}}
May 17 06:01:01 ubuntu devstack@g-api.service[116143]: DEBUG glance.common.config [None req-31f1d8fd-2ed8-4f17-90bf-ebfc7c22b522 None None] max_logfile_count              = 30 {{(pid=116143) log_opt_values /opt/stack/data/venv/lib/python3.12/site-packages/oslo_config/cfg.py:2995}}
May 17 06:01:01 ubuntu devstack@g-api.service[116143]: DEBUG glance.common.config [None req-31f1d8fd-2ed8-4f17-90bf-ebfc7c22b522 None None] max_logfile_size_mb            = 200 {{(pid=116143) log_opt_values /opt/stack/data/venv/lib/python3.12/site-packages/oslo_config/cfg.py:2995}}
May 17 06:01:01 ubuntu devstack@g-api.service[116143]: DEBUG glance.common.config [None req-31f1d8fd-2ed8-4f17-90bf-ebfc7c22b522 None None] max_request_id_length          = 64 {{(pid=116143) log_opt_values /opt/stack/data/venv/lib/python3.12/site-packages/oslo_config/cfg.py:2995}}
May 17 06:01:01 ubuntu devstack@g-api.service[116143]: DEBUG glance.common.config [None req-31f1d8fd-2ed8-4f17-90bf-ebfc7c22b522 None None] metadata_encryption_key        = **** {{(pid=116143) log_opt_values /opt/stack/data/venv/lib/python3.12/site-packages/oslo_config/cfg.py:2995}}
