Mar 26 18:59:37 ubuntu devstack@c-api.service[111648]: WARNING castellan.key_manager [None req-1b9271b6-0fec-480a-85c8-02951109b5c6 None None] Deprecation Warning : cinder.keymgr.conf_key_mgr.ConfKeyManager is not a stevedore based driver, trying to load it as a class: stevedore.exception.NoMatches: No 'castellan.drivers' driver found, looking for 'cinder.keymgr.conf_key_mgr.ConfKeyManager'
Mar 26 18:59:37 ubuntu devstack@c-api.service[111647]: DEBUG cinder.api.v3.router [None req-d956984a-ac6e-4d1b-bcea-49ba6fc4c574 None None] Extended resource: encryption {{(pid=111647) _setup_ext_routes /opt/stack/cinder/cinder/api/v3/router.py:122}}
Mar 26 18:59:37 ubuntu devstack@c-api.service[111648]: WARNING stevedore.named [None req-1b9271b6-0fec-480a-85c8-02951109b5c6 None None] Could not load cinder.keymgr.conf_key_mgr.ConfKeyManager
Mar 26 18:59:37 ubuntu devstack@c-api.service[111648]: WARNING castellan.key_manager [None req-1b9271b6-0fec-480a-85c8-02951109b5c6 None None] Deprecation Warning : cinder.keymgr.conf_key_mgr.ConfKeyManager is not a stevedore based driver, trying to load it as a class: stevedore.exception.NoMatches: No 'castellan.drivers' driver found, looking for 'cinder.keymgr.conf_key_mgr.ConfKeyManager'
Mar 26 18:59:37 ubuntu devstack@c-api.service[111648]: WARNING stevedore.named [None req-1b9271b6-0fec-480a-85c8-02951109b5c6 None None] Could not load cinder.keymgr.conf_key_mgr.ConfKeyManager
Mar 26 18:59:37 ubuntu devstack@c-api.service[111648]: WARNING castellan.key_manager [None req-1b9271b6-0fec-480a-85c8-02951109b5c6 None None] Deprecation Warning : cinder.keymgr.conf_key_mgr.ConfKeyManager is not a stevedore based driver, trying to load it as a class: stevedore.exception.NoMatches: No 'castellan.drivers' driver found, looking for 'cinder.keymgr.conf_key_mgr.ConfKeyManager'
Mar 26 18:59:37 ubuntu devstack@c-api.service[111647]: DEBUG cinder.api.v3.router [None req-d956984a-ac6e-4d1b-bcea-49ba6fc4c574 None None] Extended resource: extra_specs {{(pid=111647) _setup_ext_routes /opt/stack/cinder/cinder/api/v3/router.py:122}}
Mar 26 18:59:37 ubuntu devstack@c-api.service[111648]: DEBUG cinder.api.contrib.snapshot_actions [None req-1b9271b6-0fec-480a-85c8-02951109b5c6 None None] SnapshotActionsController initialized {{(pid=111648) __init__ /opt/stack/cinder/cinder/api/contrib/snapshot_actions.py:33}}
Mar 26 18:59:37 ubuntu devstack@c-api.service[111648]: WARNING stevedore.named [None req-1b9271b6-0fec-480a-85c8-02951109b5c6 None None] Could not load cinder.keymgr.conf_key_mgr.ConfKeyManager
Mar 26 18:59:37 ubuntu devstack@c-api.service[111648]: WARNING castellan.key_manager [None req-1b9271b6-0fec-480a-85c8-02951109b5c6 None None] Deprecation Warning : cinder.keymgr.conf_key_mgr.ConfKeyManager is not a stevedore based driver, trying to load it as a class: stevedore.exception.NoMatches: No 'castellan.drivers' driver found, looking for 'cinder.keymgr.conf_key_mgr.ConfKeyManager'
Mar 26 18:59:37 ubuntu devstack@c-api.service[111648]: WARNING stevedore.named [None req-1b9271b6-0fec-480a-85c8-02951109b5c6 None None] Could not load cinder.keymgr.conf_key_mgr.ConfKeyManager
Mar 26 18:59:37 ubuntu devstack@c-api.service[111648]: WARNING castellan.key_manager [None req-1b9271b6-0fec-480a-85c8-02951109b5c6 None None] Deprecation Warning : cinder.keymgr.conf_key_mgr.ConfKeyManager is not a stevedore based driver, trying to load it as a class: stevedore.exception.NoMatches: No 'castellan.drivers' driver found, looking for 'cinder.keymgr.conf_key_mgr.ConfKeyManager'
Mar 26 18:59:37 ubuntu devstack@c-api.service[111647]: DEBUG cinder.api.v3.router [None req-d956984a-ac6e-4d1b-bcea-49ba6fc4c574 None None] Extended resource: scheduler-stats {{(pid=111647) _setup_ext_routes /opt/stack/cinder/cinder/api/v3/router.py:122}}
Mar 26 18:59:37 ubuntu devstack@c-api.service[111648]: WARNING stevedore.named [None req-1b9271b6-0fec-480a-85c8-02951109b5c6 None None] Could not load cinder.keymgr.conf_key_mgr.ConfKeyManager
Mar 26 18:59:37 ubuntu devstack@c-api.service[111648]: WARNING castellan.key_manager [None req-1b9271b6-0fec-480a-85c8-02951109b5c6 None None] Deprecation Warning : cinder.keymgr.conf_key_mgr.ConfKeyManager is not a stevedore based driver, trying to load it as a class: stevedore.exception.NoMatches: No 'castellan.drivers' driver found, looking for 'cinder.keymgr.conf_key_mgr.ConfKeyManager'
Mar 26 18:59:37 ubuntu devstack@c-api.service[111648]: WARNING stevedore.named [None req-1b9271b6-0fec-480a-85c8-02951109b5c6 None None] Could not load cinder.keymgr.conf_key_mgr.ConfKeyManager
Mar 26 18:59:37 ubuntu devstack@c-api.service[111648]: WARNING castellan.key_manager [None req-1b9271b6-0fec-480a-85c8-02951109b5c6 None None] Deprecation Warning : cinder.keymgr.conf_key_mgr.ConfKeyManager is not a stevedore based driver, trying to load it as a class: stevedore.exception.NoMatches: No 'castellan.drivers' driver found, looking for 'cinder.keymgr.conf_key_mgr.ConfKeyManager'
Mar 26 18:59:37 ubuntu devstack@c-api.service[111647]: WARNING stevedore.named [None req-d956984a-ac6e-4d1b-bcea-49ba6fc4c574 None None] Could not load cinder.keymgr.conf_key_mgr.ConfKeyManager
Mar 26 18:59:37 ubuntu devstack@c-api.service[111647]: WARNING castellan.key_manager [None req-d956984a-ac6e-4d1b-bcea-49ba6fc4c574 None None] Deprecation Warning : cinder.keymgr.conf_key_mgr.ConfKeyManager is not a stevedore based driver, trying to load it as a class: stevedore.exception.NoMatches: No 'castellan.drivers' driver found, looking for 'cinder.keymgr.conf_key_mgr.ConfKeyManager'
Mar 26 18:59:37 ubuntu devstack@c-api.service[111648]: DEBUG cinder.api.v3.router [None req-1b9271b6-0fec-480a-85c8-02951109b5c6 None None] Extension VolumeTypeEncryption extending resource: types {{(pid=111648) _setup_extensions /opt/stack/cinder/cinder/api/v3/router.py:155}}
Mar 26 18:59:37 ubuntu devstack@c-api.service[111648]: DEBUG cinder.api.v3.router [None req-1b9271b6-0fec-480a-85c8-02951109b5c6 None None] Extension UsedLimits extending resource: limits {{(pid=111648) _setup_extensions /opt/stack/cinder/cinder/api/v3/router.py:155}}
Mar 26 18:59:37 ubuntu devstack@c-api.service[111648]: DEBUG cinder.api.v3.router [None req-1b9271b6-0fec-480a-85c8-02951109b5c6 None None] Extension SnapshotUnmanage extending resource: snapshots {{(pid=111648) _setup_extensions /opt/stack/cinder/cinder/api/v3/router.py:155}}
Mar 26 18:59:37 ubuntu devstack@c-api.service[111647]: WARNING stevedore.named [None req-d956984a-ac6e-4d1b-bcea-49ba6fc4c574 None None] Could not load cinder.keymgr.conf_key_mgr.ConfKeyManager
Mar 26 18:59:37 ubuntu devstack@c-api.service[111648]: DEBUG cinder.api.v3.router [None req-1b9271b6-0fec-480a-85c8-02951109b5c6 None None] Extension VolumeActions extending resource: volumes {{(pid=111648) _setup_extensions /opt/stack/cinder/cinder/api/v3/router.py:155}}
Mar 26 18:59:37 ubuntu devstack@c-api.service[111647]: WARNING castellan.key_manager [None req-d956984a-ac6e-4d1b-bcea-49ba6fc4c574 None None] Deprecation Warning : cinder.keymgr.conf_key_mgr.ConfKeyManager is not a stevedore based driver, trying to load it as a class: stevedore.exception.NoMatches: No 'castellan.drivers' driver found, looking for 'cinder.keymgr.conf_key_mgr.ConfKeyManager'
Mar 26 18:59:37 ubuntu devstack@c-api.service[111648]: DEBUG cinder.api.v3.router [None req-1b9271b6-0fec-480a-85c8-02951109b5c6 None None] Extension VolumeTypeAccess extending resource: types {{(pid=111648) _setup_extensions /opt/stack/cinder/cinder/api/v3/router.py:155}}
Mar 26 18:59:37 ubuntu devstack@c-api.service[111648]: DEBUG cinder.api.v3.router [None req-1b9271b6-0fec-480a-85c8-02951109b5c6 None None] Extension VolumeUnmanage extending resource: volumes {{(pid=111648) _setup_extensions /opt/stack/cinder/cinder/api/v3/router.py:155}}
Mar 26 18:59:37 ubuntu devstack@c-api.service[111648]: DEBUG cinder.api.v3.router [None req-1b9271b6-0fec-480a-85c8-02951109b5c6 None None] Extension VolumeTenantAttribute extending resource: volumes {{(pid=111648) _setup_extensions /opt/stack/cinder/cinder/api/v3/router.py:155}}
Mar 26 18:59:37 ubuntu devstack@c-api.service[111648]: DEBUG cinder.api.v3.router [None req-1b9271b6-0fec-480a-85c8-02951109b5c6 None None] Extension SnapshotActions extending resource: snapshots {{(pid=111648) _setup_extensions /opt/stack/cinder/cinder/api/v3/router.py:155}}
Mar 26 18:59:37 ubuntu devstack@c-api.service[111647]: WARNING stevedore.named [None req-d956984a-ac6e-4d1b-bcea-49ba6fc4c574 None None] Could not load cinder.keymgr.conf_key_mgr.ConfKeyManager
Mar 26 18:59:37 ubuntu devstack@c-api.service[111648]: DEBUG cinder.api.v3.router [None req-1b9271b6-0fec-480a-85c8-02951109b5c6 None None] Extension VolumeHostAttribute extending resource: volumes {{(pid=111648) _setup_extensions /opt/stack/cinder/cinder/api/v3/router.py:155}}
Mar 26 18:59:37 ubuntu devstack@c-api.service[111647]: WARNING castellan.key_manager [None req-d956984a-ac6e-4d1b-bcea-49ba6fc4c574 None None] Deprecation Warning : cinder.keymgr.conf_key_mgr.ConfKeyManager is not a stevedore based driver, trying to load it as a class: stevedore.exception.NoMatches: No 'castellan.drivers' driver found, looking for 'cinder.keymgr.conf_key_mgr.ConfKeyManager'
Mar 26 18:59:37 ubuntu devstack@c-api.service[111648]: DEBUG cinder.api.v3.router [None req-1b9271b6-0fec-480a-85c8-02951109b5c6 None None] Extension VolumeImageMetadata extending resource: volumes {{(pid=111648) _setup_extensions /opt/stack/cinder/cinder/api/v3/router.py:155}}
Mar 26 18:59:37 ubuntu devstack@c-api.service[111648]: DEBUG cinder.api.v3.router [None req-1b9271b6-0fec-480a-85c8-02951109b5c6 None None] Extension ExtendedSnapshotAttributes extending resource: snapshots {{(pid=111648) _setup_extensions /opt/stack/cinder/cinder/api/v3/router.py:155}}
Mar 26 18:59:37 ubuntu devstack@c-api.service[111648]: DEBUG cinder.api.v3.router [None req-1b9271b6-0fec-480a-85c8-02951109b5c6 None None] Extension AdminActions extending resource: volumes {{(pid=111648) _setup_extensions /opt/stack/cinder/cinder/api/v3/router.py:155}}
Mar 26 18:59:37 ubuntu devstack@c-api.service[111648]: DEBUG cinder.api.v3.router [None req-1b9271b6-0fec-480a-85c8-02951109b5c6 None None] Extension AdminActions extending resource: snapshots {{(pid=111648) _setup_extensions /opt/stack/cinder/cinder/api/v3/router.py:155}}
Mar 26 18:59:37 ubuntu devstack@c-api.service[111647]: DEBUG cinder.api.contrib.snapshot_actions [None req-d956984a-ac6e-4d1b-bcea-49ba6fc4c574 None None] SnapshotActionsController initialized {{(pid=111647) __init__ /opt/stack/cinder/cinder/api/contrib/snapshot_actions.py:33}}
Mar 26 18:59:37 ubuntu devstack@c-api.service[111648]: DEBUG cinder.api.v3.router [None req-1b9271b6-0fec-480a-85c8-02951109b5c6 None None] Extension AdminActions extending resource: backups {{(pid=111648) _setup_extensions /opt/stack/cinder/cinder/api/v3/router.py:155}}
Mar 26 18:59:37 ubuntu devstack@c-api.service[111648]: DEBUG cinder.api.v3.router [None req-1b9271b6-0fec-480a-85c8-02951109b5c6 None None] Extension TypesManage extending resource: types {{(pid=111648) _setup_extensions /opt/stack/cinder/cinder/api/v3/router.py:155}}
Mar 26 18:59:37 ubuntu devstack@c-api.service[111647]: WARNING stevedore.named [None req-d956984a-ac6e-4d1b-bcea-49ba6fc4c574 None None] Could not load cinder.keymgr.conf_key_mgr.ConfKeyManager
Mar 26 18:59:37 ubuntu devstack@c-api.service[111648]: DEBUG cinder.api.v3.router [None req-1b9271b6-0fec-480a-85c8-02951109b5c6 None None] Extension VolumeMigStatusAttribute extending resource: volumes {{(pid=111648) _setup_extensions /opt/stack/cinder/cinder/api/v3/router.py:155}}
Mar 26 18:59:37 ubuntu devstack@c-api.service[111647]: WARNING castellan.key_manager [None req-d956984a-ac6e-4d1b-bcea-49ba6fc4c574 None None] Deprecation Warning : cinder.keymgr.conf_key_mgr.ConfKeyManager is not a stevedore based driver, trying to load it as a class: stevedore.exception.NoMatches: No 'castellan.drivers' driver found, looking for 'cinder.keymgr.conf_key_mgr.ConfKeyManager'
Mar 26 18:59:37 ubuntu devstack@c-api.service[111647]: WARNING stevedore.named [None req-d956984a-ac6e-4d1b-bcea-49ba6fc4c574 None None] Could not load cinder.keymgr.conf_key_mgr.ConfKeyManager
Mar 26 18:59:37 ubuntu devstack@c-api.service[111647]: WARNING castellan.key_manager [None req-d956984a-ac6e-4d1b-bcea-49ba6fc4c574 None None] Deprecation Warning : cinder.keymgr.conf_key_mgr.ConfKeyManager is not a stevedore based driver, trying to load it as a class: stevedore.exception.NoMatches: No 'castellan.drivers' driver found, looking for 'cinder.keymgr.conf_key_mgr.ConfKeyManager'
Mar 26 18:59:37 ubuntu devstack@c-api.service[111647]: WARNING stevedore.named [None req-d956984a-ac6e-4d1b-bcea-49ba6fc4c574 None None] Could not load cinder.keymgr.conf_key_mgr.ConfKeyManager
Mar 26 18:59:37 ubuntu devstack@c-api.service[111647]: WARNING castellan.key_manager [None req-d956984a-ac6e-4d1b-bcea-49ba6fc4c574 None None] Deprecation Warning : cinder.keymgr.conf_key_mgr.ConfKeyManager is not a stevedore based driver, trying to load it as a class: stevedore.exception.NoMatches: No 'castellan.drivers' driver found, looking for 'cinder.keymgr.conf_key_mgr.ConfKeyManager'
Mar 26 18:59:37 ubuntu devstack@c-api.service[111647]: WARNING stevedore.named [None req-d956984a-ac6e-4d1b-bcea-49ba6fc4c574 None None] Could not load cinder.keymgr.conf_key_mgr.ConfKeyManager
Mar 26 18:59:37 ubuntu devstack@c-api.service[111648]: WARNING keystonemiddleware.auth_token [None req-1b9271b6-0fec-480a-85c8-02951109b5c6 None None] AuthToken middleware is set with keystone_authtoken.service_token_roles_required set to False. This is backwards compatible but deprecated behaviour. Please set this to True.
Mar 26 18:59:37 ubuntu devstack@c-api.service[111647]: WARNING castellan.key_manager [None req-d956984a-ac6e-4d1b-bcea-49ba6fc4c574 None None] Deprecation Warning : cinder.keymgr.conf_key_mgr.ConfKeyManager is not a stevedore based driver, trying to load it as a class: stevedore.exception.NoMatches: No 'castellan.drivers' driver found, looking for 'cinder.keymgr.conf_key_mgr.ConfKeyManager'
Mar 26 18:59:37 ubuntu devstack@c-api.service[111647]: DEBUG cinder.api.v3.router [None req-d956984a-ac6e-4d1b-bcea-49ba6fc4c574 None None] Extension VolumeTypeEncryption extending resource: types {{(pid=111647) _setup_extensions /opt/stack/cinder/cinder/api/v3/router.py:155}}
Mar 26 18:59:37 ubuntu devstack@c-api.service[111647]: DEBUG cinder.api.v3.router [None req-d956984a-ac6e-4d1b-bcea-49ba6fc4c574 None None] Extension UsedLimits extending resource: limits {{(pid=111647) _setup_extensions /opt/stack/cinder/cinder/api/v3/router.py:155}}
Mar 26 18:59:37 ubuntu devstack@c-api.service[111647]: DEBUG cinder.api.v3.router [None req-d956984a-ac6e-4d1b-bcea-49ba6fc4c574 None None] Extension SnapshotUnmanage extending resource: snapshots {{(pid=111647) _setup_extensions /opt/stack/cinder/cinder/api/v3/router.py:155}}
Mar 26 18:59:37 ubuntu devstack@c-api.service[111647]: DEBUG cinder.api.v3.router [None req-d956984a-ac6e-4d1b-bcea-49ba6fc4c574 None None] Extension VolumeActions extending resource: volumes {{(pid=111647) _setup_extensions /opt/stack/cinder/cinder/api/v3/router.py:155}}
Mar 26 18:59:37 ubuntu devstack@c-api.service[111647]: DEBUG cinder.api.v3.router [None req-d956984a-ac6e-4d1b-bcea-49ba6fc4c574 None None] Extension VolumeTypeAccess extending resource: types {{(pid=111647) _setup_extensions /opt/stack/cinder/cinder/api/v3/router.py:155}}
Mar 26 18:59:37 ubuntu devstack@c-api.service[111647]: DEBUG cinder.api.v3.router [None req-d956984a-ac6e-4d1b-bcea-49ba6fc4c574 None None] Extension VolumeUnmanage extending resource: volumes {{(pid=111647) _setup_extensions /opt/stack/cinder/cinder/api/v3/router.py:155}}
Mar 26 18:59:37 ubuntu devstack@c-api.service[111647]: DEBUG cinder.api.v3.router [None req-d956984a-ac6e-4d1b-bcea-49ba6fc4c574 None None] Extension VolumeTenantAttribute extending resource: volumes {{(pid=111647) _setup_extensions /opt/stack/cinder/cinder/api/v3/router.py:155}}
Mar 26 18:59:37 ubuntu devstack@c-api.service[111647]: DEBUG cinder.api.v3.router [None req-d956984a-ac6e-4d1b-bcea-49ba6fc4c574 None None] Extension SnapshotActions extending resource: snapshots {{(pid=111647) _setup_extensions /opt/stack/cinder/cinder/api/v3/router.py:155}}
Mar 26 18:59:37 ubuntu devstack@c-api.service[111647]: DEBUG cinder.api.v3.router [None req-d956984a-ac6e-4d1b-bcea-49ba6fc4c574 None None] Extension VolumeHostAttribute extending resource: volumes {{(pid=111647) _setup_extensions /opt/stack/cinder/cinder/api/v3/router.py:155}}
Mar 26 18:59:37 ubuntu devstack@c-api.service[111647]: DEBUG cinder.api.v3.router [None req-d956984a-ac6e-4d1b-bcea-49ba6fc4c574 None None] Extension VolumeImageMetadata extending resource: volumes {{(pid=111647) _setup_extensions /opt/stack/cinder/cinder/api/v3/router.py:155}}
Mar 26 18:59:37 ubuntu devstack@c-api.service[111647]: DEBUG cinder.api.v3.router [None req-d956984a-ac6e-4d1b-bcea-49ba6fc4c574 None None] Extension ExtendedSnapshotAttributes extending resource: snapshots {{(pid=111647) _setup_extensions /opt/stack/cinder/cinder/api/v3/router.py:155}}
Mar 26 18:59:37 ubuntu devstack@c-api.service[111647]: DEBUG cinder.api.v3.router [None req-d956984a-ac6e-4d1b-bcea-49ba6fc4c574 None None] Extension AdminActions extending resource: volumes {{(pid=111647) _setup_extensions /opt/stack/cinder/cinder/api/v3/router.py:155}}
Mar 26 18:59:37 ubuntu devstack@c-api.service[111647]: DEBUG cinder.api.v3.router [None req-d956984a-ac6e-4d1b-bcea-49ba6fc4c574 None None] Extension AdminActions extending resource: snapshots {{(pid=111647) _setup_extensions /opt/stack/cinder/cinder/api/v3/router.py:155}}
Mar 26 18:59:37 ubuntu devstack@c-api.service[111647]: DEBUG cinder.api.v3.router [None req-d956984a-ac6e-4d1b-bcea-49ba6fc4c574 None None] Extension AdminActions extending resource: backups {{(pid=111647) _setup_extensions /opt/stack/cinder/cinder/api/v3/router.py:155}}
Mar 26 18:59:37 ubuntu devstack@c-api.service[111647]: DEBUG cinder.api.v3.router [None req-d956984a-ac6e-4d1b-bcea-49ba6fc4c574 None None] Extension TypesManage extending resource: types {{(pid=111647) _setup_extensions /opt/stack/cinder/cinder/api/v3/router.py:155}}
Mar 26 18:59:37 ubuntu devstack@c-api.service[111647]: DEBUG cinder.api.v3.router [None req-d956984a-ac6e-4d1b-bcea-49ba6fc4c574 None None] Extension VolumeMigStatusAttribute extending resource: volumes {{(pid=111647) _setup_extensions /opt/stack/cinder/cinder/api/v3/router.py:155}}
Mar 26 18:59:37 ubuntu devstack@c-api.service[111647]: WARNING keystonemiddleware.auth_token [None req-d956984a-ac6e-4d1b-bcea-49ba6fc4c574 None None] AuthToken middleware is set with keystone_authtoken.service_token_roles_required set to False. This is backwards compatible but deprecated behaviour. Please set this to True.
Mar 26 18:59:37 ubuntu devstack@c-api.service[111648]: WSGI app 0 (mountpoint='') ready in 3 seconds on interpreter 0x739f544a3668 pid: 111648 (default app)
Mar 26 18:59:37 ubuntu devstack@c-api.service[111648]: /opt/stack/data/venv/lib/python3.12/site-packages/oslo_policy/policy.py:505: DeprecationWarning: fallback_to_json_file is deprecated and has no effect.
Mar 26 18:59:37 ubuntu devstack@c-api.service[111648]:   warnings.warn(
Mar 26 18:59:37 ubuntu devstack@c-api.service[111647]: WSGI app 0 (mountpoint='') ready in 3 seconds on interpreter 0x739f544a3668 pid: 111647 (default app)
Mar 26 18:59:37 ubuntu devstack@c-api.service[111648]: /opt/stack/data/venv/lib/python3.12/site-packages/oslo_policy/policy.py:806: UserWarning: Policy "volume:attachment_create":"" was deprecated in X in favor of "volume:attachment_create":"rule:xena_system_admin_or_project_member". Reason: Default policies now support the three Keystone default roles, namely 'admin', 'member', and 'reader' to implement three Cinder "personas".  See "Policy Personas and Permissions" in the "Cinder Service Configuration" documentation (Xena release) for details.. Either ensure your deployment is ready for the new default or copy/paste the deprecated policy into your policy file and maintain it manually.
Mar 26 18:59:37 ubuntu devstack@c-api.service[111648]:   warnings.warn(deprecated_msg)
Mar 26 18:59:37 ubuntu devstack@c-api.service[111648]: /opt/stack/data/venv/lib/python3.12/site-packages/oslo_policy/policy.py:806: UserWarning: Policy "volume:attachment_update":"rule:admin_or_owner" was deprecated in X in favor of "volume:attachment_update":"rule:xena_system_admin_or_project_member". Reason: Default policies now support the three Keystone default roles, namely 'admin', 'member', and 'reader' to implement three Cinder "personas".  See "Policy Personas and Permissions" in the "Cinder Service Configuration" documentation (Xena release) for details.. Either ensure your deployment is ready for the new default or copy/paste the deprecated policy into your policy file and maintain it manually.
Mar 26 18:59:37 ubuntu devstack@c-api.service[111648]:   warnings.warn(deprecated_msg)
Mar 26 18:59:37 ubuntu devstack@c-api.service[111648]: /opt/stack/data/venv/lib/python3.12/site-packages/oslo_policy/policy.py:806: UserWarning: Policy "volume:attachment_delete":"rule:admin_or_owner" was deprecated in X in favor of "volume:attachment_delete":"rule:xena_system_admin_or_project_member". Reason: Default policies now support the three Keystone default roles, namely 'admin', 'member', and 'reader' to implement three Cinder "personas".  See "Policy Personas and Permissions" in the "Cinder Service Configuration" documentation (Xena release) for details.. Either ensure your deployment is ready for the new default or copy/paste the deprecated policy into your policy file and maintain it manually.
Mar 26 18:59:37 ubuntu devstack@c-api.service[111648]:   warnings.warn(deprecated_msg)
Mar 26 18:59:37 ubuntu devstack@c-api.service[111648]: /opt/stack/data/venv/lib/python3.12/site-packages/oslo_policy/policy.py:806: UserWarning: Policy "volume:attachment_complete":"rule:admin_or_owner" was deprecated in X in favor of "volume:attachment_complete":"rule:xena_system_admin_or_project_member". Reason: Default policies now support the three Keystone default roles, namely 'admin', 'member', and 'reader' to implement three Cinder "personas".  See "Policy Personas and Permissions" in the "Cinder Service Configuration" documentation (Xena release) for details.. Either ensure your deployment is ready for the new default or copy/paste the deprecated policy into your policy file and maintain it manually.
Mar 26 18:59:37 ubuntu devstack@c-api.service[111648]:   warnings.warn(deprecated_msg)
Mar 26 18:59:37 ubuntu devstack@c-api.service[111648]: /opt/stack/data/venv/lib/python3.12/site-packages/oslo_policy/policy.py:806: UserWarning: Policy "volume:multiattach_bootable_volume":"rule:admin_or_owner" was deprecated in X in favor of "volume:multiattach_bootable_volume":"rule:xena_system_admin_or_project_member". Reason: Default policies now support the three Keystone default roles, namely 'admin', 'member', and 'reader' to implement three Cinder "personas".  See "Policy Personas and Permissions" in the "Cinder Service Configuration" documentation (Xena release) for details.. Either ensure your deployment is ready for the new default or copy/paste the deprecated policy into your policy file and maintain it manually.
Mar 26 18:59:37 ubuntu devstack@c-api.service[111648]:   warnings.warn(deprecated_msg)
Mar 26 18:59:37 ubuntu devstack@c-api.service[111648]: /opt/stack/data/venv/lib/python3.12/site-packages/oslo_policy/policy.py:806: UserWarning: Policy "message:get_all":"rule:admin_or_owner" was deprecated in X in favor of "message:get_all":"rule:xena_system_admin_or_project_reader". Reason: Default policies now support the three Keystone default roles, namely 'admin', 'member', and 'reader' to implement three Cinder "personas".  See "Policy Personas and Permissions" in the "Cinder Service Configuration" documentation (Xena release) for details.. Either ensure your deployment is ready for the new default or copy/paste the deprecated policy into your policy file and maintain it manually.
Mar 26 18:59:37 ubuntu devstack@c-api.service[111648]:   warnings.warn(deprecated_msg)
Mar 26 18:59:37 ubuntu devstack@c-api.service[111648]: /opt/stack/data/venv/lib/python3.12/site-packages/oslo_policy/policy.py:806: UserWarning: Policy "message:get":"rule:admin_or_owner" was deprecated in X in favor of "message:get":"rule:xena_system_admin_or_project_reader". Reason: Default policies now support the three Keystone default roles, namely 'admin', 'member', and 'reader' to implement three Cinder "personas".  See "Policy Personas and Permissions" in the "Cinder Service Configuration" documentation (Xena release) for details.. Either ensure your deployment is ready for the new default or copy/paste the deprecated policy into your policy file and maintain it manually.
Mar 26 18:59:37 ubuntu devstack@c-api.service[111648]:   warnings.warn(deprecated_msg)
Mar 26 18:59:37 ubuntu devstack@c-api.service[111648]: /opt/stack/data/venv/lib/python3.12/site-packages/oslo_policy/policy.py:806: UserWarning: Policy "message:delete":"rule:admin_or_owner" was deprecated in X in favor of "message:delete":"rule:xena_system_admin_or_project_member". Reason: Default policies now support the three Keystone default roles, namely 'admin', 'member', and 'reader' to implement three Cinder "personas".  See "Policy Personas and Permissions" in the "Cinder Service Configuration" documentation (Xena release) for details.. Either ensure your deployment is ready for the new default or copy/paste the deprecated policy into your policy file and maintain it manually.
Mar 26 18:59:37 ubuntu devstack@c-api.service[111648]:   warnings.warn(deprecated_msg)
Mar 26 18:59:37 ubuntu devstack@c-api.service[111648]: /opt/stack/data/venv/lib/python3.12/site-packages/oslo_policy/policy.py:806: UserWarning: Policy "volume:get_snapshot_metadata":"rule:admin_or_owner" was deprecated in X in favor of "volume:get_snapshot_metadata":"rule:xena_system_admin_or_project_reader". Reason: Default policies now support the three Keystone default roles, namely 'admin', 'member', and 'reader' to implement three Cinder "personas".  See "Policy Personas and Permissions" in the "Cinder Service Configuration" documentation (Xena release) for details.. Either ensure your deployment is ready for the new default or copy/paste the deprecated policy into your policy file and maintain it manually.
Mar 26 18:59:37 ubuntu devstack@c-api.service[111648]:   warnings.warn(deprecated_msg)
Mar 26 18:59:37 ubuntu devstack@c-api.service[111648]: /opt/stack/data/venv/lib/python3.12/site-packages/oslo_policy/policy.py:806: UserWarning: Policy "volume:update_snapshot_metadata":"rule:admin_or_owner" was deprecated in X in favor of "volume:update_snapshot_metadata":"rule:xena_system_admin_or_project_member". Reason: Default policies now support the three Keystone default roles, namely 'admin', 'member', and 'reader' to implement three Cinder "personas".  See "Policy Personas and Permissions" in the "Cinder Service Configuration" documentation (Xena release) for details.. Either ensure your deployment is ready for the new default or copy/paste the deprecated policy into your policy file and maintain it manually.
Mar 26 18:59:37 ubuntu devstack@c-api.service[111648]:   warnings.warn(deprecated_msg)
Mar 26 18:59:37 ubuntu devstack@c-api.service[111648]: /opt/stack/data/venv/lib/python3.12/site-packages/oslo_policy/policy.py:806: UserWarning: Policy "volume:delete_snapshot_metadata":"rule:admin_or_owner" was deprecated in X in favor of "volume:delete_snapshot_metadata":"rule:xena_system_admin_or_project_member". Reason: Default policies now support the three Keystone default roles, namely 'admin', 'member', and 'reader' to implement three Cinder "personas".  See "Policy Personas and Permissions" in the "Cinder Service Configuration" documentation (Xena release) for details.. Either ensure your deployment is ready for the new default or copy/paste the deprecated policy into your policy file and maintain it manually.
Mar 26 18:59:37 ubuntu devstack@c-api.service[111648]:   warnings.warn(deprecated_msg)
Mar 26 18:59:37 ubuntu devstack@c-api.service[111648]: /opt/stack/data/venv/lib/python3.12/site-packages/oslo_policy/policy.py:806: UserWarning: Policy "volume:get_all_snapshots":"rule:admin_or_owner" was deprecated in X in favor of "volume:get_all_snapshots":"rule:xena_system_admin_or_project_reader". Reason: Default policies now support the three Keystone default roles, namely 'admin', 'member', and 'reader' to implement three Cinder "personas".  See "Policy Personas and Permissions" in the "Cinder Service Configuration" documentation (Xena release) for details.. Either ensure your deployment is ready for the new default or copy/paste the deprecated policy into your policy file and maintain it manually.
Mar 26 18:59:37 ubuntu devstack@c-api.service[111648]:   warnings.warn(deprecated_msg)
Mar 26 18:59:37 ubuntu devstack@c-api.service[111648]: /opt/stack/data/venv/lib/python3.12/site-packages/oslo_policy/policy.py:806: UserWarning: Policy "volume_extension:extended_snapshot_attributes":"rule:admin_or_owner" was deprecated in X in favor of "volume_extension:extended_snapshot_attributes":"rule:xena_system_admin_or_project_reader". Reason: Default policies now support the three Keystone default roles, namely 'admin', 'member', and 'reader' to implement three Cinder "personas".  See "Policy Personas and Permissions" in the "Cinder Service Configuration" documentation (Xena release) for details.. Either ensure your deployment is ready for the new default or copy/paste the deprecated policy into your policy file and maintain it manually.
Mar 26 18:59:37 ubuntu devstack@c-api.service[111648]:   warnings.warn(deprecated_msg)
Mar 26 18:59:37 ubuntu devstack@c-api.service[111648]: /opt/stack/data/venv/lib/python3.12/site-packages/oslo_policy/policy.py:806: UserWarning: Policy "volume:create_snapshot":"rule:admin_or_owner" was deprecated in X in favor of "volume:create_snapshot":"rule:xena_system_admin_or_project_member". Reason: Default policies now support the three Keystone default roles, namely 'admin', 'member', and 'reader' to implement three Cinder "personas".  See "Policy Personas and Permissions" in the "Cinder Service Configuration" documentation (Xena release) for details.. Either ensure your deployment is ready for the new default or copy/paste the deprecated policy into your policy file and maintain it manually.
Mar 26 18:59:37 ubuntu devstack@c-api.service[111648]:   warnings.warn(deprecated_msg)
Mar 26 18:59:37 ubuntu devstack@c-api.service[111648]: /opt/stack/data/venv/lib/python3.12/site-packages/oslo_policy/policy.py:806: UserWarning: Policy "volume:get_snapshot":"rule:admin_or_owner" was deprecated in X in favor of "volume:get_snapshot":"rule:xena_system_admin_or_project_reader". Reason: Default policies now support the three Keystone default roles, namely 'admin', 'member', and 'reader' to implement three Cinder "personas".  See "Policy Personas and Permissions" in the "Cinder Service Configuration" documentation (Xena release) for details.. Either ensure your deployment is ready for the new default or copy/paste the deprecated policy into your policy file and maintain it manually.
Mar 26 18:59:37 ubuntu devstack@c-api.service[111648]:   warnings.warn(deprecated_msg)
Mar 26 18:59:37 ubuntu devstack@c-api.service[111648]: /opt/stack/data/venv/lib/python3.12/site-packages/oslo_policy/policy.py:806: UserWarning: Policy "volume:update_snapshot":"rule:admin_or_owner" was deprecated in X in favor of "volume:update_snapshot":"rule:xena_system_admin_or_project_member". Reason: Default policies now support the three Keystone default roles, namely 'admin', 'member', and 'reader' to implement three Cinder "personas".  See "Policy Personas and Permissions" in the "Cinder Service Configuration" documentation (Xena release) for details.. Either ensure your deployment is ready for the new default or copy/paste the deprecated policy into your policy file and maintain it manually.
Mar 26 18:59:37 ubuntu devstack@c-api.service[111648]:   warnings.warn(deprecated_msg)
Mar 26 18:59:37 ubuntu devstack@c-api.service[111648]: /opt/stack/data/venv/lib/python3.12/site-packages/oslo_policy/policy.py:806: UserWarning: Policy "volume:delete_snapshot":"rule:admin_or_owner" was deprecated in X in favor of "volume:delete_snapshot":"rule:xena_system_admin_or_project_member". Reason: Default policies now support the three Keystone default roles, namely 'admin', 'member', and 'reader' to implement three Cinder "personas".  See "Policy Personas and Permissions" in the "Cinder Service Configuration" documentation (Xena release) for details.. Either ensure your deployment is ready for the new default or copy/paste the deprecated policy into your policy file and maintain it manually.
Mar 26 18:59:37 ubuntu devstack@c-api.service[111648]:   warnings.warn(deprecated_msg)
Mar 26 18:59:37 ubuntu devstack@c-api.service[111648]: /opt/stack/data/venv/lib/python3.12/site-packages/oslo_policy/policy.py:806: UserWarning: Policy "snapshot_extension:snapshot_actions:update_snapshot_status":"" was deprecated in X in favor of "snapshot_extension:snapshot_actions:update_snapshot_status":"rule:xena_system_admin_or_project_member". Reason: Default policies now support the three Keystone default roles, namely 'admin', 'member', and 'reader' to implement three Cinder "personas".  See "Policy Personas and Permissions" in the "Cinder Service Configuration" documentation (Xena release) for details.. Either ensure your deployment is ready for the new default or copy/paste the deprecated policy into your policy file and maintain it manually.
Mar 26 18:59:37 ubuntu devstack@c-api.service[111648]:   warnings.warn(deprecated_msg)
Mar 26 18:59:37 ubuntu devstack@c-api.service[111648]: /opt/stack/data/venv/lib/python3.12/site-packages/oslo_policy/policy.py:806: UserWarning: Policy "backup:get_all":"rule:admin_or_owner" was deprecated in X in favor of "backup:get_all":"rule:xena_system_admin_or_project_reader". Reason: Default policies now support the three Keystone default roles, namely 'admin', 'member', and 'reader' to implement three Cinder "personas".  See "Policy Personas and Permissions" in the "Cinder Service Configuration" documentation (Xena release) for details.. Either ensure your deployment is ready for the new default or copy/paste the deprecated policy into your policy file and maintain it manually.
Mar 26 18:59:37 ubuntu devstack@c-api.service[111648]:   warnings.warn(deprecated_msg)
Mar 26 18:59:37 ubuntu devstack@c-api.service[111648]: /opt/stack/data/venv/lib/python3.12/site-packages/oslo_policy/policy.py:806: UserWarning: Policy "backup:create":"" was deprecated in X in favor of "backup:create":"rule:xena_system_admin_or_project_member". Reason: Default policies now support the three Keystone default roles, namely 'admin', 'member', and 'reader' to implement three Cinder "personas".  See "Policy Personas and Permissions" in the "Cinder Service Configuration" documentation (Xena release) for details.. Either ensure your deployment is ready for the new default or copy/paste the deprecated policy into your policy file and maintain it manually.
Mar 26 18:59:37 ubuntu devstack@c-api.service[111648]:   warnings.warn(deprecated_msg)
Mar 26 18:59:37 ubuntu devstack@c-api.service[111648]: /opt/stack/data/venv/lib/python3.12/site-packages/oslo_policy/policy.py:806: UserWarning: Policy "backup:get":"rule:admin_or_owner" was deprecated in X in favor of "backup:get":"rule:xena_system_admin_or_project_reader". Reason: Default policies now support the three Keystone default roles, namely 'admin', 'member', and 'reader' to implement three Cinder "personas".  See "Policy Personas and Permissions" in the "Cinder Service Configuration" documentation (Xena release) for details.. Either ensure your deployment is ready for the new default or copy/paste the deprecated policy into your policy file and maintain it manually.
Mar 26 18:59:37 ubuntu devstack@c-api.service[111648]:   warnings.warn(deprecated_msg)
Mar 26 18:59:37 ubuntu devstack@c-api.service[111648]: /opt/stack/data/venv/lib/python3.12/site-packages/oslo_policy/policy.py:806: UserWarning: Policy "backup:update":"rule:admin_or_owner" was deprecated in X in favor of "backup:update":"rule:xena_system_admin_or_project_member". Reason: Default policies now support the three Keystone default roles, namely 'admin', 'member', and 'reader' to implement three Cinder "personas".  See "Policy Personas and Permissions" in the "Cinder Service Configuration" documentation (Xena release) for details.. Either ensure your deployment is ready for the new default or copy/paste the deprecated policy into your policy file and maintain it manually.
Mar 26 18:59:37 ubuntu devstack@c-api.service[111648]:   warnings.warn(deprecated_msg)
Mar 26 18:59:37 ubuntu devstack@c-api.service[111648]: /opt/stack/data/venv/lib/python3.12/site-packages/oslo_policy/policy.py:806: UserWarning: Policy "backup:delete":"rule:admin_or_owner" was deprecated in X in favor of "backup:delete":"rule:xena_system_admin_or_project_member". Reason: Default policies now support the three Keystone default roles, namely 'admin', 'member', and 'reader' to implement three Cinder "personas".  See "Policy Personas and Permissions" in the "Cinder Service Configuration" documentation (Xena release) for details.. Either ensure your deployment is ready for the new default or copy/paste the deprecated policy into your policy file and maintain it manually.
Mar 26 18:59:37 ubuntu devstack@c-api.service[111648]:   warnings.warn(deprecated_msg)
Mar 26 18:59:37 ubuntu devstack@c-api.service[111648]: /opt/stack/data/venv/lib/python3.12/site-packages/oslo_policy/policy.py:806: UserWarning: Policy "backup:restore":"rule:admin_or_owner" was deprecated in X in favor of "backup:restore":"rule:xena_system_admin_or_project_member". Reason: Default policies now support the three Keystone default roles, namely 'admin', 'member', and 'reader' to implement three Cinder "personas".  See "Policy Personas and Permissions" in the "Cinder Service Configuration" documentation (Xena release) for details.. Either ensure your deployment is ready for the new default or copy/paste the deprecated policy into your policy file and maintain it manually.
Mar 26 18:59:37 ubuntu devstack@c-api.service[111648]:   warnings.warn(deprecated_msg)
Mar 26 18:59:37 ubuntu devstack@c-api.service[111648]: /opt/stack/data/venv/lib/python3.12/site-packages/oslo_policy/policy.py:806: UserWarning: Policy "group:get_all":"rule:admin_or_owner" was deprecated in X in favor of "group:get_all":"rule:xena_system_admin_or_project_reader". Reason: Default policies now support the three Keystone default roles, namely 'admin', 'member', and 'reader' to implement three Cinder "personas".  See "Policy Personas and Permissions" in the "Cinder Service Configuration" documentation (Xena release) for details.. Either ensure your deployment is ready for the new default or copy/paste the deprecated policy into your policy file and maintain it manually.
Mar 26 18:59:37 ubuntu devstack@c-api.service[111648]:   warnings.warn(deprecated_msg)
Mar 26 18:59:37 ubuntu devstack@c-api.service[111648]: /opt/stack/data/venv/lib/python3.12/site-packages/oslo_policy/policy.py:806: UserWarning: Policy "group:create":"" was deprecated in X in favor of "group:create":"rule:xena_system_admin_or_project_member". Reason: Default policies now support the three Keystone default roles, namely 'admin', 'member', and 'reader' to implement three Cinder "personas".  See "Policy Personas and Permissions" in the "Cinder Service Configuration" documentation (Xena release) for details.. Either ensure your deployment is ready for the new default or copy/paste the deprecated policy into your policy file and maintain it manually.
Mar 26 18:59:37 ubuntu devstack@c-api.service[111648]:   warnings.warn(deprecated_msg)
Mar 26 18:59:37 ubuntu devstack@c-api.service[111648]: /opt/stack/data/venv/lib/python3.12/site-packages/oslo_policy/policy.py:806: UserWarning: Policy "group:get":"rule:admin_or_owner" was deprecated in X in favor of "group:get":"rule:xena_system_admin_or_project_reader". Reason: Default policies now support the three Keystone default roles, namely 'admin', 'member', and 'reader' to implement three Cinder "personas".  See "Policy Personas and Permissions" in the "Cinder Service Configuration" documentation (Xena release) for details.. Either ensure your deployment is ready for the new default or copy/paste the deprecated policy into your policy file and maintain it manually.
Mar 26 18:59:37 ubuntu devstack@c-api.service[111648]:   warnings.warn(deprecated_msg)
Mar 26 18:59:37 ubuntu devstack@c-api.service[111648]: /opt/stack/data/venv/lib/python3.12/site-packages/oslo_policy/policy.py:806: UserWarning: Policy "group:update":"rule:admin_or_owner" was deprecated in X in favor of "group:update":"rule:xena_system_admin_or_project_member". Reason: Default policies now support the three Keystone default roles, namely 'admin', 'member', and 'reader' to implement three Cinder "personas".  See "Policy Personas and Permissions" in the "Cinder Service Configuration" documentation (Xena release) for details.. Either ensure your deployment is ready for the new default or copy/paste the deprecated policy into your policy file and maintain it manually.
Mar 26 18:59:37 ubuntu devstack@c-api.service[111648]:   warnings.warn(deprecated_msg)
Mar 26 18:59:37 ubuntu devstack@c-api.service[111648]: /opt/stack/data/venv/lib/python3.12/site-packages/oslo_policy/policy.py:806: UserWarning: Policy "group:get_all_group_snapshots":"rule:admin_or_owner" was deprecated in X in favor of "group:get_all_group_snapshots":"rule:xena_system_admin_or_project_reader". Reason: Default policies now support the three Keystone default roles, namely 'admin', 'member', and 'reader' to implement three Cinder "personas".  See "Policy Personas and Permissions" in the "Cinder Service Configuration" documentation (Xena release) for details.. Either ensure your deployment is ready for the new default or copy/paste the deprecated policy into your policy file and maintain it manually.
Mar 26 18:59:37 ubuntu devstack@c-api.service[111648]:   warnings.warn(deprecated_msg)
Mar 26 18:59:37 ubuntu devstack@c-api.service[111648]: /opt/stack/data/venv/lib/python3.12/site-packages/oslo_policy/policy.py:806: UserWarning: Policy "group:create_group_snapshot":"" was deprecated in X in favor of "group:create_group_snapshot":"rule:xena_system_admin_or_project_member". Reason: Default policies now support the three Keystone default roles, namely 'admin', 'member', and 'reader' to implement three Cinder "personas".  See "Policy Personas and Permissions" in the "Cinder Service Configuration" documentation (Xena release) for details.. Either ensure your deployment is ready for the new default or copy/paste the deprecated policy into your policy file and maintain it manually.
Mar 26 18:59:37 ubuntu devstack@c-api.service[111648]:   warnings.warn(deprecated_msg)
Mar 26 18:59:37 ubuntu devstack@c-api.service[111648]: /opt/stack/data/venv/lib/python3.12/site-packages/oslo_policy/policy.py:806: UserWarning: Policy "group:get_group_snapshot":"rule:admin_or_owner" was deprecated in X in favor of "group:get_group_snapshot":"rule:xena_system_admin_or_project_reader". Reason: Default policies now support the three Keystone default roles, namely 'admin', 'member', and 'reader' to implement three Cinder "personas".  See "Policy Personas and Permissions" in the "Cinder Service Configuration" documentation (Xena release) for details.. Either ensure your deployment is ready for the new default or copy/paste the deprecated policy into your policy file and maintain it manually.
Mar 26 18:59:37 ubuntu devstack@c-api.service[111648]:   warnings.warn(deprecated_msg)
Mar 26 18:59:37 ubuntu devstack@c-api.service[111648]: /opt/stack/data/venv/lib/python3.12/site-packages/oslo_policy/policy.py:806: UserWarning: Policy "group:delete_group_snapshot":"rule:admin_or_owner" was deprecated in X in favor of "group:delete_group_snapshot":"rule:xena_system_admin_or_project_member". Reason: Default policies now support the three Keystone default roles, namely 'admin', 'member', and 'reader' to implement three Cinder "personas".  See "Policy Personas and Permissions" in the "Cinder Service Configuration" documentation (Xena release) for details.. Either ensure your deployment is ready for the new default or copy/paste the deprecated policy into your policy file and maintain it manually.
Mar 26 18:59:37 ubuntu devstack@c-api.service[111648]:   warnings.warn(deprecated_msg)
Mar 26 18:59:37 ubuntu devstack@c-api.service[111648]: /opt/stack/data/venv/lib/python3.12/site-packages/oslo_policy/policy.py:806: UserWarning: Policy "group:update_group_snapshot":"rule:admin_or_owner" was deprecated in X in favor of "group:update_group_snapshot":"rule:xena_system_admin_or_project_member". Reason: Default policies now support the three Keystone default roles, namely 'admin', 'member', and 'reader' to implement three Cinder "personas".  See "Policy Personas and Permissions" in the "Cinder Service Configuration" documentation (Xena release) for details.. Either ensure your deployment is ready for the new default or copy/paste the deprecated policy into your policy file and maintain it manually.
Mar 26 18:59:37 ubuntu devstack@c-api.service[111648]:   warnings.warn(deprecated_msg)
Mar 26 18:59:37 ubuntu devstack@c-api.service[111648]: /opt/stack/data/venv/lib/python3.12/site-packages/oslo_policy/policy.py:806: UserWarning: Policy "group:delete":"rule:admin_or_owner" was deprecated in X in favor of "group:delete":"rule:xena_system_admin_or_project_member". Reason: Default policies now support the three Keystone default roles, namely 'admin', 'member', and 'reader' to implement three Cinder "personas".  See "Policy Personas and Permissions" in the "Cinder Service Configuration" documentation (Xena release) for details.. Either ensure your deployment is ready for the new default or copy/paste the deprecated policy into your policy file and maintain it manually.
Mar 26 18:59:37 ubuntu devstack@c-api.service[111648]:   warnings.warn(deprecated_msg)
Mar 26 18:59:37 ubuntu devstack@c-api.service[111648]: /opt/stack/data/venv/lib/python3.12/site-packages/oslo_policy/policy.py:806: UserWarning: Policy "group:enable_replication":"rule:admin_or_owner" was deprecated in X in favor of "group:enable_replication":"rule:xena_system_admin_or_project_member". Reason: Default policies now support the three Keystone default roles, namely 'admin', 'member', and 'reader' to implement three Cinder "personas".  See "Policy Personas and Permissions" in the "Cinder Service Configuration" documentation (Xena release) for details.. Either ensure your deployment is ready for the new default or copy/paste the deprecated policy into your policy file and maintain it manually.
Mar 26 18:59:37 ubuntu devstack@c-api.service[111648]:   warnings.warn(deprecated_msg)
Mar 26 18:59:37 ubuntu devstack@c-api.service[111648]: /opt/stack/data/venv/lib/python3.12/site-packages/oslo_policy/policy.py:806: UserWarning: Policy "group:disable_replication":"rule:admin_or_owner" was deprecated in X in favor of "group:disable_replication":"rule:xena_system_admin_or_project_member". Reason: Default policies now support the three Keystone default roles, namely 'admin', 'member', and 'reader' to implement three Cinder "personas".  See "Policy Personas and Permissions" in the "Cinder Service Configuration" documentation (Xena release) for details.. Either ensure your deployment is ready for the new default or copy/paste the deprecated policy into your policy file and maintain it manually.
Mar 26 18:59:37 ubuntu devstack@c-api.service[111648]:   warnings.warn(deprecated_msg)
Mar 26 18:59:37 ubuntu devstack@c-api.service[111648]: /opt/stack/data/venv/lib/python3.12/site-packages/oslo_policy/policy.py:806: UserWarning: Policy "group:failover_replication":"rule:admin_or_owner" was deprecated in X in favor of "group:failover_replication":"rule:xena_system_admin_or_project_member". Reason: Default policies now support the three Keystone default roles, namely 'admin', 'member', and 'reader' to implement three Cinder "personas".  See "Policy Personas and Permissions" in the "Cinder Service Configuration" documentation (Xena release) for details.. Either ensure your deployment is ready for the new default or copy/paste the deprecated policy into your policy file and maintain it manually.
Mar 26 18:59:37 ubuntu devstack@c-api.service[111648]:   warnings.warn(deprecated_msg)
Mar 26 18:59:37 ubuntu devstack@c-api.service[111648]: /opt/stack/data/venv/lib/python3.12/site-packages/oslo_policy/policy.py:806: UserWarning: Policy "group:list_replication_targets":"rule:admin_or_owner" was deprecated in X in favor of "group:list_replication_targets":"rule:xena_system_admin_or_project_member". Reason: Default policies now support the three Keystone default roles, namely 'admin', 'member', and 'reader' to implement three Cinder "personas".  See "Policy Personas and Permissions" in the "Cinder Service Configuration" documentation (Xena release) for details.. Either ensure your deployment is ready for the new default or copy/paste the deprecated policy into your policy file and maintain it manually.
Mar 26 18:59:37 ubuntu devstack@c-api.service[111648]:   warnings.warn(deprecated_msg)
