Jun 09 13:29:26 ubuntu systemd[1]: Starting devstack@g-api.service - Devstack devstack@g-api.service...
Jun 09 13:29:26 ubuntu devstack@g-api.service[115402]: [uWSGI] getting INI configuration from /etc/glance/glance-uwsgi.ini
Jun 09 13:29:26 ubuntu devstack@g-api.service[115402]: *** Starting uWSGI 2.0.24-debian (64bit) on [Tue Jun  9 13:29:26 2026] ***
Jun 09 13:29:26 ubuntu devstack@g-api.service[115402]: compiled with version: 13.2.0 on 17 April 2024 16:23:48
Jun 09 13:29:26 ubuntu devstack@g-api.service[115402]: os: Linux-6.8.0-100-generic #100-Ubuntu SMP PREEMPT_DYNAMIC Tue Jan 13 16:40:06 UTC 2026
Jun 09 13:29:26 ubuntu devstack@g-api.service[115402]: nodename: ubuntu
Jun 09 13:29:26 ubuntu devstack@g-api.service[115402]: machine: x86_64
Jun 09 13:29:26 ubuntu devstack@g-api.service[115402]: clock source: unix
Jun 09 13:29:26 ubuntu devstack@g-api.service[115402]: pcre jit disabled
Jun 09 13:29:26 ubuntu devstack@g-api.service[115402]: detected number of CPU cores: 4
Jun 09 13:29:26 ubuntu devstack@g-api.service[115402]: current working directory: /
Jun 09 13:29:26 ubuntu devstack@g-api.service[115402]: detected binary path: /usr/bin/uwsgi-core
Jun 09 13:29:26 ubuntu devstack@g-api.service[115402]: your processes number limit is 31446
Jun 09 13:29:26 ubuntu devstack@g-api.service[115402]: your memory page size is 4096 bytes
Jun 09 13:29:26 ubuntu devstack@g-api.service[115402]: detected max file descriptor number: 2048
Jun 09 13:29:26 ubuntu devstack@g-api.service[115402]: lock engine: pthread robust mutexes
Jun 09 13:29:26 ubuntu devstack@g-api.service[115402]: thunder lock: enabled
Jun 09 13:29:26 ubuntu devstack@g-api.service[115402]: uwsgi socket 0 bound to TCP address 127.0.0.1:60999 fd 4
Jun 09 13:29:26 ubuntu devstack@g-api.service[115402]: Python version: 3.12.3 (main, Mar 23 2026, 19:04:32) [GCC 13.3.0]
Jun 09 13:29:26 ubuntu devstack@g-api.service[115402]: PEP 405 virtualenv detected: /opt/stack/data/venv
Jun 09 13:29:26 ubuntu devstack@g-api.service[115402]: Set PythonHome to /opt/stack/data/venv
Jun 09 13:29:26 ubuntu devstack@g-api.service[115402]: Python main interpreter initialized at 0x7fb2c7ca3668
Jun 09 13:29:26 ubuntu devstack@g-api.service[115402]: python threads support enabled
Jun 09 13:29:26 ubuntu devstack@g-api.service[115402]: your server socket listen backlog is limited to 100 connections
Jun 09 13:29:26 ubuntu devstack@g-api.service[115402]: your mercy for graceful operations on workers is 80 seconds
Jun 09 13:29:26 ubuntu devstack@g-api.service[115402]: mapped 403077 bytes (393 KB) for 2 cores
Jun 09 13:29:26 ubuntu devstack@g-api.service[115402]: *** Operational MODE: preforking ***
Jun 09 13:29:26 ubuntu devstack@g-api.service[115402]: *** uWSGI is running in multiple interpreter mode ***
Jun 09 13:29:26 ubuntu devstack@g-api.service[115402]: spawned uWSGI master process (pid: 115402)
Jun 09 13:29:26 ubuntu systemd[1]: Started devstack@g-api.service - Devstack devstack@g-api.service.
Jun 09 13:29:26 ubuntu devstack@g-api.service[115402]: spawned uWSGI worker 1 (pid: 115403, cores: 1)
Jun 09 13:29:26 ubuntu devstack@g-api.service[115402]: spawned uWSGI worker 2 (pid: 115404, cores: 1)
Jun 09 13:29:26 ubuntu devstack@g-api.service[115402]: running "unix_signal:15 gracefully_kill_them_all" (master-start)...
Jun 09 13:29:26 ubuntu devstack@g-api.service[115403]: /opt/stack/data/venv/lib/python3.12/site-packages/oslo_utils/importutils.py:77: EventletDeprecationWarning:
Jun 09 13:29:26 ubuntu devstack@g-api.service[115403]: Eventlet is deprecated. It is currently being maintained in bugfix mode, and
Jun 09 13:29:26 ubuntu devstack@g-api.service[115403]: we strongly recommend against using it for new projects.
Jun 09 13:29:26 ubuntu devstack@g-api.service[115403]: If you are already using Eventlet, we recommend migrating to a different
Jun 09 13:29:26 ubuntu devstack@g-api.service[115403]: framework.  For more detail see
Jun 09 13:29:26 ubuntu devstack@g-api.service[115403]: https://eventlet.readthedocs.io/en/latest/asyncio/migration.html
Jun 09 13:29:26 ubuntu devstack@g-api.service[115403]:   __import__(import_str)
Jun 09 13:29:26 ubuntu devstack@g-api.service[115404]: /opt/stack/data/venv/lib/python3.12/site-packages/oslo_utils/importutils.py:77: EventletDeprecationWarning:
Jun 09 13:29:26 ubuntu devstack@g-api.service[115404]: Eventlet is deprecated. It is currently being maintained in bugfix mode, and
Jun 09 13:29:26 ubuntu devstack@g-api.service[115404]: we strongly recommend against using it for new projects.
Jun 09 13:29:26 ubuntu devstack@g-api.service[115404]: If you are already using Eventlet, we recommend migrating to a different
Jun 09 13:29:26 ubuntu devstack@g-api.service[115404]: framework.  For more detail see
Jun 09 13:29:26 ubuntu devstack@g-api.service[115404]: https://eventlet.readthedocs.io/en/latest/asyncio/migration.html
Jun 09 13:29:26 ubuntu devstack@g-api.service[115404]:   __import__(import_str)
Jun 09 13:29:27 ubuntu devstack@g-api.service[115403]: INFO glance.async_ [-] Threadpool model set to 'NativeThreadPoolModel'
Jun 09 13:29:27 ubuntu devstack@g-api.service[115404]: INFO glance.async_ [-] Threadpool model set to 'NativeThreadPoolModel'
Jun 09 13:29:27 ubuntu devstack@g-api.service[115403]: DEBUG oslo_concurrency.processutils [-] Running cmd (subprocess): grep -F node.session.scan /sbin/iscsiadm {{(pid=115403) execute /opt/stack/data/venv/lib/python3.12/site-packages/oslo_concurrency/processutils.py:440}}
Jun 09 13:29:27 ubuntu devstack@g-api.service[115403]: DEBUG oslo_concurrency.processutils [-] CMD "grep -F node.session.scan /sbin/iscsiadm" returned: 0 in 0.009s {{(pid=115403) execute /opt/stack/data/venv/lib/python3.12/site-packages/oslo_concurrency/processutils.py:468}}
Jun 09 13:29:27 ubuntu devstack@g-api.service[115404]: DEBUG oslo_concurrency.processutils [-] Running cmd (subprocess): grep -F node.session.scan /sbin/iscsiadm {{(pid=115404) execute /opt/stack/data/venv/lib/python3.12/site-packages/oslo_concurrency/processutils.py:440}}
Jun 09 13:29:27 ubuntu devstack@g-api.service[115404]: DEBUG oslo_concurrency.processutils [-] CMD "grep -F node.session.scan /sbin/iscsiadm" returned: 0 in 0.009s {{(pid=115404) execute /opt/stack/data/venv/lib/python3.12/site-packages/oslo_concurrency/processutils.py:468}}
Jun 09 13:29:27 ubuntu devstack@g-api.service[115404]: DEBUG glance_store.backend [-] Attempting to import store cinder {{(pid=115404) _load_store /opt/stack/data/venv/lib/python3.12/site-packages/glance_store/backend.py:215}}
Jun 09 13:29:27 ubuntu devstack@g-api.service[115403]: DEBUG glance_store.backend [-] Attempting to import store cinder {{(pid=115403) _load_store /opt/stack/data/venv/lib/python3.12/site-packages/glance_store/backend.py:215}}
Jun 09 13:29:27 ubuntu devstack@g-api.service[115403]: DEBUG glance_store.backend [-] Attempting to import store file {{(pid=115403) _load_store /opt/stack/data/venv/lib/python3.12/site-packages/glance_store/backend.py:215}}
Jun 09 13:29:27 ubuntu devstack@g-api.service[115403]: DEBUG glance_store.backend [-] Attempting to import store glance.store.cinder.Store {{(pid=115403) _load_store /opt/stack/data/venv/lib/python3.12/site-packages/glance_store/backend.py:215}}
Jun 09 13:29:27 ubuntu devstack@g-api.service[115403]: DEBUG glance_store.backend [-] Attempting to import store glance.store.filesystem.Store {{(pid=115403) _load_store /opt/stack/data/venv/lib/python3.12/site-packages/glance_store/backend.py:215}}
Jun 09 13:29:27 ubuntu devstack@g-api.service[115403]: DEBUG glance_store.backend [-] Attempting to import store glance.store.http.Store {{(pid=115403) _load_store /opt/stack/data/venv/lib/python3.12/site-packages/glance_store/backend.py:215}}
Jun 09 13:29:27 ubuntu devstack@g-api.service[115403]: DEBUG glance_store.backend [-] Attempting to import store glance.store.rbd.Store {{(pid=115403) _load_store /opt/stack/data/venv/lib/python3.12/site-packages/glance_store/backend.py:215}}
Jun 09 13:29:27 ubuntu devstack@g-api.service[115403]: DEBUG glance_store.backend [-] Attempting to import store glance.store.s3.Store {{(pid=115403) _load_store /opt/stack/data/venv/lib/python3.12/site-packages/glance_store/backend.py:215}}
Jun 09 13:29:27 ubuntu devstack@g-api.service[115404]: DEBUG glance_store.backend [-] Attempting to import store file {{(pid=115404) _load_store /opt/stack/data/venv/lib/python3.12/site-packages/glance_store/backend.py:215}}
Jun 09 13:29:27 ubuntu devstack@g-api.service[115403]: DEBUG glance_store.backend [-] Attempting to import store glance.store.swift.Store {{(pid=115403) _load_store /opt/stack/data/venv/lib/python3.12/site-packages/glance_store/backend.py:215}}
Jun 09 13:29:27 ubuntu devstack@g-api.service[115403]: DEBUG glance_store.backend [-] Attempting to import store glance.store.vmware_datastore.Store {{(pid=115403) _load_store /opt/stack/data/venv/lib/python3.12/site-packages/glance_store/backend.py:215}}
Jun 09 13:29:27 ubuntu devstack@g-api.service[115404]: DEBUG glance_store.backend [-] Attempting to import store glance.store.cinder.Store {{(pid=115404) _load_store /opt/stack/data/venv/lib/python3.12/site-packages/glance_store/backend.py:215}}
Jun 09 13:29:27 ubuntu devstack@g-api.service[115403]: DEBUG glance_store.backend [-] Attempting to import store http {{(pid=115403) _load_store /opt/stack/data/venv/lib/python3.12/site-packages/glance_store/backend.py:215}}
Jun 09 13:29:27 ubuntu devstack@g-api.service[115404]: DEBUG glance_store.backend [-] Attempting to import store glance.store.filesystem.Store {{(pid=115404) _load_store /opt/stack/data/venv/lib/python3.12/site-packages/glance_store/backend.py:215}}
Jun 09 13:29:27 ubuntu devstack@g-api.service[115403]: DEBUG glance_store.backend [-] Attempting to import store no_conf {{(pid=115403) _load_store /opt/stack/data/venv/lib/python3.12/site-packages/glance_store/backend.py:215}}
Jun 09 13:29:27 ubuntu devstack@g-api.service[115404]: DEBUG glance_store.backend [-] Attempting to import store glance.store.http.Store {{(pid=115404) _load_store /opt/stack/data/venv/lib/python3.12/site-packages/glance_store/backend.py:215}}
Jun 09 13:29:27 ubuntu devstack@g-api.service[115403]: DEBUG glance_store.backend [-] Attempting to import store rbd {{(pid=115403) _load_store /opt/stack/data/venv/lib/python3.12/site-packages/glance_store/backend.py:215}}
Jun 09 13:29:27 ubuntu devstack@g-api.service[115404]: DEBUG glance_store.backend [-] Attempting to import store glance.store.rbd.Store {{(pid=115404) _load_store /opt/stack/data/venv/lib/python3.12/site-packages/glance_store/backend.py:215}}
Jun 09 13:29:27 ubuntu devstack@g-api.service[115403]: DEBUG glance_store.backend [-] Attempting to import store s3 {{(pid=115403) _load_store /opt/stack/data/venv/lib/python3.12/site-packages/glance_store/backend.py:215}}
Jun 09 13:29:27 ubuntu devstack@g-api.service[115404]: DEBUG glance_store.backend [-] Attempting to import store glance.store.s3.Store {{(pid=115404) _load_store /opt/stack/data/venv/lib/python3.12/site-packages/glance_store/backend.py:215}}
Jun 09 13:29:27 ubuntu devstack@g-api.service[115403]: DEBUG glance_store.backend [-] Attempting to import store swift {{(pid=115403) _load_store /opt/stack/data/venv/lib/python3.12/site-packages/glance_store/backend.py:215}}
Jun 09 13:29:27 ubuntu devstack@g-api.service[115404]: DEBUG glance_store.backend [-] Attempting to import store glance.store.swift.Store {{(pid=115404) _load_store /opt/stack/data/venv/lib/python3.12/site-packages/glance_store/backend.py:215}}
Jun 09 13:29:27 ubuntu devstack@g-api.service[115403]: DEBUG glance_store.backend [-] Attempting to import store vmware {{(pid=115403) _load_store /opt/stack/data/venv/lib/python3.12/site-packages/glance_store/backend.py:215}}
Jun 09 13:29:27 ubuntu devstack@g-api.service[115404]: DEBUG glance_store.backend [-] Attempting to import store glance.store.vmware_datastore.Store {{(pid=115404) _load_store /opt/stack/data/venv/lib/python3.12/site-packages/glance_store/backend.py:215}}
Jun 09 13:29:27 ubuntu devstack@g-api.service[115403]: DEBUG glance_store.backend [-] Registering options for group glance_store {{(pid=115403) register_opts /opt/stack/data/venv/lib/python3.12/site-packages/glance_store/backend.py:144}}
Jun 09 13:29:27 ubuntu devstack@g-api.service[115404]: DEBUG glance_store.backend [-] Attempting to import store http {{(pid=115404) _load_store /opt/stack/data/venv/lib/python3.12/site-packages/glance_store/backend.py:215}}
Jun 09 13:29:27 ubuntu devstack@g-api.service[115404]: DEBUG glance_store.backend [-] Attempting to import store no_conf {{(pid=115404) _load_store /opt/stack/data/venv/lib/python3.12/site-packages/glance_store/backend.py:215}}
Jun 09 13:29:27 ubuntu devstack@g-api.service[115403]: DEBUG glance_store.backend [-] Registering options for group glance_store {{(pid=115403) register_opts /opt/stack/data/venv/lib/python3.12/site-packages/glance_store/backend.py:144}}
Jun 09 13:29:27 ubuntu devstack@g-api.service[115404]: DEBUG glance_store.backend [-] Attempting to import store rbd {{(pid=115404) _load_store /opt/stack/data/venv/lib/python3.12/site-packages/glance_store/backend.py:215}}
Jun 09 13:29:27 ubuntu devstack@g-api.service[115404]: DEBUG glance_store.backend [-] Attempting to import store s3 {{(pid=115404) _load_store /opt/stack/data/venv/lib/python3.12/site-packages/glance_store/backend.py:215}}
Jun 09 13:29:27 ubuntu devstack@g-api.service[115404]: DEBUG glance_store.backend [-] Attempting to import store swift {{(pid=115404) _load_store /opt/stack/data/venv/lib/python3.12/site-packages/glance_store/backend.py:215}}
Jun 09 13:29:27 ubuntu devstack@g-api.service[115404]: DEBUG glance_store.backend [-] Attempting to import store vmware {{(pid=115404) _load_store /opt/stack/data/venv/lib/python3.12/site-packages/glance_store/backend.py:215}}
Jun 09 13:29:27 ubuntu devstack@g-api.service[115404]: DEBUG glance_store.backend [-] Registering options for group glance_store {{(pid=115404) register_opts /opt/stack/data/venv/lib/python3.12/site-packages/glance_store/backend.py:144}}
Jun 09 13:29:27 ubuntu devstack@g-api.service[115403]: DEBUG glance_store.backend [-] Attempting to import store http {{(pid=115403) _load_store /opt/stack/data/venv/lib/python3.12/site-packages/glance_store/backend.py:215}}
Jun 09 13:29:27 ubuntu devstack@g-api.service[115404]: DEBUG glance_store.backend [-] Registering options for group glance_store {{(pid=115404) register_opts /opt/stack/data/venv/lib/python3.12/site-packages/glance_store/backend.py:144}}
Jun 09 13:29:27 ubuntu devstack@g-api.service[115403]: DEBUG glance_store.capabilities [-] Store glance_store._drivers.http.Store doesn't support updating dynamic storage capabilities. Please overwrite 'update_capabilities' method of the store to implement updating logics if needed. {{(pid=115403) update_capabilities /opt/stack/data/venv/lib/python3.12/site-packages/glance_store/capabilities.py:91}}
Jun 09 13:29:27 ubuntu devstack@g-api.service[115403]: DEBUG glance_store.backend [-] Registering store http with schemes ('http', 'https') {{(pid=115403) create_stores /opt/stack/data/venv/lib/python3.12/site-packages/glance_store/backend.py:261}}
Jun 09 13:29:27 ubuntu devstack@g-api.service[115403]: DEBUG glance_store.driver [-] Late loading location class glance_store._drivers.http.StoreLocation {{(pid=115403) get_store_location_class /opt/stack/data/venv/lib/python3.12/site-packages/glance_store/driver.py:134}}
Jun 09 13:29:27 ubuntu devstack@g-api.service[115403]: DEBUG glance_store.location [-] Registering scheme http with {'store': <glance_store._drivers.http.Store object at 0x7fb2c34ef500>, 'location_class': <class 'glance_store._drivers.http.StoreLocation'>, 'store_entry': 'http'} {{(pid=115403) register_scheme_map /opt/stack/data/venv/lib/python3.12/site-packages/glance_store/location.py:146}}
Jun 09 13:29:27 ubuntu devstack@g-api.service[115404]: DEBUG glance_store.backend [-] Attempting to import store http {{(pid=115404) _load_store /opt/stack/data/venv/lib/python3.12/site-packages/glance_store/backend.py:215}}
Jun 09 13:29:27 ubuntu devstack@g-api.service[115403]: DEBUG glance_store.location [-] Registering scheme https with {'store': <glance_store._drivers.http.Store object at 0x7fb2c34ef500>, 'location_class': <class 'glance_store._drivers.http.StoreLocation'>, 'store_entry': 'http'} {{(pid=115403) register_scheme_map /opt/stack/data/venv/lib/python3.12/site-packages/glance_store/location.py:146}}
Jun 09 13:29:27 ubuntu devstack@g-api.service[115403]: DEBUG glance_store.backend [-] Attempting to import store file {{(pid=115403) _load_store /opt/stack/data/venv/lib/python3.12/site-packages/glance_store/backend.py:215}}
Jun 09 13:29:27 ubuntu devstack@g-api.service[115404]: DEBUG glance_store.capabilities [-] Store glance_store._drivers.http.Store doesn't support updating dynamic storage capabilities. Please overwrite 'update_capabilities' method of the store to implement updating logics if needed. {{(pid=115404) update_capabilities /opt/stack/data/venv/lib/python3.12/site-packages/glance_store/capabilities.py:91}}
Jun 09 13:29:27 ubuntu devstack@g-api.service[115403]: DEBUG glance_store.capabilities [-] Store glance_store._drivers.filesystem.Store doesn't support updating dynamic storage capabilities. Please overwrite 'update_capabilities' method of the store to implement updating logics if needed. {{(pid=115403) update_capabilities /opt/stack/data/venv/lib/python3.12/site-packages/glance_store/capabilities.py:91}}
Jun 09 13:29:27 ubuntu devstack@g-api.service[115404]: DEBUG glance_store.backend [-] Registering store http with schemes ('http', 'https') {{(pid=115404) create_stores /opt/stack/data/venv/lib/python3.12/site-packages/glance_store/backend.py:261}}
Jun 09 13:29:27 ubuntu devstack@g-api.service[115403]: DEBUG glance_store.backend [-] Registering store file with schemes ('file', 'filesystem') {{(pid=115403) create_stores /opt/stack/data/venv/lib/python3.12/site-packages/glance_store/backend.py:261}}
Jun 09 13:29:27 ubuntu devstack@g-api.service[115403]: DEBUG glance_store.driver [-] Late loading location class glance_store._drivers.filesystem.StoreLocation {{(pid=115403) get_store_location_class /opt/stack/data/venv/lib/python3.12/site-packages/glance_store/driver.py:134}}
Jun 09 13:29:27 ubuntu devstack@g-api.service[115404]: DEBUG glance_store.driver [-] Late loading location class glance_store._drivers.http.StoreLocation {{(pid=115404) get_store_location_class /opt/stack/data/venv/lib/python3.12/site-packages/glance_store/driver.py:134}}
Jun 09 13:29:27 ubuntu devstack@g-api.service[115403]: DEBUG glance_store.location [-] Registering scheme file with {'store': <glance_store._drivers.filesystem.Store object at 0x7fb2c2d202f0>, 'location_class': <class 'glance_store._drivers.filesystem.StoreLocation'>, 'store_entry': 'file'} {{(pid=115403) register_scheme_map /opt/stack/data/venv/lib/python3.12/site-packages/glance_store/location.py:146}}
Jun 09 13:29:27 ubuntu devstack@g-api.service[115403]: DEBUG glance_store.location [-] Registering scheme filesystem with {'store': <glance_store._drivers.filesystem.Store object at 0x7fb2c2d202f0>, 'location_class': <class 'glance_store._drivers.filesystem.StoreLocation'>, 'store_entry': 'file'} {{(pid=115403) register_scheme_map /opt/stack/data/venv/lib/python3.12/site-packages/glance_store/location.py:146}}
Jun 09 13:29:27 ubuntu devstack@g-api.service[115404]: DEBUG glance_store.location [-] Registering scheme http with {'store': <glance_store._drivers.http.Store object at 0x7fb2c3576bd0>, 'location_class': <class 'glance_store._drivers.http.StoreLocation'>, 'store_entry': 'http'} {{(pid=115404) register_scheme_map /opt/stack/data/venv/lib/python3.12/site-packages/glance_store/location.py:146}}
Jun 09 13:29:27 ubuntu devstack@g-api.service[115404]: DEBUG glance_store.location [-] Registering scheme https with {'store': <glance_store._drivers.http.Store object at 0x7fb2c3576bd0>, 'location_class': <class 'glance_store._drivers.http.StoreLocation'>, 'store_entry': 'http'} {{(pid=115404) register_scheme_map /opt/stack/data/venv/lib/python3.12/site-packages/glance_store/location.py:146}}
Jun 09 13:29:27 ubuntu devstack@g-api.service[115404]: DEBUG glance_store.backend [-] Attempting to import store file {{(pid=115404) _load_store /opt/stack/data/venv/lib/python3.12/site-packages/glance_store/backend.py:215}}
Jun 09 13:29:27 ubuntu devstack@g-api.service[115403]: DEBUG glance.sqlite_migration [-] SQLite caching database not located, skipping migration {{(pid=115403) get_db_path /opt/stack/glance/glance/sqlite_migration.py:68}}
Jun 09 13:29:27 ubuntu devstack@g-api.service[115403]: WARNING glance.common.wsgi_app [-] Import methods are enabled but staging directory /tmp/staging/ does not exist; Imports will fail!
Jun 09 13:29:27 ubuntu devstack@g-api.service[115404]: DEBUG glance_store.capabilities [-] Store glance_store._drivers.filesystem.Store doesn't support updating dynamic storage capabilities. Please overwrite 'update_capabilities' method of the store to implement updating logics if needed. {{(pid=115404) update_capabilities /opt/stack/data/venv/lib/python3.12/site-packages/glance_store/capabilities.py:91}}
Jun 09 13:29:27 ubuntu devstack@g-api.service[115404]: DEBUG glance_store.backend [-] Registering store file with schemes ('file', 'filesystem') {{(pid=115404) create_stores /opt/stack/data/venv/lib/python3.12/site-packages/glance_store/backend.py:261}}
Jun 09 13:29:27 ubuntu devstack@g-api.service[115404]: DEBUG glance_store.driver [-] Late loading location class glance_store._drivers.filesystem.StoreLocation {{(pid=115404) get_store_location_class /opt/stack/data/venv/lib/python3.12/site-packages/glance_store/driver.py:134}}
Jun 09 13:29:27 ubuntu devstack@g-api.service[115404]: DEBUG glance_store.location [-] Registering scheme file with {'store': <glance_store._drivers.filesystem.Store object at 0x7fb2c2e6e000>, 'location_class': <class 'glance_store._drivers.filesystem.StoreLocation'>, 'store_entry': 'file'} {{(pid=115404) register_scheme_map /opt/stack/data/venv/lib/python3.12/site-packages/glance_store/location.py:146}}
Jun 09 13:29:27 ubuntu devstack@g-api.service[115404]: DEBUG glance_store.location [-] Registering scheme filesystem with {'store': <glance_store._drivers.filesystem.Store object at 0x7fb2c2e6e000>, 'location_class': <class 'glance_store._drivers.filesystem.StoreLocation'>, 'store_entry': 'file'} {{(pid=115404) register_scheme_map /opt/stack/data/venv/lib/python3.12/site-packages/glance_store/location.py:146}}
Jun 09 13:29:27 ubuntu devstack@g-api.service[115404]: DEBUG glance.sqlite_migration [-] SQLite caching database not located, skipping migration {{(pid=115404) get_db_path /opt/stack/glance/glance/sqlite_migration.py:68}}
Jun 09 13:29:27 ubuntu devstack@g-api.service[115404]: WARNING glance.common.wsgi_app [-] Import methods are enabled but staging directory /tmp/staging/ does not exist; Imports will fail!
Jun 09 13:29:27 ubuntu devstack@g-api.service[115403]: DEBUG glance.common.config [None req-eafbd828-b0e8-4098-a3ce-84732286f39b None None] Loading glance-api-keystone+cachemanagement from /etc/glance/glance-api-paste.ini {{(pid=115403) load_paste_app /opt/stack/glance/glance/common/config.py:758}}
Jun 09 13:29:27 ubuntu devstack@g-api.service[115404]: DEBUG glance.common.config [None req-99db137b-e8a6-4bae-bac2-5aada64c1a3c None None] Loading glance-api-keystone+cachemanagement from /etc/glance/glance-api-paste.ini {{(pid=115404) load_paste_app /opt/stack/glance/glance/common/config.py:758}}
Jun 09 13:29:28 ubuntu devstack@g-api.service[115403]: INFO glance.image_cache [None req-eafbd828-b0e8-4098-a3ce-84732286f39b None None] Image cache loaded driver 'centralized_db'.
Jun 09 13:29:28 ubuntu devstack@g-api.service[115404]: INFO glance.image_cache [None req-99db137b-e8a6-4bae-bac2-5aada64c1a3c None None] Image cache loaded driver 'centralized_db'.
Jun 09 13:29:28 ubuntu devstack@g-api.service[115403]: INFO dbcounter [None req-eafbd828-b0e8-4098-a3ce-84732286f39b None None] Registered counter for database glance
Jun 09 13:29:28 ubuntu devstack@g-api.service[115404]: INFO dbcounter [None req-99db137b-e8a6-4bae-bac2-5aada64c1a3c None None] Registered counter for database glance
Jun 09 13:29:28 ubuntu devstack@g-api.service[115403]: DEBUG oslo_db.sqlalchemy.engines [None req-eafbd828-b0e8-4098-a3ce-84732286f39b None None] MySQL server mode set to STRICT_TRANS_TABLES,STRICT_ALL_TABLES,NO_ZERO_IN_DATE,NO_ZERO_DATE,ERROR_FOR_DIVISION_BY_ZERO,TRADITIONAL,NO_ENGINE_SUBSTITUTION {{(pid=115403) _check_effective_sql_mode /opt/stack/data/venv/lib/python3.12/site-packages/oslo_db/sqlalchemy/engines.py:325}}
Jun 09 13:29:28 ubuntu devstack@g-api.service[115404]: DEBUG oslo_db.sqlalchemy.engines [None req-99db137b-e8a6-4bae-bac2-5aada64c1a3c None None] MySQL server mode set to STRICT_TRANS_TABLES,STRICT_ALL_TABLES,NO_ZERO_IN_DATE,NO_ZERO_DATE,ERROR_FOR_DIVISION_BY_ZERO,TRADITIONAL,NO_ENGINE_SUBSTITUTION {{(pid=115404) _check_effective_sql_mode /opt/stack/data/venv/lib/python3.12/site-packages/oslo_db/sqlalchemy/engines.py:325}}
Jun 09 13:29:28 ubuntu devstack@g-api.service[115403]: DEBUG dbcounter [-] [115403] Writer thread running {{(pid=115403) stat_writer /opt/stack/data/venv/lib/python3.12/site-packages/dbcounter.py:102}}
Jun 09 13:29:28 ubuntu devstack@g-api.service[115404]: DEBUG dbcounter [-] [115404] Writer thread running {{(pid=115404) stat_writer /opt/stack/data/venv/lib/python3.12/site-packages/dbcounter.py:102}}
Jun 09 13:29:28 ubuntu devstack@g-api.service[115404]: DEBUG glance.image_cache.drivers.centralized_db [None req-99db137b-e8a6-4bae-bac2-5aada64c1a3c None None] Node reference is already recorded, ignoring it {{(pid=115404) configure /opt/stack/glance/glance/image_cache/drivers/centralized_db.py:71}}
Jun 09 13:29:28 ubuntu devstack@g-api.service[115403]: INFO glance.image_cache [None req-eafbd828-b0e8-4098-a3ce-84732286f39b None None] Image cache loaded driver 'centralized_db'.
Jun 09 13:29:28 ubuntu devstack@g-api.service[115404]: INFO glance.image_cache [None req-99db137b-e8a6-4bae-bac2-5aada64c1a3c None None] Image cache loaded driver 'centralized_db'.
Jun 09 13:29:28 ubuntu devstack@g-api.service[115403]: DEBUG glance.image_cache.drivers.centralized_db [None req-eafbd828-b0e8-4098-a3ce-84732286f39b None None] Node reference is already recorded, ignoring it {{(pid=115403) configure /opt/stack/glance/glance/image_cache/drivers/centralized_db.py:71}}
Jun 09 13:29:28 ubuntu devstack@g-api.service[115404]: DEBUG glance.image_cache.drivers.centralized_db [None req-99db137b-e8a6-4bae-bac2-5aada64c1a3c None None] Node reference is already recorded, ignoring it {{(pid=115404) configure /opt/stack/glance/glance/image_cache/drivers/centralized_db.py:71}}
Jun 09 13:29:28 ubuntu devstack@g-api.service[115403]: DEBUG glance.api.v2.cached_images [None req-eafbd828-b0e8-4098-a3ce-84732286f39b None None] Started cache worker thread {{(pid=115403) __init__ /opt/stack/glance/glance/api/v2/cached_images.py:69}}
Jun 09 13:29:28 ubuntu devstack@g-api.service[115404]: DEBUG glance.api.v2.cached_images [None req-99db137b-e8a6-4bae-bac2-5aada64c1a3c None None] Started cache worker thread {{(pid=115404) __init__ /opt/stack/glance/glance/api/v2/cached_images.py:69}}
Jun 09 13:29:28 ubuntu devstack@g-api.service[115403]: INFO glance.image_cache [None req-eafbd828-b0e8-4098-a3ce-84732286f39b None None] Image cache loaded driver 'centralized_db'.
Jun 09 13:29:28 ubuntu devstack@g-api.service[115404]: INFO glance.image_cache [None req-99db137b-e8a6-4bae-bac2-5aada64c1a3c None None] Image cache loaded driver 'centralized_db'.
Jun 09 13:29:28 ubuntu devstack@g-api.service[115404]: DEBUG glance.image_cache.drivers.centralized_db [None req-99db137b-e8a6-4bae-bac2-5aada64c1a3c None None] Node reference is already recorded, ignoring it {{(pid=115404) configure /opt/stack/glance/glance/image_cache/drivers/centralized_db.py:71}}
Jun 09 13:29:28 ubuntu devstack@g-api.service[115403]: DEBUG glance.image_cache.drivers.centralized_db [None req-eafbd828-b0e8-4098-a3ce-84732286f39b None None] Node reference is already recorded, ignoring it {{(pid=115403) configure /opt/stack/glance/glance/image_cache/drivers/centralized_db.py:71}}
Jun 09 13:29:28 ubuntu devstack@g-api.service[115403]: INFO glance.api.middleware.cache_manage [None req-eafbd828-b0e8-4098-a3ce-84732286f39b None None] Initialized image cache management middleware
Jun 09 13:29:28 ubuntu devstack@g-api.service[115403]: INFO glance.image_cache [None req-eafbd828-b0e8-4098-a3ce-84732286f39b None None] Image cache loaded driver 'centralized_db'.
Jun 09 13:29:28 ubuntu devstack@g-api.service[115404]: INFO glance.api.middleware.cache_manage [None req-99db137b-e8a6-4bae-bac2-5aada64c1a3c None None] Initialized image cache management middleware
Jun 09 13:29:28 ubuntu devstack@g-api.service[115404]: INFO glance.image_cache [None req-99db137b-e8a6-4bae-bac2-5aada64c1a3c None None] Image cache loaded driver 'centralized_db'.
Jun 09 13:29:28 ubuntu devstack@g-api.service[115403]: DEBUG glance.image_cache.drivers.centralized_db [None req-eafbd828-b0e8-4098-a3ce-84732286f39b None None] Node reference is already recorded, ignoring it {{(pid=115403) configure /opt/stack/glance/glance/image_cache/drivers/centralized_db.py:71}}
Jun 09 13:29:28 ubuntu devstack@g-api.service[115404]: DEBUG glance.image_cache.drivers.centralized_db [None req-99db137b-e8a6-4bae-bac2-5aada64c1a3c None None] Node reference is already recorded, ignoring it {{(pid=115404) configure /opt/stack/glance/glance/image_cache/drivers/centralized_db.py:71}}
Jun 09 13:29:28 ubuntu devstack@g-api.service[115404]: INFO glance.api.middleware.cache [None req-99db137b-e8a6-4bae-bac2-5aada64c1a3c None None] Initialized image cache middleware
Jun 09 13:29:28 ubuntu devstack@g-api.service[115403]: INFO glance.api.middleware.cache [None req-eafbd828-b0e8-4098-a3ce-84732286f39b None None] Initialized image cache middleware
Jun 09 13:29:28 ubuntu devstack@g-api.service[115403]: DEBUG glance.common.config [None req-eafbd828-b0e8-4098-a3ce-84732286f39b None None] ******************************************************************************** {{(pid=115403) log_opt_values /opt/stack/data/venv/lib/python3.12/site-packages/oslo_config/cfg.py:3229}}
Jun 09 13:29:28 ubuntu devstack@g-api.service[115403]: DEBUG glance.common.config [None req-eafbd828-b0e8-4098-a3ce-84732286f39b None None] Configuration options gathered from: {{(pid=115403) log_opt_values /opt/stack/data/venv/lib/python3.12/site-packages/oslo_config/cfg.py:3230}}
Jun 09 13:29:28 ubuntu devstack@g-api.service[115403]: DEBUG glance.common.config [None req-eafbd828-b0e8-4098-a3ce-84732286f39b None None] command line args: [] {{(pid=115403) log_opt_values /opt/stack/data/venv/lib/python3.12/site-packages/oslo_config/cfg.py:3231}}
Jun 09 13:29:28 ubuntu devstack@g-api.service[115403]: DEBUG glance.common.config [None req-eafbd828-b0e8-4098-a3ce-84732286f39b None None] config files: ['/etc/glance/glance-image-import.conf', '/etc/glance/glance-api.conf'] {{(pid=115403) log_opt_values /opt/stack/data/venv/lib/python3.12/site-packages/oslo_config/cfg.py:3232}}
Jun 09 13:29:28 ubuntu devstack@g-api.service[115403]: DEBUG glance.common.config [None req-eafbd828-b0e8-4098-a3ce-84732286f39b None None] ================================================================================ {{(pid=115403) log_opt_values /opt/stack/data/venv/lib/python3.12/site-packages/oslo_config/cfg.py:3237}}
Jun 09 13:29:28 ubuntu devstack@g-api.service[115403]: DEBUG glance.common.config [None req-eafbd828-b0e8-4098-a3ce-84732286f39b None None] allow_anonymous_access         = False {{(pid=115403) log_opt_values /opt/stack/data/venv/lib/python3.12/site-packages/oslo_config/cfg.py:3245}}
Jun 09 13:29:28 ubuntu devstack@g-api.service[115403]: DEBUG glance.common.config [None req-eafbd828-b0e8-4098-a3ce-84732286f39b None None] api_limit_max                  = 1000 {{(pid=115403) log_opt_values /opt/stack/data/venv/lib/python3.12/site-packages/oslo_config/cfg.py:3245}}
Jun 09 13:29:28 ubuntu devstack@g-api.service[115403]: DEBUG glance.common.config [None req-eafbd828-b0e8-4098-a3ce-84732286f39b None None] backlog                        = 4096 {{(pid=115403) log_opt_values /opt/stack/data/venv/lib/python3.12/site-packages/oslo_config/cfg.py:3245}}
Jun 09 13:29:28 ubuntu devstack@g-api.service[115403]: DEBUG glance.common.config [None req-eafbd828-b0e8-4098-a3ce-84732286f39b None None] bind_host                      = 0.0.0.0 {{(pid=115403) log_opt_values /opt/stack/data/venv/lib/python3.12/site-packages/oslo_config/cfg.py:3245}}
Jun 09 13:29:28 ubuntu devstack@g-api.service[115403]: DEBUG glance.common.config [None req-eafbd828-b0e8-4098-a3ce-84732286f39b None None] bind_port                      = None {{(pid=115403) log_opt_values /opt/stack/data/venv/lib/python3.12/site-packages/oslo_config/cfg.py:3245}}
Jun 09 13:29:28 ubuntu devstack@g-api.service[115403]: DEBUG glance.common.config [None req-eafbd828-b0e8-4098-a3ce-84732286f39b None None] client_socket_timeout          = 900 {{(pid=115403) log_opt_values /opt/stack/data/venv/lib/python3.12/site-packages/oslo_config/cfg.py:3245}}
Jun 09 13:29:28 ubuntu devstack@g-api.service[115403]: DEBUG glance.common.config [None req-eafbd828-b0e8-4098-a3ce-84732286f39b None None] config_dir                     = [] {{(pid=115403) log_opt_values /opt/stack/data/venv/lib/python3.12/site-packages/oslo_config/cfg.py:3245}}
Jun 09 13:29:28 ubuntu devstack@g-api.service[115403]: DEBUG glance.common.config [None req-eafbd828-b0e8-4098-a3ce-84732286f39b None None] config_file                    = ['/etc/glance/glance-image-import.conf', '/etc/glance/glance-api.conf'] {{(pid=115403) log_opt_values /opt/stack/data/venv/lib/python3.12/site-packages/oslo_config/cfg.py:3245}}
Jun 09 13:29:28 ubuntu devstack@g-api.service[115403]: DEBUG glance.common.config [None req-eafbd828-b0e8-4098-a3ce-84732286f39b None None] config_source                  = [] {{(pid=115403) log_opt_values /opt/stack/data/venv/lib/python3.12/site-packages/oslo_config/cfg.py:3245}}
Jun 09 13:29:28 ubuntu devstack@g-api.service[115403]: DEBUG glance.common.config [None req-eafbd828-b0e8-4098-a3ce-84732286f39b None None] control_exchange               = glance {{(pid=115403) log_opt_values /opt/stack/data/venv/lib/python3.12/site-packages/oslo_config/cfg.py:3245}}
Jun 09 13:29:28 ubuntu devstack@g-api.service[115403]: DEBUG glance.common.config [None req-eafbd828-b0e8-4098-a3ce-84732286f39b None None] debug                          = True {{(pid=115403) log_opt_values /opt/stack/data/venv/lib/python3.12/site-packages/oslo_config/cfg.py:3245}}
Jun 09 13:29:28 ubuntu devstack@g-api.service[115403]: DEBUG glance.common.config [None req-eafbd828-b0e8-4098-a3ce-84732286f39b None None] default_log_levels             = ['amqp=WARN', 'boto=WARN', 'sqlalchemy=WARN', 'suds=INFO', 'oslo.messaging=INFO', 'oslo_messaging=INFO', 'iso8601=WARN', 'requests.packages.urllib3.connectionpool=WARN', 'urllib3.connectionpool=WARN', 'websocket=WARN', 'requests.packages.urllib3.util.retry=WARN', 'urllib3.util.retry=WARN', 'keystonemiddleware=WARN', 'routes.middleware=WARN', 'stevedore=WARN', 'taskflow=WARN', 'keystoneauth=WARN', 'oslo.cache=INFO', 'oslo_policy=INFO', 'dogpile.core.dogpile=INFO'] {{(pid=115403) log_opt_values /opt/stack/data/venv/lib/python3.12/site-packages/oslo_config/cfg.py:3245}}
Jun 09 13:29:28 ubuntu devstack@g-api.service[115403]: DEBUG glance.common.config [None req-eafbd828-b0e8-4098-a3ce-84732286f39b None None] default_publisher_id           = image.localhost {{(pid=115403) log_opt_values /opt/stack/data/venv/lib/python3.12/site-packages/oslo_config/cfg.py:3245}}
Jun 09 13:29:28 ubuntu devstack@g-api.service[115403]: DEBUG glance.common.config [None req-eafbd828-b0e8-4098-a3ce-84732286f39b None None] delayed_delete                 = False {{(pid=115403) log_opt_values /opt/stack/data/venv/lib/python3.12/site-packages/oslo_config/cfg.py:3245}}
Jun 09 13:29:28 ubuntu devstack@g-api.service[115403]: DEBUG glance.common.config [None req-eafbd828-b0e8-4098-a3ce-84732286f39b None None] digest_algorithm               = sha256 {{(pid=115403) log_opt_values /opt/stack/data/venv/lib/python3.12/site-packages/oslo_config/cfg.py:3245}}
Jun 09 13:29:28 ubuntu devstack@g-api.service[115403]: DEBUG glance.common.config [None req-eafbd828-b0e8-4098-a3ce-84732286f39b None None] disabled_notifications         = [] {{(pid=115403) log_opt_values /opt/stack/data/venv/lib/python3.12/site-packages/oslo_config/cfg.py:3245}}
Jun 09 13:29:28 ubuntu devstack@g-api.service[115403]: DEBUG glance.common.config [None req-eafbd828-b0e8-4098-a3ce-84732286f39b None None] do_secure_hash                 = True {{(pid=115403) log_opt_values /opt/stack/data/venv/lib/python3.12/site-packages/oslo_config/cfg.py:3245}}
Jun 09 13:29:28 ubuntu devstack@g-api.service[115403]: DEBUG glance.common.config [None req-eafbd828-b0e8-4098-a3ce-84732286f39b None None] enabled_backends               = None {{(pid=115403) log_opt_values /opt/stack/data/venv/lib/python3.12/site-packages/oslo_config/cfg.py:3245}}
Jun 09 13:29:28 ubuntu devstack@g-api.service[115403]: DEBUG glance.common.config [None req-eafbd828-b0e8-4098-a3ce-84732286f39b None None] enabled_import_methods         = ['glance-direct', 'web-download', 'copy-image'] {{(pid=115403) log_opt_values /opt/stack/data/venv/lib/python3.12/site-packages/oslo_config/cfg.py:3245}}
Jun 09 13:29:28 ubuntu devstack@g-api.service[115403]: DEBUG glance.common.config [None req-eafbd828-b0e8-4098-a3ce-84732286f39b None None] hashing_algorithm              = sha512 {{(pid=115403) log_opt_values /opt/stack/data/venv/lib/python3.12/site-packages/oslo_config/cfg.py:3245}}
Jun 09 13:29:28 ubuntu devstack@g-api.service[115403]: DEBUG glance.common.config [None req-eafbd828-b0e8-4098-a3ce-84732286f39b None None] http_keepalive                 = True {{(pid=115403) log_opt_values /opt/stack/data/venv/lib/python3.12/site-packages/oslo_config/cfg.py:3245}}
Jun 09 13:29:28 ubuntu devstack@g-api.service[115403]: DEBUG glance.common.config [None req-eafbd828-b0e8-4098-a3ce-84732286f39b None None] http_retries                   = 3 {{(pid=115403) log_opt_values /opt/stack/data/venv/lib/python3.12/site-packages/oslo_config/cfg.py:3245}}
Jun 09 13:29:28 ubuntu devstack@g-api.service[115403]: DEBUG glance.common.config [None req-eafbd828-b0e8-4098-a3ce-84732286f39b None None] image_cache_dir                = /opt/stack/data/glance/cache/ {{(pid=115403) log_opt_values /opt/stack/data/venv/lib/python3.12/site-packages/oslo_config/cfg.py:3245}}
Jun 09 13:29:28 ubuntu devstack@g-api.service[115403]: DEBUG glance.common.config [None req-eafbd828-b0e8-4098-a3ce-84732286f39b None None] image_cache_driver             = centralized_db {{(pid=115403) log_opt_values /opt/stack/data/venv/lib/python3.12/site-packages/oslo_config/cfg.py:3245}}
Jun 09 13:29:28 ubuntu devstack@g-api.service[115403]: DEBUG glance.common.config [None req-eafbd828-b0e8-4098-a3ce-84732286f39b None None] image_cache_max_size           = 10737418240 {{(pid=115403) log_opt_values /opt/stack/data/venv/lib/python3.12/site-packages/oslo_config/cfg.py:3245}}
Jun 09 13:29:28 ubuntu devstack@g-api.service[115403]: DEBUG glance.common.config [None req-eafbd828-b0e8-4098-a3ce-84732286f39b None None] image_cache_sqlite_db          = cache.db {{(pid=115403) log_opt_values /opt/stack/data/venv/lib/python3.12/site-packages/oslo_config/cfg.py:3245}}
Jun 09 13:29:28 ubuntu devstack@g-api.service[115403]: DEBUG glance.common.config [None req-eafbd828-b0e8-4098-a3ce-84732286f39b None None] image_cache_stall_time         = 86400 {{(pid=115403) log_opt_values /opt/stack/data/venv/lib/python3.12/site-packages/oslo_config/cfg.py:3245}}
Jun 09 13:29:28 ubuntu devstack@g-api.service[115403]: DEBUG glance.common.config [None req-eafbd828-b0e8-4098-a3ce-84732286f39b None None] image_location_quota           = 10 {{(pid=115403) log_opt_values /opt/stack/data/venv/lib/python3.12/site-packages/oslo_config/cfg.py:3245}}
Jun 09 13:29:28 ubuntu devstack@g-api.service[115403]: DEBUG glance.common.config [None req-eafbd828-b0e8-4098-a3ce-84732286f39b None None] image_member_quota             = 128 {{(pid=115403) log_opt_values /opt/stack/data/venv/lib/python3.12/site-packages/oslo_config/cfg.py:3245}}
Jun 09 13:29:28 ubuntu devstack@g-api.service[115403]: DEBUG glance.common.config [None req-eafbd828-b0e8-4098-a3ce-84732286f39b None None] image_property_quota           = 128 {{(pid=115403) log_opt_values /opt/stack/data/venv/lib/python3.12/site-packages/oslo_config/cfg.py:3245}}
Jun 09 13:29:28 ubuntu devstack@g-api.service[115403]: DEBUG glance.common.config [None req-eafbd828-b0e8-4098-a3ce-84732286f39b None None] image_size_cap                 = 1099511627776 {{(pid=115403) log_opt_values /opt/stack/data/venv/lib/python3.12/site-packages/oslo_config/cfg.py:3245}}
Jun 09 13:29:28 ubuntu devstack@g-api.service[115403]: DEBUG glance.common.config [None req-eafbd828-b0e8-4098-a3ce-84732286f39b None None] image_tag_quota                = 128 {{(pid=115403) log_opt_values /opt/stack/data/venv/lib/python3.12/site-packages/oslo_config/cfg.py:3245}}
Jun 09 13:29:28 ubuntu devstack@g-api.service[115403]: DEBUG glance.common.config [None req-eafbd828-b0e8-4098-a3ce-84732286f39b None None] instance_format                = [instance: %(uuid)s]  {{(pid=115403) log_opt_values /opt/stack/data/venv/lib/python3.12/site-packages/oslo_config/cfg.py:3245}}
Jun 09 13:29:28 ubuntu devstack@g-api.service[115403]: DEBUG glance.common.config [None req-eafbd828-b0e8-4098-a3ce-84732286f39b None None] instance_uuid_format           = [instance: %(uuid)s]  {{(pid=115403) log_opt_values /opt/stack/data/venv/lib/python3.12/site-packages/oslo_config/cfg.py:3245}}
Jun 09 13:29:28 ubuntu devstack@g-api.service[115403]: DEBUG glance.common.config [None req-eafbd828-b0e8-4098-a3ce-84732286f39b None None] limit_param_default            = 25 {{(pid=115403) log_opt_values /opt/stack/data/venv/lib/python3.12/site-packages/oslo_config/cfg.py:3245}}
Jun 09 13:29:28 ubuntu devstack@g-api.service[115403]: DEBUG glance.common.config [None req-eafbd828-b0e8-4098-a3ce-84732286f39b None None] log_color                      = True {{(pid=115403) log_opt_values /opt/stack/data/venv/lib/python3.12/site-packages/oslo_config/cfg.py:3245}}
Jun 09 13:29:28 ubuntu devstack@g-api.service[115403]: DEBUG glance.common.config [None req-eafbd828-b0e8-4098-a3ce-84732286f39b None None] log_config_append              = None {{(pid=115403) log_opt_values /opt/stack/data/venv/lib/python3.12/site-packages/oslo_config/cfg.py:3245}}
Jun 09 13:29:28 ubuntu devstack@g-api.service[115403]: DEBUG glance.common.config [None req-eafbd828-b0e8-4098-a3ce-84732286f39b None None] log_date_format                = %Y-%m-%d %H:%M:%S {{(pid=115403) log_opt_values /opt/stack/data/venv/lib/python3.12/site-packages/oslo_config/cfg.py:3245}}
Jun 09 13:29:28 ubuntu devstack@g-api.service[115403]: DEBUG glance.common.config [None req-eafbd828-b0e8-4098-a3ce-84732286f39b None None] log_dir                        = None {{(pid=115403) log_opt_values /opt/stack/data/venv/lib/python3.12/site-packages/oslo_config/cfg.py:3245}}
Jun 09 13:29:28 ubuntu devstack@g-api.service[115403]: DEBUG glance.common.config [None req-eafbd828-b0e8-4098-a3ce-84732286f39b None None] log_file                       = None {{(pid=115403) log_opt_values /opt/stack/data/venv/lib/python3.12/site-packages/oslo_config/cfg.py:3245}}
Jun 09 13:29:28 ubuntu devstack@g-api.service[115403]: DEBUG glance.common.config [None req-eafbd828-b0e8-4098-a3ce-84732286f39b None None] log_rotate_interval            = 1 {{(pid=115403) log_opt_values /opt/stack/data/venv/lib/python3.12/site-packages/oslo_config/cfg.py:3245}}
Jun 09 13:29:28 ubuntu devstack@g-api.service[115403]: DEBUG glance.common.config [None req-eafbd828-b0e8-4098-a3ce-84732286f39b None None] log_rotate_interval_type       = days {{(pid=115403) log_opt_values /opt/stack/data/venv/lib/python3.12/site-packages/oslo_config/cfg.py:3245}}
Jun 09 13:29:28 ubuntu devstack@g-api.service[115403]: DEBUG glance.common.config [None req-eafbd828-b0e8-4098-a3ce-84732286f39b None None] log_rotation_type              = none {{(pid=115403) log_opt_values /opt/stack/data/venv/lib/python3.12/site-packages/oslo_config/cfg.py:3245}}
Jun 09 13:29:28 ubuntu devstack@g-api.service[115403]: DEBUG glance.common.config [None req-eafbd828-b0e8-4098-a3ce-84732286f39b None None] logging_context_format_string  = %(color)s%(levelname)s %(name)s [%(global_request_id)s %(request_id)s %(project_name)s %(user_name)s%(color)s] %(instance)s%(color)s%(message)s {{(pid=115403) log_opt_values /opt/stack/data/venv/lib/python3.12/site-packages/oslo_config/cfg.py:3245}}
Jun 09 13:29:28 ubuntu devstack@g-api.service[115403]: DEBUG glance.common.config [None req-eafbd828-b0e8-4098-a3ce-84732286f39b None None] logging_debug_format_suffix    = {{(pid=%(process)d) %(funcName)s %(pathname)s:%(lineno)d}} {{(pid=115403) log_opt_values /opt/stack/data/venv/lib/python3.12/site-packages/oslo_config/cfg.py:3245}}
Jun 09 13:29:28 ubuntu devstack@g-api.service[115403]: DEBUG glance.common.config [None req-eafbd828-b0e8-4098-a3ce-84732286f39b None None] logging_default_format_string  = %(color)s%(levelname)s %(name)s [-%(color)s] %(instance)s%(color)s%(message)s {{(pid=115403) log_opt_values /opt/stack/data/venv/lib/python3.12/site-packages/oslo_config/cfg.py:3245}}
Jun 09 13:29:28 ubuntu devstack@g-api.service[115403]: DEBUG glance.common.config [None req-eafbd828-b0e8-4098-a3ce-84732286f39b None None] logging_exception_prefix       = ERROR %(name)s %(instance)s {{(pid=115403) log_opt_values /opt/stack/data/venv/lib/python3.12/site-packages/oslo_config/cfg.py:3245}}
Jun 09 13:29:28 ubuntu devstack@g-api.service[115403]: DEBUG glance.common.config [None req-eafbd828-b0e8-4098-a3ce-84732286f39b None None] logging_user_identity_format   = %(user)s %(project)s %(domain)s %(system_scope)s %(user_domain)s %(project_domain)s {{(pid=115403) log_opt_values /opt/stack/data/venv/lib/python3.12/site-packages/oslo_config/cfg.py:3245}}
Jun 09 13:29:28 ubuntu devstack@g-api.service[115403]: DEBUG glance.common.config [None req-eafbd828-b0e8-4098-a3ce-84732286f39b None None] max_header_line                = 16384 {{(pid=115403) log_opt_values /opt/stack/data/venv/lib/python3.12/site-packages/oslo_config/cfg.py:3245}}
Jun 09 13:29:28 ubuntu devstack@g-api.service[115403]: DEBUG glance.common.config [None req-eafbd828-b0e8-4098-a3ce-84732286f39b None None] max_logfile_count              = 30 {{(pid=115403) log_opt_values /opt/stack/data/venv/lib/python3.12/site-packages/oslo_config/cfg.py:3245}}
Jun 09 13:29:28 ubuntu devstack@g-api.service[115403]: DEBUG glance.common.config [None req-eafbd828-b0e8-4098-a3ce-84732286f39b None None] max_logfile_size_mb            = 200 {{(pid=115403) log_opt_values /opt/stack/data/venv/lib/python3.12/site-packages/oslo_config/cfg.py:3245}}
Jun 09 13:29:28 ubuntu devstack@g-api.service[115403]: DEBUG glance.common.config [None req-eafbd828-b0e8-4098-a3ce-84732286f39b None None] max_request_id_length          = 64 {{(pid=115403) log_opt_values /opt/stack/data/venv/lib/python3.12/site-packages/oslo_config/cfg.py:3245}}
Jun 09 13:29:28 ubuntu devstack@g-api.service[115403]: DEBUG glance.common.config [None req-eafbd828-b0e8-4098-a3ce-84732286f39b None None] metadata_encryption_key        = **** {{(pid=115403) log_opt_values /opt/stack/data/venv/lib/python3.12/site-packages/oslo_config/cfg.py:3245}}
Jun 09 13:29:28 ubuntu devstack@g-api.service[115403]: DEBUG glance.common.config [None req-eafbd828-b0e8-4098-a3ce-84732286f39b None None] node_staging_uri               = file:///tmp/staging/ {{(pid=115403) log_opt_values /opt/stack/data/venv/lib/python3.12/site-packages/oslo_config/cfg.py:3245}}
Jun 09 13:29:28 ubuntu devstack@g-api.service[115403]: DEBUG glance.common.config [None req-eafbd828-b0e8-4098-a3ce-84732286f39b None None] property_protection_file       = None {{(pid=115403) log_opt_values /opt/stack/data/venv/lib/python3.12/site-packages/oslo_config/cfg.py:3245}}
Jun 09 13:29:28 ubuntu devstack@g-api.service[115403]: DEBUG glance.common.config [None req-eafbd828-b0e8-4098-a3ce-84732286f39b None None] property_protection_rule_format = roles {{(pid=115403) log_opt_values /opt/stack/data/venv/lib/python3.12/site-packages/oslo_config/cfg.py:3245}}
Jun 09 13:29:28 ubuntu devstack@g-api.service[115403]: DEBUG glance.common.config [None req-eafbd828-b0e8-4098-a3ce-84732286f39b None None] public_endpoint                = http://10.201.5.127/image {{(pid=115403) log_opt_values /opt/stack/data/venv/lib/python3.12/site-packages/oslo_config/cfg.py:3245}}
Jun 09 13:29:28 ubuntu devstack@g-api.service[115403]: DEBUG glance.common.config [None req-eafbd828-b0e8-4098-a3ce-84732286f39b None None] publish_errors                 = False {{(pid=115403) log_opt_values /opt/stack/data/venv/lib/python3.12/site-packages/oslo_config/cfg.py:3245}}
Jun 09 13:29:28 ubuntu devstack@g-api.service[115403]: DEBUG glance.common.config [None req-eafbd828-b0e8-4098-a3ce-84732286f39b None None] pydev_worker_debug_host        = None {{(pid=115403) log_opt_values /opt/stack/data/venv/lib/python3.12/site-packages/oslo_config/cfg.py:3245}}
Jun 09 13:29:28 ubuntu devstack@g-api.service[115403]: DEBUG glance.common.config [None req-eafbd828-b0e8-4098-a3ce-84732286f39b None None] pydev_worker_debug_port        = 5678 {{(pid=115403) log_opt_values /opt/stack/data/venv/lib/python3.12/site-packages/oslo_config/cfg.py:3245}}
Jun 09 13:29:28 ubuntu devstack@g-api.service[115403]: DEBUG glance.common.config [None req-eafbd828-b0e8-4098-a3ce-84732286f39b None None] rate_limit_burst               = 0 {{(pid=115403) log_opt_values /opt/stack/data/venv/lib/python3.12/site-packages/oslo_config/cfg.py:3245}}
