Jun 10 15:08:06 jammy-provider-cloud-0000007191 systemd[1]: Starting Devstack devstack@g-api.service...
Jun 10 15:08:06 jammy-provider-cloud-0000007191 devstack@g-api.service[104482]: [uWSGI] getting INI configuration from /etc/glance/glance-uwsgi.ini
Jun 10 15:08:06 jammy-provider-cloud-0000007191 devstack@g-api.service[104482]: *** Starting uWSGI 2.0.20-debian (64bit) on [Mon Jun 10 15:08:06 2024] ***
Jun 10 15:08:06 jammy-provider-cloud-0000007191 devstack@g-api.service[104482]: compiled with version: 11.2.0 on 21 March 2022 11:00:44
Jun 10 15:08:06 jammy-provider-cloud-0000007191 devstack@g-api.service[104482]: os: Linux-5.15.0-107-generic #117-Ubuntu SMP Fri Apr 26 12:26:49 UTC 2024
Jun 10 15:08:06 jammy-provider-cloud-0000007191 devstack@g-api.service[104482]: nodename: jammy-provider-cloud-0000007191
Jun 10 15:08:06 jammy-provider-cloud-0000007191 devstack@g-api.service[104482]: machine: x86_64
Jun 10 15:08:06 jammy-provider-cloud-0000007191 devstack@g-api.service[104482]: clock source: unix
Jun 10 15:08:06 jammy-provider-cloud-0000007191 devstack@g-api.service[104482]: pcre jit disabled
Jun 10 15:08:06 jammy-provider-cloud-0000007191 devstack@g-api.service[104482]: detected number of CPU cores: 4
Jun 10 15:08:06 jammy-provider-cloud-0000007191 devstack@g-api.service[104482]: current working directory: /
Jun 10 15:08:06 jammy-provider-cloud-0000007191 devstack@g-api.service[104482]: detected binary path: /usr/bin/uwsgi-core
Jun 10 15:08:06 jammy-provider-cloud-0000007191 devstack@g-api.service[104482]: your processes number limit is 31298
Jun 10 15:08:06 jammy-provider-cloud-0000007191 devstack@g-api.service[104482]: your memory page size is 4096 bytes
Jun 10 15:08:06 jammy-provider-cloud-0000007191 devstack@g-api.service[104482]: detected max file descriptor number: 2048
Jun 10 15:08:06 jammy-provider-cloud-0000007191 devstack@g-api.service[104482]: lock engine: pthread robust mutexes
Jun 10 15:08:06 jammy-provider-cloud-0000007191 devstack@g-api.service[104482]: thunder lock: enabled
Jun 10 15:08:06 jammy-provider-cloud-0000007191 devstack@g-api.service[104482]: uwsgi socket 0 bound to TCP address 127.0.0.1:60999 fd 4
Jun 10 15:08:06 jammy-provider-cloud-0000007191 devstack@g-api.service[104482]: Python version: 3.10.12 (main, Nov 20 2023, 15:14:05) [GCC 11.4.0]
Jun 10 15:08:06 jammy-provider-cloud-0000007191 devstack@g-api.service[104482]: PEP 405 virtualenv detected: /opt/stack/data/venv
Jun 10 15:08:06 jammy-provider-cloud-0000007191 devstack@g-api.service[104482]: Set PythonHome to /opt/stack/data/venv
Jun 10 15:08:06 jammy-provider-cloud-0000007191 devstack@g-api.service[104482]: Python main interpreter initialized at 0x557650384e00
Jun 10 15:08:06 jammy-provider-cloud-0000007191 devstack@g-api.service[104482]: python threads support enabled
Jun 10 15:08:06 jammy-provider-cloud-0000007191 devstack@g-api.service[104482]: your server socket listen backlog is limited to 100 connections
Jun 10 15:08:06 jammy-provider-cloud-0000007191 devstack@g-api.service[104482]: your mercy for graceful operations on workers is 80 seconds
Jun 10 15:08:06 jammy-provider-cloud-0000007191 devstack@g-api.service[104482]: mapped 403077 bytes (393 KB) for 2 cores
Jun 10 15:08:06 jammy-provider-cloud-0000007191 devstack@g-api.service[104482]: *** Operational MODE: preforking ***
Jun 10 15:08:06 jammy-provider-cloud-0000007191 devstack@g-api.service[104482]: *** uWSGI is running in multiple interpreter mode ***
Jun 10 15:08:06 jammy-provider-cloud-0000007191 devstack@g-api.service[104482]: spawned uWSGI master process (pid: 104482)
Jun 10 15:08:06 jammy-provider-cloud-0000007191 devstack@g-api.service[104482]: spawned uWSGI worker 1 (pid: 104483, cores: 1)
Jun 10 15:08:06 jammy-provider-cloud-0000007191 devstack@g-api.service[104482]: spawned uWSGI worker 2 (pid: 104484, cores: 1)
Jun 10 15:08:06 jammy-provider-cloud-0000007191 devstack@g-api.service[104482]: running "unix_signal:15 gracefully_kill_them_all" (master-start)...
Jun 10 15:08:06 jammy-provider-cloud-0000007191 systemd[1]: Started Devstack devstack@g-api.service.
Jun 10 15:08:07 jammy-provider-cloud-0000007191 devstack@g-api.service[104483]: INFO glance.async_ [-] Threadpool model set to 'NativeThreadPoolModel'
Jun 10 15:08:07 jammy-provider-cloud-0000007191 devstack@g-api.service[104484]: INFO glance.async_ [-] Threadpool model set to 'NativeThreadPoolModel'
Jun 10 15:08:07 jammy-provider-cloud-0000007191 devstack@g-api.service[104483]: DEBUG oslo_concurrency.processutils [-] Running cmd (subprocess): grep -F node.session.scan /sbin/iscsiadm {{(pid=104483) execute /opt/stack/data/venv/lib/python3.10/site-packages/oslo_concurrency/processutils.py:390}}
Jun 10 15:08:07 jammy-provider-cloud-0000007191 devstack@g-api.service[104484]: DEBUG oslo_concurrency.processutils [-] Running cmd (subprocess): grep -F node.session.scan /sbin/iscsiadm {{(pid=104484) execute /opt/stack/data/venv/lib/python3.10/site-packages/oslo_concurrency/processutils.py:390}}
Jun 10 15:08:07 jammy-provider-cloud-0000007191 devstack@g-api.service[104483]: DEBUG oslo_concurrency.processutils [-] CMD "grep -F node.session.scan /sbin/iscsiadm" returned: 0 in 0.008s {{(pid=104483) execute /opt/stack/data/venv/lib/python3.10/site-packages/oslo_concurrency/processutils.py:428}}
Jun 10 15:08:07 jammy-provider-cloud-0000007191 devstack@g-api.service[104484]: DEBUG oslo_concurrency.processutils [-] CMD "grep -F node.session.scan /sbin/iscsiadm" returned: 0 in 0.008s {{(pid=104484) execute /opt/stack/data/venv/lib/python3.10/site-packages/oslo_concurrency/processutils.py:428}}
Jun 10 15:08:07 jammy-provider-cloud-0000007191 devstack@g-api.service[104483]: DEBUG glance_store.common.attachment_state_manager [-] Initialising _AttachmentStateManager {{(pid=104483) __init__ /opt/stack/data/venv/lib/python3.10/site-packages/glance_store/common/attachment_state_manager.py:86}}
Jun 10 15:08:07 jammy-provider-cloud-0000007191 devstack@g-api.service[104484]: DEBUG glance_store.common.attachment_state_manager [-] Initialising _AttachmentStateManager {{(pid=104484) __init__ /opt/stack/data/venv/lib/python3.10/site-packages/glance_store/common/attachment_state_manager.py:86}}
Jun 10 15:08:07 jammy-provider-cloud-0000007191 devstack@g-api.service[104483]: DEBUG glance_store.backend [-] Attempting to import store cinder {{(pid=104483) _load_store /opt/stack/data/venv/lib/python3.10/site-packages/glance_store/backend.py:216}}
Jun 10 15:08:07 jammy-provider-cloud-0000007191 devstack@g-api.service[104483]: DEBUG glance_store.backend [-] Attempting to import store file {{(pid=104483) _load_store /opt/stack/data/venv/lib/python3.10/site-packages/glance_store/backend.py:216}}
Jun 10 15:08:07 jammy-provider-cloud-0000007191 devstack@g-api.service[104483]: DEBUG glance_store.backend [-] Attempting to import store glance.store.cinder.Store {{(pid=104483) _load_store /opt/stack/data/venv/lib/python3.10/site-packages/glance_store/backend.py:216}}
Jun 10 15:08:07 jammy-provider-cloud-0000007191 devstack@g-api.service[104483]: DEBUG glance_store.backend [-] Attempting to import store glance.store.filesystem.Store {{(pid=104483) _load_store /opt/stack/data/venv/lib/python3.10/site-packages/glance_store/backend.py:216}}
Jun 10 15:08:07 jammy-provider-cloud-0000007191 devstack@g-api.service[104483]: DEBUG glance_store.backend [-] Attempting to import store glance.store.http.Store {{(pid=104483) _load_store /opt/stack/data/venv/lib/python3.10/site-packages/glance_store/backend.py:216}}
Jun 10 15:08:07 jammy-provider-cloud-0000007191 devstack@g-api.service[104483]: DEBUG glance_store.backend [-] Attempting to import store glance.store.rbd.Store {{(pid=104483) _load_store /opt/stack/data/venv/lib/python3.10/site-packages/glance_store/backend.py:216}}
Jun 10 15:08:07 jammy-provider-cloud-0000007191 devstack@g-api.service[104483]: DEBUG glance_store.backend [-] Attempting to import store glance.store.s3.Store {{(pid=104483) _load_store /opt/stack/data/venv/lib/python3.10/site-packages/glance_store/backend.py:216}}
Jun 10 15:08:07 jammy-provider-cloud-0000007191 devstack@g-api.service[104483]: DEBUG glance_store.backend [-] Attempting to import store glance.store.swift.Store {{(pid=104483) _load_store /opt/stack/data/venv/lib/python3.10/site-packages/glance_store/backend.py:216}}
Jun 10 15:08:07 jammy-provider-cloud-0000007191 devstack@g-api.service[104483]: DEBUG glance_store.backend [-] Attempting to import store glance.store.vmware_datastore.Store {{(pid=104483) _load_store /opt/stack/data/venv/lib/python3.10/site-packages/glance_store/backend.py:216}}
Jun 10 15:08:07 jammy-provider-cloud-0000007191 devstack@g-api.service[104483]: DEBUG glance_store.backend [-] Attempting to import store http {{(pid=104483) _load_store /opt/stack/data/venv/lib/python3.10/site-packages/glance_store/backend.py:216}}
Jun 10 15:08:07 jammy-provider-cloud-0000007191 devstack@g-api.service[104483]: DEBUG glance_store.backend [-] Attempting to import store no_conf {{(pid=104483) _load_store /opt/stack/data/venv/lib/python3.10/site-packages/glance_store/backend.py:216}}
Jun 10 15:08:07 jammy-provider-cloud-0000007191 devstack@g-api.service[104483]: DEBUG glance_store.backend [-] Attempting to import store rbd {{(pid=104483) _load_store /opt/stack/data/venv/lib/python3.10/site-packages/glance_store/backend.py:216}}
Jun 10 15:08:07 jammy-provider-cloud-0000007191 devstack@g-api.service[104483]: DEBUG glance_store.backend [-] Attempting to import store s3 {{(pid=104483) _load_store /opt/stack/data/venv/lib/python3.10/site-packages/glance_store/backend.py:216}}
Jun 10 15:08:07 jammy-provider-cloud-0000007191 devstack@g-api.service[104483]: DEBUG glance_store.backend [-] Attempting to import store swift {{(pid=104483) _load_store /opt/stack/data/venv/lib/python3.10/site-packages/glance_store/backend.py:216}}
Jun 10 15:08:07 jammy-provider-cloud-0000007191 devstack@g-api.service[104483]: DEBUG glance_store.backend [-] Attempting to import store vmware {{(pid=104483) _load_store /opt/stack/data/venv/lib/python3.10/site-packages/glance_store/backend.py:216}}
Jun 10 15:08:07 jammy-provider-cloud-0000007191 devstack@g-api.service[104483]: DEBUG glance_store.backend [-] Registering options for group glance_store {{(pid=104483) register_opts /opt/stack/data/venv/lib/python3.10/site-packages/glance_store/backend.py:145}}
Jun 10 15:08:07 jammy-provider-cloud-0000007191 devstack@g-api.service[104483]: DEBUG glance_store.backend [-] Registering options for group glance_store {{(pid=104483) register_opts /opt/stack/data/venv/lib/python3.10/site-packages/glance_store/backend.py:145}}
Jun 10 15:08:07 jammy-provider-cloud-0000007191 devstack@g-api.service[104483]: DEBUG glance_store.backend [-] Attempting to import store file {{(pid=104483) _load_store /opt/stack/data/venv/lib/python3.10/site-packages/glance_store/backend.py:216}}
Jun 10 15:08:07 jammy-provider-cloud-0000007191 devstack@g-api.service[104483]: DEBUG glance_store.capabilities [-] Store glance_store._drivers.filesystem.Store doesn't support updating dynamic storage capabilities. Please overwrite 'update_capabilities' method of the store to implement updating logics if needed. {{(pid=104483) update_capabilities /opt/stack/data/venv/lib/python3.10/site-packages/glance_store/capabilities.py:91}}
Jun 10 15:08:07 jammy-provider-cloud-0000007191 devstack@g-api.service[104483]: DEBUG glance_store.backend [-] Registering store file with schemes ('file', 'filesystem') {{(pid=104483) create_stores /opt/stack/data/venv/lib/python3.10/site-packages/glance_store/backend.py:262}}
Jun 10 15:08:07 jammy-provider-cloud-0000007191 devstack@g-api.service[104483]: DEBUG glance_store.driver [-] Late loading location class glance_store._drivers.filesystem.StoreLocation {{(pid=104483) get_store_location_class /opt/stack/data/venv/lib/python3.10/site-packages/glance_store/driver.py:133}}
Jun 10 15:08:07 jammy-provider-cloud-0000007191 devstack@g-api.service[104483]: DEBUG glance_store.location [-] Registering scheme file with {'store': <glance_store._drivers.filesystem.Store object at 0x7efebd874e50>, 'location_class': <class 'glance_store._drivers.filesystem.StoreLocation'>, 'store_entry': 'file'} {{(pid=104483) register_scheme_map /opt/stack/data/venv/lib/python3.10/site-packages/glance_store/location.py:146}}
Jun 10 15:08:07 jammy-provider-cloud-0000007191 devstack@g-api.service[104483]: DEBUG glance_store.location [-] Registering scheme filesystem with {'store': <glance_store._drivers.filesystem.Store object at 0x7efebd874e50>, 'location_class': <class 'glance_store._drivers.filesystem.StoreLocation'>, 'store_entry': 'file'} {{(pid=104483) register_scheme_map /opt/stack/data/venv/lib/python3.10/site-packages/glance_store/location.py:146}}
Jun 10 15:08:07 jammy-provider-cloud-0000007191 devstack@g-api.service[104483]: DEBUG glance_store.backend [-] Attempting to import store http {{(pid=104483) _load_store /opt/stack/data/venv/lib/python3.10/site-packages/glance_store/backend.py:216}}
Jun 10 15:08:07 jammy-provider-cloud-0000007191 devstack@g-api.service[104483]: DEBUG glance_store.capabilities [-] Store glance_store._drivers.http.Store doesn't support updating dynamic storage capabilities. Please overwrite 'update_capabilities' method of the store to implement updating logics if needed. {{(pid=104483) update_capabilities /opt/stack/data/venv/lib/python3.10/site-packages/glance_store/capabilities.py:91}}
Jun 10 15:08:07 jammy-provider-cloud-0000007191 devstack@g-api.service[104483]: DEBUG glance_store.backend [-] Registering store http with schemes ('http', 'https') {{(pid=104483) create_stores /opt/stack/data/venv/lib/python3.10/site-packages/glance_store/backend.py:262}}
Jun 10 15:08:07 jammy-provider-cloud-0000007191 devstack@g-api.service[104483]: DEBUG glance_store.driver [-] Late loading location class glance_store._drivers.http.StoreLocation {{(pid=104483) get_store_location_class /opt/stack/data/venv/lib/python3.10/site-packages/glance_store/driver.py:133}}
Jun 10 15:08:07 jammy-provider-cloud-0000007191 devstack@g-api.service[104483]: DEBUG glance_store.location [-] Registering scheme http with {'store': <glance_store._drivers.http.Store object at 0x7efebd1de140>, 'location_class': <class 'glance_store._drivers.http.StoreLocation'>, 'store_entry': 'http'} {{(pid=104483) register_scheme_map /opt/stack/data/venv/lib/python3.10/site-packages/glance_store/location.py:146}}
Jun 10 15:08:07 jammy-provider-cloud-0000007191 devstack@g-api.service[104483]: DEBUG glance_store.location [-] Registering scheme https with {'store': <glance_store._drivers.http.Store object at 0x7efebd1de140>, 'location_class': <class 'glance_store._drivers.http.StoreLocation'>, 'store_entry': 'http'} {{(pid=104483) register_scheme_map /opt/stack/data/venv/lib/python3.10/site-packages/glance_store/location.py:146}}
Jun 10 15:08:07 jammy-provider-cloud-0000007191 devstack@g-api.service[104483]: DEBUG glance.sqlite_migration [-] SQLite caching database not located, skipping migration {{(pid=104483) get_db_path /opt/stack/glance/glance/sqlite_migration.py:68}}
Jun 10 15:08:07 jammy-provider-cloud-0000007191 devstack@g-api.service[104483]: WARNING glance.common.wsgi_app [-] Import methods are enabled but staging directory /tmp/staging/ does not exist; Imports will fail!
Jun 10 15:08:07 jammy-provider-cloud-0000007191 devstack@g-api.service[104484]: DEBUG glance_store.backend [-] Attempting to import store cinder {{(pid=104484) _load_store /opt/stack/data/venv/lib/python3.10/site-packages/glance_store/backend.py:216}}
Jun 10 15:08:07 jammy-provider-cloud-0000007191 devstack@g-api.service[104484]: DEBUG glance_store.backend [-] Attempting to import store file {{(pid=104484) _load_store /opt/stack/data/venv/lib/python3.10/site-packages/glance_store/backend.py:216}}
Jun 10 15:08:07 jammy-provider-cloud-0000007191 devstack@g-api.service[104484]: DEBUG glance_store.backend [-] Attempting to import store glance.store.cinder.Store {{(pid=104484) _load_store /opt/stack/data/venv/lib/python3.10/site-packages/glance_store/backend.py:216}}
Jun 10 15:08:07 jammy-provider-cloud-0000007191 devstack@g-api.service[104484]: DEBUG glance_store.backend [-] Attempting to import store glance.store.filesystem.Store {{(pid=104484) _load_store /opt/stack/data/venv/lib/python3.10/site-packages/glance_store/backend.py:216}}
Jun 10 15:08:07 jammy-provider-cloud-0000007191 devstack@g-api.service[104484]: DEBUG glance_store.backend [-] Attempting to import store glance.store.http.Store {{(pid=104484) _load_store /opt/stack/data/venv/lib/python3.10/site-packages/glance_store/backend.py:216}}
Jun 10 15:08:07 jammy-provider-cloud-0000007191 devstack@g-api.service[104484]: DEBUG glance_store.backend [-] Attempting to import store glance.store.rbd.Store {{(pid=104484) _load_store /opt/stack/data/venv/lib/python3.10/site-packages/glance_store/backend.py:216}}
Jun 10 15:08:07 jammy-provider-cloud-0000007191 devstack@g-api.service[104484]: DEBUG glance_store.backend [-] Attempting to import store glance.store.s3.Store {{(pid=104484) _load_store /opt/stack/data/venv/lib/python3.10/site-packages/glance_store/backend.py:216}}
Jun 10 15:08:07 jammy-provider-cloud-0000007191 devstack@g-api.service[104484]: DEBUG glance_store.backend [-] Attempting to import store glance.store.swift.Store {{(pid=104484) _load_store /opt/stack/data/venv/lib/python3.10/site-packages/glance_store/backend.py:216}}
Jun 10 15:08:07 jammy-provider-cloud-0000007191 devstack@g-api.service[104484]: DEBUG glance_store.backend [-] Attempting to import store glance.store.vmware_datastore.Store {{(pid=104484) _load_store /opt/stack/data/venv/lib/python3.10/site-packages/glance_store/backend.py:216}}
Jun 10 15:08:07 jammy-provider-cloud-0000007191 devstack@g-api.service[104484]: DEBUG glance_store.backend [-] Attempting to import store http {{(pid=104484) _load_store /opt/stack/data/venv/lib/python3.10/site-packages/glance_store/backend.py:216}}
Jun 10 15:08:07 jammy-provider-cloud-0000007191 devstack@g-api.service[104484]: DEBUG glance_store.backend [-] Attempting to import store no_conf {{(pid=104484) _load_store /opt/stack/data/venv/lib/python3.10/site-packages/glance_store/backend.py:216}}
Jun 10 15:08:07 jammy-provider-cloud-0000007191 devstack@g-api.service[104484]: DEBUG glance_store.backend [-] Attempting to import store rbd {{(pid=104484) _load_store /opt/stack/data/venv/lib/python3.10/site-packages/glance_store/backend.py:216}}
Jun 10 15:08:07 jammy-provider-cloud-0000007191 devstack@g-api.service[104484]: DEBUG glance_store.backend [-] Attempting to import store s3 {{(pid=104484) _load_store /opt/stack/data/venv/lib/python3.10/site-packages/glance_store/backend.py:216}}
Jun 10 15:08:07 jammy-provider-cloud-0000007191 devstack@g-api.service[104484]: DEBUG glance_store.backend [-] Attempting to import store swift {{(pid=104484) _load_store /opt/stack/data/venv/lib/python3.10/site-packages/glance_store/backend.py:216}}
Jun 10 15:08:07 jammy-provider-cloud-0000007191 devstack@g-api.service[104484]: DEBUG glance_store.backend [-] Attempting to import store vmware {{(pid=104484) _load_store /opt/stack/data/venv/lib/python3.10/site-packages/glance_store/backend.py:216}}
Jun 10 15:08:07 jammy-provider-cloud-0000007191 devstack@g-api.service[104484]: DEBUG glance_store.backend [-] Registering options for group glance_store {{(pid=104484) register_opts /opt/stack/data/venv/lib/python3.10/site-packages/glance_store/backend.py:145}}
Jun 10 15:08:07 jammy-provider-cloud-0000007191 devstack@g-api.service[104484]: DEBUG glance_store.backend [-] Registering options for group glance_store {{(pid=104484) register_opts /opt/stack/data/venv/lib/python3.10/site-packages/glance_store/backend.py:145}}
Jun 10 15:08:07 jammy-provider-cloud-0000007191 devstack@g-api.service[104484]: DEBUG glance_store.backend [-] Attempting to import store file {{(pid=104484) _load_store /opt/stack/data/venv/lib/python3.10/site-packages/glance_store/backend.py:216}}
Jun 10 15:08:07 jammy-provider-cloud-0000007191 devstack@g-api.service[104484]: DEBUG glance_store.capabilities [-] Store glance_store._drivers.filesystem.Store doesn't support updating dynamic storage capabilities. Please overwrite 'update_capabilities' method of the store to implement updating logics if needed. {{(pid=104484) update_capabilities /opt/stack/data/venv/lib/python3.10/site-packages/glance_store/capabilities.py:91}}
Jun 10 15:08:07 jammy-provider-cloud-0000007191 devstack@g-api.service[104484]: DEBUG glance_store.backend [-] Registering store file with schemes ('file', 'filesystem') {{(pid=104484) create_stores /opt/stack/data/venv/lib/python3.10/site-packages/glance_store/backend.py:262}}
Jun 10 15:08:07 jammy-provider-cloud-0000007191 devstack@g-api.service[104484]: DEBUG glance_store.driver [-] Late loading location class glance_store._drivers.filesystem.StoreLocation {{(pid=104484) get_store_location_class /opt/stack/data/venv/lib/python3.10/site-packages/glance_store/driver.py:133}}
Jun 10 15:08:07 jammy-provider-cloud-0000007191 devstack@g-api.service[104484]: DEBUG glance_store.location [-] Registering scheme file with {'store': <glance_store._drivers.filesystem.Store object at 0x7efebd870e50>, 'location_class': <class 'glance_store._drivers.filesystem.StoreLocation'>, 'store_entry': 'file'} {{(pid=104484) register_scheme_map /opt/stack/data/venv/lib/python3.10/site-packages/glance_store/location.py:146}}
Jun 10 15:08:07 jammy-provider-cloud-0000007191 devstack@g-api.service[104484]: DEBUG glance_store.location [-] Registering scheme filesystem with {'store': <glance_store._drivers.filesystem.Store object at 0x7efebd870e50>, 'location_class': <class 'glance_store._drivers.filesystem.StoreLocation'>, 'store_entry': 'file'} {{(pid=104484) register_scheme_map /opt/stack/data/venv/lib/python3.10/site-packages/glance_store/location.py:146}}
Jun 10 15:08:07 jammy-provider-cloud-0000007191 devstack@g-api.service[104484]: DEBUG glance_store.backend [-] Attempting to import store http {{(pid=104484) _load_store /opt/stack/data/venv/lib/python3.10/site-packages/glance_store/backend.py:216}}
Jun 10 15:08:07 jammy-provider-cloud-0000007191 devstack@g-api.service[104484]: DEBUG glance_store.capabilities [-] Store glance_store._drivers.http.Store doesn't support updating dynamic storage capabilities. Please overwrite 'update_capabilities' method of the store to implement updating logics if needed. {{(pid=104484) update_capabilities /opt/stack/data/venv/lib/python3.10/site-packages/glance_store/capabilities.py:91}}
Jun 10 15:08:07 jammy-provider-cloud-0000007191 devstack@g-api.service[104484]: DEBUG glance_store.backend [-] Registering store http with schemes ('http', 'https') {{(pid=104484) create_stores /opt/stack/data/venv/lib/python3.10/site-packages/glance_store/backend.py:262}}
Jun 10 15:08:07 jammy-provider-cloud-0000007191 devstack@g-api.service[104484]: DEBUG glance_store.driver [-] Late loading location class glance_store._drivers.http.StoreLocation {{(pid=104484) get_store_location_class /opt/stack/data/venv/lib/python3.10/site-packages/glance_store/driver.py:133}}
Jun 10 15:08:07 jammy-provider-cloud-0000007191 devstack@g-api.service[104484]: DEBUG glance_store.location [-] Registering scheme http with {'store': <glance_store._drivers.http.Store object at 0x7efebd1de140>, 'location_class': <class 'glance_store._drivers.http.StoreLocation'>, 'store_entry': 'http'} {{(pid=104484) register_scheme_map /opt/stack/data/venv/lib/python3.10/site-packages/glance_store/location.py:146}}
Jun 10 15:08:07 jammy-provider-cloud-0000007191 devstack@g-api.service[104484]: DEBUG glance_store.location [-] Registering scheme https with {'store': <glance_store._drivers.http.Store object at 0x7efebd1de140>, 'location_class': <class 'glance_store._drivers.http.StoreLocation'>, 'store_entry': 'http'} {{(pid=104484) register_scheme_map /opt/stack/data/venv/lib/python3.10/site-packages/glance_store/location.py:146}}
Jun 10 15:08:07 jammy-provider-cloud-0000007191 devstack@g-api.service[104484]: DEBUG glance.sqlite_migration [-] SQLite caching database not located, skipping migration {{(pid=104484) get_db_path /opt/stack/glance/glance/sqlite_migration.py:68}}
Jun 10 15:08:07 jammy-provider-cloud-0000007191 devstack@g-api.service[104484]: WARNING glance.common.wsgi_app [-] Import methods are enabled but staging directory /tmp/staging/ does not exist; Imports will fail!
Jun 10 15:08:08 jammy-provider-cloud-0000007191 devstack@g-api.service[104483]: DEBUG glance.common.config [None req-48c11f84-722c-43be-8552-2f6bcbe2e45d None None] Loading glance-api-keystone+cachemanagement from /etc/glance/glance-api-paste.ini {{(pid=104483) load_paste_app /opt/stack/glance/glance/common/config.py:700}}
Jun 10 15:08:08 jammy-provider-cloud-0000007191 devstack@g-api.service[104484]: DEBUG glance.common.config [None req-9812323a-ea78-4d56-a21e-68760ba588ed None None] Loading glance-api-keystone+cachemanagement from /etc/glance/glance-api-paste.ini {{(pid=104484) load_paste_app /opt/stack/glance/glance/common/config.py:700}}
Jun 10 15:08:08 jammy-provider-cloud-0000007191 devstack@g-api.service[104483]: INFO glance.image_cache [None req-48c11f84-722c-43be-8552-2f6bcbe2e45d None None] Image cache loaded driver 'centralized_db'.
Jun 10 15:08:08 jammy-provider-cloud-0000007191 devstack@g-api.service[104484]: INFO glance.image_cache [None req-9812323a-ea78-4d56-a21e-68760ba588ed None None] Image cache loaded driver 'centralized_db'.
Jun 10 15:08:08 jammy-provider-cloud-0000007191 devstack@g-api.service[104483]: INFO dbcounter [None req-48c11f84-722c-43be-8552-2f6bcbe2e45d None None] Registered counter for database glance
Jun 10 15:08:08 jammy-provider-cloud-0000007191 devstack@g-api.service[104484]: INFO dbcounter [None req-9812323a-ea78-4d56-a21e-68760ba588ed None None] Registered counter for database glance
Jun 10 15:08:08 jammy-provider-cloud-0000007191 devstack@g-api.service[104484]: DEBUG oslo_db.sqlalchemy.engines [None req-9812323a-ea78-4d56-a21e-68760ba588ed None None] MySQL server mode set to STRICT_TRANS_TABLES,STRICT_ALL_TABLES,NO_ZERO_IN_DATE,NO_ZERO_DATE,ERROR_FOR_DIVISION_BY_ZERO,TRADITIONAL,NO_ENGINE_SUBSTITUTION {{(pid=104484) _check_effective_sql_mode /opt/stack/data/venv/lib/python3.10/site-packages/oslo_db/sqlalchemy/engines.py:342}}
Jun 10 15:08:08 jammy-provider-cloud-0000007191 devstack@g-api.service[104483]: DEBUG oslo_db.sqlalchemy.engines [None req-48c11f84-722c-43be-8552-2f6bcbe2e45d None None] MySQL server mode set to STRICT_TRANS_TABLES,STRICT_ALL_TABLES,NO_ZERO_IN_DATE,NO_ZERO_DATE,ERROR_FOR_DIVISION_BY_ZERO,TRADITIONAL,NO_ENGINE_SUBSTITUTION {{(pid=104483) _check_effective_sql_mode /opt/stack/data/venv/lib/python3.10/site-packages/oslo_db/sqlalchemy/engines.py:342}}
Jun 10 15:08:08 jammy-provider-cloud-0000007191 devstack@g-api.service[104484]: DEBUG dbcounter [-] [104484] Writer thread running {{(pid=104484) stat_writer /opt/stack/data/venv/lib/python3.10/site-packages/dbcounter.py:102}}
Jun 10 15:08:08 jammy-provider-cloud-0000007191 devstack@g-api.service[104483]: DEBUG dbcounter [-] [104483] Writer thread running {{(pid=104483) stat_writer /opt/stack/data/venv/lib/python3.10/site-packages/dbcounter.py:102}}
Jun 10 15:08:08 jammy-provider-cloud-0000007191 devstack@g-api.service[104483]: DEBUG glance.image_cache.drivers.centralized_db [None req-48c11f84-722c-43be-8552-2f6bcbe2e45d None None] Node reference is already recorded, ignoring it {{(pid=104483) configure /opt/stack/glance/glance/image_cache/drivers/centralized_db.py:71}}
Jun 10 15:08:08 jammy-provider-cloud-0000007191 devstack@g-api.service[104484]: INFO glance.image_cache [None req-9812323a-ea78-4d56-a21e-68760ba588ed None None] Image cache loaded driver 'centralized_db'.
Jun 10 15:08:08 jammy-provider-cloud-0000007191 devstack@g-api.service[104483]: INFO glance.image_cache [None req-48c11f84-722c-43be-8552-2f6bcbe2e45d None None] Image cache loaded driver 'centralized_db'.
Jun 10 15:08:08 jammy-provider-cloud-0000007191 devstack@g-api.service[104484]: DEBUG glance.image_cache.drivers.centralized_db [None req-9812323a-ea78-4d56-a21e-68760ba588ed None None] Node reference is already recorded, ignoring it {{(pid=104484) configure /opt/stack/glance/glance/image_cache/drivers/centralized_db.py:71}}
Jun 10 15:08:08 jammy-provider-cloud-0000007191 devstack@g-api.service[104483]: DEBUG glance.image_cache.drivers.centralized_db [None req-48c11f84-722c-43be-8552-2f6bcbe2e45d None None] Node reference is already recorded, ignoring it {{(pid=104483) configure /opt/stack/glance/glance/image_cache/drivers/centralized_db.py:71}}
Jun 10 15:08:08 jammy-provider-cloud-0000007191 devstack@g-api.service[104484]: DEBUG glance.api.v2.cached_images [None req-9812323a-ea78-4d56-a21e-68760ba588ed None None] Started cache worker thread {{(pid=104484) __init__ /opt/stack/glance/glance/api/v2/cached_images.py:69}}
Jun 10 15:08:08 jammy-provider-cloud-0000007191 devstack@g-api.service[104484]: INFO glance.image_cache [None req-9812323a-ea78-4d56-a21e-68760ba588ed None None] Image cache loaded driver 'centralized_db'.
Jun 10 15:08:08 jammy-provider-cloud-0000007191 devstack@g-api.service[104483]: DEBUG glance.api.v2.cached_images [None req-48c11f84-722c-43be-8552-2f6bcbe2e45d None None] Started cache worker thread {{(pid=104483) __init__ /opt/stack/glance/glance/api/v2/cached_images.py:69}}
Jun 10 15:08:08 jammy-provider-cloud-0000007191 devstack@g-api.service[104483]: INFO glance.image_cache [None req-48c11f84-722c-43be-8552-2f6bcbe2e45d None None] Image cache loaded driver 'centralized_db'.
Jun 10 15:08:08 jammy-provider-cloud-0000007191 devstack@g-api.service[104484]: DEBUG glance.image_cache.drivers.centralized_db [None req-9812323a-ea78-4d56-a21e-68760ba588ed None None] Node reference is already recorded, ignoring it {{(pid=104484) configure /opt/stack/glance/glance/image_cache/drivers/centralized_db.py:71}}
Jun 10 15:08:08 jammy-provider-cloud-0000007191 devstack@g-api.service[104483]: DEBUG glance.image_cache.drivers.centralized_db [None req-48c11f84-722c-43be-8552-2f6bcbe2e45d None None] Node reference is already recorded, ignoring it {{(pid=104483) configure /opt/stack/glance/glance/image_cache/drivers/centralized_db.py:71}}
Jun 10 15:08:08 jammy-provider-cloud-0000007191 devstack@g-api.service[104484]: INFO glance.api.middleware.cache_manage [None req-9812323a-ea78-4d56-a21e-68760ba588ed None None] Initialized image cache management middleware
Jun 10 15:08:08 jammy-provider-cloud-0000007191 devstack@g-api.service[104484]: INFO glance.image_cache [None req-9812323a-ea78-4d56-a21e-68760ba588ed None None] Image cache loaded driver 'centralized_db'.
Jun 10 15:08:08 jammy-provider-cloud-0000007191 devstack@g-api.service[104483]: INFO glance.api.middleware.cache_manage [None req-48c11f84-722c-43be-8552-2f6bcbe2e45d None None] Initialized image cache management middleware
Jun 10 15:08:08 jammy-provider-cloud-0000007191 devstack@g-api.service[104483]: INFO glance.image_cache [None req-48c11f84-722c-43be-8552-2f6bcbe2e45d None None] Image cache loaded driver 'centralized_db'.
Jun 10 15:08:08 jammy-provider-cloud-0000007191 devstack@g-api.service[104484]: DEBUG glance.image_cache.drivers.centralized_db [None req-9812323a-ea78-4d56-a21e-68760ba588ed None None] Node reference is already recorded, ignoring it {{(pid=104484) configure /opt/stack/glance/glance/image_cache/drivers/centralized_db.py:71}}
Jun 10 15:08:08 jammy-provider-cloud-0000007191 devstack@g-api.service[104484]: INFO glance.api.middleware.cache [None req-9812323a-ea78-4d56-a21e-68760ba588ed None None] Initialized image cache middleware
Jun 10 15:08:08 jammy-provider-cloud-0000007191 devstack@g-api.service[104483]: DEBUG glance.image_cache.drivers.centralized_db [None req-48c11f84-722c-43be-8552-2f6bcbe2e45d None None] Node reference is already recorded, ignoring it {{(pid=104483) configure /opt/stack/glance/glance/image_cache/drivers/centralized_db.py:71}}
Jun 10 15:08:08 jammy-provider-cloud-0000007191 devstack@g-api.service[104483]: INFO glance.api.middleware.cache [None req-48c11f84-722c-43be-8552-2f6bcbe2e45d None None] Initialized image cache middleware
Jun 10 15:08:08 jammy-provider-cloud-0000007191 devstack@g-api.service[104484]: WARNING keystonemiddleware.auth_token [None req-9812323a-ea78-4d56-a21e-68760ba588ed None None] AuthToken middleware is set with keystone_authtoken.service_token_roles_required set to False. This is backwards compatible but deprecated behaviour. Please set this to True.
Jun 10 15:08:08 jammy-provider-cloud-0000007191 devstack@g-api.service[104484]: WARNING keystonemiddleware.auth_token [None req-9812323a-ea78-4d56-a21e-68760ba588ed None None] Configuring www_authenticate_uri to point to the public identity endpoint is required; clients may not be able to authenticate against an admin endpoint
Jun 10 15:08:08 jammy-provider-cloud-0000007191 devstack@g-api.service[104483]: WARNING keystonemiddleware.auth_token [None req-48c11f84-722c-43be-8552-2f6bcbe2e45d None None] AuthToken middleware is set with keystone_authtoken.service_token_roles_required set to False. This is backwards compatible but deprecated behaviour. Please set this to True.
Jun 10 15:08:08 jammy-provider-cloud-0000007191 devstack@g-api.service[104484]: DEBUG glance.common.config [None req-9812323a-ea78-4d56-a21e-68760ba588ed None None] ******************************************************************************** {{(pid=104484) log_opt_values /opt/stack/data/venv/lib/python3.10/site-packages/oslo_config/cfg.py:2600}}
Jun 10 15:08:08 jammy-provider-cloud-0000007191 devstack@g-api.service[104484]: DEBUG glance.common.config [None req-9812323a-ea78-4d56-a21e-68760ba588ed None None] Configuration options gathered from: {{(pid=104484) log_opt_values /opt/stack/data/venv/lib/python3.10/site-packages/oslo_config/cfg.py:2601}}
Jun 10 15:08:08 jammy-provider-cloud-0000007191 devstack@g-api.service[104484]: DEBUG glance.common.config [None req-9812323a-ea78-4d56-a21e-68760ba588ed None None] command line args: [] {{(pid=104484) log_opt_values /opt/stack/data/venv/lib/python3.10/site-packages/oslo_config/cfg.py:2602}}
Jun 10 15:08:08 jammy-provider-cloud-0000007191 devstack@g-api.service[104484]: DEBUG glance.common.config [None req-9812323a-ea78-4d56-a21e-68760ba588ed None None] config files: ['/etc/glance/glance-image-import.conf', '/etc/glance/glance-api.conf'] {{(pid=104484) log_opt_values /opt/stack/data/venv/lib/python3.10/site-packages/oslo_config/cfg.py:2603}}
Jun 10 15:08:08 jammy-provider-cloud-0000007191 devstack@g-api.service[104484]: DEBUG glance.common.config [None req-9812323a-ea78-4d56-a21e-68760ba588ed None None] ================================================================================ {{(pid=104484) log_opt_values /opt/stack/data/venv/lib/python3.10/site-packages/oslo_config/cfg.py:2605}}
Jun 10 15:08:08 jammy-provider-cloud-0000007191 devstack@g-api.service[104484]: DEBUG glance.common.config [None req-9812323a-ea78-4d56-a21e-68760ba588ed None None] allow_anonymous_access         = False {{(pid=104484) log_opt_values /opt/stack/data/venv/lib/python3.10/site-packages/oslo_config/cfg.py:2613}}
Jun 10 15:08:08 jammy-provider-cloud-0000007191 devstack@g-api.service[104484]: DEBUG glance.common.config [None req-9812323a-ea78-4d56-a21e-68760ba588ed None None] api_limit_max                  = 1000 {{(pid=104484) log_opt_values /opt/stack/data/venv/lib/python3.10/site-packages/oslo_config/cfg.py:2613}}
Jun 10 15:08:08 jammy-provider-cloud-0000007191 devstack@g-api.service[104484]: DEBUG glance.common.config [None req-9812323a-ea78-4d56-a21e-68760ba588ed None None] backlog                        = 4096 {{(pid=104484) log_opt_values /opt/stack/data/venv/lib/python3.10/site-packages/oslo_config/cfg.py:2613}}
Jun 10 15:08:08 jammy-provider-cloud-0000007191 devstack@g-api.service[104484]: DEBUG glance.common.config [None req-9812323a-ea78-4d56-a21e-68760ba588ed None None] bind_host                      = 0.0.0.0 {{(pid=104484) log_opt_values /opt/stack/data/venv/lib/python3.10/site-packages/oslo_config/cfg.py:2613}}
Jun 10 15:08:08 jammy-provider-cloud-0000007191 devstack@g-api.service[104484]: DEBUG glance.common.config [None req-9812323a-ea78-4d56-a21e-68760ba588ed None None] bind_port                      = None {{(pid=104484) log_opt_values /opt/stack/data/venv/lib/python3.10/site-packages/oslo_config/cfg.py:2613}}
Jun 10 15:08:08 jammy-provider-cloud-0000007191 devstack@g-api.service[104484]: DEBUG glance.common.config [None req-9812323a-ea78-4d56-a21e-68760ba588ed None None] client_socket_timeout          = 900 {{(pid=104484) log_opt_values /opt/stack/data/venv/lib/python3.10/site-packages/oslo_config/cfg.py:2613}}
Jun 10 15:08:08 jammy-provider-cloud-0000007191 devstack@g-api.service[104483]: WARNING keystonemiddleware.auth_token [None req-48c11f84-722c-43be-8552-2f6bcbe2e45d None None] Configuring www_authenticate_uri to point to the public identity endpoint is required; clients may not be able to authenticate against an admin endpoint
Jun 10 15:08:08 jammy-provider-cloud-0000007191 devstack@g-api.service[104484]: DEBUG glance.common.config [None req-9812323a-ea78-4d56-a21e-68760ba588ed None None] config_dir                     = [] {{(pid=104484) log_opt_values /opt/stack/data/venv/lib/python3.10/site-packages/oslo_config/cfg.py:2613}}
Jun 10 15:08:08 jammy-provider-cloud-0000007191 devstack@g-api.service[104484]: DEBUG glance.common.config [None req-9812323a-ea78-4d56-a21e-68760ba588ed None None] config_file                    = ['/etc/glance/glance-image-import.conf', '/etc/glance/glance-api.conf'] {{(pid=104484) log_opt_values /opt/stack/data/venv/lib/python3.10/site-packages/oslo_config/cfg.py:2613}}
Jun 10 15:08:08 jammy-provider-cloud-0000007191 devstack@g-api.service[104484]: DEBUG glance.common.config [None req-9812323a-ea78-4d56-a21e-68760ba588ed None None] config_source                  = [] {{(pid=104484) log_opt_values /opt/stack/data/venv/lib/python3.10/site-packages/oslo_config/cfg.py:2613}}
Jun 10 15:08:08 jammy-provider-cloud-0000007191 devstack@g-api.service[104484]: DEBUG glance.common.config [None req-9812323a-ea78-4d56-a21e-68760ba588ed None None] control_exchange               = glance {{(pid=104484) log_opt_values /opt/stack/data/venv/lib/python3.10/site-packages/oslo_config/cfg.py:2613}}
Jun 10 15:08:08 jammy-provider-cloud-0000007191 devstack@g-api.service[104484]: DEBUG glance.common.config [None req-9812323a-ea78-4d56-a21e-68760ba588ed None None] debug                          = True {{(pid=104484) log_opt_values /opt/stack/data/venv/lib/python3.10/site-packages/oslo_config/cfg.py:2613}}
Jun 10 15:08:08 jammy-provider-cloud-0000007191 devstack@g-api.service[104484]: DEBUG glance.common.config [None req-9812323a-ea78-4d56-a21e-68760ba588ed None None] default_log_levels             = ['amqp=WARN', 'amqplib=WARN', 'boto=WARN', 'qpid=WARN', 'sqlalchemy=WARN', 'suds=INFO', 'oslo.messaging=INFO', 'oslo_messaging=INFO', 'iso8601=WARN', 'requests.packages.urllib3.connectionpool=WARN', 'urllib3.connectionpool=WARN', 'websocket=WARN', 'requests.packages.urllib3.util.retry=WARN', 'urllib3.util.retry=WARN', 'keystonemiddleware=WARN', 'routes.middleware=WARN', 'stevedore=WARN', 'taskflow=WARN', 'keystoneauth=WARN', 'oslo.cache=INFO', 'oslo_policy=INFO', 'dogpile.core.dogpile=INFO'] {{(pid=104484) log_opt_values /opt/stack/data/venv/lib/python3.10/site-packages/oslo_config/cfg.py:2613}}
Jun 10 15:08:08 jammy-provider-cloud-0000007191 devstack@g-api.service[104484]: DEBUG glance.common.config [None req-9812323a-ea78-4d56-a21e-68760ba588ed None None] default_publisher_id           = image.localhost {{(pid=104484) log_opt_values /opt/stack/data/venv/lib/python3.10/site-packages/oslo_config/cfg.py:2613}}
Jun 10 15:08:08 jammy-provider-cloud-0000007191 devstack@g-api.service[104484]: DEBUG glance.common.config [None req-9812323a-ea78-4d56-a21e-68760ba588ed None None] delayed_delete                 = False {{(pid=104484) log_opt_values /opt/stack/data/venv/lib/python3.10/site-packages/oslo_config/cfg.py:2613}}
Jun 10 15:08:08 jammy-provider-cloud-0000007191 devstack@g-api.service[104484]: DEBUG glance.common.config [None req-9812323a-ea78-4d56-a21e-68760ba588ed None None] digest_algorithm               = sha256 {{(pid=104484) log_opt_values /opt/stack/data/venv/lib/python3.10/site-packages/oslo_config/cfg.py:2613}}
Jun 10 15:08:08 jammy-provider-cloud-0000007191 devstack@g-api.service[104484]: DEBUG glance.common.config [None req-9812323a-ea78-4d56-a21e-68760ba588ed None None] disabled_notifications         = [] {{(pid=104484) log_opt_values /opt/stack/data/venv/lib/python3.10/site-packages/oslo_config/cfg.py:2613}}
Jun 10 15:08:08 jammy-provider-cloud-0000007191 devstack@g-api.service[104484]: DEBUG glance.common.config [None req-9812323a-ea78-4d56-a21e-68760ba588ed None None] enabled_backends               = None {{(pid=104484) log_opt_values /opt/stack/data/venv/lib/python3.10/site-packages/oslo_config/cfg.py:2613}}
Jun 10 15:08:08 jammy-provider-cloud-0000007191 devstack@g-api.service[104484]: DEBUG glance.common.config [None req-9812323a-ea78-4d56-a21e-68760ba588ed None None] enabled_import_methods         = ['glance-direct', 'web-download', 'copy-image'] {{(pid=104484) log_opt_values /opt/stack/data/venv/lib/python3.10/site-packages/oslo_config/cfg.py:2613}}
Jun 10 15:08:08 jammy-provider-cloud-0000007191 devstack@g-api.service[104484]: DEBUG glance.common.config [None req-9812323a-ea78-4d56-a21e-68760ba588ed None None] hashing_algorithm              = sha512 {{(pid=104484) log_opt_values /opt/stack/data/venv/lib/python3.10/site-packages/oslo_config/cfg.py:2613}}
Jun 10 15:08:08 jammy-provider-cloud-0000007191 devstack@g-api.service[104484]: DEBUG glance.common.config [None req-9812323a-ea78-4d56-a21e-68760ba588ed None None] http_keepalive                 = True {{(pid=104484) log_opt_values /opt/stack/data/venv/lib/python3.10/site-packages/oslo_config/cfg.py:2613}}
Jun 10 15:08:08 jammy-provider-cloud-0000007191 devstack@g-api.service[104484]: DEBUG glance.common.config [None req-9812323a-ea78-4d56-a21e-68760ba588ed None None] image_cache_dir                = /opt/stack/data/glance/cache/ {{(pid=104484) log_opt_values /opt/stack/data/venv/lib/python3.10/site-packages/oslo_config/cfg.py:2613}}
Jun 10 15:08:08 jammy-provider-cloud-0000007191 devstack@g-api.service[104484]: DEBUG glance.common.config [None req-9812323a-ea78-4d56-a21e-68760ba588ed None None] image_cache_driver             = centralized_db {{(pid=104484) log_opt_values /opt/stack/data/venv/lib/python3.10/site-packages/oslo_config/cfg.py:2613}}
Jun 10 15:08:08 jammy-provider-cloud-0000007191 devstack@g-api.service[104484]: DEBUG glance.common.config [None req-9812323a-ea78-4d56-a21e-68760ba588ed None None] image_cache_max_size           = 10737418240 {{(pid=104484) log_opt_values /opt/stack/data/venv/lib/python3.10/site-packages/oslo_config/cfg.py:2613}}
Jun 10 15:08:08 jammy-provider-cloud-0000007191 devstack@g-api.service[104484]: DEBUG glance.common.config [None req-9812323a-ea78-4d56-a21e-68760ba588ed None None] image_cache_sqlite_db          = cache.db {{(pid=104484) log_opt_values /opt/stack/data/venv/lib/python3.10/site-packages/oslo_config/cfg.py:2613}}
Jun 10 15:08:08 jammy-provider-cloud-0000007191 devstack@g-api.service[104484]: DEBUG glance.common.config [None req-9812323a-ea78-4d56-a21e-68760ba588ed None None] image_cache_stall_time         = 86400 {{(pid=104484) log_opt_values /opt/stack/data/venv/lib/python3.10/site-packages/oslo_config/cfg.py:2613}}
Jun 10 15:08:08 jammy-provider-cloud-0000007191 devstack@g-api.service[104484]: DEBUG glance.common.config [None req-9812323a-ea78-4d56-a21e-68760ba588ed None None] image_location_quota           = 10 {{(pid=104484) log_opt_values /opt/stack/data/venv/lib/python3.10/site-packages/oslo_config/cfg.py:2613}}
Jun 10 15:08:08 jammy-provider-cloud-0000007191 devstack@g-api.service[104484]: DEBUG glance.common.config [None req-9812323a-ea78-4d56-a21e-68760ba588ed None None] image_member_quota             = 128 {{(pid=104484) log_opt_values /opt/stack/data/venv/lib/python3.10/site-packages/oslo_config/cfg.py:2613}}
Jun 10 15:08:08 jammy-provider-cloud-0000007191 devstack@g-api.service[104484]: DEBUG glance.common.config [None req-9812323a-ea78-4d56-a21e-68760ba588ed None None] image_property_quota           = 128 {{(pid=104484) log_opt_values /opt/stack/data/venv/lib/python3.10/site-packages/oslo_config/cfg.py:2613}}
Jun 10 15:08:08 jammy-provider-cloud-0000007191 devstack@g-api.service[104484]: DEBUG glance.common.config [None req-9812323a-ea78-4d56-a21e-68760ba588ed None None] image_size_cap                 = 1099511627776 {{(pid=104484) log_opt_values /opt/stack/data/venv/lib/python3.10/site-packages/oslo_config/cfg.py:2613}}
Jun 10 15:08:08 jammy-provider-cloud-0000007191 devstack@g-api.service[104484]: DEBUG glance.common.config [None req-9812323a-ea78-4d56-a21e-68760ba588ed None None] image_tag_quota                = 128 {{(pid=104484) log_opt_values /opt/stack/data/venv/lib/python3.10/site-packages/oslo_config/cfg.py:2613}}
Jun 10 15:08:08 jammy-provider-cloud-0000007191 devstack@g-api.service[104484]: DEBUG glance.common.config [None req-9812323a-ea78-4d56-a21e-68760ba588ed None None] instance_format                = [instance: %(uuid)s]  {{(pid=104484) log_opt_values /opt/stack/data/venv/lib/python3.10/site-packages/oslo_config/cfg.py:2613}}
Jun 10 15:08:08 jammy-provider-cloud-0000007191 devstack@g-api.service[104484]: DEBUG glance.common.config [None req-9812323a-ea78-4d56-a21e-68760ba588ed None None] instance_uuid_format           = [instance: %(uuid)s]  {{(pid=104484) log_opt_values /opt/stack/data/venv/lib/python3.10/site-packages/oslo_config/cfg.py:2613}}
Jun 10 15:08:08 jammy-provider-cloud-0000007191 devstack@g-api.service[104484]: DEBUG glance.common.config [None req-9812323a-ea78-4d56-a21e-68760ba588ed None None] limit_param_default            = 25 {{(pid=104484) log_opt_values /opt/stack/data/venv/lib/python3.10/site-packages/oslo_config/cfg.py:2613}}
Jun 10 15:08:08 jammy-provider-cloud-0000007191 devstack@g-api.service[104484]: DEBUG glance.common.config [None req-9812323a-ea78-4d56-a21e-68760ba588ed None None] location_strategy              = location_order {{(pid=104484) log_opt_values /opt/stack/data/venv/lib/python3.10/site-packages/oslo_config/cfg.py:2613}}
Jun 10 15:08:08 jammy-provider-cloud-0000007191 devstack@g-api.service[104484]: DEBUG glance.common.config [None req-9812323a-ea78-4d56-a21e-68760ba588ed None None] log_config_append              = None {{(pid=104484) log_opt_values /opt/stack/data/venv/lib/python3.10/site-packages/oslo_config/cfg.py:2613}}
Jun 10 15:08:08 jammy-provider-cloud-0000007191 devstack@g-api.service[104484]: DEBUG glance.common.config [None req-9812323a-ea78-4d56-a21e-68760ba588ed None None] log_date_format                = %Y-%m-%d %H:%M:%S {{(pid=104484) log_opt_values /opt/stack/data/venv/lib/python3.10/site-packages/oslo_config/cfg.py:2613}}
Jun 10 15:08:08 jammy-provider-cloud-0000007191 devstack@g-api.service[104484]: DEBUG glance.common.config [None req-9812323a-ea78-4d56-a21e-68760ba588ed None None] log_dir                        = None {{(pid=104484) log_opt_values /opt/stack/data/venv/lib/python3.10/site-packages/oslo_config/cfg.py:2613}}
Jun 10 15:08:08 jammy-provider-cloud-0000007191 devstack@g-api.service[104484]: DEBUG glance.common.config [None req-9812323a-ea78-4d56-a21e-68760ba588ed None None] log_file                       = None {{(pid=104484) log_opt_values /opt/stack/data/venv/lib/python3.10/site-packages/oslo_config/cfg.py:2613}}
Jun 10 15:08:08 jammy-provider-cloud-0000007191 devstack@g-api.service[104484]: DEBUG glance.common.config [None req-9812323a-ea78-4d56-a21e-68760ba588ed None None] log_rotate_interval            = 1 {{(pid=104484) log_opt_values /opt/stack/data/venv/lib/python3.10/site-packages/oslo_config/cfg.py:2613}}
Jun 10 15:08:08 jammy-provider-cloud-0000007191 devstack@g-api.service[104484]: DEBUG glance.common.config [None req-9812323a-ea78-4d56-a21e-68760ba588ed None None] log_rotate_interval_type       = days {{(pid=104484) log_opt_values /opt/stack/data/venv/lib/python3.10/site-packages/oslo_config/cfg.py:2613}}
Jun 10 15:08:08 jammy-provider-cloud-0000007191 devstack@g-api.service[104484]: DEBUG glance.common.config [None req-9812323a-ea78-4d56-a21e-68760ba588ed None None] log_rotation_type              = none {{(pid=104484) log_opt_values /opt/stack/data/venv/lib/python3.10/site-packages/oslo_config/cfg.py:2613}}
Jun 10 15:08:08 jammy-provider-cloud-0000007191 devstack@g-api.service[104483]: DEBUG glance.common.config [None req-48c11f84-722c-43be-8552-2f6bcbe2e45d None None] ******************************************************************************** {{(pid=104483) log_opt_values /opt/stack/data/venv/lib/python3.10/site-packages/oslo_config/cfg.py:2600}}
Jun 10 15:08:08 jammy-provider-cloud-0000007191 devstack@g-api.service[104484]: DEBUG glance.common.config [None req-9812323a-ea78-4d56-a21e-68760ba588ed None None] logging_context_format_string  = %(color)s%(levelname)s %(name)s [%(global_request_id)s %(request_id)s %(project_name)s %(user_name)s%(color)s] %(instance)s%(color)s%(message)s {{(pid=104484) log_opt_values /opt/stack/data/venv/lib/python3.10/site-packages/oslo_config/cfg.py:2613}}
Jun 10 15:08:08 jammy-provider-cloud-0000007191 devstack@g-api.service[104484]: DEBUG glance.common.config [None req-9812323a-ea78-4d56-a21e-68760ba588ed None None] logging_debug_format_suffix    = {{(pid=%(process)d) %(funcName)s %(pathname)s:%(lineno)d}} {{(pid=104484) log_opt_values /opt/stack/data/venv/lib/python3.10/site-packages/oslo_config/cfg.py:2613}}
