Aug 20 15:24:15 jammy-provider-cloud-0000007501 devstack@keystone.service[61000]: ERROR keystone.server.flask.application     ref = PROVIDERS.resource_api.create_domain(
Aug 20 15:24:15 jammy-provider-cloud-0000007501 devstack@keystone.service[61000]: ERROR keystone.server.flask.application   File "/opt/stack/keystone/keystone/common/manager.py", line 111, in wrapped
Aug 20 15:24:15 jammy-provider-cloud-0000007501 devstack@keystone.service[61000]: ERROR keystone.server.flask.application     __ret_val = __f(*args, **kwargs)
Aug 20 15:24:15 jammy-provider-cloud-0000007501 devstack@keystone.service[61000]: ERROR keystone.server.flask.application   File "/opt/stack/keystone/keystone/resource/core.py", line 867, in create_domain
Aug 20 15:24:15 jammy-provider-cloud-0000007501 devstack@keystone.service[61000]: ERROR keystone.server.flask.application     is_domain_project = self.create_project(
Aug 20 15:24:15 jammy-provider-cloud-0000007501 devstack@keystone.service[61000]: ERROR keystone.server.flask.application   File "/opt/stack/keystone/keystone/common/manager.py", line 111, in wrapped
Aug 20 15:24:15 jammy-provider-cloud-0000007501 devstack@keystone.service[61000]: ERROR keystone.server.flask.application     __ret_val = __f(*args, **kwargs)
Aug 20 15:24:15 jammy-provider-cloud-0000007501 devstack@keystone.service[61000]: ERROR keystone.server.flask.application   File "/opt/stack/keystone/keystone/resource/core.py", line 252, in create_project
Aug 20 15:24:15 jammy-provider-cloud-0000007501 devstack@keystone.service[61000]: ERROR keystone.server.flask.application     raise exception.Conflict(
Aug 20 15:24:15 jammy-provider-cloud-0000007501 devstack@keystone.service[61000]: ERROR keystone.server.flask.application keystone.exception.Conflict: Conflict occurred attempting to store project - it is not permitted to have two projects acting as domains with the same name: Default.
Aug 20 15:24:15 jammy-provider-cloud-0000007501 devstack@keystone.service[61000]: ERROR keystone.server.flask.application 
Aug 20 15:24:15 jammy-provider-cloud-0000007501 devstack@keystone.service[61000]: [pid: 61000|app: 0|req: 8/16] 10.201.5.87 () {60 vars in 1137 bytes} [Tue Aug 20 15:24:15 2024] POST /identity/v3/domains => generated 190 bytes in 91 msecs (HTTP/1.1 409) 5 headers in 183 bytes (1 switches on core 0)
Aug 20 15:24:15 jammy-provider-cloud-0000007501 devstack@keystone.service[61000]: DEBUG keystone.server.flask.request_processing.middleware.auth_context [None req-3ef6ab76-0b5e-4597-8935-e016adae330e None admin] Authenticating user token {{(pid=61000) process_request /opt/stack/data/venv/lib/python3.10/site-packages/keystonemiddleware/auth_token/__init__.py:406}}
Aug 20 15:24:15 jammy-provider-cloud-0000007501 devstack@keystone.service[60999]: DEBUG keystone.server.flask.request_processing.middleware.auth_context [None req-8b97ff8e-0399-43f2-9886-ad287eb22397 None admin] Validating token access rules against request {{(pid=60999) validate_allowed_request /opt/stack/data/venv/lib/python3.10/site-packages/keystonemiddleware/auth_token/__init__.py:544}}
Aug 20 15:24:15 jammy-provider-cloud-0000007501 devstack@keystone.service[61000]: DEBUG keystone.server.flask.request_processing.middleware.auth_context [None req-3ef6ab76-0b5e-4597-8935-e016adae330e None admin] Validating token access rules against request {{(pid=61000) validate_allowed_request /opt/stack/data/venv/lib/python3.10/site-packages/keystonemiddleware/auth_token/__init__.py:544}}
Aug 20 15:24:15 jammy-provider-cloud-0000007501 devstack@keystone.service[60999]: DEBUG keystone.server.flask.request_processing.middleware.auth_context [None req-09a036c7-0fce-40a1-9393-43e08e8d38a3 None admin] RBAC: auth_context: {'token': <TokenModel (audit_id=FUIx6VZRR42eAZHKJN9Hfg, audit_chain_id=['FUIx6VZRR42eAZHKJN9Hfg']) at 0x7f334ccbb340>, 'domain_id': None, 'trust_id': None, 'trustor_id': None, 'trustee_id': None, 'domain_name': None, 'group_ids': [], 'user_id': '5db53c1cce7c45eab4a2f1ab99c15c27', 'user_domain_id': 'default', 'system_scope': 'all', 'project_id': None, 'project_domain_id': None, 'roles': ['admin', 'manager', 'member', 'reader'], 'is_admin_project': True, 'service_user_id': None, 'service_user_domain_id': None, 'service_project_id': None, 'service_project_domain_id': None, 'service_roles': []} {{(pid=60999) fill_context /opt/stack/keystone/keystone/server/flask/request_processing/middleware/auth_context.py:511}}
Aug 20 15:24:15 jammy-provider-cloud-0000007501 devstack@keystone.service[60999]: DEBUG keystone.server.flask.request_processing.req_logging [None req-09a036c7-0fce-40a1-9393-43e08e8d38a3 None admin] REQUEST_METHOD: `GET` {{(pid=60999) log_request_info /opt/stack/keystone/keystone/server/flask/request_processing/req_logging.py:27}}
Aug 20 15:24:15 jammy-provider-cloud-0000007501 devstack@keystone.service[60999]: DEBUG keystone.server.flask.request_processing.req_logging [None req-09a036c7-0fce-40a1-9393-43e08e8d38a3 None admin] SCRIPT_NAME: `/identity` {{(pid=60999) log_request_info /opt/stack/keystone/keystone/server/flask/request_processing/req_logging.py:28}}
Aug 20 15:24:15 jammy-provider-cloud-0000007501 devstack@keystone.service[60999]: DEBUG keystone.server.flask.request_processing.req_logging [None req-09a036c7-0fce-40a1-9393-43e08e8d38a3 None admin] PATH_INFO: `/v3/users/5db53c1cce7c45eab4a2f1ab99c15c27` {{(pid=60999) log_request_info /opt/stack/keystone/keystone/server/flask/request_processing/req_logging.py:29}}
Aug 20 15:24:15 jammy-provider-cloud-0000007501 devstack@keystone.service[60999]: DEBUG keystone.common.rbac_enforcer.enforcer [None req-09a036c7-0fce-40a1-9393-43e08e8d38a3 None admin] RBAC: Authorizing `identity:get_user(user_id=5db53c1cce7c45eab4a2f1ab99c15c27)` {{(pid=60999) enforce_call /opt/stack/keystone/keystone/common/rbac_enforcer/enforcer.py:504}}
Aug 20 15:24:15 jammy-provider-cloud-0000007501 devstack@keystone.service[60999]: DEBUG keystone.common.rbac_enforcer.enforcer [None req-09a036c7-0fce-40a1-9393-43e08e8d38a3 None admin] RBAC: Authorization granted {{(pid=60999) enforce_call /opt/stack/keystone/keystone/common/rbac_enforcer/enforcer.py:515}}
Aug 20 15:24:15 jammy-provider-cloud-0000007501 devstack@keystone.service[60999]: [pid: 60999|app: 0|req: 9/17] 10.201.5.87 () {56 vars in 1177 bytes} [Tue Aug 20 15:24:15 2024] GET /identity/v3/users/5db53c1cce7c45eab4a2f1ab99c15c27 => generated 247 bytes in 56 msecs (HTTP/1.1 200) 5 headers in 177 bytes (2 switches on core 0)
Aug 20 15:24:15 jammy-provider-cloud-0000007501 devstack@keystone.service[60999]: DEBUG keystone.server.flask.request_processing.middleware.auth_context [None req-09a036c7-0fce-40a1-9393-43e08e8d38a3 None admin] Authenticating user token {{(pid=60999) process_request /opt/stack/data/venv/lib/python3.10/site-packages/keystonemiddleware/auth_token/__init__.py:406}}
Aug 20 15:24:15 jammy-provider-cloud-0000007501 devstack@keystone.service[61000]: DEBUG keystone.server.flask.request_processing.middleware.auth_context [None req-51f82ace-d0bd-414b-81f4-05dc5f8d1185 None admin] RBAC: auth_context: {'token': <TokenModel (audit_id=Zz4tMUQZRd-JvZnt7OLvhQ, audit_chain_id=['Zz4tMUQZRd-JvZnt7OLvhQ']) at 0x7f334cc0ab00>, 'domain_id': None, 'trust_id': None, 'trustor_id': None, 'trustee_id': None, 'domain_name': None, 'group_ids': [], 'user_id': '5db53c1cce7c45eab4a2f1ab99c15c27', 'user_domain_id': 'default', 'system_scope': 'all', 'project_id': None, 'project_domain_id': None, 'roles': ['admin', 'manager', 'member', 'reader'], 'is_admin_project': True, 'service_user_id': None, 'service_user_domain_id': None, 'service_project_id': None, 'service_project_domain_id': None, 'service_roles': []} {{(pid=61000) fill_context /opt/stack/keystone/keystone/server/flask/request_processing/middleware/auth_context.py:511}}
Aug 20 15:24:15 jammy-provider-cloud-0000007501 devstack@keystone.service[61000]: DEBUG keystone.server.flask.request_processing.req_logging [None req-51f82ace-d0bd-414b-81f4-05dc5f8d1185 None admin] REQUEST_METHOD: `GET` {{(pid=61000) log_request_info /opt/stack/keystone/keystone/server/flask/request_processing/req_logging.py:27}}
Aug 20 15:24:15 jammy-provider-cloud-0000007501 devstack@keystone.service[61000]: DEBUG keystone.server.flask.request_processing.req_logging [None req-51f82ace-d0bd-414b-81f4-05dc5f8d1185 None admin] SCRIPT_NAME: `/identity` {{(pid=61000) log_request_info /opt/stack/keystone/keystone/server/flask/request_processing/req_logging.py:28}}
Aug 20 15:24:15 jammy-provider-cloud-0000007501 devstack@keystone.service[61000]: DEBUG keystone.server.flask.request_processing.req_logging [None req-51f82ace-d0bd-414b-81f4-05dc5f8d1185 None admin] PATH_INFO: `/v3/domains/Default` {{(pid=61000) log_request_info /opt/stack/keystone/keystone/server/flask/request_processing/req_logging.py:29}}
Aug 20 15:24:15 jammy-provider-cloud-0000007501 devstack@keystone.service[61000]: DEBUG keystone.common.rbac_enforcer.enforcer [None req-51f82ace-d0bd-414b-81f4-05dc5f8d1185 None admin] RBAC: Authorizing `identity:get_domain(domain_id=Default)` {{(pid=61000) enforce_call /opt/stack/keystone/keystone/common/rbac_enforcer/enforcer.py:504}}
Aug 20 15:24:15 jammy-provider-cloud-0000007501 devstack@keystone.service[61000]: DEBUG keystone.common.rbac_enforcer.enforcer [None req-51f82ace-d0bd-414b-81f4-05dc5f8d1185 None admin] RBAC: Authorization granted {{(pid=61000) enforce_call /opt/stack/keystone/keystone/common/rbac_enforcer/enforcer.py:515}}
Aug 20 15:24:15 jammy-provider-cloud-0000007501 devstack@keystone.service[60999]: DEBUG keystone.server.flask.request_processing.middleware.auth_context [None req-09a036c7-0fce-40a1-9393-43e08e8d38a3 None admin] Validating token access rules against request {{(pid=60999) validate_allowed_request /opt/stack/data/venv/lib/python3.10/site-packages/keystonemiddleware/auth_token/__init__.py:544}}
Aug 20 15:24:15 jammy-provider-cloud-0000007501 devstack@keystone.service[61000]: DEBUG keystone.server.flask.application [None req-51f82ace-d0bd-414b-81f4-05dc5f8d1185 None admin] Could not find domain: Default. {{(pid=61000) _handle_keystone_exception /opt/stack/keystone/keystone/server/flask/application.py:96}}
Aug 20 15:24:15 jammy-provider-cloud-0000007501 devstack@keystone.service[61000]: [pid: 61000|app: 0|req: 9/18] 10.201.5.87 () {56 vars in 1108 bytes} [Tue Aug 20 15:24:15 2024] GET /identity/v3/domains/Default => generated 87 bytes in 77 msecs (HTTP/1.1 404) 5 headers in 183 bytes (2 switches on core 0)
Aug 20 15:24:15 jammy-provider-cloud-0000007501 devstack@keystone.service[61000]: DEBUG keystone.server.flask.request_processing.middleware.auth_context [None req-51f82ace-d0bd-414b-81f4-05dc5f8d1185 None admin] Authenticating user token {{(pid=61000) process_request /opt/stack/data/venv/lib/python3.10/site-packages/keystonemiddleware/auth_token/__init__.py:406}}
Aug 20 15:24:15 jammy-provider-cloud-0000007501 devstack@keystone.service[60999]: DEBUG keystone.server.flask.request_processing.middleware.auth_context [None req-016ed44f-a36b-41a8-abb1-5b900bc67091 None admin] RBAC: auth_context: {'token': <TokenModel (audit_id=FUIx6VZRR42eAZHKJN9Hfg, audit_chain_id=['FUIx6VZRR42eAZHKJN9Hfg']) at 0x7f334cca0670>, 'domain_id': None, 'trust_id': None, 'trustor_id': None, 'trustee_id': None, 'domain_name': None, 'group_ids': [], 'user_id': '5db53c1cce7c45eab4a2f1ab99c15c27', 'user_domain_id': 'default', 'system_scope': 'all', 'project_id': None, 'project_domain_id': None, 'roles': ['admin', 'manager', 'member', 'reader'], 'is_admin_project': True, 'service_user_id': None, 'service_user_domain_id': None, 'service_project_id': None, 'service_project_domain_id': None, 'service_roles': []} {{(pid=60999) fill_context /opt/stack/keystone/keystone/server/flask/request_processing/middleware/auth_context.py:511}}
Aug 20 15:24:15 jammy-provider-cloud-0000007501 devstack@keystone.service[60999]: DEBUG keystone.server.flask.request_processing.req_logging [None req-016ed44f-a36b-41a8-abb1-5b900bc67091 None admin] REQUEST_METHOD: `GET` {{(pid=60999) log_request_info /opt/stack/keystone/keystone/server/flask/request_processing/req_logging.py:27}}
Aug 20 15:24:15 jammy-provider-cloud-0000007501 devstack@keystone.service[60999]: DEBUG keystone.server.flask.request_processing.req_logging [None req-016ed44f-a36b-41a8-abb1-5b900bc67091 None admin] SCRIPT_NAME: `/identity` {{(pid=60999) log_request_info /opt/stack/keystone/keystone/server/flask/request_processing/req_logging.py:28}}
Aug 20 15:24:15 jammy-provider-cloud-0000007501 devstack@keystone.service[60999]: DEBUG keystone.server.flask.request_processing.req_logging [None req-016ed44f-a36b-41a8-abb1-5b900bc67091 None admin] PATH_INFO: `/v3/domains/default` {{(pid=60999) log_request_info /opt/stack/keystone/keystone/server/flask/request_processing/req_logging.py:29}}
Aug 20 15:24:15 jammy-provider-cloud-0000007501 devstack@keystone.service[60999]: DEBUG keystone.common.rbac_enforcer.enforcer [None req-016ed44f-a36b-41a8-abb1-5b900bc67091 None admin] RBAC: Authorizing `identity:get_domain(domain_id=default)` {{(pid=60999) enforce_call /opt/stack/keystone/keystone/common/rbac_enforcer/enforcer.py:504}}
Aug 20 15:24:15 jammy-provider-cloud-0000007501 devstack@keystone.service[60999]: DEBUG keystone.common.rbac_enforcer.enforcer [None req-016ed44f-a36b-41a8-abb1-5b900bc67091 None admin] RBAC: Authorization granted {{(pid=60999) enforce_call /opt/stack/keystone/keystone/common/rbac_enforcer/enforcer.py:515}}
Aug 20 15:24:15 jammy-provider-cloud-0000007501 devstack@keystone.service[60999]: [pid: 60999|app: 0|req: 10/19] 10.201.5.87 () {56 vars in 1108 bytes} [Tue Aug 20 15:24:15 2024] GET /identity/v3/domains/default => generated 199 bytes in 51 msecs (HTTP/1.1 200) 5 headers in 177 bytes (2 switches on core 0)
Aug 20 15:24:15 jammy-provider-cloud-0000007501 devstack@keystone.service[60999]: DEBUG keystone.server.flask.request_processing.middleware.auth_context [None req-016ed44f-a36b-41a8-abb1-5b900bc67091 None admin] Authenticating user token {{(pid=60999) process_request /opt/stack/data/venv/lib/python3.10/site-packages/keystonemiddleware/auth_token/__init__.py:406}}
Aug 20 15:24:15 jammy-provider-cloud-0000007501 devstack@keystone.service[61000]: DEBUG keystone.server.flask.request_processing.middleware.auth_context [None req-51f82ace-d0bd-414b-81f4-05dc5f8d1185 None admin] Validating token access rules against request {{(pid=61000) validate_allowed_request /opt/stack/data/venv/lib/python3.10/site-packages/keystonemiddleware/auth_token/__init__.py:544}}
Aug 20 15:24:15 jammy-provider-cloud-0000007501 devstack@keystone.service[60999]: DEBUG keystone.server.flask.request_processing.middleware.auth_context [None req-016ed44f-a36b-41a8-abb1-5b900bc67091 None admin] Validating token access rules against request {{(pid=60999) validate_allowed_request /opt/stack/data/venv/lib/python3.10/site-packages/keystonemiddleware/auth_token/__init__.py:544}}
Aug 20 15:24:15 jammy-provider-cloud-0000007501 devstack@keystone.service[61000]: DEBUG keystone.server.flask.request_processing.middleware.auth_context [None req-d72736a6-b5c2-41d3-9f49-14875a6025ed None admin] RBAC: auth_context: {'token': <TokenModel (audit_id=Zz4tMUQZRd-JvZnt7OLvhQ, audit_chain_id=['Zz4tMUQZRd-JvZnt7OLvhQ']) at 0x7f334cc47ac0>, 'domain_id': None, 'trust_id': None, 'trustor_id': None, 'trustee_id': None, 'domain_name': None, 'group_ids': [], 'user_id': '5db53c1cce7c45eab4a2f1ab99c15c27', 'user_domain_id': 'default', 'system_scope': 'all', 'project_id': None, 'project_domain_id': None, 'roles': ['admin', 'manager', 'member', 'reader'], 'is_admin_project': True, 'service_user_id': None, 'service_user_domain_id': None, 'service_project_id': None, 'service_project_domain_id': None, 'service_roles': []} {{(pid=61000) fill_context /opt/stack/keystone/keystone/server/flask/request_processing/middleware/auth_context.py:511}}
Aug 20 15:24:15 jammy-provider-cloud-0000007501 devstack@keystone.service[61000]: DEBUG keystone.server.flask.request_processing.req_logging [None req-d72736a6-b5c2-41d3-9f49-14875a6025ed None admin] REQUEST_METHOD: `GET` {{(pid=61000) log_request_info /opt/stack/keystone/keystone/server/flask/request_processing/req_logging.py:27}}
Aug 20 15:24:15 jammy-provider-cloud-0000007501 devstack@keystone.service[61000]: DEBUG keystone.server.flask.request_processing.req_logging [None req-d72736a6-b5c2-41d3-9f49-14875a6025ed None admin] SCRIPT_NAME: `/identity` {{(pid=61000) log_request_info /opt/stack/keystone/keystone/server/flask/request_processing/req_logging.py:28}}
Aug 20 15:24:15 jammy-provider-cloud-0000007501 devstack@keystone.service[61000]: DEBUG keystone.server.flask.request_processing.req_logging [None req-d72736a6-b5c2-41d3-9f49-14875a6025ed None admin] PATH_INFO: `/v3/domains` {{(pid=61000) log_request_info /opt/stack/keystone/keystone/server/flask/request_processing/req_logging.py:29}}
Aug 20 15:24:15 jammy-provider-cloud-0000007501 devstack@keystone.service[61000]: DEBUG keystone.common.rbac_enforcer.enforcer [None req-d72736a6-b5c2-41d3-9f49-14875a6025ed None admin] RBAC: Adding query filter params (name=Default) {{(pid=61000) _extract_filter_values /opt/stack/keystone/keystone/common/rbac_enforcer/enforcer.py:185}}
Aug 20 15:24:15 jammy-provider-cloud-0000007501 devstack@keystone.service[61000]: DEBUG keystone.common.rbac_enforcer.enforcer [None req-d72736a6-b5c2-41d3-9f49-14875a6025ed None admin] RBAC: Authorizing `identity:list_domains()` {{(pid=61000) enforce_call /opt/stack/keystone/keystone/common/rbac_enforcer/enforcer.py:504}}
Aug 20 15:24:15 jammy-provider-cloud-0000007501 devstack@keystone.service[61000]: DEBUG keystone.common.rbac_enforcer.enforcer [None req-d72736a6-b5c2-41d3-9f49-14875a6025ed None admin] RBAC: Authorization granted {{(pid=61000) enforce_call /opt/stack/keystone/keystone/common/rbac_enforcer/enforcer.py:515}}
Aug 20 15:24:15 jammy-provider-cloud-0000007501 devstack@keystone.service[60999]: DEBUG keystone.server.flask.request_processing.middleware.auth_context [None req-a4d05a74-414a-40aa-8c69-b4d4c968a3fb None admin] RBAC: auth_context: {'token': <TokenModel (audit_id=FUIx6VZRR42eAZHKJN9Hfg, audit_chain_id=['FUIx6VZRR42eAZHKJN9Hfg']) at 0x7f334ccba980>, 'domain_id': None, 'trust_id': None, 'trustor_id': None, 'trustee_id': None, 'domain_name': None, 'group_ids': [], 'user_id': '5db53c1cce7c45eab4a2f1ab99c15c27', 'user_domain_id': 'default', 'system_scope': 'all', 'project_id': None, 'project_domain_id': None, 'roles': ['admin', 'manager', 'member', 'reader'], 'is_admin_project': True, 'service_user_id': None, 'service_user_domain_id': None, 'service_project_id': None, 'service_project_domain_id': None, 'service_roles': []} {{(pid=60999) fill_context /opt/stack/keystone/keystone/server/flask/request_processing/middleware/auth_context.py:511}}
Aug 20 15:24:15 jammy-provider-cloud-0000007501 devstack@keystone.service[60999]: DEBUG keystone.server.flask.request_processing.req_logging [None req-a4d05a74-414a-40aa-8c69-b4d4c968a3fb None admin] REQUEST_METHOD: `PUT` {{(pid=60999) log_request_info /opt/stack/keystone/keystone/server/flask/request_processing/req_logging.py:27}}
Aug 20 15:24:15 jammy-provider-cloud-0000007501 devstack@keystone.service[60999]: DEBUG keystone.server.flask.request_processing.req_logging [None req-a4d05a74-414a-40aa-8c69-b4d4c968a3fb None admin] SCRIPT_NAME: `/identity` {{(pid=60999) log_request_info /opt/stack/keystone/keystone/server/flask/request_processing/req_logging.py:28}}
Aug 20 15:24:15 jammy-provider-cloud-0000007501 devstack@keystone.service[60999]: DEBUG keystone.server.flask.request_processing.req_logging [None req-a4d05a74-414a-40aa-8c69-b4d4c968a3fb None admin] PATH_INFO: `/v3/domains/default/users/5db53c1cce7c45eab4a2f1ab99c15c27/roles/a4499471d45740a797bbe85a4424cc6e` {{(pid=60999) log_request_info /opt/stack/keystone/keystone/server/flask/request_processing/req_logging.py:29}}
Aug 20 15:24:15 jammy-provider-cloud-0000007501 devstack@keystone.service[60999]: DEBUG keystone.common.rbac_enforcer.enforcer [None req-a4d05a74-414a-40aa-8c69-b4d4c968a3fb None admin] RBAC: Authorizing `identity:create_grant(domain_id=default, user_id=5db53c1cce7c45eab4a2f1ab99c15c27, role_id=a4499471d45740a797bbe85a4424cc6e)` {{(pid=60999) enforce_call /opt/stack/keystone/keystone/common/rbac_enforcer/enforcer.py:504}}
Aug 20 15:24:15 jammy-provider-cloud-0000007501 devstack@keystone.service[60999]: DEBUG keystone.common.rbac_enforcer.enforcer [None req-a4d05a74-414a-40aa-8c69-b4d4c968a3fb None admin] RBAC: Authorization granted {{(pid=60999) enforce_call /opt/stack/keystone/keystone/common/rbac_enforcer/enforcer.py:515}}
Aug 20 15:24:15 jammy-provider-cloud-0000007501 devstack@keystone.service[61000]: [pid: 61000|app: 0|req: 10/20] 10.201.5.87 () {56 vars in 1109 bytes} [Tue Aug 20 15:24:15 2024] GET /identity/v3/domains?name=Default => generated 308 bytes in 69 msecs (HTTP/1.1 200) 5 headers in 177 bytes (2 switches on core 0)
Aug 20 15:24:15 jammy-provider-cloud-0000007501 devstack@keystone.service[60999]: [pid: 60999|app: 0|req: 11/21] 10.201.5.87 () {58 vars in 1361 bytes} [Tue Aug 20 15:24:15 2024] PUT /identity/v3/domains/default/users/5db53c1cce7c45eab4a2f1ab99c15c27/roles/a4499471d45740a797bbe85a4424cc6e => generated 0 bytes in 117 msecs (HTTP/1.1 204) 3 headers in 132 bytes (1 switches on core 0)
Aug 20 15:24:16 jammy-provider-cloud-0000007501 devstack@keystone.service[61000]: DEBUG keystone.server.flask.request_processing.req_logging [None req-820347df-dcf0-41c5-93ef-c080ffc085a9 None None] REQUEST_METHOD: `GET` {{(pid=61000) log_request_info /opt/stack/keystone/keystone/server/flask/request_processing/req_logging.py:27}}
Aug 20 15:24:16 jammy-provider-cloud-0000007501 devstack@keystone.service[61000]: DEBUG keystone.server.flask.request_processing.req_logging [None req-820347df-dcf0-41c5-93ef-c080ffc085a9 None None] SCRIPT_NAME: `/identity` {{(pid=61000) log_request_info /opt/stack/keystone/keystone/server/flask/request_processing/req_logging.py:28}}
Aug 20 15:24:16 jammy-provider-cloud-0000007501 devstack@keystone.service[61000]: DEBUG keystone.server.flask.request_processing.req_logging [None req-820347df-dcf0-41c5-93ef-c080ffc085a9 None None] PATH_INFO: `/` {{(pid=61000) log_request_info /opt/stack/keystone/keystone/server/flask/request_processing/req_logging.py:29}}
Aug 20 15:24:16 jammy-provider-cloud-0000007501 devstack@keystone.service[61000]: [pid: 61000|app: 0|req: 11/22] 10.201.5.87 () {54 vars in 926 bytes} [Tue Aug 20 15:24:16 2024] GET /identity => generated 270 bytes in 2 msecs (HTTP/1.1 300) 6 headers in 234 bytes (1 switches on core 0)
Aug 20 15:24:16 jammy-provider-cloud-0000007501 devstack@keystone.service[60999]: DEBUG keystone.server.flask.request_processing.req_logging [None req-d23ceda1-5691-4fa2-83e4-b0e9e463b4e1 None None] REQUEST_METHOD: `POST` {{(pid=60999) log_request_info /opt/stack/keystone/keystone/server/flask/request_processing/req_logging.py:27}}
Aug 20 15:24:16 jammy-provider-cloud-0000007501 devstack@keystone.service[60999]: DEBUG keystone.server.flask.request_processing.req_logging [None req-d23ceda1-5691-4fa2-83e4-b0e9e463b4e1 None None] SCRIPT_NAME: `/identity` {{(pid=60999) log_request_info /opt/stack/keystone/keystone/server/flask/request_processing/req_logging.py:28}}
Aug 20 15:24:16 jammy-provider-cloud-0000007501 devstack@keystone.service[60999]: DEBUG keystone.server.flask.request_processing.req_logging [None req-d23ceda1-5691-4fa2-83e4-b0e9e463b4e1 None None] PATH_INFO: `/v3/auth/tokens` {{(pid=60999) log_request_info /opt/stack/keystone/keystone/server/flask/request_processing/req_logging.py:29}}
Aug 20 15:24:16 jammy-provider-cloud-0000007501 devstack@keystone.service[60999]: WARNING keystone.common.password_hashing [None req-d23ceda1-5691-4fa2-83e4-b0e9e463b4e1 None None] Truncating password to algorithm specific maximum length 72 characters.
Aug 20 15:24:16 jammy-provider-cloud-0000007501 devstack@keystone.service[60999]: DEBUG keystone.auth.core [None req-d23ceda1-5691-4fa2-83e4-b0e9e463b4e1 None None] MFA Rules not processed for user `5db53c1cce7c45eab4a2f1ab99c15c27`. Rule list: `[]` (Enabled: `True`). {{(pid=60999) check_auth_methods_against_rules /opt/stack/keystone/keystone/auth/core.py:477}}
Aug 20 15:24:16 jammy-provider-cloud-0000007501 devstack@keystone.service[60999]: DEBUG keystone.common.fernet_utils [None req-d23ceda1-5691-4fa2-83e4-b0e9e463b4e1 None None] Loaded 2 Fernet keys from /etc/keystone/fernet-keys/, but `[fernet_tokens] max_active_keys = 3`; perhaps there have not been enough key rotations to reach `max_active_keys` yet? {{(pid=60999) load_keys /opt/stack/keystone/keystone/common/fernet_utils.py:299}}
Aug 20 15:24:16 jammy-provider-cloud-0000007501 devstack@keystone.service[60999]: [pid: 60999|app: 0|req: 12/23] 10.201.5.87 () {58 vars in 1023 bytes} [Tue Aug 20 15:24:16 2024] POST /identity/v3/auth/tokens => generated 862 bytes in 53 msecs (HTTP/1.1 201) 6 headers in 363 bytes (1 switches on core 0)
Aug 20 15:24:16 jammy-provider-cloud-0000007501 devstack@keystone.service[61000]: DEBUG keystone.server.flask.request_processing.req_logging [None req-031a2425-57c6-46f5-9bb3-7024088d591c None None] REQUEST_METHOD: `GET` {{(pid=61000) log_request_info /opt/stack/keystone/keystone/server/flask/request_processing/req_logging.py:27}}
Aug 20 15:24:16 jammy-provider-cloud-0000007501 devstack@keystone.service[61000]: DEBUG keystone.server.flask.request_processing.req_logging [None req-031a2425-57c6-46f5-9bb3-7024088d591c None None] SCRIPT_NAME: `/identity` {{(pid=61000) log_request_info /opt/stack/keystone/keystone/server/flask/request_processing/req_logging.py:28}}
Aug 20 15:24:16 jammy-provider-cloud-0000007501 devstack@keystone.service[61000]: DEBUG keystone.server.flask.request_processing.req_logging [None req-031a2425-57c6-46f5-9bb3-7024088d591c None None] PATH_INFO: `/` {{(pid=61000) log_request_info /opt/stack/keystone/keystone/server/flask/request_processing/req_logging.py:29}}
Aug 20 15:24:16 jammy-provider-cloud-0000007501 devstack@keystone.service[61000]: [pid: 61000|app: 0|req: 12/24] 10.201.5.87 () {54 vars in 926 bytes} [Tue Aug 20 15:24:16 2024] GET /identity => generated 270 bytes in 2 msecs (HTTP/1.1 300) 6 headers in 234 bytes (1 switches on core 0)
Aug 20 15:24:16 jammy-provider-cloud-0000007501 devstack@keystone.service[60999]: DEBUG keystone.server.flask.request_processing.req_logging [None req-6b04aa55-2c39-43b5-baf3-47051d224924 None None] REQUEST_METHOD: `POST` {{(pid=60999) log_request_info /opt/stack/keystone/keystone/server/flask/request_processing/req_logging.py:27}}
Aug 20 15:24:16 jammy-provider-cloud-0000007501 devstack@keystone.service[60999]: DEBUG keystone.server.flask.request_processing.req_logging [None req-6b04aa55-2c39-43b5-baf3-47051d224924 None None] SCRIPT_NAME: `/identity` {{(pid=60999) log_request_info /opt/stack/keystone/keystone/server/flask/request_processing/req_logging.py:28}}
Aug 20 15:24:16 jammy-provider-cloud-0000007501 devstack@keystone.service[60999]: DEBUG keystone.server.flask.request_processing.req_logging [None req-6b04aa55-2c39-43b5-baf3-47051d224924 None None] PATH_INFO: `/v3/auth/tokens` {{(pid=60999) log_request_info /opt/stack/keystone/keystone/server/flask/request_processing/req_logging.py:29}}
Aug 20 15:24:16 jammy-provider-cloud-0000007501 devstack@keystone.service[60999]: WARNING keystone.common.password_hashing [None req-6b04aa55-2c39-43b5-baf3-47051d224924 None None] Truncating password to algorithm specific maximum length 72 characters.
Aug 20 15:24:16 jammy-provider-cloud-0000007501 devstack@keystone.service[60999]: DEBUG keystone.auth.core [None req-6b04aa55-2c39-43b5-baf3-47051d224924 None None] MFA Rules not processed for user `5db53c1cce7c45eab4a2f1ab99c15c27`. Rule list: `[]` (Enabled: `True`). {{(pid=60999) check_auth_methods_against_rules /opt/stack/keystone/keystone/auth/core.py:477}}
Aug 20 15:24:16 jammy-provider-cloud-0000007501 devstack@keystone.service[60999]: DEBUG keystone.common.fernet_utils [None req-6b04aa55-2c39-43b5-baf3-47051d224924 None None] Loaded 2 Fernet keys from /etc/keystone/fernet-keys/, but `[fernet_tokens] max_active_keys = 3`; perhaps there have not been enough key rotations to reach `max_active_keys` yet? {{(pid=60999) load_keys /opt/stack/keystone/keystone/common/fernet_utils.py:299}}
Aug 20 15:24:16 jammy-provider-cloud-0000007501 devstack@keystone.service[60999]: [pid: 60999|app: 0|req: 13/25] 10.201.5.87 () {58 vars in 1023 bytes} [Tue Aug 20 15:24:16 2024] POST /identity/v3/auth/tokens => generated 862 bytes in 60 msecs (HTTP/1.1 201) 6 headers in 363 bytes (2 switches on core 0)
Aug 20 15:24:16 jammy-provider-cloud-0000007501 devstack@keystone.service[61000]: DEBUG keystone.server.flask.request_processing.req_logging [None req-efa19991-ecb8-439d-b68c-0af859e9f1fd None None] REQUEST_METHOD: `GET` {{(pid=61000) log_request_info /opt/stack/keystone/keystone/server/flask/request_processing/req_logging.py:27}}
Aug 20 15:24:16 jammy-provider-cloud-0000007501 devstack@keystone.service[61000]: DEBUG keystone.server.flask.request_processing.req_logging [None req-efa19991-ecb8-439d-b68c-0af859e9f1fd None None] SCRIPT_NAME: `/identity` {{(pid=61000) log_request_info /opt/stack/keystone/keystone/server/flask/request_processing/req_logging.py:28}}
Aug 20 15:24:16 jammy-provider-cloud-0000007501 devstack@keystone.service[61000]: DEBUG keystone.server.flask.request_processing.req_logging [None req-efa19991-ecb8-439d-b68c-0af859e9f1fd None None] PATH_INFO: `/` {{(pid=61000) log_request_info /opt/stack/keystone/keystone/server/flask/request_processing/req_logging.py:29}}
Aug 20 15:24:16 jammy-provider-cloud-0000007501 devstack@keystone.service[61000]: [pid: 61000|app: 0|req: 13/26] 10.201.5.87 () {54 vars in 926 bytes} [Tue Aug 20 15:24:16 2024] GET /identity => generated 270 bytes in 2 msecs (HTTP/1.1 300) 6 headers in 234 bytes (1 switches on core 0)
Aug 20 15:24:16 jammy-provider-cloud-0000007501 devstack@keystone.service[60999]: DEBUG keystone.server.flask.request_processing.req_logging [None req-76ea91ea-903d-47fd-8d7f-1d1c9120bc54 None None] REQUEST_METHOD: `POST` {{(pid=60999) log_request_info /opt/stack/keystone/keystone/server/flask/request_processing/req_logging.py:27}}
Aug 20 15:24:16 jammy-provider-cloud-0000007501 devstack@keystone.service[60999]: DEBUG keystone.server.flask.request_processing.req_logging [None req-76ea91ea-903d-47fd-8d7f-1d1c9120bc54 None None] SCRIPT_NAME: `/identity` {{(pid=60999) log_request_info /opt/stack/keystone/keystone/server/flask/request_processing/req_logging.py:28}}
Aug 20 15:24:16 jammy-provider-cloud-0000007501 devstack@keystone.service[60999]: DEBUG keystone.server.flask.request_processing.req_logging [None req-76ea91ea-903d-47fd-8d7f-1d1c9120bc54 None None] PATH_INFO: `/v3/auth/tokens` {{(pid=60999) log_request_info /opt/stack/keystone/keystone/server/flask/request_processing/req_logging.py:29}}
Aug 20 15:24:16 jammy-provider-cloud-0000007501 devstack@keystone.service[60999]: WARNING keystone.common.password_hashing [None req-76ea91ea-903d-47fd-8d7f-1d1c9120bc54 None None] Truncating password to algorithm specific maximum length 72 characters.
Aug 20 15:24:16 jammy-provider-cloud-0000007501 devstack@keystone.service[60999]: DEBUG keystone.auth.core [None req-76ea91ea-903d-47fd-8d7f-1d1c9120bc54 None None] MFA Rules not processed for user `5db53c1cce7c45eab4a2f1ab99c15c27`. Rule list: `[]` (Enabled: `True`). {{(pid=60999) check_auth_methods_against_rules /opt/stack/keystone/keystone/auth/core.py:477}}
Aug 20 15:24:16 jammy-provider-cloud-0000007501 devstack@keystone.service[60999]: DEBUG keystone.common.fernet_utils [None req-76ea91ea-903d-47fd-8d7f-1d1c9120bc54 None None] Loaded 2 Fernet keys from /etc/keystone/fernet-keys/, but `[fernet_tokens] max_active_keys = 3`; perhaps there have not been enough key rotations to reach `max_active_keys` yet? {{(pid=60999) load_keys /opt/stack/keystone/keystone/common/fernet_utils.py:299}}
Aug 20 15:24:16 jammy-provider-cloud-0000007501 devstack@keystone.service[61000]: DEBUG keystone.server.flask.request_processing.middleware.auth_context [None req-efa19991-ecb8-439d-b68c-0af859e9f1fd None None] Authenticating user token {{(pid=61000) process_request /opt/stack/data/venv/lib/python3.10/site-packages/keystonemiddleware/auth_token/__init__.py:406}}
Aug 20 15:24:16 jammy-provider-cloud-0000007501 devstack@keystone.service[60999]: [pid: 60999|app: 0|req: 14/27] 10.201.5.87 () {58 vars in 1023 bytes} [Tue Aug 20 15:24:16 2024] POST /identity/v3/auth/tokens => generated 862 bytes in 53 msecs (HTTP/1.1 201) 6 headers in 363 bytes (1 switches on core 0)
Aug 20 15:24:16 jammy-provider-cloud-0000007501 devstack@keystone.service[61000]: DEBUG keystone.server.flask.request_processing.middleware.auth_context [None req-efa19991-ecb8-439d-b68c-0af859e9f1fd None None] Validating token access rules against request {{(pid=61000) validate_allowed_request /opt/stack/data/venv/lib/python3.10/site-packages/keystonemiddleware/auth_token/__init__.py:544}}
Aug 20 15:24:16 jammy-provider-cloud-0000007501 devstack@keystone.service[61000]: DEBUG keystone.server.flask.request_processing.middleware.auth_context [None req-4dfe8fad-720f-4d3a-95ae-e93376100fd7 None admin] RBAC: auth_context: {'token': <TokenModel (audit_id=jppCtcrfS1Of5ySzVD9vLQ, audit_chain_id=['jppCtcrfS1Of5ySzVD9vLQ']) at 0x7f334cc47370>, 'domain_id': None, 'trust_id': None, 'trustor_id': None, 'trustee_id': None, 'domain_name': None, 'group_ids': [], 'user_id': '5db53c1cce7c45eab4a2f1ab99c15c27', 'user_domain_id': 'default', 'system_scope': 'all', 'project_id': None, 'project_domain_id': None, 'roles': ['admin', 'manager', 'member', 'reader'], 'is_admin_project': True, 'service_user_id': None, 'service_user_domain_id': None, 'service_project_id': None, 'service_project_domain_id': None, 'service_roles': []} {{(pid=61000) fill_context /opt/stack/keystone/keystone/server/flask/request_processing/middleware/auth_context.py:511}}
Aug 20 15:24:16 jammy-provider-cloud-0000007501 devstack@keystone.service[61000]: DEBUG keystone.server.flask.request_processing.req_logging [None req-4dfe8fad-720f-4d3a-95ae-e93376100fd7 None admin] REQUEST_METHOD: `GET` {{(pid=61000) log_request_info /opt/stack/keystone/keystone/server/flask/request_processing/req_logging.py:27}}
Aug 20 15:24:16 jammy-provider-cloud-0000007501 devstack@keystone.service[61000]: DEBUG keystone.server.flask.request_processing.req_logging [None req-4dfe8fad-720f-4d3a-95ae-e93376100fd7 None admin] SCRIPT_NAME: `/identity` {{(pid=61000) log_request_info /opt/stack/keystone/keystone/server/flask/request_processing/req_logging.py:28}}
Aug 20 15:24:16 jammy-provider-cloud-0000007501 devstack@keystone.service[61000]: DEBUG keystone.server.flask.request_processing.req_logging [None req-4dfe8fad-720f-4d3a-95ae-e93376100fd7 None admin] PATH_INFO: `/v3/roles/admin` {{(pid=61000) log_request_info /opt/stack/keystone/keystone/server/flask/request_processing/req_logging.py:29}}
Aug 20 15:24:16 jammy-provider-cloud-0000007501 devstack@keystone.service[61000]: DEBUG keystone.common.rbac_enforcer.enforcer [None req-4dfe8fad-720f-4d3a-95ae-e93376100fd7 None admin] Extracting inferred target data resulted in "NOT FOUND (404)". {{(pid=61000) enforce_call /opt/stack/keystone/keystone/common/rbac_enforcer/enforcer.py:454}}
Aug 20 15:24:16 jammy-provider-cloud-0000007501 devstack@keystone.service[61000]: DEBUG keystone.server.flask.application [None req-4dfe8fad-720f-4d3a-95ae-e93376100fd7 None admin] Could not find role: admin. {{(pid=61000) _handle_keystone_exception /opt/stack/keystone/keystone/server/flask/application.py:96}}
Aug 20 15:24:16 jammy-provider-cloud-0000007501 devstack@keystone.service[61000]: [pid: 61000|app: 0|req: 14/28] 10.201.5.87 () {56 vars in 1096 bytes} [Tue Aug 20 15:24:16 2024] GET /identity/v3/roles/admin => generated 83 bytes in 95 msecs (HTTP/1.1 404) 5 headers in 183 bytes (1 switches on core 0)
Aug 20 15:24:16 jammy-provider-cloud-0000007501 devstack@keystone.service[60999]: DEBUG keystone.server.flask.request_processing.middleware.auth_context [None req-76ea91ea-903d-47fd-8d7f-1d1c9120bc54 None None] Authenticating user token {{(pid=60999) process_request /opt/stack/data/venv/lib/python3.10/site-packages/keystonemiddleware/auth_token/__init__.py:406}}
Aug 20 15:24:16 jammy-provider-cloud-0000007501 devstack@keystone.service[61000]: DEBUG keystone.server.flask.request_processing.middleware.auth_context [None req-4dfe8fad-720f-4d3a-95ae-e93376100fd7 None admin] Authenticating user token {{(pid=61000) process_request /opt/stack/data/venv/lib/python3.10/site-packages/keystonemiddleware/auth_token/__init__.py:406}}
Aug 20 15:24:16 jammy-provider-cloud-0000007501 devstack@keystone.service[60999]: DEBUG keystone.server.flask.request_processing.middleware.auth_context [None req-76ea91ea-903d-47fd-8d7f-1d1c9120bc54 None None] Validating token access rules against request {{(pid=60999) validate_allowed_request /opt/stack/data/venv/lib/python3.10/site-packages/keystonemiddleware/auth_token/__init__.py:544}}
Aug 20 15:24:16 jammy-provider-cloud-0000007501 devstack@keystone.service[60999]: DEBUG keystone.server.flask.request_processing.middleware.auth_context [None req-4ca5b3d3-7ba2-47a0-bf67-54769743288b None admin] RBAC: auth_context: {'token': <TokenModel (audit_id=jppCtcrfS1Of5ySzVD9vLQ, audit_chain_id=['jppCtcrfS1Of5ySzVD9vLQ']) at 0x7f334ca81870>, 'domain_id': None, 'trust_id': None, 'trustor_id': None, 'trustee_id': None, 'domain_name': None, 'group_ids': [], 'user_id': '5db53c1cce7c45eab4a2f1ab99c15c27', 'user_domain_id': 'default', 'system_scope': 'all', 'project_id': None, 'project_domain_id': None, 'roles': ['admin', 'manager', 'member', 'reader'], 'is_admin_project': True, 'service_user_id': None, 'service_user_domain_id': None, 'service_project_id': None, 'service_project_domain_id': None, 'service_roles': []} {{(pid=60999) fill_context /opt/stack/keystone/keystone/server/flask/request_processing/middleware/auth_context.py:511}}
Aug 20 15:24:16 jammy-provider-cloud-0000007501 devstack@keystone.service[60999]: DEBUG keystone.server.flask.request_processing.req_logging [None req-4ca5b3d3-7ba2-47a0-bf67-54769743288b None admin] REQUEST_METHOD: `GET` {{(pid=60999) log_request_info /opt/stack/keystone/keystone/server/flask/request_processing/req_logging.py:27}}
Aug 20 15:24:16 jammy-provider-cloud-0000007501 devstack@keystone.service[60999]: DEBUG keystone.server.flask.request_processing.req_logging [None req-4ca5b3d3-7ba2-47a0-bf67-54769743288b None admin] SCRIPT_NAME: `/identity` {{(pid=60999) log_request_info /opt/stack/keystone/keystone/server/flask/request_processing/req_logging.py:28}}
Aug 20 15:24:16 jammy-provider-cloud-0000007501 devstack@keystone.service[60999]: DEBUG keystone.server.flask.request_processing.req_logging [None req-4ca5b3d3-7ba2-47a0-bf67-54769743288b None admin] PATH_INFO: `/v3/roles` {{(pid=60999) log_request_info /opt/stack/keystone/keystone/server/flask/request_processing/req_logging.py:29}}
Aug 20 15:24:16 jammy-provider-cloud-0000007501 devstack@keystone.service[60999]: DEBUG keystone.common.rbac_enforcer.enforcer [None req-4ca5b3d3-7ba2-47a0-bf67-54769743288b None admin] RBAC: Adding query filter params (name=admin) {{(pid=60999) _extract_filter_values /opt/stack/keystone/keystone/common/rbac_enforcer/enforcer.py:185}}
Aug 20 15:24:16 jammy-provider-cloud-0000007501 devstack@keystone.service[60999]: DEBUG keystone.common.rbac_enforcer.enforcer [None req-4ca5b3d3-7ba2-47a0-bf67-54769743288b None admin] RBAC: Authorizing `identity:list_roles()` {{(pid=60999) enforce_call /opt/stack/keystone/keystone/common/rbac_enforcer/enforcer.py:504}}
Aug 20 15:24:16 jammy-provider-cloud-0000007501 devstack@keystone.service[60999]: DEBUG keystone.common.rbac_enforcer.enforcer [None req-4ca5b3d3-7ba2-47a0-bf67-54769743288b None admin] RBAC: Authorization granted {{(pid=60999) enforce_call /opt/stack/keystone/keystone/common/rbac_enforcer/enforcer.py:515}}
Aug 20 15:24:16 jammy-provider-cloud-0000007501 devstack@keystone.service[60999]: [pid: 60999|app: 0|req: 15/29] 10.201.5.87 () {56 vars in 1099 bytes} [Tue Aug 20 15:24:16 2024] GET /identity/v3/roles?name=admin => generated 339 bytes in 76 msecs (HTTP/1.1 200) 5 headers in 177 bytes (1 switches on core 0)
Aug 20 15:24:16 jammy-provider-cloud-0000007501 devstack@keystone.service[60999]: DEBUG keystone.server.flask.request_processing.middleware.auth_context [None req-4ca5b3d3-7ba2-47a0-bf67-54769743288b None admin] Authenticating user token {{(pid=60999) process_request /opt/stack/data/venv/lib/python3.10/site-packages/keystonemiddleware/auth_token/__init__.py:406}}
Aug 20 15:24:16 jammy-provider-cloud-0000007501 devstack@keystone.service[61000]: DEBUG keystone.server.flask.request_processing.middleware.auth_context [None req-4dfe8fad-720f-4d3a-95ae-e93376100fd7 None admin] Validating token access rules against request {{(pid=61000) validate_allowed_request /opt/stack/data/venv/lib/python3.10/site-packages/keystonemiddleware/auth_token/__init__.py:544}}
Aug 20 15:24:16 jammy-provider-cloud-0000007501 devstack@keystone.service[60999]: DEBUG keystone.server.flask.request_processing.middleware.auth_context [None req-4ca5b3d3-7ba2-47a0-bf67-54769743288b None admin] Validating token access rules against request {{(pid=60999) validate_allowed_request /opt/stack/data/venv/lib/python3.10/site-packages/keystonemiddleware/auth_token/__init__.py:544}}
Aug 20 15:24:16 jammy-provider-cloud-0000007501 devstack@keystone.service[61000]: DEBUG keystone.server.flask.request_processing.middleware.auth_context [None req-36b40c43-d6d2-4157-a68b-24801dba9e76 None admin] RBAC: auth_context: {'token': <TokenModel (audit_id=ma2fC2BoRL6Oe7z44_WJJA, audit_chain_id=['ma2fC2BoRL6Oe7z44_WJJA']) at 0x7f334cc47f40>, 'domain_id': None, 'trust_id': None, 'trustor_id': None, 'trustee_id': None, 'domain_name': None, 'group_ids': [], 'user_id': '5db53c1cce7c45eab4a2f1ab99c15c27', 'user_domain_id': 'default', 'system_scope': 'all', 'project_id': None, 'project_domain_id': None, 'roles': ['admin', 'manager', 'member', 'reader'], 'is_admin_project': True, 'service_user_id': None, 'service_user_domain_id': None, 'service_project_id': None, 'service_project_domain_id': None, 'service_roles': []} {{(pid=61000) fill_context /opt/stack/keystone/keystone/server/flask/request_processing/middleware/auth_context.py:511}}
Aug 20 15:24:16 jammy-provider-cloud-0000007501 devstack@keystone.service[61000]: DEBUG keystone.server.flask.request_processing.req_logging [None req-36b40c43-d6d2-4157-a68b-24801dba9e76 None admin] REQUEST_METHOD: `POST` {{(pid=61000) log_request_info /opt/stack/keystone/keystone/server/flask/request_processing/req_logging.py:27}}
Aug 20 15:24:16 jammy-provider-cloud-0000007501 devstack@keystone.service[61000]: DEBUG keystone.server.flask.request_processing.req_logging [None req-36b40c43-d6d2-4157-a68b-24801dba9e76 None admin] SCRIPT_NAME: `/identity` {{(pid=61000) log_request_info /opt/stack/keystone/keystone/server/flask/request_processing/req_logging.py:28}}
Aug 20 15:24:16 jammy-provider-cloud-0000007501 devstack@keystone.service[61000]: DEBUG keystone.server.flask.request_processing.req_logging [None req-36b40c43-d6d2-4157-a68b-24801dba9e76 None admin] PATH_INFO: `/v3/roles` {{(pid=61000) log_request_info /opt/stack/keystone/keystone/server/flask/request_processing/req_logging.py:29}}
Aug 20 15:24:16 jammy-provider-cloud-0000007501 devstack@keystone.service[61000]: DEBUG keystone.common.rbac_enforcer.enforcer [None req-36b40c43-d6d2-4157-a68b-24801dba9e76 None admin] RBAC: Authorizing `identity:create_role()` {{(pid=61000) enforce_call /opt/stack/keystone/keystone/common/rbac_enforcer/enforcer.py:504}}
Aug 20 15:24:16 jammy-provider-cloud-0000007501 devstack@keystone.service[61000]: DEBUG keystone.common.rbac_enforcer.enforcer [None req-36b40c43-d6d2-4157-a68b-24801dba9e76 None admin] RBAC: Authorization granted {{(pid=61000) enforce_call /opt/stack/keystone/keystone/common/rbac_enforcer/enforcer.py:515}}
Aug 20 15:24:16 jammy-provider-cloud-0000007501 devstack@keystone.service[60999]: DEBUG keystone.server.flask.request_processing.middleware.auth_context [None req-b36b554f-c7d5-4110-b73a-0467c9e2461b None admin] RBAC: auth_context: {'token': <TokenModel (audit_id=H3KsKNuRTPCPyebtbLjvaA, audit_chain_id=['H3KsKNuRTPCPyebtbLjvaA']) at 0x7f334ca83f10>, 'domain_id': None, 'trust_id': None, 'trustor_id': None, 'trustee_id': None, 'domain_name': None, 'group_ids': [], 'user_id': '5db53c1cce7c45eab4a2f1ab99c15c27', 'user_domain_id': 'default', 'system_scope': 'all', 'project_id': None, 'project_domain_id': None, 'roles': ['admin', 'manager', 'member', 'reader'], 'is_admin_project': True, 'service_user_id': None, 'service_user_domain_id': None, 'service_project_id': None, 'service_project_domain_id': None, 'service_roles': []} {{(pid=60999) fill_context /opt/stack/keystone/keystone/server/flask/request_processing/middleware/auth_context.py:511}}
Aug 20 15:24:16 jammy-provider-cloud-0000007501 devstack@keystone.service[60999]: DEBUG keystone.server.flask.request_processing.req_logging [None req-b36b554f-c7d5-4110-b73a-0467c9e2461b None admin] REQUEST_METHOD: `GET` {{(pid=60999) log_request_info /opt/stack/keystone/keystone/server/flask/request_processing/req_logging.py:27}}
Aug 20 15:24:16 jammy-provider-cloud-0000007501 devstack@keystone.service[60999]: DEBUG keystone.server.flask.request_processing.req_logging [None req-b36b554f-c7d5-4110-b73a-0467c9e2461b None admin] SCRIPT_NAME: `/identity` {{(pid=60999) log_request_info /opt/stack/keystone/keystone/server/flask/request_processing/req_logging.py:28}}
Aug 20 15:24:16 jammy-provider-cloud-0000007501 devstack@keystone.service[60999]: DEBUG keystone.server.flask.request_processing.req_logging [None req-b36b554f-c7d5-4110-b73a-0467c9e2461b None admin] PATH_INFO: `/v3/domains/Default` {{(pid=60999) log_request_info /opt/stack/keystone/keystone/server/flask/request_processing/req_logging.py:29}}
Aug 20 15:24:16 jammy-provider-cloud-0000007501 devstack@keystone.service[61000]: DEBUG keystone.common.sql.core [None req-36b40c43-d6d2-4157-a68b-24801dba9e76 None admin] Conflict role: (pymysql.err.IntegrityError) (1062, "Duplicate entry 'service-<<null>>' for key 'role.ixu_role_name_domain_id'")
Aug 20 15:24:16 jammy-provider-cloud-0000007501 devstack@keystone.service[61000]: [SQL: INSERT INTO `role` (id, name, description, extra) VALUES (%(id)s, %(name)s, %(description)s, %(extra)s)]
Aug 20 15:24:16 jammy-provider-cloud-0000007501 devstack@keystone.service[61000]: [parameters: {'id': '9ecb42189a754d64aac718425c6128bd', 'name': 'service', 'description': None, 'extra': '{}'}]
Aug 20 15:24:16 jammy-provider-cloud-0000007501 devstack@keystone.service[61000]: (Background on this error at: https://sqlalche.me/e/20/gkpj) {{(pid=61000) wrapper /opt/stack/keystone/keystone/common/sql/core.py:547}}
Aug 20 15:24:16 jammy-provider-cloud-0000007501 devstack@keystone.service[60999]: DEBUG keystone.common.rbac_enforcer.enforcer [None req-b36b554f-c7d5-4110-b73a-0467c9e2461b None admin] RBAC: Authorizing `identity:get_domain(domain_id=Default)` {{(pid=60999) enforce_call /opt/stack/keystone/keystone/common/rbac_enforcer/enforcer.py:504}}
Aug 20 15:24:16 jammy-provider-cloud-0000007501 devstack@keystone.service[60999]: DEBUG keystone.common.rbac_enforcer.enforcer [None req-b36b554f-c7d5-4110-b73a-0467c9e2461b None admin] RBAC: Authorization granted {{(pid=60999) enforce_call /opt/stack/keystone/keystone/common/rbac_enforcer/enforcer.py:515}}
Aug 20 15:24:16 jammy-provider-cloud-0000007501 devstack@keystone.service[61000]: ERROR keystone.server.flask.application [None req-36b40c43-d6d2-4157-a68b-24801dba9e76 None admin] Conflict occurred attempting to store role - Duplicate entry found with name service.: keystone.exception.Conflict: Conflict occurred attempting to store role - Duplicate entry found with name service.
Aug 20 15:24:16 jammy-provider-cloud-0000007501 devstack@keystone.service[61000]: ERROR keystone.server.flask.application Traceback (most recent call last):
Aug 20 15:24:16 jammy-provider-cloud-0000007501 devstack@keystone.service[61000]: ERROR keystone.server.flask.application   File "/opt/stack/data/venv/lib/python3.10/site-packages/sqlalchemy/engine/base.py", line 1967, in _exec_single_context
Aug 20 15:24:16 jammy-provider-cloud-0000007501 devstack@keystone.service[61000]: ERROR keystone.server.flask.application     self.dialect.do_execute(
Aug 20 15:24:16 jammy-provider-cloud-0000007501 devstack@keystone.service[61000]: ERROR keystone.server.flask.application   File "/opt/stack/data/venv/lib/python3.10/site-packages/sqlalchemy/engine/default.py", line 924, in do_execute
Aug 20 15:24:16 jammy-provider-cloud-0000007501 devstack@keystone.service[61000]: ERROR keystone.server.flask.application     cursor.execute(statement, parameters)
Aug 20 15:24:16 jammy-provider-cloud-0000007501 devstack@keystone.service[61000]: ERROR keystone.server.flask.application   File "/opt/stack/data/venv/lib/python3.10/site-packages/pymysql/cursors.py", line 153, in execute
Aug 20 15:24:16 jammy-provider-cloud-0000007501 devstack@keystone.service[61000]: ERROR keystone.server.flask.application     result = self._query(query)
Aug 20 15:24:16 jammy-provider-cloud-0000007501 devstack@keystone.service[61000]: ERROR keystone.server.flask.application   File "/opt/stack/data/venv/lib/python3.10/site-packages/pymysql/cursors.py", line 322, in _query
Aug 20 15:24:16 jammy-provider-cloud-0000007501 devstack@keystone.service[61000]: ERROR keystone.server.flask.application     conn.query(q)
Aug 20 15:24:16 jammy-provider-cloud-0000007501 devstack@keystone.service[61000]: ERROR keystone.server.flask.application   File "/opt/stack/data/venv/lib/python3.10/site-packages/pymysql/connections.py", line 563, in query
