Dec 03 10:27:04 jammy-provider-cloud-0000007764 devstack@keystone.service[60771]: DEBUG keystone.server.flask.request_processing.middleware.auth_context [None req-0da8e44d-fdf5-46a5-8c3e-13289f095ebc None admin] RBAC: auth_context: {'token': <TokenModel (audit_id=N9R2RVppS8a2O31DR1D8Qw, audit_chain_id=['N9R2RVppS8a2O31DR1D8Qw']) at 0x7f051f26b310>, 'domain_id': None, 'trust_id': None, 'trustor_id': None, 'trustee_id': None, 'domain_name': None, 'group_ids': [], 'user_id': 'cb1671d80a534ec9bff4f924196daa30', 'user_domain_id': 'default', 'system_scope': 'all', 'project_id': None, 'project_domain_id': None, 'roles': ['admin', 'manager', 'member', 'reader'], 'is_admin_project': True, 'service_user_id': None, 'service_user_domain_id': None, 'service_project_id': None, 'service_project_domain_id': None, 'service_roles': []} {{(pid=60771) fill_context /opt/stack/keystone/keystone/server/flask/request_processing/middleware/auth_context.py:506}}
Dec 03 10:27:04 jammy-provider-cloud-0000007764 devstack@keystone.service[60771]: DEBUG keystone.server.flask.request_processing.req_logging [None req-0da8e44d-fdf5-46a5-8c3e-13289f095ebc None admin] REQUEST_METHOD: `GET` {{(pid=60771) log_request_info /opt/stack/keystone/keystone/server/flask/request_processing/req_logging.py:26}}
Dec 03 10:27:04 jammy-provider-cloud-0000007764 devstack@keystone.service[60771]: DEBUG keystone.server.flask.request_processing.req_logging [None req-0da8e44d-fdf5-46a5-8c3e-13289f095ebc None admin] SCRIPT_NAME: `/identity` {{(pid=60771) log_request_info /opt/stack/keystone/keystone/server/flask/request_processing/req_logging.py:27}}
Dec 03 10:27:04 jammy-provider-cloud-0000007764 devstack@keystone.service[60771]: DEBUG keystone.server.flask.request_processing.req_logging [None req-0da8e44d-fdf5-46a5-8c3e-13289f095ebc None admin] PATH_INFO: `/v3/domains/Default` {{(pid=60771) log_request_info /opt/stack/keystone/keystone/server/flask/request_processing/req_logging.py:28}}
Dec 03 10:27:04 jammy-provider-cloud-0000007764 devstack@keystone.service[60771]: DEBUG keystone.common.rbac_enforcer.enforcer [None req-0da8e44d-fdf5-46a5-8c3e-13289f095ebc None admin] RBAC: Authorizing `identity:get_domain(domain_id=Default)` {{(pid=60771) enforce_call /opt/stack/keystone/keystone/common/rbac_enforcer/enforcer.py:495}}
Dec 03 10:27:04 jammy-provider-cloud-0000007764 devstack@keystone.service[60771]: DEBUG keystone.common.rbac_enforcer.enforcer [None req-0da8e44d-fdf5-46a5-8c3e-13289f095ebc None admin] RBAC: Authorization granted {{(pid=60771) enforce_call /opt/stack/keystone/keystone/common/rbac_enforcer/enforcer.py:506}}
Dec 03 10:27:04 jammy-provider-cloud-0000007764 devstack@keystone.service[60770]: DEBUG keystone.server.flask.request_processing.middleware.auth_context [None req-9c83be81-0fc9-4d0b-9edf-580dae020550 None admin] RBAC: auth_context: {'token': <TokenModel (audit_id=Mf9DOGOjQgyF1wTCWA2ccA, audit_chain_id=['Mf9DOGOjQgyF1wTCWA2ccA']) at 0x7f051f31a080>, 'domain_id': None, 'trust_id': None, 'trustor_id': None, 'trustee_id': None, 'domain_name': None, 'group_ids': [], 'user_id': 'cb1671d80a534ec9bff4f924196daa30', 'user_domain_id': 'default', 'system_scope': 'all', 'project_id': None, 'project_domain_id': None, 'roles': ['admin', 'manager', 'member', 'reader'], 'is_admin_project': True, 'service_user_id': None, 'service_user_domain_id': None, 'service_project_id': None, 'service_project_domain_id': None, 'service_roles': []} {{(pid=60770) fill_context /opt/stack/keystone/keystone/server/flask/request_processing/middleware/auth_context.py:506}}
Dec 03 10:27:04 jammy-provider-cloud-0000007764 devstack@keystone.service[60770]: DEBUG keystone.server.flask.request_processing.req_logging [None req-9c83be81-0fc9-4d0b-9edf-580dae020550 None admin] REQUEST_METHOD: `GET` {{(pid=60770) log_request_info /opt/stack/keystone/keystone/server/flask/request_processing/req_logging.py:26}}
Dec 03 10:27:04 jammy-provider-cloud-0000007764 devstack@keystone.service[60770]: DEBUG keystone.server.flask.request_processing.req_logging [None req-9c83be81-0fc9-4d0b-9edf-580dae020550 None admin] SCRIPT_NAME: `/identity` {{(pid=60770) log_request_info /opt/stack/keystone/keystone/server/flask/request_processing/req_logging.py:27}}
Dec 03 10:27:04 jammy-provider-cloud-0000007764 devstack@keystone.service[60770]: DEBUG keystone.server.flask.request_processing.req_logging [None req-9c83be81-0fc9-4d0b-9edf-580dae020550 None admin] PATH_INFO: `/v3/users/cb1671d80a534ec9bff4f924196daa30` {{(pid=60770) log_request_info /opt/stack/keystone/keystone/server/flask/request_processing/req_logging.py:28}}
Dec 03 10:27:04 jammy-provider-cloud-0000007764 devstack@keystone.service[60770]: DEBUG keystone.common.rbac_enforcer.enforcer [None req-9c83be81-0fc9-4d0b-9edf-580dae020550 None admin] RBAC: Authorizing `identity:get_user(user_id=cb1671d80a534ec9bff4f924196daa30)` {{(pid=60770) enforce_call /opt/stack/keystone/keystone/common/rbac_enforcer/enforcer.py:495}}
Dec 03 10:27:04 jammy-provider-cloud-0000007764 devstack@keystone.service[60770]: DEBUG keystone.common.rbac_enforcer.enforcer [None req-9c83be81-0fc9-4d0b-9edf-580dae020550 None admin] RBAC: Authorization granted {{(pid=60770) enforce_call /opt/stack/keystone/keystone/common/rbac_enforcer/enforcer.py:506}}
Dec 03 10:27:04 jammy-provider-cloud-0000007764 devstack@keystone.service[60770]: [pid: 60770|app: 0|req: 9/17] 10.201.5.87 () {56 vars in 1169 bytes} [Tue Dec  3 10:27:04 2024] GET /identity/v3/users/cb1671d80a534ec9bff4f924196daa30 => generated 247 bytes in 53 msecs (HTTP/1.1 200) 5 headers in 177 bytes (1 switches on core 0)
Dec 03 10:27:04 jammy-provider-cloud-0000007764 devstack@keystone.service[60771]: DEBUG keystone.server.flask.application [None req-0da8e44d-fdf5-46a5-8c3e-13289f095ebc None admin] Could not find domain: Default. {{(pid=60771) _handle_keystone_exception /opt/stack/keystone/keystone/server/flask/application.py:152}}
Dec 03 10:27:04 jammy-provider-cloud-0000007764 devstack@keystone.service[60771]: [pid: 60771|app: 0|req: 9/18] 10.201.5.87 () {56 vars in 1100 bytes} [Tue Dec  3 10:27:04 2024] GET /identity/v3/domains/Default => generated 87 bytes in 72 msecs (HTTP/1.1 404) 5 headers in 183 bytes (1 switches on core 0)
Dec 03 10:27:04 jammy-provider-cloud-0000007764 devstack@keystone.service[60770]: DEBUG keystone.server.flask.request_processing.middleware.auth_context [None req-9c83be81-0fc9-4d0b-9edf-580dae020550 None admin] Authenticating user token {{(pid=60770) process_request /opt/stack/data/venv/lib/python3.10/site-packages/keystonemiddleware/auth_token/__init__.py:406}}
Dec 03 10:27:04 jammy-provider-cloud-0000007764 devstack@keystone.service[60771]: DEBUG keystone.server.flask.request_processing.middleware.auth_context [None req-0da8e44d-fdf5-46a5-8c3e-13289f095ebc None admin] Authenticating user token {{(pid=60771) process_request /opt/stack/data/venv/lib/python3.10/site-packages/keystonemiddleware/auth_token/__init__.py:406}}
Dec 03 10:27:04 jammy-provider-cloud-0000007764 devstack@keystone.service[60770]: DEBUG keystone.server.flask.request_processing.middleware.auth_context [None req-9c83be81-0fc9-4d0b-9edf-580dae020550 None admin] Validating token access rules against request {{(pid=60770) validate_allowed_request /opt/stack/data/venv/lib/python3.10/site-packages/keystonemiddleware/auth_token/__init__.py:544}}
Dec 03 10:27:04 jammy-provider-cloud-0000007764 devstack@keystone.service[60771]: DEBUG keystone.server.flask.request_processing.middleware.auth_context [None req-0da8e44d-fdf5-46a5-8c3e-13289f095ebc None admin] Validating token access rules against request {{(pid=60771) validate_allowed_request /opt/stack/data/venv/lib/python3.10/site-packages/keystonemiddleware/auth_token/__init__.py:544}}
Dec 03 10:27:04 jammy-provider-cloud-0000007764 devstack@keystone.service[60770]: DEBUG keystone.server.flask.request_processing.middleware.auth_context [None req-a33eb6af-76ef-4020-93a1-5fb0e1195a71 None admin] RBAC: auth_context: {'token': <TokenModel (audit_id=N9R2RVppS8a2O31DR1D8Qw, audit_chain_id=['N9R2RVppS8a2O31DR1D8Qw']) at 0x7f051f31bd60>, 'domain_id': None, 'trust_id': None, 'trustor_id': None, 'trustee_id': None, 'domain_name': None, 'group_ids': [], 'user_id': 'cb1671d80a534ec9bff4f924196daa30', 'user_domain_id': 'default', 'system_scope': 'all', 'project_id': None, 'project_domain_id': None, 'roles': ['admin', 'manager', 'member', 'reader'], 'is_admin_project': True, 'service_user_id': None, 'service_user_domain_id': None, 'service_project_id': None, 'service_project_domain_id': None, 'service_roles': []} {{(pid=60770) fill_context /opt/stack/keystone/keystone/server/flask/request_processing/middleware/auth_context.py:506}}
Dec 03 10:27:04 jammy-provider-cloud-0000007764 devstack@keystone.service[60770]: DEBUG keystone.server.flask.request_processing.req_logging [None req-a33eb6af-76ef-4020-93a1-5fb0e1195a71 None admin] REQUEST_METHOD: `GET` {{(pid=60770) log_request_info /opt/stack/keystone/keystone/server/flask/request_processing/req_logging.py:26}}
Dec 03 10:27:04 jammy-provider-cloud-0000007764 devstack@keystone.service[60770]: DEBUG keystone.server.flask.request_processing.req_logging [None req-a33eb6af-76ef-4020-93a1-5fb0e1195a71 None admin] SCRIPT_NAME: `/identity` {{(pid=60770) log_request_info /opt/stack/keystone/keystone/server/flask/request_processing/req_logging.py:27}}
Dec 03 10:27:04 jammy-provider-cloud-0000007764 devstack@keystone.service[60770]: DEBUG keystone.server.flask.request_processing.req_logging [None req-a33eb6af-76ef-4020-93a1-5fb0e1195a71 None admin] PATH_INFO: `/v3/domains` {{(pid=60770) log_request_info /opt/stack/keystone/keystone/server/flask/request_processing/req_logging.py:28}}
Dec 03 10:27:04 jammy-provider-cloud-0000007764 devstack@keystone.service[60771]: DEBUG keystone.server.flask.request_processing.middleware.auth_context [None req-e51fc74a-6b20-4940-980e-c076c2f711e3 None admin] RBAC: auth_context: {'token': <TokenModel (audit_id=Mf9DOGOjQgyF1wTCWA2ccA, audit_chain_id=['Mf9DOGOjQgyF1wTCWA2ccA']) at 0x7f051ef3d210>, 'domain_id': None, 'trust_id': None, 'trustor_id': None, 'trustee_id': None, 'domain_name': None, 'group_ids': [], 'user_id': 'cb1671d80a534ec9bff4f924196daa30', 'user_domain_id': 'default', 'system_scope': 'all', 'project_id': None, 'project_domain_id': None, 'roles': ['admin', 'manager', 'member', 'reader'], 'is_admin_project': True, 'service_user_id': None, 'service_user_domain_id': None, 'service_project_id': None, 'service_project_domain_id': None, 'service_roles': []} {{(pid=60771) fill_context /opt/stack/keystone/keystone/server/flask/request_processing/middleware/auth_context.py:506}}
Dec 03 10:27:04 jammy-provider-cloud-0000007764 devstack@keystone.service[60770]: DEBUG keystone.common.rbac_enforcer.enforcer [None req-a33eb6af-76ef-4020-93a1-5fb0e1195a71 None admin] RBAC: Adding query filter params (name=Default) {{(pid=60770) _extract_filter_values /opt/stack/keystone/keystone/common/rbac_enforcer/enforcer.py:176}}
Dec 03 10:27:04 jammy-provider-cloud-0000007764 devstack@keystone.service[60771]: DEBUG keystone.server.flask.request_processing.req_logging [None req-e51fc74a-6b20-4940-980e-c076c2f711e3 None admin] REQUEST_METHOD: `GET` {{(pid=60771) log_request_info /opt/stack/keystone/keystone/server/flask/request_processing/req_logging.py:26}}
Dec 03 10:27:04 jammy-provider-cloud-0000007764 devstack@keystone.service[60771]: DEBUG keystone.server.flask.request_processing.req_logging [None req-e51fc74a-6b20-4940-980e-c076c2f711e3 None admin] SCRIPT_NAME: `/identity` {{(pid=60771) log_request_info /opt/stack/keystone/keystone/server/flask/request_processing/req_logging.py:27}}
Dec 03 10:27:04 jammy-provider-cloud-0000007764 devstack@keystone.service[60771]: DEBUG keystone.server.flask.request_processing.req_logging [None req-e51fc74a-6b20-4940-980e-c076c2f711e3 None admin] PATH_INFO: `/v3/domains/default` {{(pid=60771) log_request_info /opt/stack/keystone/keystone/server/flask/request_processing/req_logging.py:28}}
Dec 03 10:27:04 jammy-provider-cloud-0000007764 devstack@keystone.service[60770]: DEBUG keystone.common.rbac_enforcer.enforcer [None req-a33eb6af-76ef-4020-93a1-5fb0e1195a71 None admin] RBAC: Authorizing `identity:list_domains()` {{(pid=60770) enforce_call /opt/stack/keystone/keystone/common/rbac_enforcer/enforcer.py:495}}
Dec 03 10:27:04 jammy-provider-cloud-0000007764 devstack@keystone.service[60771]: DEBUG keystone.common.rbac_enforcer.enforcer [None req-e51fc74a-6b20-4940-980e-c076c2f711e3 None admin] RBAC: Authorizing `identity:get_domain(domain_id=default)` {{(pid=60771) enforce_call /opt/stack/keystone/keystone/common/rbac_enforcer/enforcer.py:495}}
Dec 03 10:27:04 jammy-provider-cloud-0000007764 devstack@keystone.service[60770]: DEBUG keystone.common.rbac_enforcer.enforcer [None req-a33eb6af-76ef-4020-93a1-5fb0e1195a71 None admin] RBAC: Authorization granted {{(pid=60770) enforce_call /opt/stack/keystone/keystone/common/rbac_enforcer/enforcer.py:506}}
Dec 03 10:27:04 jammy-provider-cloud-0000007764 devstack@keystone.service[60771]: DEBUG keystone.common.rbac_enforcer.enforcer [None req-e51fc74a-6b20-4940-980e-c076c2f711e3 None admin] RBAC: Authorization granted {{(pid=60771) enforce_call /opt/stack/keystone/keystone/common/rbac_enforcer/enforcer.py:506}}
Dec 03 10:27:04 jammy-provider-cloud-0000007764 devstack@keystone.service[60771]: [pid: 60771|app: 0|req: 10/19] 10.201.5.87 () {56 vars in 1100 bytes} [Tue Dec  3 10:27:04 2024] GET /identity/v3/domains/default => generated 199 bytes in 53 msecs (HTTP/1.1 200) 5 headers in 177 bytes (1 switches on core 0)
Dec 03 10:27:04 jammy-provider-cloud-0000007764 devstack@keystone.service[60771]: DEBUG keystone.server.flask.request_processing.middleware.auth_context [None req-e51fc74a-6b20-4940-980e-c076c2f711e3 None admin] Authenticating user token {{(pid=60771) process_request /opt/stack/data/venv/lib/python3.10/site-packages/keystonemiddleware/auth_token/__init__.py:406}}
Dec 03 10:27:04 jammy-provider-cloud-0000007764 devstack@keystone.service[60770]: [pid: 60770|app: 0|req: 10/20] 10.201.5.87 () {56 vars in 1101 bytes} [Tue Dec  3 10:27:04 2024] GET /identity/v3/domains?name=Default => generated 308 bytes in 64 msecs (HTTP/1.1 200) 5 headers in 177 bytes (1 switches on core 0)
Dec 03 10:27:04 jammy-provider-cloud-0000007764 devstack@keystone.service[60771]: DEBUG keystone.server.flask.request_processing.middleware.auth_context [None req-e51fc74a-6b20-4940-980e-c076c2f711e3 None admin] Validating token access rules against request {{(pid=60771) validate_allowed_request /opt/stack/data/venv/lib/python3.10/site-packages/keystonemiddleware/auth_token/__init__.py:544}}
Dec 03 10:27:04 jammy-provider-cloud-0000007764 devstack@keystone.service[60771]: DEBUG keystone.server.flask.request_processing.middleware.auth_context [None req-118bcc64-e741-40dc-8a03-71cfa516a77f None admin] RBAC: auth_context: {'token': <TokenModel (audit_id=Mf9DOGOjQgyF1wTCWA2ccA, audit_chain_id=['Mf9DOGOjQgyF1wTCWA2ccA']) at 0x7f051ef3cca0>, 'domain_id': None, 'trust_id': None, 'trustor_id': None, 'trustee_id': None, 'domain_name': None, 'group_ids': [], 'user_id': 'cb1671d80a534ec9bff4f924196daa30', 'user_domain_id': 'default', 'system_scope': 'all', 'project_id': None, 'project_domain_id': None, 'roles': ['admin', 'manager', 'member', 'reader'], 'is_admin_project': True, 'service_user_id': None, 'service_user_domain_id': None, 'service_project_id': None, 'service_project_domain_id': None, 'service_roles': []} {{(pid=60771) fill_context /opt/stack/keystone/keystone/server/flask/request_processing/middleware/auth_context.py:506}}
Dec 03 10:27:04 jammy-provider-cloud-0000007764 devstack@keystone.service[60771]: DEBUG keystone.server.flask.request_processing.req_logging [None req-118bcc64-e741-40dc-8a03-71cfa516a77f None admin] REQUEST_METHOD: `PUT` {{(pid=60771) log_request_info /opt/stack/keystone/keystone/server/flask/request_processing/req_logging.py:26}}
Dec 03 10:27:04 jammy-provider-cloud-0000007764 devstack@keystone.service[60771]: DEBUG keystone.server.flask.request_processing.req_logging [None req-118bcc64-e741-40dc-8a03-71cfa516a77f None admin] SCRIPT_NAME: `/identity` {{(pid=60771) log_request_info /opt/stack/keystone/keystone/server/flask/request_processing/req_logging.py:27}}
Dec 03 10:27:04 jammy-provider-cloud-0000007764 devstack@keystone.service[60771]: DEBUG keystone.server.flask.request_processing.req_logging [None req-118bcc64-e741-40dc-8a03-71cfa516a77f None admin] PATH_INFO: `/v3/domains/default/users/cb1671d80a534ec9bff4f924196daa30/roles/3bf9f9ca82ad4462ba9b0ce3d0065093` {{(pid=60771) log_request_info /opt/stack/keystone/keystone/server/flask/request_processing/req_logging.py:28}}
Dec 03 10:27:04 jammy-provider-cloud-0000007764 devstack@keystone.service[60771]: DEBUG keystone.common.rbac_enforcer.enforcer [None req-118bcc64-e741-40dc-8a03-71cfa516a77f None admin] RBAC: Authorizing `identity:create_grant(domain_id=default, user_id=cb1671d80a534ec9bff4f924196daa30, role_id=3bf9f9ca82ad4462ba9b0ce3d0065093)` {{(pid=60771) enforce_call /opt/stack/keystone/keystone/common/rbac_enforcer/enforcer.py:495}}
Dec 03 10:27:04 jammy-provider-cloud-0000007764 devstack@keystone.service[60771]: DEBUG keystone.common.rbac_enforcer.enforcer [None req-118bcc64-e741-40dc-8a03-71cfa516a77f None admin] RBAC: Authorization granted {{(pid=60771) enforce_call /opt/stack/keystone/keystone/common/rbac_enforcer/enforcer.py:506}}
Dec 03 10:27:04 jammy-provider-cloud-0000007764 devstack@keystone.service[60771]: [pid: 60771|app: 0|req: 11/21] 10.201.5.87 () {58 vars in 1353 bytes} [Tue Dec  3 10:27:04 2024] PUT /identity/v3/domains/default/users/cb1671d80a534ec9bff4f924196daa30/roles/3bf9f9ca82ad4462ba9b0ce3d0065093 => generated 0 bytes in 112 msecs (HTTP/1.1 204) 3 headers in 132 bytes (1 switches on core 0)
Dec 03 10:27:05 jammy-provider-cloud-0000007764 devstack@keystone.service[60770]: DEBUG keystone.server.flask.request_processing.req_logging [None req-6187a08d-0051-49ac-a002-cf2016d1a314 None None] REQUEST_METHOD: `GET` {{(pid=60770) log_request_info /opt/stack/keystone/keystone/server/flask/request_processing/req_logging.py:26}}
Dec 03 10:27:05 jammy-provider-cloud-0000007764 devstack@keystone.service[60770]: DEBUG keystone.server.flask.request_processing.req_logging [None req-6187a08d-0051-49ac-a002-cf2016d1a314 None None] SCRIPT_NAME: `/identity` {{(pid=60770) log_request_info /opt/stack/keystone/keystone/server/flask/request_processing/req_logging.py:27}}
Dec 03 10:27:05 jammy-provider-cloud-0000007764 devstack@keystone.service[60770]: DEBUG keystone.server.flask.request_processing.req_logging [None req-6187a08d-0051-49ac-a002-cf2016d1a314 None None] PATH_INFO: `/` {{(pid=60770) log_request_info /opt/stack/keystone/keystone/server/flask/request_processing/req_logging.py:28}}
Dec 03 10:27:05 jammy-provider-cloud-0000007764 devstack@keystone.service[60770]: [pid: 60770|app: 0|req: 11/22] 10.201.5.87 () {54 vars in 918 bytes} [Tue Dec  3 10:27:05 2024] GET /identity => generated 270 bytes in 2 msecs (HTTP/1.1 300) 6 headers in 234 bytes (1 switches on core 0)
Dec 03 10:27:05 jammy-provider-cloud-0000007764 devstack@keystone.service[60771]: DEBUG keystone.server.flask.request_processing.req_logging [None req-0c9b82b2-577b-4ab4-961f-7821ed22fc2a None None] REQUEST_METHOD: `POST` {{(pid=60771) log_request_info /opt/stack/keystone/keystone/server/flask/request_processing/req_logging.py:26}}
Dec 03 10:27:05 jammy-provider-cloud-0000007764 devstack@keystone.service[60771]: DEBUG keystone.server.flask.request_processing.req_logging [None req-0c9b82b2-577b-4ab4-961f-7821ed22fc2a None None] SCRIPT_NAME: `/identity` {{(pid=60771) log_request_info /opt/stack/keystone/keystone/server/flask/request_processing/req_logging.py:27}}
Dec 03 10:27:05 jammy-provider-cloud-0000007764 devstack@keystone.service[60771]: DEBUG keystone.server.flask.request_processing.req_logging [None req-0c9b82b2-577b-4ab4-961f-7821ed22fc2a None None] PATH_INFO: `/v3/auth/tokens` {{(pid=60771) log_request_info /opt/stack/keystone/keystone/server/flask/request_processing/req_logging.py:28}}
Dec 03 10:27:05 jammy-provider-cloud-0000007764 devstack@keystone.service[60771]: WARNING keystone.common.password_hashing [None req-0c9b82b2-577b-4ab4-961f-7821ed22fc2a None None] Truncating password to algorithm specific maximum length 72 characters.
Dec 03 10:27:05 jammy-provider-cloud-0000007764 devstack@keystone.service[60770]: DEBUG keystone.server.flask.request_processing.req_logging [None req-5f30c72f-def1-4472-97fc-187798ac9c5b None None] REQUEST_METHOD: `GET` {{(pid=60770) log_request_info /opt/stack/keystone/keystone/server/flask/request_processing/req_logging.py:26}}
Dec 03 10:27:05 jammy-provider-cloud-0000007764 devstack@keystone.service[60770]: DEBUG keystone.server.flask.request_processing.req_logging [None req-5f30c72f-def1-4472-97fc-187798ac9c5b None None] SCRIPT_NAME: `/identity` {{(pid=60770) log_request_info /opt/stack/keystone/keystone/server/flask/request_processing/req_logging.py:27}}
Dec 03 10:27:05 jammy-provider-cloud-0000007764 devstack@keystone.service[60770]: DEBUG keystone.server.flask.request_processing.req_logging [None req-5f30c72f-def1-4472-97fc-187798ac9c5b None None] PATH_INFO: `/` {{(pid=60770) log_request_info /opt/stack/keystone/keystone/server/flask/request_processing/req_logging.py:28}}
Dec 03 10:27:05 jammy-provider-cloud-0000007764 devstack@keystone.service[60770]: [pid: 60770|app: 0|req: 12/23] 10.201.5.87 () {54 vars in 918 bytes} [Tue Dec  3 10:27:05 2024] GET /identity => generated 270 bytes in 2 msecs (HTTP/1.1 300) 6 headers in 234 bytes (1 switches on core 0)
Dec 03 10:27:05 jammy-provider-cloud-0000007764 devstack@keystone.service[60770]: DEBUG keystone.server.flask.request_processing.req_logging [None req-abf891f0-a60c-4baa-9a56-d67cb92db9c0 None None] REQUEST_METHOD: `POST` {{(pid=60770) log_request_info /opt/stack/keystone/keystone/server/flask/request_processing/req_logging.py:26}}
Dec 03 10:27:05 jammy-provider-cloud-0000007764 devstack@keystone.service[60770]: DEBUG keystone.server.flask.request_processing.req_logging [None req-abf891f0-a60c-4baa-9a56-d67cb92db9c0 None None] SCRIPT_NAME: `/identity` {{(pid=60770) log_request_info /opt/stack/keystone/keystone/server/flask/request_processing/req_logging.py:27}}
Dec 03 10:27:05 jammy-provider-cloud-0000007764 devstack@keystone.service[60770]: DEBUG keystone.server.flask.request_processing.req_logging [None req-abf891f0-a60c-4baa-9a56-d67cb92db9c0 None None] PATH_INFO: `/v3/auth/tokens` {{(pid=60770) log_request_info /opt/stack/keystone/keystone/server/flask/request_processing/req_logging.py:28}}
Dec 03 10:27:05 jammy-provider-cloud-0000007764 devstack@keystone.service[60771]: DEBUG keystone.auth.core [None req-0c9b82b2-577b-4ab4-961f-7821ed22fc2a None None] MFA Rules not processed for user `cb1671d80a534ec9bff4f924196daa30`. Rule list: `[]` (Enabled: `True`). {{(pid=60771) check_auth_methods_against_rules /opt/stack/keystone/keystone/auth/core.py:476}}
Dec 03 10:27:05 jammy-provider-cloud-0000007764 devstack@keystone.service[60771]: DEBUG keystone.common.fernet_utils [None req-0c9b82b2-577b-4ab4-961f-7821ed22fc2a None None] Loaded 2 Fernet keys from /etc/keystone/fernet-keys/, but `[fernet_tokens] max_active_keys = 3`; perhaps there have not been enough key rotations to reach `max_active_keys` yet? {{(pid=60771) load_keys /opt/stack/keystone/keystone/common/fernet_utils.py:297}}
Dec 03 10:27:05 jammy-provider-cloud-0000007764 devstack@keystone.service[60770]: WARNING keystone.common.password_hashing [None req-abf891f0-a60c-4baa-9a56-d67cb92db9c0 None None] Truncating password to algorithm specific maximum length 72 characters.
Dec 03 10:27:05 jammy-provider-cloud-0000007764 devstack@keystone.service[60770]: DEBUG keystone.auth.core [None req-abf891f0-a60c-4baa-9a56-d67cb92db9c0 None None] MFA Rules not processed for user `cb1671d80a534ec9bff4f924196daa30`. Rule list: `[]` (Enabled: `True`). {{(pid=60770) check_auth_methods_against_rules /opt/stack/keystone/keystone/auth/core.py:476}}
Dec 03 10:27:05 jammy-provider-cloud-0000007764 devstack@keystone.service[60770]: DEBUG keystone.common.fernet_utils [None req-abf891f0-a60c-4baa-9a56-d67cb92db9c0 None None] Loaded 2 Fernet keys from /etc/keystone/fernet-keys/, but `[fernet_tokens] max_active_keys = 3`; perhaps there have not been enough key rotations to reach `max_active_keys` yet? {{(pid=60770) load_keys /opt/stack/keystone/keystone/common/fernet_utils.py:297}}
Dec 03 10:27:05 jammy-provider-cloud-0000007764 devstack@keystone.service[60771]: [pid: 60771|app: 0|req: 12/24] 10.201.5.87 () {58 vars in 1015 bytes} [Tue Dec  3 10:27:05 2024] POST /identity/v3/auth/tokens => generated 862 bytes in 88 msecs (HTTP/1.1 201) 6 headers in 363 bytes (1 switches on core 0)
Dec 03 10:27:05 jammy-provider-cloud-0000007764 devstack@keystone.service[60771]: DEBUG keystone.server.flask.request_processing.req_logging [None req-cb979c1d-4bab-43a6-ae97-b98bb0178dcb None None] REQUEST_METHOD: `GET` {{(pid=60771) log_request_info /opt/stack/keystone/keystone/server/flask/request_processing/req_logging.py:26}}
Dec 03 10:27:05 jammy-provider-cloud-0000007764 devstack@keystone.service[60771]: DEBUG keystone.server.flask.request_processing.req_logging [None req-cb979c1d-4bab-43a6-ae97-b98bb0178dcb None None] SCRIPT_NAME: `/identity` {{(pid=60771) log_request_info /opt/stack/keystone/keystone/server/flask/request_processing/req_logging.py:27}}
Dec 03 10:27:05 jammy-provider-cloud-0000007764 devstack@keystone.service[60771]: DEBUG keystone.server.flask.request_processing.req_logging [None req-cb979c1d-4bab-43a6-ae97-b98bb0178dcb None None] PATH_INFO: `/` {{(pid=60771) log_request_info /opt/stack/keystone/keystone/server/flask/request_processing/req_logging.py:28}}
Dec 03 10:27:05 jammy-provider-cloud-0000007764 devstack@keystone.service[60771]: [pid: 60771|app: 0|req: 13/25] 10.201.5.87 () {54 vars in 918 bytes} [Tue Dec  3 10:27:05 2024] GET /identity => generated 270 bytes in 2 msecs (HTTP/1.1 300) 6 headers in 234 bytes (1 switches on core 0)
Dec 03 10:27:05 jammy-provider-cloud-0000007764 devstack@keystone.service[60771]: DEBUG keystone.server.flask.request_processing.req_logging [None req-96437633-1016-4e2f-a1c9-2a1a774a1c51 None None] REQUEST_METHOD: `POST` {{(pid=60771) log_request_info /opt/stack/keystone/keystone/server/flask/request_processing/req_logging.py:26}}
Dec 03 10:27:05 jammy-provider-cloud-0000007764 devstack@keystone.service[60771]: DEBUG keystone.server.flask.request_processing.req_logging [None req-96437633-1016-4e2f-a1c9-2a1a774a1c51 None None] SCRIPT_NAME: `/identity` {{(pid=60771) log_request_info /opt/stack/keystone/keystone/server/flask/request_processing/req_logging.py:27}}
Dec 03 10:27:05 jammy-provider-cloud-0000007764 devstack@keystone.service[60771]: DEBUG keystone.server.flask.request_processing.req_logging [None req-96437633-1016-4e2f-a1c9-2a1a774a1c51 None None] PATH_INFO: `/v3/auth/tokens` {{(pid=60771) log_request_info /opt/stack/keystone/keystone/server/flask/request_processing/req_logging.py:28}}
Dec 03 10:27:05 jammy-provider-cloud-0000007764 devstack@keystone.service[60770]: [pid: 60770|app: 0|req: 13/26] 10.201.5.87 () {58 vars in 1015 bytes} [Tue Dec  3 10:27:05 2024] POST /identity/v3/auth/tokens => generated 862 bytes in 87 msecs (HTTP/1.1 201) 6 headers in 363 bytes (2 switches on core 0)
Dec 03 10:27:05 jammy-provider-cloud-0000007764 devstack@keystone.service[60771]: WARNING keystone.common.password_hashing [None req-96437633-1016-4e2f-a1c9-2a1a774a1c51 None None] Truncating password to algorithm specific maximum length 72 characters.
Dec 03 10:27:05 jammy-provider-cloud-0000007764 devstack@keystone.service[60771]: DEBUG keystone.auth.core [None req-96437633-1016-4e2f-a1c9-2a1a774a1c51 None None] MFA Rules not processed for user `cb1671d80a534ec9bff4f924196daa30`. Rule list: `[]` (Enabled: `True`). {{(pid=60771) check_auth_methods_against_rules /opt/stack/keystone/keystone/auth/core.py:476}}
Dec 03 10:27:05 jammy-provider-cloud-0000007764 devstack@keystone.service[60771]: DEBUG keystone.common.fernet_utils [None req-96437633-1016-4e2f-a1c9-2a1a774a1c51 None None] Loaded 2 Fernet keys from /etc/keystone/fernet-keys/, but `[fernet_tokens] max_active_keys = 3`; perhaps there have not been enough key rotations to reach `max_active_keys` yet? {{(pid=60771) load_keys /opt/stack/keystone/keystone/common/fernet_utils.py:297}}
Dec 03 10:27:05 jammy-provider-cloud-0000007764 devstack@keystone.service[60771]: [pid: 60771|app: 0|req: 14/27] 10.201.5.87 () {58 vars in 1015 bytes} [Tue Dec  3 10:27:05 2024] POST /identity/v3/auth/tokens => generated 862 bytes in 75 msecs (HTTP/1.1 201) 6 headers in 363 bytes (1 switches on core 0)
Dec 03 10:27:05 jammy-provider-cloud-0000007764 devstack@keystone.service[60770]: DEBUG keystone.server.flask.request_processing.middleware.auth_context [None req-abf891f0-a60c-4baa-9a56-d67cb92db9c0 None None] Authenticating user token {{(pid=60770) process_request /opt/stack/data/venv/lib/python3.10/site-packages/keystonemiddleware/auth_token/__init__.py:406}}
Dec 03 10:27:05 jammy-provider-cloud-0000007764 devstack@keystone.service[60770]: DEBUG keystone.server.flask.request_processing.middleware.auth_context [None req-abf891f0-a60c-4baa-9a56-d67cb92db9c0 None None] Validating token access rules against request {{(pid=60770) validate_allowed_request /opt/stack/data/venv/lib/python3.10/site-packages/keystonemiddleware/auth_token/__init__.py:544}}
Dec 03 10:27:05 jammy-provider-cloud-0000007764 devstack@keystone.service[60771]: DEBUG keystone.server.flask.request_processing.middleware.auth_context [None req-96437633-1016-4e2f-a1c9-2a1a774a1c51 None None] Authenticating user token {{(pid=60771) process_request /opt/stack/data/venv/lib/python3.10/site-packages/keystonemiddleware/auth_token/__init__.py:406}}
Dec 03 10:27:05 jammy-provider-cloud-0000007764 devstack@keystone.service[60770]: DEBUG keystone.server.flask.request_processing.middleware.auth_context [None req-8e3839ee-6cc0-432f-9709-ba79cd0defef None admin] RBAC: auth_context: {'token': <TokenModel (audit_id=Y1JaFgCvT9eo9qZGONyZKQ, audit_chain_id=['Y1JaFgCvT9eo9qZGONyZKQ']) at 0x7f051f2a71c0>, 'domain_id': None, 'trust_id': None, 'trustor_id': None, 'trustee_id': None, 'domain_name': None, 'group_ids': [], 'user_id': 'cb1671d80a534ec9bff4f924196daa30', 'user_domain_id': 'default', 'system_scope': 'all', 'project_id': None, 'project_domain_id': None, 'roles': ['admin', 'manager', 'member', 'reader'], 'is_admin_project': True, 'service_user_id': None, 'service_user_domain_id': None, 'service_project_id': None, 'service_project_domain_id': None, 'service_roles': []} {{(pid=60770) fill_context /opt/stack/keystone/keystone/server/flask/request_processing/middleware/auth_context.py:506}}
Dec 03 10:27:05 jammy-provider-cloud-0000007764 devstack@keystone.service[60770]: DEBUG keystone.server.flask.request_processing.req_logging [None req-8e3839ee-6cc0-432f-9709-ba79cd0defef None admin] REQUEST_METHOD: `GET` {{(pid=60770) log_request_info /opt/stack/keystone/keystone/server/flask/request_processing/req_logging.py:26}}
Dec 03 10:27:05 jammy-provider-cloud-0000007764 devstack@keystone.service[60770]: DEBUG keystone.server.flask.request_processing.req_logging [None req-8e3839ee-6cc0-432f-9709-ba79cd0defef None admin] SCRIPT_NAME: `/identity` {{(pid=60770) log_request_info /opt/stack/keystone/keystone/server/flask/request_processing/req_logging.py:27}}
Dec 03 10:27:05 jammy-provider-cloud-0000007764 devstack@keystone.service[60770]: DEBUG keystone.server.flask.request_processing.req_logging [None req-8e3839ee-6cc0-432f-9709-ba79cd0defef None admin] PATH_INFO: `/v3/domains/Default` {{(pid=60770) log_request_info /opt/stack/keystone/keystone/server/flask/request_processing/req_logging.py:28}}
Dec 03 10:27:05 jammy-provider-cloud-0000007764 devstack@keystone.service[60770]: DEBUG keystone.common.rbac_enforcer.enforcer [None req-8e3839ee-6cc0-432f-9709-ba79cd0defef None admin] RBAC: Authorizing `identity:get_domain(domain_id=Default)` {{(pid=60770) enforce_call /opt/stack/keystone/keystone/common/rbac_enforcer/enforcer.py:495}}
Dec 03 10:27:05 jammy-provider-cloud-0000007764 devstack@keystone.service[60770]: DEBUG keystone.common.rbac_enforcer.enforcer [None req-8e3839ee-6cc0-432f-9709-ba79cd0defef None admin] RBAC: Authorization granted {{(pid=60770) enforce_call /opt/stack/keystone/keystone/common/rbac_enforcer/enforcer.py:506}}
Dec 03 10:27:05 jammy-provider-cloud-0000007764 devstack@keystone.service[60770]: DEBUG keystone.server.flask.application [None req-8e3839ee-6cc0-432f-9709-ba79cd0defef None admin] Could not find domain: Default. {{(pid=60770) _handle_keystone_exception /opt/stack/keystone/keystone/server/flask/application.py:152}}
Dec 03 10:27:05 jammy-provider-cloud-0000007764 devstack@keystone.service[60770]: [pid: 60770|app: 0|req: 14/28] 10.201.5.87 () {56 vars in 1100 bytes} [Tue Dec  3 10:27:05 2024] GET /identity/v3/domains/Default => generated 87 bytes in 102 msecs (HTTP/1.1 404) 5 headers in 183 bytes (1 switches on core 0)
Dec 03 10:27:05 jammy-provider-cloud-0000007764 devstack@keystone.service[60770]: DEBUG keystone.server.flask.request_processing.middleware.auth_context [None req-8e3839ee-6cc0-432f-9709-ba79cd0defef None admin] Authenticating user token {{(pid=60770) process_request /opt/stack/data/venv/lib/python3.10/site-packages/keystonemiddleware/auth_token/__init__.py:406}}
Dec 03 10:27:05 jammy-provider-cloud-0000007764 devstack@keystone.service[60771]: DEBUG keystone.server.flask.request_processing.middleware.auth_context [None req-96437633-1016-4e2f-a1c9-2a1a774a1c51 None None] Validating token access rules against request {{(pid=60771) validate_allowed_request /opt/stack/data/venv/lib/python3.10/site-packages/keystonemiddleware/auth_token/__init__.py:544}}
Dec 03 10:27:05 jammy-provider-cloud-0000007764 devstack@keystone.service[60771]: DEBUG keystone.server.flask.request_processing.middleware.auth_context [None req-25b5448a-2d8b-4148-9a4f-bac76e678283 None admin] RBAC: auth_context: {'token': <TokenModel (audit_id=4_CpS3NxS6aWsJQTrJ-jTA, audit_chain_id=['4_CpS3NxS6aWsJQTrJ-jTA']) at 0x7f051ef3c850>, 'domain_id': None, 'trust_id': None, 'trustor_id': None, 'trustee_id': None, 'domain_name': None, 'group_ids': [], 'user_id': 'cb1671d80a534ec9bff4f924196daa30', 'user_domain_id': 'default', 'system_scope': 'all', 'project_id': None, 'project_domain_id': None, 'roles': ['admin', 'manager', 'member', 'reader'], 'is_admin_project': True, 'service_user_id': None, 'service_user_domain_id': None, 'service_project_id': None, 'service_project_domain_id': None, 'service_roles': []} {{(pid=60771) fill_context /opt/stack/keystone/keystone/server/flask/request_processing/middleware/auth_context.py:506}}
Dec 03 10:27:05 jammy-provider-cloud-0000007764 devstack@keystone.service[60771]: DEBUG keystone.server.flask.request_processing.req_logging [None req-25b5448a-2d8b-4148-9a4f-bac76e678283 None admin] REQUEST_METHOD: `POST` {{(pid=60771) log_request_info /opt/stack/keystone/keystone/server/flask/request_processing/req_logging.py:26}}
Dec 03 10:27:05 jammy-provider-cloud-0000007764 devstack@keystone.service[60771]: DEBUG keystone.server.flask.request_processing.req_logging [None req-25b5448a-2d8b-4148-9a4f-bac76e678283 None admin] SCRIPT_NAME: `/identity` {{(pid=60771) log_request_info /opt/stack/keystone/keystone/server/flask/request_processing/req_logging.py:27}}
Dec 03 10:27:05 jammy-provider-cloud-0000007764 devstack@keystone.service[60771]: DEBUG keystone.server.flask.request_processing.req_logging [None req-25b5448a-2d8b-4148-9a4f-bac76e678283 None admin] PATH_INFO: `/v3/roles` {{(pid=60771) log_request_info /opt/stack/keystone/keystone/server/flask/request_processing/req_logging.py:28}}
Dec 03 10:27:05 jammy-provider-cloud-0000007764 devstack@keystone.service[60771]: DEBUG keystone.common.rbac_enforcer.enforcer [None req-25b5448a-2d8b-4148-9a4f-bac76e678283 None admin] RBAC: Authorizing `identity:create_role()` {{(pid=60771) enforce_call /opt/stack/keystone/keystone/common/rbac_enforcer/enforcer.py:495}}
Dec 03 10:27:05 jammy-provider-cloud-0000007764 devstack@keystone.service[60771]: DEBUG keystone.common.rbac_enforcer.enforcer [None req-25b5448a-2d8b-4148-9a4f-bac76e678283 None admin] RBAC: Authorization granted {{(pid=60771) enforce_call /opt/stack/keystone/keystone/common/rbac_enforcer/enforcer.py:506}}
Dec 03 10:27:05 jammy-provider-cloud-0000007764 devstack@keystone.service[60771]: DEBUG keystone.common.sql.core [None req-25b5448a-2d8b-4148-9a4f-bac76e678283 None admin] Conflict role: (pymysql.err.IntegrityError) (1062, "Duplicate entry 'service-<<null>>' for key 'role.ixu_role_name_domain_id'")
Dec 03 10:27:05 jammy-provider-cloud-0000007764 devstack@keystone.service[60771]: [SQL: INSERT INTO `role` (id, name, description, extra) VALUES (%(id)s, %(name)s, %(description)s, %(extra)s)]
Dec 03 10:27:05 jammy-provider-cloud-0000007764 devstack@keystone.service[60771]: [parameters: {'id': 'cee0b8a5c18e4acf9b71a04183f86b22', 'name': 'service', 'description': None, 'extra': '{}'}]
Dec 03 10:27:05 jammy-provider-cloud-0000007764 devstack@keystone.service[60771]: (Background on this error at: https://sqlalche.me/e/20/gkpj) {{(pid=60771) wrapper /opt/stack/keystone/keystone/common/sql/core.py:546}}
Dec 03 10:27:05 jammy-provider-cloud-0000007764 devstack@keystone.service[60771]: ERROR keystone.server.flask.application [None req-25b5448a-2d8b-4148-9a4f-bac76e678283 None admin] Conflict occurred attempting to store role - Duplicate entry found with name service.: keystone.exception.Conflict: Conflict occurred attempting to store role - Duplicate entry found with name service.
Dec 03 10:27:05 jammy-provider-cloud-0000007764 devstack@keystone.service[60771]: ERROR keystone.server.flask.application Traceback (most recent call last):
Dec 03 10:27:05 jammy-provider-cloud-0000007764 devstack@keystone.service[60771]: ERROR keystone.server.flask.application   File "/opt/stack/data/venv/lib/python3.10/site-packages/sqlalchemy/engine/base.py", line 1967, in _exec_single_context
Dec 03 10:27:05 jammy-provider-cloud-0000007764 devstack@keystone.service[60771]: ERROR keystone.server.flask.application     self.dialect.do_execute(
Dec 03 10:27:05 jammy-provider-cloud-0000007764 devstack@keystone.service[60771]: ERROR keystone.server.flask.application   File "/opt/stack/data/venv/lib/python3.10/site-packages/sqlalchemy/engine/default.py", line 941, in do_execute
Dec 03 10:27:05 jammy-provider-cloud-0000007764 devstack@keystone.service[60771]: ERROR keystone.server.flask.application     cursor.execute(statement, parameters)
Dec 03 10:27:05 jammy-provider-cloud-0000007764 devstack@keystone.service[60771]: ERROR keystone.server.flask.application   File "/opt/stack/data/venv/lib/python3.10/site-packages/pymysql/cursors.py", line 153, in execute
Dec 03 10:27:05 jammy-provider-cloud-0000007764 devstack@keystone.service[60771]: ERROR keystone.server.flask.application     result = self._query(query)
Dec 03 10:27:05 jammy-provider-cloud-0000007764 devstack@keystone.service[60771]: ERROR keystone.server.flask.application   File "/opt/stack/data/venv/lib/python3.10/site-packages/pymysql/cursors.py", line 322, in _query
Dec 03 10:27:05 jammy-provider-cloud-0000007764 devstack@keystone.service[60771]: ERROR keystone.server.flask.application     conn.query(q)
Dec 03 10:27:05 jammy-provider-cloud-0000007764 devstack@keystone.service[60771]: ERROR keystone.server.flask.application   File "/opt/stack/data/venv/lib/python3.10/site-packages/pymysql/connections.py", line 563, in query
Dec 03 10:27:05 jammy-provider-cloud-0000007764 devstack@keystone.service[60771]: ERROR keystone.server.flask.application     self._affected_rows = self._read_query_result(unbuffered=unbuffered)
Dec 03 10:27:05 jammy-provider-cloud-0000007764 devstack@keystone.service[60771]: ERROR keystone.server.flask.application   File "/opt/stack/data/venv/lib/python3.10/site-packages/pymysql/connections.py", line 825, in _read_query_result
Dec 03 10:27:05 jammy-provider-cloud-0000007764 devstack@keystone.service[60771]: ERROR keystone.server.flask.application     result.read()
Dec 03 10:27:05 jammy-provider-cloud-0000007764 devstack@keystone.service[60771]: ERROR keystone.server.flask.application   File "/opt/stack/data/venv/lib/python3.10/site-packages/pymysql/connections.py", line 1199, in read
Dec 03 10:27:05 jammy-provider-cloud-0000007764 devstack@keystone.service[60771]: ERROR keystone.server.flask.application     first_packet = self.connection._read_packet()
Dec 03 10:27:05 jammy-provider-cloud-0000007764 devstack@keystone.service[60771]: ERROR keystone.server.flask.application   File "/opt/stack/data/venv/lib/python3.10/site-packages/pymysql/connections.py", line 775, in _read_packet
Dec 03 10:27:05 jammy-provider-cloud-0000007764 devstack@keystone.service[60771]: ERROR keystone.server.flask.application     packet.raise_for_error()
Dec 03 10:27:05 jammy-provider-cloud-0000007764 devstack@keystone.service[60771]: ERROR keystone.server.flask.application   File "/opt/stack/data/venv/lib/python3.10/site-packages/pymysql/protocol.py", line 219, in raise_for_error
Dec 03 10:27:05 jammy-provider-cloud-0000007764 devstack@keystone.service[60771]: ERROR keystone.server.flask.application     err.raise_mysql_exception(self._data)
Dec 03 10:27:05 jammy-provider-cloud-0000007764 devstack@keystone.service[60771]: ERROR keystone.server.flask.application   File "/opt/stack/data/venv/lib/python3.10/site-packages/pymysql/err.py", line 150, in raise_mysql_exception
Dec 03 10:27:05 jammy-provider-cloud-0000007764 devstack@keystone.service[60771]: ERROR keystone.server.flask.application     raise errorclass(errno, errval)
Dec 03 10:27:05 jammy-provider-cloud-0000007764 devstack@keystone.service[60771]: ERROR keystone.server.flask.application pymysql.err.IntegrityError: (1062, "Duplicate entry 'service-<<null>>' for key 'role.ixu_role_name_domain_id'")
Dec 03 10:27:05 jammy-provider-cloud-0000007764 devstack@keystone.service[60771]: ERROR keystone.server.flask.application 
Dec 03 10:27:05 jammy-provider-cloud-0000007764 devstack@keystone.service[60771]: ERROR keystone.server.flask.application The above exception was the direct cause of the following exception:
Dec 03 10:27:05 jammy-provider-cloud-0000007764 devstack@keystone.service[60771]: ERROR keystone.server.flask.application 
Dec 03 10:27:05 jammy-provider-cloud-0000007764 devstack@keystone.service[60771]: ERROR keystone.server.flask.application Traceback (most recent call last):
Dec 03 10:27:05 jammy-provider-cloud-0000007764 devstack@keystone.service[60771]: ERROR keystone.server.flask.application   File "/opt/stack/keystone/keystone/common/sql/core.py", line 541, in wrapper
Dec 03 10:27:05 jammy-provider-cloud-0000007764 devstack@keystone.service[60771]: ERROR keystone.server.flask.application     return method(*args, **kwargs)
Dec 03 10:27:05 jammy-provider-cloud-0000007764 devstack@keystone.service[60771]: ERROR keystone.server.flask.application   File "/opt/stack/keystone/keystone/assignment/role_backends/sql.py", line 25, in create_role
Dec 03 10:27:05 jammy-provider-cloud-0000007764 devstack@keystone.service[60771]: ERROR keystone.server.flask.application     with sql.session_for_write() as session:
Dec 03 10:27:05 jammy-provider-cloud-0000007764 devstack@keystone.service[60771]: ERROR keystone.server.flask.application   File "/usr/lib/python3.10/contextlib.py", line 142, in __exit__
Dec 03 10:27:05 jammy-provider-cloud-0000007764 devstack@keystone.service[60771]: ERROR keystone.server.flask.application     next(self.gen)
Dec 03 10:27:05 jammy-provider-cloud-0000007764 devstack@keystone.service[60771]: ERROR keystone.server.flask.application   File "/opt/stack/data/venv/lib/python3.10/site-packages/oslo_db/sqlalchemy/enginefacade.py", line 1041, in _transaction_scope
Dec 03 10:27:05 jammy-provider-cloud-0000007764 devstack@keystone.service[60771]: ERROR keystone.server.flask.application     with current._produce_block(
Dec 03 10:27:05 jammy-provider-cloud-0000007764 devstack@keystone.service[60771]: ERROR keystone.server.flask.application   File "/usr/lib/python3.10/contextlib.py", line 142, in __exit__
Dec 03 10:27:05 jammy-provider-cloud-0000007764 devstack@keystone.service[60771]: ERROR keystone.server.flask.application     next(self.gen)
Dec 03 10:27:05 jammy-provider-cloud-0000007764 devstack@keystone.service[60771]: ERROR keystone.server.flask.application   File "/opt/stack/data/venv/lib/python3.10/site-packages/oslo_db/sqlalchemy/enginefacade.py", line 648, in _session
Dec 03 10:27:05 jammy-provider-cloud-0000007764 devstack@keystone.service[60771]: ERROR keystone.server.flask.application     with excutils.save_and_reraise_exception():
Dec 03 10:27:05 jammy-provider-cloud-0000007764 devstack@keystone.service[60771]: ERROR keystone.server.flask.application   File "/opt/stack/data/venv/lib/python3.10/site-packages/oslo_utils/excutils.py", line 227, in __exit__
Dec 03 10:27:05 jammy-provider-cloud-0000007764 devstack@keystone.service[60771]: ERROR keystone.server.flask.application     self.force_reraise()
Dec 03 10:27:05 jammy-provider-cloud-0000007764 devstack@keystone.service[60771]: ERROR keystone.server.flask.application   File "/opt/stack/data/venv/lib/python3.10/site-packages/oslo_utils/excutils.py", line 200, in force_reraise
Dec 03 10:27:05 jammy-provider-cloud-0000007764 devstack@keystone.service[60771]: ERROR keystone.server.flask.application     raise self.value
Dec 03 10:27:05 jammy-provider-cloud-0000007764 devstack@keystone.service[60771]: ERROR keystone.server.flask.application   File "/opt/stack/data/venv/lib/python3.10/site-packages/oslo_db/sqlalchemy/enginefacade.py", line 646, in _session
Dec 03 10:27:05 jammy-provider-cloud-0000007764 devstack@keystone.service[60771]: ERROR keystone.server.flask.application     self._end_session_transaction(self.session)
Dec 03 10:27:05 jammy-provider-cloud-0000007764 devstack@keystone.service[60771]: ERROR keystone.server.flask.application   File "/opt/stack/data/venv/lib/python3.10/site-packages/oslo_db/sqlalchemy/enginefacade.py", line 674, in _end_session_transaction
Dec 03 10:27:05 jammy-provider-cloud-0000007764 devstack@keystone.service[60771]: ERROR keystone.server.flask.application     session.commit()
Dec 03 10:27:05 jammy-provider-cloud-0000007764 devstack@keystone.service[60771]: ERROR keystone.server.flask.application   File "/opt/stack/data/venv/lib/python3.10/site-packages/sqlalchemy/orm/session.py", line 2028, in commit
Dec 03 10:27:05 jammy-provider-cloud-0000007764 devstack@keystone.service[60771]: ERROR keystone.server.flask.application     trans.commit(_to_root=True)
Dec 03 10:27:05 jammy-provider-cloud-0000007764 devstack@keystone.service[60771]: ERROR keystone.server.flask.application   File "<string>", line 2, in commit
Dec 03 10:27:05 jammy-provider-cloud-0000007764 devstack@keystone.service[60771]: ERROR keystone.server.flask.application   File "/opt/stack/data/venv/lib/python3.10/site-packages/sqlalchemy/orm/state_changes.py", line 139, in _go
Dec 03 10:27:05 jammy-provider-cloud-0000007764 devstack@keystone.service[60771]: ERROR keystone.server.flask.application     ret_value = fn(self, *arg, **kw)
Dec 03 10:27:05 jammy-provider-cloud-0000007764 devstack@keystone.service[60771]: ERROR keystone.server.flask.application   File "/opt/stack/data/venv/lib/python3.10/site-packages/sqlalchemy/orm/session.py", line 1313, in commit
Dec 03 10:27:05 jammy-provider-cloud-0000007764 devstack@keystone.service[60771]: ERROR keystone.server.flask.application     self._prepare_impl()
Dec 03 10:27:05 jammy-provider-cloud-0000007764 devstack@keystone.service[60771]: ERROR keystone.server.flask.application   File "<string>", line 2, in _prepare_impl
Dec 03 10:27:05 jammy-provider-cloud-0000007764 devstack@keystone.service[60771]: ERROR keystone.server.flask.application   File "/opt/stack/data/venv/lib/python3.10/site-packages/sqlalchemy/orm/state_changes.py", line 139, in _go
Dec 03 10:27:05 jammy-provider-cloud-0000007764 devstack@keystone.service[60771]: ERROR keystone.server.flask.application     ret_value = fn(self, *arg, **kw)
Dec 03 10:27:05 jammy-provider-cloud-0000007764 devstack@keystone.service[60771]: ERROR keystone.server.flask.application   File "/opt/stack/data/venv/lib/python3.10/site-packages/sqlalchemy/orm/session.py", line 1288, in _prepare_impl
Dec 03 10:27:05 jammy-provider-cloud-0000007764 devstack@keystone.service[60771]: ERROR keystone.server.flask.application     self.session.flush()
Dec 03 10:27:05 jammy-provider-cloud-0000007764 devstack@keystone.service[60771]: ERROR keystone.server.flask.application   File "/opt/stack/data/venv/lib/python3.10/site-packages/sqlalchemy/orm/session.py", line 4352, in flush
Dec 03 10:27:05 jammy-provider-cloud-0000007764 devstack@keystone.service[60771]: ERROR keystone.server.flask.application     self._flush(objects)
Dec 03 10:27:05 jammy-provider-cloud-0000007764 devstack@keystone.service[60771]: ERROR keystone.server.flask.application   File "/opt/stack/data/venv/lib/python3.10/site-packages/sqlalchemy/orm/session.py", line 4487, in _flush
Dec 03 10:27:05 jammy-provider-cloud-0000007764 devstack@keystone.service[60771]: ERROR keystone.server.flask.application     with util.safe_reraise():
Dec 03 10:27:05 jammy-provider-cloud-0000007764 devstack@keystone.service[60771]: ERROR keystone.server.flask.application   File "/opt/stack/data/venv/lib/python3.10/site-packages/sqlalchemy/util/langhelpers.py", line 146, in __exit__
Dec 03 10:27:05 jammy-provider-cloud-0000007764 devstack@keystone.service[60771]: ERROR keystone.server.flask.application     raise exc_value.with_traceback(exc_tb)
