"pcp-dstat 6.2.0 CSV Output"
"Author:","PCP team <pcp@groups.io> and Dag Wieers <dag@wieers.com>",,,,"URL:","https://pcp.io/ and http://dag.wieers.com/home-made/dstat/"
"Host:","ubuntu",,,,"User:","ubuntu"
"Cmdline:","dstat -tcmndrylpg --tcp --output /tmp/devstack_logs/dstat-csv.log",,,,"Date:","19 Jun 2026 01:58:24 UTC"
"system","total usage",,,,,"memory usage",,,,"net/total",,"dsk/total",,"io/total",,"system",,"load avg",,,"procs",,,"paging",,"tcp sockets",,,,
"time","total usage:usr","total usage:sys","total usage:idl","total usage:wai","total usage:stl","used","free","buf","cach","net/total:recv","net/total:send","dsk/total:read","dsk/total:writ","read","writ","int","csw","1m","5m","15m","run","blk","new","in","out","lis","act","syn","tim","clo"
19-06 01:58:24,,1003768,1411352,168752,5223992,,,,,,,1.360,1.020,0.540,4,0,,,,10,4,1,17,1
19-06 01:58:25,14.245,20.743,63.477,0.500,0,1010052,1404540,168916,5224256,39436.865,12256.607,0,2019.276,0,120.957,6618,5889,1.360,1.020,0.540,1,0,520.813,0,0,10,5,1,17,1
19-06 01:58:26,23.507,18.756,56.517,0.500,0,1022792,1391008,169036,5224816,20388.290,10769.323,0,1640.506,0,57.018,6118,6270,1.360,1.020,0.540,2,0,353.109,0,0,10,5,1,17,1
19-06 01:58:27,27.229,15.238,56.206,0.500,0,1008464,1404864,169216,5225040,38062.137,11929.640,0,2753.839,0,51.959,6846,8320,1.330,1.020,0.550,2,0,265.791,0,0,10,5,1,17,1
19-06 01:58:28,13.749,2.750,82.492,0.500,0,1143532,1269072,169312,5350268,16581.404,9546.081,0,971.906,0,29.997,2148,2262,1.330,1.020,0.550,0,0,4.000,0,0,11,4,1,17,2
19-06 01:58:29,26.954,9.983,61.395,0.250,0,1154756,1240272,169456,5367072,180451.080,11149.912,0,1820.883,0,51.911,3697,2629,1.330,1.020,0.550,2,0,115.802,0,0,11,6,1,17,2
19-06 01:58:30,38.739,11.497,48.486,0.750,0,1203320,1173660,170356,5381828,4724.654,1565.554,31.991,2715.227,1.999,82.976,4348,3383,1.330,1.020,0.550,2,0,164.953,0,0,11,6,1,19,2
19-06 01:58:31,44.990,5.499,48.739,0.250,0,1252480,1105180,171012,5398156,4378.007,1511.657,0,3215.271,0,42.990,2784,1569,1.330,1.020,0.550,2,0,0,0,0,11,6,1,19,2
19-06 01:58:32,38.498,5.750,47.247,6.250,0,1266072,1064752,172156,5421804,4291.751,1511.912,0,27034.433,0,1691.902,9262,14957,1.460,1.050,0.560,1,1,27.998,0,0,11,8,1,19,2
19-06 01:58:33,38.304,8.011,43.811,9.513,0,1174704,1136204,173844,5437752,4492.301,1568.199,0,57925.243,0,3641.107,13959,26562,1.460,1.050,0.560,2,0,62.087,0,0,11,6,1,19,2
19-06 01:58:34,42.041,7.507,48.798,1.001,0,1233100,1048704,174796,5463120,4462.387,1459.435,0,3483.424,0,200.197,3602,2669,1.460,1.050,0.560,2,0,67.066,0,0,11,6,1,19,2
19-06 01:58:35,45.261,4.501,48.262,1.000,0,1277620,1012024,175408,5453508,4871.164,2046.489,0,2932.701,0,187.045,3257,2202,1.460,1.050,0.560,2,0,2.000,0,0,11,4,1,19,0
19-06 01:58:36,39.896,7.231,51.616,0.499,0,1284104,1005472,175444,5453540,9066.375,2842.593,0,7616.154,0,445.838,3625,3343,1.460,1.050,0.560,1,0,42.888,0,0,11,5,1,19,0
19-06 01:58:37,43.613,4.762,51.132,0.251,0,1294976,987432,175644,5459764,7163.530,3297.530,0,2057.322,0,105.272,2977,1715,1.510,1.070,0.570,2,0,4.010,0,0,11,4,1,19,0
19-06 01:58:38,34.763,20.257,43.516,0,0,1235912,1044996,175668,5460980,4839.743,1640.591,0,108.039,0,6.002,13651,21397,1.510,1.070,0.570,3,0,439.158,0,0,11,4,1,19,0
19-06 01:58:39,36.987,21.742,39.486,0,0,1240824,1039720,175676,5461660,4492.418,1531.461,0,211.925,0,9.996,15296,24726,1.510,1.070,0.570,2,0,395.861,0,0,11,4,1,19,0
19-06 01:58:40,61.549,13.456,24.669,0.498,0,1247368,1041212,175684,5454328,4736.519,1634.657,0,3990.956,0,225.264,4496,2992,1.510,1.070,0.570,4,0,156.489,0,0,11,5,1,19,0
19-06 01:58:41,53.796,5.755,39.784,0,0,1305164,983000,175688,5454768,4502.863,1587.362,0,492.422,0,48.041,3345,1570,1.510,1.070,0.570,3,0,50.043,0,0,11,5,1,19,0
19-06 01:58:42,43.266,9.253,47.017,0,0,1331084,954940,175728,5456860,4441.609,1694.614,0,16658.036,0,193.070,3320,3606,1.550,1.090,0.580,6,0,0,0,0,11,5,1,19,0
19-06 01:58:43,6.751,8.501,82.761,0.250,0,1322488,963164,175732,5457184,4260.553,1694.220,0,1916.249,0,90.012,3044,3108,1.550,1.090,0.580,2,0,140.018,0,0,11,4,1,19,0
19-06 01:58:44,21.494,4.249,73.480,0,0,1369848,915788,175748,5457184,4138.877,1619.560,0,531.856,0,41.989,1884,1504,1.550,1.090,0.580,1,0,0,0,0,11,4,1,19,0
19-06 01:58:45,23.999,1.500,73.497,0,0,1400144,885296,175748,5457380,4919.827,1693.941,0,0,0,0,1709,1107,1.550,1.090,0.580,2,0,0,0,0,11,4,1,19,0
19-06 01:58:46,21.241,4.998,71.470,1.499,0,1349376,935948,175800,5457444,5160.848,1565.347,0,2207.080,0,339.858,4186,5159,1.550,1.090,0.580,2,0,42.982,0,0,11,4,1,21,0
19-06 01:58:47,22.509,4.252,71.780,0.250,0,1401548,883760,175812,5457444,6034.527,1512.633,0,12809.363,0,194.081,2255,1982,1.500,1.080,0.580,2,0,0,0,0,11,4,1,21,0
19-06 01:58:48,16.753,3.000,79.262,0.250,0,1412296,872772,175828,5457624,9888.545,5700.891,0,3192.499,0,275.043,2861,3234,1.500,1.080,0.580,2,0,2.000,0,0,11,17,1,21,0
19-06 01:58:49,17.994,1.499,78.722,0.750,0,1412828,871744,175872,5457996,9449.630,6104.823,267.904,975.652,65.976,100.964,2180,1970,1.500,1.080,0.580,1,0,1.999,0,0,11,28,1,22,0
19-06 01:58:50,20.795,5.512,73.157,0,0,1440600,843976,175872,5458000,4768.218,1461.131,0,0,0,0,2227,1565,1.500,1.080,0.580,1,0,43.092,0,0,11,28,1,16,0
19-06 01:58:51,13.965,1.746,83.289,0,0,1452144,832424,175872,5458008,10011.615,7362.333,0,2932.564,0,90.770,1702,1469,1.500,1.080,0.580,1,0,0,0,0,11,29,1,16,0
19-06 01:58:52,29.234,10.245,59.718,0,0,1458108,826408,175872,5458028,6510.524,2680.569,0,11.994,0,2.998,3614,2533,1.540,1.100,0.590,3,0,155.917,0,0,11,28,1,17,0
19-06 01:58:53,31.615,5.269,62.477,0,0,1522280,762172,175872,5458072,9349.975,7656.823,0,41787.846,0,648.356,3344,2751,1.540,1.100,0.590,1,0,0,0,0,11,30,1,17,0
19-06 01:58:54,28.181,3.491,66.337,0,0,1507092,777272,175872,5458268,17746.349,13272.354,0,742.174,0,7.980,4970,6369,1.540,1.100,0.590,1,0,0,0,0,11,29,1,18,0
19-06 01:58:55,60.659,23.311,16.042,0,0,1491224,793108,175880,5458292,5673.918,2036.354,0,477.255,0,27.071,5862,5629,1.540,1.100,0.590,6,0,579.524,0,0,11,28,1,18,0
19-06 01:58:56,86.501,12.750,0.250,0,0,1759380,524924,175880,5458316,8154.060,5674.042,0,0,0,0,4892,2361,1.540,1.100,0.590,3,0,0,0,0,11,30,2,18,0
19-06 01:58:57,70.704,9.494,19.987,0,0,1832196,451884,175880,5458536,35613.739,32425.822,0,171.888,0,5.996,7576,10226,1.660,1.130,0.600,3,0,0,0,0,11,34,1,18,0
19-06 01:58:58,59.008,12.002,28.254,0,0,1554112,729892,175892,5458596,16827.327,11825.635,0,1344.186,0,90.012,7783,9439,1.660,1.130,0.600,2,0,290.040,0,0,11,28,1,22,0
19-06 01:58:59,21.249,4.250,73.748,0.250,0,1544128,739864,175896,5458604,4337.888,1457.962,0,163.996,0,9.000,2011,1475,1.660,1.130,0.600,1,0,20.999,0,0,11,28,1,22,0
19-06 01:59:00,14.493,1.749,83.207,0.250,0,1536276,747708,175896,5458612,11347.184,7634.087,0,111.943,0,5.997,2339,2607,1.660,1.130,0.600,2,0,0,0,0,11,29,1,22,0
19-06 01:59:01,20.271,6.757,71.574,0,0,1479328,804612,175900,5458620,5899.134,2448.546,0,624.649,0,45.047,3137,2590,1.660,1.130,0.600,1,0,74.077,0,0,11,28,1,23,0
19-06 01:59:02,15.703,2.493,80.509,0,0,1474364,809572,175900,5458624,8976.185,5579.333,0,0,0,0,1840,1599,1.610,1.130,0.600,1,0,0,0,0,11,29,1,23,0
19-06 01:59:03,14.780,7.265,77.158,0.251,0,1383652,900260,175904,5458644,8311.990,4684.575,0,54323.036,0,293.600,3916,4059,1.610,1.130,0.600,2,0,85.174,0,0,11,28,1,24,0
19-06 01:59:04,19.019,29.029,51.301,0.250,0,1396940,886968,175904,5458648,5045.026,1621.615,0,208.207,0,20.020,6655,5925,1.610,1.130,0.600,5,0,850.848,0,0,11,28,1,24,0
19-06 01:59:05,85.245,14.499,0,0,0,1629220,654644,175904,5458692,6954.608,2232.874,0,211.988,0,10.999,4968,2535,1.610,1.130,0.600,4,0,102.994,0,0,11,29,1,24,0
19-06 01:59:06,71.037,7.727,21.186,0,0,1723516,560168,175908,5458868,31885.253,27536.312,0,2536.384,0,123.629,5926,6572,1.610,1.130,0.600,4,0,0,0,0,11,33,1,24,0
19-06 01:59:07,68.707,12.036,17.804,0,0,1681216,602388,175932,5458924,30850.922,24315.237,0,670.018,0,73.221,9632,14156,1.960,1.210,0.630,6,0,220.665,0,0,11,28,2,25,0
19-06 01:59:08,85.248,15.000,0,0,0,1654852,628640,175936,5459032,4343.912,1457.970,0,40619.178,0,236.995,5298,3641,1.960,1.210,0.630,6,0,90.998,0,0,11,28,1,25,0
19-06 01:59:09,84.797,9.976,3.990,0,0,1804432,478904,175936,5459188,25923.000,23170.583,0,861.938,0,9.976,5733,5091,1.960,1.210,0.630,5,0,0,0,0,11,33,1,25,0
19-06 01:59:10,73.424,10.024,16.038,0,0,1688440,594644,175960,5459416,41068.470,35969.368,0,978.322,0,70.167,9786,15917,1.960,1.210,0.630,5,0,112.266,0,0,11,30,1,28,0
19-06 01:59:11,62.713,13.742,23.736,0,0,1541928,740988,175960,5459584,12588.564,8477.992,0,19.988,0,4.997,5220,5299,1.960,1.210,0.630,2,0,185.890,0,0,11,28,1,30,0
19-06 01:59:12,29.414,3.241,66.057,0,0,1560360,722536,175960,5459604,15663.271,13175.534,0,0,0,0,3548,3555,1.880,1.210,0.630,1,0,0,0,0,11,30,1,30,0
19-06 01:59:13,45.129,17.550,36.855,0.251,0,1430764,852068,175960,5459636,11948.150,8017.917,0,304.871,0,23.066,6181,6602,1.880,1.210,0.630,3,0,379.083,0,0,11,28,1,32,0
19-06 01:59:14,54.009,5.751,39.506,0,0,1601648,681148,175960,5459672,11418.812,9620.526,0,208.033,0,8.001,3602,1932,1.880,1.210,0.630,1,0,0,0,0,11,31,1,32,0
19-06 01:59:15,44.231,4.748,49.979,0.250,0,1596692,685908,175976,5459852,25006.470,21033.143,0,311.869,0,32.986,7550,10124,1.880,1.210,0.630,2,0,0,0,0,11,29,1,28,0
19-06 01:59:16,72.455,18.738,8.495,0,0,1562572,719992,175980,5459884,6028.250,2127.677,0,215.866,0,22.986,5626,4046,1.880,1.210,0.630,4,0,257.840,0,0,11,28,1,28,0
19-06 01:59:17,65.353,7.011,27.293,0,0,1666724,615812,175984,5459908,20398.180,17847.156,0,240.379,0,21.033,4829,3768,1.970,1.240,0.650,3,0,0,0,0,11,32,1,28,0
19-06 01:59:18,53.744,12.999,32.996,0.250,0,1618136,664168,175996,5460128,30817.641,25604.209,0,1507.836,0,35.996,8967,13511,1.970,1.240,0.650,4,0,242.974,0,0,11,29,1,31,0
19-06 01:59:19,70.191,10.991,18.484,0,0,1598248,684044,175996,5460140,5775.110,2285.065,0,211.821,0,9.992,4150,2106,1.970,1.240,0.650,2,0,81.931,0,0,11,29,1,31,0
19-06 01:59:20,42.419,7.236,49.156,0,0,1644096,638156,176004,5460172,21193.361,18173.152,0,179.656,0,7.985,5174,18701,1.970,1.240,0.650,2,0,35.931,0,0,11,31,1,32,0
19-06 01:59:21,58.415,16.045,24.570,0,0,1564964,717224,176024,5460216,18598.643,13506.229,0,1038.941,0,78.221,7378,8617,1.970,1.240,0.650,4,0,249.707,0,0,11,28,1,34,0
19-06 01:59:22,51.830,7.974,39.869,0,0,1627460,654544,176064,5460360,10165.693,8365.591,0,5378.378,0,249.184,3748,2431,1.810,1.210,0.640,0,0,49.837,0,0,11,31,1,34,0
19-06 01:59:23,43.257,4.751,50.258,0.250,0,1620820,660844,176072,5460692,26374.250,21557.474,0,172.028,0,14.002,7460,9638,1.810,1.210,0.640,2,0,0,0,0,11,29,1,32,0
19-06 01:59:24,62.021,17.006,20.507,0.250,0,1552472,729172,176080,5460716,5794.980,2776.949,0,800.273,0,47.016,4862,3745,1.810,1.210,0.640,4,0,287.098,0,0,11,28,1,33,0
19-06 01:59:25,46.895,5.238,46.895,0,0,1618996,662636,176080,5460728,16292.477,13805.053,0,0,0,0,3651,2662,1.810,1.210,0.640,2,0,0,0,0,11,31,1,33,0
19-06 01:59:26,44.470,7.789,47.234,0,0,1498008,783424,176088,5460920,19056.262,14914.776,0,277.372,0,27.134,7038,8809,1.810,1.210,0.640,3,0,94.467,0,0,11,28,1,35,0
19-06 01:59:27,65.255,10.251,24.752,0,0,1589944,691472,176096,5460928,4380.306,1620.113,0,1288.090,0,152.011,3776,1656,1.910,1.240,0.660,3,0,18.001,0,0,11,28,1,35,0
19-06 01:59:28,40.485,4.498,53.980,0,0,1608296,673160,176108,5460968,22101.817,19959.610,0,2683.007,0,62.977,4762,5759,1.910,1.240,0.660,2,0,1.000,0,0,11,30,1,35,1
19-06 01:59:29,61.520,20.507,16.755,0,0,1527316,754088,176132,5460996,12682.076,8706.798,0,1152.370,0,86.028,7349,8453,1.910,1.240,0.660,7,0,535.172,0,0,11,28,1,37,0
19-06 01:59:30,81.309,18.457,0,0,0,1670224,611076,176132,5461068,4866.597,1454.592,0,7.981,0,1.995,5456,4484,1.910,1.240,0.660,9,0,401.060,0,0,11,28,1,37,0
19-06 01:59:31,78.439,19.547,2.255,0,0,1813164,467944,176132,5461260,27376.044,25429.347,0,0,0,0,6196,6117,1.910,1.240,0.660,5,0,485.170,0,0,11,34,1,35,0
19-06 01:59:32,74.500,11.750,13.500,0,0,1803800,477176,176156,5461368,45159.901,39905.912,0,687.998,0,63.000,8051,10629,2.160,1.310,0.680,5,0,188.000,0,0,11,29,1,36,0
19-06 01:59:33,83.495,16.249,0,0,0,1633244,647564,176160,5461532,6713.611,2828.836,0,103.994,0,13.999,5465,4069,2.160,1.310,0.680,5,0,244.986,0,0,11,28,1,36,0
19-06 01:59:34,74.004,9.500,16.751,0,0,1737036,543740,176160,5461564,18936.981,17051.884,0,0,0,0,4823,3204,2.160,1.310,0.680,3,0,0,0,0,11,33,1,36,0
19-06 01:59:35,60.415,6.990,31.206,0,0,1694488,586056,176160,5461796,41262.887,35693.730,0,3.994,0,0.999,8272,14039,2.160,1.310,0.680,5,0,61.913,0,0,11,30,1,38,1
19-06 01:59:36,29.995,21.497,46.993,0,0,1462548,817956,176160,5461836,12159.124,8413.702,0,23.996,0,5.999,7420,8157,2.160,1.310,0.680,1,0,686.894,0,0,11,28,1,41,0
19-06 01:59:37,55.703,32.223,11.740,0,0,1518912,761556,176160,5461872,4616.117,1618.639,0,43.963,0,10.991,6116,5652,2.300,1.350,0.700,4,0,852.283,0,0,11,28,1,41,0
19-06 01:59:38,66.862,9.015,24.792,0,0,1653860,626572,176160,5461908,18610.268,16045.960,0,160.269,0,10.017,4620,3518,2.300,1.350,0.700,3,0,1.002,0,0,11,32,1,41,0
19-06 01:59:39,56.538,9.006,33.523,0.250,0,1612292,667900,176212,5462096,24183.299,20328.701,0,1152.777,0,92.062,7715,10821,2.300,1.350,0.700,6,0,107.072,0,0,11,28,1,45,0
19-06 01:59:40,82.996,16.499,0.750,0,0,1596980,683168,176220,5462132,5200.751,1935.907,0,163.992,0,12.999,4919,2461,2.300,1.350,0.700,3,0,160.992,0,0,11,28,2,45,0
19-06 01:59:41,55.586,6.730,36.392,0,0,1648116,631976,176228,5462176,26685.076,23856.442,0,155.540,0,8.973,4981,6018,2.300,1.350,0.700,3,0,0,0,0,11,32,1,45,0
19-06 01:59:42,46.357,5.012,47.359,0,0,1648348,631472,176240,5462428,41997.012,36400.083,0,837.936,0,53.123,11657,19109,2.280,1.360,0.700,2,0,0,0,0,11,32,1,45,0
19-06 01:59:43,61.293,9.006,29.020,0.250,0,1512388,767220,176256,5462620,22430.791,17740.489,0,3010.119,0,163.115,9382,12464,2.280,1.360,0.700,4,0,66.046,0,0,11,28,1,45,0
19-06 01:59:44,82.244,12.249,6.000,0,0,1617104,662484,176260,5462636,6578.517,4883.642,0,119.991,0,8.999,4681,1978,2.280,1.360,0.700,2,0,53.996,0,0,11,30,1,45,0
19-06 01:59:45,55.459,6.245,37.472,0,0,1652908,626488,176260,5462828,32113.259,28603.854,0,119.911,0,5.996,7739,10104,2.280,1.360,0.700,2,0,0,0,0,11,32,1,45,0
19-06 01:59:46,46.781,5.754,46.281,0.250,0,1652620,626488,176260,5463108,47323.725,41429.774,0,484.325,0,30.020,14431,22655,2.280,1.360,0.700,3,0,0,0,0,11,31,1,46,0
19-06 01:59:47,76.496,16.499,6.750,0,0,1514872,764204,176260,5463132,13163.260,7629.571,0,4.000,0,1.000,5613,4784,2.420,1.410,0.720,4,0,259.985,0,0,11,28,1,47,0
19-06 01:59:48,66.011,7.251,26.504,0,0,1655408,623636,176264,5463160,16807.730,15269.480,0,132.021,0,12.002,4871,3340,2.420,1.410,0.720,2,0,2.000,0,0,11,34,1,47,0
19-06 01:59:49,57.952,4.746,35.471,0,0,1655196,623636,176268,5463368,29084.889,24576.626,0,1314.910,0,13.988,8222,12032,2.420,1.410,0.720,2,0,0.999,0,0,11,34,1,49,0
19-06 01:59:50,66.945,11.990,20.983,0,0,1661164,617468,176276,5463524,21649.208,16309.596,0,115.905,0,11.990,6790,9392,2.420,1.410,0.720,4,0,69.943,0,0,11,33,1,49,0
19-06 01:59:51,69.361,10.767,19.531,0,0,1607588,671028,176276,5463536,12838.509,10898.410,0,108.173,0,12.019,4724,3249,2.420,1.410,0.720,2,0,60.096,0,0,11,34,1,48,0
19-06 01:59:52,66.002,11.000,22.751,0,0,1632644,645932,176280,5463568,19526.686,15249.536,0,184.006,0,24.001,5635,5863,2.540,1.450,0.740,3,0,120.004,0,0,11,34,1,50,0
19-06 01:59:53,57.749,7.500,33.999,0,0,1683808,594524,176280,5463808,26276.318,23884.380,0,127.997,0,9.000,7158,9949,2.540,1.450,0.740,1,0,0,0,0,11,36,1,50,0
19-06 01:59:54,56.220,8.745,34.232,0,0,1628116,650128,176280,5463896,34224.636,26965.531,0,19.989,0,2.998,8799,13089,2.540,1.450,0.740,5,0,58.968,0,0,11,33,1,52,1
19-06 01:59:55,77.781,14.256,7.503,0,0,1580712,697516,176280,5463912,8182.301,4917.984,0,12.005,0,1.000,4722,2535,2.540,1.450,0.740,5,0,168.068,0,0,11,33,1,54,0
19-06 01:59:56,65.261,7.001,27.755,0,0,1652676,625384,176280,5464072,23454.825,19612.198,0,0,0,0,5401,4948,2.540,1.450,0.740,4,0,1.000,0,0,11,35,1,53,0
19-06 01:59:57,61.204,9.743,28.479,0,0,1677252,600600,176284,5464272,22689.061,18420.248,0,163.878,0,16.987,6768,9419,2.580,1.480,0.750,5,0,66.950,0,0,11,33,1,55,0
19-06 01:59:58,58.749,11.250,29.499,0,0,1646224,631612,176288,5464284,11569.705,9430.760,0,231.994,0,23.999,4338,3524,2.580,1.480,0.750,2,0,138.996,0,0,11,34,1,56,0
19-06 01:59:59,48.884,7.482,42.150,0.249,0,1626268,651544,176296,5464300,15336.717,12091.395,0,774.169,0,75.821,4387,4227,2.580,1.480,0.750,2,0,59.858,0,0,11,33,1,58,0
19-06 02:00:00,50.749,11.250,37.749,0,0,1554200,723524,176296,5464372,14880.695,10020.794,0,211.996,0,17.000,4882,5050,2.580,1.480,0.750,3,0,157.997,0,0,11,33,1,53,0
19-06 02:00:01,53.820,6.759,39.051,0,0,1569836,707720,176296,5464532,18334.956,13476.608,0,192.251,0,9.012,4436,4992,2.580,1.480,0.750,3,0,12.016,0,0,11,33,1,54,0
19-06 02:00:02,47.835,9.016,42.074,0,0,1561204,716280,176300,5464600,18328.445,13893.595,0,232.411,0,15.027,4778,5476,2.700,1.520,0.770,3,0,80.142,0,0,11,33,1,55,0
19-06 02:00:03,47.232,7.997,44.483,0,0,1603168,674276,176300,5464636,15314.176,10573.979,0,135.948,0,9.996,4442,4604,2.700,1.520,0.770,1,0,85.967,0,0,11,33,2,56,0
19-06 02:00:04,25.401,4.981,67.737,0.249,0,1571872,705412,176300,5464792,17699.208,13820.284,0,302.823,0,21.915,4354,5439,2.700,1.520,0.770,1,0,66.741,0,0,11,33,1,55,0
19-06 02:00:05,35.905,7.030,56.745,0.251,0,1518208,759044,176320,5464804,10614.841,5460.582,0,293.266,0,24.104,4249,4012,2.700,1.520,0.770,2,0,68.295,0,0,11,32,1,56,0
19-06 02:00:06,34.645,5.234,59.569,0,0,1560948,716284,176320,5464824,13895.742,9337.604,0,115.648,0,7.976,3249,3057,2.700,1.520,0.770,2,0,0,0,0,11,33,1,56,0
19-06 02:00:07,31.258,5.501,61.266,0.250,0,1470348,806684,176328,5465012,14921.805,9097.320,0,248.063,0,23.006,3774,4024,2.560,1.510,0.770,2,0,34.009,0,0,11,33,1,57,0
19-06 02:00:08,36.255,7.751,55.757,0,0,1488528,788480,176328,5465036,11319.470,8308.079,0,144.019,0,12.002,4028,3655,2.560,1.510,0.770,2,0,105.014,0,0,11,33,1,57,0
19-06 02:00:09,33.731,6.996,59.216,0,0,1510204,766796,176328,5465044,8125.314,5475.842,0,355.795,0,18.989,3033,2626,2.560,1.510,0.770,2,0,61.964,0,0,11,33,1,58,0
19-06 02:00:10,31.005,3.751,64.011,0.250,0,1534940,742036,176328,5465068,14013.414,11014.898,0,224.039,0,16.003,3082,3899,2.560,1.510,0.770,1,0,0,0,0,11,34,1,58,0
19-06 02:00:11,36.982,4.748,57.223,0,0,1511084,765864,176336,5465088,15301.715,10929.797,0,183.912,0,14.993,4238,4743,2.560,1.510,0.770,2,0,4.998,0,0,11,33,1,59,0
19-06 02:00:12,36.042,6.758,56.065,0,0,1560208,716724,176336,5465100,11128.848,7904.125,0,120.139,0,8.009,3497,2654,2.510,1.520,0.780,5,0,43.050,0,0,11,33,1,55,0
19-06 02:00:13,31.979,3.248,64.707,0.250,0,1547104,729784,176340,5465136,15269.918,11625.325,0,247.836,0,24.984,3862,4650,2.510,1.520,0.780,2,0,4.997,0,0,11,33,1,56,0
19-06 02:00:14,35.563,4.508,59.104,0,0,1554612,722112,176352,5465288,12125.350,8663.254,0,3818.724,0,177.312,3955,4300,2.510,1.520,0.780,2,0,0,0,0,11,32,1,57,0
19-06 02:00:15,20.512,10.506,68.040,0.250,0,1461504,815144,176352,5465364,13441.809,9898.751,0,168.098,0,14.008,4877,4966,2.510,1.520,0.780,1,0,277.161,0,0,11,33,1,57,0
19-06 02:00:16,17.961,3.243,77.083,0,0,1438716,837916,176360,5465372,7804.069,4027.263,0,251.454,0,19.957,2550,2648,2.510,1.520,0.780,1,0,4.989,0,0,11,32,1,55,0
19-06 02:00:17,16.998,2.500,79.491,0,0,1474708,801916,176364,5465376,10087.916,6489.303,0,115.988,0,8.999,1893,1674,2.390,1.510,0.780,3,0,0,0,0,11,33,1,55,0
19-06 02:00:18,15.496,2.000,80.981,0.250,0,1468116,808472,176376,5465400,11294.313,7377.245,0,215.949,0,17.996,2897,3868,2.390,1.510,0.780,1,0,1.000,0,0,11,32,1,56,0
19-06 02:00:19,15.980,12.235,71.162,0,0,1446744,829836,176376,5465408,4572.359,1456.204,0,135.832,0,14.982,3852,3014,2.390,1.510,0.780,2,0,283.650,0,0,11,32,1,56,0
19-06 02:00:20,21.519,5.255,72.315,0,0,1461640,814932,176376,5465412,7150.467,3812.448,0,1072.970,0,9.008,2843,7667,2.390,1.510,0.780,2,0,36.033,0,0,11,33,1,53,0
19-06 02:00:21,15.758,2.501,80.039,0,0,1458828,817716,176380,5465436,13524.582,9919.828,0,548.267,0,39.019,3129,3974,2.390,1.510,0.780,1,0,0,0,0,11,32,1,54,0
19-06 02:00:22,20.785,5.509,72.623,0.250,0,1472636,803888,176400,5465436,4657.883,1526.584,0,1442.441,0,95.161,2444,1945,2.280,1.500,0.780,1,0,46.078,0,0,11,32,1,54,0
19-06 02:00:23,16.722,2.246,80.117,0.499,0,1495236,781264,176412,5465448,9874.596,6640.968,0,251.582,0,19.967,1956,1908,2.280,1.500,0.780,1,0,0,0,0,11,33,1,54,0
19-06 02:00:24,14.281,1.754,82.928,0,0,1486144,790200,176412,5465600,11823.399,8474.204,0,440.947,0,27.058,3747,4952,2.280,1.500,0.780,1,0,0,0,0,11,33,1,49,0
19-06 02:00:25,12.255,13.256,72.530,0,0,1444572,831640,176416,5465724,6634.787,3567.498,0,340.143,0,54.023,4531,4004,2.280,1.500,0.780,2,0,276.116,0,0,11,32,1,49,0
19-06 02:00:26,27.430,16.957,54.610,0,0,1448124,828036,176416,5465776,5702.423,1615.869,0,251.357,0,17.954,4994,3955,2.280,1.500,0.780,2,0,349.108,0,0,11,32,1,51,0
19-06 02:00:27,43.628,6.770,48.643,1.003,0,1537504,736620,176532,5467412,4591.499,1462.299,0,2764.126,0,170.501,3632,3123,2.260,1.510,0.790,3,0,11.032,0,0,11,36,1,51,0
19-06 02:00:28,34.229,7.246,43.224,12.742,0,1531908,735612,177332,5472796,4131.510,1133.317,0,21778.874,0,2475.508,13108,24453,2.260,1.510,0.790,2,1,118.928,0,0,11,36,1,49,0
19-06 02:00:29,34.205,8.489,40.446,14.980,0.250,1597612,667972,178148,5473808,4240.390,1563.931,0,44828.693,0,4198.446,14937,31223,2.260,1.510,0.790,3,0,45.939,0,0,11,36,1,49,0
19-06 02:00:30,44.708,6.744,45.457,1.998,0,1486760,778744,178224,5473828,4228.000,1510.571,0,16888.023,0,1075.982,4852,5857,2.260,1.510,0.790,2,0,5.994,0,0,11,32,1,49,0
19-06 02:00:31,39.366,7.522,44.882,6.519,0,1543076,722020,178332,5474124,4289.636,1624.786,0,9022.578,0,1483.370,10156,16562,2.260,1.510,0.790,1,1,3.009,0,0,11,34,1,49,0
19-06 02:00:32,35.144,7.727,51.096,4.237,0,1439636,824964,178580,5474360,4845.413,1615.138,0,13084.610,0,1415.738,9109,14036,2.160,1.500,0.790,1,0,98.703,0,0,11,32,1,47,0
19-06 02:00:33,22.284,3.756,72.861,0.501,0,1512048,752528,178600,5474360,5167.855,1622.466,0,2259.434,0,124.189,2041,1838,2.160,1.500,0.790,1,0,2.003,0,0,11,32,1,47,0
19-06 02:00:34,21.522,3.754,73.325,0.250,0,1527004,737564,178608,5474360,4730.833,1567.602,0,728.745,0,43.044,1860,1423,2.160,1.500,0.790,1,0,0,0,0,11,32,1,47,0
19-06 02:00:35,22.691,3.990,72.061,0.997,0,1410688,853824,178628,5474384,4266.812,1454.187,0,7101.379,0,375.017,2705,3042,2.160,1.500,0.790,1,0,0.997,0,0,11,32,1,47,0
19-06 02:00:36,22.251,3.250,73.503,0,0,1469904,794604,178632,5474384,4609.166,1512.054,0,80.003,0,4.000,1795,1174,2.160,1.500,0.790,1,0,2.000,0,0,11,32,1,41,0
19-06 02:00:37,21.495,3.749,73.233,0,0,1500132,764364,178632,5474396,4784.903,1565.641,0,0,0,0,1762,1207,2.060,1.490,0.790,1,0,1.000,0,0,11,32,1,41,0
19-06 02:00:38,22.766,3.252,74.052,0,0,1540644,723860,178632,5474384,4581.190,1459.016,0,84.059,0,3.002,1843,1256,2.060,1.490,0.790,1,0,5.003,0,0,11,32,0,41,0
19-06 02:00:39,22.990,2.499,73.718,0,0,1457956,806468,178636,5474456,4470.049,1511.340,0,0,0,0,1792,1194,2.060,1.490,0.790,1,0,1.000,0,0,11,32,0,41,0
19-06 02:00:40,21.751,3.750,73.503,0,0,1507888,756532,178636,5474460,4338.150,1458.050,0,0,0,0,1834,1318,2.060,1.490,0.790,2,0,2.000,0,0,11,32,0,41,0
19-06 02:00:41,23.252,3.250,73.007,0,0,1462696,801628,178636,5474548,4503.449,1566.156,0,236.024,0,11.001,1903,1388,2.060,1.490,0.790,2,0,1.000,0,0,11,32,0,37,0
19-06 02:00:42,22.244,2.999,73.480,0,0,1484084,780208,178644,5474572,4156.850,1457.597,0,335.907,0,17.995,1869,1439,1.980,1.480,0.790,2,0,1.000,0,0,11,32,0,37,0
19-06 02:00:43,22.506,3.751,73.770,0,0,1504992,759300,178644,5474572,4783.285,1512.406,0,56.015,0,4.001,1805,1320,1.980,1.480,0.790,2,0,2.001,0,0,11,32,0,37,0
19-06 02:00:44,22.988,2.499,73.713,0,0,1483608,780660,178644,5474596,4215.876,1457.266,0,0,0,0,1687,1042,1.980,1.480,0.790,1,0,0.999,0,0,11,32,0,37,0
19-06 02:00:45,22.259,3.251,73.531,0.250,0,1510468,753756,178652,5474600,5388.256,1566.656,0,268.112,0,62.026,1844,1369,1.980,1.480,0.790,3,0,0,0,0,11,32,0,37,0
19-06 02:00:46,22.504,3.501,73.512,0,0,1497304,766884,178652,5474636,4789.753,1512.238,0,0,0,0,1799,1254,1.980,1.480,0.790,2,0,1.000,0,0,11,32,0,37,0
19-06 02:00:47,23.239,2.749,73.466,0,0,1524520,739668,178652,5474636,6836.851,1619.254,0,3.998,0,1.000,1787,1121,1.900,1.470,0.790,3,0,1.999,0,0,11,32,0,37,0
19-06 02:00:48,9.775,19.049,69.678,0,0,1470152,793868,178660,5474796,4932.570,1624.139,0,669.707,0,8.020,5620,4294,1.900,1.470,0.790,2,0,413.053,0,0,11,32,0,37,0
19-06 02:00:49,8.486,19.968,69.639,0,0,1438032,825804,178664,5474972,4792.336,1617.413,0,626.997,0,9.984,6121,4865,1.900,1.470,0.790,2,0,483.227,0,0,11,32,0,33,0
19-06 02:00:50,9.009,20.771,69.320,0,0,1427488,836308,178664,5475008,4864.880,1621.627,0,168.169,0,3.003,6057,4794,1.900,1.470,0.790,1,0,474.476,0,0,11,32,0,33,0
19-06 02:00:51,20.966,4.493,73.133,0.250,0,1495684,768104,178676,5475004,4809.308,1617.413,0,183.706,0,11.981,1938,1630,1.900,1.470,0.790,1,0,0,0,0,11,32,0,33,0
19-06 02:00:52,22.498,3.250,73.245,0,0,1515256,748524,178684,5475004,4905.659,1565.891,0,379.974,0,24.998,1858,1320,1.830,1.470,0.800,1,0,2.000,0,0,11,32,0,33,0
19-06 02:00:53,21.740,4.748,73.217,0,0,1532528,731216,178688,5475032,4529.983,1511.327,0,55.975,0,5.997,1867,1397,1.830,1.470,0.800,1,0,1.000,0,0,11,32,0,29,0
19-06 02:00:54,22.489,3.248,73.714,0,0,1553612,710132,178688,5475032,4004.069,1565.245,0,55.973,0,1.999,1753,1205,1.830,1.470,0.800,1,0,1.999,0,0,11,32,0,29,0
19-06 02:00:55,21.750,3.500,72.999,0,0,1508592,755144,178688,5475040,4291.913,1553.969,0,635.987,0,123.997,1879,1348,1.830,1.470,0.800,1,0,1.000,0,0,11,32,0,29,0
19-06 02:00:56,22.504,3.751,73.512,0,0,1535156,728580,178688,5475040,4683.790,1608.271,0,12.002,0,1.000,1764,1139,1.830,1.470,0.800,1,0,2.000,0,0,11,32,0,29,0
19-06 02:00:57,22.515,3.753,73.050,0,0,1492372,771372,178688,5475028,4595.117,1513.026,0,0,0,0,1817,1227,1.760,1.460,0.800,1,0,1.001,0,0,11,32,0,24,0
19-06 02:00:58,21.256,4.501,73.521,0,0,1494972,768772,178688,5475028,4579.279,1458.407,0,84.023,0,2.001,1788,1126,1.760,1.460,0.800,1,0,3.001,0,0,11,32,0,24,0
19-06 02:00:59,23.059,2.757,73.688,0,0,1473976,789744,178688,5475052,4770.175,1461.731,0,28.072,0,2.005,1772,1156,1.760,1.460,0.800,2,0,1.003,0,0,11,32,0,24,0
19-06 02:01:00,22.443,2.992,74.062,0,0,1509836,753896,178688,5475040,4805.830,1454.317,0,0,0,0,1774,1221,1.760,1.460,0.800,2,0,1.995,0,0,11,32,0,24,0
19-06 02:01:01,22.501,4.250,71.754,0.250,0,1468600,795092,178692,5475064,4835.251,1458.076,0,2744.143,0,112.006,2128,1685,1.760,1.460,0.800,1,0,7.000,0,0,11,32,0,18,0
19-06 02:01:02,22.750,3.500,73.749,0,0,1512524,751192,178696,5475036,4397.952,1457.984,0,355.996,0,21.000,1827,1300,1.700,1.450,0.800,2,0,2.000,0,0,11,32,0,18,0
19-06 02:01:03,22.747,2.500,73.742,0,0,1470788,792900,178696,5475064,4997.447,1457.839,0,59.993,0,4.999,1735,1174,1.700,1.450,0.800,2,0,1.000,0,0,11,32,0,18,0
19-06 02:01:04,22.754,3.251,73.512,0,0,1520500,743276,178696,5474976,5040.826,1620.266,0,0,0,0,1726,1122,1.700,1.450,0.800,1,0,2.000,0,0,11,32,0,18,0
19-06 02:01:05,22.743,2.999,73.977,0,0,1539164,724524,178696,5475064,5864.179,1565.514,0,91.971,0,1.999,1621,927,1.700,1.450,0.800,2,0,0,0,0,11,32,0,13,0
19-06 02:01:06,22.247,3.500,73.741,0,0,1425504,838196,178696,5475052,5536.333,1619.805,0,11.999,0,1.000,1780,1231,1.700,1.450,0.800,1,0,1.000,0,0,11,32,0,13,0
19-06 02:01:07,21.753,3.251,73.512,0,0,1472348,791360,178696,5475044,5852.927,1512.239,0,0,0,0,1761,1258,1.640,1.440,0.800,2,0,1.000,0,0,11,32,0,13,0
19-06 02:01:08,22.486,3.498,73.704,0,0,1494312,769396,178696,5475044,4567.171,1618.997,0,87.946,0,2.998,1774,1188,1.640,1.440,0.800,1,0,2.998,0,0,11,32,0,13,0
19-06 02:01:09,22.018,4.003,73.560,0,0,1489024,774688,178696,5475040,4563.722,1621.322,0,0,0,0,1789,1329,1.640,1.440,0.800,2,0,1.001,0,0,11,32,0,10,0
19-06 02:01:10,22.753,2.750,74.008,0,0,1478416,785272,178696,5475064,4606.522,1566.177,0,24.003,0,1.000,1736,1165,1.640,1.440,0.800,1,0,1.000,0,0,11,32,0,10,0
19-06 02:01:11,22.501,3.250,73.254,0,0,1510980,752720,178696,5475052,4909.271,1512.083,0,452.025,0,52.003,1890,1436,1.640,1.440,0.800,1,0,3.000,0,0,11,32,0,10,0
19-06 02:01:12,16.756,11.004,71.273,0.250,0,1474116,789524,178708,5475100,4681.539,1620.533,0,456.150,0,28.009,3770,2864,1.590,1.440,0.800,1,0,237.078,0,0,11,32,0,10,0
19-06 02:01:13,17.243,10.746,71.722,0,0,1466872,796756,178708,5475112,4756.150,1457.433,0,167.935,0,7.997,3699,2942,1.590,1.440,0.800,1,0,222.913,0,0,11,32,0,7,0
19-06 02:01:14,23.023,2.753,73.823,0,0,1486140,777476,178708,5475124,5165.107,1621.603,0,0,0,0,1679,1030,1.590,1.440,0.800,1,0,0,0,0,11,32,0,7,0
19-06 02:01:15,21.978,3.996,73.425,0,0,1462460,800876,178708,5475368,4753.152,1456.514,0,0,0,0,1830,1304,1.590,1.440,0.800,1,0,8.991,0,0,11,32,0,7,0
19-06 02:01:16,22.718,2.247,73.646,0,0,1515932,747404,178708,5475368,5127.749,1455.941,0,27.960,0,0.999,1657,996,1.590,1.440,0.800,2,0,0,0,0,11,32,0,7,0
19-06 02:01:17,9.779,21.814,67.699,0,0,1462204,800952,178708,5475532,4332.723,1624.771,40.118,148.436,2.006,7.021,6098,4960,1.620,1.450,0.810,2,0,523.537,0,0,11,32,0,5,0
19-06 02:01:18,8.754,21.509,68.528,0,0,1460908,802212,178708,5475564,4946.048,1552.643,0,404.167,0,7.003,6319,4958,1.620,1.450,0.810,2,0,505.209,0,0,11,32,0,5,0
19-06 02:01:19,8.503,22.509,68.278,0,0,1436328,826756,178708,5475596,4759.945,1458.596,0,532.217,0,7.003,6449,5265,1.620,1.450,0.810,1,0,557.228,0,0,11,32,0,5,0
19-06 02:01:20,13.754,23.256,61.016,0,0,1419896,843148,178708,5475628,5059.349,1458.389,0,1496.399,0,17.005,7247,12966,1.620,1.450,0.810,2,0,675.180,0,0,11,32,0,6,0
19-06 02:01:21,9.243,20.984,69.448,0,0,1410008,853008,178708,5475656,5153.153,1618.792,0,1079.194,0,46.965,6266,4961,1.620,1.450,0.810,2,0,498.628,0,0,11,32,0,6,0
19-06 02:01:22,7.734,21.455,69.104,0,0,1409904,853080,178708,5475688,5149.110,1616.581,0,195.586,0,6.985,5914,4385,1.490,1.420,0.800,1,0,415.122,0,0,11,32,0,3,0
19-06 02:01:23,8.270,21.302,68.917,0,0,1416932,846012,178708,5475720,5112.423,1623.946,0,404.984,0,13.032,6081,4648,1.490,1.420,0.800,1,0,463.125,0,0,11,32,0,3,0
19-06 02:01:24,7.987,22.214,68.639,0,0,1408780,854132,178708,5475752,4091.365,1455.640,0,47.922,0,11.981,6245,4815,1.490,1.420,0.800,1,0,508.176,0,0,11,32,0,3,0
19-06 02:01:25,17.534,24.547,56.860,0.250,0,1382728,880128,178736,5475776,4689.030,1623.126,0,516.996,0,26.050,6690,5917,1.490,1.420,0.800,4,0,636.225,0,0,11,32,0,5,0
19-06 02:01:26,59.484,18.245,21.244,0.250,0,1553976,708592,178812,5475988,4635.788,1619.577,0,711.814,0,47.987,4921,3797,1.490,1.420,0.800,3,0,321.916,0,0,11,32,0,9,0
19-06 02:01:27,57.156,11.481,25.708,5.491,0,1647972,606416,179236,5482984,4442.671,1617.332,371.387,17527.085,2.995,1410.673,9610,14521,1.620,1.450,0.820,7,1,58.903,0,0,11,36,0,9,0
19-06 02:01:28,42.082,11.773,30.559,12.775,0,1626976,615776,180168,5492908,3907.575,1623.147,0,89609.711,0,6263.141,20294,43649,1.620,1.450,0.820,2,1,163.317,0,0,11,36,0,10,0
19-06 02:01:29,38.436,9.983,36.439,12.729,0,1666500,563652,180568,5504672,6766.691,3934.424,0,87905.082,0,6687.823,21916,45784,1.620,1.450,0.820,5,0,74.875,0,0,11,37,0,10,0
19-06 02:01:30,38.574,12.274,35.819,11.021,0,1559300,663348,180912,5511584,12068.157,8551.409,0,57518.369,0,4359.365,18111,33997,1.620,1.450,0.820,2,1,208.400,0,0,11,34,0,9,0
19-06 02:01:31,44.189,22.968,21.221,9.737,0,1588608,623496,182476,5520124,4534.754,1521.904,295.593,73714.461,3.994,4973.150,19705,38636,1.620,1.450,0.820,6,0,293.596,0,0,11,34,0,9,0
19-06 02:01:32,37.004,13.501,38.254,10.001,0,1631492,576880,181708,5524472,9838.000,6652.676,1600.163,43765.450,27.003,3844.391,16060,31095,1.730,1.470,0.830,1,1,232.024,0,0,11,35,0,9,0
19-06 02:01:33,25.765,6.254,51.531,13.508,0,1629364,576480,181824,5526772,12419.411,8541.097,0,50490.129,0,4245.533,17492,35283,1.730,1.470,0.830,1,1,51.030,0,0,11,35,0,9,0
19-06 02:01:34,27.766,5.753,51.279,12.257,0,1624808,580284,182068,5527268,12724.201,9110.156,0,50500.580,0,4323.447,18166,35182,1.730,1.470,0.830,7,0,30.017,0,0,11,34,0,9,0
19-06 02:01:35,34.221,8.992,39.716,14.987,0,1591212,612624,182376,5528176,4574.081,1456.752,0,64204.987,0,5099.631,18638,36045,1.730,1.470,0.830,1,1,65.943,0,0,11,34,0,9,0
19-06 02:01:36,32.752,5.000,46.753,12.501,0,1608416,593436,182460,5530028,10847.743,7279.498,0,38546.639,0,3346.229,14235,26554,1.730,1.470,0.830,2,1,39.003,0,0,11,35,0,9,0
19-06 02:01:37,25.974,5.744,51.698,13.487,0,1601444,597624,182564,5532636,13641.397,10329.699,0,49938.202,0,4109.902,19221,36319,1.750,1.480,0.840,0,1,53.946,0,0,11,35,0,9,0
19-06 02:01:38,26.287,7.761,50.070,12.267,0,1563540,632456,182616,5535576,10790.050,7182.018,0,52345.011,0,4204.865,17503,33789,1.750,1.480,0.840,2,1,120.168,0,0,11,36,0,10,0
19-06 02:01:39,33.512,10.004,41.765,14.005,0,1605916,586944,182776,5538448,4279.531,1458.522,0,62434.330,0,4923.761,18055,35994,1.750,1.480,0.840,4,1,79.028,0,0,11,36,0,10,0
19-06 02:01:40,24.466,6.741,51.428,14.979,0,1610040,579932,182868,5541168,11909.283,8441.152,0,52206.720,0,4261.019,17524,34709,1.750,1.480,0.840,1,2,77.891,0,0,11,37,0,10,0
19-06 02:01:41,25.281,6.258,52.315,13.767,0,1607356,583356,182908,5540352,13163.345,9469.759,0,53862.883,0,4546.646,18887,37482,1.750,1.480,0.840,6,0,24.030,0,0,11,37,0,10,0
19-06 02:01:42,29.468,6.243,48.697,13.236,0,1602260,589868,182912,5538956,9685.469,6311.138,0,38669.954,0,3593.093,16316,30842,1.770,1.490,0.840,1,1,53.941,0,0,11,36,0,10,0
19-06 02:01:43,37.290,10.011,46.049,5.506,0,1516600,675256,182948,5539184,5750.145,3149.366,0,42457.374,0,2812.005,10339,18860,1.770,1.490,0.840,1,0,128.137,0,0,11,33,0,11,0
19-06 02:01:44,15.708,5.485,77.046,0.499,0,1515180,676620,182948,5539240,12428.017,9326.249,0,2325.828,0,124.669,4197,4806,1.770,1.490,0.840,0,0,101.730,0,0,11,33,0,11,0
19-06 02:01:45,13.749,1.750,82.495,0.500,0,1502140,689624,182948,5539276,13044.278,9477.475,0,951.947,0,54.997,3974,5343,1.770,1.490,0.840,0,0,0,0,0,11,33,0,11,0
19-06 02:01:46,18.756,5.252,74.775,0,0,1449108,742644,182948,5539288,9352.176,4523.536,0,436.148,0,27.009,2936,2762,1.770,1.490,0.840,1,0,55.019,0,0,11,32,0,12,0
19-06 02:01:47,16.489,2.249,80.697,0.250,0,1490488,701260,182948,5539292,7792.890,3806.504,0,1255.177,0,37.975,1554,1152,1.630,1.470,0.840,1,0,0,0,0,11,33,0,12,0
19-06 02:01:48,18.008,2.501,78.786,0,0,1480640,710964,182948,5539436,11692.348,7942.633,0,444.203,0,26.012,3048,3591,1.630,1.470,0.840,1,0,1.000,0,0,11,32,0,13,0
19-06 02:01:49,20.509,5.252,73.283,0,0,1416020,775584,182948,5539436,4213.892,1566.703,0,480.216,0,30.013,2148,1530,1.630,1.470,0.840,1,0,34.015,0,0,11,32,0,13,0
19-06 02:01:50,15.244,1.749,81.968,0.250,0,1427632,763780,182948,5539628,10432.976,7337.170,0,475.816,0,33.987,1936,1953,1.630,1.470,0.840,2,0,0,0,0,11,33,0,13,0
19-06 02:01:51,20.307,6.017,72.455,0.501,0,1407668,783732,182948,5539640,5209.739,2454.945,0,3473.828,0,224.636,3469,3748,1.630,1.470,0.840,1,0,60.170,0,0,11,32,0,14,0
19-06 02:01:52,17.691,1.993,79.485,0,0.249,1442952,748360,182948,5539728,10174.103,6571.107,0,382.725,0,9.967,1910,1679,1.580,1.460,0.840,1,0,0,0,0,11,33,0,14,0
19-06 02:01:53,17.543,3.007,77.690,0,0,1384684,806556,182948,5539788,10539.768,6812.656,0,144.353,0,9.022,3292,3711,1.580,1.460,0.840,2,0,17.042,0,0,11,32,0,15,0
19-06 02:01:54,21.760,4.252,73.784,0.250,0,1452368,738872,182948,5539788,4760.179,1458.668,0,116.053,0,7.003,1945,1365,1.580,1.460,0.840,1,0,26.012,0,0,11,32,0,15,0
19-06 02:01:55,13.994,1.749,82.962,0.250,0,1461476,729624,182948,5539928,12142.396,8680.994,0,123.943,0,10.995,2196,2279,1.580,1.460,0.840,1,0,0,0,0,11,33,0,15,0
19-06 02:01:56,12.746,6.248,79.727,0,0,1426452,764592,182948,5539984,9249.382,5419.466,0,255.928,0,20.994,3638,3830,1.580,1.460,0.840,1,0,110.969,0,0,11,32,0,16,0
19-06 02:01:57,19.215,24.706,55.151,0.499,0,1428100,762616,182964,5540296,5030.954,1617.092,0,2208.030,0,73.867,7040,6444,1.770,1.500,0.850,3,0,683.771,0,0,11,32,0,22,0
19-06 02:01:58,63.181,11.737,23.474,0,0,1559112,631072,182984,5540808,4674.915,1618.240,0,259.717,0,14.984,3980,1914,1.770,1.500,0.850,3,0,4.995,0,0,11,32,0,22,0
19-06 02:01:59,66.006,9.251,24.002,0,0,1707076,479648,183100,5543836,4740.461,1662.162,0,3688.359,0,137.013,4117,1950,1.770,1.500,0.850,3,0,0,0,0,11,32,0,22,0
19-06 02:02:00,55.115,7.232,31.423,4.738,0,1800196,379128,183240,5550568,4939.871,1508.297,0,17329.450,0,1225.990,8959,11997,1.770,1.500,0.850,7,0,86.787,0,0,11,38,0,22,0
19-06 02:02:01,24.151,8.805,47.295,17.107,0,1795304,371344,183364,5562644,4893.511,1575.825,0,106757.644,0,7559.132,26635,53887,1.770,1.500,0.850,2,0,235.468,0,0,11,38,0,22,0
19-06 02:02:02,20.243,7.247,53.231,15.744,0,1794740,362804,183432,5571372,5038.200,1619.422,0,84493.819,0,6388.718,22799,44664,1.950,1.540,0.870,3,0,188.933,0,0,11,38,0,22,0
19-06 02:02:03,39.013,10.003,35.762,14.505,0,1728124,418740,183568,5581524,5401.813,1620.544,0,70135.537,0,5502.847,20285,40215,1.950,1.540,0.870,4,0,255.086,0,0,11,36,0,22,0
19-06 02:02:04,43.628,9.972,30.415,13.712,0,1785508,351484,183628,5591016,5085.755,1615.475,0,84495.332,0,5840.641,19576,39123,1.950,1.540,0.870,3,0,66.813,0,0,11,36,0,22,0
19-06 02:02:05,38.847,10.025,33.584,15.539,0,1828888,296812,183672,5601820,5527.784,1136.835,0,104889.547,0,7076.646,21237,46674,1.950,1.540,0.870,3,1,38.095,0,0,11,38,0,22,0
19-06 02:02:06,36.489,9.247,37.988,13.496,0,1765000,357052,183712,5605292,4239.708,323.901,0,71522.213,0,5464.335,19767,39547,1.950,1.540,0.870,2,2,176.946,0,0,11,36,0,22,0
19-06 02:02:07,32.987,10.746,53.729,1.749,0,1483452,638488,183712,5605392,6057.660,1619.375,0,13914.625,0,872.663,5977,7447,1.870,1.530,0.870,1,0,254.902,0,0,11,32,0,22,0
19-06 02:02:08,21.938,4.487,72.793,0.249,0,1487116,634824,183712,5605392,4666.751,1615.414,0,913.407,0,55.841,1928,1501,1.870,1.530,0.870,1,0,1.994,0,0,11,32,0,22,0
19-06 02:02:09,23.532,2.754,72.599,0.501,0,1537676,584264,183712,5605392,3983.436,1459.992,0,2787.805,0,165.225,2212,2047,1.870,1.530,0.870,1,0,2.003,0,0,11,36,0,22,0
19-06 02:02:10,22.792,3.757,73.136,0,0,1425704,696228,183712,5605400,4388.155,1623.016,0,164.305,0,12.022,2424,1840,1.870,1.530,0.870,1,0,27.050,0,0,11,32,0,22,0
19-06 02:02:11,21.996,3.499,73.486,0,0,1480592,641340,183712,5605400,4176.229,1457.731,0,55.990,0,5.999,1774,1242,1.870,1.530,0.870,1,0,1.000,0,0,11,32,0,22,0
19-06 02:02:12,22.502,3.000,74.005,0,0,1528524,593400,183712,5605404,4320.311,1620.117,0,120.009,0,16.001,1912,1519,1.800,1.520,0.870,1,0,2.000,0,0,11,34,0,22,0
19-06 02:02:13,17.503,21.504,60.262,0,0,1468004,653768,183716,5605552,4638.914,1458.287,0,716.141,0,46.009,5448,4960,1.800,1.520,0.870,3,0,596.118,0,0,11,32,0,22,0
19-06 02:02:14,10.502,32.505,55.758,0,0,1457460,664244,183716,5605620,4458.675,1458.221,0,316.048,0,28.004,7483,6793,1.800,1.520,0.870,2,0,944.143,0,0,11,32,0,22,0
19-06 02:02:15,9.004,20.508,68.528,0.500,0,1453680,667936,183716,5605708,4982.012,1620.655,0,7122.877,0,354.143,6721,6178,1.800,1.520,0.870,1,0,491.198,0,0,11,32,0,22,0
19-06 02:02:16,9.242,20.732,68.692,0.250,0,1418892,702676,183716,5605744,4932.822,1618.629,0,1950.348,0,104.911,6031,4899,1.800,1.520,0.870,1,0,414.649,0,0,11,32,0,22,0
19-06 02:02:17,23.265,15.260,61.289,0,0,1422352,699188,183720,5606096,4743.048,1621.042,0,92.059,0,8.005,6445,8026,1.980,1.560,0.890,3,0,218.140,0,0,11,32,0,22,0
19-06 02:02:18,43.137,10.971,45.381,0,0,1513200,608220,183724,5606324,5569.382,1709.513,0,63.832,0,2.992,3206,1870,1.980,1.560,0.890,2,0,72.809,0,0,11,33,0,22,0
19-06 02:02:19,49.245,4.750,44.746,0,0.250,1601356,520020,183740,5606348,4457.569,1457.859,0,1887.817,0,227.978,3481,2541,1.980,1.560,0.890,3,0,16.998,0,0,11,49,0,22,0
19-06 02:02:20,49.906,9.781,40.126,0,0,1667812,449060,183796,5610392,4694.712,1625.093,4.013,1617.067,1.003,155.487,5191,18535,1.980,1.560,0.890,2,0,55.173,0,0,11,48,0,23,0
19-06 02:02:21,11.211,18.436,68.012,0,0,1661384,455436,183800,5610772,4840.066,1614.352,0,195.317,0,12.955,6563,6846,1.980,1.560,0.890,1,0,384.654,0,0,11,48,0,23,0
19-06 02:02:22,11.249,6.249,81.489,0.500,0,1658428,458320,183800,5610428,4277.434,1457.807,0,999.868,0,16.998,3692,5156,1.900,1.560,0.890,0,0,88.988,0,0,11,48,0,23,0
19-06 02:02:23,0.500,0.750,97.491,0,0,1658060,458688,183800,5610428,5279.493,1619.844,0,363.965,0,20.998,841,1102,1.900,1.560,0.890,0,0,3.000,0,0,11,48,0,22,0
19-06 02:02:24,0.750,0.500,98.209,0,0,1656612,460136,183800,5610428,4216.254,1457.396,0,55.977,0,3.998,741,943,1.900,1.560,0.890,0,0,2.999,0,0,11,48,0,22,0
19-06 02:02:25,0.250,0.250,98.547,0,0,1655344,461404,183800,5610428,4682.250,1620.779,0,0,0,0,680,925,1.900,1.560,0.890,0,0,1.000,0,0,11,48,0,22,0
19-06 02:02:26,2.750,4.500,91.752,0,0,1618264,498496,183800,5610416,4475.083,1458.027,0,0,0,0,1794,1733,1.900,1.560,0.890,0,0,50.001,0,0,11,48,0,22,0
19-06 02:02:27,18.229,15.732,64.676,0,0,1637132,479492,183800,5610560,4153.271,1456.342,0,0,0,0,5346,8268,1.750,1.530,0.890,3,0,275.686,0,0,11,48,0,16,0
19-06 02:02:28,11.793,18.819,68.753,0,0,1673256,443328,183800,5610608,4873.927,1864.859,0,658.422,0,8.030,5823,5162,1.750,1.530,0.890,1,0,392.443,0,0,12,48,0,16,0
19-06 02:02:29,28.403,11.959,57.553,0.249,0,1666560,450028,183800,5610596,4084.011,1453.023,0,414.580,0,34.881,6827,9133,1.750,1.530,0.890,0,0,223.235,0,0,12,64,0,16,0
19-06 02:02:30,5.019,8.533,85.833,0,0,1676828,439736,183804,5610624,4053.707,1463.671,0,216.840,0,10.039,2602,2677,1.750,1.530,0.890,2,0,179.696,0,0,12,64,0,16,0
19-06 02:02:31,17.455,14.213,66.329,0,0,1662240,454272,183804,5610652,4335.806,1615.828,0,3.990,0,0.997,6164,8407,1.750,1.530,0.890,0,0,225.418,0,0,14,64,0,14,0
19-06 02:02:32,10.027,19.052,70.441,0,0,1648524,467912,183804,5610724,4813.017,1624.393,0,228.618,0,24.065,6431,5819,1.770,1.540,0.890,3,0,540.462,0,0,14,66,0,14,0
19-06 02:02:33,16.698,16.449,65.298,0,0,1663748,452536,183804,5611220,5102.249,1495.384,0,2300.897,0,40.874,6807,8809,1.770,1.540,0.890,1,0,289.108,0,0,14,66,0,14,0
19-06 02:02:34,27.073,24.065,47.878,0,0,1735976,380256,183812,5610900,4933.233,1708.583,0,437.173,0,12.032,6721,5653,1.770,1.540,0.890,2,0,560.503,0,0,14,66,0,14,0
19-06 02:02:35,29.749,24.500,45.249,0,0,1781424,334592,183856,5611072,4619.919,1619.972,0,39.999,0,8.000,6919,5771,1.770,1.540,0.890,2,0,626.989,0,0,14,66,0,14,0
19-06 02:02:36,35.664,21.947,41.400,0,0,1893356,221156,183892,5612752,4745.588,1616.114,0,31.923,0,7.981,6631,11554,1.770,1.540,0.890,3,0,412.009,0,0,14,70,0,16,0
19-06 02:02:37,60.330,22.187,16.454,0,0,1992040,140172,178884,5600344,5085.670,1615.448,19.944,39.888,2.992,6.980,5031,5085,2.110,1.610,0.920,5,0,431.783,0,0,14,70,0,16,0
19-06 02:02:38,68.709,20.563,10.532,0,0,2081104,168156,169368,5495724,5057.419,1715.229,192.587,1011.083,5.015,70.214,7015,9330,2.110,1.610,0.920,4,0,332.012,0,0,14,70,0,16,0
19-06 02:02:39,70.666,25.720,4.744,0.499,0,2219736,164392,168832,5364304,4616.528,1618.082,483.427,2269.310,21.974,75.910,5325,4954,2.110,1.610,0.920,8,0,515.389,0,0,14,70,0,15,0
19-06 02:02:40,77.074,19.331,1.506,0.251,0,2357968,133024,169396,5259116,4778.084,1464.154,743.124,992.170,81.342,51.215,6712,8043,2.110,1.610,0.920,6,0,213.899,0,0,14,74,0,15,0
19-06 02:02:41,66.731,26.492,4.749,1.999,0,2497612,188212,169032,5069132,4155.804,1619.534,575.834,26592.348,18.995,1682.516,11848,20243,2.110,1.610,0.920,7,1,408.882,0,0,14,76,0,15,0
19-06 02:02:42,68.865,23.205,6.487,0.749,0,2596504,156892,169156,5003512,4329.532,1455.154,383.250,17785.214,19.961,1616.838,14531,27194,2.980,1.800,0.990,4,0,306.401,0,0,14,76,0,15,0
19-06 02:02:43,74.556,19.515,5.504,0.250,0,2687140,138280,169164,4932576,4323.252,1621.219,480.361,1721.295,12.009,67.050,7763,11518,2.980,1.800,0.990,6,0,377.284,0,0,14,84,0,21,0
19-06 02:02:44,53.060,25.779,19.772,0.250,0,2774272,189068,169164,4797404,4403.000,1459.658,8.009,12325.999,2.002,564.641,9721,14151,2.980,1.800,0.990,3,0,535.608,0,0,14,89,0,29,0
19-06 02:02:45,45.389,17.208,36.910,0.249,0,2843024,189712,169168,4729964,4608.761,1616.059,1971.193,921.752,19.951,48.881,7154,8728,2.980,1.800,0.990,5,0,260.365,0,0,14,91,0,29,0
19-06 02:02:46,65.223,10.496,22.990,0.250,0,2990336,179724,169172,4596052,4717.040,1241.484,1135.528,727.698,13.994,33.986,5446,7426,2.980,1.800,0.990,2,0,70.971,0,0,14,94,0,33,0
19-06 02:02:47,21.546,15.533,62.134,0.501,0,3026592,142292,169192,4597196,3443.417,757.632,8.017,4221.092,2.004,240.518,5784,5654,2.820,1.790,0.990,1,0,261.563,0,0,14,97,0,34,0
19-06 02:02:48,8.495,18.740,70.462,0,0,3034404,134428,169192,4597232,5055.300,1457.222,0,2758.527,0,10.994,5653,4242,2.820,1.790,0.990,2,0,359.808,0,0,14,97,0,33,0
19-06 02:02:49,8.239,20.473,69.908,0.250,0,3020772,214152,169192,4532240,5019.384,1653.820,3.995,183.758,0.999,12.983,5833,4531,2.820,1.790,0.990,1,0,369.513,0,0,14,97,0,33,0
19-06 02:02:50,22.229,3.247,73.431,0,0,3098128,136788,169196,4532244,4647.623,1510.578,7.992,31.970,1.998,3.996,1772,1229,2.820,1.790,0.990,1,0,0,0,0,14,97,0,33,0
19-06 02:02:51,16.254,2.501,80.019,0,0,3104612,130248,169196,4532300,10717.545,7942.886,40.010,236.056,4.001,22.005,2498,2735,2.820,1.790,0.990,1,0,0,0,0,14,100,0,33,0
19-06 02:02:52,19.749,6.250,73.498,0,0.250,3102772,200212,169196,4466008,21900.420,18810.502,0,155.996,0,8.000,2534,1760,2.680,1.770,0.990,1,0,62.998,0,0,14,99,0,32,0
19-06 02:02:53,18.011,2.752,78.547,0.250,0,3148676,154252,169196,4466064,6774.035,3939.347,24.014,172.103,6.004,22.013,1952,1741,2.680,1.770,0.990,3,0,1.001,0,0,14,102,0,32,0
19-06 02:02:54,20.477,3.246,74.165,0.499,0,3152348,150344,169208,4466292,8557.249,5704.500,35.959,667.240,2.997,47.945,2693,2801,2.680,1.770,0.990,1,0,1.998,0,0,14,108,0,32,0
19-06 02:02:55,25.079,4.765,66.208,2.006,0,3158664,143324,169208,4466964,4514.205,1667.246,288.909,2066.503,18.057,247.780,5666,8605,2.680,1.770,0.990,1,0,3.009,0,0,14,111,0,32,0
19-06 02:02:56,25.682,9.475,63.333,0.249,0,3183260,185800,169208,4401988,5968.250,2891.370,0,857.737,0,74.803,4087,3931,2.680,1.770,0.990,2,0,114.697,0,0,14,114,0,33,0
19-06 02:02:57,28.014,4.502,66.532,0.250,0,3271584,163308,169208,4337824,10264.999,7064.440,72.035,548.267,6.003,38.019,3118,2860,2.540,1.760,0.990,1,0,1.000,0,0,14,117,0,33,0
19-06 02:02:58,19.752,2.750,75.757,0.750,0,3273620,161216,169208,4337880,5762.499,3328.288,0,1908.165,0,122.011,3022,3723,2.540,1.760,0.990,1,0,3.000,0,0,14,119,0,33,0
19-06 02:02:59,33.497,9.749,54.995,0.250,0,3233276,266564,169212,4274444,5749.459,2861.731,0,1583.851,0,144.986,6247,6692,2.540,1.760,0.990,2,0,96.991,0,0,14,122,0,34,0
19-06 02:03:00,44.371,7.520,48.382,0.251,0,3366728,132968,169212,4274588,4799.066,1570.275,0,505.376,0,34.093,3065,1684,2.540,1.760,0.990,2,0,5.014,0,0,14,122,0,27,0
19-06 02:03:01,22.671,3.239,72.746,0.498,0,3368148,192064,169212,4215204,28791.591,25068.575,47.833,1534.648,2.990,89.687,2360,1921,2.540,1.760,0.990,1,0,5.979,0,0,14,122,0,28,0
19-06 02:03:02,20.320,5.519,73.252,0,0,3403892,156248,169212,4215276,4955.077,1505.188,8.028,128.443,2.007,13.045,2432,1946,2.420,1.750,0.990,1,0,55.190,0,0,14,122,0,28,0
19-06 02:03:03,15.467,2.495,81.824,0,0,3414620,145508,169216,4215284,12221.732,22756.090,3.991,1624.508,0.998,10.976,1819,1528,2.420,1.750,0.990,0,0,0,0,0,14,123,0,28,0
19-06 02:03:04,19.976,4.994,73.161,0.250,0,3379668,180444,169216,4215300,21964.139,3834.311,0,1430.251,0,73.910,2411,2053,2.420,1.750,0.990,2,0,50.938,0,0,14,122,0,29,0
19-06 02:03:05,17.504,2.251,79.268,0,0,3408340,151772,169216,4215300,12019.684,7339.639,0,5033.124,0,471.105,2047,1374,2.420,1.750,0.990,1,0,0,0,0,14,123,0,29,0
19-06 02:03:06,21.700,6.735,69.590,0.998,0,3371448,188524,169216,4215440,8026.554,3549.842,39.908,1987.433,3.991,159.633,4816,5728,2.420,1.750,0.990,2,0,86.801,0,0,14,124,0,31,0
19-06 02:03:07,24.801,4.760,69.142,0.251,0,3384792,219936,169216,4171344,5265.824,1378.834,0,517.063,0,28.058,2962,2974,2.300,1.740,0.990,1,0,3.006,0,0,14,125,0,31,0
19-06 02:03:08,15.505,1.501,82.528,0,0,3310116,294608,169216,4171348,27793.574,24724.517,0,364.125,0,19.007,1858,1553,2.300,1.740,0.990,2,0,2.001,0,0,14,124,0,32,0
19-06 02:03:09,20.232,5.995,72.686,0,0,3380020,224684,169216,4171368,4258.252,1618.575,0,331.708,0,18.983,2275,1685,2.300,1.740,0.990,1,0,53.953,0,0,14,124,0,32,0
19-06 02:03:10,12.761,2.502,83.074,0.250,0,3395088,209524,169220,4171456,11273.021,8225.312,60.053,1357.207,7.006,88.078,1995,2204,2.300,1.740,0.990,3,1,0,0,0,14,125,0,32,0
19-06 02:03:11,26.494,4.999,64.486,1.750,0,3391492,212740,169224,4171832,4636.000,2661.426,131.972,3119.327,8.998,368.920,7870,12397,2.300,1.740,0.990,1,0,1.000,0,0,14,126,0,33,0
19-06 02:03:12,20.753,5.501,72.762,0.250,0,3413800,190348,169224,4171916,5944.974,1818.298,0,860.141,0,47.008,2521,1939,2.200,1.720,0.990,1,0,53.009,0,0,14,125,0,34,0
19-06 02:03:13,16.249,2.750,79.997,0,0,3438816,165324,169228,4171920,10563.554,7372.689,0,615.974,0,44.998,1918,1846,2.200,1.720,0.990,2,0,0,0,0,14,126,0,34,0
19-06 02:03:14,18.243,2.999,77.471,0.500,0,3432104,171996,169228,4171976,9693.421,5938.807,15.994,3410.741,1.000,378.860,3529,4492,2.200,1.720,0.990,2,0,0,0,0,14,126,0,34,0
19-06 02:03:15,36.250,6.750,54.499,1.000,0,3421036,182816,169228,4172224,5121.945,2377.974,0,1943.979,0,204.998,10636,17103,2.200,1.720,0.990,1,0,1.000,0,0,14,127,0,35,0
19-06 02:03:16,20.513,7.005,71.547,0,0,3397212,206596,169228,4172268,4986.251,1567.022,0,544.355,0,28.018,2767,2185,2.200,1.720,0.990,1,0,77.050,0,0,14,127,0,35,0
19-06 02:03:17,17.539,2.004,79.676,0.251,0,3416688,187112,169236,4172268,11150.577,7926.471,0,569.255,0,40.088,1878,1696,2.020,1.690,0.980,1,0,1.002,0,0,14,131,0,35,0
19-06 02:03:18,16.961,7.483,73.582,1.247,0,3397884,205852,169240,4172328,8188.282,4873.859,3.991,5543.328,0.998,386.117,4828,6368,2.020,1.690,0.980,1,0,147.662,0,0,14,129,0,36,0
19-06 02:03:19,20.748,3.000,74.992,0,0,3465852,137876,169240,4172336,5103.434,2971.670,0,1027.886,0,22.997,1747,1285,2.020,1.690,0.980,1,0,0,0,0,14,130,0,36,0
19-06 02:03:20,16.052,4.515,79.008,0,0,3458916,144776,169240,4175388,14938.708,11457.357,24.079,389.269,2.007,20.065,3007,6172,2.020,1.690,0.980,6,0,36.118,0,0,14,130,0,36,0
19-06 02:03:21,30.151,4.734,62.295,0.748,0,3452356,151104,169244,4172600,5619.496,1626.644,15.947,1574.814,0.997,175.422,8867,16554,2.020,1.690,0.980,1,0,0,0,0,14,130,0,37,0
19-06 02:03:22,36.611,8.275,52.911,0.752,0,3454524,148356,169260,4173164,6036.350,3109.452,421.281,1139.464,69.210,108.329,10590,17163,2.180,1.730,1,7,0,4.012,0,0,14,131,0,38,0
19-06 02:03:23,37.124,12.707,48.585,0.249,0,3392928,209644,169260,4173408,4452.922,1482.979,15.946,1339.465,0.997,119.595,8110,10649,2.180,1.730,1,1,0,287.028,0,0,14,133,0,38,0
19-06 02:03:24,17.253,2.500,79.012,0,0,3428204,174364,169260,4173412,9699.452,7152.071,0,548.082,0,32.005,1811,1536,2.180,1.730,1,1,0,0,0,0,14,134,0,37,0
19-06 02:03:25,17.563,8.530,72.759,0.251,0,3377508,225036,169260,4173436,6057.592,3004.710,0,5965.263,0,488.742,4122,3679,2.180,1.730,1,1,0,179.640,0,0,14,133,0,39,0
19-06 02:03:26,9.475,20.695,68.817,0.249,0,3339352,263156,169260,4173472,4532.928,1615.697,3.989,223.405,0.997,20.944,6091,4834,2.180,1.730,1,1,0,401.930,0,0,14,133,0,39,0
19-06 02:03:27,21.526,14.517,62.574,0,0,3361352,241144,169260,4173488,4357.178,1513.799,0,128.152,0,11.013,6727,8704,2.250,1.750,1.010,2,0,236.281,0,0,14,133,0,39,0
19-06 02:03:28,31.024,23.268,45.035,0,0,3418224,184196,169260,4173564,4693.611,1733.334,16.012,432.333,1.001,30.023,6722,5870,2.250,1.750,1.010,2,0,513.395,0,0,14,133,0,39,0
19-06 02:03:29,33.884,16.693,48.335,0,0,3453184,148920,169276,4174308,4719.856,1560.662,43.850,669.709,3.986,42.853,7224,10057,2.250,1.750,1.010,1,0,321.899,0,0,14,139,0,39,0
19-06 02:03:30,51.166,24.460,23.462,0,0,3562252,180376,169284,4035908,4760.197,1617.349,79.869,551.097,5.990,12.979,8214,11237,2.250,1.750,1.010,7,0,492.193,0,0,16,141,0,39,0
19-06 02:03:31,57.083,24.141,18.357,0.503,0,3697912,139784,169288,3941720,4545.515,1629.505,96.563,889.187,4.023,59.346,7303,9504,2.250,1.750,1.010,3,0,417.435,0,0,16,149,0,39,0
19-06 02:03:32,45.926,22.214,30.950,0.250,0,3783008,153036,169288,3844628,4914.042,1617.381,7.987,403.347,1.997,23.961,9367,12920,2.230,1.760,1.020,3,0,422.316,0,0,16,161,0,39,0
19-06 02:03:33,34.993,23.246,40.492,0,0,3834968,156432,169288,3790516,4409.160,899.829,0,599.886,0,14.997,15024,5661,2.230,1.760,1.020,3,0,567.892,0,0,16,161,0,39,0
19-06 02:03:34,23.955,16.469,58.639,0,0,3838532,208108,169288,3736696,4739.004,1185.749,11.977,662.742,2.994,24.953,6826,8904,2.230,1.760,1.020,2,0,290.449,0,0,17,161,0,39,0
19-06 02:03:35,30.606,22.829,45.658,0,0,3911736,163280,169292,3708968,3833.273,1083.753,4.014,152.528,1.003,12.042,6778,5837,2.230,1.760,1.020,4,0,510.769,0,0,17,163,0,39,0
19-06 02:03:36,39.567,16.922,42.305,0,0,3964316,150412,169296,3670084,4872.512,1520.980,19.908,457.887,3.982,26.876,6999,9406,2.230,1.760,1.020,2,0,293.645,0,0,17,169,0,39,0
19-06 02:03:37,33.159,25.623,41.197,0,0,4034768,147996,169296,3603648,4614.068,1519.266,48.231,100.481,3.014,9.043,7957,9058,2.370,1.800,1.030,2,0,673.220,0,0,17,169,0,37,0
19-06 02:03:38,39.727,28.233,30.232,0.250,0,4165984,176528,169300,3447148,4931.103,1565.081,23.986,943.446,5.996,58.965,10391,17568,2.370,1.800,1.030,3,0,612.640,0,0,17,181,0,37,0
19-06 02:03:39,17.446,17.695,63.302,0,0,4174112,168624,169300,3447088,3927.731,1076.637,3.988,538.318,0.997,44.860,5356,6577,2.370,1.800,1.030,3,0,357.882,0,0,17,187,0,37,0
19-06 02:03:40,40.486,15.245,42.485,1.250,0,4256916,135040,169724,3398496,4900.253,1569.440,9420.641,903.678,180.935,50.982,6369,7172,2.370,1.800,1.030,2,0,204.927,0,0,17,187,1,37,0
19-06 02:03:41,43.771,8.254,47.273,0.250,0,4375432,142016,169724,3276184,3964.915,1710.826,212.102,4178.018,5.002,36.017,3098,1988,2.370,1.800,1.030,2,0,1.000,0,0,17,187,1,37,0
19-06 02:03:42,42.126,6.770,49.899,0,0,4476908,169596,169740,3150740,4485.410,1590.756,220.660,332.996,8.024,37.111,3498,2937,2.340,1.800,1.040,1,1,19.057,0,0,17,208,1,37,0
19-06 02:03:43,32.010,20.756,45.514,0.750,0,4391880,254552,169752,3150864,4321.350,1784.557,40.012,736.230,4.001,51.016,6660,6346,2.340,1.800,1.040,3,0,486.152,0,0,17,207,1,37,0
19-06 02:03:44,33.620,24.406,39.597,0,0,4446940,197624,169760,3153076,10451.712,7251.049,896.544,1330.870,15.939,150.420,7898,9643,2.340,1.800,1.040,2,0,534.938,0,0,17,208,1,37,0
19-06 02:03:45,58.314,17.269,24.527,0,0,4473512,168976,169768,3155116,7738.507,4737.207,88.097,1237.360,9.010,25.028,6886,8734,2.340,1.800,1.040,5,0,235.259,0,0,17,210,1,23,0
19-06 02:03:46,75.194,15.039,9.023,0.251,0,4622400,175912,169780,3003520,6193.997,1941.013,1383.573,16699.129,41.106,869.245,5329,4163,2.340,1.800,1.040,2,0,24.062,0,0,17,224,2,23,0
19-06 02:03:47,53.974,11.744,28.237,4.748,0,4675820,172256,169868,2955644,14587.108,11278.671,6452.951,1983.063,520.754,152.928,6614,8173,2.390,1.820,1.050,2,0,27.987,0,0,17,225,1,27,0
19-06 02:03:48,39.532,24.269,35.028,0,0,4675344,201880,169872,2927044,7250.813,2629.108,56.045,596.478,5.004,37.030,7881,8842,2.390,1.820,1.050,5,0,552.443,0,0,17,227,1,29,0
19-06 02:03:49,40.953,17.979,39.954,0.499,0,4741532,134192,169876,2928572,9810.736,7324.591,11.986,10248.234,2.997,103.881,6509,9017,2.390,1.820,1.050,5,0,290.666,0,0,17,228,1,24,0
19-06 02:03:50,48.005,26.503,24.503,0.250,0,4786096,151188,169876,2867636,9993.022,6848.700,264.027,2932.300,19.002,176.018,8169,9136,2.390,1.820,1.050,6,0,565.058,0,0,17,227,1,26,0
19-06 02:03:51,64.814,19.269,14.264,0.250,0,4821372,145912,169896,2838144,4581.542,1621.608,1213.203,548.544,59.059,28.028,6322,11147,2.390,1.820,1.050,9,0,235.233,0,0,17,229,1,28,0
19-06 02:03:52,48.240,26.245,24.495,0,0,4876608,154928,169904,2775140,11719.553,9483.020,139.971,351.927,2.999,21.995,7398,7752,2.360,1.820,1.050,3,0,542.887,0,0,17,232,1,28,0
19-06 02:03:53,56.600,20.695,21.942,0.499,0,4894956,171972,169916,2740928,8860.467,4881.036,578.464,1404.270,31.915,97.740,9531,15542,2.360,1.820,1.050,4,0,266.293,0,0,17,241,1,29,0
19-06 02:03:54,63.685,18.052,17.802,0.251,0,5029296,158500,169920,2623088,6219.080,3920.397,248.723,381.108,17.050,20.058,5515,4821,2.360,1.820,1.050,2,0,172.501,0,0,17,242,1,29,0
19-06 02:03:55,55.504,9.707,33.104,0.249,0,5100132,130524,169928,2581284,19914.900,15830.966,1326.133,1063.296,28.872,49.780,9311,18317,2.360,1.820,1.050,4,0,6.969,0,0,17,244,1,31,0
19-06 02:03:56,56.329,11.516,30.543,0.501,0,5127480,174564,169928,2512168,7848.966,4004.595,1582.211,616.862,84.118,58.081,5609,6071,2.360,1.820,1.050,3,0,17.024,0,0,17,250,1,34,0
19-06 02:03:57,47.127,17.297,34.092,0.752,0,5147600,176024,170052,2491640,12958.918,10298.750,4319.639,1579.255,65.176,78.211,6529,6557,2.250,1.810,1.050,2,0,306.827,0,0,17,252,1,33,0
19-06 02:03:58,45.498,26.249,26.749,0.250,0.250,5081720,241408,170052,2492068,8125.633,4311.806,863.961,991.955,9.000,74.997,7348,8209,2.250,1.810,1.050,5,0,512.977,0,0,17,251,1,34,0
19-06 02:03:59,60.410,20.220,18.722,0,0,5161172,161884,170060,2492448,5898.165,3837.252,782.827,1018.474,8.987,38.942,6240,7530,2.250,1.810,1.050,4,0,268.598,0,0,18,252,1,34,0
19-06 02:04:00,78.005,15.001,6.000,0.750,0,5175672,228516,170060,2414412,14518.936,10175.656,2620.169,396.026,111.007,20.001,5297,3630,2.250,1.810,1.050,3,1,72.005,0,0,18,258,1,35,0
19-06 02:04:01,85.241,12.462,1.495,0.498,0,5310516,189988,170080,2321144,4714.701,1507.428,2045.795,2767.606,95.710,285.135,7015,7952,2.250,1.810,1.050,5,0,15.952,0,0,18,258,1,35,0
19-06 02:04:02,49.734,12.746,35.239,0.250,0,5350440,155480,170104,2316168,13421.724,11783.246,623.801,4126.685,13.996,95.969,6489,8983,2.150,1.800,1.050,2,0,226.928,0,0,18,267,1,36,0
19-06 02:04:03,37.525,10.507,51.034,0.250,0,5342836,193332,170104,2288472,12749.617,4837.269,768.519,672.454,6.004,60.041,3874,3035,2.150,1.800,1.050,2,0,13.009,0,0,18,269,1,37,0
19-06 02:04:04,35.756,7.751,55.510,0,0,5379440,166848,170108,2278512,1129307.082,23500.205,512.092,1132.203,4.001,32.006,4454,3586,2.150,1.800,1.050,2,0,8.001,0,0,18,272,1,37,0
19-06 02:04:05,34.888,8.283,55.720,0.502,0,5403044,170616,170108,2251736,11026150.467,122594.695,771.042,1212.785,6.024,60.238,8103,5770,2.150,1.800,1.050,1,0,7.028,0,0,18,271,1,36,0
19-06 02:04:06,35.110,13.695,48.307,0.498,0,5375376,191428,170112,2258556,4529329.125,42938.449,2282.879,505.978,26.893,36.853,6558,5171,2.150,1.800,1.050,2,0,262.949,0,0,18,274,1,36,0
19-06 02:04:07,32.747,4.250,62.244,0,0,5412816,163780,170112,2248940,15131.568,11868.876,0,15558.527,0,1269.880,3348,2365,1.980,1.770,1.050,1,0,2.000,0,0,18,278,1,36,0
19-06 02:04:08,33.050,4.757,61.092,0.250,0,5377608,198996,170112,2248952,16762.332,11457.315,64.097,604.914,4.006,59.089,4724,5992,1.980,1.770,1.050,2,0,6.009,0,0,18,281,1,38,0
19-06 02:04:09,20.955,4.490,70.847,0,0,5420224,260832,169304,2147500,411090.490,16363850.382,415.101,10684.854,22.950,67.853,4118,2922,1.980,1.770,1.050,0,0,0.998,0,0,18,281,1,37,0
19-06 02:04:10,26.126,5.275,67.826,0.502,0,5419612,259012,169312,2149932,10139870.654,94536.814,84.406,6467.113,8.039,254.223,14307,9753,1.980,1.770,1.050,0,1,1.005,0,0,18,286,1,37,0
19-06 02:04:11,34.007,7.502,56.762,0.500,0,5311480,353072,169316,2163968,6986871.471,152384.024,172.035,724.147,11.002,63.013,12292,7889,1.980,1.770,1.050,2,0,71.014,0,0,18,282,1,41,0
19-06 02:04:12,16.960,2.744,79.066,0.249,0,5344144,320312,169316,2164064,10108.433,7262.069,0,411.042,0,22.947,2028,1782,1.900,1.750,1.050,1,0,0,0,0,18,283,1,41,0
19-06 02:04:13,12.019,6.010,79.376,0.751,0,5298916,365496,169316,2164108,10133.086,6693.626,24.038,3834.087,3.005,252.401,3761,4607,1.900,1.750,1.050,2,0,108.172,0,0,18,282,1,42,0
19-06 02:04:14,15.947,12.458,70.265,0,0,5337376,326884,169316,2164260,3231.216,699.665,87.707,398.669,2.990,30.897,4751,4677,1.900,1.750,1.050,1,0,326.909,0,0,18,282,1,40,0
19-06 02:04:15,20.741,5.748,71.719,0,0,5374876,289372,169316,2164272,5087.799,1349.416,0,12106.763,0,32.986,2589,1894,1.900,1.750,1.050,2,0,60.974,0,0,18,282,1,40,0
19-06 02:04:16,11.046,20.083,68.032,0.502,0,5372448,291524,169328,2164536,4835.074,1592.612,216.901,16697.325,15.063,66.275,6609,5673,1.900,1.750,1.050,1,0,485.014,0,0,18,286,1,40,0
19-06 02:04:17,2.489,5.973,90.342,0,0,5366532,297388,169328,2164588,4881.951,1451.445,23.892,147.335,2.987,13.937,2483,2494,1.750,1.720,1.040,0,0,126.429,0,0,18,286,1,40,0
19-06 02:04:18,16.503,3.250,79.012,0,0,5404632,259288,169328,2164588,4936.748,1660.252,0,36.005,0,4.001,1904,1634,1.750,1.720,1.040,1,0,10.002,0,0,18,286,1,39,0
19-06 02:04:19,17.007,2.251,80.283,0,0,5425496,238416,169328,2164596,11048.528,7603.116,0,0,0,0,1809,1521,1.750,1.720,1.040,0,0,0,0,0,18,287,1,39,0
19-06 02:04:20,13.305,10.292,74.807,0.251,0,5389132,274452,169332,2164920,8479.806,4496.456,265.088,281.154,21.087,18.074,4542,4037,1.750,1.720,1.040,1,0,176.725,0,0,18,290,1,40,0
19-06 02:04:21,18.502,18.752,61.757,0.250,0,5359016,304072,169332,2165352,4677.497,1620.172,168.018,288.031,8.001,24.003,6291,11413,1.750,1.720,1.040,1,0,281.030,0,0,18,294,1,41,0
19-06 02:04:22,15.427,12.441,70.419,0,0,5342220,320644,169332,2165560,4405.269,1628.337,3.981,83.607,0.995,5.972,4403,3459,1.690,1.710,1.040,1,0,181.148,0,0,18,294,1,39,0
19-06 02:04:23,23.766,4.253,70.798,0.250,0,5379128,283736,169416,2165476,4609.152,1567.072,84.057,276.189,6.004,33.023,2374,2065,1.690,1.710,1.040,3,0,1.001,0,0,18,294,1,39,0
19-06 02:04:24,24.739,2.749,71.468,0.750,0,5429104,232220,169416,2167016,4797.818,1661.245,1443.344,699.682,37.983,64.970,2717,2789,1.690,1.710,1.040,2,0,4.998,0,0,18,300,1,39,0
19-06 02:04:25,23.490,2.999,72.720,0,0,5412864,248412,169416,2167064,4798.015,1619.330,23.990,175.927,3.998,9.996,2093,1658,1.690,1.710,1.040,2,0,4.998,0,0,18,296,1,39,0
19-06 02:04:26,22.970,3.495,72.155,0,0,5418388,242888,169416,2167064,4870.577,1617.867,0,83.889,0,6.991,2120,1757,1.690,1.710,1.040,2,0,0.999,0,0,18,296,1,36,0
19-06 02:04:27,11.517,1.753,85.125,0,0,5417308,243960,169416,2167072,13288.565,10405.320,0,132.195,0,13.019,2052,2102,1.630,1.700,1.040,1,0,2.003,0,0,18,299,1,37,0
19-06 02:04:28,18.259,1.000,79.538,0.250,0,5417296,243960,169416,2167084,14828.022,11664.524,32.015,264.125,2.001,20.009,2390,2336,1.630,1.700,1.040,1,0,2.001,0,0,18,296,1,38,0
19-06 02:04:29,22.255,5.751,71.515,0,0,5393312,267780,169416,2167248,4639.001,1458.315,0,272.059,0,25.005,2407,2065,1.630,1.700,1.040,1,0,15.003,0,0,18,296,1,38,0
19-06 02:04:30,24.968,1.997,71.908,0.250,0,5406796,254204,169416,2167340,5019.590,1564.003,79.898,359.541,3.995,40.948,2146,1786,1.630,1.700,1.040,4,0,0,0,0,18,296,1,38,0
19-06 02:04:31,9.017,19.537,69.382,0,0,5342624,317696,169436,2167984,4677.866,1514.871,781.481,424.805,20.038,13.025,5942,4902,1.630,1.700,1.040,1,0,407.773,0,0,18,296,1,38,0
19-06 02:04:32,17.986,8.993,71.944,0.500,0,5336516,323760,169456,2168008,4824.273,1498.842,23.981,203.843,3.997,8.993,3829,3149,1.580,1.690,1.040,2,0,191.852,0,0,18,296,1,38,0
19-06 02:04:33,18.305,2.758,78.237,0,0,5373308,285876,169500,2169056,11586.071,4641.048,4.012,657.992,1.003,22.067,2031,1792,1.580,1.690,1.040,3,0,17.052,0,0,18,297,1,38,0
19-06 02:04:34,23.174,3.987,71.016,0.249,0,5362836,290232,170100,2174428,4844.057,1626.646,0,1219.985,0,26.911,6288,10694,1.580,1.690,1.040,1,0,7.974,0,0,18,296,1,38,0
19-06 02:04:35,17.505,3.751,77.274,0,0,5368340,283660,170132,2175448,10170.099,3727.136,24.007,420.128,4.001,9.003,5523,9483,1.580,1.690,1.040,1,0,8.002,0,0,18,297,1,38,0
19-06 02:04:36,21.242,6.997,70.474,0,0,5370984,280636,170212,2175748,6200.679,2292.142,3.999,191.928,1.000,3.999,10571,19494,1.580,1.690,1.040,3,0,21.992,0,0,18,297,1,38,0
19-06 02:04:37,19.004,7.501,72.264,0.250,0,5346640,310884,170296,2169764,5229.043,1794.358,48.010,756.151,2.000,22.004,3062,2345,1.460,1.660,1.030,1,0,90.018,0,0,18,296,1,38,0
19-06 02:04:38,18.749,10.000,70.497,0.250,0,5352024,305484,170296,2169784,4765.821,1619.939,0,3887.854,0,489.982,3819,3254,1.460,1.660,1.030,1,0,179.993,0,0,18,296,1,38,0
19-06 02:04:39,16.990,1.499,79.955,0,0,5375060,282260,170296,2169972,7090.015,7196.955,0,71.960,0,5.997,1833,1623,1.460,1.660,1.030,0,0,0,0,0,18,297,1,38,0
19-06 02:04:40,17.334,5.778,76.120,0,0,5352140,305084,170296,2170072,12804.181,6173.983,217.054,285.386,7.034,23.112,3238,2983,1.460,1.660,1.030,2,0,107.522,0,0,18,296,0,41,0
19-06 02:04:41,21.658,4.481,72.691,0,0,5414328,242840,170296,2170204,4736.887,1613.151,0,959.924,0,110.531,2159,1812,1.460,1.660,1.030,1,0,9.958,0,0,18,296,0,41,0
19-06 02:04:42,16.551,4.012,79.245,0.251,0,5392496,264656,170296,2170220,13137.682,10342.025,0,148.460,0,10.031,2240,1922,1.420,1.650,1.030,3,0,24.075,0,0,18,296,0,42,0
19-06 02:04:43,21.989,5.997,70.964,0,0,5446484,210652,170304,2170228,4677.600,1619.169,0,611.686,0,93.952,2769,2601,1.420,1.650,1.030,2,0,45.976,0,0,18,296,0,42,0
19-06 02:04:44,15.734,2.498,79.920,0.500,0,5442268,214848,170304,2170248,17885.120,14499.504,3.996,379.620,0.999,36.963,2526,2921,1.420,1.650,1.030,2,0,0,0,0,18,299,0,42,0
19-06 02:04:45,20.545,5.512,72.660,0,0,5402356,254748,170304,2170260,4660.290,1593.518,0,124.274,0,8.018,2556,1962,1.420,1.650,1.030,1,0,56.124,0,0,18,298,0,43,0
19-06 02:04:46,17.417,2.488,79.370,0,0,5435172,221924,170304,2170268,11368.536,7298.037,0,728.510,0,10.948,1912,1660,1.420,1.650,1.030,1,0,0,0,0,18,299,0,42,0
19-06 02:04:47,19.271,4.004,76.083,0,0,5417724,239360,170304,2170280,9654.563,5972.535,0,96.105,0,7.008,2566,2124,1.390,1.640,1.030,1,0,32.035,0,0,18,298,0,45,0
19-06 02:04:48,22.995,2.999,72.735,0,0,5476068,181016,170304,2170280,5878.821,1619.675,0,27.994,0,3.999,2008,1483,1.390,1.640,1.030,1,0,1.000,0,0,18,298,0,45,0
19-06 02:04:49,11.245,1.749,85.964,0,0,5457780,199260,170304,2170324,13777.231,11397.227,31.987,171.928,1.999,16.993,1964,2093,1.390,1.640,1.030,0,0,0,0,0,18,299,0,45,0
19-06 02:04:50,19.507,5.502,73.777,0.250,0,5437636,219396,170304,2170332,6167.251,2553.932,100.037,336.123,6.002,29.011,2759,2630,1.390,1.640,1.030,1,0,47.017,0,0,18,298,0,38,0
19-06 02:04:51,17.975,1.748,78.642,0,0,5466880,190048,170304,2170436,10047.198,7203.105,0,147.797,0,9.986,1846,1554,1.390,1.640,1.030,2,0,0,0,0,18,299,0,38,0
19-06 02:04:52,19.847,4.271,75.116,0,0.251,5430740,226180,170304,2170444,8949.611,6158.008,0,156.764,0,8.039,2612,2052,1.350,1.630,1.030,1,0,32.157,0,0,18,298,0,41,0
19-06 02:04:53,18.245,2.999,76.730,0.250,0,5426236,230632,170304,2170496,6527.274,3905.967,0,271.928,0,24.993,2111,1948,1.350,1.630,1.030,0,0,0,0,0,18,299,0,41,0
19-06 02:04:54,12.974,1.746,84.079,0.249,0,5421644,235076,170304,2170644,13998.545,10179.309,0,954.061,0,70.856,2334,2719,1.350,1.630,1.030,1,0,0,0,0,18,298,0,42,0
19-06 02:04:55,8.737,7.988,79.880,1.498,0,5358024,297484,170836,2171324,9374.875,4075.859,1102.339,307.537,251.621,16.974,3626,3479,1.350,1.630,1.030,0,0,179.729,0,0,18,300,0,38,0
19-06 02:04:56,2.762,4.772,91.664,0.251,0,5354776,300684,170840,2171368,15651.623,3233.591,0,345.559,0,21.095,2132,2157,1.350,1.630,1.030,1,0,74.335,0,0,18,298,0,39,0
19-06 02:04:57,4.748,4.748,89.454,0,0,5346340,309112,170840,2171376,11506.026,5078.363,0,107.944,0,5.997,2232,2054,1.330,1.610,1.030,1,0,85.955,0,0,18,298,0,40,0
19-06 02:04:58,14.229,10.734,71.646,2.247,0,5359152,287364,170872,2180248,4631.258,1455.880,5148.505,439.360,392.429,24.964,4306,4133,1.330,1.610,1.030,0,1,178.740,0,0,18,298,0,40,0
19-06 02:04:59,21.451,3.243,72.834,1.247,0,5359976,276024,170976,2190500,4949.738,1857.773,2985.208,1281.085,209.523,23.946,2662,2579,1.330,1.610,1.030,0,0,16.961,0,0,18,298,1,33,0
19-06 02:05:00,12.487,2.248,83.662,0.499,0,5351088,281280,171024,2194052,15868.235,5934.730,83.911,907.042,4.995,35.962,1878,1905,1.330,1.610,1.030,2,0,1.998,0,0,18,298,0,33,0
19-06 02:05:01,15.068,14.064,69.063,1.005,0,5298452,330552,171168,2197240,5019.785,1627.387,1506.840,3556.142,29.132,117.533,5632,5506,1.330,1.610,1.030,1,0,309.404,0,0,18,298,0,33,0
19-06 02:05:02,24.221,3.496,71.664,0.250,0,5370664,258296,171168,2197284,4794.238,1618.055,39.952,195.765,3.995,12.984,2283,1886,1.300,1.600,1.030,3,0,3.995,0,0,18,298,0,33,0
19-06 02:05:03,15.271,3.004,80.859,0.250,0,5378148,250760,171168,2197336,28114.910,24150.564,16.022,196.265,1.001,22.030,2504,2715,1.300,1.600,1.030,1,0,3.004,0,0,18,298,0,32,0
19-06 02:05:04,24.663,4.733,69.008,0.249,0,5410944,217752,171168,2197548,4257.041,968.596,191.328,314.893,11.958,34.877,3086,2856,1.300,1.600,1.030,1,0,48.828,0,0,18,298,0,34,0
19-06 02:05:05,18.250,2.500,77.750,0.250,0,5433852,194832,171168,2197560,12031.979,7758.986,0,2143.996,0,136.000,2331,2530,1.300,1.600,1.030,0,0,1.000,0,0,18,299,0,34,0
19-06 02:05:06,21.248,3.250,74.994,0,0,5394204,234408,171168,2197632,9707.263,4172.683,63.995,11.999,4.000,1.000,2412,1984,1.300,1.600,1.030,1,0,13.999,0,0,18,298,0,36,0
19-06 02:05:07,20.250,2.250,76.249,0,0,5426952,201660,171168,2197632,8826.912,3423.966,0,51.999,0,2.000,1907,1471,1.190,1.580,1.030,0,0,0,0,0,18,299,0,34,0
19-06 02:05:08,17.502,2.750,77.757,0.750,0,5419576,206888,171168,2199780,9416.819,6042.526,2080.181,4476.389,79.007,522.045,4302,5676,1.190,1.580,1.030,4,0,2.000,0,0,18,299,0,34,0
19-06 02:05:09,42.056,9.513,47.563,0.751,0,5448964,176836,171168,2200444,5291.031,2863.806,977.299,700.931,32.043,82.109,4451,4128,1.190,1.580,1.030,2,0,13.017,0,0,18,298,0,35,0
19-06 02:05:10,28.043,5.008,66.602,0,0,5424568,201220,171168,2200456,10065.490,7248.155,512.789,296.456,4.006,19.029,2803,2101,1.190,1.580,1.030,1,0,4.006,0,0,18,299,0,35,0
19-06 02:05:11,16.977,2.996,77.646,0.749,0,5418692,206996,171172,2200552,8571.472,5402.734,79.893,3994.627,2.996,196.735,3965,5460,1.190,1.580,1.030,1,0,0,0,0,18,299,0,27,0
19-06 02:05:12,14.286,15.539,69.173,0.251,0,5322968,302660,171172,2200612,5842.584,2690.717,0,858.142,0,73.183,5923,5958,1.340,1.600,1.040,2,0,430.074,0,0,18,298,0,28,0
19-06 02:05:13,7.995,23.236,66.461,0,0,5329420,296160,171172,2200660,4737.232,1565.086,0,747.563,0,59.965,7517,7226,1.340,1.600,1.040,1,0,723.577,0,0,18,298,0,28,0
19-06 02:05:14,9.005,22.512,66.785,0,0,5326840,298700,171172,2200700,4640.429,1512.792,0,716.375,0,56.029,7438,7078,1.340,1.600,1.040,1,0,670.351,0,0,18,298,0,28,0
19-06 02:05:15,8.249,23.247,67.742,0,0,5315740,309772,171172,2200728,4799.438,1619.810,0,375.956,0,32.996,6742,5754,1.340,1.600,1.040,1,0,588.931,0,0,18,298,0,27,0
19-06 02:05:16,9.490,21.978,67.432,0.499,0,5312400,313080,171176,2200756,5171.805,1618.374,0,1810.182,0,109.890,6965,6160,1.340,1.600,1.040,1,0,569.428,0,0,18,298,0,27,0
19-06 02:05:17,7.498,22.995,67.736,0,0,5314244,311180,171176,2200796,4978.955,1661.651,0,239.950,0,23.995,6772,5892,1.230,1.570,1.030,3,0,562.882,0,0,18,298,0,27,0
19-06 02:05:18,12.714,14.958,70.302,0,0,5306052,374984,171184,2149252,4726.660,1615.441,31.910,95.730,4.986,8.975,4950,4273,1.230,1.570,1.030,1,0,326.080,0,0,18,298,0,27,0
19-06 02:05:19,21.507,5.502,72.773,0,0,5340548,383264,171628,2113632,4805.513,1714.540,4.001,232.073,1.000,48.015,2086,1684,1.230,1.570,1.030,1,0,4.001,0,0,18,298,0,27,0
19-06 02:05:20,14.492,1.749,82.705,0.500,0,5340568,381748,171696,2115068,11506.755,5007.282,55.970,2598.590,8.995,10.994,1681,1527,1.230,1.570,1.030,0,0,15.991,0,0,18,299,0,27,0
19-06 02:05:21,16.002,3.500,77.508,1.000,0,5369336,352012,171696,2116036,18032.777,9917.977,832.082,1656.163,52.005,74.007,2849,11392,1.230,1.570,1.030,0,0,36.004,0,0,18,299,0,28,0
19-06 02:05:22,9.495,1.749,86.701,0.750,0,5368700,352012,171696,2116672,18814.260,10613.941,279.840,1515.135,34.980,37.978,1517,1610,1.130,1.550,1.020,0,0,0,0,0,18,299,0,28,0
19-06 02:05:23,15.003,1.250,81.765,0.750,0,5381272,338164,171696,2117940,15193.784,7719.414,1120.205,1156.212,48.009,59.011,1948,1900,1.130,1.550,1.020,3,0,0,0,0,18,299,0,26,0
19-06 02:05:24,9.755,1.251,86.545,0.750,0,5378340,340524,171696,2118504,18854.904,10671.605,536.282,1456.765,36.019,62.033,1699,1939,1.130,1.550,1.020,1,0,0,0,0,18,299,0,26,0
19-06 02:05:25,12.251,1.000,85.254,0.750,0,5390952,326696,171700,2119712,14074.723,8295.426,760.039,936.048,35.002,33.002,1540,1509,1.130,1.550,1.020,0,0,0,0,0,18,299,0,26,0
19-06 02:05:26,17.255,2.751,78.774,1.250,0,5387904,296704,171700,2152684,11828.604,5409.648,12415.783,960.293,132.040,33.010,2076,1871,1.130,1.550,1.020,1,0,1.000,0,0,18,299,0,26,0
19-06 02:05:27,22.742,3.249,72.225,0.250,0,5396940,274252,171704,2165912,4456.470,1457.499,0,1291.556,0,54.981,2256,1975,1.200,1.560,1.030,1,0,0,0,0,18,299,0,26,0
19-06 02:05:28,24.258,2.501,71.273,0.500,0,5387428,267496,171752,2181700,4307.418,1566.516,0,1948.642,0,54.018,2460,2355,1.200,1.560,1.030,1,0,1.000,0,0,18,299,0,26,0
19-06 02:05:29,22.593,3.263,72.801,1.255,0,5396744,233488,171972,2205896,4309.815,1518.276,0,5085.019,0,453.876,2922,2983,1.200,1.560,1.030,2,0,0,0,0,18,299,0,26,0
19-06 02:05:30,22.643,2.737,72.158,0.995,0.249,5395696,208968,172232,2230868,4377.226,1451.113,0,2595.681,0,84.599,2330,2151,1.200,1.560,1.030,1,0,1.991,0,0,18,299,0,26,0
19-06 02:05:31,23.764,2.251,71.542,0.750,0,5406864,203788,172780,2224040,4727.787,1741.026,0,2593.529,0,107.063,2629,2703,1.200,1.560,1.030,2,0,0,0,0,18,298,0,24,0
19-06 02:05:32,19.246,4.999,75.236,0,0,5423260,187364,172784,2224064,8973.322,2957.447,0,14477.293,0,119.978,2389,1978,1.110,1.530,1.020,0,0,34.993,0,0,18,299,0,24,0
19-06 02:05:33,20.755,3.001,75.269,0.250,0,5410920,193236,172928,2230316,7354.833,3397.847,0,2268.565,0,36.009,2364,2055,1.110,1.530,1.020,2,0,4.001,0,0,18,298,0,24,0
19-06 02:05:34,22.950,5.488,69.599,0.249,0,5399412,203568,172952,2231468,4550.119,1616.490,0,1760.177,0,17.961,9982,18359,1.110,1.530,1.020,1,0,12.972,0,0,18,298,0,24,0
19-06 02:05:35,21.043,6.764,69.894,0,0,5399296,203568,172976,2231560,4781.838,1515.117,0,232.478,0,6.012,9526,17472,1.110,1.530,1.020,1,0,19.039,0,0,18,298,0,24,0
19-06 02:05:36,23.003,4.501,71.508,0.250,0,5351440,258840,172976,2224176,4757.534,1620.182,0,1016.114,0,35.004,3132,3079,1.110,1.530,1.020,1,0,52.006,0,0,18,298,0,24,0
19-06 02:05:37,23.496,5.249,69.487,0,0,5362196,248068,172976,2224192,4545.144,1565.705,0,215.959,0,3.999,9869,18199,1.100,1.520,1.020,1,0,24.995,0,0,18,298,0,24,0
19-06 02:05:38,18.066,3.011,78.035,0.251,0,5377496,227720,172976,2229232,11602.425,4643.981,0,1132.140,0,24.088,2279,1975,1.100,1.520,1.020,1,0,18.066,0,0,18,298,0,24,0
19-06 02:05:39,23.164,4.732,69.492,0,0,5371596,232088,172976,2230764,4469.417,1560.211,0,334.758,0,6.974,10292,18891,1.100,1.520,1.020,1,0,7.970,0,0,18,298,0,24,0
19-06 02:05:40,22.587,6.274,70.269,0,0,5394324,208492,172976,2231616,4661.875,1559.981,0,100.385,0,2.008,10187,18635,1.100,1.520,1.020,2,0,20.077,0,0,18,298,0,24,0
19-06 02:05:41,21.668,4.981,71.479,0,0,5369200,241056,172988,2224212,4691.191,1560.078,0,1558.085,0,50.807,2582,2403,1.100,1.520,1.020,1,0,8.966,0,0,18,298,0,24,0
19-06 02:05:42,20.757,6.002,71.773,0,0,5361888,248352,172988,2224224,3959.276,1512.487,0,6278.023,0,189.061,2983,2260,1.170,1.530,1.030,1,0,74.024,0,0,18,298,0,24,0
19-06 02:05:43,24.053,5.262,69.904,0.501,0,5387324,214960,172988,2232212,3986.766,1461.213,0,1619.561,0,67.148,3356,3451,1.170,1.530,1.030,1,0,43.095,0,0,18,298,0,24,0
19-06 02:05:44,19.700,1.496,77.305,0.249,0,5384580,214720,173004,2235132,10109.438,3737.550,0,1097.226,0,29.924,2305,2193,1.170,1.530,1.030,1,0,15.960,0,0,18,298,0,20,0
19-06 02:05:45,13.751,2.000,81.757,0.500,0,5389940,208952,173056,2235468,18358.545,9597.808,4.000,4188.353,1.000,343.029,2312,2616,1.170,1.530,1.030,1,0,1.000,0,0,18,299,0,20,0
19-06 02:05:46,12.504,1.751,83.274,1.500,0,5388404,209904,173204,2235884,51374.740,13795.958,0,2504.719,0,98.028,2281,2449,1.170,1.530,1.030,1,0,3.001,0,0,18,300,0,20,0
19-06 02:05:47,12.229,1.747,83.607,0.250,0,5385208,212704,173320,2236164,134104.271,14212.653,0,1473.476,0,67.884,2328,2529,1.080,1.500,1.020,1,0,1.997,0,0,18,300,0,20,0
19-06 02:05:48,15.265,2.002,82.081,0.500,0,5395192,202516,173336,2236352,19661.388,11549.389,0,1137.121,0,36.036,1837,1660,1.080,1.500,1.020,0,0,1.001,0,0,18,300,0,16,0
19-06 02:05:49,13.744,1.249,83.715,0.250,0,5401252,196188,173344,2236612,31749.836,9325.134,0,1091.547,0,37.984,1634,1545,1.080,1.500,1.020,0,0,0,0,0,18,300,0,16,0
19-06 02:05:50,5.999,0.750,90.738,0.500,0,5399504,197516,173356,2237012,328761.935,16121.790,0,1279.825,0,51.993,1641,1786,1.080,1.500,1.020,0,0,0,0,0,18,300,0,16,0
19-06 02:05:51,7.009,1.752,88.360,1.001,0,5398052,198552,173492,2237292,102226.886,17172.315,44.055,2663.306,5.006,131.163,2046,2515,1.080,1.500,1.020,0,1,0,0,0,18,300,0,16,0
19-06 02:05:52,11.742,2.249,85.445,0.500,0.250,5396516,190936,173660,2246228,43453.051,14857.444,103.933,12603.893,5.996,110.929,1796,1745,1.070,1.500,1.020,0,0,0.999,0,0,18,300,0,12,0
19-06 02:05:53,5.255,2.252,90.084,0,0,5395912,184940,173676,2252796,3487262.541,57119.258,0,2310.154,0,42.039,4393,3569,1.070,1.500,1.020,0,0,1.001,0,0,18,300,0,12,0
19-06 02:05:54,4.242,3.244,88.075,0.499,0,5376316,236684,172208,2222772,8995366.356,88394.274,0,5022.016,0,38.923,5462,3938,1.070,1.500,1.020,0,0,1.996,0,0,18,300,0,12,0
19-06 02:05:55,8.010,3.004,86.607,1.001,0,5375404,217084,172372,2243112,6106716.960,57121.622,164.203,14177.528,4.005,255.316,4187,2912,1.070,1.500,1.020,1,0,1.001,0,0,18,300,0,12,0
19-06 02:05:56,22.001,4.000,72.005,0.750,0,5379008,198744,175200,2254920,4595.305,1458.097,0,3984.264,0,101.007,2505,2304,1.070,1.500,1.020,1,0,1.000,0,0,18,300,0,11,0
19-06 02:05:57,24.261,2.501,72.284,0.250,0,5381300,179460,176020,2270736,3973.864,972.456,0,7763.642,0,97.046,2363,2110,1.060,1.490,1.020,3,0,0,0,0,18,300,0,11,0
19-06 02:05:58,23.982,3.248,71.198,0.749,0,5384980,201544,174860,2246732,4186.924,1349.009,0,13598.011,0,111.918,2592,2518,1.060,1.490,1.020,2,0,0.999,0,0,18,300,0,11,0
19-06 02:05:59,22.760,4.502,71.533,0.750,0,5396952,185544,174592,2251320,4103.870,1242.566,0,2341.067,0,103.047,2572,2519,1.060,1.490,1.020,1,0,0,0,0,18,300,0,11,0
19-06 02:06:00,21.998,6.999,68.493,0.250,0,5396844,202304,174284,2235152,4877.498,1457.850,0,184632.991,0,1465.849,4528,5098,1.060,1.490,1.020,3,0,0,0,0,18,300,0,9,0
19-06 02:06:01,25.490,2.999,70.471,0.750,0,5390716,184216,175588,2257960,5132.920,1457.410,79.968,2714.900,2.999,146.940,2618,2382,1.060,1.490,1.020,1,0,5.998,0,0,18,300,0,9,0
19-06 02:06:02,23.260,3.251,72.281,0.250,0,5391568,186876,175056,2255588,4710.030,1500.647,0,2020.871,0,60.026,2359,2125,1.060,1.480,1.020,1,0,0,0,0,18,300,0,9,0
19-06 02:06:03,24.023,2.753,71.319,0.500,0,5392212,205776,175944,2234732,5507.307,1807.742,0,2330.246,0,83.080,2602,2360,1.060,1.480,1.020,1,0,0,0,0,18,298,0,9,0
19-06 02:06:04,20.481,4.496,74.430,0.250,0,5370200,227928,175948,2234604,5580.716,2111.001,23.977,535.493,0.999,14.986,2420,2005,1.060,1.480,1.020,1,0,34.967,0,0,18,299,0,5,0
19-06 02:06:05,18.502,3.000,76.758,0.500,0,5369784,222016,176080,2240800,12217.350,4146.458,8.001,47337.232,1.000,613.068,3221,3262,1.060,1.480,1.020,2,0,3.000,0,0,18,298,0,5,0
19-06 02:06:06,23.248,5.750,68.996,0.250,0,5384780,205888,176108,2241908,6154.603,1457.906,0,1387.910,0,20.999,10556,19173,1.060,1.480,1.020,2,0,12.999,0,0,18,298,0,5,0
19-06 02:06:07,22.740,6.247,68.469,0,0,5382996,207472,176160,2242056,6716.968,1619.269,0,2226.995,0,21.990,10388,19166,1.050,1.470,1.020,1,0,13.994,0,0,18,298,0,5,0
19-06 02:06:08,21.513,6.254,72.543,0.250,0,5383144,207220,176196,2242124,4682.786,1620.964,0,240.143,0,8.005,2154,1547,1.050,1.470,1.020,2,0,8.005,0,0,18,298,0,3,0
19-06 02:06:09,40.758,9.752,48.010,0.250,0,5373780,222504,176216,2236216,4098.847,1458.301,864.179,1420.294,14.003,34.007,3453,2140,1.050,1.470,1.020,2,0,14.003,0,0,18,298,0,3,0
19-06 02:06:10,34.233,6.997,57.472,0.250,0,5384260,209988,176220,2238248,4977.593,1619.217,963.534,2914.591,16.992,119.942,5036,5987,1.050,1.470,1.020,2,0,3.998,0,0,18,299,0,6,0
19-06 02:06:11,23.335,7.528,65.490,2.007,0,5333464,259356,176304,2239592,4894.909,1625.949,931.408,5636.623,50.184,704.578,7908,11296,1.050,1.470,1.020,2,0,115.422,0,0,18,300,0,7,0
19-06 02:06:12,12.458,16.694,69.518,0,0,5343348,248540,176324,2240504,4305.657,1614.621,861.131,378.738,9.967,20.930,5473,4371,1.050,1.460,1.020,2,0,322.924,0,0,18,300,0,7,0
19-06 02:06:13,7.525,4.515,71.232,15.300,0,5306004,245344,176356,2281012,4051.214,1462.771,40680.692,3615.794,3081.050,162.530,5619,8997,1.050,1.460,1.020,2,0,10.033,0,0,18,300,0,7,0
19-06 02:06:14,6.477,2.491,88.186,1.495,0,5302200,245916,176372,2284228,8744.868,3297.262,3172.705,880.864,480.290,26.904,2263,3164,1.050,1.460,1.020,0,0,5.979,0,0,18,301,0,7,0
19-06 02:06:15,2.499,1.000,94.481,0.500,0,5293984,254124,176392,2284216,45567.762,4178.153,0,1011.795,0,74.985,1587,2274,1.050,1.460,1.020,0,0,0,0,0,18,301,0,7,0
19-06 02:06:16,3.251,1.750,93.025,0.500,0,5275060,272988,176420,2284284,43851.779,126537.990,356.096,1208.325,15.004,32.009,1565,1863,1.050,1.460,1.020,0,0,12.003,0,0,18,300,0,7,0
19-06 02:06:17,1.000,0.750,97.224,0.250,0,5273264,274784,176436,2284268,4876.686,1457.607,0,2639.289,0,114.969,1117,1754,0.960,1.440,1.010,0,0,0,0,0,18,300,0,7,0
19-06 02:06:18,0.999,2.748,95.190,0,0,5256072,291960,176436,2284284,4677.053,1618.980,0,127.919,0,12.992,1134,1529,0.960,1.440,1.010,1,1,0.999,0,0,18,300,0,7,0
19-06 02:06:19,1.001,0.751,97.334,0,0,5259032,289000,176436,2284284,4581.948,1543.330,0,32.028,0,4.003,836,1214,0.960,1.440,1.010,0,0,0,0,0,18,300,0,7,0
19-06 02:06:20,1.499,0.250,96.445,0,0,5257944,290088,176436,2284284,4677.340,1619.079,0,0,0,0,837,1177,0.960,1.440,1.010,0,0,0,0,0,18,300,0,7,0
19-06 02:06:21,6.752,4.501,87.529,0.250,0,5252908,295100,176448,2284196,4576.524,1458.486,16.005,484.161,1.000,48.016,2960,8967,0.960,1.440,1.010,0,0,36.012,0,0,18,300,0,8,0
19-06 02:06:22,1.249,0.250,97.209,0,0,5252672,295324,176448,2284308,4558.092,1619.322,0,0,0,0,908,1267,0.890,1.410,1.010,0,0,0,0,0,18,300,0,8,0
19-06 02:06:23,2.259,0.502,96.379,0.251,0,5252660,295324,176456,2284312,4596.076,1463.757,0,124.490,0,16.063,1035,1430,0.890,1.410,1.010,0,0,0,0,0,18,300,0,8,0
19-06 02:06:24,1.245,0.747,95.858,0.249,0,5252648,295324,176464,2284316,4431.868,1613.399,0,330.647,0,23.902,1071,1631,0.890,1.410,1.010,0,0,0,0,0,18,300,0,8,0
19-06 02:06:25,1.501,0.250,97.082,0.250,0,5252648,295324,176464,2284316,4984.213,1621.370,0,88.074,0,13.011,970,1342,0.890,1.410,1.010,0,0,0,0,0,18,300,0,7,0
19-06 02:06:26,1.500,0.500,96.995,0,0,5252520,295324,176464,2284444,5126.723,1619.912,0,0,0,0,1079,1499,0.890,1.410,1.010,0,0,0,0,0,18,300,0,7,0
19-06 02:06:27,1.250,0.750,97.531,0,0,5252520,295324,176464,2284444,4803.518,1620.512,0,0,0,0,883,1276,0.820,1.390,1,0,0,0,0,0,18,300,0,7,0
19-06 02:06:28,1.999,0.250,96.451,0,0,5252516,295324,176464,2284448,4095.906,1499.233,0,263.865,0,22.988,1312,1931,0.820,1.390,1,0,0,0.999,0,0,18,300,0,7,0
19-06 02:06:29,1.250,0.750,96.765,0,0,5252504,295324,176476,2284448,4200.657,1620.253,0,112.018,0,14.002,1122,1739,0.820,1.390,1,0,0,0,0,0,18,300,0,7,0
19-06 02:06:30,1.250,0.250,97.498,0,0,5252504,295324,176476,2284448,5159.906,1619.970,0,0,0,0,877,1251,0.820,1.390,1,0,0,0,0,0,18,300,0,7,0
19-06 02:06:31,1.501,1.751,95.573,0.250,0,5252488,295324,176492,2284448,5060.886,1621.245,0,14074.808,0,95.073,1421,1979,0.820,1.390,1,0,0,0,0,0,18,300,0,7,0
19-06 02:06:32,1.249,0.500,96.678,0,0,5252472,295324,176500,2284456,4454.694,1456.919,0,111.917,0,7.994,1001,1433,0.750,1.370,1,0,0,0,0,0,18,300,0,7,0
19-06 02:06:33,1.757,1.004,96.628,0,0,5252456,295324,176508,2284464,4577.911,1626.363,0,305.194,0,27.106,1020,1459,0.750,1.370,1,0,0,0,0,0,18,300,0,7,0
19-06 02:06:34,1.245,0.249,96.865,0,0,5252456,295324,176508,2284464,4440.363,1452.232,0,195.225,0,13.945,997,1557,0.750,1.370,1,0,0,0,0,0,18,300,0,7,0
19-06 02:06:35,0.750,0.500,97.509,0,0,5252456,295324,176508,2284464,5160.465,1620.146,0,52.005,0,6.001,825,1212,0.750,1.370,1,0,0,0,0,0,18,300,0,7,0
19-06 02:06:36,1.000,2.250,94.988,0.250,0,5252676,295100,176508,2284468,4894.398,1457.821,0,64832.024,0,610.925,1715,1979,0.750,1.370,1,1,0,2.000,0,0,18,300,0,7,0
19-06 02:06:37,1.250,0.500,97.501,0,0,5252676,295100,176508,2284468,5040.061,1662.020,0,1036.012,0,207.002,850,1224,0.690,1.340,0.990,0,0,0,0,0,18,300,0,7,0
19-06 02:06:38,1.500,1.000,95.763,0.250,0,5252896,295100,176512,2284468,4458.593,1458.194,0,912.121,0,7.001,1115,1484,0.690,1.340,0.990,0,0,1.000,0,0,18,300,0,7,0
19-06 02:06:39,1.998,0.500,96.658,0.250,0,5252884,295100,176520,2284472,4453.740,1456.607,0,67.935,0,5.994,948,1308,0.690,1.340,0.990,0,0,0,0,0,18,300,0,7,0
19-06 02:06:40,1.501,0.751,97.335,0,0,5252884,295100,176524,2284468,4521.965,1459.279,0,32.028,0,3.003,893,1225,0.690,1.340,0.990,0,0,0,0,0,18,300,0,7,0
19-06 02:06:41,1.250,1.000,95.719,0.250,0,5252840,295100,176532,2284504,5013.389,1457.532,19.994,3286.944,1.999,53.983,1418,1987,0.690,1.340,0.990,0,0,0,0,0,18,300,0,7,0
19-06 02:06:42,1.250,0.750,96.986,0,0,5252836,295100,176532,2284508,4859.313,1619.771,0,35.995,0,3.999,947,1306,0.630,1.320,0.990,0,0,0,0,0,18,300,0,7,0
19-06 02:06:43,3.257,1.002,95.205,0.251,0,5252832,295100,176536,2284508,4828.410,1461.150,0,308.665,0,32.069,1462,1910,0.630,1.320,0.990,0,0,0,0,0,18,300,0,7,0
19-06 02:06:44,2.246,0.499,95.080,0,0,5252824,295100,176540,2284512,4551.879,1617.115,0,223.601,0,25.954,1429,2085,0.630,1.320,0.990,0,0,0,0,0,18,300,0,7,0
19-06 02:06:45,1.000,0.500,96.969,0,0,5252824,295100,176540,2284512,4798.472,1619.484,0,0,0,0,901,1288,0.630,1.320,0.990,0,0,0,0,0,18,300,0,7,0
19-06 02:06:46,1.501,0.751,96.821,0.250,0,5252824,295100,176552,2284500,4063.972,324.237,8.006,628.460,2.001,21.015,1058,1485,0.630,1.320,0.990,1,0,0,0,0,18,300,0,7,0
19-06 02:06:47,12.241,4.247,82.440,0,0,5254804,292992,176556,2284624,410169.077,6589.198,7.994,83.939,1.999,4.996,2272,1851,0.660,1.320,0.990,1,0,24.982,0,0,18,300,0,7,0
19-06 02:06:48,14.008,5.253,79.047,0,0,5276516,271152,176556,2284752,291465.725,8559.102,212.126,976.582,9.005,188.112,2910,2573,0.660,1.320,0.990,1,0,26.016,0,0,18,300,0,7,0
