Sep 19 16:27:16 jammy-provider-cloud-0000007672 systemd[1]: Starting Devstack devstack@g-api.service...
Sep 19 16:27:16 jammy-provider-cloud-0000007672 devstack@g-api.service[104961]: [uWSGI] getting INI configuration from /etc/glance/glance-uwsgi.ini
Sep 19 16:27:16 jammy-provider-cloud-0000007672 devstack@g-api.service[104961]: *** Starting uWSGI 2.0.20-debian (64bit) on [Thu Sep 19 16:27:16 2024] ***
Sep 19 16:27:16 jammy-provider-cloud-0000007672 devstack@g-api.service[104961]: compiled with version: 11.2.0 on 21 March 2022 11:00:44
Sep 19 16:27:16 jammy-provider-cloud-0000007672 devstack@g-api.service[104961]: os: Linux-5.15.0-107-generic #117-Ubuntu SMP Fri Apr 26 12:26:49 UTC 2024
Sep 19 16:27:16 jammy-provider-cloud-0000007672 devstack@g-api.service[104961]: nodename: jammy-provider-cloud-0000007672
Sep 19 16:27:16 jammy-provider-cloud-0000007672 devstack@g-api.service[104961]: machine: x86_64
Sep 19 16:27:16 jammy-provider-cloud-0000007672 devstack@g-api.service[104961]: clock source: unix
Sep 19 16:27:16 jammy-provider-cloud-0000007672 devstack@g-api.service[104961]: pcre jit disabled
Sep 19 16:27:16 jammy-provider-cloud-0000007672 devstack@g-api.service[104961]: detected number of CPU cores: 4
Sep 19 16:27:16 jammy-provider-cloud-0000007672 devstack@g-api.service[104961]: current working directory: /
Sep 19 16:27:16 jammy-provider-cloud-0000007672 devstack@g-api.service[104961]: detected binary path: /usr/bin/uwsgi-core
Sep 19 16:27:16 jammy-provider-cloud-0000007672 devstack@g-api.service[104961]: your processes number limit is 31298
Sep 19 16:27:16 jammy-provider-cloud-0000007672 devstack@g-api.service[104961]: your memory page size is 4096 bytes
Sep 19 16:27:16 jammy-provider-cloud-0000007672 devstack@g-api.service[104961]: detected max file descriptor number: 2048
Sep 19 16:27:16 jammy-provider-cloud-0000007672 devstack@g-api.service[104961]: lock engine: pthread robust mutexes
Sep 19 16:27:16 jammy-provider-cloud-0000007672 devstack@g-api.service[104961]: thunder lock: enabled
Sep 19 16:27:16 jammy-provider-cloud-0000007672 devstack@g-api.service[104961]: uwsgi socket 0 bound to TCP address 127.0.0.1:60999 fd 4
Sep 19 16:27:16 jammy-provider-cloud-0000007672 devstack@g-api.service[104961]: Python version: 3.10.12 (main, Sep 11 2024, 15:47:36) [GCC 11.4.0]
Sep 19 16:27:16 jammy-provider-cloud-0000007672 devstack@g-api.service[104961]: PEP 405 virtualenv detected: /opt/stack/data/venv
Sep 19 16:27:16 jammy-provider-cloud-0000007672 devstack@g-api.service[104961]: Set PythonHome to /opt/stack/data/venv
Sep 19 16:27:16 jammy-provider-cloud-0000007672 devstack@g-api.service[104961]: Python main interpreter initialized at 0x55613a8a0e00
Sep 19 16:27:16 jammy-provider-cloud-0000007672 devstack@g-api.service[104961]: python threads support enabled
Sep 19 16:27:16 jammy-provider-cloud-0000007672 devstack@g-api.service[104961]: your server socket listen backlog is limited to 100 connections
Sep 19 16:27:16 jammy-provider-cloud-0000007672 devstack@g-api.service[104961]: your mercy for graceful operations on workers is 80 seconds
Sep 19 16:27:16 jammy-provider-cloud-0000007672 devstack@g-api.service[104961]: mapped 403077 bytes (393 KB) for 2 cores
Sep 19 16:27:16 jammy-provider-cloud-0000007672 devstack@g-api.service[104961]: *** Operational MODE: preforking ***
Sep 19 16:27:16 jammy-provider-cloud-0000007672 devstack@g-api.service[104961]: *** uWSGI is running in multiple interpreter mode ***
Sep 19 16:27:16 jammy-provider-cloud-0000007672 devstack@g-api.service[104961]: spawned uWSGI master process (pid: 104961)
Sep 19 16:27:16 jammy-provider-cloud-0000007672 systemd[1]: Started Devstack devstack@g-api.service.
Sep 19 16:27:16 jammy-provider-cloud-0000007672 devstack@g-api.service[104961]: spawned uWSGI worker 1 (pid: 104962, cores: 1)
Sep 19 16:27:16 jammy-provider-cloud-0000007672 devstack@g-api.service[104961]: spawned uWSGI worker 2 (pid: 104963, cores: 1)
Sep 19 16:27:16 jammy-provider-cloud-0000007672 devstack@g-api.service[104961]: running "unix_signal:15 gracefully_kill_them_all" (master-start)...
Sep 19 16:27:17 jammy-provider-cloud-0000007672 devstack@g-api.service[104963]: INFO glance.async_ [-] Threadpool model set to 'NativeThreadPoolModel'
Sep 19 16:27:17 jammy-provider-cloud-0000007672 devstack@g-api.service[104962]: INFO glance.async_ [-] Threadpool model set to 'NativeThreadPoolModel'
Sep 19 16:27:17 jammy-provider-cloud-0000007672 devstack@g-api.service[104963]: DEBUG oslo_concurrency.processutils [-] Running cmd (subprocess): grep -F node.session.scan /sbin/iscsiadm {{(pid=104963) execute /opt/stack/data/venv/lib/python3.10/site-packages/oslo_concurrency/processutils.py:390}}
Sep 19 16:27:17 jammy-provider-cloud-0000007672 devstack@g-api.service[104963]: DEBUG oslo_concurrency.processutils [-] CMD "grep -F node.session.scan /sbin/iscsiadm" returned: 0 in 0.007s {{(pid=104963) execute /opt/stack/data/venv/lib/python3.10/site-packages/oslo_concurrency/processutils.py:428}}
Sep 19 16:27:17 jammy-provider-cloud-0000007672 devstack@g-api.service[104962]: DEBUG oslo_concurrency.processutils [-] Running cmd (subprocess): grep -F node.session.scan /sbin/iscsiadm {{(pid=104962) execute /opt/stack/data/venv/lib/python3.10/site-packages/oslo_concurrency/processutils.py:390}}
Sep 19 16:27:17 jammy-provider-cloud-0000007672 devstack@g-api.service[104962]: DEBUG oslo_concurrency.processutils [-] CMD "grep -F node.session.scan /sbin/iscsiadm" returned: 0 in 0.007s {{(pid=104962) execute /opt/stack/data/venv/lib/python3.10/site-packages/oslo_concurrency/processutils.py:428}}
Sep 19 16:27:17 jammy-provider-cloud-0000007672 devstack@g-api.service[104963]: DEBUG glance_store.common.attachment_state_manager [-] Initialising _AttachmentStateManager {{(pid=104963) __init__ /opt/stack/data/venv/lib/python3.10/site-packages/glance_store/common/attachment_state_manager.py:86}}
Sep 19 16:27:17 jammy-provider-cloud-0000007672 devstack@g-api.service[104962]: DEBUG glance_store.common.attachment_state_manager [-] Initialising _AttachmentStateManager {{(pid=104962) __init__ /opt/stack/data/venv/lib/python3.10/site-packages/glance_store/common/attachment_state_manager.py:86}}
Sep 19 16:27:17 jammy-provider-cloud-0000007672 devstack@g-api.service[104963]: DEBUG glance_store.backend [-] Attempting to import store cinder {{(pid=104963) _load_store /opt/stack/data/venv/lib/python3.10/site-packages/glance_store/backend.py:216}}
Sep 19 16:27:17 jammy-provider-cloud-0000007672 devstack@g-api.service[104963]: DEBUG glance_store.backend [-] Attempting to import store file {{(pid=104963) _load_store /opt/stack/data/venv/lib/python3.10/site-packages/glance_store/backend.py:216}}
Sep 19 16:27:17 jammy-provider-cloud-0000007672 devstack@g-api.service[104963]: DEBUG glance_store.backend [-] Attempting to import store glance.store.cinder.Store {{(pid=104963) _load_store /opt/stack/data/venv/lib/python3.10/site-packages/glance_store/backend.py:216}}
Sep 19 16:27:17 jammy-provider-cloud-0000007672 devstack@g-api.service[104963]: DEBUG glance_store.backend [-] Attempting to import store glance.store.filesystem.Store {{(pid=104963) _load_store /opt/stack/data/venv/lib/python3.10/site-packages/glance_store/backend.py:216}}
Sep 19 16:27:17 jammy-provider-cloud-0000007672 devstack@g-api.service[104963]: DEBUG glance_store.backend [-] Attempting to import store glance.store.http.Store {{(pid=104963) _load_store /opt/stack/data/venv/lib/python3.10/site-packages/glance_store/backend.py:216}}
Sep 19 16:27:17 jammy-provider-cloud-0000007672 devstack@g-api.service[104963]: DEBUG glance_store.backend [-] Attempting to import store glance.store.rbd.Store {{(pid=104963) _load_store /opt/stack/data/venv/lib/python3.10/site-packages/glance_store/backend.py:216}}
Sep 19 16:27:17 jammy-provider-cloud-0000007672 devstack@g-api.service[104963]: DEBUG glance_store.backend [-] Attempting to import store glance.store.s3.Store {{(pid=104963) _load_store /opt/stack/data/venv/lib/python3.10/site-packages/glance_store/backend.py:216}}
Sep 19 16:27:17 jammy-provider-cloud-0000007672 devstack@g-api.service[104963]: DEBUG glance_store.backend [-] Attempting to import store glance.store.swift.Store {{(pid=104963) _load_store /opt/stack/data/venv/lib/python3.10/site-packages/glance_store/backend.py:216}}
Sep 19 16:27:17 jammy-provider-cloud-0000007672 devstack@g-api.service[104963]: DEBUG glance_store.backend [-] Attempting to import store glance.store.vmware_datastore.Store {{(pid=104963) _load_store /opt/stack/data/venv/lib/python3.10/site-packages/glance_store/backend.py:216}}
Sep 19 16:27:17 jammy-provider-cloud-0000007672 devstack@g-api.service[104963]: DEBUG glance_store.backend [-] Attempting to import store http {{(pid=104963) _load_store /opt/stack/data/venv/lib/python3.10/site-packages/glance_store/backend.py:216}}
Sep 19 16:27:17 jammy-provider-cloud-0000007672 devstack@g-api.service[104963]: DEBUG glance_store.backend [-] Attempting to import store no_conf {{(pid=104963) _load_store /opt/stack/data/venv/lib/python3.10/site-packages/glance_store/backend.py:216}}
Sep 19 16:27:17 jammy-provider-cloud-0000007672 devstack@g-api.service[104963]: DEBUG glance_store.backend [-] Attempting to import store rbd {{(pid=104963) _load_store /opt/stack/data/venv/lib/python3.10/site-packages/glance_store/backend.py:216}}
Sep 19 16:27:17 jammy-provider-cloud-0000007672 devstack@g-api.service[104963]: DEBUG glance_store.backend [-] Attempting to import store s3 {{(pid=104963) _load_store /opt/stack/data/venv/lib/python3.10/site-packages/glance_store/backend.py:216}}
Sep 19 16:27:17 jammy-provider-cloud-0000007672 devstack@g-api.service[104963]: DEBUG glance_store.backend [-] Attempting to import store swift {{(pid=104963) _load_store /opt/stack/data/venv/lib/python3.10/site-packages/glance_store/backend.py:216}}
Sep 19 16:27:17 jammy-provider-cloud-0000007672 devstack@g-api.service[104963]: DEBUG glance_store.backend [-] Attempting to import store vmware {{(pid=104963) _load_store /opt/stack/data/venv/lib/python3.10/site-packages/glance_store/backend.py:216}}
Sep 19 16:27:17 jammy-provider-cloud-0000007672 devstack@g-api.service[104963]: DEBUG glance_store.backend [-] Registering options for group glance_store {{(pid=104963) register_opts /opt/stack/data/venv/lib/python3.10/site-packages/glance_store/backend.py:145}}
Sep 19 16:27:17 jammy-provider-cloud-0000007672 devstack@g-api.service[104963]: DEBUG glance_store.backend [-] Registering options for group glance_store {{(pid=104963) register_opts /opt/stack/data/venv/lib/python3.10/site-packages/glance_store/backend.py:145}}
Sep 19 16:27:17 jammy-provider-cloud-0000007672 devstack@g-api.service[104963]: DEBUG glance_store.backend [-] Attempting to import store http {{(pid=104963) _load_store /opt/stack/data/venv/lib/python3.10/site-packages/glance_store/backend.py:216}}
Sep 19 16:27:17 jammy-provider-cloud-0000007672 devstack@g-api.service[104963]: DEBUG glance_store.capabilities [-] Store glance_store._drivers.http.Store doesn't support updating dynamic storage capabilities. Please overwrite 'update_capabilities' method of the store to implement updating logics if needed. {{(pid=104963) update_capabilities /opt/stack/data/venv/lib/python3.10/site-packages/glance_store/capabilities.py:91}}
Sep 19 16:27:17 jammy-provider-cloud-0000007672 devstack@g-api.service[104963]: DEBUG glance_store.backend [-] Registering store http with schemes ('http', 'https') {{(pid=104963) create_stores /opt/stack/data/venv/lib/python3.10/site-packages/glance_store/backend.py:262}}
Sep 19 16:27:17 jammy-provider-cloud-0000007672 devstack@g-api.service[104963]: DEBUG glance_store.driver [-] Late loading location class glance_store._drivers.http.StoreLocation {{(pid=104963) get_store_location_class /opt/stack/data/venv/lib/python3.10/site-packages/glance_store/driver.py:133}}
Sep 19 16:27:17 jammy-provider-cloud-0000007672 devstack@g-api.service[104963]: DEBUG glance_store.location [-] Registering scheme http with {'store': <glance_store._drivers.http.Store object at 0x7f0162d7ce80>, 'location_class': <class 'glance_store._drivers.http.StoreLocation'>, 'store_entry': 'http'} {{(pid=104963) register_scheme_map /opt/stack/data/venv/lib/python3.10/site-packages/glance_store/location.py:146}}
Sep 19 16:27:17 jammy-provider-cloud-0000007672 devstack@g-api.service[104963]: DEBUG glance_store.location [-] Registering scheme https with {'store': <glance_store._drivers.http.Store object at 0x7f0162d7ce80>, 'location_class': <class 'glance_store._drivers.http.StoreLocation'>, 'store_entry': 'http'} {{(pid=104963) register_scheme_map /opt/stack/data/venv/lib/python3.10/site-packages/glance_store/location.py:146}}
Sep 19 16:27:17 jammy-provider-cloud-0000007672 devstack@g-api.service[104963]: DEBUG glance_store.backend [-] Attempting to import store file {{(pid=104963) _load_store /opt/stack/data/venv/lib/python3.10/site-packages/glance_store/backend.py:216}}
Sep 19 16:27:17 jammy-provider-cloud-0000007672 devstack@g-api.service[104963]: DEBUG glance_store.capabilities [-] Store glance_store._drivers.filesystem.Store doesn't support updating dynamic storage capabilities. Please overwrite 'update_capabilities' method of the store to implement updating logics if needed. {{(pid=104963) update_capabilities /opt/stack/data/venv/lib/python3.10/site-packages/glance_store/capabilities.py:91}}
Sep 19 16:27:17 jammy-provider-cloud-0000007672 devstack@g-api.service[104963]: DEBUG glance_store.backend [-] Registering store file with schemes ('file', 'filesystem') {{(pid=104963) create_stores /opt/stack/data/venv/lib/python3.10/site-packages/glance_store/backend.py:262}}
Sep 19 16:27:17 jammy-provider-cloud-0000007672 devstack@g-api.service[104963]: DEBUG glance_store.driver [-] Late loading location class glance_store._drivers.filesystem.StoreLocation {{(pid=104963) get_store_location_class /opt/stack/data/venv/lib/python3.10/site-packages/glance_store/driver.py:133}}
Sep 19 16:27:17 jammy-provider-cloud-0000007672 devstack@g-api.service[104963]: DEBUG glance_store.location [-] Registering scheme file with {'store': <glance_store._drivers.filesystem.Store object at 0x7f0162d7ceb0>, 'location_class': <class 'glance_store._drivers.filesystem.StoreLocation'>, 'store_entry': 'file'} {{(pid=104963) register_scheme_map /opt/stack/data/venv/lib/python3.10/site-packages/glance_store/location.py:146}}
Sep 19 16:27:17 jammy-provider-cloud-0000007672 devstack@g-api.service[104963]: DEBUG glance_store.location [-] Registering scheme filesystem with {'store': <glance_store._drivers.filesystem.Store object at 0x7f0162d7ceb0>, 'location_class': <class 'glance_store._drivers.filesystem.StoreLocation'>, 'store_entry': 'file'} {{(pid=104963) register_scheme_map /opt/stack/data/venv/lib/python3.10/site-packages/glance_store/location.py:146}}
Sep 19 16:27:17 jammy-provider-cloud-0000007672 devstack@g-api.service[104963]: DEBUG glance.sqlite_migration [-] SQLite caching database not located, skipping migration {{(pid=104963) get_db_path /opt/stack/glance/glance/sqlite_migration.py:68}}
Sep 19 16:27:17 jammy-provider-cloud-0000007672 devstack@g-api.service[104963]: WARNING glance.common.wsgi_app [-] Import methods are enabled but staging directory /tmp/staging/ does not exist; Imports will fail!
Sep 19 16:27:17 jammy-provider-cloud-0000007672 devstack@g-api.service[104962]: DEBUG glance_store.backend [-] Attempting to import store cinder {{(pid=104962) _load_store /opt/stack/data/venv/lib/python3.10/site-packages/glance_store/backend.py:216}}
Sep 19 16:27:17 jammy-provider-cloud-0000007672 devstack@g-api.service[104962]: DEBUG glance_store.backend [-] Attempting to import store file {{(pid=104962) _load_store /opt/stack/data/venv/lib/python3.10/site-packages/glance_store/backend.py:216}}
Sep 19 16:27:17 jammy-provider-cloud-0000007672 devstack@g-api.service[104962]: DEBUG glance_store.backend [-] Attempting to import store glance.store.cinder.Store {{(pid=104962) _load_store /opt/stack/data/venv/lib/python3.10/site-packages/glance_store/backend.py:216}}
Sep 19 16:27:17 jammy-provider-cloud-0000007672 devstack@g-api.service[104962]: DEBUG glance_store.backend [-] Attempting to import store glance.store.filesystem.Store {{(pid=104962) _load_store /opt/stack/data/venv/lib/python3.10/site-packages/glance_store/backend.py:216}}
Sep 19 16:27:17 jammy-provider-cloud-0000007672 devstack@g-api.service[104962]: DEBUG glance_store.backend [-] Attempting to import store glance.store.http.Store {{(pid=104962) _load_store /opt/stack/data/venv/lib/python3.10/site-packages/glance_store/backend.py:216}}
Sep 19 16:27:17 jammy-provider-cloud-0000007672 devstack@g-api.service[104962]: DEBUG glance_store.backend [-] Attempting to import store glance.store.rbd.Store {{(pid=104962) _load_store /opt/stack/data/venv/lib/python3.10/site-packages/glance_store/backend.py:216}}
Sep 19 16:27:17 jammy-provider-cloud-0000007672 devstack@g-api.service[104962]: DEBUG glance_store.backend [-] Attempting to import store glance.store.s3.Store {{(pid=104962) _load_store /opt/stack/data/venv/lib/python3.10/site-packages/glance_store/backend.py:216}}
Sep 19 16:27:17 jammy-provider-cloud-0000007672 devstack@g-api.service[104962]: DEBUG glance_store.backend [-] Attempting to import store glance.store.swift.Store {{(pid=104962) _load_store /opt/stack/data/venv/lib/python3.10/site-packages/glance_store/backend.py:216}}
Sep 19 16:27:17 jammy-provider-cloud-0000007672 devstack@g-api.service[104962]: DEBUG glance_store.backend [-] Attempting to import store glance.store.vmware_datastore.Store {{(pid=104962) _load_store /opt/stack/data/venv/lib/python3.10/site-packages/glance_store/backend.py:216}}
Sep 19 16:27:17 jammy-provider-cloud-0000007672 devstack@g-api.service[104962]: DEBUG glance_store.backend [-] Attempting to import store http {{(pid=104962) _load_store /opt/stack/data/venv/lib/python3.10/site-packages/glance_store/backend.py:216}}
Sep 19 16:27:17 jammy-provider-cloud-0000007672 devstack@g-api.service[104962]: DEBUG glance_store.backend [-] Attempting to import store no_conf {{(pid=104962) _load_store /opt/stack/data/venv/lib/python3.10/site-packages/glance_store/backend.py:216}}
Sep 19 16:27:17 jammy-provider-cloud-0000007672 devstack@g-api.service[104962]: DEBUG glance_store.backend [-] Attempting to import store rbd {{(pid=104962) _load_store /opt/stack/data/venv/lib/python3.10/site-packages/glance_store/backend.py:216}}
Sep 19 16:27:17 jammy-provider-cloud-0000007672 devstack@g-api.service[104962]: DEBUG glance_store.backend [-] Attempting to import store s3 {{(pid=104962) _load_store /opt/stack/data/venv/lib/python3.10/site-packages/glance_store/backend.py:216}}
Sep 19 16:27:17 jammy-provider-cloud-0000007672 devstack@g-api.service[104962]: DEBUG glance_store.backend [-] Attempting to import store swift {{(pid=104962) _load_store /opt/stack/data/venv/lib/python3.10/site-packages/glance_store/backend.py:216}}
Sep 19 16:27:17 jammy-provider-cloud-0000007672 devstack@g-api.service[104962]: DEBUG glance_store.backend [-] Attempting to import store vmware {{(pid=104962) _load_store /opt/stack/data/venv/lib/python3.10/site-packages/glance_store/backend.py:216}}
Sep 19 16:27:17 jammy-provider-cloud-0000007672 devstack@g-api.service[104962]: DEBUG glance_store.backend [-] Registering options for group glance_store {{(pid=104962) register_opts /opt/stack/data/venv/lib/python3.10/site-packages/glance_store/backend.py:145}}
Sep 19 16:27:17 jammy-provider-cloud-0000007672 devstack@g-api.service[104962]: DEBUG glance_store.backend [-] Registering options for group glance_store {{(pid=104962) register_opts /opt/stack/data/venv/lib/python3.10/site-packages/glance_store/backend.py:145}}
Sep 19 16:27:17 jammy-provider-cloud-0000007672 devstack@g-api.service[104962]: DEBUG glance_store.backend [-] Attempting to import store http {{(pid=104962) _load_store /opt/stack/data/venv/lib/python3.10/site-packages/glance_store/backend.py:216}}
Sep 19 16:27:17 jammy-provider-cloud-0000007672 devstack@g-api.service[104962]: DEBUG glance_store.capabilities [-] Store glance_store._drivers.http.Store doesn't support updating dynamic storage capabilities. Please overwrite 'update_capabilities' method of the store to implement updating logics if needed. {{(pid=104962) update_capabilities /opt/stack/data/venv/lib/python3.10/site-packages/glance_store/capabilities.py:91}}
Sep 19 16:27:17 jammy-provider-cloud-0000007672 devstack@g-api.service[104962]: DEBUG glance_store.backend [-] Registering store http with schemes ('http', 'https') {{(pid=104962) create_stores /opt/stack/data/venv/lib/python3.10/site-packages/glance_store/backend.py:262}}
Sep 19 16:27:17 jammy-provider-cloud-0000007672 devstack@g-api.service[104962]: DEBUG glance_store.driver [-] Late loading location class glance_store._drivers.http.StoreLocation {{(pid=104962) get_store_location_class /opt/stack/data/venv/lib/python3.10/site-packages/glance_store/driver.py:133}}
Sep 19 16:27:17 jammy-provider-cloud-0000007672 devstack@g-api.service[104962]: DEBUG glance_store.location [-] Registering scheme http with {'store': <glance_store._drivers.http.Store object at 0x7f0162d7f580>, 'location_class': <class 'glance_store._drivers.http.StoreLocation'>, 'store_entry': 'http'} {{(pid=104962) register_scheme_map /opt/stack/data/venv/lib/python3.10/site-packages/glance_store/location.py:146}}
Sep 19 16:27:17 jammy-provider-cloud-0000007672 devstack@g-api.service[104962]: DEBUG glance_store.location [-] Registering scheme https with {'store': <glance_store._drivers.http.Store object at 0x7f0162d7f580>, 'location_class': <class 'glance_store._drivers.http.StoreLocation'>, 'store_entry': 'http'} {{(pid=104962) register_scheme_map /opt/stack/data/venv/lib/python3.10/site-packages/glance_store/location.py:146}}
Sep 19 16:27:17 jammy-provider-cloud-0000007672 devstack@g-api.service[104962]: DEBUG glance_store.backend [-] Attempting to import store file {{(pid=104962) _load_store /opt/stack/data/venv/lib/python3.10/site-packages/glance_store/backend.py:216}}
Sep 19 16:27:17 jammy-provider-cloud-0000007672 devstack@g-api.service[104962]: DEBUG glance_store.capabilities [-] Store glance_store._drivers.filesystem.Store doesn't support updating dynamic storage capabilities. Please overwrite 'update_capabilities' method of the store to implement updating logics if needed. {{(pid=104962) update_capabilities /opt/stack/data/venv/lib/python3.10/site-packages/glance_store/capabilities.py:91}}
Sep 19 16:27:17 jammy-provider-cloud-0000007672 devstack@g-api.service[104962]: DEBUG glance_store.backend [-] Registering store file with schemes ('file', 'filesystem') {{(pid=104962) create_stores /opt/stack/data/venv/lib/python3.10/site-packages/glance_store/backend.py:262}}
Sep 19 16:27:17 jammy-provider-cloud-0000007672 devstack@g-api.service[104962]: DEBUG glance_store.driver [-] Late loading location class glance_store._drivers.filesystem.StoreLocation {{(pid=104962) get_store_location_class /opt/stack/data/venv/lib/python3.10/site-packages/glance_store/driver.py:133}}
Sep 19 16:27:17 jammy-provider-cloud-0000007672 devstack@g-api.service[104962]: DEBUG glance_store.location [-] Registering scheme file with {'store': <glance_store._drivers.filesystem.Store object at 0x7f0162d7d6c0>, 'location_class': <class 'glance_store._drivers.filesystem.StoreLocation'>, 'store_entry': 'file'} {{(pid=104962) register_scheme_map /opt/stack/data/venv/lib/python3.10/site-packages/glance_store/location.py:146}}
Sep 19 16:27:17 jammy-provider-cloud-0000007672 devstack@g-api.service[104962]: DEBUG glance_store.location [-] Registering scheme filesystem with {'store': <glance_store._drivers.filesystem.Store object at 0x7f0162d7d6c0>, 'location_class': <class 'glance_store._drivers.filesystem.StoreLocation'>, 'store_entry': 'file'} {{(pid=104962) register_scheme_map /opt/stack/data/venv/lib/python3.10/site-packages/glance_store/location.py:146}}
Sep 19 16:27:17 jammy-provider-cloud-0000007672 devstack@g-api.service[104962]: DEBUG glance.sqlite_migration [-] SQLite caching database not located, skipping migration {{(pid=104962) get_db_path /opt/stack/glance/glance/sqlite_migration.py:68}}
Sep 19 16:27:17 jammy-provider-cloud-0000007672 devstack@g-api.service[104962]: WARNING glance.common.wsgi_app [-] Import methods are enabled but staging directory /tmp/staging/ does not exist; Imports will fail!
Sep 19 16:27:17 jammy-provider-cloud-0000007672 devstack@g-api.service[104963]: DEBUG glance.common.config [None req-a1ef33ad-2b92-4a71-a09e-83c1ff75970e None None] Loading glance-api-keystone+cachemanagement from /etc/glance/glance-api-paste.ini {{(pid=104963) load_paste_app /opt/stack/glance/glance/common/config.py:726}}
Sep 19 16:27:17 jammy-provider-cloud-0000007672 devstack@g-api.service[104962]: DEBUG glance.common.config [None req-24d6c2ac-3228-4e93-889d-2cb05c3bf3f2 None None] Loading glance-api-keystone+cachemanagement from /etc/glance/glance-api-paste.ini {{(pid=104962) load_paste_app /opt/stack/glance/glance/common/config.py:726}}
Sep 19 16:27:18 jammy-provider-cloud-0000007672 devstack@g-api.service[104963]: INFO glance.image_cache [None req-a1ef33ad-2b92-4a71-a09e-83c1ff75970e None None] Image cache loaded driver 'centralized_db'.
Sep 19 16:27:18 jammy-provider-cloud-0000007672 devstack@g-api.service[104962]: INFO glance.image_cache [None req-24d6c2ac-3228-4e93-889d-2cb05c3bf3f2 None None] Image cache loaded driver 'centralized_db'.
Sep 19 16:27:18 jammy-provider-cloud-0000007672 devstack@g-api.service[104963]: INFO dbcounter [None req-a1ef33ad-2b92-4a71-a09e-83c1ff75970e None None] Registered counter for database glance
Sep 19 16:27:18 jammy-provider-cloud-0000007672 devstack@g-api.service[104962]: INFO dbcounter [None req-24d6c2ac-3228-4e93-889d-2cb05c3bf3f2 None None] Registered counter for database glance
Sep 19 16:27:18 jammy-provider-cloud-0000007672 devstack@g-api.service[104963]: DEBUG oslo_db.sqlalchemy.engines [None req-a1ef33ad-2b92-4a71-a09e-83c1ff75970e None None] MySQL server mode set to STRICT_TRANS_TABLES,STRICT_ALL_TABLES,NO_ZERO_IN_DATE,NO_ZERO_DATE,ERROR_FOR_DIVISION_BY_ZERO,TRADITIONAL,NO_ENGINE_SUBSTITUTION {{(pid=104963) _check_effective_sql_mode /opt/stack/data/venv/lib/python3.10/site-packages/oslo_db/sqlalchemy/engines.py:342}}
Sep 19 16:27:18 jammy-provider-cloud-0000007672 devstack@g-api.service[104962]: DEBUG oslo_db.sqlalchemy.engines [None req-24d6c2ac-3228-4e93-889d-2cb05c3bf3f2 None None] MySQL server mode set to STRICT_TRANS_TABLES,STRICT_ALL_TABLES,NO_ZERO_IN_DATE,NO_ZERO_DATE,ERROR_FOR_DIVISION_BY_ZERO,TRADITIONAL,NO_ENGINE_SUBSTITUTION {{(pid=104962) _check_effective_sql_mode /opt/stack/data/venv/lib/python3.10/site-packages/oslo_db/sqlalchemy/engines.py:342}}
Sep 19 16:27:18 jammy-provider-cloud-0000007672 devstack@g-api.service[104963]: DEBUG dbcounter [-] [104963] Writer thread running {{(pid=104963) stat_writer /opt/stack/data/venv/lib/python3.10/site-packages/dbcounter.py:102}}
Sep 19 16:27:18 jammy-provider-cloud-0000007672 devstack@g-api.service[104962]: DEBUG dbcounter [-] [104962] Writer thread running {{(pid=104962) stat_writer /opt/stack/data/venv/lib/python3.10/site-packages/dbcounter.py:102}}
Sep 19 16:27:18 jammy-provider-cloud-0000007672 devstack@g-api.service[104962]: DEBUG glance.image_cache.drivers.centralized_db [None req-24d6c2ac-3228-4e93-889d-2cb05c3bf3f2 None None] Node reference is already recorded, ignoring it {{(pid=104962) configure /opt/stack/glance/glance/image_cache/drivers/centralized_db.py:71}}
Sep 19 16:27:18 jammy-provider-cloud-0000007672 devstack@g-api.service[104963]: INFO glance.image_cache [None req-a1ef33ad-2b92-4a71-a09e-83c1ff75970e None None] Image cache loaded driver 'centralized_db'.
Sep 19 16:27:18 jammy-provider-cloud-0000007672 devstack@g-api.service[104962]: INFO glance.image_cache [None req-24d6c2ac-3228-4e93-889d-2cb05c3bf3f2 None None] Image cache loaded driver 'centralized_db'.
Sep 19 16:27:18 jammy-provider-cloud-0000007672 devstack@g-api.service[104963]: DEBUG glance.image_cache.drivers.centralized_db [None req-a1ef33ad-2b92-4a71-a09e-83c1ff75970e None None] Node reference is already recorded, ignoring it {{(pid=104963) configure /opt/stack/glance/glance/image_cache/drivers/centralized_db.py:71}}
Sep 19 16:27:18 jammy-provider-cloud-0000007672 devstack@g-api.service[104962]: DEBUG glance.image_cache.drivers.centralized_db [None req-24d6c2ac-3228-4e93-889d-2cb05c3bf3f2 None None] Node reference is already recorded, ignoring it {{(pid=104962) configure /opt/stack/glance/glance/image_cache/drivers/centralized_db.py:71}}
Sep 19 16:27:18 jammy-provider-cloud-0000007672 devstack@g-api.service[104963]: DEBUG glance.api.v2.cached_images [None req-a1ef33ad-2b92-4a71-a09e-83c1ff75970e None None] Started cache worker thread {{(pid=104963) __init__ /opt/stack/glance/glance/api/v2/cached_images.py:69}}
Sep 19 16:27:18 jammy-provider-cloud-0000007672 devstack@g-api.service[104963]: INFO glance.image_cache [None req-a1ef33ad-2b92-4a71-a09e-83c1ff75970e None None] Image cache loaded driver 'centralized_db'.
Sep 19 16:27:18 jammy-provider-cloud-0000007672 devstack@g-api.service[104962]: DEBUG glance.api.v2.cached_images [None req-24d6c2ac-3228-4e93-889d-2cb05c3bf3f2 None None] Started cache worker thread {{(pid=104962) __init__ /opt/stack/glance/glance/api/v2/cached_images.py:69}}
Sep 19 16:27:18 jammy-provider-cloud-0000007672 devstack@g-api.service[104962]: INFO glance.image_cache [None req-24d6c2ac-3228-4e93-889d-2cb05c3bf3f2 None None] Image cache loaded driver 'centralized_db'.
Sep 19 16:27:18 jammy-provider-cloud-0000007672 devstack@g-api.service[104963]: DEBUG glance.image_cache.drivers.centralized_db [None req-a1ef33ad-2b92-4a71-a09e-83c1ff75970e None None] Node reference is already recorded, ignoring it {{(pid=104963) configure /opt/stack/glance/glance/image_cache/drivers/centralized_db.py:71}}
Sep 19 16:27:18 jammy-provider-cloud-0000007672 devstack@g-api.service[104963]: INFO glance.api.middleware.cache_manage [None req-a1ef33ad-2b92-4a71-a09e-83c1ff75970e None None] Initialized image cache management middleware
Sep 19 16:27:18 jammy-provider-cloud-0000007672 devstack@g-api.service[104963]: INFO glance.image_cache [None req-a1ef33ad-2b92-4a71-a09e-83c1ff75970e None None] Image cache loaded driver 'centralized_db'.
Sep 19 16:27:18 jammy-provider-cloud-0000007672 devstack@g-api.service[104962]: DEBUG glance.image_cache.drivers.centralized_db [None req-24d6c2ac-3228-4e93-889d-2cb05c3bf3f2 None None] Node reference is already recorded, ignoring it {{(pid=104962) configure /opt/stack/glance/glance/image_cache/drivers/centralized_db.py:71}}
Sep 19 16:27:18 jammy-provider-cloud-0000007672 devstack@g-api.service[104962]: INFO glance.api.middleware.cache_manage [None req-24d6c2ac-3228-4e93-889d-2cb05c3bf3f2 None None] Initialized image cache management middleware
Sep 19 16:27:18 jammy-provider-cloud-0000007672 devstack@g-api.service[104962]: INFO glance.image_cache [None req-24d6c2ac-3228-4e93-889d-2cb05c3bf3f2 None None] Image cache loaded driver 'centralized_db'.
Sep 19 16:27:18 jammy-provider-cloud-0000007672 devstack@g-api.service[104963]: DEBUG glance.image_cache.drivers.centralized_db [None req-a1ef33ad-2b92-4a71-a09e-83c1ff75970e None None] Node reference is already recorded, ignoring it {{(pid=104963) configure /opt/stack/glance/glance/image_cache/drivers/centralized_db.py:71}}
Sep 19 16:27:18 jammy-provider-cloud-0000007672 devstack@g-api.service[104963]: INFO glance.api.middleware.cache [None req-a1ef33ad-2b92-4a71-a09e-83c1ff75970e None None] Initialized image cache middleware
Sep 19 16:27:18 jammy-provider-cloud-0000007672 devstack@g-api.service[104962]: DEBUG glance.image_cache.drivers.centralized_db [None req-24d6c2ac-3228-4e93-889d-2cb05c3bf3f2 None None] Node reference is already recorded, ignoring it {{(pid=104962) configure /opt/stack/glance/glance/image_cache/drivers/centralized_db.py:71}}
Sep 19 16:27:18 jammy-provider-cloud-0000007672 devstack@g-api.service[104963]: WARNING keystonemiddleware.auth_token [None req-a1ef33ad-2b92-4a71-a09e-83c1ff75970e None None] AuthToken middleware is set with keystone_authtoken.service_token_roles_required set to False. This is backwards compatible but deprecated behaviour. Please set this to True.
Sep 19 16:27:18 jammy-provider-cloud-0000007672 devstack@g-api.service[104962]: INFO glance.api.middleware.cache [None req-24d6c2ac-3228-4e93-889d-2cb05c3bf3f2 None None] Initialized image cache middleware
Sep 19 16:27:18 jammy-provider-cloud-0000007672 devstack@g-api.service[104963]: WARNING keystonemiddleware.auth_token [None req-a1ef33ad-2b92-4a71-a09e-83c1ff75970e None None] Configuring www_authenticate_uri to point to the public identity endpoint is required; clients may not be able to authenticate against an admin endpoint
Sep 19 16:27:18 jammy-provider-cloud-0000007672 devstack@g-api.service[104962]: WARNING keystonemiddleware.auth_token [None req-24d6c2ac-3228-4e93-889d-2cb05c3bf3f2 None None] AuthToken middleware is set with keystone_authtoken.service_token_roles_required set to False. This is backwards compatible but deprecated behaviour. Please set this to True.
Sep 19 16:27:18 jammy-provider-cloud-0000007672 devstack@g-api.service[104963]: DEBUG glance.common.config [None req-a1ef33ad-2b92-4a71-a09e-83c1ff75970e None None] ******************************************************************************** {{(pid=104963) log_opt_values /opt/stack/data/venv/lib/python3.10/site-packages/oslo_config/cfg.py:2806}}
Sep 19 16:27:18 jammy-provider-cloud-0000007672 devstack@g-api.service[104963]: DEBUG glance.common.config [None req-a1ef33ad-2b92-4a71-a09e-83c1ff75970e None None] Configuration options gathered from: {{(pid=104963) log_opt_values /opt/stack/data/venv/lib/python3.10/site-packages/oslo_config/cfg.py:2807}}
Sep 19 16:27:18 jammy-provider-cloud-0000007672 devstack@g-api.service[104963]: DEBUG glance.common.config [None req-a1ef33ad-2b92-4a71-a09e-83c1ff75970e None None] command line args: [] {{(pid=104963) log_opt_values /opt/stack/data/venv/lib/python3.10/site-packages/oslo_config/cfg.py:2808}}
Sep 19 16:27:18 jammy-provider-cloud-0000007672 devstack@g-api.service[104963]: DEBUG glance.common.config [None req-a1ef33ad-2b92-4a71-a09e-83c1ff75970e None None] config files: ['/etc/glance/glance-image-import.conf', '/etc/glance/glance-api.conf'] {{(pid=104963) log_opt_values /opt/stack/data/venv/lib/python3.10/site-packages/oslo_config/cfg.py:2809}}
Sep 19 16:27:18 jammy-provider-cloud-0000007672 devstack@g-api.service[104963]: DEBUG glance.common.config [None req-a1ef33ad-2b92-4a71-a09e-83c1ff75970e None None] ================================================================================ {{(pid=104963) log_opt_values /opt/stack/data/venv/lib/python3.10/site-packages/oslo_config/cfg.py:2811}}
Sep 19 16:27:18 jammy-provider-cloud-0000007672 devstack@g-api.service[104963]: DEBUG glance.common.config [None req-a1ef33ad-2b92-4a71-a09e-83c1ff75970e None None] allow_anonymous_access         = False {{(pid=104963) log_opt_values /opt/stack/data/venv/lib/python3.10/site-packages/oslo_config/cfg.py:2819}}
Sep 19 16:27:18 jammy-provider-cloud-0000007672 devstack@g-api.service[104963]: DEBUG glance.common.config [None req-a1ef33ad-2b92-4a71-a09e-83c1ff75970e None None] api_limit_max                  = 1000 {{(pid=104963) log_opt_values /opt/stack/data/venv/lib/python3.10/site-packages/oslo_config/cfg.py:2819}}
Sep 19 16:27:18 jammy-provider-cloud-0000007672 devstack@g-api.service[104963]: DEBUG glance.common.config [None req-a1ef33ad-2b92-4a71-a09e-83c1ff75970e None None] backlog                        = 4096 {{(pid=104963) log_opt_values /opt/stack/data/venv/lib/python3.10/site-packages/oslo_config/cfg.py:2819}}
Sep 19 16:27:18 jammy-provider-cloud-0000007672 devstack@g-api.service[104963]: DEBUG glance.common.config [None req-a1ef33ad-2b92-4a71-a09e-83c1ff75970e None None] bind_host                      = 0.0.0.0 {{(pid=104963) log_opt_values /opt/stack/data/venv/lib/python3.10/site-packages/oslo_config/cfg.py:2819}}
Sep 19 16:27:18 jammy-provider-cloud-0000007672 devstack@g-api.service[104963]: DEBUG glance.common.config [None req-a1ef33ad-2b92-4a71-a09e-83c1ff75970e None None] bind_port                      = None {{(pid=104963) log_opt_values /opt/stack/data/venv/lib/python3.10/site-packages/oslo_config/cfg.py:2819}}
Sep 19 16:27:18 jammy-provider-cloud-0000007672 devstack@g-api.service[104963]: DEBUG glance.common.config [None req-a1ef33ad-2b92-4a71-a09e-83c1ff75970e None None] client_socket_timeout          = 900 {{(pid=104963) log_opt_values /opt/stack/data/venv/lib/python3.10/site-packages/oslo_config/cfg.py:2819}}
Sep 19 16:27:18 jammy-provider-cloud-0000007672 devstack@g-api.service[104963]: DEBUG glance.common.config [None req-a1ef33ad-2b92-4a71-a09e-83c1ff75970e None None] config_dir                     = [] {{(pid=104963) log_opt_values /opt/stack/data/venv/lib/python3.10/site-packages/oslo_config/cfg.py:2819}}
Sep 19 16:27:18 jammy-provider-cloud-0000007672 devstack@g-api.service[104963]: DEBUG glance.common.config [None req-a1ef33ad-2b92-4a71-a09e-83c1ff75970e None None] config_file                    = ['/etc/glance/glance-image-import.conf', '/etc/glance/glance-api.conf'] {{(pid=104963) log_opt_values /opt/stack/data/venv/lib/python3.10/site-packages/oslo_config/cfg.py:2819}}
Sep 19 16:27:18 jammy-provider-cloud-0000007672 devstack@g-api.service[104963]: DEBUG glance.common.config [None req-a1ef33ad-2b92-4a71-a09e-83c1ff75970e None None] config_source                  = [] {{(pid=104963) log_opt_values /opt/stack/data/venv/lib/python3.10/site-packages/oslo_config/cfg.py:2819}}
Sep 19 16:27:18 jammy-provider-cloud-0000007672 devstack@g-api.service[104962]: WARNING keystonemiddleware.auth_token [None req-24d6c2ac-3228-4e93-889d-2cb05c3bf3f2 None None] Configuring www_authenticate_uri to point to the public identity endpoint is required; clients may not be able to authenticate against an admin endpoint
Sep 19 16:27:18 jammy-provider-cloud-0000007672 devstack@g-api.service[104963]: DEBUG glance.common.config [None req-a1ef33ad-2b92-4a71-a09e-83c1ff75970e None None] control_exchange               = glance {{(pid=104963) log_opt_values /opt/stack/data/venv/lib/python3.10/site-packages/oslo_config/cfg.py:2819}}
Sep 19 16:27:18 jammy-provider-cloud-0000007672 devstack@g-api.service[104963]: DEBUG glance.common.config [None req-a1ef33ad-2b92-4a71-a09e-83c1ff75970e None None] debug                          = True {{(pid=104963) log_opt_values /opt/stack/data/venv/lib/python3.10/site-packages/oslo_config/cfg.py:2819}}
Sep 19 16:27:18 jammy-provider-cloud-0000007672 devstack@g-api.service[104963]: DEBUG glance.common.config [None req-a1ef33ad-2b92-4a71-a09e-83c1ff75970e None None] default_log_levels             = ['amqp=WARN', 'amqplib=WARN', 'boto=WARN', 'qpid=WARN', 'sqlalchemy=WARN', 'suds=INFO', 'oslo.messaging=INFO', 'oslo_messaging=INFO', 'iso8601=WARN', 'requests.packages.urllib3.connectionpool=WARN', 'urllib3.connectionpool=WARN', 'websocket=WARN', 'requests.packages.urllib3.util.retry=WARN', 'urllib3.util.retry=WARN', 'keystonemiddleware=WARN', 'routes.middleware=WARN', 'stevedore=WARN', 'taskflow=WARN', 'keystoneauth=WARN', 'oslo.cache=INFO', 'oslo_policy=INFO', 'dogpile.core.dogpile=INFO'] {{(pid=104963) log_opt_values /opt/stack/data/venv/lib/python3.10/site-packages/oslo_config/cfg.py:2819}}
Sep 19 16:27:18 jammy-provider-cloud-0000007672 devstack@g-api.service[104963]: DEBUG glance.common.config [None req-a1ef33ad-2b92-4a71-a09e-83c1ff75970e None None] default_publisher_id           = image.localhost {{(pid=104963) log_opt_values /opt/stack/data/venv/lib/python3.10/site-packages/oslo_config/cfg.py:2819}}
Sep 19 16:27:18 jammy-provider-cloud-0000007672 devstack@g-api.service[104963]: DEBUG glance.common.config [None req-a1ef33ad-2b92-4a71-a09e-83c1ff75970e None None] delayed_delete                 = False {{(pid=104963) log_opt_values /opt/stack/data/venv/lib/python3.10/site-packages/oslo_config/cfg.py:2819}}
Sep 19 16:27:18 jammy-provider-cloud-0000007672 devstack@g-api.service[104963]: DEBUG glance.common.config [None req-a1ef33ad-2b92-4a71-a09e-83c1ff75970e None None] digest_algorithm               = sha256 {{(pid=104963) log_opt_values /opt/stack/data/venv/lib/python3.10/site-packages/oslo_config/cfg.py:2819}}
Sep 19 16:27:18 jammy-provider-cloud-0000007672 devstack@g-api.service[104963]: DEBUG glance.common.config [None req-a1ef33ad-2b92-4a71-a09e-83c1ff75970e None None] disabled_notifications         = [] {{(pid=104963) log_opt_values /opt/stack/data/venv/lib/python3.10/site-packages/oslo_config/cfg.py:2819}}
Sep 19 16:27:18 jammy-provider-cloud-0000007672 devstack@g-api.service[104963]: DEBUG glance.common.config [None req-a1ef33ad-2b92-4a71-a09e-83c1ff75970e None None] do_secure_hash                 = True {{(pid=104963) log_opt_values /opt/stack/data/venv/lib/python3.10/site-packages/oslo_config/cfg.py:2819}}
Sep 19 16:27:18 jammy-provider-cloud-0000007672 devstack@g-api.service[104963]: DEBUG glance.common.config [None req-a1ef33ad-2b92-4a71-a09e-83c1ff75970e None None] enabled_backends               = None {{(pid=104963) log_opt_values /opt/stack/data/venv/lib/python3.10/site-packages/oslo_config/cfg.py:2819}}
Sep 19 16:27:18 jammy-provider-cloud-0000007672 devstack@g-api.service[104963]: DEBUG glance.common.config [None req-a1ef33ad-2b92-4a71-a09e-83c1ff75970e None None] enabled_import_methods         = ['glance-direct', 'web-download', 'copy-image'] {{(pid=104963) log_opt_values /opt/stack/data/venv/lib/python3.10/site-packages/oslo_config/cfg.py:2819}}
Sep 19 16:27:18 jammy-provider-cloud-0000007672 devstack@g-api.service[104963]: DEBUG glance.common.config [None req-a1ef33ad-2b92-4a71-a09e-83c1ff75970e None None] hashing_algorithm              = sha512 {{(pid=104963) log_opt_values /opt/stack/data/venv/lib/python3.10/site-packages/oslo_config/cfg.py:2819}}
Sep 19 16:27:18 jammy-provider-cloud-0000007672 devstack@g-api.service[104963]: DEBUG glance.common.config [None req-a1ef33ad-2b92-4a71-a09e-83c1ff75970e None None] http_keepalive                 = True {{(pid=104963) log_opt_values /opt/stack/data/venv/lib/python3.10/site-packages/oslo_config/cfg.py:2819}}
Sep 19 16:27:18 jammy-provider-cloud-0000007672 devstack@g-api.service[104963]: DEBUG glance.common.config [None req-a1ef33ad-2b92-4a71-a09e-83c1ff75970e None None] http_retries                   = 3 {{(pid=104963) log_opt_values /opt/stack/data/venv/lib/python3.10/site-packages/oslo_config/cfg.py:2819}}
Sep 19 16:27:18 jammy-provider-cloud-0000007672 devstack@g-api.service[104963]: DEBUG glance.common.config [None req-a1ef33ad-2b92-4a71-a09e-83c1ff75970e None None] image_cache_dir                = /opt/stack/data/glance/cache/ {{(pid=104963) log_opt_values /opt/stack/data/venv/lib/python3.10/site-packages/oslo_config/cfg.py:2819}}
Sep 19 16:27:18 jammy-provider-cloud-0000007672 devstack@g-api.service[104963]: DEBUG glance.common.config [None req-a1ef33ad-2b92-4a71-a09e-83c1ff75970e None None] image_cache_driver             = centralized_db {{(pid=104963) log_opt_values /opt/stack/data/venv/lib/python3.10/site-packages/oslo_config/cfg.py:2819}}
Sep 19 16:27:18 jammy-provider-cloud-0000007672 devstack@g-api.service[104963]: DEBUG glance.common.config [None req-a1ef33ad-2b92-4a71-a09e-83c1ff75970e None None] image_cache_max_size           = 10737418240 {{(pid=104963) log_opt_values /opt/stack/data/venv/lib/python3.10/site-packages/oslo_config/cfg.py:2819}}
Sep 19 16:27:18 jammy-provider-cloud-0000007672 devstack@g-api.service[104963]: DEBUG glance.common.config [None req-a1ef33ad-2b92-4a71-a09e-83c1ff75970e None None] image_cache_sqlite_db          = cache.db {{(pid=104963) log_opt_values /opt/stack/data/venv/lib/python3.10/site-packages/oslo_config/cfg.py:2819}}
Sep 19 16:27:18 jammy-provider-cloud-0000007672 devstack@g-api.service[104963]: DEBUG glance.common.config [None req-a1ef33ad-2b92-4a71-a09e-83c1ff75970e None None] image_cache_stall_time         = 86400 {{(pid=104963) log_opt_values /opt/stack/data/venv/lib/python3.10/site-packages/oslo_config/cfg.py:2819}}
Sep 19 16:27:18 jammy-provider-cloud-0000007672 devstack@g-api.service[104963]: DEBUG glance.common.config [None req-a1ef33ad-2b92-4a71-a09e-83c1ff75970e None None] image_location_quota           = 10 {{(pid=104963) log_opt_values /opt/stack/data/venv/lib/python3.10/site-packages/oslo_config/cfg.py:2819}}
Sep 19 16:27:18 jammy-provider-cloud-0000007672 devstack@g-api.service[104963]: DEBUG glance.common.config [None req-a1ef33ad-2b92-4a71-a09e-83c1ff75970e None None] image_member_quota             = 128 {{(pid=104963) log_opt_values /opt/stack/data/venv/lib/python3.10/site-packages/oslo_config/cfg.py:2819}}
Sep 19 16:27:18 jammy-provider-cloud-0000007672 devstack@g-api.service[104963]: DEBUG glance.common.config [None req-a1ef33ad-2b92-4a71-a09e-83c1ff75970e None None] image_property_quota           = 128 {{(pid=104963) log_opt_values /opt/stack/data/venv/lib/python3.10/site-packages/oslo_config/cfg.py:2819}}
Sep 19 16:27:18 jammy-provider-cloud-0000007672 devstack@g-api.service[104963]: DEBUG glance.common.config [None req-a1ef33ad-2b92-4a71-a09e-83c1ff75970e None None] image_size_cap                 = 1099511627776 {{(pid=104963) log_opt_values /opt/stack/data/venv/lib/python3.10/site-packages/oslo_config/cfg.py:2819}}
Sep 19 16:27:18 jammy-provider-cloud-0000007672 devstack@g-api.service[104963]: DEBUG glance.common.config [None req-a1ef33ad-2b92-4a71-a09e-83c1ff75970e None None] image_tag_quota                = 128 {{(pid=104963) log_opt_values /opt/stack/data/venv/lib/python3.10/site-packages/oslo_config/cfg.py:2819}}
Sep 19 16:27:18 jammy-provider-cloud-0000007672 devstack@g-api.service[104963]: DEBUG glance.common.config [None req-a1ef33ad-2b92-4a71-a09e-83c1ff75970e None None] instance_format                = [instance: %(uuid)s]  {{(pid=104963) log_opt_values /opt/stack/data/venv/lib/python3.10/site-packages/oslo_config/cfg.py:2819}}
Sep 19 16:27:18 jammy-provider-cloud-0000007672 devstack@g-api.service[104963]: DEBUG glance.common.config [None req-a1ef33ad-2b92-4a71-a09e-83c1ff75970e None None] instance_uuid_format           = [instance: %(uuid)s]  {{(pid=104963) log_opt_values /opt/stack/data/venv/lib/python3.10/site-packages/oslo_config/cfg.py:2819}}
Sep 19 16:27:18 jammy-provider-cloud-0000007672 devstack@g-api.service[104963]: DEBUG glance.common.config [None req-a1ef33ad-2b92-4a71-a09e-83c1ff75970e None None] limit_param_default            = 25 {{(pid=104963) log_opt_values /opt/stack/data/venv/lib/python3.10/site-packages/oslo_config/cfg.py:2819}}
Sep 19 16:27:18 jammy-provider-cloud-0000007672 devstack@g-api.service[104963]: DEBUG glance.common.config [None req-a1ef33ad-2b92-4a71-a09e-83c1ff75970e None None] log_color                      = True {{(pid=104963) log_opt_values /opt/stack/data/venv/lib/python3.10/site-packages/oslo_config/cfg.py:2819}}
Sep 19 16:27:18 jammy-provider-cloud-0000007672 devstack@g-api.service[104963]: DEBUG glance.common.config [None req-a1ef33ad-2b92-4a71-a09e-83c1ff75970e None None] log_config_append              = None {{(pid=104963) log_opt_values /opt/stack/data/venv/lib/python3.10/site-packages/oslo_config/cfg.py:2819}}
Sep 19 16:27:18 jammy-provider-cloud-0000007672 devstack@g-api.service[104963]: DEBUG glance.common.config [None req-a1ef33ad-2b92-4a71-a09e-83c1ff75970e None None] log_date_format                = %Y-%m-%d %H:%M:%S {{(pid=104963) log_opt_values /opt/stack/data/venv/lib/python3.10/site-packages/oslo_config/cfg.py:2819}}
Sep 19 16:27:18 jammy-provider-cloud-0000007672 devstack@g-api.service[104962]: DEBUG glance.common.config [None req-24d6c2ac-3228-4e93-889d-2cb05c3bf3f2 None None] ******************************************************************************** {{(pid=104962) log_opt_values /opt/stack/data/venv/lib/python3.10/site-packages/oslo_config/cfg.py:2806}}
Sep 19 16:27:18 jammy-provider-cloud-0000007672 devstack@g-api.service[104963]: DEBUG glance.common.config [None req-a1ef33ad-2b92-4a71-a09e-83c1ff75970e None None] log_dir                        = None {{(pid=104963) log_opt_values /opt/stack/data/venv/lib/python3.10/site-packages/oslo_config/cfg.py:2819}}
Sep 19 16:27:18 jammy-provider-cloud-0000007672 devstack@g-api.service[104962]: DEBUG glance.common.config [None req-24d6c2ac-3228-4e93-889d-2cb05c3bf3f2 None None] Configuration options gathered from: {{(pid=104962) log_opt_values /opt/stack/data/venv/lib/python3.10/site-packages/oslo_config/cfg.py:2807}}
Sep 19 16:27:18 jammy-provider-cloud-0000007672 devstack@g-api.service[104963]: DEBUG glance.common.config [None req-a1ef33ad-2b92-4a71-a09e-83c1ff75970e None None] log_file                       = None {{(pid=104963) log_opt_values /opt/stack/data/venv/lib/python3.10/site-packages/oslo_config/cfg.py:2819}}
Sep 19 16:27:18 jammy-provider-cloud-0000007672 devstack@g-api.service[104963]: DEBUG glance.common.config [None req-a1ef33ad-2b92-4a71-a09e-83c1ff75970e None None] log_rotate_interval            = 1 {{(pid=104963) log_opt_values /opt/stack/data/venv/lib/python3.10/site-packages/oslo_config/cfg.py:2819}}
Sep 19 16:27:18 jammy-provider-cloud-0000007672 devstack@g-api.service[104963]: DEBUG glance.common.config [None req-a1ef33ad-2b92-4a71-a09e-83c1ff75970e None None] log_rotate_interval_type       = days {{(pid=104963) log_opt_values /opt/stack/data/venv/lib/python3.10/site-packages/oslo_config/cfg.py:2819}}
Sep 19 16:27:18 jammy-provider-cloud-0000007672 devstack@g-api.service[104963]: DEBUG glance.common.config [None req-a1ef33ad-2b92-4a71-a09e-83c1ff75970e None None] log_rotation_type              = none {{(pid=104963) log_opt_values /opt/stack/data/venv/lib/python3.10/site-packages/oslo_config/cfg.py:2819}}
