Aug 30 20:50:07 jammy-provider-cloud-0000007545 systemd[1]: Starting Devstack devstack@g-api.service...
Aug 30 20:50:07 jammy-provider-cloud-0000007545 devstack@g-api.service[104477]: [uWSGI] getting INI configuration from /etc/glance/glance-uwsgi.ini
Aug 30 20:50:07 jammy-provider-cloud-0000007545 devstack@g-api.service[104477]: *** Starting uWSGI 2.0.20-debian (64bit) on [Fri Aug 30 20:50:07 2024] ***
Aug 30 20:50:07 jammy-provider-cloud-0000007545 devstack@g-api.service[104477]: compiled with version: 11.2.0 on 21 March 2022 11:00:44
Aug 30 20:50:07 jammy-provider-cloud-0000007545 devstack@g-api.service[104477]: os: Linux-5.15.0-107-generic #117-Ubuntu SMP Fri Apr 26 12:26:49 UTC 2024
Aug 30 20:50:07 jammy-provider-cloud-0000007545 devstack@g-api.service[104477]: nodename: jammy-provider-cloud-0000007545
Aug 30 20:50:07 jammy-provider-cloud-0000007545 devstack@g-api.service[104477]: machine: x86_64
Aug 30 20:50:07 jammy-provider-cloud-0000007545 devstack@g-api.service[104477]: clock source: unix
Aug 30 20:50:07 jammy-provider-cloud-0000007545 devstack@g-api.service[104477]: pcre jit disabled
Aug 30 20:50:07 jammy-provider-cloud-0000007545 devstack@g-api.service[104477]: detected number of CPU cores: 4
Aug 30 20:50:07 jammy-provider-cloud-0000007545 devstack@g-api.service[104477]: current working directory: /
Aug 30 20:50:07 jammy-provider-cloud-0000007545 devstack@g-api.service[104477]: detected binary path: /usr/bin/uwsgi-core
Aug 30 20:50:07 jammy-provider-cloud-0000007545 devstack@g-api.service[104477]: your processes number limit is 31298
Aug 30 20:50:07 jammy-provider-cloud-0000007545 devstack@g-api.service[104477]: your memory page size is 4096 bytes
Aug 30 20:50:07 jammy-provider-cloud-0000007545 devstack@g-api.service[104477]: detected max file descriptor number: 2048
Aug 30 20:50:07 jammy-provider-cloud-0000007545 devstack@g-api.service[104477]: lock engine: pthread robust mutexes
Aug 30 20:50:07 jammy-provider-cloud-0000007545 devstack@g-api.service[104477]: thunder lock: enabled
Aug 30 20:50:07 jammy-provider-cloud-0000007545 devstack@g-api.service[104477]: uwsgi socket 0 bound to TCP address 127.0.0.1:60999 fd 4
Aug 30 20:50:07 jammy-provider-cloud-0000007545 devstack@g-api.service[104477]: Python version: 3.10.12 (main, Jul 29 2024, 16:56:48) [GCC 11.4.0]
Aug 30 20:50:07 jammy-provider-cloud-0000007545 devstack@g-api.service[104477]: PEP 405 virtualenv detected: /opt/stack/data/venv
Aug 30 20:50:07 jammy-provider-cloud-0000007545 devstack@g-api.service[104477]: Set PythonHome to /opt/stack/data/venv
Aug 30 20:50:07 jammy-provider-cloud-0000007545 devstack@g-api.service[104477]: Python main interpreter initialized at 0x562a0b4d5e00
Aug 30 20:50:07 jammy-provider-cloud-0000007545 devstack@g-api.service[104477]: python threads support enabled
Aug 30 20:50:07 jammy-provider-cloud-0000007545 devstack@g-api.service[104477]: your server socket listen backlog is limited to 100 connections
Aug 30 20:50:07 jammy-provider-cloud-0000007545 devstack@g-api.service[104477]: your mercy for graceful operations on workers is 80 seconds
Aug 30 20:50:07 jammy-provider-cloud-0000007545 devstack@g-api.service[104477]: mapped 403077 bytes (393 KB) for 2 cores
Aug 30 20:50:07 jammy-provider-cloud-0000007545 devstack@g-api.service[104477]: *** Operational MODE: preforking ***
Aug 30 20:50:07 jammy-provider-cloud-0000007545 devstack@g-api.service[104477]: *** uWSGI is running in multiple interpreter mode ***
Aug 30 20:50:07 jammy-provider-cloud-0000007545 devstack@g-api.service[104477]: spawned uWSGI master process (pid: 104477)
Aug 30 20:50:07 jammy-provider-cloud-0000007545 systemd[1]: Started Devstack devstack@g-api.service.
Aug 30 20:50:07 jammy-provider-cloud-0000007545 devstack@g-api.service[104477]: spawned uWSGI worker 1 (pid: 104479, cores: 1)
Aug 30 20:50:07 jammy-provider-cloud-0000007545 devstack@g-api.service[104477]: spawned uWSGI worker 2 (pid: 104480, cores: 1)
Aug 30 20:50:07 jammy-provider-cloud-0000007545 devstack@g-api.service[104477]: running "unix_signal:15 gracefully_kill_them_all" (master-start)...
Aug 30 20:50:08 jammy-provider-cloud-0000007545 devstack@g-api.service[104480]: INFO glance.async_ [-] Threadpool model set to 'NativeThreadPoolModel'
Aug 30 20:50:08 jammy-provider-cloud-0000007545 devstack@g-api.service[104479]: INFO glance.async_ [-] Threadpool model set to 'NativeThreadPoolModel'
Aug 30 20:50:08 jammy-provider-cloud-0000007545 devstack@g-api.service[104479]: DEBUG oslo_concurrency.processutils [-] Running cmd (subprocess): grep -F node.session.scan /sbin/iscsiadm {{(pid=104479) execute /opt/stack/data/venv/lib/python3.10/site-packages/oslo_concurrency/processutils.py:390}}
Aug 30 20:50:08 jammy-provider-cloud-0000007545 devstack@g-api.service[104480]: DEBUG oslo_concurrency.processutils [-] Running cmd (subprocess): grep -F node.session.scan /sbin/iscsiadm {{(pid=104480) execute /opt/stack/data/venv/lib/python3.10/site-packages/oslo_concurrency/processutils.py:390}}
Aug 30 20:50:08 jammy-provider-cloud-0000007545 devstack@g-api.service[104479]: DEBUG oslo_concurrency.processutils [-] CMD "grep -F node.session.scan /sbin/iscsiadm" returned: 0 in 0.007s {{(pid=104479) execute /opt/stack/data/venv/lib/python3.10/site-packages/oslo_concurrency/processutils.py:428}}
Aug 30 20:50:08 jammy-provider-cloud-0000007545 devstack@g-api.service[104480]: DEBUG oslo_concurrency.processutils [-] CMD "grep -F node.session.scan /sbin/iscsiadm" returned: 0 in 0.007s {{(pid=104480) execute /opt/stack/data/venv/lib/python3.10/site-packages/oslo_concurrency/processutils.py:428}}
Aug 30 20:50:08 jammy-provider-cloud-0000007545 devstack@g-api.service[104479]: DEBUG glance_store.common.attachment_state_manager [-] Initialising _AttachmentStateManager {{(pid=104479) __init__ /opt/stack/data/venv/lib/python3.10/site-packages/glance_store/common/attachment_state_manager.py:86}}
Aug 30 20:50:08 jammy-provider-cloud-0000007545 devstack@g-api.service[104480]: DEBUG glance_store.common.attachment_state_manager [-] Initialising _AttachmentStateManager {{(pid=104480) __init__ /opt/stack/data/venv/lib/python3.10/site-packages/glance_store/common/attachment_state_manager.py:86}}
Aug 30 20:50:08 jammy-provider-cloud-0000007545 devstack@g-api.service[104479]: DEBUG glance_store.backend [-] Attempting to import store cinder {{(pid=104479) _load_store /opt/stack/data/venv/lib/python3.10/site-packages/glance_store/backend.py:216}}
Aug 30 20:50:08 jammy-provider-cloud-0000007545 devstack@g-api.service[104479]: DEBUG glance_store.backend [-] Attempting to import store file {{(pid=104479) _load_store /opt/stack/data/venv/lib/python3.10/site-packages/glance_store/backend.py:216}}
Aug 30 20:50:08 jammy-provider-cloud-0000007545 devstack@g-api.service[104479]: DEBUG glance_store.backend [-] Attempting to import store glance.store.cinder.Store {{(pid=104479) _load_store /opt/stack/data/venv/lib/python3.10/site-packages/glance_store/backend.py:216}}
Aug 30 20:50:08 jammy-provider-cloud-0000007545 devstack@g-api.service[104479]: DEBUG glance_store.backend [-] Attempting to import store glance.store.filesystem.Store {{(pid=104479) _load_store /opt/stack/data/venv/lib/python3.10/site-packages/glance_store/backend.py:216}}
Aug 30 20:50:08 jammy-provider-cloud-0000007545 devstack@g-api.service[104479]: DEBUG glance_store.backend [-] Attempting to import store glance.store.http.Store {{(pid=104479) _load_store /opt/stack/data/venv/lib/python3.10/site-packages/glance_store/backend.py:216}}
Aug 30 20:50:08 jammy-provider-cloud-0000007545 devstack@g-api.service[104479]: DEBUG glance_store.backend [-] Attempting to import store glance.store.rbd.Store {{(pid=104479) _load_store /opt/stack/data/venv/lib/python3.10/site-packages/glance_store/backend.py:216}}
Aug 30 20:50:08 jammy-provider-cloud-0000007545 devstack@g-api.service[104479]: DEBUG glance_store.backend [-] Attempting to import store glance.store.s3.Store {{(pid=104479) _load_store /opt/stack/data/venv/lib/python3.10/site-packages/glance_store/backend.py:216}}
Aug 30 20:50:08 jammy-provider-cloud-0000007545 devstack@g-api.service[104479]: DEBUG glance_store.backend [-] Attempting to import store glance.store.swift.Store {{(pid=104479) _load_store /opt/stack/data/venv/lib/python3.10/site-packages/glance_store/backend.py:216}}
Aug 30 20:50:08 jammy-provider-cloud-0000007545 devstack@g-api.service[104479]: DEBUG glance_store.backend [-] Attempting to import store glance.store.vmware_datastore.Store {{(pid=104479) _load_store /opt/stack/data/venv/lib/python3.10/site-packages/glance_store/backend.py:216}}
Aug 30 20:50:08 jammy-provider-cloud-0000007545 devstack@g-api.service[104479]: DEBUG glance_store.backend [-] Attempting to import store http {{(pid=104479) _load_store /opt/stack/data/venv/lib/python3.10/site-packages/glance_store/backend.py:216}}
Aug 30 20:50:08 jammy-provider-cloud-0000007545 devstack@g-api.service[104479]: DEBUG glance_store.backend [-] Attempting to import store no_conf {{(pid=104479) _load_store /opt/stack/data/venv/lib/python3.10/site-packages/glance_store/backend.py:216}}
Aug 30 20:50:08 jammy-provider-cloud-0000007545 devstack@g-api.service[104479]: DEBUG glance_store.backend [-] Attempting to import store rbd {{(pid=104479) _load_store /opt/stack/data/venv/lib/python3.10/site-packages/glance_store/backend.py:216}}
Aug 30 20:50:08 jammy-provider-cloud-0000007545 devstack@g-api.service[104479]: DEBUG glance_store.backend [-] Attempting to import store s3 {{(pid=104479) _load_store /opt/stack/data/venv/lib/python3.10/site-packages/glance_store/backend.py:216}}
Aug 30 20:50:08 jammy-provider-cloud-0000007545 devstack@g-api.service[104479]: DEBUG glance_store.backend [-] Attempting to import store swift {{(pid=104479) _load_store /opt/stack/data/venv/lib/python3.10/site-packages/glance_store/backend.py:216}}
Aug 30 20:50:08 jammy-provider-cloud-0000007545 devstack@g-api.service[104479]: DEBUG glance_store.backend [-] Attempting to import store vmware {{(pid=104479) _load_store /opt/stack/data/venv/lib/python3.10/site-packages/glance_store/backend.py:216}}
Aug 30 20:50:08 jammy-provider-cloud-0000007545 devstack@g-api.service[104479]: DEBUG glance_store.backend [-] Registering options for group glance_store {{(pid=104479) register_opts /opt/stack/data/venv/lib/python3.10/site-packages/glance_store/backend.py:145}}
Aug 30 20:50:08 jammy-provider-cloud-0000007545 devstack@g-api.service[104479]: DEBUG glance_store.backend [-] Registering options for group glance_store {{(pid=104479) register_opts /opt/stack/data/venv/lib/python3.10/site-packages/glance_store/backend.py:145}}
Aug 30 20:50:08 jammy-provider-cloud-0000007545 devstack@g-api.service[104479]: DEBUG glance_store.backend [-] Attempting to import store http {{(pid=104479) _load_store /opt/stack/data/venv/lib/python3.10/site-packages/glance_store/backend.py:216}}
Aug 30 20:50:08 jammy-provider-cloud-0000007545 devstack@g-api.service[104479]: DEBUG glance_store.capabilities [-] Store glance_store._drivers.http.Store doesn't support updating dynamic storage capabilities. Please overwrite 'update_capabilities' method of the store to implement updating logics if needed. {{(pid=104479) update_capabilities /opt/stack/data/venv/lib/python3.10/site-packages/glance_store/capabilities.py:91}}
Aug 30 20:50:08 jammy-provider-cloud-0000007545 devstack@g-api.service[104479]: DEBUG glance_store.backend [-] Registering store http with schemes ('http', 'https') {{(pid=104479) create_stores /opt/stack/data/venv/lib/python3.10/site-packages/glance_store/backend.py:262}}
Aug 30 20:50:08 jammy-provider-cloud-0000007545 devstack@g-api.service[104479]: DEBUG glance_store.driver [-] Late loading location class glance_store._drivers.http.StoreLocation {{(pid=104479) get_store_location_class /opt/stack/data/venv/lib/python3.10/site-packages/glance_store/driver.py:133}}
Aug 30 20:50:08 jammy-provider-cloud-0000007545 devstack@g-api.service[104479]: DEBUG glance_store.location [-] Registering scheme http with {'store': <glance_store._drivers.http.Store object at 0x7fc5efff4fa0>, 'location_class': <class 'glance_store._drivers.http.StoreLocation'>, 'store_entry': 'http'} {{(pid=104479) register_scheme_map /opt/stack/data/venv/lib/python3.10/site-packages/glance_store/location.py:146}}
Aug 30 20:50:08 jammy-provider-cloud-0000007545 devstack@g-api.service[104479]: DEBUG glance_store.location [-] Registering scheme https with {'store': <glance_store._drivers.http.Store object at 0x7fc5efff4fa0>, 'location_class': <class 'glance_store._drivers.http.StoreLocation'>, 'store_entry': 'http'} {{(pid=104479) register_scheme_map /opt/stack/data/venv/lib/python3.10/site-packages/glance_store/location.py:146}}
Aug 30 20:50:08 jammy-provider-cloud-0000007545 devstack@g-api.service[104479]: DEBUG glance_store.backend [-] Attempting to import store file {{(pid=104479) _load_store /opt/stack/data/venv/lib/python3.10/site-packages/glance_store/backend.py:216}}
Aug 30 20:50:08 jammy-provider-cloud-0000007545 devstack@g-api.service[104479]: DEBUG glance_store.capabilities [-] Store glance_store._drivers.filesystem.Store doesn't support updating dynamic storage capabilities. Please overwrite 'update_capabilities' method of the store to implement updating logics if needed. {{(pid=104479) update_capabilities /opt/stack/data/venv/lib/python3.10/site-packages/glance_store/capabilities.py:91}}
Aug 30 20:50:08 jammy-provider-cloud-0000007545 devstack@g-api.service[104479]: DEBUG glance_store.backend [-] Registering store file with schemes ('file', 'filesystem') {{(pid=104479) create_stores /opt/stack/data/venv/lib/python3.10/site-packages/glance_store/backend.py:262}}
Aug 30 20:50:08 jammy-provider-cloud-0000007545 devstack@g-api.service[104479]: DEBUG glance_store.driver [-] Late loading location class glance_store._drivers.filesystem.StoreLocation {{(pid=104479) get_store_location_class /opt/stack/data/venv/lib/python3.10/site-packages/glance_store/driver.py:133}}
Aug 30 20:50:08 jammy-provider-cloud-0000007545 devstack@g-api.service[104479]: DEBUG glance_store.location [-] Registering scheme file with {'store': <glance_store._drivers.filesystem.Store object at 0x7fc5efff6140>, 'location_class': <class 'glance_store._drivers.filesystem.StoreLocation'>, 'store_entry': 'file'} {{(pid=104479) register_scheme_map /opt/stack/data/venv/lib/python3.10/site-packages/glance_store/location.py:146}}
Aug 30 20:50:08 jammy-provider-cloud-0000007545 devstack@g-api.service[104479]: DEBUG glance_store.location [-] Registering scheme filesystem with {'store': <glance_store._drivers.filesystem.Store object at 0x7fc5efff6140>, 'location_class': <class 'glance_store._drivers.filesystem.StoreLocation'>, 'store_entry': 'file'} {{(pid=104479) register_scheme_map /opt/stack/data/venv/lib/python3.10/site-packages/glance_store/location.py:146}}
Aug 30 20:50:08 jammy-provider-cloud-0000007545 devstack@g-api.service[104479]: DEBUG glance.sqlite_migration [-] SQLite caching database not located, skipping migration {{(pid=104479) get_db_path /opt/stack/glance/glance/sqlite_migration.py:68}}
Aug 30 20:50:08 jammy-provider-cloud-0000007545 devstack@g-api.service[104479]: WARNING glance.common.wsgi_app [-] Import methods are enabled but staging directory /tmp/staging/ does not exist; Imports will fail!
Aug 30 20:50:08 jammy-provider-cloud-0000007545 devstack@g-api.service[104480]: DEBUG glance_store.backend [-] Attempting to import store cinder {{(pid=104480) _load_store /opt/stack/data/venv/lib/python3.10/site-packages/glance_store/backend.py:216}}
Aug 30 20:50:08 jammy-provider-cloud-0000007545 devstack@g-api.service[104480]: DEBUG glance_store.backend [-] Attempting to import store file {{(pid=104480) _load_store /opt/stack/data/venv/lib/python3.10/site-packages/glance_store/backend.py:216}}
Aug 30 20:50:08 jammy-provider-cloud-0000007545 devstack@g-api.service[104480]: DEBUG glance_store.backend [-] Attempting to import store glance.store.cinder.Store {{(pid=104480) _load_store /opt/stack/data/venv/lib/python3.10/site-packages/glance_store/backend.py:216}}
Aug 30 20:50:08 jammy-provider-cloud-0000007545 devstack@g-api.service[104480]: DEBUG glance_store.backend [-] Attempting to import store glance.store.filesystem.Store {{(pid=104480) _load_store /opt/stack/data/venv/lib/python3.10/site-packages/glance_store/backend.py:216}}
Aug 30 20:50:08 jammy-provider-cloud-0000007545 devstack@g-api.service[104480]: DEBUG glance_store.backend [-] Attempting to import store glance.store.http.Store {{(pid=104480) _load_store /opt/stack/data/venv/lib/python3.10/site-packages/glance_store/backend.py:216}}
Aug 30 20:50:08 jammy-provider-cloud-0000007545 devstack@g-api.service[104480]: DEBUG glance_store.backend [-] Attempting to import store glance.store.rbd.Store {{(pid=104480) _load_store /opt/stack/data/venv/lib/python3.10/site-packages/glance_store/backend.py:216}}
Aug 30 20:50:08 jammy-provider-cloud-0000007545 devstack@g-api.service[104480]: DEBUG glance_store.backend [-] Attempting to import store glance.store.s3.Store {{(pid=104480) _load_store /opt/stack/data/venv/lib/python3.10/site-packages/glance_store/backend.py:216}}
Aug 30 20:50:08 jammy-provider-cloud-0000007545 devstack@g-api.service[104480]: DEBUG glance_store.backend [-] Attempting to import store glance.store.swift.Store {{(pid=104480) _load_store /opt/stack/data/venv/lib/python3.10/site-packages/glance_store/backend.py:216}}
Aug 30 20:50:08 jammy-provider-cloud-0000007545 devstack@g-api.service[104480]: DEBUG glance_store.backend [-] Attempting to import store glance.store.vmware_datastore.Store {{(pid=104480) _load_store /opt/stack/data/venv/lib/python3.10/site-packages/glance_store/backend.py:216}}
Aug 30 20:50:08 jammy-provider-cloud-0000007545 devstack@g-api.service[104480]: DEBUG glance_store.backend [-] Attempting to import store http {{(pid=104480) _load_store /opt/stack/data/venv/lib/python3.10/site-packages/glance_store/backend.py:216}}
Aug 30 20:50:08 jammy-provider-cloud-0000007545 devstack@g-api.service[104480]: DEBUG glance_store.backend [-] Attempting to import store no_conf {{(pid=104480) _load_store /opt/stack/data/venv/lib/python3.10/site-packages/glance_store/backend.py:216}}
Aug 30 20:50:08 jammy-provider-cloud-0000007545 devstack@g-api.service[104480]: DEBUG glance_store.backend [-] Attempting to import store rbd {{(pid=104480) _load_store /opt/stack/data/venv/lib/python3.10/site-packages/glance_store/backend.py:216}}
Aug 30 20:50:08 jammy-provider-cloud-0000007545 devstack@g-api.service[104480]: DEBUG glance_store.backend [-] Attempting to import store s3 {{(pid=104480) _load_store /opt/stack/data/venv/lib/python3.10/site-packages/glance_store/backend.py:216}}
Aug 30 20:50:08 jammy-provider-cloud-0000007545 devstack@g-api.service[104480]: DEBUG glance_store.backend [-] Attempting to import store swift {{(pid=104480) _load_store /opt/stack/data/venv/lib/python3.10/site-packages/glance_store/backend.py:216}}
Aug 30 20:50:08 jammy-provider-cloud-0000007545 devstack@g-api.service[104480]: DEBUG glance_store.backend [-] Attempting to import store vmware {{(pid=104480) _load_store /opt/stack/data/venv/lib/python3.10/site-packages/glance_store/backend.py:216}}
Aug 30 20:50:08 jammy-provider-cloud-0000007545 devstack@g-api.service[104480]: DEBUG glance_store.backend [-] Registering options for group glance_store {{(pid=104480) register_opts /opt/stack/data/venv/lib/python3.10/site-packages/glance_store/backend.py:145}}
Aug 30 20:50:08 jammy-provider-cloud-0000007545 devstack@g-api.service[104480]: DEBUG glance_store.backend [-] Registering options for group glance_store {{(pid=104480) register_opts /opt/stack/data/venv/lib/python3.10/site-packages/glance_store/backend.py:145}}
Aug 30 20:50:08 jammy-provider-cloud-0000007545 devstack@g-api.service[104480]: DEBUG glance_store.backend [-] Attempting to import store http {{(pid=104480) _load_store /opt/stack/data/venv/lib/python3.10/site-packages/glance_store/backend.py:216}}
Aug 30 20:50:08 jammy-provider-cloud-0000007545 devstack@g-api.service[104480]: DEBUG glance_store.capabilities [-] Store glance_store._drivers.http.Store doesn't support updating dynamic storage capabilities. Please overwrite 'update_capabilities' method of the store to implement updating logics if needed. {{(pid=104480) update_capabilities /opt/stack/data/venv/lib/python3.10/site-packages/glance_store/capabilities.py:91}}
Aug 30 20:50:08 jammy-provider-cloud-0000007545 devstack@g-api.service[104480]: DEBUG glance_store.backend [-] Registering store http with schemes ('http', 'https') {{(pid=104480) create_stores /opt/stack/data/venv/lib/python3.10/site-packages/glance_store/backend.py:262}}
Aug 30 20:50:08 jammy-provider-cloud-0000007545 devstack@g-api.service[104480]: DEBUG glance_store.driver [-] Late loading location class glance_store._drivers.http.StoreLocation {{(pid=104480) get_store_location_class /opt/stack/data/venv/lib/python3.10/site-packages/glance_store/driver.py:133}}
Aug 30 20:50:08 jammy-provider-cloud-0000007545 devstack@g-api.service[104480]: DEBUG glance_store.location [-] Registering scheme http with {'store': <glance_store._drivers.http.Store object at 0x7fc5efff4fa0>, 'location_class': <class 'glance_store._drivers.http.StoreLocation'>, 'store_entry': 'http'} {{(pid=104480) register_scheme_map /opt/stack/data/venv/lib/python3.10/site-packages/glance_store/location.py:146}}
Aug 30 20:50:08 jammy-provider-cloud-0000007545 devstack@g-api.service[104480]: DEBUG glance_store.location [-] Registering scheme https with {'store': <glance_store._drivers.http.Store object at 0x7fc5efff4fa0>, 'location_class': <class 'glance_store._drivers.http.StoreLocation'>, 'store_entry': 'http'} {{(pid=104480) register_scheme_map /opt/stack/data/venv/lib/python3.10/site-packages/glance_store/location.py:146}}
Aug 30 20:50:08 jammy-provider-cloud-0000007545 devstack@g-api.service[104480]: DEBUG glance_store.backend [-] Attempting to import store file {{(pid=104480) _load_store /opt/stack/data/venv/lib/python3.10/site-packages/glance_store/backend.py:216}}
Aug 30 20:50:08 jammy-provider-cloud-0000007545 devstack@g-api.service[104480]: DEBUG glance_store.capabilities [-] Store glance_store._drivers.filesystem.Store doesn't support updating dynamic storage capabilities. Please overwrite 'update_capabilities' method of the store to implement updating logics if needed. {{(pid=104480) update_capabilities /opt/stack/data/venv/lib/python3.10/site-packages/glance_store/capabilities.py:91}}
Aug 30 20:50:08 jammy-provider-cloud-0000007545 devstack@g-api.service[104480]: DEBUG glance_store.backend [-] Registering store file with schemes ('file', 'filesystem') {{(pid=104480) create_stores /opt/stack/data/venv/lib/python3.10/site-packages/glance_store/backend.py:262}}
Aug 30 20:50:08 jammy-provider-cloud-0000007545 devstack@g-api.service[104480]: DEBUG glance_store.driver [-] Late loading location class glance_store._drivers.filesystem.StoreLocation {{(pid=104480) get_store_location_class /opt/stack/data/venv/lib/python3.10/site-packages/glance_store/driver.py:133}}
Aug 30 20:50:08 jammy-provider-cloud-0000007545 devstack@g-api.service[104480]: DEBUG glance_store.location [-] Registering scheme file with {'store': <glance_store._drivers.filesystem.Store object at 0x7fc5efff6140>, 'location_class': <class 'glance_store._drivers.filesystem.StoreLocation'>, 'store_entry': 'file'} {{(pid=104480) register_scheme_map /opt/stack/data/venv/lib/python3.10/site-packages/glance_store/location.py:146}}
Aug 30 20:50:08 jammy-provider-cloud-0000007545 devstack@g-api.service[104480]: DEBUG glance_store.location [-] Registering scheme filesystem with {'store': <glance_store._drivers.filesystem.Store object at 0x7fc5efff6140>, 'location_class': <class 'glance_store._drivers.filesystem.StoreLocation'>, 'store_entry': 'file'} {{(pid=104480) register_scheme_map /opt/stack/data/venv/lib/python3.10/site-packages/glance_store/location.py:146}}
Aug 30 20:50:08 jammy-provider-cloud-0000007545 devstack@g-api.service[104480]: DEBUG glance.sqlite_migration [-] SQLite caching database not located, skipping migration {{(pid=104480) get_db_path /opt/stack/glance/glance/sqlite_migration.py:68}}
Aug 30 20:50:08 jammy-provider-cloud-0000007545 devstack@g-api.service[104480]: WARNING glance.common.wsgi_app [-] Import methods are enabled but staging directory /tmp/staging/ does not exist; Imports will fail!
Aug 30 20:50:09 jammy-provider-cloud-0000007545 devstack@g-api.service[104479]: DEBUG glance.common.config [None req-dcca5355-94f4-4691-a82f-6635dd8391d8 None None] Loading glance-api-keystone+cachemanagement from /etc/glance/glance-api-paste.ini {{(pid=104479) load_paste_app /opt/stack/glance/glance/common/config.py:726}}
Aug 30 20:50:09 jammy-provider-cloud-0000007545 devstack@g-api.service[104480]: DEBUG glance.common.config [None req-dd198a9f-df7d-4aa1-bc7a-6bc21ddc59b0 None None] Loading glance-api-keystone+cachemanagement from /etc/glance/glance-api-paste.ini {{(pid=104480) load_paste_app /opt/stack/glance/glance/common/config.py:726}}
Aug 30 20:50:09 jammy-provider-cloud-0000007545 devstack@g-api.service[104479]: INFO glance.image_cache [None req-dcca5355-94f4-4691-a82f-6635dd8391d8 None None] Image cache loaded driver 'centralized_db'.
Aug 30 20:50:09 jammy-provider-cloud-0000007545 devstack@g-api.service[104480]: INFO glance.image_cache [None req-dd198a9f-df7d-4aa1-bc7a-6bc21ddc59b0 None None] Image cache loaded driver 'centralized_db'.
Aug 30 20:50:09 jammy-provider-cloud-0000007545 devstack@g-api.service[104479]: INFO dbcounter [None req-dcca5355-94f4-4691-a82f-6635dd8391d8 None None] Registered counter for database glance
Aug 30 20:50:09 jammy-provider-cloud-0000007545 devstack@g-api.service[104480]: INFO dbcounter [None req-dd198a9f-df7d-4aa1-bc7a-6bc21ddc59b0 None None] Registered counter for database glance
Aug 30 20:50:09 jammy-provider-cloud-0000007545 devstack@g-api.service[104479]: DEBUG oslo_db.sqlalchemy.engines [None req-dcca5355-94f4-4691-a82f-6635dd8391d8 None None] MySQL server mode set to STRICT_TRANS_TABLES,STRICT_ALL_TABLES,NO_ZERO_IN_DATE,NO_ZERO_DATE,ERROR_FOR_DIVISION_BY_ZERO,TRADITIONAL,NO_ENGINE_SUBSTITUTION {{(pid=104479) _check_effective_sql_mode /opt/stack/data/venv/lib/python3.10/site-packages/oslo_db/sqlalchemy/engines.py:342}}
Aug 30 20:50:09 jammy-provider-cloud-0000007545 devstack@g-api.service[104480]: DEBUG oslo_db.sqlalchemy.engines [None req-dd198a9f-df7d-4aa1-bc7a-6bc21ddc59b0 None None] MySQL server mode set to STRICT_TRANS_TABLES,STRICT_ALL_TABLES,NO_ZERO_IN_DATE,NO_ZERO_DATE,ERROR_FOR_DIVISION_BY_ZERO,TRADITIONAL,NO_ENGINE_SUBSTITUTION {{(pid=104480) _check_effective_sql_mode /opt/stack/data/venv/lib/python3.10/site-packages/oslo_db/sqlalchemy/engines.py:342}}
Aug 30 20:50:09 jammy-provider-cloud-0000007545 devstack@g-api.service[104479]: DEBUG dbcounter [-] [104479] Writer thread running {{(pid=104479) stat_writer /opt/stack/data/venv/lib/python3.10/site-packages/dbcounter.py:102}}
Aug 30 20:50:09 jammy-provider-cloud-0000007545 devstack@g-api.service[104480]: DEBUG dbcounter [-] [104480] Writer thread running {{(pid=104480) stat_writer /opt/stack/data/venv/lib/python3.10/site-packages/dbcounter.py:102}}
Aug 30 20:50:09 jammy-provider-cloud-0000007545 devstack@g-api.service[104480]: DEBUG glance.image_cache.drivers.centralized_db [None req-dd198a9f-df7d-4aa1-bc7a-6bc21ddc59b0 None None] Node reference is already recorded, ignoring it {{(pid=104480) configure /opt/stack/glance/glance/image_cache/drivers/centralized_db.py:71}}
Aug 30 20:50:09 jammy-provider-cloud-0000007545 devstack@g-api.service[104479]: INFO glance.image_cache [None req-dcca5355-94f4-4691-a82f-6635dd8391d8 None None] Image cache loaded driver 'centralized_db'.
Aug 30 20:50:09 jammy-provider-cloud-0000007545 devstack@g-api.service[104480]: INFO glance.image_cache [None req-dd198a9f-df7d-4aa1-bc7a-6bc21ddc59b0 None None] Image cache loaded driver 'centralized_db'.
Aug 30 20:50:09 jammy-provider-cloud-0000007545 devstack@g-api.service[104479]: DEBUG glance.image_cache.drivers.centralized_db [None req-dcca5355-94f4-4691-a82f-6635dd8391d8 None None] Node reference is already recorded, ignoring it {{(pid=104479) configure /opt/stack/glance/glance/image_cache/drivers/centralized_db.py:71}}
Aug 30 20:50:09 jammy-provider-cloud-0000007545 devstack@g-api.service[104480]: DEBUG glance.image_cache.drivers.centralized_db [None req-dd198a9f-df7d-4aa1-bc7a-6bc21ddc59b0 None None] Node reference is already recorded, ignoring it {{(pid=104480) configure /opt/stack/glance/glance/image_cache/drivers/centralized_db.py:71}}
Aug 30 20:50:09 jammy-provider-cloud-0000007545 devstack@g-api.service[104479]: DEBUG glance.api.v2.cached_images [None req-dcca5355-94f4-4691-a82f-6635dd8391d8 None None] Started cache worker thread {{(pid=104479) __init__ /opt/stack/glance/glance/api/v2/cached_images.py:69}}
Aug 30 20:50:09 jammy-provider-cloud-0000007545 devstack@g-api.service[104479]: INFO glance.image_cache [None req-dcca5355-94f4-4691-a82f-6635dd8391d8 None None] Image cache loaded driver 'centralized_db'.
Aug 30 20:50:09 jammy-provider-cloud-0000007545 devstack@g-api.service[104480]: DEBUG glance.api.v2.cached_images [None req-dd198a9f-df7d-4aa1-bc7a-6bc21ddc59b0 None None] Started cache worker thread {{(pid=104480) __init__ /opt/stack/glance/glance/api/v2/cached_images.py:69}}
Aug 30 20:50:09 jammy-provider-cloud-0000007545 devstack@g-api.service[104480]: INFO glance.image_cache [None req-dd198a9f-df7d-4aa1-bc7a-6bc21ddc59b0 None None] Image cache loaded driver 'centralized_db'.
Aug 30 20:50:09 jammy-provider-cloud-0000007545 devstack@g-api.service[104479]: DEBUG glance.image_cache.drivers.centralized_db [None req-dcca5355-94f4-4691-a82f-6635dd8391d8 None None] Node reference is already recorded, ignoring it {{(pid=104479) configure /opt/stack/glance/glance/image_cache/drivers/centralized_db.py:71}}
Aug 30 20:50:09 jammy-provider-cloud-0000007545 devstack@g-api.service[104479]: INFO glance.api.middleware.cache_manage [None req-dcca5355-94f4-4691-a82f-6635dd8391d8 None None] Initialized image cache management middleware
Aug 30 20:50:09 jammy-provider-cloud-0000007545 devstack@g-api.service[104479]: INFO glance.image_cache [None req-dcca5355-94f4-4691-a82f-6635dd8391d8 None None] Image cache loaded driver 'centralized_db'.
Aug 30 20:50:09 jammy-provider-cloud-0000007545 devstack@g-api.service[104480]: DEBUG glance.image_cache.drivers.centralized_db [None req-dd198a9f-df7d-4aa1-bc7a-6bc21ddc59b0 None None] Node reference is already recorded, ignoring it {{(pid=104480) configure /opt/stack/glance/glance/image_cache/drivers/centralized_db.py:71}}
Aug 30 20:50:09 jammy-provider-cloud-0000007545 devstack@g-api.service[104480]: INFO glance.api.middleware.cache_manage [None req-dd198a9f-df7d-4aa1-bc7a-6bc21ddc59b0 None None] Initialized image cache management middleware
Aug 30 20:50:09 jammy-provider-cloud-0000007545 devstack@g-api.service[104480]: INFO glance.image_cache [None req-dd198a9f-df7d-4aa1-bc7a-6bc21ddc59b0 None None] Image cache loaded driver 'centralized_db'.
Aug 30 20:50:09 jammy-provider-cloud-0000007545 devstack@g-api.service[104479]: DEBUG glance.image_cache.drivers.centralized_db [None req-dcca5355-94f4-4691-a82f-6635dd8391d8 None None] Node reference is already recorded, ignoring it {{(pid=104479) configure /opt/stack/glance/glance/image_cache/drivers/centralized_db.py:71}}
Aug 30 20:50:09 jammy-provider-cloud-0000007545 devstack@g-api.service[104479]: INFO glance.api.middleware.cache [None req-dcca5355-94f4-4691-a82f-6635dd8391d8 None None] Initialized image cache middleware
Aug 30 20:50:09 jammy-provider-cloud-0000007545 devstack@g-api.service[104480]: DEBUG glance.image_cache.drivers.centralized_db [None req-dd198a9f-df7d-4aa1-bc7a-6bc21ddc59b0 None None] Node reference is already recorded, ignoring it {{(pid=104480) configure /opt/stack/glance/glance/image_cache/drivers/centralized_db.py:71}}
Aug 30 20:50:09 jammy-provider-cloud-0000007545 devstack@g-api.service[104479]: WARNING keystonemiddleware.auth_token [None req-dcca5355-94f4-4691-a82f-6635dd8391d8 None None] AuthToken middleware is set with keystone_authtoken.service_token_roles_required set to False. This is backwards compatible but deprecated behaviour. Please set this to True.
Aug 30 20:50:09 jammy-provider-cloud-0000007545 devstack@g-api.service[104480]: INFO glance.api.middleware.cache [None req-dd198a9f-df7d-4aa1-bc7a-6bc21ddc59b0 None None] Initialized image cache middleware
Aug 30 20:50:09 jammy-provider-cloud-0000007545 devstack@g-api.service[104479]: WARNING keystonemiddleware.auth_token [None req-dcca5355-94f4-4691-a82f-6635dd8391d8 None None] Configuring www_authenticate_uri to point to the public identity endpoint is required; clients may not be able to authenticate against an admin endpoint
Aug 30 20:50:09 jammy-provider-cloud-0000007545 devstack@g-api.service[104479]: DEBUG glance.common.config [None req-dcca5355-94f4-4691-a82f-6635dd8391d8 None None] ******************************************************************************** {{(pid=104479) log_opt_values /opt/stack/data/venv/lib/python3.10/site-packages/oslo_config/cfg.py:2806}}
Aug 30 20:50:09 jammy-provider-cloud-0000007545 devstack@g-api.service[104479]: DEBUG glance.common.config [None req-dcca5355-94f4-4691-a82f-6635dd8391d8 None None] Configuration options gathered from: {{(pid=104479) log_opt_values /opt/stack/data/venv/lib/python3.10/site-packages/oslo_config/cfg.py:2807}}
Aug 30 20:50:09 jammy-provider-cloud-0000007545 devstack@g-api.service[104480]: WARNING keystonemiddleware.auth_token [None req-dd198a9f-df7d-4aa1-bc7a-6bc21ddc59b0 None None] AuthToken middleware is set with keystone_authtoken.service_token_roles_required set to False. This is backwards compatible but deprecated behaviour. Please set this to True.
Aug 30 20:50:09 jammy-provider-cloud-0000007545 devstack@g-api.service[104479]: DEBUG glance.common.config [None req-dcca5355-94f4-4691-a82f-6635dd8391d8 None None] command line args: [] {{(pid=104479) log_opt_values /opt/stack/data/venv/lib/python3.10/site-packages/oslo_config/cfg.py:2808}}
Aug 30 20:50:09 jammy-provider-cloud-0000007545 devstack@g-api.service[104479]: DEBUG glance.common.config [None req-dcca5355-94f4-4691-a82f-6635dd8391d8 None None] config files: ['/etc/glance/glance-image-import.conf', '/etc/glance/glance-api.conf'] {{(pid=104479) log_opt_values /opt/stack/data/venv/lib/python3.10/site-packages/oslo_config/cfg.py:2809}}
Aug 30 20:50:09 jammy-provider-cloud-0000007545 devstack@g-api.service[104479]: DEBUG glance.common.config [None req-dcca5355-94f4-4691-a82f-6635dd8391d8 None None] ================================================================================ {{(pid=104479) log_opt_values /opt/stack/data/venv/lib/python3.10/site-packages/oslo_config/cfg.py:2811}}
Aug 30 20:50:09 jammy-provider-cloud-0000007545 devstack@g-api.service[104479]: DEBUG glance.common.config [None req-dcca5355-94f4-4691-a82f-6635dd8391d8 None None] allow_anonymous_access         = False {{(pid=104479) log_opt_values /opt/stack/data/venv/lib/python3.10/site-packages/oslo_config/cfg.py:2819}}
Aug 30 20:50:09 jammy-provider-cloud-0000007545 devstack@g-api.service[104479]: DEBUG glance.common.config [None req-dcca5355-94f4-4691-a82f-6635dd8391d8 None None] api_limit_max                  = 1000 {{(pid=104479) log_opt_values /opt/stack/data/venv/lib/python3.10/site-packages/oslo_config/cfg.py:2819}}
Aug 30 20:50:09 jammy-provider-cloud-0000007545 devstack@g-api.service[104479]: DEBUG glance.common.config [None req-dcca5355-94f4-4691-a82f-6635dd8391d8 None None] backlog                        = 4096 {{(pid=104479) log_opt_values /opt/stack/data/venv/lib/python3.10/site-packages/oslo_config/cfg.py:2819}}
Aug 30 20:50:09 jammy-provider-cloud-0000007545 devstack@g-api.service[104479]: DEBUG glance.common.config [None req-dcca5355-94f4-4691-a82f-6635dd8391d8 None None] bind_host                      = 0.0.0.0 {{(pid=104479) log_opt_values /opt/stack/data/venv/lib/python3.10/site-packages/oslo_config/cfg.py:2819}}
Aug 30 20:50:09 jammy-provider-cloud-0000007545 devstack@g-api.service[104479]: DEBUG glance.common.config [None req-dcca5355-94f4-4691-a82f-6635dd8391d8 None None] bind_port                      = None {{(pid=104479) log_opt_values /opt/stack/data/venv/lib/python3.10/site-packages/oslo_config/cfg.py:2819}}
Aug 30 20:50:09 jammy-provider-cloud-0000007545 devstack@g-api.service[104479]: DEBUG glance.common.config [None req-dcca5355-94f4-4691-a82f-6635dd8391d8 None None] client_socket_timeout          = 900 {{(pid=104479) log_opt_values /opt/stack/data/venv/lib/python3.10/site-packages/oslo_config/cfg.py:2819}}
Aug 30 20:50:09 jammy-provider-cloud-0000007545 devstack@g-api.service[104479]: DEBUG glance.common.config [None req-dcca5355-94f4-4691-a82f-6635dd8391d8 None None] config_dir                     = [] {{(pid=104479) log_opt_values /opt/stack/data/venv/lib/python3.10/site-packages/oslo_config/cfg.py:2819}}
Aug 30 20:50:09 jammy-provider-cloud-0000007545 devstack@g-api.service[104479]: DEBUG glance.common.config [None req-dcca5355-94f4-4691-a82f-6635dd8391d8 None None] config_file                    = ['/etc/glance/glance-image-import.conf', '/etc/glance/glance-api.conf'] {{(pid=104479) log_opt_values /opt/stack/data/venv/lib/python3.10/site-packages/oslo_config/cfg.py:2819}}
Aug 30 20:50:09 jammy-provider-cloud-0000007545 devstack@g-api.service[104479]: DEBUG glance.common.config [None req-dcca5355-94f4-4691-a82f-6635dd8391d8 None None] config_source                  = [] {{(pid=104479) log_opt_values /opt/stack/data/venv/lib/python3.10/site-packages/oslo_config/cfg.py:2819}}
Aug 30 20:50:09 jammy-provider-cloud-0000007545 devstack@g-api.service[104479]: DEBUG glance.common.config [None req-dcca5355-94f4-4691-a82f-6635dd8391d8 None None] control_exchange               = glance {{(pid=104479) log_opt_values /opt/stack/data/venv/lib/python3.10/site-packages/oslo_config/cfg.py:2819}}
Aug 30 20:50:09 jammy-provider-cloud-0000007545 devstack@g-api.service[104479]: DEBUG glance.common.config [None req-dcca5355-94f4-4691-a82f-6635dd8391d8 None None] debug                          = True {{(pid=104479) log_opt_values /opt/stack/data/venv/lib/python3.10/site-packages/oslo_config/cfg.py:2819}}
Aug 30 20:50:09 jammy-provider-cloud-0000007545 devstack@g-api.service[104479]: DEBUG glance.common.config [None req-dcca5355-94f4-4691-a82f-6635dd8391d8 None None] default_log_levels             = ['amqp=WARN', 'amqplib=WARN', 'boto=WARN', 'qpid=WARN', 'sqlalchemy=WARN', 'suds=INFO', 'oslo.messaging=INFO', 'oslo_messaging=INFO', 'iso8601=WARN', 'requests.packages.urllib3.connectionpool=WARN', 'urllib3.connectionpool=WARN', 'websocket=WARN', 'requests.packages.urllib3.util.retry=WARN', 'urllib3.util.retry=WARN', 'keystonemiddleware=WARN', 'routes.middleware=WARN', 'stevedore=WARN', 'taskflow=WARN', 'keystoneauth=WARN', 'oslo.cache=INFO', 'oslo_policy=INFO', 'dogpile.core.dogpile=INFO'] {{(pid=104479) log_opt_values /opt/stack/data/venv/lib/python3.10/site-packages/oslo_config/cfg.py:2819}}
Aug 30 20:50:09 jammy-provider-cloud-0000007545 devstack@g-api.service[104479]: DEBUG glance.common.config [None req-dcca5355-94f4-4691-a82f-6635dd8391d8 None None] default_publisher_id           = image.localhost {{(pid=104479) log_opt_values /opt/stack/data/venv/lib/python3.10/site-packages/oslo_config/cfg.py:2819}}
Aug 30 20:50:09 jammy-provider-cloud-0000007545 devstack@g-api.service[104479]: DEBUG glance.common.config [None req-dcca5355-94f4-4691-a82f-6635dd8391d8 None None] delayed_delete                 = False {{(pid=104479) log_opt_values /opt/stack/data/venv/lib/python3.10/site-packages/oslo_config/cfg.py:2819}}
Aug 30 20:50:09 jammy-provider-cloud-0000007545 devstack@g-api.service[104479]: DEBUG glance.common.config [None req-dcca5355-94f4-4691-a82f-6635dd8391d8 None None] digest_algorithm               = sha256 {{(pid=104479) log_opt_values /opt/stack/data/venv/lib/python3.10/site-packages/oslo_config/cfg.py:2819}}
Aug 30 20:50:09 jammy-provider-cloud-0000007545 devstack@g-api.service[104479]: DEBUG glance.common.config [None req-dcca5355-94f4-4691-a82f-6635dd8391d8 None None] disabled_notifications         = [] {{(pid=104479) log_opt_values /opt/stack/data/venv/lib/python3.10/site-packages/oslo_config/cfg.py:2819}}
Aug 30 20:50:09 jammy-provider-cloud-0000007545 devstack@g-api.service[104479]: DEBUG glance.common.config [None req-dcca5355-94f4-4691-a82f-6635dd8391d8 None None] do_secure_hash                 = True {{(pid=104479) log_opt_values /opt/stack/data/venv/lib/python3.10/site-packages/oslo_config/cfg.py:2819}}
Aug 30 20:50:09 jammy-provider-cloud-0000007545 devstack@g-api.service[104479]: DEBUG glance.common.config [None req-dcca5355-94f4-4691-a82f-6635dd8391d8 None None] enabled_backends               = None {{(pid=104479) log_opt_values /opt/stack/data/venv/lib/python3.10/site-packages/oslo_config/cfg.py:2819}}
Aug 30 20:50:09 jammy-provider-cloud-0000007545 devstack@g-api.service[104479]: DEBUG glance.common.config [None req-dcca5355-94f4-4691-a82f-6635dd8391d8 None None] enabled_import_methods         = ['glance-direct', 'web-download', 'copy-image'] {{(pid=104479) log_opt_values /opt/stack/data/venv/lib/python3.10/site-packages/oslo_config/cfg.py:2819}}
Aug 30 20:50:09 jammy-provider-cloud-0000007545 devstack@g-api.service[104479]: DEBUG glance.common.config [None req-dcca5355-94f4-4691-a82f-6635dd8391d8 None None] hashing_algorithm              = sha512 {{(pid=104479) log_opt_values /opt/stack/data/venv/lib/python3.10/site-packages/oslo_config/cfg.py:2819}}
Aug 30 20:50:09 jammy-provider-cloud-0000007545 devstack@g-api.service[104479]: DEBUG glance.common.config [None req-dcca5355-94f4-4691-a82f-6635dd8391d8 None None] http_keepalive                 = True {{(pid=104479) log_opt_values /opt/stack/data/venv/lib/python3.10/site-packages/oslo_config/cfg.py:2819}}
Aug 30 20:50:09 jammy-provider-cloud-0000007545 devstack@g-api.service[104479]: DEBUG glance.common.config [None req-dcca5355-94f4-4691-a82f-6635dd8391d8 None None] http_retries                   = 3 {{(pid=104479) log_opt_values /opt/stack/data/venv/lib/python3.10/site-packages/oslo_config/cfg.py:2819}}
Aug 30 20:50:09 jammy-provider-cloud-0000007545 devstack@g-api.service[104479]: DEBUG glance.common.config [None req-dcca5355-94f4-4691-a82f-6635dd8391d8 None None] image_cache_dir                = /opt/stack/data/glance/cache/ {{(pid=104479) log_opt_values /opt/stack/data/venv/lib/python3.10/site-packages/oslo_config/cfg.py:2819}}
Aug 30 20:50:09 jammy-provider-cloud-0000007545 devstack@g-api.service[104479]: DEBUG glance.common.config [None req-dcca5355-94f4-4691-a82f-6635dd8391d8 None None] image_cache_driver             = centralized_db {{(pid=104479) log_opt_values /opt/stack/data/venv/lib/python3.10/site-packages/oslo_config/cfg.py:2819}}
Aug 30 20:50:09 jammy-provider-cloud-0000007545 devstack@g-api.service[104479]: DEBUG glance.common.config [None req-dcca5355-94f4-4691-a82f-6635dd8391d8 None None] image_cache_max_size           = 10737418240 {{(pid=104479) log_opt_values /opt/stack/data/venv/lib/python3.10/site-packages/oslo_config/cfg.py:2819}}
Aug 30 20:50:09 jammy-provider-cloud-0000007545 devstack@g-api.service[104479]: DEBUG glance.common.config [None req-dcca5355-94f4-4691-a82f-6635dd8391d8 None None] image_cache_sqlite_db          = cache.db {{(pid=104479) log_opt_values /opt/stack/data/venv/lib/python3.10/site-packages/oslo_config/cfg.py:2819}}
Aug 30 20:50:09 jammy-provider-cloud-0000007545 devstack@g-api.service[104479]: DEBUG glance.common.config [None req-dcca5355-94f4-4691-a82f-6635dd8391d8 None None] image_cache_stall_time         = 86400 {{(pid=104479) log_opt_values /opt/stack/data/venv/lib/python3.10/site-packages/oslo_config/cfg.py:2819}}
Aug 30 20:50:09 jammy-provider-cloud-0000007545 devstack@g-api.service[104479]: DEBUG glance.common.config [None req-dcca5355-94f4-4691-a82f-6635dd8391d8 None None] image_location_quota           = 10 {{(pid=104479) log_opt_values /opt/stack/data/venv/lib/python3.10/site-packages/oslo_config/cfg.py:2819}}
Aug 30 20:50:09 jammy-provider-cloud-0000007545 devstack@g-api.service[104479]: DEBUG glance.common.config [None req-dcca5355-94f4-4691-a82f-6635dd8391d8 None None] image_member_quota             = 128 {{(pid=104479) log_opt_values /opt/stack/data/venv/lib/python3.10/site-packages/oslo_config/cfg.py:2819}}
Aug 30 20:50:09 jammy-provider-cloud-0000007545 devstack@g-api.service[104479]: DEBUG glance.common.config [None req-dcca5355-94f4-4691-a82f-6635dd8391d8 None None] image_property_quota           = 128 {{(pid=104479) log_opt_values /opt/stack/data/venv/lib/python3.10/site-packages/oslo_config/cfg.py:2819}}
Aug 30 20:50:09 jammy-provider-cloud-0000007545 devstack@g-api.service[104479]: DEBUG glance.common.config [None req-dcca5355-94f4-4691-a82f-6635dd8391d8 None None] image_size_cap                 = 1099511627776 {{(pid=104479) log_opt_values /opt/stack/data/venv/lib/python3.10/site-packages/oslo_config/cfg.py:2819}}
Aug 30 20:50:09 jammy-provider-cloud-0000007545 devstack@g-api.service[104479]: DEBUG glance.common.config [None req-dcca5355-94f4-4691-a82f-6635dd8391d8 None None] image_tag_quota                = 128 {{(pid=104479) log_opt_values /opt/stack/data/venv/lib/python3.10/site-packages/oslo_config/cfg.py:2819}}
Aug 30 20:50:09 jammy-provider-cloud-0000007545 devstack@g-api.service[104479]: DEBUG glance.common.config [None req-dcca5355-94f4-4691-a82f-6635dd8391d8 None None] instance_format                = [instance: %(uuid)s]  {{(pid=104479) log_opt_values /opt/stack/data/venv/lib/python3.10/site-packages/oslo_config/cfg.py:2819}}
Aug 30 20:50:09 jammy-provider-cloud-0000007545 devstack@g-api.service[104479]: DEBUG glance.common.config [None req-dcca5355-94f4-4691-a82f-6635dd8391d8 None None] instance_uuid_format           = [instance: %(uuid)s]  {{(pid=104479) log_opt_values /opt/stack/data/venv/lib/python3.10/site-packages/oslo_config/cfg.py:2819}}
Aug 30 20:50:09 jammy-provider-cloud-0000007545 devstack@g-api.service[104479]: DEBUG glance.common.config [None req-dcca5355-94f4-4691-a82f-6635dd8391d8 None None] limit_param_default            = 25 {{(pid=104479) log_opt_values /opt/stack/data/venv/lib/python3.10/site-packages/oslo_config/cfg.py:2819}}
Aug 30 20:50:09 jammy-provider-cloud-0000007545 devstack@g-api.service[104479]: DEBUG glance.common.config [None req-dcca5355-94f4-4691-a82f-6635dd8391d8 None None] log_color                      = True {{(pid=104479) log_opt_values /opt/stack/data/venv/lib/python3.10/site-packages/oslo_config/cfg.py:2819}}
Aug 30 20:50:09 jammy-provider-cloud-0000007545 devstack@g-api.service[104479]: DEBUG glance.common.config [None req-dcca5355-94f4-4691-a82f-6635dd8391d8 None None] log_config_append              = None {{(pid=104479) log_opt_values /opt/stack/data/venv/lib/python3.10/site-packages/oslo_config/cfg.py:2819}}
Aug 30 20:50:09 jammy-provider-cloud-0000007545 devstack@g-api.service[104479]: DEBUG glance.common.config [None req-dcca5355-94f4-4691-a82f-6635dd8391d8 None None] log_date_format                = %Y-%m-%d %H:%M:%S {{(pid=104479) log_opt_values /opt/stack/data/venv/lib/python3.10/site-packages/oslo_config/cfg.py:2819}}
Aug 30 20:50:09 jammy-provider-cloud-0000007545 devstack@g-api.service[104479]: DEBUG glance.common.config [None req-dcca5355-94f4-4691-a82f-6635dd8391d8 None None] log_dir                        = None {{(pid=104479) log_opt_values /opt/stack/data/venv/lib/python3.10/site-packages/oslo_config/cfg.py:2819}}
Aug 30 20:50:09 jammy-provider-cloud-0000007545 devstack@g-api.service[104479]: DEBUG glance.common.config [None req-dcca5355-94f4-4691-a82f-6635dd8391d8 None None] log_file                       = None {{(pid=104479) log_opt_values /opt/stack/data/venv/lib/python3.10/site-packages/oslo_config/cfg.py:2819}}
Aug 30 20:50:09 jammy-provider-cloud-0000007545 devstack@g-api.service[104479]: DEBUG glance.common.config [None req-dcca5355-94f4-4691-a82f-6635dd8391d8 None None] log_rotate_interval            = 1 {{(pid=104479) log_opt_values /opt/stack/data/venv/lib/python3.10/site-packages/oslo_config/cfg.py:2819}}
Aug 30 20:50:09 jammy-provider-cloud-0000007545 devstack@g-api.service[104479]: DEBUG glance.common.config [None req-dcca5355-94f4-4691-a82f-6635dd8391d8 None None] log_rotate_interval_type       = days {{(pid=104479) log_opt_values /opt/stack/data/venv/lib/python3.10/site-packages/oslo_config/cfg.py:2819}}
Aug 30 20:50:09 jammy-provider-cloud-0000007545 devstack@g-api.service[104479]: DEBUG glance.common.config [None req-dcca5355-94f4-4691-a82f-6635dd8391d8 None None] log_rotation_type              = none {{(pid=104479) log_opt_values /opt/stack/data/venv/lib/python3.10/site-packages/oslo_config/cfg.py:2819}}
Aug 30 20:50:09 jammy-provider-cloud-0000007545 devstack@g-api.service[104479]: DEBUG glance.common.config [None req-dcca5355-94f4-4691-a82f-6635dd8391d8 None None] logging_context_format_string  = %(color)s%(levelname)s %(name)s [%(global_request_id)s %(request_id)s %(project_name)s %(user_name)s%(color)s] %(instance)s%(color)s%(message)s {{(pid=104479) log_opt_values /opt/stack/data/venv/lib/python3.10/site-packages/oslo_config/cfg.py:2819}}
Aug 30 20:50:09 jammy-provider-cloud-0000007545 devstack@g-api.service[104479]: DEBUG glance.common.config [None req-dcca5355-94f4-4691-a82f-6635dd8391d8 None None] logging_debug_format_suffix    = {{(pid=%(process)d) %(funcName)s %(pathname)s:%(lineno)d}} {{(pid=104479) log_opt_values /opt/stack/data/venv/lib/python3.10/site-packages/oslo_config/cfg.py:2819}}
