Jun 11 09:27:01 jammy-provider-cloud-0000007192 systemd[1]: Starting Devstack devstack@g-api.service...
Jun 11 09:27:01 jammy-provider-cloud-0000007192 devstack@g-api.service[104176]: [uWSGI] getting INI configuration from /etc/glance/glance-uwsgi.ini
Jun 11 09:27:01 jammy-provider-cloud-0000007192 devstack@g-api.service[104176]: *** Starting uWSGI 2.0.20-debian (64bit) on [Tue Jun 11 09:27:01 2024] ***
Jun 11 09:27:01 jammy-provider-cloud-0000007192 devstack@g-api.service[104176]: compiled with version: 11.2.0 on 21 March 2022 11:00:44
Jun 11 09:27:01 jammy-provider-cloud-0000007192 devstack@g-api.service[104176]: os: Linux-5.15.0-107-generic #117-Ubuntu SMP Fri Apr 26 12:26:49 UTC 2024
Jun 11 09:27:01 jammy-provider-cloud-0000007192 devstack@g-api.service[104176]: nodename: jammy-provider-cloud-0000007192
Jun 11 09:27:01 jammy-provider-cloud-0000007192 devstack@g-api.service[104176]: machine: x86_64
Jun 11 09:27:01 jammy-provider-cloud-0000007192 devstack@g-api.service[104176]: clock source: unix
Jun 11 09:27:01 jammy-provider-cloud-0000007192 devstack@g-api.service[104176]: pcre jit disabled
Jun 11 09:27:01 jammy-provider-cloud-0000007192 devstack@g-api.service[104176]: detected number of CPU cores: 4
Jun 11 09:27:01 jammy-provider-cloud-0000007192 devstack@g-api.service[104176]: current working directory: /
Jun 11 09:27:01 jammy-provider-cloud-0000007192 devstack@g-api.service[104176]: detected binary path: /usr/bin/uwsgi-core
Jun 11 09:27:01 jammy-provider-cloud-0000007192 devstack@g-api.service[104176]: your processes number limit is 31298
Jun 11 09:27:01 jammy-provider-cloud-0000007192 devstack@g-api.service[104176]: your memory page size is 4096 bytes
Jun 11 09:27:01 jammy-provider-cloud-0000007192 devstack@g-api.service[104176]: detected max file descriptor number: 2048
Jun 11 09:27:01 jammy-provider-cloud-0000007192 devstack@g-api.service[104176]: lock engine: pthread robust mutexes
Jun 11 09:27:01 jammy-provider-cloud-0000007192 devstack@g-api.service[104176]: thunder lock: enabled
Jun 11 09:27:01 jammy-provider-cloud-0000007192 devstack@g-api.service[104176]: uwsgi socket 0 bound to TCP address 127.0.0.1:60999 fd 4
Jun 11 09:27:01 jammy-provider-cloud-0000007192 devstack@g-api.service[104176]: Python version: 3.10.12 (main, Nov 20 2023, 15:14:05) [GCC 11.4.0]
Jun 11 09:27:01 jammy-provider-cloud-0000007192 devstack@g-api.service[104176]: PEP 405 virtualenv detected: /opt/stack/data/venv
Jun 11 09:27:01 jammy-provider-cloud-0000007192 devstack@g-api.service[104176]: Set PythonHome to /opt/stack/data/venv
Jun 11 09:27:01 jammy-provider-cloud-0000007192 devstack@g-api.service[104176]: Python main interpreter initialized at 0x5563ab256e00
Jun 11 09:27:01 jammy-provider-cloud-0000007192 devstack@g-api.service[104176]: python threads support enabled
Jun 11 09:27:01 jammy-provider-cloud-0000007192 devstack@g-api.service[104176]: your server socket listen backlog is limited to 100 connections
Jun 11 09:27:01 jammy-provider-cloud-0000007192 devstack@g-api.service[104176]: your mercy for graceful operations on workers is 80 seconds
Jun 11 09:27:01 jammy-provider-cloud-0000007192 devstack@g-api.service[104176]: mapped 403077 bytes (393 KB) for 2 cores
Jun 11 09:27:01 jammy-provider-cloud-0000007192 devstack@g-api.service[104176]: *** Operational MODE: preforking ***
Jun 11 09:27:01 jammy-provider-cloud-0000007192 devstack@g-api.service[104176]: *** uWSGI is running in multiple interpreter mode ***
Jun 11 09:27:01 jammy-provider-cloud-0000007192 devstack@g-api.service[104176]: spawned uWSGI master process (pid: 104176)
Jun 11 09:27:01 jammy-provider-cloud-0000007192 devstack@g-api.service[104176]: spawned uWSGI worker 1 (pid: 104178, cores: 1)
Jun 11 09:27:01 jammy-provider-cloud-0000007192 devstack@g-api.service[104176]: spawned uWSGI worker 2 (pid: 104179, cores: 1)
Jun 11 09:27:01 jammy-provider-cloud-0000007192 devstack@g-api.service[104176]: running "unix_signal:15 gracefully_kill_them_all" (master-start)...
Jun 11 09:27:01 jammy-provider-cloud-0000007192 systemd[1]: Started Devstack devstack@g-api.service.
Jun 11 09:27:02 jammy-provider-cloud-0000007192 devstack@g-api.service[104178]: INFO glance.async_ [-] Threadpool model set to 'NativeThreadPoolModel'
Jun 11 09:27:02 jammy-provider-cloud-0000007192 devstack@g-api.service[104179]: INFO glance.async_ [-] Threadpool model set to 'NativeThreadPoolModel'
Jun 11 09:27:02 jammy-provider-cloud-0000007192 devstack@g-api.service[104178]: DEBUG oslo_concurrency.processutils [-] Running cmd (subprocess): grep -F node.session.scan /sbin/iscsiadm {{(pid=104178) execute /opt/stack/data/venv/lib/python3.10/site-packages/oslo_concurrency/processutils.py:390}}
Jun 11 09:27:02 jammy-provider-cloud-0000007192 devstack@g-api.service[104178]: DEBUG oslo_concurrency.processutils [-] CMD "grep -F node.session.scan /sbin/iscsiadm" returned: 0 in 0.011s {{(pid=104178) execute /opt/stack/data/venv/lib/python3.10/site-packages/oslo_concurrency/processutils.py:428}}
Jun 11 09:27:02 jammy-provider-cloud-0000007192 devstack@g-api.service[104178]: DEBUG glance_store.common.attachment_state_manager [-] Initialising _AttachmentStateManager {{(pid=104178) __init__ /opt/stack/data/venv/lib/python3.10/site-packages/glance_store/common/attachment_state_manager.py:86}}
Jun 11 09:27:02 jammy-provider-cloud-0000007192 devstack@g-api.service[104179]: DEBUG oslo_concurrency.processutils [-] Running cmd (subprocess): grep -F node.session.scan /sbin/iscsiadm {{(pid=104179) execute /opt/stack/data/venv/lib/python3.10/site-packages/oslo_concurrency/processutils.py:390}}
Jun 11 09:27:02 jammy-provider-cloud-0000007192 devstack@g-api.service[104179]: DEBUG oslo_concurrency.processutils [-] CMD "grep -F node.session.scan /sbin/iscsiadm" returned: 0 in 0.009s {{(pid=104179) execute /opt/stack/data/venv/lib/python3.10/site-packages/oslo_concurrency/processutils.py:428}}
Jun 11 09:27:02 jammy-provider-cloud-0000007192 devstack@g-api.service[104179]: DEBUG glance_store.common.attachment_state_manager [-] Initialising _AttachmentStateManager {{(pid=104179) __init__ /opt/stack/data/venv/lib/python3.10/site-packages/glance_store/common/attachment_state_manager.py:86}}
Jun 11 09:27:02 jammy-provider-cloud-0000007192 devstack@g-api.service[104178]: DEBUG glance_store.backend [-] Attempting to import store cinder {{(pid=104178) _load_store /opt/stack/data/venv/lib/python3.10/site-packages/glance_store/backend.py:216}}
Jun 11 09:27:02 jammy-provider-cloud-0000007192 devstack@g-api.service[104178]: DEBUG glance_store.backend [-] Attempting to import store file {{(pid=104178) _load_store /opt/stack/data/venv/lib/python3.10/site-packages/glance_store/backend.py:216}}
Jun 11 09:27:02 jammy-provider-cloud-0000007192 devstack@g-api.service[104178]: DEBUG glance_store.backend [-] Attempting to import store glance.store.cinder.Store {{(pid=104178) _load_store /opt/stack/data/venv/lib/python3.10/site-packages/glance_store/backend.py:216}}
Jun 11 09:27:02 jammy-provider-cloud-0000007192 devstack@g-api.service[104178]: DEBUG glance_store.backend [-] Attempting to import store glance.store.filesystem.Store {{(pid=104178) _load_store /opt/stack/data/venv/lib/python3.10/site-packages/glance_store/backend.py:216}}
Jun 11 09:27:02 jammy-provider-cloud-0000007192 devstack@g-api.service[104178]: DEBUG glance_store.backend [-] Attempting to import store glance.store.http.Store {{(pid=104178) _load_store /opt/stack/data/venv/lib/python3.10/site-packages/glance_store/backend.py:216}}
Jun 11 09:27:02 jammy-provider-cloud-0000007192 devstack@g-api.service[104178]: DEBUG glance_store.backend [-] Attempting to import store glance.store.rbd.Store {{(pid=104178) _load_store /opt/stack/data/venv/lib/python3.10/site-packages/glance_store/backend.py:216}}
Jun 11 09:27:02 jammy-provider-cloud-0000007192 devstack@g-api.service[104178]: DEBUG glance_store.backend [-] Attempting to import store glance.store.s3.Store {{(pid=104178) _load_store /opt/stack/data/venv/lib/python3.10/site-packages/glance_store/backend.py:216}}
Jun 11 09:27:02 jammy-provider-cloud-0000007192 devstack@g-api.service[104178]: DEBUG glance_store.backend [-] Attempting to import store glance.store.swift.Store {{(pid=104178) _load_store /opt/stack/data/venv/lib/python3.10/site-packages/glance_store/backend.py:216}}
Jun 11 09:27:02 jammy-provider-cloud-0000007192 devstack@g-api.service[104178]: DEBUG glance_store.backend [-] Attempting to import store glance.store.vmware_datastore.Store {{(pid=104178) _load_store /opt/stack/data/venv/lib/python3.10/site-packages/glance_store/backend.py:216}}
Jun 11 09:27:02 jammy-provider-cloud-0000007192 devstack@g-api.service[104178]: DEBUG glance_store.backend [-] Attempting to import store http {{(pid=104178) _load_store /opt/stack/data/venv/lib/python3.10/site-packages/glance_store/backend.py:216}}
Jun 11 09:27:02 jammy-provider-cloud-0000007192 devstack@g-api.service[104178]: DEBUG glance_store.backend [-] Attempting to import store no_conf {{(pid=104178) _load_store /opt/stack/data/venv/lib/python3.10/site-packages/glance_store/backend.py:216}}
Jun 11 09:27:02 jammy-provider-cloud-0000007192 devstack@g-api.service[104178]: DEBUG glance_store.backend [-] Attempting to import store rbd {{(pid=104178) _load_store /opt/stack/data/venv/lib/python3.10/site-packages/glance_store/backend.py:216}}
Jun 11 09:27:02 jammy-provider-cloud-0000007192 devstack@g-api.service[104178]: DEBUG glance_store.backend [-] Attempting to import store s3 {{(pid=104178) _load_store /opt/stack/data/venv/lib/python3.10/site-packages/glance_store/backend.py:216}}
Jun 11 09:27:02 jammy-provider-cloud-0000007192 devstack@g-api.service[104178]: DEBUG glance_store.backend [-] Attempting to import store swift {{(pid=104178) _load_store /opt/stack/data/venv/lib/python3.10/site-packages/glance_store/backend.py:216}}
Jun 11 09:27:02 jammy-provider-cloud-0000007192 devstack@g-api.service[104178]: DEBUG glance_store.backend [-] Attempting to import store vmware {{(pid=104178) _load_store /opt/stack/data/venv/lib/python3.10/site-packages/glance_store/backend.py:216}}
Jun 11 09:27:02 jammy-provider-cloud-0000007192 devstack@g-api.service[104178]: DEBUG glance_store.backend [-] Registering options for group glance_store {{(pid=104178) register_opts /opt/stack/data/venv/lib/python3.10/site-packages/glance_store/backend.py:145}}
Jun 11 09:27:02 jammy-provider-cloud-0000007192 devstack@g-api.service[104178]: DEBUG glance_store.backend [-] Registering options for group glance_store {{(pid=104178) register_opts /opt/stack/data/venv/lib/python3.10/site-packages/glance_store/backend.py:145}}
Jun 11 09:27:02 jammy-provider-cloud-0000007192 devstack@g-api.service[104178]: DEBUG glance_store.backend [-] Attempting to import store http {{(pid=104178) _load_store /opt/stack/data/venv/lib/python3.10/site-packages/glance_store/backend.py:216}}
Jun 11 09:27:02 jammy-provider-cloud-0000007192 devstack@g-api.service[104178]: DEBUG glance_store.capabilities [-] Store glance_store._drivers.http.Store doesn't support updating dynamic storage capabilities. Please overwrite 'update_capabilities' method of the store to implement updating logics if needed. {{(pid=104178) update_capabilities /opt/stack/data/venv/lib/python3.10/site-packages/glance_store/capabilities.py:91}}
Jun 11 09:27:02 jammy-provider-cloud-0000007192 devstack@g-api.service[104178]: DEBUG glance_store.backend [-] Registering store http with schemes ('http', 'https') {{(pid=104178) create_stores /opt/stack/data/venv/lib/python3.10/site-packages/glance_store/backend.py:262}}
Jun 11 09:27:02 jammy-provider-cloud-0000007192 devstack@g-api.service[104178]: DEBUG glance_store.driver [-] Late loading location class glance_store._drivers.http.StoreLocation {{(pid=104178) get_store_location_class /opt/stack/data/venv/lib/python3.10/site-packages/glance_store/driver.py:133}}
Jun 11 09:27:02 jammy-provider-cloud-0000007192 devstack@g-api.service[104178]: DEBUG glance_store.location [-] Registering scheme http with {'store': <glance_store._drivers.http.Store object at 0x7fefe35ecf10>, 'location_class': <class 'glance_store._drivers.http.StoreLocation'>, 'store_entry': 'http'} {{(pid=104178) register_scheme_map /opt/stack/data/venv/lib/python3.10/site-packages/glance_store/location.py:146}}
Jun 11 09:27:02 jammy-provider-cloud-0000007192 devstack@g-api.service[104178]: DEBUG glance_store.location [-] Registering scheme https with {'store': <glance_store._drivers.http.Store object at 0x7fefe35ecf10>, 'location_class': <class 'glance_store._drivers.http.StoreLocation'>, 'store_entry': 'http'} {{(pid=104178) register_scheme_map /opt/stack/data/venv/lib/python3.10/site-packages/glance_store/location.py:146}}
Jun 11 09:27:02 jammy-provider-cloud-0000007192 devstack@g-api.service[104178]: DEBUG glance_store.backend [-] Attempting to import store file {{(pid=104178) _load_store /opt/stack/data/venv/lib/python3.10/site-packages/glance_store/backend.py:216}}
Jun 11 09:27:02 jammy-provider-cloud-0000007192 devstack@g-api.service[104178]: DEBUG glance_store.capabilities [-] Store glance_store._drivers.filesystem.Store doesn't support updating dynamic storage capabilities. Please overwrite 'update_capabilities' method of the store to implement updating logics if needed. {{(pid=104178) update_capabilities /opt/stack/data/venv/lib/python3.10/site-packages/glance_store/capabilities.py:91}}
Jun 11 09:27:02 jammy-provider-cloud-0000007192 devstack@g-api.service[104178]: DEBUG glance_store.backend [-] Registering store file with schemes ('file', 'filesystem') {{(pid=104178) create_stores /opt/stack/data/venv/lib/python3.10/site-packages/glance_store/backend.py:262}}
Jun 11 09:27:02 jammy-provider-cloud-0000007192 devstack@g-api.service[104178]: DEBUG glance_store.driver [-] Late loading location class glance_store._drivers.filesystem.StoreLocation {{(pid=104178) get_store_location_class /opt/stack/data/venv/lib/python3.10/site-packages/glance_store/driver.py:133}}
Jun 11 09:27:02 jammy-provider-cloud-0000007192 devstack@g-api.service[104178]: DEBUG glance_store.location [-] Registering scheme file with {'store': <glance_store._drivers.filesystem.Store object at 0x7fefe35ec370>, 'location_class': <class 'glance_store._drivers.filesystem.StoreLocation'>, 'store_entry': 'file'} {{(pid=104178) register_scheme_map /opt/stack/data/venv/lib/python3.10/site-packages/glance_store/location.py:146}}
Jun 11 09:27:02 jammy-provider-cloud-0000007192 devstack@g-api.service[104178]: DEBUG glance_store.location [-] Registering scheme filesystem with {'store': <glance_store._drivers.filesystem.Store object at 0x7fefe35ec370>, 'location_class': <class 'glance_store._drivers.filesystem.StoreLocation'>, 'store_entry': 'file'} {{(pid=104178) register_scheme_map /opt/stack/data/venv/lib/python3.10/site-packages/glance_store/location.py:146}}
Jun 11 09:27:02 jammy-provider-cloud-0000007192 devstack@g-api.service[104178]: DEBUG glance.sqlite_migration [-] SQLite caching database not located, skipping migration {{(pid=104178) get_db_path /opt/stack/glance/glance/sqlite_migration.py:68}}
Jun 11 09:27:02 jammy-provider-cloud-0000007192 devstack@g-api.service[104178]: WARNING glance.common.wsgi_app [-] Import methods are enabled but staging directory /tmp/staging/ does not exist; Imports will fail!
Jun 11 09:27:02 jammy-provider-cloud-0000007192 devstack@g-api.service[104179]: DEBUG glance_store.backend [-] Attempting to import store cinder {{(pid=104179) _load_store /opt/stack/data/venv/lib/python3.10/site-packages/glance_store/backend.py:216}}
Jun 11 09:27:02 jammy-provider-cloud-0000007192 devstack@g-api.service[104179]: DEBUG glance_store.backend [-] Attempting to import store file {{(pid=104179) _load_store /opt/stack/data/venv/lib/python3.10/site-packages/glance_store/backend.py:216}}
Jun 11 09:27:02 jammy-provider-cloud-0000007192 devstack@g-api.service[104179]: DEBUG glance_store.backend [-] Attempting to import store glance.store.cinder.Store {{(pid=104179) _load_store /opt/stack/data/venv/lib/python3.10/site-packages/glance_store/backend.py:216}}
Jun 11 09:27:02 jammy-provider-cloud-0000007192 devstack@g-api.service[104179]: DEBUG glance_store.backend [-] Attempting to import store glance.store.filesystem.Store {{(pid=104179) _load_store /opt/stack/data/venv/lib/python3.10/site-packages/glance_store/backend.py:216}}
Jun 11 09:27:02 jammy-provider-cloud-0000007192 devstack@g-api.service[104179]: DEBUG glance_store.backend [-] Attempting to import store glance.store.http.Store {{(pid=104179) _load_store /opt/stack/data/venv/lib/python3.10/site-packages/glance_store/backend.py:216}}
Jun 11 09:27:02 jammy-provider-cloud-0000007192 devstack@g-api.service[104179]: DEBUG glance_store.backend [-] Attempting to import store glance.store.rbd.Store {{(pid=104179) _load_store /opt/stack/data/venv/lib/python3.10/site-packages/glance_store/backend.py:216}}
Jun 11 09:27:02 jammy-provider-cloud-0000007192 devstack@g-api.service[104179]: DEBUG glance_store.backend [-] Attempting to import store glance.store.s3.Store {{(pid=104179) _load_store /opt/stack/data/venv/lib/python3.10/site-packages/glance_store/backend.py:216}}
Jun 11 09:27:02 jammy-provider-cloud-0000007192 devstack@g-api.service[104179]: DEBUG glance_store.backend [-] Attempting to import store glance.store.swift.Store {{(pid=104179) _load_store /opt/stack/data/venv/lib/python3.10/site-packages/glance_store/backend.py:216}}
Jun 11 09:27:02 jammy-provider-cloud-0000007192 devstack@g-api.service[104179]: DEBUG glance_store.backend [-] Attempting to import store glance.store.vmware_datastore.Store {{(pid=104179) _load_store /opt/stack/data/venv/lib/python3.10/site-packages/glance_store/backend.py:216}}
Jun 11 09:27:02 jammy-provider-cloud-0000007192 devstack@g-api.service[104179]: DEBUG glance_store.backend [-] Attempting to import store http {{(pid=104179) _load_store /opt/stack/data/venv/lib/python3.10/site-packages/glance_store/backend.py:216}}
Jun 11 09:27:02 jammy-provider-cloud-0000007192 devstack@g-api.service[104179]: DEBUG glance_store.backend [-] Attempting to import store no_conf {{(pid=104179) _load_store /opt/stack/data/venv/lib/python3.10/site-packages/glance_store/backend.py:216}}
Jun 11 09:27:02 jammy-provider-cloud-0000007192 devstack@g-api.service[104179]: DEBUG glance_store.backend [-] Attempting to import store rbd {{(pid=104179) _load_store /opt/stack/data/venv/lib/python3.10/site-packages/glance_store/backend.py:216}}
Jun 11 09:27:02 jammy-provider-cloud-0000007192 devstack@g-api.service[104179]: DEBUG glance_store.backend [-] Attempting to import store s3 {{(pid=104179) _load_store /opt/stack/data/venv/lib/python3.10/site-packages/glance_store/backend.py:216}}
Jun 11 09:27:02 jammy-provider-cloud-0000007192 devstack@g-api.service[104179]: DEBUG glance_store.backend [-] Attempting to import store swift {{(pid=104179) _load_store /opt/stack/data/venv/lib/python3.10/site-packages/glance_store/backend.py:216}}
Jun 11 09:27:02 jammy-provider-cloud-0000007192 devstack@g-api.service[104179]: DEBUG glance_store.backend [-] Attempting to import store vmware {{(pid=104179) _load_store /opt/stack/data/venv/lib/python3.10/site-packages/glance_store/backend.py:216}}
Jun 11 09:27:02 jammy-provider-cloud-0000007192 devstack@g-api.service[104179]: DEBUG glance_store.backend [-] Registering options for group glance_store {{(pid=104179) register_opts /opt/stack/data/venv/lib/python3.10/site-packages/glance_store/backend.py:145}}
Jun 11 09:27:02 jammy-provider-cloud-0000007192 devstack@g-api.service[104179]: DEBUG glance_store.backend [-] Registering options for group glance_store {{(pid=104179) register_opts /opt/stack/data/venv/lib/python3.10/site-packages/glance_store/backend.py:145}}
Jun 11 09:27:02 jammy-provider-cloud-0000007192 devstack@g-api.service[104179]: DEBUG glance_store.backend [-] Attempting to import store http {{(pid=104179) _load_store /opt/stack/data/venv/lib/python3.10/site-packages/glance_store/backend.py:216}}
Jun 11 09:27:02 jammy-provider-cloud-0000007192 devstack@g-api.service[104179]: DEBUG glance_store.capabilities [-] Store glance_store._drivers.http.Store doesn't support updating dynamic storage capabilities. Please overwrite 'update_capabilities' method of the store to implement updating logics if needed. {{(pid=104179) update_capabilities /opt/stack/data/venv/lib/python3.10/site-packages/glance_store/capabilities.py:91}}
Jun 11 09:27:02 jammy-provider-cloud-0000007192 devstack@g-api.service[104179]: DEBUG glance_store.backend [-] Registering store http with schemes ('http', 'https') {{(pid=104179) create_stores /opt/stack/data/venv/lib/python3.10/site-packages/glance_store/backend.py:262}}
Jun 11 09:27:02 jammy-provider-cloud-0000007192 devstack@g-api.service[104179]: DEBUG glance_store.driver [-] Late loading location class glance_store._drivers.http.StoreLocation {{(pid=104179) get_store_location_class /opt/stack/data/venv/lib/python3.10/site-packages/glance_store/driver.py:133}}
Jun 11 09:27:02 jammy-provider-cloud-0000007192 devstack@g-api.service[104179]: DEBUG glance_store.location [-] Registering scheme http with {'store': <glance_store._drivers.http.Store object at 0x7fefe35e85e0>, 'location_class': <class 'glance_store._drivers.http.StoreLocation'>, 'store_entry': 'http'} {{(pid=104179) register_scheme_map /opt/stack/data/venv/lib/python3.10/site-packages/glance_store/location.py:146}}
Jun 11 09:27:02 jammy-provider-cloud-0000007192 devstack@g-api.service[104179]: DEBUG glance_store.location [-] Registering scheme https with {'store': <glance_store._drivers.http.Store object at 0x7fefe35e85e0>, 'location_class': <class 'glance_store._drivers.http.StoreLocation'>, 'store_entry': 'http'} {{(pid=104179) register_scheme_map /opt/stack/data/venv/lib/python3.10/site-packages/glance_store/location.py:146}}
Jun 11 09:27:02 jammy-provider-cloud-0000007192 devstack@g-api.service[104179]: DEBUG glance_store.backend [-] Attempting to import store file {{(pid=104179) _load_store /opt/stack/data/venv/lib/python3.10/site-packages/glance_store/backend.py:216}}
Jun 11 09:27:02 jammy-provider-cloud-0000007192 devstack@g-api.service[104179]: DEBUG glance_store.capabilities [-] Store glance_store._drivers.filesystem.Store doesn't support updating dynamic storage capabilities. Please overwrite 'update_capabilities' method of the store to implement updating logics if needed. {{(pid=104179) update_capabilities /opt/stack/data/venv/lib/python3.10/site-packages/glance_store/capabilities.py:91}}
Jun 11 09:27:02 jammy-provider-cloud-0000007192 devstack@g-api.service[104179]: DEBUG glance_store.backend [-] Registering store file with schemes ('file', 'filesystem') {{(pid=104179) create_stores /opt/stack/data/venv/lib/python3.10/site-packages/glance_store/backend.py:262}}
Jun 11 09:27:02 jammy-provider-cloud-0000007192 devstack@g-api.service[104179]: DEBUG glance_store.driver [-] Late loading location class glance_store._drivers.filesystem.StoreLocation {{(pid=104179) get_store_location_class /opt/stack/data/venv/lib/python3.10/site-packages/glance_store/driver.py:133}}
Jun 11 09:27:02 jammy-provider-cloud-0000007192 devstack@g-api.service[104179]: DEBUG glance_store.location [-] Registering scheme file with {'store': <glance_store._drivers.filesystem.Store object at 0x7fefe35eb0d0>, 'location_class': <class 'glance_store._drivers.filesystem.StoreLocation'>, 'store_entry': 'file'} {{(pid=104179) register_scheme_map /opt/stack/data/venv/lib/python3.10/site-packages/glance_store/location.py:146}}
Jun 11 09:27:02 jammy-provider-cloud-0000007192 devstack@g-api.service[104179]: DEBUG glance_store.location [-] Registering scheme filesystem with {'store': <glance_store._drivers.filesystem.Store object at 0x7fefe35eb0d0>, 'location_class': <class 'glance_store._drivers.filesystem.StoreLocation'>, 'store_entry': 'file'} {{(pid=104179) register_scheme_map /opt/stack/data/venv/lib/python3.10/site-packages/glance_store/location.py:146}}
Jun 11 09:27:02 jammy-provider-cloud-0000007192 devstack@g-api.service[104179]: DEBUG glance.sqlite_migration [-] SQLite caching database not located, skipping migration {{(pid=104179) get_db_path /opt/stack/glance/glance/sqlite_migration.py:68}}
Jun 11 09:27:02 jammy-provider-cloud-0000007192 devstack@g-api.service[104179]: WARNING glance.common.wsgi_app [-] Import methods are enabled but staging directory /tmp/staging/ does not exist; Imports will fail!
Jun 11 09:27:03 jammy-provider-cloud-0000007192 devstack@g-api.service[104178]: DEBUG glance.common.config [None req-94025135-513c-468d-bb7d-fa13ef9767bd None None] Loading glance-api-keystone+cachemanagement from /etc/glance/glance-api-paste.ini {{(pid=104178) load_paste_app /opt/stack/glance/glance/common/config.py:700}}
Jun 11 09:27:03 jammy-provider-cloud-0000007192 devstack@g-api.service[104179]: DEBUG glance.common.config [None req-b6debce0-735a-4f24-822f-99011ce5ea58 None None] Loading glance-api-keystone+cachemanagement from /etc/glance/glance-api-paste.ini {{(pid=104179) load_paste_app /opt/stack/glance/glance/common/config.py:700}}
Jun 11 09:27:03 jammy-provider-cloud-0000007192 devstack@g-api.service[104179]: INFO glance.image_cache [None req-b6debce0-735a-4f24-822f-99011ce5ea58 None None] Image cache loaded driver 'centralized_db'.
Jun 11 09:27:03 jammy-provider-cloud-0000007192 devstack@g-api.service[104178]: INFO glance.image_cache [None req-94025135-513c-468d-bb7d-fa13ef9767bd None None] Image cache loaded driver 'centralized_db'.
Jun 11 09:27:03 jammy-provider-cloud-0000007192 devstack@g-api.service[104179]: INFO dbcounter [None req-b6debce0-735a-4f24-822f-99011ce5ea58 None None] Registered counter for database glance
Jun 11 09:27:03 jammy-provider-cloud-0000007192 devstack@g-api.service[104178]: INFO dbcounter [None req-94025135-513c-468d-bb7d-fa13ef9767bd None None] Registered counter for database glance
Jun 11 09:27:03 jammy-provider-cloud-0000007192 devstack@g-api.service[104178]: DEBUG oslo_db.sqlalchemy.engines [None req-94025135-513c-468d-bb7d-fa13ef9767bd None None] MySQL server mode set to STRICT_TRANS_TABLES,STRICT_ALL_TABLES,NO_ZERO_IN_DATE,NO_ZERO_DATE,ERROR_FOR_DIVISION_BY_ZERO,TRADITIONAL,NO_ENGINE_SUBSTITUTION {{(pid=104178) _check_effective_sql_mode /opt/stack/data/venv/lib/python3.10/site-packages/oslo_db/sqlalchemy/engines.py:342}}
Jun 11 09:27:03 jammy-provider-cloud-0000007192 devstack@g-api.service[104179]: DEBUG oslo_db.sqlalchemy.engines [None req-b6debce0-735a-4f24-822f-99011ce5ea58 None None] MySQL server mode set to STRICT_TRANS_TABLES,STRICT_ALL_TABLES,NO_ZERO_IN_DATE,NO_ZERO_DATE,ERROR_FOR_DIVISION_BY_ZERO,TRADITIONAL,NO_ENGINE_SUBSTITUTION {{(pid=104179) _check_effective_sql_mode /opt/stack/data/venv/lib/python3.10/site-packages/oslo_db/sqlalchemy/engines.py:342}}
Jun 11 09:27:03 jammy-provider-cloud-0000007192 devstack@g-api.service[104178]: DEBUG dbcounter [-] [104178] Writer thread running {{(pid=104178) stat_writer /opt/stack/data/venv/lib/python3.10/site-packages/dbcounter.py:102}}
Jun 11 09:27:03 jammy-provider-cloud-0000007192 devstack@g-api.service[104179]: DEBUG dbcounter [-] [104179] Writer thread running {{(pid=104179) stat_writer /opt/stack/data/venv/lib/python3.10/site-packages/dbcounter.py:102}}
Jun 11 09:27:03 jammy-provider-cloud-0000007192 devstack@g-api.service[104179]: DEBUG glance.image_cache.drivers.centralized_db [None req-b6debce0-735a-4f24-822f-99011ce5ea58 None None] Node reference is already recorded, ignoring it {{(pid=104179) configure /opt/stack/glance/glance/image_cache/drivers/centralized_db.py:71}}
Jun 11 09:27:03 jammy-provider-cloud-0000007192 devstack@g-api.service[104178]: INFO glance.image_cache [None req-94025135-513c-468d-bb7d-fa13ef9767bd None None] Image cache loaded driver 'centralized_db'.
Jun 11 09:27:03 jammy-provider-cloud-0000007192 devstack@g-api.service[104179]: INFO glance.image_cache [None req-b6debce0-735a-4f24-822f-99011ce5ea58 None None] Image cache loaded driver 'centralized_db'.
Jun 11 09:27:03 jammy-provider-cloud-0000007192 devstack@g-api.service[104178]: DEBUG glance.image_cache.drivers.centralized_db [None req-94025135-513c-468d-bb7d-fa13ef9767bd None None] Node reference is already recorded, ignoring it {{(pid=104178) configure /opt/stack/glance/glance/image_cache/drivers/centralized_db.py:71}}
Jun 11 09:27:03 jammy-provider-cloud-0000007192 devstack@g-api.service[104179]: DEBUG glance.image_cache.drivers.centralized_db [None req-b6debce0-735a-4f24-822f-99011ce5ea58 None None] Node reference is already recorded, ignoring it {{(pid=104179) configure /opt/stack/glance/glance/image_cache/drivers/centralized_db.py:71}}
Jun 11 09:27:03 jammy-provider-cloud-0000007192 devstack@g-api.service[104178]: DEBUG glance.api.v2.cached_images [None req-94025135-513c-468d-bb7d-fa13ef9767bd None None] Started cache worker thread {{(pid=104178) __init__ /opt/stack/glance/glance/api/v2/cached_images.py:69}}
Jun 11 09:27:03 jammy-provider-cloud-0000007192 devstack@g-api.service[104178]: INFO glance.image_cache [None req-94025135-513c-468d-bb7d-fa13ef9767bd None None] Image cache loaded driver 'centralized_db'.
Jun 11 09:27:03 jammy-provider-cloud-0000007192 devstack@g-api.service[104178]: DEBUG glance.image_cache.drivers.centralized_db [None req-94025135-513c-468d-bb7d-fa13ef9767bd None None] Node reference is already recorded, ignoring it {{(pid=104178) configure /opt/stack/glance/glance/image_cache/drivers/centralized_db.py:71}}
Jun 11 09:27:03 jammy-provider-cloud-0000007192 devstack@g-api.service[104179]: DEBUG glance.api.v2.cached_images [None req-b6debce0-735a-4f24-822f-99011ce5ea58 None None] Started cache worker thread {{(pid=104179) __init__ /opt/stack/glance/glance/api/v2/cached_images.py:69}}
Jun 11 09:27:03 jammy-provider-cloud-0000007192 devstack@g-api.service[104179]: INFO glance.image_cache [None req-b6debce0-735a-4f24-822f-99011ce5ea58 None None] Image cache loaded driver 'centralized_db'.
Jun 11 09:27:03 jammy-provider-cloud-0000007192 devstack@g-api.service[104178]: INFO glance.api.middleware.cache_manage [None req-94025135-513c-468d-bb7d-fa13ef9767bd None None] Initialized image cache management middleware
Jun 11 09:27:03 jammy-provider-cloud-0000007192 devstack@g-api.service[104178]: INFO glance.image_cache [None req-94025135-513c-468d-bb7d-fa13ef9767bd None None] Image cache loaded driver 'centralized_db'.
Jun 11 09:27:03 jammy-provider-cloud-0000007192 devstack@g-api.service[104179]: DEBUG glance.image_cache.drivers.centralized_db [None req-b6debce0-735a-4f24-822f-99011ce5ea58 None None] Node reference is already recorded, ignoring it {{(pid=104179) configure /opt/stack/glance/glance/image_cache/drivers/centralized_db.py:71}}
Jun 11 09:27:03 jammy-provider-cloud-0000007192 devstack@g-api.service[104178]: DEBUG glance.image_cache.drivers.centralized_db [None req-94025135-513c-468d-bb7d-fa13ef9767bd None None] Node reference is already recorded, ignoring it {{(pid=104178) configure /opt/stack/glance/glance/image_cache/drivers/centralized_db.py:71}}
Jun 11 09:27:03 jammy-provider-cloud-0000007192 devstack@g-api.service[104178]: INFO glance.api.middleware.cache [None req-94025135-513c-468d-bb7d-fa13ef9767bd None None] Initialized image cache middleware
Jun 11 09:27:03 jammy-provider-cloud-0000007192 devstack@g-api.service[104179]: INFO glance.api.middleware.cache_manage [None req-b6debce0-735a-4f24-822f-99011ce5ea58 None None] Initialized image cache management middleware
Jun 11 09:27:03 jammy-provider-cloud-0000007192 devstack@g-api.service[104179]: INFO glance.image_cache [None req-b6debce0-735a-4f24-822f-99011ce5ea58 None None] Image cache loaded driver 'centralized_db'.
Jun 11 09:27:03 jammy-provider-cloud-0000007192 devstack@g-api.service[104178]: WARNING keystonemiddleware.auth_token [None req-94025135-513c-468d-bb7d-fa13ef9767bd None None] AuthToken middleware is set with keystone_authtoken.service_token_roles_required set to False. This is backwards compatible but deprecated behaviour. Please set this to True.
Jun 11 09:27:03 jammy-provider-cloud-0000007192 devstack@g-api.service[104179]: DEBUG glance.image_cache.drivers.centralized_db [None req-b6debce0-735a-4f24-822f-99011ce5ea58 None None] Node reference is already recorded, ignoring it {{(pid=104179) configure /opt/stack/glance/glance/image_cache/drivers/centralized_db.py:71}}
Jun 11 09:27:03 jammy-provider-cloud-0000007192 devstack@g-api.service[104178]: WARNING keystonemiddleware.auth_token [None req-94025135-513c-468d-bb7d-fa13ef9767bd None None] Configuring www_authenticate_uri to point to the public identity endpoint is required; clients may not be able to authenticate against an admin endpoint
Jun 11 09:27:03 jammy-provider-cloud-0000007192 devstack@g-api.service[104179]: INFO glance.api.middleware.cache [None req-b6debce0-735a-4f24-822f-99011ce5ea58 None None] Initialized image cache middleware
Jun 11 09:27:03 jammy-provider-cloud-0000007192 devstack@g-api.service[104178]: DEBUG glance.common.config [None req-94025135-513c-468d-bb7d-fa13ef9767bd None None] ******************************************************************************** {{(pid=104178) log_opt_values /opt/stack/data/venv/lib/python3.10/site-packages/oslo_config/cfg.py:2600}}
Jun 11 09:27:03 jammy-provider-cloud-0000007192 devstack@g-api.service[104178]: DEBUG glance.common.config [None req-94025135-513c-468d-bb7d-fa13ef9767bd None None] Configuration options gathered from: {{(pid=104178) log_opt_values /opt/stack/data/venv/lib/python3.10/site-packages/oslo_config/cfg.py:2601}}
Jun 11 09:27:03 jammy-provider-cloud-0000007192 devstack@g-api.service[104178]: DEBUG glance.common.config [None req-94025135-513c-468d-bb7d-fa13ef9767bd None None] command line args: [] {{(pid=104178) log_opt_values /opt/stack/data/venv/lib/python3.10/site-packages/oslo_config/cfg.py:2602}}
Jun 11 09:27:03 jammy-provider-cloud-0000007192 devstack@g-api.service[104178]: DEBUG glance.common.config [None req-94025135-513c-468d-bb7d-fa13ef9767bd None None] config files: ['/etc/glance/glance-image-import.conf', '/etc/glance/glance-api.conf'] {{(pid=104178) log_opt_values /opt/stack/data/venv/lib/python3.10/site-packages/oslo_config/cfg.py:2603}}
Jun 11 09:27:03 jammy-provider-cloud-0000007192 devstack@g-api.service[104178]: DEBUG glance.common.config [None req-94025135-513c-468d-bb7d-fa13ef9767bd None None] ================================================================================ {{(pid=104178) log_opt_values /opt/stack/data/venv/lib/python3.10/site-packages/oslo_config/cfg.py:2605}}
Jun 11 09:27:03 jammy-provider-cloud-0000007192 devstack@g-api.service[104178]: DEBUG glance.common.config [None req-94025135-513c-468d-bb7d-fa13ef9767bd None None] allow_anonymous_access         = False {{(pid=104178) log_opt_values /opt/stack/data/venv/lib/python3.10/site-packages/oslo_config/cfg.py:2613}}
Jun 11 09:27:03 jammy-provider-cloud-0000007192 devstack@g-api.service[104178]: DEBUG glance.common.config [None req-94025135-513c-468d-bb7d-fa13ef9767bd None None] api_limit_max                  = 1000 {{(pid=104178) log_opt_values /opt/stack/data/venv/lib/python3.10/site-packages/oslo_config/cfg.py:2613}}
Jun 11 09:27:03 jammy-provider-cloud-0000007192 devstack@g-api.service[104178]: DEBUG glance.common.config [None req-94025135-513c-468d-bb7d-fa13ef9767bd None None] backlog                        = 4096 {{(pid=104178) log_opt_values /opt/stack/data/venv/lib/python3.10/site-packages/oslo_config/cfg.py:2613}}
Jun 11 09:27:03 jammy-provider-cloud-0000007192 devstack@g-api.service[104178]: DEBUG glance.common.config [None req-94025135-513c-468d-bb7d-fa13ef9767bd None None] bind_host                      = 0.0.0.0 {{(pid=104178) log_opt_values /opt/stack/data/venv/lib/python3.10/site-packages/oslo_config/cfg.py:2613}}
Jun 11 09:27:03 jammy-provider-cloud-0000007192 devstack@g-api.service[104178]: DEBUG glance.common.config [None req-94025135-513c-468d-bb7d-fa13ef9767bd None None] bind_port                      = None {{(pid=104178) log_opt_values /opt/stack/data/venv/lib/python3.10/site-packages/oslo_config/cfg.py:2613}}
Jun 11 09:27:03 jammy-provider-cloud-0000007192 devstack@g-api.service[104178]: DEBUG glance.common.config [None req-94025135-513c-468d-bb7d-fa13ef9767bd None None] client_socket_timeout          = 900 {{(pid=104178) log_opt_values /opt/stack/data/venv/lib/python3.10/site-packages/oslo_config/cfg.py:2613}}
Jun 11 09:27:03 jammy-provider-cloud-0000007192 devstack@g-api.service[104178]: DEBUG glance.common.config [None req-94025135-513c-468d-bb7d-fa13ef9767bd None None] config_dir                     = [] {{(pid=104178) log_opt_values /opt/stack/data/venv/lib/python3.10/site-packages/oslo_config/cfg.py:2613}}
Jun 11 09:27:03 jammy-provider-cloud-0000007192 devstack@g-api.service[104178]: DEBUG glance.common.config [None req-94025135-513c-468d-bb7d-fa13ef9767bd None None] config_file                    = ['/etc/glance/glance-image-import.conf', '/etc/glance/glance-api.conf'] {{(pid=104178) log_opt_values /opt/stack/data/venv/lib/python3.10/site-packages/oslo_config/cfg.py:2613}}
Jun 11 09:27:03 jammy-provider-cloud-0000007192 devstack@g-api.service[104178]: DEBUG glance.common.config [None req-94025135-513c-468d-bb7d-fa13ef9767bd None None] config_source                  = [] {{(pid=104178) log_opt_values /opt/stack/data/venv/lib/python3.10/site-packages/oslo_config/cfg.py:2613}}
Jun 11 09:27:03 jammy-provider-cloud-0000007192 devstack@g-api.service[104178]: DEBUG glance.common.config [None req-94025135-513c-468d-bb7d-fa13ef9767bd None None] control_exchange               = glance {{(pid=104178) log_opt_values /opt/stack/data/venv/lib/python3.10/site-packages/oslo_config/cfg.py:2613}}
Jun 11 09:27:03 jammy-provider-cloud-0000007192 devstack@g-api.service[104178]: DEBUG glance.common.config [None req-94025135-513c-468d-bb7d-fa13ef9767bd None None] debug                          = True {{(pid=104178) log_opt_values /opt/stack/data/venv/lib/python3.10/site-packages/oslo_config/cfg.py:2613}}
Jun 11 09:27:03 jammy-provider-cloud-0000007192 devstack@g-api.service[104178]: DEBUG glance.common.config [None req-94025135-513c-468d-bb7d-fa13ef9767bd None None] default_log_levels             = ['amqp=WARN', 'amqplib=WARN', 'boto=WARN', 'qpid=WARN', 'sqlalchemy=WARN', 'suds=INFO', 'oslo.messaging=INFO', 'oslo_messaging=INFO', 'iso8601=WARN', 'requests.packages.urllib3.connectionpool=WARN', 'urllib3.connectionpool=WARN', 'websocket=WARN', 'requests.packages.urllib3.util.retry=WARN', 'urllib3.util.retry=WARN', 'keystonemiddleware=WARN', 'routes.middleware=WARN', 'stevedore=WARN', 'taskflow=WARN', 'keystoneauth=WARN', 'oslo.cache=INFO', 'oslo_policy=INFO', 'dogpile.core.dogpile=INFO'] {{(pid=104178) log_opt_values /opt/stack/data/venv/lib/python3.10/site-packages/oslo_config/cfg.py:2613}}
Jun 11 09:27:03 jammy-provider-cloud-0000007192 devstack@g-api.service[104178]: DEBUG glance.common.config [None req-94025135-513c-468d-bb7d-fa13ef9767bd None None] default_publisher_id           = image.localhost {{(pid=104178) log_opt_values /opt/stack/data/venv/lib/python3.10/site-packages/oslo_config/cfg.py:2613}}
Jun 11 09:27:03 jammy-provider-cloud-0000007192 devstack@g-api.service[104178]: DEBUG glance.common.config [None req-94025135-513c-468d-bb7d-fa13ef9767bd None None] delayed_delete                 = False {{(pid=104178) log_opt_values /opt/stack/data/venv/lib/python3.10/site-packages/oslo_config/cfg.py:2613}}
Jun 11 09:27:03 jammy-provider-cloud-0000007192 devstack@g-api.service[104178]: DEBUG glance.common.config [None req-94025135-513c-468d-bb7d-fa13ef9767bd None None] digest_algorithm               = sha256 {{(pid=104178) log_opt_values /opt/stack/data/venv/lib/python3.10/site-packages/oslo_config/cfg.py:2613}}
Jun 11 09:27:03 jammy-provider-cloud-0000007192 devstack@g-api.service[104178]: DEBUG glance.common.config [None req-94025135-513c-468d-bb7d-fa13ef9767bd None None] disabled_notifications         = [] {{(pid=104178) log_opt_values /opt/stack/data/venv/lib/python3.10/site-packages/oslo_config/cfg.py:2613}}
Jun 11 09:27:03 jammy-provider-cloud-0000007192 devstack@g-api.service[104178]: DEBUG glance.common.config [None req-94025135-513c-468d-bb7d-fa13ef9767bd None None] enabled_backends               = None {{(pid=104178) log_opt_values /opt/stack/data/venv/lib/python3.10/site-packages/oslo_config/cfg.py:2613}}
Jun 11 09:27:03 jammy-provider-cloud-0000007192 devstack@g-api.service[104178]: DEBUG glance.common.config [None req-94025135-513c-468d-bb7d-fa13ef9767bd None None] enabled_import_methods         = ['glance-direct', 'web-download', 'copy-image'] {{(pid=104178) log_opt_values /opt/stack/data/venv/lib/python3.10/site-packages/oslo_config/cfg.py:2613}}
Jun 11 09:27:03 jammy-provider-cloud-0000007192 devstack@g-api.service[104178]: DEBUG glance.common.config [None req-94025135-513c-468d-bb7d-fa13ef9767bd None None] hashing_algorithm              = sha512 {{(pid=104178) log_opt_values /opt/stack/data/venv/lib/python3.10/site-packages/oslo_config/cfg.py:2613}}
Jun 11 09:27:03 jammy-provider-cloud-0000007192 devstack@g-api.service[104178]: DEBUG glance.common.config [None req-94025135-513c-468d-bb7d-fa13ef9767bd None None] http_keepalive                 = True {{(pid=104178) log_opt_values /opt/stack/data/venv/lib/python3.10/site-packages/oslo_config/cfg.py:2613}}
Jun 11 09:27:03 jammy-provider-cloud-0000007192 devstack@g-api.service[104178]: DEBUG glance.common.config [None req-94025135-513c-468d-bb7d-fa13ef9767bd None None] image_cache_dir                = /opt/stack/data/glance/cache/ {{(pid=104178) log_opt_values /opt/stack/data/venv/lib/python3.10/site-packages/oslo_config/cfg.py:2613}}
Jun 11 09:27:03 jammy-provider-cloud-0000007192 devstack@g-api.service[104178]: DEBUG glance.common.config [None req-94025135-513c-468d-bb7d-fa13ef9767bd None None] image_cache_driver             = centralized_db {{(pid=104178) log_opt_values /opt/stack/data/venv/lib/python3.10/site-packages/oslo_config/cfg.py:2613}}
Jun 11 09:27:03 jammy-provider-cloud-0000007192 devstack@g-api.service[104178]: DEBUG glance.common.config [None req-94025135-513c-468d-bb7d-fa13ef9767bd None None] image_cache_max_size           = 10737418240 {{(pid=104178) log_opt_values /opt/stack/data/venv/lib/python3.10/site-packages/oslo_config/cfg.py:2613}}
Jun 11 09:27:03 jammy-provider-cloud-0000007192 devstack@g-api.service[104178]: DEBUG glance.common.config [None req-94025135-513c-468d-bb7d-fa13ef9767bd None None] image_cache_sqlite_db          = cache.db {{(pid=104178) log_opt_values /opt/stack/data/venv/lib/python3.10/site-packages/oslo_config/cfg.py:2613}}
Jun 11 09:27:03 jammy-provider-cloud-0000007192 devstack@g-api.service[104178]: DEBUG glance.common.config [None req-94025135-513c-468d-bb7d-fa13ef9767bd None None] image_cache_stall_time         = 86400 {{(pid=104178) log_opt_values /opt/stack/data/venv/lib/python3.10/site-packages/oslo_config/cfg.py:2613}}
Jun 11 09:27:03 jammy-provider-cloud-0000007192 devstack@g-api.service[104178]: DEBUG glance.common.config [None req-94025135-513c-468d-bb7d-fa13ef9767bd None None] image_location_quota           = 10 {{(pid=104178) log_opt_values /opt/stack/data/venv/lib/python3.10/site-packages/oslo_config/cfg.py:2613}}
Jun 11 09:27:03 jammy-provider-cloud-0000007192 devstack@g-api.service[104178]: DEBUG glance.common.config [None req-94025135-513c-468d-bb7d-fa13ef9767bd None None] image_member_quota             = 128 {{(pid=104178) log_opt_values /opt/stack/data/venv/lib/python3.10/site-packages/oslo_config/cfg.py:2613}}
Jun 11 09:27:03 jammy-provider-cloud-0000007192 devstack@g-api.service[104178]: DEBUG glance.common.config [None req-94025135-513c-468d-bb7d-fa13ef9767bd None None] image_property_quota           = 128 {{(pid=104178) log_opt_values /opt/stack/data/venv/lib/python3.10/site-packages/oslo_config/cfg.py:2613}}
Jun 11 09:27:03 jammy-provider-cloud-0000007192 devstack@g-api.service[104178]: DEBUG glance.common.config [None req-94025135-513c-468d-bb7d-fa13ef9767bd None None] image_size_cap                 = 1099511627776 {{(pid=104178) log_opt_values /opt/stack/data/venv/lib/python3.10/site-packages/oslo_config/cfg.py:2613}}
Jun 11 09:27:03 jammy-provider-cloud-0000007192 devstack@g-api.service[104178]: DEBUG glance.common.config [None req-94025135-513c-468d-bb7d-fa13ef9767bd None None] image_tag_quota                = 128 {{(pid=104178) log_opt_values /opt/stack/data/venv/lib/python3.10/site-packages/oslo_config/cfg.py:2613}}
Jun 11 09:27:03 jammy-provider-cloud-0000007192 devstack@g-api.service[104178]: DEBUG glance.common.config [None req-94025135-513c-468d-bb7d-fa13ef9767bd None None] instance_format                = [instance: %(uuid)s]  {{(pid=104178) log_opt_values /opt/stack/data/venv/lib/python3.10/site-packages/oslo_config/cfg.py:2613}}
Jun 11 09:27:03 jammy-provider-cloud-0000007192 devstack@g-api.service[104178]: DEBUG glance.common.config [None req-94025135-513c-468d-bb7d-fa13ef9767bd None None] instance_uuid_format           = [instance: %(uuid)s]  {{(pid=104178) log_opt_values /opt/stack/data/venv/lib/python3.10/site-packages/oslo_config/cfg.py:2613}}
Jun 11 09:27:03 jammy-provider-cloud-0000007192 devstack@g-api.service[104178]: DEBUG glance.common.config [None req-94025135-513c-468d-bb7d-fa13ef9767bd None None] limit_param_default            = 25 {{(pid=104178) log_opt_values /opt/stack/data/venv/lib/python3.10/site-packages/oslo_config/cfg.py:2613}}
Jun 11 09:27:03 jammy-provider-cloud-0000007192 devstack@g-api.service[104178]: DEBUG glance.common.config [None req-94025135-513c-468d-bb7d-fa13ef9767bd None None] location_strategy              = location_order {{(pid=104178) log_opt_values /opt/stack/data/venv/lib/python3.10/site-packages/oslo_config/cfg.py:2613}}
Jun 11 09:27:03 jammy-provider-cloud-0000007192 devstack@g-api.service[104178]: DEBUG glance.common.config [None req-94025135-513c-468d-bb7d-fa13ef9767bd None None] log_config_append              = None {{(pid=104178) log_opt_values /opt/stack/data/venv/lib/python3.10/site-packages/oslo_config/cfg.py:2613}}
Jun 11 09:27:03 jammy-provider-cloud-0000007192 devstack@g-api.service[104179]: WARNING keystonemiddleware.auth_token [None req-b6debce0-735a-4f24-822f-99011ce5ea58 None None] AuthToken middleware is set with keystone_authtoken.service_token_roles_required set to False. This is backwards compatible but deprecated behaviour. Please set this to True.
Jun 11 09:27:03 jammy-provider-cloud-0000007192 devstack@g-api.service[104178]: DEBUG glance.common.config [None req-94025135-513c-468d-bb7d-fa13ef9767bd None None] log_date_format                = %Y-%m-%d %H:%M:%S {{(pid=104178) log_opt_values /opt/stack/data/venv/lib/python3.10/site-packages/oslo_config/cfg.py:2613}}
Jun 11 09:27:03 jammy-provider-cloud-0000007192 devstack@g-api.service[104178]: DEBUG glance.common.config [None req-94025135-513c-468d-bb7d-fa13ef9767bd None None] log_dir                        = None {{(pid=104178) log_opt_values /opt/stack/data/venv/lib/python3.10/site-packages/oslo_config/cfg.py:2613}}
Jun 11 09:27:03 jammy-provider-cloud-0000007192 devstack@g-api.service[104178]: DEBUG glance.common.config [None req-94025135-513c-468d-bb7d-fa13ef9767bd None None] log_file                       = None {{(pid=104178) log_opt_values /opt/stack/data/venv/lib/python3.10/site-packages/oslo_config/cfg.py:2613}}
Jun 11 09:27:03 jammy-provider-cloud-0000007192 devstack@g-api.service[104178]: DEBUG glance.common.config [None req-94025135-513c-468d-bb7d-fa13ef9767bd None None] log_rotate_interval            = 1 {{(pid=104178) log_opt_values /opt/stack/data/venv/lib/python3.10/site-packages/oslo_config/cfg.py:2613}}
Jun 11 09:27:03 jammy-provider-cloud-0000007192 devstack@g-api.service[104178]: DEBUG glance.common.config [None req-94025135-513c-468d-bb7d-fa13ef9767bd None None] log_rotate_interval_type       = days {{(pid=104178) log_opt_values /opt/stack/data/venv/lib/python3.10/site-packages/oslo_config/cfg.py:2613}}
Jun 11 09:27:03 jammy-provider-cloud-0000007192 devstack@g-api.service[104178]: DEBUG glance.common.config [None req-94025135-513c-468d-bb7d-fa13ef9767bd None None] log_rotation_type              = none {{(pid=104178) log_opt_values /opt/stack/data/venv/lib/python3.10/site-packages/oslo_config/cfg.py:2613}}
Jun 11 09:27:03 jammy-provider-cloud-0000007192 devstack@g-api.service[104178]: DEBUG glance.common.config [None req-94025135-513c-468d-bb7d-fa13ef9767bd None None] logging_context_format_string  = %(color)s%(levelname)s %(name)s [%(global_request_id)s %(request_id)s %(project_name)s %(user_name)s%(color)s] %(instance)s%(color)s%(message)s {{(pid=104178) log_opt_values /opt/stack/data/venv/lib/python3.10/site-packages/oslo_config/cfg.py:2613}}
Jun 11 09:27:03 jammy-provider-cloud-0000007192 devstack@g-api.service[104178]: DEBUG glance.common.config [None req-94025135-513c-468d-bb7d-fa13ef9767bd None None] logging_debug_format_suffix    = {{(pid=%(process)d) %(funcName)s %(pathname)s:%(lineno)d}} {{(pid=104178) log_opt_values /opt/stack/data/venv/lib/python3.10/site-packages/oslo_config/cfg.py:2613}}
Jun 11 09:27:03 jammy-provider-cloud-0000007192 devstack@g-api.service[104178]: DEBUG glance.common.config [None req-94025135-513c-468d-bb7d-fa13ef9767bd None None] logging_default_format_string  = %(color)s%(levelname)s %(name)s [-%(color)s] %(instance)s%(color)s%(message)s {{(pid=104178) log_opt_values /opt/stack/data/venv/lib/python3.10/site-packages/oslo_config/cfg.py:2613}}
Jun 11 09:27:03 jammy-provider-cloud-0000007192 devstack@g-api.service[104178]: DEBUG glance.common.config [None req-94025135-513c-468d-bb7d-fa13ef9767bd None None] logging_exception_prefix       = ERROR %(name)s %(instance)s {{(pid=104178) log_opt_values /opt/stack/data/venv/lib/python3.10/site-packages/oslo_config/cfg.py:2613}}
