Mar 13 07:53:10 jammy-provider-cloud-0000008095 devstack@keystone.service[72095]: ERROR keystone.server.flask.application   File "/opt/stack/data/venv/lib/python3.10/site-packages/flask/app.py", line 917, in full_dispatch_request
Mar 13 07:53:10 jammy-provider-cloud-0000008095 devstack@keystone.service[72095]: ERROR keystone.server.flask.application     rv = self.dispatch_request()
Mar 13 07:53:10 jammy-provider-cloud-0000008095 devstack@keystone.service[72095]: ERROR keystone.server.flask.application   File "/opt/stack/data/venv/lib/python3.10/site-packages/flask/app.py", line 902, in dispatch_request
Mar 13 07:53:10 jammy-provider-cloud-0000008095 devstack@keystone.service[72095]: ERROR keystone.server.flask.application     return self.ensure_sync(self.view_functions[rule.endpoint])(**view_args)  # type: ignore[no-any-return]
Mar 13 07:53:10 jammy-provider-cloud-0000008095 devstack@keystone.service[72095]: ERROR keystone.server.flask.application   File "/opt/stack/data/venv/lib/python3.10/site-packages/flask_restful/__init__.py", line 489, in wrapper
Mar 13 07:53:10 jammy-provider-cloud-0000008095 devstack@keystone.service[72095]: ERROR keystone.server.flask.application     resp = resource(*args, **kwargs)
Mar 13 07:53:10 jammy-provider-cloud-0000008095 devstack@keystone.service[72095]: ERROR keystone.server.flask.application   File "/opt/stack/data/venv/lib/python3.10/site-packages/flask/views.py", line 110, in view
Mar 13 07:53:10 jammy-provider-cloud-0000008095 devstack@keystone.service[72095]: ERROR keystone.server.flask.application     return current_app.ensure_sync(self.dispatch_request)(**kwargs)  # type: ignore[no-any-return]
Mar 13 07:53:10 jammy-provider-cloud-0000008095 devstack@keystone.service[72095]: ERROR keystone.server.flask.application   File "/opt/stack/data/venv/lib/python3.10/site-packages/flask_restful/__init__.py", line 604, in dispatch_request
Mar 13 07:53:10 jammy-provider-cloud-0000008095 devstack@keystone.service[72095]: ERROR keystone.server.flask.application     resp = meth(*args, **kwargs)
Mar 13 07:53:10 jammy-provider-cloud-0000008095 devstack@keystone.service[72095]: ERROR keystone.server.flask.application   File "/opt/stack/keystone/keystone/api/validation/__init__.py", line 80, in wrapper
Mar 13 07:53:10 jammy-provider-cloud-0000008095 devstack@keystone.service[72095]: ERROR keystone.server.flask.application     return func(*args, **kwargs)
Mar 13 07:53:10 jammy-provider-cloud-0000008095 devstack@keystone.service[72095]: ERROR keystone.server.flask.application   File "/opt/stack/keystone/keystone/api/validation/__init__.py", line 139, in wrapper
Mar 13 07:53:10 jammy-provider-cloud-0000008095 devstack@keystone.service[72095]: ERROR keystone.server.flask.application     response = func(*args, **kwargs)
Mar 13 07:53:10 jammy-provider-cloud-0000008095 devstack@keystone.service[72095]: ERROR keystone.server.flask.application   File "/opt/stack/keystone/keystone/api/domains.py", line 181, in post
Mar 13 07:53:10 jammy-provider-cloud-0000008095 devstack@keystone.service[72095]: ERROR keystone.server.flask.application     ref = PROVIDERS.resource_api.create_domain(
Mar 13 07:53:10 jammy-provider-cloud-0000008095 devstack@keystone.service[72095]: ERROR keystone.server.flask.application   File "/opt/stack/keystone/keystone/common/manager.py", line 114, in wrapped
Mar 13 07:53:10 jammy-provider-cloud-0000008095 devstack@keystone.service[72095]: ERROR keystone.server.flask.application     __ret_val = __f(*args, **kwargs)
Mar 13 07:53:10 jammy-provider-cloud-0000008095 devstack@keystone.service[72095]: ERROR keystone.server.flask.application   File "/opt/stack/keystone/keystone/resource/core.py", line 867, in create_domain
Mar 13 07:53:10 jammy-provider-cloud-0000008095 devstack@keystone.service[72095]: ERROR keystone.server.flask.application     is_domain_project = self.create_project(
Mar 13 07:53:10 jammy-provider-cloud-0000008095 devstack@keystone.service[72095]: ERROR keystone.server.flask.application   File "/opt/stack/keystone/keystone/common/manager.py", line 114, in wrapped
Mar 13 07:53:10 jammy-provider-cloud-0000008095 devstack@keystone.service[72095]: ERROR keystone.server.flask.application     __ret_val = __f(*args, **kwargs)
Mar 13 07:53:10 jammy-provider-cloud-0000008095 devstack@keystone.service[72095]: ERROR keystone.server.flask.application   File "/opt/stack/keystone/keystone/resource/core.py", line 252, in create_project
Mar 13 07:53:10 jammy-provider-cloud-0000008095 devstack@keystone.service[72095]: ERROR keystone.server.flask.application     raise exception.Conflict(
Mar 13 07:53:10 jammy-provider-cloud-0000008095 devstack@keystone.service[72095]: ERROR keystone.server.flask.application keystone.exception.Conflict: Conflict occurred attempting to store project - it is not permitted to have two projects acting as domains with the same name: Default.
Mar 13 07:53:10 jammy-provider-cloud-0000008095 devstack@keystone.service[72095]: ERROR keystone.server.flask.application 
Mar 13 07:53:10 jammy-provider-cloud-0000008095 devstack@keystone.service[72094]: DEBUG keystone.common.rbac_enforcer.enforcer [None req-f6367242-7040-46e3-9ed1-52a924e8fc39 None admin] RBAC: Adding query filter params (name=admin) {{(pid=72094) _extract_filter_values /opt/stack/keystone/keystone/common/rbac_enforcer/enforcer.py:176}}
Mar 13 07:53:10 jammy-provider-cloud-0000008095 devstack@keystone.service[72094]: DEBUG keystone.common.rbac_enforcer.enforcer [None req-f6367242-7040-46e3-9ed1-52a924e8fc39 None admin] RBAC: Authorizing `identity:list_roles()` {{(pid=72094) enforce_call /opt/stack/keystone/keystone/common/rbac_enforcer/enforcer.py:495}}
Mar 13 07:53:10 jammy-provider-cloud-0000008095 devstack@keystone.service[72095]: [pid: 72095|app: 0|req: 8/15] 10.201.5.87 () {60 vars in 1129 bytes} [Thu Mar 13 07:53:10 2025] POST /identity/v3/domains => generated 190 bytes in 86 msecs (HTTP/1.1 409) 5 headers in 183 bytes (1 switches on core 0)
Mar 13 07:53:10 jammy-provider-cloud-0000008095 devstack@keystone.service[72094]: DEBUG keystone.common.rbac_enforcer.enforcer [None req-f6367242-7040-46e3-9ed1-52a924e8fc39 None admin] RBAC: Authorization granted {{(pid=72094) enforce_call /opt/stack/keystone/keystone/common/rbac_enforcer/enforcer.py:506}}
Mar 13 07:53:10 jammy-provider-cloud-0000008095 devstack@keystone.service[72095]: DEBUG keystone.server.flask.request_processing.middleware.auth_context [None req-42f0e8e1-abc4-4e6e-a781-7ce35ef9da37 None admin] Authenticating user token {{(pid=72095) process_request /opt/stack/data/venv/lib/python3.10/site-packages/keystonemiddleware/auth_token/__init__.py:406}}
Mar 13 07:53:10 jammy-provider-cloud-0000008095 devstack@keystone.service[72094]: [pid: 72094|app: 0|req: 8/16] 10.201.5.87 () {56 vars in 1148 bytes} [Thu Mar 13 07:53:10 2025] GET /identity/v3/roles?name=admin => generated 339 bytes in 69 msecs (HTTP/1.1 200) 5 headers in 177 bytes (2 switches on core 0)
Mar 13 07:53:10 jammy-provider-cloud-0000008095 devstack@keystone.service[72094]: DEBUG keystone.server.flask.request_processing.middleware.auth_context [None req-f6367242-7040-46e3-9ed1-52a924e8fc39 None admin] Authenticating user token {{(pid=72094) process_request /opt/stack/data/venv/lib/python3.10/site-packages/keystonemiddleware/auth_token/__init__.py:406}}
Mar 13 07:53:10 jammy-provider-cloud-0000008095 devstack@keystone.service[72095]: DEBUG keystone.server.flask.request_processing.middleware.auth_context [None req-42f0e8e1-abc4-4e6e-a781-7ce35ef9da37 None admin] Validating token access rules against request {{(pid=72095) validate_allowed_request /opt/stack/data/venv/lib/python3.10/site-packages/keystonemiddleware/auth_token/__init__.py:544}}
Mar 13 07:53:10 jammy-provider-cloud-0000008095 devstack@keystone.service[72094]: DEBUG keystone.server.flask.request_processing.middleware.auth_context [None req-f6367242-7040-46e3-9ed1-52a924e8fc39 None admin] Validating token access rules against request {{(pid=72094) validate_allowed_request /opt/stack/data/venv/lib/python3.10/site-packages/keystonemiddleware/auth_token/__init__.py:544}}
Mar 13 07:53:10 jammy-provider-cloud-0000008095 devstack@keystone.service[72095]: DEBUG keystone.server.flask.request_processing.middleware.auth_context [None req-a0e9fe73-ada7-4236-9953-91f517522639 None admin] RBAC: auth_context: {'token': <TokenModel (audit_id=s4hp5AlcQBOSI688wwKATw, audit_chain_id=['s4hp5AlcQBOSI688wwKATw']) at 0x7fda4e3e1e10>, 'domain_id': None, 'trust_id': None, 'trustor_id': None, 'trustee_id': None, 'domain_name': None, 'group_ids': [], 'user_id': '4d334080c6d144c2b0284ef3aa7a08ed', 'user_domain_id': 'default', 'system_scope': 'all', 'project_id': None, 'project_domain_id': None, 'roles': ['admin', 'manager', 'member', 'reader'], 'is_admin_project': True, 'service_user_id': None, 'service_user_domain_id': None, 'service_project_id': None, 'service_project_domain_id': None, 'service_roles': []} {{(pid=72095) fill_context /opt/stack/keystone/keystone/server/flask/request_processing/middleware/auth_context.py:506}}
Mar 13 07:53:10 jammy-provider-cloud-0000008095 devstack@keystone.service[72095]: DEBUG keystone.server.flask.request_processing.req_logging [None req-a0e9fe73-ada7-4236-9953-91f517522639 None admin] REQUEST_METHOD: `GET` {{(pid=72095) log_request_info /opt/stack/keystone/keystone/server/flask/request_processing/req_logging.py:26}}
Mar 13 07:53:10 jammy-provider-cloud-0000008095 devstack@keystone.service[72095]: DEBUG keystone.server.flask.request_processing.req_logging [None req-a0e9fe73-ada7-4236-9953-91f517522639 None admin] SCRIPT_NAME: `/identity` {{(pid=72095) log_request_info /opt/stack/keystone/keystone/server/flask/request_processing/req_logging.py:27}}
Mar 13 07:53:10 jammy-provider-cloud-0000008095 devstack@keystone.service[72095]: DEBUG keystone.server.flask.request_processing.req_logging [None req-a0e9fe73-ada7-4236-9953-91f517522639 None admin] PATH_INFO: `/v3/domains/Default` {{(pid=72095) log_request_info /opt/stack/keystone/keystone/server/flask/request_processing/req_logging.py:28}}
Mar 13 07:53:10 jammy-provider-cloud-0000008095 devstack@keystone.service[72095]: DEBUG keystone.common.rbac_enforcer.enforcer [None req-a0e9fe73-ada7-4236-9953-91f517522639 None admin] RBAC: Authorizing `identity:get_domain(domain_id=Default)` {{(pid=72095) enforce_call /opt/stack/keystone/keystone/common/rbac_enforcer/enforcer.py:495}}
Mar 13 07:53:10 jammy-provider-cloud-0000008095 devstack@keystone.service[72095]: DEBUG keystone.common.rbac_enforcer.enforcer [None req-a0e9fe73-ada7-4236-9953-91f517522639 None admin] RBAC: Authorization granted {{(pid=72095) enforce_call /opt/stack/keystone/keystone/common/rbac_enforcer/enforcer.py:506}}
Mar 13 07:53:10 jammy-provider-cloud-0000008095 devstack@keystone.service[72094]: DEBUG keystone.server.flask.request_processing.middleware.auth_context [None req-ba66f2b3-d87b-4513-a700-df1d50f30a36 None admin] RBAC: auth_context: {'token': <TokenModel (audit_id=xGl_Vu65SVyDTi3qkktJnw, audit_chain_id=['xGl_Vu65SVyDTi3qkktJnw']) at 0x7fda4e2d4c10>, 'domain_id': None, 'trust_id': None, 'trustor_id': None, 'trustee_id': None, 'domain_name': None, 'group_ids': [], 'user_id': '4d334080c6d144c2b0284ef3aa7a08ed', 'user_domain_id': 'default', 'system_scope': 'all', 'project_id': None, 'project_domain_id': None, 'roles': ['admin', 'manager', 'member', 'reader'], 'is_admin_project': True, 'service_user_id': None, 'service_user_domain_id': None, 'service_project_id': None, 'service_project_domain_id': None, 'service_roles': []} {{(pid=72094) fill_context /opt/stack/keystone/keystone/server/flask/request_processing/middleware/auth_context.py:506}}
Mar 13 07:53:10 jammy-provider-cloud-0000008095 devstack@keystone.service[72094]: DEBUG keystone.server.flask.request_processing.req_logging [None req-ba66f2b3-d87b-4513-a700-df1d50f30a36 None admin] REQUEST_METHOD: `GET` {{(pid=72094) log_request_info /opt/stack/keystone/keystone/server/flask/request_processing/req_logging.py:26}}
Mar 13 07:53:10 jammy-provider-cloud-0000008095 devstack@keystone.service[72094]: DEBUG keystone.server.flask.request_processing.req_logging [None req-ba66f2b3-d87b-4513-a700-df1d50f30a36 None admin] SCRIPT_NAME: `/identity` {{(pid=72094) log_request_info /opt/stack/keystone/keystone/server/flask/request_processing/req_logging.py:27}}
Mar 13 07:53:10 jammy-provider-cloud-0000008095 devstack@keystone.service[72094]: DEBUG keystone.server.flask.request_processing.req_logging [None req-ba66f2b3-d87b-4513-a700-df1d50f30a36 None admin] PATH_INFO: `/v3/users/4d334080c6d144c2b0284ef3aa7a08ed` {{(pid=72094) log_request_info /opt/stack/keystone/keystone/server/flask/request_processing/req_logging.py:28}}
Mar 13 07:53:10 jammy-provider-cloud-0000008095 devstack@keystone.service[72094]: DEBUG keystone.common.rbac_enforcer.enforcer [None req-ba66f2b3-d87b-4513-a700-df1d50f30a36 None admin] RBAC: Authorizing `identity:get_user(user_id=4d334080c6d144c2b0284ef3aa7a08ed)` {{(pid=72094) enforce_call /opt/stack/keystone/keystone/common/rbac_enforcer/enforcer.py:495}}
Mar 13 07:53:10 jammy-provider-cloud-0000008095 devstack@keystone.service[72094]: DEBUG keystone.common.rbac_enforcer.enforcer [None req-ba66f2b3-d87b-4513-a700-df1d50f30a36 None admin] RBAC: Authorization granted {{(pid=72094) enforce_call /opt/stack/keystone/keystone/common/rbac_enforcer/enforcer.py:506}}
Mar 13 07:53:10 jammy-provider-cloud-0000008095 devstack@keystone.service[72094]: [pid: 72094|app: 0|req: 9/17] 10.201.5.87 () {56 vars in 1213 bytes} [Thu Mar 13 07:53:10 2025] GET /identity/v3/users/4d334080c6d144c2b0284ef3aa7a08ed => generated 247 bytes in 53 msecs (HTTP/1.1 200) 5 headers in 177 bytes (1 switches on core 0)
Mar 13 07:53:10 jammy-provider-cloud-0000008095 devstack@keystone.service[72095]: DEBUG keystone.server.flask.application [None req-a0e9fe73-ada7-4236-9953-91f517522639 None admin] Could not find domain: Default. {{(pid=72095) _handle_keystone_exception /opt/stack/keystone/keystone/server/flask/application.py:152}}
Mar 13 07:53:10 jammy-provider-cloud-0000008095 devstack@keystone.service[72095]: [pid: 72095|app: 0|req: 9/18] 10.201.5.87 () {56 vars in 1100 bytes} [Thu Mar 13 07:53:10 2025] GET /identity/v3/domains/Default => generated 87 bytes in 72 msecs (HTTP/1.1 404) 5 headers in 183 bytes (2 switches on core 0)
Mar 13 07:53:10 jammy-provider-cloud-0000008095 devstack@keystone.service[72094]: DEBUG keystone.server.flask.request_processing.middleware.auth_context [None req-ba66f2b3-d87b-4513-a700-df1d50f30a36 None admin] Authenticating user token {{(pid=72094) process_request /opt/stack/data/venv/lib/python3.10/site-packages/keystonemiddleware/auth_token/__init__.py:406}}
Mar 13 07:53:10 jammy-provider-cloud-0000008095 devstack@keystone.service[72095]: DEBUG keystone.server.flask.request_processing.middleware.auth_context [None req-a0e9fe73-ada7-4236-9953-91f517522639 None admin] Authenticating user token {{(pid=72095) process_request /opt/stack/data/venv/lib/python3.10/site-packages/keystonemiddleware/auth_token/__init__.py:406}}
Mar 13 07:53:10 jammy-provider-cloud-0000008095 devstack@keystone.service[72094]: DEBUG keystone.server.flask.request_processing.middleware.auth_context [None req-ba66f2b3-d87b-4513-a700-df1d50f30a36 None admin] Validating token access rules against request {{(pid=72094) validate_allowed_request /opt/stack/data/venv/lib/python3.10/site-packages/keystonemiddleware/auth_token/__init__.py:544}}
Mar 13 07:53:10 jammy-provider-cloud-0000008095 devstack@keystone.service[72095]: DEBUG keystone.server.flask.request_processing.middleware.auth_context [None req-a0e9fe73-ada7-4236-9953-91f517522639 None admin] Validating token access rules against request {{(pid=72095) validate_allowed_request /opt/stack/data/venv/lib/python3.10/site-packages/keystonemiddleware/auth_token/__init__.py:544}}
Mar 13 07:53:10 jammy-provider-cloud-0000008095 devstack@keystone.service[72094]: DEBUG keystone.server.flask.request_processing.middleware.auth_context [None req-81bcf272-11ad-42c7-b50b-1f20fa813a67 None admin] RBAC: auth_context: {'token': <TokenModel (audit_id=s4hp5AlcQBOSI688wwKATw, audit_chain_id=['s4hp5AlcQBOSI688wwKATw']) at 0x7fda4e2d51b0>, 'domain_id': None, 'trust_id': None, 'trustor_id': None, 'trustee_id': None, 'domain_name': None, 'group_ids': [], 'user_id': '4d334080c6d144c2b0284ef3aa7a08ed', 'user_domain_id': 'default', 'system_scope': 'all', 'project_id': None, 'project_domain_id': None, 'roles': ['admin', 'manager', 'member', 'reader'], 'is_admin_project': True, 'service_user_id': None, 'service_user_domain_id': None, 'service_project_id': None, 'service_project_domain_id': None, 'service_roles': []} {{(pid=72094) fill_context /opt/stack/keystone/keystone/server/flask/request_processing/middleware/auth_context.py:506}}
Mar 13 07:53:10 jammy-provider-cloud-0000008095 devstack@keystone.service[72094]: DEBUG keystone.server.flask.request_processing.req_logging [None req-81bcf272-11ad-42c7-b50b-1f20fa813a67 None admin] REQUEST_METHOD: `GET` {{(pid=72094) log_request_info /opt/stack/keystone/keystone/server/flask/request_processing/req_logging.py:26}}
Mar 13 07:53:10 jammy-provider-cloud-0000008095 devstack@keystone.service[72094]: DEBUG keystone.server.flask.request_processing.req_logging [None req-81bcf272-11ad-42c7-b50b-1f20fa813a67 None admin] SCRIPT_NAME: `/identity` {{(pid=72094) log_request_info /opt/stack/keystone/keystone/server/flask/request_processing/req_logging.py:27}}
Mar 13 07:53:10 jammy-provider-cloud-0000008095 devstack@keystone.service[72094]: DEBUG keystone.server.flask.request_processing.req_logging [None req-81bcf272-11ad-42c7-b50b-1f20fa813a67 None admin] PATH_INFO: `/v3/domains` {{(pid=72094) log_request_info /opt/stack/keystone/keystone/server/flask/request_processing/req_logging.py:28}}
Mar 13 07:53:10 jammy-provider-cloud-0000008095 devstack@keystone.service[72094]: DEBUG keystone.common.rbac_enforcer.enforcer [None req-81bcf272-11ad-42c7-b50b-1f20fa813a67 None admin] RBAC: Adding query filter params (name=Default) {{(pid=72094) _extract_filter_values /opt/stack/keystone/keystone/common/rbac_enforcer/enforcer.py:176}}
Mar 13 07:53:10 jammy-provider-cloud-0000008095 devstack@keystone.service[72094]: DEBUG keystone.common.rbac_enforcer.enforcer [None req-81bcf272-11ad-42c7-b50b-1f20fa813a67 None admin] RBAC: Authorizing `identity:list_domains()` {{(pid=72094) enforce_call /opt/stack/keystone/keystone/common/rbac_enforcer/enforcer.py:495}}
Mar 13 07:53:10 jammy-provider-cloud-0000008095 devstack@keystone.service[72094]: DEBUG keystone.common.rbac_enforcer.enforcer [None req-81bcf272-11ad-42c7-b50b-1f20fa813a67 None admin] RBAC: Authorization granted {{(pid=72094) enforce_call /opt/stack/keystone/keystone/common/rbac_enforcer/enforcer.py:506}}
Mar 13 07:53:10 jammy-provider-cloud-0000008095 devstack@keystone.service[72095]: DEBUG keystone.server.flask.request_processing.middleware.auth_context [None req-9e886a41-f05e-42c5-a359-f015b5909c2e None admin] RBAC: auth_context: {'token': <TokenModel (audit_id=xGl_Vu65SVyDTi3qkktJnw, audit_chain_id=['xGl_Vu65SVyDTi3qkktJnw']) at 0x7fda4e3e1ea0>, 'domain_id': None, 'trust_id': None, 'trustor_id': None, 'trustee_id': None, 'domain_name': None, 'group_ids': [], 'user_id': '4d334080c6d144c2b0284ef3aa7a08ed', 'user_domain_id': 'default', 'system_scope': 'all', 'project_id': None, 'project_domain_id': None, 'roles': ['admin', 'manager', 'member', 'reader'], 'is_admin_project': True, 'service_user_id': None, 'service_user_domain_id': None, 'service_project_id': None, 'service_project_domain_id': None, 'service_roles': []} {{(pid=72095) fill_context /opt/stack/keystone/keystone/server/flask/request_processing/middleware/auth_context.py:506}}
Mar 13 07:53:10 jammy-provider-cloud-0000008095 devstack@keystone.service[72095]: DEBUG keystone.server.flask.request_processing.req_logging [None req-9e886a41-f05e-42c5-a359-f015b5909c2e None admin] REQUEST_METHOD: `GET` {{(pid=72095) log_request_info /opt/stack/keystone/keystone/server/flask/request_processing/req_logging.py:26}}
Mar 13 07:53:10 jammy-provider-cloud-0000008095 devstack@keystone.service[72095]: DEBUG keystone.server.flask.request_processing.req_logging [None req-9e886a41-f05e-42c5-a359-f015b5909c2e None admin] SCRIPT_NAME: `/identity` {{(pid=72095) log_request_info /opt/stack/keystone/keystone/server/flask/request_processing/req_logging.py:27}}
Mar 13 07:53:10 jammy-provider-cloud-0000008095 devstack@keystone.service[72095]: DEBUG keystone.server.flask.request_processing.req_logging [None req-9e886a41-f05e-42c5-a359-f015b5909c2e None admin] PATH_INFO: `/v3/domains/default` {{(pid=72095) log_request_info /opt/stack/keystone/keystone/server/flask/request_processing/req_logging.py:28}}
Mar 13 07:53:10 jammy-provider-cloud-0000008095 devstack@keystone.service[72095]: DEBUG keystone.common.rbac_enforcer.enforcer [None req-9e886a41-f05e-42c5-a359-f015b5909c2e None admin] RBAC: Authorizing `identity:get_domain(domain_id=default)` {{(pid=72095) enforce_call /opt/stack/keystone/keystone/common/rbac_enforcer/enforcer.py:495}}
Mar 13 07:53:10 jammy-provider-cloud-0000008095 devstack@keystone.service[72095]: DEBUG keystone.common.rbac_enforcer.enforcer [None req-9e886a41-f05e-42c5-a359-f015b5909c2e None admin] RBAC: Authorization granted {{(pid=72095) enforce_call /opt/stack/keystone/keystone/common/rbac_enforcer/enforcer.py:506}}
Mar 13 07:53:10 jammy-provider-cloud-0000008095 devstack@keystone.service[72095]: [pid: 72095|app: 0|req: 10/19] 10.201.5.87 () {56 vars in 1144 bytes} [Thu Mar 13 07:53:10 2025] GET /identity/v3/domains/default => generated 199 bytes in 55 msecs (HTTP/1.1 200) 5 headers in 177 bytes (2 switches on core 0)
Mar 13 07:53:10 jammy-provider-cloud-0000008095 devstack@keystone.service[72095]: DEBUG keystone.server.flask.request_processing.middleware.auth_context [None req-9e886a41-f05e-42c5-a359-f015b5909c2e None admin] Authenticating user token {{(pid=72095) process_request /opt/stack/data/venv/lib/python3.10/site-packages/keystonemiddleware/auth_token/__init__.py:406}}
Mar 13 07:53:10 jammy-provider-cloud-0000008095 devstack@keystone.service[72094]: [pid: 72094|app: 0|req: 10/20] 10.201.5.87 () {56 vars in 1101 bytes} [Thu Mar 13 07:53:10 2025] GET /identity/v3/domains?name=Default => generated 308 bytes in 75 msecs (HTTP/1.1 200) 5 headers in 177 bytes (1 switches on core 0)
Mar 13 07:53:10 jammy-provider-cloud-0000008095 devstack@keystone.service[72095]: DEBUG keystone.server.flask.request_processing.middleware.auth_context [None req-9e886a41-f05e-42c5-a359-f015b5909c2e None admin] Validating token access rules against request {{(pid=72095) validate_allowed_request /opt/stack/data/venv/lib/python3.10/site-packages/keystonemiddleware/auth_token/__init__.py:544}}
Mar 13 07:53:10 jammy-provider-cloud-0000008095 devstack@keystone.service[72095]: DEBUG keystone.server.flask.request_processing.middleware.auth_context [None req-b0513a1b-9fc8-410f-9217-5c7e240619b5 None admin] RBAC: auth_context: {'token': <TokenModel (audit_id=xGl_Vu65SVyDTi3qkktJnw, audit_chain_id=['xGl_Vu65SVyDTi3qkktJnw']) at 0x7fda4e3e2770>, 'domain_id': None, 'trust_id': None, 'trustor_id': None, 'trustee_id': None, 'domain_name': None, 'group_ids': [], 'user_id': '4d334080c6d144c2b0284ef3aa7a08ed', 'user_domain_id': 'default', 'system_scope': 'all', 'project_id': None, 'project_domain_id': None, 'roles': ['admin', 'manager', 'member', 'reader'], 'is_admin_project': True, 'service_user_id': None, 'service_user_domain_id': None, 'service_project_id': None, 'service_project_domain_id': None, 'service_roles': []} {{(pid=72095) fill_context /opt/stack/keystone/keystone/server/flask/request_processing/middleware/auth_context.py:506}}
Mar 13 07:53:10 jammy-provider-cloud-0000008095 devstack@keystone.service[72095]: DEBUG keystone.server.flask.request_processing.req_logging [None req-b0513a1b-9fc8-410f-9217-5c7e240619b5 None admin] REQUEST_METHOD: `PUT` {{(pid=72095) log_request_info /opt/stack/keystone/keystone/server/flask/request_processing/req_logging.py:26}}
Mar 13 07:53:10 jammy-provider-cloud-0000008095 devstack@keystone.service[72095]: DEBUG keystone.server.flask.request_processing.req_logging [None req-b0513a1b-9fc8-410f-9217-5c7e240619b5 None admin] SCRIPT_NAME: `/identity` {{(pid=72095) log_request_info /opt/stack/keystone/keystone/server/flask/request_processing/req_logging.py:27}}
Mar 13 07:53:10 jammy-provider-cloud-0000008095 devstack@keystone.service[72095]: DEBUG keystone.server.flask.request_processing.req_logging [None req-b0513a1b-9fc8-410f-9217-5c7e240619b5 None admin] PATH_INFO: `/v3/domains/default/users/4d334080c6d144c2b0284ef3aa7a08ed/roles/4a0f6e8110ad497b852f903555df389a` {{(pid=72095) log_request_info /opt/stack/keystone/keystone/server/flask/request_processing/req_logging.py:28}}
Mar 13 07:53:10 jammy-provider-cloud-0000008095 devstack@keystone.service[72095]: DEBUG keystone.common.rbac_enforcer.enforcer [None req-b0513a1b-9fc8-410f-9217-5c7e240619b5 None admin] RBAC: Authorizing `identity:create_grant(domain_id=default, user_id=4d334080c6d144c2b0284ef3aa7a08ed, role_id=4a0f6e8110ad497b852f903555df389a)` {{(pid=72095) enforce_call /opt/stack/keystone/keystone/common/rbac_enforcer/enforcer.py:495}}
Mar 13 07:53:10 jammy-provider-cloud-0000008095 devstack@keystone.service[72095]: DEBUG keystone.common.rbac_enforcer.enforcer [None req-b0513a1b-9fc8-410f-9217-5c7e240619b5 None admin] RBAC: Authorization granted {{(pid=72095) enforce_call /opt/stack/keystone/keystone/common/rbac_enforcer/enforcer.py:506}}
Mar 13 07:53:10 jammy-provider-cloud-0000008095 devstack@keystone.service[72095]: [pid: 72095|app: 0|req: 11/21] 10.201.5.87 () {58 vars in 1397 bytes} [Thu Mar 13 07:53:10 2025] PUT /identity/v3/domains/default/users/4d334080c6d144c2b0284ef3aa7a08ed/roles/4a0f6e8110ad497b852f903555df389a => generated 0 bytes in 116 msecs (HTTP/1.1 204) 3 headers in 132 bytes (1 switches on core 0)
Mar 13 07:53:11 jammy-provider-cloud-0000008095 devstack@keystone.service[72094]: DEBUG keystone.server.flask.request_processing.req_logging [None req-4756a97b-25bf-4215-9225-0edc49d69063 None None] REQUEST_METHOD: `GET` {{(pid=72094) log_request_info /opt/stack/keystone/keystone/server/flask/request_processing/req_logging.py:26}}
Mar 13 07:53:11 jammy-provider-cloud-0000008095 devstack@keystone.service[72094]: DEBUG keystone.server.flask.request_processing.req_logging [None req-4756a97b-25bf-4215-9225-0edc49d69063 None None] SCRIPT_NAME: `/identity` {{(pid=72094) log_request_info /opt/stack/keystone/keystone/server/flask/request_processing/req_logging.py:27}}
Mar 13 07:53:11 jammy-provider-cloud-0000008095 devstack@keystone.service[72094]: DEBUG keystone.server.flask.request_processing.req_logging [None req-4756a97b-25bf-4215-9225-0edc49d69063 None None] PATH_INFO: `/` {{(pid=72094) log_request_info /opt/stack/keystone/keystone/server/flask/request_processing/req_logging.py:28}}
Mar 13 07:53:11 jammy-provider-cloud-0000008095 devstack@keystone.service[72094]: [pid: 72094|app: 0|req: 11/22] 10.201.5.87 () {54 vars in 919 bytes} [Thu Mar 13 07:53:11 2025] GET /identity => generated 270 bytes in 2 msecs (HTTP/1.1 300) 6 headers in 234 bytes (1 switches on core 0)
Mar 13 07:53:11 jammy-provider-cloud-0000008095 devstack@keystone.service[72095]: DEBUG keystone.server.flask.request_processing.req_logging [None req-70d686ff-baf5-4ccc-8509-bf994648ba6f None None] REQUEST_METHOD: `POST` {{(pid=72095) log_request_info /opt/stack/keystone/keystone/server/flask/request_processing/req_logging.py:26}}
Mar 13 07:53:11 jammy-provider-cloud-0000008095 devstack@keystone.service[72095]: DEBUG keystone.server.flask.request_processing.req_logging [None req-70d686ff-baf5-4ccc-8509-bf994648ba6f None None] SCRIPT_NAME: `/identity` {{(pid=72095) log_request_info /opt/stack/keystone/keystone/server/flask/request_processing/req_logging.py:27}}
Mar 13 07:53:11 jammy-provider-cloud-0000008095 devstack@keystone.service[72095]: DEBUG keystone.server.flask.request_processing.req_logging [None req-70d686ff-baf5-4ccc-8509-bf994648ba6f None None] PATH_INFO: `/v3/auth/tokens` {{(pid=72095) log_request_info /opt/stack/keystone/keystone/server/flask/request_processing/req_logging.py:28}}
Mar 13 07:53:12 jammy-provider-cloud-0000008095 devstack@keystone.service[72095]: WARNING keystone.common.password_hashing [None req-70d686ff-baf5-4ccc-8509-bf994648ba6f None None] Truncating password to algorithm specific maximum length 72 characters.
Mar 13 07:53:12 jammy-provider-cloud-0000008095 devstack@keystone.service[72095]: DEBUG keystone.auth.core [None req-70d686ff-baf5-4ccc-8509-bf994648ba6f None None] MFA Rules not processed for user `4d334080c6d144c2b0284ef3aa7a08ed`. Rule list: `[]` (Enabled: `True`). {{(pid=72095) check_auth_methods_against_rules /opt/stack/keystone/keystone/auth/core.py:476}}
Mar 13 07:53:12 jammy-provider-cloud-0000008095 devstack@keystone.service[72095]: DEBUG keystone.common.fernet_utils [None req-70d686ff-baf5-4ccc-8509-bf994648ba6f None None] Loaded 2 Fernet keys from /etc/keystone/fernet-keys/, but `[fernet_tokens] max_active_keys = 3`; perhaps there have not been enough key rotations to reach `max_active_keys` yet? {{(pid=72095) load_keys /opt/stack/keystone/keystone/common/fernet_utils.py:297}}
Mar 13 07:53:12 jammy-provider-cloud-0000008095 devstack@keystone.service[72094]: DEBUG keystone.server.flask.request_processing.req_logging [None req-14acd007-232c-4c5e-bdd3-6c1937dd145a None None] REQUEST_METHOD: `GET` {{(pid=72094) log_request_info /opt/stack/keystone/keystone/server/flask/request_processing/req_logging.py:26}}
Mar 13 07:53:12 jammy-provider-cloud-0000008095 devstack@keystone.service[72094]: DEBUG keystone.server.flask.request_processing.req_logging [None req-14acd007-232c-4c5e-bdd3-6c1937dd145a None None] SCRIPT_NAME: `/identity` {{(pid=72094) log_request_info /opt/stack/keystone/keystone/server/flask/request_processing/req_logging.py:27}}
Mar 13 07:53:12 jammy-provider-cloud-0000008095 devstack@keystone.service[72094]: DEBUG keystone.server.flask.request_processing.req_logging [None req-14acd007-232c-4c5e-bdd3-6c1937dd145a None None] PATH_INFO: `/` {{(pid=72094) log_request_info /opt/stack/keystone/keystone/server/flask/request_processing/req_logging.py:28}}
Mar 13 07:53:12 jammy-provider-cloud-0000008095 devstack@keystone.service[72094]: [pid: 72094|app: 0|req: 12/23] 10.201.5.87 () {54 vars in 919 bytes} [Thu Mar 13 07:53:12 2025] GET /identity => generated 270 bytes in 1 msecs (HTTP/1.1 300) 6 headers in 234 bytes (1 switches on core 0)
Mar 13 07:53:12 jammy-provider-cloud-0000008095 devstack@keystone.service[72094]: DEBUG keystone.server.flask.request_processing.req_logging [None req-29499a43-e555-4e67-95bf-2f8c5975eaa4 None None] REQUEST_METHOD: `POST` {{(pid=72094) log_request_info /opt/stack/keystone/keystone/server/flask/request_processing/req_logging.py:26}}
Mar 13 07:53:12 jammy-provider-cloud-0000008095 devstack@keystone.service[72094]: DEBUG keystone.server.flask.request_processing.req_logging [None req-29499a43-e555-4e67-95bf-2f8c5975eaa4 None None] SCRIPT_NAME: `/identity` {{(pid=72094) log_request_info /opt/stack/keystone/keystone/server/flask/request_processing/req_logging.py:27}}
Mar 13 07:53:12 jammy-provider-cloud-0000008095 devstack@keystone.service[72094]: DEBUG keystone.server.flask.request_processing.req_logging [None req-29499a43-e555-4e67-95bf-2f8c5975eaa4 None None] PATH_INFO: `/v3/auth/tokens` {{(pid=72094) log_request_info /opt/stack/keystone/keystone/server/flask/request_processing/req_logging.py:28}}
Mar 13 07:53:12 jammy-provider-cloud-0000008095 devstack@keystone.service[72094]: WARNING keystone.common.password_hashing [None req-29499a43-e555-4e67-95bf-2f8c5975eaa4 None None] Truncating password to algorithm specific maximum length 72 characters.
Mar 13 07:53:12 jammy-provider-cloud-0000008095 devstack@keystone.service[72094]: DEBUG keystone.auth.core [None req-29499a43-e555-4e67-95bf-2f8c5975eaa4 None None] MFA Rules not processed for user `4d334080c6d144c2b0284ef3aa7a08ed`. Rule list: `[]` (Enabled: `True`). {{(pid=72094) check_auth_methods_against_rules /opt/stack/keystone/keystone/auth/core.py:476}}
Mar 13 07:53:12 jammy-provider-cloud-0000008095 devstack@keystone.service[72094]: DEBUG keystone.common.fernet_utils [None req-29499a43-e555-4e67-95bf-2f8c5975eaa4 None None] Loaded 2 Fernet keys from /etc/keystone/fernet-keys/, but `[fernet_tokens] max_active_keys = 3`; perhaps there have not been enough key rotations to reach `max_active_keys` yet? {{(pid=72094) load_keys /opt/stack/keystone/keystone/common/fernet_utils.py:297}}
Mar 13 07:53:12 jammy-provider-cloud-0000008095 devstack@keystone.service[72095]: [pid: 72095|app: 0|req: 12/24] 10.201.5.87 () {58 vars in 1016 bytes} [Thu Mar 13 07:53:11 2025] POST /identity/v3/auth/tokens => generated 862 bytes in 69 msecs (HTTP/1.1 201) 6 headers in 363 bytes (2 switches on core 0)
Mar 13 07:53:12 jammy-provider-cloud-0000008095 devstack@keystone.service[72095]: DEBUG keystone.server.flask.request_processing.req_logging [None req-da60a8ea-da73-4772-b9c7-76711917979d None None] REQUEST_METHOD: `GET` {{(pid=72095) log_request_info /opt/stack/keystone/keystone/server/flask/request_processing/req_logging.py:26}}
Mar 13 07:53:12 jammy-provider-cloud-0000008095 devstack@keystone.service[72095]: DEBUG keystone.server.flask.request_processing.req_logging [None req-da60a8ea-da73-4772-b9c7-76711917979d None None] SCRIPT_NAME: `/identity` {{(pid=72095) log_request_info /opt/stack/keystone/keystone/server/flask/request_processing/req_logging.py:27}}
Mar 13 07:53:12 jammy-provider-cloud-0000008095 devstack@keystone.service[72095]: DEBUG keystone.server.flask.request_processing.req_logging [None req-da60a8ea-da73-4772-b9c7-76711917979d None None] PATH_INFO: `/` {{(pid=72095) log_request_info /opt/stack/keystone/keystone/server/flask/request_processing/req_logging.py:28}}
Mar 13 07:53:12 jammy-provider-cloud-0000008095 devstack@keystone.service[72095]: [pid: 72095|app: 0|req: 13/25] 10.201.5.87 () {54 vars in 919 bytes} [Thu Mar 13 07:53:12 2025] GET /identity => generated 270 bytes in 2 msecs (HTTP/1.1 300) 6 headers in 234 bytes (1 switches on core 0)
Mar 13 07:53:12 jammy-provider-cloud-0000008095 devstack@keystone.service[72095]: DEBUG keystone.server.flask.request_processing.req_logging [None req-d770aa22-78e8-4376-927c-5aa7b557bb92 None None] REQUEST_METHOD: `POST` {{(pid=72095) log_request_info /opt/stack/keystone/keystone/server/flask/request_processing/req_logging.py:26}}
Mar 13 07:53:12 jammy-provider-cloud-0000008095 devstack@keystone.service[72095]: DEBUG keystone.server.flask.request_processing.req_logging [None req-d770aa22-78e8-4376-927c-5aa7b557bb92 None None] SCRIPT_NAME: `/identity` {{(pid=72095) log_request_info /opt/stack/keystone/keystone/server/flask/request_processing/req_logging.py:27}}
Mar 13 07:53:12 jammy-provider-cloud-0000008095 devstack@keystone.service[72095]: DEBUG keystone.server.flask.request_processing.req_logging [None req-d770aa22-78e8-4376-927c-5aa7b557bb92 None None] PATH_INFO: `/v3/auth/tokens` {{(pid=72095) log_request_info /opt/stack/keystone/keystone/server/flask/request_processing/req_logging.py:28}}
Mar 13 07:53:12 jammy-provider-cloud-0000008095 devstack@keystone.service[72095]: WARNING keystone.common.password_hashing [None req-d770aa22-78e8-4376-927c-5aa7b557bb92 None None] Truncating password to algorithm specific maximum length 72 characters.
Mar 13 07:53:12 jammy-provider-cloud-0000008095 devstack@keystone.service[72095]: DEBUG keystone.auth.core [None req-d770aa22-78e8-4376-927c-5aa7b557bb92 None None] MFA Rules not processed for user `4d334080c6d144c2b0284ef3aa7a08ed`. Rule list: `[]` (Enabled: `True`). {{(pid=72095) check_auth_methods_against_rules /opt/stack/keystone/keystone/auth/core.py:476}}
Mar 13 07:53:12 jammy-provider-cloud-0000008095 devstack@keystone.service[72094]: [pid: 72094|app: 0|req: 13/26] 10.201.5.87 () {58 vars in 1016 bytes} [Thu Mar 13 07:53:12 2025] POST /identity/v3/auth/tokens => generated 862 bytes in 73 msecs (HTTP/1.1 201) 6 headers in 363 bytes (2 switches on core 0)
Mar 13 07:53:12 jammy-provider-cloud-0000008095 devstack@keystone.service[72095]: DEBUG keystone.common.fernet_utils [None req-d770aa22-78e8-4376-927c-5aa7b557bb92 None None] Loaded 2 Fernet keys from /etc/keystone/fernet-keys/, but `[fernet_tokens] max_active_keys = 3`; perhaps there have not been enough key rotations to reach `max_active_keys` yet? {{(pid=72095) load_keys /opt/stack/keystone/keystone/common/fernet_utils.py:297}}
Mar 13 07:53:12 jammy-provider-cloud-0000008095 devstack@keystone.service[72095]: [pid: 72095|app: 0|req: 14/27] 10.201.5.87 () {58 vars in 1016 bytes} [Thu Mar 13 07:53:12 2025] POST /identity/v3/auth/tokens => generated 862 bytes in 65 msecs (HTTP/1.1 201) 6 headers in 363 bytes (1 switches on core 0)
Mar 13 07:53:12 jammy-provider-cloud-0000008095 devstack@keystone.service[72094]: DEBUG keystone.server.flask.request_processing.middleware.auth_context [None req-29499a43-e555-4e67-95bf-2f8c5975eaa4 None None] Authenticating user token {{(pid=72094) process_request /opt/stack/data/venv/lib/python3.10/site-packages/keystonemiddleware/auth_token/__init__.py:406}}
Mar 13 07:53:12 jammy-provider-cloud-0000008095 devstack@keystone.service[72094]: DEBUG keystone.server.flask.request_processing.middleware.auth_context [None req-29499a43-e555-4e67-95bf-2f8c5975eaa4 None None] Validating token access rules against request {{(pid=72094) validate_allowed_request /opt/stack/data/venv/lib/python3.10/site-packages/keystonemiddleware/auth_token/__init__.py:544}}
Mar 13 07:53:12 jammy-provider-cloud-0000008095 devstack@keystone.service[72094]: DEBUG keystone.server.flask.request_processing.middleware.auth_context [None req-b083457f-a4f3-4f05-a33c-643b868ab634 None admin] RBAC: auth_context: {'token': <TokenModel (audit_id=dfQLJAqGRJaKIsIBjGWAJQ, audit_chain_id=['dfQLJAqGRJaKIsIBjGWAJQ']) at 0x7fda4e2d4970>, 'domain_id': None, 'trust_id': None, 'trustor_id': None, 'trustee_id': None, 'domain_name': None, 'group_ids': [], 'user_id': '4d334080c6d144c2b0284ef3aa7a08ed', 'user_domain_id': 'default', 'system_scope': 'all', 'project_id': None, 'project_domain_id': None, 'roles': ['admin', 'manager', 'member', 'reader'], 'is_admin_project': True, 'service_user_id': None, 'service_user_domain_id': None, 'service_project_id': None, 'service_project_domain_id': None, 'service_roles': []} {{(pid=72094) fill_context /opt/stack/keystone/keystone/server/flask/request_processing/middleware/auth_context.py:506}}
Mar 13 07:53:12 jammy-provider-cloud-0000008095 devstack@keystone.service[72094]: DEBUG keystone.server.flask.request_processing.req_logging [None req-b083457f-a4f3-4f05-a33c-643b868ab634 None admin] REQUEST_METHOD: `GET` {{(pid=72094) log_request_info /opt/stack/keystone/keystone/server/flask/request_processing/req_logging.py:26}}
Mar 13 07:53:12 jammy-provider-cloud-0000008095 devstack@keystone.service[72094]: DEBUG keystone.server.flask.request_processing.req_logging [None req-b083457f-a4f3-4f05-a33c-643b868ab634 None admin] SCRIPT_NAME: `/identity` {{(pid=72094) log_request_info /opt/stack/keystone/keystone/server/flask/request_processing/req_logging.py:27}}
Mar 13 07:53:12 jammy-provider-cloud-0000008095 devstack@keystone.service[72094]: DEBUG keystone.server.flask.request_processing.req_logging [None req-b083457f-a4f3-4f05-a33c-643b868ab634 None admin] PATH_INFO: `/v3/domains/Default` {{(pid=72094) log_request_info /opt/stack/keystone/keystone/server/flask/request_processing/req_logging.py:28}}
Mar 13 07:53:12 jammy-provider-cloud-0000008095 devstack@keystone.service[72095]: DEBUG keystone.server.flask.request_processing.middleware.auth_context [None req-d770aa22-78e8-4376-927c-5aa7b557bb92 None None] Authenticating user token {{(pid=72095) process_request /opt/stack/data/venv/lib/python3.10/site-packages/keystonemiddleware/auth_token/__init__.py:406}}
Mar 13 07:53:12 jammy-provider-cloud-0000008095 devstack@keystone.service[72094]: DEBUG keystone.common.rbac_enforcer.enforcer [None req-b083457f-a4f3-4f05-a33c-643b868ab634 None admin] RBAC: Authorizing `identity:get_domain(domain_id=Default)` {{(pid=72094) enforce_call /opt/stack/keystone/keystone/common/rbac_enforcer/enforcer.py:495}}
Mar 13 07:53:12 jammy-provider-cloud-0000008095 devstack@keystone.service[72094]: DEBUG keystone.common.rbac_enforcer.enforcer [None req-b083457f-a4f3-4f05-a33c-643b868ab634 None admin] RBAC: Authorization granted {{(pid=72094) enforce_call /opt/stack/keystone/keystone/common/rbac_enforcer/enforcer.py:506}}
Mar 13 07:53:12 jammy-provider-cloud-0000008095 devstack@keystone.service[72094]: DEBUG keystone.server.flask.application [None req-b083457f-a4f3-4f05-a33c-643b868ab634 None admin] Could not find domain: Default. {{(pid=72094) _handle_keystone_exception /opt/stack/keystone/keystone/server/flask/application.py:152}}
Mar 13 07:53:12 jammy-provider-cloud-0000008095 devstack@keystone.service[72094]: [pid: 72094|app: 0|req: 14/28] 10.201.5.87 () {56 vars in 1100 bytes} [Thu Mar 13 07:53:12 2025] GET /identity/v3/domains/Default => generated 87 bytes in 77 msecs (HTTP/1.1 404) 5 headers in 183 bytes (1 switches on core 0)
Mar 13 07:53:12 jammy-provider-cloud-0000008095 devstack@keystone.service[72094]: DEBUG keystone.server.flask.request_processing.middleware.auth_context [None req-b083457f-a4f3-4f05-a33c-643b868ab634 None admin] Authenticating user token {{(pid=72094) process_request /opt/stack/data/venv/lib/python3.10/site-packages/keystonemiddleware/auth_token/__init__.py:406}}
Mar 13 07:53:12 jammy-provider-cloud-0000008095 devstack@keystone.service[72095]: DEBUG keystone.server.flask.request_processing.middleware.auth_context [None req-d770aa22-78e8-4376-927c-5aa7b557bb92 None None] Validating token access rules against request {{(pid=72095) validate_allowed_request /opt/stack/data/venv/lib/python3.10/site-packages/keystonemiddleware/auth_token/__init__.py:544}}
Mar 13 07:53:12 jammy-provider-cloud-0000008095 devstack@keystone.service[72094]: DEBUG keystone.server.flask.request_processing.middleware.auth_context [None req-b083457f-a4f3-4f05-a33c-643b868ab634 None admin] Validating token access rules against request {{(pid=72094) validate_allowed_request /opt/stack/data/venv/lib/python3.10/site-packages/keystonemiddleware/auth_token/__init__.py:544}}
Mar 13 07:53:12 jammy-provider-cloud-0000008095 devstack@keystone.service[72095]: DEBUG keystone.server.flask.request_processing.middleware.auth_context [None req-650afa25-d12e-4ede-ab3f-cb3c2fbdd9c2 None admin] RBAC: auth_context: {'token': <TokenModel (audit_id=vhS6bxI3QQS4cArtwuc1mw, audit_chain_id=['vhS6bxI3QQS4cArtwuc1mw']) at 0x7fda4e5064d0>, 'domain_id': None, 'trust_id': None, 'trustor_id': None, 'trustee_id': None, 'domain_name': None, 'group_ids': [], 'user_id': '4d334080c6d144c2b0284ef3aa7a08ed', 'user_domain_id': 'default', 'system_scope': 'all', 'project_id': None, 'project_domain_id': None, 'roles': ['admin', 'manager', 'member', 'reader'], 'is_admin_project': True, 'service_user_id': None, 'service_user_domain_id': None, 'service_project_id': None, 'service_project_domain_id': None, 'service_roles': []} {{(pid=72095) fill_context /opt/stack/keystone/keystone/server/flask/request_processing/middleware/auth_context.py:506}}
Mar 13 07:53:12 jammy-provider-cloud-0000008095 devstack@keystone.service[72095]: DEBUG keystone.server.flask.request_processing.req_logging [None req-650afa25-d12e-4ede-ab3f-cb3c2fbdd9c2 None admin] REQUEST_METHOD: `POST` {{(pid=72095) log_request_info /opt/stack/keystone/keystone/server/flask/request_processing/req_logging.py:26}}
Mar 13 07:53:12 jammy-provider-cloud-0000008095 devstack@keystone.service[72095]: DEBUG keystone.server.flask.request_processing.req_logging [None req-650afa25-d12e-4ede-ab3f-cb3c2fbdd9c2 None admin] SCRIPT_NAME: `/identity` {{(pid=72095) log_request_info /opt/stack/keystone/keystone/server/flask/request_processing/req_logging.py:27}}
Mar 13 07:53:12 jammy-provider-cloud-0000008095 devstack@keystone.service[72095]: DEBUG keystone.server.flask.request_processing.req_logging [None req-650afa25-d12e-4ede-ab3f-cb3c2fbdd9c2 None admin] PATH_INFO: `/v3/roles` {{(pid=72095) log_request_info /opt/stack/keystone/keystone/server/flask/request_processing/req_logging.py:28}}
Mar 13 07:53:12 jammy-provider-cloud-0000008095 devstack@keystone.service[72095]: DEBUG keystone.common.rbac_enforcer.enforcer [None req-650afa25-d12e-4ede-ab3f-cb3c2fbdd9c2 None admin] RBAC: Authorizing `identity:create_role()` {{(pid=72095) enforce_call /opt/stack/keystone/keystone/common/rbac_enforcer/enforcer.py:495}}
Mar 13 07:53:12 jammy-provider-cloud-0000008095 devstack@keystone.service[72095]: DEBUG keystone.common.rbac_enforcer.enforcer [None req-650afa25-d12e-4ede-ab3f-cb3c2fbdd9c2 None admin] RBAC: Authorization granted {{(pid=72095) enforce_call /opt/stack/keystone/keystone/common/rbac_enforcer/enforcer.py:506}}
Mar 13 07:53:12 jammy-provider-cloud-0000008095 devstack@keystone.service[72094]: DEBUG keystone.server.flask.request_processing.middleware.auth_context [None req-d839ec52-e975-4396-83a7-5538c359f34c None admin] RBAC: auth_context: {'token': <TokenModel (audit_id=VDhWe9_YRP-mPDrSZKpDxA, audit_chain_id=['VDhWe9_YRP-mPDrSZKpDxA']) at 0x7fda4e2d67d0>, 'domain_id': None, 'trust_id': None, 'trustor_id': None, 'trustee_id': None, 'domain_name': None, 'group_ids': [], 'user_id': '4d334080c6d144c2b0284ef3aa7a08ed', 'user_domain_id': 'default', 'system_scope': 'all', 'project_id': None, 'project_domain_id': None, 'roles': ['admin', 'manager', 'member', 'reader'], 'is_admin_project': True, 'service_user_id': None, 'service_user_domain_id': None, 'service_project_id': None, 'service_project_domain_id': None, 'service_roles': []} {{(pid=72094) fill_context /opt/stack/keystone/keystone/server/flask/request_processing/middleware/auth_context.py:506}}
Mar 13 07:53:12 jammy-provider-cloud-0000008095 devstack@keystone.service[72094]: DEBUG keystone.server.flask.request_processing.req_logging [None req-d839ec52-e975-4396-83a7-5538c359f34c None admin] REQUEST_METHOD: `GET` {{(pid=72094) log_request_info /opt/stack/keystone/keystone/server/flask/request_processing/req_logging.py:26}}
Mar 13 07:53:12 jammy-provider-cloud-0000008095 devstack@keystone.service[72094]: DEBUG keystone.server.flask.request_processing.req_logging [None req-d839ec52-e975-4396-83a7-5538c359f34c None admin] SCRIPT_NAME: `/identity` {{(pid=72094) log_request_info /opt/stack/keystone/keystone/server/flask/request_processing/req_logging.py:27}}
Mar 13 07:53:12 jammy-provider-cloud-0000008095 devstack@keystone.service[72095]: DEBUG keystone.common.sql.core [None req-650afa25-d12e-4ede-ab3f-cb3c2fbdd9c2 None admin] Conflict role: (pymysql.err.IntegrityError) (1062, "Duplicate entry 'service-<<null>>' for key 'role.ixu_role_name_domain_id'")
Mar 13 07:53:12 jammy-provider-cloud-0000008095 devstack@keystone.service[72095]: [SQL: INSERT INTO `role` (id, name, description, extra) VALUES (%(id)s, %(name)s, %(description)s, %(extra)s)]
Mar 13 07:53:12 jammy-provider-cloud-0000008095 devstack@keystone.service[72095]: [parameters: {'id': '9c4ad31cf07747aaa2e9993c5873520f', 'name': 'service', 'description': None, 'extra': '{}'}]
Mar 13 07:53:12 jammy-provider-cloud-0000008095 devstack@keystone.service[72095]: (Background on this error at: https://sqlalche.me/e/20/gkpj) {{(pid=72095) wrapper /opt/stack/keystone/keystone/common/sql/core.py:580}}
Mar 13 07:53:12 jammy-provider-cloud-0000008095 devstack@keystone.service[72094]: DEBUG keystone.server.flask.request_processing.req_logging [None req-d839ec52-e975-4396-83a7-5538c359f34c None admin] PATH_INFO: `/v3/roles/admin` {{(pid=72094) log_request_info /opt/stack/keystone/keystone/server/flask/request_processing/req_logging.py:28}}
Mar 13 07:53:12 jammy-provider-cloud-0000008095 devstack@keystone.service[72095]: ERROR keystone.server.flask.application [None req-650afa25-d12e-4ede-ab3f-cb3c2fbdd9c2 None admin] Conflict occurred attempting to store role - Duplicate entry found with name service.: keystone.exception.Conflict: Conflict occurred attempting to store role - Duplicate entry found with name service.
Mar 13 07:53:12 jammy-provider-cloud-0000008095 devstack@keystone.service[72095]: ERROR keystone.server.flask.application Traceback (most recent call last):
Mar 13 07:53:12 jammy-provider-cloud-0000008095 devstack@keystone.service[72095]: ERROR keystone.server.flask.application   File "/opt/stack/data/venv/lib/python3.10/site-packages/sqlalchemy/engine/base.py", line 1964, in _exec_single_context
Mar 13 07:53:12 jammy-provider-cloud-0000008095 devstack@keystone.service[72095]: ERROR keystone.server.flask.application     self.dialect.do_execute(
Mar 13 07:53:12 jammy-provider-cloud-0000008095 devstack@keystone.service[72095]: ERROR keystone.server.flask.application   File "/opt/stack/data/venv/lib/python3.10/site-packages/sqlalchemy/engine/default.py", line 942, in do_execute
Mar 13 07:53:12 jammy-provider-cloud-0000008095 devstack@keystone.service[72095]: ERROR keystone.server.flask.application     cursor.execute(statement, parameters)
Mar 13 07:53:12 jammy-provider-cloud-0000008095 devstack@keystone.service[72095]: ERROR keystone.server.flask.application   File "/opt/stack/data/venv/lib/python3.10/site-packages/pymysql/cursors.py", line 153, in execute
Mar 13 07:53:12 jammy-provider-cloud-0000008095 devstack@keystone.service[72095]: ERROR keystone.server.flask.application     result = self._query(query)
Mar 13 07:53:12 jammy-provider-cloud-0000008095 devstack@keystone.service[72095]: ERROR keystone.server.flask.application   File "/opt/stack/data/venv/lib/python3.10/site-packages/pymysql/cursors.py", line 322, in _query
Mar 13 07:53:12 jammy-provider-cloud-0000008095 devstack@keystone.service[72095]: ERROR keystone.server.flask.application     conn.query(q)
