Mar 10 20:07:57 ubuntu devstack@keystone.service[61281]: ERROR keystone.server.flask.application     cursor.execute(statement, parameters)
Mar 10 20:07:57 ubuntu devstack@keystone.service[61281]: ERROR keystone.server.flask.application   File "/opt/stack/data/venv/lib/python3.12/site-packages/pymysql/cursors.py", line 153, in execute
Mar 10 20:07:57 ubuntu devstack@keystone.service[61281]: ERROR keystone.server.flask.application     result = self._query(query)
Mar 10 20:07:57 ubuntu devstack@keystone.service[61281]: ERROR keystone.server.flask.application              ^^^^^^^^^^^^^^^^^^
Mar 10 20:07:57 ubuntu devstack@keystone.service[61281]: ERROR keystone.server.flask.application   File "/opt/stack/data/venv/lib/python3.12/site-packages/pymysql/cursors.py", line 322, in _query
Mar 10 20:07:57 ubuntu devstack@keystone.service[61281]: ERROR keystone.server.flask.application     conn.query(q)
Mar 10 20:07:57 ubuntu devstack@keystone.service[61281]: ERROR keystone.server.flask.application   File "/opt/stack/data/venv/lib/python3.12/site-packages/pymysql/connections.py", line 575, in query
Mar 10 20:07:57 ubuntu devstack@keystone.service[61281]: ERROR keystone.server.flask.application     self._affected_rows = self._read_query_result(unbuffered=unbuffered)
Mar 10 20:07:57 ubuntu devstack@keystone.service[61281]: ERROR keystone.server.flask.application                           ^^^^^^^^^^^^^^^^^^^^^^^^^^^^^^^^^^^^^^^^^^^^^^
Mar 10 20:07:57 ubuntu devstack@keystone.service[61281]: ERROR keystone.server.flask.application   File "/opt/stack/data/venv/lib/python3.12/site-packages/pymysql/connections.py", line 826, in _read_query_result
Mar 10 20:07:57 ubuntu devstack@keystone.service[61281]: ERROR keystone.server.flask.application     result.read()
Mar 10 20:07:57 ubuntu devstack@keystone.service[61281]: ERROR keystone.server.flask.application   File "/opt/stack/data/venv/lib/python3.12/site-packages/pymysql/connections.py", line 1203, in read
Mar 10 20:07:57 ubuntu devstack@keystone.service[61281]: ERROR keystone.server.flask.application     first_packet = self.connection._read_packet()
Mar 10 20:07:57 ubuntu devstack@keystone.service[61281]: ERROR keystone.server.flask.application                    ^^^^^^^^^^^^^^^^^^^^^^^^^^^^^^
Mar 10 20:07:57 ubuntu devstack@keystone.service[61281]: ERROR keystone.server.flask.application   File "/opt/stack/data/venv/lib/python3.12/site-packages/pymysql/connections.py", line 782, in _read_packet
Mar 10 20:07:57 ubuntu devstack@keystone.service[61281]: ERROR keystone.server.flask.application     packet.raise_for_error()
Mar 10 20:07:57 ubuntu devstack@keystone.service[61281]: ERROR keystone.server.flask.application   File "/opt/stack/data/venv/lib/python3.12/site-packages/pymysql/protocol.py", line 219, in raise_for_error
Mar 10 20:07:57 ubuntu devstack@keystone.service[61281]: ERROR keystone.server.flask.application     err.raise_mysql_exception(self._data)
Mar 10 20:07:57 ubuntu devstack@keystone.service[61281]: ERROR keystone.server.flask.application   File "/opt/stack/data/venv/lib/python3.12/site-packages/pymysql/err.py", line 150, in raise_mysql_exception
Mar 10 20:07:57 ubuntu devstack@keystone.service[61281]: ERROR keystone.server.flask.application     raise errorclass(errno, errval)
Mar 10 20:07:57 ubuntu devstack@keystone.service[61281]: ERROR keystone.server.flask.application oslo_db.exception.DBDuplicateEntry: (pymysql.err.IntegrityError) (1062, "Duplicate entry 'service-<<null>>' for key 'role.ixu_role_name_domain_id'")
Mar 10 20:07:57 ubuntu devstack@keystone.service[61281]: ERROR keystone.server.flask.application [SQL: INSERT INTO `role` (id, name, description, extra) VALUES (%(id)s, %(name)s, %(description)s, %(extra)s)]
Mar 10 20:07:57 ubuntu devstack@keystone.service[61281]: ERROR keystone.server.flask.application [parameters: {'id': 'a34310e267de4faaa10346b24207688a', 'name': 'service', 'description': None, 'extra': '{}'}]
Mar 10 20:07:57 ubuntu devstack@keystone.service[61281]: ERROR keystone.server.flask.application (Background on this error at: https://sqlalche.me/e/20/gkpj)
Mar 10 20:07:57 ubuntu devstack@keystone.service[61281]: ERROR keystone.server.flask.application 
Mar 10 20:07:57 ubuntu devstack@keystone.service[61281]: ERROR keystone.server.flask.application During handling of the above exception, another exception occurred:
Mar 10 20:07:57 ubuntu devstack@keystone.service[61281]: ERROR keystone.server.flask.application 
Mar 10 20:07:57 ubuntu devstack@keystone.service[61281]: ERROR keystone.server.flask.application Traceback (most recent call last):
Mar 10 20:07:57 ubuntu devstack@keystone.service[61281]: ERROR keystone.server.flask.application   File "/opt/stack/data/venv/lib/python3.12/site-packages/flask_restful/__init__.py", line 295, in error_router
Mar 10 20:07:57 ubuntu devstack@keystone.service[61281]: ERROR keystone.server.flask.application     return self.handle_error(e)
Mar 10 20:07:57 ubuntu devstack@keystone.service[61281]: ERROR keystone.server.flask.application            ^^^^^^^^^^^^^^^^^^^^
Mar 10 20:07:57 ubuntu devstack@keystone.service[61281]: ERROR keystone.server.flask.application   File "/opt/stack/data/venv/lib/python3.12/site-packages/flask_restful/__init__.py", line 310, in handle_error
Mar 10 20:07:57 ubuntu devstack@keystone.service[61281]: ERROR keystone.server.flask.application     _handle_flask_propagate_exceptions_config(current_app, e)
Mar 10 20:07:57 ubuntu devstack@keystone.service[61281]: ERROR keystone.server.flask.application   File "/opt/stack/data/venv/lib/python3.12/site-packages/flask/app.py", line 917, in full_dispatch_request
Mar 10 20:07:57 ubuntu devstack@keystone.service[61281]: ERROR keystone.server.flask.application     rv = self.dispatch_request()
Mar 10 20:07:57 ubuntu devstack@keystone.service[61281]: ERROR keystone.server.flask.application          ^^^^^^^^^^^^^^^^^^^^^^^
Mar 10 20:07:57 ubuntu devstack@keystone.service[61281]: ERROR keystone.server.flask.application   File "/opt/stack/data/venv/lib/python3.12/site-packages/flask/app.py", line 902, in dispatch_request
Mar 10 20:07:57 ubuntu devstack@keystone.service[61281]: ERROR keystone.server.flask.application     return self.ensure_sync(self.view_functions[rule.endpoint])(**view_args)  # type: ignore[no-any-return]
Mar 10 20:07:57 ubuntu devstack@keystone.service[61281]: ERROR keystone.server.flask.application            ^^^^^^^^^^^^^^^^^^^^^^^^^^^^^^^^^^^^^^^^^^^^^^^^^^^^^^^^^^^^^^^^^
Mar 10 20:07:57 ubuntu devstack@keystone.service[61281]: ERROR keystone.server.flask.application   File "/opt/stack/data/venv/lib/python3.12/site-packages/flask_restful/__init__.py", line 489, in wrapper
Mar 10 20:07:57 ubuntu devstack@keystone.service[61281]: ERROR keystone.server.flask.application     resp = resource(*args, **kwargs)
Mar 10 20:07:57 ubuntu devstack@keystone.service[61281]: ERROR keystone.server.flask.application            ^^^^^^^^^^^^^^^^^^^^^^^^^
Mar 10 20:07:57 ubuntu devstack@keystone.service[61281]: ERROR keystone.server.flask.application   File "/opt/stack/data/venv/lib/python3.12/site-packages/flask/views.py", line 110, in view
Mar 10 20:07:57 ubuntu devstack@keystone.service[61281]: ERROR keystone.server.flask.application     return current_app.ensure_sync(self.dispatch_request)(**kwargs)  # type: ignore[no-any-return]
Mar 10 20:07:57 ubuntu devstack@keystone.service[61281]: ERROR keystone.server.flask.application            ^^^^^^^^^^^^^^^^^^^^^^^^^^^^^^^^^^^^^^^^^^^^^^^^^^^^^^^^
Mar 10 20:07:57 ubuntu devstack@keystone.service[61281]: ERROR keystone.server.flask.application   File "/opt/stack/data/venv/lib/python3.12/site-packages/flask_restful/__init__.py", line 604, in dispatch_request
Mar 10 20:07:57 ubuntu devstack@keystone.service[61281]: ERROR keystone.server.flask.application     resp = meth(*args, **kwargs)
Mar 10 20:07:57 ubuntu devstack@keystone.service[61281]: ERROR keystone.server.flask.application            ^^^^^^^^^^^^^^^^^^^^^
Mar 10 20:07:57 ubuntu devstack@keystone.service[61281]: ERROR keystone.server.flask.application   File "/opt/stack/keystone/keystone/api/validation/__init__.py", line 86, in wrapper
Mar 10 20:07:57 ubuntu devstack@keystone.service[61281]: ERROR keystone.server.flask.application     return func(*args, **kwargs)
Mar 10 20:07:57 ubuntu devstack@keystone.service[61281]: ERROR keystone.server.flask.application            ^^^^^^^^^^^^^^^^^^^^^
Mar 10 20:07:57 ubuntu devstack@keystone.service[61281]: ERROR keystone.server.flask.application   File "/opt/stack/keystone/keystone/api/validation/__init__.py", line 145, in wrapper
Mar 10 20:07:57 ubuntu devstack@keystone.service[61281]: ERROR keystone.server.flask.application     response = func(*args, **kwargs)
Mar 10 20:07:57 ubuntu devstack@keystone.service[61281]: ERROR keystone.server.flask.application                ^^^^^^^^^^^^^^^^^^^^^
Mar 10 20:07:57 ubuntu devstack@keystone.service[61281]: ERROR keystone.server.flask.application   File "/opt/stack/keystone/keystone/api/roles.py", line 91, in post
Mar 10 20:07:57 ubuntu devstack@keystone.service[61281]: ERROR keystone.server.flask.application     ref = PROVIDERS.role_api.create_role(
Mar 10 20:07:57 ubuntu devstack@keystone.service[61281]: ERROR keystone.server.flask.application           ^^^^^^^^^^^^^^^^^^^^^^^^^^^^^^^
Mar 10 20:07:57 ubuntu devstack@keystone.service[61281]: ERROR keystone.server.flask.application   File "/opt/stack/keystone/keystone/common/manager.py", line 114, in wrapped
Mar 10 20:07:57 ubuntu devstack@keystone.service[61281]: ERROR keystone.server.flask.application     __ret_val = __f(*args, **kwargs)
Mar 10 20:07:57 ubuntu devstack@keystone.service[61281]: ERROR keystone.server.flask.application                 ^^^^^^^^^^^^^^^^^^^^
Mar 10 20:07:57 ubuntu devstack@keystone.service[61281]: ERROR keystone.server.flask.application   File "/opt/stack/keystone/keystone/assignment/core.py", line 1526, in create_role
Mar 10 20:07:57 ubuntu devstack@keystone.service[61281]: ERROR keystone.server.flask.application     ret = self.driver.create_role(role_id, role)
Mar 10 20:07:57 ubuntu devstack@keystone.service[61281]: ERROR keystone.server.flask.application           ^^^^^^^^^^^^^^^^^^^^^^^^^^^^^^^^^^^^^^
Mar 10 20:07:57 ubuntu devstack@keystone.service[61281]: ERROR keystone.server.flask.application   File "/opt/stack/keystone/keystone/common/sql/core.py", line 614, in wrapper
Mar 10 20:07:57 ubuntu devstack@keystone.service[61281]: ERROR keystone.server.flask.application     raise exception.Conflict(type=conflict_type, details=msg)
Mar 10 20:07:57 ubuntu devstack@keystone.service[61281]: ERROR keystone.server.flask.application keystone.exception.Conflict: Conflict occurred attempting to store role - Duplicate entry found with name service.
Mar 10 20:07:57 ubuntu devstack@keystone.service[61281]: ERROR keystone.server.flask.application 
Mar 10 20:07:57 ubuntu devstack@keystone.service[61281]: [pid: 61281|app: 0|req: 18/36] 10.120.125.143 () {62 vars in 1199 bytes} [Tue Mar 10 20:07:57 2026] POST /identity/v3/roles => generated 140 bytes in 87 msecs (HTTP/1.1 409) 5 headers in 183 bytes (2 switches on core 0)
Mar 10 20:07:57 ubuntu devstack@keystone.service[61281]: DEBUG keystone.server.flask.request_processing.middleware.auth_context [None req-76971a50-e54a-425a-bf6c-d3eb4619175b None admin] Authenticating user token {{(pid=61281) process_request /opt/stack/data/venv/lib/python3.12/site-packages/keystonemiddleware/auth_token/__init__.py:407}}
Mar 10 20:07:57 ubuntu devstack@keystone.service[61282]: DEBUG keystone.server.flask.request_processing.middleware.auth_context [None req-36479c24-a6be-4b09-afe4-6d4897037562 None None] Validating token access rules against request {{(pid=61282) validate_allowed_request /opt/stack/data/venv/lib/python3.12/site-packages/keystonemiddleware/auth_token/__init__.py:545}}
Mar 10 20:07:57 ubuntu devstack@keystone.service[61282]: DEBUG keystone.server.flask.request_processing.middleware.auth_context [None req-ee302b60-0ed2-4ded-a8c6-1190be6aafe9 None admin] RBAC: auth_context: {'token': <TokenModel (audit_id=hlUc-oBpQGK6YyEmiuhf-Q, audit_chain_id=['hlUc-oBpQGK6YyEmiuhf-Q']) at 0x7a3d05bb9f70>, 'domain_id': None, 'trust_id': None, 'trustor_id': None, 'trustee_id': None, 'domain_name': None, 'group_ids': [], 'user_id': 'd72676d85cd74a9e98ff1153290882d2', 'user_domain_id': 'default', 'system_scope': 'all', 'project_id': None, 'project_domain_id': None, 'roles': ['admin', 'manager', 'member', 'reader'], 'is_admin_project': True, 'service_user_id': None, 'service_user_domain_id': None, 'service_project_id': None, 'service_project_domain_id': None, 'service_roles': []} {{(pid=61282) fill_context /opt/stack/keystone/keystone/server/flask/request_processing/middleware/auth_context.py:509}}
Mar 10 20:07:57 ubuntu devstack@keystone.service[61282]: DEBUG keystone.server.flask.request_processing.req_logging [None req-ee302b60-0ed2-4ded-a8c6-1190be6aafe9 None admin] REQUEST_METHOD: `POST` {{(pid=61282) log_request_info /opt/stack/keystone/keystone/server/flask/request_processing/req_logging.py:26}}
Mar 10 20:07:57 ubuntu devstack@keystone.service[61282]: DEBUG keystone.server.flask.request_processing.req_logging [None req-ee302b60-0ed2-4ded-a8c6-1190be6aafe9 None admin] SCRIPT_NAME: `/identity` {{(pid=61282) log_request_info /opt/stack/keystone/keystone/server/flask/request_processing/req_logging.py:27}}
Mar 10 20:07:57 ubuntu devstack@keystone.service[61282]: DEBUG keystone.server.flask.request_processing.req_logging [None req-ee302b60-0ed2-4ded-a8c6-1190be6aafe9 None admin] PATH_INFO: `/v3/projects` {{(pid=61282) log_request_info /opt/stack/keystone/keystone/server/flask/request_processing/req_logging.py:28}}
Mar 10 20:07:57 ubuntu devstack@keystone.service[61282]: DEBUG keystone.common.rbac_enforcer.enforcer [None req-ee302b60-0ed2-4ded-a8c6-1190be6aafe9 None admin] RBAC: Authorizing `identity:create_project()` {{(pid=61282) enforce_call /opt/stack/keystone/keystone/common/rbac_enforcer/enforcer.py:494}}
Mar 10 20:07:57 ubuntu devstack@keystone.service[61282]: DEBUG keystone.common.rbac_enforcer.enforcer [None req-ee302b60-0ed2-4ded-a8c6-1190be6aafe9 None admin] RBAC: Authorization granted {{(pid=61282) enforce_call /opt/stack/keystone/keystone/common/rbac_enforcer/enforcer.py:505}}
Mar 10 20:07:57 ubuntu devstack@keystone.service[61281]: DEBUG keystone.server.flask.request_processing.middleware.auth_context [None req-76971a50-e54a-425a-bf6c-d3eb4619175b None admin] Validating token access rules against request {{(pid=61281) validate_allowed_request /opt/stack/data/venv/lib/python3.12/site-packages/keystonemiddleware/auth_token/__init__.py:545}}
Mar 10 20:07:57 ubuntu devstack@keystone.service[61281]: DEBUG keystone.server.flask.request_processing.middleware.auth_context [None req-3e3af81e-e78b-4fbd-ad64-ba9c6f10dbd9 None admin] RBAC: auth_context: {'token': <TokenModel (audit_id=L10j3zdOQpSE55Ar70ht_Q, audit_chain_id=['L10j3zdOQpSE55Ar70ht_Q']) at 0x7a3d050b6a50>, 'domain_id': None, 'trust_id': None, 'trustor_id': None, 'trustee_id': None, 'domain_name': None, 'group_ids': [], 'user_id': 'd72676d85cd74a9e98ff1153290882d2', 'user_domain_id': 'default', 'system_scope': 'all', 'project_id': None, 'project_domain_id': None, 'roles': ['admin', 'manager', 'member', 'reader'], 'is_admin_project': True, 'service_user_id': None, 'service_user_domain_id': None, 'service_project_id': None, 'service_project_domain_id': None, 'service_roles': []} {{(pid=61281) fill_context /opt/stack/keystone/keystone/server/flask/request_processing/middleware/auth_context.py:509}}
Mar 10 20:07:57 ubuntu devstack@keystone.service[61281]: DEBUG keystone.server.flask.request_processing.req_logging [None req-3e3af81e-e78b-4fbd-ad64-ba9c6f10dbd9 None admin] REQUEST_METHOD: `GET` {{(pid=61281) log_request_info /opt/stack/keystone/keystone/server/flask/request_processing/req_logging.py:26}}
Mar 10 20:07:57 ubuntu devstack@keystone.service[61281]: DEBUG keystone.server.flask.request_processing.req_logging [None req-3e3af81e-e78b-4fbd-ad64-ba9c6f10dbd9 None admin] SCRIPT_NAME: `/identity` {{(pid=61281) log_request_info /opt/stack/keystone/keystone/server/flask/request_processing/req_logging.py:27}}
Mar 10 20:07:57 ubuntu devstack@keystone.service[61281]: DEBUG keystone.server.flask.request_processing.req_logging [None req-3e3af81e-e78b-4fbd-ad64-ba9c6f10dbd9 None admin] PATH_INFO: `/v3/roles/admin` {{(pid=61281) log_request_info /opt/stack/keystone/keystone/server/flask/request_processing/req_logging.py:28}}
Mar 10 20:07:57 ubuntu devstack@keystone.service[61281]: DEBUG keystone.common.rbac_enforcer.enforcer [None req-3e3af81e-e78b-4fbd-ad64-ba9c6f10dbd9 None admin] Extracting inferred target data resulted in "NOT FOUND (404)". {{(pid=61281) enforce_call /opt/stack/keystone/keystone/common/rbac_enforcer/enforcer.py:445}}
Mar 10 20:07:57 ubuntu devstack@keystone.service[61281]: DEBUG keystone.server.flask.application [None req-3e3af81e-e78b-4fbd-ad64-ba9c6f10dbd9 None admin] Could not find role: admin. {{(pid=61281) _handle_keystone_exception /opt/stack/keystone/keystone/server/flask/application.py:146}}
Mar 10 20:07:57 ubuntu devstack@keystone.service[61281]: [pid: 61281|app: 0|req: 19/37] 10.120.125.143 () {58 vars in 1163 bytes} [Tue Mar 10 20:07:57 2026] GET /identity/v3/roles/admin => generated 83 bytes in 70 msecs (HTTP/1.1 404) 5 headers in 183 bytes (1 switches on core 0)
Mar 10 20:07:57 ubuntu devstack@keystone.service[61281]: DEBUG keystone.server.flask.request_processing.middleware.auth_context [None req-3e3af81e-e78b-4fbd-ad64-ba9c6f10dbd9 None admin] Authenticating user token {{(pid=61281) process_request /opt/stack/data/venv/lib/python3.12/site-packages/keystonemiddleware/auth_token/__init__.py:407}}
Mar 10 20:07:57 ubuntu devstack@keystone.service[61281]: DEBUG keystone.server.flask.request_processing.middleware.auth_context [None req-3e3af81e-e78b-4fbd-ad64-ba9c6f10dbd9 None admin] Validating token access rules against request {{(pid=61281) validate_allowed_request /opt/stack/data/venv/lib/python3.12/site-packages/keystonemiddleware/auth_token/__init__.py:545}}
Mar 10 20:07:57 ubuntu devstack@keystone.service[61282]: [pid: 61282|app: 0|req: 19/38] 10.120.125.143 () {62 vars in 1207 bytes} [Tue Mar 10 20:07:57 2026] POST /identity/v3/projects => generated 302 bytes in 140 msecs (HTTP/1.1 201) 5 headers in 182 bytes (1 switches on core 0)
Mar 10 20:07:57 ubuntu devstack@keystone.service[61282]: DEBUG keystone.server.flask.request_processing.req_logging [None req-0656a2a7-90ce-41f7-bcf1-b6add4079d83 None None] REQUEST_METHOD: `POST` {{(pid=61282) log_request_info /opt/stack/keystone/keystone/server/flask/request_processing/req_logging.py:26}}
Mar 10 20:07:57 ubuntu devstack@keystone.service[61282]: DEBUG keystone.server.flask.request_processing.req_logging [None req-0656a2a7-90ce-41f7-bcf1-b6add4079d83 None None] SCRIPT_NAME: `/identity` {{(pid=61282) log_request_info /opt/stack/keystone/keystone/server/flask/request_processing/req_logging.py:27}}
Mar 10 20:07:57 ubuntu devstack@keystone.service[61282]: DEBUG keystone.server.flask.request_processing.req_logging [None req-0656a2a7-90ce-41f7-bcf1-b6add4079d83 None None] PATH_INFO: `/v3/auth/tokens` {{(pid=61282) log_request_info /opt/stack/keystone/keystone/server/flask/request_processing/req_logging.py:28}}
Mar 10 20:07:57 ubuntu devstack@keystone.service[61281]: DEBUG keystone.server.flask.request_processing.middleware.auth_context [None req-f23dc36e-d469-4498-ab4b-f0d8c3a1e537 None admin] RBAC: auth_context: {'token': <TokenModel (audit_id=mSP2nBgmR-S8ZZtq06LTKw, audit_chain_id=['mSP2nBgmR-S8ZZtq06LTKw']) at 0x7a3d04e16240>, 'domain_id': None, 'trust_id': None, 'trustor_id': None, 'trustee_id': None, 'domain_name': None, 'group_ids': [], 'user_id': 'd72676d85cd74a9e98ff1153290882d2', 'user_domain_id': 'default', 'system_scope': 'all', 'project_id': None, 'project_domain_id': None, 'roles': ['admin', 'manager', 'member', 'reader'], 'is_admin_project': True, 'service_user_id': None, 'service_user_domain_id': None, 'service_project_id': None, 'service_project_domain_id': None, 'service_roles': []} {{(pid=61281) fill_context /opt/stack/keystone/keystone/server/flask/request_processing/middleware/auth_context.py:509}}
Mar 10 20:07:57 ubuntu devstack@keystone.service[61281]: DEBUG keystone.server.flask.request_processing.req_logging [None req-f23dc36e-d469-4498-ab4b-f0d8c3a1e537 None admin] REQUEST_METHOD: `GET` {{(pid=61281) log_request_info /opt/stack/keystone/keystone/server/flask/request_processing/req_logging.py:26}}
Mar 10 20:07:57 ubuntu devstack@keystone.service[61281]: DEBUG keystone.server.flask.request_processing.req_logging [None req-f23dc36e-d469-4498-ab4b-f0d8c3a1e537 None admin] SCRIPT_NAME: `/identity` {{(pid=61281) log_request_info /opt/stack/keystone/keystone/server/flask/request_processing/req_logging.py:27}}
Mar 10 20:07:57 ubuntu devstack@keystone.service[61281]: DEBUG keystone.server.flask.request_processing.req_logging [None req-f23dc36e-d469-4498-ab4b-f0d8c3a1e537 None admin] PATH_INFO: `/v3/roles/service` {{(pid=61281) log_request_info /opt/stack/keystone/keystone/server/flask/request_processing/req_logging.py:28}}
Mar 10 20:07:57 ubuntu devstack@keystone.service[61282]: WARNING keystone.common.password_hashing [None req-0656a2a7-90ce-41f7-bcf1-b6add4079d83 None None] Truncating password to algorithm specific maximum length 72 characters.
Mar 10 20:07:57 ubuntu devstack@keystone.service[61281]: DEBUG keystone.common.rbac_enforcer.enforcer [None req-f23dc36e-d469-4498-ab4b-f0d8c3a1e537 None admin] Extracting inferred target data resulted in "NOT FOUND (404)". {{(pid=61281) enforce_call /opt/stack/keystone/keystone/common/rbac_enforcer/enforcer.py:445}}
Mar 10 20:07:57 ubuntu devstack@keystone.service[61281]: DEBUG keystone.server.flask.application [None req-f23dc36e-d469-4498-ab4b-f0d8c3a1e537 None admin] Could not find role: service. {{(pid=61281) _handle_keystone_exception /opt/stack/keystone/keystone/server/flask/application.py:146}}
Mar 10 20:07:57 ubuntu devstack@keystone.service[61281]: [pid: 61281|app: 0|req: 20/39] 10.120.125.143 () {58 vars in 1169 bytes} [Tue Mar 10 20:07:57 2026] GET /identity/v3/roles/service => generated 85 bytes in 52 msecs (HTTP/1.1 404) 5 headers in 183 bytes (1 switches on core 0)
Mar 10 20:07:57 ubuntu devstack@keystone.service[61282]: DEBUG keystone.auth.core [None req-0656a2a7-90ce-41f7-bcf1-b6add4079d83 None None] MFA Rules not processed for user `d72676d85cd74a9e98ff1153290882d2`. Rule list: `[]` (Enabled: `True`). {{(pid=61282) check_auth_methods_against_rules /opt/stack/keystone/keystone/auth/core.py:476}}
Mar 10 20:07:57 ubuntu devstack@keystone.service[61282]: DEBUG keystone.common.fernet_utils [None req-0656a2a7-90ce-41f7-bcf1-b6add4079d83 None None] Loaded 2 Fernet keys from /etc/keystone/fernet-keys/, but `[fernet_tokens] max_active_keys = 3`; perhaps there have not been enough key rotations to reach `max_active_keys` yet? {{(pid=61282) load_keys /opt/stack/keystone/keystone/common/fernet_utils.py:297}}
Mar 10 20:07:57 ubuntu devstack@keystone.service[61281]: DEBUG keystone.server.flask.request_processing.middleware.auth_context [None req-f23dc36e-d469-4498-ab4b-f0d8c3a1e537 None admin] Authenticating user token {{(pid=61281) process_request /opt/stack/data/venv/lib/python3.12/site-packages/keystonemiddleware/auth_token/__init__.py:407}}
Mar 10 20:07:57 ubuntu devstack@keystone.service[61282]: [pid: 61282|app: 0|req: 20/40] 10.120.125.143 () {60 vars in 1047 bytes} [Tue Mar 10 20:07:57 2026] POST /identity/v3/auth/tokens => generated 863 bytes in 48 msecs (HTTP/1.1 201) 6 headers in 363 bytes (1 switches on core 0)
Mar 10 20:07:57 ubuntu devstack@keystone.service[61281]: DEBUG keystone.server.flask.request_processing.middleware.auth_context [None req-f23dc36e-d469-4498-ab4b-f0d8c3a1e537 None admin] Validating token access rules against request {{(pid=61281) validate_allowed_request /opt/stack/data/venv/lib/python3.12/site-packages/keystonemiddleware/auth_token/__init__.py:545}}
Mar 10 20:07:57 ubuntu devstack@keystone.service[61282]: DEBUG keystone.server.flask.request_processing.middleware.auth_context [None req-0656a2a7-90ce-41f7-bcf1-b6add4079d83 None None] Authenticating user token {{(pid=61282) process_request /opt/stack/data/venv/lib/python3.12/site-packages/keystonemiddleware/auth_token/__init__.py:407}}
Mar 10 20:07:57 ubuntu devstack@keystone.service[61281]: DEBUG keystone.server.flask.request_processing.middleware.auth_context [None req-2b2ea52d-05e1-4d00-9f93-80351b1e6080 None admin] RBAC: auth_context: {'token': <TokenModel (audit_id=L10j3zdOQpSE55Ar70ht_Q, audit_chain_id=['L10j3zdOQpSE55Ar70ht_Q']) at 0x7a3d04e15400>, 'domain_id': None, 'trust_id': None, 'trustor_id': None, 'trustee_id': None, 'domain_name': None, 'group_ids': [], 'user_id': 'd72676d85cd74a9e98ff1153290882d2', 'user_domain_id': 'default', 'system_scope': 'all', 'project_id': None, 'project_domain_id': None, 'roles': ['admin', 'manager', 'member', 'reader'], 'is_admin_project': True, 'service_user_id': None, 'service_user_domain_id': None, 'service_project_id': None, 'service_project_domain_id': None, 'service_roles': []} {{(pid=61281) fill_context /opt/stack/keystone/keystone/server/flask/request_processing/middleware/auth_context.py:509}}
Mar 10 20:07:57 ubuntu devstack@keystone.service[61281]: DEBUG keystone.server.flask.request_processing.req_logging [None req-2b2ea52d-05e1-4d00-9f93-80351b1e6080 None admin] REQUEST_METHOD: `GET` {{(pid=61281) log_request_info /opt/stack/keystone/keystone/server/flask/request_processing/req_logging.py:26}}
Mar 10 20:07:57 ubuntu devstack@keystone.service[61281]: DEBUG keystone.server.flask.request_processing.req_logging [None req-2b2ea52d-05e1-4d00-9f93-80351b1e6080 None admin] SCRIPT_NAME: `/identity` {{(pid=61281) log_request_info /opt/stack/keystone/keystone/server/flask/request_processing/req_logging.py:27}}
Mar 10 20:07:57 ubuntu devstack@keystone.service[61281]: DEBUG keystone.server.flask.request_processing.req_logging [None req-2b2ea52d-05e1-4d00-9f93-80351b1e6080 None admin] PATH_INFO: `/v3/roles` {{(pid=61281) log_request_info /opt/stack/keystone/keystone/server/flask/request_processing/req_logging.py:28}}
Mar 10 20:07:57 ubuntu devstack@keystone.service[61281]: DEBUG keystone.common.rbac_enforcer.enforcer [None req-2b2ea52d-05e1-4d00-9f93-80351b1e6080 None admin] RBAC: Adding query filter params (name=admin) {{(pid=61281) _extract_filter_values /opt/stack/keystone/keystone/common/rbac_enforcer/enforcer.py:176}}
Mar 10 20:07:57 ubuntu devstack@keystone.service[61281]: DEBUG keystone.common.rbac_enforcer.enforcer [None req-2b2ea52d-05e1-4d00-9f93-80351b1e6080 None admin] RBAC: Authorizing `identity:list_roles()` {{(pid=61281) enforce_call /opt/stack/keystone/keystone/common/rbac_enforcer/enforcer.py:494}}
Mar 10 20:07:57 ubuntu devstack@keystone.service[61281]: DEBUG keystone.common.rbac_enforcer.enforcer [None req-2b2ea52d-05e1-4d00-9f93-80351b1e6080 None admin] RBAC: Authorization granted {{(pid=61281) enforce_call /opt/stack/keystone/keystone/common/rbac_enforcer/enforcer.py:505}}
Mar 10 20:07:57 ubuntu devstack@keystone.service[61282]: DEBUG keystone.server.flask.request_processing.middleware.auth_context [None req-0656a2a7-90ce-41f7-bcf1-b6add4079d83 None None] Validating token access rules against request {{(pid=61282) validate_allowed_request /opt/stack/data/venv/lib/python3.12/site-packages/keystonemiddleware/auth_token/__init__.py:545}}
Mar 10 20:07:57 ubuntu devstack@keystone.service[61281]: [pid: 61281|app: 0|req: 21/41] 10.120.125.143 () {58 vars in 1180 bytes} [Tue Mar 10 20:07:57 2026] GET /identity/v3/roles?name=admin => generated 341 bytes in 78 msecs (HTTP/1.1 200) 5 headers in 177 bytes (1 switches on core 0)
Mar 10 20:07:57 ubuntu devstack@keystone.service[61281]: DEBUG keystone.server.flask.request_processing.middleware.auth_context [None req-2b2ea52d-05e1-4d00-9f93-80351b1e6080 None admin] Authenticating user token {{(pid=61281) process_request /opt/stack/data/venv/lib/python3.12/site-packages/keystonemiddleware/auth_token/__init__.py:407}}
Mar 10 20:07:57 ubuntu devstack@keystone.service[61282]: DEBUG keystone.server.flask.request_processing.middleware.auth_context [None req-23fe6b6b-b8d5-4c0c-a5fe-75a349a774af None admin] RBAC: auth_context: {'token': <TokenModel (audit_id=mSP2nBgmR-S8ZZtq06LTKw, audit_chain_id=['mSP2nBgmR-S8ZZtq06LTKw']) at 0x7a3d04e97f50>, 'domain_id': None, 'trust_id': None, 'trustor_id': None, 'trustee_id': None, 'domain_name': None, 'group_ids': [], 'user_id': 'd72676d85cd74a9e98ff1153290882d2', 'user_domain_id': 'default', 'system_scope': 'all', 'project_id': None, 'project_domain_id': None, 'roles': ['admin', 'manager', 'member', 'reader'], 'is_admin_project': True, 'service_user_id': None, 'service_user_domain_id': None, 'service_project_id': None, 'service_project_domain_id': None, 'service_roles': []} {{(pid=61282) fill_context /opt/stack/keystone/keystone/server/flask/request_processing/middleware/auth_context.py:509}}
Mar 10 20:07:57 ubuntu devstack@keystone.service[61282]: DEBUG keystone.server.flask.request_processing.req_logging [None req-23fe6b6b-b8d5-4c0c-a5fe-75a349a774af None admin] REQUEST_METHOD: `GET` {{(pid=61282) log_request_info /opt/stack/keystone/keystone/server/flask/request_processing/req_logging.py:26}}
Mar 10 20:07:57 ubuntu devstack@keystone.service[61282]: DEBUG keystone.server.flask.request_processing.req_logging [None req-23fe6b6b-b8d5-4c0c-a5fe-75a349a774af None admin] SCRIPT_NAME: `/identity` {{(pid=61282) log_request_info /opt/stack/keystone/keystone/server/flask/request_processing/req_logging.py:27}}
Mar 10 20:07:57 ubuntu devstack@keystone.service[61282]: DEBUG keystone.server.flask.request_processing.req_logging [None req-23fe6b6b-b8d5-4c0c-a5fe-75a349a774af None admin] PATH_INFO: `/v3/roles` {{(pid=61282) log_request_info /opt/stack/keystone/keystone/server/flask/request_processing/req_logging.py:28}}
Mar 10 20:07:57 ubuntu devstack@keystone.service[61282]: DEBUG keystone.common.rbac_enforcer.enforcer [None req-23fe6b6b-b8d5-4c0c-a5fe-75a349a774af None admin] RBAC: Adding query filter params (name=service) {{(pid=61282) _extract_filter_values /opt/stack/keystone/keystone/common/rbac_enforcer/enforcer.py:176}}
Mar 10 20:07:57 ubuntu devstack@keystone.service[61282]: DEBUG keystone.common.rbac_enforcer.enforcer [None req-23fe6b6b-b8d5-4c0c-a5fe-75a349a774af None admin] RBAC: Authorizing `identity:list_roles()` {{(pid=61282) enforce_call /opt/stack/keystone/keystone/common/rbac_enforcer/enforcer.py:494}}
Mar 10 20:07:57 ubuntu devstack@keystone.service[61282]: DEBUG keystone.common.rbac_enforcer.enforcer [None req-23fe6b6b-b8d5-4c0c-a5fe-75a349a774af None admin] RBAC: Authorization granted {{(pid=61282) enforce_call /opt/stack/keystone/keystone/common/rbac_enforcer/enforcer.py:505}}
Mar 10 20:07:57 ubuntu devstack@keystone.service[61282]: [pid: 61282|app: 0|req: 21/42] 10.120.125.143 () {58 vars in 1184 bytes} [Tue Mar 10 20:07:57 2026] GET /identity/v3/roles?name=service => generated 345 bytes in 66 msecs (HTTP/1.1 200) 5 headers in 177 bytes (2 switches on core 0)
Mar 10 20:07:57 ubuntu devstack@keystone.service[61281]: DEBUG keystone.server.flask.request_processing.middleware.auth_context [None req-2b2ea52d-05e1-4d00-9f93-80351b1e6080 None admin] Validating token access rules against request {{(pid=61281) validate_allowed_request /opt/stack/data/venv/lib/python3.12/site-packages/keystonemiddleware/auth_token/__init__.py:545}}
Mar 10 20:07:57 ubuntu devstack@keystone.service[61282]: DEBUG keystone.server.flask.request_processing.middleware.auth_context [None req-23fe6b6b-b8d5-4c0c-a5fe-75a349a774af None admin] Authenticating user token {{(pid=61282) process_request /opt/stack/data/venv/lib/python3.12/site-packages/keystonemiddleware/auth_token/__init__.py:407}}
Mar 10 20:07:57 ubuntu devstack@keystone.service[61281]: DEBUG keystone.server.flask.request_processing.middleware.auth_context [None req-6c5a7fe7-1faa-4d3c-b3c0-50612fdbcdd2 None admin] RBAC: auth_context: {'token': <TokenModel (audit_id=ZFNEPQwsS-GSg0jO6rGnAQ, audit_chain_id=['ZFNEPQwsS-GSg0jO6rGnAQ']) at 0x7a3d04f89280>, 'domain_id': None, 'trust_id': None, 'trustor_id': None, 'trustee_id': None, 'domain_name': None, 'group_ids': [], 'user_id': 'd72676d85cd74a9e98ff1153290882d2', 'user_domain_id': 'default', 'system_scope': 'all', 'project_id': None, 'project_domain_id': None, 'roles': ['admin', 'manager', 'member', 'reader'], 'is_admin_project': True, 'service_user_id': None, 'service_user_domain_id': None, 'service_project_id': None, 'service_project_domain_id': None, 'service_roles': []} {{(pid=61281) fill_context /opt/stack/keystone/keystone/server/flask/request_processing/middleware/auth_context.py:509}}
Mar 10 20:07:57 ubuntu devstack@keystone.service[61281]: DEBUG keystone.server.flask.request_processing.req_logging [None req-6c5a7fe7-1faa-4d3c-b3c0-50612fdbcdd2 None admin] REQUEST_METHOD: `POST` {{(pid=61281) log_request_info /opt/stack/keystone/keystone/server/flask/request_processing/req_logging.py:26}}
Mar 10 20:07:57 ubuntu devstack@keystone.service[61281]: DEBUG keystone.server.flask.request_processing.req_logging [None req-6c5a7fe7-1faa-4d3c-b3c0-50612fdbcdd2 None admin] SCRIPT_NAME: `/identity` {{(pid=61281) log_request_info /opt/stack/keystone/keystone/server/flask/request_processing/req_logging.py:27}}
Mar 10 20:07:57 ubuntu devstack@keystone.service[61281]: DEBUG keystone.server.flask.request_processing.req_logging [None req-6c5a7fe7-1faa-4d3c-b3c0-50612fdbcdd2 None admin] PATH_INFO: `/v3/roles` {{(pid=61281) log_request_info /opt/stack/keystone/keystone/server/flask/request_processing/req_logging.py:28}}
Mar 10 20:07:57 ubuntu devstack@keystone.service[61281]: DEBUG keystone.common.rbac_enforcer.enforcer [None req-6c5a7fe7-1faa-4d3c-b3c0-50612fdbcdd2 None admin] RBAC: Authorizing `identity:create_role()` {{(pid=61281) enforce_call /opt/stack/keystone/keystone/common/rbac_enforcer/enforcer.py:494}}
Mar 10 20:07:57 ubuntu devstack@keystone.service[61281]: DEBUG keystone.common.rbac_enforcer.enforcer [None req-6c5a7fe7-1faa-4d3c-b3c0-50612fdbcdd2 None admin] RBAC: Authorization granted {{(pid=61281) enforce_call /opt/stack/keystone/keystone/common/rbac_enforcer/enforcer.py:505}}
Mar 10 20:07:57 ubuntu devstack@keystone.service[61282]: DEBUG keystone.server.flask.request_processing.middleware.auth_context [None req-23fe6b6b-b8d5-4c0c-a5fe-75a349a774af None admin] Validating token access rules against request {{(pid=61282) validate_allowed_request /opt/stack/data/venv/lib/python3.12/site-packages/keystonemiddleware/auth_token/__init__.py:545}}
Mar 10 20:07:57 ubuntu devstack@keystone.service[61281]: [pid: 61281|app: 0|req: 22/43] 10.120.125.143 () {62 vars in 1199 bytes} [Tue Mar 10 20:07:57 2026] POST /identity/v3/roles => generated 226 bytes in 92 msecs (HTTP/1.1 201) 5 headers in 182 bytes (1 switches on core 0)
Mar 10 20:07:57 ubuntu devstack@keystone.service[61282]: DEBUG keystone.server.flask.request_processing.middleware.auth_context [None req-e714e284-fa84-4e83-97ee-e8f38856a127 None admin] RBAC: auth_context: {'token': <TokenModel (audit_id=L10j3zdOQpSE55Ar70ht_Q, audit_chain_id=['L10j3zdOQpSE55Ar70ht_Q']) at 0x7a3d04d9e180>, 'domain_id': None, 'trust_id': None, 'trustor_id': None, 'trustee_id': None, 'domain_name': None, 'group_ids': [], 'user_id': 'd72676d85cd74a9e98ff1153290882d2', 'user_domain_id': 'default', 'system_scope': 'all', 'project_id': None, 'project_domain_id': None, 'roles': ['admin', 'manager', 'member', 'reader'], 'is_admin_project': True, 'service_user_id': None, 'service_user_domain_id': None, 'service_project_id': None, 'service_project_domain_id': None, 'service_roles': []} {{(pid=61282) fill_context /opt/stack/keystone/keystone/server/flask/request_processing/middleware/auth_context.py:509}}
Mar 10 20:07:57 ubuntu devstack@keystone.service[61282]: DEBUG keystone.server.flask.request_processing.req_logging [None req-e714e284-fa84-4e83-97ee-e8f38856a127 None admin] REQUEST_METHOD: `GET` {{(pid=61282) log_request_info /opt/stack/keystone/keystone/server/flask/request_processing/req_logging.py:26}}
Mar 10 20:07:57 ubuntu devstack@keystone.service[61282]: DEBUG keystone.server.flask.request_processing.req_logging [None req-e714e284-fa84-4e83-97ee-e8f38856a127 None admin] SCRIPT_NAME: `/identity` {{(pid=61282) log_request_info /opt/stack/keystone/keystone/server/flask/request_processing/req_logging.py:27}}
Mar 10 20:07:57 ubuntu devstack@keystone.service[61282]: DEBUG keystone.server.flask.request_processing.req_logging [None req-e714e284-fa84-4e83-97ee-e8f38856a127 None admin] PATH_INFO: `/v3/users/d72676d85cd74a9e98ff1153290882d2` {{(pid=61282) log_request_info /opt/stack/keystone/keystone/server/flask/request_processing/req_logging.py:28}}
Mar 10 20:07:57 ubuntu devstack@keystone.service[61282]: DEBUG keystone.common.rbac_enforcer.enforcer [None req-e714e284-fa84-4e83-97ee-e8f38856a127 None admin] RBAC: Authorizing `identity:get_user(user_id=d72676d85cd74a9e98ff1153290882d2)` {{(pid=61282) enforce_call /opt/stack/keystone/keystone/common/rbac_enforcer/enforcer.py:494}}
Mar 10 20:07:57 ubuntu devstack@keystone.service[61282]: DEBUG keystone.common.rbac_enforcer.enforcer [None req-e714e284-fa84-4e83-97ee-e8f38856a127 None admin] RBAC: Authorization granted {{(pid=61282) enforce_call /opt/stack/keystone/keystone/common/rbac_enforcer/enforcer.py:505}}
Mar 10 20:07:57 ubuntu devstack@keystone.service[61282]: [pid: 61282|app: 0|req: 22/44] 10.120.125.143 () {58 vars in 1245 bytes} [Tue Mar 10 20:07:57 2026] GET /identity/v3/users/d72676d85cd74a9e98ff1153290882d2 => generated 248 bytes in 57 msecs (HTTP/1.1 200) 5 headers in 177 bytes (2 switches on core 0)
Mar 10 20:07:57 ubuntu devstack@keystone.service[61281]: DEBUG keystone.server.flask.request_processing.middleware.auth_context [None req-6c5a7fe7-1faa-4d3c-b3c0-50612fdbcdd2 None admin] Authenticating user token {{(pid=61281) process_request /opt/stack/data/venv/lib/python3.12/site-packages/keystonemiddleware/auth_token/__init__.py:407}}
Mar 10 20:07:57 ubuntu devstack@keystone.service[61282]: DEBUG keystone.server.flask.request_processing.middleware.auth_context [None req-e714e284-fa84-4e83-97ee-e8f38856a127 None admin] Authenticating user token {{(pid=61282) process_request /opt/stack/data/venv/lib/python3.12/site-packages/keystonemiddleware/auth_token/__init__.py:407}}
Mar 10 20:07:57 ubuntu devstack@keystone.service[61281]: DEBUG keystone.server.flask.request_processing.middleware.auth_context [None req-6c5a7fe7-1faa-4d3c-b3c0-50612fdbcdd2 None admin] Validating token access rules against request {{(pid=61281) validate_allowed_request /opt/stack/data/venv/lib/python3.12/site-packages/keystonemiddleware/auth_token/__init__.py:545}}
Mar 10 20:07:57 ubuntu devstack@keystone.service[61281]: DEBUG keystone.server.flask.request_processing.middleware.auth_context [None req-c012d1f8-2489-4a29-af59-e7b2751b5598 None admin] RBAC: auth_context: {'token': <TokenModel (audit_id=wgf4ncPSTruMvlL1nWCXoQ, audit_chain_id=['wgf4ncPSTruMvlL1nWCXoQ']) at 0x7a3d052a6420>, 'domain_id': None, 'trust_id': None, 'trustor_id': None, 'trustee_id': None, 'domain_name': None, 'group_ids': [], 'user_id': 'd72676d85cd74a9e98ff1153290882d2', 'user_domain_id': 'default', 'system_scope': 'all', 'project_id': None, 'project_domain_id': None, 'roles': ['admin', 'manager', 'member', 'reader'], 'is_admin_project': True, 'service_user_id': None, 'service_user_domain_id': None, 'service_project_id': None, 'service_project_domain_id': None, 'service_roles': []} {{(pid=61281) fill_context /opt/stack/keystone/keystone/server/flask/request_processing/middleware/auth_context.py:509}}
Mar 10 20:07:57 ubuntu devstack@keystone.service[61281]: DEBUG keystone.server.flask.request_processing.req_logging [None req-c012d1f8-2489-4a29-af59-e7b2751b5598 None admin] REQUEST_METHOD: `POST` {{(pid=61281) log_request_info /opt/stack/keystone/keystone/server/flask/request_processing/req_logging.py:26}}
Mar 10 20:07:57 ubuntu devstack@keystone.service[61281]: DEBUG keystone.server.flask.request_processing.req_logging [None req-c012d1f8-2489-4a29-af59-e7b2751b5598 None admin] SCRIPT_NAME: `/identity` {{(pid=61281) log_request_info /opt/stack/keystone/keystone/server/flask/request_processing/req_logging.py:27}}
Mar 10 20:07:57 ubuntu devstack@keystone.service[61281]: DEBUG keystone.server.flask.request_processing.req_logging [None req-c012d1f8-2489-4a29-af59-e7b2751b5598 None admin] PATH_INFO: `/v3/roles` {{(pid=61281) log_request_info /opt/stack/keystone/keystone/server/flask/request_processing/req_logging.py:28}}
Mar 10 20:07:57 ubuntu devstack@keystone.service[61281]: DEBUG keystone.common.rbac_enforcer.enforcer [None req-c012d1f8-2489-4a29-af59-e7b2751b5598 None admin] RBAC: Authorizing `identity:create_role()` {{(pid=61281) enforce_call /opt/stack/keystone/keystone/common/rbac_enforcer/enforcer.py:494}}
Mar 10 20:07:57 ubuntu devstack@keystone.service[61281]: DEBUG keystone.common.rbac_enforcer.enforcer [None req-c012d1f8-2489-4a29-af59-e7b2751b5598 None admin] RBAC: Authorization granted {{(pid=61281) enforce_call /opt/stack/keystone/keystone/common/rbac_enforcer/enforcer.py:505}}
Mar 10 20:07:57 ubuntu devstack@keystone.service[61282]: DEBUG keystone.server.flask.request_processing.middleware.auth_context [None req-e714e284-fa84-4e83-97ee-e8f38856a127 None admin] Validating token access rules against request {{(pid=61282) validate_allowed_request /opt/stack/data/venv/lib/python3.12/site-packages/keystonemiddleware/auth_token/__init__.py:545}}
Mar 10 20:07:57 ubuntu devstack@keystone.service[61281]: [pid: 61281|app: 0|req: 23/45] 10.120.125.143 () {62 vars in 1199 bytes} [Tue Mar 10 20:07:57 2026] POST /identity/v3/roles => generated 224 bytes in 97 msecs (HTTP/1.1 201) 5 headers in 182 bytes (1 switches on core 0)
Mar 10 20:07:57 ubuntu devstack@keystone.service[61282]: DEBUG keystone.server.flask.request_processing.middleware.auth_context [None req-aa934b1a-b8cc-4e36-b274-c6fb3f0835cc None admin] RBAC: auth_context: {'token': <TokenModel (audit_id=L10j3zdOQpSE55Ar70ht_Q, audit_chain_id=['L10j3zdOQpSE55Ar70ht_Q']) at 0x7a3d051d8470>, 'domain_id': None, 'trust_id': None, 'trustor_id': None, 'trustee_id': None, 'domain_name': None, 'group_ids': [], 'user_id': 'd72676d85cd74a9e98ff1153290882d2', 'user_domain_id': 'default', 'system_scope': 'all', 'project_id': None, 'project_domain_id': None, 'roles': ['admin', 'manager', 'member', 'reader'], 'is_admin_project': True, 'service_user_id': None, 'service_user_domain_id': None, 'service_project_id': None, 'service_project_domain_id': None, 'service_roles': []} {{(pid=61282) fill_context /opt/stack/keystone/keystone/server/flask/request_processing/middleware/auth_context.py:509}}
Mar 10 20:07:57 ubuntu devstack@keystone.service[61282]: DEBUG keystone.server.flask.request_processing.req_logging [None req-aa934b1a-b8cc-4e36-b274-c6fb3f0835cc None admin] REQUEST_METHOD: `GET` {{(pid=61282) log_request_info /opt/stack/keystone/keystone/server/flask/request_processing/req_logging.py:26}}
Mar 10 20:07:57 ubuntu devstack@keystone.service[61282]: DEBUG keystone.server.flask.request_processing.req_logging [None req-aa934b1a-b8cc-4e36-b274-c6fb3f0835cc None admin] SCRIPT_NAME: `/identity` {{(pid=61282) log_request_info /opt/stack/keystone/keystone/server/flask/request_processing/req_logging.py:27}}
Mar 10 20:07:57 ubuntu devstack@keystone.service[61282]: DEBUG keystone.server.flask.request_processing.req_logging [None req-aa934b1a-b8cc-4e36-b274-c6fb3f0835cc None admin] PATH_INFO: `/v3/domains/default` {{(pid=61282) log_request_info /opt/stack/keystone/keystone/server/flask/request_processing/req_logging.py:28}}
Mar 10 20:07:57 ubuntu devstack@keystone.service[61282]: DEBUG keystone.common.rbac_enforcer.enforcer [None req-aa934b1a-b8cc-4e36-b274-c6fb3f0835cc None admin] RBAC: Authorizing `identity:get_domain(domain_id=default)` {{(pid=61282) enforce_call /opt/stack/keystone/keystone/common/rbac_enforcer/enforcer.py:494}}
Mar 10 20:07:57 ubuntu devstack@keystone.service[61282]: DEBUG keystone.common.rbac_enforcer.enforcer [None req-aa934b1a-b8cc-4e36-b274-c6fb3f0835cc None admin] RBAC: Authorization granted {{(pid=61282) enforce_call /opt/stack/keystone/keystone/common/rbac_enforcer/enforcer.py:505}}
Mar 10 20:07:57 ubuntu devstack@keystone.service[61282]: [pid: 61282|app: 0|req: 23/46] 10.120.125.143 () {58 vars in 1176 bytes} [Tue Mar 10 20:07:57 2026] GET /identity/v3/domains/default => generated 200 bytes in 89 msecs (HTTP/1.1 200) 5 headers in 177 bytes (1 switches on core 0)
Mar 10 20:07:57 ubuntu devstack@keystone.service[61281]: DEBUG keystone.server.flask.request_processing.middleware.auth_context [None req-c012d1f8-2489-4a29-af59-e7b2751b5598 None admin] Authenticating user token {{(pid=61281) process_request /opt/stack/data/venv/lib/python3.12/site-packages/keystonemiddleware/auth_token/__init__.py:407}}
Mar 10 20:07:57 ubuntu devstack@keystone.service[61282]: DEBUG keystone.server.flask.request_processing.middleware.auth_context [None req-aa934b1a-b8cc-4e36-b274-c6fb3f0835cc None admin] Authenticating user token {{(pid=61282) process_request /opt/stack/data/venv/lib/python3.12/site-packages/keystonemiddleware/auth_token/__init__.py:407}}
Mar 10 20:07:57 ubuntu devstack@keystone.service[61281]: DEBUG keystone.server.flask.request_processing.middleware.auth_context [None req-c012d1f8-2489-4a29-af59-e7b2751b5598 None admin] Validating token access rules against request {{(pid=61281) validate_allowed_request /opt/stack/data/venv/lib/python3.12/site-packages/keystonemiddleware/auth_token/__init__.py:545}}
Mar 10 20:07:57 ubuntu devstack@keystone.service[61281]: DEBUG keystone.server.flask.request_processing.middleware.auth_context [None req-e96bcbf6-f914-4254-a477-1cb46ff551b9 None admin] RBAC: auth_context: {'token': <TokenModel (audit_id=V-o1cBMgTRultKtNFmdDWA, audit_chain_id=['V-o1cBMgTRultKtNFmdDWA']) at 0x7a3d050b7d10>, 'domain_id': None, 'trust_id': None, 'trustor_id': None, 'trustee_id': None, 'domain_name': None, 'group_ids': [], 'user_id': 'd72676d85cd74a9e98ff1153290882d2', 'user_domain_id': 'default', 'system_scope': 'all', 'project_id': None, 'project_domain_id': None, 'roles': ['admin', 'manager', 'member', 'reader'], 'is_admin_project': True, 'service_user_id': None, 'service_user_domain_id': None, 'service_project_id': None, 'service_project_domain_id': None, 'service_roles': []} {{(pid=61281) fill_context /opt/stack/keystone/keystone/server/flask/request_processing/middleware/auth_context.py:509}}
Mar 10 20:07:57 ubuntu devstack@keystone.service[61281]: DEBUG keystone.server.flask.request_processing.req_logging [None req-e96bcbf6-f914-4254-a477-1cb46ff551b9 None admin] REQUEST_METHOD: `GET` {{(pid=61281) log_request_info /opt/stack/keystone/keystone/server/flask/request_processing/req_logging.py:26}}
Mar 10 20:07:57 ubuntu devstack@keystone.service[61281]: DEBUG keystone.server.flask.request_processing.req_logging [None req-e96bcbf6-f914-4254-a477-1cb46ff551b9 None admin] SCRIPT_NAME: `/identity` {{(pid=61281) log_request_info /opt/stack/keystone/keystone/server/flask/request_processing/req_logging.py:27}}
Mar 10 20:07:57 ubuntu devstack@keystone.service[61281]: DEBUG keystone.server.flask.request_processing.req_logging [None req-e96bcbf6-f914-4254-a477-1cb46ff551b9 None admin] PATH_INFO: `/v3/domains/default` {{(pid=61281) log_request_info /opt/stack/keystone/keystone/server/flask/request_processing/req_logging.py:28}}
Mar 10 20:07:57 ubuntu devstack@keystone.service[61281]: DEBUG keystone.common.rbac_enforcer.enforcer [None req-e96bcbf6-f914-4254-a477-1cb46ff551b9 None admin] RBAC: Authorizing `identity:get_domain(domain_id=default)` {{(pid=61281) enforce_call /opt/stack/keystone/keystone/common/rbac_enforcer/enforcer.py:494}}
Mar 10 20:07:57 ubuntu devstack@keystone.service[61282]: DEBUG keystone.server.flask.request_processing.middleware.auth_context [None req-aa934b1a-b8cc-4e36-b274-c6fb3f0835cc None admin] Validating token access rules against request {{(pid=61282) validate_allowed_request /opt/stack/data/venv/lib/python3.12/site-packages/keystonemiddleware/auth_token/__init__.py:545}}
Mar 10 20:07:57 ubuntu devstack@keystone.service[61281]: DEBUG keystone.common.rbac_enforcer.enforcer [None req-e96bcbf6-f914-4254-a477-1cb46ff551b9 None admin] RBAC: Authorization granted {{(pid=61281) enforce_call /opt/stack/keystone/keystone/common/rbac_enforcer/enforcer.py:505}}
Mar 10 20:07:57 ubuntu devstack@keystone.service[61281]: [pid: 61281|app: 0|req: 24/47] 10.120.125.143 () {58 vars in 1176 bytes} [Tue Mar 10 20:07:57 2026] GET /identity/v3/domains/default => generated 200 bytes in 70 msecs (HTTP/1.1 200) 5 headers in 177 bytes (1 switches on core 0)
Mar 10 20:07:57 ubuntu devstack@keystone.service[61282]: DEBUG keystone.server.flask.request_processing.middleware.auth_context [None req-5f2e1a16-9fd7-4117-8448-bc481da0b305 None admin] RBAC: auth_context: {'token': <TokenModel (audit_id=L10j3zdOQpSE55Ar70ht_Q, audit_chain_id=['L10j3zdOQpSE55Ar70ht_Q']) at 0x7a3d05202390>, 'domain_id': None, 'trust_id': None, 'trustor_id': None, 'trustee_id': None, 'domain_name': None, 'group_ids': [], 'user_id': 'd72676d85cd74a9e98ff1153290882d2', 'user_domain_id': 'default', 'system_scope': 'all', 'project_id': None, 'project_domain_id': None, 'roles': ['admin', 'manager', 'member', 'reader'], 'is_admin_project': True, 'service_user_id': None, 'service_user_domain_id': None, 'service_project_id': None, 'service_project_domain_id': None, 'service_roles': []} {{(pid=61282) fill_context /opt/stack/keystone/keystone/server/flask/request_processing/middleware/auth_context.py:509}}
