"pcp-dstat 6.2.0 CSV Output"
"Author:","PCP team <pcp@groups.io> and Dag Wieers <dag@wieers.com>",,,,"URL:","https://pcp.io/ and http://dag.wieers.com/home-made/dstat/"
"Host:","ubuntu",,,,"User:","ubuntu"
"Cmdline:","dstat -tcmndrylpg --tcp --output /tmp/devstack_logs/dstat-csv.log",,,,"Date:","23 Jun 2026 10:41:08 UTC"
"system","total usage",,,,,"memory usage",,,,"net/total",,"dsk/total",,"io/total",,"system",,"load avg",,,"procs",,,"paging",,"tcp sockets",,,,
"time","total usage:usr","total usage:sys","total usage:idl","total usage:wai","total usage:stl","used","free","buf","cach","net/total:recv","net/total:send","dsk/total:read","dsk/total:writ","read","writ","int","csw","1m","5m","15m","run","blk","new","in","out","lis","act","syn","tim","clo"
23-06 10:41:08,,1003400,1411272,167320,5225636,,,,,,,1.410,1,0.570,2,0,,,,10,3,0,17,0
23-06 10:41:09,9.458,20.658,67.450,0.249,0,1010880,1403760,167336,5225668,9786.411,3788.128,0,1262.377,0,59.734,5123,3790,1.380,1,0.570,3,0,275.772,0,0,10,4,0,17,0
23-06 10:41:10,18.564,21.323,58.952,0.251,0,992024,1422160,167412,5226004,21607.916,7554.844,0,887.034,0,34.117,5212,3509,1.380,1,0.570,2,0,307.050,0,0,10,5,0,17,0
23-06 10:41:11,22.849,20.117,54.390,0.745,0,993132,1420356,167572,5226804,42055.950,13045.749,0,1617.307,0,53.645,5892,5757,1.380,1,0.570,3,0,275.181,0,0,10,6,0,17,0
23-06 10:41:12,28.460,19.472,50.678,0.250,0,1012180,1400724,167712,5227100,22481.165,13051.518,0,1673.630,0,48.931,6764,7746,1.380,1,0.570,7,0,261.630,0,0,10,6,0,17,0
23-06 10:41:13,20.073,7.026,72.013,0.753,0,1133604,1278340,167892,5352164,43745.884,14278.184,0,5146.811,0,72.264,3224,3553,1.380,1,0.570,3,0,41.150,0,0,11,6,0,17,0
23-06 10:41:14,24.495,8.498,65.237,0.500,0,1136104,1259708,168060,5367488,185077.311,14592.186,0,2015.611,0,56.989,3186,2383,1.350,1,0.570,4,0,91.982,0,0,11,7,0,17,1
23-06 10:41:15,36.472,14.989,46.715,0.500,0,1136452,1240532,168836,5383308,6271.237,1750.670,0,1902.555,0,87.933,4837,3586,1.350,1,0.570,3,0,196.850,0,0,11,6,0,19,2
23-06 10:41:16,42.191,6.027,48.721,1.005,0,1195852,1161880,169416,5399708,6183.036,1464.641,32.146,2623.898,2.009,43.196,2677,1695,1.350,1,0.570,2,0,0,0,0,11,6,0,19,2
23-06 10:41:17,43.297,5.474,48.523,0.498,0,1236112,1099036,170028,5419564,6569.223,1612.446,0,2794.906,0,73.655,2895,2056,1.350,1,0.570,3,0,0,0,0,11,6,0,19,2
23-06 10:41:18,31.635,8.034,45.695,11.549,0.251,1259172,1048848,172292,5441268,5115.796,1138.852,4.017,41601.242,1.004,2693.476,13345,23993,1.350,1,0.570,2,1,52.222,0,0,11,8,0,19,2
23-06 10:41:19,38.310,6.219,43.286,8.956,0,1268772,1008232,173564,5468492,4227.062,953.278,0,45769.290,0,2986.208,11955,22025,1.560,1.050,0.590,3,0,29.852,0,0,11,6,0,19,2
23-06 10:41:20,39.770,11.075,48.076,0.755,0,1225620,1063336,173996,5455412,5265.726,2059.976,0,3290.324,0,197.339,4010,2877,1.560,1.050,0.590,3,0,92.628,0,0,11,4,0,19,0
23-06 10:41:21,39.648,5.735,52.864,0.748,0.249,1295344,987816,174124,5460456,11361.854,4615.161,0,9016.869,0,534.629,3575,3371,1.560,1.050,0.590,4,0,18.951,0,0,11,4,0,19,0
23-06 10:41:22,43.146,9.976,45.141,0,0,1313032,968316,174160,5461992,4954.015,1562.221,0,2525.889,0,228.447,10986,18257,1.560,1.050,0.590,3,0,17.957,0,0,11,4,0,19,0
23-06 10:41:23,42.771,9.505,45.522,0.500,0,1348740,931516,174176,5462836,4774.322,1512.736,0,2121.032,0,82.040,11010,18176,1.560,1.050,0.590,3,0,13.006,0,0,11,4,0,19,0
23-06 10:41:24,34.667,16.831,47.731,0,0,1268676,1019664,174208,5455536,4748.936,1573.600,0,1406.794,0,169.820,4802,3337,1.600,1.070,0.600,3,0,234.131,0,0,11,4,0,19,0
23-06 10:41:25,32.977,23.983,42.220,0,0,1211008,1077120,174212,5457656,4528.822,1510.940,0,39.972,0,9.993,6049,6675,1.600,1.070,0.600,5,0,444.688,0,0,11,4,0,19,0
23-06 10:41:26,21.129,17.400,59.410,0,0,1167244,1120888,174212,5455736,4610.606,1652.540,0,19.886,0,4.972,6734,12572,1.600,1.070,0.600,2,0,247.583,0,0,11,4,0,15,0
23-06 10:41:27,42.211,12.488,44.459,0,0,1218340,1069744,174212,5456100,4541.806,1564.555,0,27.974,0,1.998,4044,2745,1.600,1.070,0.600,4,0,130.879,0,0,11,5,0,15,0
23-06 10:41:28,46.695,4.744,47.943,0,0.250,1244940,1042708,174220,5456644,4406.783,1510.212,0,15741.366,0,103.877,2853,1274,1.600,1.070,0.600,3,0,0,0,0,11,5,0,15,0
23-06 10:41:29,43.401,9.533,45.910,0.251,0,1260676,1024548,174268,5459032,4585.943,1625.652,0,2793.712,0,133.464,3990,4477,1.630,1.090,0.610,2,0,4.014,0,0,11,4,0,16,0
23-06 10:41:30,3.252,8.004,87.548,0.250,0,1285872,999292,174268,5459080,4742.606,1620.891,0,676.372,0,33.018,2436,2045,1.630,1.090,0.610,1,0,114.063,0,0,11,4,0,14,0
23-06 10:41:31,16.723,5.242,76.876,0,0,1347848,937316,174280,5459068,5288.457,1617.387,0,0,0,0,1946,1637,1.630,1.090,0.610,2,0,21.965,0,0,11,4,0,14,0
23-06 10:41:32,22.514,2.502,73.546,0,0,1382356,902792,174280,5459084,4728.982,1566.988,0,24.015,0,4.003,1715,1224,1.630,1.090,0.610,3,0,0,0,0,11,4,0,14,0
23-06 10:41:33,22.746,3.249,71.486,1.000,0,1406260,878600,174324,5459328,5011.044,1511.711,0,13349.452,0,443.915,3748,4731,1.630,1.090,0.610,3,0,1.000,0,0,11,10,0,14,0
23-06 10:41:34,20.316,5.769,71.735,0.502,0,1326684,958160,174336,5459332,4560.925,1571.141,0,2732.943,0,171.561,2561,2257,1.580,1.080,0.610,3,0,43.141,0,0,11,4,0,16,0
23-06 10:41:35,21.416,3.486,74.208,0.249,0,1378324,906248,174340,5459516,5562.093,2256.114,0,725.144,0,33.867,1830,1355,1.580,1.080,0.610,5,0,0,0,0,11,5,0,16,0
23-06 10:41:36,18.745,2.249,76.978,0.750,0,1379248,904792,174388,5459888,8436.626,5726.389,267.925,1395.607,65.981,82.977,2565,2701,1.580,1.080,0.610,2,0,1.000,0,0,11,25,0,16,0
23-06 10:41:37,19.754,5.251,74.265,0,0,1364844,919172,174388,5459912,8259.685,5223.065,0,2260.461,0,14.003,2623,2049,1.580,1.080,0.610,2,0,45.009,0,0,11,28,0,17,0
23-06 10:41:38,21.063,4.263,73.468,0.251,0,1393216,890796,174388,5459912,6061.013,3596.689,0,40688.924,0,651.938,2216,1805,1.580,1.080,0.610,1,0,0,0,0,11,29,0,16,0
23-06 10:41:39,18.205,5.237,75.314,0.499,0,1377060,907048,174388,5459936,9922.531,6461.067,0,1444.438,0,21.946,2784,2227,1.530,1.080,0.610,2,0,62.845,0,0,11,28,0,17,0
23-06 10:41:40,37.268,12.006,49.273,0,0,1495652,788448,174388,5459944,4382.086,1620.772,0,84.040,0,7.003,3252,1981,1.530,1.080,0.610,3,0,93.044,0,0,11,28,0,17,0
23-06 10:41:41,33.880,4.015,61.486,0,0,1516716,767372,174388,5459956,15563.734,12121.523,0,0,0,0,3862,3654,1.530,1.080,0.610,4,0,0,0,0,11,30,0,17,0
23-06 10:41:42,39.535,18.016,41.036,0,0,1452376,831512,174392,5460152,13611.985,9956.767,0,1116.983,0,39.034,7028,8359,1.530,1.080,0.610,6,0,369.325,0,0,11,28,0,17,0
23-06 10:41:43,77.519,21.755,0,0,0,1624408,659448,174392,5460184,4643.130,1242.302,0,244.059,0,8.002,5220,3483,1.530,1.080,0.610,7,0,209.051,0,0,11,28,0,17,0
23-06 10:41:44,82.091,13.515,1.502,0,0,1809064,474772,174392,5460204,22625.090,19726.876,0,292.324,0,12.013,5916,4624,1.730,1.130,0.630,6,0,1.001,0,0,11,33,0,17,0
23-06 10:41:45,78.774,10.969,9.722,0,0,1810232,473476,174404,5460312,30744.854,25678.379,0,482.616,0,58.831,8564,12885,1.730,1.130,0.630,5,0,108.688,0,0,11,29,0,22,0
23-06 10:41:46,25.659,12.954,60.287,0,0,1576424,707112,174416,5460472,8210.018,4677.488,0,330.832,0,24.912,4712,4371,1.730,1.130,0.630,2,0,200.293,0,0,11,28,0,23,0
23-06 10:41:47,19.000,2.750,77.001,0.250,0,1578144,705388,174420,5460472,6669.069,3905.040,0,144.001,0,6.000,1758,1256,1.730,1.130,0.630,1,0,0,0,0,11,29,0,23,0
23-06 10:41:48,18.005,6.002,74.772,0,0,1542556,740936,174440,5460492,10304.995,6318.837,0,64934.875,0,470.137,4046,4545,1.730,1.130,0.630,4,0,27.008,0,0,11,28,0,24,0
23-06 10:41:49,20.663,5.726,72.447,0,0,1539464,744020,174440,5460500,4720.233,1613.244,0,0,0,0,2279,1605,1.670,1.130,0.630,3,0,40.829,0,0,11,28,0,24,0
23-06 10:41:50,14.539,2.005,82.221,0,0,1519528,763948,174440,5460508,10051.028,7608.460,0,4.011,0,1.003,2233,2370,1.670,1.130,0.630,1,0,0,0,0,11,29,0,24,0
23-06 10:41:51,13.794,15.047,69.971,0.251,0,1416084,867372,174444,5460524,6471.413,2312.294,0,1452.582,0,27.085,4711,3835,1.670,1.130,0.630,2,0,223.706,0,0,11,28,0,25,0
23-06 10:41:52,8.269,25.058,64.901,0,0,1405964,877484,174448,5460528,4245.880,1299.023,0,196.457,0,13.030,5504,3727,1.670,1.130,0.630,4,0,400.933,0,0,11,28,0,25,0
23-06 10:41:53,66.971,26.239,6.497,0,0,1561472,721968,174452,5460532,3826.369,647.724,0,7064.989,0,67.971,5527,4084,1.670,1.130,0.630,7,0,414.823,0,0,11,28,0,25,0
23-06 10:41:54,81.395,11.485,6.492,0,0,1749716,533524,174456,5460724,21523.143,19834.329,0,25215.365,0,190.753,5986,4781,2.020,1.210,0.660,4,0,0.999,0,0,11,33,0,25,0
23-06 10:41:55,74.946,7.770,15.541,0.251,0,1746584,536528,174484,5460824,37155.248,30810.642,0,533.396,0,69.181,10791,15706,2.020,1.210,0.660,7,0,30.079,0,0,11,29,0,26,0
23-06 10:41:56,80.234,20.183,0.249,0,0,1592240,690796,174520,5460864,7526.038,3635.941,0,3619.993,0,216.283,6413,5986,2.020,1.210,0.660,8,0,279.074,0,0,11,28,0,26,0
23-06 10:41:57,87.813,12.043,0.251,0,0,1775732,507236,174524,5460916,12655.075,8903.714,0,248.886,0,12.043,5146,2889,2.020,1.210,0.660,7,0,0,0,0,11,31,0,26,0
23-06 10:41:58,78.114,10.697,9.205,0,0,1841280,441288,174528,5461304,41077.237,34979.337,0,230.860,0,14.926,9161,11915,2.020,1.210,0.660,6,0,0.995,0,0,11,33,0,27,0
23-06 10:41:59,65.579,14.824,19.850,0,0,1585744,696592,174544,5461520,28503.944,23458.643,0,691.468,0,44.222,9197,12617,2.100,1.240,0.680,3,0,295.482,0,0,11,28,0,30,0
23-06 10:42:00,43.009,6.961,48.478,0.249,0,1586384,695948,174548,5461520,4268.053,1503.564,0,258.549,0,12.927,2856,1451,2.100,1.240,0.680,3,0,2.983,0,0,11,28,0,30,0
23-06 10:42:01,31.570,4.510,62.639,0,0,1595088,687208,174564,5461540,18108.288,14316.853,0,1278.845,0,70.156,4099,4682,2.100,1.240,0.680,4,0,0,0,0,11,29,0,31,0
23-06 10:42:02,49.895,19.055,30.338,0,0,1525472,756792,174564,5461572,10283.856,7010.352,0,296.862,0,22.064,5927,6011,2.100,1.240,0.680,4,0,379.101,0,0,11,28,0,32,0
23-06 10:42:03,54.974,6.997,37.232,0,0,1625952,656284,174564,5461600,17154.818,13343.636,0,743.645,0,7.996,4320,3044,2.100,1.240,0.680,5,0,0,0,0,11,31,0,28,0
23-06 10:42:04,54.774,7.503,36.766,0,0,1577268,704768,174576,5461788,22868.167,18174.080,0,1236.550,0,72.032,7649,10242,2.010,1.240,0.680,4,0,76.034,0,0,11,28,0,29,0
23-06 10:42:05,79.294,19.261,0.750,0,0.250,1585260,696760,174580,5461800,5463.047,1662.928,0,260.145,0,22.012,5079,2815,2.010,1.240,0.680,5,0,183.102,0,0,11,28,0,29,0
23-06 10:42:06,61.521,7.472,30.138,0,0,1664480,617472,174580,5461868,31383.283,28190.159,0,115.570,0,7.970,6645,7900,2.010,1.240,0.680,4,0,0,0,0,11,32,0,29,0
23-06 10:42:07,60.407,18.799,20.804,0,0,1564324,717404,174596,5462044,21007.661,15196.541,0,425.106,0,39.102,7559,9550,2.010,1.240,0.680,4,0,324.845,0,0,11,28,0,29,0
23-06 10:42:08,62.419,8.206,28.847,0,0,1610440,671236,174596,5462064,7742.903,5361.543,0,3.979,0,0.995,3550,1435,2.010,1.240,0.680,2,0,0,0,0,11,30,0,29,0
23-06 10:42:09,50.294,4.526,43.756,0.503,0,1613108,668476,174636,5462116,27715.070,23898.753,0,1271.435,0,81.476,7170,9687,2.090,1.260,0.690,5,0,0,0,0,11,29,0,30,0
23-06 10:42:10,59.188,21.478,18.730,0,0,1520896,760672,174636,5462132,5563.199,2974.898,0,207.783,0,11.988,5120,4247,2.090,1.260,0.690,4,0,298.689,0,0,11,28,0,31,0
23-06 10:42:11,54.901,6.488,37.682,0,0.250,1600536,680876,174636,5462288,15546.936,12394.626,0,107.805,0,6.987,3848,2588,2.090,1.260,0.690,4,0,0,0,0,11,31,0,31,0
23-06 10:42:12,51.627,12.030,35.588,0.251,0,1504384,776680,174648,5462624,22100.537,18599.898,0,252.623,0,22.054,7039,9456,2.090,1.260,0.690,4,0,183.453,0,0,11,28,0,34,0
23-06 10:42:13,61.772,12.952,24.161,0,0,1546440,734608,174648,5462640,4620.972,1452.647,0,155.427,0,7.971,4024,2020,2.090,1.260,0.690,4,0,103.618,0,0,11,28,0,34,0
23-06 10:42:14,46.201,6.780,46.954,0,0,1598524,682436,174648,5462800,23248.175,20487.159,0,5809.282,0,303.320,5104,5584,2.160,1.290,0.700,3,0,1.004,0,0,11,31,0,34,0
23-06 10:42:15,57.747,13.999,27.499,0.250,0,1538524,742300,174664,5462860,12126.376,8182.579,0,451.977,0,41.998,6101,6217,2.160,1.290,0.700,4,0,118.994,0,0,11,28,0,36,0
23-06 10:42:16,54.035,7.221,37.600,0,0,1633180,647628,174668,5462872,15530.239,10095.851,0,143.430,0,5.976,3954,2417,2.160,1.290,0.700,5,0,0,0,0,11,31,0,36,0
23-06 10:42:17,55.211,12.548,31.872,0,0,1620996,659736,174684,5462932,22972.641,18509.614,0,1168.458,0,89.341,7979,10241,2.160,1.290,0.700,7,0,215.823,0,0,11,28,0,38,0
23-06 10:42:18,74.198,25.732,0,0,0,1604844,675868,174684,5462952,5953.796,1456.971,0,39.972,0,9.993,5659,4749,2.160,1.290,0.700,8,0,484.658,0,0,11,28,0,38,0
23-06 10:42:19,81.632,17.475,0.250,0,0,1783008,497672,174684,5463000,15394.748,11661.145,0,0,0,0,6006,5275,2.630,1.410,0.740,7,0,378.453,0,0,11,31,0,36,0
23-06 10:42:20,79.281,18.007,2.501,0.250,0,1846036,434420,174688,5463224,41571.338,37791.853,0,1516.596,0,179.070,8371,10429,2.630,1.410,0.740,6,0,374.147,0,0,11,32,0,36,0
23-06 10:42:21,78.809,20.265,1.001,0,0,1684944,595276,174704,5463444,24430.330,19314.491,0,520.390,0,46.035,7614,8426,2.630,1.410,0.740,8,0,352.264,0,0,11,28,0,37,0
23-06 10:42:22,85.189,12.528,2.506,0,0,1690228,589952,174704,5463480,8296.440,5884.078,0,148.330,0,6.013,4915,2408,2.630,1.410,0.740,4,0,49.109,0,0,11,30,0,37,0
23-06 10:42:23,70.991,8.749,19.248,0,0,1751568,528408,174704,5463692,42160.802,37462.381,0,0,0,0,9145,12761,2.630,1.410,0.740,8,0,0,0,0,11,33,0,37,0
23-06 10:42:24,61.556,19.190,18.193,0,0,1605012,674892,174704,5463756,23102.268,18264.499,0,31.900,0,4.984,8360,10599,2.740,1.450,0.760,5,0,480.487,0,0,11,28,0,42,0
23-06 10:42:25,17.742,30.736,50.977,0,0,1488204,791676,174704,5463780,4557.935,1619.266,0,35.984,0,8.996,6408,5202,2.740,1.450,0.760,8,0,659.701,0,0,11,28,0,42,0
23-06 10:42:26,70.097,28.540,1.252,0,0,1563948,715912,174704,5463732,4643.436,1622.249,0,20.028,0,5.007,5779,6884,2.740,1.450,0.760,5,0,497.690,0,0,11,28,0,43,0
23-06 10:42:27,65.642,9.984,23.711,0,0,1677484,602196,174708,5463972,23698.133,20998.561,0,607.004,0,36.939,5128,6069,2.740,1.450,0.760,4,0,0,0,0,11,32,0,42,0
23-06 10:42:28,68.323,14.265,17.268,0,0,1581976,697636,174732,5464016,17247.322,13859.723,0,640.681,0,66.070,7672,9166,2.740,1.450,0.760,5,0,201.214,0,0,11,28,0,46,0
23-06 10:42:29,77.788,13.962,7.729,0.249,0,1621636,657936,174732,5464056,10323.831,7421.750,0,187.488,0,8.976,4767,2447,2.840,1.490,0.780,5,0,66.818,0,0,11,30,0,46,0
23-06 10:42:30,64.825,7.538,26.885,0,0,1666424,612920,174732,5464244,34486.712,31514.829,0,156.785,0,8.040,8483,12554,2.840,1.490,0.780,4,0,2.010,0,0,11,32,0,46,0
23-06 10:42:31,53.984,4.998,39.988,0,0,1626248,652968,174740,5464356,36798.776,30082.825,0,339.896,0,34.989,10666,16577,2.840,1.490,0.780,5,0,1.999,0,0,11,30,0,45,0
23-06 10:42:32,77.080,15.715,6.236,0,0,1521028,758024,174756,5464504,14599.743,10720.314,0,399.118,0,38.914,6426,7537,2.840,1.490,0.780,6,0,117.740,0,0,11,28,0,45,0
23-06 10:42:33,76.064,8.949,15.163,0,0,1664088,614912,174760,5464548,16866.338,13665.681,0,147.157,0,8.949,5103,3850,2.840,1.490,0.780,5,0,0,0,0,11,31,0,45,0
23-06 10:42:34,56.310,6.787,35.696,0,0,1664268,614464,174764,5464800,45010.664,40286.671,0,1552.543,0,15.083,11236,17779,2.850,1.520,0.790,2,0,1.006,0,0,11,32,0,45,0
23-06 10:42:35,64.158,13.283,21.302,0,0,1642612,635896,174768,5465016,33804.025,27802.285,0,3171.790,0,144.355,9432,14107,2.850,1.520,0.790,5,0,142.350,0,0,11,28,0,47,0
23-06 10:42:36,79.348,15.470,4.741,0,0,1612484,665984,174776,5465044,10506.915,7451.755,0,231.557,0,20.960,4933,2678,2.850,1.520,0.790,4,0,118.773,0,0,11,32,0,47,0
23-06 10:42:37,66.613,8.765,24.542,0,0,1658212,620052,174780,5465244,30266.511,26764.551,0,156.266,0,12.020,7394,10249,2.850,1.520,0.790,3,0,1.002,0,0,11,36,0,47,0
23-06 10:42:38,68.436,9.241,20.731,0.250,0,1548820,729356,174780,5465328,28580.320,22432.059,0,359.664,0,38.964,9257,13268,2.850,1.520,0.790,4,0,99.907,0,0,11,32,0,49,0
23-06 10:42:39,81.963,13.744,4.498,0,0,1624032,654012,174780,5465460,7443.640,4157.123,0,107.951,0,7.996,4941,2293,2.950,1.560,0.810,4,0,29.986,0,0,11,33,1,49,0
23-06 10:42:40,65.593,9.477,24.691,0,0.249,1609680,668316,174792,5465496,26702.989,23422.852,0,363.130,0,37.909,6265,7671,2.950,1.560,0.810,7,0,64.845,0,0,11,34,0,49,0
23-06 10:42:41,71.002,12.545,15.555,0,0,1719572,558200,174796,5465708,28708.921,24045.365,0,156.556,0,9.032,6725,11162,2.950,1.560,0.810,5,0,55.196,0,0,11,33,0,50,0
23-06 10:42:42,69.158,14.926,15.673,0,0,1684244,593484,174796,5465748,21072.881,17422.915,0,151.253,0,7.961,5503,5814,2.950,1.560,0.810,6,0,140.307,0,0,11,34,0,51,0
23-06 10:42:43,72.273,12.798,14.053,0,0,1577156,700528,174800,5465788,20670.954,18100.260,0,124.469,0,8.030,5534,6118,2.950,1.560,0.810,5,0,86.326,0,0,11,34,0,53,0
23-06 10:42:44,75.145,12.023,12.775,0,0,1582960,694540,174804,5465964,18650.093,13593.307,0,148.287,0,10.019,5501,5372,3.030,1.600,0.830,4,0,69.134,0,0,11,34,0,54,0
23-06 10:42:45,72.458,9.495,18.489,0.250,0,1655268,622072,174808,5466112,24363.951,20325.280,0,367.788,0,48.972,5639,7428,3.030,1.600,0.830,4,0,0,0,0,11,34,0,55,0
23-06 10:42:46,59.000,12.750,27.000,0.250,0,1572348,704916,174816,5466180,16435.052,12701.040,0,484.002,0,52.000,5900,6070,3.030,1.600,0.830,7,0,182.001,0,0,11,32,0,58,0
23-06 10:42:47,58.692,11.937,28.600,0,0,1552144,725112,174816,5466188,8652.643,5947.822,0,147.228,0,9.948,4167,2452,3.030,1.600,0.830,4,0,75.604,0,0,11,33,0,58,0
23-06 10:42:48,49.202,8.535,42.174,0.251,0,1523276,753892,174816,5466272,21107.862,18818.441,0,208.859,0,16.066,4766,6675,3.030,1.600,0.830,3,0,87.359,0,0,11,34,0,53,0
23-06 10:42:49,58.231,12.940,28.120,0,0,1512640,764364,174820,5466432,14340.824,10265.629,0,191.118,0,8.959,6081,6269,3.030,1.620,0.840,5,0,94.564,0,0,11,32,0,55,0
23-06 10:42:50,56.103,7.547,35.976,0,0,1603768,673224,174824,5466440,11757.925,8946.248,0,152.962,0,9.057,3700,2316,3.030,1.620,0.840,3,0,0,0,0,11,34,0,55,0
23-06 10:42:51,44.280,8.756,45.781,0,0,1596176,680572,174824,5466676,27061.434,22584.384,0,216.147,0,18.012,7095,9103,3.030,1.620,0.840,4,0,86.059,0,0,11,34,0,56,0
23-06 10:42:52,35.145,12.961,51.346,0,0,1473440,803284,174828,5466696,8307.119,4677.989,0,386.841,0,33.898,5184,4856,3.030,1.620,0.840,4,0,134.597,0,0,11,32,0,56,0
23-06 10:42:53,38.148,5.485,54.604,0,0,1496184,780524,174832,5466704,11815.419,8450.413,0,143.616,0,9.973,2959,1872,3.030,1.620,0.840,2,0,0,0,0,11,34,0,56,0
23-06 10:42:54,35.679,6.281,57.538,0.251,0,1457848,818632,174856,5466904,16691.608,12227.246,0,1801.021,0,105.529,5172,6468,2.950,1.630,0.840,3,0,35.176,0,0,11,32,0,58,0
23-06 10:42:55,39.397,10.971,47.625,0.249,0,1490876,785588,174864,5466912,4953.014,1561.905,0,215.435,0,23.937,3772,2421,2.950,1.630,0.840,2,0,103.728,0,0,11,32,0,58,0
23-06 10:42:56,33.796,4.970,60.136,0,0,1537436,739004,174868,5466932,16258.678,12705.167,0,226.629,0,23.856,3659,3414,2.950,1.630,0.840,4,0,0,0,0,11,33,0,58,0
23-06 10:42:57,37.272,8.505,53.281,0,0,1476352,800024,174876,5466988,12012.071,7347.325,0,204.120,0,20.012,4061,4034,2.950,1.630,0.840,3,0,65.038,0,0,11,32,0,59,0
23-06 10:42:58,39.736,6.998,52.981,0.250,0,1519472,756896,174884,5466988,11349.989,6492.706,0,111.960,0,6.998,2883,1727,2.950,1.630,0.840,4,0,0,0,0,11,33,0,59,0
23-06 10:42:59,32.688,6.035,60.095,0,0,1426328,849984,174888,5467036,22496.069,17583.886,0,374.147,0,24.138,4874,6275,2.870,1.640,0.850,2,0,43.248,0,0,11,33,0,60,0
23-06 10:43:00,41.220,6.995,50.962,0.250,0,1433712,842588,174896,5467036,6602.138,2897.866,0,347.744,0,25.981,3432,2590,2.870,1.640,0.850,3,0,4.996,0,0,11,32,0,56,0
23-06 10:43:01,34.984,4.748,59.223,0,0,1497496,778648,174896,5467192,18211.690,14408.425,0,3270.508,0,144.934,3940,3868,2.870,1.640,0.850,3,0,0,0,0,11,34,0,56,0
23-06 10:43:02,31.558,11.271,56.353,0,0,1490132,785968,174912,5467220,14981.371,11284.617,0,376.688,0,34.062,5635,6889,2.870,1.640,0.850,3,0,192.351,0,0,11,32,0,58,0
23-06 10:43:03,22.106,7.451,69.049,0,0,1520912,755116,174912,5467288,5277.513,1502.184,0,147.039,0,8.942,2523,1807,2.870,1.640,0.850,2,0,89.416,0,0,11,32,0,58,0
23-06 10:43:04,17.341,3.016,78.162,0,0,1523472,752540,174912,5467304,13834.971,9945.456,0,108.573,0,8.042,2819,3210,2.720,1.620,0.850,2,0,1.005,0,0,11,33,0,55,0
23-06 10:43:05,12.498,12.998,73.241,0,0,1478032,797964,174912,5467320,8090.994,4241.473,0,1435.821,0,26.997,4209,3621,2.720,1.620,0.850,1,0,176.978,0,0,11,32,0,56,0
23-06 10:43:06,16.941,10.463,71.748,0,0,1497884,778100,174916,5467324,4997.469,1452.903,0,175.385,0,9.965,2923,1955,2.720,1.620,0.850,2,0,106.626,0,0,11,32,0,56,0
23-06 10:43:07,18.485,2.748,77.436,0,0,1517628,758348,174916,5467332,9259.348,6322.775,0,263.782,0,15.987,1909,1594,2.720,1.620,0.850,2,0,0,0,0,11,33,0,56,0
23-06 10:43:08,19.091,5.024,74.857,0.251,0,1469240,806716,174916,5467352,10805.485,7009.398,0,116.555,0,15.072,3523,3794,2.720,1.620,0.850,2,0,46.220,0,0,11,32,0,54,0
23-06 10:43:09,21.445,4.489,73.562,0,0,1497428,778524,174916,5467356,4474.563,1562.008,0,71.816,0,3.990,1749,1212,2.580,1.610,0.850,2,0,0,0,0,11,32,0,54,0
23-06 10:43:10,17.492,2.499,78.464,0.250,0.250,1496368,779432,174916,5467508,11575.736,8961.925,0,503.771,0,33.985,3364,3993,2.580,1.610,0.850,2,0,0,0,0,11,33,0,54,0
23-06 10:43:11,18.074,4.769,75.307,0,0,1445016,830760,174920,5467528,10441.620,7157.214,0,100.410,0,12.049,3930,4343,2.580,1.610,0.850,1,0,36.148,0,0,11,32,0,54,0
23-06 10:43:12,8.952,22.381,66.893,0,0,1416236,859396,174920,5467668,4416.434,1611.402,0,3.979,0,0.995,5280,3328,2.580,1.610,0.850,3,0,318.302,0,0,11,32,0,49,0
23-06 10:43:13,27.223,18.482,53.697,0.250,0,1421584,854000,174952,5467676,3992.037,1294.715,0,631.373,0,33.966,4857,3563,2.580,1.610,0.850,3,0,269.732,0,0,11,32,0,51,0
23-06 10:43:14,44.899,5.769,48.411,0,0,1525104,749004,175052,5468856,4268.193,1179.924,0,525.748,0,9.030,3048,1740,2.530,1.620,0.860,3,0,4.013,0,0,11,34,0,51,0
23-06 10:43:15,34.868,8.027,42.142,11.539,0,1508712,758468,175900,5474480,5283.813,1571.297,0,30731.606,0,2812.482,12426,23060,2.530,1.620,0.860,3,0,123.416,0,0,11,36,0,51,0
23-06 10:43:16,35.058,10.443,38.787,13.426,0,1506352,758608,176588,5475880,5896.669,1503.755,0,51803.960,0,4175.108,15409,31055,2.530,1.620,0.860,5,0,50.722,0,0,11,36,0,49,0
23-06 10:43:17,43.978,6.785,47.245,1.759,0,1509860,755016,176656,5475896,6694.658,1628.430,0,11567.886,0,703.643,4312,5169,2.530,1.620,0.860,3,0,7.036,0,0,11,32,0,49,0
23-06 10:43:18,42.028,6.754,46.281,4.253,0,1556588,707872,176852,5476104,6794.491,1621.071,0,7536.982,0,1152.762,7776,12593,2.530,1.620,0.860,3,1,2.001,0,0,11,34,0,49,0
23-06 10:43:19,36.840,11.201,44.805,4.978,0,1494860,769012,177116,5476416,5440.343,1706.579,0,15452.803,0,1828.051,10290,17285,2.490,1.630,0.870,3,0,99.567,0,0,11,32,0,49,0
23-06 10:43:20,23.225,2.747,73.170,0.250,0,1454820,809016,177132,5476432,4600.997,1564.299,0,907.014,0,43.952,1931,1465,2.490,1.630,0.870,3,0,0.999,0,0,11,32,0,49,0
23-06 10:43:21,22.759,4.252,71.529,0.500,0,1467072,796728,177164,5476432,4999.056,1620.667,0,8855.642,0,532.219,2683,2978,2.490,1.630,0.870,2,0,2.001,0,0,11,32,0,47,0
23-06 10:43:22,23.510,2.251,73.782,0.250,0,1453676,810100,177164,5476456,4682.061,1620.713,0,124.055,0,12.005,1728,1110,2.490,1.630,0.870,2,0,1.000,0,0,11,32,0,47,0
23-06 10:43:23,21.984,3.747,73.446,0,0,1497696,766080,177164,5476456,5156.190,1618.804,0,55.959,0,3.997,1719,1208,2.490,1.630,0.870,2,0,0,0,0,11,32,0,47,0
23-06 10:43:24,22.290,4.007,73.633,0,0,1482452,781312,177164,5476468,4448.044,1622.935,0,0,0,0,1780,1205,2.370,1.620,0.870,2,0,4.007,0,0,11,32,0,47,0
23-06 10:43:25,21.959,3.493,73.861,0,0,1479956,783808,177164,5476468,4523.500,1509.164,0,0,0,0,1758,1252,2.370,1.620,0.870,2,0,0,0,0,11,32,0,41,0
23-06 10:43:26,26.521,6.255,65.551,0,0,1518948,744816,177168,5476464,4520.550,1621.273,0,8.006,0,2.002,2783,6212,2.370,1.620,0.870,2,0,38.030,0,0,11,32,0,42,0
23-06 10:43:27,23.240,2.999,73.718,0,0,1475212,788480,177168,5476548,4617.981,1619.292,0,0,0,0,1739,1088,2.370,1.620,0.870,2,0,1.000,0,0,11,32,0,42,0
23-06 10:43:28,22.169,3.487,73.482,0,0,1484952,778716,177176,5476560,4589.238,1560.301,0,231.156,0,8.967,1807,1345,2.370,1.620,0.870,2,0,1.993,0,0,11,32,0,42,0
23-06 10:43:29,23.597,2.008,73.301,0.251,0,1486852,776808,177184,5476560,4430.200,1518.237,0,425.749,0,27.111,1685,1150,2.260,1.610,0.870,3,0,0,0,0,11,32,0,37,0
23-06 10:43:30,22.211,3.993,73.372,0,0,1463304,800264,177192,5476644,4384.324,1563.263,0,95.832,0,3.993,1779,1279,2.260,1.610,0.870,2,0,0.998,0,0,11,32,0,37,0
23-06 10:43:31,21.917,4.234,73.224,0,0,1442680,820860,177192,5476672,4782.990,1452.531,0,0,0,0,1817,1285,2.260,1.610,0.870,2,0,0.996,0,0,11,32,0,37,0
23-06 10:43:32,21.849,3.767,73.584,0,0,1470748,792788,177192,5476672,4518.506,1518.893,0,12.055,0,2.009,1717,1101,2.260,1.610,0.870,2,0,2.009,0,0,11,32,0,37,0
23-06 10:43:33,22.431,3.988,73.774,0,0,1468960,794552,177192,5476692,4889.011,1453.544,0,0,0,0,1789,1256,2.260,1.610,0.870,2,0,0.997,0,0,11,32,0,37,0
23-06 10:43:34,23.032,3.004,73.353,0,0,1412252,851220,177192,5476732,4550.375,1460.045,0,0,0,0,1723,1089,2.240,1.610,0.870,2,0,2.003,0,0,11,32,0,37,0
23-06 10:43:35,21.805,4.261,73.434,0,0,1446268,817200,177192,5476736,4316.842,1569.943,0,0,0,0,1741,1143,2.240,1.610,0.870,2,0,2.005,0,0,11,32,0,37,0
23-06 10:43:36,23.056,2.757,73.430,0,0,1447148,816304,177196,5476748,4485.968,1461.573,0,236.578,0,7.017,1738,1074,2.240,1.610,0.870,3,0,5.012,0,0,11,32,0,37,0
23-06 10:43:37,7.012,22.289,68.869,0,0.250,1432388,830916,177196,5476888,4660.063,1514.621,0,352.610,0,4.007,5218,3591,2.240,1.610,0.870,2,0,314.544,0,0,11,32,0,33,0
23-06 10:43:38,8.233,22.205,68.113,0,0,1419432,843840,177208,5476908,4716.524,1562.860,0,786.420,0,20.958,5440,3972,2.240,1.610,0.870,1,0,330.336,0,0,11,32,0,33,0
23-06 10:43:39,8.535,20.334,69.037,0,0,1418128,844964,177212,5477072,4490.661,1518.309,0,718.988,0,27.113,5250,3618,2.140,1.600,0.870,1,0,296.231,0,0,11,32,0,33,0
23-06 10:43:40,7.465,21.897,68.180,0,0,1412464,850608,177212,5477092,4419.277,1612.439,0,67.683,0,3.981,5392,3797,2.140,1.600,0.870,2,0,327.464,0,0,11,32,0,33,0
23-06 10:43:41,17.220,9.733,72.624,0,0,1406692,856372,177212,5477100,4509.191,1617.200,0,7.986,0,0.998,2891,2002,2.140,1.600,0.870,2,0,94.836,0,0,11,32,0,29,0
23-06 10:43:42,22.207,3.992,73.109,0,0,1460156,802920,177212,5477084,4251.809,1616.885,0,0,0,0,1810,1176,2.140,1.600,0.870,2,0,1.996,0,0,11,32,0,29,0
23-06 10:43:43,22.611,3.015,73.360,0,0,1467108,795952,177212,5477100,4582.503,1627.994,0,16.079,0,1.005,1765,1189,2.140,1.600,0.870,2,0,1.005,0,0,11,32,0,29,0
23-06 10:43:44,22.417,3.736,73.479,0,0,1519372,743708,177212,5477080,4304.138,1614.052,0,15.941,0,2.989,1878,1246,2.050,1.590,0.880,2,0,2.989,0,0,11,32,0,29,0
23-06 10:43:45,22.240,3.748,73.468,0,0,1498420,764632,177216,5477104,4723.954,1565.322,0,99.957,0,2.999,1812,1235,2.050,1.590,0.880,2,0,1.000,0,0,11,32,0,23,0
23-06 10:43:46,21.714,4.243,73.127,0,0,1510140,752920,177216,5477092,4449.532,1617.285,0,2643.563,0,104.824,1825,1276,2.050,1.590,0.880,2,0,1.997,0,0,11,32,0,23,0
23-06 10:43:47,22.655,3.021,73.753,0,0,1502260,760788,177216,5477104,4530.906,1631.126,0,608.148,0,114.783,1757,1128,2.050,1.590,0.880,2,0,1.007,0,0,11,32,0,23,0
23-06 10:43:48,21.916,3.487,73.218,0.249,0,1495276,767784,177220,5477088,4721.822,1613.787,0,207.202,0,11.954,1871,1506,2.050,1.590,0.880,2,0,1.992,0,0,11,32,0,23,0
23-06 10:43:49,23.209,2.995,73.370,0,0,1532576,730484,177220,5477088,4344.273,1509.316,0,307.453,0,18.966,1720,1185,1.960,1.580,0.880,2,0,0,0,0,11,32,0,16,0
23-06 10:43:50,22.555,3.007,73.428,0,0,1474784,788252,177220,5477112,4510.906,1666.028,0,64.155,0,6.015,1782,1232,1.960,1.580,0.880,3,0,1.002,0,0,11,32,0,16,0
23-06 10:43:51,22.233,3.497,73.444,0,0,1515108,747940,177220,5477100,4493.559,1618.760,0,39.969,0,0.999,1790,1201,1.960,1.580,0.880,2,0,1.998,0,0,11,32,0,16,0
23-06 10:43:52,22.767,3.002,73.805,0,0,1471828,791220,177220,5477100,4849.635,1567.175,0,12.009,0,1.001,1732,1102,1.960,1.580,0.880,2,0,1.001,0,0,11,32,0,16,0
23-06 10:43:53,21.994,4.249,73.230,0,0,1480256,782808,177220,5477084,4710.736,1511.594,0,0,0,0,1760,1119,1.960,1.580,0.880,2,0,1.999,0,0,11,32,0,13,0
23-06 10:43:54,22.953,2.744,73.849,0,0,1467768,795268,177220,5477112,4776.242,1562.807,0,27.943,0,0.998,1707,1029,1.890,1.570,0.880,3,0,1.996,0,0,11,32,0,13,0
23-06 10:43:55,21.549,4.009,73.417,0,0,1490032,773088,177220,5477028,4722.721,1557.536,0,0,0,0,1847,1227,1.890,1.570,0.880,2,0,2.005,0,0,11,32,0,13,0
23-06 10:43:56,23.241,2.999,73.473,0,0,1524156,738960,177220,5477028,4681.269,1565.421,0,87.967,0,4.998,1669,1065,1.890,1.570,0.880,2,0,0,0,0,11,32,0,13,0
23-06 10:43:57,23.002,3.500,73.007,0,0,1468532,794464,177220,5477148,5672.535,1512.143,0,88.008,0,1.000,1785,1144,1.890,1.570,0.880,2,0,1.000,0,0,11,32,0,9,0
23-06 10:43:58,21.793,4.008,73.144,0.250,0,1444428,818560,177220,5477156,6252.308,1623.195,0,120.237,0,12.024,1950,1615,1.890,1.570,0.880,4,0,1.002,0,0,11,32,0,9,0
23-06 10:43:59,21.710,3.743,73.365,0,0,1487864,775136,177228,5477136,5827.292,1455.326,0,367.325,0,24.954,1812,1270,1.820,1.560,0.880,2,0,1.996,0,0,11,32,0,9,0
23-06 10:44:00,23.001,2.500,73.754,0,0,1475976,786996,177236,5477156,5086.291,1566.090,0,64.004,0,5.000,1720,1142,1.820,1.560,0.880,2,0,1.000,0,0,11,32,0,9,0
23-06 10:44:01,22.247,4.000,73.241,0,0,1504724,758268,177236,5477136,4848.400,1511.813,0,55.993,0,2.000,1729,1185,1.820,1.560,0.880,2,0,0,0,0,11,32,0,7,0
23-06 10:44:02,21.744,3.999,73.980,0,0,1472692,790272,177236,5477164,4724.750,1565.586,0,15.996,0,2.999,1765,1227,1.820,1.560,0.880,2,0,1.000,0,0,11,32,0,7,0
23-06 10:44:03,22.498,3.250,73.245,0,0,1502384,760592,177236,5477152,4599.679,1079.925,0,11.999,0,1.000,1722,1131,1.820,1.560,0.880,2,0,2.000,0,0,11,32,0,7,0
23-06 10:44:04,14.777,14.527,69.879,0,0,1466696,796236,177236,5477196,3979.323,973.792,0,120.221,0,5.009,3831,2509,1.750,1.550,0.880,3,0,199.367,0,0,11,32,0,7,0
23-06 10:44:05,8.738,20.970,68.403,0,0,1453964,808952,177236,5477212,5152.665,1617.697,0,119.829,0,4.993,4854,3120,1.750,1.550,0.880,2,0,261.628,0,0,11,32,0,7,0
23-06 10:44:06,21.500,4.000,73.249,0,0,1514356,748560,177236,5477212,5186.897,1619.968,0,87.998,0,2.000,1780,1293,1.750,1.550,0.880,2,0,0,0,0,11,32,0,4,0
23-06 10:44:07,22.504,3.001,73.263,0,0,1504824,757832,177236,5477468,4740.821,1620.281,0,92.016,0,3.001,1849,1113,1.750,1.550,0.880,2,0,9.002,0,0,11,32,0,4,0
23-06 10:44:08,23.027,3.754,72.835,0,0,1488364,774280,177240,5477476,4935.774,1621.897,0,232.272,0,17.020,1896,1510,1.750,1.550,0.880,1,0,1.001,0,0,11,32,0,4,0
23-06 10:44:09,20.088,9.542,69.303,0.251,0,1484608,777904,177248,5477596,4686.503,1572.881,40.176,2752.040,2.009,139.611,3129,2552,1.690,1.540,0.880,1,0,138.606,0,0,11,32,0,4,0
23-06 10:44:10,6.735,22.202,68.602,0,0,1444116,818372,177248,5477624,4250.803,1616.502,0,279.395,0,11.974,5534,4088,1.690,1.540,0.880,1,0,358.225,0,0,11,32,0,3,0
23-06 10:44:11,8.221,21.921,68.006,0,0,1427100,835348,177248,5477648,4799.784,1614.210,0,83.700,0,2.989,5461,3867,1.690,1.540,0.880,1,0,344.763,0,0,11,32,0,3,0
23-06 10:44:12,7.506,22.519,67.307,0,0,1420808,841624,177248,5477664,4115.492,1513.284,0,188.160,0,5.004,5318,3620,1.690,1.540,0.880,2,0,326.277,0,0,11,32,0,3,0
23-06 10:44:13,8.253,22.009,68.278,0,0,1407976,854432,177248,5477688,3959.602,918.372,0,352.142,0,4.002,5273,3619,1.690,1.540,0.880,2,0,320.130,0,0,11,32,0,3,0
23-06 10:44:14,8.740,22.725,66.926,0,0,1398128,864252,177248,5477708,4323.223,1186.689,0,799.117,0,10.988,5388,3666,1.630,1.530,0.880,2,0,336.628,0,0,11,32,0,1,0
23-06 10:44:15,8.784,22.587,66.505,0,0,1396872,865480,177248,5477720,5318.419,1463.619,0,887.407,0,11.042,5413,3659,1.630,1.530,0.880,2,0,351.349,0,0,11,32,0,1,0
23-06 10:44:16,7.740,23.718,67.160,0,0,1387552,874780,177248,5477736,5709.376,1617.840,0,703.061,0,7.989,5211,3476,1.630,1.530,0.880,2,0,317.576,0,0,11,32,0,1,0
23-06 10:44:17,8.026,20.316,69.725,0,0,1388920,873392,177248,5477756,5134.559,1462.717,0,321.035,0,5.016,4972,3309,1.630,1.530,0.880,2,0,279.903,0,0,11,32,0,1,0
23-06 10:44:18,7.992,21.229,69.430,0,0,1375596,886660,177248,5477780,6893.068,1618.373,0,383.614,0,56.943,5345,3575,1.630,1.530,0.880,2,0,308.690,0,0,11,32,0,1,0
23-06 10:44:19,7.729,20.942,68.809,0,0,1374900,887332,177248,5477804,4822.620,1601.557,0,287.203,0,5.983,5383,3758,1.500,1.510,0.880,3,0,330.084,0,0,11,32,0,1,0
23-06 10:44:20,8.267,22.797,67.137,0.251,0,1363324,898888,177248,5477824,4916.053,1569.209,0,140.287,0,13.027,5260,3595,1.500,1.510,0.880,3,0,330.676,0,0,11,32,0,1,0
23-06 10:44:21,6.978,22.929,68.040,0,0,1361640,900560,177248,5477836,4893.861,1507.337,0,31.901,0,7.975,5192,3493,1.500,1.510,0.880,2,0,316.022,0,0,11,32,0,1,0
23-06 10:44:22,10.806,21.862,65.587,0,0.251,1318216,943936,177264,5477868,4991.665,1574.093,0,434.233,0,44.227,5481,4135,1.500,1.510,0.880,3,0,390.005,0,0,11,32,0,2,0
23-06 10:44:23,35.604,31.620,31.620,0.498,0,1399780,862324,177268,5477888,4840.136,1613.379,0,936.158,0,59.755,6781,5974,1.500,1.510,0.880,4,1,623.441,0,0,11,32,0,7,0
23-06 10:44:24,63.106,12.222,23.696,0,0,1591672,669200,177296,5479056,4609.518,1616.324,0,415.056,0,10.975,3801,1794,1.620,1.530,0.890,4,0,2.993,0,0,11,32,0,7,0
23-06 10:44:25,49.498,10.804,29.398,8.794,0,1646932,602740,178148,5488184,4373.954,1519.628,373.877,50509.525,3.015,3452.328,14206,27280,1.620,1.530,0.890,5,1,84.424,0,0,11,38,0,9,0
23-06 10:44:26,40.961,16.484,28.972,10.740,0,1693108,544836,178852,5498732,4438.773,1564.510,0,85106.949,0,6067.222,21982,48455,1.620,1.530,0.890,3,0,200.809,0,0,11,36,0,10,0
23-06 10:44:27,39.778,10.758,33.274,13.259,0,1724244,502764,179076,5509100,9477.747,6656.739,0,84155.911,0,6324.502,21132,42408,1.620,1.530,0.890,3,1,60.043,0,0,11,37,0,10,0
23-06 10:44:28,41.869,14.704,30.405,9.969,0,1670800,548300,179684,5516124,8952.062,5835.787,0,65427.807,0,4887.746,18844,35522,1.620,1.530,0.890,5,1,169.471,0,0,11,34,0,11,0
23-06 10:44:29,42.314,23.786,21.783,10.015,0,1691712,518264,180116,5524736,4358.637,1514.306,296.451,53898.066,4.006,3761.728,17793,32794,1.810,1.570,0.910,5,1,320.488,0,0,11,34,0,11,0
23-06 10:44:30,38.211,18.231,31.967,9.241,0,1701440,506128,180300,5526492,9585.176,7177.644,1598.362,45322.549,26.972,3627.282,16592,31751,1.810,1.570,0.910,1,2,231.762,0,0,11,35,0,10,0
23-06 10:44:31,28.814,7.767,49.110,11.526,0,1686068,518760,180432,5529020,16883.679,13178.410,0,53595.610,0,4448.929,19772,37837,1.810,1.570,0.910,2,1,45.101,0,0,11,35,0,10,0
23-06 10:44:32,36.690,7.987,40.933,12.729,0,1662196,541876,180640,5529544,7046.504,3060.008,0,43501.032,0,3916.610,14988,29541,1.810,1.570,0.910,2,1,65.893,0,0,11,34,0,10,0
23-06 10:44:33,30.828,7.519,47.871,12.031,0,1687204,516260,180860,5529912,10309.136,6560.633,0,43265.689,0,3932.971,14455,29071,1.810,1.570,0.910,3,1,30.076,0,0,11,35,0,10,0
23-06 10:44:34,36.824,5.225,45.283,9.206,0,1669640,531932,180976,5531652,13942.184,10102.585,0,34462.842,0,3086.210,14680,28223,1.990,1.620,0.920,4,0,30.852,0,0,11,35,0,10,0
23-06 10:44:35,32.686,9.806,44.251,11.063,0,1565932,633384,181020,5533816,12191.276,8196.577,0,36599.978,0,3286.676,16344,30173,1.990,1.620,0.920,1,1,119.680,0,0,11,36,0,11,0
23-06 10:44:36,34.439,8.984,39.680,14.225,0,1600720,595296,181068,5536976,5467.341,1617.143,0,56044.991,0,4443.151,16716,31749,1.990,1.620,0.920,2,1,56.899,0,0,11,36,0,11,0
23-06 10:44:37,26.374,7.215,48.020,14.431,0,1606360,586836,181188,5539584,13554.015,9593.006,0,56576.742,0,4458.623,18281,34856,1.990,1.620,0.920,5,0,47.771,0,0,11,37,0,11,0
23-06 10:44:38,28.909,7.541,48.013,12.820,0,1600256,590032,181340,5542272,16965.035,12302.466,0,60564.130,0,4795.297,20291,38804,1.990,1.620,0.920,3,0,93.513,0,0,11,37,0,11,0
23-06 10:44:39,34.972,8.743,39.968,14.239,0,1560796,627412,181396,5544208,4473.438,1543.771,0,46143.258,0,3986.825,16149,31568,2.070,1.640,0.930,4,1,71.943,0,0,11,36,0,11,0
23-06 10:44:40,30.441,6.737,44.663,13.723,0,1597916,595488,181444,5538960,10037.480,6651.066,0,61169.047,0,4922.428,18517,36931,2.070,1.640,0.930,3,0,17.965,0,0,11,37,0,11,0
23-06 10:44:41,33.746,6.749,49.494,8.749,0.250,1593892,597808,181472,5540628,14580.152,11389.556,0,37835.205,0,3009.619,15355,28153,2.070,1.640,0.930,4,0,26.997,0,0,11,35,0,12,0
23-06 10:44:42,31.650,14.205,52.335,0.249,0,1383228,808400,181472,5540700,10185.878,7105.592,0,5243.464,0,287.095,5946,6242,2.070,1.640,0.930,2,0,266.161,0,0,11,32,0,13,0
23-06 10:44:43,20.762,3.252,74.543,0.250,0,1443948,747680,181472,5540700,5866.345,3588.046,0,1080.616,0,60.034,1898,1410,2.070,1.640,0.930,1,0,0,0,0,11,33,0,13,0
23-06 10:44:44,20.239,2.249,75.957,0.750,0,1441584,749716,181472,5541028,12213.094,8559.160,0,3537.999,0,204.884,3506,4347,1.980,1.630,0.930,2,0,0.999,0,0,11,32,0,14,0
23-06 10:44:45,19.707,6.486,73.089,0,0,1422956,768344,181472,5541028,4733.578,1400.916,0,0,0,0,2185,1437,1.980,1.630,0.930,2,0,33.925,0,0,11,32,0,14,0
23-06 10:44:46,15.887,2.270,81.200,0,0,1441112,750184,181472,5541032,10920.103,7361.437,0,0,0,0,1821,1633,1.980,1.630,0.930,1,0,0,0,0,11,33,0,14,0
23-06 10:44:47,19.336,6.693,72.884,0,0,1451540,739656,181472,5541132,5229.772,2106.188,0,265.753,0,21.816,2981,2548,1.980,1.630,0.930,2,0,59.497,0,0,11,32,0,15,0
23-06 10:44:48,18.365,2.767,78.240,0,0,1497556,693636,181472,5541136,5923.074,5807.350,0,48.302,0,5.031,1911,1596,1.980,1.630,0.930,2,0,0,0,0,11,33,0,15,0
23-06 10:44:49,20.404,2.488,75.395,0,0,1487784,703252,181476,5541288,12377.659,6991.048,0,63.700,0,5.972,3241,3609,1.900,1.620,0.930,2,0,0,0,0,11,32,0,16,0
23-06 10:44:50,19.039,7.265,72.648,0.251,0,1472652,718380,181476,5541292,4166.512,1503.071,0,224.459,0,16.033,2400,1717,1.900,1.620,0.930,2,0,43.088,0,0,11,32,0,16,0
23-06 10:44:51,19.101,2.262,77.660,0.251,0,1492052,698972,181476,5541300,9921.421,7534.811,0,144.765,0,10.053,2310,2257,1.900,1.620,0.930,1,0,0,0,0,11,33,0,16,0
23-06 10:44:52,15.455,6.481,76.279,0,0,1472020,718988,181476,5541316,9068.710,5903.885,0,263.237,0,22.934,3722,3801,1.900,1.620,0.930,2,0,67.803,0,0,11,32,0,17,0
23-06 10:44:53,8.969,22.423,66.770,0,0,1456900,733960,181476,5541464,4903.077,1656.283,0,330.858,0,36.873,5261,3334,1.900,1.620,0.930,2,0,307.937,0,0,11,32,0,17,0
23-06 10:44:54,19.114,26.407,52.815,0,0,1465312,725348,181484,5541656,4434.421,1466.739,0,1971.748,0,195.163,6084,4802,1.910,1.620,0.940,4,0,423.523,0,0,11,32,0,23,0
23-06 10:44:55,63.823,10.970,24.682,0,0,1582284,607500,181488,5542528,5044.001,1453.965,0,347.037,0,14.958,3706,1616,1.910,1.620,0.940,5,0,2.992,0,0,11,32,0,23,0
23-06 10:44:56,66.928,8.773,23.563,0,0.251,1718380,468396,181596,5545176,5551.764,1666.432,0,2707.200,0,91.243,3996,1766,1.910,1.620,0.940,6,0,0,0,0,11,32,0,23,0
23-06 10:44:57,53.499,9.000,30.249,6.500,0,1813736,365384,181712,5552088,5999.884,1619.969,0,23047.556,0,1598.969,9487,14568,1.910,1.620,0.940,4,0,89.998,0,0,11,38,0,23,0
23-06 10:44:58,25.439,9.228,45.889,14.964,0,1811448,356088,181812,5563164,5865.863,1616.105,0,91212.180,0,6253.928,23369,45736,1.910,1.620,0.940,5,0,188.546,0,0,11,38,0,23,0
23-06 10:44:59,22.773,9.259,48.549,16.767,0,1812260,347016,181868,5571136,6246.317,1621.640,0,79752.651,0,6100.169,22761,44186,2.160,1.680,0.960,2,1,192.194,0,0,11,38,0,23,0
23-06 10:45:00,37.308,9.014,36.306,13.271,0,1720616,430188,181960,5579228,4585.103,1460.262,0,80733.059,0,5738.890,21582,41358,2.160,1.680,0.960,5,0,170.264,0,0,11,36,0,23,0
23-06 10:45:01,38.842,14.690,32.617,11.951,0,1730588,411436,182036,5587636,5156.053,1613.445,0,80855.515,0,5756.613,21657,42893,2.160,1.680,0.960,5,0,184.251,0,0,11,36,0,23,0
23-06 10:45:02,43.819,10.016,30.047,12.770,0,1784476,343452,182068,5601140,4987.842,1622.551,0,83467.225,0,5663.905,19090,39262,2.160,1.680,0.960,9,1,6.009,0,0,11,36,0,23,0
23-06 10:45:03,44.149,9.728,32.426,11.474,0,1820268,303384,182080,5605220,5166.215,1454.682,0,89388.094,0,6656.815,20264,42989,2.160,1.680,0.960,3,3,88.797,0,0,11,38,0,23,0
23-06 10:45:04,40.377,8.025,43.136,6.771,0,1758052,363868,182088,5606900,5477.257,1625.120,0,49744.732,0,3619.404,13349,23918,2.310,1.720,0.980,2,0,130.411,0,0,11,34,0,23,0
23-06 10:45:05,19.646,16.165,61.674,0.249,0,1459384,662384,182088,5607048,5031.444,1450.345,0,1691.075,0,100.470,4468,3390,2.310,1.720,0.980,2,0,247.693,0,0,11,32,0,23,0
23-06 10:45:06,21.615,4.524,72.635,0.503,0,1509244,612516,182088,5607056,5325.223,1628.632,0,6060.118,0,363.929,2453,2674,2.310,1.720,0.980,2,0,1.005,0,0,11,32,0,23,0
23-06 10:45:07,23.132,2.239,73.127,0,0,1555136,566624,182088,5607056,4853.228,1450.596,0,31.837,0,3.980,1920,1379,2.310,1.720,0.980,2,0,1.990,0,0,11,36,0,23,0
23-06 10:45:08,24.275,1.752,72.825,0.501,0,1484940,636820,182088,5607056,5407.574,1621.672,0,368.380,0,14.014,2089,1584,2.310,1.720,0.980,2,0,3.003,0,0,11,32,0,23,0
23-06 10:45:09,20.000,6.000,73.250,0,0,1475192,646560,182088,5607064,4638.018,1458.006,0,40.000,0,4.000,2150,1462,2.200,1.710,0.980,2,0,25.000,0,0,11,32,0,23,0
23-06 10:45:10,21.509,4.252,73.282,0,0,1510472,611280,182088,5607064,4141.782,1620.697,0,0,0,0,1747,1139,2.200,1.710,0.980,2,0,0,0,0,11,32,0,23,0
23-06 10:45:11,24.066,2.507,72.949,0,0,1476760,644984,182088,5607072,4005.943,1461.994,0,320.877,0,24.066,2029,1519,2.200,1.710,0.980,2,0,7.019,0,0,11,32,0,23,0
23-06 10:45:12,11.772,38.070,48.590,0,0,1464248,657440,182096,5607116,4147.657,1622.996,0,308.570,0,25.046,7193,6240,2.200,1.710,0.980,3,0,837.546,0,0,11,32,0,23,0
23-06 10:45:13,9.731,30.690,58.385,0,0,1450152,671500,182096,5607152,4331.468,1455.134,0,159.685,0,14.971,6124,4631,2.200,1.710,0.980,3,0,581.854,0,0,11,32,0,23,0
23-06 10:45:14,7.511,23.032,67.846,0,0,1431988,689608,182096,5607208,4626.523,1622.287,0,24.034,0,6.008,5219,3369,2.110,1.690,0.980,2,0,313.442,0,0,11,32,0,23,0
23-06 10:45:15,7.967,20.913,68.962,0,0,1426772,694784,182096,5607240,5855.583,1613.273,0,274.854,0,59.751,5339,3705,2.110,1.690,0.980,3,0,310.704,0,0,11,32,0,23,0
23-06 10:45:16,8.291,21.858,68.086,0,0,1393744,727780,182096,5607272,6408.608,1628.030,0,32.159,0,8.040,5347,3679,2.110,1.690,0.980,2,0,308.522,0,0,11,32,0,23,0
23-06 10:45:17,14.266,19.522,64.323,0,0,1396108,725396,182096,5607708,6066.893,1621.843,0,16.018,0,4.005,6617,8321,2.110,1.690,0.980,1,0,256.291,0,0,11,32,0,23,0
23-06 10:45:18,37.120,12.456,49.328,0,0,1455504,665800,182104,5607804,5979.100,1614.357,0,195.317,0,2.990,3772,2894,2.110,1.690,0.980,2,0,130.544,0,0,11,33,0,23,0
23-06 10:45:19,43.856,6.728,48.590,0,0,1560888,560464,182104,5607868,5164.998,1546.908,0,0,0,0,2739,1176,2.100,1.700,0.990,3,0,0,0,0,11,33,0,23,0
23-06 10:45:20,49.050,6.757,44.045,0.250,0,1622160,498276,182156,5608684,4804.860,1621.640,0,2590.620,0,285.289,4107,3148,2.100,1.700,0.990,4,0,19.019,0,0,11,49,0,23,0
23-06 10:45:21,25.852,14.557,57.477,0.251,0,1656620,460120,182180,5611948,4793.919,1463.777,0,1080.263,0,78.309,5309,8559,2.100,1.700,0.990,2,0,149.590,0,0,11,48,0,23,0
23-06 10:45:22,12.007,20.261,66.287,0,0,1667308,449320,182184,5612056,4562.535,1620.900,0,124.069,0,6.003,5499,5136,2.100,1.700,0.990,1,0,253.141,0,0,11,48,0,23,0
23-06 10:45:23,9.934,7.202,80.220,0,0,1667876,448772,182184,5611968,4905.569,1448.424,0,751.035,0,87.422,3493,4314,2.100,1.700,0.990,1,0,89.409,0,0,11,48,0,18,0
23-06 10:45:24,1.500,0.500,98.013,0,0,1667876,448772,182184,5611968,4560.611,1620.217,0,36.005,0,4.001,755,1047,1.930,1.670,0.980,1,0,4.001,0,0,11,48,0,18,0
23-06 10:45:25,0.250,0.751,97.844,0,0,1667876,448772,182184,5611968,4942.741,1459.400,0,800.768,0,3.003,756,973,1.930,1.670,0.980,1,0,3.003,0,0,11,48,0,18,0
23-06 10:45:26,3.012,2.761,93.608,0,0,1683248,433400,182184,5613624,4895.708,1626.214,0,4.015,0,1.004,1149,2340,1.930,1.670,0.980,3,0,35.134,0,0,11,48,0,18,0
23-06 10:45:27,6.221,5.973,86.354,0,0,1636040,480640,182184,5611956,4897.558,1612.610,0,0,0,0,2654,4694,1.930,1.670,0.980,1,0,51.763,0,0,11,48,0,19,0
23-06 10:45:28,19.998,19.248,59.493,0,0,1655932,460656,182184,5612036,4937.451,1457.838,0,0,0,0,5897,8620,1.930,1.670,0.980,3,0,255.972,0,0,11,48,0,15,0
23-06 10:45:29,9.549,17.340,71.369,0.251,0.251,1696848,419708,182184,5612068,4523.365,1628.411,0,3083.930,0,28.145,4874,4143,1.850,1.660,0.980,2,0,264.366,0,0,12,48,0,15,0
23-06 10:45:30,25.773,20.268,52.546,0,0,1692980,423380,182184,5612672,4457.898,1697.484,0,284.249,0,28.025,6869,9171,1.850,1.660,0.980,2,0,298.261,0,0,12,64,0,15,0
23-06 10:45:31,10.949,10.451,77.140,0.498,0,1689452,426928,182184,5612228,4854.324,1612.468,0,692.764,0,38.819,3537,3808,1.850,1.660,0.980,1,0,186.131,0,0,12,64,0,15,0
23-06 10:45:32,8.246,14.494,75.468,0,0,1687772,428552,182184,5612608,4797.955,1619.310,0,67.971,0,7.997,4562,5255,1.850,1.660,0.980,2,0,201.914,0,0,14,64,0,14,0
23-06 10:45:33,17.366,12.584,68.708,0,0,1681732,434476,182184,5612384,5496.675,1630.881,0,28.188,0,6.040,5212,5893,1.850,1.660,0.980,3,0,183.222,0,0,14,66,0,14,0
23-06 10:45:34,7.747,21.491,69.221,0,0,1696640,419528,182184,5612432,4977.909,1661.302,0,127.946,0,1.999,5402,3853,1.870,1.670,0.990,1,0,323.864,0,0,14,66,0,14,0
23-06 10:45:35,8.495,22.238,67.964,0,0,1672016,443960,182184,5612588,4995.334,1541.177,0,39.979,0,9.995,5208,3505,1.870,1.670,0.990,2,0,268.857,0,0,14,66,0,14,0
23-06 10:45:36,20.189,16.450,61.812,0,0,1683764,432204,182184,5612600,4898.114,1292.073,0,5204.183,0,366.885,5599,7086,1.870,1.670,0.990,3,0,192.415,0,0,14,66,0,13,0
23-06 10:45:37,28.313,25.807,45.351,0,0,1758352,357572,182196,5612628,3461.699,595.324,0,593.320,0,13.029,6837,5716,1.870,1.670,0.990,5,0,598.331,0,0,14,66,0,13,0
23-06 10:45:38,30.910,23.681,44.371,0,0,1804116,311160,182252,5613208,4435.145,1184.567,0,19.942,0,4.986,6774,6479,1.870,1.670,0.990,4,0,533.454,0,0,14,66,0,13,0
23-06 10:45:39,28.782,26.529,42.797,0,0,1915452,198768,182272,5614480,4865.334,1621.778,0,288.316,0,14.015,6880,7553,1.960,1.690,1,5,0,376.413,0,0,14,70,0,15,0
23-06 10:45:40,48.640,19.055,31.340,0,0.251,1946656,167496,182272,5614600,4350.551,1552.479,0,0,0,0,5192,6398,1.960,1.690,1,5,0,256.741,0,0,14,70,0,15,0
23-06 10:45:41,61.476,26.739,11.246,0.250,0,2053140,130628,176792,5552036,4455.234,1619.358,35.986,1495.407,6.997,46.981,6419,8063,1.960,1.690,1,4,0,488.806,0,0,14,70,0,15,0
23-06 10:45:42,65.332,23.102,10.433,0,0,2153820,150188,174568,5436480,4071.965,1448.737,282.196,973.774,11.924,8.943,5585,7604,1.960,1.690,1,5,0,353.738,0,0,14,70,0,15,0
23-06 10:45:43,73.957,24.569,1.254,0.501,0,2276672,204080,175148,5262548,4933.811,1624.548,754.111,1403.930,75.211,69.194,5584,6805,1.960,1.690,1,9,0,359.005,0,0,14,70,0,15,0
23-06 10:45:44,74.061,23.019,2.002,0.751,0,2429092,126312,174848,5189960,4221.457,1459.195,344.282,9964.160,19.016,796.652,8793,13771,2.200,1.740,1.020,6,1,324.266,0,0,14,74,0,13,0
23-06 10:45:45,64.503,26.354,5.773,2.761,0,2537024,133068,174824,5078380,4563.925,1572.175,594.334,30608.214,14.055,2269.915,14640,27581,2.200,1.740,1.020,14,1,378.487,0,0,14,76,0,13,0
23-06 10:45:46,69.913,21.223,7.491,0.250,0,2616704,126420,174940,5006548,4543.315,1552.058,751.060,4042.941,23.970,265.668,8454,12620,2.200,1.740,1.020,8,0,172.784,0,0,14,80,0,17,0
23-06 10:45:47,69.132,24.708,5.491,0.250,0,2739532,145524,174948,4867424,4672.040,1617.245,59.898,1209.939,7.986,68.883,7980,12567,2.200,1.740,1.020,4,0,415.292,0,0,14,91,0,25,0
23-06 10:45:48,39.793,25.527,33.286,0,0,2779784,174072,174948,4800116,4685.042,1621.745,0,1157.245,0,52.056,7924,9463,2.200,1.740,1.020,7,0,441.475,0,0,14,89,0,25,0
23-06 10:45:49,41.668,16.967,40.171,0,0,2824268,198480,174952,4733256,5149.920,1616.835,2043.999,3648.858,20.959,150.705,6504,8822,3.070,1.930,1.080,6,1,193.621,0,0,14,91,0,25,0
23-06 10:45:50,57.290,12.454,29.143,0.249,0,2952248,137572,174956,4667848,4842.261,1745.605,1135.839,2387.254,14.945,124.544,5157,7991,3.070,1.930,1.080,3,0,113.584,0,0,14,94,0,28,0
23-06 10:45:51,27.421,13.081,57.860,0.252,0,2994708,164296,174976,4600312,4096.473,1141.096,8.050,4326.906,2.013,112.701,4421,4012,3.070,1.930,1.080,2,0,130.813,0,0,14,97,0,28,0
23-06 10:45:52,7.471,19.674,70.230,0,0,3011148,147832,174976,4600336,3580.243,860.693,3.985,10587.320,0.996,573.795,5299,3742,3.070,1.930,1.080,3,0,265.978,0,0,14,97,0,26,0
23-06 10:45:53,8.483,19.211,70.608,0,0,3007340,151612,174976,4600364,4596.773,1562.863,0,39.920,0,3.992,4903,3301,3.070,1.930,1.080,2,0,246.505,0,0,14,97,0,26,0
23-06 10:45:54,6.768,20.804,69.932,0,0,3007824,151108,174976,4600384,4664.106,1515.935,0,2269.892,0,274.713,5098,3526,2.980,1.930,1.090,3,0,284.739,0,0,14,97,0,26,0
23-06 10:45:55,18.933,8.221,71.498,0.249,0,3059228,165792,174980,4535368,4649.596,1560.495,7.972,55.803,1.993,0.996,2536,1757,2.980,1.930,1.090,2,0,62.779,0,0,14,97,0,26,0
23-06 10:45:56,18.558,3.009,77.491,0,0,3086172,138840,174980,4535376,11270.101,7911.641,32.100,4.012,2.006,1.003,2116,1763,2.980,1.930,1.090,3,0,0,0,0,14,101,0,20,0
23-06 10:45:57,23.250,6.500,69.001,0.500,0,3017244,207668,174980,4535488,23171.483,18823.393,16.000,480.010,4.000,41.001,3429,2954,2.980,1.930,1.090,2,0,65.001,0,0,14,103,0,21,0
23-06 10:45:58,23.429,4.237,71.783,0,0,3089060,135848,174980,4535492,4586.120,1076.741,0,127.614,0,10.967,1931,1354,2.980,1.930,1.090,2,0,0.997,0,0,14,105,0,21,0
23-06 10:45:59,17.736,2.748,77.939,0.250,0,3096084,128804,174984,4535512,11114.270,7440.156,0,511.598,0,52.958,2586,2872,2.820,1.920,1.090,3,0,0.999,0,0,14,110,0,21,0
23-06 10:46:00,35.025,9.257,53.539,1.001,0,3191260,168020,174992,4405016,5089.677,1699.228,72.052,2121.533,6.004,222.161,5566,7189,2.820,1.920,1.090,4,1,6.004,0,0,14,115,0,21,0
23-06 10:46:01,33.458,6.289,57.105,1.509,0,3125964,233144,174992,4405172,6039.529,2617.263,68.425,4882.338,5.031,344.138,5622,7113,2.820,1.920,1.090,3,0,48.300,0,0,14,122,0,23,0
23-06 10:46:02,17.887,8.943,71.299,0.248,0,3190136,168896,174992,4405232,4710.191,1609.812,0,385.560,0,30.805,2827,2266,2.820,1.920,1.090,2,0,68.566,0,0,14,122,0,23,0
23-06 10:46:03,17.575,3.013,78.082,0,0,3213316,145712,174992,4405236,12211.928,8115.509,64.273,289.230,4.017,14.060,2084,1834,2.820,1.920,1.090,3,0,0,0,0,14,123,0,23,0
23-06 10:46:04,19.929,3.488,74.484,0.498,0,3216488,142436,174996,4405336,7806.072,3483.537,19.929,1104.050,1.993,98.647,3566,4492,2.680,1.900,1.090,3,0,0.996,0,0,14,123,0,23,0
23-06 10:46:05,35.725,13.740,49.466,0.250,0,3234228,190596,175000,4341104,7272.947,2812.046,0,915.364,0,84.941,4670,4414,2.680,1.900,1.090,3,0,96.933,0,0,14,122,0,24,0
23-06 10:46:06,39.363,6.519,52.901,0.251,0,3306768,182984,175000,4277780,7733.120,4016.489,0,348.998,0,19.055,2715,1520,2.680,1.900,1.090,5,0,2.006,0,0,14,123,0,24,0
23-06 10:46:07,23.093,6.275,69.531,0.251,0.251,3317312,172416,175000,4277804,26186.886,22773.082,0,1550.268,0,85.345,2831,2326,2.680,1.900,1.090,2,0,55.223,0,0,14,122,0,25,0
23-06 10:46:08,20.908,4.231,73.923,0.249,0,3381992,168276,175000,4218296,5587.319,3108.270,7.965,127.437,1.991,14.934,1892,1373,2.680,1.900,1.090,1,0,0,0,0,14,123,0,25,0
23-06 10:46:09,17.039,4.510,77.930,0,0,3303448,247024,175000,4218192,26868.914,23239.551,0,220.508,0,1.002,2419,1821,2.540,1.890,1.090,2,0,51.118,0,0,14,122,0,26,0
23-06 10:46:10,30.796,5.960,62.089,0,0,3326316,223920,175000,4218428,3576.298,911.956,3.974,369.551,0.993,31.789,3485,4187,2.540,1.890,1.090,2,0,7.947,0,0,14,124,0,27,0
23-06 10:46:11,17.076,3.516,78.099,0.502,0,3341868,208336,175000,4218460,11043.297,8128.284,0,896.000,0,100.448,3029,3669,2.540,1.890,1.090,2,0,0,0,0,14,125,0,27,0
23-06 10:46:12,17.717,8.234,72.114,0.250,0,3314104,236064,175000,4218496,5379.833,2643.005,0,467.117,0,46.911,3157,2730,2.540,1.890,1.090,3,0,81.845,0,0,14,124,0,28,0
23-06 10:46:13,19.517,3.003,76.568,0.250,0,3363032,187128,175000,4218504,10417.317,7177.419,0,2942.632,0,301.269,2063,1654,2.540,1.890,1.090,2,0,0,0,0,14,125,0,28,0
23-06 10:46:14,19.333,6.277,73.315,0,0,3372652,177488,175000,4218524,21822.826,18388.058,0,241.036,0,15.065,2564,1898,2.420,1.870,1.090,3,0,56.242,0,0,14,124,0,29,0
23-06 10:46:15,20.405,4.479,73.410,0,0,3415900,134236,175000,4218528,5980.269,2743.279,0,167.225,0,6.968,1923,1251,2.420,1.870,1.090,1,0,5.972,0,0,14,125,0,29,0
23-06 10:46:16,17.827,3.766,75.578,0.753,0,3413652,136268,175000,4218744,12781.417,6745.246,0,4061.610,0,354.537,4273,6255,2.420,1.870,1.090,3,0,1.004,0,0,14,126,0,30,0
23-06 10:46:17,26.549,4.218,66.497,1.737,0,3409456,140340,175000,4218852,7441.753,2904.050,0,5292.001,0,298.742,6067,8926,2.420,1.870,1.090,2,1,0,0,0,14,125,0,32,0
23-06 10:46:18,19.403,7.308,72.069,0.504,0,3322908,226880,175000,4218860,5467.165,1536.128,0,3447.217,0,202.600,2747,2542,2.420,1.870,1.090,2,0,53.422,0,0,14,125,0,32,0
23-06 10:46:19,18.224,2.496,77.639,0.250,0,3342524,207252,175000,4218872,12859.602,9151.906,0,1338.086,0,74.893,2051,1773,2.220,1.840,1.080,2,0,0,0,0,14,126,0,32,0
23-06 10:46:20,22.933,3.739,71.041,0.499,0,3346492,203220,175000,4218936,7423.186,4188.691,0,949.211,0,112.669,3858,5279,2.220,1.840,1.080,2,0,0.997,0,0,14,128,0,32,0
23-06 10:46:21,32.300,8.763,56.587,0.501,0,3282428,267060,175000,4219160,5715.800,2489.833,0,1013.560,0,115.177,7082,10569,2.220,1.840,1.080,2,0,67.103,0,0,14,127,0,33,0
23-06 10:46:22,21.214,4.492,73.376,0,0,3357992,191488,175000,4219168,4732.034,1617.278,0,1014.293,0,22.961,1896,1394,2.220,1.840,1.080,2,0,9.983,0,0,14,127,0,33,0
23-06 10:46:23,15.590,2.514,79.708,1.006,0.251,3364332,185136,175000,4219180,13483.547,9936.145,0,2248.934,0,174.001,2955,3714,2.220,1.840,1.080,4,1,0,0,0,14,128,0,33,0
23-06 10:46:24,17.388,10.929,70.047,0.248,0,3369476,179952,175000,4219220,6463.233,2910.193,0,1589.727,0,111.281,3778,3396,2.130,1.830,1.080,2,0,147.050,0,0,14,127,0,34,0
23-06 10:46:25,18.266,3.253,77.316,0.250,0,3419748,129672,175000,4219228,10633.032,7337.233,0,148.126,0,11.009,1704,1279,2.130,1.830,1.080,3,0,0,0,0,14,128,0,34,0
23-06 10:46:26,18.970,2.995,76.630,0,0,3413060,136344,175000,4219244,10787.176,7355.528,0,311.514,0,31.950,2895,3161,2.130,1.830,1.080,5,0,0,0,0,14,128,0,35,0
23-06 10:46:27,31.740,8.747,56.233,0.500,0,3399300,196844,175000,4173084,4378.669,1619.508,31.990,1191.638,3.999,135.959,7039,13314,2.130,1.830,1.080,2,0,36.989,0,0,14,130,0,36,0
23-06 10:46:28,45.701,12.806,39.172,1.004,0,3302796,292708,175016,4173816,6038.586,3059.470,401.769,4102.060,65.287,449.981,12909,20287,2.130,1.830,1.080,4,0,142.628,0,0,14,133,0,37,0
23-06 10:46:29,26.875,11.198,59.970,0.249,0,3364536,230716,175016,4174020,4893.166,2114.134,0,3280.690,0,204.048,4601,6359,2.040,1.810,1.080,3,0,148.308,0,0,14,133,0,36,0
23-06 10:46:30,20.066,3.261,74.997,0.502,0,3400808,194428,175020,4174036,11290.184,8377.591,0,3455.380,0,237.783,2331,2266,2.040,1.810,1.080,2,0,2.007,0,0,14,136,0,36,0
23-06 10:46:31,14.235,15.734,69.179,0,0,3384592,210496,175020,4174184,5508.365,2290.657,0,259.734,0,21.978,4571,3578,2.040,1.810,1.080,2,0,218.776,0,0,14,135,0,37,0
23-06 10:46:32,8.287,21.847,67.551,0.251,0,3341140,253936,175020,4174212,4849.577,1627.240,0,731.253,0,33.147,5282,3911,2.040,1.810,1.080,2,0,268.193,0,0,14,135,0,37,0
23-06 10:46:33,13.775,18.784,65.369,0,0,3316052,279008,175020,4174332,5247.563,1460.662,0,192.351,0,16.029,5264,5102,2.040,1.810,1.080,3,0,219.400,0,0,14,135,0,37,0
23-06 10:46:34,25.457,20.216,53.160,0.250,0,3369216,225824,175020,4174252,4380.590,1255.876,0,179.696,0,12.978,6324,6448,2.110,1.830,1.090,3,0,272.539,0,0,14,135,0,37,0
23-06 10:46:35,30.047,25.039,44.069,0,0,3414080,180520,175032,4174680,4797.498,1352.113,4.006,176.276,1.002,12.019,5889,4317,2.110,1.830,1.090,3,0,361.565,0,0,14,137,0,37,0
23-06 10:46:36,22.960,18.717,56.900,0,0,3432844,161688,175032,4175096,4836.472,1617.149,31.944,515.092,1.996,27.951,6959,9128,2.110,1.830,1.090,4,0,289.490,0,0,14,141,0,37,0
23-06 10:46:37,45.924,23.711,28.952,0,0,3550068,183772,175040,4038064,5031.657,1617.318,27.954,419.305,3.993,26.955,7845,12413,2.110,1.830,1.090,4,0,333.447,0,0,16,147,0,37,0
23-06 10:46:38,50.030,28.767,21.013,0,0,3662228,167196,175040,3943128,4862.927,1620.976,0,212.128,0,17.010,6379,5292,2.110,1.830,1.090,6,0,479.288,0,0,16,147,0,37,0
23-06 10:46:39,49.774,20.260,28.514,0.250,0,3726204,149968,175040,3897476,4714.311,1602.786,8.004,608.298,2.001,24.012,8708,15315,2.270,1.870,1.110,3,0,242.119,0,0,16,163,0,37,0
23-06 10:46:40,33.370,25.152,40.840,0.249,0,3795348,132652,175040,3846072,5209.645,1613.695,3.984,517.976,0.996,16.934,14990,5099,2.270,1.870,1.110,5,0,484.108,0,0,16,163,0,37,0
23-06 10:46:41,27.568,24.310,46.365,0.251,0,3829864,153492,175048,3792000,4828.954,1624.020,76.189,461.142,2.005,30.074,6270,4982,2.270,1.870,1.110,2,0,434.075,0,0,17,163,0,35,0
23-06 10:46:42,18.675,17.430,62.500,0.249,0,3835332,148008,175048,3792468,4661.318,1683.254,3.984,482.068,0.996,38.844,6819,8439,2.270,1.870,1.110,2,0,242.030,0,0,17,163,0,35,0
23-06 10:46:43,25.703,22.459,51.157,0,0,3879984,158804,175052,3738036,4597.647,1563.160,3.993,179.674,0.998,12.976,5688,4550,2.270,1.870,1.110,4,0,357.351,0,0,17,163,0,35,0
23-06 10:46:44,34.448,22.716,41.438,0,0,3937116,170748,175056,3670832,4820.777,1617.576,3.994,9365.968,0.999,801.799,6556,6332,2.240,1.870,1.110,4,0,361.458,0,0,17,165,0,35,0
23-06 10:46:45,29.016,20.437,49.200,0,0,3976400,168548,175056,3634268,4912.980,1513.860,32.296,76.702,2.018,3.028,6293,6628,2.240,1.870,1.110,3,0,310.846,0,0,17,169,0,35,0
23-06 10:46:46,43.704,27.721,27.970,0,0,4082764,167372,175060,3531612,5345.314,1402.508,31.966,807.141,4.995,51.945,8253,12745,2.240,1.870,1.110,3,0,516.451,0,0,17,181,0,35,0
23-06 10:46:47,23.424,25.667,48.842,0.249,0,4145232,149052,175064,3488620,4074.801,1184.164,131.574,649.895,9.968,57.813,8811,11539,2.240,1.870,1.110,2,0,414.657,0,0,17,187,0,35,0
23-06 10:46:48,10.044,20.842,66.794,0,0,4145324,148896,175064,3488652,4385.314,1572.927,0,530.336,0,25.111,5408,3816,2.240,1.870,1.110,4,0,296.305,0,0,17,189,0,35,0
23-06 10:46:49,25.557,18.858,53.347,0.496,0,4165576,170604,175064,3447632,4795.790,1589.995,0,786.065,0,60.543,6615,7624,2.140,1.850,1.110,2,0,266.984,0,0,17,205,0,21,0
23-06 10:46:50,32.675,15.464,50.883,0,0,4239952,154456,175064,3389896,4236.265,1604.313,850.046,151.651,13.968,13.968,4019,2856,2.140,1.850,1.110,3,0,116.732,0,0,17,205,0,21,0
23-06 10:46:51,44.146,9.531,45.901,0.251,0,4356212,149356,175064,3281704,4144.671,1137.753,309.019,276.913,5.017,25.083,3257,1996,2.140,1.850,1.110,3,0,1.003,0,0,17,205,0,21,0
23-06 10:46:52,36.449,7.240,55.172,0,0,4429956,134392,175072,3224124,3888.517,1132.403,63.910,4453.720,6.990,55.921,3519,3104,2.140,1.850,1.110,3,0,11.983,0,0,17,214,0,21,0
23-06 10:46:53,28.190,17.367,53.612,0.503,0,4345636,217808,175084,3225016,4325.201,1304.809,720.867,253.713,8.054,12.082,4801,3682,2.140,1.850,1.110,4,0,299.019,0,0,17,213,0,21,0
23-06 10:46:54,32.016,29.015,36.768,0.250,0,4398012,162276,175092,3228152,6104.061,3812.912,2309.158,36.018,37.019,9.005,6653,6343,2.450,1.920,1.140,2,0,521.261,0,0,17,214,0,18,0
23-06 10:46:55,45.727,21.739,31.984,0.250,0,4449504,153112,175100,3187184,12480.657,8055.905,27.986,1183.399,3.998,28.985,7035,9229,2.450,1.920,1.140,3,0,295.850,0,0,17,221,0,19,0
23-06 10:46:56,64.389,17.969,17.470,0,0,4522632,157296,175104,3112552,5407.659,1617.206,55.903,147.745,6.988,9.983,5017,3987,2.450,1.920,1.140,5,0,151.738,0,0,17,222,0,19,0
23-06 10:46:57,65.060,13.565,19.593,1.005,0,4628924,135256,175136,3030548,14471.890,9668.022,3195.210,1322.294,133.636,44.210,5123,4644,2.450,1.920,1.140,6,0,21.100,0,0,17,229,0,19,0
23-06 10:46:58,62.576,13.961,18.698,3.241,0,4600432,200584,175204,2995140,8106.427,4394.762,4954.205,2277.658,417.837,159.556,7135,9243,2.450,1.920,1.140,3,0,83.767,0,0,17,229,0,23,0
23-06 10:46:59,35.974,27.730,35.724,0.250,0,4677564,174596,175212,2945680,7063.950,3715.344,0,20433.393,0,963.311,7531,6780,2.500,1.940,1.150,4,0,490.649,0,0,17,230,0,23,0
23-06 10:47:00,34.681,18.713,45.410,0.250,0,4658552,192416,175212,2946944,14334.560,10550.068,187.628,1369.283,10.978,86.828,7201,10856,2.500,1.940,1.150,4,0,234.535,0,0,17,229,0,24,0
23-06 10:47:01,60.964,26.342,11.290,0.251,0,4697512,151208,175212,2949200,5046.678,1517.315,8.028,1918.721,2.007,205.721,6706,7042,2.500,1.940,1.150,5,0,492.726,0,0,17,233,0,24,0
23-06 10:47:02,55.527,25.647,17.928,0.498,0.249,4796248,141840,175228,2861852,11941.940,9458.933,1047.783,677.274,47.808,42.828,7742,9721,2.500,1.940,1.150,4,0,324.693,0,0,17,236,0,22,0
23-06 10:47:03,55.651,24.065,19.302,0.251,0,4759044,207024,175232,2833736,9383.520,4708.806,320.873,922.509,13.035,53.145,8039,10557,2.500,1.940,1.150,5,0,410.115,0,0,17,237,0,25,0
23-06 10:47:04,58.512,25.397,15.188,0,0,4870272,132068,175244,2798868,6641.940,3410.107,227.075,585.614,9.959,38.842,7453,10366,2.940,2.040,1.180,4,0,366.507,0,0,17,240,0,26,0
23-06 10:47:05,51.634,21.951,24.944,0.249,0.249,4938480,168540,175248,2696584,14919.506,10505.416,339.238,786.235,20.953,48.890,8552,10958,2.940,2.040,1.180,4,0,227.489,0,0,17,243,0,27,0
23-06 10:47:06,68.862,13.522,17.529,0,0,5025164,131364,175252,2648264,5512.997,2148.506,937.530,857.399,12.020,15.025,5189,10733,2.940,2.040,1.180,4,0,11.018,0,0,17,244,0,26,0
23-06 10:47:07,53.386,10.777,34.588,0.752,0,5087732,133240,175260,2585632,19653.047,15727.049,1058.696,2518.413,79.202,169.431,6605,7900,2.940,2.040,1.180,7,0,10.026,0,0,17,249,0,30,0
23-06 10:47:08,58.556,9.759,30.529,0.250,0,5091840,155780,175260,2559656,10144.617,6535.195,1129.070,1505.427,25.024,110.104,5133,4293,2.940,2.040,1.180,4,0,20.019,0,0,17,253,0,32,0
23-06 10:47:09,47.779,26.876,24.636,0.498,0,5096504,147196,175392,2563396,10391.987,7299.276,4057.255,1308.952,63.706,59.724,7870,8267,2.940,2.060,1.190,6,0,500.687,0,0,17,254,0,32,0
23-06 10:47:10,48.867,27.566,21.802,0,0,5038468,205188,175392,2563920,9463.711,6681.033,1026.463,817.963,8.019,32.077,6803,6875,2.940,2.060,1.190,4,0,380.914,0,0,17,253,0,31,0
23-06 10:47:11,63.091,22.032,14.771,0.501,0,5110844,160664,175400,2536612,6441.327,3870.604,528.766,608.882,7.010,19.028,5991,6053,2.940,2.060,1.190,7,0,238.345,0,0,18,258,0,32,0
23-06 10:47:12,73.971,15.442,8.717,0.996,0,5213596,140428,175400,2457936,13740.128,10274.213,3582.475,1685.636,162.387,188.289,6767,7804,2.940,2.060,1.190,7,0,17.932,0,0,18,261,0,34,0
23-06 10:47:13,84.693,12.779,2.005,0.251,0,5276440,127368,175428,2409768,4630.542,1623.697,1082.464,1355.085,41.094,153.349,6241,5519,2.940,2.060,1.190,5,0,21.048,0,0,18,264,0,35,0
23-06 10:47:14,55.830,17.604,25.903,0,0,5336352,140968,175436,2338644,13180.859,10818.907,623.684,941.562,13.077,82.487,7150,8056,2.950,2.070,1.200,4,0,222.313,0,0,18,269,0,34,0
23-06 10:47:15,38.896,9.973,49.867,0.249,0,5303464,173796,175436,2338704,17261.809,5985.982,813.822,1432.168,7.979,170.544,3893,2937,2.950,2.070,1.200,3,0,18.949,0,0,18,271,0,35,0
23-06 10:47:16,41.235,10.246,47.483,0,0.250,5337272,139964,175436,2339384,13741235.379,107622.065,511.820,455.839,3.999,30.989,8660,5289,2.950,2.070,1.200,3,0,7.997,0,0,18,274,0,35,0
23-06 10:47:17,48.943,19.977,28.966,0.499,0,5294960,187456,175436,2335512,2837295.533,28970.983,3052.416,1366.396,32.961,61.927,7286,5646,2.950,2.070,1.200,3,0,269.683,0,0,18,274,0,36,0
23-06 10:47:18,45.173,7.446,46.165,0.496,0,5375740,148928,175436,2294560,11276.265,7119.395,0,536.114,0,51.626,3714,3046,2.950,2.070,1.200,3,0,2.978,0,0,18,279,0,33,0
23-06 10:47:19,30.755,4.286,63.779,0,0,5382920,141644,175436,2294668,19184.253,16003.852,112.938,520.319,7.059,48.402,5134,6204,2.950,2.090,1.210,2,0,0,0,0,18,284,0,34,0
23-06 10:47:20,25.095,5.218,66.837,0.745,0,5359288,164820,175440,2295120,407616.292,16291494.042,381.640,9175.260,19.877,75.533,4271,2989,2.950,2.090,1.210,2,0,5.963,0,0,18,282,0,37,0
23-06 10:47:21,37.101,6.518,54.648,0.251,0,5387204,147128,175452,2284948,14391244.997,148281.035,0,677.838,0,55.150,16401,8286,2.950,2.090,1.210,3,0,1.003,0,0,18,288,0,37,0
23-06 10:47:22,25.251,10.501,62.003,0.500,0,5214612,311460,175452,2293192,2731475.750,71000.685,64.003,948.049,4.000,84.004,8771,7345,2.950,2.090,1.210,2,0,157.008,0,0,18,284,0,40,0
23-06 10:47:23,11.218,17.948,68.303,0.249,0,5244936,281024,175452,2293288,5462.235,1453.804,15.954,3589.640,1.994,36.894,5362,4491,2.950,2.090,1.210,3,0,344.007,0,0,18,284,0,40,0
23-06 10:47:24,23.681,4.031,72.556,0,0,5307924,218036,175452,2293288,3909.958,1088.339,0,1479.335,0,80.618,2199,1830,2.800,2.070,1.210,5,0,1.008,0,0,18,284,0,40,0
23-06 10:47:25,11.727,15.220,70.858,0.499,0,5225256,300672,175452,2293320,5015.956,1562.871,0,16610.739,0,1221.554,5936,4420,2.800,2.070,1.210,4,0,308.383,0,0,18,284,0,40,0
23-06 10:47:26,9.211,18.671,70.949,0,0,5241772,284088,175456,2293384,4589.540,1505.616,15.932,5556.441,1.992,183.223,5755,4631,2.800,2.070,1.210,3,0,359.476,0,0,18,286,0,38,0
23-06 10:47:27,8.244,5.246,85.184,0.250,0,5239564,286116,175456,2293552,4602.446,1564.792,167.870,16059.600,7.994,20.984,2882,6033,2.800,2.070,1.210,2,0,44.965,0,0,18,286,0,39,0
23-06 10:47:28,22.539,3.756,72.626,0,0,5308108,217572,175456,2293552,4479.746,1514.619,0,60.104,0,6.010,2089,1605,2.800,2.070,1.210,4,0,0,0,0,18,286,0,39,0
23-06 10:47:29,18.310,3.010,78.255,0,0,5261968,263628,175456,2293636,14205.210,10724.888,64.209,8.026,4.013,2.007,2432,2072,2.570,2.040,1.210,2,0,14.046,0,0,18,288,0,40,0
23-06 10:47:30,11.742,15.988,70.699,0,0,5248340,277036,175460,2293820,4676.631,1618.834,7.994,0,1.999,0,5546,4204,2.570,2.040,1.210,3,0,264.809,0,0,18,288,0,38,0
23-06 10:47:31,11.953,17.431,68.729,0.249,0,5238976,286216,175460,2294004,4618.805,1613.643,47.812,12630.245,1.992,70.721,5450,4384,2.570,2.040,1.210,3,0,181.286,0,0,18,288,0,38,0
23-06 10:47:32,17.993,13.745,66.475,0.500,0,5262480,262524,175460,2294192,4544.300,1565.415,3.999,811.696,1.000,60.977,4549,4004,2.570,2.040,1.210,2,0,140.947,0,0,18,292,0,38,0
23-06 10:47:33,22.715,3.994,72.389,0,0,5323328,201676,175460,2294192,4852.569,1617.523,0,195.700,0,8.986,2071,1654,2.570,2.040,1.210,2,0,0.998,0,0,18,292,0,38,0
23-06 10:47:34,23.809,2.757,71.928,0.501,0,5378052,146548,175460,2294596,5164.804,1666.131,388.964,497.233,12.030,36.089,2430,2138,2.450,2.020,1.200,2,0,5.012,0,0,18,296,0,37,0
23-06 10:47:35,23.456,3.493,72.364,0,0,5261096,263504,175460,2294596,4936.703,1616.955,0,171.677,0,10.979,2275,1890,2.450,2.020,1.200,6,0,4.991,0,0,18,292,0,37,0
23-06 10:47:36,23.317,3.259,73.212,0,0,5305576,218984,175460,2294636,5250.182,1516.385,24.070,120.348,4.012,8.023,2033,1580,2.450,2.020,1.200,2,0,0,0,0,18,292,0,37,0
23-06 10:47:37,18.030,4.257,76.128,0,0,5344116,180436,175460,2294644,7112.936,7103.921,0,1310.199,0,59.099,2369,2290,2.450,2.020,1.200,1,1,3.005,0,0,18,295,0,37,0
23-06 10:47:38,15.717,1.497,80.329,0.748,0,5350528,173884,175460,2294784,20639.040,14763.554,0,3955.575,0,472.993,2684,2576,2.450,2.020,1.200,2,0,2.994,0,0,18,298,0,39,0
23-06 10:47:39,22.954,5.489,71.109,0,0,5307152,217244,175460,2294800,4850.384,1616.795,0,183.636,0,21.956,2379,1850,2.330,2,1.200,2,0,16.966,0,0,18,292,0,39,0
23-06 10:47:40,23.625,2.765,72.884,0,0,5345456,178940,175460,2294800,3588.929,814.295,0,0,0,0,1847,1308,2.330,2,1.200,2,0,0,0,0,18,292,0,39,0
23-06 10:47:41,13.469,14.466,69.837,0.249,0,5328964,195228,175472,2294992,4215.179,1185.238,423.014,850.019,5.986,44.895,4334,3469,2.330,2,1.200,2,0,182.575,0,0,18,292,0,39,0
23-06 10:47:42,8.515,21.036,67.616,0,0,5311840,212268,175472,2295140,4539.788,1556.670,32.055,340.584,3.005,29.050,5667,4471,2.330,2,1.200,2,0,311.534,0,0,18,292,0,39,0
23-06 10:47:43,17.954,9.476,71.316,0.249,0,5325952,198148,175484,2295136,4520.320,1508.103,0,183.526,0,8.977,3154,2329,2.330,2,1.200,2,0,104.729,0,0,18,292,0,39,0
23-06 10:47:44,18.731,3.496,76.171,0,0,5335508,187504,175524,2296184,10389.261,4070.792,0,223.769,0,7.992,2128,1660,2.220,1.990,1.200,2,0,18.980,0,0,18,293,0,39,0
23-06 10:47:45,22.284,4.757,71.110,0,0,5313996,202904,176124,2301552,5109.898,1634.526,0,1073.659,0,16.025,6712,11161,2.220,1.990,1.200,2,0,7.011,0,0,18,292,0,39,0
23-06 10:47:46,17.968,5.241,75.115,0.250,0,5329272,186552,176152,2302584,9770.505,3665.437,23.957,774.613,3.993,26.952,6127,9922,2.220,1.990,1.200,2,0,7.986,0,0,18,293,0,39,0
23-06 10:47:47,21.144,7.551,68.969,0.503,0,5328044,187484,176232,2302800,5851.792,2471.808,28.192,583.971,4.027,24.164,10068,17818,2.220,1.990,1.200,2,0,17.116,0,0,18,293,0,39,0
23-06 10:47:48,19.928,7.722,71.241,0.498,0,5281628,239760,176316,2296872,4714.869,1787.505,0,1139.858,0,41.848,3022,2491,2.220,1.990,1.200,2,0,55.797,0,0,18,292,0,39,0
23-06 10:47:49,12.230,15.225,70.137,0,0,5281288,240080,176316,2296892,4778.296,1563.479,0,47.923,0,3.994,4357,3276,2.120,1.970,1.200,2,0,215.652,0,0,18,292,0,39,0
23-06 10:47:50,24.464,4.244,71.145,0,0,5341416,179780,176316,2297064,4373.524,1659.542,0,3.994,0,0.999,2061,1427,2.120,1.970,1.200,2,0,0,0,0,18,292,0,39,0
23-06 10:47:51,17.296,2.507,78.711,0.251,0,5242932,278192,176316,2297136,15141.532,11942.970,52.140,437.170,3.008,30.081,2308,2264,2.120,1.970,1.200,2,0,3.008,0,0,18,292,0,43,0
23-06 10:47:52,20.205,10.726,66.602,0,0,5294780,226316,176316,2297164,4671.646,1616.418,11.973,303.328,0.998,37.916,3845,3240,2.120,1.970,1.200,2,0,112.750,0,0,18,296,0,43,0
23-06 10:47:53,19.467,2.995,77.121,0,0,5325596,195496,176316,2297168,11089.457,8041.553,0,119.800,0,7.987,2038,1686,2.120,1.970,1.200,2,0,0,0,0,18,297,0,43,0
23-06 10:47:54,19.757,7.503,70.774,0,0,5302036,219044,176316,2297180,5448.833,2903.977,0,84.028,0,1.000,2897,2212,2.190,1.990,1.210,3,0,71.024,0,0,18,296,0,44,0
23-06 10:47:55,18.520,3.504,77.584,0.250,0,5322016,199060,176316,2297184,9460.210,6596.119,0,60.065,0,4.004,1944,1641,2.190,1.990,1.210,2,0,0,0,0,18,297,0,44,0
23-06 10:47:56,19.472,6.491,73.146,0,0,5253088,267976,176316,2297196,12442.354,8920.349,0,1509.859,0,262.628,2919,2234,2.190,1.990,1.210,3,0,55.921,0,0,18,296,0,45,0
23-06 10:47:57,23.690,4.489,71.071,0,0,5330048,190972,176316,2297240,5763.464,1454.332,0,546.621,0,8.977,2090,1590,2.190,1.990,1.210,2,0,0,0,0,18,296,0,45,0
23-06 10:47:58,17.383,3.527,77.092,0,0,5305008,215996,176316,2297256,16061.262,11835.834,0,0,0,0,2459,1985,2.190,1.990,1.210,1,0,30.232,0,0,18,296,0,48,0
23-06 10:47:59,22.043,4.953,72.320,0,0,5366172,154832,176316,2297256,5706.333,1604.906,0,0,0,0,2053,1516,2.100,1.970,1.210,2,0,1.981,0,0,18,296,0,42,0
23-06 10:48:00,16.610,2.768,80.283,0,0,5361252,171624,176316,2285488,12920.824,9750.767,0,0,0,0,2005,1752,2.100,1.970,1.210,3,0,0,0,0,18,297,0,42,0
23-06 10:48:01,17.746,6.499,73.733,0.250,0,5318860,213992,176320,2285508,7416.326,4400.007,31.993,679.847,1.000,76.983,3085,3223,2.100,1.970,1.210,2,0,46.989,0,0,18,296,0,43,0
23-06 10:48:02,20.522,3.003,74.832,0.501,0,5356876,175940,176324,2285552,10301.293,7286.989,0,1169.282,0,127.139,2536,2507,2.100,1.970,1.210,2,0,0,0,0,18,297,0,43,0
23-06 10:48:03,20.707,4.990,73.596,0,0,5354376,178432,176324,2285560,9516.047,5791.856,0,175.632,0,10.977,2588,2046,2.100,1.970,1.210,2,0,31.933,0,0,18,296,0,42,0
23-06 10:48:04,20.474,3.496,75.155,0,0,5385260,160036,176324,2273280,6680.576,3257.892,0,139.824,0,9.987,1953,1505,2.010,1.950,1.210,2,0,0.999,0,0,18,297,0,42,0
23-06 10:48:05,15.289,2.005,80.954,0.251,0,5380916,164232,176324,2273428,14553.687,10641.826,0,693.749,0,48.121,2500,2675,2.010,1.950,1.210,3,1,0,0,0,18,296,0,43,0
23-06 10:48:06,9.491,12.239,74.931,1.249,0,5286660,257256,176888,2274096,9471.283,3981.336,1118.970,411.621,249.770,32.970,4189,3676,2.010,1.950,1.210,1,0,179.834,0,0,18,298,0,43,0
23-06 10:48:07,19.486,9.743,68.950,0.250,0,5318780,225000,176892,2274228,15482.755,3247.641,591.570,379.724,8.993,23.983,3348,2829,2.010,1.950,1.210,3,0,88.935,0,0,18,296,0,40,0
23-06 10:48:08,16.558,8.028,74.509,0,0,5335496,208268,176892,2274244,11067.471,5098.723,513.786,92.321,4.014,7.024,2871,2255,2.010,1.950,1.210,2,0,63.220,0,0,18,296,0,41,0
23-06 10:48:09,12.958,13.456,71.268,0.498,0,5337260,206184,176892,2274564,4397.667,1507.088,255.168,15.948,18.938,2.990,4309,3198,1.930,1.940,1.210,2,0,195.363,0,0,18,296,0,41,0
23-06 10:48:10,22.732,4.247,72.441,0,0,5323988,208640,176972,2285236,3942.813,1564.735,15.987,7.994,2.998,1.998,2096,1637,1.930,1.940,1.210,2,0,2.998,0,0,18,296,0,41,0
23-06 10:48:11,16.990,3.498,78.705,0.250,0,5320332,208336,177056,2288968,15975.913,6071.546,7.995,3765.858,1.999,376.786,2569,2284,1.930,1.940,1.210,2,0,18.989,0,0,18,296,0,36,0
23-06 10:48:12,14.378,15.639,66.845,1.009,0,5250108,275396,177060,2292124,4102.542,1580.074,1323.791,3571.815,21.189,124.105,5961,5904,1.930,1.940,1.210,2,0,285.543,0,0,18,296,0,36,0
23-06 10:48:13,23.996,5.999,68.738,0,0,5301448,224052,177060,2292128,4299.228,1121.799,0,87.984,0,7.999,2609,2162,1.930,1.940,1.210,2,0,23.996,0,0,18,296,0,38,0
23-06 10:48:14,20.584,2.480,75.639,0.248,0,5321320,204156,177060,2292152,28084.228,24823.557,0,119.039,0,12.896,2582,2375,1.850,1.920,1.200,2,0,1.984,0,0,18,296,0,40,0
23-06 10:48:15,22.038,6.762,69.869,0,0,5287280,238180,177060,2292168,4663.962,1298.216,0,172.294,0,24.041,2791,2148,1.850,1.920,1.200,3,0,53.091,0,0,18,296,0,33,0
23-06 10:48:16,19.259,3.001,76.787,0.250,0,5321260,204200,177060,2292168,12665.065,7012.358,0,408.195,0,31.015,2107,1974,1.850,1.920,1.200,2,0,0,0,0,18,297,0,33,0
23-06 10:48:17,21.500,4.250,73.249,0.250,0.250,5281748,243264,177060,2292616,9882.803,4706.906,431.991,227.995,25.999,20.000,2700,2481,1.850,1.920,1.200,2,0,14.000,0,0,18,296,0,35,0
23-06 10:48:18,18.858,2.514,77.444,0,0,5321776,203236,177060,2292616,12171.808,7266.676,0,0,0,0,1914,1563,1.850,1.920,1.200,2,0,0,0,0,18,297,0,35,0
23-06 10:48:19,21.712,2.995,72.372,1.248,0,5322092,201220,177060,2294316,5802.754,2438.694,1613.152,1006.223,54.903,108.808,3961,5267,1.790,1.910,1.200,4,1,0.998,0,0,18,297,0,35,0
23-06 10:48:20,23.160,4.732,70.476,0.498,0,5276984,245560,177060,2295084,5856.204,2859.868,589.704,828.774,35.860,87.659,3764,4865,1.790,1.910,1.200,2,0,4.981,0,0,18,296,0,33,0
23-06 10:48:21,19.398,2.771,76.583,0,0,5324812,197720,177060,2295096,10015.221,7008.337,0,306.331,0,15.115,2024,1728,1.790,1.910,1.200,2,1,0,0,0,18,297,0,33,0
23-06 10:48:22,20.612,4.470,73.010,0.497,0,5324080,198228,177060,2295320,8422.509,5253.762,158.934,1084.725,6.953,115.227,4543,6102,1.790,1.910,1.200,4,0,0,0,0,18,297,0,33,0
23-06 10:48:23,12.768,17.275,67.347,0.751,0,5245676,276600,177064,2295348,6224.944,2838.078,0,5551.977,0,251.361,5294,4827,1.790,1.910,1.200,5,0,244.351,0,0,18,296,0,34,0
23-06 10:48:24,8.231,22.696,66.593,0,0,5242664,279600,177064,2295360,4728.825,1616.181,0,323.236,0,23.943,5459,3992,1.800,1.910,1.210,1,0,326.229,0,0,18,296,0,28,0
23-06 10:48:25,8.311,23.171,66.995,0,0,5242856,279388,177064,2295380,4579.809,1577.646,0,535.956,0,20.149,5797,4291,1.800,1.910,1.210,1,2,388.871,0,0,18,296,0,28,0
23-06 10:48:26,8.688,22.342,67.025,0.248,0,5243176,279048,177064,2295400,4783.092,1608.597,0,1652.287,0,98.303,5925,4607,1.800,1.910,1.210,2,0,367.396,0,0,18,296,0,28,0
23-06 10:48:27,12.812,24.870,60.542,0,0,5251988,270216,177064,2295420,4582.086,1627.846,0,36.174,0,9.044,6614,12982,1.800,1.910,1.210,2,0,472.276,0,0,18,296,0,29,0
23-06 10:48:28,7.969,23.161,66.745,0,0,5258028,264144,177068,2295448,4841.471,1613.824,0,183.298,0,16.935,5783,4292,1.800,1.910,1.210,3,0,392.498,0,0,18,296,0,28,0
23-06 10:48:29,8.761,22.778,67.082,0,0,5256040,266116,177068,2295464,4777.874,1513.861,0,28.034,0,7.009,5621,4089,1.820,1.910,1.210,2,0,348.428,0,0,18,296,0,28,0
23-06 10:48:30,8.252,22.256,67.269,0,0,5255368,266768,177068,2295484,4667.350,1566.453,0,28.008,0,7.002,5556,3999,1.820,1.910,1.210,2,0,343.099,0,0,18,296,0,28,0
23-06 10:48:31,8.529,22.577,66.978,0.502,0,5244192,277924,177068,2295504,4490.296,1462.984,0,437.490,0,34.116,5768,4546,1.820,1.910,1.210,3,0,351.196,0,0,18,296,0,28,0
23-06 10:48:32,8.691,22.348,65.803,0,0,5246832,275236,177068,2295552,4322.639,1501.799,15.892,552.249,0.993,52.642,5993,5031,1.820,1.910,1.210,5,0,351.612,0,0,18,296,0,27,0
23-06 10:48:33,8.738,20.223,68.409,0,0,5241904,280112,177068,2295604,4705.745,1509.993,15.979,1765.653,0.999,85.886,5337,3744,1.820,1.910,1.210,3,0,282.624,0,0,18,296,0,27,0
23-06 10:48:34,18.599,8.797,71.378,0,0,5285252,345264,177560,2198336,4180.160,1465.770,8.043,72.384,2.011,3.016,2603,2093,1.750,1.890,1.210,3,0,44.234,0,0,18,296,0,27,0
23-06 10:48:35,24.369,3.233,71.865,0.249,0,5299416,326932,177804,2202260,4712.752,1503.943,15.915,3294.351,2.984,28.845,2430,1944,1.750,1.890,1.210,4,0,15.915,0,0,18,296,0,27,0
23-06 10:48:36,13.612,1.512,83.187,0.504,0,5310712,314368,177904,2203432,22522.931,11237.770,754.226,1105.123,47.391,34.283,1755,1604,1.750,1.890,1.210,1,0,0,0,0,18,297,0,27,0
23-06 10:48:37,14.384,1.984,81.590,0.992,0,5334344,289040,178068,2204952,27232.604,15569.991,1083.233,1821.260,70.430,56.542,1937,1873,1.750,1.890,1.210,3,0,0,0,0,18,297,0,27,0
23-06 10:48:38,15.995,1.500,80.723,1.000,0,5327344,294804,178204,2206052,22828.483,13005.717,815.731,1499.506,64.979,43.986,1826,1690,1.750,1.890,1.210,2,0,0,0,0,18,297,0,27,0
23-06 10:48:39,18.029,1.252,78.627,0.751,0,5327576,293040,178332,2207456,18984.609,11278.184,997.608,1414.280,52.084,45.073,1942,1713,1.690,1.880,1.210,2,0,2.003,0,0,18,297,0,27,0
23-06 10:48:40,19.510,3.502,74.537,1.251,0,5330832,252984,178600,2243892,8225.059,3002.482,12398.118,1128.557,130.064,45.022,2142,1820,1.690,1.880,1.210,2,0,1.000,0,0,18,297,0,25,0
23-06 10:48:41,23.201,2.744,71.850,0.748,0,5337656,228804,179536,2260024,4687.195,1658.531,0,2131.541,0,67.858,2363,2156,1.690,1.880,1.210,2,0,0,0,0,18,297,0,25,0
23-06 10:48:42,25.765,3.002,69.290,0.500,0,5339304,204636,179976,2281736,4262.471,1620.940,0,2009.165,0,106.061,2937,3250,1.690,1.880,1.210,3,0,0,0,0,18,297,0,25,0
23-06 10:48:43,21.989,4.498,71.715,1.499,0,5338780,189528,180992,2296072,4497.821,1619.216,0,20154.237,0,610.704,2741,2721,1.690,1.880,1.210,3,0,0,0,0,18,297,0,25,0
23-06 10:48:44,22.285,4.006,71.862,0.501,0,5334332,166104,181976,2322556,4567.107,1622.525,0,2087.248,0,76.118,2383,2205,1.640,1.870,1.210,3,0,1.002,0,0,18,297,0,25,0
23-06 10:48:45,22.985,3.748,71.952,0.500,0,5267016,243572,182508,2311676,4898.753,1792.812,0,1351.104,0,49.967,2310,1931,1.640,1.870,1.210,2,0,1.999,0,0,18,296,0,25,0
23-06 10:48:46,17.987,3.747,76.693,0.250,0,5324188,186368,182528,2311688,11452.416,4371.723,0,795.404,0,22.983,2387,2146,1.640,1.870,1.210,3,0,32.975,0,0,18,297,0,25,0
23-06 10:48:47,23.642,3.521,71.933,0.503,0.252,5318136,185880,182684,2318072,5424.629,1871.255,0,1513.101,0,32.194,2512,2148,1.640,1.870,1.210,2,0,8.048,0,0,18,296,0,25,0
23-06 10:48:48,22.156,6.224,69.205,0,0,5332672,170256,182704,2319088,4558.593,1451.819,0,87.627,0,0.996,8783,16973,1.640,1.870,1.210,2,0,8.962,0,0,18,296,0,25,0
23-06 10:48:49,21.798,7.266,69.152,0,0,5329864,172964,182712,2319180,4630.158,1623.562,0,176.387,0,2.004,8892,16865,1.590,1.850,1.210,4,0,19.042,0,0,18,296,0,25,0
23-06 10:48:50,22.747,4.499,70.991,0,0,5288768,221512,182712,2311792,4337.443,1499.807,0,2167.722,0,27.996,2999,2687,1.590,1.850,1.210,3,0,49.994,0,0,18,296,0,25,0
23-06 10:48:51,23.300,6.764,68.647,0.251,0,5310920,199336,182712,2311816,4584.803,1503.214,0,312.669,0,12.026,9632,17353,1.590,1.850,1.210,2,0,25.054,0,0,18,296,0,25,0
23-06 10:48:52,19.745,3.499,75.231,0,0,5329764,175424,182712,2316884,11525.057,4733.791,15.996,1483.621,1.000,65.983,2605,2539,1.590,1.850,1.210,1,0,16.996,0,0,18,296,0,21,0
23-06 10:48:53,22.635,5.970,69.645,0,0,5306136,197488,182712,2318416,4536.872,1611.784,0,561.139,0,15.919,9093,17058,1.590,1.850,1.210,2,0,7.959,0,0,18,296,0,21,0
23-06 10:48:54,21.844,7.281,69.299,0,0,5330848,171900,182712,2319276,4597.810,1464.309,0,88.381,0,1.004,10459,18731,1.540,1.840,1.200,1,0,20.087,0,0,18,296,0,21,0
23-06 10:48:55,21.654,6.222,71.184,0.249,0,5334252,175932,182716,2311848,4659.285,1612.829,0,1186.724,0,33.850,2420,1968,1.540,1.840,1.200,2,0,9.956,0,0,18,296,0,21,0
23-06 10:48:56,24.851,5.271,69.784,0,0,5298872,211268,182716,2311892,4613.792,1463.963,0,208.851,0,15.061,2806,2449,1.540,1.840,1.200,2,0,39.159,0,0,18,296,0,19,0
23-06 10:48:57,23.881,6.717,66.916,0.249,0,5318704,183932,182728,2319384,5313.511,1611.964,0,1094.544,0,23.881,3746,3472,1.540,1.840,1.200,3,0,83.583,0,0,18,296,0,19,0
23-06 10:48:58,20.262,2.752,76.043,0,0,5331836,167248,182748,2322820,12265.010,3935.249,0,784.448,0,13.007,2116,1714,1.540,1.840,1.200,2,0,16.009,0,0,18,296,0,19,0
23-06 10:48:59,14.508,1.751,82.043,0.750,0,5327244,171480,182768,2323144,18356.701,9020.767,0,716.379,0,21.011,1723,1549,1.660,1.860,1.210,1,0,0,0,0,18,297,0,19,0
23-06 10:49:00,8.245,1.249,88.950,0.500,0,5324580,173588,182916,2323552,52484.223,14568.734,0,1898.923,0,57.967,1465,1598,1.660,1.860,1.210,1,1,0,0,0,18,298,0,16,0
23-06 10:49:01,12.738,1.998,83.424,0.749,0,5328500,169160,183096,2323856,137328.212,16622.774,0,2006.162,0,97.910,2252,2395,1.660,1.860,1.210,6,0,0,0,0,18,298,0,16,0
23-06 10:49:02,18.273,1.252,77.850,0.501,0,5328552,168728,183216,2324096,19921.529,11488.723,16.021,1806.315,1.001,89.114,2385,2609,1.660,1.860,1.210,2,1,0,0,0,18,298,0,16,0
23-06 10:49:03,11.011,1.251,86.587,0.250,0,5341852,154952,183264,2324524,277794.333,13617.693,0,704.709,0,27.027,1768,1603,1.660,1.860,1.210,3,1,0,0,0,18,298,0,16,0
23-06 10:49:04,9.735,2.995,85.368,1.248,0,5339588,156616,183672,2324912,172009.471,23201.185,27.957,12380.888,3.994,302.533,2369,2374,1.600,1.840,1.210,3,0,0.998,0,0,18,298,0,16,0
23-06 10:49:05,13.737,1.499,82.173,0.749,0,5331500,157172,183880,2332216,38579.702,15028.860,103.902,2153.973,5.994,95.910,1881,1835,1.600,1.840,1.210,2,0,0,0,0,18,298,0,12,0
23-06 10:49:06,4.250,2.250,90.994,0,0,5330508,151436,183904,2338872,2775761.322,54510.314,0,1751.882,0,12.999,3902,2830,1.600,1.840,1.210,1,0,2.000,0,0,18,298,0,12,0
23-06 10:49:07,6.013,4.009,86.436,0.501,0,5322188,160808,183964,2337796,8711921.935,114171.827,0,5006.780,0,33.071,6906,4013,1.600,1.840,1.210,2,0,2.004,0,0,18,298,0,12,0
23-06 10:49:08,8.260,4.255,83.602,0.501,0,5322872,191056,184120,2307292,7307756.780,95261.745,164.201,13380.398,4.005,81.099,6207,3520,1.600,1.840,1.210,2,0,1.001,0,0,18,298,0,12,0
23-06 10:49:09,21.747,4.250,72.242,1.500,0,5325476,173892,186948,2319004,5237.396,1457.832,0,16706.073,0,374.957,2591,2323,1.640,1.840,1.220,3,0,1.000,0,0,18,298,0,9,0
23-06 10:49:10,23.245,2.500,72.486,0.250,0,5329408,152804,187764,2334960,4517.103,1457.710,0,1495.703,0,44.991,2239,1973,1.640,1.840,1.220,2,0,0,0,0,18,298,0,9,0
23-06 10:49:11,23.240,3.249,71.970,0.250,0,5333064,154024,188116,2329960,4754.998,1619.318,0,1027.567,0,35.985,2290,2000,1.640,1.840,1.220,2,0,0,0,0,18,298,0,9,0
23-06 10:49:12,23.008,6.752,68.525,1.000,0,5338016,224996,188780,2262420,4399.621,1500.553,8.003,2572.948,2.001,120.044,2911,3082,1.640,1.840,1.220,3,0,0,0,0,18,298,0,9,0
23-06 10:49:13,22.982,5.246,70.194,0.500,0,5337256,203376,189732,2283412,4676.272,1618.709,3.997,87190.487,0.999,632.496,3775,4035,1.640,1.840,1.220,2,0,0,0,0,18,298,0,9,0
23-06 10:49:14,23.993,2.999,71.479,0.500,0.250,5345308,166612,191068,2310412,4406.690,1457.567,0,1431.574,0,29.991,2340,1929,1.580,1.830,1.220,2,0,1.000,0,0,18,298,0,9,0
23-06 10:49:15,23.976,3.996,70.430,0.500,0,5335216,220380,190952,2267448,5214.781,1618.380,0,4227.769,0,143.856,2545,2353,1.580,1.830,1.220,2,0,5.994,0,0,18,298,0,9,0
23-06 10:49:16,23.392,5.785,69.170,1.258,0,5335436,195928,191928,2290364,5993.356,1629.887,0,132379.008,0,1226.440,4305,5261,1.580,1.830,1.220,3,0,0,0,0,18,298,0,9,0
23-06 10:49:17,22.621,4.474,71.094,0.497,0,5303604,262296,192044,2255776,6705.688,1956.820,39.773,31285.258,3.977,185.938,2959,2750,1.580,1.830,1.220,2,0,18.892,0,0,18,296,0,3,0
23-06 10:49:18,20.244,5.748,72.478,0.500,0,5311024,249744,192120,2260832,13443.898,4733.556,3.999,1787.455,1.000,52.984,2739,2491,1.580,1.830,1.220,2,0,18.994,0,0,18,296,0,3,0
23-06 10:49:19,22.806,6.015,69.419,0,0,5331964,226688,192200,2262864,5717.929,1718.186,0,914.227,0,143.349,10262,18395,1.540,1.820,1.210,2,0,7.017,0,0,18,296,0,3,0
23-06 10:49:20,21.239,6.247,71.963,0,0,5304096,254112,192248,2263244,4737.585,1619.174,0,551.719,0,10.994,3616,4484,1.540,1.820,1.210,3,0,11.994,0,0,18,296,0,3,0
23-06 10:49:21,21.714,6.988,69.883,0.250,0,5312988,245160,192256,2263296,4717.124,1455.570,0,2655.566,0,24.958,8078,14198,1.540,1.820,1.210,2,0,14.975,0,0,18,296,0,2,0
23-06 10:49:22,21.874,5.280,71.655,0,0,5292340,273228,192256,2255908,4344.539,1671.441,0,836.726,0,36.204,2509,2238,1.540,1.820,1.210,1,0,6.034,0,0,18,296,0,2,0
23-06 10:49:23,21.623,4.971,72.077,0.746,0,5323732,238732,192256,2259012,4670.614,1491.256,636.269,1976.411,13.918,32.808,2211,1974,1.540,1.820,1.210,2,0,0,0,0,18,297,0,2,0
23-06 10:49:24,24.856,4.017,67.538,1.004,0,5324272,237232,192256,2259980,4820.553,1626.937,518.209,1779.587,32.137,212.908,6868,9935,1.490,1.800,1.210,2,0,1.004,0,0,18,299,0,9,0
23-06 10:49:25,18.273,12.266,66.585,0.751,0,5262220,298480,192256,2260800,4467.712,1243.590,628.804,849.086,33.042,104.133,5540,6154,1.490,1.800,1.210,2,0,159.204,0,0,18,298,0,9,0
23-06 10:49:26,8.515,19.535,68.622,0.501,0,5268652,291836,192256,2261012,3399.062,757.351,100.179,1402.501,4.007,90.161,5272,4028,1.490,1.800,1.210,2,0,264.472,0,0,18,298,0,9,0
23-06 10:49:27,18.240,9.245,62.217,8.745,0,5249928,278200,192256,2293372,4617.578,1619.151,32422.993,667.650,1439.245,20.989,5155,9996,1.490,1.800,1.210,2,0,61.967,0,0,18,298,0,12,0
23-06 10:49:28,6.956,2.981,81.481,6.459,0,5251280,269884,192256,2300336,4918.695,2457.360,6836.490,4137.666,1217.253,173.893,3122,4744,1.490,1.800,1.210,3,0,5.962,0,0,18,299,0,12,0
23-06 10:49:29,1.996,0.748,95.797,0,0,5251280,269884,192256,2300336,45119.277,4238.009,0,111.763,0,10.977,1035,1418,1.370,1.770,1.210,1,0,0,0,0,18,299,0,11,0
23-06 10:49:30,4.998,2.749,90.706,0,0,5235180,285564,192280,2300764,60601.762,126273.078,619.701,2378.852,18.991,305.852,1715,1706,1.370,1.770,1.210,2,0,11.994,0,0,18,298,0,11,0
23-06 10:49:31,2.251,1.001,96.304,0.250,0,5228876,291868,192280,2300764,3486.970,648.366,0,360.204,0,12.007,1127,1711,1.370,1.770,1.210,2,0,0,0,0,18,298,0,11,0
23-06 10:49:32,2.506,0.501,95.244,0.251,0,5223160,297580,192280,2300768,4682.003,1353.470,0,340.874,0,37.095,1338,2024,1.370,1.770,1.210,1,0,0,0,0,18,298,0,11,0
23-06 10:49:33,0.500,0.750,97.554,0,0,5222048,298692,192280,2300768,5282.937,1620.901,0,0,0,0,882,1324,1.370,1.770,1.210,1,0,0,0,0,18,298,0,11,0
23-06 10:49:34,1.498,0.749,97.115,0,0.250,5220876,299860,192280,2300772,4913.195,1617.759,0,79.889,0,8.988,985,1409,1.260,1.740,1.200,1,0,0.999,0,0,18,298,0,11,0
23-06 10:49:35,2.004,0.501,96.183,0.250,0,5220500,300220,192280,2300788,5530.541,1623.094,16.031,448.856,1.002,39.074,1320,1976,1.260,1.740,1.200,1,0,0,0,0,18,298,0,11,0
23-06 10:49:36,1.250,0.750,97.010,0,0,5220500,300220,192280,2300788,4549.453,1512.151,0,316.031,0,23.002,858,1290,1.260,1.740,1.200,1,0,0,0,0,18,298,0,11,0
23-06 10:49:37,0.999,0.500,97.184,0,0,5220432,300284,192280,2300792,4616.869,1618.902,0,0,0,0,889,1298,1.260,1.740,1.200,1,0,0,0,0,18,298,0,11,0
23-06 10:49:38,1.248,0.499,97.588,0,0,5217440,303276,192280,2300792,4552.426,1617.309,0,3.993,0,0.998,816,1283,1.260,1.740,1.200,1,0,0,0,0,18,298,0,11,0
23-06 10:49:39,1.250,0.750,97.232,0,0,5216056,304656,192280,2300796,4845.095,1565.708,0,0,0,0,965,1349,1.160,1.710,1.190,1,0,2.000,0,0,18,298,0,11,0
23-06 10:49:40,1.251,0.751,97.077,0,0,5215476,305236,192280,2300796,4475.549,1513.200,0,0,0,0,862,1230,1.160,1.710,1.190,1,0,0,0,0,18,298,0,11,0
23-06 10:49:41,1.500,0.500,97.010,0.250,0,5215472,305236,192280,2300800,4461.454,1404.143,0,68.007,0,9.001,878,1307,1.160,1.710,1.190,1,0,0,0,0,18,298,0,11,0
23-06 10:49:42,1.989,0.497,94.468,0.249,0,5215468,305236,192280,2300804,4289.829,1127.646,0,186.947,0,21.877,1292,1883,1.160,1.710,1.190,1,0,0,0,0,18,298,0,11,0
23-06 10:49:43,2.013,0.755,96.889,0.503,0,5215420,305236,192280,2300852,5302.982,1576.399,48.319,221.461,2.013,15.100,993,1386,1.160,1.710,1.190,2,0,0,0,0,18,298,0,11,0
23-06 10:49:44,1.499,0.999,96.923,0,0,5215416,305236,192280,2300856,4290.591,1510.800,0,7.994,0,1.998,948,1300,1.070,1.680,1.180,1,0,0.999,0,0,18,298,0,11,0
23-06 10:49:45,1.000,0.500,96.992,0,0,5215408,305236,192280,2300864,4397.637,1457.880,0,99.992,0,11.999,1071,1689,1.070,1.680,1.180,2,0,0,0,0,18,298,0,11,0
23-06 10:49:46,1.496,0.748,96.480,0.249,0,5215408,305236,192284,2300860,4384.733,1615.480,0,370.962,0,29.916,1221,1790,1.070,1.680,1.180,1,0,0,0,0,18,298,0,11,0
23-06 10:49:47,1.753,0.751,96.180,0,0,5215396,305236,192284,2300872,5007.389,1460.739,0,84.158,0,13.024,1194,1708,1.070,1.680,1.180,1,0,0,0,0,18,298,0,11,0
23-06 10:49:48,1.249,3.498,93.449,0,0,5215392,305236,192284,2300880,4515.558,1457.212,0,86821.057,0,837.547,2316,2806,1.070,1.680,1.180,1,0,0,0,0,18,298,0,11,0
23-06 10:49:49,1.001,1.001,97.620,0,0,5215392,305236,192284,2300880,4685.752,1621.991,0,0,0,0,917,1264,0.980,1.660,1.180,1,0,0,0,0,18,298,0,11,0
23-06 10:49:50,1.750,0.750,96.777,0,0,5215532,305236,192284,2300880,4261.184,1620.450,0,288.080,0,22.006,1116,1508,0.980,1.660,1.180,1,0,0,0,0,18,298,0,11,0
23-06 10:49:51,0.751,0.751,97.107,0.250,0,5215528,305236,192284,2300884,4487.947,1567.728,0,784.865,0,164.181,939,1234,0.980,1.660,1.180,1,0,0,0,0,18,298,0,11,0
23-06 10:49:52,1.749,0.500,96.186,0,0,5215528,305236,192284,2300884,4017.317,1618.919,0,115.923,0,16.989,1198,1769,0.980,1.660,1.180,1,0,0,0,0,18,298,0,11,0
23-06 10:49:53,1.249,1.249,96.641,0,0,5215380,305384,192284,2300884,4706.695,1510.298,0,2852.785,0,29.966,1025,1516,0.980,1.660,1.180,1,0,0,0,0,18,298,0,11,0
23-06 10:49:54,0.750,1.000,96.736,0.750,0,5215272,305488,192288,2300884,4379.380,1619.771,0,1875.734,0,107.985,1152,1763,0.900,1.630,1.170,1,0,1.000,0,0,18,298,0,11,0
23-06 10:49:55,1.248,0.499,96.358,0.250,0,5215272,305488,192288,2300884,4673.118,1617.618,0,1789.365,0,88.869,1218,1878,0.900,1.630,1.170,2,0,0,0,0,18,298,0,11,0
23-06 10:49:56,1.510,0.755,96.908,0.252,0,5215272,305488,192288,2300884,4445.163,1467.961,0,430.924,0,32.219,971,1390,0.900,1.630,1.170,0,0,0,0,0,18,298,0,11,0
23-06 10:49:57,2.487,0.995,95.738,0,0,5215140,305488,192288,2301016,6087.428,1611.378,3.979,55.702,0.995,5.968,1177,1595,0.900,1.630,1.170,1,0,0,0,0,18,298,0,11,0
23-06 10:49:58,3.751,2.000,92.766,0.250,0,5216012,304568,192288,2301064,5909.021,1458.252,8.001,328.057,1.000,18.003,1510,1989,0.900,1.630,1.170,1,0,3.001,0,0,18,298,0,11,0
23-06 10:49:59,4.258,1.002,93.676,0,0,5215908,304592,192288,2301144,5891.048,1623.044,48.090,16.030,3.006,1.002,1474,1754,0.830,1.600,1.170,1,0,2.004,0,0,18,298,0,13,0
23-06 10:50:00,2.247,0.749,95.622,0,0,5215904,304592,192288,2301148,4146.435,1012.641,0,151.796,0,12.983,1285,1807,0.830,1.600,1.170,1,0,0.999,0,0,18,298,0,13,0
23-06 10:50:01,6.997,2.499,89.212,0,0,5229984,290508,192292,2301148,272133.574,2484.928,0,863.627,0,169.927,1632,1856,0.830,1.600,1.170,2,0,6.997,0,0,18,298,0,13,0
23-06 10:50:02,11.579,5.035,82.315,0,0,5226156,294300,192316,2301160,284252.581,9338.079,225.548,330.266,19.131,25.173,2870,2704,0.830,1.600,1.170,2,0,32.221,0,0,18,298,0,13,0
23-06 10:50:03,14.482,5.743,77.405,0.499,0,5227944,289020,192320,2304648,145881.024,3793.346,155.809,479.412,3.995,12.984,2510,1937,0.830,1.600,1.170,2,0,27.966,0,0,18,298,0,13,0
