Apr 13 18:42:16 ubuntu devstack@g-api.service[115713]: DEBUG glance.common.config [None req-886a393c-045c-4740-bca9-f47390ffa0e9 None None] oslo_messaging_rabbit.kombu_compression = None {{(pid=115713) log_opt_values /opt/stack/data/venv/lib/python3.12/site-packages/oslo_config/cfg.py:3006}}
Apr 13 18:42:16 ubuntu devstack@g-api.service[115714]: WSGI app 0 (mountpoint='') ready in 2 seconds on interpreter 0x7626694a3668 pid: 115714 (default app)
Apr 13 18:42:16 ubuntu devstack@g-api.service[115713]: DEBUG glance.common.config [None req-886a393c-045c-4740-bca9-f47390ffa0e9 None None] oslo_messaging_rabbit.kombu_failover_strategy = round-robin {{(pid=115713) log_opt_values /opt/stack/data/venv/lib/python3.12/site-packages/oslo_config/cfg.py:3006}}
Apr 13 18:42:16 ubuntu devstack@g-api.service[115713]: DEBUG glance.common.config [None req-886a393c-045c-4740-bca9-f47390ffa0e9 None None] oslo_messaging_rabbit.kombu_missing_consumer_retry_timeout = 60 {{(pid=115713) log_opt_values /opt/stack/data/venv/lib/python3.12/site-packages/oslo_config/cfg.py:3006}}
Apr 13 18:42:16 ubuntu devstack@g-api.service[115713]: DEBUG glance.common.config [None req-886a393c-045c-4740-bca9-f47390ffa0e9 None None] oslo_messaging_rabbit.kombu_reconnect_delay = 1.0 {{(pid=115713) log_opt_values /opt/stack/data/venv/lib/python3.12/site-packages/oslo_config/cfg.py:3006}}
Apr 13 18:42:16 ubuntu devstack@g-api.service[115713]: DEBUG glance.common.config [None req-886a393c-045c-4740-bca9-f47390ffa0e9 None None] oslo_messaging_rabbit.kombu_reconnect_splay = 0.0 {{(pid=115713) log_opt_values /opt/stack/data/venv/lib/python3.12/site-packages/oslo_config/cfg.py:3006}}
Apr 13 18:42:16 ubuntu devstack@g-api.service[115713]: DEBUG glance.common.config [None req-886a393c-045c-4740-bca9-f47390ffa0e9 None None] oslo_messaging_rabbit.processname = uwsgi {{(pid=115713) log_opt_values /opt/stack/data/venv/lib/python3.12/site-packages/oslo_config/cfg.py:3006}}
Apr 13 18:42:16 ubuntu devstack@g-api.service[115713]: DEBUG glance.common.config [None req-886a393c-045c-4740-bca9-f47390ffa0e9 None None] oslo_messaging_rabbit.rabbit_ha_queues = False {{(pid=115713) log_opt_values /opt/stack/data/venv/lib/python3.12/site-packages/oslo_config/cfg.py:3006}}
Apr 13 18:42:16 ubuntu devstack@g-api.service[115714]: DEBUG glance.api.middleware.version_negotiation [None req-0483d493-a016-43e5-befe-e71b5fa4af32 None None] Determining version of request: GET / Accept: */* {{(pid=115714) process_request /opt/stack/glance/glance/api/middleware/version_negotiation.py:44}}
Apr 13 18:42:16 ubuntu devstack@g-api.service[115713]: DEBUG glance.common.config [None req-886a393c-045c-4740-bca9-f47390ffa0e9 None None] oslo_messaging_rabbit.rabbit_interval_max = 30 {{(pid=115713) log_opt_values /opt/stack/data/venv/lib/python3.12/site-packages/oslo_config/cfg.py:3006}}
Apr 13 18:42:16 ubuntu devstack@g-api.service[115714]: DEBUG glance.api.middleware.version_negotiation [None req-0483d493-a016-43e5-befe-e71b5fa4af32 None None] Using url versioning {{(pid=115714) process_request /opt/stack/glance/glance/api/middleware/version_negotiation.py:57}}
Apr 13 18:42:16 ubuntu devstack@g-api.service[115713]: DEBUG glance.common.config [None req-886a393c-045c-4740-bca9-f47390ffa0e9 None None] oslo_messaging_rabbit.rabbit_login_method = AMQPLAIN {{(pid=115713) log_opt_values /opt/stack/data/venv/lib/python3.12/site-packages/oslo_config/cfg.py:3006}}
Apr 13 18:42:16 ubuntu devstack@g-api.service[115713]: DEBUG glance.common.config [None req-886a393c-045c-4740-bca9-f47390ffa0e9 None None] oslo_messaging_rabbit.rabbit_qos_prefetch_count = 0 {{(pid=115713) log_opt_values /opt/stack/data/venv/lib/python3.12/site-packages/oslo_config/cfg.py:3006}}
Apr 13 18:42:16 ubuntu devstack@g-api.service[115713]: DEBUG glance.common.config [None req-886a393c-045c-4740-bca9-f47390ffa0e9 None None] oslo_messaging_rabbit.rabbit_quorum_delivery_limit = 0 {{(pid=115713) log_opt_values /opt/stack/data/venv/lib/python3.12/site-packages/oslo_config/cfg.py:3006}}
Apr 13 18:42:16 ubuntu devstack@g-api.service[115713]: DEBUG glance.common.config [None req-886a393c-045c-4740-bca9-f47390ffa0e9 None None] oslo_messaging_rabbit.rabbit_quorum_max_memory_bytes = 0 {{(pid=115713) log_opt_values /opt/stack/data/venv/lib/python3.12/site-packages/oslo_config/cfg.py:3006}}
Apr 13 18:42:16 ubuntu devstack@g-api.service[115713]: DEBUG glance.common.config [None req-886a393c-045c-4740-bca9-f47390ffa0e9 None None] oslo_messaging_rabbit.rabbit_quorum_max_memory_length = 0 {{(pid=115713) log_opt_values /opt/stack/data/venv/lib/python3.12/site-packages/oslo_config/cfg.py:3006}}
Apr 13 18:42:16 ubuntu devstack@g-api.service[115713]: DEBUG glance.common.config [None req-886a393c-045c-4740-bca9-f47390ffa0e9 None None] oslo_messaging_rabbit.rabbit_quorum_queue = False {{(pid=115713) log_opt_values /opt/stack/data/venv/lib/python3.12/site-packages/oslo_config/cfg.py:3006}}
Apr 13 18:42:16 ubuntu devstack@g-api.service[115713]: DEBUG glance.common.config [None req-886a393c-045c-4740-bca9-f47390ffa0e9 None None] oslo_messaging_rabbit.rabbit_retry_backoff = 2 {{(pid=115713) log_opt_values /opt/stack/data/venv/lib/python3.12/site-packages/oslo_config/cfg.py:3006}}
Apr 13 18:42:16 ubuntu devstack@g-api.service[115713]: DEBUG glance.common.config [None req-886a393c-045c-4740-bca9-f47390ffa0e9 None None] oslo_messaging_rabbit.rabbit_retry_interval = 1 {{(pid=115713) log_opt_values /opt/stack/data/venv/lib/python3.12/site-packages/oslo_config/cfg.py:3006}}
Apr 13 18:42:16 ubuntu devstack@g-api.service[115713]: DEBUG glance.common.config [None req-886a393c-045c-4740-bca9-f47390ffa0e9 None None] oslo_messaging_rabbit.rabbit_stream_fanout = False {{(pid=115713) log_opt_values /opt/stack/data/venv/lib/python3.12/site-packages/oslo_config/cfg.py:3006}}
Apr 13 18:42:16 ubuntu devstack@g-api.service[115713]: DEBUG glance.common.config [None req-886a393c-045c-4740-bca9-f47390ffa0e9 None None] oslo_messaging_rabbit.rabbit_transient_queues_ttl = 1800 {{(pid=115713) log_opt_values /opt/stack/data/venv/lib/python3.12/site-packages/oslo_config/cfg.py:3006}}
Apr 13 18:42:16 ubuntu devstack@g-api.service[115713]: DEBUG glance.common.config [None req-886a393c-045c-4740-bca9-f47390ffa0e9 None None] oslo_messaging_rabbit.rabbit_transient_quorum_queue = False {{(pid=115713) log_opt_values /opt/stack/data/venv/lib/python3.12/site-packages/oslo_config/cfg.py:3006}}
Apr 13 18:42:16 ubuntu devstack@g-api.service[115713]: DEBUG glance.common.config [None req-886a393c-045c-4740-bca9-f47390ffa0e9 None None] oslo_messaging_rabbit.rpc_conn_pool_size = 30 {{(pid=115713) log_opt_values /opt/stack/data/venv/lib/python3.12/site-packages/oslo_config/cfg.py:3006}}
Apr 13 18:42:16 ubuntu devstack@g-api.service[115713]: DEBUG glance.common.config [None req-886a393c-045c-4740-bca9-f47390ffa0e9 None None] oslo_messaging_rabbit.ssl      = False {{(pid=115713) log_opt_values /opt/stack/data/venv/lib/python3.12/site-packages/oslo_config/cfg.py:3006}}
Apr 13 18:42:16 ubuntu devstack@g-api.service[115713]: DEBUG glance.common.config [None req-886a393c-045c-4740-bca9-f47390ffa0e9 None None] oslo_messaging_rabbit.ssl_ca_file =  {{(pid=115713) log_opt_values /opt/stack/data/venv/lib/python3.12/site-packages/oslo_config/cfg.py:3006}}
Apr 13 18:42:16 ubuntu devstack@g-api.service[115713]: DEBUG glance.common.config [None req-886a393c-045c-4740-bca9-f47390ffa0e9 None None] oslo_messaging_rabbit.ssl_cert_file =  {{(pid=115713) log_opt_values /opt/stack/data/venv/lib/python3.12/site-packages/oslo_config/cfg.py:3006}}
Apr 13 18:42:16 ubuntu devstack@g-api.service[115713]: DEBUG glance.common.config [None req-886a393c-045c-4740-bca9-f47390ffa0e9 None None] oslo_messaging_rabbit.ssl_enforce_fips_mode = False {{(pid=115713) log_opt_values /opt/stack/data/venv/lib/python3.12/site-packages/oslo_config/cfg.py:3006}}
Apr 13 18:42:16 ubuntu devstack@g-api.service[115713]: DEBUG glance.common.config [None req-886a393c-045c-4740-bca9-f47390ffa0e9 None None] oslo_messaging_rabbit.ssl_key_file =  {{(pid=115713) log_opt_values /opt/stack/data/venv/lib/python3.12/site-packages/oslo_config/cfg.py:3006}}
Apr 13 18:42:16 ubuntu devstack@g-api.service[115713]: DEBUG glance.common.config [None req-886a393c-045c-4740-bca9-f47390ffa0e9 None None] oslo_messaging_rabbit.ssl_version =  {{(pid=115713) log_opt_values /opt/stack/data/venv/lib/python3.12/site-packages/oslo_config/cfg.py:3006}}
Apr 13 18:42:16 ubuntu devstack@g-api.service[115713]: DEBUG glance.common.config [None req-886a393c-045c-4740-bca9-f47390ffa0e9 None None] oslo_messaging_rabbit.use_queue_manager = False {{(pid=115713) log_opt_values /opt/stack/data/venv/lib/python3.12/site-packages/oslo_config/cfg.py:3006}}
Apr 13 18:42:16 ubuntu devstack@g-api.service[115713]: DEBUG glance.common.config [None req-886a393c-045c-4740-bca9-f47390ffa0e9 None None] key_manager.backend            = barbican {{(pid=115713) log_opt_values /opt/stack/data/venv/lib/python3.12/site-packages/oslo_config/cfg.py:3006}}
Apr 13 18:42:16 ubuntu devstack@g-api.service[115713]: DEBUG glance.common.config [None req-886a393c-045c-4740-bca9-f47390ffa0e9 None None] key_manager.fixed_key          = None {{(pid=115713) log_opt_values /opt/stack/data/venv/lib/python3.12/site-packages/oslo_config/cfg.py:3006}}
Apr 13 18:42:16 ubuntu devstack@g-api.service[115713]: DEBUG glance.common.config [None req-886a393c-045c-4740-bca9-f47390ffa0e9 None None] barbican.auth_endpoint         = http://localhost/identity/v3 {{(pid=115713) log_opt_values /opt/stack/data/venv/lib/python3.12/site-packages/oslo_config/cfg.py:3006}}
Apr 13 18:42:16 ubuntu devstack@g-api.service[115713]: DEBUG glance.common.config [None req-886a393c-045c-4740-bca9-f47390ffa0e9 None None] barbican.barbican_api_version  = None {{(pid=115713) log_opt_values /opt/stack/data/venv/lib/python3.12/site-packages/oslo_config/cfg.py:3006}}
Apr 13 18:42:16 ubuntu devstack@g-api.service[115713]: DEBUG glance.common.config [None req-886a393c-045c-4740-bca9-f47390ffa0e9 None None] barbican.barbican_endpoint     = None {{(pid=115713) log_opt_values /opt/stack/data/venv/lib/python3.12/site-packages/oslo_config/cfg.py:3006}}
Apr 13 18:42:16 ubuntu devstack@g-api.service[115714]: DEBUG glance.api.middleware.version_negotiation [None req-0483d493-a016-43e5-befe-e71b5fa4af32 None None] Unknown version. Returning version choices. {{(pid=115714) process_request /opt/stack/glance/glance/api/middleware/version_negotiation.py:64}}
Apr 13 18:42:16 ubuntu devstack@g-api.service[115713]: DEBUG glance.common.config [None req-886a393c-045c-4740-bca9-f47390ffa0e9 None None] barbican.barbican_endpoint_type = public {{(pid=115713) log_opt_values /opt/stack/data/venv/lib/python3.12/site-packages/oslo_config/cfg.py:3006}}
Apr 13 18:42:16 ubuntu devstack@g-api.service[115713]: DEBUG glance.common.config [None req-886a393c-045c-4740-bca9-f47390ffa0e9 None None] barbican.barbican_region_name  = None {{(pid=115713) log_opt_values /opt/stack/data/venv/lib/python3.12/site-packages/oslo_config/cfg.py:3006}}
Apr 13 18:42:16 ubuntu devstack@g-api.service[115713]: DEBUG glance.common.config [None req-886a393c-045c-4740-bca9-f47390ffa0e9 None None] barbican.cafile                = None {{(pid=115713) log_opt_values /opt/stack/data/venv/lib/python3.12/site-packages/oslo_config/cfg.py:3006}}
Apr 13 18:42:16 ubuntu devstack@g-api.service[115713]: DEBUG glance.common.config [None req-886a393c-045c-4740-bca9-f47390ffa0e9 None None] barbican.certfile              = None {{(pid=115713) log_opt_values /opt/stack/data/venv/lib/python3.12/site-packages/oslo_config/cfg.py:3006}}
Apr 13 18:42:16 ubuntu devstack@g-api.service[115713]: DEBUG glance.common.config [None req-886a393c-045c-4740-bca9-f47390ffa0e9 None None] barbican.collect_timing        = False {{(pid=115713) log_opt_values /opt/stack/data/venv/lib/python3.12/site-packages/oslo_config/cfg.py:3006}}
Apr 13 18:42:16 ubuntu devstack@g-api.service[115713]: DEBUG glance.common.config [None req-886a393c-045c-4740-bca9-f47390ffa0e9 None None] barbican.insecure              = False {{(pid=115713) log_opt_values /opt/stack/data/venv/lib/python3.12/site-packages/oslo_config/cfg.py:3006}}
Apr 13 18:42:16 ubuntu devstack@g-api.service[115713]: DEBUG glance.common.config [None req-886a393c-045c-4740-bca9-f47390ffa0e9 None None] barbican.keyfile               = None {{(pid=115713) log_opt_values /opt/stack/data/venv/lib/python3.12/site-packages/oslo_config/cfg.py:3006}}
Apr 13 18:42:16 ubuntu devstack@g-api.service[115714]: [pid: 115714|app: 0|req: 1/1] 127.0.0.1 () {32 vars in 387 bytes} [Mon Apr 13 18:42:16 2026] GET / => generated 1420 bytes in 3 msecs (HTTP/1.1 300) 3 headers in 106 bytes (1 switches on core 0)
Apr 13 18:42:16 ubuntu devstack@g-api.service[115713]: DEBUG glance.common.config [None req-886a393c-045c-4740-bca9-f47390ffa0e9 None None] barbican.number_of_retries     = 60 {{(pid=115713) log_opt_values /opt/stack/data/venv/lib/python3.12/site-packages/oslo_config/cfg.py:3006}}
Apr 13 18:42:16 ubuntu devstack@g-api.service[115713]: DEBUG glance.common.config [None req-886a393c-045c-4740-bca9-f47390ffa0e9 None None] barbican.retry_delay           = 1 {{(pid=115713) log_opt_values /opt/stack/data/venv/lib/python3.12/site-packages/oslo_config/cfg.py:3006}}
Apr 13 18:42:16 ubuntu devstack@g-api.service[115713]: DEBUG glance.common.config [None req-886a393c-045c-4740-bca9-f47390ffa0e9 None None] barbican.send_service_user_token = False {{(pid=115713) log_opt_values /opt/stack/data/venv/lib/python3.12/site-packages/oslo_config/cfg.py:3006}}
Apr 13 18:42:16 ubuntu devstack@g-api.service[115713]: DEBUG glance.common.config [None req-886a393c-045c-4740-bca9-f47390ffa0e9 None None] barbican.split_loggers         = False {{(pid=115713) log_opt_values /opt/stack/data/venv/lib/python3.12/site-packages/oslo_config/cfg.py:3006}}
Apr 13 18:42:16 ubuntu devstack@g-api.service[115713]: DEBUG glance.common.config [None req-886a393c-045c-4740-bca9-f47390ffa0e9 None None] barbican.timeout               = None {{(pid=115713) log_opt_values /opt/stack/data/venv/lib/python3.12/site-packages/oslo_config/cfg.py:3006}}
Apr 13 18:42:16 ubuntu devstack@g-api.service[115713]: DEBUG glance.common.config [None req-886a393c-045c-4740-bca9-f47390ffa0e9 None None] barbican.verify_ssl            = True {{(pid=115713) log_opt_values /opt/stack/data/venv/lib/python3.12/site-packages/oslo_config/cfg.py:3006}}
Apr 13 18:42:16 ubuntu devstack@g-api.service[115713]: DEBUG glance.common.config [None req-886a393c-045c-4740-bca9-f47390ffa0e9 None None] barbican.verify_ssl_path       = None {{(pid=115713) log_opt_values /opt/stack/data/venv/lib/python3.12/site-packages/oslo_config/cfg.py:3006}}
Apr 13 18:42:16 ubuntu devstack@g-api.service[115713]: DEBUG glance.common.config [None req-886a393c-045c-4740-bca9-f47390ffa0e9 None None] barbican_service_user.auth_section = None {{(pid=115713) log_opt_values /opt/stack/data/venv/lib/python3.12/site-packages/oslo_config/cfg.py:3006}}
Apr 13 18:42:16 ubuntu devstack@g-api.service[115713]: DEBUG glance.common.config [None req-886a393c-045c-4740-bca9-f47390ffa0e9 None None] barbican_service_user.auth_type = None {{(pid=115713) log_opt_values /opt/stack/data/venv/lib/python3.12/site-packages/oslo_config/cfg.py:3006}}
Apr 13 18:42:16 ubuntu devstack@g-api.service[115713]: DEBUG glance.common.config [None req-886a393c-045c-4740-bca9-f47390ffa0e9 None None] barbican_service_user.cafile   = None {{(pid=115713) log_opt_values /opt/stack/data/venv/lib/python3.12/site-packages/oslo_config/cfg.py:3006}}
Apr 13 18:42:16 ubuntu devstack@g-api.service[115713]: DEBUG glance.common.config [None req-886a393c-045c-4740-bca9-f47390ffa0e9 None None] barbican_service_user.certfile = None {{(pid=115713) log_opt_values /opt/stack/data/venv/lib/python3.12/site-packages/oslo_config/cfg.py:3006}}
Apr 13 18:42:16 ubuntu devstack@g-api.service[115713]: DEBUG glance.common.config [None req-886a393c-045c-4740-bca9-f47390ffa0e9 None None] barbican_service_user.collect_timing = False {{(pid=115713) log_opt_values /opt/stack/data/venv/lib/python3.12/site-packages/oslo_config/cfg.py:3006}}
Apr 13 18:42:16 ubuntu devstack@g-api.service[115713]: DEBUG glance.common.config [None req-886a393c-045c-4740-bca9-f47390ffa0e9 None None] barbican_service_user.insecure = False {{(pid=115713) log_opt_values /opt/stack/data/venv/lib/python3.12/site-packages/oslo_config/cfg.py:3006}}
Apr 13 18:42:16 ubuntu devstack@g-api.service[115713]: DEBUG glance.common.config [None req-886a393c-045c-4740-bca9-f47390ffa0e9 None None] barbican_service_user.keyfile  = None {{(pid=115713) log_opt_values /opt/stack/data/venv/lib/python3.12/site-packages/oslo_config/cfg.py:3006}}
Apr 13 18:42:16 ubuntu devstack@g-api.service[115713]: DEBUG glance.common.config [None req-886a393c-045c-4740-bca9-f47390ffa0e9 None None] barbican_service_user.split_loggers = False {{(pid=115713) log_opt_values /opt/stack/data/venv/lib/python3.12/site-packages/oslo_config/cfg.py:3006}}
Apr 13 18:42:16 ubuntu devstack@g-api.service[115713]: DEBUG glance.common.config [None req-886a393c-045c-4740-bca9-f47390ffa0e9 None None] barbican_service_user.timeout  = None {{(pid=115713) log_opt_values /opt/stack/data/venv/lib/python3.12/site-packages/oslo_config/cfg.py:3006}}
Apr 13 18:42:16 ubuntu devstack@g-api.service[115713]: DEBUG glance.common.config [None req-886a393c-045c-4740-bca9-f47390ffa0e9 None None] database.asyncio_connection    = **** {{(pid=115713) log_opt_values /opt/stack/data/venv/lib/python3.12/site-packages/oslo_config/cfg.py:3006}}
Apr 13 18:42:16 ubuntu devstack@g-api.service[115713]: DEBUG glance.common.config [None req-886a393c-045c-4740-bca9-f47390ffa0e9 None None] database.asyncio_slave_connection = **** {{(pid=115713) log_opt_values /opt/stack/data/venv/lib/python3.12/site-packages/oslo_config/cfg.py:3006}}
Apr 13 18:42:16 ubuntu devstack@g-api.service[115713]: DEBUG glance.common.config [None req-886a393c-045c-4740-bca9-f47390ffa0e9 None None] database.backend               = sqlalchemy {{(pid=115713) log_opt_values /opt/stack/data/venv/lib/python3.12/site-packages/oslo_config/cfg.py:3006}}
Apr 13 18:42:16 ubuntu devstack@g-api.service[115713]: DEBUG glance.common.config [None req-886a393c-045c-4740-bca9-f47390ffa0e9 None None] database.connection            = **** {{(pid=115713) log_opt_values /opt/stack/data/venv/lib/python3.12/site-packages/oslo_config/cfg.py:3006}}
Apr 13 18:42:16 ubuntu devstack@g-api.service[115713]: DEBUG glance.common.config [None req-886a393c-045c-4740-bca9-f47390ffa0e9 None None] database.connection_debug      = 0 {{(pid=115713) log_opt_values /opt/stack/data/venv/lib/python3.12/site-packages/oslo_config/cfg.py:3006}}
Apr 13 18:42:16 ubuntu devstack@g-api.service[115713]: DEBUG glance.common.config [None req-886a393c-045c-4740-bca9-f47390ffa0e9 None None] database.connection_parameters =  {{(pid=115713) log_opt_values /opt/stack/data/venv/lib/python3.12/site-packages/oslo_config/cfg.py:3006}}
Apr 13 18:42:16 ubuntu devstack@g-api.service[115713]: DEBUG glance.common.config [None req-886a393c-045c-4740-bca9-f47390ffa0e9 None None] database.connection_recycle_time = 3600 {{(pid=115713) log_opt_values /opt/stack/data/venv/lib/python3.12/site-packages/oslo_config/cfg.py:3006}}
Apr 13 18:42:16 ubuntu devstack@g-api.service[115713]: DEBUG glance.common.config [None req-886a393c-045c-4740-bca9-f47390ffa0e9 None None] database.connection_trace      = False {{(pid=115713) log_opt_values /opt/stack/data/venv/lib/python3.12/site-packages/oslo_config/cfg.py:3006}}
Apr 13 18:42:16 ubuntu devstack@g-api.service[115713]: DEBUG glance.common.config [None req-886a393c-045c-4740-bca9-f47390ffa0e9 None None] database.db_inc_retry_interval = True {{(pid=115713) log_opt_values /opt/stack/data/venv/lib/python3.12/site-packages/oslo_config/cfg.py:3006}}
Apr 13 18:42:16 ubuntu devstack@g-api.service[115713]: DEBUG glance.common.config [None req-886a393c-045c-4740-bca9-f47390ffa0e9 None None] database.db_max_retries        = 20 {{(pid=115713) log_opt_values /opt/stack/data/venv/lib/python3.12/site-packages/oslo_config/cfg.py:3006}}
Apr 13 18:42:16 ubuntu devstack@g-api.service[115713]: DEBUG glance.common.config [None req-886a393c-045c-4740-bca9-f47390ffa0e9 None None] database.db_max_retry_interval = 10 {{(pid=115713) log_opt_values /opt/stack/data/venv/lib/python3.12/site-packages/oslo_config/cfg.py:3006}}
Apr 13 18:42:16 ubuntu devstack@g-api.service[115713]: DEBUG glance.common.config [None req-886a393c-045c-4740-bca9-f47390ffa0e9 None None] database.db_retry_interval     = 1 {{(pid=115713) log_opt_values /opt/stack/data/venv/lib/python3.12/site-packages/oslo_config/cfg.py:3006}}
Apr 13 18:42:16 ubuntu devstack@g-api.service[115713]: DEBUG glance.common.config [None req-886a393c-045c-4740-bca9-f47390ffa0e9 None None] database.max_overflow          = 50 {{(pid=115713) log_opt_values /opt/stack/data/venv/lib/python3.12/site-packages/oslo_config/cfg.py:3006}}
Apr 13 18:42:16 ubuntu devstack@g-api.service[115713]: DEBUG glance.common.config [None req-886a393c-045c-4740-bca9-f47390ffa0e9 None None] database.max_pool_size         = 5 {{(pid=115713) log_opt_values /opt/stack/data/venv/lib/python3.12/site-packages/oslo_config/cfg.py:3006}}
Apr 13 18:42:16 ubuntu devstack@g-api.service[115713]: DEBUG glance.common.config [None req-886a393c-045c-4740-bca9-f47390ffa0e9 None None] database.max_retries           = 10 {{(pid=115713) log_opt_values /opt/stack/data/venv/lib/python3.12/site-packages/oslo_config/cfg.py:3006}}
Apr 13 18:42:16 ubuntu devstack@g-api.service[115713]: DEBUG glance.common.config [None req-886a393c-045c-4740-bca9-f47390ffa0e9 None None] database.mysql_sql_mode        = TRADITIONAL {{(pid=115713) log_opt_values /opt/stack/data/venv/lib/python3.12/site-packages/oslo_config/cfg.py:3006}}
Apr 13 18:42:16 ubuntu devstack@g-api.service[115713]: DEBUG glance.common.config [None req-886a393c-045c-4740-bca9-f47390ffa0e9 None None] database.mysql_wsrep_sync_wait = None {{(pid=115713) log_opt_values /opt/stack/data/venv/lib/python3.12/site-packages/oslo_config/cfg.py:3006}}
Apr 13 18:42:16 ubuntu devstack@g-api.service[115713]: DEBUG glance.common.config [None req-886a393c-045c-4740-bca9-f47390ffa0e9 None None] database.pool_timeout          = None {{(pid=115713) log_opt_values /opt/stack/data/venv/lib/python3.12/site-packages/oslo_config/cfg.py:3006}}
Apr 13 18:42:16 ubuntu devstack@g-api.service[115713]: DEBUG glance.common.config [None req-886a393c-045c-4740-bca9-f47390ffa0e9 None None] database.retry_interval        = 10 {{(pid=115713) log_opt_values /opt/stack/data/venv/lib/python3.12/site-packages/oslo_config/cfg.py:3006}}
Apr 13 18:42:16 ubuntu devstack@g-api.service[115713]: DEBUG glance.common.config [None req-886a393c-045c-4740-bca9-f47390ffa0e9 None None] database.slave_connection      = **** {{(pid=115713) log_opt_values /opt/stack/data/venv/lib/python3.12/site-packages/oslo_config/cfg.py:3006}}
Apr 13 18:42:16 ubuntu devstack@g-api.service[115713]: DEBUG glance.common.config [None req-886a393c-045c-4740-bca9-f47390ffa0e9 None None] database.sqlite_synchronous    = True {{(pid=115713) log_opt_values /opt/stack/data/venv/lib/python3.12/site-packages/oslo_config/cfg.py:3006}}
Apr 13 18:42:16 ubuntu devstack@g-api.service[115713]: DEBUG glance.common.config [None req-886a393c-045c-4740-bca9-f47390ffa0e9 None None] database.synchronous_reader    = True {{(pid=115713) log_opt_values /opt/stack/data/venv/lib/python3.12/site-packages/oslo_config/cfg.py:3006}}
Apr 13 18:42:16 ubuntu devstack@g-api.service[115713]: DEBUG glance.common.config [None req-886a393c-045c-4740-bca9-f47390ffa0e9 None None] database.use_db_reconnect      = False {{(pid=115713) log_opt_values /opt/stack/data/venv/lib/python3.12/site-packages/oslo_config/cfg.py:3006}}
Apr 13 18:42:16 ubuntu devstack@g-api.service[115713]: DEBUG glance.common.config [None req-886a393c-045c-4740-bca9-f47390ffa0e9 None None] healthcheck.allowed_source_ranges = [] {{(pid=115713) log_opt_values /opt/stack/data/venv/lib/python3.12/site-packages/oslo_config/cfg.py:3006}}
Apr 13 18:42:16 ubuntu devstack@g-api.service[115713]: DEBUG glance.common.config [None req-886a393c-045c-4740-bca9-f47390ffa0e9 None None] healthcheck.backends           = ['disable_by_file'] {{(pid=115713) log_opt_values /opt/stack/data/venv/lib/python3.12/site-packages/oslo_config/cfg.py:3006}}
Apr 13 18:42:16 ubuntu devstack@g-api.service[115713]: DEBUG glance.common.config [None req-886a393c-045c-4740-bca9-f47390ffa0e9 None None] healthcheck.detailed           = False {{(pid=115713) log_opt_values /opt/stack/data/venv/lib/python3.12/site-packages/oslo_config/cfg.py:3006}}
Apr 13 18:42:16 ubuntu devstack@g-api.service[115713]: DEBUG glance.common.config [None req-886a393c-045c-4740-bca9-f47390ffa0e9 None None] healthcheck.disable_by_file_path = None {{(pid=115713) log_opt_values /opt/stack/data/venv/lib/python3.12/site-packages/oslo_config/cfg.py:3006}}
Apr 13 18:42:16 ubuntu devstack@g-api.service[115713]: DEBUG glance.common.config [None req-886a393c-045c-4740-bca9-f47390ffa0e9 None None] healthcheck.ignore_proxied_requests = False {{(pid=115713) log_opt_values /opt/stack/data/venv/lib/python3.12/site-packages/oslo_config/cfg.py:3006}}
Apr 13 18:42:16 ubuntu devstack@g-api.service[115713]: DEBUG glance.common.config [None req-886a393c-045c-4740-bca9-f47390ffa0e9 None None] ******************************************************************************** {{(pid=115713) log_opt_values /opt/stack/data/venv/lib/python3.12/site-packages/oslo_config/cfg.py:3013}}
Apr 13 18:42:16 ubuntu devstack@g-api.service[115713]: WSGI app 0 (mountpoint='') ready in 2 seconds on interpreter 0x7626694a3668 pid: 115713 (default app)
Apr 13 18:42:21 ubuntu devstack@g-api.service[115714]: DEBUG glance.api.middleware.version_negotiation [None req-0483d493-a016-43e5-befe-e71b5fa4af32 None None] Determining version of request: GET / Accept: application/json {{(pid=115714) process_request /opt/stack/glance/glance/api/middleware/version_negotiation.py:44}}
Apr 13 18:42:21 ubuntu devstack@g-api.service[115714]: DEBUG glance.api.middleware.version_negotiation [None req-0483d493-a016-43e5-befe-e71b5fa4af32 None None] Using url versioning {{(pid=115714) process_request /opt/stack/glance/glance/api/middleware/version_negotiation.py:57}}
Apr 13 18:42:21 ubuntu devstack@g-api.service[115714]: DEBUG glance.api.middleware.version_negotiation [None req-0483d493-a016-43e5-befe-e71b5fa4af32 None None] Unknown version. Returning version choices. {{(pid=115714) process_request /opt/stack/glance/glance/api/middleware/version_negotiation.py:64}}
Apr 13 18:42:21 ubuntu devstack@g-api.service[115714]: [pid: 115714|app: 0|req: 2/2] 127.0.0.1 () {34 vars in 521 bytes} [Mon Apr 13 18:42:21 2026] GET / => generated 1420 bytes in 3 msecs (HTTP/1.1 300) 3 headers in 106 bytes (1 switches on core 0)
Apr 13 18:42:21 ubuntu devstack@g-api.service[115713]: DEBUG glance.api.middleware.version_negotiation [None req-886a393c-045c-4740-bca9-f47390ffa0e9 None None] Determining version of request: POST /v2/images Accept: */* {{(pid=115713) process_request /opt/stack/glance/glance/api/middleware/version_negotiation.py:44}}
Apr 13 18:42:21 ubuntu devstack@g-api.service[115713]: DEBUG glance.api.middleware.version_negotiation [None req-886a393c-045c-4740-bca9-f47390ffa0e9 None None] Using url versioning {{(pid=115713) process_request /opt/stack/glance/glance/api/middleware/version_negotiation.py:57}}
Apr 13 18:42:21 ubuntu devstack@g-api.service[115713]: DEBUG glance.api.middleware.version_negotiation [None req-886a393c-045c-4740-bca9-f47390ffa0e9 None None] Matched version: v2 {{(pid=115713) process_request /opt/stack/glance/glance/api/middleware/version_negotiation.py:69}}
Apr 13 18:42:21 ubuntu devstack@g-api.service[115713]: DEBUG glance.api.middleware.version_negotiation [None req-886a393c-045c-4740-bca9-f47390ffa0e9 None None] new path /v2/images {{(pid=115713) process_request /opt/stack/glance/glance/api/middleware/version_negotiation.py:70}}
Apr 13 18:42:22 ubuntu devstack@g-api.service[115713]: [pid: 115713|app: 0|req: 1/3] 127.0.0.1 () {40 vars in 784 bytes} [Mon Apr 13 18:42:21 2026] POST /v2/images => generated 807 bytes in 584 msecs (HTTP/1.1 201) 6 headers in 314 bytes (1 switches on core 0)
Apr 13 18:42:25 ubuntu devstack@g-api.service[115714]: DEBUG glance.api.middleware.version_negotiation [None req-0483d493-a016-43e5-befe-e71b5fa4af32 None None] Determining version of request: PUT /v2/images/972a64b3-d2cb-4bd8-80fb-de1b47654ad2/file Accept:  {{(pid=115714) process_request /opt/stack/glance/glance/api/middleware/version_negotiation.py:44}}
Apr 13 18:42:25 ubuntu devstack@g-api.service[115714]: DEBUG glance.api.middleware.version_negotiation [None req-0483d493-a016-43e5-befe-e71b5fa4af32 None None] Using url versioning {{(pid=115714) process_request /opt/stack/glance/glance/api/middleware/version_negotiation.py:57}}
Apr 13 18:42:25 ubuntu devstack@g-api.service[115714]: DEBUG glance.api.middleware.version_negotiation [None req-0483d493-a016-43e5-befe-e71b5fa4af32 None None] Matched version: v2 {{(pid=115714) process_request /opt/stack/glance/glance/api/middleware/version_negotiation.py:69}}
Apr 13 18:42:25 ubuntu devstack@g-api.service[115714]: DEBUG glance.api.middleware.version_negotiation [None req-0483d493-a016-43e5-befe-e71b5fa4af32 None None] new path /v2/images/972a64b3-d2cb-4bd8-80fb-de1b47654ad2/file {{(pid=115714) process_request /opt/stack/glance/glance/api/middleware/version_negotiation.py:70}}
Apr 13 18:42:25 ubuntu devstack@g-api.service[115714]: INFO glance.api.v2.image_data [None req-9753efea-4060-4de4-a25c-ac9a1660adfa admin admin] Unable to create trust: no such option collect_timing in group [keystone_authtoken] Use the existing user token.
Apr 13 18:42:26 ubuntu devstack@g-api.service[115714]: DEBUG glance.location [None req-9753efea-4060-4de4-a25c-ac9a1660adfa admin admin] Enabling in-flight format inspection for qcow2 {{(pid=115714) set_data /opt/stack/glance/glance/location.py:616}}
Apr 13 18:42:26 ubuntu devstack@g-api.service[115714]: DEBUG oslo_utils.imageutils.format_inspector [None req-9753efea-4060-4de4-a25c-ac9a1660adfa admin admin] Format inspector for vmdk does not match, excluding from consideration (Signature KDMV not found: b'QFI\xfb') {{(pid=115714) _process_chunk /opt/stack/data/venv/lib/python3.12/site-packages/oslo_utils/imageutils/format_inspector.py:1538}}
Apr 13 18:42:26 ubuntu devstack@g-api.service[115714]: DEBUG oslo_utils.imageutils.format_inspector [None req-9753efea-4060-4de4-a25c-ac9a1660adfa admin admin] Format inspector for vhdx does not match, excluding from consideration (Region signature not found at 30000) {{(pid=115714) _process_chunk /opt/stack/data/venv/lib/python3.12/site-packages/oslo_utils/imageutils/format_inspector.py:1538}}
Apr 13 18:42:26 ubuntu devstack@g-api.service[115714]: DEBUG glance_store._drivers.filesystem [None req-9753efea-4060-4de4-a25c-ac9a1660adfa admin admin] Wrote 16338944 bytes to /opt/stack/data/glance/images/972a64b3-d2cb-4bd8-80fb-de1b47654ad2 with checksum 1d3062cd89af34e419f7100277f38b2b and multihash 553d220ed58cfee7dafe003c446a9f197ab5edf8ffc09396c74187cf83873c877e7ae041cb80f3b91489acf687183adcd689b53b38e3ddd22e627e7f98a09c46 {{(pid=115714) add /opt/stack/data/venv/lib/python3.12/site-packages/glance_store/_drivers/filesystem.py:899}}
Apr 13 18:42:26 ubuntu devstack@g-api.service[115714]: INFO glance.location [None req-9753efea-4060-4de4-a25c-ac9a1660adfa admin admin] Image format matched and virtual size computed: 117440512
Apr 13 18:42:26 ubuntu devstack@g-api.service[115714]: DEBUG glance_store.backend [None req-9753efea-4060-4de4-a25c-ac9a1660adfa admin admin] Skipping store.set_acls... not implemented. {{(pid=115714) set_acls /opt/stack/data/venv/lib/python3.12/site-packages/glance_store/backend.py:507}}
Apr 13 18:42:26 ubuntu devstack@g-api.service[115714]: [pid: 115714|app: 0|req: 3/4] 127.0.0.1 () {40 vars in 877 bytes} [Mon Apr 13 18:42:25 2026] PUT /v2/images/972a64b3-d2cb-4bd8-80fb-de1b47654ad2/file => generated 0 bytes in 948 msecs (HTTP/1.1 204) 4 headers in 171 bytes (1 switches on core 0)
Apr 13 18:42:26 ubuntu devstack@g-api.service[115713]: DEBUG glance.api.middleware.version_negotiation [None req-873940e7-3d51-4d79-a6f0-fece2c499bdc admin admin] Determining version of request: GET /v2/images/972a64b3-d2cb-4bd8-80fb-de1b47654ad2 Accept: */* {{(pid=115713) process_request /opt/stack/glance/glance/api/middleware/version_negotiation.py:44}}
Apr 13 18:42:26 ubuntu devstack@g-api.service[115713]: DEBUG glance.api.middleware.version_negotiation [None req-873940e7-3d51-4d79-a6f0-fece2c499bdc admin admin] Using url versioning {{(pid=115713) process_request /opt/stack/glance/glance/api/middleware/version_negotiation.py:57}}
Apr 13 18:42:26 ubuntu devstack@g-api.service[115713]: DEBUG glance.api.middleware.version_negotiation [None req-873940e7-3d51-4d79-a6f0-fece2c499bdc admin admin] Matched version: v2 {{(pid=115713) process_request /opt/stack/glance/glance/api/middleware/version_negotiation.py:69}}
Apr 13 18:42:26 ubuntu devstack@g-api.service[115713]: DEBUG glance.api.middleware.version_negotiation [None req-873940e7-3d51-4d79-a6f0-fece2c499bdc admin admin] new path /v2/images/972a64b3-d2cb-4bd8-80fb-de1b47654ad2 {{(pid=115713) process_request /opt/stack/glance/glance/api/middleware/version_negotiation.py:70}}
Apr 13 18:42:26 ubuntu devstack@g-api.service[115713]: [pid: 115713|app: 0|req: 2/5] 127.0.0.1 () {36 vars in 804 bytes} [Mon Apr 13 18:42:26 2026] GET /v2/images/972a64b3-d2cb-4bd8-80fb-de1b47654ad2 => generated 976 bytes in 21 msecs (HTTP/1.1 200) 4 headers in 157 bytes (1 switches on core 0)
Apr 13 18:42:36 ubuntu devstack@g-api.service[115714]: DEBUG dbcounter [-] [115714] Writing DB stats glance:INSERT=5,glance:SELECT=16,glance:UPDATE=2 {{(pid=115714) stat_writer /opt/stack/data/venv/lib/python3.12/site-packages/dbcounter.py:115}}
Apr 13 18:42:36 ubuntu devstack@g-api.service[115713]: DEBUG dbcounter [-] [115713] Writing DB stats glance:INSERT=9,glance:SELECT=6 {{(pid=115713) stat_writer /opt/stack/data/venv/lib/python3.12/site-packages/dbcounter.py:115}}
Apr 13 18:42:57 ubuntu devstack@g-api.service[115714]: DEBUG glance.api.middleware.version_negotiation [None req-9753efea-4060-4de4-a25c-ac9a1660adfa admin admin] Determining version of request: GET / Accept: application/json {{(pid=115714) process_request /opt/stack/glance/glance/api/middleware/version_negotiation.py:44}}
Apr 13 18:42:57 ubuntu devstack@g-api.service[115714]: DEBUG glance.api.middleware.version_negotiation [None req-9753efea-4060-4de4-a25c-ac9a1660adfa admin admin] Using url versioning {{(pid=115714) process_request /opt/stack/glance/glance/api/middleware/version_negotiation.py:57}}
Apr 13 18:42:57 ubuntu devstack@g-api.service[115714]: DEBUG glance.api.middleware.version_negotiation [None req-9753efea-4060-4de4-a25c-ac9a1660adfa admin admin] Unknown version. Returning version choices. {{(pid=115714) process_request /opt/stack/glance/glance/api/middleware/version_negotiation.py:64}}
Apr 13 18:42:57 ubuntu devstack@g-api.service[115714]: [pid: 115714|app: 0|req: 4/6] 127.0.0.1 () {34 vars in 521 bytes} [Mon Apr 13 18:42:57 2026] GET / => generated 1420 bytes in 6 msecs (HTTP/1.1 300) 3 headers in 106 bytes (1 switches on core 0)
Apr 13 18:42:57 ubuntu devstack@g-api.service[115713]: DEBUG glance.api.middleware.version_negotiation [None req-ef4d65ad-511e-4a70-8d74-db0dcde6f16c admin admin] Determining version of request: GET /v2/images Accept: application/json {{(pid=115713) process_request /opt/stack/glance/glance/api/middleware/version_negotiation.py:44}}
Apr 13 18:42:57 ubuntu devstack@g-api.service[115713]: DEBUG glance.api.middleware.version_negotiation [None req-ef4d65ad-511e-4a70-8d74-db0dcde6f16c admin admin] Using url versioning {{(pid=115713) process_request /opt/stack/glance/glance/api/middleware/version_negotiation.py:57}}
Apr 13 18:42:57 ubuntu devstack@g-api.service[115713]: DEBUG glance.api.middleware.version_negotiation [None req-ef4d65ad-511e-4a70-8d74-db0dcde6f16c admin admin] Matched version: v2 {{(pid=115713) process_request /opt/stack/glance/glance/api/middleware/version_negotiation.py:69}}
Apr 13 18:42:57 ubuntu devstack@g-api.service[115713]: DEBUG glance.api.middleware.version_negotiation [None req-ef4d65ad-511e-4a70-8d74-db0dcde6f16c admin admin] new path /v2/images {{(pid=115713) process_request /opt/stack/glance/glance/api/middleware/version_negotiation.py:70}}
Apr 13 18:42:57 ubuntu devstack@g-api.service[115713]: [pid: 115713|app: 0|req: 3/7] 127.0.0.1 () {36 vars in 743 bytes} [Mon Apr 13 18:42:57 2026] GET /v2/images => generated 1045 bytes in 204 msecs (HTTP/1.1 200) 4 headers in 158 bytes (1 switches on core 0)
Apr 13 18:43:03 ubuntu devstack@g-api.service[115714]: DEBUG glance.api.middleware.version_negotiation [None req-9753efea-4060-4de4-a25c-ac9a1660adfa admin admin] Determining version of request: GET / Accept: application/json {{(pid=115714) process_request /opt/stack/glance/glance/api/middleware/version_negotiation.py:44}}
Apr 13 18:43:03 ubuntu devstack@g-api.service[115714]: DEBUG glance.api.middleware.version_negotiation [None req-9753efea-4060-4de4-a25c-ac9a1660adfa admin admin] Using url versioning {{(pid=115714) process_request /opt/stack/glance/glance/api/middleware/version_negotiation.py:57}}
Apr 13 18:43:03 ubuntu devstack@g-api.service[115714]: DEBUG glance.api.middleware.version_negotiation [None req-9753efea-4060-4de4-a25c-ac9a1660adfa admin admin] Unknown version. Returning version choices. {{(pid=115714) process_request /opt/stack/glance/glance/api/middleware/version_negotiation.py:64}}
Apr 13 18:43:03 ubuntu devstack@g-api.service[115714]: [pid: 115714|app: 0|req: 5/8] 127.0.0.1 () {34 vars in 521 bytes} [Mon Apr 13 18:43:03 2026] GET / => generated 1420 bytes in 6 msecs (HTTP/1.1 300) 3 headers in 106 bytes (1 switches on core 0)
Apr 13 18:43:03 ubuntu devstack@g-api.service[115713]: DEBUG glance.api.middleware.version_negotiation [None req-3064a27d-0cdd-4971-8dc9-0003feddff78 admin admin] Determining version of request: GET /v2/images/972a64b3-d2cb-4bd8-80fb-de1b47654ad2 Accept: */* {{(pid=115713) process_request /opt/stack/glance/glance/api/middleware/version_negotiation.py:44}}
Apr 13 18:43:03 ubuntu devstack@g-api.service[115713]: DEBUG glance.api.middleware.version_negotiation [None req-3064a27d-0cdd-4971-8dc9-0003feddff78 admin admin] Using url versioning {{(pid=115713) process_request /opt/stack/glance/glance/api/middleware/version_negotiation.py:57}}
Apr 13 18:43:03 ubuntu devstack@g-api.service[115713]: DEBUG glance.api.middleware.version_negotiation [None req-3064a27d-0cdd-4971-8dc9-0003feddff78 admin admin] Matched version: v2 {{(pid=115713) process_request /opt/stack/glance/glance/api/middleware/version_negotiation.py:69}}
Apr 13 18:43:03 ubuntu devstack@g-api.service[115713]: DEBUG glance.api.middleware.version_negotiation [None req-3064a27d-0cdd-4971-8dc9-0003feddff78 admin admin] new path /v2/images/972a64b3-d2cb-4bd8-80fb-de1b47654ad2 {{(pid=115713) process_request /opt/stack/glance/glance/api/middleware/version_negotiation.py:70}}
Apr 13 18:43:04 ubuntu devstack@g-api.service[115713]: [pid: 115713|app: 0|req: 4/9] 127.0.0.1 () {36 vars in 804 bytes} [Mon Apr 13 18:43:03 2026] GET /v2/images/972a64b3-d2cb-4bd8-80fb-de1b47654ad2 => generated 976 bytes in 46 msecs (HTTP/1.1 200) 4 headers in 157 bytes (1 switches on core 0)
Apr 13 18:43:08 ubuntu devstack@g-api.service[115714]: DEBUG glance.api.middleware.version_negotiation [None req-9753efea-4060-4de4-a25c-ac9a1660adfa admin admin] Determining version of request: GET / Accept: application/json {{(pid=115714) process_request /opt/stack/glance/glance/api/middleware/version_negotiation.py:44}}
Apr 13 18:43:08 ubuntu devstack@g-api.service[115714]: DEBUG glance.api.middleware.version_negotiation [None req-9753efea-4060-4de4-a25c-ac9a1660adfa admin admin] Using url versioning {{(pid=115714) process_request /opt/stack/glance/glance/api/middleware/version_negotiation.py:57}}
Apr 13 18:43:08 ubuntu devstack@g-api.service[115714]: DEBUG glance.api.middleware.version_negotiation [None req-9753efea-4060-4de4-a25c-ac9a1660adfa admin admin] Unknown version. Returning version choices. {{(pid=115714) process_request /opt/stack/glance/glance/api/middleware/version_negotiation.py:64}}
Apr 13 18:43:08 ubuntu devstack@g-api.service[115714]: [pid: 115714|app: 0|req: 6/10] 127.0.0.1 () {34 vars in 521 bytes} [Mon Apr 13 18:43:08 2026] GET / => generated 1420 bytes in 4 msecs (HTTP/1.1 300) 3 headers in 106 bytes (1 switches on core 0)
Apr 13 18:43:08 ubuntu devstack@g-api.service[115713]: DEBUG glance.api.middleware.version_negotiation [None req-fb1100d3-f986-4b79-b135-3affc2af3e5c admin admin] Determining version of request: GET /v2/images/972a64b3-d2cb-4bd8-80fb-de1b47654ad2 Accept: */* {{(pid=115713) process_request /opt/stack/glance/glance/api/middleware/version_negotiation.py:44}}
Apr 13 18:43:08 ubuntu devstack@g-api.service[115713]: DEBUG glance.api.middleware.version_negotiation [None req-fb1100d3-f986-4b79-b135-3affc2af3e5c admin admin] Using url versioning {{(pid=115713) process_request /opt/stack/glance/glance/api/middleware/version_negotiation.py:57}}
Apr 13 18:43:08 ubuntu devstack@g-api.service[115713]: DEBUG glance.api.middleware.version_negotiation [None req-fb1100d3-f986-4b79-b135-3affc2af3e5c admin admin] Matched version: v2 {{(pid=115713) process_request /opt/stack/glance/glance/api/middleware/version_negotiation.py:69}}
Apr 13 18:43:08 ubuntu devstack@g-api.service[115713]: DEBUG glance.api.middleware.version_negotiation [None req-fb1100d3-f986-4b79-b135-3affc2af3e5c admin admin] new path /v2/images/972a64b3-d2cb-4bd8-80fb-de1b47654ad2 {{(pid=115713) process_request /opt/stack/glance/glance/api/middleware/version_negotiation.py:70}}
Apr 13 18:43:08 ubuntu devstack@g-api.service[115713]: [pid: 115713|app: 0|req: 5/11] 127.0.0.1 () {36 vars in 804 bytes} [Mon Apr 13 18:43:08 2026] GET /v2/images/972a64b3-d2cb-4bd8-80fb-de1b47654ad2 => generated 976 bytes in 63 msecs (HTTP/1.1 200) 4 headers in 157 bytes (1 switches on core 0)
Apr 13 18:43:18 ubuntu devstack@g-api.service[115713]: DEBUG dbcounter [-] [115713] Writing DB stats glance:SELECT=5 {{(pid=115713) stat_writer /opt/stack/data/venv/lib/python3.12/site-packages/dbcounter.py:115}}
Apr 13 18:44:30 ubuntu devstack@g-api.service[115714]: DEBUG glance.api.middleware.version_negotiation [None req-9753efea-4060-4de4-a25c-ac9a1660adfa admin admin] Determining version of request: GET / Accept: application/json {{(pid=115714) process_request /opt/stack/glance/glance/api/middleware/version_negotiation.py:44}}
Apr 13 18:44:30 ubuntu devstack@g-api.service[115714]: DEBUG glance.api.middleware.version_negotiation [None req-9753efea-4060-4de4-a25c-ac9a1660adfa admin admin] Using url versioning {{(pid=115714) process_request /opt/stack/glance/glance/api/middleware/version_negotiation.py:57}}
Apr 13 18:44:30 ubuntu devstack@g-api.service[115714]: DEBUG glance.api.middleware.version_negotiation [None req-9753efea-4060-4de4-a25c-ac9a1660adfa admin admin] Unknown version. Returning version choices. {{(pid=115714) process_request /opt/stack/glance/glance/api/middleware/version_negotiation.py:64}}
Apr 13 18:44:30 ubuntu devstack@g-api.service[115714]: [pid: 115714|app: 0|req: 7/12] 127.0.0.1 () {36 vars in 474 bytes} [Mon Apr 13 18:44:30 2026] GET / => generated 1420 bytes in 3 msecs (HTTP/1.1 300) 3 headers in 106 bytes (1 switches on core 0)
Apr 13 18:47:04 ubuntu devstack@g-api.service[115713]: DEBUG glance.api.middleware.version_negotiation [None req-cde655a2-a2f9-472c-a68c-4bd83ed996de admin admin] Determining version of request: GET /versions Accept: */* {{(pid=115713) process_request /opt/stack/glance/glance/api/middleware/version_negotiation.py:44}}
Apr 13 18:47:04 ubuntu devstack@g-api.service[115713]: [pid: 115713|app: 0|req: 6/13] 127.0.0.1 () {38 vars in 709 bytes} [Mon Apr 13 18:47:04 2026] GET /versions => generated 1420 bytes in 9 msecs (HTTP/1.1 200) 3 headers in 92 bytes (1 switches on core 0)
Apr 13 18:47:04 ubuntu devstack@g-api.service[115714]: DEBUG glance.api.middleware.version_negotiation [None req-9753efea-4060-4de4-a25c-ac9a1660adfa admin admin] Determining version of request: GET /v2/schemas/image Accept: */* {{(pid=115714) process_request /opt/stack/glance/glance/api/middleware/version_negotiation.py:44}}
Apr 13 18:47:04 ubuntu devstack@g-api.service[115714]: DEBUG glance.api.middleware.version_negotiation [None req-9753efea-4060-4de4-a25c-ac9a1660adfa admin admin] Using url versioning {{(pid=115714) process_request /opt/stack/glance/glance/api/middleware/version_negotiation.py:57}}
Apr 13 18:47:04 ubuntu devstack@g-api.service[115714]: DEBUG glance.api.middleware.version_negotiation [None req-9753efea-4060-4de4-a25c-ac9a1660adfa admin admin] Matched version: v2 {{(pid=115714) process_request /opt/stack/glance/glance/api/middleware/version_negotiation.py:69}}
Apr 13 18:47:04 ubuntu devstack@g-api.service[115714]: DEBUG glance.api.middleware.version_negotiation [None req-9753efea-4060-4de4-a25c-ac9a1660adfa admin admin] new path /v2/schemas/image {{(pid=115714) process_request /opt/stack/glance/glance/api/middleware/version_negotiation.py:70}}
Apr 13 18:47:04 ubuntu devstack@g-api.service[115714]: [pid: 115714|app: 0|req: 8/14] 127.0.0.1 () {38 vars in 725 bytes} [Mon Apr 13 18:47:04 2026] GET /v2/schemas/image => generated 6083 bytes in 139 msecs (HTTP/1.1 200) 4 headers in 158 bytes (1 switches on core 0)
Apr 13 18:47:04 ubuntu devstack@g-api.service[115713]: DEBUG glance.api.middleware.version_negotiation [None req-cde655a2-a2f9-472c-a68c-4bd83ed996de admin admin] Determining version of request: GET /v2/schemas/metadefs/namespace Accept: */* {{(pid=115713) process_request /opt/stack/glance/glance/api/middleware/version_negotiation.py:44}}
Apr 13 18:47:04 ubuntu devstack@g-api.service[115713]: DEBUG glance.api.middleware.version_negotiation [None req-cde655a2-a2f9-472c-a68c-4bd83ed996de admin admin] Using url versioning {{(pid=115713) process_request /opt/stack/glance/glance/api/middleware/version_negotiation.py:57}}
Apr 13 18:47:04 ubuntu devstack@g-api.service[115713]: DEBUG glance.api.middleware.version_negotiation [None req-cde655a2-a2f9-472c-a68c-4bd83ed996de admin admin] Matched version: v2 {{(pid=115713) process_request /opt/stack/glance/glance/api/middleware/version_negotiation.py:69}}
Apr 13 18:47:04 ubuntu devstack@g-api.service[115713]: DEBUG glance.api.middleware.version_negotiation [None req-cde655a2-a2f9-472c-a68c-4bd83ed996de admin admin] new path /v2/schemas/metadefs/namespace {{(pid=115713) process_request /opt/stack/glance/glance/api/middleware/version_negotiation.py:70}}
Apr 13 18:47:04 ubuntu devstack@g-api.service[115713]: [pid: 115713|app: 0|req: 7/15] 127.0.0.1 () {38 vars in 751 bytes} [Mon Apr 13 18:47:04 2026] GET /v2/schemas/metadefs/namespace => generated 3100 bytes in 12 msecs (HTTP/1.1 200) 4 headers in 158 bytes (1 switches on core 0)
Apr 13 18:47:05 ubuntu devstack@g-api.service[115714]: DEBUG glance.api.middleware.version_negotiation [None req-da557b06-1e28-4808-91e1-c4cfe77f0e25 admin admin] Determining version of request: GET /v2/schemas/metadefs/resource_type Accept: */* {{(pid=115714) process_request /opt/stack/glance/glance/api/middleware/version_negotiation.py:44}}
Apr 13 18:47:05 ubuntu devstack@g-api.service[115714]: DEBUG glance.api.middleware.version_negotiation [None req-da557b06-1e28-4808-91e1-c4cfe77f0e25 admin admin] Using url versioning {{(pid=115714) process_request /opt/stack/glance/glance/api/middleware/version_negotiation.py:57}}
Apr 13 18:47:05 ubuntu devstack@g-api.service[115714]: DEBUG glance.api.middleware.version_negotiation [None req-da557b06-1e28-4808-91e1-c4cfe77f0e25 admin admin] Matched version: v2 {{(pid=115714) process_request /opt/stack/glance/glance/api/middleware/version_negotiation.py:69}}
Apr 13 18:47:05 ubuntu devstack@g-api.service[115714]: DEBUG glance.api.middleware.version_negotiation [None req-da557b06-1e28-4808-91e1-c4cfe77f0e25 admin admin] new path /v2/schemas/metadefs/resource_type {{(pid=115714) process_request /opt/stack/glance/glance/api/middleware/version_negotiation.py:70}}
Apr 13 18:47:05 ubuntu devstack@g-api.service[115714]: [pid: 115714|app: 0|req: 9/16] 127.0.0.1 () {38 vars in 759 bytes} [Mon Apr 13 18:47:05 2026] GET /v2/schemas/metadefs/resource_type => generated 1260 bytes in 7 msecs (HTTP/1.1 200) 4 headers in 158 bytes (1 switches on core 0)
Apr 13 18:47:05 ubuntu devstack@g-api.service[115713]: DEBUG glance.api.middleware.version_negotiation [None req-6387128a-05d9-4fbe-81c0-6505c0b6d2d9 admin admin] Determining version of request: GET /v2/images Accept: */* {{(pid=115713) process_request /opt/stack/glance/glance/api/middleware/version_negotiation.py:44}}
Apr 13 18:47:05 ubuntu devstack@g-api.service[115713]: DEBUG glance.api.middleware.version_negotiation [None req-6387128a-05d9-4fbe-81c0-6505c0b6d2d9 admin admin] Using url versioning {{(pid=115713) process_request /opt/stack/glance/glance/api/middleware/version_negotiation.py:57}}
Apr 13 18:47:05 ubuntu devstack@g-api.service[115713]: DEBUG glance.api.middleware.version_negotiation [None req-6387128a-05d9-4fbe-81c0-6505c0b6d2d9 admin admin] Matched version: v2 {{(pid=115713) process_request /opt/stack/glance/glance/api/middleware/version_negotiation.py:69}}
Apr 13 18:47:05 ubuntu devstack@g-api.service[115713]: DEBUG glance.api.middleware.version_negotiation [None req-6387128a-05d9-4fbe-81c0-6505c0b6d2d9 admin admin] new path /v2/images {{(pid=115713) process_request /opt/stack/glance/glance/api/middleware/version_negotiation.py:70}}
