Sep 10 14:10:49 jammy-provider-cloud-0000007603 neutron-server[91132]: DEBUG oslo_service.service [-] log_rotation_type              = none {{(pid=91132) log_opt_values /opt/stack/data/venv/lib/python3.10/site-packages/oslo_config/cfg.py:2819}}
Sep 10 14:10:49 jammy-provider-cloud-0000007603 neutron-server[91132]: DEBUG oslo_service.service [-] logging_context_format_string  = %(color)s%(levelname)s %(name)s [%(global_request_id)s %(request_id)s %(project_name)s %(user_name)s%(color)s] %(instance)s%(color)s%(message)s {{(pid=91132) log_opt_values /opt/stack/data/venv/lib/python3.10/site-packages/oslo_config/cfg.py:2819}}
Sep 10 14:10:49 jammy-provider-cloud-0000007603 neutron-server[91132]: DEBUG oslo_service.service [-] logging_debug_format_suffix    = {{(pid=%(process)d) %(funcName)s %(pathname)s:%(lineno)d}} {{(pid=91132) log_opt_values /opt/stack/data/venv/lib/python3.10/site-packages/oslo_config/cfg.py:2819}}
Sep 10 14:10:49 jammy-provider-cloud-0000007603 neutron-server[91132]: DEBUG oslo_service.service [-] logging_default_format_string  = %(color)s%(levelname)s %(name)s [-%(color)s] %(instance)s%(color)s%(message)s {{(pid=91132) log_opt_values /opt/stack/data/venv/lib/python3.10/site-packages/oslo_config/cfg.py:2819}}
Sep 10 14:10:49 jammy-provider-cloud-0000007603 neutron-server[91132]: DEBUG oslo_service.service [-] logging_exception_prefix       = ERROR %(name)s %(instance)s {{(pid=91132) log_opt_values /opt/stack/data/venv/lib/python3.10/site-packages/oslo_config/cfg.py:2819}}
Sep 10 14:10:49 jammy-provider-cloud-0000007603 neutron-server[91132]: DEBUG oslo_service.service [-] logging_user_identity_format   = %(user)s %(project)s %(domain)s %(system_scope)s %(user_domain)s %(project_domain)s {{(pid=91132) log_opt_values /opt/stack/data/venv/lib/python3.10/site-packages/oslo_config/cfg.py:2819}}
Sep 10 14:10:49 jammy-provider-cloud-0000007603 neutron-server[91132]: DEBUG oslo_service.service [-] max_allowed_address_pair       = 10 {{(pid=91132) log_opt_values /opt/stack/data/venv/lib/python3.10/site-packages/oslo_config/cfg.py:2819}}
Sep 10 14:10:49 jammy-provider-cloud-0000007603 neutron-server[91132]: DEBUG oslo_service.service [-] max_dns_nameservers            = 5 {{(pid=91132) log_opt_values /opt/stack/data/venv/lib/python3.10/site-packages/oslo_config/cfg.py:2819}}
Sep 10 14:10:49 jammy-provider-cloud-0000007603 neutron-server[91132]: DEBUG oslo_service.service [-] max_header_line                = 16384 {{(pid=91132) log_opt_values /opt/stack/data/venv/lib/python3.10/site-packages/oslo_config/cfg.py:2819}}
Sep 10 14:10:49 jammy-provider-cloud-0000007603 neutron-server[91132]: DEBUG oslo_service.service [-] max_l3_agents_per_router       = 3 {{(pid=91132) log_opt_values /opt/stack/data/venv/lib/python3.10/site-packages/oslo_config/cfg.py:2819}}
Sep 10 14:10:49 jammy-provider-cloud-0000007603 neutron-server[91132]: DEBUG oslo_service.service [-] max_logfile_count              = 30 {{(pid=91132) log_opt_values /opt/stack/data/venv/lib/python3.10/site-packages/oslo_config/cfg.py:2819}}
Sep 10 14:10:49 jammy-provider-cloud-0000007603 neutron-server[91132]: DEBUG oslo_service.service [-] max_logfile_size_mb            = 200 {{(pid=91132) log_opt_values /opt/stack/data/venv/lib/python3.10/site-packages/oslo_config/cfg.py:2819}}
Sep 10 14:10:49 jammy-provider-cloud-0000007603 neutron-server[91132]: DEBUG oslo_service.service [-] max_routes                     = 30 {{(pid=91132) log_opt_values /opt/stack/data/venv/lib/python3.10/site-packages/oslo_config/cfg.py:2819}}
Sep 10 14:10:49 jammy-provider-cloud-0000007603 neutron-server[91132]: DEBUG oslo_service.service [-] max_subnet_host_routes         = 20 {{(pid=91132) log_opt_values /opt/stack/data/venv/lib/python3.10/site-packages/oslo_config/cfg.py:2819}}
Sep 10 14:10:49 jammy-provider-cloud-0000007603 neutron-server[91132]: DEBUG oslo_service.service [-] my_ip                          = 10.201.5.87 {{(pid=91132) log_opt_values /opt/stack/data/venv/lib/python3.10/site-packages/oslo_config/cfg.py:2819}}
Sep 10 14:10:49 jammy-provider-cloud-0000007603 neutron-server[91132]: DEBUG oslo_service.service [-] my_ipv6                        = fd71:395:eb6a:0:f816:3eff:fead:b9c2 {{(pid=91132) log_opt_values /opt/stack/data/venv/lib/python3.10/site-packages/oslo_config/cfg.py:2819}}
Sep 10 14:10:49 jammy-provider-cloud-0000007603 neutron-server[91132]: DEBUG oslo_service.service [-] network_auto_schedule          = True {{(pid=91132) log_opt_values /opt/stack/data/venv/lib/python3.10/site-packages/oslo_config/cfg.py:2819}}
Sep 10 14:10:49 jammy-provider-cloud-0000007603 neutron-server[91132]: DEBUG oslo_service.service [-] network_link_prefix            = None {{(pid=91132) log_opt_values /opt/stack/data/venv/lib/python3.10/site-packages/oslo_config/cfg.py:2819}}
Sep 10 14:10:49 jammy-provider-cloud-0000007603 neutron-server[91132]: DEBUG oslo_service.service [-] network_scheduler_driver       = neutron.scheduler.dhcp_agent_scheduler.WeightScheduler {{(pid=91132) log_opt_values /opt/stack/data/venv/lib/python3.10/site-packages/oslo_config/cfg.py:2819}}
Sep 10 14:10:49 jammy-provider-cloud-0000007603 neutron-server[91132]: DEBUG oslo_service.service [-] notify_nova_on_port_data_changes = True {{(pid=91132) log_opt_values /opt/stack/data/venv/lib/python3.10/site-packages/oslo_config/cfg.py:2819}}
Sep 10 14:10:49 jammy-provider-cloud-0000007603 neutron-server[91132]: DEBUG oslo_service.service [-] notify_nova_on_port_status_changes = True {{(pid=91132) log_opt_values /opt/stack/data/venv/lib/python3.10/site-packages/oslo_config/cfg.py:2819}}
Sep 10 14:10:49 jammy-provider-cloud-0000007603 neutron-server[91132]: DEBUG oslo_service.service [-] pagination_max_limit           = -1 {{(pid=91132) log_opt_values /opt/stack/data/venv/lib/python3.10/site-packages/oslo_config/cfg.py:2819}}
Sep 10 14:10:49 jammy-provider-cloud-0000007603 neutron-server[91132]: DEBUG oslo_service.service [-] periodic_fuzzy_delay           = 5 {{(pid=91132) log_opt_values /opt/stack/data/venv/lib/python3.10/site-packages/oslo_config/cfg.py:2819}}
Sep 10 14:10:49 jammy-provider-cloud-0000007603 neutron-server[91132]: DEBUG oslo_service.service [-] periodic_interval              = 40 {{(pid=91132) log_opt_values /opt/stack/data/venv/lib/python3.10/site-packages/oslo_config/cfg.py:2819}}
Sep 10 14:10:49 jammy-provider-cloud-0000007603 neutron-server[91132]: DEBUG oslo_service.service [-] publish_errors                 = False {{(pid=91132) log_opt_values /opt/stack/data/venv/lib/python3.10/site-packages/oslo_config/cfg.py:2819}}
Sep 10 14:10:49 jammy-provider-cloud-0000007603 neutron-server[91132]: DEBUG oslo_service.service [-] rate_limit_burst               = 0 {{(pid=91132) log_opt_values /opt/stack/data/venv/lib/python3.10/site-packages/oslo_config/cfg.py:2819}}
Sep 10 14:10:49 jammy-provider-cloud-0000007603 neutron-server[91132]: DEBUG oslo_service.service [-] rate_limit_except_level        = CRITICAL {{(pid=91132) log_opt_values /opt/stack/data/venv/lib/python3.10/site-packages/oslo_config/cfg.py:2819}}
Sep 10 14:10:49 jammy-provider-cloud-0000007603 neutron-server[91317]: DEBUG dbcounter [-] [91317] Writer thread running {{(pid=91317) stat_writer /opt/stack/data/venv/lib/python3.10/site-packages/dbcounter.py:102}}
Sep 10 14:10:49 jammy-provider-cloud-0000007603 neutron-server[91132]: DEBUG oslo_service.service [-] rate_limit_interval            = 0 {{(pid=91132) log_opt_values /opt/stack/data/venv/lib/python3.10/site-packages/oslo_config/cfg.py:2819}}
Sep 10 14:10:49 jammy-provider-cloud-0000007603 neutron-server[91132]: DEBUG oslo_service.service [-] retry_until_window             = 30 {{(pid=91132) log_opt_values /opt/stack/data/venv/lib/python3.10/site-packages/oslo_config/cfg.py:2819}}
Sep 10 14:10:49 jammy-provider-cloud-0000007603 neutron-server[91132]: DEBUG oslo_service.service [-] router_distributed             = False {{(pid=91132) log_opt_values /opt/stack/data/venv/lib/python3.10/site-packages/oslo_config/cfg.py:2819}}
Sep 10 14:10:49 jammy-provider-cloud-0000007603 neutron-server[91132]: DEBUG oslo_service.service [-] rpc_resources_processing_step  = 20 {{(pid=91132) log_opt_values /opt/stack/data/venv/lib/python3.10/site-packages/oslo_config/cfg.py:2819}}
Sep 10 14:10:49 jammy-provider-cloud-0000007603 neutron-server[91132]: DEBUG oslo_service.service [-] rpc_response_max_timeout       = 600 {{(pid=91132) log_opt_values /opt/stack/data/venv/lib/python3.10/site-packages/oslo_config/cfg.py:2819}}
Sep 10 14:10:49 jammy-provider-cloud-0000007603 neutron-server[91132]: DEBUG oslo_service.service [-] rpc_response_timeout           = 60 {{(pid=91132) log_opt_values /opt/stack/data/venv/lib/python3.10/site-packages/oslo_config/cfg.py:2819}}
Sep 10 14:10:49 jammy-provider-cloud-0000007603 neutron-server[91132]: DEBUG oslo_service.service [-] rpc_state_report_workers       = 0 {{(pid=91132) log_opt_values /opt/stack/data/venv/lib/python3.10/site-packages/oslo_config/cfg.py:2819}}
Sep 10 14:10:49 jammy-provider-cloud-0000007603 neutron-server[91132]: DEBUG oslo_service.service [-] rpc_workers                    = None {{(pid=91132) log_opt_values /opt/stack/data/venv/lib/python3.10/site-packages/oslo_config/cfg.py:2819}}
Sep 10 14:10:49 jammy-provider-cloud-0000007603 neutron-server[91132]: DEBUG oslo_service.service [-] send_events_interval           = 2 {{(pid=91132) log_opt_values /opt/stack/data/venv/lib/python3.10/site-packages/oslo_config/cfg.py:2819}}
Sep 10 14:10:49 jammy-provider-cloud-0000007603 neutron-server[91132]: DEBUG oslo_service.service [-] service_plugins                = ['ovn-router'] {{(pid=91132) log_opt_values /opt/stack/data/venv/lib/python3.10/site-packages/oslo_config/cfg.py:2819}}
Sep 10 14:10:49 jammy-provider-cloud-0000007603 neutron-server[91132]: DEBUG oslo_service.service [-] setproctitle                   = on {{(pid=91132) log_opt_values /opt/stack/data/venv/lib/python3.10/site-packages/oslo_config/cfg.py:2819}}
Sep 10 14:10:49 jammy-provider-cloud-0000007603 neutron-server[91132]: DEBUG oslo_service.service [-] shell_completion               = None {{(pid=91132) log_opt_values /opt/stack/data/venv/lib/python3.10/site-packages/oslo_config/cfg.py:2819}}
Sep 10 14:10:49 jammy-provider-cloud-0000007603 neutron-server[91132]: DEBUG oslo_service.service [-] state_path                     = /opt/stack/data/neutron {{(pid=91132) log_opt_values /opt/stack/data/venv/lib/python3.10/site-packages/oslo_config/cfg.py:2819}}
Sep 10 14:10:49 jammy-provider-cloud-0000007603 neutron-server[91132]: DEBUG oslo_service.service [-] syslog_log_facility            = LOG_USER {{(pid=91132) log_opt_values /opt/stack/data/venv/lib/python3.10/site-packages/oslo_config/cfg.py:2819}}
Sep 10 14:10:49 jammy-provider-cloud-0000007603 neutron-server[91316]: DEBUG ovsdbapp.backend.ovs_idl [None req-33d15188-344a-4536-bcae-0b839afada3b None None] Created lookup_table index Logical_Switch.name {{(pid=91316) autocreate_indices /opt/stack/data/venv/lib/python3.10/site-packages/ovsdbapp/backend/ovs_idl/__init__.py:87}}
Sep 10 14:10:49 jammy-provider-cloud-0000007603 neutron-server[91132]: DEBUG oslo_service.service [-] tcp_keepidle                   = 600 {{(pid=91132) log_opt_values /opt/stack/data/venv/lib/python3.10/site-packages/oslo_config/cfg.py:2819}}
Sep 10 14:10:49 jammy-provider-cloud-0000007603 neutron-server[91316]: DEBUG ovsdbapp.backend.ovs_idl [None req-33d15188-344a-4536-bcae-0b839afada3b None None] Created lookup_table index Logical_Router.name {{(pid=91316) autocreate_indices /opt/stack/data/venv/lib/python3.10/site-packages/ovsdbapp/backend/ovs_idl/__init__.py:87}}
Sep 10 14:10:49 jammy-provider-cloud-0000007603 neutron-server[91316]: DEBUG ovsdbapp.backend.ovs_idl [None req-33d15188-344a-4536-bcae-0b839afada3b None None] Created lookup_table index Load_Balancer.name {{(pid=91316) autocreate_indices /opt/stack/data/venv/lib/python3.10/site-packages/ovsdbapp/backend/ovs_idl/__init__.py:87}}
Sep 10 14:10:49 jammy-provider-cloud-0000007603 neutron-server[91319]: DEBUG ovsdbapp.backend.ovs_idl [None req-3a003f24-495e-4c2c-bfec-691a77a38547 None None] Created lookup_table index Logical_Switch.name {{(pid=91319) autocreate_indices /opt/stack/data/venv/lib/python3.10/site-packages/ovsdbapp/backend/ovs_idl/__init__.py:87}}
Sep 10 14:10:49 jammy-provider-cloud-0000007603 neutron-server[91316]: DEBUG ovsdbapp.backend.ovs_idl [None req-33d15188-344a-4536-bcae-0b839afada3b None None] Created schema index Copp.name {{(pid=91316) autocreate_indices /opt/stack/data/venv/lib/python3.10/site-packages/ovsdbapp/backend/ovs_idl/__init__.py:106}}
Sep 10 14:10:49 jammy-provider-cloud-0000007603 neutron-server[91316]: DEBUG ovsdbapp.backend.ovs_idl [None req-33d15188-344a-4536-bcae-0b839afada3b None None] Created schema index Meter.name {{(pid=91316) autocreate_indices /opt/stack/data/venv/lib/python3.10/site-packages/ovsdbapp/backend/ovs_idl/__init__.py:106}}
Sep 10 14:10:49 jammy-provider-cloud-0000007603 neutron-server[91319]: DEBUG ovsdbapp.backend.ovs_idl [None req-3a003f24-495e-4c2c-bfec-691a77a38547 None None] Created lookup_table index Logical_Router.name {{(pid=91319) autocreate_indices /opt/stack/data/venv/lib/python3.10/site-packages/ovsdbapp/backend/ovs_idl/__init__.py:87}}
Sep 10 14:10:49 jammy-provider-cloud-0000007603 neutron-server[91316]: DEBUG ovsdbapp.backend.ovs_idl [None req-33d15188-344a-4536-bcae-0b839afada3b None None] Created schema index Load_Balancer_Group.name {{(pid=91316) autocreate_indices /opt/stack/data/venv/lib/python3.10/site-packages/ovsdbapp/backend/ovs_idl/__init__.py:106}}
Sep 10 14:10:49 jammy-provider-cloud-0000007603 neutron-server[91319]: DEBUG ovsdbapp.backend.ovs_idl [None req-3a003f24-495e-4c2c-bfec-691a77a38547 None None] Created lookup_table index Load_Balancer.name {{(pid=91319) autocreate_indices /opt/stack/data/venv/lib/python3.10/site-packages/ovsdbapp/backend/ovs_idl/__init__.py:87}}
Sep 10 14:10:49 jammy-provider-cloud-0000007603 neutron-server[91316]: DEBUG ovsdbapp.backend.ovs_idl [None req-33d15188-344a-4536-bcae-0b839afada3b None None] Created schema index HA_Chassis_Group.name {{(pid=91316) autocreate_indices /opt/stack/data/venv/lib/python3.10/site-packages/ovsdbapp/backend/ovs_idl/__init__.py:106}}
Sep 10 14:10:49 jammy-provider-cloud-0000007603 neutron-server[91319]: DEBUG ovsdbapp.backend.ovs_idl [None req-3a003f24-495e-4c2c-bfec-691a77a38547 None None] Created schema index Copp.name {{(pid=91319) autocreate_indices /opt/stack/data/venv/lib/python3.10/site-packages/ovsdbapp/backend/ovs_idl/__init__.py:106}}
Sep 10 14:10:49 jammy-provider-cloud-0000007603 neutron-server[91316]: DEBUG ovsdbapp.backend.ovs_idl [None req-33d15188-344a-4536-bcae-0b839afada3b None None] Created schema index Address_Set.name {{(pid=91316) autocreate_indices /opt/stack/data/venv/lib/python3.10/site-packages/ovsdbapp/backend/ovs_idl/__init__.py:106}}
Sep 10 14:10:49 jammy-provider-cloud-0000007603 neutron-server[91319]: DEBUG ovsdbapp.backend.ovs_idl [None req-3a003f24-495e-4c2c-bfec-691a77a38547 None None] Created schema index Meter.name {{(pid=91319) autocreate_indices /opt/stack/data/venv/lib/python3.10/site-packages/ovsdbapp/backend/ovs_idl/__init__.py:106}}
Sep 10 14:10:49 jammy-provider-cloud-0000007603 neutron-server[91316]: DEBUG ovsdbapp.backend.ovs_idl [None req-33d15188-344a-4536-bcae-0b839afada3b None None] Created schema index Connection.target {{(pid=91316) autocreate_indices /opt/stack/data/venv/lib/python3.10/site-packages/ovsdbapp/backend/ovs_idl/__init__.py:106}}
Sep 10 14:10:49 jammy-provider-cloud-0000007603 neutron-server[91319]: DEBUG ovsdbapp.backend.ovs_idl [None req-3a003f24-495e-4c2c-bfec-691a77a38547 None None] Created schema index Load_Balancer_Group.name {{(pid=91319) autocreate_indices /opt/stack/data/venv/lib/python3.10/site-packages/ovsdbapp/backend/ovs_idl/__init__.py:106}}
Sep 10 14:10:49 jammy-provider-cloud-0000007603 neutron-server[91316]: DEBUG ovsdbapp.backend.ovs_idl [None req-33d15188-344a-4536-bcae-0b839afada3b None None] Created schema index Gateway_Chassis.name {{(pid=91316) autocreate_indices /opt/stack/data/venv/lib/python3.10/site-packages/ovsdbapp/backend/ovs_idl/__init__.py:106}}
Sep 10 14:10:49 jammy-provider-cloud-0000007603 neutron-server[91319]: DEBUG ovsdbapp.backend.ovs_idl [None req-3a003f24-495e-4c2c-bfec-691a77a38547 None None] Created schema index HA_Chassis_Group.name {{(pid=91319) autocreate_indices /opt/stack/data/venv/lib/python3.10/site-packages/ovsdbapp/backend/ovs_idl/__init__.py:106}}
Sep 10 14:10:49 jammy-provider-cloud-0000007603 neutron-server[91316]: DEBUG ovsdbapp.backend.ovs_idl [None req-33d15188-344a-4536-bcae-0b839afada3b None None] Created schema index Logical_Router_Port.name {{(pid=91316) autocreate_indices /opt/stack/data/venv/lib/python3.10/site-packages/ovsdbapp/backend/ovs_idl/__init__.py:106}}
Sep 10 14:10:49 jammy-provider-cloud-0000007603 neutron-server[91319]: DEBUG ovsdbapp.backend.ovs_idl [None req-3a003f24-495e-4c2c-bfec-691a77a38547 None None] Created schema index Address_Set.name {{(pid=91319) autocreate_indices /opt/stack/data/venv/lib/python3.10/site-packages/ovsdbapp/backend/ovs_idl/__init__.py:106}}
Sep 10 14:10:49 jammy-provider-cloud-0000007603 neutron-server[91316]: DEBUG ovsdbapp.backend.ovs_idl [None req-33d15188-344a-4536-bcae-0b839afada3b None None] Created schema index Port_Group.name {{(pid=91316) autocreate_indices /opt/stack/data/venv/lib/python3.10/site-packages/ovsdbapp/backend/ovs_idl/__init__.py:106}}
Sep 10 14:10:49 jammy-provider-cloud-0000007603 neutron-server[91316]: DEBUG ovsdbapp.backend.ovs_idl [None req-33d15188-344a-4536-bcae-0b839afada3b None None] Created schema index Logical_Switch_Port.name {{(pid=91316) autocreate_indices /opt/stack/data/venv/lib/python3.10/site-packages/ovsdbapp/backend/ovs_idl/__init__.py:106}}
Sep 10 14:10:49 jammy-provider-cloud-0000007603 neutron-server[91319]: DEBUG ovsdbapp.backend.ovs_idl [None req-3a003f24-495e-4c2c-bfec-691a77a38547 None None] Created schema index Connection.target {{(pid=91319) autocreate_indices /opt/stack/data/venv/lib/python3.10/site-packages/ovsdbapp/backend/ovs_idl/__init__.py:106}}
Sep 10 14:10:49 jammy-provider-cloud-0000007603 neutron-server[91319]: DEBUG ovsdbapp.backend.ovs_idl [None req-3a003f24-495e-4c2c-bfec-691a77a38547 None None] Created schema index Gateway_Chassis.name {{(pid=91319) autocreate_indices /opt/stack/data/venv/lib/python3.10/site-packages/ovsdbapp/backend/ovs_idl/__init__.py:106}}
Sep 10 14:10:49 jammy-provider-cloud-0000007603 neutron-server[91319]: DEBUG ovsdbapp.backend.ovs_idl [None req-3a003f24-495e-4c2c-bfec-691a77a38547 None None] Created schema index Logical_Router_Port.name {{(pid=91319) autocreate_indices /opt/stack/data/venv/lib/python3.10/site-packages/ovsdbapp/backend/ovs_idl/__init__.py:106}}
Sep 10 14:10:49 jammy-provider-cloud-0000007603 neutron-server[91319]: DEBUG ovsdbapp.backend.ovs_idl [None req-3a003f24-495e-4c2c-bfec-691a77a38547 None None] Created schema index Port_Group.name {{(pid=91319) autocreate_indices /opt/stack/data/venv/lib/python3.10/site-packages/ovsdbapp/backend/ovs_idl/__init__.py:106}}
Sep 10 14:10:49 jammy-provider-cloud-0000007603 neutron-server[91132]: DEBUG oslo_service.service [-] transport_url                  = **** {{(pid=91132) log_opt_values /opt/stack/data/venv/lib/python3.10/site-packages/oslo_config/cfg.py:2819}}
Sep 10 14:10:49 jammy-provider-cloud-0000007603 neutron-server[91316]: INFO ovsdbapp.backend.ovs_idl.vlog [None req-33d15188-344a-4536-bcae-0b839afada3b None None] tcp:10.201.5.87:6641: connecting...
Sep 10 14:10:49 jammy-provider-cloud-0000007603 neutron-server[91319]: DEBUG ovsdbapp.backend.ovs_idl [None req-3a003f24-495e-4c2c-bfec-691a77a38547 None None] Created schema index Logical_Switch_Port.name {{(pid=91319) autocreate_indices /opt/stack/data/venv/lib/python3.10/site-packages/ovsdbapp/backend/ovs_idl/__init__.py:106}}
Sep 10 14:10:49 jammy-provider-cloud-0000007603 neutron-server[91132]: DEBUG oslo_service.service [-] use_eventlog                   = False {{(pid=91132) log_opt_values /opt/stack/data/venv/lib/python3.10/site-packages/oslo_config/cfg.py:2819}}
Sep 10 14:10:49 jammy-provider-cloud-0000007603 neutron-server[91316]: INFO ovsdbapp.backend.ovs_idl.vlog [None req-33d15188-344a-4536-bcae-0b839afada3b None None] tcp:10.201.5.87:6641: connected
Sep 10 14:10:49 jammy-provider-cloud-0000007603 neutron-server[91132]: DEBUG oslo_service.service [-] use_journal                    = False {{(pid=91132) log_opt_values /opt/stack/data/venv/lib/python3.10/site-packages/oslo_config/cfg.py:2819}}
Sep 10 14:10:49 jammy-provider-cloud-0000007603 neutron-server[91319]: INFO ovsdbapp.backend.ovs_idl.vlog [None req-3a003f24-495e-4c2c-bfec-691a77a38547 None None] tcp:10.201.5.87:6641: connecting...
Sep 10 14:10:49 jammy-provider-cloud-0000007603 neutron-server[91132]: DEBUG oslo_service.service [-] use_json                       = False {{(pid=91132) log_opt_values /opt/stack/data/venv/lib/python3.10/site-packages/oslo_config/cfg.py:2819}}
Sep 10 14:10:49 jammy-provider-cloud-0000007603 neutron-server[91319]: INFO ovsdbapp.backend.ovs_idl.vlog [None req-3a003f24-495e-4c2c-bfec-691a77a38547 None None] tcp:10.201.5.87:6641: connected
Sep 10 14:10:49 jammy-provider-cloud-0000007603 neutron-server[91132]: DEBUG oslo_service.service [-] use_ssl                        = False {{(pid=91132) log_opt_values /opt/stack/data/venv/lib/python3.10/site-packages/oslo_config/cfg.py:2819}}
Sep 10 14:10:49 jammy-provider-cloud-0000007603 neutron-server[91132]: DEBUG oslo_service.service [-] use_stderr                     = False {{(pid=91132) log_opt_values /opt/stack/data/venv/lib/python3.10/site-packages/oslo_config/cfg.py:2819}}
Sep 10 14:10:49 jammy-provider-cloud-0000007603 neutron-server[91132]: DEBUG oslo_service.service [-] use_syslog                     = False {{(pid=91132) log_opt_values /opt/stack/data/venv/lib/python3.10/site-packages/oslo_config/cfg.py:2819}}
Sep 10 14:10:49 jammy-provider-cloud-0000007603 neutron-server[91132]: DEBUG oslo_service.service [-] vlan_transparent               = False {{(pid=91132) log_opt_values /opt/stack/data/venv/lib/python3.10/site-packages/oslo_config/cfg.py:2819}}
Sep 10 14:10:49 jammy-provider-cloud-0000007603 neutron-server[91132]: DEBUG oslo_service.service [-] watch_log_file                 = False {{(pid=91132) log_opt_values /opt/stack/data/venv/lib/python3.10/site-packages/oslo_config/cfg.py:2819}}
Sep 10 14:10:49 jammy-provider-cloud-0000007603 neutron-server[91132]: DEBUG oslo_service.service [-] wsgi_default_pool_size         = 100 {{(pid=91132) log_opt_values /opt/stack/data/venv/lib/python3.10/site-packages/oslo_config/cfg.py:2819}}
Sep 10 14:10:49 jammy-provider-cloud-0000007603 neutron-server[91132]: DEBUG oslo_service.service [-] wsgi_keep_alive                = True {{(pid=91132) log_opt_values /opt/stack/data/venv/lib/python3.10/site-packages/oslo_config/cfg.py:2819}}
Sep 10 14:10:49 jammy-provider-cloud-0000007603 neutron-server[91132]: DEBUG oslo_service.service [-] wsgi_log_format                = %(client_ip)s "%(request_line)s" status: %(status_code)s  len: %(body_length)s time: %(wall_seconds).7f {{(pid=91132) log_opt_values /opt/stack/data/venv/lib/python3.10/site-packages/oslo_config/cfg.py:2819}}
Sep 10 14:10:49 jammy-provider-cloud-0000007603 neutron-server[91132]: DEBUG oslo_service.service [-] wsgi_server_debug              = False {{(pid=91132) log_opt_values /opt/stack/data/venv/lib/python3.10/site-packages/oslo_config/cfg.py:2819}}
Sep 10 14:10:49 jammy-provider-cloud-0000007603 neutron-server[91132]: DEBUG oslo_service.service [-] oslo_concurrency.disable_process_locking = False {{(pid=91132) log_opt_values /opt/stack/data/venv/lib/python3.10/site-packages/oslo_config/cfg.py:2826}}
Sep 10 14:10:49 jammy-provider-cloud-0000007603 neutron-server[91132]: DEBUG oslo_service.service [-] oslo_concurrency.lock_path     = /opt/stack/data/neutron/lock {{(pid=91132) log_opt_values /opt/stack/data/venv/lib/python3.10/site-packages/oslo_config/cfg.py:2826}}
Sep 10 14:10:49 jammy-provider-cloud-0000007603 neutron-server[91132]: DEBUG oslo_service.service [-] profiler.connection_string     = messaging:// {{(pid=91132) log_opt_values /opt/stack/data/venv/lib/python3.10/site-packages/oslo_config/cfg.py:2826}}
Sep 10 14:10:49 jammy-provider-cloud-0000007603 neutron-server[91132]: DEBUG oslo_service.service [-] profiler.enabled               = False {{(pid=91132) log_opt_values /opt/stack/data/venv/lib/python3.10/site-packages/oslo_config/cfg.py:2826}}
Sep 10 14:10:49 jammy-provider-cloud-0000007603 neutron-server[91132]: DEBUG oslo_service.service [-] profiler.es_doc_type           = notification {{(pid=91132) log_opt_values /opt/stack/data/venv/lib/python3.10/site-packages/oslo_config/cfg.py:2826}}
Sep 10 14:10:49 jammy-provider-cloud-0000007603 neutron-server[91132]: DEBUG oslo_service.service [-] profiler.es_scroll_size        = 10000 {{(pid=91132) log_opt_values /opt/stack/data/venv/lib/python3.10/site-packages/oslo_config/cfg.py:2826}}
Sep 10 14:10:49 jammy-provider-cloud-0000007603 neutron-server[91132]: DEBUG oslo_service.service [-] profiler.es_scroll_time        = 2m {{(pid=91132) log_opt_values /opt/stack/data/venv/lib/python3.10/site-packages/oslo_config/cfg.py:2826}}
Sep 10 14:10:49 jammy-provider-cloud-0000007603 neutron-server[91132]: DEBUG oslo_service.service [-] profiler.filter_error_trace    = False {{(pid=91132) log_opt_values /opt/stack/data/venv/lib/python3.10/site-packages/oslo_config/cfg.py:2826}}
Sep 10 14:10:49 jammy-provider-cloud-0000007603 neutron-server[91132]: DEBUG oslo_service.service [-] profiler.hmac_keys             = **** {{(pid=91132) log_opt_values /opt/stack/data/venv/lib/python3.10/site-packages/oslo_config/cfg.py:2826}}
Sep 10 14:10:49 jammy-provider-cloud-0000007603 neutron-server[91132]: DEBUG oslo_service.service [-] profiler.sentinel_service_name = mymaster {{(pid=91132) log_opt_values /opt/stack/data/venv/lib/python3.10/site-packages/oslo_config/cfg.py:2826}}
Sep 10 14:10:49 jammy-provider-cloud-0000007603 neutron-server[91132]: DEBUG oslo_service.service [-] profiler.socket_timeout        = 0.1 {{(pid=91132) log_opt_values /opt/stack/data/venv/lib/python3.10/site-packages/oslo_config/cfg.py:2826}}
Sep 10 14:10:49 jammy-provider-cloud-0000007603 neutron-server[91132]: DEBUG oslo_service.service [-] profiler.trace_requests        = False {{(pid=91132) log_opt_values /opt/stack/data/venv/lib/python3.10/site-packages/oslo_config/cfg.py:2826}}
Sep 10 14:10:49 jammy-provider-cloud-0000007603 neutron-server[91132]: DEBUG oslo_service.service [-] profiler.trace_sqlalchemy      = False {{(pid=91132) log_opt_values /opt/stack/data/venv/lib/python3.10/site-packages/oslo_config/cfg.py:2826}}
Sep 10 14:10:49 jammy-provider-cloud-0000007603 neutron-server[91132]: DEBUG oslo_service.service [-] profiler_jaeger.process_tags   = {} {{(pid=91132) log_opt_values /opt/stack/data/venv/lib/python3.10/site-packages/oslo_config/cfg.py:2826}}
Sep 10 14:10:49 jammy-provider-cloud-0000007603 neutron-server[91132]: DEBUG oslo_service.service [-] profiler_jaeger.service_name_prefix = None {{(pid=91132) log_opt_values /opt/stack/data/venv/lib/python3.10/site-packages/oslo_config/cfg.py:2826}}
Sep 10 14:10:49 jammy-provider-cloud-0000007603 neutron-server[91132]: DEBUG oslo_service.service [-] profiler_otlp.service_name_prefix = None {{(pid=91132) log_opt_values /opt/stack/data/venv/lib/python3.10/site-packages/oslo_config/cfg.py:2826}}
Sep 10 14:10:49 jammy-provider-cloud-0000007603 neutron-server[91132]: DEBUG oslo_service.service [-] oslo_policy.enforce_new_defaults = True {{(pid=91132) log_opt_values /opt/stack/data/venv/lib/python3.10/site-packages/oslo_config/cfg.py:2826}}
Sep 10 14:10:49 jammy-provider-cloud-0000007603 neutron-server[91132]: DEBUG oslo_service.service [-] oslo_policy.enforce_scope      = True {{(pid=91132) log_opt_values /opt/stack/data/venv/lib/python3.10/site-packages/oslo_config/cfg.py:2826}}
Sep 10 14:10:49 jammy-provider-cloud-0000007603 neutron-server[91132]: DEBUG oslo_service.service [-] oslo_policy.policy_default_rule = default {{(pid=91132) log_opt_values /opt/stack/data/venv/lib/python3.10/site-packages/oslo_config/cfg.py:2826}}
Sep 10 14:10:49 jammy-provider-cloud-0000007603 neutron-server[91132]: DEBUG oslo_service.service [-] oslo_policy.policy_dirs        = ['policy.d'] {{(pid=91132) log_opt_values /opt/stack/data/venv/lib/python3.10/site-packages/oslo_config/cfg.py:2826}}
Sep 10 14:10:49 jammy-provider-cloud-0000007603 neutron-server[91132]: DEBUG oslo_service.service [-] oslo_policy.policy_file        = /etc/neutron/policy.json {{(pid=91132) log_opt_values /opt/stack/data/venv/lib/python3.10/site-packages/oslo_config/cfg.py:2826}}
Sep 10 14:10:49 jammy-provider-cloud-0000007603 neutron-server[91132]: DEBUG oslo_service.service [-] oslo_policy.remote_content_type = application/x-www-form-urlencoded {{(pid=91132) log_opt_values /opt/stack/data/venv/lib/python3.10/site-packages/oslo_config/cfg.py:2826}}
Sep 10 14:10:49 jammy-provider-cloud-0000007603 neutron-server[91132]: DEBUG oslo_service.service [-] oslo_policy.remote_ssl_ca_crt_file = None {{(pid=91132) log_opt_values /opt/stack/data/venv/lib/python3.10/site-packages/oslo_config/cfg.py:2826}}
Sep 10 14:10:49 jammy-provider-cloud-0000007603 neutron-server[91132]: DEBUG oslo_service.service [-] oslo_policy.remote_ssl_client_crt_file = None {{(pid=91132) log_opt_values /opt/stack/data/venv/lib/python3.10/site-packages/oslo_config/cfg.py:2826}}
Sep 10 14:10:49 jammy-provider-cloud-0000007603 neutron-server[91132]: DEBUG oslo_service.service [-] oslo_policy.remote_ssl_client_key_file = None {{(pid=91132) log_opt_values /opt/stack/data/venv/lib/python3.10/site-packages/oslo_config/cfg.py:2826}}
Sep 10 14:10:49 jammy-provider-cloud-0000007603 neutron-server[91132]: DEBUG oslo_service.service [-] oslo_policy.remote_ssl_verify_server_crt = False {{(pid=91132) log_opt_values /opt/stack/data/venv/lib/python3.10/site-packages/oslo_config/cfg.py:2826}}
Sep 10 14:10:49 jammy-provider-cloud-0000007603 neutron-server[91132]: DEBUG oslo_service.service [-] oslo_messaging_metrics.metrics_buffer_size = 1000 {{(pid=91132) log_opt_values /opt/stack/data/venv/lib/python3.10/site-packages/oslo_config/cfg.py:2826}}
Sep 10 14:10:49 jammy-provider-cloud-0000007603 neutron-server[91132]: DEBUG oslo_service.service [-] oslo_messaging_metrics.metrics_enabled = False {{(pid=91132) log_opt_values /opt/stack/data/venv/lib/python3.10/site-packages/oslo_config/cfg.py:2826}}
Sep 10 14:10:49 jammy-provider-cloud-0000007603 neutron-server[91132]: DEBUG oslo_service.service [-] oslo_messaging_metrics.metrics_process_name =  {{(pid=91132) log_opt_values /opt/stack/data/venv/lib/python3.10/site-packages/oslo_config/cfg.py:2826}}
Sep 10 14:10:49 jammy-provider-cloud-0000007603 neutron-server[91132]: DEBUG oslo_service.service [-] oslo_messaging_metrics.metrics_socket_file = /var/tmp/metrics_collector.sock {{(pid=91132) log_opt_values /opt/stack/data/venv/lib/python3.10/site-packages/oslo_config/cfg.py:2826}}
Sep 10 14:10:49 jammy-provider-cloud-0000007603 neutron-server[91132]: DEBUG oslo_service.service [-] oslo_messaging_metrics.metrics_thread_stop_timeout = 10 {{(pid=91132) log_opt_values /opt/stack/data/venv/lib/python3.10/site-packages/oslo_config/cfg.py:2826}}
Sep 10 14:10:49 jammy-provider-cloud-0000007603 neutron-server[91132]: DEBUG oslo_service.service [-] oslo_middleware.enable_proxy_headers_parsing = False {{(pid=91132) log_opt_values /opt/stack/data/venv/lib/python3.10/site-packages/oslo_config/cfg.py:2826}}
Sep 10 14:10:49 jammy-provider-cloud-0000007603 neutron-server[91132]: DEBUG oslo_service.service [-] oslo_middleware.http_basic_auth_user_file = /etc/htpasswd {{(pid=91132) log_opt_values /opt/stack/data/venv/lib/python3.10/site-packages/oslo_config/cfg.py:2826}}
Sep 10 14:10:49 jammy-provider-cloud-0000007603 neutron-server[91132]: DEBUG oslo_service.service [-] service_providers.service_provider = [] {{(pid=91132) log_opt_values /opt/stack/data/venv/lib/python3.10/site-packages/oslo_config/cfg.py:2826}}
Sep 10 14:10:49 jammy-provider-cloud-0000007603 neutron-server[91132]: DEBUG oslo_service.service [-] nova.auth_section              = None {{(pid=91132) log_opt_values /opt/stack/data/venv/lib/python3.10/site-packages/oslo_config/cfg.py:2826}}
Sep 10 14:10:49 jammy-provider-cloud-0000007603 neutron-server[91132]: DEBUG oslo_service.service [-] nova.auth_type                 = password {{(pid=91132) log_opt_values /opt/stack/data/venv/lib/python3.10/site-packages/oslo_config/cfg.py:2826}}
Sep 10 14:10:49 jammy-provider-cloud-0000007603 neutron-server[91132]: DEBUG oslo_service.service [-] nova.auth_url                  = http://10.201.5.87/identity {{(pid=91132) log_opt_values /opt/stack/data/venv/lib/python3.10/site-packages/oslo_config/cfg.py:2826}}
Sep 10 14:10:49 jammy-provider-cloud-0000007603 neutron-server[91132]: DEBUG oslo_service.service [-] nova.cafile                    = /opt/stack/data/ca-bundle.pem {{(pid=91132) log_opt_values /opt/stack/data/venv/lib/python3.10/site-packages/oslo_config/cfg.py:2826}}
Sep 10 14:10:49 jammy-provider-cloud-0000007603 neutron-server[91132]: DEBUG oslo_service.service [-] nova.certfile                  = None {{(pid=91132) log_opt_values /opt/stack/data/venv/lib/python3.10/site-packages/oslo_config/cfg.py:2826}}
Sep 10 14:10:49 jammy-provider-cloud-0000007603 neutron-server[91132]: DEBUG oslo_service.service [-] nova.collect_timing            = False {{(pid=91132) log_opt_values /opt/stack/data/venv/lib/python3.10/site-packages/oslo_config/cfg.py:2826}}
Sep 10 14:10:49 jammy-provider-cloud-0000007603 neutron-server[91132]: DEBUG oslo_service.service [-] nova.default_domain_id         = None {{(pid=91132) log_opt_values /opt/stack/data/venv/lib/python3.10/site-packages/oslo_config/cfg.py:2826}}
Sep 10 14:10:49 jammy-provider-cloud-0000007603 neutron-server[91132]: DEBUG oslo_service.service [-] nova.default_domain_name       = None {{(pid=91132) log_opt_values /opt/stack/data/venv/lib/python3.10/site-packages/oslo_config/cfg.py:2826}}
Sep 10 14:10:49 jammy-provider-cloud-0000007603 neutron-server[91132]: DEBUG oslo_service.service [-] nova.domain_id                 = None {{(pid=91132) log_opt_values /opt/stack/data/venv/lib/python3.10/site-packages/oslo_config/cfg.py:2826}}
Sep 10 14:10:49 jammy-provider-cloud-0000007603 neutron-server[91132]: DEBUG oslo_service.service [-] nova.domain_name               = None {{(pid=91132) log_opt_values /opt/stack/data/venv/lib/python3.10/site-packages/oslo_config/cfg.py:2826}}
Sep 10 14:10:49 jammy-provider-cloud-0000007603 neutron-server[91132]: DEBUG oslo_service.service [-] nova.endpoint_type             = public {{(pid=91132) log_opt_values /opt/stack/data/venv/lib/python3.10/site-packages/oslo_config/cfg.py:2826}}
Sep 10 14:10:49 jammy-provider-cloud-0000007603 neutron-server[91132]: DEBUG oslo_service.service [-] nova.insecure                  = False {{(pid=91132) log_opt_values /opt/stack/data/venv/lib/python3.10/site-packages/oslo_config/cfg.py:2826}}
Sep 10 14:10:49 jammy-provider-cloud-0000007603 neutron-server[91132]: DEBUG oslo_service.service [-] nova.keyfile                   = None {{(pid=91132) log_opt_values /opt/stack/data/venv/lib/python3.10/site-packages/oslo_config/cfg.py:2826}}
Sep 10 14:10:49 jammy-provider-cloud-0000007603 neutron-server[91317]: INFO neutron.db.ovn_hash_ring_db [None req-f3a8642c-4676-41f1-b6f9-6240162d50c2 None None] Node 591c76f9-eff4-435d-af7b-3309e5bff5e0 from host "jammy-provider-cloud-0000007603" and group "mechanism_driver" added to the Hash Ring
Sep 10 14:10:49 jammy-provider-cloud-0000007603 neutron-server[91132]: DEBUG oslo_service.service [-] nova.password                  = **** {{(pid=91132) log_opt_values /opt/stack/data/venv/lib/python3.10/site-packages/oslo_config/cfg.py:2826}}
Sep 10 14:10:49 jammy-provider-cloud-0000007603 neutron-server[91132]: DEBUG oslo_service.service [-] nova.project_domain_id         = None {{(pid=91132) log_opt_values /opt/stack/data/venv/lib/python3.10/site-packages/oslo_config/cfg.py:2826}}
Sep 10 14:10:49 jammy-provider-cloud-0000007603 neutron-server[91132]: DEBUG oslo_service.service [-] nova.project_domain_name       = Default {{(pid=91132) log_opt_values /opt/stack/data/venv/lib/python3.10/site-packages/oslo_config/cfg.py:2826}}
Sep 10 14:10:49 jammy-provider-cloud-0000007603 neutron-server[91132]: DEBUG oslo_service.service [-] nova.project_id                = None {{(pid=91132) log_opt_values /opt/stack/data/venv/lib/python3.10/site-packages/oslo_config/cfg.py:2826}}
Sep 10 14:10:49 jammy-provider-cloud-0000007603 neutron-server[91132]: DEBUG oslo_service.service [-] nova.project_name              = service {{(pid=91132) log_opt_values /opt/stack/data/venv/lib/python3.10/site-packages/oslo_config/cfg.py:2826}}
Sep 10 14:10:49 jammy-provider-cloud-0000007603 neutron-server[91132]: DEBUG oslo_service.service [-] nova.region_name               = RegionOne {{(pid=91132) log_opt_values /opt/stack/data/venv/lib/python3.10/site-packages/oslo_config/cfg.py:2826}}
Sep 10 14:10:49 jammy-provider-cloud-0000007603 neutron-server[91132]: DEBUG oslo_service.service [-] nova.split_loggers             = False {{(pid=91132) log_opt_values /opt/stack/data/venv/lib/python3.10/site-packages/oslo_config/cfg.py:2826}}
Sep 10 14:10:49 jammy-provider-cloud-0000007603 neutron-server[91132]: DEBUG oslo_service.service [-] nova.system_scope              = None {{(pid=91132) log_opt_values /opt/stack/data/venv/lib/python3.10/site-packages/oslo_config/cfg.py:2826}}
Sep 10 14:10:49 jammy-provider-cloud-0000007603 neutron-server[91317]: DEBUG oslo_concurrency.lockutils [None req-f3a8642c-4676-41f1-b6f9-6240162d50c2 None None] Lock "hash_ring_probe_lock" "released" by "neutron.plugins.ml2.drivers.ovn.mech_driver.mech_driver.OVNMechanismDriver._setup_hash_ring" :: held 0.048s {{(pid=91317) inner /opt/stack/data/venv/lib/python3.10/site-packages/oslo_concurrency/lockutils.py:421}}
Sep 10 14:10:49 jammy-provider-cloud-0000007603 neutron-server[91132]: DEBUG oslo_service.service [-] nova.timeout                   = None {{(pid=91132) log_opt_values /opt/stack/data/venv/lib/python3.10/site-packages/oslo_config/cfg.py:2826}}
Sep 10 14:10:49 jammy-provider-cloud-0000007603 neutron-server[91132]: DEBUG oslo_service.service [-] nova.trust_id                  = None {{(pid=91132) log_opt_values /opt/stack/data/venv/lib/python3.10/site-packages/oslo_config/cfg.py:2826}}
Sep 10 14:10:49 jammy-provider-cloud-0000007603 neutron-server[91132]: DEBUG oslo_service.service [-] nova.user_domain_id            = None {{(pid=91132) log_opt_values /opt/stack/data/venv/lib/python3.10/site-packages/oslo_config/cfg.py:2826}}
Sep 10 14:10:49 jammy-provider-cloud-0000007603 neutron-server[91132]: DEBUG oslo_service.service [-] nova.user_domain_name          = Default {{(pid=91132) log_opt_values /opt/stack/data/venv/lib/python3.10/site-packages/oslo_config/cfg.py:2826}}
Sep 10 14:10:49 jammy-provider-cloud-0000007603 neutron-server[91132]: DEBUG oslo_service.service [-] nova.user_id                   = None {{(pid=91132) log_opt_values /opt/stack/data/venv/lib/python3.10/site-packages/oslo_config/cfg.py:2826}}
Sep 10 14:10:49 jammy-provider-cloud-0000007603 neutron-server[91132]: DEBUG oslo_service.service [-] nova.username                  = nova {{(pid=91132) log_opt_values /opt/stack/data/venv/lib/python3.10/site-packages/oslo_config/cfg.py:2826}}
Sep 10 14:10:49 jammy-provider-cloud-0000007603 neutron-server[91132]: DEBUG oslo_service.service [-] placement.auth_section         = None {{(pid=91132) log_opt_values /opt/stack/data/venv/lib/python3.10/site-packages/oslo_config/cfg.py:2826}}
Sep 10 14:10:49 jammy-provider-cloud-0000007603 neutron-server[91132]: DEBUG oslo_service.service [-] placement.auth_type            = password {{(pid=91132) log_opt_values /opt/stack/data/venv/lib/python3.10/site-packages/oslo_config/cfg.py:2826}}
Sep 10 14:10:49 jammy-provider-cloud-0000007603 neutron-server[91132]: DEBUG oslo_service.service [-] placement.cafile               = /opt/stack/data/ca-bundle.pem {{(pid=91132) log_opt_values /opt/stack/data/venv/lib/python3.10/site-packages/oslo_config/cfg.py:2826}}
Sep 10 14:10:49 jammy-provider-cloud-0000007603 neutron-server[91132]: DEBUG oslo_service.service [-] placement.certfile             = None {{(pid=91132) log_opt_values /opt/stack/data/venv/lib/python3.10/site-packages/oslo_config/cfg.py:2826}}
Sep 10 14:10:49 jammy-provider-cloud-0000007603 neutron-server[91132]: DEBUG oslo_service.service [-] placement.collect_timing       = False {{(pid=91132) log_opt_values /opt/stack/data/venv/lib/python3.10/site-packages/oslo_config/cfg.py:2826}}
Sep 10 14:10:49 jammy-provider-cloud-0000007603 neutron-server[91132]: DEBUG oslo_service.service [-] placement.endpoint_type        = public {{(pid=91132) log_opt_values /opt/stack/data/venv/lib/python3.10/site-packages/oslo_config/cfg.py:2826}}
Sep 10 14:10:49 jammy-provider-cloud-0000007603 neutron-server[91132]: DEBUG oslo_service.service [-] placement.insecure             = False {{(pid=91132) log_opt_values /opt/stack/data/venv/lib/python3.10/site-packages/oslo_config/cfg.py:2826}}
Sep 10 14:10:49 jammy-provider-cloud-0000007603 neutron-server[91132]: DEBUG oslo_service.service [-] placement.keyfile              = None {{(pid=91132) log_opt_values /opt/stack/data/venv/lib/python3.10/site-packages/oslo_config/cfg.py:2826}}
Sep 10 14:10:49 jammy-provider-cloud-0000007603 neutron-server[91132]: DEBUG oslo_service.service [-] placement.region_name          = None {{(pid=91132) log_opt_values /opt/stack/data/venv/lib/python3.10/site-packages/oslo_config/cfg.py:2826}}
Sep 10 14:10:49 jammy-provider-cloud-0000007603 neutron-server[91132]: DEBUG oslo_service.service [-] placement.split_loggers        = False {{(pid=91132) log_opt_values /opt/stack/data/venv/lib/python3.10/site-packages/oslo_config/cfg.py:2826}}
Sep 10 14:10:49 jammy-provider-cloud-0000007603 neutron-server[91132]: DEBUG oslo_service.service [-] placement.timeout              = None {{(pid=91132) log_opt_values /opt/stack/data/venv/lib/python3.10/site-packages/oslo_config/cfg.py:2826}}
Sep 10 14:10:49 jammy-provider-cloud-0000007603 neutron-server[91132]: DEBUG oslo_service.service [-] ironic.auth_section            = None {{(pid=91132) log_opt_values /opt/stack/data/venv/lib/python3.10/site-packages/oslo_config/cfg.py:2826}}
Sep 10 14:10:49 jammy-provider-cloud-0000007603 neutron-server[91132]: DEBUG oslo_service.service [-] ironic.auth_type               = None {{(pid=91132) log_opt_values /opt/stack/data/venv/lib/python3.10/site-packages/oslo_config/cfg.py:2826}}
Sep 10 14:10:49 jammy-provider-cloud-0000007603 neutron-server[91132]: DEBUG oslo_service.service [-] ironic.cafile                  = None {{(pid=91132) log_opt_values /opt/stack/data/venv/lib/python3.10/site-packages/oslo_config/cfg.py:2826}}
Sep 10 14:10:49 jammy-provider-cloud-0000007603 neutron-server[91132]: DEBUG oslo_service.service [-] ironic.certfile                = None {{(pid=91132) log_opt_values /opt/stack/data/venv/lib/python3.10/site-packages/oslo_config/cfg.py:2826}}
Sep 10 14:10:49 jammy-provider-cloud-0000007603 neutron-server[91132]: DEBUG oslo_service.service [-] ironic.collect_timing          = False {{(pid=91132) log_opt_values /opt/stack/data/venv/lib/python3.10/site-packages/oslo_config/cfg.py:2826}}
Sep 10 14:10:49 jammy-provider-cloud-0000007603 neutron-server[91132]: DEBUG oslo_service.service [-] ironic.connect_retries         = None {{(pid=91132) log_opt_values /opt/stack/data/venv/lib/python3.10/site-packages/oslo_config/cfg.py:2826}}
Sep 10 14:10:49 jammy-provider-cloud-0000007603 neutron-server[91132]: DEBUG oslo_service.service [-] ironic.connect_retry_delay     = None {{(pid=91132) log_opt_values /opt/stack/data/venv/lib/python3.10/site-packages/oslo_config/cfg.py:2826}}
Sep 10 14:10:49 jammy-provider-cloud-0000007603 neutron-server[91132]: DEBUG oslo_service.service [-] ironic.enable_notifications    = False {{(pid=91132) log_opt_values /opt/stack/data/venv/lib/python3.10/site-packages/oslo_config/cfg.py:2826}}
Sep 10 14:10:49 jammy-provider-cloud-0000007603 neutron-server[91132]: DEBUG oslo_service.service [-] ironic.endpoint_override       = None {{(pid=91132) log_opt_values /opt/stack/data/venv/lib/python3.10/site-packages/oslo_config/cfg.py:2826}}
Sep 10 14:10:49 jammy-provider-cloud-0000007603 neutron-server[91132]: DEBUG oslo_service.service [-] ironic.insecure                = False {{(pid=91132) log_opt_values /opt/stack/data/venv/lib/python3.10/site-packages/oslo_config/cfg.py:2826}}
Sep 10 14:10:49 jammy-provider-cloud-0000007603 neutron-server[91132]: DEBUG oslo_service.service [-] ironic.interface               = None {{(pid=91132) log_opt_values /opt/stack/data/venv/lib/python3.10/site-packages/oslo_config/cfg.py:2826}}
Sep 10 14:10:49 jammy-provider-cloud-0000007603 neutron-server[91132]: DEBUG oslo_service.service [-] ironic.keyfile                 = None {{(pid=91132) log_opt_values /opt/stack/data/venv/lib/python3.10/site-packages/oslo_config/cfg.py:2826}}
Sep 10 14:10:49 jammy-provider-cloud-0000007603 neutron-server[91132]: DEBUG oslo_service.service [-] ironic.max_version             = None {{(pid=91132) log_opt_values /opt/stack/data/venv/lib/python3.10/site-packages/oslo_config/cfg.py:2826}}
Sep 10 14:10:49 jammy-provider-cloud-0000007603 neutron-server[91132]: DEBUG oslo_service.service [-] ironic.min_version             = None {{(pid=91132) log_opt_values /opt/stack/data/venv/lib/python3.10/site-packages/oslo_config/cfg.py:2826}}
Sep 10 14:10:49 jammy-provider-cloud-0000007603 neutron-server[91132]: DEBUG oslo_service.service [-] ironic.region_name             = None {{(pid=91132) log_opt_values /opt/stack/data/venv/lib/python3.10/site-packages/oslo_config/cfg.py:2826}}
Sep 10 14:10:49 jammy-provider-cloud-0000007603 neutron-server[91132]: DEBUG oslo_service.service [-] ironic.retriable_status_codes  = None {{(pid=91132) log_opt_values /opt/stack/data/venv/lib/python3.10/site-packages/oslo_config/cfg.py:2826}}
Sep 10 14:10:49 jammy-provider-cloud-0000007603 neutron-server[91132]: DEBUG oslo_service.service [-] ironic.service_name            = None {{(pid=91132) log_opt_values /opt/stack/data/venv/lib/python3.10/site-packages/oslo_config/cfg.py:2826}}
Sep 10 14:10:49 jammy-provider-cloud-0000007603 neutron-server[91132]: DEBUG oslo_service.service [-] ironic.service_type            = None {{(pid=91132) log_opt_values /opt/stack/data/venv/lib/python3.10/site-packages/oslo_config/cfg.py:2826}}
Sep 10 14:10:49 jammy-provider-cloud-0000007603 neutron-server[91317]: INFO neutron.plugins.ml2.drivers.ovn.mech_driver.ovsdb.impl_idl_ovn [None req-f3a8642c-4676-41f1-b6f9-6240162d50c2 None None] Getting OvsdbNbOvnIdl for WorkerService with retry
Sep 10 14:10:49 jammy-provider-cloud-0000007603 neutron-server[91132]: DEBUG oslo_service.service [-] ironic.split_loggers           = False {{(pid=91132) log_opt_values /opt/stack/data/venv/lib/python3.10/site-packages/oslo_config/cfg.py:2826}}
Sep 10 14:10:49 jammy-provider-cloud-0000007603 neutron-server[91132]: DEBUG oslo_service.service [-] ironic.status_code_retries     = None {{(pid=91132) log_opt_values /opt/stack/data/venv/lib/python3.10/site-packages/oslo_config/cfg.py:2826}}
Sep 10 14:10:49 jammy-provider-cloud-0000007603 neutron-server[91132]: DEBUG oslo_service.service [-] ironic.status_code_retry_delay = None {{(pid=91132) log_opt_values /opt/stack/data/venv/lib/python3.10/site-packages/oslo_config/cfg.py:2826}}
Sep 10 14:10:49 jammy-provider-cloud-0000007603 neutron-server[91132]: DEBUG oslo_service.service [-] ironic.timeout                 = None {{(pid=91132) log_opt_values /opt/stack/data/venv/lib/python3.10/site-packages/oslo_config/cfg.py:2826}}
Sep 10 14:10:49 jammy-provider-cloud-0000007603 neutron-server[91132]: DEBUG oslo_service.service [-] ironic.valid_interfaces        = None {{(pid=91132) log_opt_values /opt/stack/data/venv/lib/python3.10/site-packages/oslo_config/cfg.py:2826}}
Sep 10 14:10:49 jammy-provider-cloud-0000007603 neutron-server[91132]: DEBUG oslo_service.service [-] ironic.version                 = None {{(pid=91132) log_opt_values /opt/stack/data/venv/lib/python3.10/site-packages/oslo_config/cfg.py:2826}}
Sep 10 14:10:49 jammy-provider-cloud-0000007603 neutron-server[91132]: DEBUG oslo_service.service [-] cli_script.dry_run             = False {{(pid=91132) log_opt_values /opt/stack/data/venv/lib/python3.10/site-packages/oslo_config/cfg.py:2826}}
Sep 10 14:10:49 jammy-provider-cloud-0000007603 neutron-server[91132]: DEBUG oslo_service.service [-] oslo_messaging_rabbit.amqp_auto_delete = False {{(pid=91132) log_opt_values /opt/stack/data/venv/lib/python3.10/site-packages/oslo_config/cfg.py:2826}}
Sep 10 14:10:49 jammy-provider-cloud-0000007603 neutron-server[91132]: DEBUG oslo_service.service [-] oslo_messaging_rabbit.amqp_durable_queues = False {{(pid=91132) log_opt_values /opt/stack/data/venv/lib/python3.10/site-packages/oslo_config/cfg.py:2826}}
Sep 10 14:10:49 jammy-provider-cloud-0000007603 neutron-server[91132]: DEBUG oslo_service.service [-] oslo_messaging_rabbit.conn_pool_min_size = 2 {{(pid=91132) log_opt_values /opt/stack/data/venv/lib/python3.10/site-packages/oslo_config/cfg.py:2826}}
Sep 10 14:10:49 jammy-provider-cloud-0000007603 neutron-server[91132]: DEBUG oslo_service.service [-] oslo_messaging_rabbit.conn_pool_ttl = 1200 {{(pid=91132) log_opt_values /opt/stack/data/venv/lib/python3.10/site-packages/oslo_config/cfg.py:2826}}
Sep 10 14:10:49 jammy-provider-cloud-0000007603 neutron-server[91132]: DEBUG oslo_service.service [-] oslo_messaging_rabbit.direct_mandatory_flag = True {{(pid=91132) log_opt_values /opt/stack/data/venv/lib/python3.10/site-packages/oslo_config/cfg.py:2826}}
