"pcp-dstat 6.2.0 CSV Output"
"Author:","PCP team <pcp@groups.io> and Dag Wieers <dag@wieers.com>",,,,"URL:","https://pcp.io/ and http://dag.wieers.com/home-made/dstat/"
"Host:","ubuntu",,,,"User:","ubuntu"
"Cmdline:","dstat -tcmndrylpg --tcp --output /tmp/devstack_logs/dstat-csv.log",,,,"Date:","25 Jun 2026 21:04:52 UTC"
"system","total usage",,,,,"memory usage",,,,"net/total",,"dsk/total",,"io/total",,"system",,"load avg",,,"procs",,,"paging",,"tcp sockets",,,,
"time","total usage:usr","total usage:sys","total usage:idl","total usage:wai","total usage:stl","used","free","buf","cach","net/total:recv","net/total:send","dsk/total:read","dsk/total:writ","read","writ","int","csw","1m","5m","15m","run","blk","new","in","out","lis","act","syn","tim","clo"
25-06 21:04:52,,985020,1436836,166868,5219188,,,,,,,1.510,0.870,0.500,1,0,,,,10,4,0,17,0
25-06 21:04:53,7.746,19.739,70.461,0,0,998692,1423128,166868,5219224,7878.651,2361.696,0,551.695,0,77.957,5069,3395,1.510,0.870,0.500,1,0,299.834,0,0,10,4,0,17,0
25-06 21:04:54,8.245,20.488,68.711,0,0,989816,1431976,166868,5219252,5348.939,1619.073,0,7.995,0,1.999,5047,3270,1.550,0.890,0.510,2,0,291.833,0,0,10,4,0,17,0
25-06 21:04:55,11.739,21.480,65.440,0,0,996832,1424784,166868,5219752,9535.197,1894.251,0,3304.949,0,16.984,5477,4326,1.550,0.890,0.510,3,0,272.748,0,0,10,3,0,17,1
25-06 21:04:56,26.291,18.028,54.335,0,0,986312,1434868,166892,5219716,18295.719,7510.790,0,925.453,0,28.044,5257,4634,1.550,0.890,0.510,4,0,237.373,0,0,10,4,0,17,1
25-06 21:04:57,41.486,14.995,41.236,1.499,0,1114216,1298452,167064,5352512,42758.733,14004.327,7221.590,3506.830,129.957,155.948,5741,7145,1.550,0.890,0.510,3,0,178.940,0,0,11,7,2,17,1
25-06 21:04:58,31.037,11.514,56.317,0.501,0,1141100,1270988,167192,5352840,22767.224,13102.668,0,1601.915,0,55.066,3981,2725,1.550,0.890,0.510,2,0,139.166,0,0,11,7,2,17,1
25-06 21:04:59,32.749,10.250,54.748,0.500,0,1216496,1194420,167396,5355712,42413.328,13769.457,31.999,2891.886,2.000,77.997,3965,5861,1.510,0.890,0.510,3,0,104.996,0,0,11,7,2,19,1
25-06 21:05:00,38.282,5.966,53.446,0.746,0,1231808,1162232,167728,5369172,140956.865,13132.362,0,3030.774,0,52.700,3284,9461,1.510,0.890,0.510,3,0,1.989,0,0,11,6,2,20,2
25-06 21:05:01,36.430,7.286,46.731,7.537,0,1254964,1117248,169088,5387384,48767.799,2868.162,0,27680.678,0,1924.503,9618,15577,1.510,0.890,0.510,1,1,29.144,0,0,11,8,2,20,2
25-06 21:05:02,32.658,8.725,41.134,14.459,0,1260324,1086688,170292,5409016,5444.680,1763.039,0,60027.099,0,4474.410,15640,29322,1.510,0.890,0.510,3,1,56.840,0,0,11,8,2,20,2
25-06 21:05:03,41.591,9.521,46.101,1.503,0,1256912,1069064,170768,5427792,5171.341,1739.816,0,15157.241,0,807.772,5220,6048,1.510,0.890,0.510,3,0,75.165,0,0,11,6,2,19,2
25-06 21:05:04,42.915,5.739,48.154,1.497,0,1299696,1009752,171840,5440696,5309.443,1690.638,0,3984.078,0,280.442,3278,2342,1.710,0.940,0.530,6,0,0,0,0,11,6,2,19,2
25-06 21:05:05,44.651,5.268,47.912,1.254,0,1276788,1003100,172784,5466716,5297.887,1699.739,0,8328.118,0,532.799,3886,3486,1.710,0.940,0.530,3,0,10.034,0,0,11,6,2,19,2
25-06 21:05:06,42.584,6.475,48.561,0.498,0,1325820,963780,173316,5455516,6692.965,1930.491,0,2530.158,0,241.062,3198,1883,1.710,0.940,0.530,6,0,1.992,0,0,11,4,2,19,0
25-06 21:05:07,38.631,8.529,52.428,0,0,1299008,989516,173320,5456588,12546.501,4510.278,0,658.230,0,47.160,3670,2218,1.710,0.940,0.530,3,0,120.408,0,0,11,5,2,19,0
25-06 21:05:08,30.496,24.497,42.994,0.250,0,1282088,999908,173592,5461968,6249.164,1705.772,0,1759.765,0,151.980,10761,16587,1.710,0.940,0.530,3,0,401.946,0,0,11,4,2,19,0
25-06 21:05:09,35.413,23.941,39.403,0,0,1259952,1020556,173676,5463548,4907.944,1689.849,0,107.735,0,5.985,12672,19678,1.730,0.960,0.540,3,0,338.169,0,0,11,4,2,19,0
25-06 21:05:10,55.974,16.742,25.738,0,0,1238896,1049216,173744,5456388,4515.879,1457.316,0,23005.197,0,336.842,5766,5860,1.730,0.960,0.540,3,0,146.931,0,0,11,5,2,19,0
25-06 21:05:11,68.171,7.769,24.812,0,0,1297572,990288,173744,5456756,4899.261,1624.064,0,188.472,0,2.005,3756,1637,1.730,0.960,0.540,4,0,25.063,0,0,11,5,2,13,0
25-06 21:05:12,47.514,10.003,41.762,0,0,1325628,960140,173748,5458844,4893.411,1512.436,0,2088.602,0,109.031,3587,3841,1.730,0.960,0.540,3,0,50.014,0,0,11,5,2,13,0
25-06 21:05:13,13.234,10.487,75.408,0.250,0,1308572,976832,173764,5459180,4840.112,1606.046,0,3347.928,0,77.905,3462,3207,1.730,0.960,0.540,2,0,140.829,0,0,11,4,2,13,0
25-06 21:05:14,22.001,4.000,73.254,0,0,1360276,925124,173764,5459184,4596.247,1606.086,0,0,0,0,1801,1245,1.670,0.960,0.540,3,0,0,0,0,11,4,2,13,0
25-06 21:05:15,24.033,2.253,72.850,0,0.250,1382016,903200,173764,5459368,4492.137,1568.142,0,9897.522,0,62.085,1825,1261,1.670,0.960,0.540,2,0,0,0,0,11,4,2,13,0
25-06 21:05:16,23.678,2.243,71.034,1.745,0,1391684,893372,173868,5459424,5133.373,1507.411,0,4470.391,0,347.941,4042,5526,1.670,0.960,0.540,1,0,0.997,0,0,11,4,2,15,0
25-06 21:05:17,19.520,7.257,72.825,0,0,1366048,918968,173872,5459428,5165.320,1769.823,0,336.346,0,7.007,2421,1872,1.670,0.960,0.540,2,0,43.044,0,0,11,4,2,15,0
25-06 21:05:18,18.748,1.250,78.742,0.250,0,1385704,899072,173880,5459620,7205.312,3950.623,0,1031.902,0,51.995,1693,1234,1.670,0.960,0.540,2,0,0,0,0,11,11,2,15,0
25-06 21:05:19,20.476,2.996,74.662,0.499,0,1390744,893556,173932,5459984,8044.567,5095.026,267.686,1454.295,65.923,26.968,2689,2721,1.620,0.960,0.540,0,0,2.996,0,0,11,29,2,15,0
25-06 21:05:20,18.989,6.496,73.457,0,0,1414896,869384,173932,5460004,8075.284,4178.560,0,31401.662,0,192.887,3002,2306,1.620,0.960,0.540,1,0,42.975,0,0,11,28,2,16,0
25-06 21:05:21,19.046,2.757,77.940,0,0,1455312,828964,173932,5460008,9272.604,5713.929,0,693.691,0,4.010,1808,1316,1.620,0.960,0.540,1,0,0,0,0,11,29,2,16,0
25-06 21:05:22,19.532,9.766,69.614,0,0,1431604,852652,173932,5460028,7837.784,4466.285,0,16.026,0,4.007,3481,2680,1.620,0.960,0.540,3,0,156.255,0,0,11,28,2,17,0
25-06 21:05:23,41.636,6.981,49.614,0,0,1540712,743536,173932,5460032,5716.315,2366.506,0,0,0,0,2792,1418,1.620,0.960,0.540,3,0,0,0,0,11,29,2,15,0
25-06 21:05:24,32.083,4.512,62.411,0,0,1536140,747904,173936,5460232,21521.638,17907.295,0,112.290,0,6.016,6041,7697,1.650,0.980,0.550,2,0,0,0,0,11,30,2,15,0
25-06 21:05:25,51.528,26.264,21.762,0.250,0,1516040,767952,173944,5460276,5964.184,2540.356,0,324.173,0,33.018,5871,5569,1.650,0.980,0.550,6,0,540.288,0,0,11,28,2,16,0
25-06 21:05:26,84.502,14.500,0.250,0,0,1724900,559076,173944,5460288,9336.174,5709.106,0,152.003,0,8.000,5022,2646,1.650,0.980,0.550,6,0,38.001,0,0,11,30,2,16,0
25-06 21:05:27,76.699,10.743,11.992,0,0,1838604,445308,173948,5460340,34044.540,29191.741,0,147.902,0,8.994,7926,9084,1.650,0.980,0.550,6,0,0.999,0,0,11,34,2,16,0
25-06 21:05:28,71.260,14.701,13.455,0,0,1572256,711412,173972,5460560,20454.208,15032.442,0,697.654,0,72.755,7399,9858,1.650,0.980,0.550,3,0,249.162,0,0,11,28,2,22,0
25-06 21:05:29,18.260,8.004,72.539,0,0,1537448,746216,173972,5460564,4790.572,1566.841,0,220.118,0,8.004,2519,1790,1.600,0.980,0.560,3,0,60.032,0,0,11,28,2,22,0
25-06 21:05:30,18.524,2.253,77.851,0,0,1540592,743064,173972,5460572,9282.024,6179.004,0,140.182,0,10.013,2285,2143,1.600,0.980,0.560,1,0,0,0,0,11,29,2,22,0
25-06 21:05:31,16.741,6.996,75.459,0,0,1502432,781204,173976,5460588,7312.019,3910.871,0,1850.992,0,33.981,3325,3129,1.600,0.980,0.560,2,0,67.963,0,0,11,28,2,23,0
25-06 21:05:32,20.253,2.250,76.262,0,0,1510500,773136,173976,5460588,6252.021,3208.524,0,148.024,0,10.002,1762,1224,1.600,0.980,0.560,1,0,0,0,0,11,29,2,23,0
25-06 21:05:33,18.786,2.505,77.397,0.501,0,1463320,820288,173984,5460608,10232.448,6381.128,0,613.165,0,48.091,3001,3417,1.600,0.980,0.560,1,0,4.008,0,0,11,28,2,24,0
25-06 21:05:34,8.235,22.708,67.874,0,0,1437144,846456,173984,5460616,4956.821,1636.969,0,187.653,0,8.983,5807,4079,1.550,0.980,0.560,2,0,440.185,0,0,11,28,2,24,0
25-06 21:05:35,42.807,31.292,25.534,0,0.250,1474992,808560,173988,5460660,4972.617,1568.087,0,252.336,0,21.028,5812,4582,1.550,0.980,0.560,5,0,593.790,0,0,11,28,2,24,0
25-06 21:05:36,85.572,13.261,1.501,0,0,1708200,575340,173996,5460664,8024.799,4342.679,0,90364.559,0,611.518,5414,3605,1.550,0.980,0.560,7,0,0,0,0,11,30,2,24,0
25-06 21:05:37,65.232,8.248,25.243,0,0,1744180,539144,173996,5460872,41499.372,37756.421,0,75.979,0,5.998,7266,11476,1.550,0.980,0.560,3,0,1.000,0,0,11,33,2,24,0
25-06 21:05:38,70.916,17.979,10.238,0,0,1611504,671664,174024,5461004,17827.851,12429.255,0,731.133,0,75.910,8683,10552,1.550,0.980,0.560,6,0,309.633,0,0,11,28,2,25,0
25-06 21:05:39,85.397,14.525,0,0,0,1700984,582148,174048,5461016,4988.600,1622.798,0,5886.147,0,284.490,5335,3548,1.900,1.060,0.590,6,0,0,0,0,11,28,2,25,0
25-06 21:05:40,80.641,12.196,6.720,0,0,1858372,424664,174052,5461080,30373.959,27024.849,0,223.009,0,9.956,6887,6514,1.900,1.060,0.590,6,0,0,0,0,11,34,2,25,0
25-06 21:05:41,71.250,8.279,18.816,0.502,0,1832268,450412,174056,5461516,45007.020,39018.996,0,11391.997,0,469.649,11683,17720,1.900,1.060,0.590,5,0,50.176,0,0,11,28,2,30,0
25-06 21:05:42,51.143,16.216,31.933,0,0,1529848,752756,174056,5461536,4716.088,1562.715,0,175.631,0,10.977,3872,2681,1.900,1.060,0.590,2,0,253.467,0,0,11,28,2,30,0
25-06 21:05:43,35.548,4.256,59.830,0,0,1564468,718120,174060,5461548,13774.456,10013.417,0,164.220,0,15.020,3042,2306,1.900,1.060,0.590,2,0,0,0,0,11,30,2,30,0
25-06 21:05:44,33.806,15.275,49.081,0,0,1434572,847844,174060,5461720,15153.947,11377.730,0,2335.845,0,149.246,6373,7134,1.830,1.060,0.590,5,0,296.488,0,0,11,28,2,27,0
25-06 21:05:45,62.497,13.499,23.749,0,0,1582560,699836,174064,5461736,4651.791,1511.932,0,215.990,0,11.000,3837,1902,1.830,1.060,0.590,3,0,81.996,0,0,11,28,2,27,0
25-06 21:05:46,46.732,5.498,46.982,0,0,1625516,656824,174072,5461784,26263.002,24164.801,0,539.795,0,12.995,6082,7385,1.830,1.060,0.590,1,0,0,0,0,11,31,2,27,0
25-06 21:05:47,66.760,18.753,13.502,0.250,0,1545508,736768,174084,5461836,12164.797,7181.061,0,492.073,0,52.008,6520,6338,1.830,1.060,0.590,4,0,259.038,0,0,11,28,2,28,0
25-06 21:05:48,70.303,9.972,19.445,0,0,1675440,606816,174088,5461852,20819.535,17092.003,0,231.350,0,17.950,5292,3794,1.830,1.060,0.590,4,0,0,0,0,11,32,2,25,0
25-06 21:05:49,64.928,9.777,24.066,0.251,0.251,1644260,637888,174108,5461940,30261.135,26288.220,0,389.069,0,39.107,9453,12944,1.850,1.080,0.600,6,0,123.339,0,0,11,28,2,28,0
25-06 21:05:50,65.018,15.754,18.755,0,0,1580536,701592,174112,5461956,4379.243,1512.429,0,236.067,0,12.003,4277,2560,1.850,1.080,0.600,3,0,201.057,0,0,11,28,2,28,0
25-06 21:05:51,49.484,5.748,43.986,0,0,1624268,657768,174112,5462048,21960.824,19051.775,0,187.939,0,1.999,4650,4474,1.850,1.080,0.600,4,0,0,0,0,11,31,2,28,0
25-06 21:05:52,58.369,16.712,24.445,0,0,1528372,753336,174140,5462364,17685.300,12896.051,0,486.907,0,40.908,7192,8686,1.850,1.080,0.600,3,0,298.330,0,0,11,28,2,30,0
25-06 21:05:53,57.398,7.018,35.341,0,0,1590136,691560,174144,5462372,14017.065,11315.113,0,208.537,0,11.028,3850,2509,1.850,1.080,0.600,2,0,0,0,0,11,31,2,30,0
25-06 21:05:54,52.250,9.750,36.250,0.250,0,1504824,776624,174176,5462588,23991.064,19727.052,0,992.003,0,74.000,6837,9269,1.860,1.090,0.600,6,0,121.000,0,0,11,28,2,33,0
25-06 21:05:55,65.506,16.752,17.752,0,0,1579032,702276,174180,5462732,4952.446,1686.152,0,128.012,0,7.001,4256,2354,1.860,1.090,0.600,3,0,166.015,0,0,11,28,2,33,0
25-06 21:05:56,47.233,5.998,45.733,0,0.250,1618884,662260,174180,5462896,24495.110,21401.233,0,19.993,0,1.000,5564,6288,1.860,1.090,0.600,3,0,0,0,0,11,31,2,33,0
25-06 21:05:57,58.520,13.755,27.259,0,0,1520324,760768,174188,5462940,12455.168,7374.468,128.043,444.149,1.000,39.013,6076,5749,1.860,1.090,0.600,4,0,114.038,0,0,11,28,1,35,0
25-06 21:05:58,54.706,6.994,37.220,0,0,1634464,646488,174192,5463076,16553.671,13267.317,0,155.874,0,10.991,3954,2805,1.860,1.090,0.600,4,0,0,0,0,11,31,1,35,0
25-06 21:05:59,52.539,13.260,33.275,0.250,0,1521192,759680,174212,5463136,18929.218,15082.328,0,1020.767,0,78.059,7758,9634,1.950,1.120,0.620,6,0,212.159,0,0,11,28,1,37,0
25-06 21:06:00,70.663,28.715,0.999,0,0,1569984,710796,174216,5463192,4202.821,1260.447,0,2696.677,0,167.793,5955,13550,1.950,1.120,0.620,8,0,469.421,0,0,11,28,1,35,0
25-06 21:06:01,79.104,20.527,0,0,0,1759236,521544,174224,5463212,13398.692,9650.743,0,200.264,0,10.013,5798,4586,1.950,1.120,0.620,9,0,295.390,0,0,11,30,1,35,0
25-06 21:06:02,77.497,19.749,2.500,0.250,0,1842372,438188,174244,5463416,41427.383,37757.526,0,487.981,0,32.999,8230,9454,1.950,1.120,0.620,7,0,374.985,0,0,11,32,1,35,0
25-06 21:06:03,77.990,20.747,1.250,0,0,1704104,576200,174252,5463664,24260.793,19759.388,0,539.929,0,44.994,7680,9153,1.950,1.120,0.620,6,0,391.948,0,0,11,28,1,36,0
25-06 21:06:04,83.761,16.002,0.250,0,0,1668040,612244,174252,5463684,7968.046,6039.793,0,156.020,0,8.001,5492,3538,2.190,1.190,0.640,5,0,146.019,0,0,11,30,1,36,0
25-06 21:06:05,78.454,9.994,10.744,0,0.250,1757008,523076,174256,5463880,35312.245,29938.404,0,107.937,0,7.995,6746,8998,2.190,1.190,0.640,3,0,0,0,0,11,32,1,37,0
25-06 21:06:06,62.780,18.259,18.509,0,0,1561808,718208,174260,5463944,30053.160,25006.782,0,200.094,0,12.006,7774,12093,2.190,1.190,0.640,3,0,369.174,0,0,11,29,1,40,0
25-06 21:06:07,13.498,22.246,62.739,0,0,1453980,826008,174260,5463972,7663.606,1709.689,0,19.996,0,4.999,5372,3883,2.190,1.190,0.640,2,0,405.926,0,0,11,28,1,41,0
25-06 21:06:08,52.466,35.227,11.992,0,0,1500916,779020,174260,5464020,4559.009,775.491,0,143.906,0,12.991,6078,5405,2.190,1.190,0.640,6,0,820.462,0,0,11,28,1,41,0
25-06 21:06:09,73.542,9.756,17.760,0,0,1669688,610220,174272,5464036,16207.205,14749.377,0,556.316,0,38.022,4991,4125,2.260,1.220,0.650,2,0,7.004,0,0,11,31,1,41,0
25-06 21:06:10,58.118,10.975,28.685,0.249,0,1636504,643172,174292,5464244,25800.213,20219.928,0,538.772,0,50.884,7696,10162,2.260,1.220,0.650,5,0,133.695,0,0,11,29,1,44,0
25-06 21:06:11,83.664,15.030,0.751,0,0,1607212,672440,174300,5464260,6350.480,2455.826,0,797.567,0,87.171,5247,3086,2.260,1.220,0.650,4,0,134.264,0,0,11,28,1,45,0
25-06 21:06:12,63.793,7.755,27.519,0,0,1669136,610500,174304,5464316,31856.624,28210.149,0,160.109,0,10.007,6662,8414,2.260,1.220,0.650,3,0,0,0,0,11,32,1,45,0
25-06 21:06:13,49.996,6.000,41.997,0.250,0,1669128,610248,174308,5464568,39077.085,34666.414,0,147.989,0,9.999,12059,17881,2.260,1.220,0.650,2,0,0,0,0,11,32,1,45,0
25-06 21:06:14,72.498,13.250,13.250,0,0,1519840,759316,174316,5464736,21393.482,15626.622,0,559.986,0,62.998,8401,10893,2.400,1.260,0.670,5,0,121.997,0,0,11,28,1,45,0
25-06 21:06:15,79.292,11.221,10.223,0,0,1665184,613960,174316,5464748,14656.528,11310.312,0,1204.837,0,11.969,4918,2610,2.400,1.260,0.670,3,0,0,0,0,11,31,1,45,0
25-06 21:06:16,60.408,6.517,31.332,0,0,1667232,611692,174316,5464964,36642.793,30977.984,0,3473.079,0,188.493,9785,13815,2.400,1.260,0.670,2,0,0,0,0,11,32,1,45,0
25-06 21:06:17,55.656,6.239,35.689,0.250,0,1643032,635632,174316,5465216,42963.073,36741.633,0,171.709,0,8.985,12290,18622,2.400,1.260,0.670,4,0,35.939,0,0,11,30,1,45,0
25-06 21:06:18,79.347,19.524,1.252,0,0,1546984,731652,174316,5465244,8167.950,3954.818,0,0,0,0,5084,2920,2.400,1.260,0.670,4,0,225.274,0,0,11,28,1,47,0
25-06 21:06:19,71.268,8.971,19.686,0,0,1656720,621888,174320,5465268,22714.938,19568.198,0,139.545,0,13.955,4975,4106,2.370,1.280,0.680,4,0,0.997,0,0,11,34,1,47,0
25-06 21:06:20,60.840,9.013,28.542,0,0,1602448,675912,174320,5465508,34291.675,29149.076,0,64.095,0,6.009,9898,15085,2.370,1.280,0.680,4,0,69.102,0,0,11,34,1,49,0
25-06 21:06:21,78.383,16.278,5.009,0,0,1586552,691640,174332,5465664,12396.074,8292.097,0,168.286,0,21.036,6284,5805,2.370,1.280,0.680,4,0,60.102,0,0,11,32,1,48,0
25-06 21:06:22,67.280,8.504,23.761,0,0,1693332,584816,174348,5465688,19277.521,16919.479,0,452.200,0,28.012,5181,4408,2.370,1.280,0.680,2,0,0,0,0,11,35,1,49,0
25-06 21:06:23,72.502,13.703,13.205,0,0,1664464,613612,174352,5465752,24726.440,19889.980,0,211.277,0,14.949,6930,9835,2.370,1.280,0.680,4,0,119.591,0,0,11,34,1,50,0
25-06 21:06:24,68.252,11.292,20.074,0,0,1610776,667100,174352,5465948,29759.811,25787.152,0,144.533,0,10.037,6299,8772,2.580,1.340,0.700,3,0,133.493,0,0,11,34,1,52,0
25-06 21:06:25,77.748,11.500,9.750,0,0,1637352,640472,174352,5466000,18814.454,14198.588,0,127.996,0,8.000,5862,7444,2.580,1.340,0.700,4,0,50.999,0,0,11,32,1,52,0
25-06 21:06:26,72.777,12.711,13.957,0,0,1671300,606352,174352,5466168,21458.135,16554.187,0,115.645,0,6.979,6747,6231,2.580,1.340,0.700,4,0,42.868,0,0,11,33,1,53,0
25-06 21:06:27,72.209,13.038,14.291,0,0,1735264,542340,174352,5466212,22091.838,17501.573,0,152.440,0,10.029,5648,6073,2.580,1.340,0.700,2,0,69.200,0,0,11,34,1,54,0
25-06 21:06:28,64.325,13.713,21.192,0,0,1599508,678048,174352,5466260,24297.967,17467.530,0,422.851,0,42.883,5769,6737,2.580,1.340,0.700,3,0,137.626,0,0,11,34,1,56,0
25-06 21:06:29,54.980,12.246,31.988,0.250,0,1582628,694912,174356,5466268,11502.848,7043.458,0,367.867,0,33.988,4560,3759,2.610,1.370,0.720,2,0,119.957,0,0,11,33,1,52,0
25-06 21:06:30,53.600,6.763,38.823,0,0,1620472,656872,174360,5466460,16331.551,12931.190,0,208.390,0,17.032,4785,4790,2.610,1.370,0.720,4,0,0,0,0,11,34,1,53,0
25-06 21:06:31,55.209,10.992,33.226,0,0,1584880,692272,174364,5466640,24802.773,19701.522,0,187.862,0,9.993,6434,7768,2.610,1.370,0.720,5,0,95.930,0,0,11,32,1,55,0
25-06 21:06:32,59.869,11.773,28.056,0,0,1585132,692000,174368,5466656,9320.453,6261.396,0,156.309,0,8.016,4214,2434,2.610,1.370,0.720,3,0,86.171,0,0,11,33,1,55,0
25-06 21:06:33,50.745,8.749,39.496,0,0,1589936,687116,174368,5466732,20470.829,16668.232,0,219.977,0,17.998,5407,5636,2.610,1.370,0.720,1,0,85.991,0,0,11,34,1,55,0
25-06 21:06:34,33.399,6.730,58.822,0.249,0,1508340,768664,174368,5466776,17844.886,13642.629,0,382.839,0,34.894,5832,7499,2.480,1.360,0.720,3,0,66.797,0,0,11,32,1,57,0
25-06 21:06:35,39.321,11.521,48.587,0,0,1537608,739396,174368,5466776,4441.970,1136.038,0,152.273,0,10.018,3371,1866,2.480,1.360,0.720,3,0,68.122,0,0,11,32,1,57,0
25-06 21:06:36,34.302,3.756,61.342,0,0,1571104,705872,174376,5466796,18261.537,14915.491,0,112.169,0,8.012,4006,4223,2.480,1.360,0.720,2,0,0,0,0,11,34,1,57,0
25-06 21:06:37,38.921,10.229,49.898,0,0,1521744,755100,174376,5466924,10522.557,5692.400,0,199.593,0,15.967,4923,4845,2.480,1.360,0.720,3,0,138.717,0,0,11,32,1,58,0
25-06 21:06:38,39.432,5.241,54.406,0.250,0,1548176,728652,174376,5466940,10731.403,7139.627,0,263.543,0,18.967,2989,2241,2.480,1.360,0.720,2,0,0,0,0,11,34,1,58,0
25-06 21:06:39,30.797,7.011,61.345,0,0,1514636,762036,174380,5467092,15543.966,12026.543,0,244.377,0,22.034,4438,5140,2.440,1.370,0.730,3,0,60.093,0,0,11,33,1,59,0
25-06 21:06:40,41.957,6.993,49.450,0.499,0,1467088,809532,174392,5467132,7268.610,4492.433,0,2209.753,0,145.852,3365,2804,2.440,1.370,0.730,1,0,4.995,0,0,11,33,1,60,0
25-06 21:06:41,37.102,5.264,58.160,0,0,1503456,773004,174392,5467288,19620.030,15229.940,0,36.099,0,1.003,4336,5107,2.440,1.370,0.730,2,0,0,0,0,11,34,1,58,0
25-06 21:06:42,38.134,8.723,51.344,0,0,1470764,805644,174404,5467324,11479.053,7917.895,0,614.130,0,76.766,4918,4882,2.440,1.370,0.730,2,0,53.836,0,0,11,32,1,60,0
25-06 21:06:43,41.081,5.511,52.854,0,0,1549968,726436,174404,5467328,9498.639,6519.794,0,132.260,0,6.012,3030,1915,2.440,1.370,0.730,2,0,0,0,0,11,33,1,60,0
25-06 21:06:44,33.742,3.499,61.486,0.250,0,1542924,733432,174408,5467372,20933.186,17691.931,0,519.880,0,34.992,5621,6977,2.410,1.380,0.730,2,0,0,0,0,11,33,1,61,0
25-06 21:06:45,24.544,16.530,57.103,0,0,1452336,823940,174412,5467440,6496.697,2903.227,0,256.462,0,20.036,4752,3947,2.410,1.380,0.730,2,0,282.509,0,0,11,32,1,56,0
25-06 21:06:46,18.951,2.494,77.549,0,0,1445680,830592,174412,5467444,10123.793,6634.825,0,4851.441,0,157.592,2082,1729,2.410,1.380,0.730,3,0,0,0,0,11,33,1,56,0
25-06 21:06:47,18.212,2.245,78.087,0.249,0,1392260,883848,174424,5467596,10730.652,7269.859,0,387.194,0,26.944,3378,4158,2.410,1.380,0.730,2,0,0.998,0,0,11,32,1,57,0
25-06 21:06:48,11.767,17.024,69.849,0,0,1388600,887500,174424,5467604,4746.754,1622.308,0,28.040,0,7.010,4495,3013,2.410,1.380,0.730,3,0,284.405,0,0,11,32,1,57,0
25-06 21:06:49,19.957,2.744,76.833,0,0,1432384,843716,174424,5467604,5916.157,3578.232,0,0,0,0,1611,1074,2.300,1.370,0.730,0,0,0,0,0,11,33,1,54,0
25-06 21:06:50,20.255,2.001,76.269,0.250,0,1428984,847080,174428,5467632,14031.507,10206.551,0,320.080,0,19.005,3619,4343,2.300,1.370,0.730,2,0,0,0,0,11,32,1,55,0
25-06 21:06:51,19.987,6.496,72.953,0,0,1399852,876212,174428,5467632,5173.692,1660.938,0,3.997,0,0.999,2318,1543,2.300,1.370,0.730,1,0,45.971,0,0,11,32,1,55,0
25-06 21:06:52,19.075,2.259,77.051,0,0,1420936,855112,174432,5467644,10588.400,7143.932,0,236.926,0,18.071,2253,2161,2.300,1.370,0.730,3,0,0,0,0,11,33,1,55,0
25-06 21:06:53,20.734,2.498,75.442,0.250,0,1416676,859336,174432,5467680,14019.205,10050.261,0,215.834,0,18.985,4811,5993,2.300,1.370,0.730,1,0,0,0,0,11,32,1,52,0
25-06 21:06:54,11.010,19.267,68.061,0,0,1371352,904512,174436,5467820,4768.288,1525.372,0,172.155,0,8.007,4620,3055,2.270,1.390,0.740,1,0,290.261,0,0,11,32,1,52,0
25-06 21:06:55,18.782,21.536,57.847,0,0,1402184,873640,174464,5467828,4988.367,1622.722,0,372.625,0,24.040,5303,3906,2.270,1.390,0.740,3,0,336.565,0,0,11,32,1,54,0
25-06 21:06:56,42.179,7.737,48.668,0.250,0,1522528,752488,174568,5468516,5188.303,1455.560,0,858.561,0,31.946,2923,1638,2.270,1.390,0.740,2,0,0,0,0,11,32,1,54,0
25-06 21:06:57,37.559,8.263,45.070,7.762,0,1575956,693192,175132,5473272,5408.434,1738.711,0,19354.181,0,1809.822,10742,17372,2.270,1.390,0.740,4,1,81.127,0,0,11,36,1,54,0
25-06 21:06:58,35.755,9.001,40.256,12.502,0,1579912,685528,175560,5476440,4818.711,1532.226,0,47719.044,0,4113.607,16449,31333,2.270,1.390,0.740,3,0,85.013,0,0,11,36,1,49,0
25-06 21:06:59,42.121,8.474,43.616,3.988,0,1553460,712272,175680,5476000,5263.828,1688.811,0,20660.523,0,1609.056,7995,12842,2.250,1.400,0.750,4,0,12.960,0,0,11,32,1,49,0
25-06 21:07:00,49.377,8.271,41.607,0.501,0,1596596,669088,175696,5476032,4591.770,1535.937,0,1154.961,0,90.231,4201,12694,2.250,1.400,0.750,2,1,38.098,0,0,11,34,1,50,0
25-06 21:07:01,37.599,7.968,42.330,9.462,0,1642224,622248,176396,5476520,5455.096,1687.225,0,21115.215,0,2834.618,15547,28066,2.250,1.400,0.750,4,0,1.992,0,0,11,34,1,50,0
25-06 21:07:02,28.124,7.533,64.033,0.502,0.251,1545880,718552,176416,5476536,5423.963,1701.517,0,1856.201,0,102.453,3055,2420,2.250,1.400,0.750,1,0,99.439,0,0,11,32,1,47,0
25-06 21:07:03,21.930,3.738,72.519,0.249,0,1554296,710124,176424,5476540,5323.037,1614.854,0,1096.506,0,55.822,2056,1681,2.250,1.400,0.750,4,0,1.994,0,0,11,32,1,47,0
25-06 21:07:04,23.256,3.501,71.768,1.000,0,1569668,694612,176540,5476564,5081.242,1736.424,0,6921.691,0,360.088,2462,2732,2.150,1.390,0.750,4,0,0,0,0,11,32,1,47,0
25-06 21:07:05,21.564,4.513,73.468,0,0,1559116,705164,176540,5476564,4531.471,1462.347,0,0,0,0,1829,1328,2.150,1.390,0.750,1,0,1.003,0,0,11,32,1,47,0
25-06 21:07:06,21.660,3.486,73.445,0,0,1562968,701312,176540,5476564,6290.910,1613.309,0,0,0,0,1784,1108,2.150,1.390,0.750,3,0,1.992,0,0,11,32,1,44,0
25-06 21:07:07,22.292,4.258,72.887,0,0,1486400,777868,176540,5476576,5891.100,1623.058,0,1053.986,0,136.257,1925,1324,2.150,1.390,0.750,3,0,2.004,0,0,11,32,1,44,0
25-06 21:07:08,23.248,3.250,73.994,0,0,1506996,757272,176540,5476576,5099.553,1693.852,0,0,0,0,1788,1126,2.150,1.390,0.750,4,0,2.000,0,0,11,32,1,44,0
25-06 21:07:09,23.001,2.250,73.252,0,0,1465080,799096,176548,5476652,4930.158,1620.052,0,0,0,0,1723,1101,2.060,1.380,0.750,3,0,1.000,0,0,11,32,1,44,0
25-06 21:07:10,22.229,3.247,73.680,0,0,1542064,722108,176548,5476652,4513.723,1456.620,0,155.852,0,2.997,1850,1284,2.060,1.380,0.750,3,0,1.998,0,0,11,32,1,41,0
25-06 21:07:11,22.529,3.755,73.596,0.501,0,1562980,701180,176560,5476652,5063.597,1622.113,0,508.663,0,42.055,1964,1604,2.060,1.380,0.750,1,0,0,0,0,11,32,1,41,0
25-06 21:07:12,23.196,2.744,73.080,0,0,1508444,755576,176568,5476752,4627.223,1454.612,0,0,0,0,1812,1245,2.060,1.380,0.750,2,0,0.998,0,0,11,32,1,41,0
25-06 21:07:13,22.272,3.003,73.573,0,0,1502816,761192,176568,5476764,4924.865,1663.643,0,12.012,0,2.002,1848,1289,2.060,1.380,0.750,2,0,1.001,0,0,11,32,1,41,0
25-06 21:07:14,22.757,3.751,73.522,0,0.250,1521548,742460,176568,5476764,5419.642,1458.442,0,0,0,0,1813,1208,1.970,1.380,0.750,2,0,2.001,0,0,11,32,1,37,0
25-06 21:07:15,22.501,3.000,73.755,0,0,1497104,766876,176568,5476788,5062.317,1552.097,0,0,0,0,1745,1144,1.970,1.380,0.750,1,0,1.000,0,0,11,32,1,37,0
25-06 21:07:16,23.005,3.001,73.517,0,0,1522760,741196,176580,5476800,5436.268,1532.358,0,260.061,0,4.001,1759,1146,1.970,1.380,0.750,2,0,0,0,0,11,32,1,37,0
25-06 21:07:17,23.116,3.480,73.574,0,0,1498932,764996,176580,5476828,5309.286,1610.682,0,0,0,0,1897,1361,1.970,1.380,0.750,1,0,1.988,0,0,11,32,1,37,0
25-06 21:07:18,22.122,3.771,72.902,0,0,1534540,729388,176580,5476828,5086.075,1466.093,0,1818.036,0,204.127,1851,1168,1.970,1.380,0.750,1,0,2.011,0,0,11,32,1,33,0
25-06 21:07:19,15.027,12.272,71.377,0,0,1486284,777496,176580,5476976,3728.610,703.247,0,0,0,0,3707,2507,1.810,1.350,0.750,1,0,174.309,0,0,11,32,1,33,0
25-06 21:07:20,8.761,22.028,67.584,0,0,1466756,796992,176580,5477000,4481.602,1297.622,0,881.101,0,10.013,5736,4142,1.810,1.350,0.750,1,0,423.529,0,0,11,32,1,33,0
25-06 21:07:21,7.979,20.946,68.821,0,0,1432900,830648,176616,5477176,5568.550,1561.947,0,1105.132,0,45.881,5754,4441,1.810,1.350,0.750,3,0,336.128,0,0,11,32,1,33,0
25-06 21:07:22,7.513,21.788,69.372,0,0,1422868,840652,176616,5477204,4868.571,1622.857,0,8.014,0,2.004,5693,4142,1.810,1.350,0.750,1,0,378.667,0,0,11,32,1,31,0
25-06 21:07:23,18.725,7.740,72.654,0,0,1475016,788516,176616,5477188,5332.943,1617.859,0,7.989,0,0.999,2468,1815,1.810,1.350,0.750,2,0,56.925,0,0,11,32,1,31,0
25-06 21:07:24,21.483,4.247,73.441,0,0,1522216,741312,176616,5477188,5045.961,1618.704,0,0,0,0,1763,1131,1.750,1.350,0.750,3,0,1.998,0,0,11,32,1,31,0
25-06 21:07:25,22.536,3.506,73.117,0,0,1500336,763196,176616,5477184,4893.853,1622.604,0,16.026,0,1.002,1786,1163,1.750,1.350,0.750,2,0,1.002,0,0,11,32,1,31,0
25-06 21:07:26,22.005,4.251,74.266,0,0,1543012,720520,176616,5477184,5356.129,1512.319,0,0,0,0,1785,1106,1.750,1.350,0.750,3,0,2.000,0,0,11,32,1,25,0
25-06 21:07:27,22.969,2.746,72.652,0,0,1515496,748012,176620,5477204,4947.303,1186.394,0,127.827,0,3.995,1856,1215,1.750,1.350,0.750,4,0,1.997,0,0,11,32,1,25,0
25-06 21:07:28,21.735,4.747,72.951,0,0,1521192,742328,176620,5477192,5070.594,1187.203,0,2110.582,0,12.991,1801,1299,1.750,1.350,0.750,3,0,1.999,0,0,11,32,1,25,0
25-06 21:07:29,23.252,2.500,73.756,0,0,1501768,761740,176620,5477204,4282.374,1242.109,0,12.001,0,1.000,1670,1063,1.690,1.340,0.750,1,0,1.000,0,0,11,32,1,25,0
25-06 21:07:30,22.255,4.001,73.516,0,0,1511952,751576,176620,5477184,4459.000,1458.327,0,0,0,0,1777,1234,1.690,1.340,0.750,2,0,0,0,0,11,32,1,19,0
25-06 21:07:31,20.983,4.746,72.692,0.250,0,1530336,733180,176624,5477192,4411.496,1456.843,0,491.609,0,29.976,1934,1498,1.690,1.340,0.750,2,0,1.998,0,0,11,32,1,19,0
25-06 21:07:32,23.756,2.501,73.268,0,0.250,1485248,778256,176624,5477204,4921.190,1620.392,0,24.006,0,1.000,1696,1043,1.690,1.340,0.750,3,0,1.000,0,0,11,32,1,19,0
25-06 21:07:33,22.499,3.750,73.498,0,0,1508444,755056,176624,5477208,4517.871,1531.956,0,0,0,0,1773,1167,1.690,1.340,0.750,2,0,2.000,0,0,11,32,1,19,0
25-06 21:07:34,22.987,2.499,73.458,0,0,1483748,779740,176624,5477220,4755.289,1457.169,0,15.991,0,1.999,1789,1207,1.630,1.330,0.750,1,0,0.999,0,0,11,32,1,13,0
25-06 21:07:35,21.997,4.249,73.238,0,0,1508120,755396,176624,5477192,4997.212,1457.770,0,0,0,0,1822,1251,1.630,1.330,0.750,1,0,0,0,0,11,32,1,13,0
25-06 21:07:36,22.269,3.753,73.311,0,0,1527588,735900,176624,5477220,5199.355,1459.222,0,28.023,0,1.001,1828,1157,1.630,1.330,0.750,2,0,2.002,0,0,11,32,1,13,0
25-06 21:07:37,22.505,3.501,73.265,0,0,1478832,784744,176624,5477132,5059.057,1458.305,0,48.010,0,2.000,1894,1312,1.630,1.330,0.750,1,0,2.000,0,0,11,32,1,13,0
25-06 21:07:38,22.478,3.247,73.429,0,0,1527720,735856,176624,5477132,5035.158,1660.403,0,563.458,0,96.907,1819,1208,1.630,1.330,0.750,1,0,1.998,0,0,11,32,1,13,0
25-06 21:07:39,23.041,2.504,73.880,0,0,1475700,787788,176624,5477220,4507.948,1664.935,0,88.155,0,1.002,1663,994,1.580,1.330,0.750,1,0,1.002,0,0,11,32,1,11,0
25-06 21:07:40,22.242,3.999,73.223,0,0,1509460,753996,176624,5477252,4738.259,1619.405,0,15.994,0,1.999,1820,1290,1.580,1.330,0.750,3,0,1.000,0,0,11,32,1,11,0
25-06 21:07:41,22.752,3.500,72.755,0.250,0,1514000,749460,176632,5477240,5057.343,1620.110,0,588.040,0,40.003,2095,1884,1.580,1.330,0.750,1,0,0,0,0,11,32,1,11,0
25-06 21:07:42,23.211,3.993,72.377,0,0,1526004,737392,176632,5477260,4584.205,1509.433,0,19.966,0,0.998,1932,1216,1.580,1.330,0.750,2,0,7.986,0,0,11,32,1,11,0
25-06 21:07:43,22.044,3.507,73.398,0,0,1478348,785072,176632,5477236,4855.791,1569.164,0,0,0,0,1819,1325,1.580,1.330,0.750,4,0,1.002,0,0,11,32,1,7,0
25-06 21:07:44,22.685,3.241,73.291,0,0,1468932,794476,176632,5477248,4786.320,1657.263,0,183.476,0,5.983,1785,1207,1.540,1.320,0.760,2,0,0.997,0,0,11,32,1,7,0
25-06 21:07:45,22.496,3.249,73.236,0,0,1491980,771424,176632,5477252,4869.089,1457.727,0,0,0,0,1796,1175,1.540,1.320,0.760,1,0,2.000,0,0,11,32,1,7,0
25-06 21:07:46,19.087,8.790,71.829,0,0,1444260,819100,176632,5477296,4694.505,1627.455,0,68.313,0,5.023,2856,1888,1.540,1.320,0.760,2,0,113.520,0,0,11,32,1,7,0
25-06 21:07:47,8.233,22.453,67.609,0,0,1432488,830848,176632,5477312,4534.526,1454.960,0,307.358,0,10.977,5418,3709,1.540,1.320,0.760,1,0,338.293,0,0,11,32,1,5,0
25-06 21:07:48,20.524,4.756,73.587,0,0,1436024,827300,176632,5477324,4505.312,1621.912,0,0,0,0,1903,1317,1.540,1.320,0.760,2,0,9.011,0,0,11,32,1,5,0
25-06 21:07:49,23.995,2.250,72.734,0,0,1463512,799572,176636,5477564,4457.045,1457.688,0,15.997,0,1.000,1766,1105,1.490,1.320,0.760,1,0,1.000,0,0,11,32,1,5,0
25-06 21:07:50,20.980,4.995,73.430,0,0,1428692,834388,176636,5477568,4375.818,1618.453,0,0,0,0,1909,1427,1.490,1.320,0.760,3,0,8.991,0,0,11,32,1,5,0
25-06 21:07:51,23.019,3.503,72.309,0.250,0,1424192,838864,176652,5477576,4478.639,1459.186,0,604.491,0,36.029,2103,1605,1.490,1.320,0.760,4,0,17.014,0,0,11,32,1,3,0
25-06 21:07:52,8.508,23.021,66.560,0,0,1409920,852984,176652,5477712,4045.624,1243.114,40.036,88.079,2.002,4.004,5389,3824,1.490,1.320,0.760,1,0,355.318,0,0,11,32,1,3,0
25-06 21:07:53,7.758,22.274,68.823,0,0,1404072,858808,176652,5477736,4494.775,1351.436,0,112.119,0,4.004,5233,3614,1.490,1.320,0.760,2,0,321.341,0,0,11,32,1,3,0
25-06 21:07:54,7.230,21.941,67.817,0,0,1402204,860660,176652,5477752,4773.099,1561.779,0,518.598,0,53.854,5453,3829,1.370,1.300,0.750,1,0,348.059,0,0,11,32,1,3,0
25-06 21:07:55,8.751,22.252,67.755,0,0,1402160,860708,176652,5477780,4620.358,1620.125,0,92.007,0,2.000,5431,3812,1.370,1.300,0.750,1,0,357.028,0,0,11,32,1,3,0
25-06 21:07:56,7.015,22.297,68.395,0,0,1405880,856968,176652,5477796,4947.455,1623.431,0,901.906,0,11.023,5488,3884,1.370,1.300,0.750,3,0,354.750,0,0,11,32,1,3,0
25-06 21:07:57,8.252,23.006,68.018,0,0.250,1397716,865112,176652,5477816,5013.301,1586.412,0,880.228,0,10.003,5530,4034,1.370,1.300,0.750,1,0,360.093,0,0,11,32,1,3,0
25-06 21:07:58,8.251,22.254,67.512,0,0,1390592,872220,176652,5477832,4920.892,1694.307,0,884.160,0,11.002,5576,3954,1.370,1.300,0.750,1,0,373.068,0,0,11,32,1,3,0
25-06 21:07:59,7.751,21.501,69.255,0,0,1381612,881172,176652,5477856,4740.311,1694.111,0,320.021,0,5.000,5244,3602,1.340,1.290,0.750,2,0,309.020,0,0,11,32,1,1,0
25-06 21:08:00,11.995,23.240,62.723,0,0,1371040,891716,176652,5477884,5203.760,1975.150,0,167.928,0,5.997,6224,12153,1.340,1.290,0.750,1,0,409.824,0,0,11,32,1,2,0
25-06 21:08:01,8.500,21.000,68.999,0,0,1354376,908360,176652,5477904,5120.922,1729.974,0,375.994,0,8.000,5205,3580,1.340,1.290,0.750,2,0,315.995,0,0,11,32,1,2,0
25-06 21:08:02,8.002,22.505,67.264,0,0,1346328,916392,176652,5477920,3634.748,668.137,0,44.009,0,11.002,5433,3831,1.340,1.290,0.750,1,0,361.074,0,0,11,32,1,2,0
25-06 21:08:03,7.497,21.741,68.472,0,0.250,1340000,922688,176652,5477948,4918.003,1703.308,0,23.990,0,5.998,5194,3463,1.340,1.290,0.750,1,0,298.879,0,0,11,32,1,1,0
25-06 21:08:04,14.707,24.678,59.078,0,0,1336976,925672,176668,5477972,5083.203,1527.553,0,446.700,0,25.925,6069,4774,1.230,1.270,0.750,4,0,462.653,0,0,11,32,1,3,0
25-06 21:08:05,49.935,23.587,25.846,0.251,0,1500420,761968,176720,5478116,4998.479,1626.011,0,2633.737,0,144.534,6053,5459,1.230,1.270,0.750,3,0,473.751,0,0,11,32,1,7,0
25-06 21:08:06,62.439,11.489,23.977,1.998,0,1633664,625332,177008,5480880,6208.948,1456.580,371.638,4979.146,2.997,389.620,5416,5246,1.230,1.270,0.750,4,0,24.976,0,0,11,34,1,7,0
25-06 21:08:07,45.268,11.505,28.511,13.005,0,1646072,600684,178076,5491008,5466.167,1404.557,0,50183.893,0,3791.503,16440,30433,1.230,1.270,0.750,3,1,155.061,0,0,11,36,1,8,0
25-06 21:08:08,39.985,11.496,31.988,13.745,0,1696248,540468,178484,5500296,4660.221,1153.560,0,83040.303,0,5668.836,20705,40657,1.230,1.270,0.750,3,0,83.968,0,0,11,36,1,8,0
25-06 21:08:09,35.528,8.757,38.030,14.261,0,1696996,530840,178836,5508504,12677.895,9640.524,0,82036.028,0,6447.032,20888,42745,1.620,1.350,0.780,4,0,51.040,0,0,11,37,1,8,0
25-06 21:08:10,40.502,17.751,28.251,10.251,0,1550540,671076,179260,5514116,5183.263,2453.124,0,44114.234,0,3373.171,15581,27470,1.620,1.350,0.780,7,0,264.013,0,0,11,34,1,9,0
25-06 21:08:11,42.006,21.253,26.754,8.251,0,1597648,616928,179620,5520448,9621.417,6490.956,296.044,57200.421,4.001,3916.577,17267,34522,1.620,1.350,0.780,3,1,219.032,0,0,11,35,1,9,0
25-06 21:08:12,36.732,15.992,34.983,9.995,0,1619792,590540,179724,5524416,12094.115,9451.401,1611.216,45918.658,29.985,3445.324,17097,32427,1.620,1.350,0.780,1,0,220.893,0,0,11,35,1,9,0
25-06 21:08:13,29.698,9.234,44.922,12.977,0,1592412,614636,179836,5527496,13184.028,8290.554,0,44131.105,0,3704.545,17013,32140,1.620,1.350,0.780,4,0,80.859,0,0,11,34,1,9,0
25-06 21:08:14,38.226,7.745,40.225,12.742,0,1621984,585836,180036,5526512,4797.028,1660.971,0,48058.230,0,4226.382,14074,27963,1.810,1.390,0.800,3,0,23.985,0,0,11,34,1,9,0
25-06 21:08:15,29.332,7.270,46.880,13.036,0,1610064,596060,180344,5527856,16458.779,12591.021,0,45975.879,0,3929.931,17422,32796,1.810,1.390,0.800,2,1,39.109,0,0,11,35,1,9,0
25-06 21:08:16,32.255,7.001,45.507,11.502,0,1581640,623228,180504,5528928,14724.334,11018.747,0,45803.261,0,3817.605,17468,32665,1.810,1.390,0.800,2,0,44.007,0,0,11,34,1,10,0
25-06 21:08:17,39.828,10.455,38.086,10.704,0,1628452,574412,180524,5530876,5078.129,1613.053,0,31213.566,0,2860.679,12302,23957,1.810,1.390,0.800,3,0,96.584,0,0,11,36,1,10,0
25-06 21:08:18,29.369,7.531,46.188,13.806,0,1636980,562620,180580,5533996,12215.640,8487.490,0,58160.343,0,4672.989,17413,35126,1.810,1.390,0.800,7,0,54.220,0,0,11,37,1,10,0
25-06 21:08:19,27.240,6.748,50.732,11.996,0,1629748,566684,180740,5536908,15832.294,11939.697,0,38286.201,0,3432.763,17426,32630,1.740,1.390,0.800,2,0,56.979,0,0,11,37,1,10,0
25-06 21:08:20,33.155,9.473,42.627,12.215,0,1561584,631664,180892,5539836,7354.830,3701.346,0,58108.740,0,4771.266,18500,36484,1.740,1.390,0.800,1,1,128.630,0,0,11,36,1,10,0
25-06 21:08:21,33.848,7.522,43.125,12.787,0,1612732,578252,180968,5541936,7356.306,6376.468,0,50257.560,0,4239.278,15860,31300,1.740,1.390,0.800,1,0,51.148,0,0,11,37,1,10,0
25-06 21:08:22,30.763,8.003,46.519,11.755,0.250,1615336,580844,180996,5536692,16569.753,10145.135,0,53821.936,0,4366.780,18681,36456,1.740,1.390,0.800,2,0,9.004,0,0,11,37,1,10,0
25-06 21:08:23,31.479,9.743,45.969,10.743,0,1577016,616788,181024,5539036,12450.688,8210.519,0,44734.136,0,3593.601,16316,30700,1.740,1.390,0.800,2,0,87.941,0,0,11,36,1,11,0
25-06 21:08:24,40.506,10.252,46.007,1.750,0,1495344,698620,181040,5538860,5280.789,1620.242,0,12021.796,0,800.120,5802,6923,1.760,1.400,0.800,2,0,97.014,0,0,11,32,1,12,0
25-06 21:08:25,20.231,9.241,69.934,0.250,0,1505240,688668,181040,5538912,11660.005,8370.107,0,2849.313,0,212.799,4230,4063,1.760,1.400,0.800,1,0,120.886,0,0,11,33,1,12,0
25-06 21:08:26,19.695,4.986,73.045,0.249,0,1467812,725848,181040,5539160,7446.151,3534.104,0,1120.862,0,69.805,2787,2485,1.760,1.400,0.800,2,0,33.905,0,0,11,32,1,13,0
25-06 21:08:27,19.023,3.004,77.344,0.250,0,1486336,707320,181040,5539164,12209.766,6497.858,0,556.673,0,33.040,2145,1876,1.760,1.400,0.800,1,0,1.001,0,0,11,33,1,13,0
25-06 21:08:28,16.521,6.008,75.848,0.250,0,1450136,743504,181040,5539180,7567.780,3206.143,0,632.818,0,46.060,2837,2462,1.760,1.400,0.800,1,0,60.078,0,0,11,32,1,14,0
25-06 21:08:29,22.533,3.505,73.358,0,0,1493620,699928,181040,5539268,5468.067,1622.394,0,464.686,0,31.046,1783,1247,1.700,1.390,0.810,1,0,0,0,0,11,32,1,14,0
25-06 21:08:30,16.206,2.742,79.033,0.249,0,1494508,699024,181040,5539284,13716.397,10414.449,0,598.360,0,51.858,3018,3553,1.700,1.390,0.810,3,0,0,0,0,11,33,1,14,0
25-06 21:08:31,20.254,5.751,72.514,0.250,0,1490084,703308,181040,5539424,6828.275,3108.580,0,2112.394,0,123.023,2899,2572,1.700,1.390,0.810,2,0,43.008,0,0,11,32,1,15,0
25-06 21:08:32,19.020,3.003,77.080,0,0,1525628,667760,181040,5539428,10304.756,6762.058,0,88.092,0,10.010,2140,2088,1.700,1.390,0.810,1,0,0,0,0,11,33,1,15,0
25-06 21:08:33,19.233,2.248,77.432,0.250,0,1511236,682136,181040,5539444,11245.162,7430.499,0,299.738,0,23.979,3250,3977,1.700,1.390,0.810,3,0,0,0,0,11,32,1,16,0
25-06 21:08:34,9.267,20.537,68.873,0,0,1445916,747348,181040,5539552,4960.881,1514.712,0,268.481,0,19.034,5229,3529,1.650,1.380,0.810,1,0,333.597,0,0,11,32,1,16,0
25-06 21:08:35,15.492,26.985,56.220,0.250,0,1427816,765196,181044,5539800,4723.457,1565.157,0,579.688,0,38.979,5958,4544,1.650,1.380,0.810,4,0,448.758,0,0,11,32,1,20,0
25-06 21:08:36,62.778,11.755,24.511,0,0,1543044,649604,181072,5540136,5299.333,1620.714,0,496.218,0,37.016,4035,2196,1.650,1.380,0.810,3,0,18.008,0,0,11,32,1,22,0
25-06 21:08:37,66.069,9.260,24.275,0.250,0,1700852,488828,181172,5542732,4943.158,1459.523,0,3191.330,0,85.089,3840,1774,1.650,1.380,0.810,4,0,1.001,0,0,11,32,1,22,0
25-06 21:08:38,61.924,8.739,26.967,1.748,0,1806316,376784,181324,5548628,5153.688,1618.018,0,12564.613,0,639.217,6203,6340,1.650,1.380,0.810,4,1,35.956,0,0,11,38,1,22,0
25-06 21:08:39,32.206,9.737,41.194,12.733,0,1804140,364436,181476,5562504,4931.243,1456.005,0,101948.310,0,7454.785,25873,52933,1.910,1.440,0.830,1,1,254.651,0,0,11,38,1,22,0
25-06 21:08:40,27.805,10.270,44.838,14.779,0,1803500,355616,181532,5571592,5170.144,1623.185,0,98232.744,0,7342.407,26797,52723,1.910,1.440,0.830,1,0,210.413,0,0,11,38,1,22,0
25-06 21:08:41,38.378,11.214,34.390,12.959,0,1722048,428120,181612,5580156,4700.006,1453.363,0,79992.802,0,5649.975,21830,41614,1.910,1.440,0.830,2,0,230.265,0,0,11,36,1,22,0
25-06 21:08:42,42.909,10.790,30.614,13.801,0,1737776,402752,181676,5589352,4878.131,1626.044,0,68631.082,0,4919.284,19350,36896,1.910,1.440,0.830,8,1,100.373,0,0,11,36,1,22,0
25-06 21:08:43,40.694,10.236,32.954,13.731,0,1797736,330232,181716,5601412,4691.520,1455.989,0,90746.665,0,6144.513,19806,39836,1.910,1.440,0.830,2,1,13.981,0,0,11,36,1,22,0
25-06 21:08:44,38.790,11.512,34.536,13.014,0,1763464,360884,181756,5604848,4384.557,1621.685,0,86662.062,0,6451.705,21666,44701,2,1.470,0.840,2,0,168.175,0,0,11,36,1,22,0
25-06 21:08:45,39.002,11.251,41.252,6.750,0,1470252,651648,181768,5607224,4098.231,1458.082,0,35057.975,0,2548.144,11211,18962,2,1.470,0.840,2,0,160.009,0,0,11,32,1,22,0
25-06 21:08:46,18.203,11.221,68.076,1.496,0,1514584,607288,181772,5607244,5103.923,1615.860,0,7748.147,0,456.829,3975,4283,2,1.470,0.840,2,0,128.670,0,0,11,32,1,22,0
25-06 21:08:47,21.991,3.748,72.720,0,0,1569560,552312,181772,5607244,4678.069,1619.332,0,779.678,0,49.979,1957,1523,2,1.470,0.840,1,0,1.000,0,0,11,32,1,22,0
25-06 21:08:48,23.762,2.751,71.785,1.000,0,1591504,530364,181772,5607244,4562.220,1620.789,0,4097.994,0,239.116,2726,2902,2,1.470,0.840,4,0,2.001,0,0,11,38,1,22,0
25-06 21:08:49,21.726,4.745,72.919,0,0,1494284,627572,181772,5607252,4698.810,1510.332,0,291.678,0,6.992,2189,1451,1.920,1.460,0.840,1,0,26.970,0,0,11,32,1,22,0
25-06 21:08:50,22.287,4.007,73.371,0,0,1534236,587620,181772,5607252,4954.196,1664.754,0,40.066,0,4.007,1794,1290,1.920,1.460,0.840,2,0,1.002,0,0,11,32,1,22,0
25-06 21:08:51,23.232,3.247,72.942,0,0,1569328,552524,181772,5607256,5124.932,1564.758,0,347.724,0,63.949,1958,1492,1.920,1.460,0.840,3,0,1.998,0,0,11,34,1,22,0
25-06 21:08:52,17.297,16.545,64.925,0.251,0,1478272,643564,181772,5607272,5053.635,1666.496,0,549.483,0,39.106,4224,3397,1.920,1.460,0.840,4,0,353.955,0,0,11,32,1,22,0
25-06 21:08:53,13.002,36.257,49.509,0,0,1469388,652388,181772,5607332,4772.915,1512.290,0,212.041,0,20.004,7398,6591,1.920,1.460,0.840,1,0,918.176,0,0,11,32,1,22,0
25-06 21:08:54,8.502,22.004,68.262,0,0,1472148,649568,181772,5607392,5509.001,1566.285,0,208.038,0,18.003,5342,3617,1.850,1.450,0.840,1,0,355.064,0,0,11,32,1,22,0
25-06 21:08:55,7.482,20.699,69.080,0,0,1455176,666520,181772,5607412,3976.218,1023.482,0,430.940,0,4.988,5161,3579,1.850,1.450,0.840,2,0,303.254,0,0,11,32,1,22,0
25-06 21:08:56,9.744,20.988,68.211,0,0,1426288,695392,181772,5607444,4726.279,1511.130,0,607.650,0,118.932,5328,3766,1.850,1.450,0.840,3,0,306.823,0,0,11,32,1,22,0
25-06 21:08:57,10.282,20.814,66.705,0,0,1414164,707496,181772,5607904,4917.146,1590.900,0,28.087,0,7.022,6197,5763,1.850,1.450,0.840,6,0,285.881,0,0,11,32,1,22,0
25-06 21:08:58,27.710,16.726,54.672,0,0,1428600,692976,181780,5607940,4539.527,1637.665,0,3.994,0,0.999,5377,6123,1.850,1.450,0.840,3,0,208.702,0,0,11,32,1,22,0
25-06 21:08:59,43.686,7.988,48.179,0,0,1531940,589520,181784,5608048,4705.093,1529.754,0,0,0,0,2968,1706,1.860,1.460,0.850,6,0,11.982,0,0,11,33,1,22,0
25-06 21:09:00,54.902,6.267,38.106,0.251,0,1635952,485472,181792,5608072,4410.235,1590.412,0,389.079,0,14.039,4539,13528,1.860,1.460,0.850,2,0,53.147,0,0,11,49,1,22,0
25-06 21:09:01,41.862,9.469,47.842,0,0,1653848,463164,181852,5612072,5325.453,1634.614,0,1682.457,0,132.563,5122,8253,1.860,1.460,0.850,3,0,45.849,0,0,11,48,1,23,0
25-06 21:09:02,8.274,21.311,69.198,0.251,0,1668988,447892,181852,5612144,5192.871,1536.400,0,256.735,0,19.055,5382,3878,1.860,1.460,0.850,2,0,303.870,0,0,11,48,1,23,0
25-06 21:09:03,17.220,12.977,68.381,0,0,1684468,432272,181852,5612216,5422.528,1509.363,0,243.575,0,15.972,5115,6861,1.860,1.460,0.850,1,0,148.740,0,0,11,48,1,23,0
25-06 21:09:04,1.000,1.000,97.478,0,0,1684460,432272,181852,5612220,5558.718,1693.609,0,131.970,0,11.997,843,1107,1.710,1.440,0.840,1,0,2.999,0,0,11,48,1,23,0
25-06 21:09:05,0.500,0.500,98.200,0,0,1684460,432272,181852,5612220,5757.047,1619.169,0,0,0,0,746,978,1.710,1.440,0.840,1,0,1.999,0,0,11,48,1,21,0
25-06 21:09:06,0.750,0.250,97.979,0,0,1684460,432272,181852,5612220,6001.711,1565.664,0,811.826,0,76.983,702,912,1.710,1.440,0.840,1,0,2.000,0,0,11,48,1,21,0
25-06 21:09:07,0.752,1.754,96.737,0,0,1684472,432272,181852,5612216,7037.224,1623.975,0,0,0,0,1055,1243,1.710,1.440,0.840,1,0,11.027,0,0,11,48,1,21,0
25-06 21:09:08,16.229,15.730,66.663,0,0,1670976,445732,181852,5612680,5872.349,1691.796,0,0,0,0,5360,7642,1.710,1.440,0.840,1,0,271.646,0,0,11,48,1,21,0
25-06 21:09:09,12.276,14.782,71.152,0,0,1669284,447280,181852,5612364,4601.845,1515.242,0,4.009,0,1.002,4567,4326,1.650,1.430,0.850,2,0,253.542,0,0,11,48,1,16,0
25-06 21:09:10,24.178,19.691,54.338,0,0.249,1679596,436860,181852,5612852,5080.832,1852.470,0,342.976,0,32.902,5581,5945,1.650,1.430,0.850,2,0,278.170,0,0,12,64,1,16,0
25-06 21:09:11,16.033,16.534,65.886,0,0,1681032,435332,181852,5612484,5067.450,1623.348,0,2316.778,0,37.076,5364,6792,1.650,1.430,0.850,3,0,248.512,0,0,12,64,1,16,0
25-06 21:09:12,3.994,8.239,86.131,0.499,0,1679212,437092,181852,5612560,4769.432,1294.218,0,451.378,0,29.959,2516,2071,1.650,1.430,0.850,1,0,97.865,0,0,14,64,1,16,0
25-06 21:09:13,19.287,16.281,63.121,0,0,1682704,433548,181852,5612576,4410.429,1286.459,0,32.061,0,7.013,6071,7389,1.650,1.430,0.850,1,0,190.364,0,0,14,64,1,15,0
25-06 21:09:14,8.246,18.992,70.970,0,0,1689784,426436,181852,5612608,3100.677,203.913,0,3.998,0,1.000,4814,3481,1.520,1.410,0.840,1,0,277.881,0,0,14,66,1,15,0
25-06 21:09:15,7.489,20.720,69.151,0,0,1681912,434144,181856,5612768,4893.005,1429.956,0,27.960,0,6.990,5174,3637,1.520,1.410,0.840,1,0,276.605,0,0,14,66,1,15,0
25-06 21:09:16,14.783,19.042,64.894,0,0,1684560,431460,181856,5613232,5850.023,1697.780,0,20.045,0,5.011,6473,7107,1.520,1.410,0.840,2,0,247.551,0,0,14,66,1,15,0
25-06 21:09:17,23.737,23.237,52.222,0,0,1734500,381488,181864,5612824,4995.291,1457.210,0,279.848,0,10.994,5713,5273,1.520,1.410,0.840,3,0,327.822,0,0,14,66,1,14,0
25-06 21:09:18,28.504,24.503,45.506,0,0,1791932,324024,181888,5612832,5342.698,1620.212,0,288.038,0,4.001,5937,4273,1.520,1.410,0.840,3,0,378.049,0,0,14,66,1,14,0
25-06 21:09:19,28.405,26.661,43.854,0,0,1862276,252100,181936,5614288,5340.225,1453.163,0,1762.135,0,12.957,6584,7181,1.560,1.420,0.850,2,0,453.491,0,0,14,70,1,16,0
25-06 21:09:20,29.342,26.082,43.637,0,0,1947984,166356,181936,5614328,5015.693,1552.858,0,36.113,0,9.028,5769,4200,1.560,1.420,0.850,2,0,353.105,0,0,14,70,1,16,0
25-06 21:09:21,39.710,17.732,42.207,0,0,1954016,160088,181936,5614528,5189.722,1456.519,0,7.992,0,1.998,5912,6456,1.560,1.420,0.850,2,0,190.806,0,0,14,70,1,16,0
25-06 21:09:22,50.502,27.501,21.501,0,0,2058268,133024,172908,5548372,4980.157,1620.051,48.002,1348.042,7.000,10.000,6205,4879,1.560,1.420,0.850,3,0,414.013,0,0,14,70,1,16,0
25-06 21:09:23,57.817,23.027,18.271,0,0,2121528,198168,165944,5429320,5045.887,1621.892,252.294,20.023,15.018,5.006,6205,7985,1.560,1.420,0.850,3,0,297.347,0,0,14,70,1,16,0
25-06 21:09:24,67.523,23.758,8.253,0.500,0,2222460,126892,165560,5400848,4741.637,1620.559,1592.550,1796.620,99.034,118.041,5511,5217,1.750,1.460,0.860,5,0,398.137,0,0,14,70,1,16,0
25-06 21:09:25,72.500,23.750,2.500,1.000,0,2370640,203748,166960,5180008,5100.002,1620.001,2064.001,36.000,117.000,6.000,7105,8551,1.750,1.460,0.860,3,2,325.000,0,0,14,74,1,14,0
25-06 21:09:26,61.549,26.059,7.197,3.226,0,2463444,146628,166984,5144672,6183.663,1500.995,1282.596,33351.476,60.556,2345.801,14356,27614,1.750,1.460,0.860,6,0,345.467,0,0,14,74,1,14,0
25-06 21:09:27,69.689,24.142,4.978,0.996,0,2602884,156284,167080,4998840,6092.804,1612.801,434.062,15737.752,22.898,1137.921,10517,17660,1.750,1.460,0.860,9,0,320.569,0,0,14,80,1,16,0
25-06 21:09:28,70.989,25.010,3.537,0,0,2637652,193356,167100,4928548,6352.093,1582.465,501.215,1224.743,16.168,68.715,9882,18406,1.750,1.460,0.860,6,0,311.238,0,0,14,87,1,24,0
25-06 21:09:29,52.787,26.018,20.264,0.250,0,2735612,164760,167092,4860604,4995.533,1621.147,728.515,948.671,43.030,54.038,6838,6325,1.850,1.490,0.880,3,0,472.334,0,0,14,91,1,24,0
25-06 21:09:30,40.140,24.433,34.655,0,0,2798764,170192,167092,4793936,3967.129,1543.770,0,925.464,0,47.869,8611,13199,1.850,1.490,0.880,4,0,389.932,0,0,14,89,1,26,0
25-06 21:09:31,63.215,12.041,24.082,0.502,0,2902524,133904,167112,4728036,4953.864,1625.534,3247.054,790.692,43.147,39.133,4924,6310,1.850,1.490,0.880,2,0,129.441,0,0,14,90,1,27,0
25-06 21:09:32,42.419,11.478,44.166,1.248,0,3001188,171912,167136,4594668,4689.070,1455.229,467.110,6950.763,37.928,410.219,4983,6195,1.850,1.490,0.880,1,0,59.886,0,0,14,97,1,30,0
25-06 21:09:33,8.257,20.018,69.561,0,0,3012536,160532,167136,4594700,4804.225,1695.491,4.004,808.711,1.001,53.047,5268,3897,1.850,1.490,0.880,1,0,278.245,0,0,14,97,1,29,0
25-06 21:09:34,8.496,19.492,70.221,0.250,0,3010108,162900,167136,4594728,4696.056,1457.397,0,123.949,0,10.995,5148,3674,1.710,1.460,0.870,1,0,274.886,0,0,14,97,1,29,0
25-06 21:09:35,7.007,20.020,70.821,0,0,3019368,153616,167136,4594752,3383.394,540.542,0,0,0,0,4915,3323,1.710,1.460,0.870,1,0,258.259,0,0,14,97,1,29,0
25-06 21:09:36,15.706,12.465,71.302,0,0,3063760,175104,167136,4529992,4941.265,1453.959,0,3.989,0,0.997,3395,2255,1.710,1.460,0.870,3,0,127.645,0,0,14,97,1,29,0
25-06 21:09:37,18.751,3.250,77.504,0,0,3101480,137344,167140,4530028,11352.656,7333.424,36.002,56.003,3.000,1.000,2067,1700,1.710,1.460,0.870,2,0,1.000,0,0,14,98,1,22,0
25-06 21:09:38,23.776,2.002,72.079,0,0,3056784,182016,167144,4530048,23008.193,19332.168,12.013,288.316,3.003,24.026,2553,2313,1.710,1.460,0.870,4,0,2.002,0,0,14,101,1,23,0
25-06 21:09:39,24.000,7.250,67.749,0.250,0,3094528,144252,167144,4530068,4499.940,1619.978,4.000,247.997,1.000,31.000,2814,2125,1.650,1.450,0.870,1,0,64.999,0,0,14,107,1,23,0
25-06 21:09:40,17.032,3.256,79.397,0,0,3111140,127452,167144,4530260,10957.318,7946.735,12.022,8547.850,3.006,518.962,2579,2354,1.650,1.450,0.870,2,0,2.004,0,0,14,111,1,23,0
25-06 21:09:41,25.751,5.500,65.503,1.750,0,3116764,189000,167156,4465076,5003.257,1710.088,224.012,4260.219,15.001,518.027,5339,7634,1.650,1.450,0.870,1,0,3.000,0,0,14,113,1,23,0
25-06 21:09:42,38.718,8.743,49.709,0.999,0,3201956,170140,167160,4400652,5782.226,2760.721,255.789,6194.886,14.988,335.723,6063,7617,1.650,1.450,0.870,3,0,60.950,0,0,14,116,1,25,0
25-06 21:09:43,21.950,7.483,69.342,0.499,0,3262012,175356,167164,4337032,4669.352,1616.314,11.973,1149.379,2.993,68.843,2916,2436,1.650,1.450,0.870,4,0,62.857,0,0,14,118,1,25,0
25-06 21:09:44,18.467,2.745,78.111,0,0,3274616,162516,167164,4337268,11365.704,8066.595,63.886,287.487,3.993,17.968,2320,2160,1.600,1.440,0.870,1,0,0,0,0,14,119,1,25,0
25-06 21:09:45,19.849,3.769,74.119,0.754,0,3273940,163112,167164,4337348,7051.140,3622.051,68.341,719.586,5.025,80.401,3801,4906,1.600,1.440,0.870,3,0,0,0,0,14,119,1,25,0
25-06 21:09:46,40.633,13.960,44.871,0,0,3291304,210204,167164,4274440,5915.931,2644.370,0,889.434,0,87.747,5025,4233,1.600,1.440,0.870,2,0,100.709,0,0,14,122,1,26,0
25-06 21:09:47,39.728,5.747,53.221,0.250,0,3374684,126820,167164,4274444,10980.033,7329.017,0,463.748,0,30.983,2770,1624,1.600,1.440,0.870,2,0,0.999,0,0,14,123,1,26,0
25-06 21:09:48,20.773,6.007,72.329,0.751,0,3286256,215184,167164,4274508,23014.251,19332.211,8.009,1793.968,2.002,109.120,2753,2197,1.600,1.440,0.870,2,0,55.060,0,0,14,122,1,27,0
25-06 21:09:49,20.001,2.500,76.505,0,0,3333336,168100,167164,4274512,6043.410,3586.243,0,100.007,0,10.001,1760,1315,1.550,1.440,0.870,1,0,0,0,0,14,123,1,27,0
25-06 21:09:50,17.991,4.748,75.711,0,0.250,3312948,188468,167256,4274440,26826.293,23112.191,87.955,2894.521,4.997,4.997,2474,1848,1.550,1.440,0.870,2,0,50.974,0,0,14,122,1,28,0
25-06 21:09:51,21.731,3.747,73.437,0,0.250,3385972,115352,167256,4274532,5273.497,1860.411,0,0,0,0,1864,1246,1.550,1.440,0.870,3,0,0,0,0,14,122,2,28,0
25-06 21:09:52,25.575,6.268,66.695,0.251,0,3388216,173296,167256,4215476,11974.993,8922.072,44.129,862.520,5.015,105.308,4952,6620,1.550,1.440,0.870,1,0,8.023,0,0,14,124,1,29,1
25-06 21:09:53,18.968,7.986,71.877,0,0,3311400,250104,167256,4215484,4743.897,1683.125,0,311.468,0,20.964,2797,2099,1.550,1.440,0.870,2,0,81.860,0,0,14,124,1,30,0
25-06 21:09:54,18.978,2.996,77.409,0,0,3353692,207808,167256,4215488,10092.075,7228.459,0,251.703,0,15.981,1831,1334,1.500,1.430,0.870,2,0,0,0,0,14,125,1,30,0
25-06 21:09:55,18.566,6.774,73.511,0.251,0,3365436,196048,167256,4215504,22691.656,19512.356,0,1136.038,0,61.218,2735,2106,1.500,1.430,0.870,1,0,56.200,0,0,14,124,1,31,0
25-06 21:09:56,18.685,2.740,77.231,0.249,0,3404348,157000,167256,4215640,11198.009,7307.556,3.986,151.473,0.997,18.934,1899,1478,1.500,1.430,0.870,2,0,0,0,0,14,125,1,31,0
25-06 21:09:57,21.952,4.989,69.100,1.746,0,3401588,159548,167264,4215872,6103.785,2595.381,131.715,2239.152,9.978,273.408,5571,8564,1.500,1.430,0.870,2,0,3.991,0,0,14,126,0,31,0
25-06 21:09:58,24.380,7.037,66.353,0.754,0,3356372,204496,167264,4216140,6203.042,2821.027,28.150,4877.984,2.011,440.346,5428,7059,1.500,1.430,0.870,1,0,53.284,0,0,14,125,0,33,0
25-06 21:09:59,22.747,4.249,71.990,0.500,0,3391372,169468,167264,4216168,5071.294,1511.790,0,5279.265,0,312.956,2424,2791,1.460,1.420,0.880,1,0,0,0,0,14,125,0,33,0
25-06 21:10:00,15.001,2.250,81.503,0.250,0,3393300,167460,167264,4216248,15035.628,11718.490,80.003,180.008,4.000,8.000,2097,1894,1.460,1.420,0.880,3,0,6.000,0,0,14,126,0,33,0
25-06 21:10:01,28.944,6.986,61.380,0.499,0,3398176,162360,167272,4216464,5466.337,1616.846,135.735,994.061,12.975,119.766,5682,10300,1.460,1.420,0.880,2,0,31.938,0,0,14,126,0,34,0
25-06 21:10:02,34.950,9.736,53.423,0.499,0,3323124,237296,167280,4216572,6340.898,2482.437,3.994,1186.297,0.999,128.815,7346,9827,1.460,1.420,0.880,2,0,78.887,0,0,14,129,0,33,0
25-06 21:10:03,22.004,3.000,74.762,0.250,0,3400476,159944,167280,4216572,5229.839,2307.370,0,408.065,0,24.004,1763,1303,1.460,1.420,0.880,2,0,0,0,0,14,130,0,33,0
25-06 21:10:04,15.531,2.004,79.406,0.501,0,3400624,159720,167280,4216648,15105.745,10575.825,32.063,925.823,2.004,109.215,3154,3946,1.430,1.410,0.880,2,0,0,0,0,14,129,0,34,0
25-06 21:10:05,18.741,9.746,70.718,0.250,0.250,3348120,212196,167280,4216660,5057.703,1457.338,0,923.580,0,33.985,3327,2683,1.430,1.410,0.880,2,0,146.933,0,0,14,129,0,34,0
25-06 21:10:06,18.254,3.251,78.015,0.250,0,3399260,161052,167280,4216664,12143.346,7332.417,0,408.079,0,22.004,1853,1403,1.430,1.410,0.880,2,0,0,0,0,14,130,0,34,0
25-06 21:10:07,21.736,3.748,72.704,0.500,0,3400620,159540,167280,4216816,12279.228,7362.340,0,2706.287,0,174.889,3869,4783,1.430,1.410,0.880,1,0,0.999,0,0,14,130,0,34,0
25-06 21:10:08,27.302,7.514,61.868,0.501,0,3402136,157540,167300,4217280,5901.283,1623.103,388.743,1122.146,62.119,123.236,6535,9399,1.430,1.410,0.880,4,0,3.006,0,0,14,132,0,34,0
25-06 21:10:09,39.030,17.013,42.032,0.751,0,3372864,186424,167300,4217652,6853.254,3376.589,56.043,1613.237,7.005,148.114,11100,16334,1.470,1.420,0.880,3,0,283.217,0,0,14,131,0,35,0
25-06 21:10:10,22.398,4.231,71.423,0.249,0,3433488,125728,167300,4217676,4328.202,1787.822,0,537.541,0,36.832,2260,2033,1.470,1.420,0.880,2,0,3.982,0,0,14,131,0,35,0
25-06 21:10:11,19.805,3.008,76.463,0,0,3439916,167284,167300,4170472,11845.974,9114.370,4.011,481.340,1.003,27.075,2216,1781,1.470,1.420,0.880,2,0,0,0,0,14,131,0,36,0
25-06 21:10:12,8.509,19.771,68.825,0.501,0,3358072,249084,167300,4170536,4833.247,1621.760,8.009,2654.882,2.002,184.200,5275,4279,1.470,1.420,0.880,2,0,272.296,0,0,14,131,0,36,0
25-06 21:10:13,10.250,20.501,67.252,0.250,0,3327600,279524,167304,4170564,4158.103,1458.036,0,832.021,0,107.003,5441,3907,1.470,1.420,0.880,1,0,279.007,0,0,14,131,0,36,0
25-06 21:10:14,18.745,16.496,63.233,0,0,3323516,283592,167308,4170576,4738.735,1619.568,3.999,339.909,1.000,21.994,6011,7415,1.430,1.420,0.880,3,0,216.942,0,0,14,131,0,36,0
25-06 21:10:15,27.965,24.220,46.193,0.749,0,3384892,222172,167308,4170624,4590.288,1673.917,0,3867.187,0,210.738,6461,5834,1.430,1.420,0.880,2,0,351.562,0,0,14,131,0,36,0
25-06 21:10:16,31.279,24.272,42.289,0,0,3418092,188528,167320,4171008,5135.695,1567.433,84.077,1125.028,6.005,54.049,6649,6139,1.430,1.420,0.880,2,0,389.356,0,0,14,137,0,36,0
25-06 21:10:17,23.376,16.164,58.937,0,0,3452848,153348,167320,4171892,5252.102,1611.440,3.979,266.584,0.995,15.915,5809,8492,1.430,1.420,0.880,5,0,192.975,0,0,16,137,0,36,0
25-06 21:10:18,54.573,29.675,14.335,0.251,0,3594032,151172,167324,4035124,5261.108,1629.636,104.619,245.451,7.042,16.095,7823,12920,1.430,1.420,0.880,4,0,497.944,0,0,16,143,0,36,0
25-06 21:10:19,59.919,23.468,16.977,0.250,0,3697324,143032,167324,3941072,4973.293,1707.697,15.978,551.257,0.999,37.949,6792,7310,1.560,1.440,0.900,5,0,417.437,0,0,16,155,0,36,0
25-06 21:10:20,36.537,21.271,40.290,0,0,3758800,127092,167324,3896096,4684.705,1621.629,16.016,564.567,3.003,21.021,7967,11545,1.560,1.440,0.900,3,0,284.286,0,0,16,159,0,36,0
25-06 21:10:21,33.505,25.504,40.256,0.250,0,3799652,137800,167324,3845056,5057.781,1620.250,84.013,2208.341,4.001,27.004,14511,5817,1.560,1.440,0.900,2,0,567.088,0,0,16,159,0,36,0
25-06 21:10:22,21.990,19.491,57.223,0,0,3822500,170008,167332,3791464,4455.883,1527.274,3.998,331.842,1.000,25.988,6088,5976,1.560,1.440,0.900,2,0,324.846,0,0,17,161,0,34,0
25-06 21:10:23,25.508,22.757,51.015,0.500,0,3872004,175512,167332,3737492,4621.364,1620.478,8.002,10086.978,2.001,802.237,6944,6272,1.560,1.440,0.900,3,0,345.102,0,0,17,161,0,34,0
25-06 21:10:24,32.000,24.750,41.750,0,0,3934328,141632,167336,3710192,4365.988,1457.996,0,339.999,0,23.000,6753,6734,1.600,1.450,0.900,2,0,434.999,0,0,17,161,0,35,0
25-06 21:10:25,31.955,16.477,50.928,0,0,3970216,148196,167336,3668148,4613.470,1617.710,31.955,71.898,1.997,1.997,6162,6356,1.600,1.450,0.900,3,0,241.658,0,0,17,167,0,35,0
25-06 21:10:26,42.435,27.208,28.956,0,0,4072672,148704,167336,3567720,5909.921,1240.095,27.957,343.472,3.994,28.956,8189,12114,1.600,1.450,0.900,4,0,532.182,0,0,17,175,0,35,0
25-06 21:10:27,27.746,24.997,44.244,0.250,0,4144784,140532,167336,3505092,4695.398,755.903,15.998,647.917,3.999,52.993,9468,13917,1.600,1.450,0.900,1,0,465.940,0,0,17,185,0,35,0
25-06 21:10:28,9.774,20.801,67.416,0.501,0,4146780,138456,167336,3505152,5972.710,1461.600,40.099,721.778,3.007,47.116,5513,4339,1.600,1.450,0.900,1,0,282.696,0,0,17,185,0,35,0
25-06 21:10:29,19.490,19.240,60.218,0,0,4147648,137548,167336,3505636,5876.887,1619.142,0,431.771,0,25.986,6899,7623,1.550,1.450,0.900,4,0,282.850,0,0,17,189,0,35,0
25-06 21:10:30,37.002,15.751,45.503,0.250,0,4232336,144408,167336,3415604,4380.289,1710.113,396.026,352.023,6.000,32.002,4453,3164,1.550,1.450,0.900,3,0,123.008,0,0,17,201,0,35,0
25-06 21:10:31,44.193,8.988,45.692,0.250,0,4339412,125452,167336,3328664,4708.973,1456.136,651.167,603.228,10.986,41.946,3281,2018,1.550,1.450,0.900,4,0,2.996,0,0,17,201,0,21,0
25-06 21:10:32,33.244,7.499,57.240,0.500,0,4422660,144140,167348,3229560,5099.136,1619.726,95.984,367.938,7.999,25.996,3316,2912,1.550,1.450,0.900,3,0,7.999,0,0,17,206,0,21,0
25-06 21:10:33,29.088,18.807,51.907,0,0,4353600,212436,167352,3230320,4754.361,1624.908,718.169,782.363,8.024,29.088,5056,4211,1.550,1.450,0.900,2,0,348.051,0,0,17,209,0,21,0
25-06 21:10:34,32.441,29.945,36.433,0,0.250,4415576,147228,167372,3233544,6656.818,3931.805,2275.835,199.635,36.932,16.969,6598,6106,1.660,1.470,0.910,2,0,515.057,0,0,17,210,0,21,0
25-06 21:10:35,47.403,19.211,32.184,0,0,4413456,192180,167376,3191732,11896.669,7969.700,23.951,1289.363,2.994,31.935,6674,9092,1.660,1.470,0.910,4,0,252.484,0,0,17,217,0,18,0
25-06 21:10:36,70.783,20.009,9.504,0.250,0,4524968,121736,167388,3152764,5419.492,1620.745,64.029,2433.119,9.004,20.009,5019,4570,1.660,1.470,0.910,6,0,161.074,0,0,17,220,0,18,0
25-06 21:10:37,62.462,12.194,21.401,1.991,0,4623044,142276,167412,3037172,13261.934,10605.168,5204.038,1039.215,234.918,31.853,5006,4518,1.660,1.470,0.910,4,0,23.890,0,0,17,227,0,18,0
25-06 21:10:38,59.736,15.879,21.929,3.025,0,4626840,173120,167476,3003616,7350.846,3033.698,3194.004,2234.189,299.438,160.305,7089,8936,1.660,1.470,0.910,2,0,149.215,0,0,17,227,0,23,0
25-06 21:10:39,34.757,26.755,37.258,0,0,4666520,144452,167484,2992812,5960.224,2818.579,4.001,9529.957,1.000,33.007,6779,6547,1.770,1.500,0.930,3,0,445.091,0,0,17,228,0,22,0
25-06 21:10:40,38.009,18.632,41.736,0.248,0,4682216,133896,167488,2988136,14507.108,10593.895,202.716,628.022,10.931,48.692,6602,9509,1.770,1.500,0.930,4,0,248.426,0,0,17,227,0,23,0
25-06 21:10:41,57.300,29.907,12.566,0,0,4698188,166512,167488,2940812,5200.268,1574.255,4.021,619.247,1.005,40.211,6352,6965,1.770,1.500,0.930,3,0,529.778,0,0,17,231,0,23,0
25-06 21:10:42,53.992,21.497,22.997,0.250,0,4770072,143380,167504,2892776,12918.035,9671.529,1075.836,723.890,47.993,37.994,6273,8584,1.770,1.500,0.930,5,0,264.960,0,0,17,233,0,24,0
25-06 21:10:43,58.495,28.498,12.499,0,0,4797036,179048,167508,2830884,7625.405,4279.666,247.981,3443.731,12.999,303.976,8348,11848,1.770,1.500,0.930,3,0,472.963,0,0,17,235,0,24,0
25-06 21:10:44,58.460,25.732,14.240,0.500,0,4882516,164460,167520,2762504,7780.657,3894.326,591.594,14873.787,31.978,1073.263,9755,14365,2.270,1.600,0.960,5,0,344.763,0,0,17,243,0,25,0
25-06 21:10:45,53.593,20.191,24.927,0,0,4946684,134940,167524,2728600,13540.279,10038.551,606.222,646.105,12.962,39.883,11269,19553,2.270,1.600,0.960,4,0,183.462,0,0,17,241,0,26,0
25-06 21:10:46,62.655,11.027,25.814,0.251,0,5037404,154400,167524,2621068,11196.709,7363.222,380.943,585.449,7.017,16.040,4141,2225,2.270,1.600,0.960,5,0,8.020,0,0,17,244,0,26,0
25-06 21:10:47,54.886,9.979,32.932,0.499,0,5114020,170952,167532,2530356,16083.657,13729.537,1756.359,810.320,93.806,85.822,5982,8781,2.270,1.600,0.960,1,0,11.975,0,0,17,249,0,29,0
25-06 21:10:48,58.940,15.299,26.084,0.251,0,5036900,247668,167532,2530760,7877.351,3443.080,630.028,662.131,9.029,40.129,5792,5248,2.270,1.600,0.960,4,0,136.439,0,0,17,251,0,31,0
25-06 21:10:49,43.800,29.534,24.528,0.501,0,5108016,172868,167660,2534280,9917.303,7341.367,4308.911,1372.564,64.073,70.080,7584,7597,2.330,1.630,0.980,6,0,501.572,0,0,17,252,0,31,0
25-06 21:10:50,53.379,23.696,21.950,0,0,5061408,219436,167660,2534672,9756.853,6745.688,798.188,766.261,7.982,20.952,6436,8046,2.330,1.630,0.980,4,0,349.207,0,0,17,251,0,32,0
25-06 21:10:51,69.286,20.010,10.505,0.250,0,5151932,153224,167664,2511312,10154.304,7324.826,744.389,928.485,20.010,62.032,6294,6390,2.330,1.630,0.980,4,0,166.087,0,0,18,259,0,30,0
25-06 21:10:52,78.910,13.235,6.493,1.249,0,5253216,161276,167672,2406160,9881.689,6771.250,3543.944,6864.143,164.811,371.575,6639,7318,2.330,1.630,0.980,4,0,11.986,0,0,18,258,0,31,0
25-06 21:10:53,83.996,13.709,1.745,0.498,0,5282492,152652,167696,2386168,4366.820,1656.999,1020.919,1224.305,37.886,85.741,6283,5820,2.330,1.630,0.980,6,0,28.913,0,0,18,263,0,32,0
25-06 21:10:54,34.781,15.764,47.293,0.250,0,5328164,167052,167696,2328160,14938.524,12450.272,824.747,576.522,11.010,35.032,5200,4966,2.300,1.630,0.980,2,0,211.191,0,0,18,267,0,32,0
25-06 21:10:55,40.110,10.779,48.132,0,0,5304328,190792,167696,2328256,16076.980,4721.917,513.404,501.372,4.011,41.112,4399,4016,2.300,1.630,0.980,4,0,14.038,0,0,18,272,0,30,0
25-06 21:10:56,43.851,15.536,39.842,0.251,0,5329100,195340,167700,2301600,16900796.433,202511.310,3051.025,356.822,32.074,21.048,14568,8816,2.300,1.630,0.980,2,0,141.325,0,0,18,271,0,30,0
25-06 21:10:57,45.663,12.975,40.423,0.499,0,5321732,202568,167708,2301876,10013.914,6678.271,467.110,758.554,6.987,79.848,5434,5145,2.300,1.630,0.980,2,0,136.739,0,0,18,274,0,31,0
25-06 21:10:58,38.468,6.495,53.455,0.250,0,5407684,161536,167636,2257516,14098.107,11979.894,0,507.572,0,42.964,3465,2678,2.300,1.630,0.980,2,0,1.998,0,0,18,278,0,32,0
25-06 21:10:59,29.216,3.496,64.424,0.499,0,5409828,158700,167636,2258208,166140.168,6402811.903,495.416,815.039,25.969,83.901,6030,7176,2.200,1.620,0.980,2,0,0.999,0,0,18,280,0,33,0
25-06 21:11:00,30.051,5.259,63.357,0.250,0,5366920,201456,167640,2258356,8047224.091,10076174.290,0,9824.576,0,38.064,8292,4761,2.200,1.620,0.980,3,0,5.008,0,0,18,285,0,33,0
25-06 21:11:01,42.269,8.754,47.271,0,0,5289852,280332,167640,2256660,8909221.612,150000.171,200.090,17279.738,10.004,94.042,12107,20406,2.200,1.620,0.980,2,0,38.017,0,0,18,283,0,37,0
25-06 21:11:02,15.763,13.261,68.555,0.751,0,5221272,348820,167644,2256748,8866.135,4666.756,32.026,840.677,2.002,76.061,4859,4508,2.200,1.620,0.980,1,0,207.167,0,0,18,282,0,38,0
25-06 21:11:03,12.732,16.227,68.651,0,0,5252232,317800,167644,2256808,5018.758,1563.743,31.954,834.795,2.996,25.963,4873,4021,2.200,1.620,0.980,1,0,293.576,0,0,18,282,0,36,0
25-06 21:11:04,23.189,3.740,72.560,0.499,0,5307480,262552,167644,2256808,5038.831,1508.059,0,13157.613,0,1156.976,2642,1606,2.100,1.610,0.980,2,0,0,0,0,18,282,0,36,0
25-06 21:11:05,11.050,17.831,68.562,0.502,0,5280360,289632,167648,2256840,5081.158,1464.675,8.037,1856.461,2.009,113.517,5127,4120,2.100,1.610,0.980,1,0,240.094,0,0,18,284,0,36,0
25-06 21:11:06,7.979,19.949,69.322,0,0,5271096,298856,167648,2256880,6586.042,1631.798,11.969,147.620,0.997,10.972,5300,3904,2.100,1.610,0.980,4,0,280.278,0,0,18,284,0,36,0
25-06 21:11:07,5.984,10.722,81.538,0,0.249,5266884,302928,167648,2257020,6554.996,1508.088,111.710,766.013,5.984,16.956,3491,3085,2.100,1.610,0.980,2,0,150.609,0,0,18,284,0,35,0
25-06 21:11:08,10.519,4.007,83.650,0,0,5298236,271576,167648,2257020,5515.904,1568.817,0,140.252,0,13.023,1644,1575,2.100,1.610,0.980,4,0,9.016,0,0,18,284,0,35,0
25-06 21:11:09,18.500,3.500,77.750,0,0,5346320,223488,167648,2257024,7412.018,7267.017,0,12.000,0,3.000,2002,1591,2.010,1.600,0.980,2,0,0,0,0,18,285,0,35,0
25-06 21:11:10,18.522,7.008,73.587,0,0,5252752,316968,167648,2257112,11005.946,4924.793,64.075,4.005,4.005,1.001,3179,2542,2.010,1.600,0.980,2,0,69.081,0,0,18,288,0,36,0
25-06 21:11:11,14.027,16.782,67.378,0.250,0,5253144,316460,167652,2257224,4691.888,1568.972,40.076,376.714,4.008,34.065,5302,4186,2.010,1.600,0.980,3,0,173.328,0,0,18,292,0,34,0
25-06 21:11:12,12.987,17.482,67.181,0.250,0,5249720,319648,167652,2257460,4555.320,1618.337,0,531.454,0,53.945,5338,4373,2.010,1.600,0.980,1,0,174.820,0,0,18,294,0,34,0
25-06 21:11:13,11.020,17.030,68.872,0.250,0,5243704,325440,167652,2257668,4507.995,1622.878,0,544.966,0,40.071,4836,3673,2.010,1.600,0.980,3,0,168.298,0,0,18,294,0,34,0
25-06 21:11:14,21.909,5.228,71.701,0.249,0.249,5300172,268960,167652,2257680,4738.238,1451.944,3.983,1115.348,0.996,165.311,2587,2201,1.930,1.590,0.980,2,0,19.917,0,0,18,294,0,34,0
25-06 21:11:15,22.519,4.003,72.062,0,0,5362276,206580,167652,2257956,5048.319,1715.468,276.236,140.120,4.003,9.008,2049,1577,1.930,1.590,0.980,2,0,2.002,0,0,18,294,0,34,0
25-06 21:11:16,25.566,1.003,72.438,0.251,0,5378036,190704,167652,2258072,5717.813,1570.068,112.291,216.561,8.021,29.075,2439,2192,1.930,1.590,0.980,1,0,2.005,0,0,18,296,0,34,0
25-06 21:11:17,22.680,4.985,71.281,0,0,5296904,271728,167652,2258180,5295.696,1507.359,87.730,215.337,4.985,13.957,2236,1869,1.930,1.590,0.980,2,0,5.982,0,0,18,294,0,34,0
25-06 21:11:18,22.219,4.244,72.400,0,0.250,5345540,223092,167652,2258180,5078.955,1563.831,0,159.778,0,8.988,2041,1602,1.930,1.590,0.980,2,0,2.996,0,0,18,294,0,34,0
25-06 21:11:19,11.510,1.752,85.073,0,0,5349428,219060,167652,2258324,24104.800,20368.576,0,152.131,0,10.009,2397,2329,1.780,1.570,0.980,3,0,2.002,0,0,18,297,0,35,0
25-06 21:11:20,24.754,3.751,70.261,0.250,0,5257936,310540,167652,2258336,5034.788,1710.268,0,156.024,0,18.003,2358,1764,1.780,1.570,0.980,2,0,16.003,0,0,18,294,0,36,0
25-06 21:11:21,22.997,4.249,71.740,0,0,5325696,242752,167652,2258364,5042.295,1565.781,15.998,251.965,1.000,21.997,2242,1918,1.780,1.570,0.980,2,0,0,0,0,18,294,0,36,0
25-06 21:11:22,22.300,6.765,69.407,0.251,0,5239224,329088,167652,2258500,4838.948,1461.306,0,288.653,0,28.063,3149,2591,1.780,1.570,0.980,1,0,75.170,0,0,18,294,0,36,0
25-06 21:11:23,9.007,20.517,68.556,0.250,0,5245124,323148,167660,2258532,4863.974,1663.359,396.324,684.559,6.005,35.029,5217,4001,1.780,1.570,0.980,3,0,265.217,0,0,18,294,0,36,0
25-06 21:11:24,10.465,17.441,69.266,0,0,5253984,314160,167660,2258660,4741.997,1494.955,19.933,39.865,2.990,4.983,4776,3434,1.800,1.570,0.980,2,0,242.183,0,0,18,294,0,36,0
25-06 21:11:25,21.780,4.506,72.601,0,0,5308148,259980,167660,2258676,5593.763,2115.936,4.006,0,1.001,0,2225,1608,1.800,1.570,0.980,2,0,33.046,0,0,18,295,0,36,0
25-06 21:11:26,20.728,2.497,76.168,0.250,0,5310072,251704,167792,2264772,12363.624,4171.487,0,1038.876,0,17.981,1954,1557,1.800,1.570,0.980,2,0,1.998,0,0,18,294,0,36,0
25-06 21:11:27,23.300,6.263,68.396,0,0,5336640,223844,167848,2265956,6914.740,1623.461,0,509.085,0,9.019,11555,20623,1.800,1.570,0.980,3,0,14.030,0,0,18,294,0,36,0
25-06 21:11:28,18.470,4.493,76.127,0.499,0,5328224,231908,167880,2266276,13137.841,4595.598,0,822.675,0,28.953,3438,4613,1.800,1.570,0.980,2,0,5.990,0,0,18,295,0,35,0
25-06 21:11:29,21.584,7.278,68.517,0.251,0,5331424,228644,167920,2266300,5421.091,1626.327,0,18491.944,0,159.621,9322,16321,1.810,1.580,0.990,1,0,15.059,0,0,18,295,0,35,0
25-06 21:11:30,15.486,11.739,70.936,0.250,0,5280684,285312,168008,2260352,4136.277,1630.532,0,3584.773,0,445.599,4194,3311,1.810,1.580,0.990,1,0,166.850,0,0,18,294,0,35,0
25-06 21:11:31,17.902,9.946,70.116,0.249,0,5326004,239952,168008,2260400,4910.129,1611.183,31.826,1133.795,0.995,51.717,3224,2826,1.810,1.580,0.990,2,0,101.445,0,0,18,294,0,35,0
25-06 21:11:32,24.633,2.765,71.636,0,0,5361264,204504,168008,2260588,6099.871,3442.551,0,237.279,0,28.152,2414,2125,1.810,1.580,0.990,1,0,0,0,0,18,297,0,35,0
25-06 21:11:33,19.487,3.498,76.198,0,0,5333688,232052,168008,2260616,13699.674,9980.206,19.986,195.867,1.999,10.993,2466,2071,1.810,1.580,0.990,2,0,17.988,0,0,18,296,0,38,0
25-06 21:11:34,17.943,8.972,71.523,0,0,5372728,192988,168008,2260640,4352.213,1561.055,11.962,3.987,0.997,0.997,2888,2361,1.750,1.570,0.990,4,0,97.691,0,0,18,296,0,38,0
25-06 21:11:35,18.791,3.508,76.917,0,0,5395288,170420,168008,2260648,13442.128,10091.868,0,0,0,0,2089,1735,1.750,1.570,0.990,3,0,0,0,0,18,297,0,38,0
25-06 21:11:36,20.231,7.493,71.183,0,0,5357856,207848,168008,2260652,5100.212,1426.661,0,0,0,0,2773,2058,1.750,1.570,0.990,3,0,69.934,0,0,18,296,0,38,0
25-06 21:11:37,19.003,3.500,76.510,0,0,5372076,193616,168008,2260664,10597.454,7009.962,0,112.015,0,6.001,2090,1815,1.750,1.570,0.990,4,0,1.000,0,0,18,297,0,38,0
25-06 21:11:38,19.042,5.763,73.915,0.251,0,5353232,212444,168008,2260680,12314.410,8790.567,0,176.393,0,8.018,2813,2163,1.750,1.570,0.990,1,0,56.125,0,0,18,296,0,39,0
25-06 21:11:39,21.434,3.738,73.772,0,0,5403344,162332,168008,2260680,5093.293,2498.296,0,530.364,0,7.975,1961,1516,1.690,1.560,0.990,1,0,0,0,0,18,297,0,39,0
25-06 21:11:40,18.292,3.759,76.424,0,0,5362592,203028,168008,2260736,13389.541,9843.453,12.027,4.009,1.002,1.002,2516,2082,1.690,1.560,0.990,4,0,28.064,0,0,18,296,0,37,0
25-06 21:11:41,21.780,5.257,72.349,0,0,5390924,174676,168008,2260756,5049.910,1568.146,0,240.329,0,21.029,2228,1966,1.690,1.560,0.990,2,0,4.005,0,0,18,296,0,37,0
25-06 21:11:42,16.213,2.993,79.816,0.499,0,5390396,175192,168008,2260768,13906.964,11428.673,0,375.136,0,43.899,2541,2734,1.690,1.560,0.990,1,1,0,0,0,18,297,0,37,0
25-06 21:11:43,19.236,6.495,71.448,0,0,5307488,258088,168008,2260780,6566.228,2606.106,0,927.326,0,69.949,2994,2821,1.690,1.560,0.990,7,0,52.962,0,0,18,296,0,38,0
25-06 21:11:44,19.474,3.495,76.150,0.250,0,5353044,212528,168008,2260784,10598.086,7269.456,0,858.872,0,91.879,2125,1895,1.630,1.550,0.990,4,0,0,0,0,18,297,0,33,0
25-06 21:11:45,20.252,5.001,73.509,0,0,5288708,276860,168008,2260796,9501.108,6128.715,0,120.014,0,9.001,2653,2197,1.630,1.550,0.990,2,0,32.004,0,0,18,296,0,36,0
25-06 21:11:46,19.276,3.254,76.352,0,0,5343724,221712,168008,2260928,7601.184,7210.661,0,1806.420,0,322.432,2191,1831,1.630,1.550,0.990,2,0,0,0,0,18,297,0,36,0
25-06 21:11:47,17.507,2.251,79.033,0,0,5309664,255752,168008,2260948,13777.669,6932.852,0,216.089,0,24.010,2462,2503,1.630,1.550,0.990,4,0,8.003,0,0,18,296,0,37,0
25-06 21:11:48,5.996,11.492,79.196,1.749,0,5303840,260316,168588,2261628,9303.614,3971.274,1123.229,167.885,250.828,11.992,3735,3311,1.630,1.550,0.990,2,0,172.881,0,0,18,298,0,30,0
25-06 21:11:49,4.260,8.270,86.210,0.251,0.251,5297612,266464,168620,2261676,15413.564,3262.952,0,388.948,0,31.076,2887,2639,1.500,1.530,0.990,2,0,111.271,0,0,18,296,0,31,0
25-06 21:11:50,4.241,6.736,87.322,0,0,5301376,262688,168620,2261688,10733.104,4938.924,0,327.332,0,17.963,2470,2260,1.500,1.530,0.990,2,0,86.823,0,0,18,296,0,32,0
25-06 21:11:51,15.484,11.987,70.426,0.749,0,5307748,252672,168924,2265012,4991.727,1618.291,1002.941,575.392,94.900,42.955,4028,3410,1.500,1.530,0.990,3,0,139.852,0,0,18,296,0,32,0
25-06 21:11:52,22.776,4.505,71.580,0.250,0,5319892,231252,169352,2273668,5504.178,2049.300,12.013,1253.407,2.002,22.025,2568,2246,1.500,1.530,0.990,2,0,17.019,0,0,18,297,0,30,0
25-06 21:11:53,18.238,2.998,76.698,0.250,0,5300236,247336,169408,2277148,15632.381,5524.247,3.997,1003.318,0.999,33.977,2199,1966,1.500,1.530,0.990,2,0,3.997,0,0,18,296,0,30,0
25-06 21:11:54,13.552,17.065,67.005,0.753,0,5254404,289976,169420,2280296,4210.038,1138.336,1317.017,3043.594,21.080,100.382,5859,5464,1.460,1.520,0.990,1,0,300.143,0,0,18,296,0,30,0
25-06 21:11:55,25.696,4.241,69.354,0.499,0,5318900,225468,169420,2280308,4831.832,1508.825,0,343.278,0,17.962,2696,2333,1.460,1.520,0.990,3,0,8.981,0,0,18,296,0,32,0
25-06 21:11:56,18.982,2.248,77.426,0,0,5334492,209856,169420,2280328,29929.562,25108.143,0,111.894,0,7.992,2184,1874,1.460,1.520,0.990,2,0,0,0,0,18,296,0,34,0
25-06 21:11:57,22.500,6.500,70.001,0.250,0,5311252,233072,169424,2280348,4840.036,1080.008,0,372.003,0,44.000,2867,2552,1.460,1.520,0.990,2,0,48.000,0,0,18,296,0,32,0
25-06 21:11:58,19.730,2.497,76.423,0,0,5334136,210152,169424,2280384,11486.494,7937.050,0,207.792,0,21.978,2082,1925,1.460,1.520,0.990,1,1,0,0,0,18,297,0,33,0
25-06 21:11:59,21.230,4.246,73.432,0,0,5286364,257756,169424,2280552,7765.767,4103.179,187.825,167.844,10.990,11.989,2638,2292,1.420,1.510,0.990,2,0,13.987,0,0,18,296,0,34,0
25-06 21:12:00,20.351,2.512,76.629,0,0,5328684,215432,169424,2280556,10920.039,7478.006,0,8.040,0,1.005,1967,1508,1.420,1.510,0.990,1,0,0,0,0,18,297,0,34,0
25-06 21:12:01,28.067,5.961,61.847,1.739,0,5320788,220892,169424,2282992,7399.745,3565.747,2157.928,2352.658,86.436,240.432,5720,16170,1.420,1.510,0.990,2,0,36.760,0,0,18,296,0,31,0
25-06 21:12:02,23.054,4.511,71.668,0.501,0,5359376,182300,169424,2282996,5172.131,1623.809,0,2485.831,0,383.900,2451,2139,1.420,1.510,0.990,2,0,5.012,0,0,18,296,0,31,0
25-06 21:12:03,15.243,1.999,81.211,0,0,5369392,172272,169424,2283008,14629.016,11201.652,0,363.826,0,24.988,2173,2144,1.420,1.510,0.990,1,0,0,0,0,18,297,0,31,0
25-06 21:12:04,20.584,8.535,69.031,0.502,0,5327272,214188,169424,2283212,6663.104,2857.624,144.588,1216.950,7.029,139.568,5377,6780,1.790,1.580,1.010,1,0,85.347,0,0,18,296,0,32,0
25-06 21:12:05,8.248,23.243,65.980,0.250,0,5307228,234200,169428,2283240,5698.313,1689.500,3.999,2359.302,1.000,45.986,6099,4786,1.790,1.580,1.010,1,0,443.869,0,0,18,296,0,27,0
25-06 21:12:06,8.243,23.232,66.447,0,0,5290564,250844,169428,2283260,6132.140,1618.717,0,483.617,0,40.968,6296,5103,1.790,1.580,1.010,1,0,481.618,0,0,18,296,0,27,0
25-06 21:12:07,9.001,22.753,66.009,0.500,0,5296688,244700,169428,2283280,5136.717,1296.181,0,2472.345,0,146.020,6185,5262,1.790,1.580,1.010,1,0,397.055,0,0,18,296,0,27,0
25-06 21:12:08,8.001,22.753,66.508,0,0,5285816,255544,169428,2283308,5122.582,1242.141,0,220.025,0,20.002,5737,4383,1.790,1.580,1.010,2,0,365.041,0,0,18,296,0,27,0
25-06 21:12:09,9.002,22.756,66.768,0,0,5290148,251192,169428,2283328,4593.243,1512.409,0,336.091,0,14.004,5821,4404,1.810,1.590,1.020,2,0,399.108,0,0,18,296,0,27,0
25-06 21:12:10,8.750,22.501,67.253,0,0,5277356,263964,169428,2283348,4186.190,1566.071,0,36.002,0,9.000,5540,4022,1.810,1.590,1.020,2,0,348.016,0,0,18,296,0,27,0
25-06 21:12:11,8.757,22.768,66.802,0,0,5269936,271356,169432,2283372,4492.516,1513.184,0,72.056,0,9.007,5588,4164,1.810,1.590,1.020,1,0,352.276,0,0,18,296,0,27,0
25-06 21:12:12,9.240,22.476,65.179,0.499,0,5273532,267732,169432,2283400,4780.794,1564.296,0,3372.327,0,176.807,6334,5684,1.810,1.590,1.020,1,0,375.591,0,0,18,296,0,27,0
25-06 21:12:13,8.978,23.194,65.342,0.499,0,5272060,269176,169432,2283428,4940.021,1508.342,0,602.539,0,43.894,5961,4852,1.810,1.590,1.020,1,0,394.044,0,0,18,296,0,26,0
25-06 21:12:14,14.531,13.529,70.399,0,0,5280880,291508,169440,2253208,4768.108,1461.097,24.051,477.011,3.006,33.070,4680,3939,1.740,1.580,1.020,2,0,229.486,0,0,18,296,0,26,0
25-06 21:12:15,19.460,6.736,72.353,0.249,0,5301164,346736,169608,2188144,4660.537,1656.636,0,5025.796,0,132.731,2243,1806,1.740,1.580,1.020,1,0,3.992,0,0,18,296,0,26,0
25-06 21:12:16,18.020,2.753,78.337,0,0,5312860,332748,169608,2190432,12968.405,5147.718,80.089,1317.463,9.010,19.021,1960,1634,1.740,1.580,1.020,2,0,16.018,0,0,18,297,0,26,0
25-06 21:12:17,13.981,1.498,82.139,0.999,0,5323648,320604,169612,2191784,26200.478,15854.505,926.744,1713.677,60.917,57.921,1947,1939,1.740,1.580,1.020,1,0,0.999,0,0,18,297,0,26,0
25-06 21:12:18,17.320,1.757,79.320,1.004,0,5326268,316632,169612,2193136,20573.020,11081.719,1160.684,2413.740,51.207,269.086,1977,1668,1.740,1.580,1.020,1,0,0,0,0,18,297,0,26,0
25-06 21:12:19,16.216,1.247,80.583,0.748,0,5340600,300756,169612,2194688,21572.310,13095.870,1165.585,1277.354,51.892,41.913,1917,1679,1.600,1.550,1.010,1,0,1.996,0,0,18,297,0,26,0
25-06 21:12:20,15.741,1.999,79.453,1.249,0,5332496,276564,169684,2226904,20351.035,10777.663,12536.629,1639.036,147.913,53.968,2034,1921,1.600,1.550,1.010,3,0,0.999,0,0,18,297,0,26,0
25-06 21:12:21,32.172,6.235,60.104,0.499,0,5377676,217644,169948,2240200,5343.984,1616.064,255.378,1185.114,1.995,53.869,2901,2158,1.600,1.550,1.010,3,0,4.988,0,0,18,297,0,24,0
25-06 21:12:22,43.226,7.037,48.252,0.251,0,5418352,161220,170004,2255600,4933.767,1574.222,772.032,1877.807,6.032,55.289,3725,2698,1.600,1.550,1.010,3,0,8.042,0,0,18,297,0,24,0
25-06 21:12:23,24.655,3.237,69.730,1.494,0,5398872,159344,170392,2276316,4634.057,1506.168,0,3366.963,0,155.398,3026,3078,1.600,1.550,1.010,2,0,0,0,0,18,297,0,24,0
25-06 21:12:24,23.322,2.508,72.222,0.752,0,5393312,156448,170988,2283964,4499.849,1570.835,16.049,2367.286,1.003,83.256,2512,2461,1.550,1.540,1.010,1,1,0,0,0,18,297,0,24,0
25-06 21:12:25,22.693,3.741,72.068,0.748,0,5387844,155136,171340,2290416,4400.895,1508.194,0,17052.970,0,172.565,2469,2355,1.550,1.540,1.010,1,0,0,0,0,18,297,0,24,0
25-06 21:12:26,22.214,5.741,70.385,0,0,5354960,205124,171360,2273224,6049.138,1791.080,0,790.711,0,28.953,2361,1794,1.550,1.540,1.010,2,0,18.969,0,0,18,296,0,24,0
25-06 21:12:27,20.039,2.755,76.400,0.501,0,5355152,198932,171360,2279188,12294.124,4581.991,0,2003.932,0,37.073,2358,2171,1.550,1.540,1.010,5,0,19.037,0,0,18,296,0,24,0
25-06 21:12:28,23.046,6.012,69.638,0.250,0,5361844,190868,171360,2280508,5951.768,1623.209,0,833.648,0,28.055,10037,18499,1.550,1.540,1.010,1,0,14.028,0,0,18,296,0,24,0
25-06 21:12:29,23.119,6.215,68.363,0,0,5352844,199716,171364,2280656,5805.177,1449.803,0,87.505,0,0.994,8947,16926,1.510,1.530,1.010,3,0,12.927,0,0,18,296,0,24,0
25-06 21:12:30,21.127,5.282,73.190,0,0,5303420,256500,171408,2273308,3736.487,1140.866,0,1625.784,0,13.079,2224,1766,1.510,1.530,1.010,1,0,10.061,0,0,18,296,0,24,0
25-06 21:12:31,23.719,5.742,68.409,0,0,5294696,265196,171412,2273332,4676.809,1563.930,0,770.979,0,23.968,10136,17372,1.510,1.530,1.010,3,0,51.931,0,0,18,296,0,24,0
25-06 21:12:32,22.450,4.989,71.091,0,0,5325920,233952,171412,2273352,4813.256,1946.655,0,582.699,0,29.933,3437,3763,1.510,1.530,1.010,3,0,35.920,0,0,18,297,0,24,0
25-06 21:12:33,18.746,3.249,76.234,0.500,0,5309052,244564,171412,2279560,11583.587,4241.117,0,1211.748,0,26.994,2052,1779,1.510,1.530,1.010,1,0,2.999,0,0,18,296,0,21,0
25-06 21:12:34,22.756,6.252,69.018,0.250,0,5361620,190888,171412,2280668,5009.276,1458.372,32.008,652.166,1.000,20.005,10479,19142,1.470,1.530,1.010,1,0,13.003,0,0,18,296,0,21,0
25-06 21:12:35,22.502,6.751,68.507,0,0,5364180,188116,171412,2280880,5280.548,1620.168,0,576.060,0,11.001,8660,16392,1.470,1.530,1.010,2,0,21.002,0,0,18,296,0,21,0
25-06 21:12:36,24.505,5.501,69.514,0,0,5344040,215756,171436,2273412,5598.140,1620.330,0,1000.204,0,29.006,2722,2202,1.470,1.530,1.010,2,0,9.002,0,0,18,296,0,21,0
25-06 21:12:37,24.337,6.273,67.994,0,0,5315016,244748,171436,2273444,5238.810,1667.989,0,425.528,0,23.083,3829,3545,1.470,1.530,1.010,1,0,112.404,0,0,18,296,0,21,0
25-06 21:12:38,22.250,4.000,71.999,0.250,0,5339644,209756,172068,2283104,4919.963,1619.988,0,1111.992,0,16.000,2190,1789,1.470,1.530,1.010,2,0,4.000,0,0,18,296,0,20,0
25-06 21:12:39,16.436,2.241,79.940,0,0,5337496,210300,172124,2284584,14580.492,5917.068,3.985,390.487,0.996,5.977,1833,1558,1.350,1.500,1.010,1,0,15.938,0,0,18,297,0,20,0
25-06 21:12:40,14.734,1.748,81.913,0.749,0,5338668,208760,172124,2284952,27023.342,14925.172,0,2045.830,0,71.924,1819,1744,1.350,1.500,1.010,2,0,0,0,0,18,297,0,20,0
25-06 21:12:41,9.775,1.504,86.726,0.752,0.251,5336320,210716,172128,2285316,164667.097,16299.474,0,1780.640,0,79.206,1862,1878,1.350,1.500,1.010,2,0,0,0,0,18,298,0,20,0
25-06 21:12:42,18.486,1.499,78.692,0.500,0,5354032,192772,172128,2285544,21275.388,12891.540,0,1562.853,0,67.950,2237,2324,1.350,1.500,1.010,2,0,0,0,0,18,298,0,16,0
25-06 21:12:43,15.282,2.756,80.921,0.501,0,5362260,184252,172128,2285848,36276.448,10248.598,0,1334.813,0,60.127,1948,1813,1.350,1.500,1.010,0,0,6.013,0,0,18,298,0,16,0
25-06 21:12:44,8.250,1.500,87.251,0.750,0,5361996,184000,172180,2286312,354986.277,22395.333,4.000,2284.034,1.000,105.002,2507,2705,1.240,1.470,1,1,0,0,0,0,18,298,0,16,0
25-06 21:12:45,7.489,1.498,88.122,0.999,0,5361540,184000,172336,2286588,92809.185,17143.098,23.965,2284.681,2.996,96.859,1785,2038,1.240,1.470,1,2,0,0,0,0,18,298,0,16,0
25-06 21:12:46,11.991,1.999,84.940,0.500,0,5355328,180220,172420,2296460,681552.945,26500.179,103.926,11715.679,5.996,116.917,2479,2168,1.240,1.470,1,1,0,0.999,0,0,18,298,0,12,0
25-06 21:12:47,6.244,2.997,88.171,0.250,0,5345100,179664,172460,2307188,5632999.247,88049.427,0,6670.048,0,43.961,6055,3864,1.240,1.470,1,3,0,2.997,0,0,18,298,0,12,0
25-06 21:12:48,5.999,3.250,86.987,0.250,0,5346096,158536,172484,2327212,10682631.935,139369.829,0,10246.517,0,19.997,8610,4090,1.240,1.470,1,2,0,1.000,0,0,18,298,0,12,0
25-06 21:12:49,15.790,4.261,78.447,0.752,0,5325284,268968,172332,2238380,2163644.174,32406.557,164.414,4944.444,4.010,306.772,3515,2238,1.220,1.470,1,3,0,2.005,0,0,18,298,0,12,0
25-06 21:12:50,22.242,5.998,69.725,1.000,0,5327192,249772,175556,2253252,4166.496,1457.474,0,4382.418,0,95.965,2398,2135,1.220,1.470,1,2,0,0,0,0,18,298,0,10,0
25-06 21:12:51,22.800,4.009,72.159,0.501,0,5337224,223444,176064,2268960,4767.521,1623.583,8.018,20212.607,2.004,379.838,2369,1910,1.220,1.470,1,1,0,0,0,0,18,298,0,10,0
25-06 21:12:52,23.411,2.989,70.980,0.747,0,5343968,197008,176560,2287956,5020.902,1697.543,0,2024.300,0,84.678,2732,2626,1.220,1.470,1,2,0,0,0,0,18,298,0,10,0
25-06 21:12:53,21.747,5.249,71.488,0.750,0,5348236,203964,175600,2278144,4919.208,1619.739,0,2511.596,0,90.985,2380,2097,1.220,1.470,1,3,0,0,0,0,18,298,0,10,0
25-06 21:12:54,23.341,5.020,69.520,0.753,0,5340508,195340,176384,2293412,5045.614,1572.111,0,85624.855,0,538.092,3427,3353,1.200,1.460,1,2,0,0,0,0,18,298,0,9,0
25-06 21:12:55,23.413,2.491,72.730,0.249,0,5347236,164648,177724,2315696,5186.736,1560.205,0,466.268,0,18.930,2158,1724,1.200,1.460,1,4,0,0,0,0,18,298,0,9,0
25-06 21:12:56,23.317,3.510,71.205,0.752,0,5346464,190580,176748,2291904,5312.323,1624.686,4.012,3578.321,1.003,94.272,2561,2451,1.200,1.460,1,1,0,0,0,0,18,298,0,9,0
25-06 21:12:57,24.153,3.984,69.969,0.747,0,5362516,195808,177592,2269460,5521.823,1960.128,0,2454.143,0,96.612,2836,2746,1.200,1.460,1,6,0,0.996,0,0,18,296,0,9,0
25-06 21:12:58,22.069,5.517,71.975,0.502,0,5325104,233272,177604,2269424,5469.102,2650.288,56.176,678.121,7.022,36.113,2765,2481,1.200,1.460,1,0,0,36.113,0,0,18,297,0,5,0
25-06 21:12:59,20.219,5.492,72.888,0.250,0,5316316,235764,177616,2275680,10789.378,3653.372,0,122315.561,0,1251.073,4321,4868,1.190,1.450,1,3,0,2.995,0,0,18,296,0,5,0
25-06 21:13:00,21.987,6.496,69.460,0,0,5339468,211524,177632,2276716,3226.131,647.625,0,0,0,0,9310,17224,1.190,1.450,1,4,0,12.992,0,0,18,296,0,5,0
25-06 21:13:01,27.021,9.758,61.799,0.250,0,5339916,210580,177644,2277220,3862.043,702.554,356.281,5380.239,7.006,108.085,9859,25673,1.190,1.450,1,3,0,49.039,0,0,18,296,0,6,0
25-06 21:13:02,20.751,6.750,71.502,0,0,5341700,208592,177648,2277420,4388.141,1188.038,4.000,480.015,1.000,26.001,2300,2000,1.190,1.450,1,3,0,7.000,0,0,18,296,0,2,0
25-06 21:13:03,21.771,4.004,72.819,0.500,0,5324932,232140,177692,2270612,4942.703,1459.389,404.385,516.491,11.010,23.022,2158,1721,1.190,1.450,1,6,0,6.006,0,0,18,296,0,2,0
25-06 21:13:04,20.988,3.498,71.960,1.999,0,5347332,204924,178132,2274992,5496.909,1619.089,2114.811,1866.950,291.836,150.915,2750,2695,1.170,1.440,1,2,0,0,0,0,18,297,0,3,0
25-06 21:13:05,25.966,5.493,65.664,1.498,0,5347588,203928,178140,2275724,5241.139,1456.094,455.404,3974.797,29.961,291.618,7614,11220,1.170,1.440,1,2,0,0.999,0,0,18,299,0,10,0
25-06 21:13:06,15.970,14.722,66.624,1.248,0,5322240,228380,178164,2276596,4268.941,0,618.832,2291.673,34.934,201.619,6094,6573,1.170,1.440,1,2,0,206.610,0,0,18,298,0,10,0
25-06 21:13:07,11.807,17.334,69.586,0.251,0,5303408,244920,178164,2278888,6209.991,1627.862,2295.084,542.621,39.189,22.107,4966,3755,1.170,1.440,1,1,0,233.126,0,0,18,298,0,12,0
25-06 21:13:08,8.511,4.756,72.089,13.266,0.250,5284424,226628,178184,2316144,5124.323,1459.801,37165.860,2859.528,2621.234,150.185,4780,7346,1.170,1.440,1,1,0,10.012,0,0,18,298,0,12,0
25-06 21:13:09,5.231,2.242,90.912,0.249,0,5280684,229368,178188,2317144,8745.476,3296.739,1123.821,1219.465,22.915,15.941,1477,1684,1.080,1.420,0.990,2,0,5.978,0,0,18,299,0,12,0
25-06 21:13:10,0.999,0.250,96.630,0,0,5277140,232912,178188,2317144,5199.522,2198.261,0,43.945,0,5.993,921,1318,1.080,1.420,0.990,1,0,0,0,0,18,299,0,12,0
25-06 21:13:11,1.253,0.752,97.708,0,0,5274068,235984,178188,2317144,13273.272,1803.842,0,16.034,0,4.009,938,1312,1.080,1.420,0.990,2,0,0,0,0,18,299,0,12,0
25-06 21:13:12,2.999,0.750,95.230,0.250,0,5271388,238536,178188,2317272,31955.453,3597.263,0,215.956,0,24.995,1374,2026,1.080,1.420,0.990,1,0,0,0,0,18,299,0,12,0
25-06 21:13:13,2.003,1.001,96.142,0.250,0,5269040,240880,178188,2317276,4686.898,1664.450,0,372.548,0,27.040,1131,1682,1.080,1.420,0.990,1,0,0,0,0,18,299,0,12,0
25-06 21:13:14,1.249,0.500,96.913,0,0,5266328,243584,178188,2317284,62583.815,2805.481,0,23.978,0,2.997,1232,1759,1.070,1.410,1,1,0,0.999,0,0,18,299,0,12,0
25-06 21:13:15,1.250,0.750,96.477,0.250,0,5264232,245504,178188,2317460,29169.076,2385.434,111.973,2039.516,18.995,322.923,1389,1544,1.070,1.410,1,1,0,1.000,0,0,18,299,0,12,0
25-06 21:13:16,1.750,0.750,96.005,0.250,0,5261604,248120,178192,2317468,51999.633,2832.143,0,552.028,0,53.003,1300,1915,1.070,1.410,1,1,0,0,0,0,18,299,0,12,0
25-06 21:13:17,2.000,1.000,96.254,0,0,5259316,250340,178192,2317536,41465.894,2952.135,0,48.002,0,5.000,1160,1542,1.070,1.410,1,2,0,1.000,0,0,18,299,0,12,0
25-06 21:13:18,1.250,0.750,96.724,0,0,5258420,251196,178192,2317576,54653.244,2501.325,0,3.999,0,1.000,1011,1328,1.070,1.410,1,1,0,0,0,0,18,299,0,12,0
25-06 21:13:19,3.744,2.247,92.860,0,0,5238524,270624,178248,2317992,29556.369,126830.482,595.101,822.758,21.967,10.983,1575,1638,0.990,1.390,0.990,1,0,14.977,0,0,18,298,0,12,0
25-06 21:13:20,1.000,0.500,97.260,0,0,5229384,279764,178248,2317992,5072.501,1512.149,0,0,0,0,812,1176,0.990,1.390,0.990,2,0,0,0,0,18,298,0,12,0
25-06 21:13:21,9.994,4.248,84.453,0.250,0,5243908,263080,178252,2320148,5220.065,1565.120,2406.647,0,41.976,0,1665,1540,0.990,1.390,0.990,1,0,4.997,0,0,18,298,0,12,0
25-06 21:13:22,20.258,6.503,72.279,0,0,5257568,249416,178252,2320152,5074.070,1512.617,512.209,372.152,4.002,22.009,2589,2171,0.990,1.390,0.990,2,0,6.002,0,0,18,298,0,12,0
25-06 21:13:23,4.760,1.754,92.197,0.501,0,5247844,259132,178252,2320160,5036.754,1569.351,256.548,348.745,2.004,26.056,1384,1541,0.990,1.390,0.990,1,0,1.002,0,0,18,298,0,12,0
25-06 21:13:24,1.000,0.250,97.701,0,0,5246376,260596,178252,2320164,4709.651,1511.246,0,27.986,0,3.998,933,1264,0.910,1.360,0.980,2,0,0,0,0,18,298,0,12,0
25-06 21:13:25,1.250,2.000,95.754,0,0,5244740,262232,178252,2320164,4306.165,1566.060,0,32961.265,0,346.013,1586,2001,0.910,1.360,0.980,1,0,0,0,0,18,298,0,12,0
25-06 21:13:26,1.500,0.500,96.225,0.500,0,5236356,270608,178252,2320172,5941.461,1565.594,0,867.775,0,30.992,1134,1728,0.910,1.360,0.980,1,0,0,0,0,18,298,0,12,0
25-06 21:13:27,1.748,0.749,96.637,0,0,5231152,275808,178252,2320176,5978.984,1564.165,0,83.902,0,11.986,1288,1827,0.910,1.360,0.980,2,0,0.999,0,0,18,298,0,12,0
25-06 21:13:28,1.503,0.501,96.945,0,0,5231088,275868,178256,2320176,6132.361,1623.272,0,128.259,0,16.032,1034,1512,0.910,1.360,0.980,0,0,0,0,0,18,298,0,12,0
25-06 21:13:29,1.746,3.742,93.296,0,0,5223104,283848,178256,2320180,4849.378,1616.459,0,0,0,0,1366,1599,0.910,1.360,0.980,2,0,0,0,0,18,298,0,12,0
25-06 21:13:30,1.250,1.500,95.494,0.250,0,5223088,283848,178264,2320188,4619.729,1619.905,0,40677.617,0,399.977,1524,1970,0.910,1.360,0.980,1,0,0,0,0,18,298,0,12,0
25-06 21:13:31,1.753,0.501,97.180,0.250,0,5223088,283848,178264,2320188,5052.338,1568.900,0,829.533,0,17.031,1030,1441,0.910,1.360,0.980,1,0,0,0,0,18,298,0,12,0
25-06 21:13:32,2.748,0.999,95.664,0,0,5223080,283848,178272,2320188,4615.847,1618.544,0,159.856,0,20.981,1310,1916,0.910,1.360,0.980,1,0,0,0,0,18,298,0,12,0
25-06 21:13:33,0.999,0.500,96.911,0,0,5223080,283848,178272,2320188,4288.077,1510.618,0,323.704,0,18.983,906,1354,0.910,1.360,0.980,1,0,0,0,0,18,298,0,12,0
25-06 21:13:34,0.750,0.500,96.980,0,0,5223080,283848,178272,2320188,4485.058,1565.671,0,35.992,0,4.999,849,1208,0.840,1.340,0.980,1,0,0,0,0,18,298,0,12,0
25-06 21:13:35,1.250,1.000,96.985,0,0,5223080,283848,178272,2320188,4591.297,1511.769,0,7698.821,0,158.976,1000,1274,0.840,1.340,0.980,2,0,0,0,0,18,298,0,12,0
25-06 21:13:36,1.504,1.504,95.233,0.752,0.251,5223176,283848,178280,2320212,4935.096,1569.848,4.010,4025.867,1.002,189.464,1536,2436,0.840,1.340,0.980,1,0,0,0,0,18,298,0,12,0
25-06 21:13:37,1.499,0.500,96.434,0,0,5223176,283848,178280,2320212,5308.358,1510.963,0,59.959,0,5.996,987,1316,0.840,1.340,0.980,2,0,0.999,0,0,18,298,0,12,0
25-06 21:13:38,3.994,1.747,93.105,0.499,0,5223612,283384,178280,2320240,4838.480,1563.570,0,139.783,0,15.975,1513,1917,0.840,1.340,0.980,1,0,2.995,0,0,18,298,0,12,0
25-06 21:13:39,4.504,0.751,94.330,0,0,5223608,283384,178280,2320244,4655.958,1513.286,0,0,0,0,1389,1695,0.770,1.310,0.970,1,0,2.002,0,0,18,298,0,14,0
25-06 21:13:40,2.503,1.502,94.866,0.250,0,5223548,283384,178288,2320296,4611.641,1567.918,16.020,148.181,4.005,19.023,1324,1848,0.770,1.310,0.970,1,0,1.001,0,0,18,298,0,14,0
25-06 21:13:41,1.249,0.749,96.683,0,0,5219680,287232,178288,2320316,4965.580,1510.959,0,847.416,0,163.887,983,1365,0.770,1.310,0.970,1,0,0,0,0,18,298,0,14,0
25-06 21:13:42,2.251,0.750,95.533,0,0,5219676,287232,178288,2320320,4727.649,1566.546,0,188.066,0,24.008,1334,1987,0.770,1.310,0.970,1,0,0,0,0,18,298,0,14,0
25-06 21:13:43,2.253,1.753,94.889,0.501,0,5219676,287232,178296,2320312,4779.000,1514.218,0,504.739,0,38.056,1274,1645,0.770,1.310,0.970,1,0,6.009,0,0,18,298,0,14,0
25-06 21:13:44,1.249,0.749,96.889,0,0,5219668,287232,178296,2320320,4374.978,1618.142,0,27.968,0,2.997,1074,1553,0.710,1.290,0.970,1,0,0,0,0,18,298,0,14,0
25-06 21:13:45,0.750,0.500,97.221,0,0,5219668,287232,178296,2320320,4678.620,1619.522,0,3.999,0,1.000,901,1274,0.710,1.290,0.970,1,0,0,0,0,18,298,0,14,0
25-06 21:13:46,1.248,0.499,96.580,0,0,5219616,287232,178296,2320372,4974.249,1563.250,31.944,551.031,0.998,44.921,1207,1846,0.710,1.290,0.970,2,0,0,0,0,18,298,0,14,0
25-06 21:13:47,1.253,1.002,97.214,0,0,5219616,287232,178296,2320372,5892.996,1623.580,0,32.071,0,4.009,1043,1481,0.710,1.290,0.970,1,0,1.002,0,0,18,298,0,14,0
25-06 21:13:48,0.999,0.250,97.645,0,0,5219616,287232,178296,2320372,5334.240,1618.253,0,0,0,0,876,1248,0.710,1.290,0.970,1,0,0,0,0,18,298,0,14,0
25-06 21:13:49,0.999,0.500,97.167,0.250,0,5219616,287232,178296,2320372,4951.773,1336.859,0,59.949,0,5.995,937,1322,0.650,1.270,0.960,1,0,0,0,0,18,298,0,14,0
25-06 21:13:50,5.015,2.006,92.520,0,0,5216804,290032,178300,2320380,273844.214,2583.550,8.023,0,2.006,0,1283,1419,0.650,1.270,0.960,2,0,7.021,0,0,18,298,0,14,0
25-06 21:13:51,11.242,4.747,82.692,0.250,0.250,5222868,283732,178324,2320592,283131.364,9135.623,207.855,435.696,7.994,6.995,2499,1972,0.650,1.270,0.960,3,0,31.978,0,0,18,298,0,14,0
25-06 21:13:52,16.282,6.513,76.653,0,0,5224844,278444,178336,2323892,146069.296,3683.345,156.312,372.743,4.008,20.040,2765,2420,0.650,1.270,0.960,1,0,28.056,0,0,18,298,0,14,0
