Aug 31 10:24:08 jammy-provider-cloud-0000007548 cinder-volume[103480]: DEBUG oslo_service.service [None req-36a9cd76-e40a-421f-b44d-5505e28ae829 None None] Killing children. {{(pid=103480) stop /opt/stack/data/venv/lib/python3.10/site-packages/oslo_service/service.py:704}}
Aug 31 10:24:08 jammy-provider-cloud-0000007548 cinder-volume[103480]: INFO oslo_service.service [None req-36a9cd76-e40a-421f-b44d-5505e28ae829 None None] Waiting on 1 children to exit
Aug 31 10:24:13 jammy-provider-cloud-0000007548 systemd[1]: devstack@c-vol.service: Main process exited, code=killed, status=14/ALRM
Aug 31 10:24:13 jammy-provider-cloud-0000007548 cinder-volume[103674]: INFO oslo_service.service [-] Parent process has died unexpectedly, exiting
Aug 31 10:24:13 jammy-provider-cloud-0000007548 systemd[1]: devstack@c-vol.service: Failed with result 'signal'.
Aug 31 10:24:13 jammy-provider-cloud-0000007548 systemd[1]: devstack@c-vol.service: Unit process 103674 (cinder-volume) remains running after unit stopped.
Aug 31 10:24:13 jammy-provider-cloud-0000007548 systemd[1]: Stopped Devstack devstack@c-vol.service.
Aug 31 10:24:13 jammy-provider-cloud-0000007548 systemd[1]: devstack@c-vol.service: Consumed 19.103s CPU time.
Aug 31 10:24:13 jammy-provider-cloud-0000007548 systemd[1]: devstack@c-vol.service: Found left-over process 103674 (cinder-volume) in control group while starting unit. Ignoring.
Aug 31 10:24:13 jammy-provider-cloud-0000007548 systemd[1]: This usually indicates unclean termination of a previous run, or service implementation deficiencies.
Aug 31 10:24:13 jammy-provider-cloud-0000007548 systemd[1]: Started Devstack devstack@c-vol.service.
Aug 31 10:24:15 jammy-provider-cloud-0000007548 cinder-volume[113267]: DEBUG oslo_concurrency.lockutils [-] Acquiring lock "singleton_lock" {{(pid=113267) lock /opt/stack/data/venv/lib/python3.10/site-packages/oslo_concurrency/lockutils.py:310}}
Aug 31 10:24:15 jammy-provider-cloud-0000007548 cinder-volume[113267]: DEBUG oslo_concurrency.lockutils [-] Acquired lock "singleton_lock" {{(pid=113267) lock /opt/stack/data/venv/lib/python3.10/site-packages/oslo_concurrency/lockutils.py:313}}
Aug 31 10:24:15 jammy-provider-cloud-0000007548 cinder-volume[113267]: DEBUG oslo_concurrency.lockutils [-] Releasing lock "singleton_lock" {{(pid=113267) lock /opt/stack/data/venv/lib/python3.10/site-packages/oslo_concurrency/lockutils.py:331}}
Aug 31 10:24:15 jammy-provider-cloud-0000007548 cinder-volume[103674]: DEBUG cinder.volume.drivers.lvm [None req-d2facfd8-521d-4e62-960a-789a7642fa87 None None] Updating volume stats {{(pid=103674) _update_volume_stats /opt/stack/cinder/cinder/volume/drivers/lvm.py:227}}
Aug 31 10:24:15 jammy-provider-cloud-0000007548 cinder-volume[103674]: DEBUG oslo_concurrency.processutils [None req-d2facfd8-521d-4e62-960a-789a7642fa87 None None] Running cmd (subprocess): sudo cinder-rootwrap /etc/cinder/rootwrap.conf env LC_ALL=C vgs --noheadings --unit=g -o name,size,free,lv_count,uuid --separator : --nosuffix stack-volumes-lvmdriver-1 {{(pid=103674) execute /opt/stack/data/venv/lib/python3.10/site-packages/oslo_concurrency/processutils.py:390}}
Aug 31 10:24:15 jammy-provider-cloud-0000007548 sudo[113272]:   ubuntu : PWD=/ ; USER=root ; COMMAND=/usr/local/bin/cinder-rootwrap /etc/cinder/rootwrap.conf env LC_ALL=C vgs --noheadings --unit=g -o name,size,free,lv_count,uuid --separator : --nosuffix stack-volumes-lvmdriver-1
Aug 31 10:24:15 jammy-provider-cloud-0000007548 sudo[113272]: pam_unix(sudo:session): session opened for user root(uid=0) by (uid=1000)
Aug 31 10:24:15 jammy-provider-cloud-0000007548 cinder-volume[103674]: DEBUG oslo_concurrency.lockutils [None req-36a9cd76-e40a-421f-b44d-5505e28ae829 None None] Acquiring lock "singleton_lock" {{(pid=103674) lock /opt/stack/data/venv/lib/python3.10/site-packages/oslo_concurrency/lockutils.py:310}}
Aug 31 10:24:15 jammy-provider-cloud-0000007548 cinder-volume[103674]: DEBUG oslo_concurrency.lockutils [None req-36a9cd76-e40a-421f-b44d-5505e28ae829 None None] Acquired lock "singleton_lock" {{(pid=103674) lock /opt/stack/data/venv/lib/python3.10/site-packages/oslo_concurrency/lockutils.py:313}}
Aug 31 10:24:15 jammy-provider-cloud-0000007548 cinder-volume[103674]: DEBUG oslo_concurrency.lockutils [None req-36a9cd76-e40a-421f-b44d-5505e28ae829 None None] Releasing lock "singleton_lock" {{(pid=103674) lock /opt/stack/data/venv/lib/python3.10/site-packages/oslo_concurrency/lockutils.py:331}}
Aug 31 10:24:15 jammy-provider-cloud-0000007548 cinder-volume[113267]: DEBUG oslo_db.sqlalchemy.engines [None req-f3b16525-e151-488a-9280-8af09f0b3183 None None] MySQL server mode set to STRICT_TRANS_TABLES,STRICT_ALL_TABLES,NO_ZERO_IN_DATE,NO_ZERO_DATE,ERROR_FOR_DIVISION_BY_ZERO,TRADITIONAL,NO_ENGINE_SUBSTITUTION {{(pid=113267) _check_effective_sql_mode /opt/stack/data/venv/lib/python3.10/site-packages/oslo_db/sqlalchemy/engines.py:342}}
Aug 31 10:24:15 jammy-provider-cloud-0000007548 cinder-volume[113267]: INFO cinder.rpc [None req-f3b16525-e151-488a-9280-8af09f0b3183 None None] Automatically selected cinder-scheduler objects version 1.39 as minimum service version.
Aug 31 10:24:15 jammy-provider-cloud-0000007548 cinder-volume[113267]: INFO cinder.rpc [None req-f3b16525-e151-488a-9280-8af09f0b3183 None None] Automatically selected cinder-scheduler RPC version 3.12 as minimum service version.
Aug 31 10:24:15 jammy-provider-cloud-0000007548 cinder-volume[113267]: DEBUG oslo_db.sqlalchemy.engines [None req-f3b16525-e151-488a-9280-8af09f0b3183 None None] MySQL server mode set to STRICT_TRANS_TABLES,STRICT_ALL_TABLES,NO_ZERO_IN_DATE,NO_ZERO_DATE,ERROR_FOR_DIVISION_BY_ZERO,TRADITIONAL,NO_ENGINE_SUBSTITUTION {{(pid=113267) _check_effective_sql_mode /opt/stack/data/venv/lib/python3.10/site-packages/oslo_db/sqlalchemy/engines.py:342}}
Aug 31 10:24:15 jammy-provider-cloud-0000007548 cinder-volume[113267]: INFO cinder.volume.manager [None req-f3b16525-e151-488a-9280-8af09f0b3183 None None] Determined volume DB was empty at startup.
Aug 31 10:24:15 jammy-provider-cloud-0000007548 cinder-volume[113267]: DEBUG cinder.volume.manager [None req-f3b16525-e151-488a-9280-8af09f0b3183 None None] Cinder Volume DB check: vol_db_empty=True {{(pid=113267) __init__ /opt/stack/cinder/cinder/volume/manager.py:288}}
Aug 31 10:24:15 jammy-provider-cloud-0000007548 cinder-volume[113267]: INFO cinder.volume.manager [None req-f3b16525-e151-488a-9280-8af09f0b3183 None None] Service not found for updating active_backend_id, assuming default for driver init.
Aug 31 10:24:15 jammy-provider-cloud-0000007548 cinder-volume[113267]: WARNING stevedore.named [None req-f3b16525-e151-488a-9280-8af09f0b3183 None None] Could not load cinder.keymgr.conf_key_mgr.ConfKeyManager
Aug 31 10:24:15 jammy-provider-cloud-0000007548 cinder-volume[113267]: WARNING castellan.key_manager [None req-f3b16525-e151-488a-9280-8af09f0b3183 None None] Deprecation Warning : cinder.keymgr.conf_key_mgr.ConfKeyManager is not a stevedore based driver, trying to load it as a class: stevedore.exception.NoMatches: No 'castellan.drivers' driver found, looking for 'cinder.keymgr.conf_key_mgr.ConfKeyManager'
Aug 31 10:24:15 jammy-provider-cloud-0000007548 cinder-volume[113267]: WARNING cinder.keymgr.conf_key_mgr [None req-f3b16525-e151-488a-9280-8af09f0b3183 None None] This key manager is insecure and is not recommended for production deployments: stevedore.exception.NoMatches: No 'castellan.drivers' driver found, looking for 'cinder.keymgr.conf_key_mgr.ConfKeyManager'
Aug 31 10:24:15 jammy-provider-cloud-0000007548 sudo[113272]: pam_unix(sudo:session): session closed for user root
Aug 31 10:24:15 jammy-provider-cloud-0000007548 cinder-volume[113267]: DEBUG cinder.zonemanager.utils [None req-f3b16525-e151-488a-9280-8af09f0b3183 None None] Zoning mode: None. {{(pid=113267) create_lookup_service /opt/stack/cinder/cinder/zonemanager/utils.py:56}}
Aug 31 10:24:15 jammy-provider-cloud-0000007548 cinder-volume[113267]: DEBUG cinder.zonemanager.utils [None req-f3b16525-e151-488a-9280-8af09f0b3183 None None] FC Lookup Service not enabled in cinder.conf. {{(pid=113267) create_lookup_service /opt/stack/cinder/cinder/zonemanager/utils.py:63}}
Aug 31 10:24:15 jammy-provider-cloud-0000007548 cinder-volume[113267]: INFO cinder.volume.manager [None req-f3b16525-e151-488a-9280-8af09f0b3183 None None] Image-volume cache disabled for host jammy-provider-cloud-0000007548@arcusfc1.
Aug 31 10:24:15 jammy-provider-cloud-0000007548 cinder-volume[103674]: DEBUG oslo_concurrency.processutils [None req-d2facfd8-521d-4e62-960a-789a7642fa87 None None] CMD "sudo cinder-rootwrap /etc/cinder/rootwrap.conf env LC_ALL=C vgs --noheadings --unit=g -o name,size,free,lv_count,uuid --separator : --nosuffix stack-volumes-lvmdriver-1" returned: 0 in 0.396s {{(pid=103674) execute /opt/stack/data/venv/lib/python3.10/site-packages/oslo_concurrency/processutils.py:428}}
Aug 31 10:24:15 jammy-provider-cloud-0000007548 cinder-volume[103674]: DEBUG oslo_concurrency.processutils [None req-d2facfd8-521d-4e62-960a-789a7642fa87 None None] Running cmd (subprocess): sudo cinder-rootwrap /etc/cinder/rootwrap.conf env LC_ALL=C lvs --noheadings --unit=g -o vg_name,name,size --nosuffix --readonly stack-volumes-lvmdriver-1 {{(pid=103674) execute /opt/stack/data/venv/lib/python3.10/site-packages/oslo_concurrency/processutils.py:390}}
Aug 31 10:24:15 jammy-provider-cloud-0000007548 cinder-volume[113267]: DEBUG oslo_db.sqlalchemy.engines [None req-f3b16525-e151-488a-9280-8af09f0b3183 None None] MySQL server mode set to STRICT_TRANS_TABLES,STRICT_ALL_TABLES,NO_ZERO_IN_DATE,NO_ZERO_DATE,ERROR_FOR_DIVISION_BY_ZERO,TRADITIONAL,NO_ENGINE_SUBSTITUTION {{(pid=113267) _check_effective_sql_mode /opt/stack/data/venv/lib/python3.10/site-packages/oslo_db/sqlalchemy/engines.py:342}}
Aug 31 10:24:15 jammy-provider-cloud-0000007548 cinder-volume[113267]: INFO oslo_service.service [None req-f3b16525-e151-488a-9280-8af09f0b3183 None None] Starting 1 workers
Aug 31 10:24:15 jammy-provider-cloud-0000007548 sudo[113275]:   ubuntu : PWD=/ ; USER=root ; COMMAND=/usr/local/bin/cinder-rootwrap /etc/cinder/rootwrap.conf env LC_ALL=C lvs --noheadings --unit=g -o vg_name,name,size --nosuffix --readonly stack-volumes-lvmdriver-1
Aug 31 10:24:15 jammy-provider-cloud-0000007548 sudo[113275]: pam_unix(sudo:session): session opened for user root(uid=0) by (uid=1000)
Aug 31 10:24:15 jammy-provider-cloud-0000007548 cinder-volume[113267]: DEBUG oslo_service.service [None req-f3b16525-e151-488a-9280-8af09f0b3183 None None] Started child 113277 {{(pid=113267) _start_child /opt/stack/data/venv/lib/python3.10/site-packages/oslo_service/service.py:579}}
Aug 31 10:24:15 jammy-provider-cloud-0000007548 cinder-volume[113277]: INFO cinder.service [-] Starting cinder-volume node (version 24.1.0)
Aug 31 10:24:15 jammy-provider-cloud-0000007548 cinder-volume[113267]: DEBUG oslo_db.sqlalchemy.engines [None req-f3b16525-e151-488a-9280-8af09f0b3183 None None] MySQL server mode set to STRICT_TRANS_TABLES,STRICT_ALL_TABLES,NO_ZERO_IN_DATE,NO_ZERO_DATE,ERROR_FOR_DIVISION_BY_ZERO,TRADITIONAL,NO_ENGINE_SUBSTITUTION {{(pid=113267) _check_effective_sql_mode /opt/stack/data/venv/lib/python3.10/site-packages/oslo_db/sqlalchemy/engines.py:342}}
Aug 31 10:24:15 jammy-provider-cloud-0000007548 cinder-volume[113277]: INFO cinder.volume.manager [None req-71fae38b-d618-4807-9251-c701a593f7a6 None None] Starting volume driver HPE3PARNVMEDriver (1.0)
Aug 31 10:24:15 jammy-provider-cloud-0000007548 cinder-volume[113267]: INFO cinder.volume.manager [None req-f3b16525-e151-488a-9280-8af09f0b3183 None None] Determined volume DB was empty at startup.
Aug 31 10:24:15 jammy-provider-cloud-0000007548 cinder-volume[113267]: DEBUG cinder.volume.manager [None req-f3b16525-e151-488a-9280-8af09f0b3183 None None] Cinder Volume DB check: vol_db_empty=True {{(pid=113267) __init__ /opt/stack/cinder/cinder/volume/manager.py:288}}
Aug 31 10:24:15 jammy-provider-cloud-0000007548 cinder-volume[113277]: DEBUG cinder.volume.drivers.hpe.hpe_3par_common [None req-71fae38b-d618-4807-9251-c701a593f7a6 None None] Connecting to 3PAR {{(pid=113277) client_login /opt/stack/cinder/cinder/volume/drivers/hpe/hpe_3par_common.py:425}}
Aug 31 10:24:15 jammy-provider-cloud-0000007548 cinder-volume[113267]: INFO cinder.volume.manager [None req-f3b16525-e151-488a-9280-8af09f0b3183 None None] Service not found for updating active_backend_id, assuming default for driver init.
Aug 31 10:24:15 jammy-provider-cloud-0000007548 cinder-volume[113267]: WARNING stevedore.named [None req-f3b16525-e151-488a-9280-8af09f0b3183 None None] Could not load cinder.keymgr.conf_key_mgr.ConfKeyManager
Aug 31 10:24:15 jammy-provider-cloud-0000007548 cinder-volume[113267]: WARNING castellan.key_manager [None req-f3b16525-e151-488a-9280-8af09f0b3183 None None] Deprecation Warning : cinder.keymgr.conf_key_mgr.ConfKeyManager is not a stevedore based driver, trying to load it as a class: stevedore.exception.NoMatches: No 'castellan.drivers' driver found, looking for 'cinder.keymgr.conf_key_mgr.ConfKeyManager'
Aug 31 10:24:15 jammy-provider-cloud-0000007548 cinder-volume[113267]: DEBUG cinder.zonemanager.utils [None req-f3b16525-e151-488a-9280-8af09f0b3183 None None] Zoning mode: None. {{(pid=113267) create_lookup_service /opt/stack/cinder/cinder/zonemanager/utils.py:56}}
Aug 31 10:24:15 jammy-provider-cloud-0000007548 cinder-volume[113267]: DEBUG cinder.zonemanager.utils [None req-f3b16525-e151-488a-9280-8af09f0b3183 None None] FC Lookup Service not enabled in cinder.conf. {{(pid=113267) create_lookup_service /opt/stack/cinder/cinder/zonemanager/utils.py:63}}
Aug 31 10:24:15 jammy-provider-cloud-0000007548 cinder-volume[113267]: INFO cinder.volume.manager [None req-f3b16525-e151-488a-9280-8af09f0b3183 None None] Image-volume cache disabled for host jammy-provider-cloud-0000007548@arcusfc2.
Aug 31 10:24:15 jammy-provider-cloud-0000007548 cinder-volume[113267]: DEBUG oslo_db.sqlalchemy.engines [None req-f3b16525-e151-488a-9280-8af09f0b3183 None None] MySQL server mode set to STRICT_TRANS_TABLES,STRICT_ALL_TABLES,NO_ZERO_IN_DATE,NO_ZERO_DATE,ERROR_FOR_DIVISION_BY_ZERO,TRADITIONAL,NO_ENGINE_SUBSTITUTION {{(pid=113267) _check_effective_sql_mode /opt/stack/data/venv/lib/python3.10/site-packages/oslo_db/sqlalchemy/engines.py:342}}
Aug 31 10:24:15 jammy-provider-cloud-0000007548 cinder-volume[113267]: INFO oslo_service.service [None req-f3b16525-e151-488a-9280-8af09f0b3183 None None] Starting 1 workers
Aug 31 10:24:15 jammy-provider-cloud-0000007548 cinder-volume[113267]: DEBUG oslo_service.service [None req-f3b16525-e151-488a-9280-8af09f0b3183 None None] Started child 113278 {{(pid=113267) _start_child /opt/stack/data/venv/lib/python3.10/site-packages/oslo_service/service.py:579}}
Aug 31 10:24:15 jammy-provider-cloud-0000007548 cinder-volume[113277]: WARNING py.warnings [None req-71fae38b-d618-4807-9251-c701a593f7a6 None None] /opt/stack/data/venv/lib/python3.10/site-packages/urllib3/connectionpool.py:1063: InsecureRequestWarning: Unverified HTTPS request is being made to host '10.201.5.12'. Adding certificate verification is strongly advised. See: https://urllib3.readthedocs.io/en/1.26.x/advanced-usage.html#ssl-warnings
Aug 31 10:24:15 jammy-provider-cloud-0000007548 cinder-volume[113277]:   warnings.warn(
Aug 31 10:24:15 jammy-provider-cloud-0000007548 cinder-volume[113267]: DEBUG oslo_service.service [None req-f3b16525-e151-488a-9280-8af09f0b3183 None None] Full set of CONF: {{(pid=113267) wait /opt/stack/data/venv/lib/python3.10/site-packages/oslo_service/service.py:653}}
Aug 31 10:24:15 jammy-provider-cloud-0000007548 cinder-volume[113267]: DEBUG oslo_service.service [None req-f3b16525-e151-488a-9280-8af09f0b3183 None None] ******************************************************************************** {{(pid=113267) log_opt_values /opt/stack/data/venv/lib/python3.10/site-packages/oslo_config/cfg.py:2806}}
Aug 31 10:24:15 jammy-provider-cloud-0000007548 cinder-volume[113267]: DEBUG oslo_service.service [None req-f3b16525-e151-488a-9280-8af09f0b3183 None None] Configuration options gathered from: {{(pid=113267) log_opt_values /opt/stack/data/venv/lib/python3.10/site-packages/oslo_config/cfg.py:2807}}
Aug 31 10:24:15 jammy-provider-cloud-0000007548 cinder-volume[113267]: DEBUG oslo_service.service [None req-f3b16525-e151-488a-9280-8af09f0b3183 None None] command line args: ['--config-file', '/etc/cinder/cinder.conf'] {{(pid=113267) log_opt_values /opt/stack/data/venv/lib/python3.10/site-packages/oslo_config/cfg.py:2808}}
Aug 31 10:24:15 jammy-provider-cloud-0000007548 cinder-volume[113267]: DEBUG oslo_service.service [None req-f3b16525-e151-488a-9280-8af09f0b3183 None None] config files: ['/etc/cinder/cinder.conf'] {{(pid=113267) log_opt_values /opt/stack/data/venv/lib/python3.10/site-packages/oslo_config/cfg.py:2809}}
Aug 31 10:24:15 jammy-provider-cloud-0000007548 cinder-volume[113267]: DEBUG oslo_service.service [None req-f3b16525-e151-488a-9280-8af09f0b3183 None None] ================================================================================ {{(pid=113267) log_opt_values /opt/stack/data/venv/lib/python3.10/site-packages/oslo_config/cfg.py:2811}}
Aug 31 10:24:15 jammy-provider-cloud-0000007548 cinder-volume[113267]: DEBUG oslo_service.service [None req-f3b16525-e151-488a-9280-8af09f0b3183 None None] allow_availability_zone_fallback = False {{(pid=113267) log_opt_values /opt/stack/data/venv/lib/python3.10/site-packages/oslo_config/cfg.py:2819}}
Aug 31 10:24:15 jammy-provider-cloud-0000007548 cinder-volume[113267]: DEBUG oslo_service.service [None req-f3b16525-e151-488a-9280-8af09f0b3183 None None] allow_compression_on_image_upload = False {{(pid=113267) log_opt_values /opt/stack/data/venv/lib/python3.10/site-packages/oslo_config/cfg.py:2819}}
Aug 31 10:24:15 jammy-provider-cloud-0000007548 cinder-volume[113267]: DEBUG oslo_service.service [None req-f3b16525-e151-488a-9280-8af09f0b3183 None None] allowed_direct_url_schemes     = [] {{(pid=113267) log_opt_values /opt/stack/data/venv/lib/python3.10/site-packages/oslo_config/cfg.py:2819}}
Aug 31 10:24:15 jammy-provider-cloud-0000007548 cinder-volume[113267]: DEBUG oslo_service.service [None req-f3b16525-e151-488a-9280-8af09f0b3183 None None] api_rate_limit                 = True {{(pid=113267) log_opt_values /opt/stack/data/venv/lib/python3.10/site-packages/oslo_config/cfg.py:2819}}
Aug 31 10:24:15 jammy-provider-cloud-0000007548 cinder-volume[113267]: DEBUG oslo_service.service [None req-f3b16525-e151-488a-9280-8af09f0b3183 None None] auth_strategy                  = keystone {{(pid=113267) log_opt_values /opt/stack/data/venv/lib/python3.10/site-packages/oslo_config/cfg.py:2819}}
Aug 31 10:24:15 jammy-provider-cloud-0000007548 cinder-volume[113267]: DEBUG oslo_service.service [None req-f3b16525-e151-488a-9280-8af09f0b3183 None None] backend_availability_zone      = None {{(pid=113267) log_opt_values /opt/stack/data/venv/lib/python3.10/site-packages/oslo_config/cfg.py:2819}}
Aug 31 10:24:15 jammy-provider-cloud-0000007548 cinder-volume[113267]: DEBUG oslo_service.service [None req-f3b16525-e151-488a-9280-8af09f0b3183 None None] backend_host                   = None {{(pid=113267) log_opt_values /opt/stack/data/venv/lib/python3.10/site-packages/oslo_config/cfg.py:2819}}
Aug 31 10:24:15 jammy-provider-cloud-0000007548 cinder-volume[113267]: DEBUG oslo_service.service [None req-f3b16525-e151-488a-9280-8af09f0b3183 None None] backend_name                   = None {{(pid=113267) log_opt_values /opt/stack/data/venv/lib/python3.10/site-packages/oslo_config/cfg.py:2819}}
Aug 31 10:24:15 jammy-provider-cloud-0000007548 cinder-volume[113267]: DEBUG oslo_service.service [None req-f3b16525-e151-488a-9280-8af09f0b3183 None None] backend_stats_polling_interval = 60 {{(pid=113267) log_opt_values /opt/stack/data/venv/lib/python3.10/site-packages/oslo_config/cfg.py:2819}}
Aug 31 10:24:15 jammy-provider-cloud-0000007548 cinder-volume[113267]: DEBUG oslo_service.service [None req-f3b16525-e151-488a-9280-8af09f0b3183 None None] backup_api_class               = cinder.backup.api.API {{(pid=113267) log_opt_values /opt/stack/data/venv/lib/python3.10/site-packages/oslo_config/cfg.py:2819}}
Aug 31 10:24:15 jammy-provider-cloud-0000007548 cinder-volume[113267]: DEBUG oslo_service.service [None req-f3b16525-e151-488a-9280-8af09f0b3183 None None] backup_manager                 = cinder.backup.manager.BackupManager {{(pid=113267) log_opt_values /opt/stack/data/venv/lib/python3.10/site-packages/oslo_config/cfg.py:2819}}
Aug 31 10:24:15 jammy-provider-cloud-0000007548 cinder-volume[113278]: INFO cinder.service [-] Starting cinder-volume node (version 24.1.0)
Aug 31 10:24:15 jammy-provider-cloud-0000007548 cinder-volume[113267]: DEBUG oslo_service.service [None req-f3b16525-e151-488a-9280-8af09f0b3183 None None] backup_name_template           = backup-%s {{(pid=113267) log_opt_values /opt/stack/data/venv/lib/python3.10/site-packages/oslo_config/cfg.py:2819}}
Aug 31 10:24:15 jammy-provider-cloud-0000007548 cinder-volume[113267]: DEBUG oslo_service.service [None req-f3b16525-e151-488a-9280-8af09f0b3183 None None] backup_use_same_host           = False {{(pid=113267) log_opt_values /opt/stack/data/venv/lib/python3.10/site-packages/oslo_config/cfg.py:2819}}
Aug 31 10:24:15 jammy-provider-cloud-0000007548 cinder-volume[113267]: DEBUG oslo_service.service [None req-f3b16525-e151-488a-9280-8af09f0b3183 None None] backup_use_temp_snapshot       = False {{(pid=113267) log_opt_values /opt/stack/data/venv/lib/python3.10/site-packages/oslo_config/cfg.py:2819}}
Aug 31 10:24:15 jammy-provider-cloud-0000007548 cinder-volume[113267]: DEBUG oslo_service.service [None req-f3b16525-e151-488a-9280-8af09f0b3183 None None] chap_password                  = **** {{(pid=113267) log_opt_values /opt/stack/data/venv/lib/python3.10/site-packages/oslo_config/cfg.py:2819}}
Aug 31 10:24:15 jammy-provider-cloud-0000007548 cinder-volume[113267]: DEBUG oslo_service.service [None req-f3b16525-e151-488a-9280-8af09f0b3183 None None] chap_username                  =  {{(pid=113267) log_opt_values /opt/stack/data/venv/lib/python3.10/site-packages/oslo_config/cfg.py:2819}}
Aug 31 10:24:15 jammy-provider-cloud-0000007548 cinder-volume[113267]: DEBUG oslo_service.service [None req-f3b16525-e151-488a-9280-8af09f0b3183 None None] chiscsi_conf                   = /etc/chelsio-iscsi/chiscsi.conf {{(pid=113267) log_opt_values /opt/stack/data/venv/lib/python3.10/site-packages/oslo_config/cfg.py:2819}}
Aug 31 10:24:15 jammy-provider-cloud-0000007548 cinder-volume[113267]: DEBUG oslo_service.service [None req-f3b16525-e151-488a-9280-8af09f0b3183 None None] cinder_internal_tenant_project_id = 5664a3a3d7ff483c94bfa361150830da {{(pid=113267) log_opt_values /opt/stack/data/venv/lib/python3.10/site-packages/oslo_config/cfg.py:2819}}
Aug 31 10:24:15 jammy-provider-cloud-0000007548 cinder-volume[113267]: DEBUG oslo_service.service [None req-f3b16525-e151-488a-9280-8af09f0b3183 None None] cinder_internal_tenant_user_id = a2349f1646eb4801a578ca630be29035 {{(pid=113267) log_opt_values /opt/stack/data/venv/lib/python3.10/site-packages/oslo_config/cfg.py:2819}}
Aug 31 10:24:15 jammy-provider-cloud-0000007548 cinder-volume[113267]: DEBUG oslo_service.service [None req-f3b16525-e151-488a-9280-8af09f0b3183 None None] cluster                        = None {{(pid=113267) log_opt_values /opt/stack/data/venv/lib/python3.10/site-packages/oslo_config/cfg.py:2819}}
Aug 31 10:24:15 jammy-provider-cloud-0000007548 cinder-volume[113267]: DEBUG oslo_service.service [None req-f3b16525-e151-488a-9280-8af09f0b3183 None None] compression_format             = gzip {{(pid=113267) log_opt_values /opt/stack/data/venv/lib/python3.10/site-packages/oslo_config/cfg.py:2819}}
Aug 31 10:24:15 jammy-provider-cloud-0000007548 cinder-volume[113267]: DEBUG oslo_service.service [None req-f3b16525-e151-488a-9280-8af09f0b3183 None None] compute_api_class              = cinder.compute.nova.API {{(pid=113267) log_opt_values /opt/stack/data/venv/lib/python3.10/site-packages/oslo_config/cfg.py:2819}}
Aug 31 10:24:15 jammy-provider-cloud-0000007548 cinder-volume[113267]: DEBUG oslo_service.service [None req-f3b16525-e151-488a-9280-8af09f0b3183 None None] config_dir                     = [] {{(pid=113267) log_opt_values /opt/stack/data/venv/lib/python3.10/site-packages/oslo_config/cfg.py:2819}}
Aug 31 10:24:15 jammy-provider-cloud-0000007548 cinder-volume[113267]: DEBUG oslo_service.service [None req-f3b16525-e151-488a-9280-8af09f0b3183 None None] config_file                    = ['/etc/cinder/cinder.conf'] {{(pid=113267) log_opt_values /opt/stack/data/venv/lib/python3.10/site-packages/oslo_config/cfg.py:2819}}
Aug 31 10:24:15 jammy-provider-cloud-0000007548 cinder-volume[113267]: DEBUG oslo_service.service [None req-f3b16525-e151-488a-9280-8af09f0b3183 None None] config_source                  = [] {{(pid=113267) log_opt_values /opt/stack/data/venv/lib/python3.10/site-packages/oslo_config/cfg.py:2819}}
Aug 31 10:24:15 jammy-provider-cloud-0000007548 cinder-volume[113267]: DEBUG oslo_service.service [None req-f3b16525-e151-488a-9280-8af09f0b3183 None None] consistencygroup_api_class     = cinder.consistencygroup.api.API {{(pid=113267) log_opt_values /opt/stack/data/venv/lib/python3.10/site-packages/oslo_config/cfg.py:2819}}
Aug 31 10:24:15 jammy-provider-cloud-0000007548 cinder-volume[113267]: DEBUG oslo_service.service [None req-f3b16525-e151-488a-9280-8af09f0b3183 None None] control_exchange               = openstack {{(pid=113267) log_opt_values /opt/stack/data/venv/lib/python3.10/site-packages/oslo_config/cfg.py:2819}}
Aug 31 10:24:15 jammy-provider-cloud-0000007548 cinder-volume[113267]: DEBUG oslo_service.service [None req-f3b16525-e151-488a-9280-8af09f0b3183 None None] debug                          = True {{(pid=113267) log_opt_values /opt/stack/data/venv/lib/python3.10/site-packages/oslo_config/cfg.py:2819}}
Aug 31 10:24:15 jammy-provider-cloud-0000007548 cinder-volume[113267]: DEBUG oslo_service.service [None req-f3b16525-e151-488a-9280-8af09f0b3183 None None] default_availability_zone      = None {{(pid=113267) log_opt_values /opt/stack/data/venv/lib/python3.10/site-packages/oslo_config/cfg.py:2819}}
Aug 31 10:24:15 jammy-provider-cloud-0000007548 cinder-volume[113267]: DEBUG oslo_service.service [None req-f3b16525-e151-488a-9280-8af09f0b3183 None None] default_group_type             = None {{(pid=113267) log_opt_values /opt/stack/data/venv/lib/python3.10/site-packages/oslo_config/cfg.py:2819}}
Aug 31 10:24:15 jammy-provider-cloud-0000007548 cinder-volume[113267]: DEBUG oslo_service.service [None req-f3b16525-e151-488a-9280-8af09f0b3183 None None] default_log_levels             = ['amqp=WARN', 'amqplib=WARN', 'boto=WARN', 'qpid=WARN', 'sqlalchemy=WARN', 'suds=INFO', 'oslo.messaging=INFO', 'oslo_messaging=INFO', 'iso8601=WARN', 'requests.packages.urllib3.connectionpool=WARN', 'urllib3.connectionpool=WARN', 'websocket=WARN', 'requests.packages.urllib3.util.retry=WARN', 'urllib3.util.retry=WARN', 'keystonemiddleware=WARN', 'routes.middleware=WARN', 'stevedore=WARN', 'taskflow=WARN', 'keystoneauth=WARN', 'oslo.cache=INFO', 'oslo_policy=INFO', 'dogpile.core.dogpile=INFO'] {{(pid=113267) log_opt_values /opt/stack/data/venv/lib/python3.10/site-packages/oslo_config/cfg.py:2819}}
Aug 31 10:24:15 jammy-provider-cloud-0000007548 cinder-volume[113267]: DEBUG oslo_service.service [None req-f3b16525-e151-488a-9280-8af09f0b3183 None None] default_volume_type            = arcusfc1 {{(pid=113267) log_opt_values /opt/stack/data/venv/lib/python3.10/site-packages/oslo_config/cfg.py:2819}}
Aug 31 10:24:15 jammy-provider-cloud-0000007548 cinder-volume[113267]: DEBUG oslo_service.service [None req-f3b16525-e151-488a-9280-8af09f0b3183 None None] driver_client_cert             = None {{(pid=113267) log_opt_values /opt/stack/data/venv/lib/python3.10/site-packages/oslo_config/cfg.py:2819}}
Aug 31 10:24:15 jammy-provider-cloud-0000007548 cinder-volume[113267]: DEBUG oslo_service.service [None req-f3b16525-e151-488a-9280-8af09f0b3183 None None] driver_client_cert_key         = None {{(pid=113267) log_opt_values /opt/stack/data/venv/lib/python3.10/site-packages/oslo_config/cfg.py:2819}}
Aug 31 10:24:15 jammy-provider-cloud-0000007548 cinder-volume[113267]: DEBUG oslo_service.service [None req-f3b16525-e151-488a-9280-8af09f0b3183 None None] driver_data_namespace          = None {{(pid=113267) log_opt_values /opt/stack/data/venv/lib/python3.10/site-packages/oslo_config/cfg.py:2819}}
Aug 31 10:24:15 jammy-provider-cloud-0000007548 cinder-volume[113267]: DEBUG oslo_service.service [None req-f3b16525-e151-488a-9280-8af09f0b3183 None None] driver_ssl_cert_path           = None {{(pid=113267) log_opt_values /opt/stack/data/venv/lib/python3.10/site-packages/oslo_config/cfg.py:2819}}
Aug 31 10:24:15 jammy-provider-cloud-0000007548 cinder-volume[113267]: DEBUG oslo_service.service [None req-f3b16525-e151-488a-9280-8af09f0b3183 None None] driver_ssl_cert_verify         = False {{(pid=113267) log_opt_values /opt/stack/data/venv/lib/python3.10/site-packages/oslo_config/cfg.py:2819}}
Aug 31 10:24:15 jammy-provider-cloud-0000007548 cinder-volume[113267]: DEBUG oslo_service.service [None req-f3b16525-e151-488a-9280-8af09f0b3183 None None] driver_use_ssl                 = False {{(pid=113267) log_opt_values /opt/stack/data/venv/lib/python3.10/site-packages/oslo_config/cfg.py:2819}}
Aug 31 10:24:15 jammy-provider-cloud-0000007548 cinder-volume[113267]: DEBUG oslo_service.service [None req-f3b16525-e151-488a-9280-8af09f0b3183 None None] enable_new_services            = True {{(pid=113267) log_opt_values /opt/stack/data/venv/lib/python3.10/site-packages/oslo_config/cfg.py:2819}}
Aug 31 10:24:15 jammy-provider-cloud-0000007548 cinder-volume[113267]: DEBUG oslo_service.service [None req-f3b16525-e151-488a-9280-8af09f0b3183 None None] enable_unsupported_driver      = False {{(pid=113267) log_opt_values /opt/stack/data/venv/lib/python3.10/site-packages/oslo_config/cfg.py:2819}}
Aug 31 10:24:15 jammy-provider-cloud-0000007548 cinder-volume[113267]: DEBUG oslo_service.service [None req-f3b16525-e151-488a-9280-8af09f0b3183 None None] enabled_backends               = ['arcusfc1', 'arcusfc2'] {{(pid=113267) log_opt_values /opt/stack/data/venv/lib/python3.10/site-packages/oslo_config/cfg.py:2819}}
Aug 31 10:24:15 jammy-provider-cloud-0000007548 cinder-volume[113267]: DEBUG oslo_service.service [None req-f3b16525-e151-488a-9280-8af09f0b3183 None None] enforce_multipath_for_image_xfer = False {{(pid=113267) log_opt_values /opt/stack/data/venv/lib/python3.10/site-packages/oslo_config/cfg.py:2819}}
Aug 31 10:24:15 jammy-provider-cloud-0000007548 cinder-volume[113267]: DEBUG oslo_service.service [None req-f3b16525-e151-488a-9280-8af09f0b3183 None None] filter_function                = None {{(pid=113267) log_opt_values /opt/stack/data/venv/lib/python3.10/site-packages/oslo_config/cfg.py:2819}}
Aug 31 10:24:15 jammy-provider-cloud-0000007548 cinder-volume[113267]: DEBUG oslo_service.service [None req-f3b16525-e151-488a-9280-8af09f0b3183 None None] glance_api_insecure            = False {{(pid=113267) log_opt_values /opt/stack/data/venv/lib/python3.10/site-packages/oslo_config/cfg.py:2819}}
Aug 31 10:24:15 jammy-provider-cloud-0000007548 cinder-volume[113267]: DEBUG oslo_service.service [None req-f3b16525-e151-488a-9280-8af09f0b3183 None None] glance_api_servers             = ['http://10.201.5.87/image'] {{(pid=113267) log_opt_values /opt/stack/data/venv/lib/python3.10/site-packages/oslo_config/cfg.py:2819}}
Aug 31 10:24:15 jammy-provider-cloud-0000007548 cinder-volume[113267]: DEBUG oslo_service.service [None req-f3b16525-e151-488a-9280-8af09f0b3183 None None] glance_api_ssl_compression     = False {{(pid=113267) log_opt_values /opt/stack/data/venv/lib/python3.10/site-packages/oslo_config/cfg.py:2819}}
Aug 31 10:24:15 jammy-provider-cloud-0000007548 cinder-volume[113267]: DEBUG oslo_service.service [None req-f3b16525-e151-488a-9280-8af09f0b3183 None None] glance_ca_certificates_file    = None {{(pid=113267) log_opt_values /opt/stack/data/venv/lib/python3.10/site-packages/oslo_config/cfg.py:2819}}
Aug 31 10:24:15 jammy-provider-cloud-0000007548 cinder-volume[113267]: DEBUG oslo_service.service [None req-f3b16525-e151-488a-9280-8af09f0b3183 None None] glance_catalog_info            = image:glance:publicURL {{(pid=113267) log_opt_values /opt/stack/data/venv/lib/python3.10/site-packages/oslo_config/cfg.py:2819}}
Aug 31 10:24:15 jammy-provider-cloud-0000007548 cinder-volume[113267]: DEBUG oslo_service.service [None req-f3b16525-e151-488a-9280-8af09f0b3183 None None] glance_certfile                = None {{(pid=113267) log_opt_values /opt/stack/data/venv/lib/python3.10/site-packages/oslo_config/cfg.py:2819}}
Aug 31 10:24:15 jammy-provider-cloud-0000007548 cinder-volume[113267]: DEBUG oslo_service.service [None req-f3b16525-e151-488a-9280-8af09f0b3183 None None] glance_core_properties         = ['checksum', 'container_format', 'disk_format', 'image_name', 'image_id', 'min_disk', 'min_ram', 'name', 'size'] {{(pid=113267) log_opt_values /opt/stack/data/venv/lib/python3.10/site-packages/oslo_config/cfg.py:2819}}
Aug 31 10:24:15 jammy-provider-cloud-0000007548 cinder-volume[113267]: DEBUG oslo_service.service [None req-f3b16525-e151-488a-9280-8af09f0b3183 None None] glance_keyfile                 = None {{(pid=113267) log_opt_values /opt/stack/data/venv/lib/python3.10/site-packages/oslo_config/cfg.py:2819}}
Aug 31 10:24:15 jammy-provider-cloud-0000007548 cinder-volume[113267]: DEBUG oslo_service.service [None req-f3b16525-e151-488a-9280-8af09f0b3183 None None] glance_num_retries             = 3 {{(pid=113267) log_opt_values /opt/stack/data/venv/lib/python3.10/site-packages/oslo_config/cfg.py:2819}}
Aug 31 10:24:15 jammy-provider-cloud-0000007548 cinder-volume[113267]: DEBUG oslo_service.service [None req-f3b16525-e151-488a-9280-8af09f0b3183 None None] glance_request_timeout         = None {{(pid=113267) log_opt_values /opt/stack/data/venv/lib/python3.10/site-packages/oslo_config/cfg.py:2819}}
Aug 31 10:24:15 jammy-provider-cloud-0000007548 cinder-volume[113267]: DEBUG oslo_service.service [None req-f3b16525-e151-488a-9280-8af09f0b3183 None None] goodness_function              = None {{(pid=113267) log_opt_values /opt/stack/data/venv/lib/python3.10/site-packages/oslo_config/cfg.py:2819}}
Aug 31 10:24:15 jammy-provider-cloud-0000007548 cinder-volume[113267]: DEBUG oslo_service.service [None req-f3b16525-e151-488a-9280-8af09f0b3183 None None] graceful_shutdown_timeout      = 5 {{(pid=113267) log_opt_values /opt/stack/data/venv/lib/python3.10/site-packages/oslo_config/cfg.py:2819}}
Aug 31 10:24:15 jammy-provider-cloud-0000007548 cinder-volume[113267]: DEBUG oslo_service.service [None req-f3b16525-e151-488a-9280-8af09f0b3183 None None] group_api_class                = cinder.group.api.API {{(pid=113267) log_opt_values /opt/stack/data/venv/lib/python3.10/site-packages/oslo_config/cfg.py:2819}}
Aug 31 10:24:15 jammy-provider-cloud-0000007548 cinder-volume[113267]: DEBUG oslo_service.service [None req-f3b16525-e151-488a-9280-8af09f0b3183 None None] host                           = jammy-provider-cloud-0000007548 {{(pid=113267) log_opt_values /opt/stack/data/venv/lib/python3.10/site-packages/oslo_config/cfg.py:2819}}
Aug 31 10:24:15 jammy-provider-cloud-0000007548 cinder-volume[113267]: DEBUG oslo_service.service [None req-f3b16525-e151-488a-9280-8af09f0b3183 None None] image_compress_on_upload       = True {{(pid=113267) log_opt_values /opt/stack/data/venv/lib/python3.10/site-packages/oslo_config/cfg.py:2819}}
Aug 31 10:24:15 jammy-provider-cloud-0000007548 cinder-volume[113277]: WARNING py.warnings [None req-71fae38b-d618-4807-9251-c701a593f7a6 None None] /opt/stack/data/venv/lib/python3.10/site-packages/urllib3/connectionpool.py:1063: InsecureRequestWarning: Unverified HTTPS request is being made to host '10.201.5.12'. Adding certificate verification is strongly advised. See: https://urllib3.readthedocs.io/en/1.26.x/advanced-usage.html#ssl-warnings
Aug 31 10:24:15 jammy-provider-cloud-0000007548 cinder-volume[113277]:   warnings.warn(
Aug 31 10:24:15 jammy-provider-cloud-0000007548 cinder-volume[113267]: DEBUG oslo_service.service [None req-f3b16525-e151-488a-9280-8af09f0b3183 None None] image_conversion_address_space_limit = 1 {{(pid=113267) log_opt_values /opt/stack/data/venv/lib/python3.10/site-packages/oslo_config/cfg.py:2819}}
Aug 31 10:24:15 jammy-provider-cloud-0000007548 cinder-volume[113267]: DEBUG oslo_service.service [None req-f3b16525-e151-488a-9280-8af09f0b3183 None None] image_conversion_cpu_limit     = 60 {{(pid=113267) log_opt_values /opt/stack/data/venv/lib/python3.10/site-packages/oslo_config/cfg.py:2819}}
Aug 31 10:24:15 jammy-provider-cloud-0000007548 cinder-volume[113267]: DEBUG oslo_service.service [None req-f3b16525-e151-488a-9280-8af09f0b3183 None None] image_conversion_dir           = /opt/stack/data/cinder/conversion {{(pid=113267) log_opt_values /opt/stack/data/venv/lib/python3.10/site-packages/oslo_config/cfg.py:2819}}
Aug 31 10:24:15 jammy-provider-cloud-0000007548 cinder-volume[113267]: DEBUG oslo_service.service [None req-f3b16525-e151-488a-9280-8af09f0b3183 None None] image_conversion_disable       = False {{(pid=113267) log_opt_values /opt/stack/data/venv/lib/python3.10/site-packages/oslo_config/cfg.py:2819}}
Aug 31 10:24:15 jammy-provider-cloud-0000007548 cinder-volume[113267]: DEBUG oslo_service.service [None req-f3b16525-e151-488a-9280-8af09f0b3183 None None] image_upload_use_cinder_backend = False {{(pid=113267) log_opt_values /opt/stack/data/venv/lib/python3.10/site-packages/oslo_config/cfg.py:2819}}
Aug 31 10:24:15 jammy-provider-cloud-0000007548 cinder-volume[113267]: DEBUG oslo_service.service [None req-f3b16525-e151-488a-9280-8af09f0b3183 None None] image_upload_use_internal_tenant = False {{(pid=113267) log_opt_values /opt/stack/data/venv/lib/python3.10/site-packages/oslo_config/cfg.py:2819}}
Aug 31 10:24:15 jammy-provider-cloud-0000007548 cinder-volume[113267]: DEBUG oslo_service.service [None req-f3b16525-e151-488a-9280-8af09f0b3183 None None] image_volume_cache_enabled     = False {{(pid=113267) log_opt_values /opt/stack/data/venv/lib/python3.10/site-packages/oslo_config/cfg.py:2819}}
Aug 31 10:24:15 jammy-provider-cloud-0000007548 cinder-volume[113267]: DEBUG oslo_service.service [None req-f3b16525-e151-488a-9280-8af09f0b3183 None None] image_volume_cache_max_count   = 0 {{(pid=113267) log_opt_values /opt/stack/data/venv/lib/python3.10/site-packages/oslo_config/cfg.py:2819}}
Aug 31 10:24:15 jammy-provider-cloud-0000007548 cinder-volume[113267]: DEBUG oslo_service.service [None req-f3b16525-e151-488a-9280-8af09f0b3183 None None] image_volume_cache_max_size_gb = 0 {{(pid=113267) log_opt_values /opt/stack/data/venv/lib/python3.10/site-packages/oslo_config/cfg.py:2819}}
Aug 31 10:24:15 jammy-provider-cloud-0000007548 cinder-volume[113267]: DEBUG oslo_service.service [None req-f3b16525-e151-488a-9280-8af09f0b3183 None None] init_host_max_objects_retrieval = 0 {{(pid=113267) log_opt_values /opt/stack/data/venv/lib/python3.10/site-packages/oslo_config/cfg.py:2819}}
Aug 31 10:24:15 jammy-provider-cloud-0000007548 cinder-volume[113277]: INFO cinder.volume.drivers.hpe.hpe_3par_common [None req-71fae38b-d618-4807-9251-c701a593f7a6 None None] HPE3PARCommon 4.0.22,hpe3parclient 4.2.13
Aug 31 10:24:15 jammy-provider-cloud-0000007548 cinder-volume[113267]: DEBUG oslo_service.service [None req-f3b16525-e151-488a-9280-8af09f0b3183 None None] instance_format                = [instance: %(uuid)s]  {{(pid=113267) log_opt_values /opt/stack/data/venv/lib/python3.10/site-packages/oslo_config/cfg.py:2819}}
Aug 31 10:24:15 jammy-provider-cloud-0000007548 cinder-volume[113277]: DEBUG cinder.volume.drivers.hpe.hpe_3par_common [None req-71fae38b-d618-4807-9251-c701a593f7a6 None None] Connecting to 3PAR {{(pid=113277) client_login /opt/stack/cinder/cinder/volume/drivers/hpe/hpe_3par_common.py:425}}
Aug 31 10:24:15 jammy-provider-cloud-0000007548 cinder-volume[113267]: DEBUG oslo_service.service [None req-f3b16525-e151-488a-9280-8af09f0b3183 None None] instance_uuid_format           = [instance: %(uuid)s]  {{(pid=113267) log_opt_values /opt/stack/data/venv/lib/python3.10/site-packages/oslo_config/cfg.py:2819}}
Aug 31 10:24:15 jammy-provider-cloud-0000007548 cinder-volume[113267]: DEBUG oslo_service.service [None req-f3b16525-e151-488a-9280-8af09f0b3183 None None] iscsi_iotype                   = fileio {{(pid=113267) log_opt_values /opt/stack/data/venv/lib/python3.10/site-packages/oslo_config/cfg.py:2819}}
Aug 31 10:24:15 jammy-provider-cloud-0000007548 cinder-volume[113267]: DEBUG oslo_service.service [None req-f3b16525-e151-488a-9280-8af09f0b3183 None None] iscsi_target_flags             =  {{(pid=113267) log_opt_values /opt/stack/data/venv/lib/python3.10/site-packages/oslo_config/cfg.py:2819}}
Aug 31 10:24:15 jammy-provider-cloud-0000007548 cinder-volume[113267]: DEBUG oslo_service.service [None req-f3b16525-e151-488a-9280-8af09f0b3183 None None] iscsi_write_cache              = on {{(pid=113267) log_opt_values /opt/stack/data/venv/lib/python3.10/site-packages/oslo_config/cfg.py:2819}}
Aug 31 10:24:15 jammy-provider-cloud-0000007548 cinder-volume[113267]: DEBUG oslo_service.service [None req-f3b16525-e151-488a-9280-8af09f0b3183 None None] iser_helper                    = tgtadm {{(pid=113267) log_opt_values /opt/stack/data/venv/lib/python3.10/site-packages/oslo_config/cfg.py:2819}}
Aug 31 10:24:15 jammy-provider-cloud-0000007548 cinder-volume[113278]: INFO cinder.volume.manager [None req-9b6c5058-d27c-4b4d-97bc-d1e6475158dc None None] Starting volume driver HPE3PARNVMEDriver (1.0)
Aug 31 10:24:15 jammy-provider-cloud-0000007548 cinder-volume[113267]: DEBUG oslo_service.service [None req-f3b16525-e151-488a-9280-8af09f0b3183 None None] iser_ip_address                = 10.201.5.87 {{(pid=113267) log_opt_values /opt/stack/data/venv/lib/python3.10/site-packages/oslo_config/cfg.py:2819}}
Aug 31 10:24:15 jammy-provider-cloud-0000007548 cinder-volume[113267]: DEBUG oslo_service.service [None req-f3b16525-e151-488a-9280-8af09f0b3183 None None] iser_port                      = 3260 {{(pid=113267) log_opt_values /opt/stack/data/venv/lib/python3.10/site-packages/oslo_config/cfg.py:2819}}
Aug 31 10:24:15 jammy-provider-cloud-0000007548 cinder-volume[113267]: DEBUG oslo_service.service [None req-f3b16525-e151-488a-9280-8af09f0b3183 None None] iser_target_prefix             = iqn.2010-10.org.openstack: {{(pid=113267) log_opt_values /opt/stack/data/venv/lib/python3.10/site-packages/oslo_config/cfg.py:2819}}
Aug 31 10:24:15 jammy-provider-cloud-0000007548 cinder-volume[113267]: DEBUG oslo_service.service [None req-f3b16525-e151-488a-9280-8af09f0b3183 None None] log_color                      = False {{(pid=113267) log_opt_values /opt/stack/data/venv/lib/python3.10/site-packages/oslo_config/cfg.py:2819}}
Aug 31 10:24:15 jammy-provider-cloud-0000007548 cinder-volume[113267]: DEBUG oslo_service.service [None req-f3b16525-e151-488a-9280-8af09f0b3183 None None] log_config_append              = None {{(pid=113267) log_opt_values /opt/stack/data/venv/lib/python3.10/site-packages/oslo_config/cfg.py:2819}}
Aug 31 10:24:15 jammy-provider-cloud-0000007548 cinder-volume[113278]: DEBUG cinder.volume.drivers.hpe.hpe_3par_common [None req-9b6c5058-d27c-4b4d-97bc-d1e6475158dc None None] Connecting to 3PAR {{(pid=113278) client_login /opt/stack/cinder/cinder/volume/drivers/hpe/hpe_3par_common.py:425}}
Aug 31 10:24:15 jammy-provider-cloud-0000007548 cinder-volume[113267]: DEBUG oslo_service.service [None req-f3b16525-e151-488a-9280-8af09f0b3183 None None] log_date_format                = %Y-%m-%d %H:%M:%S {{(pid=113267) log_opt_values /opt/stack/data/venv/lib/python3.10/site-packages/oslo_config/cfg.py:2819}}
Aug 31 10:24:15 jammy-provider-cloud-0000007548 cinder-volume[113267]: DEBUG oslo_service.service [None req-f3b16525-e151-488a-9280-8af09f0b3183 None None] log_dir                        = None {{(pid=113267) log_opt_values /opt/stack/data/venv/lib/python3.10/site-packages/oslo_config/cfg.py:2819}}
Aug 31 10:24:15 jammy-provider-cloud-0000007548 cinder-volume[113267]: DEBUG oslo_service.service [None req-f3b16525-e151-488a-9280-8af09f0b3183 None None] log_file                       = None {{(pid=113267) log_opt_values /opt/stack/data/venv/lib/python3.10/site-packages/oslo_config/cfg.py:2819}}
Aug 31 10:24:15 jammy-provider-cloud-0000007548 cinder-volume[113267]: DEBUG oslo_service.service [None req-f3b16525-e151-488a-9280-8af09f0b3183 None None] log_options                    = True {{(pid=113267) log_opt_values /opt/stack/data/venv/lib/python3.10/site-packages/oslo_config/cfg.py:2819}}
Aug 31 10:24:15 jammy-provider-cloud-0000007548 cinder-volume[113267]: DEBUG oslo_service.service [None req-f3b16525-e151-488a-9280-8af09f0b3183 None None] log_rotate_interval            = 1 {{(pid=113267) log_opt_values /opt/stack/data/venv/lib/python3.10/site-packages/oslo_config/cfg.py:2819}}
Aug 31 10:24:15 jammy-provider-cloud-0000007548 cinder-volume[113267]: DEBUG oslo_service.service [None req-f3b16525-e151-488a-9280-8af09f0b3183 None None] log_rotate_interval_type       = days {{(pid=113267) log_opt_values /opt/stack/data/venv/lib/python3.10/site-packages/oslo_config/cfg.py:2819}}
Aug 31 10:24:15 jammy-provider-cloud-0000007548 cinder-volume[113267]: DEBUG oslo_service.service [None req-f3b16525-e151-488a-9280-8af09f0b3183 None None] log_rotation_type              = none {{(pid=113267) log_opt_values /opt/stack/data/venv/lib/python3.10/site-packages/oslo_config/cfg.py:2819}}
Aug 31 10:24:15 jammy-provider-cloud-0000007548 cinder-volume[113267]: DEBUG oslo_service.service [None req-f3b16525-e151-488a-9280-8af09f0b3183 None None] logging_context_format_string  = %(color)s%(levelname)s %(name)s [%(global_request_id)s %(request_id)s %(project_name)s %(user_name)s%(color)s] %(instance)s%(color)s%(message)s {{(pid=113267) log_opt_values /opt/stack/data/venv/lib/python3.10/site-packages/oslo_config/cfg.py:2819}}
Aug 31 10:24:15 jammy-provider-cloud-0000007548 cinder-volume[113267]: DEBUG oslo_service.service [None req-f3b16525-e151-488a-9280-8af09f0b3183 None None] logging_debug_format_suffix    = {{(pid=%(process)d) %(funcName)s %(pathname)s:%(lineno)d}} {{(pid=113267) log_opt_values /opt/stack/data/venv/lib/python3.10/site-packages/oslo_config/cfg.py:2819}}
Aug 31 10:24:15 jammy-provider-cloud-0000007548 cinder-volume[113267]: DEBUG oslo_service.service [None req-f3b16525-e151-488a-9280-8af09f0b3183 None None] logging_default_format_string  = %(color)s%(levelname)s %(name)s [-%(color)s] %(instance)s%(color)s%(message)s {{(pid=113267) log_opt_values /opt/stack/data/venv/lib/python3.10/site-packages/oslo_config/cfg.py:2819}}
Aug 31 10:24:15 jammy-provider-cloud-0000007548 cinder-volume[113267]: DEBUG oslo_service.service [None req-f3b16525-e151-488a-9280-8af09f0b3183 None None] logging_exception_prefix       = ERROR %(name)s %(instance)s {{(pid=113267) log_opt_values /opt/stack/data/venv/lib/python3.10/site-packages/oslo_config/cfg.py:2819}}
Aug 31 10:24:15 jammy-provider-cloud-0000007548 cinder-volume[113267]: DEBUG oslo_service.service [None req-f3b16525-e151-488a-9280-8af09f0b3183 None None] logging_user_identity_format   = %(user)s %(project)s %(domain)s %(system_scope)s %(user_domain)s %(project_domain)s {{(pid=113267) log_opt_values /opt/stack/data/venv/lib/python3.10/site-packages/oslo_config/cfg.py:2819}}
Aug 31 10:24:15 jammy-provider-cloud-0000007548 cinder-volume[113267]: DEBUG oslo_service.service [None req-f3b16525-e151-488a-9280-8af09f0b3183 None None] max_age                        = 0 {{(pid=113267) log_opt_values /opt/stack/data/venv/lib/python3.10/site-packages/oslo_config/cfg.py:2819}}
Aug 31 10:24:15 jammy-provider-cloud-0000007548 cinder-volume[113267]: DEBUG oslo_service.service [None req-f3b16525-e151-488a-9280-8af09f0b3183 None None] max_logfile_count              = 30 {{(pid=113267) log_opt_values /opt/stack/data/venv/lib/python3.10/site-packages/oslo_config/cfg.py:2819}}
Aug 31 10:24:15 jammy-provider-cloud-0000007548 cinder-volume[113267]: DEBUG oslo_service.service [None req-f3b16525-e151-488a-9280-8af09f0b3183 None None] max_logfile_size_mb            = 200 {{(pid=113267) log_opt_values /opt/stack/data/venv/lib/python3.10/site-packages/oslo_config/cfg.py:2819}}
Aug 31 10:24:15 jammy-provider-cloud-0000007548 cinder-volume[113267]: DEBUG oslo_service.service [None req-f3b16525-e151-488a-9280-8af09f0b3183 None None] max_over_subscription_ratio    = 20.0 {{(pid=113267) log_opt_values /opt/stack/data/venv/lib/python3.10/site-packages/oslo_config/cfg.py:2819}}
Aug 31 10:24:15 jammy-provider-cloud-0000007548 cinder-volume[113267]: DEBUG oslo_service.service [None req-f3b16525-e151-488a-9280-8af09f0b3183 None None] message_reap_interval          = 86400 {{(pid=113267) log_opt_values /opt/stack/data/venv/lib/python3.10/site-packages/oslo_config/cfg.py:2819}}
Aug 31 10:24:15 jammy-provider-cloud-0000007548 cinder-volume[113267]: DEBUG oslo_service.service [None req-f3b16525-e151-488a-9280-8af09f0b3183 None None] message_ttl                    = 2592000 {{(pid=113267) log_opt_values /opt/stack/data/venv/lib/python3.10/site-packages/oslo_config/cfg.py:2819}}
Aug 31 10:24:15 jammy-provider-cloud-0000007548 cinder-volume[113267]: DEBUG oslo_service.service [None req-f3b16525-e151-488a-9280-8af09f0b3183 None None] migration_create_volume_timeout_secs = 300 {{(pid=113267) log_opt_values /opt/stack/data/venv/lib/python3.10/site-packages/oslo_config/cfg.py:2819}}
Aug 31 10:24:15 jammy-provider-cloud-0000007548 cinder-volume[113267]: DEBUG oslo_service.service [None req-f3b16525-e151-488a-9280-8af09f0b3183 None None] monkey_patch                   = False {{(pid=113267) log_opt_values /opt/stack/data/venv/lib/python3.10/site-packages/oslo_config/cfg.py:2819}}
