Feb 03 16:57:15 jammy-provider-cloud-0000007964 cinder-volume[102490]: DEBUG oslo_concurrency.processutils [None req-0ed91139-7760-4936-b19e-8589c20a4555 None None] Running cmd (subprocess): sudo cinder-rootwrap /etc/cinder/rootwrap.conf env LC_ALL=C lvs --noheadings --unit=g -o size,data_percent --separator : --nosuffix /dev/stack-volumes-lvmdriver-1/stack-volumes-lvmdriver-1-pool {{(pid=102490) execute /opt/stack/data/venv/lib/python3.10/site-packages/oslo_concurrency/processutils.py:349}}
Feb 03 16:57:15 jammy-provider-cloud-0000007964 sudo[112344]:   ubuntu : PWD=/ ; USER=root ; COMMAND=/usr/local/bin/cinder-rootwrap /etc/cinder/rootwrap.conf env LC_ALL=C lvs --noheadings --unit=g -o size,data_percent --separator : --nosuffix /dev/stack-volumes-lvmdriver-1/stack-volumes-lvmdriver-1-pool
Feb 03 16:57:15 jammy-provider-cloud-0000007964 sudo[112344]: pam_unix(sudo:session): session opened for user root(uid=0) by (uid=1000)
Feb 03 16:57:15 jammy-provider-cloud-0000007964 sudo[112337]: pam_unix(sudo:session): session closed for user root
Feb 03 16:57:15 jammy-provider-cloud-0000007964 cinder-volume[102490]: DEBUG oslo_concurrency.processutils [None req-fff4ef3d-36a3-4e93-880d-63742f397f41 None None] CMD "sudo cinder-rootwrap /etc/cinder/rootwrap.conf env LC_ALL=C vgs --noheadings --unit=g -o name,size,free,lv_count,uuid --separator : --nosuffix stack-volumes-lvmdriver-1" returned: 0 in 0.404s {{(pid=102490) execute /opt/stack/data/venv/lib/python3.10/site-packages/oslo_concurrency/processutils.py:372}}
Feb 03 16:57:15 jammy-provider-cloud-0000007964 cinder-volume[102490]: DEBUG oslo_concurrency.processutils [None req-fff4ef3d-36a3-4e93-880d-63742f397f41 None None] Running cmd (subprocess): sudo cinder-rootwrap /etc/cinder/rootwrap.conf env LC_ALL=C lvs --noheadings --unit=g -o vg_name,name,size --nosuffix --readonly stack-volumes-lvmdriver-1 {{(pid=102490) execute /opt/stack/data/venv/lib/python3.10/site-packages/oslo_concurrency/processutils.py:349}}
Feb 03 16:57:16 jammy-provider-cloud-0000007964 sudo[112346]:   ubuntu : PWD=/ ; USER=root ; COMMAND=/usr/local/bin/cinder-rootwrap /etc/cinder/rootwrap.conf env LC_ALL=C lvs --noheadings --unit=g -o vg_name,name,size --nosuffix --readonly stack-volumes-lvmdriver-1
Feb 03 16:57:16 jammy-provider-cloud-0000007964 sudo[112346]: pam_unix(sudo:session): session opened for user root(uid=0) by (uid=1000)
Feb 03 16:57:16 jammy-provider-cloud-0000007964 sudo[112344]: pam_unix(sudo:session): session closed for user root
Feb 03 16:57:16 jammy-provider-cloud-0000007964 cinder-volume[102490]: DEBUG oslo_concurrency.processutils [None req-0ed91139-7760-4936-b19e-8589c20a4555 None None] CMD "sudo cinder-rootwrap /etc/cinder/rootwrap.conf env LC_ALL=C lvs --noheadings --unit=g -o size,data_percent --separator : --nosuffix /dev/stack-volumes-lvmdriver-1/stack-volumes-lvmdriver-1-pool" returned: 0 in 0.321s {{(pid=102490) execute /opt/stack/data/venv/lib/python3.10/site-packages/oslo_concurrency/processutils.py:372}}
Feb 03 16:57:16 jammy-provider-cloud-0000007964 cinder-volume[102490]: DEBUG oslo_concurrency.processutils [None req-0ed91139-7760-4936-b19e-8589c20a4555 None None] Running cmd (subprocess): sudo cinder-rootwrap /etc/cinder/rootwrap.conf env LC_ALL=C lvs --noheadings --unit=g -o vg_name,name,size --nosuffix --readonly stack-volumes-lvmdriver-1 {{(pid=102490) execute /opt/stack/data/venv/lib/python3.10/site-packages/oslo_concurrency/processutils.py:349}}
Feb 03 16:57:16 jammy-provider-cloud-0000007964 sudo[112350]:   ubuntu : PWD=/ ; USER=root ; COMMAND=/usr/local/bin/cinder-rootwrap /etc/cinder/rootwrap.conf env LC_ALL=C lvs --noheadings --unit=g -o vg_name,name,size --nosuffix --readonly stack-volumes-lvmdriver-1
Feb 03 16:57:16 jammy-provider-cloud-0000007964 sudo[112350]: pam_unix(sudo:session): session opened for user root(uid=0) by (uid=1000)
Feb 03 16:57:16 jammy-provider-cloud-0000007964 sudo[112346]: pam_unix(sudo:session): session closed for user root
Feb 03 16:57:16 jammy-provider-cloud-0000007964 cinder-volume[102490]: DEBUG oslo_concurrency.processutils [None req-fff4ef3d-36a3-4e93-880d-63742f397f41 None None] CMD "sudo cinder-rootwrap /etc/cinder/rootwrap.conf env LC_ALL=C lvs --noheadings --unit=g -o vg_name,name,size --nosuffix --readonly stack-volumes-lvmdriver-1" returned: 0 in 0.327s {{(pid=102490) execute /opt/stack/data/venv/lib/python3.10/site-packages/oslo_concurrency/processutils.py:372}}
Feb 03 16:57:16 jammy-provider-cloud-0000007964 cinder-volume[102490]: DEBUG oslo_concurrency.processutils [None req-fff4ef3d-36a3-4e93-880d-63742f397f41 None None] Running cmd (subprocess): sudo cinder-rootwrap /etc/cinder/rootwrap.conf env LC_ALL=C lvs --noheadings --unit=g -o size,data_percent --separator : --nosuffix /dev/stack-volumes-lvmdriver-1/stack-volumes-lvmdriver-1-pool {{(pid=102490) execute /opt/stack/data/venv/lib/python3.10/site-packages/oslo_concurrency/processutils.py:349}}
Feb 03 16:57:16 jammy-provider-cloud-0000007964 sudo[112352]:   ubuntu : PWD=/ ; USER=root ; COMMAND=/usr/local/bin/cinder-rootwrap /etc/cinder/rootwrap.conf env LC_ALL=C lvs --noheadings --unit=g -o size,data_percent --separator : --nosuffix /dev/stack-volumes-lvmdriver-1/stack-volumes-lvmdriver-1-pool
Feb 03 16:57:16 jammy-provider-cloud-0000007964 sudo[112352]: pam_unix(sudo:session): session opened for user root(uid=0) by (uid=1000)
Feb 03 16:57:16 jammy-provider-cloud-0000007964 sudo[112350]: pam_unix(sudo:session): session closed for user root
Feb 03 16:57:16 jammy-provider-cloud-0000007964 cinder-volume[102490]: DEBUG oslo_concurrency.processutils [None req-0ed91139-7760-4936-b19e-8589c20a4555 None None] CMD "sudo cinder-rootwrap /etc/cinder/rootwrap.conf env LC_ALL=C lvs --noheadings --unit=g -o vg_name,name,size --nosuffix --readonly stack-volumes-lvmdriver-1" returned: 0 in 0.327s {{(pid=102490) execute /opt/stack/data/venv/lib/python3.10/site-packages/oslo_concurrency/processutils.py:372}}
Feb 03 16:57:16 jammy-provider-cloud-0000007964 cinder-volume[102490]: DEBUG cinder.manager [None req-0ed91139-7760-4936-b19e-8589c20a4555 None None] Notifying Schedulers of capabilities ... {{(pid=102490) _publish_service_capabilities /opt/stack/cinder/cinder/manager.py:202}}
Feb 03 16:57:16 jammy-provider-cloud-0000007964 sudo[112352]: pam_unix(sudo:session): session closed for user root
Feb 03 16:57:16 jammy-provider-cloud-0000007964 cinder-volume[102490]: DEBUG oslo_concurrency.processutils [None req-fff4ef3d-36a3-4e93-880d-63742f397f41 None None] CMD "sudo cinder-rootwrap /etc/cinder/rootwrap.conf env LC_ALL=C lvs --noheadings --unit=g -o size,data_percent --separator : --nosuffix /dev/stack-volumes-lvmdriver-1/stack-volumes-lvmdriver-1-pool" returned: 0 in 0.311s {{(pid=102490) execute /opt/stack/data/venv/lib/python3.10/site-packages/oslo_concurrency/processutils.py:372}}
Feb 03 16:57:16 jammy-provider-cloud-0000007964 cinder-volume[102490]: DEBUG oslo_concurrency.processutils [None req-fff4ef3d-36a3-4e93-880d-63742f397f41 None None] Running cmd (subprocess): sudo cinder-rootwrap /etc/cinder/rootwrap.conf env LC_ALL=C lvs --noheadings --unit=g -o vg_name,name,size --nosuffix --readonly stack-volumes-lvmdriver-1 {{(pid=102490) execute /opt/stack/data/venv/lib/python3.10/site-packages/oslo_concurrency/processutils.py:349}}
Feb 03 16:57:16 jammy-provider-cloud-0000007964 sudo[112356]:   ubuntu : PWD=/ ; USER=root ; COMMAND=/usr/local/bin/cinder-rootwrap /etc/cinder/rootwrap.conf env LC_ALL=C lvs --noheadings --unit=g -o vg_name,name,size --nosuffix --readonly stack-volumes-lvmdriver-1
Feb 03 16:57:16 jammy-provider-cloud-0000007964 sudo[112356]: pam_unix(sudo:session): session opened for user root(uid=0) by (uid=1000)
Feb 03 16:57:16 jammy-provider-cloud-0000007964 systemd[1]: devstack@c-vol.service: Main process exited, code=killed, status=14/ALRM
Feb 03 16:57:16 jammy-provider-cloud-0000007964 systemd[1]: devstack@c-vol.service: Failed with result 'signal'.
Feb 03 16:57:16 jammy-provider-cloud-0000007964 cinder-volume[102490]: INFO oslo_service.service [-] Parent process has died unexpectedly, exiting
Feb 03 16:57:16 jammy-provider-cloud-0000007964 systemd[1]: devstack@c-vol.service: Unit process 102490 (cinder-volume) remains running after unit stopped.
Feb 03 16:57:16 jammy-provider-cloud-0000007964 systemd[1]: devstack@c-vol.service: Unit process 112356 (sudo) remains running after unit stopped.
Feb 03 16:57:16 jammy-provider-cloud-0000007964 systemd[1]: devstack@c-vol.service: Unit process 112357 (cinder-rootwrap) remains running after unit stopped.
Feb 03 16:57:16 jammy-provider-cloud-0000007964 systemd[1]: Stopped Devstack devstack@c-vol.service.
Feb 03 16:57:16 jammy-provider-cloud-0000007964 systemd[1]: devstack@c-vol.service: Consumed 19.249s CPU time.
Feb 03 16:57:16 jammy-provider-cloud-0000007964 systemd[1]: devstack@c-vol.service: Found left-over process 102490 (cinder-volume) in control group while starting unit. Ignoring.
Feb 03 16:57:16 jammy-provider-cloud-0000007964 systemd[1]: This usually indicates unclean termination of a previous run, or service implementation deficiencies.
Feb 03 16:57:16 jammy-provider-cloud-0000007964 systemd[1]: devstack@c-vol.service: Found left-over process 112356 (sudo) in control group while starting unit. Ignoring.
Feb 03 16:57:16 jammy-provider-cloud-0000007964 systemd[1]: This usually indicates unclean termination of a previous run, or service implementation deficiencies.
Feb 03 16:57:16 jammy-provider-cloud-0000007964 systemd[1]: devstack@c-vol.service: Found left-over process 112357 (cinder-rootwrap) in control group while starting unit. Ignoring.
Feb 03 16:57:16 jammy-provider-cloud-0000007964 systemd[1]: This usually indicates unclean termination of a previous run, or service implementation deficiencies.
Feb 03 16:57:16 jammy-provider-cloud-0000007964 systemd[1]: Started Devstack devstack@c-vol.service.
Feb 03 16:57:16 jammy-provider-cloud-0000007964 sudo[112356]: pam_unix(sudo:session): session closed for user root
Feb 03 16:57:16 jammy-provider-cloud-0000007964 cinder-volume[102490]: DEBUG oslo_concurrency.processutils [None req-fff4ef3d-36a3-4e93-880d-63742f397f41 None None] CMD "sudo cinder-rootwrap /etc/cinder/rootwrap.conf env LC_ALL=C lvs --noheadings --unit=g -o vg_name,name,size --nosuffix --readonly stack-volumes-lvmdriver-1" returned: 0 in 0.349s {{(pid=102490) execute /opt/stack/data/venv/lib/python3.10/site-packages/oslo_concurrency/processutils.py:372}}
Feb 03 16:57:16 jammy-provider-cloud-0000007964 cinder-volume[102490]: DEBUG cinder.manager [None req-fff4ef3d-36a3-4e93-880d-63742f397f41 None None] Notifying Schedulers of capabilities ... {{(pid=102490) _publish_service_capabilities /opt/stack/cinder/cinder/manager.py:202}}
Feb 03 16:57:17 jammy-provider-cloud-0000007964 cinder-volume[112358]: DEBUG oslo_concurrency.lockutils [-] Acquiring lock "singleton_lock" {{(pid=112358) lock /opt/stack/data/venv/lib/python3.10/site-packages/oslo_concurrency/lockutils.py:310}}
Feb 03 16:57:17 jammy-provider-cloud-0000007964 cinder-volume[112358]: DEBUG oslo_concurrency.lockutils [-] Acquired lock "singleton_lock" {{(pid=112358) lock /opt/stack/data/venv/lib/python3.10/site-packages/oslo_concurrency/lockutils.py:313}}
Feb 03 16:57:17 jammy-provider-cloud-0000007964 cinder-volume[112358]: DEBUG oslo_concurrency.lockutils [-] Releasing lock "singleton_lock" {{(pid=112358) lock /opt/stack/data/venv/lib/python3.10/site-packages/oslo_concurrency/lockutils.py:331}}
Feb 03 16:57:18 jammy-provider-cloud-0000007964 cinder-volume[112358]: DEBUG oslo_db.sqlalchemy.engines [None req-03096a44-4f7a-4942-9b61-30aa1e77c9d3 None None] MySQL server mode set to STRICT_TRANS_TABLES,STRICT_ALL_TABLES,NO_ZERO_IN_DATE,NO_ZERO_DATE,ERROR_FOR_DIVISION_BY_ZERO,TRADITIONAL,NO_ENGINE_SUBSTITUTION {{(pid=112358) _check_effective_sql_mode /opt/stack/data/venv/lib/python3.10/site-packages/oslo_db/sqlalchemy/engines.py:395}}
Feb 03 16:57:18 jammy-provider-cloud-0000007964 cinder-volume[102490]: DEBUG oslo_concurrency.lockutils [None req-32c935ac-d9e3-4c3b-8343-3999c025532c None None] Acquiring lock "singleton_lock" {{(pid=102490) lock /opt/stack/data/venv/lib/python3.10/site-packages/oslo_concurrency/lockutils.py:310}}
Feb 03 16:57:18 jammy-provider-cloud-0000007964 cinder-volume[102490]: DEBUG oslo_concurrency.lockutils [None req-32c935ac-d9e3-4c3b-8343-3999c025532c None None] Acquired lock "singleton_lock" {{(pid=102490) lock /opt/stack/data/venv/lib/python3.10/site-packages/oslo_concurrency/lockutils.py:313}}
Feb 03 16:57:18 jammy-provider-cloud-0000007964 cinder-volume[102490]: DEBUG oslo_concurrency.lockutils [None req-32c935ac-d9e3-4c3b-8343-3999c025532c None None] Releasing lock "singleton_lock" {{(pid=102490) lock /opt/stack/data/venv/lib/python3.10/site-packages/oslo_concurrency/lockutils.py:331}}
Feb 03 16:57:18 jammy-provider-cloud-0000007964 cinder-volume[102490]: WARNING amqp [None req-32c935ac-d9e3-4c3b-8343-3999c025532c None None] Received method (60, 30) during closing channel 1. This method will be ignored
Feb 03 16:57:18 jammy-provider-cloud-0000007964 cinder-volume[102490]: WARNING amqp [None req-32c935ac-d9e3-4c3b-8343-3999c025532c None None] Received method (60, 30) during closing channel 1. This method will be ignored
Feb 03 16:57:18 jammy-provider-cloud-0000007964 cinder-volume[112358]: INFO cinder.rpc [None req-03096a44-4f7a-4942-9b61-30aa1e77c9d3 None None] Automatically selected cinder-scheduler objects version 1.39 as minimum service version.
Feb 03 16:57:18 jammy-provider-cloud-0000007964 cinder-volume[112358]: INFO cinder.rpc [None req-03096a44-4f7a-4942-9b61-30aa1e77c9d3 None None] Automatically selected cinder-scheduler RPC version 3.12 as minimum service version.
Feb 03 16:57:18 jammy-provider-cloud-0000007964 cinder-volume[112358]: DEBUG oslo_db.sqlalchemy.engines [None req-03096a44-4f7a-4942-9b61-30aa1e77c9d3 None None] MySQL server mode set to STRICT_TRANS_TABLES,STRICT_ALL_TABLES,NO_ZERO_IN_DATE,NO_ZERO_DATE,ERROR_FOR_DIVISION_BY_ZERO,TRADITIONAL,NO_ENGINE_SUBSTITUTION {{(pid=112358) _check_effective_sql_mode /opt/stack/data/venv/lib/python3.10/site-packages/oslo_db/sqlalchemy/engines.py:395}}
Feb 03 16:57:18 jammy-provider-cloud-0000007964 cinder-volume[112358]: INFO cinder.volume.manager [None req-03096a44-4f7a-4942-9b61-30aa1e77c9d3 None None] Determined volume DB was empty at startup.
Feb 03 16:57:18 jammy-provider-cloud-0000007964 cinder-volume[112358]: DEBUG cinder.volume.manager [None req-03096a44-4f7a-4942-9b61-30aa1e77c9d3 None None] Cinder Volume DB check: vol_db_empty=True {{(pid=112358) __init__ /opt/stack/cinder/cinder/volume/manager.py:288}}
Feb 03 16:57:18 jammy-provider-cloud-0000007964 cinder-volume[112358]: INFO cinder.volume.manager [None req-03096a44-4f7a-4942-9b61-30aa1e77c9d3 None None] Service not found for updating active_backend_id, assuming default for driver init.
Feb 03 16:57:18 jammy-provider-cloud-0000007964 cinder-volume[112358]: WARNING stevedore.named [None req-03096a44-4f7a-4942-9b61-30aa1e77c9d3 None None] Could not load cinder.keymgr.conf_key_mgr.ConfKeyManager
Feb 03 16:57:18 jammy-provider-cloud-0000007964 cinder-volume[112358]: WARNING castellan.key_manager [None req-03096a44-4f7a-4942-9b61-30aa1e77c9d3 None None] Deprecation Warning : cinder.keymgr.conf_key_mgr.ConfKeyManager is not a stevedore based driver, trying to load it as a class: stevedore.exception.NoMatches: No 'castellan.drivers' driver found, looking for 'cinder.keymgr.conf_key_mgr.ConfKeyManager'
Feb 03 16:57:18 jammy-provider-cloud-0000007964 cinder-volume[112358]: WARNING cinder.keymgr.conf_key_mgr [None req-03096a44-4f7a-4942-9b61-30aa1e77c9d3 None None] This key manager is insecure and is not recommended for production deployments: stevedore.exception.NoMatches: No 'castellan.drivers' driver found, looking for 'cinder.keymgr.conf_key_mgr.ConfKeyManager'
Feb 03 16:57:18 jammy-provider-cloud-0000007964 cinder-volume[112358]: DEBUG cinder.zonemanager.utils [None req-03096a44-4f7a-4942-9b61-30aa1e77c9d3 None None] Zoning mode: None. {{(pid=112358) create_lookup_service /opt/stack/cinder/cinder/zonemanager/utils.py:56}}
Feb 03 16:57:18 jammy-provider-cloud-0000007964 cinder-volume[112358]: DEBUG cinder.zonemanager.utils [None req-03096a44-4f7a-4942-9b61-30aa1e77c9d3 None None] FC Lookup Service not enabled in cinder.conf. {{(pid=112358) create_lookup_service /opt/stack/cinder/cinder/zonemanager/utils.py:63}}
Feb 03 16:57:18 jammy-provider-cloud-0000007964 cinder-volume[112358]: INFO cinder.volume.manager [None req-03096a44-4f7a-4942-9b61-30aa1e77c9d3 None None] Image-volume cache disabled for host jammy-provider-cloud-0000007964@arcusfc1.
Feb 03 16:57:18 jammy-provider-cloud-0000007964 cinder-volume[112358]: DEBUG oslo_db.sqlalchemy.engines [None req-03096a44-4f7a-4942-9b61-30aa1e77c9d3 None None] MySQL server mode set to STRICT_TRANS_TABLES,STRICT_ALL_TABLES,NO_ZERO_IN_DATE,NO_ZERO_DATE,ERROR_FOR_DIVISION_BY_ZERO,TRADITIONAL,NO_ENGINE_SUBSTITUTION {{(pid=112358) _check_effective_sql_mode /opt/stack/data/venv/lib/python3.10/site-packages/oslo_db/sqlalchemy/engines.py:395}}
Feb 03 16:57:18 jammy-provider-cloud-0000007964 cinder-volume[112358]: INFO oslo_service.service [None req-03096a44-4f7a-4942-9b61-30aa1e77c9d3 None None] Starting 1 workers
Feb 03 16:57:18 jammy-provider-cloud-0000007964 cinder-volume[112358]: DEBUG oslo_service.service [None req-03096a44-4f7a-4942-9b61-30aa1e77c9d3 None None] Started child 112364 {{(pid=112358) _start_child /opt/stack/data/venv/lib/python3.10/site-packages/oslo_service/service.py:579}}
Feb 03 16:57:18 jammy-provider-cloud-0000007964 cinder-volume[112364]: INFO cinder.service [-] Starting cinder-volume node (version 25.1.0)
Feb 03 16:57:18 jammy-provider-cloud-0000007964 cinder-volume[112358]: DEBUG oslo_db.sqlalchemy.engines [None req-03096a44-4f7a-4942-9b61-30aa1e77c9d3 None None] MySQL server mode set to STRICT_TRANS_TABLES,STRICT_ALL_TABLES,NO_ZERO_IN_DATE,NO_ZERO_DATE,ERROR_FOR_DIVISION_BY_ZERO,TRADITIONAL,NO_ENGINE_SUBSTITUTION {{(pid=112358) _check_effective_sql_mode /opt/stack/data/venv/lib/python3.10/site-packages/oslo_db/sqlalchemy/engines.py:395}}
Feb 03 16:57:18 jammy-provider-cloud-0000007964 cinder-volume[112358]: INFO cinder.volume.manager [None req-03096a44-4f7a-4942-9b61-30aa1e77c9d3 None None] Determined volume DB was empty at startup.
Feb 03 16:57:18 jammy-provider-cloud-0000007964 cinder-volume[112358]: DEBUG cinder.volume.manager [None req-03096a44-4f7a-4942-9b61-30aa1e77c9d3 None None] Cinder Volume DB check: vol_db_empty=True {{(pid=112358) __init__ /opt/stack/cinder/cinder/volume/manager.py:288}}
Feb 03 16:57:18 jammy-provider-cloud-0000007964 cinder-volume[112364]: INFO cinder.volume.manager [None req-ce29c080-b01e-4e8e-8bbd-b50ef3dd3cd5 None None] Starting volume driver HPE3PARNVMEDriver (1.0)
Feb 03 16:57:18 jammy-provider-cloud-0000007964 cinder-volume[112364]: DEBUG cinder.volume.drivers.hpe.hpe_3par_common [None req-ce29c080-b01e-4e8e-8bbd-b50ef3dd3cd5 None None] Connecting to 3PAR {{(pid=112364) client_login /opt/stack/cinder/cinder/volume/drivers/hpe/hpe_3par_common.py:425}}
Feb 03 16:57:18 jammy-provider-cloud-0000007964 cinder-volume[112358]: INFO cinder.volume.manager [None req-03096a44-4f7a-4942-9b61-30aa1e77c9d3 None None] Service not found for updating active_backend_id, assuming default for driver init.
Feb 03 16:57:18 jammy-provider-cloud-0000007964 cinder-volume[112358]: WARNING stevedore.named [None req-03096a44-4f7a-4942-9b61-30aa1e77c9d3 None None] Could not load cinder.keymgr.conf_key_mgr.ConfKeyManager
Feb 03 16:57:18 jammy-provider-cloud-0000007964 cinder-volume[112358]: WARNING castellan.key_manager [None req-03096a44-4f7a-4942-9b61-30aa1e77c9d3 None None] Deprecation Warning : cinder.keymgr.conf_key_mgr.ConfKeyManager is not a stevedore based driver, trying to load it as a class: stevedore.exception.NoMatches: No 'castellan.drivers' driver found, looking for 'cinder.keymgr.conf_key_mgr.ConfKeyManager'
Feb 03 16:57:18 jammy-provider-cloud-0000007964 cinder-volume[112358]: DEBUG cinder.zonemanager.utils [None req-03096a44-4f7a-4942-9b61-30aa1e77c9d3 None None] Zoning mode: None. {{(pid=112358) create_lookup_service /opt/stack/cinder/cinder/zonemanager/utils.py:56}}
Feb 03 16:57:18 jammy-provider-cloud-0000007964 cinder-volume[112358]: DEBUG cinder.zonemanager.utils [None req-03096a44-4f7a-4942-9b61-30aa1e77c9d3 None None] FC Lookup Service not enabled in cinder.conf. {{(pid=112358) create_lookup_service /opt/stack/cinder/cinder/zonemanager/utils.py:63}}
Feb 03 16:57:18 jammy-provider-cloud-0000007964 cinder-volume[112358]: INFO cinder.volume.manager [None req-03096a44-4f7a-4942-9b61-30aa1e77c9d3 None None] Image-volume cache disabled for host jammy-provider-cloud-0000007964@arcusfc2.
Feb 03 16:57:18 jammy-provider-cloud-0000007964 cinder-volume[112358]: DEBUG oslo_db.sqlalchemy.engines [None req-03096a44-4f7a-4942-9b61-30aa1e77c9d3 None None] MySQL server mode set to STRICT_TRANS_TABLES,STRICT_ALL_TABLES,NO_ZERO_IN_DATE,NO_ZERO_DATE,ERROR_FOR_DIVISION_BY_ZERO,TRADITIONAL,NO_ENGINE_SUBSTITUTION {{(pid=112358) _check_effective_sql_mode /opt/stack/data/venv/lib/python3.10/site-packages/oslo_db/sqlalchemy/engines.py:395}}
Feb 03 16:57:18 jammy-provider-cloud-0000007964 cinder-volume[112364]: WARNING py.warnings [None req-ce29c080-b01e-4e8e-8bbd-b50ef3dd3cd5 None None] /opt/stack/data/venv/lib/python3.10/site-packages/urllib3/connectionpool.py:1064: InsecureRequestWarning: Unverified HTTPS request is being made to host '10.201.5.12'. Adding certificate verification is strongly advised. See: https://urllib3.readthedocs.io/en/1.26.x/advanced-usage.html#ssl-warnings
Feb 03 16:57:18 jammy-provider-cloud-0000007964 cinder-volume[112364]:   warnings.warn(
Feb 03 16:57:18 jammy-provider-cloud-0000007964 cinder-volume[112358]: INFO oslo_service.service [None req-03096a44-4f7a-4942-9b61-30aa1e77c9d3 None None] Starting 1 workers
Feb 03 16:57:18 jammy-provider-cloud-0000007964 cinder-volume[112364]: WARNING py.warnings [None req-ce29c080-b01e-4e8e-8bbd-b50ef3dd3cd5 None None] /opt/stack/data/venv/lib/python3.10/site-packages/urllib3/connectionpool.py:1064: InsecureRequestWarning: Unverified HTTPS request is being made to host '10.201.5.12'. Adding certificate verification is strongly advised. See: https://urllib3.readthedocs.io/en/1.26.x/advanced-usage.html#ssl-warnings
Feb 03 16:57:18 jammy-provider-cloud-0000007964 cinder-volume[112364]:   warnings.warn(
Feb 03 16:57:18 jammy-provider-cloud-0000007964 cinder-volume[112358]: DEBUG oslo_service.service [None req-03096a44-4f7a-4942-9b61-30aa1e77c9d3 None None] Started child 112365 {{(pid=112358) _start_child /opt/stack/data/venv/lib/python3.10/site-packages/oslo_service/service.py:579}}
Feb 03 16:57:18 jammy-provider-cloud-0000007964 cinder-volume[112364]: INFO cinder.volume.drivers.hpe.hpe_3par_common [None req-ce29c080-b01e-4e8e-8bbd-b50ef3dd3cd5 None None] HPE3PARCommon 4.0.22,hpe3parclient 4.2.13
Feb 03 16:57:18 jammy-provider-cloud-0000007964 cinder-volume[112364]: DEBUG cinder.volume.drivers.hpe.hpe_3par_common [None req-ce29c080-b01e-4e8e-8bbd-b50ef3dd3cd5 None None] Connecting to 3PAR {{(pid=112364) client_login /opt/stack/cinder/cinder/volume/drivers/hpe/hpe_3par_common.py:425}}
Feb 03 16:57:18 jammy-provider-cloud-0000007964 cinder-volume[112358]: DEBUG oslo_service.service [None req-03096a44-4f7a-4942-9b61-30aa1e77c9d3 None None] Full set of CONF: {{(pid=112358) wait /opt/stack/data/venv/lib/python3.10/site-packages/oslo_service/service.py:653}}
Feb 03 16:57:18 jammy-provider-cloud-0000007964 cinder-volume[112358]: DEBUG oslo_service.service [None req-03096a44-4f7a-4942-9b61-30aa1e77c9d3 None None] ******************************************************************************** {{(pid=112358) log_opt_values /opt/stack/data/venv/lib/python3.10/site-packages/oslo_config/cfg.py:2804}}
Feb 03 16:57:18 jammy-provider-cloud-0000007964 cinder-volume[112358]: DEBUG oslo_service.service [None req-03096a44-4f7a-4942-9b61-30aa1e77c9d3 None None] Configuration options gathered from: {{(pid=112358) log_opt_values /opt/stack/data/venv/lib/python3.10/site-packages/oslo_config/cfg.py:2805}}
Feb 03 16:57:18 jammy-provider-cloud-0000007964 cinder-volume[112358]: DEBUG oslo_service.service [None req-03096a44-4f7a-4942-9b61-30aa1e77c9d3 None None] command line args: ['--config-file', '/etc/cinder/cinder.conf'] {{(pid=112358) log_opt_values /opt/stack/data/venv/lib/python3.10/site-packages/oslo_config/cfg.py:2806}}
Feb 03 16:57:18 jammy-provider-cloud-0000007964 cinder-volume[112358]: DEBUG oslo_service.service [None req-03096a44-4f7a-4942-9b61-30aa1e77c9d3 None None] config files: ['/etc/cinder/cinder.conf'] {{(pid=112358) log_opt_values /opt/stack/data/venv/lib/python3.10/site-packages/oslo_config/cfg.py:2807}}
Feb 03 16:57:18 jammy-provider-cloud-0000007964 cinder-volume[112358]: DEBUG oslo_service.service [None req-03096a44-4f7a-4942-9b61-30aa1e77c9d3 None None] ================================================================================ {{(pid=112358) log_opt_values /opt/stack/data/venv/lib/python3.10/site-packages/oslo_config/cfg.py:2809}}
Feb 03 16:57:18 jammy-provider-cloud-0000007964 cinder-volume[112358]: DEBUG oslo_service.service [None req-03096a44-4f7a-4942-9b61-30aa1e77c9d3 None None] allow_availability_zone_fallback = False {{(pid=112358) log_opt_values /opt/stack/data/venv/lib/python3.10/site-packages/oslo_config/cfg.py:2817}}
Feb 03 16:57:18 jammy-provider-cloud-0000007964 cinder-volume[112358]: DEBUG oslo_service.service [None req-03096a44-4f7a-4942-9b61-30aa1e77c9d3 None None] allow_compression_on_image_upload = False {{(pid=112358) log_opt_values /opt/stack/data/venv/lib/python3.10/site-packages/oslo_config/cfg.py:2817}}
Feb 03 16:57:18 jammy-provider-cloud-0000007964 cinder-volume[112358]: DEBUG oslo_service.service [None req-03096a44-4f7a-4942-9b61-30aa1e77c9d3 None None] allowed_direct_url_schemes     = [] {{(pid=112358) log_opt_values /opt/stack/data/venv/lib/python3.10/site-packages/oslo_config/cfg.py:2817}}
Feb 03 16:57:18 jammy-provider-cloud-0000007964 cinder-volume[112358]: DEBUG oslo_service.service [None req-03096a44-4f7a-4942-9b61-30aa1e77c9d3 None None] api_rate_limit                 = True {{(pid=112358) log_opt_values /opt/stack/data/venv/lib/python3.10/site-packages/oslo_config/cfg.py:2817}}
Feb 03 16:57:18 jammy-provider-cloud-0000007964 cinder-volume[112358]: DEBUG oslo_service.service [None req-03096a44-4f7a-4942-9b61-30aa1e77c9d3 None None] auth_strategy                  = keystone {{(pid=112358) log_opt_values /opt/stack/data/venv/lib/python3.10/site-packages/oslo_config/cfg.py:2817}}
Feb 03 16:57:18 jammy-provider-cloud-0000007964 cinder-volume[112358]: DEBUG oslo_service.service [None req-03096a44-4f7a-4942-9b61-30aa1e77c9d3 None None] backend_availability_zone      = None {{(pid=112358) log_opt_values /opt/stack/data/venv/lib/python3.10/site-packages/oslo_config/cfg.py:2817}}
Feb 03 16:57:18 jammy-provider-cloud-0000007964 cinder-volume[112358]: DEBUG oslo_service.service [None req-03096a44-4f7a-4942-9b61-30aa1e77c9d3 None None] backend_host                   = None {{(pid=112358) log_opt_values /opt/stack/data/venv/lib/python3.10/site-packages/oslo_config/cfg.py:2817}}
Feb 03 16:57:18 jammy-provider-cloud-0000007964 cinder-volume[112358]: DEBUG oslo_service.service [None req-03096a44-4f7a-4942-9b61-30aa1e77c9d3 None None] backend_name                   = None {{(pid=112358) log_opt_values /opt/stack/data/venv/lib/python3.10/site-packages/oslo_config/cfg.py:2817}}
Feb 03 16:57:18 jammy-provider-cloud-0000007964 cinder-volume[112358]: DEBUG oslo_service.service [None req-03096a44-4f7a-4942-9b61-30aa1e77c9d3 None None] backend_stats_polling_interval = 60 {{(pid=112358) log_opt_values /opt/stack/data/venv/lib/python3.10/site-packages/oslo_config/cfg.py:2817}}
Feb 03 16:57:18 jammy-provider-cloud-0000007964 cinder-volume[112358]: DEBUG oslo_service.service [None req-03096a44-4f7a-4942-9b61-30aa1e77c9d3 None None] backup_api_class               = cinder.backup.api.API {{(pid=112358) log_opt_values /opt/stack/data/venv/lib/python3.10/site-packages/oslo_config/cfg.py:2817}}
Feb 03 16:57:18 jammy-provider-cloud-0000007964 cinder-volume[112358]: DEBUG oslo_service.service [None req-03096a44-4f7a-4942-9b61-30aa1e77c9d3 None None] backup_manager                 = cinder.backup.manager.BackupManager {{(pid=112358) log_opt_values /opt/stack/data/venv/lib/python3.10/site-packages/oslo_config/cfg.py:2817}}
Feb 03 16:57:18 jammy-provider-cloud-0000007964 cinder-volume[112358]: DEBUG oslo_service.service [None req-03096a44-4f7a-4942-9b61-30aa1e77c9d3 None None] backup_name_template           = backup-%s {{(pid=112358) log_opt_values /opt/stack/data/venv/lib/python3.10/site-packages/oslo_config/cfg.py:2817}}
Feb 03 16:57:18 jammy-provider-cloud-0000007964 cinder-volume[112358]: DEBUG oslo_service.service [None req-03096a44-4f7a-4942-9b61-30aa1e77c9d3 None None] backup_use_same_host           = False {{(pid=112358) log_opt_values /opt/stack/data/venv/lib/python3.10/site-packages/oslo_config/cfg.py:2817}}
Feb 03 16:57:18 jammy-provider-cloud-0000007964 cinder-volume[112358]: DEBUG oslo_service.service [None req-03096a44-4f7a-4942-9b61-30aa1e77c9d3 None None] backup_use_temp_snapshot       = False {{(pid=112358) log_opt_values /opt/stack/data/venv/lib/python3.10/site-packages/oslo_config/cfg.py:2817}}
Feb 03 16:57:18 jammy-provider-cloud-0000007964 cinder-volume[112358]: DEBUG oslo_service.service [None req-03096a44-4f7a-4942-9b61-30aa1e77c9d3 None None] chap_password                  = **** {{(pid=112358) log_opt_values /opt/stack/data/venv/lib/python3.10/site-packages/oslo_config/cfg.py:2817}}
Feb 03 16:57:18 jammy-provider-cloud-0000007964 cinder-volume[112358]: DEBUG oslo_service.service [None req-03096a44-4f7a-4942-9b61-30aa1e77c9d3 None None] chap_username                  =  {{(pid=112358) log_opt_values /opt/stack/data/venv/lib/python3.10/site-packages/oslo_config/cfg.py:2817}}
Feb 03 16:57:18 jammy-provider-cloud-0000007964 cinder-volume[112358]: DEBUG oslo_service.service [None req-03096a44-4f7a-4942-9b61-30aa1e77c9d3 None None] chiscsi_conf                   = /etc/chelsio-iscsi/chiscsi.conf {{(pid=112358) log_opt_values /opt/stack/data/venv/lib/python3.10/site-packages/oslo_config/cfg.py:2817}}
Feb 03 16:57:18 jammy-provider-cloud-0000007964 cinder-volume[112358]: DEBUG oslo_service.service [None req-03096a44-4f7a-4942-9b61-30aa1e77c9d3 None None] cinder_internal_tenant_project_id = 4fddc4ca1eee44728c44602d735e5540 {{(pid=112358) log_opt_values /opt/stack/data/venv/lib/python3.10/site-packages/oslo_config/cfg.py:2817}}
Feb 03 16:57:18 jammy-provider-cloud-0000007964 cinder-volume[112358]: DEBUG oslo_service.service [None req-03096a44-4f7a-4942-9b61-30aa1e77c9d3 None None] cinder_internal_tenant_user_id = 6102d573042b41e181dd39fd5b9f938d {{(pid=112358) log_opt_values /opt/stack/data/venv/lib/python3.10/site-packages/oslo_config/cfg.py:2817}}
Feb 03 16:57:18 jammy-provider-cloud-0000007964 cinder-volume[112358]: DEBUG oslo_service.service [None req-03096a44-4f7a-4942-9b61-30aa1e77c9d3 None None] cluster                        = None {{(pid=112358) log_opt_values /opt/stack/data/venv/lib/python3.10/site-packages/oslo_config/cfg.py:2817}}
Feb 03 16:57:18 jammy-provider-cloud-0000007964 cinder-volume[112358]: DEBUG oslo_service.service [None req-03096a44-4f7a-4942-9b61-30aa1e77c9d3 None None] compression_format             = gzip {{(pid=112358) log_opt_values /opt/stack/data/venv/lib/python3.10/site-packages/oslo_config/cfg.py:2817}}
Feb 03 16:57:18 jammy-provider-cloud-0000007964 cinder-volume[112364]: WARNING py.warnings [None req-ce29c080-b01e-4e8e-8bbd-b50ef3dd3cd5 None None] /opt/stack/data/venv/lib/python3.10/site-packages/urllib3/connectionpool.py:1064: InsecureRequestWarning: Unverified HTTPS request is being made to host '10.201.5.12'. Adding certificate verification is strongly advised. See: https://urllib3.readthedocs.io/en/1.26.x/advanced-usage.html#ssl-warnings
Feb 03 16:57:18 jammy-provider-cloud-0000007964 cinder-volume[112364]:   warnings.warn(
Feb 03 16:57:18 jammy-provider-cloud-0000007964 cinder-volume[112358]: DEBUG oslo_service.service [None req-03096a44-4f7a-4942-9b61-30aa1e77c9d3 None None] compute_api_class              = cinder.compute.nova.API {{(pid=112358) log_opt_values /opt/stack/data/venv/lib/python3.10/site-packages/oslo_config/cfg.py:2817}}
Feb 03 16:57:18 jammy-provider-cloud-0000007964 cinder-volume[112358]: DEBUG oslo_service.service [None req-03096a44-4f7a-4942-9b61-30aa1e77c9d3 None None] config_dir                     = [] {{(pid=112358) log_opt_values /opt/stack/data/venv/lib/python3.10/site-packages/oslo_config/cfg.py:2817}}
Feb 03 16:57:18 jammy-provider-cloud-0000007964 cinder-volume[112358]: DEBUG oslo_service.service [None req-03096a44-4f7a-4942-9b61-30aa1e77c9d3 None None] config_file                    = ['/etc/cinder/cinder.conf'] {{(pid=112358) log_opt_values /opt/stack/data/venv/lib/python3.10/site-packages/oslo_config/cfg.py:2817}}
Feb 03 16:57:18 jammy-provider-cloud-0000007964 cinder-volume[112365]: INFO cinder.service [-] Starting cinder-volume node (version 25.1.0)
Feb 03 16:57:18 jammy-provider-cloud-0000007964 cinder-volume[112358]: DEBUG oslo_service.service [None req-03096a44-4f7a-4942-9b61-30aa1e77c9d3 None None] config_source                  = [] {{(pid=112358) log_opt_values /opt/stack/data/venv/lib/python3.10/site-packages/oslo_config/cfg.py:2817}}
Feb 03 16:57:18 jammy-provider-cloud-0000007964 cinder-volume[112358]: DEBUG oslo_service.service [None req-03096a44-4f7a-4942-9b61-30aa1e77c9d3 None None] consistencygroup_api_class     = cinder.consistencygroup.api.API {{(pid=112358) log_opt_values /opt/stack/data/venv/lib/python3.10/site-packages/oslo_config/cfg.py:2817}}
Feb 03 16:57:18 jammy-provider-cloud-0000007964 cinder-volume[112358]: DEBUG oslo_service.service [None req-03096a44-4f7a-4942-9b61-30aa1e77c9d3 None None] control_exchange               = openstack {{(pid=112358) log_opt_values /opt/stack/data/venv/lib/python3.10/site-packages/oslo_config/cfg.py:2817}}
Feb 03 16:57:18 jammy-provider-cloud-0000007964 cinder-volume[112358]: DEBUG oslo_service.service [None req-03096a44-4f7a-4942-9b61-30aa1e77c9d3 None None] debug                          = True {{(pid=112358) log_opt_values /opt/stack/data/venv/lib/python3.10/site-packages/oslo_config/cfg.py:2817}}
Feb 03 16:57:18 jammy-provider-cloud-0000007964 cinder-volume[112358]: DEBUG oslo_service.service [None req-03096a44-4f7a-4942-9b61-30aa1e77c9d3 None None] default_availability_zone      = None {{(pid=112358) log_opt_values /opt/stack/data/venv/lib/python3.10/site-packages/oslo_config/cfg.py:2817}}
Feb 03 16:57:18 jammy-provider-cloud-0000007964 cinder-volume[112358]: DEBUG oslo_service.service [None req-03096a44-4f7a-4942-9b61-30aa1e77c9d3 None None] default_group_type             = None {{(pid=112358) log_opt_values /opt/stack/data/venv/lib/python3.10/site-packages/oslo_config/cfg.py:2817}}
Feb 03 16:57:18 jammy-provider-cloud-0000007964 cinder-volume[112358]: DEBUG oslo_service.service [None req-03096a44-4f7a-4942-9b61-30aa1e77c9d3 None None] default_log_levels             = ['amqp=WARN', 'amqplib=WARN', 'boto=WARN', 'qpid=WARN', 'sqlalchemy=WARN', 'suds=INFO', 'oslo.messaging=INFO', 'oslo_messaging=INFO', 'iso8601=WARN', 'requests.packages.urllib3.connectionpool=WARN', 'urllib3.connectionpool=WARN', 'websocket=WARN', 'requests.packages.urllib3.util.retry=WARN', 'urllib3.util.retry=WARN', 'keystonemiddleware=WARN', 'routes.middleware=WARN', 'stevedore=WARN', 'taskflow=WARN', 'keystoneauth=WARN', 'oslo.cache=INFO', 'oslo_policy=INFO', 'dogpile.core.dogpile=INFO'] {{(pid=112358) log_opt_values /opt/stack/data/venv/lib/python3.10/site-packages/oslo_config/cfg.py:2817}}
Feb 03 16:57:18 jammy-provider-cloud-0000007964 cinder-volume[112358]: DEBUG oslo_service.service [None req-03096a44-4f7a-4942-9b61-30aa1e77c9d3 None None] default_volume_type            = arcusfc1 {{(pid=112358) log_opt_values /opt/stack/data/venv/lib/python3.10/site-packages/oslo_config/cfg.py:2817}}
Feb 03 16:57:18 jammy-provider-cloud-0000007964 cinder-volume[112358]: DEBUG oslo_service.service [None req-03096a44-4f7a-4942-9b61-30aa1e77c9d3 None None] driver_client_cert             = None {{(pid=112358) log_opt_values /opt/stack/data/venv/lib/python3.10/site-packages/oslo_config/cfg.py:2817}}
Feb 03 16:57:18 jammy-provider-cloud-0000007964 cinder-volume[112358]: DEBUG oslo_service.service [None req-03096a44-4f7a-4942-9b61-30aa1e77c9d3 None None] driver_client_cert_key         = None {{(pid=112358) log_opt_values /opt/stack/data/venv/lib/python3.10/site-packages/oslo_config/cfg.py:2817}}
Feb 03 16:57:18 jammy-provider-cloud-0000007964 cinder-volume[112358]: DEBUG oslo_service.service [None req-03096a44-4f7a-4942-9b61-30aa1e77c9d3 None None] driver_data_namespace          = None {{(pid=112358) log_opt_values /opt/stack/data/venv/lib/python3.10/site-packages/oslo_config/cfg.py:2817}}
Feb 03 16:57:18 jammy-provider-cloud-0000007964 cinder-volume[112358]: DEBUG oslo_service.service [None req-03096a44-4f7a-4942-9b61-30aa1e77c9d3 None None] driver_ssl_cert_path           = None {{(pid=112358) log_opt_values /opt/stack/data/venv/lib/python3.10/site-packages/oslo_config/cfg.py:2817}}
Feb 03 16:57:18 jammy-provider-cloud-0000007964 cinder-volume[112358]: DEBUG oslo_service.service [None req-03096a44-4f7a-4942-9b61-30aa1e77c9d3 None None] driver_ssl_cert_verify         = False {{(pid=112358) log_opt_values /opt/stack/data/venv/lib/python3.10/site-packages/oslo_config/cfg.py:2817}}
Feb 03 16:57:18 jammy-provider-cloud-0000007964 cinder-volume[112358]: DEBUG oslo_service.service [None req-03096a44-4f7a-4942-9b61-30aa1e77c9d3 None None] driver_use_ssl                 = False {{(pid=112358) log_opt_values /opt/stack/data/venv/lib/python3.10/site-packages/oslo_config/cfg.py:2817}}
Feb 03 16:57:18 jammy-provider-cloud-0000007964 cinder-volume[112358]: DEBUG oslo_service.service [None req-03096a44-4f7a-4942-9b61-30aa1e77c9d3 None None] enable_new_services            = True {{(pid=112358) log_opt_values /opt/stack/data/venv/lib/python3.10/site-packages/oslo_config/cfg.py:2817}}
Feb 03 16:57:18 jammy-provider-cloud-0000007964 cinder-volume[112358]: DEBUG oslo_service.service [None req-03096a44-4f7a-4942-9b61-30aa1e77c9d3 None None] enable_unsupported_driver      = False {{(pid=112358) log_opt_values /opt/stack/data/venv/lib/python3.10/site-packages/oslo_config/cfg.py:2817}}
Feb 03 16:57:18 jammy-provider-cloud-0000007964 cinder-volume[112358]: DEBUG oslo_service.service [None req-03096a44-4f7a-4942-9b61-30aa1e77c9d3 None None] enabled_backends               = ['arcusfc1', 'arcusfc2'] {{(pid=112358) log_opt_values /opt/stack/data/venv/lib/python3.10/site-packages/oslo_config/cfg.py:2817}}
Feb 03 16:57:18 jammy-provider-cloud-0000007964 cinder-volume[112358]: DEBUG oslo_service.service [None req-03096a44-4f7a-4942-9b61-30aa1e77c9d3 None None] enforce_multipath_for_image_xfer = False {{(pid=112358) log_opt_values /opt/stack/data/venv/lib/python3.10/site-packages/oslo_config/cfg.py:2817}}
Feb 03 16:57:18 jammy-provider-cloud-0000007964 cinder-volume[112358]: DEBUG oslo_service.service [None req-03096a44-4f7a-4942-9b61-30aa1e77c9d3 None None] filter_function                = None {{(pid=112358) log_opt_values /opt/stack/data/venv/lib/python3.10/site-packages/oslo_config/cfg.py:2817}}
Feb 03 16:57:18 jammy-provider-cloud-0000007964 cinder-volume[112358]: DEBUG oslo_service.service [None req-03096a44-4f7a-4942-9b61-30aa1e77c9d3 None None] glance_api_insecure            = False {{(pid=112358) log_opt_values /opt/stack/data/venv/lib/python3.10/site-packages/oslo_config/cfg.py:2817}}
Feb 03 16:57:18 jammy-provider-cloud-0000007964 cinder-volume[112358]: DEBUG oslo_service.service [None req-03096a44-4f7a-4942-9b61-30aa1e77c9d3 None None] glance_api_servers             = ['http://10.201.5.87/image'] {{(pid=112358) log_opt_values /opt/stack/data/venv/lib/python3.10/site-packages/oslo_config/cfg.py:2817}}
Feb 03 16:57:18 jammy-provider-cloud-0000007964 cinder-volume[112358]: DEBUG oslo_service.service [None req-03096a44-4f7a-4942-9b61-30aa1e77c9d3 None None] glance_api_ssl_compression     = False {{(pid=112358) log_opt_values /opt/stack/data/venv/lib/python3.10/site-packages/oslo_config/cfg.py:2817}}
Feb 03 16:57:18 jammy-provider-cloud-0000007964 cinder-volume[112358]: DEBUG oslo_service.service [None req-03096a44-4f7a-4942-9b61-30aa1e77c9d3 None None] glance_ca_certificates_file    = None {{(pid=112358) log_opt_values /opt/stack/data/venv/lib/python3.10/site-packages/oslo_config/cfg.py:2817}}
Feb 03 16:57:18 jammy-provider-cloud-0000007964 cinder-volume[112358]: DEBUG oslo_service.service [None req-03096a44-4f7a-4942-9b61-30aa1e77c9d3 None None] glance_catalog_info            = image:glance:publicURL {{(pid=112358) log_opt_values /opt/stack/data/venv/lib/python3.10/site-packages/oslo_config/cfg.py:2817}}
Feb 03 16:57:18 jammy-provider-cloud-0000007964 cinder-volume[112358]: DEBUG oslo_service.service [None req-03096a44-4f7a-4942-9b61-30aa1e77c9d3 None None] glance_certfile                = None {{(pid=112358) log_opt_values /opt/stack/data/venv/lib/python3.10/site-packages/oslo_config/cfg.py:2817}}
Feb 03 16:57:18 jammy-provider-cloud-0000007964 cinder-volume[112358]: DEBUG oslo_service.service [None req-03096a44-4f7a-4942-9b61-30aa1e77c9d3 None None] glance_core_properties         = ['checksum', 'container_format', 'disk_format', 'image_name', 'image_id', 'min_disk', 'min_ram', 'name', 'size'] {{(pid=112358) log_opt_values /opt/stack/data/venv/lib/python3.10/site-packages/oslo_config/cfg.py:2817}}
Feb 03 16:57:18 jammy-provider-cloud-0000007964 cinder-volume[112358]: DEBUG oslo_service.service [None req-03096a44-4f7a-4942-9b61-30aa1e77c9d3 None None] glance_keyfile                 = None {{(pid=112358) log_opt_values /opt/stack/data/venv/lib/python3.10/site-packages/oslo_config/cfg.py:2817}}
Feb 03 16:57:18 jammy-provider-cloud-0000007964 cinder-volume[112358]: DEBUG oslo_service.service [None req-03096a44-4f7a-4942-9b61-30aa1e77c9d3 None None] glance_num_retries             = 3 {{(pid=112358) log_opt_values /opt/stack/data/venv/lib/python3.10/site-packages/oslo_config/cfg.py:2817}}
Feb 03 16:57:18 jammy-provider-cloud-0000007964 cinder-volume[112358]: DEBUG oslo_service.service [None req-03096a44-4f7a-4942-9b61-30aa1e77c9d3 None None] glance_request_timeout         = None {{(pid=112358) log_opt_values /opt/stack/data/venv/lib/python3.10/site-packages/oslo_config/cfg.py:2817}}
Feb 03 16:57:18 jammy-provider-cloud-0000007964 cinder-volume[112358]: DEBUG oslo_service.service [None req-03096a44-4f7a-4942-9b61-30aa1e77c9d3 None None] goodness_function              = None {{(pid=112358) log_opt_values /opt/stack/data/venv/lib/python3.10/site-packages/oslo_config/cfg.py:2817}}
Feb 03 16:57:18 jammy-provider-cloud-0000007964 cinder-volume[112358]: DEBUG oslo_service.service [None req-03096a44-4f7a-4942-9b61-30aa1e77c9d3 None None] graceful_shutdown_timeout      = 5 {{(pid=112358) log_opt_values /opt/stack/data/venv/lib/python3.10/site-packages/oslo_config/cfg.py:2817}}
Feb 03 16:57:18 jammy-provider-cloud-0000007964 cinder-volume[112358]: DEBUG oslo_service.service [None req-03096a44-4f7a-4942-9b61-30aa1e77c9d3 None None] group_api_class                = cinder.group.api.API {{(pid=112358) log_opt_values /opt/stack/data/venv/lib/python3.10/site-packages/oslo_config/cfg.py:2817}}
Feb 03 16:57:18 jammy-provider-cloud-0000007964 cinder-volume[112358]: DEBUG oslo_service.service [None req-03096a44-4f7a-4942-9b61-30aa1e77c9d3 None None] host                           = jammy-provider-cloud-0000007964 {{(pid=112358) log_opt_values /opt/stack/data/venv/lib/python3.10/site-packages/oslo_config/cfg.py:2817}}
Feb 03 16:57:18 jammy-provider-cloud-0000007964 cinder-volume[112358]: DEBUG oslo_service.service [None req-03096a44-4f7a-4942-9b61-30aa1e77c9d3 None None] image_compress_on_upload       = True {{(pid=112358) log_opt_values /opt/stack/data/venv/lib/python3.10/site-packages/oslo_config/cfg.py:2817}}
Feb 03 16:57:18 jammy-provider-cloud-0000007964 cinder-volume[112358]: DEBUG oslo_service.service [None req-03096a44-4f7a-4942-9b61-30aa1e77c9d3 None None] image_conversion_address_space_limit = 1 {{(pid=112358) log_opt_values /opt/stack/data/venv/lib/python3.10/site-packages/oslo_config/cfg.py:2817}}
Feb 03 16:57:18 jammy-provider-cloud-0000007964 cinder-volume[112358]: DEBUG oslo_service.service [None req-03096a44-4f7a-4942-9b61-30aa1e77c9d3 None None] image_conversion_cpu_limit     = 60 {{(pid=112358) log_opt_values /opt/stack/data/venv/lib/python3.10/site-packages/oslo_config/cfg.py:2817}}
Feb 03 16:57:18 jammy-provider-cloud-0000007964 cinder-volume[112358]: DEBUG oslo_service.service [None req-03096a44-4f7a-4942-9b61-30aa1e77c9d3 None None] image_conversion_dir           = /opt/stack/data/cinder/conversion {{(pid=112358) log_opt_values /opt/stack/data/venv/lib/python3.10/site-packages/oslo_config/cfg.py:2817}}
Feb 03 16:57:18 jammy-provider-cloud-0000007964 cinder-volume[112358]: DEBUG oslo_service.service [None req-03096a44-4f7a-4942-9b61-30aa1e77c9d3 None None] image_conversion_disable       = False {{(pid=112358) log_opt_values /opt/stack/data/venv/lib/python3.10/site-packages/oslo_config/cfg.py:2817}}
Feb 03 16:57:18 jammy-provider-cloud-0000007964 cinder-volume[112358]: DEBUG oslo_service.service [None req-03096a44-4f7a-4942-9b61-30aa1e77c9d3 None None] image_upload_use_cinder_backend = False {{(pid=112358) log_opt_values /opt/stack/data/venv/lib/python3.10/site-packages/oslo_config/cfg.py:2817}}
Feb 03 16:57:18 jammy-provider-cloud-0000007964 cinder-volume[112358]: DEBUG oslo_service.service [None req-03096a44-4f7a-4942-9b61-30aa1e77c9d3 None None] image_upload_use_internal_tenant = False {{(pid=112358) log_opt_values /opt/stack/data/venv/lib/python3.10/site-packages/oslo_config/cfg.py:2817}}
Feb 03 16:57:18 jammy-provider-cloud-0000007964 cinder-volume[112358]: DEBUG oslo_service.service [None req-03096a44-4f7a-4942-9b61-30aa1e77c9d3 None None] image_volume_cache_enabled     = False {{(pid=112358) log_opt_values /opt/stack/data/venv/lib/python3.10/site-packages/oslo_config/cfg.py:2817}}
Feb 03 16:57:18 jammy-provider-cloud-0000007964 cinder-volume[112358]: DEBUG oslo_service.service [None req-03096a44-4f7a-4942-9b61-30aa1e77c9d3 None None] image_volume_cache_max_count   = 0 {{(pid=112358) log_opt_values /opt/stack/data/venv/lib/python3.10/site-packages/oslo_config/cfg.py:2817}}
Feb 03 16:57:18 jammy-provider-cloud-0000007964 cinder-volume[112358]: DEBUG oslo_service.service [None req-03096a44-4f7a-4942-9b61-30aa1e77c9d3 None None] image_volume_cache_max_size_gb = 0 {{(pid=112358) log_opt_values /opt/stack/data/venv/lib/python3.10/site-packages/oslo_config/cfg.py:2817}}
Feb 03 16:57:18 jammy-provider-cloud-0000007964 cinder-volume[112358]: DEBUG oslo_service.service [None req-03096a44-4f7a-4942-9b61-30aa1e77c9d3 None None] init_host_max_objects_retrieval = 0 {{(pid=112358) log_opt_values /opt/stack/data/venv/lib/python3.10/site-packages/oslo_config/cfg.py:2817}}
Feb 03 16:57:18 jammy-provider-cloud-0000007964 cinder-volume[112358]: DEBUG oslo_service.service [None req-03096a44-4f7a-4942-9b61-30aa1e77c9d3 None None] instance_format                = [instance: %(uuid)s]  {{(pid=112358) log_opt_values /opt/stack/data/venv/lib/python3.10/site-packages/oslo_config/cfg.py:2817}}
Feb 03 16:57:18 jammy-provider-cloud-0000007964 cinder-volume[112364]: WARNING py.warnings [None req-ce29c080-b01e-4e8e-8bbd-b50ef3dd3cd5 None None] /opt/stack/data/venv/lib/python3.10/site-packages/urllib3/connectionpool.py:1064: InsecureRequestWarning: Unverified HTTPS request is being made to host '10.201.5.12'. Adding certificate verification is strongly advised. See: https://urllib3.readthedocs.io/en/1.26.x/advanced-usage.html#ssl-warnings
Feb 03 16:57:18 jammy-provider-cloud-0000007964 cinder-volume[112364]:   warnings.warn(
Feb 03 16:57:18 jammy-provider-cloud-0000007964 cinder-volume[112358]: DEBUG oslo_service.service [None req-03096a44-4f7a-4942-9b61-30aa1e77c9d3 None None] instance_uuid_format           = [instance: %(uuid)s]  {{(pid=112358) log_opt_values /opt/stack/data/venv/lib/python3.10/site-packages/oslo_config/cfg.py:2817}}
Feb 03 16:57:18 jammy-provider-cloud-0000007964 cinder-volume[112358]: DEBUG oslo_service.service [None req-03096a44-4f7a-4942-9b61-30aa1e77c9d3 None None] iscsi_iotype                   = fileio {{(pid=112358) log_opt_values /opt/stack/data/venv/lib/python3.10/site-packages/oslo_config/cfg.py:2817}}
Feb 03 16:57:18 jammy-provider-cloud-0000007964 cinder-volume[112358]: DEBUG oslo_service.service [None req-03096a44-4f7a-4942-9b61-30aa1e77c9d3 None None] iscsi_target_flags             =  {{(pid=112358) log_opt_values /opt/stack/data/venv/lib/python3.10/site-packages/oslo_config/cfg.py:2817}}
Feb 03 16:57:18 jammy-provider-cloud-0000007964 cinder-volume[112358]: DEBUG oslo_service.service [None req-03096a44-4f7a-4942-9b61-30aa1e77c9d3 None None] iscsi_write_cache              = on {{(pid=112358) log_opt_values /opt/stack/data/venv/lib/python3.10/site-packages/oslo_config/cfg.py:2817}}
Feb 03 16:57:18 jammy-provider-cloud-0000007964 cinder-volume[112358]: DEBUG oslo_service.service [None req-03096a44-4f7a-4942-9b61-30aa1e77c9d3 None None] iser_helper                    = tgtadm {{(pid=112358) log_opt_values /opt/stack/data/venv/lib/python3.10/site-packages/oslo_config/cfg.py:2817}}
Feb 03 16:57:18 jammy-provider-cloud-0000007964 cinder-volume[112358]: DEBUG oslo_service.service [None req-03096a44-4f7a-4942-9b61-30aa1e77c9d3 None None] iser_ip_address                = 10.201.5.87 {{(pid=112358) log_opt_values /opt/stack/data/venv/lib/python3.10/site-packages/oslo_config/cfg.py:2817}}
