Mar 20 05:40:22 ubuntu systemd[1]: Starting devstack@g-api.service - Devstack devstack@g-api.service...
Mar 20 05:40:22 ubuntu devstack@g-api.service[110623]: [uWSGI] getting INI configuration from /etc/glance/glance-uwsgi.ini
Mar 20 05:40:22 ubuntu devstack@g-api.service[110623]: *** Starting uWSGI 2.0.24-debian (64bit) on [Fri Mar 20 05:40:22 2026] ***
Mar 20 05:40:22 ubuntu devstack@g-api.service[110623]: compiled with version: 13.2.0 on 17 April 2024 16:23:48
Mar 20 05:40:22 ubuntu devstack@g-api.service[110623]: os: Linux-6.8.0-100-generic #100-Ubuntu SMP PREEMPT_DYNAMIC Tue Jan 13 16:40:06 UTC 2026
Mar 20 05:40:22 ubuntu devstack@g-api.service[110623]: nodename: ubuntu
Mar 20 05:40:22 ubuntu devstack@g-api.service[110623]: machine: x86_64
Mar 20 05:40:22 ubuntu devstack@g-api.service[110623]: clock source: unix
Mar 20 05:40:22 ubuntu devstack@g-api.service[110623]: pcre jit disabled
Mar 20 05:40:22 ubuntu devstack@g-api.service[110623]: detected number of CPU cores: 4
Mar 20 05:40:22 ubuntu devstack@g-api.service[110623]: current working directory: /
Mar 20 05:40:22 ubuntu devstack@g-api.service[110623]: detected binary path: /usr/bin/uwsgi-core
Mar 20 05:40:22 ubuntu devstack@g-api.service[110623]: your processes number limit is 31446
Mar 20 05:40:22 ubuntu devstack@g-api.service[110623]: your memory page size is 4096 bytes
Mar 20 05:40:22 ubuntu devstack@g-api.service[110623]: detected max file descriptor number: 2048
Mar 20 05:40:22 ubuntu devstack@g-api.service[110623]: lock engine: pthread robust mutexes
Mar 20 05:40:22 ubuntu devstack@g-api.service[110623]: thunder lock: enabled
Mar 20 05:40:22 ubuntu devstack@g-api.service[110623]: uwsgi socket 0 bound to TCP address 127.0.0.1:60999 fd 4
Mar 20 05:40:22 ubuntu devstack@g-api.service[110623]: Python version: 3.12.3 (main, Mar  3 2026, 12:15:18) [GCC 13.3.0]
Mar 20 05:40:22 ubuntu devstack@g-api.service[110623]: PEP 405 virtualenv detected: /opt/stack/data/venv
Mar 20 05:40:22 ubuntu devstack@g-api.service[110623]: Set PythonHome to /opt/stack/data/venv
Mar 20 05:40:22 ubuntu devstack@g-api.service[110623]: Python main interpreter initialized at 0x79e9bcca3668
Mar 20 05:40:22 ubuntu devstack@g-api.service[110623]: python threads support enabled
Mar 20 05:40:22 ubuntu devstack@g-api.service[110623]: your server socket listen backlog is limited to 100 connections
Mar 20 05:40:22 ubuntu devstack@g-api.service[110623]: your mercy for graceful operations on workers is 80 seconds
Mar 20 05:40:22 ubuntu devstack@g-api.service[110623]: mapped 403077 bytes (393 KB) for 2 cores
Mar 20 05:40:22 ubuntu devstack@g-api.service[110623]: *** Operational MODE: preforking ***
Mar 20 05:40:22 ubuntu devstack@g-api.service[110623]: *** uWSGI is running in multiple interpreter mode ***
Mar 20 05:40:22 ubuntu devstack@g-api.service[110623]: spawned uWSGI master process (pid: 110623)
Mar 20 05:40:22 ubuntu devstack@g-api.service[110623]: spawned uWSGI worker 1 (pid: 110624, cores: 1)
Mar 20 05:40:22 ubuntu devstack@g-api.service[110623]: spawned uWSGI worker 2 (pid: 110625, cores: 1)
Mar 20 05:40:22 ubuntu devstack@g-api.service[110623]: running "unix_signal:15 gracefully_kill_them_all" (master-start)...
Mar 20 05:40:22 ubuntu systemd[1]: Started devstack@g-api.service - Devstack devstack@g-api.service.
Mar 20 05:40:23 ubuntu devstack@g-api.service[110625]: INFO glance.async_ [-] Threadpool model set to 'NativeThreadPoolModel'
Mar 20 05:40:23 ubuntu devstack@g-api.service[110624]: INFO glance.async_ [-] Threadpool model set to 'NativeThreadPoolModel'
Mar 20 05:40:23 ubuntu devstack@g-api.service[110625]: DEBUG oslo_concurrency.processutils [-] Running cmd (subprocess): grep -F node.session.scan /sbin/iscsiadm {{(pid=110625) execute /opt/stack/data/venv/lib/python3.12/site-packages/oslo_concurrency/processutils.py:440}}
Mar 20 05:40:23 ubuntu devstack@g-api.service[110625]: DEBUG oslo_concurrency.processutils [-] CMD "grep -F node.session.scan /sbin/iscsiadm" returned: 0 in 0.016s {{(pid=110625) execute /opt/stack/data/venv/lib/python3.12/site-packages/oslo_concurrency/processutils.py:468}}
Mar 20 05:40:23 ubuntu devstack@g-api.service[110624]: DEBUG oslo_concurrency.processutils [-] Running cmd (subprocess): grep -F node.session.scan /sbin/iscsiadm {{(pid=110624) execute /opt/stack/data/venv/lib/python3.12/site-packages/oslo_concurrency/processutils.py:440}}
Mar 20 05:40:23 ubuntu devstack@g-api.service[110624]: DEBUG oslo_concurrency.processutils [-] CMD "grep -F node.session.scan /sbin/iscsiadm" returned: 0 in 0.013s {{(pid=110624) execute /opt/stack/data/venv/lib/python3.12/site-packages/oslo_concurrency/processutils.py:468}}
Mar 20 05:40:23 ubuntu devstack@g-api.service[110625]: DEBUG glance_store.backend [-] Attempting to import store cinder {{(pid=110625) _load_store /opt/stack/data/venv/lib/python3.12/site-packages/glance_store/backend.py:215}}
Mar 20 05:40:23 ubuntu devstack@g-api.service[110625]: DEBUG glance_store.backend [-] Attempting to import store file {{(pid=110625) _load_store /opt/stack/data/venv/lib/python3.12/site-packages/glance_store/backend.py:215}}
Mar 20 05:40:23 ubuntu devstack@g-api.service[110625]: DEBUG glance_store.backend [-] Attempting to import store glance.store.cinder.Store {{(pid=110625) _load_store /opt/stack/data/venv/lib/python3.12/site-packages/glance_store/backend.py:215}}
Mar 20 05:40:23 ubuntu devstack@g-api.service[110625]: DEBUG glance_store.backend [-] Attempting to import store glance.store.filesystem.Store {{(pid=110625) _load_store /opt/stack/data/venv/lib/python3.12/site-packages/glance_store/backend.py:215}}
Mar 20 05:40:23 ubuntu devstack@g-api.service[110625]: DEBUG glance_store.backend [-] Attempting to import store glance.store.http.Store {{(pid=110625) _load_store /opt/stack/data/venv/lib/python3.12/site-packages/glance_store/backend.py:215}}
Mar 20 05:40:23 ubuntu devstack@g-api.service[110625]: DEBUG glance_store.backend [-] Attempting to import store glance.store.rbd.Store {{(pid=110625) _load_store /opt/stack/data/venv/lib/python3.12/site-packages/glance_store/backend.py:215}}
Mar 20 05:40:23 ubuntu devstack@g-api.service[110625]: DEBUG glance_store.backend [-] Attempting to import store glance.store.s3.Store {{(pid=110625) _load_store /opt/stack/data/venv/lib/python3.12/site-packages/glance_store/backend.py:215}}
Mar 20 05:40:23 ubuntu devstack@g-api.service[110625]: DEBUG glance_store.backend [-] Attempting to import store glance.store.swift.Store {{(pid=110625) _load_store /opt/stack/data/venv/lib/python3.12/site-packages/glance_store/backend.py:215}}
Mar 20 05:40:23 ubuntu devstack@g-api.service[110625]: DEBUG glance_store.backend [-] Attempting to import store glance.store.vmware_datastore.Store {{(pid=110625) _load_store /opt/stack/data/venv/lib/python3.12/site-packages/glance_store/backend.py:215}}
Mar 20 05:40:23 ubuntu devstack@g-api.service[110625]: DEBUG glance_store.backend [-] Attempting to import store http {{(pid=110625) _load_store /opt/stack/data/venv/lib/python3.12/site-packages/glance_store/backend.py:215}}
Mar 20 05:40:23 ubuntu devstack@g-api.service[110625]: DEBUG glance_store.backend [-] Attempting to import store no_conf {{(pid=110625) _load_store /opt/stack/data/venv/lib/python3.12/site-packages/glance_store/backend.py:215}}
Mar 20 05:40:23 ubuntu devstack@g-api.service[110625]: DEBUG glance_store.backend [-] Attempting to import store rbd {{(pid=110625) _load_store /opt/stack/data/venv/lib/python3.12/site-packages/glance_store/backend.py:215}}
Mar 20 05:40:23 ubuntu devstack@g-api.service[110625]: DEBUG glance_store.backend [-] Attempting to import store s3 {{(pid=110625) _load_store /opt/stack/data/venv/lib/python3.12/site-packages/glance_store/backend.py:215}}
Mar 20 05:40:23 ubuntu devstack@g-api.service[110625]: DEBUG glance_store.backend [-] Attempting to import store swift {{(pid=110625) _load_store /opt/stack/data/venv/lib/python3.12/site-packages/glance_store/backend.py:215}}
Mar 20 05:40:23 ubuntu devstack@g-api.service[110625]: DEBUG glance_store.backend [-] Attempting to import store vmware {{(pid=110625) _load_store /opt/stack/data/venv/lib/python3.12/site-packages/glance_store/backend.py:215}}
Mar 20 05:40:23 ubuntu devstack@g-api.service[110625]: DEBUG glance_store.backend [-] Registering options for group glance_store {{(pid=110625) register_opts /opt/stack/data/venv/lib/python3.12/site-packages/glance_store/backend.py:144}}
Mar 20 05:40:23 ubuntu devstack@g-api.service[110625]: DEBUG glance_store.backend [-] Registering options for group glance_store {{(pid=110625) register_opts /opt/stack/data/venv/lib/python3.12/site-packages/glance_store/backend.py:144}}
Mar 20 05:40:23 ubuntu devstack@g-api.service[110625]: DEBUG glance_store.backend [-] Attempting to import store http {{(pid=110625) _load_store /opt/stack/data/venv/lib/python3.12/site-packages/glance_store/backend.py:215}}
Mar 20 05:40:23 ubuntu devstack@g-api.service[110625]: DEBUG glance_store.capabilities [-] Store glance_store._drivers.http.Store doesn't support updating dynamic storage capabilities. Please overwrite 'update_capabilities' method of the store to implement updating logics if needed. {{(pid=110625) update_capabilities /opt/stack/data/venv/lib/python3.12/site-packages/glance_store/capabilities.py:91}}
Mar 20 05:40:23 ubuntu devstack@g-api.service[110625]: DEBUG glance_store.backend [-] Registering store http with schemes ('http', 'https') {{(pid=110625) create_stores /opt/stack/data/venv/lib/python3.12/site-packages/glance_store/backend.py:261}}
Mar 20 05:40:23 ubuntu devstack@g-api.service[110625]: DEBUG glance_store.driver [-] Late loading location class glance_store._drivers.http.StoreLocation {{(pid=110625) get_store_location_class /opt/stack/data/venv/lib/python3.12/site-packages/glance_store/driver.py:134}}
Mar 20 05:40:23 ubuntu devstack@g-api.service[110625]: DEBUG glance_store.location [-] Registering scheme http with {'store': <glance_store._drivers.http.Store object at 0x79e9b7f714f0>, 'location_class': <class 'glance_store._drivers.http.StoreLocation'>, 'store_entry': 'http'} {{(pid=110625) register_scheme_map /opt/stack/data/venv/lib/python3.12/site-packages/glance_store/location.py:146}}
Mar 20 05:40:23 ubuntu devstack@g-api.service[110625]: DEBUG glance_store.location [-] Registering scheme https with {'store': <glance_store._drivers.http.Store object at 0x79e9b7f714f0>, 'location_class': <class 'glance_store._drivers.http.StoreLocation'>, 'store_entry': 'http'} {{(pid=110625) register_scheme_map /opt/stack/data/venv/lib/python3.12/site-packages/glance_store/location.py:146}}
Mar 20 05:40:23 ubuntu devstack@g-api.service[110625]: DEBUG glance_store.backend [-] Attempting to import store file {{(pid=110625) _load_store /opt/stack/data/venv/lib/python3.12/site-packages/glance_store/backend.py:215}}
Mar 20 05:40:23 ubuntu devstack@g-api.service[110625]: DEBUG glance_store.capabilities [-] Store glance_store._drivers.filesystem.Store doesn't support updating dynamic storage capabilities. Please overwrite 'update_capabilities' method of the store to implement updating logics if needed. {{(pid=110625) update_capabilities /opt/stack/data/venv/lib/python3.12/site-packages/glance_store/capabilities.py:91}}
Mar 20 05:40:23 ubuntu devstack@g-api.service[110625]: DEBUG glance_store.backend [-] Registering store file with schemes ('file', 'filesystem') {{(pid=110625) create_stores /opt/stack/data/venv/lib/python3.12/site-packages/glance_store/backend.py:261}}
Mar 20 05:40:23 ubuntu devstack@g-api.service[110625]: DEBUG glance_store.driver [-] Late loading location class glance_store._drivers.filesystem.StoreLocation {{(pid=110625) get_store_location_class /opt/stack/data/venv/lib/python3.12/site-packages/glance_store/driver.py:134}}
Mar 20 05:40:23 ubuntu devstack@g-api.service[110625]: DEBUG glance_store.location [-] Registering scheme file with {'store': <glance_store._drivers.filesystem.Store object at 0x79e9b897d010>, 'location_class': <class 'glance_store._drivers.filesystem.StoreLocation'>, 'store_entry': 'file'} {{(pid=110625) register_scheme_map /opt/stack/data/venv/lib/python3.12/site-packages/glance_store/location.py:146}}
Mar 20 05:40:23 ubuntu devstack@g-api.service[110625]: DEBUG glance_store.location [-] Registering scheme filesystem with {'store': <glance_store._drivers.filesystem.Store object at 0x79e9b897d010>, 'location_class': <class 'glance_store._drivers.filesystem.StoreLocation'>, 'store_entry': 'file'} {{(pid=110625) register_scheme_map /opt/stack/data/venv/lib/python3.12/site-packages/glance_store/location.py:146}}
Mar 20 05:40:23 ubuntu devstack@g-api.service[110625]: DEBUG glance.sqlite_migration [-] SQLite caching database not located, skipping migration {{(pid=110625) get_db_path /opt/stack/glance/glance/sqlite_migration.py:68}}
Mar 20 05:40:23 ubuntu devstack@g-api.service[110625]: WARNING glance.common.wsgi_app [-] Import methods are enabled but staging directory /tmp/staging/ does not exist; Imports will fail!
Mar 20 05:40:23 ubuntu devstack@g-api.service[110624]: DEBUG glance_store.backend [-] Attempting to import store cinder {{(pid=110624) _load_store /opt/stack/data/venv/lib/python3.12/site-packages/glance_store/backend.py:215}}
Mar 20 05:40:23 ubuntu devstack@g-api.service[110624]: DEBUG glance_store.backend [-] Attempting to import store file {{(pid=110624) _load_store /opt/stack/data/venv/lib/python3.12/site-packages/glance_store/backend.py:215}}
Mar 20 05:40:23 ubuntu devstack@g-api.service[110624]: DEBUG glance_store.backend [-] Attempting to import store glance.store.cinder.Store {{(pid=110624) _load_store /opt/stack/data/venv/lib/python3.12/site-packages/glance_store/backend.py:215}}
Mar 20 05:40:23 ubuntu devstack@g-api.service[110624]: DEBUG glance_store.backend [-] Attempting to import store glance.store.filesystem.Store {{(pid=110624) _load_store /opt/stack/data/venv/lib/python3.12/site-packages/glance_store/backend.py:215}}
Mar 20 05:40:23 ubuntu devstack@g-api.service[110624]: DEBUG glance_store.backend [-] Attempting to import store glance.store.http.Store {{(pid=110624) _load_store /opt/stack/data/venv/lib/python3.12/site-packages/glance_store/backend.py:215}}
Mar 20 05:40:23 ubuntu devstack@g-api.service[110624]: DEBUG glance_store.backend [-] Attempting to import store glance.store.rbd.Store {{(pid=110624) _load_store /opt/stack/data/venv/lib/python3.12/site-packages/glance_store/backend.py:215}}
Mar 20 05:40:23 ubuntu devstack@g-api.service[110624]: DEBUG glance_store.backend [-] Attempting to import store glance.store.s3.Store {{(pid=110624) _load_store /opt/stack/data/venv/lib/python3.12/site-packages/glance_store/backend.py:215}}
Mar 20 05:40:23 ubuntu devstack@g-api.service[110624]: DEBUG glance_store.backend [-] Attempting to import store glance.store.swift.Store {{(pid=110624) _load_store /opt/stack/data/venv/lib/python3.12/site-packages/glance_store/backend.py:215}}
Mar 20 05:40:23 ubuntu devstack@g-api.service[110624]: DEBUG glance_store.backend [-] Attempting to import store glance.store.vmware_datastore.Store {{(pid=110624) _load_store /opt/stack/data/venv/lib/python3.12/site-packages/glance_store/backend.py:215}}
Mar 20 05:40:23 ubuntu devstack@g-api.service[110624]: DEBUG glance_store.backend [-] Attempting to import store http {{(pid=110624) _load_store /opt/stack/data/venv/lib/python3.12/site-packages/glance_store/backend.py:215}}
Mar 20 05:40:23 ubuntu devstack@g-api.service[110624]: DEBUG glance_store.backend [-] Attempting to import store no_conf {{(pid=110624) _load_store /opt/stack/data/venv/lib/python3.12/site-packages/glance_store/backend.py:215}}
Mar 20 05:40:23 ubuntu devstack@g-api.service[110624]: DEBUG glance_store.backend [-] Attempting to import store rbd {{(pid=110624) _load_store /opt/stack/data/venv/lib/python3.12/site-packages/glance_store/backend.py:215}}
Mar 20 05:40:23 ubuntu devstack@g-api.service[110624]: DEBUG glance_store.backend [-] Attempting to import store s3 {{(pid=110624) _load_store /opt/stack/data/venv/lib/python3.12/site-packages/glance_store/backend.py:215}}
Mar 20 05:40:23 ubuntu devstack@g-api.service[110624]: DEBUG glance_store.backend [-] Attempting to import store swift {{(pid=110624) _load_store /opt/stack/data/venv/lib/python3.12/site-packages/glance_store/backend.py:215}}
Mar 20 05:40:23 ubuntu devstack@g-api.service[110624]: DEBUG glance_store.backend [-] Attempting to import store vmware {{(pid=110624) _load_store /opt/stack/data/venv/lib/python3.12/site-packages/glance_store/backend.py:215}}
Mar 20 05:40:23 ubuntu devstack@g-api.service[110624]: DEBUG glance_store.backend [-] Registering options for group glance_store {{(pid=110624) register_opts /opt/stack/data/venv/lib/python3.12/site-packages/glance_store/backend.py:144}}
Mar 20 05:40:23 ubuntu devstack@g-api.service[110624]: DEBUG glance_store.backend [-] Registering options for group glance_store {{(pid=110624) register_opts /opt/stack/data/venv/lib/python3.12/site-packages/glance_store/backend.py:144}}
Mar 20 05:40:23 ubuntu devstack@g-api.service[110624]: DEBUG glance_store.backend [-] Attempting to import store http {{(pid=110624) _load_store /opt/stack/data/venv/lib/python3.12/site-packages/glance_store/backend.py:215}}
Mar 20 05:40:23 ubuntu devstack@g-api.service[110624]: DEBUG glance_store.capabilities [-] Store glance_store._drivers.http.Store doesn't support updating dynamic storage capabilities. Please overwrite 'update_capabilities' method of the store to implement updating logics if needed. {{(pid=110624) update_capabilities /opt/stack/data/venv/lib/python3.12/site-packages/glance_store/capabilities.py:91}}
Mar 20 05:40:23 ubuntu devstack@g-api.service[110624]: DEBUG glance_store.backend [-] Registering store http with schemes ('http', 'https') {{(pid=110624) create_stores /opt/stack/data/venv/lib/python3.12/site-packages/glance_store/backend.py:261}}
Mar 20 05:40:23 ubuntu devstack@g-api.service[110624]: DEBUG glance_store.driver [-] Late loading location class glance_store._drivers.http.StoreLocation {{(pid=110624) get_store_location_class /opt/stack/data/venv/lib/python3.12/site-packages/glance_store/driver.py:134}}
Mar 20 05:40:23 ubuntu devstack@g-api.service[110624]: DEBUG glance_store.location [-] Registering scheme http with {'store': <glance_store._drivers.http.Store object at 0x79e9b87cabd0>, 'location_class': <class 'glance_store._drivers.http.StoreLocation'>, 'store_entry': 'http'} {{(pid=110624) register_scheme_map /opt/stack/data/venv/lib/python3.12/site-packages/glance_store/location.py:146}}
Mar 20 05:40:23 ubuntu devstack@g-api.service[110624]: DEBUG glance_store.location [-] Registering scheme https with {'store': <glance_store._drivers.http.Store object at 0x79e9b87cabd0>, 'location_class': <class 'glance_store._drivers.http.StoreLocation'>, 'store_entry': 'http'} {{(pid=110624) register_scheme_map /opt/stack/data/venv/lib/python3.12/site-packages/glance_store/location.py:146}}
Mar 20 05:40:23 ubuntu devstack@g-api.service[110624]: DEBUG glance_store.backend [-] Attempting to import store file {{(pid=110624) _load_store /opt/stack/data/venv/lib/python3.12/site-packages/glance_store/backend.py:215}}
Mar 20 05:40:23 ubuntu devstack@g-api.service[110624]: DEBUG glance_store.capabilities [-] Store glance_store._drivers.filesystem.Store doesn't support updating dynamic storage capabilities. Please overwrite 'update_capabilities' method of the store to implement updating logics if needed. {{(pid=110624) update_capabilities /opt/stack/data/venv/lib/python3.12/site-packages/glance_store/capabilities.py:91}}
Mar 20 05:40:23 ubuntu devstack@g-api.service[110624]: DEBUG glance_store.backend [-] Registering store file with schemes ('file', 'filesystem') {{(pid=110624) create_stores /opt/stack/data/venv/lib/python3.12/site-packages/glance_store/backend.py:261}}
Mar 20 05:40:23 ubuntu devstack@g-api.service[110624]: DEBUG glance_store.driver [-] Late loading location class glance_store._drivers.filesystem.StoreLocation {{(pid=110624) get_store_location_class /opt/stack/data/venv/lib/python3.12/site-packages/glance_store/driver.py:134}}
Mar 20 05:40:23 ubuntu devstack@g-api.service[110624]: DEBUG glance_store.location [-] Registering scheme file with {'store': <glance_store._drivers.filesystem.Store object at 0x79e9b98c6540>, 'location_class': <class 'glance_store._drivers.filesystem.StoreLocation'>, 'store_entry': 'file'} {{(pid=110624) register_scheme_map /opt/stack/data/venv/lib/python3.12/site-packages/glance_store/location.py:146}}
Mar 20 05:40:23 ubuntu devstack@g-api.service[110624]: DEBUG glance_store.location [-] Registering scheme filesystem with {'store': <glance_store._drivers.filesystem.Store object at 0x79e9b98c6540>, 'location_class': <class 'glance_store._drivers.filesystem.StoreLocation'>, 'store_entry': 'file'} {{(pid=110624) register_scheme_map /opt/stack/data/venv/lib/python3.12/site-packages/glance_store/location.py:146}}
Mar 20 05:40:23 ubuntu devstack@g-api.service[110624]: DEBUG glance.sqlite_migration [-] SQLite caching database not located, skipping migration {{(pid=110624) get_db_path /opt/stack/glance/glance/sqlite_migration.py:68}}
Mar 20 05:40:23 ubuntu devstack@g-api.service[110624]: WARNING glance.common.wsgi_app [-] Import methods are enabled but staging directory /tmp/staging/ does not exist; Imports will fail!
Mar 20 05:40:23 ubuntu devstack@g-api.service[110625]: DEBUG glance.common.config [None req-fbcaf9f4-f92a-4b2e-a38e-e04e4a7708c2 None None] Loading glance-api-keystone+cachemanagement from /etc/glance/glance-api-paste.ini {{(pid=110625) load_paste_app /opt/stack/glance/glance/common/config.py:758}}
Mar 20 05:40:23 ubuntu devstack@g-api.service[110624]: DEBUG glance.common.config [None req-23a787f2-2776-4a83-a4b1-0f006ba9987e None None] Loading glance-api-keystone+cachemanagement from /etc/glance/glance-api-paste.ini {{(pid=110624) load_paste_app /opt/stack/glance/glance/common/config.py:758}}
Mar 20 05:40:24 ubuntu devstack@g-api.service[110625]: INFO glance.image_cache [None req-fbcaf9f4-f92a-4b2e-a38e-e04e4a7708c2 None None] Image cache loaded driver 'centralized_db'.
Mar 20 05:40:24 ubuntu devstack@g-api.service[110624]: INFO glance.image_cache [None req-23a787f2-2776-4a83-a4b1-0f006ba9987e None None] Image cache loaded driver 'centralized_db'.
Mar 20 05:40:24 ubuntu devstack@g-api.service[110624]: INFO dbcounter [None req-23a787f2-2776-4a83-a4b1-0f006ba9987e None None] Registered counter for database glance
Mar 20 05:40:24 ubuntu devstack@g-api.service[110625]: INFO dbcounter [None req-fbcaf9f4-f92a-4b2e-a38e-e04e4a7708c2 None None] Registered counter for database glance
Mar 20 05:40:24 ubuntu devstack@g-api.service[110624]: DEBUG oslo_db.sqlalchemy.engines [None req-23a787f2-2776-4a83-a4b1-0f006ba9987e None None] MySQL server mode set to STRICT_TRANS_TABLES,STRICT_ALL_TABLES,NO_ZERO_IN_DATE,NO_ZERO_DATE,ERROR_FOR_DIVISION_BY_ZERO,TRADITIONAL,NO_ENGINE_SUBSTITUTION {{(pid=110624) _check_effective_sql_mode /opt/stack/data/venv/lib/python3.12/site-packages/oslo_db/sqlalchemy/engines.py:325}}
Mar 20 05:40:24 ubuntu devstack@g-api.service[110625]: DEBUG oslo_db.sqlalchemy.engines [None req-fbcaf9f4-f92a-4b2e-a38e-e04e4a7708c2 None None] MySQL server mode set to STRICT_TRANS_TABLES,STRICT_ALL_TABLES,NO_ZERO_IN_DATE,NO_ZERO_DATE,ERROR_FOR_DIVISION_BY_ZERO,TRADITIONAL,NO_ENGINE_SUBSTITUTION {{(pid=110625) _check_effective_sql_mode /opt/stack/data/venv/lib/python3.12/site-packages/oslo_db/sqlalchemy/engines.py:325}}
Mar 20 05:40:24 ubuntu devstack@g-api.service[110624]: DEBUG dbcounter [-] [110624] Writer thread running {{(pid=110624) stat_writer /opt/stack/data/venv/lib/python3.12/site-packages/dbcounter.py:102}}
Mar 20 05:40:24 ubuntu devstack@g-api.service[110625]: DEBUG dbcounter [-] [110625] Writer thread running {{(pid=110625) stat_writer /opt/stack/data/venv/lib/python3.12/site-packages/dbcounter.py:102}}
Mar 20 05:40:24 ubuntu devstack@g-api.service[110624]: INFO glance.image_cache [None req-23a787f2-2776-4a83-a4b1-0f006ba9987e None None] Image cache loaded driver 'centralized_db'.
Mar 20 05:40:24 ubuntu devstack@g-api.service[110625]: DEBUG glance.image_cache.drivers.centralized_db [None req-fbcaf9f4-f92a-4b2e-a38e-e04e4a7708c2 None None] Node reference is already recorded, ignoring it {{(pid=110625) configure /opt/stack/glance/glance/image_cache/drivers/centralized_db.py:71}}
Mar 20 05:40:24 ubuntu devstack@g-api.service[110625]: INFO glance.image_cache [None req-fbcaf9f4-f92a-4b2e-a38e-e04e4a7708c2 None None] Image cache loaded driver 'centralized_db'.
Mar 20 05:40:24 ubuntu devstack@g-api.service[110624]: DEBUG glance.image_cache.drivers.centralized_db [None req-23a787f2-2776-4a83-a4b1-0f006ba9987e None None] Node reference is already recorded, ignoring it {{(pid=110624) configure /opt/stack/glance/glance/image_cache/drivers/centralized_db.py:71}}
Mar 20 05:40:24 ubuntu devstack@g-api.service[110624]: DEBUG glance.api.v2.cached_images [None req-23a787f2-2776-4a83-a4b1-0f006ba9987e None None] Started cache worker thread {{(pid=110624) __init__ /opt/stack/glance/glance/api/v2/cached_images.py:69}}
Mar 20 05:40:24 ubuntu devstack@g-api.service[110624]: INFO glance.image_cache [None req-23a787f2-2776-4a83-a4b1-0f006ba9987e None None] Image cache loaded driver 'centralized_db'.
Mar 20 05:40:24 ubuntu devstack@g-api.service[110625]: DEBUG glance.image_cache.drivers.centralized_db [None req-fbcaf9f4-f92a-4b2e-a38e-e04e4a7708c2 None None] Node reference is already recorded, ignoring it {{(pid=110625) configure /opt/stack/glance/glance/image_cache/drivers/centralized_db.py:71}}
Mar 20 05:40:24 ubuntu devstack@g-api.service[110624]: DEBUG glance.image_cache.drivers.centralized_db [None req-23a787f2-2776-4a83-a4b1-0f006ba9987e None None] Node reference is already recorded, ignoring it {{(pid=110624) configure /opt/stack/glance/glance/image_cache/drivers/centralized_db.py:71}}
Mar 20 05:40:24 ubuntu devstack@g-api.service[110625]: DEBUG glance.api.v2.cached_images [None req-fbcaf9f4-f92a-4b2e-a38e-e04e4a7708c2 None None] Started cache worker thread {{(pid=110625) __init__ /opt/stack/glance/glance/api/v2/cached_images.py:69}}
Mar 20 05:40:24 ubuntu devstack@g-api.service[110625]: INFO glance.image_cache [None req-fbcaf9f4-f92a-4b2e-a38e-e04e4a7708c2 None None] Image cache loaded driver 'centralized_db'.
Mar 20 05:40:24 ubuntu devstack@g-api.service[110624]: INFO glance.api.middleware.cache_manage [None req-23a787f2-2776-4a83-a4b1-0f006ba9987e None None] Initialized image cache management middleware
Mar 20 05:40:24 ubuntu devstack@g-api.service[110624]: INFO glance.image_cache [None req-23a787f2-2776-4a83-a4b1-0f006ba9987e None None] Image cache loaded driver 'centralized_db'.
Mar 20 05:40:24 ubuntu devstack@g-api.service[110625]: DEBUG glance.image_cache.drivers.centralized_db [None req-fbcaf9f4-f92a-4b2e-a38e-e04e4a7708c2 None None] Node reference is already recorded, ignoring it {{(pid=110625) configure /opt/stack/glance/glance/image_cache/drivers/centralized_db.py:71}}
Mar 20 05:40:24 ubuntu devstack@g-api.service[110624]: DEBUG glance.image_cache.drivers.centralized_db [None req-23a787f2-2776-4a83-a4b1-0f006ba9987e None None] Node reference is already recorded, ignoring it {{(pid=110624) configure /opt/stack/glance/glance/image_cache/drivers/centralized_db.py:71}}
Mar 20 05:40:24 ubuntu devstack@g-api.service[110625]: INFO glance.api.middleware.cache_manage [None req-fbcaf9f4-f92a-4b2e-a38e-e04e4a7708c2 None None] Initialized image cache management middleware
Mar 20 05:40:24 ubuntu devstack@g-api.service[110625]: INFO glance.image_cache [None req-fbcaf9f4-f92a-4b2e-a38e-e04e4a7708c2 None None] Image cache loaded driver 'centralized_db'.
Mar 20 05:40:24 ubuntu devstack@g-api.service[110624]: INFO glance.api.middleware.cache [None req-23a787f2-2776-4a83-a4b1-0f006ba9987e None None] Initialized image cache middleware
Mar 20 05:40:24 ubuntu devstack@g-api.service[110625]: DEBUG glance.image_cache.drivers.centralized_db [None req-fbcaf9f4-f92a-4b2e-a38e-e04e4a7708c2 None None] Node reference is already recorded, ignoring it {{(pid=110625) configure /opt/stack/glance/glance/image_cache/drivers/centralized_db.py:71}}
Mar 20 05:40:24 ubuntu devstack@g-api.service[110624]: WARNING keystonemiddleware.auth_token [None req-23a787f2-2776-4a83-a4b1-0f006ba9987e None None] AuthToken middleware is set with keystone_authtoken.service_token_roles_required set to False. This is backwards compatible but deprecated behaviour. Please set this to True.
Mar 20 05:40:24 ubuntu devstack@g-api.service[110625]: INFO glance.api.middleware.cache [None req-fbcaf9f4-f92a-4b2e-a38e-e04e4a7708c2 None None] Initialized image cache middleware
Mar 20 05:40:24 ubuntu devstack@g-api.service[110624]: DEBUG glance.common.config [None req-23a787f2-2776-4a83-a4b1-0f006ba9987e None None] ******************************************************************************** {{(pid=110624) log_opt_values /opt/stack/data/venv/lib/python3.12/site-packages/oslo_config/cfg.py:2979}}
Mar 20 05:40:24 ubuntu devstack@g-api.service[110624]: DEBUG glance.common.config [None req-23a787f2-2776-4a83-a4b1-0f006ba9987e None None] Configuration options gathered from: {{(pid=110624) log_opt_values /opt/stack/data/venv/lib/python3.12/site-packages/oslo_config/cfg.py:2980}}
Mar 20 05:40:24 ubuntu devstack@g-api.service[110624]: DEBUG glance.common.config [None req-23a787f2-2776-4a83-a4b1-0f006ba9987e None None] command line args: [] {{(pid=110624) log_opt_values /opt/stack/data/venv/lib/python3.12/site-packages/oslo_config/cfg.py:2981}}
Mar 20 05:40:24 ubuntu devstack@g-api.service[110624]: DEBUG glance.common.config [None req-23a787f2-2776-4a83-a4b1-0f006ba9987e None None] config files: ['/etc/glance/glance-image-import.conf', '/etc/glance/glance-api.conf'] {{(pid=110624) log_opt_values /opt/stack/data/venv/lib/python3.12/site-packages/oslo_config/cfg.py:2982}}
Mar 20 05:40:24 ubuntu devstack@g-api.service[110624]: DEBUG glance.common.config [None req-23a787f2-2776-4a83-a4b1-0f006ba9987e None None] ================================================================================ {{(pid=110624) log_opt_values /opt/stack/data/venv/lib/python3.12/site-packages/oslo_config/cfg.py:2987}}
Mar 20 05:40:24 ubuntu devstack@g-api.service[110624]: DEBUG glance.common.config [None req-23a787f2-2776-4a83-a4b1-0f006ba9987e None None] allow_anonymous_access         = False {{(pid=110624) log_opt_values /opt/stack/data/venv/lib/python3.12/site-packages/oslo_config/cfg.py:2995}}
Mar 20 05:40:24 ubuntu devstack@g-api.service[110624]: DEBUG glance.common.config [None req-23a787f2-2776-4a83-a4b1-0f006ba9987e None None] api_limit_max                  = 1000 {{(pid=110624) log_opt_values /opt/stack/data/venv/lib/python3.12/site-packages/oslo_config/cfg.py:2995}}
Mar 20 05:40:24 ubuntu devstack@g-api.service[110624]: DEBUG glance.common.config [None req-23a787f2-2776-4a83-a4b1-0f006ba9987e None None] backlog                        = 4096 {{(pid=110624) log_opt_values /opt/stack/data/venv/lib/python3.12/site-packages/oslo_config/cfg.py:2995}}
Mar 20 05:40:24 ubuntu devstack@g-api.service[110624]: DEBUG glance.common.config [None req-23a787f2-2776-4a83-a4b1-0f006ba9987e None None] bind_host                      = 0.0.0.0 {{(pid=110624) log_opt_values /opt/stack/data/venv/lib/python3.12/site-packages/oslo_config/cfg.py:2995}}
Mar 20 05:40:24 ubuntu devstack@g-api.service[110624]: DEBUG glance.common.config [None req-23a787f2-2776-4a83-a4b1-0f006ba9987e None None] bind_port                      = None {{(pid=110624) log_opt_values /opt/stack/data/venv/lib/python3.12/site-packages/oslo_config/cfg.py:2995}}
Mar 20 05:40:24 ubuntu devstack@g-api.service[110624]: DEBUG glance.common.config [None req-23a787f2-2776-4a83-a4b1-0f006ba9987e None None] client_socket_timeout          = 900 {{(pid=110624) log_opt_values /opt/stack/data/venv/lib/python3.12/site-packages/oslo_config/cfg.py:2995}}
Mar 20 05:40:24 ubuntu devstack@g-api.service[110624]: DEBUG glance.common.config [None req-23a787f2-2776-4a83-a4b1-0f006ba9987e None None] config_dir                     = [] {{(pid=110624) log_opt_values /opt/stack/data/venv/lib/python3.12/site-packages/oslo_config/cfg.py:2995}}
Mar 20 05:40:24 ubuntu devstack@g-api.service[110624]: DEBUG glance.common.config [None req-23a787f2-2776-4a83-a4b1-0f006ba9987e None None] config_file                    = ['/etc/glance/glance-image-import.conf', '/etc/glance/glance-api.conf'] {{(pid=110624) log_opt_values /opt/stack/data/venv/lib/python3.12/site-packages/oslo_config/cfg.py:2995}}
Mar 20 05:40:24 ubuntu devstack@g-api.service[110624]: DEBUG glance.common.config [None req-23a787f2-2776-4a83-a4b1-0f006ba9987e None None] config_source                  = [] {{(pid=110624) log_opt_values /opt/stack/data/venv/lib/python3.12/site-packages/oslo_config/cfg.py:2995}}
Mar 20 05:40:24 ubuntu devstack@g-api.service[110624]: DEBUG glance.common.config [None req-23a787f2-2776-4a83-a4b1-0f006ba9987e None None] control_exchange               = glance {{(pid=110624) log_opt_values /opt/stack/data/venv/lib/python3.12/site-packages/oslo_config/cfg.py:2995}}
Mar 20 05:40:24 ubuntu devstack@g-api.service[110624]: DEBUG glance.common.config [None req-23a787f2-2776-4a83-a4b1-0f006ba9987e None None] debug                          = True {{(pid=110624) log_opt_values /opt/stack/data/venv/lib/python3.12/site-packages/oslo_config/cfg.py:2995}}
Mar 20 05:40:24 ubuntu devstack@g-api.service[110624]: DEBUG glance.common.config [None req-23a787f2-2776-4a83-a4b1-0f006ba9987e None None] default_log_levels             = ['amqp=WARN', 'boto=WARN', 'sqlalchemy=WARN', 'suds=INFO', 'oslo.messaging=INFO', 'oslo_messaging=INFO', 'iso8601=WARN', 'requests.packages.urllib3.connectionpool=WARN', 'urllib3.connectionpool=WARN', 'websocket=WARN', 'requests.packages.urllib3.util.retry=WARN', 'urllib3.util.retry=WARN', 'keystonemiddleware=WARN', 'routes.middleware=WARN', 'stevedore=WARN', 'taskflow=WARN', 'keystoneauth=WARN', 'oslo.cache=INFO', 'oslo_policy=INFO', 'dogpile.core.dogpile=INFO'] {{(pid=110624) log_opt_values /opt/stack/data/venv/lib/python3.12/site-packages/oslo_config/cfg.py:2995}}
Mar 20 05:40:24 ubuntu devstack@g-api.service[110624]: DEBUG glance.common.config [None req-23a787f2-2776-4a83-a4b1-0f006ba9987e None None] default_publisher_id           = image.localhost {{(pid=110624) log_opt_values /opt/stack/data/venv/lib/python3.12/site-packages/oslo_config/cfg.py:2995}}
Mar 20 05:40:24 ubuntu devstack@g-api.service[110624]: DEBUG glance.common.config [None req-23a787f2-2776-4a83-a4b1-0f006ba9987e None None] delayed_delete                 = False {{(pid=110624) log_opt_values /opt/stack/data/venv/lib/python3.12/site-packages/oslo_config/cfg.py:2995}}
Mar 20 05:40:24 ubuntu devstack@g-api.service[110625]: WARNING keystonemiddleware.auth_token [None req-fbcaf9f4-f92a-4b2e-a38e-e04e4a7708c2 None None] AuthToken middleware is set with keystone_authtoken.service_token_roles_required set to False. This is backwards compatible but deprecated behaviour. Please set this to True.
Mar 20 05:40:24 ubuntu devstack@g-api.service[110624]: DEBUG glance.common.config [None req-23a787f2-2776-4a83-a4b1-0f006ba9987e None None] digest_algorithm               = sha256 {{(pid=110624) log_opt_values /opt/stack/data/venv/lib/python3.12/site-packages/oslo_config/cfg.py:2995}}
Mar 20 05:40:24 ubuntu devstack@g-api.service[110624]: DEBUG glance.common.config [None req-23a787f2-2776-4a83-a4b1-0f006ba9987e None None] disabled_notifications         = [] {{(pid=110624) log_opt_values /opt/stack/data/venv/lib/python3.12/site-packages/oslo_config/cfg.py:2995}}
Mar 20 05:40:24 ubuntu devstack@g-api.service[110624]: DEBUG glance.common.config [None req-23a787f2-2776-4a83-a4b1-0f006ba9987e None None] do_secure_hash                 = True {{(pid=110624) log_opt_values /opt/stack/data/venv/lib/python3.12/site-packages/oslo_config/cfg.py:2995}}
Mar 20 05:40:24 ubuntu devstack@g-api.service[110624]: DEBUG glance.common.config [None req-23a787f2-2776-4a83-a4b1-0f006ba9987e None None] enabled_backends               = None {{(pid=110624) log_opt_values /opt/stack/data/venv/lib/python3.12/site-packages/oslo_config/cfg.py:2995}}
Mar 20 05:40:24 ubuntu devstack@g-api.service[110624]: DEBUG glance.common.config [None req-23a787f2-2776-4a83-a4b1-0f006ba9987e None None] enabled_import_methods         = ['glance-direct', 'web-download', 'copy-image'] {{(pid=110624) log_opt_values /opt/stack/data/venv/lib/python3.12/site-packages/oslo_config/cfg.py:2995}}
Mar 20 05:40:24 ubuntu devstack@g-api.service[110624]: DEBUG glance.common.config [None req-23a787f2-2776-4a83-a4b1-0f006ba9987e None None] hashing_algorithm              = sha512 {{(pid=110624) log_opt_values /opt/stack/data/venv/lib/python3.12/site-packages/oslo_config/cfg.py:2995}}
Mar 20 05:40:24 ubuntu devstack@g-api.service[110624]: DEBUG glance.common.config [None req-23a787f2-2776-4a83-a4b1-0f006ba9987e None None] http_keepalive                 = True {{(pid=110624) log_opt_values /opt/stack/data/venv/lib/python3.12/site-packages/oslo_config/cfg.py:2995}}
Mar 20 05:40:24 ubuntu devstack@g-api.service[110624]: DEBUG glance.common.config [None req-23a787f2-2776-4a83-a4b1-0f006ba9987e None None] http_retries                   = 3 {{(pid=110624) log_opt_values /opt/stack/data/venv/lib/python3.12/site-packages/oslo_config/cfg.py:2995}}
Mar 20 05:40:24 ubuntu devstack@g-api.service[110624]: DEBUG glance.common.config [None req-23a787f2-2776-4a83-a4b1-0f006ba9987e None None] image_cache_dir                = /opt/stack/data/glance/cache/ {{(pid=110624) log_opt_values /opt/stack/data/venv/lib/python3.12/site-packages/oslo_config/cfg.py:2995}}
Mar 20 05:40:24 ubuntu devstack@g-api.service[110624]: DEBUG glance.common.config [None req-23a787f2-2776-4a83-a4b1-0f006ba9987e None None] image_cache_driver             = centralized_db {{(pid=110624) log_opt_values /opt/stack/data/venv/lib/python3.12/site-packages/oslo_config/cfg.py:2995}}
Mar 20 05:40:24 ubuntu devstack@g-api.service[110624]: DEBUG glance.common.config [None req-23a787f2-2776-4a83-a4b1-0f006ba9987e None None] image_cache_max_size           = 10737418240 {{(pid=110624) log_opt_values /opt/stack/data/venv/lib/python3.12/site-packages/oslo_config/cfg.py:2995}}
Mar 20 05:40:24 ubuntu devstack@g-api.service[110624]: DEBUG glance.common.config [None req-23a787f2-2776-4a83-a4b1-0f006ba9987e None None] image_cache_sqlite_db          = cache.db {{(pid=110624) log_opt_values /opt/stack/data/venv/lib/python3.12/site-packages/oslo_config/cfg.py:2995}}
Mar 20 05:40:24 ubuntu devstack@g-api.service[110624]: DEBUG glance.common.config [None req-23a787f2-2776-4a83-a4b1-0f006ba9987e None None] image_cache_stall_time         = 86400 {{(pid=110624) log_opt_values /opt/stack/data/venv/lib/python3.12/site-packages/oslo_config/cfg.py:2995}}
Mar 20 05:40:24 ubuntu devstack@g-api.service[110624]: DEBUG glance.common.config [None req-23a787f2-2776-4a83-a4b1-0f006ba9987e None None] image_location_quota           = 10 {{(pid=110624) log_opt_values /opt/stack/data/venv/lib/python3.12/site-packages/oslo_config/cfg.py:2995}}
Mar 20 05:40:24 ubuntu devstack@g-api.service[110624]: DEBUG glance.common.config [None req-23a787f2-2776-4a83-a4b1-0f006ba9987e None None] image_member_quota             = 128 {{(pid=110624) log_opt_values /opt/stack/data/venv/lib/python3.12/site-packages/oslo_config/cfg.py:2995}}
Mar 20 05:40:24 ubuntu devstack@g-api.service[110624]: DEBUG glance.common.config [None req-23a787f2-2776-4a83-a4b1-0f006ba9987e None None] image_property_quota           = 128 {{(pid=110624) log_opt_values /opt/stack/data/venv/lib/python3.12/site-packages/oslo_config/cfg.py:2995}}
Mar 20 05:40:24 ubuntu devstack@g-api.service[110624]: DEBUG glance.common.config [None req-23a787f2-2776-4a83-a4b1-0f006ba9987e None None] image_size_cap                 = 1099511627776 {{(pid=110624) log_opt_values /opt/stack/data/venv/lib/python3.12/site-packages/oslo_config/cfg.py:2995}}
Mar 20 05:40:24 ubuntu devstack@g-api.service[110624]: DEBUG glance.common.config [None req-23a787f2-2776-4a83-a4b1-0f006ba9987e None None] image_tag_quota                = 128 {{(pid=110624) log_opt_values /opt/stack/data/venv/lib/python3.12/site-packages/oslo_config/cfg.py:2995}}
Mar 20 05:40:24 ubuntu devstack@g-api.service[110624]: DEBUG glance.common.config [None req-23a787f2-2776-4a83-a4b1-0f006ba9987e None None] instance_format                = [instance: %(uuid)s]  {{(pid=110624) log_opt_values /opt/stack/data/venv/lib/python3.12/site-packages/oslo_config/cfg.py:2995}}
Mar 20 05:40:24 ubuntu devstack@g-api.service[110624]: DEBUG glance.common.config [None req-23a787f2-2776-4a83-a4b1-0f006ba9987e None None] instance_uuid_format           = [instance: %(uuid)s]  {{(pid=110624) log_opt_values /opt/stack/data/venv/lib/python3.12/site-packages/oslo_config/cfg.py:2995}}
Mar 20 05:40:24 ubuntu devstack@g-api.service[110624]: DEBUG glance.common.config [None req-23a787f2-2776-4a83-a4b1-0f006ba9987e None None] limit_param_default            = 25 {{(pid=110624) log_opt_values /opt/stack/data/venv/lib/python3.12/site-packages/oslo_config/cfg.py:2995}}
Mar 20 05:40:24 ubuntu devstack@g-api.service[110624]: DEBUG glance.common.config [None req-23a787f2-2776-4a83-a4b1-0f006ba9987e None None] log_color                      = True {{(pid=110624) log_opt_values /opt/stack/data/venv/lib/python3.12/site-packages/oslo_config/cfg.py:2995}}
Mar 20 05:40:24 ubuntu devstack@g-api.service[110624]: DEBUG glance.common.config [None req-23a787f2-2776-4a83-a4b1-0f006ba9987e None None] log_config_append              = None {{(pid=110624) log_opt_values /opt/stack/data/venv/lib/python3.12/site-packages/oslo_config/cfg.py:2995}}
Mar 20 05:40:24 ubuntu devstack@g-api.service[110624]: DEBUG glance.common.config [None req-23a787f2-2776-4a83-a4b1-0f006ba9987e None None] log_date_format                = %Y-%m-%d %H:%M:%S {{(pid=110624) log_opt_values /opt/stack/data/venv/lib/python3.12/site-packages/oslo_config/cfg.py:2995}}
Mar 20 05:40:24 ubuntu devstack@g-api.service[110624]: DEBUG glance.common.config [None req-23a787f2-2776-4a83-a4b1-0f006ba9987e None None] log_dir                        = None {{(pid=110624) log_opt_values /opt/stack/data/venv/lib/python3.12/site-packages/oslo_config/cfg.py:2995}}
Mar 20 05:40:24 ubuntu devstack@g-api.service[110624]: DEBUG glance.common.config [None req-23a787f2-2776-4a83-a4b1-0f006ba9987e None None] log_file                       = None {{(pid=110624) log_opt_values /opt/stack/data/venv/lib/python3.12/site-packages/oslo_config/cfg.py:2995}}
Mar 20 05:40:24 ubuntu devstack@g-api.service[110624]: DEBUG glance.common.config [None req-23a787f2-2776-4a83-a4b1-0f006ba9987e None None] log_rotate_interval            = 1 {{(pid=110624) log_opt_values /opt/stack/data/venv/lib/python3.12/site-packages/oslo_config/cfg.py:2995}}
Mar 20 05:40:24 ubuntu devstack@g-api.service[110624]: DEBUG glance.common.config [None req-23a787f2-2776-4a83-a4b1-0f006ba9987e None None] log_rotate_interval_type       = days {{(pid=110624) log_opt_values /opt/stack/data/venv/lib/python3.12/site-packages/oslo_config/cfg.py:2995}}
Mar 20 05:40:24 ubuntu devstack@g-api.service[110624]: DEBUG glance.common.config [None req-23a787f2-2776-4a83-a4b1-0f006ba9987e None None] log_rotation_type              = none {{(pid=110624) log_opt_values /opt/stack/data/venv/lib/python3.12/site-packages/oslo_config/cfg.py:2995}}
Mar 20 05:40:24 ubuntu devstack@g-api.service[110624]: DEBUG glance.common.config [None req-23a787f2-2776-4a83-a4b1-0f006ba9987e None None] logging_context_format_string  = %(color)s%(levelname)s %(name)s [%(global_request_id)s %(request_id)s %(project_name)s %(user_name)s%(color)s] %(instance)s%(color)s%(message)s {{(pid=110624) log_opt_values /opt/stack/data/venv/lib/python3.12/site-packages/oslo_config/cfg.py:2995}}
Mar 20 05:40:24 ubuntu devstack@g-api.service[110624]: DEBUG glance.common.config [None req-23a787f2-2776-4a83-a4b1-0f006ba9987e None None] logging_debug_format_suffix    = {{(pid=%(process)d) %(funcName)s %(pathname)s:%(lineno)d}} {{(pid=110624) log_opt_values /opt/stack/data/venv/lib/python3.12/site-packages/oslo_config/cfg.py:2995}}
Mar 20 05:40:24 ubuntu devstack@g-api.service[110624]: DEBUG glance.common.config [None req-23a787f2-2776-4a83-a4b1-0f006ba9987e None None] logging_default_format_string  = %(color)s%(levelname)s %(name)s [-%(color)s] %(instance)s%(color)s%(message)s {{(pid=110624) log_opt_values /opt/stack/data/venv/lib/python3.12/site-packages/oslo_config/cfg.py:2995}}
Mar 20 05:40:24 ubuntu devstack@g-api.service[110624]: DEBUG glance.common.config [None req-23a787f2-2776-4a83-a4b1-0f006ba9987e None None] logging_exception_prefix       = ERROR %(name)s %(instance)s {{(pid=110624) log_opt_values /opt/stack/data/venv/lib/python3.12/site-packages/oslo_config/cfg.py:2995}}
Mar 20 05:40:24 ubuntu devstack@g-api.service[110624]: DEBUG glance.common.config [None req-23a787f2-2776-4a83-a4b1-0f006ba9987e None None] logging_user_identity_format   = %(user)s %(project)s %(domain)s %(system_scope)s %(user_domain)s %(project_domain)s {{(pid=110624) log_opt_values /opt/stack/data/venv/lib/python3.12/site-packages/oslo_config/cfg.py:2995}}
Mar 20 05:40:24 ubuntu devstack@g-api.service[110624]: DEBUG glance.common.config [None req-23a787f2-2776-4a83-a4b1-0f006ba9987e None None] max_header_line                = 16384 {{(pid=110624) log_opt_values /opt/stack/data/venv/lib/python3.12/site-packages/oslo_config/cfg.py:2995}}
Mar 20 05:40:24 ubuntu devstack@g-api.service[110624]: DEBUG glance.common.config [None req-23a787f2-2776-4a83-a4b1-0f006ba9987e None None] max_logfile_count              = 30 {{(pid=110624) log_opt_values /opt/stack/data/venv/lib/python3.12/site-packages/oslo_config/cfg.py:2995}}
Mar 20 05:40:24 ubuntu devstack@g-api.service[110624]: DEBUG glance.common.config [None req-23a787f2-2776-4a83-a4b1-0f006ba9987e None None] max_logfile_size_mb            = 200 {{(pid=110624) log_opt_values /opt/stack/data/venv/lib/python3.12/site-packages/oslo_config/cfg.py:2995}}
Mar 20 05:40:24 ubuntu devstack@g-api.service[110624]: DEBUG glance.common.config [None req-23a787f2-2776-4a83-a4b1-0f006ba9987e None None] max_request_id_length          = 64 {{(pid=110624) log_opt_values /opt/stack/data/venv/lib/python3.12/site-packages/oslo_config/cfg.py:2995}}
Mar 20 05:40:24 ubuntu devstack@g-api.service[110624]: DEBUG glance.common.config [None req-23a787f2-2776-4a83-a4b1-0f006ba9987e None None] metadata_encryption_key        = **** {{(pid=110624) log_opt_values /opt/stack/data/venv/lib/python3.12/site-packages/oslo_config/cfg.py:2995}}
Mar 20 05:40:24 ubuntu devstack@g-api.service[110624]: DEBUG glance.common.config [None req-23a787f2-2776-4a83-a4b1-0f006ba9987e None None] node_staging_uri               = file:///tmp/staging/ {{(pid=110624) log_opt_values /opt/stack/data/venv/lib/python3.12/site-packages/oslo_config/cfg.py:2995}}
Mar 20 05:40:24 ubuntu devstack@g-api.service[110624]: DEBUG glance.common.config [None req-23a787f2-2776-4a83-a4b1-0f006ba9987e None None] property_protection_file       = None {{(pid=110624) log_opt_values /opt/stack/data/venv/lib/python3.12/site-packages/oslo_config/cfg.py:2995}}
Mar 20 05:40:24 ubuntu devstack@g-api.service[110624]: DEBUG glance.common.config [None req-23a787f2-2776-4a83-a4b1-0f006ba9987e None None] property_protection_rule_format = roles {{(pid=110624) log_opt_values /opt/stack/data/venv/lib/python3.12/site-packages/oslo_config/cfg.py:2995}}
Mar 20 05:40:24 ubuntu devstack@g-api.service[110624]: DEBUG glance.common.config [None req-23a787f2-2776-4a83-a4b1-0f006ba9987e None None] public_endpoint                = http://10.201.5.127/image {{(pid=110624) log_opt_values /opt/stack/data/venv/lib/python3.12/site-packages/oslo_config/cfg.py:2995}}
Mar 20 05:40:24 ubuntu devstack@g-api.service[110624]: DEBUG glance.common.config [None req-23a787f2-2776-4a83-a4b1-0f006ba9987e None None] publish_errors                 = False {{(pid=110624) log_opt_values /opt/stack/data/venv/lib/python3.12/site-packages/oslo_config/cfg.py:2995}}
Mar 20 05:40:24 ubuntu devstack@g-api.service[110624]: DEBUG glance.common.config [None req-23a787f2-2776-4a83-a4b1-0f006ba9987e None None] pydev_worker_debug_host        = None {{(pid=110624) log_opt_values /opt/stack/data/venv/lib/python3.12/site-packages/oslo_config/cfg.py:2995}}
Mar 20 05:40:24 ubuntu devstack@g-api.service[110624]: DEBUG glance.common.config [None req-23a787f2-2776-4a83-a4b1-0f006ba9987e None None] pydev_worker_debug_port        = 5678 {{(pid=110624) log_opt_values /opt/stack/data/venv/lib/python3.12/site-packages/oslo_config/cfg.py:2995}}
Mar 20 05:40:24 ubuntu devstack@g-api.service[110624]: DEBUG glance.common.config [None req-23a787f2-2776-4a83-a4b1-0f006ba9987e None None] rate_limit_burst               = 0 {{(pid=110624) log_opt_values /opt/stack/data/venv/lib/python3.12/site-packages/oslo_config/cfg.py:2995}}
Mar 20 05:40:24 ubuntu devstack@g-api.service[110624]: DEBUG glance.common.config [None req-23a787f2-2776-4a83-a4b1-0f006ba9987e None None] rate_limit_except_level        = CRITICAL {{(pid=110624) log_opt_values /opt/stack/data/venv/lib/python3.12/site-packages/oslo_config/cfg.py:2995}}
Mar 20 05:40:24 ubuntu devstack@g-api.service[110624]: DEBUG glance.common.config [None req-23a787f2-2776-4a83-a4b1-0f006ba9987e None None] rate_limit_interval            = 0 {{(pid=110624) log_opt_values /opt/stack/data/venv/lib/python3.12/site-packages/oslo_config/cfg.py:2995}}
Mar 20 05:40:24 ubuntu devstack@g-api.service[110624]: DEBUG glance.common.config [None req-23a787f2-2776-4a83-a4b1-0f006ba9987e None None] scrub_pool_size                = 1 {{(pid=110624) log_opt_values /opt/stack/data/venv/lib/python3.12/site-packages/oslo_config/cfg.py:2995}}
