Aug 22 13:44:43 jammy-provider-cloud-0000007533 systemd[1]: Starting Devstack devstack@g-api.service...
Aug 22 13:44:43 jammy-provider-cloud-0000007533 devstack@g-api.service[104436]: [uWSGI] getting INI configuration from /etc/glance/glance-uwsgi.ini
Aug 22 13:44:43 jammy-provider-cloud-0000007533 devstack@g-api.service[104436]: *** Starting uWSGI 2.0.20-debian (64bit) on [Thu Aug 22 13:44:43 2024] ***
Aug 22 13:44:43 jammy-provider-cloud-0000007533 devstack@g-api.service[104436]: compiled with version: 11.2.0 on 21 March 2022 11:00:44
Aug 22 13:44:43 jammy-provider-cloud-0000007533 devstack@g-api.service[104436]: os: Linux-5.15.0-107-generic #117-Ubuntu SMP Fri Apr 26 12:26:49 UTC 2024
Aug 22 13:44:43 jammy-provider-cloud-0000007533 devstack@g-api.service[104436]: nodename: jammy-provider-cloud-0000007533
Aug 22 13:44:43 jammy-provider-cloud-0000007533 devstack@g-api.service[104436]: machine: x86_64
Aug 22 13:44:43 jammy-provider-cloud-0000007533 devstack@g-api.service[104436]: clock source: unix
Aug 22 13:44:43 jammy-provider-cloud-0000007533 devstack@g-api.service[104436]: pcre jit disabled
Aug 22 13:44:43 jammy-provider-cloud-0000007533 devstack@g-api.service[104436]: detected number of CPU cores: 4
Aug 22 13:44:43 jammy-provider-cloud-0000007533 devstack@g-api.service[104436]: current working directory: /
Aug 22 13:44:43 jammy-provider-cloud-0000007533 devstack@g-api.service[104436]: detected binary path: /usr/bin/uwsgi-core
Aug 22 13:44:43 jammy-provider-cloud-0000007533 devstack@g-api.service[104436]: your processes number limit is 31298
Aug 22 13:44:43 jammy-provider-cloud-0000007533 devstack@g-api.service[104436]: your memory page size is 4096 bytes
Aug 22 13:44:43 jammy-provider-cloud-0000007533 devstack@g-api.service[104436]: detected max file descriptor number: 2048
Aug 22 13:44:43 jammy-provider-cloud-0000007533 devstack@g-api.service[104436]: lock engine: pthread robust mutexes
Aug 22 13:44:43 jammy-provider-cloud-0000007533 devstack@g-api.service[104436]: thunder lock: enabled
Aug 22 13:44:43 jammy-provider-cloud-0000007533 devstack@g-api.service[104436]: uwsgi socket 0 bound to TCP address 127.0.0.1:60999 fd 4
Aug 22 13:44:43 jammy-provider-cloud-0000007533 devstack@g-api.service[104436]: Python version: 3.10.12 (main, Jul 29 2024, 16:56:48) [GCC 11.4.0]
Aug 22 13:44:43 jammy-provider-cloud-0000007533 devstack@g-api.service[104436]: PEP 405 virtualenv detected: /opt/stack/data/venv
Aug 22 13:44:43 jammy-provider-cloud-0000007533 devstack@g-api.service[104436]: Set PythonHome to /opt/stack/data/venv
Aug 22 13:44:43 jammy-provider-cloud-0000007533 devstack@g-api.service[104436]: Python main interpreter initialized at 0x55fa17a82e00
Aug 22 13:44:43 jammy-provider-cloud-0000007533 devstack@g-api.service[104436]: python threads support enabled
Aug 22 13:44:43 jammy-provider-cloud-0000007533 devstack@g-api.service[104436]: your server socket listen backlog is limited to 100 connections
Aug 22 13:44:43 jammy-provider-cloud-0000007533 devstack@g-api.service[104436]: your mercy for graceful operations on workers is 80 seconds
Aug 22 13:44:43 jammy-provider-cloud-0000007533 devstack@g-api.service[104436]: mapped 403077 bytes (393 KB) for 2 cores
Aug 22 13:44:43 jammy-provider-cloud-0000007533 devstack@g-api.service[104436]: *** Operational MODE: preforking ***
Aug 22 13:44:43 jammy-provider-cloud-0000007533 devstack@g-api.service[104436]: *** uWSGI is running in multiple interpreter mode ***
Aug 22 13:44:43 jammy-provider-cloud-0000007533 devstack@g-api.service[104436]: spawned uWSGI master process (pid: 104436)
Aug 22 13:44:43 jammy-provider-cloud-0000007533 devstack@g-api.service[104436]: spawned uWSGI worker 1 (pid: 104437, cores: 1)
Aug 22 13:44:43 jammy-provider-cloud-0000007533 systemd[1]: Started Devstack devstack@g-api.service.
Aug 22 13:44:43 jammy-provider-cloud-0000007533 devstack@g-api.service[104436]: spawned uWSGI worker 2 (pid: 104438, cores: 1)
Aug 22 13:44:43 jammy-provider-cloud-0000007533 devstack@g-api.service[104436]: running "unix_signal:15 gracefully_kill_them_all" (master-start)...
Aug 22 13:44:44 jammy-provider-cloud-0000007533 devstack@g-api.service[104437]: INFO glance.async_ [-] Threadpool model set to 'NativeThreadPoolModel'
Aug 22 13:44:44 jammy-provider-cloud-0000007533 devstack@g-api.service[104438]: INFO glance.async_ [-] Threadpool model set to 'NativeThreadPoolModel'
Aug 22 13:44:44 jammy-provider-cloud-0000007533 devstack@g-api.service[104438]: DEBUG oslo_concurrency.processutils [-] Running cmd (subprocess): grep -F node.session.scan /sbin/iscsiadm {{(pid=104438) execute /opt/stack/data/venv/lib/python3.10/site-packages/oslo_concurrency/processutils.py:390}}
Aug 22 13:44:44 jammy-provider-cloud-0000007533 devstack@g-api.service[104437]: DEBUG oslo_concurrency.processutils [-] Running cmd (subprocess): grep -F node.session.scan /sbin/iscsiadm {{(pid=104437) execute /opt/stack/data/venv/lib/python3.10/site-packages/oslo_concurrency/processutils.py:390}}
Aug 22 13:44:44 jammy-provider-cloud-0000007533 devstack@g-api.service[104438]: DEBUG oslo_concurrency.processutils [-] CMD "grep -F node.session.scan /sbin/iscsiadm" returned: 0 in 0.008s {{(pid=104438) execute /opt/stack/data/venv/lib/python3.10/site-packages/oslo_concurrency/processutils.py:428}}
Aug 22 13:44:44 jammy-provider-cloud-0000007533 devstack@g-api.service[104437]: DEBUG oslo_concurrency.processutils [-] CMD "grep -F node.session.scan /sbin/iscsiadm" returned: 0 in 0.009s {{(pid=104437) execute /opt/stack/data/venv/lib/python3.10/site-packages/oslo_concurrency/processutils.py:428}}
Aug 22 13:44:44 jammy-provider-cloud-0000007533 devstack@g-api.service[104438]: DEBUG glance_store.common.attachment_state_manager [-] Initialising _AttachmentStateManager {{(pid=104438) __init__ /opt/stack/data/venv/lib/python3.10/site-packages/glance_store/common/attachment_state_manager.py:86}}
Aug 22 13:44:44 jammy-provider-cloud-0000007533 devstack@g-api.service[104437]: DEBUG glance_store.common.attachment_state_manager [-] Initialising _AttachmentStateManager {{(pid=104437) __init__ /opt/stack/data/venv/lib/python3.10/site-packages/glance_store/common/attachment_state_manager.py:86}}
Aug 22 13:44:44 jammy-provider-cloud-0000007533 devstack@g-api.service[104438]: DEBUG glance_store.backend [-] Attempting to import store cinder {{(pid=104438) _load_store /opt/stack/data/venv/lib/python3.10/site-packages/glance_store/backend.py:216}}
Aug 22 13:44:44 jammy-provider-cloud-0000007533 devstack@g-api.service[104438]: DEBUG glance_store.backend [-] Attempting to import store file {{(pid=104438) _load_store /opt/stack/data/venv/lib/python3.10/site-packages/glance_store/backend.py:216}}
Aug 22 13:44:44 jammy-provider-cloud-0000007533 devstack@g-api.service[104437]: DEBUG glance_store.backend [-] Attempting to import store cinder {{(pid=104437) _load_store /opt/stack/data/venv/lib/python3.10/site-packages/glance_store/backend.py:216}}
Aug 22 13:44:44 jammy-provider-cloud-0000007533 devstack@g-api.service[104437]: DEBUG glance_store.backend [-] Attempting to import store file {{(pid=104437) _load_store /opt/stack/data/venv/lib/python3.10/site-packages/glance_store/backend.py:216}}
Aug 22 13:44:44 jammy-provider-cloud-0000007533 devstack@g-api.service[104438]: DEBUG glance_store.backend [-] Attempting to import store glance.store.cinder.Store {{(pid=104438) _load_store /opt/stack/data/venv/lib/python3.10/site-packages/glance_store/backend.py:216}}
Aug 22 13:44:44 jammy-provider-cloud-0000007533 devstack@g-api.service[104437]: DEBUG glance_store.backend [-] Attempting to import store glance.store.cinder.Store {{(pid=104437) _load_store /opt/stack/data/venv/lib/python3.10/site-packages/glance_store/backend.py:216}}
Aug 22 13:44:44 jammy-provider-cloud-0000007533 devstack@g-api.service[104438]: DEBUG glance_store.backend [-] Attempting to import store glance.store.filesystem.Store {{(pid=104438) _load_store /opt/stack/data/venv/lib/python3.10/site-packages/glance_store/backend.py:216}}
Aug 22 13:44:44 jammy-provider-cloud-0000007533 devstack@g-api.service[104437]: DEBUG glance_store.backend [-] Attempting to import store glance.store.filesystem.Store {{(pid=104437) _load_store /opt/stack/data/venv/lib/python3.10/site-packages/glance_store/backend.py:216}}
Aug 22 13:44:44 jammy-provider-cloud-0000007533 devstack@g-api.service[104437]: DEBUG glance_store.backend [-] Attempting to import store glance.store.http.Store {{(pid=104437) _load_store /opt/stack/data/venv/lib/python3.10/site-packages/glance_store/backend.py:216}}
Aug 22 13:44:44 jammy-provider-cloud-0000007533 devstack@g-api.service[104438]: DEBUG glance_store.backend [-] Attempting to import store glance.store.http.Store {{(pid=104438) _load_store /opt/stack/data/venv/lib/python3.10/site-packages/glance_store/backend.py:216}}
Aug 22 13:44:44 jammy-provider-cloud-0000007533 devstack@g-api.service[104437]: DEBUG glance_store.backend [-] Attempting to import store glance.store.rbd.Store {{(pid=104437) _load_store /opt/stack/data/venv/lib/python3.10/site-packages/glance_store/backend.py:216}}
Aug 22 13:44:44 jammy-provider-cloud-0000007533 devstack@g-api.service[104438]: DEBUG glance_store.backend [-] Attempting to import store glance.store.rbd.Store {{(pid=104438) _load_store /opt/stack/data/venv/lib/python3.10/site-packages/glance_store/backend.py:216}}
Aug 22 13:44:44 jammy-provider-cloud-0000007533 devstack@g-api.service[104437]: DEBUG glance_store.backend [-] Attempting to import store glance.store.s3.Store {{(pid=104437) _load_store /opt/stack/data/venv/lib/python3.10/site-packages/glance_store/backend.py:216}}
Aug 22 13:44:44 jammy-provider-cloud-0000007533 devstack@g-api.service[104437]: DEBUG glance_store.backend [-] Attempting to import store glance.store.swift.Store {{(pid=104437) _load_store /opt/stack/data/venv/lib/python3.10/site-packages/glance_store/backend.py:216}}
Aug 22 13:44:44 jammy-provider-cloud-0000007533 devstack@g-api.service[104438]: DEBUG glance_store.backend [-] Attempting to import store glance.store.s3.Store {{(pid=104438) _load_store /opt/stack/data/venv/lib/python3.10/site-packages/glance_store/backend.py:216}}
Aug 22 13:44:44 jammy-provider-cloud-0000007533 devstack@g-api.service[104437]: DEBUG glance_store.backend [-] Attempting to import store glance.store.vmware_datastore.Store {{(pid=104437) _load_store /opt/stack/data/venv/lib/python3.10/site-packages/glance_store/backend.py:216}}
Aug 22 13:44:44 jammy-provider-cloud-0000007533 devstack@g-api.service[104437]: DEBUG glance_store.backend [-] Attempting to import store http {{(pid=104437) _load_store /opt/stack/data/venv/lib/python3.10/site-packages/glance_store/backend.py:216}}
Aug 22 13:44:44 jammy-provider-cloud-0000007533 devstack@g-api.service[104438]: DEBUG glance_store.backend [-] Attempting to import store glance.store.swift.Store {{(pid=104438) _load_store /opt/stack/data/venv/lib/python3.10/site-packages/glance_store/backend.py:216}}
Aug 22 13:44:44 jammy-provider-cloud-0000007533 devstack@g-api.service[104437]: DEBUG glance_store.backend [-] Attempting to import store no_conf {{(pid=104437) _load_store /opt/stack/data/venv/lib/python3.10/site-packages/glance_store/backend.py:216}}
Aug 22 13:44:44 jammy-provider-cloud-0000007533 devstack@g-api.service[104438]: DEBUG glance_store.backend [-] Attempting to import store glance.store.vmware_datastore.Store {{(pid=104438) _load_store /opt/stack/data/venv/lib/python3.10/site-packages/glance_store/backend.py:216}}
Aug 22 13:44:44 jammy-provider-cloud-0000007533 devstack@g-api.service[104437]: DEBUG glance_store.backend [-] Attempting to import store rbd {{(pid=104437) _load_store /opt/stack/data/venv/lib/python3.10/site-packages/glance_store/backend.py:216}}
Aug 22 13:44:44 jammy-provider-cloud-0000007533 devstack@g-api.service[104437]: DEBUG glance_store.backend [-] Attempting to import store s3 {{(pid=104437) _load_store /opt/stack/data/venv/lib/python3.10/site-packages/glance_store/backend.py:216}}
Aug 22 13:44:44 jammy-provider-cloud-0000007533 devstack@g-api.service[104438]: DEBUG glance_store.backend [-] Attempting to import store http {{(pid=104438) _load_store /opt/stack/data/venv/lib/python3.10/site-packages/glance_store/backend.py:216}}
Aug 22 13:44:44 jammy-provider-cloud-0000007533 devstack@g-api.service[104437]: DEBUG glance_store.backend [-] Attempting to import store swift {{(pid=104437) _load_store /opt/stack/data/venv/lib/python3.10/site-packages/glance_store/backend.py:216}}
Aug 22 13:44:44 jammy-provider-cloud-0000007533 devstack@g-api.service[104437]: DEBUG glance_store.backend [-] Attempting to import store vmware {{(pid=104437) _load_store /opt/stack/data/venv/lib/python3.10/site-packages/glance_store/backend.py:216}}
Aug 22 13:44:44 jammy-provider-cloud-0000007533 devstack@g-api.service[104438]: DEBUG glance_store.backend [-] Attempting to import store no_conf {{(pid=104438) _load_store /opt/stack/data/venv/lib/python3.10/site-packages/glance_store/backend.py:216}}
Aug 22 13:44:44 jammy-provider-cloud-0000007533 devstack@g-api.service[104437]: DEBUG glance_store.backend [-] Registering options for group glance_store {{(pid=104437) register_opts /opt/stack/data/venv/lib/python3.10/site-packages/glance_store/backend.py:145}}
Aug 22 13:44:44 jammy-provider-cloud-0000007533 devstack@g-api.service[104438]: DEBUG glance_store.backend [-] Attempting to import store rbd {{(pid=104438) _load_store /opt/stack/data/venv/lib/python3.10/site-packages/glance_store/backend.py:216}}
Aug 22 13:44:44 jammy-provider-cloud-0000007533 devstack@g-api.service[104437]: DEBUG glance_store.backend [-] Registering options for group glance_store {{(pid=104437) register_opts /opt/stack/data/venv/lib/python3.10/site-packages/glance_store/backend.py:145}}
Aug 22 13:44:44 jammy-provider-cloud-0000007533 devstack@g-api.service[104438]: DEBUG glance_store.backend [-] Attempting to import store s3 {{(pid=104438) _load_store /opt/stack/data/venv/lib/python3.10/site-packages/glance_store/backend.py:216}}
Aug 22 13:44:44 jammy-provider-cloud-0000007533 devstack@g-api.service[104438]: DEBUG glance_store.backend [-] Attempting to import store swift {{(pid=104438) _load_store /opt/stack/data/venv/lib/python3.10/site-packages/glance_store/backend.py:216}}
Aug 22 13:44:44 jammy-provider-cloud-0000007533 devstack@g-api.service[104438]: DEBUG glance_store.backend [-] Attempting to import store vmware {{(pid=104438) _load_store /opt/stack/data/venv/lib/python3.10/site-packages/glance_store/backend.py:216}}
Aug 22 13:44:44 jammy-provider-cloud-0000007533 devstack@g-api.service[104437]: DEBUG glance_store.backend [-] Attempting to import store http {{(pid=104437) _load_store /opt/stack/data/venv/lib/python3.10/site-packages/glance_store/backend.py:216}}
Aug 22 13:44:44 jammy-provider-cloud-0000007533 devstack@g-api.service[104438]: DEBUG glance_store.backend [-] Registering options for group glance_store {{(pid=104438) register_opts /opt/stack/data/venv/lib/python3.10/site-packages/glance_store/backend.py:145}}
Aug 22 13:44:44 jammy-provider-cloud-0000007533 devstack@g-api.service[104437]: DEBUG glance_store.capabilities [-] Store glance_store._drivers.http.Store doesn't support updating dynamic storage capabilities. Please overwrite 'update_capabilities' method of the store to implement updating logics if needed. {{(pid=104437) update_capabilities /opt/stack/data/venv/lib/python3.10/site-packages/glance_store/capabilities.py:91}}
Aug 22 13:44:44 jammy-provider-cloud-0000007533 devstack@g-api.service[104437]: DEBUG glance_store.backend [-] Registering store http with schemes ('http', 'https') {{(pid=104437) create_stores /opt/stack/data/venv/lib/python3.10/site-packages/glance_store/backend.py:262}}
Aug 22 13:44:44 jammy-provider-cloud-0000007533 devstack@g-api.service[104437]: DEBUG glance_store.driver [-] Late loading location class glance_store._drivers.http.StoreLocation {{(pid=104437) get_store_location_class /opt/stack/data/venv/lib/python3.10/site-packages/glance_store/driver.py:133}}
Aug 22 13:44:44 jammy-provider-cloud-0000007533 devstack@g-api.service[104437]: DEBUG glance_store.location [-] Registering scheme http with {'store': <glance_store._drivers.http.Store object at 0x7fb6dadfbdf0>, 'location_class': <class 'glance_store._drivers.http.StoreLocation'>, 'store_entry': 'http'} {{(pid=104437) register_scheme_map /opt/stack/data/venv/lib/python3.10/site-packages/glance_store/location.py:146}}
Aug 22 13:44:44 jammy-provider-cloud-0000007533 devstack@g-api.service[104438]: DEBUG glance_store.backend [-] Registering options for group glance_store {{(pid=104438) register_opts /opt/stack/data/venv/lib/python3.10/site-packages/glance_store/backend.py:145}}
Aug 22 13:44:44 jammy-provider-cloud-0000007533 devstack@g-api.service[104437]: DEBUG glance_store.location [-] Registering scheme https with {'store': <glance_store._drivers.http.Store object at 0x7fb6dadfbdf0>, 'location_class': <class 'glance_store._drivers.http.StoreLocation'>, 'store_entry': 'http'} {{(pid=104437) register_scheme_map /opt/stack/data/venv/lib/python3.10/site-packages/glance_store/location.py:146}}
Aug 22 13:44:44 jammy-provider-cloud-0000007533 devstack@g-api.service[104437]: DEBUG glance_store.backend [-] Attempting to import store file {{(pid=104437) _load_store /opt/stack/data/venv/lib/python3.10/site-packages/glance_store/backend.py:216}}
Aug 22 13:44:44 jammy-provider-cloud-0000007533 devstack@g-api.service[104438]: DEBUG glance_store.backend [-] Attempting to import store http {{(pid=104438) _load_store /opt/stack/data/venv/lib/python3.10/site-packages/glance_store/backend.py:216}}
Aug 22 13:44:44 jammy-provider-cloud-0000007533 devstack@g-api.service[104437]: DEBUG glance_store.capabilities [-] Store glance_store._drivers.filesystem.Store doesn't support updating dynamic storage capabilities. Please overwrite 'update_capabilities' method of the store to implement updating logics if needed. {{(pid=104437) update_capabilities /opt/stack/data/venv/lib/python3.10/site-packages/glance_store/capabilities.py:91}}
Aug 22 13:44:44 jammy-provider-cloud-0000007533 devstack@g-api.service[104437]: DEBUG glance_store.backend [-] Registering store file with schemes ('file', 'filesystem') {{(pid=104437) create_stores /opt/stack/data/venv/lib/python3.10/site-packages/glance_store/backend.py:262}}
Aug 22 13:44:44 jammy-provider-cloud-0000007533 devstack@g-api.service[104437]: DEBUG glance_store.driver [-] Late loading location class glance_store._drivers.filesystem.StoreLocation {{(pid=104437) get_store_location_class /opt/stack/data/venv/lib/python3.10/site-packages/glance_store/driver.py:133}}
Aug 22 13:44:44 jammy-provider-cloud-0000007533 devstack@g-api.service[104437]: DEBUG glance_store.location [-] Registering scheme file with {'store': <glance_store._drivers.filesystem.Store object at 0x7fb6dadfb100>, 'location_class': <class 'glance_store._drivers.filesystem.StoreLocation'>, 'store_entry': 'file'} {{(pid=104437) register_scheme_map /opt/stack/data/venv/lib/python3.10/site-packages/glance_store/location.py:146}}
Aug 22 13:44:44 jammy-provider-cloud-0000007533 devstack@g-api.service[104437]: DEBUG glance_store.location [-] Registering scheme filesystem with {'store': <glance_store._drivers.filesystem.Store object at 0x7fb6dadfb100>, 'location_class': <class 'glance_store._drivers.filesystem.StoreLocation'>, 'store_entry': 'file'} {{(pid=104437) register_scheme_map /opt/stack/data/venv/lib/python3.10/site-packages/glance_store/location.py:146}}
Aug 22 13:44:44 jammy-provider-cloud-0000007533 devstack@g-api.service[104438]: DEBUG glance_store.capabilities [-] Store glance_store._drivers.http.Store doesn't support updating dynamic storage capabilities. Please overwrite 'update_capabilities' method of the store to implement updating logics if needed. {{(pid=104438) update_capabilities /opt/stack/data/venv/lib/python3.10/site-packages/glance_store/capabilities.py:91}}
Aug 22 13:44:44 jammy-provider-cloud-0000007533 devstack@g-api.service[104438]: DEBUG glance_store.backend [-] Registering store http with schemes ('http', 'https') {{(pid=104438) create_stores /opt/stack/data/venv/lib/python3.10/site-packages/glance_store/backend.py:262}}
Aug 22 13:44:44 jammy-provider-cloud-0000007533 devstack@g-api.service[104438]: DEBUG glance_store.driver [-] Late loading location class glance_store._drivers.http.StoreLocation {{(pid=104438) get_store_location_class /opt/stack/data/venv/lib/python3.10/site-packages/glance_store/driver.py:133}}
Aug 22 13:44:44 jammy-provider-cloud-0000007533 devstack@g-api.service[104437]: DEBUG glance.sqlite_migration [-] SQLite caching database not located, skipping migration {{(pid=104437) get_db_path /opt/stack/glance/glance/sqlite_migration.py:68}}
Aug 22 13:44:44 jammy-provider-cloud-0000007533 devstack@g-api.service[104438]: DEBUG glance_store.location [-] Registering scheme http with {'store': <glance_store._drivers.http.Store object at 0x7fb6dadf7df0>, 'location_class': <class 'glance_store._drivers.http.StoreLocation'>, 'store_entry': 'http'} {{(pid=104438) register_scheme_map /opt/stack/data/venv/lib/python3.10/site-packages/glance_store/location.py:146}}
Aug 22 13:44:44 jammy-provider-cloud-0000007533 devstack@g-api.service[104438]: DEBUG glance_store.location [-] Registering scheme https with {'store': <glance_store._drivers.http.Store object at 0x7fb6dadf7df0>, 'location_class': <class 'glance_store._drivers.http.StoreLocation'>, 'store_entry': 'http'} {{(pid=104438) register_scheme_map /opt/stack/data/venv/lib/python3.10/site-packages/glance_store/location.py:146}}
Aug 22 13:44:44 jammy-provider-cloud-0000007533 devstack@g-api.service[104437]: WARNING glance.common.wsgi_app [-] Import methods are enabled but staging directory /tmp/staging/ does not exist; Imports will fail!
Aug 22 13:44:44 jammy-provider-cloud-0000007533 devstack@g-api.service[104438]: DEBUG glance_store.backend [-] Attempting to import store file {{(pid=104438) _load_store /opt/stack/data/venv/lib/python3.10/site-packages/glance_store/backend.py:216}}
Aug 22 13:44:44 jammy-provider-cloud-0000007533 devstack@g-api.service[104438]: DEBUG glance_store.capabilities [-] Store glance_store._drivers.filesystem.Store doesn't support updating dynamic storage capabilities. Please overwrite 'update_capabilities' method of the store to implement updating logics if needed. {{(pid=104438) update_capabilities /opt/stack/data/venv/lib/python3.10/site-packages/glance_store/capabilities.py:91}}
Aug 22 13:44:44 jammy-provider-cloud-0000007533 devstack@g-api.service[104438]: DEBUG glance_store.backend [-] Registering store file with schemes ('file', 'filesystem') {{(pid=104438) create_stores /opt/stack/data/venv/lib/python3.10/site-packages/glance_store/backend.py:262}}
Aug 22 13:44:44 jammy-provider-cloud-0000007533 devstack@g-api.service[104438]: DEBUG glance_store.driver [-] Late loading location class glance_store._drivers.filesystem.StoreLocation {{(pid=104438) get_store_location_class /opt/stack/data/venv/lib/python3.10/site-packages/glance_store/driver.py:133}}
Aug 22 13:44:44 jammy-provider-cloud-0000007533 devstack@g-api.service[104438]: DEBUG glance_store.location [-] Registering scheme file with {'store': <glance_store._drivers.filesystem.Store object at 0x7fb6dadf7100>, 'location_class': <class 'glance_store._drivers.filesystem.StoreLocation'>, 'store_entry': 'file'} {{(pid=104438) register_scheme_map /opt/stack/data/venv/lib/python3.10/site-packages/glance_store/location.py:146}}
Aug 22 13:44:44 jammy-provider-cloud-0000007533 devstack@g-api.service[104438]: DEBUG glance_store.location [-] Registering scheme filesystem with {'store': <glance_store._drivers.filesystem.Store object at 0x7fb6dadf7100>, 'location_class': <class 'glance_store._drivers.filesystem.StoreLocation'>, 'store_entry': 'file'} {{(pid=104438) register_scheme_map /opt/stack/data/venv/lib/python3.10/site-packages/glance_store/location.py:146}}
Aug 22 13:44:44 jammy-provider-cloud-0000007533 devstack@g-api.service[104438]: DEBUG glance.sqlite_migration [-] SQLite caching database not located, skipping migration {{(pid=104438) get_db_path /opt/stack/glance/glance/sqlite_migration.py:68}}
Aug 22 13:44:44 jammy-provider-cloud-0000007533 devstack@g-api.service[104438]: WARNING glance.common.wsgi_app [-] Import methods are enabled but staging directory /tmp/staging/ does not exist; Imports will fail!
Aug 22 13:44:44 jammy-provider-cloud-0000007533 devstack@g-api.service[104437]: DEBUG glance.common.config [None req-145e9687-0349-4dd2-aea5-913a02dfccbb None None] Loading glance-api-keystone+cachemanagement from /etc/glance/glance-api-paste.ini {{(pid=104437) load_paste_app /opt/stack/glance/glance/common/config.py:726}}
Aug 22 13:44:44 jammy-provider-cloud-0000007533 devstack@g-api.service[104438]: DEBUG glance.common.config [None req-6b8734fd-9381-4b64-bef5-7b0a83f4e274 None None] Loading glance-api-keystone+cachemanagement from /etc/glance/glance-api-paste.ini {{(pid=104438) load_paste_app /opt/stack/glance/glance/common/config.py:726}}
Aug 22 13:44:45 jammy-provider-cloud-0000007533 devstack@g-api.service[104438]: INFO glance.image_cache [None req-6b8734fd-9381-4b64-bef5-7b0a83f4e274 None None] Image cache loaded driver 'centralized_db'.
Aug 22 13:44:45 jammy-provider-cloud-0000007533 devstack@g-api.service[104437]: INFO glance.image_cache [None req-145e9687-0349-4dd2-aea5-913a02dfccbb None None] Image cache loaded driver 'centralized_db'.
Aug 22 13:44:45 jammy-provider-cloud-0000007533 devstack@g-api.service[104438]: INFO dbcounter [None req-6b8734fd-9381-4b64-bef5-7b0a83f4e274 None None] Registered counter for database glance
Aug 22 13:44:45 jammy-provider-cloud-0000007533 devstack@g-api.service[104437]: INFO dbcounter [None req-145e9687-0349-4dd2-aea5-913a02dfccbb None None] Registered counter for database glance
Aug 22 13:44:45 jammy-provider-cloud-0000007533 devstack@g-api.service[104437]: DEBUG oslo_db.sqlalchemy.engines [None req-145e9687-0349-4dd2-aea5-913a02dfccbb None None] MySQL server mode set to STRICT_TRANS_TABLES,STRICT_ALL_TABLES,NO_ZERO_IN_DATE,NO_ZERO_DATE,ERROR_FOR_DIVISION_BY_ZERO,TRADITIONAL,NO_ENGINE_SUBSTITUTION {{(pid=104437) _check_effective_sql_mode /opt/stack/data/venv/lib/python3.10/site-packages/oslo_db/sqlalchemy/engines.py:342}}
Aug 22 13:44:45 jammy-provider-cloud-0000007533 devstack@g-api.service[104438]: DEBUG oslo_db.sqlalchemy.engines [None req-6b8734fd-9381-4b64-bef5-7b0a83f4e274 None None] MySQL server mode set to STRICT_TRANS_TABLES,STRICT_ALL_TABLES,NO_ZERO_IN_DATE,NO_ZERO_DATE,ERROR_FOR_DIVISION_BY_ZERO,TRADITIONAL,NO_ENGINE_SUBSTITUTION {{(pid=104438) _check_effective_sql_mode /opt/stack/data/venv/lib/python3.10/site-packages/oslo_db/sqlalchemy/engines.py:342}}
Aug 22 13:44:45 jammy-provider-cloud-0000007533 devstack@g-api.service[104437]: DEBUG dbcounter [-] [104437] Writer thread running {{(pid=104437) stat_writer /opt/stack/data/venv/lib/python3.10/site-packages/dbcounter.py:102}}
Aug 22 13:44:45 jammy-provider-cloud-0000007533 devstack@g-api.service[104438]: DEBUG dbcounter [-] [104438] Writer thread running {{(pid=104438) stat_writer /opt/stack/data/venv/lib/python3.10/site-packages/dbcounter.py:102}}
Aug 22 13:44:45 jammy-provider-cloud-0000007533 devstack@g-api.service[104438]: DEBUG glance.image_cache.drivers.centralized_db [None req-6b8734fd-9381-4b64-bef5-7b0a83f4e274 None None] Node reference is already recorded, ignoring it {{(pid=104438) configure /opt/stack/glance/glance/image_cache/drivers/centralized_db.py:71}}
Aug 22 13:44:45 jammy-provider-cloud-0000007533 devstack@g-api.service[104437]: INFO glance.image_cache [None req-145e9687-0349-4dd2-aea5-913a02dfccbb None None] Image cache loaded driver 'centralized_db'.
Aug 22 13:44:45 jammy-provider-cloud-0000007533 devstack@g-api.service[104438]: INFO glance.image_cache [None req-6b8734fd-9381-4b64-bef5-7b0a83f4e274 None None] Image cache loaded driver 'centralized_db'.
Aug 22 13:44:45 jammy-provider-cloud-0000007533 devstack@g-api.service[104437]: DEBUG glance.image_cache.drivers.centralized_db [None req-145e9687-0349-4dd2-aea5-913a02dfccbb None None] Node reference is already recorded, ignoring it {{(pid=104437) configure /opt/stack/glance/glance/image_cache/drivers/centralized_db.py:71}}
Aug 22 13:44:45 jammy-provider-cloud-0000007533 devstack@g-api.service[104438]: DEBUG glance.image_cache.drivers.centralized_db [None req-6b8734fd-9381-4b64-bef5-7b0a83f4e274 None None] Node reference is already recorded, ignoring it {{(pid=104438) configure /opt/stack/glance/glance/image_cache/drivers/centralized_db.py:71}}
Aug 22 13:44:45 jammy-provider-cloud-0000007533 devstack@g-api.service[104437]: DEBUG glance.api.v2.cached_images [None req-145e9687-0349-4dd2-aea5-913a02dfccbb None None] Started cache worker thread {{(pid=104437) __init__ /opt/stack/glance/glance/api/v2/cached_images.py:69}}
Aug 22 13:44:45 jammy-provider-cloud-0000007533 devstack@g-api.service[104437]: INFO glance.image_cache [None req-145e9687-0349-4dd2-aea5-913a02dfccbb None None] Image cache loaded driver 'centralized_db'.
Aug 22 13:44:45 jammy-provider-cloud-0000007533 devstack@g-api.service[104437]: DEBUG glance.image_cache.drivers.centralized_db [None req-145e9687-0349-4dd2-aea5-913a02dfccbb None None] Node reference is already recorded, ignoring it {{(pid=104437) configure /opt/stack/glance/glance/image_cache/drivers/centralized_db.py:71}}
Aug 22 13:44:45 jammy-provider-cloud-0000007533 devstack@g-api.service[104437]: INFO glance.api.middleware.cache_manage [None req-145e9687-0349-4dd2-aea5-913a02dfccbb None None] Initialized image cache management middleware
Aug 22 13:44:45 jammy-provider-cloud-0000007533 devstack@g-api.service[104437]: INFO glance.image_cache [None req-145e9687-0349-4dd2-aea5-913a02dfccbb None None] Image cache loaded driver 'centralized_db'.
Aug 22 13:44:45 jammy-provider-cloud-0000007533 devstack@g-api.service[104437]: DEBUG glance.image_cache.drivers.centralized_db [None req-145e9687-0349-4dd2-aea5-913a02dfccbb None None] Node reference is already recorded, ignoring it {{(pid=104437) configure /opt/stack/glance/glance/image_cache/drivers/centralized_db.py:71}}
Aug 22 13:44:45 jammy-provider-cloud-0000007533 devstack@g-api.service[104438]: DEBUG glance.api.v2.cached_images [None req-6b8734fd-9381-4b64-bef5-7b0a83f4e274 None None] Started cache worker thread {{(pid=104438) __init__ /opt/stack/glance/glance/api/v2/cached_images.py:69}}
Aug 22 13:44:45 jammy-provider-cloud-0000007533 devstack@g-api.service[104437]: INFO glance.api.middleware.cache [None req-145e9687-0349-4dd2-aea5-913a02dfccbb None None] Initialized image cache middleware
Aug 22 13:44:45 jammy-provider-cloud-0000007533 devstack@g-api.service[104438]: INFO glance.image_cache [None req-6b8734fd-9381-4b64-bef5-7b0a83f4e274 None None] Image cache loaded driver 'centralized_db'.
Aug 22 13:44:45 jammy-provider-cloud-0000007533 devstack@g-api.service[104437]: WARNING keystonemiddleware.auth_token [None req-145e9687-0349-4dd2-aea5-913a02dfccbb None None] AuthToken middleware is set with keystone_authtoken.service_token_roles_required set to False. This is backwards compatible but deprecated behaviour. Please set this to True.
Aug 22 13:44:45 jammy-provider-cloud-0000007533 devstack@g-api.service[104437]: WARNING keystonemiddleware.auth_token [None req-145e9687-0349-4dd2-aea5-913a02dfccbb None None] Configuring www_authenticate_uri to point to the public identity endpoint is required; clients may not be able to authenticate against an admin endpoint
Aug 22 13:44:45 jammy-provider-cloud-0000007533 devstack@g-api.service[104438]: DEBUG glance.image_cache.drivers.centralized_db [None req-6b8734fd-9381-4b64-bef5-7b0a83f4e274 None None] Node reference is already recorded, ignoring it {{(pid=104438) configure /opt/stack/glance/glance/image_cache/drivers/centralized_db.py:71}}
Aug 22 13:44:45 jammy-provider-cloud-0000007533 devstack@g-api.service[104437]: DEBUG glance.common.config [None req-145e9687-0349-4dd2-aea5-913a02dfccbb None None] ******************************************************************************** {{(pid=104437) log_opt_values /opt/stack/data/venv/lib/python3.10/site-packages/oslo_config/cfg.py:2600}}
Aug 22 13:44:45 jammy-provider-cloud-0000007533 devstack@g-api.service[104437]: DEBUG glance.common.config [None req-145e9687-0349-4dd2-aea5-913a02dfccbb None None] Configuration options gathered from: {{(pid=104437) log_opt_values /opt/stack/data/venv/lib/python3.10/site-packages/oslo_config/cfg.py:2601}}
Aug 22 13:44:45 jammy-provider-cloud-0000007533 devstack@g-api.service[104437]: DEBUG glance.common.config [None req-145e9687-0349-4dd2-aea5-913a02dfccbb None None] command line args: [] {{(pid=104437) log_opt_values /opt/stack/data/venv/lib/python3.10/site-packages/oslo_config/cfg.py:2602}}
Aug 22 13:44:45 jammy-provider-cloud-0000007533 devstack@g-api.service[104437]: DEBUG glance.common.config [None req-145e9687-0349-4dd2-aea5-913a02dfccbb None None] config files: ['/etc/glance/glance-image-import.conf', '/etc/glance/glance-api.conf'] {{(pid=104437) log_opt_values /opt/stack/data/venv/lib/python3.10/site-packages/oslo_config/cfg.py:2603}}
Aug 22 13:44:45 jammy-provider-cloud-0000007533 devstack@g-api.service[104437]: DEBUG glance.common.config [None req-145e9687-0349-4dd2-aea5-913a02dfccbb None None] ================================================================================ {{(pid=104437) log_opt_values /opt/stack/data/venv/lib/python3.10/site-packages/oslo_config/cfg.py:2605}}
Aug 22 13:44:45 jammy-provider-cloud-0000007533 devstack@g-api.service[104437]: DEBUG glance.common.config [None req-145e9687-0349-4dd2-aea5-913a02dfccbb None None] allow_anonymous_access         = False {{(pid=104437) log_opt_values /opt/stack/data/venv/lib/python3.10/site-packages/oslo_config/cfg.py:2613}}
Aug 22 13:44:45 jammy-provider-cloud-0000007533 devstack@g-api.service[104437]: DEBUG glance.common.config [None req-145e9687-0349-4dd2-aea5-913a02dfccbb None None] api_limit_max                  = 1000 {{(pid=104437) log_opt_values /opt/stack/data/venv/lib/python3.10/site-packages/oslo_config/cfg.py:2613}}
Aug 22 13:44:45 jammy-provider-cloud-0000007533 devstack@g-api.service[104437]: DEBUG glance.common.config [None req-145e9687-0349-4dd2-aea5-913a02dfccbb None None] backlog                        = 4096 {{(pid=104437) log_opt_values /opt/stack/data/venv/lib/python3.10/site-packages/oslo_config/cfg.py:2613}}
Aug 22 13:44:45 jammy-provider-cloud-0000007533 devstack@g-api.service[104437]: DEBUG glance.common.config [None req-145e9687-0349-4dd2-aea5-913a02dfccbb None None] bind_host                      = 0.0.0.0 {{(pid=104437) log_opt_values /opt/stack/data/venv/lib/python3.10/site-packages/oslo_config/cfg.py:2613}}
Aug 22 13:44:45 jammy-provider-cloud-0000007533 devstack@g-api.service[104437]: DEBUG glance.common.config [None req-145e9687-0349-4dd2-aea5-913a02dfccbb None None] bind_port                      = None {{(pid=104437) log_opt_values /opt/stack/data/venv/lib/python3.10/site-packages/oslo_config/cfg.py:2613}}
Aug 22 13:44:45 jammy-provider-cloud-0000007533 devstack@g-api.service[104437]: DEBUG glance.common.config [None req-145e9687-0349-4dd2-aea5-913a02dfccbb None None] client_socket_timeout          = 900 {{(pid=104437) log_opt_values /opt/stack/data/venv/lib/python3.10/site-packages/oslo_config/cfg.py:2613}}
Aug 22 13:44:45 jammy-provider-cloud-0000007533 devstack@g-api.service[104437]: DEBUG glance.common.config [None req-145e9687-0349-4dd2-aea5-913a02dfccbb None None] config_dir                     = [] {{(pid=104437) log_opt_values /opt/stack/data/venv/lib/python3.10/site-packages/oslo_config/cfg.py:2613}}
Aug 22 13:44:45 jammy-provider-cloud-0000007533 devstack@g-api.service[104437]: DEBUG glance.common.config [None req-145e9687-0349-4dd2-aea5-913a02dfccbb None None] config_file                    = ['/etc/glance/glance-image-import.conf', '/etc/glance/glance-api.conf'] {{(pid=104437) log_opt_values /opt/stack/data/venv/lib/python3.10/site-packages/oslo_config/cfg.py:2613}}
Aug 22 13:44:45 jammy-provider-cloud-0000007533 devstack@g-api.service[104437]: DEBUG glance.common.config [None req-145e9687-0349-4dd2-aea5-913a02dfccbb None None] config_source                  = [] {{(pid=104437) log_opt_values /opt/stack/data/venv/lib/python3.10/site-packages/oslo_config/cfg.py:2613}}
Aug 22 13:44:45 jammy-provider-cloud-0000007533 devstack@g-api.service[104437]: DEBUG glance.common.config [None req-145e9687-0349-4dd2-aea5-913a02dfccbb None None] control_exchange               = glance {{(pid=104437) log_opt_values /opt/stack/data/venv/lib/python3.10/site-packages/oslo_config/cfg.py:2613}}
Aug 22 13:44:45 jammy-provider-cloud-0000007533 devstack@g-api.service[104437]: DEBUG glance.common.config [None req-145e9687-0349-4dd2-aea5-913a02dfccbb None None] debug                          = True {{(pid=104437) log_opt_values /opt/stack/data/venv/lib/python3.10/site-packages/oslo_config/cfg.py:2613}}
Aug 22 13:44:45 jammy-provider-cloud-0000007533 devstack@g-api.service[104437]: DEBUG glance.common.config [None req-145e9687-0349-4dd2-aea5-913a02dfccbb None None] default_log_levels             = ['amqp=WARN', 'amqplib=WARN', 'boto=WARN', 'qpid=WARN', 'sqlalchemy=WARN', 'suds=INFO', 'oslo.messaging=INFO', 'oslo_messaging=INFO', 'iso8601=WARN', 'requests.packages.urllib3.connectionpool=WARN', 'urllib3.connectionpool=WARN', 'websocket=WARN', 'requests.packages.urllib3.util.retry=WARN', 'urllib3.util.retry=WARN', 'keystonemiddleware=WARN', 'routes.middleware=WARN', 'stevedore=WARN', 'taskflow=WARN', 'keystoneauth=WARN', 'oslo.cache=INFO', 'oslo_policy=INFO', 'dogpile.core.dogpile=INFO'] {{(pid=104437) log_opt_values /opt/stack/data/venv/lib/python3.10/site-packages/oslo_config/cfg.py:2613}}
Aug 22 13:44:45 jammy-provider-cloud-0000007533 devstack@g-api.service[104437]: DEBUG glance.common.config [None req-145e9687-0349-4dd2-aea5-913a02dfccbb None None] default_publisher_id           = image.localhost {{(pid=104437) log_opt_values /opt/stack/data/venv/lib/python3.10/site-packages/oslo_config/cfg.py:2613}}
Aug 22 13:44:45 jammy-provider-cloud-0000007533 devstack@g-api.service[104437]: DEBUG glance.common.config [None req-145e9687-0349-4dd2-aea5-913a02dfccbb None None] delayed_delete                 = False {{(pid=104437) log_opt_values /opt/stack/data/venv/lib/python3.10/site-packages/oslo_config/cfg.py:2613}}
Aug 22 13:44:45 jammy-provider-cloud-0000007533 devstack@g-api.service[104437]: DEBUG glance.common.config [None req-145e9687-0349-4dd2-aea5-913a02dfccbb None None] digest_algorithm               = sha256 {{(pid=104437) log_opt_values /opt/stack/data/venv/lib/python3.10/site-packages/oslo_config/cfg.py:2613}}
Aug 22 13:44:45 jammy-provider-cloud-0000007533 devstack@g-api.service[104437]: DEBUG glance.common.config [None req-145e9687-0349-4dd2-aea5-913a02dfccbb None None] disabled_notifications         = [] {{(pid=104437) log_opt_values /opt/stack/data/venv/lib/python3.10/site-packages/oslo_config/cfg.py:2613}}
Aug 22 13:44:45 jammy-provider-cloud-0000007533 devstack@g-api.service[104437]: DEBUG glance.common.config [None req-145e9687-0349-4dd2-aea5-913a02dfccbb None None] do_secure_hash                 = True {{(pid=104437) log_opt_values /opt/stack/data/venv/lib/python3.10/site-packages/oslo_config/cfg.py:2613}}
Aug 22 13:44:45 jammy-provider-cloud-0000007533 devstack@g-api.service[104437]: DEBUG glance.common.config [None req-145e9687-0349-4dd2-aea5-913a02dfccbb None None] enabled_backends               = None {{(pid=104437) log_opt_values /opt/stack/data/venv/lib/python3.10/site-packages/oslo_config/cfg.py:2613}}
Aug 22 13:44:45 jammy-provider-cloud-0000007533 devstack@g-api.service[104437]: DEBUG glance.common.config [None req-145e9687-0349-4dd2-aea5-913a02dfccbb None None] enabled_import_methods         = ['glance-direct', 'web-download', 'copy-image'] {{(pid=104437) log_opt_values /opt/stack/data/venv/lib/python3.10/site-packages/oslo_config/cfg.py:2613}}
Aug 22 13:44:45 jammy-provider-cloud-0000007533 devstack@g-api.service[104437]: DEBUG glance.common.config [None req-145e9687-0349-4dd2-aea5-913a02dfccbb None None] hashing_algorithm              = sha512 {{(pid=104437) log_opt_values /opt/stack/data/venv/lib/python3.10/site-packages/oslo_config/cfg.py:2613}}
Aug 22 13:44:45 jammy-provider-cloud-0000007533 devstack@g-api.service[104437]: DEBUG glance.common.config [None req-145e9687-0349-4dd2-aea5-913a02dfccbb None None] http_keepalive                 = True {{(pid=104437) log_opt_values /opt/stack/data/venv/lib/python3.10/site-packages/oslo_config/cfg.py:2613}}
Aug 22 13:44:45 jammy-provider-cloud-0000007533 devstack@g-api.service[104437]: DEBUG glance.common.config [None req-145e9687-0349-4dd2-aea5-913a02dfccbb None None] http_retries                   = 3 {{(pid=104437) log_opt_values /opt/stack/data/venv/lib/python3.10/site-packages/oslo_config/cfg.py:2613}}
Aug 22 13:44:45 jammy-provider-cloud-0000007533 devstack@g-api.service[104437]: DEBUG glance.common.config [None req-145e9687-0349-4dd2-aea5-913a02dfccbb None None] image_cache_dir                = /opt/stack/data/glance/cache/ {{(pid=104437) log_opt_values /opt/stack/data/venv/lib/python3.10/site-packages/oslo_config/cfg.py:2613}}
Aug 22 13:44:45 jammy-provider-cloud-0000007533 devstack@g-api.service[104437]: DEBUG glance.common.config [None req-145e9687-0349-4dd2-aea5-913a02dfccbb None None] image_cache_driver             = centralized_db {{(pid=104437) log_opt_values /opt/stack/data/venv/lib/python3.10/site-packages/oslo_config/cfg.py:2613}}
Aug 22 13:44:45 jammy-provider-cloud-0000007533 devstack@g-api.service[104437]: DEBUG glance.common.config [None req-145e9687-0349-4dd2-aea5-913a02dfccbb None None] image_cache_max_size           = 10737418240 {{(pid=104437) log_opt_values /opt/stack/data/venv/lib/python3.10/site-packages/oslo_config/cfg.py:2613}}
Aug 22 13:44:45 jammy-provider-cloud-0000007533 devstack@g-api.service[104437]: DEBUG glance.common.config [None req-145e9687-0349-4dd2-aea5-913a02dfccbb None None] image_cache_sqlite_db          = cache.db {{(pid=104437) log_opt_values /opt/stack/data/venv/lib/python3.10/site-packages/oslo_config/cfg.py:2613}}
Aug 22 13:44:45 jammy-provider-cloud-0000007533 devstack@g-api.service[104437]: DEBUG glance.common.config [None req-145e9687-0349-4dd2-aea5-913a02dfccbb None None] image_cache_stall_time         = 86400 {{(pid=104437) log_opt_values /opt/stack/data/venv/lib/python3.10/site-packages/oslo_config/cfg.py:2613}}
Aug 22 13:44:45 jammy-provider-cloud-0000007533 devstack@g-api.service[104437]: DEBUG glance.common.config [None req-145e9687-0349-4dd2-aea5-913a02dfccbb None None] image_location_quota           = 10 {{(pid=104437) log_opt_values /opt/stack/data/venv/lib/python3.10/site-packages/oslo_config/cfg.py:2613}}
Aug 22 13:44:45 jammy-provider-cloud-0000007533 devstack@g-api.service[104437]: DEBUG glance.common.config [None req-145e9687-0349-4dd2-aea5-913a02dfccbb None None] image_member_quota             = 128 {{(pid=104437) log_opt_values /opt/stack/data/venv/lib/python3.10/site-packages/oslo_config/cfg.py:2613}}
Aug 22 13:44:45 jammy-provider-cloud-0000007533 devstack@g-api.service[104437]: DEBUG glance.common.config [None req-145e9687-0349-4dd2-aea5-913a02dfccbb None None] image_property_quota           = 128 {{(pid=104437) log_opt_values /opt/stack/data/venv/lib/python3.10/site-packages/oslo_config/cfg.py:2613}}
Aug 22 13:44:45 jammy-provider-cloud-0000007533 devstack@g-api.service[104437]: DEBUG glance.common.config [None req-145e9687-0349-4dd2-aea5-913a02dfccbb None None] image_size_cap                 = 1099511627776 {{(pid=104437) log_opt_values /opt/stack/data/venv/lib/python3.10/site-packages/oslo_config/cfg.py:2613}}
Aug 22 13:44:45 jammy-provider-cloud-0000007533 devstack@g-api.service[104437]: DEBUG glance.common.config [None req-145e9687-0349-4dd2-aea5-913a02dfccbb None None] image_tag_quota                = 128 {{(pid=104437) log_opt_values /opt/stack/data/venv/lib/python3.10/site-packages/oslo_config/cfg.py:2613}}
Aug 22 13:44:45 jammy-provider-cloud-0000007533 devstack@g-api.service[104437]: DEBUG glance.common.config [None req-145e9687-0349-4dd2-aea5-913a02dfccbb None None] instance_format                = [instance: %(uuid)s]  {{(pid=104437) log_opt_values /opt/stack/data/venv/lib/python3.10/site-packages/oslo_config/cfg.py:2613}}
Aug 22 13:44:45 jammy-provider-cloud-0000007533 devstack@g-api.service[104437]: DEBUG glance.common.config [None req-145e9687-0349-4dd2-aea5-913a02dfccbb None None] instance_uuid_format           = [instance: %(uuid)s]  {{(pid=104437) log_opt_values /opt/stack/data/venv/lib/python3.10/site-packages/oslo_config/cfg.py:2613}}
Aug 22 13:44:45 jammy-provider-cloud-0000007533 devstack@g-api.service[104437]: DEBUG glance.common.config [None req-145e9687-0349-4dd2-aea5-913a02dfccbb None None] limit_param_default            = 25 {{(pid=104437) log_opt_values /opt/stack/data/venv/lib/python3.10/site-packages/oslo_config/cfg.py:2613}}
Aug 22 13:44:45 jammy-provider-cloud-0000007533 devstack@g-api.service[104437]: DEBUG glance.common.config [None req-145e9687-0349-4dd2-aea5-913a02dfccbb None None] log_color                      = True {{(pid=104437) log_opt_values /opt/stack/data/venv/lib/python3.10/site-packages/oslo_config/cfg.py:2613}}
Aug 22 13:44:45 jammy-provider-cloud-0000007533 devstack@g-api.service[104437]: DEBUG glance.common.config [None req-145e9687-0349-4dd2-aea5-913a02dfccbb None None] log_config_append              = None {{(pid=104437) log_opt_values /opt/stack/data/venv/lib/python3.10/site-packages/oslo_config/cfg.py:2613}}
Aug 22 13:44:45 jammy-provider-cloud-0000007533 devstack@g-api.service[104437]: DEBUG glance.common.config [None req-145e9687-0349-4dd2-aea5-913a02dfccbb None None] log_date_format                = %Y-%m-%d %H:%M:%S {{(pid=104437) log_opt_values /opt/stack/data/venv/lib/python3.10/site-packages/oslo_config/cfg.py:2613}}
Aug 22 13:44:45 jammy-provider-cloud-0000007533 devstack@g-api.service[104437]: DEBUG glance.common.config [None req-145e9687-0349-4dd2-aea5-913a02dfccbb None None] log_dir                        = None {{(pid=104437) log_opt_values /opt/stack/data/venv/lib/python3.10/site-packages/oslo_config/cfg.py:2613}}
Aug 22 13:44:45 jammy-provider-cloud-0000007533 devstack@g-api.service[104437]: DEBUG glance.common.config [None req-145e9687-0349-4dd2-aea5-913a02dfccbb None None] log_file                       = None {{(pid=104437) log_opt_values /opt/stack/data/venv/lib/python3.10/site-packages/oslo_config/cfg.py:2613}}
Aug 22 13:44:45 jammy-provider-cloud-0000007533 devstack@g-api.service[104437]: DEBUG glance.common.config [None req-145e9687-0349-4dd2-aea5-913a02dfccbb None None] log_rotate_interval            = 1 {{(pid=104437) log_opt_values /opt/stack/data/venv/lib/python3.10/site-packages/oslo_config/cfg.py:2613}}
Aug 22 13:44:45 jammy-provider-cloud-0000007533 devstack@g-api.service[104437]: DEBUG glance.common.config [None req-145e9687-0349-4dd2-aea5-913a02dfccbb None None] log_rotate_interval_type       = days {{(pid=104437) log_opt_values /opt/stack/data/venv/lib/python3.10/site-packages/oslo_config/cfg.py:2613}}
Aug 22 13:44:45 jammy-provider-cloud-0000007533 devstack@g-api.service[104437]: DEBUG glance.common.config [None req-145e9687-0349-4dd2-aea5-913a02dfccbb None None] log_rotation_type              = none {{(pid=104437) log_opt_values /opt/stack/data/venv/lib/python3.10/site-packages/oslo_config/cfg.py:2613}}
Aug 22 13:44:45 jammy-provider-cloud-0000007533 devstack@g-api.service[104437]: DEBUG glance.common.config [None req-145e9687-0349-4dd2-aea5-913a02dfccbb None None] logging_context_format_string  = %(color)s%(levelname)s %(name)s [%(global_request_id)s %(request_id)s %(project_name)s %(user_name)s%(color)s] %(instance)s%(color)s%(message)s {{(pid=104437) log_opt_values /opt/stack/data/venv/lib/python3.10/site-packages/oslo_config/cfg.py:2613}}
Aug 22 13:44:45 jammy-provider-cloud-0000007533 devstack@g-api.service[104437]: DEBUG glance.common.config [None req-145e9687-0349-4dd2-aea5-913a02dfccbb None None] logging_debug_format_suffix    = {{(pid=%(process)d) %(funcName)s %(pathname)s:%(lineno)d}} {{(pid=104437) log_opt_values /opt/stack/data/venv/lib/python3.10/site-packages/oslo_config/cfg.py:2613}}
Aug 22 13:44:45 jammy-provider-cloud-0000007533 devstack@g-api.service[104437]: DEBUG glance.common.config [None req-145e9687-0349-4dd2-aea5-913a02dfccbb None None] logging_default_format_string  = %(color)s%(levelname)s %(name)s [-%(color)s] %(instance)s%(color)s%(message)s {{(pid=104437) log_opt_values /opt/stack/data/venv/lib/python3.10/site-packages/oslo_config/cfg.py:2613}}
Aug 22 13:44:45 jammy-provider-cloud-0000007533 devstack@g-api.service[104437]: DEBUG glance.common.config [None req-145e9687-0349-4dd2-aea5-913a02dfccbb None None] logging_exception_prefix       = ERROR %(name)s %(instance)s {{(pid=104437) log_opt_values /opt/stack/data/venv/lib/python3.10/site-packages/oslo_config/cfg.py:2613}}
Aug 22 13:44:45 jammy-provider-cloud-0000007533 devstack@g-api.service[104437]: DEBUG glance.common.config [None req-145e9687-0349-4dd2-aea5-913a02dfccbb None None] logging_user_identity_format   = %(user)s %(project)s %(domain)s %(system_scope)s %(user_domain)s %(project_domain)s {{(pid=104437) log_opt_values /opt/stack/data/venv/lib/python3.10/site-packages/oslo_config/cfg.py:2613}}
Aug 22 13:44:45 jammy-provider-cloud-0000007533 devstack@g-api.service[104437]: DEBUG glance.common.config [None req-145e9687-0349-4dd2-aea5-913a02dfccbb None None] max_header_line                = 16384 {{(pid=104437) log_opt_values /opt/stack/data/venv/lib/python3.10/site-packages/oslo_config/cfg.py:2613}}
