Feb 11 00:26:07 jammy-provider-cloud-0000007999 neutron-server[89894]: DEBUG oslo_service.service [-] cli_script.dry_run             = False {{(pid=89894) log_opt_values /opt/stack/data/venv/lib/python3.10/site-packages/oslo_config/cfg.py:2824}}
Feb 11 00:26:07 jammy-provider-cloud-0000007999 neutron-server[89894]: DEBUG oslo_service.service [-] oslo_messaging_rabbit.amqp_auto_delete = False {{(pid=89894) log_opt_values /opt/stack/data/venv/lib/python3.10/site-packages/oslo_config/cfg.py:2824}}
Feb 11 00:26:07 jammy-provider-cloud-0000007999 neutron-server[89894]: DEBUG oslo_service.service [-] oslo_messaging_rabbit.amqp_durable_queues = False {{(pid=89894) log_opt_values /opt/stack/data/venv/lib/python3.10/site-packages/oslo_config/cfg.py:2824}}
Feb 11 00:26:07 jammy-provider-cloud-0000007999 neutron-server[89894]: DEBUG oslo_service.service [-] oslo_messaging_rabbit.conn_pool_min_size = 2 {{(pid=89894) log_opt_values /opt/stack/data/venv/lib/python3.10/site-packages/oslo_config/cfg.py:2824}}
Feb 11 00:26:07 jammy-provider-cloud-0000007999 neutron-server[89894]: DEBUG oslo_service.service [-] oslo_messaging_rabbit.conn_pool_ttl = 1200 {{(pid=89894) log_opt_values /opt/stack/data/venv/lib/python3.10/site-packages/oslo_config/cfg.py:2824}}
Feb 11 00:26:07 jammy-provider-cloud-0000007999 neutron-server[89894]: DEBUG oslo_service.service [-] oslo_messaging_rabbit.direct_mandatory_flag = True {{(pid=89894) log_opt_values /opt/stack/data/venv/lib/python3.10/site-packages/oslo_config/cfg.py:2824}}
Feb 11 00:26:07 jammy-provider-cloud-0000007999 neutron-server[89894]: DEBUG oslo_service.service [-] oslo_messaging_rabbit.enable_cancel_on_failover = False {{(pid=89894) log_opt_values /opt/stack/data/venv/lib/python3.10/site-packages/oslo_config/cfg.py:2824}}
Feb 11 00:26:07 jammy-provider-cloud-0000007999 neutron-server[89894]: DEBUG oslo_service.service [-] oslo_messaging_rabbit.heartbeat_in_pthread = False {{(pid=89894) log_opt_values /opt/stack/data/venv/lib/python3.10/site-packages/oslo_config/cfg.py:2824}}
Feb 11 00:26:07 jammy-provider-cloud-0000007999 neutron-server[89894]: DEBUG oslo_service.service [-] oslo_messaging_rabbit.heartbeat_rate = 3 {{(pid=89894) log_opt_values /opt/stack/data/venv/lib/python3.10/site-packages/oslo_config/cfg.py:2824}}
Feb 11 00:26:07 jammy-provider-cloud-0000007999 neutron-server[89894]: DEBUG oslo_service.service [-] oslo_messaging_rabbit.heartbeat_timeout_threshold = 60 {{(pid=89894) log_opt_values /opt/stack/data/venv/lib/python3.10/site-packages/oslo_config/cfg.py:2824}}
Feb 11 00:26:07 jammy-provider-cloud-0000007999 neutron-server[89894]: DEBUG oslo_service.service [-] oslo_messaging_rabbit.hostname = jammy-provider-cloud-0000007999 {{(pid=89894) log_opt_values /opt/stack/data/venv/lib/python3.10/site-packages/oslo_config/cfg.py:2824}}
Feb 11 00:26:07 jammy-provider-cloud-0000007999 neutron-server[89894]: DEBUG oslo_service.service [-] oslo_messaging_rabbit.kombu_compression = None {{(pid=89894) log_opt_values /opt/stack/data/venv/lib/python3.10/site-packages/oslo_config/cfg.py:2824}}
Feb 11 00:26:07 jammy-provider-cloud-0000007999 neutron-server[89894]: DEBUG oslo_service.service [-] oslo_messaging_rabbit.kombu_failover_strategy = round-robin {{(pid=89894) log_opt_values /opt/stack/data/venv/lib/python3.10/site-packages/oslo_config/cfg.py:2824}}
Feb 11 00:26:07 jammy-provider-cloud-0000007999 neutron-server[89894]: DEBUG oslo_service.service [-] oslo_messaging_rabbit.kombu_missing_consumer_retry_timeout = 60 {{(pid=89894) log_opt_values /opt/stack/data/venv/lib/python3.10/site-packages/oslo_config/cfg.py:2824}}
Feb 11 00:26:07 jammy-provider-cloud-0000007999 neutron-server[89894]: DEBUG oslo_service.service [-] oslo_messaging_rabbit.kombu_reconnect_delay = 1.0 {{(pid=89894) log_opt_values /opt/stack/data/venv/lib/python3.10/site-packages/oslo_config/cfg.py:2824}}
Feb 11 00:26:07 jammy-provider-cloud-0000007999 neutron-server[89894]: DEBUG oslo_service.service [-] oslo_messaging_rabbit.processname = neutron-server {{(pid=89894) log_opt_values /opt/stack/data/venv/lib/python3.10/site-packages/oslo_config/cfg.py:2824}}
Feb 11 00:26:07 jammy-provider-cloud-0000007999 neutron-server[89894]: DEBUG oslo_service.service [-] oslo_messaging_rabbit.rabbit_ha_queues = False {{(pid=89894) log_opt_values /opt/stack/data/venv/lib/python3.10/site-packages/oslo_config/cfg.py:2824}}
Feb 11 00:26:07 jammy-provider-cloud-0000007999 neutron-server[89894]: DEBUG oslo_service.service [-] oslo_messaging_rabbit.rabbit_interval_max = 30 {{(pid=89894) log_opt_values /opt/stack/data/venv/lib/python3.10/site-packages/oslo_config/cfg.py:2824}}
Feb 11 00:26:07 jammy-provider-cloud-0000007999 neutron-server[89894]: DEBUG oslo_service.service [-] oslo_messaging_rabbit.rabbit_login_method = AMQPLAIN {{(pid=89894) log_opt_values /opt/stack/data/venv/lib/python3.10/site-packages/oslo_config/cfg.py:2824}}
Feb 11 00:26:07 jammy-provider-cloud-0000007999 neutron-server[89894]: DEBUG oslo_service.service [-] oslo_messaging_rabbit.rabbit_qos_prefetch_count = 0 {{(pid=89894) log_opt_values /opt/stack/data/venv/lib/python3.10/site-packages/oslo_config/cfg.py:2824}}
Feb 11 00:26:07 jammy-provider-cloud-0000007999 neutron-server[89894]: DEBUG oslo_service.service [-] oslo_messaging_rabbit.rabbit_quorum_delivery_limit = 0 {{(pid=89894) log_opt_values /opt/stack/data/venv/lib/python3.10/site-packages/oslo_config/cfg.py:2824}}
Feb 11 00:26:07 jammy-provider-cloud-0000007999 neutron-server[89894]: DEBUG oslo_service.service [-] oslo_messaging_rabbit.rabbit_quorum_max_memory_bytes = 0 {{(pid=89894) log_opt_values /opt/stack/data/venv/lib/python3.10/site-packages/oslo_config/cfg.py:2824}}
Feb 11 00:26:07 jammy-provider-cloud-0000007999 neutron-server[89894]: DEBUG oslo_service.service [-] oslo_messaging_rabbit.rabbit_quorum_max_memory_length = 0 {{(pid=89894) log_opt_values /opt/stack/data/venv/lib/python3.10/site-packages/oslo_config/cfg.py:2824}}
Feb 11 00:26:07 jammy-provider-cloud-0000007999 neutron-server[89894]: DEBUG oslo_service.service [-] oslo_messaging_rabbit.rabbit_quorum_queue = False {{(pid=89894) log_opt_values /opt/stack/data/venv/lib/python3.10/site-packages/oslo_config/cfg.py:2824}}
Feb 11 00:26:07 jammy-provider-cloud-0000007999 neutron-server[89894]: DEBUG oslo_service.service [-] oslo_messaging_rabbit.rabbit_retry_backoff = 2 {{(pid=89894) log_opt_values /opt/stack/data/venv/lib/python3.10/site-packages/oslo_config/cfg.py:2824}}
Feb 11 00:26:07 jammy-provider-cloud-0000007999 neutron-server[89894]: DEBUG oslo_service.service [-] oslo_messaging_rabbit.rabbit_retry_interval = 1 {{(pid=89894) log_opt_values /opt/stack/data/venv/lib/python3.10/site-packages/oslo_config/cfg.py:2824}}
Feb 11 00:26:07 jammy-provider-cloud-0000007999 neutron-server[89894]: DEBUG oslo_service.service [-] oslo_messaging_rabbit.rabbit_stream_fanout = False {{(pid=89894) log_opt_values /opt/stack/data/venv/lib/python3.10/site-packages/oslo_config/cfg.py:2824}}
Feb 11 00:26:07 jammy-provider-cloud-0000007999 neutron-server[89894]: DEBUG oslo_service.service [-] oslo_messaging_rabbit.rabbit_transient_queues_ttl = 1800 {{(pid=89894) log_opt_values /opt/stack/data/venv/lib/python3.10/site-packages/oslo_config/cfg.py:2824}}
Feb 11 00:26:07 jammy-provider-cloud-0000007999 neutron-server[89894]: DEBUG oslo_service.service [-] oslo_messaging_rabbit.rabbit_transient_quorum_queue = False {{(pid=89894) log_opt_values /opt/stack/data/venv/lib/python3.10/site-packages/oslo_config/cfg.py:2824}}
Feb 11 00:26:07 jammy-provider-cloud-0000007999 neutron-server[89894]: DEBUG oslo_service.service [-] oslo_messaging_rabbit.rpc_conn_pool_size = 30 {{(pid=89894) log_opt_values /opt/stack/data/venv/lib/python3.10/site-packages/oslo_config/cfg.py:2824}}
Feb 11 00:26:07 jammy-provider-cloud-0000007999 neutron-server[89894]: DEBUG oslo_service.service [-] oslo_messaging_rabbit.ssl      = False {{(pid=89894) log_opt_values /opt/stack/data/venv/lib/python3.10/site-packages/oslo_config/cfg.py:2824}}
Feb 11 00:26:07 jammy-provider-cloud-0000007999 neutron-server[89894]: DEBUG oslo_service.service [-] oslo_messaging_rabbit.ssl_ca_file =  {{(pid=89894) log_opt_values /opt/stack/data/venv/lib/python3.10/site-packages/oslo_config/cfg.py:2824}}
Feb 11 00:26:07 jammy-provider-cloud-0000007999 neutron-server[89894]: DEBUG oslo_service.service [-] oslo_messaging_rabbit.ssl_cert_file =  {{(pid=89894) log_opt_values /opt/stack/data/venv/lib/python3.10/site-packages/oslo_config/cfg.py:2824}}
Feb 11 00:26:07 jammy-provider-cloud-0000007999 neutron-server[89894]: DEBUG oslo_service.service [-] oslo_messaging_rabbit.ssl_enforce_fips_mode = False {{(pid=89894) log_opt_values /opt/stack/data/venv/lib/python3.10/site-packages/oslo_config/cfg.py:2824}}
Feb 11 00:26:07 jammy-provider-cloud-0000007999 neutron-server[89894]: DEBUG oslo_service.service [-] oslo_messaging_rabbit.ssl_key_file =  {{(pid=89894) log_opt_values /opt/stack/data/venv/lib/python3.10/site-packages/oslo_config/cfg.py:2824}}
Feb 11 00:26:07 jammy-provider-cloud-0000007999 neutron-server[89894]: DEBUG oslo_service.service [-] oslo_messaging_rabbit.ssl_version =  {{(pid=89894) log_opt_values /opt/stack/data/venv/lib/python3.10/site-packages/oslo_config/cfg.py:2824}}
Feb 11 00:26:07 jammy-provider-cloud-0000007999 neutron-server[89894]: DEBUG oslo_service.service [-] oslo_messaging_rabbit.use_queue_manager = False {{(pid=89894) log_opt_values /opt/stack/data/venv/lib/python3.10/site-packages/oslo_config/cfg.py:2824}}
Feb 11 00:26:07 jammy-provider-cloud-0000007999 neutron-server[89894]: DEBUG oslo_service.service [-] oslo_messaging_notifications.driver = [] {{(pid=89894) log_opt_values /opt/stack/data/venv/lib/python3.10/site-packages/oslo_config/cfg.py:2824}}
Feb 11 00:26:07 jammy-provider-cloud-0000007999 neutron-server[89894]: DEBUG oslo_service.service [-] oslo_messaging_notifications.retry = -1 {{(pid=89894) log_opt_values /opt/stack/data/venv/lib/python3.10/site-packages/oslo_config/cfg.py:2824}}
Feb 11 00:26:07 jammy-provider-cloud-0000007999 neutron-server[89894]: DEBUG oslo_service.service [-] oslo_messaging_notifications.topics = ['notifications'] {{(pid=89894) log_opt_values /opt/stack/data/venv/lib/python3.10/site-packages/oslo_config/cfg.py:2824}}
Feb 11 00:26:07 jammy-provider-cloud-0000007999 neutron-server[89894]: DEBUG oslo_service.service [-] oslo_messaging_notifications.transport_url = **** {{(pid=89894) log_opt_values /opt/stack/data/venv/lib/python3.10/site-packages/oslo_config/cfg.py:2824}}
Feb 11 00:26:07 jammy-provider-cloud-0000007999 neutron-server[89894]: DEBUG oslo_service.service [-] oslo_reports.file_event_handler = None {{(pid=89894) log_opt_values /opt/stack/data/venv/lib/python3.10/site-packages/oslo_config/cfg.py:2824}}
Feb 11 00:26:07 jammy-provider-cloud-0000007999 neutron-server[89894]: DEBUG oslo_service.service [-] oslo_reports.file_event_handler_interval = 1 {{(pid=89894) log_opt_values /opt/stack/data/venv/lib/python3.10/site-packages/oslo_config/cfg.py:2824}}
Feb 11 00:26:07 jammy-provider-cloud-0000007999 neutron-server[89894]: DEBUG oslo_service.service [-] oslo_reports.log_dir           = None {{(pid=89894) log_opt_values /opt/stack/data/venv/lib/python3.10/site-packages/oslo_config/cfg.py:2824}}
Feb 11 00:26:07 jammy-provider-cloud-0000007999 neutron-server[89894]: DEBUG oslo_service.service [-] oslo_versionedobjects.fatal_exception_format_errors = False {{(pid=89894) log_opt_values /opt/stack/data/venv/lib/python3.10/site-packages/oslo_config/cfg.py:2824}}
Feb 11 00:26:07 jammy-provider-cloud-0000007999 neutron-server[89894]: DEBUG oslo_service.service [-] QUOTAS.default_quota           = -1 {{(pid=89894) log_opt_values /opt/stack/data/venv/lib/python3.10/site-packages/oslo_config/cfg.py:2824}}
Feb 11 00:26:07 jammy-provider-cloud-0000007999 neutron-server[89894]: DEBUG oslo_service.service [-] QUOTAS.quota_driver            = neutron.db.quota.driver_nolock.DbQuotaNoLockDriver {{(pid=89894) log_opt_values /opt/stack/data/venv/lib/python3.10/site-packages/oslo_config/cfg.py:2824}}
Feb 11 00:26:07 jammy-provider-cloud-0000007999 neutron-server[89894]: DEBUG oslo_service.service [-] QUOTAS.quota_floatingip        = 50 {{(pid=89894) log_opt_values /opt/stack/data/venv/lib/python3.10/site-packages/oslo_config/cfg.py:2824}}
Feb 11 00:26:07 jammy-provider-cloud-0000007999 neutron-server[90082]: DEBUG ovsdbapp.backend.ovs_idl [None req-24c2e1c0-aaee-45a4-b5c3-ba00fecdbc2f None None] Created lookup_table index Logical_Switch.name {{(pid=90082) autocreate_indices /opt/stack/data/venv/lib/python3.10/site-packages/ovsdbapp/backend/ovs_idl/__init__.py:87}}
Feb 11 00:26:07 jammy-provider-cloud-0000007999 neutron-server[90083]: DEBUG ovsdbapp.backend.ovs_idl [None req-b039e43c-21a0-4672-81b0-561500aa34f0 None None] Created lookup_table index Logical_Switch.name {{(pid=90083) autocreate_indices /opt/stack/data/venv/lib/python3.10/site-packages/ovsdbapp/backend/ovs_idl/__init__.py:87}}
Feb 11 00:26:07 jammy-provider-cloud-0000007999 neutron-server[90082]: DEBUG ovsdbapp.backend.ovs_idl [None req-24c2e1c0-aaee-45a4-b5c3-ba00fecdbc2f None None] Created lookup_table index Logical_Router.name {{(pid=90082) autocreate_indices /opt/stack/data/venv/lib/python3.10/site-packages/ovsdbapp/backend/ovs_idl/__init__.py:87}}
Feb 11 00:26:07 jammy-provider-cloud-0000007999 neutron-server[90083]: DEBUG ovsdbapp.backend.ovs_idl [None req-b039e43c-21a0-4672-81b0-561500aa34f0 None None] Created lookup_table index Logical_Router.name {{(pid=90083) autocreate_indices /opt/stack/data/venv/lib/python3.10/site-packages/ovsdbapp/backend/ovs_idl/__init__.py:87}}
Feb 11 00:26:07 jammy-provider-cloud-0000007999 neutron-server[90082]: DEBUG ovsdbapp.backend.ovs_idl [None req-24c2e1c0-aaee-45a4-b5c3-ba00fecdbc2f None None] Created lookup_table index Load_Balancer.name {{(pid=90082) autocreate_indices /opt/stack/data/venv/lib/python3.10/site-packages/ovsdbapp/backend/ovs_idl/__init__.py:87}}
Feb 11 00:26:07 jammy-provider-cloud-0000007999 neutron-server[90083]: DEBUG ovsdbapp.backend.ovs_idl [None req-b039e43c-21a0-4672-81b0-561500aa34f0 None None] Created lookup_table index Load_Balancer.name {{(pid=90083) autocreate_indices /opt/stack/data/venv/lib/python3.10/site-packages/ovsdbapp/backend/ovs_idl/__init__.py:87}}
Feb 11 00:26:07 jammy-provider-cloud-0000007999 neutron-server[90082]: DEBUG ovsdbapp.backend.ovs_idl [None req-24c2e1c0-aaee-45a4-b5c3-ba00fecdbc2f None None] Created schema index Copp.name {{(pid=90082) autocreate_indices /opt/stack/data/venv/lib/python3.10/site-packages/ovsdbapp/backend/ovs_idl/__init__.py:106}}
Feb 11 00:26:07 jammy-provider-cloud-0000007999 neutron-server[90082]: DEBUG ovsdbapp.backend.ovs_idl [None req-24c2e1c0-aaee-45a4-b5c3-ba00fecdbc2f None None] Created schema index Meter.name {{(pid=90082) autocreate_indices /opt/stack/data/venv/lib/python3.10/site-packages/ovsdbapp/backend/ovs_idl/__init__.py:106}}
Feb 11 00:26:07 jammy-provider-cloud-0000007999 neutron-server[90083]: DEBUG ovsdbapp.backend.ovs_idl [None req-b039e43c-21a0-4672-81b0-561500aa34f0 None None] Created schema index Copp.name {{(pid=90083) autocreate_indices /opt/stack/data/venv/lib/python3.10/site-packages/ovsdbapp/backend/ovs_idl/__init__.py:106}}
Feb 11 00:26:07 jammy-provider-cloud-0000007999 neutron-server[90083]: DEBUG ovsdbapp.backend.ovs_idl [None req-b039e43c-21a0-4672-81b0-561500aa34f0 None None] Created schema index Meter.name {{(pid=90083) autocreate_indices /opt/stack/data/venv/lib/python3.10/site-packages/ovsdbapp/backend/ovs_idl/__init__.py:106}}
Feb 11 00:26:07 jammy-provider-cloud-0000007999 neutron-server[90082]: DEBUG ovsdbapp.backend.ovs_idl [None req-24c2e1c0-aaee-45a4-b5c3-ba00fecdbc2f None None] Created schema index Load_Balancer_Group.name {{(pid=90082) autocreate_indices /opt/stack/data/venv/lib/python3.10/site-packages/ovsdbapp/backend/ovs_idl/__init__.py:106}}
Feb 11 00:26:07 jammy-provider-cloud-0000007999 neutron-server[90082]: DEBUG ovsdbapp.backend.ovs_idl [None req-24c2e1c0-aaee-45a4-b5c3-ba00fecdbc2f None None] Created schema index HA_Chassis_Group.name {{(pid=90082) autocreate_indices /opt/stack/data/venv/lib/python3.10/site-packages/ovsdbapp/backend/ovs_idl/__init__.py:106}}
Feb 11 00:26:07 jammy-provider-cloud-0000007999 neutron-server[90083]: DEBUG ovsdbapp.backend.ovs_idl [None req-b039e43c-21a0-4672-81b0-561500aa34f0 None None] Created schema index Load_Balancer_Group.name {{(pid=90083) autocreate_indices /opt/stack/data/venv/lib/python3.10/site-packages/ovsdbapp/backend/ovs_idl/__init__.py:106}}
Feb 11 00:26:07 jammy-provider-cloud-0000007999 neutron-server[90082]: DEBUG ovsdbapp.backend.ovs_idl [None req-24c2e1c0-aaee-45a4-b5c3-ba00fecdbc2f None None] Created schema index Address_Set.name {{(pid=90082) autocreate_indices /opt/stack/data/venv/lib/python3.10/site-packages/ovsdbapp/backend/ovs_idl/__init__.py:106}}
Feb 11 00:26:07 jammy-provider-cloud-0000007999 neutron-server[90083]: DEBUG ovsdbapp.backend.ovs_idl [None req-b039e43c-21a0-4672-81b0-561500aa34f0 None None] Created schema index HA_Chassis_Group.name {{(pid=90083) autocreate_indices /opt/stack/data/venv/lib/python3.10/site-packages/ovsdbapp/backend/ovs_idl/__init__.py:106}}
Feb 11 00:26:07 jammy-provider-cloud-0000007999 neutron-server[90082]: DEBUG ovsdbapp.backend.ovs_idl [None req-24c2e1c0-aaee-45a4-b5c3-ba00fecdbc2f None None] Created schema index Connection.target {{(pid=90082) autocreate_indices /opt/stack/data/venv/lib/python3.10/site-packages/ovsdbapp/backend/ovs_idl/__init__.py:106}}
Feb 11 00:26:07 jammy-provider-cloud-0000007999 neutron-server[90083]: DEBUG ovsdbapp.backend.ovs_idl [None req-b039e43c-21a0-4672-81b0-561500aa34f0 None None] Created schema index Address_Set.name {{(pid=90083) autocreate_indices /opt/stack/data/venv/lib/python3.10/site-packages/ovsdbapp/backend/ovs_idl/__init__.py:106}}
Feb 11 00:26:07 jammy-provider-cloud-0000007999 neutron-server[90083]: DEBUG ovsdbapp.backend.ovs_idl [None req-b039e43c-21a0-4672-81b0-561500aa34f0 None None] Created schema index Connection.target {{(pid=90083) autocreate_indices /opt/stack/data/venv/lib/python3.10/site-packages/ovsdbapp/backend/ovs_idl/__init__.py:106}}
Feb 11 00:26:07 jammy-provider-cloud-0000007999 neutron-server[90082]: DEBUG ovsdbapp.backend.ovs_idl [None req-24c2e1c0-aaee-45a4-b5c3-ba00fecdbc2f None None] Created schema index Gateway_Chassis.name {{(pid=90082) autocreate_indices /opt/stack/data/venv/lib/python3.10/site-packages/ovsdbapp/backend/ovs_idl/__init__.py:106}}
Feb 11 00:26:07 jammy-provider-cloud-0000007999 neutron-server[90082]: DEBUG ovsdbapp.backend.ovs_idl [None req-24c2e1c0-aaee-45a4-b5c3-ba00fecdbc2f None None] Created schema index Logical_Router_Port.name {{(pid=90082) autocreate_indices /opt/stack/data/venv/lib/python3.10/site-packages/ovsdbapp/backend/ovs_idl/__init__.py:106}}
Feb 11 00:26:07 jammy-provider-cloud-0000007999 neutron-server[90083]: DEBUG ovsdbapp.backend.ovs_idl [None req-b039e43c-21a0-4672-81b0-561500aa34f0 None None] Created schema index Gateway_Chassis.name {{(pid=90083) autocreate_indices /opt/stack/data/venv/lib/python3.10/site-packages/ovsdbapp/backend/ovs_idl/__init__.py:106}}
Feb 11 00:26:07 jammy-provider-cloud-0000007999 neutron-server[90083]: DEBUG ovsdbapp.backend.ovs_idl [None req-b039e43c-21a0-4672-81b0-561500aa34f0 None None] Created schema index Logical_Router_Port.name {{(pid=90083) autocreate_indices /opt/stack/data/venv/lib/python3.10/site-packages/ovsdbapp/backend/ovs_idl/__init__.py:106}}
Feb 11 00:26:07 jammy-provider-cloud-0000007999 neutron-server[90082]: DEBUG ovsdbapp.backend.ovs_idl [None req-24c2e1c0-aaee-45a4-b5c3-ba00fecdbc2f None None] Created schema index Port_Group.name {{(pid=90082) autocreate_indices /opt/stack/data/venv/lib/python3.10/site-packages/ovsdbapp/backend/ovs_idl/__init__.py:106}}
Feb 11 00:26:07 jammy-provider-cloud-0000007999 neutron-server[90082]: DEBUG ovsdbapp.backend.ovs_idl [None req-24c2e1c0-aaee-45a4-b5c3-ba00fecdbc2f None None] Created schema index Logical_Switch_Port.name {{(pid=90082) autocreate_indices /opt/stack/data/venv/lib/python3.10/site-packages/ovsdbapp/backend/ovs_idl/__init__.py:106}}
Feb 11 00:26:07 jammy-provider-cloud-0000007999 neutron-server[90083]: DEBUG ovsdbapp.backend.ovs_idl [None req-b039e43c-21a0-4672-81b0-561500aa34f0 None None] Created schema index Port_Group.name {{(pid=90083) autocreate_indices /opt/stack/data/venv/lib/python3.10/site-packages/ovsdbapp/backend/ovs_idl/__init__.py:106}}
Feb 11 00:26:07 jammy-provider-cloud-0000007999 neutron-server[90083]: DEBUG ovsdbapp.backend.ovs_idl [None req-b039e43c-21a0-4672-81b0-561500aa34f0 None None] Created schema index Logical_Switch_Port.name {{(pid=90083) autocreate_indices /opt/stack/data/venv/lib/python3.10/site-packages/ovsdbapp/backend/ovs_idl/__init__.py:106}}
Feb 11 00:26:07 jammy-provider-cloud-0000007999 neutron-server[90082]: INFO ovsdbapp.backend.ovs_idl.vlog [None req-24c2e1c0-aaee-45a4-b5c3-ba00fecdbc2f None None] tcp:10.201.5.87:6641: connecting...
Feb 11 00:26:07 jammy-provider-cloud-0000007999 neutron-server[90083]: INFO ovsdbapp.backend.ovs_idl.vlog [None req-b039e43c-21a0-4672-81b0-561500aa34f0 None None] tcp:10.201.5.87:6641: connecting...
Feb 11 00:26:07 jammy-provider-cloud-0000007999 neutron-server[89894]: DEBUG oslo_service.service [-] QUOTAS.quota_network           = 100 {{(pid=89894) log_opt_values /opt/stack/data/venv/lib/python3.10/site-packages/oslo_config/cfg.py:2824}}
Feb 11 00:26:07 jammy-provider-cloud-0000007999 neutron-server[90082]: INFO ovsdbapp.backend.ovs_idl.vlog [None req-24c2e1c0-aaee-45a4-b5c3-ba00fecdbc2f None None] tcp:10.201.5.87:6641: connected
Feb 11 00:26:07 jammy-provider-cloud-0000007999 neutron-server[90083]: INFO ovsdbapp.backend.ovs_idl.vlog [None req-b039e43c-21a0-4672-81b0-561500aa34f0 None None] tcp:10.201.5.87:6641: connected
Feb 11 00:26:07 jammy-provider-cloud-0000007999 neutron-server[89894]: DEBUG oslo_service.service [-] QUOTAS.quota_port              = 500 {{(pid=89894) log_opt_values /opt/stack/data/venv/lib/python3.10/site-packages/oslo_config/cfg.py:2824}}
Feb 11 00:26:07 jammy-provider-cloud-0000007999 neutron-server[89894]: DEBUG oslo_service.service [-] QUOTAS.quota_rbac_policy       = 10 {{(pid=89894) log_opt_values /opt/stack/data/venv/lib/python3.10/site-packages/oslo_config/cfg.py:2824}}
Feb 11 00:26:07 jammy-provider-cloud-0000007999 neutron-server[89894]: DEBUG oslo_service.service [-] QUOTAS.quota_router            = 10 {{(pid=89894) log_opt_values /opt/stack/data/venv/lib/python3.10/site-packages/oslo_config/cfg.py:2824}}
Feb 11 00:26:07 jammy-provider-cloud-0000007999 neutron-server[89894]: DEBUG oslo_service.service [-] QUOTAS.quota_security_group    = 10 {{(pid=89894) log_opt_values /opt/stack/data/venv/lib/python3.10/site-packages/oslo_config/cfg.py:2824}}
Feb 11 00:26:07 jammy-provider-cloud-0000007999 neutron-server[89894]: DEBUG oslo_service.service [-] QUOTAS.quota_security_group_rule = 100 {{(pid=89894) log_opt_values /opt/stack/data/venv/lib/python3.10/site-packages/oslo_config/cfg.py:2824}}
Feb 11 00:26:07 jammy-provider-cloud-0000007999 neutron-server[90087]: DEBUG ovsdbapp.backend.ovs_idl [-] Created lookup_table index Logical_Switch.name {{(pid=90087) autocreate_indices /opt/stack/data/venv/lib/python3.10/site-packages/ovsdbapp/backend/ovs_idl/__init__.py:87}}
Feb 11 00:26:07 jammy-provider-cloud-0000007999 neutron-server[90087]: DEBUG ovsdbapp.backend.ovs_idl [-] Created lookup_table index Logical_Router.name {{(pid=90087) autocreate_indices /opt/stack/data/venv/lib/python3.10/site-packages/ovsdbapp/backend/ovs_idl/__init__.py:87}}
Feb 11 00:26:07 jammy-provider-cloud-0000007999 neutron-server[90087]: DEBUG ovsdbapp.backend.ovs_idl [-] Created lookup_table index Load_Balancer.name {{(pid=90087) autocreate_indices /opt/stack/data/venv/lib/python3.10/site-packages/ovsdbapp/backend/ovs_idl/__init__.py:87}}
Feb 11 00:26:07 jammy-provider-cloud-0000007999 neutron-server[90087]: DEBUG ovsdbapp.backend.ovs_idl [-] Created schema index Copp.name {{(pid=90087) autocreate_indices /opt/stack/data/venv/lib/python3.10/site-packages/ovsdbapp/backend/ovs_idl/__init__.py:106}}
Feb 11 00:26:07 jammy-provider-cloud-0000007999 neutron-server[90087]: DEBUG ovsdbapp.backend.ovs_idl [-] Created schema index Meter.name {{(pid=90087) autocreate_indices /opt/stack/data/venv/lib/python3.10/site-packages/ovsdbapp/backend/ovs_idl/__init__.py:106}}
Feb 11 00:26:07 jammy-provider-cloud-0000007999 neutron-server[90087]: DEBUG ovsdbapp.backend.ovs_idl [-] Created schema index Load_Balancer_Group.name {{(pid=90087) autocreate_indices /opt/stack/data/venv/lib/python3.10/site-packages/ovsdbapp/backend/ovs_idl/__init__.py:106}}
Feb 11 00:26:07 jammy-provider-cloud-0000007999 neutron-server[90087]: DEBUG ovsdbapp.backend.ovs_idl [-] Created schema index HA_Chassis_Group.name {{(pid=90087) autocreate_indices /opt/stack/data/venv/lib/python3.10/site-packages/ovsdbapp/backend/ovs_idl/__init__.py:106}}
Feb 11 00:26:07 jammy-provider-cloud-0000007999 neutron-server[90087]: DEBUG ovsdbapp.backend.ovs_idl [-] Created schema index Address_Set.name {{(pid=90087) autocreate_indices /opt/stack/data/venv/lib/python3.10/site-packages/ovsdbapp/backend/ovs_idl/__init__.py:106}}
Feb 11 00:26:07 jammy-provider-cloud-0000007999 neutron-server[89894]: DEBUG oslo_service.service [-] QUOTAS.quota_subnet            = 100 {{(pid=89894) log_opt_values /opt/stack/data/venv/lib/python3.10/site-packages/oslo_config/cfg.py:2824}}
Feb 11 00:26:07 jammy-provider-cloud-0000007999 neutron-server[90087]: DEBUG ovsdbapp.backend.ovs_idl [-] Created schema index Connection.target {{(pid=90087) autocreate_indices /opt/stack/data/venv/lib/python3.10/site-packages/ovsdbapp/backend/ovs_idl/__init__.py:106}}
Feb 11 00:26:07 jammy-provider-cloud-0000007999 neutron-server[90087]: DEBUG ovsdbapp.backend.ovs_idl [-] Created schema index Gateway_Chassis.name {{(pid=90087) autocreate_indices /opt/stack/data/venv/lib/python3.10/site-packages/ovsdbapp/backend/ovs_idl/__init__.py:106}}
Feb 11 00:26:07 jammy-provider-cloud-0000007999 neutron-server[90087]: DEBUG ovsdbapp.backend.ovs_idl [-] Created schema index Logical_Router_Port.name {{(pid=90087) autocreate_indices /opt/stack/data/venv/lib/python3.10/site-packages/ovsdbapp/backend/ovs_idl/__init__.py:106}}
Feb 11 00:26:07 jammy-provider-cloud-0000007999 neutron-server[90087]: DEBUG ovsdbapp.backend.ovs_idl [-] Created schema index Port_Group.name {{(pid=90087) autocreate_indices /opt/stack/data/venv/lib/python3.10/site-packages/ovsdbapp/backend/ovs_idl/__init__.py:106}}
Feb 11 00:26:07 jammy-provider-cloud-0000007999 neutron-server[90087]: DEBUG ovsdbapp.backend.ovs_idl [-] Created schema index Logical_Switch_Port.name {{(pid=90087) autocreate_indices /opt/stack/data/venv/lib/python3.10/site-packages/ovsdbapp/backend/ovs_idl/__init__.py:106}}
Feb 11 00:26:07 jammy-provider-cloud-0000007999 neutron-server[89894]: DEBUG oslo_service.service [-] QUOTAS.track_quota_usage       = True {{(pid=89894) log_opt_values /opt/stack/data/venv/lib/python3.10/site-packages/oslo_config/cfg.py:2824}}
Feb 11 00:26:07 jammy-provider-cloud-0000007999 neutron-server[90087]: INFO ovsdbapp.backend.ovs_idl.vlog [-] tcp:10.201.5.87:6641: connecting...
Feb 11 00:26:07 jammy-provider-cloud-0000007999 neutron-server[89894]: DEBUG oslo_service.service [-] healthcheck.allowed_source_ranges = [] {{(pid=89894) log_opt_values /opt/stack/data/venv/lib/python3.10/site-packages/oslo_config/cfg.py:2824}}
Feb 11 00:26:07 jammy-provider-cloud-0000007999 neutron-server[90087]: INFO ovsdbapp.backend.ovs_idl.vlog [-] tcp:10.201.5.87:6641: connected
Feb 11 00:26:07 jammy-provider-cloud-0000007999 neutron-server[89894]: DEBUG oslo_service.service [-] healthcheck.backends           = ['disable_by_file'] {{(pid=89894) log_opt_values /opt/stack/data/venv/lib/python3.10/site-packages/oslo_config/cfg.py:2824}}
Feb 11 00:26:07 jammy-provider-cloud-0000007999 neutron-server[89894]: DEBUG oslo_service.service [-] healthcheck.detailed           = False {{(pid=89894) log_opt_values /opt/stack/data/venv/lib/python3.10/site-packages/oslo_config/cfg.py:2824}}
Feb 11 00:26:07 jammy-provider-cloud-0000007999 neutron-server[89894]: DEBUG oslo_service.service [-] healthcheck.disable_by_file_path = None {{(pid=89894) log_opt_values /opt/stack/data/venv/lib/python3.10/site-packages/oslo_config/cfg.py:2824}}
Feb 11 00:26:07 jammy-provider-cloud-0000007999 neutron-server[89894]: DEBUG oslo_service.service [-] healthcheck.ignore_proxied_requests = False {{(pid=89894) log_opt_values /opt/stack/data/venv/lib/python3.10/site-packages/oslo_config/cfg.py:2824}}
Feb 11 00:26:07 jammy-provider-cloud-0000007999 neutron-server[89894]: DEBUG oslo_service.service [-] healthcheck.path               = /healthcheck {{(pid=89894) log_opt_values /opt/stack/data/venv/lib/python3.10/site-packages/oslo_config/cfg.py:2824}}
Feb 11 00:26:07 jammy-provider-cloud-0000007999 neutron-server[89894]: DEBUG oslo_service.service [-] keystone_authtoken.admin_password = **** {{(pid=89894) log_opt_values /opt/stack/data/venv/lib/python3.10/site-packages/oslo_config/cfg.py:2824}}
Feb 11 00:26:07 jammy-provider-cloud-0000007999 neutron-server[89894]: DEBUG oslo_service.service [-] keystone_authtoken.admin_tenant_name = admin {{(pid=89894) log_opt_values /opt/stack/data/venv/lib/python3.10/site-packages/oslo_config/cfg.py:2824}}
Feb 11 00:26:07 jammy-provider-cloud-0000007999 neutron-server[89894]: DEBUG oslo_service.service [-] keystone_authtoken.admin_token = **** {{(pid=89894) log_opt_values /opt/stack/data/venv/lib/python3.10/site-packages/oslo_config/cfg.py:2824}}
Feb 11 00:26:07 jammy-provider-cloud-0000007999 neutron-server[89894]: DEBUG oslo_service.service [-] keystone_authtoken.admin_user  = None {{(pid=89894) log_opt_values /opt/stack/data/venv/lib/python3.10/site-packages/oslo_config/cfg.py:2824}}
Feb 11 00:26:07 jammy-provider-cloud-0000007999 neutron-server[89894]: DEBUG oslo_service.service [-] keystone_authtoken.auth_admin_prefix =  {{(pid=89894) log_opt_values /opt/stack/data/venv/lib/python3.10/site-packages/oslo_config/cfg.py:2824}}
Feb 11 00:26:07 jammy-provider-cloud-0000007999 neutron-server[89894]: DEBUG oslo_service.service [-] keystone_authtoken.auth_host   = 127.0.0.1 {{(pid=89894) log_opt_values /opt/stack/data/venv/lib/python3.10/site-packages/oslo_config/cfg.py:2824}}
Feb 11 00:26:07 jammy-provider-cloud-0000007999 neutron-server[89894]: DEBUG oslo_service.service [-] keystone_authtoken.auth_port   = 35357 {{(pid=89894) log_opt_values /opt/stack/data/venv/lib/python3.10/site-packages/oslo_config/cfg.py:2824}}
Feb 11 00:26:07 jammy-provider-cloud-0000007999 neutron-server[89894]: DEBUG oslo_service.service [-] keystone_authtoken.auth_protocol = https {{(pid=89894) log_opt_values /opt/stack/data/venv/lib/python3.10/site-packages/oslo_config/cfg.py:2824}}
Feb 11 00:26:07 jammy-provider-cloud-0000007999 neutron-server[89894]: DEBUG oslo_service.service [-] keystone_authtoken.auth_section = None {{(pid=89894) log_opt_values /opt/stack/data/venv/lib/python3.10/site-packages/oslo_config/cfg.py:2824}}
Feb 11 00:26:07 jammy-provider-cloud-0000007999 neutron-server[89894]: DEBUG oslo_service.service [-] keystone_authtoken.auth_type   = password {{(pid=89894) log_opt_values /opt/stack/data/venv/lib/python3.10/site-packages/oslo_config/cfg.py:2824}}
Feb 11 00:26:07 jammy-provider-cloud-0000007999 neutron-server[89894]: DEBUG oslo_service.service [-] keystone_authtoken.auth_uri    = None {{(pid=89894) log_opt_values /opt/stack/data/venv/lib/python3.10/site-packages/oslo_config/cfg.py:2824}}
Feb 11 00:26:07 jammy-provider-cloud-0000007999 neutron-server[89894]: DEBUG oslo_service.service [-] keystone_authtoken.auth_url    = http://10.201.5.87/identity {{(pid=89894) log_opt_values /opt/stack/data/venv/lib/python3.10/site-packages/oslo_config/cfg.py:2824}}
Feb 11 00:26:07 jammy-provider-cloud-0000007999 neutron-server[89894]: DEBUG oslo_service.service [-] keystone_authtoken.auth_version = None {{(pid=89894) log_opt_values /opt/stack/data/venv/lib/python3.10/site-packages/oslo_config/cfg.py:2824}}
Feb 11 00:26:07 jammy-provider-cloud-0000007999 neutron-server[89894]: DEBUG oslo_service.service [-] keystone_authtoken.cache       = None {{(pid=89894) log_opt_values /opt/stack/data/venv/lib/python3.10/site-packages/oslo_config/cfg.py:2824}}
Feb 11 00:26:07 jammy-provider-cloud-0000007999 neutron-server[89894]: DEBUG oslo_service.service [-] keystone_authtoken.cafile      = /opt/stack/data/ca-bundle.pem {{(pid=89894) log_opt_values /opt/stack/data/venv/lib/python3.10/site-packages/oslo_config/cfg.py:2824}}
Feb 11 00:26:07 jammy-provider-cloud-0000007999 neutron-server[89894]: DEBUG oslo_service.service [-] keystone_authtoken.certfile    = None {{(pid=89894) log_opt_values /opt/stack/data/venv/lib/python3.10/site-packages/oslo_config/cfg.py:2824}}
Feb 11 00:26:07 jammy-provider-cloud-0000007999 neutron-server[89894]: DEBUG oslo_service.service [-] keystone_authtoken.default_domain_id = None {{(pid=89894) log_opt_values /opt/stack/data/venv/lib/python3.10/site-packages/oslo_config/cfg.py:2824}}
Feb 11 00:26:07 jammy-provider-cloud-0000007999 neutron-server[89894]: DEBUG oslo_service.service [-] keystone_authtoken.default_domain_name = None {{(pid=89894) log_opt_values /opt/stack/data/venv/lib/python3.10/site-packages/oslo_config/cfg.py:2824}}
Feb 11 00:26:07 jammy-provider-cloud-0000007999 neutron-server[89894]: DEBUG oslo_service.service [-] keystone_authtoken.delay_auth_decision = False {{(pid=89894) log_opt_values /opt/stack/data/venv/lib/python3.10/site-packages/oslo_config/cfg.py:2824}}
Feb 11 00:26:07 jammy-provider-cloud-0000007999 neutron-server[89894]: DEBUG oslo_service.service [-] keystone_authtoken.domain_id   = None {{(pid=89894) log_opt_values /opt/stack/data/venv/lib/python3.10/site-packages/oslo_config/cfg.py:2824}}
Feb 11 00:26:07 jammy-provider-cloud-0000007999 neutron-server[89894]: DEBUG oslo_service.service [-] keystone_authtoken.domain_name = None {{(pid=89894) log_opt_values /opt/stack/data/venv/lib/python3.10/site-packages/oslo_config/cfg.py:2824}}
Feb 11 00:26:07 jammy-provider-cloud-0000007999 neutron-server[89894]: DEBUG oslo_service.service [-] keystone_authtoken.enforce_token_bind = permissive {{(pid=89894) log_opt_values /opt/stack/data/venv/lib/python3.10/site-packages/oslo_config/cfg.py:2824}}
Feb 11 00:26:07 jammy-provider-cloud-0000007999 neutron-server[89894]: DEBUG oslo_service.service [-] keystone_authtoken.http_connect_timeout = None {{(pid=89894) log_opt_values /opt/stack/data/venv/lib/python3.10/site-packages/oslo_config/cfg.py:2824}}
Feb 11 00:26:07 jammy-provider-cloud-0000007999 neutron-server[89894]: DEBUG oslo_service.service [-] keystone_authtoken.http_request_max_retries = 3 {{(pid=89894) log_opt_values /opt/stack/data/venv/lib/python3.10/site-packages/oslo_config/cfg.py:2824}}
Feb 11 00:26:07 jammy-provider-cloud-0000007999 neutron-server[89894]: DEBUG oslo_service.service [-] keystone_authtoken.identity_uri = None {{(pid=89894) log_opt_values /opt/stack/data/venv/lib/python3.10/site-packages/oslo_config/cfg.py:2824}}
Feb 11 00:26:07 jammy-provider-cloud-0000007999 neutron-server[89894]: DEBUG oslo_service.service [-] keystone_authtoken.include_service_catalog = True {{(pid=89894) log_opt_values /opt/stack/data/venv/lib/python3.10/site-packages/oslo_config/cfg.py:2824}}
Feb 11 00:26:07 jammy-provider-cloud-0000007999 neutron-server[89894]: DEBUG oslo_service.service [-] keystone_authtoken.insecure    = False {{(pid=89894) log_opt_values /opt/stack/data/venv/lib/python3.10/site-packages/oslo_config/cfg.py:2824}}
Feb 11 00:26:07 jammy-provider-cloud-0000007999 neutron-server[89894]: DEBUG oslo_service.service [-] keystone_authtoken.interface   = public {{(pid=89894) log_opt_values /opt/stack/data/venv/lib/python3.10/site-packages/oslo_config/cfg.py:2824}}
Feb 11 00:26:07 jammy-provider-cloud-0000007999 neutron-server[89894]: DEBUG oslo_service.service [-] keystone_authtoken.keyfile     = None {{(pid=89894) log_opt_values /opt/stack/data/venv/lib/python3.10/site-packages/oslo_config/cfg.py:2824}}
Feb 11 00:26:07 jammy-provider-cloud-0000007999 neutron-server[89894]: DEBUG oslo_service.service [-] keystone_authtoken.memcache_pool_conn_get_timeout = 10 {{(pid=89894) log_opt_values /opt/stack/data/venv/lib/python3.10/site-packages/oslo_config/cfg.py:2824}}
Feb 11 00:26:07 jammy-provider-cloud-0000007999 neutron-server[89894]: DEBUG oslo_service.service [-] keystone_authtoken.memcache_pool_dead_retry = 300 {{(pid=89894) log_opt_values /opt/stack/data/venv/lib/python3.10/site-packages/oslo_config/cfg.py:2824}}
Feb 11 00:26:07 jammy-provider-cloud-0000007999 neutron-server[89894]: DEBUG oslo_service.service [-] keystone_authtoken.memcache_pool_maxsize = 10 {{(pid=89894) log_opt_values /opt/stack/data/venv/lib/python3.10/site-packages/oslo_config/cfg.py:2824}}
Feb 11 00:26:07 jammy-provider-cloud-0000007999 neutron-server[89894]: DEBUG oslo_service.service [-] keystone_authtoken.memcache_pool_socket_timeout = 3 {{(pid=89894) log_opt_values /opt/stack/data/venv/lib/python3.10/site-packages/oslo_config/cfg.py:2824}}
Feb 11 00:26:07 jammy-provider-cloud-0000007999 neutron-server[89894]: DEBUG oslo_service.service [-] keystone_authtoken.memcache_pool_unused_timeout = 60 {{(pid=89894) log_opt_values /opt/stack/data/venv/lib/python3.10/site-packages/oslo_config/cfg.py:2824}}
Feb 11 00:26:07 jammy-provider-cloud-0000007999 neutron-server[89894]: DEBUG oslo_service.service [-] keystone_authtoken.memcache_secret_key = **** {{(pid=89894) log_opt_values /opt/stack/data/venv/lib/python3.10/site-packages/oslo_config/cfg.py:2824}}
Feb 11 00:26:07 jammy-provider-cloud-0000007999 neutron-server[89894]: DEBUG oslo_service.service [-] keystone_authtoken.memcache_security_strategy = None {{(pid=89894) log_opt_values /opt/stack/data/venv/lib/python3.10/site-packages/oslo_config/cfg.py:2824}}
Feb 11 00:26:07 jammy-provider-cloud-0000007999 neutron-server[89894]: DEBUG oslo_service.service [-] keystone_authtoken.memcache_use_advanced_pool = True {{(pid=89894) log_opt_values /opt/stack/data/venv/lib/python3.10/site-packages/oslo_config/cfg.py:2824}}
Feb 11 00:26:07 jammy-provider-cloud-0000007999 neutron-server[89894]: DEBUG oslo_service.service [-] keystone_authtoken.memcached_servers = ['localhost:11211'] {{(pid=89894) log_opt_values /opt/stack/data/venv/lib/python3.10/site-packages/oslo_config/cfg.py:2824}}
Feb 11 00:26:07 jammy-provider-cloud-0000007999 neutron-server[89894]: DEBUG oslo_service.service [-] keystone_authtoken.password    = **** {{(pid=89894) log_opt_values /opt/stack/data/venv/lib/python3.10/site-packages/oslo_config/cfg.py:2824}}
Feb 11 00:26:07 jammy-provider-cloud-0000007999 neutron-server[89894]: DEBUG oslo_service.service [-] keystone_authtoken.project_domain_id = None {{(pid=89894) log_opt_values /opt/stack/data/venv/lib/python3.10/site-packages/oslo_config/cfg.py:2824}}
Feb 11 00:26:07 jammy-provider-cloud-0000007999 neutron-server[89894]: DEBUG oslo_service.service [-] keystone_authtoken.project_domain_name = Default {{(pid=89894) log_opt_values /opt/stack/data/venv/lib/python3.10/site-packages/oslo_config/cfg.py:2824}}
Feb 11 00:26:07 jammy-provider-cloud-0000007999 neutron-server[89894]: DEBUG oslo_service.service [-] keystone_authtoken.project_id  = None {{(pid=89894) log_opt_values /opt/stack/data/venv/lib/python3.10/site-packages/oslo_config/cfg.py:2824}}
Feb 11 00:26:07 jammy-provider-cloud-0000007999 neutron-server[89894]: DEBUG oslo_service.service [-] keystone_authtoken.project_name = service {{(pid=89894) log_opt_values /opt/stack/data/venv/lib/python3.10/site-packages/oslo_config/cfg.py:2824}}
Feb 11 00:26:07 jammy-provider-cloud-0000007999 neutron-server[89894]: DEBUG oslo_service.service [-] keystone_authtoken.region_name = None {{(pid=89894) log_opt_values /opt/stack/data/venv/lib/python3.10/site-packages/oslo_config/cfg.py:2824}}
Feb 11 00:26:07 jammy-provider-cloud-0000007999 neutron-server[89894]: DEBUG oslo_service.service [-] keystone_authtoken.service_token_roles = ['service'] {{(pid=89894) log_opt_values /opt/stack/data/venv/lib/python3.10/site-packages/oslo_config/cfg.py:2824}}
Feb 11 00:26:07 jammy-provider-cloud-0000007999 neutron-server[89894]: DEBUG oslo_service.service [-] keystone_authtoken.service_token_roles_required = False {{(pid=89894) log_opt_values /opt/stack/data/venv/lib/python3.10/site-packages/oslo_config/cfg.py:2824}}
Feb 11 00:26:07 jammy-provider-cloud-0000007999 neutron-server[89894]: DEBUG oslo_service.service [-] keystone_authtoken.service_type = None {{(pid=89894) log_opt_values /opt/stack/data/venv/lib/python3.10/site-packages/oslo_config/cfg.py:2824}}
Feb 11 00:26:07 jammy-provider-cloud-0000007999 neutron-server[89894]: DEBUG oslo_service.service [-] keystone_authtoken.system_scope = None {{(pid=89894) log_opt_values /opt/stack/data/venv/lib/python3.10/site-packages/oslo_config/cfg.py:2824}}
Feb 11 00:26:07 jammy-provider-cloud-0000007999 neutron-server[89894]: DEBUG oslo_service.service [-] keystone_authtoken.token_cache_time = 300 {{(pid=89894) log_opt_values /opt/stack/data/venv/lib/python3.10/site-packages/oslo_config/cfg.py:2824}}
Feb 11 00:26:07 jammy-provider-cloud-0000007999 neutron-server[89894]: DEBUG oslo_service.service [-] keystone_authtoken.trust_id    = None {{(pid=89894) log_opt_values /opt/stack/data/venv/lib/python3.10/site-packages/oslo_config/cfg.py:2824}}
Feb 11 00:26:07 jammy-provider-cloud-0000007999 neutron-server[89894]: DEBUG oslo_service.service [-] keystone_authtoken.user_domain_id = None {{(pid=89894) log_opt_values /opt/stack/data/venv/lib/python3.10/site-packages/oslo_config/cfg.py:2824}}
Feb 11 00:26:07 jammy-provider-cloud-0000007999 neutron-server[89894]: DEBUG oslo_service.service [-] keystone_authtoken.user_domain_name = Default {{(pid=89894) log_opt_values /opt/stack/data/venv/lib/python3.10/site-packages/oslo_config/cfg.py:2824}}
Feb 11 00:26:07 jammy-provider-cloud-0000007999 neutron-server[89894]: DEBUG oslo_service.service [-] keystone_authtoken.user_id     = None {{(pid=89894) log_opt_values /opt/stack/data/venv/lib/python3.10/site-packages/oslo_config/cfg.py:2824}}
Feb 11 00:26:07 jammy-provider-cloud-0000007999 neutron-server[89894]: DEBUG oslo_service.service [-] keystone_authtoken.username    = neutron {{(pid=89894) log_opt_values /opt/stack/data/venv/lib/python3.10/site-packages/oslo_config/cfg.py:2824}}
Feb 11 00:26:07 jammy-provider-cloud-0000007999 neutron-server[89894]: DEBUG oslo_service.service [-] keystone_authtoken.www_authenticate_uri = None {{(pid=89894) log_opt_values /opt/stack/data/venv/lib/python3.10/site-packages/oslo_config/cfg.py:2824}}
Feb 11 00:26:07 jammy-provider-cloud-0000007999 neutron-server[89894]: DEBUG oslo_service.service [-] cache.backend                  = dogpile.cache.null {{(pid=89894) log_opt_values /opt/stack/data/venv/lib/python3.10/site-packages/oslo_config/cfg.py:2824}}
Feb 11 00:26:07 jammy-provider-cloud-0000007999 neutron-server[89894]: DEBUG oslo_service.service [-] cache.backend_argument         = **** {{(pid=89894) log_opt_values /opt/stack/data/venv/lib/python3.10/site-packages/oslo_config/cfg.py:2824}}
Feb 11 00:26:07 jammy-provider-cloud-0000007999 neutron-server[89894]: DEBUG oslo_service.service [-] cache.backend_expiration_time  = None {{(pid=89894) log_opt_values /opt/stack/data/venv/lib/python3.10/site-packages/oslo_config/cfg.py:2824}}
Feb 11 00:26:07 jammy-provider-cloud-0000007999 neutron-server[90085]: DEBUG dbcounter [-] [90085] Writer thread running {{(pid=90085) stat_writer /opt/stack/data/venv/lib/python3.10/site-packages/dbcounter.py:102}}
Feb 11 00:26:07 jammy-provider-cloud-0000007999 neutron-server[89894]: DEBUG oslo_service.service [-] cache.config_prefix            = cache.oslo {{(pid=89894) log_opt_values /opt/stack/data/venv/lib/python3.10/site-packages/oslo_config/cfg.py:2824}}
Feb 11 00:26:07 jammy-provider-cloud-0000007999 neutron-server[89894]: DEBUG oslo_service.service [-] cache.dead_timeout             = 60.0 {{(pid=89894) log_opt_values /opt/stack/data/venv/lib/python3.10/site-packages/oslo_config/cfg.py:2824}}
Feb 11 00:26:07 jammy-provider-cloud-0000007999 neutron-server[89894]: DEBUG oslo_service.service [-] cache.debug_cache_backend      = False {{(pid=89894) log_opt_values /opt/stack/data/venv/lib/python3.10/site-packages/oslo_config/cfg.py:2824}}
Feb 11 00:26:07 jammy-provider-cloud-0000007999 neutron-server[89894]: DEBUG oslo_service.service [-] cache.enable_retry_client      = False {{(pid=89894) log_opt_values /opt/stack/data/venv/lib/python3.10/site-packages/oslo_config/cfg.py:2824}}
Feb 11 00:26:07 jammy-provider-cloud-0000007999 neutron-server[89894]: DEBUG oslo_service.service [-] cache.enable_socket_keepalive  = False {{(pid=89894) log_opt_values /opt/stack/data/venv/lib/python3.10/site-packages/oslo_config/cfg.py:2824}}
Feb 11 00:26:07 jammy-provider-cloud-0000007999 neutron-server[89894]: DEBUG oslo_service.service [-] cache.enabled                  = False {{(pid=89894) log_opt_values /opt/stack/data/venv/lib/python3.10/site-packages/oslo_config/cfg.py:2824}}
Feb 11 00:26:07 jammy-provider-cloud-0000007999 neutron-server[89894]: DEBUG oslo_service.service [-] cache.enforce_fips_mode        = False {{(pid=89894) log_opt_values /opt/stack/data/venv/lib/python3.10/site-packages/oslo_config/cfg.py:2824}}
Feb 11 00:26:07 jammy-provider-cloud-0000007999 neutron-server[89894]: DEBUG oslo_service.service [-] cache.expiration_time          = 600 {{(pid=89894) log_opt_values /opt/stack/data/venv/lib/python3.10/site-packages/oslo_config/cfg.py:2824}}
Feb 11 00:26:07 jammy-provider-cloud-0000007999 neutron-server[89894]: DEBUG oslo_service.service [-] cache.hashclient_retry_attempts = 2 {{(pid=89894) log_opt_values /opt/stack/data/venv/lib/python3.10/site-packages/oslo_config/cfg.py:2824}}
Feb 11 00:26:07 jammy-provider-cloud-0000007999 neutron-server[89894]: DEBUG oslo_service.service [-] cache.hashclient_retry_delay   = 1.0 {{(pid=89894) log_opt_values /opt/stack/data/venv/lib/python3.10/site-packages/oslo_config/cfg.py:2824}}
Feb 11 00:26:07 jammy-provider-cloud-0000007999 neutron-server[90085]: DEBUG neutron.common.ovn.hash_ring_manager [None req-2c1b9069-2b9b-471d-a166-3c86996891fb None None] Allow caching, nodes 2>=2 {{(pid=90085) _wait_startup_before_caching /opt/stack/neutron/neutron/common/ovn/hash_ring_manager.py:65}}
Feb 11 00:26:07 jammy-provider-cloud-0000007999 neutron-server[89894]: DEBUG oslo_service.service [-] cache.memcache_dead_retry      = 300 {{(pid=89894) log_opt_values /opt/stack/data/venv/lib/python3.10/site-packages/oslo_config/cfg.py:2824}}
Feb 11 00:26:07 jammy-provider-cloud-0000007999 neutron-server[89894]: DEBUG oslo_service.service [-] cache.memcache_password        = **** {{(pid=89894) log_opt_values /opt/stack/data/venv/lib/python3.10/site-packages/oslo_config/cfg.py:2824}}
Feb 11 00:26:07 jammy-provider-cloud-0000007999 neutron-server[89894]: DEBUG oslo_service.service [-] cache.memcache_pool_connection_get_timeout = 10 {{(pid=89894) log_opt_values /opt/stack/data/venv/lib/python3.10/site-packages/oslo_config/cfg.py:2824}}
Feb 11 00:26:07 jammy-provider-cloud-0000007999 neutron-server[89894]: DEBUG oslo_service.service [-] cache.memcache_pool_flush_on_reconnect = False {{(pid=89894) log_opt_values /opt/stack/data/venv/lib/python3.10/site-packages/oslo_config/cfg.py:2824}}
Feb 11 00:26:07 jammy-provider-cloud-0000007999 neutron-server[89894]: DEBUG oslo_service.service [-] cache.memcache_pool_maxsize    = 10 {{(pid=89894) log_opt_values /opt/stack/data/venv/lib/python3.10/site-packages/oslo_config/cfg.py:2824}}
Feb 11 00:26:07 jammy-provider-cloud-0000007999 neutron-server[89894]: DEBUG oslo_service.service [-] cache.memcache_pool_unused_timeout = 60 {{(pid=89894) log_opt_values /opt/stack/data/venv/lib/python3.10/site-packages/oslo_config/cfg.py:2824}}
Feb 11 00:26:07 jammy-provider-cloud-0000007999 neutron-server[89894]: DEBUG oslo_service.service [-] cache.memcache_sasl_enabled    = False {{(pid=89894) log_opt_values /opt/stack/data/venv/lib/python3.10/site-packages/oslo_config/cfg.py:2824}}
Feb 11 00:26:07 jammy-provider-cloud-0000007999 neutron-server[89894]: DEBUG oslo_service.service [-] cache.memcache_servers         = ['localhost:11211'] {{(pid=89894) log_opt_values /opt/stack/data/venv/lib/python3.10/site-packages/oslo_config/cfg.py:2824}}
Feb 11 00:26:07 jammy-provider-cloud-0000007999 neutron-server[89894]: DEBUG oslo_service.service [-] cache.memcache_socket_timeout  = 1.0 {{(pid=89894) log_opt_values /opt/stack/data/venv/lib/python3.10/site-packages/oslo_config/cfg.py:2824}}
Feb 11 00:26:07 jammy-provider-cloud-0000007999 neutron-server[89894]: DEBUG oslo_service.service [-] cache.memcache_username        = None {{(pid=89894) log_opt_values /opt/stack/data/venv/lib/python3.10/site-packages/oslo_config/cfg.py:2824}}
Feb 11 00:26:07 jammy-provider-cloud-0000007999 neutron-server[89894]: DEBUG oslo_service.service [-] cache.proxies                  = [] {{(pid=89894) log_opt_values /opt/stack/data/venv/lib/python3.10/site-packages/oslo_config/cfg.py:2824}}
Feb 11 00:26:07 jammy-provider-cloud-0000007999 neutron-server[89894]: DEBUG oslo_service.service [-] cache.redis_db                 = 0 {{(pid=89894) log_opt_values /opt/stack/data/venv/lib/python3.10/site-packages/oslo_config/cfg.py:2824}}
Feb 11 00:26:07 jammy-provider-cloud-0000007999 neutron-server[89894]: DEBUG oslo_service.service [-] cache.redis_password           = **** {{(pid=89894) log_opt_values /opt/stack/data/venv/lib/python3.10/site-packages/oslo_config/cfg.py:2824}}
Feb 11 00:26:07 jammy-provider-cloud-0000007999 neutron-server[89894]: DEBUG oslo_service.service [-] cache.redis_sentinel_service_name = mymaster {{(pid=89894) log_opt_values /opt/stack/data/venv/lib/python3.10/site-packages/oslo_config/cfg.py:2824}}
