May 12 16:36:20 ubuntu devstack@keystone.service[68276]: ERROR keystone.server.flask.application     return self._exec_single_context(
May 12 16:36:20 ubuntu devstack@keystone.service[68276]: ERROR keystone.server.flask.application            ^^^^^^^^^^^^^^^^^^^^^^^^^^
May 12 16:36:20 ubuntu devstack@keystone.service[68276]: ERROR keystone.server.flask.application   File "/opt/stack/data/venv/lib/python3.12/site-packages/sqlalchemy/engine/base.py", line 1986, in _exec_single_context
May 12 16:36:20 ubuntu devstack@keystone.service[68276]: ERROR keystone.server.flask.application     self._handle_dbapi_exception(
May 12 16:36:20 ubuntu devstack@keystone.service[68276]: ERROR keystone.server.flask.application   File "/opt/stack/data/venv/lib/python3.12/site-packages/sqlalchemy/engine/base.py", line 2360, in _handle_dbapi_exception
May 12 16:36:20 ubuntu devstack@keystone.service[68276]: ERROR keystone.server.flask.application     raise newraise.with_traceback(exc_info[2]) from e
May 12 16:36:20 ubuntu devstack@keystone.service[68276]: ERROR keystone.server.flask.application   File "/opt/stack/data/venv/lib/python3.12/site-packages/sqlalchemy/engine/base.py", line 1967, in _exec_single_context
May 12 16:36:20 ubuntu devstack@keystone.service[68276]: ERROR keystone.server.flask.application     self.dialect.do_execute(
May 12 16:36:20 ubuntu devstack@keystone.service[68276]: ERROR keystone.server.flask.application   File "/opt/stack/data/venv/lib/python3.12/site-packages/sqlalchemy/engine/default.py", line 952, in do_execute
May 12 16:36:20 ubuntu devstack@keystone.service[68276]: ERROR keystone.server.flask.application     cursor.execute(statement, parameters)
May 12 16:36:20 ubuntu devstack@keystone.service[68276]: ERROR keystone.server.flask.application   File "/opt/stack/data/venv/lib/python3.12/site-packages/pymysql/cursors.py", line 157, in execute
May 12 16:36:20 ubuntu devstack@keystone.service[68276]: ERROR keystone.server.flask.application     result = self._query(query)
May 12 16:36:20 ubuntu devstack@keystone.service[68276]: ERROR keystone.server.flask.application              ^^^^^^^^^^^^^^^^^^
May 12 16:36:20 ubuntu devstack@keystone.service[68276]: ERROR keystone.server.flask.application   File "/opt/stack/data/venv/lib/python3.12/site-packages/pymysql/cursors.py", line 328, in _query
May 12 16:36:20 ubuntu devstack@keystone.service[68276]: ERROR keystone.server.flask.application     conn.query(q)
May 12 16:36:20 ubuntu devstack@keystone.service[68276]: ERROR keystone.server.flask.application   File "/opt/stack/data/venv/lib/python3.12/site-packages/pymysql/connections.py", line 575, in query
May 12 16:36:20 ubuntu devstack@keystone.service[68276]: ERROR keystone.server.flask.application     self._affected_rows = self._read_query_result(unbuffered=unbuffered)
May 12 16:36:20 ubuntu devstack@keystone.service[68276]: ERROR keystone.server.flask.application                           ^^^^^^^^^^^^^^^^^^^^^^^^^^^^^^^^^^^^^^^^^^^^^^
May 12 16:36:20 ubuntu devstack@keystone.service[68276]: ERROR keystone.server.flask.application   File "/opt/stack/data/venv/lib/python3.12/site-packages/pymysql/connections.py", line 826, in _read_query_result
May 12 16:36:20 ubuntu devstack@keystone.service[68276]: ERROR keystone.server.flask.application     result.read()
May 12 16:36:20 ubuntu devstack@keystone.service[68276]: ERROR keystone.server.flask.application   File "/opt/stack/data/venv/lib/python3.12/site-packages/pymysql/connections.py", line 1203, in read
May 12 16:36:20 ubuntu devstack@keystone.service[68276]: ERROR keystone.server.flask.application     first_packet = self.connection._read_packet()
May 12 16:36:20 ubuntu devstack@keystone.service[68276]: ERROR keystone.server.flask.application                    ^^^^^^^^^^^^^^^^^^^^^^^^^^^^^^
May 12 16:36:20 ubuntu devstack@keystone.service[68276]: ERROR keystone.server.flask.application   File "/opt/stack/data/venv/lib/python3.12/site-packages/pymysql/connections.py", line 782, in _read_packet
May 12 16:36:20 ubuntu devstack@keystone.service[68276]: ERROR keystone.server.flask.application     packet.raise_for_error()
May 12 16:36:20 ubuntu devstack@keystone.service[68276]: ERROR keystone.server.flask.application   File "/opt/stack/data/venv/lib/python3.12/site-packages/pymysql/protocol.py", line 219, in raise_for_error
May 12 16:36:20 ubuntu devstack@keystone.service[68276]: ERROR keystone.server.flask.application     err.raise_mysql_exception(self._data)
May 12 16:36:20 ubuntu devstack@keystone.service[68276]: ERROR keystone.server.flask.application   File "/opt/stack/data/venv/lib/python3.12/site-packages/pymysql/err.py", line 150, in raise_mysql_exception
May 12 16:36:20 ubuntu devstack@keystone.service[68276]: ERROR keystone.server.flask.application     raise errorclass(errno, errval)
May 12 16:36:20 ubuntu devstack@keystone.service[68276]: ERROR keystone.server.flask.application oslo_db.exception.DBDuplicateEntry: (pymysql.err.IntegrityError) (1062, "Duplicate entry 'service-<<null>>' for key 'role.ixu_role_name_domain_id'")
May 12 16:36:20 ubuntu devstack@keystone.service[68276]: ERROR keystone.server.flask.application [SQL: INSERT INTO `role` (id, name, description, extra) VALUES (%(id)s, %(name)s, %(description)s, %(extra)s)]
May 12 16:36:20 ubuntu devstack@keystone.service[68276]: ERROR keystone.server.flask.application [parameters: {'id': '22743b932eca4876aacd7ae36fadf560', 'name': 'service', 'description': None, 'extra': '{}'}]
May 12 16:36:20 ubuntu devstack@keystone.service[68276]: ERROR keystone.server.flask.application (Background on this error at: https://sqlalche.me/e/20/gkpj)
May 12 16:36:20 ubuntu devstack@keystone.service[68276]: ERROR keystone.server.flask.application 
May 12 16:36:20 ubuntu devstack@keystone.service[68276]: ERROR keystone.server.flask.application During handling of the above exception, another exception occurred:
May 12 16:36:20 ubuntu devstack@keystone.service[68276]: ERROR keystone.server.flask.application 
May 12 16:36:20 ubuntu devstack@keystone.service[68276]: ERROR keystone.server.flask.application Traceback (most recent call last):
May 12 16:36:20 ubuntu devstack@keystone.service[68276]: ERROR keystone.server.flask.application   File "/opt/stack/data/venv/lib/python3.12/site-packages/flask_restful/__init__.py", line 295, in error_router
May 12 16:36:20 ubuntu devstack@keystone.service[68276]: ERROR keystone.server.flask.application     return self.handle_error(e)
May 12 16:36:20 ubuntu devstack@keystone.service[68276]: ERROR keystone.server.flask.application            ^^^^^^^^^^^^^^^^^^^^
May 12 16:36:20 ubuntu devstack@keystone.service[68276]: ERROR keystone.server.flask.application   File "/opt/stack/data/venv/lib/python3.12/site-packages/flask_restful/__init__.py", line 310, in handle_error
May 12 16:36:20 ubuntu devstack@keystone.service[68276]: ERROR keystone.server.flask.application     _handle_flask_propagate_exceptions_config(current_app, e)
May 12 16:36:20 ubuntu devstack@keystone.service[68276]: ERROR keystone.server.flask.application   File "/opt/stack/data/venv/lib/python3.12/site-packages/flask/app.py", line 917, in full_dispatch_request
May 12 16:36:20 ubuntu devstack@keystone.service[68276]: ERROR keystone.server.flask.application     rv = self.dispatch_request()
May 12 16:36:20 ubuntu devstack@keystone.service[68276]: ERROR keystone.server.flask.application          ^^^^^^^^^^^^^^^^^^^^^^^
May 12 16:36:20 ubuntu devstack@keystone.service[68276]: ERROR keystone.server.flask.application   File "/opt/stack/data/venv/lib/python3.12/site-packages/flask/app.py", line 902, in dispatch_request
May 12 16:36:20 ubuntu devstack@keystone.service[68276]: ERROR keystone.server.flask.application     return self.ensure_sync(self.view_functions[rule.endpoint])(**view_args)  # type: ignore[no-any-return]
May 12 16:36:20 ubuntu devstack@keystone.service[68276]: ERROR keystone.server.flask.application            ^^^^^^^^^^^^^^^^^^^^^^^^^^^^^^^^^^^^^^^^^^^^^^^^^^^^^^^^^^^^^^^^^
May 12 16:36:20 ubuntu devstack@keystone.service[68276]: ERROR keystone.server.flask.application   File "/opt/stack/data/venv/lib/python3.12/site-packages/flask_restful/__init__.py", line 489, in wrapper
May 12 16:36:20 ubuntu devstack@keystone.service[68276]: ERROR keystone.server.flask.application     resp = resource(*args, **kwargs)
May 12 16:36:20 ubuntu devstack@keystone.service[68276]: ERROR keystone.server.flask.application            ^^^^^^^^^^^^^^^^^^^^^^^^^
May 12 16:36:20 ubuntu devstack@keystone.service[68276]: ERROR keystone.server.flask.application   File "/opt/stack/data/venv/lib/python3.12/site-packages/flask/views.py", line 110, in view
May 12 16:36:20 ubuntu devstack@keystone.service[68276]: ERROR keystone.server.flask.application     return current_app.ensure_sync(self.dispatch_request)(**kwargs)  # type: ignore[no-any-return]
May 12 16:36:20 ubuntu devstack@keystone.service[68276]: ERROR keystone.server.flask.application            ^^^^^^^^^^^^^^^^^^^^^^^^^^^^^^^^^^^^^^^^^^^^^^^^^^^^^^^^
May 12 16:36:20 ubuntu devstack@keystone.service[68276]: ERROR keystone.server.flask.application   File "/opt/stack/data/venv/lib/python3.12/site-packages/flask_restful/__init__.py", line 604, in dispatch_request
May 12 16:36:20 ubuntu devstack@keystone.service[68276]: ERROR keystone.server.flask.application     resp = meth(*args, **kwargs)
May 12 16:36:20 ubuntu devstack@keystone.service[68276]: ERROR keystone.server.flask.application            ^^^^^^^^^^^^^^^^^^^^^
May 12 16:36:20 ubuntu devstack@keystone.service[68276]: ERROR keystone.server.flask.application   File "/opt/stack/keystone/keystone/api/validation/__init__.py", line 86, in wrapper
May 12 16:36:20 ubuntu devstack@keystone.service[68276]: ERROR keystone.server.flask.application     return func(*args, **kwargs)
May 12 16:36:20 ubuntu devstack@keystone.service[68276]: ERROR keystone.server.flask.application            ^^^^^^^^^^^^^^^^^^^^^
May 12 16:36:20 ubuntu devstack@keystone.service[68276]: ERROR keystone.server.flask.application   File "/opt/stack/keystone/keystone/api/validation/__init__.py", line 145, in wrapper
May 12 16:36:20 ubuntu devstack@keystone.service[68276]: ERROR keystone.server.flask.application     response = func(*args, **kwargs)
May 12 16:36:20 ubuntu devstack@keystone.service[68276]: ERROR keystone.server.flask.application                ^^^^^^^^^^^^^^^^^^^^^
May 12 16:36:20 ubuntu devstack@keystone.service[68276]: ERROR keystone.server.flask.application   File "/opt/stack/keystone/keystone/api/roles.py", line 91, in post
May 12 16:36:20 ubuntu devstack@keystone.service[68276]: ERROR keystone.server.flask.application     ref = PROVIDERS.role_api.create_role(
May 12 16:36:20 ubuntu devstack@keystone.service[68276]: ERROR keystone.server.flask.application           ^^^^^^^^^^^^^^^^^^^^^^^^^^^^^^^
May 12 16:36:20 ubuntu devstack@keystone.service[68276]: ERROR keystone.server.flask.application   File "/opt/stack/keystone/keystone/common/manager.py", line 114, in wrapped
May 12 16:36:20 ubuntu devstack@keystone.service[68276]: ERROR keystone.server.flask.application     __ret_val = __f(*args, **kwargs)
May 12 16:36:20 ubuntu devstack@keystone.service[68276]: ERROR keystone.server.flask.application                 ^^^^^^^^^^^^^^^^^^^^
May 12 16:36:20 ubuntu devstack@keystone.service[68276]: ERROR keystone.server.flask.application   File "/opt/stack/keystone/keystone/assignment/core.py", line 1486, in create_role
May 12 16:36:20 ubuntu devstack@keystone.service[68276]: ERROR keystone.server.flask.application     ret = self.driver.create_role(role_id, role)
May 12 16:36:20 ubuntu devstack@keystone.service[68276]: ERROR keystone.server.flask.application           ^^^^^^^^^^^^^^^^^^^^^^^^^^^^^^^^^^^^^^
May 12 16:36:20 ubuntu devstack@keystone.service[68276]: ERROR keystone.server.flask.application   File "/opt/stack/keystone/keystone/common/sql/core.py", line 614, in wrapper
May 12 16:36:20 ubuntu devstack@keystone.service[68276]: ERROR keystone.server.flask.application     raise exception.Conflict(type=conflict_type, details=msg)
May 12 16:36:20 ubuntu devstack@keystone.service[68276]: ERROR keystone.server.flask.application keystone.exception.Conflict: Conflict occurred attempting to store role - Duplicate entry found with name service.
May 12 16:36:20 ubuntu devstack@keystone.service[68276]: ERROR keystone.server.flask.application 
May 12 16:36:20 ubuntu devstack@keystone.service[68276]: [pid: 68276|app: 0|req: 18/36] 10.120.125.137 () {62 vars in 1199 bytes} [Tue May 12 16:36:20 2026] POST /identity/v3/roles => generated 140 bytes in 101 msecs (HTTP/1.1 409) 5 headers in 183 bytes (1 switches on core 0)
May 12 16:36:20 ubuntu devstack@keystone.service[68277]: DEBUG keystone.server.flask.request_processing.middleware.auth_context [None req-f21eaf7c-29df-48eb-9946-510a0a2b8cd9 None None] Validating token access rules against request {{(pid=68277) validate_allowed_request /opt/stack/data/venv/lib/python3.12/site-packages/keystonemiddleware/auth_token/__init__.py:545}}
May 12 16:36:20 ubuntu devstack@keystone.service[68276]: DEBUG keystone.server.flask.request_processing.middleware.auth_context [None req-91c67799-4ff0-40fb-9247-35339c612f61 None admin] Authenticating user token {{(pid=68276) process_request /opt/stack/data/venv/lib/python3.12/site-packages/keystonemiddleware/auth_token/__init__.py:407}}
May 12 16:36:20 ubuntu devstack@keystone.service[68277]: DEBUG keystone.server.flask.request_processing.middleware.auth_context [None req-aaed859c-b8de-4dd5-944e-24f567fdd8b1 None admin] RBAC: auth_context: {'token': <TokenModel (audit_id=m-kOGg-3SbKyS2Acv4LoiQ, audit_chain_id=['m-kOGg-3SbKyS2Acv4LoiQ']) at 0x7f22b714e780>, 'domain_id': None, 'trust_id': None, 'trustor_id': None, 'trustee_id': None, 'domain_name': None, 'group_ids': [], 'user_id': 'a7293d96251c4253bce40e48b89c1025', 'user_domain_id': 'default', 'system_scope': 'all', 'project_id': None, 'project_domain_id': None, 'roles': ['admin', 'manager', 'member', 'reader'], 'is_admin_project': True, 'service_user_id': None, 'service_user_domain_id': None, 'service_project_id': None, 'service_project_domain_id': None, 'service_roles': []} {{(pid=68277) fill_context /opt/stack/keystone/keystone/server/flask/request_processing/middleware/auth_context.py:509}}
May 12 16:36:20 ubuntu devstack@keystone.service[68277]: DEBUG keystone.server.flask.request_processing.req_logging [None req-aaed859c-b8de-4dd5-944e-24f567fdd8b1 None admin] REQUEST_METHOD: `GET` {{(pid=68277) log_request_info /opt/stack/keystone/keystone/server/flask/request_processing/req_logging.py:26}}
May 12 16:36:20 ubuntu devstack@keystone.service[68277]: DEBUG keystone.server.flask.request_processing.req_logging [None req-aaed859c-b8de-4dd5-944e-24f567fdd8b1 None admin] SCRIPT_NAME: `/identity` {{(pid=68277) log_request_info /opt/stack/keystone/keystone/server/flask/request_processing/req_logging.py:27}}
May 12 16:36:20 ubuntu devstack@keystone.service[68277]: DEBUG keystone.server.flask.request_processing.req_logging [None req-aaed859c-b8de-4dd5-944e-24f567fdd8b1 None admin] PATH_INFO: `/v3/roles/admin` {{(pid=68277) log_request_info /opt/stack/keystone/keystone/server/flask/request_processing/req_logging.py:28}}
May 12 16:36:20 ubuntu devstack@keystone.service[68277]: DEBUG keystone.common.rbac_enforcer.enforcer [None req-aaed859c-b8de-4dd5-944e-24f567fdd8b1 None admin] Extracting inferred target data resulted in "NOT FOUND (404)". {{(pid=68277) enforce_call /opt/stack/keystone/keystone/common/rbac_enforcer/enforcer.py:445}}
May 12 16:36:20 ubuntu devstack@keystone.service[68277]: DEBUG keystone.server.flask.application [None req-aaed859c-b8de-4dd5-944e-24f567fdd8b1 None admin] Could not find role: admin. {{(pid=68277) _handle_keystone_exception /opt/stack/keystone/keystone/server/flask/application.py:146}}
May 12 16:36:20 ubuntu devstack@keystone.service[68277]: [pid: 68277|app: 0|req: 19/37] 10.120.125.137 () {58 vars in 1164 bytes} [Tue May 12 16:36:20 2026] GET /identity/v3/roles/admin => generated 83 bytes in 69 msecs (HTTP/1.1 404) 5 headers in 183 bytes (1 switches on core 0)
May 12 16:36:20 ubuntu devstack@keystone.service[68277]: DEBUG keystone.server.flask.request_processing.middleware.auth_context [None req-aaed859c-b8de-4dd5-944e-24f567fdd8b1 None admin] Authenticating user token {{(pid=68277) process_request /opt/stack/data/venv/lib/python3.12/site-packages/keystonemiddleware/auth_token/__init__.py:407}}
May 12 16:36:20 ubuntu devstack@keystone.service[68276]: DEBUG keystone.server.flask.request_processing.middleware.auth_context [None req-91c67799-4ff0-40fb-9247-35339c612f61 None admin] Validating token access rules against request {{(pid=68276) validate_allowed_request /opt/stack/data/venv/lib/python3.12/site-packages/keystonemiddleware/auth_token/__init__.py:545}}
May 12 16:36:20 ubuntu devstack@keystone.service[68277]: DEBUG keystone.server.flask.request_processing.middleware.auth_context [None req-aaed859c-b8de-4dd5-944e-24f567fdd8b1 None admin] Validating token access rules against request {{(pid=68277) validate_allowed_request /opt/stack/data/venv/lib/python3.12/site-packages/keystonemiddleware/auth_token/__init__.py:545}}
May 12 16:36:20 ubuntu devstack@keystone.service[68276]: DEBUG keystone.server.flask.request_processing.middleware.auth_context [None req-57a54e7b-ec8b-4c6a-8ba9-603c0dc3fe6d None admin] RBAC: auth_context: {'token': <TokenModel (audit_id=BY_Pn7iBSH27GVibR2ndVQ, audit_chain_id=['BY_Pn7iBSH27GVibR2ndVQ']) at 0x7f22b6f10290>, 'domain_id': None, 'trust_id': None, 'trustor_id': None, 'trustee_id': None, 'domain_name': None, 'group_ids': [], 'user_id': 'a7293d96251c4253bce40e48b89c1025', 'user_domain_id': 'default', 'system_scope': 'all', 'project_id': None, 'project_domain_id': None, 'roles': ['admin', 'manager', 'member', 'reader'], 'is_admin_project': True, 'service_user_id': None, 'service_user_domain_id': None, 'service_project_id': None, 'service_project_domain_id': None, 'service_roles': []} {{(pid=68276) fill_context /opt/stack/keystone/keystone/server/flask/request_processing/middleware/auth_context.py:509}}
May 12 16:36:20 ubuntu devstack@keystone.service[68276]: DEBUG keystone.server.flask.request_processing.req_logging [None req-57a54e7b-ec8b-4c6a-8ba9-603c0dc3fe6d None admin] REQUEST_METHOD: `GET` {{(pid=68276) log_request_info /opt/stack/keystone/keystone/server/flask/request_processing/req_logging.py:26}}
May 12 16:36:20 ubuntu devstack@keystone.service[68276]: DEBUG keystone.server.flask.request_processing.req_logging [None req-57a54e7b-ec8b-4c6a-8ba9-603c0dc3fe6d None admin] SCRIPT_NAME: `/identity` {{(pid=68276) log_request_info /opt/stack/keystone/keystone/server/flask/request_processing/req_logging.py:27}}
May 12 16:36:20 ubuntu devstack@keystone.service[68276]: DEBUG keystone.server.flask.request_processing.req_logging [None req-57a54e7b-ec8b-4c6a-8ba9-603c0dc3fe6d None admin] PATH_INFO: `/v3/roles/service` {{(pid=68276) log_request_info /opt/stack/keystone/keystone/server/flask/request_processing/req_logging.py:28}}
May 12 16:36:20 ubuntu devstack@keystone.service[68276]: DEBUG keystone.common.rbac_enforcer.enforcer [None req-57a54e7b-ec8b-4c6a-8ba9-603c0dc3fe6d None admin] Extracting inferred target data resulted in "NOT FOUND (404)". {{(pid=68276) enforce_call /opt/stack/keystone/keystone/common/rbac_enforcer/enforcer.py:445}}
May 12 16:36:20 ubuntu devstack@keystone.service[68276]: DEBUG keystone.server.flask.application [None req-57a54e7b-ec8b-4c6a-8ba9-603c0dc3fe6d None admin] Could not find role: service. {{(pid=68276) _handle_keystone_exception /opt/stack/keystone/keystone/server/flask/application.py:146}}
May 12 16:36:20 ubuntu devstack@keystone.service[68276]: [pid: 68276|app: 0|req: 19/38] 10.120.125.137 () {58 vars in 1170 bytes} [Tue May 12 16:36:20 2026] GET /identity/v3/roles/service => generated 85 bytes in 63 msecs (HTTP/1.1 404) 5 headers in 183 bytes (1 switches on core 0)
May 12 16:36:20 ubuntu devstack@keystone.service[68276]: DEBUG keystone.server.flask.request_processing.middleware.auth_context [None req-57a54e7b-ec8b-4c6a-8ba9-603c0dc3fe6d None admin] Authenticating user token {{(pid=68276) process_request /opt/stack/data/venv/lib/python3.12/site-packages/keystonemiddleware/auth_token/__init__.py:407}}
May 12 16:36:20 ubuntu devstack@keystone.service[68277]: DEBUG keystone.server.flask.request_processing.middleware.auth_context [None req-1b543c7f-038c-41e6-a8cc-ea59c3250a41 None admin] RBAC: auth_context: {'token': <TokenModel (audit_id=quPpRyYxR8OssPYUxtGVzg, audit_chain_id=['quPpRyYxR8OssPYUxtGVzg']) at 0x7f22b6e495b0>, 'domain_id': None, 'trust_id': None, 'trustor_id': None, 'trustee_id': None, 'domain_name': None, 'group_ids': [], 'user_id': 'a7293d96251c4253bce40e48b89c1025', 'user_domain_id': 'default', 'system_scope': 'all', 'project_id': None, 'project_domain_id': None, 'roles': ['admin', 'manager', 'member', 'reader'], 'is_admin_project': True, 'service_user_id': None, 'service_user_domain_id': None, 'service_project_id': None, 'service_project_domain_id': None, 'service_roles': []} {{(pid=68277) fill_context /opt/stack/keystone/keystone/server/flask/request_processing/middleware/auth_context.py:509}}
May 12 16:36:20 ubuntu devstack@keystone.service[68277]: DEBUG keystone.server.flask.request_processing.req_logging [None req-1b543c7f-038c-41e6-a8cc-ea59c3250a41 None admin] REQUEST_METHOD: `POST` {{(pid=68277) log_request_info /opt/stack/keystone/keystone/server/flask/request_processing/req_logging.py:26}}
May 12 16:36:20 ubuntu devstack@keystone.service[68277]: DEBUG keystone.server.flask.request_processing.req_logging [None req-1b543c7f-038c-41e6-a8cc-ea59c3250a41 None admin] SCRIPT_NAME: `/identity` {{(pid=68277) log_request_info /opt/stack/keystone/keystone/server/flask/request_processing/req_logging.py:27}}
May 12 16:36:20 ubuntu devstack@keystone.service[68277]: DEBUG keystone.server.flask.request_processing.req_logging [None req-1b543c7f-038c-41e6-a8cc-ea59c3250a41 None admin] PATH_INFO: `/v3/roles` {{(pid=68277) log_request_info /opt/stack/keystone/keystone/server/flask/request_processing/req_logging.py:28}}
May 12 16:36:20 ubuntu devstack@keystone.service[68277]: DEBUG keystone.common.rbac_enforcer.enforcer [None req-1b543c7f-038c-41e6-a8cc-ea59c3250a41 None admin] RBAC: Authorizing `identity:create_role()` {{(pid=68277) enforce_call /opt/stack/keystone/keystone/common/rbac_enforcer/enforcer.py:494}}
May 12 16:36:20 ubuntu devstack@keystone.service[68277]: DEBUG keystone.common.rbac_enforcer.enforcer [None req-1b543c7f-038c-41e6-a8cc-ea59c3250a41 None admin] RBAC: Authorization granted {{(pid=68277) enforce_call /opt/stack/keystone/keystone/common/rbac_enforcer/enforcer.py:505}}
May 12 16:36:20 ubuntu devstack@keystone.service[68276]: DEBUG keystone.server.flask.request_processing.middleware.auth_context [None req-57a54e7b-ec8b-4c6a-8ba9-603c0dc3fe6d None admin] Validating token access rules against request {{(pid=68276) validate_allowed_request /opt/stack/data/venv/lib/python3.12/site-packages/keystonemiddleware/auth_token/__init__.py:545}}
May 12 16:36:20 ubuntu devstack@keystone.service[68276]: DEBUG keystone.server.flask.request_processing.middleware.auth_context [None req-374c31d5-0363-4bb5-97c1-3ea7d926a623 None admin] RBAC: auth_context: {'token': <TokenModel (audit_id=402FR7mBTOaXz2epCQKl5w, audit_chain_id=['402FR7mBTOaXz2epCQKl5w']) at 0x7f22b703b440>, 'domain_id': None, 'trust_id': None, 'trustor_id': None, 'trustee_id': None, 'domain_name': None, 'group_ids': [], 'user_id': 'a7293d96251c4253bce40e48b89c1025', 'user_domain_id': 'default', 'system_scope': 'all', 'project_id': None, 'project_domain_id': None, 'roles': ['admin', 'manager', 'member', 'reader'], 'is_admin_project': True, 'service_user_id': None, 'service_user_domain_id': None, 'service_project_id': None, 'service_project_domain_id': None, 'service_roles': []} {{(pid=68276) fill_context /opt/stack/keystone/keystone/server/flask/request_processing/middleware/auth_context.py:509}}
May 12 16:36:20 ubuntu devstack@keystone.service[68276]: DEBUG keystone.server.flask.request_processing.req_logging [None req-374c31d5-0363-4bb5-97c1-3ea7d926a623 None admin] REQUEST_METHOD: `POST` {{(pid=68276) log_request_info /opt/stack/keystone/keystone/server/flask/request_processing/req_logging.py:26}}
May 12 16:36:20 ubuntu devstack@keystone.service[68276]: DEBUG keystone.server.flask.request_processing.req_logging [None req-374c31d5-0363-4bb5-97c1-3ea7d926a623 None admin] SCRIPT_NAME: `/identity` {{(pid=68276) log_request_info /opt/stack/keystone/keystone/server/flask/request_processing/req_logging.py:27}}
May 12 16:36:20 ubuntu devstack@keystone.service[68276]: DEBUG keystone.server.flask.request_processing.req_logging [None req-374c31d5-0363-4bb5-97c1-3ea7d926a623 None admin] PATH_INFO: `/v3/projects` {{(pid=68276) log_request_info /opt/stack/keystone/keystone/server/flask/request_processing/req_logging.py:28}}
May 12 16:36:20 ubuntu devstack@keystone.service[68276]: DEBUG keystone.common.rbac_enforcer.enforcer [None req-374c31d5-0363-4bb5-97c1-3ea7d926a623 None admin] RBAC: Authorizing `identity:create_project()` {{(pid=68276) enforce_call /opt/stack/keystone/keystone/common/rbac_enforcer/enforcer.py:494}}
May 12 16:36:20 ubuntu devstack@keystone.service[68276]: DEBUG keystone.common.rbac_enforcer.enforcer [None req-374c31d5-0363-4bb5-97c1-3ea7d926a623 None admin] RBAC: Authorization granted {{(pid=68276) enforce_call /opt/stack/keystone/keystone/common/rbac_enforcer/enforcer.py:505}}
May 12 16:36:20 ubuntu devstack@keystone.service[68276]: [pid: 68276|app: 0|req: 20/39] 10.120.125.137 () {62 vars in 1208 bytes} [Tue May 12 16:36:20 2026] POST /identity/v3/projects => generated 302 bytes in 69 msecs (HTTP/1.1 201) 5 headers in 182 bytes (1 switches on core 0)
May 12 16:36:20 ubuntu devstack@keystone.service[68276]: DEBUG keystone.server.flask.request_processing.middleware.auth_context [None req-374c31d5-0363-4bb5-97c1-3ea7d926a623 None admin] Authenticating user token {{(pid=68276) process_request /opt/stack/data/venv/lib/python3.12/site-packages/keystonemiddleware/auth_token/__init__.py:407}}
May 12 16:36:20 ubuntu devstack@keystone.service[68277]: [pid: 68277|app: 0|req: 20/40] 10.120.125.137 () {62 vars in 1199 bytes} [Tue May 12 16:36:20 2026] POST /identity/v3/roles => generated 226 bytes in 129 msecs (HTTP/1.1 201) 5 headers in 182 bytes (2 switches on core 0)
May 12 16:36:20 ubuntu devstack@keystone.service[68277]: DEBUG keystone.server.flask.request_processing.middleware.auth_context [None req-1b543c7f-038c-41e6-a8cc-ea59c3250a41 None admin] Authenticating user token {{(pid=68277) process_request /opt/stack/data/venv/lib/python3.12/site-packages/keystonemiddleware/auth_token/__init__.py:407}}
May 12 16:36:20 ubuntu devstack@keystone.service[68277]: DEBUG keystone.server.flask.request_processing.middleware.auth_context [None req-1b543c7f-038c-41e6-a8cc-ea59c3250a41 None admin] Validating token access rules against request {{(pid=68277) validate_allowed_request /opt/stack/data/venv/lib/python3.12/site-packages/keystonemiddleware/auth_token/__init__.py:545}}
May 12 16:36:20 ubuntu devstack@keystone.service[68276]: DEBUG keystone.server.flask.request_processing.middleware.auth_context [None req-374c31d5-0363-4bb5-97c1-3ea7d926a623 None admin] Validating token access rules against request {{(pid=68276) validate_allowed_request /opt/stack/data/venv/lib/python3.12/site-packages/keystonemiddleware/auth_token/__init__.py:545}}
May 12 16:36:20 ubuntu devstack@keystone.service[68277]: DEBUG keystone.server.flask.request_processing.middleware.auth_context [None req-529f345d-4c03-4d1d-9721-c9bce98905f2 None admin] RBAC: auth_context: {'token': <TokenModel (audit_id=m-kOGg-3SbKyS2Acv4LoiQ, audit_chain_id=['m-kOGg-3SbKyS2Acv4LoiQ']) at 0x7f22b714dfa0>, 'domain_id': None, 'trust_id': None, 'trustor_id': None, 'trustee_id': None, 'domain_name': None, 'group_ids': [], 'user_id': 'a7293d96251c4253bce40e48b89c1025', 'user_domain_id': 'default', 'system_scope': 'all', 'project_id': None, 'project_domain_id': None, 'roles': ['admin', 'manager', 'member', 'reader'], 'is_admin_project': True, 'service_user_id': None, 'service_user_domain_id': None, 'service_project_id': None, 'service_project_domain_id': None, 'service_roles': []} {{(pid=68277) fill_context /opt/stack/keystone/keystone/server/flask/request_processing/middleware/auth_context.py:509}}
May 12 16:36:20 ubuntu devstack@keystone.service[68277]: DEBUG keystone.server.flask.request_processing.req_logging [None req-529f345d-4c03-4d1d-9721-c9bce98905f2 None admin] REQUEST_METHOD: `GET` {{(pid=68277) log_request_info /opt/stack/keystone/keystone/server/flask/request_processing/req_logging.py:26}}
May 12 16:36:20 ubuntu devstack@keystone.service[68277]: DEBUG keystone.server.flask.request_processing.req_logging [None req-529f345d-4c03-4d1d-9721-c9bce98905f2 None admin] SCRIPT_NAME: `/identity` {{(pid=68277) log_request_info /opt/stack/keystone/keystone/server/flask/request_processing/req_logging.py:27}}
May 12 16:36:20 ubuntu devstack@keystone.service[68277]: DEBUG keystone.server.flask.request_processing.req_logging [None req-529f345d-4c03-4d1d-9721-c9bce98905f2 None admin] PATH_INFO: `/v3/roles` {{(pid=68277) log_request_info /opt/stack/keystone/keystone/server/flask/request_processing/req_logging.py:28}}
May 12 16:36:20 ubuntu devstack@keystone.service[68277]: DEBUG keystone.common.rbac_enforcer.enforcer [None req-529f345d-4c03-4d1d-9721-c9bce98905f2 None admin] RBAC: Adding query filter params (name=admin) {{(pid=68277) _extract_filter_values /opt/stack/keystone/keystone/common/rbac_enforcer/enforcer.py:176}}
May 12 16:36:20 ubuntu devstack@keystone.service[68277]: DEBUG keystone.common.rbac_enforcer.enforcer [None req-529f345d-4c03-4d1d-9721-c9bce98905f2 None admin] RBAC: Authorizing `identity:list_roles()` {{(pid=68277) enforce_call /opt/stack/keystone/keystone/common/rbac_enforcer/enforcer.py:494}}
May 12 16:36:20 ubuntu devstack@keystone.service[68277]: DEBUG keystone.common.rbac_enforcer.enforcer [None req-529f345d-4c03-4d1d-9721-c9bce98905f2 None admin] RBAC: Authorization granted {{(pid=68277) enforce_call /opt/stack/keystone/keystone/common/rbac_enforcer/enforcer.py:505}}
May 12 16:36:20 ubuntu devstack@keystone.service[68276]: DEBUG keystone.server.flask.request_processing.middleware.auth_context [None req-ad869fec-783b-4aa3-8d1b-cc8f731983ab None admin] RBAC: auth_context: {'token': <TokenModel (audit_id=QbFIrnzmSJWrZwuTGbejKA, audit_chain_id=['QbFIrnzmSJWrZwuTGbejKA']) at 0x7f22b7070740>, 'domain_id': None, 'trust_id': None, 'trustor_id': None, 'trustee_id': None, 'domain_name': None, 'group_ids': [], 'user_id': 'a7293d96251c4253bce40e48b89c1025', 'user_domain_id': 'default', 'system_scope': 'all', 'project_id': None, 'project_domain_id': None, 'roles': ['admin', 'manager', 'member', 'reader'], 'is_admin_project': True, 'service_user_id': None, 'service_user_domain_id': None, 'service_project_id': None, 'service_project_domain_id': None, 'service_roles': []} {{(pid=68276) fill_context /opt/stack/keystone/keystone/server/flask/request_processing/middleware/auth_context.py:509}}
May 12 16:36:20 ubuntu devstack@keystone.service[68276]: DEBUG keystone.server.flask.request_processing.req_logging [None req-ad869fec-783b-4aa3-8d1b-cc8f731983ab None admin] REQUEST_METHOD: `GET` {{(pid=68276) log_request_info /opt/stack/keystone/keystone/server/flask/request_processing/req_logging.py:26}}
May 12 16:36:20 ubuntu devstack@keystone.service[68276]: DEBUG keystone.server.flask.request_processing.req_logging [None req-ad869fec-783b-4aa3-8d1b-cc8f731983ab None admin] SCRIPT_NAME: `/identity` {{(pid=68276) log_request_info /opt/stack/keystone/keystone/server/flask/request_processing/req_logging.py:27}}
May 12 16:36:20 ubuntu devstack@keystone.service[68276]: DEBUG keystone.server.flask.request_processing.req_logging [None req-ad869fec-783b-4aa3-8d1b-cc8f731983ab None admin] PATH_INFO: `/v3/domains/default` {{(pid=68276) log_request_info /opt/stack/keystone/keystone/server/flask/request_processing/req_logging.py:28}}
May 12 16:36:20 ubuntu devstack@keystone.service[68277]: [pid: 68277|app: 0|req: 21/41] 10.120.125.137 () {58 vars in 1180 bytes} [Tue May 12 16:36:20 2026] GET /identity/v3/roles?name=admin => generated 341 bytes in 58 msecs (HTTP/1.1 200) 5 headers in 177 bytes (1 switches on core 0)
May 12 16:36:20 ubuntu devstack@keystone.service[68276]: DEBUG keystone.common.rbac_enforcer.enforcer [None req-ad869fec-783b-4aa3-8d1b-cc8f731983ab None admin] RBAC: Authorizing `identity:get_domain(domain_id=default)` {{(pid=68276) enforce_call /opt/stack/keystone/keystone/common/rbac_enforcer/enforcer.py:494}}
May 12 16:36:20 ubuntu devstack@keystone.service[68277]: DEBUG keystone.server.flask.request_processing.req_logging [None req-013c88a0-fc48-4111-b1a2-6fc10c58a7ae None None] REQUEST_METHOD: `POST` {{(pid=68277) log_request_info /opt/stack/keystone/keystone/server/flask/request_processing/req_logging.py:26}}
May 12 16:36:20 ubuntu devstack@keystone.service[68277]: DEBUG keystone.server.flask.request_processing.req_logging [None req-013c88a0-fc48-4111-b1a2-6fc10c58a7ae None None] SCRIPT_NAME: `/identity` {{(pid=68277) log_request_info /opt/stack/keystone/keystone/server/flask/request_processing/req_logging.py:27}}
May 12 16:36:20 ubuntu devstack@keystone.service[68277]: DEBUG keystone.server.flask.request_processing.req_logging [None req-013c88a0-fc48-4111-b1a2-6fc10c58a7ae None None] PATH_INFO: `/v3/auth/tokens` {{(pid=68277) log_request_info /opt/stack/keystone/keystone/server/flask/request_processing/req_logging.py:28}}
May 12 16:36:20 ubuntu devstack@keystone.service[68276]: DEBUG keystone.common.rbac_enforcer.enforcer [None req-ad869fec-783b-4aa3-8d1b-cc8f731983ab None admin] RBAC: Authorization granted {{(pid=68276) enforce_call /opt/stack/keystone/keystone/common/rbac_enforcer/enforcer.py:505}}
May 12 16:36:20 ubuntu devstack@keystone.service[68276]: [pid: 68276|app: 0|req: 21/42] 10.120.125.137 () {58 vars in 1176 bytes} [Tue May 12 16:36:20 2026] GET /identity/v3/domains/default => generated 200 bytes in 70 msecs (HTTP/1.1 200) 5 headers in 177 bytes (1 switches on core 0)
May 12 16:36:20 ubuntu devstack@keystone.service[68276]: DEBUG keystone.server.flask.request_processing.middleware.auth_context [None req-ad869fec-783b-4aa3-8d1b-cc8f731983ab None admin] Authenticating user token {{(pid=68276) process_request /opt/stack/data/venv/lib/python3.12/site-packages/keystonemiddleware/auth_token/__init__.py:407}}
May 12 16:36:20 ubuntu devstack@keystone.service[68277]: WARNING keystone.common.password_hashing [None req-013c88a0-fc48-4111-b1a2-6fc10c58a7ae None None] Truncating password to algorithm specific maximum length 72 characters.
May 12 16:36:20 ubuntu devstack@keystone.service[68277]: DEBUG keystone.auth.core [None req-013c88a0-fc48-4111-b1a2-6fc10c58a7ae None None] MFA Rules not processed for user `a7293d96251c4253bce40e48b89c1025`. Rule list: `[]` (Enabled: `True`). {{(pid=68277) check_auth_methods_against_rules /opt/stack/keystone/keystone/auth/core.py:476}}
May 12 16:36:20 ubuntu devstack@keystone.service[68277]: DEBUG keystone.common.fernet_utils [None req-013c88a0-fc48-4111-b1a2-6fc10c58a7ae None None] Loaded 2 Fernet keys from /etc/keystone/fernet-keys/, but `[fernet_tokens] max_active_keys = 3`; perhaps there have not been enough key rotations to reach `max_active_keys` yet? {{(pid=68277) load_keys /opt/stack/keystone/keystone/common/fernet_utils.py:297}}
May 12 16:36:20 ubuntu devstack@keystone.service[68276]: DEBUG keystone.server.flask.request_processing.middleware.auth_context [None req-ad869fec-783b-4aa3-8d1b-cc8f731983ab None admin] Validating token access rules against request {{(pid=68276) validate_allowed_request /opt/stack/data/venv/lib/python3.12/site-packages/keystonemiddleware/auth_token/__init__.py:545}}
May 12 16:36:20 ubuntu devstack@keystone.service[68277]: [pid: 68277|app: 0|req: 22/43] 10.120.125.137 () {60 vars in 1048 bytes} [Tue May 12 16:36:20 2026] POST /identity/v3/auth/tokens => generated 863 bytes in 48 msecs (HTTP/1.1 201) 6 headers in 363 bytes (1 switches on core 0)
May 12 16:36:20 ubuntu devstack@keystone.service[68277]: DEBUG keystone.server.flask.request_processing.middleware.auth_context [None req-013c88a0-fc48-4111-b1a2-6fc10c58a7ae None None] Authenticating user token {{(pid=68277) process_request /opt/stack/data/venv/lib/python3.12/site-packages/keystonemiddleware/auth_token/__init__.py:407}}
May 12 16:36:20 ubuntu devstack@keystone.service[68276]: DEBUG keystone.server.flask.request_processing.middleware.auth_context [None req-ebd55151-32e0-43bc-8a14-d72ff4c77a0c None admin] RBAC: auth_context: {'token': <TokenModel (audit_id=BY_Pn7iBSH27GVibR2ndVQ, audit_chain_id=['BY_Pn7iBSH27GVibR2ndVQ']) at 0x7f22b7164530>, 'domain_id': None, 'trust_id': None, 'trustor_id': None, 'trustee_id': None, 'domain_name': None, 'group_ids': [], 'user_id': 'a7293d96251c4253bce40e48b89c1025', 'user_domain_id': 'default', 'system_scope': 'all', 'project_id': None, 'project_domain_id': None, 'roles': ['admin', 'manager', 'member', 'reader'], 'is_admin_project': True, 'service_user_id': None, 'service_user_domain_id': None, 'service_project_id': None, 'service_project_domain_id': None, 'service_roles': []} {{(pid=68276) fill_context /opt/stack/keystone/keystone/server/flask/request_processing/middleware/auth_context.py:509}}
May 12 16:36:20 ubuntu devstack@keystone.service[68276]: DEBUG keystone.server.flask.request_processing.req_logging [None req-ebd55151-32e0-43bc-8a14-d72ff4c77a0c None admin] REQUEST_METHOD: `GET` {{(pid=68276) log_request_info /opt/stack/keystone/keystone/server/flask/request_processing/req_logging.py:26}}
May 12 16:36:20 ubuntu devstack@keystone.service[68276]: DEBUG keystone.server.flask.request_processing.req_logging [None req-ebd55151-32e0-43bc-8a14-d72ff4c77a0c None admin] SCRIPT_NAME: `/identity` {{(pid=68276) log_request_info /opt/stack/keystone/keystone/server/flask/request_processing/req_logging.py:27}}
May 12 16:36:20 ubuntu devstack@keystone.service[68276]: DEBUG keystone.server.flask.request_processing.req_logging [None req-ebd55151-32e0-43bc-8a14-d72ff4c77a0c None admin] PATH_INFO: `/v3/roles` {{(pid=68276) log_request_info /opt/stack/keystone/keystone/server/flask/request_processing/req_logging.py:28}}
May 12 16:36:20 ubuntu devstack@keystone.service[68276]: DEBUG keystone.common.rbac_enforcer.enforcer [None req-ebd55151-32e0-43bc-8a14-d72ff4c77a0c None admin] RBAC: Adding query filter params (name=service) {{(pid=68276) _extract_filter_values /opt/stack/keystone/keystone/common/rbac_enforcer/enforcer.py:176}}
May 12 16:36:20 ubuntu devstack@keystone.service[68276]: DEBUG keystone.common.rbac_enforcer.enforcer [None req-ebd55151-32e0-43bc-8a14-d72ff4c77a0c None admin] RBAC: Authorizing `identity:list_roles()` {{(pid=68276) enforce_call /opt/stack/keystone/keystone/common/rbac_enforcer/enforcer.py:494}}
May 12 16:36:20 ubuntu devstack@keystone.service[68276]: DEBUG keystone.common.rbac_enforcer.enforcer [None req-ebd55151-32e0-43bc-8a14-d72ff4c77a0c None admin] RBAC: Authorization granted {{(pid=68276) enforce_call /opt/stack/keystone/keystone/common/rbac_enforcer/enforcer.py:505}}
May 12 16:36:20 ubuntu devstack@keystone.service[68276]: [pid: 68276|app: 0|req: 22/44] 10.120.125.137 () {58 vars in 1184 bytes} [Tue May 12 16:36:20 2026] GET /identity/v3/roles?name=service => generated 345 bytes in 71 msecs (HTTP/1.1 200) 5 headers in 177 bytes (1 switches on core 0)
May 12 16:36:20 ubuntu devstack@keystone.service[68277]: DEBUG keystone.server.flask.request_processing.middleware.auth_context [None req-013c88a0-fc48-4111-b1a2-6fc10c58a7ae None None] Validating token access rules against request {{(pid=68277) validate_allowed_request /opt/stack/data/venv/lib/python3.12/site-packages/keystonemiddleware/auth_token/__init__.py:545}}
May 12 16:36:20 ubuntu devstack@keystone.service[68277]: DEBUG keystone.server.flask.request_processing.middleware.auth_context [None req-73e3bb30-76cd-45dd-bbdf-f0526edd9bb9 None admin] RBAC: auth_context: {'token': <TokenModel (audit_id=m-kOGg-3SbKyS2Acv4LoiQ, audit_chain_id=['m-kOGg-3SbKyS2Acv4LoiQ']) at 0x7f22b6e49e20>, 'domain_id': None, 'trust_id': None, 'trustor_id': None, 'trustee_id': None, 'domain_name': None, 'group_ids': [], 'user_id': 'a7293d96251c4253bce40e48b89c1025', 'user_domain_id': 'default', 'system_scope': 'all', 'project_id': None, 'project_domain_id': None, 'roles': ['admin', 'manager', 'member', 'reader'], 'is_admin_project': True, 'service_user_id': None, 'service_user_domain_id': None, 'service_project_id': None, 'service_project_domain_id': None, 'service_roles': []} {{(pid=68277) fill_context /opt/stack/keystone/keystone/server/flask/request_processing/middleware/auth_context.py:509}}
May 12 16:36:20 ubuntu devstack@keystone.service[68277]: DEBUG keystone.server.flask.request_processing.req_logging [None req-73e3bb30-76cd-45dd-bbdf-f0526edd9bb9 None admin] REQUEST_METHOD: `GET` {{(pid=68277) log_request_info /opt/stack/keystone/keystone/server/flask/request_processing/req_logging.py:26}}
May 12 16:36:20 ubuntu devstack@keystone.service[68277]: DEBUG keystone.server.flask.request_processing.req_logging [None req-73e3bb30-76cd-45dd-bbdf-f0526edd9bb9 None admin] SCRIPT_NAME: `/identity` {{(pid=68277) log_request_info /opt/stack/keystone/keystone/server/flask/request_processing/req_logging.py:27}}
May 12 16:36:20 ubuntu devstack@keystone.service[68277]: DEBUG keystone.server.flask.request_processing.req_logging [None req-73e3bb30-76cd-45dd-bbdf-f0526edd9bb9 None admin] PATH_INFO: `/v3/users/a7293d96251c4253bce40e48b89c1025` {{(pid=68277) log_request_info /opt/stack/keystone/keystone/server/flask/request_processing/req_logging.py:28}}
May 12 16:36:20 ubuntu devstack@keystone.service[68277]: DEBUG keystone.common.rbac_enforcer.enforcer [None req-73e3bb30-76cd-45dd-bbdf-f0526edd9bb9 None admin] RBAC: Authorizing `identity:get_user(user_id=a7293d96251c4253bce40e48b89c1025)` {{(pid=68277) enforce_call /opt/stack/keystone/keystone/common/rbac_enforcer/enforcer.py:494}}
May 12 16:36:20 ubuntu devstack@keystone.service[68277]: DEBUG keystone.common.rbac_enforcer.enforcer [None req-73e3bb30-76cd-45dd-bbdf-f0526edd9bb9 None admin] RBAC: Authorization granted {{(pid=68277) enforce_call /opt/stack/keystone/keystone/common/rbac_enforcer/enforcer.py:505}}
May 12 16:36:20 ubuntu devstack@keystone.service[68277]: [pid: 68277|app: 0|req: 23/45] 10.120.125.137 () {58 vars in 1245 bytes} [Tue May 12 16:36:20 2026] GET /identity/v3/users/a7293d96251c4253bce40e48b89c1025 => generated 248 bytes in 73 msecs (HTTP/1.1 200) 5 headers in 177 bytes (1 switches on core 0)
May 12 16:36:20 ubuntu devstack@keystone.service[68276]: DEBUG keystone.server.flask.request_processing.middleware.auth_context [None req-ebd55151-32e0-43bc-8a14-d72ff4c77a0c None admin] Authenticating user token {{(pid=68276) process_request /opt/stack/data/venv/lib/python3.12/site-packages/keystonemiddleware/auth_token/__init__.py:407}}
May 12 16:36:20 ubuntu devstack@keystone.service[68277]: DEBUG keystone.server.flask.request_processing.middleware.auth_context [None req-73e3bb30-76cd-45dd-bbdf-f0526edd9bb9 None admin] Authenticating user token {{(pid=68277) process_request /opt/stack/data/venv/lib/python3.12/site-packages/keystonemiddleware/auth_token/__init__.py:407}}
May 12 16:36:20 ubuntu devstack@keystone.service[68276]: DEBUG keystone.server.flask.request_processing.middleware.auth_context [None req-ebd55151-32e0-43bc-8a14-d72ff4c77a0c None admin] Validating token access rules against request {{(pid=68276) validate_allowed_request /opt/stack/data/venv/lib/python3.12/site-packages/keystonemiddleware/auth_token/__init__.py:545}}
May 12 16:36:20 ubuntu devstack@keystone.service[68277]: DEBUG keystone.server.flask.request_processing.middleware.auth_context [None req-73e3bb30-76cd-45dd-bbdf-f0526edd9bb9 None admin] Validating token access rules against request {{(pid=68277) validate_allowed_request /opt/stack/data/venv/lib/python3.12/site-packages/keystonemiddleware/auth_token/__init__.py:545}}
May 12 16:36:20 ubuntu devstack@keystone.service[68276]: DEBUG keystone.server.flask.request_processing.middleware.auth_context [None req-d1285ff2-5690-4a2c-84df-e83ae392dc6e None admin] RBAC: auth_context: {'token': <TokenModel (audit_id=QbFIrnzmSJWrZwuTGbejKA, audit_chain_id=['QbFIrnzmSJWrZwuTGbejKA']) at 0x7f22b703a750>, 'domain_id': None, 'trust_id': None, 'trustor_id': None, 'trustee_id': None, 'domain_name': None, 'group_ids': [], 'user_id': 'a7293d96251c4253bce40e48b89c1025', 'user_domain_id': 'default', 'system_scope': 'all', 'project_id': None, 'project_domain_id': None, 'roles': ['admin', 'manager', 'member', 'reader'], 'is_admin_project': True, 'service_user_id': None, 'service_user_domain_id': None, 'service_project_id': None, 'service_project_domain_id': None, 'service_roles': []} {{(pid=68276) fill_context /opt/stack/keystone/keystone/server/flask/request_processing/middleware/auth_context.py:509}}
May 12 16:36:20 ubuntu devstack@keystone.service[68276]: DEBUG keystone.server.flask.request_processing.req_logging [None req-d1285ff2-5690-4a2c-84df-e83ae392dc6e None admin] REQUEST_METHOD: `POST` {{(pid=68276) log_request_info /opt/stack/keystone/keystone/server/flask/request_processing/req_logging.py:26}}
May 12 16:36:20 ubuntu devstack@keystone.service[68276]: DEBUG keystone.server.flask.request_processing.req_logging [None req-d1285ff2-5690-4a2c-84df-e83ae392dc6e None admin] SCRIPT_NAME: `/identity` {{(pid=68276) log_request_info /opt/stack/keystone/keystone/server/flask/request_processing/req_logging.py:27}}
May 12 16:36:20 ubuntu devstack@keystone.service[68276]: DEBUG keystone.server.flask.request_processing.req_logging [None req-d1285ff2-5690-4a2c-84df-e83ae392dc6e None admin] PATH_INFO: `/v3/projects` {{(pid=68276) log_request_info /opt/stack/keystone/keystone/server/flask/request_processing/req_logging.py:28}}
May 12 16:36:20 ubuntu devstack@keystone.service[68276]: DEBUG keystone.common.rbac_enforcer.enforcer [None req-d1285ff2-5690-4a2c-84df-e83ae392dc6e None admin] RBAC: Authorizing `identity:create_project()` {{(pid=68276) enforce_call /opt/stack/keystone/keystone/common/rbac_enforcer/enforcer.py:494}}
May 12 16:36:20 ubuntu devstack@keystone.service[68276]: DEBUG keystone.common.rbac_enforcer.enforcer [None req-d1285ff2-5690-4a2c-84df-e83ae392dc6e None admin] RBAC: Authorization granted {{(pid=68276) enforce_call /opt/stack/keystone/keystone/common/rbac_enforcer/enforcer.py:505}}
May 12 16:36:20 ubuntu devstack@keystone.service[68277]: DEBUG keystone.server.flask.request_processing.middleware.auth_context [None req-2759c71d-797e-4348-a917-d1ddc75d4904 None admin] RBAC: auth_context: {'token': <TokenModel (audit_id=m-kOGg-3SbKyS2Acv4LoiQ, audit_chain_id=['m-kOGg-3SbKyS2Acv4LoiQ']) at 0x7f22b6e4ad50>, 'domain_id': None, 'trust_id': None, 'trustor_id': None, 'trustee_id': None, 'domain_name': None, 'group_ids': [], 'user_id': 'a7293d96251c4253bce40e48b89c1025', 'user_domain_id': 'default', 'system_scope': 'all', 'project_id': None, 'project_domain_id': None, 'roles': ['admin', 'manager', 'member', 'reader'], 'is_admin_project': True, 'service_user_id': None, 'service_user_domain_id': None, 'service_project_id': None, 'service_project_domain_id': None, 'service_roles': []} {{(pid=68277) fill_context /opt/stack/keystone/keystone/server/flask/request_processing/middleware/auth_context.py:509}}
May 12 16:36:20 ubuntu devstack@keystone.service[68277]: DEBUG keystone.server.flask.request_processing.req_logging [None req-2759c71d-797e-4348-a917-d1ddc75d4904 None admin] REQUEST_METHOD: `GET` {{(pid=68277) log_request_info /opt/stack/keystone/keystone/server/flask/request_processing/req_logging.py:26}}
May 12 16:36:20 ubuntu devstack@keystone.service[68277]: DEBUG keystone.server.flask.request_processing.req_logging [None req-2759c71d-797e-4348-a917-d1ddc75d4904 None admin] SCRIPT_NAME: `/identity` {{(pid=68277) log_request_info /opt/stack/keystone/keystone/server/flask/request_processing/req_logging.py:27}}
May 12 16:36:20 ubuntu devstack@keystone.service[68277]: DEBUG keystone.server.flask.request_processing.req_logging [None req-2759c71d-797e-4348-a917-d1ddc75d4904 None admin] PATH_INFO: `/v3/domains/default` {{(pid=68277) log_request_info /opt/stack/keystone/keystone/server/flask/request_processing/req_logging.py:28}}
May 12 16:36:20 ubuntu devstack@keystone.service[68277]: DEBUG keystone.common.rbac_enforcer.enforcer [None req-2759c71d-797e-4348-a917-d1ddc75d4904 None admin] RBAC: Authorizing `identity:get_domain(domain_id=default)` {{(pid=68277) enforce_call /opt/stack/keystone/keystone/common/rbac_enforcer/enforcer.py:494}}
May 12 16:36:20 ubuntu devstack@keystone.service[68277]: DEBUG keystone.common.rbac_enforcer.enforcer [None req-2759c71d-797e-4348-a917-d1ddc75d4904 None admin] RBAC: Authorization granted {{(pid=68277) enforce_call /opt/stack/keystone/keystone/common/rbac_enforcer/enforcer.py:505}}
May 12 16:36:20 ubuntu devstack@keystone.service[68277]: [pid: 68277|app: 0|req: 24/46] 10.120.125.137 () {58 vars in 1176 bytes} [Tue May 12 16:36:20 2026] GET /identity/v3/domains/default => generated 200 bytes in 92 msecs (HTTP/1.1 200) 5 headers in 177 bytes (1 switches on core 0)
May 12 16:36:20 ubuntu devstack@keystone.service[68276]: [pid: 68276|app: 0|req: 23/47] 10.120.125.137 () {62 vars in 1208 bytes} [Tue May 12 16:36:20 2026] POST /identity/v3/projects => generated 313 bytes in 116 msecs (HTTP/1.1 201) 5 headers in 182 bytes (1 switches on core 0)
