Oct 07 12:50:02 jammy-provider-cloud-0000007688 systemd[1]: Starting Devstack devstack@g-api.service...
Oct 07 12:50:02 jammy-provider-cloud-0000007688 devstack@g-api.service[104736]: [uWSGI] getting INI configuration from /etc/glance/glance-uwsgi.ini
Oct 07 12:50:02 jammy-provider-cloud-0000007688 devstack@g-api.service[104736]: *** Starting uWSGI 2.0.20-debian (64bit) on [Mon Oct  7 12:50:02 2024] ***
Oct 07 12:50:02 jammy-provider-cloud-0000007688 devstack@g-api.service[104736]: compiled with version: 11.2.0 on 21 March 2022 11:00:44
Oct 07 12:50:02 jammy-provider-cloud-0000007688 devstack@g-api.service[104736]: os: Linux-5.15.0-107-generic #117-Ubuntu SMP Fri Apr 26 12:26:49 UTC 2024
Oct 07 12:50:02 jammy-provider-cloud-0000007688 devstack@g-api.service[104736]: nodename: jammy-provider-cloud-0000007688
Oct 07 12:50:02 jammy-provider-cloud-0000007688 devstack@g-api.service[104736]: machine: x86_64
Oct 07 12:50:02 jammy-provider-cloud-0000007688 devstack@g-api.service[104736]: clock source: unix
Oct 07 12:50:02 jammy-provider-cloud-0000007688 devstack@g-api.service[104736]: pcre jit disabled
Oct 07 12:50:02 jammy-provider-cloud-0000007688 devstack@g-api.service[104736]: detected number of CPU cores: 4
Oct 07 12:50:02 jammy-provider-cloud-0000007688 devstack@g-api.service[104736]: current working directory: /
Oct 07 12:50:02 jammy-provider-cloud-0000007688 devstack@g-api.service[104736]: detected binary path: /usr/bin/uwsgi-core
Oct 07 12:50:02 jammy-provider-cloud-0000007688 devstack@g-api.service[104736]: your processes number limit is 31298
Oct 07 12:50:02 jammy-provider-cloud-0000007688 devstack@g-api.service[104736]: your memory page size is 4096 bytes
Oct 07 12:50:02 jammy-provider-cloud-0000007688 devstack@g-api.service[104736]: detected max file descriptor number: 2048
Oct 07 12:50:02 jammy-provider-cloud-0000007688 devstack@g-api.service[104736]: lock engine: pthread robust mutexes
Oct 07 12:50:02 jammy-provider-cloud-0000007688 devstack@g-api.service[104736]: thunder lock: enabled
Oct 07 12:50:02 jammy-provider-cloud-0000007688 devstack@g-api.service[104736]: uwsgi socket 0 bound to TCP address 127.0.0.1:60999 fd 4
Oct 07 12:50:02 jammy-provider-cloud-0000007688 devstack@g-api.service[104736]: Python version: 3.10.12 (main, Sep 11 2024, 15:47:36) [GCC 11.4.0]
Oct 07 12:50:02 jammy-provider-cloud-0000007688 devstack@g-api.service[104736]: PEP 405 virtualenv detected: /opt/stack/data/venv
Oct 07 12:50:02 jammy-provider-cloud-0000007688 devstack@g-api.service[104736]: Set PythonHome to /opt/stack/data/venv
Oct 07 12:50:02 jammy-provider-cloud-0000007688 devstack@g-api.service[104736]: Python main interpreter initialized at 0x55859b3c2e00
Oct 07 12:50:02 jammy-provider-cloud-0000007688 devstack@g-api.service[104736]: python threads support enabled
Oct 07 12:50:02 jammy-provider-cloud-0000007688 devstack@g-api.service[104736]: your server socket listen backlog is limited to 100 connections
Oct 07 12:50:02 jammy-provider-cloud-0000007688 devstack@g-api.service[104736]: your mercy for graceful operations on workers is 80 seconds
Oct 07 12:50:02 jammy-provider-cloud-0000007688 devstack@g-api.service[104736]: mapped 403077 bytes (393 KB) for 2 cores
Oct 07 12:50:02 jammy-provider-cloud-0000007688 devstack@g-api.service[104736]: *** Operational MODE: preforking ***
Oct 07 12:50:02 jammy-provider-cloud-0000007688 devstack@g-api.service[104736]: *** uWSGI is running in multiple interpreter mode ***
Oct 07 12:50:02 jammy-provider-cloud-0000007688 devstack@g-api.service[104736]: spawned uWSGI master process (pid: 104736)
Oct 07 12:50:02 jammy-provider-cloud-0000007688 devstack@g-api.service[104736]: spawned uWSGI worker 1 (pid: 104737, cores: 1)
Oct 07 12:50:02 jammy-provider-cloud-0000007688 devstack@g-api.service[104736]: spawned uWSGI worker 2 (pid: 104738, cores: 1)
Oct 07 12:50:02 jammy-provider-cloud-0000007688 devstack@g-api.service[104736]: running "unix_signal:15 gracefully_kill_them_all" (master-start)...
Oct 07 12:50:02 jammy-provider-cloud-0000007688 systemd[1]: Started Devstack devstack@g-api.service.
Oct 07 12:50:03 jammy-provider-cloud-0000007688 devstack@g-api.service[104738]: INFO glance.async_ [-] Threadpool model set to 'NativeThreadPoolModel'
Oct 07 12:50:03 jammy-provider-cloud-0000007688 devstack@g-api.service[104737]: INFO glance.async_ [-] Threadpool model set to 'NativeThreadPoolModel'
Oct 07 12:50:03 jammy-provider-cloud-0000007688 devstack@g-api.service[104738]: DEBUG oslo_concurrency.processutils [-] Running cmd (subprocess): grep -F node.session.scan /sbin/iscsiadm {{(pid=104738) execute /opt/stack/data/venv/lib/python3.10/site-packages/oslo_concurrency/processutils.py:390}}
Oct 07 12:50:03 jammy-provider-cloud-0000007688 devstack@g-api.service[104738]: DEBUG oslo_concurrency.processutils [-] CMD "grep -F node.session.scan /sbin/iscsiadm" returned: 0 in 0.014s {{(pid=104738) execute /opt/stack/data/venv/lib/python3.10/site-packages/oslo_concurrency/processutils.py:428}}
Oct 07 12:50:03 jammy-provider-cloud-0000007688 devstack@g-api.service[104737]: DEBUG oslo_concurrency.processutils [-] Running cmd (subprocess): grep -F node.session.scan /sbin/iscsiadm {{(pid=104737) execute /opt/stack/data/venv/lib/python3.10/site-packages/oslo_concurrency/processutils.py:390}}
Oct 07 12:50:03 jammy-provider-cloud-0000007688 devstack@g-api.service[104737]: DEBUG oslo_concurrency.processutils [-] CMD "grep -F node.session.scan /sbin/iscsiadm" returned: 0 in 0.013s {{(pid=104737) execute /opt/stack/data/venv/lib/python3.10/site-packages/oslo_concurrency/processutils.py:428}}
Oct 07 12:50:03 jammy-provider-cloud-0000007688 devstack@g-api.service[104738]: DEBUG glance_store.common.attachment_state_manager [-] Initialising _AttachmentStateManager {{(pid=104738) __init__ /opt/stack/data/venv/lib/python3.10/site-packages/glance_store/common/attachment_state_manager.py:86}}
Oct 07 12:50:03 jammy-provider-cloud-0000007688 devstack@g-api.service[104737]: DEBUG glance_store.common.attachment_state_manager [-] Initialising _AttachmentStateManager {{(pid=104737) __init__ /opt/stack/data/venv/lib/python3.10/site-packages/glance_store/common/attachment_state_manager.py:86}}
Oct 07 12:50:03 jammy-provider-cloud-0000007688 devstack@g-api.service[104738]: DEBUG glance_store.backend [-] Attempting to import store cinder {{(pid=104738) _load_store /opt/stack/data/venv/lib/python3.10/site-packages/glance_store/backend.py:216}}
Oct 07 12:50:03 jammy-provider-cloud-0000007688 devstack@g-api.service[104738]: DEBUG glance_store.backend [-] Attempting to import store file {{(pid=104738) _load_store /opt/stack/data/venv/lib/python3.10/site-packages/glance_store/backend.py:216}}
Oct 07 12:50:03 jammy-provider-cloud-0000007688 devstack@g-api.service[104738]: DEBUG glance_store.backend [-] Attempting to import store glance.store.cinder.Store {{(pid=104738) _load_store /opt/stack/data/venv/lib/python3.10/site-packages/glance_store/backend.py:216}}
Oct 07 12:50:03 jammy-provider-cloud-0000007688 devstack@g-api.service[104738]: DEBUG glance_store.backend [-] Attempting to import store glance.store.filesystem.Store {{(pid=104738) _load_store /opt/stack/data/venv/lib/python3.10/site-packages/glance_store/backend.py:216}}
Oct 07 12:50:03 jammy-provider-cloud-0000007688 devstack@g-api.service[104738]: DEBUG glance_store.backend [-] Attempting to import store glance.store.http.Store {{(pid=104738) _load_store /opt/stack/data/venv/lib/python3.10/site-packages/glance_store/backend.py:216}}
Oct 07 12:50:03 jammy-provider-cloud-0000007688 devstack@g-api.service[104738]: DEBUG glance_store.backend [-] Attempting to import store glance.store.rbd.Store {{(pid=104738) _load_store /opt/stack/data/venv/lib/python3.10/site-packages/glance_store/backend.py:216}}
Oct 07 12:50:03 jammy-provider-cloud-0000007688 devstack@g-api.service[104738]: DEBUG glance_store.backend [-] Attempting to import store glance.store.s3.Store {{(pid=104738) _load_store /opt/stack/data/venv/lib/python3.10/site-packages/glance_store/backend.py:216}}
Oct 07 12:50:03 jammy-provider-cloud-0000007688 devstack@g-api.service[104738]: DEBUG glance_store.backend [-] Attempting to import store glance.store.swift.Store {{(pid=104738) _load_store /opt/stack/data/venv/lib/python3.10/site-packages/glance_store/backend.py:216}}
Oct 07 12:50:03 jammy-provider-cloud-0000007688 devstack@g-api.service[104738]: DEBUG glance_store.backend [-] Attempting to import store glance.store.vmware_datastore.Store {{(pid=104738) _load_store /opt/stack/data/venv/lib/python3.10/site-packages/glance_store/backend.py:216}}
Oct 07 12:50:03 jammy-provider-cloud-0000007688 devstack@g-api.service[104738]: DEBUG glance_store.backend [-] Attempting to import store http {{(pid=104738) _load_store /opt/stack/data/venv/lib/python3.10/site-packages/glance_store/backend.py:216}}
Oct 07 12:50:03 jammy-provider-cloud-0000007688 devstack@g-api.service[104738]: DEBUG glance_store.backend [-] Attempting to import store no_conf {{(pid=104738) _load_store /opt/stack/data/venv/lib/python3.10/site-packages/glance_store/backend.py:216}}
Oct 07 12:50:03 jammy-provider-cloud-0000007688 devstack@g-api.service[104738]: DEBUG glance_store.backend [-] Attempting to import store rbd {{(pid=104738) _load_store /opt/stack/data/venv/lib/python3.10/site-packages/glance_store/backend.py:216}}
Oct 07 12:50:03 jammy-provider-cloud-0000007688 devstack@g-api.service[104738]: DEBUG glance_store.backend [-] Attempting to import store s3 {{(pid=104738) _load_store /opt/stack/data/venv/lib/python3.10/site-packages/glance_store/backend.py:216}}
Oct 07 12:50:03 jammy-provider-cloud-0000007688 devstack@g-api.service[104738]: DEBUG glance_store.backend [-] Attempting to import store swift {{(pid=104738) _load_store /opt/stack/data/venv/lib/python3.10/site-packages/glance_store/backend.py:216}}
Oct 07 12:50:03 jammy-provider-cloud-0000007688 devstack@g-api.service[104738]: DEBUG glance_store.backend [-] Attempting to import store vmware {{(pid=104738) _load_store /opt/stack/data/venv/lib/python3.10/site-packages/glance_store/backend.py:216}}
Oct 07 12:50:03 jammy-provider-cloud-0000007688 devstack@g-api.service[104738]: DEBUG glance_store.backend [-] Registering options for group glance_store {{(pid=104738) register_opts /opt/stack/data/venv/lib/python3.10/site-packages/glance_store/backend.py:145}}
Oct 07 12:50:03 jammy-provider-cloud-0000007688 devstack@g-api.service[104738]: DEBUG glance_store.backend [-] Registering options for group glance_store {{(pid=104738) register_opts /opt/stack/data/venv/lib/python3.10/site-packages/glance_store/backend.py:145}}
Oct 07 12:50:03 jammy-provider-cloud-0000007688 devstack@g-api.service[104738]: DEBUG glance_store.backend [-] Attempting to import store http {{(pid=104738) _load_store /opt/stack/data/venv/lib/python3.10/site-packages/glance_store/backend.py:216}}
Oct 07 12:50:03 jammy-provider-cloud-0000007688 devstack@g-api.service[104738]: DEBUG glance_store.capabilities [-] Store glance_store._drivers.http.Store doesn't support updating dynamic storage capabilities. Please overwrite 'update_capabilities' method of the store to implement updating logics if needed. {{(pid=104738) update_capabilities /opt/stack/data/venv/lib/python3.10/site-packages/glance_store/capabilities.py:91}}
Oct 07 12:50:03 jammy-provider-cloud-0000007688 devstack@g-api.service[104738]: DEBUG glance_store.backend [-] Registering store http with schemes ('http', 'https') {{(pid=104738) create_stores /opt/stack/data/venv/lib/python3.10/site-packages/glance_store/backend.py:262}}
Oct 07 12:50:03 jammy-provider-cloud-0000007688 devstack@g-api.service[104738]: DEBUG glance_store.driver [-] Late loading location class glance_store._drivers.http.StoreLocation {{(pid=104738) get_store_location_class /opt/stack/data/venv/lib/python3.10/site-packages/glance_store/driver.py:133}}
Oct 07 12:50:03 jammy-provider-cloud-0000007688 devstack@g-api.service[104738]: DEBUG glance_store.location [-] Registering scheme http with {'store': <glance_store._drivers.http.Store object at 0x7f58ca5fceb0>, 'location_class': <class 'glance_store._drivers.http.StoreLocation'>, 'store_entry': 'http'} {{(pid=104738) register_scheme_map /opt/stack/data/venv/lib/python3.10/site-packages/glance_store/location.py:146}}
Oct 07 12:50:03 jammy-provider-cloud-0000007688 devstack@g-api.service[104738]: DEBUG glance_store.location [-] Registering scheme https with {'store': <glance_store._drivers.http.Store object at 0x7f58ca5fceb0>, 'location_class': <class 'glance_store._drivers.http.StoreLocation'>, 'store_entry': 'http'} {{(pid=104738) register_scheme_map /opt/stack/data/venv/lib/python3.10/site-packages/glance_store/location.py:146}}
Oct 07 12:50:03 jammy-provider-cloud-0000007688 devstack@g-api.service[104738]: DEBUG glance_store.backend [-] Attempting to import store file {{(pid=104738) _load_store /opt/stack/data/venv/lib/python3.10/site-packages/glance_store/backend.py:216}}
Oct 07 12:50:03 jammy-provider-cloud-0000007688 devstack@g-api.service[104738]: DEBUG glance_store.capabilities [-] Store glance_store._drivers.filesystem.Store doesn't support updating dynamic storage capabilities. Please overwrite 'update_capabilities' method of the store to implement updating logics if needed. {{(pid=104738) update_capabilities /opt/stack/data/venv/lib/python3.10/site-packages/glance_store/capabilities.py:91}}
Oct 07 12:50:03 jammy-provider-cloud-0000007688 devstack@g-api.service[104738]: DEBUG glance_store.backend [-] Registering store file with schemes ('file', 'filesystem') {{(pid=104738) create_stores /opt/stack/data/venv/lib/python3.10/site-packages/glance_store/backend.py:262}}
Oct 07 12:50:03 jammy-provider-cloud-0000007688 devstack@g-api.service[104738]: DEBUG glance_store.driver [-] Late loading location class glance_store._drivers.filesystem.StoreLocation {{(pid=104738) get_store_location_class /opt/stack/data/venv/lib/python3.10/site-packages/glance_store/driver.py:133}}
Oct 07 12:50:03 jammy-provider-cloud-0000007688 devstack@g-api.service[104738]: DEBUG glance_store.location [-] Registering scheme file with {'store': <glance_store._drivers.filesystem.Store object at 0x7f58ca5fe530>, 'location_class': <class 'glance_store._drivers.filesystem.StoreLocation'>, 'store_entry': 'file'} {{(pid=104738) register_scheme_map /opt/stack/data/venv/lib/python3.10/site-packages/glance_store/location.py:146}}
Oct 07 12:50:03 jammy-provider-cloud-0000007688 devstack@g-api.service[104738]: DEBUG glance_store.location [-] Registering scheme filesystem with {'store': <glance_store._drivers.filesystem.Store object at 0x7f58ca5fe530>, 'location_class': <class 'glance_store._drivers.filesystem.StoreLocation'>, 'store_entry': 'file'} {{(pid=104738) register_scheme_map /opt/stack/data/venv/lib/python3.10/site-packages/glance_store/location.py:146}}
Oct 07 12:50:03 jammy-provider-cloud-0000007688 devstack@g-api.service[104738]: DEBUG glance.sqlite_migration [-] SQLite caching database not located, skipping migration {{(pid=104738) get_db_path /opt/stack/glance/glance/sqlite_migration.py:68}}
Oct 07 12:50:03 jammy-provider-cloud-0000007688 devstack@g-api.service[104738]: WARNING glance.common.wsgi_app [-] Import methods are enabled but staging directory /tmp/staging/ does not exist; Imports will fail!
Oct 07 12:50:03 jammy-provider-cloud-0000007688 devstack@g-api.service[104737]: DEBUG glance_store.backend [-] Attempting to import store cinder {{(pid=104737) _load_store /opt/stack/data/venv/lib/python3.10/site-packages/glance_store/backend.py:216}}
Oct 07 12:50:03 jammy-provider-cloud-0000007688 devstack@g-api.service[104737]: DEBUG glance_store.backend [-] Attempting to import store file {{(pid=104737) _load_store /opt/stack/data/venv/lib/python3.10/site-packages/glance_store/backend.py:216}}
Oct 07 12:50:03 jammy-provider-cloud-0000007688 devstack@g-api.service[104737]: DEBUG glance_store.backend [-] Attempting to import store glance.store.cinder.Store {{(pid=104737) _load_store /opt/stack/data/venv/lib/python3.10/site-packages/glance_store/backend.py:216}}
Oct 07 12:50:03 jammy-provider-cloud-0000007688 devstack@g-api.service[104737]: DEBUG glance_store.backend [-] Attempting to import store glance.store.filesystem.Store {{(pid=104737) _load_store /opt/stack/data/venv/lib/python3.10/site-packages/glance_store/backend.py:216}}
Oct 07 12:50:03 jammy-provider-cloud-0000007688 devstack@g-api.service[104737]: DEBUG glance_store.backend [-] Attempting to import store glance.store.http.Store {{(pid=104737) _load_store /opt/stack/data/venv/lib/python3.10/site-packages/glance_store/backend.py:216}}
Oct 07 12:50:03 jammy-provider-cloud-0000007688 devstack@g-api.service[104737]: DEBUG glance_store.backend [-] Attempting to import store glance.store.rbd.Store {{(pid=104737) _load_store /opt/stack/data/venv/lib/python3.10/site-packages/glance_store/backend.py:216}}
Oct 07 12:50:03 jammy-provider-cloud-0000007688 devstack@g-api.service[104737]: DEBUG glance_store.backend [-] Attempting to import store glance.store.s3.Store {{(pid=104737) _load_store /opt/stack/data/venv/lib/python3.10/site-packages/glance_store/backend.py:216}}
Oct 07 12:50:03 jammy-provider-cloud-0000007688 devstack@g-api.service[104737]: DEBUG glance_store.backend [-] Attempting to import store glance.store.swift.Store {{(pid=104737) _load_store /opt/stack/data/venv/lib/python3.10/site-packages/glance_store/backend.py:216}}
Oct 07 12:50:03 jammy-provider-cloud-0000007688 devstack@g-api.service[104737]: DEBUG glance_store.backend [-] Attempting to import store glance.store.vmware_datastore.Store {{(pid=104737) _load_store /opt/stack/data/venv/lib/python3.10/site-packages/glance_store/backend.py:216}}
Oct 07 12:50:03 jammy-provider-cloud-0000007688 devstack@g-api.service[104737]: DEBUG glance_store.backend [-] Attempting to import store http {{(pid=104737) _load_store /opt/stack/data/venv/lib/python3.10/site-packages/glance_store/backend.py:216}}
Oct 07 12:50:03 jammy-provider-cloud-0000007688 devstack@g-api.service[104737]: DEBUG glance_store.backend [-] Attempting to import store no_conf {{(pid=104737) _load_store /opt/stack/data/venv/lib/python3.10/site-packages/glance_store/backend.py:216}}
Oct 07 12:50:03 jammy-provider-cloud-0000007688 devstack@g-api.service[104737]: DEBUG glance_store.backend [-] Attempting to import store rbd {{(pid=104737) _load_store /opt/stack/data/venv/lib/python3.10/site-packages/glance_store/backend.py:216}}
Oct 07 12:50:03 jammy-provider-cloud-0000007688 devstack@g-api.service[104737]: DEBUG glance_store.backend [-] Attempting to import store s3 {{(pid=104737) _load_store /opt/stack/data/venv/lib/python3.10/site-packages/glance_store/backend.py:216}}
Oct 07 12:50:03 jammy-provider-cloud-0000007688 devstack@g-api.service[104737]: DEBUG glance_store.backend [-] Attempting to import store swift {{(pid=104737) _load_store /opt/stack/data/venv/lib/python3.10/site-packages/glance_store/backend.py:216}}
Oct 07 12:50:03 jammy-provider-cloud-0000007688 devstack@g-api.service[104737]: DEBUG glance_store.backend [-] Attempting to import store vmware {{(pid=104737) _load_store /opt/stack/data/venv/lib/python3.10/site-packages/glance_store/backend.py:216}}
Oct 07 12:50:03 jammy-provider-cloud-0000007688 devstack@g-api.service[104737]: DEBUG glance_store.backend [-] Registering options for group glance_store {{(pid=104737) register_opts /opt/stack/data/venv/lib/python3.10/site-packages/glance_store/backend.py:145}}
Oct 07 12:50:03 jammy-provider-cloud-0000007688 devstack@g-api.service[104737]: DEBUG glance_store.backend [-] Registering options for group glance_store {{(pid=104737) register_opts /opt/stack/data/venv/lib/python3.10/site-packages/glance_store/backend.py:145}}
Oct 07 12:50:03 jammy-provider-cloud-0000007688 devstack@g-api.service[104737]: DEBUG glance_store.backend [-] Attempting to import store http {{(pid=104737) _load_store /opt/stack/data/venv/lib/python3.10/site-packages/glance_store/backend.py:216}}
Oct 07 12:50:03 jammy-provider-cloud-0000007688 devstack@g-api.service[104737]: DEBUG glance_store.capabilities [-] Store glance_store._drivers.http.Store doesn't support updating dynamic storage capabilities. Please overwrite 'update_capabilities' method of the store to implement updating logics if needed. {{(pid=104737) update_capabilities /opt/stack/data/venv/lib/python3.10/site-packages/glance_store/capabilities.py:91}}
Oct 07 12:50:03 jammy-provider-cloud-0000007688 devstack@g-api.service[104737]: DEBUG glance_store.backend [-] Registering store http with schemes ('http', 'https') {{(pid=104737) create_stores /opt/stack/data/venv/lib/python3.10/site-packages/glance_store/backend.py:262}}
Oct 07 12:50:03 jammy-provider-cloud-0000007688 devstack@g-api.service[104737]: DEBUG glance_store.driver [-] Late loading location class glance_store._drivers.http.StoreLocation {{(pid=104737) get_store_location_class /opt/stack/data/venv/lib/python3.10/site-packages/glance_store/driver.py:133}}
Oct 07 12:50:03 jammy-provider-cloud-0000007688 devstack@g-api.service[104737]: DEBUG glance_store.location [-] Registering scheme http with {'store': <glance_store._drivers.http.Store object at 0x7f58ca5ff5b0>, 'location_class': <class 'glance_store._drivers.http.StoreLocation'>, 'store_entry': 'http'} {{(pid=104737) register_scheme_map /opt/stack/data/venv/lib/python3.10/site-packages/glance_store/location.py:146}}
Oct 07 12:50:03 jammy-provider-cloud-0000007688 devstack@g-api.service[104737]: DEBUG glance_store.location [-] Registering scheme https with {'store': <glance_store._drivers.http.Store object at 0x7f58ca5ff5b0>, 'location_class': <class 'glance_store._drivers.http.StoreLocation'>, 'store_entry': 'http'} {{(pid=104737) register_scheme_map /opt/stack/data/venv/lib/python3.10/site-packages/glance_store/location.py:146}}
Oct 07 12:50:03 jammy-provider-cloud-0000007688 devstack@g-api.service[104737]: DEBUG glance_store.backend [-] Attempting to import store file {{(pid=104737) _load_store /opt/stack/data/venv/lib/python3.10/site-packages/glance_store/backend.py:216}}
Oct 07 12:50:03 jammy-provider-cloud-0000007688 devstack@g-api.service[104737]: DEBUG glance_store.capabilities [-] Store glance_store._drivers.filesystem.Store doesn't support updating dynamic storage capabilities. Please overwrite 'update_capabilities' method of the store to implement updating logics if needed. {{(pid=104737) update_capabilities /opt/stack/data/venv/lib/python3.10/site-packages/glance_store/capabilities.py:91}}
Oct 07 12:50:03 jammy-provider-cloud-0000007688 devstack@g-api.service[104737]: DEBUG glance_store.backend [-] Registering store file with schemes ('file', 'filesystem') {{(pid=104737) create_stores /opt/stack/data/venv/lib/python3.10/site-packages/glance_store/backend.py:262}}
Oct 07 12:50:03 jammy-provider-cloud-0000007688 devstack@g-api.service[104737]: DEBUG glance_store.driver [-] Late loading location class glance_store._drivers.filesystem.StoreLocation {{(pid=104737) get_store_location_class /opt/stack/data/venv/lib/python3.10/site-packages/glance_store/driver.py:133}}
Oct 07 12:50:03 jammy-provider-cloud-0000007688 devstack@g-api.service[104737]: DEBUG glance_store.location [-] Registering scheme file with {'store': <glance_store._drivers.filesystem.Store object at 0x7f58ca5fd6f0>, 'location_class': <class 'glance_store._drivers.filesystem.StoreLocation'>, 'store_entry': 'file'} {{(pid=104737) register_scheme_map /opt/stack/data/venv/lib/python3.10/site-packages/glance_store/location.py:146}}
Oct 07 12:50:03 jammy-provider-cloud-0000007688 devstack@g-api.service[104737]: DEBUG glance_store.location [-] Registering scheme filesystem with {'store': <glance_store._drivers.filesystem.Store object at 0x7f58ca5fd6f0>, 'location_class': <class 'glance_store._drivers.filesystem.StoreLocation'>, 'store_entry': 'file'} {{(pid=104737) register_scheme_map /opt/stack/data/venv/lib/python3.10/site-packages/glance_store/location.py:146}}
Oct 07 12:50:03 jammy-provider-cloud-0000007688 devstack@g-api.service[104737]: DEBUG glance.sqlite_migration [-] SQLite caching database not located, skipping migration {{(pid=104737) get_db_path /opt/stack/glance/glance/sqlite_migration.py:68}}
Oct 07 12:50:03 jammy-provider-cloud-0000007688 devstack@g-api.service[104737]: WARNING glance.common.wsgi_app [-] Import methods are enabled but staging directory /tmp/staging/ does not exist; Imports will fail!
Oct 07 12:50:04 jammy-provider-cloud-0000007688 devstack@g-api.service[104738]: DEBUG glance.common.config [None req-6ea7062e-9e88-4b43-8201-51e0f5bc9f79 None None] Loading glance-api-keystone+cachemanagement from /etc/glance/glance-api-paste.ini {{(pid=104738) load_paste_app /opt/stack/glance/glance/common/config.py:726}}
Oct 07 12:50:04 jammy-provider-cloud-0000007688 devstack@g-api.service[104737]: DEBUG glance.common.config [None req-23e483fd-a1a3-40be-8865-2a68d52d668d None None] Loading glance-api-keystone+cachemanagement from /etc/glance/glance-api-paste.ini {{(pid=104737) load_paste_app /opt/stack/glance/glance/common/config.py:726}}
Oct 07 12:50:04 jammy-provider-cloud-0000007688 devstack@g-api.service[104738]: INFO glance.image_cache [None req-6ea7062e-9e88-4b43-8201-51e0f5bc9f79 None None] Image cache loaded driver 'centralized_db'.
Oct 07 12:50:04 jammy-provider-cloud-0000007688 devstack@g-api.service[104737]: INFO glance.image_cache [None req-23e483fd-a1a3-40be-8865-2a68d52d668d None None] Image cache loaded driver 'centralized_db'.
Oct 07 12:50:04 jammy-provider-cloud-0000007688 devstack@g-api.service[104738]: INFO dbcounter [None req-6ea7062e-9e88-4b43-8201-51e0f5bc9f79 None None] Registered counter for database glance
Oct 07 12:50:04 jammy-provider-cloud-0000007688 devstack@g-api.service[104737]: INFO dbcounter [None req-23e483fd-a1a3-40be-8865-2a68d52d668d None None] Registered counter for database glance
Oct 07 12:50:04 jammy-provider-cloud-0000007688 devstack@g-api.service[104738]: DEBUG oslo_db.sqlalchemy.engines [None req-6ea7062e-9e88-4b43-8201-51e0f5bc9f79 None None] MySQL server mode set to STRICT_TRANS_TABLES,STRICT_ALL_TABLES,NO_ZERO_IN_DATE,NO_ZERO_DATE,ERROR_FOR_DIVISION_BY_ZERO,TRADITIONAL,NO_ENGINE_SUBSTITUTION {{(pid=104738) _check_effective_sql_mode /opt/stack/data/venv/lib/python3.10/site-packages/oslo_db/sqlalchemy/engines.py:342}}
Oct 07 12:50:04 jammy-provider-cloud-0000007688 devstack@g-api.service[104737]: DEBUG oslo_db.sqlalchemy.engines [None req-23e483fd-a1a3-40be-8865-2a68d52d668d None None] MySQL server mode set to STRICT_TRANS_TABLES,STRICT_ALL_TABLES,NO_ZERO_IN_DATE,NO_ZERO_DATE,ERROR_FOR_DIVISION_BY_ZERO,TRADITIONAL,NO_ENGINE_SUBSTITUTION {{(pid=104737) _check_effective_sql_mode /opt/stack/data/venv/lib/python3.10/site-packages/oslo_db/sqlalchemy/engines.py:342}}
Oct 07 12:50:04 jammy-provider-cloud-0000007688 devstack@g-api.service[104737]: DEBUG dbcounter [-] [104737] Writer thread running {{(pid=104737) stat_writer /opt/stack/data/venv/lib/python3.10/site-packages/dbcounter.py:102}}
Oct 07 12:50:04 jammy-provider-cloud-0000007688 devstack@g-api.service[104738]: DEBUG dbcounter [-] [104738] Writer thread running {{(pid=104738) stat_writer /opt/stack/data/venv/lib/python3.10/site-packages/dbcounter.py:102}}
Oct 07 12:50:04 jammy-provider-cloud-0000007688 devstack@g-api.service[104737]: DEBUG glance.image_cache.drivers.centralized_db [None req-23e483fd-a1a3-40be-8865-2a68d52d668d None None] Node reference is already recorded, ignoring it {{(pid=104737) configure /opt/stack/glance/glance/image_cache/drivers/centralized_db.py:71}}
Oct 07 12:50:04 jammy-provider-cloud-0000007688 devstack@g-api.service[104738]: INFO glance.image_cache [None req-6ea7062e-9e88-4b43-8201-51e0f5bc9f79 None None] Image cache loaded driver 'centralized_db'.
Oct 07 12:50:04 jammy-provider-cloud-0000007688 devstack@g-api.service[104737]: INFO glance.image_cache [None req-23e483fd-a1a3-40be-8865-2a68d52d668d None None] Image cache loaded driver 'centralized_db'.
Oct 07 12:50:04 jammy-provider-cloud-0000007688 devstack@g-api.service[104738]: DEBUG glance.image_cache.drivers.centralized_db [None req-6ea7062e-9e88-4b43-8201-51e0f5bc9f79 None None] Node reference is already recorded, ignoring it {{(pid=104738) configure /opt/stack/glance/glance/image_cache/drivers/centralized_db.py:71}}
Oct 07 12:50:04 jammy-provider-cloud-0000007688 devstack@g-api.service[104738]: DEBUG glance.api.v2.cached_images [None req-6ea7062e-9e88-4b43-8201-51e0f5bc9f79 None None] Started cache worker thread {{(pid=104738) __init__ /opt/stack/glance/glance/api/v2/cached_images.py:69}}
Oct 07 12:50:04 jammy-provider-cloud-0000007688 devstack@g-api.service[104738]: INFO glance.image_cache [None req-6ea7062e-9e88-4b43-8201-51e0f5bc9f79 None None] Image cache loaded driver 'centralized_db'.
Oct 07 12:50:04 jammy-provider-cloud-0000007688 devstack@g-api.service[104737]: DEBUG glance.image_cache.drivers.centralized_db [None req-23e483fd-a1a3-40be-8865-2a68d52d668d None None] Node reference is already recorded, ignoring it {{(pid=104737) configure /opt/stack/glance/glance/image_cache/drivers/centralized_db.py:71}}
Oct 07 12:50:04 jammy-provider-cloud-0000007688 devstack@g-api.service[104738]: DEBUG glance.image_cache.drivers.centralized_db [None req-6ea7062e-9e88-4b43-8201-51e0f5bc9f79 None None] Node reference is already recorded, ignoring it {{(pid=104738) configure /opt/stack/glance/glance/image_cache/drivers/centralized_db.py:71}}
Oct 07 12:50:04 jammy-provider-cloud-0000007688 devstack@g-api.service[104737]: DEBUG glance.api.v2.cached_images [None req-23e483fd-a1a3-40be-8865-2a68d52d668d None None] Started cache worker thread {{(pid=104737) __init__ /opt/stack/glance/glance/api/v2/cached_images.py:69}}
Oct 07 12:50:04 jammy-provider-cloud-0000007688 devstack@g-api.service[104737]: INFO glance.image_cache [None req-23e483fd-a1a3-40be-8865-2a68d52d668d None None] Image cache loaded driver 'centralized_db'.
Oct 07 12:50:04 jammy-provider-cloud-0000007688 devstack@g-api.service[104738]: INFO glance.api.middleware.cache_manage [None req-6ea7062e-9e88-4b43-8201-51e0f5bc9f79 None None] Initialized image cache management middleware
Oct 07 12:50:04 jammy-provider-cloud-0000007688 devstack@g-api.service[104738]: INFO glance.image_cache [None req-6ea7062e-9e88-4b43-8201-51e0f5bc9f79 None None] Image cache loaded driver 'centralized_db'.
Oct 07 12:50:04 jammy-provider-cloud-0000007688 devstack@g-api.service[104737]: DEBUG glance.image_cache.drivers.centralized_db [None req-23e483fd-a1a3-40be-8865-2a68d52d668d None None] Node reference is already recorded, ignoring it {{(pid=104737) configure /opt/stack/glance/glance/image_cache/drivers/centralized_db.py:71}}
Oct 07 12:50:04 jammy-provider-cloud-0000007688 devstack@g-api.service[104738]: DEBUG glance.image_cache.drivers.centralized_db [None req-6ea7062e-9e88-4b43-8201-51e0f5bc9f79 None None] Node reference is already recorded, ignoring it {{(pid=104738) configure /opt/stack/glance/glance/image_cache/drivers/centralized_db.py:71}}
Oct 07 12:50:04 jammy-provider-cloud-0000007688 devstack@g-api.service[104738]: INFO glance.api.middleware.cache [None req-6ea7062e-9e88-4b43-8201-51e0f5bc9f79 None None] Initialized image cache middleware
Oct 07 12:50:04 jammy-provider-cloud-0000007688 devstack@g-api.service[104737]: INFO glance.api.middleware.cache_manage [None req-23e483fd-a1a3-40be-8865-2a68d52d668d None None] Initialized image cache management middleware
Oct 07 12:50:04 jammy-provider-cloud-0000007688 devstack@g-api.service[104737]: INFO glance.image_cache [None req-23e483fd-a1a3-40be-8865-2a68d52d668d None None] Image cache loaded driver 'centralized_db'.
Oct 07 12:50:04 jammy-provider-cloud-0000007688 devstack@g-api.service[104738]: WARNING keystonemiddleware.auth_token [None req-6ea7062e-9e88-4b43-8201-51e0f5bc9f79 None None] AuthToken middleware is set with keystone_authtoken.service_token_roles_required set to False. This is backwards compatible but deprecated behaviour. Please set this to True.
Oct 07 12:50:04 jammy-provider-cloud-0000007688 devstack@g-api.service[104738]: WARNING keystonemiddleware.auth_token [None req-6ea7062e-9e88-4b43-8201-51e0f5bc9f79 None None] Configuring www_authenticate_uri to point to the public identity endpoint is required; clients may not be able to authenticate against an admin endpoint
Oct 07 12:50:04 jammy-provider-cloud-0000007688 devstack@g-api.service[104737]: DEBUG glance.image_cache.drivers.centralized_db [None req-23e483fd-a1a3-40be-8865-2a68d52d668d None None] Node reference is already recorded, ignoring it {{(pid=104737) configure /opt/stack/glance/glance/image_cache/drivers/centralized_db.py:71}}
Oct 07 12:50:04 jammy-provider-cloud-0000007688 devstack@g-api.service[104738]: DEBUG glance.common.config [None req-6ea7062e-9e88-4b43-8201-51e0f5bc9f79 None None] ******************************************************************************** {{(pid=104738) log_opt_values /opt/stack/data/venv/lib/python3.10/site-packages/oslo_config/cfg.py:2806}}
Oct 07 12:50:04 jammy-provider-cloud-0000007688 devstack@g-api.service[104738]: DEBUG glance.common.config [None req-6ea7062e-9e88-4b43-8201-51e0f5bc9f79 None None] Configuration options gathered from: {{(pid=104738) log_opt_values /opt/stack/data/venv/lib/python3.10/site-packages/oslo_config/cfg.py:2807}}
Oct 07 12:50:04 jammy-provider-cloud-0000007688 devstack@g-api.service[104738]: DEBUG glance.common.config [None req-6ea7062e-9e88-4b43-8201-51e0f5bc9f79 None None] command line args: [] {{(pid=104738) log_opt_values /opt/stack/data/venv/lib/python3.10/site-packages/oslo_config/cfg.py:2808}}
Oct 07 12:50:04 jammy-provider-cloud-0000007688 devstack@g-api.service[104738]: DEBUG glance.common.config [None req-6ea7062e-9e88-4b43-8201-51e0f5bc9f79 None None] config files: ['/etc/glance/glance-image-import.conf', '/etc/glance/glance-api.conf'] {{(pid=104738) log_opt_values /opt/stack/data/venv/lib/python3.10/site-packages/oslo_config/cfg.py:2809}}
Oct 07 12:50:04 jammy-provider-cloud-0000007688 devstack@g-api.service[104738]: DEBUG glance.common.config [None req-6ea7062e-9e88-4b43-8201-51e0f5bc9f79 None None] ================================================================================ {{(pid=104738) log_opt_values /opt/stack/data/venv/lib/python3.10/site-packages/oslo_config/cfg.py:2811}}
Oct 07 12:50:04 jammy-provider-cloud-0000007688 devstack@g-api.service[104738]: DEBUG glance.common.config [None req-6ea7062e-9e88-4b43-8201-51e0f5bc9f79 None None] allow_anonymous_access         = False {{(pid=104738) log_opt_values /opt/stack/data/venv/lib/python3.10/site-packages/oslo_config/cfg.py:2819}}
Oct 07 12:50:04 jammy-provider-cloud-0000007688 devstack@g-api.service[104738]: DEBUG glance.common.config [None req-6ea7062e-9e88-4b43-8201-51e0f5bc9f79 None None] api_limit_max                  = 1000 {{(pid=104738) log_opt_values /opt/stack/data/venv/lib/python3.10/site-packages/oslo_config/cfg.py:2819}}
Oct 07 12:50:04 jammy-provider-cloud-0000007688 devstack@g-api.service[104738]: DEBUG glance.common.config [None req-6ea7062e-9e88-4b43-8201-51e0f5bc9f79 None None] backlog                        = 4096 {{(pid=104738) log_opt_values /opt/stack/data/venv/lib/python3.10/site-packages/oslo_config/cfg.py:2819}}
Oct 07 12:50:04 jammy-provider-cloud-0000007688 devstack@g-api.service[104738]: DEBUG glance.common.config [None req-6ea7062e-9e88-4b43-8201-51e0f5bc9f79 None None] bind_host                      = 0.0.0.0 {{(pid=104738) log_opt_values /opt/stack/data/venv/lib/python3.10/site-packages/oslo_config/cfg.py:2819}}
Oct 07 12:50:04 jammy-provider-cloud-0000007688 devstack@g-api.service[104738]: DEBUG glance.common.config [None req-6ea7062e-9e88-4b43-8201-51e0f5bc9f79 None None] bind_port                      = None {{(pid=104738) log_opt_values /opt/stack/data/venv/lib/python3.10/site-packages/oslo_config/cfg.py:2819}}
Oct 07 12:50:04 jammy-provider-cloud-0000007688 devstack@g-api.service[104738]: DEBUG glance.common.config [None req-6ea7062e-9e88-4b43-8201-51e0f5bc9f79 None None] client_socket_timeout          = 900 {{(pid=104738) log_opt_values /opt/stack/data/venv/lib/python3.10/site-packages/oslo_config/cfg.py:2819}}
Oct 07 12:50:04 jammy-provider-cloud-0000007688 devstack@g-api.service[104738]: DEBUG glance.common.config [None req-6ea7062e-9e88-4b43-8201-51e0f5bc9f79 None None] config_dir                     = [] {{(pid=104738) log_opt_values /opt/stack/data/venv/lib/python3.10/site-packages/oslo_config/cfg.py:2819}}
Oct 07 12:50:04 jammy-provider-cloud-0000007688 devstack@g-api.service[104738]: DEBUG glance.common.config [None req-6ea7062e-9e88-4b43-8201-51e0f5bc9f79 None None] config_file                    = ['/etc/glance/glance-image-import.conf', '/etc/glance/glance-api.conf'] {{(pid=104738) log_opt_values /opt/stack/data/venv/lib/python3.10/site-packages/oslo_config/cfg.py:2819}}
Oct 07 12:50:04 jammy-provider-cloud-0000007688 devstack@g-api.service[104738]: DEBUG glance.common.config [None req-6ea7062e-9e88-4b43-8201-51e0f5bc9f79 None None] config_source                  = [] {{(pid=104738) log_opt_values /opt/stack/data/venv/lib/python3.10/site-packages/oslo_config/cfg.py:2819}}
Oct 07 12:50:04 jammy-provider-cloud-0000007688 devstack@g-api.service[104738]: DEBUG glance.common.config [None req-6ea7062e-9e88-4b43-8201-51e0f5bc9f79 None None] control_exchange               = glance {{(pid=104738) log_opt_values /opt/stack/data/venv/lib/python3.10/site-packages/oslo_config/cfg.py:2819}}
Oct 07 12:50:04 jammy-provider-cloud-0000007688 devstack@g-api.service[104738]: DEBUG glance.common.config [None req-6ea7062e-9e88-4b43-8201-51e0f5bc9f79 None None] debug                          = True {{(pid=104738) log_opt_values /opt/stack/data/venv/lib/python3.10/site-packages/oslo_config/cfg.py:2819}}
Oct 07 12:50:04 jammy-provider-cloud-0000007688 devstack@g-api.service[104738]: DEBUG glance.common.config [None req-6ea7062e-9e88-4b43-8201-51e0f5bc9f79 None None] default_log_levels             = ['amqp=WARN', 'amqplib=WARN', 'boto=WARN', 'qpid=WARN', 'sqlalchemy=WARN', 'suds=INFO', 'oslo.messaging=INFO', 'oslo_messaging=INFO', 'iso8601=WARN', 'requests.packages.urllib3.connectionpool=WARN', 'urllib3.connectionpool=WARN', 'websocket=WARN', 'requests.packages.urllib3.util.retry=WARN', 'urllib3.util.retry=WARN', 'keystonemiddleware=WARN', 'routes.middleware=WARN', 'stevedore=WARN', 'taskflow=WARN', 'keystoneauth=WARN', 'oslo.cache=INFO', 'oslo_policy=INFO', 'dogpile.core.dogpile=INFO'] {{(pid=104738) log_opt_values /opt/stack/data/venv/lib/python3.10/site-packages/oslo_config/cfg.py:2819}}
Oct 07 12:50:04 jammy-provider-cloud-0000007688 devstack@g-api.service[104738]: DEBUG glance.common.config [None req-6ea7062e-9e88-4b43-8201-51e0f5bc9f79 None None] default_publisher_id           = image.localhost {{(pid=104738) log_opt_values /opt/stack/data/venv/lib/python3.10/site-packages/oslo_config/cfg.py:2819}}
Oct 07 12:50:04 jammy-provider-cloud-0000007688 devstack@g-api.service[104738]: DEBUG glance.common.config [None req-6ea7062e-9e88-4b43-8201-51e0f5bc9f79 None None] delayed_delete                 = False {{(pid=104738) log_opt_values /opt/stack/data/venv/lib/python3.10/site-packages/oslo_config/cfg.py:2819}}
Oct 07 12:50:04 jammy-provider-cloud-0000007688 devstack@g-api.service[104738]: DEBUG glance.common.config [None req-6ea7062e-9e88-4b43-8201-51e0f5bc9f79 None None] digest_algorithm               = sha256 {{(pid=104738) log_opt_values /opt/stack/data/venv/lib/python3.10/site-packages/oslo_config/cfg.py:2819}}
Oct 07 12:50:04 jammy-provider-cloud-0000007688 devstack@g-api.service[104738]: DEBUG glance.common.config [None req-6ea7062e-9e88-4b43-8201-51e0f5bc9f79 None None] disabled_notifications         = [] {{(pid=104738) log_opt_values /opt/stack/data/venv/lib/python3.10/site-packages/oslo_config/cfg.py:2819}}
Oct 07 12:50:04 jammy-provider-cloud-0000007688 devstack@g-api.service[104738]: DEBUG glance.common.config [None req-6ea7062e-9e88-4b43-8201-51e0f5bc9f79 None None] do_secure_hash                 = True {{(pid=104738) log_opt_values /opt/stack/data/venv/lib/python3.10/site-packages/oslo_config/cfg.py:2819}}
Oct 07 12:50:04 jammy-provider-cloud-0000007688 devstack@g-api.service[104738]: DEBUG glance.common.config [None req-6ea7062e-9e88-4b43-8201-51e0f5bc9f79 None None] enabled_backends               = None {{(pid=104738) log_opt_values /opt/stack/data/venv/lib/python3.10/site-packages/oslo_config/cfg.py:2819}}
Oct 07 12:50:04 jammy-provider-cloud-0000007688 devstack@g-api.service[104738]: DEBUG glance.common.config [None req-6ea7062e-9e88-4b43-8201-51e0f5bc9f79 None None] enabled_import_methods         = ['glance-direct', 'web-download', 'copy-image'] {{(pid=104738) log_opt_values /opt/stack/data/venv/lib/python3.10/site-packages/oslo_config/cfg.py:2819}}
Oct 07 12:50:04 jammy-provider-cloud-0000007688 devstack@g-api.service[104738]: DEBUG glance.common.config [None req-6ea7062e-9e88-4b43-8201-51e0f5bc9f79 None None] hashing_algorithm              = sha512 {{(pid=104738) log_opt_values /opt/stack/data/venv/lib/python3.10/site-packages/oslo_config/cfg.py:2819}}
Oct 07 12:50:04 jammy-provider-cloud-0000007688 devstack@g-api.service[104738]: DEBUG glance.common.config [None req-6ea7062e-9e88-4b43-8201-51e0f5bc9f79 None None] http_keepalive                 = True {{(pid=104738) log_opt_values /opt/stack/data/venv/lib/python3.10/site-packages/oslo_config/cfg.py:2819}}
Oct 07 12:50:04 jammy-provider-cloud-0000007688 devstack@g-api.service[104738]: DEBUG glance.common.config [None req-6ea7062e-9e88-4b43-8201-51e0f5bc9f79 None None] http_retries                   = 3 {{(pid=104738) log_opt_values /opt/stack/data/venv/lib/python3.10/site-packages/oslo_config/cfg.py:2819}}
Oct 07 12:50:04 jammy-provider-cloud-0000007688 devstack@g-api.service[104738]: DEBUG glance.common.config [None req-6ea7062e-9e88-4b43-8201-51e0f5bc9f79 None None] image_cache_dir                = /opt/stack/data/glance/cache/ {{(pid=104738) log_opt_values /opt/stack/data/venv/lib/python3.10/site-packages/oslo_config/cfg.py:2819}}
Oct 07 12:50:04 jammy-provider-cloud-0000007688 devstack@g-api.service[104738]: DEBUG glance.common.config [None req-6ea7062e-9e88-4b43-8201-51e0f5bc9f79 None None] image_cache_driver             = centralized_db {{(pid=104738) log_opt_values /opt/stack/data/venv/lib/python3.10/site-packages/oslo_config/cfg.py:2819}}
Oct 07 12:50:04 jammy-provider-cloud-0000007688 devstack@g-api.service[104738]: DEBUG glance.common.config [None req-6ea7062e-9e88-4b43-8201-51e0f5bc9f79 None None] image_cache_max_size           = 10737418240 {{(pid=104738) log_opt_values /opt/stack/data/venv/lib/python3.10/site-packages/oslo_config/cfg.py:2819}}
Oct 07 12:50:04 jammy-provider-cloud-0000007688 devstack@g-api.service[104738]: DEBUG glance.common.config [None req-6ea7062e-9e88-4b43-8201-51e0f5bc9f79 None None] image_cache_sqlite_db          = cache.db {{(pid=104738) log_opt_values /opt/stack/data/venv/lib/python3.10/site-packages/oslo_config/cfg.py:2819}}
Oct 07 12:50:04 jammy-provider-cloud-0000007688 devstack@g-api.service[104738]: DEBUG glance.common.config [None req-6ea7062e-9e88-4b43-8201-51e0f5bc9f79 None None] image_cache_stall_time         = 86400 {{(pid=104738) log_opt_values /opt/stack/data/venv/lib/python3.10/site-packages/oslo_config/cfg.py:2819}}
Oct 07 12:50:04 jammy-provider-cloud-0000007688 devstack@g-api.service[104738]: DEBUG glance.common.config [None req-6ea7062e-9e88-4b43-8201-51e0f5bc9f79 None None] image_location_quota           = 10 {{(pid=104738) log_opt_values /opt/stack/data/venv/lib/python3.10/site-packages/oslo_config/cfg.py:2819}}
Oct 07 12:50:04 jammy-provider-cloud-0000007688 devstack@g-api.service[104738]: DEBUG glance.common.config [None req-6ea7062e-9e88-4b43-8201-51e0f5bc9f79 None None] image_member_quota             = 128 {{(pid=104738) log_opt_values /opt/stack/data/venv/lib/python3.10/site-packages/oslo_config/cfg.py:2819}}
Oct 07 12:50:04 jammy-provider-cloud-0000007688 devstack@g-api.service[104738]: DEBUG glance.common.config [None req-6ea7062e-9e88-4b43-8201-51e0f5bc9f79 None None] image_property_quota           = 128 {{(pid=104738) log_opt_values /opt/stack/data/venv/lib/python3.10/site-packages/oslo_config/cfg.py:2819}}
Oct 07 12:50:04 jammy-provider-cloud-0000007688 devstack@g-api.service[104738]: DEBUG glance.common.config [None req-6ea7062e-9e88-4b43-8201-51e0f5bc9f79 None None] image_size_cap                 = 1099511627776 {{(pid=104738) log_opt_values /opt/stack/data/venv/lib/python3.10/site-packages/oslo_config/cfg.py:2819}}
Oct 07 12:50:04 jammy-provider-cloud-0000007688 devstack@g-api.service[104738]: DEBUG glance.common.config [None req-6ea7062e-9e88-4b43-8201-51e0f5bc9f79 None None] image_tag_quota                = 128 {{(pid=104738) log_opt_values /opt/stack/data/venv/lib/python3.10/site-packages/oslo_config/cfg.py:2819}}
Oct 07 12:50:04 jammy-provider-cloud-0000007688 devstack@g-api.service[104738]: DEBUG glance.common.config [None req-6ea7062e-9e88-4b43-8201-51e0f5bc9f79 None None] instance_format                = [instance: %(uuid)s]  {{(pid=104738) log_opt_values /opt/stack/data/venv/lib/python3.10/site-packages/oslo_config/cfg.py:2819}}
Oct 07 12:50:04 jammy-provider-cloud-0000007688 devstack@g-api.service[104738]: DEBUG glance.common.config [None req-6ea7062e-9e88-4b43-8201-51e0f5bc9f79 None None] instance_uuid_format           = [instance: %(uuid)s]  {{(pid=104738) log_opt_values /opt/stack/data/venv/lib/python3.10/site-packages/oslo_config/cfg.py:2819}}
Oct 07 12:50:04 jammy-provider-cloud-0000007688 devstack@g-api.service[104738]: DEBUG glance.common.config [None req-6ea7062e-9e88-4b43-8201-51e0f5bc9f79 None None] limit_param_default            = 25 {{(pid=104738) log_opt_values /opt/stack/data/venv/lib/python3.10/site-packages/oslo_config/cfg.py:2819}}
Oct 07 12:50:04 jammy-provider-cloud-0000007688 devstack@g-api.service[104738]: DEBUG glance.common.config [None req-6ea7062e-9e88-4b43-8201-51e0f5bc9f79 None None] log_color                      = True {{(pid=104738) log_opt_values /opt/stack/data/venv/lib/python3.10/site-packages/oslo_config/cfg.py:2819}}
Oct 07 12:50:04 jammy-provider-cloud-0000007688 devstack@g-api.service[104738]: DEBUG glance.common.config [None req-6ea7062e-9e88-4b43-8201-51e0f5bc9f79 None None] log_config_append              = None {{(pid=104738) log_opt_values /opt/stack/data/venv/lib/python3.10/site-packages/oslo_config/cfg.py:2819}}
Oct 07 12:50:04 jammy-provider-cloud-0000007688 devstack@g-api.service[104738]: DEBUG glance.common.config [None req-6ea7062e-9e88-4b43-8201-51e0f5bc9f79 None None] log_date_format                = %Y-%m-%d %H:%M:%S {{(pid=104738) log_opt_values /opt/stack/data/venv/lib/python3.10/site-packages/oslo_config/cfg.py:2819}}
Oct 07 12:50:04 jammy-provider-cloud-0000007688 devstack@g-api.service[104738]: DEBUG glance.common.config [None req-6ea7062e-9e88-4b43-8201-51e0f5bc9f79 None None] log_dir                        = None {{(pid=104738) log_opt_values /opt/stack/data/venv/lib/python3.10/site-packages/oslo_config/cfg.py:2819}}
Oct 07 12:50:04 jammy-provider-cloud-0000007688 devstack@g-api.service[104738]: DEBUG glance.common.config [None req-6ea7062e-9e88-4b43-8201-51e0f5bc9f79 None None] log_file                       = None {{(pid=104738) log_opt_values /opt/stack/data/venv/lib/python3.10/site-packages/oslo_config/cfg.py:2819}}
Oct 07 12:50:04 jammy-provider-cloud-0000007688 devstack@g-api.service[104738]: DEBUG glance.common.config [None req-6ea7062e-9e88-4b43-8201-51e0f5bc9f79 None None] log_rotate_interval            = 1 {{(pid=104738) log_opt_values /opt/stack/data/venv/lib/python3.10/site-packages/oslo_config/cfg.py:2819}}
Oct 07 12:50:04 jammy-provider-cloud-0000007688 devstack@g-api.service[104738]: DEBUG glance.common.config [None req-6ea7062e-9e88-4b43-8201-51e0f5bc9f79 None None] log_rotate_interval_type       = days {{(pid=104738) log_opt_values /opt/stack/data/venv/lib/python3.10/site-packages/oslo_config/cfg.py:2819}}
Oct 07 12:50:04 jammy-provider-cloud-0000007688 devstack@g-api.service[104738]: DEBUG glance.common.config [None req-6ea7062e-9e88-4b43-8201-51e0f5bc9f79 None None] log_rotation_type              = none {{(pid=104738) log_opt_values /opt/stack/data/venv/lib/python3.10/site-packages/oslo_config/cfg.py:2819}}
Oct 07 12:50:04 jammy-provider-cloud-0000007688 devstack@g-api.service[104738]: DEBUG glance.common.config [None req-6ea7062e-9e88-4b43-8201-51e0f5bc9f79 None None] logging_context_format_string  = %(color)s%(levelname)s %(name)s [%(global_request_id)s %(request_id)s %(project_name)s %(user_name)s%(color)s] %(instance)s%(color)s%(message)s {{(pid=104738) log_opt_values /opt/stack/data/venv/lib/python3.10/site-packages/oslo_config/cfg.py:2819}}
Oct 07 12:50:04 jammy-provider-cloud-0000007688 devstack@g-api.service[104738]: DEBUG glance.common.config [None req-6ea7062e-9e88-4b43-8201-51e0f5bc9f79 None None] logging_debug_format_suffix    = {{(pid=%(process)d) %(funcName)s %(pathname)s:%(lineno)d}} {{(pid=104738) log_opt_values /opt/stack/data/venv/lib/python3.10/site-packages/oslo_config/cfg.py:2819}}
Oct 07 12:50:04 jammy-provider-cloud-0000007688 devstack@g-api.service[104738]: DEBUG glance.common.config [None req-6ea7062e-9e88-4b43-8201-51e0f5bc9f79 None None] logging_default_format_string  = %(color)s%(levelname)s %(name)s [-%(color)s] %(instance)s%(color)s%(message)s {{(pid=104738) log_opt_values /opt/stack/data/venv/lib/python3.10/site-packages/oslo_config/cfg.py:2819}}
Oct 07 12:50:04 jammy-provider-cloud-0000007688 devstack@g-api.service[104738]: DEBUG glance.common.config [None req-6ea7062e-9e88-4b43-8201-51e0f5bc9f79 None None] logging_exception_prefix       = ERROR %(name)s %(instance)s {{(pid=104738) log_opt_values /opt/stack/data/venv/lib/python3.10/site-packages/oslo_config/cfg.py:2819}}
