Apr 23 04:02:32 ubuntu systemd[1]: Starting devstack@g-api.service - Devstack devstack@g-api.service...
Apr 23 04:02:32 ubuntu devstack@g-api.service[116741]: [uWSGI] getting INI configuration from /etc/glance/glance-uwsgi.ini
Apr 23 04:02:32 ubuntu devstack@g-api.service[116741]: *** Starting uWSGI 2.0.24-debian (64bit) on [Thu Apr 23 04:02:32 2026] ***
Apr 23 04:02:32 ubuntu devstack@g-api.service[116741]: compiled with version: 13.2.0 on 17 April 2024 16:23:48
Apr 23 04:02:32 ubuntu devstack@g-api.service[116741]: os: Linux-6.8.0-100-generic #100-Ubuntu SMP PREEMPT_DYNAMIC Tue Jan 13 16:40:06 UTC 2026
Apr 23 04:02:32 ubuntu devstack@g-api.service[116741]: nodename: ubuntu
Apr 23 04:02:32 ubuntu devstack@g-api.service[116741]: machine: x86_64
Apr 23 04:02:32 ubuntu devstack@g-api.service[116741]: clock source: unix
Apr 23 04:02:32 ubuntu devstack@g-api.service[116741]: pcre jit disabled
Apr 23 04:02:32 ubuntu devstack@g-api.service[116741]: detected number of CPU cores: 4
Apr 23 04:02:32 ubuntu devstack@g-api.service[116741]: current working directory: /
Apr 23 04:02:32 ubuntu devstack@g-api.service[116741]: detected binary path: /usr/bin/uwsgi-core
Apr 23 04:02:32 ubuntu devstack@g-api.service[116741]: your processes number limit is 31446
Apr 23 04:02:32 ubuntu devstack@g-api.service[116741]: your memory page size is 4096 bytes
Apr 23 04:02:32 ubuntu devstack@g-api.service[116741]: detected max file descriptor number: 2048
Apr 23 04:02:32 ubuntu devstack@g-api.service[116741]: lock engine: pthread robust mutexes
Apr 23 04:02:32 ubuntu devstack@g-api.service[116741]: thunder lock: enabled
Apr 23 04:02:32 ubuntu devstack@g-api.service[116741]: uwsgi socket 0 bound to TCP address 127.0.0.1:60999 fd 4
Apr 23 04:02:32 ubuntu devstack@g-api.service[116741]: Python version: 3.12.3 (main, Mar 23 2026, 19:04:32) [GCC 13.3.0]
Apr 23 04:02:32 ubuntu devstack@g-api.service[116741]: PEP 405 virtualenv detected: /opt/stack/data/venv
Apr 23 04:02:32 ubuntu devstack@g-api.service[116741]: Set PythonHome to /opt/stack/data/venv
Apr 23 04:02:32 ubuntu devstack@g-api.service[116741]: Python main interpreter initialized at 0x7b7bef4a3668
Apr 23 04:02:32 ubuntu devstack@g-api.service[116741]: python threads support enabled
Apr 23 04:02:32 ubuntu devstack@g-api.service[116741]: your server socket listen backlog is limited to 100 connections
Apr 23 04:02:32 ubuntu devstack@g-api.service[116741]: your mercy for graceful operations on workers is 80 seconds
Apr 23 04:02:32 ubuntu devstack@g-api.service[116741]: mapped 403077 bytes (393 KB) for 2 cores
Apr 23 04:02:32 ubuntu devstack@g-api.service[116741]: *** Operational MODE: preforking ***
Apr 23 04:02:32 ubuntu devstack@g-api.service[116741]: *** uWSGI is running in multiple interpreter mode ***
Apr 23 04:02:32 ubuntu devstack@g-api.service[116741]: spawned uWSGI master process (pid: 116741)
Apr 23 04:02:32 ubuntu systemd[1]: Started devstack@g-api.service - Devstack devstack@g-api.service.
Apr 23 04:02:32 ubuntu devstack@g-api.service[116741]: spawned uWSGI worker 1 (pid: 116742, cores: 1)
Apr 23 04:02:32 ubuntu devstack@g-api.service[116741]: spawned uWSGI worker 2 (pid: 116743, cores: 1)
Apr 23 04:02:32 ubuntu devstack@g-api.service[116741]: running "unix_signal:15 gracefully_kill_them_all" (master-start)...
Apr 23 04:02:32 ubuntu devstack@g-api.service[116742]: /opt/stack/data/venv/lib/python3.12/site-packages/oslo_utils/importutils.py:77: EventletDeprecationWarning:
Apr 23 04:02:32 ubuntu devstack@g-api.service[116742]: Eventlet is deprecated. It is currently being maintained in bugfix mode, and
Apr 23 04:02:32 ubuntu devstack@g-api.service[116742]: we strongly recommend against using it for new projects.
Apr 23 04:02:32 ubuntu devstack@g-api.service[116742]: If you are already using Eventlet, we recommend migrating to a different
Apr 23 04:02:32 ubuntu devstack@g-api.service[116742]: framework.  For more detail see
Apr 23 04:02:32 ubuntu devstack@g-api.service[116742]: https://eventlet.readthedocs.io/en/latest/asyncio/migration.html
Apr 23 04:02:32 ubuntu devstack@g-api.service[116742]:   __import__(import_str)
Apr 23 04:02:32 ubuntu devstack@g-api.service[116743]: /opt/stack/data/venv/lib/python3.12/site-packages/oslo_utils/importutils.py:77: EventletDeprecationWarning:
Apr 23 04:02:32 ubuntu devstack@g-api.service[116743]: Eventlet is deprecated. It is currently being maintained in bugfix mode, and
Apr 23 04:02:32 ubuntu devstack@g-api.service[116743]: we strongly recommend against using it for new projects.
Apr 23 04:02:32 ubuntu devstack@g-api.service[116743]: If you are already using Eventlet, we recommend migrating to a different
Apr 23 04:02:32 ubuntu devstack@g-api.service[116743]: framework.  For more detail see
Apr 23 04:02:32 ubuntu devstack@g-api.service[116743]: https://eventlet.readthedocs.io/en/latest/asyncio/migration.html
Apr 23 04:02:32 ubuntu devstack@g-api.service[116743]:   __import__(import_str)
Apr 23 04:02:33 ubuntu devstack@g-api.service[116742]: INFO glance.async_ [-] Threadpool model set to 'NativeThreadPoolModel'
Apr 23 04:02:33 ubuntu devstack@g-api.service[116743]: INFO glance.async_ [-] Threadpool model set to 'NativeThreadPoolModel'
Apr 23 04:02:33 ubuntu devstack@g-api.service[116742]: DEBUG oslo_concurrency.processutils [-] Running cmd (subprocess): grep -F node.session.scan /sbin/iscsiadm {{(pid=116742) execute /opt/stack/data/venv/lib/python3.12/site-packages/oslo_concurrency/processutils.py:440}}
Apr 23 04:02:33 ubuntu devstack@g-api.service[116743]: DEBUG oslo_concurrency.processutils [-] Running cmd (subprocess): grep -F node.session.scan /sbin/iscsiadm {{(pid=116743) execute /opt/stack/data/venv/lib/python3.12/site-packages/oslo_concurrency/processutils.py:440}}
Apr 23 04:02:33 ubuntu devstack@g-api.service[116742]: DEBUG oslo_concurrency.processutils [-] CMD "grep -F node.session.scan /sbin/iscsiadm" returned: 0 in 0.011s {{(pid=116742) execute /opt/stack/data/venv/lib/python3.12/site-packages/oslo_concurrency/processutils.py:468}}
Apr 23 04:02:33 ubuntu devstack@g-api.service[116743]: DEBUG oslo_concurrency.processutils [-] CMD "grep -F node.session.scan /sbin/iscsiadm" returned: 0 in 0.015s {{(pid=116743) execute /opt/stack/data/venv/lib/python3.12/site-packages/oslo_concurrency/processutils.py:468}}
Apr 23 04:02:33 ubuntu devstack@g-api.service[116742]: DEBUG glance_store.backend [-] Attempting to import store cinder {{(pid=116742) _load_store /opt/stack/data/venv/lib/python3.12/site-packages/glance_store/backend.py:215}}
Apr 23 04:02:33 ubuntu devstack@g-api.service[116742]: DEBUG glance_store.backend [-] Attempting to import store file {{(pid=116742) _load_store /opt/stack/data/venv/lib/python3.12/site-packages/glance_store/backend.py:215}}
Apr 23 04:02:33 ubuntu devstack@g-api.service[116742]: DEBUG glance_store.backend [-] Attempting to import store glance.store.cinder.Store {{(pid=116742) _load_store /opt/stack/data/venv/lib/python3.12/site-packages/glance_store/backend.py:215}}
Apr 23 04:02:33 ubuntu devstack@g-api.service[116742]: DEBUG glance_store.backend [-] Attempting to import store glance.store.filesystem.Store {{(pid=116742) _load_store /opt/stack/data/venv/lib/python3.12/site-packages/glance_store/backend.py:215}}
Apr 23 04:02:33 ubuntu devstack@g-api.service[116742]: DEBUG glance_store.backend [-] Attempting to import store glance.store.http.Store {{(pid=116742) _load_store /opt/stack/data/venv/lib/python3.12/site-packages/glance_store/backend.py:215}}
Apr 23 04:02:33 ubuntu devstack@g-api.service[116742]: DEBUG glance_store.backend [-] Attempting to import store glance.store.rbd.Store {{(pid=116742) _load_store /opt/stack/data/venv/lib/python3.12/site-packages/glance_store/backend.py:215}}
Apr 23 04:02:33 ubuntu devstack@g-api.service[116742]: DEBUG glance_store.backend [-] Attempting to import store glance.store.s3.Store {{(pid=116742) _load_store /opt/stack/data/venv/lib/python3.12/site-packages/glance_store/backend.py:215}}
Apr 23 04:02:33 ubuntu devstack@g-api.service[116742]: DEBUG glance_store.backend [-] Attempting to import store glance.store.swift.Store {{(pid=116742) _load_store /opt/stack/data/venv/lib/python3.12/site-packages/glance_store/backend.py:215}}
Apr 23 04:02:33 ubuntu devstack@g-api.service[116742]: DEBUG glance_store.backend [-] Attempting to import store glance.store.vmware_datastore.Store {{(pid=116742) _load_store /opt/stack/data/venv/lib/python3.12/site-packages/glance_store/backend.py:215}}
Apr 23 04:02:33 ubuntu devstack@g-api.service[116742]: DEBUG glance_store.backend [-] Attempting to import store http {{(pid=116742) _load_store /opt/stack/data/venv/lib/python3.12/site-packages/glance_store/backend.py:215}}
Apr 23 04:02:33 ubuntu devstack@g-api.service[116742]: DEBUG glance_store.backend [-] Attempting to import store no_conf {{(pid=116742) _load_store /opt/stack/data/venv/lib/python3.12/site-packages/glance_store/backend.py:215}}
Apr 23 04:02:33 ubuntu devstack@g-api.service[116742]: DEBUG glance_store.backend [-] Attempting to import store rbd {{(pid=116742) _load_store /opt/stack/data/venv/lib/python3.12/site-packages/glance_store/backend.py:215}}
Apr 23 04:02:33 ubuntu devstack@g-api.service[116742]: DEBUG glance_store.backend [-] Attempting to import store s3 {{(pid=116742) _load_store /opt/stack/data/venv/lib/python3.12/site-packages/glance_store/backend.py:215}}
Apr 23 04:02:33 ubuntu devstack@g-api.service[116742]: DEBUG glance_store.backend [-] Attempting to import store swift {{(pid=116742) _load_store /opt/stack/data/venv/lib/python3.12/site-packages/glance_store/backend.py:215}}
Apr 23 04:02:33 ubuntu devstack@g-api.service[116742]: DEBUG glance_store.backend [-] Attempting to import store vmware {{(pid=116742) _load_store /opt/stack/data/venv/lib/python3.12/site-packages/glance_store/backend.py:215}}
Apr 23 04:02:33 ubuntu devstack@g-api.service[116742]: DEBUG glance_store.backend [-] Registering options for group glance_store {{(pid=116742) register_opts /opt/stack/data/venv/lib/python3.12/site-packages/glance_store/backend.py:144}}
Apr 23 04:02:33 ubuntu devstack@g-api.service[116742]: DEBUG glance_store.backend [-] Registering options for group glance_store {{(pid=116742) register_opts /opt/stack/data/venv/lib/python3.12/site-packages/glance_store/backend.py:144}}
Apr 23 04:02:33 ubuntu devstack@g-api.service[116742]: DEBUG glance_store.backend [-] Attempting to import store http {{(pid=116742) _load_store /opt/stack/data/venv/lib/python3.12/site-packages/glance_store/backend.py:215}}
Apr 23 04:02:33 ubuntu devstack@g-api.service[116742]: DEBUG glance_store.capabilities [-] Store glance_store._drivers.http.Store doesn't support updating dynamic storage capabilities. Please overwrite 'update_capabilities' method of the store to implement updating logics if needed. {{(pid=116742) update_capabilities /opt/stack/data/venv/lib/python3.12/site-packages/glance_store/capabilities.py:91}}
Apr 23 04:02:33 ubuntu devstack@g-api.service[116742]: DEBUG glance_store.backend [-] Registering store http with schemes ('http', 'https') {{(pid=116742) create_stores /opt/stack/data/venv/lib/python3.12/site-packages/glance_store/backend.py:261}}
Apr 23 04:02:33 ubuntu devstack@g-api.service[116742]: DEBUG glance_store.driver [-] Late loading location class glance_store._drivers.http.StoreLocation {{(pid=116742) get_store_location_class /opt/stack/data/venv/lib/python3.12/site-packages/glance_store/driver.py:134}}
Apr 23 04:02:33 ubuntu devstack@g-api.service[116742]: DEBUG glance_store.location [-] Registering scheme http with {'store': <glance_store._drivers.http.Store object at 0x7b7beba0a930>, 'location_class': <class 'glance_store._drivers.http.StoreLocation'>, 'store_entry': 'http'} {{(pid=116742) register_scheme_map /opt/stack/data/venv/lib/python3.12/site-packages/glance_store/location.py:146}}
Apr 23 04:02:33 ubuntu devstack@g-api.service[116742]: DEBUG glance_store.location [-] Registering scheme https with {'store': <glance_store._drivers.http.Store object at 0x7b7beba0a930>, 'location_class': <class 'glance_store._drivers.http.StoreLocation'>, 'store_entry': 'http'} {{(pid=116742) register_scheme_map /opt/stack/data/venv/lib/python3.12/site-packages/glance_store/location.py:146}}
Apr 23 04:02:33 ubuntu devstack@g-api.service[116742]: DEBUG glance_store.backend [-] Attempting to import store file {{(pid=116742) _load_store /opt/stack/data/venv/lib/python3.12/site-packages/glance_store/backend.py:215}}
Apr 23 04:02:33 ubuntu devstack@g-api.service[116742]: DEBUG glance_store.capabilities [-] Store glance_store._drivers.filesystem.Store doesn't support updating dynamic storage capabilities. Please overwrite 'update_capabilities' method of the store to implement updating logics if needed. {{(pid=116742) update_capabilities /opt/stack/data/venv/lib/python3.12/site-packages/glance_store/capabilities.py:91}}
Apr 23 04:02:33 ubuntu devstack@g-api.service[116742]: DEBUG glance_store.backend [-] Registering store file with schemes ('file', 'filesystem') {{(pid=116742) create_stores /opt/stack/data/venv/lib/python3.12/site-packages/glance_store/backend.py:261}}
Apr 23 04:02:33 ubuntu devstack@g-api.service[116742]: DEBUG glance_store.driver [-] Late loading location class glance_store._drivers.filesystem.StoreLocation {{(pid=116742) get_store_location_class /opt/stack/data/venv/lib/python3.12/site-packages/glance_store/driver.py:134}}
Apr 23 04:02:33 ubuntu devstack@g-api.service[116742]: DEBUG glance_store.location [-] Registering scheme file with {'store': <glance_store._drivers.filesystem.Store object at 0x7b7bea5c9d00>, 'location_class': <class 'glance_store._drivers.filesystem.StoreLocation'>, 'store_entry': 'file'} {{(pid=116742) register_scheme_map /opt/stack/data/venv/lib/python3.12/site-packages/glance_store/location.py:146}}
Apr 23 04:02:33 ubuntu devstack@g-api.service[116742]: DEBUG glance_store.location [-] Registering scheme filesystem with {'store': <glance_store._drivers.filesystem.Store object at 0x7b7bea5c9d00>, 'location_class': <class 'glance_store._drivers.filesystem.StoreLocation'>, 'store_entry': 'file'} {{(pid=116742) register_scheme_map /opt/stack/data/venv/lib/python3.12/site-packages/glance_store/location.py:146}}
Apr 23 04:02:33 ubuntu devstack@g-api.service[116742]: DEBUG glance.sqlite_migration [-] SQLite caching database not located, skipping migration {{(pid=116742) get_db_path /opt/stack/glance/glance/sqlite_migration.py:68}}
Apr 23 04:02:33 ubuntu devstack@g-api.service[116742]: WARNING glance.common.wsgi_app [-] Import methods are enabled but staging directory /tmp/staging/ does not exist; Imports will fail!
Apr 23 04:02:33 ubuntu devstack@g-api.service[116743]: DEBUG glance_store.backend [-] Attempting to import store cinder {{(pid=116743) _load_store /opt/stack/data/venv/lib/python3.12/site-packages/glance_store/backend.py:215}}
Apr 23 04:02:33 ubuntu devstack@g-api.service[116743]: DEBUG glance_store.backend [-] Attempting to import store file {{(pid=116743) _load_store /opt/stack/data/venv/lib/python3.12/site-packages/glance_store/backend.py:215}}
Apr 23 04:02:33 ubuntu devstack@g-api.service[116743]: DEBUG glance_store.backend [-] Attempting to import store glance.store.cinder.Store {{(pid=116743) _load_store /opt/stack/data/venv/lib/python3.12/site-packages/glance_store/backend.py:215}}
Apr 23 04:02:33 ubuntu devstack@g-api.service[116743]: DEBUG glance_store.backend [-] Attempting to import store glance.store.filesystem.Store {{(pid=116743) _load_store /opt/stack/data/venv/lib/python3.12/site-packages/glance_store/backend.py:215}}
Apr 23 04:02:33 ubuntu devstack@g-api.service[116743]: DEBUG glance_store.backend [-] Attempting to import store glance.store.http.Store {{(pid=116743) _load_store /opt/stack/data/venv/lib/python3.12/site-packages/glance_store/backend.py:215}}
Apr 23 04:02:33 ubuntu devstack@g-api.service[116743]: DEBUG glance_store.backend [-] Attempting to import store glance.store.rbd.Store {{(pid=116743) _load_store /opt/stack/data/venv/lib/python3.12/site-packages/glance_store/backend.py:215}}
Apr 23 04:02:33 ubuntu devstack@g-api.service[116743]: DEBUG glance_store.backend [-] Attempting to import store glance.store.s3.Store {{(pid=116743) _load_store /opt/stack/data/venv/lib/python3.12/site-packages/glance_store/backend.py:215}}
Apr 23 04:02:33 ubuntu devstack@g-api.service[116743]: DEBUG glance_store.backend [-] Attempting to import store glance.store.swift.Store {{(pid=116743) _load_store /opt/stack/data/venv/lib/python3.12/site-packages/glance_store/backend.py:215}}
Apr 23 04:02:33 ubuntu devstack@g-api.service[116743]: DEBUG glance_store.backend [-] Attempting to import store glance.store.vmware_datastore.Store {{(pid=116743) _load_store /opt/stack/data/venv/lib/python3.12/site-packages/glance_store/backend.py:215}}
Apr 23 04:02:33 ubuntu devstack@g-api.service[116743]: DEBUG glance_store.backend [-] Attempting to import store http {{(pid=116743) _load_store /opt/stack/data/venv/lib/python3.12/site-packages/glance_store/backend.py:215}}
Apr 23 04:02:33 ubuntu devstack@g-api.service[116743]: DEBUG glance_store.backend [-] Attempting to import store no_conf {{(pid=116743) _load_store /opt/stack/data/venv/lib/python3.12/site-packages/glance_store/backend.py:215}}
Apr 23 04:02:33 ubuntu devstack@g-api.service[116743]: DEBUG glance_store.backend [-] Attempting to import store rbd {{(pid=116743) _load_store /opt/stack/data/venv/lib/python3.12/site-packages/glance_store/backend.py:215}}
Apr 23 04:02:33 ubuntu devstack@g-api.service[116743]: DEBUG glance_store.backend [-] Attempting to import store s3 {{(pid=116743) _load_store /opt/stack/data/venv/lib/python3.12/site-packages/glance_store/backend.py:215}}
Apr 23 04:02:33 ubuntu devstack@g-api.service[116743]: DEBUG glance_store.backend [-] Attempting to import store swift {{(pid=116743) _load_store /opt/stack/data/venv/lib/python3.12/site-packages/glance_store/backend.py:215}}
Apr 23 04:02:33 ubuntu devstack@g-api.service[116743]: DEBUG glance_store.backend [-] Attempting to import store vmware {{(pid=116743) _load_store /opt/stack/data/venv/lib/python3.12/site-packages/glance_store/backend.py:215}}
Apr 23 04:02:33 ubuntu devstack@g-api.service[116743]: DEBUG glance_store.backend [-] Registering options for group glance_store {{(pid=116743) register_opts /opt/stack/data/venv/lib/python3.12/site-packages/glance_store/backend.py:144}}
Apr 23 04:02:33 ubuntu devstack@g-api.service[116743]: DEBUG glance_store.backend [-] Registering options for group glance_store {{(pid=116743) register_opts /opt/stack/data/venv/lib/python3.12/site-packages/glance_store/backend.py:144}}
Apr 23 04:02:33 ubuntu devstack@g-api.service[116743]: DEBUG glance_store.backend [-] Attempting to import store http {{(pid=116743) _load_store /opt/stack/data/venv/lib/python3.12/site-packages/glance_store/backend.py:215}}
Apr 23 04:02:33 ubuntu devstack@g-api.service[116743]: DEBUG glance_store.capabilities [-] Store glance_store._drivers.http.Store doesn't support updating dynamic storage capabilities. Please overwrite 'update_capabilities' method of the store to implement updating logics if needed. {{(pid=116743) update_capabilities /opt/stack/data/venv/lib/python3.12/site-packages/glance_store/capabilities.py:91}}
Apr 23 04:02:33 ubuntu devstack@g-api.service[116743]: DEBUG glance_store.backend [-] Registering store http with schemes ('http', 'https') {{(pid=116743) create_stores /opt/stack/data/venv/lib/python3.12/site-packages/glance_store/backend.py:261}}
Apr 23 04:02:33 ubuntu devstack@g-api.service[116743]: DEBUG glance_store.driver [-] Late loading location class glance_store._drivers.http.StoreLocation {{(pid=116743) get_store_location_class /opt/stack/data/venv/lib/python3.12/site-packages/glance_store/driver.py:134}}
Apr 23 04:02:33 ubuntu devstack@g-api.service[116743]: DEBUG glance_store.location [-] Registering scheme http with {'store': <glance_store._drivers.http.Store object at 0x7b7beab9b0e0>, 'location_class': <class 'glance_store._drivers.http.StoreLocation'>, 'store_entry': 'http'} {{(pid=116743) register_scheme_map /opt/stack/data/venv/lib/python3.12/site-packages/glance_store/location.py:146}}
Apr 23 04:02:33 ubuntu devstack@g-api.service[116743]: DEBUG glance_store.location [-] Registering scheme https with {'store': <glance_store._drivers.http.Store object at 0x7b7beab9b0e0>, 'location_class': <class 'glance_store._drivers.http.StoreLocation'>, 'store_entry': 'http'} {{(pid=116743) register_scheme_map /opt/stack/data/venv/lib/python3.12/site-packages/glance_store/location.py:146}}
Apr 23 04:02:33 ubuntu devstack@g-api.service[116743]: DEBUG glance_store.backend [-] Attempting to import store file {{(pid=116743) _load_store /opt/stack/data/venv/lib/python3.12/site-packages/glance_store/backend.py:215}}
Apr 23 04:02:33 ubuntu devstack@g-api.service[116743]: DEBUG glance_store.capabilities [-] Store glance_store._drivers.filesystem.Store doesn't support updating dynamic storage capabilities. Please overwrite 'update_capabilities' method of the store to implement updating logics if needed. {{(pid=116743) update_capabilities /opt/stack/data/venv/lib/python3.12/site-packages/glance_store/capabilities.py:91}}
Apr 23 04:02:33 ubuntu devstack@g-api.service[116743]: DEBUG glance_store.backend [-] Registering store file with schemes ('file', 'filesystem') {{(pid=116743) create_stores /opt/stack/data/venv/lib/python3.12/site-packages/glance_store/backend.py:261}}
Apr 23 04:02:33 ubuntu devstack@g-api.service[116743]: DEBUG glance_store.driver [-] Late loading location class glance_store._drivers.filesystem.StoreLocation {{(pid=116743) get_store_location_class /opt/stack/data/venv/lib/python3.12/site-packages/glance_store/driver.py:134}}
Apr 23 04:02:33 ubuntu devstack@g-api.service[116743]: DEBUG glance_store.location [-] Registering scheme file with {'store': <glance_store._drivers.filesystem.Store object at 0x7b7beab12ff0>, 'location_class': <class 'glance_store._drivers.filesystem.StoreLocation'>, 'store_entry': 'file'} {{(pid=116743) register_scheme_map /opt/stack/data/venv/lib/python3.12/site-packages/glance_store/location.py:146}}
Apr 23 04:02:33 ubuntu devstack@g-api.service[116743]: DEBUG glance_store.location [-] Registering scheme filesystem with {'store': <glance_store._drivers.filesystem.Store object at 0x7b7beab12ff0>, 'location_class': <class 'glance_store._drivers.filesystem.StoreLocation'>, 'store_entry': 'file'} {{(pid=116743) register_scheme_map /opt/stack/data/venv/lib/python3.12/site-packages/glance_store/location.py:146}}
Apr 23 04:02:33 ubuntu devstack@g-api.service[116743]: DEBUG glance.sqlite_migration [-] SQLite caching database not located, skipping migration {{(pid=116743) get_db_path /opt/stack/glance/glance/sqlite_migration.py:68}}
Apr 23 04:02:33 ubuntu devstack@g-api.service[116743]: WARNING glance.common.wsgi_app [-] Import methods are enabled but staging directory /tmp/staging/ does not exist; Imports will fail!
Apr 23 04:02:34 ubuntu devstack@g-api.service[116742]: DEBUG glance.common.config [None req-3b6a9a9e-c0eb-4020-ba1d-598d9a82855f None None] Loading glance-api-keystone+cachemanagement from /etc/glance/glance-api-paste.ini {{(pid=116742) load_paste_app /opt/stack/glance/glance/common/config.py:758}}
Apr 23 04:02:34 ubuntu devstack@g-api.service[116743]: DEBUG glance.common.config [None req-f484ee4d-00d8-49db-b6c7-941d13f3f05a None None] Loading glance-api-keystone+cachemanagement from /etc/glance/glance-api-paste.ini {{(pid=116743) load_paste_app /opt/stack/glance/glance/common/config.py:758}}
Apr 23 04:02:34 ubuntu devstack@g-api.service[116742]: INFO glance.image_cache [None req-3b6a9a9e-c0eb-4020-ba1d-598d9a82855f None None] Image cache loaded driver 'centralized_db'.
Apr 23 04:02:34 ubuntu devstack@g-api.service[116743]: INFO glance.image_cache [None req-f484ee4d-00d8-49db-b6c7-941d13f3f05a None None] Image cache loaded driver 'centralized_db'.
Apr 23 04:02:34 ubuntu devstack@g-api.service[116742]: INFO dbcounter [None req-3b6a9a9e-c0eb-4020-ba1d-598d9a82855f None None] Registered counter for database glance
Apr 23 04:02:34 ubuntu devstack@g-api.service[116743]: INFO dbcounter [None req-f484ee4d-00d8-49db-b6c7-941d13f3f05a None None] Registered counter for database glance
Apr 23 04:02:34 ubuntu devstack@g-api.service[116742]: DEBUG oslo_db.sqlalchemy.engines [None req-3b6a9a9e-c0eb-4020-ba1d-598d9a82855f None None] MySQL server mode set to STRICT_TRANS_TABLES,STRICT_ALL_TABLES,NO_ZERO_IN_DATE,NO_ZERO_DATE,ERROR_FOR_DIVISION_BY_ZERO,TRADITIONAL,NO_ENGINE_SUBSTITUTION {{(pid=116742) _check_effective_sql_mode /opt/stack/data/venv/lib/python3.12/site-packages/oslo_db/sqlalchemy/engines.py:325}}
Apr 23 04:02:34 ubuntu devstack@g-api.service[116743]: DEBUG oslo_db.sqlalchemy.engines [None req-f484ee4d-00d8-49db-b6c7-941d13f3f05a None None] MySQL server mode set to STRICT_TRANS_TABLES,STRICT_ALL_TABLES,NO_ZERO_IN_DATE,NO_ZERO_DATE,ERROR_FOR_DIVISION_BY_ZERO,TRADITIONAL,NO_ENGINE_SUBSTITUTION {{(pid=116743) _check_effective_sql_mode /opt/stack/data/venv/lib/python3.12/site-packages/oslo_db/sqlalchemy/engines.py:325}}
Apr 23 04:02:34 ubuntu devstack@g-api.service[116742]: DEBUG dbcounter [-] [116742] Writer thread running {{(pid=116742) stat_writer /opt/stack/data/venv/lib/python3.12/site-packages/dbcounter.py:102}}
Apr 23 04:02:34 ubuntu devstack@g-api.service[116743]: DEBUG dbcounter [-] [116743] Writer thread running {{(pid=116743) stat_writer /opt/stack/data/venv/lib/python3.12/site-packages/dbcounter.py:102}}
Apr 23 04:02:34 ubuntu devstack@g-api.service[116743]: DEBUG glance.image_cache.drivers.centralized_db [None req-f484ee4d-00d8-49db-b6c7-941d13f3f05a None None] Node reference is already recorded, ignoring it {{(pid=116743) configure /opt/stack/glance/glance/image_cache/drivers/centralized_db.py:71}}
Apr 23 04:02:34 ubuntu devstack@g-api.service[116742]: INFO glance.image_cache [None req-3b6a9a9e-c0eb-4020-ba1d-598d9a82855f None None] Image cache loaded driver 'centralized_db'.
Apr 23 04:02:34 ubuntu devstack@g-api.service[116743]: INFO glance.image_cache [None req-f484ee4d-00d8-49db-b6c7-941d13f3f05a None None] Image cache loaded driver 'centralized_db'.
Apr 23 04:02:34 ubuntu devstack@g-api.service[116743]: DEBUG glance.image_cache.drivers.centralized_db [None req-f484ee4d-00d8-49db-b6c7-941d13f3f05a None None] Node reference is already recorded, ignoring it {{(pid=116743) configure /opt/stack/glance/glance/image_cache/drivers/centralized_db.py:71}}
Apr 23 04:02:34 ubuntu devstack@g-api.service[116742]: DEBUG glance.image_cache.drivers.centralized_db [None req-3b6a9a9e-c0eb-4020-ba1d-598d9a82855f None None] Node reference is already recorded, ignoring it {{(pid=116742) configure /opt/stack/glance/glance/image_cache/drivers/centralized_db.py:71}}
Apr 23 04:02:34 ubuntu devstack@g-api.service[116743]: DEBUG glance.api.v2.cached_images [None req-f484ee4d-00d8-49db-b6c7-941d13f3f05a None None] Started cache worker thread {{(pid=116743) __init__ /opt/stack/glance/glance/api/v2/cached_images.py:69}}
Apr 23 04:02:34 ubuntu devstack@g-api.service[116743]: INFO glance.image_cache [None req-f484ee4d-00d8-49db-b6c7-941d13f3f05a None None] Image cache loaded driver 'centralized_db'.
Apr 23 04:02:34 ubuntu devstack@g-api.service[116743]: DEBUG glance.image_cache.drivers.centralized_db [None req-f484ee4d-00d8-49db-b6c7-941d13f3f05a None None] Node reference is already recorded, ignoring it {{(pid=116743) configure /opt/stack/glance/glance/image_cache/drivers/centralized_db.py:71}}
Apr 23 04:02:34 ubuntu devstack@g-api.service[116742]: DEBUG glance.api.v2.cached_images [None req-3b6a9a9e-c0eb-4020-ba1d-598d9a82855f None None] Started cache worker thread {{(pid=116742) __init__ /opt/stack/glance/glance/api/v2/cached_images.py:69}}
Apr 23 04:02:34 ubuntu devstack@g-api.service[116742]: INFO glance.image_cache [None req-3b6a9a9e-c0eb-4020-ba1d-598d9a82855f None None] Image cache loaded driver 'centralized_db'.
Apr 23 04:02:34 ubuntu devstack@g-api.service[116743]: INFO glance.api.middleware.cache_manage [None req-f484ee4d-00d8-49db-b6c7-941d13f3f05a None None] Initialized image cache management middleware
Apr 23 04:02:34 ubuntu devstack@g-api.service[116743]: INFO glance.image_cache [None req-f484ee4d-00d8-49db-b6c7-941d13f3f05a None None] Image cache loaded driver 'centralized_db'.
Apr 23 04:02:34 ubuntu devstack@g-api.service[116742]: DEBUG glance.image_cache.drivers.centralized_db [None req-3b6a9a9e-c0eb-4020-ba1d-598d9a82855f None None] Node reference is already recorded, ignoring it {{(pid=116742) configure /opt/stack/glance/glance/image_cache/drivers/centralized_db.py:71}}
Apr 23 04:02:34 ubuntu devstack@g-api.service[116743]: DEBUG glance.image_cache.drivers.centralized_db [None req-f484ee4d-00d8-49db-b6c7-941d13f3f05a None None] Node reference is already recorded, ignoring it {{(pid=116743) configure /opt/stack/glance/glance/image_cache/drivers/centralized_db.py:71}}
Apr 23 04:02:34 ubuntu devstack@g-api.service[116742]: INFO glance.api.middleware.cache_manage [None req-3b6a9a9e-c0eb-4020-ba1d-598d9a82855f None None] Initialized image cache management middleware
Apr 23 04:02:34 ubuntu devstack@g-api.service[116742]: INFO glance.image_cache [None req-3b6a9a9e-c0eb-4020-ba1d-598d9a82855f None None] Image cache loaded driver 'centralized_db'.
Apr 23 04:02:34 ubuntu devstack@g-api.service[116743]: INFO glance.api.middleware.cache [None req-f484ee4d-00d8-49db-b6c7-941d13f3f05a None None] Initialized image cache middleware
Apr 23 04:02:34 ubuntu devstack@g-api.service[116743]: WARNING keystonemiddleware.auth_token [None req-f484ee4d-00d8-49db-b6c7-941d13f3f05a None None] AuthToken middleware is set with keystone_authtoken.service_token_roles_required set to False. This is backwards compatible but deprecated behaviour. Please set this to True.
Apr 23 04:02:34 ubuntu devstack@g-api.service[116743]: DEBUG glance.common.config [None req-f484ee4d-00d8-49db-b6c7-941d13f3f05a None None] ******************************************************************************** {{(pid=116743) log_opt_values /opt/stack/data/venv/lib/python3.12/site-packages/oslo_config/cfg.py:2979}}
Apr 23 04:02:34 ubuntu devstack@g-api.service[116743]: DEBUG glance.common.config [None req-f484ee4d-00d8-49db-b6c7-941d13f3f05a None None] Configuration options gathered from: {{(pid=116743) log_opt_values /opt/stack/data/venv/lib/python3.12/site-packages/oslo_config/cfg.py:2980}}
Apr 23 04:02:34 ubuntu devstack@g-api.service[116743]: DEBUG glance.common.config [None req-f484ee4d-00d8-49db-b6c7-941d13f3f05a None None] command line args: [] {{(pid=116743) log_opt_values /opt/stack/data/venv/lib/python3.12/site-packages/oslo_config/cfg.py:2981}}
Apr 23 04:02:34 ubuntu devstack@g-api.service[116743]: DEBUG glance.common.config [None req-f484ee4d-00d8-49db-b6c7-941d13f3f05a None None] config files: ['/etc/glance/glance-image-import.conf', '/etc/glance/glance-api.conf'] {{(pid=116743) log_opt_values /opt/stack/data/venv/lib/python3.12/site-packages/oslo_config/cfg.py:2982}}
Apr 23 04:02:34 ubuntu devstack@g-api.service[116743]: DEBUG glance.common.config [None req-f484ee4d-00d8-49db-b6c7-941d13f3f05a None None] ================================================================================ {{(pid=116743) log_opt_values /opt/stack/data/venv/lib/python3.12/site-packages/oslo_config/cfg.py:2987}}
Apr 23 04:02:34 ubuntu devstack@g-api.service[116743]: DEBUG glance.common.config [None req-f484ee4d-00d8-49db-b6c7-941d13f3f05a None None] allow_anonymous_access         = False {{(pid=116743) log_opt_values /opt/stack/data/venv/lib/python3.12/site-packages/oslo_config/cfg.py:2995}}
Apr 23 04:02:34 ubuntu devstack@g-api.service[116743]: DEBUG glance.common.config [None req-f484ee4d-00d8-49db-b6c7-941d13f3f05a None None] api_limit_max                  = 1000 {{(pid=116743) log_opt_values /opt/stack/data/venv/lib/python3.12/site-packages/oslo_config/cfg.py:2995}}
Apr 23 04:02:34 ubuntu devstack@g-api.service[116743]: DEBUG glance.common.config [None req-f484ee4d-00d8-49db-b6c7-941d13f3f05a None None] backlog                        = 4096 {{(pid=116743) log_opt_values /opt/stack/data/venv/lib/python3.12/site-packages/oslo_config/cfg.py:2995}}
Apr 23 04:02:34 ubuntu devstack@g-api.service[116743]: DEBUG glance.common.config [None req-f484ee4d-00d8-49db-b6c7-941d13f3f05a None None] bind_host                      = 0.0.0.0 {{(pid=116743) log_opt_values /opt/stack/data/venv/lib/python3.12/site-packages/oslo_config/cfg.py:2995}}
Apr 23 04:02:34 ubuntu devstack@g-api.service[116743]: DEBUG glance.common.config [None req-f484ee4d-00d8-49db-b6c7-941d13f3f05a None None] bind_port                      = None {{(pid=116743) log_opt_values /opt/stack/data/venv/lib/python3.12/site-packages/oslo_config/cfg.py:2995}}
Apr 23 04:02:34 ubuntu devstack@g-api.service[116743]: DEBUG glance.common.config [None req-f484ee4d-00d8-49db-b6c7-941d13f3f05a None None] client_socket_timeout          = 900 {{(pid=116743) log_opt_values /opt/stack/data/venv/lib/python3.12/site-packages/oslo_config/cfg.py:2995}}
Apr 23 04:02:34 ubuntu devstack@g-api.service[116743]: DEBUG glance.common.config [None req-f484ee4d-00d8-49db-b6c7-941d13f3f05a None None] config_dir                     = [] {{(pid=116743) log_opt_values /opt/stack/data/venv/lib/python3.12/site-packages/oslo_config/cfg.py:2995}}
Apr 23 04:02:34 ubuntu devstack@g-api.service[116743]: DEBUG glance.common.config [None req-f484ee4d-00d8-49db-b6c7-941d13f3f05a None None] config_file                    = ['/etc/glance/glance-image-import.conf', '/etc/glance/glance-api.conf'] {{(pid=116743) log_opt_values /opt/stack/data/venv/lib/python3.12/site-packages/oslo_config/cfg.py:2995}}
Apr 23 04:02:34 ubuntu devstack@g-api.service[116743]: DEBUG glance.common.config [None req-f484ee4d-00d8-49db-b6c7-941d13f3f05a None None] config_source                  = [] {{(pid=116743) log_opt_values /opt/stack/data/venv/lib/python3.12/site-packages/oslo_config/cfg.py:2995}}
Apr 23 04:02:34 ubuntu devstack@g-api.service[116743]: DEBUG glance.common.config [None req-f484ee4d-00d8-49db-b6c7-941d13f3f05a None None] control_exchange               = glance {{(pid=116743) log_opt_values /opt/stack/data/venv/lib/python3.12/site-packages/oslo_config/cfg.py:2995}}
Apr 23 04:02:34 ubuntu devstack@g-api.service[116743]: DEBUG glance.common.config [None req-f484ee4d-00d8-49db-b6c7-941d13f3f05a None None] debug                          = True {{(pid=116743) log_opt_values /opt/stack/data/venv/lib/python3.12/site-packages/oslo_config/cfg.py:2995}}
Apr 23 04:02:34 ubuntu devstack@g-api.service[116743]: DEBUG glance.common.config [None req-f484ee4d-00d8-49db-b6c7-941d13f3f05a None None] default_log_levels             = ['amqp=WARN', 'boto=WARN', 'sqlalchemy=WARN', 'suds=INFO', 'oslo.messaging=INFO', 'oslo_messaging=INFO', 'iso8601=WARN', 'requests.packages.urllib3.connectionpool=WARN', 'urllib3.connectionpool=WARN', 'websocket=WARN', 'requests.packages.urllib3.util.retry=WARN', 'urllib3.util.retry=WARN', 'keystonemiddleware=WARN', 'routes.middleware=WARN', 'stevedore=WARN', 'taskflow=WARN', 'keystoneauth=WARN', 'oslo.cache=INFO', 'oslo_policy=INFO', 'dogpile.core.dogpile=INFO'] {{(pid=116743) log_opt_values /opt/stack/data/venv/lib/python3.12/site-packages/oslo_config/cfg.py:2995}}
Apr 23 04:02:34 ubuntu devstack@g-api.service[116743]: DEBUG glance.common.config [None req-f484ee4d-00d8-49db-b6c7-941d13f3f05a None None] default_publisher_id           = image.localhost {{(pid=116743) log_opt_values /opt/stack/data/venv/lib/python3.12/site-packages/oslo_config/cfg.py:2995}}
Apr 23 04:02:34 ubuntu devstack@g-api.service[116743]: DEBUG glance.common.config [None req-f484ee4d-00d8-49db-b6c7-941d13f3f05a None None] delayed_delete                 = False {{(pid=116743) log_opt_values /opt/stack/data/venv/lib/python3.12/site-packages/oslo_config/cfg.py:2995}}
Apr 23 04:02:34 ubuntu devstack@g-api.service[116743]: DEBUG glance.common.config [None req-f484ee4d-00d8-49db-b6c7-941d13f3f05a None None] digest_algorithm               = sha256 {{(pid=116743) log_opt_values /opt/stack/data/venv/lib/python3.12/site-packages/oslo_config/cfg.py:2995}}
Apr 23 04:02:34 ubuntu devstack@g-api.service[116743]: DEBUG glance.common.config [None req-f484ee4d-00d8-49db-b6c7-941d13f3f05a None None] disabled_notifications         = [] {{(pid=116743) log_opt_values /opt/stack/data/venv/lib/python3.12/site-packages/oslo_config/cfg.py:2995}}
Apr 23 04:02:34 ubuntu devstack@g-api.service[116743]: DEBUG glance.common.config [None req-f484ee4d-00d8-49db-b6c7-941d13f3f05a None None] do_secure_hash                 = True {{(pid=116743) log_opt_values /opt/stack/data/venv/lib/python3.12/site-packages/oslo_config/cfg.py:2995}}
Apr 23 04:02:34 ubuntu devstack@g-api.service[116743]: DEBUG glance.common.config [None req-f484ee4d-00d8-49db-b6c7-941d13f3f05a None None] enabled_backends               = None {{(pid=116743) log_opt_values /opt/stack/data/venv/lib/python3.12/site-packages/oslo_config/cfg.py:2995}}
Apr 23 04:02:34 ubuntu devstack@g-api.service[116743]: DEBUG glance.common.config [None req-f484ee4d-00d8-49db-b6c7-941d13f3f05a None None] enabled_import_methods         = ['glance-direct', 'web-download', 'copy-image'] {{(pid=116743) log_opt_values /opt/stack/data/venv/lib/python3.12/site-packages/oslo_config/cfg.py:2995}}
Apr 23 04:02:34 ubuntu devstack@g-api.service[116743]: DEBUG glance.common.config [None req-f484ee4d-00d8-49db-b6c7-941d13f3f05a None None] hashing_algorithm              = sha512 {{(pid=116743) log_opt_values /opt/stack/data/venv/lib/python3.12/site-packages/oslo_config/cfg.py:2995}}
Apr 23 04:02:34 ubuntu devstack@g-api.service[116743]: DEBUG glance.common.config [None req-f484ee4d-00d8-49db-b6c7-941d13f3f05a None None] http_keepalive                 = True {{(pid=116743) log_opt_values /opt/stack/data/venv/lib/python3.12/site-packages/oslo_config/cfg.py:2995}}
Apr 23 04:02:34 ubuntu devstack@g-api.service[116743]: DEBUG glance.common.config [None req-f484ee4d-00d8-49db-b6c7-941d13f3f05a None None] http_retries                   = 3 {{(pid=116743) log_opt_values /opt/stack/data/venv/lib/python3.12/site-packages/oslo_config/cfg.py:2995}}
Apr 23 04:02:34 ubuntu devstack@g-api.service[116743]: DEBUG glance.common.config [None req-f484ee4d-00d8-49db-b6c7-941d13f3f05a None None] image_cache_dir                = /opt/stack/data/glance/cache/ {{(pid=116743) log_opt_values /opt/stack/data/venv/lib/python3.12/site-packages/oslo_config/cfg.py:2995}}
Apr 23 04:02:34 ubuntu devstack@g-api.service[116743]: DEBUG glance.common.config [None req-f484ee4d-00d8-49db-b6c7-941d13f3f05a None None] image_cache_driver             = centralized_db {{(pid=116743) log_opt_values /opt/stack/data/venv/lib/python3.12/site-packages/oslo_config/cfg.py:2995}}
Apr 23 04:02:34 ubuntu devstack@g-api.service[116743]: DEBUG glance.common.config [None req-f484ee4d-00d8-49db-b6c7-941d13f3f05a None None] image_cache_max_size           = 10737418240 {{(pid=116743) log_opt_values /opt/stack/data/venv/lib/python3.12/site-packages/oslo_config/cfg.py:2995}}
Apr 23 04:02:34 ubuntu devstack@g-api.service[116743]: DEBUG glance.common.config [None req-f484ee4d-00d8-49db-b6c7-941d13f3f05a None None] image_cache_sqlite_db          = cache.db {{(pid=116743) log_opt_values /opt/stack/data/venv/lib/python3.12/site-packages/oslo_config/cfg.py:2995}}
Apr 23 04:02:34 ubuntu devstack@g-api.service[116743]: DEBUG glance.common.config [None req-f484ee4d-00d8-49db-b6c7-941d13f3f05a None None] image_cache_stall_time         = 86400 {{(pid=116743) log_opt_values /opt/stack/data/venv/lib/python3.12/site-packages/oslo_config/cfg.py:2995}}
Apr 23 04:02:34 ubuntu devstack@g-api.service[116743]: DEBUG glance.common.config [None req-f484ee4d-00d8-49db-b6c7-941d13f3f05a None None] image_location_quota           = 10 {{(pid=116743) log_opt_values /opt/stack/data/venv/lib/python3.12/site-packages/oslo_config/cfg.py:2995}}
Apr 23 04:02:34 ubuntu devstack@g-api.service[116743]: DEBUG glance.common.config [None req-f484ee4d-00d8-49db-b6c7-941d13f3f05a None None] image_member_quota             = 128 {{(pid=116743) log_opt_values /opt/stack/data/venv/lib/python3.12/site-packages/oslo_config/cfg.py:2995}}
Apr 23 04:02:34 ubuntu devstack@g-api.service[116743]: DEBUG glance.common.config [None req-f484ee4d-00d8-49db-b6c7-941d13f3f05a None None] image_property_quota           = 128 {{(pid=116743) log_opt_values /opt/stack/data/venv/lib/python3.12/site-packages/oslo_config/cfg.py:2995}}
Apr 23 04:02:34 ubuntu devstack@g-api.service[116743]: DEBUG glance.common.config [None req-f484ee4d-00d8-49db-b6c7-941d13f3f05a None None] image_size_cap                 = 1099511627776 {{(pid=116743) log_opt_values /opt/stack/data/venv/lib/python3.12/site-packages/oslo_config/cfg.py:2995}}
Apr 23 04:02:34 ubuntu devstack@g-api.service[116743]: DEBUG glance.common.config [None req-f484ee4d-00d8-49db-b6c7-941d13f3f05a None None] image_tag_quota                = 128 {{(pid=116743) log_opt_values /opt/stack/data/venv/lib/python3.12/site-packages/oslo_config/cfg.py:2995}}
Apr 23 04:02:34 ubuntu devstack@g-api.service[116743]: DEBUG glance.common.config [None req-f484ee4d-00d8-49db-b6c7-941d13f3f05a None None] instance_format                = [instance: %(uuid)s]  {{(pid=116743) log_opt_values /opt/stack/data/venv/lib/python3.12/site-packages/oslo_config/cfg.py:2995}}
Apr 23 04:02:34 ubuntu devstack@g-api.service[116743]: DEBUG glance.common.config [None req-f484ee4d-00d8-49db-b6c7-941d13f3f05a None None] instance_uuid_format           = [instance: %(uuid)s]  {{(pid=116743) log_opt_values /opt/stack/data/venv/lib/python3.12/site-packages/oslo_config/cfg.py:2995}}
Apr 23 04:02:34 ubuntu devstack@g-api.service[116743]: DEBUG glance.common.config [None req-f484ee4d-00d8-49db-b6c7-941d13f3f05a None None] limit_param_default            = 25 {{(pid=116743) log_opt_values /opt/stack/data/venv/lib/python3.12/site-packages/oslo_config/cfg.py:2995}}
Apr 23 04:02:34 ubuntu devstack@g-api.service[116743]: DEBUG glance.common.config [None req-f484ee4d-00d8-49db-b6c7-941d13f3f05a None None] log_color                      = True {{(pid=116743) log_opt_values /opt/stack/data/venv/lib/python3.12/site-packages/oslo_config/cfg.py:2995}}
Apr 23 04:02:34 ubuntu devstack@g-api.service[116743]: DEBUG glance.common.config [None req-f484ee4d-00d8-49db-b6c7-941d13f3f05a None None] log_config_append              = None {{(pid=116743) log_opt_values /opt/stack/data/venv/lib/python3.12/site-packages/oslo_config/cfg.py:2995}}
Apr 23 04:02:34 ubuntu devstack@g-api.service[116743]: DEBUG glance.common.config [None req-f484ee4d-00d8-49db-b6c7-941d13f3f05a None None] log_date_format                = %Y-%m-%d %H:%M:%S {{(pid=116743) log_opt_values /opt/stack/data/venv/lib/python3.12/site-packages/oslo_config/cfg.py:2995}}
Apr 23 04:02:34 ubuntu devstack@g-api.service[116743]: DEBUG glance.common.config [None req-f484ee4d-00d8-49db-b6c7-941d13f3f05a None None] log_dir                        = None {{(pid=116743) log_opt_values /opt/stack/data/venv/lib/python3.12/site-packages/oslo_config/cfg.py:2995}}
Apr 23 04:02:34 ubuntu devstack@g-api.service[116743]: DEBUG glance.common.config [None req-f484ee4d-00d8-49db-b6c7-941d13f3f05a None None] log_file                       = None {{(pid=116743) log_opt_values /opt/stack/data/venv/lib/python3.12/site-packages/oslo_config/cfg.py:2995}}
Apr 23 04:02:34 ubuntu devstack@g-api.service[116743]: DEBUG glance.common.config [None req-f484ee4d-00d8-49db-b6c7-941d13f3f05a None None] log_rotate_interval            = 1 {{(pid=116743) log_opt_values /opt/stack/data/venv/lib/python3.12/site-packages/oslo_config/cfg.py:2995}}
Apr 23 04:02:34 ubuntu devstack@g-api.service[116743]: DEBUG glance.common.config [None req-f484ee4d-00d8-49db-b6c7-941d13f3f05a None None] log_rotate_interval_type       = days {{(pid=116743) log_opt_values /opt/stack/data/venv/lib/python3.12/site-packages/oslo_config/cfg.py:2995}}
Apr 23 04:02:34 ubuntu devstack@g-api.service[116743]: DEBUG glance.common.config [None req-f484ee4d-00d8-49db-b6c7-941d13f3f05a None None] log_rotation_type              = none {{(pid=116743) log_opt_values /opt/stack/data/venv/lib/python3.12/site-packages/oslo_config/cfg.py:2995}}
Apr 23 04:02:34 ubuntu devstack@g-api.service[116743]: DEBUG glance.common.config [None req-f484ee4d-00d8-49db-b6c7-941d13f3f05a None None] logging_context_format_string  = %(color)s%(levelname)s %(name)s [%(global_request_id)s %(request_id)s %(project_name)s %(user_name)s%(color)s] %(instance)s%(color)s%(message)s {{(pid=116743) log_opt_values /opt/stack/data/venv/lib/python3.12/site-packages/oslo_config/cfg.py:2995}}
Apr 23 04:02:34 ubuntu devstack@g-api.service[116743]: DEBUG glance.common.config [None req-f484ee4d-00d8-49db-b6c7-941d13f3f05a None None] logging_debug_format_suffix    = {{(pid=%(process)d) %(funcName)s %(pathname)s:%(lineno)d}} {{(pid=116743) log_opt_values /opt/stack/data/venv/lib/python3.12/site-packages/oslo_config/cfg.py:2995}}
Apr 23 04:02:34 ubuntu devstack@g-api.service[116743]: DEBUG glance.common.config [None req-f484ee4d-00d8-49db-b6c7-941d13f3f05a None None] logging_default_format_string  = %(color)s%(levelname)s %(name)s [-%(color)s] %(instance)s%(color)s%(message)s {{(pid=116743) log_opt_values /opt/stack/data/venv/lib/python3.12/site-packages/oslo_config/cfg.py:2995}}
Apr 23 04:02:34 ubuntu devstack@g-api.service[116743]: DEBUG glance.common.config [None req-f484ee4d-00d8-49db-b6c7-941d13f3f05a None None] logging_exception_prefix       = ERROR %(name)s %(instance)s {{(pid=116743) log_opt_values /opt/stack/data/venv/lib/python3.12/site-packages/oslo_config/cfg.py:2995}}
Apr 23 04:02:34 ubuntu devstack@g-api.service[116743]: DEBUG glance.common.config [None req-f484ee4d-00d8-49db-b6c7-941d13f3f05a None None] logging_user_identity_format   = %(user)s %(project)s %(domain)s %(system_scope)s %(user_domain)s %(project_domain)s {{(pid=116743) log_opt_values /opt/stack/data/venv/lib/python3.12/site-packages/oslo_config/cfg.py:2995}}
Apr 23 04:02:34 ubuntu devstack@g-api.service[116743]: DEBUG glance.common.config [None req-f484ee4d-00d8-49db-b6c7-941d13f3f05a None None] max_header_line                = 16384 {{(pid=116743) log_opt_values /opt/stack/data/venv/lib/python3.12/site-packages/oslo_config/cfg.py:2995}}
Apr 23 04:02:34 ubuntu devstack@g-api.service[116743]: DEBUG glance.common.config [None req-f484ee4d-00d8-49db-b6c7-941d13f3f05a None None] max_logfile_count              = 30 {{(pid=116743) log_opt_values /opt/stack/data/venv/lib/python3.12/site-packages/oslo_config/cfg.py:2995}}
Apr 23 04:02:34 ubuntu devstack@g-api.service[116742]: DEBUG glance.image_cache.drivers.centralized_db [None req-3b6a9a9e-c0eb-4020-ba1d-598d9a82855f None None] Node reference is already recorded, ignoring it {{(pid=116742) configure /opt/stack/glance/glance/image_cache/drivers/centralized_db.py:71}}
Apr 23 04:02:34 ubuntu devstack@g-api.service[116743]: DEBUG glance.common.config [None req-f484ee4d-00d8-49db-b6c7-941d13f3f05a None None] max_logfile_size_mb            = 200 {{(pid=116743) log_opt_values /opt/stack/data/venv/lib/python3.12/site-packages/oslo_config/cfg.py:2995}}
Apr 23 04:02:34 ubuntu devstack@g-api.service[116743]: DEBUG glance.common.config [None req-f484ee4d-00d8-49db-b6c7-941d13f3f05a None None] max_request_id_length          = 64 {{(pid=116743) log_opt_values /opt/stack/data/venv/lib/python3.12/site-packages/oslo_config/cfg.py:2995}}
Apr 23 04:02:34 ubuntu devstack@g-api.service[116743]: DEBUG glance.common.config [None req-f484ee4d-00d8-49db-b6c7-941d13f3f05a None None] metadata_encryption_key        = **** {{(pid=116743) log_opt_values /opt/stack/data/venv/lib/python3.12/site-packages/oslo_config/cfg.py:2995}}
Apr 23 04:02:34 ubuntu devstack@g-api.service[116743]: DEBUG glance.common.config [None req-f484ee4d-00d8-49db-b6c7-941d13f3f05a None None] node_staging_uri               = file:///tmp/staging/ {{(pid=116743) log_opt_values /opt/stack/data/venv/lib/python3.12/site-packages/oslo_config/cfg.py:2995}}
Apr 23 04:02:34 ubuntu devstack@g-api.service[116743]: DEBUG glance.common.config [None req-f484ee4d-00d8-49db-b6c7-941d13f3f05a None None] property_protection_file       = None {{(pid=116743) log_opt_values /opt/stack/data/venv/lib/python3.12/site-packages/oslo_config/cfg.py:2995}}
Apr 23 04:02:34 ubuntu devstack@g-api.service[116743]: DEBUG glance.common.config [None req-f484ee4d-00d8-49db-b6c7-941d13f3f05a None None] property_protection_rule_format = roles {{(pid=116743) log_opt_values /opt/stack/data/venv/lib/python3.12/site-packages/oslo_config/cfg.py:2995}}
Apr 23 04:02:34 ubuntu devstack@g-api.service[116743]: DEBUG glance.common.config [None req-f484ee4d-00d8-49db-b6c7-941d13f3f05a None None] public_endpoint                = http://10.201.5.127/image {{(pid=116743) log_opt_values /opt/stack/data/venv/lib/python3.12/site-packages/oslo_config/cfg.py:2995}}
Apr 23 04:02:34 ubuntu devstack@g-api.service[116743]: DEBUG glance.common.config [None req-f484ee4d-00d8-49db-b6c7-941d13f3f05a None None] publish_errors                 = False {{(pid=116743) log_opt_values /opt/stack/data/venv/lib/python3.12/site-packages/oslo_config/cfg.py:2995}}
Apr 23 04:02:34 ubuntu devstack@g-api.service[116743]: DEBUG glance.common.config [None req-f484ee4d-00d8-49db-b6c7-941d13f3f05a None None] pydev_worker_debug_host        = None {{(pid=116743) log_opt_values /opt/stack/data/venv/lib/python3.12/site-packages/oslo_config/cfg.py:2995}}
Apr 23 04:02:34 ubuntu devstack@g-api.service[116743]: DEBUG glance.common.config [None req-f484ee4d-00d8-49db-b6c7-941d13f3f05a None None] pydev_worker_debug_port        = 5678 {{(pid=116743) log_opt_values /opt/stack/data/venv/lib/python3.12/site-packages/oslo_config/cfg.py:2995}}
