"pcp-dstat 6.2.0 CSV Output"
"Author:","PCP team <pcp@groups.io> and Dag Wieers <dag@wieers.com>",,,,"URL:","https://pcp.io/ and http://dag.wieers.com/home-made/dstat/"
"Host:","ubuntu",,,,"User:","ubuntu"
"Cmdline:","dstat -tcmndrylpg --tcp --output /tmp/devstack_logs/dstat-csv.log",,,,"Date:","19 Jun 2026 13:41:23 UTC"
"system","total usage",,,,,"memory usage",,,,"net/total",,"dsk/total",,"io/total",,"system",,"load avg",,,"procs",,,"paging",,"tcp sockets",,,,
"time","total usage:usr","total usage:sys","total usage:idl","total usage:wai","total usage:stl","used","free","buf","cach","net/total:recv","net/total:send","dsk/total:read","dsk/total:writ","read","writ","int","csw","1m","5m","15m","run","blk","new","in","out","lis","act","syn","tim","clo"
19-06 13:41:23,,1048740,1354464,168456,5234752,,,,,,,1.190,0.910,0.510,4,0,,,,10,5,0,18,0
19-06 13:41:24,18.425,20.666,57.765,0.498,0,1038312,1364232,168640,5235104,43785.095,14775.963,0,3278.678,0,226.081,5834,4264,1.190,0.910,0.510,4,0,362.527,0,0,10,6,0,18,0
19-06 13:41:25,21.037,22.290,55.849,0.250,0,1045052,1356824,168752,5235524,17927.846,9895.578,0,1330.363,0,44.078,5562,3858,1.190,0.910,0.510,2,0,343.610,0,0,10,6,0,18,0
19-06 13:41:26,26.045,19.534,53.593,0.501,0,1019936,1381200,168956,5235928,51089.239,15146.160,0,1915.308,0,63.109,6057,5563,1.190,0.910,0.510,1,0,275.476,0,0,10,6,0,18,0
19-06 13:41:27,31.745,16.248,49.993,0.250,0,1138780,1245912,169128,5376280,146654.606,15528.735,0,1731.747,0,48.993,6440,9240,1.190,0.910,0.510,1,0,184.973,0,0,11,5,0,18,1
19-06 13:41:28,22.023,4.004,71.825,0.751,0,1142744,1223120,169956,5392008,49253.599,2702.832,0,1729.812,0,72.076,2408,1956,1.170,0.910,0.520,4,0,33.035,0,0,11,6,0,18,2
19-06 13:41:29,38.501,12.000,47.751,0.250,0,1159392,1187680,170472,5408184,5058.101,1458.029,0,4692.094,0,56.001,4163,2562,1.170,0.910,0.520,3,0,112.002,0,0,11,6,0,18,2
19-06 13:41:30,37.458,11.987,48.196,1.249,0,1205424,1119408,171088,5427736,4600.872,1564.257,31.964,3516.081,1.998,95.893,4326,3278,1.170,0.910,0.520,3,0,135.849,0,0,11,6,0,20,2
19-06 13:41:31,43.295,6.006,48.800,1.001,0,1242432,1062564,172312,5443416,4733.871,1513.557,0,4068.186,0,102.105,2994,2062,1.170,0.910,0.520,2,0,0,0,0,11,6,0,20,2
19-06 13:41:32,38.246,7.249,45.745,6.749,0,1267920,1002028,174132,5473640,4665.475,1565.824,0,30796.532,0,2290.742,9702,16072,1.170,0.910,0.520,2,1,18.998,0,0,11,8,0,20,2
19-06 13:41:33,32.005,6.751,42.757,16.253,0,1290248,987640,175004,5464368,5202.874,1938.325,0,42451.129,0,3959.665,15362,27736,1.320,0.950,0.530,9,0,81.014,0,0,11,6,0,20,0
19-06 13:41:34,35.501,9.250,50.501,2.250,0,1320796,951140,175196,5469424,11736.347,4561.135,0,15244.451,0,848.025,5143,6187,1.320,0.950,0.530,2,0,93.003,0,0,11,4,0,20,0
19-06 13:41:35,43.456,8.491,45.953,0.250,0,1338440,931732,175240,5470900,5168.758,1712.263,0,799.189,0,39.959,11194,18899,1.320,0.950,0.530,3,0,7.992,0,0,11,4,0,20,0
19-06 13:41:36,43.543,9.259,44.795,0.751,0,1333564,935436,175308,5471784,4941.920,1621.614,0,9457.416,0,506.504,11949,20904,1.320,0.950,0.530,3,0,24.024,0,0,11,4,0,20,0
19-06 13:41:37,40.456,10.239,48.697,0.499,0,1299184,977844,175348,5464464,4954.564,1618.225,0,2309.466,0,111.877,3312,2171,1.320,0.950,0.530,4,0,14.984,0,0,11,4,0,20,0
19-06 13:41:38,46.009,4.501,48.760,0.250,0,1300844,976136,175352,5464508,4606.947,1566.322,0,472.097,0,43.009,2964,1414,1.370,0.970,0.540,4,0,25.005,0,0,11,4,0,20,0
19-06 13:41:39,11.256,20.011,67.288,0,0,1209064,1067900,175352,5464524,4594.627,1512.865,0,952.545,0,96.055,5570,4120,1.370,0.970,0.540,3,0,367.210,0,0,11,4,0,20,0
19-06 13:41:40,9.240,20.726,68.422,0,0,1137224,1139576,175352,5464680,4618.754,1402.407,0,7163.864,0,243.723,5607,3837,1.370,0.970,0.540,1,0,320.636,0,0,11,4,0,20,0
19-06 13:41:41,21.516,15.512,62.047,0,0,1154988,1121700,175356,5465072,3921.962,702.531,0,28.021,0,4.003,6306,7687,1.370,0.970,0.540,3,0,195.147,0,0,11,4,0,20,0
19-06 13:41:42,46.505,9.001,44.505,0,0,1204604,1072064,175356,5465204,4892.574,1512.177,0,32.004,0,2.000,3442,2156,1.370,0.970,0.540,2,0,99.012,0,0,11,5,0,20,0
19-06 13:41:43,44.440,5.992,48.434,0,0,1246632,1029636,175392,5465748,4659.680,1563.879,0,727.014,0,15.978,2851,1660,1.420,0.980,0.550,3,0,0,0,0,11,5,0,16,0
19-06 13:41:44,39.507,9.252,50.509,0,0,1269108,1004732,175468,5468068,4952.911,1512.278,0,1200.221,0,84.015,3437,3885,1.420,0.980,0.550,1,0,49.009,0,0,11,4,0,16,0
19-06 13:41:45,4.495,7.992,86.160,0,0,1279660,994176,175468,5468072,4601.170,1564.358,0,25932.779,0,193.797,2578,2525,1.420,0.980,0.550,1,0,91.904,0,0,11,4,0,16,0
19-06 13:41:46,21.799,4.009,73.667,0,0,1337352,936468,175468,5468072,4860.015,1515.435,0,769.745,0,119.270,1859,1347,1.420,0.980,0.550,1,0,1.002,0,0,11,4,0,16,0
19-06 13:41:47,23.486,2.748,73.957,0,0,1356504,917316,175468,5468072,4303.478,1565.083,0,7.995,0,1.999,1752,1095,1.420,0.980,0.550,1,0,0,0,0,11,4,0,14,0
19-06 13:41:48,23.742,1.999,71.726,1.000,0,1383932,889596,175512,5468320,5370.208,1511.495,0,2195.267,0,184.938,3526,4616,1.390,0.980,0.550,1,0,1.000,0,0,11,10,0,14,0
19-06 13:41:49,19.742,6.997,72.470,0.750,0,1393992,879516,175532,5468320,5625.704,1565.361,0,2538.964,0,143.941,2544,2121,1.390,0.980,0.550,1,0,41.983,0,0,11,4,0,16,0
19-06 13:41:50,19.987,2.748,76.199,0,0,1412348,860888,175536,5468516,8026.626,3894.392,0,33113.828,0,222.851,2026,1810,1.390,0.980,0.550,1,0,0,0,0,11,11,0,16,0
19-06 13:41:51,20.726,2.747,74.164,0.749,0,1399496,873260,175588,5468888,8599.988,5160.992,267.688,1306.479,65.923,21.974,2610,2581,1.390,0.980,0.550,1,0,2.997,0,0,11,29,0,16,0
19-06 13:41:52,19.536,6.261,73.385,0,0,1390104,882624,175600,5468900,7180.183,4200.713,0,3598.607,0,31.057,2528,1931,1.390,0.980,0.550,1,0,43.079,0,0,11,28,0,17,0
19-06 13:41:53,18.740,3.498,77.707,0,0,1437044,835676,175604,5468904,8376.330,5762.787,0,63.964,0,4.997,1852,1420,1.280,0.970,0.540,1,0,0,0,0,11,29,0,17,0
19-06 13:41:54,19.798,11.778,67.914,0,0,1419872,852820,175604,5468932,7248.503,4469.794,0,12.029,0,3.007,3499,2559,1.280,0.970,0.540,3,0,156.378,0,0,11,28,0,18,0
19-06 13:41:55,41.946,5.743,49.936,0,0,1485068,787624,175604,5468932,6013.265,3515.478,0,2512.768,0,42.945,2718,1313,1.280,0.970,0.540,1,0,0,0,0,11,29,0,16,0
19-06 13:41:56,33.027,4.253,61.550,0.250,0,1496952,775540,175604,5469132,20119.187,16629.379,0,128.103,0,7.006,5452,6854,1.280,0.970,0.540,2,0,1.001,0,0,11,30,0,16,0
19-06 13:41:57,48.020,21.759,30.262,0,0,1422700,849776,175608,5469144,6892.811,3136.279,0,1200.490,0,42.017,5653,5304,1.280,0.970,0.540,6,0,448.183,0,0,11,28,0,17,0
19-06 13:41:58,79.245,18.249,0,0,0.250,1670728,601704,175608,5469184,4739.730,1661.905,0,155.991,0,7.000,4940,2974,1.660,1.050,0.570,6,0,129.993,0,0,11,28,0,17,0
19-06 13:41:59,82.691,11.991,2.748,0,0,1820032,452340,175608,5469232,29783.855,27214.679,0,3.997,0,0.999,6501,6937,1.660,1.050,0.570,4,0,0,0,0,11,33,0,17,0
19-06 13:42:00,75.217,11.245,11.995,0.250,0,1701664,570444,175616,5469456,26348.271,21379.483,0,36131.916,0,319.858,8674,12214,1.660,1.050,0.570,5,0,168.925,0,0,11,28,0,23,0
19-06 13:42:01,21.976,9.240,67.926,0,0,1500200,771892,175616,5469472,5397.082,1564.285,0,195.785,0,9.989,3223,2437,1.660,1.050,0.570,1,0,140.846,0,0,11,28,0,23,0
19-06 13:42:02,18.757,3.251,77.278,0,0,1503776,768312,175616,5469476,8918.268,5423.988,0,148.054,0,9.003,1989,1647,1.660,1.050,0.570,3,0,0,0,0,11,29,0,23,0
19-06 13:42:03,17.486,5.995,75.688,0,0,1418040,854028,175624,5469488,8307.223,4592.254,0,799.348,0,57.953,3553,3595,1.600,1.050,0.580,1,0,67.945,0,0,11,28,0,24,0
19-06 13:42:04,21.011,4.002,74.289,0,0,1472892,799176,175624,5469488,6984.675,3105.634,0,0,0,0,1769,1145,1.600,1.050,0.580,1,0,0,0,0,11,29,0,24,0
19-06 13:42:05,16.983,3.247,77.921,0,0,1472972,799064,175628,5469512,11281.546,6973.920,0,59651.438,0,341.653,3657,4274,1.600,1.050,0.580,1,0,0,0,0,11,28,0,25,0
19-06 13:42:06,10.281,20.563,68.459,0.251,0,1449448,822580,175632,5469516,5706.431,1516.633,0,878.684,0,48.147,5827,4601,1.600,1.050,0.580,1,0,493.508,0,0,11,28,0,25,0
19-06 13:42:07,61.135,27.698,10.730,0.250,0,1553464,718512,175636,5472180,6587.656,1616.970,0,135.746,0,18.964,6118,7486,1.600,1.050,0.580,6,0,579.913,0,0,11,28,0,25,0
19-06 13:42:08,86.678,13.277,0.501,0,0,1736124,535852,175636,5469428,13774.237,9459.391,0,116.238,0,6.012,5689,5533,1.880,1.120,0.600,5,0,2.004,0,0,11,30,0,26,0
19-06 13:42:09,70.976,8.747,18.994,0,0,1717364,554336,175660,5469808,45011.963,38172.248,0,303.898,0,39.987,9722,14608,1.880,1.120,0.600,5,0,29.990,0,0,11,31,0,26,0
19-06 13:42:10,79.283,19.008,1.751,0,0,1616196,655392,175668,5469912,10160.241,6513.719,0,448.187,0,38.016,6878,6910,1.880,1.120,0.600,6,0,277.116,0,0,11,28,0,27,0
19-06 13:42:11,86.001,13.500,0,0,0.250,1740376,531212,175672,5469908,12383.088,9374.066,0,2148.015,0,78.001,5514,3465,1.880,1.120,0.600,6,0,3.000,0,0,11,30,0,26,0
19-06 13:42:12,77.075,10.476,11.225,0,0,1822936,448304,175676,5470248,37277.429,34006.849,0,151.656,0,7.982,8517,10971,1.880,1.120,0.600,6,0,0,0,0,11,33,0,27,0
19-06 13:42:13,70.743,12.999,15.499,0,0,1698336,572832,175684,5470308,29002.304,24162.754,0,1319.877,0,38.996,8259,12353,2.050,1.170,0.620,3,0,217.980,0,0,11,28,0,31,0
19-06 13:42:14,48.987,11.497,39.240,0,0,1566632,704344,175692,5470468,4918.729,1619.581,0,187.951,0,17.995,3656,2241,2.050,1.170,0.620,2,0,85.978,0,0,11,28,0,31,0
19-06 13:42:15,33.548,4.256,61.587,0,0,1571864,699072,175704,5470496,19371.511,15842.500,0,5720.124,0,374.532,4412,4826,2.050,1.170,0.620,3,0,0,0,0,11,29,0,26,0
19-06 13:42:16,48.458,21.482,28.975,0.250,0,1495388,775664,175708,5470512,9274.055,5546.249,0,927.206,0,57.950,5671,5475,2.050,1.170,0.620,4,0,378.676,0,0,11,28,0,27,0
19-06 13:42:17,54.861,7.515,37.075,0,0,1627640,643380,175708,5470544,16656.572,13244.695,0,4.008,0,1.002,4040,2704,2.050,1.170,0.620,5,0,0,0,0,11,31,0,27,0
19-06 13:42:18,54.995,9.999,33.997,0.250,0,1588240,682544,175728,5470752,22070.069,18002.425,0,419.963,0,40.996,8013,10616,1.960,1.160,0.620,5,0,119.990,0,0,11,28,0,28,0
19-06 13:42:19,81.250,18.500,0.500,0.250,0,1570340,700440,175756,5470728,4986.017,1686.006,0,3216.011,0,187.001,5461,3645,1.960,1.160,0.620,4,0,138.000,0,0,11,28,0,28,0
19-06 13:42:20,64.593,8.729,25.438,0,0,1660000,610708,175756,5470796,27369.668,23802.314,0,127.691,0,6.983,5949,6240,1.960,1.160,0.620,4,0,0,0,0,11,32,0,25,0
19-06 13:42:21,64.761,17.253,16.503,0,0,1582556,687944,175776,5470984,24055.121,19499.341,0,792.136,0,44.008,9339,12050,1.960,1.160,0.620,3,0,324.056,0,0,11,28,0,28,0
19-06 13:42:22,61.510,9.502,28.755,0,0,1612592,657880,175776,5471012,7699.262,5498.901,0,2176.357,0,93.015,3606,1509,1.960,1.160,0.620,2,0,0,0,0,11,30,0,28,0
19-06 13:42:23,48.338,5.510,44.581,0.250,0,1618416,651984,175788,5471068,27156.423,22486.925,0,292.532,0,28.051,7089,9121,1.810,1.140,0.620,3,0,0,0,0,11,29,1,29,0
19-06 13:42:24,61.171,20.473,17.977,0,0,1538360,732028,175788,5471080,9352.852,5663.643,0,211.725,0,16.978,5376,4322,1.810,1.140,0.620,3,0,298.612,0,0,11,28,0,30,0
19-06 13:42:25,54.958,6.995,37.221,0,0,1607992,662240,175788,5471236,16108.590,13231.807,0,183.858,0,7.994,4191,2834,1.810,1.140,0.620,4,0,0,0,0,11,31,0,30,0
19-06 13:42:26,54.082,11.267,33.300,0,0,1480128,789696,175804,5471592,21384.315,17581.568,0,468.708,0,32.048,7778,9685,1.810,1.140,0.620,7,0,200.303,0,0,11,28,0,33,0
19-06 13:42:27,62.077,13.712,23.684,0,0,1535552,734264,175804,5471596,4666.986,1615.495,0,191.466,0,8.975,4128,2031,1.810,1.140,0.620,3,0,87.755,0,0,11,28,0,33,0
19-06 13:42:28,48.426,6.022,45.666,0,0,1589484,680164,175804,5471764,27290.283,23680.149,0,108.394,0,7.026,6244,7303,1.820,1.160,0.630,6,0,0,0,0,11,31,0,33,0
19-06 13:42:29,59.995,13.249,26.248,0,0,1528856,740764,175824,5471772,8772.237,5178.550,0,1251.891,0,89.992,5292,4737,1.820,1.160,0.630,3,0,111.990,0,0,11,28,0,35,0
19-06 13:42:30,55.938,8.241,35.460,0,0.250,1593504,676060,175828,5471820,16238.880,13311.147,0,63.929,0,6.992,4262,2925,1.820,1.160,0.630,3,0,0,0,0,11,31,0,35,0
19-06 13:42:31,52.815,13.266,32.290,0.250,0,1473616,795872,175840,5471884,19061.616,15514.221,0,284.352,0,36.045,8006,9643,1.820,1.160,0.630,4,0,266.330,0,0,11,28,0,37,0
19-06 13:42:32,75.250,24.250,0.250,0,0,1596212,673276,175840,5471884,4176.005,1296.001,0,188.000,0,18.000,5466,4580,1.820,1.160,0.630,8,0,465.001,0,0,11,28,0,35,0
19-06 13:42:33,79.684,20.233,0.250,0,0,1789004,480272,175844,5472092,13212.125,10103.683,0,663.454,0,6.994,5900,5028,2.240,1.250,0.660,7,0,390.678,0,0,11,31,0,35,0
19-06 13:42:34,79.810,18.514,1.251,0,0,1838216,430884,175872,5472228,46203.502,42053.403,0,808.604,0,53.040,8125,10987,2.240,1.250,0.660,6,0,350.262,0,0,11,31,0,36,0
19-06 13:42:35,78.751,20.250,0.750,0,0,1680932,587996,175888,5472384,20439.356,15835.275,0,416.007,0,42.001,6946,7066,2.240,1.250,0.660,6,0,326.006,0,0,11,28,0,36,0
19-06 13:42:36,84.398,13.484,2.747,0,0,1723516,545352,175888,5472436,15602.235,11615.030,0,0,0,0,5500,3463,2.240,1.250,0.660,5,0,56.932,0,0,11,31,0,36,0
19-06 13:42:37,78.020,8.002,13.253,0,0,1758456,510192,175888,5472652,43236.050,37970.705,0,0,0,0,7807,13021,2.240,1.250,0.660,7,0,10.003,0,0,11,30,0,39,0
19-06 13:42:38,45.477,20.490,32.234,0,0,1557600,711000,175888,5472704,15949.857,11584.086,0,15.992,0,3.998,6179,7726,2.140,1.250,0.660,2,0,521.734,0,0,11,28,0,41,0
19-06 13:42:39,10.760,25.774,62.308,0,0,1457140,811440,175888,5472728,4970.662,1567.470,0,24.023,0,6.006,5481,3821,2.140,1.250,0.660,4,0,408.383,0,0,11,28,0,41,0
19-06 13:42:40,63.223,31.486,4.998,0,0,1559140,709436,175892,5472728,3420.523,701.697,0,119.948,0,8.996,5614,4431,2.140,1.250,0.660,4,0,661.714,0,0,11,28,0,41,0
19-06 13:42:41,69.288,9.471,20.188,0.249,0,1670724,597584,175904,5472976,23097.214,20330.693,0,538.350,0,38.881,5976,6267,2.140,1.250,0.660,3,0,0,0,0,11,31,0,42,0
19-06 13:42:42,67.822,15.016,17.268,0.501,0,1639484,628732,175924,5473044,17963.962,14350.147,0,1297.369,0,99.105,6713,9163,2.140,1.250,0.660,4,0,201.212,0,0,11,28,0,45,0
19-06 13:42:43,79.737,13.039,7.272,0,0,1641672,626536,175928,5473048,10091.952,7530.349,0,2732.109,0,120.357,4755,2509,2.210,1.280,0.680,3,0,67.199,0,0,11,30,0,45,0
19-06 13:42:44,63.251,8.000,27.500,0,0,1682244,585740,175932,5473264,36103.554,31597.485,0,152.002,0,9.000,8678,12303,2.210,1.280,0.680,5,0,0,0,0,11,32,0,45,0
19-06 13:42:45,56.669,4.993,37.197,0.250,0,1682176,585540,175948,5473508,40022.004,34436.958,0,419.403,0,47.932,12030,18986,2.210,1.280,0.680,4,0,0,0,0,11,29,0,45,0
19-06 13:42:46,79.861,15.772,4.506,0,0,1532440,735248,175948,5473504,10987.319,6467.017,0,500.698,0,59.082,5941,5469,2.210,1.280,0.680,4,0,123.172,0,0,11,28,0,45,0
19-06 13:42:47,72.167,9.954,17.420,0,0,1654720,612920,175952,5473540,20326.207,17799.864,0,203.063,0,10.949,5068,4146,2.210,1.280,0.680,4,0,0,0,0,11,32,0,45,0
19-06 13:42:48,51.983,6.278,39.929,0,0,1654448,612920,175956,5473804,45516.823,40045.322,0,140.630,0,10.045,13053,20291,2.190,1.290,0.680,2,0,0,0,0,11,32,0,45,0
19-06 13:42:49,67.497,13.749,18.249,0,0,1561144,706008,175956,5474020,30186.866,23482.118,0,139.995,0,8.000,8942,12242,2.190,1.290,0.680,5,0,204.992,0,0,11,28,0,49,0
19-06 13:42:50,81.012,14.752,3.501,0,0,1596520,670612,175960,5474032,6966.999,3377.484,0,120.017,0,8.001,4767,2214,2.190,1.290,0.680,4,0,55.008,0,0,11,29,0,49,0
19-06 13:42:51,63.495,8.499,27.748,0.250,0,1646860,620056,175964,5474236,33988.358,30435.635,0,303.976,0,27.998,7823,10557,2.190,1.290,0.680,4,0,2.000,0,0,11,35,0,50,0
19-06 13:42:52,69.751,14.000,14.750,0,0,1640292,626412,175964,5474448,26604.494,21749.404,0,316.006,0,32.001,9177,12704,2.190,1.290,0.680,5,0,98.002,0,0,11,32,0,48,0
19-06 13:42:53,82.707,11.744,5.747,0,0,1632220,634480,175964,5474452,10301.703,8170.798,0,107.944,0,8.995,4904,2496,2.250,1.320,0.700,3,0,29.985,0,0,11,35,0,48,0
19-06 13:42:54,65.283,10.255,24.012,0,0,1616516,650132,175964,5474504,25931.269,21398.950,0,232.119,0,27.014,6538,7959,2.250,1.320,0.700,6,0,65.033,0,0,11,34,0,50,0
19-06 13:42:55,70.113,12.226,16.468,0,0,1619344,647084,175964,5474716,32432.516,27872.442,0,147.711,0,7.984,7201,11013,2.250,1.320,0.700,4,0,75.852,0,0,11,34,0,51,0
19-06 13:42:56,71.343,15.019,13.768,0,0,1693376,573004,175968,5474760,19064.752,15169.695,0,356.463,0,13.017,6566,6745,2.250,1.320,0.700,3,0,121.157,0,0,11,33,0,52,0
19-06 13:42:57,72.007,13.704,13.953,0,0,1690008,576312,175968,5474812,21643.879,17485.926,0,151.488,0,7.973,5843,6722,2.250,1.320,0.700,4,0,85.710,0,0,11,34,0,53,0
19-06 13:42:58,74.707,13.242,11.493,0,0,1682376,583784,175968,5474972,16172.770,12841.671,0,115.934,0,5.997,5062,4321,2.390,1.370,0.710,4,0,68.961,0,0,11,34,0,55,0
19-06 13:42:59,68.464,11.536,18.809,0,0,1633344,632632,175972,5475152,25268.864,20420.733,0,284.889,0,26.081,6346,8131,2.390,1.370,0.710,3,0,72.225,0,0,11,34,1,56,0
19-06 13:43:00,61.086,13.269,25.285,0.250,0,1560956,704980,175980,5475180,13923.527,10124.199,0,524.736,0,51.072,5400,5310,2.390,1.370,0.710,3,0,158.222,0,0,11,32,0,53,0
19-06 13:43:01,53.778,8.465,36.599,0,0,1620896,644976,175980,5475240,16132.510,11910.909,0,215.113,0,15.934,4177,4531,2.390,1.370,0.710,4,0,27.885,0,0,11,34,0,53,0
19-06 13:43:02,52.903,11.533,34.851,0,0,1592348,673344,175984,5475412,23929.008,20082.916,0,172.497,0,10.029,5851,6927,2.390,1.370,0.710,3,0,96.278,0,0,11,33,0,55,0
19-06 13:43:03,56.428,13.483,29.462,0,0,1619536,646128,175984,5475440,12621.836,9015.454,0,195.749,0,9.987,4678,3684,2.440,1.390,0.730,3,0,85.890,0,0,11,33,0,56,0
19-06 13:43:04,50.875,10.025,39.096,0,0,1603684,661780,175988,5475632,20689.687,16861.308,0,5288.957,0,201.494,5743,6113,2.440,1.390,0.730,2,0,69.169,0,0,11,34,0,57,0
19-06 13:43:05,32.504,7.501,58.006,0.250,0.250,1502556,762836,176000,5475684,18208.975,13587.473,0,408.044,0,36.004,6253,7870,2.440,1.390,0.730,2,0,84.009,0,0,11,32,0,57,0
19-06 13:43:06,41.495,9.749,48.244,0,0,1528184,737208,176000,5475684,5476.296,1619.792,0,139.982,0,8.999,3282,1838,2.440,1.390,0.730,2,0,68.991,0,0,11,32,0,57,0
19-06 13:43:07,35.444,4.493,59.657,0,0,1569592,695768,176004,5475708,19611.276,15433.821,0,179.718,0,10.983,4260,4249,2.440,1.390,0.730,1,0,0,0,0,11,33,0,58,0
19-06 13:43:08,40.987,14.245,43.486,0.250,0,1506832,758328,176012,5475900,9835.846,5137.353,0,791.746,0,47.985,5449,14272,2.410,1.400,0.730,2,0,173.944,0,0,11,32,0,60,0
19-06 13:43:09,37.729,5.997,55.469,0,0,1585436,679704,176016,5475912,12455.007,7252.927,0,155.912,0,11.993,2805,2111,2.410,1.400,0.730,3,0,0,0,0,11,33,0,58,0
19-06 13:43:10,34.762,8.253,55.769,0,0,1555044,710060,176024,5475940,14715.022,11659.979,0,184.063,0,20.007,4168,4757,2.410,1.400,0.730,2,0,60.020,0,0,11,33,0,59,0
19-06 13:43:11,38.275,6.254,55.036,0,0,1549920,715176,176024,5475948,12109.891,7844.111,0,212.138,0,21.014,3584,2856,2.410,1.400,0.730,2,0,5.003,0,0,11,33,0,60,0
19-06 13:43:12,37.966,4.995,55.200,0.250,0,1593760,671288,176044,5475976,16310.260,12864.374,0,1886.295,0,111.899,4862,5324,2.410,1.400,0.730,2,0,0,0,0,11,33,0,61,0
19-06 13:43:13,38.351,8.773,52.890,0.501,0,1530612,734404,176044,5476008,10520.796,7244.139,0,236.625,0,25.066,4314,4369,2.300,1.400,0.740,2,0,48.127,0,0,11,32,0,59,0
19-06 13:43:14,39.881,6.730,51.845,0,0,1572884,692124,176044,5476016,9677.137,6433.811,0,107.679,0,7.976,2905,1768,2.300,1.400,0.740,2,0,5.982,0,0,11,33,0,59,0
19-06 13:43:15,35.090,3.760,60.155,0,0,1579972,684864,176048,5476184,21069.245,17261.442,0,208.537,0,19.049,5751,7060,2.300,1.400,0.740,2,0,0,0,0,11,33,0,60,0
19-06 13:43:16,24.963,16.726,57.666,0,0,1391596,873152,176068,5476248,7186.487,3342.111,0,2216.757,0,155.772,5025,4261,2.300,1.400,0.740,3,0,284.584,0,0,11,32,0,61,0
19-06 13:43:17,18.271,2.753,78.091,0,0,1433696,831044,176072,5476252,10383.105,6659.764,0,432.504,0,62.072,2033,1726,2.300,1.400,0.740,1,0,0,0,0,11,33,0,56,0
19-06 13:43:18,18.465,2.495,77.601,0.499,0,1430012,834704,176080,5476276,10838.219,7217.162,0,231.556,0,20.960,2971,3579,2.110,1.370,0.730,2,0,0,0,0,11,32,0,57,0
19-06 13:43:19,10.505,19.258,69.280,0,0,1392228,872480,176080,5476284,5642.467,1662.727,0,140.061,0,14.006,4610,2971,2.110,1.370,0.730,1,0,284.124,0,0,11,32,0,57,0
19-06 13:43:20,20.743,4.998,73.226,0,0,1409860,854840,176084,5476284,5250.312,1511.514,0,155.950,0,7.997,1777,1198,2.110,1.370,0.730,2,0,0,0,0,11,32,0,57,0
19-06 13:43:21,17.509,3.502,78.290,0,0,1420124,844556,176084,5476304,13955.070,9947.040,0,416.211,0,27.014,3028,3304,2.110,1.370,0.730,2,0,0,0,0,11,33,0,55,0
19-06 13:43:22,19.246,6.748,72.734,0.250,0,1398032,866632,176092,5476312,7686.290,4183.069,0,63.986,0,7.998,2957,2495,2.110,1.370,0.730,1,0,45.990,0,0,11,32,0,56,0
19-06 13:43:23,18.759,3.252,77.037,0.250,0,1423932,840720,176092,5476324,6943.318,6589.149,0,148.071,0,13.006,2092,1964,2.020,1.370,0.730,0,0,0,0,0,11,33,0,56,0
19-06 13:43:24,19.511,3.502,76.795,0,0,1420900,843596,176092,5476480,15298.001,8659.095,0,108.064,0,8.005,3934,4643,2.020,1.370,0.730,1,0,0,0,0,11,33,0,56,0
19-06 13:43:25,15.505,12.755,70.275,0,0,1380044,884356,176104,5476560,6856.431,3687.307,0,212.075,0,20.007,4301,3642,2.020,1.370,0.730,1,0,166.059,0,0,11,32,0,52,0
19-06 13:43:26,6.999,24.498,66.495,0.250,0,1375056,889256,176112,5476636,5074.634,1457.895,0,163.988,0,9.999,5307,3564,2.020,1.370,0.730,3,0,339.975,0,0,11,32,0,52,0
19-06 13:43:27,38.683,12.478,47.916,0,0.250,1474328,789756,176140,5476832,4671.856,1617.181,0,231.596,0,15.972,3711,2539,2.020,1.370,0.730,2,0,120.789,0,0,11,32,0,54,0
19-06 13:43:28,40.501,8.000,47.501,3.750,0,1555400,705404,176472,5479444,5086.105,1566.032,0,8516.176,0,747.015,6334,8783,2.100,1.390,0.740,2,1,44.001,0,0,11,36,0,54,0
19-06 13:43:29,35.909,9.227,38.652,14.463,0,1530596,723920,177596,5484184,4889.564,1508.164,0,48708.120,0,4150.444,16444,31902,2.100,1.390,0.740,3,1,99.746,0,0,11,36,0,49,0
19-06 13:43:30,38.310,6.510,42.566,9.014,0,1593576,659940,177916,5484816,4973.755,1568.446,0,23300.331,0,2381.714,11192,20000,2.100,1.390,0.740,2,0,27.042,0,0,11,36,0,49,0
19-06 13:43:31,45.070,7.011,46.322,1.502,0,1548192,705288,177952,5484816,4856.576,1514.362,0,14630.823,0,846.320,4326,5360,2.100,1.390,0.740,3,0,7.011,0,0,11,32,0,49,0
19-06 13:43:32,39.825,7.765,44.834,5.260,0,1569724,683364,178060,5485064,4929.222,1623.036,0,8195.332,0,1292.418,9697,15397,2.100,1.390,0.740,2,1,2.004,0,0,11,34,0,49,0
19-06 13:43:33,37.003,11.001,44.503,6.500,0,1583732,668912,178236,5485332,4518.329,1458.106,0,14457.052,0,1638.119,10551,16765,2.090,1.400,0.750,2,0,86.006,0,0,11,32,0,47,0
19-06 13:43:34,22.183,5.234,71.535,0.499,0,1476564,776048,178248,5485348,4845.469,1615.156,0,1986.044,0,107.677,2218,1851,2.090,1.400,0.750,4,0,16.949,0,0,11,32,0,47,0
19-06 13:43:35,23.767,3.002,72.303,0.250,0,1525448,727148,178260,5485348,4253.094,1703.239,0,1196.871,0,53.039,1978,1581,2.090,1.400,0.750,5,0,0,0,0,11,32,0,47,0
19-06 13:43:36,23.288,3.005,72.368,0.751,0,1497428,755060,178344,5485372,4736.694,1514.460,0,6610.737,0,341.555,2414,2703,2.090,1.400,0.750,1,0,2.003,0,0,11,32,0,47,0
19-06 13:43:37,22.458,2.994,73.361,0,0,1495268,757220,178344,5485372,4830.861,1616.941,0,55.894,0,3.992,1833,1267,2.090,1.400,0.750,1,0,1.996,0,0,11,32,0,44,0
19-06 13:43:38,23.046,3.257,73.147,0,0,1464136,788336,178344,5485384,4749.575,1623.273,0,0,0,0,1770,1157,2,1.400,0.750,3,0,1.002,0,0,11,32,0,44,0
19-06 13:43:39,22.205,3.992,73.600,0,0,1458300,794172,178344,5485384,5029.745,1616.704,0,0,0,0,1816,1218,2,1.400,0.750,1,0,1.996,0,0,11,32,0,44,0
19-06 13:43:40,23.762,2.001,73.288,0,0,1484940,767424,178344,5485460,4520.346,1458.757,0,0,0,0,1692,1035,2,1.400,0.750,2,0,0,0,0,11,32,0,44,0
19-06 13:43:41,21.486,4.997,72.701,0,0,1493724,758604,178344,5485496,5191.502,1457.018,0,3.997,0,0.999,1895,1226,2,1.400,0.750,1,0,2.998,0,0,11,32,0,41,0
19-06 13:43:42,22.998,3.500,73.745,0.250,0,1540096,712220,178344,5485504,4637.691,1457.903,0,247.983,0,10.999,1847,1415,2,1.400,0.750,1,0,0,0,0,11,32,0,41,0
19-06 13:43:43,22.299,3.007,73.412,0,0,1497740,754460,178356,5485608,4948.919,1461.224,0,404.893,0,26.057,1792,1257,1.920,1.390,0.750,1,0,1.002,0,0,11,32,0,41,0
19-06 13:43:44,21.948,3.991,73.575,0,0,1531748,720440,178356,5485620,4686.867,1454.545,0,79.810,0,3.991,1756,1269,1.920,1.390,0.750,1,0,0.998,0,0,11,32,0,41,0
19-06 13:43:45,22.255,3.251,73.517,0,0,1545336,706852,178356,5485620,4459.016,1458.332,0,0,0,0,1793,1243,1.920,1.390,0.750,1,0,2.000,0,0,11,32,0,41,0
19-06 13:43:46,23.748,2.750,73.744,0,0,1525580,726584,178360,5485640,4954.624,1457.889,0,287.978,0,55.996,1822,1117,1.920,1.390,0.750,1,0,2.000,0,0,11,32,0,37,0
19-06 13:43:47,22.270,3.753,73.317,0,0,1532648,719516,178368,5485632,4041.667,1459.324,0,4.004,0,1.001,1709,1220,1.920,1.390,0.750,2,0,0,0,0,11,32,0,37,0
19-06 13:43:48,21.508,4.001,73.777,0,0,1492300,759816,178368,5485680,5059.825,1458.526,0,32.012,0,5.002,1739,1154,1.850,1.380,0.760,3,0,1.000,0,0,11,32,0,37,0
19-06 13:43:49,21.523,4.505,74.080,0,0,1522864,729248,178372,5485680,6264.735,1459.569,0,128.138,0,2.002,1751,1042,1.850,1.380,0.760,2,0,2.002,0,0,11,32,0,37,0
19-06 13:43:50,17.257,8.754,72.779,0,0,1479220,772732,178380,5485828,5892.369,1620.652,0,0,0,0,3032,1997,1.850,1.380,0.760,2,0,109.044,0,0,11,32,0,33,0
19-06 13:43:51,7.751,23.002,67.756,0,0,1448812,803108,178380,5485848,4517.389,1620.139,0,652.056,0,34.003,5339,3634,1.850,1.380,0.760,1,0,334.029,0,0,11,32,0,33,0
19-06 13:43:52,7.749,20.747,68.490,0,0,1432964,818900,178396,5485880,4531.358,1511.786,0,635.910,0,18.997,5338,3959,1.850,1.380,0.760,2,0,291.959,0,0,11,32,0,33,0
19-06 13:43:53,7.741,22.724,67.673,0.250,0,1402884,848956,178400,5485896,4480.875,1564.211,0,2728.879,0,229.737,5341,3746,1.780,1.380,0.760,1,0,309.646,0,0,11,32,0,33,0
19-06 13:43:54,8.001,20.752,69.506,0,0,1400256,851552,178400,5485924,5100.423,1620.134,0,0,0,0,5191,3593,1.780,1.380,0.760,2,0,307.025,0,0,11,32,0,31,0
19-06 13:43:55,21.000,4.750,73.000,0,0,1435248,816560,178400,5485924,4680.003,1620.001,0,0,0,0,2073,1493,1.780,1.380,0.760,3,0,17.000,0,0,11,32,0,31,0
19-06 13:43:56,22.478,3.497,73.677,0,0,1467096,784712,178400,5485924,5291.764,1618.399,0,15.984,0,0.999,1886,1221,1.780,1.380,0.760,3,0,2.997,0,0,11,32,0,31,0
19-06 13:43:57,22.003,4.001,73.261,0,0,1426104,825704,178400,5485924,4740.714,1620.244,0,0,0,0,1866,1341,1.780,1.380,0.760,4,0,1.000,0,0,11,32,0,31,0
19-06 13:43:58,22.508,3.501,73.275,0,0,1464656,787152,178400,5485924,5221.804,1620.560,0,864.299,0,7.002,1845,1182,1.720,1.370,0.760,2,0,2.001,0,0,11,32,0,24,0
19-06 13:43:59,23.525,3.003,73.579,0,0,1479372,772448,178400,5485912,4883.272,1459.576,0,4.004,0,1.001,1808,1229,1.720,1.370,0.760,1,0,1.001,0,0,11,32,0,24,0
19-06 13:44:00,22.223,3.995,73.410,0,0.250,1535064,716756,178400,5485912,5153.675,1618.014,0,7.990,0,0.999,1825,1159,1.720,1.370,0.760,3,0,1.998,0,0,11,32,0,24,0
19-06 13:44:01,23.231,2.498,73.441,0,0,1477920,773904,178400,5485904,4589.316,755.394,0,11.990,0,0.999,1732,1093,1.720,1.370,0.760,3,0,0.999,0,0,11,32,0,24,0
19-06 13:44:02,21.490,4.248,73.216,0.250,0,1503872,747948,178404,5485912,4339.986,1241.424,0,167.922,0,12.994,1933,1520,1.720,1.370,0.760,2,0,1.999,0,0,11,32,0,18,0
19-06 13:44:03,23.783,2.503,73.350,0,0,1486656,765160,178404,5485912,5287.232,1622.219,0,1626.224,0,29.040,1775,1191,1.660,1.360,0.760,2,0,1.001,0,0,11,32,0,18,0
19-06 13:44:04,22.285,3.506,73.366,0,0,1472740,779064,178404,5485924,5126.124,1460.314,0,0,0,0,1763,1256,1.660,1.360,0.760,1,0,2.003,0,0,11,32,0,18,0
19-06 13:44:05,22.741,2.749,73.722,0,0,1467184,784608,178404,5485936,5277.995,1619.385,0,15.994,0,1.999,1750,1076,1.660,1.360,0.760,1,0,1.000,0,0,11,32,0,18,0
19-06 13:44:06,22.447,4.489,73.327,0,0,1506524,745296,178404,5485908,4300.842,634.501,0,11.972,0,0.998,1845,1317,1.660,1.360,0.760,1,0,0.998,0,0,11,32,0,13,0
19-06 13:44:07,22.505,3.251,73.267,0,0,1532140,719652,178404,5485936,5525.311,1404.333,0,500.119,0,93.022,1845,1143,1.660,1.360,0.760,1,0,2.000,0,0,11,32,0,13,0
19-06 13:44:08,27.318,6.516,66.164,0,0,1469632,782160,178404,5485936,6612.434,1569.902,0,212.528,0,4.010,2938,11221,1.610,1.360,0.760,1,0,37.092,0,0,11,32,0,14,0
19-06 13:44:09,22.440,3.491,73.802,0,0,1467512,784368,178404,5485848,7230.622,1346.392,0,0,0,0,1817,1137,1.610,1.360,0.760,1,0,1.995,0,0,11,32,0,14,0
19-06 13:44:10,23.274,2.503,73.827,0,0,1413048,838756,178404,5485924,3805.962,1243.294,0,88.092,0,1.001,1727,1107,1.610,1.360,0.760,1,0,1.001,0,0,11,32,0,10,0
19-06 13:44:11,22.768,3.503,73.310,0,0,1461420,790372,178404,5485936,4686.806,1567.273,0,16.013,0,2.002,1781,1204,1.610,1.360,0.760,3,0,1.001,0,0,11,32,0,10,0
19-06 13:44:12,21.756,3.751,73.270,0.250,0,1510724,741076,178408,5485924,4681.255,1620.434,0,120.032,0,9.002,1879,1507,1.610,1.360,0.760,2,0,2.001,0,0,11,32,0,10,0
19-06 13:44:13,23.479,2.748,73.433,0,0,1504904,746872,178412,5485944,4555.869,1618.532,0,527.522,0,33.969,1815,1340,1.560,1.350,0.760,2,0,0.999,0,0,11,32,0,10,0
19-06 13:44:14,22.763,5.003,72.042,0.250,0,1502892,748848,178432,5485944,4788.790,1566.913,0,1112.648,0,58.034,2017,1538,1.560,1.350,0.760,1,0,6.003,0,0,11,32,0,7,0
19-06 13:44:15,22.244,3.749,72.980,0.500,0,1466708,785040,178436,5485932,4886.682,1295.651,0,2579.304,0,119.968,1933,1615,1.560,1.350,0.760,2,0,1.000,0,0,11,32,0,7,0
19-06 13:44:16,22.247,3.499,73.489,0,0,1506772,744972,178436,5485936,5058.212,1295.798,0,0,0,0,1795,1180,1.560,1.350,0.760,3,0,3.000,0,0,11,32,0,7,0
19-06 13:44:17,16.271,11.765,71.092,0,0,1457008,794684,178436,5485988,4357.654,1513.964,0,92.120,0,6.008,3421,2213,1.560,1.350,0.760,1,0,160.208,0,0,11,32,0,7,0
19-06 13:44:18,8.731,21.703,68.104,0,0,1448044,803632,178436,5486004,4586.162,1293.226,0,195.580,0,7.983,5041,3359,1.510,1.350,0.760,1,0,299.358,0,0,11,32,0,5,0
19-06 13:44:19,21.724,4.245,73.163,0,0,1476520,775156,178436,5486004,4472.704,1336.418,0,0,0,0,1726,1181,1.510,1.350,0.760,1,0,0,0,0,11,32,0,5,0
19-06 13:44:20,23.804,2.506,73.668,0,0,1464932,786436,178440,5486260,4963.293,1515.448,0,92.210,0,2.005,1809,987,1.510,1.350,0.760,2,0,9.021,0,0,11,32,0,5,0
19-06 13:44:21,20.956,4.491,73.347,0,0,1498060,753308,178440,5486260,4912.743,1562.737,0,0,0,0,1749,1215,1.510,1.350,0.760,1,0,0,0,0,11,32,0,5,0
19-06 13:44:22,21.571,8.277,70.230,0,0,1477584,773708,178444,5486328,3531.585,1083.555,40.132,180.592,2.007,9.030,2819,2171,1.510,1.350,0.760,2,0,135.444,0,0,11,32,0,3,0
19-06 13:44:23,7.742,20.978,68.677,0.250,0,1466780,784416,178444,5486420,4139.595,1402.508,0,711.243,0,76.918,5232,3635,1.470,1.340,0.770,1,0,300.680,0,0,11,32,0,3,0
19-06 13:44:24,7.746,21.740,68.469,0,0,1472932,778244,178444,5486440,4364.025,1565.292,0,83.962,0,2.999,5185,3553,1.470,1.340,0.770,1,0,315.857,0,0,11,32,0,3,0
19-06 13:44:25,8.756,22.265,67.546,0,0,1440120,811040,178444,5486452,4775.227,1513.022,0,204.138,0,3.002,5190,3545,1.470,1.340,0.770,1,0,325.220,0,0,11,32,0,3,0
19-06 13:44:26,8.002,23.257,67.519,0,0,1422096,829036,178444,5486476,4924.389,1566.442,0,92.026,0,2.001,5128,3447,1.470,1.340,0.770,1,0,307.087,0,0,11,32,0,3,0
19-06 13:44:27,7.754,21.762,68.036,0,0,1417584,833528,178444,5486492,5342.851,1620.865,0,704.376,0,8.004,5274,3482,1.470,1.340,0.770,1,0,320.171,0,0,11,32,0,3,0
19-06 13:44:28,8.246,21.990,68.220,0,0.250,1410392,840704,178444,5486508,5227.704,1619.289,0,887.610,0,10.995,5289,3528,1.430,1.330,0.770,3,0,331.854,0,0,11,32,0,3,0
19-06 13:44:29,8.748,22.744,68.231,0,0,1412812,838268,178444,5486524,5158.534,1619.540,0,1163.669,0,76.978,5417,3620,1.430,1.330,0.770,1,0,340.903,0,0,11,32,0,3,0
19-06 13:44:30,8.000,20.999,68.997,0,0,1415820,835232,178444,5486544,4319.804,1619.927,0,555.975,0,7.000,5337,3646,1.430,1.330,0.770,1,0,327.985,0,0,11,32,0,3,0
19-06 13:44:31,7.252,22.006,68.769,0,0,1409416,841616,178444,5486564,4836.319,1458.398,0,112.031,0,4.001,5031,3305,1.430,1.330,0.770,2,0,281.077,0,0,11,32,0,1,0
19-06 13:44:32,7.742,21.477,69.426,0,0,1404088,846924,178444,5486584,4615.060,1618.268,0,139.850,0,4.995,5117,3448,1.430,1.330,0.770,1,0,287.692,0,0,11,32,0,1,0
19-06 13:44:33,8.253,22.009,66.778,0,0,1389952,861060,178444,5486604,4844.054,1512.641,0,304.129,0,10.004,5315,3647,1.480,1.350,0.770,2,0,321.136,0,0,11,32,0,1,0
19-06 13:44:34,8.492,22.478,67.684,0,0,1364792,886196,178444,5486628,4841.303,1564.482,0,503.511,0,106.896,5553,3817,1.480,1.350,0.770,1,0,374.636,0,0,11,32,0,1,0
19-06 13:44:35,9.754,20.509,68.530,0,0,1315648,935312,178452,5486648,4075.813,1134.505,0,12.005,0,3.001,5337,3825,1.480,1.350,0.770,2,0,326.145,0,0,11,32,0,1,0
19-06 13:44:36,29.526,32.028,37.032,0,0,1387396,863500,178460,5486700,5369.662,1499.302,0,676.587,0,46.040,6975,6179,1.480,1.350,0.770,5,0,717.623,0,0,11,34,0,5,0
19-06 13:44:37,63.073,13.766,23.277,0.250,0,1566180,683856,178468,5487552,5248.104,1513.760,0,596.694,0,39.045,3975,2315,1.480,1.350,0.770,3,0,54.063,0,0,11,32,0,7,0
19-06 13:44:38,50.491,10.748,28.745,8.249,0,1637224,603320,178952,5495520,5565.006,1565.720,371.934,23083.875,2.999,1704.695,10867,17241,1.680,1.390,0.790,5,0,72.987,0,0,11,38,0,7,0
19-06 13:44:39,38.125,12.210,33.640,14.702,0,1653920,576040,179768,5504808,4317.897,968.836,0,65362.512,0,4888.035,18543,36808,1.680,1.390,0.790,4,0,159.479,0,0,11,36,0,8,0
19-06 13:44:40,39.365,11.032,33.097,14.292,0,1700576,519116,180092,5514384,7461.852,3982.663,0,79605.124,0,5759.868,18930,39425,1.680,1.390,0.790,4,1,54.159,0,0,11,37,0,8,0
19-06 13:44:41,43.509,8.502,31.756,13.753,0,1663588,549272,180420,5520628,12676.507,8440.669,0,62612.383,0,4877.965,18621,35425,1.680,1.390,0.790,2,1,72.014,0,0,11,34,0,9,0
19-06 13:44:42,37.679,26.949,23.955,9.732,0,1624800,580076,180796,5528252,5176.233,1616.949,295.443,50285.113,3.992,3462.466,17379,32027,1.680,1.390,0.790,3,0,415.216,0,0,11,34,0,9,0
19-06 13:44:43,39.769,16.758,29.264,11.756,0,1619636,579112,181180,5533352,10200.969,7282.547,1604.782,53459.039,28.014,4030.963,17272,33178,1.870,1.430,0.810,1,1,215.105,0,0,11,35,0,9,0
19-06 13:44:44,31.030,6.756,46.795,12.262,0,1613912,581492,181312,5536484,18082.319,14815.190,0,51008.856,0,3974.807,18279,35090,1.870,1.430,0.810,1,0,51.049,0,0,11,35,0,9,0
19-06 13:44:45,34.005,8.251,40.756,14.002,0,1578612,615112,181372,5538016,5661.827,2321.339,0,44574.509,0,4007.585,15385,29703,1.870,1.430,0.810,5,1,66.010,0,0,11,34,0,9,0
19-06 13:44:46,33.971,6.744,43.463,13.488,0,1620672,572276,181600,5538556,10379.139,6646.326,0,43606.773,0,3714.829,14892,28609,1.870,1.430,0.810,3,0,30.974,0,0,11,35,0,9,0
19-06 13:44:47,30.777,7.507,46.291,12.761,0,1608496,583460,181800,5539308,16079.085,12644.076,0,50656.374,0,4361.821,19209,37750,1.870,1.430,0.810,1,0,33.029,0,0,11,35,0,9,0
19-06 13:44:48,36.161,8.728,44.889,7.482,0,1541512,648580,181900,5541036,10653.754,5711.928,0,34526.942,0,2903.846,13650,25140,2.040,1.480,0.830,3,0,100.752,0,0,11,34,0,10,0
19-06 13:44:49,39.616,8.525,38.614,11.283,0.251,1599924,586972,181980,5544056,5837.161,1624.777,0,49886.666,0,4216.396,15096,32015,2.040,1.480,0.830,3,1,66.195,0,0,11,36,0,10,0
19-06 13:44:50,29.978,6.995,47.964,12.741,0,1595792,587756,182032,5547240,16278.873,12442.731,0,59467.701,0,4773.444,18876,36493,2.040,1.480,0.830,3,0,47.964,0,0,11,37,0,10,0
19-06 13:44:51,30.465,6.992,46.947,12.985,0,1593176,587604,182172,5549788,14459.561,10049.575,0,55512.887,0,4425.968,18548,36341,2.040,1.480,0.830,1,1,56.935,0,0,11,36,0,10,0
19-06 13:44:52,36.310,9.265,39.816,13.272,0,1561960,616000,182284,5552436,4447.335,1622.676,0,50615.476,0,4128.809,17442,32606,2.040,1.480,0.830,2,1,120.198,0,0,11,36,0,10,0
19-06 13:44:53,31.986,8.246,45.980,11.495,0,1582984,594088,182324,5553216,12722.492,9700.800,0,49342.638,0,4184.189,17781,34064,2.040,1.480,0.830,2,0,32.986,0,0,11,37,0,10,0
19-06 13:44:54,30.212,6.492,47.690,11.735,0,1581780,599312,182344,5549204,15820.133,12188.693,0,59305.523,0,4611.209,19543,38669,2.040,1.480,0.830,4,0,14.981,0,0,11,37,0,10,0
19-06 13:44:55,36.522,8.255,42.776,10.256,0,1527044,652400,182380,5550812,4918.951,2267.360,0,31951.170,0,2842.706,12364,21706,2.040,1.480,0.830,7,0,82.049,0,0,11,34,0,12,0
19-06 13:44:56,26.958,10.234,61.903,0.250,0,1445476,733920,182384,5550856,9505.090,6533.751,0,4021.692,0,306.519,4215,3704,2.040,1.480,0.830,1,0,212.666,0,0,11,33,0,12,0
19-06 13:44:57,19.252,5.000,74.256,0.250,0.250,1417756,761380,182384,5551116,8112.651,4826.388,0,524.042,0,28.002,3345,3356,2.040,1.480,0.830,1,0,34.003,0,0,11,32,0,13,0
19-06 13:44:58,22.770,3.753,73.565,0.250,0,1493068,686064,182384,5551120,4582.059,1459.293,0,512.454,0,37.033,1985,1556,1.950,1.480,0.830,1,0,0,0,0,11,32,0,13,0
19-06 13:44:59,16.994,2.249,79.473,0.500,0,1486504,692532,182384,5551216,11083.198,8057.236,0,2259.225,0,137.953,2683,3030,1.950,1.480,0.830,1,0,0,0,0,11,32,0,14,0
19-06 13:45:00,19.228,6.742,72.918,0,0,1509524,669508,182384,5551220,4003.478,1240.599,0,0,0,0,2502,1683,1.950,1.480,0.830,2,0,59.932,0,0,11,32,0,14,0
19-06 13:45:01,18.525,2.503,78.354,0,0,1527440,651588,182384,5551224,10360.711,6802.002,0,40.053,0,4.005,2012,1618,1.950,1.480,0.830,2,0,0,0,0,11,33,0,14,0
19-06 13:45:02,18.985,5.496,73.942,0.500,0,1498192,680664,182388,5551384,10146.106,6399.021,0,4512.489,0,229.821,4338,5036,1.950,1.480,0.830,1,0,45.964,0,0,11,32,0,15,0
19-06 13:45:03,22.263,3.502,72.791,0.250,0,1511456,667400,182388,5551384,4984.838,1620.923,0,576.328,0,38.022,2025,1577,1.880,1.470,0.840,1,0,0,0,0,11,32,0,15,0
19-06 13:45:04,17.778,3.005,78.622,0,0,1519744,659096,182388,5551400,14159.915,11159.271,0,725.122,0,63.098,3134,3518,1.880,1.470,0.840,0,0,0,0,0,11,33,0,15,0
19-06 13:45:05,13.478,11.481,73.378,0.250,0,1472412,706372,182388,5551456,6895.498,2983.024,0,595.007,0,36.938,3911,3238,1.880,1.470,0.840,1,0,153.744,0,0,11,32,0,16,0
19-06 13:45:06,8.247,22.491,66.974,0,0,1456072,722588,182388,5551580,5041.078,1565.403,0,447.829,0,18.993,5539,3895,1.880,1.470,0.840,2,0,363.861,0,0,11,32,0,16,0
19-06 13:45:07,44.576,21.787,32.055,0.751,0,1492928,685528,182400,5551772,5876.068,1568.688,0,2704.634,0,162.278,5731,4533,1.880,1.470,0.840,3,0,281.482,0,0,11,32,0,22,0
19-06 13:45:08,67.025,14.255,18.507,0,0,1675404,501320,182456,5553236,6490.422,1188.444,0,720.269,0,15.006,4417,12913,2.050,1.510,0.850,3,0,38.014,0,0,11,32,0,23,0
19-06 13:45:09,65.176,10.238,24.722,0,0,1824464,347908,182608,5557064,6103.050,1348.464,3.995,5353.903,0.999,159.818,4144,1859,2.050,1.510,0.850,3,0,5.993,0,0,11,32,0,23,0
19-06 13:45:10,39.318,8.014,39.318,11.019,0,1827028,334048,182744,5567728,5034.730,1568.720,0,57187.165,0,4137.174,18133,33179,2.050,1.510,0.850,7,1,183.318,0,0,11,38,0,23,0
19-06 13:45:11,30.995,10.248,41.493,12.998,0,1824052,325480,182828,5578828,4760.223,1403.771,0,96916.189,0,7262.815,27810,56224,2.050,1.510,0.850,2,1,239.961,0,0,11,38,0,23,0
19-06 13:45:12,36.005,9.001,38.505,13.502,0,1824548,316156,182908,5587264,3908.534,1188.162,0,91564.500,0,7098.969,24621,49109,2.050,1.510,0.850,7,0,174.024,0,0,11,38,0,22,0
19-06 13:45:13,39.463,13.487,32.969,10.990,0,1770636,359500,182984,5597384,4633.635,1456.628,0,86414.603,0,6058.293,22567,43534,2.360,1.590,0.880,3,0,221.791,0,0,11,36,0,22,0
19-06 13:45:14,45.287,10.509,30.275,11.509,0,1807736,309884,183024,5609372,5104.203,1621.335,0,90978.923,0,6040.975,20102,40658,2.360,1.590,0.880,6,0,7.006,0,0,11,36,0,22,0
19-06 13:45:15,42.239,9.997,32.491,11.997,0,1842800,268808,183056,5615116,4456.792,1457.605,0,90975.335,0,6549.224,22517,45953,2.360,1.590,0.880,3,1,91.975,0,0,11,38,0,22,0
19-06 13:45:16,43.740,10.997,37.491,5.999,0,1650084,459524,183064,5617052,4593.900,1457.651,0,43729.525,0,3260.219,13350,24012,2.360,1.590,0.880,2,0,184.956,0,0,11,32,0,22,0
19-06 13:45:17,19.715,13.227,64.387,1.747,0,1543420,566168,183068,5617064,5091.047,1617.156,0,18076.213,0,981.274,5313,6920,2.360,1.590,0.880,1,0,193.659,0,0,11,32,0,22,0
19-06 13:45:18,22.271,4.254,72.817,0.250,0,1553072,556512,183068,5617068,5062.671,1459.346,0,1257.160,0,65.060,1959,1567,2.250,1.580,0.880,2,0,1.001,0,0,11,32,0,22,0
19-06 13:45:19,24.009,3.001,72.027,0.750,0,1576736,532840,183068,5617076,5522.080,1704.642,0,4785.802,0,268.101,2723,2904,2.250,1.580,0.880,2,0,2.001,0,0,11,38,0,22,0
19-06 13:45:20,21.974,4.245,72.915,0,0,1471644,637928,183068,5617080,5094.069,1618.116,0,79.907,0,6.992,2304,1473,2.250,1.580,0.880,1,0,26.969,0,0,11,32,0,22,0
19-06 13:45:21,21.740,4.248,73.717,0,0,1500536,609036,183068,5617080,5054.737,1619.275,0,43.980,0,3.998,1879,1301,2.250,1.580,0.880,1,0,1.000,0,0,11,32,0,22,0
19-06 13:45:22,23.511,2.501,73.035,0,0,1540092,569476,183068,5617084,5162.483,1620.780,0,108.052,0,15.007,2036,1517,2.250,1.580,0.880,1,0,2.001,0,0,11,34,0,22,0
19-06 13:45:23,16.526,18.779,63.599,0.250,0,1472512,637048,183068,5617096,5065.862,1460.266,0,464.721,0,34.053,4303,3246,2.150,1.570,0.880,2,0,342.532,0,0,11,32,0,22,0
19-06 13:45:24,12.001,39.754,46.254,0,0,1457804,651692,183068,5617160,4980.456,1620.148,0,176.016,0,19.002,7315,6393,2.150,1.570,0.880,1,0,896.082,0,0,11,32,0,22,0
19-06 13:45:25,7.744,22.981,68.194,0,0,1456220,653268,183068,5617168,4574.262,1456.810,0,247.798,0,16.986,5051,3209,2.150,1.570,0.880,1,0,309.747,0,0,11,32,0,22,0
19-06 13:45:26,8.478,21.196,68.075,0,0,1455416,654004,183068,5617232,3476.062,646.338,0,23.938,0,5.985,5136,3372,2.150,1.570,0.880,1,0,296.238,0,0,11,32,0,22,0
19-06 13:45:27,8.283,20.582,69.277,0,0,1427328,682060,183068,5617260,4415.674,1463.859,0,550.202,0,112.450,5007,3374,2.150,1.570,0.880,2,0,273.093,0,0,11,32,0,22,0
19-06 13:45:28,8.990,21.475,67.921,0,0,1402636,706728,183068,5617284,4586.654,1510.240,0,27.967,0,6.992,5293,3550,2.220,1.590,0.890,3,0,277.676,0,0,11,32,0,22,0
19-06 13:45:29,17.976,16.728,64.415,0,0,1413020,696264,183068,5617732,4599.930,1563.936,0,19.974,0,4.993,6208,7544,2.220,1.590,0.890,3,0,211.721,0,0,11,32,0,22,0
19-06 13:45:30,38.990,13.997,46.738,0,0,1480084,629068,183076,5617876,4590.866,1511.627,0,143.964,0,2.000,3960,2952,2.220,1.590,0.890,3,0,130.968,0,0,11,33,0,22,0
19-06 13:45:31,46.365,5.263,47.869,0,0,1567476,541652,183076,5617900,4949.281,1624.030,0,0,0,0,2864,1578,2.220,1.590,0.890,4,0,3.007,0,0,11,37,0,22,0
19-06 13:45:32,48.377,5.486,45.136,0,0,1626820,480512,183140,5619324,4995.331,1454.312,0,1576.003,0,132.664,4090,3390,2.220,1.590,0.890,2,0,15.960,0,0,11,49,0,22,0
19-06 13:45:33,20.996,16.247,60.737,0.250,0,1646940,457648,183148,5621960,4918.948,1619.654,0,355.924,0,14.997,7302,10376,2.040,1.560,0.890,1,0,181.961,0,0,11,48,0,23,0
19-06 13:45:34,15.782,18.287,64.380,0,0.251,1648512,455984,183148,5622420,5128.320,1460.940,0,0,0,0,6749,7801,2.040,1.560,0.890,8,0,267.538,0,0,11,48,0,23,0
19-06 13:45:35,7.492,5.494,86.904,0.250,0,1658344,446168,183148,5621984,4794.722,1618.219,0,1010.887,0,103.886,1982,2136,2.040,1.560,0.890,2,0,41.954,0,0,11,48,0,23,0
19-06 13:45:36,0.750,0.999,97.197,0.250,0,1658344,446168,183148,5621984,5068.217,1713.059,0,99.945,0,10.994,769,999,2.040,1.560,0.890,0,0,3.998,0,0,11,48,0,21,0
19-06 13:45:37,0.500,0.250,98.012,0,0.250,1658344,446168,183148,5621984,5380.650,1620.196,0,788.095,0,3.000,787,976,2.040,1.560,0.890,0,0,3.000,0,0,11,48,0,21,0
19-06 13:45:38,0.999,0.749,98.184,0.250,0,1658344,446168,183148,5621984,4976.660,1618.913,0,4149.215,0,321.784,835,956,1.880,1.540,0.880,1,0,0.999,0,0,11,48,0,21,0
19-06 13:45:39,4.507,5.508,88.130,0,0,1644200,460312,183148,5621972,5287.782,1622.388,0,0,0,0,2353,2108,1.880,1.540,0.880,1,0,86.127,0,0,11,48,0,21,0
19-06 13:45:40,18.491,17.742,62.471,0,0,1625876,478620,183148,5621988,4807.738,1619.238,0,2774.694,0,24.988,6004,8216,1.880,1.540,0.880,1,0,234.889,0,0,11,48,0,16,0
19-06 13:45:41,12.019,18.779,67.857,0,0,1673756,430688,183148,5622056,5185.140,1770.780,0,240.377,0,4.006,5273,4447,1.880,1.540,0.880,5,0,311.489,0,0,12,50,0,16,0
19-06 13:45:42,29.266,16.509,53.530,0,0,1659156,445188,183148,5622084,4876.744,1548.871,0,396.223,0,38.021,6284,8496,1.880,1.540,0.880,4,0,231.130,0,0,12,64,0,16,0
19-06 13:45:43,5.992,8.489,83.395,0,0.250,1668344,436016,183148,5622088,4374.512,1617.970,0,575.278,0,31.960,2947,3168,1.730,1.510,0.880,2,0,182.771,0,0,12,64,0,16,0
19-06 13:45:44,11.493,17.739,68.706,0,0,1690296,414040,183148,5622552,4335.248,1457.075,0,19.987,0,3.997,5305,5381,1.730,1.510,0.880,3,0,201.872,0,0,14,64,0,15,0
19-06 13:45:45,15.237,15.237,68.191,0,0,1678468,425708,183148,5622272,4735.920,1618.606,0,311.731,0,4.996,5328,6220,1.730,1.510,0.880,2,0,201.826,0,0,14,66,0,15,0
19-06 13:45:46,8.019,20.047,69.411,0,0,1693304,410852,183148,5622292,4725.995,1503.498,0,56.131,0,6.014,5124,3531,1.730,1.510,0.880,2,0,279.651,0,0,14,66,0,15,0
19-06 13:45:47,8.995,21.738,67.712,0,0,1658372,445604,183148,5622444,4797.319,1661.072,0,27.984,0,6.996,5174,3443,1.730,1.510,0.880,1,0,260.854,0,0,14,66,0,15,0
19-06 13:45:48,17.733,16.235,64.439,0.250,0,1676272,427692,183148,5622452,4873.375,1456.618,0,147.860,0,7.992,5889,7130,1.750,1.520,0.890,4,0,178.830,0,0,14,66,0,14,0
19-06 13:45:49,28.303,25.046,45.835,0,0,1755816,348120,183160,5622476,6177.461,1568.911,0,120.223,0,5.009,6054,4532,1.750,1.520,0.890,2,0,386.717,0,0,14,66,0,14,0
19-06 13:45:50,28.732,25.234,44.722,0,0,1800348,303344,183196,5622672,4948.880,1511.047,0,295.814,0,7.995,6155,4457,1.750,1.520,0.890,2,0,452.715,0,0,14,66,0,14,0
19-06 13:45:51,29.997,24.498,44.246,0,0,1876076,226180,183236,5623976,4474.549,1457.853,0,19.998,0,4.999,6464,7853,1.750,1.520,0.890,2,0,397.960,0,0,14,70,0,16,0
19-06 13:45:52,33.007,23.505,42.259,0,0,1889364,212824,183236,5624356,4801.056,1710.376,0,28.006,0,7.002,6328,6110,1.750,1.520,0.890,2,0,348.077,0,0,14,70,0,16,0
19-06 13:45:53,45.901,20.483,32.328,0,0,1950220,262252,175792,5523712,4815.184,1439.225,3.948,501.458,0.987,2.961,6041,6725,1.850,1.540,0.900,5,0,298.111,0,0,14,70,0,16,0
19-06 13:45:54,55.752,24.328,19.260,0,0,2078456,140736,175668,5517316,4987.255,1642.145,178.406,5344.067,5.068,349.716,6376,6397,1.850,1.540,0.900,2,0,418.646,0,0,14,70,0,16,0
19-06 13:45:55,66.009,25.254,7.751,0,0,2162616,171128,167576,5413740,4750.660,1620.225,516.072,8.001,27.004,2.000,5876,6763,1.850,1.540,0.900,5,0,415.058,0,0,14,70,0,16,0
19-06 13:45:56,71.689,24.479,3.247,0.250,0,2295804,186188,168192,5268672,5564.265,1510.715,723.384,771.344,77.934,31.973,7190,8487,1.850,1.540,0.900,4,0,365.689,0,0,14,74,0,16,0
19-06 13:45:57,69.774,25.509,3.501,1.501,0,2450028,159372,167820,5143704,4967.725,1608.558,484.168,9775.394,13.005,819.284,9493,12780,1.850,1.540,0.900,8,0,344.119,0,0,14,74,0,14,0
19-06 13:45:58,70.278,24.510,3.001,1.751,0,2563384,184012,167824,5009824,4921.968,1620.648,360.144,32064.818,19.008,2239.895,15414,27686,2.660,1.720,0.960,4,1,317.127,0,0,14,76,0,14,0
19-06 13:45:59,68.575,22.033,7.675,0.495,0,2668420,150368,167924,4939324,4396.751,1604.220,499.091,2428.116,9.903,145.568,7545,11606,2.660,1.720,0.960,6,0,245.584,0,0,14,82,0,19,0
19-06 13:46:00,72.355,24.872,3.015,0,0,2754244,131748,167932,4873376,4419.687,1465.190,40.197,1394.844,7.035,74.365,9138,15552,2.660,1.720,0.960,5,0,442.170,0,0,14,93,0,26,0
19-06 13:46:01,34.170,27.638,36.683,0,0.251,2829688,125256,168024,4806116,5385.874,1628.124,88.441,1193.957,5.025,59.296,8394,10198,2.660,1.720,0.960,2,0,422.106,0,0,14,89,0,27,0
19-06 13:46:02,50.751,17.250,31.001,0.250,0,2899500,122428,168028,4740864,4878.113,1548.036,3112.072,936.022,34.001,49.001,6961,9076,2.660,1.720,0.960,4,0,199.005,0,0,14,89,0,29,0
19-06 13:46:03,47.486,7.998,43.737,0.500,0,3027764,133104,168052,4605232,5696.371,1511.568,0,3706.940,0,184.947,3608,2926,2.610,1.720,0.960,2,0,3.999,0,0,14,94,0,30,0
19-06 13:46:04,14.251,18.501,65.753,0.250,0,3040712,119804,168052,4605572,5412.237,1566.069,8.000,3124.137,2.000,61.003,5364,4718,2.610,1.720,0.960,1,0,259.011,0,0,14,97,0,30,0
19-06 13:46:05,7.718,19.917,68.961,0.498,0,3029336,197012,168052,4540836,5062.794,1451.918,7.967,6058.622,1.992,308.707,5575,4696,2.610,1.720,0.960,1,0,256.924,0,0,14,97,0,28,0
19-06 13:46:06,9.279,20.314,69.218,0,0,3039348,186972,168052,4540864,5010.791,1516.780,0,2832.927,0,280.885,5340,3862,2.610,1.720,0.960,3,0,310.980,0,0,14,97,0,28,0
19-06 13:46:07,14.242,12.743,71.961,0,0,3090008,136288,168052,4540888,5622.962,1565.154,3.998,3390.169,0.999,5.997,3689,2633,2.610,1.720,0.960,1,0,163.911,0,0,14,97,0,28,0
19-06 13:46:08,24.006,6.251,68.516,0.500,0,3141300,152576,168056,4475060,11086.553,7226.664,60.014,56.013,5.001,1.000,3027,7257,2.400,1.690,0.960,1,0,36.008,0,0,14,98,0,29,0
19-06 13:46:09,22.004,4.001,73.513,0.250,0,3050196,243852,168056,4475184,23849.326,19422.523,8.001,9661.752,2.000,576.104,3018,2442,2.400,1.690,0.960,2,0,16.003,0,0,14,99,0,23,0
19-06 13:46:10,22.709,7.237,69.624,0,0,3122628,171412,168056,4475192,4012.764,1617.084,0,239.568,0,15.971,2493,1760,2.400,1.690,0.960,3,0,48.912,0,0,14,103,0,23,0
19-06 13:46:11,18.772,2.503,77.592,0.250,0,3142268,151756,168056,4475212,11413.535,7995.482,4.005,308.366,1.001,41.049,2662,2648,2.400,1.690,0.960,2,0,2.002,0,0,14,110,0,23,0
19-06 13:46:12,24.994,5.749,65.733,1.500,0,3144880,146996,168068,4477316,4558.820,1709.558,1599.586,1655.572,56.985,207.946,5109,7136,2.400,1.690,0.960,2,0,2.999,0,0,14,113,0,23,0
19-06 13:46:13,39.205,6.493,52.689,0.499,0,3148220,210320,168068,4412372,5646.489,2705.880,55.936,1198.618,3.995,104.879,5331,6780,2.530,1.730,0.970,1,0,8.990,0,0,14,116,0,25,0
19-06 13:46:14,20.760,9.004,68.782,0.500,0,3210176,148420,168068,4412468,4682.184,1620.756,0,1192.556,0,83.039,3267,2892,2.530,1.730,0.970,1,0,109.051,0,0,14,120,0,25,0
19-06 13:46:15,19.766,3.753,75.810,0,0,3236280,122224,168072,4412556,10512.371,7402.895,84.067,492.392,6.005,38.030,2359,2067,2.530,1.730,0.970,5,0,7.006,0,0,14,121,0,25,0
19-06 13:46:16,19.250,4.000,75.251,0.750,0,3241568,116932,168072,4412560,7803.060,4192.032,0,1472.011,0,79.001,3373,3898,2.530,1.730,0.970,1,0,1.000,0,0,14,121,0,25,0
19-06 13:46:17,33.571,10.522,53.613,0.501,0,3253720,169968,168076,4349052,6100.840,2819.935,8.017,1595.358,2.004,135.285,4907,5400,2.530,1.730,0.970,2,0,89.188,0,0,14,122,0,26,0
19-06 13:46:18,41.856,9.717,47.586,0.249,0,3355728,132744,168076,4285832,4741.682,1453.000,0,526.189,0,33.883,3170,1718,2.490,1.740,0.980,2,0,10.962,0,0,14,122,0,26,0
19-06 13:46:19,27.778,5.005,66.316,0,0,3319520,229212,168076,4226716,29212.238,25253.275,0,336.337,0,18.018,2641,1749,2.490,1.740,0.980,1,0,17.017,0,0,14,122,0,27,0
19-06 13:46:20,20.984,5.995,71.694,0.250,0,3381272,167452,168076,4226724,4962.132,1606.748,7.994,1530.807,1.998,87.931,2489,2098,2.490,1.740,0.980,3,0,37.970,0,0,14,122,0,27,0
19-06 13:46:21,18.005,2.251,78.773,0,0.250,3401308,147408,168076,4226732,28962.524,25283.441,0,96.028,0,10.003,2017,1559,2.490,1.740,0.980,1,0,0,0,0,14,122,0,28,0
19-06 13:46:22,20.521,7.007,72.323,0,0,3428132,120560,168076,4226756,4730.755,1567.576,0,264.266,0,1.001,2451,1724,2.490,1.740,0.980,1,0,51.051,0,0,14,122,0,28,0
19-06 13:46:23,27.418,5.234,65.555,0.249,0,3416236,178016,168076,4181912,9773.862,7154.671,11.964,307.085,2.991,25.923,5228,5212,2.290,1.710,0.970,1,0,7.976,0,0,14,125,0,29,0
19-06 13:46:24,16.813,8.532,72.773,0.753,0,3342580,251624,168076,4181960,6566.649,3493.112,0,975.662,0,104.392,3812,4096,2.290,1.710,0.970,2,0,73.275,0,0,14,124,0,30,0
19-06 13:46:25,21.455,4.491,72.849,0,0,3409056,185148,168076,4181960,4269.144,1454.982,0,311.354,0,19.959,1900,1381,2.290,1.710,0.970,3,0,8.981,0,0,14,124,0,30,0
19-06 13:46:26,18.525,2.253,78.357,0,0,3420460,173720,168076,4181968,28697.044,25154.224,0,216.294,0,10.014,2022,1556,2.290,1.710,0.970,2,0,1.001,0,0,14,124,0,31,0
19-06 13:46:27,19.715,7.736,71.374,0.250,0,3417420,176744,168076,4181984,4777.574,1563.243,0,714.739,0,47.915,2647,1985,2.290,1.710,0.970,2,0,54.903,0,0,14,124,0,31,0
19-06 13:46:28,17.033,3.006,79.404,0,0,3445516,148644,168076,4181988,10466.246,7909.300,4.008,444.861,1.002,12.023,1811,1468,2.180,1.700,0.980,2,0,0,0,0,14,125,0,31,0
19-06 13:46:29,25.212,3.994,67.147,1.498,0,3436928,156944,168076,4182276,6467.126,1994.954,0,1801.250,0,262.599,5635,8409,2.180,1.700,0.980,5,0,0.998,0,0,14,126,0,31,0
19-06 13:46:30,22.762,8.004,66.285,1.751,0,3406832,186996,168076,4182320,6039.207,2753.462,0,10113.371,0,768.408,5682,7806,2.180,1.700,0.980,3,0,53.028,0,0,14,125,0,33,0
19-06 13:46:31,19.300,2.506,77.449,0,0,3413976,179832,168076,4182340,7663.659,7259.622,0,324.833,0,19.049,1852,1453,2.180,1.700,0.980,0,0,0,0,0,14,126,0,33,0
19-06 13:46:32,18.949,3.241,76.793,0.249,0,3414204,179580,168076,4182364,13072.708,6122.471,0,570.460,0,48.868,2864,3126,2.180,1.700,0.980,2,0,0,0,0,14,126,0,33,0
19-06 13:46:33,29.415,5.733,62.070,0.748,0,3404308,189312,168076,4182528,4905.791,1615.322,0,1304.223,0,135.607,5850,7876,2.170,1.700,0.980,3,0,0.997,0,0,14,128,0,32,0
19-06 13:46:34,30.627,7.280,61.254,0.251,0,3370164,223336,168080,4182644,5639.384,2508.401,0,919.814,0,87.362,5535,7445,2.170,1.700,0.980,2,0,78.325,0,0,14,129,0,33,0
19-06 13:46:35,18.978,2.997,76.911,0.250,0,3411452,182048,168080,4182644,10390.023,7468.391,0,447.484,0,26.969,1815,1381,2.170,1.700,0.980,2,0,0,0,0,14,131,0,33,0
19-06 13:46:36,17.029,10.768,70.621,0.751,0,3376388,217040,168080,4182700,7795.339,4136.077,0,965.652,0,106.182,4708,5206,2.170,1.700,0.980,1,0,140.240,0,0,14,129,0,34,0
19-06 13:46:37,22.045,4.458,72.574,0.495,0,3440320,153108,168080,4182700,4698.266,1230.545,0,527.094,0,30.714,2029,1546,2.170,1.700,0.980,4,0,7.926,0,0,14,129,0,34,0
19-06 13:46:38,14.596,2.517,82.041,0,0,3440524,152896,168080,4182708,15806.179,12957.403,0,539.556,0,29.192,2085,1804,2.070,1.690,0.980,0,0,0,0,0,14,130,0,34,0
19-06 13:46:39,29.555,5.510,62.116,1.002,0,3439224,154120,168084,4182780,6206.578,1763.289,0,3398.339,0,280.523,6396,8912,2.070,1.690,0.980,1,0,2.004,0,0,14,132,0,34,0
19-06 13:46:40,34.177,8.232,55.382,0.499,0.249,3442496,150116,168100,4183460,6597.891,3107.355,419.104,902.071,68.853,94.797,8599,12910,2.070,1.690,0.980,4,0,2.994,0,0,14,131,0,35,0
19-06 13:46:41,29.800,15.025,53.589,0.501,0,3385772,206628,168104,4183620,5510.167,1951.246,28.047,1374.286,4.007,111.185,7364,9536,2.070,1.690,0.980,1,0,286.477,0,0,14,131,0,35,0
19-06 13:46:42,19.470,3.245,74.634,1.248,0,3431880,160512,168104,4183628,10557.585,7443.427,0,6362.108,0,407.367,2632,2993,2.070,1.690,0.980,1,0,0,0,0,14,132,0,35,0
19-06 13:46:43,15.511,12.259,71.050,0,0,3413000,179384,168104,4183636,6181.331,3277.296,0,460.323,0,15.011,4052,2992,2.070,1.690,0.990,1,0,163.114,0,0,14,131,0,36,0
19-06 13:46:44,9.025,21.810,68.189,0,0,3356912,235296,168108,4183808,5160.291,1552.299,0,377.044,0,27.075,5482,4045,2.070,1.690,0.990,3,0,294.816,0,0,14,131,0,36,0
19-06 13:46:45,13.477,18.718,65.886,0.250,0,3333908,258280,168108,4184276,4312.523,1617.196,0,387.328,0,29.948,5919,5746,2.070,1.690,0.990,1,0,241.581,0,0,14,131,0,36,0
19-06 13:46:46,25.541,19.030,54.086,0,0,3384644,207524,168108,4183852,5065.035,1622.574,0,224.356,0,14.022,6328,6316,2.070,1.690,0.990,3,0,261.415,0,0,14,131,0,36,0
19-06 13:46:47,30.264,24.011,44.521,0.250,0,3423852,168024,168116,4184136,4862.282,1690.793,8.004,240.113,1.000,18.008,5977,4521,2.070,1.690,0.990,3,0,382.179,0,0,14,131,0,36,0
19-06 13:46:48,27.252,17.752,54.005,0,0,3438736,152888,168124,4184832,5474.489,1566.140,64.006,580.052,4.000,35.003,6833,9733,1.980,1.680,0.990,1,0,312.028,0,0,14,137,0,36,0
19-06 13:46:49,48.944,26.470,23.224,0,0,3576620,156952,168132,4045036,6532.583,1618.163,87.900,523.406,4.994,36.958,7038,12485,1.980,1.680,0.990,3,0,401.544,0,0,16,145,0,36,0
19-06 13:46:50,51.742,27.746,20.497,0.250,0,3681496,147920,168132,3950536,4591.317,1511.775,0,207.969,0,17.997,6628,6098,1.980,1.680,0.990,7,0,458.932,0,0,16,145,0,36,0
19-06 13:46:51,46.776,19.761,32.268,0,0,3744732,181944,168132,3854272,5766.238,1656.931,16.009,8212.612,3.002,748.420,8483,13423,1.980,1.680,0.990,3,0,209.117,0,0,16,161,0,36,0
19-06 13:46:52,33.500,24.750,40.500,0.250,0,3807460,174384,168132,3800404,4285.979,1025.995,84.000,1035.995,4.000,39.000,14103,5095,1.980,1.680,0.990,2,0,437.998,0,0,16,161,0,36,0
19-06 13:46:53,22.980,23.479,52.454,0,0,3842848,138820,168136,3800560,4901.689,1564.624,3.996,119.895,0.999,14.987,6038,4651,2.060,1.700,1,1,0,414.635,0,0,17,161,0,36,0
19-06 13:46:54,17.777,19.530,61.595,0.250,0,3860216,121428,168136,3800928,4571.028,1406.162,8.012,372.573,2.003,30.046,7212,9231,2.060,1.700,1,3,0,272.419,0,0,17,161,0,34,0
19-06 13:46:55,24.986,20.988,51.971,0,0,3900516,136316,168136,3746876,3771.886,1203.325,3.998,299.832,0.999,22.987,5200,4006,2.060,1.700,1,4,0,250.859,0,0,17,161,0,34,0
19-06 13:46:56,29.890,24.410,44.336,0,0,3946576,155596,168140,3682944,4918.848,1506.441,11.956,79.706,1.993,9.963,5963,4391,2.060,1.700,1,2,0,340.743,0,0,17,161,0,34,0
19-06 13:46:57,26.562,16.539,56.132,0,0,3975220,126788,168140,3683096,4316.144,1569.689,0,76.179,0,3.007,6465,7808,2.060,1.700,1,2,0,223.525,0,0,17,167,0,34,0
19-06 13:46:58,41.169,28.194,28.943,0,0,4085304,120372,168148,3581932,4822.500,1509.027,43.913,431.151,4.990,29.941,8594,11962,2.220,1.740,1.020,3,0,446.121,0,0,17,179,0,34,0
19-06 13:46:59,32.256,29.255,37.506,0.250,0,4152208,136596,168148,3500692,4606.793,1566.269,36.006,728.125,6.001,50.009,9208,12247,2.220,1.740,1.020,4,0,496.085,0,0,17,183,0,34,0
19-06 13:47:00,9.275,21.056,67.178,0.501,0,4166792,163836,168148,3459820,5085.498,1516.024,12.032,649.724,3.008,39.104,5823,5082,2.220,1.740,1.020,1,0,285.758,0,0,17,185,0,34,0
19-06 13:47:01,19.716,21.464,56.404,0,0,4172484,158060,168148,3459856,5633.427,1653.191,0,12714.394,0,891.485,5886,4539,2.220,1.740,1.020,2,0,322.452,0,0,17,201,0,34,0
19-06 13:47:02,21.000,15.750,61.999,0,0,4193620,136904,168148,3459868,5339.920,1619.976,0,267.996,0,16.000,6348,8347,2.220,1.740,1.020,2,0,188.997,0,0,17,201,0,19,0
19-06 13:47:03,39.749,13.500,45.499,0.750,0,4309144,143120,168148,3340252,5191.901,1511.971,1139.978,611.988,20.000,45.999,3844,2853,2.200,1.750,1.020,2,0,85.998,0,0,17,201,0,19,0
19-06 13:47:04,43.241,9.998,45.740,0,0.250,4440236,119644,168156,3235552,5278.852,1619.648,91.980,4251.076,2.999,37.992,3463,2203,2.200,1.750,1.020,2,0,8.998,0,0,17,208,0,19,0
19-06 13:47:05,32.261,4.502,62.771,0.500,0,4457676,146236,168156,3192596,5101.705,1620.542,60.020,368.123,6.002,35.012,2943,2474,2.200,1.750,1.020,3,0,7.002,0,0,17,211,0,19,0
19-06 13:47:06,25.283,28.287,45.559,0.250,0,4405124,198012,168164,3193384,5604.297,1622.112,692.902,140.183,10.013,13.017,6340,5373,2.200,1.750,1.020,2,0,532.694,0,0,17,209,0,16,0
19-06 13:47:07,35.988,29.990,32.739,0,0.250,4465328,174344,168180,3157608,13762.332,9482.783,895.696,363.877,16.994,21.993,6600,6663,2.200,1.750,1.020,3,0,434.852,0,0,17,219,0,16,0
19-06 13:47:08,48.033,19.910,31.358,0,0,4452460,185576,168196,3159684,5788.810,1902.393,211.045,800.379,9.955,8.959,7240,9234,2.180,1.750,1.030,8,0,229.960,0,0,17,217,0,17,0
19-06 13:47:09,72.677,17.101,9.053,0,0,4569396,194928,168196,3037024,6307.078,2392.062,378.223,511.004,19.112,28.166,5333,8792,2.180,1.750,1.030,2,0,108.639,0,0,17,221,0,18,0
19-06 13:47:10,58.706,12.189,24.129,3.731,0,4668824,154860,168228,2980168,13893.471,10089.508,6977.084,1357.208,411.938,52.736,5895,5715,2.180,1.750,1.030,7,0,27.861,0,0,17,227,0,16,0
19-06 13:47:11,57.741,16.747,23.746,1.250,0,4686568,132480,168292,2984728,5439.159,2428.624,887.863,9414.544,126.980,120.981,7027,9745,2.180,1.750,1.030,5,0,202.969,0,0,17,225,0,21,0
19-06 13:47:12,32.394,27.372,39.677,0,0,4655068,197968,168292,2951564,10277.740,7456.183,0,421.878,0,21.094,6714,6429,2.180,1.750,1.030,2,0,412.837,0,0,17,226,0,21,0
19-06 13:47:13,40.759,20.504,37.008,0.500,0,4672952,178524,168296,2953116,9830.061,6729.411,188.039,684.143,11.002,54.011,7003,10157,2.250,1.770,1.040,4,0,245.051,0,0,17,229,0,22,0
19-06 13:47:14,56.287,28.519,14.009,0,0,4744796,157004,168296,2903420,3483.319,1099.732,4.003,480.320,1.001,32.021,6407,6587,2.250,1.770,1.040,5,0,467.311,0,0,17,230,0,20,0
19-06 13:47:15,54.328,23.426,20.934,0.498,0,4785720,176312,168312,2844084,15230.658,11736.747,1112.469,1024.747,51.835,69.779,7122,10071,2.250,1.770,1.040,7,0,297.057,0,0,17,231,0,23,0
19-06 13:47:16,57.682,28.841,12.790,0,0,4840948,117560,168328,2847228,5157.287,1528.828,292.925,525.660,14.044,41.130,7547,10619,2.250,1.770,1.040,6,0,439.388,0,0,17,233,0,23,0
19-06 13:47:17,55.106,24.935,19.200,0,0,4899488,132896,168336,2776000,11136.943,7313.917,179.532,638.335,7.979,43.885,7733,11794,2.250,1.770,1.040,6,0,315.178,0,0,17,236,0,24,0
19-06 13:47:18,52.752,20.501,25.251,0.250,0,4889380,177184,168340,2742556,10274.486,6662.315,920.044,2252.107,31.001,232.011,8628,17344,2.390,1.810,1.050,4,0,252.012,0,0,17,239,0,25,0
19-06 13:47:19,63.921,10.986,23.970,0.250,0,5057572,120300,168344,2633936,6880.476,3623.511,347.569,2860.456,4.994,153.809,4362,2703,2.390,1.810,1.050,2,0,2.996,0,0,17,240,0,24,0
19-06 13:47:20,53.265,9.503,36.010,0.750,0,5121848,150172,168344,2542372,20944.943,17102.853,1004.285,804.228,79.022,77.022,6318,8703,2.390,1.810,1.050,8,0,10.003,0,0,17,244,0,29,0
19-06 13:47:21,61.676,12.786,24.570,0.251,0,5056508,214992,168344,2542892,8169.249,4054.539,1383.939,810.306,26.074,53.151,5047,4958,2.390,1.810,1.050,4,0,34.097,0,0,17,251,0,30,0
19-06 13:47:22,41.147,29.925,26.683,0.499,0,5131820,135976,168472,2546372,13387.590,9516.251,4285.306,2137.665,63.841,200.500,7406,7308,2.390,1.810,1.050,5,0,481.798,0,0,17,253,0,30,0
19-06 13:47:23,51.696,25.973,21.477,0,0,5129740,138016,168472,2546868,8229.365,4549.227,767.195,1258.679,5.994,31.966,6656,6776,2.520,1.850,1.070,4,0,387.593,0,0,17,251,0,29,0
19-06 13:47:24,64.531,21.510,13.757,0.250,0,5131224,160844,168476,2523004,10745.126,7336.500,752.359,724.346,21.010,70.033,6047,8547,2.520,1.850,1.070,6,0,215.103,0,0,18,257,0,29,0
19-06 13:47:25,76.528,16.560,5.520,1.004,0,5194172,151356,168476,2471628,10224.076,6803.672,3356.171,1979.177,150.546,249.906,7026,8308,2.520,1.850,1.070,4,0,52.189,0,0,18,260,0,30,0
19-06 13:47:26,82.862,12.729,3.744,0.250,0,5323212,123308,168516,2374384,6433.266,3418.296,1078.201,922.461,40.932,47.920,5187,2854,2.520,1.850,1.070,3,0,13.977,0,0,18,267,0,30,0
19-06 13:47:27,48.830,17.028,33.555,0.751,0,5347928,135156,168520,2339108,14567.006,10873.920,885.459,1097.809,17.028,87.144,6982,8312,2.520,1.850,1.070,2,0,219.361,0,0,18,266,0,29,0
19-06 13:47:28,42.730,9.995,45.978,0,0,5341924,141020,168520,2339248,12050.244,3459.348,511.756,435.792,3.998,28.986,3986,3252,2.400,1.830,1.070,2,0,13.993,0,0,18,272,0,29,0
19-06 13:47:29,36.485,8.497,52.729,0,0.250,5361172,125952,168520,2335684,5039991.210,92163.047,767.692,507.796,5.998,33.986,8857,4832,2.400,1.830,1.070,2,0,6.997,0,0,18,272,0,29,0
19-06 13:47:30,35.498,18.999,43.747,0.500,0,5296160,177360,168524,2349268,12068232.833,195598.550,2531.839,915.942,27.998,90.994,18012,12838,2.400,1.830,1.070,2,0,253.984,0,0,18,272,0,30,0
19-06 13:47:31,39.852,9.465,49.566,0,0,5412116,136736,168524,2275828,10470.232,7252.148,15.941,410.480,0.996,27.897,3405,2275,2.400,1.830,1.070,3,0,13.948,0,0,18,275,0,28,0
19-06 13:47:32,31.850,5.016,61.443,0.502,0,5344352,204476,168524,2275856,19497.278,15862.856,0,15905.991,0,1182.717,3995,4064,2.400,1.830,1.070,4,0,5.016,0,0,18,279,0,31,0
19-06 13:47:33,33.259,6.252,58.516,0.500,0,5419320,129008,168524,2276356,320084.241,13476400.375,464.131,444.125,28.008,31.009,4694,4715,2.290,1.820,1.070,3,0,1.000,0,0,18,278,0,32,0
19-06 13:47:34,25.989,3.499,67.971,0.250,0,5413056,154800,168532,2257724,8302910.231,3029595.856,127.946,1463.377,2.999,55.976,10257,6347,2.290,1.820,1.070,3,0,1.000,0,0,18,284,0,32,0
19-06 13:47:35,28.790,10.765,59.582,0.250,0,5252924,298892,168532,2273780,8883166.999,192414.382,48.067,4049.606,3.004,89.123,17100,13195,2.290,1.820,1.070,1,0,107.148,0,0,18,280,0,35,0
19-06 13:47:36,9.001,20.753,67.009,0.250,0,5262420,289308,168532,2273868,5019.679,1552.210,32.004,432.058,3.000,26.004,5819,4652,2.290,1.820,1.070,2,0,396.054,0,0,18,280,0,35,0
19-06 13:47:37,22.934,4.238,72.542,0,0.249,5336868,214848,168536,2273876,4604.793,1453.830,0,8667.141,0,19.943,2084,1591,2.290,1.820,1.070,4,0,0,0,0,18,280,0,35,0
19-06 13:47:38,13.033,14.537,69.427,0.501,0,5328556,223132,168540,2273900,4812.274,1624.143,8.020,2261.769,2.005,126.322,4480,3647,2.180,1.810,1.070,1,0,169.432,0,0,18,280,0,35,0
19-06 13:47:39,8.982,19.212,69.613,0.250,0,5329572,222088,168540,2273928,4730.670,1616.811,0,187.630,0,19.961,5339,3921,2.180,1.810,1.070,2,0,281.445,0,0,18,280,0,34,0
19-06 13:47:40,8.489,12.983,76.399,0.250,0.250,5320220,231376,168544,2273988,4553.960,1617.854,31.958,16130.605,2.996,46.938,4098,3435,2.180,1.810,1.070,2,0,219.709,0,0,18,284,0,34,0
19-06 13:47:41,9.244,3.748,86.694,0,0,5320324,231228,168544,2274032,5085.730,1511.028,0,95.938,0,1.999,1669,1629,2.180,1.810,1.070,2,0,8.994,0,0,18,284,0,34,0
19-06 13:47:42,19.284,3.005,77.136,0,0,5351820,199728,168552,2274028,10270.118,7291.864,4.007,2255.980,1.002,3.005,1980,1586,2.180,1.810,1.070,1,0,0,0,0,18,285,0,34,0
19-06 13:47:43,19.516,6.756,72.311,0,0,5268968,282496,168552,2274112,8346.011,4845.070,64.054,5152.328,4.003,140.118,3169,2407,2.090,1.790,1.070,2,0,73.061,0,0,18,288,0,33,0
19-06 13:47:44,12.502,17.002,68.259,0.250,0,5270808,280408,168556,2274376,4578.601,1458.191,72.009,376.049,6.001,34.004,5066,3983,2.090,1.790,1.070,1,0,159.021,0,0,18,288,0,33,0
19-06 13:47:45,13.962,17.203,66.069,0.249,0,5264908,286196,168556,2274472,4786.906,1615.581,0,522.571,0,49.864,5484,4509,2.090,1.790,1.070,2,0,183.498,0,0,18,292,0,33,0
19-06 13:47:46,10.786,18.311,68.477,0,0,5275412,275592,168560,2274552,4670.501,1462.855,0,220.733,0,14.047,4806,3494,2.090,1.790,1.070,2,0,176.586,0,0,18,292,0,33,0
19-06 13:47:47,22.906,4.731,71.705,0,0,5332836,218160,168560,2274560,4899.848,1724.906,3.984,167.312,0.996,9.959,2264,1760,2.090,1.790,1.070,2,0,13.943,0,0,18,292,0,33,0
19-06 13:47:48,23.774,4.004,71.071,0,0,5382372,168516,168560,2274668,5123.091,1459.450,104.103,12224.149,1.001,39.039,2208,1743,2,1.780,1.070,4,0,0,0,0,18,292,0,33,0
19-06 13:47:49,24.306,2.756,71.666,0.501,0,5417356,133236,168560,2274964,5713.259,1623.768,284.661,208.484,11.026,25.058,2491,2249,2,1.780,1.070,3,0,4.009,0,0,18,296,0,33,0
19-06 13:47:50,23.002,4.000,71.508,0.500,0,5329112,221440,168560,2275004,4278.450,1458.153,24.003,2844.299,4.000,138.015,2470,2276,2,1.780,1.070,2,0,5.001,0,0,18,292,0,33,0
19-06 13:47:51,23.991,3.249,71.974,0,0,5365900,184648,168560,2275008,4875.249,1619.418,0,87.968,0,6.997,2107,1672,2,1.780,1.070,2,0,1.999,0,0,18,292,0,33,0
19-06 13:47:52,18.719,3.993,76.625,0.250,0,5398488,151972,168560,2275080,12290.967,9030.282,0,630.972,0,104.829,2246,2005,2,1.780,1.070,2,0,2.995,0,0,18,295,0,34,0
19-06 13:47:53,19.492,1.499,77.968,0,0,5404992,145448,168560,2275100,16552.247,12998.697,0,183.925,0,19.992,2391,2194,2,1.780,1.070,1,0,1.000,0,0,18,298,0,35,0
19-06 13:47:54,22.816,4.513,71.958,0,0,5385164,165212,168560,2275164,4693.582,1624.702,48.139,164.476,2.006,15.044,2293,1877,2,1.780,1.070,2,0,15.044,0,0,18,292,0,35,0
19-06 13:47:55,26.662,2.243,69.521,0.249,0,5415748,134496,168560,2275296,4443.383,1453.220,0,318.951,0,37.875,2428,2099,2,1.780,1.070,2,0,0,0,0,18,294,0,35,0
19-06 13:47:56,12.046,16.814,70.267,0,0.251,5386008,164172,168580,2275340,5076.306,1626.185,401.527,365.390,7.027,12.046,4747,3602,2,1.780,1.070,2,0,240.916,0,0,18,294,0,35,0
19-06 13:47:57,8.994,19.736,69.451,0.250,0,5392488,157556,168580,2275476,4856.565,1618.855,27.980,275.805,2.998,15.989,5327,4042,2,1.780,1.070,1,0,325.770,0,0,18,294,0,35,0
19-06 13:47:58,21.689,4.986,72.049,0,0,5409924,140068,168608,2275500,5085.806,1615.491,15.955,0,1.994,0,2548,1894,1.920,1.770,1.070,2,0,50.858,0,0,18,294,0,35,0
19-06 13:47:59,19.290,3.257,75.907,0.501,0,5355476,188172,169188,2281140,11386.540,4516.337,88.182,1170.420,7.015,34.070,2257,2070,1.920,1.770,1.070,2,0,2.004,0,0,18,294,0,35,0
19-06 13:48:00,23.744,6.498,68.234,0,0,5349696,192192,169240,2282832,4560.923,1619.618,0,851.799,0,22.995,9544,17416,1.920,1.770,1.070,2,0,10.997,0,0,18,294,0,35,0
19-06 13:48:01,18.716,4.492,74.614,0.499,0,5346284,194996,169304,2283340,11515.082,4510.806,171.688,662.796,9.982,20.962,4626,7290,1.920,1.770,1.070,4,0,7.985,0,0,18,295,0,35,0
19-06 13:48:02,21.572,6.772,70.484,0,0,5339528,201548,169348,2283500,4982.538,1571.215,0,457.519,0,12.040,6894,11642,1.920,1.770,1.070,1,0,15.050,0,0,18,295,0,35,0
19-06 13:48:03,14.465,12.968,70.328,0.249,0,5280260,266704,169432,2277556,5079.598,1628.025,0,4485.050,0,506.763,4557,3304,1.850,1.760,1.070,2,0,172.579,0,0,18,294,0,35,0
19-06 13:48:04,19.520,10.010,69.572,0,0,5335008,211900,169432,2277612,5011.198,1621.682,32.033,100.104,1.001,6.006,3133,2510,1.850,1.760,1.070,6,0,97.101,0,0,18,294,0,35,0
19-06 13:48:05,24.626,3.234,71.142,0,0,5372068,174628,169432,2277824,10536.996,7135.108,0,616.897,0,54.725,2801,2724,1.850,1.760,1.070,5,0,2.985,0,0,18,297,0,35,0
19-06 13:48:06,20.594,9.795,68.312,0,0,5321184,225328,169432,2278008,10241.844,6202.368,32.147,0,3.014,0,3860,3052,1.850,1.760,1.070,2,0,118.542,0,0,18,296,0,38,0
19-06 13:48:07,23.996,4.249,71.738,0,0,5378384,168120,169432,2278016,5787.043,1457.759,0,283.953,0,17.997,2172,1832,1.850,1.760,1.070,2,0,1.000,0,0,18,296,0,38,0
19-06 13:48:08,19.490,2.749,77.210,0.250,0,5380968,165528,169432,2278024,14879.211,10238.640,0,123.935,0,6.996,2159,1750,1.780,1.740,1.070,2,0,0,0,0,18,296,0,39,0
19-06 13:48:09,24.282,11.015,63.835,0,0,5406488,140000,169432,2278032,5545.380,1459.943,0,204.272,0,22.029,3825,10570,1.780,1.740,1.070,2,0,106.141,0,0,18,296,0,40,0
19-06 13:48:10,19.753,3.251,75.513,0,0,5413352,148872,169432,2262424,12643.143,9649.635,0,104.018,0,8.001,2135,1710,1.780,1.740,1.070,2,0,0,0,0,18,297,0,40,0
19-06 13:48:11,20.732,6.994,71.687,0,0,5356872,205316,169432,2262460,10070.113,6786.012,15.986,3.996,0.999,0.999,2730,2142,1.780,1.740,1.070,2,0,55.951,0,0,18,296,0,41,0
19-06 13:48:12,20.523,2.753,75.836,0,0,5391708,170476,169432,2262464,10151.518,7407.405,0,28.032,0,1.001,1956,1551,1.780,1.740,1.070,2,0,0,0,0,18,297,0,34,0
19-06 13:48:13,20.703,5.238,73.335,0,0,5371744,190432,169432,2262472,9418.754,6114.208,0,0,0,0,2580,1992,1.720,1.730,1.070,3,0,31.928,0,0,18,296,0,37,0
19-06 13:48:14,21.540,3.757,73.136,0.250,0,5381828,180324,169432,2262496,6180.527,3592.700,16.030,629.173,1.002,23.043,2210,1996,1.720,1.730,1.070,3,0,0,0,0,18,297,0,37,0
19-06 13:48:15,18.987,2.498,76.945,0.500,0,5381208,180892,169432,2262548,13859.170,10523.536,31.977,491.651,1.999,61.956,3014,3398,1.720,1.730,1.070,2,0,5.996,0,0,18,296,0,38,0
19-06 13:48:16,21.291,6.763,71.137,0,0,5378744,183352,169432,2262552,4609.857,1526.934,0,324.624,0,24.046,2716,2188,1.720,1.730,1.070,1,0,48.092,0,0,18,296,0,34,0
19-06 13:48:17,18.438,2.990,77.490,0.249,0,5400488,161592,169432,2262568,13359.151,10340.286,0,2045.134,0,336.869,2226,1866,1.720,1.730,1.070,1,0,1.993,0,0,18,299,0,36,0
19-06 13:48:18,20.693,5.984,71.305,0,0,5384564,177508,169432,2262576,6877.186,3143.401,0,650.221,0,39.891,2696,2193,1.660,1.720,1.070,2,0,31.913,0,0,18,296,0,38,0
19-06 13:48:19,20.301,2.757,76.191,0.251,0,5402712,159352,169432,2262584,10490.303,7339.403,0,894.242,0,104.261,1993,1521,1.660,1.720,1.070,1,0,0,0,0,18,297,0,38,0
19-06 13:48:20,15.056,6.274,77.290,0,0,5297996,264052,169432,2262600,10224.323,6757.328,0,196.737,0,24.090,3292,3037,1.660,1.720,1.070,2,0,83.312,0,0,18,296,0,36,0
19-06 13:48:21,4.993,6.740,85.628,1.498,0,5306852,253984,169972,2263272,9502.443,3931.391,1122.399,135.806,250.642,12.981,2752,2710,1.660,1.720,1.070,1,0,96.862,0,0,18,298,0,36,0
19-06 13:48:22,4.751,5.751,88.272,0.250,0,5304844,255924,169988,2263324,19259.811,5137.283,0,328.082,0,21.005,2690,2442,1.660,1.720,1.070,1,0,125.031,0,0,18,298,0,37,0
19-06 13:48:23,6.000,13.000,79.250,0,0,5297316,263392,169988,2263384,6361.039,2457.015,0,392.002,0,24.000,3764,3099,1.610,1.710,1.070,2,0,168.001,0,0,18,296,0,38,0
19-06 13:48:24,20.463,6.488,71.121,0.499,0,5321096,231384,169992,2271548,4549.730,1509.257,303.448,1030.128,22.958,28.947,2813,2320,1.610,1.710,1.070,2,0,45.917,0,0,18,296,0,32,0
19-06 13:48:25,20.031,3.255,75.867,0.250,0,5333688,215256,170112,2274852,10845.783,4896.577,8.012,1618.504,2.003,53.082,2445,2437,1.610,1.710,1.070,1,0,16.025,0,0,18,297,0,32,0
19-06 13:48:26,16.283,7.014,74.901,1.002,0,5308808,233608,170300,2281144,9731.588,2733.502,1438.896,3262.567,24.048,99.200,3439,3220,1.610,1.710,1.070,1,0,81.163,0,0,18,296,0,32,0
19-06 13:48:27,12.711,15.951,69.536,0.249,0,5331492,210848,170300,2281204,4711.494,1561.193,0,303.067,0,21.932,4455,3458,1.610,1.710,1.070,1,0,226.303,0,0,18,296,0,32,0
19-06 13:48:28,20.302,3.008,75.946,0,0,5393688,148644,170300,2281212,6897.832,3907.100,0,188.487,0,27.070,2025,1560,1.560,1.690,1.070,2,0,0,0,0,18,297,0,29,0
19-06 13:48:29,20.420,5.478,72.465,0,0,5389628,152696,170300,2281220,26379.201,22986.551,0,270.934,0,17.929,2993,2498,1.560,1.690,1.070,1,0,46.816,0,0,18,296,0,31,0
19-06 13:48:30,22.542,4.007,72.886,0.501,0,5384604,157700,170300,2281240,6601.295,3592.691,0,396.739,0,44.082,2326,2118,1.560,1.690,1.070,1,0,0,0,0,18,297,0,31,0
19-06 13:48:31,20.264,4.003,74.551,0.250,0,5313688,227936,170300,2281920,12621.708,8513.874,544.376,108.075,32.022,8.006,2616,2298,1.560,1.690,1.070,2,0,14.010,0,0,18,296,0,33,0
19-06 13:48:32,23.254,3.251,73.263,0,0,5361036,180588,170300,2281920,5072.904,1512.270,0,136.024,0,8.001,1970,1440,1.560,1.690,1.070,3,0,0,0,0,18,296,0,29,0
19-06 13:48:33,18.755,3.001,77.271,0.500,0,5360352,179580,170300,2283612,11418.039,8172.175,1504.400,2096.558,50.013,344.092,3618,4325,1.510,1.680,1.070,2,0,1.000,0,0,18,297,0,29,0
19-06 13:48:34,23.250,4.500,68.751,1.250,0,5345268,193796,170304,2284484,6409.120,2805.053,800.015,3704.069,47.001,179.003,4597,6139,1.510,1.680,1.070,2,0,5.000,0,0,18,296,0,30,0
19-06 13:48:35,20.686,3.240,74.768,0.249,0,5399964,139096,170304,2284488,6002.405,3745.397,0,610.110,0,43.864,2298,2102,1.510,1.680,1.070,1,0,0,0,0,18,297,0,30,0
19-06 13:48:36,19.798,3.759,74.429,1.253,0,5381108,157744,170304,2284696,13024.373,9100.922,160.386,2325.602,8.019,162.391,4119,5181,1.510,1.680,1.070,1,1,1.002,0,0,18,297,0,25,0
19-06 13:48:37,15.241,15.241,67.708,0.250,0,5286276,252540,170304,2284732,6565.933,2844.238,0,2310.569,0,156.903,6185,6608,1.510,1.680,1.070,1,0,372.769,0,0,18,296,0,26,0
19-06 13:48:38,10.275,21.301,67.412,0,0,5287448,251328,170304,2284772,4769.489,1461.520,0,392.947,0,38.092,7134,6706,1.390,1.650,1.060,1,0,719.734,0,0,18,296,0,26,0
19-06 13:48:39,7.999,23.246,67.988,0.250,0,5293476,245260,170304,2284812,4891.160,1511.740,0,519.911,0,29.995,6951,6070,1.390,1.650,1.060,1,0,646.889,0,0,18,296,0,26,0
19-06 13:48:40,9.249,21.747,66.240,0.250,0,5291308,247400,170304,2284840,4605.273,1565.753,0,1475.767,0,95.985,7117,6524,1.390,1.650,1.060,3,0,630.900,0,0,18,296,0,26,0
19-06 13:48:41,9.005,22.262,67.535,0,0,5298640,239992,170304,2284916,4971.575,1512.783,0,216.112,0,24.012,7164,6521,1.390,1.650,1.060,1,0,692.359,0,0,18,296,0,26,0
19-06 13:48:42,8.751,22.253,68.510,0,0,5282668,255916,170304,2284964,4818.698,1458.211,0,44.006,0,11.002,7075,6382,1.390,1.650,1.060,1,0,688.100,0,0,18,296,0,26,0
19-06 13:48:43,16.186,11.953,70.224,0,0,5305048,342880,170540,2186952,4573.997,1506.072,19.922,15.937,1.992,0.996,3395,2658,1.360,1.640,1.060,2,0,124.510,0,0,18,296,0,26,0
19-06 13:48:44,23.053,4.009,72.165,0.251,0,5333236,307848,170756,2193588,4722.809,1515.468,16.037,2537.808,3.007,16.037,2416,2104,1.360,1.640,1.060,1,0,17.039,0,0,18,296,0,26,0
19-06 13:48:45,15.741,2.249,80.452,0.999,0,5347268,292544,170844,2194764,19244.539,10330.847,703.581,1686.995,42.974,59.964,2073,2232,1.360,1.640,1.060,4,0,0,0,0,18,297,0,25,0
19-06 13:48:46,13.486,1.498,82.413,0.999,0,5347136,291536,170968,2195776,27568.051,15972.228,567.404,2181.709,64.932,86.909,2245,2428,1.360,1.640,1.060,2,0,0.999,0,0,18,297,0,25,0
19-06 13:48:47,15.494,1.749,80.719,1.000,0,5369396,267596,171036,2197380,21200.887,11631.549,1335.489,1443.448,66.974,52.980,1834,1685,1.360,1.640,1.060,1,1,0,0,0,18,297,0,25,0
19-06 13:48:48,17.000,1.750,80.001,1.000,0,5375800,259784,171092,2198728,22207.317,12286.175,1024.015,1412.020,55.001,50.001,2104,1813,1.250,1.620,1.060,2,0,0,0,0,18,297,0,25,0
19-06 13:48:49,18.994,3.249,75.728,1.500,0,5379788,219728,171180,2234600,11611.576,5448.393,12428.335,1519.552,136.960,71.979,2270,2049,1.250,1.620,1.060,2,0,1.000,0,0,18,297,0,25,0
19-06 13:48:50,23.288,3.255,72.369,0.501,0,5378888,203612,171328,2251144,5274.685,1568.583,0,2411.972,0,67.111,2386,2167,1.250,1.620,1.060,2,0,0,0,0,18,297,0,25,0
19-06 13:48:51,23.989,1.999,72.216,0.500,0,5386084,174140,171376,2273128,4536.884,1241.421,0,923.569,0,29.986,2266,1929,1.250,1.620,1.060,2,0,1.999,0,0,18,297,0,25,0
19-06 13:48:52,31.949,6.989,58.905,1.248,0,5421532,124016,171452,2287356,4201.236,1186.090,255.589,2939.268,1.997,119.807,3075,2413,1.250,1.620,1.060,4,0,4.992,0,0,18,297,0,25,0
19-06 13:48:53,40.804,9.262,48.815,0.751,0,5418920,124796,171648,2289124,4814.422,1259.680,769.026,2415.221,6.008,82.110,3616,2302,1.310,1.620,1.060,3,0,7.009,0,0,18,297,0,24,0
19-06 13:48:54,25.949,3.743,68.866,0.749,0,5323164,230944,171848,2278244,4125.950,1143.768,0,1884.323,0,73.856,2641,2372,1.310,1.620,1.060,2,0,1.996,0,0,18,296,0,24,0
19-06 13:48:55,19.262,4.753,74.295,0.250,0,5365860,188384,171852,2278264,11550.031,4497.738,0,17998.957,0,378.230,2826,2474,1.310,1.620,1.060,2,0,33.020,0,0,18,297,0,24,0
19-06 13:48:56,23.977,5.245,70.182,0,0,5356520,191172,171976,2284660,4992.173,1630.424,0,1578.474,0,27.973,4904,7447,1.310,1.620,1.060,4,0,8.991,0,0,18,296,0,24,0
19-06 13:48:57,22.738,5.997,69.214,0.250,0,5374592,172020,172020,2285664,5277.288,1619.168,0,427.780,0,17.991,8868,15706,1.310,1.620,1.060,2,0,12.993,0,0,18,296,0,23,0
19-06 13:48:58,21.554,6.516,70.426,0,0,5356160,197816,172028,2278340,4769.943,1461.660,0,1876.699,0,16.040,8034,14314,1.290,1.610,1.060,2,0,15.038,0,0,18,296,0,23,0
19-06 13:48:59,23.272,4.754,71.067,0,0,5336692,217252,172028,2278372,4790.520,1567.479,0,2266.138,0,350.331,3213,2750,1.290,1.610,1.060,2,0,51.048,0,0,18,296,0,23,0
19-06 13:49:00,23.006,6.752,68.269,0.250,0,5347412,206508,172028,2278396,4233.154,1554.424,0,5365.463,0,46.013,10616,19077,1.290,1.610,1.060,2,0,24.007,0,0,18,296,0,23,0
19-06 13:49:01,18.724,3.745,76.643,0.250,0,5343920,204272,172028,2284124,11885.343,4662.466,0,1054.522,0,24.965,2119,1688,1.290,1.610,1.060,3,0,17.975,0,0,18,296,0,23,0
19-06 13:49:02,22.823,5.769,69.724,0,0.251,5375084,171524,172028,2285676,5102.408,1571.052,0,0,0,0,9257,16647,1.290,1.610,1.060,1,0,14.045,0,0,18,296,0,23,0
19-06 13:49:03,23.390,6.967,68.427,0,0,5362160,184304,172032,2285816,5719.044,1558.654,0,1047.065,0,28.864,10199,18426,1.340,1.620,1.070,4,0,12.939,0,0,18,296,0,23,0
19-06 13:49:04,21.052,5.514,72.178,0.501,0,5330040,223832,172052,2278404,5579.759,1569.871,0,966.383,0,35.087,2369,1854,1.340,1.620,1.070,2,0,13.032,0,0,18,296,0,23,0
19-06 13:49:05,23.218,5.992,70.404,0,0,5337568,216296,172052,2278412,5632.303,1617.789,0,163.776,0,17.975,3136,2773,1.340,1.620,1.070,2,0,69.904,0,0,18,296,0,23,0
19-06 13:49:06,22.788,5.008,71.118,0.250,0,5332720,211812,172064,2287668,5846.725,1664.769,16.027,1097.826,1.002,21.035,2909,2712,1.340,1.620,1.070,2,0,44.073,0,0,18,296,0,23,0
19-06 13:49:07,19.004,2.000,77.518,0.250,0,5340744,201808,172088,2289572,16309.827,5140.206,4.001,1204.283,1.000,39.009,2160,1820,1.340,1.620,1.070,2,0,17.004,0,0,18,297,0,23,0
19-06 13:49:08,17.733,2.498,77.926,0.749,0,5353072,188948,172144,2290020,31736.896,18793.174,0,2145.964,0,65.937,2287,2156,1.310,1.610,1.070,1,0,2.997,0,0,18,297,0,23,0
19-06 13:49:09,13.259,4.753,80.556,0.250,0,5335000,206696,172232,2290256,140953.480,8915.229,0,1096.766,0,54.038,3198,7090,1.310,1.610,1.070,2,0,38.027,0,0,18,298,0,21,0
19-06 13:49:10,18.473,1.747,77.635,0.499,0,5357540,183804,172296,2290504,38208.332,14916.876,0,1737.423,0,66.901,2164,2068,1.310,1.610,1.070,1,0,0,0,0,18,298,0,21,0
19-06 13:49:11,15.281,1.253,82.169,0.501,0,5365012,175992,172308,2290824,41699.586,11742.100,0,1242.550,0,40.082,1771,1578,1.310,1.610,1.070,0,0,0,0,0,18,298,0,21,0
19-06 13:49:12,9.748,2.000,85.484,1.250,0,5364420,175992,172340,2291372,383552.040,26205.220,27.995,2943.463,3.999,124.977,2267,2331,1.310,1.610,1.070,1,0,0,0,0,18,298,0,21,0
19-06 13:49:13,14.229,1.997,81.381,0.749,0,5363628,175992,172604,2291860,69429.171,18210.292,103.848,2404.473,5.991,98.855,2129,2068,1.290,1.600,1.070,2,0,0,0,0,18,298,0,17,0
19-06 13:49:14,6.493,2.497,87.908,0.250,0,5361300,162636,172644,2307452,4042716.952,67881.637,0,1957.942,0,28.970,4578,3383,1.290,1.600,1.070,1,0,1.998,0,0,18,298,0,17,0
19-06 13:49:15,8.279,5.519,83.039,0.502,0,5361372,142228,172700,2327708,10782620.334,152695.093,0,17019.195,0,141.492,10457,5724,1.290,1.600,1.070,2,0,8.028,0,0,18,298,0,17,0
19-06 13:49:16,14.448,3.986,78.219,1.495,0,5362544,120776,172952,2347624,4340056.181,64038.673,179.355,13742.572,4.982,96.652,5907,4089,1.290,1.600,1.070,2,0,2.989,0,0,18,298,0,17,0
19-06 13:49:17,21.248,5.000,71.244,1.000,0,5355076,142532,176120,2330400,4517.620,1457.877,0,4591.614,0,108.991,2533,2260,1.290,1.600,1.070,2,0,0,0,0,18,298,0,16,0
19-06 13:49:18,24.038,3.255,72.363,0.501,0,5366728,123656,176668,2337136,4851.574,1460.280,0,1762.752,0,44.069,2448,2152,1.270,1.590,1.070,2,0,0,0,0,18,298,0,16,0
19-06 13:49:19,22.470,3.495,71.406,0.749,0.250,5370564,152672,177168,2304064,4939.484,1659.810,0,3271.684,0,306.596,2493,2282,1.270,1.590,1.070,2,1,0,0,0,18,298,0,16,0
19-06 13:49:20,21.343,8.035,69.552,0.753,0,5370468,140184,178104,2316092,4485.485,1627.068,0,80537.857,0,449.955,3012,2680,1.270,1.590,1.070,1,0,0,0,0,18,298,0,16,0
19-06 13:49:21,23.211,2.496,72.878,0.250,0,5375284,119136,178884,2331336,4587.327,1455.565,0,1605.315,0,55.906,2304,2044,1.270,1.590,1.070,2,0,0,0,0,18,298,0,11,0
19-06 13:49:22,23.265,3.502,72.546,0.500,0,5388664,139460,180276,2296996,4743.001,1621.026,0,460.291,0,18.011,2132,1736,1.270,1.590,1.070,2,0,0,0,0,18,298,0,11,0
19-06 13:49:23,21.940,5.734,68.813,1.247,0,5383636,118320,181148,2321980,4966.508,1615.611,11.967,164465.217,2.992,1451.058,4894,4977,1.330,1.590,1.070,2,0,0,0,0,18,298,0,11,0
19-06 13:49:24,22.993,3.749,71.977,0.500,0,5296664,244360,181840,2281904,5422.278,1967.375,19.994,1995.366,2.999,67.978,2315,2022,1.330,1.590,1.070,4,0,1.000,0,0,18,296,0,11,0
19-06 13:49:25,20.742,4.748,73.472,0.250,0,5355076,185932,181840,2281920,8973.623,2956.887,0,1371.484,0,132.950,2736,2463,1.330,1.590,1.070,1,0,33.987,0,0,18,297,0,10,0
19-06 13:49:26,20.766,4.503,73.805,0.500,0,5354500,179732,181916,2288188,7362.520,3279.459,16.012,1769.326,3.002,30.023,2388,2190,1.330,1.590,1.070,3,0,4.003,0,0,18,296,0,9,0
19-06 13:49:27,21.527,7.259,68.335,0.501,0,5373744,159320,181940,2289220,5012.243,1622.020,0,2703.367,0,119.148,9166,16994,1.330,1.590,1.070,3,0,13.016,0,0,18,296,0,9,0
19-06 13:49:28,23.519,6.505,69.054,0,0,5380320,152544,181944,2289368,4617.633,1459.148,0,88.069,0,1.001,9369,17152,1.380,1.600,1.080,4,0,13.010,0,0,18,296,0,9,0
19-06 13:49:29,20.503,6.751,71.012,0,0,5380248,152544,181948,2289436,4110.683,1134.189,0,2556.425,0,29.005,2522,2262,1.380,1.600,1.080,1,0,7.001,0,0,18,296,0,9,0
19-06 13:49:30,24.004,5.001,70.263,0.500,0,5337488,202564,181948,2282576,2604.479,324.060,332.061,1680.309,8.001,71.013,2866,2846,1.380,1.600,1.080,1,0,7.001,0,0,18,296,0,7,0
19-06 13:49:31,22.236,4.247,71.705,0.250,0,5354428,182796,181948,2285372,4574.158,1618.994,463.712,1978.771,14.991,51.968,3331,3931,1.380,1.600,1.080,1,0,0,0,0,18,297,0,8,0
19-06 13:49:32,25.046,5.260,66.123,2.004,0,5352792,183424,181948,2286380,4526.403,1460.712,657.220,1991.698,41.076,263.489,7054,10565,1.380,1.600,1.080,1,0,0,0,0,18,299,0,12,0
19-06 13:49:33,12.243,17.240,67.461,0.500,0,5309044,226980,181948,2286572,4557.397,1619.075,127.927,2186.751,0.999,144.917,5634,5142,1.430,1.610,1.080,3,0,271.845,0,0,18,298,0,12,0
19-06 13:49:34,13.447,14.692,69.478,0.498,0,5310388,224084,181948,2288124,4560.147,1452.314,1530.010,486.097,59.766,18.926,4264,3191,1.430,1.610,1.080,2,0,165.353,0,0,18,298,0,12,0
19-06 13:49:35,7.528,4.768,70.764,15.558,0,5289528,206948,181956,2326112,4775.806,1463.456,38126.148,3838.311,2774.344,201.752,5363,8518,1.430,1.610,1.080,2,0,10.037,0,0,18,298,0,12,0
19-06 13:49:36,6.494,2.747,86.164,3.996,0,5297832,194852,181960,2329900,7265.736,1943.057,3800.201,2381.619,672.328,334.665,2315,2852,1.430,1.610,1.080,1,0,6.993,0,0,18,299,0,12,0
19-06 13:49:37,2.500,1.000,96.000,0,0,5297832,194852,181960,2329900,43206.179,4383.018,0,788.003,0,9.000,1049,1344,1.430,1.610,1.080,1,0,0,0,0,18,299,0,12,0
19-06 13:49:38,5.000,2.750,91.002,0,0,5290300,201532,181972,2330564,127605.296,128199.307,204.004,628.011,9.000,5.000,1666,1636,1.310,1.580,1.080,1,0,12.000,0,0,18,298,0,10,1
19-06 13:49:39,1.000,0.250,97.251,0,0,5281428,210400,181972,2330568,4890.071,1674.024,0,492.007,0,6.000,926,1270,1.310,1.580,1.080,0,0,0,0,0,18,298,0,10,0
19-06 13:49:40,2.000,0.750,96.765,0,0.250,5266708,225116,181972,2330572,4500.688,1620.248,0,72.011,0,7.001,1087,1500,1.310,1.580,1.080,1,0,0,0,0,18,298,0,10,0
19-06 13:49:41,1.250,0.750,97.263,0,0,5267152,224640,181972,2330604,5057.701,1662.230,0,4.001,0,1.000,1000,1309,1.310,1.580,1.080,1,0,0,0,0,18,298,0,10,0
19-06 13:49:42,1.748,0.999,96.395,0.250,0,5267148,224640,181972,2330608,4555.030,1618.234,0,203.778,0,26.971,1075,1516,1.310,1.580,1.080,1,0,0,0,0,18,298,0,10,0
19-06 13:49:43,1.251,1.001,96.310,0.250,0,5267140,224640,181972,2330616,4640.914,1458.916,0,468.294,0,44.028,1197,1764,1.210,1.550,1.070,1,0,0,0,0,18,298,0,10,0
19-06 13:49:44,2.500,1.000,95.994,0,0,5267364,224416,181972,2330616,5039.673,1619.895,0,87.994,0,11.999,1190,1658,1.210,1.550,1.070,1,0,0,0,0,18,298,0,10,0
19-06 13:49:45,2.750,1.250,95.017,0.500,0,5267360,224416,181972,2330620,4458.791,1458.259,0,532.094,0,53.009,1442,2101,1.210,1.550,1.070,1,0,0,0,0,18,298,0,10,0
19-06 13:49:46,0.750,0.250,97.274,0,0,5267360,224416,181972,2330620,5178.286,1620.402,0,36.009,0,1.000,1040,1332,1.210,1.550,1.070,1,0,1.000,0,0,18,298,0,10,0
19-06 13:49:47,1.000,0.750,97.721,0,0,5266228,225548,181972,2330620,5416.393,1457.568,0,3.999,0,1.000,884,1207,1.210,1.550,1.070,3,0,0,0,0,18,298,0,10,0
19-06 13:49:48,1.500,0.750,96.481,0,0,5263600,228172,181972,2330624,6298.776,1619.685,0,223.956,0,14.997,1078,1487,1.110,1.530,1.060,2,0,0,0,0,18,298,0,10,0
19-06 13:49:49,1.000,0.500,97.512,0,0,5263600,228172,181972,2330624,5958.763,1458.187,0,0,0,0,844,1168,1.110,1.530,1.060,0,0,0,0,0,18,298,0,10,0
19-06 13:49:50,1.500,3.999,94.237,0,0,5241736,250036,181972,2330624,6239.151,1619.780,0,0,0,0,1093,1283,1.110,1.530,1.060,2,0,0,0,0,18,298,0,10,0
19-06 13:49:51,1.000,0.500,97.044,0,0,5241816,249956,181972,2330624,5017.298,1458.668,0,752.345,0,153.070,961,1313,1.110,1.530,1.060,1,0,2.001,0,0,18,298,0,10,0
19-06 13:49:52,11.000,4.500,83.997,0,0,5276236,215536,181972,2330624,4337.834,1457.944,255.990,0,2.000,0,1685,1460,1.110,1.530,1.060,2,0,5.000,0,0,18,298,0,10,0
19-06 13:49:53,18.727,7.491,71.910,0.749,0,5280216,211504,181972,2330660,4512.359,1456.180,783.021,3855.180,6.991,197.753,2922,2774,1.100,1.520,1.060,2,0,6.991,0,0,18,298,0,10,0
19-06 13:49:54,2.502,3.753,92.083,0,0,5264232,227408,182016,2330696,5044.534,1621.457,44.040,91642.359,11.010,908.817,2583,2888,1.100,1.520,1.060,0,0,0,0,0,18,298,0,10,0
19-06 13:49:55,2.749,1.249,95.207,0.500,0,5264084,227556,182016,2330696,4677.901,1619.273,0,1623.272,0,30.986,1341,1964,1.100,1.520,1.060,1,0,0,0,0,18,298,0,10,0
19-06 13:49:56,1.250,0.750,96.966,0,0,5264048,227660,182016,2330768,5055.253,1619.440,0,55.981,0,5.998,994,1363,1.100,1.520,1.060,0,0,1.000,0,0,18,298,0,10,0
19-06 13:49:57,1.501,0.751,97.066,0,0,5264048,227660,182016,2330768,4923.347,1621.102,0,0,0,0,945,1302,1.100,1.520,1.060,1,0,0,0,0,18,298,0,10,0
19-06 13:49:58,0.750,0.750,97.283,0,0,5264044,227660,182016,2330772,5461.873,1620.556,0,0,0,0,942,1313,1.010,1.490,1.060,2,0,0,0,0,18,298,0,10,0
19-06 13:49:59,1.750,0.500,96.759,0,0,5264044,227660,182016,2330772,4620.412,1620.144,0,204.018,0,16.001,1170,1693,1.010,1.490,1.060,1,0,0,0,0,18,298,0,10,0
19-06 13:50:00,1.496,1.247,96.736,0.249,0,5264044,227660,182016,2330772,4386.020,1454.028,0,279.237,0,22.937,1204,1735,1.010,1.490,1.060,2,0,0,0,0,18,298,0,10,0
19-06 13:50:01,1.504,0.752,97.013,0,0,5264044,227660,182016,2330772,5973.205,1624.407,0,136.370,0,11.030,1087,1568,1.010,1.490,1.060,1,0,0,0,0,18,298,0,10,0
19-06 13:50:02,1.249,0.499,97.135,0,0,5261480,230220,182016,2330776,5153.895,1618.083,0,854.987,0,180.786,951,1264,1.010,1.490,1.060,1,0,0,0,0,18,298,0,10,0
19-06 13:50:03,1.752,1.251,96.102,0,0,5261480,230220,182016,2330776,5183.508,1459.551,0,516.549,0,38.040,1298,1884,0.930,1.470,1.050,1,0,0,0,0,18,298,0,10,0
19-06 13:50:04,1.499,1.000,96.457,0,0,5261472,230220,182016,2330784,4917.826,1619.284,0,2594.853,0,16.992,1007,1323,0.930,1.470,1.050,1,0,0,0,0,18,298,0,10,0
19-06 13:50:05,1.749,0.500,96.174,0.500,0,5261472,230220,182016,2330784,4996.034,1456.844,0,491.610,0,23.981,1231,1760,0.930,1.470,1.050,1,0,0,0,0,18,298,0,10,0
19-06 13:50:06,1.752,0.500,97.091,0,0,5261724,229968,182016,2330784,5001.689,1621.520,0,0,0,0,1001,1299,0.930,1.470,1.050,2,0,1.001,0,0,18,298,0,10,0
19-06 13:50:07,0.750,0.750,97.455,0,0,5261724,229968,182016,2330784,5835.334,1457.334,0,107.951,0,10.995,876,1215,0.930,1.470,1.050,2,0,0,0,0,18,298,0,10,0
19-06 13:50:08,1.751,0.250,97.282,0,0,5261724,229968,182016,2330784,6510.143,1458.480,0,4.001,0,1.000,981,1252,0.860,1.450,1.050,0,0,0,0,0,18,298,0,10,0
19-06 13:50:09,8.017,5.011,86.183,0.251,0,5265524,225824,182024,2330948,134301.903,1902.049,80.171,80.171,11.023,7.015,2278,5742,0.860,1.450,1.050,1,0,41.087,0,0,18,298,0,11,0
19-06 13:50:10,14.713,4.988,78.305,0.249,0,5259708,231860,182024,2330900,277676.179,6848.936,15.960,1300.759,0.998,29.925,2867,2631,0.860,1.450,1.050,2,0,26.933,0,0,18,298,0,11,0
19-06 13:50:11,13.508,4.503,81.547,0,0,5259968,231484,182024,2331016,288759.990,6633.790,104.059,104.059,4.002,8.005,2615,2223,0.860,1.450,1.050,1,0,26.015,0,0,18,298,0,10,0
