Mar 12 11:11:12 jammy-provider-cloud-0000008063 sudo[122966]:   ubuntu : PWD=/ ; USER=root ; COMMAND=/opt/stack/data/venv/bin/cinder-rootwrap /etc/cinder/rootwrap.conf env LC_ALL=C lvs --noheadings --unit=g -o vg_name,name,size --nosuffix --readonly stack-volumes-lvmdriver-1
Mar 12 11:11:12 jammy-provider-cloud-0000008063 sudo[122966]: pam_unix(sudo:session): session opened for user root(uid=0) by (uid=1000)
Mar 12 11:11:12 jammy-provider-cloud-0000008063 sudo[122966]: pam_unix(sudo:session): session closed for user root
Mar 12 11:11:12 jammy-provider-cloud-0000008063 cinder-volume[114228]: DEBUG oslo_concurrency.processutils [None req-ec7b03b2-e0ed-44b9-8f4e-3aeb2ba4c110 None None] CMD "sudo cinder-rootwrap /etc/cinder/rootwrap.conf env LC_ALL=C lvs --noheadings --unit=g -o vg_name,name,size --nosuffix --readonly stack-volumes-lvmdriver-1" returned: 0 in 0.325s {{(pid=114228) execute /opt/stack/data/venv/lib/python3.10/site-packages/oslo_concurrency/processutils.py:372}}
Mar 12 11:11:12 jammy-provider-cloud-0000008063 cinder-volume[114228]: DEBUG oslo_concurrency.processutils [None req-ec7b03b2-e0ed-44b9-8f4e-3aeb2ba4c110 None None] Running cmd (subprocess): sudo cinder-rootwrap /etc/cinder/rootwrap.conf env LC_ALL=C lvs --noheadings --unit=g -o size,data_percent --separator : --nosuffix /dev/stack-volumes-lvmdriver-1/stack-volumes-lvmdriver-1-pool {{(pid=114228) execute /opt/stack/data/venv/lib/python3.10/site-packages/oslo_concurrency/processutils.py:349}}
Mar 12 11:11:12 jammy-provider-cloud-0000008063 sudo[123031]:   ubuntu : PWD=/ ; USER=root ; COMMAND=/opt/stack/data/venv/bin/cinder-rootwrap /etc/cinder/rootwrap.conf env LC_ALL=C lvs --noheadings --unit=g -o size,data_percent --separator : --nosuffix /dev/stack-volumes-lvmdriver-1/stack-volumes-lvmdriver-1-pool
Mar 12 11:11:12 jammy-provider-cloud-0000008063 sudo[123031]: pam_unix(sudo:session): session opened for user root(uid=0) by (uid=1000)
Mar 12 11:11:12 jammy-provider-cloud-0000008063 sudo[123031]: pam_unix(sudo:session): session closed for user root
Mar 12 11:11:12 jammy-provider-cloud-0000008063 cinder-volume[114228]: DEBUG oslo_concurrency.processutils [None req-ec7b03b2-e0ed-44b9-8f4e-3aeb2ba4c110 None None] CMD "sudo cinder-rootwrap /etc/cinder/rootwrap.conf env LC_ALL=C lvs --noheadings --unit=g -o size,data_percent --separator : --nosuffix /dev/stack-volumes-lvmdriver-1/stack-volumes-lvmdriver-1-pool" returned: 0 in 0.324s {{(pid=114228) execute /opt/stack/data/venv/lib/python3.10/site-packages/oslo_concurrency/processutils.py:372}}
Mar 12 11:11:12 jammy-provider-cloud-0000008063 cinder-volume[114228]: DEBUG oslo_concurrency.processutils [None req-ec7b03b2-e0ed-44b9-8f4e-3aeb2ba4c110 None None] Running cmd (subprocess): sudo cinder-rootwrap /etc/cinder/rootwrap.conf env LC_ALL=C lvs --noheadings --unit=g -o vg_name,name,size --nosuffix --readonly stack-volumes-lvmdriver-1 {{(pid=114228) execute /opt/stack/data/venv/lib/python3.10/site-packages/oslo_concurrency/processutils.py:349}}
Mar 12 11:11:12 jammy-provider-cloud-0000008063 sudo[123040]:   ubuntu : PWD=/ ; USER=root ; COMMAND=/opt/stack/data/venv/bin/cinder-rootwrap /etc/cinder/rootwrap.conf env LC_ALL=C lvs --noheadings --unit=g -o vg_name,name,size --nosuffix --readonly stack-volumes-lvmdriver-1
Mar 12 11:11:12 jammy-provider-cloud-0000008063 sudo[123040]: pam_unix(sudo:session): session opened for user root(uid=0) by (uid=1000)
Mar 12 11:11:13 jammy-provider-cloud-0000008063 sudo[123040]: pam_unix(sudo:session): session closed for user root
Mar 12 11:11:13 jammy-provider-cloud-0000008063 cinder-volume[114228]: DEBUG oslo_concurrency.processutils [None req-ec7b03b2-e0ed-44b9-8f4e-3aeb2ba4c110 None None] CMD "sudo cinder-rootwrap /etc/cinder/rootwrap.conf env LC_ALL=C lvs --noheadings --unit=g -o vg_name,name,size --nosuffix --readonly stack-volumes-lvmdriver-1" returned: 0 in 0.353s {{(pid=114228) execute /opt/stack/data/venv/lib/python3.10/site-packages/oslo_concurrency/processutils.py:372}}
Mar 12 11:11:13 jammy-provider-cloud-0000008063 cinder-volume[114228]: DEBUG cinder.manager [None req-ec7b03b2-e0ed-44b9-8f4e-3aeb2ba4c110 None None] Notifying Schedulers of capabilities ... {{(pid=114228) _publish_service_capabilities /opt/stack/cinder/cinder/manager.py:202}}
Mar 12 11:12:11 jammy-provider-cloud-0000008063 cinder-volume[114228]: DEBUG oslo_service.periodic_task [None req-ec7b03b2-e0ed-44b9-8f4e-3aeb2ba4c110 None None] Running periodic task VolumeManager.publish_service_capabilities {{(pid=114228) run_periodic_tasks /opt/stack/data/venv/lib/python3.10/site-packages/oslo_service/periodic_task.py:210}}
Mar 12 11:12:11 jammy-provider-cloud-0000008063 cinder-volume[114228]: DEBUG cinder.volume.drivers.lvm [None req-ec7b03b2-e0ed-44b9-8f4e-3aeb2ba4c110 None None] Updating volume stats {{(pid=114228) _update_volume_stats /opt/stack/cinder/cinder/volume/drivers/lvm.py:227}}
Mar 12 11:12:11 jammy-provider-cloud-0000008063 cinder-volume[114228]: DEBUG oslo_concurrency.processutils [None req-ec7b03b2-e0ed-44b9-8f4e-3aeb2ba4c110 None None] Running cmd (subprocess): sudo cinder-rootwrap /etc/cinder/rootwrap.conf env LC_ALL=C vgs --noheadings --unit=g -o name,size,free,lv_count,uuid --separator : --nosuffix stack-volumes-lvmdriver-1 {{(pid=114228) execute /opt/stack/data/venv/lib/python3.10/site-packages/oslo_concurrency/processutils.py:349}}
Mar 12 11:12:11 jammy-provider-cloud-0000008063 sudo[123745]:   ubuntu : PWD=/ ; USER=root ; COMMAND=/opt/stack/data/venv/bin/cinder-rootwrap /etc/cinder/rootwrap.conf env LC_ALL=C vgs --noheadings --unit=g -o name,size,free,lv_count,uuid --separator : --nosuffix stack-volumes-lvmdriver-1
Mar 12 11:12:11 jammy-provider-cloud-0000008063 sudo[123745]: pam_unix(sudo:session): session opened for user root(uid=0) by (uid=1000)
Mar 12 11:12:12 jammy-provider-cloud-0000008063 sudo[123745]: pam_unix(sudo:session): session closed for user root
Mar 12 11:12:12 jammy-provider-cloud-0000008063 cinder-volume[114228]: DEBUG oslo_concurrency.processutils [None req-ec7b03b2-e0ed-44b9-8f4e-3aeb2ba4c110 None None] CMD "sudo cinder-rootwrap /etc/cinder/rootwrap.conf env LC_ALL=C vgs --noheadings --unit=g -o name,size,free,lv_count,uuid --separator : --nosuffix stack-volumes-lvmdriver-1" returned: 0 in 0.361s {{(pid=114228) execute /opt/stack/data/venv/lib/python3.10/site-packages/oslo_concurrency/processutils.py:372}}
Mar 12 11:12:12 jammy-provider-cloud-0000008063 cinder-volume[114228]: DEBUG oslo_concurrency.processutils [None req-ec7b03b2-e0ed-44b9-8f4e-3aeb2ba4c110 None None] Running cmd (subprocess): sudo cinder-rootwrap /etc/cinder/rootwrap.conf env LC_ALL=C lvs --noheadings --unit=g -o vg_name,name,size --nosuffix --readonly stack-volumes-lvmdriver-1 {{(pid=114228) execute /opt/stack/data/venv/lib/python3.10/site-packages/oslo_concurrency/processutils.py:349}}
Mar 12 11:12:12 jammy-provider-cloud-0000008063 sudo[123748]:   ubuntu : PWD=/ ; USER=root ; COMMAND=/opt/stack/data/venv/bin/cinder-rootwrap /etc/cinder/rootwrap.conf env LC_ALL=C lvs --noheadings --unit=g -o vg_name,name,size --nosuffix --readonly stack-volumes-lvmdriver-1
Mar 12 11:12:12 jammy-provider-cloud-0000008063 sudo[123748]: pam_unix(sudo:session): session opened for user root(uid=0) by (uid=1000)
Mar 12 11:12:12 jammy-provider-cloud-0000008063 sudo[123748]: pam_unix(sudo:session): session closed for user root
Mar 12 11:12:12 jammy-provider-cloud-0000008063 cinder-volume[114228]: DEBUG oslo_concurrency.processutils [None req-ec7b03b2-e0ed-44b9-8f4e-3aeb2ba4c110 None None] CMD "sudo cinder-rootwrap /etc/cinder/rootwrap.conf env LC_ALL=C lvs --noheadings --unit=g -o vg_name,name,size --nosuffix --readonly stack-volumes-lvmdriver-1" returned: 0 in 0.355s {{(pid=114228) execute /opt/stack/data/venv/lib/python3.10/site-packages/oslo_concurrency/processutils.py:372}}
Mar 12 11:12:12 jammy-provider-cloud-0000008063 cinder-volume[114228]: DEBUG oslo_concurrency.processutils [None req-ec7b03b2-e0ed-44b9-8f4e-3aeb2ba4c110 None None] Running cmd (subprocess): sudo cinder-rootwrap /etc/cinder/rootwrap.conf env LC_ALL=C lvs --noheadings --unit=g -o size,data_percent --separator : --nosuffix /dev/stack-volumes-lvmdriver-1/stack-volumes-lvmdriver-1-pool {{(pid=114228) execute /opt/stack/data/venv/lib/python3.10/site-packages/oslo_concurrency/processutils.py:349}}
Mar 12 11:12:12 jammy-provider-cloud-0000008063 sudo[123752]:   ubuntu : PWD=/ ; USER=root ; COMMAND=/opt/stack/data/venv/bin/cinder-rootwrap /etc/cinder/rootwrap.conf env LC_ALL=C lvs --noheadings --unit=g -o size,data_percent --separator : --nosuffix /dev/stack-volumes-lvmdriver-1/stack-volumes-lvmdriver-1-pool
Mar 12 11:12:12 jammy-provider-cloud-0000008063 sudo[123752]: pam_unix(sudo:session): session opened for user root(uid=0) by (uid=1000)
Mar 12 11:12:12 jammy-provider-cloud-0000008063 sudo[123752]: pam_unix(sudo:session): session closed for user root
Mar 12 11:12:12 jammy-provider-cloud-0000008063 cinder-volume[114228]: DEBUG oslo_concurrency.processutils [None req-ec7b03b2-e0ed-44b9-8f4e-3aeb2ba4c110 None None] CMD "sudo cinder-rootwrap /etc/cinder/rootwrap.conf env LC_ALL=C lvs --noheadings --unit=g -o size,data_percent --separator : --nosuffix /dev/stack-volumes-lvmdriver-1/stack-volumes-lvmdriver-1-pool" returned: 0 in 0.328s {{(pid=114228) execute /opt/stack/data/venv/lib/python3.10/site-packages/oslo_concurrency/processutils.py:372}}
Mar 12 11:12:12 jammy-provider-cloud-0000008063 cinder-volume[114228]: DEBUG oslo_concurrency.processutils [None req-ec7b03b2-e0ed-44b9-8f4e-3aeb2ba4c110 None None] Running cmd (subprocess): sudo cinder-rootwrap /etc/cinder/rootwrap.conf env LC_ALL=C lvs --noheadings --unit=g -o vg_name,name,size --nosuffix --readonly stack-volumes-lvmdriver-1 {{(pid=114228) execute /opt/stack/data/venv/lib/python3.10/site-packages/oslo_concurrency/processutils.py:349}}
Mar 12 11:12:13 jammy-provider-cloud-0000008063 sudo[123755]:   ubuntu : PWD=/ ; USER=root ; COMMAND=/opt/stack/data/venv/bin/cinder-rootwrap /etc/cinder/rootwrap.conf env LC_ALL=C lvs --noheadings --unit=g -o vg_name,name,size --nosuffix --readonly stack-volumes-lvmdriver-1
Mar 12 11:12:13 jammy-provider-cloud-0000008063 sudo[123755]: pam_unix(sudo:session): session opened for user root(uid=0) by (uid=1000)
Mar 12 11:12:13 jammy-provider-cloud-0000008063 sudo[123755]: pam_unix(sudo:session): session closed for user root
Mar 12 11:12:13 jammy-provider-cloud-0000008063 cinder-volume[114228]: DEBUG oslo_concurrency.processutils [None req-ec7b03b2-e0ed-44b9-8f4e-3aeb2ba4c110 None None] CMD "sudo cinder-rootwrap /etc/cinder/rootwrap.conf env LC_ALL=C lvs --noheadings --unit=g -o vg_name,name,size --nosuffix --readonly stack-volumes-lvmdriver-1" returned: 0 in 0.338s {{(pid=114228) execute /opt/stack/data/venv/lib/python3.10/site-packages/oslo_concurrency/processutils.py:372}}
Mar 12 11:12:13 jammy-provider-cloud-0000008063 cinder-volume[114228]: DEBUG cinder.manager [None req-ec7b03b2-e0ed-44b9-8f4e-3aeb2ba4c110 None None] Notifying Schedulers of capabilities ... {{(pid=114228) _publish_service_capabilities /opt/stack/cinder/cinder/manager.py:202}}
Mar 12 11:12:23 jammy-provider-cloud-0000008063 cinder-volume[114228]: DEBUG dbcounter [-] [114228] Writing DB stats cinder:SELECT=1 {{(pid=114228) stat_writer /opt/stack/data/venv/lib/python3.10/site-packages/dbcounter.py:115}}
Mar 12 11:12:23 jammy-provider-cloud-0000008063 cinder-volume[114228]: DEBUG dbcounter [-] [114228] Writing DB stats cinder:UPDATE=1 {{(pid=114228) stat_writer /opt/stack/data/venv/lib/python3.10/site-packages/dbcounter.py:115}}
Mar 12 11:12:44 jammy-provider-cloud-0000008063 systemd[1]: Stopping Devstack devstack@c-vol.service...
Mar 12 11:12:44 jammy-provider-cloud-0000008063 cinder-volume[114043]: INFO oslo_service.backend.eventlet.service [None req-9657cc75-cd4d-4bca-a75d-a722c74c12b1 None None] Caught SIGTERM, stopping children
Mar 12 11:12:44 jammy-provider-cloud-0000008063 cinder-volume[114043]: DEBUG oslo_concurrency.lockutils [None req-9657cc75-cd4d-4bca-a75d-a722c74c12b1 None None] Acquiring lock "singleton_lock" {{(pid=114043) lock /opt/stack/data/venv/lib/python3.10/site-packages/oslo_concurrency/lockutils.py:313}}
Mar 12 11:12:44 jammy-provider-cloud-0000008063 cinder-volume[114043]: DEBUG oslo_concurrency.lockutils [None req-9657cc75-cd4d-4bca-a75d-a722c74c12b1 None None] Acquired lock "singleton_lock" {{(pid=114043) lock /opt/stack/data/venv/lib/python3.10/site-packages/oslo_concurrency/lockutils.py:316}}
Mar 12 11:12:44 jammy-provider-cloud-0000008063 cinder-volume[114043]: DEBUG oslo_concurrency.lockutils [None req-9657cc75-cd4d-4bca-a75d-a722c74c12b1 None None] Releasing lock "singleton_lock" {{(pid=114043) lock /opt/stack/data/venv/lib/python3.10/site-packages/oslo_concurrency/lockutils.py:334}}
Mar 12 11:12:44 jammy-provider-cloud-0000008063 cinder-volume[114043]: DEBUG oslo_service.backend.eventlet.service [None req-9657cc75-cd4d-4bca-a75d-a722c74c12b1 None None] Stop services. {{(pid=114043) stop /opt/stack/data/venv/lib/python3.10/site-packages/oslo_service/backend/eventlet/service.py:693}}
Mar 12 11:12:44 jammy-provider-cloud-0000008063 cinder-volume[114043]: DEBUG oslo_service.backend.eventlet.service [None req-9657cc75-cd4d-4bca-a75d-a722c74c12b1 None None] Killing children. {{(pid=114043) stop /opt/stack/data/venv/lib/python3.10/site-packages/oslo_service/backend/eventlet/service.py:698}}
Mar 12 11:12:44 jammy-provider-cloud-0000008063 cinder-volume[114043]: INFO oslo_service.backend.eventlet.service [None req-9657cc75-cd4d-4bca-a75d-a722c74c12b1 None None] Waiting on 1 children to exit
Mar 12 11:12:47 jammy-provider-cloud-0000008063 cinder-volume[114228]: DEBUG oslo_concurrency.lockutils [None req-9657cc75-cd4d-4bca-a75d-a722c74c12b1 None None] Acquiring lock "singleton_lock" {{(pid=114228) lock /opt/stack/data/venv/lib/python3.10/site-packages/oslo_concurrency/lockutils.py:313}}
Mar 12 11:12:47 jammy-provider-cloud-0000008063 cinder-volume[114228]: DEBUG oslo_concurrency.lockutils [None req-9657cc75-cd4d-4bca-a75d-a722c74c12b1 None None] Acquired lock "singleton_lock" {{(pid=114228) lock /opt/stack/data/venv/lib/python3.10/site-packages/oslo_concurrency/lockutils.py:316}}
Mar 12 11:12:47 jammy-provider-cloud-0000008063 cinder-volume[114228]: DEBUG oslo_concurrency.lockutils [None req-9657cc75-cd4d-4bca-a75d-a722c74c12b1 None None] Releasing lock "singleton_lock" {{(pid=114228) lock /opt/stack/data/venv/lib/python3.10/site-packages/oslo_concurrency/lockutils.py:334}}
Mar 12 11:12:47 jammy-provider-cloud-0000008063 cinder-volume[114228]: WARNING amqp [None req-9657cc75-cd4d-4bca-a75d-a722c74c12b1 None None] Received method (60, 30) during closing channel 1. This method will be ignored
Mar 12 11:12:47 jammy-provider-cloud-0000008063 cinder-volume[114228]: WARNING amqp [None req-9657cc75-cd4d-4bca-a75d-a722c74c12b1 None None] Received method (60, 30) during closing channel 1. This method will be ignored
Mar 12 11:12:47 jammy-provider-cloud-0000008063 cinder-volume[114043]: INFO oslo_service.backend.eventlet.service [None req-9657cc75-cd4d-4bca-a75d-a722c74c12b1 None None] Child 114228 exited with status 0
Mar 12 11:12:47 jammy-provider-cloud-0000008063 systemd[1]: devstack@c-vol.service: Deactivated successfully.
Mar 12 11:12:47 jammy-provider-cloud-0000008063 systemd[1]: Stopped Devstack devstack@c-vol.service.
Mar 12 11:12:47 jammy-provider-cloud-0000008063 systemd[1]: devstack@c-vol.service: Consumed 16.670s CPU time.
Mar 12 11:12:47 jammy-provider-cloud-0000008063 systemd[1]: Started Devstack devstack@c-vol.service.
Mar 12 11:12:48 jammy-provider-cloud-0000008063 cinder-volume[123885]: DEBUG oslo_concurrency.lockutils [-] Acquiring lock "singleton_lock" {{(pid=123885) lock /opt/stack/data/venv/lib/python3.10/site-packages/oslo_concurrency/lockutils.py:313}}
Mar 12 11:12:48 jammy-provider-cloud-0000008063 cinder-volume[123885]: DEBUG oslo_concurrency.lockutils [-] Acquired lock "singleton_lock" {{(pid=123885) lock /opt/stack/data/venv/lib/python3.10/site-packages/oslo_concurrency/lockutils.py:316}}
Mar 12 11:12:48 jammy-provider-cloud-0000008063 cinder-volume[123885]: DEBUG oslo_concurrency.lockutils [-] Releasing lock "singleton_lock" {{(pid=123885) lock /opt/stack/data/venv/lib/python3.10/site-packages/oslo_concurrency/lockutils.py:334}}
Mar 12 11:12:49 jammy-provider-cloud-0000008063 cinder-volume[123885]: DEBUG oslo_db.sqlalchemy.engines [None req-06b7bbdc-d0ba-4575-8ead-674b14d6aff2 None None] MySQL server mode set to STRICT_TRANS_TABLES,STRICT_ALL_TABLES,NO_ZERO_IN_DATE,NO_ZERO_DATE,ERROR_FOR_DIVISION_BY_ZERO,TRADITIONAL,NO_ENGINE_SUBSTITUTION {{(pid=123885) _check_effective_sql_mode /opt/stack/data/venv/lib/python3.10/site-packages/oslo_db/sqlalchemy/engines.py:397}}
Mar 12 11:12:49 jammy-provider-cloud-0000008063 cinder-volume[123885]: INFO cinder.rpc [None req-06b7bbdc-d0ba-4575-8ead-674b14d6aff2 None None] Automatically selected cinder-scheduler objects version 1.39 as minimum service version.
Mar 12 11:12:49 jammy-provider-cloud-0000008063 cinder-volume[123885]: INFO cinder.rpc [None req-06b7bbdc-d0ba-4575-8ead-674b14d6aff2 None None] Automatically selected cinder-scheduler RPC version 3.12 as minimum service version.
Mar 12 11:12:49 jammy-provider-cloud-0000008063 cinder-volume[123885]: DEBUG oslo_db.sqlalchemy.engines [None req-06b7bbdc-d0ba-4575-8ead-674b14d6aff2 None None] MySQL server mode set to STRICT_TRANS_TABLES,STRICT_ALL_TABLES,NO_ZERO_IN_DATE,NO_ZERO_DATE,ERROR_FOR_DIVISION_BY_ZERO,TRADITIONAL,NO_ENGINE_SUBSTITUTION {{(pid=123885) _check_effective_sql_mode /opt/stack/data/venv/lib/python3.10/site-packages/oslo_db/sqlalchemy/engines.py:397}}
Mar 12 11:12:49 jammy-provider-cloud-0000008063 cinder-volume[123885]: INFO cinder.volume.manager [None req-06b7bbdc-d0ba-4575-8ead-674b14d6aff2 None None] Determined volume DB was empty at startup.
Mar 12 11:12:49 jammy-provider-cloud-0000008063 cinder-volume[123885]: DEBUG cinder.volume.manager [None req-06b7bbdc-d0ba-4575-8ead-674b14d6aff2 None None] Cinder Volume DB check: vol_db_empty=True {{(pid=123885) __init__ /opt/stack/cinder/cinder/volume/manager.py:288}}
Mar 12 11:12:49 jammy-provider-cloud-0000008063 cinder-volume[123885]: INFO cinder.volume.manager [None req-06b7bbdc-d0ba-4575-8ead-674b14d6aff2 None None] Service not found for updating active_backend_id, assuming default for driver init.
Mar 12 11:12:49 jammy-provider-cloud-0000008063 cinder-volume[123885]: WARNING stevedore.named [None req-06b7bbdc-d0ba-4575-8ead-674b14d6aff2 None None] Could not load cinder.keymgr.conf_key_mgr.ConfKeyManager
Mar 12 11:12:49 jammy-provider-cloud-0000008063 cinder-volume[123885]: WARNING castellan.key_manager [None req-06b7bbdc-d0ba-4575-8ead-674b14d6aff2 None None] Deprecation Warning : cinder.keymgr.conf_key_mgr.ConfKeyManager is not a stevedore based driver, trying to load it as a class: stevedore.exception.NoMatches: No 'castellan.drivers' driver found, looking for 'cinder.keymgr.conf_key_mgr.ConfKeyManager'
Mar 12 11:12:49 jammy-provider-cloud-0000008063 cinder-volume[123885]: WARNING cinder.keymgr.conf_key_mgr [None req-06b7bbdc-d0ba-4575-8ead-674b14d6aff2 None None] This key manager is insecure and is not recommended for production deployments: stevedore.exception.NoMatches: No 'castellan.drivers' driver found, looking for 'cinder.keymgr.conf_key_mgr.ConfKeyManager'
Mar 12 11:12:49 jammy-provider-cloud-0000008063 cinder-volume[123885]: DEBUG cinder.zonemanager.utils [None req-06b7bbdc-d0ba-4575-8ead-674b14d6aff2 None None] Zoning mode: None. {{(pid=123885) create_lookup_service /opt/stack/cinder/cinder/zonemanager/utils.py:56}}
Mar 12 11:12:49 jammy-provider-cloud-0000008063 cinder-volume[123885]: DEBUG cinder.zonemanager.utils [None req-06b7bbdc-d0ba-4575-8ead-674b14d6aff2 None None] FC Lookup Service not enabled in cinder.conf. {{(pid=123885) create_lookup_service /opt/stack/cinder/cinder/zonemanager/utils.py:63}}
Mar 12 11:12:49 jammy-provider-cloud-0000008063 cinder-volume[123885]: INFO cinder.volume.manager [None req-06b7bbdc-d0ba-4575-8ead-674b14d6aff2 None None] Image-volume cache disabled for host jammy-provider-cloud-0000008063@arcusfc1.
Mar 12 11:12:49 jammy-provider-cloud-0000008063 cinder-volume[123885]: DEBUG oslo_db.sqlalchemy.engines [None req-06b7bbdc-d0ba-4575-8ead-674b14d6aff2 None None] MySQL server mode set to STRICT_TRANS_TABLES,STRICT_ALL_TABLES,NO_ZERO_IN_DATE,NO_ZERO_DATE,ERROR_FOR_DIVISION_BY_ZERO,TRADITIONAL,NO_ENGINE_SUBSTITUTION {{(pid=123885) _check_effective_sql_mode /opt/stack/data/venv/lib/python3.10/site-packages/oslo_db/sqlalchemy/engines.py:397}}
Mar 12 11:12:49 jammy-provider-cloud-0000008063 cinder-volume[123885]: INFO oslo_service.backend.eventlet.service [None req-06b7bbdc-d0ba-4575-8ead-674b14d6aff2 None None] Starting 1 workers
Mar 12 11:12:49 jammy-provider-cloud-0000008063 cinder-volume[123885]: DEBUG oslo_service.backend.eventlet.service [None req-06b7bbdc-d0ba-4575-8ead-674b14d6aff2 None None] Started child 123897 {{(pid=123885) _start_child /opt/stack/data/venv/lib/python3.10/site-packages/oslo_service/backend/eventlet/service.py:573}}
Mar 12 11:12:49 jammy-provider-cloud-0000008063 cinder-volume[123897]: INFO cinder.service [-] Starting cinder-volume node (version 25.1.0)
Mar 12 11:12:49 jammy-provider-cloud-0000008063 cinder-volume[123885]: DEBUG oslo_db.sqlalchemy.engines [None req-06b7bbdc-d0ba-4575-8ead-674b14d6aff2 None None] MySQL server mode set to STRICT_TRANS_TABLES,STRICT_ALL_TABLES,NO_ZERO_IN_DATE,NO_ZERO_DATE,ERROR_FOR_DIVISION_BY_ZERO,TRADITIONAL,NO_ENGINE_SUBSTITUTION {{(pid=123885) _check_effective_sql_mode /opt/stack/data/venv/lib/python3.10/site-packages/oslo_db/sqlalchemy/engines.py:397}}
Mar 12 11:12:49 jammy-provider-cloud-0000008063 cinder-volume[123885]: INFO cinder.volume.manager [None req-06b7bbdc-d0ba-4575-8ead-674b14d6aff2 None None] Determined volume DB was empty at startup.
Mar 12 11:12:49 jammy-provider-cloud-0000008063 cinder-volume[123885]: DEBUG cinder.volume.manager [None req-06b7bbdc-d0ba-4575-8ead-674b14d6aff2 None None] Cinder Volume DB check: vol_db_empty=True {{(pid=123885) __init__ /opt/stack/cinder/cinder/volume/manager.py:288}}
Mar 12 11:12:49 jammy-provider-cloud-0000008063 cinder-volume[123885]: INFO cinder.volume.manager [None req-06b7bbdc-d0ba-4575-8ead-674b14d6aff2 None None] Service not found for updating active_backend_id, assuming default for driver init.
Mar 12 11:12:49 jammy-provider-cloud-0000008063 cinder-volume[123885]: WARNING stevedore.named [None req-06b7bbdc-d0ba-4575-8ead-674b14d6aff2 None None] Could not load cinder.keymgr.conf_key_mgr.ConfKeyManager
Mar 12 11:12:49 jammy-provider-cloud-0000008063 cinder-volume[123885]: WARNING castellan.key_manager [None req-06b7bbdc-d0ba-4575-8ead-674b14d6aff2 None None] Deprecation Warning : cinder.keymgr.conf_key_mgr.ConfKeyManager is not a stevedore based driver, trying to load it as a class: stevedore.exception.NoMatches: No 'castellan.drivers' driver found, looking for 'cinder.keymgr.conf_key_mgr.ConfKeyManager'
Mar 12 11:12:49 jammy-provider-cloud-0000008063 cinder-volume[123897]: INFO cinder.volume.manager [None req-2417d66f-474e-4fff-9192-c21dcd996409 None None] Starting volume driver HPE3PARNVMEDriver (1.0)
Mar 12 11:12:49 jammy-provider-cloud-0000008063 cinder-volume[123885]: DEBUG cinder.zonemanager.utils [None req-06b7bbdc-d0ba-4575-8ead-674b14d6aff2 None None] Zoning mode: None. {{(pid=123885) create_lookup_service /opt/stack/cinder/cinder/zonemanager/utils.py:56}}
Mar 12 11:12:49 jammy-provider-cloud-0000008063 cinder-volume[123885]: DEBUG cinder.zonemanager.utils [None req-06b7bbdc-d0ba-4575-8ead-674b14d6aff2 None None] FC Lookup Service not enabled in cinder.conf. {{(pid=123885) create_lookup_service /opt/stack/cinder/cinder/zonemanager/utils.py:63}}
Mar 12 11:12:49 jammy-provider-cloud-0000008063 cinder-volume[123897]: DEBUG cinder.volume.drivers.hpe.hpe_3par_common [None req-2417d66f-474e-4fff-9192-c21dcd996409 None None] Connecting to 3PAR {{(pid=123897) client_login /opt/stack/cinder/cinder/volume/drivers/hpe/hpe_3par_common.py:425}}
Mar 12 11:12:49 jammy-provider-cloud-0000008063 cinder-volume[123885]: INFO cinder.volume.manager [None req-06b7bbdc-d0ba-4575-8ead-674b14d6aff2 None None] Image-volume cache disabled for host jammy-provider-cloud-0000008063@arcusfc2.
Mar 12 11:12:49 jammy-provider-cloud-0000008063 cinder-volume[123885]: DEBUG oslo_db.sqlalchemy.engines [None req-06b7bbdc-d0ba-4575-8ead-674b14d6aff2 None None] MySQL server mode set to STRICT_TRANS_TABLES,STRICT_ALL_TABLES,NO_ZERO_IN_DATE,NO_ZERO_DATE,ERROR_FOR_DIVISION_BY_ZERO,TRADITIONAL,NO_ENGINE_SUBSTITUTION {{(pid=123885) _check_effective_sql_mode /opt/stack/data/venv/lib/python3.10/site-packages/oslo_db/sqlalchemy/engines.py:397}}
Mar 12 11:12:49 jammy-provider-cloud-0000008063 cinder-volume[123897]: WARNING py.warnings [None req-2417d66f-474e-4fff-9192-c21dcd996409 None None] /opt/stack/data/venv/lib/python3.10/site-packages/urllib3/connectionpool.py:1064: InsecureRequestWarning: Unverified HTTPS request is being made to host '10.201.5.12'. Adding certificate verification is strongly advised. See: https://urllib3.readthedocs.io/en/1.26.x/advanced-usage.html#ssl-warnings
Mar 12 11:12:49 jammy-provider-cloud-0000008063 cinder-volume[123897]:   warnings.warn(
Mar 12 11:12:49 jammy-provider-cloud-0000008063 cinder-volume[123885]: INFO oslo_service.backend.eventlet.service [None req-06b7bbdc-d0ba-4575-8ead-674b14d6aff2 None None] Starting 1 workers
Mar 12 11:12:49 jammy-provider-cloud-0000008063 cinder-volume[123885]: DEBUG oslo_service.backend.eventlet.service [None req-06b7bbdc-d0ba-4575-8ead-674b14d6aff2 None None] Started child 123898 {{(pid=123885) _start_child /opt/stack/data/venv/lib/python3.10/site-packages/oslo_service/backend/eventlet/service.py:573}}
Mar 12 11:12:49 jammy-provider-cloud-0000008063 cinder-volume[123885]: DEBUG oslo_service.backend.eventlet.service [None req-06b7bbdc-d0ba-4575-8ead-674b14d6aff2 None None] Full set of CONF: {{(pid=123885) wait /opt/stack/data/venv/lib/python3.10/site-packages/oslo_service/backend/eventlet/service.py:647}}
Mar 12 11:12:49 jammy-provider-cloud-0000008063 cinder-volume[123885]: DEBUG oslo_service.backend.eventlet.service [None req-06b7bbdc-d0ba-4575-8ead-674b14d6aff2 None None] ******************************************************************************** {{(pid=123885) log_opt_values /opt/stack/data/venv/lib/python3.10/site-packages/oslo_config/cfg.py:2804}}
Mar 12 11:12:49 jammy-provider-cloud-0000008063 cinder-volume[123885]: DEBUG oslo_service.backend.eventlet.service [None req-06b7bbdc-d0ba-4575-8ead-674b14d6aff2 None None] Configuration options gathered from: {{(pid=123885) log_opt_values /opt/stack/data/venv/lib/python3.10/site-packages/oslo_config/cfg.py:2805}}
Mar 12 11:12:49 jammy-provider-cloud-0000008063 cinder-volume[123885]: DEBUG oslo_service.backend.eventlet.service [None req-06b7bbdc-d0ba-4575-8ead-674b14d6aff2 None None] command line args: ['--config-file', '/etc/cinder/cinder.conf'] {{(pid=123885) log_opt_values /opt/stack/data/venv/lib/python3.10/site-packages/oslo_config/cfg.py:2806}}
Mar 12 11:12:49 jammy-provider-cloud-0000008063 cinder-volume[123885]: DEBUG oslo_service.backend.eventlet.service [None req-06b7bbdc-d0ba-4575-8ead-674b14d6aff2 None None] config files: ['/etc/cinder/cinder.conf'] {{(pid=123885) log_opt_values /opt/stack/data/venv/lib/python3.10/site-packages/oslo_config/cfg.py:2807}}
Mar 12 11:12:49 jammy-provider-cloud-0000008063 cinder-volume[123885]: DEBUG oslo_service.backend.eventlet.service [None req-06b7bbdc-d0ba-4575-8ead-674b14d6aff2 None None] ================================================================================ {{(pid=123885) log_opt_values /opt/stack/data/venv/lib/python3.10/site-packages/oslo_config/cfg.py:2809}}
Mar 12 11:12:49 jammy-provider-cloud-0000008063 cinder-volume[123897]: WARNING py.warnings [None req-2417d66f-474e-4fff-9192-c21dcd996409 None None] /opt/stack/data/venv/lib/python3.10/site-packages/urllib3/connectionpool.py:1064: InsecureRequestWarning: Unverified HTTPS request is being made to host '10.201.5.12'. Adding certificate verification is strongly advised. See: https://urllib3.readthedocs.io/en/1.26.x/advanced-usage.html#ssl-warnings
Mar 12 11:12:49 jammy-provider-cloud-0000008063 cinder-volume[123897]:   warnings.warn(
Mar 12 11:12:49 jammy-provider-cloud-0000008063 cinder-volume[123885]: DEBUG oslo_service.backend.eventlet.service [None req-06b7bbdc-d0ba-4575-8ead-674b14d6aff2 None None] allow_availability_zone_fallback = False {{(pid=123885) log_opt_values /opt/stack/data/venv/lib/python3.10/site-packages/oslo_config/cfg.py:2817}}
Mar 12 11:12:49 jammy-provider-cloud-0000008063 cinder-volume[123885]: DEBUG oslo_service.backend.eventlet.service [None req-06b7bbdc-d0ba-4575-8ead-674b14d6aff2 None None] allow_compression_on_image_upload = False {{(pid=123885) log_opt_values /opt/stack/data/venv/lib/python3.10/site-packages/oslo_config/cfg.py:2817}}
Mar 12 11:12:49 jammy-provider-cloud-0000008063 cinder-volume[123885]: DEBUG oslo_service.backend.eventlet.service [None req-06b7bbdc-d0ba-4575-8ead-674b14d6aff2 None None] allowed_direct_url_schemes     = [] {{(pid=123885) log_opt_values /opt/stack/data/venv/lib/python3.10/site-packages/oslo_config/cfg.py:2817}}
Mar 12 11:12:49 jammy-provider-cloud-0000008063 cinder-volume[123885]: DEBUG oslo_service.backend.eventlet.service [None req-06b7bbdc-d0ba-4575-8ead-674b14d6aff2 None None] api_rate_limit                 = True {{(pid=123885) log_opt_values /opt/stack/data/venv/lib/python3.10/site-packages/oslo_config/cfg.py:2817}}
Mar 12 11:12:49 jammy-provider-cloud-0000008063 cinder-volume[123897]: INFO cinder.volume.drivers.hpe.hpe_3par_common [None req-2417d66f-474e-4fff-9192-c21dcd996409 None None] HPE3PARCommon 4.0.22,hpe3parclient 4.2.13
Mar 12 11:12:49 jammy-provider-cloud-0000008063 cinder-volume[123885]: DEBUG oslo_service.backend.eventlet.service [None req-06b7bbdc-d0ba-4575-8ead-674b14d6aff2 None None] auth_strategy                  = keystone {{(pid=123885) log_opt_values /opt/stack/data/venv/lib/python3.10/site-packages/oslo_config/cfg.py:2817}}
Mar 12 11:12:49 jammy-provider-cloud-0000008063 cinder-volume[123897]: DEBUG cinder.volume.drivers.hpe.hpe_3par_common [None req-2417d66f-474e-4fff-9192-c21dcd996409 None None] Connecting to 3PAR {{(pid=123897) client_login /opt/stack/cinder/cinder/volume/drivers/hpe/hpe_3par_common.py:425}}
Mar 12 11:12:49 jammy-provider-cloud-0000008063 cinder-volume[123885]: DEBUG oslo_service.backend.eventlet.service [None req-06b7bbdc-d0ba-4575-8ead-674b14d6aff2 None None] backend_availability_zone      = None {{(pid=123885) log_opt_values /opt/stack/data/venv/lib/python3.10/site-packages/oslo_config/cfg.py:2817}}
Mar 12 11:12:49 jammy-provider-cloud-0000008063 cinder-volume[123885]: DEBUG oslo_service.backend.eventlet.service [None req-06b7bbdc-d0ba-4575-8ead-674b14d6aff2 None None] backend_host                   = None {{(pid=123885) log_opt_values /opt/stack/data/venv/lib/python3.10/site-packages/oslo_config/cfg.py:2817}}
Mar 12 11:12:49 jammy-provider-cloud-0000008063 cinder-volume[123898]: INFO cinder.service [-] Starting cinder-volume node (version 25.1.0)
Mar 12 11:12:49 jammy-provider-cloud-0000008063 cinder-volume[123885]: DEBUG oslo_service.backend.eventlet.service [None req-06b7bbdc-d0ba-4575-8ead-674b14d6aff2 None None] backend_name                   = None {{(pid=123885) log_opt_values /opt/stack/data/venv/lib/python3.10/site-packages/oslo_config/cfg.py:2817}}
Mar 12 11:12:49 jammy-provider-cloud-0000008063 cinder-volume[123885]: DEBUG oslo_service.backend.eventlet.service [None req-06b7bbdc-d0ba-4575-8ead-674b14d6aff2 None None] backend_stats_polling_interval = 60 {{(pid=123885) log_opt_values /opt/stack/data/venv/lib/python3.10/site-packages/oslo_config/cfg.py:2817}}
Mar 12 11:12:49 jammy-provider-cloud-0000008063 cinder-volume[123885]: DEBUG oslo_service.backend.eventlet.service [None req-06b7bbdc-d0ba-4575-8ead-674b14d6aff2 None None] backup_api_class               = cinder.backup.api.API {{(pid=123885) log_opt_values /opt/stack/data/venv/lib/python3.10/site-packages/oslo_config/cfg.py:2817}}
Mar 12 11:12:49 jammy-provider-cloud-0000008063 cinder-volume[123885]: DEBUG oslo_service.backend.eventlet.service [None req-06b7bbdc-d0ba-4575-8ead-674b14d6aff2 None None] backup_manager                 = cinder.backup.manager.BackupManager {{(pid=123885) log_opt_values /opt/stack/data/venv/lib/python3.10/site-packages/oslo_config/cfg.py:2817}}
Mar 12 11:12:49 jammy-provider-cloud-0000008063 cinder-volume[123885]: DEBUG oslo_service.backend.eventlet.service [None req-06b7bbdc-d0ba-4575-8ead-674b14d6aff2 None None] backup_name_template           = backup-%s {{(pid=123885) log_opt_values /opt/stack/data/venv/lib/python3.10/site-packages/oslo_config/cfg.py:2817}}
Mar 12 11:12:49 jammy-provider-cloud-0000008063 cinder-volume[123885]: DEBUG oslo_service.backend.eventlet.service [None req-06b7bbdc-d0ba-4575-8ead-674b14d6aff2 None None] backup_use_same_host           = False {{(pid=123885) log_opt_values /opt/stack/data/venv/lib/python3.10/site-packages/oslo_config/cfg.py:2817}}
Mar 12 11:12:49 jammy-provider-cloud-0000008063 cinder-volume[123885]: DEBUG oslo_service.backend.eventlet.service [None req-06b7bbdc-d0ba-4575-8ead-674b14d6aff2 None None] backup_use_temp_snapshot       = False {{(pid=123885) log_opt_values /opt/stack/data/venv/lib/python3.10/site-packages/oslo_config/cfg.py:2817}}
Mar 12 11:12:49 jammy-provider-cloud-0000008063 cinder-volume[123885]: DEBUG oslo_service.backend.eventlet.service [None req-06b7bbdc-d0ba-4575-8ead-674b14d6aff2 None None] chap_password                  = **** {{(pid=123885) log_opt_values /opt/stack/data/venv/lib/python3.10/site-packages/oslo_config/cfg.py:2817}}
Mar 12 11:12:49 jammy-provider-cloud-0000008063 cinder-volume[123885]: DEBUG oslo_service.backend.eventlet.service [None req-06b7bbdc-d0ba-4575-8ead-674b14d6aff2 None None] chap_username                  =  {{(pid=123885) log_opt_values /opt/stack/data/venv/lib/python3.10/site-packages/oslo_config/cfg.py:2817}}
Mar 12 11:12:49 jammy-provider-cloud-0000008063 cinder-volume[123885]: DEBUG oslo_service.backend.eventlet.service [None req-06b7bbdc-d0ba-4575-8ead-674b14d6aff2 None None] chiscsi_conf                   = /etc/chelsio-iscsi/chiscsi.conf {{(pid=123885) log_opt_values /opt/stack/data/venv/lib/python3.10/site-packages/oslo_config/cfg.py:2817}}
Mar 12 11:12:49 jammy-provider-cloud-0000008063 cinder-volume[123885]: DEBUG oslo_service.backend.eventlet.service [None req-06b7bbdc-d0ba-4575-8ead-674b14d6aff2 None None] cinder_internal_tenant_project_id = 35923cbfee13492d9cd0f2b37b68f52a {{(pid=123885) log_opt_values /opt/stack/data/venv/lib/python3.10/site-packages/oslo_config/cfg.py:2817}}
Mar 12 11:12:49 jammy-provider-cloud-0000008063 cinder-volume[123885]: DEBUG oslo_service.backend.eventlet.service [None req-06b7bbdc-d0ba-4575-8ead-674b14d6aff2 None None] cinder_internal_tenant_user_id = c1545676de6a4ff99c21fff1b1d7a2ff {{(pid=123885) log_opt_values /opt/stack/data/venv/lib/python3.10/site-packages/oslo_config/cfg.py:2817}}
Mar 12 11:12:49 jammy-provider-cloud-0000008063 cinder-volume[123885]: DEBUG oslo_service.backend.eventlet.service [None req-06b7bbdc-d0ba-4575-8ead-674b14d6aff2 None None] cluster                        = None {{(pid=123885) log_opt_values /opt/stack/data/venv/lib/python3.10/site-packages/oslo_config/cfg.py:2817}}
Mar 12 11:12:49 jammy-provider-cloud-0000008063 cinder-volume[123885]: DEBUG oslo_service.backend.eventlet.service [None req-06b7bbdc-d0ba-4575-8ead-674b14d6aff2 None None] compression_format             = gzip {{(pid=123885) log_opt_values /opt/stack/data/venv/lib/python3.10/site-packages/oslo_config/cfg.py:2817}}
Mar 12 11:12:49 jammy-provider-cloud-0000008063 cinder-volume[123885]: DEBUG oslo_service.backend.eventlet.service [None req-06b7bbdc-d0ba-4575-8ead-674b14d6aff2 None None] compute_api_class              = cinder.compute.nova.API {{(pid=123885) log_opt_values /opt/stack/data/venv/lib/python3.10/site-packages/oslo_config/cfg.py:2817}}
Mar 12 11:12:49 jammy-provider-cloud-0000008063 cinder-volume[123885]: DEBUG oslo_service.backend.eventlet.service [None req-06b7bbdc-d0ba-4575-8ead-674b14d6aff2 None None] config_dir                     = [] {{(pid=123885) log_opt_values /opt/stack/data/venv/lib/python3.10/site-packages/oslo_config/cfg.py:2817}}
Mar 12 11:12:49 jammy-provider-cloud-0000008063 cinder-volume[123885]: DEBUG oslo_service.backend.eventlet.service [None req-06b7bbdc-d0ba-4575-8ead-674b14d6aff2 None None] config_file                    = ['/etc/cinder/cinder.conf'] {{(pid=123885) log_opt_values /opt/stack/data/venv/lib/python3.10/site-packages/oslo_config/cfg.py:2817}}
Mar 12 11:12:49 jammy-provider-cloud-0000008063 cinder-volume[123885]: DEBUG oslo_service.backend.eventlet.service [None req-06b7bbdc-d0ba-4575-8ead-674b14d6aff2 None None] config_source                  = [] {{(pid=123885) log_opt_values /opt/stack/data/venv/lib/python3.10/site-packages/oslo_config/cfg.py:2817}}
Mar 12 11:12:49 jammy-provider-cloud-0000008063 cinder-volume[123897]: WARNING py.warnings [None req-2417d66f-474e-4fff-9192-c21dcd996409 None None] /opt/stack/data/venv/lib/python3.10/site-packages/urllib3/connectionpool.py:1064: InsecureRequestWarning: Unverified HTTPS request is being made to host '10.201.5.12'. Adding certificate verification is strongly advised. See: https://urllib3.readthedocs.io/en/1.26.x/advanced-usage.html#ssl-warnings
Mar 12 11:12:49 jammy-provider-cloud-0000008063 cinder-volume[123897]:   warnings.warn(
Mar 12 11:12:49 jammy-provider-cloud-0000008063 cinder-volume[123885]: DEBUG oslo_service.backend.eventlet.service [None req-06b7bbdc-d0ba-4575-8ead-674b14d6aff2 None None] consistencygroup_api_class     = cinder.consistencygroup.api.API {{(pid=123885) log_opt_values /opt/stack/data/venv/lib/python3.10/site-packages/oslo_config/cfg.py:2817}}
Mar 12 11:12:49 jammy-provider-cloud-0000008063 cinder-volume[123885]: DEBUG oslo_service.backend.eventlet.service [None req-06b7bbdc-d0ba-4575-8ead-674b14d6aff2 None None] control_exchange               = openstack {{(pid=123885) log_opt_values /opt/stack/data/venv/lib/python3.10/site-packages/oslo_config/cfg.py:2817}}
Mar 12 11:12:49 jammy-provider-cloud-0000008063 cinder-volume[123885]: DEBUG oslo_service.backend.eventlet.service [None req-06b7bbdc-d0ba-4575-8ead-674b14d6aff2 None None] debug                          = True {{(pid=123885) log_opt_values /opt/stack/data/venv/lib/python3.10/site-packages/oslo_config/cfg.py:2817}}
Mar 12 11:12:49 jammy-provider-cloud-0000008063 cinder-volume[123885]: DEBUG oslo_service.backend.eventlet.service [None req-06b7bbdc-d0ba-4575-8ead-674b14d6aff2 None None] default_availability_zone      = None {{(pid=123885) log_opt_values /opt/stack/data/venv/lib/python3.10/site-packages/oslo_config/cfg.py:2817}}
Mar 12 11:12:49 jammy-provider-cloud-0000008063 cinder-volume[123885]: DEBUG oslo_service.backend.eventlet.service [None req-06b7bbdc-d0ba-4575-8ead-674b14d6aff2 None None] default_group_type             = None {{(pid=123885) log_opt_values /opt/stack/data/venv/lib/python3.10/site-packages/oslo_config/cfg.py:2817}}
Mar 12 11:12:49 jammy-provider-cloud-0000008063 cinder-volume[123885]: DEBUG oslo_service.backend.eventlet.service [None req-06b7bbdc-d0ba-4575-8ead-674b14d6aff2 None None] default_log_levels             = ['amqp=WARN', 'amqplib=WARN', 'boto=WARN', 'qpid=WARN', 'sqlalchemy=WARN', 'suds=INFO', 'oslo.messaging=INFO', 'oslo_messaging=INFO', 'iso8601=WARN', 'requests.packages.urllib3.connectionpool=WARN', 'urllib3.connectionpool=WARN', 'websocket=WARN', 'requests.packages.urllib3.util.retry=WARN', 'urllib3.util.retry=WARN', 'keystonemiddleware=WARN', 'routes.middleware=WARN', 'stevedore=WARN', 'taskflow=WARN', 'keystoneauth=WARN', 'oslo.cache=INFO', 'oslo_policy=INFO', 'dogpile.core.dogpile=INFO'] {{(pid=123885) log_opt_values /opt/stack/data/venv/lib/python3.10/site-packages/oslo_config/cfg.py:2817}}
Mar 12 11:12:49 jammy-provider-cloud-0000008063 cinder-volume[123885]: DEBUG oslo_service.backend.eventlet.service [None req-06b7bbdc-d0ba-4575-8ead-674b14d6aff2 None None] default_volume_type            = arcusfc1 {{(pid=123885) log_opt_values /opt/stack/data/venv/lib/python3.10/site-packages/oslo_config/cfg.py:2817}}
Mar 12 11:12:49 jammy-provider-cloud-0000008063 cinder-volume[123885]: DEBUG oslo_service.backend.eventlet.service [None req-06b7bbdc-d0ba-4575-8ead-674b14d6aff2 None None] driver_client_cert             = None {{(pid=123885) log_opt_values /opt/stack/data/venv/lib/python3.10/site-packages/oslo_config/cfg.py:2817}}
Mar 12 11:12:49 jammy-provider-cloud-0000008063 cinder-volume[123885]: DEBUG oslo_service.backend.eventlet.service [None req-06b7bbdc-d0ba-4575-8ead-674b14d6aff2 None None] driver_client_cert_key         = None {{(pid=123885) log_opt_values /opt/stack/data/venv/lib/python3.10/site-packages/oslo_config/cfg.py:2817}}
Mar 12 11:12:49 jammy-provider-cloud-0000008063 cinder-volume[123885]: DEBUG oslo_service.backend.eventlet.service [None req-06b7bbdc-d0ba-4575-8ead-674b14d6aff2 None None] driver_data_namespace          = None {{(pid=123885) log_opt_values /opt/stack/data/venv/lib/python3.10/site-packages/oslo_config/cfg.py:2817}}
Mar 12 11:12:49 jammy-provider-cloud-0000008063 cinder-volume[123885]: DEBUG oslo_service.backend.eventlet.service [None req-06b7bbdc-d0ba-4575-8ead-674b14d6aff2 None None] driver_ssl_cert_path           = None {{(pid=123885) log_opt_values /opt/stack/data/venv/lib/python3.10/site-packages/oslo_config/cfg.py:2817}}
Mar 12 11:12:49 jammy-provider-cloud-0000008063 cinder-volume[123885]: DEBUG oslo_service.backend.eventlet.service [None req-06b7bbdc-d0ba-4575-8ead-674b14d6aff2 None None] driver_ssl_cert_verify         = False {{(pid=123885) log_opt_values /opt/stack/data/venv/lib/python3.10/site-packages/oslo_config/cfg.py:2817}}
Mar 12 11:12:49 jammy-provider-cloud-0000008063 cinder-volume[123885]: DEBUG oslo_service.backend.eventlet.service [None req-06b7bbdc-d0ba-4575-8ead-674b14d6aff2 None None] driver_use_ssl                 = False {{(pid=123885) log_opt_values /opt/stack/data/venv/lib/python3.10/site-packages/oslo_config/cfg.py:2817}}
Mar 12 11:12:49 jammy-provider-cloud-0000008063 cinder-volume[123885]: DEBUG oslo_service.backend.eventlet.service [None req-06b7bbdc-d0ba-4575-8ead-674b14d6aff2 None None] enable_new_services            = True {{(pid=123885) log_opt_values /opt/stack/data/venv/lib/python3.10/site-packages/oslo_config/cfg.py:2817}}
Mar 12 11:12:49 jammy-provider-cloud-0000008063 cinder-volume[123885]: DEBUG oslo_service.backend.eventlet.service [None req-06b7bbdc-d0ba-4575-8ead-674b14d6aff2 None None] enable_unsupported_driver      = False {{(pid=123885) log_opt_values /opt/stack/data/venv/lib/python3.10/site-packages/oslo_config/cfg.py:2817}}
Mar 12 11:12:49 jammy-provider-cloud-0000008063 cinder-volume[123885]: DEBUG oslo_service.backend.eventlet.service [None req-06b7bbdc-d0ba-4575-8ead-674b14d6aff2 None None] enabled_backends               = ['arcusfc1', 'arcusfc2'] {{(pid=123885) log_opt_values /opt/stack/data/venv/lib/python3.10/site-packages/oslo_config/cfg.py:2817}}
Mar 12 11:12:49 jammy-provider-cloud-0000008063 cinder-volume[123885]: DEBUG oslo_service.backend.eventlet.service [None req-06b7bbdc-d0ba-4575-8ead-674b14d6aff2 None None] enforce_multipath_for_image_xfer = False {{(pid=123885) log_opt_values /opt/stack/data/venv/lib/python3.10/site-packages/oslo_config/cfg.py:2817}}
Mar 12 11:12:49 jammy-provider-cloud-0000008063 cinder-volume[123885]: DEBUG oslo_service.backend.eventlet.service [None req-06b7bbdc-d0ba-4575-8ead-674b14d6aff2 None None] filter_function                = None {{(pid=123885) log_opt_values /opt/stack/data/venv/lib/python3.10/site-packages/oslo_config/cfg.py:2817}}
Mar 12 11:12:49 jammy-provider-cloud-0000008063 cinder-volume[123885]: DEBUG oslo_service.backend.eventlet.service [None req-06b7bbdc-d0ba-4575-8ead-674b14d6aff2 None None] glance_api_insecure            = False {{(pid=123885) log_opt_values /opt/stack/data/venv/lib/python3.10/site-packages/oslo_config/cfg.py:2817}}
Mar 12 11:12:49 jammy-provider-cloud-0000008063 cinder-volume[123885]: DEBUG oslo_service.backend.eventlet.service [None req-06b7bbdc-d0ba-4575-8ead-674b14d6aff2 None None] glance_api_servers             = ['http://10.201.5.87/image'] {{(pid=123885) log_opt_values /opt/stack/data/venv/lib/python3.10/site-packages/oslo_config/cfg.py:2817}}
Mar 12 11:12:49 jammy-provider-cloud-0000008063 cinder-volume[123885]: DEBUG oslo_service.backend.eventlet.service [None req-06b7bbdc-d0ba-4575-8ead-674b14d6aff2 None None] glance_api_ssl_compression     = False {{(pid=123885) log_opt_values /opt/stack/data/venv/lib/python3.10/site-packages/oslo_config/cfg.py:2817}}
Mar 12 11:12:49 jammy-provider-cloud-0000008063 cinder-volume[123885]: DEBUG oslo_service.backend.eventlet.service [None req-06b7bbdc-d0ba-4575-8ead-674b14d6aff2 None None] glance_ca_certificates_file    = None {{(pid=123885) log_opt_values /opt/stack/data/venv/lib/python3.10/site-packages/oslo_config/cfg.py:2817}}
Mar 12 11:12:49 jammy-provider-cloud-0000008063 cinder-volume[123885]: DEBUG oslo_service.backend.eventlet.service [None req-06b7bbdc-d0ba-4575-8ead-674b14d6aff2 None None] glance_catalog_info            = image:glance:publicURL {{(pid=123885) log_opt_values /opt/stack/data/venv/lib/python3.10/site-packages/oslo_config/cfg.py:2817}}
Mar 12 11:12:49 jammy-provider-cloud-0000008063 cinder-volume[123885]: DEBUG oslo_service.backend.eventlet.service [None req-06b7bbdc-d0ba-4575-8ead-674b14d6aff2 None None] glance_certfile                = None {{(pid=123885) log_opt_values /opt/stack/data/venv/lib/python3.10/site-packages/oslo_config/cfg.py:2817}}
Mar 12 11:12:49 jammy-provider-cloud-0000008063 cinder-volume[123885]: DEBUG oslo_service.backend.eventlet.service [None req-06b7bbdc-d0ba-4575-8ead-674b14d6aff2 None None] glance_core_properties         = ['checksum', 'container_format', 'disk_format', 'image_name', 'image_id', 'min_disk', 'min_ram', 'name', 'size'] {{(pid=123885) log_opt_values /opt/stack/data/venv/lib/python3.10/site-packages/oslo_config/cfg.py:2817}}
Mar 12 11:12:49 jammy-provider-cloud-0000008063 cinder-volume[123885]: DEBUG oslo_service.backend.eventlet.service [None req-06b7bbdc-d0ba-4575-8ead-674b14d6aff2 None None] glance_keyfile                 = None {{(pid=123885) log_opt_values /opt/stack/data/venv/lib/python3.10/site-packages/oslo_config/cfg.py:2817}}
Mar 12 11:12:49 jammy-provider-cloud-0000008063 cinder-volume[123885]: DEBUG oslo_service.backend.eventlet.service [None req-06b7bbdc-d0ba-4575-8ead-674b14d6aff2 None None] glance_num_retries             = 3 {{(pid=123885) log_opt_values /opt/stack/data/venv/lib/python3.10/site-packages/oslo_config/cfg.py:2817}}
Mar 12 11:12:49 jammy-provider-cloud-0000008063 cinder-volume[123885]: DEBUG oslo_service.backend.eventlet.service [None req-06b7bbdc-d0ba-4575-8ead-674b14d6aff2 None None] glance_request_timeout         = None {{(pid=123885) log_opt_values /opt/stack/data/venv/lib/python3.10/site-packages/oslo_config/cfg.py:2817}}
Mar 12 11:12:49 jammy-provider-cloud-0000008063 cinder-volume[123885]: DEBUG oslo_service.backend.eventlet.service [None req-06b7bbdc-d0ba-4575-8ead-674b14d6aff2 None None] goodness_function              = None {{(pid=123885) log_opt_values /opt/stack/data/venv/lib/python3.10/site-packages/oslo_config/cfg.py:2817}}
Mar 12 11:12:49 jammy-provider-cloud-0000008063 cinder-volume[123885]: DEBUG oslo_service.backend.eventlet.service [None req-06b7bbdc-d0ba-4575-8ead-674b14d6aff2 None None] graceful_shutdown_timeout      = 5 {{(pid=123885) log_opt_values /opt/stack/data/venv/lib/python3.10/site-packages/oslo_config/cfg.py:2817}}
Mar 12 11:12:49 jammy-provider-cloud-0000008063 cinder-volume[123885]: DEBUG oslo_service.backend.eventlet.service [None req-06b7bbdc-d0ba-4575-8ead-674b14d6aff2 None None] group_api_class                = cinder.group.api.API {{(pid=123885) log_opt_values /opt/stack/data/venv/lib/python3.10/site-packages/oslo_config/cfg.py:2817}}
Mar 12 11:12:49 jammy-provider-cloud-0000008063 cinder-volume[123885]: DEBUG oslo_service.backend.eventlet.service [None req-06b7bbdc-d0ba-4575-8ead-674b14d6aff2 None None] host                           = jammy-provider-cloud-0000008063 {{(pid=123885) log_opt_values /opt/stack/data/venv/lib/python3.10/site-packages/oslo_config/cfg.py:2817}}
Mar 12 11:12:49 jammy-provider-cloud-0000008063 cinder-volume[123885]: DEBUG oslo_service.backend.eventlet.service [None req-06b7bbdc-d0ba-4575-8ead-674b14d6aff2 None None] image_compress_on_upload       = True {{(pid=123885) log_opt_values /opt/stack/data/venv/lib/python3.10/site-packages/oslo_config/cfg.py:2817}}
Mar 12 11:12:49 jammy-provider-cloud-0000008063 cinder-volume[123885]: DEBUG oslo_service.backend.eventlet.service [None req-06b7bbdc-d0ba-4575-8ead-674b14d6aff2 None None] image_conversion_address_space_limit = 1 {{(pid=123885) log_opt_values /opt/stack/data/venv/lib/python3.10/site-packages/oslo_config/cfg.py:2817}}
Mar 12 11:12:49 jammy-provider-cloud-0000008063 cinder-volume[123898]: INFO cinder.volume.manager [None req-aed191da-f771-4de3-984a-8599b069a060 None None] Starting volume driver HPE3PARNVMEDriver (1.0)
Mar 12 11:12:49 jammy-provider-cloud-0000008063 cinder-volume[123885]: DEBUG oslo_service.backend.eventlet.service [None req-06b7bbdc-d0ba-4575-8ead-674b14d6aff2 None None] image_conversion_cpu_limit     = 60 {{(pid=123885) log_opt_values /opt/stack/data/venv/lib/python3.10/site-packages/oslo_config/cfg.py:2817}}
