Mar 12 11:06:22 jammy-provider-cloud-0000008063 devstack@keystone.service[72434]: ERROR keystone.server.flask.application Traceback (most recent call last):
Mar 12 11:06:22 jammy-provider-cloud-0000008063 devstack@keystone.service[72434]: ERROR keystone.server.flask.application   File "/opt/stack/keystone/keystone/resource/core.py", line 250, in create_project
Mar 12 11:06:22 jammy-provider-cloud-0000008063 devstack@keystone.service[72434]: ERROR keystone.server.flask.application     ret = self.driver.create_project(project_id, project)
Mar 12 11:06:22 jammy-provider-cloud-0000008063 devstack@keystone.service[72434]: ERROR keystone.server.flask.application   File "/opt/stack/keystone/keystone/common/sql/core.py", line 614, in wrapper
Mar 12 11:06:22 jammy-provider-cloud-0000008063 devstack@keystone.service[72434]: ERROR keystone.server.flask.application     raise exception.Conflict(type=conflict_type, details=msg)
Mar 12 11:06:22 jammy-provider-cloud-0000008063 devstack@keystone.service[72434]: ERROR keystone.server.flask.application keystone.exception.Conflict: Conflict occurred attempting to store project - Duplicate entry found with name Default.
Mar 12 11:06:22 jammy-provider-cloud-0000008063 devstack@keystone.service[72434]: ERROR keystone.server.flask.application 
Mar 12 11:06:22 jammy-provider-cloud-0000008063 devstack@keystone.service[72434]: ERROR keystone.server.flask.application During handling of the above exception, another exception occurred:
Mar 12 11:06:22 jammy-provider-cloud-0000008063 devstack@keystone.service[72434]: ERROR keystone.server.flask.application 
Mar 12 11:06:22 jammy-provider-cloud-0000008063 devstack@keystone.service[72434]: ERROR keystone.server.flask.application Traceback (most recent call last):
Mar 12 11:06:22 jammy-provider-cloud-0000008063 devstack@keystone.service[72434]: ERROR keystone.server.flask.application   File "/opt/stack/data/venv/lib/python3.10/site-packages/flask/app.py", line 917, in full_dispatch_request
Mar 12 11:06:22 jammy-provider-cloud-0000008063 devstack@keystone.service[72434]: ERROR keystone.server.flask.application     rv = self.dispatch_request()
Mar 12 11:06:22 jammy-provider-cloud-0000008063 devstack@keystone.service[72434]: ERROR keystone.server.flask.application   File "/opt/stack/data/venv/lib/python3.10/site-packages/flask/app.py", line 902, in dispatch_request
Mar 12 11:06:22 jammy-provider-cloud-0000008063 devstack@keystone.service[72434]: ERROR keystone.server.flask.application     return self.ensure_sync(self.view_functions[rule.endpoint])(**view_args)  # type: ignore[no-any-return]
Mar 12 11:06:22 jammy-provider-cloud-0000008063 devstack@keystone.service[72434]: ERROR keystone.server.flask.application   File "/opt/stack/data/venv/lib/python3.10/site-packages/flask_restful/__init__.py", line 489, in wrapper
Mar 12 11:06:22 jammy-provider-cloud-0000008063 devstack@keystone.service[72434]: ERROR keystone.server.flask.application     resp = resource(*args, **kwargs)
Mar 12 11:06:22 jammy-provider-cloud-0000008063 devstack@keystone.service[72434]: ERROR keystone.server.flask.application   File "/opt/stack/data/venv/lib/python3.10/site-packages/flask/views.py", line 110, in view
Mar 12 11:06:22 jammy-provider-cloud-0000008063 devstack@keystone.service[72434]: ERROR keystone.server.flask.application     return current_app.ensure_sync(self.dispatch_request)(**kwargs)  # type: ignore[no-any-return]
Mar 12 11:06:22 jammy-provider-cloud-0000008063 devstack@keystone.service[72434]: ERROR keystone.server.flask.application   File "/opt/stack/data/venv/lib/python3.10/site-packages/flask_restful/__init__.py", line 604, in dispatch_request
Mar 12 11:06:22 jammy-provider-cloud-0000008063 devstack@keystone.service[72434]: ERROR keystone.server.flask.application     resp = meth(*args, **kwargs)
Mar 12 11:06:22 jammy-provider-cloud-0000008063 devstack@keystone.service[72434]: ERROR keystone.server.flask.application   File "/opt/stack/keystone/keystone/api/validation/__init__.py", line 80, in wrapper
Mar 12 11:06:22 jammy-provider-cloud-0000008063 devstack@keystone.service[72434]: ERROR keystone.server.flask.application     return func(*args, **kwargs)
Mar 12 11:06:22 jammy-provider-cloud-0000008063 devstack@keystone.service[72434]: ERROR keystone.server.flask.application   File "/opt/stack/keystone/keystone/api/validation/__init__.py", line 139, in wrapper
Mar 12 11:06:22 jammy-provider-cloud-0000008063 devstack@keystone.service[72434]: ERROR keystone.server.flask.application     response = func(*args, **kwargs)
Mar 12 11:06:22 jammy-provider-cloud-0000008063 devstack@keystone.service[72434]: ERROR keystone.server.flask.application   File "/opt/stack/keystone/keystone/api/domains.py", line 181, in post
Mar 12 11:06:22 jammy-provider-cloud-0000008063 devstack@keystone.service[72434]: ERROR keystone.server.flask.application     ref = PROVIDERS.resource_api.create_domain(
Mar 12 11:06:22 jammy-provider-cloud-0000008063 devstack@keystone.service[72434]: ERROR keystone.server.flask.application   File "/opt/stack/keystone/keystone/common/manager.py", line 114, in wrapped
Mar 12 11:06:22 jammy-provider-cloud-0000008063 devstack@keystone.service[72434]: ERROR keystone.server.flask.application     __ret_val = __f(*args, **kwargs)
Mar 12 11:06:22 jammy-provider-cloud-0000008063 devstack@keystone.service[72434]: ERROR keystone.server.flask.application   File "/opt/stack/keystone/keystone/resource/core.py", line 867, in create_domain
Mar 12 11:06:22 jammy-provider-cloud-0000008063 devstack@keystone.service[72434]: ERROR keystone.server.flask.application     is_domain_project = self.create_project(
Mar 12 11:06:22 jammy-provider-cloud-0000008063 devstack@keystone.service[72434]: ERROR keystone.server.flask.application   File "/opt/stack/keystone/keystone/common/manager.py", line 114, in wrapped
Mar 12 11:06:22 jammy-provider-cloud-0000008063 devstack@keystone.service[72434]: ERROR keystone.server.flask.application     __ret_val = __f(*args, **kwargs)
Mar 12 11:06:22 jammy-provider-cloud-0000008063 devstack@keystone.service[72434]: ERROR keystone.server.flask.application   File "/opt/stack/keystone/keystone/resource/core.py", line 252, in create_project
Mar 12 11:06:22 jammy-provider-cloud-0000008063 devstack@keystone.service[72434]: ERROR keystone.server.flask.application     raise exception.Conflict(
Mar 12 11:06:22 jammy-provider-cloud-0000008063 devstack@keystone.service[72434]: ERROR keystone.server.flask.application keystone.exception.Conflict: Conflict occurred attempting to store project - it is not permitted to have two projects acting as domains with the same name: Default.
Mar 12 11:06:22 jammy-provider-cloud-0000008063 devstack@keystone.service[72434]: ERROR keystone.server.flask.application 
Mar 12 11:06:22 jammy-provider-cloud-0000008063 devstack@keystone.service[72434]: [pid: 72434|app: 0|req: 9/16] 10.201.5.87 () {60 vars in 1129 bytes} [Wed Mar 12 11:06:22 2025] POST /identity/v3/domains => generated 190 bytes in 102 msecs (HTTP/1.1 409) 5 headers in 183 bytes (1 switches on core 0)
Mar 12 11:06:22 jammy-provider-cloud-0000008063 devstack@keystone.service[72434]: DEBUG keystone.server.flask.request_processing.middleware.auth_context [None req-9e07d4c9-a70e-4568-857b-6cfb31369aca None admin] Authenticating user token {{(pid=72434) process_request /opt/stack/data/venv/lib/python3.10/site-packages/keystonemiddleware/auth_token/__init__.py:406}}
Mar 12 11:06:22 jammy-provider-cloud-0000008063 devstack@keystone.service[72433]: DEBUG keystone.server.flask.request_processing.middleware.auth_context [None req-d59c78fa-824d-48c8-8403-6df2d2b43db1 None admin] Validating token access rules against request {{(pid=72433) validate_allowed_request /opt/stack/data/venv/lib/python3.10/site-packages/keystonemiddleware/auth_token/__init__.py:544}}
Mar 12 11:06:22 jammy-provider-cloud-0000008063 devstack@keystone.service[72433]: DEBUG keystone.server.flask.request_processing.middleware.auth_context [None req-2513677d-733b-47f6-817e-92b3090cbdba None admin] RBAC: auth_context: {'token': <TokenModel (audit_id=NS33dMpRSV670A5aqiDf9g, audit_chain_id=['NS33dMpRSV670A5aqiDf9g']) at 0x7f3a47cac550>, 'domain_id': None, 'trust_id': None, 'trustor_id': None, 'trustee_id': None, 'domain_name': None, 'group_ids': [], 'user_id': '04f40047d1964f96919a733db1fd085b', 'user_domain_id': 'default', 'system_scope': 'all', 'project_id': None, 'project_domain_id': None, 'roles': ['admin', 'manager', 'member', 'reader'], 'is_admin_project': True, 'service_user_id': None, 'service_user_domain_id': None, 'service_project_id': None, 'service_project_domain_id': None, 'service_roles': []} {{(pid=72433) fill_context /opt/stack/keystone/keystone/server/flask/request_processing/middleware/auth_context.py:506}}
Mar 12 11:06:22 jammy-provider-cloud-0000008063 devstack@keystone.service[72433]: DEBUG keystone.server.flask.request_processing.req_logging [None req-2513677d-733b-47f6-817e-92b3090cbdba None admin] REQUEST_METHOD: `GET` {{(pid=72433) log_request_info /opt/stack/keystone/keystone/server/flask/request_processing/req_logging.py:26}}
Mar 12 11:06:22 jammy-provider-cloud-0000008063 devstack@keystone.service[72433]: DEBUG keystone.server.flask.request_processing.req_logging [None req-2513677d-733b-47f6-817e-92b3090cbdba None admin] SCRIPT_NAME: `/identity` {{(pid=72433) log_request_info /opt/stack/keystone/keystone/server/flask/request_processing/req_logging.py:27}}
Mar 12 11:06:22 jammy-provider-cloud-0000008063 devstack@keystone.service[72433]: DEBUG keystone.server.flask.request_processing.req_logging [None req-2513677d-733b-47f6-817e-92b3090cbdba None admin] PATH_INFO: `/v3/users/04f40047d1964f96919a733db1fd085b` {{(pid=72433) log_request_info /opt/stack/keystone/keystone/server/flask/request_processing/req_logging.py:28}}
Mar 12 11:06:22 jammy-provider-cloud-0000008063 devstack@keystone.service[72433]: DEBUG keystone.common.rbac_enforcer.enforcer [None req-2513677d-733b-47f6-817e-92b3090cbdba None admin] RBAC: Authorizing `identity:get_user(user_id=04f40047d1964f96919a733db1fd085b)` {{(pid=72433) enforce_call /opt/stack/keystone/keystone/common/rbac_enforcer/enforcer.py:495}}
Mar 12 11:06:22 jammy-provider-cloud-0000008063 devstack@keystone.service[72433]: DEBUG keystone.common.rbac_enforcer.enforcer [None req-2513677d-733b-47f6-817e-92b3090cbdba None admin] RBAC: Authorization granted {{(pid=72433) enforce_call /opt/stack/keystone/keystone/common/rbac_enforcer/enforcer.py:506}}
Mar 12 11:06:22 jammy-provider-cloud-0000008063 devstack@keystone.service[72433]: [pid: 72433|app: 0|req: 8/17] 10.201.5.87 () {56 vars in 1213 bytes} [Wed Mar 12 11:06:22 2025] GET /identity/v3/users/04f40047d1964f96919a733db1fd085b => generated 247 bytes in 53 msecs (HTTP/1.1 200) 5 headers in 177 bytes (2 switches on core 0)
Mar 12 11:06:22 jammy-provider-cloud-0000008063 devstack@keystone.service[72433]: DEBUG keystone.server.flask.request_processing.middleware.auth_context [None req-2513677d-733b-47f6-817e-92b3090cbdba None admin] Authenticating user token {{(pid=72433) process_request /opt/stack/data/venv/lib/python3.10/site-packages/keystonemiddleware/auth_token/__init__.py:406}}
Mar 12 11:06:22 jammy-provider-cloud-0000008063 devstack@keystone.service[72434]: DEBUG keystone.server.flask.request_processing.middleware.auth_context [None req-9e07d4c9-a70e-4568-857b-6cfb31369aca None admin] Validating token access rules against request {{(pid=72434) validate_allowed_request /opt/stack/data/venv/lib/python3.10/site-packages/keystonemiddleware/auth_token/__init__.py:544}}
Mar 12 11:06:22 jammy-provider-cloud-0000008063 devstack@keystone.service[72434]: DEBUG keystone.server.flask.request_processing.middleware.auth_context [None req-cbc245d8-a798-457b-acb6-8eda77d35206 None admin] RBAC: auth_context: {'token': <TokenModel (audit_id=LW-JvdOlSkajzEbBfoYdxw, audit_chain_id=['LW-JvdOlSkajzEbBfoYdxw']) at 0x7f3a47dbde10>, 'domain_id': None, 'trust_id': None, 'trustor_id': None, 'trustee_id': None, 'domain_name': None, 'group_ids': [], 'user_id': '04f40047d1964f96919a733db1fd085b', 'user_domain_id': 'default', 'system_scope': 'all', 'project_id': None, 'project_domain_id': None, 'roles': ['admin', 'manager', 'member', 'reader'], 'is_admin_project': True, 'service_user_id': None, 'service_user_domain_id': None, 'service_project_id': None, 'service_project_domain_id': None, 'service_roles': []} {{(pid=72434) fill_context /opt/stack/keystone/keystone/server/flask/request_processing/middleware/auth_context.py:506}}
Mar 12 11:06:22 jammy-provider-cloud-0000008063 devstack@keystone.service[72434]: DEBUG keystone.server.flask.request_processing.req_logging [None req-cbc245d8-a798-457b-acb6-8eda77d35206 None admin] REQUEST_METHOD: `GET` {{(pid=72434) log_request_info /opt/stack/keystone/keystone/server/flask/request_processing/req_logging.py:26}}
Mar 12 11:06:22 jammy-provider-cloud-0000008063 devstack@keystone.service[72434]: DEBUG keystone.server.flask.request_processing.req_logging [None req-cbc245d8-a798-457b-acb6-8eda77d35206 None admin] SCRIPT_NAME: `/identity` {{(pid=72434) log_request_info /opt/stack/keystone/keystone/server/flask/request_processing/req_logging.py:27}}
Mar 12 11:06:22 jammy-provider-cloud-0000008063 devstack@keystone.service[72434]: DEBUG keystone.server.flask.request_processing.req_logging [None req-cbc245d8-a798-457b-acb6-8eda77d35206 None admin] PATH_INFO: `/v3/domains/Default` {{(pid=72434) log_request_info /opt/stack/keystone/keystone/server/flask/request_processing/req_logging.py:28}}
Mar 12 11:06:22 jammy-provider-cloud-0000008063 devstack@keystone.service[72434]: DEBUG keystone.common.rbac_enforcer.enforcer [None req-cbc245d8-a798-457b-acb6-8eda77d35206 None admin] RBAC: Authorizing `identity:get_domain(domain_id=Default)` {{(pid=72434) enforce_call /opt/stack/keystone/keystone/common/rbac_enforcer/enforcer.py:495}}
Mar 12 11:06:22 jammy-provider-cloud-0000008063 devstack@keystone.service[72434]: DEBUG keystone.common.rbac_enforcer.enforcer [None req-cbc245d8-a798-457b-acb6-8eda77d35206 None admin] RBAC: Authorization granted {{(pid=72434) enforce_call /opt/stack/keystone/keystone/common/rbac_enforcer/enforcer.py:506}}
Mar 12 11:06:22 jammy-provider-cloud-0000008063 devstack@keystone.service[72433]: DEBUG keystone.server.flask.request_processing.middleware.auth_context [None req-2513677d-733b-47f6-817e-92b3090cbdba None admin] Validating token access rules against request {{(pid=72433) validate_allowed_request /opt/stack/data/venv/lib/python3.10/site-packages/keystonemiddleware/auth_token/__init__.py:544}}
Mar 12 11:06:22 jammy-provider-cloud-0000008063 devstack@keystone.service[72434]: DEBUG keystone.server.flask.application [None req-cbc245d8-a798-457b-acb6-8eda77d35206 None admin] Could not find domain: Default. {{(pid=72434) _handle_keystone_exception /opt/stack/keystone/keystone/server/flask/application.py:152}}
Mar 12 11:06:22 jammy-provider-cloud-0000008063 devstack@keystone.service[72434]: [pid: 72434|app: 0|req: 10/18] 10.201.5.87 () {56 vars in 1100 bytes} [Wed Mar 12 11:06:22 2025] GET /identity/v3/domains/Default => generated 87 bytes in 67 msecs (HTTP/1.1 404) 5 headers in 183 bytes (2 switches on core 0)
Mar 12 11:06:22 jammy-provider-cloud-0000008063 devstack@keystone.service[72434]: DEBUG keystone.server.flask.request_processing.middleware.auth_context [None req-cbc245d8-a798-457b-acb6-8eda77d35206 None admin] Authenticating user token {{(pid=72434) process_request /opt/stack/data/venv/lib/python3.10/site-packages/keystonemiddleware/auth_token/__init__.py:406}}
Mar 12 11:06:22 jammy-provider-cloud-0000008063 devstack@keystone.service[72433]: DEBUG keystone.server.flask.request_processing.middleware.auth_context [None req-775023c5-385b-4381-b0f9-f3ebd946e2eb None admin] RBAC: auth_context: {'token': <TokenModel (audit_id=NS33dMpRSV670A5aqiDf9g, audit_chain_id=['NS33dMpRSV670A5aqiDf9g']) at 0x7f3a47cad720>, 'domain_id': None, 'trust_id': None, 'trustor_id': None, 'trustee_id': None, 'domain_name': None, 'group_ids': [], 'user_id': '04f40047d1964f96919a733db1fd085b', 'user_domain_id': 'default', 'system_scope': 'all', 'project_id': None, 'project_domain_id': None, 'roles': ['admin', 'manager', 'member', 'reader'], 'is_admin_project': True, 'service_user_id': None, 'service_user_domain_id': None, 'service_project_id': None, 'service_project_domain_id': None, 'service_roles': []} {{(pid=72433) fill_context /opt/stack/keystone/keystone/server/flask/request_processing/middleware/auth_context.py:506}}
Mar 12 11:06:22 jammy-provider-cloud-0000008063 devstack@keystone.service[72433]: DEBUG keystone.server.flask.request_processing.req_logging [None req-775023c5-385b-4381-b0f9-f3ebd946e2eb None admin] REQUEST_METHOD: `GET` {{(pid=72433) log_request_info /opt/stack/keystone/keystone/server/flask/request_processing/req_logging.py:26}}
Mar 12 11:06:22 jammy-provider-cloud-0000008063 devstack@keystone.service[72433]: DEBUG keystone.server.flask.request_processing.req_logging [None req-775023c5-385b-4381-b0f9-f3ebd946e2eb None admin] SCRIPT_NAME: `/identity` {{(pid=72433) log_request_info /opt/stack/keystone/keystone/server/flask/request_processing/req_logging.py:27}}
Mar 12 11:06:22 jammy-provider-cloud-0000008063 devstack@keystone.service[72433]: DEBUG keystone.server.flask.request_processing.req_logging [None req-775023c5-385b-4381-b0f9-f3ebd946e2eb None admin] PATH_INFO: `/v3/domains/default` {{(pid=72433) log_request_info /opt/stack/keystone/keystone/server/flask/request_processing/req_logging.py:28}}
Mar 12 11:06:22 jammy-provider-cloud-0000008063 devstack@keystone.service[72433]: DEBUG keystone.common.rbac_enforcer.enforcer [None req-775023c5-385b-4381-b0f9-f3ebd946e2eb None admin] RBAC: Authorizing `identity:get_domain(domain_id=default)` {{(pid=72433) enforce_call /opt/stack/keystone/keystone/common/rbac_enforcer/enforcer.py:495}}
Mar 12 11:06:22 jammy-provider-cloud-0000008063 devstack@keystone.service[72433]: DEBUG keystone.common.rbac_enforcer.enforcer [None req-775023c5-385b-4381-b0f9-f3ebd946e2eb None admin] RBAC: Authorization granted {{(pid=72433) enforce_call /opt/stack/keystone/keystone/common/rbac_enforcer/enforcer.py:506}}
Mar 12 11:06:22 jammy-provider-cloud-0000008063 devstack@keystone.service[72433]: [pid: 72433|app: 0|req: 9/19] 10.201.5.87 () {56 vars in 1144 bytes} [Wed Mar 12 11:06:22 2025] GET /identity/v3/domains/default => generated 199 bytes in 55 msecs (HTTP/1.1 200) 5 headers in 177 bytes (1 switches on core 0)
Mar 12 11:06:22 jammy-provider-cloud-0000008063 devstack@keystone.service[72433]: DEBUG keystone.server.flask.request_processing.middleware.auth_context [None req-775023c5-385b-4381-b0f9-f3ebd946e2eb None admin] Authenticating user token {{(pid=72433) process_request /opt/stack/data/venv/lib/python3.10/site-packages/keystonemiddleware/auth_token/__init__.py:406}}
Mar 12 11:06:22 jammy-provider-cloud-0000008063 devstack@keystone.service[72434]: DEBUG keystone.server.flask.request_processing.middleware.auth_context [None req-cbc245d8-a798-457b-acb6-8eda77d35206 None admin] Validating token access rules against request {{(pid=72434) validate_allowed_request /opt/stack/data/venv/lib/python3.10/site-packages/keystonemiddleware/auth_token/__init__.py:544}}
Mar 12 11:06:22 jammy-provider-cloud-0000008063 devstack@keystone.service[72434]: DEBUG keystone.server.flask.request_processing.middleware.auth_context [None req-3970582c-c1d6-41d8-8b9e-1eb6e017905a None admin] RBAC: auth_context: {'token': <TokenModel (audit_id=LW-JvdOlSkajzEbBfoYdxw, audit_chain_id=['LW-JvdOlSkajzEbBfoYdxw']) at 0x7f3a47dbdf90>, 'domain_id': None, 'trust_id': None, 'trustor_id': None, 'trustee_id': None, 'domain_name': None, 'group_ids': [], 'user_id': '04f40047d1964f96919a733db1fd085b', 'user_domain_id': 'default', 'system_scope': 'all', 'project_id': None, 'project_domain_id': None, 'roles': ['admin', 'manager', 'member', 'reader'], 'is_admin_project': True, 'service_user_id': None, 'service_user_domain_id': None, 'service_project_id': None, 'service_project_domain_id': None, 'service_roles': []} {{(pid=72434) fill_context /opt/stack/keystone/keystone/server/flask/request_processing/middleware/auth_context.py:506}}
Mar 12 11:06:22 jammy-provider-cloud-0000008063 devstack@keystone.service[72434]: DEBUG keystone.server.flask.request_processing.req_logging [None req-3970582c-c1d6-41d8-8b9e-1eb6e017905a None admin] REQUEST_METHOD: `GET` {{(pid=72434) log_request_info /opt/stack/keystone/keystone/server/flask/request_processing/req_logging.py:26}}
Mar 12 11:06:22 jammy-provider-cloud-0000008063 devstack@keystone.service[72434]: DEBUG keystone.server.flask.request_processing.req_logging [None req-3970582c-c1d6-41d8-8b9e-1eb6e017905a None admin] SCRIPT_NAME: `/identity` {{(pid=72434) log_request_info /opt/stack/keystone/keystone/server/flask/request_processing/req_logging.py:27}}
Mar 12 11:06:22 jammy-provider-cloud-0000008063 devstack@keystone.service[72434]: DEBUG keystone.server.flask.request_processing.req_logging [None req-3970582c-c1d6-41d8-8b9e-1eb6e017905a None admin] PATH_INFO: `/v3/domains` {{(pid=72434) log_request_info /opt/stack/keystone/keystone/server/flask/request_processing/req_logging.py:28}}
Mar 12 11:06:22 jammy-provider-cloud-0000008063 devstack@keystone.service[72434]: DEBUG keystone.common.rbac_enforcer.enforcer [None req-3970582c-c1d6-41d8-8b9e-1eb6e017905a None admin] RBAC: Adding query filter params (name=Default) {{(pid=72434) _extract_filter_values /opt/stack/keystone/keystone/common/rbac_enforcer/enforcer.py:176}}
Mar 12 11:06:22 jammy-provider-cloud-0000008063 devstack@keystone.service[72434]: DEBUG keystone.common.rbac_enforcer.enforcer [None req-3970582c-c1d6-41d8-8b9e-1eb6e017905a None admin] RBAC: Authorizing `identity:list_domains()` {{(pid=72434) enforce_call /opt/stack/keystone/keystone/common/rbac_enforcer/enforcer.py:495}}
Mar 12 11:06:22 jammy-provider-cloud-0000008063 devstack@keystone.service[72434]: DEBUG keystone.common.rbac_enforcer.enforcer [None req-3970582c-c1d6-41d8-8b9e-1eb6e017905a None admin] RBAC: Authorization granted {{(pid=72434) enforce_call /opt/stack/keystone/keystone/common/rbac_enforcer/enforcer.py:506}}
Mar 12 11:06:22 jammy-provider-cloud-0000008063 devstack@keystone.service[72433]: DEBUG keystone.server.flask.request_processing.middleware.auth_context [None req-775023c5-385b-4381-b0f9-f3ebd946e2eb None admin] Validating token access rules against request {{(pid=72433) validate_allowed_request /opt/stack/data/venv/lib/python3.10/site-packages/keystonemiddleware/auth_token/__init__.py:544}}
Mar 12 11:06:22 jammy-provider-cloud-0000008063 devstack@keystone.service[72434]: [pid: 72434|app: 0|req: 11/20] 10.201.5.87 () {56 vars in 1101 bytes} [Wed Mar 12 11:06:22 2025] GET /identity/v3/domains?name=Default => generated 308 bytes in 65 msecs (HTTP/1.1 200) 5 headers in 177 bytes (2 switches on core 0)
Mar 12 11:06:22 jammy-provider-cloud-0000008063 devstack@keystone.service[72433]: DEBUG keystone.server.flask.request_processing.middleware.auth_context [None req-038ec220-0210-4851-9200-7dde3f134eb4 None admin] RBAC: auth_context: {'token': <TokenModel (audit_id=NS33dMpRSV670A5aqiDf9g, audit_chain_id=['NS33dMpRSV670A5aqiDf9g']) at 0x7f3a47cadc90>, 'domain_id': None, 'trust_id': None, 'trustor_id': None, 'trustee_id': None, 'domain_name': None, 'group_ids': [], 'user_id': '04f40047d1964f96919a733db1fd085b', 'user_domain_id': 'default', 'system_scope': 'all', 'project_id': None, 'project_domain_id': None, 'roles': ['admin', 'manager', 'member', 'reader'], 'is_admin_project': True, 'service_user_id': None, 'service_user_domain_id': None, 'service_project_id': None, 'service_project_domain_id': None, 'service_roles': []} {{(pid=72433) fill_context /opt/stack/keystone/keystone/server/flask/request_processing/middleware/auth_context.py:506}}
Mar 12 11:06:22 jammy-provider-cloud-0000008063 devstack@keystone.service[72433]: DEBUG keystone.server.flask.request_processing.req_logging [None req-038ec220-0210-4851-9200-7dde3f134eb4 None admin] REQUEST_METHOD: `PUT` {{(pid=72433) log_request_info /opt/stack/keystone/keystone/server/flask/request_processing/req_logging.py:26}}
Mar 12 11:06:22 jammy-provider-cloud-0000008063 devstack@keystone.service[72433]: DEBUG keystone.server.flask.request_processing.req_logging [None req-038ec220-0210-4851-9200-7dde3f134eb4 None admin] SCRIPT_NAME: `/identity` {{(pid=72433) log_request_info /opt/stack/keystone/keystone/server/flask/request_processing/req_logging.py:27}}
Mar 12 11:06:22 jammy-provider-cloud-0000008063 devstack@keystone.service[72433]: DEBUG keystone.server.flask.request_processing.req_logging [None req-038ec220-0210-4851-9200-7dde3f134eb4 None admin] PATH_INFO: `/v3/domains/default/users/04f40047d1964f96919a733db1fd085b/roles/0eed529f2bf34a939e7d6740223c978d` {{(pid=72433) log_request_info /opt/stack/keystone/keystone/server/flask/request_processing/req_logging.py:28}}
Mar 12 11:06:22 jammy-provider-cloud-0000008063 devstack@keystone.service[72433]: DEBUG keystone.common.rbac_enforcer.enforcer [None req-038ec220-0210-4851-9200-7dde3f134eb4 None admin] RBAC: Authorizing `identity:create_grant(domain_id=default, user_id=04f40047d1964f96919a733db1fd085b, role_id=0eed529f2bf34a939e7d6740223c978d)` {{(pid=72433) enforce_call /opt/stack/keystone/keystone/common/rbac_enforcer/enforcer.py:495}}
Mar 12 11:06:22 jammy-provider-cloud-0000008063 devstack@keystone.service[72433]: DEBUG keystone.common.rbac_enforcer.enforcer [None req-038ec220-0210-4851-9200-7dde3f134eb4 None admin] RBAC: Authorization granted {{(pid=72433) enforce_call /opt/stack/keystone/keystone/common/rbac_enforcer/enforcer.py:506}}
Mar 12 11:06:22 jammy-provider-cloud-0000008063 devstack@keystone.service[72433]: [pid: 72433|app: 0|req: 10/21] 10.201.5.87 () {58 vars in 1397 bytes} [Wed Mar 12 11:06:22 2025] PUT /identity/v3/domains/default/users/04f40047d1964f96919a733db1fd085b/roles/0eed529f2bf34a939e7d6740223c978d => generated 0 bytes in 111 msecs (HTTP/1.1 204) 3 headers in 132 bytes (1 switches on core 0)
Mar 12 11:06:23 jammy-provider-cloud-0000008063 devstack@keystone.service[72434]: DEBUG keystone.server.flask.request_processing.req_logging [None req-152b7298-2d2a-4e84-aeb5-8f9ae2950e5d None None] REQUEST_METHOD: `GET` {{(pid=72434) log_request_info /opt/stack/keystone/keystone/server/flask/request_processing/req_logging.py:26}}
Mar 12 11:06:23 jammy-provider-cloud-0000008063 devstack@keystone.service[72434]: DEBUG keystone.server.flask.request_processing.req_logging [None req-152b7298-2d2a-4e84-aeb5-8f9ae2950e5d None None] SCRIPT_NAME: `/identity` {{(pid=72434) log_request_info /opt/stack/keystone/keystone/server/flask/request_processing/req_logging.py:27}}
Mar 12 11:06:23 jammy-provider-cloud-0000008063 devstack@keystone.service[72434]: DEBUG keystone.server.flask.request_processing.req_logging [None req-152b7298-2d2a-4e84-aeb5-8f9ae2950e5d None None] PATH_INFO: `/` {{(pid=72434) log_request_info /opt/stack/keystone/keystone/server/flask/request_processing/req_logging.py:28}}
Mar 12 11:06:23 jammy-provider-cloud-0000008063 devstack@keystone.service[72434]: [pid: 72434|app: 0|req: 12/22] 10.201.5.87 () {54 vars in 919 bytes} [Wed Mar 12 11:06:23 2025] GET /identity => generated 270 bytes in 1 msecs (HTTP/1.1 300) 6 headers in 234 bytes (1 switches on core 0)
Mar 12 11:06:23 jammy-provider-cloud-0000008063 devstack@keystone.service[72433]: DEBUG keystone.server.flask.request_processing.req_logging [None req-fee959c7-9037-407f-ae86-841b8de81968 None None] REQUEST_METHOD: `POST` {{(pid=72433) log_request_info /opt/stack/keystone/keystone/server/flask/request_processing/req_logging.py:26}}
Mar 12 11:06:23 jammy-provider-cloud-0000008063 devstack@keystone.service[72433]: DEBUG keystone.server.flask.request_processing.req_logging [None req-fee959c7-9037-407f-ae86-841b8de81968 None None] SCRIPT_NAME: `/identity` {{(pid=72433) log_request_info /opt/stack/keystone/keystone/server/flask/request_processing/req_logging.py:27}}
Mar 12 11:06:23 jammy-provider-cloud-0000008063 devstack@keystone.service[72433]: DEBUG keystone.server.flask.request_processing.req_logging [None req-fee959c7-9037-407f-ae86-841b8de81968 None None] PATH_INFO: `/v3/auth/tokens` {{(pid=72433) log_request_info /opt/stack/keystone/keystone/server/flask/request_processing/req_logging.py:28}}
Mar 12 11:06:23 jammy-provider-cloud-0000008063 devstack@keystone.service[72433]: WARNING keystone.common.password_hashing [None req-fee959c7-9037-407f-ae86-841b8de81968 None None] Truncating password to algorithm specific maximum length 72 characters.
Mar 12 11:06:23 jammy-provider-cloud-0000008063 devstack@keystone.service[72433]: DEBUG keystone.auth.core [None req-fee959c7-9037-407f-ae86-841b8de81968 None None] MFA Rules not processed for user `04f40047d1964f96919a733db1fd085b`. Rule list: `[]` (Enabled: `True`). {{(pid=72433) check_auth_methods_against_rules /opt/stack/keystone/keystone/auth/core.py:476}}
Mar 12 11:06:23 jammy-provider-cloud-0000008063 devstack@keystone.service[72433]: DEBUG keystone.common.fernet_utils [None req-fee959c7-9037-407f-ae86-841b8de81968 None None] Loaded 2 Fernet keys from /etc/keystone/fernet-keys/, but `[fernet_tokens] max_active_keys = 3`; perhaps there have not been enough key rotations to reach `max_active_keys` yet? {{(pid=72433) load_keys /opt/stack/keystone/keystone/common/fernet_utils.py:297}}
Mar 12 11:06:23 jammy-provider-cloud-0000008063 devstack@keystone.service[72433]: [pid: 72433|app: 0|req: 11/23] 10.201.5.87 () {58 vars in 1016 bytes} [Wed Mar 12 11:06:23 2025] POST /identity/v3/auth/tokens => generated 862 bytes in 66 msecs (HTTP/1.1 201) 6 headers in 363 bytes (1 switches on core 0)
Mar 12 11:06:23 jammy-provider-cloud-0000008063 devstack@keystone.service[72434]: DEBUG keystone.server.flask.request_processing.req_logging [None req-fa45cf18-2ec7-4cec-b29d-fd2b1e91fedc None None] REQUEST_METHOD: `GET` {{(pid=72434) log_request_info /opt/stack/keystone/keystone/server/flask/request_processing/req_logging.py:26}}
Mar 12 11:06:23 jammy-provider-cloud-0000008063 devstack@keystone.service[72434]: DEBUG keystone.server.flask.request_processing.req_logging [None req-fa45cf18-2ec7-4cec-b29d-fd2b1e91fedc None None] SCRIPT_NAME: `/identity` {{(pid=72434) log_request_info /opt/stack/keystone/keystone/server/flask/request_processing/req_logging.py:27}}
Mar 12 11:06:23 jammy-provider-cloud-0000008063 devstack@keystone.service[72434]: DEBUG keystone.server.flask.request_processing.req_logging [None req-fa45cf18-2ec7-4cec-b29d-fd2b1e91fedc None None] PATH_INFO: `/` {{(pid=72434) log_request_info /opt/stack/keystone/keystone/server/flask/request_processing/req_logging.py:28}}
Mar 12 11:06:23 jammy-provider-cloud-0000008063 devstack@keystone.service[72434]: [pid: 72434|app: 0|req: 13/24] 10.201.5.87 () {54 vars in 919 bytes} [Wed Mar 12 11:06:23 2025] GET /identity => generated 270 bytes in 1 msecs (HTTP/1.1 300) 6 headers in 234 bytes (1 switches on core 0)
Mar 12 11:06:23 jammy-provider-cloud-0000008063 devstack@keystone.service[72433]: DEBUG keystone.server.flask.request_processing.req_logging [None req-b3c06185-2922-48ce-9fbe-1a7262b054b8 None None] REQUEST_METHOD: `POST` {{(pid=72433) log_request_info /opt/stack/keystone/keystone/server/flask/request_processing/req_logging.py:26}}
Mar 12 11:06:23 jammy-provider-cloud-0000008063 devstack@keystone.service[72433]: DEBUG keystone.server.flask.request_processing.req_logging [None req-b3c06185-2922-48ce-9fbe-1a7262b054b8 None None] SCRIPT_NAME: `/identity` {{(pid=72433) log_request_info /opt/stack/keystone/keystone/server/flask/request_processing/req_logging.py:27}}
Mar 12 11:06:23 jammy-provider-cloud-0000008063 devstack@keystone.service[72433]: DEBUG keystone.server.flask.request_processing.req_logging [None req-b3c06185-2922-48ce-9fbe-1a7262b054b8 None None] PATH_INFO: `/v3/auth/tokens` {{(pid=72433) log_request_info /opt/stack/keystone/keystone/server/flask/request_processing/req_logging.py:28}}
Mar 12 11:06:23 jammy-provider-cloud-0000008063 devstack@keystone.service[72433]: WARNING keystone.common.password_hashing [None req-b3c06185-2922-48ce-9fbe-1a7262b054b8 None None] Truncating password to algorithm specific maximum length 72 characters.
Mar 12 11:06:23 jammy-provider-cloud-0000008063 devstack@keystone.service[72433]: DEBUG keystone.auth.core [None req-b3c06185-2922-48ce-9fbe-1a7262b054b8 None None] MFA Rules not processed for user `04f40047d1964f96919a733db1fd085b`. Rule list: `[]` (Enabled: `True`). {{(pid=72433) check_auth_methods_against_rules /opt/stack/keystone/keystone/auth/core.py:476}}
Mar 12 11:06:23 jammy-provider-cloud-0000008063 devstack@keystone.service[72433]: DEBUG keystone.common.fernet_utils [None req-b3c06185-2922-48ce-9fbe-1a7262b054b8 None None] Loaded 2 Fernet keys from /etc/keystone/fernet-keys/, but `[fernet_tokens] max_active_keys = 3`; perhaps there have not been enough key rotations to reach `max_active_keys` yet? {{(pid=72433) load_keys /opt/stack/keystone/keystone/common/fernet_utils.py:297}}
Mar 12 11:06:23 jammy-provider-cloud-0000008063 devstack@keystone.service[72433]: [pid: 72433|app: 0|req: 12/25] 10.201.5.87 () {58 vars in 1016 bytes} [Wed Mar 12 11:06:23 2025] POST /identity/v3/auth/tokens => generated 862 bytes in 55 msecs (HTTP/1.1 201) 6 headers in 363 bytes (1 switches on core 0)
Mar 12 11:06:23 jammy-provider-cloud-0000008063 devstack@keystone.service[72434]: DEBUG keystone.server.flask.request_processing.req_logging [None req-17347f29-4e5c-4346-92b1-2a803c50ef9c None None] REQUEST_METHOD: `GET` {{(pid=72434) log_request_info /opt/stack/keystone/keystone/server/flask/request_processing/req_logging.py:26}}
Mar 12 11:06:23 jammy-provider-cloud-0000008063 devstack@keystone.service[72434]: DEBUG keystone.server.flask.request_processing.req_logging [None req-17347f29-4e5c-4346-92b1-2a803c50ef9c None None] SCRIPT_NAME: `/identity` {{(pid=72434) log_request_info /opt/stack/keystone/keystone/server/flask/request_processing/req_logging.py:27}}
Mar 12 11:06:23 jammy-provider-cloud-0000008063 devstack@keystone.service[72434]: DEBUG keystone.server.flask.request_processing.req_logging [None req-17347f29-4e5c-4346-92b1-2a803c50ef9c None None] PATH_INFO: `/` {{(pid=72434) log_request_info /opt/stack/keystone/keystone/server/flask/request_processing/req_logging.py:28}}
Mar 12 11:06:23 jammy-provider-cloud-0000008063 devstack@keystone.service[72434]: [pid: 72434|app: 0|req: 14/26] 10.201.5.87 () {54 vars in 919 bytes} [Wed Mar 12 11:06:23 2025] GET /identity => generated 270 bytes in 1 msecs (HTTP/1.1 300) 6 headers in 234 bytes (1 switches on core 0)
Mar 12 11:06:23 jammy-provider-cloud-0000008063 devstack@keystone.service[72433]: DEBUG keystone.server.flask.request_processing.req_logging [None req-6c339faf-12fc-4cff-b2cc-00b4705420a9 None None] REQUEST_METHOD: `POST` {{(pid=72433) log_request_info /opt/stack/keystone/keystone/server/flask/request_processing/req_logging.py:26}}
Mar 12 11:06:23 jammy-provider-cloud-0000008063 devstack@keystone.service[72433]: DEBUG keystone.server.flask.request_processing.req_logging [None req-6c339faf-12fc-4cff-b2cc-00b4705420a9 None None] SCRIPT_NAME: `/identity` {{(pid=72433) log_request_info /opt/stack/keystone/keystone/server/flask/request_processing/req_logging.py:27}}
Mar 12 11:06:23 jammy-provider-cloud-0000008063 devstack@keystone.service[72433]: DEBUG keystone.server.flask.request_processing.req_logging [None req-6c339faf-12fc-4cff-b2cc-00b4705420a9 None None] PATH_INFO: `/v3/auth/tokens` {{(pid=72433) log_request_info /opt/stack/keystone/keystone/server/flask/request_processing/req_logging.py:28}}
Mar 12 11:06:23 jammy-provider-cloud-0000008063 devstack@keystone.service[72433]: WARNING keystone.common.password_hashing [None req-6c339faf-12fc-4cff-b2cc-00b4705420a9 None None] Truncating password to algorithm specific maximum length 72 characters.
Mar 12 11:06:23 jammy-provider-cloud-0000008063 devstack@keystone.service[72434]: DEBUG keystone.server.flask.request_processing.middleware.auth_context [None req-17347f29-4e5c-4346-92b1-2a803c50ef9c None None] Authenticating user token {{(pid=72434) process_request /opt/stack/data/venv/lib/python3.10/site-packages/keystonemiddleware/auth_token/__init__.py:406}}
Mar 12 11:06:23 jammy-provider-cloud-0000008063 devstack@keystone.service[72433]: DEBUG keystone.auth.core [None req-6c339faf-12fc-4cff-b2cc-00b4705420a9 None None] MFA Rules not processed for user `04f40047d1964f96919a733db1fd085b`. Rule list: `[]` (Enabled: `True`). {{(pid=72433) check_auth_methods_against_rules /opt/stack/keystone/keystone/auth/core.py:476}}
Mar 12 11:06:23 jammy-provider-cloud-0000008063 devstack@keystone.service[72433]: DEBUG keystone.common.fernet_utils [None req-6c339faf-12fc-4cff-b2cc-00b4705420a9 None None] Loaded 2 Fernet keys from /etc/keystone/fernet-keys/, but `[fernet_tokens] max_active_keys = 3`; perhaps there have not been enough key rotations to reach `max_active_keys` yet? {{(pid=72433) load_keys /opt/stack/keystone/keystone/common/fernet_utils.py:297}}
Mar 12 11:06:23 jammy-provider-cloud-0000008063 devstack@keystone.service[72433]: [pid: 72433|app: 0|req: 13/27] 10.201.5.87 () {58 vars in 1016 bytes} [Wed Mar 12 11:06:23 2025] POST /identity/v3/auth/tokens => generated 862 bytes in 58 msecs (HTTP/1.1 201) 6 headers in 363 bytes (1 switches on core 0)
Mar 12 11:06:23 jammy-provider-cloud-0000008063 devstack@keystone.service[72434]: DEBUG keystone.server.flask.request_processing.middleware.auth_context [None req-17347f29-4e5c-4346-92b1-2a803c50ef9c None None] Validating token access rules against request {{(pid=72434) validate_allowed_request /opt/stack/data/venv/lib/python3.10/site-packages/keystonemiddleware/auth_token/__init__.py:544}}
Mar 12 11:06:23 jammy-provider-cloud-0000008063 devstack@keystone.service[72434]: DEBUG keystone.server.flask.request_processing.middleware.auth_context [None req-908faf0b-aa73-48b6-9b0c-2be1984f7533 None admin] RBAC: auth_context: {'token': <TokenModel (audit_id=oLF7RkXRRXOEIPABPqqwFg, audit_chain_id=['oLF7RkXRRXOEIPABPqqwFg']) at 0x7f3a47d43460>, 'domain_id': None, 'trust_id': None, 'trustor_id': None, 'trustee_id': None, 'domain_name': None, 'group_ids': [], 'user_id': '04f40047d1964f96919a733db1fd085b', 'user_domain_id': 'default', 'system_scope': 'all', 'project_id': None, 'project_domain_id': None, 'roles': ['admin', 'manager', 'member', 'reader'], 'is_admin_project': True, 'service_user_id': None, 'service_user_domain_id': None, 'service_project_id': None, 'service_project_domain_id': None, 'service_roles': []} {{(pid=72434) fill_context /opt/stack/keystone/keystone/server/flask/request_processing/middleware/auth_context.py:506}}
Mar 12 11:06:23 jammy-provider-cloud-0000008063 devstack@keystone.service[72434]: DEBUG keystone.server.flask.request_processing.req_logging [None req-908faf0b-aa73-48b6-9b0c-2be1984f7533 None admin] REQUEST_METHOD: `GET` {{(pid=72434) log_request_info /opt/stack/keystone/keystone/server/flask/request_processing/req_logging.py:26}}
Mar 12 11:06:23 jammy-provider-cloud-0000008063 devstack@keystone.service[72434]: DEBUG keystone.server.flask.request_processing.req_logging [None req-908faf0b-aa73-48b6-9b0c-2be1984f7533 None admin] SCRIPT_NAME: `/identity` {{(pid=72434) log_request_info /opt/stack/keystone/keystone/server/flask/request_processing/req_logging.py:27}}
Mar 12 11:06:23 jammy-provider-cloud-0000008063 devstack@keystone.service[72434]: DEBUG keystone.server.flask.request_processing.req_logging [None req-908faf0b-aa73-48b6-9b0c-2be1984f7533 None admin] PATH_INFO: `/v3/roles/admin` {{(pid=72434) log_request_info /opt/stack/keystone/keystone/server/flask/request_processing/req_logging.py:28}}
Mar 12 11:06:23 jammy-provider-cloud-0000008063 devstack@keystone.service[72433]: DEBUG keystone.server.flask.request_processing.middleware.auth_context [None req-6c339faf-12fc-4cff-b2cc-00b4705420a9 None None] Authenticating user token {{(pid=72433) process_request /opt/stack/data/venv/lib/python3.10/site-packages/keystonemiddleware/auth_token/__init__.py:406}}
Mar 12 11:06:23 jammy-provider-cloud-0000008063 devstack@keystone.service[72434]: DEBUG keystone.common.rbac_enforcer.enforcer [None req-908faf0b-aa73-48b6-9b0c-2be1984f7533 None admin] Extracting inferred target data resulted in "NOT FOUND (404)". {{(pid=72434) enforce_call /opt/stack/keystone/keystone/common/rbac_enforcer/enforcer.py:445}}
Mar 12 11:06:23 jammy-provider-cloud-0000008063 devstack@keystone.service[72434]: DEBUG keystone.server.flask.application [None req-908faf0b-aa73-48b6-9b0c-2be1984f7533 None admin] Could not find role: admin. {{(pid=72434) _handle_keystone_exception /opt/stack/keystone/keystone/server/flask/application.py:152}}
Mar 12 11:06:23 jammy-provider-cloud-0000008063 devstack@keystone.service[72434]: [pid: 72434|app: 0|req: 15/28] 10.201.5.87 () {56 vars in 1132 bytes} [Wed Mar 12 11:06:23 2025] GET /identity/v3/roles/admin => generated 83 bytes in 106 msecs (HTTP/1.1 404) 5 headers in 183 bytes (1 switches on core 0)
Mar 12 11:06:23 jammy-provider-cloud-0000008063 devstack@keystone.service[72434]: DEBUG keystone.server.flask.request_processing.middleware.auth_context [None req-908faf0b-aa73-48b6-9b0c-2be1984f7533 None admin] Authenticating user token {{(pid=72434) process_request /opt/stack/data/venv/lib/python3.10/site-packages/keystonemiddleware/auth_token/__init__.py:406}}
Mar 12 11:06:23 jammy-provider-cloud-0000008063 devstack@keystone.service[72434]: DEBUG keystone.server.flask.request_processing.middleware.auth_context [None req-908faf0b-aa73-48b6-9b0c-2be1984f7533 None admin] Validating token access rules against request {{(pid=72434) validate_allowed_request /opt/stack/data/venv/lib/python3.10/site-packages/keystonemiddleware/auth_token/__init__.py:544}}
Mar 12 11:06:23 jammy-provider-cloud-0000008063 devstack@keystone.service[72433]: DEBUG keystone.server.flask.request_processing.middleware.auth_context [None req-6c339faf-12fc-4cff-b2cc-00b4705420a9 None None] Validating token access rules against request {{(pid=72433) validate_allowed_request /opt/stack/data/venv/lib/python3.10/site-packages/keystonemiddleware/auth_token/__init__.py:544}}
Mar 12 11:06:23 jammy-provider-cloud-0000008063 devstack@keystone.service[72434]: DEBUG keystone.server.flask.request_processing.middleware.auth_context [None req-4e9b16a0-47b2-446e-9a93-f2000006db9f None admin] RBAC: auth_context: {'token': <TokenModel (audit_id=oLF7RkXRRXOEIPABPqqwFg, audit_chain_id=['oLF7RkXRRXOEIPABPqqwFg']) at 0x7f3a47dbe1a0>, 'domain_id': None, 'trust_id': None, 'trustor_id': None, 'trustee_id': None, 'domain_name': None, 'group_ids': [], 'user_id': '04f40047d1964f96919a733db1fd085b', 'user_domain_id': 'default', 'system_scope': 'all', 'project_id': None, 'project_domain_id': None, 'roles': ['admin', 'manager', 'member', 'reader'], 'is_admin_project': True, 'service_user_id': None, 'service_user_domain_id': None, 'service_project_id': None, 'service_project_domain_id': None, 'service_roles': []} {{(pid=72434) fill_context /opt/stack/keystone/keystone/server/flask/request_processing/middleware/auth_context.py:506}}
Mar 12 11:06:23 jammy-provider-cloud-0000008063 devstack@keystone.service[72434]: DEBUG keystone.server.flask.request_processing.req_logging [None req-4e9b16a0-47b2-446e-9a93-f2000006db9f None admin] REQUEST_METHOD: `GET` {{(pid=72434) log_request_info /opt/stack/keystone/keystone/server/flask/request_processing/req_logging.py:26}}
Mar 12 11:06:23 jammy-provider-cloud-0000008063 devstack@keystone.service[72434]: DEBUG keystone.server.flask.request_processing.req_logging [None req-4e9b16a0-47b2-446e-9a93-f2000006db9f None admin] SCRIPT_NAME: `/identity` {{(pid=72434) log_request_info /opt/stack/keystone/keystone/server/flask/request_processing/req_logging.py:27}}
Mar 12 11:06:23 jammy-provider-cloud-0000008063 devstack@keystone.service[72434]: DEBUG keystone.server.flask.request_processing.req_logging [None req-4e9b16a0-47b2-446e-9a93-f2000006db9f None admin] PATH_INFO: `/v3/roles` {{(pid=72434) log_request_info /opt/stack/keystone/keystone/server/flask/request_processing/req_logging.py:28}}
Mar 12 11:06:23 jammy-provider-cloud-0000008063 devstack@keystone.service[72434]: DEBUG keystone.common.rbac_enforcer.enforcer [None req-4e9b16a0-47b2-446e-9a93-f2000006db9f None admin] RBAC: Adding query filter params (name=admin) {{(pid=72434) _extract_filter_values /opt/stack/keystone/keystone/common/rbac_enforcer/enforcer.py:176}}
Mar 12 11:06:23 jammy-provider-cloud-0000008063 devstack@keystone.service[72434]: DEBUG keystone.common.rbac_enforcer.enforcer [None req-4e9b16a0-47b2-446e-9a93-f2000006db9f None admin] RBAC: Authorizing `identity:list_roles()` {{(pid=72434) enforce_call /opt/stack/keystone/keystone/common/rbac_enforcer/enforcer.py:495}}
Mar 12 11:06:23 jammy-provider-cloud-0000008063 devstack@keystone.service[72434]: DEBUG keystone.common.rbac_enforcer.enforcer [None req-4e9b16a0-47b2-446e-9a93-f2000006db9f None admin] RBAC: Authorization granted {{(pid=72434) enforce_call /opt/stack/keystone/keystone/common/rbac_enforcer/enforcer.py:506}}
Mar 12 11:06:23 jammy-provider-cloud-0000008063 devstack@keystone.service[72433]: DEBUG keystone.server.flask.request_processing.middleware.auth_context [None req-25cf940c-18ac-4c9a-85d9-5ca05ea75611 None admin] RBAC: auth_context: {'token': <TokenModel (audit_id=-JIgMP9XTP-LF-I54uYzjQ, audit_chain_id=['-JIgMP9XTP-LF-I54uYzjQ']) at 0x7f3a47be4a00>, 'domain_id': None, 'trust_id': None, 'trustor_id': None, 'trustee_id': None, 'domain_name': None, 'group_ids': [], 'user_id': '04f40047d1964f96919a733db1fd085b', 'user_domain_id': 'default', 'system_scope': 'all', 'project_id': None, 'project_domain_id': None, 'roles': ['admin', 'manager', 'member', 'reader'], 'is_admin_project': True, 'service_user_id': None, 'service_user_domain_id': None, 'service_project_id': None, 'service_project_domain_id': None, 'service_roles': []} {{(pid=72433) fill_context /opt/stack/keystone/keystone/server/flask/request_processing/middleware/auth_context.py:506}}
Mar 12 11:06:23 jammy-provider-cloud-0000008063 devstack@keystone.service[72433]: DEBUG keystone.server.flask.request_processing.req_logging [None req-25cf940c-18ac-4c9a-85d9-5ca05ea75611 None admin] REQUEST_METHOD: `GET` {{(pid=72433) log_request_info /opt/stack/keystone/keystone/server/flask/request_processing/req_logging.py:26}}
Mar 12 11:06:23 jammy-provider-cloud-0000008063 devstack@keystone.service[72433]: DEBUG keystone.server.flask.request_processing.req_logging [None req-25cf940c-18ac-4c9a-85d9-5ca05ea75611 None admin] SCRIPT_NAME: `/identity` {{(pid=72433) log_request_info /opt/stack/keystone/keystone/server/flask/request_processing/req_logging.py:27}}
Mar 12 11:06:23 jammy-provider-cloud-0000008063 devstack@keystone.service[72433]: DEBUG keystone.server.flask.request_processing.req_logging [None req-25cf940c-18ac-4c9a-85d9-5ca05ea75611 None admin] PATH_INFO: `/v3/domains/Default` {{(pid=72433) log_request_info /opt/stack/keystone/keystone/server/flask/request_processing/req_logging.py:28}}
Mar 12 11:06:23 jammy-provider-cloud-0000008063 devstack@keystone.service[72433]: DEBUG keystone.common.rbac_enforcer.enforcer [None req-25cf940c-18ac-4c9a-85d9-5ca05ea75611 None admin] RBAC: Authorizing `identity:get_domain(domain_id=Default)` {{(pid=72433) enforce_call /opt/stack/keystone/keystone/common/rbac_enforcer/enforcer.py:495}}
Mar 12 11:06:23 jammy-provider-cloud-0000008063 devstack@keystone.service[72433]: DEBUG keystone.common.rbac_enforcer.enforcer [None req-25cf940c-18ac-4c9a-85d9-5ca05ea75611 None admin] RBAC: Authorization granted {{(pid=72433) enforce_call /opt/stack/keystone/keystone/common/rbac_enforcer/enforcer.py:506}}
Mar 12 11:06:23 jammy-provider-cloud-0000008063 devstack@keystone.service[72434]: [pid: 72434|app: 0|req: 16/29] 10.201.5.87 () {56 vars in 1148 bytes} [Wed Mar 12 11:06:23 2025] GET /identity/v3/roles?name=admin => generated 339 bytes in 86 msecs (HTTP/1.1 200) 5 headers in 177 bytes (2 switches on core 0)
Mar 12 11:06:23 jammy-provider-cloud-0000008063 devstack@keystone.service[72433]: DEBUG keystone.server.flask.application [None req-25cf940c-18ac-4c9a-85d9-5ca05ea75611 None admin] Could not find domain: Default. {{(pid=72433) _handle_keystone_exception /opt/stack/keystone/keystone/server/flask/application.py:152}}
Mar 12 11:06:23 jammy-provider-cloud-0000008063 devstack@keystone.service[72433]: [pid: 72433|app: 0|req: 14/30] 10.201.5.87 () {56 vars in 1100 bytes} [Wed Mar 12 11:06:23 2025] GET /identity/v3/domains/Default => generated 87 bytes in 99 msecs (HTTP/1.1 404) 5 headers in 183 bytes (1 switches on core 0)
Mar 12 11:06:23 jammy-provider-cloud-0000008063 devstack@keystone.service[72434]: DEBUG keystone.server.flask.request_processing.middleware.auth_context [None req-4e9b16a0-47b2-446e-9a93-f2000006db9f None admin] Authenticating user token {{(pid=72434) process_request /opt/stack/data/venv/lib/python3.10/site-packages/keystonemiddleware/auth_token/__init__.py:406}}
Mar 12 11:06:23 jammy-provider-cloud-0000008063 devstack@keystone.service[72433]: DEBUG keystone.server.flask.request_processing.middleware.auth_context [None req-25cf940c-18ac-4c9a-85d9-5ca05ea75611 None admin] Authenticating user token {{(pid=72433) process_request /opt/stack/data/venv/lib/python3.10/site-packages/keystonemiddleware/auth_token/__init__.py:406}}
Mar 12 11:06:23 jammy-provider-cloud-0000008063 devstack@keystone.service[72433]: DEBUG keystone.server.flask.request_processing.middleware.auth_context [None req-25cf940c-18ac-4c9a-85d9-5ca05ea75611 None admin] Validating token access rules against request {{(pid=72433) validate_allowed_request /opt/stack/data/venv/lib/python3.10/site-packages/keystonemiddleware/auth_token/__init__.py:544}}
