"pcp-dstat 6.2.0 CSV Output"
"Author:","PCP team <pcp@groups.io> and Dag Wieers <dag@wieers.com>",,,,"URL:","https://pcp.io/ and http://dag.wieers.com/home-made/dstat/"
"Host:","ubuntu",,,,"User:","ubuntu"
"Cmdline:","dstat -tcmndrylpg --tcp --output /tmp/devstack_logs/dstat-csv.log",,,,"Date:","29 Jun 2026 19:31:20 UTC"
"system","total usage",,,,,"memory usage",,,,"net/total",,"dsk/total",,"io/total",,"system",,"load avg",,,"procs",,,"paging",,"tcp sockets",,,,
"time","total usage:usr","total usage:sys","total usage:idl","total usage:wai","total usage:stl","used","free","buf","cach","net/total:recv","net/total:send","dsk/total:read","dsk/total:writ","read","writ","int","csw","1m","5m","15m","run","blk","new","in","out","lis","act","syn","tim","clo"
29-06 19:31:20,,984452,1432544,168088,5222316,,,,,,,1.580,0.990,0.530,2,0,,,,10,5,0,17,0
29-06 19:31:21,19.491,19.991,58.224,0.750,0,980800,1435224,168344,5222828,48355.085,18317.698,0,3494.416,0,184.916,6880,6099,1.580,0.990,0.530,2,0,557.747,0,0,10,6,0,17,0
29-06 19:31:22,26.750,19.000,52.750,0.750,0,987728,1427424,168556,5223312,46680.894,15848.964,0,3047.993,0,83.000,6265,6918,1.580,0.990,0.530,2,0,383.999,0,0,10,6,0,17,0
29-06 19:31:23,33.135,13.453,51.571,0.249,0,1129184,1284940,168732,5348804,25056.024,14588.360,0,1622.368,0,49.827,6931,10041,1.610,1.010,0.540,2,0,185.357,0,0,11,5,0,17,1
29-06 19:31:24,24.793,6.762,67.366,0.501,0,1149176,1238296,169116,5373672,177148.632,6718.553,0,1863.204,0,67.115,2958,2301,1.610,1.010,0.540,4,0,76.131,0,0,11,7,0,17,1
29-06 19:31:25,38.789,11.762,48.049,0.751,0,1162772,1199748,170164,5394316,4572.619,1645.662,0,2182.204,0,76.077,4715,3546,1.610,1.010,0.540,4,0,205.207,0,0,11,6,0,19,2
29-06 19:31:26,44.983,5.248,48.732,0.750,0,1231480,1108144,170752,5414448,4921.180,1565.421,31.988,3122.845,1.999,60.977,3114,1861,1.610,1.010,0.540,3,0,0,0,0,11,6,0,19,2
29-06 19:31:27,43.567,5.008,48.325,1.753,0,1272904,1048432,172008,5428896,4779.383,1514.339,0,24425.731,0,913.411,4244,3529,1.610,1.010,0.540,3,0,1.002,0,0,11,8,0,19,2
29-06 19:31:28,31.981,6.746,44.973,13.742,0,1275936,1006280,173972,5463164,4917.072,1619.036,0,47571.670,0,3348.006,14773,27733,1.720,1.040,0.550,4,1,53.968,0,0,11,8,0,19,2
29-06 19:31:29,40.888,9.225,45.126,4.488,0,1232200,1059688,174752,5451828,4856.680,2040.404,0,32530.782,0,1917.740,9210,14620,1.720,1.040,0.550,3,0,103.716,0,0,11,4,0,19,0
29-06 19:31:30,39.616,5.767,54.158,0,0,1306688,984116,174772,5452880,11123.537,4399.870,0,1380.037,0,30.088,2819,1693,1.720,1.040,0.550,2,0,33.097,0,0,11,5,0,19,0
29-06 19:31:31,44.735,7.498,46.235,0.750,0,1280908,1003464,175000,5458248,4917.377,1793.408,0,8873.071,0,412.864,9324,14513,1.720,1.040,0.550,3,0,18.994,0,0,11,4,0,19,0
29-06 19:31:32,43.524,9.005,46.026,0,0,1344720,938356,175024,5459252,4442.487,1690.947,0,960.538,0,19.011,12453,21477,1.720,1.040,0.550,4,0,13.007,0,0,11,4,0,19,0
29-06 19:31:33,41.268,10.505,47.771,0,0,1269960,1021136,175032,5451984,4908.110,1566.674,0,1844.793,0,24.010,6325,7765,1.750,1.050,0.560,2,0,114.049,0,0,11,4,0,19,0
29-06 19:31:34,32.252,22.002,45.253,0,0,1193420,1097460,175032,5452192,4920.364,1620.120,0,56.004,0,13.001,6596,5660,1.750,1.050,0.560,3,0,562.042,0,0,11,4,0,19,0
29-06 19:31:35,25.749,16.749,56.248,0,0,1204924,1085924,175032,5452660,4859.850,1661.949,0,12.000,0,3.000,6702,8594,1.750,1.050,0.560,3,0,309.990,0,0,11,4,0,19,0
29-06 19:31:36,45.710,6.459,47.201,0,0,1237704,1053128,175032,5452676,5263.657,1651.538,0,51.673,0,2.981,3018,1597,1.750,1.050,0.560,3,0,35.773,0,0,11,5,0,19,0
29-06 19:31:37,44.612,7.018,47.871,0,0,1256864,1033404,175032,5453216,4964.517,1515.822,0,533.345,0,41.104,2811,1428,1.750,1.050,0.560,3,0,6.015,0,0,11,5,0,19,0
29-06 19:31:38,30.270,10.007,59.039,0,0,1283732,1004124,175080,5455536,5763.832,1621.078,0,2361.570,0,111.074,3962,4396,1.770,1.070,0.560,1,0,118.079,0,0,11,4,0,19,0
29-06 19:31:39,13.992,4.248,80.956,0.250,0,1330832,957004,175100,5455536,5824.868,1187.362,0,835.551,0,34.981,1849,2040,1.770,1.070,0.560,2,0,21.988,0,0,11,4,0,19,0
29-06 19:31:40,23.517,2.252,73.552,0,0,1371496,916332,175108,5455536,5764.113,1350.964,0,128.091,0,4.003,1608,1233,1.770,1.070,0.560,4,0,0,0,0,11,4,0,19,0
29-06 19:31:41,22.959,3.244,71.622,0.998,0,1388320,899224,175160,5455768,5982.316,1603.137,0,1665.026,0,197.647,3775,5008,1.770,1.070,0.560,3,0,1.996,0,0,11,10,0,19,0
29-06 19:31:42,21.305,6.266,71.684,0.251,0,1324580,962936,175168,5455772,4070.431,1082.775,0,27931.578,0,349.897,2922,2771,1.770,1.070,0.560,2,0,42.108,0,0,11,4,0,21,0
29-06 19:31:43,19.969,2.247,77.130,0,0,1361332,925908,175172,5455964,7987.607,3998.796,0,3650.336,0,61.904,1880,1428,1.700,1.070,0.570,2,0,0,0,0,11,11,0,21,0
29-06 19:31:44,21.313,3.009,74.469,0.752,0,1366572,920112,175216,5456336,9340.527,6532.251,268.792,1251.689,66.195,40.118,3017,3093,1.700,1.070,0.570,0,0,3.009,0,0,11,29,0,17,0
29-06 19:31:45,19.955,5.238,73.585,0,0,1410508,876168,175216,5456344,6284.941,2601.181,0,307.313,0,62.859,2300,1670,1.700,1.070,0.570,2,0,42.904,0,0,11,28,0,18,0
29-06 19:31:46,17.994,2.499,78.972,0,0,1436604,850064,175216,5456348,9994.492,6313.784,0,19.993,0,1.999,1774,1401,1.700,1.070,0.570,3,0,0,0,0,11,29,0,18,0
29-06 19:31:47,28.426,10.971,59.594,0,0,1449192,837440,175216,5456376,7507.374,3737.230,0,29913.798,0,223.416,3828,3079,1.700,1.070,0.570,3,0,155.593,0,0,11,28,0,19,0
29-06 19:31:48,37.308,5.258,56.337,0.250,0.250,1507768,778856,175216,5456384,13198.352,9346.412,0,869.341,0,42.065,3280,2403,1.730,1.080,0.580,4,0,0,0,0,11,30,0,17,0
29-06 19:31:49,35.901,9.289,52.972,0.251,0,1396932,889476,175216,5456600,16200.928,12370.869,0,2530.610,0,55.232,6921,8894,1.730,1.080,0.580,3,0,193.813,0,0,11,28,0,18,0
29-06 19:31:50,76.019,22.756,1.000,0,0.250,1601868,684504,175216,5456636,5111.280,1620.406,0,164.041,0,11.003,5486,4108,1.730,1.080,0.580,6,0,385.096,0,0,11,28,0,18,0
29-06 19:31:51,87.001,12.000,1.500,0,0,1823344,462996,175216,5456656,21055.279,17667.234,0,0,0,0,5747,3796,1.730,1.080,0.580,5,0,1.000,0,0,11,33,0,18,0
29-06 19:31:52,82.481,8.498,8.248,0,0,1729464,556628,175228,5456892,34016.349,29861.284,0,947.787,0,84.981,9448,14022,1.730,1.080,0.580,6,0,70.984,0,0,11,29,0,22,0
29-06 19:31:53,24.421,10.965,62.797,0.249,0,1564416,721652,175232,5456912,8210.440,2836.823,0,366.813,0,36.881,4154,3989,1.670,1.080,0.580,2,0,238.229,0,0,11,28,0,23,0
29-06 19:31:54,19.732,2.248,77.430,0,0,1559860,726204,175232,5456916,9716.159,5417.071,0,119.891,0,7.993,1977,1666,1.670,1.080,0.580,2,0,0,0,0,11,29,0,23,0
29-06 19:31:55,16.492,6.247,75.466,0.500,0,1511464,774584,175236,5456928,8262.241,4593.910,0,875.602,0,61.972,3507,3633,1.670,1.080,0.580,2,0,67.969,0,0,11,28,0,24,0
29-06 19:31:56,20.742,3.249,75.222,0,0,1528652,757396,175236,5456928,6731.478,3152.819,0,151.943,0,1.999,1775,1152,1.670,1.080,0.580,1,0,0,0,0,11,29,0,23,0
29-06 19:31:57,17.318,4.016,77.555,0.251,0,1463552,822468,175244,5456948,10919.988,6374.093,0,69120.103,0,851.351,3665,4554,1.670,1.080,0.580,1,0,20.079,0,0,11,28,0,24,0
29-06 19:31:58,13.263,27.026,59.557,0.250,0,1449604,836448,175248,5456972,5825.563,1621.548,0,3062.925,0,117.112,6927,5946,1.540,1.070,0.570,4,0,777.743,0,0,11,28,0,24,0
29-06 19:31:59,79.523,19.506,0.250,0,0,1634900,651120,175252,5457004,5259.538,1458.427,0,204.060,0,14.004,5033,3054,1.540,1.070,0.570,5,0,241.071,0,0,11,28,0,24,0
29-06 19:32:00,80.065,9.727,9.478,0,0,1768164,517664,175260,5457184,34219.810,31203.790,0,698.384,0,39.908,6678,8377,1.540,1.070,0.570,5,0,0,0,0,11,33,0,24,0
29-06 19:32:01,79.784,13.256,7.253,0,0,1617020,668636,175280,5457336,27352.659,21447.142,0,868.370,0,67.029,8254,12826,1.540,1.070,0.570,7,0,179.076,0,0,11,28,0,25,0
29-06 19:32:02,83.151,16.781,0,0,0,1694544,591096,175280,5457352,5321.690,1514.758,0,204.372,0,12.022,5137,3094,1.540,1.070,0.570,6,0,132.241,0,0,11,28,0,25,0
29-06 19:32:03,84.539,11.222,3.741,0,0,1847992,437480,175280,5457520,32091.870,28135.748,0,31652.966,0,175.562,6447,7395,1.650,1.100,0.590,6,0,0,0,0,11,34,0,25,0
29-06 19:32:04,74.634,10.268,14.526,0,0,1657816,627292,175288,5457876,41822.295,35871.581,0,308.556,0,26.047,10736,16296,1.650,1.100,0.590,6,0,159.287,0,0,11,29,0,30,0
29-06 19:32:05,44.018,11.004,44.268,0.250,0,1556004,729072,175292,5457904,7645.077,3581.442,0,316.127,0,24.010,4094,3347,1.650,1.100,0.590,3,0,139.056,0,0,11,28,0,30,0
29-06 19:32:06,33.913,3.491,61.841,0,0,1564476,720572,175300,5457924,17461.051,12963.629,0,211.456,0,14.961,3717,3567,1.650,1.100,0.590,2,0,0,0,0,11,29,0,31,0
29-06 19:32:07,57.164,18.553,24.320,0,0,1515612,769348,175304,5457976,13043.517,8572.657,0,252.727,0,18.052,6576,6827,1.650,1.100,0.590,4,0,379.090,0,0,11,28,0,32,0
29-06 19:32:08,55.448,6.744,37.715,0,0,1625804,659140,175308,5457988,17569.646,13854.104,0,315.706,0,11.989,4186,2944,1.760,1.130,0.600,4,0,0,0,0,11,31,0,32,0
29-06 19:32:09,53.780,14.758,30.517,0.250,0,1553404,731312,175320,5458204,21303.032,17418.839,0,424.240,0,50.028,8742,11567,1.760,1.130,0.600,4,0,258.146,0,0,11,28,0,32,0
29-06 19:32:10,82.581,11.227,5.738,0,0,1688528,596176,175324,5458208,10201.115,8156.302,0,183.624,0,9.980,4708,1671,1.760,1.130,0.600,1,0,0,0,0,11,32,0,32,0
29-06 19:32:11,57.505,6.251,36.003,0,0,1688300,596176,175336,5458424,38856.257,33846.837,0,332.028,0,37.003,9264,13753,1.760,1.130,0.600,4,0,1.000,0,0,11,30,0,34,0
29-06 19:32:12,66.786,16.697,15.949,0,0,1573712,710696,175368,5458460,7416.269,3326.356,0,3676.236,0,201.356,5160,4694,1.760,1.130,0.600,4,0,322.967,0,0,11,28,0,35,0
29-06 19:32:13,58.668,8.023,32.343,0,0,1638916,645480,175368,5458472,17557.415,14016.247,0,373.071,0,9.026,4828,12271,1.860,1.160,0.610,6,0,36.104,0,0,11,31,0,31,0
29-06 19:32:14,52.127,14.715,32.174,0,0,1512096,772084,175380,5458676,22112.618,18138.033,0,1257.022,0,83.801,8736,11350,1.860,1.160,0.610,4,0,298.293,0,0,11,28,0,33,0
29-06 19:32:15,62.807,7.788,29.142,0,0,1643652,640524,175380,5458680,8238.246,5579.256,0,0,0,0,3561,1436,1.860,1.160,0.610,1,0,0,0,0,11,30,0,33,0
29-06 19:32:16,49.846,4.735,44.862,0,0,1640964,643012,175384,5458876,28050.431,22736.830,0,163.495,0,12.960,6846,9174,1.860,1.160,0.610,4,0,0,0,0,11,29,0,35,0
29-06 19:32:17,64.196,17.052,18.055,0,0,1572708,711104,175388,5459032,9246.160,4178.727,0,168.513,0,12.037,5024,3737,1.860,1.160,0.610,3,0,287.877,0,0,11,28,0,33,0
29-06 19:32:18,51.893,5.738,41.664,0.249,0,1642264,641396,175388,5459184,21946.864,17018.001,0,339.302,0,7.984,4640,4285,1.870,1.170,0.620,4,0,0,0,0,11,31,0,33,0
29-06 19:32:19,56.744,10.999,31.497,0.250,0,1573644,709932,175408,5459248,18462.153,11556.844,0,1295.870,0,89.991,6640,7722,1.870,1.170,0.620,5,0,111.989,0,0,11,28,0,35,0
29-06 19:32:20,54.720,6.996,37.979,0,0,1651492,632076,175408,5459256,16117.107,11718.534,0,71.960,0,7.996,4149,2806,1.870,1.170,0.620,4,0,0,0,0,11,31,0,35,0
29-06 19:32:21,54.157,9.528,35.352,0.251,0,1515400,768092,175428,5459312,21364.840,16983.157,0,236.685,0,33.096,7861,9888,1.870,1.170,0.620,4,0,188.546,0,0,11,28,0,37,0
29-06 19:32:22,74.751,23.750,1.250,0,0,1595512,687884,175432,5459372,5036.052,1566.016,0,236.002,0,22.000,5692,4821,1.870,1.170,0.620,8,0,529.005,0,0,11,28,0,37,0
29-06 19:32:23,81.001,19.250,0.250,0,0,1793768,489584,175432,5459400,11487.121,7957.084,0,172.002,0,9.000,5711,4992,2.360,1.290,0.660,8,0,458.005,0,0,11,30,0,37,0
29-06 19:32:24,78.241,16.498,4.250,0,0,1853080,429860,175456,5459780,50585.323,48571.549,0,707.921,0,41.995,8753,10822,2.360,1.290,0.660,4,0,365.959,0,0,11,32,0,38,0
29-06 19:32:25,81.507,18.002,0.750,0,0,1603692,679140,175480,5459860,17223.490,11555.000,0,660.057,0,60.005,6745,7150,2.360,1.290,0.660,6,0,307.027,0,0,11,28,0,38,0
29-06 19:32:26,84.502,9.941,4.971,0,0,1729028,553800,175480,5459868,12813.558,10032.929,0,115.321,0,8.947,5067,2611,2.360,1.290,0.660,5,0,6.959,0,0,11,31,0,38,0
29-06 19:32:27,75.322,8.034,16.822,0,0,1762252,520340,175480,5460096,44481.206,39065.046,0,960.106,0,3.013,9266,13878,2.360,1.290,0.660,4,0,0,0,0,11,31,0,40,0
29-06 19:32:28,43.055,22.278,33.793,0,0,1506312,776228,175480,5460148,16290.795,12223.603,0,1866.382,0,27.035,7388,9299,2.490,1.330,0.680,2,0,669.855,0,0,11,28,0,43,0
29-06 19:32:29,47.001,32.250,20.250,0,0,1538900,743568,175480,5460204,4472.060,1512.020,0,3300.045,0,118.002,6485,6064,2.490,1.330,0.680,5,0,933.013,0,0,11,28,0,41,0
29-06 19:32:30,76.512,9.502,13.502,0,0,1677828,604620,175480,5460224,16724.726,13037.125,0,0,0,0,5065,3684,2.490,1.330,0.680,5,0,0,0,0,11,31,0,41,0
29-06 19:32:31,62.647,11.481,25.209,0,0,1621980,660264,175512,5460432,27218.260,23124.988,0,806.674,0,76.874,7545,11130,2.490,1.330,0.680,5,0,146.759,0,0,11,28,0,44,1
29-06 19:32:32,82.898,14.025,3.005,0,0,1614760,667464,175512,5460452,6803.147,3658.533,0,236.422,0,13.023,4937,2440,2.490,1.330,0.680,3,0,122.218,0,0,11,29,0,45,0
29-06 19:32:33,63.979,7.248,27.991,0,0,1663776,618324,175516,5460564,32715.301,28599.647,0,199.935,0,8.997,6971,9324,2.540,1.360,0.690,3,0,0,0,0,11,32,0,45,0
29-06 19:32:34,50.244,4.726,43.528,0.249,0.249,1663392,618324,175520,5460944,42530.543,36035.599,0,314.400,0,21.889,12780,19370,2.540,1.360,0.690,4,0,0,0,0,11,31,0,45,0
29-06 19:32:35,77.669,13.322,8.043,0,0,1527476,754172,175536,5460992,15486.497,11293.892,0,2284.316,0,168.911,7422,8681,2.540,1.360,0.690,4,0,120.651,0,0,11,28,0,45,0
29-06 19:32:36,75.898,7.740,14.980,0,0,1658692,622932,175536,5461008,18571.106,15023.861,0,175.764,0,10.985,5308,3787,2.540,1.360,0.690,4,0,0,0,0,11,32,0,45,0
29-06 19:32:37,55.315,6.758,37.794,0.250,0,1661164,620160,175540,5461264,44817.314,38925.437,0,140.164,0,8.009,12199,19197,2.540,1.360,0.690,3,0,6.007,0,0,11,32,0,45,0
29-06 19:32:38,67.431,10.739,20.729,0,0,1603324,677780,175540,5461492,33448.940,26943.564,0,151.845,0,11.988,9530,13609,2.730,1.420,0.720,4,0,142.855,0,0,11,28,0,49,0
29-06 19:32:39,78.347,14.017,7.760,0,0,1636788,644308,175540,5461504,11572.320,7209.922,0,160.198,0,9.011,4860,2622,2.730,1.420,0.720,5,0,117.145,0,0,11,30,0,49,0
29-06 19:32:40,62.231,7.498,29.991,0,0,1674564,606308,175544,5461720,36764.825,31305.485,0,107.967,0,7.998,8903,13058,2.730,1.420,0.720,2,0,0,0,0,11,32,0,49,0
29-06 19:32:41,74.545,10.720,12.964,0,0,1577856,702796,175552,5461924,22772.300,17567.630,0,331.088,0,32.909,7654,10149,2.730,1.420,0.720,4,0,128.646,0,0,11,28,0,51,0
29-06 19:32:42,77.977,10.747,11.747,0,0,1674264,606376,175552,5461936,14448.818,11294.731,0,111.968,0,7.998,4602,2497,2.730,1.420,0.720,5,0,0,0,0,11,31,0,51,0
29-06 19:32:43,66.172,11.781,22.057,0,0,1677332,603248,175560,5461988,26219.110,21871.817,0,348.906,0,40.104,7589,10449,2.990,1.500,0.740,3,0,120.313,0,0,11,30,0,53,0
29-06 19:32:44,71.457,11.243,16.490,0,0,1688568,591800,175564,5462192,29340.296,25304.731,0,387.766,0,30.981,7215,9618,2.990,1.500,0.740,2,0,60.963,0,0,11,34,0,55,0
29-06 19:32:45,75.094,11.765,12.766,0,0,1692784,587524,175564,5462252,23770.763,18791.528,0,152.191,0,10.013,5973,8193,2.990,1.500,0.740,4,0,82.103,0,0,11,32,0,57,0
29-06 19:32:46,76.000,10.750,12.750,0,0,1659308,620964,175568,5462284,18100.957,14251.966,0,124.000,0,8.000,5553,5144,2.990,1.500,0.740,4,0,86.000,0,0,11,33,0,55,0
29-06 19:32:47,75.116,11.979,13.226,0,0,1645580,634512,175576,5462416,17840.210,14248.610,0,127.772,0,7.986,5558,4544,2.990,1.500,0.740,4,0,69.875,0,0,11,34,0,56,0
29-06 19:32:48,63.814,10.010,24.525,0,0,1607464,672420,175584,5462612,27192.310,23568.671,0,364.366,0,38.038,7153,9118,2.910,1.510,0.750,2,0,138.139,0,0,11,34,0,58,0
29-06 19:32:49,58.604,11.721,28.928,0.249,0,1581212,698648,175596,5462620,8121.731,4371.091,0,371.074,0,35.910,4570,3898,2.910,1.510,0.750,3,0,120.699,0,0,11,32,0,60,0
29-06 19:32:50,52.136,6.266,41.609,0.251,0,1661472,618324,175600,5462680,19410.650,15778.172,0,220.576,0,16.042,4978,4520,2.910,1.510,0.750,5,0,0,0,0,11,35,0,58,0
29-06 19:32:51,57.022,9.754,32.763,0,0,1623284,656324,175600,5462868,22851.918,18199.102,0,160.062,0,11.004,6725,8612,2.910,1.510,0.750,5,0,140.055,0,0,11,32,0,61,0
29-06 19:32:52,60.948,10.241,28.475,0,0,1613048,666540,175604,5462880,9885.489,6189.671,0,211.818,0,9.991,3888,2095,2.910,1.510,0.750,6,0,42.963,0,0,11,33,0,61,0
29-06 19:32:53,48.798,7.007,42.792,0.250,0,1595608,683884,175612,5462960,26533.327,22500.326,0,172.171,0,14.014,6403,8921,2.840,1.520,0.760,4,0,85.084,0,0,11,34,0,62,0
29-06 19:32:54,35.140,8.474,55.576,0,0,1415020,864424,175624,5462996,12444.095,7915.254,0,422.679,0,35.888,5541,5902,2.840,1.520,0.760,3,0,135.576,0,0,11,32,0,58,0
29-06 19:32:55,39.487,4.499,55.232,0,0,1507992,771448,175624,5463000,11879.168,8362.302,0,147.952,0,9.997,2983,1893,2.840,1.520,0.760,2,0,0,0,0,11,34,0,58,0
29-06 19:32:56,36.617,5.016,57.182,0.251,0,1492624,786656,175636,5463140,17253.990,12325.282,0,236.755,0,19.061,4780,6185,2.840,1.520,0.760,2,0,34.109,0,0,11,32,0,60,0
29-06 19:32:57,39.497,9.749,50.496,0,0,1514004,765264,175636,5463152,7140.402,3531.704,0,159.987,0,9.999,3559,2091,2.840,1.520,0.760,2,0,103.991,0,0,11,33,0,60,0
29-06 19:32:58,33.007,6.001,59.513,0.250,0,1491132,787984,175640,5463300,16037.637,11501.609,0,1652.375,0,29.007,4033,3945,2.770,1.520,0.770,4,0,53.012,0,0,11,33,0,59,0
29-06 19:32:59,39.260,7.002,53.514,0,0,1491208,787888,175640,5463320,10440.742,6595.732,0,380.100,0,24.006,4108,4249,2.770,1.520,0.770,2,0,12.003,0,0,11,32,0,60,0
29-06 19:33:00,35.721,4.496,58.452,0,0,1549224,729720,175644,5463468,15098.610,11449.605,0,147.879,0,8.993,3547,3371,2.770,1.520,0.770,4,0,0,0,0,11,34,0,60,0
29-06 19:33:01,38.223,5.996,54.961,0,0,1502732,776156,175652,5463512,18332.896,13261.521,0,279.800,0,26.981,5578,6616,2.770,1.520,0.770,4,0,43.969,0,0,11,32,0,62,0
29-06 19:33:02,40.430,5.990,53.407,0.250,0,1568656,710220,175656,5463520,10421.939,6429.857,0,147.744,0,10.981,3181,2024,2.770,1.520,0.770,4,0,4.991,0,0,11,33,0,61,0
29-06 19:33:03,35.223,3.997,59.953,0.250,0,1568256,710580,175656,5463560,21526.261,16611.083,0,235.817,0,20.984,5610,7202,2.710,1.530,0.770,2,0,0,0,0,11,33,0,62,0
29-06 19:33:04,24.050,11.524,63.132,0,0,1492496,786264,175660,5463628,8686.157,4044.454,0,468.980,0,64.134,4447,4090,2.710,1.530,0.770,1,0,282.591,0,0,11,32,0,63,0
29-06 19:33:05,18.737,2.998,77.697,0.250,0,1505016,773740,175664,5463632,10835.599,6659.452,0,191.869,0,11.992,1999,1611,2.710,1.530,0.770,2,0,0,0,0,11,33,0,63,0
29-06 19:33:06,16.289,5.262,76.933,0,0,1457432,821176,175684,5463780,11617.574,6761.047,0,4442.544,0,210.500,4412,5075,2.710,1.530,0.770,1,0,98.233,0,0,11,32,0,59,0
29-06 19:33:07,17.175,9.459,71.689,0.249,0,1449424,829172,175684,5463792,5277.091,1451.698,0,195.153,0,15.931,3433,2694,2.710,1.530,0.770,2,0,185.196,0,0,11,32,0,59,0
29-06 19:33:08,19.025,2.754,77.351,0.250,0,1455840,822728,175704,5463800,10504.782,7150.381,0,1538.018,0,92.121,2226,2101,2.650,1.540,0.780,1,0,0,0,0,11,33,0,59,0
29-06 19:33:09,18.535,5.010,75.645,0,0,1413608,864944,175704,5463816,10580.250,6781.980,0,104.199,0,7.013,3665,3919,2.650,1.540,0.780,3,0,46.088,0,0,11,32,0,60,0
29-06 19:33:10,21.210,2.495,75.609,0,0,1436044,842504,175704,5463820,5844.083,3525.415,0,0,0,0,1645,1074,2.650,1.540,0.780,3,0,0,0,0,11,33,0,57,0
29-06 19:33:11,18.249,2.250,77.744,0,0,1433156,845348,175708,5463852,15923.872,11605.178,0,139.990,0,8.999,3682,4891,2.650,1.540,0.780,1,0,1.000,0,0,11,33,0,57,0
29-06 19:33:12,14.539,13.787,71.192,0,0,1385880,892460,175712,5464008,6303.001,3587.677,0,196.530,0,20.054,5206,4708,2.650,1.540,0.780,4,0,305.825,0,0,11,32,0,57,0
29-06 19:33:13,31.410,17.949,48.861,0.249,0,1420320,857920,175744,5464072,4592.903,1561.547,0,422.794,0,28.918,5442,11827,2.840,1.600,0.800,3,0,355.985,0,0,11,32,0,60,0
29-06 19:33:14,44.090,6.764,48.850,0.501,0,1534544,741868,175852,5465492,4747.714,1515.100,0,2348.806,0,87.178,3292,2181,2.840,1.600,0.800,1,1,5.010,0,0,11,36,0,54,0
29-06 19:33:15,35.799,6.008,45.312,11.015,0,1520348,748952,176784,5471304,5072.966,1622.228,0,30766.248,0,2842.904,13896,25554,2.840,1.600,0.800,2,0,124.171,0,0,11,36,0,54,0
29-06 19:33:16,36.622,9.218,40.359,12.207,0,1578984,688484,177492,5472356,5290.465,1560.533,0,42431.341,0,3560.526,14827,28375,2.840,1.600,0.800,3,0,43.846,0,0,11,36,0,54,0
29-06 19:33:17,45.415,6.524,44.662,3.011,0,1526108,741268,177564,5472376,6200.479,1517.502,0,14592.906,0,915.318,4595,4967,2.840,1.600,0.800,3,0,8.029,0,0,11,32,0,54,0
29-06 19:33:18,38.670,7.235,44.907,7.485,0,1592936,673944,177764,5472664,6013.584,1616.662,0,9272.855,0,1558.782,10910,18147,2.770,1.600,0.810,5,0,0.998,0,0,11,34,0,51,0
29-06 19:33:19,33.691,8.984,50.911,5.241,0,1538084,728412,177900,5472888,6235.100,1617.173,0,12566.033,0,1332.670,8051,12986,2.770,1.600,0.810,2,0,100.824,0,0,11,32,0,51,0
29-06 19:33:20,21.752,4.751,71.258,1.250,0,1568800,697648,177948,5472888,5366.580,1620.175,0,12097.306,0,635.069,2877,4259,2.770,1.600,0.810,2,0,0,0,0,11,32,0,51,0
29-06 19:33:21,21.743,4.249,73.475,0.250,0,1585276,681156,177956,5472892,4995.313,1619.453,0,263.911,0,17.994,1883,1278,2.770,1.600,0.810,2,0,2.999,0,0,11,32,0,51,0
29-06 19:33:22,23.280,3.004,72.093,0.250,0,1518216,748172,177972,5472920,4986.453,1622.099,0,1425.845,0,88.114,2031,1636,2.770,1.600,0.810,2,0,1.001,0,0,11,32,0,47,0
29-06 19:33:23,21.980,3.996,73.432,0,0,1543900,722488,177972,5472920,5081.268,1564.543,0,0,0,0,1796,1134,2.630,1.590,0.810,2,0,1.998,0,0,11,32,0,47,0
29-06 19:33:24,22.992,2.749,73.476,0,0,1484724,781648,177972,5472932,4678.440,1619.460,0,3.999,0,1.000,1815,1285,2.630,1.590,0.810,2,0,1.000,0,0,11,32,0,47,0
29-06 19:33:25,22.253,3.250,73.760,0,0,1517512,748860,177976,5472928,4592.653,1512.215,0,0,0,0,1805,1161,2.630,1.590,0.810,2,0,2.000,0,0,11,32,0,47,0
29-06 19:33:26,22.773,3.253,73.573,0,0,1484008,782244,177980,5473008,5108.079,1609.600,0,8.008,0,2.002,1814,1218,2.630,1.590,0.810,2,0,1.001,0,0,11,32,0,47,0
29-06 19:33:27,22.258,3.251,73.778,0,0,1527092,739152,177980,5473008,4653.764,1512.573,0,176.067,0,2.001,1787,1218,2.630,1.590,0.810,4,0,2.001,0,0,11,32,0,46,0
29-06 19:33:28,23.751,2.750,73.253,0,0,1479424,786724,177980,5473104,4680.167,1620.058,0,116.004,0,11.000,1844,1287,2.500,1.580,0.810,2,0,1.000,0,0,11,32,0,46,0
29-06 19:33:29,22.481,2.748,72.939,0.250,0,1461276,804840,177988,5473128,4274.432,1456.784,0,587.510,0,22.981,1863,1412,2.500,1.580,0.810,2,0,0.999,0,0,11,32,0,46,0
29-06 19:33:30,21.999,3.500,73.748,0,0,1473100,793016,177988,5473128,4979.834,1619.946,0,15.999,0,2.000,1788,1238,2.500,1.580,0.810,2,0,0,0,0,11,32,0,46,0
29-06 19:33:31,22.997,2.750,73.490,0,0.250,1447860,818236,177988,5473148,4714.359,1457.802,0,0,0,0,1817,1152,2.500,1.580,0.810,3,0,3.999,0,0,11,32,0,41,0
29-06 19:33:32,22.250,3.750,73.501,0,0,1492716,773356,177996,5473164,4990.063,1620.020,0,4.000,0,1.000,1798,1211,2.500,1.580,0.810,2,0,0,0,0,11,32,0,41,0
29-06 19:33:33,22.729,2.997,72.933,0,0,1471736,794280,177996,5473220,4721.658,1564.561,0,0,0,0,1822,1284,2.380,1.570,0.810,3,0,0.999,0,0,11,32,0,41,0
29-06 19:33:34,22.735,3.498,73.702,0,0,1515992,750024,177996,5473220,5068.725,1511.024,0,111.928,0,1.999,1797,1173,2.380,1.570,0.810,2,0,1.999,0,0,11,32,0,41,0
29-06 19:33:35,12.055,16.073,70.570,0,0,1461528,804324,178004,5473372,5183.508,1627.380,0,687.116,0,9.041,4839,3611,2.380,1.570,0.810,1,0,336.526,0,0,11,32,0,37,0
29-06 19:33:36,8.250,21.500,69.000,0,0,1443164,822616,178008,5473416,5074.964,1457.990,0,1211.991,0,110.999,6093,4614,2.380,1.570,0.810,1,0,458.997,0,0,11,32,0,37,0
29-06 19:33:37,8.245,21.986,68.705,0,0,1435796,829924,178008,5473452,5276.524,1618.934,0,87.942,0,0.999,6115,4730,2.380,1.570,0.810,2,0,465.693,0,0,11,32,0,37,0
29-06 19:33:38,18.207,7.981,72.080,0,0,1460896,804824,178008,5473444,6105.613,1616.192,0,195.539,0,9.976,3064,2585,2.270,1.560,0.810,2,0,114.730,0,0,11,32,0,37,0
29-06 19:33:39,22.743,3.749,73.228,0.250,0,1497640,768072,178016,5473444,6178.119,1619.507,0,431.869,0,30.991,1874,1347,2.270,1.560,0.810,2,0,1.999,0,0,11,32,0,33,0
29-06 19:33:40,22.011,3.752,73.786,0,0,1469648,796068,178016,5473440,5762.825,1620.794,0,1980.971,0,232.114,1812,1223,2.270,1.560,0.810,2,0,1.000,0,0,11,32,0,33,0
29-06 19:33:41,22.074,3.763,73.246,0,0,1518852,746860,178016,5473440,5698.129,1557.228,0,20.067,0,1.003,1824,1159,2.270,1.560,0.810,1,0,3.010,0,0,11,32,0,33,0
29-06 19:33:42,22.494,3.249,73.979,0,0,1515908,749796,178016,5473448,4456.734,1457.586,0,0,0,0,1731,1206,2.270,1.560,0.810,2,0,1.000,0,0,11,32,0,33,0
29-06 19:33:43,21.963,3.494,74.126,0,0,1553452,712248,178016,5473448,4450.559,1455.566,0,11.980,0,0.998,1715,1181,2.170,1.550,0.820,2,0,1.997,0,0,11,32,0,30,0
29-06 19:33:44,22.944,2.494,73.569,0,0,1432540,833208,178016,5473436,2334.266,0,0,71.824,0,4.988,1710,1195,2.170,1.550,0.820,2,0,0.998,0,0,11,32,0,30,0
29-06 19:33:45,22.034,4.006,73.364,0,0,1506632,759112,178016,5473436,4627.179,1622.517,0,2111.275,0,15.023,1801,1173,2.170,1.550,0.820,2,0,2.003,0,0,11,32,0,30,0
29-06 19:33:46,22.562,3.259,73.952,0,0,1470928,794804,178016,5473448,5070.878,1624.446,0,332.911,0,65.178,1717,1078,2.170,1.550,0.820,1,0,1.003,0,0,11,32,0,30,0
29-06 19:33:47,22.151,2.987,73.421,0,0,1521060,744668,178016,5473452,4617.324,1451.500,0,0,0,0,1701,1156,2.170,1.550,0.820,2,0,1.991,0,0,11,32,0,23,0
29-06 19:33:48,22.703,3.243,73.347,0,0,1496412,769340,178016,5473444,4670.284,1616.637,0,195.593,0,9.979,1890,1524,2.070,1.550,0.820,2,0,0.998,0,0,11,32,0,23,0
29-06 19:33:49,22.530,3.254,74.098,0.501,0,1514808,750944,178016,5473444,4523.954,1459.921,0,304.401,0,22.029,1769,1233,2.070,1.550,0.820,2,0,2.003,0,0,11,32,0,23,0
29-06 19:33:50,22.765,2.502,73.549,0,0,1497784,767940,178016,5473472,4923.303,1621.088,0,36.024,0,3.002,1652,1044,2.070,1.550,0.820,3,0,1.001,0,0,11,32,0,23,0
29-06 19:33:51,22.002,3.750,73.506,0,0,1521056,744756,178016,5473384,4535.392,1458.126,0,0,0,0,1727,1268,2.070,1.550,0.820,2,0,3.000,0,0,11,32,0,18,0
29-06 19:33:52,22.232,3.497,73.940,0,0,1542040,723772,178016,5473384,5035.937,1618.694,0,87.929,0,0.999,1578,1012,2.070,1.550,0.820,3,0,0,0,0,11,32,0,18,0
29-06 19:33:53,22.485,3.248,73.702,0,0,1484844,780892,178016,5473460,5036.708,1618.942,0,0,0,0,1746,1208,1.990,1.540,0.820,2,0,0.999,0,0,11,32,0,18,0
29-06 19:33:54,22.236,3.248,73.454,0,0,1480888,784852,178016,5473456,5286.694,1618.988,0,75.953,0,2.998,1749,1259,1.990,1.540,0.820,2,0,0.999,0,0,11,32,0,18,0
29-06 19:33:55,22.520,3.253,73.817,0,0,1519948,745792,178016,5473456,4864.397,1621.466,0,20.018,0,1.001,1668,1122,1.990,1.540,0.820,2,0,2.002,0,0,11,32,0,13,0
29-06 19:33:56,22.296,3.257,73.902,0,0.251,1531368,734376,178016,5473452,5608.502,1623.329,0,4.008,0,1.002,1821,1319,1.990,1.540,0.820,2,0,1.002,0,0,11,32,0,13,0
29-06 19:33:57,23.073,2.508,73.483,0,0,1527376,738356,178016,5473464,5134.313,1462.647,0,24.076,0,1.003,1776,1204,1.990,1.540,0.820,1,0,1.003,0,0,11,32,0,13,0
29-06 19:33:58,21.966,3.495,73.886,0,0,1544416,721300,178024,5473472,5571.395,1617.502,0,115.821,0,12.980,2001,1579,1.910,1.530,0.820,2,0,1.997,0,0,11,32,0,13,0
29-06 19:33:59,17.538,10.523,71.403,0.251,0,1501164,764500,178028,5473520,5301.375,1623.484,0,440.946,0,28.060,3638,2717,1.910,1.530,0.820,1,0,220.473,0,0,11,32,0,9,0
29-06 19:34:00,15.475,11.981,71.637,0,0,1508376,757240,178028,5473548,4612.697,1617.439,0,179.715,0,5.991,3953,2984,1.910,1.530,0.820,2,0,239.621,0,0,11,32,0,9,0
29-06 19:34:01,23.227,2.747,73.427,0,0,1502732,762876,178028,5473556,5249.781,1456.552,0,0,0,0,1749,1139,1.910,1.530,0.820,2,0,0.999,0,0,11,32,0,9,0
29-06 19:34:02,22.008,3.751,73.526,0,0,1466404,798960,178028,5473792,5521.986,1620.583,0,4.001,0,1.000,1839,1264,1.910,1.530,0.820,2,0,9.003,0,0,11,32,0,9,0
29-06 19:34:03,23.192,1.995,73.817,0,0,1507668,757696,178028,5473792,5524.284,1454.389,0,0,0,0,1622,998,1.840,1.520,0.820,2,0,0,0,0,11,32,0,6,0
29-06 19:34:04,11.303,20.095,68.072,0,0,1463212,802000,178028,5473944,5606.515,1627.698,40.190,349.654,2.010,9.043,6073,4974,1.840,1.520,0.820,1,0,537.542,0,0,11,32,0,6,0
29-06 19:34:05,8.749,21.247,68.742,0,0,1445396,819776,178028,5473980,5685.303,1565.808,0,551.932,0,8.999,6497,5242,1.840,1.520,0.820,1,0,554.932,0,0,11,32,0,6,0
29-06 19:34:06,9.251,21.503,68.258,0,0,1445720,819412,178028,5474012,5749.708,1512.186,0,532.066,0,7.001,6313,4987,1.840,1.520,0.820,2,0,512.063,0,0,11,32,0,6,0
29-06 19:34:07,8.494,21.735,68.202,0,0,1429908,835196,178028,5474036,5036.478,1618.868,0,1319.078,0,14.990,6400,5129,1.840,1.520,0.820,4,0,548.616,0,0,11,32,0,4,0
29-06 19:34:08,8.000,21.999,68.996,0,0,1417488,847584,178028,5474068,4697.722,1457.914,0,1263.925,0,21.999,6425,5297,1.850,1.530,0.830,2,0,521.969,0,0,11,32,0,4,0
29-06 19:34:09,7.740,20.723,69.410,0.250,0,1411596,853436,178028,5474104,4973.520,1617.892,0,687.105,0,36.952,6287,5082,1.850,1.530,0.830,2,0,499.349,0,0,11,32,0,4,0
29-06 19:34:10,8.262,22.282,69.098,0,0,1400436,864548,178028,5474140,4464.313,1460.065,0,288.408,0,12.017,6252,5025,1.850,1.530,0.830,2,0,515.729,0,0,11,32,0,4,0
29-06 19:34:11,9.749,19.747,68.241,0,0,1346888,918044,178040,5474176,5006.310,1619.777,0,171.976,0,14.998,6493,5473,1.850,1.530,0.830,1,0,555.923,0,0,11,32,0,4,0
29-06 19:34:12,18.512,27.517,52.033,0,0,1382000,882896,178040,5474208,4863.088,1663.056,0,368.234,0,21.013,6217,4887,1.850,1.530,0.830,2,0,485.308,0,0,11,32,0,5,0
29-06 19:34:13,58.241,24.996,16.498,0,0,1562176,702464,178084,5474372,5039.245,1619.757,0,775.884,0,47.993,6027,14851,2.100,1.580,0.850,4,0,387.942,0,0,11,32,0,10,0
29-06 19:34:14,61.388,10.730,23.707,3.743,0,1668964,588856,178424,5480236,5210.503,1617.053,371.323,13411.555,2.995,1030.122,7133,10164,2.100,1.580,0.850,2,1,45.916,0,0,11,34,0,10,0
29-06 19:34:15,37.803,11.766,34.298,13.268,0,1664320,582612,179452,5489264,4824.722,1460.034,0,71920.201,0,5052.039,18976,38197,2.100,1.580,0.850,4,2,148.206,0,0,11,36,0,11,0
29-06 19:34:16,34.506,11.252,35.756,16.503,0,1713536,523312,179824,5498644,7558.359,3971.714,0,76449.749,0,5381.968,18824,38405,2.100,1.580,0.850,3,1,84.015,0,0,11,37,0,8,0
29-06 19:34:17,39.223,8.244,34.226,14.740,0,1706976,520852,180128,5507092,13301.733,8529.058,0,77162.244,0,5593.103,20505,41008,2.100,1.580,0.850,3,1,38.973,0,0,11,36,0,9,0
29-06 19:34:18,40.292,21.022,28.530,8.259,0,1653184,567132,180584,5514192,6152.368,1621.679,296.307,47100.752,4.004,3357.475,16636,29300,2.410,1.660,0.880,16,1,397.411,0,0,11,34,0,9,0
29-06 19:34:19,42.111,18.439,27.160,9.967,0,1655832,557076,180928,5520560,12133.951,7093.587,936.908,47145.393,16.944,3420.710,16136,30584,2.410,1.660,0.880,2,1,166.451,0,0,11,35,0,9,0
29-06 19:34:20,29.601,11.539,43.398,12.041,0,1669084,540928,181120,5523148,16777.248,12085.238,670.287,43889.762,12.041,3497.936,17566,33313,2.410,1.660,0.880,7,0,140.479,0,0,11,35,0,9,0
29-06 19:34:21,30.915,8.726,44.877,13.463,0,1595044,611976,181212,5525976,8703.105,4848.688,0,39527.475,0,3234.121,15356,28329,2.410,1.660,0.880,6,0,78.784,0,0,11,34,0,9,0
29-06 19:34:22,29.563,7.015,46.849,12.777,0,1645492,562384,181312,5525000,10338.871,6708.191,0,39158.837,0,3533.475,14371,26499,2.410,1.660,0.880,2,0,18.038,0,0,11,35,0,9,0
29-06 19:34:23,33.124,7.970,44.581,12.204,0,1640796,565060,181556,5526744,13974.015,9885.517,0,44252.211,0,3782.657,17106,32076,2.540,1.700,0.890,4,0,38.853,0,0,11,35,0,9,0
29-06 19:34:24,27.002,9.251,48.753,11.251,0,1546764,658820,181692,5526884,11864.699,8246.486,0,36934.176,0,3108.183,15162,27481,2.540,1.700,0.890,1,1,92.005,0,0,11,34,0,10,0
29-06 19:34:25,41.095,7.517,38.339,11.276,0,1586548,617268,181800,5528516,5051.706,1623.763,0,32034.234,0,2679.209,11421,22215,2.540,1.700,0.890,3,0,30.070,0,0,11,36,0,10,0
29-06 19:34:26,29.803,8.265,46.083,13.524,0,1601016,600424,181864,5530780,13739.622,9764.498,0,44599.925,0,3793.799,16457,31532,2.540,1.700,0.890,1,1,54.097,0,0,11,37,0,10,0
29-06 19:34:27,27.483,7.246,48.970,12.742,0,1598008,600172,181908,5533896,17599.386,12800.280,0,46372.032,0,3729.751,17682,33351,2.540,1.700,0.890,2,2,44.973,0,0,11,36,0,10,0
29-06 19:34:28,32.621,9.463,40.092,14.194,0,1616972,578792,182020,5536140,4834.945,1452.276,0,54831.902,0,4530.146,17070,32799,2.500,1.700,0.900,2,1,77.694,0,0,11,36,0,10,0
29-06 19:34:29,31.133,8.536,42.933,14.060,0,1641344,551436,182112,5538952,11262.072,7308.195,0,44542.126,0,3640.539,16009,29446,2.500,1.700,0.900,1,1,78.334,0,0,11,37,0,10,0
29-06 19:34:30,30.237,7.997,46.980,12.994,0,1634536,556136,182176,5540932,16350.920,12030.791,0,46295.955,0,3859.329,18094,34638,2.500,1.700,0.900,7,1,50.978,0,0,11,37,0,10,0
29-06 19:34:31,29.482,10.743,44.973,11.493,0,1569784,623760,182208,5537980,9385.292,5788.480,0,47746.963,0,3929.610,16556,32154,2.500,1.700,0.900,2,1,70.957,0,0,11,36,0,11,0
29-06 19:34:32,33.787,8.259,44.549,11.262,0,1622928,570368,182248,5538188,6482.111,3835.207,0,52265.334,0,4223.633,15050,31520,2.500,1.700,0.900,4,0,33.036,0,0,11,37,0,11,0
29-06 19:34:33,36.268,10.755,49.025,2.751,0,1438520,754652,182260,5538288,12576.299,8191.102,0,27877.962,0,1956.980,10375,15994,2.460,1.710,0.910,3,0,229.115,0,0,11,32,0,13,0
29-06 19:34:34,21.687,4.487,73.037,0.249,0,1499316,693856,182260,5538288,4965.509,1615.286,0,582.301,0,29.913,1969,1461,2.460,1.710,0.910,2,0,25.924,0,0,11,32,0,13,0
29-06 19:34:35,17.747,1.250,79.736,0,0,1506364,686604,182260,5538492,11908.841,8328.490,0,775.859,0,45.992,2402,2631,2.460,1.710,0.910,2,0,0,0,0,11,32,0,14,0
29-06 19:34:36,19.228,6.493,72.667,0,0,1532912,660048,182260,5538500,3157.395,323.630,0,1210.618,0,35.959,2447,1792,2.460,1.710,0.910,3,0,59.932,0,0,11,32,0,14,0
29-06 19:34:37,18.741,2.999,77.214,0.500,0,1542016,650828,182260,5538596,11858.523,8087.265,0,739.658,0,41.981,2573,2833,2.460,1.710,0.910,2,0,5.997,0,0,11,33,0,14,0
29-06 19:34:38,19.779,6.259,73.106,0,0,1485556,707272,182264,5538612,9517.795,5143.455,0,552.801,0,33.048,3443,3470,2.340,1.700,0.910,2,0,44.064,0,0,11,32,0,15,0
29-06 19:34:39,17.980,3.496,77.912,0,0,1498540,694284,182264,5538616,12098.317,6651.477,0,459.480,0,25.971,1996,1717,2.340,1.700,0.910,2,0,0,0,0,11,33,0,15,0
29-06 19:34:40,18.516,2.002,77.066,0.500,0,1483368,709308,182268,5538760,12345.529,7303.229,0,2814.400,0,172.147,3560,4539,2.340,1.700,0.910,2,0,0,0,0,11,32,0,16,0
29-06 19:34:41,10.286,20.572,68.740,0,0,1433220,759288,182268,5538932,6662.238,1557.432,0,301.050,0,20.070,6129,4980,2.340,1.700,0.910,1,0,497.736,0,0,11,32,0,16,0
29-06 19:34:42,50.623,17.955,30.673,0.499,0,1521284,671016,182276,5539132,4787.947,1615.932,0,790.011,0,58.852,5346,4103,2.340,1.700,0.910,4,0,302.239,0,0,11,32,0,22,0
29-06 19:34:43,63.711,11.493,23.985,0,0,1697944,492212,182352,5541080,4874.981,1457.098,0,827.487,0,22.986,3925,1762,2.390,1.720,0.920,4,0,1.999,0,0,11,32,0,22,0
29-06 19:34:44,67.549,8.256,23.767,0,0,1822292,363868,182488,5544444,4923.563,1621.173,0,5864.244,0,194.140,4178,1925,2.390,1.720,0.920,4,0,6.004,0,0,11,32,0,22,0
29-06 19:34:45,36.326,7.015,43.090,11.274,0,1824224,347556,182644,5558100,4810.094,1623.407,0,67802.283,0,5247.011,21721,41417,2.390,1.720,0.920,2,1,252.530,0,0,11,38,0,22,0
29-06 19:34:46,27.249,9.250,46.248,13.999,0,1821688,338484,182696,5569320,4776.747,1457.923,0,122241.514,0,8458.551,29070,59148,2.390,1.720,0.920,8,0,212.989,0,0,11,38,0,22,0
29-06 19:34:47,38.756,10.752,34.506,13.002,0,1672512,477048,182800,5579460,4560.739,1620.263,0,89938.575,0,6576.066,25292,49911,2.390,1.720,0.920,3,1,276.045,0,0,11,36,0,22,0
29-06 19:34:48,45.648,9.479,29.933,12.971,0,1736320,403212,182868,5589048,4430.093,1616.385,0,82543.416,0,6042.488,20856,42710,2.440,1.740,0.930,3,3,78.824,0,0,11,36,0,22,0
29-06 19:34:49,37.594,10.276,35.338,15.037,0,1799332,327876,182896,5600872,4691.685,1624.045,0,106681.696,0,7236.022,22662,46921,2.440,1.740,0.930,5,0,38.095,0,0,11,36,0,22,0
29-06 19:34:50,42.036,9.452,34.823,11.939,0,1755880,367444,182912,5604576,4385.701,1450.624,0,73959.961,0,5561.722,19772,39461,2.440,1.740,0.930,3,0,182.074,0,0,11,36,0,22,0
29-06 19:34:51,30.233,9.994,59.217,0,0.250,1475700,647576,182912,5604624,4874.260,1619.090,0,1339.247,0,76.957,4076,3280,2.440,1.740,0.930,2,0,249.860,0,0,11,32,0,22,0
29-06 19:34:52,21.749,3.250,73.247,0.250,0,1506320,616956,182912,5604624,4739.809,1619.935,0,1131.954,0,67.997,1954,1545,2.440,1.740,0.930,3,0,1.000,0,0,11,32,0,22,0
29-06 19:34:53,24.297,2.505,72.641,0.501,0,1556024,567252,182912,5604624,4809.319,1623.145,0,3510.803,0,199.386,2568,2714,2.330,1.730,0.930,2,0,2.004,0,0,11,36,0,22,0
29-06 19:34:54,21.994,3.749,72.978,0,0,1486964,636300,182912,5604632,4756.595,1457.570,0,115.966,0,9.997,2392,1804,2.330,1.730,0.930,2,0,26.992,0,0,11,32,0,22,0
29-06 19:34:55,22.237,3.498,73.706,0,0,1518668,604592,182912,5604636,4977.062,1619.044,0,35.979,0,3.998,1763,1226,2.330,1.730,0.930,2,0,0.999,0,0,11,32,0,22,0
29-06 19:34:56,23.470,1.997,73.407,0.250,0,1556456,566804,182912,5604636,5188.423,1456.154,0,511.352,0,43.944,2000,1645,2.330,1.730,0.930,2,0,1.997,0,0,11,34,0,22,0
29-06 19:34:57,15.080,29.657,54.036,0,0.251,1474360,648852,182912,5604680,5489.070,1628.625,0,213.129,0,19.101,6688,6174,2.330,1.730,0.930,2,0,903.786,0,0,11,32,0,22,0
29-06 19:34:58,9.499,26.499,63.247,0,0,1462180,660940,182912,5604772,5057.722,1457.920,0,639.965,0,97.995,6933,5826,2.220,1.710,0.930,2,0,735.960,0,0,11,32,0,22,0
29-06 19:34:59,7.756,20.515,69.801,0,0,1449660,673428,182912,5604804,5463.996,1621.186,0,100.073,0,6.004,5840,4433,2.220,1.710,0.930,1,0,407.298,0,0,11,32,0,22,0
29-06 19:35:00,9.743,20.486,68.454,0,0,1424960,697956,182912,5604968,5114.530,1457.011,0,55.962,0,11.992,5965,4433,2.220,1.710,0.930,2,0,393.733,0,0,11,32,0,22,0
29-06 19:35:01,20.470,15.227,62.907,0,0,1435272,687604,182920,5605324,5648.650,1617.609,0,7.988,0,1.997,5697,7688,2.220,1.710,0.930,3,0,201.702,0,0,11,32,0,22,0
29-06 19:35:02,43.815,12.018,43.314,0,0,1521784,600960,182924,5605556,5079.552,1514.251,0,20.030,0,3.004,3534,2024,2.220,1.710,0.930,4,0,103.153,0,0,11,33,0,22,0
29-06 19:35:03,46.504,6.000,46.754,0,0,1617388,505316,182924,5605588,5696.470,1566.129,0,196.016,0,4.000,3265,2024,2.200,1.720,0.940,2,1,11.001,0,0,11,43,0,22,0
29-06 19:35:04,46.365,5.983,46.615,0.249,0.249,1661812,459004,182996,5607044,5862.981,1615.311,0,2540.625,0,245.288,3547,2373,2.200,1.720,0.940,3,0,7.977,0,0,11,49,0,22,0
29-06 19:35:05,19.531,17.778,61.096,0,0,1666976,451132,183000,5609984,5801.114,1514.379,0,1121.762,0,16.025,9169,12993,2.200,1.720,0.940,1,0,375.590,0,0,11,48,0,22,0
29-06 19:35:06,14.978,8.987,74.891,0.499,0,1667176,450884,183000,5609648,5574.872,1563.720,0,391.429,0,29.956,4467,5643,2.200,1.720,0.940,1,0,115.831,0,0,11,48,0,22,0
29-06 19:35:07,0.499,0.499,97.788,0,0,1665276,452780,183000,5609652,5448.194,1616.497,0,75.836,0,5.987,776,1012,2.200,1.720,0.940,2,0,2.994,0,0,11,48,0,22,0
29-06 19:35:08,0.752,1.002,96.945,0.251,0,1663692,454356,183000,5609660,5651.380,1623.269,0,6998.092,0,339.684,1472,2441,2.030,1.690,0.930,1,0,2.004,0,0,11,48,0,22,0
29-06 19:35:09,1.000,0.750,97.963,0.250,0,1662312,455736,183000,5609660,5457.962,1619.395,0,2503.065,0,116.956,941,1399,2.030,1.690,0.930,1,0,1.999,0,0,11,48,0,22,0
29-06 19:35:10,1.753,1.753,95.139,0,0,1612604,505460,183000,5609652,4746.942,1622.373,0,24.035,0,4.006,1293,1403,2.030,1.690,0.930,1,0,27.040,0,0,11,48,0,22,0
29-06 19:35:11,17.960,14.718,66.104,0,0,1667964,449924,183000,5609884,5045.867,1658.341,0,0,0,0,5524,7679,2.030,1.690,0.930,6,0,254.439,0,0,11,48,0,22,0
29-06 19:35:12,10.284,16.304,71.990,0,0,1703900,413960,183000,5609824,4894.342,1462.885,0,650.171,0,7.023,5135,4887,2.030,1.690,0.930,1,0,330.102,0,0,12,48,0,22,0
29-06 19:35:13,27.722,18.232,52.947,0,0,1724688,393076,183000,5609944,5330.626,1856.129,0,179.819,0,10.989,7428,17793,1.940,1.680,0.930,5,0,314.683,0,0,12,54,0,17,0
29-06 19:35:14,9.256,6.254,83.052,0.750,0,1719444,398324,183000,5609852,4760.994,1458.917,0,456.287,0,29.018,2623,3013,1.940,1.680,0.930,1,0,168.106,0,0,12,64,0,17,0
29-06 19:35:15,17.223,16.474,64.898,0,0,1724968,392756,183000,5610316,4972.216,1617.468,0,0,0,0,6461,8164,1.940,1.680,0.930,2,0,262.589,0,0,14,64,0,17,0
29-06 19:35:16,11.530,16.292,71.685,0,0,1738932,378744,183000,5609924,5370.898,1624.203,0,312.809,0,27.070,5355,4625,1.940,1.680,0.930,1,0,352.913,0,0,14,66,0,17,0
29-06 19:35:17,8.503,21.257,69.023,0,0,1701676,415824,183000,5610092,5599.888,1542.520,0,2704.912,0,115.039,6035,4619,1.940,1.680,0.930,1,0,392.132,0,0,14,66,0,15,0
29-06 19:35:18,23.493,16.745,58.983,0,0,1716440,401028,183000,5610120,7257.855,1661.509,0,115.966,0,7.998,6807,8765,2.190,1.730,0.950,2,0,299.911,0,0,14,66,0,15,0
29-06 19:35:19,28.993,25.243,44.738,0,0,1769408,348000,183012,5610168,6536.314,1457.624,0,5502.581,0,382.901,7090,5904,2.190,1.730,0.950,2,0,654.831,0,0,14,66,0,15,0
29-06 19:35:20,30.253,24.502,44.004,0,0,1822180,293624,183088,5611612,5220.515,1620.160,0,36.004,0,9.001,7185,8616,2.190,1.730,0.950,2,0,545.054,0,0,14,70,0,17,0
29-06 19:35:21,37.190,20.579,41.901,0,0,1924792,190948,183088,5611644,4914.082,1445.960,0,51.571,0,9.917,6957,7538,2.190,1.730,0.950,7,0,261.820,0,0,14,70,0,16,0
29-06 19:35:22,68.837,25.972,5.295,0.252,0,2032584,155464,175888,5548548,4841.317,1633.944,28.241,1234.536,5.043,10.086,5312,4807,2.190,1.730,0.950,5,0,522.459,0,0,14,70,0,16,0
29-06 19:35:23,67.102,18.210,13.969,0,0,2117612,125848,173148,5496832,5328.274,1706.245,199.561,666.533,3.991,7.982,6220,8743,2.250,1.760,0.970,6,0,245.460,0,0,14,70,0,16,0
29-06 19:35:24,69.870,27.948,1.497,0.250,0,2259104,150240,168544,5339600,4731.164,1616.980,491.083,2527.280,25.952,115.784,5522,6045,2.250,1.760,0.970,5,0,571.932,0,0,14,70,0,16,0
29-06 19:35:25,79.075,18.827,1.506,0.753,0,2429644,135860,168708,5186396,4880.083,1626.694,735.025,2670.992,86.355,129.533,8306,10864,2.250,1.760,0.970,4,1,199.822,0,0,14,74,0,15,0
29-06 19:35:26,61.912,28.210,6.241,2.496,0,2529944,147124,168720,5077316,5109.723,1659.636,551.215,34754.504,11.983,2418.556,15524,28248,2.250,1.760,0.970,4,0,471.329,0,0,14,76,0,15,0
29-06 19:35:27,71.039,20.190,7.727,0.748,0,2615656,131996,168828,5008280,4983.215,1453.687,913.290,8837.779,28.914,777.693,10554,19620,2.250,1.760,0.970,7,0,245.272,0,0,14,80,0,19,0
29-06 19:35:28,74.184,23.809,2.256,0,0,2692140,127860,168840,4937524,5413.394,1666.122,32.079,376.933,7.017,26.064,8558,14172,2.550,1.830,0.990,6,0,534.322,0,0,14,89,0,25,0
29-06 19:35:29,51.246,22.389,24.628,0.249,0,2777468,181248,168840,4801528,4913.680,1450.819,0,867.705,0,50.749,7128,10519,2.550,1.830,0.990,5,0,410.966,0,0,14,89,0,29,0
29-06 19:35:30,57.235,14.811,27.362,0.251,0,2913732,183120,168852,4666920,4819.749,1626.665,3205.133,3056.524,37.152,36.148,5625,5590,2.550,1.830,0.990,3,0,193.794,0,0,14,92,0,29,0
29-06 19:35:31,57.111,11.272,31.060,0.250,0,3008088,156476,168876,4600960,4904.529,1460.838,12.023,3671.133,3.006,189.368,6018,9684,2.550,1.830,0.990,2,0,85.165,0,0,14,97,0,34,0
29-06 19:35:32,8.998,19.246,70.735,0,0,3020584,143892,168876,4601044,4918.932,1619.648,0,795.827,0,49.989,5960,4576,2.550,1.830,0.990,2,0,376.918,0,0,14,97,0,34,0
29-06 19:35:33,8.508,19.019,70.320,0.250,0,3025360,139020,168880,4601136,5165.126,1711.699,20.020,156.155,5.005,14.014,5975,4658,2.510,1.830,1,1,0,385.382,0,0,14,97,0,31,0
29-06 19:35:34,16.663,10.694,71.626,0,0,3075620,154844,168880,4536128,4733.253,1450.417,0,43.771,0,3.979,3340,2538,2.510,1.830,1,2,0,153.199,0,0,14,97,0,31,0
29-06 19:35:35,18.495,2.499,78.229,0,0,3105052,125372,168884,4536164,10875.045,7852.866,35.990,367.900,2.999,1.000,1977,1660,2.510,1.830,1,2,0,0,0,0,14,98,0,31,0
29-06 19:35:36,19.034,6.261,73.630,0.250,0,3029832,268868,168884,4469892,23401.340,18822.250,8.014,404.715,2.004,24.042,3224,2942,2.510,1.830,1,2,0,63.111,0,0,14,99,0,32,0
29-06 19:35:37,21.755,3.751,73.517,0,0,3105288,193360,168884,4469944,6830.564,3586.821,48.011,40.009,5.001,4.001,1981,1328,2.510,1.830,1,1,0,6.001,0,0,14,100,0,32,0
29-06 19:35:38,17.727,3.246,78.149,0.749,0,3108972,189356,168896,4470256,10592.296,5958.291,7.990,451.416,1.997,43.943,2478,2832,2.390,1.810,1,2,0,0.999,0,0,14,104,0,32,0
29-06 19:35:39,25.770,5.254,65.802,1.251,0,3115716,182224,168896,4470612,6304.936,1621.269,112.088,2149.683,7.005,246.193,5357,7556,2.390,1.810,1,2,0,3.002,0,0,14,107,0,32,0
29-06 19:35:40,21.510,8.254,68.281,0.500,0,3099860,197940,168896,4470752,7830.563,2764.258,64.029,11413.193,4.002,632.288,4490,4449,2.390,1.810,1,2,0,111.051,0,0,14,106,0,34,0
29-06 19:35:41,30.025,6.505,63.552,0.250,0,3202680,161880,168896,4405940,11800.635,7431.067,68.056,512.418,5.004,36.029,3142,2630,2.390,1.810,1,3,0,6.005,0,0,14,113,0,34,0
29-06 19:35:42,23.735,3.248,70.705,0.500,0,3210212,154292,168896,4405996,7762.028,4284.255,7.995,1654.940,1.999,125.919,3568,4389,2.390,1.810,1,2,0,1.999,0,0,14,115,0,31,0
29-06 19:35:43,35.305,9.264,53.082,0.751,0,3208792,221536,168900,4341800,6688.383,2908.515,12.019,1566.432,3.005,104.162,5080,5665,2.520,1.850,1.020,3,0,96.149,0,0,14,116,0,32,0
29-06 19:35:44,42.168,6.986,49.653,0.250,0,3366812,128572,168900,4278320,6630.063,3579.017,0,522.980,0,34.932,3138,1846,2.520,1.850,1.020,2,0,4.990,0,0,14,117,0,32,0
29-06 19:35:45,23.069,6.018,69.960,0,0,3311316,244804,168904,4218692,27005.123,23127.474,0,409.229,0,26.078,2899,2123,2.520,1.850,1.020,2,0,55.166,0,0,14,116,0,33,0
29-06 19:35:46,21.452,2.744,75.330,0,0,3372376,183744,168904,4218692,6465.452,3577.949,0,327.264,0,15.964,1794,1301,2.520,1.850,1.020,1,0,0,0,0,14,117,0,28,0
29-06 19:35:47,18.059,4.264,76.499,0.502,0,3349236,206856,168904,4218720,27366.994,23428.185,0,1332.333,0,75.245,2541,2172,2.520,1.850,1.020,4,0,51.166,0,0,14,116,0,29,0
29-06 19:35:48,21.172,2.740,74.724,0.498,0,3351772,204336,168904,4218728,6923.445,3572.812,7.971,4064.996,1.993,303.878,2019,1514,2.400,1.840,1.020,1,0,0,0,0,14,117,0,29,0
29-06 19:35:49,19.706,3.243,75.334,0.748,0,3314036,242012,168904,4218788,10846.050,7138.238,3.991,1592.484,0.998,139.692,3193,3828,2.400,1.840,1.020,5,0,0.998,0,0,14,116,0,30,0
29-06 19:35:50,19.514,6.755,72.554,0.250,0,3330096,225936,168904,4218804,4687.471,1621.201,0,1793.328,0,249.185,2929,2386,2.400,1.840,1.020,2,0,81.060,0,0,14,116,0,30,0
29-06 19:35:51,26.998,4.000,66.995,0.500,0,3349052,206728,168904,4219056,28745.862,24956.144,0,2787.793,0,181.986,4156,5391,2.400,1.840,1.020,2,0,8.999,0,0,14,118,0,32,0
29-06 19:35:52,20.530,5.758,73.106,0,0,3373988,181780,168904,4219068,5047.339,1622.359,0,324.472,0,14.020,2309,1762,2.400,1.840,1.020,2,0,55.080,0,0,14,118,0,32,0
29-06 19:35:53,16.743,2.999,78.717,0.750,0,3386536,169076,168904,4219224,11776.042,8172.559,0,651.726,0,70.970,2475,2774,2.280,1.820,1.020,2,0,0,0,0,14,119,0,32,0
29-06 19:35:54,26.749,4.500,65.747,1.500,0,3386768,168600,168904,4219468,6363.757,2859.891,63.998,3719.858,4.000,373.986,7105,11063,2.280,1.820,1.020,2,0,2.000,0,0,14,121,0,34,0
29-06 19:35:55,19.995,5.749,72.232,0.250,0,3405792,149572,168904,4219472,4576.869,1457.640,0,1055.739,0,61.985,2545,2247,2.280,1.820,1.020,2,0,52.987,0,0,14,121,0,34,0
29-06 19:35:56,18.775,3.004,78.353,0,0,3424148,180512,168904,4170968,14550.149,10857.289,0,472.622,0,29.038,2151,1779,2.280,1.820,1.020,2,0,0,0,0,14,122,0,34,0
29-06 19:35:57,21.786,4.007,71.619,0.501,0,3422616,181968,168908,4171040,5187.617,1904.163,12.020,1358.256,3.005,136.226,4362,5906,2.280,1.820,1.020,2,0,0,0,0,14,122,0,34,0
29-06 19:35:58,32.650,8.225,57.076,0.997,0,3397124,207340,168912,4171156,6302.748,2370.758,0,1631.018,0,139.574,6755,9153,2.260,1.830,1.020,2,0,77.762,0,0,14,123,0,35,0
29-06 19:35:59,20.531,3.255,75.112,0,0,3459540,144920,168912,4171160,6839.191,3591.352,0,496.740,0,34.051,1952,1580,2.260,1.830,1.020,1,0,0,0,0,14,124,0,35,0
29-06 19:36:00,17.986,1.998,78.438,0.500,0,3450800,153620,168912,4171200,13407.368,9268.650,0,1434.862,0,137.891,3118,3995,2.260,1.830,1.020,1,0,0,0,0,14,123,0,36,0
29-06 19:36:01,20.489,9.245,69.212,0.250,0,3421384,183004,168912,4171216,5653.906,1619.114,0,1890.965,0,40.978,3393,2802,2.260,1.830,1.020,2,0,148.919,0,0,14,125,0,36,0
29-06 19:36:02,17.502,2.250,79.011,0,0,3431616,172764,168912,4171224,14769.096,11401.618,0,480.068,0,29.004,2077,1879,2.260,1.830,1.020,1,0,0,0,0,14,126,0,36,0
29-06 19:36:03,20.001,4.000,73.753,1.000,0,3423168,181024,168916,4171408,7894.354,3112.140,4.000,1300.058,1.000,124.006,4955,6838,2.160,1.810,1.020,2,0,0,0,0,14,126,0,36,0
29-06 19:36:04,37.892,12.547,47.176,1.004,0,3385428,218200,168936,4171936,6853.615,2734.219,369.381,9069.899,60.225,563.105,12587,18612,2.160,1.810,1.020,3,0,145.544,0,0,14,127,0,37,0
29-06 19:36:05,28.420,8.975,61.079,0.499,0,3406476,196816,169020,4172140,6015.132,2052.245,79.776,3917.016,4.986,395.890,5270,6763,2.160,1.810,1.020,4,0,144.595,0,0,14,127,0,37,0
29-06 19:36:06,19.971,2.247,75.892,0,0,3428176,175104,169020,4172152,13097.306,9017.130,0,407.418,0,18.973,2184,1705,2.160,1.810,1.020,2,0,1.997,0,0,14,129,0,38,0
29-06 19:36:07,9.788,19.074,69.771,0.502,0,3371312,231932,169020,4172188,5493.304,1662.447,0,256.997,0,16.062,5755,4524,2.160,1.810,1.020,1,0,382.483,0,0,14,129,0,38,0
29-06 19:36:08,13.010,18.515,67.053,0,0,3317744,285476,169020,4172316,5584.420,1513.198,0,380.301,0,29.023,5999,6531,2.150,1.820,1.030,2,0,318.252,0,0,14,129,0,38,0
29-06 19:36:09,27.186,18.706,53.374,0,0,3373024,230152,169024,4172256,4655.000,1562.308,0,630.510,0,36.913,6526,6992,2.150,1.820,1.030,3,0,398.059,0,0,14,129,0,38,0
29-06 19:36:10,33.072,23.551,43.094,0.251,0,3427284,175548,169036,4172900,4601.991,1585.442,4.009,465.010,1.002,33.072,7354,7800,2.150,1.820,1.030,2,0,482.047,0,0,14,132,0,38,0
29-06 19:36:11,38.740,16.246,44.238,0,0,3475268,158012,169036,4142568,4681.772,1607.578,75.980,275.928,4.999,13.996,6603,6769,2.150,1.820,1.030,3,0,313.918,0,0,16,135,0,38,0
29-06 19:36:12,58.128,26.444,14.470,0,0,3630640,152856,169044,3994656,4849.814,1508.831,7.983,5213.052,1.996,446.063,7908,12419,2.150,1.820,1.030,3,0,541.862,0,0,16,141,0,38,0
29-06 19:36:13,63.111,19.785,17.280,0.250,0,3743896,139144,169044,3897760,5048.851,1622.845,196.344,512.899,10.018,41.072,9222,16293,2.220,1.840,1.040,5,0,322.565,0,0,16,157,0,38,0
29-06 19:36:14,37.250,23.500,38.000,0,0,3804580,130276,169044,3845192,5265.990,1565.997,4.000,351.999,1.000,15.000,16375,11371,2.220,1.840,1.040,2,0,591.999,0,0,16,157,0,38,0
29-06 19:36:15,29.106,21.394,48.013,0.249,0,3828076,162068,169048,3791532,5405.279,1594.120,71.646,290.564,0.995,17.911,6732,7360,2.220,1.840,1.040,2,0,459.727,0,0,17,157,0,38,0
29-06 19:36:16,25.389,18.602,55.805,0,0,3853732,192124,169048,3736840,5748.435,1628.908,0,325.782,0,19.104,6356,6786,2.220,1.840,1.040,2,0,358.963,0,0,17,159,0,38,0
29-06 19:36:17,34.724,21.484,42.718,0,0,3939624,135060,169052,3709128,6715.001,1618.795,3.997,523.610,0.999,42.968,7119,7135,2.220,1.840,1.040,3,0,427.682,0,0,17,159,0,38,0
29-06 19:36:18,34.014,19.008,45.768,0,0,3978844,138444,169052,3667024,6782.728,1690.680,32.013,20.008,2.001,5.002,6991,7990,2.120,1.820,1.040,3,0,381.153,0,0,17,165,0,38,0
29-06 19:36:19,39.260,27.007,33.258,0.500,0,4090428,128224,169056,3568172,6687.687,1566.395,20.005,648.163,2.001,39.010,8512,13462,2.120,1.820,1.040,4,0,675.170,0,0,17,172,0,38,0
29-06 19:36:20,22.979,23.229,52.203,0,0,4131948,150172,169060,3505984,5395.172,1510.648,3.996,539.517,0.999,39.964,9398,13451,2.120,1.820,1.040,3,0,513.540,0,0,17,177,0,38,0
29-06 19:36:21,22.205,15.469,60.878,0,0,4135004,167976,169060,3485772,5166.639,1616.758,0,574.847,0,23.952,6329,9178,2.120,1.820,1.040,3,0,248.502,0,0,17,183,0,38,0
29-06 19:36:22,41.929,12.229,45.174,0.250,0.250,4274408,129200,169060,3386992,5137.322,1563.359,870.530,4188.924,16.971,56.904,4061,3014,2.120,1.820,1.040,3,0,102.826,0,0,17,185,0,38,0
29-06 19:36:23,51.386,10.277,37.600,0,0,4394852,173268,169064,3225984,4965.168,1516.021,264.702,292.776,8.021,41.109,3698,2520,2.110,1.830,1.040,5,0,11.029,0,0,17,201,0,36,0
29-06 19:36:24,30.307,10.520,57.608,0.250,0,4303272,265152,169072,3226128,4925.275,1568.955,72.136,621.170,9.017,45.085,4159,4070,2.110,1.830,1.040,2,0,191.360,0,0,17,207,0,37,0
29-06 19:36:25,32.486,24.240,42.232,0.250,0,4383228,183064,169076,3228244,4829.915,1601.309,2159.068,399.827,26.988,28.987,6964,6374,2.110,1.830,1.040,3,0,569.754,0,0,17,207,0,37,0
29-06 19:36:26,37.036,19.637,41.262,0,0,4422728,141360,169088,3230436,13307.119,10090.702,1006.187,218.736,19.885,10.937,7072,9638,2.110,1.830,1.040,2,0,341.030,0,0,17,210,0,37,0
29-06 19:36:27,72.042,18.761,8.505,0.500,0,4498256,147276,169100,3151324,4869.809,1186.684,116.067,16233.363,12.007,915.528,5630,5254,2.110,1.830,1.040,4,0,160.092,0,0,17,214,0,38,0
29-06 19:36:28,67.802,12.556,16.825,2.260,0,4617488,149724,169128,3033256,10574.171,8219.668,4375.519,1108.947,211.945,36.161,5139,4778,2.580,1.930,1.080,3,0,23.103,0,0,17,225,0,38,0
29-06 19:36:29,54.311,15.017,27.531,3.254,0,4571164,247092,169192,2984068,9744.030,5416.131,3820.324,2090.366,323.366,163.185,7054,9008,2.580,1.930,1.080,3,0,185.210,0,0,17,225,0,44,0
29-06 19:36:30,39.557,25.873,33.586,0,0,4675632,140472,169196,2986548,4748.779,1546.438,3.981,402.034,0.995,22.888,7549,8919,2.580,1.930,1.080,5,0,503.538,0,0,17,227,0,44,0
29-06 19:36:31,37.545,17.521,43.802,0,0,4689436,143420,169200,2969996,16544.634,12575.924,136.162,9639.439,10.012,85.101,6564,8425,2.580,1.930,1.080,6,0,259.308,0,0,17,227,0,29,0
29-06 19:36:32,57.905,26.956,14.476,0,0,4714300,141124,169200,2948600,4718.261,1563.436,3.993,379.378,0.998,23.961,6606,6967,2.580,1.930,1.080,3,0,514.157,0,0,17,227,0,29,0
29-06 19:36:33,61.101,20.367,18.104,0.503,0,4788848,156396,169224,2860108,12137.646,9473.358,1359.803,535.070,61.352,25.144,7852,14246,3.170,2.060,1.130,3,0,264.518,0,0,17,232,0,32,0
29-06 19:36:34,54.000,27.250,17.750,0,0,4812944,164748,169228,2828240,8697.945,4761.970,8.000,899.994,2.000,67.000,7274,8177,3.170,2.060,1.130,4,0,544.997,0,0,17,235,0,33,0
29-06 19:36:35,55.463,18.238,25.483,0.500,0,4883660,122616,169236,2800248,10552.866,7487.938,615.584,819.446,35.976,53.964,7318,12836,3.170,2.060,1.130,7,0,245.834,0,0,17,242,0,32,0
29-06 19:36:36,63.716,17.241,18.240,0,0,4959344,182236,169240,2668456,10921.126,6844.319,247.867,875.529,16.991,40.978,5529,5241,3.170,2.060,1.130,3,0,126.932,0,0,17,241,0,33,0
29-06 19:36:37,65.959,11.993,20.737,0.999,0,5060708,154300,169244,2597168,12376.365,9601.077,1946.799,611.623,85.947,38.976,6732,15675,3.170,2.060,1.130,3,0,12.992,0,0,17,245,0,35,0
29-06 19:36:38,54.688,9.989,33.462,0.499,0,5100724,183504,169248,2529804,18058.374,13334.769,1214.613,2916.669,31.963,216.752,6501,7925,3.080,2.060,1.130,5,0,15.982,0,0,17,251,0,39,0
29-06 19:36:39,50.606,27.056,21.044,0.501,0,5061452,219112,169384,2533248,5952.418,1623.387,4068.488,1614.368,63.132,76.159,7562,7929,3.080,2.060,1.130,3,0,552.152,0,0,17,251,0,37,0
29-06 19:36:40,50.317,23.664,25.657,0,0,5090768,189504,169384,2534004,16843.836,12375.063,1155.803,542.032,10.960,32.881,7785,9974,3.080,2.060,1.130,18,0,412.502,0,0,17,251,0,38,0
29-06 19:36:41,72.230,18.308,8.778,0,0,5157400,122808,169388,2534036,5592.838,1611.139,521.664,766.445,6.019,24.077,5714,4357,3.080,2.060,1.130,5,0,176.563,0,0,18,254,0,38,0
29-06 19:36:42,78.890,12.233,7.490,0.999,0,5257484,133724,169400,2427400,11973.360,9352.003,3163.603,503.301,141.803,34.951,5477,3772,3.080,2.060,1.130,4,0,15.978,0,0,18,259,0,38,0
29-06 19:36:43,79.713,12.494,5.747,1.249,0,5268756,192004,169436,2359976,9028.829,4582.883,1579.270,7800.397,71.967,509.765,8191,11473,3.150,2.090,1.150,5,0,80.963,0,0,18,261,0,39,0
29-06 19:36:44,41.235,12.495,45.233,0.250,0,5300860,185344,169440,2335316,10979.892,8378.865,819.693,591.779,9.996,40.985,5136,5239,3.150,2.090,1.150,4,0,157.941,0,0,18,267,0,39,0
29-06 19:36:45,37.458,8.490,52.691,0.250,0,5280640,205528,169440,2335352,30492.833,10524.208,511.427,707.208,3.996,64.927,3989,3545,3.150,2.090,1.150,3,0,13.984,0,0,18,269,0,40,1
29-06 19:36:46,48.723,17.329,32.650,0.251,0,5331516,167276,169444,2323732,17156414.925,295353.884,3070.073,498.284,34.157,27.124,20663,15509,3.150,2.090,1.150,3,0,266.220,0,0,18,271,0,40,0
29-06 19:36:47,51.189,8.490,39.952,0.499,0,5402888,128156,169448,2292556,14073.156,10413.536,511.388,659.211,3.995,62.925,4196,3413,3.150,2.090,1.150,2,0,4.994,0,0,18,270,0,39,0
29-06 19:36:48,40.783,5.720,51.973,0,0,5375544,155328,169448,2292732,13797.486,10621.409,0,16006.715,0,1240.391,4505,4333,3.140,2.110,1.160,4,0,7.958,0,0,18,282,0,40,0
29-06 19:36:49,23.014,4.002,70.542,0.750,0,5397172,133016,169452,2293412,265976.883,9793498.028,512.308,728.438,29.017,69.042,5461,5079,3.140,2.110,1.160,3,0,2.001,0,0,18,281,0,42,0
29-06 19:36:50,21.915,3.487,72.470,0,0,5398796,131388,169452,2293416,251621.397,6658223.688,0,478.152,0,36.858,4255,2444,3.140,2.110,1.160,4,0,4.981,0,0,18,282,0,43,0
29-06 19:36:51,41.133,5.769,50.413,0.251,0,5390580,144812,169464,2288548,16590343.804,144846.137,80.259,27424.445,5.016,113.366,12853,10655,3.140,2.110,1.160,3,0,2.006,0,0,18,283,0,44,0
29-06 19:36:52,13.334,12.328,73.211,0.503,0,5247648,287680,169472,2288604,10686.252,6900.426,12.076,1026.460,2.013,64.405,4814,4487,3.140,2.110,1.160,2,0,245.545,0,0,18,282,0,45,0
29-06 19:36:53,18.072,10.893,69.317,0.495,0,5303276,231996,169472,2288660,5169.033,1645.773,15.844,5133.385,1.980,119.819,4311,4020,2.970,2.090,1.160,4,0,255.481,0,0,18,282,0,45,0
29-06 19:36:54,19.445,7.576,71.718,0.505,0,5328516,206652,169476,2288760,5454.575,1636.373,84.849,1721.221,6.061,104.041,3672,3230,2.970,2.090,1.160,3,0,139.395,0,0,18,282,0,45,0
29-06 19:36:55,8.993,20.484,68.446,0,0,5318456,216660,169480,2288808,4948.091,1510.807,3.997,359.716,0.999,31.975,6389,5359,2.970,2.090,1.160,1,0,433.657,0,0,18,284,0,42,0
29-06 19:36:56,2.735,4.475,90.985,0,0,5313820,221268,169480,2288836,5312.923,1557.184,19.887,135.234,1.989,12.927,2191,2237,2.970,2.090,1.160,1,0,97.448,0,0,18,284,0,42,0
29-06 19:36:57,19.250,4.500,75.249,0.250,0,5353936,181144,169480,2288844,5205.929,1511.979,0,351.995,0,38.999,2316,2197,2.970,2.090,1.160,2,0,11.000,0,0,18,288,0,42,0
29-06 19:36:58,18.872,3.020,77.754,0.252,0,5375948,158920,169480,2289056,13254.934,9616.344,64.418,14659.037,4.026,341.212,2423,2232,2.730,2.050,1.150,2,0,2.013,0,0,18,289,0,42,0
29-06 19:36:59,14.749,12.749,70.744,0,0,5327764,206992,169484,2289148,6061.474,2631.772,7.999,159.986,2.000,8.999,4924,3876,2.730,2.050,1.150,1,0,213.981,0,0,18,292,0,43,0
29-06 19:37:00,12.498,16.247,70.488,0.250,0,5307944,226456,169484,2289488,4531.200,1511.733,0,135.976,0,11.998,5411,4026,2.730,2.050,1.150,2,0,217.962,0,0,18,292,0,42,0
29-06 19:37:01,17.632,12.168,68.043,0.248,0,5326776,207532,169484,2289564,5128.560,1555.554,3.973,488.718,0.993,43.706,4755,4049,2.730,2.050,1.150,2,0,168.866,0,0,18,296,0,42,0
29-06 19:37:02,23.205,3.992,72.360,0,0,5377860,156448,169484,2289564,4776.777,1562.982,0,111.784,0,15.969,2103,1652,2.730,2.050,1.150,2,0,0.998,0,0,18,296,0,42,0
29-06 19:37:03,23.590,3.012,72.026,0.502,0,5403068,144840,169484,2276152,5633.578,1559.975,389.492,433.661,12.046,38.146,2504,2331,2.590,2.040,1.150,2,0,4.015,0,0,18,300,0,42,0
29-06 19:37:04,23.481,3.497,71.441,0.500,0,5382984,164832,169484,2276244,5275.638,1618.662,71.941,2334.070,5.995,133.889,2492,2281,2.590,2.040,1.150,2,0,4.996,0,0,18,296,0,41,0
29-06 19:37:05,23.452,4.740,71.104,0.249,0,5430160,136316,169484,2258324,5241.216,1508.896,0,275.433,0,19.959,2413,2140,2.590,2.040,1.150,2,0,2.994,0,0,18,296,0,41,0
29-06 19:37:06,11.007,2.251,85.301,0,0,5430252,156340,169484,2239136,19053.436,15179.111,0,160.096,0,9.005,2009,2027,2.590,2.040,1.150,3,0,0,0,0,18,299,0,42,0
29-06 19:37:07,22.980,3.747,72.686,0,0,5378700,207880,169484,2239148,10723.555,6872.947,0,207.817,0,13.988,2424,1896,2.590,2.040,1.150,2,0,15.986,0,0,18,296,0,43,0
29-06 19:37:08,23.625,3.016,72.383,0,0,5426672,159904,169484,2239152,5963.550,1628.616,0,257.362,0,23.122,2124,1792,2.460,2.020,1.150,1,0,0,0,0,18,296,0,41,0
29-06 19:37:09,18.509,9.505,71.537,0,0,5324988,261416,169496,2239312,5428.774,1620.828,396.202,432.221,6.003,23.012,3820,3015,2.460,2.020,1.150,2,0,176.090,0,0,18,296,0,41,0
29-06 19:37:10,9.520,18.540,69.398,0.251,0,5323568,262676,169496,2239472,5156.994,1569.346,44.094,212.453,5.011,13.028,5829,4774,2.460,2.020,1.150,2,0,407.870,0,0,18,296,0,41,0
29-06 19:37:11,21.987,3.748,73.456,0.250,0,5353952,232184,169524,2239552,5771.517,2694.374,67.959,463.720,3.998,30.981,2517,2216,2.460,2.020,1.150,1,0,33.979,0,0,18,297,0,41,0
29-06 19:37:12,19.739,2.998,75.708,0.500,0,5327448,251868,170104,2245648,11107.843,3672.964,7.996,1443.200,1.999,43.976,2258,2128,2.460,2.020,1.150,2,0,1.999,0,0,18,296,0,41,0
29-06 19:37:13,24.167,4.983,68.266,0.249,0,5342764,235276,170160,2246836,4091.948,1022.489,0,542.138,0,14.949,10515,19291,2.430,2.020,1.150,2,0,14.949,0,0,18,296,0,41,0
29-06 19:37:14,25.434,6.234,66.577,0.249,0,5340524,237068,170216,2247212,11563.942,4603.035,51.865,634.351,7.979,21.943,10178,24668,2.430,2.020,1.150,2,0,40.894,0,0,18,297,0,42,0
29-06 19:37:15,21.524,5.506,72.329,0,0,5330104,247428,170260,2247228,5077.552,1513.655,0,580.635,0,24.026,3224,3700,2.430,2.020,1.150,2,0,15.016,0,0,18,297,0,42,0
29-06 19:37:16,13.744,14.493,70.467,0.250,0,5304484,278912,170348,2241292,6356.041,1793.165,0,947.559,0,32.985,4767,3941,2.430,2.020,1.150,2,0,268.875,0,0,18,296,0,41,0
29-06 19:37:17,23.018,3.002,73.307,0,0,5343944,239452,170348,2241292,6743.223,1459.130,0,84.065,0,10.008,1914,1427,2.430,2.020,1.150,2,0,0,0,0,18,296,0,41,0
29-06 19:37:18,18.747,2.000,77.739,0,0,5361220,221832,170348,2241636,17109.583,11885.321,15.998,3.999,1.000,1.000,2108,1789,2.310,2,1.150,2,0,0,0,0,18,296,0,44,0
29-06 19:37:19,17.977,9.488,71.909,0.250,0,5376072,206952,170348,2241664,6497.817,1564.030,15.980,2772.509,1.997,419.472,3203,2546,2.310,2,1.150,2,0,115.854,0,0,18,296,0,44,0
29-06 19:37:20,20.037,2.004,76.643,0,0,5400784,182228,170348,2241676,11948.240,9890.409,0,0,0,0,2167,1872,2.310,2,1.150,2,0,2.004,0,0,18,297,0,44,0
29-06 19:37:21,21.233,6.495,71.691,0,0,5418704,164268,170348,2241716,7737.663,1828.503,31.974,303.751,0.999,17.985,2961,2551,2.310,2,1.150,3,0,70.942,0,0,18,296,0,45,0
29-06 19:37:22,19.795,2.506,76.425,0.251,0,5434188,148760,170348,2241724,11909.333,9271.278,0,200.460,0,17.039,2078,1661,2.310,2,1.150,1,0,0,0,0,18,297,0,45,0
29-06 19:37:23,20.316,6.521,71.734,0,0,5400088,182844,170348,2241740,10453.083,6455.047,0,200.654,0,15.049,2858,2377,2.290,2,1.160,4,0,56.183,0,0,18,296,0,46,0
29-06 19:37:24,21.446,3.491,73.813,0.249,0,5421484,161408,170348,2241780,10653.034,7314.485,0,1424.394,0,103.737,2433,2387,2.290,2,1.160,4,0,2.992,0,0,18,299,0,46,0
29-06 19:37:25,22.967,8.737,66.903,0.499,0.250,5359836,223044,170348,2241792,8799.296,6011.321,0,275.602,0,22.967,3236,2828,2.290,2,1.160,2,0,33.951,0,0,18,298,0,49,0
29-06 19:37:26,20.087,3.264,75.075,0.251,0,5391768,191100,170348,2241804,10623.008,7473.367,0,237.027,0,23.100,2308,2140,2.290,2,1.160,3,0,1.004,0,0,18,299,0,49,0
29-06 19:37:27,16.455,3.740,78.285,0.499,0,5291240,291572,170348,2241860,10335.638,6711.583,31.912,446.774,1.995,48.866,3047,3096,2.290,2,1.160,1,0,46.871,0,0,18,298,0,50,0
29-06 19:37:28,24.136,4.230,70.916,0,0,5358272,224532,170348,2241868,5205.461,1612.399,0,238.874,0,19.906,2292,1911,2.180,1.980,1.160,4,0,0,0,0,18,298,0,48,0
29-06 19:37:29,18.337,3.014,77.117,0.251,0,5344480,238312,170348,2241880,15580.099,11897.585,0,655.116,0,35.167,2772,2626,2.180,1.980,1.160,2,0,26.124,0,0,18,298,0,51,0
29-06 19:37:30,22.143,4.229,72.150,0,0,5402324,180468,170348,2241880,4965.896,1612.175,0,127.382,0,13.932,2187,1787,2.180,1.980,1.160,2,0,5.971,0,0,18,298,0,51,0
29-06 19:37:31,14.806,2.259,82.059,0.251,0,5402684,180052,170348,2241936,16699.916,12546.267,32.121,782.950,1.004,71.269,2615,2998,2.180,1.980,1.160,4,0,1.004,0,0,18,298,0,52,0
29-06 19:37:32,9.495,9.245,78.961,1.499,0,5306836,274708,170876,2242600,9418.398,3972.059,1099.463,211.896,244.880,11.994,3708,3419,2.180,1.980,1.160,1,0,179.912,0,0,18,300,0,45,0
29-06 19:37:33,3.756,6.010,88.393,0.250,0,5294900,286556,170876,2242688,15746.515,3170.137,0,344.558,0,20.032,2517,2432,2.010,1.950,1.150,2,0,107.174,0,0,18,298,0,46,0
29-06 19:37:34,4.510,4.760,89.697,0,0,5288828,292612,170876,2242704,11110.366,5092.168,0,2080.563,0,335.736,2550,2352,2.010,1.950,1.150,2,0,114.251,0,0,18,298,0,47,0
29-06 19:37:35,16.998,8.249,70.994,3.500,0,5321668,245356,170880,2257068,4637.581,1457.868,7683.306,903.918,556.950,32.997,4016,4355,2.010,1.950,1.150,2,0,117.989,0,0,18,298,0,47,0
29-06 19:37:36,20.157,2.240,76.150,0,0,5341180,221348,170988,2261344,8831.425,2944.472,0,891.902,0,14.931,2137,1947,2.010,1.950,1.150,1,0,15.927,0,0,18,299,0,40,0
29-06 19:37:37,17.831,4.269,76.596,0.251,0,5351608,206840,171072,2265308,11465.801,4704.253,4.018,1370.190,1.005,44.200,2355,2016,2.010,1.950,1.150,0,1,17.077,0,0,18,298,0,40,0
29-06 19:37:38,14.885,12.156,70.206,0.992,0,5325136,230572,171076,2268028,5358.485,1607.545,1254.282,2456.965,19.846,82.362,5102,4961,1.850,1.920,1.140,4,0,291.740,0,0,18,298,0,40,0
29-06 19:37:39,19.283,3.506,76.882,0,0,5378760,176936,171076,2268040,11992.617,7237.442,0,340.586,0,17.029,2140,1873,1.850,1.920,1.140,3,0,0,0,0,18,299,0,40,0
29-06 19:37:40,21.035,4.758,73.373,0,0,5349236,206444,171076,2268056,24426.005,19649.988,0,20.034,0,2.003,2573,1940,1.850,1.920,1.140,2,0,47.079,0,0,18,298,0,35,0
29-06 19:37:41,20.750,3.250,74.252,0.250,0,5398688,156948,171076,2268100,7895.178,4099.092,32.001,400.009,1.000,46.001,2411,2273,1.850,1.920,1.140,3,0,1.000,0,0,18,299,0,35,0
29-06 19:37:42,21.207,3.493,73.850,0.249,0,5368964,186176,171076,2268596,11611.491,7952.898,479.030,263.467,28.941,23.952,2727,2495,1.850,1.920,1.140,2,0,13.972,0,0,18,298,0,37,0
29-06 19:37:43,21.857,3.015,75.118,0,0,5380904,174236,171076,2268596,6862.650,3603.670,0,180.887,0,17.084,2101,1720,1.780,1.900,1.140,1,0,0,0,0,18,299,0,37,0
29-06 19:37:44,20.011,4.252,72.540,1.001,0,5377376,175560,171076,2270800,9811.429,6207.435,2097.160,3013.667,86.048,232.128,4909,7562,1.780,1.900,1.140,2,0,1.001,0,0,18,299,0,37,0
29-06 19:37:45,24.928,3.490,69.798,0.748,0,5381004,171860,171080,2270868,5986.691,2851.755,31.908,2289.381,0.997,171.504,3501,4198,1.780,1.900,1.140,2,0,4.986,0,0,18,298,0,34,0
29-06 19:37:46,19.231,2.497,77.422,0.250,0,5408836,144020,171084,2270872,10852.072,7337.611,0,607.388,0,33.966,2006,1672,1.780,1.900,1.140,2,0,0,0,0,18,299,0,34,0
29-06 19:37:47,19.228,3.246,74.666,0.749,0,5401616,150888,171084,2271224,9740.999,6682.453,159.820,1698.082,6.992,155.824,4749,6841,1.780,1.900,1.140,3,0,0,0,0,18,298,0,35,0
29-06 19:37:48,9.816,21.646,67.957,0,0.252,5360428,192048,171084,2271252,4476.115,1697.420,0,418.818,0,33.224,6385,5562,1.720,1.890,1.140,1,0,563.793,0,0,18,298,0,35,0
29-06 19:37:49,8.251,23.254,67.260,0,0,5346140,206304,171084,2271284,4920.754,1620.248,0,2248.344,0,54.008,7209,6511,1.720,1.890,1.140,2,0,686.105,0,0,18,298,0,31,0
29-06 19:37:50,8.246,23.239,66.968,0.500,0,5348120,204276,171088,2271328,4515.825,1457.298,0,3634.250,0,435.790,7552,6791,1.720,1.890,1.140,2,0,698.664,0,0,18,298,0,31,0
29-06 19:37:51,8.991,22.477,67.431,0,0,5333716,218644,171088,2271364,5291.601,1618.349,0,303.690,0,30.968,7329,6821,1.720,1.890,1.140,2,0,708.277,0,0,18,298,0,31,0
29-06 19:37:52,8.515,22.290,67.871,0,0,5319932,232392,171088,2271400,4766.500,1460.605,0,120.214,0,17.030,6875,6104,1.720,1.890,1.140,1,0,643.147,0,0,18,298,0,31,0
29-06 19:37:53,11.173,19.118,68.776,0,0,5311480,240792,171088,2271452,5124.712,1608.921,0,59.590,0,8.938,6381,5595,1.660,1.870,1.140,2,0,533.328,0,0,18,298,0,25,0
29-06 19:37:54,18.627,7.552,73.250,0,0,5295064,358336,171456,2181540,4971.951,1468.024,8.055,1192.141,2.014,99.681,2545,2105,1.660,1.870,1.140,2,0,43.296,0,0,18,298,0,25,0
29-06 19:37:55,19.906,2.239,76.142,0.249,0,5308624,341488,171592,2184716,9052.471,3651.843,11.944,2874.495,1.991,28.864,2285,2161,1.660,1.870,1.140,1,0,15.925,0,0,18,299,0,25,0
29-06 19:37:56,14.255,1.500,81.526,1.250,0,5320688,328132,171660,2185940,26832.591,14368.601,972.311,1684.539,71.023,61.020,1910,1832,1.660,1.870,1.140,2,0,0,0,0,18,299,0,25,0
29-06 19:37:57,17.468,2.745,78.354,1.248,0,5344356,302932,171764,2187364,21591.862,12884.049,1042.063,2295.732,62.883,123.770,2620,2934,1.660,1.870,1.140,1,0,0,0,0,18,299,0,25,0
29-06 19:37:58,16.333,1.256,80.157,0.754,0,5347216,298128,171884,2189180,24299.327,13251.254,1467.448,1596.101,70.357,57.291,2005,1972,1.610,1.860,1.140,2,0,0,0,0,18,299,0,25,0
29-06 19:37:59,15.170,2.238,79.085,1.243,0,5357776,258072,171964,2218540,20217.996,11303.734,12534.282,1699.092,160.160,54.713,2102,2114,1.610,1.860,1.140,2,0,0,0,0,18,299,0,25,0
29-06 19:38:00,23.009,2.251,73.530,1.000,0,5359884,240948,172380,2232956,4681.886,1620.653,0,1572.634,0,71.029,2226,1978,1.610,1.860,1.140,2,0,1.000,0,0,18,299,0,25,0
29-06 19:38:01,24.039,2.504,72.369,0.501,0,5362420,221820,172520,2249056,5365.794,1622.659,0,1354.219,0,31.051,2250,1928,1.610,1.860,1.140,2,0,1.002,0,0,18,299,0,24,0
29-06 19:38:02,22.215,2.746,72.635,0.749,0,5373116,189576,172572,2270304,5271.632,1617.433,0,2364.247,0,95.848,2381,2263,1.610,1.860,1.140,2,0,0,0,0,18,299,0,24,0
29-06 19:38:03,23.735,1.999,72.454,0.750,0,5373016,176232,172700,2283280,5646.389,1618.965,0,2030.701,0,71.954,2368,2170,1.560,1.840,1.140,2,0,0,0,0,18,299,0,24,0
29-06 19:38:04,23.011,3.001,72.786,0.750,0,5372600,149280,172852,2310184,5044.503,1620.804,0,2641.311,0,90.045,2391,2221,1.560,1.840,1.140,3,0,0,0,0,18,299,0,24,0
29-06 19:38:05,23.017,3.753,71.802,0,0,5393280,144744,172940,2293848,5107.721,1633.190,0,1264.922,0,46.034,2594,2357,1.560,1.840,1.140,2,0,19.014,0,0,18,298,0,24,0
29-06 19:38:06,18.529,2.754,77.870,0.751,0,5375884,156112,173056,2299712,12464.260,4742.328,0,1926.978,0,170.263,2074,1717,1.560,1.840,1.140,2,0,18.028,0,0,18,298,0,24,0
29-06 19:38:07,22.729,5.994,68.936,0.250,0,5398272,132200,173088,2301148,4575.732,1456.641,0,1298.789,0,49.953,10435,19138,1.560,1.840,1.140,3,0,13.987,0,0,18,298,0,24,0
29-06 19:38:08,22.796,6.012,70.141,0,0,5390812,139508,173092,2301296,3354.752,649.307,0,1559.138,0,9.018,9815,18286,1.510,1.830,1.140,3,0,13.026,0,0,18,298,0,24,0
29-06 19:38:09,21.432,4.735,72.023,0,0,5297656,240088,173108,2293968,3301.598,968.947,0,410.706,0,15.950,2301,1824,1.510,1.830,1.140,2,0,16.947,0,0,18,298,0,22,0
29-06 19:38:10,23.492,6.248,69.476,0,0,5323392,214332,173108,2293980,4248.528,1349.532,0,14446.993,0,74.974,11508,20666,1.510,1.830,1.140,2,0,47.983,0,0,18,298,0,22,0
29-06 19:38:11,17.533,3.757,77.396,0,0,5366196,171504,173116,2294004,11111.911,4178.864,0,957.802,0,6.011,2142,1858,1.510,1.830,1.140,2,0,34.064,0,0,18,299,0,22,0
29-06 19:38:12,23.500,3.250,71.999,0.500,0,5335576,195792,173148,2300240,5261.939,1793.979,0,1375.984,0,37.000,2407,2062,1.510,1.830,1.140,3,0,4.000,0,0,18,298,0,22,0
29-06 19:38:13,23.080,6.523,69.491,0,0.251,5352452,177752,173148,2301388,4774.537,1463.068,0,449.557,0,10.035,10107,19733,1.470,1.810,1.140,3,0,17.059,0,0,18,298,0,22,0
29-06 19:38:14,25.507,9.753,63.267,0,0,5347496,182608,173156,2301480,4777.299,1338.364,0,496.135,0,16.004,9601,22452,1.470,1.810,1.140,3,0,51.014,0,0,18,298,0,23,0
29-06 19:38:15,22.741,3.749,72.472,0.250,0,5324752,212880,173160,2293996,5024.032,1295.493,0,759.702,0,33.987,2572,2293,1.470,1.810,1.140,2,0,21.991,0,0,18,298,0,23,0
29-06 19:38:16,21.737,4.747,72.206,0,0,5328608,209028,173160,2294008,5039.908,1565.040,0,191.882,0,7.995,3571,3611,1.470,1.810,1.140,2,0,98.939,0,0,18,298,0,23,0
29-06 19:38:17,23.717,5.243,69.155,0.250,0,5362092,175512,173160,2294040,6051.650,1509.917,0,1318.181,0,172.762,10806,19742,1.470,1.810,1.140,2,0,19.972,0,0,18,298,0,22,0
29-06 19:38:18,19.249,2.750,76.996,0.250,0,5362640,168724,173160,2300280,13299.334,4734.763,0,1035.948,0,27.999,2082,1779,1.430,1.800,1.140,3,0,19.999,0,0,18,298,0,22,0
29-06 19:38:19,23.487,4.997,69.960,0,0,5377696,152596,173160,2301320,7081.938,1619.071,0,3.998,0,0.999,10046,18560,1.430,1.800,1.140,2,0,13.992,0,0,18,298,0,22,0
29-06 19:38:20,21.895,6.469,69.916,0,0,5377488,152596,173160,2301528,5386.248,1558.549,0,640.936,0,4.976,11000,19536,1.430,1.800,1.140,3,0,21.895,0,0,18,298,0,22,0
29-06 19:38:21,27.039,5.508,66.596,0,0,5358972,177868,173160,2294784,5631.122,1692.441,248.358,324.468,4.006,12.017,2465,1796,1.430,1.800,1.140,3,0,9.013,0,0,18,298,0,18,0
29-06 19:38:22,40.532,9.315,48.840,0.504,0,5391232,142964,173236,2297332,5886.968,1631.353,1276.886,4245.545,22.154,354.467,5354,5835,1.430,1.800,1.140,2,0,9.063,0,0,18,299,0,24,0
29-06 19:38:23,28.477,8.993,59.452,1.998,0,5300276,254340,173236,2277580,5421.608,1618.689,1151.068,5011.940,50.959,452.633,7539,11326,1.400,1.790,1.130,2,0,87.929,0,0,18,300,0,25,0
29-06 19:38:24,12.439,17.166,68.662,0.498,0,5315136,238564,173236,2278496,4714.810,1504.600,859.771,668.711,9.951,46.770,5784,4941,1.400,1.790,1.130,2,0,349.282,0,0,18,300,0,27,0
29-06 19:38:25,8.000,5.000,70.751,14.500,0,5292016,220652,173244,2319648,4966.096,1566.030,41144.791,19948.384,3395.065,414.008,5971,9111,1.400,1.790,1.130,2,0,10.000,0,0,18,300,0,27,0
29-06 19:38:26,6.749,1.750,89.736,0.250,0,5290120,221020,173252,2321168,5984.042,2634.578,1523.756,1223.804,103.983,28.995,1651,1961,1.400,1.790,1.130,2,0,6.999,0,0,18,301,0,23,0
29-06 19:38:27,4.254,2.002,92.588,0.500,0,5287644,223476,173252,2321188,9196.777,2134.037,0,2694.572,0,152.145,1966,2803,1.400,1.790,1.130,1,0,3.003,0,0,18,301,0,23,0
29-06 19:38:28,5.014,1.253,92.502,0.501,0,5286160,224940,173252,2321208,5994.309,2453.676,0,356.971,0,42.115,1966,2642,1.370,1.770,1.130,2,0,2.005,0,0,18,301,0,25,0
29-06 19:38:29,2.241,0.747,95.613,0,0,5285224,225876,173252,2321208,41458.363,3714.978,0,131.468,0,10.956,1195,1664,1.370,1.770,1.130,1,0,0,0,0,18,301,0,25,0
29-06 19:38:30,1.001,3.004,94.881,0,0,5285088,226012,173252,2321208,6116.424,3004.137,0,7426.228,0,52.072,1120,1374,1.370,1.770,1.130,1,0,0,0,0,18,301,0,21,0
29-06 19:38:31,1.250,1.000,96.972,0.250,0,5283080,228016,173252,2321212,18854.469,2015.409,0,215.937,0,12.996,1034,1411,1.370,1.770,1.130,1,0,1.999,0,0,18,301,0,21,0
29-06 19:38:32,3.494,2.745,92.331,0.250,0,5257868,253292,173268,2321132,69913.998,127542.489,203.627,794.545,8.984,4.991,1599,1659,1.370,1.770,1.130,1,0,25.952,0,0,18,300,0,21,0
29-06 19:38:33,2.001,1.001,95.807,0.250,0,5254956,256140,173268,2321196,4954.956,1512.903,16.010,588.351,1.001,55.033,1388,2022,1.260,1.740,1.130,1,0,0,0,0,18,300,0,21,0
29-06 19:38:34,1.501,0.500,96.787,0,0,5249400,261696,173268,2321196,5087.959,1566.603,0,80.031,0,12.005,1091,1456,1.260,1.740,1.130,1,0,0,0,0,18,300,0,19,0
29-06 19:38:35,2.001,3.002,94.051,0.500,0,5247656,263404,173272,2321200,5162.802,1620.880,4.002,86847.128,1.001,425.231,2088,2633,1.260,1.740,1.130,1,0,0,0,0,18,300,0,19,0
29-06 19:38:36,0.750,0.750,97.276,0,0,5245752,265308,173272,2321200,5538.470,1620.430,0,492.131,0,13.003,919,1281,1.260,1.740,1.130,2,0,0,0,0,18,300,0,19,0
29-06 19:38:37,1.999,0.999,95.690,0.250,0,5244044,267012,173272,2321204,5456.598,1618.991,0,87.945,0,12.992,1152,1379,1.260,1.740,1.130,2,0,5.996,0,0,18,300,0,19,0
29-06 19:38:38,1.248,0.749,96.822,0,0,5242808,268248,173272,2321204,6080.794,1509.219,0,2020.277,0,363.330,1110,1425,1.160,1.710,1.120,1,1,0,0,0,18,300,0,18,0
29-06 19:38:39,1.252,0.751,97.650,0,0,5241752,269300,173272,2321208,7136.953,1568.407,0,92.141,0,9.014,959,1303,1.160,1.710,1.120,1,0,0,0,0,18,300,0,18,0
29-06 19:38:40,0.748,0.249,97.512,0,0,5240636,270416,173272,2321208,5745.969,1616.054,0,19.951,0,0.998,882,1237,1.160,1.710,1.120,1,0,0,0,0,18,300,0,18,0
29-06 19:38:41,1.004,1.004,97.616,0,0,5240504,270548,173272,2321208,5748.558,1626.098,0,0,0,0,925,1268,1.160,1.710,1.120,1,0,1.004,0,0,18,300,0,18,0
29-06 19:38:42,0.750,0.250,96.786,0,0,5240484,270548,173272,2321228,4921.850,1620.609,0,352.132,0,29.011,1141,1709,1.160,1.710,1.120,1,0,0,0,0,18,300,0,15,0
29-06 19:38:43,2.248,0.999,96.180,0.250,0,5240452,270548,173272,2321260,4694.607,1456.947,31.977,243.824,0.999,27.980,1310,1895,1.060,1.690,1.110,2,0,0,0,0,18,300,0,15,0
29-06 19:38:44,1.248,0.499,96.851,0,0,5240388,270548,173272,2321324,4972.367,1617.517,0,143.779,0,13.979,1191,1692,1.060,1.690,1.110,1,0,0,0,0,18,300,0,15,0
29-06 19:38:45,1.501,1.001,96.594,0,0,5240132,270800,173272,2321328,4402.262,1459.413,0,180.174,0,20.019,1183,1738,1.060,1.690,1.110,1,0,0,0,0,18,300,0,15,0
29-06 19:38:46,0.999,0.499,97.377,0.250,0,5240132,270800,173272,2321328,4930.765,1617.954,0,107.864,0,7.990,948,1282,1.060,1.690,1.110,2,0,0,0,0,18,300,0,13,0
29-06 19:38:47,2.506,0.752,95.739,0.251,0,5240124,270800,173272,2321336,4904.258,1515.789,0,609.524,0,55.138,1446,2145,1.060,1.690,1.110,1,0,0,0,0,18,300,0,13,0
29-06 19:38:48,0.749,0.749,97.093,0.250,0.250,5240124,270800,173272,2321336,5017.904,1563.477,0,35.942,0,4.992,955,1316,0.980,1.660,1.110,1,0,0,0,0,18,300,0,13,0
29-06 19:38:49,1.499,0.500,96.215,0,0,5240120,270800,173272,2321340,5144.152,1565.438,0,259.907,0,22.992,1208,1699,0.980,1.660,1.110,1,0,1.000,0,0,18,300,0,13,0
29-06 19:38:50,1.502,0.751,97.388,0,0,5240120,270800,173272,2321340,4478.340,1514.144,0,36.051,0,4.006,943,1317,0.980,1.660,1.110,1,0,0,0,0,18,300,0,12,0
29-06 19:38:51,1.252,0.501,97.189,0,0,5240120,270800,173272,2321340,5128.980,1623.158,0,0,0,0,949,1262,0.980,1.660,1.110,1,0,1.002,0,0,18,300,0,12,0
29-06 19:38:52,0.998,0.749,97.593,0,0,5240120,270800,173272,2321340,4750.376,1455.664,0,51.917,0,5.990,928,1272,0.980,1.660,1.110,1,0,0,0,0,18,300,0,12,0
29-06 19:38:53,1.747,0.499,96.074,0.250,0,5240120,270800,173272,2321340,5030.768,1617.032,0,355.348,0,29.945,1300,1918,0.900,1.630,1.100,2,1,0,0,0,18,300,0,12,0
29-06 19:38:54,1.006,0.251,97.534,0.251,0,5234864,276052,173272,2321344,5751.475,1628.914,0,748.094,0,145.798,994,1363,0.900,1.630,1.100,1,0,0,0,0,18,300,0,12,0
29-06 19:38:55,1.752,0.751,97.614,0,0,5234864,276052,173272,2321344,5286.191,1621.899,0,284.333,0,23.027,1136,1707,0.900,1.630,1.100,1,0,0,0,0,18,300,0,12,0
29-06 19:38:56,0.745,0.745,96.903,0,0,5234848,276052,173280,2321352,5727.724,1556.414,3.976,5319.239,0.994,135.168,1073,1404,0.900,1.630,1.100,1,0,0,0,0,18,300,0,12,0
29-06 19:38:57,1.500,1.250,95.989,0.250,0,5234880,276052,173280,2321360,5085.405,1565.817,0,599.930,0,41.995,1258,1800,0.900,1.630,1.100,1,0,0,0,0,18,300,0,12,0
29-06 19:38:58,2.256,0.251,96.760,0,0,5234880,276052,173280,2321360,4626.425,1137.054,0,80.215,0,10.027,1082,1527,0.830,1.600,1.100,1,0,0,0,0,18,300,0,12,0
29-06 19:38:59,0.999,0.500,97.444,0,0,5234880,276052,173280,2321360,4329.514,971.442,0,199.885,0,13.992,1026,1528,0.830,1.600,1.100,1,0,0,0,0,18,300,0,12,0
29-06 19:39:00,1.000,0.500,97.282,0,0,5234880,276052,173280,2321360,4699.535,1458.476,0,36.012,0,5.002,944,1264,0.830,1.600,1.100,1,0,0,0,0,18,300,0,12,0
29-06 19:39:01,0.999,0.500,97.449,0,0,5234880,276052,173280,2321360,5594.073,1619.153,0,0,0,0,938,1277,0.830,1.600,1.100,1,0,0.999,0,0,18,300,0,12,0
29-06 19:39:02,1.000,0.500,97.755,0,0,5234880,276052,173280,2321360,4872.229,972.046,0,0,0,0,864,1224,0.830,1.600,1.100,2,0,0,0,0,18,300,0,12,0
29-06 19:39:03,7.743,2.498,88.420,0.250,0,5247468,263412,173284,2321408,273799.077,3233.061,35.967,415.622,1.998,29.973,1759,2011,0.760,1.580,1.090,3,0,6.994,0,0,18,300,0,12,0
29-06 19:39:04,10.739,4.246,83.163,0,0,5244372,266380,173284,2321536,283013.204,9737.788,119.874,859.099,4.995,175.816,2577,2007,0.760,1.580,1.090,2,0,31.966,0,0,18,300,0,12,0
29-06 19:39:05,15.502,7.501,76.260,0.500,0,5247824,257636,173284,2326828,146394.608,3520.447,320.041,492.063,44.006,32.004,3101,2727,0.760,1.580,1.090,2,0,42.005,0,0,18,300,0,12,0
