Jul 22 18:35:50 jammy-provider-cloud-0000007388 cinder-volume[112570]: DEBUG oslo_service.service [None req-c54135e3-bd1b-4398-bf22-99afbddc7c31 None None] arcusfc2.chap_password         = **** {{(pid=112570) log_opt_values /opt/stack/data/venv/lib/python3.10/site-packages/oslo_config/cfg.py:2620}}
Jul 22 18:35:50 jammy-provider-cloud-0000007388 cinder-volume[112570]: DEBUG oslo_service.service [None req-c54135e3-bd1b-4398-bf22-99afbddc7c31 None None] arcusfc2.chap_username         = None {{(pid=112570) log_opt_values /opt/stack/data/venv/lib/python3.10/site-packages/oslo_config/cfg.py:2620}}
Jul 22 18:35:50 jammy-provider-cloud-0000007388 cinder-volume[112570]: DEBUG oslo_service.service [None req-c54135e3-bd1b-4398-bf22-99afbddc7c31 None None] arcusfc2.chiscsi_conf          = None {{(pid=112570) log_opt_values /opt/stack/data/venv/lib/python3.10/site-packages/oslo_config/cfg.py:2620}}
Jul 22 18:35:50 jammy-provider-cloud-0000007388 cinder-volume[112570]: DEBUG oslo_service.service [None req-c54135e3-bd1b-4398-bf22-99afbddc7c31 None None] arcusfc2.driver_client_cert    = None {{(pid=112570) log_opt_values /opt/stack/data/venv/lib/python3.10/site-packages/oslo_config/cfg.py:2620}}
Jul 22 18:35:50 jammy-provider-cloud-0000007388 cinder-volume[112570]: DEBUG oslo_service.service [None req-c54135e3-bd1b-4398-bf22-99afbddc7c31 None None] arcusfc2.driver_client_cert_key = None {{(pid=112570) log_opt_values /opt/stack/data/venv/lib/python3.10/site-packages/oslo_config/cfg.py:2620}}
Jul 22 18:35:50 jammy-provider-cloud-0000007388 cinder-volume[112570]: DEBUG oslo_service.service [None req-c54135e3-bd1b-4398-bf22-99afbddc7c31 None None] arcusfc2.driver_data_namespace = None {{(pid=112570) log_opt_values /opt/stack/data/venv/lib/python3.10/site-packages/oslo_config/cfg.py:2620}}
Jul 22 18:35:50 jammy-provider-cloud-0000007388 cinder-volume[112570]: DEBUG oslo_service.service [None req-c54135e3-bd1b-4398-bf22-99afbddc7c31 None None] arcusfc2.driver_ssl_cert_path  = None {{(pid=112570) log_opt_values /opt/stack/data/venv/lib/python3.10/site-packages/oslo_config/cfg.py:2620}}
Jul 22 18:35:50 jammy-provider-cloud-0000007388 cinder-volume[112570]: DEBUG oslo_service.service [None req-c54135e3-bd1b-4398-bf22-99afbddc7c31 None None] arcusfc2.driver_ssl_cert_verify = None {{(pid=112570) log_opt_values /opt/stack/data/venv/lib/python3.10/site-packages/oslo_config/cfg.py:2620}}
Jul 22 18:35:50 jammy-provider-cloud-0000007388 cinder-volume[112570]: DEBUG oslo_service.service [None req-c54135e3-bd1b-4398-bf22-99afbddc7c31 None None] arcusfc2.driver_use_ssl        = None {{(pid=112570) log_opt_values /opt/stack/data/venv/lib/python3.10/site-packages/oslo_config/cfg.py:2620}}
Jul 22 18:35:50 jammy-provider-cloud-0000007388 cinder-volume[112570]: DEBUG oslo_service.service [None req-c54135e3-bd1b-4398-bf22-99afbddc7c31 None None] arcusfc2.enable_unsupported_driver = None {{(pid=112570) log_opt_values /opt/stack/data/venv/lib/python3.10/site-packages/oslo_config/cfg.py:2620}}
Jul 22 18:35:50 jammy-provider-cloud-0000007388 cinder-volume[112570]: DEBUG oslo_service.service [None req-c54135e3-bd1b-4398-bf22-99afbddc7c31 None None] arcusfc2.enforce_multipath_for_image_xfer = None {{(pid=112570) log_opt_values /opt/stack/data/venv/lib/python3.10/site-packages/oslo_config/cfg.py:2620}}
Jul 22 18:35:50 jammy-provider-cloud-0000007388 cinder-volume[112570]: DEBUG oslo_service.service [None req-c54135e3-bd1b-4398-bf22-99afbddc7c31 None None] arcusfc2.extra_capabilities    = None {{(pid=112570) log_opt_values /opt/stack/data/venv/lib/python3.10/site-packages/oslo_config/cfg.py:2620}}
Jul 22 18:35:50 jammy-provider-cloud-0000007388 cinder-volume[112570]: DEBUG oslo_service.service [None req-c54135e3-bd1b-4398-bf22-99afbddc7c31 None None] arcusfc2.filter_function       = None {{(pid=112570) log_opt_values /opt/stack/data/venv/lib/python3.10/site-packages/oslo_config/cfg.py:2620}}
Jul 22 18:35:50 jammy-provider-cloud-0000007388 cinder-volume[112570]: DEBUG oslo_service.service [None req-c54135e3-bd1b-4398-bf22-99afbddc7c31 None None] arcusfc2.goodness_function     = None {{(pid=112570) log_opt_values /opt/stack/data/venv/lib/python3.10/site-packages/oslo_config/cfg.py:2620}}
Jul 22 18:35:50 jammy-provider-cloud-0000007388 cinder-volume[112570]: DEBUG oslo_service.service [None req-c54135e3-bd1b-4398-bf22-99afbddc7c31 None None] arcusfc2.hpe3par_api_url       = https://10.201.5.12/api/v1 {{(pid=112570) log_opt_values /opt/stack/data/venv/lib/python3.10/site-packages/oslo_config/cfg.py:2620}}
Jul 22 18:35:50 jammy-provider-cloud-0000007388 cinder-volume[112570]: DEBUG oslo_service.service [None req-c54135e3-bd1b-4398-bf22-99afbddc7c31 None None] arcusfc2.hpe3par_cpg           = ['SSD_r6'] {{(pid=112570) log_opt_values /opt/stack/data/venv/lib/python3.10/site-packages/oslo_config/cfg.py:2620}}
Jul 22 18:35:50 jammy-provider-cloud-0000007388 cinder-volume[112570]: DEBUG oslo_service.service [None req-c54135e3-bd1b-4398-bf22-99afbddc7c31 None None] arcusfc2.hpe3par_cpg_snap      = None {{(pid=112570) log_opt_values /opt/stack/data/venv/lib/python3.10/site-packages/oslo_config/cfg.py:2620}}
Jul 22 18:35:50 jammy-provider-cloud-0000007388 cinder-volume[112570]: DEBUG oslo_service.service [None req-c54135e3-bd1b-4398-bf22-99afbddc7c31 None None] arcusfc2.hpe3par_debug         = None {{(pid=112570) log_opt_values /opt/stack/data/venv/lib/python3.10/site-packages/oslo_config/cfg.py:2620}}
Jul 22 18:35:50 jammy-provider-cloud-0000007388 cinder-volume[112570]: DEBUG oslo_service.service [None req-c54135e3-bd1b-4398-bf22-99afbddc7c31 None None] arcusfc2.hpe3par_iscsi_chap_enabled = None {{(pid=112570) log_opt_values /opt/stack/data/venv/lib/python3.10/site-packages/oslo_config/cfg.py:2620}}
Jul 22 18:35:50 jammy-provider-cloud-0000007388 cinder-volume[112570]: DEBUG oslo_service.service [None req-c54135e3-bd1b-4398-bf22-99afbddc7c31 None None] arcusfc2.hpe3par_iscsi_ips     = None {{(pid=112570) log_opt_values /opt/stack/data/venv/lib/python3.10/site-packages/oslo_config/cfg.py:2620}}
Jul 22 18:35:50 jammy-provider-cloud-0000007388 cinder-volume[112580]: WARNING py.warnings [None req-be4d720e-6aec-4d35-a07a-db735d6b9556 None None] /opt/stack/data/venv/lib/python3.10/site-packages/urllib3/connectionpool.py:1063: InsecureRequestWarning: Unverified HTTPS request is being made to host '10.201.5.12'. Adding certificate verification is strongly advised. See: https://urllib3.readthedocs.io/en/1.26.x/advanced-usage.html#ssl-warnings
Jul 22 18:35:50 jammy-provider-cloud-0000007388 cinder-volume[112580]:   warnings.warn(
Jul 22 18:35:50 jammy-provider-cloud-0000007388 cinder-volume[112570]: DEBUG oslo_service.service [None req-c54135e3-bd1b-4398-bf22-99afbddc7c31 None None] arcusfc2.hpe3par_password      = **** {{(pid=112570) log_opt_values /opt/stack/data/venv/lib/python3.10/site-packages/oslo_config/cfg.py:2620}}
Jul 22 18:35:50 jammy-provider-cloud-0000007388 cinder-volume[112570]: DEBUG oslo_service.service [None req-c54135e3-bd1b-4398-bf22-99afbddc7c31 None None] arcusfc2.hpe3par_snapshot_expiration = None {{(pid=112570) log_opt_values /opt/stack/data/venv/lib/python3.10/site-packages/oslo_config/cfg.py:2620}}
Jul 22 18:35:50 jammy-provider-cloud-0000007388 cinder-volume[112570]: DEBUG oslo_service.service [None req-c54135e3-bd1b-4398-bf22-99afbddc7c31 None None] arcusfc2.hpe3par_snapshot_retention = None {{(pid=112570) log_opt_values /opt/stack/data/venv/lib/python3.10/site-packages/oslo_config/cfg.py:2620}}
Jul 22 18:35:50 jammy-provider-cloud-0000007388 cinder-volume[112570]: DEBUG oslo_service.service [None req-c54135e3-bd1b-4398-bf22-99afbddc7c31 None None] arcusfc2.hpe3par_target_nsp    = None {{(pid=112570) log_opt_values /opt/stack/data/venv/lib/python3.10/site-packages/oslo_config/cfg.py:2620}}
Jul 22 18:35:50 jammy-provider-cloud-0000007388 cinder-volume[112570]: DEBUG oslo_service.service [None req-c54135e3-bd1b-4398-bf22-99afbddc7c31 None None] arcusfc2.hpe3par_username      = 3paradm {{(pid=112570) log_opt_values /opt/stack/data/venv/lib/python3.10/site-packages/oslo_config/cfg.py:2620}}
Jul 22 18:35:50 jammy-provider-cloud-0000007388 cinder-volume[112570]: DEBUG oslo_service.service [None req-c54135e3-bd1b-4398-bf22-99afbddc7c31 None None] arcusfc2.image_upload_use_cinder_backend = None {{(pid=112570) log_opt_values /opt/stack/data/venv/lib/python3.10/site-packages/oslo_config/cfg.py:2620}}
Jul 22 18:35:50 jammy-provider-cloud-0000007388 cinder-volume[112570]: DEBUG oslo_service.service [None req-c54135e3-bd1b-4398-bf22-99afbddc7c31 None None] arcusfc2.image_upload_use_internal_tenant = None {{(pid=112570) log_opt_values /opt/stack/data/venv/lib/python3.10/site-packages/oslo_config/cfg.py:2620}}
Jul 22 18:35:50 jammy-provider-cloud-0000007388 cinder-volume[112570]: DEBUG oslo_service.service [None req-c54135e3-bd1b-4398-bf22-99afbddc7c31 None None] arcusfc2.image_volume_cache_enabled = None {{(pid=112570) log_opt_values /opt/stack/data/venv/lib/python3.10/site-packages/oslo_config/cfg.py:2620}}
Jul 22 18:35:50 jammy-provider-cloud-0000007388 cinder-volume[112570]: DEBUG oslo_service.service [None req-c54135e3-bd1b-4398-bf22-99afbddc7c31 None None] arcusfc2.image_volume_cache_max_count = None {{(pid=112570) log_opt_values /opt/stack/data/venv/lib/python3.10/site-packages/oslo_config/cfg.py:2620}}
Jul 22 18:35:50 jammy-provider-cloud-0000007388 cinder-volume[112570]: DEBUG oslo_service.service [None req-c54135e3-bd1b-4398-bf22-99afbddc7c31 None None] arcusfc2.image_volume_cache_max_size_gb = None {{(pid=112570) log_opt_values /opt/stack/data/venv/lib/python3.10/site-packages/oslo_config/cfg.py:2620}}
Jul 22 18:35:51 jammy-provider-cloud-0000007388 cinder-volume[112570]: DEBUG oslo_service.service [None req-c54135e3-bd1b-4398-bf22-99afbddc7c31 None None] arcusfc2.iscsi_iotype          = None {{(pid=112570) log_opt_values /opt/stack/data/venv/lib/python3.10/site-packages/oslo_config/cfg.py:2620}}
Jul 22 18:35:51 jammy-provider-cloud-0000007388 cinder-volume[112570]: DEBUG oslo_service.service [None req-c54135e3-bd1b-4398-bf22-99afbddc7c31 None None] arcusfc2.iscsi_target_flags    = None {{(pid=112570) log_opt_values /opt/stack/data/venv/lib/python3.10/site-packages/oslo_config/cfg.py:2620}}
Jul 22 18:35:51 jammy-provider-cloud-0000007388 cinder-volume[112570]: DEBUG oslo_service.service [None req-c54135e3-bd1b-4398-bf22-99afbddc7c31 None None] arcusfc2.iscsi_write_cache     = None {{(pid=112570) log_opt_values /opt/stack/data/venv/lib/python3.10/site-packages/oslo_config/cfg.py:2620}}
Jul 22 18:35:51 jammy-provider-cloud-0000007388 cinder-volume[112570]: DEBUG oslo_service.service [None req-c54135e3-bd1b-4398-bf22-99afbddc7c31 None None] arcusfc2.iser_helper           = None {{(pid=112570) log_opt_values /opt/stack/data/venv/lib/python3.10/site-packages/oslo_config/cfg.py:2620}}
Jul 22 18:35:51 jammy-provider-cloud-0000007388 cinder-volume[112570]: DEBUG oslo_service.service [None req-c54135e3-bd1b-4398-bf22-99afbddc7c31 None None] arcusfc2.iser_ip_address       = None {{(pid=112570) log_opt_values /opt/stack/data/venv/lib/python3.10/site-packages/oslo_config/cfg.py:2620}}
Jul 22 18:35:51 jammy-provider-cloud-0000007388 cinder-volume[112570]: DEBUG oslo_service.service [None req-c54135e3-bd1b-4398-bf22-99afbddc7c31 None None] arcusfc2.iser_port             = None {{(pid=112570) log_opt_values /opt/stack/data/venv/lib/python3.10/site-packages/oslo_config/cfg.py:2620}}
Jul 22 18:35:51 jammy-provider-cloud-0000007388 cinder-volume[112570]: DEBUG oslo_service.service [None req-c54135e3-bd1b-4398-bf22-99afbddc7c31 None None] arcusfc2.iser_target_prefix    = None {{(pid=112570) log_opt_values /opt/stack/data/venv/lib/python3.10/site-packages/oslo_config/cfg.py:2620}}
Jul 22 18:35:51 jammy-provider-cloud-0000007388 cinder-volume[112570]: DEBUG oslo_service.service [None req-c54135e3-bd1b-4398-bf22-99afbddc7c31 None None] arcusfc2.max_over_subscription_ratio = None {{(pid=112570) log_opt_values /opt/stack/data/venv/lib/python3.10/site-packages/oslo_config/cfg.py:2620}}
Jul 22 18:35:51 jammy-provider-cloud-0000007388 cinder-volume[112570]: DEBUG oslo_service.service [None req-c54135e3-bd1b-4398-bf22-99afbddc7c31 None None] arcusfc2.num_iser_scan_tries   = None {{(pid=112570) log_opt_values /opt/stack/data/venv/lib/python3.10/site-packages/oslo_config/cfg.py:2620}}
Jul 22 18:35:51 jammy-provider-cloud-0000007388 cinder-volume[112570]: DEBUG oslo_service.service [None req-c54135e3-bd1b-4398-bf22-99afbddc7c31 None None] arcusfc2.num_shell_tries       = None {{(pid=112570) log_opt_values /opt/stack/data/venv/lib/python3.10/site-packages/oslo_config/cfg.py:2620}}
Jul 22 18:35:51 jammy-provider-cloud-0000007388 cinder-volume[112580]: INFO cinder.volume.drivers.hpe.hpe_3par_common [None req-be4d720e-6aec-4d35-a07a-db735d6b9556 None None] HPE3PARCommon 4.0.22,hpe3parclient 4.2.13
Jul 22 18:35:51 jammy-provider-cloud-0000007388 cinder-volume[112570]: DEBUG oslo_service.service [None req-c54135e3-bd1b-4398-bf22-99afbddc7c31 None None] arcusfc2.num_volume_device_scan_tries = None {{(pid=112570) log_opt_values /opt/stack/data/venv/lib/python3.10/site-packages/oslo_config/cfg.py:2620}}
Jul 22 18:35:51 jammy-provider-cloud-0000007388 cinder-volume[112570]: DEBUG oslo_service.service [None req-c54135e3-bd1b-4398-bf22-99afbddc7c31 None None] arcusfc2.nvmeof_conn_info_version = None {{(pid=112570) log_opt_values /opt/stack/data/venv/lib/python3.10/site-packages/oslo_config/cfg.py:2620}}
Jul 22 18:35:51 jammy-provider-cloud-0000007388 cinder-volume[112570]: DEBUG oslo_service.service [None req-c54135e3-bd1b-4398-bf22-99afbddc7c31 None None] arcusfc2.nvmet_ns_id           = None {{(pid=112570) log_opt_values /opt/stack/data/venv/lib/python3.10/site-packages/oslo_config/cfg.py:2620}}
Jul 22 18:35:51 jammy-provider-cloud-0000007388 cinder-volume[112570]: DEBUG oslo_service.service [None req-c54135e3-bd1b-4398-bf22-99afbddc7c31 None None] arcusfc2.nvmet_port_id         = None {{(pid=112570) log_opt_values /opt/stack/data/venv/lib/python3.10/site-packages/oslo_config/cfg.py:2620}}
Jul 22 18:35:51 jammy-provider-cloud-0000007388 cinder-volume[112580]: DEBUG cinder.volume.drivers.hpe.hpe_3par_common [None req-be4d720e-6aec-4d35-a07a-db735d6b9556 None None] Connecting to 3PAR {{(pid=112580) client_login /opt/stack/cinder/cinder/volume/drivers/hpe/hpe_3par_common.py:425}}
Jul 22 18:35:51 jammy-provider-cloud-0000007388 cinder-volume[112570]: DEBUG oslo_service.service [None req-c54135e3-bd1b-4398-bf22-99afbddc7c31 None None] arcusfc2.replication_device    = **** {{(pid=112570) log_opt_values /opt/stack/data/venv/lib/python3.10/site-packages/oslo_config/cfg.py:2620}}
Jul 22 18:35:51 jammy-provider-cloud-0000007388 cinder-volume[112570]: DEBUG oslo_service.service [None req-c54135e3-bd1b-4398-bf22-99afbddc7c31 None None] arcusfc2.report_discard_supported = None {{(pid=112570) log_opt_values /opt/stack/data/venv/lib/python3.10/site-packages/oslo_config/cfg.py:2620}}
Jul 22 18:35:51 jammy-provider-cloud-0000007388 cinder-volume[112570]: DEBUG oslo_service.service [None req-c54135e3-bd1b-4398-bf22-99afbddc7c31 None None] arcusfc2.reserved_percentage   = None {{(pid=112570) log_opt_values /opt/stack/data/venv/lib/python3.10/site-packages/oslo_config/cfg.py:2620}}
Jul 22 18:35:51 jammy-provider-cloud-0000007388 cinder-volume[112570]: DEBUG oslo_service.service [None req-c54135e3-bd1b-4398-bf22-99afbddc7c31 None None] arcusfc2.san_api_port          = None {{(pid=112570) log_opt_values /opt/stack/data/venv/lib/python3.10/site-packages/oslo_config/cfg.py:2620}}
Jul 22 18:35:51 jammy-provider-cloud-0000007388 cinder-volume[112570]: DEBUG oslo_service.service [None req-c54135e3-bd1b-4398-bf22-99afbddc7c31 None None] arcusfc2.san_clustername       = None {{(pid=112570) log_opt_values /opt/stack/data/venv/lib/python3.10/site-packages/oslo_config/cfg.py:2620}}
Jul 22 18:35:51 jammy-provider-cloud-0000007388 cinder-volume[112570]: DEBUG oslo_service.service [None req-c54135e3-bd1b-4398-bf22-99afbddc7c31 None None] arcusfc2.san_ip                = 10.201.5.12 {{(pid=112570) log_opt_values /opt/stack/data/venv/lib/python3.10/site-packages/oslo_config/cfg.py:2620}}
Jul 22 18:35:51 jammy-provider-cloud-0000007388 cinder-volume[112570]: DEBUG oslo_service.service [None req-c54135e3-bd1b-4398-bf22-99afbddc7c31 None None] arcusfc2.san_is_local          = None {{(pid=112570) log_opt_values /opt/stack/data/venv/lib/python3.10/site-packages/oslo_config/cfg.py:2620}}
Jul 22 18:35:51 jammy-provider-cloud-0000007388 cinder-volume[112570]: DEBUG oslo_service.service [None req-c54135e3-bd1b-4398-bf22-99afbddc7c31 None None] arcusfc2.san_login             = 3paradm {{(pid=112570) log_opt_values /opt/stack/data/venv/lib/python3.10/site-packages/oslo_config/cfg.py:2620}}
Jul 22 18:35:51 jammy-provider-cloud-0000007388 cinder-volume[112570]: DEBUG oslo_service.service [None req-c54135e3-bd1b-4398-bf22-99afbddc7c31 None None] arcusfc2.san_password          = **** {{(pid=112570) log_opt_values /opt/stack/data/venv/lib/python3.10/site-packages/oslo_config/cfg.py:2620}}
Jul 22 18:35:51 jammy-provider-cloud-0000007388 cinder-volume[112570]: DEBUG oslo_service.service [None req-c54135e3-bd1b-4398-bf22-99afbddc7c31 None None] arcusfc2.san_private_key       = None {{(pid=112570) log_opt_values /opt/stack/data/venv/lib/python3.10/site-packages/oslo_config/cfg.py:2620}}
Jul 22 18:35:51 jammy-provider-cloud-0000007388 cinder-volume[112570]: DEBUG oslo_service.service [None req-c54135e3-bd1b-4398-bf22-99afbddc7c31 None None] arcusfc2.san_ssh_port          = None {{(pid=112570) log_opt_values /opt/stack/data/venv/lib/python3.10/site-packages/oslo_config/cfg.py:2620}}
Jul 22 18:35:51 jammy-provider-cloud-0000007388 cinder-volume[112570]: DEBUG oslo_service.service [None req-c54135e3-bd1b-4398-bf22-99afbddc7c31 None None] arcusfc2.san_thin_provision    = None {{(pid=112570) log_opt_values /opt/stack/data/venv/lib/python3.10/site-packages/oslo_config/cfg.py:2620}}
Jul 22 18:35:51 jammy-provider-cloud-0000007388 cinder-volume[112570]: DEBUG oslo_service.service [None req-c54135e3-bd1b-4398-bf22-99afbddc7c31 None None] arcusfc2.scst_target_driver    = None {{(pid=112570) log_opt_values /opt/stack/data/venv/lib/python3.10/site-packages/oslo_config/cfg.py:2620}}
Jul 22 18:35:51 jammy-provider-cloud-0000007388 cinder-volume[112570]: DEBUG oslo_service.service [None req-c54135e3-bd1b-4398-bf22-99afbddc7c31 None None] arcusfc2.scst_target_iqn_name  = None {{(pid=112570) log_opt_values /opt/stack/data/venv/lib/python3.10/site-packages/oslo_config/cfg.py:2620}}
Jul 22 18:35:51 jammy-provider-cloud-0000007388 cinder-volume[112570]: DEBUG oslo_service.service [None req-c54135e3-bd1b-4398-bf22-99afbddc7c31 None None] arcusfc2.ssh_conn_timeout      = 45 {{(pid=112570) log_opt_values /opt/stack/data/venv/lib/python3.10/site-packages/oslo_config/cfg.py:2620}}
Jul 22 18:35:51 jammy-provider-cloud-0000007388 cinder-volume[112570]: DEBUG oslo_service.service [None req-c54135e3-bd1b-4398-bf22-99afbddc7c31 None None] arcusfc2.ssh_max_pool_conn     = None {{(pid=112570) log_opt_values /opt/stack/data/venv/lib/python3.10/site-packages/oslo_config/cfg.py:2620}}
Jul 22 18:35:51 jammy-provider-cloud-0000007388 cinder-volume[112570]: DEBUG oslo_service.service [None req-c54135e3-bd1b-4398-bf22-99afbddc7c31 None None] arcusfc2.ssh_min_pool_conn     = None {{(pid=112570) log_opt_values /opt/stack/data/venv/lib/python3.10/site-packages/oslo_config/cfg.py:2620}}
Jul 22 18:35:51 jammy-provider-cloud-0000007388 cinder-volume[112570]: DEBUG oslo_service.service [None req-c54135e3-bd1b-4398-bf22-99afbddc7c31 None None] arcusfc2.storage_protocol      = None {{(pid=112570) log_opt_values /opt/stack/data/venv/lib/python3.10/site-packages/oslo_config/cfg.py:2620}}
Jul 22 18:35:51 jammy-provider-cloud-0000007388 cinder-volume[112570]: DEBUG oslo_service.service [None req-c54135e3-bd1b-4398-bf22-99afbddc7c31 None None] arcusfc2.suppress_requests_ssl_warnings = None {{(pid=112570) log_opt_values /opt/stack/data/venv/lib/python3.10/site-packages/oslo_config/cfg.py:2620}}
Jul 22 18:35:51 jammy-provider-cloud-0000007388 cinder-volume[112570]: DEBUG oslo_service.service [None req-c54135e3-bd1b-4398-bf22-99afbddc7c31 None None] arcusfc2.target_helper         = None {{(pid=112570) log_opt_values /opt/stack/data/venv/lib/python3.10/site-packages/oslo_config/cfg.py:2620}}
Jul 22 18:35:51 jammy-provider-cloud-0000007388 cinder-volume[112570]: DEBUG oslo_service.service [None req-c54135e3-bd1b-4398-bf22-99afbddc7c31 None None] arcusfc2.target_ip_address     = None {{(pid=112570) log_opt_values /opt/stack/data/venv/lib/python3.10/site-packages/oslo_config/cfg.py:2620}}
Jul 22 18:35:51 jammy-provider-cloud-0000007388 cinder-volume[112570]: DEBUG oslo_service.service [None req-c54135e3-bd1b-4398-bf22-99afbddc7c31 None None] arcusfc2.target_port           = None {{(pid=112570) log_opt_values /opt/stack/data/venv/lib/python3.10/site-packages/oslo_config/cfg.py:2620}}
Jul 22 18:35:51 jammy-provider-cloud-0000007388 cinder-volume[112570]: DEBUG oslo_service.service [None req-c54135e3-bd1b-4398-bf22-99afbddc7c31 None None] arcusfc2.target_prefix         = None {{(pid=112570) log_opt_values /opt/stack/data/venv/lib/python3.10/site-packages/oslo_config/cfg.py:2620}}
Jul 22 18:35:51 jammy-provider-cloud-0000007388 cinder-volume[112570]: DEBUG oslo_service.service [None req-c54135e3-bd1b-4398-bf22-99afbddc7c31 None None] arcusfc2.target_protocol       = None {{(pid=112570) log_opt_values /opt/stack/data/venv/lib/python3.10/site-packages/oslo_config/cfg.py:2620}}
Jul 22 18:35:51 jammy-provider-cloud-0000007388 cinder-volume[112570]: DEBUG oslo_service.service [None req-c54135e3-bd1b-4398-bf22-99afbddc7c31 None None] arcusfc2.target_secondary_ip_addresses = None {{(pid=112570) log_opt_values /opt/stack/data/venv/lib/python3.10/site-packages/oslo_config/cfg.py:2620}}
Jul 22 18:35:51 jammy-provider-cloud-0000007388 cinder-volume[112570]: DEBUG oslo_service.service [None req-c54135e3-bd1b-4398-bf22-99afbddc7c31 None None] arcusfc2.trace_flags           = None {{(pid=112570) log_opt_values /opt/stack/data/venv/lib/python3.10/site-packages/oslo_config/cfg.py:2620}}
Jul 22 18:35:51 jammy-provider-cloud-0000007388 cinder-volume[112570]: DEBUG oslo_service.service [None req-c54135e3-bd1b-4398-bf22-99afbddc7c31 None None] arcusfc2.unique_fqdn_network   = None {{(pid=112570) log_opt_values /opt/stack/data/venv/lib/python3.10/site-packages/oslo_config/cfg.py:2620}}
Jul 22 18:35:51 jammy-provider-cloud-0000007388 cinder-volume[112570]: DEBUG oslo_service.service [None req-c54135e3-bd1b-4398-bf22-99afbddc7c31 None None] arcusfc2.use_chap_auth         = None {{(pid=112570) log_opt_values /opt/stack/data/venv/lib/python3.10/site-packages/oslo_config/cfg.py:2620}}
Jul 22 18:35:51 jammy-provider-cloud-0000007388 cinder-volume[112570]: DEBUG oslo_service.service [None req-c54135e3-bd1b-4398-bf22-99afbddc7c31 None None] arcusfc2.use_multipath_for_image_xfer = None {{(pid=112570) log_opt_values /opt/stack/data/venv/lib/python3.10/site-packages/oslo_config/cfg.py:2620}}
Jul 22 18:35:51 jammy-provider-cloud-0000007388 cinder-volume[112570]: DEBUG oslo_service.service [None req-c54135e3-bd1b-4398-bf22-99afbddc7c31 None None] arcusfc2.volume_backend_name   = arcusfc2 {{(pid=112570) log_opt_values /opt/stack/data/venv/lib/python3.10/site-packages/oslo_config/cfg.py:2620}}
Jul 22 18:35:51 jammy-provider-cloud-0000007388 cinder-volume[112570]: DEBUG oslo_service.service [None req-c54135e3-bd1b-4398-bf22-99afbddc7c31 None None] arcusfc2.volume_clear          = None {{(pid=112570) log_opt_values /opt/stack/data/venv/lib/python3.10/site-packages/oslo_config/cfg.py:2620}}
Jul 22 18:35:51 jammy-provider-cloud-0000007388 cinder-volume[112570]: DEBUG oslo_service.service [None req-c54135e3-bd1b-4398-bf22-99afbddc7c31 None None] arcusfc2.volume_clear_ionice   = None {{(pid=112570) log_opt_values /opt/stack/data/venv/lib/python3.10/site-packages/oslo_config/cfg.py:2620}}
Jul 22 18:35:51 jammy-provider-cloud-0000007388 cinder-volume[112570]: DEBUG oslo_service.service [None req-c54135e3-bd1b-4398-bf22-99afbddc7c31 None None] arcusfc2.volume_clear_size     = None {{(pid=112570) log_opt_values /opt/stack/data/venv/lib/python3.10/site-packages/oslo_config/cfg.py:2620}}
Jul 22 18:35:51 jammy-provider-cloud-0000007388 cinder-volume[112570]: DEBUG oslo_service.service [None req-c54135e3-bd1b-4398-bf22-99afbddc7c31 None None] arcusfc2.volume_copy_blkio_cgroup_name = None {{(pid=112570) log_opt_values /opt/stack/data/venv/lib/python3.10/site-packages/oslo_config/cfg.py:2620}}
Jul 22 18:35:51 jammy-provider-cloud-0000007388 cinder-volume[112570]: DEBUG oslo_service.service [None req-c54135e3-bd1b-4398-bf22-99afbddc7c31 None None] arcusfc2.volume_copy_bps_limit = None {{(pid=112570) log_opt_values /opt/stack/data/venv/lib/python3.10/site-packages/oslo_config/cfg.py:2620}}
Jul 22 18:35:51 jammy-provider-cloud-0000007388 cinder-volume[112570]: DEBUG oslo_service.service [None req-c54135e3-bd1b-4398-bf22-99afbddc7c31 None None] arcusfc2.volume_dd_blocksize   = None {{(pid=112570) log_opt_values /opt/stack/data/venv/lib/python3.10/site-packages/oslo_config/cfg.py:2620}}
Jul 22 18:35:51 jammy-provider-cloud-0000007388 cinder-volume[112570]: DEBUG oslo_service.service [None req-c54135e3-bd1b-4398-bf22-99afbddc7c31 None None] arcusfc2.volume_driver         = cinder.volume.drivers.hpe.hpe_3par_nvme.HPE3PARNVMEDriver {{(pid=112570) log_opt_values /opt/stack/data/venv/lib/python3.10/site-packages/oslo_config/cfg.py:2620}}
Jul 22 18:35:51 jammy-provider-cloud-0000007388 cinder-volume[112570]: DEBUG oslo_service.service [None req-c54135e3-bd1b-4398-bf22-99afbddc7c31 None None] arcusfc2.volumes_dir           = None {{(pid=112570) log_opt_values /opt/stack/data/venv/lib/python3.10/site-packages/oslo_config/cfg.py:2620}}
Jul 22 18:35:51 jammy-provider-cloud-0000007388 cinder-volume[112570]: DEBUG oslo_service.service [None req-c54135e3-bd1b-4398-bf22-99afbddc7c31 None None] ******************************************************************************** {{(pid=112570) log_opt_values /opt/stack/data/venv/lib/python3.10/site-packages/oslo_config/cfg.py:2624}}
Jul 22 18:35:51 jammy-provider-cloud-0000007388 cinder-volume[112579]: DEBUG cinder.volume.drivers.hpe.hpe_3par_common [None req-1086706c-5ed1-4846-92d9-e560c93f4f35 None None] Disconnect from 3PAR REST and SSH 8996522e-1db6-4e6c-9da2-046affa8ca4a {{(pid=112579) client_logout /opt/stack/cinder/cinder/volume/drivers/hpe/hpe_3par_common.py:435}}
Jul 22 18:35:51 jammy-provider-cloud-0000007388 cinder-volume[112580]: WARNING py.warnings [None req-be4d720e-6aec-4d35-a07a-db735d6b9556 None None] /opt/stack/data/venv/lib/python3.10/site-packages/urllib3/connectionpool.py:1063: InsecureRequestWarning: Unverified HTTPS request is being made to host '10.201.5.12'. Adding certificate verification is strongly advised. See: https://urllib3.readthedocs.io/en/1.26.x/advanced-usage.html#ssl-warnings
Jul 22 18:35:51 jammy-provider-cloud-0000007388 cinder-volume[112580]:   warnings.warn(
Jul 22 18:35:51 jammy-provider-cloud-0000007388 cinder-volume[112579]: WARNING py.warnings [None req-1086706c-5ed1-4846-92d9-e560c93f4f35 None None] /opt/stack/data/venv/lib/python3.10/site-packages/urllib3/connectionpool.py:1063: InsecureRequestWarning: Unverified HTTPS request is being made to host '10.201.5.12'. Adding certificate verification is strongly advised. See: https://urllib3.readthedocs.io/en/1.26.x/advanced-usage.html#ssl-warnings
Jul 22 18:35:51 jammy-provider-cloud-0000007388 cinder-volume[112579]:   warnings.warn(
Jul 22 18:35:51 jammy-provider-cloud-0000007388 cinder-volume[112579]: DEBUG cinder.volume.drivers.hpe.hpe_3par_common [None req-1086706c-5ed1-4846-92d9-e560c93f4f35 None None] Connecting to 3PAR {{(pid=112579) client_login /opt/stack/cinder/cinder/volume/drivers/hpe/hpe_3par_common.py:425}}
Jul 22 18:35:51 jammy-provider-cloud-0000007388 cinder-volume[112580]: WARNING py.warnings [None req-be4d720e-6aec-4d35-a07a-db735d6b9556 None None] /opt/stack/data/venv/lib/python3.10/site-packages/urllib3/connectionpool.py:1063: InsecureRequestWarning: Unverified HTTPS request is being made to host '10.201.5.12'. Adding certificate verification is strongly advised. See: https://urllib3.readthedocs.io/en/1.26.x/advanced-usage.html#ssl-warnings
Jul 22 18:35:51 jammy-provider-cloud-0000007388 cinder-volume[112580]:   warnings.warn(
Jul 22 18:35:51 jammy-provider-cloud-0000007388 cinder-volume[112579]: WARNING py.warnings [None req-1086706c-5ed1-4846-92d9-e560c93f4f35 None None] /opt/stack/data/venv/lib/python3.10/site-packages/urllib3/connectionpool.py:1063: InsecureRequestWarning: Unverified HTTPS request is being made to host '10.201.5.12'. Adding certificate verification is strongly advised. See: https://urllib3.readthedocs.io/en/1.26.x/advanced-usage.html#ssl-warnings
Jul 22 18:35:51 jammy-provider-cloud-0000007388 cinder-volume[112579]:   warnings.warn(
Jul 22 18:35:51 jammy-provider-cloud-0000007388 cinder-volume[112579]: WARNING py.warnings [None req-1086706c-5ed1-4846-92d9-e560c93f4f35 None None] /opt/stack/data/venv/lib/python3.10/site-packages/urllib3/connectionpool.py:1063: InsecureRequestWarning: Unverified HTTPS request is being made to host '10.201.5.12'. Adding certificate verification is strongly advised. See: https://urllib3.readthedocs.io/en/1.26.x/advanced-usage.html#ssl-warnings
Jul 22 18:35:51 jammy-provider-cloud-0000007388 cinder-volume[112579]:   warnings.warn(
Jul 22 18:35:51 jammy-provider-cloud-0000007388 cinder-volume[112580]: DEBUG cinder.volume.drivers.hpe.hpe_3par_common [None req-be4d720e-6aec-4d35-a07a-db735d6b9556 None None] Disconnect from 3PAR REST and SSH ed949253-37d4-4749-9e9e-4307afec83c5 {{(pid=112580) client_logout /opt/stack/cinder/cinder/volume/drivers/hpe/hpe_3par_common.py:435}}
Jul 22 18:35:51 jammy-provider-cloud-0000007388 cinder-volume[112580]: WARNING py.warnings [None req-be4d720e-6aec-4d35-a07a-db735d6b9556 None None] /opt/stack/data/venv/lib/python3.10/site-packages/urllib3/connectionpool.py:1063: InsecureRequestWarning: Unverified HTTPS request is being made to host '10.201.5.12'. Adding certificate verification is strongly advised. See: https://urllib3.readthedocs.io/en/1.26.x/advanced-usage.html#ssl-warnings
Jul 22 18:35:51 jammy-provider-cloud-0000007388 cinder-volume[112580]:   warnings.warn(
Jul 22 18:35:51 jammy-provider-cloud-0000007388 cinder-volume[112580]: DEBUG cinder.volume.drivers.hpe.hpe_3par_common [None req-be4d720e-6aec-4d35-a07a-db735d6b9556 None None] Connecting to 3PAR {{(pid=112580) client_login /opt/stack/cinder/cinder/volume/drivers/hpe/hpe_3par_common.py:425}}
Jul 22 18:35:51 jammy-provider-cloud-0000007388 cinder-volume[112580]: WARNING py.warnings [None req-be4d720e-6aec-4d35-a07a-db735d6b9556 None None] /opt/stack/data/venv/lib/python3.10/site-packages/urllib3/connectionpool.py:1063: InsecureRequestWarning: Unverified HTTPS request is being made to host '10.201.5.12'. Adding certificate verification is strongly advised. See: https://urllib3.readthedocs.io/en/1.26.x/advanced-usage.html#ssl-warnings
Jul 22 18:35:51 jammy-provider-cloud-0000007388 cinder-volume[112580]:   warnings.warn(
Jul 22 18:35:51 jammy-provider-cloud-0000007388 cinder-volume[112579]: DEBUG cinder.volume.drivers.hpe.hpe_3par_common [None req-1086706c-5ed1-4846-92d9-e560c93f4f35 None None] Disconnect from 3PAR REST and SSH 8996522e-1db6-4e6c-9da2-046affa8ca4a {{(pid=112579) client_logout /opt/stack/cinder/cinder/volume/drivers/hpe/hpe_3par_common.py:435}}
Jul 22 18:35:51 jammy-provider-cloud-0000007388 cinder-volume[112580]: WARNING py.warnings [None req-be4d720e-6aec-4d35-a07a-db735d6b9556 None None] /opt/stack/data/venv/lib/python3.10/site-packages/urllib3/connectionpool.py:1063: InsecureRequestWarning: Unverified HTTPS request is being made to host '10.201.5.12'. Adding certificate verification is strongly advised. See: https://urllib3.readthedocs.io/en/1.26.x/advanced-usage.html#ssl-warnings
Jul 22 18:35:51 jammy-provider-cloud-0000007388 cinder-volume[112580]:   warnings.warn(
Jul 22 18:35:51 jammy-provider-cloud-0000007388 cinder-volume[103000]: DEBUG oslo_concurrency.lockutils [None req-5b0a0bbf-b538-47d3-af5a-31c969c6cfa8 None None] Acquiring lock "singleton_lock" {{(pid=103000) lock /opt/stack/data/venv/lib/python3.10/site-packages/oslo_concurrency/lockutils.py:310}}
Jul 22 18:35:51 jammy-provider-cloud-0000007388 cinder-volume[103000]: DEBUG oslo_concurrency.lockutils [None req-5b0a0bbf-b538-47d3-af5a-31c969c6cfa8 None None] Acquired lock "singleton_lock" {{(pid=103000) lock /opt/stack/data/venv/lib/python3.10/site-packages/oslo_concurrency/lockutils.py:313}}
Jul 22 18:35:51 jammy-provider-cloud-0000007388 cinder-volume[103000]: DEBUG oslo_concurrency.lockutils [None req-5b0a0bbf-b538-47d3-af5a-31c969c6cfa8 None None] Releasing lock "singleton_lock" {{(pid=103000) lock /opt/stack/data/venv/lib/python3.10/site-packages/oslo_concurrency/lockutils.py:331}}
Jul 22 18:35:51 jammy-provider-cloud-0000007388 cinder-volume[112579]: WARNING py.warnings [None req-1086706c-5ed1-4846-92d9-e560c93f4f35 None None] /opt/stack/data/venv/lib/python3.10/site-packages/urllib3/connectionpool.py:1063: InsecureRequestWarning: Unverified HTTPS request is being made to host '10.201.5.12'. Adding certificate verification is strongly advised. See: https://urllib3.readthedocs.io/en/1.26.x/advanced-usage.html#ssl-warnings
Jul 22 18:35:51 jammy-provider-cloud-0000007388 cinder-volume[112579]:   warnings.warn(
Jul 22 18:35:51 jammy-provider-cloud-0000007388 cinder-volume[112579]: DEBUG cinder.volume.drivers.hpe.hpe_3par_nvme [None req-1086706c-5ed1-4846-92d9-e560c93f4f35 None None] ==> get_volume_stats: call "{'self': <cinder.volume.drivers.hpe.hpe_3par_nvme.HPE3PARNVMEDriver object at 0x7f6fafffffa0>, 'refresh': True}" {{(pid=112579) trace_logging_wrapper /opt/stack/cinder/cinder/volume/volume_utils.py:1495}}
Jul 22 18:35:51 jammy-provider-cloud-0000007388 cinder-volume[112579]: WARNING py.warnings [None req-1086706c-5ed1-4846-92d9-e560c93f4f35 None None] /opt/stack/data/venv/lib/python3.10/site-packages/urllib3/connectionpool.py:1063: InsecureRequestWarning: Unverified HTTPS request is being made to host '10.201.5.12'. Adding certificate verification is strongly advised. See: https://urllib3.readthedocs.io/en/1.26.x/advanced-usage.html#ssl-warnings
Jul 22 18:35:51 jammy-provider-cloud-0000007388 cinder-volume[112579]:   warnings.warn(
Jul 22 18:35:51 jammy-provider-cloud-0000007388 cinder-volume[112579]: WARNING py.warnings [None req-1086706c-5ed1-4846-92d9-e560c93f4f35 None None] /opt/stack/data/venv/lib/python3.10/site-packages/urllib3/connectionpool.py:1063: InsecureRequestWarning: Unverified HTTPS request is being made to host '10.201.5.12'. Adding certificate verification is strongly advised. See: https://urllib3.readthedocs.io/en/1.26.x/advanced-usage.html#ssl-warnings
Jul 22 18:35:51 jammy-provider-cloud-0000007388 cinder-volume[112579]:   warnings.warn(
Jul 22 18:35:51 jammy-provider-cloud-0000007388 cinder-volume[112579]: : hpe3parclient.exceptions.HTTPForbidden: Forbidden (HTTP 403) 6 - invalid session key
Jul 22 18:35:51 jammy-provider-cloud-0000007388 cinder-volume[112580]: DEBUG cinder.volume.drivers.hpe.hpe_3par_common [None req-be4d720e-6aec-4d35-a07a-db735d6b9556 None None] Disconnect from 3PAR REST and SSH ed949253-37d4-4749-9e9e-4307afec83c5 {{(pid=112580) client_logout /opt/stack/cinder/cinder/volume/drivers/hpe/hpe_3par_common.py:435}}
Jul 22 18:35:51 jammy-provider-cloud-0000007388 sudo[112581]: pam_unix(sudo:session): session closed for user root
Jul 22 18:35:51 jammy-provider-cloud-0000007388 cinder-volume[103000]: DEBUG oslo_concurrency.processutils [None req-a8bc9da7-0b43-40ec-bd6f-bbeaa0104ebd None None] CMD "sudo cinder-rootwrap /etc/cinder/rootwrap.conf env LC_ALL=C lvs --noheadings --unit=g -o vg_name,name,size --nosuffix --readonly stack-volumes-lvmdriver-1" returned: 0 in 0.339s {{(pid=103000) execute /opt/stack/data/venv/lib/python3.10/site-packages/oslo_concurrency/processutils.py:428}}
Jul 22 18:35:51 jammy-provider-cloud-0000007388 cinder-volume[103000]: DEBUG oslo_concurrency.processutils [None req-a8bc9da7-0b43-40ec-bd6f-bbeaa0104ebd None None] Running cmd (subprocess): sudo cinder-rootwrap /etc/cinder/rootwrap.conf env LC_ALL=C lvs --noheadings --unit=g -o size,data_percent --separator : --nosuffix /dev/stack-volumes-lvmdriver-1/stack-volumes-lvmdriver-1-pool {{(pid=103000) execute /opt/stack/data/venv/lib/python3.10/site-packages/oslo_concurrency/processutils.py:390}}
Jul 22 18:35:51 jammy-provider-cloud-0000007388 cinder-volume[112579]: WARNING py.warnings [None req-1086706c-5ed1-4846-92d9-e560c93f4f35 None None] /opt/stack/data/venv/lib/python3.10/site-packages/urllib3/connectionpool.py:1063: InsecureRequestWarning: Unverified HTTPS request is being made to host '10.201.5.12'. Adding certificate verification is strongly advised. See: https://urllib3.readthedocs.io/en/1.26.x/advanced-usage.html#ssl-warnings
Jul 22 18:35:51 jammy-provider-cloud-0000007388 cinder-volume[112579]:   warnings.warn(
Jul 22 18:35:51 jammy-provider-cloud-0000007388 cinder-volume[112579]: : hpe3parclient.exceptions.HTTPForbidden: Forbidden (HTTP 403) 6 - invalid session key
Jul 22 18:35:51 jammy-provider-cloud-0000007388 cinder-volume[112580]: WARNING py.warnings [None req-be4d720e-6aec-4d35-a07a-db735d6b9556 None None] /opt/stack/data/venv/lib/python3.10/site-packages/urllib3/connectionpool.py:1063: InsecureRequestWarning: Unverified HTTPS request is being made to host '10.201.5.12'. Adding certificate verification is strongly advised. See: https://urllib3.readthedocs.io/en/1.26.x/advanced-usage.html#ssl-warnings
Jul 22 18:35:51 jammy-provider-cloud-0000007388 cinder-volume[112580]:   warnings.warn(
Jul 22 18:35:51 jammy-provider-cloud-0000007388 sudo[112584]:   ubuntu : PWD=/ ; USER=root ; COMMAND=/usr/local/bin/cinder-rootwrap /etc/cinder/rootwrap.conf env LC_ALL=C lvs --noheadings --unit=g -o size,data_percent --separator : --nosuffix /dev/stack-volumes-lvmdriver-1/stack-volumes-lvmdriver-1-pool
Jul 22 18:35:51 jammy-provider-cloud-0000007388 sudo[112584]: pam_unix(sudo:session): session opened for user root(uid=0) by (uid=1000)
Jul 22 18:35:51 jammy-provider-cloud-0000007388 cinder-volume[112580]: DEBUG cinder.volume.drivers.hpe.hpe_3par_nvme [None req-be4d720e-6aec-4d35-a07a-db735d6b9556 None None] ==> get_volume_stats: call "{'self': <cinder.volume.drivers.hpe.hpe_3par_nvme.HPE3PARNVMEDriver object at 0x7f6faffad2d0>, 'refresh': True}" {{(pid=112580) trace_logging_wrapper /opt/stack/cinder/cinder/volume/volume_utils.py:1495}}
Jul 22 18:35:51 jammy-provider-cloud-0000007388 cinder-volume[112580]: WARNING py.warnings [None req-be4d720e-6aec-4d35-a07a-db735d6b9556 None None] /opt/stack/data/venv/lib/python3.10/site-packages/urllib3/connectionpool.py:1063: InsecureRequestWarning: Unverified HTTPS request is being made to host '10.201.5.12'. Adding certificate verification is strongly advised. See: https://urllib3.readthedocs.io/en/1.26.x/advanced-usage.html#ssl-warnings
Jul 22 18:35:51 jammy-provider-cloud-0000007388 cinder-volume[112580]:   warnings.warn(
Jul 22 18:35:51 jammy-provider-cloud-0000007388 cinder-volume[112580]: WARNING py.warnings [None req-be4d720e-6aec-4d35-a07a-db735d6b9556 None None] /opt/stack/data/venv/lib/python3.10/site-packages/urllib3/connectionpool.py:1063: InsecureRequestWarning: Unverified HTTPS request is being made to host '10.201.5.12'. Adding certificate verification is strongly advised. See: https://urllib3.readthedocs.io/en/1.26.x/advanced-usage.html#ssl-warnings
Jul 22 18:35:51 jammy-provider-cloud-0000007388 cinder-volume[112580]:   warnings.warn(
Jul 22 18:35:51 jammy-provider-cloud-0000007388 cinder-volume[112580]: : hpe3parclient.exceptions.HTTPForbidden: Forbidden (HTTP 403) 6 - invalid session key
Jul 22 18:35:51 jammy-provider-cloud-0000007388 cinder-volume[112579]: WARNING py.warnings [None req-1086706c-5ed1-4846-92d9-e560c93f4f35 None None] /opt/stack/data/venv/lib/python3.10/site-packages/urllib3/connectionpool.py:1063: InsecureRequestWarning: Unverified HTTPS request is being made to host '10.201.5.12'. Adding certificate verification is strongly advised. See: https://urllib3.readthedocs.io/en/1.26.x/advanced-usage.html#ssl-warnings
Jul 22 18:35:51 jammy-provider-cloud-0000007388 cinder-volume[112579]:   warnings.warn(
Jul 22 18:35:51 jammy-provider-cloud-0000007388 cinder-volume[112580]: WARNING py.warnings [None req-be4d720e-6aec-4d35-a07a-db735d6b9556 None None] /opt/stack/data/venv/lib/python3.10/site-packages/urllib3/connectionpool.py:1063: InsecureRequestWarning: Unverified HTTPS request is being made to host '10.201.5.12'. Adding certificate verification is strongly advised. See: https://urllib3.readthedocs.io/en/1.26.x/advanced-usage.html#ssl-warnings
Jul 22 18:35:51 jammy-provider-cloud-0000007388 cinder-volume[112580]:   warnings.warn(
Jul 22 18:35:51 jammy-provider-cloud-0000007388 cinder-volume[112580]: : hpe3parclient.exceptions.HTTPForbidden: Forbidden (HTTP 403) 6 - invalid session key
Jul 22 18:35:51 jammy-provider-cloud-0000007388 cinder-volume[112579]: WARNING py.warnings [None req-1086706c-5ed1-4846-92d9-e560c93f4f35 None None] /opt/stack/data/venv/lib/python3.10/site-packages/urllib3/connectionpool.py:1063: InsecureRequestWarning: Unverified HTTPS request is being made to host '10.201.5.12'. Adding certificate verification is strongly advised. See: https://urllib3.readthedocs.io/en/1.26.x/advanced-usage.html#ssl-warnings
Jul 22 18:35:51 jammy-provider-cloud-0000007388 cinder-volume[112579]:   warnings.warn(
Jul 22 18:35:51 jammy-provider-cloud-0000007388 cinder-volume[112580]: WARNING py.warnings [None req-be4d720e-6aec-4d35-a07a-db735d6b9556 None None] /opt/stack/data/venv/lib/python3.10/site-packages/urllib3/connectionpool.py:1063: InsecureRequestWarning: Unverified HTTPS request is being made to host '10.201.5.12'. Adding certificate verification is strongly advised. See: https://urllib3.readthedocs.io/en/1.26.x/advanced-usage.html#ssl-warnings
Jul 22 18:35:51 jammy-provider-cloud-0000007388 cinder-volume[112580]:   warnings.warn(
Jul 22 18:35:51 jammy-provider-cloud-0000007388 cinder-volume[112579]: WARNING py.warnings [None req-1086706c-5ed1-4846-92d9-e560c93f4f35 None None] /opt/stack/data/venv/lib/python3.10/site-packages/urllib3/connectionpool.py:1063: InsecureRequestWarning: Unverified HTTPS request is being made to host '10.201.5.12'. Adding certificate verification is strongly advised. See: https://urllib3.readthedocs.io/en/1.26.x/advanced-usage.html#ssl-warnings
Jul 22 18:35:51 jammy-provider-cloud-0000007388 cinder-volume[112579]:   warnings.warn(
Jul 22 18:35:51 jammy-provider-cloud-0000007388 cinder-volume[112579]: DEBUG cinder.volume.drivers.hpe.hpe_3par_nvme [None req-1086706c-5ed1-4846-92d9-e560c93f4f35 None None] <== get_volume_stats: return (276ms) {'driver_version': '1.0', 'storage_protocol': 'FC', 'vendor_name': 'Hewlett Packard Enterprise', 'volume_backend_name': 'arcusfc1', 'array_id': 519749, 'replication_enabled': False, 'replication_targets': [], 'pools': [{'pool_name': 'SSD_r6', 'total_capacity_gb': 11183, 'free_capacity_gb': 10768, 'provisioned_capacity_gb': 1703, 'QoS_support': True, 'thin_provisioning_support': True, 'thick_provisioning_support': True, 'max_over_subscription_ratio': '20.0', 'reserved_percentage': 0, 'location_info': 'HPE3PARDriver:4UW0004090:SSD_r6', 'total_volumes': 57, 'capacity_utilization': 3.7109898953769114, 'throughput': 0.0, 'bandwidth': 0.0, 'latency': 0.0, 'io_size': 0.0, 'queue_length': 0.0, 'avg_busy_perc': 0.0, 'filter_function': None, 'goodness_function': None, 'multiattach': True, 'consistent_group_snapshot_enabled': True, 'compression': True, 'consistent_group_replication_enabled': False, 'backend_state': 'up', 'replication_enabled': False, 'replication_type': ['sync', 'periodic'], 'replication_count': 0}]} {{(pid=112579) trace_logging_wrapper /opt/stack/cinder/cinder/volume/volume_utils.py:1520}}
Jul 22 18:35:51 jammy-provider-cloud-0000007388 cinder-volume[112579]: DEBUG cinder.volume.drivers.hpe.hpe_3par_nvme [None req-1086706c-5ed1-4846-92d9-e560c93f4f35 None None] ==> _init_vendor_properties: call "{'self': <cinder.volume.drivers.hpe.hpe_3par_nvme.HPE3PARNVMEDriver object at 0x7f6fafffffa0>}" {{(pid=112579) trace_logging_wrapper /opt/stack/cinder/cinder/volume/volume_utils.py:1495}}
Jul 22 18:35:51 jammy-provider-cloud-0000007388 cinder-volume[112580]: WARNING py.warnings [None req-be4d720e-6aec-4d35-a07a-db735d6b9556 None None] /opt/stack/data/venv/lib/python3.10/site-packages/urllib3/connectionpool.py:1063: InsecureRequestWarning: Unverified HTTPS request is being made to host '10.201.5.12'. Adding certificate verification is strongly advised. See: https://urllib3.readthedocs.io/en/1.26.x/advanced-usage.html#ssl-warnings
Jul 22 18:35:51 jammy-provider-cloud-0000007388 cinder-volume[112580]:   warnings.warn(
Jul 22 18:35:51 jammy-provider-cloud-0000007388 cinder-volume[112579]: DEBUG cinder.volume.drivers.hpe.hpe_3par_nvme [None req-1086706c-5ed1-4846-92d9-e560c93f4f35 None None] <== _init_vendor_properties: return (1ms) ({'HPE:3PAR:hpe3par:snap_cpg': {'title': 'Snap CPG Extra-specs.', 'description': 'Specifies the Snap CPG for a volume type. It overrides the hpe3par_cpg_snap setting. Defaults to the hpe3par_cpg_snap setting in the cinder.conf file. If hpe3par_cpg_snap is not set, it defaults to the hpe3par_cpg setting.', 'type': 'string'}, 'HPE:3PAR:hpe3par:persona': {'title': 'Host Persona Extra-specs.', 'description': 'Specifies the host persona property for a volume type. It overrides the hpe3par_cpg_snap setting. Defaults to the hpe3par_cpg_snap setting in the cinder.conf file. If hpe3par_cpg_snap is not set, it defaults to the hpe3par_cpg setting.', 'type': 'string', 'enum': ['2 - Generic-ALUA', '1 - Generic', '3 - Generic-legacy', '4 - HPEUX-legacy', '5 - AIX-legacy', '6 - EGENERA', '7 - ONTAP-legacy', '8 - VMware', '9 - OpenVMS', '10 - HPEUX', '11 - WindowsServer'], 'default': '2 - Generic-ALUA'}, 'HPE:3PAR:hpe3par:vvs': {'title': 'Virtual Volume Set Extra-specs.', 'description': 'The virtual volume set name that has been set up by the administrator that would have predefined QoS rules associated with it. If you specify extra_specs hpe3par:vvs, the qos_specs minIOPS, maxIOPS, minBWS, and maxBWS settings are ignored.', 'type': 'string'}, 'HPE:3PAR:hpe3par:flash_cache': {'title': 'Flash cache Extra-specs.', 'description': 'Enables Flash cache setting for a volume type.', 'type': 'boolean', 'default': False}, 'HPE:3PAR:hpe3par:provisioning': {'title': 'Storage Provisioning Extra-specs.', 'description': 'Specifies the provisioning for a volume type.', 'type': 'string', 'enum': ['thin', 'full', 'dedup'], 'default': 'thin'}, 'HPE:3PAR:hpe3par:compression': {'title': 'Storage Provisioning Extra-specs.', 'description': 'Enables compression for a volume type. Minimum requirement of 3par OS version is 3.3.1 with SSD drives only. Volume size must have > 16 GB to enable compression on volume. A full provisioned volume cannot be compressed.', 'type': 'boolean', 'default': False}, 'HPE:3PAR:replication_enabled': {'title': 'Volume Replication Extra-specs.', 'description': 'The valid value is: <is> True If True, the volume is to be replicated, if supported, by the backend driver. If the option is not specified or false, then replication is not enabled. This option is required to enable replication.', 'type': 'string', 'enum': ['<is> True'], 'default': False}, 'HPE:3PAR:replication:mode': {'title': 'Replication Mode Extra-specs.', 'description': 'Sets the replication mode for 3par.', 'type': 'string', 'enum': ['sync', 'periodic'], 'default': 'periodic'}, 'HPE:3PAR:replication:sync_period': {'title': 'Sync Period for Volume Replication Extra-specs.', 'description': 'Sets the time interval for synchronization. Only needed if replication:mode is periodic.', 'type': 'integer', 'default': 900}, 'HPE:3PAR:replication:retention_count': {'title': 'Retention Count for Replication Extra-specs.', 'description': 'Sets the number of snapshots that will be  saved on the primary array.', 'type': 'integer', 'default': 5}, 'HPE:3PAR:replication:remote_retention_count': {'title': 'Remote Retention Count for Replication Extra-specs.', 'description': 'Sets the number of snapshots that will be  saved on the secondary array.', 'type': 'integer', 'default': 5}, 'HPE:3PAR:minIOPS': {'title': 'Minimum IOPS QoS.', 'description': 'Sets the QoS, I/O issue count minimum goal. If not specified, there is no limit on I/O issue count.', 'type': 'integer'}, 'HPE:3PAR:maxIOPS': {'title': 'Maximum IOPS QoS.', 'description': 'Sets the QoS, I/O issue count rate limit. If not specified, there is no limit on I/O issue count.', 'type': 'integer'}, 'HPE:3PAR:minBWS': {'title': 'Minimum Bandwidth QoS.', 'description': 'Sets the QoS, I/O issue bandwidth minimum goal. If not specified, there is no limit on I/O issue bandwidth rate.', 'type': 'integer'}, 'HPE:3PAR:maxBWS': {'title': 'Maximum Bandwidth QoS.', 'description': 'Sets the QoS, I/O issue bandwidth rate limit. If not specified, there is no limit on I/O issue bandwidth rate.', 'type': 'integer'}, 'HPE:3PAR:latency': {'title': 'Latency QoS.', 'description': 'Sets the latency goal in milliseconds.', 'type': 'integer'}, 'HPE:3PAR:priority': {'title': 'Priority QoS.', 'description': 'Sets the priority of the QoS rule over other rules.', 'type': 'string', 'enum': ['low', 'normal', 'high'], 'default': 'normal'}}, 'HPE:3PAR') {{(pid=112579) trace_logging_wrapper /opt/stack/cinder/cinder/volume/volume_utils.py:1520}}
Jul 22 18:35:51 jammy-provider-cloud-0000007388 cinder-volume[112579]: WARNING cinder.volume.driver [None req-1086706c-5ed1-4846-92d9-e560c93f4f35 None None] The colon in vendor name was replaced by underscore. Updated vendor name is HPE_3PAR".
