Sep 02 12:13:19 jammy-provider-cloud-0000007563 systemd[1]: Starting Devstack devstack@g-api.service...
Sep 02 12:13:19 jammy-provider-cloud-0000007563 devstack@g-api.service[104529]: [uWSGI] getting INI configuration from /etc/glance/glance-uwsgi.ini
Sep 02 12:13:19 jammy-provider-cloud-0000007563 devstack@g-api.service[104529]: *** Starting uWSGI 2.0.20-debian (64bit) on [Mon Sep  2 12:13:19 2024] ***
Sep 02 12:13:19 jammy-provider-cloud-0000007563 devstack@g-api.service[104529]: compiled with version: 11.2.0 on 21 March 2022 11:00:44
Sep 02 12:13:19 jammy-provider-cloud-0000007563 devstack@g-api.service[104529]: os: Linux-5.15.0-107-generic #117-Ubuntu SMP Fri Apr 26 12:26:49 UTC 2024
Sep 02 12:13:19 jammy-provider-cloud-0000007563 devstack@g-api.service[104529]: nodename: jammy-provider-cloud-0000007563
Sep 02 12:13:19 jammy-provider-cloud-0000007563 devstack@g-api.service[104529]: machine: x86_64
Sep 02 12:13:19 jammy-provider-cloud-0000007563 devstack@g-api.service[104529]: clock source: unix
Sep 02 12:13:19 jammy-provider-cloud-0000007563 devstack@g-api.service[104529]: pcre jit disabled
Sep 02 12:13:19 jammy-provider-cloud-0000007563 devstack@g-api.service[104529]: detected number of CPU cores: 4
Sep 02 12:13:19 jammy-provider-cloud-0000007563 devstack@g-api.service[104529]: current working directory: /
Sep 02 12:13:19 jammy-provider-cloud-0000007563 devstack@g-api.service[104529]: detected binary path: /usr/bin/uwsgi-core
Sep 02 12:13:19 jammy-provider-cloud-0000007563 devstack@g-api.service[104529]: your processes number limit is 31298
Sep 02 12:13:19 jammy-provider-cloud-0000007563 devstack@g-api.service[104529]: your memory page size is 4096 bytes
Sep 02 12:13:19 jammy-provider-cloud-0000007563 devstack@g-api.service[104529]: detected max file descriptor number: 2048
Sep 02 12:13:19 jammy-provider-cloud-0000007563 devstack@g-api.service[104529]: lock engine: pthread robust mutexes
Sep 02 12:13:19 jammy-provider-cloud-0000007563 devstack@g-api.service[104529]: thunder lock: enabled
Sep 02 12:13:19 jammy-provider-cloud-0000007563 devstack@g-api.service[104529]: uwsgi socket 0 bound to TCP address 127.0.0.1:60999 fd 4
Sep 02 12:13:19 jammy-provider-cloud-0000007563 devstack@g-api.service[104529]: Python version: 3.10.12 (main, Jul 29 2024, 16:56:48) [GCC 11.4.0]
Sep 02 12:13:19 jammy-provider-cloud-0000007563 devstack@g-api.service[104529]: PEP 405 virtualenv detected: /opt/stack/data/venv
Sep 02 12:13:19 jammy-provider-cloud-0000007563 devstack@g-api.service[104529]: Set PythonHome to /opt/stack/data/venv
Sep 02 12:13:19 jammy-provider-cloud-0000007563 devstack@g-api.service[104529]: Python main interpreter initialized at 0x55ec16a0ae00
Sep 02 12:13:19 jammy-provider-cloud-0000007563 devstack@g-api.service[104529]: python threads support enabled
Sep 02 12:13:19 jammy-provider-cloud-0000007563 devstack@g-api.service[104529]: your server socket listen backlog is limited to 100 connections
Sep 02 12:13:19 jammy-provider-cloud-0000007563 devstack@g-api.service[104529]: your mercy for graceful operations on workers is 80 seconds
Sep 02 12:13:19 jammy-provider-cloud-0000007563 devstack@g-api.service[104529]: mapped 403077 bytes (393 KB) for 2 cores
Sep 02 12:13:19 jammy-provider-cloud-0000007563 devstack@g-api.service[104529]: *** Operational MODE: preforking ***
Sep 02 12:13:19 jammy-provider-cloud-0000007563 devstack@g-api.service[104529]: *** uWSGI is running in multiple interpreter mode ***
Sep 02 12:13:19 jammy-provider-cloud-0000007563 devstack@g-api.service[104529]: spawned uWSGI master process (pid: 104529)
Sep 02 12:13:19 jammy-provider-cloud-0000007563 devstack@g-api.service[104529]: spawned uWSGI worker 1 (pid: 104530, cores: 1)
Sep 02 12:13:19 jammy-provider-cloud-0000007563 devstack@g-api.service[104529]: spawned uWSGI worker 2 (pid: 104531, cores: 1)
Sep 02 12:13:19 jammy-provider-cloud-0000007563 devstack@g-api.service[104529]: running "unix_signal:15 gracefully_kill_them_all" (master-start)...
Sep 02 12:13:19 jammy-provider-cloud-0000007563 systemd[1]: Started Devstack devstack@g-api.service.
Sep 02 12:13:20 jammy-provider-cloud-0000007563 devstack@g-api.service[104530]: INFO glance.async_ [-] Threadpool model set to 'NativeThreadPoolModel'
Sep 02 12:13:20 jammy-provider-cloud-0000007563 devstack@g-api.service[104531]: INFO glance.async_ [-] Threadpool model set to 'NativeThreadPoolModel'
Sep 02 12:13:20 jammy-provider-cloud-0000007563 devstack@g-api.service[104530]: DEBUG oslo_concurrency.processutils [-] Running cmd (subprocess): grep -F node.session.scan /sbin/iscsiadm {{(pid=104530) execute /opt/stack/data/venv/lib/python3.10/site-packages/oslo_concurrency/processutils.py:390}}
Sep 02 12:13:20 jammy-provider-cloud-0000007563 devstack@g-api.service[104531]: DEBUG oslo_concurrency.processutils [-] Running cmd (subprocess): grep -F node.session.scan /sbin/iscsiadm {{(pid=104531) execute /opt/stack/data/venv/lib/python3.10/site-packages/oslo_concurrency/processutils.py:390}}
Sep 02 12:13:20 jammy-provider-cloud-0000007563 devstack@g-api.service[104530]: DEBUG oslo_concurrency.processutils [-] CMD "grep -F node.session.scan /sbin/iscsiadm" returned: 0 in 0.008s {{(pid=104530) execute /opt/stack/data/venv/lib/python3.10/site-packages/oslo_concurrency/processutils.py:428}}
Sep 02 12:13:20 jammy-provider-cloud-0000007563 devstack@g-api.service[104531]: DEBUG oslo_concurrency.processutils [-] CMD "grep -F node.session.scan /sbin/iscsiadm" returned: 0 in 0.007s {{(pid=104531) execute /opt/stack/data/venv/lib/python3.10/site-packages/oslo_concurrency/processutils.py:428}}
Sep 02 12:13:20 jammy-provider-cloud-0000007563 devstack@g-api.service[104530]: DEBUG glance_store.common.attachment_state_manager [-] Initialising _AttachmentStateManager {{(pid=104530) __init__ /opt/stack/data/venv/lib/python3.10/site-packages/glance_store/common/attachment_state_manager.py:86}}
Sep 02 12:13:20 jammy-provider-cloud-0000007563 devstack@g-api.service[104531]: DEBUG glance_store.common.attachment_state_manager [-] Initialising _AttachmentStateManager {{(pid=104531) __init__ /opt/stack/data/venv/lib/python3.10/site-packages/glance_store/common/attachment_state_manager.py:86}}
Sep 02 12:13:20 jammy-provider-cloud-0000007563 devstack@g-api.service[104530]: DEBUG glance_store.backend [-] Attempting to import store cinder {{(pid=104530) _load_store /opt/stack/data/venv/lib/python3.10/site-packages/glance_store/backend.py:216}}
Sep 02 12:13:20 jammy-provider-cloud-0000007563 devstack@g-api.service[104530]: DEBUG glance_store.backend [-] Attempting to import store file {{(pid=104530) _load_store /opt/stack/data/venv/lib/python3.10/site-packages/glance_store/backend.py:216}}
Sep 02 12:13:20 jammy-provider-cloud-0000007563 devstack@g-api.service[104530]: DEBUG glance_store.backend [-] Attempting to import store glance.store.cinder.Store {{(pid=104530) _load_store /opt/stack/data/venv/lib/python3.10/site-packages/glance_store/backend.py:216}}
Sep 02 12:13:20 jammy-provider-cloud-0000007563 devstack@g-api.service[104530]: DEBUG glance_store.backend [-] Attempting to import store glance.store.filesystem.Store {{(pid=104530) _load_store /opt/stack/data/venv/lib/python3.10/site-packages/glance_store/backend.py:216}}
Sep 02 12:13:20 jammy-provider-cloud-0000007563 devstack@g-api.service[104530]: DEBUG glance_store.backend [-] Attempting to import store glance.store.http.Store {{(pid=104530) _load_store /opt/stack/data/venv/lib/python3.10/site-packages/glance_store/backend.py:216}}
Sep 02 12:13:20 jammy-provider-cloud-0000007563 devstack@g-api.service[104530]: DEBUG glance_store.backend [-] Attempting to import store glance.store.rbd.Store {{(pid=104530) _load_store /opt/stack/data/venv/lib/python3.10/site-packages/glance_store/backend.py:216}}
Sep 02 12:13:20 jammy-provider-cloud-0000007563 devstack@g-api.service[104530]: DEBUG glance_store.backend [-] Attempting to import store glance.store.s3.Store {{(pid=104530) _load_store /opt/stack/data/venv/lib/python3.10/site-packages/glance_store/backend.py:216}}
Sep 02 12:13:20 jammy-provider-cloud-0000007563 devstack@g-api.service[104530]: DEBUG glance_store.backend [-] Attempting to import store glance.store.swift.Store {{(pid=104530) _load_store /opt/stack/data/venv/lib/python3.10/site-packages/glance_store/backend.py:216}}
Sep 02 12:13:20 jammy-provider-cloud-0000007563 devstack@g-api.service[104530]: DEBUG glance_store.backend [-] Attempting to import store glance.store.vmware_datastore.Store {{(pid=104530) _load_store /opt/stack/data/venv/lib/python3.10/site-packages/glance_store/backend.py:216}}
Sep 02 12:13:20 jammy-provider-cloud-0000007563 devstack@g-api.service[104530]: DEBUG glance_store.backend [-] Attempting to import store http {{(pid=104530) _load_store /opt/stack/data/venv/lib/python3.10/site-packages/glance_store/backend.py:216}}
Sep 02 12:13:20 jammy-provider-cloud-0000007563 devstack@g-api.service[104530]: DEBUG glance_store.backend [-] Attempting to import store no_conf {{(pid=104530) _load_store /opt/stack/data/venv/lib/python3.10/site-packages/glance_store/backend.py:216}}
Sep 02 12:13:20 jammy-provider-cloud-0000007563 devstack@g-api.service[104530]: DEBUG glance_store.backend [-] Attempting to import store rbd {{(pid=104530) _load_store /opt/stack/data/venv/lib/python3.10/site-packages/glance_store/backend.py:216}}
Sep 02 12:13:20 jammy-provider-cloud-0000007563 devstack@g-api.service[104530]: DEBUG glance_store.backend [-] Attempting to import store s3 {{(pid=104530) _load_store /opt/stack/data/venv/lib/python3.10/site-packages/glance_store/backend.py:216}}
Sep 02 12:13:20 jammy-provider-cloud-0000007563 devstack@g-api.service[104530]: DEBUG glance_store.backend [-] Attempting to import store swift {{(pid=104530) _load_store /opt/stack/data/venv/lib/python3.10/site-packages/glance_store/backend.py:216}}
Sep 02 12:13:20 jammy-provider-cloud-0000007563 devstack@g-api.service[104530]: DEBUG glance_store.backend [-] Attempting to import store vmware {{(pid=104530) _load_store /opt/stack/data/venv/lib/python3.10/site-packages/glance_store/backend.py:216}}
Sep 02 12:13:20 jammy-provider-cloud-0000007563 devstack@g-api.service[104530]: DEBUG glance_store.backend [-] Registering options for group glance_store {{(pid=104530) register_opts /opt/stack/data/venv/lib/python3.10/site-packages/glance_store/backend.py:145}}
Sep 02 12:13:20 jammy-provider-cloud-0000007563 devstack@g-api.service[104530]: DEBUG glance_store.backend [-] Registering options for group glance_store {{(pid=104530) register_opts /opt/stack/data/venv/lib/python3.10/site-packages/glance_store/backend.py:145}}
Sep 02 12:13:20 jammy-provider-cloud-0000007563 devstack@g-api.service[104530]: DEBUG glance_store.backend [-] Attempting to import store http {{(pid=104530) _load_store /opt/stack/data/venv/lib/python3.10/site-packages/glance_store/backend.py:216}}
Sep 02 12:13:20 jammy-provider-cloud-0000007563 devstack@g-api.service[104530]: DEBUG glance_store.capabilities [-] Store glance_store._drivers.http.Store doesn't support updating dynamic storage capabilities. Please overwrite 'update_capabilities' method of the store to implement updating logics if needed. {{(pid=104530) update_capabilities /opt/stack/data/venv/lib/python3.10/site-packages/glance_store/capabilities.py:91}}
Sep 02 12:13:20 jammy-provider-cloud-0000007563 devstack@g-api.service[104530]: DEBUG glance_store.backend [-] Registering store http with schemes ('http', 'https') {{(pid=104530) create_stores /opt/stack/data/venv/lib/python3.10/site-packages/glance_store/backend.py:262}}
Sep 02 12:13:20 jammy-provider-cloud-0000007563 devstack@g-api.service[104530]: DEBUG glance_store.driver [-] Late loading location class glance_store._drivers.http.StoreLocation {{(pid=104530) get_store_location_class /opt/stack/data/venv/lib/python3.10/site-packages/glance_store/driver.py:133}}
Sep 02 12:13:20 jammy-provider-cloud-0000007563 devstack@g-api.service[104530]: DEBUG glance_store.location [-] Registering scheme http with {'store': <glance_store._drivers.http.Store object at 0x7f50e71bcc70>, 'location_class': <class 'glance_store._drivers.http.StoreLocation'>, 'store_entry': 'http'} {{(pid=104530) register_scheme_map /opt/stack/data/venv/lib/python3.10/site-packages/glance_store/location.py:146}}
Sep 02 12:13:20 jammy-provider-cloud-0000007563 devstack@g-api.service[104530]: DEBUG glance_store.location [-] Registering scheme https with {'store': <glance_store._drivers.http.Store object at 0x7f50e71bcc70>, 'location_class': <class 'glance_store._drivers.http.StoreLocation'>, 'store_entry': 'http'} {{(pid=104530) register_scheme_map /opt/stack/data/venv/lib/python3.10/site-packages/glance_store/location.py:146}}
Sep 02 12:13:20 jammy-provider-cloud-0000007563 devstack@g-api.service[104530]: DEBUG glance_store.backend [-] Attempting to import store file {{(pid=104530) _load_store /opt/stack/data/venv/lib/python3.10/site-packages/glance_store/backend.py:216}}
Sep 02 12:13:20 jammy-provider-cloud-0000007563 devstack@g-api.service[104531]: DEBUG glance_store.backend [-] Attempting to import store cinder {{(pid=104531) _load_store /opt/stack/data/venv/lib/python3.10/site-packages/glance_store/backend.py:216}}
Sep 02 12:13:20 jammy-provider-cloud-0000007563 devstack@g-api.service[104530]: DEBUG glance_store.capabilities [-] Store glance_store._drivers.filesystem.Store doesn't support updating dynamic storage capabilities. Please overwrite 'update_capabilities' method of the store to implement updating logics if needed. {{(pid=104530) update_capabilities /opt/stack/data/venv/lib/python3.10/site-packages/glance_store/capabilities.py:91}}
Sep 02 12:13:20 jammy-provider-cloud-0000007563 devstack@g-api.service[104530]: DEBUG glance_store.backend [-] Registering store file with schemes ('file', 'filesystem') {{(pid=104530) create_stores /opt/stack/data/venv/lib/python3.10/site-packages/glance_store/backend.py:262}}
Sep 02 12:13:20 jammy-provider-cloud-0000007563 devstack@g-api.service[104530]: DEBUG glance_store.driver [-] Late loading location class glance_store._drivers.filesystem.StoreLocation {{(pid=104530) get_store_location_class /opt/stack/data/venv/lib/python3.10/site-packages/glance_store/driver.py:133}}
Sep 02 12:13:20 jammy-provider-cloud-0000007563 devstack@g-api.service[104531]: DEBUG glance_store.backend [-] Attempting to import store file {{(pid=104531) _load_store /opt/stack/data/venv/lib/python3.10/site-packages/glance_store/backend.py:216}}
Sep 02 12:13:20 jammy-provider-cloud-0000007563 devstack@g-api.service[104530]: DEBUG glance_store.location [-] Registering scheme file with {'store': <glance_store._drivers.filesystem.Store object at 0x7f50e71be1d0>, 'location_class': <class 'glance_store._drivers.filesystem.StoreLocation'>, 'store_entry': 'file'} {{(pid=104530) register_scheme_map /opt/stack/data/venv/lib/python3.10/site-packages/glance_store/location.py:146}}
Sep 02 12:13:20 jammy-provider-cloud-0000007563 devstack@g-api.service[104531]: DEBUG glance_store.backend [-] Attempting to import store glance.store.cinder.Store {{(pid=104531) _load_store /opt/stack/data/venv/lib/python3.10/site-packages/glance_store/backend.py:216}}
Sep 02 12:13:20 jammy-provider-cloud-0000007563 devstack@g-api.service[104530]: DEBUG glance_store.location [-] Registering scheme filesystem with {'store': <glance_store._drivers.filesystem.Store object at 0x7f50e71be1d0>, 'location_class': <class 'glance_store._drivers.filesystem.StoreLocation'>, 'store_entry': 'file'} {{(pid=104530) register_scheme_map /opt/stack/data/venv/lib/python3.10/site-packages/glance_store/location.py:146}}
Sep 02 12:13:20 jammy-provider-cloud-0000007563 devstack@g-api.service[104531]: DEBUG glance_store.backend [-] Attempting to import store glance.store.filesystem.Store {{(pid=104531) _load_store /opt/stack/data/venv/lib/python3.10/site-packages/glance_store/backend.py:216}}
Sep 02 12:13:20 jammy-provider-cloud-0000007563 devstack@g-api.service[104531]: DEBUG glance_store.backend [-] Attempting to import store glance.store.http.Store {{(pid=104531) _load_store /opt/stack/data/venv/lib/python3.10/site-packages/glance_store/backend.py:216}}
Sep 02 12:13:20 jammy-provider-cloud-0000007563 devstack@g-api.service[104531]: DEBUG glance_store.backend [-] Attempting to import store glance.store.rbd.Store {{(pid=104531) _load_store /opt/stack/data/venv/lib/python3.10/site-packages/glance_store/backend.py:216}}
Sep 02 12:13:20 jammy-provider-cloud-0000007563 devstack@g-api.service[104530]: DEBUG glance.sqlite_migration [-] SQLite caching database not located, skipping migration {{(pid=104530) get_db_path /opt/stack/glance/glance/sqlite_migration.py:68}}
Sep 02 12:13:20 jammy-provider-cloud-0000007563 devstack@g-api.service[104531]: DEBUG glance_store.backend [-] Attempting to import store glance.store.s3.Store {{(pid=104531) _load_store /opt/stack/data/venv/lib/python3.10/site-packages/glance_store/backend.py:216}}
Sep 02 12:13:20 jammy-provider-cloud-0000007563 devstack@g-api.service[104531]: DEBUG glance_store.backend [-] Attempting to import store glance.store.swift.Store {{(pid=104531) _load_store /opt/stack/data/venv/lib/python3.10/site-packages/glance_store/backend.py:216}}
Sep 02 12:13:20 jammy-provider-cloud-0000007563 devstack@g-api.service[104530]: WARNING glance.common.wsgi_app [-] Import methods are enabled but staging directory /tmp/staging/ does not exist; Imports will fail!
Sep 02 12:13:20 jammy-provider-cloud-0000007563 devstack@g-api.service[104531]: DEBUG glance_store.backend [-] Attempting to import store glance.store.vmware_datastore.Store {{(pid=104531) _load_store /opt/stack/data/venv/lib/python3.10/site-packages/glance_store/backend.py:216}}
Sep 02 12:13:20 jammy-provider-cloud-0000007563 devstack@g-api.service[104531]: DEBUG glance_store.backend [-] Attempting to import store http {{(pid=104531) _load_store /opt/stack/data/venv/lib/python3.10/site-packages/glance_store/backend.py:216}}
Sep 02 12:13:20 jammy-provider-cloud-0000007563 devstack@g-api.service[104531]: DEBUG glance_store.backend [-] Attempting to import store no_conf {{(pid=104531) _load_store /opt/stack/data/venv/lib/python3.10/site-packages/glance_store/backend.py:216}}
Sep 02 12:13:20 jammy-provider-cloud-0000007563 devstack@g-api.service[104531]: DEBUG glance_store.backend [-] Attempting to import store rbd {{(pid=104531) _load_store /opt/stack/data/venv/lib/python3.10/site-packages/glance_store/backend.py:216}}
Sep 02 12:13:20 jammy-provider-cloud-0000007563 devstack@g-api.service[104531]: DEBUG glance_store.backend [-] Attempting to import store s3 {{(pid=104531) _load_store /opt/stack/data/venv/lib/python3.10/site-packages/glance_store/backend.py:216}}
Sep 02 12:13:20 jammy-provider-cloud-0000007563 devstack@g-api.service[104531]: DEBUG glance_store.backend [-] Attempting to import store swift {{(pid=104531) _load_store /opt/stack/data/venv/lib/python3.10/site-packages/glance_store/backend.py:216}}
Sep 02 12:13:20 jammy-provider-cloud-0000007563 devstack@g-api.service[104531]: DEBUG glance_store.backend [-] Attempting to import store vmware {{(pid=104531) _load_store /opt/stack/data/venv/lib/python3.10/site-packages/glance_store/backend.py:216}}
Sep 02 12:13:20 jammy-provider-cloud-0000007563 devstack@g-api.service[104531]: DEBUG glance_store.backend [-] Registering options for group glance_store {{(pid=104531) register_opts /opt/stack/data/venv/lib/python3.10/site-packages/glance_store/backend.py:145}}
Sep 02 12:13:20 jammy-provider-cloud-0000007563 devstack@g-api.service[104531]: DEBUG glance_store.backend [-] Registering options for group glance_store {{(pid=104531) register_opts /opt/stack/data/venv/lib/python3.10/site-packages/glance_store/backend.py:145}}
Sep 02 12:13:20 jammy-provider-cloud-0000007563 devstack@g-api.service[104531]: DEBUG glance_store.backend [-] Attempting to import store http {{(pid=104531) _load_store /opt/stack/data/venv/lib/python3.10/site-packages/glance_store/backend.py:216}}
Sep 02 12:13:20 jammy-provider-cloud-0000007563 devstack@g-api.service[104531]: DEBUG glance_store.capabilities [-] Store glance_store._drivers.http.Store doesn't support updating dynamic storage capabilities. Please overwrite 'update_capabilities' method of the store to implement updating logics if needed. {{(pid=104531) update_capabilities /opt/stack/data/venv/lib/python3.10/site-packages/glance_store/capabilities.py:91}}
Sep 02 12:13:20 jammy-provider-cloud-0000007563 devstack@g-api.service[104531]: DEBUG glance_store.backend [-] Registering store http with schemes ('http', 'https') {{(pid=104531) create_stores /opt/stack/data/venv/lib/python3.10/site-packages/glance_store/backend.py:262}}
Sep 02 12:13:20 jammy-provider-cloud-0000007563 devstack@g-api.service[104531]: DEBUG glance_store.driver [-] Late loading location class glance_store._drivers.http.StoreLocation {{(pid=104531) get_store_location_class /opt/stack/data/venv/lib/python3.10/site-packages/glance_store/driver.py:133}}
Sep 02 12:13:20 jammy-provider-cloud-0000007563 devstack@g-api.service[104531]: DEBUG glance_store.location [-] Registering scheme http with {'store': <glance_store._drivers.http.Store object at 0x7f50e71bcc70>, 'location_class': <class 'glance_store._drivers.http.StoreLocation'>, 'store_entry': 'http'} {{(pid=104531) register_scheme_map /opt/stack/data/venv/lib/python3.10/site-packages/glance_store/location.py:146}}
Sep 02 12:13:20 jammy-provider-cloud-0000007563 devstack@g-api.service[104531]: DEBUG glance_store.location [-] Registering scheme https with {'store': <glance_store._drivers.http.Store object at 0x7f50e71bcc70>, 'location_class': <class 'glance_store._drivers.http.StoreLocation'>, 'store_entry': 'http'} {{(pid=104531) register_scheme_map /opt/stack/data/venv/lib/python3.10/site-packages/glance_store/location.py:146}}
Sep 02 12:13:20 jammy-provider-cloud-0000007563 devstack@g-api.service[104531]: DEBUG glance_store.backend [-] Attempting to import store file {{(pid=104531) _load_store /opt/stack/data/venv/lib/python3.10/site-packages/glance_store/backend.py:216}}
Sep 02 12:13:20 jammy-provider-cloud-0000007563 devstack@g-api.service[104531]: DEBUG glance_store.capabilities [-] Store glance_store._drivers.filesystem.Store doesn't support updating dynamic storage capabilities. Please overwrite 'update_capabilities' method of the store to implement updating logics if needed. {{(pid=104531) update_capabilities /opt/stack/data/venv/lib/python3.10/site-packages/glance_store/capabilities.py:91}}
Sep 02 12:13:20 jammy-provider-cloud-0000007563 devstack@g-api.service[104531]: DEBUG glance_store.backend [-] Registering store file with schemes ('file', 'filesystem') {{(pid=104531) create_stores /opt/stack/data/venv/lib/python3.10/site-packages/glance_store/backend.py:262}}
Sep 02 12:13:20 jammy-provider-cloud-0000007563 devstack@g-api.service[104531]: DEBUG glance_store.driver [-] Late loading location class glance_store._drivers.filesystem.StoreLocation {{(pid=104531) get_store_location_class /opt/stack/data/venv/lib/python3.10/site-packages/glance_store/driver.py:133}}
Sep 02 12:13:20 jammy-provider-cloud-0000007563 devstack@g-api.service[104531]: DEBUG glance_store.location [-] Registering scheme file with {'store': <glance_store._drivers.filesystem.Store object at 0x7f50e71be1d0>, 'location_class': <class 'glance_store._drivers.filesystem.StoreLocation'>, 'store_entry': 'file'} {{(pid=104531) register_scheme_map /opt/stack/data/venv/lib/python3.10/site-packages/glance_store/location.py:146}}
Sep 02 12:13:20 jammy-provider-cloud-0000007563 devstack@g-api.service[104531]: DEBUG glance_store.location [-] Registering scheme filesystem with {'store': <glance_store._drivers.filesystem.Store object at 0x7f50e71be1d0>, 'location_class': <class 'glance_store._drivers.filesystem.StoreLocation'>, 'store_entry': 'file'} {{(pid=104531) register_scheme_map /opt/stack/data/venv/lib/python3.10/site-packages/glance_store/location.py:146}}
Sep 02 12:13:20 jammy-provider-cloud-0000007563 devstack@g-api.service[104531]: DEBUG glance.sqlite_migration [-] SQLite caching database not located, skipping migration {{(pid=104531) get_db_path /opt/stack/glance/glance/sqlite_migration.py:68}}
Sep 02 12:13:20 jammy-provider-cloud-0000007563 devstack@g-api.service[104531]: WARNING glance.common.wsgi_app [-] Import methods are enabled but staging directory /tmp/staging/ does not exist; Imports will fail!
Sep 02 12:13:21 jammy-provider-cloud-0000007563 devstack@g-api.service[104530]: DEBUG glance.common.config [None req-87a988df-edfb-4fc5-8196-2253967ab870 None None] Loading glance-api-keystone+cachemanagement from /etc/glance/glance-api-paste.ini {{(pid=104530) load_paste_app /opt/stack/glance/glance/common/config.py:726}}
Sep 02 12:13:21 jammy-provider-cloud-0000007563 devstack@g-api.service[104531]: DEBUG glance.common.config [None req-22567876-9824-410e-88d2-1272fd6846bd None None] Loading glance-api-keystone+cachemanagement from /etc/glance/glance-api-paste.ini {{(pid=104531) load_paste_app /opt/stack/glance/glance/common/config.py:726}}
Sep 02 12:13:21 jammy-provider-cloud-0000007563 devstack@g-api.service[104531]: INFO glance.image_cache [None req-22567876-9824-410e-88d2-1272fd6846bd None None] Image cache loaded driver 'centralized_db'.
Sep 02 12:13:21 jammy-provider-cloud-0000007563 devstack@g-api.service[104530]: INFO glance.image_cache [None req-87a988df-edfb-4fc5-8196-2253967ab870 None None] Image cache loaded driver 'centralized_db'.
Sep 02 12:13:21 jammy-provider-cloud-0000007563 devstack@g-api.service[104531]: INFO dbcounter [None req-22567876-9824-410e-88d2-1272fd6846bd None None] Registered counter for database glance
Sep 02 12:13:21 jammy-provider-cloud-0000007563 devstack@g-api.service[104530]: INFO dbcounter [None req-87a988df-edfb-4fc5-8196-2253967ab870 None None] Registered counter for database glance
Sep 02 12:13:21 jammy-provider-cloud-0000007563 devstack@g-api.service[104531]: DEBUG oslo_db.sqlalchemy.engines [None req-22567876-9824-410e-88d2-1272fd6846bd None None] MySQL server mode set to STRICT_TRANS_TABLES,STRICT_ALL_TABLES,NO_ZERO_IN_DATE,NO_ZERO_DATE,ERROR_FOR_DIVISION_BY_ZERO,TRADITIONAL,NO_ENGINE_SUBSTITUTION {{(pid=104531) _check_effective_sql_mode /opt/stack/data/venv/lib/python3.10/site-packages/oslo_db/sqlalchemy/engines.py:342}}
Sep 02 12:13:21 jammy-provider-cloud-0000007563 devstack@g-api.service[104530]: DEBUG oslo_db.sqlalchemy.engines [None req-87a988df-edfb-4fc5-8196-2253967ab870 None None] MySQL server mode set to STRICT_TRANS_TABLES,STRICT_ALL_TABLES,NO_ZERO_IN_DATE,NO_ZERO_DATE,ERROR_FOR_DIVISION_BY_ZERO,TRADITIONAL,NO_ENGINE_SUBSTITUTION {{(pid=104530) _check_effective_sql_mode /opt/stack/data/venv/lib/python3.10/site-packages/oslo_db/sqlalchemy/engines.py:342}}
Sep 02 12:13:21 jammy-provider-cloud-0000007563 devstack@g-api.service[104531]: DEBUG dbcounter [-] [104531] Writer thread running {{(pid=104531) stat_writer /opt/stack/data/venv/lib/python3.10/site-packages/dbcounter.py:102}}
Sep 02 12:13:21 jammy-provider-cloud-0000007563 devstack@g-api.service[104530]: DEBUG dbcounter [-] [104530] Writer thread running {{(pid=104530) stat_writer /opt/stack/data/venv/lib/python3.10/site-packages/dbcounter.py:102}}
Sep 02 12:13:21 jammy-provider-cloud-0000007563 devstack@g-api.service[104530]: DEBUG glance.image_cache.drivers.centralized_db [None req-87a988df-edfb-4fc5-8196-2253967ab870 None None] Node reference is already recorded, ignoring it {{(pid=104530) configure /opt/stack/glance/glance/image_cache/drivers/centralized_db.py:71}}
Sep 02 12:13:21 jammy-provider-cloud-0000007563 devstack@g-api.service[104531]: INFO glance.image_cache [None req-22567876-9824-410e-88d2-1272fd6846bd None None] Image cache loaded driver 'centralized_db'.
Sep 02 12:13:21 jammy-provider-cloud-0000007563 devstack@g-api.service[104530]: INFO glance.image_cache [None req-87a988df-edfb-4fc5-8196-2253967ab870 None None] Image cache loaded driver 'centralized_db'.
Sep 02 12:13:21 jammy-provider-cloud-0000007563 devstack@g-api.service[104531]: DEBUG glance.image_cache.drivers.centralized_db [None req-22567876-9824-410e-88d2-1272fd6846bd None None] Node reference is already recorded, ignoring it {{(pid=104531) configure /opt/stack/glance/glance/image_cache/drivers/centralized_db.py:71}}
Sep 02 12:13:21 jammy-provider-cloud-0000007563 devstack@g-api.service[104530]: DEBUG glance.image_cache.drivers.centralized_db [None req-87a988df-edfb-4fc5-8196-2253967ab870 None None] Node reference is already recorded, ignoring it {{(pid=104530) configure /opt/stack/glance/glance/image_cache/drivers/centralized_db.py:71}}
Sep 02 12:13:21 jammy-provider-cloud-0000007563 devstack@g-api.service[104531]: DEBUG glance.api.v2.cached_images [None req-22567876-9824-410e-88d2-1272fd6846bd None None] Started cache worker thread {{(pid=104531) __init__ /opt/stack/glance/glance/api/v2/cached_images.py:69}}
Sep 02 12:13:21 jammy-provider-cloud-0000007563 devstack@g-api.service[104531]: INFO glance.image_cache [None req-22567876-9824-410e-88d2-1272fd6846bd None None] Image cache loaded driver 'centralized_db'.
Sep 02 12:13:21 jammy-provider-cloud-0000007563 devstack@g-api.service[104530]: DEBUG glance.api.v2.cached_images [None req-87a988df-edfb-4fc5-8196-2253967ab870 None None] Started cache worker thread {{(pid=104530) __init__ /opt/stack/glance/glance/api/v2/cached_images.py:69}}
Sep 02 12:13:21 jammy-provider-cloud-0000007563 devstack@g-api.service[104530]: INFO glance.image_cache [None req-87a988df-edfb-4fc5-8196-2253967ab870 None None] Image cache loaded driver 'centralized_db'.
Sep 02 12:13:21 jammy-provider-cloud-0000007563 devstack@g-api.service[104531]: DEBUG glance.image_cache.drivers.centralized_db [None req-22567876-9824-410e-88d2-1272fd6846bd None None] Node reference is already recorded, ignoring it {{(pid=104531) configure /opt/stack/glance/glance/image_cache/drivers/centralized_db.py:71}}
Sep 02 12:13:21 jammy-provider-cloud-0000007563 devstack@g-api.service[104530]: DEBUG glance.image_cache.drivers.centralized_db [None req-87a988df-edfb-4fc5-8196-2253967ab870 None None] Node reference is already recorded, ignoring it {{(pid=104530) configure /opt/stack/glance/glance/image_cache/drivers/centralized_db.py:71}}
Sep 02 12:13:21 jammy-provider-cloud-0000007563 devstack@g-api.service[104531]: INFO glance.api.middleware.cache_manage [None req-22567876-9824-410e-88d2-1272fd6846bd None None] Initialized image cache management middleware
Sep 02 12:13:21 jammy-provider-cloud-0000007563 devstack@g-api.service[104531]: INFO glance.image_cache [None req-22567876-9824-410e-88d2-1272fd6846bd None None] Image cache loaded driver 'centralized_db'.
Sep 02 12:13:21 jammy-provider-cloud-0000007563 devstack@g-api.service[104530]: INFO glance.api.middleware.cache_manage [None req-87a988df-edfb-4fc5-8196-2253967ab870 None None] Initialized image cache management middleware
Sep 02 12:13:21 jammy-provider-cloud-0000007563 devstack@g-api.service[104530]: INFO glance.image_cache [None req-87a988df-edfb-4fc5-8196-2253967ab870 None None] Image cache loaded driver 'centralized_db'.
Sep 02 12:13:21 jammy-provider-cloud-0000007563 devstack@g-api.service[104531]: DEBUG glance.image_cache.drivers.centralized_db [None req-22567876-9824-410e-88d2-1272fd6846bd None None] Node reference is already recorded, ignoring it {{(pid=104531) configure /opt/stack/glance/glance/image_cache/drivers/centralized_db.py:71}}
Sep 02 12:13:21 jammy-provider-cloud-0000007563 devstack@g-api.service[104530]: DEBUG glance.image_cache.drivers.centralized_db [None req-87a988df-edfb-4fc5-8196-2253967ab870 None None] Node reference is already recorded, ignoring it {{(pid=104530) configure /opt/stack/glance/glance/image_cache/drivers/centralized_db.py:71}}
Sep 02 12:13:21 jammy-provider-cloud-0000007563 devstack@g-api.service[104531]: INFO glance.api.middleware.cache [None req-22567876-9824-410e-88d2-1272fd6846bd None None] Initialized image cache middleware
Sep 02 12:13:21 jammy-provider-cloud-0000007563 devstack@g-api.service[104530]: INFO glance.api.middleware.cache [None req-87a988df-edfb-4fc5-8196-2253967ab870 None None] Initialized image cache middleware
Sep 02 12:13:21 jammy-provider-cloud-0000007563 devstack@g-api.service[104531]: WARNING keystonemiddleware.auth_token [None req-22567876-9824-410e-88d2-1272fd6846bd None None] AuthToken middleware is set with keystone_authtoken.service_token_roles_required set to False. This is backwards compatible but deprecated behaviour. Please set this to True.
Sep 02 12:13:21 jammy-provider-cloud-0000007563 devstack@g-api.service[104530]: WARNING keystonemiddleware.auth_token [None req-87a988df-edfb-4fc5-8196-2253967ab870 None None] AuthToken middleware is set with keystone_authtoken.service_token_roles_required set to False. This is backwards compatible but deprecated behaviour. Please set this to True.
Sep 02 12:13:21 jammy-provider-cloud-0000007563 devstack@g-api.service[104531]: WARNING keystonemiddleware.auth_token [None req-22567876-9824-410e-88d2-1272fd6846bd None None] Configuring www_authenticate_uri to point to the public identity endpoint is required; clients may not be able to authenticate against an admin endpoint
Sep 02 12:13:21 jammy-provider-cloud-0000007563 devstack@g-api.service[104531]: DEBUG glance.common.config [None req-22567876-9824-410e-88d2-1272fd6846bd None None] ******************************************************************************** {{(pid=104531) log_opt_values /opt/stack/data/venv/lib/python3.10/site-packages/oslo_config/cfg.py:2806}}
Sep 02 12:13:21 jammy-provider-cloud-0000007563 devstack@g-api.service[104531]: DEBUG glance.common.config [None req-22567876-9824-410e-88d2-1272fd6846bd None None] Configuration options gathered from: {{(pid=104531) log_opt_values /opt/stack/data/venv/lib/python3.10/site-packages/oslo_config/cfg.py:2807}}
Sep 02 12:13:21 jammy-provider-cloud-0000007563 devstack@g-api.service[104530]: WARNING keystonemiddleware.auth_token [None req-87a988df-edfb-4fc5-8196-2253967ab870 None None] Configuring www_authenticate_uri to point to the public identity endpoint is required; clients may not be able to authenticate against an admin endpoint
Sep 02 12:13:21 jammy-provider-cloud-0000007563 devstack@g-api.service[104531]: DEBUG glance.common.config [None req-22567876-9824-410e-88d2-1272fd6846bd None None] command line args: [] {{(pid=104531) log_opt_values /opt/stack/data/venv/lib/python3.10/site-packages/oslo_config/cfg.py:2808}}
Sep 02 12:13:21 jammy-provider-cloud-0000007563 devstack@g-api.service[104531]: DEBUG glance.common.config [None req-22567876-9824-410e-88d2-1272fd6846bd None None] config files: ['/etc/glance/glance-image-import.conf', '/etc/glance/glance-api.conf'] {{(pid=104531) log_opt_values /opt/stack/data/venv/lib/python3.10/site-packages/oslo_config/cfg.py:2809}}
Sep 02 12:13:21 jammy-provider-cloud-0000007563 devstack@g-api.service[104531]: DEBUG glance.common.config [None req-22567876-9824-410e-88d2-1272fd6846bd None None] ================================================================================ {{(pid=104531) log_opt_values /opt/stack/data/venv/lib/python3.10/site-packages/oslo_config/cfg.py:2811}}
Sep 02 12:13:21 jammy-provider-cloud-0000007563 devstack@g-api.service[104531]: DEBUG glance.common.config [None req-22567876-9824-410e-88d2-1272fd6846bd None None] allow_anonymous_access         = False {{(pid=104531) log_opt_values /opt/stack/data/venv/lib/python3.10/site-packages/oslo_config/cfg.py:2819}}
Sep 02 12:13:21 jammy-provider-cloud-0000007563 devstack@g-api.service[104531]: DEBUG glance.common.config [None req-22567876-9824-410e-88d2-1272fd6846bd None None] api_limit_max                  = 1000 {{(pid=104531) log_opt_values /opt/stack/data/venv/lib/python3.10/site-packages/oslo_config/cfg.py:2819}}
Sep 02 12:13:21 jammy-provider-cloud-0000007563 devstack@g-api.service[104531]: DEBUG glance.common.config [None req-22567876-9824-410e-88d2-1272fd6846bd None None] backlog                        = 4096 {{(pid=104531) log_opt_values /opt/stack/data/venv/lib/python3.10/site-packages/oslo_config/cfg.py:2819}}
Sep 02 12:13:21 jammy-provider-cloud-0000007563 devstack@g-api.service[104531]: DEBUG glance.common.config [None req-22567876-9824-410e-88d2-1272fd6846bd None None] bind_host                      = 0.0.0.0 {{(pid=104531) log_opt_values /opt/stack/data/venv/lib/python3.10/site-packages/oslo_config/cfg.py:2819}}
Sep 02 12:13:21 jammy-provider-cloud-0000007563 devstack@g-api.service[104531]: DEBUG glance.common.config [None req-22567876-9824-410e-88d2-1272fd6846bd None None] bind_port                      = None {{(pid=104531) log_opt_values /opt/stack/data/venv/lib/python3.10/site-packages/oslo_config/cfg.py:2819}}
Sep 02 12:13:21 jammy-provider-cloud-0000007563 devstack@g-api.service[104531]: DEBUG glance.common.config [None req-22567876-9824-410e-88d2-1272fd6846bd None None] client_socket_timeout          = 900 {{(pid=104531) log_opt_values /opt/stack/data/venv/lib/python3.10/site-packages/oslo_config/cfg.py:2819}}
Sep 02 12:13:21 jammy-provider-cloud-0000007563 devstack@g-api.service[104531]: DEBUG glance.common.config [None req-22567876-9824-410e-88d2-1272fd6846bd None None] config_dir                     = [] {{(pid=104531) log_opt_values /opt/stack/data/venv/lib/python3.10/site-packages/oslo_config/cfg.py:2819}}
Sep 02 12:13:21 jammy-provider-cloud-0000007563 devstack@g-api.service[104531]: DEBUG glance.common.config [None req-22567876-9824-410e-88d2-1272fd6846bd None None] config_file                    = ['/etc/glance/glance-image-import.conf', '/etc/glance/glance-api.conf'] {{(pid=104531) log_opt_values /opt/stack/data/venv/lib/python3.10/site-packages/oslo_config/cfg.py:2819}}
Sep 02 12:13:21 jammy-provider-cloud-0000007563 devstack@g-api.service[104531]: DEBUG glance.common.config [None req-22567876-9824-410e-88d2-1272fd6846bd None None] config_source                  = [] {{(pid=104531) log_opt_values /opt/stack/data/venv/lib/python3.10/site-packages/oslo_config/cfg.py:2819}}
Sep 02 12:13:21 jammy-provider-cloud-0000007563 devstack@g-api.service[104531]: DEBUG glance.common.config [None req-22567876-9824-410e-88d2-1272fd6846bd None None] control_exchange               = glance {{(pid=104531) log_opt_values /opt/stack/data/venv/lib/python3.10/site-packages/oslo_config/cfg.py:2819}}
Sep 02 12:13:21 jammy-provider-cloud-0000007563 devstack@g-api.service[104531]: DEBUG glance.common.config [None req-22567876-9824-410e-88d2-1272fd6846bd None None] debug                          = True {{(pid=104531) log_opt_values /opt/stack/data/venv/lib/python3.10/site-packages/oslo_config/cfg.py:2819}}
Sep 02 12:13:21 jammy-provider-cloud-0000007563 devstack@g-api.service[104531]: DEBUG glance.common.config [None req-22567876-9824-410e-88d2-1272fd6846bd None None] default_log_levels             = ['amqp=WARN', 'amqplib=WARN', 'boto=WARN', 'qpid=WARN', 'sqlalchemy=WARN', 'suds=INFO', 'oslo.messaging=INFO', 'oslo_messaging=INFO', 'iso8601=WARN', 'requests.packages.urllib3.connectionpool=WARN', 'urllib3.connectionpool=WARN', 'websocket=WARN', 'requests.packages.urllib3.util.retry=WARN', 'urllib3.util.retry=WARN', 'keystonemiddleware=WARN', 'routes.middleware=WARN', 'stevedore=WARN', 'taskflow=WARN', 'keystoneauth=WARN', 'oslo.cache=INFO', 'oslo_policy=INFO', 'dogpile.core.dogpile=INFO'] {{(pid=104531) log_opt_values /opt/stack/data/venv/lib/python3.10/site-packages/oslo_config/cfg.py:2819}}
Sep 02 12:13:21 jammy-provider-cloud-0000007563 devstack@g-api.service[104531]: DEBUG glance.common.config [None req-22567876-9824-410e-88d2-1272fd6846bd None None] default_publisher_id           = image.localhost {{(pid=104531) log_opt_values /opt/stack/data/venv/lib/python3.10/site-packages/oslo_config/cfg.py:2819}}
Sep 02 12:13:21 jammy-provider-cloud-0000007563 devstack@g-api.service[104531]: DEBUG glance.common.config [None req-22567876-9824-410e-88d2-1272fd6846bd None None] delayed_delete                 = False {{(pid=104531) log_opt_values /opt/stack/data/venv/lib/python3.10/site-packages/oslo_config/cfg.py:2819}}
Sep 02 12:13:21 jammy-provider-cloud-0000007563 devstack@g-api.service[104531]: DEBUG glance.common.config [None req-22567876-9824-410e-88d2-1272fd6846bd None None] digest_algorithm               = sha256 {{(pid=104531) log_opt_values /opt/stack/data/venv/lib/python3.10/site-packages/oslo_config/cfg.py:2819}}
Sep 02 12:13:21 jammy-provider-cloud-0000007563 devstack@g-api.service[104531]: DEBUG glance.common.config [None req-22567876-9824-410e-88d2-1272fd6846bd None None] disabled_notifications         = [] {{(pid=104531) log_opt_values /opt/stack/data/venv/lib/python3.10/site-packages/oslo_config/cfg.py:2819}}
Sep 02 12:13:21 jammy-provider-cloud-0000007563 devstack@g-api.service[104531]: DEBUG glance.common.config [None req-22567876-9824-410e-88d2-1272fd6846bd None None] do_secure_hash                 = True {{(pid=104531) log_opt_values /opt/stack/data/venv/lib/python3.10/site-packages/oslo_config/cfg.py:2819}}
Sep 02 12:13:21 jammy-provider-cloud-0000007563 devstack@g-api.service[104531]: DEBUG glance.common.config [None req-22567876-9824-410e-88d2-1272fd6846bd None None] enabled_backends               = None {{(pid=104531) log_opt_values /opt/stack/data/venv/lib/python3.10/site-packages/oslo_config/cfg.py:2819}}
Sep 02 12:13:21 jammy-provider-cloud-0000007563 devstack@g-api.service[104531]: DEBUG glance.common.config [None req-22567876-9824-410e-88d2-1272fd6846bd None None] enabled_import_methods         = ['glance-direct', 'web-download', 'copy-image'] {{(pid=104531) log_opt_values /opt/stack/data/venv/lib/python3.10/site-packages/oslo_config/cfg.py:2819}}
Sep 02 12:13:21 jammy-provider-cloud-0000007563 devstack@g-api.service[104531]: DEBUG glance.common.config [None req-22567876-9824-410e-88d2-1272fd6846bd None None] hashing_algorithm              = sha512 {{(pid=104531) log_opt_values /opt/stack/data/venv/lib/python3.10/site-packages/oslo_config/cfg.py:2819}}
Sep 02 12:13:21 jammy-provider-cloud-0000007563 devstack@g-api.service[104531]: DEBUG glance.common.config [None req-22567876-9824-410e-88d2-1272fd6846bd None None] http_keepalive                 = True {{(pid=104531) log_opt_values /opt/stack/data/venv/lib/python3.10/site-packages/oslo_config/cfg.py:2819}}
Sep 02 12:13:21 jammy-provider-cloud-0000007563 devstack@g-api.service[104531]: DEBUG glance.common.config [None req-22567876-9824-410e-88d2-1272fd6846bd None None] http_retries                   = 3 {{(pid=104531) log_opt_values /opt/stack/data/venv/lib/python3.10/site-packages/oslo_config/cfg.py:2819}}
Sep 02 12:13:21 jammy-provider-cloud-0000007563 devstack@g-api.service[104531]: DEBUG glance.common.config [None req-22567876-9824-410e-88d2-1272fd6846bd None None] image_cache_dir                = /opt/stack/data/glance/cache/ {{(pid=104531) log_opt_values /opt/stack/data/venv/lib/python3.10/site-packages/oslo_config/cfg.py:2819}}
Sep 02 12:13:21 jammy-provider-cloud-0000007563 devstack@g-api.service[104531]: DEBUG glance.common.config [None req-22567876-9824-410e-88d2-1272fd6846bd None None] image_cache_driver             = centralized_db {{(pid=104531) log_opt_values /opt/stack/data/venv/lib/python3.10/site-packages/oslo_config/cfg.py:2819}}
Sep 02 12:13:21 jammy-provider-cloud-0000007563 devstack@g-api.service[104531]: DEBUG glance.common.config [None req-22567876-9824-410e-88d2-1272fd6846bd None None] image_cache_max_size           = 10737418240 {{(pid=104531) log_opt_values /opt/stack/data/venv/lib/python3.10/site-packages/oslo_config/cfg.py:2819}}
Sep 02 12:13:21 jammy-provider-cloud-0000007563 devstack@g-api.service[104531]: DEBUG glance.common.config [None req-22567876-9824-410e-88d2-1272fd6846bd None None] image_cache_sqlite_db          = cache.db {{(pid=104531) log_opt_values /opt/stack/data/venv/lib/python3.10/site-packages/oslo_config/cfg.py:2819}}
Sep 02 12:13:21 jammy-provider-cloud-0000007563 devstack@g-api.service[104531]: DEBUG glance.common.config [None req-22567876-9824-410e-88d2-1272fd6846bd None None] image_cache_stall_time         = 86400 {{(pid=104531) log_opt_values /opt/stack/data/venv/lib/python3.10/site-packages/oslo_config/cfg.py:2819}}
Sep 02 12:13:21 jammy-provider-cloud-0000007563 devstack@g-api.service[104531]: DEBUG glance.common.config [None req-22567876-9824-410e-88d2-1272fd6846bd None None] image_location_quota           = 10 {{(pid=104531) log_opt_values /opt/stack/data/venv/lib/python3.10/site-packages/oslo_config/cfg.py:2819}}
Sep 02 12:13:21 jammy-provider-cloud-0000007563 devstack@g-api.service[104531]: DEBUG glance.common.config [None req-22567876-9824-410e-88d2-1272fd6846bd None None] image_member_quota             = 128 {{(pid=104531) log_opt_values /opt/stack/data/venv/lib/python3.10/site-packages/oslo_config/cfg.py:2819}}
Sep 02 12:13:21 jammy-provider-cloud-0000007563 devstack@g-api.service[104531]: DEBUG glance.common.config [None req-22567876-9824-410e-88d2-1272fd6846bd None None] image_property_quota           = 128 {{(pid=104531) log_opt_values /opt/stack/data/venv/lib/python3.10/site-packages/oslo_config/cfg.py:2819}}
Sep 02 12:13:21 jammy-provider-cloud-0000007563 devstack@g-api.service[104531]: DEBUG glance.common.config [None req-22567876-9824-410e-88d2-1272fd6846bd None None] image_size_cap                 = 1099511627776 {{(pid=104531) log_opt_values /opt/stack/data/venv/lib/python3.10/site-packages/oslo_config/cfg.py:2819}}
Sep 02 12:13:21 jammy-provider-cloud-0000007563 devstack@g-api.service[104531]: DEBUG glance.common.config [None req-22567876-9824-410e-88d2-1272fd6846bd None None] image_tag_quota                = 128 {{(pid=104531) log_opt_values /opt/stack/data/venv/lib/python3.10/site-packages/oslo_config/cfg.py:2819}}
Sep 02 12:13:21 jammy-provider-cloud-0000007563 devstack@g-api.service[104531]: DEBUG glance.common.config [None req-22567876-9824-410e-88d2-1272fd6846bd None None] instance_format                = [instance: %(uuid)s]  {{(pid=104531) log_opt_values /opt/stack/data/venv/lib/python3.10/site-packages/oslo_config/cfg.py:2819}}
Sep 02 12:13:21 jammy-provider-cloud-0000007563 devstack@g-api.service[104531]: DEBUG glance.common.config [None req-22567876-9824-410e-88d2-1272fd6846bd None None] instance_uuid_format           = [instance: %(uuid)s]  {{(pid=104531) log_opt_values /opt/stack/data/venv/lib/python3.10/site-packages/oslo_config/cfg.py:2819}}
Sep 02 12:13:21 jammy-provider-cloud-0000007563 devstack@g-api.service[104531]: DEBUG glance.common.config [None req-22567876-9824-410e-88d2-1272fd6846bd None None] limit_param_default            = 25 {{(pid=104531) log_opt_values /opt/stack/data/venv/lib/python3.10/site-packages/oslo_config/cfg.py:2819}}
Sep 02 12:13:21 jammy-provider-cloud-0000007563 devstack@g-api.service[104531]: DEBUG glance.common.config [None req-22567876-9824-410e-88d2-1272fd6846bd None None] log_color                      = True {{(pid=104531) log_opt_values /opt/stack/data/venv/lib/python3.10/site-packages/oslo_config/cfg.py:2819}}
Sep 02 12:13:21 jammy-provider-cloud-0000007563 devstack@g-api.service[104531]: DEBUG glance.common.config [None req-22567876-9824-410e-88d2-1272fd6846bd None None] log_config_append              = None {{(pid=104531) log_opt_values /opt/stack/data/venv/lib/python3.10/site-packages/oslo_config/cfg.py:2819}}
Sep 02 12:13:21 jammy-provider-cloud-0000007563 devstack@g-api.service[104531]: DEBUG glance.common.config [None req-22567876-9824-410e-88d2-1272fd6846bd None None] log_date_format                = %Y-%m-%d %H:%M:%S {{(pid=104531) log_opt_values /opt/stack/data/venv/lib/python3.10/site-packages/oslo_config/cfg.py:2819}}
Sep 02 12:13:21 jammy-provider-cloud-0000007563 devstack@g-api.service[104531]: DEBUG glance.common.config [None req-22567876-9824-410e-88d2-1272fd6846bd None None] log_dir                        = None {{(pid=104531) log_opt_values /opt/stack/data/venv/lib/python3.10/site-packages/oslo_config/cfg.py:2819}}
Sep 02 12:13:21 jammy-provider-cloud-0000007563 devstack@g-api.service[104531]: DEBUG glance.common.config [None req-22567876-9824-410e-88d2-1272fd6846bd None None] log_file                       = None {{(pid=104531) log_opt_values /opt/stack/data/venv/lib/python3.10/site-packages/oslo_config/cfg.py:2819}}
Sep 02 12:13:21 jammy-provider-cloud-0000007563 devstack@g-api.service[104531]: DEBUG glance.common.config [None req-22567876-9824-410e-88d2-1272fd6846bd None None] log_rotate_interval            = 1 {{(pid=104531) log_opt_values /opt/stack/data/venv/lib/python3.10/site-packages/oslo_config/cfg.py:2819}}
Sep 02 12:13:21 jammy-provider-cloud-0000007563 devstack@g-api.service[104531]: DEBUG glance.common.config [None req-22567876-9824-410e-88d2-1272fd6846bd None None] log_rotate_interval_type       = days {{(pid=104531) log_opt_values /opt/stack/data/venv/lib/python3.10/site-packages/oslo_config/cfg.py:2819}}
Sep 02 12:13:21 jammy-provider-cloud-0000007563 devstack@g-api.service[104531]: DEBUG glance.common.config [None req-22567876-9824-410e-88d2-1272fd6846bd None None] log_rotation_type              = none {{(pid=104531) log_opt_values /opt/stack/data/venv/lib/python3.10/site-packages/oslo_config/cfg.py:2819}}
Sep 02 12:13:21 jammy-provider-cloud-0000007563 devstack@g-api.service[104531]: DEBUG glance.common.config [None req-22567876-9824-410e-88d2-1272fd6846bd None None] logging_context_format_string  = %(color)s%(levelname)s %(name)s [%(global_request_id)s %(request_id)s %(project_name)s %(user_name)s%(color)s] %(instance)s%(color)s%(message)s {{(pid=104531) log_opt_values /opt/stack/data/venv/lib/python3.10/site-packages/oslo_config/cfg.py:2819}}
