Feb 19 14:34:36 ubuntu devstack@keystone.service[62531]: ERROR keystone.server.flask.application   File "/opt/stack/data/venv/lib/python3.12/site-packages/pymysql/err.py", line 150, in raise_mysql_exception
Feb 19 14:34:36 ubuntu devstack@keystone.service[62531]: ERROR keystone.server.flask.application     raise errorclass(errno, errval)
Feb 19 14:34:36 ubuntu devstack@keystone.service[62531]: ERROR keystone.server.flask.application oslo_db.exception.DBDuplicateEntry: (pymysql.err.IntegrityError) (1062, "Duplicate entry 'service-<<null>>' for key 'role.ixu_role_name_domain_id'")
Feb 19 14:34:36 ubuntu devstack@keystone.service[62531]: ERROR keystone.server.flask.application [SQL: INSERT INTO `role` (id, name, description, extra) VALUES (%(id)s, %(name)s, %(description)s, %(extra)s)]
Feb 19 14:34:36 ubuntu devstack@keystone.service[62531]: ERROR keystone.server.flask.application [parameters: {'id': '74f82075793a4533b56f39fa112aae64', 'name': 'service', 'description': None, 'extra': '{}'}]
Feb 19 14:34:36 ubuntu devstack@keystone.service[62531]: ERROR keystone.server.flask.application (Background on this error at: https://sqlalche.me/e/20/gkpj)
Feb 19 14:34:36 ubuntu devstack@keystone.service[62531]: ERROR keystone.server.flask.application 
Feb 19 14:34:36 ubuntu devstack@keystone.service[62531]: ERROR keystone.server.flask.application During handling of the above exception, another exception occurred:
Feb 19 14:34:36 ubuntu devstack@keystone.service[62531]: ERROR keystone.server.flask.application 
Feb 19 14:34:36 ubuntu devstack@keystone.service[62531]: ERROR keystone.server.flask.application Traceback (most recent call last):
Feb 19 14:34:36 ubuntu devstack@keystone.service[62531]: ERROR keystone.server.flask.application   File "/opt/stack/data/venv/lib/python3.12/site-packages/flask_restful/__init__.py", line 295, in error_router
Feb 19 14:34:36 ubuntu devstack@keystone.service[62531]: ERROR keystone.server.flask.application     return self.handle_error(e)
Feb 19 14:34:36 ubuntu devstack@keystone.service[62531]: ERROR keystone.server.flask.application            ^^^^^^^^^^^^^^^^^^^^
Feb 19 14:34:36 ubuntu devstack@keystone.service[62531]: ERROR keystone.server.flask.application   File "/opt/stack/data/venv/lib/python3.12/site-packages/flask_restful/__init__.py", line 310, in handle_error
Feb 19 14:34:36 ubuntu devstack@keystone.service[62531]: ERROR keystone.server.flask.application     _handle_flask_propagate_exceptions_config(current_app, e)
Feb 19 14:34:36 ubuntu devstack@keystone.service[62531]: ERROR keystone.server.flask.application   File "/opt/stack/data/venv/lib/python3.12/site-packages/flask/app.py", line 917, in full_dispatch_request
Feb 19 14:34:36 ubuntu devstack@keystone.service[62531]: ERROR keystone.server.flask.application     rv = self.dispatch_request()
Feb 19 14:34:36 ubuntu devstack@keystone.service[62531]: ERROR keystone.server.flask.application          ^^^^^^^^^^^^^^^^^^^^^^^
Feb 19 14:34:36 ubuntu devstack@keystone.service[62531]: ERROR keystone.server.flask.application   File "/opt/stack/data/venv/lib/python3.12/site-packages/flask/app.py", line 902, in dispatch_request
Feb 19 14:34:36 ubuntu devstack@keystone.service[62531]: ERROR keystone.server.flask.application     return self.ensure_sync(self.view_functions[rule.endpoint])(**view_args)  # type: ignore[no-any-return]
Feb 19 14:34:36 ubuntu devstack@keystone.service[62531]: ERROR keystone.server.flask.application            ^^^^^^^^^^^^^^^^^^^^^^^^^^^^^^^^^^^^^^^^^^^^^^^^^^^^^^^^^^^^^^^^^
Feb 19 14:34:36 ubuntu devstack@keystone.service[62531]: ERROR keystone.server.flask.application   File "/opt/stack/data/venv/lib/python3.12/site-packages/flask_restful/__init__.py", line 489, in wrapper
Feb 19 14:34:36 ubuntu devstack@keystone.service[62531]: ERROR keystone.server.flask.application     resp = resource(*args, **kwargs)
Feb 19 14:34:36 ubuntu devstack@keystone.service[62531]: ERROR keystone.server.flask.application            ^^^^^^^^^^^^^^^^^^^^^^^^^
Feb 19 14:34:36 ubuntu devstack@keystone.service[62531]: ERROR keystone.server.flask.application   File "/opt/stack/data/venv/lib/python3.12/site-packages/flask/views.py", line 110, in view
Feb 19 14:34:36 ubuntu devstack@keystone.service[62531]: ERROR keystone.server.flask.application     return current_app.ensure_sync(self.dispatch_request)(**kwargs)  # type: ignore[no-any-return]
Feb 19 14:34:36 ubuntu devstack@keystone.service[62531]: ERROR keystone.server.flask.application            ^^^^^^^^^^^^^^^^^^^^^^^^^^^^^^^^^^^^^^^^^^^^^^^^^^^^^^^^
Feb 19 14:34:36 ubuntu devstack@keystone.service[62531]: ERROR keystone.server.flask.application   File "/opt/stack/data/venv/lib/python3.12/site-packages/flask_restful/__init__.py", line 604, in dispatch_request
Feb 19 14:34:36 ubuntu devstack@keystone.service[62531]: ERROR keystone.server.flask.application     resp = meth(*args, **kwargs)
Feb 19 14:34:36 ubuntu devstack@keystone.service[62531]: ERROR keystone.server.flask.application            ^^^^^^^^^^^^^^^^^^^^^
Feb 19 14:34:36 ubuntu devstack@keystone.service[62531]: ERROR keystone.server.flask.application   File "/opt/stack/keystone/keystone/api/validation/__init__.py", line 86, in wrapper
Feb 19 14:34:36 ubuntu devstack@keystone.service[62531]: ERROR keystone.server.flask.application     return func(*args, **kwargs)
Feb 19 14:34:36 ubuntu devstack@keystone.service[62531]: ERROR keystone.server.flask.application            ^^^^^^^^^^^^^^^^^^^^^
Feb 19 14:34:36 ubuntu devstack@keystone.service[62531]: ERROR keystone.server.flask.application   File "/opt/stack/keystone/keystone/api/validation/__init__.py", line 145, in wrapper
Feb 19 14:34:36 ubuntu devstack@keystone.service[62531]: ERROR keystone.server.flask.application     response = func(*args, **kwargs)
Feb 19 14:34:36 ubuntu devstack@keystone.service[62531]: ERROR keystone.server.flask.application                ^^^^^^^^^^^^^^^^^^^^^
Feb 19 14:34:36 ubuntu devstack@keystone.service[62531]: ERROR keystone.server.flask.application   File "/opt/stack/keystone/keystone/api/roles.py", line 91, in post
Feb 19 14:34:36 ubuntu devstack@keystone.service[62531]: ERROR keystone.server.flask.application     ref = PROVIDERS.role_api.create_role(
Feb 19 14:34:36 ubuntu devstack@keystone.service[62531]: ERROR keystone.server.flask.application           ^^^^^^^^^^^^^^^^^^^^^^^^^^^^^^^
Feb 19 14:34:36 ubuntu devstack@keystone.service[62531]: ERROR keystone.server.flask.application   File "/opt/stack/keystone/keystone/common/manager.py", line 114, in wrapped
Feb 19 14:34:36 ubuntu devstack@keystone.service[62531]: ERROR keystone.server.flask.application     __ret_val = __f(*args, **kwargs)
Feb 19 14:34:36 ubuntu devstack@keystone.service[62531]: ERROR keystone.server.flask.application                 ^^^^^^^^^^^^^^^^^^^^
Feb 19 14:34:36 ubuntu devstack@keystone.service[62531]: ERROR keystone.server.flask.application   File "/opt/stack/keystone/keystone/assignment/core.py", line 1526, in create_role
Feb 19 14:34:36 ubuntu devstack@keystone.service[62531]: ERROR keystone.server.flask.application     ret = self.driver.create_role(role_id, role)
Feb 19 14:34:36 ubuntu devstack@keystone.service[62531]: ERROR keystone.server.flask.application           ^^^^^^^^^^^^^^^^^^^^^^^^^^^^^^^^^^^^^^
Feb 19 14:34:36 ubuntu devstack@keystone.service[62531]: ERROR keystone.server.flask.application   File "/opt/stack/keystone/keystone/common/sql/core.py", line 614, in wrapper
Feb 19 14:34:36 ubuntu devstack@keystone.service[62531]: ERROR keystone.server.flask.application     raise exception.Conflict(type=conflict_type, details=msg)
Feb 19 14:34:36 ubuntu devstack@keystone.service[62531]: ERROR keystone.server.flask.application keystone.exception.Conflict: Conflict occurred attempting to store role - Duplicate entry found with name service.
Feb 19 14:34:36 ubuntu devstack@keystone.service[62531]: ERROR keystone.server.flask.application 
Feb 19 14:34:36 ubuntu devstack@keystone.service[62531]: [pid: 62531|app: 0|req: 18/35] 10.120.125.137 () {62 vars in 1198 bytes} [Thu Feb 19 14:34:36 2026] POST /identity/v3/roles => generated 140 bytes in 90 msecs (HTTP/1.1 409) 5 headers in 183 bytes (1 switches on core 0)
Feb 19 14:34:36 ubuntu devstack@keystone.service[62532]: DEBUG keystone.server.flask.request_processing.middleware.auth_context [None req-3eaa0f9a-e8b1-4946-8670-6795c3fdb359 None None] Authenticating user token {{(pid=62532) process_request /opt/stack/data/venv/lib/python3.12/site-packages/keystonemiddleware/auth_token/__init__.py:407}}
Feb 19 14:34:36 ubuntu devstack@keystone.service[62531]: DEBUG keystone.server.flask.request_processing.middleware.auth_context [None req-19401cd5-4453-440a-8f20-55be74fb30b1 None admin] Authenticating user token {{(pid=62531) process_request /opt/stack/data/venv/lib/python3.12/site-packages/keystonemiddleware/auth_token/__init__.py:407}}
Feb 19 14:34:36 ubuntu devstack@keystone.service[62532]: DEBUG keystone.server.flask.request_processing.middleware.auth_context [None req-3eaa0f9a-e8b1-4946-8670-6795c3fdb359 None None] Validating token access rules against request {{(pid=62532) validate_allowed_request /opt/stack/data/venv/lib/python3.12/site-packages/keystonemiddleware/auth_token/__init__.py:545}}
Feb 19 14:34:36 ubuntu devstack@keystone.service[62531]: DEBUG keystone.server.flask.request_processing.middleware.auth_context [None req-19401cd5-4453-440a-8f20-55be74fb30b1 None admin] Validating token access rules against request {{(pid=62531) validate_allowed_request /opt/stack/data/venv/lib/python3.12/site-packages/keystonemiddleware/auth_token/__init__.py:545}}
Feb 19 14:34:36 ubuntu devstack@keystone.service[62532]: DEBUG keystone.server.flask.request_processing.middleware.auth_context [None req-7518211a-9a73-4ea7-b9f8-222cb17cd04a None admin] RBAC: auth_context: {'token': <TokenModel (audit_id=fuMIgNdcQRaaiyr3m0Y1YA, audit_chain_id=['fuMIgNdcQRaaiyr3m0Y1YA']) at 0x7e4712b44e90>, 'domain_id': None, 'trust_id': None, 'trustor_id': None, 'trustee_id': None, 'domain_name': None, 'group_ids': [], 'user_id': 'f9a981eff7bf46918ee5bda96c1f5b78', 'user_domain_id': 'default', 'system_scope': 'all', 'project_id': None, 'project_domain_id': None, 'roles': ['admin', 'manager', 'member', 'reader'], 'is_admin_project': True, 'service_user_id': None, 'service_user_domain_id': None, 'service_project_id': None, 'service_project_domain_id': None, 'service_roles': []} {{(pid=62532) fill_context /opt/stack/keystone/keystone/server/flask/request_processing/middleware/auth_context.py:509}}
Feb 19 14:34:36 ubuntu devstack@keystone.service[62532]: DEBUG keystone.server.flask.request_processing.req_logging [None req-7518211a-9a73-4ea7-b9f8-222cb17cd04a None admin] REQUEST_METHOD: `POST` {{(pid=62532) log_request_info /opt/stack/keystone/keystone/server/flask/request_processing/req_logging.py:26}}
Feb 19 14:34:36 ubuntu devstack@keystone.service[62532]: DEBUG keystone.server.flask.request_processing.req_logging [None req-7518211a-9a73-4ea7-b9f8-222cb17cd04a None admin] SCRIPT_NAME: `/identity` {{(pid=62532) log_request_info /opt/stack/keystone/keystone/server/flask/request_processing/req_logging.py:27}}
Feb 19 14:34:36 ubuntu devstack@keystone.service[62532]: DEBUG keystone.server.flask.request_processing.req_logging [None req-7518211a-9a73-4ea7-b9f8-222cb17cd04a None admin] PATH_INFO: `/v3/roles` {{(pid=62532) log_request_info /opt/stack/keystone/keystone/server/flask/request_processing/req_logging.py:28}}
Feb 19 14:34:36 ubuntu devstack@keystone.service[62532]: DEBUG keystone.common.rbac_enforcer.enforcer [None req-7518211a-9a73-4ea7-b9f8-222cb17cd04a None admin] RBAC: Authorizing `identity:create_role()` {{(pid=62532) enforce_call /opt/stack/keystone/keystone/common/rbac_enforcer/enforcer.py:494}}
Feb 19 14:34:36 ubuntu devstack@keystone.service[62532]: DEBUG keystone.common.rbac_enforcer.enforcer [None req-7518211a-9a73-4ea7-b9f8-222cb17cd04a None admin] RBAC: Authorization granted {{(pid=62532) enforce_call /opt/stack/keystone/keystone/common/rbac_enforcer/enforcer.py:505}}
Feb 19 14:34:36 ubuntu devstack@keystone.service[62531]: DEBUG keystone.server.flask.request_processing.middleware.auth_context [None req-26019dbf-faa4-4aef-b9d4-1a81f43b7c80 None admin] RBAC: auth_context: {'token': <TokenModel (audit_id=bz9xPX26Sxm_GUCZ0fTAWA, audit_chain_id=['bz9xPX26Sxm_GUCZ0fTAWA']) at 0x7e4712920e30>, 'domain_id': None, 'trust_id': None, 'trustor_id': None, 'trustee_id': None, 'domain_name': None, 'group_ids': [], 'user_id': 'f9a981eff7bf46918ee5bda96c1f5b78', 'user_domain_id': 'default', 'system_scope': 'all', 'project_id': None, 'project_domain_id': None, 'roles': ['admin', 'manager', 'member', 'reader'], 'is_admin_project': True, 'service_user_id': None, 'service_user_domain_id': None, 'service_project_id': None, 'service_project_domain_id': None, 'service_roles': []} {{(pid=62531) fill_context /opt/stack/keystone/keystone/server/flask/request_processing/middleware/auth_context.py:509}}
Feb 19 14:34:36 ubuntu devstack@keystone.service[62531]: DEBUG keystone.server.flask.request_processing.req_logging [None req-26019dbf-faa4-4aef-b9d4-1a81f43b7c80 None admin] REQUEST_METHOD: `GET` {{(pid=62531) log_request_info /opt/stack/keystone/keystone/server/flask/request_processing/req_logging.py:26}}
Feb 19 14:34:36 ubuntu devstack@keystone.service[62531]: DEBUG keystone.server.flask.request_processing.req_logging [None req-26019dbf-faa4-4aef-b9d4-1a81f43b7c80 None admin] SCRIPT_NAME: `/identity` {{(pid=62531) log_request_info /opt/stack/keystone/keystone/server/flask/request_processing/req_logging.py:27}}
Feb 19 14:34:36 ubuntu devstack@keystone.service[62531]: DEBUG keystone.server.flask.request_processing.req_logging [None req-26019dbf-faa4-4aef-b9d4-1a81f43b7c80 None admin] PATH_INFO: `/v3/domains/Default` {{(pid=62531) log_request_info /opt/stack/keystone/keystone/server/flask/request_processing/req_logging.py:28}}
Feb 19 14:34:36 ubuntu devstack@keystone.service[62532]: [pid: 62532|app: 0|req: 18/36] 10.120.125.137 () {62 vars in 1198 bytes} [Thu Feb 19 14:34:36 2026] POST /identity/v3/roles => generated 226 bytes in 65 msecs (HTTP/1.1 201) 5 headers in 182 bytes (1 switches on core 0)
Feb 19 14:34:36 ubuntu devstack@keystone.service[62532]: DEBUG keystone.server.flask.request_processing.middleware.auth_context [None req-7518211a-9a73-4ea7-b9f8-222cb17cd04a None admin] Authenticating user token {{(pid=62532) process_request /opt/stack/data/venv/lib/python3.12/site-packages/keystonemiddleware/auth_token/__init__.py:407}}
Feb 19 14:34:36 ubuntu devstack@keystone.service[62531]: DEBUG keystone.common.rbac_enforcer.enforcer [None req-26019dbf-faa4-4aef-b9d4-1a81f43b7c80 None admin] RBAC: Authorizing `identity:get_domain(domain_id=Default)` {{(pid=62531) enforce_call /opt/stack/keystone/keystone/common/rbac_enforcer/enforcer.py:494}}
Feb 19 14:34:36 ubuntu devstack@keystone.service[62531]: DEBUG keystone.common.rbac_enforcer.enforcer [None req-26019dbf-faa4-4aef-b9d4-1a81f43b7c80 None admin] RBAC: Authorization granted {{(pid=62531) enforce_call /opt/stack/keystone/keystone/common/rbac_enforcer/enforcer.py:505}}
Feb 19 14:34:36 ubuntu devstack@keystone.service[62531]: DEBUG keystone.server.flask.application [None req-26019dbf-faa4-4aef-b9d4-1a81f43b7c80 None admin] Could not find domain: Default. {{(pid=62531) _handle_keystone_exception /opt/stack/keystone/keystone/server/flask/application.py:146}}
Feb 19 14:34:36 ubuntu devstack@keystone.service[62531]: [pid: 62531|app: 0|req: 19/37] 10.120.125.137 () {58 vars in 1175 bytes} [Thu Feb 19 14:34:36 2026] GET /identity/v3/domains/Default => generated 87 bytes in 71 msecs (HTTP/1.1 404) 5 headers in 183 bytes (1 switches on core 0)
Feb 19 14:34:36 ubuntu devstack@keystone.service[62531]: DEBUG keystone.server.flask.request_processing.middleware.auth_context [None req-26019dbf-faa4-4aef-b9d4-1a81f43b7c80 None admin] Authenticating user token {{(pid=62531) process_request /opt/stack/data/venv/lib/python3.12/site-packages/keystonemiddleware/auth_token/__init__.py:407}}
Feb 19 14:34:36 ubuntu devstack@keystone.service[62532]: DEBUG keystone.server.flask.request_processing.middleware.auth_context [None req-7518211a-9a73-4ea7-b9f8-222cb17cd04a None admin] Validating token access rules against request {{(pid=62532) validate_allowed_request /opt/stack/data/venv/lib/python3.12/site-packages/keystonemiddleware/auth_token/__init__.py:545}}
Feb 19 14:34:36 ubuntu devstack@keystone.service[62532]: DEBUG keystone.server.flask.request_processing.middleware.auth_context [None req-bc2a1314-4a3c-435b-afde-05213864d1f2 None admin] RBAC: auth_context: {'token': <TokenModel (audit_id=A6KvVtsQRaawPCROVUNSPA, audit_chain_id=['A6KvVtsQRaawPCROVUNSPA']) at 0x7e4712b47530>, 'domain_id': None, 'trust_id': None, 'trustor_id': None, 'trustee_id': None, 'domain_name': None, 'group_ids': [], 'user_id': 'f9a981eff7bf46918ee5bda96c1f5b78', 'user_domain_id': 'default', 'system_scope': 'all', 'project_id': None, 'project_domain_id': None, 'roles': ['admin', 'manager', 'member', 'reader'], 'is_admin_project': True, 'service_user_id': None, 'service_user_domain_id': None, 'service_project_id': None, 'service_project_domain_id': None, 'service_roles': []} {{(pid=62532) fill_context /opt/stack/keystone/keystone/server/flask/request_processing/middleware/auth_context.py:509}}
Feb 19 14:34:36 ubuntu devstack@keystone.service[62532]: DEBUG keystone.server.flask.request_processing.req_logging [None req-bc2a1314-4a3c-435b-afde-05213864d1f2 None admin] REQUEST_METHOD: `GET` {{(pid=62532) log_request_info /opt/stack/keystone/keystone/server/flask/request_processing/req_logging.py:26}}
Feb 19 14:34:36 ubuntu devstack@keystone.service[62532]: DEBUG keystone.server.flask.request_processing.req_logging [None req-bc2a1314-4a3c-435b-afde-05213864d1f2 None admin] SCRIPT_NAME: `/identity` {{(pid=62532) log_request_info /opt/stack/keystone/keystone/server/flask/request_processing/req_logging.py:27}}
Feb 19 14:34:36 ubuntu devstack@keystone.service[62532]: DEBUG keystone.server.flask.request_processing.req_logging [None req-bc2a1314-4a3c-435b-afde-05213864d1f2 None admin] PATH_INFO: `/v3/roles` {{(pid=62532) log_request_info /opt/stack/keystone/keystone/server/flask/request_processing/req_logging.py:28}}
Feb 19 14:34:36 ubuntu devstack@keystone.service[62532]: DEBUG keystone.common.rbac_enforcer.enforcer [None req-bc2a1314-4a3c-435b-afde-05213864d1f2 None admin] RBAC: Adding query filter params (name=admin) {{(pid=62532) _extract_filter_values /opt/stack/keystone/keystone/common/rbac_enforcer/enforcer.py:176}}
Feb 19 14:34:36 ubuntu devstack@keystone.service[62532]: DEBUG keystone.common.rbac_enforcer.enforcer [None req-bc2a1314-4a3c-435b-afde-05213864d1f2 None admin] RBAC: Authorizing `identity:list_roles()` {{(pid=62532) enforce_call /opt/stack/keystone/keystone/common/rbac_enforcer/enforcer.py:494}}
Feb 19 14:34:36 ubuntu devstack@keystone.service[62532]: DEBUG keystone.common.rbac_enforcer.enforcer [None req-bc2a1314-4a3c-435b-afde-05213864d1f2 None admin] RBAC: Authorization granted {{(pid=62532) enforce_call /opt/stack/keystone/keystone/common/rbac_enforcer/enforcer.py:505}}
Feb 19 14:34:36 ubuntu devstack@keystone.service[62531]: DEBUG keystone.server.flask.request_processing.middleware.auth_context [None req-26019dbf-faa4-4aef-b9d4-1a81f43b7c80 None admin] Validating token access rules against request {{(pid=62531) validate_allowed_request /opt/stack/data/venv/lib/python3.12/site-packages/keystonemiddleware/auth_token/__init__.py:545}}
Feb 19 14:34:36 ubuntu devstack@keystone.service[62532]: [pid: 62532|app: 0|req: 19/38] 10.120.125.137 () {58 vars in 1180 bytes} [Thu Feb 19 14:34:36 2026] GET /identity/v3/roles?name=admin => generated 341 bytes in 65 msecs (HTTP/1.1 200) 5 headers in 177 bytes (1 switches on core 0)
Feb 19 14:34:36 ubuntu devstack@keystone.service[62532]: DEBUG keystone.server.flask.request_processing.middleware.auth_context [None req-bc2a1314-4a3c-435b-afde-05213864d1f2 None admin] Authenticating user token {{(pid=62532) process_request /opt/stack/data/venv/lib/python3.12/site-packages/keystonemiddleware/auth_token/__init__.py:407}}
Feb 19 14:34:36 ubuntu devstack@keystone.service[62531]: DEBUG keystone.server.flask.request_processing.middleware.auth_context [None req-dc550344-b53f-4813-a707-9dc9b584a1c2 None admin] RBAC: auth_context: {'token': <TokenModel (audit_id=z1RMw-SES32U-bH13f-jgA, audit_chain_id=['z1RMw-SES32U-bH13f-jgA']) at 0x7e47129219a0>, 'domain_id': None, 'trust_id': None, 'trustor_id': None, 'trustee_id': None, 'domain_name': None, 'group_ids': [], 'user_id': 'f9a981eff7bf46918ee5bda96c1f5b78', 'user_domain_id': 'default', 'system_scope': 'all', 'project_id': None, 'project_domain_id': None, 'roles': ['admin', 'manager', 'member', 'reader'], 'is_admin_project': True, 'service_user_id': None, 'service_user_domain_id': None, 'service_project_id': None, 'service_project_domain_id': None, 'service_roles': []} {{(pid=62531) fill_context /opt/stack/keystone/keystone/server/flask/request_processing/middleware/auth_context.py:509}}
Feb 19 14:34:36 ubuntu devstack@keystone.service[62531]: DEBUG keystone.server.flask.request_processing.req_logging [None req-dc550344-b53f-4813-a707-9dc9b584a1c2 None admin] REQUEST_METHOD: `GET` {{(pid=62531) log_request_info /opt/stack/keystone/keystone/server/flask/request_processing/req_logging.py:26}}
Feb 19 14:34:36 ubuntu devstack@keystone.service[62531]: DEBUG keystone.server.flask.request_processing.req_logging [None req-dc550344-b53f-4813-a707-9dc9b584a1c2 None admin] SCRIPT_NAME: `/identity` {{(pid=62531) log_request_info /opt/stack/keystone/keystone/server/flask/request_processing/req_logging.py:27}}
Feb 19 14:34:36 ubuntu devstack@keystone.service[62531]: DEBUG keystone.server.flask.request_processing.req_logging [None req-dc550344-b53f-4813-a707-9dc9b584a1c2 None admin] PATH_INFO: `/v3/roles/service` {{(pid=62531) log_request_info /opt/stack/keystone/keystone/server/flask/request_processing/req_logging.py:28}}
Feb 19 14:34:36 ubuntu devstack@keystone.service[62531]: DEBUG keystone.common.rbac_enforcer.enforcer [None req-dc550344-b53f-4813-a707-9dc9b584a1c2 None admin] Extracting inferred target data resulted in "NOT FOUND (404)". {{(pid=62531) enforce_call /opt/stack/keystone/keystone/common/rbac_enforcer/enforcer.py:445}}
Feb 19 14:34:36 ubuntu devstack@keystone.service[62531]: DEBUG keystone.server.flask.application [None req-dc550344-b53f-4813-a707-9dc9b584a1c2 None admin] Could not find role: service. {{(pid=62531) _handle_keystone_exception /opt/stack/keystone/keystone/server/flask/application.py:146}}
Feb 19 14:34:36 ubuntu devstack@keystone.service[62531]: [pid: 62531|app: 0|req: 20/39] 10.120.125.137 () {58 vars in 1170 bytes} [Thu Feb 19 14:34:36 2026] GET /identity/v3/roles/service => generated 85 bytes in 75 msecs (HTTP/1.1 404) 5 headers in 183 bytes (1 switches on core 0)
Feb 19 14:34:36 ubuntu devstack@keystone.service[62531]: DEBUG keystone.server.flask.request_processing.req_logging [None req-6ad51051-68d4-4a69-a3b4-906148e0b4a7 None None] REQUEST_METHOD: `POST` {{(pid=62531) log_request_info /opt/stack/keystone/keystone/server/flask/request_processing/req_logging.py:26}}
Feb 19 14:34:36 ubuntu devstack@keystone.service[62531]: DEBUG keystone.server.flask.request_processing.req_logging [None req-6ad51051-68d4-4a69-a3b4-906148e0b4a7 None None] SCRIPT_NAME: `/identity` {{(pid=62531) log_request_info /opt/stack/keystone/keystone/server/flask/request_processing/req_logging.py:27}}
Feb 19 14:34:36 ubuntu devstack@keystone.service[62531]: DEBUG keystone.server.flask.request_processing.req_logging [None req-6ad51051-68d4-4a69-a3b4-906148e0b4a7 None None] PATH_INFO: `/v3/auth/tokens` {{(pid=62531) log_request_info /opt/stack/keystone/keystone/server/flask/request_processing/req_logging.py:28}}
Feb 19 14:34:36 ubuntu devstack@keystone.service[62531]: WARNING keystone.common.password_hashing [None req-6ad51051-68d4-4a69-a3b4-906148e0b4a7 None None] Truncating password to algorithm specific maximum length 72 characters.
Feb 19 14:34:36 ubuntu devstack@keystone.service[62532]: DEBUG keystone.server.flask.request_processing.middleware.auth_context [None req-bc2a1314-4a3c-435b-afde-05213864d1f2 None admin] Validating token access rules against request {{(pid=62532) validate_allowed_request /opt/stack/data/venv/lib/python3.12/site-packages/keystonemiddleware/auth_token/__init__.py:545}}
Feb 19 14:34:36 ubuntu devstack@keystone.service[62531]: DEBUG keystone.auth.core [None req-6ad51051-68d4-4a69-a3b4-906148e0b4a7 None None] MFA Rules not processed for user `f9a981eff7bf46918ee5bda96c1f5b78`. Rule list: `[]` (Enabled: `True`). {{(pid=62531) check_auth_methods_against_rules /opt/stack/keystone/keystone/auth/core.py:476}}
Feb 19 14:34:36 ubuntu devstack@keystone.service[62531]: DEBUG keystone.common.fernet_utils [None req-6ad51051-68d4-4a69-a3b4-906148e0b4a7 None None] Loaded 2 Fernet keys from /etc/keystone/fernet-keys/, but `[fernet_tokens] max_active_keys = 3`; perhaps there have not been enough key rotations to reach `max_active_keys` yet? {{(pid=62531) load_keys /opt/stack/keystone/keystone/common/fernet_utils.py:297}}
Feb 19 14:34:37 ubuntu devstack@keystone.service[62532]: DEBUG keystone.server.flask.request_processing.middleware.auth_context [None req-4638fe25-741f-4ebe-a7f1-35f7bcd22394 None admin] RBAC: auth_context: {'token': <TokenModel (audit_id=bz9xPX26Sxm_GUCZ0fTAWA, audit_chain_id=['bz9xPX26Sxm_GUCZ0fTAWA']) at 0x7e4712b47c50>, 'domain_id': None, 'trust_id': None, 'trustor_id': None, 'trustee_id': None, 'domain_name': None, 'group_ids': [], 'user_id': 'f9a981eff7bf46918ee5bda96c1f5b78', 'user_domain_id': 'default', 'system_scope': 'all', 'project_id': None, 'project_domain_id': None, 'roles': ['admin', 'manager', 'member', 'reader'], 'is_admin_project': True, 'service_user_id': None, 'service_user_domain_id': None, 'service_project_id': None, 'service_project_domain_id': None, 'service_roles': []} {{(pid=62532) fill_context /opt/stack/keystone/keystone/server/flask/request_processing/middleware/auth_context.py:509}}
Feb 19 14:34:37 ubuntu devstack@keystone.service[62532]: DEBUG keystone.server.flask.request_processing.req_logging [None req-4638fe25-741f-4ebe-a7f1-35f7bcd22394 None admin] REQUEST_METHOD: `GET` {{(pid=62532) log_request_info /opt/stack/keystone/keystone/server/flask/request_processing/req_logging.py:26}}
Feb 19 14:34:37 ubuntu devstack@keystone.service[62532]: DEBUG keystone.server.flask.request_processing.req_logging [None req-4638fe25-741f-4ebe-a7f1-35f7bcd22394 None admin] SCRIPT_NAME: `/identity` {{(pid=62532) log_request_info /opt/stack/keystone/keystone/server/flask/request_processing/req_logging.py:27}}
Feb 19 14:34:37 ubuntu devstack@keystone.service[62532]: DEBUG keystone.server.flask.request_processing.req_logging [None req-4638fe25-741f-4ebe-a7f1-35f7bcd22394 None admin] PATH_INFO: `/v3/domains` {{(pid=62532) log_request_info /opt/stack/keystone/keystone/server/flask/request_processing/req_logging.py:28}}
Feb 19 14:34:37 ubuntu devstack@keystone.service[62532]: DEBUG keystone.common.rbac_enforcer.enforcer [None req-4638fe25-741f-4ebe-a7f1-35f7bcd22394 None admin] RBAC: Adding query filter params (name=Default) {{(pid=62532) _extract_filter_values /opt/stack/keystone/keystone/common/rbac_enforcer/enforcer.py:176}}
Feb 19 14:34:37 ubuntu devstack@keystone.service[62532]: DEBUG keystone.common.rbac_enforcer.enforcer [None req-4638fe25-741f-4ebe-a7f1-35f7bcd22394 None admin] RBAC: Authorizing `identity:list_domains()` {{(pid=62532) enforce_call /opt/stack/keystone/keystone/common/rbac_enforcer/enforcer.py:494}}
Feb 19 14:34:37 ubuntu devstack@keystone.service[62532]: DEBUG keystone.common.rbac_enforcer.enforcer [None req-4638fe25-741f-4ebe-a7f1-35f7bcd22394 None admin] RBAC: Authorization granted {{(pid=62532) enforce_call /opt/stack/keystone/keystone/common/rbac_enforcer/enforcer.py:505}}
Feb 19 14:34:37 ubuntu devstack@keystone.service[62532]: [pid: 62532|app: 0|req: 20/40] 10.120.125.137 () {58 vars in 1190 bytes} [Thu Feb 19 14:34:36 2026] GET /identity/v3/domains?name=Default => generated 310 bytes in 64 msecs (HTTP/1.1 200) 5 headers in 177 bytes (1 switches on core 0)
Feb 19 14:34:37 ubuntu devstack@keystone.service[62532]: DEBUG keystone.server.flask.request_processing.middleware.auth_context [None req-4638fe25-741f-4ebe-a7f1-35f7bcd22394 None admin] Authenticating user token {{(pid=62532) process_request /opt/stack/data/venv/lib/python3.12/site-packages/keystonemiddleware/auth_token/__init__.py:407}}
Feb 19 14:34:37 ubuntu devstack@keystone.service[62531]: [pid: 62531|app: 0|req: 21/41] 10.120.125.137 () {60 vars in 1048 bytes} [Thu Feb 19 14:34:36 2026] POST /identity/v3/auth/tokens => generated 863 bytes in 46 msecs (HTTP/1.1 201) 6 headers in 363 bytes (1 switches on core 0)
Feb 19 14:34:37 ubuntu devstack@keystone.service[62531]: DEBUG keystone.server.flask.request_processing.middleware.auth_context [None req-6ad51051-68d4-4a69-a3b4-906148e0b4a7 None None] Authenticating user token {{(pid=62531) process_request /opt/stack/data/venv/lib/python3.12/site-packages/keystonemiddleware/auth_token/__init__.py:407}}
Feb 19 14:34:37 ubuntu devstack@keystone.service[62531]: DEBUG keystone.server.flask.request_processing.middleware.auth_context [None req-6ad51051-68d4-4a69-a3b4-906148e0b4a7 None None] Validating token access rules against request {{(pid=62531) validate_allowed_request /opt/stack/data/venv/lib/python3.12/site-packages/keystonemiddleware/auth_token/__init__.py:545}}
Feb 19 14:34:37 ubuntu devstack@keystone.service[62532]: DEBUG keystone.server.flask.request_processing.middleware.auth_context [None req-4638fe25-741f-4ebe-a7f1-35f7bcd22394 None admin] Validating token access rules against request {{(pid=62532) validate_allowed_request /opt/stack/data/venv/lib/python3.12/site-packages/keystonemiddleware/auth_token/__init__.py:545}}
Feb 19 14:34:37 ubuntu devstack@keystone.service[62531]: DEBUG keystone.server.flask.request_processing.middleware.auth_context [None req-26be4dfe-6537-4597-83dc-ea07aa31803a None admin] RBAC: auth_context: {'token': <TokenModel (audit_id=z1RMw-SES32U-bH13f-jgA, audit_chain_id=['z1RMw-SES32U-bH13f-jgA']) at 0x7e4712c38800>, 'domain_id': None, 'trust_id': None, 'trustor_id': None, 'trustee_id': None, 'domain_name': None, 'group_ids': [], 'user_id': 'f9a981eff7bf46918ee5bda96c1f5b78', 'user_domain_id': 'default', 'system_scope': 'all', 'project_id': None, 'project_domain_id': None, 'roles': ['admin', 'manager', 'member', 'reader'], 'is_admin_project': True, 'service_user_id': None, 'service_user_domain_id': None, 'service_project_id': None, 'service_project_domain_id': None, 'service_roles': []} {{(pid=62531) fill_context /opt/stack/keystone/keystone/server/flask/request_processing/middleware/auth_context.py:509}}
Feb 19 14:34:37 ubuntu devstack@keystone.service[62531]: DEBUG keystone.server.flask.request_processing.req_logging [None req-26be4dfe-6537-4597-83dc-ea07aa31803a None admin] REQUEST_METHOD: `GET` {{(pid=62531) log_request_info /opt/stack/keystone/keystone/server/flask/request_processing/req_logging.py:26}}
Feb 19 14:34:37 ubuntu devstack@keystone.service[62531]: DEBUG keystone.server.flask.request_processing.req_logging [None req-26be4dfe-6537-4597-83dc-ea07aa31803a None admin] SCRIPT_NAME: `/identity` {{(pid=62531) log_request_info /opt/stack/keystone/keystone/server/flask/request_processing/req_logging.py:27}}
Feb 19 14:34:37 ubuntu devstack@keystone.service[62531]: DEBUG keystone.server.flask.request_processing.req_logging [None req-26be4dfe-6537-4597-83dc-ea07aa31803a None admin] PATH_INFO: `/v3/roles` {{(pid=62531) log_request_info /opt/stack/keystone/keystone/server/flask/request_processing/req_logging.py:28}}
Feb 19 14:34:37 ubuntu devstack@keystone.service[62531]: DEBUG keystone.common.rbac_enforcer.enforcer [None req-26be4dfe-6537-4597-83dc-ea07aa31803a None admin] RBAC: Adding query filter params (name=service) {{(pid=62531) _extract_filter_values /opt/stack/keystone/keystone/common/rbac_enforcer/enforcer.py:176}}
Feb 19 14:34:37 ubuntu devstack@keystone.service[62531]: DEBUG keystone.common.rbac_enforcer.enforcer [None req-26be4dfe-6537-4597-83dc-ea07aa31803a None admin] RBAC: Authorizing `identity:list_roles()` {{(pid=62531) enforce_call /opt/stack/keystone/keystone/common/rbac_enforcer/enforcer.py:494}}
Feb 19 14:34:37 ubuntu devstack@keystone.service[62531]: DEBUG keystone.common.rbac_enforcer.enforcer [None req-26be4dfe-6537-4597-83dc-ea07aa31803a None admin] RBAC: Authorization granted {{(pid=62531) enforce_call /opt/stack/keystone/keystone/common/rbac_enforcer/enforcer.py:505}}
Feb 19 14:34:37 ubuntu devstack@keystone.service[62532]: DEBUG keystone.server.flask.request_processing.middleware.auth_context [None req-026b0ef9-7418-4290-b15c-d2534e45b12d None admin] RBAC: auth_context: {'token': <TokenModel (audit_id=A6KvVtsQRaawPCROVUNSPA, audit_chain_id=['A6KvVtsQRaawPCROVUNSPA']) at 0x7e4712e0b980>, 'domain_id': None, 'trust_id': None, 'trustor_id': None, 'trustee_id': None, 'domain_name': None, 'group_ids': [], 'user_id': 'f9a981eff7bf46918ee5bda96c1f5b78', 'user_domain_id': 'default', 'system_scope': 'all', 'project_id': None, 'project_domain_id': None, 'roles': ['admin', 'manager', 'member', 'reader'], 'is_admin_project': True, 'service_user_id': None, 'service_user_domain_id': None, 'service_project_id': None, 'service_project_domain_id': None, 'service_roles': []} {{(pid=62532) fill_context /opt/stack/keystone/keystone/server/flask/request_processing/middleware/auth_context.py:509}}
Feb 19 14:34:37 ubuntu devstack@keystone.service[62532]: DEBUG keystone.server.flask.request_processing.req_logging [None req-026b0ef9-7418-4290-b15c-d2534e45b12d None admin] REQUEST_METHOD: `GET` {{(pid=62532) log_request_info /opt/stack/keystone/keystone/server/flask/request_processing/req_logging.py:26}}
Feb 19 14:34:37 ubuntu devstack@keystone.service[62532]: DEBUG keystone.server.flask.request_processing.req_logging [None req-026b0ef9-7418-4290-b15c-d2534e45b12d None admin] SCRIPT_NAME: `/identity` {{(pid=62532) log_request_info /opt/stack/keystone/keystone/server/flask/request_processing/req_logging.py:27}}
Feb 19 14:34:37 ubuntu devstack@keystone.service[62532]: DEBUG keystone.server.flask.request_processing.req_logging [None req-026b0ef9-7418-4290-b15c-d2534e45b12d None admin] PATH_INFO: `/v3/users/f9a981eff7bf46918ee5bda96c1f5b78` {{(pid=62532) log_request_info /opt/stack/keystone/keystone/server/flask/request_processing/req_logging.py:28}}
Feb 19 14:34:37 ubuntu devstack@keystone.service[62532]: DEBUG keystone.common.rbac_enforcer.enforcer [None req-026b0ef9-7418-4290-b15c-d2534e45b12d None admin] RBAC: Authorizing `identity:get_user(user_id=f9a981eff7bf46918ee5bda96c1f5b78)` {{(pid=62532) enforce_call /opt/stack/keystone/keystone/common/rbac_enforcer/enforcer.py:494}}
Feb 19 14:34:37 ubuntu devstack@keystone.service[62532]: DEBUG keystone.common.rbac_enforcer.enforcer [None req-026b0ef9-7418-4290-b15c-d2534e45b12d None admin] RBAC: Authorization granted {{(pid=62532) enforce_call /opt/stack/keystone/keystone/common/rbac_enforcer/enforcer.py:505}}
Feb 19 14:34:37 ubuntu devstack@keystone.service[62531]: [pid: 62531|app: 0|req: 22/42] 10.120.125.137 () {58 vars in 1184 bytes} [Thu Feb 19 14:34:37 2026] GET /identity/v3/roles?name=service => generated 345 bytes in 61 msecs (HTTP/1.1 200) 5 headers in 177 bytes (1 switches on core 0)
Feb 19 14:34:37 ubuntu devstack@keystone.service[62532]: [pid: 62532|app: 0|req: 21/43] 10.120.125.137 () {58 vars in 1245 bytes} [Thu Feb 19 14:34:37 2026] GET /identity/v3/users/f9a981eff7bf46918ee5bda96c1f5b78 => generated 248 bytes in 67 msecs (HTTP/1.1 200) 5 headers in 177 bytes (1 switches on core 0)
Feb 19 14:34:37 ubuntu devstack@keystone.service[62531]: DEBUG keystone.server.flask.request_processing.middleware.auth_context [None req-26be4dfe-6537-4597-83dc-ea07aa31803a None admin] Authenticating user token {{(pid=62531) process_request /opt/stack/data/venv/lib/python3.12/site-packages/keystonemiddleware/auth_token/__init__.py:407}}
Feb 19 14:34:37 ubuntu devstack@keystone.service[62531]: DEBUG keystone.server.flask.request_processing.middleware.auth_context [None req-26be4dfe-6537-4597-83dc-ea07aa31803a None admin] Validating token access rules against request {{(pid=62531) validate_allowed_request /opt/stack/data/venv/lib/python3.12/site-packages/keystonemiddleware/auth_token/__init__.py:545}}
Feb 19 14:34:37 ubuntu devstack@keystone.service[62532]: DEBUG keystone.server.flask.request_processing.middleware.auth_context [None req-026b0ef9-7418-4290-b15c-d2534e45b12d None admin] Authenticating user token {{(pid=62532) process_request /opt/stack/data/venv/lib/python3.12/site-packages/keystonemiddleware/auth_token/__init__.py:407}}
Feb 19 14:34:37 ubuntu devstack@keystone.service[62531]: DEBUG keystone.server.flask.request_processing.middleware.auth_context [None req-f0db390b-b197-4ca2-8155-e402d0a6149c None admin] RBAC: auth_context: {'token': <TokenModel (audit_id=k9G1gAsHQI-NP8D0P-AubA, audit_chain_id=['k9G1gAsHQI-NP8D0P-AubA']) at 0x7e4712e06060>, 'domain_id': None, 'trust_id': None, 'trustor_id': None, 'trustee_id': None, 'domain_name': None, 'group_ids': [], 'user_id': 'f9a981eff7bf46918ee5bda96c1f5b78', 'user_domain_id': 'default', 'system_scope': 'all', 'project_id': None, 'project_domain_id': None, 'roles': ['admin', 'manager', 'member', 'reader'], 'is_admin_project': True, 'service_user_id': None, 'service_user_domain_id': None, 'service_project_id': None, 'service_project_domain_id': None, 'service_roles': []} {{(pid=62531) fill_context /opt/stack/keystone/keystone/server/flask/request_processing/middleware/auth_context.py:509}}
Feb 19 14:34:37 ubuntu devstack@keystone.service[62531]: DEBUG keystone.server.flask.request_processing.req_logging [None req-f0db390b-b197-4ca2-8155-e402d0a6149c None admin] REQUEST_METHOD: `POST` {{(pid=62531) log_request_info /opt/stack/keystone/keystone/server/flask/request_processing/req_logging.py:26}}
Feb 19 14:34:37 ubuntu devstack@keystone.service[62531]: DEBUG keystone.server.flask.request_processing.req_logging [None req-f0db390b-b197-4ca2-8155-e402d0a6149c None admin] SCRIPT_NAME: `/identity` {{(pid=62531) log_request_info /opt/stack/keystone/keystone/server/flask/request_processing/req_logging.py:27}}
Feb 19 14:34:37 ubuntu devstack@keystone.service[62531]: DEBUG keystone.server.flask.request_processing.req_logging [None req-f0db390b-b197-4ca2-8155-e402d0a6149c None admin] PATH_INFO: `/v3/roles` {{(pid=62531) log_request_info /opt/stack/keystone/keystone/server/flask/request_processing/req_logging.py:28}}
Feb 19 14:34:37 ubuntu devstack@keystone.service[62531]: DEBUG keystone.common.rbac_enforcer.enforcer [None req-f0db390b-b197-4ca2-8155-e402d0a6149c None admin] RBAC: Authorizing `identity:create_role()` {{(pid=62531) enforce_call /opt/stack/keystone/keystone/common/rbac_enforcer/enforcer.py:494}}
Feb 19 14:34:37 ubuntu devstack@keystone.service[62531]: DEBUG keystone.common.rbac_enforcer.enforcer [None req-f0db390b-b197-4ca2-8155-e402d0a6149c None admin] RBAC: Authorization granted {{(pid=62531) enforce_call /opt/stack/keystone/keystone/common/rbac_enforcer/enforcer.py:505}}
Feb 19 14:34:37 ubuntu devstack@keystone.service[62532]: DEBUG keystone.server.flask.request_processing.middleware.auth_context [None req-026b0ef9-7418-4290-b15c-d2534e45b12d None admin] Validating token access rules against request {{(pid=62532) validate_allowed_request /opt/stack/data/venv/lib/python3.12/site-packages/keystonemiddleware/auth_token/__init__.py:545}}
Feb 19 14:34:37 ubuntu devstack@keystone.service[62532]: DEBUG keystone.server.flask.request_processing.middleware.auth_context [None req-f1cfe5a6-dcb0-42d2-a497-e415962c12d1 None admin] RBAC: auth_context: {'token': <TokenModel (audit_id=A6KvVtsQRaawPCROVUNSPA, audit_chain_id=['A6KvVtsQRaawPCROVUNSPA']) at 0x7e471362df70>, 'domain_id': None, 'trust_id': None, 'trustor_id': None, 'trustee_id': None, 'domain_name': None, 'group_ids': [], 'user_id': 'f9a981eff7bf46918ee5bda96c1f5b78', 'user_domain_id': 'default', 'system_scope': 'all', 'project_id': None, 'project_domain_id': None, 'roles': ['admin', 'manager', 'member', 'reader'], 'is_admin_project': True, 'service_user_id': None, 'service_user_domain_id': None, 'service_project_id': None, 'service_project_domain_id': None, 'service_roles': []} {{(pid=62532) fill_context /opt/stack/keystone/keystone/server/flask/request_processing/middleware/auth_context.py:509}}
Feb 19 14:34:37 ubuntu devstack@keystone.service[62532]: DEBUG keystone.server.flask.request_processing.req_logging [None req-f1cfe5a6-dcb0-42d2-a497-e415962c12d1 None admin] REQUEST_METHOD: `GET` {{(pid=62532) log_request_info /opt/stack/keystone/keystone/server/flask/request_processing/req_logging.py:26}}
Feb 19 14:34:37 ubuntu devstack@keystone.service[62532]: DEBUG keystone.server.flask.request_processing.req_logging [None req-f1cfe5a6-dcb0-42d2-a497-e415962c12d1 None admin] SCRIPT_NAME: `/identity` {{(pid=62532) log_request_info /opt/stack/keystone/keystone/server/flask/request_processing/req_logging.py:27}}
Feb 19 14:34:37 ubuntu devstack@keystone.service[62532]: DEBUG keystone.server.flask.request_processing.req_logging [None req-f1cfe5a6-dcb0-42d2-a497-e415962c12d1 None admin] PATH_INFO: `/v3/domains/default` {{(pid=62532) log_request_info /opt/stack/keystone/keystone/server/flask/request_processing/req_logging.py:28}}
Feb 19 14:34:37 ubuntu devstack@keystone.service[62532]: DEBUG keystone.common.rbac_enforcer.enforcer [None req-f1cfe5a6-dcb0-42d2-a497-e415962c12d1 None admin] RBAC: Authorizing `identity:get_domain(domain_id=default)` {{(pid=62532) enforce_call /opt/stack/keystone/keystone/common/rbac_enforcer/enforcer.py:494}}
Feb 19 14:34:37 ubuntu devstack@keystone.service[62532]: DEBUG keystone.common.rbac_enforcer.enforcer [None req-f1cfe5a6-dcb0-42d2-a497-e415962c12d1 None admin] RBAC: Authorization granted {{(pid=62532) enforce_call /opt/stack/keystone/keystone/common/rbac_enforcer/enforcer.py:505}}
Feb 19 14:34:37 ubuntu devstack@keystone.service[62532]: [pid: 62532|app: 0|req: 22/44] 10.120.125.137 () {58 vars in 1176 bytes} [Thu Feb 19 14:34:37 2026] GET /identity/v3/domains/default => generated 200 bytes in 80 msecs (HTTP/1.1 200) 5 headers in 177 bytes (1 switches on core 0)
Feb 19 14:34:37 ubuntu devstack@keystone.service[62532]: DEBUG keystone.server.flask.request_processing.middleware.auth_context [None req-f1cfe5a6-dcb0-42d2-a497-e415962c12d1 None admin] Authenticating user token {{(pid=62532) process_request /opt/stack/data/venv/lib/python3.12/site-packages/keystonemiddleware/auth_token/__init__.py:407}}
Feb 19 14:34:37 ubuntu devstack@keystone.service[62531]: [pid: 62531|app: 0|req: 23/45] 10.120.125.137 () {62 vars in 1199 bytes} [Thu Feb 19 14:34:37 2026] POST /identity/v3/roles => generated 224 bytes in 137 msecs (HTTP/1.1 201) 5 headers in 182 bytes (1 switches on core 0)
Feb 19 14:34:37 ubuntu devstack@keystone.service[62532]: DEBUG keystone.server.flask.request_processing.middleware.auth_context [None req-f1cfe5a6-dcb0-42d2-a497-e415962c12d1 None admin] Validating token access rules against request {{(pid=62532) validate_allowed_request /opt/stack/data/venv/lib/python3.12/site-packages/keystonemiddleware/auth_token/__init__.py:545}}
Feb 19 14:34:37 ubuntu devstack@keystone.service[62531]: DEBUG keystone.server.flask.request_processing.middleware.auth_context [None req-f0db390b-b197-4ca2-8155-e402d0a6149c None admin] Authenticating user token {{(pid=62531) process_request /opt/stack/data/venv/lib/python3.12/site-packages/keystonemiddleware/auth_token/__init__.py:407}}
Feb 19 14:34:37 ubuntu devstack@keystone.service[62532]: DEBUG keystone.server.flask.request_processing.middleware.auth_context [None req-70c9c762-54bb-48fa-8019-b385ed8d1fdb None admin] RBAC: auth_context: {'token': <TokenModel (audit_id=bz9xPX26Sxm_GUCZ0fTAWA, audit_chain_id=['bz9xPX26Sxm_GUCZ0fTAWA']) at 0x7e4712dd32f0>, 'domain_id': None, 'trust_id': None, 'trustor_id': None, 'trustee_id': None, 'domain_name': None, 'group_ids': [], 'user_id': 'f9a981eff7bf46918ee5bda96c1f5b78', 'user_domain_id': 'default', 'system_scope': 'all', 'project_id': None, 'project_domain_id': None, 'roles': ['admin', 'manager', 'member', 'reader'], 'is_admin_project': True, 'service_user_id': None, 'service_user_domain_id': None, 'service_project_id': None, 'service_project_domain_id': None, 'service_roles': []} {{(pid=62532) fill_context /opt/stack/keystone/keystone/server/flask/request_processing/middleware/auth_context.py:509}}
Feb 19 14:34:37 ubuntu devstack@keystone.service[62532]: DEBUG keystone.server.flask.request_processing.req_logging [None req-70c9c762-54bb-48fa-8019-b385ed8d1fdb None admin] REQUEST_METHOD: `POST` {{(pid=62532) log_request_info /opt/stack/keystone/keystone/server/flask/request_processing/req_logging.py:26}}
Feb 19 14:34:37 ubuntu devstack@keystone.service[62532]: DEBUG keystone.server.flask.request_processing.req_logging [None req-70c9c762-54bb-48fa-8019-b385ed8d1fdb None admin] SCRIPT_NAME: `/identity` {{(pid=62532) log_request_info /opt/stack/keystone/keystone/server/flask/request_processing/req_logging.py:27}}
Feb 19 14:34:37 ubuntu devstack@keystone.service[62532]: DEBUG keystone.server.flask.request_processing.req_logging [None req-70c9c762-54bb-48fa-8019-b385ed8d1fdb None admin] PATH_INFO: `/v3/projects` {{(pid=62532) log_request_info /opt/stack/keystone/keystone/server/flask/request_processing/req_logging.py:28}}
Feb 19 14:34:37 ubuntu devstack@keystone.service[62532]: DEBUG keystone.common.rbac_enforcer.enforcer [None req-70c9c762-54bb-48fa-8019-b385ed8d1fdb None admin] RBAC: Authorizing `identity:create_project()` {{(pid=62532) enforce_call /opt/stack/keystone/keystone/common/rbac_enforcer/enforcer.py:494}}
Feb 19 14:34:37 ubuntu devstack@keystone.service[62532]: DEBUG keystone.common.rbac_enforcer.enforcer [None req-70c9c762-54bb-48fa-8019-b385ed8d1fdb None admin] RBAC: Authorization granted {{(pid=62532) enforce_call /opt/stack/keystone/keystone/common/rbac_enforcer/enforcer.py:505}}
Feb 19 14:34:37 ubuntu devstack@keystone.service[62532]: [pid: 62532|app: 0|req: 23/46] 10.120.125.137 () {62 vars in 1208 bytes} [Thu Feb 19 14:34:37 2026] POST /identity/v3/projects => generated 302 bytes in 80 msecs (HTTP/1.1 201) 5 headers in 182 bytes (1 switches on core 0)
Feb 19 14:34:37 ubuntu devstack@keystone.service[62531]: DEBUG keystone.server.flask.request_processing.middleware.auth_context [None req-f0db390b-b197-4ca2-8155-e402d0a6149c None admin] Validating token access rules against request {{(pid=62531) validate_allowed_request /opt/stack/data/venv/lib/python3.12/site-packages/keystonemiddleware/auth_token/__init__.py:545}}
Feb 19 14:34:37 ubuntu devstack@keystone.service[62532]: DEBUG keystone.server.flask.request_processing.middleware.auth_context [None req-70c9c762-54bb-48fa-8019-b385ed8d1fdb None admin] Authenticating user token {{(pid=62532) process_request /opt/stack/data/venv/lib/python3.12/site-packages/keystonemiddleware/auth_token/__init__.py:407}}
Feb 19 14:34:37 ubuntu devstack@keystone.service[62531]: DEBUG keystone.server.flask.request_processing.middleware.auth_context [None req-067ee4cb-475f-4996-b8ae-00ca4b2cbe30 None admin] RBAC: auth_context: {'token': <TokenModel (audit_id=A6KvVtsQRaawPCROVUNSPA, audit_chain_id=['A6KvVtsQRaawPCROVUNSPA']) at 0x7e4712c3ad50>, 'domain_id': None, 'trust_id': None, 'trustor_id': None, 'trustee_id': None, 'domain_name': None, 'group_ids': [], 'user_id': 'f9a981eff7bf46918ee5bda96c1f5b78', 'user_domain_id': 'default', 'system_scope': 'all', 'project_id': None, 'project_domain_id': None, 'roles': ['admin', 'manager', 'member', 'reader'], 'is_admin_project': True, 'service_user_id': None, 'service_user_domain_id': None, 'service_project_id': None, 'service_project_domain_id': None, 'service_roles': []} {{(pid=62531) fill_context /opt/stack/keystone/keystone/server/flask/request_processing/middleware/auth_context.py:509}}
Feb 19 14:34:37 ubuntu devstack@keystone.service[62531]: DEBUG keystone.server.flask.request_processing.req_logging [None req-067ee4cb-475f-4996-b8ae-00ca4b2cbe30 None admin] REQUEST_METHOD: `GET` {{(pid=62531) log_request_info /opt/stack/keystone/keystone/server/flask/request_processing/req_logging.py:26}}
Feb 19 14:34:37 ubuntu devstack@keystone.service[62531]: DEBUG keystone.server.flask.request_processing.req_logging [None req-067ee4cb-475f-4996-b8ae-00ca4b2cbe30 None admin] SCRIPT_NAME: `/identity` {{(pid=62531) log_request_info /opt/stack/keystone/keystone/server/flask/request_processing/req_logging.py:27}}
Feb 19 14:34:37 ubuntu devstack@keystone.service[62531]: DEBUG keystone.server.flask.request_processing.req_logging [None req-067ee4cb-475f-4996-b8ae-00ca4b2cbe30 None admin] PATH_INFO: `/v3/role_assignments` {{(pid=62531) log_request_info /opt/stack/keystone/keystone/server/flask/request_processing/req_logging.py:28}}
Feb 19 14:34:37 ubuntu devstack@keystone.service[62531]: DEBUG keystone.common.rbac_enforcer.enforcer [None req-067ee4cb-475f-4996-b8ae-00ca4b2cbe30 None admin] RBAC: Adding query filter params (role.id=ed4201e9062045729418e9d8b873a1c4, scope.domain.id=default, user.id=f9a981eff7bf46918ee5bda96c1f5b78) {{(pid=62531) _extract_filter_values /opt/stack/keystone/keystone/common/rbac_enforcer/enforcer.py:176}}
Feb 19 14:34:37 ubuntu devstack@keystone.service[62531]: DEBUG keystone.common.rbac_enforcer.enforcer [None req-067ee4cb-475f-4996-b8ae-00ca4b2cbe30 None admin] RBAC: Authorizing `identity:list_role_assignments()` {{(pid=62531) enforce_call /opt/stack/keystone/keystone/common/rbac_enforcer/enforcer.py:494}}
