Jan 09 10:25:24 jammy-provider-cloud-0000007906 neutron-server[90531]: DEBUG neutron.api.extensions [None req-415bb514-4bae-4851-beaa-b8d02a4fb6cb None None] Ext name="Trunk port details" alias="trunk-details" description="Expose trunk port details" updated="2016-01-01T10:00:00-00:00" {{(pid=90531) _check_extension /opt/stack/neutron/neutron/api/extensions.py:415}}
Jan 09 10:25:24 jammy-provider-cloud-0000007906 neutron-server[90531]: INFO neutron.api.extensions [None req-415bb514-4bae-4851-beaa-b8d02a4fb6cb None None] Extension trunk-details not supported by any of loaded plugins
Jan 09 10:25:24 jammy-provider-cloud-0000007906 neutron-server[90531]: DEBUG neutron.api.extensions [None req-415bb514-4bae-4851-beaa-b8d02a4fb6cb None None] Loading extension file: uplink_status_propagation.py {{(pid=90531) _load_all_extensions_from_path /opt/stack/neutron/neutron/api/extensions.py:449}}
Jan 09 10:25:24 jammy-provider-cloud-0000007906 neutron-server[90531]: DEBUG neutron.api.extensions [None req-415bb514-4bae-4851-beaa-b8d02a4fb6cb None None] Ext name="Uplink status propagation extension" alias="uplink-status-propagation" description="Provides ability to propagate port uplink status." updated="2018-05-31T18:00:00-00:00" {{(pid=90531) _check_extension /opt/stack/neutron/neutron/api/extensions.py:415}}
Jan 09 10:25:24 jammy-provider-cloud-0000007906 neutron-server[90531]: INFO neutron.api.extensions [None req-415bb514-4bae-4851-beaa-b8d02a4fb6cb None None] Extension uplink-status-propagation not supported by any of loaded plugins
Jan 09 10:25:24 jammy-provider-cloud-0000007906 neutron-server[90531]: DEBUG neutron.api.extensions [None req-415bb514-4bae-4851-beaa-b8d02a4fb6cb None None] Loading extension file: uplink_status_propagation_updatable.py {{(pid=90531) _load_all_extensions_from_path /opt/stack/neutron/neutron/api/extensions.py:449}}
Jan 09 10:25:24 jammy-provider-cloud-0000007906 neutron-server[90531]: DEBUG neutron.api.extensions [None req-415bb514-4bae-4851-beaa-b8d02a4fb6cb None None] Ext name="Uplink status propagation updatable extension" alias="uplink-status-propagation-updatable" description="Provides ability to update the port uplink status." updated="2024-09-03T18:00:00-00:00" {{(pid=90531) _check_extension /opt/stack/neutron/neutron/api/extensions.py:415}}
Jan 09 10:25:24 jammy-provider-cloud-0000007906 neutron-server[90531]: INFO neutron.api.extensions [None req-415bb514-4bae-4851-beaa-b8d02a4fb6cb None None] Extension uplink-status-propagation-updatable not supported by any of loaded plugins
Jan 09 10:25:24 jammy-provider-cloud-0000007906 neutron-server[90531]: DEBUG neutron.api.extensions [None req-415bb514-4bae-4851-beaa-b8d02a4fb6cb None None] Loading extension file: vlantransparent.py {{(pid=90531) _load_all_extensions_from_path /opt/stack/neutron/neutron/api/extensions.py:449}}
Jan 09 10:25:24 jammy-provider-cloud-0000007906 neutron-server[90531]: DEBUG neutron.api.extensions [None req-415bb514-4bae-4851-beaa-b8d02a4fb6cb None None] Ext name="Vlantransparent" alias="vlan-transparent" description="Provides Vlan Transparent Networks" updated="2015-03-23T09:00:00-00:00" {{(pid=90531) _check_extension /opt/stack/neutron/neutron/api/extensions.py:415}}
Jan 09 10:25:24 jammy-provider-cloud-0000007906 neutron-server[90531]: INFO neutron.api.extensions [None req-415bb514-4bae-4851-beaa-b8d02a4fb6cb None None] Extension vlan-transparent not supported by any of loaded plugins
Jan 09 10:25:24 jammy-provider-cloud-0000007906 neutron-server[90531]: INFO neutron.quota.resource_registry [None req-415bb514-4bae-4851-beaa-b8d02a4fb6cb None None] Creating instance of TrackedResource for resource:network
Jan 09 10:25:24 jammy-provider-cloud-0000007906 neutron-server[90531]: INFO neutron.quota.resource_registry [None req-415bb514-4bae-4851-beaa-b8d02a4fb6cb None None] Creating instance of TrackedResource for resource:subnet
Jan 09 10:25:24 jammy-provider-cloud-0000007906 neutron-server[90531]: INFO neutron.quota.resource_registry [None req-415bb514-4bae-4851-beaa-b8d02a4fb6cb None None] Creating instance of TrackedResource for resource:subnetpool
Jan 09 10:25:24 jammy-provider-cloud-0000007906 neutron-server[90531]: INFO neutron.quota.resource_registry [None req-415bb514-4bae-4851-beaa-b8d02a4fb6cb None None] Creating instance of TrackedResource for resource:port
Jan 09 10:25:24 jammy-provider-cloud-0000007906 neutron-server[90531]: DEBUG neutron.api.v2.resource_helper [None req-415bb514-4bae-4851-beaa-b8d02a4fb6cb None None] Service FLAVORS assigned prefix:  {{(pid=90531) build_resource_info /opt/stack/neutron/neutron/api/v2/resource_helper.py:77}}
Jan 09 10:25:24 jammy-provider-cloud-0000007906 neutron-server[90531]: DEBUG neutron.api.v2.resource_helper [None req-415bb514-4bae-4851-beaa-b8d02a4fb6cb None None] Service L3_ROUTER_NAT assigned prefix:  {{(pid=90531) build_resource_info /opt/stack/neutron/neutron/api/v2/resource_helper.py:77}}
Jan 09 10:25:24 jammy-provider-cloud-0000007906 neutron-server[90531]: DEBUG neutron.api.v2.resource_helper [None req-415bb514-4bae-4851-beaa-b8d02a4fb6cb None None] Service L3_ROUTER_NAT assigned prefix:  {{(pid=90531) build_resource_info /opt/stack/neutron/neutron/api/v2/resource_helper.py:77}}
Jan 09 10:25:24 jammy-provider-cloud-0000007906 neutron-server[90531]: INFO neutron.quota.resource_registry [None req-415bb514-4bae-4851-beaa-b8d02a4fb6cb None None] Creating instance of TrackedResource for resource:router
Jan 09 10:25:24 jammy-provider-cloud-0000007906 neutron-server[90531]: INFO neutron.quota.resource_registry [None req-415bb514-4bae-4851-beaa-b8d02a4fb6cb None None] Creating instance of TrackedResource for resource:floatingip
Jan 09 10:25:24 jammy-provider-cloud-0000007906 neutron-server[90531]: DEBUG neutron_lib.callbacks.manager [None req-415bb514-4bae-4851-beaa-b8d02a4fb6cb None None] Subscribe: <bound method NeutronDbPluginV2.validate_network_rbac_policy_change of <neutron.services.network_ip_availability.plugin.NetworkIPAvailabilityPlugin object at 0x7fbffcc09b10>> rbac-policy before_create 55550000, False {{(pid=90531) subscribe /opt/stack/data/venv/lib/python3.10/site-packages/neutron_lib/callbacks/manager.py:52}}
Jan 09 10:25:24 jammy-provider-cloud-0000007906 neutron-server[90531]: DEBUG neutron_lib.callbacks.manager [None req-415bb514-4bae-4851-beaa-b8d02a4fb6cb None None] Subscribe: <bound method NeutronDbPluginV2.validate_network_rbac_policy_change of <neutron.services.network_ip_availability.plugin.NetworkIPAvailabilityPlugin object at 0x7fbffcc09b10>> rbac-policy before_update 55550000, False {{(pid=90531) subscribe /opt/stack/data/venv/lib/python3.10/site-packages/neutron_lib/callbacks/manager.py:52}}
Jan 09 10:25:24 jammy-provider-cloud-0000007906 neutron-server[90531]: DEBUG neutron_lib.callbacks.manager [None req-415bb514-4bae-4851-beaa-b8d02a4fb6cb None None] Subscribe: <bound method NeutronDbPluginV2.validate_network_rbac_policy_change of <neutron.services.network_ip_availability.plugin.NetworkIPAvailabilityPlugin object at 0x7fbffcc09b10>> rbac-policy before_delete 55550000, False {{(pid=90531) subscribe /opt/stack/data/venv/lib/python3.10/site-packages/neutron_lib/callbacks/manager.py:52}}
Jan 09 10:25:24 jammy-provider-cloud-0000007906 neutron-server[90531]: INFO neutron.quota.resource_registry [None req-415bb514-4bae-4851-beaa-b8d02a4fb6cb None None] Creating instance of CountableResource for resource:rbac_policy
Jan 09 10:25:24 jammy-provider-cloud-0000007906 neutron-server[90531]: INFO neutron.quota.resource_registry [None req-415bb514-4bae-4851-beaa-b8d02a4fb6cb None None] Creating instance of TrackedResource for resource:security_group
Jan 09 10:25:24 jammy-provider-cloud-0000007906 neutron-server[90531]: INFO neutron.quota.resource_registry [None req-415bb514-4bae-4851-beaa-b8d02a4fb6cb None None] Creating instance of TrackedResource for resource:security_group_rule
Jan 09 10:25:24 jammy-provider-cloud-0000007906 neutron-server[90531]: DEBUG neutron.api.v2.resource_helper [None req-415bb514-4bae-4851-beaa-b8d02a4fb6cb None None] Service CORE assigned prefix:  {{(pid=90531) build_resource_info /opt/stack/neutron/neutron/api/v2/resource_helper.py:77}}
Jan 09 10:25:24 jammy-provider-cloud-0000007906 neutron-server[90531]: INFO neutron.quota.resource_registry [None req-415bb514-4bae-4851-beaa-b8d02a4fb6cb None None] Creating instance of TrackedResource for resource:subnetpool
Jan 09 10:25:24 jammy-provider-cloud-0000007906 neutron-server[90531]: WARNING neutron.quota.resource_registry [None req-415bb514-4bae-4851-beaa-b8d02a4fb6cb None None] subnetpool is already registered
Jan 09 10:25:24 jammy-provider-cloud-0000007906 neutron-server[90531]: DEBUG neutron.api.v2.resource_helper [None req-415bb514-4bae-4851-beaa-b8d02a4fb6cb None None] Service FLAVORS assigned prefix:  {{(pid=90531) build_resource_info /opt/stack/neutron/neutron/api/v2/resource_helper.py:77}}
Jan 09 10:25:24 jammy-provider-cloud-0000007906 neutron-server[90531]: DEBUG neutron.api.v2.resource_helper [None req-415bb514-4bae-4851-beaa-b8d02a4fb6cb None None] Service L3_ROUTER_NAT assigned prefix:  {{(pid=90531) build_resource_info /opt/stack/neutron/neutron/api/v2/resource_helper.py:77}}
Jan 09 10:25:24 jammy-provider-cloud-0000007906 neutron-server[90531]: DEBUG neutron.api.v2.resource_helper [None req-415bb514-4bae-4851-beaa-b8d02a4fb6cb None None] Service L3_ROUTER_NAT assigned prefix:  {{(pid=90531) build_resource_info /opt/stack/neutron/neutron/api/v2/resource_helper.py:77}}
Jan 09 10:25:24 jammy-provider-cloud-0000007906 neutron-server[90531]: INFO neutron.quota.resource_registry [None req-415bb514-4bae-4851-beaa-b8d02a4fb6cb None None] Creating instance of TrackedResource for resource:router
Jan 09 10:25:24 jammy-provider-cloud-0000007906 neutron-server[90531]: WARNING neutron.quota.resource_registry [None req-415bb514-4bae-4851-beaa-b8d02a4fb6cb None None] router is already registered
Jan 09 10:25:24 jammy-provider-cloud-0000007906 neutron-server[90531]: INFO neutron.quota.resource_registry [None req-415bb514-4bae-4851-beaa-b8d02a4fb6cb None None] Creating instance of TrackedResource for resource:floatingip
Jan 09 10:25:24 jammy-provider-cloud-0000007906 neutron-server[90531]: WARNING neutron.quota.resource_registry [None req-415bb514-4bae-4851-beaa-b8d02a4fb6cb None None] floatingip is already registered
Jan 09 10:25:24 jammy-provider-cloud-0000007906 neutron-server[90531]: INFO neutron.quota.resource_registry [None req-415bb514-4bae-4851-beaa-b8d02a4fb6cb None None] Creating instance of CountableResource for resource:rbac_policy
Jan 09 10:25:24 jammy-provider-cloud-0000007906 neutron-server[90531]: WARNING neutron.quota.resource_registry [None req-415bb514-4bae-4851-beaa-b8d02a4fb6cb None None] rbac_policy is already registered
Jan 09 10:25:24 jammy-provider-cloud-0000007906 neutron-server[90531]: INFO neutron.quota.resource_registry [None req-415bb514-4bae-4851-beaa-b8d02a4fb6cb None None] Creating instance of TrackedResource for resource:security_group
Jan 09 10:25:24 jammy-provider-cloud-0000007906 neutron-server[90531]: WARNING neutron.quota.resource_registry [None req-415bb514-4bae-4851-beaa-b8d02a4fb6cb None None] security_group is already registered
Jan 09 10:25:24 jammy-provider-cloud-0000007906 neutron-server[90531]: INFO neutron.quota.resource_registry [None req-415bb514-4bae-4851-beaa-b8d02a4fb6cb None None] Creating instance of TrackedResource for resource:security_group_rule
Jan 09 10:25:24 jammy-provider-cloud-0000007906 neutron-server[90531]: WARNING neutron.quota.resource_registry [None req-415bb514-4bae-4851-beaa-b8d02a4fb6cb None None] security_group_rule is already registered
Jan 09 10:25:24 jammy-provider-cloud-0000007906 neutron-server[90531]: DEBUG neutron.api.v2.resource_helper [None req-415bb514-4bae-4851-beaa-b8d02a4fb6cb None None] Service CORE assigned prefix:  {{(pid=90531) build_resource_info /opt/stack/neutron/neutron/api/v2/resource_helper.py:77}}
Jan 09 10:25:24 jammy-provider-cloud-0000007906 neutron-server[90531]: INFO neutron.quota.resource_registry [None req-415bb514-4bae-4851-beaa-b8d02a4fb6cb None None] Creating instance of TrackedResource for resource:subnetpool
Jan 09 10:25:24 jammy-provider-cloud-0000007906 neutron-server[90531]: WARNING neutron.quota.resource_registry [None req-415bb514-4bae-4851-beaa-b8d02a4fb6cb None None] subnetpool is already registered
Jan 09 10:25:24 jammy-provider-cloud-0000007906 neutron-server[90531]: DEBUG neutron.api.extensions [None req-415bb514-4bae-4851-beaa-b8d02a4fb6cb None None] Extended resource: extensions {{(pid=90531) __init__ /opt/stack/neutron/neutron/api/extensions.py:156}}
Jan 09 10:25:24 jammy-provider-cloud-0000007906 neutron-server[90531]: DEBUG neutron.api.extensions [None req-415bb514-4bae-4851-beaa-b8d02a4fb6cb None None] Extended resource: address-groups {{(pid=90531) __init__ /opt/stack/neutron/neutron/api/extensions.py:156}}
Jan 09 10:25:24 jammy-provider-cloud-0000007906 neutron-server[90531]: DEBUG neutron.api.extensions [None req-415bb514-4bae-4851-beaa-b8d02a4fb6cb None None] Extended resource: address-scopes {{(pid=90531) __init__ /opt/stack/neutron/neutron/api/extensions.py:156}}
Jan 09 10:25:24 jammy-provider-cloud-0000007906 neutron-server[90531]: DEBUG neutron.api.extensions [None req-415bb514-4bae-4851-beaa-b8d02a4fb6cb None None] Extended resource: agents {{(pid=90531) __init__ /opt/stack/neutron/neutron/api/extensions.py:156}}
Jan 09 10:25:24 jammy-provider-cloud-0000007906 neutron-server[90531]: DEBUG neutron.api.extensions [None req-415bb514-4bae-4851-beaa-b8d02a4fb6cb None None] Extended resource: auto-allocated-topology {{(pid=90531) __init__ /opt/stack/neutron/neutron/api/extensions.py:156}}
Jan 09 10:25:24 jammy-provider-cloud-0000007906 neutron-server[90531]: DEBUG neutron.api.extensions [None req-415bb514-4bae-4851-beaa-b8d02a4fb6cb None None] Extended resource: availability_zones {{(pid=90531) __init__ /opt/stack/neutron/neutron/api/extensions.py:156}}
Jan 09 10:25:24 jammy-provider-cloud-0000007906 neutron-server[90531]: DEBUG neutron.api.extensions [None req-415bb514-4bae-4851-beaa-b8d02a4fb6cb None None] Extended resource: dhcp-networks {{(pid=90531) __init__ /opt/stack/neutron/neutron/api/extensions.py:156}}
Jan 09 10:25:24 jammy-provider-cloud-0000007906 neutron-server[90531]: DEBUG neutron.api.extensions [None req-415bb514-4bae-4851-beaa-b8d02a4fb6cb None None] Extended resource: dhcp-agents {{(pid=90531) __init__ /opt/stack/neutron/neutron/api/extensions.py:156}}
Jan 09 10:25:24 jammy-provider-cloud-0000007906 neutron-server[90531]: DEBUG neutron.api.extensions [None req-415bb514-4bae-4851-beaa-b8d02a4fb6cb None None] Extended resource: flavors {{(pid=90531) __init__ /opt/stack/neutron/neutron/api/extensions.py:156}}
Jan 09 10:25:24 jammy-provider-cloud-0000007906 neutron-server[90531]: DEBUG neutron.api.extensions [None req-415bb514-4bae-4851-beaa-b8d02a4fb6cb None None] Extended resource: service_profiles {{(pid=90531) __init__ /opt/stack/neutron/neutron/api/extensions.py:156}}
Jan 09 10:25:24 jammy-provider-cloud-0000007906 neutron-server[90531]: DEBUG neutron.api.extensions [None req-415bb514-4bae-4851-beaa-b8d02a4fb6cb None None] Extended resource: next_providers {{(pid=90531) __init__ /opt/stack/neutron/neutron/api/extensions.py:156}}
Jan 09 10:25:24 jammy-provider-cloud-0000007906 neutron-server[90531]: DEBUG neutron.api.extensions [None req-415bb514-4bae-4851-beaa-b8d02a4fb6cb None None] Extended resource: service_profiles {{(pid=90531) __init__ /opt/stack/neutron/neutron/api/extensions.py:156}}
Jan 09 10:25:24 jammy-provider-cloud-0000007906 neutron-server[90531]: DEBUG neutron.api.extensions [None req-415bb514-4bae-4851-beaa-b8d02a4fb6cb None None] Extended resource: floatingip-pools {{(pid=90531) __init__ /opt/stack/neutron/neutron/api/extensions.py:156}}
Jan 09 10:25:24 jammy-provider-cloud-0000007906 neutron-server[90531]: DEBUG neutron.api.extensions [None req-415bb514-4bae-4851-beaa-b8d02a4fb6cb None None] Extended resource: routers {{(pid=90531) __init__ /opt/stack/neutron/neutron/api/extensions.py:156}}
Jan 09 10:25:24 jammy-provider-cloud-0000007906 neutron-server[90531]: DEBUG neutron.api.extensions [None req-415bb514-4bae-4851-beaa-b8d02a4fb6cb None None] Extended resource: floatingips {{(pid=90531) __init__ /opt/stack/neutron/neutron/api/extensions.py:156}}
Jan 09 10:25:24 jammy-provider-cloud-0000007906 neutron-server[90531]: DEBUG neutron.api.extensions [None req-415bb514-4bae-4851-beaa-b8d02a4fb6cb None None] Extended resource: network-ip-availabilities {{(pid=90531) __init__ /opt/stack/neutron/neutron/api/extensions.py:156}}
Jan 09 10:25:24 jammy-provider-cloud-0000007906 neutron-server[90531]: DEBUG neutron.api.extensions [None req-415bb514-4bae-4851-beaa-b8d02a4fb6cb None None] Extended resource: bindings {{(pid=90531) __init__ /opt/stack/neutron/neutron/api/extensions.py:156}}
Jan 09 10:25:24 jammy-provider-cloud-0000007906 neutron-server[90531]: DEBUG neutron.api.extensions [None req-415bb514-4bae-4851-beaa-b8d02a4fb6cb None None] Extended resource: quotas {{(pid=90531) __init__ /opt/stack/neutron/neutron/api/extensions.py:156}}
Jan 09 10:25:24 jammy-provider-cloud-0000007906 neutron-server[90531]: DEBUG neutron.api.extensions [None req-415bb514-4bae-4851-beaa-b8d02a4fb6cb None None] Extended resource: quotas {{(pid=90531) __init__ /opt/stack/neutron/neutron/api/extensions.py:156}}
Jan 09 10:25:24 jammy-provider-cloud-0000007906 neutron-server[90531]: DEBUG neutron.api.extensions [None req-415bb514-4bae-4851-beaa-b8d02a4fb6cb None None] Extended resource: rbac-policies {{(pid=90531) __init__ /opt/stack/neutron/neutron/api/extensions.py:156}}
Jan 09 10:25:24 jammy-provider-cloud-0000007906 neutron-server[90531]: DEBUG neutron.api.extensions [None req-415bb514-4bae-4851-beaa-b8d02a4fb6cb None None] Extended resource: default-security-group-rules {{(pid=90531) __init__ /opt/stack/neutron/neutron/api/extensions.py:156}}
Jan 09 10:25:24 jammy-provider-cloud-0000007906 neutron-server[90531]: DEBUG neutron.api.extensions [None req-415bb514-4bae-4851-beaa-b8d02a4fb6cb None None] Extended resource: security-groups {{(pid=90531) __init__ /opt/stack/neutron/neutron/api/extensions.py:156}}
Jan 09 10:25:24 jammy-provider-cloud-0000007906 neutron-server[90531]: DEBUG neutron.api.extensions [None req-415bb514-4bae-4851-beaa-b8d02a4fb6cb None None] Extended resource: security-group-rules {{(pid=90531) __init__ /opt/stack/neutron/neutron/api/extensions.py:156}}
Jan 09 10:25:24 jammy-provider-cloud-0000007906 neutron-server[90531]: DEBUG neutron.api.extensions [None req-415bb514-4bae-4851-beaa-b8d02a4fb6cb None None] Extended resource: service-providers {{(pid=90531) __init__ /opt/stack/neutron/neutron/api/extensions.py:156}}
Jan 09 10:25:24 jammy-provider-cloud-0000007906 neutron-server[90531]: DEBUG neutron.api.extensions [None req-415bb514-4bae-4851-beaa-b8d02a4fb6cb None None] Extended resource: subnetpools {{(pid=90531) __init__ /opt/stack/neutron/neutron/api/extensions.py:156}}
Jan 09 10:25:24 jammy-provider-cloud-0000007906 neutron-server[90531]: DEBUG neutron.api.extensions [None req-415bb514-4bae-4851-beaa-b8d02a4fb6cb None None] Extended resource: tags {{(pid=90531) __init__ /opt/stack/neutron/neutron/api/extensions.py:156}}
Jan 09 10:25:24 jammy-provider-cloud-0000007906 neutron-server[90531]: DEBUG neutron.api.extensions [None req-415bb514-4bae-4851-beaa-b8d02a4fb6cb None None] Extended resource: tags {{(pid=90531) __init__ /opt/stack/neutron/neutron/api/extensions.py:156}}
Jan 09 10:25:24 jammy-provider-cloud-0000007906 neutron-server[90531]: DEBUG neutron.api.extensions [None req-415bb514-4bae-4851-beaa-b8d02a4fb6cb None None] Extended resource: tags {{(pid=90531) __init__ /opt/stack/neutron/neutron/api/extensions.py:156}}
Jan 09 10:25:24 jammy-provider-cloud-0000007906 neutron-server[90531]: DEBUG neutron.api.extensions [None req-415bb514-4bae-4851-beaa-b8d02a4fb6cb None None] Extended resource: tags {{(pid=90531) __init__ /opt/stack/neutron/neutron/api/extensions.py:156}}
Jan 09 10:25:24 jammy-provider-cloud-0000007906 neutron-server[90531]: DEBUG neutron.api.extensions [None req-415bb514-4bae-4851-beaa-b8d02a4fb6cb None None] Extended resource: tags {{(pid=90531) __init__ /opt/stack/neutron/neutron/api/extensions.py:156}}
Jan 09 10:25:24 jammy-provider-cloud-0000007906 neutron-server[90531]: DEBUG neutron.api.extensions [None req-415bb514-4bae-4851-beaa-b8d02a4fb6cb None None] Extended resource: tags {{(pid=90531) __init__ /opt/stack/neutron/neutron/api/extensions.py:156}}
Jan 09 10:25:24 jammy-provider-cloud-0000007906 neutron-server[90531]: DEBUG neutron.api.extensions [None req-415bb514-4bae-4851-beaa-b8d02a4fb6cb None None] Extended resource: tags {{(pid=90531) __init__ /opt/stack/neutron/neutron/api/extensions.py:156}}
Jan 09 10:25:24 jammy-provider-cloud-0000007906 neutron-server[90531]: DEBUG neutron.api.extensions [None req-415bb514-4bae-4851-beaa-b8d02a4fb6cb None None] Extended resource: tags {{(pid=90531) __init__ /opt/stack/neutron/neutron/api/extensions.py:156}}
Jan 09 10:25:24 jammy-provider-cloud-0000007906 neutron-server[90531]: DEBUG neutron.api.extensions [None req-415bb514-4bae-4851-beaa-b8d02a4fb6cb None None] Extended resource: tags {{(pid=90531) __init__ /opt/stack/neutron/neutron/api/extensions.py:156}}
Jan 09 10:25:24 jammy-provider-cloud-0000007906 neutron-server[90531]: DEBUG neutron.api.extensions [None req-415bb514-4bae-4851-beaa-b8d02a4fb6cb None None] Extended resource: tags {{(pid=90531) __init__ /opt/stack/neutron/neutron/api/extensions.py:156}}
Jan 09 10:25:24 jammy-provider-cloud-0000007906 neutron-server[90531]: WARNING keystonemiddleware.auth_token [None req-415bb514-4bae-4851-beaa-b8d02a4fb6cb None None] AuthToken middleware is set with keystone_authtoken.service_token_roles_required set to False. This is backwards compatible but deprecated behaviour. Please set this to True.
Jan 09 10:25:24 jammy-provider-cloud-0000007906 neutron-server[90531]: WARNING keystonemiddleware.auth_token [None req-415bb514-4bae-4851-beaa-b8d02a4fb6cb None None] Configuring www_authenticate_uri to point to the public identity endpoint is required; clients may not be able to authenticate against an admin endpoint
Jan 09 10:25:24 jammy-provider-cloud-0000007906 neutron-server[90531]: DEBUG oslo_concurrency.lockutils [None req-415bb514-4bae-4851-beaa-b8d02a4fb6cb None None] Acquiring lock "singleton_lock" {{(pid=90531) lock /opt/stack/data/venv/lib/python3.10/site-packages/oslo_concurrency/lockutils.py:310}}
Jan 09 10:25:24 jammy-provider-cloud-0000007906 neutron-server[90531]: DEBUG oslo_concurrency.lockutils [None req-415bb514-4bae-4851-beaa-b8d02a4fb6cb None None] Acquired lock "singleton_lock" {{(pid=90531) lock /opt/stack/data/venv/lib/python3.10/site-packages/oslo_concurrency/lockutils.py:313}}
Jan 09 10:25:24 jammy-provider-cloud-0000007906 neutron-server[90531]: DEBUG oslo_concurrency.lockutils [None req-415bb514-4bae-4851-beaa-b8d02a4fb6cb None None] Releasing lock "singleton_lock" {{(pid=90531) lock /opt/stack/data/venv/lib/python3.10/site-packages/oslo_concurrency/lockutils.py:331}}
Jan 09 10:25:24 jammy-provider-cloud-0000007906 neutron-server[90531]: INFO oslo_service.service [None req-415bb514-4bae-4851-beaa-b8d02a4fb6cb None None] Starting 2 workers
Jan 09 10:25:24 jammy-provider-cloud-0000007906 neutron-server[90531]: DEBUG oslo_service.service [None req-415bb514-4bae-4851-beaa-b8d02a4fb6cb None None] Started child 90724 {{(pid=90531) _start_child /opt/stack/data/venv/lib/python3.10/site-packages/oslo_service/service.py:579}}
Jan 09 10:25:24 jammy-provider-cloud-0000007906 neutron-server[90531]: DEBUG oslo_service.service [None req-415bb514-4bae-4851-beaa-b8d02a4fb6cb None None] Started child 90725 {{(pid=90531) _start_child /opt/stack/data/venv/lib/python3.10/site-packages/oslo_service/service.py:579}}
Jan 09 10:25:24 jammy-provider-cloud-0000007906 neutron-server[90531]: INFO neutron.service [None req-415bb514-4bae-4851-beaa-b8d02a4fb6cb None None] Neutron service started, listening on 0.0.0.0:9696
Jan 09 10:25:24 jammy-provider-cloud-0000007906 neutron-server[90531]: DEBUG neutron_lib.callbacks.manager [None req-415bb514-4bae-4851-beaa-b8d02a4fb6cb None None] Publish callbacks ['neutron.plugins.ml2.drivers.ovn.mech_driver.mech_driver.OVNMechanismDriver.pre_fork_initialize-298293'] for process (None), before_spawn {{(pid=90531) _notify_loop /opt/stack/data/venv/lib/python3.10/site-packages/neutron_lib/callbacks/manager.py:184}}
Jan 09 10:25:24 jammy-provider-cloud-0000007906 neutron-server[90531]: DEBUG oslo_concurrency.processutils [None req-415bb514-4bae-4851-beaa-b8d02a4fb6cb None None] Running cmd (subprocess): ovsdb-client transact tcp:10.201.5.87:6641 --timeout 180 ["OVN_Northbound", {"op": "wait", "timeout": 0, "table": "Port_Group", "where": [["name", "==", "neutron_pg_drop"]], "until": "==", "rows": []}, {"op": "insert", "table": "ACL", "row": {"action": "drop", "direction": "to-lport", "match": "outport == @neutron_pg_drop && ip", "priority": 1001}, "uuid-name": "droptoport"}, {"op": "insert", "table": "ACL", "row": {"action": "drop", "direction": "from-lport", "match": "inport == @neutron_pg_drop && ip", "priority": 1001}, "uuid-name": "dropfromport"}, {"op": "insert", "table": "Port_Group", "row": {"name": "neutron_pg_drop", "acls": ["set", [["named-uuid", "droptoport"], ["named-uuid", "dropfromport"]]]}}] {{(pid=90531) execute /opt/stack/data/venv/lib/python3.10/site-packages/oslo_concurrency/processutils.py:383}}
Jan 09 10:25:24 jammy-provider-cloud-0000007906 neutron-server[90725]: DEBUG neutron_lib.callbacks.manager [-] Publish callbacks ['neutron.plugins.ml2.drivers.ovn.mech_driver.mech_driver.OVNMechanismDriver.post_fork_initialize-298328'] for process (None), after_init {{(pid=90725) _notify_loop /opt/stack/data/venv/lib/python3.10/site-packages/neutron_lib/callbacks/manager.py:184}}
Jan 09 10:25:24 jammy-provider-cloud-0000007906 neutron-server[90724]: DEBUG neutron_lib.callbacks.manager [-] Publish callbacks ['neutron.plugins.ml2.drivers.ovn.mech_driver.mech_driver.OVNMechanismDriver.post_fork_initialize-298328'] for process (None), after_init {{(pid=90724) _notify_loop /opt/stack/data/venv/lib/python3.10/site-packages/neutron_lib/callbacks/manager.py:184}}
Jan 09 10:25:24 jammy-provider-cloud-0000007906 neutron-server[90724]: DEBUG oslo_concurrency.lockutils [-] Acquiring lock "singleton_lock" {{(pid=90724) lock /opt/stack/data/venv/lib/python3.10/site-packages/oslo_concurrency/lockutils.py:310}}
Jan 09 10:25:24 jammy-provider-cloud-0000007906 neutron-server[90724]: DEBUG oslo_concurrency.lockutils [-] Acquired lock "singleton_lock" {{(pid=90724) lock /opt/stack/data/venv/lib/python3.10/site-packages/oslo_concurrency/lockutils.py:313}}
Jan 09 10:25:24 jammy-provider-cloud-0000007906 neutron-server[90724]: DEBUG oslo_concurrency.lockutils [-] Releasing lock "singleton_lock" {{(pid=90724) lock /opt/stack/data/venv/lib/python3.10/site-packages/oslo_concurrency/lockutils.py:331}}
Jan 09 10:25:24 jammy-provider-cloud-0000007906 neutron-server[90725]: DEBUG oslo_concurrency.lockutils [-] Acquiring lock "singleton_lock" {{(pid=90725) lock /opt/stack/data/venv/lib/python3.10/site-packages/oslo_concurrency/lockutils.py:310}}
Jan 09 10:25:24 jammy-provider-cloud-0000007906 neutron-server[90725]: DEBUG oslo_concurrency.lockutils [-] Acquired lock "singleton_lock" {{(pid=90725) lock /opt/stack/data/venv/lib/python3.10/site-packages/oslo_concurrency/lockutils.py:313}}
Jan 09 10:25:24 jammy-provider-cloud-0000007906 neutron-server[90725]: DEBUG oslo_concurrency.lockutils [-] Releasing lock "singleton_lock" {{(pid=90725) lock /opt/stack/data/venv/lib/python3.10/site-packages/oslo_concurrency/lockutils.py:331}}
Jan 09 10:25:24 jammy-provider-cloud-0000007906 neutron-server[90724]: DEBUG neutron.plugins.ml2.drivers.ovn.mech_driver.mech_driver [None req-be3fa81d-490d-4278-aad1-62bbff6276c4 None None] Hash Ring setup using multiprocess event lock {{(pid=90724) _setup_hash_ring_event /opt/stack/neutron/neutron/plugins/ml2/drivers/ovn/mech_driver/mech_driver.py:350}}
Jan 09 10:25:24 jammy-provider-cloud-0000007906 neutron-server[90725]: DEBUG neutron.plugins.ml2.drivers.ovn.mech_driver.mech_driver [None req-88df9ef5-f2df-4897-8ff0-755d20cff1d2 None None] Hash Ring setup using multiprocess event lock {{(pid=90725) _setup_hash_ring_event /opt/stack/neutron/neutron/plugins/ml2/drivers/ovn/mech_driver/mech_driver.py:350}}
Jan 09 10:25:24 jammy-provider-cloud-0000007906 neutron-server[90531]: DEBUG oslo_concurrency.processutils [None req-415bb514-4bae-4851-beaa-b8d02a4fb6cb None None] CMD "ovsdb-client transact tcp:10.201.5.87:6641 --timeout 180 ["OVN_Northbound", {"op": "wait", "timeout": 0, "table": "Port_Group", "where": [["name", "==", "neutron_pg_drop"]], "until": "==", "rows": []}, {"op": "insert", "table": "ACL", "row": {"action": "drop", "direction": "to-lport", "match": "outport == @neutron_pg_drop && ip", "priority": 1001}, "uuid-name": "droptoport"}, {"op": "insert", "table": "ACL", "row": {"action": "drop", "direction": "from-lport", "match": "inport == @neutron_pg_drop && ip", "priority": 1001}, "uuid-name": "dropfromport"}, {"op": "insert", "table": "Port_Group", "row": {"name": "neutron_pg_drop", "acls": ["set", [["named-uuid", "droptoport"], ["named-uuid", "dropfromport"]]]}}]" returned: 0 in 0.020s {{(pid=90531) execute /opt/stack/data/venv/lib/python3.10/site-packages/oslo_concurrency/processutils.py:421}}
Jan 09 10:25:24 jammy-provider-cloud-0000007906 neutron-server[90724]: DEBUG dbcounter [-] [90724] Writer thread running {{(pid=90724) stat_writer /opt/stack/data/venv/lib/python3.10/site-packages/dbcounter.py:102}}
Jan 09 10:25:24 jammy-provider-cloud-0000007906 neutron-server[90531]: INFO oslo_service.service [None req-415bb514-4bae-4851-beaa-b8d02a4fb6cb None None] Starting 1 workers
Jan 09 10:25:24 jammy-provider-cloud-0000007906 neutron-server[90724]: INFO neutron.db.ovn_hash_ring_db [None req-be3fa81d-490d-4278-aad1-62bbff6276c4 None None] Nodes from host "jammy-provider-cloud-0000007906" and group "mechanism_driver" removed from the Hash Ring
Jan 09 10:25:24 jammy-provider-cloud-0000007906 neutron-server[90725]: DEBUG dbcounter [-] [90725] Writer thread running {{(pid=90725) stat_writer /opt/stack/data/venv/lib/python3.10/site-packages/dbcounter.py:102}}
Jan 09 10:25:24 jammy-provider-cloud-0000007906 neutron-server[90531]: DEBUG oslo_service.service [None req-415bb514-4bae-4851-beaa-b8d02a4fb6cb None None] Started child 90728 {{(pid=90531) _start_child /opt/stack/data/venv/lib/python3.10/site-packages/oslo_service/service.py:579}}
Jan 09 10:25:24 jammy-provider-cloud-0000007906 neutron-server[90725]: INFO neutron.db.ovn_hash_ring_db [None req-88df9ef5-f2df-4897-8ff0-755d20cff1d2 None None] Node 4cac3881-61c0-472e-aa93-aac20f734480 from host "jammy-provider-cloud-0000007906" and group "mechanism_driver" added to the Hash Ring
Jan 09 10:25:24 jammy-provider-cloud-0000007906 neutron-server[90724]: INFO neutron.db.ovn_hash_ring_db [None req-be3fa81d-490d-4278-aad1-62bbff6276c4 None None] Node c48ed0d7-f9f5-45ad-8d6a-02225e24e25e from host "jammy-provider-cloud-0000007906" and group "mechanism_driver" added to the Hash Ring
Jan 09 10:25:24 jammy-provider-cloud-0000007906 neutron-server[90728]: DEBUG neutron.service [None req-415bb514-4bae-4851-beaa-b8d02a4fb6cb None None] calling RpcWorker wait() {{(pid=90728) _wait /opt/stack/neutron/neutron/service.py:132}}
Jan 09 10:25:24 jammy-provider-cloud-0000007906 neutron-server[90725]: DEBUG neutron.plugins.ml2.drivers.ovn.mech_driver.ovsdb.maintenance [None req-88df9ef5-f2df-4897-8ff0-755d20cff1d2 None None] Periodic task found: HashRingHealthCheckPeriodics.touch_hash_ring_node {{(pid=90725) add_periodics /opt/stack/neutron/neutron/plugins/ml2/drivers/ovn/mech_driver/ovsdb/maintenance.py:93}}
Jan 09 10:25:24 jammy-provider-cloud-0000007906 neutron-server[90728]: DEBUG neutron.service [None req-415bb514-4bae-4851-beaa-b8d02a4fb6cb None None] returning from RpcWorker wait() {{(pid=90728) _wait /opt/stack/neutron/neutron/service.py:139}}
Jan 09 10:25:24 jammy-provider-cloud-0000007906 neutron-server[90724]: DEBUG neutron.plugins.ml2.drivers.ovn.mech_driver.ovsdb.maintenance [None req-be3fa81d-490d-4278-aad1-62bbff6276c4 None None] Periodic task found: HashRingHealthCheckPeriodics.touch_hash_ring_node {{(pid=90724) add_periodics /opt/stack/neutron/neutron/plugins/ml2/drivers/ovn/mech_driver/ovsdb/maintenance.py:93}}
Jan 09 10:25:24 jammy-provider-cloud-0000007906 neutron-server[90724]: INFO neutron.plugins.ml2.drivers.ovn.mech_driver.mech_driver [None req-be3fa81d-490d-4278-aad1-62bbff6276c4 None None] Hash Ring probing thread for node c48ed0d7-f9f5-45ad-8d6a-02225e24e25e has started
Jan 09 10:25:24 jammy-provider-cloud-0000007906 neutron-server[90725]: INFO neutron.plugins.ml2.drivers.ovn.mech_driver.mech_driver [None req-88df9ef5-f2df-4897-8ff0-755d20cff1d2 None None] Hash Ring probing thread for node 4cac3881-61c0-472e-aa93-aac20f734480 has started
Jan 09 10:25:24 jammy-provider-cloud-0000007906 neutron-server[90728]: DEBUG neutron_lib.callbacks.manager [-] Publish callbacks ['neutron.plugins.ml2.drivers.ovn.mech_driver.mech_driver.OVNMechanismDriver.post_fork_initialize-298328'] for process (None), after_init {{(pid=90728) _notify_loop /opt/stack/data/venv/lib/python3.10/site-packages/neutron_lib/callbacks/manager.py:184}}
Jan 09 10:25:24 jammy-provider-cloud-0000007906 neutron-server[90531]: INFO oslo_service.service [None req-415bb514-4bae-4851-beaa-b8d02a4fb6cb None None] Starting 1 workers
Jan 09 10:25:24 jammy-provider-cloud-0000007906 neutron-server[90725]: INFO neutron.plugins.ml2.drivers.ovn.mech_driver.ovsdb.impl_idl_ovn [None req-88df9ef5-f2df-4897-8ff0-755d20cff1d2 None None] Getting OvsdbNbOvnIdl for WorkerService with retry
Jan 09 10:25:24 jammy-provider-cloud-0000007906 neutron-server[90724]: INFO neutron.plugins.ml2.drivers.ovn.mech_driver.ovsdb.impl_idl_ovn [None req-be3fa81d-490d-4278-aad1-62bbff6276c4 None None] Getting OvsdbNbOvnIdl for WorkerService with retry
Jan 09 10:25:24 jammy-provider-cloud-0000007906 neutron-server[90728]: INFO neutron.plugins.ml2.drivers.ovn.mech_driver.ovsdb.impl_idl_ovn [-] Getting OvsdbNbOvnIdl for RpcWorker with retry
Jan 09 10:25:24 jammy-provider-cloud-0000007906 neutron-server[90531]: DEBUG oslo_service.service [None req-415bb514-4bae-4851-beaa-b8d02a4fb6cb None None] Started child 90729 {{(pid=90531) _start_child /opt/stack/data/venv/lib/python3.10/site-packages/oslo_service/service.py:579}}
Jan 09 10:25:24 jammy-provider-cloud-0000007906 neutron-server[90531]: INFO oslo_service.service [None req-415bb514-4bae-4851-beaa-b8d02a4fb6cb None None] Starting 1 workers
Jan 09 10:25:24 jammy-provider-cloud-0000007906 neutron-server[90729]: DEBUG neutron_lib.callbacks.manager [-] Publish callbacks ['neutron.plugins.ml2.drivers.ovn.mech_driver.mech_driver.OVNMechanismDriver.post_fork_initialize-298328'] for process (None), after_init {{(pid=90729) _notify_loop /opt/stack/data/venv/lib/python3.10/site-packages/neutron_lib/callbacks/manager.py:184}}
Jan 09 10:25:24 jammy-provider-cloud-0000007906 neutron-server[90729]: INFO neutron.plugins.ml2.drivers.ovn.mech_driver.ovsdb.impl_idl_ovn [-] Getting OvsdbNbOvnIdl for MaintenanceWorker with retry
Jan 09 10:25:24 jammy-provider-cloud-0000007906 neutron-server[90725]: DEBUG ovsdbapp.backend.ovs_idl [None req-88df9ef5-f2df-4897-8ff0-755d20cff1d2 None None] Created lookup_table index Logical_Switch.name {{(pid=90725) autocreate_indices /opt/stack/data/venv/lib/python3.10/site-packages/ovsdbapp/backend/ovs_idl/__init__.py:87}}
Jan 09 10:25:24 jammy-provider-cloud-0000007906 neutron-server[90725]: DEBUG ovsdbapp.backend.ovs_idl [None req-88df9ef5-f2df-4897-8ff0-755d20cff1d2 None None] Created lookup_table index Logical_Router.name {{(pid=90725) autocreate_indices /opt/stack/data/venv/lib/python3.10/site-packages/ovsdbapp/backend/ovs_idl/__init__.py:87}}
Jan 09 10:25:24 jammy-provider-cloud-0000007906 neutron-server[90725]: DEBUG ovsdbapp.backend.ovs_idl [None req-88df9ef5-f2df-4897-8ff0-755d20cff1d2 None None] Created lookup_table index Load_Balancer.name {{(pid=90725) autocreate_indices /opt/stack/data/venv/lib/python3.10/site-packages/ovsdbapp/backend/ovs_idl/__init__.py:87}}
Jan 09 10:25:24 jammy-provider-cloud-0000007906 neutron-server[90725]: DEBUG ovsdbapp.backend.ovs_idl [None req-88df9ef5-f2df-4897-8ff0-755d20cff1d2 None None] Created schema index Copp.name {{(pid=90725) autocreate_indices /opt/stack/data/venv/lib/python3.10/site-packages/ovsdbapp/backend/ovs_idl/__init__.py:106}}
Jan 09 10:25:24 jammy-provider-cloud-0000007906 neutron-server[90725]: DEBUG ovsdbapp.backend.ovs_idl [None req-88df9ef5-f2df-4897-8ff0-755d20cff1d2 None None] Created schema index Meter.name {{(pid=90725) autocreate_indices /opt/stack/data/venv/lib/python3.10/site-packages/ovsdbapp/backend/ovs_idl/__init__.py:106}}
Jan 09 10:25:24 jammy-provider-cloud-0000007906 neutron-server[90725]: DEBUG ovsdbapp.backend.ovs_idl [None req-88df9ef5-f2df-4897-8ff0-755d20cff1d2 None None] Created schema index Load_Balancer_Group.name {{(pid=90725) autocreate_indices /opt/stack/data/venv/lib/python3.10/site-packages/ovsdbapp/backend/ovs_idl/__init__.py:106}}
Jan 09 10:25:24 jammy-provider-cloud-0000007906 neutron-server[90725]: DEBUG ovsdbapp.backend.ovs_idl [None req-88df9ef5-f2df-4897-8ff0-755d20cff1d2 None None] Created schema index HA_Chassis_Group.name {{(pid=90725) autocreate_indices /opt/stack/data/venv/lib/python3.10/site-packages/ovsdbapp/backend/ovs_idl/__init__.py:106}}
Jan 09 10:25:24 jammy-provider-cloud-0000007906 neutron-server[90725]: DEBUG ovsdbapp.backend.ovs_idl [None req-88df9ef5-f2df-4897-8ff0-755d20cff1d2 None None] Created schema index Address_Set.name {{(pid=90725) autocreate_indices /opt/stack/data/venv/lib/python3.10/site-packages/ovsdbapp/backend/ovs_idl/__init__.py:106}}
Jan 09 10:25:24 jammy-provider-cloud-0000007906 neutron-server[90725]: DEBUG ovsdbapp.backend.ovs_idl [None req-88df9ef5-f2df-4897-8ff0-755d20cff1d2 None None] Created schema index Connection.target {{(pid=90725) autocreate_indices /opt/stack/data/venv/lib/python3.10/site-packages/ovsdbapp/backend/ovs_idl/__init__.py:106}}
Jan 09 10:25:24 jammy-provider-cloud-0000007906 neutron-server[90725]: DEBUG ovsdbapp.backend.ovs_idl [None req-88df9ef5-f2df-4897-8ff0-755d20cff1d2 None None] Created schema index Gateway_Chassis.name {{(pid=90725) autocreate_indices /opt/stack/data/venv/lib/python3.10/site-packages/ovsdbapp/backend/ovs_idl/__init__.py:106}}
Jan 09 10:25:24 jammy-provider-cloud-0000007906 neutron-server[90725]: DEBUG ovsdbapp.backend.ovs_idl [None req-88df9ef5-f2df-4897-8ff0-755d20cff1d2 None None] Created schema index Logical_Router_Port.name {{(pid=90725) autocreate_indices /opt/stack/data/venv/lib/python3.10/site-packages/ovsdbapp/backend/ovs_idl/__init__.py:106}}
Jan 09 10:25:24 jammy-provider-cloud-0000007906 neutron-server[90725]: DEBUG ovsdbapp.backend.ovs_idl [None req-88df9ef5-f2df-4897-8ff0-755d20cff1d2 None None] Created schema index Port_Group.name {{(pid=90725) autocreate_indices /opt/stack/data/venv/lib/python3.10/site-packages/ovsdbapp/backend/ovs_idl/__init__.py:106}}
Jan 09 10:25:24 jammy-provider-cloud-0000007906 neutron-server[90725]: DEBUG ovsdbapp.backend.ovs_idl [None req-88df9ef5-f2df-4897-8ff0-755d20cff1d2 None None] Created schema index Logical_Switch_Port.name {{(pid=90725) autocreate_indices /opt/stack/data/venv/lib/python3.10/site-packages/ovsdbapp/backend/ovs_idl/__init__.py:106}}
Jan 09 10:25:24 jammy-provider-cloud-0000007906 neutron-server[90725]: INFO ovsdbapp.backend.ovs_idl.vlog [None req-88df9ef5-f2df-4897-8ff0-755d20cff1d2 None None] tcp:10.201.5.87:6641: connecting...
Jan 09 10:25:24 jammy-provider-cloud-0000007906 neutron-server[90724]: DEBUG ovsdbapp.backend.ovs_idl [None req-be3fa81d-490d-4278-aad1-62bbff6276c4 None None] Created lookup_table index Logical_Switch.name {{(pid=90724) autocreate_indices /opt/stack/data/venv/lib/python3.10/site-packages/ovsdbapp/backend/ovs_idl/__init__.py:87}}
Jan 09 10:25:24 jammy-provider-cloud-0000007906 neutron-server[90725]: INFO ovsdbapp.backend.ovs_idl.vlog [None req-88df9ef5-f2df-4897-8ff0-755d20cff1d2 None None] tcp:10.201.5.87:6641: connected
Jan 09 10:25:24 jammy-provider-cloud-0000007906 neutron-server[90724]: DEBUG ovsdbapp.backend.ovs_idl [None req-be3fa81d-490d-4278-aad1-62bbff6276c4 None None] Created lookup_table index Logical_Router.name {{(pid=90724) autocreate_indices /opt/stack/data/venv/lib/python3.10/site-packages/ovsdbapp/backend/ovs_idl/__init__.py:87}}
Jan 09 10:25:24 jammy-provider-cloud-0000007906 neutron-server[90724]: DEBUG ovsdbapp.backend.ovs_idl [None req-be3fa81d-490d-4278-aad1-62bbff6276c4 None None] Created lookup_table index Load_Balancer.name {{(pid=90724) autocreate_indices /opt/stack/data/venv/lib/python3.10/site-packages/ovsdbapp/backend/ovs_idl/__init__.py:87}}
Jan 09 10:25:24 jammy-provider-cloud-0000007906 neutron-server[90724]: DEBUG ovsdbapp.backend.ovs_idl [None req-be3fa81d-490d-4278-aad1-62bbff6276c4 None None] Created schema index Copp.name {{(pid=90724) autocreate_indices /opt/stack/data/venv/lib/python3.10/site-packages/ovsdbapp/backend/ovs_idl/__init__.py:106}}
Jan 09 10:25:24 jammy-provider-cloud-0000007906 neutron-server[90724]: DEBUG ovsdbapp.backend.ovs_idl [None req-be3fa81d-490d-4278-aad1-62bbff6276c4 None None] Created schema index Meter.name {{(pid=90724) autocreate_indices /opt/stack/data/venv/lib/python3.10/site-packages/ovsdbapp/backend/ovs_idl/__init__.py:106}}
Jan 09 10:25:24 jammy-provider-cloud-0000007906 neutron-server[90724]: DEBUG ovsdbapp.backend.ovs_idl [None req-be3fa81d-490d-4278-aad1-62bbff6276c4 None None] Created schema index Load_Balancer_Group.name {{(pid=90724) autocreate_indices /opt/stack/data/venv/lib/python3.10/site-packages/ovsdbapp/backend/ovs_idl/__init__.py:106}}
Jan 09 10:25:24 jammy-provider-cloud-0000007906 neutron-server[90724]: DEBUG ovsdbapp.backend.ovs_idl [None req-be3fa81d-490d-4278-aad1-62bbff6276c4 None None] Created schema index HA_Chassis_Group.name {{(pid=90724) autocreate_indices /opt/stack/data/venv/lib/python3.10/site-packages/ovsdbapp/backend/ovs_idl/__init__.py:106}}
Jan 09 10:25:24 jammy-provider-cloud-0000007906 neutron-server[90724]: DEBUG ovsdbapp.backend.ovs_idl [None req-be3fa81d-490d-4278-aad1-62bbff6276c4 None None] Created schema index Address_Set.name {{(pid=90724) autocreate_indices /opt/stack/data/venv/lib/python3.10/site-packages/ovsdbapp/backend/ovs_idl/__init__.py:106}}
Jan 09 10:25:24 jammy-provider-cloud-0000007906 neutron-server[90724]: DEBUG ovsdbapp.backend.ovs_idl [None req-be3fa81d-490d-4278-aad1-62bbff6276c4 None None] Created schema index Connection.target {{(pid=90724) autocreate_indices /opt/stack/data/venv/lib/python3.10/site-packages/ovsdbapp/backend/ovs_idl/__init__.py:106}}
Jan 09 10:25:24 jammy-provider-cloud-0000007906 neutron-server[90724]: DEBUG ovsdbapp.backend.ovs_idl [None req-be3fa81d-490d-4278-aad1-62bbff6276c4 None None] Created schema index Gateway_Chassis.name {{(pid=90724) autocreate_indices /opt/stack/data/venv/lib/python3.10/site-packages/ovsdbapp/backend/ovs_idl/__init__.py:106}}
Jan 09 10:25:24 jammy-provider-cloud-0000007906 neutron-server[90724]: DEBUG ovsdbapp.backend.ovs_idl [None req-be3fa81d-490d-4278-aad1-62bbff6276c4 None None] Created schema index Logical_Router_Port.name {{(pid=90724) autocreate_indices /opt/stack/data/venv/lib/python3.10/site-packages/ovsdbapp/backend/ovs_idl/__init__.py:106}}
Jan 09 10:25:24 jammy-provider-cloud-0000007906 neutron-server[90724]: DEBUG ovsdbapp.backend.ovs_idl [None req-be3fa81d-490d-4278-aad1-62bbff6276c4 None None] Created schema index Port_Group.name {{(pid=90724) autocreate_indices /opt/stack/data/venv/lib/python3.10/site-packages/ovsdbapp/backend/ovs_idl/__init__.py:106}}
Jan 09 10:25:24 jammy-provider-cloud-0000007906 neutron-server[90531]: DEBUG oslo_service.service [None req-415bb514-4bae-4851-beaa-b8d02a4fb6cb None None] Started child 90730 {{(pid=90531) _start_child /opt/stack/data/venv/lib/python3.10/site-packages/oslo_service/service.py:579}}
Jan 09 10:25:24 jammy-provider-cloud-0000007906 neutron-server[90724]: DEBUG ovsdbapp.backend.ovs_idl [None req-be3fa81d-490d-4278-aad1-62bbff6276c4 None None] Created schema index Logical_Switch_Port.name {{(pid=90724) autocreate_indices /opt/stack/data/venv/lib/python3.10/site-packages/ovsdbapp/backend/ovs_idl/__init__.py:106}}
Jan 09 10:25:24 jammy-provider-cloud-0000007906 neutron-server[90730]: DEBUG neutron_lib.callbacks.manager [-] Publish callbacks ['neutron.plugins.ml2.drivers.ovn.mech_driver.mech_driver.OVNMechanismDriver.post_fork_initialize-298328'] for process (None), after_init {{(pid=90730) _notify_loop /opt/stack/data/venv/lib/python3.10/site-packages/neutron_lib/callbacks/manager.py:184}}
Jan 09 10:25:24 jammy-provider-cloud-0000007906 neutron-server[90724]: INFO ovsdbapp.backend.ovs_idl.vlog [None req-be3fa81d-490d-4278-aad1-62bbff6276c4 None None] tcp:10.201.5.87:6641: connecting...
Jan 09 10:25:24 jammy-provider-cloud-0000007906 neutron-server[90724]: INFO ovsdbapp.backend.ovs_idl.vlog [None req-be3fa81d-490d-4278-aad1-62bbff6276c4 None None] tcp:10.201.5.87:6641: connected
Jan 09 10:25:24 jammy-provider-cloud-0000007906 neutron-server[90531]: DEBUG neutron_lib.callbacks.manager [None req-415bb514-4bae-4851-beaa-b8d02a4fb6cb None None] Publish callbacks [] for process (None), after_spawn {{(pid=90531) _notify_loop /opt/stack/data/venv/lib/python3.10/site-packages/neutron_lib/callbacks/manager.py:184}}
Jan 09 10:25:24 jammy-provider-cloud-0000007906 neutron-server[90728]: DEBUG ovsdbapp.backend.ovs_idl [None req-2d830e84-42d8-4a3d-980f-0d4b21fd3ec3 None None] Created lookup_table index Logical_Switch.name {{(pid=90728) autocreate_indices /opt/stack/data/venv/lib/python3.10/site-packages/ovsdbapp/backend/ovs_idl/__init__.py:87}}
Jan 09 10:25:24 jammy-provider-cloud-0000007906 neutron-server[90728]: DEBUG ovsdbapp.backend.ovs_idl [None req-2d830e84-42d8-4a3d-980f-0d4b21fd3ec3 None None] Created lookup_table index Logical_Router.name {{(pid=90728) autocreate_indices /opt/stack/data/venv/lib/python3.10/site-packages/ovsdbapp/backend/ovs_idl/__init__.py:87}}
Jan 09 10:25:24 jammy-provider-cloud-0000007906 neutron-server[90728]: DEBUG ovsdbapp.backend.ovs_idl [None req-2d830e84-42d8-4a3d-980f-0d4b21fd3ec3 None None] Created lookup_table index Load_Balancer.name {{(pid=90728) autocreate_indices /opt/stack/data/venv/lib/python3.10/site-packages/ovsdbapp/backend/ovs_idl/__init__.py:87}}
Jan 09 10:25:24 jammy-provider-cloud-0000007906 neutron-server[90728]: DEBUG ovsdbapp.backend.ovs_idl [None req-2d830e84-42d8-4a3d-980f-0d4b21fd3ec3 None None] Created schema index Copp.name {{(pid=90728) autocreate_indices /opt/stack/data/venv/lib/python3.10/site-packages/ovsdbapp/backend/ovs_idl/__init__.py:106}}
Jan 09 10:25:24 jammy-provider-cloud-0000007906 neutron-server[90728]: DEBUG ovsdbapp.backend.ovs_idl [None req-2d830e84-42d8-4a3d-980f-0d4b21fd3ec3 None None] Created schema index Meter.name {{(pid=90728) autocreate_indices /opt/stack/data/venv/lib/python3.10/site-packages/ovsdbapp/backend/ovs_idl/__init__.py:106}}
Jan 09 10:25:24 jammy-provider-cloud-0000007906 neutron-server[90728]: DEBUG ovsdbapp.backend.ovs_idl [None req-2d830e84-42d8-4a3d-980f-0d4b21fd3ec3 None None] Created schema index Load_Balancer_Group.name {{(pid=90728) autocreate_indices /opt/stack/data/venv/lib/python3.10/site-packages/ovsdbapp/backend/ovs_idl/__init__.py:106}}
Jan 09 10:25:24 jammy-provider-cloud-0000007906 neutron-server[90728]: DEBUG ovsdbapp.backend.ovs_idl [None req-2d830e84-42d8-4a3d-980f-0d4b21fd3ec3 None None] Created schema index HA_Chassis_Group.name {{(pid=90728) autocreate_indices /opt/stack/data/venv/lib/python3.10/site-packages/ovsdbapp/backend/ovs_idl/__init__.py:106}}
Jan 09 10:25:24 jammy-provider-cloud-0000007906 neutron-server[90728]: DEBUG ovsdbapp.backend.ovs_idl [None req-2d830e84-42d8-4a3d-980f-0d4b21fd3ec3 None None] Created schema index Address_Set.name {{(pid=90728) autocreate_indices /opt/stack/data/venv/lib/python3.10/site-packages/ovsdbapp/backend/ovs_idl/__init__.py:106}}
Jan 09 10:25:24 jammy-provider-cloud-0000007906 neutron-server[90728]: DEBUG ovsdbapp.backend.ovs_idl [None req-2d830e84-42d8-4a3d-980f-0d4b21fd3ec3 None None] Created schema index Connection.target {{(pid=90728) autocreate_indices /opt/stack/data/venv/lib/python3.10/site-packages/ovsdbapp/backend/ovs_idl/__init__.py:106}}
Jan 09 10:25:24 jammy-provider-cloud-0000007906 neutron-server[90728]: DEBUG ovsdbapp.backend.ovs_idl [None req-2d830e84-42d8-4a3d-980f-0d4b21fd3ec3 None None] Created schema index Gateway_Chassis.name {{(pid=90728) autocreate_indices /opt/stack/data/venv/lib/python3.10/site-packages/ovsdbapp/backend/ovs_idl/__init__.py:106}}
Jan 09 10:25:24 jammy-provider-cloud-0000007906 neutron-server[90728]: DEBUG ovsdbapp.backend.ovs_idl [None req-2d830e84-42d8-4a3d-980f-0d4b21fd3ec3 None None] Created schema index Logical_Router_Port.name {{(pid=90728) autocreate_indices /opt/stack/data/venv/lib/python3.10/site-packages/ovsdbapp/backend/ovs_idl/__init__.py:106}}
Jan 09 10:25:24 jammy-provider-cloud-0000007906 neutron-server[90728]: DEBUG ovsdbapp.backend.ovs_idl [None req-2d830e84-42d8-4a3d-980f-0d4b21fd3ec3 None None] Created schema index Port_Group.name {{(pid=90728) autocreate_indices /opt/stack/data/venv/lib/python3.10/site-packages/ovsdbapp/backend/ovs_idl/__init__.py:106}}
Jan 09 10:25:24 jammy-provider-cloud-0000007906 neutron-server[90728]: DEBUG ovsdbapp.backend.ovs_idl [None req-2d830e84-42d8-4a3d-980f-0d4b21fd3ec3 None None] Created schema index Logical_Switch_Port.name {{(pid=90728) autocreate_indices /opt/stack/data/venv/lib/python3.10/site-packages/ovsdbapp/backend/ovs_idl/__init__.py:106}}
