Jan 15 07:29:40 jammy-provider-cloud-0000007937 neutron-server[90771]: INFO neutron.api.extensions [None req-9a07902a-697c-41fd-9712-0450183c47d8 None None] Extension trunk-details not supported by any of loaded plugins
Jan 15 07:29:40 jammy-provider-cloud-0000007937 neutron-server[90771]: DEBUG neutron.api.extensions [None req-9a07902a-697c-41fd-9712-0450183c47d8 None None] Loading extension file: uplink_status_propagation.py {{(pid=90771) _load_all_extensions_from_path /opt/stack/neutron/neutron/api/extensions.py:449}}
Jan 15 07:29:40 jammy-provider-cloud-0000007937 neutron-server[90771]: DEBUG neutron.api.extensions [None req-9a07902a-697c-41fd-9712-0450183c47d8 None None] Ext name="Uplink status propagation extension" alias="uplink-status-propagation" description="Provides ability to propagate port uplink status." updated="2018-05-31T18:00:00-00:00" {{(pid=90771) _check_extension /opt/stack/neutron/neutron/api/extensions.py:415}}
Jan 15 07:29:40 jammy-provider-cloud-0000007937 neutron-server[90771]: INFO neutron.api.extensions [None req-9a07902a-697c-41fd-9712-0450183c47d8 None None] Extension uplink-status-propagation not supported by any of loaded plugins
Jan 15 07:29:40 jammy-provider-cloud-0000007937 neutron-server[90771]: DEBUG neutron.api.extensions [None req-9a07902a-697c-41fd-9712-0450183c47d8 None None] Loading extension file: uplink_status_propagation_updatable.py {{(pid=90771) _load_all_extensions_from_path /opt/stack/neutron/neutron/api/extensions.py:449}}
Jan 15 07:29:40 jammy-provider-cloud-0000007937 neutron-server[90771]: DEBUG neutron.api.extensions [None req-9a07902a-697c-41fd-9712-0450183c47d8 None None] Ext name="Uplink status propagation updatable extension" alias="uplink-status-propagation-updatable" description="Provides ability to update the port uplink status." updated="2024-09-03T18:00:00-00:00" {{(pid=90771) _check_extension /opt/stack/neutron/neutron/api/extensions.py:415}}
Jan 15 07:29:40 jammy-provider-cloud-0000007937 neutron-server[90771]: INFO neutron.api.extensions [None req-9a07902a-697c-41fd-9712-0450183c47d8 None None] Extension uplink-status-propagation-updatable not supported by any of loaded plugins
Jan 15 07:29:40 jammy-provider-cloud-0000007937 neutron-server[90771]: DEBUG neutron.api.extensions [None req-9a07902a-697c-41fd-9712-0450183c47d8 None None] Loading extension file: vlantransparent.py {{(pid=90771) _load_all_extensions_from_path /opt/stack/neutron/neutron/api/extensions.py:449}}
Jan 15 07:29:40 jammy-provider-cloud-0000007937 neutron-server[90771]: DEBUG neutron.api.extensions [None req-9a07902a-697c-41fd-9712-0450183c47d8 None None] Ext name="Vlantransparent" alias="vlan-transparent" description="Provides Vlan Transparent Networks" updated="2015-03-23T09:00:00-00:00" {{(pid=90771) _check_extension /opt/stack/neutron/neutron/api/extensions.py:415}}
Jan 15 07:29:40 jammy-provider-cloud-0000007937 neutron-server[90771]: INFO neutron.api.extensions [None req-9a07902a-697c-41fd-9712-0450183c47d8 None None] Extension vlan-transparent not supported by any of loaded plugins
Jan 15 07:29:40 jammy-provider-cloud-0000007937 neutron-server[90771]: INFO neutron.quota.resource_registry [None req-9a07902a-697c-41fd-9712-0450183c47d8 None None] Creating instance of TrackedResource for resource:network
Jan 15 07:29:40 jammy-provider-cloud-0000007937 neutron-server[90771]: INFO neutron.quota.resource_registry [None req-9a07902a-697c-41fd-9712-0450183c47d8 None None] Creating instance of TrackedResource for resource:subnet
Jan 15 07:29:40 jammy-provider-cloud-0000007937 neutron-server[90771]: INFO neutron.quota.resource_registry [None req-9a07902a-697c-41fd-9712-0450183c47d8 None None] Creating instance of TrackedResource for resource:subnetpool
Jan 15 07:29:40 jammy-provider-cloud-0000007937 neutron-server[90771]: INFO neutron.quota.resource_registry [None req-9a07902a-697c-41fd-9712-0450183c47d8 None None] Creating instance of TrackedResource for resource:port
Jan 15 07:29:40 jammy-provider-cloud-0000007937 neutron-server[90771]: DEBUG neutron.api.v2.resource_helper [None req-9a07902a-697c-41fd-9712-0450183c47d8 None None] Service FLAVORS assigned prefix:  {{(pid=90771) build_resource_info /opt/stack/neutron/neutron/api/v2/resource_helper.py:77}}
Jan 15 07:29:40 jammy-provider-cloud-0000007937 neutron-server[90771]: DEBUG neutron.api.v2.resource_helper [None req-9a07902a-697c-41fd-9712-0450183c47d8 None None] Service L3_ROUTER_NAT assigned prefix:  {{(pid=90771) build_resource_info /opt/stack/neutron/neutron/api/v2/resource_helper.py:77}}
Jan 15 07:29:40 jammy-provider-cloud-0000007937 neutron-server[90771]: DEBUG neutron.api.v2.resource_helper [None req-9a07902a-697c-41fd-9712-0450183c47d8 None None] Service L3_ROUTER_NAT assigned prefix:  {{(pid=90771) build_resource_info /opt/stack/neutron/neutron/api/v2/resource_helper.py:77}}
Jan 15 07:29:40 jammy-provider-cloud-0000007937 neutron-server[90771]: INFO neutron.quota.resource_registry [None req-9a07902a-697c-41fd-9712-0450183c47d8 None None] Creating instance of TrackedResource for resource:router
Jan 15 07:29:40 jammy-provider-cloud-0000007937 neutron-server[90771]: INFO neutron.quota.resource_registry [None req-9a07902a-697c-41fd-9712-0450183c47d8 None None] Creating instance of TrackedResource for resource:floatingip
Jan 15 07:29:40 jammy-provider-cloud-0000007937 neutron-server[90771]: DEBUG neutron_lib.callbacks.manager [None req-9a07902a-697c-41fd-9712-0450183c47d8 None None] Subscribe: <bound method NeutronDbPluginV2.validate_network_rbac_policy_change of <neutron.services.network_ip_availability.plugin.NetworkIPAvailabilityPlugin object at 0x7f59e6d55030>> rbac-policy before_create 55550000, False {{(pid=90771) subscribe /opt/stack/data/venv/lib/python3.10/site-packages/neutron_lib/callbacks/manager.py:52}}
Jan 15 07:29:40 jammy-provider-cloud-0000007937 neutron-server[90771]: DEBUG neutron_lib.callbacks.manager [None req-9a07902a-697c-41fd-9712-0450183c47d8 None None] Subscribe: <bound method NeutronDbPluginV2.validate_network_rbac_policy_change of <neutron.services.network_ip_availability.plugin.NetworkIPAvailabilityPlugin object at 0x7f59e6d55030>> rbac-policy before_update 55550000, False {{(pid=90771) subscribe /opt/stack/data/venv/lib/python3.10/site-packages/neutron_lib/callbacks/manager.py:52}}
Jan 15 07:29:40 jammy-provider-cloud-0000007937 neutron-server[90771]: DEBUG neutron_lib.callbacks.manager [None req-9a07902a-697c-41fd-9712-0450183c47d8 None None] Subscribe: <bound method NeutronDbPluginV2.validate_network_rbac_policy_change of <neutron.services.network_ip_availability.plugin.NetworkIPAvailabilityPlugin object at 0x7f59e6d55030>> rbac-policy before_delete 55550000, False {{(pid=90771) subscribe /opt/stack/data/venv/lib/python3.10/site-packages/neutron_lib/callbacks/manager.py:52}}
Jan 15 07:29:40 jammy-provider-cloud-0000007937 neutron-server[90771]: INFO neutron.quota.resource_registry [None req-9a07902a-697c-41fd-9712-0450183c47d8 None None] Creating instance of CountableResource for resource:rbac_policy
Jan 15 07:29:40 jammy-provider-cloud-0000007937 neutron-server[90771]: INFO neutron.quota.resource_registry [None req-9a07902a-697c-41fd-9712-0450183c47d8 None None] Creating instance of TrackedResource for resource:security_group
Jan 15 07:29:40 jammy-provider-cloud-0000007937 neutron-server[90771]: INFO neutron.quota.resource_registry [None req-9a07902a-697c-41fd-9712-0450183c47d8 None None] Creating instance of TrackedResource for resource:security_group_rule
Jan 15 07:29:40 jammy-provider-cloud-0000007937 neutron-server[90771]: DEBUG neutron.api.v2.resource_helper [None req-9a07902a-697c-41fd-9712-0450183c47d8 None None] Service CORE assigned prefix:  {{(pid=90771) build_resource_info /opt/stack/neutron/neutron/api/v2/resource_helper.py:77}}
Jan 15 07:29:40 jammy-provider-cloud-0000007937 neutron-server[90771]: INFO neutron.quota.resource_registry [None req-9a07902a-697c-41fd-9712-0450183c47d8 None None] Creating instance of TrackedResource for resource:subnetpool
Jan 15 07:29:40 jammy-provider-cloud-0000007937 neutron-server[90771]: WARNING neutron.quota.resource_registry [None req-9a07902a-697c-41fd-9712-0450183c47d8 None None] subnetpool is already registered
Jan 15 07:29:40 jammy-provider-cloud-0000007937 neutron-server[90771]: DEBUG neutron.api.v2.resource_helper [None req-9a07902a-697c-41fd-9712-0450183c47d8 None None] Service FLAVORS assigned prefix:  {{(pid=90771) build_resource_info /opt/stack/neutron/neutron/api/v2/resource_helper.py:77}}
Jan 15 07:29:40 jammy-provider-cloud-0000007937 neutron-server[90771]: DEBUG neutron.api.v2.resource_helper [None req-9a07902a-697c-41fd-9712-0450183c47d8 None None] Service L3_ROUTER_NAT assigned prefix:  {{(pid=90771) build_resource_info /opt/stack/neutron/neutron/api/v2/resource_helper.py:77}}
Jan 15 07:29:40 jammy-provider-cloud-0000007937 neutron-server[90771]: DEBUG neutron.api.v2.resource_helper [None req-9a07902a-697c-41fd-9712-0450183c47d8 None None] Service L3_ROUTER_NAT assigned prefix:  {{(pid=90771) build_resource_info /opt/stack/neutron/neutron/api/v2/resource_helper.py:77}}
Jan 15 07:29:40 jammy-provider-cloud-0000007937 neutron-server[90771]: INFO neutron.quota.resource_registry [None req-9a07902a-697c-41fd-9712-0450183c47d8 None None] Creating instance of TrackedResource for resource:router
Jan 15 07:29:40 jammy-provider-cloud-0000007937 neutron-server[90771]: WARNING neutron.quota.resource_registry [None req-9a07902a-697c-41fd-9712-0450183c47d8 None None] router is already registered
Jan 15 07:29:40 jammy-provider-cloud-0000007937 neutron-server[90771]: INFO neutron.quota.resource_registry [None req-9a07902a-697c-41fd-9712-0450183c47d8 None None] Creating instance of TrackedResource for resource:floatingip
Jan 15 07:29:40 jammy-provider-cloud-0000007937 neutron-server[90771]: WARNING neutron.quota.resource_registry [None req-9a07902a-697c-41fd-9712-0450183c47d8 None None] floatingip is already registered
Jan 15 07:29:40 jammy-provider-cloud-0000007937 neutron-server[90771]: INFO neutron.quota.resource_registry [None req-9a07902a-697c-41fd-9712-0450183c47d8 None None] Creating instance of CountableResource for resource:rbac_policy
Jan 15 07:29:40 jammy-provider-cloud-0000007937 neutron-server[90771]: WARNING neutron.quota.resource_registry [None req-9a07902a-697c-41fd-9712-0450183c47d8 None None] rbac_policy is already registered
Jan 15 07:29:40 jammy-provider-cloud-0000007937 neutron-server[90771]: INFO neutron.quota.resource_registry [None req-9a07902a-697c-41fd-9712-0450183c47d8 None None] Creating instance of TrackedResource for resource:security_group
Jan 15 07:29:40 jammy-provider-cloud-0000007937 neutron-server[90771]: WARNING neutron.quota.resource_registry [None req-9a07902a-697c-41fd-9712-0450183c47d8 None None] security_group is already registered
Jan 15 07:29:40 jammy-provider-cloud-0000007937 neutron-server[90771]: INFO neutron.quota.resource_registry [None req-9a07902a-697c-41fd-9712-0450183c47d8 None None] Creating instance of TrackedResource for resource:security_group_rule
Jan 15 07:29:40 jammy-provider-cloud-0000007937 neutron-server[90771]: WARNING neutron.quota.resource_registry [None req-9a07902a-697c-41fd-9712-0450183c47d8 None None] security_group_rule is already registered
Jan 15 07:29:40 jammy-provider-cloud-0000007937 neutron-server[90771]: DEBUG neutron.api.v2.resource_helper [None req-9a07902a-697c-41fd-9712-0450183c47d8 None None] Service CORE assigned prefix:  {{(pid=90771) build_resource_info /opt/stack/neutron/neutron/api/v2/resource_helper.py:77}}
Jan 15 07:29:40 jammy-provider-cloud-0000007937 neutron-server[90771]: INFO neutron.quota.resource_registry [None req-9a07902a-697c-41fd-9712-0450183c47d8 None None] Creating instance of TrackedResource for resource:subnetpool
Jan 15 07:29:40 jammy-provider-cloud-0000007937 neutron-server[90771]: WARNING neutron.quota.resource_registry [None req-9a07902a-697c-41fd-9712-0450183c47d8 None None] subnetpool is already registered
Jan 15 07:29:40 jammy-provider-cloud-0000007937 neutron-server[90771]: DEBUG neutron.api.extensions [None req-9a07902a-697c-41fd-9712-0450183c47d8 None None] Extended resource: extensions {{(pid=90771) __init__ /opt/stack/neutron/neutron/api/extensions.py:156}}
Jan 15 07:29:40 jammy-provider-cloud-0000007937 neutron-server[90771]: DEBUG neutron.api.extensions [None req-9a07902a-697c-41fd-9712-0450183c47d8 None None] Extended resource: address-groups {{(pid=90771) __init__ /opt/stack/neutron/neutron/api/extensions.py:156}}
Jan 15 07:29:40 jammy-provider-cloud-0000007937 neutron-server[90771]: DEBUG neutron.api.extensions [None req-9a07902a-697c-41fd-9712-0450183c47d8 None None] Extended resource: address-scopes {{(pid=90771) __init__ /opt/stack/neutron/neutron/api/extensions.py:156}}
Jan 15 07:29:40 jammy-provider-cloud-0000007937 neutron-server[90771]: DEBUG neutron.api.extensions [None req-9a07902a-697c-41fd-9712-0450183c47d8 None None] Extended resource: agents {{(pid=90771) __init__ /opt/stack/neutron/neutron/api/extensions.py:156}}
Jan 15 07:29:40 jammy-provider-cloud-0000007937 neutron-server[90771]: DEBUG neutron.api.extensions [None req-9a07902a-697c-41fd-9712-0450183c47d8 None None] Extended resource: auto-allocated-topology {{(pid=90771) __init__ /opt/stack/neutron/neutron/api/extensions.py:156}}
Jan 15 07:29:40 jammy-provider-cloud-0000007937 neutron-server[90771]: DEBUG neutron.api.extensions [None req-9a07902a-697c-41fd-9712-0450183c47d8 None None] Extended resource: availability_zones {{(pid=90771) __init__ /opt/stack/neutron/neutron/api/extensions.py:156}}
Jan 15 07:29:40 jammy-provider-cloud-0000007937 neutron-server[90771]: DEBUG neutron.api.extensions [None req-9a07902a-697c-41fd-9712-0450183c47d8 None None] Extended resource: dhcp-networks {{(pid=90771) __init__ /opt/stack/neutron/neutron/api/extensions.py:156}}
Jan 15 07:29:40 jammy-provider-cloud-0000007937 neutron-server[90771]: DEBUG neutron.api.extensions [None req-9a07902a-697c-41fd-9712-0450183c47d8 None None] Extended resource: dhcp-agents {{(pid=90771) __init__ /opt/stack/neutron/neutron/api/extensions.py:156}}
Jan 15 07:29:40 jammy-provider-cloud-0000007937 neutron-server[90771]: DEBUG neutron.api.extensions [None req-9a07902a-697c-41fd-9712-0450183c47d8 None None] Extended resource: flavors {{(pid=90771) __init__ /opt/stack/neutron/neutron/api/extensions.py:156}}
Jan 15 07:29:40 jammy-provider-cloud-0000007937 neutron-server[90771]: DEBUG neutron.api.extensions [None req-9a07902a-697c-41fd-9712-0450183c47d8 None None] Extended resource: service_profiles {{(pid=90771) __init__ /opt/stack/neutron/neutron/api/extensions.py:156}}
Jan 15 07:29:40 jammy-provider-cloud-0000007937 neutron-server[90771]: DEBUG neutron.api.extensions [None req-9a07902a-697c-41fd-9712-0450183c47d8 None None] Extended resource: next_providers {{(pid=90771) __init__ /opt/stack/neutron/neutron/api/extensions.py:156}}
Jan 15 07:29:40 jammy-provider-cloud-0000007937 neutron-server[90771]: DEBUG neutron.api.extensions [None req-9a07902a-697c-41fd-9712-0450183c47d8 None None] Extended resource: service_profiles {{(pid=90771) __init__ /opt/stack/neutron/neutron/api/extensions.py:156}}
Jan 15 07:29:40 jammy-provider-cloud-0000007937 neutron-server[90771]: DEBUG neutron.api.extensions [None req-9a07902a-697c-41fd-9712-0450183c47d8 None None] Extended resource: floatingip-pools {{(pid=90771) __init__ /opt/stack/neutron/neutron/api/extensions.py:156}}
Jan 15 07:29:40 jammy-provider-cloud-0000007937 neutron-server[90771]: DEBUG neutron.api.extensions [None req-9a07902a-697c-41fd-9712-0450183c47d8 None None] Extended resource: routers {{(pid=90771) __init__ /opt/stack/neutron/neutron/api/extensions.py:156}}
Jan 15 07:29:40 jammy-provider-cloud-0000007937 neutron-server[90771]: DEBUG neutron.api.extensions [None req-9a07902a-697c-41fd-9712-0450183c47d8 None None] Extended resource: floatingips {{(pid=90771) __init__ /opt/stack/neutron/neutron/api/extensions.py:156}}
Jan 15 07:29:40 jammy-provider-cloud-0000007937 neutron-server[90771]: DEBUG neutron.api.extensions [None req-9a07902a-697c-41fd-9712-0450183c47d8 None None] Extended resource: network-ip-availabilities {{(pid=90771) __init__ /opt/stack/neutron/neutron/api/extensions.py:156}}
Jan 15 07:29:40 jammy-provider-cloud-0000007937 neutron-server[90771]: DEBUG neutron.api.extensions [None req-9a07902a-697c-41fd-9712-0450183c47d8 None None] Extended resource: bindings {{(pid=90771) __init__ /opt/stack/neutron/neutron/api/extensions.py:156}}
Jan 15 07:29:40 jammy-provider-cloud-0000007937 neutron-server[90771]: DEBUG neutron.api.extensions [None req-9a07902a-697c-41fd-9712-0450183c47d8 None None] Extended resource: quotas {{(pid=90771) __init__ /opt/stack/neutron/neutron/api/extensions.py:156}}
Jan 15 07:29:40 jammy-provider-cloud-0000007937 neutron-server[90771]: DEBUG neutron.api.extensions [None req-9a07902a-697c-41fd-9712-0450183c47d8 None None] Extended resource: quotas {{(pid=90771) __init__ /opt/stack/neutron/neutron/api/extensions.py:156}}
Jan 15 07:29:40 jammy-provider-cloud-0000007937 neutron-server[90771]: DEBUG neutron.api.extensions [None req-9a07902a-697c-41fd-9712-0450183c47d8 None None] Extended resource: rbac-policies {{(pid=90771) __init__ /opt/stack/neutron/neutron/api/extensions.py:156}}
Jan 15 07:29:40 jammy-provider-cloud-0000007937 neutron-server[90771]: DEBUG neutron.api.extensions [None req-9a07902a-697c-41fd-9712-0450183c47d8 None None] Extended resource: default-security-group-rules {{(pid=90771) __init__ /opt/stack/neutron/neutron/api/extensions.py:156}}
Jan 15 07:29:40 jammy-provider-cloud-0000007937 neutron-server[90771]: DEBUG neutron.api.extensions [None req-9a07902a-697c-41fd-9712-0450183c47d8 None None] Extended resource: security-groups {{(pid=90771) __init__ /opt/stack/neutron/neutron/api/extensions.py:156}}
Jan 15 07:29:40 jammy-provider-cloud-0000007937 neutron-server[90771]: DEBUG neutron.api.extensions [None req-9a07902a-697c-41fd-9712-0450183c47d8 None None] Extended resource: security-group-rules {{(pid=90771) __init__ /opt/stack/neutron/neutron/api/extensions.py:156}}
Jan 15 07:29:40 jammy-provider-cloud-0000007937 neutron-server[90771]: DEBUG neutron.api.extensions [None req-9a07902a-697c-41fd-9712-0450183c47d8 None None] Extended resource: service-providers {{(pid=90771) __init__ /opt/stack/neutron/neutron/api/extensions.py:156}}
Jan 15 07:29:40 jammy-provider-cloud-0000007937 neutron-server[90771]: DEBUG neutron.api.extensions [None req-9a07902a-697c-41fd-9712-0450183c47d8 None None] Extended resource: subnetpools {{(pid=90771) __init__ /opt/stack/neutron/neutron/api/extensions.py:156}}
Jan 15 07:29:40 jammy-provider-cloud-0000007937 neutron-server[90771]: DEBUG neutron.api.extensions [None req-9a07902a-697c-41fd-9712-0450183c47d8 None None] Extended resource: tags {{(pid=90771) __init__ /opt/stack/neutron/neutron/api/extensions.py:156}}
Jan 15 07:29:40 jammy-provider-cloud-0000007937 neutron-server[90771]: DEBUG neutron.api.extensions [None req-9a07902a-697c-41fd-9712-0450183c47d8 None None] Extended resource: tags {{(pid=90771) __init__ /opt/stack/neutron/neutron/api/extensions.py:156}}
Jan 15 07:29:40 jammy-provider-cloud-0000007937 neutron-server[90771]: DEBUG neutron.api.extensions [None req-9a07902a-697c-41fd-9712-0450183c47d8 None None] Extended resource: tags {{(pid=90771) __init__ /opt/stack/neutron/neutron/api/extensions.py:156}}
Jan 15 07:29:40 jammy-provider-cloud-0000007937 neutron-server[90771]: DEBUG neutron.api.extensions [None req-9a07902a-697c-41fd-9712-0450183c47d8 None None] Extended resource: tags {{(pid=90771) __init__ /opt/stack/neutron/neutron/api/extensions.py:156}}
Jan 15 07:29:40 jammy-provider-cloud-0000007937 neutron-server[90771]: DEBUG neutron.api.extensions [None req-9a07902a-697c-41fd-9712-0450183c47d8 None None] Extended resource: tags {{(pid=90771) __init__ /opt/stack/neutron/neutron/api/extensions.py:156}}
Jan 15 07:29:40 jammy-provider-cloud-0000007937 neutron-server[90771]: DEBUG neutron.api.extensions [None req-9a07902a-697c-41fd-9712-0450183c47d8 None None] Extended resource: tags {{(pid=90771) __init__ /opt/stack/neutron/neutron/api/extensions.py:156}}
Jan 15 07:29:40 jammy-provider-cloud-0000007937 neutron-server[90771]: DEBUG neutron.api.extensions [None req-9a07902a-697c-41fd-9712-0450183c47d8 None None] Extended resource: tags {{(pid=90771) __init__ /opt/stack/neutron/neutron/api/extensions.py:156}}
Jan 15 07:29:40 jammy-provider-cloud-0000007937 neutron-server[90771]: DEBUG neutron.api.extensions [None req-9a07902a-697c-41fd-9712-0450183c47d8 None None] Extended resource: tags {{(pid=90771) __init__ /opt/stack/neutron/neutron/api/extensions.py:156}}
Jan 15 07:29:40 jammy-provider-cloud-0000007937 neutron-server[90771]: DEBUG neutron.api.extensions [None req-9a07902a-697c-41fd-9712-0450183c47d8 None None] Extended resource: tags {{(pid=90771) __init__ /opt/stack/neutron/neutron/api/extensions.py:156}}
Jan 15 07:29:40 jammy-provider-cloud-0000007937 neutron-server[90771]: DEBUG neutron.api.extensions [None req-9a07902a-697c-41fd-9712-0450183c47d8 None None] Extended resource: tags {{(pid=90771) __init__ /opt/stack/neutron/neutron/api/extensions.py:156}}
Jan 15 07:29:40 jammy-provider-cloud-0000007937 neutron-server[90771]: WARNING keystonemiddleware.auth_token [None req-9a07902a-697c-41fd-9712-0450183c47d8 None None] AuthToken middleware is set with keystone_authtoken.service_token_roles_required set to False. This is backwards compatible but deprecated behaviour. Please set this to True.
Jan 15 07:29:40 jammy-provider-cloud-0000007937 neutron-server[90771]: WARNING keystonemiddleware.auth_token [None req-9a07902a-697c-41fd-9712-0450183c47d8 None None] Configuring www_authenticate_uri to point to the public identity endpoint is required; clients may not be able to authenticate against an admin endpoint
Jan 15 07:29:40 jammy-provider-cloud-0000007937 neutron-server[90771]: DEBUG oslo_concurrency.lockutils [None req-9a07902a-697c-41fd-9712-0450183c47d8 None None] Acquiring lock "singleton_lock" {{(pid=90771) lock /opt/stack/data/venv/lib/python3.10/site-packages/oslo_concurrency/lockutils.py:310}}
Jan 15 07:29:40 jammy-provider-cloud-0000007937 neutron-server[90771]: DEBUG oslo_concurrency.lockutils [None req-9a07902a-697c-41fd-9712-0450183c47d8 None None] Acquired lock "singleton_lock" {{(pid=90771) lock /opt/stack/data/venv/lib/python3.10/site-packages/oslo_concurrency/lockutils.py:313}}
Jan 15 07:29:40 jammy-provider-cloud-0000007937 neutron-server[90771]: DEBUG oslo_concurrency.lockutils [None req-9a07902a-697c-41fd-9712-0450183c47d8 None None] Releasing lock "singleton_lock" {{(pid=90771) lock /opt/stack/data/venv/lib/python3.10/site-packages/oslo_concurrency/lockutils.py:331}}
Jan 15 07:29:40 jammy-provider-cloud-0000007937 neutron-server[90771]: INFO oslo_service.service [None req-9a07902a-697c-41fd-9712-0450183c47d8 None None] Starting 2 workers
Jan 15 07:29:40 jammy-provider-cloud-0000007937 neutron-server[90771]: DEBUG oslo_service.service [None req-9a07902a-697c-41fd-9712-0450183c47d8 None None] Started child 90999 {{(pid=90771) _start_child /opt/stack/data/venv/lib/python3.10/site-packages/oslo_service/service.py:579}}
Jan 15 07:29:40 jammy-provider-cloud-0000007937 neutron-server[90771]: DEBUG oslo_service.service [None req-9a07902a-697c-41fd-9712-0450183c47d8 None None] Started child 91000 {{(pid=90771) _start_child /opt/stack/data/venv/lib/python3.10/site-packages/oslo_service/service.py:579}}
Jan 15 07:29:40 jammy-provider-cloud-0000007937 neutron-server[90771]: INFO neutron.service [None req-9a07902a-697c-41fd-9712-0450183c47d8 None None] Neutron service started, listening on 0.0.0.0:9696
Jan 15 07:29:40 jammy-provider-cloud-0000007937 neutron-server[90771]: DEBUG neutron_lib.callbacks.manager [None req-9a07902a-697c-41fd-9712-0450183c47d8 None None] Publish callbacks ['neutron.plugins.ml2.drivers.ovn.mech_driver.mech_driver.OVNMechanismDriver.pre_fork_initialize-16430853'] for process (None), before_spawn {{(pid=90771) _notify_loop /opt/stack/data/venv/lib/python3.10/site-packages/neutron_lib/callbacks/manager.py:184}}
Jan 15 07:29:40 jammy-provider-cloud-0000007937 neutron-server[90771]: DEBUG oslo_concurrency.processutils [None req-9a07902a-697c-41fd-9712-0450183c47d8 None None] Running cmd (subprocess): ovsdb-client transact tcp:10.201.5.87:6641 --timeout 180 ["OVN_Northbound", {"op": "wait", "timeout": 0, "table": "Port_Group", "where": [["name", "==", "neutron_pg_drop"]], "until": "==", "rows": []}, {"op": "insert", "table": "ACL", "row": {"action": "drop", "direction": "to-lport", "match": "outport == @neutron_pg_drop && ip", "priority": 1001}, "uuid-name": "droptoport"}, {"op": "insert", "table": "ACL", "row": {"action": "drop", "direction": "from-lport", "match": "inport == @neutron_pg_drop && ip", "priority": 1001}, "uuid-name": "dropfromport"}, {"op": "insert", "table": "Port_Group", "row": {"name": "neutron_pg_drop", "acls": ["set", [["named-uuid", "droptoport"], ["named-uuid", "dropfromport"]]]}}] {{(pid=90771) execute /opt/stack/data/venv/lib/python3.10/site-packages/oslo_concurrency/processutils.py:383}}
Jan 15 07:29:40 jammy-provider-cloud-0000007937 neutron-server[90999]: DEBUG neutron_lib.callbacks.manager [-] Publish callbacks ['neutron.plugins.ml2.drivers.ovn.mech_driver.mech_driver.OVNMechanismDriver.post_fork_initialize-16430930'] for process (None), after_init {{(pid=90999) _notify_loop /opt/stack/data/venv/lib/python3.10/site-packages/neutron_lib/callbacks/manager.py:184}}
Jan 15 07:29:40 jammy-provider-cloud-0000007937 neutron-server[90999]: DEBUG oslo_concurrency.lockutils [-] Acquiring lock "singleton_lock" {{(pid=90999) lock /opt/stack/data/venv/lib/python3.10/site-packages/oslo_concurrency/lockutils.py:310}}
Jan 15 07:29:40 jammy-provider-cloud-0000007937 neutron-server[90999]: DEBUG oslo_concurrency.lockutils [-] Acquired lock "singleton_lock" {{(pid=90999) lock /opt/stack/data/venv/lib/python3.10/site-packages/oslo_concurrency/lockutils.py:313}}
Jan 15 07:29:40 jammy-provider-cloud-0000007937 neutron-server[90999]: DEBUG oslo_concurrency.lockutils [-] Releasing lock "singleton_lock" {{(pid=90999) lock /opt/stack/data/venv/lib/python3.10/site-packages/oslo_concurrency/lockutils.py:331}}
Jan 15 07:29:40 jammy-provider-cloud-0000007937 neutron-server[90999]: DEBUG neutron.plugins.ml2.drivers.ovn.mech_driver.mech_driver [None req-53e58c35-02aa-4ac6-aafc-3446ad0cdf9e None None] Hash Ring setup using multiprocess event lock {{(pid=90999) _setup_hash_ring_event /opt/stack/neutron/neutron/plugins/ml2/drivers/ovn/mech_driver/mech_driver.py:350}}
Jan 15 07:29:40 jammy-provider-cloud-0000007937 neutron-server[91000]: DEBUG neutron_lib.callbacks.manager [-] Publish callbacks ['neutron.plugins.ml2.drivers.ovn.mech_driver.mech_driver.OVNMechanismDriver.post_fork_initialize-16430930'] for process (None), after_init {{(pid=91000) _notify_loop /opt/stack/data/venv/lib/python3.10/site-packages/neutron_lib/callbacks/manager.py:184}}
Jan 15 07:29:40 jammy-provider-cloud-0000007937 neutron-server[91000]: DEBUG oslo_concurrency.lockutils [-] Acquiring lock "singleton_lock" {{(pid=91000) lock /opt/stack/data/venv/lib/python3.10/site-packages/oslo_concurrency/lockutils.py:310}}
Jan 15 07:29:40 jammy-provider-cloud-0000007937 neutron-server[91000]: DEBUG oslo_concurrency.lockutils [-] Acquired lock "singleton_lock" {{(pid=91000) lock /opt/stack/data/venv/lib/python3.10/site-packages/oslo_concurrency/lockutils.py:313}}
Jan 15 07:29:40 jammy-provider-cloud-0000007937 neutron-server[91000]: DEBUG oslo_concurrency.lockutils [-] Releasing lock "singleton_lock" {{(pid=91000) lock /opt/stack/data/venv/lib/python3.10/site-packages/oslo_concurrency/lockutils.py:331}}
Jan 15 07:29:40 jammy-provider-cloud-0000007937 neutron-server[91000]: DEBUG neutron.plugins.ml2.drivers.ovn.mech_driver.mech_driver [None req-3e04c157-7450-4a3a-877a-4bfddc5dc358 None None] Hash Ring setup using multiprocess event lock {{(pid=91000) _setup_hash_ring_event /opt/stack/neutron/neutron/plugins/ml2/drivers/ovn/mech_driver/mech_driver.py:350}}
Jan 15 07:29:40 jammy-provider-cloud-0000007937 neutron-server[90771]: DEBUG oslo_concurrency.processutils [None req-9a07902a-697c-41fd-9712-0450183c47d8 None None] CMD "ovsdb-client transact tcp:10.201.5.87:6641 --timeout 180 ["OVN_Northbound", {"op": "wait", "timeout": 0, "table": "Port_Group", "where": [["name", "==", "neutron_pg_drop"]], "until": "==", "rows": []}, {"op": "insert", "table": "ACL", "row": {"action": "drop", "direction": "to-lport", "match": "outport == @neutron_pg_drop && ip", "priority": 1001}, "uuid-name": "droptoport"}, {"op": "insert", "table": "ACL", "row": {"action": "drop", "direction": "from-lport", "match": "inport == @neutron_pg_drop && ip", "priority": 1001}, "uuid-name": "dropfromport"}, {"op": "insert", "table": "Port_Group", "row": {"name": "neutron_pg_drop", "acls": ["set", [["named-uuid", "droptoport"], ["named-uuid", "dropfromport"]]]}}]" returned: 0 in 0.019s {{(pid=90771) execute /opt/stack/data/venv/lib/python3.10/site-packages/oslo_concurrency/processutils.py:421}}
Jan 15 07:29:40 jammy-provider-cloud-0000007937 neutron-server[90771]: INFO oslo_service.service [None req-9a07902a-697c-41fd-9712-0450183c47d8 None None] Starting 1 workers
Jan 15 07:29:40 jammy-provider-cloud-0000007937 neutron-server[90999]: DEBUG dbcounter [-] [90999] Writer thread running {{(pid=90999) stat_writer /opt/stack/data/venv/lib/python3.10/site-packages/dbcounter.py:102}}
Jan 15 07:29:40 jammy-provider-cloud-0000007937 neutron-server[90999]: INFO neutron.db.ovn_hash_ring_db [None req-53e58c35-02aa-4ac6-aafc-3446ad0cdf9e None None] Nodes from host "jammy-provider-cloud-0000007937" and group "mechanism_driver" removed from the Hash Ring
Jan 15 07:29:40 jammy-provider-cloud-0000007937 neutron-server[90771]: DEBUG oslo_service.service [None req-9a07902a-697c-41fd-9712-0450183c47d8 None None] Started child 91003 {{(pid=90771) _start_child /opt/stack/data/venv/lib/python3.10/site-packages/oslo_service/service.py:579}}
Jan 15 07:29:40 jammy-provider-cloud-0000007937 neutron-server[90771]: INFO oslo_service.service [None req-9a07902a-697c-41fd-9712-0450183c47d8 None None] Starting 1 workers
Jan 15 07:29:40 jammy-provider-cloud-0000007937 neutron-server[91000]: DEBUG dbcounter [-] [91000] Writer thread running {{(pid=91000) stat_writer /opt/stack/data/venv/lib/python3.10/site-packages/dbcounter.py:102}}
Jan 15 07:29:40 jammy-provider-cloud-0000007937 neutron-server[91003]: DEBUG neutron.service [None req-9a07902a-697c-41fd-9712-0450183c47d8 None None] calling RpcWorker wait() {{(pid=91003) _wait /opt/stack/neutron/neutron/service.py:132}}
Jan 15 07:29:40 jammy-provider-cloud-0000007937 neutron-server[91003]: DEBUG neutron.service [None req-9a07902a-697c-41fd-9712-0450183c47d8 None None] returning from RpcWorker wait() {{(pid=91003) _wait /opt/stack/neutron/neutron/service.py:139}}
Jan 15 07:29:40 jammy-provider-cloud-0000007937 neutron-server[91003]: DEBUG neutron_lib.callbacks.manager [-] Publish callbacks ['neutron.plugins.ml2.drivers.ovn.mech_driver.mech_driver.OVNMechanismDriver.post_fork_initialize-16430930'] for process (None), after_init {{(pid=91003) _notify_loop /opt/stack/data/venv/lib/python3.10/site-packages/neutron_lib/callbacks/manager.py:184}}
Jan 15 07:29:40 jammy-provider-cloud-0000007937 neutron-server[91003]: INFO neutron.plugins.ml2.drivers.ovn.mech_driver.ovsdb.impl_idl_ovn [-] Getting OvsdbNbOvnIdl for RpcWorker with retry
Jan 15 07:29:40 jammy-provider-cloud-0000007937 neutron-server[90999]: INFO neutron.db.ovn_hash_ring_db [None req-53e58c35-02aa-4ac6-aafc-3446ad0cdf9e None None] Node b7f3f802-6a48-4970-a06d-3fbe34eaf6e4 from host "jammy-provider-cloud-0000007937" and group "mechanism_driver" added to the Hash Ring
Jan 15 07:29:40 jammy-provider-cloud-0000007937 neutron-server[90999]: DEBUG neutron.plugins.ml2.drivers.ovn.mech_driver.ovsdb.maintenance [None req-53e58c35-02aa-4ac6-aafc-3446ad0cdf9e None None] Periodic task found: HashRingHealthCheckPeriodics.touch_hash_ring_node {{(pid=90999) add_periodics /opt/stack/neutron/neutron/plugins/ml2/drivers/ovn/mech_driver/ovsdb/maintenance.py:93}}
Jan 15 07:29:40 jammy-provider-cloud-0000007937 neutron-server[91000]: INFO neutron.db.ovn_hash_ring_db [None req-3e04c157-7450-4a3a-877a-4bfddc5dc358 None None] Node 04c776c1-cbd7-44d6-86f1-3695aac63e34 from host "jammy-provider-cloud-0000007937" and group "mechanism_driver" added to the Hash Ring
Jan 15 07:29:40 jammy-provider-cloud-0000007937 neutron-server[90999]: INFO neutron.plugins.ml2.drivers.ovn.mech_driver.mech_driver [None req-53e58c35-02aa-4ac6-aafc-3446ad0cdf9e None None] Hash Ring probing thread for node b7f3f802-6a48-4970-a06d-3fbe34eaf6e4 has started
Jan 15 07:29:40 jammy-provider-cloud-0000007937 neutron-server[91000]: DEBUG neutron.plugins.ml2.drivers.ovn.mech_driver.ovsdb.maintenance [None req-3e04c157-7450-4a3a-877a-4bfddc5dc358 None None] Periodic task found: HashRingHealthCheckPeriodics.touch_hash_ring_node {{(pid=91000) add_periodics /opt/stack/neutron/neutron/plugins/ml2/drivers/ovn/mech_driver/ovsdb/maintenance.py:93}}
Jan 15 07:29:40 jammy-provider-cloud-0000007937 neutron-server[90999]: INFO neutron.plugins.ml2.drivers.ovn.mech_driver.ovsdb.impl_idl_ovn [None req-53e58c35-02aa-4ac6-aafc-3446ad0cdf9e None None] Getting OvsdbNbOvnIdl for WorkerService with retry
Jan 15 07:29:40 jammy-provider-cloud-0000007937 neutron-server[91000]: INFO neutron.plugins.ml2.drivers.ovn.mech_driver.mech_driver [None req-3e04c157-7450-4a3a-877a-4bfddc5dc358 None None] Hash Ring probing thread for node 04c776c1-cbd7-44d6-86f1-3695aac63e34 has started
Jan 15 07:29:40 jammy-provider-cloud-0000007937 neutron-server[91000]: INFO neutron.plugins.ml2.drivers.ovn.mech_driver.ovsdb.impl_idl_ovn [None req-3e04c157-7450-4a3a-877a-4bfddc5dc358 None None] Getting OvsdbNbOvnIdl for WorkerService with retry
Jan 15 07:29:40 jammy-provider-cloud-0000007937 neutron-server[90771]: DEBUG oslo_service.service [None req-9a07902a-697c-41fd-9712-0450183c47d8 None None] Started child 91004 {{(pid=90771) _start_child /opt/stack/data/venv/lib/python3.10/site-packages/oslo_service/service.py:579}}
Jan 15 07:29:40 jammy-provider-cloud-0000007937 neutron-server[90771]: INFO oslo_service.service [None req-9a07902a-697c-41fd-9712-0450183c47d8 None None] Starting 1 workers
Jan 15 07:29:40 jammy-provider-cloud-0000007937 neutron-server[91004]: DEBUG neutron_lib.callbacks.manager [-] Publish callbacks ['neutron.plugins.ml2.drivers.ovn.mech_driver.mech_driver.OVNMechanismDriver.post_fork_initialize-16430930'] for process (None), after_init {{(pid=91004) _notify_loop /opt/stack/data/venv/lib/python3.10/site-packages/neutron_lib/callbacks/manager.py:184}}
Jan 15 07:29:40 jammy-provider-cloud-0000007937 neutron-server[90771]: DEBUG oslo_service.service [None req-9a07902a-697c-41fd-9712-0450183c47d8 None None] Started child 91005 {{(pid=90771) _start_child /opt/stack/data/venv/lib/python3.10/site-packages/oslo_service/service.py:579}}
Jan 15 07:29:40 jammy-provider-cloud-0000007937 neutron-server[90771]: DEBUG neutron_lib.callbacks.manager [None req-9a07902a-697c-41fd-9712-0450183c47d8 None None] Publish callbacks [] for process (None), after_spawn {{(pid=90771) _notify_loop /opt/stack/data/venv/lib/python3.10/site-packages/neutron_lib/callbacks/manager.py:184}}
Jan 15 07:29:40 jammy-provider-cloud-0000007937 neutron-server[91004]: INFO neutron.plugins.ml2.drivers.ovn.mech_driver.ovsdb.impl_idl_ovn [-] Getting OvsdbNbOvnIdl for MaintenanceWorker with retry
Jan 15 07:29:41 jammy-provider-cloud-0000007937 neutron-server[91005]: DEBUG neutron_lib.callbacks.manager [-] Publish callbacks ['neutron.plugins.ml2.drivers.ovn.mech_driver.mech_driver.OVNMechanismDriver.post_fork_initialize-16430930'] for process (None), after_init {{(pid=91005) _notify_loop /opt/stack/data/venv/lib/python3.10/site-packages/neutron_lib/callbacks/manager.py:184}}
Jan 15 07:29:41 jammy-provider-cloud-0000007937 neutron-server[91003]: DEBUG ovsdbapp.backend.ovs_idl [None req-8c9d7f81-c87f-4208-860e-571f1a827b98 None None] Created lookup_table index Logical_Switch.name {{(pid=91003) autocreate_indices /opt/stack/data/venv/lib/python3.10/site-packages/ovsdbapp/backend/ovs_idl/__init__.py:87}}
Jan 15 07:29:41 jammy-provider-cloud-0000007937 neutron-server[91003]: DEBUG ovsdbapp.backend.ovs_idl [None req-8c9d7f81-c87f-4208-860e-571f1a827b98 None None] Created lookup_table index Logical_Router.name {{(pid=91003) autocreate_indices /opt/stack/data/venv/lib/python3.10/site-packages/ovsdbapp/backend/ovs_idl/__init__.py:87}}
Jan 15 07:29:41 jammy-provider-cloud-0000007937 neutron-server[91003]: DEBUG ovsdbapp.backend.ovs_idl [None req-8c9d7f81-c87f-4208-860e-571f1a827b98 None None] Created lookup_table index Load_Balancer.name {{(pid=91003) autocreate_indices /opt/stack/data/venv/lib/python3.10/site-packages/ovsdbapp/backend/ovs_idl/__init__.py:87}}
Jan 15 07:29:41 jammy-provider-cloud-0000007937 neutron-server[91003]: DEBUG ovsdbapp.backend.ovs_idl [None req-8c9d7f81-c87f-4208-860e-571f1a827b98 None None] Created schema index Copp.name {{(pid=91003) autocreate_indices /opt/stack/data/venv/lib/python3.10/site-packages/ovsdbapp/backend/ovs_idl/__init__.py:106}}
Jan 15 07:29:41 jammy-provider-cloud-0000007937 neutron-server[91003]: DEBUG ovsdbapp.backend.ovs_idl [None req-8c9d7f81-c87f-4208-860e-571f1a827b98 None None] Created schema index Meter.name {{(pid=91003) autocreate_indices /opt/stack/data/venv/lib/python3.10/site-packages/ovsdbapp/backend/ovs_idl/__init__.py:106}}
Jan 15 07:29:41 jammy-provider-cloud-0000007937 neutron-server[91003]: DEBUG ovsdbapp.backend.ovs_idl [None req-8c9d7f81-c87f-4208-860e-571f1a827b98 None None] Created schema index Load_Balancer_Group.name {{(pid=91003) autocreate_indices /opt/stack/data/venv/lib/python3.10/site-packages/ovsdbapp/backend/ovs_idl/__init__.py:106}}
Jan 15 07:29:41 jammy-provider-cloud-0000007937 neutron-server[91003]: DEBUG ovsdbapp.backend.ovs_idl [None req-8c9d7f81-c87f-4208-860e-571f1a827b98 None None] Created schema index HA_Chassis_Group.name {{(pid=91003) autocreate_indices /opt/stack/data/venv/lib/python3.10/site-packages/ovsdbapp/backend/ovs_idl/__init__.py:106}}
Jan 15 07:29:41 jammy-provider-cloud-0000007937 neutron-server[91003]: DEBUG ovsdbapp.backend.ovs_idl [None req-8c9d7f81-c87f-4208-860e-571f1a827b98 None None] Created schema index Address_Set.name {{(pid=91003) autocreate_indices /opt/stack/data/venv/lib/python3.10/site-packages/ovsdbapp/backend/ovs_idl/__init__.py:106}}
Jan 15 07:29:41 jammy-provider-cloud-0000007937 neutron-server[91000]: DEBUG ovsdbapp.backend.ovs_idl [None req-3e04c157-7450-4a3a-877a-4bfddc5dc358 None None] Created lookup_table index Logical_Switch.name {{(pid=91000) autocreate_indices /opt/stack/data/venv/lib/python3.10/site-packages/ovsdbapp/backend/ovs_idl/__init__.py:87}}
Jan 15 07:29:41 jammy-provider-cloud-0000007937 neutron-server[90999]: DEBUG ovsdbapp.backend.ovs_idl [None req-53e58c35-02aa-4ac6-aafc-3446ad0cdf9e None None] Created lookup_table index Logical_Switch.name {{(pid=90999) autocreate_indices /opt/stack/data/venv/lib/python3.10/site-packages/ovsdbapp/backend/ovs_idl/__init__.py:87}}
Jan 15 07:29:41 jammy-provider-cloud-0000007937 neutron-server[91000]: DEBUG ovsdbapp.backend.ovs_idl [None req-3e04c157-7450-4a3a-877a-4bfddc5dc358 None None] Created lookup_table index Logical_Router.name {{(pid=91000) autocreate_indices /opt/stack/data/venv/lib/python3.10/site-packages/ovsdbapp/backend/ovs_idl/__init__.py:87}}
Jan 15 07:29:41 jammy-provider-cloud-0000007937 neutron-server[90999]: DEBUG ovsdbapp.backend.ovs_idl [None req-53e58c35-02aa-4ac6-aafc-3446ad0cdf9e None None] Created lookup_table index Logical_Router.name {{(pid=90999) autocreate_indices /opt/stack/data/venv/lib/python3.10/site-packages/ovsdbapp/backend/ovs_idl/__init__.py:87}}
Jan 15 07:29:41 jammy-provider-cloud-0000007937 neutron-server[90771]: DEBUG oslo_service.service [-] Full set of CONF: {{(pid=90771) wait /opt/stack/data/venv/lib/python3.10/site-packages/oslo_service/service.py:653}}
Jan 15 07:29:41 jammy-provider-cloud-0000007937 neutron-server[90771]: DEBUG oslo_service.service [-] ******************************************************************************** {{(pid=90771) log_opt_values /opt/stack/data/venv/lib/python3.10/site-packages/oslo_config/cfg.py:2804}}
Jan 15 07:29:41 jammy-provider-cloud-0000007937 neutron-server[90999]: DEBUG ovsdbapp.backend.ovs_idl [None req-53e58c35-02aa-4ac6-aafc-3446ad0cdf9e None None] Created lookup_table index Load_Balancer.name {{(pid=90999) autocreate_indices /opt/stack/data/venv/lib/python3.10/site-packages/ovsdbapp/backend/ovs_idl/__init__.py:87}}
Jan 15 07:29:41 jammy-provider-cloud-0000007937 neutron-server[90771]: DEBUG oslo_service.service [-] Configuration options gathered from: {{(pid=90771) log_opt_values /opt/stack/data/venv/lib/python3.10/site-packages/oslo_config/cfg.py:2805}}
Jan 15 07:29:41 jammy-provider-cloud-0000007937 neutron-server[90771]: DEBUG oslo_service.service [-] command line args: ['--config-file', '/etc/neutron/neutron.conf', '--config-file', '/etc/neutron/plugins/ml2/ml2_conf.ini'] {{(pid=90771) log_opt_values /opt/stack/data/venv/lib/python3.10/site-packages/oslo_config/cfg.py:2806}}
Jan 15 07:29:41 jammy-provider-cloud-0000007937 neutron-server[91000]: DEBUG ovsdbapp.backend.ovs_idl [None req-3e04c157-7450-4a3a-877a-4bfddc5dc358 None None] Created lookup_table index Load_Balancer.name {{(pid=91000) autocreate_indices /opt/stack/data/venv/lib/python3.10/site-packages/ovsdbapp/backend/ovs_idl/__init__.py:87}}
Jan 15 07:29:41 jammy-provider-cloud-0000007937 neutron-server[90999]: DEBUG ovsdbapp.backend.ovs_idl [None req-53e58c35-02aa-4ac6-aafc-3446ad0cdf9e None None] Created schema index Copp.name {{(pid=90999) autocreate_indices /opt/stack/data/venv/lib/python3.10/site-packages/ovsdbapp/backend/ovs_idl/__init__.py:106}}
Jan 15 07:29:41 jammy-provider-cloud-0000007937 neutron-server[90771]: DEBUG oslo_service.service [-] config files: ['/etc/neutron/neutron.conf', '/etc/neutron/plugins/ml2/ml2_conf.ini'] {{(pid=90771) log_opt_values /opt/stack/data/venv/lib/python3.10/site-packages/oslo_config/cfg.py:2807}}
Jan 15 07:29:41 jammy-provider-cloud-0000007937 neutron-server[90771]: DEBUG oslo_service.service [-] ================================================================================ {{(pid=90771) log_opt_values /opt/stack/data/venv/lib/python3.10/site-packages/oslo_config/cfg.py:2809}}
Jan 15 07:29:41 jammy-provider-cloud-0000007937 neutron-server[90999]: DEBUG ovsdbapp.backend.ovs_idl [None req-53e58c35-02aa-4ac6-aafc-3446ad0cdf9e None None] Created schema index Meter.name {{(pid=90999) autocreate_indices /opt/stack/data/venv/lib/python3.10/site-packages/ovsdbapp/backend/ovs_idl/__init__.py:106}}
Jan 15 07:29:41 jammy-provider-cloud-0000007937 neutron-server[91000]: DEBUG ovsdbapp.backend.ovs_idl [None req-3e04c157-7450-4a3a-877a-4bfddc5dc358 None None] Created schema index Copp.name {{(pid=91000) autocreate_indices /opt/stack/data/venv/lib/python3.10/site-packages/ovsdbapp/backend/ovs_idl/__init__.py:106}}
Jan 15 07:29:41 jammy-provider-cloud-0000007937 neutron-server[90999]: DEBUG ovsdbapp.backend.ovs_idl [None req-53e58c35-02aa-4ac6-aafc-3446ad0cdf9e None None] Created schema index Load_Balancer_Group.name {{(pid=90999) autocreate_indices /opt/stack/data/venv/lib/python3.10/site-packages/ovsdbapp/backend/ovs_idl/__init__.py:106}}
Jan 15 07:29:41 jammy-provider-cloud-0000007937 neutron-server[90999]: DEBUG ovsdbapp.backend.ovs_idl [None req-53e58c35-02aa-4ac6-aafc-3446ad0cdf9e None None] Created schema index HA_Chassis_Group.name {{(pid=90999) autocreate_indices /opt/stack/data/venv/lib/python3.10/site-packages/ovsdbapp/backend/ovs_idl/__init__.py:106}}
Jan 15 07:29:41 jammy-provider-cloud-0000007937 neutron-server[91000]: DEBUG ovsdbapp.backend.ovs_idl [None req-3e04c157-7450-4a3a-877a-4bfddc5dc358 None None] Created schema index Meter.name {{(pid=91000) autocreate_indices /opt/stack/data/venv/lib/python3.10/site-packages/ovsdbapp/backend/ovs_idl/__init__.py:106}}
Jan 15 07:29:41 jammy-provider-cloud-0000007937 neutron-server[90999]: DEBUG ovsdbapp.backend.ovs_idl [None req-53e58c35-02aa-4ac6-aafc-3446ad0cdf9e None None] Created schema index Address_Set.name {{(pid=90999) autocreate_indices /opt/stack/data/venv/lib/python3.10/site-packages/ovsdbapp/backend/ovs_idl/__init__.py:106}}
Jan 15 07:29:41 jammy-provider-cloud-0000007937 neutron-server[90771]: DEBUG oslo_service.service [-] agent_down_time                = 75 {{(pid=90771) log_opt_values /opt/stack/data/venv/lib/python3.10/site-packages/oslo_config/cfg.py:2817}}
Jan 15 07:29:41 jammy-provider-cloud-0000007937 neutron-server[91000]: DEBUG ovsdbapp.backend.ovs_idl [None req-3e04c157-7450-4a3a-877a-4bfddc5dc358 None None] Created schema index Load_Balancer_Group.name {{(pid=91000) autocreate_indices /opt/stack/data/venv/lib/python3.10/site-packages/ovsdbapp/backend/ovs_idl/__init__.py:106}}
Jan 15 07:29:41 jammy-provider-cloud-0000007937 neutron-server[90999]: DEBUG ovsdbapp.backend.ovs_idl [None req-53e58c35-02aa-4ac6-aafc-3446ad0cdf9e None None] Created schema index Connection.target {{(pid=90999) autocreate_indices /opt/stack/data/venv/lib/python3.10/site-packages/ovsdbapp/backend/ovs_idl/__init__.py:106}}
Jan 15 07:29:41 jammy-provider-cloud-0000007937 neutron-server[90771]: DEBUG oslo_service.service [-] allow_automatic_dhcp_failover  = True {{(pid=90771) log_opt_values /opt/stack/data/venv/lib/python3.10/site-packages/oslo_config/cfg.py:2817}}
Jan 15 07:29:41 jammy-provider-cloud-0000007937 neutron-server[90771]: DEBUG oslo_service.service [-] allow_bulk                     = True {{(pid=90771) log_opt_values /opt/stack/data/venv/lib/python3.10/site-packages/oslo_config/cfg.py:2817}}
Jan 15 07:29:41 jammy-provider-cloud-0000007937 neutron-server[90999]: DEBUG ovsdbapp.backend.ovs_idl [None req-53e58c35-02aa-4ac6-aafc-3446ad0cdf9e None None] Created schema index Gateway_Chassis.name {{(pid=90999) autocreate_indices /opt/stack/data/venv/lib/python3.10/site-packages/ovsdbapp/backend/ovs_idl/__init__.py:106}}
Jan 15 07:29:41 jammy-provider-cloud-0000007937 neutron-server[91000]: DEBUG ovsdbapp.backend.ovs_idl [None req-3e04c157-7450-4a3a-877a-4bfddc5dc358 None None] Created schema index HA_Chassis_Group.name {{(pid=91000) autocreate_indices /opt/stack/data/venv/lib/python3.10/site-packages/ovsdbapp/backend/ovs_idl/__init__.py:106}}
Jan 15 07:29:41 jammy-provider-cloud-0000007937 neutron-server[90771]: DEBUG oslo_service.service [-] allowed_conntrack_helpers      = [{'amanda': 'tcp'}, {'ftp': 'tcp'}, {'h323': 'udp'}, {'h323': 'tcp'}, {'irc': 'tcp'}, {'netbios-ns': 'udp'}, {'pptp': 'tcp'}, {'sane': 'tcp'}, {'sip': 'udp'}, {'sip': 'tcp'}, {'snmp': 'udp'}, {'tftp': 'udp'}] {{(pid=90771) log_opt_values /opt/stack/data/venv/lib/python3.10/site-packages/oslo_config/cfg.py:2817}}
Jan 15 07:29:41 jammy-provider-cloud-0000007937 neutron-server[90999]: DEBUG ovsdbapp.backend.ovs_idl [None req-53e58c35-02aa-4ac6-aafc-3446ad0cdf9e None None] Created schema index Logical_Router_Port.name {{(pid=90999) autocreate_indices /opt/stack/data/venv/lib/python3.10/site-packages/ovsdbapp/backend/ovs_idl/__init__.py:106}}
Jan 15 07:29:41 jammy-provider-cloud-0000007937 neutron-server[90771]: DEBUG oslo_service.service [-] api_extensions_path            =  {{(pid=90771) log_opt_values /opt/stack/data/venv/lib/python3.10/site-packages/oslo_config/cfg.py:2817}}
Jan 15 07:29:41 jammy-provider-cloud-0000007937 neutron-server[90771]: DEBUG oslo_service.service [-] api_paste_config               = api-paste.ini {{(pid=90771) log_opt_values /opt/stack/data/venv/lib/python3.10/site-packages/oslo_config/cfg.py:2817}}
Jan 15 07:29:41 jammy-provider-cloud-0000007937 neutron-server[90999]: DEBUG ovsdbapp.backend.ovs_idl [None req-53e58c35-02aa-4ac6-aafc-3446ad0cdf9e None None] Created schema index Port_Group.name {{(pid=90999) autocreate_indices /opt/stack/data/venv/lib/python3.10/site-packages/ovsdbapp/backend/ovs_idl/__init__.py:106}}
Jan 15 07:29:41 jammy-provider-cloud-0000007937 neutron-server[90771]: DEBUG oslo_service.service [-] api_workers                    = 2 {{(pid=90771) log_opt_values /opt/stack/data/venv/lib/python3.10/site-packages/oslo_config/cfg.py:2817}}
Jan 15 07:29:41 jammy-provider-cloud-0000007937 neutron-server[90999]: DEBUG ovsdbapp.backend.ovs_idl [None req-53e58c35-02aa-4ac6-aafc-3446ad0cdf9e None None] Created schema index Logical_Switch_Port.name {{(pid=90999) autocreate_indices /opt/stack/data/venv/lib/python3.10/site-packages/ovsdbapp/backend/ovs_idl/__init__.py:106}}
Jan 15 07:29:41 jammy-provider-cloud-0000007937 neutron-server[90771]: DEBUG oslo_service.service [-] auth_strategy                  = keystone {{(pid=90771) log_opt_values /opt/stack/data/venv/lib/python3.10/site-packages/oslo_config/cfg.py:2817}}
Jan 15 07:29:41 jammy-provider-cloud-0000007937 neutron-server[90771]: DEBUG oslo_service.service [-] backdoor_port                  = None {{(pid=90771) log_opt_values /opt/stack/data/venv/lib/python3.10/site-packages/oslo_config/cfg.py:2817}}
Jan 15 07:29:41 jammy-provider-cloud-0000007937 neutron-server[90771]: DEBUG oslo_service.service [-] backdoor_socket                = None {{(pid=90771) log_opt_values /opt/stack/data/venv/lib/python3.10/site-packages/oslo_config/cfg.py:2817}}
Jan 15 07:29:41 jammy-provider-cloud-0000007937 neutron-server[91000]: DEBUG ovsdbapp.backend.ovs_idl [None req-3e04c157-7450-4a3a-877a-4bfddc5dc358 None None] Created schema index Address_Set.name {{(pid=91000) autocreate_indices /opt/stack/data/venv/lib/python3.10/site-packages/ovsdbapp/backend/ovs_idl/__init__.py:106}}
