Feb 12 17:59:06 jammy-provider-cloud-0000008002 cinder-volume[103236]: DEBUG dbcounter [-] [103236] Writing DB stats cinder:UPDATE=1 {{(pid=103236) stat_writer /opt/stack/data/venv/lib/python3.10/site-packages/dbcounter.py:115}}
Feb 12 17:59:23 jammy-provider-cloud-0000008002 systemd[1]: Stopping Devstack devstack@c-vol.service...
Feb 12 17:59:23 jammy-provider-cloud-0000008002 cinder-volume[103044]: INFO oslo_service.service [None req-7e974d0a-ed28-4be7-be71-10397a403fa8 None None] Caught SIGTERM, stopping children
Feb 12 17:59:23 jammy-provider-cloud-0000008002 cinder-volume[103044]: DEBUG oslo_concurrency.lockutils [None req-7e974d0a-ed28-4be7-be71-10397a403fa8 None None] Acquiring lock "singleton_lock" {{(pid=103044) lock /opt/stack/data/venv/lib/python3.10/site-packages/oslo_concurrency/lockutils.py:310}}
Feb 12 17:59:23 jammy-provider-cloud-0000008002 cinder-volume[103044]: DEBUG oslo_concurrency.lockutils [None req-7e974d0a-ed28-4be7-be71-10397a403fa8 None None] Acquired lock "singleton_lock" {{(pid=103044) lock /opt/stack/data/venv/lib/python3.10/site-packages/oslo_concurrency/lockutils.py:313}}
Feb 12 17:59:23 jammy-provider-cloud-0000008002 cinder-volume[103044]: DEBUG oslo_concurrency.lockutils [None req-7e974d0a-ed28-4be7-be71-10397a403fa8 None None] Releasing lock "singleton_lock" {{(pid=103044) lock /opt/stack/data/venv/lib/python3.10/site-packages/oslo_concurrency/lockutils.py:331}}
Feb 12 17:59:23 jammy-provider-cloud-0000008002 cinder-volume[103044]: DEBUG oslo_service.service [None req-7e974d0a-ed28-4be7-be71-10397a403fa8 None None] Stop services. {{(pid=103044) stop /opt/stack/data/venv/lib/python3.10/site-packages/oslo_service/service.py:699}}
Feb 12 17:59:23 jammy-provider-cloud-0000008002 cinder-volume[103044]: DEBUG oslo_service.service [None req-7e974d0a-ed28-4be7-be71-10397a403fa8 None None] Killing children. {{(pid=103044) stop /opt/stack/data/venv/lib/python3.10/site-packages/oslo_service/service.py:704}}
Feb 12 17:59:23 jammy-provider-cloud-0000008002 cinder-volume[103044]: INFO oslo_service.service [None req-7e974d0a-ed28-4be7-be71-10397a403fa8 None None] Waiting on 1 children to exit
Feb 12 17:59:26 jammy-provider-cloud-0000008002 cinder-volume[103236]: DEBUG cinder.volume.drivers.lvm [None req-bfaf3f6a-908f-4bae-ab9b-3c3b30d657c0 None None] Updating volume stats {{(pid=103236) _update_volume_stats /opt/stack/cinder/cinder/volume/drivers/lvm.py:227}}
Feb 12 17:59:26 jammy-provider-cloud-0000008002 cinder-volume[103236]: DEBUG oslo_concurrency.processutils [None req-bfaf3f6a-908f-4bae-ab9b-3c3b30d657c0 None None] Running cmd (subprocess): sudo cinder-rootwrap /etc/cinder/rootwrap.conf env LC_ALL=C vgs --noheadings --unit=g -o name,size,free,lv_count,uuid --separator : --nosuffix stack-volumes-lvmdriver-1 {{(pid=103236) execute /opt/stack/data/venv/lib/python3.10/site-packages/oslo_concurrency/processutils.py:349}}
Feb 12 17:59:26 jammy-provider-cloud-0000008002 sudo[112900]:   ubuntu : PWD=/ ; USER=root ; COMMAND=/usr/local/bin/cinder-rootwrap /etc/cinder/rootwrap.conf env LC_ALL=C vgs --noheadings --unit=g -o name,size,free,lv_count,uuid --separator : --nosuffix stack-volumes-lvmdriver-1
Feb 12 17:59:26 jammy-provider-cloud-0000008002 sudo[112900]: pam_unix(sudo:session): session opened for user root(uid=0) by (uid=1000)
Feb 12 17:59:27 jammy-provider-cloud-0000008002 sudo[112900]: pam_unix(sudo:session): session closed for user root
Feb 12 17:59:27 jammy-provider-cloud-0000008002 cinder-volume[103236]: DEBUG oslo_concurrency.processutils [None req-bfaf3f6a-908f-4bae-ab9b-3c3b30d657c0 None None] CMD "sudo cinder-rootwrap /etc/cinder/rootwrap.conf env LC_ALL=C vgs --noheadings --unit=g -o name,size,free,lv_count,uuid --separator : --nosuffix stack-volumes-lvmdriver-1" returned: 0 in 0.385s {{(pid=103236) execute /opt/stack/data/venv/lib/python3.10/site-packages/oslo_concurrency/processutils.py:372}}
Feb 12 17:59:27 jammy-provider-cloud-0000008002 cinder-volume[103236]: DEBUG oslo_concurrency.processutils [None req-bfaf3f6a-908f-4bae-ab9b-3c3b30d657c0 None None] Running cmd (subprocess): sudo cinder-rootwrap /etc/cinder/rootwrap.conf env LC_ALL=C lvs --noheadings --unit=g -o vg_name,name,size --nosuffix --readonly stack-volumes-lvmdriver-1 {{(pid=103236) execute /opt/stack/data/venv/lib/python3.10/site-packages/oslo_concurrency/processutils.py:349}}
Feb 12 17:59:27 jammy-provider-cloud-0000008002 sudo[112905]:   ubuntu : PWD=/ ; USER=root ; COMMAND=/usr/local/bin/cinder-rootwrap /etc/cinder/rootwrap.conf env LC_ALL=C lvs --noheadings --unit=g -o vg_name,name,size --nosuffix --readonly stack-volumes-lvmdriver-1
Feb 12 17:59:27 jammy-provider-cloud-0000008002 sudo[112905]: pam_unix(sudo:session): session opened for user root(uid=0) by (uid=1000)
Feb 12 17:59:27 jammy-provider-cloud-0000008002 sudo[112905]: pam_unix(sudo:session): session closed for user root
Feb 12 17:59:27 jammy-provider-cloud-0000008002 cinder-volume[103236]: DEBUG oslo_concurrency.processutils [None req-bfaf3f6a-908f-4bae-ab9b-3c3b30d657c0 None None] CMD "sudo cinder-rootwrap /etc/cinder/rootwrap.conf env LC_ALL=C lvs --noheadings --unit=g -o vg_name,name,size --nosuffix --readonly stack-volumes-lvmdriver-1" returned: 0 in 0.386s {{(pid=103236) execute /opt/stack/data/venv/lib/python3.10/site-packages/oslo_concurrency/processutils.py:372}}
Feb 12 17:59:27 jammy-provider-cloud-0000008002 cinder-volume[103236]: DEBUG oslo_concurrency.processutils [None req-bfaf3f6a-908f-4bae-ab9b-3c3b30d657c0 None None] Running cmd (subprocess): sudo cinder-rootwrap /etc/cinder/rootwrap.conf env LC_ALL=C lvs --noheadings --unit=g -o size,data_percent --separator : --nosuffix /dev/stack-volumes-lvmdriver-1/stack-volumes-lvmdriver-1-pool {{(pid=103236) execute /opt/stack/data/venv/lib/python3.10/site-packages/oslo_concurrency/processutils.py:349}}
Feb 12 17:59:27 jammy-provider-cloud-0000008002 sudo[112908]:   ubuntu : PWD=/ ; USER=root ; COMMAND=/usr/local/bin/cinder-rootwrap /etc/cinder/rootwrap.conf env LC_ALL=C lvs --noheadings --unit=g -o size,data_percent --separator : --nosuffix /dev/stack-volumes-lvmdriver-1/stack-volumes-lvmdriver-1-pool
Feb 12 17:59:27 jammy-provider-cloud-0000008002 sudo[112908]: pam_unix(sudo:session): session opened for user root(uid=0) by (uid=1000)
Feb 12 17:59:28 jammy-provider-cloud-0000008002 sudo[112908]: pam_unix(sudo:session): session closed for user root
Feb 12 17:59:28 jammy-provider-cloud-0000008002 cinder-volume[103236]: DEBUG oslo_concurrency.processutils [None req-bfaf3f6a-908f-4bae-ab9b-3c3b30d657c0 None None] CMD "sudo cinder-rootwrap /etc/cinder/rootwrap.conf env LC_ALL=C lvs --noheadings --unit=g -o size,data_percent --separator : --nosuffix /dev/stack-volumes-lvmdriver-1/stack-volumes-lvmdriver-1-pool" returned: 0 in 0.349s {{(pid=103236) execute /opt/stack/data/venv/lib/python3.10/site-packages/oslo_concurrency/processutils.py:372}}
Feb 12 17:59:28 jammy-provider-cloud-0000008002 cinder-volume[103236]: DEBUG oslo_concurrency.processutils [None req-bfaf3f6a-908f-4bae-ab9b-3c3b30d657c0 None None] Running cmd (subprocess): sudo cinder-rootwrap /etc/cinder/rootwrap.conf env LC_ALL=C lvs --noheadings --unit=g -o vg_name,name,size --nosuffix --readonly stack-volumes-lvmdriver-1 {{(pid=103236) execute /opt/stack/data/venv/lib/python3.10/site-packages/oslo_concurrency/processutils.py:349}}
Feb 12 17:59:28 jammy-provider-cloud-0000008002 sudo[112912]:   ubuntu : PWD=/ ; USER=root ; COMMAND=/usr/local/bin/cinder-rootwrap /etc/cinder/rootwrap.conf env LC_ALL=C lvs --noheadings --unit=g -o vg_name,name,size --nosuffix --readonly stack-volumes-lvmdriver-1
Feb 12 17:59:28 jammy-provider-cloud-0000008002 sudo[112912]: pam_unix(sudo:session): session opened for user root(uid=0) by (uid=1000)
Feb 12 17:59:28 jammy-provider-cloud-0000008002 systemd[1]: devstack@c-vol.service: Main process exited, code=killed, status=14/ALRM
Feb 12 17:59:28 jammy-provider-cloud-0000008002 systemd[1]: devstack@c-vol.service: Failed with result 'signal'.
Feb 12 17:59:28 jammy-provider-cloud-0000008002 cinder-volume[103236]: INFO oslo_service.service [-] Parent process has died unexpectedly, exiting
Feb 12 17:59:28 jammy-provider-cloud-0000008002 systemd[1]: devstack@c-vol.service: Unit process 103236 (cinder-volume) remains running after unit stopped.
Feb 12 17:59:28 jammy-provider-cloud-0000008002 systemd[1]: devstack@c-vol.service: Unit process 112912 (sudo) remains running after unit stopped.
Feb 12 17:59:28 jammy-provider-cloud-0000008002 systemd[1]: devstack@c-vol.service: Unit process 112913 (cinder-rootwrap) remains running after unit stopped.
Feb 12 17:59:28 jammy-provider-cloud-0000008002 systemd[1]: devstack@c-vol.service: Unit process 112914 (lvs) remains running after unit stopped.
Feb 12 17:59:28 jammy-provider-cloud-0000008002 systemd[1]: Stopped Devstack devstack@c-vol.service.
Feb 12 17:59:28 jammy-provider-cloud-0000008002 systemd[1]: devstack@c-vol.service: Consumed 19.689s CPU time.
Feb 12 17:59:28 jammy-provider-cloud-0000008002 systemd[1]: devstack@c-vol.service: Found left-over process 103236 (cinder-volume) in control group while starting unit. Ignoring.
Feb 12 17:59:28 jammy-provider-cloud-0000008002 systemd[1]: This usually indicates unclean termination of a previous run, or service implementation deficiencies.
Feb 12 17:59:28 jammy-provider-cloud-0000008002 systemd[1]: devstack@c-vol.service: Found left-over process 112912 (sudo) in control group while starting unit. Ignoring.
Feb 12 17:59:28 jammy-provider-cloud-0000008002 systemd[1]: This usually indicates unclean termination of a previous run, or service implementation deficiencies.
Feb 12 17:59:28 jammy-provider-cloud-0000008002 systemd[1]: devstack@c-vol.service: Found left-over process 112913 (cinder-rootwrap) in control group while starting unit. Ignoring.
Feb 12 17:59:28 jammy-provider-cloud-0000008002 systemd[1]: This usually indicates unclean termination of a previous run, or service implementation deficiencies.
Feb 12 17:59:28 jammy-provider-cloud-0000008002 systemd[1]: devstack@c-vol.service: Found left-over process 112914 (lvs) in control group while starting unit. Ignoring.
Feb 12 17:59:28 jammy-provider-cloud-0000008002 systemd[1]: This usually indicates unclean termination of a previous run, or service implementation deficiencies.
Feb 12 17:59:28 jammy-provider-cloud-0000008002 systemd[1]: Started Devstack devstack@c-vol.service.
Feb 12 17:59:28 jammy-provider-cloud-0000008002 sudo[112912]: pam_unix(sudo:session): session closed for user root
Feb 12 17:59:28 jammy-provider-cloud-0000008002 cinder-volume[103236]: DEBUG oslo_concurrency.processutils [None req-bfaf3f6a-908f-4bae-ab9b-3c3b30d657c0 None None] CMD "sudo cinder-rootwrap /etc/cinder/rootwrap.conf env LC_ALL=C lvs --noheadings --unit=g -o vg_name,name,size --nosuffix --readonly stack-volumes-lvmdriver-1" returned: 0 in 0.333s {{(pid=103236) execute /opt/stack/data/venv/lib/python3.10/site-packages/oslo_concurrency/processutils.py:372}}
Feb 12 17:59:28 jammy-provider-cloud-0000008002 cinder-volume[103236]: DEBUG cinder.manager [None req-bfaf3f6a-908f-4bae-ab9b-3c3b30d657c0 None None] Notifying Schedulers of capabilities ... {{(pid=103236) _publish_service_capabilities /opt/stack/cinder/cinder/manager.py:202}}
Feb 12 17:59:29 jammy-provider-cloud-0000008002 cinder-volume[112915]: DEBUG oslo_concurrency.lockutils [-] Acquiring lock "singleton_lock" {{(pid=112915) lock /opt/stack/data/venv/lib/python3.10/site-packages/oslo_concurrency/lockutils.py:310}}
Feb 12 17:59:29 jammy-provider-cloud-0000008002 cinder-volume[112915]: DEBUG oslo_concurrency.lockutils [-] Acquired lock "singleton_lock" {{(pid=112915) lock /opt/stack/data/venv/lib/python3.10/site-packages/oslo_concurrency/lockutils.py:313}}
Feb 12 17:59:29 jammy-provider-cloud-0000008002 cinder-volume[112915]: DEBUG oslo_concurrency.lockutils [-] Releasing lock "singleton_lock" {{(pid=112915) lock /opt/stack/data/venv/lib/python3.10/site-packages/oslo_concurrency/lockutils.py:331}}
Feb 12 17:59:29 jammy-provider-cloud-0000008002 cinder-volume[112915]: DEBUG oslo_db.sqlalchemy.engines [None req-b8199193-f41f-4be4-8450-e2350b88d63f None None] MySQL server mode set to STRICT_TRANS_TABLES,STRICT_ALL_TABLES,NO_ZERO_IN_DATE,NO_ZERO_DATE,ERROR_FOR_DIVISION_BY_ZERO,TRADITIONAL,NO_ENGINE_SUBSTITUTION {{(pid=112915) _check_effective_sql_mode /opt/stack/data/venv/lib/python3.10/site-packages/oslo_db/sqlalchemy/engines.py:395}}
Feb 12 17:59:29 jammy-provider-cloud-0000008002 cinder-volume[112915]: INFO cinder.rpc [None req-b8199193-f41f-4be4-8450-e2350b88d63f None None] Automatically selected cinder-scheduler objects version 1.39 as minimum service version.
Feb 12 17:59:29 jammy-provider-cloud-0000008002 cinder-volume[112915]: INFO cinder.rpc [None req-b8199193-f41f-4be4-8450-e2350b88d63f None None] Automatically selected cinder-scheduler RPC version 3.12 as minimum service version.
Feb 12 17:59:29 jammy-provider-cloud-0000008002 cinder-volume[112915]: DEBUG oslo_db.sqlalchemy.engines [None req-b8199193-f41f-4be4-8450-e2350b88d63f None None] MySQL server mode set to STRICT_TRANS_TABLES,STRICT_ALL_TABLES,NO_ZERO_IN_DATE,NO_ZERO_DATE,ERROR_FOR_DIVISION_BY_ZERO,TRADITIONAL,NO_ENGINE_SUBSTITUTION {{(pid=112915) _check_effective_sql_mode /opt/stack/data/venv/lib/python3.10/site-packages/oslo_db/sqlalchemy/engines.py:395}}
Feb 12 17:59:29 jammy-provider-cloud-0000008002 cinder-volume[112915]: INFO cinder.volume.manager [None req-b8199193-f41f-4be4-8450-e2350b88d63f None None] Determined volume DB was empty at startup.
Feb 12 17:59:29 jammy-provider-cloud-0000008002 cinder-volume[112915]: DEBUG cinder.volume.manager [None req-b8199193-f41f-4be4-8450-e2350b88d63f None None] Cinder Volume DB check: vol_db_empty=True {{(pid=112915) __init__ /opt/stack/cinder/cinder/volume/manager.py:288}}
Feb 12 17:59:29 jammy-provider-cloud-0000008002 cinder-volume[112915]: INFO cinder.volume.manager [None req-b8199193-f41f-4be4-8450-e2350b88d63f None None] Service not found for updating active_backend_id, assuming default for driver init.
Feb 12 17:59:29 jammy-provider-cloud-0000008002 cinder-volume[112915]: WARNING stevedore.named [None req-b8199193-f41f-4be4-8450-e2350b88d63f None None] Could not load cinder.keymgr.conf_key_mgr.ConfKeyManager
Feb 12 17:59:29 jammy-provider-cloud-0000008002 cinder-volume[112915]: WARNING castellan.key_manager [None req-b8199193-f41f-4be4-8450-e2350b88d63f None None] Deprecation Warning : cinder.keymgr.conf_key_mgr.ConfKeyManager is not a stevedore based driver, trying to load it as a class: stevedore.exception.NoMatches: No 'castellan.drivers' driver found, looking for 'cinder.keymgr.conf_key_mgr.ConfKeyManager'
Feb 12 17:59:29 jammy-provider-cloud-0000008002 cinder-volume[112915]: WARNING cinder.keymgr.conf_key_mgr [None req-b8199193-f41f-4be4-8450-e2350b88d63f None None] This key manager is insecure and is not recommended for production deployments: stevedore.exception.NoMatches: No 'castellan.drivers' driver found, looking for 'cinder.keymgr.conf_key_mgr.ConfKeyManager'
Feb 12 17:59:30 jammy-provider-cloud-0000008002 cinder-volume[112915]: DEBUG cinder.zonemanager.utils [None req-b8199193-f41f-4be4-8450-e2350b88d63f None None] Zoning mode: None. {{(pid=112915) create_lookup_service /opt/stack/cinder/cinder/zonemanager/utils.py:56}}
Feb 12 17:59:30 jammy-provider-cloud-0000008002 cinder-volume[112915]: DEBUG cinder.zonemanager.utils [None req-b8199193-f41f-4be4-8450-e2350b88d63f None None] FC Lookup Service not enabled in cinder.conf. {{(pid=112915) create_lookup_service /opt/stack/cinder/cinder/zonemanager/utils.py:63}}
Feb 12 17:59:30 jammy-provider-cloud-0000008002 cinder-volume[112915]: INFO cinder.volume.manager [None req-b8199193-f41f-4be4-8450-e2350b88d63f None None] Image-volume cache disabled for host jammy-provider-cloud-0000008002@arcusfc1.
Feb 12 17:59:30 jammy-provider-cloud-0000008002 cinder-volume[112915]: DEBUG oslo_db.sqlalchemy.engines [None req-b8199193-f41f-4be4-8450-e2350b88d63f None None] MySQL server mode set to STRICT_TRANS_TABLES,STRICT_ALL_TABLES,NO_ZERO_IN_DATE,NO_ZERO_DATE,ERROR_FOR_DIVISION_BY_ZERO,TRADITIONAL,NO_ENGINE_SUBSTITUTION {{(pid=112915) _check_effective_sql_mode /opt/stack/data/venv/lib/python3.10/site-packages/oslo_db/sqlalchemy/engines.py:395}}
Feb 12 17:59:30 jammy-provider-cloud-0000008002 cinder-volume[112915]: INFO oslo_service.service [None req-b8199193-f41f-4be4-8450-e2350b88d63f None None] Starting 1 workers
Feb 12 17:59:30 jammy-provider-cloud-0000008002 cinder-volume[112915]: DEBUG oslo_service.service [None req-b8199193-f41f-4be4-8450-e2350b88d63f None None] Started child 112920 {{(pid=112915) _start_child /opt/stack/data/venv/lib/python3.10/site-packages/oslo_service/service.py:579}}
Feb 12 17:59:30 jammy-provider-cloud-0000008002 cinder-volume[112920]: INFO cinder.service [-] Starting cinder-volume node (version 25.1.0)
Feb 12 17:59:30 jammy-provider-cloud-0000008002 cinder-volume[112915]: DEBUG oslo_db.sqlalchemy.engines [None req-b8199193-f41f-4be4-8450-e2350b88d63f None None] MySQL server mode set to STRICT_TRANS_TABLES,STRICT_ALL_TABLES,NO_ZERO_IN_DATE,NO_ZERO_DATE,ERROR_FOR_DIVISION_BY_ZERO,TRADITIONAL,NO_ENGINE_SUBSTITUTION {{(pid=112915) _check_effective_sql_mode /opt/stack/data/venv/lib/python3.10/site-packages/oslo_db/sqlalchemy/engines.py:395}}
Feb 12 17:59:30 jammy-provider-cloud-0000008002 cinder-volume[112920]: INFO cinder.volume.manager [None req-b6b0aebc-f68e-49c8-803c-b588d486e8cf None None] Starting volume driver HPE3PARNVMEDriver (1.0)
Feb 12 17:59:30 jammy-provider-cloud-0000008002 cinder-volume[112915]: INFO cinder.volume.manager [None req-b8199193-f41f-4be4-8450-e2350b88d63f None None] Determined volume DB was empty at startup.
Feb 12 17:59:30 jammy-provider-cloud-0000008002 cinder-volume[112915]: DEBUG cinder.volume.manager [None req-b8199193-f41f-4be4-8450-e2350b88d63f None None] Cinder Volume DB check: vol_db_empty=True {{(pid=112915) __init__ /opt/stack/cinder/cinder/volume/manager.py:288}}
Feb 12 17:59:30 jammy-provider-cloud-0000008002 cinder-volume[112920]: DEBUG cinder.volume.drivers.hpe.hpe_3par_common [None req-b6b0aebc-f68e-49c8-803c-b588d486e8cf None None] Connecting to 3PAR {{(pid=112920) client_login /opt/stack/cinder/cinder/volume/drivers/hpe/hpe_3par_common.py:425}}
Feb 12 17:59:30 jammy-provider-cloud-0000008002 cinder-volume[112915]: INFO cinder.volume.manager [None req-b8199193-f41f-4be4-8450-e2350b88d63f None None] Service not found for updating active_backend_id, assuming default for driver init.
Feb 12 17:59:30 jammy-provider-cloud-0000008002 cinder-volume[112915]: WARNING stevedore.named [None req-b8199193-f41f-4be4-8450-e2350b88d63f None None] Could not load cinder.keymgr.conf_key_mgr.ConfKeyManager
Feb 12 17:59:30 jammy-provider-cloud-0000008002 cinder-volume[112915]: WARNING castellan.key_manager [None req-b8199193-f41f-4be4-8450-e2350b88d63f None None] Deprecation Warning : cinder.keymgr.conf_key_mgr.ConfKeyManager is not a stevedore based driver, trying to load it as a class: stevedore.exception.NoMatches: No 'castellan.drivers' driver found, looking for 'cinder.keymgr.conf_key_mgr.ConfKeyManager'
Feb 12 17:59:30 jammy-provider-cloud-0000008002 cinder-volume[112915]: DEBUG cinder.zonemanager.utils [None req-b8199193-f41f-4be4-8450-e2350b88d63f None None] Zoning mode: None. {{(pid=112915) create_lookup_service /opt/stack/cinder/cinder/zonemanager/utils.py:56}}
Feb 12 17:59:30 jammy-provider-cloud-0000008002 cinder-volume[112915]: DEBUG cinder.zonemanager.utils [None req-b8199193-f41f-4be4-8450-e2350b88d63f None None] FC Lookup Service not enabled in cinder.conf. {{(pid=112915) create_lookup_service /opt/stack/cinder/cinder/zonemanager/utils.py:63}}
Feb 12 17:59:30 jammy-provider-cloud-0000008002 cinder-volume[112915]: INFO cinder.volume.manager [None req-b8199193-f41f-4be4-8450-e2350b88d63f None None] Image-volume cache disabled for host jammy-provider-cloud-0000008002@arcusfc2.
Feb 12 17:59:30 jammy-provider-cloud-0000008002 cinder-volume[112915]: DEBUG oslo_db.sqlalchemy.engines [None req-b8199193-f41f-4be4-8450-e2350b88d63f None None] MySQL server mode set to STRICT_TRANS_TABLES,STRICT_ALL_TABLES,NO_ZERO_IN_DATE,NO_ZERO_DATE,ERROR_FOR_DIVISION_BY_ZERO,TRADITIONAL,NO_ENGINE_SUBSTITUTION {{(pid=112915) _check_effective_sql_mode /opt/stack/data/venv/lib/python3.10/site-packages/oslo_db/sqlalchemy/engines.py:395}}
Feb 12 17:59:30 jammy-provider-cloud-0000008002 cinder-volume[112920]: WARNING py.warnings [None req-b6b0aebc-f68e-49c8-803c-b588d486e8cf None None] /opt/stack/data/venv/lib/python3.10/site-packages/urllib3/connectionpool.py:1064: InsecureRequestWarning: Unverified HTTPS request is being made to host '10.201.5.12'. Adding certificate verification is strongly advised. See: https://urllib3.readthedocs.io/en/1.26.x/advanced-usage.html#ssl-warnings
Feb 12 17:59:30 jammy-provider-cloud-0000008002 cinder-volume[112920]:   warnings.warn(
Feb 12 17:59:30 jammy-provider-cloud-0000008002 cinder-volume[112915]: INFO oslo_service.service [None req-b8199193-f41f-4be4-8450-e2350b88d63f None None] Starting 1 workers
Feb 12 17:59:30 jammy-provider-cloud-0000008002 cinder-volume[112920]: WARNING py.warnings [None req-b6b0aebc-f68e-49c8-803c-b588d486e8cf None None] /opt/stack/data/venv/lib/python3.10/site-packages/urllib3/connectionpool.py:1064: InsecureRequestWarning: Unverified HTTPS request is being made to host '10.201.5.12'. Adding certificate verification is strongly advised. See: https://urllib3.readthedocs.io/en/1.26.x/advanced-usage.html#ssl-warnings
Feb 12 17:59:30 jammy-provider-cloud-0000008002 cinder-volume[112920]:   warnings.warn(
Feb 12 17:59:30 jammy-provider-cloud-0000008002 cinder-volume[112920]: INFO cinder.volume.drivers.hpe.hpe_3par_common [None req-b6b0aebc-f68e-49c8-803c-b588d486e8cf None None] HPE3PARCommon 4.0.22,hpe3parclient 4.2.13
Feb 12 17:59:30 jammy-provider-cloud-0000008002 cinder-volume[112920]: DEBUG cinder.volume.drivers.hpe.hpe_3par_common [None req-b6b0aebc-f68e-49c8-803c-b588d486e8cf None None] Connecting to 3PAR {{(pid=112920) client_login /opt/stack/cinder/cinder/volume/drivers/hpe/hpe_3par_common.py:425}}
Feb 12 17:59:30 jammy-provider-cloud-0000008002 cinder-volume[112915]: DEBUG oslo_service.service [None req-b8199193-f41f-4be4-8450-e2350b88d63f None None] Started child 112921 {{(pid=112915) _start_child /opt/stack/data/venv/lib/python3.10/site-packages/oslo_service/service.py:579}}
Feb 12 17:59:30 jammy-provider-cloud-0000008002 cinder-volume[112915]: DEBUG oslo_service.service [None req-b8199193-f41f-4be4-8450-e2350b88d63f None None] Full set of CONF: {{(pid=112915) wait /opt/stack/data/venv/lib/python3.10/site-packages/oslo_service/service.py:653}}
Feb 12 17:59:30 jammy-provider-cloud-0000008002 cinder-volume[112915]: DEBUG oslo_service.service [None req-b8199193-f41f-4be4-8450-e2350b88d63f None None] ******************************************************************************** {{(pid=112915) log_opt_values /opt/stack/data/venv/lib/python3.10/site-packages/oslo_config/cfg.py:2804}}
Feb 12 17:59:30 jammy-provider-cloud-0000008002 cinder-volume[112915]: DEBUG oslo_service.service [None req-b8199193-f41f-4be4-8450-e2350b88d63f None None] Configuration options gathered from: {{(pid=112915) log_opt_values /opt/stack/data/venv/lib/python3.10/site-packages/oslo_config/cfg.py:2805}}
Feb 12 17:59:30 jammy-provider-cloud-0000008002 cinder-volume[112915]: DEBUG oslo_service.service [None req-b8199193-f41f-4be4-8450-e2350b88d63f None None] command line args: ['--config-file', '/etc/cinder/cinder.conf'] {{(pid=112915) log_opt_values /opt/stack/data/venv/lib/python3.10/site-packages/oslo_config/cfg.py:2806}}
Feb 12 17:59:30 jammy-provider-cloud-0000008002 cinder-volume[112915]: DEBUG oslo_service.service [None req-b8199193-f41f-4be4-8450-e2350b88d63f None None] config files: ['/etc/cinder/cinder.conf'] {{(pid=112915) log_opt_values /opt/stack/data/venv/lib/python3.10/site-packages/oslo_config/cfg.py:2807}}
Feb 12 17:59:30 jammy-provider-cloud-0000008002 cinder-volume[112915]: DEBUG oslo_service.service [None req-b8199193-f41f-4be4-8450-e2350b88d63f None None] ================================================================================ {{(pid=112915) log_opt_values /opt/stack/data/venv/lib/python3.10/site-packages/oslo_config/cfg.py:2809}}
Feb 12 17:59:30 jammy-provider-cloud-0000008002 cinder-volume[112915]: DEBUG oslo_service.service [None req-b8199193-f41f-4be4-8450-e2350b88d63f None None] allow_availability_zone_fallback = False {{(pid=112915) log_opt_values /opt/stack/data/venv/lib/python3.10/site-packages/oslo_config/cfg.py:2817}}
Feb 12 17:59:30 jammy-provider-cloud-0000008002 cinder-volume[112915]: DEBUG oslo_service.service [None req-b8199193-f41f-4be4-8450-e2350b88d63f None None] allow_compression_on_image_upload = False {{(pid=112915) log_opt_values /opt/stack/data/venv/lib/python3.10/site-packages/oslo_config/cfg.py:2817}}
Feb 12 17:59:30 jammy-provider-cloud-0000008002 cinder-volume[112915]: DEBUG oslo_service.service [None req-b8199193-f41f-4be4-8450-e2350b88d63f None None] allowed_direct_url_schemes     = [] {{(pid=112915) log_opt_values /opt/stack/data/venv/lib/python3.10/site-packages/oslo_config/cfg.py:2817}}
Feb 12 17:59:30 jammy-provider-cloud-0000008002 cinder-volume[112915]: DEBUG oslo_service.service [None req-b8199193-f41f-4be4-8450-e2350b88d63f None None] api_rate_limit                 = True {{(pid=112915) log_opt_values /opt/stack/data/venv/lib/python3.10/site-packages/oslo_config/cfg.py:2817}}
Feb 12 17:59:30 jammy-provider-cloud-0000008002 cinder-volume[112915]: DEBUG oslo_service.service [None req-b8199193-f41f-4be4-8450-e2350b88d63f None None] auth_strategy                  = keystone {{(pid=112915) log_opt_values /opt/stack/data/venv/lib/python3.10/site-packages/oslo_config/cfg.py:2817}}
Feb 12 17:59:30 jammy-provider-cloud-0000008002 cinder-volume[112915]: DEBUG oslo_service.service [None req-b8199193-f41f-4be4-8450-e2350b88d63f None None] backend_availability_zone      = None {{(pid=112915) log_opt_values /opt/stack/data/venv/lib/python3.10/site-packages/oslo_config/cfg.py:2817}}
Feb 12 17:59:30 jammy-provider-cloud-0000008002 cinder-volume[112915]: DEBUG oslo_service.service [None req-b8199193-f41f-4be4-8450-e2350b88d63f None None] backend_host                   = None {{(pid=112915) log_opt_values /opt/stack/data/venv/lib/python3.10/site-packages/oslo_config/cfg.py:2817}}
Feb 12 17:59:30 jammy-provider-cloud-0000008002 cinder-volume[112915]: DEBUG oslo_service.service [None req-b8199193-f41f-4be4-8450-e2350b88d63f None None] backend_name                   = None {{(pid=112915) log_opt_values /opt/stack/data/venv/lib/python3.10/site-packages/oslo_config/cfg.py:2817}}
Feb 12 17:59:30 jammy-provider-cloud-0000008002 cinder-volume[112915]: DEBUG oslo_service.service [None req-b8199193-f41f-4be4-8450-e2350b88d63f None None] backend_stats_polling_interval = 60 {{(pid=112915) log_opt_values /opt/stack/data/venv/lib/python3.10/site-packages/oslo_config/cfg.py:2817}}
Feb 12 17:59:30 jammy-provider-cloud-0000008002 cinder-volume[112915]: DEBUG oslo_service.service [None req-b8199193-f41f-4be4-8450-e2350b88d63f None None] backup_api_class               = cinder.backup.api.API {{(pid=112915) log_opt_values /opt/stack/data/venv/lib/python3.10/site-packages/oslo_config/cfg.py:2817}}
Feb 12 17:59:30 jammy-provider-cloud-0000008002 cinder-volume[112915]: DEBUG oslo_service.service [None req-b8199193-f41f-4be4-8450-e2350b88d63f None None] backup_manager                 = cinder.backup.manager.BackupManager {{(pid=112915) log_opt_values /opt/stack/data/venv/lib/python3.10/site-packages/oslo_config/cfg.py:2817}}
Feb 12 17:59:30 jammy-provider-cloud-0000008002 cinder-volume[112915]: DEBUG oslo_service.service [None req-b8199193-f41f-4be4-8450-e2350b88d63f None None] backup_name_template           = backup-%s {{(pid=112915) log_opt_values /opt/stack/data/venv/lib/python3.10/site-packages/oslo_config/cfg.py:2817}}
Feb 12 17:59:30 jammy-provider-cloud-0000008002 cinder-volume[112915]: DEBUG oslo_service.service [None req-b8199193-f41f-4be4-8450-e2350b88d63f None None] backup_use_same_host           = False {{(pid=112915) log_opt_values /opt/stack/data/venv/lib/python3.10/site-packages/oslo_config/cfg.py:2817}}
Feb 12 17:59:30 jammy-provider-cloud-0000008002 cinder-volume[112920]: WARNING py.warnings [None req-b6b0aebc-f68e-49c8-803c-b588d486e8cf None None] /opt/stack/data/venv/lib/python3.10/site-packages/urllib3/connectionpool.py:1064: InsecureRequestWarning: Unverified HTTPS request is being made to host '10.201.5.12'. Adding certificate verification is strongly advised. See: https://urllib3.readthedocs.io/en/1.26.x/advanced-usage.html#ssl-warnings
Feb 12 17:59:30 jammy-provider-cloud-0000008002 cinder-volume[112920]:   warnings.warn(
Feb 12 17:59:30 jammy-provider-cloud-0000008002 cinder-volume[112915]: DEBUG oslo_service.service [None req-b8199193-f41f-4be4-8450-e2350b88d63f None None] backup_use_temp_snapshot       = False {{(pid=112915) log_opt_values /opt/stack/data/venv/lib/python3.10/site-packages/oslo_config/cfg.py:2817}}
Feb 12 17:59:30 jammy-provider-cloud-0000008002 cinder-volume[112915]: DEBUG oslo_service.service [None req-b8199193-f41f-4be4-8450-e2350b88d63f None None] chap_password                  = **** {{(pid=112915) log_opt_values /opt/stack/data/venv/lib/python3.10/site-packages/oslo_config/cfg.py:2817}}
Feb 12 17:59:30 jammy-provider-cloud-0000008002 cinder-volume[112915]: DEBUG oslo_service.service [None req-b8199193-f41f-4be4-8450-e2350b88d63f None None] chap_username                  =  {{(pid=112915) log_opt_values /opt/stack/data/venv/lib/python3.10/site-packages/oslo_config/cfg.py:2817}}
Feb 12 17:59:30 jammy-provider-cloud-0000008002 cinder-volume[112915]: DEBUG oslo_service.service [None req-b8199193-f41f-4be4-8450-e2350b88d63f None None] chiscsi_conf                   = /etc/chelsio-iscsi/chiscsi.conf {{(pid=112915) log_opt_values /opt/stack/data/venv/lib/python3.10/site-packages/oslo_config/cfg.py:2817}}
Feb 12 17:59:30 jammy-provider-cloud-0000008002 cinder-volume[112915]: DEBUG oslo_service.service [None req-b8199193-f41f-4be4-8450-e2350b88d63f None None] cinder_internal_tenant_project_id = 062bd83e37a241bbad29abffa8135eb7 {{(pid=112915) log_opt_values /opt/stack/data/venv/lib/python3.10/site-packages/oslo_config/cfg.py:2817}}
Feb 12 17:59:30 jammy-provider-cloud-0000008002 cinder-volume[112915]: DEBUG oslo_service.service [None req-b8199193-f41f-4be4-8450-e2350b88d63f None None] cinder_internal_tenant_user_id = 19cc2ec601d7470c89d96478ef65e10b {{(pid=112915) log_opt_values /opt/stack/data/venv/lib/python3.10/site-packages/oslo_config/cfg.py:2817}}
Feb 12 17:59:30 jammy-provider-cloud-0000008002 cinder-volume[112921]: INFO cinder.service [-] Starting cinder-volume node (version 25.1.0)
Feb 12 17:59:30 jammy-provider-cloud-0000008002 cinder-volume[112915]: DEBUG oslo_service.service [None req-b8199193-f41f-4be4-8450-e2350b88d63f None None] cluster                        = None {{(pid=112915) log_opt_values /opt/stack/data/venv/lib/python3.10/site-packages/oslo_config/cfg.py:2817}}
Feb 12 17:59:30 jammy-provider-cloud-0000008002 cinder-volume[112915]: DEBUG oslo_service.service [None req-b8199193-f41f-4be4-8450-e2350b88d63f None None] compression_format             = gzip {{(pid=112915) log_opt_values /opt/stack/data/venv/lib/python3.10/site-packages/oslo_config/cfg.py:2817}}
Feb 12 17:59:30 jammy-provider-cloud-0000008002 cinder-volume[112915]: DEBUG oslo_service.service [None req-b8199193-f41f-4be4-8450-e2350b88d63f None None] compute_api_class              = cinder.compute.nova.API {{(pid=112915) log_opt_values /opt/stack/data/venv/lib/python3.10/site-packages/oslo_config/cfg.py:2817}}
Feb 12 17:59:30 jammy-provider-cloud-0000008002 cinder-volume[112915]: DEBUG oslo_service.service [None req-b8199193-f41f-4be4-8450-e2350b88d63f None None] config_dir                     = [] {{(pid=112915) log_opt_values /opt/stack/data/venv/lib/python3.10/site-packages/oslo_config/cfg.py:2817}}
Feb 12 17:59:30 jammy-provider-cloud-0000008002 cinder-volume[112915]: DEBUG oslo_service.service [None req-b8199193-f41f-4be4-8450-e2350b88d63f None None] config_file                    = ['/etc/cinder/cinder.conf'] {{(pid=112915) log_opt_values /opt/stack/data/venv/lib/python3.10/site-packages/oslo_config/cfg.py:2817}}
Feb 12 17:59:30 jammy-provider-cloud-0000008002 cinder-volume[112915]: DEBUG oslo_service.service [None req-b8199193-f41f-4be4-8450-e2350b88d63f None None] config_source                  = [] {{(pid=112915) log_opt_values /opt/stack/data/venv/lib/python3.10/site-packages/oslo_config/cfg.py:2817}}
Feb 12 17:59:30 jammy-provider-cloud-0000008002 cinder-volume[112915]: DEBUG oslo_service.service [None req-b8199193-f41f-4be4-8450-e2350b88d63f None None] consistencygroup_api_class     = cinder.consistencygroup.api.API {{(pid=112915) log_opt_values /opt/stack/data/venv/lib/python3.10/site-packages/oslo_config/cfg.py:2817}}
Feb 12 17:59:30 jammy-provider-cloud-0000008002 cinder-volume[112915]: DEBUG oslo_service.service [None req-b8199193-f41f-4be4-8450-e2350b88d63f None None] control_exchange               = openstack {{(pid=112915) log_opt_values /opt/stack/data/venv/lib/python3.10/site-packages/oslo_config/cfg.py:2817}}
Feb 12 17:59:30 jammy-provider-cloud-0000008002 cinder-volume[112915]: DEBUG oslo_service.service [None req-b8199193-f41f-4be4-8450-e2350b88d63f None None] debug                          = True {{(pid=112915) log_opt_values /opt/stack/data/venv/lib/python3.10/site-packages/oslo_config/cfg.py:2817}}
Feb 12 17:59:30 jammy-provider-cloud-0000008002 cinder-volume[112915]: DEBUG oslo_service.service [None req-b8199193-f41f-4be4-8450-e2350b88d63f None None] default_availability_zone      = None {{(pid=112915) log_opt_values /opt/stack/data/venv/lib/python3.10/site-packages/oslo_config/cfg.py:2817}}
Feb 12 17:59:30 jammy-provider-cloud-0000008002 cinder-volume[112915]: DEBUG oslo_service.service [None req-b8199193-f41f-4be4-8450-e2350b88d63f None None] default_group_type             = None {{(pid=112915) log_opt_values /opt/stack/data/venv/lib/python3.10/site-packages/oslo_config/cfg.py:2817}}
Feb 12 17:59:30 jammy-provider-cloud-0000008002 cinder-volume[112915]: DEBUG oslo_service.service [None req-b8199193-f41f-4be4-8450-e2350b88d63f None None] default_log_levels             = ['amqp=WARN', 'amqplib=WARN', 'boto=WARN', 'qpid=WARN', 'sqlalchemy=WARN', 'suds=INFO', 'oslo.messaging=INFO', 'oslo_messaging=INFO', 'iso8601=WARN', 'requests.packages.urllib3.connectionpool=WARN', 'urllib3.connectionpool=WARN', 'websocket=WARN', 'requests.packages.urllib3.util.retry=WARN', 'urllib3.util.retry=WARN', 'keystonemiddleware=WARN', 'routes.middleware=WARN', 'stevedore=WARN', 'taskflow=WARN', 'keystoneauth=WARN', 'oslo.cache=INFO', 'oslo_policy=INFO', 'dogpile.core.dogpile=INFO'] {{(pid=112915) log_opt_values /opt/stack/data/venv/lib/python3.10/site-packages/oslo_config/cfg.py:2817}}
Feb 12 17:59:30 jammy-provider-cloud-0000008002 cinder-volume[112915]: DEBUG oslo_service.service [None req-b8199193-f41f-4be4-8450-e2350b88d63f None None] default_volume_type            = arcusfc1 {{(pid=112915) log_opt_values /opt/stack/data/venv/lib/python3.10/site-packages/oslo_config/cfg.py:2817}}
Feb 12 17:59:30 jammy-provider-cloud-0000008002 cinder-volume[112915]: DEBUG oslo_service.service [None req-b8199193-f41f-4be4-8450-e2350b88d63f None None] driver_client_cert             = None {{(pid=112915) log_opt_values /opt/stack/data/venv/lib/python3.10/site-packages/oslo_config/cfg.py:2817}}
Feb 12 17:59:30 jammy-provider-cloud-0000008002 cinder-volume[112915]: DEBUG oslo_service.service [None req-b8199193-f41f-4be4-8450-e2350b88d63f None None] driver_client_cert_key         = None {{(pid=112915) log_opt_values /opt/stack/data/venv/lib/python3.10/site-packages/oslo_config/cfg.py:2817}}
Feb 12 17:59:30 jammy-provider-cloud-0000008002 cinder-volume[112915]: DEBUG oslo_service.service [None req-b8199193-f41f-4be4-8450-e2350b88d63f None None] driver_data_namespace          = None {{(pid=112915) log_opt_values /opt/stack/data/venv/lib/python3.10/site-packages/oslo_config/cfg.py:2817}}
Feb 12 17:59:30 jammy-provider-cloud-0000008002 cinder-volume[112915]: DEBUG oslo_service.service [None req-b8199193-f41f-4be4-8450-e2350b88d63f None None] driver_ssl_cert_path           = None {{(pid=112915) log_opt_values /opt/stack/data/venv/lib/python3.10/site-packages/oslo_config/cfg.py:2817}}
Feb 12 17:59:30 jammy-provider-cloud-0000008002 cinder-volume[112915]: DEBUG oslo_service.service [None req-b8199193-f41f-4be4-8450-e2350b88d63f None None] driver_ssl_cert_verify         = False {{(pid=112915) log_opt_values /opt/stack/data/venv/lib/python3.10/site-packages/oslo_config/cfg.py:2817}}
Feb 12 17:59:30 jammy-provider-cloud-0000008002 cinder-volume[112915]: DEBUG oslo_service.service [None req-b8199193-f41f-4be4-8450-e2350b88d63f None None] driver_use_ssl                 = False {{(pid=112915) log_opt_values /opt/stack/data/venv/lib/python3.10/site-packages/oslo_config/cfg.py:2817}}
Feb 12 17:59:30 jammy-provider-cloud-0000008002 cinder-volume[112915]: DEBUG oslo_service.service [None req-b8199193-f41f-4be4-8450-e2350b88d63f None None] enable_new_services            = True {{(pid=112915) log_opt_values /opt/stack/data/venv/lib/python3.10/site-packages/oslo_config/cfg.py:2817}}
Feb 12 17:59:30 jammy-provider-cloud-0000008002 cinder-volume[112915]: DEBUG oslo_service.service [None req-b8199193-f41f-4be4-8450-e2350b88d63f None None] enable_unsupported_driver      = False {{(pid=112915) log_opt_values /opt/stack/data/venv/lib/python3.10/site-packages/oslo_config/cfg.py:2817}}
Feb 12 17:59:30 jammy-provider-cloud-0000008002 cinder-volume[112915]: DEBUG oslo_service.service [None req-b8199193-f41f-4be4-8450-e2350b88d63f None None] enabled_backends               = ['arcusfc1', 'arcusfc2'] {{(pid=112915) log_opt_values /opt/stack/data/venv/lib/python3.10/site-packages/oslo_config/cfg.py:2817}}
Feb 12 17:59:30 jammy-provider-cloud-0000008002 cinder-volume[112915]: DEBUG oslo_service.service [None req-b8199193-f41f-4be4-8450-e2350b88d63f None None] enforce_multipath_for_image_xfer = False {{(pid=112915) log_opt_values /opt/stack/data/venv/lib/python3.10/site-packages/oslo_config/cfg.py:2817}}
Feb 12 17:59:30 jammy-provider-cloud-0000008002 cinder-volume[112915]: DEBUG oslo_service.service [None req-b8199193-f41f-4be4-8450-e2350b88d63f None None] filter_function                = None {{(pid=112915) log_opt_values /opt/stack/data/venv/lib/python3.10/site-packages/oslo_config/cfg.py:2817}}
Feb 12 17:59:30 jammy-provider-cloud-0000008002 cinder-volume[112915]: DEBUG oslo_service.service [None req-b8199193-f41f-4be4-8450-e2350b88d63f None None] glance_api_insecure            = False {{(pid=112915) log_opt_values /opt/stack/data/venv/lib/python3.10/site-packages/oslo_config/cfg.py:2817}}
Feb 12 17:59:30 jammy-provider-cloud-0000008002 cinder-volume[112915]: DEBUG oslo_service.service [None req-b8199193-f41f-4be4-8450-e2350b88d63f None None] glance_api_servers             = ['http://10.201.5.87/image'] {{(pid=112915) log_opt_values /opt/stack/data/venv/lib/python3.10/site-packages/oslo_config/cfg.py:2817}}
Feb 12 17:59:30 jammy-provider-cloud-0000008002 cinder-volume[112915]: DEBUG oslo_service.service [None req-b8199193-f41f-4be4-8450-e2350b88d63f None None] glance_api_ssl_compression     = False {{(pid=112915) log_opt_values /opt/stack/data/venv/lib/python3.10/site-packages/oslo_config/cfg.py:2817}}
Feb 12 17:59:30 jammy-provider-cloud-0000008002 cinder-volume[112915]: DEBUG oslo_service.service [None req-b8199193-f41f-4be4-8450-e2350b88d63f None None] glance_ca_certificates_file    = None {{(pid=112915) log_opt_values /opt/stack/data/venv/lib/python3.10/site-packages/oslo_config/cfg.py:2817}}
Feb 12 17:59:30 jammy-provider-cloud-0000008002 cinder-volume[112915]: DEBUG oslo_service.service [None req-b8199193-f41f-4be4-8450-e2350b88d63f None None] glance_catalog_info            = image:glance:publicURL {{(pid=112915) log_opt_values /opt/stack/data/venv/lib/python3.10/site-packages/oslo_config/cfg.py:2817}}
Feb 12 17:59:30 jammy-provider-cloud-0000008002 cinder-volume[112915]: DEBUG oslo_service.service [None req-b8199193-f41f-4be4-8450-e2350b88d63f None None] glance_certfile                = None {{(pid=112915) log_opt_values /opt/stack/data/venv/lib/python3.10/site-packages/oslo_config/cfg.py:2817}}
Feb 12 17:59:30 jammy-provider-cloud-0000008002 cinder-volume[112915]: DEBUG oslo_service.service [None req-b8199193-f41f-4be4-8450-e2350b88d63f None None] glance_core_properties         = ['checksum', 'container_format', 'disk_format', 'image_name', 'image_id', 'min_disk', 'min_ram', 'name', 'size'] {{(pid=112915) log_opt_values /opt/stack/data/venv/lib/python3.10/site-packages/oslo_config/cfg.py:2817}}
Feb 12 17:59:30 jammy-provider-cloud-0000008002 cinder-volume[112915]: DEBUG oslo_service.service [None req-b8199193-f41f-4be4-8450-e2350b88d63f None None] glance_keyfile                 = None {{(pid=112915) log_opt_values /opt/stack/data/venv/lib/python3.10/site-packages/oslo_config/cfg.py:2817}}
Feb 12 17:59:30 jammy-provider-cloud-0000008002 cinder-volume[112915]: DEBUG oslo_service.service [None req-b8199193-f41f-4be4-8450-e2350b88d63f None None] glance_num_retries             = 3 {{(pid=112915) log_opt_values /opt/stack/data/venv/lib/python3.10/site-packages/oslo_config/cfg.py:2817}}
Feb 12 17:59:30 jammy-provider-cloud-0000008002 cinder-volume[112920]: WARNING py.warnings [None req-b6b0aebc-f68e-49c8-803c-b588d486e8cf None None] /opt/stack/data/venv/lib/python3.10/site-packages/urllib3/connectionpool.py:1064: InsecureRequestWarning: Unverified HTTPS request is being made to host '10.201.5.12'. Adding certificate verification is strongly advised. See: https://urllib3.readthedocs.io/en/1.26.x/advanced-usage.html#ssl-warnings
Feb 12 17:59:30 jammy-provider-cloud-0000008002 cinder-volume[112920]:   warnings.warn(
Feb 12 17:59:30 jammy-provider-cloud-0000008002 cinder-volume[112915]: DEBUG oslo_service.service [None req-b8199193-f41f-4be4-8450-e2350b88d63f None None] glance_request_timeout         = None {{(pid=112915) log_opt_values /opt/stack/data/venv/lib/python3.10/site-packages/oslo_config/cfg.py:2817}}
Feb 12 17:59:30 jammy-provider-cloud-0000008002 cinder-volume[112915]: DEBUG oslo_service.service [None req-b8199193-f41f-4be4-8450-e2350b88d63f None None] goodness_function              = None {{(pid=112915) log_opt_values /opt/stack/data/venv/lib/python3.10/site-packages/oslo_config/cfg.py:2817}}
Feb 12 17:59:30 jammy-provider-cloud-0000008002 cinder-volume[112915]: DEBUG oslo_service.service [None req-b8199193-f41f-4be4-8450-e2350b88d63f None None] graceful_shutdown_timeout      = 5 {{(pid=112915) log_opt_values /opt/stack/data/venv/lib/python3.10/site-packages/oslo_config/cfg.py:2817}}
Feb 12 17:59:30 jammy-provider-cloud-0000008002 cinder-volume[112915]: DEBUG oslo_service.service [None req-b8199193-f41f-4be4-8450-e2350b88d63f None None] group_api_class                = cinder.group.api.API {{(pid=112915) log_opt_values /opt/stack/data/venv/lib/python3.10/site-packages/oslo_config/cfg.py:2817}}
Feb 12 17:59:30 jammy-provider-cloud-0000008002 cinder-volume[112915]: DEBUG oslo_service.service [None req-b8199193-f41f-4be4-8450-e2350b88d63f None None] host                           = jammy-provider-cloud-0000008002 {{(pid=112915) log_opt_values /opt/stack/data/venv/lib/python3.10/site-packages/oslo_config/cfg.py:2817}}
Feb 12 17:59:30 jammy-provider-cloud-0000008002 cinder-volume[112915]: DEBUG oslo_service.service [None req-b8199193-f41f-4be4-8450-e2350b88d63f None None] image_compress_on_upload       = True {{(pid=112915) log_opt_values /opt/stack/data/venv/lib/python3.10/site-packages/oslo_config/cfg.py:2817}}
Feb 12 17:59:30 jammy-provider-cloud-0000008002 cinder-volume[112915]: DEBUG oslo_service.service [None req-b8199193-f41f-4be4-8450-e2350b88d63f None None] image_conversion_address_space_limit = 1 {{(pid=112915) log_opt_values /opt/stack/data/venv/lib/python3.10/site-packages/oslo_config/cfg.py:2817}}
Feb 12 17:59:30 jammy-provider-cloud-0000008002 cinder-volume[112915]: DEBUG oslo_service.service [None req-b8199193-f41f-4be4-8450-e2350b88d63f None None] image_conversion_cpu_limit     = 60 {{(pid=112915) log_opt_values /opt/stack/data/venv/lib/python3.10/site-packages/oslo_config/cfg.py:2817}}
Feb 12 17:59:30 jammy-provider-cloud-0000008002 cinder-volume[112915]: DEBUG oslo_service.service [None req-b8199193-f41f-4be4-8450-e2350b88d63f None None] image_conversion_dir           = /opt/stack/data/cinder/conversion {{(pid=112915) log_opt_values /opt/stack/data/venv/lib/python3.10/site-packages/oslo_config/cfg.py:2817}}
Feb 12 17:59:30 jammy-provider-cloud-0000008002 cinder-volume[112915]: DEBUG oslo_service.service [None req-b8199193-f41f-4be4-8450-e2350b88d63f None None] image_conversion_disable       = False {{(pid=112915) log_opt_values /opt/stack/data/venv/lib/python3.10/site-packages/oslo_config/cfg.py:2817}}
Feb 12 17:59:30 jammy-provider-cloud-0000008002 cinder-volume[112915]: DEBUG oslo_service.service [None req-b8199193-f41f-4be4-8450-e2350b88d63f None None] image_upload_use_cinder_backend = False {{(pid=112915) log_opt_values /opt/stack/data/venv/lib/python3.10/site-packages/oslo_config/cfg.py:2817}}
Feb 12 17:59:30 jammy-provider-cloud-0000008002 cinder-volume[112915]: DEBUG oslo_service.service [None req-b8199193-f41f-4be4-8450-e2350b88d63f None None] image_upload_use_internal_tenant = False {{(pid=112915) log_opt_values /opt/stack/data/venv/lib/python3.10/site-packages/oslo_config/cfg.py:2817}}
Feb 12 17:59:30 jammy-provider-cloud-0000008002 cinder-volume[103236]: DEBUG oslo_concurrency.lockutils [None req-7e974d0a-ed28-4be7-be71-10397a403fa8 None None] Acquiring lock "singleton_lock" {{(pid=103236) lock /opt/stack/data/venv/lib/python3.10/site-packages/oslo_concurrency/lockutils.py:310}}
Feb 12 17:59:30 jammy-provider-cloud-0000008002 cinder-volume[112921]: INFO cinder.volume.manager [None req-236bbfe0-1586-4f2c-92ed-b71db55bc2f2 None None] Starting volume driver HPE3PARNVMEDriver (1.0)
Feb 12 17:59:30 jammy-provider-cloud-0000008002 cinder-volume[112915]: DEBUG oslo_service.service [None req-b8199193-f41f-4be4-8450-e2350b88d63f None None] image_volume_cache_enabled     = False {{(pid=112915) log_opt_values /opt/stack/data/venv/lib/python3.10/site-packages/oslo_config/cfg.py:2817}}
Feb 12 17:59:30 jammy-provider-cloud-0000008002 cinder-volume[103236]: DEBUG oslo_concurrency.lockutils [None req-7e974d0a-ed28-4be7-be71-10397a403fa8 None None] Acquired lock "singleton_lock" {{(pid=103236) lock /opt/stack/data/venv/lib/python3.10/site-packages/oslo_concurrency/lockutils.py:313}}
Feb 12 17:59:30 jammy-provider-cloud-0000008002 cinder-volume[103236]: DEBUG oslo_concurrency.lockutils [None req-7e974d0a-ed28-4be7-be71-10397a403fa8 None None] Releasing lock "singleton_lock" {{(pid=103236) lock /opt/stack/data/venv/lib/python3.10/site-packages/oslo_concurrency/lockutils.py:331}}
Feb 12 17:59:30 jammy-provider-cloud-0000008002 cinder-volume[112915]: DEBUG oslo_service.service [None req-b8199193-f41f-4be4-8450-e2350b88d63f None None] image_volume_cache_max_count   = 0 {{(pid=112915) log_opt_values /opt/stack/data/venv/lib/python3.10/site-packages/oslo_config/cfg.py:2817}}
Feb 12 17:59:30 jammy-provider-cloud-0000008002 cinder-volume[112921]: DEBUG cinder.volume.drivers.hpe.hpe_3par_common [None req-236bbfe0-1586-4f2c-92ed-b71db55bc2f2 None None] Connecting to 3PAR {{(pid=112921) client_login /opt/stack/cinder/cinder/volume/drivers/hpe/hpe_3par_common.py:425}}
Feb 12 17:59:30 jammy-provider-cloud-0000008002 cinder-volume[112915]: DEBUG oslo_service.service [None req-b8199193-f41f-4be4-8450-e2350b88d63f None None] image_volume_cache_max_size_gb = 0 {{(pid=112915) log_opt_values /opt/stack/data/venv/lib/python3.10/site-packages/oslo_config/cfg.py:2817}}
Feb 12 17:59:30 jammy-provider-cloud-0000008002 cinder-volume[112915]: DEBUG oslo_service.service [None req-b8199193-f41f-4be4-8450-e2350b88d63f None None] init_host_max_objects_retrieval = 0 {{(pid=112915) log_opt_values /opt/stack/data/venv/lib/python3.10/site-packages/oslo_config/cfg.py:2817}}
Feb 12 17:59:30 jammy-provider-cloud-0000008002 cinder-volume[112915]: DEBUG oslo_service.service [None req-b8199193-f41f-4be4-8450-e2350b88d63f None None] instance_format                = [instance: %(uuid)s]  {{(pid=112915) log_opt_values /opt/stack/data/venv/lib/python3.10/site-packages/oslo_config/cfg.py:2817}}
Feb 12 17:59:30 jammy-provider-cloud-0000008002 cinder-volume[103236]: WARNING amqp [None req-7e974d0a-ed28-4be7-be71-10397a403fa8 None None] Received method (60, 30) during closing channel 1. This method will be ignored
Feb 12 17:59:30 jammy-provider-cloud-0000008002 cinder-volume[112915]: DEBUG oslo_service.service [None req-b8199193-f41f-4be4-8450-e2350b88d63f None None] instance_uuid_format           = [instance: %(uuid)s]  {{(pid=112915) log_opt_values /opt/stack/data/venv/lib/python3.10/site-packages/oslo_config/cfg.py:2817}}
Feb 12 17:59:30 jammy-provider-cloud-0000008002 cinder-volume[112915]: DEBUG oslo_service.service [None req-b8199193-f41f-4be4-8450-e2350b88d63f None None] iscsi_iotype                   = fileio {{(pid=112915) log_opt_values /opt/stack/data/venv/lib/python3.10/site-packages/oslo_config/cfg.py:2817}}
Feb 12 17:59:30 jammy-provider-cloud-0000008002 cinder-volume[112915]: DEBUG oslo_service.service [None req-b8199193-f41f-4be4-8450-e2350b88d63f None None] iscsi_target_flags             =  {{(pid=112915) log_opt_values /opt/stack/data/venv/lib/python3.10/site-packages/oslo_config/cfg.py:2817}}
Feb 12 17:59:30 jammy-provider-cloud-0000008002 cinder-volume[103236]: WARNING amqp [None req-7e974d0a-ed28-4be7-be71-10397a403fa8 None None] Received method (60, 30) during closing channel 1. This method will be ignored
