Feb 23 14:10:55 ubuntu devstack@keystone.service[62029]: ERROR keystone.server.flask.application   File "/opt/stack/data/venv/lib/python3.12/site-packages/pymysql/connections.py", line 1203, in read
Feb 23 14:10:55 ubuntu devstack@keystone.service[62029]: ERROR keystone.server.flask.application     first_packet = self.connection._read_packet()
Feb 23 14:10:55 ubuntu devstack@keystone.service[62029]: ERROR keystone.server.flask.application                    ^^^^^^^^^^^^^^^^^^^^^^^^^^^^^^
Feb 23 14:10:55 ubuntu devstack@keystone.service[62029]: ERROR keystone.server.flask.application   File "/opt/stack/data/venv/lib/python3.12/site-packages/pymysql/connections.py", line 782, in _read_packet
Feb 23 14:10:55 ubuntu devstack@keystone.service[62029]: ERROR keystone.server.flask.application     packet.raise_for_error()
Feb 23 14:10:55 ubuntu devstack@keystone.service[62029]: ERROR keystone.server.flask.application   File "/opt/stack/data/venv/lib/python3.12/site-packages/pymysql/protocol.py", line 219, in raise_for_error
Feb 23 14:10:55 ubuntu devstack@keystone.service[62029]: ERROR keystone.server.flask.application     err.raise_mysql_exception(self._data)
Feb 23 14:10:55 ubuntu devstack@keystone.service[62029]: ERROR keystone.server.flask.application   File "/opt/stack/data/venv/lib/python3.12/site-packages/pymysql/err.py", line 150, in raise_mysql_exception
Feb 23 14:10:55 ubuntu devstack@keystone.service[62029]: ERROR keystone.server.flask.application     raise errorclass(errno, errval)
Feb 23 14:10:55 ubuntu devstack@keystone.service[62029]: ERROR keystone.server.flask.application oslo_db.exception.DBDuplicateEntry: (pymysql.err.IntegrityError) (1062, "Duplicate entry 'service-<<null>>' for key 'role.ixu_role_name_domain_id'")
Feb 23 14:10:55 ubuntu devstack@keystone.service[62029]: ERROR keystone.server.flask.application [SQL: INSERT INTO `role` (id, name, description, extra) VALUES (%(id)s, %(name)s, %(description)s, %(extra)s)]
Feb 23 14:10:55 ubuntu devstack@keystone.service[62029]: ERROR keystone.server.flask.application [parameters: {'id': 'ba22cae5266c46e2971bc1f426b21014', 'name': 'service', 'description': None, 'extra': '{}'}]
Feb 23 14:10:55 ubuntu devstack@keystone.service[62029]: ERROR keystone.server.flask.application (Background on this error at: https://sqlalche.me/e/20/gkpj)
Feb 23 14:10:55 ubuntu devstack@keystone.service[62029]: ERROR keystone.server.flask.application 
Feb 23 14:10:55 ubuntu devstack@keystone.service[62029]: ERROR keystone.server.flask.application During handling of the above exception, another exception occurred:
Feb 23 14:10:55 ubuntu devstack@keystone.service[62029]: ERROR keystone.server.flask.application 
Feb 23 14:10:55 ubuntu devstack@keystone.service[62029]: ERROR keystone.server.flask.application Traceback (most recent call last):
Feb 23 14:10:55 ubuntu devstack@keystone.service[62029]: ERROR keystone.server.flask.application   File "/opt/stack/data/venv/lib/python3.12/site-packages/flask_restful/__init__.py", line 295, in error_router
Feb 23 14:10:55 ubuntu devstack@keystone.service[62029]: ERROR keystone.server.flask.application     return self.handle_error(e)
Feb 23 14:10:55 ubuntu devstack@keystone.service[62029]: ERROR keystone.server.flask.application            ^^^^^^^^^^^^^^^^^^^^
Feb 23 14:10:55 ubuntu devstack@keystone.service[62029]: ERROR keystone.server.flask.application   File "/opt/stack/data/venv/lib/python3.12/site-packages/flask_restful/__init__.py", line 310, in handle_error
Feb 23 14:10:55 ubuntu devstack@keystone.service[62029]: ERROR keystone.server.flask.application     _handle_flask_propagate_exceptions_config(current_app, e)
Feb 23 14:10:55 ubuntu devstack@keystone.service[62029]: ERROR keystone.server.flask.application   File "/opt/stack/data/venv/lib/python3.12/site-packages/flask/app.py", line 917, in full_dispatch_request
Feb 23 14:10:55 ubuntu devstack@keystone.service[62029]: ERROR keystone.server.flask.application     rv = self.dispatch_request()
Feb 23 14:10:55 ubuntu devstack@keystone.service[62029]: ERROR keystone.server.flask.application          ^^^^^^^^^^^^^^^^^^^^^^^
Feb 23 14:10:55 ubuntu devstack@keystone.service[62029]: ERROR keystone.server.flask.application   File "/opt/stack/data/venv/lib/python3.12/site-packages/flask/app.py", line 902, in dispatch_request
Feb 23 14:10:55 ubuntu devstack@keystone.service[62029]: ERROR keystone.server.flask.application     return self.ensure_sync(self.view_functions[rule.endpoint])(**view_args)  # type: ignore[no-any-return]
Feb 23 14:10:55 ubuntu devstack@keystone.service[62029]: ERROR keystone.server.flask.application            ^^^^^^^^^^^^^^^^^^^^^^^^^^^^^^^^^^^^^^^^^^^^^^^^^^^^^^^^^^^^^^^^^
Feb 23 14:10:55 ubuntu devstack@keystone.service[62029]: ERROR keystone.server.flask.application   File "/opt/stack/data/venv/lib/python3.12/site-packages/flask_restful/__init__.py", line 489, in wrapper
Feb 23 14:10:55 ubuntu devstack@keystone.service[62029]: ERROR keystone.server.flask.application     resp = resource(*args, **kwargs)
Feb 23 14:10:55 ubuntu devstack@keystone.service[62029]: ERROR keystone.server.flask.application            ^^^^^^^^^^^^^^^^^^^^^^^^^
Feb 23 14:10:55 ubuntu devstack@keystone.service[62029]: ERROR keystone.server.flask.application   File "/opt/stack/data/venv/lib/python3.12/site-packages/flask/views.py", line 110, in view
Feb 23 14:10:55 ubuntu devstack@keystone.service[62029]: ERROR keystone.server.flask.application     return current_app.ensure_sync(self.dispatch_request)(**kwargs)  # type: ignore[no-any-return]
Feb 23 14:10:55 ubuntu devstack@keystone.service[62029]: ERROR keystone.server.flask.application            ^^^^^^^^^^^^^^^^^^^^^^^^^^^^^^^^^^^^^^^^^^^^^^^^^^^^^^^^
Feb 23 14:10:55 ubuntu devstack@keystone.service[62029]: ERROR keystone.server.flask.application   File "/opt/stack/data/venv/lib/python3.12/site-packages/flask_restful/__init__.py", line 604, in dispatch_request
Feb 23 14:10:55 ubuntu devstack@keystone.service[62029]: ERROR keystone.server.flask.application     resp = meth(*args, **kwargs)
Feb 23 14:10:55 ubuntu devstack@keystone.service[62029]: ERROR keystone.server.flask.application            ^^^^^^^^^^^^^^^^^^^^^
Feb 23 14:10:55 ubuntu devstack@keystone.service[62029]: ERROR keystone.server.flask.application   File "/opt/stack/keystone/keystone/api/validation/__init__.py", line 86, in wrapper
Feb 23 14:10:55 ubuntu devstack@keystone.service[62029]: ERROR keystone.server.flask.application     return func(*args, **kwargs)
Feb 23 14:10:55 ubuntu devstack@keystone.service[62029]: ERROR keystone.server.flask.application            ^^^^^^^^^^^^^^^^^^^^^
Feb 23 14:10:55 ubuntu devstack@keystone.service[62029]: ERROR keystone.server.flask.application   File "/opt/stack/keystone/keystone/api/validation/__init__.py", line 145, in wrapper
Feb 23 14:10:55 ubuntu devstack@keystone.service[62029]: ERROR keystone.server.flask.application     response = func(*args, **kwargs)
Feb 23 14:10:55 ubuntu devstack@keystone.service[62029]: ERROR keystone.server.flask.application                ^^^^^^^^^^^^^^^^^^^^^
Feb 23 14:10:55 ubuntu devstack@keystone.service[62029]: ERROR keystone.server.flask.application   File "/opt/stack/keystone/keystone/api/roles.py", line 91, in post
Feb 23 14:10:55 ubuntu devstack@keystone.service[62029]: ERROR keystone.server.flask.application     ref = PROVIDERS.role_api.create_role(
Feb 23 14:10:55 ubuntu devstack@keystone.service[62029]: ERROR keystone.server.flask.application           ^^^^^^^^^^^^^^^^^^^^^^^^^^^^^^^
Feb 23 14:10:55 ubuntu devstack@keystone.service[62029]: ERROR keystone.server.flask.application   File "/opt/stack/keystone/keystone/common/manager.py", line 114, in wrapped
Feb 23 14:10:55 ubuntu devstack@keystone.service[62029]: ERROR keystone.server.flask.application     __ret_val = __f(*args, **kwargs)
Feb 23 14:10:55 ubuntu devstack@keystone.service[62029]: ERROR keystone.server.flask.application                 ^^^^^^^^^^^^^^^^^^^^
Feb 23 14:10:55 ubuntu devstack@keystone.service[62029]: ERROR keystone.server.flask.application   File "/opt/stack/keystone/keystone/assignment/core.py", line 1526, in create_role
Feb 23 14:10:55 ubuntu devstack@keystone.service[62029]: ERROR keystone.server.flask.application     ret = self.driver.create_role(role_id, role)
Feb 23 14:10:55 ubuntu devstack@keystone.service[62029]: ERROR keystone.server.flask.application           ^^^^^^^^^^^^^^^^^^^^^^^^^^^^^^^^^^^^^^
Feb 23 14:10:55 ubuntu devstack@keystone.service[62029]: ERROR keystone.server.flask.application   File "/opt/stack/keystone/keystone/common/sql/core.py", line 614, in wrapper
Feb 23 14:10:55 ubuntu devstack@keystone.service[62029]: ERROR keystone.server.flask.application     raise exception.Conflict(type=conflict_type, details=msg)
Feb 23 14:10:55 ubuntu devstack@keystone.service[62029]: ERROR keystone.server.flask.application keystone.exception.Conflict: Conflict occurred attempting to store role - Duplicate entry found with name service.
Feb 23 14:10:55 ubuntu devstack@keystone.service[62029]: ERROR keystone.server.flask.application 
Feb 23 14:10:55 ubuntu devstack@keystone.service[62029]: [pid: 62029|app: 0|req: 18/34] 10.120.125.137 () {62 vars in 1199 bytes} [Mon Feb 23 14:10:55 2026] POST /identity/v3/roles => generated 140 bytes in 71 msecs (HTTP/1.1 409) 5 headers in 183 bytes (2 switches on core 0)
Feb 23 14:10:55 ubuntu devstack@keystone.service[62029]: DEBUG keystone.server.flask.request_processing.req_logging [None req-d0a7262d-6586-4777-b47a-f339b9dcc016 None None] REQUEST_METHOD: `POST` {{(pid=62029) log_request_info /opt/stack/keystone/keystone/server/flask/request_processing/req_logging.py:26}}
Feb 23 14:10:55 ubuntu devstack@keystone.service[62029]: DEBUG keystone.server.flask.request_processing.req_logging [None req-d0a7262d-6586-4777-b47a-f339b9dcc016 None None] SCRIPT_NAME: `/identity` {{(pid=62029) log_request_info /opt/stack/keystone/keystone/server/flask/request_processing/req_logging.py:27}}
Feb 23 14:10:55 ubuntu devstack@keystone.service[62029]: DEBUG keystone.server.flask.request_processing.req_logging [None req-d0a7262d-6586-4777-b47a-f339b9dcc016 None None] PATH_INFO: `/v3/auth/tokens` {{(pid=62029) log_request_info /opt/stack/keystone/keystone/server/flask/request_processing/req_logging.py:28}}
Feb 23 14:10:55 ubuntu devstack@keystone.service[62030]: DEBUG keystone.server.flask.request_processing.middleware.auth_context [None req-7fead876-0ec7-45ec-96e2-8c370c2745d4 None None] Validating token access rules against request {{(pid=62030) validate_allowed_request /opt/stack/data/venv/lib/python3.12/site-packages/keystonemiddleware/auth_token/__init__.py:545}}
Feb 23 14:10:55 ubuntu devstack@keystone.service[62029]: WARNING keystone.common.password_hashing [None req-d0a7262d-6586-4777-b47a-f339b9dcc016 None None] Truncating password to algorithm specific maximum length 72 characters.
Feb 23 14:10:55 ubuntu devstack@keystone.service[62029]: DEBUG keystone.auth.core [None req-d0a7262d-6586-4777-b47a-f339b9dcc016 None None] MFA Rules not processed for user `d0061c35319e40c0aa0215e3d7997b63`. Rule list: `[]` (Enabled: `True`). {{(pid=62029) check_auth_methods_against_rules /opt/stack/keystone/keystone/auth/core.py:476}}
Feb 23 14:10:55 ubuntu devstack@keystone.service[62029]: DEBUG keystone.common.fernet_utils [None req-d0a7262d-6586-4777-b47a-f339b9dcc016 None None] Loaded 2 Fernet keys from /etc/keystone/fernet-keys/, but `[fernet_tokens] max_active_keys = 3`; perhaps there have not been enough key rotations to reach `max_active_keys` yet? {{(pid=62029) load_keys /opt/stack/keystone/keystone/common/fernet_utils.py:297}}
Feb 23 14:10:55 ubuntu devstack@keystone.service[62030]: DEBUG keystone.server.flask.request_processing.middleware.auth_context [None req-1dc895b3-cd38-4d9a-86e4-35999feb4729 None admin] RBAC: auth_context: {'token': <TokenModel (audit_id=dMBDFJK-R-C-2dA6cqnIWQ, audit_chain_id=['dMBDFJK-R-C-2dA6cqnIWQ']) at 0x7d48d2997260>, 'domain_id': None, 'trust_id': None, 'trustor_id': None, 'trustee_id': None, 'domain_name': None, 'group_ids': [], 'user_id': 'd0061c35319e40c0aa0215e3d7997b63', 'user_domain_id': 'default', 'system_scope': 'all', 'project_id': None, 'project_domain_id': None, 'roles': ['admin', 'manager', 'member', 'reader'], 'is_admin_project': True, 'service_user_id': None, 'service_user_domain_id': None, 'service_project_id': None, 'service_project_domain_id': None, 'service_roles': []} {{(pid=62030) fill_context /opt/stack/keystone/keystone/server/flask/request_processing/middleware/auth_context.py:509}}
Feb 23 14:10:55 ubuntu devstack@keystone.service[62030]: DEBUG keystone.server.flask.request_processing.req_logging [None req-1dc895b3-cd38-4d9a-86e4-35999feb4729 None admin] REQUEST_METHOD: `POST` {{(pid=62030) log_request_info /opt/stack/keystone/keystone/server/flask/request_processing/req_logging.py:26}}
Feb 23 14:10:55 ubuntu devstack@keystone.service[62030]: DEBUG keystone.server.flask.request_processing.req_logging [None req-1dc895b3-cd38-4d9a-86e4-35999feb4729 None admin] SCRIPT_NAME: `/identity` {{(pid=62030) log_request_info /opt/stack/keystone/keystone/server/flask/request_processing/req_logging.py:27}}
Feb 23 14:10:55 ubuntu devstack@keystone.service[62030]: DEBUG keystone.server.flask.request_processing.req_logging [None req-1dc895b3-cd38-4d9a-86e4-35999feb4729 None admin] PATH_INFO: `/v3/roles` {{(pid=62030) log_request_info /opt/stack/keystone/keystone/server/flask/request_processing/req_logging.py:28}}
Feb 23 14:10:55 ubuntu devstack@keystone.service[62030]: DEBUG keystone.common.rbac_enforcer.enforcer [None req-1dc895b3-cd38-4d9a-86e4-35999feb4729 None admin] RBAC: Authorizing `identity:create_role()` {{(pid=62030) enforce_call /opt/stack/keystone/keystone/common/rbac_enforcer/enforcer.py:494}}
Feb 23 14:10:55 ubuntu devstack@keystone.service[62030]: DEBUG keystone.common.rbac_enforcer.enforcer [None req-1dc895b3-cd38-4d9a-86e4-35999feb4729 None admin] RBAC: Authorization granted {{(pid=62030) enforce_call /opt/stack/keystone/keystone/common/rbac_enforcer/enforcer.py:505}}
Feb 23 14:10:55 ubuntu devstack@keystone.service[62030]: [pid: 62030|app: 0|req: 17/35] 10.120.125.137 () {62 vars in 1199 bytes} [Mon Feb 23 14:10:55 2026] POST /identity/v3/roles => generated 226 bytes in 77 msecs (HTTP/1.1 201) 5 headers in 182 bytes (1 switches on core 0)
Feb 23 14:10:55 ubuntu devstack@keystone.service[62030]: DEBUG keystone.server.flask.request_processing.req_logging [None req-7e7fbb7c-4268-48b1-a943-64a33a3aa52b None None] REQUEST_METHOD: `GET` {{(pid=62030) log_request_info /opt/stack/keystone/keystone/server/flask/request_processing/req_logging.py:26}}
Feb 23 14:10:55 ubuntu devstack@keystone.service[62030]: DEBUG keystone.server.flask.request_processing.req_logging [None req-7e7fbb7c-4268-48b1-a943-64a33a3aa52b None None] SCRIPT_NAME: `/identity` {{(pid=62030) log_request_info /opt/stack/keystone/keystone/server/flask/request_processing/req_logging.py:27}}
Feb 23 14:10:55 ubuntu devstack@keystone.service[62030]: DEBUG keystone.server.flask.request_processing.req_logging [None req-7e7fbb7c-4268-48b1-a943-64a33a3aa52b None None] PATH_INFO: `/` {{(pid=62030) log_request_info /opt/stack/keystone/keystone/server/flask/request_processing/req_logging.py:28}}
Feb 23 14:10:55 ubuntu devstack@keystone.service[62030]: [pid: 62030|app: 0|req: 18/36] 10.120.125.137 () {56 vars in 951 bytes} [Mon Feb 23 14:10:55 2026] GET /identity => generated 271 bytes in 1 msecs (HTTP/1.1 300) 6 headers in 235 bytes (1 switches on core 0)
Feb 23 14:10:55 ubuntu devstack@keystone.service[62030]: DEBUG keystone.server.flask.request_processing.middleware.auth_context [None req-7e7fbb7c-4268-48b1-a943-64a33a3aa52b None None] Authenticating user token {{(pid=62030) process_request /opt/stack/data/venv/lib/python3.12/site-packages/keystonemiddleware/auth_token/__init__.py:407}}
Feb 23 14:10:55 ubuntu devstack@keystone.service[62029]: [pid: 62029|app: 0|req: 19/37] 10.120.125.137 () {60 vars in 1048 bytes} [Mon Feb 23 14:10:55 2026] POST /identity/v3/auth/tokens => generated 863 bytes in 47 msecs (HTTP/1.1 201) 6 headers in 363 bytes (1 switches on core 0)
Feb 23 14:10:55 ubuntu devstack@keystone.service[62029]: DEBUG keystone.server.flask.request_processing.middleware.auth_context [None req-d0a7262d-6586-4777-b47a-f339b9dcc016 None None] Authenticating user token {{(pid=62029) process_request /opt/stack/data/venv/lib/python3.12/site-packages/keystonemiddleware/auth_token/__init__.py:407}}
Feb 23 14:10:55 ubuntu devstack@keystone.service[62030]: DEBUG keystone.server.flask.request_processing.middleware.auth_context [None req-7e7fbb7c-4268-48b1-a943-64a33a3aa52b None None] Validating token access rules against request {{(pid=62030) validate_allowed_request /opt/stack/data/venv/lib/python3.12/site-packages/keystonemiddleware/auth_token/__init__.py:545}}
Feb 23 14:10:55 ubuntu devstack@keystone.service[62029]: DEBUG keystone.server.flask.request_processing.middleware.auth_context [None req-d0a7262d-6586-4777-b47a-f339b9dcc016 None None] Validating token access rules against request {{(pid=62029) validate_allowed_request /opt/stack/data/venv/lib/python3.12/site-packages/keystonemiddleware/auth_token/__init__.py:545}}
Feb 23 14:10:55 ubuntu devstack@keystone.service[62029]: DEBUG keystone.server.flask.request_processing.middleware.auth_context [None req-6b086f82-f7ce-4e61-ba92-97f4d5af973c None admin] RBAC: auth_context: {'token': <TokenModel (audit_id=NxSDmXM4TmqLMewACBhxxg, audit_chain_id=['NxSDmXM4TmqLMewACBhxxg']) at 0x7d48d2a400e0>, 'domain_id': None, 'trust_id': None, 'trustor_id': None, 'trustee_id': None, 'domain_name': None, 'group_ids': [], 'user_id': 'd0061c35319e40c0aa0215e3d7997b63', 'user_domain_id': 'default', 'system_scope': 'all', 'project_id': None, 'project_domain_id': None, 'roles': ['admin', 'manager', 'member', 'reader'], 'is_admin_project': True, 'service_user_id': None, 'service_user_domain_id': None, 'service_project_id': None, 'service_project_domain_id': None, 'service_roles': []} {{(pid=62029) fill_context /opt/stack/keystone/keystone/server/flask/request_processing/middleware/auth_context.py:509}}
Feb 23 14:10:55 ubuntu devstack@keystone.service[62030]: DEBUG keystone.server.flask.request_processing.middleware.auth_context [None req-aa25ba29-2205-4a27-91da-74da96ebd3e0 None admin] RBAC: auth_context: {'token': <TokenModel (audit_id=rJuTFazqRYa8uXgMhQN6QQ, audit_chain_id=['rJuTFazqRYa8uXgMhQN6QQ']) at 0x7d48d2af6d80>, 'domain_id': None, 'trust_id': None, 'trustor_id': None, 'trustee_id': None, 'domain_name': None, 'group_ids': [], 'user_id': 'd0061c35319e40c0aa0215e3d7997b63', 'user_domain_id': 'default', 'system_scope': 'all', 'project_id': None, 'project_domain_id': None, 'roles': ['admin', 'manager', 'member', 'reader'], 'is_admin_project': True, 'service_user_id': None, 'service_user_domain_id': None, 'service_project_id': None, 'service_project_domain_id': None, 'service_roles': []} {{(pid=62030) fill_context /opt/stack/keystone/keystone/server/flask/request_processing/middleware/auth_context.py:509}}
Feb 23 14:10:55 ubuntu devstack@keystone.service[62029]: DEBUG keystone.server.flask.request_processing.req_logging [None req-6b086f82-f7ce-4e61-ba92-97f4d5af973c None admin] REQUEST_METHOD: `GET` {{(pid=62029) log_request_info /opt/stack/keystone/keystone/server/flask/request_processing/req_logging.py:26}}
Feb 23 14:10:55 ubuntu devstack@keystone.service[62029]: DEBUG keystone.server.flask.request_processing.req_logging [None req-6b086f82-f7ce-4e61-ba92-97f4d5af973c None admin] SCRIPT_NAME: `/identity` {{(pid=62029) log_request_info /opt/stack/keystone/keystone/server/flask/request_processing/req_logging.py:27}}
Feb 23 14:10:55 ubuntu devstack@keystone.service[62030]: DEBUG keystone.server.flask.request_processing.req_logging [None req-aa25ba29-2205-4a27-91da-74da96ebd3e0 None admin] REQUEST_METHOD: `POST` {{(pid=62030) log_request_info /opt/stack/keystone/keystone/server/flask/request_processing/req_logging.py:26}}
Feb 23 14:10:55 ubuntu devstack@keystone.service[62029]: DEBUG keystone.server.flask.request_processing.req_logging [None req-6b086f82-f7ce-4e61-ba92-97f4d5af973c None admin] PATH_INFO: `/v3/roles/service` {{(pid=62029) log_request_info /opt/stack/keystone/keystone/server/flask/request_processing/req_logging.py:28}}
Feb 23 14:10:55 ubuntu devstack@keystone.service[62030]: DEBUG keystone.server.flask.request_processing.req_logging [None req-aa25ba29-2205-4a27-91da-74da96ebd3e0 None admin] SCRIPT_NAME: `/identity` {{(pid=62030) log_request_info /opt/stack/keystone/keystone/server/flask/request_processing/req_logging.py:27}}
Feb 23 14:10:55 ubuntu devstack@keystone.service[62030]: DEBUG keystone.server.flask.request_processing.req_logging [None req-aa25ba29-2205-4a27-91da-74da96ebd3e0 None admin] PATH_INFO: `/v3/projects` {{(pid=62030) log_request_info /opt/stack/keystone/keystone/server/flask/request_processing/req_logging.py:28}}
Feb 23 14:10:55 ubuntu devstack@keystone.service[62030]: DEBUG keystone.common.rbac_enforcer.enforcer [None req-aa25ba29-2205-4a27-91da-74da96ebd3e0 None admin] RBAC: Authorizing `identity:create_project()` {{(pid=62030) enforce_call /opt/stack/keystone/keystone/common/rbac_enforcer/enforcer.py:494}}
Feb 23 14:10:55 ubuntu devstack@keystone.service[62030]: DEBUG keystone.common.rbac_enforcer.enforcer [None req-aa25ba29-2205-4a27-91da-74da96ebd3e0 None admin] RBAC: Authorization granted {{(pid=62030) enforce_call /opt/stack/keystone/keystone/common/rbac_enforcer/enforcer.py:505}}
Feb 23 14:10:55 ubuntu devstack@keystone.service[62029]: DEBUG keystone.common.rbac_enforcer.enforcer [None req-6b086f82-f7ce-4e61-ba92-97f4d5af973c None admin] Extracting inferred target data resulted in "NOT FOUND (404)". {{(pid=62029) enforce_call /opt/stack/keystone/keystone/common/rbac_enforcer/enforcer.py:445}}
Feb 23 14:10:55 ubuntu devstack@keystone.service[62029]: DEBUG keystone.server.flask.application [None req-6b086f82-f7ce-4e61-ba92-97f4d5af973c None admin] Could not find role: service. {{(pid=62029) _handle_keystone_exception /opt/stack/keystone/keystone/server/flask/application.py:146}}
Feb 23 14:10:55 ubuntu devstack@keystone.service[62029]: [pid: 62029|app: 0|req: 20/38] 10.120.125.137 () {58 vars in 1170 bytes} [Mon Feb 23 14:10:55 2026] GET /identity/v3/roles/service => generated 85 bytes in 57 msecs (HTTP/1.1 404) 5 headers in 183 bytes (1 switches on core 0)
Feb 23 14:10:55 ubuntu devstack@keystone.service[62029]: DEBUG keystone.server.flask.request_processing.middleware.auth_context [None req-6b086f82-f7ce-4e61-ba92-97f4d5af973c None admin] Authenticating user token {{(pid=62029) process_request /opt/stack/data/venv/lib/python3.12/site-packages/keystonemiddleware/auth_token/__init__.py:407}}
Feb 23 14:10:55 ubuntu devstack@keystone.service[62030]: [pid: 62030|app: 0|req: 19/39] 10.120.125.137 () {62 vars in 1208 bytes} [Mon Feb 23 14:10:55 2026] POST /identity/v3/projects => generated 302 bytes in 86 msecs (HTTP/1.1 201) 5 headers in 182 bytes (1 switches on core 0)
Feb 23 14:10:55 ubuntu devstack@keystone.service[62029]: DEBUG keystone.server.flask.request_processing.middleware.auth_context [None req-6b086f82-f7ce-4e61-ba92-97f4d5af973c None admin] Validating token access rules against request {{(pid=62029) validate_allowed_request /opt/stack/data/venv/lib/python3.12/site-packages/keystonemiddleware/auth_token/__init__.py:545}}
Feb 23 14:10:55 ubuntu devstack@keystone.service[62030]: DEBUG keystone.server.flask.request_processing.middleware.auth_context [None req-aa25ba29-2205-4a27-91da-74da96ebd3e0 None admin] Authenticating user token {{(pid=62030) process_request /opt/stack/data/venv/lib/python3.12/site-packages/keystonemiddleware/auth_token/__init__.py:407}}
Feb 23 14:10:55 ubuntu devstack@keystone.service[62029]: DEBUG keystone.server.flask.request_processing.middleware.auth_context [None req-56d6c590-5eb0-4117-9b1b-5261189a041b None admin] RBAC: auth_context: {'token': <TokenModel (audit_id=FG_yjuNZRyK5k7p4r361TQ, audit_chain_id=['FG_yjuNZRyK5k7p4r361TQ']) at 0x7d48d2a5f5c0>, 'domain_id': None, 'trust_id': None, 'trustor_id': None, 'trustee_id': None, 'domain_name': None, 'group_ids': [], 'user_id': 'd0061c35319e40c0aa0215e3d7997b63', 'user_domain_id': 'default', 'system_scope': 'all', 'project_id': None, 'project_domain_id': None, 'roles': ['admin', 'manager', 'member', 'reader'], 'is_admin_project': True, 'service_user_id': None, 'service_user_domain_id': None, 'service_project_id': None, 'service_project_domain_id': None, 'service_roles': []} {{(pid=62029) fill_context /opt/stack/keystone/keystone/server/flask/request_processing/middleware/auth_context.py:509}}
Feb 23 14:10:55 ubuntu devstack@keystone.service[62029]: DEBUG keystone.server.flask.request_processing.req_logging [None req-56d6c590-5eb0-4117-9b1b-5261189a041b None admin] REQUEST_METHOD: `GET` {{(pid=62029) log_request_info /opt/stack/keystone/keystone/server/flask/request_processing/req_logging.py:26}}
Feb 23 14:10:55 ubuntu devstack@keystone.service[62029]: DEBUG keystone.server.flask.request_processing.req_logging [None req-56d6c590-5eb0-4117-9b1b-5261189a041b None admin] SCRIPT_NAME: `/identity` {{(pid=62029) log_request_info /opt/stack/keystone/keystone/server/flask/request_processing/req_logging.py:27}}
Feb 23 14:10:55 ubuntu devstack@keystone.service[62029]: DEBUG keystone.server.flask.request_processing.req_logging [None req-56d6c590-5eb0-4117-9b1b-5261189a041b None admin] PATH_INFO: `/v3/roles/admin` {{(pid=62029) log_request_info /opt/stack/keystone/keystone/server/flask/request_processing/req_logging.py:28}}
Feb 23 14:10:55 ubuntu devstack@keystone.service[62029]: DEBUG keystone.common.rbac_enforcer.enforcer [None req-56d6c590-5eb0-4117-9b1b-5261189a041b None admin] Extracting inferred target data resulted in "NOT FOUND (404)". {{(pid=62029) enforce_call /opt/stack/keystone/keystone/common/rbac_enforcer/enforcer.py:445}}
Feb 23 14:10:55 ubuntu devstack@keystone.service[62029]: DEBUG keystone.server.flask.application [None req-56d6c590-5eb0-4117-9b1b-5261189a041b None admin] Could not find role: admin. {{(pid=62029) _handle_keystone_exception /opt/stack/keystone/keystone/server/flask/application.py:146}}
Feb 23 14:10:55 ubuntu devstack@keystone.service[62029]: [pid: 62029|app: 0|req: 21/40] 10.120.125.137 () {58 vars in 1164 bytes} [Mon Feb 23 14:10:55 2026] GET /identity/v3/roles/admin => generated 83 bytes in 60 msecs (HTTP/1.1 404) 5 headers in 183 bytes (1 switches on core 0)
Feb 23 14:10:55 ubuntu devstack@keystone.service[62029]: DEBUG keystone.server.flask.request_processing.req_logging [None req-7f4e3445-acc3-4d9a-9a58-09c93f3ce96c None None] REQUEST_METHOD: `POST` {{(pid=62029) log_request_info /opt/stack/keystone/keystone/server/flask/request_processing/req_logging.py:26}}
Feb 23 14:10:55 ubuntu devstack@keystone.service[62029]: DEBUG keystone.server.flask.request_processing.req_logging [None req-7f4e3445-acc3-4d9a-9a58-09c93f3ce96c None None] SCRIPT_NAME: `/identity` {{(pid=62029) log_request_info /opt/stack/keystone/keystone/server/flask/request_processing/req_logging.py:27}}
Feb 23 14:10:55 ubuntu devstack@keystone.service[62029]: DEBUG keystone.server.flask.request_processing.req_logging [None req-7f4e3445-acc3-4d9a-9a58-09c93f3ce96c None None] PATH_INFO: `/v3/auth/tokens` {{(pid=62029) log_request_info /opt/stack/keystone/keystone/server/flask/request_processing/req_logging.py:28}}
Feb 23 14:10:55 ubuntu devstack@keystone.service[62030]: DEBUG keystone.server.flask.request_processing.middleware.auth_context [None req-aa25ba29-2205-4a27-91da-74da96ebd3e0 None admin] Validating token access rules against request {{(pid=62030) validate_allowed_request /opt/stack/data/venv/lib/python3.12/site-packages/keystonemiddleware/auth_token/__init__.py:545}}
Feb 23 14:10:55 ubuntu devstack@keystone.service[62029]: WARNING keystone.common.password_hashing [None req-7f4e3445-acc3-4d9a-9a58-09c93f3ce96c None None] Truncating password to algorithm specific maximum length 72 characters.
Feb 23 14:10:55 ubuntu devstack@keystone.service[62029]: DEBUG keystone.auth.core [None req-7f4e3445-acc3-4d9a-9a58-09c93f3ce96c None None] MFA Rules not processed for user `d0061c35319e40c0aa0215e3d7997b63`. Rule list: `[]` (Enabled: `True`). {{(pid=62029) check_auth_methods_against_rules /opt/stack/keystone/keystone/auth/core.py:476}}
Feb 23 14:10:55 ubuntu devstack@keystone.service[62029]: DEBUG keystone.common.fernet_utils [None req-7f4e3445-acc3-4d9a-9a58-09c93f3ce96c None None] Loaded 2 Fernet keys from /etc/keystone/fernet-keys/, but `[fernet_tokens] max_active_keys = 3`; perhaps there have not been enough key rotations to reach `max_active_keys` yet? {{(pid=62029) load_keys /opt/stack/keystone/keystone/common/fernet_utils.py:297}}
Feb 23 14:10:55 ubuntu devstack@keystone.service[62030]: DEBUG keystone.server.flask.request_processing.middleware.auth_context [None req-b4bf6b0f-3e15-4e77-8551-22a2357e2f1c None admin] RBAC: auth_context: {'token': <TokenModel (audit_id=NxSDmXM4TmqLMewACBhxxg, audit_chain_id=['NxSDmXM4TmqLMewACBhxxg']) at 0x7d48d2994650>, 'domain_id': None, 'trust_id': None, 'trustor_id': None, 'trustee_id': None, 'domain_name': None, 'group_ids': [], 'user_id': 'd0061c35319e40c0aa0215e3d7997b63', 'user_domain_id': 'default', 'system_scope': 'all', 'project_id': None, 'project_domain_id': None, 'roles': ['admin', 'manager', 'member', 'reader'], 'is_admin_project': True, 'service_user_id': None, 'service_user_domain_id': None, 'service_project_id': None, 'service_project_domain_id': None, 'service_roles': []} {{(pid=62030) fill_context /opt/stack/keystone/keystone/server/flask/request_processing/middleware/auth_context.py:509}}
Feb 23 14:10:55 ubuntu devstack@keystone.service[62030]: DEBUG keystone.server.flask.request_processing.req_logging [None req-b4bf6b0f-3e15-4e77-8551-22a2357e2f1c None admin] REQUEST_METHOD: `GET` {{(pid=62030) log_request_info /opt/stack/keystone/keystone/server/flask/request_processing/req_logging.py:26}}
Feb 23 14:10:55 ubuntu devstack@keystone.service[62030]: DEBUG keystone.server.flask.request_processing.req_logging [None req-b4bf6b0f-3e15-4e77-8551-22a2357e2f1c None admin] SCRIPT_NAME: `/identity` {{(pid=62030) log_request_info /opt/stack/keystone/keystone/server/flask/request_processing/req_logging.py:27}}
Feb 23 14:10:55 ubuntu devstack@keystone.service[62030]: DEBUG keystone.server.flask.request_processing.req_logging [None req-b4bf6b0f-3e15-4e77-8551-22a2357e2f1c None admin] PATH_INFO: `/v3/roles` {{(pid=62030) log_request_info /opt/stack/keystone/keystone/server/flask/request_processing/req_logging.py:28}}
Feb 23 14:10:55 ubuntu devstack@keystone.service[62030]: DEBUG keystone.common.rbac_enforcer.enforcer [None req-b4bf6b0f-3e15-4e77-8551-22a2357e2f1c None admin] RBAC: Adding query filter params (name=service) {{(pid=62030) _extract_filter_values /opt/stack/keystone/keystone/common/rbac_enforcer/enforcer.py:176}}
Feb 23 14:10:55 ubuntu devstack@keystone.service[62030]: DEBUG keystone.common.rbac_enforcer.enforcer [None req-b4bf6b0f-3e15-4e77-8551-22a2357e2f1c None admin] RBAC: Authorizing `identity:list_roles()` {{(pid=62030) enforce_call /opt/stack/keystone/keystone/common/rbac_enforcer/enforcer.py:494}}
Feb 23 14:10:55 ubuntu devstack@keystone.service[62030]: DEBUG keystone.common.rbac_enforcer.enforcer [None req-b4bf6b0f-3e15-4e77-8551-22a2357e2f1c None admin] RBAC: Authorization granted {{(pid=62030) enforce_call /opt/stack/keystone/keystone/common/rbac_enforcer/enforcer.py:505}}
Feb 23 14:10:55 ubuntu devstack@keystone.service[62030]: [pid: 62030|app: 0|req: 20/41] 10.120.125.137 () {58 vars in 1184 bytes} [Mon Feb 23 14:10:55 2026] GET /identity/v3/roles?name=service => generated 345 bytes in 73 msecs (HTTP/1.1 200) 5 headers in 177 bytes (2 switches on core 0)
Feb 23 14:10:55 ubuntu devstack@keystone.service[62030]: DEBUG keystone.server.flask.request_processing.middleware.auth_context [None req-b4bf6b0f-3e15-4e77-8551-22a2357e2f1c None admin] Authenticating user token {{(pid=62030) process_request /opt/stack/data/venv/lib/python3.12/site-packages/keystonemiddleware/auth_token/__init__.py:407}}
Feb 23 14:10:55 ubuntu devstack@keystone.service[62030]: DEBUG keystone.server.flask.request_processing.middleware.auth_context [None req-b4bf6b0f-3e15-4e77-8551-22a2357e2f1c None admin] Validating token access rules against request {{(pid=62030) validate_allowed_request /opt/stack/data/venv/lib/python3.12/site-packages/keystonemiddleware/auth_token/__init__.py:545}}
Feb 23 14:10:55 ubuntu devstack@keystone.service[62029]: [pid: 62029|app: 0|req: 22/42] 10.120.125.137 () {60 vars in 1048 bytes} [Mon Feb 23 14:10:55 2026] POST /identity/v3/auth/tokens => generated 863 bytes in 96 msecs (HTTP/1.1 201) 6 headers in 363 bytes (2 switches on core 0)
Feb 23 14:10:55 ubuntu devstack@keystone.service[62030]: DEBUG keystone.server.flask.request_processing.middleware.auth_context [None req-654b6fc6-9f3f-40b2-be22-c47b8950cf38 None admin] RBAC: auth_context: {'token': <TokenModel (audit_id=FG_yjuNZRyK5k7p4r361TQ, audit_chain_id=['FG_yjuNZRyK5k7p4r361TQ']) at 0x7d48d2996690>, 'domain_id': None, 'trust_id': None, 'trustor_id': None, 'trustee_id': None, 'domain_name': None, 'group_ids': [], 'user_id': 'd0061c35319e40c0aa0215e3d7997b63', 'user_domain_id': 'default', 'system_scope': 'all', 'project_id': None, 'project_domain_id': None, 'roles': ['admin', 'manager', 'member', 'reader'], 'is_admin_project': True, 'service_user_id': None, 'service_user_domain_id': None, 'service_project_id': None, 'service_project_domain_id': None, 'service_roles': []} {{(pid=62030) fill_context /opt/stack/keystone/keystone/server/flask/request_processing/middleware/auth_context.py:509}}
Feb 23 14:10:55 ubuntu devstack@keystone.service[62030]: DEBUG keystone.server.flask.request_processing.req_logging [None req-654b6fc6-9f3f-40b2-be22-c47b8950cf38 None admin] REQUEST_METHOD: `GET` {{(pid=62030) log_request_info /opt/stack/keystone/keystone/server/flask/request_processing/req_logging.py:26}}
Feb 23 14:10:55 ubuntu devstack@keystone.service[62030]: DEBUG keystone.server.flask.request_processing.req_logging [None req-654b6fc6-9f3f-40b2-be22-c47b8950cf38 None admin] SCRIPT_NAME: `/identity` {{(pid=62030) log_request_info /opt/stack/keystone/keystone/server/flask/request_processing/req_logging.py:27}}
Feb 23 14:10:55 ubuntu devstack@keystone.service[62030]: DEBUG keystone.server.flask.request_processing.req_logging [None req-654b6fc6-9f3f-40b2-be22-c47b8950cf38 None admin] PATH_INFO: `/v3/roles` {{(pid=62030) log_request_info /opt/stack/keystone/keystone/server/flask/request_processing/req_logging.py:28}}
Feb 23 14:10:55 ubuntu devstack@keystone.service[62030]: DEBUG keystone.common.rbac_enforcer.enforcer [None req-654b6fc6-9f3f-40b2-be22-c47b8950cf38 None admin] RBAC: Adding query filter params (name=admin) {{(pid=62030) _extract_filter_values /opt/stack/keystone/keystone/common/rbac_enforcer/enforcer.py:176}}
Feb 23 14:10:55 ubuntu devstack@keystone.service[62030]: DEBUG keystone.common.rbac_enforcer.enforcer [None req-654b6fc6-9f3f-40b2-be22-c47b8950cf38 None admin] RBAC: Authorizing `identity:list_roles()` {{(pid=62030) enforce_call /opt/stack/keystone/keystone/common/rbac_enforcer/enforcer.py:494}}
Feb 23 14:10:55 ubuntu devstack@keystone.service[62030]: DEBUG keystone.common.rbac_enforcer.enforcer [None req-654b6fc6-9f3f-40b2-be22-c47b8950cf38 None admin] RBAC: Authorization granted {{(pid=62030) enforce_call /opt/stack/keystone/keystone/common/rbac_enforcer/enforcer.py:505}}
Feb 23 14:10:55 ubuntu devstack@keystone.service[62030]: [pid: 62030|app: 0|req: 21/43] 10.120.125.137 () {58 vars in 1180 bytes} [Mon Feb 23 14:10:55 2026] GET /identity/v3/roles?name=admin => generated 341 bytes in 88 msecs (HTTP/1.1 200) 5 headers in 177 bytes (1 switches on core 0)
Feb 23 14:10:55 ubuntu devstack@keystone.service[62029]: DEBUG keystone.server.flask.request_processing.middleware.auth_context [None req-7f4e3445-acc3-4d9a-9a58-09c93f3ce96c None None] Authenticating user token {{(pid=62029) process_request /opt/stack/data/venv/lib/python3.12/site-packages/keystonemiddleware/auth_token/__init__.py:407}}
Feb 23 14:10:55 ubuntu devstack@keystone.service[62029]: DEBUG keystone.server.flask.request_processing.middleware.auth_context [None req-7f4e3445-acc3-4d9a-9a58-09c93f3ce96c None None] Validating token access rules against request {{(pid=62029) validate_allowed_request /opt/stack/data/venv/lib/python3.12/site-packages/keystonemiddleware/auth_token/__init__.py:545}}
Feb 23 14:10:55 ubuntu devstack@keystone.service[62029]: DEBUG keystone.server.flask.request_processing.middleware.auth_context [None req-4ce4e862-534b-412c-9509-18dd93824138 None admin] RBAC: auth_context: {'token': <TokenModel (audit_id=FG_yjuNZRyK5k7p4r361TQ, audit_chain_id=['FG_yjuNZRyK5k7p4r361TQ']) at 0x7d48d2a5d730>, 'domain_id': None, 'trust_id': None, 'trustor_id': None, 'trustee_id': None, 'domain_name': None, 'group_ids': [], 'user_id': 'd0061c35319e40c0aa0215e3d7997b63', 'user_domain_id': 'default', 'system_scope': 'all', 'project_id': None, 'project_domain_id': None, 'roles': ['admin', 'manager', 'member', 'reader'], 'is_admin_project': True, 'service_user_id': None, 'service_user_domain_id': None, 'service_project_id': None, 'service_project_domain_id': None, 'service_roles': []} {{(pid=62029) fill_context /opt/stack/keystone/keystone/server/flask/request_processing/middleware/auth_context.py:509}}
Feb 23 14:10:55 ubuntu devstack@keystone.service[62029]: DEBUG keystone.server.flask.request_processing.req_logging [None req-4ce4e862-534b-412c-9509-18dd93824138 None admin] REQUEST_METHOD: `GET` {{(pid=62029) log_request_info /opt/stack/keystone/keystone/server/flask/request_processing/req_logging.py:26}}
Feb 23 14:10:55 ubuntu devstack@keystone.service[62029]: DEBUG keystone.server.flask.request_processing.req_logging [None req-4ce4e862-534b-412c-9509-18dd93824138 None admin] SCRIPT_NAME: `/identity` {{(pid=62029) log_request_info /opt/stack/keystone/keystone/server/flask/request_processing/req_logging.py:27}}
Feb 23 14:10:55 ubuntu devstack@keystone.service[62029]: DEBUG keystone.server.flask.request_processing.req_logging [None req-4ce4e862-534b-412c-9509-18dd93824138 None admin] PATH_INFO: `/v3/users/d0061c35319e40c0aa0215e3d7997b63` {{(pid=62029) log_request_info /opt/stack/keystone/keystone/server/flask/request_processing/req_logging.py:28}}
Feb 23 14:10:55 ubuntu devstack@keystone.service[62029]: DEBUG keystone.common.rbac_enforcer.enforcer [None req-4ce4e862-534b-412c-9509-18dd93824138 None admin] RBAC: Authorizing `identity:get_user(user_id=d0061c35319e40c0aa0215e3d7997b63)` {{(pid=62029) enforce_call /opt/stack/keystone/keystone/common/rbac_enforcer/enforcer.py:494}}
Feb 23 14:10:55 ubuntu devstack@keystone.service[62029]: DEBUG keystone.common.rbac_enforcer.enforcer [None req-4ce4e862-534b-412c-9509-18dd93824138 None admin] RBAC: Authorization granted {{(pid=62029) enforce_call /opt/stack/keystone/keystone/common/rbac_enforcer/enforcer.py:505}}
Feb 23 14:10:55 ubuntu devstack@keystone.service[62029]: [pid: 62029|app: 0|req: 23/44] 10.120.125.137 () {58 vars in 1245 bytes} [Mon Feb 23 14:10:55 2026] GET /identity/v3/users/d0061c35319e40c0aa0215e3d7997b63 => generated 248 bytes in 64 msecs (HTTP/1.1 200) 5 headers in 177 bytes (1 switches on core 0)
Feb 23 14:10:56 ubuntu devstack@keystone.service[62030]: DEBUG keystone.server.flask.request_processing.middleware.auth_context [None req-654b6fc6-9f3f-40b2-be22-c47b8950cf38 None admin] Authenticating user token {{(pid=62030) process_request /opt/stack/data/venv/lib/python3.12/site-packages/keystonemiddleware/auth_token/__init__.py:407}}
Feb 23 14:10:56 ubuntu devstack@keystone.service[62029]: DEBUG keystone.server.flask.request_processing.middleware.auth_context [None req-4ce4e862-534b-412c-9509-18dd93824138 None admin] Authenticating user token {{(pid=62029) process_request /opt/stack/data/venv/lib/python3.12/site-packages/keystonemiddleware/auth_token/__init__.py:407}}
Feb 23 14:10:56 ubuntu devstack@keystone.service[62029]: DEBUG keystone.server.flask.request_processing.middleware.auth_context [None req-4ce4e862-534b-412c-9509-18dd93824138 None admin] Validating token access rules against request {{(pid=62029) validate_allowed_request /opt/stack/data/venv/lib/python3.12/site-packages/keystonemiddleware/auth_token/__init__.py:545}}
Feb 23 14:10:56 ubuntu devstack@keystone.service[62030]: DEBUG keystone.server.flask.request_processing.middleware.auth_context [None req-654b6fc6-9f3f-40b2-be22-c47b8950cf38 None admin] Validating token access rules against request {{(pid=62030) validate_allowed_request /opt/stack/data/venv/lib/python3.12/site-packages/keystonemiddleware/auth_token/__init__.py:545}}
Feb 23 14:10:56 ubuntu devstack@keystone.service[62029]: DEBUG keystone.server.flask.request_processing.middleware.auth_context [None req-642d6af9-fe3b-4e30-961c-c24760a28365 None admin] RBAC: auth_context: {'token': <TokenModel (audit_id=FG_yjuNZRyK5k7p4r361TQ, audit_chain_id=['FG_yjuNZRyK5k7p4r361TQ']) at 0x7d48d2ba2360>, 'domain_id': None, 'trust_id': None, 'trustor_id': None, 'trustee_id': None, 'domain_name': None, 'group_ids': [], 'user_id': 'd0061c35319e40c0aa0215e3d7997b63', 'user_domain_id': 'default', 'system_scope': 'all', 'project_id': None, 'project_domain_id': None, 'roles': ['admin', 'manager', 'member', 'reader'], 'is_admin_project': True, 'service_user_id': None, 'service_user_domain_id': None, 'service_project_id': None, 'service_project_domain_id': None, 'service_roles': []} {{(pid=62029) fill_context /opt/stack/keystone/keystone/server/flask/request_processing/middleware/auth_context.py:509}}
Feb 23 14:10:56 ubuntu devstack@keystone.service[62029]: DEBUG keystone.server.flask.request_processing.req_logging [None req-642d6af9-fe3b-4e30-961c-c24760a28365 None admin] REQUEST_METHOD: `GET` {{(pid=62029) log_request_info /opt/stack/keystone/keystone/server/flask/request_processing/req_logging.py:26}}
Feb 23 14:10:56 ubuntu devstack@keystone.service[62029]: DEBUG keystone.server.flask.request_processing.req_logging [None req-642d6af9-fe3b-4e30-961c-c24760a28365 None admin] SCRIPT_NAME: `/identity` {{(pid=62029) log_request_info /opt/stack/keystone/keystone/server/flask/request_processing/req_logging.py:27}}
Feb 23 14:10:56 ubuntu devstack@keystone.service[62029]: DEBUG keystone.server.flask.request_processing.req_logging [None req-642d6af9-fe3b-4e30-961c-c24760a28365 None admin] PATH_INFO: `/v3/domains/default` {{(pid=62029) log_request_info /opt/stack/keystone/keystone/server/flask/request_processing/req_logging.py:28}}
Feb 23 14:10:56 ubuntu devstack@keystone.service[62029]: DEBUG keystone.common.rbac_enforcer.enforcer [None req-642d6af9-fe3b-4e30-961c-c24760a28365 None admin] RBAC: Authorizing `identity:get_domain(domain_id=default)` {{(pid=62029) enforce_call /opt/stack/keystone/keystone/common/rbac_enforcer/enforcer.py:494}}
Feb 23 14:10:56 ubuntu devstack@keystone.service[62029]: DEBUG keystone.common.rbac_enforcer.enforcer [None req-642d6af9-fe3b-4e30-961c-c24760a28365 None admin] RBAC: Authorization granted {{(pid=62029) enforce_call /opt/stack/keystone/keystone/common/rbac_enforcer/enforcer.py:505}}
Feb 23 14:10:56 ubuntu devstack@keystone.service[62030]: DEBUG keystone.server.flask.request_processing.middleware.auth_context [None req-1e3b50f8-90a5-4190-b3c7-9639850398f8 None admin] RBAC: auth_context: {'token': <TokenModel (audit_id=kGaLNivNR6STUI-8iZKqBg, audit_chain_id=['kGaLNivNR6STUI-8iZKqBg']) at 0x7d48d38ee240>, 'domain_id': None, 'trust_id': None, 'trustor_id': None, 'trustee_id': None, 'domain_name': None, 'group_ids': [], 'user_id': 'd0061c35319e40c0aa0215e3d7997b63', 'user_domain_id': 'default', 'system_scope': 'all', 'project_id': None, 'project_domain_id': None, 'roles': ['admin', 'manager', 'member', 'reader'], 'is_admin_project': True, 'service_user_id': None, 'service_user_domain_id': None, 'service_project_id': None, 'service_project_domain_id': None, 'service_roles': []} {{(pid=62030) fill_context /opt/stack/keystone/keystone/server/flask/request_processing/middleware/auth_context.py:509}}
Feb 23 14:10:56 ubuntu devstack@keystone.service[62030]: DEBUG keystone.server.flask.request_processing.req_logging [None req-1e3b50f8-90a5-4190-b3c7-9639850398f8 None admin] REQUEST_METHOD: `POST` {{(pid=62030) log_request_info /opt/stack/keystone/keystone/server/flask/request_processing/req_logging.py:26}}
Feb 23 14:10:56 ubuntu devstack@keystone.service[62030]: DEBUG keystone.server.flask.request_processing.req_logging [None req-1e3b50f8-90a5-4190-b3c7-9639850398f8 None admin] SCRIPT_NAME: `/identity` {{(pid=62030) log_request_info /opt/stack/keystone/keystone/server/flask/request_processing/req_logging.py:27}}
Feb 23 14:10:56 ubuntu devstack@keystone.service[62030]: DEBUG keystone.server.flask.request_processing.req_logging [None req-1e3b50f8-90a5-4190-b3c7-9639850398f8 None admin] PATH_INFO: `/v3/roles` {{(pid=62030) log_request_info /opt/stack/keystone/keystone/server/flask/request_processing/req_logging.py:28}}
Feb 23 14:10:56 ubuntu devstack@keystone.service[62029]: [pid: 62029|app: 0|req: 24/45] 10.120.125.137 () {58 vars in 1176 bytes} [Mon Feb 23 14:10:56 2026] GET /identity/v3/domains/default => generated 200 bytes in 63 msecs (HTTP/1.1 200) 5 headers in 177 bytes (1 switches on core 0)
Feb 23 14:10:56 ubuntu devstack@keystone.service[62030]: DEBUG keystone.common.rbac_enforcer.enforcer [None req-1e3b50f8-90a5-4190-b3c7-9639850398f8 None admin] RBAC: Authorizing `identity:create_role()` {{(pid=62030) enforce_call /opt/stack/keystone/keystone/common/rbac_enforcer/enforcer.py:494}}
Feb 23 14:10:56 ubuntu devstack@keystone.service[62030]: DEBUG keystone.common.rbac_enforcer.enforcer [None req-1e3b50f8-90a5-4190-b3c7-9639850398f8 None admin] RBAC: Authorization granted {{(pid=62030) enforce_call /opt/stack/keystone/keystone/common/rbac_enforcer/enforcer.py:505}}
Feb 23 14:10:56 ubuntu devstack@keystone.service[62030]: [pid: 62030|app: 0|req: 22/46] 10.120.125.137 () {62 vars in 1199 bytes} [Mon Feb 23 14:10:56 2026] POST /identity/v3/roles => generated 224 bytes in 78 msecs (HTTP/1.1 201) 5 headers in 182 bytes (1 switches on core 0)
Feb 23 14:10:56 ubuntu devstack@keystone.service[62029]: DEBUG keystone.server.flask.request_processing.middleware.auth_context [None req-642d6af9-fe3b-4e30-961c-c24760a28365 None admin] Authenticating user token {{(pid=62029) process_request /opt/stack/data/venv/lib/python3.12/site-packages/keystonemiddleware/auth_token/__init__.py:407}}
Feb 23 14:10:56 ubuntu devstack@keystone.service[62029]: DEBUG keystone.server.flask.request_processing.middleware.auth_context [None req-642d6af9-fe3b-4e30-961c-c24760a28365 None admin] Validating token access rules against request {{(pid=62029) validate_allowed_request /opt/stack/data/venv/lib/python3.12/site-packages/keystonemiddleware/auth_token/__init__.py:545}}
Feb 23 14:10:56 ubuntu devstack@keystone.service[62030]: DEBUG keystone.server.flask.request_processing.middleware.auth_context [None req-1e3b50f8-90a5-4190-b3c7-9639850398f8 None admin] Authenticating user token {{(pid=62030) process_request /opt/stack/data/venv/lib/python3.12/site-packages/keystonemiddleware/auth_token/__init__.py:407}}
Feb 23 14:10:56 ubuntu devstack@keystone.service[62029]: DEBUG keystone.server.flask.request_processing.middleware.auth_context [None req-9cfaeeb2-c4ce-432f-a59b-f053ab05f345 None admin] RBAC: auth_context: {'token': <TokenModel (audit_id=FG_yjuNZRyK5k7p4r361TQ, audit_chain_id=['FG_yjuNZRyK5k7p4r361TQ']) at 0x7d48d2a41640>, 'domain_id': None, 'trust_id': None, 'trustor_id': None, 'trustee_id': None, 'domain_name': None, 'group_ids': [], 'user_id': 'd0061c35319e40c0aa0215e3d7997b63', 'user_domain_id': 'default', 'system_scope': 'all', 'project_id': None, 'project_domain_id': None, 'roles': ['admin', 'manager', 'member', 'reader'], 'is_admin_project': True, 'service_user_id': None, 'service_user_domain_id': None, 'service_project_id': None, 'service_project_domain_id': None, 'service_roles': []} {{(pid=62029) fill_context /opt/stack/keystone/keystone/server/flask/request_processing/middleware/auth_context.py:509}}
Feb 23 14:10:56 ubuntu devstack@keystone.service[62029]: DEBUG keystone.server.flask.request_processing.req_logging [None req-9cfaeeb2-c4ce-432f-a59b-f053ab05f345 None admin] REQUEST_METHOD: `GET` {{(pid=62029) log_request_info /opt/stack/keystone/keystone/server/flask/request_processing/req_logging.py:26}}
Feb 23 14:10:56 ubuntu devstack@keystone.service[62029]: DEBUG keystone.server.flask.request_processing.req_logging [None req-9cfaeeb2-c4ce-432f-a59b-f053ab05f345 None admin] SCRIPT_NAME: `/identity` {{(pid=62029) log_request_info /opt/stack/keystone/keystone/server/flask/request_processing/req_logging.py:27}}
Feb 23 14:10:56 ubuntu devstack@keystone.service[62029]: DEBUG keystone.server.flask.request_processing.req_logging [None req-9cfaeeb2-c4ce-432f-a59b-f053ab05f345 None admin] PATH_INFO: `/v3/role_assignments` {{(pid=62029) log_request_info /opt/stack/keystone/keystone/server/flask/request_processing/req_logging.py:28}}
Feb 23 14:10:56 ubuntu devstack@keystone.service[62029]: DEBUG keystone.common.rbac_enforcer.enforcer [None req-9cfaeeb2-c4ce-432f-a59b-f053ab05f345 None admin] RBAC: Adding query filter params (role.id=23f428895c194d8581df5d1a087720b1, scope.domain.id=default, user.id=d0061c35319e40c0aa0215e3d7997b63) {{(pid=62029) _extract_filter_values /opt/stack/keystone/keystone/common/rbac_enforcer/enforcer.py:176}}
Feb 23 14:10:56 ubuntu devstack@keystone.service[62029]: DEBUG keystone.common.rbac_enforcer.enforcer [None req-9cfaeeb2-c4ce-432f-a59b-f053ab05f345 None admin] RBAC: Authorizing `identity:list_role_assignments()` {{(pid=62029) enforce_call /opt/stack/keystone/keystone/common/rbac_enforcer/enforcer.py:494}}
