Jun 06 14:12:12 jammy-provider-cloud-0000007188 systemd[1]: Starting Devstack devstack@g-api.service...
Jun 06 14:12:12 jammy-provider-cloud-0000007188 devstack@g-api.service[103550]: [uWSGI] getting INI configuration from /etc/glance/glance-uwsgi.ini
Jun 06 14:12:12 jammy-provider-cloud-0000007188 devstack@g-api.service[103550]: *** Starting uWSGI 2.0.20-debian (64bit) on [Thu Jun  6 14:12:12 2024] ***
Jun 06 14:12:12 jammy-provider-cloud-0000007188 devstack@g-api.service[103550]: compiled with version: 11.2.0 on 21 March 2022 11:00:44
Jun 06 14:12:12 jammy-provider-cloud-0000007188 devstack@g-api.service[103550]: os: Linux-5.15.0-107-generic #117-Ubuntu SMP Fri Apr 26 12:26:49 UTC 2024
Jun 06 14:12:12 jammy-provider-cloud-0000007188 devstack@g-api.service[103550]: nodename: jammy-provider-cloud-0000007188
Jun 06 14:12:12 jammy-provider-cloud-0000007188 devstack@g-api.service[103550]: machine: x86_64
Jun 06 14:12:12 jammy-provider-cloud-0000007188 devstack@g-api.service[103550]: clock source: unix
Jun 06 14:12:12 jammy-provider-cloud-0000007188 devstack@g-api.service[103550]: pcre jit disabled
Jun 06 14:12:12 jammy-provider-cloud-0000007188 devstack@g-api.service[103550]: detected number of CPU cores: 4
Jun 06 14:12:12 jammy-provider-cloud-0000007188 devstack@g-api.service[103550]: current working directory: /
Jun 06 14:12:12 jammy-provider-cloud-0000007188 devstack@g-api.service[103550]: detected binary path: /usr/bin/uwsgi-core
Jun 06 14:12:12 jammy-provider-cloud-0000007188 devstack@g-api.service[103550]: your processes number limit is 31298
Jun 06 14:12:12 jammy-provider-cloud-0000007188 devstack@g-api.service[103550]: your memory page size is 4096 bytes
Jun 06 14:12:12 jammy-provider-cloud-0000007188 devstack@g-api.service[103550]: detected max file descriptor number: 2048
Jun 06 14:12:12 jammy-provider-cloud-0000007188 devstack@g-api.service[103550]: lock engine: pthread robust mutexes
Jun 06 14:12:12 jammy-provider-cloud-0000007188 devstack@g-api.service[103550]: thunder lock: enabled
Jun 06 14:12:12 jammy-provider-cloud-0000007188 devstack@g-api.service[103550]: uwsgi socket 0 bound to TCP address 127.0.0.1:60999 fd 4
Jun 06 14:12:12 jammy-provider-cloud-0000007188 devstack@g-api.service[103550]: Python version: 3.10.12 (main, Nov 20 2023, 15:14:05) [GCC 11.4.0]
Jun 06 14:12:12 jammy-provider-cloud-0000007188 devstack@g-api.service[103550]: PEP 405 virtualenv detected: /opt/stack/data/venv
Jun 06 14:12:12 jammy-provider-cloud-0000007188 devstack@g-api.service[103550]: Set PythonHome to /opt/stack/data/venv
Jun 06 14:12:12 jammy-provider-cloud-0000007188 devstack@g-api.service[103550]: Python main interpreter initialized at 0x55607fb83e00
Jun 06 14:12:12 jammy-provider-cloud-0000007188 devstack@g-api.service[103550]: python threads support enabled
Jun 06 14:12:12 jammy-provider-cloud-0000007188 devstack@g-api.service[103550]: your server socket listen backlog is limited to 100 connections
Jun 06 14:12:12 jammy-provider-cloud-0000007188 devstack@g-api.service[103550]: your mercy for graceful operations on workers is 80 seconds
Jun 06 14:12:12 jammy-provider-cloud-0000007188 devstack@g-api.service[103550]: mapped 403077 bytes (393 KB) for 2 cores
Jun 06 14:12:12 jammy-provider-cloud-0000007188 devstack@g-api.service[103550]: *** Operational MODE: preforking ***
Jun 06 14:12:12 jammy-provider-cloud-0000007188 devstack@g-api.service[103550]: *** uWSGI is running in multiple interpreter mode ***
Jun 06 14:12:12 jammy-provider-cloud-0000007188 devstack@g-api.service[103550]: spawned uWSGI master process (pid: 103550)
Jun 06 14:12:12 jammy-provider-cloud-0000007188 devstack@g-api.service[103550]: spawned uWSGI worker 1 (pid: 103551, cores: 1)
Jun 06 14:12:12 jammy-provider-cloud-0000007188 devstack@g-api.service[103550]: spawned uWSGI worker 2 (pid: 103552, cores: 1)
Jun 06 14:12:12 jammy-provider-cloud-0000007188 devstack@g-api.service[103550]: running "unix_signal:15 gracefully_kill_them_all" (master-start)...
Jun 06 14:12:12 jammy-provider-cloud-0000007188 systemd[1]: Started Devstack devstack@g-api.service.
Jun 06 14:12:13 jammy-provider-cloud-0000007188 devstack@g-api.service[103551]: INFO glance.async_ [-] Threadpool model set to 'NativeThreadPoolModel'
Jun 06 14:12:13 jammy-provider-cloud-0000007188 devstack@g-api.service[103551]: DEBUG oslo_concurrency.processutils [-] Running cmd (subprocess): grep -F node.session.scan /sbin/iscsiadm {{(pid=103551) execute /opt/stack/data/venv/lib/python3.10/site-packages/oslo_concurrency/processutils.py:390}}
Jun 06 14:12:13 jammy-provider-cloud-0000007188 devstack@g-api.service[103552]: INFO glance.async_ [-] Threadpool model set to 'NativeThreadPoolModel'
Jun 06 14:12:13 jammy-provider-cloud-0000007188 devstack@g-api.service[103551]: DEBUG oslo_concurrency.processutils [-] CMD "grep -F node.session.scan /sbin/iscsiadm" returned: 0 in 0.008s {{(pid=103551) execute /opt/stack/data/venv/lib/python3.10/site-packages/oslo_concurrency/processutils.py:428}}
Jun 06 14:12:13 jammy-provider-cloud-0000007188 devstack@g-api.service[103551]: DEBUG glance_store.common.attachment_state_manager [-] Initialising _AttachmentStateManager {{(pid=103551) __init__ /opt/stack/data/venv/lib/python3.10/site-packages/glance_store/common/attachment_state_manager.py:86}}
Jun 06 14:12:13 jammy-provider-cloud-0000007188 devstack@g-api.service[103552]: DEBUG oslo_concurrency.processutils [-] Running cmd (subprocess): grep -F node.session.scan /sbin/iscsiadm {{(pid=103552) execute /opt/stack/data/venv/lib/python3.10/site-packages/oslo_concurrency/processutils.py:390}}
Jun 06 14:12:13 jammy-provider-cloud-0000007188 devstack@g-api.service[103552]: DEBUG oslo_concurrency.processutils [-] CMD "grep -F node.session.scan /sbin/iscsiadm" returned: 0 in 0.008s {{(pid=103552) execute /opt/stack/data/venv/lib/python3.10/site-packages/oslo_concurrency/processutils.py:428}}
Jun 06 14:12:13 jammy-provider-cloud-0000007188 devstack@g-api.service[103552]: DEBUG glance_store.common.attachment_state_manager [-] Initialising _AttachmentStateManager {{(pid=103552) __init__ /opt/stack/data/venv/lib/python3.10/site-packages/glance_store/common/attachment_state_manager.py:86}}
Jun 06 14:12:13 jammy-provider-cloud-0000007188 devstack@g-api.service[103551]: DEBUG glance_store.backend [-] Attempting to import store cinder {{(pid=103551) _load_store /opt/stack/data/venv/lib/python3.10/site-packages/glance_store/backend.py:216}}
Jun 06 14:12:13 jammy-provider-cloud-0000007188 devstack@g-api.service[103551]: DEBUG glance_store.backend [-] Attempting to import store file {{(pid=103551) _load_store /opt/stack/data/venv/lib/python3.10/site-packages/glance_store/backend.py:216}}
Jun 06 14:12:13 jammy-provider-cloud-0000007188 devstack@g-api.service[103551]: DEBUG glance_store.backend [-] Attempting to import store glance.store.cinder.Store {{(pid=103551) _load_store /opt/stack/data/venv/lib/python3.10/site-packages/glance_store/backend.py:216}}
Jun 06 14:12:13 jammy-provider-cloud-0000007188 devstack@g-api.service[103551]: DEBUG glance_store.backend [-] Attempting to import store glance.store.filesystem.Store {{(pid=103551) _load_store /opt/stack/data/venv/lib/python3.10/site-packages/glance_store/backend.py:216}}
Jun 06 14:12:13 jammy-provider-cloud-0000007188 devstack@g-api.service[103551]: DEBUG glance_store.backend [-] Attempting to import store glance.store.http.Store {{(pid=103551) _load_store /opt/stack/data/venv/lib/python3.10/site-packages/glance_store/backend.py:216}}
Jun 06 14:12:13 jammy-provider-cloud-0000007188 devstack@g-api.service[103551]: DEBUG glance_store.backend [-] Attempting to import store glance.store.rbd.Store {{(pid=103551) _load_store /opt/stack/data/venv/lib/python3.10/site-packages/glance_store/backend.py:216}}
Jun 06 14:12:13 jammy-provider-cloud-0000007188 devstack@g-api.service[103551]: DEBUG glance_store.backend [-] Attempting to import store glance.store.s3.Store {{(pid=103551) _load_store /opt/stack/data/venv/lib/python3.10/site-packages/glance_store/backend.py:216}}
Jun 06 14:12:13 jammy-provider-cloud-0000007188 devstack@g-api.service[103551]: DEBUG glance_store.backend [-] Attempting to import store glance.store.swift.Store {{(pid=103551) _load_store /opt/stack/data/venv/lib/python3.10/site-packages/glance_store/backend.py:216}}
Jun 06 14:12:13 jammy-provider-cloud-0000007188 devstack@g-api.service[103551]: DEBUG glance_store.backend [-] Attempting to import store glance.store.vmware_datastore.Store {{(pid=103551) _load_store /opt/stack/data/venv/lib/python3.10/site-packages/glance_store/backend.py:216}}
Jun 06 14:12:13 jammy-provider-cloud-0000007188 devstack@g-api.service[103551]: DEBUG glance_store.backend [-] Attempting to import store http {{(pid=103551) _load_store /opt/stack/data/venv/lib/python3.10/site-packages/glance_store/backend.py:216}}
Jun 06 14:12:13 jammy-provider-cloud-0000007188 devstack@g-api.service[103551]: DEBUG glance_store.backend [-] Attempting to import store no_conf {{(pid=103551) _load_store /opt/stack/data/venv/lib/python3.10/site-packages/glance_store/backend.py:216}}
Jun 06 14:12:13 jammy-provider-cloud-0000007188 devstack@g-api.service[103551]: DEBUG glance_store.backend [-] Attempting to import store rbd {{(pid=103551) _load_store /opt/stack/data/venv/lib/python3.10/site-packages/glance_store/backend.py:216}}
Jun 06 14:12:13 jammy-provider-cloud-0000007188 devstack@g-api.service[103551]: DEBUG glance_store.backend [-] Attempting to import store s3 {{(pid=103551) _load_store /opt/stack/data/venv/lib/python3.10/site-packages/glance_store/backend.py:216}}
Jun 06 14:12:13 jammy-provider-cloud-0000007188 devstack@g-api.service[103551]: DEBUG glance_store.backend [-] Attempting to import store swift {{(pid=103551) _load_store /opt/stack/data/venv/lib/python3.10/site-packages/glance_store/backend.py:216}}
Jun 06 14:12:13 jammy-provider-cloud-0000007188 devstack@g-api.service[103551]: DEBUG glance_store.backend [-] Attempting to import store vmware {{(pid=103551) _load_store /opt/stack/data/venv/lib/python3.10/site-packages/glance_store/backend.py:216}}
Jun 06 14:12:13 jammy-provider-cloud-0000007188 devstack@g-api.service[103551]: DEBUG glance_store.backend [-] Registering options for group glance_store {{(pid=103551) register_opts /opt/stack/data/venv/lib/python3.10/site-packages/glance_store/backend.py:145}}
Jun 06 14:12:13 jammy-provider-cloud-0000007188 devstack@g-api.service[103551]: DEBUG glance_store.backend [-] Registering options for group glance_store {{(pid=103551) register_opts /opt/stack/data/venv/lib/python3.10/site-packages/glance_store/backend.py:145}}
Jun 06 14:12:13 jammy-provider-cloud-0000007188 devstack@g-api.service[103551]: DEBUG glance_store.backend [-] Attempting to import store http {{(pid=103551) _load_store /opt/stack/data/venv/lib/python3.10/site-packages/glance_store/backend.py:216}}
Jun 06 14:12:13 jammy-provider-cloud-0000007188 devstack@g-api.service[103551]: DEBUG glance_store.capabilities [-] Store glance_store._drivers.http.Store doesn't support updating dynamic storage capabilities. Please overwrite 'update_capabilities' method of the store to implement updating logics if needed. {{(pid=103551) update_capabilities /opt/stack/data/venv/lib/python3.10/site-packages/glance_store/capabilities.py:91}}
Jun 06 14:12:13 jammy-provider-cloud-0000007188 devstack@g-api.service[103551]: DEBUG glance_store.backend [-] Registering store http with schemes ('http', 'https') {{(pid=103551) create_stores /opt/stack/data/venv/lib/python3.10/site-packages/glance_store/backend.py:262}}
Jun 06 14:12:13 jammy-provider-cloud-0000007188 devstack@g-api.service[103551]: DEBUG glance_store.driver [-] Late loading location class glance_store._drivers.http.StoreLocation {{(pid=103551) get_store_location_class /opt/stack/data/venv/lib/python3.10/site-packages/glance_store/driver.py:133}}
Jun 06 14:12:13 jammy-provider-cloud-0000007188 devstack@g-api.service[103551]: DEBUG glance_store.location [-] Registering scheme http with {'store': <glance_store._drivers.http.Store object at 0x7f8fbbb4cee0>, 'location_class': <class 'glance_store._drivers.http.StoreLocation'>, 'store_entry': 'http'} {{(pid=103551) register_scheme_map /opt/stack/data/venv/lib/python3.10/site-packages/glance_store/location.py:146}}
Jun 06 14:12:13 jammy-provider-cloud-0000007188 devstack@g-api.service[103551]: DEBUG glance_store.location [-] Registering scheme https with {'store': <glance_store._drivers.http.Store object at 0x7f8fbbb4cee0>, 'location_class': <class 'glance_store._drivers.http.StoreLocation'>, 'store_entry': 'http'} {{(pid=103551) register_scheme_map /opt/stack/data/venv/lib/python3.10/site-packages/glance_store/location.py:146}}
Jun 06 14:12:13 jammy-provider-cloud-0000007188 devstack@g-api.service[103551]: DEBUG glance_store.backend [-] Attempting to import store file {{(pid=103551) _load_store /opt/stack/data/venv/lib/python3.10/site-packages/glance_store/backend.py:216}}
Jun 06 14:12:13 jammy-provider-cloud-0000007188 devstack@g-api.service[103551]: DEBUG glance_store.capabilities [-] Store glance_store._drivers.filesystem.Store doesn't support updating dynamic storage capabilities. Please overwrite 'update_capabilities' method of the store to implement updating logics if needed. {{(pid=103551) update_capabilities /opt/stack/data/venv/lib/python3.10/site-packages/glance_store/capabilities.py:91}}
Jun 06 14:12:13 jammy-provider-cloud-0000007188 devstack@g-api.service[103551]: DEBUG glance_store.backend [-] Registering store file with schemes ('file', 'filesystem') {{(pid=103551) create_stores /opt/stack/data/venv/lib/python3.10/site-packages/glance_store/backend.py:262}}
Jun 06 14:12:13 jammy-provider-cloud-0000007188 devstack@g-api.service[103551]: DEBUG glance_store.driver [-] Late loading location class glance_store._drivers.filesystem.StoreLocation {{(pid=103551) get_store_location_class /opt/stack/data/venv/lib/python3.10/site-packages/glance_store/driver.py:133}}
Jun 06 14:12:13 jammy-provider-cloud-0000007188 devstack@g-api.service[103551]: DEBUG glance_store.location [-] Registering scheme file with {'store': <glance_store._drivers.filesystem.Store object at 0x7f8fbbb4c340>, 'location_class': <class 'glance_store._drivers.filesystem.StoreLocation'>, 'store_entry': 'file'} {{(pid=103551) register_scheme_map /opt/stack/data/venv/lib/python3.10/site-packages/glance_store/location.py:146}}
Jun 06 14:12:13 jammy-provider-cloud-0000007188 devstack@g-api.service[103551]: DEBUG glance_store.location [-] Registering scheme filesystem with {'store': <glance_store._drivers.filesystem.Store object at 0x7f8fbbb4c340>, 'location_class': <class 'glance_store._drivers.filesystem.StoreLocation'>, 'store_entry': 'file'} {{(pid=103551) register_scheme_map /opt/stack/data/venv/lib/python3.10/site-packages/glance_store/location.py:146}}
Jun 06 14:12:13 jammy-provider-cloud-0000007188 devstack@g-api.service[103551]: DEBUG glance.sqlite_migration [-] SQLite caching database not located, skipping migration {{(pid=103551) get_db_path /opt/stack/glance/glance/sqlite_migration.py:68}}
Jun 06 14:12:13 jammy-provider-cloud-0000007188 devstack@g-api.service[103551]: WARNING glance.common.wsgi_app [-] Import methods are enabled but staging directory /tmp/staging/ does not exist; Imports will fail!
Jun 06 14:12:13 jammy-provider-cloud-0000007188 devstack@g-api.service[103552]: DEBUG glance_store.backend [-] Attempting to import store cinder {{(pid=103552) _load_store /opt/stack/data/venv/lib/python3.10/site-packages/glance_store/backend.py:216}}
Jun 06 14:12:13 jammy-provider-cloud-0000007188 devstack@g-api.service[103552]: DEBUG glance_store.backend [-] Attempting to import store file {{(pid=103552) _load_store /opt/stack/data/venv/lib/python3.10/site-packages/glance_store/backend.py:216}}
Jun 06 14:12:13 jammy-provider-cloud-0000007188 devstack@g-api.service[103552]: DEBUG glance_store.backend [-] Attempting to import store glance.store.cinder.Store {{(pid=103552) _load_store /opt/stack/data/venv/lib/python3.10/site-packages/glance_store/backend.py:216}}
Jun 06 14:12:13 jammy-provider-cloud-0000007188 devstack@g-api.service[103552]: DEBUG glance_store.backend [-] Attempting to import store glance.store.filesystem.Store {{(pid=103552) _load_store /opt/stack/data/venv/lib/python3.10/site-packages/glance_store/backend.py:216}}
Jun 06 14:12:13 jammy-provider-cloud-0000007188 devstack@g-api.service[103552]: DEBUG glance_store.backend [-] Attempting to import store glance.store.http.Store {{(pid=103552) _load_store /opt/stack/data/venv/lib/python3.10/site-packages/glance_store/backend.py:216}}
Jun 06 14:12:13 jammy-provider-cloud-0000007188 devstack@g-api.service[103552]: DEBUG glance_store.backend [-] Attempting to import store glance.store.rbd.Store {{(pid=103552) _load_store /opt/stack/data/venv/lib/python3.10/site-packages/glance_store/backend.py:216}}
Jun 06 14:12:13 jammy-provider-cloud-0000007188 devstack@g-api.service[103552]: DEBUG glance_store.backend [-] Attempting to import store glance.store.s3.Store {{(pid=103552) _load_store /opt/stack/data/venv/lib/python3.10/site-packages/glance_store/backend.py:216}}
Jun 06 14:12:13 jammy-provider-cloud-0000007188 devstack@g-api.service[103552]: DEBUG glance_store.backend [-] Attempting to import store glance.store.swift.Store {{(pid=103552) _load_store /opt/stack/data/venv/lib/python3.10/site-packages/glance_store/backend.py:216}}
Jun 06 14:12:13 jammy-provider-cloud-0000007188 devstack@g-api.service[103552]: DEBUG glance_store.backend [-] Attempting to import store glance.store.vmware_datastore.Store {{(pid=103552) _load_store /opt/stack/data/venv/lib/python3.10/site-packages/glance_store/backend.py:216}}
Jun 06 14:12:13 jammy-provider-cloud-0000007188 devstack@g-api.service[103552]: DEBUG glance_store.backend [-] Attempting to import store http {{(pid=103552) _load_store /opt/stack/data/venv/lib/python3.10/site-packages/glance_store/backend.py:216}}
Jun 06 14:12:13 jammy-provider-cloud-0000007188 devstack@g-api.service[103552]: DEBUG glance_store.backend [-] Attempting to import store no_conf {{(pid=103552) _load_store /opt/stack/data/venv/lib/python3.10/site-packages/glance_store/backend.py:216}}
Jun 06 14:12:13 jammy-provider-cloud-0000007188 devstack@g-api.service[103552]: DEBUG glance_store.backend [-] Attempting to import store rbd {{(pid=103552) _load_store /opt/stack/data/venv/lib/python3.10/site-packages/glance_store/backend.py:216}}
Jun 06 14:12:13 jammy-provider-cloud-0000007188 devstack@g-api.service[103552]: DEBUG glance_store.backend [-] Attempting to import store s3 {{(pid=103552) _load_store /opt/stack/data/venv/lib/python3.10/site-packages/glance_store/backend.py:216}}
Jun 06 14:12:13 jammy-provider-cloud-0000007188 devstack@g-api.service[103552]: DEBUG glance_store.backend [-] Attempting to import store swift {{(pid=103552) _load_store /opt/stack/data/venv/lib/python3.10/site-packages/glance_store/backend.py:216}}
Jun 06 14:12:13 jammy-provider-cloud-0000007188 devstack@g-api.service[103552]: DEBUG glance_store.backend [-] Attempting to import store vmware {{(pid=103552) _load_store /opt/stack/data/venv/lib/python3.10/site-packages/glance_store/backend.py:216}}
Jun 06 14:12:13 jammy-provider-cloud-0000007188 devstack@g-api.service[103552]: DEBUG glance_store.backend [-] Registering options for group glance_store {{(pid=103552) register_opts /opt/stack/data/venv/lib/python3.10/site-packages/glance_store/backend.py:145}}
Jun 06 14:12:13 jammy-provider-cloud-0000007188 devstack@g-api.service[103552]: DEBUG glance_store.backend [-] Registering options for group glance_store {{(pid=103552) register_opts /opt/stack/data/venv/lib/python3.10/site-packages/glance_store/backend.py:145}}
Jun 06 14:12:13 jammy-provider-cloud-0000007188 devstack@g-api.service[103552]: DEBUG glance_store.backend [-] Attempting to import store http {{(pid=103552) _load_store /opt/stack/data/venv/lib/python3.10/site-packages/glance_store/backend.py:216}}
Jun 06 14:12:13 jammy-provider-cloud-0000007188 devstack@g-api.service[103552]: DEBUG glance_store.capabilities [-] Store glance_store._drivers.http.Store doesn't support updating dynamic storage capabilities. Please overwrite 'update_capabilities' method of the store to implement updating logics if needed. {{(pid=103552) update_capabilities /opt/stack/data/venv/lib/python3.10/site-packages/glance_store/capabilities.py:91}}
Jun 06 14:12:13 jammy-provider-cloud-0000007188 devstack@g-api.service[103552]: DEBUG glance_store.backend [-] Registering store http with schemes ('http', 'https') {{(pid=103552) create_stores /opt/stack/data/venv/lib/python3.10/site-packages/glance_store/backend.py:262}}
Jun 06 14:12:13 jammy-provider-cloud-0000007188 devstack@g-api.service[103552]: DEBUG glance_store.driver [-] Late loading location class glance_store._drivers.http.StoreLocation {{(pid=103552) get_store_location_class /opt/stack/data/venv/lib/python3.10/site-packages/glance_store/driver.py:133}}
Jun 06 14:12:13 jammy-provider-cloud-0000007188 devstack@g-api.service[103552]: DEBUG glance_store.location [-] Registering scheme http with {'store': <glance_store._drivers.http.Store object at 0x7f8fbbb505b0>, 'location_class': <class 'glance_store._drivers.http.StoreLocation'>, 'store_entry': 'http'} {{(pid=103552) register_scheme_map /opt/stack/data/venv/lib/python3.10/site-packages/glance_store/location.py:146}}
Jun 06 14:12:13 jammy-provider-cloud-0000007188 devstack@g-api.service[103552]: DEBUG glance_store.location [-] Registering scheme https with {'store': <glance_store._drivers.http.Store object at 0x7f8fbbb505b0>, 'location_class': <class 'glance_store._drivers.http.StoreLocation'>, 'store_entry': 'http'} {{(pid=103552) register_scheme_map /opt/stack/data/venv/lib/python3.10/site-packages/glance_store/location.py:146}}
Jun 06 14:12:13 jammy-provider-cloud-0000007188 devstack@g-api.service[103552]: DEBUG glance_store.backend [-] Attempting to import store file {{(pid=103552) _load_store /opt/stack/data/venv/lib/python3.10/site-packages/glance_store/backend.py:216}}
Jun 06 14:12:13 jammy-provider-cloud-0000007188 devstack@g-api.service[103552]: DEBUG glance_store.capabilities [-] Store glance_store._drivers.filesystem.Store doesn't support updating dynamic storage capabilities. Please overwrite 'update_capabilities' method of the store to implement updating logics if needed. {{(pid=103552) update_capabilities /opt/stack/data/venv/lib/python3.10/site-packages/glance_store/capabilities.py:91}}
Jun 06 14:12:13 jammy-provider-cloud-0000007188 devstack@g-api.service[103552]: DEBUG glance_store.backend [-] Registering store file with schemes ('file', 'filesystem') {{(pid=103552) create_stores /opt/stack/data/venv/lib/python3.10/site-packages/glance_store/backend.py:262}}
Jun 06 14:12:13 jammy-provider-cloud-0000007188 devstack@g-api.service[103552]: DEBUG glance_store.driver [-] Late loading location class glance_store._drivers.filesystem.StoreLocation {{(pid=103552) get_store_location_class /opt/stack/data/venv/lib/python3.10/site-packages/glance_store/driver.py:133}}
Jun 06 14:12:13 jammy-provider-cloud-0000007188 devstack@g-api.service[103552]: DEBUG glance_store.location [-] Registering scheme file with {'store': <glance_store._drivers.filesystem.Store object at 0x7f8fbbb530a0>, 'location_class': <class 'glance_store._drivers.filesystem.StoreLocation'>, 'store_entry': 'file'} {{(pid=103552) register_scheme_map /opt/stack/data/venv/lib/python3.10/site-packages/glance_store/location.py:146}}
Jun 06 14:12:13 jammy-provider-cloud-0000007188 devstack@g-api.service[103552]: DEBUG glance_store.location [-] Registering scheme filesystem with {'store': <glance_store._drivers.filesystem.Store object at 0x7f8fbbb530a0>, 'location_class': <class 'glance_store._drivers.filesystem.StoreLocation'>, 'store_entry': 'file'} {{(pid=103552) register_scheme_map /opt/stack/data/venv/lib/python3.10/site-packages/glance_store/location.py:146}}
Jun 06 14:12:13 jammy-provider-cloud-0000007188 devstack@g-api.service[103552]: DEBUG glance.sqlite_migration [-] SQLite caching database not located, skipping migration {{(pid=103552) get_db_path /opt/stack/glance/glance/sqlite_migration.py:68}}
Jun 06 14:12:13 jammy-provider-cloud-0000007188 devstack@g-api.service[103552]: WARNING glance.common.wsgi_app [-] Import methods are enabled but staging directory /tmp/staging/ does not exist; Imports will fail!
Jun 06 14:12:13 jammy-provider-cloud-0000007188 devstack@g-api.service[103551]: DEBUG glance.common.config [None req-9f3473d4-a45d-4c89-b689-32e58e84dbcb None None] Loading glance-api-keystone+cachemanagement from /etc/glance/glance-api-paste.ini {{(pid=103551) load_paste_app /opt/stack/glance/glance/common/config.py:700}}
Jun 06 14:12:13 jammy-provider-cloud-0000007188 devstack@g-api.service[103552]: DEBUG glance.common.config [None req-d82e73d8-3344-4259-a538-79f54ba16e51 None None] Loading glance-api-keystone+cachemanagement from /etc/glance/glance-api-paste.ini {{(pid=103552) load_paste_app /opt/stack/glance/glance/common/config.py:700}}
Jun 06 14:12:14 jammy-provider-cloud-0000007188 devstack@g-api.service[103551]: INFO glance.image_cache [None req-9f3473d4-a45d-4c89-b689-32e58e84dbcb None None] Image cache loaded driver 'centralized_db'.
Jun 06 14:12:14 jammy-provider-cloud-0000007188 devstack@g-api.service[103552]: INFO glance.image_cache [None req-d82e73d8-3344-4259-a538-79f54ba16e51 None None] Image cache loaded driver 'centralized_db'.
Jun 06 14:12:14 jammy-provider-cloud-0000007188 devstack@g-api.service[103551]: INFO dbcounter [None req-9f3473d4-a45d-4c89-b689-32e58e84dbcb None None] Registered counter for database glance
Jun 06 14:12:14 jammy-provider-cloud-0000007188 devstack@g-api.service[103551]: DEBUG oslo_db.sqlalchemy.engines [None req-9f3473d4-a45d-4c89-b689-32e58e84dbcb None None] MySQL server mode set to STRICT_TRANS_TABLES,STRICT_ALL_TABLES,NO_ZERO_IN_DATE,NO_ZERO_DATE,ERROR_FOR_DIVISION_BY_ZERO,TRADITIONAL,NO_ENGINE_SUBSTITUTION {{(pid=103551) _check_effective_sql_mode /opt/stack/data/venv/lib/python3.10/site-packages/oslo_db/sqlalchemy/engines.py:342}}
Jun 06 14:12:14 jammy-provider-cloud-0000007188 devstack@g-api.service[103552]: INFO dbcounter [None req-d82e73d8-3344-4259-a538-79f54ba16e51 None None] Registered counter for database glance
Jun 06 14:12:14 jammy-provider-cloud-0000007188 devstack@g-api.service[103551]: DEBUG dbcounter [-] [103551] Writer thread running {{(pid=103551) stat_writer /opt/stack/data/venv/lib/python3.10/site-packages/dbcounter.py:102}}
Jun 06 14:12:14 jammy-provider-cloud-0000007188 devstack@g-api.service[103552]: DEBUG oslo_db.sqlalchemy.engines [None req-d82e73d8-3344-4259-a538-79f54ba16e51 None None] MySQL server mode set to STRICT_TRANS_TABLES,STRICT_ALL_TABLES,NO_ZERO_IN_DATE,NO_ZERO_DATE,ERROR_FOR_DIVISION_BY_ZERO,TRADITIONAL,NO_ENGINE_SUBSTITUTION {{(pid=103552) _check_effective_sql_mode /opt/stack/data/venv/lib/python3.10/site-packages/oslo_db/sqlalchemy/engines.py:342}}
Jun 06 14:12:14 jammy-provider-cloud-0000007188 devstack@g-api.service[103551]: INFO glance.image_cache [None req-9f3473d4-a45d-4c89-b689-32e58e84dbcb None None] Image cache loaded driver 'centralized_db'.
Jun 06 14:12:14 jammy-provider-cloud-0000007188 devstack@g-api.service[103551]: DEBUG glance.image_cache.drivers.centralized_db [None req-9f3473d4-a45d-4c89-b689-32e58e84dbcb None None] Node reference is already recorded, ignoring it {{(pid=103551) configure /opt/stack/glance/glance/image_cache/drivers/centralized_db.py:71}}
Jun 06 14:12:14 jammy-provider-cloud-0000007188 devstack@g-api.service[103552]: DEBUG dbcounter [-] [103552] Writer thread running {{(pid=103552) stat_writer /opt/stack/data/venv/lib/python3.10/site-packages/dbcounter.py:102}}
Jun 06 14:12:14 jammy-provider-cloud-0000007188 devstack@g-api.service[103551]: DEBUG glance.api.v2.cached_images [None req-9f3473d4-a45d-4c89-b689-32e58e84dbcb None None] Started cache worker thread {{(pid=103551) __init__ /opt/stack/glance/glance/api/v2/cached_images.py:69}}
Jun 06 14:12:14 jammy-provider-cloud-0000007188 devstack@g-api.service[103551]: INFO glance.image_cache [None req-9f3473d4-a45d-4c89-b689-32e58e84dbcb None None] Image cache loaded driver 'centralized_db'.
Jun 06 14:12:14 jammy-provider-cloud-0000007188 devstack@g-api.service[103552]: DEBUG glance.image_cache.drivers.centralized_db [None req-d82e73d8-3344-4259-a538-79f54ba16e51 None None] Node reference is already recorded, ignoring it {{(pid=103552) configure /opt/stack/glance/glance/image_cache/drivers/centralized_db.py:71}}
Jun 06 14:12:14 jammy-provider-cloud-0000007188 devstack@g-api.service[103551]: DEBUG glance.image_cache.drivers.centralized_db [None req-9f3473d4-a45d-4c89-b689-32e58e84dbcb None None] Node reference is already recorded, ignoring it {{(pid=103551) configure /opt/stack/glance/glance/image_cache/drivers/centralized_db.py:71}}
Jun 06 14:12:14 jammy-provider-cloud-0000007188 devstack@g-api.service[103552]: INFO glance.image_cache [None req-d82e73d8-3344-4259-a538-79f54ba16e51 None None] Image cache loaded driver 'centralized_db'.
Jun 06 14:12:14 jammy-provider-cloud-0000007188 devstack@g-api.service[103551]: INFO glance.api.middleware.cache_manage [None req-9f3473d4-a45d-4c89-b689-32e58e84dbcb None None] Initialized image cache management middleware
Jun 06 14:12:14 jammy-provider-cloud-0000007188 devstack@g-api.service[103551]: INFO glance.image_cache [None req-9f3473d4-a45d-4c89-b689-32e58e84dbcb None None] Image cache loaded driver 'centralized_db'.
Jun 06 14:12:14 jammy-provider-cloud-0000007188 devstack@g-api.service[103552]: DEBUG glance.image_cache.drivers.centralized_db [None req-d82e73d8-3344-4259-a538-79f54ba16e51 None None] Node reference is already recorded, ignoring it {{(pid=103552) configure /opt/stack/glance/glance/image_cache/drivers/centralized_db.py:71}}
Jun 06 14:12:14 jammy-provider-cloud-0000007188 devstack@g-api.service[103552]: DEBUG glance.api.v2.cached_images [None req-d82e73d8-3344-4259-a538-79f54ba16e51 None None] Started cache worker thread {{(pid=103552) __init__ /opt/stack/glance/glance/api/v2/cached_images.py:69}}
Jun 06 14:12:14 jammy-provider-cloud-0000007188 devstack@g-api.service[103551]: DEBUG glance.image_cache.drivers.centralized_db [None req-9f3473d4-a45d-4c89-b689-32e58e84dbcb None None] Node reference is already recorded, ignoring it {{(pid=103551) configure /opt/stack/glance/glance/image_cache/drivers/centralized_db.py:71}}
Jun 06 14:12:14 jammy-provider-cloud-0000007188 devstack@g-api.service[103552]: INFO glance.image_cache [None req-d82e73d8-3344-4259-a538-79f54ba16e51 None None] Image cache loaded driver 'centralized_db'.
Jun 06 14:12:14 jammy-provider-cloud-0000007188 devstack@g-api.service[103551]: INFO glance.api.middleware.cache [None req-9f3473d4-a45d-4c89-b689-32e58e84dbcb None None] Initialized image cache middleware
Jun 06 14:12:14 jammy-provider-cloud-0000007188 devstack@g-api.service[103552]: DEBUG glance.image_cache.drivers.centralized_db [None req-d82e73d8-3344-4259-a538-79f54ba16e51 None None] Node reference is already recorded, ignoring it {{(pid=103552) configure /opt/stack/glance/glance/image_cache/drivers/centralized_db.py:71}}
Jun 06 14:12:14 jammy-provider-cloud-0000007188 devstack@g-api.service[103551]: WARNING keystonemiddleware.auth_token [None req-9f3473d4-a45d-4c89-b689-32e58e84dbcb None None] AuthToken middleware is set with keystone_authtoken.service_token_roles_required set to False. This is backwards compatible but deprecated behaviour. Please set this to True.
Jun 06 14:12:14 jammy-provider-cloud-0000007188 devstack@g-api.service[103552]: INFO glance.api.middleware.cache_manage [None req-d82e73d8-3344-4259-a538-79f54ba16e51 None None] Initialized image cache management middleware
Jun 06 14:12:14 jammy-provider-cloud-0000007188 devstack@g-api.service[103552]: INFO glance.image_cache [None req-d82e73d8-3344-4259-a538-79f54ba16e51 None None] Image cache loaded driver 'centralized_db'.
Jun 06 14:12:14 jammy-provider-cloud-0000007188 devstack@g-api.service[103551]: WARNING keystonemiddleware.auth_token [None req-9f3473d4-a45d-4c89-b689-32e58e84dbcb None None] Configuring www_authenticate_uri to point to the public identity endpoint is required; clients may not be able to authenticate against an admin endpoint
Jun 06 14:12:14 jammy-provider-cloud-0000007188 devstack@g-api.service[103551]: DEBUG glance.common.config [None req-9f3473d4-a45d-4c89-b689-32e58e84dbcb None None] ******************************************************************************** {{(pid=103551) log_opt_values /opt/stack/data/venv/lib/python3.10/site-packages/oslo_config/cfg.py:2600}}
Jun 06 14:12:14 jammy-provider-cloud-0000007188 devstack@g-api.service[103551]: DEBUG glance.common.config [None req-9f3473d4-a45d-4c89-b689-32e58e84dbcb None None] Configuration options gathered from: {{(pid=103551) log_opt_values /opt/stack/data/venv/lib/python3.10/site-packages/oslo_config/cfg.py:2601}}
Jun 06 14:12:14 jammy-provider-cloud-0000007188 devstack@g-api.service[103551]: DEBUG glance.common.config [None req-9f3473d4-a45d-4c89-b689-32e58e84dbcb None None] command line args: [] {{(pid=103551) log_opt_values /opt/stack/data/venv/lib/python3.10/site-packages/oslo_config/cfg.py:2602}}
Jun 06 14:12:14 jammy-provider-cloud-0000007188 devstack@g-api.service[103551]: DEBUG glance.common.config [None req-9f3473d4-a45d-4c89-b689-32e58e84dbcb None None] config files: ['/etc/glance/glance-image-import.conf', '/etc/glance/glance-api.conf'] {{(pid=103551) log_opt_values /opt/stack/data/venv/lib/python3.10/site-packages/oslo_config/cfg.py:2603}}
Jun 06 14:12:14 jammy-provider-cloud-0000007188 devstack@g-api.service[103551]: DEBUG glance.common.config [None req-9f3473d4-a45d-4c89-b689-32e58e84dbcb None None] ================================================================================ {{(pid=103551) log_opt_values /opt/stack/data/venv/lib/python3.10/site-packages/oslo_config/cfg.py:2605}}
Jun 06 14:12:14 jammy-provider-cloud-0000007188 devstack@g-api.service[103551]: DEBUG glance.common.config [None req-9f3473d4-a45d-4c89-b689-32e58e84dbcb None None] allow_anonymous_access         = False {{(pid=103551) log_opt_values /opt/stack/data/venv/lib/python3.10/site-packages/oslo_config/cfg.py:2613}}
Jun 06 14:12:14 jammy-provider-cloud-0000007188 devstack@g-api.service[103551]: DEBUG glance.common.config [None req-9f3473d4-a45d-4c89-b689-32e58e84dbcb None None] api_limit_max                  = 1000 {{(pid=103551) log_opt_values /opt/stack/data/venv/lib/python3.10/site-packages/oslo_config/cfg.py:2613}}
Jun 06 14:12:14 jammy-provider-cloud-0000007188 devstack@g-api.service[103551]: DEBUG glance.common.config [None req-9f3473d4-a45d-4c89-b689-32e58e84dbcb None None] backlog                        = 4096 {{(pid=103551) log_opt_values /opt/stack/data/venv/lib/python3.10/site-packages/oslo_config/cfg.py:2613}}
Jun 06 14:12:14 jammy-provider-cloud-0000007188 devstack@g-api.service[103551]: DEBUG glance.common.config [None req-9f3473d4-a45d-4c89-b689-32e58e84dbcb None None] bind_host                      = 0.0.0.0 {{(pid=103551) log_opt_values /opt/stack/data/venv/lib/python3.10/site-packages/oslo_config/cfg.py:2613}}
Jun 06 14:12:14 jammy-provider-cloud-0000007188 devstack@g-api.service[103551]: DEBUG glance.common.config [None req-9f3473d4-a45d-4c89-b689-32e58e84dbcb None None] bind_port                      = None {{(pid=103551) log_opt_values /opt/stack/data/venv/lib/python3.10/site-packages/oslo_config/cfg.py:2613}}
Jun 06 14:12:14 jammy-provider-cloud-0000007188 devstack@g-api.service[103551]: DEBUG glance.common.config [None req-9f3473d4-a45d-4c89-b689-32e58e84dbcb None None] client_socket_timeout          = 900 {{(pid=103551) log_opt_values /opt/stack/data/venv/lib/python3.10/site-packages/oslo_config/cfg.py:2613}}
Jun 06 14:12:14 jammy-provider-cloud-0000007188 devstack@g-api.service[103551]: DEBUG glance.common.config [None req-9f3473d4-a45d-4c89-b689-32e58e84dbcb None None] config_dir                     = [] {{(pid=103551) log_opt_values /opt/stack/data/venv/lib/python3.10/site-packages/oslo_config/cfg.py:2613}}
Jun 06 14:12:14 jammy-provider-cloud-0000007188 devstack@g-api.service[103551]: DEBUG glance.common.config [None req-9f3473d4-a45d-4c89-b689-32e58e84dbcb None None] config_file                    = ['/etc/glance/glance-image-import.conf', '/etc/glance/glance-api.conf'] {{(pid=103551) log_opt_values /opt/stack/data/venv/lib/python3.10/site-packages/oslo_config/cfg.py:2613}}
Jun 06 14:12:14 jammy-provider-cloud-0000007188 devstack@g-api.service[103551]: DEBUG glance.common.config [None req-9f3473d4-a45d-4c89-b689-32e58e84dbcb None None] config_source                  = [] {{(pid=103551) log_opt_values /opt/stack/data/venv/lib/python3.10/site-packages/oslo_config/cfg.py:2613}}
Jun 06 14:12:14 jammy-provider-cloud-0000007188 devstack@g-api.service[103551]: DEBUG glance.common.config [None req-9f3473d4-a45d-4c89-b689-32e58e84dbcb None None] control_exchange               = glance {{(pid=103551) log_opt_values /opt/stack/data/venv/lib/python3.10/site-packages/oslo_config/cfg.py:2613}}
Jun 06 14:12:14 jammy-provider-cloud-0000007188 devstack@g-api.service[103551]: DEBUG glance.common.config [None req-9f3473d4-a45d-4c89-b689-32e58e84dbcb None None] debug                          = True {{(pid=103551) log_opt_values /opt/stack/data/venv/lib/python3.10/site-packages/oslo_config/cfg.py:2613}}
Jun 06 14:12:14 jammy-provider-cloud-0000007188 devstack@g-api.service[103551]: DEBUG glance.common.config [None req-9f3473d4-a45d-4c89-b689-32e58e84dbcb None None] default_log_levels             = ['amqp=WARN', 'amqplib=WARN', 'boto=WARN', 'qpid=WARN', 'sqlalchemy=WARN', 'suds=INFO', 'oslo.messaging=INFO', 'oslo_messaging=INFO', 'iso8601=WARN', 'requests.packages.urllib3.connectionpool=WARN', 'urllib3.connectionpool=WARN', 'websocket=WARN', 'requests.packages.urllib3.util.retry=WARN', 'urllib3.util.retry=WARN', 'keystonemiddleware=WARN', 'routes.middleware=WARN', 'stevedore=WARN', 'taskflow=WARN', 'keystoneauth=WARN', 'oslo.cache=INFO', 'oslo_policy=INFO', 'dogpile.core.dogpile=INFO'] {{(pid=103551) log_opt_values /opt/stack/data/venv/lib/python3.10/site-packages/oslo_config/cfg.py:2613}}
Jun 06 14:12:14 jammy-provider-cloud-0000007188 devstack@g-api.service[103551]: DEBUG glance.common.config [None req-9f3473d4-a45d-4c89-b689-32e58e84dbcb None None] default_publisher_id           = image.localhost {{(pid=103551) log_opt_values /opt/stack/data/venv/lib/python3.10/site-packages/oslo_config/cfg.py:2613}}
Jun 06 14:12:14 jammy-provider-cloud-0000007188 devstack@g-api.service[103551]: DEBUG glance.common.config [None req-9f3473d4-a45d-4c89-b689-32e58e84dbcb None None] delayed_delete                 = False {{(pid=103551) log_opt_values /opt/stack/data/venv/lib/python3.10/site-packages/oslo_config/cfg.py:2613}}
Jun 06 14:12:14 jammy-provider-cloud-0000007188 devstack@g-api.service[103551]: DEBUG glance.common.config [None req-9f3473d4-a45d-4c89-b689-32e58e84dbcb None None] digest_algorithm               = sha256 {{(pid=103551) log_opt_values /opt/stack/data/venv/lib/python3.10/site-packages/oslo_config/cfg.py:2613}}
Jun 06 14:12:14 jammy-provider-cloud-0000007188 devstack@g-api.service[103551]: DEBUG glance.common.config [None req-9f3473d4-a45d-4c89-b689-32e58e84dbcb None None] disabled_notifications         = [] {{(pid=103551) log_opt_values /opt/stack/data/venv/lib/python3.10/site-packages/oslo_config/cfg.py:2613}}
Jun 06 14:12:14 jammy-provider-cloud-0000007188 devstack@g-api.service[103551]: DEBUG glance.common.config [None req-9f3473d4-a45d-4c89-b689-32e58e84dbcb None None] enabled_backends               = None {{(pid=103551) log_opt_values /opt/stack/data/venv/lib/python3.10/site-packages/oslo_config/cfg.py:2613}}
Jun 06 14:12:14 jammy-provider-cloud-0000007188 devstack@g-api.service[103551]: DEBUG glance.common.config [None req-9f3473d4-a45d-4c89-b689-32e58e84dbcb None None] enabled_import_methods         = ['glance-direct', 'web-download', 'copy-image'] {{(pid=103551) log_opt_values /opt/stack/data/venv/lib/python3.10/site-packages/oslo_config/cfg.py:2613}}
Jun 06 14:12:14 jammy-provider-cloud-0000007188 devstack@g-api.service[103551]: DEBUG glance.common.config [None req-9f3473d4-a45d-4c89-b689-32e58e84dbcb None None] hashing_algorithm              = sha512 {{(pid=103551) log_opt_values /opt/stack/data/venv/lib/python3.10/site-packages/oslo_config/cfg.py:2613}}
Jun 06 14:12:14 jammy-provider-cloud-0000007188 devstack@g-api.service[103551]: DEBUG glance.common.config [None req-9f3473d4-a45d-4c89-b689-32e58e84dbcb None None] http_keepalive                 = True {{(pid=103551) log_opt_values /opt/stack/data/venv/lib/python3.10/site-packages/oslo_config/cfg.py:2613}}
Jun 06 14:12:14 jammy-provider-cloud-0000007188 devstack@g-api.service[103551]: DEBUG glance.common.config [None req-9f3473d4-a45d-4c89-b689-32e58e84dbcb None None] image_cache_dir                = /opt/stack/data/glance/cache/ {{(pid=103551) log_opt_values /opt/stack/data/venv/lib/python3.10/site-packages/oslo_config/cfg.py:2613}}
Jun 06 14:12:14 jammy-provider-cloud-0000007188 devstack@g-api.service[103552]: DEBUG glance.image_cache.drivers.centralized_db [None req-d82e73d8-3344-4259-a538-79f54ba16e51 None None] Node reference is already recorded, ignoring it {{(pid=103552) configure /opt/stack/glance/glance/image_cache/drivers/centralized_db.py:71}}
Jun 06 14:12:14 jammy-provider-cloud-0000007188 devstack@g-api.service[103551]: DEBUG glance.common.config [None req-9f3473d4-a45d-4c89-b689-32e58e84dbcb None None] image_cache_driver             = centralized_db {{(pid=103551) log_opt_values /opt/stack/data/venv/lib/python3.10/site-packages/oslo_config/cfg.py:2613}}
Jun 06 14:12:14 jammy-provider-cloud-0000007188 devstack@g-api.service[103551]: DEBUG glance.common.config [None req-9f3473d4-a45d-4c89-b689-32e58e84dbcb None None] image_cache_max_size           = 10737418240 {{(pid=103551) log_opt_values /opt/stack/data/venv/lib/python3.10/site-packages/oslo_config/cfg.py:2613}}
Jun 06 14:12:14 jammy-provider-cloud-0000007188 devstack@g-api.service[103551]: DEBUG glance.common.config [None req-9f3473d4-a45d-4c89-b689-32e58e84dbcb None None] image_cache_sqlite_db          = cache.db {{(pid=103551) log_opt_values /opt/stack/data/venv/lib/python3.10/site-packages/oslo_config/cfg.py:2613}}
Jun 06 14:12:14 jammy-provider-cloud-0000007188 devstack@g-api.service[103551]: DEBUG glance.common.config [None req-9f3473d4-a45d-4c89-b689-32e58e84dbcb None None] image_cache_stall_time         = 86400 {{(pid=103551) log_opt_values /opt/stack/data/venv/lib/python3.10/site-packages/oslo_config/cfg.py:2613}}
Jun 06 14:12:14 jammy-provider-cloud-0000007188 devstack@g-api.service[103551]: DEBUG glance.common.config [None req-9f3473d4-a45d-4c89-b689-32e58e84dbcb None None] image_location_quota           = 10 {{(pid=103551) log_opt_values /opt/stack/data/venv/lib/python3.10/site-packages/oslo_config/cfg.py:2613}}
Jun 06 14:12:14 jammy-provider-cloud-0000007188 devstack@g-api.service[103551]: DEBUG glance.common.config [None req-9f3473d4-a45d-4c89-b689-32e58e84dbcb None None] image_member_quota             = 128 {{(pid=103551) log_opt_values /opt/stack/data/venv/lib/python3.10/site-packages/oslo_config/cfg.py:2613}}
Jun 06 14:12:14 jammy-provider-cloud-0000007188 devstack@g-api.service[103551]: DEBUG glance.common.config [None req-9f3473d4-a45d-4c89-b689-32e58e84dbcb None None] image_property_quota           = 128 {{(pid=103551) log_opt_values /opt/stack/data/venv/lib/python3.10/site-packages/oslo_config/cfg.py:2613}}
Jun 06 14:12:14 jammy-provider-cloud-0000007188 devstack@g-api.service[103551]: DEBUG glance.common.config [None req-9f3473d4-a45d-4c89-b689-32e58e84dbcb None None] image_size_cap                 = 1099511627776 {{(pid=103551) log_opt_values /opt/stack/data/venv/lib/python3.10/site-packages/oslo_config/cfg.py:2613}}
Jun 06 14:12:14 jammy-provider-cloud-0000007188 devstack@g-api.service[103551]: DEBUG glance.common.config [None req-9f3473d4-a45d-4c89-b689-32e58e84dbcb None None] image_tag_quota                = 128 {{(pid=103551) log_opt_values /opt/stack/data/venv/lib/python3.10/site-packages/oslo_config/cfg.py:2613}}
Jun 06 14:12:14 jammy-provider-cloud-0000007188 devstack@g-api.service[103551]: DEBUG glance.common.config [None req-9f3473d4-a45d-4c89-b689-32e58e84dbcb None None] instance_format                = [instance: %(uuid)s]  {{(pid=103551) log_opt_values /opt/stack/data/venv/lib/python3.10/site-packages/oslo_config/cfg.py:2613}}
Jun 06 14:12:14 jammy-provider-cloud-0000007188 devstack@g-api.service[103551]: DEBUG glance.common.config [None req-9f3473d4-a45d-4c89-b689-32e58e84dbcb None None] instance_uuid_format           = [instance: %(uuid)s]  {{(pid=103551) log_opt_values /opt/stack/data/venv/lib/python3.10/site-packages/oslo_config/cfg.py:2613}}
Jun 06 14:12:14 jammy-provider-cloud-0000007188 devstack@g-api.service[103551]: DEBUG glance.common.config [None req-9f3473d4-a45d-4c89-b689-32e58e84dbcb None None] limit_param_default            = 25 {{(pid=103551) log_opt_values /opt/stack/data/venv/lib/python3.10/site-packages/oslo_config/cfg.py:2613}}
Jun 06 14:12:14 jammy-provider-cloud-0000007188 devstack@g-api.service[103551]: DEBUG glance.common.config [None req-9f3473d4-a45d-4c89-b689-32e58e84dbcb None None] location_strategy              = location_order {{(pid=103551) log_opt_values /opt/stack/data/venv/lib/python3.10/site-packages/oslo_config/cfg.py:2613}}
Jun 06 14:12:14 jammy-provider-cloud-0000007188 devstack@g-api.service[103551]: DEBUG glance.common.config [None req-9f3473d4-a45d-4c89-b689-32e58e84dbcb None None] log_config_append              = None {{(pid=103551) log_opt_values /opt/stack/data/venv/lib/python3.10/site-packages/oslo_config/cfg.py:2613}}
Jun 06 14:12:14 jammy-provider-cloud-0000007188 devstack@g-api.service[103551]: DEBUG glance.common.config [None req-9f3473d4-a45d-4c89-b689-32e58e84dbcb None None] log_date_format                = %Y-%m-%d %H:%M:%S {{(pid=103551) log_opt_values /opt/stack/data/venv/lib/python3.10/site-packages/oslo_config/cfg.py:2613}}
Jun 06 14:12:14 jammy-provider-cloud-0000007188 devstack@g-api.service[103551]: DEBUG glance.common.config [None req-9f3473d4-a45d-4c89-b689-32e58e84dbcb None None] log_dir                        = None {{(pid=103551) log_opt_values /opt/stack/data/venv/lib/python3.10/site-packages/oslo_config/cfg.py:2613}}
Jun 06 14:12:14 jammy-provider-cloud-0000007188 devstack@g-api.service[103551]: DEBUG glance.common.config [None req-9f3473d4-a45d-4c89-b689-32e58e84dbcb None None] log_file                       = None {{(pid=103551) log_opt_values /opt/stack/data/venv/lib/python3.10/site-packages/oslo_config/cfg.py:2613}}
Jun 06 14:12:14 jammy-provider-cloud-0000007188 devstack@g-api.service[103551]: DEBUG glance.common.config [None req-9f3473d4-a45d-4c89-b689-32e58e84dbcb None None] log_rotate_interval            = 1 {{(pid=103551) log_opt_values /opt/stack/data/venv/lib/python3.10/site-packages/oslo_config/cfg.py:2613}}
Jun 06 14:12:14 jammy-provider-cloud-0000007188 devstack@g-api.service[103551]: DEBUG glance.common.config [None req-9f3473d4-a45d-4c89-b689-32e58e84dbcb None None] log_rotate_interval_type       = days {{(pid=103551) log_opt_values /opt/stack/data/venv/lib/python3.10/site-packages/oslo_config/cfg.py:2613}}
Jun 06 14:12:14 jammy-provider-cloud-0000007188 devstack@g-api.service[103551]: DEBUG glance.common.config [None req-9f3473d4-a45d-4c89-b689-32e58e84dbcb None None] log_rotation_type              = none {{(pid=103551) log_opt_values /opt/stack/data/venv/lib/python3.10/site-packages/oslo_config/cfg.py:2613}}
Jun 06 14:12:14 jammy-provider-cloud-0000007188 devstack@g-api.service[103551]: DEBUG glance.common.config [None req-9f3473d4-a45d-4c89-b689-32e58e84dbcb None None] logging_context_format_string  = %(color)s%(levelname)s %(name)s [%(global_request_id)s %(request_id)s %(project_name)s %(user_name)s%(color)s] %(instance)s%(color)s%(message)s {{(pid=103551) log_opt_values /opt/stack/data/venv/lib/python3.10/site-packages/oslo_config/cfg.py:2613}}
Jun 06 14:12:14 jammy-provider-cloud-0000007188 devstack@g-api.service[103551]: DEBUG glance.common.config [None req-9f3473d4-a45d-4c89-b689-32e58e84dbcb None None] logging_debug_format_suffix    = {{(pid=%(process)d) %(funcName)s %(pathname)s:%(lineno)d}} {{(pid=103551) log_opt_values /opt/stack/data/venv/lib/python3.10/site-packages/oslo_config/cfg.py:2613}}
Jun 06 14:12:14 jammy-provider-cloud-0000007188 devstack@g-api.service[103551]: DEBUG glance.common.config [None req-9f3473d4-a45d-4c89-b689-32e58e84dbcb None None] logging_default_format_string  = %(color)s%(levelname)s %(name)s [-%(color)s] %(instance)s%(color)s%(message)s {{(pid=103551) log_opt_values /opt/stack/data/venv/lib/python3.10/site-packages/oslo_config/cfg.py:2613}}
Jun 06 14:12:14 jammy-provider-cloud-0000007188 devstack@g-api.service[103551]: DEBUG glance.common.config [None req-9f3473d4-a45d-4c89-b689-32e58e84dbcb None None] logging_exception_prefix       = ERROR %(name)s %(instance)s {{(pid=103551) log_opt_values /opt/stack/data/venv/lib/python3.10/site-packages/oslo_config/cfg.py:2613}}
Jun 06 14:12:14 jammy-provider-cloud-0000007188 devstack@g-api.service[103551]: DEBUG glance.common.config [None req-9f3473d4-a45d-4c89-b689-32e58e84dbcb None None] logging_user_identity_format   = %(user)s %(project)s %(domain)s %(system_scope)s %(user_domain)s %(project_domain)s {{(pid=103551) log_opt_values /opt/stack/data/venv/lib/python3.10/site-packages/oslo_config/cfg.py:2613}}
Jun 06 14:12:14 jammy-provider-cloud-0000007188 devstack@g-api.service[103551]: DEBUG glance.common.config [None req-9f3473d4-a45d-4c89-b689-32e58e84dbcb None None] max_header_line                = 16384 {{(pid=103551) log_opt_values /opt/stack/data/venv/lib/python3.10/site-packages/oslo_config/cfg.py:2613}}
