Jun 13 04:28:36 jammy-provider-cloud-0000007199 systemd[1]: Starting Devstack devstack@g-api.service...
Jun 13 04:28:36 jammy-provider-cloud-0000007199 devstack@g-api.service[103498]: [uWSGI] getting INI configuration from /etc/glance/glance-uwsgi.ini
Jun 13 04:28:36 jammy-provider-cloud-0000007199 devstack@g-api.service[103498]: *** Starting uWSGI 2.0.20-debian (64bit) on [Thu Jun 13 04:28:36 2024] ***
Jun 13 04:28:36 jammy-provider-cloud-0000007199 devstack@g-api.service[103498]: compiled with version: 11.2.0 on 21 March 2022 11:00:44
Jun 13 04:28:36 jammy-provider-cloud-0000007199 devstack@g-api.service[103498]: os: Linux-5.15.0-107-generic #117-Ubuntu SMP Fri Apr 26 12:26:49 UTC 2024
Jun 13 04:28:36 jammy-provider-cloud-0000007199 devstack@g-api.service[103498]: nodename: jammy-provider-cloud-0000007199
Jun 13 04:28:36 jammy-provider-cloud-0000007199 devstack@g-api.service[103498]: machine: x86_64
Jun 13 04:28:36 jammy-provider-cloud-0000007199 devstack@g-api.service[103498]: clock source: unix
Jun 13 04:28:36 jammy-provider-cloud-0000007199 devstack@g-api.service[103498]: pcre jit disabled
Jun 13 04:28:36 jammy-provider-cloud-0000007199 devstack@g-api.service[103498]: detected number of CPU cores: 4
Jun 13 04:28:36 jammy-provider-cloud-0000007199 devstack@g-api.service[103498]: current working directory: /
Jun 13 04:28:36 jammy-provider-cloud-0000007199 devstack@g-api.service[103498]: detected binary path: /usr/bin/uwsgi-core
Jun 13 04:28:36 jammy-provider-cloud-0000007199 devstack@g-api.service[103498]: your processes number limit is 31298
Jun 13 04:28:36 jammy-provider-cloud-0000007199 devstack@g-api.service[103498]: your memory page size is 4096 bytes
Jun 13 04:28:36 jammy-provider-cloud-0000007199 devstack@g-api.service[103498]: detected max file descriptor number: 2048
Jun 13 04:28:36 jammy-provider-cloud-0000007199 devstack@g-api.service[103498]: lock engine: pthread robust mutexes
Jun 13 04:28:36 jammy-provider-cloud-0000007199 devstack@g-api.service[103498]: thunder lock: enabled
Jun 13 04:28:36 jammy-provider-cloud-0000007199 devstack@g-api.service[103498]: uwsgi socket 0 bound to TCP address 127.0.0.1:60999 fd 4
Jun 13 04:28:36 jammy-provider-cloud-0000007199 devstack@g-api.service[103498]: Python version: 3.10.12 (main, Nov 20 2023, 15:14:05) [GCC 11.4.0]
Jun 13 04:28:36 jammy-provider-cloud-0000007199 devstack@g-api.service[103498]: PEP 405 virtualenv detected: /opt/stack/data/venv
Jun 13 04:28:36 jammy-provider-cloud-0000007199 devstack@g-api.service[103498]: Set PythonHome to /opt/stack/data/venv
Jun 13 04:28:36 jammy-provider-cloud-0000007199 devstack@g-api.service[103498]: Python main interpreter initialized at 0x5648ac2fde00
Jun 13 04:28:36 jammy-provider-cloud-0000007199 devstack@g-api.service[103498]: python threads support enabled
Jun 13 04:28:36 jammy-provider-cloud-0000007199 devstack@g-api.service[103498]: your server socket listen backlog is limited to 100 connections
Jun 13 04:28:36 jammy-provider-cloud-0000007199 devstack@g-api.service[103498]: your mercy for graceful operations on workers is 80 seconds
Jun 13 04:28:36 jammy-provider-cloud-0000007199 devstack@g-api.service[103498]: mapped 403077 bytes (393 KB) for 2 cores
Jun 13 04:28:36 jammy-provider-cloud-0000007199 devstack@g-api.service[103498]: *** Operational MODE: preforking ***
Jun 13 04:28:36 jammy-provider-cloud-0000007199 devstack@g-api.service[103498]: *** uWSGI is running in multiple interpreter mode ***
Jun 13 04:28:36 jammy-provider-cloud-0000007199 devstack@g-api.service[103498]: spawned uWSGI master process (pid: 103498)
Jun 13 04:28:36 jammy-provider-cloud-0000007199 systemd[1]: Started Devstack devstack@g-api.service.
Jun 13 04:28:36 jammy-provider-cloud-0000007199 devstack@g-api.service[103498]: spawned uWSGI worker 1 (pid: 103501, cores: 1)
Jun 13 04:28:36 jammy-provider-cloud-0000007199 devstack@g-api.service[103498]: spawned uWSGI worker 2 (pid: 103502, cores: 1)
Jun 13 04:28:36 jammy-provider-cloud-0000007199 devstack@g-api.service[103498]: running "unix_signal:15 gracefully_kill_them_all" (master-start)...
Jun 13 04:28:37 jammy-provider-cloud-0000007199 devstack@g-api.service[103501]: INFO glance.async_ [-] Threadpool model set to 'NativeThreadPoolModel'
Jun 13 04:28:37 jammy-provider-cloud-0000007199 devstack@g-api.service[103502]: INFO glance.async_ [-] Threadpool model set to 'NativeThreadPoolModel'
Jun 13 04:28:37 jammy-provider-cloud-0000007199 devstack@g-api.service[103502]: DEBUG oslo_concurrency.processutils [-] Running cmd (subprocess): grep -F node.session.scan /sbin/iscsiadm {{(pid=103502) execute /opt/stack/data/venv/lib/python3.10/site-packages/oslo_concurrency/processutils.py:390}}
Jun 13 04:28:37 jammy-provider-cloud-0000007199 devstack@g-api.service[103501]: DEBUG oslo_concurrency.processutils [-] Running cmd (subprocess): grep -F node.session.scan /sbin/iscsiadm {{(pid=103501) execute /opt/stack/data/venv/lib/python3.10/site-packages/oslo_concurrency/processutils.py:390}}
Jun 13 04:28:37 jammy-provider-cloud-0000007199 devstack@g-api.service[103502]: DEBUG oslo_concurrency.processutils [-] CMD "grep -F node.session.scan /sbin/iscsiadm" returned: 0 in 0.007s {{(pid=103502) execute /opt/stack/data/venv/lib/python3.10/site-packages/oslo_concurrency/processutils.py:428}}
Jun 13 04:28:37 jammy-provider-cloud-0000007199 devstack@g-api.service[103501]: DEBUG oslo_concurrency.processutils [-] CMD "grep -F node.session.scan /sbin/iscsiadm" returned: 0 in 0.013s {{(pid=103501) execute /opt/stack/data/venv/lib/python3.10/site-packages/oslo_concurrency/processutils.py:428}}
Jun 13 04:28:37 jammy-provider-cloud-0000007199 devstack@g-api.service[103502]: DEBUG glance_store.common.attachment_state_manager [-] Initialising _AttachmentStateManager {{(pid=103502) __init__ /opt/stack/data/venv/lib/python3.10/site-packages/glance_store/common/attachment_state_manager.py:86}}
Jun 13 04:28:37 jammy-provider-cloud-0000007199 devstack@g-api.service[103501]: DEBUG glance_store.common.attachment_state_manager [-] Initialising _AttachmentStateManager {{(pid=103501) __init__ /opt/stack/data/venv/lib/python3.10/site-packages/glance_store/common/attachment_state_manager.py:86}}
Jun 13 04:28:37 jammy-provider-cloud-0000007199 devstack@g-api.service[103502]: DEBUG glance_store.backend [-] Attempting to import store cinder {{(pid=103502) _load_store /opt/stack/data/venv/lib/python3.10/site-packages/glance_store/backend.py:216}}
Jun 13 04:28:37 jammy-provider-cloud-0000007199 devstack@g-api.service[103502]: DEBUG glance_store.backend [-] Attempting to import store file {{(pid=103502) _load_store /opt/stack/data/venv/lib/python3.10/site-packages/glance_store/backend.py:216}}
Jun 13 04:28:37 jammy-provider-cloud-0000007199 devstack@g-api.service[103502]: DEBUG glance_store.backend [-] Attempting to import store glance.store.cinder.Store {{(pid=103502) _load_store /opt/stack/data/venv/lib/python3.10/site-packages/glance_store/backend.py:216}}
Jun 13 04:28:37 jammy-provider-cloud-0000007199 devstack@g-api.service[103502]: DEBUG glance_store.backend [-] Attempting to import store glance.store.filesystem.Store {{(pid=103502) _load_store /opt/stack/data/venv/lib/python3.10/site-packages/glance_store/backend.py:216}}
Jun 13 04:28:37 jammy-provider-cloud-0000007199 devstack@g-api.service[103502]: DEBUG glance_store.backend [-] Attempting to import store glance.store.http.Store {{(pid=103502) _load_store /opt/stack/data/venv/lib/python3.10/site-packages/glance_store/backend.py:216}}
Jun 13 04:28:37 jammy-provider-cloud-0000007199 devstack@g-api.service[103502]: DEBUG glance_store.backend [-] Attempting to import store glance.store.rbd.Store {{(pid=103502) _load_store /opt/stack/data/venv/lib/python3.10/site-packages/glance_store/backend.py:216}}
Jun 13 04:28:37 jammy-provider-cloud-0000007199 devstack@g-api.service[103502]: DEBUG glance_store.backend [-] Attempting to import store glance.store.s3.Store {{(pid=103502) _load_store /opt/stack/data/venv/lib/python3.10/site-packages/glance_store/backend.py:216}}
Jun 13 04:28:37 jammy-provider-cloud-0000007199 devstack@g-api.service[103502]: DEBUG glance_store.backend [-] Attempting to import store glance.store.swift.Store {{(pid=103502) _load_store /opt/stack/data/venv/lib/python3.10/site-packages/glance_store/backend.py:216}}
Jun 13 04:28:37 jammy-provider-cloud-0000007199 devstack@g-api.service[103502]: DEBUG glance_store.backend [-] Attempting to import store glance.store.vmware_datastore.Store {{(pid=103502) _load_store /opt/stack/data/venv/lib/python3.10/site-packages/glance_store/backend.py:216}}
Jun 13 04:28:37 jammy-provider-cloud-0000007199 devstack@g-api.service[103502]: DEBUG glance_store.backend [-] Attempting to import store http {{(pid=103502) _load_store /opt/stack/data/venv/lib/python3.10/site-packages/glance_store/backend.py:216}}
Jun 13 04:28:37 jammy-provider-cloud-0000007199 devstack@g-api.service[103502]: DEBUG glance_store.backend [-] Attempting to import store no_conf {{(pid=103502) _load_store /opt/stack/data/venv/lib/python3.10/site-packages/glance_store/backend.py:216}}
Jun 13 04:28:37 jammy-provider-cloud-0000007199 devstack@g-api.service[103502]: DEBUG glance_store.backend [-] Attempting to import store rbd {{(pid=103502) _load_store /opt/stack/data/venv/lib/python3.10/site-packages/glance_store/backend.py:216}}
Jun 13 04:28:37 jammy-provider-cloud-0000007199 devstack@g-api.service[103502]: DEBUG glance_store.backend [-] Attempting to import store s3 {{(pid=103502) _load_store /opt/stack/data/venv/lib/python3.10/site-packages/glance_store/backend.py:216}}
Jun 13 04:28:37 jammy-provider-cloud-0000007199 devstack@g-api.service[103502]: DEBUG glance_store.backend [-] Attempting to import store swift {{(pid=103502) _load_store /opt/stack/data/venv/lib/python3.10/site-packages/glance_store/backend.py:216}}
Jun 13 04:28:37 jammy-provider-cloud-0000007199 devstack@g-api.service[103502]: DEBUG glance_store.backend [-] Attempting to import store vmware {{(pid=103502) _load_store /opt/stack/data/venv/lib/python3.10/site-packages/glance_store/backend.py:216}}
Jun 13 04:28:37 jammy-provider-cloud-0000007199 devstack@g-api.service[103502]: DEBUG glance_store.backend [-] Registering options for group glance_store {{(pid=103502) register_opts /opt/stack/data/venv/lib/python3.10/site-packages/glance_store/backend.py:145}}
Jun 13 04:28:37 jammy-provider-cloud-0000007199 devstack@g-api.service[103502]: DEBUG glance_store.backend [-] Registering options for group glance_store {{(pid=103502) register_opts /opt/stack/data/venv/lib/python3.10/site-packages/glance_store/backend.py:145}}
Jun 13 04:28:37 jammy-provider-cloud-0000007199 devstack@g-api.service[103502]: DEBUG glance_store.backend [-] Attempting to import store http {{(pid=103502) _load_store /opt/stack/data/venv/lib/python3.10/site-packages/glance_store/backend.py:216}}
Jun 13 04:28:37 jammy-provider-cloud-0000007199 devstack@g-api.service[103502]: DEBUG glance_store.capabilities [-] Store glance_store._drivers.http.Store doesn't support updating dynamic storage capabilities. Please overwrite 'update_capabilities' method of the store to implement updating logics if needed. {{(pid=103502) update_capabilities /opt/stack/data/venv/lib/python3.10/site-packages/glance_store/capabilities.py:91}}
Jun 13 04:28:37 jammy-provider-cloud-0000007199 devstack@g-api.service[103502]: DEBUG glance_store.backend [-] Registering store http with schemes ('http', 'https') {{(pid=103502) create_stores /opt/stack/data/venv/lib/python3.10/site-packages/glance_store/backend.py:262}}
Jun 13 04:28:37 jammy-provider-cloud-0000007199 devstack@g-api.service[103502]: DEBUG glance_store.driver [-] Late loading location class glance_store._drivers.http.StoreLocation {{(pid=103502) get_store_location_class /opt/stack/data/venv/lib/python3.10/site-packages/glance_store/driver.py:133}}
Jun 13 04:28:37 jammy-provider-cloud-0000007199 devstack@g-api.service[103502]: DEBUG glance_store.location [-] Registering scheme http with {'store': <glance_store._drivers.http.Store object at 0x7fe7432185b0>, 'location_class': <class 'glance_store._drivers.http.StoreLocation'>, 'store_entry': 'http'} {{(pid=103502) register_scheme_map /opt/stack/data/venv/lib/python3.10/site-packages/glance_store/location.py:146}}
Jun 13 04:28:37 jammy-provider-cloud-0000007199 devstack@g-api.service[103502]: DEBUG glance_store.location [-] Registering scheme https with {'store': <glance_store._drivers.http.Store object at 0x7fe7432185b0>, 'location_class': <class 'glance_store._drivers.http.StoreLocation'>, 'store_entry': 'http'} {{(pid=103502) register_scheme_map /opt/stack/data/venv/lib/python3.10/site-packages/glance_store/location.py:146}}
Jun 13 04:28:37 jammy-provider-cloud-0000007199 devstack@g-api.service[103502]: DEBUG glance_store.backend [-] Attempting to import store file {{(pid=103502) _load_store /opt/stack/data/venv/lib/python3.10/site-packages/glance_store/backend.py:216}}
Jun 13 04:28:37 jammy-provider-cloud-0000007199 devstack@g-api.service[103502]: DEBUG glance_store.capabilities [-] Store glance_store._drivers.filesystem.Store doesn't support updating dynamic storage capabilities. Please overwrite 'update_capabilities' method of the store to implement updating logics if needed. {{(pid=103502) update_capabilities /opt/stack/data/venv/lib/python3.10/site-packages/glance_store/capabilities.py:91}}
Jun 13 04:28:37 jammy-provider-cloud-0000007199 devstack@g-api.service[103502]: DEBUG glance_store.backend [-] Registering store file with schemes ('file', 'filesystem') {{(pid=103502) create_stores /opt/stack/data/venv/lib/python3.10/site-packages/glance_store/backend.py:262}}
Jun 13 04:28:37 jammy-provider-cloud-0000007199 devstack@g-api.service[103502]: DEBUG glance_store.driver [-] Late loading location class glance_store._drivers.filesystem.StoreLocation {{(pid=103502) get_store_location_class /opt/stack/data/venv/lib/python3.10/site-packages/glance_store/driver.py:133}}
Jun 13 04:28:37 jammy-provider-cloud-0000007199 devstack@g-api.service[103502]: DEBUG glance_store.location [-] Registering scheme file with {'store': <glance_store._drivers.filesystem.Store object at 0x7fe74321b0a0>, 'location_class': <class 'glance_store._drivers.filesystem.StoreLocation'>, 'store_entry': 'file'} {{(pid=103502) register_scheme_map /opt/stack/data/venv/lib/python3.10/site-packages/glance_store/location.py:146}}
Jun 13 04:28:37 jammy-provider-cloud-0000007199 devstack@g-api.service[103502]: DEBUG glance_store.location [-] Registering scheme filesystem with {'store': <glance_store._drivers.filesystem.Store object at 0x7fe74321b0a0>, 'location_class': <class 'glance_store._drivers.filesystem.StoreLocation'>, 'store_entry': 'file'} {{(pid=103502) register_scheme_map /opt/stack/data/venv/lib/python3.10/site-packages/glance_store/location.py:146}}
Jun 13 04:28:37 jammy-provider-cloud-0000007199 devstack@g-api.service[103502]: DEBUG glance.sqlite_migration [-] SQLite caching database not located, skipping migration {{(pid=103502) get_db_path /opt/stack/glance/glance/sqlite_migration.py:68}}
Jun 13 04:28:37 jammy-provider-cloud-0000007199 devstack@g-api.service[103502]: WARNING glance.common.wsgi_app [-] Import methods are enabled but staging directory /tmp/staging/ does not exist; Imports will fail!
Jun 13 04:28:37 jammy-provider-cloud-0000007199 devstack@g-api.service[103501]: DEBUG glance_store.backend [-] Attempting to import store cinder {{(pid=103501) _load_store /opt/stack/data/venv/lib/python3.10/site-packages/glance_store/backend.py:216}}
Jun 13 04:28:37 jammy-provider-cloud-0000007199 devstack@g-api.service[103501]: DEBUG glance_store.backend [-] Attempting to import store file {{(pid=103501) _load_store /opt/stack/data/venv/lib/python3.10/site-packages/glance_store/backend.py:216}}
Jun 13 04:28:37 jammy-provider-cloud-0000007199 devstack@g-api.service[103501]: DEBUG glance_store.backend [-] Attempting to import store glance.store.cinder.Store {{(pid=103501) _load_store /opt/stack/data/venv/lib/python3.10/site-packages/glance_store/backend.py:216}}
Jun 13 04:28:37 jammy-provider-cloud-0000007199 devstack@g-api.service[103501]: DEBUG glance_store.backend [-] Attempting to import store glance.store.filesystem.Store {{(pid=103501) _load_store /opt/stack/data/venv/lib/python3.10/site-packages/glance_store/backend.py:216}}
Jun 13 04:28:37 jammy-provider-cloud-0000007199 devstack@g-api.service[103501]: DEBUG glance_store.backend [-] Attempting to import store glance.store.http.Store {{(pid=103501) _load_store /opt/stack/data/venv/lib/python3.10/site-packages/glance_store/backend.py:216}}
Jun 13 04:28:37 jammy-provider-cloud-0000007199 devstack@g-api.service[103501]: DEBUG glance_store.backend [-] Attempting to import store glance.store.rbd.Store {{(pid=103501) _load_store /opt/stack/data/venv/lib/python3.10/site-packages/glance_store/backend.py:216}}
Jun 13 04:28:37 jammy-provider-cloud-0000007199 devstack@g-api.service[103501]: DEBUG glance_store.backend [-] Attempting to import store glance.store.s3.Store {{(pid=103501) _load_store /opt/stack/data/venv/lib/python3.10/site-packages/glance_store/backend.py:216}}
Jun 13 04:28:37 jammy-provider-cloud-0000007199 devstack@g-api.service[103501]: DEBUG glance_store.backend [-] Attempting to import store glance.store.swift.Store {{(pid=103501) _load_store /opt/stack/data/venv/lib/python3.10/site-packages/glance_store/backend.py:216}}
Jun 13 04:28:37 jammy-provider-cloud-0000007199 devstack@g-api.service[103501]: DEBUG glance_store.backend [-] Attempting to import store glance.store.vmware_datastore.Store {{(pid=103501) _load_store /opt/stack/data/venv/lib/python3.10/site-packages/glance_store/backend.py:216}}
Jun 13 04:28:37 jammy-provider-cloud-0000007199 devstack@g-api.service[103501]: DEBUG glance_store.backend [-] Attempting to import store http {{(pid=103501) _load_store /opt/stack/data/venv/lib/python3.10/site-packages/glance_store/backend.py:216}}
Jun 13 04:28:37 jammy-provider-cloud-0000007199 devstack@g-api.service[103501]: DEBUG glance_store.backend [-] Attempting to import store no_conf {{(pid=103501) _load_store /opt/stack/data/venv/lib/python3.10/site-packages/glance_store/backend.py:216}}
Jun 13 04:28:37 jammy-provider-cloud-0000007199 devstack@g-api.service[103501]: DEBUG glance_store.backend [-] Attempting to import store rbd {{(pid=103501) _load_store /opt/stack/data/venv/lib/python3.10/site-packages/glance_store/backend.py:216}}
Jun 13 04:28:37 jammy-provider-cloud-0000007199 devstack@g-api.service[103501]: DEBUG glance_store.backend [-] Attempting to import store s3 {{(pid=103501) _load_store /opt/stack/data/venv/lib/python3.10/site-packages/glance_store/backend.py:216}}
Jun 13 04:28:37 jammy-provider-cloud-0000007199 devstack@g-api.service[103501]: DEBUG glance_store.backend [-] Attempting to import store swift {{(pid=103501) _load_store /opt/stack/data/venv/lib/python3.10/site-packages/glance_store/backend.py:216}}
Jun 13 04:28:37 jammy-provider-cloud-0000007199 devstack@g-api.service[103501]: DEBUG glance_store.backend [-] Attempting to import store vmware {{(pid=103501) _load_store /opt/stack/data/venv/lib/python3.10/site-packages/glance_store/backend.py:216}}
Jun 13 04:28:37 jammy-provider-cloud-0000007199 devstack@g-api.service[103501]: DEBUG glance_store.backend [-] Registering options for group glance_store {{(pid=103501) register_opts /opt/stack/data/venv/lib/python3.10/site-packages/glance_store/backend.py:145}}
Jun 13 04:28:37 jammy-provider-cloud-0000007199 devstack@g-api.service[103501]: DEBUG glance_store.backend [-] Registering options for group glance_store {{(pid=103501) register_opts /opt/stack/data/venv/lib/python3.10/site-packages/glance_store/backend.py:145}}
Jun 13 04:28:37 jammy-provider-cloud-0000007199 devstack@g-api.service[103501]: DEBUG glance_store.backend [-] Attempting to import store http {{(pid=103501) _load_store /opt/stack/data/venv/lib/python3.10/site-packages/glance_store/backend.py:216}}
Jun 13 04:28:37 jammy-provider-cloud-0000007199 devstack@g-api.service[103501]: DEBUG glance_store.capabilities [-] Store glance_store._drivers.http.Store doesn't support updating dynamic storage capabilities. Please overwrite 'update_capabilities' method of the store to implement updating logics if needed. {{(pid=103501) update_capabilities /opt/stack/data/venv/lib/python3.10/site-packages/glance_store/capabilities.py:91}}
Jun 13 04:28:37 jammy-provider-cloud-0000007199 devstack@g-api.service[103501]: DEBUG glance_store.backend [-] Registering store http with schemes ('http', 'https') {{(pid=103501) create_stores /opt/stack/data/venv/lib/python3.10/site-packages/glance_store/backend.py:262}}
Jun 13 04:28:37 jammy-provider-cloud-0000007199 devstack@g-api.service[103501]: DEBUG glance_store.driver [-] Late loading location class glance_store._drivers.http.StoreLocation {{(pid=103501) get_store_location_class /opt/stack/data/venv/lib/python3.10/site-packages/glance_store/driver.py:133}}
Jun 13 04:28:37 jammy-provider-cloud-0000007199 devstack@g-api.service[103501]: DEBUG glance_store.location [-] Registering scheme http with {'store': <glance_store._drivers.http.Store object at 0x7fe743214ee0>, 'location_class': <class 'glance_store._drivers.http.StoreLocation'>, 'store_entry': 'http'} {{(pid=103501) register_scheme_map /opt/stack/data/venv/lib/python3.10/site-packages/glance_store/location.py:146}}
Jun 13 04:28:37 jammy-provider-cloud-0000007199 devstack@g-api.service[103501]: DEBUG glance_store.location [-] Registering scheme https with {'store': <glance_store._drivers.http.Store object at 0x7fe743214ee0>, 'location_class': <class 'glance_store._drivers.http.StoreLocation'>, 'store_entry': 'http'} {{(pid=103501) register_scheme_map /opt/stack/data/venv/lib/python3.10/site-packages/glance_store/location.py:146}}
Jun 13 04:28:37 jammy-provider-cloud-0000007199 devstack@g-api.service[103501]: DEBUG glance_store.backend [-] Attempting to import store file {{(pid=103501) _load_store /opt/stack/data/venv/lib/python3.10/site-packages/glance_store/backend.py:216}}
Jun 13 04:28:37 jammy-provider-cloud-0000007199 devstack@g-api.service[103501]: DEBUG glance_store.capabilities [-] Store glance_store._drivers.filesystem.Store doesn't support updating dynamic storage capabilities. Please overwrite 'update_capabilities' method of the store to implement updating logics if needed. {{(pid=103501) update_capabilities /opt/stack/data/venv/lib/python3.10/site-packages/glance_store/capabilities.py:91}}
Jun 13 04:28:37 jammy-provider-cloud-0000007199 devstack@g-api.service[103501]: DEBUG glance_store.backend [-] Registering store file with schemes ('file', 'filesystem') {{(pid=103501) create_stores /opt/stack/data/venv/lib/python3.10/site-packages/glance_store/backend.py:262}}
Jun 13 04:28:37 jammy-provider-cloud-0000007199 devstack@g-api.service[103501]: DEBUG glance_store.driver [-] Late loading location class glance_store._drivers.filesystem.StoreLocation {{(pid=103501) get_store_location_class /opt/stack/data/venv/lib/python3.10/site-packages/glance_store/driver.py:133}}
Jun 13 04:28:37 jammy-provider-cloud-0000007199 devstack@g-api.service[103501]: DEBUG glance_store.location [-] Registering scheme file with {'store': <glance_store._drivers.filesystem.Store object at 0x7fe743214340>, 'location_class': <class 'glance_store._drivers.filesystem.StoreLocation'>, 'store_entry': 'file'} {{(pid=103501) register_scheme_map /opt/stack/data/venv/lib/python3.10/site-packages/glance_store/location.py:146}}
Jun 13 04:28:37 jammy-provider-cloud-0000007199 devstack@g-api.service[103501]: DEBUG glance_store.location [-] Registering scheme filesystem with {'store': <glance_store._drivers.filesystem.Store object at 0x7fe743214340>, 'location_class': <class 'glance_store._drivers.filesystem.StoreLocation'>, 'store_entry': 'file'} {{(pid=103501) register_scheme_map /opt/stack/data/venv/lib/python3.10/site-packages/glance_store/location.py:146}}
Jun 13 04:28:37 jammy-provider-cloud-0000007199 devstack@g-api.service[103501]: DEBUG glance.sqlite_migration [-] SQLite caching database not located, skipping migration {{(pid=103501) get_db_path /opt/stack/glance/glance/sqlite_migration.py:68}}
Jun 13 04:28:37 jammy-provider-cloud-0000007199 devstack@g-api.service[103501]: WARNING glance.common.wsgi_app [-] Import methods are enabled but staging directory /tmp/staging/ does not exist; Imports will fail!
Jun 13 04:28:37 jammy-provider-cloud-0000007199 devstack@g-api.service[103502]: DEBUG glance.common.config [None req-63c9fd73-7213-41ba-81bb-74711f9e1de3 None None] Loading glance-api-keystone+cachemanagement from /etc/glance/glance-api-paste.ini {{(pid=103502) load_paste_app /opt/stack/glance/glance/common/config.py:700}}
Jun 13 04:28:37 jammy-provider-cloud-0000007199 devstack@g-api.service[103501]: DEBUG glance.common.config [None req-5ec9801a-b0bb-4141-9e7d-5ec97a3ff726 None None] Loading glance-api-keystone+cachemanagement from /etc/glance/glance-api-paste.ini {{(pid=103501) load_paste_app /opt/stack/glance/glance/common/config.py:700}}
Jun 13 04:28:38 jammy-provider-cloud-0000007199 devstack@g-api.service[103502]: INFO glance.image_cache [None req-63c9fd73-7213-41ba-81bb-74711f9e1de3 None None] Image cache loaded driver 'centralized_db'.
Jun 13 04:28:38 jammy-provider-cloud-0000007199 devstack@g-api.service[103501]: INFO glance.image_cache [None req-5ec9801a-b0bb-4141-9e7d-5ec97a3ff726 None None] Image cache loaded driver 'centralized_db'.
Jun 13 04:28:38 jammy-provider-cloud-0000007199 devstack@g-api.service[103502]: INFO dbcounter [None req-63c9fd73-7213-41ba-81bb-74711f9e1de3 None None] Registered counter for database glance
Jun 13 04:28:38 jammy-provider-cloud-0000007199 devstack@g-api.service[103501]: INFO dbcounter [None req-5ec9801a-b0bb-4141-9e7d-5ec97a3ff726 None None] Registered counter for database glance
Jun 13 04:28:38 jammy-provider-cloud-0000007199 devstack@g-api.service[103502]: DEBUG oslo_db.sqlalchemy.engines [None req-63c9fd73-7213-41ba-81bb-74711f9e1de3 None None] MySQL server mode set to STRICT_TRANS_TABLES,STRICT_ALL_TABLES,NO_ZERO_IN_DATE,NO_ZERO_DATE,ERROR_FOR_DIVISION_BY_ZERO,TRADITIONAL,NO_ENGINE_SUBSTITUTION {{(pid=103502) _check_effective_sql_mode /opt/stack/data/venv/lib/python3.10/site-packages/oslo_db/sqlalchemy/engines.py:342}}
Jun 13 04:28:38 jammy-provider-cloud-0000007199 devstack@g-api.service[103501]: DEBUG oslo_db.sqlalchemy.engines [None req-5ec9801a-b0bb-4141-9e7d-5ec97a3ff726 None None] MySQL server mode set to STRICT_TRANS_TABLES,STRICT_ALL_TABLES,NO_ZERO_IN_DATE,NO_ZERO_DATE,ERROR_FOR_DIVISION_BY_ZERO,TRADITIONAL,NO_ENGINE_SUBSTITUTION {{(pid=103501) _check_effective_sql_mode /opt/stack/data/venv/lib/python3.10/site-packages/oslo_db/sqlalchemy/engines.py:342}}
Jun 13 04:28:38 jammy-provider-cloud-0000007199 devstack@g-api.service[103502]: DEBUG dbcounter [-] [103502] Writer thread running {{(pid=103502) stat_writer /opt/stack/data/venv/lib/python3.10/site-packages/dbcounter.py:102}}
Jun 13 04:28:38 jammy-provider-cloud-0000007199 devstack@g-api.service[103501]: DEBUG dbcounter [-] [103501] Writer thread running {{(pid=103501) stat_writer /opt/stack/data/venv/lib/python3.10/site-packages/dbcounter.py:102}}
Jun 13 04:28:38 jammy-provider-cloud-0000007199 devstack@g-api.service[103501]: DEBUG glance.image_cache.drivers.centralized_db [None req-5ec9801a-b0bb-4141-9e7d-5ec97a3ff726 None None] Node reference is already recorded, ignoring it {{(pid=103501) configure /opt/stack/glance/glance/image_cache/drivers/centralized_db.py:71}}
Jun 13 04:28:38 jammy-provider-cloud-0000007199 devstack@g-api.service[103502]: INFO glance.image_cache [None req-63c9fd73-7213-41ba-81bb-74711f9e1de3 None None] Image cache loaded driver 'centralized_db'.
Jun 13 04:28:38 jammy-provider-cloud-0000007199 devstack@g-api.service[103501]: INFO glance.image_cache [None req-5ec9801a-b0bb-4141-9e7d-5ec97a3ff726 None None] Image cache loaded driver 'centralized_db'.
Jun 13 04:28:38 jammy-provider-cloud-0000007199 devstack@g-api.service[103502]: DEBUG glance.image_cache.drivers.centralized_db [None req-63c9fd73-7213-41ba-81bb-74711f9e1de3 None None] Node reference is already recorded, ignoring it {{(pid=103502) configure /opt/stack/glance/glance/image_cache/drivers/centralized_db.py:71}}
Jun 13 04:28:38 jammy-provider-cloud-0000007199 devstack@g-api.service[103501]: DEBUG glance.image_cache.drivers.centralized_db [None req-5ec9801a-b0bb-4141-9e7d-5ec97a3ff726 None None] Node reference is already recorded, ignoring it {{(pid=103501) configure /opt/stack/glance/glance/image_cache/drivers/centralized_db.py:71}}
Jun 13 04:28:38 jammy-provider-cloud-0000007199 devstack@g-api.service[103502]: DEBUG glance.api.v2.cached_images [None req-63c9fd73-7213-41ba-81bb-74711f9e1de3 None None] Started cache worker thread {{(pid=103502) __init__ /opt/stack/glance/glance/api/v2/cached_images.py:69}}
Jun 13 04:28:38 jammy-provider-cloud-0000007199 devstack@g-api.service[103502]: INFO glance.image_cache [None req-63c9fd73-7213-41ba-81bb-74711f9e1de3 None None] Image cache loaded driver 'centralized_db'.
Jun 13 04:28:38 jammy-provider-cloud-0000007199 devstack@g-api.service[103501]: DEBUG glance.api.v2.cached_images [None req-5ec9801a-b0bb-4141-9e7d-5ec97a3ff726 None None] Started cache worker thread {{(pid=103501) __init__ /opt/stack/glance/glance/api/v2/cached_images.py:69}}
Jun 13 04:28:38 jammy-provider-cloud-0000007199 devstack@g-api.service[103501]: INFO glance.image_cache [None req-5ec9801a-b0bb-4141-9e7d-5ec97a3ff726 None None] Image cache loaded driver 'centralized_db'.
Jun 13 04:28:38 jammy-provider-cloud-0000007199 devstack@g-api.service[103502]: DEBUG glance.image_cache.drivers.centralized_db [None req-63c9fd73-7213-41ba-81bb-74711f9e1de3 None None] Node reference is already recorded, ignoring it {{(pid=103502) configure /opt/stack/glance/glance/image_cache/drivers/centralized_db.py:71}}
Jun 13 04:28:38 jammy-provider-cloud-0000007199 devstack@g-api.service[103501]: DEBUG glance.image_cache.drivers.centralized_db [None req-5ec9801a-b0bb-4141-9e7d-5ec97a3ff726 None None] Node reference is already recorded, ignoring it {{(pid=103501) configure /opt/stack/glance/glance/image_cache/drivers/centralized_db.py:71}}
Jun 13 04:28:38 jammy-provider-cloud-0000007199 devstack@g-api.service[103502]: INFO glance.api.middleware.cache_manage [None req-63c9fd73-7213-41ba-81bb-74711f9e1de3 None None] Initialized image cache management middleware
Jun 13 04:28:38 jammy-provider-cloud-0000007199 devstack@g-api.service[103502]: INFO glance.image_cache [None req-63c9fd73-7213-41ba-81bb-74711f9e1de3 None None] Image cache loaded driver 'centralized_db'.
Jun 13 04:28:38 jammy-provider-cloud-0000007199 devstack@g-api.service[103501]: INFO glance.api.middleware.cache_manage [None req-5ec9801a-b0bb-4141-9e7d-5ec97a3ff726 None None] Initialized image cache management middleware
Jun 13 04:28:38 jammy-provider-cloud-0000007199 devstack@g-api.service[103501]: INFO glance.image_cache [None req-5ec9801a-b0bb-4141-9e7d-5ec97a3ff726 None None] Image cache loaded driver 'centralized_db'.
Jun 13 04:28:38 jammy-provider-cloud-0000007199 devstack@g-api.service[103502]: DEBUG glance.image_cache.drivers.centralized_db [None req-63c9fd73-7213-41ba-81bb-74711f9e1de3 None None] Node reference is already recorded, ignoring it {{(pid=103502) configure /opt/stack/glance/glance/image_cache/drivers/centralized_db.py:71}}
Jun 13 04:28:38 jammy-provider-cloud-0000007199 devstack@g-api.service[103501]: DEBUG glance.image_cache.drivers.centralized_db [None req-5ec9801a-b0bb-4141-9e7d-5ec97a3ff726 None None] Node reference is already recorded, ignoring it {{(pid=103501) configure /opt/stack/glance/glance/image_cache/drivers/centralized_db.py:71}}
Jun 13 04:28:38 jammy-provider-cloud-0000007199 devstack@g-api.service[103502]: INFO glance.api.middleware.cache [None req-63c9fd73-7213-41ba-81bb-74711f9e1de3 None None] Initialized image cache middleware
Jun 13 04:28:38 jammy-provider-cloud-0000007199 devstack@g-api.service[103501]: INFO glance.api.middleware.cache [None req-5ec9801a-b0bb-4141-9e7d-5ec97a3ff726 None None] Initialized image cache middleware
Jun 13 04:28:38 jammy-provider-cloud-0000007199 devstack@g-api.service[103502]: WARNING keystonemiddleware.auth_token [None req-63c9fd73-7213-41ba-81bb-74711f9e1de3 None None] AuthToken middleware is set with keystone_authtoken.service_token_roles_required set to False. This is backwards compatible but deprecated behaviour. Please set this to True.
Jun 13 04:28:38 jammy-provider-cloud-0000007199 devstack@g-api.service[103501]: WARNING keystonemiddleware.auth_token [None req-5ec9801a-b0bb-4141-9e7d-5ec97a3ff726 None None] AuthToken middleware is set with keystone_authtoken.service_token_roles_required set to False. This is backwards compatible but deprecated behaviour. Please set this to True.
Jun 13 04:28:38 jammy-provider-cloud-0000007199 devstack@g-api.service[103502]: WARNING keystonemiddleware.auth_token [None req-63c9fd73-7213-41ba-81bb-74711f9e1de3 None None] Configuring www_authenticate_uri to point to the public identity endpoint is required; clients may not be able to authenticate against an admin endpoint
Jun 13 04:28:38 jammy-provider-cloud-0000007199 devstack@g-api.service[103501]: WARNING keystonemiddleware.auth_token [None req-5ec9801a-b0bb-4141-9e7d-5ec97a3ff726 None None] Configuring www_authenticate_uri to point to the public identity endpoint is required; clients may not be able to authenticate against an admin endpoint
Jun 13 04:28:38 jammy-provider-cloud-0000007199 devstack@g-api.service[103502]: DEBUG glance.common.config [None req-63c9fd73-7213-41ba-81bb-74711f9e1de3 None None] ******************************************************************************** {{(pid=103502) log_opt_values /opt/stack/data/venv/lib/python3.10/site-packages/oslo_config/cfg.py:2600}}
Jun 13 04:28:38 jammy-provider-cloud-0000007199 devstack@g-api.service[103502]: DEBUG glance.common.config [None req-63c9fd73-7213-41ba-81bb-74711f9e1de3 None None] Configuration options gathered from: {{(pid=103502) log_opt_values /opt/stack/data/venv/lib/python3.10/site-packages/oslo_config/cfg.py:2601}}
Jun 13 04:28:38 jammy-provider-cloud-0000007199 devstack@g-api.service[103502]: DEBUG glance.common.config [None req-63c9fd73-7213-41ba-81bb-74711f9e1de3 None None] command line args: [] {{(pid=103502) log_opt_values /opt/stack/data/venv/lib/python3.10/site-packages/oslo_config/cfg.py:2602}}
Jun 13 04:28:38 jammy-provider-cloud-0000007199 devstack@g-api.service[103502]: DEBUG glance.common.config [None req-63c9fd73-7213-41ba-81bb-74711f9e1de3 None None] config files: ['/etc/glance/glance-image-import.conf', '/etc/glance/glance-api.conf'] {{(pid=103502) log_opt_values /opt/stack/data/venv/lib/python3.10/site-packages/oslo_config/cfg.py:2603}}
Jun 13 04:28:38 jammy-provider-cloud-0000007199 devstack@g-api.service[103502]: DEBUG glance.common.config [None req-63c9fd73-7213-41ba-81bb-74711f9e1de3 None None] ================================================================================ {{(pid=103502) log_opt_values /opt/stack/data/venv/lib/python3.10/site-packages/oslo_config/cfg.py:2605}}
Jun 13 04:28:38 jammy-provider-cloud-0000007199 devstack@g-api.service[103502]: DEBUG glance.common.config [None req-63c9fd73-7213-41ba-81bb-74711f9e1de3 None None] allow_anonymous_access         = False {{(pid=103502) log_opt_values /opt/stack/data/venv/lib/python3.10/site-packages/oslo_config/cfg.py:2613}}
Jun 13 04:28:38 jammy-provider-cloud-0000007199 devstack@g-api.service[103502]: DEBUG glance.common.config [None req-63c9fd73-7213-41ba-81bb-74711f9e1de3 None None] api_limit_max                  = 1000 {{(pid=103502) log_opt_values /opt/stack/data/venv/lib/python3.10/site-packages/oslo_config/cfg.py:2613}}
Jun 13 04:28:38 jammy-provider-cloud-0000007199 devstack@g-api.service[103502]: DEBUG glance.common.config [None req-63c9fd73-7213-41ba-81bb-74711f9e1de3 None None] backlog                        = 4096 {{(pid=103502) log_opt_values /opt/stack/data/venv/lib/python3.10/site-packages/oslo_config/cfg.py:2613}}
Jun 13 04:28:38 jammy-provider-cloud-0000007199 devstack@g-api.service[103502]: DEBUG glance.common.config [None req-63c9fd73-7213-41ba-81bb-74711f9e1de3 None None] bind_host                      = 0.0.0.0 {{(pid=103502) log_opt_values /opt/stack/data/venv/lib/python3.10/site-packages/oslo_config/cfg.py:2613}}
Jun 13 04:28:38 jammy-provider-cloud-0000007199 devstack@g-api.service[103502]: DEBUG glance.common.config [None req-63c9fd73-7213-41ba-81bb-74711f9e1de3 None None] bind_port                      = None {{(pid=103502) log_opt_values /opt/stack/data/venv/lib/python3.10/site-packages/oslo_config/cfg.py:2613}}
Jun 13 04:28:38 jammy-provider-cloud-0000007199 devstack@g-api.service[103502]: DEBUG glance.common.config [None req-63c9fd73-7213-41ba-81bb-74711f9e1de3 None None] client_socket_timeout          = 900 {{(pid=103502) log_opt_values /opt/stack/data/venv/lib/python3.10/site-packages/oslo_config/cfg.py:2613}}
Jun 13 04:28:38 jammy-provider-cloud-0000007199 devstack@g-api.service[103502]: DEBUG glance.common.config [None req-63c9fd73-7213-41ba-81bb-74711f9e1de3 None None] config_dir                     = [] {{(pid=103502) log_opt_values /opt/stack/data/venv/lib/python3.10/site-packages/oslo_config/cfg.py:2613}}
Jun 13 04:28:38 jammy-provider-cloud-0000007199 devstack@g-api.service[103502]: DEBUG glance.common.config [None req-63c9fd73-7213-41ba-81bb-74711f9e1de3 None None] config_file                    = ['/etc/glance/glance-image-import.conf', '/etc/glance/glance-api.conf'] {{(pid=103502) log_opt_values /opt/stack/data/venv/lib/python3.10/site-packages/oslo_config/cfg.py:2613}}
Jun 13 04:28:38 jammy-provider-cloud-0000007199 devstack@g-api.service[103502]: DEBUG glance.common.config [None req-63c9fd73-7213-41ba-81bb-74711f9e1de3 None None] config_source                  = [] {{(pid=103502) log_opt_values /opt/stack/data/venv/lib/python3.10/site-packages/oslo_config/cfg.py:2613}}
Jun 13 04:28:38 jammy-provider-cloud-0000007199 devstack@g-api.service[103502]: DEBUG glance.common.config [None req-63c9fd73-7213-41ba-81bb-74711f9e1de3 None None] control_exchange               = glance {{(pid=103502) log_opt_values /opt/stack/data/venv/lib/python3.10/site-packages/oslo_config/cfg.py:2613}}
Jun 13 04:28:38 jammy-provider-cloud-0000007199 devstack@g-api.service[103502]: DEBUG glance.common.config [None req-63c9fd73-7213-41ba-81bb-74711f9e1de3 None None] debug                          = True {{(pid=103502) log_opt_values /opt/stack/data/venv/lib/python3.10/site-packages/oslo_config/cfg.py:2613}}
Jun 13 04:28:38 jammy-provider-cloud-0000007199 devstack@g-api.service[103502]: DEBUG glance.common.config [None req-63c9fd73-7213-41ba-81bb-74711f9e1de3 None None] default_log_levels             = ['amqp=WARN', 'amqplib=WARN', 'boto=WARN', 'qpid=WARN', 'sqlalchemy=WARN', 'suds=INFO', 'oslo.messaging=INFO', 'oslo_messaging=INFO', 'iso8601=WARN', 'requests.packages.urllib3.connectionpool=WARN', 'urllib3.connectionpool=WARN', 'websocket=WARN', 'requests.packages.urllib3.util.retry=WARN', 'urllib3.util.retry=WARN', 'keystonemiddleware=WARN', 'routes.middleware=WARN', 'stevedore=WARN', 'taskflow=WARN', 'keystoneauth=WARN', 'oslo.cache=INFO', 'oslo_policy=INFO', 'dogpile.core.dogpile=INFO'] {{(pid=103502) log_opt_values /opt/stack/data/venv/lib/python3.10/site-packages/oslo_config/cfg.py:2613}}
Jun 13 04:28:38 jammy-provider-cloud-0000007199 devstack@g-api.service[103502]: DEBUG glance.common.config [None req-63c9fd73-7213-41ba-81bb-74711f9e1de3 None None] default_publisher_id           = image.localhost {{(pid=103502) log_opt_values /opt/stack/data/venv/lib/python3.10/site-packages/oslo_config/cfg.py:2613}}
Jun 13 04:28:38 jammy-provider-cloud-0000007199 devstack@g-api.service[103502]: DEBUG glance.common.config [None req-63c9fd73-7213-41ba-81bb-74711f9e1de3 None None] delayed_delete                 = False {{(pid=103502) log_opt_values /opt/stack/data/venv/lib/python3.10/site-packages/oslo_config/cfg.py:2613}}
Jun 13 04:28:38 jammy-provider-cloud-0000007199 devstack@g-api.service[103502]: DEBUG glance.common.config [None req-63c9fd73-7213-41ba-81bb-74711f9e1de3 None None] digest_algorithm               = sha256 {{(pid=103502) log_opt_values /opt/stack/data/venv/lib/python3.10/site-packages/oslo_config/cfg.py:2613}}
Jun 13 04:28:38 jammy-provider-cloud-0000007199 devstack@g-api.service[103502]: DEBUG glance.common.config [None req-63c9fd73-7213-41ba-81bb-74711f9e1de3 None None] disabled_notifications         = [] {{(pid=103502) log_opt_values /opt/stack/data/venv/lib/python3.10/site-packages/oslo_config/cfg.py:2613}}
Jun 13 04:28:38 jammy-provider-cloud-0000007199 devstack@g-api.service[103502]: DEBUG glance.common.config [None req-63c9fd73-7213-41ba-81bb-74711f9e1de3 None None] enabled_backends               = None {{(pid=103502) log_opt_values /opt/stack/data/venv/lib/python3.10/site-packages/oslo_config/cfg.py:2613}}
Jun 13 04:28:38 jammy-provider-cloud-0000007199 devstack@g-api.service[103502]: DEBUG glance.common.config [None req-63c9fd73-7213-41ba-81bb-74711f9e1de3 None None] enabled_import_methods         = ['glance-direct', 'web-download', 'copy-image'] {{(pid=103502) log_opt_values /opt/stack/data/venv/lib/python3.10/site-packages/oslo_config/cfg.py:2613}}
Jun 13 04:28:38 jammy-provider-cloud-0000007199 devstack@g-api.service[103502]: DEBUG glance.common.config [None req-63c9fd73-7213-41ba-81bb-74711f9e1de3 None None] hashing_algorithm              = sha512 {{(pid=103502) log_opt_values /opt/stack/data/venv/lib/python3.10/site-packages/oslo_config/cfg.py:2613}}
Jun 13 04:28:38 jammy-provider-cloud-0000007199 devstack@g-api.service[103502]: DEBUG glance.common.config [None req-63c9fd73-7213-41ba-81bb-74711f9e1de3 None None] http_keepalive                 = True {{(pid=103502) log_opt_values /opt/stack/data/venv/lib/python3.10/site-packages/oslo_config/cfg.py:2613}}
Jun 13 04:28:38 jammy-provider-cloud-0000007199 devstack@g-api.service[103502]: DEBUG glance.common.config [None req-63c9fd73-7213-41ba-81bb-74711f9e1de3 None None] image_cache_dir                = /opt/stack/data/glance/cache/ {{(pid=103502) log_opt_values /opt/stack/data/venv/lib/python3.10/site-packages/oslo_config/cfg.py:2613}}
Jun 13 04:28:38 jammy-provider-cloud-0000007199 devstack@g-api.service[103502]: DEBUG glance.common.config [None req-63c9fd73-7213-41ba-81bb-74711f9e1de3 None None] image_cache_driver             = centralized_db {{(pid=103502) log_opt_values /opt/stack/data/venv/lib/python3.10/site-packages/oslo_config/cfg.py:2613}}
Jun 13 04:28:38 jammy-provider-cloud-0000007199 devstack@g-api.service[103502]: DEBUG glance.common.config [None req-63c9fd73-7213-41ba-81bb-74711f9e1de3 None None] image_cache_max_size           = 10737418240 {{(pid=103502) log_opt_values /opt/stack/data/venv/lib/python3.10/site-packages/oslo_config/cfg.py:2613}}
Jun 13 04:28:38 jammy-provider-cloud-0000007199 devstack@g-api.service[103502]: DEBUG glance.common.config [None req-63c9fd73-7213-41ba-81bb-74711f9e1de3 None None] image_cache_sqlite_db          = cache.db {{(pid=103502) log_opt_values /opt/stack/data/venv/lib/python3.10/site-packages/oslo_config/cfg.py:2613}}
Jun 13 04:28:38 jammy-provider-cloud-0000007199 devstack@g-api.service[103501]: DEBUG glance.common.config [None req-5ec9801a-b0bb-4141-9e7d-5ec97a3ff726 None None] ******************************************************************************** {{(pid=103501) log_opt_values /opt/stack/data/venv/lib/python3.10/site-packages/oslo_config/cfg.py:2600}}
Jun 13 04:28:38 jammy-provider-cloud-0000007199 devstack@g-api.service[103502]: DEBUG glance.common.config [None req-63c9fd73-7213-41ba-81bb-74711f9e1de3 None None] image_cache_stall_time         = 86400 {{(pid=103502) log_opt_values /opt/stack/data/venv/lib/python3.10/site-packages/oslo_config/cfg.py:2613}}
Jun 13 04:28:38 jammy-provider-cloud-0000007199 devstack@g-api.service[103502]: DEBUG glance.common.config [None req-63c9fd73-7213-41ba-81bb-74711f9e1de3 None None] image_location_quota           = 10 {{(pid=103502) log_opt_values /opt/stack/data/venv/lib/python3.10/site-packages/oslo_config/cfg.py:2613}}
Jun 13 04:28:38 jammy-provider-cloud-0000007199 devstack@g-api.service[103502]: DEBUG glance.common.config [None req-63c9fd73-7213-41ba-81bb-74711f9e1de3 None None] image_member_quota             = 128 {{(pid=103502) log_opt_values /opt/stack/data/venv/lib/python3.10/site-packages/oslo_config/cfg.py:2613}}
Jun 13 04:28:38 jammy-provider-cloud-0000007199 devstack@g-api.service[103501]: DEBUG glance.common.config [None req-5ec9801a-b0bb-4141-9e7d-5ec97a3ff726 None None] Configuration options gathered from: {{(pid=103501) log_opt_values /opt/stack/data/venv/lib/python3.10/site-packages/oslo_config/cfg.py:2601}}
Jun 13 04:28:38 jammy-provider-cloud-0000007199 devstack@g-api.service[103502]: DEBUG glance.common.config [None req-63c9fd73-7213-41ba-81bb-74711f9e1de3 None None] image_property_quota           = 128 {{(pid=103502) log_opt_values /opt/stack/data/venv/lib/python3.10/site-packages/oslo_config/cfg.py:2613}}
Jun 13 04:28:38 jammy-provider-cloud-0000007199 devstack@g-api.service[103502]: DEBUG glance.common.config [None req-63c9fd73-7213-41ba-81bb-74711f9e1de3 None None] image_size_cap                 = 1099511627776 {{(pid=103502) log_opt_values /opt/stack/data/venv/lib/python3.10/site-packages/oslo_config/cfg.py:2613}}
Jun 13 04:28:38 jammy-provider-cloud-0000007199 devstack@g-api.service[103502]: DEBUG glance.common.config [None req-63c9fd73-7213-41ba-81bb-74711f9e1de3 None None] image_tag_quota                = 128 {{(pid=103502) log_opt_values /opt/stack/data/venv/lib/python3.10/site-packages/oslo_config/cfg.py:2613}}
Jun 13 04:28:38 jammy-provider-cloud-0000007199 devstack@g-api.service[103502]: DEBUG glance.common.config [None req-63c9fd73-7213-41ba-81bb-74711f9e1de3 None None] instance_format                = [instance: %(uuid)s]  {{(pid=103502) log_opt_values /opt/stack/data/venv/lib/python3.10/site-packages/oslo_config/cfg.py:2613}}
Jun 13 04:28:38 jammy-provider-cloud-0000007199 devstack@g-api.service[103502]: DEBUG glance.common.config [None req-63c9fd73-7213-41ba-81bb-74711f9e1de3 None None] instance_uuid_format           = [instance: %(uuid)s]  {{(pid=103502) log_opt_values /opt/stack/data/venv/lib/python3.10/site-packages/oslo_config/cfg.py:2613}}
Jun 13 04:28:38 jammy-provider-cloud-0000007199 devstack@g-api.service[103502]: DEBUG glance.common.config [None req-63c9fd73-7213-41ba-81bb-74711f9e1de3 None None] limit_param_default            = 25 {{(pid=103502) log_opt_values /opt/stack/data/venv/lib/python3.10/site-packages/oslo_config/cfg.py:2613}}
Jun 13 04:28:38 jammy-provider-cloud-0000007199 devstack@g-api.service[103501]: DEBUG glance.common.config [None req-5ec9801a-b0bb-4141-9e7d-5ec97a3ff726 None None] command line args: [] {{(pid=103501) log_opt_values /opt/stack/data/venv/lib/python3.10/site-packages/oslo_config/cfg.py:2602}}
Jun 13 04:28:38 jammy-provider-cloud-0000007199 devstack@g-api.service[103502]: DEBUG glance.common.config [None req-63c9fd73-7213-41ba-81bb-74711f9e1de3 None None] location_strategy              = location_order {{(pid=103502) log_opt_values /opt/stack/data/venv/lib/python3.10/site-packages/oslo_config/cfg.py:2613}}
Jun 13 04:28:38 jammy-provider-cloud-0000007199 devstack@g-api.service[103502]: DEBUG glance.common.config [None req-63c9fd73-7213-41ba-81bb-74711f9e1de3 None None] log_config_append              = None {{(pid=103502) log_opt_values /opt/stack/data/venv/lib/python3.10/site-packages/oslo_config/cfg.py:2613}}
Jun 13 04:28:38 jammy-provider-cloud-0000007199 devstack@g-api.service[103502]: DEBUG glance.common.config [None req-63c9fd73-7213-41ba-81bb-74711f9e1de3 None None] log_date_format                = %Y-%m-%d %H:%M:%S {{(pid=103502) log_opt_values /opt/stack/data/venv/lib/python3.10/site-packages/oslo_config/cfg.py:2613}}
Jun 13 04:28:38 jammy-provider-cloud-0000007199 devstack@g-api.service[103502]: DEBUG glance.common.config [None req-63c9fd73-7213-41ba-81bb-74711f9e1de3 None None] log_dir                        = None {{(pid=103502) log_opt_values /opt/stack/data/venv/lib/python3.10/site-packages/oslo_config/cfg.py:2613}}
Jun 13 04:28:38 jammy-provider-cloud-0000007199 devstack@g-api.service[103502]: DEBUG glance.common.config [None req-63c9fd73-7213-41ba-81bb-74711f9e1de3 None None] log_file                       = None {{(pid=103502) log_opt_values /opt/stack/data/venv/lib/python3.10/site-packages/oslo_config/cfg.py:2613}}
Jun 13 04:28:38 jammy-provider-cloud-0000007199 devstack@g-api.service[103501]: DEBUG glance.common.config [None req-5ec9801a-b0bb-4141-9e7d-5ec97a3ff726 None None] config files: ['/etc/glance/glance-image-import.conf', '/etc/glance/glance-api.conf'] {{(pid=103501) log_opt_values /opt/stack/data/venv/lib/python3.10/site-packages/oslo_config/cfg.py:2603}}
Jun 13 04:28:38 jammy-provider-cloud-0000007199 devstack@g-api.service[103502]: DEBUG glance.common.config [None req-63c9fd73-7213-41ba-81bb-74711f9e1de3 None None] log_rotate_interval            = 1 {{(pid=103502) log_opt_values /opt/stack/data/venv/lib/python3.10/site-packages/oslo_config/cfg.py:2613}}
Jun 13 04:28:38 jammy-provider-cloud-0000007199 devstack@g-api.service[103502]: DEBUG glance.common.config [None req-63c9fd73-7213-41ba-81bb-74711f9e1de3 None None] log_rotate_interval_type       = days {{(pid=103502) log_opt_values /opt/stack/data/venv/lib/python3.10/site-packages/oslo_config/cfg.py:2613}}
Jun 13 04:28:38 jammy-provider-cloud-0000007199 devstack@g-api.service[103502]: DEBUG glance.common.config [None req-63c9fd73-7213-41ba-81bb-74711f9e1de3 None None] log_rotation_type              = none {{(pid=103502) log_opt_values /opt/stack/data/venv/lib/python3.10/site-packages/oslo_config/cfg.py:2613}}
