Jun 19 09:25:29 jammy-provider-cloud-0000007252 systemd[1]: Starting Devstack devstack@g-api.service...
Jun 19 09:25:29 jammy-provider-cloud-0000007252 devstack@g-api.service[103177]: [uWSGI] getting INI configuration from /etc/glance/glance-uwsgi.ini
Jun 19 09:25:29 jammy-provider-cloud-0000007252 devstack@g-api.service[103177]: *** Starting uWSGI 2.0.20-debian (64bit) on [Wed Jun 19 09:25:29 2024] ***
Jun 19 09:25:29 jammy-provider-cloud-0000007252 devstack@g-api.service[103177]: compiled with version: 11.2.0 on 21 March 2022 11:00:44
Jun 19 09:25:29 jammy-provider-cloud-0000007252 devstack@g-api.service[103177]: os: Linux-5.15.0-107-generic #117-Ubuntu SMP Fri Apr 26 12:26:49 UTC 2024
Jun 19 09:25:29 jammy-provider-cloud-0000007252 devstack@g-api.service[103177]: nodename: jammy-provider-cloud-0000007252
Jun 19 09:25:29 jammy-provider-cloud-0000007252 devstack@g-api.service[103177]: machine: x86_64
Jun 19 09:25:29 jammy-provider-cloud-0000007252 devstack@g-api.service[103177]: clock source: unix
Jun 19 09:25:29 jammy-provider-cloud-0000007252 devstack@g-api.service[103177]: pcre jit disabled
Jun 19 09:25:29 jammy-provider-cloud-0000007252 devstack@g-api.service[103177]: detected number of CPU cores: 4
Jun 19 09:25:29 jammy-provider-cloud-0000007252 devstack@g-api.service[103177]: current working directory: /
Jun 19 09:25:29 jammy-provider-cloud-0000007252 devstack@g-api.service[103177]: detected binary path: /usr/bin/uwsgi-core
Jun 19 09:25:29 jammy-provider-cloud-0000007252 devstack@g-api.service[103177]: your processes number limit is 31298
Jun 19 09:25:29 jammy-provider-cloud-0000007252 devstack@g-api.service[103177]: your memory page size is 4096 bytes
Jun 19 09:25:29 jammy-provider-cloud-0000007252 devstack@g-api.service[103177]: detected max file descriptor number: 2048
Jun 19 09:25:29 jammy-provider-cloud-0000007252 devstack@g-api.service[103177]: lock engine: pthread robust mutexes
Jun 19 09:25:29 jammy-provider-cloud-0000007252 devstack@g-api.service[103177]: thunder lock: enabled
Jun 19 09:25:29 jammy-provider-cloud-0000007252 devstack@g-api.service[103177]: uwsgi socket 0 bound to TCP address 127.0.0.1:60999 fd 4
Jun 19 09:25:29 jammy-provider-cloud-0000007252 devstack@g-api.service[103177]: Python version: 3.10.12 (main, Nov 20 2023, 15:14:05) [GCC 11.4.0]
Jun 19 09:25:29 jammy-provider-cloud-0000007252 devstack@g-api.service[103177]: PEP 405 virtualenv detected: /opt/stack/data/venv
Jun 19 09:25:29 jammy-provider-cloud-0000007252 devstack@g-api.service[103177]: Set PythonHome to /opt/stack/data/venv
Jun 19 09:25:29 jammy-provider-cloud-0000007252 devstack@g-api.service[103177]: Python main interpreter initialized at 0x557e4ae14e00
Jun 19 09:25:29 jammy-provider-cloud-0000007252 devstack@g-api.service[103177]: python threads support enabled
Jun 19 09:25:29 jammy-provider-cloud-0000007252 devstack@g-api.service[103177]: your server socket listen backlog is limited to 100 connections
Jun 19 09:25:29 jammy-provider-cloud-0000007252 devstack@g-api.service[103177]: your mercy for graceful operations on workers is 80 seconds
Jun 19 09:25:29 jammy-provider-cloud-0000007252 devstack@g-api.service[103177]: mapped 403077 bytes (393 KB) for 2 cores
Jun 19 09:25:29 jammy-provider-cloud-0000007252 devstack@g-api.service[103177]: *** Operational MODE: preforking ***
Jun 19 09:25:29 jammy-provider-cloud-0000007252 devstack@g-api.service[103177]: *** uWSGI is running in multiple interpreter mode ***
Jun 19 09:25:29 jammy-provider-cloud-0000007252 devstack@g-api.service[103177]: spawned uWSGI master process (pid: 103177)
Jun 19 09:25:29 jammy-provider-cloud-0000007252 systemd[1]: Started Devstack devstack@g-api.service.
Jun 19 09:25:29 jammy-provider-cloud-0000007252 devstack@g-api.service[103177]: spawned uWSGI worker 1 (pid: 103178, cores: 1)
Jun 19 09:25:29 jammy-provider-cloud-0000007252 devstack@g-api.service[103177]: spawned uWSGI worker 2 (pid: 103179, cores: 1)
Jun 19 09:25:29 jammy-provider-cloud-0000007252 devstack@g-api.service[103177]: running "unix_signal:15 gracefully_kill_them_all" (master-start)...
Jun 19 09:25:29 jammy-provider-cloud-0000007252 devstack@g-api.service[103179]: INFO glance.async_ [-] Threadpool model set to 'NativeThreadPoolModel'
Jun 19 09:25:30 jammy-provider-cloud-0000007252 devstack@g-api.service[103178]: INFO glance.async_ [-] Threadpool model set to 'NativeThreadPoolModel'
Jun 19 09:25:30 jammy-provider-cloud-0000007252 devstack@g-api.service[103179]: DEBUG oslo_concurrency.processutils [-] Running cmd (subprocess): grep -F node.session.scan /sbin/iscsiadm {{(pid=103179) execute /opt/stack/data/venv/lib/python3.10/site-packages/oslo_concurrency/processutils.py:390}}
Jun 19 09:25:30 jammy-provider-cloud-0000007252 devstack@g-api.service[103179]: DEBUG oslo_concurrency.processutils [-] CMD "grep -F node.session.scan /sbin/iscsiadm" returned: 0 in 0.010s {{(pid=103179) execute /opt/stack/data/venv/lib/python3.10/site-packages/oslo_concurrency/processutils.py:428}}
Jun 19 09:25:30 jammy-provider-cloud-0000007252 devstack@g-api.service[103179]: DEBUG glance_store.common.attachment_state_manager [-] Initialising _AttachmentStateManager {{(pid=103179) __init__ /opt/stack/data/venv/lib/python3.10/site-packages/glance_store/common/attachment_state_manager.py:86}}
Jun 19 09:25:30 jammy-provider-cloud-0000007252 devstack@g-api.service[103178]: DEBUG oslo_concurrency.processutils [-] Running cmd (subprocess): grep -F node.session.scan /sbin/iscsiadm {{(pid=103178) execute /opt/stack/data/venv/lib/python3.10/site-packages/oslo_concurrency/processutils.py:390}}
Jun 19 09:25:30 jammy-provider-cloud-0000007252 devstack@g-api.service[103178]: DEBUG oslo_concurrency.processutils [-] CMD "grep -F node.session.scan /sbin/iscsiadm" returned: 0 in 0.008s {{(pid=103178) execute /opt/stack/data/venv/lib/python3.10/site-packages/oslo_concurrency/processutils.py:428}}
Jun 19 09:25:30 jammy-provider-cloud-0000007252 devstack@g-api.service[103178]: DEBUG glance_store.common.attachment_state_manager [-] Initialising _AttachmentStateManager {{(pid=103178) __init__ /opt/stack/data/venv/lib/python3.10/site-packages/glance_store/common/attachment_state_manager.py:86}}
Jun 19 09:25:30 jammy-provider-cloud-0000007252 devstack@g-api.service[103179]: DEBUG glance_store.backend [-] Attempting to import store cinder {{(pid=103179) _load_store /opt/stack/data/venv/lib/python3.10/site-packages/glance_store/backend.py:216}}
Jun 19 09:25:30 jammy-provider-cloud-0000007252 devstack@g-api.service[103179]: DEBUG glance_store.backend [-] Attempting to import store file {{(pid=103179) _load_store /opt/stack/data/venv/lib/python3.10/site-packages/glance_store/backend.py:216}}
Jun 19 09:25:30 jammy-provider-cloud-0000007252 devstack@g-api.service[103179]: DEBUG glance_store.backend [-] Attempting to import store glance.store.cinder.Store {{(pid=103179) _load_store /opt/stack/data/venv/lib/python3.10/site-packages/glance_store/backend.py:216}}
Jun 19 09:25:30 jammy-provider-cloud-0000007252 devstack@g-api.service[103179]: DEBUG glance_store.backend [-] Attempting to import store glance.store.filesystem.Store {{(pid=103179) _load_store /opt/stack/data/venv/lib/python3.10/site-packages/glance_store/backend.py:216}}
Jun 19 09:25:30 jammy-provider-cloud-0000007252 devstack@g-api.service[103179]: DEBUG glance_store.backend [-] Attempting to import store glance.store.http.Store {{(pid=103179) _load_store /opt/stack/data/venv/lib/python3.10/site-packages/glance_store/backend.py:216}}
Jun 19 09:25:30 jammy-provider-cloud-0000007252 devstack@g-api.service[103179]: DEBUG glance_store.backend [-] Attempting to import store glance.store.rbd.Store {{(pid=103179) _load_store /opt/stack/data/venv/lib/python3.10/site-packages/glance_store/backend.py:216}}
Jun 19 09:25:30 jammy-provider-cloud-0000007252 devstack@g-api.service[103179]: DEBUG glance_store.backend [-] Attempting to import store glance.store.s3.Store {{(pid=103179) _load_store /opt/stack/data/venv/lib/python3.10/site-packages/glance_store/backend.py:216}}
Jun 19 09:25:30 jammy-provider-cloud-0000007252 devstack@g-api.service[103179]: DEBUG glance_store.backend [-] Attempting to import store glance.store.swift.Store {{(pid=103179) _load_store /opt/stack/data/venv/lib/python3.10/site-packages/glance_store/backend.py:216}}
Jun 19 09:25:30 jammy-provider-cloud-0000007252 devstack@g-api.service[103179]: DEBUG glance_store.backend [-] Attempting to import store glance.store.vmware_datastore.Store {{(pid=103179) _load_store /opt/stack/data/venv/lib/python3.10/site-packages/glance_store/backend.py:216}}
Jun 19 09:25:30 jammy-provider-cloud-0000007252 devstack@g-api.service[103179]: DEBUG glance_store.backend [-] Attempting to import store http {{(pid=103179) _load_store /opt/stack/data/venv/lib/python3.10/site-packages/glance_store/backend.py:216}}
Jun 19 09:25:30 jammy-provider-cloud-0000007252 devstack@g-api.service[103179]: DEBUG glance_store.backend [-] Attempting to import store no_conf {{(pid=103179) _load_store /opt/stack/data/venv/lib/python3.10/site-packages/glance_store/backend.py:216}}
Jun 19 09:25:30 jammy-provider-cloud-0000007252 devstack@g-api.service[103179]: DEBUG glance_store.backend [-] Attempting to import store rbd {{(pid=103179) _load_store /opt/stack/data/venv/lib/python3.10/site-packages/glance_store/backend.py:216}}
Jun 19 09:25:30 jammy-provider-cloud-0000007252 devstack@g-api.service[103179]: DEBUG glance_store.backend [-] Attempting to import store s3 {{(pid=103179) _load_store /opt/stack/data/venv/lib/python3.10/site-packages/glance_store/backend.py:216}}
Jun 19 09:25:30 jammy-provider-cloud-0000007252 devstack@g-api.service[103179]: DEBUG glance_store.backend [-] Attempting to import store swift {{(pid=103179) _load_store /opt/stack/data/venv/lib/python3.10/site-packages/glance_store/backend.py:216}}
Jun 19 09:25:30 jammy-provider-cloud-0000007252 devstack@g-api.service[103179]: DEBUG glance_store.backend [-] Attempting to import store vmware {{(pid=103179) _load_store /opt/stack/data/venv/lib/python3.10/site-packages/glance_store/backend.py:216}}
Jun 19 09:25:30 jammy-provider-cloud-0000007252 devstack@g-api.service[103179]: DEBUG glance_store.backend [-] Registering options for group glance_store {{(pid=103179) register_opts /opt/stack/data/venv/lib/python3.10/site-packages/glance_store/backend.py:145}}
Jun 19 09:25:30 jammy-provider-cloud-0000007252 devstack@g-api.service[103179]: DEBUG glance_store.backend [-] Registering options for group glance_store {{(pid=103179) register_opts /opt/stack/data/venv/lib/python3.10/site-packages/glance_store/backend.py:145}}
Jun 19 09:25:30 jammy-provider-cloud-0000007252 devstack@g-api.service[103179]: DEBUG glance_store.backend [-] Attempting to import store http {{(pid=103179) _load_store /opt/stack/data/venv/lib/python3.10/site-packages/glance_store/backend.py:216}}
Jun 19 09:25:30 jammy-provider-cloud-0000007252 devstack@g-api.service[103179]: DEBUG glance_store.capabilities [-] Store glance_store._drivers.http.Store doesn't support updating dynamic storage capabilities. Please overwrite 'update_capabilities' method of the store to implement updating logics if needed. {{(pid=103179) update_capabilities /opt/stack/data/venv/lib/python3.10/site-packages/glance_store/capabilities.py:91}}
Jun 19 09:25:30 jammy-provider-cloud-0000007252 devstack@g-api.service[103179]: DEBUG glance_store.backend [-] Registering store http with schemes ('http', 'https') {{(pid=103179) create_stores /opt/stack/data/venv/lib/python3.10/site-packages/glance_store/backend.py:262}}
Jun 19 09:25:30 jammy-provider-cloud-0000007252 devstack@g-api.service[103179]: DEBUG glance_store.driver [-] Late loading location class glance_store._drivers.http.StoreLocation {{(pid=103179) get_store_location_class /opt/stack/data/venv/lib/python3.10/site-packages/glance_store/driver.py:133}}
Jun 19 09:25:30 jammy-provider-cloud-0000007252 devstack@g-api.service[103179]: DEBUG glance_store.location [-] Registering scheme http with {'store': <glance_store._drivers.http.Store object at 0x7ff73527ceb0>, 'location_class': <class 'glance_store._drivers.http.StoreLocation'>, 'store_entry': 'http'} {{(pid=103179) register_scheme_map /opt/stack/data/venv/lib/python3.10/site-packages/glance_store/location.py:146}}
Jun 19 09:25:30 jammy-provider-cloud-0000007252 devstack@g-api.service[103179]: DEBUG glance_store.location [-] Registering scheme https with {'store': <glance_store._drivers.http.Store object at 0x7ff73527ceb0>, 'location_class': <class 'glance_store._drivers.http.StoreLocation'>, 'store_entry': 'http'} {{(pid=103179) register_scheme_map /opt/stack/data/venv/lib/python3.10/site-packages/glance_store/location.py:146}}
Jun 19 09:25:30 jammy-provider-cloud-0000007252 devstack@g-api.service[103179]: DEBUG glance_store.backend [-] Attempting to import store file {{(pid=103179) _load_store /opt/stack/data/venv/lib/python3.10/site-packages/glance_store/backend.py:216}}
Jun 19 09:25:30 jammy-provider-cloud-0000007252 devstack@g-api.service[103179]: DEBUG glance_store.capabilities [-] Store glance_store._drivers.filesystem.Store doesn't support updating dynamic storage capabilities. Please overwrite 'update_capabilities' method of the store to implement updating logics if needed. {{(pid=103179) update_capabilities /opt/stack/data/venv/lib/python3.10/site-packages/glance_store/capabilities.py:91}}
Jun 19 09:25:30 jammy-provider-cloud-0000007252 devstack@g-api.service[103179]: DEBUG glance_store.backend [-] Registering store file with schemes ('file', 'filesystem') {{(pid=103179) create_stores /opt/stack/data/venv/lib/python3.10/site-packages/glance_store/backend.py:262}}
Jun 19 09:25:30 jammy-provider-cloud-0000007252 devstack@g-api.service[103179]: DEBUG glance_store.driver [-] Late loading location class glance_store._drivers.filesystem.StoreLocation {{(pid=103179) get_store_location_class /opt/stack/data/venv/lib/python3.10/site-packages/glance_store/driver.py:133}}
Jun 19 09:25:30 jammy-provider-cloud-0000007252 devstack@g-api.service[103179]: DEBUG glance_store.location [-] Registering scheme file with {'store': <glance_store._drivers.filesystem.Store object at 0x7ff73527c310>, 'location_class': <class 'glance_store._drivers.filesystem.StoreLocation'>, 'store_entry': 'file'} {{(pid=103179) register_scheme_map /opt/stack/data/venv/lib/python3.10/site-packages/glance_store/location.py:146}}
Jun 19 09:25:30 jammy-provider-cloud-0000007252 devstack@g-api.service[103179]: DEBUG glance_store.location [-] Registering scheme filesystem with {'store': <glance_store._drivers.filesystem.Store object at 0x7ff73527c310>, 'location_class': <class 'glance_store._drivers.filesystem.StoreLocation'>, 'store_entry': 'file'} {{(pid=103179) register_scheme_map /opt/stack/data/venv/lib/python3.10/site-packages/glance_store/location.py:146}}
Jun 19 09:25:30 jammy-provider-cloud-0000007252 devstack@g-api.service[103179]: DEBUG glance.sqlite_migration [-] SQLite caching database not located, skipping migration {{(pid=103179) get_db_path /opt/stack/glance/glance/sqlite_migration.py:68}}
Jun 19 09:25:30 jammy-provider-cloud-0000007252 devstack@g-api.service[103179]: WARNING glance.common.wsgi_app [-] Import methods are enabled but staging directory /tmp/staging/ does not exist; Imports will fail!
Jun 19 09:25:30 jammy-provider-cloud-0000007252 devstack@g-api.service[103178]: DEBUG glance_store.backend [-] Attempting to import store cinder {{(pid=103178) _load_store /opt/stack/data/venv/lib/python3.10/site-packages/glance_store/backend.py:216}}
Jun 19 09:25:30 jammy-provider-cloud-0000007252 devstack@g-api.service[103178]: DEBUG glance_store.backend [-] Attempting to import store file {{(pid=103178) _load_store /opt/stack/data/venv/lib/python3.10/site-packages/glance_store/backend.py:216}}
Jun 19 09:25:30 jammy-provider-cloud-0000007252 devstack@g-api.service[103178]: DEBUG glance_store.backend [-] Attempting to import store glance.store.cinder.Store {{(pid=103178) _load_store /opt/stack/data/venv/lib/python3.10/site-packages/glance_store/backend.py:216}}
Jun 19 09:25:30 jammy-provider-cloud-0000007252 devstack@g-api.service[103178]: DEBUG glance_store.backend [-] Attempting to import store glance.store.filesystem.Store {{(pid=103178) _load_store /opt/stack/data/venv/lib/python3.10/site-packages/glance_store/backend.py:216}}
Jun 19 09:25:30 jammy-provider-cloud-0000007252 devstack@g-api.service[103178]: DEBUG glance_store.backend [-] Attempting to import store glance.store.http.Store {{(pid=103178) _load_store /opt/stack/data/venv/lib/python3.10/site-packages/glance_store/backend.py:216}}
Jun 19 09:25:30 jammy-provider-cloud-0000007252 devstack@g-api.service[103178]: DEBUG glance_store.backend [-] Attempting to import store glance.store.rbd.Store {{(pid=103178) _load_store /opt/stack/data/venv/lib/python3.10/site-packages/glance_store/backend.py:216}}
Jun 19 09:25:30 jammy-provider-cloud-0000007252 devstack@g-api.service[103178]: DEBUG glance_store.backend [-] Attempting to import store glance.store.s3.Store {{(pid=103178) _load_store /opt/stack/data/venv/lib/python3.10/site-packages/glance_store/backend.py:216}}
Jun 19 09:25:30 jammy-provider-cloud-0000007252 devstack@g-api.service[103178]: DEBUG glance_store.backend [-] Attempting to import store glance.store.swift.Store {{(pid=103178) _load_store /opt/stack/data/venv/lib/python3.10/site-packages/glance_store/backend.py:216}}
Jun 19 09:25:30 jammy-provider-cloud-0000007252 devstack@g-api.service[103178]: DEBUG glance_store.backend [-] Attempting to import store glance.store.vmware_datastore.Store {{(pid=103178) _load_store /opt/stack/data/venv/lib/python3.10/site-packages/glance_store/backend.py:216}}
Jun 19 09:25:30 jammy-provider-cloud-0000007252 devstack@g-api.service[103178]: DEBUG glance_store.backend [-] Attempting to import store http {{(pid=103178) _load_store /opt/stack/data/venv/lib/python3.10/site-packages/glance_store/backend.py:216}}
Jun 19 09:25:30 jammy-provider-cloud-0000007252 devstack@g-api.service[103178]: DEBUG glance_store.backend [-] Attempting to import store no_conf {{(pid=103178) _load_store /opt/stack/data/venv/lib/python3.10/site-packages/glance_store/backend.py:216}}
Jun 19 09:25:30 jammy-provider-cloud-0000007252 devstack@g-api.service[103178]: DEBUG glance_store.backend [-] Attempting to import store rbd {{(pid=103178) _load_store /opt/stack/data/venv/lib/python3.10/site-packages/glance_store/backend.py:216}}
Jun 19 09:25:30 jammy-provider-cloud-0000007252 devstack@g-api.service[103178]: DEBUG glance_store.backend [-] Attempting to import store s3 {{(pid=103178) _load_store /opt/stack/data/venv/lib/python3.10/site-packages/glance_store/backend.py:216}}
Jun 19 09:25:30 jammy-provider-cloud-0000007252 devstack@g-api.service[103178]: DEBUG glance_store.backend [-] Attempting to import store swift {{(pid=103178) _load_store /opt/stack/data/venv/lib/python3.10/site-packages/glance_store/backend.py:216}}
Jun 19 09:25:30 jammy-provider-cloud-0000007252 devstack@g-api.service[103178]: DEBUG glance_store.backend [-] Attempting to import store vmware {{(pid=103178) _load_store /opt/stack/data/venv/lib/python3.10/site-packages/glance_store/backend.py:216}}
Jun 19 09:25:30 jammy-provider-cloud-0000007252 devstack@g-api.service[103178]: DEBUG glance_store.backend [-] Registering options for group glance_store {{(pid=103178) register_opts /opt/stack/data/venv/lib/python3.10/site-packages/glance_store/backend.py:145}}
Jun 19 09:25:30 jammy-provider-cloud-0000007252 devstack@g-api.service[103178]: DEBUG glance_store.backend [-] Registering options for group glance_store {{(pid=103178) register_opts /opt/stack/data/venv/lib/python3.10/site-packages/glance_store/backend.py:145}}
Jun 19 09:25:30 jammy-provider-cloud-0000007252 devstack@g-api.service[103178]: DEBUG glance_store.backend [-] Attempting to import store http {{(pid=103178) _load_store /opt/stack/data/venv/lib/python3.10/site-packages/glance_store/backend.py:216}}
Jun 19 09:25:30 jammy-provider-cloud-0000007252 devstack@g-api.service[103178]: DEBUG glance_store.capabilities [-] Store glance_store._drivers.http.Store doesn't support updating dynamic storage capabilities. Please overwrite 'update_capabilities' method of the store to implement updating logics if needed. {{(pid=103178) update_capabilities /opt/stack/data/venv/lib/python3.10/site-packages/glance_store/capabilities.py:91}}
Jun 19 09:25:30 jammy-provider-cloud-0000007252 devstack@g-api.service[103178]: DEBUG glance_store.backend [-] Registering store http with schemes ('http', 'https') {{(pid=103178) create_stores /opt/stack/data/venv/lib/python3.10/site-packages/glance_store/backend.py:262}}
Jun 19 09:25:30 jammy-provider-cloud-0000007252 devstack@g-api.service[103178]: DEBUG glance_store.driver [-] Late loading location class glance_store._drivers.http.StoreLocation {{(pid=103178) get_store_location_class /opt/stack/data/venv/lib/python3.10/site-packages/glance_store/driver.py:133}}
Jun 19 09:25:30 jammy-provider-cloud-0000007252 devstack@g-api.service[103178]: DEBUG glance_store.location [-] Registering scheme http with {'store': <glance_store._drivers.http.Store object at 0x7ff73527f790>, 'location_class': <class 'glance_store._drivers.http.StoreLocation'>, 'store_entry': 'http'} {{(pid=103178) register_scheme_map /opt/stack/data/venv/lib/python3.10/site-packages/glance_store/location.py:146}}
Jun 19 09:25:30 jammy-provider-cloud-0000007252 devstack@g-api.service[103178]: DEBUG glance_store.location [-] Registering scheme https with {'store': <glance_store._drivers.http.Store object at 0x7ff73527f790>, 'location_class': <class 'glance_store._drivers.http.StoreLocation'>, 'store_entry': 'http'} {{(pid=103178) register_scheme_map /opt/stack/data/venv/lib/python3.10/site-packages/glance_store/location.py:146}}
Jun 19 09:25:30 jammy-provider-cloud-0000007252 devstack@g-api.service[103178]: DEBUG glance_store.backend [-] Attempting to import store file {{(pid=103178) _load_store /opt/stack/data/venv/lib/python3.10/site-packages/glance_store/backend.py:216}}
Jun 19 09:25:30 jammy-provider-cloud-0000007252 devstack@g-api.service[103178]: DEBUG glance_store.capabilities [-] Store glance_store._drivers.filesystem.Store doesn't support updating dynamic storage capabilities. Please overwrite 'update_capabilities' method of the store to implement updating logics if needed. {{(pid=103178) update_capabilities /opt/stack/data/venv/lib/python3.10/site-packages/glance_store/capabilities.py:91}}
Jun 19 09:25:30 jammy-provider-cloud-0000007252 devstack@g-api.service[103178]: DEBUG glance_store.backend [-] Registering store file with schemes ('file', 'filesystem') {{(pid=103178) create_stores /opt/stack/data/venv/lib/python3.10/site-packages/glance_store/backend.py:262}}
Jun 19 09:25:30 jammy-provider-cloud-0000007252 devstack@g-api.service[103178]: DEBUG glance_store.driver [-] Late loading location class glance_store._drivers.filesystem.StoreLocation {{(pid=103178) get_store_location_class /opt/stack/data/venv/lib/python3.10/site-packages/glance_store/driver.py:133}}
Jun 19 09:25:30 jammy-provider-cloud-0000007252 devstack@g-api.service[103178]: DEBUG glance_store.location [-] Registering scheme file with {'store': <glance_store._drivers.filesystem.Store object at 0x7ff73527e560>, 'location_class': <class 'glance_store._drivers.filesystem.StoreLocation'>, 'store_entry': 'file'} {{(pid=103178) register_scheme_map /opt/stack/data/venv/lib/python3.10/site-packages/glance_store/location.py:146}}
Jun 19 09:25:30 jammy-provider-cloud-0000007252 devstack@g-api.service[103178]: DEBUG glance_store.location [-] Registering scheme filesystem with {'store': <glance_store._drivers.filesystem.Store object at 0x7ff73527e560>, 'location_class': <class 'glance_store._drivers.filesystem.StoreLocation'>, 'store_entry': 'file'} {{(pid=103178) register_scheme_map /opt/stack/data/venv/lib/python3.10/site-packages/glance_store/location.py:146}}
Jun 19 09:25:30 jammy-provider-cloud-0000007252 devstack@g-api.service[103178]: DEBUG glance.sqlite_migration [-] SQLite caching database not located, skipping migration {{(pid=103178) get_db_path /opt/stack/glance/glance/sqlite_migration.py:68}}
Jun 19 09:25:30 jammy-provider-cloud-0000007252 devstack@g-api.service[103178]: WARNING glance.common.wsgi_app [-] Import methods are enabled but staging directory /tmp/staging/ does not exist; Imports will fail!
Jun 19 09:25:30 jammy-provider-cloud-0000007252 devstack@g-api.service[103179]: DEBUG glance.common.config [None req-1925c0e3-e056-4d8c-a187-a053a599d665 None None] Loading glance-api-keystone+cachemanagement from /etc/glance/glance-api-paste.ini {{(pid=103179) load_paste_app /opt/stack/glance/glance/common/config.py:700}}
Jun 19 09:25:30 jammy-provider-cloud-0000007252 devstack@g-api.service[103178]: DEBUG glance.common.config [None req-4a9d40f2-4cf9-4c56-8a5c-694eb3969db3 None None] Loading glance-api-keystone+cachemanagement from /etc/glance/glance-api-paste.ini {{(pid=103178) load_paste_app /opt/stack/glance/glance/common/config.py:700}}
Jun 19 09:25:31 jammy-provider-cloud-0000007252 devstack@g-api.service[103179]: INFO glance.image_cache [None req-1925c0e3-e056-4d8c-a187-a053a599d665 None None] Image cache loaded driver 'centralized_db'.
Jun 19 09:25:31 jammy-provider-cloud-0000007252 devstack@g-api.service[103178]: INFO glance.image_cache [None req-4a9d40f2-4cf9-4c56-8a5c-694eb3969db3 None None] Image cache loaded driver 'centralized_db'.
Jun 19 09:25:31 jammy-provider-cloud-0000007252 devstack@g-api.service[103179]: INFO dbcounter [None req-1925c0e3-e056-4d8c-a187-a053a599d665 None None] Registered counter for database glance
Jun 19 09:25:31 jammy-provider-cloud-0000007252 devstack@g-api.service[103179]: DEBUG oslo_db.sqlalchemy.engines [None req-1925c0e3-e056-4d8c-a187-a053a599d665 None None] MySQL server mode set to STRICT_TRANS_TABLES,STRICT_ALL_TABLES,NO_ZERO_IN_DATE,NO_ZERO_DATE,ERROR_FOR_DIVISION_BY_ZERO,TRADITIONAL,NO_ENGINE_SUBSTITUTION {{(pid=103179) _check_effective_sql_mode /opt/stack/data/venv/lib/python3.10/site-packages/oslo_db/sqlalchemy/engines.py:342}}
Jun 19 09:25:31 jammy-provider-cloud-0000007252 devstack@g-api.service[103178]: INFO dbcounter [None req-4a9d40f2-4cf9-4c56-8a5c-694eb3969db3 None None] Registered counter for database glance
Jun 19 09:25:31 jammy-provider-cloud-0000007252 devstack@g-api.service[103179]: DEBUG dbcounter [-] [103179] Writer thread running {{(pid=103179) stat_writer /opt/stack/data/venv/lib/python3.10/site-packages/dbcounter.py:102}}
Jun 19 09:25:31 jammy-provider-cloud-0000007252 devstack@g-api.service[103178]: DEBUG oslo_db.sqlalchemy.engines [None req-4a9d40f2-4cf9-4c56-8a5c-694eb3969db3 None None] MySQL server mode set to STRICT_TRANS_TABLES,STRICT_ALL_TABLES,NO_ZERO_IN_DATE,NO_ZERO_DATE,ERROR_FOR_DIVISION_BY_ZERO,TRADITIONAL,NO_ENGINE_SUBSTITUTION {{(pid=103178) _check_effective_sql_mode /opt/stack/data/venv/lib/python3.10/site-packages/oslo_db/sqlalchemy/engines.py:342}}
Jun 19 09:25:31 jammy-provider-cloud-0000007252 devstack@g-api.service[103179]: INFO glance.image_cache [None req-1925c0e3-e056-4d8c-a187-a053a599d665 None None] Image cache loaded driver 'centralized_db'.
Jun 19 09:25:31 jammy-provider-cloud-0000007252 devstack@g-api.service[103179]: DEBUG glance.image_cache.drivers.centralized_db [None req-1925c0e3-e056-4d8c-a187-a053a599d665 None None] Node reference is already recorded, ignoring it {{(pid=103179) configure /opt/stack/glance/glance/image_cache/drivers/centralized_db.py:71}}
Jun 19 09:25:31 jammy-provider-cloud-0000007252 devstack@g-api.service[103178]: DEBUG dbcounter [-] [103178] Writer thread running {{(pid=103178) stat_writer /opt/stack/data/venv/lib/python3.10/site-packages/dbcounter.py:102}}
Jun 19 09:25:31 jammy-provider-cloud-0000007252 devstack@g-api.service[103179]: DEBUG glance.api.v2.cached_images [None req-1925c0e3-e056-4d8c-a187-a053a599d665 None None] Started cache worker thread {{(pid=103179) __init__ /opt/stack/glance/glance/api/v2/cached_images.py:69}}
Jun 19 09:25:31 jammy-provider-cloud-0000007252 devstack@g-api.service[103179]: INFO glance.image_cache [None req-1925c0e3-e056-4d8c-a187-a053a599d665 None None] Image cache loaded driver 'centralized_db'.
Jun 19 09:25:31 jammy-provider-cloud-0000007252 devstack@g-api.service[103178]: DEBUG glance.image_cache.drivers.centralized_db [None req-4a9d40f2-4cf9-4c56-8a5c-694eb3969db3 None None] Node reference is already recorded, ignoring it {{(pid=103178) configure /opt/stack/glance/glance/image_cache/drivers/centralized_db.py:71}}
Jun 19 09:25:31 jammy-provider-cloud-0000007252 devstack@g-api.service[103179]: DEBUG glance.image_cache.drivers.centralized_db [None req-1925c0e3-e056-4d8c-a187-a053a599d665 None None] Node reference is already recorded, ignoring it {{(pid=103179) configure /opt/stack/glance/glance/image_cache/drivers/centralized_db.py:71}}
Jun 19 09:25:31 jammy-provider-cloud-0000007252 devstack@g-api.service[103178]: INFO glance.image_cache [None req-4a9d40f2-4cf9-4c56-8a5c-694eb3969db3 None None] Image cache loaded driver 'centralized_db'.
Jun 19 09:25:31 jammy-provider-cloud-0000007252 devstack@g-api.service[103179]: INFO glance.api.middleware.cache_manage [None req-1925c0e3-e056-4d8c-a187-a053a599d665 None None] Initialized image cache management middleware
Jun 19 09:25:31 jammy-provider-cloud-0000007252 devstack@g-api.service[103179]: INFO glance.image_cache [None req-1925c0e3-e056-4d8c-a187-a053a599d665 None None] Image cache loaded driver 'centralized_db'.
Jun 19 09:25:31 jammy-provider-cloud-0000007252 devstack@g-api.service[103178]: DEBUG glance.image_cache.drivers.centralized_db [None req-4a9d40f2-4cf9-4c56-8a5c-694eb3969db3 None None] Node reference is already recorded, ignoring it {{(pid=103178) configure /opt/stack/glance/glance/image_cache/drivers/centralized_db.py:71}}
Jun 19 09:25:31 jammy-provider-cloud-0000007252 devstack@g-api.service[103178]: DEBUG glance.api.v2.cached_images [None req-4a9d40f2-4cf9-4c56-8a5c-694eb3969db3 None None] Started cache worker thread {{(pid=103178) __init__ /opt/stack/glance/glance/api/v2/cached_images.py:69}}
Jun 19 09:25:31 jammy-provider-cloud-0000007252 devstack@g-api.service[103178]: INFO glance.image_cache [None req-4a9d40f2-4cf9-4c56-8a5c-694eb3969db3 None None] Image cache loaded driver 'centralized_db'.
Jun 19 09:25:31 jammy-provider-cloud-0000007252 devstack@g-api.service[103179]: DEBUG glance.image_cache.drivers.centralized_db [None req-1925c0e3-e056-4d8c-a187-a053a599d665 None None] Node reference is already recorded, ignoring it {{(pid=103179) configure /opt/stack/glance/glance/image_cache/drivers/centralized_db.py:71}}
Jun 19 09:25:31 jammy-provider-cloud-0000007252 devstack@g-api.service[103178]: DEBUG glance.image_cache.drivers.centralized_db [None req-4a9d40f2-4cf9-4c56-8a5c-694eb3969db3 None None] Node reference is already recorded, ignoring it {{(pid=103178) configure /opt/stack/glance/glance/image_cache/drivers/centralized_db.py:71}}
Jun 19 09:25:31 jammy-provider-cloud-0000007252 devstack@g-api.service[103179]: INFO glance.api.middleware.cache [None req-1925c0e3-e056-4d8c-a187-a053a599d665 None None] Initialized image cache middleware
Jun 19 09:25:31 jammy-provider-cloud-0000007252 devstack@g-api.service[103178]: INFO glance.api.middleware.cache_manage [None req-4a9d40f2-4cf9-4c56-8a5c-694eb3969db3 None None] Initialized image cache management middleware
Jun 19 09:25:31 jammy-provider-cloud-0000007252 devstack@g-api.service[103178]: INFO glance.image_cache [None req-4a9d40f2-4cf9-4c56-8a5c-694eb3969db3 None None] Image cache loaded driver 'centralized_db'.
Jun 19 09:25:31 jammy-provider-cloud-0000007252 devstack@g-api.service[103179]: WARNING keystonemiddleware.auth_token [None req-1925c0e3-e056-4d8c-a187-a053a599d665 None None] AuthToken middleware is set with keystone_authtoken.service_token_roles_required set to False. This is backwards compatible but deprecated behaviour. Please set this to True.
Jun 19 09:25:31 jammy-provider-cloud-0000007252 devstack@g-api.service[103178]: DEBUG glance.image_cache.drivers.centralized_db [None req-4a9d40f2-4cf9-4c56-8a5c-694eb3969db3 None None] Node reference is already recorded, ignoring it {{(pid=103178) configure /opt/stack/glance/glance/image_cache/drivers/centralized_db.py:71}}
Jun 19 09:25:31 jammy-provider-cloud-0000007252 devstack@g-api.service[103179]: WARNING keystonemiddleware.auth_token [None req-1925c0e3-e056-4d8c-a187-a053a599d665 None None] Configuring www_authenticate_uri to point to the public identity endpoint is required; clients may not be able to authenticate against an admin endpoint
Jun 19 09:25:31 jammy-provider-cloud-0000007252 devstack@g-api.service[103179]: DEBUG glance.common.config [None req-1925c0e3-e056-4d8c-a187-a053a599d665 None None] ******************************************************************************** {{(pid=103179) log_opt_values /opt/stack/data/venv/lib/python3.10/site-packages/oslo_config/cfg.py:2600}}
Jun 19 09:25:31 jammy-provider-cloud-0000007252 devstack@g-api.service[103179]: DEBUG glance.common.config [None req-1925c0e3-e056-4d8c-a187-a053a599d665 None None] Configuration options gathered from: {{(pid=103179) log_opt_values /opt/stack/data/venv/lib/python3.10/site-packages/oslo_config/cfg.py:2601}}
Jun 19 09:25:31 jammy-provider-cloud-0000007252 devstack@g-api.service[103179]: DEBUG glance.common.config [None req-1925c0e3-e056-4d8c-a187-a053a599d665 None None] command line args: [] {{(pid=103179) log_opt_values /opt/stack/data/venv/lib/python3.10/site-packages/oslo_config/cfg.py:2602}}
Jun 19 09:25:31 jammy-provider-cloud-0000007252 devstack@g-api.service[103179]: DEBUG glance.common.config [None req-1925c0e3-e056-4d8c-a187-a053a599d665 None None] config files: ['/etc/glance/glance-image-import.conf', '/etc/glance/glance-api.conf'] {{(pid=103179) log_opt_values /opt/stack/data/venv/lib/python3.10/site-packages/oslo_config/cfg.py:2603}}
Jun 19 09:25:31 jammy-provider-cloud-0000007252 devstack@g-api.service[103179]: DEBUG glance.common.config [None req-1925c0e3-e056-4d8c-a187-a053a599d665 None None] ================================================================================ {{(pid=103179) log_opt_values /opt/stack/data/venv/lib/python3.10/site-packages/oslo_config/cfg.py:2605}}
Jun 19 09:25:31 jammy-provider-cloud-0000007252 devstack@g-api.service[103179]: DEBUG glance.common.config [None req-1925c0e3-e056-4d8c-a187-a053a599d665 None None] allow_anonymous_access         = False {{(pid=103179) log_opt_values /opt/stack/data/venv/lib/python3.10/site-packages/oslo_config/cfg.py:2613}}
Jun 19 09:25:31 jammy-provider-cloud-0000007252 devstack@g-api.service[103178]: INFO glance.api.middleware.cache [None req-4a9d40f2-4cf9-4c56-8a5c-694eb3969db3 None None] Initialized image cache middleware
Jun 19 09:25:31 jammy-provider-cloud-0000007252 devstack@g-api.service[103179]: DEBUG glance.common.config [None req-1925c0e3-e056-4d8c-a187-a053a599d665 None None] api_limit_max                  = 1000 {{(pid=103179) log_opt_values /opt/stack/data/venv/lib/python3.10/site-packages/oslo_config/cfg.py:2613}}
Jun 19 09:25:31 jammy-provider-cloud-0000007252 devstack@g-api.service[103179]: DEBUG glance.common.config [None req-1925c0e3-e056-4d8c-a187-a053a599d665 None None] backlog                        = 4096 {{(pid=103179) log_opt_values /opt/stack/data/venv/lib/python3.10/site-packages/oslo_config/cfg.py:2613}}
Jun 19 09:25:31 jammy-provider-cloud-0000007252 devstack@g-api.service[103179]: DEBUG glance.common.config [None req-1925c0e3-e056-4d8c-a187-a053a599d665 None None] bind_host                      = 0.0.0.0 {{(pid=103179) log_opt_values /opt/stack/data/venv/lib/python3.10/site-packages/oslo_config/cfg.py:2613}}
Jun 19 09:25:31 jammy-provider-cloud-0000007252 devstack@g-api.service[103179]: DEBUG glance.common.config [None req-1925c0e3-e056-4d8c-a187-a053a599d665 None None] bind_port                      = None {{(pid=103179) log_opt_values /opt/stack/data/venv/lib/python3.10/site-packages/oslo_config/cfg.py:2613}}
Jun 19 09:25:31 jammy-provider-cloud-0000007252 devstack@g-api.service[103179]: DEBUG glance.common.config [None req-1925c0e3-e056-4d8c-a187-a053a599d665 None None] client_socket_timeout          = 900 {{(pid=103179) log_opt_values /opt/stack/data/venv/lib/python3.10/site-packages/oslo_config/cfg.py:2613}}
Jun 19 09:25:31 jammy-provider-cloud-0000007252 devstack@g-api.service[103179]: DEBUG glance.common.config [None req-1925c0e3-e056-4d8c-a187-a053a599d665 None None] config_dir                     = [] {{(pid=103179) log_opt_values /opt/stack/data/venv/lib/python3.10/site-packages/oslo_config/cfg.py:2613}}
Jun 19 09:25:31 jammy-provider-cloud-0000007252 devstack@g-api.service[103179]: DEBUG glance.common.config [None req-1925c0e3-e056-4d8c-a187-a053a599d665 None None] config_file                    = ['/etc/glance/glance-image-import.conf', '/etc/glance/glance-api.conf'] {{(pid=103179) log_opt_values /opt/stack/data/venv/lib/python3.10/site-packages/oslo_config/cfg.py:2613}}
Jun 19 09:25:31 jammy-provider-cloud-0000007252 devstack@g-api.service[103179]: DEBUG glance.common.config [None req-1925c0e3-e056-4d8c-a187-a053a599d665 None None] config_source                  = [] {{(pid=103179) log_opt_values /opt/stack/data/venv/lib/python3.10/site-packages/oslo_config/cfg.py:2613}}
Jun 19 09:25:31 jammy-provider-cloud-0000007252 devstack@g-api.service[103179]: DEBUG glance.common.config [None req-1925c0e3-e056-4d8c-a187-a053a599d665 None None] control_exchange               = glance {{(pid=103179) log_opt_values /opt/stack/data/venv/lib/python3.10/site-packages/oslo_config/cfg.py:2613}}
Jun 19 09:25:31 jammy-provider-cloud-0000007252 devstack@g-api.service[103179]: DEBUG glance.common.config [None req-1925c0e3-e056-4d8c-a187-a053a599d665 None None] debug                          = True {{(pid=103179) log_opt_values /opt/stack/data/venv/lib/python3.10/site-packages/oslo_config/cfg.py:2613}}
Jun 19 09:25:31 jammy-provider-cloud-0000007252 devstack@g-api.service[103179]: DEBUG glance.common.config [None req-1925c0e3-e056-4d8c-a187-a053a599d665 None None] default_log_levels             = ['amqp=WARN', 'amqplib=WARN', 'boto=WARN', 'qpid=WARN', 'sqlalchemy=WARN', 'suds=INFO', 'oslo.messaging=INFO', 'oslo_messaging=INFO', 'iso8601=WARN', 'requests.packages.urllib3.connectionpool=WARN', 'urllib3.connectionpool=WARN', 'websocket=WARN', 'requests.packages.urllib3.util.retry=WARN', 'urllib3.util.retry=WARN', 'keystonemiddleware=WARN', 'routes.middleware=WARN', 'stevedore=WARN', 'taskflow=WARN', 'keystoneauth=WARN', 'oslo.cache=INFO', 'oslo_policy=INFO', 'dogpile.core.dogpile=INFO'] {{(pid=103179) log_opt_values /opt/stack/data/venv/lib/python3.10/site-packages/oslo_config/cfg.py:2613}}
Jun 19 09:25:31 jammy-provider-cloud-0000007252 devstack@g-api.service[103179]: DEBUG glance.common.config [None req-1925c0e3-e056-4d8c-a187-a053a599d665 None None] default_publisher_id           = image.localhost {{(pid=103179) log_opt_values /opt/stack/data/venv/lib/python3.10/site-packages/oslo_config/cfg.py:2613}}
Jun 19 09:25:31 jammy-provider-cloud-0000007252 devstack@g-api.service[103179]: DEBUG glance.common.config [None req-1925c0e3-e056-4d8c-a187-a053a599d665 None None] delayed_delete                 = False {{(pid=103179) log_opt_values /opt/stack/data/venv/lib/python3.10/site-packages/oslo_config/cfg.py:2613}}
Jun 19 09:25:31 jammy-provider-cloud-0000007252 devstack@g-api.service[103179]: DEBUG glance.common.config [None req-1925c0e3-e056-4d8c-a187-a053a599d665 None None] digest_algorithm               = sha256 {{(pid=103179) log_opt_values /opt/stack/data/venv/lib/python3.10/site-packages/oslo_config/cfg.py:2613}}
Jun 19 09:25:31 jammy-provider-cloud-0000007252 devstack@g-api.service[103179]: DEBUG glance.common.config [None req-1925c0e3-e056-4d8c-a187-a053a599d665 None None] disabled_notifications         = [] {{(pid=103179) log_opt_values /opt/stack/data/venv/lib/python3.10/site-packages/oslo_config/cfg.py:2613}}
Jun 19 09:25:31 jammy-provider-cloud-0000007252 devstack@g-api.service[103179]: DEBUG glance.common.config [None req-1925c0e3-e056-4d8c-a187-a053a599d665 None None] enabled_backends               = None {{(pid=103179) log_opt_values /opt/stack/data/venv/lib/python3.10/site-packages/oslo_config/cfg.py:2613}}
Jun 19 09:25:31 jammy-provider-cloud-0000007252 devstack@g-api.service[103179]: DEBUG glance.common.config [None req-1925c0e3-e056-4d8c-a187-a053a599d665 None None] enabled_import_methods         = ['glance-direct', 'web-download', 'copy-image'] {{(pid=103179) log_opt_values /opt/stack/data/venv/lib/python3.10/site-packages/oslo_config/cfg.py:2613}}
Jun 19 09:25:31 jammy-provider-cloud-0000007252 devstack@g-api.service[103179]: DEBUG glance.common.config [None req-1925c0e3-e056-4d8c-a187-a053a599d665 None None] hashing_algorithm              = sha512 {{(pid=103179) log_opt_values /opt/stack/data/venv/lib/python3.10/site-packages/oslo_config/cfg.py:2613}}
Jun 19 09:25:31 jammy-provider-cloud-0000007252 devstack@g-api.service[103179]: DEBUG glance.common.config [None req-1925c0e3-e056-4d8c-a187-a053a599d665 None None] http_keepalive                 = True {{(pid=103179) log_opt_values /opt/stack/data/venv/lib/python3.10/site-packages/oslo_config/cfg.py:2613}}
Jun 19 09:25:31 jammy-provider-cloud-0000007252 devstack@g-api.service[103179]: DEBUG glance.common.config [None req-1925c0e3-e056-4d8c-a187-a053a599d665 None None] image_cache_dir                = /opt/stack/data/glance/cache/ {{(pid=103179) log_opt_values /opt/stack/data/venv/lib/python3.10/site-packages/oslo_config/cfg.py:2613}}
Jun 19 09:25:31 jammy-provider-cloud-0000007252 devstack@g-api.service[103179]: DEBUG glance.common.config [None req-1925c0e3-e056-4d8c-a187-a053a599d665 None None] image_cache_driver             = centralized_db {{(pid=103179) log_opt_values /opt/stack/data/venv/lib/python3.10/site-packages/oslo_config/cfg.py:2613}}
Jun 19 09:25:31 jammy-provider-cloud-0000007252 devstack@g-api.service[103179]: DEBUG glance.common.config [None req-1925c0e3-e056-4d8c-a187-a053a599d665 None None] image_cache_max_size           = 10737418240 {{(pid=103179) log_opt_values /opt/stack/data/venv/lib/python3.10/site-packages/oslo_config/cfg.py:2613}}
Jun 19 09:25:31 jammy-provider-cloud-0000007252 devstack@g-api.service[103179]: DEBUG glance.common.config [None req-1925c0e3-e056-4d8c-a187-a053a599d665 None None] image_cache_sqlite_db          = cache.db {{(pid=103179) log_opt_values /opt/stack/data/venv/lib/python3.10/site-packages/oslo_config/cfg.py:2613}}
Jun 19 09:25:31 jammy-provider-cloud-0000007252 devstack@g-api.service[103179]: DEBUG glance.common.config [None req-1925c0e3-e056-4d8c-a187-a053a599d665 None None] image_cache_stall_time         = 86400 {{(pid=103179) log_opt_values /opt/stack/data/venv/lib/python3.10/site-packages/oslo_config/cfg.py:2613}}
Jun 19 09:25:31 jammy-provider-cloud-0000007252 devstack@g-api.service[103179]: DEBUG glance.common.config [None req-1925c0e3-e056-4d8c-a187-a053a599d665 None None] image_location_quota           = 10 {{(pid=103179) log_opt_values /opt/stack/data/venv/lib/python3.10/site-packages/oslo_config/cfg.py:2613}}
Jun 19 09:25:31 jammy-provider-cloud-0000007252 devstack@g-api.service[103179]: DEBUG glance.common.config [None req-1925c0e3-e056-4d8c-a187-a053a599d665 None None] image_member_quota             = 128 {{(pid=103179) log_opt_values /opt/stack/data/venv/lib/python3.10/site-packages/oslo_config/cfg.py:2613}}
Jun 19 09:25:31 jammy-provider-cloud-0000007252 devstack@g-api.service[103179]: DEBUG glance.common.config [None req-1925c0e3-e056-4d8c-a187-a053a599d665 None None] image_property_quota           = 128 {{(pid=103179) log_opt_values /opt/stack/data/venv/lib/python3.10/site-packages/oslo_config/cfg.py:2613}}
Jun 19 09:25:31 jammy-provider-cloud-0000007252 devstack@g-api.service[103179]: DEBUG glance.common.config [None req-1925c0e3-e056-4d8c-a187-a053a599d665 None None] image_size_cap                 = 1099511627776 {{(pid=103179) log_opt_values /opt/stack/data/venv/lib/python3.10/site-packages/oslo_config/cfg.py:2613}}
Jun 19 09:25:31 jammy-provider-cloud-0000007252 devstack@g-api.service[103179]: DEBUG glance.common.config [None req-1925c0e3-e056-4d8c-a187-a053a599d665 None None] image_tag_quota                = 128 {{(pid=103179) log_opt_values /opt/stack/data/venv/lib/python3.10/site-packages/oslo_config/cfg.py:2613}}
Jun 19 09:25:31 jammy-provider-cloud-0000007252 devstack@g-api.service[103179]: DEBUG glance.common.config [None req-1925c0e3-e056-4d8c-a187-a053a599d665 None None] instance_format                = [instance: %(uuid)s]  {{(pid=103179) log_opt_values /opt/stack/data/venv/lib/python3.10/site-packages/oslo_config/cfg.py:2613}}
Jun 19 09:25:31 jammy-provider-cloud-0000007252 devstack@g-api.service[103179]: DEBUG glance.common.config [None req-1925c0e3-e056-4d8c-a187-a053a599d665 None None] instance_uuid_format           = [instance: %(uuid)s]  {{(pid=103179) log_opt_values /opt/stack/data/venv/lib/python3.10/site-packages/oslo_config/cfg.py:2613}}
Jun 19 09:25:31 jammy-provider-cloud-0000007252 devstack@g-api.service[103179]: DEBUG glance.common.config [None req-1925c0e3-e056-4d8c-a187-a053a599d665 None None] limit_param_default            = 25 {{(pid=103179) log_opt_values /opt/stack/data/venv/lib/python3.10/site-packages/oslo_config/cfg.py:2613}}
Jun 19 09:25:31 jammy-provider-cloud-0000007252 devstack@g-api.service[103179]: DEBUG glance.common.config [None req-1925c0e3-e056-4d8c-a187-a053a599d665 None None] location_strategy              = location_order {{(pid=103179) log_opt_values /opt/stack/data/venv/lib/python3.10/site-packages/oslo_config/cfg.py:2613}}
Jun 19 09:25:31 jammy-provider-cloud-0000007252 devstack@g-api.service[103179]: DEBUG glance.common.config [None req-1925c0e3-e056-4d8c-a187-a053a599d665 None None] log_config_append              = None {{(pid=103179) log_opt_values /opt/stack/data/venv/lib/python3.10/site-packages/oslo_config/cfg.py:2613}}
Jun 19 09:25:31 jammy-provider-cloud-0000007252 devstack@g-api.service[103179]: DEBUG glance.common.config [None req-1925c0e3-e056-4d8c-a187-a053a599d665 None None] log_date_format                = %Y-%m-%d %H:%M:%S {{(pid=103179) log_opt_values /opt/stack/data/venv/lib/python3.10/site-packages/oslo_config/cfg.py:2613}}
Jun 19 09:25:31 jammy-provider-cloud-0000007252 devstack@g-api.service[103179]: DEBUG glance.common.config [None req-1925c0e3-e056-4d8c-a187-a053a599d665 None None] log_dir                        = None {{(pid=103179) log_opt_values /opt/stack/data/venv/lib/python3.10/site-packages/oslo_config/cfg.py:2613}}
Jun 19 09:25:31 jammy-provider-cloud-0000007252 devstack@g-api.service[103179]: DEBUG glance.common.config [None req-1925c0e3-e056-4d8c-a187-a053a599d665 None None] log_file                       = None {{(pid=103179) log_opt_values /opt/stack/data/venv/lib/python3.10/site-packages/oslo_config/cfg.py:2613}}
Jun 19 09:25:31 jammy-provider-cloud-0000007252 devstack@g-api.service[103179]: DEBUG glance.common.config [None req-1925c0e3-e056-4d8c-a187-a053a599d665 None None] log_rotate_interval            = 1 {{(pid=103179) log_opt_values /opt/stack/data/venv/lib/python3.10/site-packages/oslo_config/cfg.py:2613}}
Jun 19 09:25:31 jammy-provider-cloud-0000007252 devstack@g-api.service[103179]: DEBUG glance.common.config [None req-1925c0e3-e056-4d8c-a187-a053a599d665 None None] log_rotate_interval_type       = days {{(pid=103179) log_opt_values /opt/stack/data/venv/lib/python3.10/site-packages/oslo_config/cfg.py:2613}}
Jun 19 09:25:31 jammy-provider-cloud-0000007252 devstack@g-api.service[103179]: DEBUG glance.common.config [None req-1925c0e3-e056-4d8c-a187-a053a599d665 None None] log_rotation_type              = none {{(pid=103179) log_opt_values /opt/stack/data/venv/lib/python3.10/site-packages/oslo_config/cfg.py:2613}}
Jun 19 09:25:31 jammy-provider-cloud-0000007252 devstack@g-api.service[103179]: DEBUG glance.common.config [None req-1925c0e3-e056-4d8c-a187-a053a599d665 None None] logging_context_format_string  = %(color)s%(levelname)s %(name)s [%(global_request_id)s %(request_id)s %(project_name)s %(user_name)s%(color)s] %(instance)s%(color)s%(message)s {{(pid=103179) log_opt_values /opt/stack/data/venv/lib/python3.10/site-packages/oslo_config/cfg.py:2613}}
Jun 19 09:25:31 jammy-provider-cloud-0000007252 devstack@g-api.service[103179]: DEBUG glance.common.config [None req-1925c0e3-e056-4d8c-a187-a053a599d665 None None] logging_debug_format_suffix    = {{(pid=%(process)d) %(funcName)s %(pathname)s:%(lineno)d}} {{(pid=103179) log_opt_values /opt/stack/data/venv/lib/python3.10/site-packages/oslo_config/cfg.py:2613}}
Jun 19 09:25:31 jammy-provider-cloud-0000007252 devstack@g-api.service[103179]: DEBUG glance.common.config [None req-1925c0e3-e056-4d8c-a187-a053a599d665 None None] logging_default_format_string  = %(color)s%(levelname)s %(name)s [-%(color)s] %(instance)s%(color)s%(message)s {{(pid=103179) log_opt_values /opt/stack/data/venv/lib/python3.10/site-packages/oslo_config/cfg.py:2613}}
Jun 19 09:25:31 jammy-provider-cloud-0000007252 devstack@g-api.service[103179]: DEBUG glance.common.config [None req-1925c0e3-e056-4d8c-a187-a053a599d665 None None] logging_exception_prefix       = ERROR %(name)s %(instance)s {{(pid=103179) log_opt_values /opt/stack/data/venv/lib/python3.10/site-packages/oslo_config/cfg.py:2613}}
Jun 19 09:25:31 jammy-provider-cloud-0000007252 devstack@g-api.service[103179]: DEBUG glance.common.config [None req-1925c0e3-e056-4d8c-a187-a053a599d665 None None] logging_user_identity_format   = %(user)s %(project)s %(domain)s %(system_scope)s %(user_domain)s %(project_domain)s {{(pid=103179) log_opt_values /opt/stack/data/venv/lib/python3.10/site-packages/oslo_config/cfg.py:2613}}
