Jun 18 19:06:07 jammy-provider-cloud-0000007248 neutron-server[89393]: DEBUG oslo_service.service [-] QUOTAS.quota_subnet            = 100 {{(pid=89393) log_opt_values /opt/stack/data/venv/lib/python3.10/site-packages/oslo_config/cfg.py:2620}}
Jun 18 19:06:07 jammy-provider-cloud-0000007248 neutron-server[89393]: DEBUG oslo_service.service [-] QUOTAS.track_quota_usage       = True {{(pid=89393) log_opt_values /opt/stack/data/venv/lib/python3.10/site-packages/oslo_config/cfg.py:2620}}
Jun 18 19:06:07 jammy-provider-cloud-0000007248 neutron-server[89393]: DEBUG oslo_service.service [-] healthcheck.allowed_source_ranges = [] {{(pid=89393) log_opt_values /opt/stack/data/venv/lib/python3.10/site-packages/oslo_config/cfg.py:2620}}
Jun 18 19:06:07 jammy-provider-cloud-0000007248 neutron-server[89393]: DEBUG oslo_service.service [-] healthcheck.backends           = ['disable_by_file'] {{(pid=89393) log_opt_values /opt/stack/data/venv/lib/python3.10/site-packages/oslo_config/cfg.py:2620}}
Jun 18 19:06:07 jammy-provider-cloud-0000007248 neutron-server[89393]: DEBUG oslo_service.service [-] healthcheck.detailed           = False {{(pid=89393) log_opt_values /opt/stack/data/venv/lib/python3.10/site-packages/oslo_config/cfg.py:2620}}
Jun 18 19:06:07 jammy-provider-cloud-0000007248 neutron-server[89393]: DEBUG oslo_service.service [-] healthcheck.disable_by_file_path = None {{(pid=89393) log_opt_values /opt/stack/data/venv/lib/python3.10/site-packages/oslo_config/cfg.py:2620}}
Jun 18 19:06:07 jammy-provider-cloud-0000007248 neutron-server[89393]: DEBUG oslo_service.service [-] healthcheck.ignore_proxied_requests = False {{(pid=89393) log_opt_values /opt/stack/data/venv/lib/python3.10/site-packages/oslo_config/cfg.py:2620}}
Jun 18 19:06:07 jammy-provider-cloud-0000007248 neutron-server[89393]: DEBUG oslo_service.service [-] healthcheck.path               = /healthcheck {{(pid=89393) log_opt_values /opt/stack/data/venv/lib/python3.10/site-packages/oslo_config/cfg.py:2620}}
Jun 18 19:06:07 jammy-provider-cloud-0000007248 neutron-server[89393]: DEBUG oslo_service.service [-] keystone_authtoken.admin_password = **** {{(pid=89393) log_opt_values /opt/stack/data/venv/lib/python3.10/site-packages/oslo_config/cfg.py:2620}}
Jun 18 19:06:07 jammy-provider-cloud-0000007248 neutron-server[89393]: DEBUG oslo_service.service [-] keystone_authtoken.admin_tenant_name = admin {{(pid=89393) log_opt_values /opt/stack/data/venv/lib/python3.10/site-packages/oslo_config/cfg.py:2620}}
Jun 18 19:06:07 jammy-provider-cloud-0000007248 neutron-server[89393]: DEBUG oslo_service.service [-] keystone_authtoken.admin_token = **** {{(pid=89393) log_opt_values /opt/stack/data/venv/lib/python3.10/site-packages/oslo_config/cfg.py:2620}}
Jun 18 19:06:07 jammy-provider-cloud-0000007248 neutron-server[89393]: DEBUG oslo_service.service [-] keystone_authtoken.admin_user  = None {{(pid=89393) log_opt_values /opt/stack/data/venv/lib/python3.10/site-packages/oslo_config/cfg.py:2620}}
Jun 18 19:06:07 jammy-provider-cloud-0000007248 neutron-server[89393]: DEBUG oslo_service.service [-] keystone_authtoken.auth_admin_prefix =  {{(pid=89393) log_opt_values /opt/stack/data/venv/lib/python3.10/site-packages/oslo_config/cfg.py:2620}}
Jun 18 19:06:07 jammy-provider-cloud-0000007248 neutron-server[89393]: DEBUG oslo_service.service [-] keystone_authtoken.auth_host   = 127.0.0.1 {{(pid=89393) log_opt_values /opt/stack/data/venv/lib/python3.10/site-packages/oslo_config/cfg.py:2620}}
Jun 18 19:06:07 jammy-provider-cloud-0000007248 neutron-server[89393]: DEBUG oslo_service.service [-] keystone_authtoken.auth_port   = 35357 {{(pid=89393) log_opt_values /opt/stack/data/venv/lib/python3.10/site-packages/oslo_config/cfg.py:2620}}
Jun 18 19:06:07 jammy-provider-cloud-0000007248 neutron-server[89393]: DEBUG oslo_service.service [-] keystone_authtoken.auth_protocol = https {{(pid=89393) log_opt_values /opt/stack/data/venv/lib/python3.10/site-packages/oslo_config/cfg.py:2620}}
Jun 18 19:06:07 jammy-provider-cloud-0000007248 neutron-server[89393]: DEBUG oslo_service.service [-] keystone_authtoken.auth_section = None {{(pid=89393) log_opt_values /opt/stack/data/venv/lib/python3.10/site-packages/oslo_config/cfg.py:2620}}
Jun 18 19:06:07 jammy-provider-cloud-0000007248 neutron-server[89393]: DEBUG oslo_service.service [-] keystone_authtoken.auth_type   = password {{(pid=89393) log_opt_values /opt/stack/data/venv/lib/python3.10/site-packages/oslo_config/cfg.py:2620}}
Jun 18 19:06:07 jammy-provider-cloud-0000007248 neutron-server[89393]: DEBUG oslo_service.service [-] keystone_authtoken.auth_uri    = None {{(pid=89393) log_opt_values /opt/stack/data/venv/lib/python3.10/site-packages/oslo_config/cfg.py:2620}}
Jun 18 19:06:07 jammy-provider-cloud-0000007248 neutron-server[89393]: DEBUG oslo_service.service [-] keystone_authtoken.auth_url    = http://10.201.5.87/identity {{(pid=89393) log_opt_values /opt/stack/data/venv/lib/python3.10/site-packages/oslo_config/cfg.py:2620}}
Jun 18 19:06:07 jammy-provider-cloud-0000007248 neutron-server[89393]: DEBUG oslo_service.service [-] keystone_authtoken.auth_version = None {{(pid=89393) log_opt_values /opt/stack/data/venv/lib/python3.10/site-packages/oslo_config/cfg.py:2620}}
Jun 18 19:06:07 jammy-provider-cloud-0000007248 neutron-server[89393]: DEBUG oslo_service.service [-] keystone_authtoken.cache       = None {{(pid=89393) log_opt_values /opt/stack/data/venv/lib/python3.10/site-packages/oslo_config/cfg.py:2620}}
Jun 18 19:06:07 jammy-provider-cloud-0000007248 neutron-server[89393]: DEBUG oslo_service.service [-] keystone_authtoken.cafile      = /opt/stack/data/ca-bundle.pem {{(pid=89393) log_opt_values /opt/stack/data/venv/lib/python3.10/site-packages/oslo_config/cfg.py:2620}}
Jun 18 19:06:07 jammy-provider-cloud-0000007248 neutron-server[89393]: DEBUG oslo_service.service [-] keystone_authtoken.certfile    = None {{(pid=89393) log_opt_values /opt/stack/data/venv/lib/python3.10/site-packages/oslo_config/cfg.py:2620}}
Jun 18 19:06:07 jammy-provider-cloud-0000007248 neutron-server[89393]: DEBUG oslo_service.service [-] keystone_authtoken.default_domain_id = None {{(pid=89393) log_opt_values /opt/stack/data/venv/lib/python3.10/site-packages/oslo_config/cfg.py:2620}}
Jun 18 19:06:07 jammy-provider-cloud-0000007248 neutron-server[89393]: DEBUG oslo_service.service [-] keystone_authtoken.default_domain_name = None {{(pid=89393) log_opt_values /opt/stack/data/venv/lib/python3.10/site-packages/oslo_config/cfg.py:2620}}
Jun 18 19:06:07 jammy-provider-cloud-0000007248 neutron-server[89393]: DEBUG oslo_service.service [-] keystone_authtoken.delay_auth_decision = False {{(pid=89393) log_opt_values /opt/stack/data/venv/lib/python3.10/site-packages/oslo_config/cfg.py:2620}}
Jun 18 19:06:07 jammy-provider-cloud-0000007248 neutron-server[89393]: DEBUG oslo_service.service [-] keystone_authtoken.domain_id   = None {{(pid=89393) log_opt_values /opt/stack/data/venv/lib/python3.10/site-packages/oslo_config/cfg.py:2620}}
Jun 18 19:06:07 jammy-provider-cloud-0000007248 neutron-server[89393]: DEBUG oslo_service.service [-] keystone_authtoken.domain_name = None {{(pid=89393) log_opt_values /opt/stack/data/venv/lib/python3.10/site-packages/oslo_config/cfg.py:2620}}
Jun 18 19:06:07 jammy-provider-cloud-0000007248 neutron-server[89393]: DEBUG oslo_service.service [-] keystone_authtoken.enforce_token_bind = permissive {{(pid=89393) log_opt_values /opt/stack/data/venv/lib/python3.10/site-packages/oslo_config/cfg.py:2620}}
Jun 18 19:06:07 jammy-provider-cloud-0000007248 neutron-server[89393]: DEBUG oslo_service.service [-] keystone_authtoken.http_connect_timeout = None {{(pid=89393) log_opt_values /opt/stack/data/venv/lib/python3.10/site-packages/oslo_config/cfg.py:2620}}
Jun 18 19:06:07 jammy-provider-cloud-0000007248 neutron-server[89393]: DEBUG oslo_service.service [-] keystone_authtoken.http_request_max_retries = 3 {{(pid=89393) log_opt_values /opt/stack/data/venv/lib/python3.10/site-packages/oslo_config/cfg.py:2620}}
Jun 18 19:06:07 jammy-provider-cloud-0000007248 neutron-server[89393]: DEBUG oslo_service.service [-] keystone_authtoken.identity_uri = None {{(pid=89393) log_opt_values /opt/stack/data/venv/lib/python3.10/site-packages/oslo_config/cfg.py:2620}}
Jun 18 19:06:07 jammy-provider-cloud-0000007248 neutron-server[89393]: DEBUG oslo_service.service [-] keystone_authtoken.include_service_catalog = True {{(pid=89393) log_opt_values /opt/stack/data/venv/lib/python3.10/site-packages/oslo_config/cfg.py:2620}}
Jun 18 19:06:07 jammy-provider-cloud-0000007248 neutron-server[89393]: DEBUG oslo_service.service [-] keystone_authtoken.insecure    = False {{(pid=89393) log_opt_values /opt/stack/data/venv/lib/python3.10/site-packages/oslo_config/cfg.py:2620}}
Jun 18 19:06:07 jammy-provider-cloud-0000007248 neutron-server[89393]: DEBUG oslo_service.service [-] keystone_authtoken.interface   = public {{(pid=89393) log_opt_values /opt/stack/data/venv/lib/python3.10/site-packages/oslo_config/cfg.py:2620}}
Jun 18 19:06:07 jammy-provider-cloud-0000007248 neutron-server[89393]: DEBUG oslo_service.service [-] keystone_authtoken.keyfile     = None {{(pid=89393) log_opt_values /opt/stack/data/venv/lib/python3.10/site-packages/oslo_config/cfg.py:2620}}
Jun 18 19:06:07 jammy-provider-cloud-0000007248 neutron-server[89393]: DEBUG oslo_service.service [-] keystone_authtoken.memcache_pool_conn_get_timeout = 10 {{(pid=89393) log_opt_values /opt/stack/data/venv/lib/python3.10/site-packages/oslo_config/cfg.py:2620}}
Jun 18 19:06:07 jammy-provider-cloud-0000007248 neutron-server[89393]: DEBUG oslo_service.service [-] keystone_authtoken.memcache_pool_dead_retry = 300 {{(pid=89393) log_opt_values /opt/stack/data/venv/lib/python3.10/site-packages/oslo_config/cfg.py:2620}}
Jun 18 19:06:07 jammy-provider-cloud-0000007248 neutron-server[89393]: DEBUG oslo_service.service [-] keystone_authtoken.memcache_pool_maxsize = 10 {{(pid=89393) log_opt_values /opt/stack/data/venv/lib/python3.10/site-packages/oslo_config/cfg.py:2620}}
Jun 18 19:06:07 jammy-provider-cloud-0000007248 neutron-server[89393]: DEBUG oslo_service.service [-] keystone_authtoken.memcache_pool_socket_timeout = 3 {{(pid=89393) log_opt_values /opt/stack/data/venv/lib/python3.10/site-packages/oslo_config/cfg.py:2620}}
Jun 18 19:06:07 jammy-provider-cloud-0000007248 neutron-server[89393]: DEBUG oslo_service.service [-] keystone_authtoken.memcache_pool_unused_timeout = 60 {{(pid=89393) log_opt_values /opt/stack/data/venv/lib/python3.10/site-packages/oslo_config/cfg.py:2620}}
Jun 18 19:06:07 jammy-provider-cloud-0000007248 neutron-server[89393]: DEBUG oslo_service.service [-] keystone_authtoken.memcache_secret_key = **** {{(pid=89393) log_opt_values /opt/stack/data/venv/lib/python3.10/site-packages/oslo_config/cfg.py:2620}}
Jun 18 19:06:07 jammy-provider-cloud-0000007248 neutron-server[89393]: DEBUG oslo_service.service [-] keystone_authtoken.memcache_security_strategy = None {{(pid=89393) log_opt_values /opt/stack/data/venv/lib/python3.10/site-packages/oslo_config/cfg.py:2620}}
Jun 18 19:06:07 jammy-provider-cloud-0000007248 neutron-server[89393]: DEBUG oslo_service.service [-] keystone_authtoken.memcache_use_advanced_pool = True {{(pid=89393) log_opt_values /opt/stack/data/venv/lib/python3.10/site-packages/oslo_config/cfg.py:2620}}
Jun 18 19:06:07 jammy-provider-cloud-0000007248 neutron-server[89393]: DEBUG oslo_service.service [-] keystone_authtoken.memcached_servers = ['localhost:11211'] {{(pid=89393) log_opt_values /opt/stack/data/venv/lib/python3.10/site-packages/oslo_config/cfg.py:2620}}
Jun 18 19:06:07 jammy-provider-cloud-0000007248 neutron-server[89393]: DEBUG oslo_service.service [-] keystone_authtoken.password    = **** {{(pid=89393) log_opt_values /opt/stack/data/venv/lib/python3.10/site-packages/oslo_config/cfg.py:2620}}
Jun 18 19:06:07 jammy-provider-cloud-0000007248 neutron-server[89582]: DEBUG ovsdbapp.backend.ovs_idl [None req-95e3044e-bc46-41f3-b3c9-1b7eb74c7804 None None] Created lookup_table index Logical_Switch.name {{(pid=89582) autocreate_indices /opt/stack/data/venv/lib/python3.10/site-packages/ovsdbapp/backend/ovs_idl/__init__.py:87}}
Jun 18 19:06:07 jammy-provider-cloud-0000007248 neutron-server[89393]: DEBUG oslo_service.service [-] keystone_authtoken.project_domain_id = None {{(pid=89393) log_opt_values /opt/stack/data/venv/lib/python3.10/site-packages/oslo_config/cfg.py:2620}}
Jun 18 19:06:07 jammy-provider-cloud-0000007248 neutron-server[89393]: DEBUG oslo_service.service [-] keystone_authtoken.project_domain_name = Default {{(pid=89393) log_opt_values /opt/stack/data/venv/lib/python3.10/site-packages/oslo_config/cfg.py:2620}}
Jun 18 19:06:07 jammy-provider-cloud-0000007248 neutron-server[89582]: DEBUG ovsdbapp.backend.ovs_idl [None req-95e3044e-bc46-41f3-b3c9-1b7eb74c7804 None None] Created lookup_table index Logical_Router.name {{(pid=89582) autocreate_indices /opt/stack/data/venv/lib/python3.10/site-packages/ovsdbapp/backend/ovs_idl/__init__.py:87}}
Jun 18 19:06:07 jammy-provider-cloud-0000007248 neutron-server[89393]: DEBUG oslo_service.service [-] keystone_authtoken.project_id  = None {{(pid=89393) log_opt_values /opt/stack/data/venv/lib/python3.10/site-packages/oslo_config/cfg.py:2620}}
Jun 18 19:06:07 jammy-provider-cloud-0000007248 neutron-server[89585]: DEBUG ovsdbapp.backend.ovs_idl [None req-700cc62a-7813-424f-89b5-1c9ea688de42 None None] Created lookup_table index Logical_Switch.name {{(pid=89585) autocreate_indices /opt/stack/data/venv/lib/python3.10/site-packages/ovsdbapp/backend/ovs_idl/__init__.py:87}}
Jun 18 19:06:07 jammy-provider-cloud-0000007248 neutron-server[89393]: DEBUG oslo_service.service [-] keystone_authtoken.project_name = service {{(pid=89393) log_opt_values /opt/stack/data/venv/lib/python3.10/site-packages/oslo_config/cfg.py:2620}}
Jun 18 19:06:07 jammy-provider-cloud-0000007248 neutron-server[89582]: DEBUG ovsdbapp.backend.ovs_idl [None req-95e3044e-bc46-41f3-b3c9-1b7eb74c7804 None None] Created lookup_table index Load_Balancer.name {{(pid=89582) autocreate_indices /opt/stack/data/venv/lib/python3.10/site-packages/ovsdbapp/backend/ovs_idl/__init__.py:87}}
Jun 18 19:06:07 jammy-provider-cloud-0000007248 neutron-server[89393]: DEBUG oslo_service.service [-] keystone_authtoken.region_name = None {{(pid=89393) log_opt_values /opt/stack/data/venv/lib/python3.10/site-packages/oslo_config/cfg.py:2620}}
Jun 18 19:06:07 jammy-provider-cloud-0000007248 neutron-server[89582]: DEBUG ovsdbapp.backend.ovs_idl [None req-95e3044e-bc46-41f3-b3c9-1b7eb74c7804 None None] Created schema index Copp.name {{(pid=89582) autocreate_indices /opt/stack/data/venv/lib/python3.10/site-packages/ovsdbapp/backend/ovs_idl/__init__.py:106}}
Jun 18 19:06:07 jammy-provider-cloud-0000007248 neutron-server[89585]: DEBUG ovsdbapp.backend.ovs_idl [None req-700cc62a-7813-424f-89b5-1c9ea688de42 None None] Created lookup_table index Logical_Router.name {{(pid=89585) autocreate_indices /opt/stack/data/venv/lib/python3.10/site-packages/ovsdbapp/backend/ovs_idl/__init__.py:87}}
Jun 18 19:06:07 jammy-provider-cloud-0000007248 neutron-server[89582]: DEBUG ovsdbapp.backend.ovs_idl [None req-95e3044e-bc46-41f3-b3c9-1b7eb74c7804 None None] Created schema index Meter.name {{(pid=89582) autocreate_indices /opt/stack/data/venv/lib/python3.10/site-packages/ovsdbapp/backend/ovs_idl/__init__.py:106}}
Jun 18 19:06:07 jammy-provider-cloud-0000007248 neutron-server[89393]: DEBUG oslo_service.service [-] keystone_authtoken.service_token_roles = ['service'] {{(pid=89393) log_opt_values /opt/stack/data/venv/lib/python3.10/site-packages/oslo_config/cfg.py:2620}}
Jun 18 19:06:07 jammy-provider-cloud-0000007248 neutron-server[89393]: DEBUG oslo_service.service [-] keystone_authtoken.service_token_roles_required = False {{(pid=89393) log_opt_values /opt/stack/data/venv/lib/python3.10/site-packages/oslo_config/cfg.py:2620}}
Jun 18 19:06:07 jammy-provider-cloud-0000007248 neutron-server[89582]: DEBUG ovsdbapp.backend.ovs_idl [None req-95e3044e-bc46-41f3-b3c9-1b7eb74c7804 None None] Created schema index Load_Balancer_Group.name {{(pid=89582) autocreate_indices /opt/stack/data/venv/lib/python3.10/site-packages/ovsdbapp/backend/ovs_idl/__init__.py:106}}
Jun 18 19:06:07 jammy-provider-cloud-0000007248 neutron-server[89582]: DEBUG ovsdbapp.backend.ovs_idl [None req-95e3044e-bc46-41f3-b3c9-1b7eb74c7804 None None] Created schema index HA_Chassis_Group.name {{(pid=89582) autocreate_indices /opt/stack/data/venv/lib/python3.10/site-packages/ovsdbapp/backend/ovs_idl/__init__.py:106}}
Jun 18 19:06:07 jammy-provider-cloud-0000007248 neutron-server[89393]: DEBUG oslo_service.service [-] keystone_authtoken.service_type = None {{(pid=89393) log_opt_values /opt/stack/data/venv/lib/python3.10/site-packages/oslo_config/cfg.py:2620}}
Jun 18 19:06:07 jammy-provider-cloud-0000007248 neutron-server[89585]: DEBUG ovsdbapp.backend.ovs_idl [None req-700cc62a-7813-424f-89b5-1c9ea688de42 None None] Created lookup_table index Load_Balancer.name {{(pid=89585) autocreate_indices /opt/stack/data/venv/lib/python3.10/site-packages/ovsdbapp/backend/ovs_idl/__init__.py:87}}
Jun 18 19:06:07 jammy-provider-cloud-0000007248 neutron-server[89582]: DEBUG ovsdbapp.backend.ovs_idl [None req-95e3044e-bc46-41f3-b3c9-1b7eb74c7804 None None] Created schema index Address_Set.name {{(pid=89582) autocreate_indices /opt/stack/data/venv/lib/python3.10/site-packages/ovsdbapp/backend/ovs_idl/__init__.py:106}}
Jun 18 19:06:07 jammy-provider-cloud-0000007248 neutron-server[89393]: DEBUG oslo_service.service [-] keystone_authtoken.system_scope = None {{(pid=89393) log_opt_values /opt/stack/data/venv/lib/python3.10/site-packages/oslo_config/cfg.py:2620}}
Jun 18 19:06:07 jammy-provider-cloud-0000007248 neutron-server[89582]: DEBUG ovsdbapp.backend.ovs_idl [None req-95e3044e-bc46-41f3-b3c9-1b7eb74c7804 None None] Created schema index Connection.target {{(pid=89582) autocreate_indices /opt/stack/data/venv/lib/python3.10/site-packages/ovsdbapp/backend/ovs_idl/__init__.py:106}}
Jun 18 19:06:07 jammy-provider-cloud-0000007248 neutron-server[89393]: DEBUG oslo_service.service [-] keystone_authtoken.token_cache_time = 300 {{(pid=89393) log_opt_values /opt/stack/data/venv/lib/python3.10/site-packages/oslo_config/cfg.py:2620}}
Jun 18 19:06:07 jammy-provider-cloud-0000007248 neutron-server[89582]: DEBUG ovsdbapp.backend.ovs_idl [None req-95e3044e-bc46-41f3-b3c9-1b7eb74c7804 None None] Created schema index Gateway_Chassis.name {{(pid=89582) autocreate_indices /opt/stack/data/venv/lib/python3.10/site-packages/ovsdbapp/backend/ovs_idl/__init__.py:106}}
Jun 18 19:06:07 jammy-provider-cloud-0000007248 neutron-server[89585]: DEBUG ovsdbapp.backend.ovs_idl [None req-700cc62a-7813-424f-89b5-1c9ea688de42 None None] Created schema index Copp.name {{(pid=89585) autocreate_indices /opt/stack/data/venv/lib/python3.10/site-packages/ovsdbapp/backend/ovs_idl/__init__.py:106}}
Jun 18 19:06:07 jammy-provider-cloud-0000007248 neutron-server[89393]: DEBUG oslo_service.service [-] keystone_authtoken.trust_id    = None {{(pid=89393) log_opt_values /opt/stack/data/venv/lib/python3.10/site-packages/oslo_config/cfg.py:2620}}
Jun 18 19:06:07 jammy-provider-cloud-0000007248 neutron-server[89582]: DEBUG ovsdbapp.backend.ovs_idl [None req-95e3044e-bc46-41f3-b3c9-1b7eb74c7804 None None] Created schema index Logical_Router_Port.name {{(pid=89582) autocreate_indices /opt/stack/data/venv/lib/python3.10/site-packages/ovsdbapp/backend/ovs_idl/__init__.py:106}}
Jun 18 19:06:07 jammy-provider-cloud-0000007248 neutron-server[89393]: DEBUG oslo_service.service [-] keystone_authtoken.user_domain_id = None {{(pid=89393) log_opt_values /opt/stack/data/venv/lib/python3.10/site-packages/oslo_config/cfg.py:2620}}
Jun 18 19:06:07 jammy-provider-cloud-0000007248 neutron-server[89393]: DEBUG oslo_service.service [-] keystone_authtoken.user_domain_name = Default {{(pid=89393) log_opt_values /opt/stack/data/venv/lib/python3.10/site-packages/oslo_config/cfg.py:2620}}
Jun 18 19:06:07 jammy-provider-cloud-0000007248 neutron-server[89582]: DEBUG ovsdbapp.backend.ovs_idl [None req-95e3044e-bc46-41f3-b3c9-1b7eb74c7804 None None] Created schema index Port_Group.name {{(pid=89582) autocreate_indices /opt/stack/data/venv/lib/python3.10/site-packages/ovsdbapp/backend/ovs_idl/__init__.py:106}}
Jun 18 19:06:07 jammy-provider-cloud-0000007248 neutron-server[89585]: DEBUG ovsdbapp.backend.ovs_idl [None req-700cc62a-7813-424f-89b5-1c9ea688de42 None None] Created schema index Meter.name {{(pid=89585) autocreate_indices /opt/stack/data/venv/lib/python3.10/site-packages/ovsdbapp/backend/ovs_idl/__init__.py:106}}
Jun 18 19:06:07 jammy-provider-cloud-0000007248 neutron-server[89582]: DEBUG ovsdbapp.backend.ovs_idl [None req-95e3044e-bc46-41f3-b3c9-1b7eb74c7804 None None] Created schema index Logical_Switch_Port.name {{(pid=89582) autocreate_indices /opt/stack/data/venv/lib/python3.10/site-packages/ovsdbapp/backend/ovs_idl/__init__.py:106}}
Jun 18 19:06:07 jammy-provider-cloud-0000007248 neutron-server[89393]: DEBUG oslo_service.service [-] keystone_authtoken.user_id     = None {{(pid=89393) log_opt_values /opt/stack/data/venv/lib/python3.10/site-packages/oslo_config/cfg.py:2620}}
Jun 18 19:06:07 jammy-provider-cloud-0000007248 neutron-server[89393]: DEBUG oslo_service.service [-] keystone_authtoken.username    = neutron {{(pid=89393) log_opt_values /opt/stack/data/venv/lib/python3.10/site-packages/oslo_config/cfg.py:2620}}
Jun 18 19:06:07 jammy-provider-cloud-0000007248 neutron-server[89585]: DEBUG ovsdbapp.backend.ovs_idl [None req-700cc62a-7813-424f-89b5-1c9ea688de42 None None] Created schema index Load_Balancer_Group.name {{(pid=89585) autocreate_indices /opt/stack/data/venv/lib/python3.10/site-packages/ovsdbapp/backend/ovs_idl/__init__.py:106}}
Jun 18 19:06:07 jammy-provider-cloud-0000007248 neutron-server[89585]: DEBUG ovsdbapp.backend.ovs_idl [None req-700cc62a-7813-424f-89b5-1c9ea688de42 None None] Created schema index HA_Chassis_Group.name {{(pid=89585) autocreate_indices /opt/stack/data/venv/lib/python3.10/site-packages/ovsdbapp/backend/ovs_idl/__init__.py:106}}
Jun 18 19:06:07 jammy-provider-cloud-0000007248 neutron-server[89393]: DEBUG oslo_service.service [-] keystone_authtoken.www_authenticate_uri = None {{(pid=89393) log_opt_values /opt/stack/data/venv/lib/python3.10/site-packages/oslo_config/cfg.py:2620}}
Jun 18 19:06:07 jammy-provider-cloud-0000007248 neutron-server[89582]: INFO ovsdbapp.backend.ovs_idl.vlog [None req-95e3044e-bc46-41f3-b3c9-1b7eb74c7804 None None] tcp:10.201.5.87:6641: connecting...
Jun 18 19:06:07 jammy-provider-cloud-0000007248 neutron-server[89393]: DEBUG oslo_service.service [-] cache.backend                  = dogpile.cache.null {{(pid=89393) log_opt_values /opt/stack/data/venv/lib/python3.10/site-packages/oslo_config/cfg.py:2620}}
Jun 18 19:06:07 jammy-provider-cloud-0000007248 neutron-server[89585]: DEBUG ovsdbapp.backend.ovs_idl [None req-700cc62a-7813-424f-89b5-1c9ea688de42 None None] Created schema index Address_Set.name {{(pid=89585) autocreate_indices /opt/stack/data/venv/lib/python3.10/site-packages/ovsdbapp/backend/ovs_idl/__init__.py:106}}
Jun 18 19:06:07 jammy-provider-cloud-0000007248 neutron-server[89582]: INFO ovsdbapp.backend.ovs_idl.vlog [None req-95e3044e-bc46-41f3-b3c9-1b7eb74c7804 None None] tcp:10.201.5.87:6641: connected
Jun 18 19:06:07 jammy-provider-cloud-0000007248 neutron-server[89393]: DEBUG oslo_service.service [-] cache.backend_argument         = **** {{(pid=89393) log_opt_values /opt/stack/data/venv/lib/python3.10/site-packages/oslo_config/cfg.py:2620}}
Jun 18 19:06:07 jammy-provider-cloud-0000007248 neutron-server[89585]: DEBUG ovsdbapp.backend.ovs_idl [None req-700cc62a-7813-424f-89b5-1c9ea688de42 None None] Created schema index Connection.target {{(pid=89585) autocreate_indices /opt/stack/data/venv/lib/python3.10/site-packages/ovsdbapp/backend/ovs_idl/__init__.py:106}}
Jun 18 19:06:07 jammy-provider-cloud-0000007248 neutron-server[89393]: DEBUG oslo_service.service [-] cache.config_prefix            = cache.oslo {{(pid=89393) log_opt_values /opt/stack/data/venv/lib/python3.10/site-packages/oslo_config/cfg.py:2620}}
Jun 18 19:06:07 jammy-provider-cloud-0000007248 neutron-server[89585]: DEBUG ovsdbapp.backend.ovs_idl [None req-700cc62a-7813-424f-89b5-1c9ea688de42 None None] Created schema index Gateway_Chassis.name {{(pid=89585) autocreate_indices /opt/stack/data/venv/lib/python3.10/site-packages/ovsdbapp/backend/ovs_idl/__init__.py:106}}
Jun 18 19:06:07 jammy-provider-cloud-0000007248 neutron-server[89393]: DEBUG oslo_service.service [-] cache.dead_timeout             = 60.0 {{(pid=89393) log_opt_values /opt/stack/data/venv/lib/python3.10/site-packages/oslo_config/cfg.py:2620}}
Jun 18 19:06:07 jammy-provider-cloud-0000007248 neutron-server[89585]: DEBUG ovsdbapp.backend.ovs_idl [None req-700cc62a-7813-424f-89b5-1c9ea688de42 None None] Created schema index Logical_Router_Port.name {{(pid=89585) autocreate_indices /opt/stack/data/venv/lib/python3.10/site-packages/ovsdbapp/backend/ovs_idl/__init__.py:106}}
Jun 18 19:06:07 jammy-provider-cloud-0000007248 neutron-server[89393]: DEBUG oslo_service.service [-] cache.debug_cache_backend      = False {{(pid=89393) log_opt_values /opt/stack/data/venv/lib/python3.10/site-packages/oslo_config/cfg.py:2620}}
Jun 18 19:06:07 jammy-provider-cloud-0000007248 neutron-server[89393]: DEBUG oslo_service.service [-] cache.enable_retry_client      = False {{(pid=89393) log_opt_values /opt/stack/data/venv/lib/python3.10/site-packages/oslo_config/cfg.py:2620}}
Jun 18 19:06:07 jammy-provider-cloud-0000007248 neutron-server[89585]: DEBUG ovsdbapp.backend.ovs_idl [None req-700cc62a-7813-424f-89b5-1c9ea688de42 None None] Created schema index Port_Group.name {{(pid=89585) autocreate_indices /opt/stack/data/venv/lib/python3.10/site-packages/ovsdbapp/backend/ovs_idl/__init__.py:106}}
Jun 18 19:06:07 jammy-provider-cloud-0000007248 neutron-server[89393]: DEBUG oslo_service.service [-] cache.enable_socket_keepalive  = False {{(pid=89393) log_opt_values /opt/stack/data/venv/lib/python3.10/site-packages/oslo_config/cfg.py:2620}}
Jun 18 19:06:07 jammy-provider-cloud-0000007248 neutron-server[89393]: DEBUG oslo_service.service [-] cache.enabled                  = False {{(pid=89393) log_opt_values /opt/stack/data/venv/lib/python3.10/site-packages/oslo_config/cfg.py:2620}}
Jun 18 19:06:07 jammy-provider-cloud-0000007248 neutron-server[89585]: DEBUG ovsdbapp.backend.ovs_idl [None req-700cc62a-7813-424f-89b5-1c9ea688de42 None None] Created schema index Logical_Switch_Port.name {{(pid=89585) autocreate_indices /opt/stack/data/venv/lib/python3.10/site-packages/ovsdbapp/backend/ovs_idl/__init__.py:106}}
Jun 18 19:06:07 jammy-provider-cloud-0000007248 neutron-server[89393]: DEBUG oslo_service.service [-] cache.enforce_fips_mode        = False {{(pid=89393) log_opt_values /opt/stack/data/venv/lib/python3.10/site-packages/oslo_config/cfg.py:2620}}
Jun 18 19:06:07 jammy-provider-cloud-0000007248 neutron-server[89393]: DEBUG oslo_service.service [-] cache.expiration_time          = 600 {{(pid=89393) log_opt_values /opt/stack/data/venv/lib/python3.10/site-packages/oslo_config/cfg.py:2620}}
Jun 18 19:06:07 jammy-provider-cloud-0000007248 neutron-server[89393]: DEBUG oslo_service.service [-] cache.hashclient_retry_attempts = 2 {{(pid=89393) log_opt_values /opt/stack/data/venv/lib/python3.10/site-packages/oslo_config/cfg.py:2620}}
Jun 18 19:06:07 jammy-provider-cloud-0000007248 neutron-server[89393]: DEBUG oslo_service.service [-] cache.hashclient_retry_delay   = 1.0 {{(pid=89393) log_opt_values /opt/stack/data/venv/lib/python3.10/site-packages/oslo_config/cfg.py:2620}}
Jun 18 19:06:07 jammy-provider-cloud-0000007248 neutron-server[89585]: INFO ovsdbapp.backend.ovs_idl.vlog [None req-700cc62a-7813-424f-89b5-1c9ea688de42 None None] tcp:10.201.5.87:6641: connecting...
Jun 18 19:06:07 jammy-provider-cloud-0000007248 neutron-server[89393]: DEBUG oslo_service.service [-] cache.memcache_dead_retry      = 300 {{(pid=89393) log_opt_values /opt/stack/data/venv/lib/python3.10/site-packages/oslo_config/cfg.py:2620}}
Jun 18 19:06:07 jammy-provider-cloud-0000007248 neutron-server[89393]: DEBUG oslo_service.service [-] cache.memcache_password        = **** {{(pid=89393) log_opt_values /opt/stack/data/venv/lib/python3.10/site-packages/oslo_config/cfg.py:2620}}
Jun 18 19:06:07 jammy-provider-cloud-0000007248 neutron-server[89393]: DEBUG oslo_service.service [-] cache.memcache_pool_connection_get_timeout = 10 {{(pid=89393) log_opt_values /opt/stack/data/venv/lib/python3.10/site-packages/oslo_config/cfg.py:2620}}
Jun 18 19:06:07 jammy-provider-cloud-0000007248 neutron-server[89585]: INFO ovsdbapp.backend.ovs_idl.vlog [None req-700cc62a-7813-424f-89b5-1c9ea688de42 None None] tcp:10.201.5.87:6641: connected
Jun 18 19:06:07 jammy-provider-cloud-0000007248 neutron-server[89393]: DEBUG oslo_service.service [-] cache.memcache_pool_flush_on_reconnect = False {{(pid=89393) log_opt_values /opt/stack/data/venv/lib/python3.10/site-packages/oslo_config/cfg.py:2620}}
Jun 18 19:06:07 jammy-provider-cloud-0000007248 neutron-server[89393]: DEBUG oslo_service.service [-] cache.memcache_pool_maxsize    = 10 {{(pid=89393) log_opt_values /opt/stack/data/venv/lib/python3.10/site-packages/oslo_config/cfg.py:2620}}
Jun 18 19:06:07 jammy-provider-cloud-0000007248 neutron-server[89393]: DEBUG oslo_service.service [-] cache.memcache_pool_unused_timeout = 60 {{(pid=89393) log_opt_values /opt/stack/data/venv/lib/python3.10/site-packages/oslo_config/cfg.py:2620}}
Jun 18 19:06:07 jammy-provider-cloud-0000007248 neutron-server[89393]: DEBUG oslo_service.service [-] cache.memcache_sasl_enabled    = False {{(pid=89393) log_opt_values /opt/stack/data/venv/lib/python3.10/site-packages/oslo_config/cfg.py:2620}}
Jun 18 19:06:07 jammy-provider-cloud-0000007248 neutron-server[89393]: DEBUG oslo_service.service [-] cache.memcache_servers         = ['localhost:11211'] {{(pid=89393) log_opt_values /opt/stack/data/venv/lib/python3.10/site-packages/oslo_config/cfg.py:2620}}
Jun 18 19:06:07 jammy-provider-cloud-0000007248 neutron-server[89393]: DEBUG oslo_service.service [-] cache.memcache_socket_timeout  = 1.0 {{(pid=89393) log_opt_values /opt/stack/data/venv/lib/python3.10/site-packages/oslo_config/cfg.py:2620}}
Jun 18 19:06:07 jammy-provider-cloud-0000007248 neutron-server[89393]: DEBUG oslo_service.service [-] cache.memcache_username        = None {{(pid=89393) log_opt_values /opt/stack/data/venv/lib/python3.10/site-packages/oslo_config/cfg.py:2620}}
Jun 18 19:06:07 jammy-provider-cloud-0000007248 neutron-server[89393]: DEBUG oslo_service.service [-] cache.proxies                  = [] {{(pid=89393) log_opt_values /opt/stack/data/venv/lib/python3.10/site-packages/oslo_config/cfg.py:2620}}
Jun 18 19:06:07 jammy-provider-cloud-0000007248 neutron-server[89393]: DEBUG oslo_service.service [-] cache.redis_password           = **** {{(pid=89393) log_opt_values /opt/stack/data/venv/lib/python3.10/site-packages/oslo_config/cfg.py:2620}}
Jun 18 19:06:07 jammy-provider-cloud-0000007248 neutron-server[89393]: DEBUG oslo_service.service [-] cache.redis_sentinel_service_name = mymaster {{(pid=89393) log_opt_values /opt/stack/data/venv/lib/python3.10/site-packages/oslo_config/cfg.py:2620}}
Jun 18 19:06:07 jammy-provider-cloud-0000007248 neutron-server[89393]: DEBUG oslo_service.service [-] cache.redis_sentinels          = ['localhost:26379'] {{(pid=89393) log_opt_values /opt/stack/data/venv/lib/python3.10/site-packages/oslo_config/cfg.py:2620}}
Jun 18 19:06:07 jammy-provider-cloud-0000007248 neutron-server[89393]: DEBUG oslo_service.service [-] cache.redis_server             = localhost:6379 {{(pid=89393) log_opt_values /opt/stack/data/venv/lib/python3.10/site-packages/oslo_config/cfg.py:2620}}
Jun 18 19:06:07 jammy-provider-cloud-0000007248 neutron-server[89393]: DEBUG oslo_service.service [-] cache.redis_socket_timeout     = 1.0 {{(pid=89393) log_opt_values /opt/stack/data/venv/lib/python3.10/site-packages/oslo_config/cfg.py:2620}}
Jun 18 19:06:07 jammy-provider-cloud-0000007248 neutron-server[89393]: DEBUG oslo_service.service [-] cache.redis_username           = None {{(pid=89393) log_opt_values /opt/stack/data/venv/lib/python3.10/site-packages/oslo_config/cfg.py:2620}}
Jun 18 19:06:07 jammy-provider-cloud-0000007248 neutron-server[89393]: DEBUG oslo_service.service [-] cache.retry_attempts           = 2 {{(pid=89393) log_opt_values /opt/stack/data/venv/lib/python3.10/site-packages/oslo_config/cfg.py:2620}}
Jun 18 19:06:07 jammy-provider-cloud-0000007248 neutron-server[89393]: DEBUG oslo_service.service [-] cache.retry_delay              = 0.0 {{(pid=89393) log_opt_values /opt/stack/data/venv/lib/python3.10/site-packages/oslo_config/cfg.py:2620}}
Jun 18 19:06:07 jammy-provider-cloud-0000007248 neutron-server[89393]: DEBUG oslo_service.service [-] cache.socket_keepalive_count   = 1 {{(pid=89393) log_opt_values /opt/stack/data/venv/lib/python3.10/site-packages/oslo_config/cfg.py:2620}}
Jun 18 19:06:07 jammy-provider-cloud-0000007248 neutron-server[89393]: DEBUG oslo_service.service [-] cache.socket_keepalive_idle    = 1 {{(pid=89393) log_opt_values /opt/stack/data/venv/lib/python3.10/site-packages/oslo_config/cfg.py:2620}}
Jun 18 19:06:07 jammy-provider-cloud-0000007248 neutron-server[89393]: DEBUG oslo_service.service [-] cache.socket_keepalive_interval = 1 {{(pid=89393) log_opt_values /opt/stack/data/venv/lib/python3.10/site-packages/oslo_config/cfg.py:2620}}
Jun 18 19:06:07 jammy-provider-cloud-0000007248 neutron-server[89393]: DEBUG oslo_service.service [-] cache.tls_allowed_ciphers      = None {{(pid=89393) log_opt_values /opt/stack/data/venv/lib/python3.10/site-packages/oslo_config/cfg.py:2620}}
Jun 18 19:06:07 jammy-provider-cloud-0000007248 neutron-server[89393]: DEBUG oslo_service.service [-] cache.tls_cafile               = None {{(pid=89393) log_opt_values /opt/stack/data/venv/lib/python3.10/site-packages/oslo_config/cfg.py:2620}}
Jun 18 19:06:07 jammy-provider-cloud-0000007248 neutron-server[89393]: DEBUG oslo_service.service [-] cache.tls_certfile             = None {{(pid=89393) log_opt_values /opt/stack/data/venv/lib/python3.10/site-packages/oslo_config/cfg.py:2620}}
Jun 18 19:06:07 jammy-provider-cloud-0000007248 neutron-server[89393]: DEBUG oslo_service.service [-] cache.tls_enabled              = False {{(pid=89393) log_opt_values /opt/stack/data/venv/lib/python3.10/site-packages/oslo_config/cfg.py:2620}}
Jun 18 19:06:07 jammy-provider-cloud-0000007248 neutron-server[89393]: DEBUG oslo_service.service [-] cache.tls_keyfile              = None {{(pid=89393) log_opt_values /opt/stack/data/venv/lib/python3.10/site-packages/oslo_config/cfg.py:2620}}
Jun 18 19:06:07 jammy-provider-cloud-0000007248 neutron-server[89393]: DEBUG oslo_service.service [-] privsep.capabilities           = [21, 12, 1, 2, 19] {{(pid=89393) log_opt_values /opt/stack/data/venv/lib/python3.10/site-packages/oslo_config/cfg.py:2620}}
Jun 18 19:06:07 jammy-provider-cloud-0000007248 neutron-server[89393]: DEBUG oslo_service.service [-] privsep.group                  = None {{(pid=89393) log_opt_values /opt/stack/data/venv/lib/python3.10/site-packages/oslo_config/cfg.py:2620}}
Jun 18 19:06:07 jammy-provider-cloud-0000007248 neutron-server[89393]: DEBUG oslo_service.service [-] privsep.helper_command         = None {{(pid=89393) log_opt_values /opt/stack/data/venv/lib/python3.10/site-packages/oslo_config/cfg.py:2620}}
Jun 18 19:06:07 jammy-provider-cloud-0000007248 neutron-server[89393]: DEBUG oslo_service.service [-] privsep.logger_name            = oslo_privsep.daemon {{(pid=89393) log_opt_values /opt/stack/data/venv/lib/python3.10/site-packages/oslo_config/cfg.py:2620}}
Jun 18 19:06:07 jammy-provider-cloud-0000007248 neutron-server[89393]: DEBUG oslo_service.service [-] privsep.thread_pool_size       = 4 {{(pid=89393) log_opt_values /opt/stack/data/venv/lib/python3.10/site-packages/oslo_config/cfg.py:2620}}
Jun 18 19:06:07 jammy-provider-cloud-0000007248 neutron-server[89393]: DEBUG oslo_service.service [-] privsep.user                   = None {{(pid=89393) log_opt_values /opt/stack/data/venv/lib/python3.10/site-packages/oslo_config/cfg.py:2620}}
Jun 18 19:06:07 jammy-provider-cloud-0000007248 neutron-server[89393]: DEBUG oslo_service.service [-] privsep_dhcp_release.capabilities = [21, 12] {{(pid=89393) log_opt_values /opt/stack/data/venv/lib/python3.10/site-packages/oslo_config/cfg.py:2620}}
Jun 18 19:06:07 jammy-provider-cloud-0000007248 neutron-server[89393]: DEBUG oslo_service.service [-] privsep_dhcp_release.group     = None {{(pid=89393) log_opt_values /opt/stack/data/venv/lib/python3.10/site-packages/oslo_config/cfg.py:2620}}
Jun 18 19:06:07 jammy-provider-cloud-0000007248 neutron-server[89393]: DEBUG oslo_service.service [-] privsep_dhcp_release.helper_command = None {{(pid=89393) log_opt_values /opt/stack/data/venv/lib/python3.10/site-packages/oslo_config/cfg.py:2620}}
Jun 18 19:06:07 jammy-provider-cloud-0000007248 neutron-server[89393]: DEBUG oslo_service.service [-] privsep_dhcp_release.logger_name = oslo_privsep.daemon {{(pid=89393) log_opt_values /opt/stack/data/venv/lib/python3.10/site-packages/oslo_config/cfg.py:2620}}
Jun 18 19:06:07 jammy-provider-cloud-0000007248 neutron-server[89583]: DEBUG dbcounter [-] [89583] Writer thread running {{(pid=89583) stat_writer /opt/stack/data/venv/lib/python3.10/site-packages/dbcounter.py:102}}
Jun 18 19:06:07 jammy-provider-cloud-0000007248 neutron-server[89393]: DEBUG oslo_service.service [-] privsep_dhcp_release.thread_pool_size = 4 {{(pid=89393) log_opt_values /opt/stack/data/venv/lib/python3.10/site-packages/oslo_config/cfg.py:2620}}
Jun 18 19:06:07 jammy-provider-cloud-0000007248 neutron-server[89393]: DEBUG oslo_service.service [-] privsep_dhcp_release.user      = None {{(pid=89393) log_opt_values /opt/stack/data/venv/lib/python3.10/site-packages/oslo_config/cfg.py:2620}}
Jun 18 19:06:07 jammy-provider-cloud-0000007248 neutron-server[89393]: DEBUG oslo_service.service [-] privsep_ovs_vsctl.capabilities = [21, 12] {{(pid=89393) log_opt_values /opt/stack/data/venv/lib/python3.10/site-packages/oslo_config/cfg.py:2620}}
Jun 18 19:06:07 jammy-provider-cloud-0000007248 neutron-server[89393]: DEBUG oslo_service.service [-] privsep_ovs_vsctl.group        = None {{(pid=89393) log_opt_values /opt/stack/data/venv/lib/python3.10/site-packages/oslo_config/cfg.py:2620}}
Jun 18 19:06:07 jammy-provider-cloud-0000007248 neutron-server[89393]: DEBUG oslo_service.service [-] privsep_ovs_vsctl.helper_command = None {{(pid=89393) log_opt_values /opt/stack/data/venv/lib/python3.10/site-packages/oslo_config/cfg.py:2620}}
Jun 18 19:06:07 jammy-provider-cloud-0000007248 neutron-server[89393]: DEBUG oslo_service.service [-] privsep_ovs_vsctl.logger_name  = oslo_privsep.daemon {{(pid=89393) log_opt_values /opt/stack/data/venv/lib/python3.10/site-packages/oslo_config/cfg.py:2620}}
Jun 18 19:06:07 jammy-provider-cloud-0000007248 neutron-server[89393]: DEBUG oslo_service.service [-] privsep_ovs_vsctl.thread_pool_size = 4 {{(pid=89393) log_opt_values /opt/stack/data/venv/lib/python3.10/site-packages/oslo_config/cfg.py:2620}}
Jun 18 19:06:07 jammy-provider-cloud-0000007248 neutron-server[89393]: DEBUG oslo_service.service [-] privsep_ovs_vsctl.user         = None {{(pid=89393) log_opt_values /opt/stack/data/venv/lib/python3.10/site-packages/oslo_config/cfg.py:2620}}
Jun 18 19:06:07 jammy-provider-cloud-0000007248 neutron-server[89393]: DEBUG oslo_service.service [-] privsep_namespace.capabilities = [21] {{(pid=89393) log_opt_values /opt/stack/data/venv/lib/python3.10/site-packages/oslo_config/cfg.py:2620}}
Jun 18 19:06:07 jammy-provider-cloud-0000007248 neutron-server[89393]: DEBUG oslo_service.service [-] privsep_namespace.group        = None {{(pid=89393) log_opt_values /opt/stack/data/venv/lib/python3.10/site-packages/oslo_config/cfg.py:2620}}
Jun 18 19:06:07 jammy-provider-cloud-0000007248 neutron-server[89393]: DEBUG oslo_service.service [-] privsep_namespace.helper_command = None {{(pid=89393) log_opt_values /opt/stack/data/venv/lib/python3.10/site-packages/oslo_config/cfg.py:2620}}
Jun 18 19:06:07 jammy-provider-cloud-0000007248 neutron-server[89393]: DEBUG oslo_service.service [-] privsep_namespace.logger_name  = oslo_privsep.daemon {{(pid=89393) log_opt_values /opt/stack/data/venv/lib/python3.10/site-packages/oslo_config/cfg.py:2620}}
Jun 18 19:06:07 jammy-provider-cloud-0000007248 neutron-server[89393]: DEBUG oslo_service.service [-] privsep_namespace.thread_pool_size = 4 {{(pid=89393) log_opt_values /opt/stack/data/venv/lib/python3.10/site-packages/oslo_config/cfg.py:2620}}
Jun 18 19:06:07 jammy-provider-cloud-0000007248 neutron-server[89393]: DEBUG oslo_service.service [-] privsep_namespace.user         = None {{(pid=89393) log_opt_values /opt/stack/data/venv/lib/python3.10/site-packages/oslo_config/cfg.py:2620}}
Jun 18 19:06:07 jammy-provider-cloud-0000007248 neutron-server[89393]: DEBUG oslo_service.service [-] privsep_conntrack.capabilities = [12] {{(pid=89393) log_opt_values /opt/stack/data/venv/lib/python3.10/site-packages/oslo_config/cfg.py:2620}}
Jun 18 19:06:07 jammy-provider-cloud-0000007248 neutron-server[89393]: DEBUG oslo_service.service [-] privsep_conntrack.group        = None {{(pid=89393) log_opt_values /opt/stack/data/venv/lib/python3.10/site-packages/oslo_config/cfg.py:2620}}
Jun 18 19:06:07 jammy-provider-cloud-0000007248 neutron-server[89393]: DEBUG oslo_service.service [-] privsep_conntrack.helper_command = None {{(pid=89393) log_opt_values /opt/stack/data/venv/lib/python3.10/site-packages/oslo_config/cfg.py:2620}}
Jun 18 19:06:07 jammy-provider-cloud-0000007248 neutron-server[89393]: DEBUG oslo_service.service [-] privsep_conntrack.logger_name  = oslo_privsep.daemon {{(pid=89393) log_opt_values /opt/stack/data/venv/lib/python3.10/site-packages/oslo_config/cfg.py:2620}}
Jun 18 19:06:07 jammy-provider-cloud-0000007248 neutron-server[89393]: DEBUG oslo_service.service [-] privsep_conntrack.thread_pool_size = 4 {{(pid=89393) log_opt_values /opt/stack/data/venv/lib/python3.10/site-packages/oslo_config/cfg.py:2620}}
Jun 18 19:06:07 jammy-provider-cloud-0000007248 neutron-server[89393]: DEBUG oslo_service.service [-] privsep_conntrack.user         = None {{(pid=89393) log_opt_values /opt/stack/data/venv/lib/python3.10/site-packages/oslo_config/cfg.py:2620}}
Jun 18 19:06:07 jammy-provider-cloud-0000007248 neutron-server[89393]: DEBUG oslo_service.service [-] privsep_link.capabilities      = [12, 21] {{(pid=89393) log_opt_values /opt/stack/data/venv/lib/python3.10/site-packages/oslo_config/cfg.py:2620}}
Jun 18 19:06:07 jammy-provider-cloud-0000007248 neutron-server[89393]: DEBUG oslo_service.service [-] privsep_link.group             = None {{(pid=89393) log_opt_values /opt/stack/data/venv/lib/python3.10/site-packages/oslo_config/cfg.py:2620}}
Jun 18 19:06:07 jammy-provider-cloud-0000007248 neutron-server[89393]: DEBUG oslo_service.service [-] privsep_link.helper_command    = None {{(pid=89393) log_opt_values /opt/stack/data/venv/lib/python3.10/site-packages/oslo_config/cfg.py:2620}}
Jun 18 19:06:07 jammy-provider-cloud-0000007248 neutron-server[89393]: DEBUG oslo_service.service [-] privsep_link.logger_name       = oslo_privsep.daemon {{(pid=89393) log_opt_values /opt/stack/data/venv/lib/python3.10/site-packages/oslo_config/cfg.py:2620}}
Jun 18 19:06:07 jammy-provider-cloud-0000007248 neutron-server[89393]: DEBUG oslo_service.service [-] privsep_link.thread_pool_size  = 4 {{(pid=89393) log_opt_values /opt/stack/data/venv/lib/python3.10/site-packages/oslo_config/cfg.py:2620}}
Jun 18 19:06:07 jammy-provider-cloud-0000007248 neutron-server[89586]: DEBUG ovsdbapp.backend.ovs_idl [-] Created lookup_table index Logical_Switch.name {{(pid=89586) autocreate_indices /opt/stack/data/venv/lib/python3.10/site-packages/ovsdbapp/backend/ovs_idl/__init__.py:87}}
Jun 18 19:06:07 jammy-provider-cloud-0000007248 neutron-server[89393]: DEBUG oslo_service.service [-] privsep_link.user              = None {{(pid=89393) log_opt_values /opt/stack/data/venv/lib/python3.10/site-packages/oslo_config/cfg.py:2620}}
Jun 18 19:06:07 jammy-provider-cloud-0000007248 neutron-server[89586]: DEBUG ovsdbapp.backend.ovs_idl [-] Created lookup_table index Logical_Router.name {{(pid=89586) autocreate_indices /opt/stack/data/venv/lib/python3.10/site-packages/ovsdbapp/backend/ovs_idl/__init__.py:87}}
Jun 18 19:06:07 jammy-provider-cloud-0000007248 neutron-server[89586]: DEBUG ovsdbapp.backend.ovs_idl [-] Created lookup_table index Load_Balancer.name {{(pid=89586) autocreate_indices /opt/stack/data/venv/lib/python3.10/site-packages/ovsdbapp/backend/ovs_idl/__init__.py:87}}
Jun 18 19:06:07 jammy-provider-cloud-0000007248 neutron-server[89393]: DEBUG oslo_service.service [-] AGENT.root_helper              = sudo /opt/stack/data/venv/bin/neutron-rootwrap /etc/neutron/rootwrap.conf {{(pid=89393) log_opt_values /opt/stack/data/venv/lib/python3.10/site-packages/oslo_config/cfg.py:2620}}
Jun 18 19:06:07 jammy-provider-cloud-0000007248 neutron-server[89586]: DEBUG ovsdbapp.backend.ovs_idl [-] Created schema index Copp.name {{(pid=89586) autocreate_indices /opt/stack/data/venv/lib/python3.10/site-packages/ovsdbapp/backend/ovs_idl/__init__.py:106}}
Jun 18 19:06:07 jammy-provider-cloud-0000007248 neutron-server[89586]: DEBUG ovsdbapp.backend.ovs_idl [-] Created schema index Meter.name {{(pid=89586) autocreate_indices /opt/stack/data/venv/lib/python3.10/site-packages/ovsdbapp/backend/ovs_idl/__init__.py:106}}
Jun 18 19:06:07 jammy-provider-cloud-0000007248 neutron-server[89393]: DEBUG oslo_service.service [-] AGENT.root_helper_daemon       = sudo /opt/stack/data/venv/bin/neutron-rootwrap-daemon /etc/neutron/rootwrap.conf {{(pid=89393) log_opt_values /opt/stack/data/venv/lib/python3.10/site-packages/oslo_config/cfg.py:2620}}
Jun 18 19:06:07 jammy-provider-cloud-0000007248 neutron-server[89586]: DEBUG ovsdbapp.backend.ovs_idl [-] Created schema index Load_Balancer_Group.name {{(pid=89586) autocreate_indices /opt/stack/data/venv/lib/python3.10/site-packages/ovsdbapp/backend/ovs_idl/__init__.py:106}}
Jun 18 19:06:07 jammy-provider-cloud-0000007248 neutron-server[89393]: DEBUG oslo_service.service [-] AGENT.use_helper_for_ns_read   = True {{(pid=89393) log_opt_values /opt/stack/data/venv/lib/python3.10/site-packages/oslo_config/cfg.py:2620}}
Jun 18 19:06:07 jammy-provider-cloud-0000007248 neutron-server[89586]: DEBUG ovsdbapp.backend.ovs_idl [-] Created schema index HA_Chassis_Group.name {{(pid=89586) autocreate_indices /opt/stack/data/venv/lib/python3.10/site-packages/ovsdbapp/backend/ovs_idl/__init__.py:106}}
Jun 18 19:06:07 jammy-provider-cloud-0000007248 neutron-server[89586]: DEBUG ovsdbapp.backend.ovs_idl [-] Created schema index Address_Set.name {{(pid=89586) autocreate_indices /opt/stack/data/venv/lib/python3.10/site-packages/ovsdbapp/backend/ovs_idl/__init__.py:106}}
Jun 18 19:06:07 jammy-provider-cloud-0000007248 neutron-server[89586]: DEBUG ovsdbapp.backend.ovs_idl [-] Created schema index Connection.target {{(pid=89586) autocreate_indices /opt/stack/data/venv/lib/python3.10/site-packages/ovsdbapp/backend/ovs_idl/__init__.py:106}}
Jun 18 19:06:07 jammy-provider-cloud-0000007248 neutron-server[89393]: DEBUG oslo_service.service [-] SECURITYGROUP.enable_ipset     = True {{(pid=89393) log_opt_values /opt/stack/data/venv/lib/python3.10/site-packages/oslo_config/cfg.py:2620}}
Jun 18 19:06:07 jammy-provider-cloud-0000007248 neutron-server[89586]: DEBUG ovsdbapp.backend.ovs_idl [-] Created schema index Gateway_Chassis.name {{(pid=89586) autocreate_indices /opt/stack/data/venv/lib/python3.10/site-packages/ovsdbapp/backend/ovs_idl/__init__.py:106}}
Jun 18 19:06:07 jammy-provider-cloud-0000007248 neutron-server[89393]: DEBUG oslo_service.service [-] SECURITYGROUP.enable_security_group = True {{(pid=89393) log_opt_values /opt/stack/data/venv/lib/python3.10/site-packages/oslo_config/cfg.py:2620}}
Jun 18 19:06:07 jammy-provider-cloud-0000007248 neutron-server[89586]: DEBUG ovsdbapp.backend.ovs_idl [-] Created schema index Logical_Router_Port.name {{(pid=89586) autocreate_indices /opt/stack/data/venv/lib/python3.10/site-packages/ovsdbapp/backend/ovs_idl/__init__.py:106}}
Jun 18 19:06:07 jammy-provider-cloud-0000007248 neutron-server[89586]: DEBUG ovsdbapp.backend.ovs_idl [-] Created schema index Port_Group.name {{(pid=89586) autocreate_indices /opt/stack/data/venv/lib/python3.10/site-packages/ovsdbapp/backend/ovs_idl/__init__.py:106}}
Jun 18 19:06:07 jammy-provider-cloud-0000007248 neutron-server[89393]: DEBUG oslo_service.service [-] SECURITYGROUP.firewall_driver  = None {{(pid=89393) log_opt_values /opt/stack/data/venv/lib/python3.10/site-packages/oslo_config/cfg.py:2620}}
Jun 18 19:06:07 jammy-provider-cloud-0000007248 neutron-server[89586]: DEBUG ovsdbapp.backend.ovs_idl [-] Created schema index Logical_Switch_Port.name {{(pid=89586) autocreate_indices /opt/stack/data/venv/lib/python3.10/site-packages/ovsdbapp/backend/ovs_idl/__init__.py:106}}
Jun 18 19:06:07 jammy-provider-cloud-0000007248 neutron-server[89393]: DEBUG oslo_service.service [-] SECURITYGROUP.permitted_ethertypes = [] {{(pid=89393) log_opt_values /opt/stack/data/venv/lib/python3.10/site-packages/oslo_config/cfg.py:2620}}
Jun 18 19:06:07 jammy-provider-cloud-0000007248 neutron-server[89393]: DEBUG oslo_service.service [-] experimental.ipv6_pd_enabled   = False {{(pid=89393) log_opt_values /opt/stack/data/venv/lib/python3.10/site-packages/oslo_config/cfg.py:2620}}
Jun 18 19:06:07 jammy-provider-cloud-0000007248 neutron-server[89586]: INFO ovsdbapp.backend.ovs_idl.vlog [-] tcp:10.201.5.87:6641: connecting...
Jun 18 19:06:07 jammy-provider-cloud-0000007248 neutron-server[89393]: DEBUG oslo_service.service [-] experimental.linuxbridge       = False {{(pid=89393) log_opt_values /opt/stack/data/venv/lib/python3.10/site-packages/oslo_config/cfg.py:2620}}
