Jun 14 04:05:11 jammy-provider-cloud-0000007206 neutron-server[89373]: DEBUG oslo_service.service [-] logging_user_identity_format   = %(user)s %(project)s %(domain)s %(system_scope)s %(user_domain)s %(project_domain)s {{(pid=89373) log_opt_values /opt/stack/data/venv/lib/python3.10/site-packages/oslo_config/cfg.py:2613}}
Jun 14 04:05:11 jammy-provider-cloud-0000007206 neutron-server[89373]: DEBUG oslo_service.service [-] max_allowed_address_pair       = 10 {{(pid=89373) log_opt_values /opt/stack/data/venv/lib/python3.10/site-packages/oslo_config/cfg.py:2613}}
Jun 14 04:05:11 jammy-provider-cloud-0000007206 neutron-server[89373]: DEBUG oslo_service.service [-] max_dns_nameservers            = 5 {{(pid=89373) log_opt_values /opt/stack/data/venv/lib/python3.10/site-packages/oslo_config/cfg.py:2613}}
Jun 14 04:05:11 jammy-provider-cloud-0000007206 neutron-server[89373]: DEBUG oslo_service.service [-] max_header_line                = 16384 {{(pid=89373) log_opt_values /opt/stack/data/venv/lib/python3.10/site-packages/oslo_config/cfg.py:2613}}
Jun 14 04:05:11 jammy-provider-cloud-0000007206 neutron-server[89373]: DEBUG oslo_service.service [-] max_l3_agents_per_router       = 3 {{(pid=89373) log_opt_values /opt/stack/data/venv/lib/python3.10/site-packages/oslo_config/cfg.py:2613}}
Jun 14 04:05:11 jammy-provider-cloud-0000007206 neutron-server[89373]: DEBUG oslo_service.service [-] max_logfile_count              = 30 {{(pid=89373) log_opt_values /opt/stack/data/venv/lib/python3.10/site-packages/oslo_config/cfg.py:2613}}
Jun 14 04:05:11 jammy-provider-cloud-0000007206 neutron-server[89373]: DEBUG oslo_service.service [-] max_logfile_size_mb            = 200 {{(pid=89373) log_opt_values /opt/stack/data/venv/lib/python3.10/site-packages/oslo_config/cfg.py:2613}}
Jun 14 04:05:11 jammy-provider-cloud-0000007206 neutron-server[89373]: DEBUG oslo_service.service [-] max_routes                     = 30 {{(pid=89373) log_opt_values /opt/stack/data/venv/lib/python3.10/site-packages/oslo_config/cfg.py:2613}}
Jun 14 04:05:11 jammy-provider-cloud-0000007206 neutron-server[89373]: DEBUG oslo_service.service [-] max_subnet_host_routes         = 20 {{(pid=89373) log_opt_values /opt/stack/data/venv/lib/python3.10/site-packages/oslo_config/cfg.py:2613}}
Jun 14 04:05:11 jammy-provider-cloud-0000007206 neutron-server[89373]: DEBUG oslo_service.service [-] my_ip                          = 10.201.5.87 {{(pid=89373) log_opt_values /opt/stack/data/venv/lib/python3.10/site-packages/oslo_config/cfg.py:2613}}
Jun 14 04:05:11 jammy-provider-cloud-0000007206 neutron-server[89373]: DEBUG oslo_service.service [-] my_ipv6                        = fd71:395:eb6a:0:f816:3eff:fe84:f023 {{(pid=89373) log_opt_values /opt/stack/data/venv/lib/python3.10/site-packages/oslo_config/cfg.py:2613}}
Jun 14 04:05:11 jammy-provider-cloud-0000007206 neutron-server[89373]: DEBUG oslo_service.service [-] network_auto_schedule          = True {{(pid=89373) log_opt_values /opt/stack/data/venv/lib/python3.10/site-packages/oslo_config/cfg.py:2613}}
Jun 14 04:05:11 jammy-provider-cloud-0000007206 neutron-server[89373]: DEBUG oslo_service.service [-] network_link_prefix            = None {{(pid=89373) log_opt_values /opt/stack/data/venv/lib/python3.10/site-packages/oslo_config/cfg.py:2613}}
Jun 14 04:05:11 jammy-provider-cloud-0000007206 neutron-server[89373]: DEBUG oslo_service.service [-] network_scheduler_driver       = neutron.scheduler.dhcp_agent_scheduler.WeightScheduler {{(pid=89373) log_opt_values /opt/stack/data/venv/lib/python3.10/site-packages/oslo_config/cfg.py:2613}}
Jun 14 04:05:11 jammy-provider-cloud-0000007206 neutron-server[89373]: DEBUG oslo_service.service [-] notify_nova_on_port_data_changes = True {{(pid=89373) log_opt_values /opt/stack/data/venv/lib/python3.10/site-packages/oslo_config/cfg.py:2613}}
Jun 14 04:05:11 jammy-provider-cloud-0000007206 neutron-server[89373]: DEBUG oslo_service.service [-] notify_nova_on_port_status_changes = True {{(pid=89373) log_opt_values /opt/stack/data/venv/lib/python3.10/site-packages/oslo_config/cfg.py:2613}}
Jun 14 04:05:11 jammy-provider-cloud-0000007206 neutron-server[89373]: DEBUG oslo_service.service [-] pagination_max_limit           = -1 {{(pid=89373) log_opt_values /opt/stack/data/venv/lib/python3.10/site-packages/oslo_config/cfg.py:2613}}
Jun 14 04:05:11 jammy-provider-cloud-0000007206 neutron-server[89373]: DEBUG oslo_service.service [-] periodic_fuzzy_delay           = 5 {{(pid=89373) log_opt_values /opt/stack/data/venv/lib/python3.10/site-packages/oslo_config/cfg.py:2613}}
Jun 14 04:05:11 jammy-provider-cloud-0000007206 neutron-server[89373]: DEBUG oslo_service.service [-] periodic_interval              = 40 {{(pid=89373) log_opt_values /opt/stack/data/venv/lib/python3.10/site-packages/oslo_config/cfg.py:2613}}
Jun 14 04:05:11 jammy-provider-cloud-0000007206 neutron-server[89373]: DEBUG oslo_service.service [-] publish_errors                 = False {{(pid=89373) log_opt_values /opt/stack/data/venv/lib/python3.10/site-packages/oslo_config/cfg.py:2613}}
Jun 14 04:05:11 jammy-provider-cloud-0000007206 neutron-server[89373]: DEBUG oslo_service.service [-] rate_limit_burst               = 0 {{(pid=89373) log_opt_values /opt/stack/data/venv/lib/python3.10/site-packages/oslo_config/cfg.py:2613}}
Jun 14 04:05:11 jammy-provider-cloud-0000007206 neutron-server[89373]: DEBUG oslo_service.service [-] rate_limit_except_level        = CRITICAL {{(pid=89373) log_opt_values /opt/stack/data/venv/lib/python3.10/site-packages/oslo_config/cfg.py:2613}}
Jun 14 04:05:11 jammy-provider-cloud-0000007206 neutron-server[89373]: DEBUG oslo_service.service [-] rate_limit_interval            = 0 {{(pid=89373) log_opt_values /opt/stack/data/venv/lib/python3.10/site-packages/oslo_config/cfg.py:2613}}
Jun 14 04:05:11 jammy-provider-cloud-0000007206 neutron-server[89373]: DEBUG oslo_service.service [-] retry_until_window             = 30 {{(pid=89373) log_opt_values /opt/stack/data/venv/lib/python3.10/site-packages/oslo_config/cfg.py:2613}}
Jun 14 04:05:11 jammy-provider-cloud-0000007206 neutron-server[89373]: DEBUG oslo_service.service [-] router_distributed             = False {{(pid=89373) log_opt_values /opt/stack/data/venv/lib/python3.10/site-packages/oslo_config/cfg.py:2613}}
Jun 14 04:05:11 jammy-provider-cloud-0000007206 neutron-server[89373]: DEBUG oslo_service.service [-] rpc_resources_processing_step  = 20 {{(pid=89373) log_opt_values /opt/stack/data/venv/lib/python3.10/site-packages/oslo_config/cfg.py:2613}}
Jun 14 04:05:11 jammy-provider-cloud-0000007206 neutron-server[89562]: DEBUG dbcounter [-] [89562] Writer thread running {{(pid=89562) stat_writer /opt/stack/data/venv/lib/python3.10/site-packages/dbcounter.py:102}}
Jun 14 04:05:11 jammy-provider-cloud-0000007206 neutron-server[89373]: DEBUG oslo_service.service [-] rpc_response_max_timeout       = 600 {{(pid=89373) log_opt_values /opt/stack/data/venv/lib/python3.10/site-packages/oslo_config/cfg.py:2613}}
Jun 14 04:05:11 jammy-provider-cloud-0000007206 neutron-server[89373]: DEBUG oslo_service.service [-] rpc_response_timeout           = 60 {{(pid=89373) log_opt_values /opt/stack/data/venv/lib/python3.10/site-packages/oslo_config/cfg.py:2613}}
Jun 14 04:05:11 jammy-provider-cloud-0000007206 neutron-server[89564]: DEBUG ovsdbapp.backend.ovs_idl [None req-e00fe4c8-38a9-4cd4-8579-f03d8751e5e0 None None] Created lookup_table index Logical_Switch.name {{(pid=89564) autocreate_indices /opt/stack/data/venv/lib/python3.10/site-packages/ovsdbapp/backend/ovs_idl/__init__.py:87}}
Jun 14 04:05:11 jammy-provider-cloud-0000007206 neutron-server[89564]: DEBUG ovsdbapp.backend.ovs_idl [None req-e00fe4c8-38a9-4cd4-8579-f03d8751e5e0 None None] Created lookup_table index Logical_Router.name {{(pid=89564) autocreate_indices /opt/stack/data/venv/lib/python3.10/site-packages/ovsdbapp/backend/ovs_idl/__init__.py:87}}
Jun 14 04:05:11 jammy-provider-cloud-0000007206 neutron-server[89564]: DEBUG ovsdbapp.backend.ovs_idl [None req-e00fe4c8-38a9-4cd4-8579-f03d8751e5e0 None None] Created lookup_table index Load_Balancer.name {{(pid=89564) autocreate_indices /opt/stack/data/venv/lib/python3.10/site-packages/ovsdbapp/backend/ovs_idl/__init__.py:87}}
Jun 14 04:05:11 jammy-provider-cloud-0000007206 neutron-server[89373]: DEBUG oslo_service.service [-] rpc_state_report_workers       = 0 {{(pid=89373) log_opt_values /opt/stack/data/venv/lib/python3.10/site-packages/oslo_config/cfg.py:2613}}
Jun 14 04:05:11 jammy-provider-cloud-0000007206 neutron-server[89564]: DEBUG ovsdbapp.backend.ovs_idl [None req-e00fe4c8-38a9-4cd4-8579-f03d8751e5e0 None None] Created schema index Copp.name {{(pid=89564) autocreate_indices /opt/stack/data/venv/lib/python3.10/site-packages/ovsdbapp/backend/ovs_idl/__init__.py:106}}
Jun 14 04:05:11 jammy-provider-cloud-0000007206 neutron-server[89564]: DEBUG ovsdbapp.backend.ovs_idl [None req-e00fe4c8-38a9-4cd4-8579-f03d8751e5e0 None None] Created schema index Meter.name {{(pid=89564) autocreate_indices /opt/stack/data/venv/lib/python3.10/site-packages/ovsdbapp/backend/ovs_idl/__init__.py:106}}
Jun 14 04:05:11 jammy-provider-cloud-0000007206 neutron-server[89564]: DEBUG ovsdbapp.backend.ovs_idl [None req-e00fe4c8-38a9-4cd4-8579-f03d8751e5e0 None None] Created schema index Load_Balancer_Group.name {{(pid=89564) autocreate_indices /opt/stack/data/venv/lib/python3.10/site-packages/ovsdbapp/backend/ovs_idl/__init__.py:106}}
Jun 14 04:05:11 jammy-provider-cloud-0000007206 neutron-server[89564]: DEBUG ovsdbapp.backend.ovs_idl [None req-e00fe4c8-38a9-4cd4-8579-f03d8751e5e0 None None] Created schema index HA_Chassis_Group.name {{(pid=89564) autocreate_indices /opt/stack/data/venv/lib/python3.10/site-packages/ovsdbapp/backend/ovs_idl/__init__.py:106}}
Jun 14 04:05:11 jammy-provider-cloud-0000007206 neutron-server[89564]: DEBUG ovsdbapp.backend.ovs_idl [None req-e00fe4c8-38a9-4cd4-8579-f03d8751e5e0 None None] Created schema index Address_Set.name {{(pid=89564) autocreate_indices /opt/stack/data/venv/lib/python3.10/site-packages/ovsdbapp/backend/ovs_idl/__init__.py:106}}
Jun 14 04:05:11 jammy-provider-cloud-0000007206 neutron-server[89561]: DEBUG ovsdbapp.backend.ovs_idl [None req-cc24e9ab-45f4-43d5-8409-35073a9363c5 None None] Created lookup_table index Logical_Switch.name {{(pid=89561) autocreate_indices /opt/stack/data/venv/lib/python3.10/site-packages/ovsdbapp/backend/ovs_idl/__init__.py:87}}
Jun 14 04:05:11 jammy-provider-cloud-0000007206 neutron-server[89564]: DEBUG ovsdbapp.backend.ovs_idl [None req-e00fe4c8-38a9-4cd4-8579-f03d8751e5e0 None None] Created schema index Connection.target {{(pid=89564) autocreate_indices /opt/stack/data/venv/lib/python3.10/site-packages/ovsdbapp/backend/ovs_idl/__init__.py:106}}
Jun 14 04:05:11 jammy-provider-cloud-0000007206 neutron-server[89562]: INFO neutron.db.ovn_hash_ring_db [None req-f0374c6b-c15b-4343-9d7e-6bd7cdc9a66c None None] Node 9918fe4a-f3b4-40cd-b1c5-08ab56452d21 from host "jammy-provider-cloud-0000007206" and group "mechanism_driver" added to the Hash Ring
Jun 14 04:05:11 jammy-provider-cloud-0000007206 neutron-server[89564]: DEBUG ovsdbapp.backend.ovs_idl [None req-e00fe4c8-38a9-4cd4-8579-f03d8751e5e0 None None] Created schema index Gateway_Chassis.name {{(pid=89564) autocreate_indices /opt/stack/data/venv/lib/python3.10/site-packages/ovsdbapp/backend/ovs_idl/__init__.py:106}}
Jun 14 04:05:11 jammy-provider-cloud-0000007206 neutron-server[89561]: DEBUG ovsdbapp.backend.ovs_idl [None req-cc24e9ab-45f4-43d5-8409-35073a9363c5 None None] Created lookup_table index Logical_Router.name {{(pid=89561) autocreate_indices /opt/stack/data/venv/lib/python3.10/site-packages/ovsdbapp/backend/ovs_idl/__init__.py:87}}
Jun 14 04:05:11 jammy-provider-cloud-0000007206 neutron-server[89564]: DEBUG ovsdbapp.backend.ovs_idl [None req-e00fe4c8-38a9-4cd4-8579-f03d8751e5e0 None None] Created schema index Logical_Router_Port.name {{(pid=89564) autocreate_indices /opt/stack/data/venv/lib/python3.10/site-packages/ovsdbapp/backend/ovs_idl/__init__.py:106}}
Jun 14 04:05:11 jammy-provider-cloud-0000007206 neutron-server[89564]: DEBUG ovsdbapp.backend.ovs_idl [None req-e00fe4c8-38a9-4cd4-8579-f03d8751e5e0 None None] Created schema index Port_Group.name {{(pid=89564) autocreate_indices /opt/stack/data/venv/lib/python3.10/site-packages/ovsdbapp/backend/ovs_idl/__init__.py:106}}
Jun 14 04:05:11 jammy-provider-cloud-0000007206 neutron-server[89561]: DEBUG ovsdbapp.backend.ovs_idl [None req-cc24e9ab-45f4-43d5-8409-35073a9363c5 None None] Created lookup_table index Load_Balancer.name {{(pid=89561) autocreate_indices /opt/stack/data/venv/lib/python3.10/site-packages/ovsdbapp/backend/ovs_idl/__init__.py:87}}
Jun 14 04:05:11 jammy-provider-cloud-0000007206 neutron-server[89562]: DEBUG oslo_concurrency.lockutils [None req-f0374c6b-c15b-4343-9d7e-6bd7cdc9a66c None None] Lock "hash_ring_probe_lock" "released" by "neutron.plugins.ml2.drivers.ovn.mech_driver.mech_driver.OVNMechanismDriver._setup_hash_ring" :: held 0.030s {{(pid=89562) inner /opt/stack/data/venv/lib/python3.10/site-packages/oslo_concurrency/lockutils.py:421}}
Jun 14 04:05:11 jammy-provider-cloud-0000007206 neutron-server[89564]: DEBUG ovsdbapp.backend.ovs_idl [None req-e00fe4c8-38a9-4cd4-8579-f03d8751e5e0 None None] Created schema index Logical_Switch_Port.name {{(pid=89564) autocreate_indices /opt/stack/data/venv/lib/python3.10/site-packages/ovsdbapp/backend/ovs_idl/__init__.py:106}}
Jun 14 04:05:11 jammy-provider-cloud-0000007206 neutron-server[89561]: DEBUG ovsdbapp.backend.ovs_idl [None req-cc24e9ab-45f4-43d5-8409-35073a9363c5 None None] Created schema index Copp.name {{(pid=89561) autocreate_indices /opt/stack/data/venv/lib/python3.10/site-packages/ovsdbapp/backend/ovs_idl/__init__.py:106}}
Jun 14 04:05:11 jammy-provider-cloud-0000007206 neutron-server[89561]: DEBUG ovsdbapp.backend.ovs_idl [None req-cc24e9ab-45f4-43d5-8409-35073a9363c5 None None] Created schema index Meter.name {{(pid=89561) autocreate_indices /opt/stack/data/venv/lib/python3.10/site-packages/ovsdbapp/backend/ovs_idl/__init__.py:106}}
Jun 14 04:05:11 jammy-provider-cloud-0000007206 neutron-server[89564]: INFO ovsdbapp.backend.ovs_idl.vlog [None req-e00fe4c8-38a9-4cd4-8579-f03d8751e5e0 None None] tcp:10.201.5.87:6641: connecting...
Jun 14 04:05:11 jammy-provider-cloud-0000007206 neutron-server[89561]: DEBUG ovsdbapp.backend.ovs_idl [None req-cc24e9ab-45f4-43d5-8409-35073a9363c5 None None] Created schema index Load_Balancer_Group.name {{(pid=89561) autocreate_indices /opt/stack/data/venv/lib/python3.10/site-packages/ovsdbapp/backend/ovs_idl/__init__.py:106}}
Jun 14 04:05:11 jammy-provider-cloud-0000007206 neutron-server[89561]: DEBUG ovsdbapp.backend.ovs_idl [None req-cc24e9ab-45f4-43d5-8409-35073a9363c5 None None] Created schema index HA_Chassis_Group.name {{(pid=89561) autocreate_indices /opt/stack/data/venv/lib/python3.10/site-packages/ovsdbapp/backend/ovs_idl/__init__.py:106}}
Jun 14 04:05:11 jammy-provider-cloud-0000007206 neutron-server[89561]: DEBUG ovsdbapp.backend.ovs_idl [None req-cc24e9ab-45f4-43d5-8409-35073a9363c5 None None] Created schema index Address_Set.name {{(pid=89561) autocreate_indices /opt/stack/data/venv/lib/python3.10/site-packages/ovsdbapp/backend/ovs_idl/__init__.py:106}}
Jun 14 04:05:11 jammy-provider-cloud-0000007206 neutron-server[89564]: INFO ovsdbapp.backend.ovs_idl.vlog [None req-e00fe4c8-38a9-4cd4-8579-f03d8751e5e0 None None] tcp:10.201.5.87:6641: connected
Jun 14 04:05:11 jammy-provider-cloud-0000007206 neutron-server[89561]: DEBUG ovsdbapp.backend.ovs_idl [None req-cc24e9ab-45f4-43d5-8409-35073a9363c5 None None] Created schema index Connection.target {{(pid=89561) autocreate_indices /opt/stack/data/venv/lib/python3.10/site-packages/ovsdbapp/backend/ovs_idl/__init__.py:106}}
Jun 14 04:05:11 jammy-provider-cloud-0000007206 neutron-server[89562]: INFO neutron.plugins.ml2.drivers.ovn.mech_driver.ovsdb.impl_idl_ovn [None req-f0374c6b-c15b-4343-9d7e-6bd7cdc9a66c None None] Getting OvsdbNbOvnIdl for WorkerService with retry
Jun 14 04:05:11 jammy-provider-cloud-0000007206 neutron-server[89373]: DEBUG oslo_service.service [-] rpc_workers                    = None {{(pid=89373) log_opt_values /opt/stack/data/venv/lib/python3.10/site-packages/oslo_config/cfg.py:2613}}
Jun 14 04:05:11 jammy-provider-cloud-0000007206 neutron-server[89561]: DEBUG ovsdbapp.backend.ovs_idl [None req-cc24e9ab-45f4-43d5-8409-35073a9363c5 None None] Created schema index Gateway_Chassis.name {{(pid=89561) autocreate_indices /opt/stack/data/venv/lib/python3.10/site-packages/ovsdbapp/backend/ovs_idl/__init__.py:106}}
Jun 14 04:05:11 jammy-provider-cloud-0000007206 neutron-server[89561]: DEBUG ovsdbapp.backend.ovs_idl [None req-cc24e9ab-45f4-43d5-8409-35073a9363c5 None None] Created schema index Logical_Router_Port.name {{(pid=89561) autocreate_indices /opt/stack/data/venv/lib/python3.10/site-packages/ovsdbapp/backend/ovs_idl/__init__.py:106}}
Jun 14 04:05:11 jammy-provider-cloud-0000007206 neutron-server[89561]: DEBUG ovsdbapp.backend.ovs_idl [None req-cc24e9ab-45f4-43d5-8409-35073a9363c5 None None] Created schema index Port_Group.name {{(pid=89561) autocreate_indices /opt/stack/data/venv/lib/python3.10/site-packages/ovsdbapp/backend/ovs_idl/__init__.py:106}}
Jun 14 04:05:11 jammy-provider-cloud-0000007206 neutron-server[89561]: DEBUG ovsdbapp.backend.ovs_idl [None req-cc24e9ab-45f4-43d5-8409-35073a9363c5 None None] Created schema index Logical_Switch_Port.name {{(pid=89561) autocreate_indices /opt/stack/data/venv/lib/python3.10/site-packages/ovsdbapp/backend/ovs_idl/__init__.py:106}}
Jun 14 04:05:11 jammy-provider-cloud-0000007206 neutron-server[89561]: INFO ovsdbapp.backend.ovs_idl.vlog [None req-cc24e9ab-45f4-43d5-8409-35073a9363c5 None None] tcp:10.201.5.87:6641: connecting...
Jun 14 04:05:11 jammy-provider-cloud-0000007206 neutron-server[89373]: DEBUG oslo_service.service [-] send_events_interval           = 2 {{(pid=89373) log_opt_values /opt/stack/data/venv/lib/python3.10/site-packages/oslo_config/cfg.py:2613}}
Jun 14 04:05:11 jammy-provider-cloud-0000007206 neutron-server[89373]: DEBUG oslo_service.service [-] service_plugins                = ['ovn-router'] {{(pid=89373) log_opt_values /opt/stack/data/venv/lib/python3.10/site-packages/oslo_config/cfg.py:2613}}
Jun 14 04:05:11 jammy-provider-cloud-0000007206 neutron-server[89561]: INFO ovsdbapp.backend.ovs_idl.vlog [None req-cc24e9ab-45f4-43d5-8409-35073a9363c5 None None] tcp:10.201.5.87:6641: connected
Jun 14 04:05:11 jammy-provider-cloud-0000007206 neutron-server[89373]: DEBUG oslo_service.service [-] setproctitle                   = on {{(pid=89373) log_opt_values /opt/stack/data/venv/lib/python3.10/site-packages/oslo_config/cfg.py:2613}}
Jun 14 04:05:11 jammy-provider-cloud-0000007206 neutron-server[89373]: DEBUG oslo_service.service [-] state_path                     = /opt/stack/data/neutron {{(pid=89373) log_opt_values /opt/stack/data/venv/lib/python3.10/site-packages/oslo_config/cfg.py:2613}}
Jun 14 04:05:11 jammy-provider-cloud-0000007206 neutron-server[89373]: DEBUG oslo_service.service [-] syslog_log_facility            = LOG_USER {{(pid=89373) log_opt_values /opt/stack/data/venv/lib/python3.10/site-packages/oslo_config/cfg.py:2613}}
Jun 14 04:05:11 jammy-provider-cloud-0000007206 neutron-server[89373]: DEBUG oslo_service.service [-] tcp_keepidle                   = 600 {{(pid=89373) log_opt_values /opt/stack/data/venv/lib/python3.10/site-packages/oslo_config/cfg.py:2613}}
Jun 14 04:05:11 jammy-provider-cloud-0000007206 neutron-server[89373]: DEBUG oslo_service.service [-] transport_url                  = **** {{(pid=89373) log_opt_values /opt/stack/data/venv/lib/python3.10/site-packages/oslo_config/cfg.py:2613}}
Jun 14 04:05:11 jammy-provider-cloud-0000007206 neutron-server[89373]: DEBUG oslo_service.service [-] use_eventlog                   = False {{(pid=89373) log_opt_values /opt/stack/data/venv/lib/python3.10/site-packages/oslo_config/cfg.py:2613}}
Jun 14 04:05:11 jammy-provider-cloud-0000007206 neutron-server[89373]: DEBUG oslo_service.service [-] use_journal                    = False {{(pid=89373) log_opt_values /opt/stack/data/venv/lib/python3.10/site-packages/oslo_config/cfg.py:2613}}
Jun 14 04:05:11 jammy-provider-cloud-0000007206 neutron-server[89373]: DEBUG oslo_service.service [-] use_json                       = False {{(pid=89373) log_opt_values /opt/stack/data/venv/lib/python3.10/site-packages/oslo_config/cfg.py:2613}}
Jun 14 04:05:11 jammy-provider-cloud-0000007206 neutron-server[89373]: DEBUG oslo_service.service [-] use_ssl                        = False {{(pid=89373) log_opt_values /opt/stack/data/venv/lib/python3.10/site-packages/oslo_config/cfg.py:2613}}
Jun 14 04:05:11 jammy-provider-cloud-0000007206 neutron-server[89373]: DEBUG oslo_service.service [-] use_stderr                     = False {{(pid=89373) log_opt_values /opt/stack/data/venv/lib/python3.10/site-packages/oslo_config/cfg.py:2613}}
Jun 14 04:05:11 jammy-provider-cloud-0000007206 neutron-server[89373]: DEBUG oslo_service.service [-] use_syslog                     = False {{(pid=89373) log_opt_values /opt/stack/data/venv/lib/python3.10/site-packages/oslo_config/cfg.py:2613}}
Jun 14 04:05:11 jammy-provider-cloud-0000007206 neutron-server[89373]: DEBUG oslo_service.service [-] vlan_transparent               = False {{(pid=89373) log_opt_values /opt/stack/data/venv/lib/python3.10/site-packages/oslo_config/cfg.py:2613}}
Jun 14 04:05:11 jammy-provider-cloud-0000007206 neutron-server[89373]: DEBUG oslo_service.service [-] watch_log_file                 = False {{(pid=89373) log_opt_values /opt/stack/data/venv/lib/python3.10/site-packages/oslo_config/cfg.py:2613}}
Jun 14 04:05:11 jammy-provider-cloud-0000007206 neutron-server[89373]: DEBUG oslo_service.service [-] wsgi_default_pool_size         = 100 {{(pid=89373) log_opt_values /opt/stack/data/venv/lib/python3.10/site-packages/oslo_config/cfg.py:2613}}
Jun 14 04:05:11 jammy-provider-cloud-0000007206 neutron-server[89373]: DEBUG oslo_service.service [-] wsgi_keep_alive                = True {{(pid=89373) log_opt_values /opt/stack/data/venv/lib/python3.10/site-packages/oslo_config/cfg.py:2613}}
Jun 14 04:05:11 jammy-provider-cloud-0000007206 neutron-server[89373]: DEBUG oslo_service.service [-] wsgi_log_format                = %(client_ip)s "%(request_line)s" status: %(status_code)s  len: %(body_length)s time: %(wall_seconds).7f {{(pid=89373) log_opt_values /opt/stack/data/venv/lib/python3.10/site-packages/oslo_config/cfg.py:2613}}
Jun 14 04:05:11 jammy-provider-cloud-0000007206 neutron-server[89373]: DEBUG oslo_service.service [-] wsgi_server_debug              = False {{(pid=89373) log_opt_values /opt/stack/data/venv/lib/python3.10/site-packages/oslo_config/cfg.py:2613}}
Jun 14 04:05:11 jammy-provider-cloud-0000007206 neutron-server[89373]: DEBUG oslo_service.service [-] oslo_concurrency.disable_process_locking = False {{(pid=89373) log_opt_values /opt/stack/data/venv/lib/python3.10/site-packages/oslo_config/cfg.py:2620}}
Jun 14 04:05:11 jammy-provider-cloud-0000007206 neutron-server[89373]: DEBUG oslo_service.service [-] oslo_concurrency.lock_path     = /opt/stack/data/neutron/lock {{(pid=89373) log_opt_values /opt/stack/data/venv/lib/python3.10/site-packages/oslo_config/cfg.py:2620}}
Jun 14 04:05:11 jammy-provider-cloud-0000007206 neutron-server[89373]: DEBUG oslo_service.service [-] profiler.connection_string     = messaging:// {{(pid=89373) log_opt_values /opt/stack/data/venv/lib/python3.10/site-packages/oslo_config/cfg.py:2620}}
Jun 14 04:05:11 jammy-provider-cloud-0000007206 neutron-server[89373]: DEBUG oslo_service.service [-] profiler.enabled               = False {{(pid=89373) log_opt_values /opt/stack/data/venv/lib/python3.10/site-packages/oslo_config/cfg.py:2620}}
Jun 14 04:05:11 jammy-provider-cloud-0000007206 neutron-server[89373]: DEBUG oslo_service.service [-] profiler.es_doc_type           = notification {{(pid=89373) log_opt_values /opt/stack/data/venv/lib/python3.10/site-packages/oslo_config/cfg.py:2620}}
Jun 14 04:05:11 jammy-provider-cloud-0000007206 neutron-server[89373]: DEBUG oslo_service.service [-] profiler.es_scroll_size        = 10000 {{(pid=89373) log_opt_values /opt/stack/data/venv/lib/python3.10/site-packages/oslo_config/cfg.py:2620}}
Jun 14 04:05:11 jammy-provider-cloud-0000007206 neutron-server[89373]: DEBUG oslo_service.service [-] profiler.es_scroll_time        = 2m {{(pid=89373) log_opt_values /opt/stack/data/venv/lib/python3.10/site-packages/oslo_config/cfg.py:2620}}
Jun 14 04:05:11 jammy-provider-cloud-0000007206 neutron-server[89373]: DEBUG oslo_service.service [-] profiler.filter_error_trace    = False {{(pid=89373) log_opt_values /opt/stack/data/venv/lib/python3.10/site-packages/oslo_config/cfg.py:2620}}
Jun 14 04:05:11 jammy-provider-cloud-0000007206 neutron-server[89373]: DEBUG oslo_service.service [-] profiler.hmac_keys             = **** {{(pid=89373) log_opt_values /opt/stack/data/venv/lib/python3.10/site-packages/oslo_config/cfg.py:2620}}
Jun 14 04:05:11 jammy-provider-cloud-0000007206 neutron-server[89373]: DEBUG oslo_service.service [-] profiler.sentinel_service_name = mymaster {{(pid=89373) log_opt_values /opt/stack/data/venv/lib/python3.10/site-packages/oslo_config/cfg.py:2620}}
Jun 14 04:05:11 jammy-provider-cloud-0000007206 neutron-server[89373]: DEBUG oslo_service.service [-] profiler.socket_timeout        = 0.1 {{(pid=89373) log_opt_values /opt/stack/data/venv/lib/python3.10/site-packages/oslo_config/cfg.py:2620}}
Jun 14 04:05:11 jammy-provider-cloud-0000007206 neutron-server[89373]: DEBUG oslo_service.service [-] profiler.trace_requests        = False {{(pid=89373) log_opt_values /opt/stack/data/venv/lib/python3.10/site-packages/oslo_config/cfg.py:2620}}
Jun 14 04:05:11 jammy-provider-cloud-0000007206 neutron-server[89373]: DEBUG oslo_service.service [-] profiler.trace_sqlalchemy      = False {{(pid=89373) log_opt_values /opt/stack/data/venv/lib/python3.10/site-packages/oslo_config/cfg.py:2620}}
Jun 14 04:05:11 jammy-provider-cloud-0000007206 neutron-server[89373]: DEBUG oslo_service.service [-] profiler_jaeger.process_tags   = {} {{(pid=89373) log_opt_values /opt/stack/data/venv/lib/python3.10/site-packages/oslo_config/cfg.py:2620}}
Jun 14 04:05:11 jammy-provider-cloud-0000007206 neutron-server[89561]: DEBUG neutron.common.ovn.hash_ring_manager [None req-cc24e9ab-45f4-43d5-8409-35073a9363c5 None None] Allow caching, nodes 2>=2 {{(pid=89561) _wait_startup_before_caching /opt/stack/neutron/neutron/common/ovn/hash_ring_manager.py:64}}
Jun 14 04:05:11 jammy-provider-cloud-0000007206 neutron-server[89373]: DEBUG oslo_service.service [-] profiler_jaeger.service_name_prefix = None {{(pid=89373) log_opt_values /opt/stack/data/venv/lib/python3.10/site-packages/oslo_config/cfg.py:2620}}
Jun 14 04:05:11 jammy-provider-cloud-0000007206 neutron-server[89373]: DEBUG oslo_service.service [-] profiler_otlp.service_name_prefix = None {{(pid=89373) log_opt_values /opt/stack/data/venv/lib/python3.10/site-packages/oslo_config/cfg.py:2620}}
Jun 14 04:05:11 jammy-provider-cloud-0000007206 neutron-server[89373]: DEBUG oslo_service.service [-] oslo_policy.enforce_new_defaults = True {{(pid=89373) log_opt_values /opt/stack/data/venv/lib/python3.10/site-packages/oslo_config/cfg.py:2620}}
Jun 14 04:05:11 jammy-provider-cloud-0000007206 neutron-server[89373]: DEBUG oslo_service.service [-] oslo_policy.enforce_scope      = True {{(pid=89373) log_opt_values /opt/stack/data/venv/lib/python3.10/site-packages/oslo_config/cfg.py:2620}}
Jun 14 04:05:11 jammy-provider-cloud-0000007206 neutron-server[89373]: DEBUG oslo_service.service [-] oslo_policy.policy_default_rule = default {{(pid=89373) log_opt_values /opt/stack/data/venv/lib/python3.10/site-packages/oslo_config/cfg.py:2620}}
Jun 14 04:05:11 jammy-provider-cloud-0000007206 neutron-server[89373]: DEBUG oslo_service.service [-] oslo_policy.policy_dirs        = ['policy.d'] {{(pid=89373) log_opt_values /opt/stack/data/venv/lib/python3.10/site-packages/oslo_config/cfg.py:2620}}
Jun 14 04:05:11 jammy-provider-cloud-0000007206 neutron-server[89373]: DEBUG oslo_service.service [-] oslo_policy.policy_file        = /etc/neutron/policy.json {{(pid=89373) log_opt_values /opt/stack/data/venv/lib/python3.10/site-packages/oslo_config/cfg.py:2620}}
Jun 14 04:05:11 jammy-provider-cloud-0000007206 neutron-server[89373]: DEBUG oslo_service.service [-] oslo_policy.remote_content_type = application/x-www-form-urlencoded {{(pid=89373) log_opt_values /opt/stack/data/venv/lib/python3.10/site-packages/oslo_config/cfg.py:2620}}
Jun 14 04:05:11 jammy-provider-cloud-0000007206 neutron-server[89373]: DEBUG oslo_service.service [-] oslo_policy.remote_ssl_ca_crt_file = None {{(pid=89373) log_opt_values /opt/stack/data/venv/lib/python3.10/site-packages/oslo_config/cfg.py:2620}}
Jun 14 04:05:11 jammy-provider-cloud-0000007206 neutron-server[89373]: DEBUG oslo_service.service [-] oslo_policy.remote_ssl_client_crt_file = None {{(pid=89373) log_opt_values /opt/stack/data/venv/lib/python3.10/site-packages/oslo_config/cfg.py:2620}}
Jun 14 04:05:11 jammy-provider-cloud-0000007206 neutron-server[89373]: DEBUG oslo_service.service [-] oslo_policy.remote_ssl_client_key_file = None {{(pid=89373) log_opt_values /opt/stack/data/venv/lib/python3.10/site-packages/oslo_config/cfg.py:2620}}
Jun 14 04:05:11 jammy-provider-cloud-0000007206 neutron-server[89373]: DEBUG oslo_service.service [-] oslo_policy.remote_ssl_verify_server_crt = False {{(pid=89373) log_opt_values /opt/stack/data/venv/lib/python3.10/site-packages/oslo_config/cfg.py:2620}}
Jun 14 04:05:11 jammy-provider-cloud-0000007206 neutron-server[89373]: DEBUG oslo_service.service [-] oslo_messaging_metrics.metrics_buffer_size = 1000 {{(pid=89373) log_opt_values /opt/stack/data/venv/lib/python3.10/site-packages/oslo_config/cfg.py:2620}}
Jun 14 04:05:11 jammy-provider-cloud-0000007206 neutron-server[89373]: DEBUG oslo_service.service [-] oslo_messaging_metrics.metrics_enabled = False {{(pid=89373) log_opt_values /opt/stack/data/venv/lib/python3.10/site-packages/oslo_config/cfg.py:2620}}
Jun 14 04:05:11 jammy-provider-cloud-0000007206 neutron-server[89373]: DEBUG oslo_service.service [-] oslo_messaging_metrics.metrics_process_name =  {{(pid=89373) log_opt_values /opt/stack/data/venv/lib/python3.10/site-packages/oslo_config/cfg.py:2620}}
Jun 14 04:05:11 jammy-provider-cloud-0000007206 neutron-server[89373]: DEBUG oslo_service.service [-] oslo_messaging_metrics.metrics_socket_file = /var/tmp/metrics_collector.sock {{(pid=89373) log_opt_values /opt/stack/data/venv/lib/python3.10/site-packages/oslo_config/cfg.py:2620}}
Jun 14 04:05:11 jammy-provider-cloud-0000007206 neutron-server[89564]: DEBUG dbcounter [-] [89564] Writer thread running {{(pid=89564) stat_writer /opt/stack/data/venv/lib/python3.10/site-packages/dbcounter.py:102}}
Jun 14 04:05:11 jammy-provider-cloud-0000007206 neutron-server[89373]: DEBUG oslo_service.service [-] oslo_messaging_metrics.metrics_thread_stop_timeout = 10 {{(pid=89373) log_opt_values /opt/stack/data/venv/lib/python3.10/site-packages/oslo_config/cfg.py:2620}}
Jun 14 04:05:11 jammy-provider-cloud-0000007206 neutron-server[89373]: DEBUG oslo_service.service [-] oslo_middleware.enable_proxy_headers_parsing = False {{(pid=89373) log_opt_values /opt/stack/data/venv/lib/python3.10/site-packages/oslo_config/cfg.py:2620}}
Jun 14 04:05:11 jammy-provider-cloud-0000007206 neutron-server[89373]: DEBUG oslo_service.service [-] oslo_middleware.http_basic_auth_user_file = /etc/htpasswd {{(pid=89373) log_opt_values /opt/stack/data/venv/lib/python3.10/site-packages/oslo_config/cfg.py:2620}}
Jun 14 04:05:11 jammy-provider-cloud-0000007206 neutron-server[89373]: DEBUG oslo_service.service [-] service_providers.service_provider = [] {{(pid=89373) log_opt_values /opt/stack/data/venv/lib/python3.10/site-packages/oslo_config/cfg.py:2620}}
Jun 14 04:05:11 jammy-provider-cloud-0000007206 neutron-server[89373]: DEBUG oslo_service.service [-] nova.auth_section              = None {{(pid=89373) log_opt_values /opt/stack/data/venv/lib/python3.10/site-packages/oslo_config/cfg.py:2620}}
Jun 14 04:05:11 jammy-provider-cloud-0000007206 neutron-server[89565]: DEBUG ovsdbapp.backend.ovs_idl [-] Created lookup_table index Logical_Switch.name {{(pid=89565) autocreate_indices /opt/stack/data/venv/lib/python3.10/site-packages/ovsdbapp/backend/ovs_idl/__init__.py:87}}
Jun 14 04:05:11 jammy-provider-cloud-0000007206 neutron-server[89565]: DEBUG ovsdbapp.backend.ovs_idl [-] Created lookup_table index Logical_Router.name {{(pid=89565) autocreate_indices /opt/stack/data/venv/lib/python3.10/site-packages/ovsdbapp/backend/ovs_idl/__init__.py:87}}
Jun 14 04:05:11 jammy-provider-cloud-0000007206 neutron-server[89373]: DEBUG oslo_service.service [-] nova.auth_type                 = password {{(pid=89373) log_opt_values /opt/stack/data/venv/lib/python3.10/site-packages/oslo_config/cfg.py:2620}}
Jun 14 04:05:11 jammy-provider-cloud-0000007206 neutron-server[89373]: DEBUG oslo_service.service [-] nova.auth_url                  = http://10.201.5.87/identity {{(pid=89373) log_opt_values /opt/stack/data/venv/lib/python3.10/site-packages/oslo_config/cfg.py:2620}}
Jun 14 04:05:11 jammy-provider-cloud-0000007206 neutron-server[89373]: DEBUG oslo_service.service [-] nova.cafile                    = /opt/stack/data/ca-bundle.pem {{(pid=89373) log_opt_values /opt/stack/data/venv/lib/python3.10/site-packages/oslo_config/cfg.py:2620}}
Jun 14 04:05:11 jammy-provider-cloud-0000007206 neutron-server[89373]: DEBUG oslo_service.service [-] nova.certfile                  = None {{(pid=89373) log_opt_values /opt/stack/data/venv/lib/python3.10/site-packages/oslo_config/cfg.py:2620}}
Jun 14 04:05:11 jammy-provider-cloud-0000007206 neutron-server[89373]: DEBUG oslo_service.service [-] nova.collect_timing            = False {{(pid=89373) log_opt_values /opt/stack/data/venv/lib/python3.10/site-packages/oslo_config/cfg.py:2620}}
Jun 14 04:05:11 jammy-provider-cloud-0000007206 neutron-server[89565]: DEBUG ovsdbapp.backend.ovs_idl [-] Created lookup_table index Load_Balancer.name {{(pid=89565) autocreate_indices /opt/stack/data/venv/lib/python3.10/site-packages/ovsdbapp/backend/ovs_idl/__init__.py:87}}
Jun 14 04:05:11 jammy-provider-cloud-0000007206 neutron-server[89565]: DEBUG ovsdbapp.backend.ovs_idl [-] Created schema index Copp.name {{(pid=89565) autocreate_indices /opt/stack/data/venv/lib/python3.10/site-packages/ovsdbapp/backend/ovs_idl/__init__.py:106}}
Jun 14 04:05:11 jammy-provider-cloud-0000007206 neutron-server[89565]: DEBUG ovsdbapp.backend.ovs_idl [-] Created schema index Meter.name {{(pid=89565) autocreate_indices /opt/stack/data/venv/lib/python3.10/site-packages/ovsdbapp/backend/ovs_idl/__init__.py:106}}
Jun 14 04:05:11 jammy-provider-cloud-0000007206 neutron-server[89565]: DEBUG ovsdbapp.backend.ovs_idl [-] Created schema index Load_Balancer_Group.name {{(pid=89565) autocreate_indices /opt/stack/data/venv/lib/python3.10/site-packages/ovsdbapp/backend/ovs_idl/__init__.py:106}}
Jun 14 04:05:11 jammy-provider-cloud-0000007206 neutron-server[89565]: DEBUG ovsdbapp.backend.ovs_idl [-] Created schema index HA_Chassis_Group.name {{(pid=89565) autocreate_indices /opt/stack/data/venv/lib/python3.10/site-packages/ovsdbapp/backend/ovs_idl/__init__.py:106}}
Jun 14 04:05:11 jammy-provider-cloud-0000007206 neutron-server[89565]: DEBUG ovsdbapp.backend.ovs_idl [-] Created schema index Address_Set.name {{(pid=89565) autocreate_indices /opt/stack/data/venv/lib/python3.10/site-packages/ovsdbapp/backend/ovs_idl/__init__.py:106}}
Jun 14 04:05:11 jammy-provider-cloud-0000007206 neutron-server[89565]: DEBUG ovsdbapp.backend.ovs_idl [-] Created schema index Connection.target {{(pid=89565) autocreate_indices /opt/stack/data/venv/lib/python3.10/site-packages/ovsdbapp/backend/ovs_idl/__init__.py:106}}
Jun 14 04:05:11 jammy-provider-cloud-0000007206 neutron-server[89565]: DEBUG ovsdbapp.backend.ovs_idl [-] Created schema index Gateway_Chassis.name {{(pid=89565) autocreate_indices /opt/stack/data/venv/lib/python3.10/site-packages/ovsdbapp/backend/ovs_idl/__init__.py:106}}
Jun 14 04:05:11 jammy-provider-cloud-0000007206 neutron-server[89565]: DEBUG ovsdbapp.backend.ovs_idl [-] Created schema index Logical_Router_Port.name {{(pid=89565) autocreate_indices /opt/stack/data/venv/lib/python3.10/site-packages/ovsdbapp/backend/ovs_idl/__init__.py:106}}
Jun 14 04:05:11 jammy-provider-cloud-0000007206 neutron-server[89565]: DEBUG ovsdbapp.backend.ovs_idl [-] Created schema index Port_Group.name {{(pid=89565) autocreate_indices /opt/stack/data/venv/lib/python3.10/site-packages/ovsdbapp/backend/ovs_idl/__init__.py:106}}
Jun 14 04:05:11 jammy-provider-cloud-0000007206 neutron-server[89565]: DEBUG ovsdbapp.backend.ovs_idl [-] Created schema index Logical_Switch_Port.name {{(pid=89565) autocreate_indices /opt/stack/data/venv/lib/python3.10/site-packages/ovsdbapp/backend/ovs_idl/__init__.py:106}}
Jun 14 04:05:11 jammy-provider-cloud-0000007206 neutron-server[89373]: DEBUG oslo_service.service [-] nova.default_domain_id         = None {{(pid=89373) log_opt_values /opt/stack/data/venv/lib/python3.10/site-packages/oslo_config/cfg.py:2620}}
Jun 14 04:05:11 jammy-provider-cloud-0000007206 neutron-server[89373]: DEBUG oslo_service.service [-] nova.default_domain_name       = None {{(pid=89373) log_opt_values /opt/stack/data/venv/lib/python3.10/site-packages/oslo_config/cfg.py:2620}}
Jun 14 04:05:11 jammy-provider-cloud-0000007206 neutron-server[89373]: DEBUG oslo_service.service [-] nova.domain_id                 = None {{(pid=89373) log_opt_values /opt/stack/data/venv/lib/python3.10/site-packages/oslo_config/cfg.py:2620}}
Jun 14 04:05:11 jammy-provider-cloud-0000007206 neutron-server[89373]: DEBUG oslo_service.service [-] nova.domain_name               = None {{(pid=89373) log_opt_values /opt/stack/data/venv/lib/python3.10/site-packages/oslo_config/cfg.py:2620}}
Jun 14 04:05:11 jammy-provider-cloud-0000007206 neutron-server[89373]: DEBUG oslo_service.service [-] nova.endpoint_type             = public {{(pid=89373) log_opt_values /opt/stack/data/venv/lib/python3.10/site-packages/oslo_config/cfg.py:2620}}
Jun 14 04:05:11 jammy-provider-cloud-0000007206 neutron-server[89373]: DEBUG oslo_service.service [-] nova.insecure                  = False {{(pid=89373) log_opt_values /opt/stack/data/venv/lib/python3.10/site-packages/oslo_config/cfg.py:2620}}
Jun 14 04:05:11 jammy-provider-cloud-0000007206 neutron-server[89373]: DEBUG oslo_service.service [-] nova.keyfile                   = None {{(pid=89373) log_opt_values /opt/stack/data/venv/lib/python3.10/site-packages/oslo_config/cfg.py:2620}}
Jun 14 04:05:11 jammy-provider-cloud-0000007206 neutron-server[89373]: DEBUG oslo_service.service [-] nova.password                  = **** {{(pid=89373) log_opt_values /opt/stack/data/venv/lib/python3.10/site-packages/oslo_config/cfg.py:2620}}
Jun 14 04:05:11 jammy-provider-cloud-0000007206 neutron-server[89373]: DEBUG oslo_service.service [-] nova.project_domain_id         = None {{(pid=89373) log_opt_values /opt/stack/data/venv/lib/python3.10/site-packages/oslo_config/cfg.py:2620}}
Jun 14 04:05:11 jammy-provider-cloud-0000007206 neutron-server[89565]: INFO ovsdbapp.backend.ovs_idl.vlog [-] tcp:10.201.5.87:6641: connecting...
Jun 14 04:05:11 jammy-provider-cloud-0000007206 neutron-server[89373]: DEBUG oslo_service.service [-] nova.project_domain_name       = Default {{(pid=89373) log_opt_values /opt/stack/data/venv/lib/python3.10/site-packages/oslo_config/cfg.py:2620}}
Jun 14 04:05:11 jammy-provider-cloud-0000007206 neutron-server[89565]: INFO ovsdbapp.backend.ovs_idl.vlog [-] tcp:10.201.5.87:6641: connected
Jun 14 04:05:11 jammy-provider-cloud-0000007206 neutron-server[89373]: DEBUG oslo_service.service [-] nova.project_id                = None {{(pid=89373) log_opt_values /opt/stack/data/venv/lib/python3.10/site-packages/oslo_config/cfg.py:2620}}
Jun 14 04:05:11 jammy-provider-cloud-0000007206 neutron-server[89373]: DEBUG oslo_service.service [-] nova.project_name              = service {{(pid=89373) log_opt_values /opt/stack/data/venv/lib/python3.10/site-packages/oslo_config/cfg.py:2620}}
Jun 14 04:05:11 jammy-provider-cloud-0000007206 neutron-server[89561]: DEBUG neutron.common.ovn.hash_ring_manager [None req-cc24e9ab-45f4-43d5-8409-35073a9363c5 None None] Hash Ring loaded. 2 active nodes. 0 offline nodes {{(pid=89561) _load_hash_ring /opt/stack/neutron/neutron/common/ovn/hash_ring_manager.py:99}}
Jun 14 04:05:11 jammy-provider-cloud-0000007206 neutron-server[89373]: DEBUG oslo_service.service [-] nova.region_name               = RegionOne {{(pid=89373) log_opt_values /opt/stack/data/venv/lib/python3.10/site-packages/oslo_config/cfg.py:2620}}
Jun 14 04:05:11 jammy-provider-cloud-0000007206 neutron-server[89373]: DEBUG oslo_service.service [-] nova.split_loggers             = False {{(pid=89373) log_opt_values /opt/stack/data/venv/lib/python3.10/site-packages/oslo_config/cfg.py:2620}}
Jun 14 04:05:11 jammy-provider-cloud-0000007206 neutron-server[89373]: DEBUG oslo_service.service [-] nova.system_scope              = None {{(pid=89373) log_opt_values /opt/stack/data/venv/lib/python3.10/site-packages/oslo_config/cfg.py:2620}}
Jun 14 04:05:11 jammy-provider-cloud-0000007206 neutron-server[89373]: DEBUG oslo_service.service [-] nova.timeout                   = None {{(pid=89373) log_opt_values /opt/stack/data/venv/lib/python3.10/site-packages/oslo_config/cfg.py:2620}}
Jun 14 04:05:11 jammy-provider-cloud-0000007206 neutron-server[89373]: DEBUG oslo_service.service [-] nova.trust_id                  = None {{(pid=89373) log_opt_values /opt/stack/data/venv/lib/python3.10/site-packages/oslo_config/cfg.py:2620}}
Jun 14 04:05:11 jammy-provider-cloud-0000007206 neutron-server[89373]: DEBUG oslo_service.service [-] nova.user_domain_id            = None {{(pid=89373) log_opt_values /opt/stack/data/venv/lib/python3.10/site-packages/oslo_config/cfg.py:2620}}
Jun 14 04:05:11 jammy-provider-cloud-0000007206 neutron-server[89373]: DEBUG oslo_service.service [-] nova.user_domain_name          = Default {{(pid=89373) log_opt_values /opt/stack/data/venv/lib/python3.10/site-packages/oslo_config/cfg.py:2620}}
Jun 14 04:05:11 jammy-provider-cloud-0000007206 neutron-server[89373]: DEBUG oslo_service.service [-] nova.user_id                   = None {{(pid=89373) log_opt_values /opt/stack/data/venv/lib/python3.10/site-packages/oslo_config/cfg.py:2620}}
Jun 14 04:05:11 jammy-provider-cloud-0000007206 neutron-server[89373]: DEBUG oslo_service.service [-] nova.username                  = nova {{(pid=89373) log_opt_values /opt/stack/data/venv/lib/python3.10/site-packages/oslo_config/cfg.py:2620}}
Jun 14 04:05:11 jammy-provider-cloud-0000007206 neutron-server[89373]: DEBUG oslo_service.service [-] placement.auth_section         = None {{(pid=89373) log_opt_values /opt/stack/data/venv/lib/python3.10/site-packages/oslo_config/cfg.py:2620}}
Jun 14 04:05:11 jammy-provider-cloud-0000007206 neutron-server[89373]: DEBUG oslo_service.service [-] placement.auth_type            = password {{(pid=89373) log_opt_values /opt/stack/data/venv/lib/python3.10/site-packages/oslo_config/cfg.py:2620}}
Jun 14 04:05:11 jammy-provider-cloud-0000007206 neutron-server[89373]: DEBUG oslo_service.service [-] placement.cafile               = /opt/stack/data/ca-bundle.pem {{(pid=89373) log_opt_values /opt/stack/data/venv/lib/python3.10/site-packages/oslo_config/cfg.py:2620}}
Jun 14 04:05:11 jammy-provider-cloud-0000007206 neutron-server[89373]: DEBUG oslo_service.service [-] placement.certfile             = None {{(pid=89373) log_opt_values /opt/stack/data/venv/lib/python3.10/site-packages/oslo_config/cfg.py:2620}}
Jun 14 04:05:11 jammy-provider-cloud-0000007206 neutron-server[89373]: DEBUG oslo_service.service [-] placement.collect_timing       = False {{(pid=89373) log_opt_values /opt/stack/data/venv/lib/python3.10/site-packages/oslo_config/cfg.py:2620}}
Jun 14 04:05:11 jammy-provider-cloud-0000007206 neutron-server[89373]: DEBUG oslo_service.service [-] placement.endpoint_type        = public {{(pid=89373) log_opt_values /opt/stack/data/venv/lib/python3.10/site-packages/oslo_config/cfg.py:2620}}
Jun 14 04:05:11 jammy-provider-cloud-0000007206 neutron-server[89373]: DEBUG oslo_service.service [-] placement.insecure             = False {{(pid=89373) log_opt_values /opt/stack/data/venv/lib/python3.10/site-packages/oslo_config/cfg.py:2620}}
Jun 14 04:05:11 jammy-provider-cloud-0000007206 neutron-server[89373]: DEBUG oslo_service.service [-] placement.keyfile              = None {{(pid=89373) log_opt_values /opt/stack/data/venv/lib/python3.10/site-packages/oslo_config/cfg.py:2620}}
Jun 14 04:05:11 jammy-provider-cloud-0000007206 neutron-server[89373]: DEBUG oslo_service.service [-] placement.region_name          = None {{(pid=89373) log_opt_values /opt/stack/data/venv/lib/python3.10/site-packages/oslo_config/cfg.py:2620}}
Jun 14 04:05:11 jammy-provider-cloud-0000007206 neutron-server[89373]: DEBUG oslo_service.service [-] placement.split_loggers        = False {{(pid=89373) log_opt_values /opt/stack/data/venv/lib/python3.10/site-packages/oslo_config/cfg.py:2620}}
Jun 14 04:05:11 jammy-provider-cloud-0000007206 neutron-server[89373]: DEBUG oslo_service.service [-] placement.timeout              = None {{(pid=89373) log_opt_values /opt/stack/data/venv/lib/python3.10/site-packages/oslo_config/cfg.py:2620}}
Jun 14 04:05:11 jammy-provider-cloud-0000007206 neutron-server[89373]: DEBUG oslo_service.service [-] ironic.auth_section            = None {{(pid=89373) log_opt_values /opt/stack/data/venv/lib/python3.10/site-packages/oslo_config/cfg.py:2620}}
Jun 14 04:05:11 jammy-provider-cloud-0000007206 neutron-server[89373]: DEBUG oslo_service.service [-] ironic.auth_type               = None {{(pid=89373) log_opt_values /opt/stack/data/venv/lib/python3.10/site-packages/oslo_config/cfg.py:2620}}
Jun 14 04:05:11 jammy-provider-cloud-0000007206 neutron-server[89373]: DEBUG oslo_service.service [-] ironic.cafile                  = None {{(pid=89373) log_opt_values /opt/stack/data/venv/lib/python3.10/site-packages/oslo_config/cfg.py:2620}}
Jun 14 04:05:11 jammy-provider-cloud-0000007206 neutron-server[89373]: DEBUG oslo_service.service [-] ironic.certfile                = None {{(pid=89373) log_opt_values /opt/stack/data/venv/lib/python3.10/site-packages/oslo_config/cfg.py:2620}}
Jun 14 04:05:11 jammy-provider-cloud-0000007206 neutron-server[89373]: DEBUG oslo_service.service [-] ironic.collect_timing          = False {{(pid=89373) log_opt_values /opt/stack/data/venv/lib/python3.10/site-packages/oslo_config/cfg.py:2620}}
Jun 14 04:05:11 jammy-provider-cloud-0000007206 neutron-server[89373]: DEBUG oslo_service.service [-] ironic.connect_retries         = None {{(pid=89373) log_opt_values /opt/stack/data/venv/lib/python3.10/site-packages/oslo_config/cfg.py:2620}}
Jun 14 04:05:11 jammy-provider-cloud-0000007206 neutron-server[89373]: DEBUG oslo_service.service [-] ironic.connect_retry_delay     = None {{(pid=89373) log_opt_values /opt/stack/data/venv/lib/python3.10/site-packages/oslo_config/cfg.py:2620}}
Jun 14 04:05:11 jammy-provider-cloud-0000007206 neutron-server[89373]: DEBUG oslo_service.service [-] ironic.enable_notifications    = False {{(pid=89373) log_opt_values /opt/stack/data/venv/lib/python3.10/site-packages/oslo_config/cfg.py:2620}}
Jun 14 04:05:11 jammy-provider-cloud-0000007206 neutron-server[89373]: DEBUG oslo_service.service [-] ironic.endpoint_override       = None {{(pid=89373) log_opt_values /opt/stack/data/venv/lib/python3.10/site-packages/oslo_config/cfg.py:2620}}
Jun 14 04:05:11 jammy-provider-cloud-0000007206 neutron-server[89373]: DEBUG oslo_service.service [-] ironic.insecure                = False {{(pid=89373) log_opt_values /opt/stack/data/venv/lib/python3.10/site-packages/oslo_config/cfg.py:2620}}
Jun 14 04:05:11 jammy-provider-cloud-0000007206 neutron-server[89373]: DEBUG oslo_service.service [-] ironic.interface               = None {{(pid=89373) log_opt_values /opt/stack/data/venv/lib/python3.10/site-packages/oslo_config/cfg.py:2620}}
Jun 14 04:05:11 jammy-provider-cloud-0000007206 neutron-server[89373]: DEBUG oslo_service.service [-] ironic.keyfile                 = None {{(pid=89373) log_opt_values /opt/stack/data/venv/lib/python3.10/site-packages/oslo_config/cfg.py:2620}}
Jun 14 04:05:11 jammy-provider-cloud-0000007206 neutron-server[89373]: DEBUG oslo_service.service [-] ironic.max_version             = None {{(pid=89373) log_opt_values /opt/stack/data/venv/lib/python3.10/site-packages/oslo_config/cfg.py:2620}}
Jun 14 04:05:11 jammy-provider-cloud-0000007206 neutron-server[89561]: DEBUG neutron.plugins.ml2.drivers.ovn.mech_driver.ovsdb.ovsdb_monitor [None req-cc24e9ab-45f4-43d5-8409-35073a9363c5 None None] Hash Ring: Node 2d8d7da6-9c25-440a-95a1-1bd1e4ade125 (host: jammy-provider-cloud-0000007206) handling event "create" for row eab12a7c-3b57-4649-941e-934e21c19b53 (table: Database) {{(pid=89561) notify /opt/stack/neutron/neutron/plugins/ml2/drivers/ovn/mech_driver/ovsdb/ovsdb_monitor.py:839}}
Jun 14 04:05:11 jammy-provider-cloud-0000007206 neutron-server[89373]: DEBUG oslo_service.service [-] ironic.min_version             = None {{(pid=89373) log_opt_values /opt/stack/data/venv/lib/python3.10/site-packages/oslo_config/cfg.py:2620}}
Jun 14 04:05:11 jammy-provider-cloud-0000007206 neutron-server[89561]: DEBUG neutron.plugins.ml2.drivers.ovn.mech_driver.ovsdb.ovsdb_monitor [None req-cc24e9ab-45f4-43d5-8409-35073a9363c5 None None] Hash Ring: Node 2d8d7da6-9c25-440a-95a1-1bd1e4ade125 (host: jammy-provider-cloud-0000007206) handling event "create" for row 5f2f9025-9a27-4c53-973d-e4fbaa2d47c7 (table: Database) {{(pid=89561) notify /opt/stack/neutron/neutron/plugins/ml2/drivers/ovn/mech_driver/ovsdb/ovsdb_monitor.py:839}}
