Mar 31 13:52:14 ubuntu systemd[1]: Starting devstack@g-api.service - Devstack devstack@g-api.service...
Mar 31 13:52:14 ubuntu devstack@g-api.service[115024]: [uWSGI] getting INI configuration from /etc/glance/glance-uwsgi.ini
Mar 31 13:52:14 ubuntu devstack@g-api.service[115024]: *** Starting uWSGI 2.0.24-debian (64bit) on [Tue Mar 31 13:52:14 2026] ***
Mar 31 13:52:14 ubuntu devstack@g-api.service[115024]: compiled with version: 13.2.0 on 17 April 2024 16:23:48
Mar 31 13:52:14 ubuntu devstack@g-api.service[115024]: os: Linux-6.8.0-100-generic #100-Ubuntu SMP PREEMPT_DYNAMIC Tue Jan 13 16:40:06 UTC 2026
Mar 31 13:52:14 ubuntu devstack@g-api.service[115024]: nodename: ubuntu
Mar 31 13:52:14 ubuntu devstack@g-api.service[115024]: machine: x86_64
Mar 31 13:52:14 ubuntu devstack@g-api.service[115024]: clock source: unix
Mar 31 13:52:14 ubuntu devstack@g-api.service[115024]: pcre jit disabled
Mar 31 13:52:14 ubuntu devstack@g-api.service[115024]: detected number of CPU cores: 4
Mar 31 13:52:14 ubuntu devstack@g-api.service[115024]: current working directory: /
Mar 31 13:52:14 ubuntu devstack@g-api.service[115024]: detected binary path: /usr/bin/uwsgi-core
Mar 31 13:52:14 ubuntu devstack@g-api.service[115024]: your processes number limit is 31446
Mar 31 13:52:14 ubuntu devstack@g-api.service[115024]: your memory page size is 4096 bytes
Mar 31 13:52:14 ubuntu devstack@g-api.service[115024]: detected max file descriptor number: 2048
Mar 31 13:52:14 ubuntu devstack@g-api.service[115024]: lock engine: pthread robust mutexes
Mar 31 13:52:14 ubuntu devstack@g-api.service[115024]: thunder lock: enabled
Mar 31 13:52:14 ubuntu devstack@g-api.service[115024]: uwsgi socket 0 bound to TCP address 127.0.0.1:60999 fd 4
Mar 31 13:52:14 ubuntu devstack@g-api.service[115024]: Python version: 3.12.3 (main, Mar  3 2026, 12:15:18) [GCC 13.3.0]
Mar 31 13:52:14 ubuntu devstack@g-api.service[115024]: PEP 405 virtualenv detected: /opt/stack/data/venv
Mar 31 13:52:14 ubuntu devstack@g-api.service[115024]: Set PythonHome to /opt/stack/data/venv
Mar 31 13:52:14 ubuntu devstack@g-api.service[115024]: Python main interpreter initialized at 0x7a6e9c0a3668
Mar 31 13:52:14 ubuntu devstack@g-api.service[115024]: python threads support enabled
Mar 31 13:52:14 ubuntu devstack@g-api.service[115024]: your server socket listen backlog is limited to 100 connections
Mar 31 13:52:14 ubuntu devstack@g-api.service[115024]: your mercy for graceful operations on workers is 80 seconds
Mar 31 13:52:14 ubuntu devstack@g-api.service[115024]: mapped 403077 bytes (393 KB) for 2 cores
Mar 31 13:52:14 ubuntu devstack@g-api.service[115024]: *** Operational MODE: preforking ***
Mar 31 13:52:14 ubuntu devstack@g-api.service[115024]: *** uWSGI is running in multiple interpreter mode ***
Mar 31 13:52:14 ubuntu devstack@g-api.service[115024]: spawned uWSGI master process (pid: 115024)
Mar 31 13:52:14 ubuntu systemd[1]: Started devstack@g-api.service - Devstack devstack@g-api.service.
Mar 31 13:52:14 ubuntu devstack@g-api.service[115024]: spawned uWSGI worker 1 (pid: 115027, cores: 1)
Mar 31 13:52:14 ubuntu devstack@g-api.service[115024]: spawned uWSGI worker 2 (pid: 115028, cores: 1)
Mar 31 13:52:14 ubuntu devstack@g-api.service[115024]: running "unix_signal:15 gracefully_kill_them_all" (master-start)...
Mar 31 13:52:15 ubuntu devstack@g-api.service[115027]: INFO glance.async_ [-] Threadpool model set to 'NativeThreadPoolModel'
Mar 31 13:52:15 ubuntu devstack@g-api.service[115028]: INFO glance.async_ [-] Threadpool model set to 'NativeThreadPoolModel'
Mar 31 13:52:15 ubuntu devstack@g-api.service[115027]: DEBUG oslo_concurrency.processutils [-] Running cmd (subprocess): grep -F node.session.scan /sbin/iscsiadm {{(pid=115027) execute /opt/stack/data/venv/lib/python3.12/site-packages/oslo_concurrency/processutils.py:440}}
Mar 31 13:52:15 ubuntu devstack@g-api.service[115027]: DEBUG oslo_concurrency.processutils [-] CMD "grep -F node.session.scan /sbin/iscsiadm" returned: 0 in 0.021s {{(pid=115027) execute /opt/stack/data/venv/lib/python3.12/site-packages/oslo_concurrency/processutils.py:468}}
Mar 31 13:52:15 ubuntu devstack@g-api.service[115028]: DEBUG oslo_concurrency.processutils [-] Running cmd (subprocess): grep -F node.session.scan /sbin/iscsiadm {{(pid=115028) execute /opt/stack/data/venv/lib/python3.12/site-packages/oslo_concurrency/processutils.py:440}}
Mar 31 13:52:15 ubuntu devstack@g-api.service[115028]: DEBUG oslo_concurrency.processutils [-] CMD "grep -F node.session.scan /sbin/iscsiadm" returned: 0 in 0.010s {{(pid=115028) execute /opt/stack/data/venv/lib/python3.12/site-packages/oslo_concurrency/processutils.py:468}}
Mar 31 13:52:15 ubuntu devstack@g-api.service[115028]: DEBUG glance_store.backend [-] Attempting to import store cinder {{(pid=115028) _load_store /opt/stack/data/venv/lib/python3.12/site-packages/glance_store/backend.py:215}}
Mar 31 13:52:15 ubuntu devstack@g-api.service[115028]: DEBUG glance_store.backend [-] Attempting to import store file {{(pid=115028) _load_store /opt/stack/data/venv/lib/python3.12/site-packages/glance_store/backend.py:215}}
Mar 31 13:52:15 ubuntu devstack@g-api.service[115028]: DEBUG glance_store.backend [-] Attempting to import store glance.store.cinder.Store {{(pid=115028) _load_store /opt/stack/data/venv/lib/python3.12/site-packages/glance_store/backend.py:215}}
Mar 31 13:52:15 ubuntu devstack@g-api.service[115028]: DEBUG glance_store.backend [-] Attempting to import store glance.store.filesystem.Store {{(pid=115028) _load_store /opt/stack/data/venv/lib/python3.12/site-packages/glance_store/backend.py:215}}
Mar 31 13:52:15 ubuntu devstack@g-api.service[115028]: DEBUG glance_store.backend [-] Attempting to import store glance.store.http.Store {{(pid=115028) _load_store /opt/stack/data/venv/lib/python3.12/site-packages/glance_store/backend.py:215}}
Mar 31 13:52:15 ubuntu devstack@g-api.service[115028]: DEBUG glance_store.backend [-] Attempting to import store glance.store.rbd.Store {{(pid=115028) _load_store /opt/stack/data/venv/lib/python3.12/site-packages/glance_store/backend.py:215}}
Mar 31 13:52:15 ubuntu devstack@g-api.service[115028]: DEBUG glance_store.backend [-] Attempting to import store glance.store.s3.Store {{(pid=115028) _load_store /opt/stack/data/venv/lib/python3.12/site-packages/glance_store/backend.py:215}}
Mar 31 13:52:15 ubuntu devstack@g-api.service[115028]: DEBUG glance_store.backend [-] Attempting to import store glance.store.swift.Store {{(pid=115028) _load_store /opt/stack/data/venv/lib/python3.12/site-packages/glance_store/backend.py:215}}
Mar 31 13:52:15 ubuntu devstack@g-api.service[115028]: DEBUG glance_store.backend [-] Attempting to import store glance.store.vmware_datastore.Store {{(pid=115028) _load_store /opt/stack/data/venv/lib/python3.12/site-packages/glance_store/backend.py:215}}
Mar 31 13:52:15 ubuntu devstack@g-api.service[115028]: DEBUG glance_store.backend [-] Attempting to import store http {{(pid=115028) _load_store /opt/stack/data/venv/lib/python3.12/site-packages/glance_store/backend.py:215}}
Mar 31 13:52:15 ubuntu devstack@g-api.service[115028]: DEBUG glance_store.backend [-] Attempting to import store no_conf {{(pid=115028) _load_store /opt/stack/data/venv/lib/python3.12/site-packages/glance_store/backend.py:215}}
Mar 31 13:52:15 ubuntu devstack@g-api.service[115028]: DEBUG glance_store.backend [-] Attempting to import store rbd {{(pid=115028) _load_store /opt/stack/data/venv/lib/python3.12/site-packages/glance_store/backend.py:215}}
Mar 31 13:52:15 ubuntu devstack@g-api.service[115028]: DEBUG glance_store.backend [-] Attempting to import store s3 {{(pid=115028) _load_store /opt/stack/data/venv/lib/python3.12/site-packages/glance_store/backend.py:215}}
Mar 31 13:52:15 ubuntu devstack@g-api.service[115028]: DEBUG glance_store.backend [-] Attempting to import store swift {{(pid=115028) _load_store /opt/stack/data/venv/lib/python3.12/site-packages/glance_store/backend.py:215}}
Mar 31 13:52:15 ubuntu devstack@g-api.service[115028]: DEBUG glance_store.backend [-] Attempting to import store vmware {{(pid=115028) _load_store /opt/stack/data/venv/lib/python3.12/site-packages/glance_store/backend.py:215}}
Mar 31 13:52:15 ubuntu devstack@g-api.service[115028]: DEBUG glance_store.backend [-] Registering options for group glance_store {{(pid=115028) register_opts /opt/stack/data/venv/lib/python3.12/site-packages/glance_store/backend.py:144}}
Mar 31 13:52:15 ubuntu devstack@g-api.service[115028]: DEBUG glance_store.backend [-] Registering options for group glance_store {{(pid=115028) register_opts /opt/stack/data/venv/lib/python3.12/site-packages/glance_store/backend.py:144}}
Mar 31 13:52:15 ubuntu devstack@g-api.service[115028]: DEBUG glance_store.backend [-] Attempting to import store file {{(pid=115028) _load_store /opt/stack/data/venv/lib/python3.12/site-packages/glance_store/backend.py:215}}
Mar 31 13:52:15 ubuntu devstack@g-api.service[115028]: DEBUG glance_store.capabilities [-] Store glance_store._drivers.filesystem.Store doesn't support updating dynamic storage capabilities. Please overwrite 'update_capabilities' method of the store to implement updating logics if needed. {{(pid=115028) update_capabilities /opt/stack/data/venv/lib/python3.12/site-packages/glance_store/capabilities.py:91}}
Mar 31 13:52:15 ubuntu devstack@g-api.service[115028]: DEBUG glance_store.backend [-] Registering store file with schemes ('file', 'filesystem') {{(pid=115028) create_stores /opt/stack/data/venv/lib/python3.12/site-packages/glance_store/backend.py:261}}
Mar 31 13:52:15 ubuntu devstack@g-api.service[115028]: DEBUG glance_store.driver [-] Late loading location class glance_store._drivers.filesystem.StoreLocation {{(pid=115028) get_store_location_class /opt/stack/data/venv/lib/python3.12/site-packages/glance_store/driver.py:134}}
Mar 31 13:52:15 ubuntu devstack@g-api.service[115028]: DEBUG glance_store.location [-] Registering scheme file with {'store': <glance_store._drivers.filesystem.Store object at 0x7a6e97be7d10>, 'location_class': <class 'glance_store._drivers.filesystem.StoreLocation'>, 'store_entry': 'file'} {{(pid=115028) register_scheme_map /opt/stack/data/venv/lib/python3.12/site-packages/glance_store/location.py:146}}
Mar 31 13:52:15 ubuntu devstack@g-api.service[115028]: DEBUG glance_store.location [-] Registering scheme filesystem with {'store': <glance_store._drivers.filesystem.Store object at 0x7a6e97be7d10>, 'location_class': <class 'glance_store._drivers.filesystem.StoreLocation'>, 'store_entry': 'file'} {{(pid=115028) register_scheme_map /opt/stack/data/venv/lib/python3.12/site-packages/glance_store/location.py:146}}
Mar 31 13:52:15 ubuntu devstack@g-api.service[115028]: DEBUG glance_store.backend [-] Attempting to import store http {{(pid=115028) _load_store /opt/stack/data/venv/lib/python3.12/site-packages/glance_store/backend.py:215}}
Mar 31 13:52:15 ubuntu devstack@g-api.service[115028]: DEBUG glance_store.capabilities [-] Store glance_store._drivers.http.Store doesn't support updating dynamic storage capabilities. Please overwrite 'update_capabilities' method of the store to implement updating logics if needed. {{(pid=115028) update_capabilities /opt/stack/data/venv/lib/python3.12/site-packages/glance_store/capabilities.py:91}}
Mar 31 13:52:15 ubuntu devstack@g-api.service[115028]: DEBUG glance_store.backend [-] Registering store http with schemes ('http', 'https') {{(pid=115028) create_stores /opt/stack/data/venv/lib/python3.12/site-packages/glance_store/backend.py:261}}
Mar 31 13:52:15 ubuntu devstack@g-api.service[115028]: DEBUG glance_store.driver [-] Late loading location class glance_store._drivers.http.StoreLocation {{(pid=115028) get_store_location_class /opt/stack/data/venv/lib/python3.12/site-packages/glance_store/driver.py:134}}
Mar 31 13:52:15 ubuntu devstack@g-api.service[115028]: DEBUG glance_store.location [-] Registering scheme http with {'store': <glance_store._drivers.http.Store object at 0x7a6e97baddf0>, 'location_class': <class 'glance_store._drivers.http.StoreLocation'>, 'store_entry': 'http'} {{(pid=115028) register_scheme_map /opt/stack/data/venv/lib/python3.12/site-packages/glance_store/location.py:146}}
Mar 31 13:52:15 ubuntu devstack@g-api.service[115028]: DEBUG glance_store.location [-] Registering scheme https with {'store': <glance_store._drivers.http.Store object at 0x7a6e97baddf0>, 'location_class': <class 'glance_store._drivers.http.StoreLocation'>, 'store_entry': 'http'} {{(pid=115028) register_scheme_map /opt/stack/data/venv/lib/python3.12/site-packages/glance_store/location.py:146}}
Mar 31 13:52:15 ubuntu devstack@g-api.service[115028]: DEBUG glance.sqlite_migration [-] SQLite caching database not located, skipping migration {{(pid=115028) get_db_path /opt/stack/glance/glance/sqlite_migration.py:68}}
Mar 31 13:52:15 ubuntu devstack@g-api.service[115028]: WARNING glance.common.wsgi_app [-] Import methods are enabled but staging directory /tmp/staging/ does not exist; Imports will fail!
Mar 31 13:52:15 ubuntu devstack@g-api.service[115027]: DEBUG glance_store.backend [-] Attempting to import store cinder {{(pid=115027) _load_store /opt/stack/data/venv/lib/python3.12/site-packages/glance_store/backend.py:215}}
Mar 31 13:52:15 ubuntu devstack@g-api.service[115027]: DEBUG glance_store.backend [-] Attempting to import store file {{(pid=115027) _load_store /opt/stack/data/venv/lib/python3.12/site-packages/glance_store/backend.py:215}}
Mar 31 13:52:15 ubuntu devstack@g-api.service[115027]: DEBUG glance_store.backend [-] Attempting to import store glance.store.cinder.Store {{(pid=115027) _load_store /opt/stack/data/venv/lib/python3.12/site-packages/glance_store/backend.py:215}}
Mar 31 13:52:15 ubuntu devstack@g-api.service[115027]: DEBUG glance_store.backend [-] Attempting to import store glance.store.filesystem.Store {{(pid=115027) _load_store /opt/stack/data/venv/lib/python3.12/site-packages/glance_store/backend.py:215}}
Mar 31 13:52:15 ubuntu devstack@g-api.service[115027]: DEBUG glance_store.backend [-] Attempting to import store glance.store.http.Store {{(pid=115027) _load_store /opt/stack/data/venv/lib/python3.12/site-packages/glance_store/backend.py:215}}
Mar 31 13:52:15 ubuntu devstack@g-api.service[115027]: DEBUG glance_store.backend [-] Attempting to import store glance.store.rbd.Store {{(pid=115027) _load_store /opt/stack/data/venv/lib/python3.12/site-packages/glance_store/backend.py:215}}
Mar 31 13:52:15 ubuntu devstack@g-api.service[115027]: DEBUG glance_store.backend [-] Attempting to import store glance.store.s3.Store {{(pid=115027) _load_store /opt/stack/data/venv/lib/python3.12/site-packages/glance_store/backend.py:215}}
Mar 31 13:52:15 ubuntu devstack@g-api.service[115027]: DEBUG glance_store.backend [-] Attempting to import store glance.store.swift.Store {{(pid=115027) _load_store /opt/stack/data/venv/lib/python3.12/site-packages/glance_store/backend.py:215}}
Mar 31 13:52:15 ubuntu devstack@g-api.service[115027]: DEBUG glance_store.backend [-] Attempting to import store glance.store.vmware_datastore.Store {{(pid=115027) _load_store /opt/stack/data/venv/lib/python3.12/site-packages/glance_store/backend.py:215}}
Mar 31 13:52:15 ubuntu devstack@g-api.service[115027]: DEBUG glance_store.backend [-] Attempting to import store http {{(pid=115027) _load_store /opt/stack/data/venv/lib/python3.12/site-packages/glance_store/backend.py:215}}
Mar 31 13:52:15 ubuntu devstack@g-api.service[115027]: DEBUG glance_store.backend [-] Attempting to import store no_conf {{(pid=115027) _load_store /opt/stack/data/venv/lib/python3.12/site-packages/glance_store/backend.py:215}}
Mar 31 13:52:15 ubuntu devstack@g-api.service[115027]: DEBUG glance_store.backend [-] Attempting to import store rbd {{(pid=115027) _load_store /opt/stack/data/venv/lib/python3.12/site-packages/glance_store/backend.py:215}}
Mar 31 13:52:15 ubuntu devstack@g-api.service[115027]: DEBUG glance_store.backend [-] Attempting to import store s3 {{(pid=115027) _load_store /opt/stack/data/venv/lib/python3.12/site-packages/glance_store/backend.py:215}}
Mar 31 13:52:15 ubuntu devstack@g-api.service[115027]: DEBUG glance_store.backend [-] Attempting to import store swift {{(pid=115027) _load_store /opt/stack/data/venv/lib/python3.12/site-packages/glance_store/backend.py:215}}
Mar 31 13:52:15 ubuntu devstack@g-api.service[115027]: DEBUG glance_store.backend [-] Attempting to import store vmware {{(pid=115027) _load_store /opt/stack/data/venv/lib/python3.12/site-packages/glance_store/backend.py:215}}
Mar 31 13:52:15 ubuntu devstack@g-api.service[115027]: DEBUG glance_store.backend [-] Registering options for group glance_store {{(pid=115027) register_opts /opt/stack/data/venv/lib/python3.12/site-packages/glance_store/backend.py:144}}
Mar 31 13:52:15 ubuntu devstack@g-api.service[115027]: DEBUG glance_store.backend [-] Registering options for group glance_store {{(pid=115027) register_opts /opt/stack/data/venv/lib/python3.12/site-packages/glance_store/backend.py:144}}
Mar 31 13:52:15 ubuntu devstack@g-api.service[115027]: DEBUG glance_store.backend [-] Attempting to import store file {{(pid=115027) _load_store /opt/stack/data/venv/lib/python3.12/site-packages/glance_store/backend.py:215}}
Mar 31 13:52:15 ubuntu devstack@g-api.service[115027]: DEBUG glance_store.capabilities [-] Store glance_store._drivers.filesystem.Store doesn't support updating dynamic storage capabilities. Please overwrite 'update_capabilities' method of the store to implement updating logics if needed. {{(pid=115027) update_capabilities /opt/stack/data/venv/lib/python3.12/site-packages/glance_store/capabilities.py:91}}
Mar 31 13:52:15 ubuntu devstack@g-api.service[115027]: DEBUG glance_store.backend [-] Registering store file with schemes ('file', 'filesystem') {{(pid=115027) create_stores /opt/stack/data/venv/lib/python3.12/site-packages/glance_store/backend.py:261}}
Mar 31 13:52:15 ubuntu devstack@g-api.service[115027]: DEBUG glance_store.driver [-] Late loading location class glance_store._drivers.filesystem.StoreLocation {{(pid=115027) get_store_location_class /opt/stack/data/venv/lib/python3.12/site-packages/glance_store/driver.py:134}}
Mar 31 13:52:15 ubuntu devstack@g-api.service[115027]: DEBUG glance_store.location [-] Registering scheme file with {'store': <glance_store._drivers.filesystem.Store object at 0x7a6e97445490>, 'location_class': <class 'glance_store._drivers.filesystem.StoreLocation'>, 'store_entry': 'file'} {{(pid=115027) register_scheme_map /opt/stack/data/venv/lib/python3.12/site-packages/glance_store/location.py:146}}
Mar 31 13:52:15 ubuntu devstack@g-api.service[115027]: DEBUG glance_store.location [-] Registering scheme filesystem with {'store': <glance_store._drivers.filesystem.Store object at 0x7a6e97445490>, 'location_class': <class 'glance_store._drivers.filesystem.StoreLocation'>, 'store_entry': 'file'} {{(pid=115027) register_scheme_map /opt/stack/data/venv/lib/python3.12/site-packages/glance_store/location.py:146}}
Mar 31 13:52:15 ubuntu devstack@g-api.service[115027]: DEBUG glance_store.backend [-] Attempting to import store http {{(pid=115027) _load_store /opt/stack/data/venv/lib/python3.12/site-packages/glance_store/backend.py:215}}
Mar 31 13:52:15 ubuntu devstack@g-api.service[115027]: DEBUG glance_store.capabilities [-] Store glance_store._drivers.http.Store doesn't support updating dynamic storage capabilities. Please overwrite 'update_capabilities' method of the store to implement updating logics if needed. {{(pid=115027) update_capabilities /opt/stack/data/venv/lib/python3.12/site-packages/glance_store/capabilities.py:91}}
Mar 31 13:52:15 ubuntu devstack@g-api.service[115027]: DEBUG glance_store.backend [-] Registering store http with schemes ('http', 'https') {{(pid=115027) create_stores /opt/stack/data/venv/lib/python3.12/site-packages/glance_store/backend.py:261}}
Mar 31 13:52:15 ubuntu devstack@g-api.service[115027]: DEBUG glance_store.driver [-] Late loading location class glance_store._drivers.http.StoreLocation {{(pid=115027) get_store_location_class /opt/stack/data/venv/lib/python3.12/site-packages/glance_store/driver.py:134}}
Mar 31 13:52:15 ubuntu devstack@g-api.service[115027]: DEBUG glance_store.location [-] Registering scheme http with {'store': <glance_store._drivers.http.Store object at 0x7a6e97be64e0>, 'location_class': <class 'glance_store._drivers.http.StoreLocation'>, 'store_entry': 'http'} {{(pid=115027) register_scheme_map /opt/stack/data/venv/lib/python3.12/site-packages/glance_store/location.py:146}}
Mar 31 13:52:15 ubuntu devstack@g-api.service[115027]: DEBUG glance_store.location [-] Registering scheme https with {'store': <glance_store._drivers.http.Store object at 0x7a6e97be64e0>, 'location_class': <class 'glance_store._drivers.http.StoreLocation'>, 'store_entry': 'http'} {{(pid=115027) register_scheme_map /opt/stack/data/venv/lib/python3.12/site-packages/glance_store/location.py:146}}
Mar 31 13:52:15 ubuntu devstack@g-api.service[115027]: DEBUG glance.sqlite_migration [-] SQLite caching database not located, skipping migration {{(pid=115027) get_db_path /opt/stack/glance/glance/sqlite_migration.py:68}}
Mar 31 13:52:15 ubuntu devstack@g-api.service[115027]: WARNING glance.common.wsgi_app [-] Import methods are enabled but staging directory /tmp/staging/ does not exist; Imports will fail!
Mar 31 13:52:16 ubuntu devstack@g-api.service[115028]: DEBUG glance.common.config [None req-57ffd688-df9f-407d-bd0d-df14d459bdfa None None] Loading glance-api-keystone+cachemanagement from /etc/glance/glance-api-paste.ini {{(pid=115028) load_paste_app /opt/stack/glance/glance/common/config.py:758}}
Mar 31 13:52:16 ubuntu devstack@g-api.service[115027]: DEBUG glance.common.config [None req-9085aaca-3ded-43ce-8d69-a193c6a12a6e None None] Loading glance-api-keystone+cachemanagement from /etc/glance/glance-api-paste.ini {{(pid=115027) load_paste_app /opt/stack/glance/glance/common/config.py:758}}
Mar 31 13:52:16 ubuntu devstack@g-api.service[115028]: INFO glance.image_cache [None req-57ffd688-df9f-407d-bd0d-df14d459bdfa None None] Image cache loaded driver 'centralized_db'.
Mar 31 13:52:16 ubuntu devstack@g-api.service[115027]: INFO glance.image_cache [None req-9085aaca-3ded-43ce-8d69-a193c6a12a6e None None] Image cache loaded driver 'centralized_db'.
Mar 31 13:52:16 ubuntu devstack@g-api.service[115028]: INFO dbcounter [None req-57ffd688-df9f-407d-bd0d-df14d459bdfa None None] Registered counter for database glance
Mar 31 13:52:16 ubuntu devstack@g-api.service[115028]: DEBUG oslo_db.sqlalchemy.engines [None req-57ffd688-df9f-407d-bd0d-df14d459bdfa None None] MySQL server mode set to STRICT_TRANS_TABLES,STRICT_ALL_TABLES,NO_ZERO_IN_DATE,NO_ZERO_DATE,ERROR_FOR_DIVISION_BY_ZERO,TRADITIONAL,NO_ENGINE_SUBSTITUTION {{(pid=115028) _check_effective_sql_mode /opt/stack/data/venv/lib/python3.12/site-packages/oslo_db/sqlalchemy/engines.py:325}}
Mar 31 13:52:16 ubuntu devstack@g-api.service[115027]: INFO dbcounter [None req-9085aaca-3ded-43ce-8d69-a193c6a12a6e None None] Registered counter for database glance
Mar 31 13:52:16 ubuntu devstack@g-api.service[115027]: DEBUG oslo_db.sqlalchemy.engines [None req-9085aaca-3ded-43ce-8d69-a193c6a12a6e None None] MySQL server mode set to STRICT_TRANS_TABLES,STRICT_ALL_TABLES,NO_ZERO_IN_DATE,NO_ZERO_DATE,ERROR_FOR_DIVISION_BY_ZERO,TRADITIONAL,NO_ENGINE_SUBSTITUTION {{(pid=115027) _check_effective_sql_mode /opt/stack/data/venv/lib/python3.12/site-packages/oslo_db/sqlalchemy/engines.py:325}}
Mar 31 13:52:16 ubuntu devstack@g-api.service[115028]: DEBUG dbcounter [-] [115028] Writer thread running {{(pid=115028) stat_writer /opt/stack/data/venv/lib/python3.12/site-packages/dbcounter.py:102}}
Mar 31 13:52:16 ubuntu devstack@g-api.service[115028]: INFO glance.image_cache [None req-57ffd688-df9f-407d-bd0d-df14d459bdfa None None] Image cache loaded driver 'centralized_db'.
Mar 31 13:52:16 ubuntu devstack@g-api.service[115027]: DEBUG dbcounter [-] [115027] Writer thread running {{(pid=115027) stat_writer /opt/stack/data/venv/lib/python3.12/site-packages/dbcounter.py:102}}
Mar 31 13:52:16 ubuntu devstack@g-api.service[115028]: DEBUG glance.image_cache.drivers.centralized_db [None req-57ffd688-df9f-407d-bd0d-df14d459bdfa None None] Node reference is already recorded, ignoring it {{(pid=115028) configure /opt/stack/glance/glance/image_cache/drivers/centralized_db.py:71}}
Mar 31 13:52:16 ubuntu devstack@g-api.service[115027]: DEBUG glance.image_cache.drivers.centralized_db [None req-9085aaca-3ded-43ce-8d69-a193c6a12a6e None None] Node reference is already recorded, ignoring it {{(pid=115027) configure /opt/stack/glance/glance/image_cache/drivers/centralized_db.py:71}}
Mar 31 13:52:16 ubuntu devstack@g-api.service[115028]: DEBUG glance.api.v2.cached_images [None req-57ffd688-df9f-407d-bd0d-df14d459bdfa None None] Started cache worker thread {{(pid=115028) __init__ /opt/stack/glance/glance/api/v2/cached_images.py:69}}
Mar 31 13:52:16 ubuntu devstack@g-api.service[115028]: INFO glance.image_cache [None req-57ffd688-df9f-407d-bd0d-df14d459bdfa None None] Image cache loaded driver 'centralized_db'.
Mar 31 13:52:16 ubuntu devstack@g-api.service[115027]: INFO glance.image_cache [None req-9085aaca-3ded-43ce-8d69-a193c6a12a6e None None] Image cache loaded driver 'centralized_db'.
Mar 31 13:52:16 ubuntu devstack@g-api.service[115028]: DEBUG glance.image_cache.drivers.centralized_db [None req-57ffd688-df9f-407d-bd0d-df14d459bdfa None None] Node reference is already recorded, ignoring it {{(pid=115028) configure /opt/stack/glance/glance/image_cache/drivers/centralized_db.py:71}}
Mar 31 13:52:16 ubuntu devstack@g-api.service[115027]: DEBUG glance.image_cache.drivers.centralized_db [None req-9085aaca-3ded-43ce-8d69-a193c6a12a6e None None] Node reference is already recorded, ignoring it {{(pid=115027) configure /opt/stack/glance/glance/image_cache/drivers/centralized_db.py:71}}
Mar 31 13:52:16 ubuntu devstack@g-api.service[115028]: INFO glance.api.middleware.cache_manage [None req-57ffd688-df9f-407d-bd0d-df14d459bdfa None None] Initialized image cache management middleware
Mar 31 13:52:16 ubuntu devstack@g-api.service[115028]: INFO glance.image_cache [None req-57ffd688-df9f-407d-bd0d-df14d459bdfa None None] Image cache loaded driver 'centralized_db'.
Mar 31 13:52:16 ubuntu devstack@g-api.service[115027]: DEBUG glance.api.v2.cached_images [None req-9085aaca-3ded-43ce-8d69-a193c6a12a6e None None] Started cache worker thread {{(pid=115027) __init__ /opt/stack/glance/glance/api/v2/cached_images.py:69}}
Mar 31 13:52:16 ubuntu devstack@g-api.service[115027]: INFO glance.image_cache [None req-9085aaca-3ded-43ce-8d69-a193c6a12a6e None None] Image cache loaded driver 'centralized_db'.
Mar 31 13:52:16 ubuntu devstack@g-api.service[115028]: DEBUG glance.image_cache.drivers.centralized_db [None req-57ffd688-df9f-407d-bd0d-df14d459bdfa None None] Node reference is already recorded, ignoring it {{(pid=115028) configure /opt/stack/glance/glance/image_cache/drivers/centralized_db.py:71}}
Mar 31 13:52:16 ubuntu devstack@g-api.service[115027]: DEBUG glance.image_cache.drivers.centralized_db [None req-9085aaca-3ded-43ce-8d69-a193c6a12a6e None None] Node reference is already recorded, ignoring it {{(pid=115027) configure /opt/stack/glance/glance/image_cache/drivers/centralized_db.py:71}}
Mar 31 13:52:16 ubuntu devstack@g-api.service[115028]: INFO glance.api.middleware.cache [None req-57ffd688-df9f-407d-bd0d-df14d459bdfa None None] Initialized image cache middleware
Mar 31 13:52:16 ubuntu devstack@g-api.service[115027]: INFO glance.api.middleware.cache_manage [None req-9085aaca-3ded-43ce-8d69-a193c6a12a6e None None] Initialized image cache management middleware
Mar 31 13:52:16 ubuntu devstack@g-api.service[115027]: INFO glance.image_cache [None req-9085aaca-3ded-43ce-8d69-a193c6a12a6e None None] Image cache loaded driver 'centralized_db'.
Mar 31 13:52:16 ubuntu devstack@g-api.service[115028]: WARNING keystonemiddleware.auth_token [None req-57ffd688-df9f-407d-bd0d-df14d459bdfa None None] AuthToken middleware is set with keystone_authtoken.service_token_roles_required set to False. This is backwards compatible but deprecated behaviour. Please set this to True.
Mar 31 13:52:16 ubuntu devstack@g-api.service[115027]: DEBUG glance.image_cache.drivers.centralized_db [None req-9085aaca-3ded-43ce-8d69-a193c6a12a6e None None] Node reference is already recorded, ignoring it {{(pid=115027) configure /opt/stack/glance/glance/image_cache/drivers/centralized_db.py:71}}
Mar 31 13:52:16 ubuntu devstack@g-api.service[115028]: DEBUG glance.common.config [None req-57ffd688-df9f-407d-bd0d-df14d459bdfa None None] ******************************************************************************** {{(pid=115028) log_opt_values /opt/stack/data/venv/lib/python3.12/site-packages/oslo_config/cfg.py:2979}}
Mar 31 13:52:16 ubuntu devstack@g-api.service[115028]: DEBUG glance.common.config [None req-57ffd688-df9f-407d-bd0d-df14d459bdfa None None] Configuration options gathered from: {{(pid=115028) log_opt_values /opt/stack/data/venv/lib/python3.12/site-packages/oslo_config/cfg.py:2980}}
Mar 31 13:52:16 ubuntu devstack@g-api.service[115028]: DEBUG glance.common.config [None req-57ffd688-df9f-407d-bd0d-df14d459bdfa None None] command line args: [] {{(pid=115028) log_opt_values /opt/stack/data/venv/lib/python3.12/site-packages/oslo_config/cfg.py:2981}}
Mar 31 13:52:16 ubuntu devstack@g-api.service[115028]: DEBUG glance.common.config [None req-57ffd688-df9f-407d-bd0d-df14d459bdfa None None] config files: ['/etc/glance/glance-image-import.conf', '/etc/glance/glance-api.conf'] {{(pid=115028) log_opt_values /opt/stack/data/venv/lib/python3.12/site-packages/oslo_config/cfg.py:2982}}
Mar 31 13:52:16 ubuntu devstack@g-api.service[115028]: DEBUG glance.common.config [None req-57ffd688-df9f-407d-bd0d-df14d459bdfa None None] ================================================================================ {{(pid=115028) log_opt_values /opt/stack/data/venv/lib/python3.12/site-packages/oslo_config/cfg.py:2987}}
Mar 31 13:52:16 ubuntu devstack@g-api.service[115028]: DEBUG glance.common.config [None req-57ffd688-df9f-407d-bd0d-df14d459bdfa None None] allow_anonymous_access         = False {{(pid=115028) log_opt_values /opt/stack/data/venv/lib/python3.12/site-packages/oslo_config/cfg.py:2995}}
Mar 31 13:52:16 ubuntu devstack@g-api.service[115028]: DEBUG glance.common.config [None req-57ffd688-df9f-407d-bd0d-df14d459bdfa None None] api_limit_max                  = 1000 {{(pid=115028) log_opt_values /opt/stack/data/venv/lib/python3.12/site-packages/oslo_config/cfg.py:2995}}
Mar 31 13:52:16 ubuntu devstack@g-api.service[115027]: INFO glance.api.middleware.cache [None req-9085aaca-3ded-43ce-8d69-a193c6a12a6e None None] Initialized image cache middleware
Mar 31 13:52:16 ubuntu devstack@g-api.service[115028]: DEBUG glance.common.config [None req-57ffd688-df9f-407d-bd0d-df14d459bdfa None None] backlog                        = 4096 {{(pid=115028) log_opt_values /opt/stack/data/venv/lib/python3.12/site-packages/oslo_config/cfg.py:2995}}
Mar 31 13:52:16 ubuntu devstack@g-api.service[115028]: DEBUG glance.common.config [None req-57ffd688-df9f-407d-bd0d-df14d459bdfa None None] bind_host                      = 0.0.0.0 {{(pid=115028) log_opt_values /opt/stack/data/venv/lib/python3.12/site-packages/oslo_config/cfg.py:2995}}
Mar 31 13:52:16 ubuntu devstack@g-api.service[115028]: DEBUG glance.common.config [None req-57ffd688-df9f-407d-bd0d-df14d459bdfa None None] bind_port                      = None {{(pid=115028) log_opt_values /opt/stack/data/venv/lib/python3.12/site-packages/oslo_config/cfg.py:2995}}
Mar 31 13:52:16 ubuntu devstack@g-api.service[115028]: DEBUG glance.common.config [None req-57ffd688-df9f-407d-bd0d-df14d459bdfa None None] client_socket_timeout          = 900 {{(pid=115028) log_opt_values /opt/stack/data/venv/lib/python3.12/site-packages/oslo_config/cfg.py:2995}}
Mar 31 13:52:16 ubuntu devstack@g-api.service[115028]: DEBUG glance.common.config [None req-57ffd688-df9f-407d-bd0d-df14d459bdfa None None] config_dir                     = [] {{(pid=115028) log_opt_values /opt/stack/data/venv/lib/python3.12/site-packages/oslo_config/cfg.py:2995}}
Mar 31 13:52:16 ubuntu devstack@g-api.service[115028]: DEBUG glance.common.config [None req-57ffd688-df9f-407d-bd0d-df14d459bdfa None None] config_file                    = ['/etc/glance/glance-image-import.conf', '/etc/glance/glance-api.conf'] {{(pid=115028) log_opt_values /opt/stack/data/venv/lib/python3.12/site-packages/oslo_config/cfg.py:2995}}
Mar 31 13:52:16 ubuntu devstack@g-api.service[115028]: DEBUG glance.common.config [None req-57ffd688-df9f-407d-bd0d-df14d459bdfa None None] config_source                  = [] {{(pid=115028) log_opt_values /opt/stack/data/venv/lib/python3.12/site-packages/oslo_config/cfg.py:2995}}
Mar 31 13:52:16 ubuntu devstack@g-api.service[115028]: DEBUG glance.common.config [None req-57ffd688-df9f-407d-bd0d-df14d459bdfa None None] control_exchange               = glance {{(pid=115028) log_opt_values /opt/stack/data/venv/lib/python3.12/site-packages/oslo_config/cfg.py:2995}}
Mar 31 13:52:16 ubuntu devstack@g-api.service[115028]: DEBUG glance.common.config [None req-57ffd688-df9f-407d-bd0d-df14d459bdfa None None] debug                          = True {{(pid=115028) log_opt_values /opt/stack/data/venv/lib/python3.12/site-packages/oslo_config/cfg.py:2995}}
Mar 31 13:52:16 ubuntu devstack@g-api.service[115028]: DEBUG glance.common.config [None req-57ffd688-df9f-407d-bd0d-df14d459bdfa None None] default_log_levels             = ['amqp=WARN', 'boto=WARN', 'sqlalchemy=WARN', 'suds=INFO', 'oslo.messaging=INFO', 'oslo_messaging=INFO', 'iso8601=WARN', 'requests.packages.urllib3.connectionpool=WARN', 'urllib3.connectionpool=WARN', 'websocket=WARN', 'requests.packages.urllib3.util.retry=WARN', 'urllib3.util.retry=WARN', 'keystonemiddleware=WARN', 'routes.middleware=WARN', 'stevedore=WARN', 'taskflow=WARN', 'keystoneauth=WARN', 'oslo.cache=INFO', 'oslo_policy=INFO', 'dogpile.core.dogpile=INFO'] {{(pid=115028) log_opt_values /opt/stack/data/venv/lib/python3.12/site-packages/oslo_config/cfg.py:2995}}
Mar 31 13:52:16 ubuntu devstack@g-api.service[115028]: DEBUG glance.common.config [None req-57ffd688-df9f-407d-bd0d-df14d459bdfa None None] default_publisher_id           = image.localhost {{(pid=115028) log_opt_values /opt/stack/data/venv/lib/python3.12/site-packages/oslo_config/cfg.py:2995}}
Mar 31 13:52:16 ubuntu devstack@g-api.service[115028]: DEBUG glance.common.config [None req-57ffd688-df9f-407d-bd0d-df14d459bdfa None None] delayed_delete                 = False {{(pid=115028) log_opt_values /opt/stack/data/venv/lib/python3.12/site-packages/oslo_config/cfg.py:2995}}
Mar 31 13:52:16 ubuntu devstack@g-api.service[115028]: DEBUG glance.common.config [None req-57ffd688-df9f-407d-bd0d-df14d459bdfa None None] digest_algorithm               = sha256 {{(pid=115028) log_opt_values /opt/stack/data/venv/lib/python3.12/site-packages/oslo_config/cfg.py:2995}}
Mar 31 13:52:16 ubuntu devstack@g-api.service[115028]: DEBUG glance.common.config [None req-57ffd688-df9f-407d-bd0d-df14d459bdfa None None] disabled_notifications         = [] {{(pid=115028) log_opt_values /opt/stack/data/venv/lib/python3.12/site-packages/oslo_config/cfg.py:2995}}
Mar 31 13:52:16 ubuntu devstack@g-api.service[115028]: DEBUG glance.common.config [None req-57ffd688-df9f-407d-bd0d-df14d459bdfa None None] do_secure_hash                 = True {{(pid=115028) log_opt_values /opt/stack/data/venv/lib/python3.12/site-packages/oslo_config/cfg.py:2995}}
Mar 31 13:52:16 ubuntu devstack@g-api.service[115028]: DEBUG glance.common.config [None req-57ffd688-df9f-407d-bd0d-df14d459bdfa None None] enabled_backends               = None {{(pid=115028) log_opt_values /opt/stack/data/venv/lib/python3.12/site-packages/oslo_config/cfg.py:2995}}
Mar 31 13:52:16 ubuntu devstack@g-api.service[115028]: DEBUG glance.common.config [None req-57ffd688-df9f-407d-bd0d-df14d459bdfa None None] enabled_import_methods         = ['glance-direct', 'web-download', 'copy-image'] {{(pid=115028) log_opt_values /opt/stack/data/venv/lib/python3.12/site-packages/oslo_config/cfg.py:2995}}
Mar 31 13:52:16 ubuntu devstack@g-api.service[115028]: DEBUG glance.common.config [None req-57ffd688-df9f-407d-bd0d-df14d459bdfa None None] hashing_algorithm              = sha512 {{(pid=115028) log_opt_values /opt/stack/data/venv/lib/python3.12/site-packages/oslo_config/cfg.py:2995}}
Mar 31 13:52:16 ubuntu devstack@g-api.service[115028]: DEBUG glance.common.config [None req-57ffd688-df9f-407d-bd0d-df14d459bdfa None None] http_keepalive                 = True {{(pid=115028) log_opt_values /opt/stack/data/venv/lib/python3.12/site-packages/oslo_config/cfg.py:2995}}
Mar 31 13:52:16 ubuntu devstack@g-api.service[115028]: DEBUG glance.common.config [None req-57ffd688-df9f-407d-bd0d-df14d459bdfa None None] http_retries                   = 3 {{(pid=115028) log_opt_values /opt/stack/data/venv/lib/python3.12/site-packages/oslo_config/cfg.py:2995}}
Mar 31 13:52:16 ubuntu devstack@g-api.service[115028]: DEBUG glance.common.config [None req-57ffd688-df9f-407d-bd0d-df14d459bdfa None None] image_cache_dir                = /opt/stack/data/glance/cache/ {{(pid=115028) log_opt_values /opt/stack/data/venv/lib/python3.12/site-packages/oslo_config/cfg.py:2995}}
Mar 31 13:52:16 ubuntu devstack@g-api.service[115028]: DEBUG glance.common.config [None req-57ffd688-df9f-407d-bd0d-df14d459bdfa None None] image_cache_driver             = centralized_db {{(pid=115028) log_opt_values /opt/stack/data/venv/lib/python3.12/site-packages/oslo_config/cfg.py:2995}}
Mar 31 13:52:16 ubuntu devstack@g-api.service[115028]: DEBUG glance.common.config [None req-57ffd688-df9f-407d-bd0d-df14d459bdfa None None] image_cache_max_size           = 10737418240 {{(pid=115028) log_opt_values /opt/stack/data/venv/lib/python3.12/site-packages/oslo_config/cfg.py:2995}}
Mar 31 13:52:16 ubuntu devstack@g-api.service[115028]: DEBUG glance.common.config [None req-57ffd688-df9f-407d-bd0d-df14d459bdfa None None] image_cache_sqlite_db          = cache.db {{(pid=115028) log_opt_values /opt/stack/data/venv/lib/python3.12/site-packages/oslo_config/cfg.py:2995}}
Mar 31 13:52:16 ubuntu devstack@g-api.service[115028]: DEBUG glance.common.config [None req-57ffd688-df9f-407d-bd0d-df14d459bdfa None None] image_cache_stall_time         = 86400 {{(pid=115028) log_opt_values /opt/stack/data/venv/lib/python3.12/site-packages/oslo_config/cfg.py:2995}}
Mar 31 13:52:16 ubuntu devstack@g-api.service[115028]: DEBUG glance.common.config [None req-57ffd688-df9f-407d-bd0d-df14d459bdfa None None] image_location_quota           = 10 {{(pid=115028) log_opt_values /opt/stack/data/venv/lib/python3.12/site-packages/oslo_config/cfg.py:2995}}
Mar 31 13:52:16 ubuntu devstack@g-api.service[115028]: DEBUG glance.common.config [None req-57ffd688-df9f-407d-bd0d-df14d459bdfa None None] image_member_quota             = 128 {{(pid=115028) log_opt_values /opt/stack/data/venv/lib/python3.12/site-packages/oslo_config/cfg.py:2995}}
Mar 31 13:52:16 ubuntu devstack@g-api.service[115028]: DEBUG glance.common.config [None req-57ffd688-df9f-407d-bd0d-df14d459bdfa None None] image_property_quota           = 128 {{(pid=115028) log_opt_values /opt/stack/data/venv/lib/python3.12/site-packages/oslo_config/cfg.py:2995}}
Mar 31 13:52:16 ubuntu devstack@g-api.service[115028]: DEBUG glance.common.config [None req-57ffd688-df9f-407d-bd0d-df14d459bdfa None None] image_size_cap                 = 1099511627776 {{(pid=115028) log_opt_values /opt/stack/data/venv/lib/python3.12/site-packages/oslo_config/cfg.py:2995}}
Mar 31 13:52:16 ubuntu devstack@g-api.service[115028]: DEBUG glance.common.config [None req-57ffd688-df9f-407d-bd0d-df14d459bdfa None None] image_tag_quota                = 128 {{(pid=115028) log_opt_values /opt/stack/data/venv/lib/python3.12/site-packages/oslo_config/cfg.py:2995}}
Mar 31 13:52:16 ubuntu devstack@g-api.service[115028]: DEBUG glance.common.config [None req-57ffd688-df9f-407d-bd0d-df14d459bdfa None None] instance_format                = [instance: %(uuid)s]  {{(pid=115028) log_opt_values /opt/stack/data/venv/lib/python3.12/site-packages/oslo_config/cfg.py:2995}}
Mar 31 13:52:16 ubuntu devstack@g-api.service[115027]: WARNING keystonemiddleware.auth_token [None req-9085aaca-3ded-43ce-8d69-a193c6a12a6e None None] AuthToken middleware is set with keystone_authtoken.service_token_roles_required set to False. This is backwards compatible but deprecated behaviour. Please set this to True.
Mar 31 13:52:16 ubuntu devstack@g-api.service[115028]: DEBUG glance.common.config [None req-57ffd688-df9f-407d-bd0d-df14d459bdfa None None] instance_uuid_format           = [instance: %(uuid)s]  {{(pid=115028) log_opt_values /opt/stack/data/venv/lib/python3.12/site-packages/oslo_config/cfg.py:2995}}
Mar 31 13:52:16 ubuntu devstack@g-api.service[115028]: DEBUG glance.common.config [None req-57ffd688-df9f-407d-bd0d-df14d459bdfa None None] limit_param_default            = 25 {{(pid=115028) log_opt_values /opt/stack/data/venv/lib/python3.12/site-packages/oslo_config/cfg.py:2995}}
Mar 31 13:52:16 ubuntu devstack@g-api.service[115028]: DEBUG glance.common.config [None req-57ffd688-df9f-407d-bd0d-df14d459bdfa None None] log_color                      = True {{(pid=115028) log_opt_values /opt/stack/data/venv/lib/python3.12/site-packages/oslo_config/cfg.py:2995}}
Mar 31 13:52:16 ubuntu devstack@g-api.service[115028]: DEBUG glance.common.config [None req-57ffd688-df9f-407d-bd0d-df14d459bdfa None None] log_config_append              = None {{(pid=115028) log_opt_values /opt/stack/data/venv/lib/python3.12/site-packages/oslo_config/cfg.py:2995}}
Mar 31 13:52:16 ubuntu devstack@g-api.service[115028]: DEBUG glance.common.config [None req-57ffd688-df9f-407d-bd0d-df14d459bdfa None None] log_date_format                = %Y-%m-%d %H:%M:%S {{(pid=115028) log_opt_values /opt/stack/data/venv/lib/python3.12/site-packages/oslo_config/cfg.py:2995}}
Mar 31 13:52:16 ubuntu devstack@g-api.service[115028]: DEBUG glance.common.config [None req-57ffd688-df9f-407d-bd0d-df14d459bdfa None None] log_dir                        = None {{(pid=115028) log_opt_values /opt/stack/data/venv/lib/python3.12/site-packages/oslo_config/cfg.py:2995}}
Mar 31 13:52:16 ubuntu devstack@g-api.service[115028]: DEBUG glance.common.config [None req-57ffd688-df9f-407d-bd0d-df14d459bdfa None None] log_file                       = None {{(pid=115028) log_opt_values /opt/stack/data/venv/lib/python3.12/site-packages/oslo_config/cfg.py:2995}}
Mar 31 13:52:16 ubuntu devstack@g-api.service[115028]: DEBUG glance.common.config [None req-57ffd688-df9f-407d-bd0d-df14d459bdfa None None] log_rotate_interval            = 1 {{(pid=115028) log_opt_values /opt/stack/data/venv/lib/python3.12/site-packages/oslo_config/cfg.py:2995}}
Mar 31 13:52:16 ubuntu devstack@g-api.service[115028]: DEBUG glance.common.config [None req-57ffd688-df9f-407d-bd0d-df14d459bdfa None None] log_rotate_interval_type       = days {{(pid=115028) log_opt_values /opt/stack/data/venv/lib/python3.12/site-packages/oslo_config/cfg.py:2995}}
Mar 31 13:52:16 ubuntu devstack@g-api.service[115028]: DEBUG glance.common.config [None req-57ffd688-df9f-407d-bd0d-df14d459bdfa None None] log_rotation_type              = none {{(pid=115028) log_opt_values /opt/stack/data/venv/lib/python3.12/site-packages/oslo_config/cfg.py:2995}}
Mar 31 13:52:16 ubuntu devstack@g-api.service[115028]: DEBUG glance.common.config [None req-57ffd688-df9f-407d-bd0d-df14d459bdfa None None] logging_context_format_string  = %(color)s%(levelname)s %(name)s [%(global_request_id)s %(request_id)s %(project_name)s %(user_name)s%(color)s] %(instance)s%(color)s%(message)s {{(pid=115028) log_opt_values /opt/stack/data/venv/lib/python3.12/site-packages/oslo_config/cfg.py:2995}}
Mar 31 13:52:16 ubuntu devstack@g-api.service[115028]: DEBUG glance.common.config [None req-57ffd688-df9f-407d-bd0d-df14d459bdfa None None] logging_debug_format_suffix    = {{(pid=%(process)d) %(funcName)s %(pathname)s:%(lineno)d}} {{(pid=115028) log_opt_values /opt/stack/data/venv/lib/python3.12/site-packages/oslo_config/cfg.py:2995}}
Mar 31 13:52:16 ubuntu devstack@g-api.service[115028]: DEBUG glance.common.config [None req-57ffd688-df9f-407d-bd0d-df14d459bdfa None None] logging_default_format_string  = %(color)s%(levelname)s %(name)s [-%(color)s] %(instance)s%(color)s%(message)s {{(pid=115028) log_opt_values /opt/stack/data/venv/lib/python3.12/site-packages/oslo_config/cfg.py:2995}}
Mar 31 13:52:16 ubuntu devstack@g-api.service[115028]: DEBUG glance.common.config [None req-57ffd688-df9f-407d-bd0d-df14d459bdfa None None] logging_exception_prefix       = ERROR %(name)s %(instance)s {{(pid=115028) log_opt_values /opt/stack/data/venv/lib/python3.12/site-packages/oslo_config/cfg.py:2995}}
Mar 31 13:52:16 ubuntu devstack@g-api.service[115028]: DEBUG glance.common.config [None req-57ffd688-df9f-407d-bd0d-df14d459bdfa None None] logging_user_identity_format   = %(user)s %(project)s %(domain)s %(system_scope)s %(user_domain)s %(project_domain)s {{(pid=115028) log_opt_values /opt/stack/data/venv/lib/python3.12/site-packages/oslo_config/cfg.py:2995}}
Mar 31 13:52:16 ubuntu devstack@g-api.service[115028]: DEBUG glance.common.config [None req-57ffd688-df9f-407d-bd0d-df14d459bdfa None None] max_header_line                = 16384 {{(pid=115028) log_opt_values /opt/stack/data/venv/lib/python3.12/site-packages/oslo_config/cfg.py:2995}}
Mar 31 13:52:16 ubuntu devstack@g-api.service[115028]: DEBUG glance.common.config [None req-57ffd688-df9f-407d-bd0d-df14d459bdfa None None] max_logfile_count              = 30 {{(pid=115028) log_opt_values /opt/stack/data/venv/lib/python3.12/site-packages/oslo_config/cfg.py:2995}}
Mar 31 13:52:16 ubuntu devstack@g-api.service[115028]: DEBUG glance.common.config [None req-57ffd688-df9f-407d-bd0d-df14d459bdfa None None] max_logfile_size_mb            = 200 {{(pid=115028) log_opt_values /opt/stack/data/venv/lib/python3.12/site-packages/oslo_config/cfg.py:2995}}
Mar 31 13:52:16 ubuntu devstack@g-api.service[115028]: DEBUG glance.common.config [None req-57ffd688-df9f-407d-bd0d-df14d459bdfa None None] max_request_id_length          = 64 {{(pid=115028) log_opt_values /opt/stack/data/venv/lib/python3.12/site-packages/oslo_config/cfg.py:2995}}
Mar 31 13:52:16 ubuntu devstack@g-api.service[115028]: DEBUG glance.common.config [None req-57ffd688-df9f-407d-bd0d-df14d459bdfa None None] metadata_encryption_key        = **** {{(pid=115028) log_opt_values /opt/stack/data/venv/lib/python3.12/site-packages/oslo_config/cfg.py:2995}}
Mar 31 13:52:16 ubuntu devstack@g-api.service[115028]: DEBUG glance.common.config [None req-57ffd688-df9f-407d-bd0d-df14d459bdfa None None] node_staging_uri               = file:///tmp/staging/ {{(pid=115028) log_opt_values /opt/stack/data/venv/lib/python3.12/site-packages/oslo_config/cfg.py:2995}}
Mar 31 13:52:16 ubuntu devstack@g-api.service[115028]: DEBUG glance.common.config [None req-57ffd688-df9f-407d-bd0d-df14d459bdfa None None] property_protection_file       = None {{(pid=115028) log_opt_values /opt/stack/data/venv/lib/python3.12/site-packages/oslo_config/cfg.py:2995}}
Mar 31 13:52:16 ubuntu devstack@g-api.service[115028]: DEBUG glance.common.config [None req-57ffd688-df9f-407d-bd0d-df14d459bdfa None None] property_protection_rule_format = roles {{(pid=115028) log_opt_values /opt/stack/data/venv/lib/python3.12/site-packages/oslo_config/cfg.py:2995}}
Mar 31 13:52:16 ubuntu devstack@g-api.service[115028]: DEBUG glance.common.config [None req-57ffd688-df9f-407d-bd0d-df14d459bdfa None None] public_endpoint                = http://10.201.5.127/image {{(pid=115028) log_opt_values /opt/stack/data/venv/lib/python3.12/site-packages/oslo_config/cfg.py:2995}}
Mar 31 13:52:16 ubuntu devstack@g-api.service[115028]: DEBUG glance.common.config [None req-57ffd688-df9f-407d-bd0d-df14d459bdfa None None] publish_errors                 = False {{(pid=115028) log_opt_values /opt/stack/data/venv/lib/python3.12/site-packages/oslo_config/cfg.py:2995}}
Mar 31 13:52:16 ubuntu devstack@g-api.service[115028]: DEBUG glance.common.config [None req-57ffd688-df9f-407d-bd0d-df14d459bdfa None None] pydev_worker_debug_host        = None {{(pid=115028) log_opt_values /opt/stack/data/venv/lib/python3.12/site-packages/oslo_config/cfg.py:2995}}
Mar 31 13:52:16 ubuntu devstack@g-api.service[115028]: DEBUG glance.common.config [None req-57ffd688-df9f-407d-bd0d-df14d459bdfa None None] pydev_worker_debug_port        = 5678 {{(pid=115028) log_opt_values /opt/stack/data/venv/lib/python3.12/site-packages/oslo_config/cfg.py:2995}}
Mar 31 13:52:16 ubuntu devstack@g-api.service[115028]: DEBUG glance.common.config [None req-57ffd688-df9f-407d-bd0d-df14d459bdfa None None] rate_limit_burst               = 0 {{(pid=115028) log_opt_values /opt/stack/data/venv/lib/python3.12/site-packages/oslo_config/cfg.py:2995}}
Mar 31 13:52:16 ubuntu devstack@g-api.service[115028]: DEBUG glance.common.config [None req-57ffd688-df9f-407d-bd0d-df14d459bdfa None None] rate_limit_except_level        = CRITICAL {{(pid=115028) log_opt_values /opt/stack/data/venv/lib/python3.12/site-packages/oslo_config/cfg.py:2995}}
Mar 31 13:52:16 ubuntu devstack@g-api.service[115028]: DEBUG glance.common.config [None req-57ffd688-df9f-407d-bd0d-df14d459bdfa None None] rate_limit_interval            = 0 {{(pid=115028) log_opt_values /opt/stack/data/venv/lib/python3.12/site-packages/oslo_config/cfg.py:2995}}
Mar 31 13:52:16 ubuntu devstack@g-api.service[115028]: DEBUG glance.common.config [None req-57ffd688-df9f-407d-bd0d-df14d459bdfa None None] scrub_pool_size                = 1 {{(pid=115028) log_opt_values /opt/stack/data/venv/lib/python3.12/site-packages/oslo_config/cfg.py:2995}}
