"pcp-dstat 6.2.0 CSV Output"
"Author:","PCP team <pcp@groups.io> and Dag Wieers <dag@wieers.com>",,,,"URL:","https://pcp.io/ and http://dag.wieers.com/home-made/dstat/"
"Host:","ubuntu",,,,"User:","ubuntu"
"Cmdline:","dstat -tcmndrylpg --tcp --output /tmp/devstack_logs/dstat-csv.log",,,,"Date:","17 Jun 2026 11:49:17 UTC"
"system","total usage",,,,,"memory usage",,,,"net/total",,"dsk/total",,"io/total",,"system",,"load avg",,,"procs",,,"paging",,"tcp sockets",,,,
"time","total usage:usr","total usage:sys","total usage:idl","total usage:wai","total usage:stl","used","free","buf","cach","net/total:recv","net/total:send","dsk/total:read","dsk/total:writ","read","writ","int","csw","1m","5m","15m","run","blk","new","in","out","lis","act","syn","tim","clo"
17-06 11:49:17,,990968,1426872,167012,5223032,,,,,,,1.460,1.020,0.580,2,0,,,,10,5,0,17,0
17-06 11:49:18,18.492,20.741,58.724,0.500,0,1002116,1415144,167052,5223484,43954.572,15136.310,0,1959.134,0,64.971,5487,4178,1.460,1.020,0.580,1,0,345.847,0,0,10,6,0,17,0
17-06 11:49:19,21.993,21.493,54.732,0.500,0,998340,1418492,167064,5223792,34471.918,13262.736,0,1715.448,0,50.984,5520,3906,1.460,1.020,0.580,1,0,341.890,0,0,10,6,0,17,0
17-06 11:49:20,28.020,19.264,51.538,0.751,0,1004924,1411164,167128,5224312,31546.059,14250.416,0,1985.451,0,59.043,5604,5640,1.460,1.020,0.580,1,0,302.221,0,0,10,5,0,17,1
17-06 11:49:21,32.669,16.459,47.882,0.499,0,1124948,1267812,167268,5371400,176036.626,8433.191,0,14532.142,0,459.865,6779,8207,1.460,1.020,0.580,1,0,149.631,0,0,11,4,0,17,2
17-06 11:49:22,26.564,6.265,66.409,0.251,0,1125280,1250128,168232,5385252,4390.511,1623.888,0,1996.780,0,61.146,2967,2456,1.430,1.020,0.580,3,0,70.168,0,0,11,6,0,17,2
17-06 11:49:23,36.966,13.488,47.206,0.749,0,1148972,1208452,168668,5400720,4196.116,1618.502,0,1270.824,0,49.954,4481,2959,1.430,1.020,0.580,3,0,174.838,0,0,11,8,0,17,2
17-06 11:49:24,39.900,9.227,48.628,0.748,0,1199032,1130816,169744,5424580,4183.530,1131.169,39.900,4337.145,3.990,143.641,3685,2852,1.430,1.020,0.580,3,0,34.913,0,0,11,6,0,19,2
17-06 11:49:25,43.012,5.752,48.764,1.000,0,1240136,1058732,170932,5451100,2404.691,324.093,0,3841.104,0,85.024,3066,2016,1.430,1.020,0.580,3,0,0,0,0,11,6,0,19,2
17-06 11:49:26,36.366,6.772,45.646,8.527,0,1277620,1021528,172180,5447812,5037.109,2106.738,0,32202.989,0,2199.033,11051,18777,1.430,1.020,0.580,4,0,41.132,0,0,11,6,0,19,0
17-06 11:49:27,34.392,8.972,43.115,10.716,0,1312124,982840,172684,5451512,8257.100,2787.257,0,41545.682,0,3161.085,13037,23376,1.470,1.040,0.590,2,0,76.759,0,0,11,5,0,19,0
17-06 11:49:28,37.515,10.504,51.021,0,0,1228144,1059748,172692,5457756,6995.854,3398.386,0,2116.864,0,46.019,3469,2300,1.470,1.040,0.590,2,0,79.032,0,0,11,4,0,19,0
17-06 11:49:29,44.581,9.267,44.831,0.751,0,1250804,1035364,172784,5458928,3744.766,1460.639,0,9705.536,0,377.682,12210,21126,1.470,1.040,0.590,2,0,13.024,0,0,11,4,0,19,0
17-06 11:49:30,41.651,10.724,44.893,0.249,0,1256592,1029404,172812,5459028,4489.308,1616.151,0,6660.138,0,288.313,11343,19577,1.470,1.040,0.590,3,0,28.931,0,0,11,4,0,19,0
17-06 11:49:31,42.883,7.523,48.902,0.251,0,1249152,1045224,172828,5451644,4428.733,1462.535,0,2283.079,0,201.625,2923,1532,1.470,1.040,0.590,3,0,10.031,0,0,11,4,0,19,0
17-06 11:49:32,31.719,8.991,57.944,0,0,1233556,1060840,172828,5451656,4315.835,1618.438,0,3.996,0,0.999,3568,2015,1.430,1.040,0.590,2,0,125.879,0,0,11,4,0,19,0
17-06 11:49:33,7.999,20.496,69.737,0,0,1215952,1078412,172828,5451684,3431.366,971.820,0,11.998,0,2.999,5169,3556,1.430,1.040,0.590,1,0,293.946,0,0,11,4,0,19,0
17-06 11:49:34,8.249,21.748,68.244,0,0,1160804,1133404,172828,5451840,3005.749,485.959,0,35.997,0,8.999,5395,3781,1.430,1.040,0.590,2,0,325.973,0,0,11,4,0,19,0
17-06 11:49:35,26.238,16.742,56.224,0,0,1171716,1122436,172836,5452192,4617.886,1619.259,0,35.984,0,3.998,6393,8281,1.430,1.040,0.590,3,0,194.911,0,0,11,4,0,19,0
17-06 11:49:36,45.690,8.489,44.441,0,0,1218952,1075172,172848,5452312,4511.061,1617.870,0,16042.879,0,95.874,3336,1954,1.430,1.040,0.590,3,0,55.926,0,0,11,5,0,19,0
17-06 11:49:37,44.011,7.752,47.762,0.250,0,1254792,1038872,172876,5452744,4861.246,1620.415,0,1380.354,0,76.019,3038,1908,1.480,1.050,0.600,2,0,1.000,0,0,11,5,0,19,0
17-06 11:49:38,40.016,12.255,46.268,0,0,1303224,987752,173008,5455192,4803.886,1620.636,0,792.311,0,62.024,4617,15714,1.480,1.050,0.600,2,0,154.060,0,0,11,4,0,18,0
17-06 11:49:39,4.249,3.499,92.230,0,0,1316896,973948,173016,5455316,4678.964,1619.642,0,0,0,0,1148,1291,1.480,1.050,0.600,1,0,21.995,0,0,11,4,0,18,0
17-06 11:49:40,21.535,4.006,73.618,0,0,1384808,906024,173016,5455320,4627.426,1622.604,0,0,0,0,1769,1345,1.480,1.050,0.600,1,0,0,0,0,11,4,0,18,0
17-06 11:49:41,23.750,2.000,73.751,0,0,1411128,879512,173016,5455512,5255.059,1500.017,0,380.004,0,6.000,1670,1110,1.480,1.050,0.600,1,0,0,0,0,11,4,0,18,0
17-06 11:49:42,21.964,4.742,69.635,1.747,0,1321884,968584,173092,5455568,4732.215,1617.339,0,30641.588,0,550.095,4245,5594,1.440,1.050,0.600,2,0,5.990,0,0,11,4,0,15,0
17-06 11:49:43,20.460,5.739,72.857,0,0,1378816,911640,173092,5455568,5688.801,1616.817,0,578.860,0,6.986,2242,1595,1.440,1.050,0.600,2,0,36.927,0,0,11,4,0,15,0
17-06 11:49:44,20.084,2.259,77.825,0,0,1392952,897220,173092,5455760,7931.120,3859.116,0,550.298,0,10.042,1778,1368,1.440,1.050,0.600,1,0,1.004,0,0,11,11,0,15,0
17-06 11:49:45,20.205,2.744,75.082,0.748,0,1389816,899812,173148,5456136,11033.252,7483.215,267.400,1807.945,65.852,75.830,2852,2942,1.440,1.050,0.600,1,0,1.996,0,0,11,28,0,16,0
17-06 11:49:46,19.550,6.517,72.936,0,0,1414760,874868,173152,5456140,5130.065,1624.136,0,2341.965,0,19.049,2301,1605,1.440,1.050,0.600,1,0,43.110,0,0,11,28,0,16,0
17-06 11:49:47,16.997,3.749,77.738,0,0,1444064,845560,173152,5456144,8709.629,5579.122,0,19508.930,0,131.979,1949,1554,1.320,1.040,0.600,2,0,1.000,0,0,11,29,0,16,0
17-06 11:49:48,19.620,12.169,66.558,0,0.248,1432152,857416,173152,5456168,7958.139,4364.013,0,11.921,0,2.980,3579,2586,1.320,1.040,0.600,2,0,154.971,0,0,11,28,0,17,0
17-06 11:49:49,40.655,6.274,52.450,0,0,1510984,778580,173152,5456172,6079.235,3968.167,0,0,0,0,2592,1319,1.320,1.040,0.600,0,0,0,0,0,11,29,1,17,0
17-06 11:49:50,33.061,5.260,60.111,0.501,0,1512628,776736,173152,5456372,19704.270,16190.803,0,741.365,0,34.063,5920,7195,1.320,1.040,0.600,4,0,0,0,0,11,30,0,15,0
17-06 11:49:51,50.217,25.983,23.235,0,0,1494744,794596,173156,5456392,5846.201,2969.071,0,1263.179,0,56.963,5894,5393,1.320,1.040,0.600,7,0,515.665,0,0,11,28,0,16,0
17-06 11:49:52,81.300,16.760,0.250,0,0,1682180,607128,173156,5456424,5950.631,3468.116,0,18087.038,0,447.273,5154,2792,1.700,1.120,0.630,5,0,62.038,0,0,11,29,0,16,0
17-06 11:49:53,79.263,11.002,8.501,0,0.250,1809224,480204,173156,5456460,31822.077,30302.834,0,468.075,0,16.003,7134,7583,1.700,1.120,0.630,3,0,0,0,0,11,34,0,16,0
17-06 11:49:54,64.592,13.467,20.700,0.249,0,1608696,680464,173176,5456704,22627.811,16546.643,0,662.384,0,69.830,8347,11480,1.700,1.120,0.630,2,0,249.392,0,0,11,28,0,22,0
17-06 11:49:55,19.015,8.006,71.808,0.250,0,1540548,748604,173180,5456708,4933.966,1621.303,0,176.142,0,13.010,2689,2073,1.700,1.120,0.630,1,0,60.048,0,0,11,28,0,22,0
17-06 11:49:56,19.742,3.998,75.718,0,0,1560704,728340,173180,5456760,9136.182,5593.663,0,111.953,0,5.997,2173,1789,1.700,1.120,0.630,1,0,5.997,0,0,11,29,0,22,0
17-06 11:49:57,15.502,8.251,74.258,0,0,1454356,834648,173192,5456768,7686.812,4554.481,0,86257.111,0,523.055,4434,4543,1.640,1.120,0.630,1,0,69.007,0,0,11,28,0,23,0
17-06 11:49:58,22.494,3.249,72.979,0,0,1486664,802332,173196,5456772,4498.721,1619.540,0,1791.491,0,90.974,1816,1242,1.640,1.120,0.630,1,0,0,0,0,11,28,0,23,0
17-06 11:49:59,14.752,2.250,81.760,0.250,0,1475360,813616,173196,5456792,11531.419,8586.057,0,552.068,0,48.006,2818,3340,1.640,1.120,0.630,1,0,0,0,0,11,28,0,24,0
17-06 11:50:00,11.005,19.508,68.280,0.250,0,1422684,866284,173196,5456800,4405.907,1524.660,0,212.092,0,11.005,4838,3325,1.640,1.120,0.630,1,0,297.129,0,0,11,28,0,24,0
17-06 11:50:01,13.006,28.013,57.276,0,0,1420432,868516,173200,5456816,4881.183,1620.725,0,284.127,0,19.009,5737,4126,1.640,1.120,0.630,3,0,484.217,0,0,11,28,0,24,0
17-06 11:50:02,77.098,22.529,0.501,0,0,1591480,697444,173212,5456828,4884.195,1459.852,0,784.996,0,51.065,5119,3292,1.910,1.180,0.660,5,0,257.326,0,0,11,28,0,24,0
17-06 11:50:03,78.727,10.997,9.747,0,0,1743080,545784,173212,5456888,28220.790,24705.813,0,99.971,0,7.998,5844,5896,1.910,1.180,0.660,4,0,1.999,0,0,11,33,0,24,0
17-06 11:50:04,76.601,10.764,11.515,0.501,0,1748740,539908,173236,5457080,33151.508,27406.969,0,664.873,0,74.097,9184,14081,1.910,1.180,0.660,5,0,60.079,0,0,11,28,0,25,0
17-06 11:50:05,77.511,22.003,0.250,0,0,1653820,634716,173248,5457180,3384.462,324.044,0,200.027,0,15.002,5268,3673,1.910,1.180,0.660,6,0,250.034,0,0,11,28,0,25,0
17-06 11:50:06,86.463,11.745,1.249,0,0,1811144,477336,173284,5457200,24202.684,20468.276,0,707.698,0,39.983,5790,4580,1.910,1.180,0.660,5,0,0,0,0,11,33,0,25,0
17-06 11:50:07,74.345,8.732,16.216,0,0,1826572,461460,173284,5457648,44984.034,41288.753,0,0,0,0,11007,16933,2.080,1.230,0.670,4,0,0.998,0,0,11,31,0,27,0
17-06 11:50:08,50.328,16.776,32.300,0,0,1550908,737088,173304,5457672,9992.478,5521.552,0,596.925,0,71.110,5415,5412,2.080,1.230,0.670,2,0,298.462,0,0,11,28,0,29,0
17-06 11:50:09,36.247,5.749,57.245,0,0,1584540,703432,173304,5457696,12544.817,9439.110,0,155.985,0,14.999,3029,2360,2.080,1.230,0.670,2,0,0,0,0,11,30,0,29,0
17-06 11:50:10,35.769,10.005,52.777,0,0,1550468,737332,173308,5457864,15092.831,12097.277,0,756.392,0,49.025,6140,6951,2.080,1.230,0.670,5,0,148.077,0,0,11,28,0,31,0
17-06 11:50:11,60.251,17.500,22.000,0.250,0,1518236,769544,173312,5457880,4277.059,1620.022,0,120.002,0,12.000,4291,2692,2.080,1.230,0.670,3,0,230.003,0,0,11,28,0,27,0
17-06 11:50:12,49.940,5.743,43.448,0,0,1582604,705132,173312,5457924,22848.711,20973.950,0,823.017,0,3.995,5014,5773,2.150,1.260,0.690,1,0,0,0,0,11,31,0,27,0
17-06 11:50:13,55.840,19.031,24.540,0,0,1491732,795956,173332,5457952,14943.144,10401.806,0,500.809,0,48.078,7351,8330,2.150,1.260,0.690,5,0,259.419,0,0,11,28,0,28,0
17-06 11:50:14,78.769,11.217,9.472,0,0.249,1648140,639500,173344,5457988,10838.163,9140.151,0,2297.252,0,112.669,4976,2569,2.150,1.260,0.690,2,0,0,0,0,11,31,0,28,0
17-06 11:50:15,60.901,7.268,30.826,0,0,1649032,638524,173344,5458068,37202.153,31691.503,0,280.695,0,26.065,8677,12370,2.150,1.260,0.690,6,0,0,0,0,11,29,0,27,0
17-06 11:50:16,58.568,20.686,20.686,0.249,0,1549836,737700,173344,5458088,6143.933,3249.914,0,247.233,0,14.954,4942,3752,2.150,1.260,0.690,3,0,322.998,0,0,11,28,0,28,0
17-06 11:50:17,52.589,7.513,38.816,0,0,1649492,637924,173344,5458176,16216.373,12963.883,0,192.325,0,3.005,4209,3104,1.980,1.240,0.680,3,0,1.002,0,0,11,31,0,28,0
17-06 11:50:18,49.586,10.017,38.316,0,0,1601780,685304,173348,5458504,23289.382,18719.458,0,404.702,0,41.071,7833,10472,1.980,1.240,0.680,6,0,149.259,0,0,11,28,0,30,0
17-06 11:50:19,58.751,17.250,24.250,0,0,1519412,767624,173356,5458512,4846.074,1608.025,0,212.003,0,9.000,4233,2246,1.980,1.240,0.680,4,0,150.002,0,0,11,28,0,30,0
17-06 11:50:20,47.893,5.987,44.900,0.249,0,1573604,713380,173372,5458544,20372.445,18103.519,0,909.965,0,58.868,4999,5218,1.980,1.240,0.680,5,0,0,0,0,11,31,0,30,0
17-06 11:50:21,53.724,17.242,27.487,0,0,1515004,771644,173380,5458872,17472.486,12874.726,0,267.869,0,23.988,6858,8054,1.980,1.240,0.680,3,0,286.860,0,0,11,28,0,33,0
17-06 11:50:22,56.024,7.503,36.766,0,0,1615864,670764,173380,5458892,10297.443,8440.642,0,148.064,0,6.003,3682,1797,2.060,1.270,0.690,2,0,0,0,0,11,31,0,33,0
17-06 11:50:23,54.327,4.757,39.306,0.250,0,1602244,684156,173408,5459088,24469.738,20400.962,0,985.399,0,74.105,7143,9184,2.060,1.270,0.690,3,0,0,0,0,11,28,0,35,0
17-06 11:50:24,59.561,15.766,24.525,0,0,1588836,697556,173412,5459092,4342.483,1459.507,0,124.128,0,7.007,4068,2133,2.060,1.270,0.690,3,0,112.116,0,0,11,28,0,35,0
17-06 11:50:25,47.372,6.732,45.626,0,0,1639708,646648,173412,5459128,22575.880,20268.128,0,0,0,0,5259,5378,2.060,1.270,0.690,1,0,0,0,0,11,31,0,35,0
17-06 11:50:26,51.381,23.059,24.563,0.251,0,1505320,781004,173428,5459144,12882.950,8291.206,0,2426.205,0,164.421,7067,8211,2.060,1.270,0.690,6,0,408.044,0,0,11,28,0,37,0
17-06 11:50:27,76.510,23.503,0,0,0,1652852,633380,173428,5459204,4500.595,1620.214,0,24.003,0,6.001,5429,4067,2.460,1.360,0.730,9,0,334.044,0,0,11,28,0,35,0
17-06 11:50:28,79.746,19.749,0.500,0,0,1813004,473152,173428,5459280,25128.889,22423.009,0,2191.903,0,45.998,6532,5870,2.460,1.360,0.730,7,0,313.986,0,0,11,32,0,35,0
17-06 11:50:29,74.907,21.224,3.496,0,0,1857904,428076,173448,5459440,37185.632,33414.334,0,571.288,0,45.943,8601,10702,2.460,1.360,0.730,6,0,371.537,0,0,11,30,0,36,0
17-06 11:50:30,76.099,23.030,0.501,0,0,1664048,621700,173476,5459644,16149.925,12521.224,0,2927.793,0,171.222,6631,6468,2.460,1.360,0.730,6,0,428.555,0,0,11,28,0,36,0
17-06 11:50:31,86.252,13.250,1.000,0,0,1745728,539956,173476,5459704,15442.343,13210.293,0,0,0,0,5462,3574,2.460,1.360,0.730,3,0,0,0,0,11,31,0,36,0
17-06 11:50:32,68.643,11.981,17.972,0,0,1761104,524348,173476,5459932,37535.713,32755.136,0,3.994,0,0.998,8382,12470,2.820,1.450,0.760,6,0,101.842,0,0,11,31,0,38,0
17-06 11:50:33,43.054,22.278,33.292,0,0,1500332,785052,173476,5459992,18943.712,15267.110,0,32.040,0,5.006,7971,8948,2.820,1.450,0.760,1,0,485.608,0,0,11,28,0,41,0
17-06 11:50:34,21.007,32.260,46.015,0,0,1472640,812720,173476,5460016,4381.398,1620.517,0,36.011,0,9.003,6113,4919,2.820,1.450,0.760,6,0,637.203,0,0,11,28,0,41,0
17-06 11:50:35,72.501,23.000,4.750,0,0,1595320,690012,173476,5460044,6234.113,3911.071,0,1620.029,0,152.003,5138,3481,2.820,1.450,0.760,2,0,378.007,0,0,11,29,1,41,0
17-06 11:50:36,61.988,7.748,29.244,0.250,0.250,1660368,624744,173504,5460232,27921.523,24427.209,0,559.890,0,48.990,6114,7870,2.820,1.450,0.760,3,0,2.000,0,0,11,31,0,42,0
17-06 11:50:37,67.954,18.987,12.492,0.250,0,1534552,750516,173528,5460252,13323.005,9198.789,0,531.641,0,51.965,6754,7318,2.920,1.500,0.780,4,0,262.823,0,0,11,28,0,45,0
17-06 11:50:38,75.852,12.560,10.590,0,0,1648656,636356,173528,5461164,12958.815,10426.157,0,165.495,0,8.866,5099,4506,2.920,1.500,0.780,6,0,39.403,0,0,11,31,0,45,0
17-06 11:50:39,60.344,8.621,29.665,0,0.254,1673908,610884,173528,5460520,35021.868,30907.316,0,141.986,0,9.128,9729,21177,2.920,1.500,0.780,2,0,2.028,0,0,11,32,0,45,0
17-06 11:50:40,53.466,5.996,39.975,0,0,1673912,610632,173532,5460760,38076.846,32136.615,0,327.792,0,33.978,12457,18784,2.920,1.500,0.780,5,0,0,0,0,11,30,0,45,0
17-06 11:50:41,78.443,16.791,4.762,0,0,1514700,769808,173544,5460780,8693.443,5382.276,0,421.039,0,40.099,5973,5309,2.920,1.500,0.780,4,0,122.302,0,0,11,28,0,45,0
17-06 11:50:42,68.663,8.458,21.644,0,0,1662644,621824,173544,5460784,20123.136,17392.551,0,143.296,0,9.951,4671,3332,2.920,1.520,0.790,5,0,0,0,0,11,32,0,45,0
17-06 11:50:43,55.909,7.271,35.852,0,0,1662732,621472,173552,5461032,38757.334,34568.409,0,1303.711,0,12.034,10861,16575,2.920,1.520,0.790,2,0,0,0,0,11,32,0,45,0
17-06 11:50:44,61.854,9.266,27.046,0,0,1610544,673432,173552,5461256,35924.533,29248.283,0,112.189,0,8.014,10897,14955,2.920,1.520,0.790,4,0,114.192,0,0,11,28,0,47,0
17-06 11:50:45,80.780,19.257,0.500,0,0.250,1563500,720456,173552,5461272,5772.163,1620.607,0,120.045,0,8.003,4947,2327,2.920,1.520,0.790,4,0,146.055,0,0,11,28,0,47,0
17-06 11:50:46,65.692,8.493,24.479,0,0,1651700,632068,173556,5461456,26700.576,24508.499,0,611.464,0,53.953,6463,7076,2.920,1.520,0.790,2,0,1.998,0,0,11,36,0,47,0
17-06 11:50:47,64.401,12.980,21.217,0,0,1629568,654132,173556,5461520,30283.349,24807.784,0,15.975,0,1.997,8854,13080,2.850,1.530,0.800,5,0,68.894,0,0,11,34,0,49,0
17-06 11:50:48,74.387,12.731,12.481,0,0,1605340,678164,173564,5461696,16873.275,13417.543,0,351.464,0,32.950,5639,5879,2.850,1.530,0.800,3,0,59.909,0,0,11,34,0,48,0
17-06 11:50:49,72.724,13.040,14.043,0,0,1602952,680512,173576,5461724,14813.533,11813.311,0,377.159,0,39.120,5482,4937,2.850,1.530,0.800,3,0,120.370,0,0,11,34,0,50,0
17-06 11:50:50,71.687,10.990,17.235,0,0,1658140,625252,173580,5461788,25095.796,22429.156,0,115.897,0,7.993,5783,8731,2.850,1.530,0.800,2,0,0,0,0,11,35,0,50,0
17-06 11:50:51,61.721,9.246,27.487,0,0,1653128,630044,173584,5462004,35472.210,29585.996,0,115.945,0,7.996,8318,12364,2.850,1.530,0.800,7,0,58.972,0,0,11,34,0,52,0
17-06 11:50:52,73.158,16.536,9.270,0,0.251,1577292,705864,173584,5462020,12851.816,9856.333,0,120.260,0,7.015,6166,5283,2.940,1.570,0.820,3,0,168.364,0,0,11,33,0,52,0
17-06 11:50:53,72.702,8.994,18.238,0,0,1625984,656992,173588,5462192,18696.678,15922.506,0,695.542,0,12.991,5068,4234,2.940,1.570,0.820,2,0,0,0,0,11,35,0,53,0
17-06 11:50:54,67.047,12.462,19.441,0,0,1598620,684296,173592,5462244,26813.834,21608.590,0,115.650,0,11.964,7469,10009,2.940,1.570,0.820,4,0,67.795,0,0,11,33,0,55,0
17-06 11:50:55,63.469,12.543,23.581,0,0,1600788,682076,173596,5462292,13226.652,10521.314,0,393.358,0,35.121,5080,4368,2.940,1.570,0.820,2,0,138.478,0,0,11,33,0,56,1
17-06 11:50:56,54.791,12.452,32.376,0.498,0,1584012,698792,173600,5462340,15026.569,10577.573,0,3673.958,0,189.277,5371,4256,2.940,1.570,0.820,4,0,115.558,0,0,11,33,0,52,0
17-06 11:50:57,56.209,8.783,34.378,0.251,0,1590052,692544,173616,5462524,14346.463,10673.776,0,216.808,0,16.060,4189,4130,2.870,1.580,0.820,3,0,11.041,0,0,11,33,0,53,0
17-06 11:50:58,53.739,9.998,35.992,0,0,1591820,690612,173616,5462688,19250.934,15514.723,0,467.901,0,42.991,5857,6727,2.870,1.580,0.820,3,0,95.980,0,0,11,33,0,54,0
17-06 11:50:59,54.888,11.726,32.434,0,0,1530748,751644,173620,5462720,13420.545,10106.325,0,159.673,0,8.982,4378,3881,2.870,1.580,0.820,2,0,85.824,0,0,11,33,0,55,0
17-06 11:51:00,49.968,7.995,41.474,0,0.250,1561488,720692,173624,5462924,17186.073,13916.152,0,255.837,0,17.989,5251,5969,2.870,1.580,0.820,0,0,85.945,0,0,11,34,0,54,0
17-06 11:51:01,30.526,7.006,60.302,0,0,1543044,739100,173632,5462960,19389.757,14527.555,0,328.284,0,23.020,5530,6468,2.870,1.580,0.820,1,0,65.056,0,0,11,33,0,55,0
17-06 11:51:02,40.228,10.494,49.473,0,0,1482404,799728,173640,5462964,6969.135,2572.573,0,247.863,0,22.987,3925,2920,2.800,1.590,0.830,2,0,69.961,0,0,11,32,0,56,0
17-06 11:51:03,34.601,5.265,59.173,0,0,1535936,746172,173648,5462976,14879.562,10597.024,0,445.304,0,9.026,3201,2565,2.800,1.590,0.830,2,0,0,0,0,11,34,0,56,0
17-06 11:51:04,37.726,6.496,54.216,0,0,1517740,764164,173652,5463172,15037.591,10252.585,0,263.835,0,20.987,5090,5849,2.800,1.590,0.830,5,0,33.979,0,0,11,32,0,58,0
17-06 11:51:05,37.513,9.003,53.018,0.250,0,1532724,749164,173652,5463188,7122.413,3972.346,0,220.075,0,15.005,3483,2356,2.800,1.590,0.830,2,0,104.035,0,0,11,33,0,58,0
17-06 11:51:06,34.914,6.983,56.860,0,0,1529756,752112,173656,5463204,15064.903,11194.434,0,215.469,0,17.956,3910,3357,2.800,1.590,0.830,2,0,59.853,0,0,11,33,0,59,0
17-06 11:51:07,39.230,6.497,53.723,0,0,1513084,768768,173664,5463212,10278.789,6644.631,0,243.876,0,21.989,3868,4117,2.810,1.610,0.840,2,0,5.997,0,0,11,32,0,60,0
17-06 11:51:08,37.265,3.751,58.023,0,0,1548132,733684,173664,5463244,14803.891,12259.878,0,144.057,0,10.004,3293,3296,2.810,1.610,0.840,1,0,0,0,0,11,34,0,54,0
17-06 11:51:09,32.489,6.748,59.730,0,0,1545332,736456,173664,5463272,13422.419,10651.365,0,215.926,0,8.997,4916,5293,2.810,1.610,0.840,1,0,42.985,0,0,11,33,0,55,0
17-06 11:51:10,39.247,6.000,53.996,0,0,1542136,739632,173668,5463284,10212.329,7286.521,0,251.983,0,22.998,3574,3104,2.810,1.610,0.840,3,0,5.000,0,0,11,33,0,56,0
17-06 11:51:11,33.478,4.497,61.709,0.250,0,1568692,712920,173672,5463436,15675.557,12361.765,0,143.904,0,10.993,4515,5031,2.810,1.610,0.840,3,0,0,0,0,11,34,0,56,0
17-06 11:51:12,27.271,15.512,54.792,0.500,0,1441528,840032,173688,5463468,11094.404,8200.212,0,2658.014,0,161.122,6224,6290,2.750,1.620,0.850,1,0,282.214,0,0,11,32,0,56,0
17-06 11:51:13,22.480,3.497,73.685,0,0,1462748,818748,173692,5463528,4195.295,1698.500,0,175.845,0,7.993,1813,1286,2.750,1.620,0.850,0,0,0,0,0,11,32,1,56,0
17-06 11:51:14,14.265,2.503,81.335,0.250,0,1454600,826864,173708,5463544,12684.215,10026.446,0,596.622,0,38.040,3031,3682,2.750,1.620,0.850,0,0,0,0,0,11,33,0,56,0
17-06 11:51:15,12.020,11.519,75.123,0.250,0,1427204,854236,173716,5463556,7001.462,3522.767,0,276.453,0,26.043,3785,3145,2.750,1.620,0.850,2,0,165.271,0,0,11,32,0,57,0
17-06 11:51:16,17.009,10.005,72.038,0,0,1415824,865608,173716,5463564,5137.739,1458.778,0,12.006,0,3.002,2915,2010,2.750,1.620,0.850,1,0,119.063,0,0,11,32,0,53,0
17-06 11:51:17,17.713,2.495,79.584,0,0,1421148,860272,173720,5463572,8804.666,5506.534,0,219.543,0,8.981,1918,1618,2.610,1.610,0.850,1,0,0.998,0,0,11,33,0,53,0
17-06 11:51:18,16.792,4.762,77.192,0,0.251,1335856,945540,173720,5463596,10451.987,7155.792,0,4.010,0,1.002,3665,3929,2.610,1.610,0.850,2,0,44.110,0,0,11,32,0,54,0
17-06 11:51:19,20.990,4.748,73.214,0,0,1394480,886912,173720,5463596,4949.549,1511.252,0,107.947,0,7.996,1881,1346,2.610,1.610,0.850,1,0,1.999,0,0,11,32,0,54,0
17-06 11:51:20,17.216,2.745,78.346,0.250,0,1408792,872428,173744,5463744,12995.509,9852.674,0,574.872,0,41.918,3103,3508,2.610,1.610,0.850,1,0,0,0,0,11,33,0,52,0
17-06 11:51:21,18.038,3.758,76.162,0,0,1383176,898016,173744,5463768,11451.350,7425.790,0,100.213,0,13.028,4001,4726,2.610,1.610,0.850,2,0,32.068,0,0,11,32,0,52,0
17-06 11:51:22,8.736,22.714,67.644,0,0,1362516,918528,173744,5463916,4433.027,1659.390,0,3.994,0,0.998,5507,3677,2.480,1.600,0.850,1,0,362.430,0,0,11,32,0,52,0
17-06 11:51:23,30.607,16.672,50.763,0,0,1448212,832776,173804,5463908,4718.006,1612.483,0,732.585,0,36.828,4489,3251,2.480,1.600,0.850,2,0,229.928,0,0,11,32,0,54,0
17-06 11:51:24,41.886,8.026,47.906,2.007,0,1532012,746024,174136,5466236,4454.467,1625.278,0,4671.171,0,400.300,4552,4969,2.480,1.600,0.850,6,0,23.075,0,0,11,36,0,49,0
17-06 11:51:25,33.969,7.243,43.460,12.489,0,1528728,742776,175216,5471256,4775.648,1618.525,0,27059.342,0,2669.567,13868,24433,2.480,1.600,0.850,6,0,108.901,0,0,11,36,0,49,0
17-06 11:51:26,35.984,10.245,37.234,13.994,0,1599120,670988,175868,5471940,4399.061,1403.381,0,57890.478,0,4504.014,15617,31833,2.480,1.600,0.850,2,0,40.982,0,0,11,36,0,49,0
17-06 11:51:27,44.793,6.006,47.796,0,0,1484512,785596,175868,5471940,3869.735,1026.991,0,1753.692,0,168.162,2960,1576,2.440,1.600,0.860,2,0,7.007,0,0,11,32,0,49,0
17-06 11:51:28,40.363,7.772,44.374,5.766,0,1512264,757544,175960,5472152,4271.924,1624.535,0,9827.431,0,1278.569,9282,14228,2.440,1.600,0.860,3,1,3.008,0,0,11,34,0,49,0
17-06 11:51:29,38.984,7.747,43.732,6.747,0,1488872,780452,176136,5472456,3976.375,1457.404,0,12914.723,0,1730.293,11025,17794,2.440,1.600,0.860,2,0,31.987,0,0,11,32,0,47,0
17-06 11:51:30,23.565,6.449,68.957,0.248,0,1480896,788408,176144,5472468,4226.728,1607.347,0,817.564,0,39.688,2595,1962,2.440,1.600,0.860,4,0,66.477,0,0,11,32,0,47,0
17-06 11:51:31,21.888,4.780,71.200,1.006,0,1500260,768988,176196,5472468,4624.210,1467.268,0,7414.838,0,408.581,2757,3047,2.440,1.600,0.860,1,0,2.013,0,0,11,32,0,47,0
17-06 11:51:32,23.004,3.251,73.263,0,0,1444504,824720,176196,5472492,4608.801,1566.272,0,232.040,0,15.003,1842,1217,2.320,1.590,0.860,1,0,1.000,0,0,11,32,0,47,0
17-06 11:51:33,22.000,3.750,73.248,0,0,1481416,787808,176196,5472492,4471.902,1511.967,0,0,0,0,1891,1273,2.320,1.590,0.860,1,0,2.000,0,0,11,32,0,43,0
17-06 11:51:34,23.266,2.752,73.802,0.250,0,1449712,819496,176196,5472504,4160.920,1459.024,0,2013.413,0,189.133,1840,1202,2.320,1.590,0.860,1,0,1.001,0,0,11,32,0,43,0
17-06 11:51:35,22.239,3.998,73.465,0,0,1498372,770836,176196,5472504,4763.711,1619.222,0,3.998,0,1.000,1818,1245,2.320,1.590,0.860,1,0,1.999,0,0,11,32,0,43,0
17-06 11:51:36,23.995,1.500,73.735,0,0,1515044,754160,176204,5472496,5159.920,1457.695,0,0,0,0,1673,1052,2.320,1.590,0.860,1,0,0,0,0,11,32,0,43,0
17-06 11:51:37,22.741,3.749,72.971,0,0,1493764,775304,176204,5472580,5305.879,1619.353,0,0,0,0,1941,1313,2.220,1.580,0.860,1,0,1.999,0,0,11,32,0,39,0
17-06 11:51:38,21.974,3.746,72.915,0,0,1520040,749024,176204,5472580,4760.438,1618.109,0,227.734,0,5.993,1784,1149,2.220,1.580,0.860,2,0,1.998,0,0,11,32,0,39,0
17-06 11:51:39,29.051,6.011,62.861,0.751,0,1458760,810188,176224,5472684,4507.948,1622.861,0,5990.563,0,325.574,3576,11077,2.220,1.580,0.860,1,1,37.065,0,0,11,32,0,40,0
17-06 11:51:40,21.729,3.996,73.428,0,0,1454640,814272,176232,5472708,4093.991,1456.574,0,35.965,0,2.997,1753,1236,2.220,1.580,0.860,1,0,0.999,0,0,11,32,0,40,0
17-06 11:51:41,21.973,3.995,73.410,0,0,1465396,803484,176232,5472708,4331.705,1659.971,0,3.995,0,0.999,1762,1226,2.220,1.580,0.860,1,0,0,0,0,11,32,0,37,0
17-06 11:51:42,22.255,3.251,73.516,0,0,1499496,769380,176232,5472712,4380.955,1620.353,0,0,0,0,1711,1015,2.120,1.570,0.860,2,0,2.000,0,0,11,32,0,37,0
17-06 11:51:43,22.090,4.769,73.299,0.251,0,1482016,786828,176240,5472736,4879.892,1626.631,0,240.982,0,52.213,1835,1365,2.120,1.570,0.860,1,0,1.004,0,0,11,32,0,37,0
17-06 11:51:44,22.172,3.488,73.739,0,0,1389220,879584,176240,5472776,5040.166,1494.711,0,15.944,0,1.993,1792,1208,2.120,1.570,0.860,1,0,0.996,0,0,11,32,0,37,0
17-06 11:51:45,21.942,3.740,72.808,0,0,1442896,825908,176240,5472776,4966.936,1685.566,0,119.685,0,1.995,1800,1164,2.120,1.570,0.860,3,0,1.995,0,0,11,32,0,33,0
17-06 11:51:46,18.811,8.277,72.233,0,0,1410992,857664,176240,5472916,4730.248,1462.715,0,0,0,0,2944,1971,2.120,1.570,0.860,2,0,110.356,0,0,11,32,0,33,0
17-06 11:51:47,7.749,22.998,67.993,0,0,1410268,858360,176240,5472940,4919.499,1619.835,0,535.945,0,7.999,5351,3681,2.030,1.560,0.860,1,0,336.966,0,0,11,32,0,33,0
17-06 11:51:48,8.485,20.963,68.378,0,0,1393340,875248,176240,5472968,4330.259,1455.398,0,451.193,0,7.986,4959,3301,2.030,1.560,0.860,1,0,267.522,0,0,11,32,0,33,0
17-06 11:51:49,7.537,22.359,68.081,0.251,0,1385476,883088,176240,5472988,4280.825,1627.919,0,1326.453,0,116.567,5510,4031,2.030,1.560,0.860,1,0,325.584,0,0,11,32,0,30,0
17-06 11:51:50,8.494,20.236,68.951,0,0,1388856,879688,176240,5473008,3915.233,1456.970,0,27.980,0,3.997,5078,3477,2.030,1.560,0.860,1,0,296.790,0,0,11,32,0,30,0
17-06 11:51:51,19.993,6.248,73.223,0,0,1422792,845740,176240,5473016,4335.427,1619.412,0,0,0,0,2130,1566,2.030,1.560,0.860,1,0,33.988,0,0,11,32,0,30,0
17-06 11:51:52,22.231,3.747,73.436,0,0,1481016,787528,176240,5473000,4154.395,1456.736,0,15.986,0,0.999,1689,1059,1.950,1.550,0.860,1,0,1.998,0,0,11,32,0,30,0
17-06 11:51:53,22.053,3.508,73.676,0,0,1423140,845388,176240,5473016,4107.790,1461.483,0,4.010,0,1.002,1770,1206,1.950,1.550,0.860,1,0,1.002,0,0,11,32,0,25,0
17-06 11:51:54,21.698,3.741,73.575,0,0.249,1492208,776340,176240,5472996,4559.138,1616.150,0,0,0,0,1703,1142,1.950,1.550,0.860,1,0,1.995,0,0,11,32,0,25,0
17-06 11:51:55,22.248,4.000,72.993,0,0,1490960,777564,176240,5473016,4979.492,1619.835,0,2023.793,0,11.999,1758,1200,1.950,1.550,0.860,2,0,1.000,0,0,11,32,0,25,0
17-06 11:51:56,23.001,4.250,71.755,0,0,1490416,778064,176240,5473036,4715.296,1458.091,0,0,0,0,1939,1179,1.950,1.550,0.860,1,0,8.001,0,0,11,32,0,25,0
17-06 11:51:57,23.755,3.001,72.766,0,0,1455164,813300,176240,5473048,5041.099,1620.353,0,12.003,0,1.000,1818,1260,1.870,1.540,0.860,1,0,2.000,0,0,11,32,0,18,0
17-06 11:51:58,22.527,3.004,73.339,0,0,1509512,758976,176240,5473024,4625.611,1621.967,0,0,0,0,1770,1225,1.870,1.540,0.860,1,0,2.002,0,0,11,32,0,18,0
17-06 11:51:59,23.221,2.747,73.408,0.250,0,1509744,758724,176244,5473036,4674.137,1617.970,0,822.968,0,86.891,1912,1442,1.870,1.540,0.860,1,0,0,0,0,11,32,0,18,0
17-06 11:52:00,21.477,4.245,73.422,0,0,1475784,792668,176248,5473048,4401.304,1618.274,0,151.838,0,8.990,1812,1282,1.870,1.540,0.860,2,0,0.999,0,0,11,32,0,18,0
17-06 11:52:01,22.770,2.752,73.315,0,0,1502628,765824,176248,5473048,5045.442,1459.285,0,48.042,0,2.002,1753,1115,1.870,1.540,0.860,2,0,2.002,0,0,11,32,0,14,0
17-06 11:52:02,22.252,4.500,73.255,0,0,1510932,757508,176248,5473060,5938.421,1512.107,0,0,0,0,1863,1292,1.800,1.540,0.860,2,0,1.000,0,0,11,32,0,14,0
17-06 11:52:03,22.235,3.248,73.450,0,0,1545876,722592,176248,5473032,4017.292,593.600,0,27.981,0,0.999,1764,1153,1.800,1.540,0.860,2,0,1.999,0,0,11,32,0,14,0
17-06 11:52:04,22.955,2.495,73.355,0,0,1489976,778464,176248,5473060,6199.786,1509.027,0,0,0,0,1791,1134,1.800,1.540,0.860,2,0,0.998,0,0,11,32,0,14,0
17-06 11:52:05,22.048,4.009,73.411,0,0,1536016,732512,176248,5472972,4926.813,1569.445,0,88.194,0,3.007,1756,1119,1.800,1.540,0.860,2,0,2.004,0,0,11,32,0,11,0
17-06 11:52:06,22.985,2.498,73.702,0,0,1548644,719884,176248,5472972,5325.530,1511.015,0,87.943,0,0.999,1599,911,1.800,1.540,0.860,2,0,0,0,0,11,32,0,11,0
17-06 11:52:07,20.570,5.519,74.002,0,0,1504052,764388,176248,5473060,4876.630,1625.543,0,12.041,0,1.003,1846,1336,1.740,1.530,0.860,1,0,2.007,0,0,11,32,0,11,0
17-06 11:52:08,22.990,2.999,73.467,0,0,1492212,776228,176248,5473060,4515.976,1457.347,0,0,0,0,1779,1327,1.740,1.530,0.860,1,0,1.000,0,0,11,32,0,11,0
17-06 11:52:09,21.759,3.752,73.280,0,0,1526644,741816,176248,5473040,4801.961,1620.662,0,392.160,0,28.011,2019,1606,1.740,1.530,0.860,1,0,2.001,0,0,11,32,0,11,0
17-06 11:52:10,21.930,3.738,73.016,0.249,0,1479196,789240,176248,5473064,4029.066,1547.034,0,737.632,0,98.683,1771,1232,1.740,1.530,0.860,1,0,0.997,0,0,11,32,0,8,0
17-06 11:52:11,22.521,3.503,73.318,0,0,1484992,783444,176248,5473064,4581.273,1621.512,0,32.030,0,3.003,1744,1161,1.740,1.530,0.860,2,0,1.001,0,0,11,32,0,8,0
17-06 11:52:12,22.240,3.998,73.468,0,0,1496908,771540,176248,5473052,4617.985,1619.293,0,0,0,0,1781,1219,1.680,1.520,0.870,2,0,1.999,0,0,11,32,0,8,0
17-06 11:52:13,23.740,2.999,71.721,0,0,1483356,785092,176248,5473052,4494.199,1565.373,0,11.995,0,1.000,1879,1194,1.680,1.520,0.870,2,0,7.997,0,0,11,32,0,8,0
17-06 11:52:14,8.274,22.816,67.697,0,0,1472492,795900,176248,5473108,4244.357,1516.415,0,192.561,0,8.023,5571,3952,1.680,1.520,0.870,2,0,368.072,0,0,11,32,0,5,0
17-06 11:52:15,18.706,8.979,71.830,0,0,1457680,810696,176248,5473124,4249.939,1616.174,0,175.584,0,4.988,2762,2026,1.680,1.520,0.870,1,0,84.799,0,0,11,32,0,5,0
17-06 11:52:16,23.508,2.251,73.527,0,0,1482956,785244,176252,5473296,5298.914,1620.585,0,124.045,0,28.010,1647,995,1.680,1.520,0.870,2,0,0,0,0,11,32,0,5,0
17-06 11:52:17,21.309,4.763,73.202,0,0,1463468,804648,176252,5473372,5220.412,1570.335,0,4.011,0,1.003,2003,1366,1.620,1.510,0.870,1,0,10.028,0,0,11,32,0,5,0
17-06 11:52:18,23.686,2.244,73.302,0,0,1463972,804144,176252,5473372,4759.121,1507.919,0,0,0,0,1656,980,1.620,1.510,0.870,1,0,0,0,0,11,32,0,4,0
17-06 11:52:19,8.008,23.273,66.817,0,0,1389068,878900,176252,5473516,4702.734,1459.469,40.040,84.085,2.002,3.003,5490,3851,1.620,1.510,0.870,1,0,367.370,0,0,11,32,0,4,0
17-06 11:52:20,7.743,22.231,68.191,0,0,1385820,882132,176252,5473536,4615.991,1618.594,0,287.750,0,8.992,5200,3508,1.620,1.510,0.870,1,0,297.741,0,0,11,32,0,4,0
17-06 11:52:21,8.257,22.018,67.805,0,0,1388592,879344,176252,5473552,4658.789,1459.187,0,332.270,0,31.025,5261,3494,1.620,1.510,0.870,1,0,313.255,0,0,11,32,0,4,0
17-06 11:52:22,7.757,23.271,67.562,0,0,1384616,883296,176252,5473572,4041.708,1459.339,0,4.004,0,1.001,5260,3471,1.650,1.520,0.870,1,0,310.285,0,0,11,32,0,3,0
17-06 11:52:23,8.497,22.241,67.973,0,0,1380460,887428,176252,5473588,4336.272,1457.419,0,531.788,0,6.997,5091,3527,1.650,1.520,0.870,1,0,307.877,0,0,11,32,0,3,0
17-06 11:52:24,7.240,22.717,67.652,0,0,1373692,894200,176252,5473600,4281.822,1455.899,0,790.859,0,8.987,5223,3394,1.650,1.520,0.870,1,0,304.561,0,0,11,32,0,3,0
17-06 11:52:25,8.253,22.259,67.779,0.250,0,1366688,901184,176252,5473620,4301.817,1620.685,0,820.347,0,10.004,5187,3440,1.650,1.520,0.870,1,0,303.128,0,0,11,32,0,3,0
17-06 11:52:26,9.020,22.800,67.147,0,0,1366644,901216,176252,5473632,4244.299,1461.201,0,705.546,0,8.018,5296,3555,1.650,1.520,0.870,1,0,319.700,0,0,11,32,0,1,0
17-06 11:52:27,6.731,20.942,70.054,0,0,1366892,900948,176252,5473652,4505.425,1453.942,0,550.464,0,68.808,5051,3391,1.600,1.510,0.870,1,0,272.240,0,0,11,32,0,1,0
17-06 11:52:28,7.254,21.762,69.040,0,0,1359924,907888,176252,5473676,4948.838,1620.930,0,140.080,0,5.003,5246,3568,1.600,1.510,0.870,2,0,309.177,0,0,11,32,0,1,0
17-06 11:52:29,7.499,21.996,68.488,0,0,1364244,903548,176252,5473696,4585.183,1619.711,0,291.948,0,6.999,5104,3449,1.600,1.510,0.870,1,0,295.947,0,0,11,32,0,1,0
17-06 11:52:30,8.002,22.757,67.271,0,0,1364016,903752,176256,5473716,4407.374,1620.505,0,120.037,0,10.003,5267,3559,1.600,1.510,0.870,1,0,308.096,0,0,11,32,0,1,0
17-06 11:52:31,9.002,22.255,67.767,0,0,1364012,903736,176256,5473736,4638.144,1620.400,0,40.010,0,9.002,5294,3551,1.600,1.510,0.870,1,0,322.079,0,0,11,32,0,1,0
17-06 11:52:32,10.010,21.272,66.319,0,0,1328924,938800,176264,5473760,4564.734,1621.682,0,16.017,0,4.004,5476,3976,1.630,1.520,0.880,3,0,376.390,0,0,11,34,0,1,0
17-06 11:52:33,34.039,33.289,32.287,0.250,0,1404916,862768,176280,5473784,4292.967,1459.689,0,1754.030,0,185.214,6721,5802,1.630,1.520,0.880,4,0,642.744,0,0,11,34,0,6,0
17-06 11:52:34,63.232,12.497,24.243,0.250,0,1591644,675116,176384,5474572,4678.691,1619.547,0,187.947,0,11.997,4054,2126,1.630,1.520,0.880,4,0,20.994,0,0,11,32,0,7,0
17-06 11:52:35,51.223,10.744,26.986,9.245,0,1651700,604416,177352,5483052,4557.597,1619.146,375.802,39203.329,3.998,2686.583,11891,22325,1.630,1.520,0.880,3,0,74.960,0,0,11,38,0,8,0
17-06 11:52:36,39.918,12.973,30.687,13.722,0,1668704,576472,178132,5492832,5046.604,1616.670,0,73875.819,0,5352.973,19555,38710,1.630,1.520,0.880,1,1,155.679,0,0,11,36,0,8,0
17-06 11:52:37,37.267,10.755,35.016,14.006,0,1708668,527596,178372,5501200,7147.213,6360.859,0,75662.010,0,5764.591,20956,41023,1.900,1.570,0.900,1,1,58.026,0,0,11,37,0,8,0
17-06 11:52:38,42.515,11.504,29.760,13.255,0.250,1646900,581840,178708,5508128,12045.114,5717.953,0,56231.204,0,4370.493,17390,32586,1.900,1.570,0.900,4,0,120.041,0,0,11,34,0,9,0
17-06 11:52:39,42.665,27.944,19.960,7.984,0,1602652,619040,179184,5514620,4554.896,1401.199,295.410,29293.450,3.992,2431.141,15167,33848,1.900,1.570,0.900,2,2,402.196,0,0,11,34,0,10,0
17-06 11:52:40,38.573,20.288,27.302,10.520,0.250,1620976,593848,179580,5520568,9392.757,6502.293,1603.031,70674.611,27.051,4796.067,17827,35976,1.900,1.570,0.900,2,1,217.411,0,0,11,35,0,10,0
17-06 11:52:41,27.306,7.014,50.604,12.275,0.251,1616176,595812,179704,5523176,13667.959,10051.562,0,45416.906,0,3794.763,17464,32969,1.900,1.570,0.900,3,0,51.105,0,0,11,35,0,10,0
17-06 11:52:42,30.964,7.491,46.696,12.985,0,1571204,639848,179780,5524004,10555.776,7457.364,0,42279.038,0,3718.694,17081,31739,1.990,1.600,0.910,3,1,65.924,0,0,11,34,0,9,0
17-06 11:52:43,38.018,6.753,39.769,13.006,0,1637456,572648,179992,5524712,4340.027,1626.760,0,22974.729,0,3181.486,12785,24471,1.990,1.600,0.910,1,0,33.015,0,0,11,34,0,10,0
17-06 11:52:44,24.766,7.505,49.783,14.510,0,1628112,581316,180236,5525112,13256.746,9433.223,0,50485.307,0,4364.880,17490,33997,1.990,1.600,0.910,4,0,30.020,0,0,11,35,0,9,0
17-06 11:52:45,31.862,6.223,48.291,10.455,0,1618688,588756,180364,5526936,14614.657,10377.024,0,30332.532,0,2792.895,14930,27757,1.990,1.600,0.910,3,1,35.845,0,0,11,37,0,9,0
17-06 11:52:46,33.891,10.293,42.928,10.293,0,1522264,683352,180440,5528648,8281.407,4378.190,0,32141.541,0,2824.736,14021,25209,1.990,1.600,0.910,2,1,107.446,0,0,11,36,0,10,0
17-06 11:52:47,33.254,7.501,43.506,13.002,0,1571472,631308,180452,5531380,5185.657,3328.422,0,60419.654,0,4665.591,17236,33660,2.070,1.620,0.930,0,1,46.006,0,0,11,37,0,10,0
17-06 11:52:48,25.424,7.229,50.600,12.214,0,1567120,632672,180584,5534144,12022.282,8822.787,0,54609.753,0,4466.729,18889,35764,2.070,1.620,0.930,0,1,50.849,0,0,11,37,0,10,0
17-06 11:52:49,26.301,7.264,50.849,12.023,0,1563252,632248,180692,5538220,13763.874,9757.051,0,45765.358,0,3866.550,18044,33621,2.070,1.620,0.930,2,1,87.170,0,0,11,37,0,10,0
17-06 11:52:50,32.014,9.504,42.268,12.756,0,1534920,658388,180804,5540232,6648.879,3713.608,0,52858.888,0,4281.854,18037,34117,2.070,1.620,0.930,3,0,81.035,0,0,11,36,0,10,0
17-06 11:52:51,31.773,7.756,45.783,12.259,0,1574356,623024,180836,5536108,6661.861,6524.761,0,36182.403,0,3427.501,15756,29970,2.070,1.620,0.930,1,1,15.011,0,0,11,37,0,10,0
17-06 11:52:52,29.233,6.996,48.222,11.493,0,1571012,625060,180852,5537392,13477.199,7547.631,0,46229.243,0,3693.862,16463,30408,2.310,1.680,0.950,2,1,23.986,0,0,11,37,0,10,0
17-06 11:52:53,30.718,6.993,54.444,5.245,0,1452008,744004,180880,5537420,13269.323,9704.997,0,23999.263,0,1778.167,10382,18022,2.310,1.680,0.950,2,0,97.899,0,0,11,33,0,11,0
17-06 11:52:54,20.470,12.732,64.906,0.250,0,1413188,782776,180880,5537468,5701.730,2801.936,0,2332.617,0,194.718,3759,2782,2.310,1.680,0.950,2,0,186.729,0,0,11,32,0,12,0
17-06 11:52:55,16.771,3.254,78.851,0.250,0,1454412,741544,180884,5537472,7125.108,6486.291,0,564.722,0,37.047,1993,1880,2.310,1.680,0.950,0,0,0,0,0,11,33,0,12,0
17-06 11:52:56,20.194,3.241,74.542,0.748,0,1452056,743572,180884,5537764,11390.186,5428.837,0,5025.962,0,288.195,3316,4021,2.310,1.680,0.950,1,0,5.983,0,0,11,32,0,13,0
17-06 11:52:57,20.035,6.511,72.877,0,0,1419344,776284,180884,5537764,4688.180,1622.831,0,0,0,0,2218,1512,2.200,1.670,0.950,1,0,35.061,0,0,11,32,0,13,0
17-06 11:52:58,15.526,2.254,80.884,0,0,1439128,756404,180884,5537860,10776.849,8145.491,0,124.206,0,13.022,2304,2376,2.200,1.670,0.950,1,0,0,0,0,11,33,0,13,0
17-06 11:52:59,19.713,5.989,72.862,0,0,1454492,741032,180884,5537868,5222.085,1814.555,0,199.621,0,14.972,2607,1897,2.200,1.670,0.950,1,0,59.886,0,0,11,32,0,14,0
17-06 11:53:00,17.225,2.247,79.386,0,0,1500244,695276,180884,5537872,7151.729,6451.734,0,31.954,0,3.994,1919,1632,2.200,1.670,0.950,0,0,0,0,0,11,33,0,14,0
17-06 11:53:01,18.441,1.994,77.503,0.249,0,1492028,703340,180884,5538024,12951.805,7133.311,0,813.413,0,34.889,3290,3993,2.200,1.670,0.950,3,0,0,0,0,11,32,0,15,0
17-06 11:53:02,20.349,6.029,73.356,0,0,1520432,674936,180884,5538024,5806.188,1465.113,0,0,0,0,2269,1477,2.110,1.650,0.950,1,0,43.210,0,0,11,32,0,15,0
17-06 11:53:03,17.244,2.749,78.724,0,0,1536092,659272,180884,5538028,10382.587,6710.794,0,67.978,0,3.999,1910,1515,2.110,1.650,0.950,1,0,0,0,0,11,33,0,15,0
17-06 11:53:04,15.528,3.005,80.643,0.250,0,1498140,697204,180884,5538048,12453.145,7322.020,0,104.185,0,14.025,3355,4062,2.110,1.650,0.950,2,0,12.021,0,0,11,32,0,16,0
17-06 11:53:05,8.247,22.493,67.230,0,0,1484052,711136,180884,5538204,5158.429,1619.507,0,223.932,0,11.996,5656,3906,2.110,1.650,0.950,1,0,396.879,0,0,11,32,0,16,0
17-06 11:53:06,36.774,22.264,40.276,0,0,1497076,697768,180904,5538528,5498.554,1458.943,0,4999.232,0,79.051,5944,4807,2.110,1.650,0.950,3,0,389.252,0,0,11,32,0,22,0
17-06 11:53:07,62.247,12.999,24.249,0,0,1644024,549256,180960,5539864,4119.789,1079.945,0,631.968,0,28.999,3702,1712,2.180,1.680,0.960,3,0,4.000,0,0,11,32,0,22,0
17-06 11:53:08,67.072,8.009,24.276,0.501,0,1778660,411440,181072,5542820,4000.285,1297.390,0,5509.902,0,160.172,4048,1924,2.180,1.680,0.960,3,0,0,0,0,11,32,0,22,0
17-06 11:53:09,45.190,7.490,36.701,8.489,0,1794988,385008,181200,5552140,4156.496,1240.357,0,37973.713,0,2880.186,14174,24175,2.180,1.680,0.960,3,1,125.833,0,0,11,38,0,22,0
17-06 11:53:10,25.982,7.994,45.968,14.740,0,1793376,375936,181288,5562348,4053.166,1604.878,0,79184.630,0,5789.951,22438,43626,2.180,1.680,0.960,1,1,224.843,0,0,11,38,0,22,0
17-06 11:53:11,21.250,8.000,48.999,17.750,0,1793124,369132,181324,5569128,4502.926,1565.974,0,87518.569,0,6365.896,21947,43973,2.180,1.680,0.960,1,1,134.998,0,0,11,38,0,22,0
17-06 11:53:12,38.041,7.758,35.539,15.517,0,1691116,463080,181392,5576840,4024.365,1621.759,0,54643.267,0,4391.763,18526,34326,2.240,1.700,0.970,4,0,174.189,0,0,11,36,0,22,0
17-06 11:53:13,38.160,12.969,31.925,14.466,0,1712884,433140,181492,5584624,4249.981,1616.190,0,80155.048,0,5757.428,20504,41057,2.240,1.700,0.970,4,0,165.610,0,0,11,36,0,22,0
17-06 11:53:14,38.831,9.770,33.320,15.031,0,1764392,369160,181516,5596612,4699.844,1623.400,0,85302.677,0,5621.776,18077,37418,2.240,1.700,0.970,1,1,0,0,0,11,36,0,22,0
17-06 11:53:15,40.262,8.753,34.260,13.754,0,1699204,429768,181548,5600984,4621.390,1620.487,0,62590.819,0,4747.427,18569,37110,2.240,1.700,0.970,4,0,66.020,0,0,11,36,0,22,0
17-06 11:53:16,28.773,10.008,45.786,12.510,0,1705440,420328,181560,5604064,5000.973,1621.288,0,73226.178,0,5383.277,19427,37937,2.240,1.700,0.970,2,0,155.123,0,0,11,36,0,22,0
17-06 11:53:17,24.928,15.704,57.334,0.997,0,1457464,668268,181564,5604100,5324.573,1615.320,0,5372.434,0,325.058,4866,4152,2.140,1.690,0.970,1,0,249.278,0,0,11,32,0,22,0
17-06 11:53:18,21.975,4.495,72.169,0.250,0,1518584,607140,181564,5604104,4856.568,1618.190,0,711.205,0,45.949,1922,1485,2.140,1.690,0.970,3,0,0.999,0,0,11,32,0,22,0
17-06 11:53:19,22.947,3.741,71.835,0.748,0,1541900,583824,181564,5604104,4894.769,1616.291,0,5798.695,0,346.206,2459,2535,2.140,1.690,0.970,4,0,1.995,0,0,11,34,0,22,0
17-06 11:53:20,23.829,2.007,72.992,0.251,0,1393232,732484,181564,5604112,4573.171,1517.033,0,188.626,0,16.053,2374,1906,2.140,1.690,0.970,1,0,10.033,0,0,11,32,0,22,0
17-06 11:53:21,21.250,4.750,72.751,0,0,1452504,673212,181564,5604112,5249.106,1566.032,0,224.005,0,49.001,2062,1439,2.140,1.690,0.970,1,0,18.000,0,0,11,32,0,22,0
17-06 11:53:22,23.170,3.488,72.501,0,0,1520788,604928,181564,5604112,4741.712,1453.009,0,43.849,0,3.986,1850,1267,2.050,1.680,0.970,1,0,1.993,0,0,11,32,0,22,0
17-06 11:53:23,19.626,10.819,68.943,0,0,1459016,666680,181564,5604132,4883.352,1358.723,0,386.481,0,29.187,3463,2696,2.050,1.680,0.970,2,0,168.079,0,0,11,32,0,22,0
17-06 11:53:24,13.251,42.752,42.502,0,0,1456332,669316,181564,5604180,4864.228,1404.066,0,52.002,0,13.001,7648,6876,2.050,1.680,0.970,2,0,1012.047,0,0,11,32,0,22,0
17-06 11:53:25,7.728,22.437,67.561,0.249,0,1446428,679192,181568,5604204,4126.485,1453.943,0,275.232,0,21.939,5384,3751,2.050,1.680,0.970,1,0,355.009,0,0,11,32,0,22,0
17-06 11:53:26,8.264,21.286,69.116,0,0,1431040,694512,181568,5604272,4722.955,1460.460,0,96.162,0,8.013,5147,3432,2.050,1.680,0.970,1,0,308.520,0,0,11,32,0,22,0
17-06 11:53:27,7.239,21.717,68.645,0,0,1409448,716076,181568,5604300,4692.847,1455.781,0,435.336,0,4.992,5116,3520,1.890,1.650,0.970,2,0,278.575,0,0,11,32,0,22,0
17-06 11:53:28,8.497,21.742,67.224,0,0,1388348,737156,181568,5604320,4128.388,1349.473,0,27.989,0,6.997,5084,3378,1.890,1.650,0.970,1,0,267.895,0,0,11,32,0,22,0
17-06 11:53:29,16.447,18.690,63.295,0,0,1388436,736984,181568,5604684,4320.033,1399.475,0,19.936,0,4.984,6270,8040,1.890,1.650,0.970,1,0,215.304,0,0,11,32,0,22,0
17-06 11:53:30,38.387,12.545,48.673,0,0,1478172,647076,181580,5604860,4233.074,1463.210,0,40.143,0,1.004,3797,2807,1.890,1.650,0.970,3,0,131.468,0,0,11,33,0,22,0
17-06 11:53:31,45.362,6.015,48.620,0,0,1571692,553584,181580,5604932,4337.681,1353.332,0,200.494,0,2.005,2657,1263,1.890,1.650,0.970,3,0,0,0,0,11,35,0,22,0
17-06 11:53:32,47.718,5.996,44.720,0.250,0,1639452,484620,181632,5606076,3961.378,1403.071,0,1439.048,0,100.933,3992,3178,1.900,1.650,0.970,2,0,18.987,0,0,11,49,0,22,0
17-06 11:53:33,25.688,15.463,57.362,0.249,0,1656684,464080,181648,5609012,4327.599,1454.504,0,690.341,0,47.885,6134,9896,1.900,1.650,0.970,1,0,191.540,0,0,11,48,0,22,0
17-06 11:53:34,16.491,18.990,62.966,0,0,1664364,456272,181648,5609376,4387.634,1619.127,0,219.881,0,9.995,6180,7670,1.900,1.650,0.970,1,0,270.854,0,0,11,48,0,22,0
17-06 11:53:35,4.751,3.501,90.777,0,0,1665140,455492,181648,5609032,4321.301,1620.488,0,124.037,0,9.003,1460,1610,1.900,1.650,0.970,0,0,28.008,0,0,11,48,0,22,0
17-06 11:53:36,0.750,0.500,97.730,0,0,1665364,455268,181648,5609032,4516.062,1619.664,0,4263.115,0,331.931,865,1067,1.900,1.650,0.970,0,0,2.999,0,0,11,48,0,15,0
17-06 11:53:37,0.750,0.500,97.756,0,0,1665364,455268,181648,5609032,4860.288,1620.096,0,648.038,0,8.000,872,1049,1.740,1.630,0.970,0,0,4.000,0,0,11,48,0,15,0
17-06 11:53:38,0.500,0.750,98.493,0,0,1665364,455268,181648,5609032,4859.668,1619.889,0,4.000,0,1.000,697,945,1.740,1.630,0.970,0,0,1.000,0,0,11,48,0,15,0
17-06 11:53:39,12.525,12.525,73.897,0,0,1647912,472744,181648,5609464,4749.427,1623.222,0,0,0,0,4356,8972,1.740,1.630,0.970,1,0,235.467,0,0,11,48,0,16,0
17-06 11:53:40,15.468,12.475,70.606,0,0,1670204,450436,181648,5609028,3924.005,1508.926,0,3.992,0,0.998,4489,5379,1.740,1.630,0.970,2,0,158.677,0,0,11,48,0,14,0
17-06 11:53:41,10.526,22.055,65.414,0,0,1684796,435740,181648,5609084,4825.110,1904.780,0,128.322,0,3.008,5782,4672,1.740,1.630,0.970,2,0,354.891,0,0,12,48,0,14,0
17-06 11:53:42,29.172,16.456,53.109,0.249,0,1685632,434868,181648,5609096,4174.907,1561.850,0,1416.237,0,44.881,6557,9549,1.680,1.620,0.970,1,0,209.444,0,0,12,64,0,14,0
17-06 11:53:43,5.263,8.020,85.715,0.501,0,1684508,436008,181648,5609096,3214.043,1070.679,0,769.927,0,44.110,2711,2961,1.680,1.620,0.970,2,0,147.369,0,0,12,64,0,14,0
17-06 11:53:44,15.471,18.216,63.633,0,0,1689124,431336,181648,5609464,5421.996,1509.215,0,71.867,0,10.980,6586,7602,1.680,1.620,0.970,15,0,242.552,0,0,14,64,0,14,0
17-06 11:53:45,12.011,16.265,69.813,0,0,1686932,433484,181648,5609160,5519.016,1135.032,0,0,0,0,4362,3368,1.680,1.620,0.970,1,0,215.196,0,0,14,66,0,14,0
17-06 11:53:46,8.256,20.265,69.802,0,0,1681068,439296,181648,5609180,5198.905,1585.191,0,20.015,0,5.004,4860,3224,1.680,1.620,0.970,2,0,248.186,0,0,14,66,0,14,0
17-06 11:53:47,8.003,23.008,67.024,0,0,1670172,450044,181648,5609328,4219.514,1458.523,0,592.212,0,74.027,5211,3454,1.630,1.600,0.970,1,0,271.097,0,0,14,66,0,14,0
17-06 11:53:48,20.637,15.913,61.166,0,0,1669812,450404,181648,5609344,4236.848,1611.196,0,27.848,0,5.967,6034,7366,1.630,1.600,0.970,2,0,168.082,0,0,14,66,0,13,0
17-06 11:53:49,27.273,26.773,44.788,0,0,1746732,373448,181664,5609356,3981.388,1459.242,0,212.181,0,7.006,5916,4160,1.630,1.600,0.970,5,0,375.319,0,0,14,66,0,13,0
17-06 11:53:50,30.086,25.322,43.875,0,0,1811980,307464,181720,5610036,3971.358,1624.646,0,296.849,0,8.023,6115,5512,1.630,1.600,0.970,4,0,402.150,0,0,14,66,0,13,0
17-06 11:53:51,28.720,25.223,44.953,0,0,1916040,202472,181736,5610852,3930.856,1546.370,0,11.987,0,2.997,6342,5623,1.630,1.600,0.970,2,0,376.603,0,0,14,70,0,15,0
17-06 11:53:52,30.567,24.554,43.094,0,0.251,1965784,152688,181736,5611220,4074.891,1569.424,0,36.079,0,9.020,6541,5835,1.660,1.610,0.970,2,0,359.785,0,0,14,70,0,15,0
17-06 11:53:53,36.565,18.032,44.579,0,0,1960660,157544,181736,5611432,3938.994,1514.689,0,957.700,0,31.055,5800,5938,1.660,1.610,0.970,3,0,215.382,0,0,14,70,0,15,0
17-06 11:53:54,51.008,28.254,20.503,0.250,0,2041980,146144,175864,5549032,4500.693,1620.249,48.007,824.127,7.001,15.002,6154,4722,1.660,1.610,0.970,5,0,456.070,0,0,14,70,0,15,0
17-06 11:53:55,62.067,21.686,15.704,0,0,2125288,183348,173052,5433636,4426.946,1615.237,231.318,315.071,5.982,23.929,5744,8038,1.660,1.610,0.970,6,0,236.303,0,0,14,70,0,15,0
17-06 11:53:56,69.196,28.330,1.504,0.752,0,2266996,140472,173164,5337508,4668.225,1462.142,922.614,1267.591,86.244,65.185,6257,7205,1.660,1.610,0.970,8,0,539.529,0,0,14,70,0,13,0
17-06 11:53:57,72.644,22.467,3.245,1.248,0,2419220,142652,172344,5186900,4852.928,1617.643,279.593,8799.177,14.978,723.945,8849,11795,1.930,1.670,1,4,1,221.677,0,0,14,74,0,13,0
17-06 11:53:58,65.987,27.744,3.999,1.750,0.250,2504516,172864,172056,5074200,5038.976,1619.671,507.897,31265.646,11.998,2156.562,13648,26397,1.930,1.670,1,7,0,414.916,0,0,14,76,0,13,0
17-06 11:53:59,72.095,23.030,4.256,0,0,2600268,148544,172164,5004476,4936.508,1622.139,837.104,3200.219,26.034,172.227,11038,18311,1.930,1.670,1,8,0,224.296,0,0,14,83,0,21,0
17-06 11:54:00,64.504,26.150,7.970,0.996,0,2714816,175656,172172,4865568,4194.019,1613.850,35.863,9627.316,6.973,478.178,7859,12131,1.930,1.670,1,3,0,546.916,0,0,14,91,0,24,0
17-06 11:54:01,42.244,24.561,31.929,0.491,0,2769644,119224,172172,4867604,4968.137,1591.533,51.086,868.466,3.930,44.209,8289,10935,1.930,1.670,1,3,0,442.092,0,0,14,89,0,26,0
17-06 11:54:02,51.510,17.850,29.580,0.255,0,2859740,168320,172176,4731532,4967.379,1744.193,3174.227,10828.275,35.700,559.978,5709,5202,2.170,1.720,1.020,4,0,197.879,0,0,14,92,0,26,0
17-06 11:54:03,55.508,10.001,34.005,0,0,2982692,182664,172200,4597560,5298.785,1458.216,0,6232.924,0,135.020,4993,7989,2.170,1.720,1.020,5,0,9.001,0,0,14,94,0,29,0
17-06 11:54:04,11.485,19.475,66.664,0.499,0,2999780,165204,172200,4597916,6052.231,1617.923,7.990,1182.482,1.997,72.906,5463,4494,2.170,1.720,1.020,2,0,256.671,0,0,14,97,0,29,0
17-06 11:54:05,8.500,19.750,70.998,0.250,0,3006804,158152,172200,4597944,5177.869,1457.963,4.000,143.996,1.000,15.000,5026,3516,2.170,1.720,1.020,2,0,250.994,0,0,14,97,0,29,0
17-06 11:54:06,7.270,20.307,70.447,0,0,3009808,155128,172200,4597964,5853.338,1624.534,0,641.791,0,7.020,5004,3359,2.170,1.720,1.020,1,0,260.728,0,0,14,97,0,29,0
17-06 11:54:07,8.752,19.504,69.763,0,0,3016272,148640,172200,4597988,4758.911,1458.279,0,368.070,0,1.000,4495,3048,2.080,1.710,1.020,1,0,224.043,0,0,14,97,0,29,0
17-06 11:54:08,22.106,4.471,72.528,0,0,3072824,158308,172204,4532796,4590.136,1609.528,3.974,55.638,0.994,0.994,1785,1163,2.080,1.710,1.020,1,0,0,0,0,14,97,0,22,0
17-06 11:54:09,19.279,3.004,75.613,0.250,0,3086028,145184,172204,4532796,10940.383,7964.928,72.108,2047.066,6.009,25.037,2792,2731,2.080,1.710,1.020,2,0,1.001,0,0,14,102,0,22,0
17-06 11:54:10,22.282,5.758,70.851,0.250,0,3052676,178516,172204,4532816,21581.693,18645.517,0,332.473,0,29.041,2639,1888,2.080,1.710,1.020,4,0,65.093,0,0,14,105,0,23,0
17-06 11:54:11,23.255,3.751,71.517,0,0,3128716,170576,172204,4466516,4577.062,1700.395,4.001,52.012,1.000,8.002,1892,1270,2.080,1.710,1.020,0,0,1.000,0,0,14,107,1,23,0
17-06 11:54:12,16.027,2.504,81.640,0,0,3131712,167572,172204,4466524,9245.851,6873.785,8.014,276.474,2.003,23.039,2359,2491,1.990,1.700,1.020,2,0,1.002,0,0,14,112,0,23,0
17-06 11:54:13,33.459,8.240,55.432,1.248,0,3191220,174536,172216,4402160,4120.977,1564.093,359.562,1977.589,22.972,226.724,5515,7892,1.990,1.700,1.020,1,0,4.994,0,0,14,115,0,23,0
17-06 11:54:14,30.805,6.261,61.109,0.751,0,3171920,193720,172216,4402276,5951.571,2725.841,32.057,1618.875,2.004,161.286,5145,5726,1.990,1.700,1.020,1,0,47.084,0,0,14,120,0,25,0
17-06 11:54:15,18.215,8.234,71.861,0,0,3234624,131008,172216,4402284,4371.562,1616.879,0,526.983,0,41.919,2842,2297,1.990,1.700,1.020,1,0,68.867,0,0,14,120,0,25,0
17-06 11:54:16,18.000,3.000,78.749,0.500,0,3245824,185616,172216,4338124,11468.879,8056.915,63.999,523.994,4.000,31.000,2147,1922,1.990,1.700,1.020,2,0,0,0,0,14,121,0,25,0
17-06 11:54:17,19.755,3.501,74.019,0.750,0,3250512,180892,172216,4338160,6647.693,3604.918,8.002,1264.322,2.001,111.028,3711,4712,1.910,1.690,1.020,1,0,1.000,0,0,14,121,0,25,0
17-06 11:54:18,38.522,13.007,47.527,0,0,3280212,151116,172216,4338220,6141.521,2881.652,0,912.523,0,80.046,4612,4133,1.910,1.690,1.020,2,0,100.057,0,0,14,122,0,26,0
17-06 11:54:19,40.080,7.014,52.355,0.251,0,3355944,140416,172216,4274740,10118.239,7185.372,0,412.826,0,24.048,2838,1657,1.910,1.690,1.020,2,0,0,0,0,14,123,0,26,0
17-06 11:54:20,19.437,5.731,73.261,0.498,0,3290920,205292,172216,4274888,22419.874,19178.447,0,1981.537,0,109.642,2669,2222,1.910,1.690,1.020,1,0,54.821,0,0,14,122,0,27,0
17-06 11:54:21,22.767,3.252,73.306,0,0,3323704,172500,172216,4274896,4478.420,1501.146,8.006,108.083,2.002,13.010,1872,1428,1.910,1.690,1.020,2,0,0,0,0,14,122,0,27,0
17-06 11:54:22,18.228,1.748,79.152,0,0,3328984,167208,172216,4274908,27571.007,24695.552,0,23.970,0,3.995,1926,1529,1.760,1.660,1.010,1,0,0,0,0,14,122,0,28,0
17-06 11:54:23,30.876,8.033,60.247,0.502,0,3363516,132452,172220,4275156,4142.965,1572.439,8.033,7816.005,2.008,719.948,4876,5015,1.760,1.660,1.010,1,0,59.243,0,0,14,124,0,29,0
17-06 11:54:24,16.939,1.744,80.212,0.249,0,3362844,133104,172220,4275176,9921.391,7889.683,0,278.999,0,23.914,1819,1659,1.760,1.660,1.010,0,0,0,0,0,14,125,0,29,0
17-06 11:54:25,19.816,7.525,71.237,0.251,0,3297392,198520,172220,4275224,6176.570,2789.289,0,903.007,0,101.337,4035,4205,1.760,1.660,1.010,1,0,82.274,0,0,14,124,0,30,0
17-06 11:54:26,21.211,3.743,74.114,0.250,0,3372996,122916,172220,4275224,4535.691,1816.672,0,267.510,0,15.971,1822,1299,1.760,1.660,1.010,1,0,0,0,0,14,125,0,30,0
17-06 11:54:27,17.248,3.000,77.990,0.250,0,3279704,216184,172220,4275248,27774.437,24910.804,0,863.889,0,48.994,2356,1875,1.700,1.650,1.010,2,0,18.998,0,0,14,124,0,31,0
17-06 11:54:28,21.427,5.730,73.000,0,0,3340680,155208,172220,4275248,4442.815,1453.034,0,558.093,0,8.969,2154,1499,1.700,1.650,1.010,1,0,36.874,0,0,14,124,0,31,0
17-06 11:54:29,13.508,2.502,80.799,0.750,0,3359732,136144,172220,4275260,10598.403,8210.961,0,3794.292,0,210.127,2260,2637,1.700,1.650,1.010,0,0,0,0,0,14,125,0,31,0
17-06 11:54:30,26.778,4.755,64.818,2.002,0,3357732,137852,172220,4275552,5428.658,1633.703,0,4937.146,0,446.465,6199,10005,1.700,1.650,1.010,1,0,1.001,0,0,14,126,0,31,0
17-06 11:54:31,21.498,6.249,70.493,0.250,0,3288036,207512,172220,4275588,5452.441,2817.711,0,615.937,0,60.994,4034,4675,1.700,1.650,1.010,2,0,52.995,0,0,14,125,0,33,0
17-06 11:54:32,17.008,3.252,79.039,0.250,0,3332636,162908,172220,4275592,6796.391,4005.999,0,328.164,0,19.009,1622,1238,1.560,1.620,1,2,0,0,0,0,14,126,0,33,0
17-06 11:54:33,20.007,2.001,76.278,0.500,0,3339368,156132,172220,4275636,12026.407,9271.397,32.012,2004.735,2.001,116.043,2759,2867,1.560,1.620,1,1,0,1.000,0,0,14,128,0,33,0
17-06 11:54:34,24.814,5.765,67.424,0.501,0,3342740,152604,172304,4275708,4631.936,1624.185,84.217,1158.987,5.013,124.320,6237,9195,1.560,1.620,1,2,0,0,0,0,14,128,0,33,0
17-06 11:54:35,33.512,8.753,55.770,0.250,0,3343012,152100,172308,4275936,5511.995,2552.924,0,1024.371,0,101.037,7591,10709,1.560,1.620,1,1,0,78.028,0,0,14,129,0,34,0
17-06 11:54:36,18.448,3.241,77.034,0.249,0,3400528,155056,172308,4216552,7049.272,3874.158,0,287.196,0,17.950,1715,1219,1.560,1.620,1,1,0,0,0,0,14,130,0,34,0
17-06 11:54:37,19.990,2.999,74.963,1.000,0,3394228,161320,172308,4216588,12426.847,8852.617,7.996,3622.206,1.999,278.862,3551,4673,1.520,1.610,1,2,0,1.000,0,0,14,129,0,35,0
17-06 11:54:38,16.475,11.982,69.642,0,0.250,3358088,197440,172308,4216608,4996.287,1521.651,0,171.735,0,9.985,3349,2462,1.520,1.610,1,2,0,146.773,0,0,14,129,0,35,0
17-06 11:54:39,23.329,4.014,71.994,0.251,0,3394844,160664,172308,4216628,10973.132,7488.340,16.054,297.005,1.003,29.098,2725,2540,1.520,1.610,1,4,0,11.037,0,0,14,130,0,35,0
17-06 11:54:40,23.227,5.245,69.433,0.250,0,3393924,161532,172308,4216680,9921.377,6538.658,7.992,407.605,0.999,45.955,4558,13280,1.520,1.610,1,2,0,24.976,0,0,14,130,0,36,0
17-06 11:54:41,24.416,6.229,66.273,1.246,0,3392340,163020,172312,4216772,4537.427,1291.567,31.891,6525.604,1.993,422.550,6379,9423,1.520,1.610,1,1,0,0,0,0,14,130,0,35,0
17-06 11:54:42,38.199,13.068,47.246,0.503,0,3335508,219092,172328,4217484,5888.709,3236.880,422.202,1415.381,69.362,130.681,10117,15259,1.640,1.630,1.010,2,0,118.619,0,0,14,129,0,36,0
17-06 11:54:43,25.201,11.228,61.131,0.749,0,3367348,187160,172328,4217560,5086.128,2012.095,15.969,898.257,0.998,74.855,4879,6004,1.640,1.630,1.010,1,0,170.669,0,0,14,129,0,36,0
17-06 11:54:44,18.740,3.248,77.459,0.250,0,3390940,163556,172328,4217572,12444.345,8267.578,0,3590.080,0,348.813,2430,2059,1.640,1.630,1.010,2,0,0,0,0,14,130,0,36,0
17-06 11:54:45,13.783,15.787,68.412,0,0,3364340,190136,172328,4217592,6426.235,2376.635,0,457.084,0,30.071,4743,3769,1.640,1.630,1.010,1,0,220.523,0,0,14,129,0,37,0
17-06 11:54:46,8.244,21.236,68.703,0,0,3334948,219364,172328,4217756,5067.551,1564.935,0,355.758,0,23.984,5079,3560,1.640,1.630,1.010,3,0,264.820,0,0,14,129,0,37,0
17-06 11:54:47,15.751,17.001,65.504,0.250,0,3298776,255528,172328,4218108,4980.328,1662.109,0,1240.082,0,77.005,5997,7015,1.580,1.620,1.010,2,0,222.015,0,0,14,129,0,37,0
17-06 11:54:48,25.503,20.252,52.505,0.250,0.250,3364864,189412,172328,4217796,4500.459,1732.177,4.000,188.019,1.000,13.001,5670,5374,1.580,1.620,1.010,2,0,287.029,0,0,14,129,0,37,0
17-06 11:54:49,29.554,24.795,44.331,0,0,3402772,151040,172340,4218216,4508.242,1665.044,0,88.161,0,12.022,5920,4540,1.580,1.620,1.010,2,0,378.692,0,0,14,132,0,37,0
17-06 11:54:50,22.250,19.750,55.749,0,0.250,3411628,142060,172340,4218764,4153.928,1565.973,63.999,475.992,4.000,28.999,7368,9029,1.580,1.620,1.010,1,0,281.995,0,0,14,135,0,37,0
17-06 11:54:51,47.994,24.997,27.247,0,0,3525708,159384,172340,4089140,4742.454,1565.820,51.994,427.951,4.000,27.997,7435,11062,1.580,1.620,1.010,3,0,327.962,0,0,16,141,0,37,0
17-06 11:54:52,50.715,28.481,19.487,0,0,3637076,146388,172340,3992084,4496.924,1618.893,0,211.855,0,16.988,6196,5102,1.780,1.660,1.030,5,0,472.677,0,0,16,143,0,37,0
17-06 11:54:53,49.651,20.459,28.693,0,0,3699372,135624,172340,3941188,4131.768,1706.600,0,638.727,0,29.940,9136,13674,1.780,1.660,1.030,3,0,215.570,0,0,16,159,0,35,0
17-06 11:54:54,32.822,24.553,41.340,0.251,0.251,3755056,179748,172344,3842808,4495.794,1569.419,8.017,665.450,1.002,75.164,13284,4409,1.780,1.660,1.030,2,0,354.773,0,0,16,159,0,35,0
17-06 11:54:55,25.180,23.933,49.611,0.249,0,3799208,190728,172352,3788996,4160.371,1507.786,71.799,410.852,0.997,30.914,5941,4562,1.780,1.660,1.030,3,0,395.893,0,0,17,159,0,35,0
17-06 11:54:56,9.512,23.530,65.082,0,0,3799680,190184,172352,3789068,4508.688,1638.066,4.005,452.571,1.001,36.045,5499,4212,1.780,1.660,1.030,1,0,283.357,0,0,17,159,0,35,0
17-06 11:54:57,20.776,16.270,60.825,0,0,3817316,172544,172352,3789072,3584.432,1081.337,4.005,208.257,1.001,14.017,6375,7956,1.720,1.650,1.030,2,0,186.230,0,0,17,159,0,35,0
17-06 11:54:58,27.492,25.242,45.986,0,0,3876908,168060,172352,3735396,3818.826,971.701,0,71.978,0,4.998,5756,4342,1.720,1.650,1.030,3,0,359.889,0,0,17,159,0,35,0
17-06 11:54:59,32.024,21.266,45.534,0.250,0,3921308,151752,172360,3708296,4309.218,1567.170,4.003,528.395,1.001,32.024,6433,6837,1.720,1.650,1.030,1,0,327.244,0,0,17,165,0,35,0
17-06 11:55:00,33.486,20.242,44.231,0.250,0,3954148,156112,172360,3671560,4230.224,1511.365,35.985,9819.877,2.999,836.649,7938,10107,1.720,1.650,1.030,2,0,287.879,0,0,17,171,0,35,0
17-06 11:55:01,36.446,27.959,34.948,0.250,0,4062832,151592,172360,3569940,4795.897,1563.684,51.923,619.083,2.996,45.932,7407,8965,1.720,1.650,1.030,3,0,485.281,0,0,17,177,0,35,0
17-06 11:55:02,26.978,25.729,45.963,0,0,4126716,151308,172360,3507540,4948.028,1552.753,15.987,443.644,3.997,33.973,8250,11268,1.660,1.640,1.030,3,0,412.669,0,0,17,183,0,20,0
17-06 11:55:03,18.737,29.979,48.217,0.999,0,4135524,142268,172380,3507720,4482.906,1654.858,143.901,991.316,12.991,53.963,6632,6633,1.660,1.640,1.030,2,0,710.510,0,0,17,199,0,20,0
17-06 11:55:04,18.309,18.810,61.697,0,0,4142308,154132,172380,3490072,5870.777,1516.851,0,4947.825,0,33.106,6618,8617,1.660,1.640,1.030,2,0,238.764,0,0,17,201,0,20,0
17-06 11:55:05,32.858,14.936,51.030,0.249,0,4228768,139728,172380,3418768,5064.164,1559.276,485.905,191.176,7.966,14.936,4042,2797,1.660,1.640,1.030,2,0,116.498,0,0,17,201,0,20,0
17-06 11:55:06,45.501,11.250,42.001,0,0,4347712,161572,172388,3281416,5297.092,1620.028,568.010,408.007,11.000,40.001,3379,2095,1.660,1.640,1.030,3,0,5.000,0,0,17,205,0,16,0
17-06 11:55:07,33.738,6.997,57.979,0.250,0,4413540,154228,172388,3223908,4678.268,1619.400,87.967,379.859,5.998,30.989,3259,2898,1.610,1.630,1.030,2,0,8.997,0,0,17,210,0,16,0
17-06 11:55:08,24.307,21.300,53.125,0,0,4355700,211272,172388,3224704,4520.660,1623.829,797.881,252.596,9.021,13.031,5237,3900,1.610,1.630,1.030,3,0,318.752,0,0,17,209,0,16,0
17-06 11:55:09,36.963,30.469,31.718,0,0,4410784,198652,172412,3183300,6034.929,3827.150,1030.963,447.550,21.978,24.975,6876,7115,1.610,1.630,1.030,3,0,507.489,0,0,17,216,0,16,0
17-06 11:55:10,41.010,20.005,38.260,0,0,4422636,185580,172416,3184640,11393.841,8148.032,76.019,964.240,5.001,21.005,6936,9314,1.610,1.630,1.030,1,0,373.093,0,0,17,217,0,17,0
17-06 11:55:11,70.354,20.385,8.701,0,0,4515520,159640,172416,3119244,4477.810,1557.240,139.217,354.008,10.938,23.866,5205,4465,1.610,1.630,1.030,6,0,159.105,0,0,17,218,0,17,0
17-06 11:55:12,62.944,12.841,21.401,2.518,0,4626180,173200,172448,2999524,9588.590,8295.475,5422.221,914.446,249.761,27.192,4929,4417,1.800,1.670,1.040,6,0,28.199,0,0,17,225,0,17,0
17-06 11:55:13,54.850,14.526,26.548,2.755,0,4653984,151676,172516,2993436,8913.174,5297.613,2901.265,2163.927,270.491,157.285,7348,9158,1.800,1.670,1.040,3,0,142.258,0,0,17,225,0,22,0
17-06 11:55:14,36.756,28.005,34.006,0,0,4639516,164084,172516,2995496,3936.675,1068.183,0,9193.576,0,44.008,7234,7205,1.800,1.670,1.040,4,0,492.084,0,0,17,225,0,21,0
17-06 11:55:15,40.258,19.504,39.007,0,0,4649380,159056,172516,2990936,13136.479,10808.039,128.024,660.125,9.002,36.007,6424,10055,1.800,1.670,1.040,2,0,245.046,0,0,17,226,0,21,0
17-06 11:55:16,52.193,28.219,18.230,0.250,0,4680292,186124,172520,2934676,7786.519,3209.504,3.996,2733.023,0.999,163.822,6811,7282,1.800,1.670,1.040,5,0,444.516,0,0,17,229,0,22,0
17-06 11:55:17,60.415,22.718,15.977,0.499,0,4757840,149340,172548,2895080,6682.548,3837.572,1186.322,838.814,58.917,49.929,8471,12836,1.970,1.710,1.060,3,0,295.582,0,0,17,232,0,24,0
17-06 11:55:18,47.110,24.307,27.564,0.251,0,4831440,138344,172548,2832720,13886.347,10199.760,284.663,825.924,12.028,49.114,7878,9527,1.970,1.710,1.060,4,0,400.934,0,0,17,233,0,22,0
17-06 11:55:19,60.858,24.942,13.718,0,0,4857104,146300,172560,2800660,4806.762,1496.501,183.571,650.479,8.979,41.902,6954,9740,1.970,1.710,1.060,17,0,412.037,0,0,17,235,0,23,0
17-06 11:55:20,56.515,21.660,20.664,0.249,0,4919804,155492,172564,2730492,13246.972,9740.537,1270.721,16077.215,38.839,1096.445,8107,18920,1.970,1.710,1.060,3,0,186.226,0,0,17,242,0,23,0
17-06 11:55:21,58.943,10.284,30.349,0.251,0,5007680,125732,172564,2673580,9133.902,6224.377,381.248,842.759,7.023,41.135,4381,3081,1.970,1.710,1.060,2,0,9.030,0,0,17,244,0,24,0
17-06 11:55:22,57.150,10.482,31.195,0.499,0,5100332,124920,172568,2583948,11569.663,8477.099,1030.189,634.884,78.861,57.898,5733,6436,2.220,1.760,1.080,2,0,9.982,0,0,17,245,0,29,0
17-06 11:55:23,53.507,10.048,35.420,0.502,0,5100044,180836,172568,2529976,16489.060,12734.056,1463.015,984.721,28.135,76.366,5273,5297,2.220,1.760,1.080,4,0,12.058,0,0,17,251,0,31,0
17-06 11:55:24,47.705,29.972,20.481,0.500,0,5072012,205092,172688,2533596,4855.390,1618.463,4319.898,1421.650,64.938,68.935,7325,7156,2.220,1.760,1.080,3,0,471.552,0,0,17,251,0,31,0
17-06 11:55:25,44.938,27.961,27.212,0,0,5095204,181808,172688,2534148,15365.713,12390.834,766.938,4977.105,5.992,222.691,6724,7399,2.220,1.760,1.080,3,0,413.427,0,0,17,251,0,32,1
17-06 11:55:26,65.261,21.754,11.752,0.250,0,5102420,174204,172692,2534376,4487.755,1524.256,704.118,728.123,18.003,55.009,6144,8115,2.220,1.760,1.080,7,0,207.035,0,0,18,255,0,30,0
17-06 11:55:27,77.434,16.736,5.246,0.749,0,5207264,125724,172692,2480656,10503.113,7326.800,2326.032,1470.756,94.920,187.841,6486,6174,2.280,1.780,1.090,3,1,56.952,0,0,18,259,0,30,0
17-06 11:55:28,76.496,12.039,10.032,0.752,0,5187260,246348,172712,2383376,9902.792,6692.485,2030.519,1348.329,91.293,75.242,5856,5132,2.280,1.780,1.090,4,0,21.068,0,0,18,262,0,31,0
17-06 11:55:29,60.967,16.491,21.239,0.500,0,5307944,147800,172732,2362180,3305.237,971.482,639.659,9646.855,14.992,100.946,6482,7721,2.280,1.780,1.090,3,0,219.883,0,0,18,266,0,32,0
17-06 11:55:30,32.176,7.982,57.868,0,0,5334808,145460,172732,2338384,22291.997,13814.393,510.831,614.594,3.991,53.877,3765,3130,2.280,1.780,1.090,1,0,7.982,0,0,18,270,0,31,0
17-06 11:55:31,39.962,10.490,47.705,0.500,0,5311584,168364,172732,2338688,236763.041,8435.985,863.180,719.317,10.990,35.966,4478,3688,2.280,1.780,1.090,2,0,12.988,0,0,18,271,0,32,0
17-06 11:55:32,39.973,16.239,41.472,0.250,0,5301936,159844,172732,2356824,16855951.073,288947.244,2782.134,555.627,28.981,39.973,24382,13693,2.420,1.820,1.110,5,0,175.882,0,0,18,273,0,32,0
17-06 11:55:33,34.469,9.741,53.452,0.500,0,5274852,219276,172732,2325628,9874.104,6726.939,15.986,615.446,0.999,64.941,4303,4038,2.420,1.820,1.110,3,0,92.916,0,0,18,274,0,33,0
17-06 11:55:34,38.769,5.253,55.276,0,0,5378252,115876,172732,2325628,10569.064,9344.477,0,1844.884,0,19.009,2712,1644,2.420,1.820,1.110,2,0,0,0,0,18,275,0,32,0
17-06 11:55:35,26.601,3.764,68.007,0.502,0,5378428,136684,172732,2305164,25878.940,351295.495,449.702,1116.224,24.091,70.266,5277,6709,2.420,1.820,1.110,1,0,1.004,0,0,18,279,0,33,0
17-06 11:55:36,22.379,5.222,68.132,0,0,5343860,171156,172732,2305260,364053.826,14334053.957,95.484,11438.225,5.968,1106.027,4571,2361,2.420,1.820,1.110,1,0,6.962,0,0,18,278,0,34,0
17-06 11:55:37,31.570,4.761,62.640,0.501,0,5392104,122836,172740,2305328,5337970.935,1776445.902,32.071,653.456,1.002,62.138,10779,8383,2.300,1.810,1.110,4,0,2.004,0,0,18,285,0,35,0
17-06 11:55:38,31.631,9.540,55.731,0.502,0.251,5234144,278276,172740,2307988,11938480.854,252832.640,48.200,875.635,3.013,82.342,19894,14005,2.300,1.810,1.110,1,0,84.350,0,0,18,280,0,38,0
17-06 11:55:39,8.960,24.143,65.210,0.249,0,5250432,262060,172740,2307928,4898.248,1612.838,31.859,469.913,2.987,28.872,5897,4745,2.300,1.810,1.110,3,0,416.152,0,0,18,280,0,38,0
17-06 11:55:40,27.002,7.501,63.256,0.750,0,5316876,195444,172740,2308100,4800.424,1620.143,168.015,3844.340,8.001,206.018,3450,6049,2.300,1.810,1.110,2,0,36.003,0,0,18,280,0,39,0
17-06 11:55:41,14.746,13.996,68.729,0,0,5317080,195204,172740,2308136,4427.652,1511.540,3.999,255.922,1.000,24.992,4291,3283,2.300,1.810,1.110,3,0,173.947,0,0,18,282,0,39,0
17-06 11:55:42,8.019,20.047,69.662,0.251,0,5313092,199172,172740,2308156,4029.352,1623.769,0,16426.123,0,25.058,5257,3786,2.200,1.790,1.110,1,0,249.579,0,0,18,282,0,39,0
17-06 11:55:43,5.986,15.214,77.068,0,0,5299304,212928,172740,2308188,4535.309,1604.218,0,3.991,0,0.998,4283,3328,2.200,1.790,1.110,0,0,246.419,0,0,18,282,0,37,0
17-06 11:55:44,7.780,2.761,88.597,0,0,5317212,195012,172740,2308196,5240.506,1626.364,0,309.210,0,23.090,1664,1973,2.200,1.790,1.110,1,0,10.039,0,0,18,282,0,37,0
17-06 11:55:45,21.913,3.735,73.210,0.249,0,5363252,148972,172740,2308196,5029.091,2297.903,0,294.833,0,25.897,2142,1850,2.200,1.790,1.110,0,0,0,0,0,18,283,0,37,0
17-06 11:55:46,16.565,1.757,80.313,0,0,5360180,151960,172740,2308280,13575.913,9905.608,64.250,48.188,4.016,6.023,2237,2083,2.200,1.790,1.110,1,0,3.012,0,0,18,286,0,38,0
17-06 11:55:47,12.729,16.473,69.135,0.250,0,5268928,242992,172744,2308496,4171.043,1645.256,39.933,375.374,2.995,33.943,4970,3945,2.100,1.780,1.110,1,0,179.700,0,0,18,286,0,37,0
17-06 11:55:48,13.972,16.716,67.114,0.249,0,5258060,253700,172744,2308656,3572.784,1077.823,0,391.210,0,35.927,4890,3724,2.100,1.780,1.110,1,0,167.661,0,0,18,290,0,37,0
17-06 11:55:49,12.040,16.053,69.730,0,0,5258256,253292,172744,2308868,4185.792,1516.998,0,144.476,0,10.033,4904,3499,2.100,1.780,1.110,1,0,179.592,0,0,18,290,0,37,0
17-06 11:55:50,19.442,8.225,71.287,0.249,0,5297544,213980,172744,2308892,4518.530,1591.256,3.988,123.631,0.997,7.976,2838,2207,2.100,1.780,1.110,1,0,74.777,0,0,18,290,0,37,0
17-06 11:55:51,23.742,3.749,72.227,0,0,5345704,165820,172744,2308892,4177.659,1241.601,103.967,2931.059,1.000,419.865,2320,1603,2.100,1.780,1.110,1,0,1.999,0,0,18,290,0,37,0
17-06 11:55:52,23.742,2.749,71.977,0,0,5379512,131596,172744,2309308,3800.765,1241.597,299.903,539.825,11.996,41.986,2478,2297,2.020,1.770,1.100,1,0,3.999,0,0,18,294,0,37,0
17-06 11:55:53,23.846,3.263,72.292,0,0,5272604,238500,172744,2309312,3413.811,1084.387,0,188.764,0,10.041,2118,1557,2.020,1.770,1.100,1,0,5.020,0,0,18,290,0,37,0
17-06 11:55:54,22.919,3.737,72.243,0.249,0,5329516,181548,172744,2309352,4484.075,1614.267,23.915,171.391,3.986,18.933,2075,1679,2.020,1.770,1.100,1,0,0,0,0,18,290,0,37,0
17-06 11:55:55,18.993,3.749,76.223,0,0,5359976,151084,172744,2309356,5764.966,3460.779,0,1515.465,0,113.960,2064,1690,2.020,1.770,1.100,0,0,2.999,0,0,18,293,0,37,0
17-06 11:55:56,12.997,2.749,83.230,0.250,0,5369512,141508,172744,2309400,22080.612,18594.462,0,215.947,0,24.994,2521,2381,2.020,1.770,1.100,1,0,6.998,0,0,18,296,0,39,0
17-06 11:55:57,24.622,4.020,70.850,0.251,0,5330004,180836,172744,2309580,4494.179,1519.499,32.159,329.627,1.005,33.164,2607,2372,1.930,1.750,1.100,1,0,16.079,0,0,18,290,0,39,0
17-06 11:55:58,22.642,3.483,72.653,0,0,5330004,180836,172744,2309584,4643.849,1558.566,0,139.335,0,9.953,1927,1447,1.930,1.750,1.100,1,0,0,0,0,18,290,0,39,0
17-06 11:55:59,19.006,8.503,70.773,0.750,0,5285864,224840,172744,2309720,4907.565,1566.500,0,232.074,0,23.007,3192,2469,1.930,1.750,1.100,2,0,85.027,0,0,18,290,0,39,0
17-06 11:56:00,9.003,20.756,68.771,0,0,5284308,226220,172756,2309868,4511.356,1620.487,420.126,536.161,8.002,26.008,5690,4580,1.930,1.750,1.100,1,0,339.102,0,0,18,290,0,39,0
17-06 11:56:01,15.246,12.247,70.730,0,0,5326976,183532,172760,2309900,5235.516,1661.529,15.995,279.921,1.999,15.995,4021,3104,1.930,1.750,1.100,2,0,174.950,0,0,18,290,0,39,0
17-06 11:56:02,20.253,2.500,76.261,0.250,0,5328932,180524,172760,2310952,14136.053,4561.662,0,336.049,0,13.002,2010,1529,1.780,1.720,1.100,2,0,17.002,0,0,18,291,0,39,0
17-06 11:56:03,22.497,4.749,71.989,0,0,5317736,186392,172760,2316152,7040.906,1739.730,0,827.871,0,15.998,2256,1603,1.780,1.720,1.100,1,0,3.999,0,0,18,290,0,39,0
17-06 11:56:04,21.747,5.499,71.239,0,0,5341220,161736,172760,2317308,9090.568,2587.593,3.999,87.986,1.000,1.000,10003,18419,1.780,1.720,1.100,0,0,11.998,0,0,18,291,0,39,0
17-06 11:56:05,19.005,5.751,72.768,0,0,5339928,162748,172760,2317588,12788.214,3497.879,48.012,576.145,7.002,7.002,8392,16241,1.780,1.720,1.100,1,0,13.003,0,0,18,291,0,39,0
17-06 11:56:06,21.450,5.986,71.333,0.499,0,5270592,237768,172904,2311760,5412.327,1197.197,0,16968.267,0,50.881,2294,1748,1.780,1.720,1.100,3,0,8.979,0,0,18,290,0,39,0
17-06 11:56:07,16.017,18.269,63.067,0.250,0,5267340,241156,172904,2311672,4670.982,1567.672,0,792.846,0,51.054,5590,5416,1.880,1.750,1.110,1,0,271.289,0,0,18,294,0,39,0
17-06 11:56:08,26.250,4.000,69.000,0,0,5316804,191512,172904,2311852,4218.013,1458.005,0,156.000,0,10.000,2423,1914,1.880,1.750,1.110,2,0,2.000,0,0,18,294,0,39,0
17-06 11:56:09,15.264,2.252,81.326,0.500,0,5335144,173144,172904,2311880,13144.347,10306.681,0,324.305,0,28.026,2067,2026,1.880,1.750,1.110,1,0,1.001,0,0,18,298,0,40,0
17-06 11:56:10,17.992,9.246,70.970,0,0,5311036,197232,172904,2311900,6225.338,3248.611,15.993,223.904,1.000,15.993,3348,2679,1.880,1.750,1.110,1,0,115.950,0,0,18,294,0,42,0
17-06 11:56:11,20.510,2.751,76.036,0,0.250,5331088,177168,172904,2311912,6164.910,3479.643,0,724.342,0,12.006,1904,1442,1.880,1.750,1.110,0,0,0,0,0,18,295,0,41,0
17-06 11:56:12,18.991,6.497,73.717,0,0,5292496,215752,172904,2311920,11222.955,8232.299,0,47.978,0,4.998,2799,2216,1.810,1.730,1.110,2,0,69.969,0,0,18,294,0,42,0
17-06 11:56:13,22.711,3.744,71.876,0,0,5322432,185808,172904,2311928,3925.223,1509.394,0,0,0,0,2025,1472,1.810,1.730,1.110,1,0,0,0,0,18,294,0,42,0
17-06 11:56:14,16.529,2.004,80.643,0.250,0.250,5330956,177280,172904,2311932,17610.328,14509.813,0,372.663,0,28.050,2219,2143,1.810,1.730,1.110,1,0,0,0,0,18,294,0,43,0
17-06 11:56:15,20.496,6.999,71.485,0,0,5349332,158884,172904,2311952,4499.071,1619.665,0,199.959,0,20.996,2783,2222,1.810,1.730,1.110,1,0,55.988,0,0,18,294,0,38,0
17-06 11:56:16,18.496,3.749,76.234,0,0,5382544,125668,172904,2311956,10626.747,7343.443,0,2043.567,0,353.925,2088,1468,1.810,1.730,1.110,2,0,0,0,0,18,295,0,38,0
17-06 11:56:17,20.992,5.998,72.721,0,0,5324196,183956,172908,2312012,9736.073,6125.530,31.987,315.873,1.000,34.986,2904,2660,1.740,1.720,1.110,1,0,32.987,0,0,18,294,0,41,0
17-06 11:56:18,18.756,2.751,77.023,0.250,0,5370660,137484,172908,2312020,10263.118,7401.249,0,252.077,0,21.006,2210,1998,1.740,1.720,1.110,2,0,0,0,0,18,295,0,41,0
17-06 11:56:19,15.570,1.507,81.368,0.251,0,5365284,142816,172908,2312064,10256.378,6881.116,32.145,325.472,2.009,33.150,2204,2314,1.740,1.720,1.110,1,0,0,0,0,18,294,0,37,0
17-06 11:56:20,20.171,7.471,71.720,0,0,5336704,171392,172908,2312068,4813.193,1506.115,0,159.377,0,9.961,2657,2148,1.740,1.720,1.110,1,0,46.817,0,0,18,294,0,37,0
17-06 11:56:21,15.760,2.502,80.302,0.250,0,5352944,155012,172908,2312208,13727.930,10303.703,0,440.286,0,23.015,2069,1853,1.740,1.720,1.110,1,0,0,0,0,18,296,0,39,0
17-06 11:56:22,21.224,5.743,71.912,0,0,5330284,177664,172908,2312216,5840.828,3040.267,0,131.838,0,12.984,2586,2075,1.680,1.710,1.100,1,0,31.961,0,0,18,294,0,40,0
17-06 11:56:23,18.765,2.252,77.561,0,0,5344736,163208,172908,2312220,10446.181,7284.705,0,40.031,0,5.004,1866,1477,1.680,1.710,1.100,1,0,0,0,0,18,295,0,31,0
17-06 11:56:24,13.505,5.002,79.529,0.750,0,5305504,202404,172908,2312256,10235.768,6680.459,16.006,416.153,1.000,44.016,2957,2938,1.680,1.710,1.100,1,0,50.018,0,0,18,294,0,32,0
17-06 11:56:25,5.998,10.247,80.726,1.500,0,5313680,192960,173500,2312932,8820.344,4026.787,1123.662,271.918,250.924,19.994,3282,2940,1.680,1.710,1.100,0,0,129.961,0,0,18,296,0,32,0
17-06 11:56:26,3.514,6.274,88.595,0.251,0,5303548,203012,173532,2312980,14848.875,3093.055,0,1513.901,0,135.528,2462,2257,1.680,1.710,1.100,2,0,91.356,0,0,18,294,0,33,0
17-06 11:56:27,5.246,4.497,88.434,0,0,5289108,217448,173532,2312984,10461.167,4969.279,0,435.674,0,39.970,2393,2588,1.550,1.680,1.100,1,0,47.964,0,0,18,294,0,34,0
17-06 11:56:28,13.462,13.711,71.050,0.249,0,5284492,221696,173556,2313312,4234.068,1561.599,255.281,7.978,18.947,1.994,4299,3145,1.550,1.680,1.100,1,0,197.444,0,0,18,294,0,32,0
17-06 11:56:29,19.818,5.268,71.997,2.759,0,5319388,170804,174180,2328556,4172.341,1463.029,5707.618,1292.442,376.293,30.103,2675,2687,1.550,1.680,1.100,1,0,3.010,0,0,18,294,0,32,0
17-06 11:56:30,13.202,1.495,82.700,0,0,5318576,169824,174284,2330148,13892.586,5748.141,7.971,817.035,1.993,24.910,2007,1987,1.550,1.680,1.100,1,0,15.942,0,0,18,295,0,32,0
17-06 11:56:31,17.007,8.003,72.028,1.000,0,5273352,208472,174472,2336472,5532.147,1698.659,1448.562,3721.444,24.009,120.047,3969,3642,1.550,1.680,1.100,2,0,99.038,0,0,18,294,0,32,0
17-06 11:56:32,13.747,15.996,68.985,0,0,5277592,204184,174476,2336516,4558.988,1619.641,0,1695.624,0,294.935,4257,3037,1.500,1.670,1.100,1,0,204.955,0,0,18,294,0,29,0
17-06 11:56:33,20.751,3.750,74.755,0.250,0,5339064,142708,174476,2336520,6103.374,3586.220,0,1928.118,0,90.006,2054,1936,1.500,1.670,1.100,0,0,0,0,0,18,295,0,29,0
17-06 11:56:34,17.567,5.270,75.536,0.251,0.251,5314024,167680,174476,2336588,26546.515,23009.121,32.122,534.022,1.004,54.205,2841,2546,1.500,1.670,1.100,1,0,46.175,0,0,18,294,0,31,0
17-06 11:56:35,21.667,4.234,72.224,0,0,5324708,156996,174476,2336588,4662.207,1655.681,0,3.985,0,0.996,2010,1552,1.500,1.670,1.100,2,0,0.996,0,0,18,294,0,31,0
17-06 11:56:36,16.258,2.501,80.541,0,0,5331012,150648,174476,2336632,11884.093,9104.668,32.016,1100.564,2.001,11.006,1962,1684,1.500,1.670,1.100,0,0,0,0,0,18,295,0,28,0
17-06 11:56:37,22.476,3.746,72.674,0.499,0,5280804,200656,174476,2336832,6782.861,3032.808,191.798,335.647,11.987,25.973,2720,2406,1.460,1.660,1.100,1,0,14.984,0,0,18,294,0,29,0
17-06 11:56:38,19.251,3.000,76.754,0,0,5326652,154804,174476,2336836,10978.547,7279.362,0,120.006,0,8.000,1962,1603,1.460,1.660,1.100,1,0,0,0,0,18,295,0,29,0
17-06 11:56:39,22.497,4.499,70.240,1.500,0,5324684,154804,174476,2338804,7249.932,3588.471,1711.748,1471.783,60.991,172.975,5128,7163,1.460,1.660,1.100,1,0,1.000,0,0,18,294,0,30,0
17-06 11:56:40,26.757,7.252,65.516,0.250,0,5309284,189964,174476,2319348,5037.234,1566.384,0,372.091,0,20.005,3064,10775,1.460,1.660,1.100,1,0,41.010,0,0,18,294,0,24,0
17-06 11:56:41,15.998,2.500,79.992,0.500,0,5326144,173092,174476,2319360,14189.633,10735.965,0,3015.709,0,131.987,2165,2208,1.460,1.660,1.100,2,0,0,0,0,18,295,0,24,0
17-06 11:56:42,22.263,4.503,71.290,0.750,0,5327000,172112,174476,2319484,7126.041,3221.827,96.054,1340.760,5.003,133.075,4618,6571,1.670,1.700,1.110,1,0,0,0,0,18,294,0,25,0
17-06 11:56:43,8.034,23.348,66.528,0,0,5298508,200528,174480,2319552,5079.253,1464.126,0,385.613,0,24.101,5616,4204,1.670,1.700,1.110,2,0,375.571,0,0,18,294,0,25,0
17-06 11:56:44,8.238,22.965,66.649,0,0,5290728,208288,174480,2319572,5871.134,1617.557,0,551.168,0,42.935,5816,4596,1.670,1.700,1.110,2,0,366.447,0,0,18,294,0,25,0
17-06 11:56:45,9.493,22.234,65.205,0.250,0,5285844,213152,174480,2319592,5354.267,1456.984,0,511.643,0,36.974,5920,4757,1.670,1.700,1.110,2,0,386.730,0,0,18,294,0,25,0
17-06 11:56:46,7.512,24.790,65.856,0,0,5279808,219168,174480,2319612,4486.210,1243.999,0,36.058,0,9.014,5620,4139,1.670,1.700,1.110,1,0,370.596,0,0,18,294,0,25,0
17-06 11:56:47,8.720,22.922,65.526,0.249,0,5266384,232568,174480,2319636,4341.191,1291.594,0,1953.336,0,106.636,6203,5138,1.610,1.680,1.110,1,0,412.592,0,0,18,294,0,25,0
17-06 11:56:48,7.776,23.579,66.723,0.251,0,5268356,230576,174480,2319656,4153.877,1625.430,0,2042.825,0,319.066,6105,4670,1.610,1.680,1.110,1,0,418.398,0,0,18,294,0,24,0
17-06 11:56:49,7.955,23.120,66.625,0,0,5260608,238304,174480,2319676,4327.665,1545.310,0,91.486,0,8.950,5563,4039,1.610,1.680,1.110,2,0,342.076,0,0,18,294,0,24,0
17-06 11:56:50,10.274,20.298,67.158,0,0,5253492,245400,174480,2319696,2439.722,595.396,0,32.075,0,8.019,5518,4153,1.610,1.680,1.110,1,0,344.809,0,0,18,294,0,24,0
17-06 11:56:51,8.783,22.584,66.497,0,0,5255652,243212,174480,2319724,3963.707,1517.631,0,184.685,0,12.045,5598,4270,1.610,1.680,1.110,2,0,363.348,0,0,18,294,0,24,0
17-06 11:56:52,8.233,22.702,66.609,0.249,0,5252576,246252,174480,2319760,4253.025,1616.589,15.966,498.947,0.998,37.920,6018,4933,1.560,1.670,1.110,1,0,377.204,0,0,18,294,0,24,0
17-06 11:56:53,18.704,13.218,67.086,0,0,5302664,310824,174492,2216508,4249.582,1616.038,19.951,19.951,1.995,1.995,3673,2680,1.560,1.670,1.110,2,0,119.707,0,0,18,294,0,24,0
17-06 11:56:54,40.130,10.032,48.908,0,0,5357328,244984,174880,2227336,4875.790,1625.263,770.495,2536.213,6.019,20.065,3481,2005,1.560,1.670,1.110,2,0,14.045,0,0,18,294,0,24,0
17-06 11:56:55,21.205,4.241,73.344,0.499,0,5393172,208220,174896,2228232,15773.393,7339.363,834.223,1241.355,30.934,32.930,2218,1777,1.560,1.670,1.110,1,0,14.968,0,0,18,295,0,24,0
17-06 11:56:56,12.491,2.998,81.944,1.249,0,5391940,208472,174896,2229204,24698.060,14444.093,503.655,2002.626,53.963,75.948,2158,2218,1.560,1.670,1.110,1,0,5.996,0,0,18,295,0,23,0
17-06 11:56:57,16.461,2.245,79.064,0.748,0,5384120,215028,174896,2230496,17713.361,9974.553,1105.402,5347.430,43.897,256.397,2202,2227,1.440,1.640,1.100,1,0,0.998,0,0,18,295,0,23,0
17-06 11:56:58,13.281,1.754,83.446,0.752,0,5380168,217652,174896,2231824,21094.531,12236.732,1138.674,1491.502,51.120,50.118,1702,1589,1.440,1.640,1.100,1,0,0,0,0,18,295,0,23,0
17-06 11:56:59,15.247,1.500,80.984,0.750,0,5379572,217652,174896,2232460,20348.006,11510.741,183.964,1719.662,24.995,69.986,1996,2037,1.440,1.640,1.100,1,0,0,0,0,18,295,0,23,0
17-06 11:57:00,21.995,3.999,71.484,1.500,0,5371404,188588,174940,2269600,4936.881,1523.655,12369.196,1283.709,124.972,61.986,2593,2301,1.440,1.640,1.100,1,0,1.000,0,0,18,295,0,22,0
17-06 11:57:01,23.439,3.242,72.311,0.499,0,5370732,170804,175004,2287736,4942.094,1454.203,0,2094.530,0,62.836,2344,1982,1.440,1.640,1.100,2,0,0,0,0,18,295,0,22,0
17-06 11:57:02,24.406,2.768,71.458,1.006,0,5356400,165840,175032,2306744,5151.022,1509.678,0,16477.636,0,149.961,2523,2458,1.400,1.630,1.100,1,1,0,0,0,18,295,0,22,0
17-06 11:57:03,21.415,3.237,72.215,0.747,0,5360336,146636,175144,2321472,4559.976,1452.260,0,3016.079,0,120.524,2473,2360,1.400,1.630,1.100,1,0,0,0,0,18,295,0,22,0
17-06 11:57:04,22.999,3.750,71.996,0.750,0,5345784,154432,175632,2328372,5251.680,1511.908,0,3215.804,0,282.983,2278,1999,1.400,1.630,1.100,1,0,1.000,0,0,18,295,0,22,0
17-06 11:57:05,23.513,3.252,72.289,0.250,0,5308668,202544,175632,2317152,5310.899,1740.950,0,1456.795,0,52.028,2236,1860,1.400,1.630,1.100,1,0,2.001,0,0,18,294,0,22,0
17-06 11:57:06,19.458,3.991,75.587,0.249,0,5339064,172116,175632,2317180,11629.975,4443.439,0,941.973,0,37.918,2402,2075,1.400,1.630,1.100,2,0,32.929,0,0,18,295,0,22,0
17-06 11:57:07,23.057,5.263,69.923,0.251,0,5326632,178104,175632,2323564,5200.890,1744.323,0,1579.916,0,32.080,5770,9141,1.370,1.620,1.100,1,0,9.022,0,0,18,294,0,22,0
17-06 11:57:08,22.334,5.772,70.516,0,0,5327192,176520,175632,2324568,4818.149,1626.125,0,1658.246,0,10.038,8497,14982,1.370,1.620,1.100,1,0,13.049,0,0,18,294,0,22,0
17-06 11:57:09,22.150,6.969,68.691,0.498,0,5321372,182316,175632,2324592,4669.026,1612.755,0,561.478,0,20.906,9192,16312,1.370,1.620,1.100,1,0,15.928,0,0,18,294,0,22,0
17-06 11:57:10,23.525,4.755,70.324,0,0,5291860,219252,175636,2317292,4268.516,1715.815,0,404.428,0,9.010,3069,2886,1.370,1.620,1.100,2,0,54.057,0,0,18,294,0,22,0
17-06 11:57:11,25.466,5.742,67.409,0,0,5316240,194836,175636,2317328,4930.364,1659.766,0,3.995,0,0.999,11109,19778,1.370,1.620,1.100,1,0,24.966,0,0,18,294,0,24,0
17-06 11:57:12,20.243,3.749,73.725,1.000,0,5302332,202784,175636,2323244,10770.410,4559.480,0,4306.564,0,194.935,2905,3240,1.340,1.610,1.100,1,0,18.994,0,0,18,294,0,24,0
17-06 11:57:13,22.530,6.759,69.842,0.250,0,5326104,177584,175636,2324624,3891.151,1568.076,0,544.721,0,9.012,9880,18387,1.340,1.610,1.100,1,0,14.019,0,0,18,294,0,20,0
17-06 11:57:14,22.473,6.991,68.666,0.250,0,5326072,177404,175636,2324832,4132.945,1510.153,0,1570.080,0,71.912,10200,18660,1.340,1.610,1.100,1,0,19.976,0,0,18,294,0,20,0
17-06 11:57:15,22.510,4.752,71.781,0.250,0,5286376,224672,175640,2317348,4273.848,1566.678,0,1528.661,0,179.077,2426,1971,1.340,1.610,1.100,1,0,6.003,0,0,18,294,0,20,0
17-06 11:57:16,20.804,6.517,70.934,0,0.251,5286876,224172,175640,2317348,4975.918,1624.217,0,204.531,0,14.036,3308,2708,1.340,1.610,1.100,1,0,109.284,0,0,18,294,0,20,0
17-06 11:57:17,23.300,3.758,72.153,0.251,0.251,5320592,180600,175832,2326932,4914.443,1461.105,0,1487.160,0,36.077,2447,2223,1.310,1.600,1.100,1,0,5.011,0,0,18,294,0,16,0
17-06 11:57:18,18.924,2.988,76.941,0.249,0.249,5319248,180292,175868,2328484,14538.658,5076.628,0,557.762,0,9.960,2081,1602,1.310,1.600,1.100,0,0,15.936,0,0,18,295,0,16,0
17-06 11:57:19,13.759,1.001,83.055,0.250,0,5318980,180292,175868,2328744,26214.370,15187.063,0,1929.278,0,54.036,1685,1581,1.310,1.600,1.100,1,0,0,0,0,18,295,0,16,0
17-06 11:57:20,7.750,1.250,89.751,0.750,0,5318604,180292,175920,2329048,69722.614,11337.100,0,1124.010,0,39.000,1439,1552,1.310,1.600,1.100,0,0,0,0,0,18,296,0,16,0
17-06 11:57:21,14.544,2.006,82.500,0.502,0,5334692,163912,175968,2329284,106147.124,11971.329,0,1324.018,0,51.155,1898,1743,1.310,1.600,1.100,2,0,0,0,0,18,296,0,15,0
17-06 11:57:22,17.000,1.750,79.751,0.500,0,5339820,158356,175968,2329688,25741.364,15302.217,32.000,2164.031,1.000,84.001,2188,2328,1.210,1.580,1.090,1,0,0,0,0,18,296,0,15,0
17-06 11:57:23,9.961,1.245,86.413,0.249,0,5343092,154576,176056,2330108,340475.645,15122.954,0,1171.426,0,37.852,1814,1681,1.210,1.580,1.090,1,0,0,0,0,18,296,0,15,0
17-06 11:57:24,9.000,2.000,86.500,1.250,0.250,5342548,154576,176324,2330372,118186.645,21580.118,28.000,3160.017,4.000,140.001,1948,2115,1.210,1.580,1.090,1,0,0,0,0,18,296,0,15,0
17-06 11:57:25,11.999,1.250,84.496,0.250,0,5340884,146764,176324,2339852,399751.055,20957.112,103.996,1175.950,6.000,38.998,1998,1770,1.210,1.580,1.090,1,0,1.000,0,0,18,296,0,11,0
17-06 11:57:26,4.000,2.750,90.004,0.250,0,5333424,144076,176356,2349944,5187897.649,71235.892,0,5716.232,0,22.001,4722,3538,1.210,1.580,1.090,2,0,1.000,0,0,18,296,0,11,0
17-06 11:57:27,6.500,4.250,86.996,0.750,0,5330392,132936,176416,2364884,10975793.530,107752.587,0,5371.780,0,75.997,6290,4507,1.110,1.550,1.090,1,0,3.000,0,0,18,296,0,11,0
17-06 11:57:28,14.297,3.512,80.266,1.003,0,5337632,136900,176640,2353564,2104690.856,23655.438,164.546,29088.453,4.013,408.354,2924,2317,1.110,1.550,1.090,1,0,2.007,0,0,18,296,0,11,0
17-06 11:57:29,21.981,3.247,72.188,0.749,0,5326052,144680,179856,2354220,4556.092,1618.612,0,4711.959,0,124.893,2662,2662,1.110,1.550,1.090,1,0,0,0,0,18,296,0,9,0
17-06 11:57:30,23.294,4.008,71.134,0.751,0,5335116,131808,180364,2357400,4286.091,1460.758,0,2524.766,0,204.386,2516,2348,1.110,1.550,1.090,2,0,0,0,0,18,296,0,9,0
17-06 11:57:31,22.896,2.738,71.924,0.747,0,5340572,140068,180796,2343668,4733.552,1505.180,0,1306.082,0,53.756,2357,2062,1.110,1.550,1.090,2,0,0,0,0,18,296,0,9,0
17-06 11:57:32,23.606,7.785,67.555,0.502,0,5337092,140668,181676,2345968,4652.990,1573.096,32.145,87438.445,1.005,549.479,3789,3910,1.100,1.540,1.090,2,0,0,0,0,18,296,0,9,0
17-06 11:57:33,23.155,3.486,70.710,0.747,0,5338424,151852,182568,2331844,4491.569,1452.042,0,4027.473,0,100.587,2671,2624,1.100,1.540,1.090,2,0,0.996,0,0,18,296,0,9,0
17-06 11:57:34,23.239,2.999,72.464,0.250,0,5350776,142692,183844,2327216,4823.618,1619.200,0,459.773,0,17.991,2090,1682,1.100,1.540,1.090,4,0,0,0,0,18,296,0,9,0
17-06 11:57:35,24.222,1.998,71.667,0.250,0,5348028,133212,184160,2338420,4418.875,1456.311,0,2021.655,0,30.964,2193,1829,1.100,1.540,1.090,3,0,0,0,0,18,296,0,9,0
17-06 11:57:36,22.515,4.253,72.299,0.500,0,5345016,138096,185084,2334936,4476.034,1392.944,0,2005.359,0,71.048,2332,2009,1.100,1.540,1.090,1,0,0,0,0,18,296,0,9,0
17-06 11:57:37,23.498,6.499,67.994,1.000,0,5277260,235944,185536,2303652,4771.590,1535.868,0,159346.307,0,1390.880,5253,5689,1.090,1.530,1.090,1,0,3.000,0,0,18,294,0,5,0
17-06 11:57:38,18.261,3.502,77.295,0,0,5329244,184040,185536,2303680,11058.378,4509.601,0,416.240,0,6.003,2115,1635,1.090,1.530,1.090,2,0,33.019,0,0,18,295,0,5,0
17-06 11:57:39,23.973,3.746,71.419,0.250,0,5319652,187136,185536,2309908,4748.629,1684.095,0,1418.396,0,21.975,2168,1653,1.090,1.530,1.090,1,0,3.995,0,0,18,294,0,5,0
17-06 11:57:40,26.767,9.006,61.288,0,0,5350256,155188,185536,2310924,4400.731,1458.905,0,920.571,0,127.079,9100,22890,1.090,1.530,1.090,1,0,48.030,0,0,18,294,0,6,0
17-06 11:57:41,22.512,6.253,69.786,0,0,5353884,151408,185536,2311100,5119.626,1620.831,0,92.047,0,2.001,9750,17911,1.090,1.530,1.090,1,0,13.007,0,0,18,294,0,4,0
17-06 11:57:42,21.524,6.007,70.827,0.250,0,5354564,150708,185548,2311076,4564.993,1621.774,0,2698.952,0,25.027,2394,1859,1.080,1.520,1.090,2,0,7.008,0,0,18,294,0,4,0
17-06 11:57:43,21.977,4.995,72.424,0,0,5309056,201900,185880,2305508,4914.871,1702.224,247.741,15.983,3.996,1.998,2203,1751,1.080,1.520,1.090,1,0,5.994,0,0,18,294,0,4,0
17-06 11:57:44,24.568,4.513,69.443,1.003,0,5313728,195376,185980,2307260,4993.893,1624.519,517.440,3934.947,17.047,172.480,5153,6865,1.080,1.520,1.090,2,0,0,0,0,18,297,0,9,0
17-06 11:57:45,23.283,8.011,63.839,2.253,0,5257484,250372,185984,2308504,4986.987,1622.273,865.212,6000.407,46.065,495.694,7605,11240,1.080,1.520,1.090,1,0,71.100,0,0,18,296,0,9,0
17-06 11:57:46,8.967,20.175,68.745,0,0,5264368,243436,185984,2308556,4890.867,1506.415,0,1813.277,0,282.951,5665,4135,1.080,1.520,1.090,2,0,330.774,0,0,18,296,0,9,0
17-06 11:57:47,12.019,7.762,69.612,9.014,0,5239728,248832,185984,2327800,4447.144,1622.607,19423.204,2403.862,1370.201,114.183,4443,5593,1.080,1.510,1.080,1,0,47.076,0,0,18,296,0,11,0
17-06 11:57:48,7.991,4.745,72.170,12.736,0,5225016,239252,185984,2352092,4305.228,1348.505,23973.427,807.105,2125.644,11.987,3974,5857,1.080,1.510,1.080,1,0,4.994,0,0,18,296,0,11,0
17-06 11:57:49,2.748,0.500,96.189,0,0,5234600,229792,185984,2351968,8646.543,3383.864,0,543.657,0,6.996,970,1275,1.080,1.510,1.080,0,0,0.999,0,0,18,297,0,11,0
17-06 11:57:50,2.501,1.250,94.536,0,0,5235820,228308,186056,2352128,146442.633,4745.803,92.035,48.018,1.000,7.003,1242,1502,1.080,1.510,1.080,1,0,2.001,0,0,18,297,0,11,0
17-06 11:57:51,6.749,3.999,88.233,0,0,5233656,229304,186304,2352948,182570.309,127989.680,43.992,467.911,3.999,1.000,1827,1634,1.080,1.510,1.080,1,0,11.998,0,0,18,296,0,11,0
17-06 11:57:52,1.250,0.750,96.756,0,0,5229552,233408,186304,2352948,4592.304,1512.100,0,0,0,0,888,1192,0.990,1.490,1.080,0,0,0,0,0,18,296,0,11,0
17-06 11:57:53,5.245,2.747,91.660,0,0,5231604,231356,186304,2352948,2763.276,485.521,0,7.992,0,1.998,1126,1308,0.990,1.490,1.080,1,0,1.998,0,0,18,296,0,11,0
17-06 11:57:54,19.027,6.008,73.352,0,0,5247096,215856,186304,2352956,2964.139,540.755,769.074,0,6.008,0,2251,1643,0.990,1.490,1.080,1,0,7.010,0,0,18,296,0,11,0
17-06 11:57:55,10.505,4.002,84.287,0.750,0,5259012,203788,186304,2353108,2897.272,486.213,272.119,1132.497,3.001,70.031,2028,2245,0.990,1.490,1.080,0,0,3.001,0,0,18,296,0,11,0
17-06 11:57:56,1.997,1.997,95.121,0,0,5251896,210872,186304,2353140,4570.823,1617.814,0,0,0,0,1140,1296,0.990,1.490,1.080,0,0,5.992,0,0,18,296,0,11,0
17-06 11:57:57,2.998,0.750,94.939,0,0.250,5246260,216504,186304,2353144,3915.484,1457.064,0,295.810,0,26.983,1273,1787,0.910,1.460,1.070,0,0,0.999,0,0,18,296,0,11,0
17-06 11:57:58,1.001,0.500,97.560,0,0,5241904,220860,186304,2353144,4414.730,1512.935,0,0,0,0,852,1197,0.910,1.460,1.070,1,0,0,0,0,18,296,0,11,0
17-06 11:57:59,2.000,1.000,95.991,0.250,0,5238056,224696,186304,2353156,4185.595,1565.848,0,363.965,0,32.997,1218,1689,0.910,1.460,1.070,0,0,0,0,0,18,296,0,11,0
17-06 11:58:00,1.501,0.250,96.800,0,0,5233436,229316,186304,2353156,4442.296,1620.838,0,84.043,0,12.006,1104,1582,0.910,1.460,1.070,0,0,0,0,0,18,296,0,11,0
17-06 11:58:01,1.250,0.750,96.979,0.250,0,5231380,231372,186304,2353156,5055.921,1619.654,0,91.980,0,3.999,1046,1487,0.910,1.460,1.070,0,0,0,0,0,18,296,0,11,0
17-06 11:58:02,1.251,0.750,97.294,0,0,5230108,232644,186304,2353156,4922.202,1620.725,0,1332.596,0,234.105,933,1274,0.840,1.440,1.070,0,0,0,0,0,18,296,0,11,0
17-06 11:58:03,0.750,0.250,97.986,0,0,5228800,233952,186304,2353156,5459.240,1619.775,0,31.996,0,3.999,883,1243,0.840,1.440,1.070,0,0,0,0,0,18,296,0,11,0
17-06 11:58:04,0.500,0.500,98.015,0,0,5227656,235096,186304,2353156,5132.797,1512.235,0,0,0,0,817,1130,0.840,1.440,1.070,0,0,0,0,0,18,296,0,11,0
17-06 11:58:05,1.749,0.750,96.195,0,0,5227476,235276,186304,2353156,5203.033,1565.108,0,435.752,0,35.979,1192,1721,0.840,1.440,1.070,0,0,0,0,0,18,296,0,11,0
17-06 11:58:06,1.000,0.500,97.746,0,0,5227472,235276,186304,2353160,4714.812,1457.942,0,0,0,0,907,1209,0.840,1.440,1.070,0,0,0,0,0,18,296,0,11,0
17-06 11:58:07,1.751,2.752,94.303,0.750,0,5227208,235540,186304,2353160,3748.097,1026.574,0,39534.118,0,444.249,1972,2646,0.770,1.410,1.060,0,0,1.001,0,0,18,296,0,11,0
17-06 11:58:08,0.999,1.249,96.426,0,0,5227176,235572,186304,2353160,3964.971,1187.093,0,46124.759,0,413.684,1454,1875,0.770,1.410,1.060,0,0,0,0,0,18,296,0,11,0
17-06 11:58:09,1.250,1.250,96.263,0,0,5227172,235572,186304,2353164,3978.543,1458.199,0,1304.178,0,11.002,941,1224,0.770,1.410,1.060,0,0,0,0,0,18,296,0,11,0
17-06 11:58:10,1.500,0.500,97.022,0.250,0,5227236,235572,186304,2353164,3960.910,1620.372,0,48.011,0,6.001,948,1281,0.770,1.410,1.060,0,0,0,0,0,18,296,0,11,0
17-06 11:58:11,1.500,0.250,96.745,0,0,5227236,235572,186304,2353164,4234.802,1457.932,0,51.998,0,7.000,971,1272,0.770,1.410,1.060,0,0,0,0,0,18,296,0,11,0
17-06 11:58:12,3.000,1.000,95.257,0,0,5227476,235332,186304,2353164,4260.309,1620.117,0,564.041,0,122.009,1157,1382,0.710,1.390,1.060,2,0,1.000,0,0,18,296,0,11,0
17-06 11:58:13,4.250,1.250,94.249,0,0,5226388,236396,186304,2353188,3857.944,1457.979,0,95.999,0,1.000,1351,1728,0.710,1.390,1.060,1,0,3.000,0,0,18,296,0,11,0
17-06 11:58:14,4.250,1.750,91.492,0.250,0,5226384,236396,186304,2353192,4439.612,1619.858,0,231.980,0,24.998,1760,2388,0.710,1.390,1.060,0,0,2.000,0,0,18,296,0,11,0
17-06 11:58:15,2.250,1.000,95.734,0.250,0,5226344,236396,186304,2353232,4157.285,1457.749,15.997,483.917,1.000,32.994,1351,2030,0.710,1.390,1.060,0,0,0,0,0,18,296,0,11,0
17-06 11:58:16,1.500,0.750,96.770,0,0,5226344,236396,186304,2353232,4817.991,1620.333,0,4.001,0,1.000,922,1235,0.710,1.390,1.060,0,0,0,0,0,18,296,0,11,0
17-06 11:58:17,1.501,0.750,96.057,0.250,0,5226596,236144,186304,2353232,4622.720,1662.979,0,732.431,0,51.030,1175,1716,0.650,1.370,1.050,1,0,1.001,0,0,18,296,0,11,0
17-06 11:58:18,1.000,1.000,97.462,0,0,5226592,236144,186304,2353236,4558.231,1619.372,0,2539.015,0,20.992,984,1319,0.650,1.370,1.050,0,0,0,0,0,18,296,0,11,0
17-06 11:58:19,1.250,0.250,97.750,0,0,5226592,236144,186304,2353236,4440.009,1620.003,0,4.000,0,1.000,795,1145,0.650,1.370,1.050,0,0,0,0,0,18,296,0,11,0
17-06 11:58:20,1.500,1.000,97.276,0,0,5226592,236144,186304,2353236,4501.188,1620.428,0,4.001,0,1.000,937,1350,0.650,1.370,1.050,1,0,0,0,0,18,296,0,11,0
17-06 11:58:21,1.249,0.500,97.439,0,0,5226592,236144,186304,2353236,4448.213,1133.290,0,0,0,0,859,1160,0.650,1.370,1.050,0,0,0,0,0,18,296,0,11,0
17-06 11:58:22,5.258,1.502,92.144,0,0,5223820,238916,186304,2353236,132945.644,1898.966,0,0,0,0,1230,1367,0.680,1.360,1.050,0,0,4.006,0,0,18,296,0,11,0
17-06 11:58:23,10.486,4.244,83.889,0,0,5214712,248008,186304,2353252,282520.955,8964.164,119.842,2668.477,4.993,21.971,2306,1893,0.680,1.360,1.050,1,0,30.959,0,0,18,296,0,11,0
17-06 11:58:24,14.487,6.494,77.430,0,0,5233276,227492,186304,2355204,282948.443,4116.253,79.927,307.720,1.998,12.988,2562,1944,0.680,1.360,1.050,1,0,31.971,0,0,18,296,0,11,0
