Jun 14 18:31:08 jammy-provider-cloud-0000007228 systemd[1]: Starting Devstack devstack@g-api.service...
Jun 14 18:31:08 jammy-provider-cloud-0000007228 devstack@g-api.service[103218]: [uWSGI] getting INI configuration from /etc/glance/glance-uwsgi.ini
Jun 14 18:31:08 jammy-provider-cloud-0000007228 devstack@g-api.service[103218]: *** Starting uWSGI 2.0.20-debian (64bit) on [Fri Jun 14 18:31:08 2024] ***
Jun 14 18:31:08 jammy-provider-cloud-0000007228 devstack@g-api.service[103218]: compiled with version: 11.2.0 on 21 March 2022 11:00:44
Jun 14 18:31:08 jammy-provider-cloud-0000007228 devstack@g-api.service[103218]: os: Linux-5.15.0-107-generic #117-Ubuntu SMP Fri Apr 26 12:26:49 UTC 2024
Jun 14 18:31:08 jammy-provider-cloud-0000007228 devstack@g-api.service[103218]: nodename: jammy-provider-cloud-0000007228
Jun 14 18:31:08 jammy-provider-cloud-0000007228 devstack@g-api.service[103218]: machine: x86_64
Jun 14 18:31:08 jammy-provider-cloud-0000007228 devstack@g-api.service[103218]: clock source: unix
Jun 14 18:31:08 jammy-provider-cloud-0000007228 devstack@g-api.service[103218]: pcre jit disabled
Jun 14 18:31:08 jammy-provider-cloud-0000007228 devstack@g-api.service[103218]: detected number of CPU cores: 4
Jun 14 18:31:08 jammy-provider-cloud-0000007228 devstack@g-api.service[103218]: current working directory: /
Jun 14 18:31:08 jammy-provider-cloud-0000007228 devstack@g-api.service[103218]: detected binary path: /usr/bin/uwsgi-core
Jun 14 18:31:08 jammy-provider-cloud-0000007228 devstack@g-api.service[103218]: your processes number limit is 31298
Jun 14 18:31:08 jammy-provider-cloud-0000007228 devstack@g-api.service[103218]: your memory page size is 4096 bytes
Jun 14 18:31:08 jammy-provider-cloud-0000007228 devstack@g-api.service[103218]: detected max file descriptor number: 2048
Jun 14 18:31:08 jammy-provider-cloud-0000007228 devstack@g-api.service[103218]: lock engine: pthread robust mutexes
Jun 14 18:31:08 jammy-provider-cloud-0000007228 devstack@g-api.service[103218]: thunder lock: enabled
Jun 14 18:31:08 jammy-provider-cloud-0000007228 devstack@g-api.service[103218]: uwsgi socket 0 bound to TCP address 127.0.0.1:60999 fd 4
Jun 14 18:31:08 jammy-provider-cloud-0000007228 devstack@g-api.service[103218]: Python version: 3.10.12 (main, Nov 20 2023, 15:14:05) [GCC 11.4.0]
Jun 14 18:31:08 jammy-provider-cloud-0000007228 devstack@g-api.service[103218]: PEP 405 virtualenv detected: /opt/stack/data/venv
Jun 14 18:31:08 jammy-provider-cloud-0000007228 devstack@g-api.service[103218]: Set PythonHome to /opt/stack/data/venv
Jun 14 18:31:08 jammy-provider-cloud-0000007228 devstack@g-api.service[103218]: Python main interpreter initialized at 0x55a6dacebe00
Jun 14 18:31:08 jammy-provider-cloud-0000007228 devstack@g-api.service[103218]: python threads support enabled
Jun 14 18:31:08 jammy-provider-cloud-0000007228 devstack@g-api.service[103218]: your server socket listen backlog is limited to 100 connections
Jun 14 18:31:08 jammy-provider-cloud-0000007228 devstack@g-api.service[103218]: your mercy for graceful operations on workers is 80 seconds
Jun 14 18:31:08 jammy-provider-cloud-0000007228 devstack@g-api.service[103218]: mapped 403077 bytes (393 KB) for 2 cores
Jun 14 18:31:08 jammy-provider-cloud-0000007228 devstack@g-api.service[103218]: *** Operational MODE: preforking ***
Jun 14 18:31:08 jammy-provider-cloud-0000007228 devstack@g-api.service[103218]: *** uWSGI is running in multiple interpreter mode ***
Jun 14 18:31:08 jammy-provider-cloud-0000007228 devstack@g-api.service[103218]: spawned uWSGI master process (pid: 103218)
Jun 14 18:31:08 jammy-provider-cloud-0000007228 devstack@g-api.service[103218]: spawned uWSGI worker 1 (pid: 103219, cores: 1)
Jun 14 18:31:08 jammy-provider-cloud-0000007228 devstack@g-api.service[103218]: spawned uWSGI worker 2 (pid: 103220, cores: 1)
Jun 14 18:31:08 jammy-provider-cloud-0000007228 devstack@g-api.service[103218]: running "unix_signal:15 gracefully_kill_them_all" (master-start)...
Jun 14 18:31:08 jammy-provider-cloud-0000007228 systemd[1]: Started Devstack devstack@g-api.service.
Jun 14 18:31:09 jammy-provider-cloud-0000007228 devstack@g-api.service[103220]: INFO glance.async_ [-] Threadpool model set to 'NativeThreadPoolModel'
Jun 14 18:31:09 jammy-provider-cloud-0000007228 devstack@g-api.service[103219]: INFO glance.async_ [-] Threadpool model set to 'NativeThreadPoolModel'
Jun 14 18:31:09 jammy-provider-cloud-0000007228 devstack@g-api.service[103220]: DEBUG oslo_concurrency.processutils [-] Running cmd (subprocess): grep -F node.session.scan /sbin/iscsiadm {{(pid=103220) execute /opt/stack/data/venv/lib/python3.10/site-packages/oslo_concurrency/processutils.py:390}}
Jun 14 18:31:09 jammy-provider-cloud-0000007228 devstack@g-api.service[103220]: DEBUG oslo_concurrency.processutils [-] CMD "grep -F node.session.scan /sbin/iscsiadm" returned: 0 in 0.015s {{(pid=103220) execute /opt/stack/data/venv/lib/python3.10/site-packages/oslo_concurrency/processutils.py:428}}
Jun 14 18:31:09 jammy-provider-cloud-0000007228 devstack@g-api.service[103219]: DEBUG oslo_concurrency.processutils [-] Running cmd (subprocess): grep -F node.session.scan /sbin/iscsiadm {{(pid=103219) execute /opt/stack/data/venv/lib/python3.10/site-packages/oslo_concurrency/processutils.py:390}}
Jun 14 18:31:09 jammy-provider-cloud-0000007228 devstack@g-api.service[103219]: DEBUG oslo_concurrency.processutils [-] CMD "grep -F node.session.scan /sbin/iscsiadm" returned: 0 in 0.009s {{(pid=103219) execute /opt/stack/data/venv/lib/python3.10/site-packages/oslo_concurrency/processutils.py:428}}
Jun 14 18:31:09 jammy-provider-cloud-0000007228 devstack@g-api.service[103220]: DEBUG glance_store.common.attachment_state_manager [-] Initialising _AttachmentStateManager {{(pid=103220) __init__ /opt/stack/data/venv/lib/python3.10/site-packages/glance_store/common/attachment_state_manager.py:86}}
Jun 14 18:31:09 jammy-provider-cloud-0000007228 devstack@g-api.service[103219]: DEBUG glance_store.common.attachment_state_manager [-] Initialising _AttachmentStateManager {{(pid=103219) __init__ /opt/stack/data/venv/lib/python3.10/site-packages/glance_store/common/attachment_state_manager.py:86}}
Jun 14 18:31:09 jammy-provider-cloud-0000007228 devstack@g-api.service[103220]: DEBUG glance_store.backend [-] Attempting to import store cinder {{(pid=103220) _load_store /opt/stack/data/venv/lib/python3.10/site-packages/glance_store/backend.py:216}}
Jun 14 18:31:09 jammy-provider-cloud-0000007228 devstack@g-api.service[103220]: DEBUG glance_store.backend [-] Attempting to import store file {{(pid=103220) _load_store /opt/stack/data/venv/lib/python3.10/site-packages/glance_store/backend.py:216}}
Jun 14 18:31:09 jammy-provider-cloud-0000007228 devstack@g-api.service[103220]: DEBUG glance_store.backend [-] Attempting to import store glance.store.cinder.Store {{(pid=103220) _load_store /opt/stack/data/venv/lib/python3.10/site-packages/glance_store/backend.py:216}}
Jun 14 18:31:09 jammy-provider-cloud-0000007228 devstack@g-api.service[103220]: DEBUG glance_store.backend [-] Attempting to import store glance.store.filesystem.Store {{(pid=103220) _load_store /opt/stack/data/venv/lib/python3.10/site-packages/glance_store/backend.py:216}}
Jun 14 18:31:09 jammy-provider-cloud-0000007228 devstack@g-api.service[103220]: DEBUG glance_store.backend [-] Attempting to import store glance.store.http.Store {{(pid=103220) _load_store /opt/stack/data/venv/lib/python3.10/site-packages/glance_store/backend.py:216}}
Jun 14 18:31:09 jammy-provider-cloud-0000007228 devstack@g-api.service[103220]: DEBUG glance_store.backend [-] Attempting to import store glance.store.rbd.Store {{(pid=103220) _load_store /opt/stack/data/venv/lib/python3.10/site-packages/glance_store/backend.py:216}}
Jun 14 18:31:09 jammy-provider-cloud-0000007228 devstack@g-api.service[103220]: DEBUG glance_store.backend [-] Attempting to import store glance.store.s3.Store {{(pid=103220) _load_store /opt/stack/data/venv/lib/python3.10/site-packages/glance_store/backend.py:216}}
Jun 14 18:31:09 jammy-provider-cloud-0000007228 devstack@g-api.service[103220]: DEBUG glance_store.backend [-] Attempting to import store glance.store.swift.Store {{(pid=103220) _load_store /opt/stack/data/venv/lib/python3.10/site-packages/glance_store/backend.py:216}}
Jun 14 18:31:09 jammy-provider-cloud-0000007228 devstack@g-api.service[103220]: DEBUG glance_store.backend [-] Attempting to import store glance.store.vmware_datastore.Store {{(pid=103220) _load_store /opt/stack/data/venv/lib/python3.10/site-packages/glance_store/backend.py:216}}
Jun 14 18:31:09 jammy-provider-cloud-0000007228 devstack@g-api.service[103220]: DEBUG glance_store.backend [-] Attempting to import store http {{(pid=103220) _load_store /opt/stack/data/venv/lib/python3.10/site-packages/glance_store/backend.py:216}}
Jun 14 18:31:09 jammy-provider-cloud-0000007228 devstack@g-api.service[103220]: DEBUG glance_store.backend [-] Attempting to import store no_conf {{(pid=103220) _load_store /opt/stack/data/venv/lib/python3.10/site-packages/glance_store/backend.py:216}}
Jun 14 18:31:09 jammy-provider-cloud-0000007228 devstack@g-api.service[103220]: DEBUG glance_store.backend [-] Attempting to import store rbd {{(pid=103220) _load_store /opt/stack/data/venv/lib/python3.10/site-packages/glance_store/backend.py:216}}
Jun 14 18:31:09 jammy-provider-cloud-0000007228 devstack@g-api.service[103220]: DEBUG glance_store.backend [-] Attempting to import store s3 {{(pid=103220) _load_store /opt/stack/data/venv/lib/python3.10/site-packages/glance_store/backend.py:216}}
Jun 14 18:31:09 jammy-provider-cloud-0000007228 devstack@g-api.service[103220]: DEBUG glance_store.backend [-] Attempting to import store swift {{(pid=103220) _load_store /opt/stack/data/venv/lib/python3.10/site-packages/glance_store/backend.py:216}}
Jun 14 18:31:09 jammy-provider-cloud-0000007228 devstack@g-api.service[103220]: DEBUG glance_store.backend [-] Attempting to import store vmware {{(pid=103220) _load_store /opt/stack/data/venv/lib/python3.10/site-packages/glance_store/backend.py:216}}
Jun 14 18:31:09 jammy-provider-cloud-0000007228 devstack@g-api.service[103220]: DEBUG glance_store.backend [-] Registering options for group glance_store {{(pid=103220) register_opts /opt/stack/data/venv/lib/python3.10/site-packages/glance_store/backend.py:145}}
Jun 14 18:31:09 jammy-provider-cloud-0000007228 devstack@g-api.service[103220]: DEBUG glance_store.backend [-] Registering options for group glance_store {{(pid=103220) register_opts /opt/stack/data/venv/lib/python3.10/site-packages/glance_store/backend.py:145}}
Jun 14 18:31:09 jammy-provider-cloud-0000007228 devstack@g-api.service[103220]: DEBUG glance_store.backend [-] Attempting to import store http {{(pid=103220) _load_store /opt/stack/data/venv/lib/python3.10/site-packages/glance_store/backend.py:216}}
Jun 14 18:31:09 jammy-provider-cloud-0000007228 devstack@g-api.service[103220]: DEBUG glance_store.capabilities [-] Store glance_store._drivers.http.Store doesn't support updating dynamic storage capabilities. Please overwrite 'update_capabilities' method of the store to implement updating logics if needed. {{(pid=103220) update_capabilities /opt/stack/data/venv/lib/python3.10/site-packages/glance_store/capabilities.py:91}}
Jun 14 18:31:09 jammy-provider-cloud-0000007228 devstack@g-api.service[103220]: DEBUG glance_store.backend [-] Registering store http with schemes ('http', 'https') {{(pid=103220) create_stores /opt/stack/data/venv/lib/python3.10/site-packages/glance_store/backend.py:262}}
Jun 14 18:31:09 jammy-provider-cloud-0000007228 devstack@g-api.service[103220]: DEBUG glance_store.driver [-] Late loading location class glance_store._drivers.http.StoreLocation {{(pid=103220) get_store_location_class /opt/stack/data/venv/lib/python3.10/site-packages/glance_store/driver.py:133}}
Jun 14 18:31:09 jammy-provider-cloud-0000007228 devstack@g-api.service[103220]: DEBUG glance_store.location [-] Registering scheme http with {'store': <glance_store._drivers.http.Store object at 0x7fd2078b4e80>, 'location_class': <class 'glance_store._drivers.http.StoreLocation'>, 'store_entry': 'http'} {{(pid=103220) register_scheme_map /opt/stack/data/venv/lib/python3.10/site-packages/glance_store/location.py:146}}
Jun 14 18:31:09 jammy-provider-cloud-0000007228 devstack@g-api.service[103220]: DEBUG glance_store.location [-] Registering scheme https with {'store': <glance_store._drivers.http.Store object at 0x7fd2078b4e80>, 'location_class': <class 'glance_store._drivers.http.StoreLocation'>, 'store_entry': 'http'} {{(pid=103220) register_scheme_map /opt/stack/data/venv/lib/python3.10/site-packages/glance_store/location.py:146}}
Jun 14 18:31:09 jammy-provider-cloud-0000007228 devstack@g-api.service[103220]: DEBUG glance_store.backend [-] Attempting to import store file {{(pid=103220) _load_store /opt/stack/data/venv/lib/python3.10/site-packages/glance_store/backend.py:216}}
Jun 14 18:31:09 jammy-provider-cloud-0000007228 devstack@g-api.service[103220]: DEBUG glance_store.capabilities [-] Store glance_store._drivers.filesystem.Store doesn't support updating dynamic storage capabilities. Please overwrite 'update_capabilities' method of the store to implement updating logics if needed. {{(pid=103220) update_capabilities /opt/stack/data/venv/lib/python3.10/site-packages/glance_store/capabilities.py:91}}
Jun 14 18:31:09 jammy-provider-cloud-0000007228 devstack@g-api.service[103220]: DEBUG glance_store.backend [-] Registering store file with schemes ('file', 'filesystem') {{(pid=103220) create_stores /opt/stack/data/venv/lib/python3.10/site-packages/glance_store/backend.py:262}}
Jun 14 18:31:09 jammy-provider-cloud-0000007228 devstack@g-api.service[103220]: DEBUG glance_store.driver [-] Late loading location class glance_store._drivers.filesystem.StoreLocation {{(pid=103220) get_store_location_class /opt/stack/data/venv/lib/python3.10/site-packages/glance_store/driver.py:133}}
Jun 14 18:31:09 jammy-provider-cloud-0000007228 devstack@g-api.service[103220]: DEBUG glance_store.location [-] Registering scheme file with {'store': <glance_store._drivers.filesystem.Store object at 0x7fd2078b5030>, 'location_class': <class 'glance_store._drivers.filesystem.StoreLocation'>, 'store_entry': 'file'} {{(pid=103220) register_scheme_map /opt/stack/data/venv/lib/python3.10/site-packages/glance_store/location.py:146}}
Jun 14 18:31:09 jammy-provider-cloud-0000007228 devstack@g-api.service[103220]: DEBUG glance_store.location [-] Registering scheme filesystem with {'store': <glance_store._drivers.filesystem.Store object at 0x7fd2078b5030>, 'location_class': <class 'glance_store._drivers.filesystem.StoreLocation'>, 'store_entry': 'file'} {{(pid=103220) register_scheme_map /opt/stack/data/venv/lib/python3.10/site-packages/glance_store/location.py:146}}
Jun 14 18:31:09 jammy-provider-cloud-0000007228 devstack@g-api.service[103220]: DEBUG glance.sqlite_migration [-] SQLite caching database not located, skipping migration {{(pid=103220) get_db_path /opt/stack/glance/glance/sqlite_migration.py:68}}
Jun 14 18:31:09 jammy-provider-cloud-0000007228 devstack@g-api.service[103220]: WARNING glance.common.wsgi_app [-] Import methods are enabled but staging directory /tmp/staging/ does not exist; Imports will fail!
Jun 14 18:31:10 jammy-provider-cloud-0000007228 devstack@g-api.service[103219]: DEBUG glance_store.backend [-] Attempting to import store cinder {{(pid=103219) _load_store /opt/stack/data/venv/lib/python3.10/site-packages/glance_store/backend.py:216}}
Jun 14 18:31:10 jammy-provider-cloud-0000007228 devstack@g-api.service[103219]: DEBUG glance_store.backend [-] Attempting to import store file {{(pid=103219) _load_store /opt/stack/data/venv/lib/python3.10/site-packages/glance_store/backend.py:216}}
Jun 14 18:31:10 jammy-provider-cloud-0000007228 devstack@g-api.service[103219]: DEBUG glance_store.backend [-] Attempting to import store glance.store.cinder.Store {{(pid=103219) _load_store /opt/stack/data/venv/lib/python3.10/site-packages/glance_store/backend.py:216}}
Jun 14 18:31:10 jammy-provider-cloud-0000007228 devstack@g-api.service[103219]: DEBUG glance_store.backend [-] Attempting to import store glance.store.filesystem.Store {{(pid=103219) _load_store /opt/stack/data/venv/lib/python3.10/site-packages/glance_store/backend.py:216}}
Jun 14 18:31:10 jammy-provider-cloud-0000007228 devstack@g-api.service[103219]: DEBUG glance_store.backend [-] Attempting to import store glance.store.http.Store {{(pid=103219) _load_store /opt/stack/data/venv/lib/python3.10/site-packages/glance_store/backend.py:216}}
Jun 14 18:31:10 jammy-provider-cloud-0000007228 devstack@g-api.service[103219]: DEBUG glance_store.backend [-] Attempting to import store glance.store.rbd.Store {{(pid=103219) _load_store /opt/stack/data/venv/lib/python3.10/site-packages/glance_store/backend.py:216}}
Jun 14 18:31:10 jammy-provider-cloud-0000007228 devstack@g-api.service[103219]: DEBUG glance_store.backend [-] Attempting to import store glance.store.s3.Store {{(pid=103219) _load_store /opt/stack/data/venv/lib/python3.10/site-packages/glance_store/backend.py:216}}
Jun 14 18:31:10 jammy-provider-cloud-0000007228 devstack@g-api.service[103219]: DEBUG glance_store.backend [-] Attempting to import store glance.store.swift.Store {{(pid=103219) _load_store /opt/stack/data/venv/lib/python3.10/site-packages/glance_store/backend.py:216}}
Jun 14 18:31:10 jammy-provider-cloud-0000007228 devstack@g-api.service[103219]: DEBUG glance_store.backend [-] Attempting to import store glance.store.vmware_datastore.Store {{(pid=103219) _load_store /opt/stack/data/venv/lib/python3.10/site-packages/glance_store/backend.py:216}}
Jun 14 18:31:10 jammy-provider-cloud-0000007228 devstack@g-api.service[103219]: DEBUG glance_store.backend [-] Attempting to import store http {{(pid=103219) _load_store /opt/stack/data/venv/lib/python3.10/site-packages/glance_store/backend.py:216}}
Jun 14 18:31:10 jammy-provider-cloud-0000007228 devstack@g-api.service[103219]: DEBUG glance_store.backend [-] Attempting to import store no_conf {{(pid=103219) _load_store /opt/stack/data/venv/lib/python3.10/site-packages/glance_store/backend.py:216}}
Jun 14 18:31:10 jammy-provider-cloud-0000007228 devstack@g-api.service[103219]: DEBUG glance_store.backend [-] Attempting to import store rbd {{(pid=103219) _load_store /opt/stack/data/venv/lib/python3.10/site-packages/glance_store/backend.py:216}}
Jun 14 18:31:10 jammy-provider-cloud-0000007228 devstack@g-api.service[103219]: DEBUG glance_store.backend [-] Attempting to import store s3 {{(pid=103219) _load_store /opt/stack/data/venv/lib/python3.10/site-packages/glance_store/backend.py:216}}
Jun 14 18:31:10 jammy-provider-cloud-0000007228 devstack@g-api.service[103219]: DEBUG glance_store.backend [-] Attempting to import store swift {{(pid=103219) _load_store /opt/stack/data/venv/lib/python3.10/site-packages/glance_store/backend.py:216}}
Jun 14 18:31:10 jammy-provider-cloud-0000007228 devstack@g-api.service[103219]: DEBUG glance_store.backend [-] Attempting to import store vmware {{(pid=103219) _load_store /opt/stack/data/venv/lib/python3.10/site-packages/glance_store/backend.py:216}}
Jun 14 18:31:10 jammy-provider-cloud-0000007228 devstack@g-api.service[103219]: DEBUG glance_store.backend [-] Registering options for group glance_store {{(pid=103219) register_opts /opt/stack/data/venv/lib/python3.10/site-packages/glance_store/backend.py:145}}
Jun 14 18:31:10 jammy-provider-cloud-0000007228 devstack@g-api.service[103219]: DEBUG glance_store.backend [-] Registering options for group glance_store {{(pid=103219) register_opts /opt/stack/data/venv/lib/python3.10/site-packages/glance_store/backend.py:145}}
Jun 14 18:31:10 jammy-provider-cloud-0000007228 devstack@g-api.service[103219]: DEBUG glance_store.backend [-] Attempting to import store http {{(pid=103219) _load_store /opt/stack/data/venv/lib/python3.10/site-packages/glance_store/backend.py:216}}
Jun 14 18:31:10 jammy-provider-cloud-0000007228 devstack@g-api.service[103219]: DEBUG glance_store.capabilities [-] Store glance_store._drivers.http.Store doesn't support updating dynamic storage capabilities. Please overwrite 'update_capabilities' method of the store to implement updating logics if needed. {{(pid=103219) update_capabilities /opt/stack/data/venv/lib/python3.10/site-packages/glance_store/capabilities.py:91}}
Jun 14 18:31:10 jammy-provider-cloud-0000007228 devstack@g-api.service[103219]: DEBUG glance_store.backend [-] Registering store http with schemes ('http', 'https') {{(pid=103219) create_stores /opt/stack/data/venv/lib/python3.10/site-packages/glance_store/backend.py:262}}
Jun 14 18:31:10 jammy-provider-cloud-0000007228 devstack@g-api.service[103219]: DEBUG glance_store.driver [-] Late loading location class glance_store._drivers.http.StoreLocation {{(pid=103219) get_store_location_class /opt/stack/data/venv/lib/python3.10/site-packages/glance_store/driver.py:133}}
Jun 14 18:31:10 jammy-provider-cloud-0000007228 devstack@g-api.service[103219]: DEBUG glance_store.location [-] Registering scheme http with {'store': <glance_store._drivers.http.Store object at 0x7fd2078b3760>, 'location_class': <class 'glance_store._drivers.http.StoreLocation'>, 'store_entry': 'http'} {{(pid=103219) register_scheme_map /opt/stack/data/venv/lib/python3.10/site-packages/glance_store/location.py:146}}
Jun 14 18:31:10 jammy-provider-cloud-0000007228 devstack@g-api.service[103219]: DEBUG glance_store.location [-] Registering scheme https with {'store': <glance_store._drivers.http.Store object at 0x7fd2078b3760>, 'location_class': <class 'glance_store._drivers.http.StoreLocation'>, 'store_entry': 'http'} {{(pid=103219) register_scheme_map /opt/stack/data/venv/lib/python3.10/site-packages/glance_store/location.py:146}}
Jun 14 18:31:10 jammy-provider-cloud-0000007228 devstack@g-api.service[103219]: DEBUG glance_store.backend [-] Attempting to import store file {{(pid=103219) _load_store /opt/stack/data/venv/lib/python3.10/site-packages/glance_store/backend.py:216}}
Jun 14 18:31:10 jammy-provider-cloud-0000007228 devstack@g-api.service[103219]: DEBUG glance_store.capabilities [-] Store glance_store._drivers.filesystem.Store doesn't support updating dynamic storage capabilities. Please overwrite 'update_capabilities' method of the store to implement updating logics if needed. {{(pid=103219) update_capabilities /opt/stack/data/venv/lib/python3.10/site-packages/glance_store/capabilities.py:91}}
Jun 14 18:31:10 jammy-provider-cloud-0000007228 devstack@g-api.service[103219]: DEBUG glance_store.backend [-] Registering store file with schemes ('file', 'filesystem') {{(pid=103219) create_stores /opt/stack/data/venv/lib/python3.10/site-packages/glance_store/backend.py:262}}
Jun 14 18:31:10 jammy-provider-cloud-0000007228 devstack@g-api.service[103219]: DEBUG glance_store.driver [-] Late loading location class glance_store._drivers.filesystem.StoreLocation {{(pid=103219) get_store_location_class /opt/stack/data/venv/lib/python3.10/site-packages/glance_store/driver.py:133}}
Jun 14 18:31:10 jammy-provider-cloud-0000007228 devstack@g-api.service[103219]: DEBUG glance_store.location [-] Registering scheme file with {'store': <glance_store._drivers.filesystem.Store object at 0x7fd2078b2530>, 'location_class': <class 'glance_store._drivers.filesystem.StoreLocation'>, 'store_entry': 'file'} {{(pid=103219) register_scheme_map /opt/stack/data/venv/lib/python3.10/site-packages/glance_store/location.py:146}}
Jun 14 18:31:10 jammy-provider-cloud-0000007228 devstack@g-api.service[103219]: DEBUG glance_store.location [-] Registering scheme filesystem with {'store': <glance_store._drivers.filesystem.Store object at 0x7fd2078b2530>, 'location_class': <class 'glance_store._drivers.filesystem.StoreLocation'>, 'store_entry': 'file'} {{(pid=103219) register_scheme_map /opt/stack/data/venv/lib/python3.10/site-packages/glance_store/location.py:146}}
Jun 14 18:31:10 jammy-provider-cloud-0000007228 devstack@g-api.service[103219]: DEBUG glance.sqlite_migration [-] SQLite caching database not located, skipping migration {{(pid=103219) get_db_path /opt/stack/glance/glance/sqlite_migration.py:68}}
Jun 14 18:31:10 jammy-provider-cloud-0000007228 devstack@g-api.service[103219]: WARNING glance.common.wsgi_app [-] Import methods are enabled but staging directory /tmp/staging/ does not exist; Imports will fail!
Jun 14 18:31:10 jammy-provider-cloud-0000007228 devstack@g-api.service[103220]: DEBUG glance.common.config [None req-a11ece7d-c66c-40dc-9b4c-5dfb7f43cb6a None None] Loading glance-api-keystone+cachemanagement from /etc/glance/glance-api-paste.ini {{(pid=103220) load_paste_app /opt/stack/glance/glance/common/config.py:700}}
Jun 14 18:31:10 jammy-provider-cloud-0000007228 devstack@g-api.service[103219]: DEBUG glance.common.config [None req-f4a1ed3a-d9c1-4a97-b6c4-e0e187e76c78 None None] Loading glance-api-keystone+cachemanagement from /etc/glance/glance-api-paste.ini {{(pid=103219) load_paste_app /opt/stack/glance/glance/common/config.py:700}}
Jun 14 18:31:10 jammy-provider-cloud-0000007228 devstack@g-api.service[103220]: INFO glance.image_cache [None req-a11ece7d-c66c-40dc-9b4c-5dfb7f43cb6a None None] Image cache loaded driver 'centralized_db'.
Jun 14 18:31:10 jammy-provider-cloud-0000007228 devstack@g-api.service[103220]: INFO dbcounter [None req-a11ece7d-c66c-40dc-9b4c-5dfb7f43cb6a None None] Registered counter for database glance
Jun 14 18:31:10 jammy-provider-cloud-0000007228 devstack@g-api.service[103219]: INFO glance.image_cache [None req-f4a1ed3a-d9c1-4a97-b6c4-e0e187e76c78 None None] Image cache loaded driver 'centralized_db'.
Jun 14 18:31:10 jammy-provider-cloud-0000007228 devstack@g-api.service[103220]: DEBUG oslo_db.sqlalchemy.engines [None req-a11ece7d-c66c-40dc-9b4c-5dfb7f43cb6a None None] MySQL server mode set to STRICT_TRANS_TABLES,STRICT_ALL_TABLES,NO_ZERO_IN_DATE,NO_ZERO_DATE,ERROR_FOR_DIVISION_BY_ZERO,TRADITIONAL,NO_ENGINE_SUBSTITUTION {{(pid=103220) _check_effective_sql_mode /opt/stack/data/venv/lib/python3.10/site-packages/oslo_db/sqlalchemy/engines.py:342}}
Jun 14 18:31:10 jammy-provider-cloud-0000007228 devstack@g-api.service[103220]: DEBUG dbcounter [-] [103220] Writer thread running {{(pid=103220) stat_writer /opt/stack/data/venv/lib/python3.10/site-packages/dbcounter.py:102}}
Jun 14 18:31:10 jammy-provider-cloud-0000007228 devstack@g-api.service[103219]: INFO dbcounter [None req-f4a1ed3a-d9c1-4a97-b6c4-e0e187e76c78 None None] Registered counter for database glance
Jun 14 18:31:10 jammy-provider-cloud-0000007228 devstack@g-api.service[103220]: INFO glance.image_cache [None req-a11ece7d-c66c-40dc-9b4c-5dfb7f43cb6a None None] Image cache loaded driver 'centralized_db'.
Jun 14 18:31:10 jammy-provider-cloud-0000007228 devstack@g-api.service[103220]: DEBUG glance.image_cache.drivers.centralized_db [None req-a11ece7d-c66c-40dc-9b4c-5dfb7f43cb6a None None] Node reference is already recorded, ignoring it {{(pid=103220) configure /opt/stack/glance/glance/image_cache/drivers/centralized_db.py:71}}
Jun 14 18:31:10 jammy-provider-cloud-0000007228 devstack@g-api.service[103219]: DEBUG oslo_db.sqlalchemy.engines [None req-f4a1ed3a-d9c1-4a97-b6c4-e0e187e76c78 None None] MySQL server mode set to STRICT_TRANS_TABLES,STRICT_ALL_TABLES,NO_ZERO_IN_DATE,NO_ZERO_DATE,ERROR_FOR_DIVISION_BY_ZERO,TRADITIONAL,NO_ENGINE_SUBSTITUTION {{(pid=103219) _check_effective_sql_mode /opt/stack/data/venv/lib/python3.10/site-packages/oslo_db/sqlalchemy/engines.py:342}}
Jun 14 18:31:10 jammy-provider-cloud-0000007228 devstack@g-api.service[103220]: DEBUG glance.api.v2.cached_images [None req-a11ece7d-c66c-40dc-9b4c-5dfb7f43cb6a None None] Started cache worker thread {{(pid=103220) __init__ /opt/stack/glance/glance/api/v2/cached_images.py:69}}
Jun 14 18:31:10 jammy-provider-cloud-0000007228 devstack@g-api.service[103220]: INFO glance.image_cache [None req-a11ece7d-c66c-40dc-9b4c-5dfb7f43cb6a None None] Image cache loaded driver 'centralized_db'.
Jun 14 18:31:10 jammy-provider-cloud-0000007228 devstack@g-api.service[103220]: DEBUG glance.image_cache.drivers.centralized_db [None req-a11ece7d-c66c-40dc-9b4c-5dfb7f43cb6a None None] Node reference is already recorded, ignoring it {{(pid=103220) configure /opt/stack/glance/glance/image_cache/drivers/centralized_db.py:71}}
Jun 14 18:31:10 jammy-provider-cloud-0000007228 devstack@g-api.service[103220]: INFO glance.api.middleware.cache_manage [None req-a11ece7d-c66c-40dc-9b4c-5dfb7f43cb6a None None] Initialized image cache management middleware
Jun 14 18:31:10 jammy-provider-cloud-0000007228 devstack@g-api.service[103220]: INFO glance.image_cache [None req-a11ece7d-c66c-40dc-9b4c-5dfb7f43cb6a None None] Image cache loaded driver 'centralized_db'.
Jun 14 18:31:10 jammy-provider-cloud-0000007228 devstack@g-api.service[103219]: DEBUG dbcounter [-] [103219] Writer thread running {{(pid=103219) stat_writer /opt/stack/data/venv/lib/python3.10/site-packages/dbcounter.py:102}}
Jun 14 18:31:10 jammy-provider-cloud-0000007228 devstack@g-api.service[103220]: DEBUG glance.image_cache.drivers.centralized_db [None req-a11ece7d-c66c-40dc-9b4c-5dfb7f43cb6a None None] Node reference is already recorded, ignoring it {{(pid=103220) configure /opt/stack/glance/glance/image_cache/drivers/centralized_db.py:71}}
Jun 14 18:31:10 jammy-provider-cloud-0000007228 devstack@g-api.service[103219]: DEBUG glance.image_cache.drivers.centralized_db [None req-f4a1ed3a-d9c1-4a97-b6c4-e0e187e76c78 None None] Node reference is already recorded, ignoring it {{(pid=103219) configure /opt/stack/glance/glance/image_cache/drivers/centralized_db.py:71}}
Jun 14 18:31:10 jammy-provider-cloud-0000007228 devstack@g-api.service[103220]: INFO glance.api.middleware.cache [None req-a11ece7d-c66c-40dc-9b4c-5dfb7f43cb6a None None] Initialized image cache middleware
Jun 14 18:31:10 jammy-provider-cloud-0000007228 devstack@g-api.service[103219]: INFO glance.image_cache [None req-f4a1ed3a-d9c1-4a97-b6c4-e0e187e76c78 None None] Image cache loaded driver 'centralized_db'.
Jun 14 18:31:10 jammy-provider-cloud-0000007228 devstack@g-api.service[103220]: WARNING keystonemiddleware.auth_token [None req-a11ece7d-c66c-40dc-9b4c-5dfb7f43cb6a None None] AuthToken middleware is set with keystone_authtoken.service_token_roles_required set to False. This is backwards compatible but deprecated behaviour. Please set this to True.
Jun 14 18:31:10 jammy-provider-cloud-0000007228 devstack@g-api.service[103220]: WARNING keystonemiddleware.auth_token [None req-a11ece7d-c66c-40dc-9b4c-5dfb7f43cb6a None None] Configuring www_authenticate_uri to point to the public identity endpoint is required; clients may not be able to authenticate against an admin endpoint
Jun 14 18:31:10 jammy-provider-cloud-0000007228 devstack@g-api.service[103219]: DEBUG glance.image_cache.drivers.centralized_db [None req-f4a1ed3a-d9c1-4a97-b6c4-e0e187e76c78 None None] Node reference is already recorded, ignoring it {{(pid=103219) configure /opt/stack/glance/glance/image_cache/drivers/centralized_db.py:71}}
Jun 14 18:31:10 jammy-provider-cloud-0000007228 devstack@g-api.service[103220]: DEBUG glance.common.config [None req-a11ece7d-c66c-40dc-9b4c-5dfb7f43cb6a None None] ******************************************************************************** {{(pid=103220) log_opt_values /opt/stack/data/venv/lib/python3.10/site-packages/oslo_config/cfg.py:2600}}
Jun 14 18:31:10 jammy-provider-cloud-0000007228 devstack@g-api.service[103220]: DEBUG glance.common.config [None req-a11ece7d-c66c-40dc-9b4c-5dfb7f43cb6a None None] Configuration options gathered from: {{(pid=103220) log_opt_values /opt/stack/data/venv/lib/python3.10/site-packages/oslo_config/cfg.py:2601}}
Jun 14 18:31:10 jammy-provider-cloud-0000007228 devstack@g-api.service[103220]: DEBUG glance.common.config [None req-a11ece7d-c66c-40dc-9b4c-5dfb7f43cb6a None None] command line args: [] {{(pid=103220) log_opt_values /opt/stack/data/venv/lib/python3.10/site-packages/oslo_config/cfg.py:2602}}
Jun 14 18:31:10 jammy-provider-cloud-0000007228 devstack@g-api.service[103220]: DEBUG glance.common.config [None req-a11ece7d-c66c-40dc-9b4c-5dfb7f43cb6a None None] config files: ['/etc/glance/glance-image-import.conf', '/etc/glance/glance-api.conf'] {{(pid=103220) log_opt_values /opt/stack/data/venv/lib/python3.10/site-packages/oslo_config/cfg.py:2603}}
Jun 14 18:31:10 jammy-provider-cloud-0000007228 devstack@g-api.service[103220]: DEBUG glance.common.config [None req-a11ece7d-c66c-40dc-9b4c-5dfb7f43cb6a None None] ================================================================================ {{(pid=103220) log_opt_values /opt/stack/data/venv/lib/python3.10/site-packages/oslo_config/cfg.py:2605}}
Jun 14 18:31:10 jammy-provider-cloud-0000007228 devstack@g-api.service[103220]: DEBUG glance.common.config [None req-a11ece7d-c66c-40dc-9b4c-5dfb7f43cb6a None None] allow_anonymous_access         = False {{(pid=103220) log_opt_values /opt/stack/data/venv/lib/python3.10/site-packages/oslo_config/cfg.py:2613}}
Jun 14 18:31:10 jammy-provider-cloud-0000007228 devstack@g-api.service[103220]: DEBUG glance.common.config [None req-a11ece7d-c66c-40dc-9b4c-5dfb7f43cb6a None None] api_limit_max                  = 1000 {{(pid=103220) log_opt_values /opt/stack/data/venv/lib/python3.10/site-packages/oslo_config/cfg.py:2613}}
Jun 14 18:31:10 jammy-provider-cloud-0000007228 devstack@g-api.service[103220]: DEBUG glance.common.config [None req-a11ece7d-c66c-40dc-9b4c-5dfb7f43cb6a None None] backlog                        = 4096 {{(pid=103220) log_opt_values /opt/stack/data/venv/lib/python3.10/site-packages/oslo_config/cfg.py:2613}}
Jun 14 18:31:10 jammy-provider-cloud-0000007228 devstack@g-api.service[103220]: DEBUG glance.common.config [None req-a11ece7d-c66c-40dc-9b4c-5dfb7f43cb6a None None] bind_host                      = 0.0.0.0 {{(pid=103220) log_opt_values /opt/stack/data/venv/lib/python3.10/site-packages/oslo_config/cfg.py:2613}}
Jun 14 18:31:10 jammy-provider-cloud-0000007228 devstack@g-api.service[103220]: DEBUG glance.common.config [None req-a11ece7d-c66c-40dc-9b4c-5dfb7f43cb6a None None] bind_port                      = None {{(pid=103220) log_opt_values /opt/stack/data/venv/lib/python3.10/site-packages/oslo_config/cfg.py:2613}}
Jun 14 18:31:10 jammy-provider-cloud-0000007228 devstack@g-api.service[103220]: DEBUG glance.common.config [None req-a11ece7d-c66c-40dc-9b4c-5dfb7f43cb6a None None] client_socket_timeout          = 900 {{(pid=103220) log_opt_values /opt/stack/data/venv/lib/python3.10/site-packages/oslo_config/cfg.py:2613}}
Jun 14 18:31:10 jammy-provider-cloud-0000007228 devstack@g-api.service[103220]: DEBUG glance.common.config [None req-a11ece7d-c66c-40dc-9b4c-5dfb7f43cb6a None None] config_dir                     = [] {{(pid=103220) log_opt_values /opt/stack/data/venv/lib/python3.10/site-packages/oslo_config/cfg.py:2613}}
Jun 14 18:31:10 jammy-provider-cloud-0000007228 devstack@g-api.service[103220]: DEBUG glance.common.config [None req-a11ece7d-c66c-40dc-9b4c-5dfb7f43cb6a None None] config_file                    = ['/etc/glance/glance-image-import.conf', '/etc/glance/glance-api.conf'] {{(pid=103220) log_opt_values /opt/stack/data/venv/lib/python3.10/site-packages/oslo_config/cfg.py:2613}}
Jun 14 18:31:10 jammy-provider-cloud-0000007228 devstack@g-api.service[103220]: DEBUG glance.common.config [None req-a11ece7d-c66c-40dc-9b4c-5dfb7f43cb6a None None] config_source                  = [] {{(pid=103220) log_opt_values /opt/stack/data/venv/lib/python3.10/site-packages/oslo_config/cfg.py:2613}}
Jun 14 18:31:10 jammy-provider-cloud-0000007228 devstack@g-api.service[103220]: DEBUG glance.common.config [None req-a11ece7d-c66c-40dc-9b4c-5dfb7f43cb6a None None] control_exchange               = glance {{(pid=103220) log_opt_values /opt/stack/data/venv/lib/python3.10/site-packages/oslo_config/cfg.py:2613}}
Jun 14 18:31:10 jammy-provider-cloud-0000007228 devstack@g-api.service[103220]: DEBUG glance.common.config [None req-a11ece7d-c66c-40dc-9b4c-5dfb7f43cb6a None None] debug                          = True {{(pid=103220) log_opt_values /opt/stack/data/venv/lib/python3.10/site-packages/oslo_config/cfg.py:2613}}
Jun 14 18:31:10 jammy-provider-cloud-0000007228 devstack@g-api.service[103220]: DEBUG glance.common.config [None req-a11ece7d-c66c-40dc-9b4c-5dfb7f43cb6a None None] default_log_levels             = ['amqp=WARN', 'amqplib=WARN', 'boto=WARN', 'qpid=WARN', 'sqlalchemy=WARN', 'suds=INFO', 'oslo.messaging=INFO', 'oslo_messaging=INFO', 'iso8601=WARN', 'requests.packages.urllib3.connectionpool=WARN', 'urllib3.connectionpool=WARN', 'websocket=WARN', 'requests.packages.urllib3.util.retry=WARN', 'urllib3.util.retry=WARN', 'keystonemiddleware=WARN', 'routes.middleware=WARN', 'stevedore=WARN', 'taskflow=WARN', 'keystoneauth=WARN', 'oslo.cache=INFO', 'oslo_policy=INFO', 'dogpile.core.dogpile=INFO'] {{(pid=103220) log_opt_values /opt/stack/data/venv/lib/python3.10/site-packages/oslo_config/cfg.py:2613}}
Jun 14 18:31:10 jammy-provider-cloud-0000007228 devstack@g-api.service[103220]: DEBUG glance.common.config [None req-a11ece7d-c66c-40dc-9b4c-5dfb7f43cb6a None None] default_publisher_id           = image.localhost {{(pid=103220) log_opt_values /opt/stack/data/venv/lib/python3.10/site-packages/oslo_config/cfg.py:2613}}
Jun 14 18:31:10 jammy-provider-cloud-0000007228 devstack@g-api.service[103220]: DEBUG glance.common.config [None req-a11ece7d-c66c-40dc-9b4c-5dfb7f43cb6a None None] delayed_delete                 = False {{(pid=103220) log_opt_values /opt/stack/data/venv/lib/python3.10/site-packages/oslo_config/cfg.py:2613}}
Jun 14 18:31:10 jammy-provider-cloud-0000007228 devstack@g-api.service[103220]: DEBUG glance.common.config [None req-a11ece7d-c66c-40dc-9b4c-5dfb7f43cb6a None None] digest_algorithm               = sha256 {{(pid=103220) log_opt_values /opt/stack/data/venv/lib/python3.10/site-packages/oslo_config/cfg.py:2613}}
Jun 14 18:31:10 jammy-provider-cloud-0000007228 devstack@g-api.service[103220]: DEBUG glance.common.config [None req-a11ece7d-c66c-40dc-9b4c-5dfb7f43cb6a None None] disabled_notifications         = [] {{(pid=103220) log_opt_values /opt/stack/data/venv/lib/python3.10/site-packages/oslo_config/cfg.py:2613}}
Jun 14 18:31:10 jammy-provider-cloud-0000007228 devstack@g-api.service[103220]: DEBUG glance.common.config [None req-a11ece7d-c66c-40dc-9b4c-5dfb7f43cb6a None None] enabled_backends               = None {{(pid=103220) log_opt_values /opt/stack/data/venv/lib/python3.10/site-packages/oslo_config/cfg.py:2613}}
Jun 14 18:31:10 jammy-provider-cloud-0000007228 devstack@g-api.service[103220]: DEBUG glance.common.config [None req-a11ece7d-c66c-40dc-9b4c-5dfb7f43cb6a None None] enabled_import_methods         = ['glance-direct', 'web-download', 'copy-image'] {{(pid=103220) log_opt_values /opt/stack/data/venv/lib/python3.10/site-packages/oslo_config/cfg.py:2613}}
Jun 14 18:31:10 jammy-provider-cloud-0000007228 devstack@g-api.service[103220]: DEBUG glance.common.config [None req-a11ece7d-c66c-40dc-9b4c-5dfb7f43cb6a None None] hashing_algorithm              = sha512 {{(pid=103220) log_opt_values /opt/stack/data/venv/lib/python3.10/site-packages/oslo_config/cfg.py:2613}}
Jun 14 18:31:10 jammy-provider-cloud-0000007228 devstack@g-api.service[103220]: DEBUG glance.common.config [None req-a11ece7d-c66c-40dc-9b4c-5dfb7f43cb6a None None] http_keepalive                 = True {{(pid=103220) log_opt_values /opt/stack/data/venv/lib/python3.10/site-packages/oslo_config/cfg.py:2613}}
Jun 14 18:31:10 jammy-provider-cloud-0000007228 devstack@g-api.service[103220]: DEBUG glance.common.config [None req-a11ece7d-c66c-40dc-9b4c-5dfb7f43cb6a None None] image_cache_dir                = /opt/stack/data/glance/cache/ {{(pid=103220) log_opt_values /opt/stack/data/venv/lib/python3.10/site-packages/oslo_config/cfg.py:2613}}
Jun 14 18:31:10 jammy-provider-cloud-0000007228 devstack@g-api.service[103220]: DEBUG glance.common.config [None req-a11ece7d-c66c-40dc-9b4c-5dfb7f43cb6a None None] image_cache_driver             = centralized_db {{(pid=103220) log_opt_values /opt/stack/data/venv/lib/python3.10/site-packages/oslo_config/cfg.py:2613}}
Jun 14 18:31:10 jammy-provider-cloud-0000007228 devstack@g-api.service[103220]: DEBUG glance.common.config [None req-a11ece7d-c66c-40dc-9b4c-5dfb7f43cb6a None None] image_cache_max_size           = 10737418240 {{(pid=103220) log_opt_values /opt/stack/data/venv/lib/python3.10/site-packages/oslo_config/cfg.py:2613}}
Jun 14 18:31:10 jammy-provider-cloud-0000007228 devstack@g-api.service[103220]: DEBUG glance.common.config [None req-a11ece7d-c66c-40dc-9b4c-5dfb7f43cb6a None None] image_cache_sqlite_db          = cache.db {{(pid=103220) log_opt_values /opt/stack/data/venv/lib/python3.10/site-packages/oslo_config/cfg.py:2613}}
Jun 14 18:31:10 jammy-provider-cloud-0000007228 devstack@g-api.service[103219]: DEBUG glance.api.v2.cached_images [None req-f4a1ed3a-d9c1-4a97-b6c4-e0e187e76c78 None None] Started cache worker thread {{(pid=103219) __init__ /opt/stack/glance/glance/api/v2/cached_images.py:69}}
Jun 14 18:31:10 jammy-provider-cloud-0000007228 devstack@g-api.service[103220]: DEBUG glance.common.config [None req-a11ece7d-c66c-40dc-9b4c-5dfb7f43cb6a None None] image_cache_stall_time         = 86400 {{(pid=103220) log_opt_values /opt/stack/data/venv/lib/python3.10/site-packages/oslo_config/cfg.py:2613}}
Jun 14 18:31:10 jammy-provider-cloud-0000007228 devstack@g-api.service[103220]: DEBUG glance.common.config [None req-a11ece7d-c66c-40dc-9b4c-5dfb7f43cb6a None None] image_location_quota           = 10 {{(pid=103220) log_opt_values /opt/stack/data/venv/lib/python3.10/site-packages/oslo_config/cfg.py:2613}}
Jun 14 18:31:10 jammy-provider-cloud-0000007228 devstack@g-api.service[103220]: DEBUG glance.common.config [None req-a11ece7d-c66c-40dc-9b4c-5dfb7f43cb6a None None] image_member_quota             = 128 {{(pid=103220) log_opt_values /opt/stack/data/venv/lib/python3.10/site-packages/oslo_config/cfg.py:2613}}
Jun 14 18:31:10 jammy-provider-cloud-0000007228 devstack@g-api.service[103220]: DEBUG glance.common.config [None req-a11ece7d-c66c-40dc-9b4c-5dfb7f43cb6a None None] image_property_quota           = 128 {{(pid=103220) log_opt_values /opt/stack/data/venv/lib/python3.10/site-packages/oslo_config/cfg.py:2613}}
Jun 14 18:31:10 jammy-provider-cloud-0000007228 devstack@g-api.service[103220]: DEBUG glance.common.config [None req-a11ece7d-c66c-40dc-9b4c-5dfb7f43cb6a None None] image_size_cap                 = 1099511627776 {{(pid=103220) log_opt_values /opt/stack/data/venv/lib/python3.10/site-packages/oslo_config/cfg.py:2613}}
Jun 14 18:31:10 jammy-provider-cloud-0000007228 devstack@g-api.service[103219]: INFO glance.image_cache [None req-f4a1ed3a-d9c1-4a97-b6c4-e0e187e76c78 None None] Image cache loaded driver 'centralized_db'.
Jun 14 18:31:10 jammy-provider-cloud-0000007228 devstack@g-api.service[103220]: DEBUG glance.common.config [None req-a11ece7d-c66c-40dc-9b4c-5dfb7f43cb6a None None] image_tag_quota                = 128 {{(pid=103220) log_opt_values /opt/stack/data/venv/lib/python3.10/site-packages/oslo_config/cfg.py:2613}}
Jun 14 18:31:10 jammy-provider-cloud-0000007228 devstack@g-api.service[103220]: DEBUG glance.common.config [None req-a11ece7d-c66c-40dc-9b4c-5dfb7f43cb6a None None] instance_format                = [instance: %(uuid)s]  {{(pid=103220) log_opt_values /opt/stack/data/venv/lib/python3.10/site-packages/oslo_config/cfg.py:2613}}
Jun 14 18:31:10 jammy-provider-cloud-0000007228 devstack@g-api.service[103220]: DEBUG glance.common.config [None req-a11ece7d-c66c-40dc-9b4c-5dfb7f43cb6a None None] instance_uuid_format           = [instance: %(uuid)s]  {{(pid=103220) log_opt_values /opt/stack/data/venv/lib/python3.10/site-packages/oslo_config/cfg.py:2613}}
Jun 14 18:31:10 jammy-provider-cloud-0000007228 devstack@g-api.service[103220]: DEBUG glance.common.config [None req-a11ece7d-c66c-40dc-9b4c-5dfb7f43cb6a None None] limit_param_default            = 25 {{(pid=103220) log_opt_values /opt/stack/data/venv/lib/python3.10/site-packages/oslo_config/cfg.py:2613}}
Jun 14 18:31:10 jammy-provider-cloud-0000007228 devstack@g-api.service[103220]: DEBUG glance.common.config [None req-a11ece7d-c66c-40dc-9b4c-5dfb7f43cb6a None None] location_strategy              = location_order {{(pid=103220) log_opt_values /opt/stack/data/venv/lib/python3.10/site-packages/oslo_config/cfg.py:2613}}
Jun 14 18:31:10 jammy-provider-cloud-0000007228 devstack@g-api.service[103220]: DEBUG glance.common.config [None req-a11ece7d-c66c-40dc-9b4c-5dfb7f43cb6a None None] log_config_append              = None {{(pid=103220) log_opt_values /opt/stack/data/venv/lib/python3.10/site-packages/oslo_config/cfg.py:2613}}
Jun 14 18:31:10 jammy-provider-cloud-0000007228 devstack@g-api.service[103220]: DEBUG glance.common.config [None req-a11ece7d-c66c-40dc-9b4c-5dfb7f43cb6a None None] log_date_format                = %Y-%m-%d %H:%M:%S {{(pid=103220) log_opt_values /opt/stack/data/venv/lib/python3.10/site-packages/oslo_config/cfg.py:2613}}
Jun 14 18:31:10 jammy-provider-cloud-0000007228 devstack@g-api.service[103220]: DEBUG glance.common.config [None req-a11ece7d-c66c-40dc-9b4c-5dfb7f43cb6a None None] log_dir                        = None {{(pid=103220) log_opt_values /opt/stack/data/venv/lib/python3.10/site-packages/oslo_config/cfg.py:2613}}
Jun 14 18:31:10 jammy-provider-cloud-0000007228 devstack@g-api.service[103220]: DEBUG glance.common.config [None req-a11ece7d-c66c-40dc-9b4c-5dfb7f43cb6a None None] log_file                       = None {{(pid=103220) log_opt_values /opt/stack/data/venv/lib/python3.10/site-packages/oslo_config/cfg.py:2613}}
Jun 14 18:31:10 jammy-provider-cloud-0000007228 devstack@g-api.service[103220]: DEBUG glance.common.config [None req-a11ece7d-c66c-40dc-9b4c-5dfb7f43cb6a None None] log_rotate_interval            = 1 {{(pid=103220) log_opt_values /opt/stack/data/venv/lib/python3.10/site-packages/oslo_config/cfg.py:2613}}
Jun 14 18:31:10 jammy-provider-cloud-0000007228 devstack@g-api.service[103220]: DEBUG glance.common.config [None req-a11ece7d-c66c-40dc-9b4c-5dfb7f43cb6a None None] log_rotate_interval_type       = days {{(pid=103220) log_opt_values /opt/stack/data/venv/lib/python3.10/site-packages/oslo_config/cfg.py:2613}}
Jun 14 18:31:10 jammy-provider-cloud-0000007228 devstack@g-api.service[103220]: DEBUG glance.common.config [None req-a11ece7d-c66c-40dc-9b4c-5dfb7f43cb6a None None] log_rotation_type              = none {{(pid=103220) log_opt_values /opt/stack/data/venv/lib/python3.10/site-packages/oslo_config/cfg.py:2613}}
Jun 14 18:31:10 jammy-provider-cloud-0000007228 devstack@g-api.service[103220]: DEBUG glance.common.config [None req-a11ece7d-c66c-40dc-9b4c-5dfb7f43cb6a None None] logging_context_format_string  = %(color)s%(levelname)s %(name)s [%(global_request_id)s %(request_id)s %(project_name)s %(user_name)s%(color)s] %(instance)s%(color)s%(message)s {{(pid=103220) log_opt_values /opt/stack/data/venv/lib/python3.10/site-packages/oslo_config/cfg.py:2613}}
Jun 14 18:31:10 jammy-provider-cloud-0000007228 devstack@g-api.service[103220]: DEBUG glance.common.config [None req-a11ece7d-c66c-40dc-9b4c-5dfb7f43cb6a None None] logging_debug_format_suffix    = {{(pid=%(process)d) %(funcName)s %(pathname)s:%(lineno)d}} {{(pid=103220) log_opt_values /opt/stack/data/venv/lib/python3.10/site-packages/oslo_config/cfg.py:2613}}
Jun 14 18:31:10 jammy-provider-cloud-0000007228 devstack@g-api.service[103220]: DEBUG glance.common.config [None req-a11ece7d-c66c-40dc-9b4c-5dfb7f43cb6a None None] logging_default_format_string  = %(color)s%(levelname)s %(name)s [-%(color)s] %(instance)s%(color)s%(message)s {{(pid=103220) log_opt_values /opt/stack/data/venv/lib/python3.10/site-packages/oslo_config/cfg.py:2613}}
Jun 14 18:31:10 jammy-provider-cloud-0000007228 devstack@g-api.service[103220]: DEBUG glance.common.config [None req-a11ece7d-c66c-40dc-9b4c-5dfb7f43cb6a None None] logging_exception_prefix       = ERROR %(name)s %(instance)s {{(pid=103220) log_opt_values /opt/stack/data/venv/lib/python3.10/site-packages/oslo_config/cfg.py:2613}}
Jun 14 18:31:10 jammy-provider-cloud-0000007228 devstack@g-api.service[103220]: DEBUG glance.common.config [None req-a11ece7d-c66c-40dc-9b4c-5dfb7f43cb6a None None] logging_user_identity_format   = %(user)s %(project)s %(domain)s %(system_scope)s %(user_domain)s %(project_domain)s {{(pid=103220) log_opt_values /opt/stack/data/venv/lib/python3.10/site-packages/oslo_config/cfg.py:2613}}
Jun 14 18:31:10 jammy-provider-cloud-0000007228 devstack@g-api.service[103220]: DEBUG glance.common.config [None req-a11ece7d-c66c-40dc-9b4c-5dfb7f43cb6a None None] max_header_line                = 16384 {{(pid=103220) log_opt_values /opt/stack/data/venv/lib/python3.10/site-packages/oslo_config/cfg.py:2613}}
Jun 14 18:31:10 jammy-provider-cloud-0000007228 devstack@g-api.service[103220]: DEBUG glance.common.config [None req-a11ece7d-c66c-40dc-9b4c-5dfb7f43cb6a None None] max_logfile_count              = 30 {{(pid=103220) log_opt_values /opt/stack/data/venv/lib/python3.10/site-packages/oslo_config/cfg.py:2613}}
Jun 14 18:31:10 jammy-provider-cloud-0000007228 devstack@g-api.service[103220]: DEBUG glance.common.config [None req-a11ece7d-c66c-40dc-9b4c-5dfb7f43cb6a None None] max_logfile_size_mb            = 200 {{(pid=103220) log_opt_values /opt/stack/data/venv/lib/python3.10/site-packages/oslo_config/cfg.py:2613}}
Jun 14 18:31:10 jammy-provider-cloud-0000007228 devstack@g-api.service[103220]: DEBUG glance.common.config [None req-a11ece7d-c66c-40dc-9b4c-5dfb7f43cb6a None None] max_request_id_length          = 64 {{(pid=103220) log_opt_values /opt/stack/data/venv/lib/python3.10/site-packages/oslo_config/cfg.py:2613}}
