Sep 12 12:40:52 jammy-provider-cloud-0000007618 devstack@keystone.service[61469]: ERROR keystone.server.flask.application     rv = self.dispatch_request()
Sep 12 12:40:52 jammy-provider-cloud-0000007618 devstack@keystone.service[61469]: ERROR keystone.server.flask.application   File "/opt/stack/data/venv/lib/python3.10/site-packages/flask/app.py", line 865, in dispatch_request
Sep 12 12:40:52 jammy-provider-cloud-0000007618 devstack@keystone.service[61469]: ERROR keystone.server.flask.application     return self.ensure_sync(self.view_functions[rule.endpoint])(**view_args)  # type: ignore[no-any-return]
Sep 12 12:40:52 jammy-provider-cloud-0000007618 devstack@keystone.service[61469]: ERROR keystone.server.flask.application   File "/opt/stack/data/venv/lib/python3.10/site-packages/flask_restful/__init__.py", line 489, in wrapper
Sep 12 12:40:52 jammy-provider-cloud-0000007618 devstack@keystone.service[61469]: ERROR keystone.server.flask.application     resp = resource(*args, **kwargs)
Sep 12 12:40:52 jammy-provider-cloud-0000007618 devstack@keystone.service[61469]: ERROR keystone.server.flask.application   File "/opt/stack/data/venv/lib/python3.10/site-packages/flask/views.py", line 110, in view
Sep 12 12:40:52 jammy-provider-cloud-0000007618 devstack@keystone.service[61469]: ERROR keystone.server.flask.application     return current_app.ensure_sync(self.dispatch_request)(**kwargs)  # type: ignore[no-any-return]
Sep 12 12:40:52 jammy-provider-cloud-0000007618 devstack@keystone.service[61469]: ERROR keystone.server.flask.application   File "/opt/stack/data/venv/lib/python3.10/site-packages/flask_restful/__init__.py", line 604, in dispatch_request
Sep 12 12:40:52 jammy-provider-cloud-0000007618 devstack@keystone.service[61469]: ERROR keystone.server.flask.application     resp = meth(*args, **kwargs)
Sep 12 12:40:52 jammy-provider-cloud-0000007618 devstack@keystone.service[61469]: ERROR keystone.server.flask.application   File "/opt/stack/keystone/keystone/api/domains.py", line 141, in post
Sep 12 12:40:52 jammy-provider-cloud-0000007618 devstack@keystone.service[61469]: ERROR keystone.server.flask.application     ref = PROVIDERS.resource_api.create_domain(
Sep 12 12:40:52 jammy-provider-cloud-0000007618 devstack@keystone.service[61469]: ERROR keystone.server.flask.application   File "/opt/stack/keystone/keystone/common/manager.py", line 110, in wrapped
Sep 12 12:40:52 jammy-provider-cloud-0000007618 devstack@keystone.service[61469]: ERROR keystone.server.flask.application     __ret_val = __f(*args, **kwargs)
Sep 12 12:40:52 jammy-provider-cloud-0000007618 devstack@keystone.service[61469]: ERROR keystone.server.flask.application   File "/opt/stack/keystone/keystone/resource/core.py", line 867, in create_domain
Sep 12 12:40:52 jammy-provider-cloud-0000007618 devstack@keystone.service[61469]: ERROR keystone.server.flask.application     is_domain_project = self.create_project(
Sep 12 12:40:52 jammy-provider-cloud-0000007618 devstack@keystone.service[61469]: ERROR keystone.server.flask.application   File "/opt/stack/keystone/keystone/common/manager.py", line 110, in wrapped
Sep 12 12:40:52 jammy-provider-cloud-0000007618 devstack@keystone.service[61469]: ERROR keystone.server.flask.application     __ret_val = __f(*args, **kwargs)
Sep 12 12:40:52 jammy-provider-cloud-0000007618 devstack@keystone.service[61469]: ERROR keystone.server.flask.application   File "/opt/stack/keystone/keystone/resource/core.py", line 252, in create_project
Sep 12 12:40:52 jammy-provider-cloud-0000007618 devstack@keystone.service[61469]: ERROR keystone.server.flask.application     raise exception.Conflict(
Sep 12 12:40:52 jammy-provider-cloud-0000007618 devstack@keystone.service[61469]: ERROR keystone.server.flask.application keystone.exception.Conflict: Conflict occurred attempting to store project - it is not permitted to have two projects acting as domains with the same name: Default.
Sep 12 12:40:52 jammy-provider-cloud-0000007618 devstack@keystone.service[61469]: ERROR keystone.server.flask.application 
Sep 12 12:40:52 jammy-provider-cloud-0000007618 devstack@keystone.service[61469]: [pid: 61469|app: 0|req: 8/16] 10.201.5.87 () {60 vars in 1137 bytes} [Thu Sep 12 12:40:52 2024] POST /identity/v3/domains => generated 190 bytes in 93 msecs (HTTP/1.1 409) 5 headers in 183 bytes (1 switches on core 0)
Sep 12 12:40:52 jammy-provider-cloud-0000007618 devstack@keystone.service[61469]: DEBUG keystone.server.flask.request_processing.middleware.auth_context [None req-56c685ee-b46b-4e48-8b91-03c3cace8ce3 None admin] Authenticating user token {{(pid=61469) process_request /opt/stack/data/venv/lib/python3.10/site-packages/keystonemiddleware/auth_token/__init__.py:406}}
Sep 12 12:40:52 jammy-provider-cloud-0000007618 devstack@keystone.service[61468]: DEBUG keystone.server.flask.request_processing.middleware.auth_context [None req-7547c6e5-768b-49d5-a5b1-24adb3aa9f5b None admin] RBAC: auth_context: {'token': <TokenModel (audit_id=o-RrhU5ERQKucjJg45vwfA, audit_chain_id=['o-RrhU5ERQKucjJg45vwfA']) at 0x7f38eb3aab30>, 'domain_id': None, 'trust_id': None, 'trustor_id': None, 'trustee_id': None, 'domain_name': None, 'group_ids': [], 'user_id': '944edf91fb364608960372e7d518c0ed', 'user_domain_id': 'default', 'system_scope': 'all', 'project_id': None, 'project_domain_id': None, 'roles': ['admin', 'manager', 'member', 'reader'], 'is_admin_project': True, 'service_user_id': None, 'service_user_domain_id': None, 'service_project_id': None, 'service_project_domain_id': None, 'service_roles': []} {{(pid=61468) fill_context /opt/stack/keystone/keystone/server/flask/request_processing/middleware/auth_context.py:511}}
Sep 12 12:40:52 jammy-provider-cloud-0000007618 devstack@keystone.service[61468]: DEBUG keystone.server.flask.request_processing.req_logging [None req-7547c6e5-768b-49d5-a5b1-24adb3aa9f5b None admin] REQUEST_METHOD: `GET` {{(pid=61468) log_request_info /opt/stack/keystone/keystone/server/flask/request_processing/req_logging.py:26}}
Sep 12 12:40:52 jammy-provider-cloud-0000007618 devstack@keystone.service[61468]: DEBUG keystone.server.flask.request_processing.req_logging [None req-7547c6e5-768b-49d5-a5b1-24adb3aa9f5b None admin] SCRIPT_NAME: `/identity` {{(pid=61468) log_request_info /opt/stack/keystone/keystone/server/flask/request_processing/req_logging.py:27}}
Sep 12 12:40:52 jammy-provider-cloud-0000007618 devstack@keystone.service[61468]: DEBUG keystone.server.flask.request_processing.req_logging [None req-7547c6e5-768b-49d5-a5b1-24adb3aa9f5b None admin] PATH_INFO: `/v3/users/944edf91fb364608960372e7d518c0ed` {{(pid=61468) log_request_info /opt/stack/keystone/keystone/server/flask/request_processing/req_logging.py:28}}
Sep 12 12:40:52 jammy-provider-cloud-0000007618 devstack@keystone.service[61468]: DEBUG keystone.common.rbac_enforcer.enforcer [None req-7547c6e5-768b-49d5-a5b1-24adb3aa9f5b None admin] RBAC: Authorizing `identity:get_user(user_id=944edf91fb364608960372e7d518c0ed)` {{(pid=61468) enforce_call /opt/stack/keystone/keystone/common/rbac_enforcer/enforcer.py:503}}
Sep 12 12:40:52 jammy-provider-cloud-0000007618 devstack@keystone.service[61468]: DEBUG keystone.common.rbac_enforcer.enforcer [None req-7547c6e5-768b-49d5-a5b1-24adb3aa9f5b None admin] RBAC: Authorization granted {{(pid=61468) enforce_call /opt/stack/keystone/keystone/common/rbac_enforcer/enforcer.py:514}}
Sep 12 12:40:52 jammy-provider-cloud-0000007618 devstack@keystone.service[61468]: [pid: 61468|app: 0|req: 9/17] 10.201.5.87 () {56 vars in 1177 bytes} [Thu Sep 12 12:40:52 2024] GET /identity/v3/users/944edf91fb364608960372e7d518c0ed => generated 247 bytes in 73 msecs (HTTP/1.1 200) 5 headers in 177 bytes (2 switches on core 0)
Sep 12 12:40:52 jammy-provider-cloud-0000007618 devstack@keystone.service[61468]: DEBUG keystone.server.flask.request_processing.middleware.auth_context [None req-7547c6e5-768b-49d5-a5b1-24adb3aa9f5b None admin] Authenticating user token {{(pid=61468) process_request /opt/stack/data/venv/lib/python3.10/site-packages/keystonemiddleware/auth_token/__init__.py:406}}
Sep 12 12:40:52 jammy-provider-cloud-0000007618 devstack@keystone.service[61469]: DEBUG keystone.server.flask.request_processing.middleware.auth_context [None req-56c685ee-b46b-4e48-8b91-03c3cace8ce3 None admin] Validating token access rules against request {{(pid=61469) validate_allowed_request /opt/stack/data/venv/lib/python3.10/site-packages/keystonemiddleware/auth_token/__init__.py:544}}
Sep 12 12:40:52 jammy-provider-cloud-0000007618 devstack@keystone.service[61469]: DEBUG keystone.server.flask.request_processing.middleware.auth_context [None req-ee49c1a1-a713-4ebb-97d2-567c4259c166 None admin] RBAC: auth_context: {'token': <TokenModel (audit_id=SfWyC3KZRCKa87sAyrF20Q, audit_chain_id=['SfWyC3KZRCKa87sAyrF20Q']) at 0x7f38ea6c0b80>, 'domain_id': None, 'trust_id': None, 'trustor_id': None, 'trustee_id': None, 'domain_name': None, 'group_ids': [], 'user_id': '944edf91fb364608960372e7d518c0ed', 'user_domain_id': 'default', 'system_scope': 'all', 'project_id': None, 'project_domain_id': None, 'roles': ['admin', 'manager', 'member', 'reader'], 'is_admin_project': True, 'service_user_id': None, 'service_user_domain_id': None, 'service_project_id': None, 'service_project_domain_id': None, 'service_roles': []} {{(pid=61469) fill_context /opt/stack/keystone/keystone/server/flask/request_processing/middleware/auth_context.py:511}}
Sep 12 12:40:52 jammy-provider-cloud-0000007618 devstack@keystone.service[61469]: DEBUG keystone.server.flask.request_processing.req_logging [None req-ee49c1a1-a713-4ebb-97d2-567c4259c166 None admin] REQUEST_METHOD: `GET` {{(pid=61469) log_request_info /opt/stack/keystone/keystone/server/flask/request_processing/req_logging.py:26}}
Sep 12 12:40:52 jammy-provider-cloud-0000007618 devstack@keystone.service[61469]: DEBUG keystone.server.flask.request_processing.req_logging [None req-ee49c1a1-a713-4ebb-97d2-567c4259c166 None admin] SCRIPT_NAME: `/identity` {{(pid=61469) log_request_info /opt/stack/keystone/keystone/server/flask/request_processing/req_logging.py:27}}
Sep 12 12:40:52 jammy-provider-cloud-0000007618 devstack@keystone.service[61469]: DEBUG keystone.server.flask.request_processing.req_logging [None req-ee49c1a1-a713-4ebb-97d2-567c4259c166 None admin] PATH_INFO: `/v3/domains/Default` {{(pid=61469) log_request_info /opt/stack/keystone/keystone/server/flask/request_processing/req_logging.py:28}}
Sep 12 12:40:52 jammy-provider-cloud-0000007618 devstack@keystone.service[61468]: DEBUG keystone.server.flask.request_processing.middleware.auth_context [None req-7547c6e5-768b-49d5-a5b1-24adb3aa9f5b None admin] Validating token access rules against request {{(pid=61468) validate_allowed_request /opt/stack/data/venv/lib/python3.10/site-packages/keystonemiddleware/auth_token/__init__.py:544}}
Sep 12 12:40:52 jammy-provider-cloud-0000007618 devstack@keystone.service[61469]: DEBUG keystone.common.rbac_enforcer.enforcer [None req-ee49c1a1-a713-4ebb-97d2-567c4259c166 None admin] RBAC: Authorizing `identity:get_domain(domain_id=Default)` {{(pid=61469) enforce_call /opt/stack/keystone/keystone/common/rbac_enforcer/enforcer.py:503}}
Sep 12 12:40:52 jammy-provider-cloud-0000007618 devstack@keystone.service[61469]: DEBUG keystone.common.rbac_enforcer.enforcer [None req-ee49c1a1-a713-4ebb-97d2-567c4259c166 None admin] RBAC: Authorization granted {{(pid=61469) enforce_call /opt/stack/keystone/keystone/common/rbac_enforcer/enforcer.py:514}}
Sep 12 12:40:52 jammy-provider-cloud-0000007618 devstack@keystone.service[61469]: DEBUG keystone.server.flask.application [None req-ee49c1a1-a713-4ebb-97d2-567c4259c166 None admin] Could not find domain: Default. {{(pid=61469) _handle_keystone_exception /opt/stack/keystone/keystone/server/flask/application.py:96}}
Sep 12 12:40:52 jammy-provider-cloud-0000007618 devstack@keystone.service[61469]: [pid: 61469|app: 0|req: 9/18] 10.201.5.87 () {56 vars in 1108 bytes} [Thu Sep 12 12:40:52 2024] GET /identity/v3/domains/Default => generated 87 bytes in 69 msecs (HTTP/1.1 404) 5 headers in 183 bytes (2 switches on core 0)
Sep 12 12:40:52 jammy-provider-cloud-0000007618 devstack@keystone.service[61469]: DEBUG keystone.server.flask.request_processing.middleware.auth_context [None req-ee49c1a1-a713-4ebb-97d2-567c4259c166 None admin] Authenticating user token {{(pid=61469) process_request /opt/stack/data/venv/lib/python3.10/site-packages/keystonemiddleware/auth_token/__init__.py:406}}
Sep 12 12:40:52 jammy-provider-cloud-0000007618 devstack@keystone.service[61468]: DEBUG keystone.server.flask.request_processing.middleware.auth_context [None req-d5a61cc0-68cf-4aa7-9306-912008b4f241 None admin] RBAC: auth_context: {'token': <TokenModel (audit_id=o-RrhU5ERQKucjJg45vwfA, audit_chain_id=['o-RrhU5ERQKucjJg45vwfA']) at 0x7f38eb3aaec0>, 'domain_id': None, 'trust_id': None, 'trustor_id': None, 'trustee_id': None, 'domain_name': None, 'group_ids': [], 'user_id': '944edf91fb364608960372e7d518c0ed', 'user_domain_id': 'default', 'system_scope': 'all', 'project_id': None, 'project_domain_id': None, 'roles': ['admin', 'manager', 'member', 'reader'], 'is_admin_project': True, 'service_user_id': None, 'service_user_domain_id': None, 'service_project_id': None, 'service_project_domain_id': None, 'service_roles': []} {{(pid=61468) fill_context /opt/stack/keystone/keystone/server/flask/request_processing/middleware/auth_context.py:511}}
Sep 12 12:40:52 jammy-provider-cloud-0000007618 devstack@keystone.service[61468]: DEBUG keystone.server.flask.request_processing.req_logging [None req-d5a61cc0-68cf-4aa7-9306-912008b4f241 None admin] REQUEST_METHOD: `GET` {{(pid=61468) log_request_info /opt/stack/keystone/keystone/server/flask/request_processing/req_logging.py:26}}
Sep 12 12:40:52 jammy-provider-cloud-0000007618 devstack@keystone.service[61468]: DEBUG keystone.server.flask.request_processing.req_logging [None req-d5a61cc0-68cf-4aa7-9306-912008b4f241 None admin] SCRIPT_NAME: `/identity` {{(pid=61468) log_request_info /opt/stack/keystone/keystone/server/flask/request_processing/req_logging.py:27}}
Sep 12 12:40:52 jammy-provider-cloud-0000007618 devstack@keystone.service[61468]: DEBUG keystone.server.flask.request_processing.req_logging [None req-d5a61cc0-68cf-4aa7-9306-912008b4f241 None admin] PATH_INFO: `/v3/domains/default` {{(pid=61468) log_request_info /opt/stack/keystone/keystone/server/flask/request_processing/req_logging.py:28}}
Sep 12 12:40:52 jammy-provider-cloud-0000007618 devstack@keystone.service[61468]: DEBUG keystone.common.rbac_enforcer.enforcer [None req-d5a61cc0-68cf-4aa7-9306-912008b4f241 None admin] RBAC: Authorizing `identity:get_domain(domain_id=default)` {{(pid=61468) enforce_call /opt/stack/keystone/keystone/common/rbac_enforcer/enforcer.py:503}}
Sep 12 12:40:52 jammy-provider-cloud-0000007618 devstack@keystone.service[61468]: DEBUG keystone.common.rbac_enforcer.enforcer [None req-d5a61cc0-68cf-4aa7-9306-912008b4f241 None admin] RBAC: Authorization granted {{(pid=61468) enforce_call /opt/stack/keystone/keystone/common/rbac_enforcer/enforcer.py:514}}
Sep 12 12:40:52 jammy-provider-cloud-0000007618 devstack@keystone.service[61468]: [pid: 61468|app: 0|req: 10/19] 10.201.5.87 () {56 vars in 1108 bytes} [Thu Sep 12 12:40:52 2024] GET /identity/v3/domains/default => generated 199 bytes in 53 msecs (HTTP/1.1 200) 5 headers in 177 bytes (1 switches on core 0)
Sep 12 12:40:52 jammy-provider-cloud-0000007618 devstack@keystone.service[61468]: DEBUG keystone.server.flask.request_processing.middleware.auth_context [None req-d5a61cc0-68cf-4aa7-9306-912008b4f241 None admin] Authenticating user token {{(pid=61468) process_request /opt/stack/data/venv/lib/python3.10/site-packages/keystonemiddleware/auth_token/__init__.py:406}}
Sep 12 12:40:52 jammy-provider-cloud-0000007618 devstack@keystone.service[61469]: DEBUG keystone.server.flask.request_processing.middleware.auth_context [None req-ee49c1a1-a713-4ebb-97d2-567c4259c166 None admin] Validating token access rules against request {{(pid=61469) validate_allowed_request /opt/stack/data/venv/lib/python3.10/site-packages/keystonemiddleware/auth_token/__init__.py:544}}
Sep 12 12:40:52 jammy-provider-cloud-0000007618 devstack@keystone.service[61468]: DEBUG keystone.server.flask.request_processing.middleware.auth_context [None req-d5a61cc0-68cf-4aa7-9306-912008b4f241 None admin] Validating token access rules against request {{(pid=61468) validate_allowed_request /opt/stack/data/venv/lib/python3.10/site-packages/keystonemiddleware/auth_token/__init__.py:544}}
Sep 12 12:40:52 jammy-provider-cloud-0000007618 devstack@keystone.service[61469]: DEBUG keystone.server.flask.request_processing.middleware.auth_context [None req-49fd722c-1689-49e4-96aa-e21c1e17f748 None admin] RBAC: auth_context: {'token': <TokenModel (audit_id=SfWyC3KZRCKa87sAyrF20Q, audit_chain_id=['SfWyC3KZRCKa87sAyrF20Q']) at 0x7f38ea6fcbe0>, 'domain_id': None, 'trust_id': None, 'trustor_id': None, 'trustee_id': None, 'domain_name': None, 'group_ids': [], 'user_id': '944edf91fb364608960372e7d518c0ed', 'user_domain_id': 'default', 'system_scope': 'all', 'project_id': None, 'project_domain_id': None, 'roles': ['admin', 'manager', 'member', 'reader'], 'is_admin_project': True, 'service_user_id': None, 'service_user_domain_id': None, 'service_project_id': None, 'service_project_domain_id': None, 'service_roles': []} {{(pid=61469) fill_context /opt/stack/keystone/keystone/server/flask/request_processing/middleware/auth_context.py:511}}
Sep 12 12:40:52 jammy-provider-cloud-0000007618 devstack@keystone.service[61469]: DEBUG keystone.server.flask.request_processing.req_logging [None req-49fd722c-1689-49e4-96aa-e21c1e17f748 None admin] REQUEST_METHOD: `GET` {{(pid=61469) log_request_info /opt/stack/keystone/keystone/server/flask/request_processing/req_logging.py:26}}
Sep 12 12:40:52 jammy-provider-cloud-0000007618 devstack@keystone.service[61469]: DEBUG keystone.server.flask.request_processing.req_logging [None req-49fd722c-1689-49e4-96aa-e21c1e17f748 None admin] SCRIPT_NAME: `/identity` {{(pid=61469) log_request_info /opt/stack/keystone/keystone/server/flask/request_processing/req_logging.py:27}}
Sep 12 12:40:52 jammy-provider-cloud-0000007618 devstack@keystone.service[61469]: DEBUG keystone.server.flask.request_processing.req_logging [None req-49fd722c-1689-49e4-96aa-e21c1e17f748 None admin] PATH_INFO: `/v3/domains` {{(pid=61469) log_request_info /opt/stack/keystone/keystone/server/flask/request_processing/req_logging.py:28}}
Sep 12 12:40:52 jammy-provider-cloud-0000007618 devstack@keystone.service[61469]: DEBUG keystone.common.rbac_enforcer.enforcer [None req-49fd722c-1689-49e4-96aa-e21c1e17f748 None admin] RBAC: Adding query filter params (name=Default) {{(pid=61469) _extract_filter_values /opt/stack/keystone/keystone/common/rbac_enforcer/enforcer.py:184}}
Sep 12 12:40:52 jammy-provider-cloud-0000007618 devstack@keystone.service[61469]: DEBUG keystone.common.rbac_enforcer.enforcer [None req-49fd722c-1689-49e4-96aa-e21c1e17f748 None admin] RBAC: Authorizing `identity:list_domains()` {{(pid=61469) enforce_call /opt/stack/keystone/keystone/common/rbac_enforcer/enforcer.py:503}}
Sep 12 12:40:52 jammy-provider-cloud-0000007618 devstack@keystone.service[61469]: DEBUG keystone.common.rbac_enforcer.enforcer [None req-49fd722c-1689-49e4-96aa-e21c1e17f748 None admin] RBAC: Authorization granted {{(pid=61469) enforce_call /opt/stack/keystone/keystone/common/rbac_enforcer/enforcer.py:514}}
Sep 12 12:40:52 jammy-provider-cloud-0000007618 devstack@keystone.service[61468]: DEBUG keystone.server.flask.request_processing.middleware.auth_context [None req-b122b4ab-3154-4987-9f3b-7465f5329e6a None admin] RBAC: auth_context: {'token': <TokenModel (audit_id=o-RrhU5ERQKucjJg45vwfA, audit_chain_id=['o-RrhU5ERQKucjJg45vwfA']) at 0x7f38eb3aafb0>, 'domain_id': None, 'trust_id': None, 'trustor_id': None, 'trustee_id': None, 'domain_name': None, 'group_ids': [], 'user_id': '944edf91fb364608960372e7d518c0ed', 'user_domain_id': 'default', 'system_scope': 'all', 'project_id': None, 'project_domain_id': None, 'roles': ['admin', 'manager', 'member', 'reader'], 'is_admin_project': True, 'service_user_id': None, 'service_user_domain_id': None, 'service_project_id': None, 'service_project_domain_id': None, 'service_roles': []} {{(pid=61468) fill_context /opt/stack/keystone/keystone/server/flask/request_processing/middleware/auth_context.py:511}}
Sep 12 12:40:52 jammy-provider-cloud-0000007618 devstack@keystone.service[61468]: DEBUG keystone.server.flask.request_processing.req_logging [None req-b122b4ab-3154-4987-9f3b-7465f5329e6a None admin] REQUEST_METHOD: `PUT` {{(pid=61468) log_request_info /opt/stack/keystone/keystone/server/flask/request_processing/req_logging.py:26}}
Sep 12 12:40:52 jammy-provider-cloud-0000007618 devstack@keystone.service[61468]: DEBUG keystone.server.flask.request_processing.req_logging [None req-b122b4ab-3154-4987-9f3b-7465f5329e6a None admin] SCRIPT_NAME: `/identity` {{(pid=61468) log_request_info /opt/stack/keystone/keystone/server/flask/request_processing/req_logging.py:27}}
Sep 12 12:40:52 jammy-provider-cloud-0000007618 devstack@keystone.service[61468]: DEBUG keystone.server.flask.request_processing.req_logging [None req-b122b4ab-3154-4987-9f3b-7465f5329e6a None admin] PATH_INFO: `/v3/domains/default/users/944edf91fb364608960372e7d518c0ed/roles/e8f1daa5b2264086a675a8be0cf1b29e` {{(pid=61468) log_request_info /opt/stack/keystone/keystone/server/flask/request_processing/req_logging.py:28}}
Sep 12 12:40:52 jammy-provider-cloud-0000007618 devstack@keystone.service[61468]: DEBUG keystone.common.rbac_enforcer.enforcer [None req-b122b4ab-3154-4987-9f3b-7465f5329e6a None admin] RBAC: Authorizing `identity:create_grant(domain_id=default, user_id=944edf91fb364608960372e7d518c0ed, role_id=e8f1daa5b2264086a675a8be0cf1b29e)` {{(pid=61468) enforce_call /opt/stack/keystone/keystone/common/rbac_enforcer/enforcer.py:503}}
Sep 12 12:40:52 jammy-provider-cloud-0000007618 devstack@keystone.service[61468]: DEBUG keystone.common.rbac_enforcer.enforcer [None req-b122b4ab-3154-4987-9f3b-7465f5329e6a None admin] RBAC: Authorization granted {{(pid=61468) enforce_call /opt/stack/keystone/keystone/common/rbac_enforcer/enforcer.py:514}}
Sep 12 12:40:52 jammy-provider-cloud-0000007618 devstack@keystone.service[61469]: [pid: 61469|app: 0|req: 10/20] 10.201.5.87 () {56 vars in 1109 bytes} [Thu Sep 12 12:40:52 2024] GET /identity/v3/domains?name=Default => generated 308 bytes in 67 msecs (HTTP/1.1 200) 5 headers in 177 bytes (2 switches on core 0)
Sep 12 12:40:52 jammy-provider-cloud-0000007618 devstack@keystone.service[61468]: [pid: 61468|app: 0|req: 11/21] 10.201.5.87 () {58 vars in 1361 bytes} [Thu Sep 12 12:40:52 2024] PUT /identity/v3/domains/default/users/944edf91fb364608960372e7d518c0ed/roles/e8f1daa5b2264086a675a8be0cf1b29e => generated 0 bytes in 118 msecs (HTTP/1.1 204) 3 headers in 132 bytes (1 switches on core 0)
Sep 12 12:40:53 jammy-provider-cloud-0000007618 devstack@keystone.service[61469]: DEBUG keystone.server.flask.request_processing.req_logging [None req-207b718a-589b-4998-a9de-bd927ff5b8e2 None None] REQUEST_METHOD: `GET` {{(pid=61469) log_request_info /opt/stack/keystone/keystone/server/flask/request_processing/req_logging.py:26}}
Sep 12 12:40:53 jammy-provider-cloud-0000007618 devstack@keystone.service[61469]: DEBUG keystone.server.flask.request_processing.req_logging [None req-207b718a-589b-4998-a9de-bd927ff5b8e2 None None] SCRIPT_NAME: `/identity` {{(pid=61469) log_request_info /opt/stack/keystone/keystone/server/flask/request_processing/req_logging.py:27}}
Sep 12 12:40:53 jammy-provider-cloud-0000007618 devstack@keystone.service[61469]: DEBUG keystone.server.flask.request_processing.req_logging [None req-207b718a-589b-4998-a9de-bd927ff5b8e2 None None] PATH_INFO: `/` {{(pid=61469) log_request_info /opt/stack/keystone/keystone/server/flask/request_processing/req_logging.py:28}}
Sep 12 12:40:53 jammy-provider-cloud-0000007618 devstack@keystone.service[61469]: [pid: 61469|app: 0|req: 11/22] 10.201.5.87 () {54 vars in 926 bytes} [Thu Sep 12 12:40:53 2024] GET /identity => generated 270 bytes in 1 msecs (HTTP/1.1 300) 6 headers in 234 bytes (1 switches on core 0)
Sep 12 12:40:53 jammy-provider-cloud-0000007618 devstack@keystone.service[61468]: DEBUG keystone.server.flask.request_processing.req_logging [None req-07266565-067e-4c42-ada6-513dde8dda52 None None] REQUEST_METHOD: `POST` {{(pid=61468) log_request_info /opt/stack/keystone/keystone/server/flask/request_processing/req_logging.py:26}}
Sep 12 12:40:53 jammy-provider-cloud-0000007618 devstack@keystone.service[61468]: DEBUG keystone.server.flask.request_processing.req_logging [None req-07266565-067e-4c42-ada6-513dde8dda52 None None] SCRIPT_NAME: `/identity` {{(pid=61468) log_request_info /opt/stack/keystone/keystone/server/flask/request_processing/req_logging.py:27}}
Sep 12 12:40:53 jammy-provider-cloud-0000007618 devstack@keystone.service[61468]: DEBUG keystone.server.flask.request_processing.req_logging [None req-07266565-067e-4c42-ada6-513dde8dda52 None None] PATH_INFO: `/v3/auth/tokens` {{(pid=61468) log_request_info /opt/stack/keystone/keystone/server/flask/request_processing/req_logging.py:28}}
Sep 12 12:40:53 jammy-provider-cloud-0000007618 devstack@keystone.service[61468]: WARNING keystone.common.password_hashing [None req-07266565-067e-4c42-ada6-513dde8dda52 None None] Truncating password to algorithm specific maximum length 72 characters.
Sep 12 12:40:53 jammy-provider-cloud-0000007618 devstack@keystone.service[61468]: DEBUG keystone.auth.core [None req-07266565-067e-4c42-ada6-513dde8dda52 None None] MFA Rules not processed for user `944edf91fb364608960372e7d518c0ed`. Rule list: `[]` (Enabled: `True`). {{(pid=61468) check_auth_methods_against_rules /opt/stack/keystone/keystone/auth/core.py:476}}
Sep 12 12:40:53 jammy-provider-cloud-0000007618 devstack@keystone.service[61468]: DEBUG keystone.common.fernet_utils [None req-07266565-067e-4c42-ada6-513dde8dda52 None None] Loaded 2 Fernet keys from /etc/keystone/fernet-keys/, but `[fernet_tokens] max_active_keys = 3`; perhaps there have not been enough key rotations to reach `max_active_keys` yet? {{(pid=61468) load_keys /opt/stack/keystone/keystone/common/fernet_utils.py:298}}
Sep 12 12:40:53 jammy-provider-cloud-0000007618 devstack@keystone.service[61468]: [pid: 61468|app: 0|req: 12/23] 10.201.5.87 () {58 vars in 1023 bytes} [Thu Sep 12 12:40:53 2024] POST /identity/v3/auth/tokens => generated 862 bytes in 61 msecs (HTTP/1.1 201) 6 headers in 363 bytes (1 switches on core 0)
Sep 12 12:40:53 jammy-provider-cloud-0000007618 devstack@keystone.service[61469]: DEBUG keystone.server.flask.request_processing.req_logging [None req-59faf6ba-3590-4032-948d-eb895d788393 None None] REQUEST_METHOD: `GET` {{(pid=61469) log_request_info /opt/stack/keystone/keystone/server/flask/request_processing/req_logging.py:26}}
Sep 12 12:40:53 jammy-provider-cloud-0000007618 devstack@keystone.service[61469]: DEBUG keystone.server.flask.request_processing.req_logging [None req-59faf6ba-3590-4032-948d-eb895d788393 None None] SCRIPT_NAME: `/identity` {{(pid=61469) log_request_info /opt/stack/keystone/keystone/server/flask/request_processing/req_logging.py:27}}
Sep 12 12:40:53 jammy-provider-cloud-0000007618 devstack@keystone.service[61469]: DEBUG keystone.server.flask.request_processing.req_logging [None req-59faf6ba-3590-4032-948d-eb895d788393 None None] PATH_INFO: `/` {{(pid=61469) log_request_info /opt/stack/keystone/keystone/server/flask/request_processing/req_logging.py:28}}
Sep 12 12:40:53 jammy-provider-cloud-0000007618 devstack@keystone.service[61469]: [pid: 61469|app: 0|req: 12/24] 10.201.5.87 () {54 vars in 926 bytes} [Thu Sep 12 12:40:53 2024] GET /identity => generated 270 bytes in 1 msecs (HTTP/1.1 300) 6 headers in 234 bytes (1 switches on core 0)
Sep 12 12:40:53 jammy-provider-cloud-0000007618 devstack@keystone.service[61468]: DEBUG keystone.server.flask.request_processing.req_logging [None req-bc56844e-5185-4a5c-873d-f094d9e592f6 None None] REQUEST_METHOD: `POST` {{(pid=61468) log_request_info /opt/stack/keystone/keystone/server/flask/request_processing/req_logging.py:26}}
Sep 12 12:40:53 jammy-provider-cloud-0000007618 devstack@keystone.service[61468]: DEBUG keystone.server.flask.request_processing.req_logging [None req-bc56844e-5185-4a5c-873d-f094d9e592f6 None None] SCRIPT_NAME: `/identity` {{(pid=61468) log_request_info /opt/stack/keystone/keystone/server/flask/request_processing/req_logging.py:27}}
Sep 12 12:40:53 jammy-provider-cloud-0000007618 devstack@keystone.service[61468]: DEBUG keystone.server.flask.request_processing.req_logging [None req-bc56844e-5185-4a5c-873d-f094d9e592f6 None None] PATH_INFO: `/v3/auth/tokens` {{(pid=61468) log_request_info /opt/stack/keystone/keystone/server/flask/request_processing/req_logging.py:28}}
Sep 12 12:40:53 jammy-provider-cloud-0000007618 devstack@keystone.service[61468]: WARNING keystone.common.password_hashing [None req-bc56844e-5185-4a5c-873d-f094d9e592f6 None None] Truncating password to algorithm specific maximum length 72 characters.
Sep 12 12:40:53 jammy-provider-cloud-0000007618 devstack@keystone.service[61468]: DEBUG keystone.auth.core [None req-bc56844e-5185-4a5c-873d-f094d9e592f6 None None] MFA Rules not processed for user `944edf91fb364608960372e7d518c0ed`. Rule list: `[]` (Enabled: `True`). {{(pid=61468) check_auth_methods_against_rules /opt/stack/keystone/keystone/auth/core.py:476}}
Sep 12 12:40:53 jammy-provider-cloud-0000007618 devstack@keystone.service[61468]: DEBUG keystone.common.fernet_utils [None req-bc56844e-5185-4a5c-873d-f094d9e592f6 None None] Loaded 2 Fernet keys from /etc/keystone/fernet-keys/, but `[fernet_tokens] max_active_keys = 3`; perhaps there have not been enough key rotations to reach `max_active_keys` yet? {{(pid=61468) load_keys /opt/stack/keystone/keystone/common/fernet_utils.py:298}}
Sep 12 12:40:53 jammy-provider-cloud-0000007618 devstack@keystone.service[61468]: [pid: 61468|app: 0|req: 13/25] 10.201.5.87 () {58 vars in 1023 bytes} [Thu Sep 12 12:40:53 2024] POST /identity/v3/auth/tokens => generated 862 bytes in 54 msecs (HTTP/1.1 201) 6 headers in 363 bytes (1 switches on core 0)
Sep 12 12:40:53 jammy-provider-cloud-0000007618 devstack@keystone.service[61469]: DEBUG keystone.server.flask.request_processing.middleware.auth_context [None req-59faf6ba-3590-4032-948d-eb895d788393 None None] Authenticating user token {{(pid=61469) process_request /opt/stack/data/venv/lib/python3.10/site-packages/keystonemiddleware/auth_token/__init__.py:406}}
Sep 12 12:40:53 jammy-provider-cloud-0000007618 devstack@keystone.service[61468]: DEBUG keystone.server.flask.request_processing.req_logging [None req-267d9e5c-b65c-445e-b34e-55ea89aee3d2 None None] REQUEST_METHOD: `GET` {{(pid=61468) log_request_info /opt/stack/keystone/keystone/server/flask/request_processing/req_logging.py:26}}
Sep 12 12:40:53 jammy-provider-cloud-0000007618 devstack@keystone.service[61468]: DEBUG keystone.server.flask.request_processing.req_logging [None req-267d9e5c-b65c-445e-b34e-55ea89aee3d2 None None] SCRIPT_NAME: `/identity` {{(pid=61468) log_request_info /opt/stack/keystone/keystone/server/flask/request_processing/req_logging.py:27}}
Sep 12 12:40:53 jammy-provider-cloud-0000007618 devstack@keystone.service[61468]: DEBUG keystone.server.flask.request_processing.req_logging [None req-267d9e5c-b65c-445e-b34e-55ea89aee3d2 None None] PATH_INFO: `/` {{(pid=61468) log_request_info /opt/stack/keystone/keystone/server/flask/request_processing/req_logging.py:28}}
Sep 12 12:40:53 jammy-provider-cloud-0000007618 devstack@keystone.service[61468]: [pid: 61468|app: 0|req: 14/26] 10.201.5.87 () {54 vars in 926 bytes} [Thu Sep 12 12:40:53 2024] GET /identity => generated 270 bytes in 2 msecs (HTTP/1.1 300) 6 headers in 234 bytes (1 switches on core 0)
Sep 12 12:40:53 jammy-provider-cloud-0000007618 devstack@keystone.service[61468]: DEBUG keystone.server.flask.request_processing.req_logging [None req-7bba4b29-0db6-4db3-a23f-a7c97a9d5fbf None None] REQUEST_METHOD: `POST` {{(pid=61468) log_request_info /opt/stack/keystone/keystone/server/flask/request_processing/req_logging.py:26}}
Sep 12 12:40:53 jammy-provider-cloud-0000007618 devstack@keystone.service[61468]: DEBUG keystone.server.flask.request_processing.req_logging [None req-7bba4b29-0db6-4db3-a23f-a7c97a9d5fbf None None] SCRIPT_NAME: `/identity` {{(pid=61468) log_request_info /opt/stack/keystone/keystone/server/flask/request_processing/req_logging.py:27}}
Sep 12 12:40:53 jammy-provider-cloud-0000007618 devstack@keystone.service[61468]: DEBUG keystone.server.flask.request_processing.req_logging [None req-7bba4b29-0db6-4db3-a23f-a7c97a9d5fbf None None] PATH_INFO: `/v3/auth/tokens` {{(pid=61468) log_request_info /opt/stack/keystone/keystone/server/flask/request_processing/req_logging.py:28}}
Sep 12 12:40:53 jammy-provider-cloud-0000007618 devstack@keystone.service[61468]: WARNING keystone.common.password_hashing [None req-7bba4b29-0db6-4db3-a23f-a7c97a9d5fbf None None] Truncating password to algorithm specific maximum length 72 characters.
Sep 12 12:40:53 jammy-provider-cloud-0000007618 devstack@keystone.service[61468]: DEBUG keystone.auth.core [None req-7bba4b29-0db6-4db3-a23f-a7c97a9d5fbf None None] MFA Rules not processed for user `944edf91fb364608960372e7d518c0ed`. Rule list: `[]` (Enabled: `True`). {{(pid=61468) check_auth_methods_against_rules /opt/stack/keystone/keystone/auth/core.py:476}}
Sep 12 12:40:53 jammy-provider-cloud-0000007618 devstack@keystone.service[61468]: DEBUG keystone.common.fernet_utils [None req-7bba4b29-0db6-4db3-a23f-a7c97a9d5fbf None None] Loaded 2 Fernet keys from /etc/keystone/fernet-keys/, but `[fernet_tokens] max_active_keys = 3`; perhaps there have not been enough key rotations to reach `max_active_keys` yet? {{(pid=61468) load_keys /opt/stack/keystone/keystone/common/fernet_utils.py:298}}
Sep 12 12:40:53 jammy-provider-cloud-0000007618 devstack@keystone.service[61469]: DEBUG keystone.server.flask.request_processing.middleware.auth_context [None req-59faf6ba-3590-4032-948d-eb895d788393 None None] Validating token access rules against request {{(pid=61469) validate_allowed_request /opt/stack/data/venv/lib/python3.10/site-packages/keystonemiddleware/auth_token/__init__.py:544}}
Sep 12 12:40:53 jammy-provider-cloud-0000007618 devstack@keystone.service[61468]: [pid: 61468|app: 0|req: 15/27] 10.201.5.87 () {58 vars in 1023 bytes} [Thu Sep 12 12:40:53 2024] POST /identity/v3/auth/tokens => generated 862 bytes in 78 msecs (HTTP/1.1 201) 6 headers in 363 bytes (1 switches on core 0)
Sep 12 12:40:53 jammy-provider-cloud-0000007618 devstack@keystone.service[61469]: DEBUG keystone.server.flask.request_processing.middleware.auth_context [None req-a46dc7eb-1af1-4300-8270-e0f4536e1582 None admin] RBAC: auth_context: {'token': <TokenModel (audit_id=IVxDX_zITfeSLlzAfwbtnA, audit_chain_id=['IVxDX_zITfeSLlzAfwbtnA']) at 0x7f38ea6fdcf0>, 'domain_id': None, 'trust_id': None, 'trustor_id': None, 'trustee_id': None, 'domain_name': None, 'group_ids': [], 'user_id': '944edf91fb364608960372e7d518c0ed', 'user_domain_id': 'default', 'system_scope': 'all', 'project_id': None, 'project_domain_id': None, 'roles': ['admin', 'manager', 'member', 'reader'], 'is_admin_project': True, 'service_user_id': None, 'service_user_domain_id': None, 'service_project_id': None, 'service_project_domain_id': None, 'service_roles': []} {{(pid=61469) fill_context /opt/stack/keystone/keystone/server/flask/request_processing/middleware/auth_context.py:511}}
Sep 12 12:40:53 jammy-provider-cloud-0000007618 devstack@keystone.service[61469]: DEBUG keystone.server.flask.request_processing.req_logging [None req-a46dc7eb-1af1-4300-8270-e0f4536e1582 None admin] REQUEST_METHOD: `GET` {{(pid=61469) log_request_info /opt/stack/keystone/keystone/server/flask/request_processing/req_logging.py:26}}
Sep 12 12:40:53 jammy-provider-cloud-0000007618 devstack@keystone.service[61469]: DEBUG keystone.server.flask.request_processing.req_logging [None req-a46dc7eb-1af1-4300-8270-e0f4536e1582 None admin] SCRIPT_NAME: `/identity` {{(pid=61469) log_request_info /opt/stack/keystone/keystone/server/flask/request_processing/req_logging.py:27}}
Sep 12 12:40:53 jammy-provider-cloud-0000007618 devstack@keystone.service[61469]: DEBUG keystone.server.flask.request_processing.req_logging [None req-a46dc7eb-1af1-4300-8270-e0f4536e1582 None admin] PATH_INFO: `/v3/roles/admin` {{(pid=61469) log_request_info /opt/stack/keystone/keystone/server/flask/request_processing/req_logging.py:28}}
Sep 12 12:40:53 jammy-provider-cloud-0000007618 devstack@keystone.service[61468]: DEBUG keystone.server.flask.request_processing.middleware.auth_context [None req-7bba4b29-0db6-4db3-a23f-a7c97a9d5fbf None None] Authenticating user token {{(pid=61468) process_request /opt/stack/data/venv/lib/python3.10/site-packages/keystonemiddleware/auth_token/__init__.py:406}}
Sep 12 12:40:53 jammy-provider-cloud-0000007618 devstack@keystone.service[61469]: DEBUG keystone.common.rbac_enforcer.enforcer [None req-a46dc7eb-1af1-4300-8270-e0f4536e1582 None admin] Extracting inferred target data resulted in "NOT FOUND (404)". {{(pid=61469) enforce_call /opt/stack/keystone/keystone/common/rbac_enforcer/enforcer.py:453}}
Sep 12 12:40:53 jammy-provider-cloud-0000007618 devstack@keystone.service[61469]: DEBUG keystone.server.flask.application [None req-a46dc7eb-1af1-4300-8270-e0f4536e1582 None admin] Could not find role: admin. {{(pid=61469) _handle_keystone_exception /opt/stack/keystone/keystone/server/flask/application.py:96}}
Sep 12 12:40:53 jammy-provider-cloud-0000007618 devstack@keystone.service[61469]: [pid: 61469|app: 0|req: 13/28] 10.201.5.87 () {56 vars in 1096 bytes} [Thu Sep 12 12:40:53 2024] GET /identity/v3/roles/admin => generated 83 bytes in 114 msecs (HTTP/1.1 404) 5 headers in 183 bytes (1 switches on core 0)
Sep 12 12:40:53 jammy-provider-cloud-0000007618 devstack@keystone.service[61469]: DEBUG keystone.server.flask.request_processing.middleware.auth_context [None req-a46dc7eb-1af1-4300-8270-e0f4536e1582 None admin] Authenticating user token {{(pid=61469) process_request /opt/stack/data/venv/lib/python3.10/site-packages/keystonemiddleware/auth_token/__init__.py:406}}
Sep 12 12:40:53 jammy-provider-cloud-0000007618 devstack@keystone.service[61469]: DEBUG keystone.server.flask.request_processing.middleware.auth_context [None req-a46dc7eb-1af1-4300-8270-e0f4536e1582 None admin] Validating token access rules against request {{(pid=61469) validate_allowed_request /opt/stack/data/venv/lib/python3.10/site-packages/keystonemiddleware/auth_token/__init__.py:544}}
Sep 12 12:40:53 jammy-provider-cloud-0000007618 devstack@keystone.service[61469]: DEBUG keystone.server.flask.request_processing.middleware.auth_context [None req-96188c25-4b36-4eaf-af62-bb79adaaa5c4 None admin] RBAC: auth_context: {'token': <TokenModel (audit_id=IVxDX_zITfeSLlzAfwbtnA, audit_chain_id=['IVxDX_zITfeSLlzAfwbtnA']) at 0x7f38ea6feaa0>, 'domain_id': None, 'trust_id': None, 'trustor_id': None, 'trustee_id': None, 'domain_name': None, 'group_ids': [], 'user_id': '944edf91fb364608960372e7d518c0ed', 'user_domain_id': 'default', 'system_scope': 'all', 'project_id': None, 'project_domain_id': None, 'roles': ['admin', 'manager', 'member', 'reader'], 'is_admin_project': True, 'service_user_id': None, 'service_user_domain_id': None, 'service_project_id': None, 'service_project_domain_id': None, 'service_roles': []} {{(pid=61469) fill_context /opt/stack/keystone/keystone/server/flask/request_processing/middleware/auth_context.py:511}}
Sep 12 12:40:53 jammy-provider-cloud-0000007618 devstack@keystone.service[61469]: DEBUG keystone.server.flask.request_processing.req_logging [None req-96188c25-4b36-4eaf-af62-bb79adaaa5c4 None admin] REQUEST_METHOD: `GET` {{(pid=61469) log_request_info /opt/stack/keystone/keystone/server/flask/request_processing/req_logging.py:26}}
Sep 12 12:40:53 jammy-provider-cloud-0000007618 devstack@keystone.service[61469]: DEBUG keystone.server.flask.request_processing.req_logging [None req-96188c25-4b36-4eaf-af62-bb79adaaa5c4 None admin] SCRIPT_NAME: `/identity` {{(pid=61469) log_request_info /opt/stack/keystone/keystone/server/flask/request_processing/req_logging.py:27}}
Sep 12 12:40:53 jammy-provider-cloud-0000007618 devstack@keystone.service[61469]: DEBUG keystone.server.flask.request_processing.req_logging [None req-96188c25-4b36-4eaf-af62-bb79adaaa5c4 None admin] PATH_INFO: `/v3/roles` {{(pid=61469) log_request_info /opt/stack/keystone/keystone/server/flask/request_processing/req_logging.py:28}}
Sep 12 12:40:53 jammy-provider-cloud-0000007618 devstack@keystone.service[61469]: DEBUG keystone.common.rbac_enforcer.enforcer [None req-96188c25-4b36-4eaf-af62-bb79adaaa5c4 None admin] RBAC: Adding query filter params (name=admin) {{(pid=61469) _extract_filter_values /opt/stack/keystone/keystone/common/rbac_enforcer/enforcer.py:184}}
Sep 12 12:40:53 jammy-provider-cloud-0000007618 devstack@keystone.service[61469]: DEBUG keystone.common.rbac_enforcer.enforcer [None req-96188c25-4b36-4eaf-af62-bb79adaaa5c4 None admin] RBAC: Authorizing `identity:list_roles()` {{(pid=61469) enforce_call /opt/stack/keystone/keystone/common/rbac_enforcer/enforcer.py:503}}
Sep 12 12:40:53 jammy-provider-cloud-0000007618 devstack@keystone.service[61469]: DEBUG keystone.common.rbac_enforcer.enforcer [None req-96188c25-4b36-4eaf-af62-bb79adaaa5c4 None admin] RBAC: Authorization granted {{(pid=61469) enforce_call /opt/stack/keystone/keystone/common/rbac_enforcer/enforcer.py:514}}
Sep 12 12:40:53 jammy-provider-cloud-0000007618 devstack@keystone.service[61469]: [pid: 61469|app: 0|req: 14/29] 10.201.5.87 () {56 vars in 1099 bytes} [Thu Sep 12 12:40:53 2024] GET /identity/v3/roles?name=admin => generated 339 bytes in 61 msecs (HTTP/1.1 200) 5 headers in 177 bytes (1 switches on core 0)
Sep 12 12:40:53 jammy-provider-cloud-0000007618 devstack@keystone.service[61469]: DEBUG keystone.server.flask.request_processing.middleware.auth_context [None req-96188c25-4b36-4eaf-af62-bb79adaaa5c4 None admin] Authenticating user token {{(pid=61469) process_request /opt/stack/data/venv/lib/python3.10/site-packages/keystonemiddleware/auth_token/__init__.py:406}}
Sep 12 12:40:53 jammy-provider-cloud-0000007618 devstack@keystone.service[61468]: DEBUG keystone.server.flask.request_processing.middleware.auth_context [None req-7bba4b29-0db6-4db3-a23f-a7c97a9d5fbf None None] Validating token access rules against request {{(pid=61468) validate_allowed_request /opt/stack/data/venv/lib/python3.10/site-packages/keystonemiddleware/auth_token/__init__.py:544}}
Sep 12 12:40:53 jammy-provider-cloud-0000007618 devstack@keystone.service[61469]: DEBUG keystone.server.flask.request_processing.middleware.auth_context [None req-96188c25-4b36-4eaf-af62-bb79adaaa5c4 None admin] Validating token access rules against request {{(pid=61469) validate_allowed_request /opt/stack/data/venv/lib/python3.10/site-packages/keystonemiddleware/auth_token/__init__.py:544}}
Sep 12 12:40:53 jammy-provider-cloud-0000007618 devstack@keystone.service[61469]: DEBUG keystone.server.flask.request_processing.middleware.auth_context [None req-bbd24ae5-482a-4f93-9ecd-98f7a7b741ef None admin] RBAC: auth_context: {'token': <TokenModel (audit_id=IVxDX_zITfeSLlzAfwbtnA, audit_chain_id=['IVxDX_zITfeSLlzAfwbtnA']) at 0x7f38ea699f90>, 'domain_id': None, 'trust_id': None, 'trustor_id': None, 'trustee_id': None, 'domain_name': None, 'group_ids': [], 'user_id': '944edf91fb364608960372e7d518c0ed', 'user_domain_id': 'default', 'system_scope': 'all', 'project_id': None, 'project_domain_id': None, 'roles': ['admin', 'manager', 'member', 'reader'], 'is_admin_project': True, 'service_user_id': None, 'service_user_domain_id': None, 'service_project_id': None, 'service_project_domain_id': None, 'service_roles': []} {{(pid=61469) fill_context /opt/stack/keystone/keystone/server/flask/request_processing/middleware/auth_context.py:511}}
Sep 12 12:40:53 jammy-provider-cloud-0000007618 devstack@keystone.service[61469]: DEBUG keystone.server.flask.request_processing.req_logging [None req-bbd24ae5-482a-4f93-9ecd-98f7a7b741ef None admin] REQUEST_METHOD: `GET` {{(pid=61469) log_request_info /opt/stack/keystone/keystone/server/flask/request_processing/req_logging.py:26}}
Sep 12 12:40:53 jammy-provider-cloud-0000007618 devstack@keystone.service[61469]: DEBUG keystone.server.flask.request_processing.req_logging [None req-bbd24ae5-482a-4f93-9ecd-98f7a7b741ef None admin] SCRIPT_NAME: `/identity` {{(pid=61469) log_request_info /opt/stack/keystone/keystone/server/flask/request_processing/req_logging.py:27}}
Sep 12 12:40:53 jammy-provider-cloud-0000007618 devstack@keystone.service[61469]: DEBUG keystone.server.flask.request_processing.req_logging [None req-bbd24ae5-482a-4f93-9ecd-98f7a7b741ef None admin] PATH_INFO: `/v3/users/944edf91fb364608960372e7d518c0ed` {{(pid=61469) log_request_info /opt/stack/keystone/keystone/server/flask/request_processing/req_logging.py:28}}
Sep 12 12:40:53 jammy-provider-cloud-0000007618 devstack@keystone.service[61469]: DEBUG keystone.common.rbac_enforcer.enforcer [None req-bbd24ae5-482a-4f93-9ecd-98f7a7b741ef None admin] RBAC: Authorizing `identity:get_user(user_id=944edf91fb364608960372e7d518c0ed)` {{(pid=61469) enforce_call /opt/stack/keystone/keystone/common/rbac_enforcer/enforcer.py:503}}
Sep 12 12:40:53 jammy-provider-cloud-0000007618 devstack@keystone.service[61469]: DEBUG keystone.common.rbac_enforcer.enforcer [None req-bbd24ae5-482a-4f93-9ecd-98f7a7b741ef None admin] RBAC: Authorization granted {{(pid=61469) enforce_call /opt/stack/keystone/keystone/common/rbac_enforcer/enforcer.py:514}}
Sep 12 12:40:53 jammy-provider-cloud-0000007618 devstack@keystone.service[61469]: [pid: 61469|app: 0|req: 15/30] 10.201.5.87 () {56 vars in 1177 bytes} [Thu Sep 12 12:40:53 2024] GET /identity/v3/users/944edf91fb364608960372e7d518c0ed => generated 247 bytes in 54 msecs (HTTP/1.1 200) 5 headers in 177 bytes (2 switches on core 0)
Sep 12 12:40:53 jammy-provider-cloud-0000007618 devstack@keystone.service[61468]: DEBUG keystone.server.flask.request_processing.middleware.auth_context [None req-b6e7a104-13d5-400a-ba7c-67d4e1915382 None admin] RBAC: auth_context: {'token': <TokenModel (audit_id=2qvbfgI5RlygCqg_DupI6w, audit_chain_id=['2qvbfgI5RlygCqg_DupI6w']) at 0x7f38eb3aaa70>, 'domain_id': None, 'trust_id': None, 'trustor_id': None, 'trustee_id': None, 'domain_name': None, 'group_ids': [], 'user_id': '944edf91fb364608960372e7d518c0ed', 'user_domain_id': 'default', 'system_scope': 'all', 'project_id': None, 'project_domain_id': None, 'roles': ['admin', 'manager', 'member', 'reader'], 'is_admin_project': True, 'service_user_id': None, 'service_user_domain_id': None, 'service_project_id': None, 'service_project_domain_id': None, 'service_roles': []} {{(pid=61468) fill_context /opt/stack/keystone/keystone/server/flask/request_processing/middleware/auth_context.py:511}}
Sep 12 12:40:53 jammy-provider-cloud-0000007618 devstack@keystone.service[61468]: DEBUG keystone.server.flask.request_processing.req_logging [None req-b6e7a104-13d5-400a-ba7c-67d4e1915382 None admin] REQUEST_METHOD: `GET` {{(pid=61468) log_request_info /opt/stack/keystone/keystone/server/flask/request_processing/req_logging.py:26}}
Sep 12 12:40:53 jammy-provider-cloud-0000007618 devstack@keystone.service[61468]: DEBUG keystone.server.flask.request_processing.req_logging [None req-b6e7a104-13d5-400a-ba7c-67d4e1915382 None admin] SCRIPT_NAME: `/identity` {{(pid=61468) log_request_info /opt/stack/keystone/keystone/server/flask/request_processing/req_logging.py:27}}
Sep 12 12:40:53 jammy-provider-cloud-0000007618 devstack@keystone.service[61468]: DEBUG keystone.server.flask.request_processing.req_logging [None req-b6e7a104-13d5-400a-ba7c-67d4e1915382 None admin] PATH_INFO: `/v3/domains/Default` {{(pid=61468) log_request_info /opt/stack/keystone/keystone/server/flask/request_processing/req_logging.py:28}}
Sep 12 12:40:53 jammy-provider-cloud-0000007618 devstack@keystone.service[61469]: DEBUG keystone.server.flask.request_processing.middleware.auth_context [None req-bbd24ae5-482a-4f93-9ecd-98f7a7b741ef None admin] Authenticating user token {{(pid=61469) process_request /opt/stack/data/venv/lib/python3.10/site-packages/keystonemiddleware/auth_token/__init__.py:406}}
Sep 12 12:40:53 jammy-provider-cloud-0000007618 devstack@keystone.service[61468]: DEBUG keystone.common.rbac_enforcer.enforcer [None req-b6e7a104-13d5-400a-ba7c-67d4e1915382 None admin] RBAC: Authorizing `identity:get_domain(domain_id=Default)` {{(pid=61468) enforce_call /opt/stack/keystone/keystone/common/rbac_enforcer/enforcer.py:503}}
Sep 12 12:40:53 jammy-provider-cloud-0000007618 devstack@keystone.service[61468]: DEBUG keystone.common.rbac_enforcer.enforcer [None req-b6e7a104-13d5-400a-ba7c-67d4e1915382 None admin] RBAC: Authorization granted {{(pid=61468) enforce_call /opt/stack/keystone/keystone/common/rbac_enforcer/enforcer.py:514}}
Sep 12 12:40:53 jammy-provider-cloud-0000007618 devstack@keystone.service[61468]: DEBUG keystone.server.flask.application [None req-b6e7a104-13d5-400a-ba7c-67d4e1915382 None admin] Could not find domain: Default. {{(pid=61468) _handle_keystone_exception /opt/stack/keystone/keystone/server/flask/application.py:96}}
Sep 12 12:40:53 jammy-provider-cloud-0000007618 devstack@keystone.service[61468]: [pid: 61468|app: 0|req: 16/31] 10.201.5.87 () {56 vars in 1108 bytes} [Thu Sep 12 12:40:53 2024] GET /identity/v3/domains/Default => generated 87 bytes in 162 msecs (HTTP/1.1 404) 5 headers in 183 bytes (1 switches on core 0)
