Sep 10 11:30:11 jammy-provider-cloud-0000007602 devstack@keystone.service[61403]: DEBUG keystone.server.flask.request_processing.middleware.auth_context [None req-21068d95-3f33-4b6f-9922-9786351ee5fd None admin] RBAC: auth_context: {'token': <TokenModel (audit_id=ACp_6FVVTTq6biJ6YZu77Q, audit_chain_id=['ACp_6FVVTTq6biJ6YZu77Q']) at 0x7f988ec59660>, 'domain_id': None, 'trust_id': None, 'trustor_id': None, 'trustee_id': None, 'domain_name': None, 'group_ids': [], 'user_id': 'c55d8d17ca174f608a55024f6b97e79f', 'user_domain_id': 'default', 'system_scope': 'all', 'project_id': None, 'project_domain_id': None, 'roles': ['admin', 'manager', 'member', 'reader'], 'is_admin_project': True, 'service_user_id': None, 'service_user_domain_id': None, 'service_project_id': None, 'service_project_domain_id': None, 'service_roles': []} {{(pid=61403) fill_context /opt/stack/keystone/keystone/server/flask/request_processing/middleware/auth_context.py:511}}
Sep 10 11:30:11 jammy-provider-cloud-0000007602 devstack@keystone.service[61403]: DEBUG keystone.server.flask.request_processing.req_logging [None req-21068d95-3f33-4b6f-9922-9786351ee5fd None admin] REQUEST_METHOD: `GET` {{(pid=61403) log_request_info /opt/stack/keystone/keystone/server/flask/request_processing/req_logging.py:26}}
Sep 10 11:30:11 jammy-provider-cloud-0000007602 devstack@keystone.service[61403]: DEBUG keystone.server.flask.request_processing.req_logging [None req-21068d95-3f33-4b6f-9922-9786351ee5fd None admin] SCRIPT_NAME: `/identity` {{(pid=61403) log_request_info /opt/stack/keystone/keystone/server/flask/request_processing/req_logging.py:27}}
Sep 10 11:30:11 jammy-provider-cloud-0000007602 devstack@keystone.service[61403]: DEBUG keystone.server.flask.request_processing.req_logging [None req-21068d95-3f33-4b6f-9922-9786351ee5fd None admin] PATH_INFO: `/v3/roles` {{(pid=61403) log_request_info /opt/stack/keystone/keystone/server/flask/request_processing/req_logging.py:28}}
Sep 10 11:30:11 jammy-provider-cloud-0000007602 devstack@keystone.service[61403]: DEBUG keystone.common.rbac_enforcer.enforcer [None req-21068d95-3f33-4b6f-9922-9786351ee5fd None admin] RBAC: Adding query filter params (name=admin) {{(pid=61403) _extract_filter_values /opt/stack/keystone/keystone/common/rbac_enforcer/enforcer.py:184}}
Sep 10 11:30:11 jammy-provider-cloud-0000007602 devstack@keystone.service[61403]: DEBUG keystone.common.rbac_enforcer.enforcer [None req-21068d95-3f33-4b6f-9922-9786351ee5fd None admin] RBAC: Authorizing `identity:list_roles()` {{(pid=61403) enforce_call /opt/stack/keystone/keystone/common/rbac_enforcer/enforcer.py:503}}
Sep 10 11:30:11 jammy-provider-cloud-0000007602 devstack@keystone.service[61403]: DEBUG keystone.common.rbac_enforcer.enforcer [None req-21068d95-3f33-4b6f-9922-9786351ee5fd None admin] RBAC: Authorization granted {{(pid=61403) enforce_call /opt/stack/keystone/keystone/common/rbac_enforcer/enforcer.py:514}}
Sep 10 11:30:11 jammy-provider-cloud-0000007602 devstack@keystone.service[61403]: [pid: 61403|app: 0|req: 9/16] 10.201.5.87 () {56 vars in 1099 bytes} [Tue Sep 10 11:30:11 2024] GET /identity/v3/roles?name=admin => generated 339 bytes in 72 msecs (HTTP/1.1 200) 5 headers in 177 bytes (2 switches on core 0)
Sep 10 11:30:11 jammy-provider-cloud-0000007602 devstack@keystone.service[61403]: DEBUG keystone.server.flask.request_processing.middleware.auth_context [None req-21068d95-3f33-4b6f-9922-9786351ee5fd None admin] Authenticating user token {{(pid=61403) process_request /opt/stack/data/venv/lib/python3.10/site-packages/keystonemiddleware/auth_token/__init__.py:406}}
Sep 10 11:30:11 jammy-provider-cloud-0000007602 devstack@keystone.service[61402]: DEBUG keystone.server.flask.request_processing.middleware.auth_context [None req-68e383f1-05f2-464c-b705-d7c1e4080a89 None admin] Validating token access rules against request {{(pid=61402) validate_allowed_request /opt/stack/data/venv/lib/python3.10/site-packages/keystonemiddleware/auth_token/__init__.py:544}}
Sep 10 11:30:11 jammy-provider-cloud-0000007602 devstack@keystone.service[61402]: DEBUG keystone.server.flask.request_processing.middleware.auth_context [None req-b4dd4c8d-28b6-4892-9a3f-2beb872b2b95 None admin] RBAC: auth_context: {'token': <TokenModel (audit_id=_5z8i9IBRN-2ItXDEKOtXg, audit_chain_id=['_5z8i9IBRN-2ItXDEKOtXg']) at 0x7f988eb7f880>, 'domain_id': None, 'trust_id': None, 'trustor_id': None, 'trustee_id': None, 'domain_name': None, 'group_ids': [], 'user_id': 'c55d8d17ca174f608a55024f6b97e79f', 'user_domain_id': 'default', 'system_scope': 'all', 'project_id': None, 'project_domain_id': None, 'roles': ['admin', 'manager', 'member', 'reader'], 'is_admin_project': True, 'service_user_id': None, 'service_user_domain_id': None, 'service_project_id': None, 'service_project_domain_id': None, 'service_roles': []} {{(pid=61402) fill_context /opt/stack/keystone/keystone/server/flask/request_processing/middleware/auth_context.py:511}}
Sep 10 11:30:11 jammy-provider-cloud-0000007602 devstack@keystone.service[61402]: DEBUG keystone.server.flask.request_processing.req_logging [None req-b4dd4c8d-28b6-4892-9a3f-2beb872b2b95 None admin] REQUEST_METHOD: `GET` {{(pid=61402) log_request_info /opt/stack/keystone/keystone/server/flask/request_processing/req_logging.py:26}}
Sep 10 11:30:11 jammy-provider-cloud-0000007602 devstack@keystone.service[61402]: DEBUG keystone.server.flask.request_processing.req_logging [None req-b4dd4c8d-28b6-4892-9a3f-2beb872b2b95 None admin] SCRIPT_NAME: `/identity` {{(pid=61402) log_request_info /opt/stack/keystone/keystone/server/flask/request_processing/req_logging.py:27}}
Sep 10 11:30:11 jammy-provider-cloud-0000007602 devstack@keystone.service[61402]: DEBUG keystone.server.flask.request_processing.req_logging [None req-b4dd4c8d-28b6-4892-9a3f-2beb872b2b95 None admin] PATH_INFO: `/v3/domains/Default` {{(pid=61402) log_request_info /opt/stack/keystone/keystone/server/flask/request_processing/req_logging.py:28}}
Sep 10 11:30:11 jammy-provider-cloud-0000007602 devstack@keystone.service[61402]: DEBUG keystone.common.rbac_enforcer.enforcer [None req-b4dd4c8d-28b6-4892-9a3f-2beb872b2b95 None admin] RBAC: Authorizing `identity:get_domain(domain_id=Default)` {{(pid=61402) enforce_call /opt/stack/keystone/keystone/common/rbac_enforcer/enforcer.py:503}}
Sep 10 11:30:11 jammy-provider-cloud-0000007602 devstack@keystone.service[61402]: DEBUG keystone.common.rbac_enforcer.enforcer [None req-b4dd4c8d-28b6-4892-9a3f-2beb872b2b95 None admin] RBAC: Authorization granted {{(pid=61402) enforce_call /opt/stack/keystone/keystone/common/rbac_enforcer/enforcer.py:514}}
Sep 10 11:30:11 jammy-provider-cloud-0000007602 devstack@keystone.service[61403]: DEBUG keystone.server.flask.request_processing.middleware.auth_context [None req-21068d95-3f33-4b6f-9922-9786351ee5fd None admin] Validating token access rules against request {{(pid=61403) validate_allowed_request /opt/stack/data/venv/lib/python3.10/site-packages/keystonemiddleware/auth_token/__init__.py:544}}
Sep 10 11:30:11 jammy-provider-cloud-0000007602 devstack@keystone.service[61402]: DEBUG keystone.server.flask.application [None req-b4dd4c8d-28b6-4892-9a3f-2beb872b2b95 None admin] Could not find domain: Default. {{(pid=61402) _handle_keystone_exception /opt/stack/keystone/keystone/server/flask/application.py:96}}
Sep 10 11:30:11 jammy-provider-cloud-0000007602 devstack@keystone.service[61402]: [pid: 61402|app: 0|req: 8/17] 10.201.5.87 () {56 vars in 1108 bytes} [Tue Sep 10 11:30:11 2024] GET /identity/v3/domains/Default => generated 87 bytes in 64 msecs (HTTP/1.1 404) 5 headers in 183 bytes (2 switches on core 0)
Sep 10 11:30:11 jammy-provider-cloud-0000007602 devstack@keystone.service[61402]: DEBUG keystone.server.flask.request_processing.middleware.auth_context [None req-b4dd4c8d-28b6-4892-9a3f-2beb872b2b95 None admin] Authenticating user token {{(pid=61402) process_request /opt/stack/data/venv/lib/python3.10/site-packages/keystonemiddleware/auth_token/__init__.py:406}}
Sep 10 11:30:11 jammy-provider-cloud-0000007602 devstack@keystone.service[61403]: DEBUG keystone.server.flask.request_processing.middleware.auth_context [None req-788d0fcc-2627-4500-82ce-c9e7294923c5 None admin] RBAC: auth_context: {'token': <TokenModel (audit_id=ACp_6FVVTTq6biJ6YZu77Q, audit_chain_id=['ACp_6FVVTTq6biJ6YZu77Q']) at 0x7f988edc4760>, 'domain_id': None, 'trust_id': None, 'trustor_id': None, 'trustee_id': None, 'domain_name': None, 'group_ids': [], 'user_id': 'c55d8d17ca174f608a55024f6b97e79f', 'user_domain_id': 'default', 'system_scope': 'all', 'project_id': None, 'project_domain_id': None, 'roles': ['admin', 'manager', 'member', 'reader'], 'is_admin_project': True, 'service_user_id': None, 'service_user_domain_id': None, 'service_project_id': None, 'service_project_domain_id': None, 'service_roles': []} {{(pid=61403) fill_context /opt/stack/keystone/keystone/server/flask/request_processing/middleware/auth_context.py:511}}
Sep 10 11:30:11 jammy-provider-cloud-0000007602 devstack@keystone.service[61403]: DEBUG keystone.server.flask.request_processing.req_logging [None req-788d0fcc-2627-4500-82ce-c9e7294923c5 None admin] REQUEST_METHOD: `GET` {{(pid=61403) log_request_info /opt/stack/keystone/keystone/server/flask/request_processing/req_logging.py:26}}
Sep 10 11:30:11 jammy-provider-cloud-0000007602 devstack@keystone.service[61403]: DEBUG keystone.server.flask.request_processing.req_logging [None req-788d0fcc-2627-4500-82ce-c9e7294923c5 None admin] SCRIPT_NAME: `/identity` {{(pid=61403) log_request_info /opt/stack/keystone/keystone/server/flask/request_processing/req_logging.py:27}}
Sep 10 11:30:11 jammy-provider-cloud-0000007602 devstack@keystone.service[61403]: DEBUG keystone.server.flask.request_processing.req_logging [None req-788d0fcc-2627-4500-82ce-c9e7294923c5 None admin] PATH_INFO: `/v3/users/c55d8d17ca174f608a55024f6b97e79f` {{(pid=61403) log_request_info /opt/stack/keystone/keystone/server/flask/request_processing/req_logging.py:28}}
Sep 10 11:30:11 jammy-provider-cloud-0000007602 devstack@keystone.service[61403]: DEBUG keystone.common.rbac_enforcer.enforcer [None req-788d0fcc-2627-4500-82ce-c9e7294923c5 None admin] RBAC: Authorizing `identity:get_user(user_id=c55d8d17ca174f608a55024f6b97e79f)` {{(pid=61403) enforce_call /opt/stack/keystone/keystone/common/rbac_enforcer/enforcer.py:503}}
Sep 10 11:30:11 jammy-provider-cloud-0000007602 devstack@keystone.service[61403]: DEBUG keystone.common.rbac_enforcer.enforcer [None req-788d0fcc-2627-4500-82ce-c9e7294923c5 None admin] RBAC: Authorization granted {{(pid=61403) enforce_call /opt/stack/keystone/keystone/common/rbac_enforcer/enforcer.py:514}}
Sep 10 11:30:11 jammy-provider-cloud-0000007602 devstack@keystone.service[61403]: [pid: 61403|app: 0|req: 10/18] 10.201.5.87 () {56 vars in 1177 bytes} [Tue Sep 10 11:30:11 2024] GET /identity/v3/users/c55d8d17ca174f608a55024f6b97e79f => generated 247 bytes in 69 msecs (HTTP/1.1 200) 5 headers in 177 bytes (2 switches on core 0)
Sep 10 11:30:11 jammy-provider-cloud-0000007602 devstack@keystone.service[61403]: DEBUG keystone.server.flask.request_processing.middleware.auth_context [None req-788d0fcc-2627-4500-82ce-c9e7294923c5 None admin] Authenticating user token {{(pid=61403) process_request /opt/stack/data/venv/lib/python3.10/site-packages/keystonemiddleware/auth_token/__init__.py:406}}
Sep 10 11:30:11 jammy-provider-cloud-0000007602 devstack@keystone.service[61402]: DEBUG keystone.server.flask.request_processing.middleware.auth_context [None req-b4dd4c8d-28b6-4892-9a3f-2beb872b2b95 None admin] Validating token access rules against request {{(pid=61402) validate_allowed_request /opt/stack/data/venv/lib/python3.10/site-packages/keystonemiddleware/auth_token/__init__.py:544}}
Sep 10 11:30:11 jammy-provider-cloud-0000007602 devstack@keystone.service[61402]: DEBUG keystone.server.flask.request_processing.middleware.auth_context [None req-145154a0-3acd-4d53-940e-0a5ba6ca6086 None admin] RBAC: auth_context: {'token': <TokenModel (audit_id=_5z8i9IBRN-2ItXDEKOtXg, audit_chain_id=['_5z8i9IBRN-2ItXDEKOtXg']) at 0x7f988e84d720>, 'domain_id': None, 'trust_id': None, 'trustor_id': None, 'trustee_id': None, 'domain_name': None, 'group_ids': [], 'user_id': 'c55d8d17ca174f608a55024f6b97e79f', 'user_domain_id': 'default', 'system_scope': 'all', 'project_id': None, 'project_domain_id': None, 'roles': ['admin', 'manager', 'member', 'reader'], 'is_admin_project': True, 'service_user_id': None, 'service_user_domain_id': None, 'service_project_id': None, 'service_project_domain_id': None, 'service_roles': []} {{(pid=61402) fill_context /opt/stack/keystone/keystone/server/flask/request_processing/middleware/auth_context.py:511}}
Sep 10 11:30:11 jammy-provider-cloud-0000007602 devstack@keystone.service[61402]: DEBUG keystone.server.flask.request_processing.req_logging [None req-145154a0-3acd-4d53-940e-0a5ba6ca6086 None admin] REQUEST_METHOD: `GET` {{(pid=61402) log_request_info /opt/stack/keystone/keystone/server/flask/request_processing/req_logging.py:26}}
Sep 10 11:30:11 jammy-provider-cloud-0000007602 devstack@keystone.service[61402]: DEBUG keystone.server.flask.request_processing.req_logging [None req-145154a0-3acd-4d53-940e-0a5ba6ca6086 None admin] SCRIPT_NAME: `/identity` {{(pid=61402) log_request_info /opt/stack/keystone/keystone/server/flask/request_processing/req_logging.py:27}}
Sep 10 11:30:11 jammy-provider-cloud-0000007602 devstack@keystone.service[61402]: DEBUG keystone.server.flask.request_processing.req_logging [None req-145154a0-3acd-4d53-940e-0a5ba6ca6086 None admin] PATH_INFO: `/v3/domains` {{(pid=61402) log_request_info /opt/stack/keystone/keystone/server/flask/request_processing/req_logging.py:28}}
Sep 10 11:30:11 jammy-provider-cloud-0000007602 devstack@keystone.service[61402]: DEBUG keystone.common.rbac_enforcer.enforcer [None req-145154a0-3acd-4d53-940e-0a5ba6ca6086 None admin] RBAC: Adding query filter params (name=Default) {{(pid=61402) _extract_filter_values /opt/stack/keystone/keystone/common/rbac_enforcer/enforcer.py:184}}
Sep 10 11:30:11 jammy-provider-cloud-0000007602 devstack@keystone.service[61402]: DEBUG keystone.common.rbac_enforcer.enforcer [None req-145154a0-3acd-4d53-940e-0a5ba6ca6086 None admin] RBAC: Authorizing `identity:list_domains()` {{(pid=61402) enforce_call /opt/stack/keystone/keystone/common/rbac_enforcer/enforcer.py:503}}
Sep 10 11:30:11 jammy-provider-cloud-0000007602 devstack@keystone.service[61402]: DEBUG keystone.common.rbac_enforcer.enforcer [None req-145154a0-3acd-4d53-940e-0a5ba6ca6086 None admin] RBAC: Authorization granted {{(pid=61402) enforce_call /opt/stack/keystone/keystone/common/rbac_enforcer/enforcer.py:514}}
Sep 10 11:30:11 jammy-provider-cloud-0000007602 devstack@keystone.service[61403]: DEBUG keystone.server.flask.request_processing.middleware.auth_context [None req-788d0fcc-2627-4500-82ce-c9e7294923c5 None admin] Validating token access rules against request {{(pid=61403) validate_allowed_request /opt/stack/data/venv/lib/python3.10/site-packages/keystonemiddleware/auth_token/__init__.py:544}}
Sep 10 11:30:11 jammy-provider-cloud-0000007602 devstack@keystone.service[61402]: [pid: 61402|app: 0|req: 9/19] 10.201.5.87 () {56 vars in 1109 bytes} [Tue Sep 10 11:30:11 2024] GET /identity/v3/domains?name=Default => generated 308 bytes in 59 msecs (HTTP/1.1 200) 5 headers in 177 bytes (2 switches on core 0)
Sep 10 11:30:11 jammy-provider-cloud-0000007602 devstack@keystone.service[61403]: DEBUG keystone.server.flask.request_processing.middleware.auth_context [None req-93c2fea5-2e2f-401a-92a3-7b8a781bf47d None admin] RBAC: auth_context: {'token': <TokenModel (audit_id=ACp_6FVVTTq6biJ6YZu77Q, audit_chain_id=['ACp_6FVVTTq6biJ6YZu77Q']) at 0x7f988ec592d0>, 'domain_id': None, 'trust_id': None, 'trustor_id': None, 'trustee_id': None, 'domain_name': None, 'group_ids': [], 'user_id': 'c55d8d17ca174f608a55024f6b97e79f', 'user_domain_id': 'default', 'system_scope': 'all', 'project_id': None, 'project_domain_id': None, 'roles': ['admin', 'manager', 'member', 'reader'], 'is_admin_project': True, 'service_user_id': None, 'service_user_domain_id': None, 'service_project_id': None, 'service_project_domain_id': None, 'service_roles': []} {{(pid=61403) fill_context /opt/stack/keystone/keystone/server/flask/request_processing/middleware/auth_context.py:511}}
Sep 10 11:30:11 jammy-provider-cloud-0000007602 devstack@keystone.service[61403]: DEBUG keystone.server.flask.request_processing.req_logging [None req-93c2fea5-2e2f-401a-92a3-7b8a781bf47d None admin] REQUEST_METHOD: `GET` {{(pid=61403) log_request_info /opt/stack/keystone/keystone/server/flask/request_processing/req_logging.py:26}}
Sep 10 11:30:11 jammy-provider-cloud-0000007602 devstack@keystone.service[61403]: DEBUG keystone.server.flask.request_processing.req_logging [None req-93c2fea5-2e2f-401a-92a3-7b8a781bf47d None admin] SCRIPT_NAME: `/identity` {{(pid=61403) log_request_info /opt/stack/keystone/keystone/server/flask/request_processing/req_logging.py:27}}
Sep 10 11:30:11 jammy-provider-cloud-0000007602 devstack@keystone.service[61403]: DEBUG keystone.server.flask.request_processing.req_logging [None req-93c2fea5-2e2f-401a-92a3-7b8a781bf47d None admin] PATH_INFO: `/v3/domains/default` {{(pid=61403) log_request_info /opt/stack/keystone/keystone/server/flask/request_processing/req_logging.py:28}}
Sep 10 11:30:11 jammy-provider-cloud-0000007602 devstack@keystone.service[61403]: DEBUG keystone.common.rbac_enforcer.enforcer [None req-93c2fea5-2e2f-401a-92a3-7b8a781bf47d None admin] RBAC: Authorizing `identity:get_domain(domain_id=default)` {{(pid=61403) enforce_call /opt/stack/keystone/keystone/common/rbac_enforcer/enforcer.py:503}}
Sep 10 11:30:11 jammy-provider-cloud-0000007602 devstack@keystone.service[61403]: DEBUG keystone.common.rbac_enforcer.enforcer [None req-93c2fea5-2e2f-401a-92a3-7b8a781bf47d None admin] RBAC: Authorization granted {{(pid=61403) enforce_call /opt/stack/keystone/keystone/common/rbac_enforcer/enforcer.py:514}}
Sep 10 11:30:11 jammy-provider-cloud-0000007602 devstack@keystone.service[61403]: [pid: 61403|app: 0|req: 11/20] 10.201.5.87 () {56 vars in 1108 bytes} [Tue Sep 10 11:30:11 2024] GET /identity/v3/domains/default => generated 199 bytes in 63 msecs (HTTP/1.1 200) 5 headers in 177 bytes (1 switches on core 0)
Sep 10 11:30:11 jammy-provider-cloud-0000007602 devstack@keystone.service[61402]: DEBUG keystone.server.flask.request_processing.middleware.auth_context [None req-145154a0-3acd-4d53-940e-0a5ba6ca6086 None admin] Authenticating user token {{(pid=61402) process_request /opt/stack/data/venv/lib/python3.10/site-packages/keystonemiddleware/auth_token/__init__.py:406}}
Sep 10 11:30:11 jammy-provider-cloud-0000007602 devstack@keystone.service[61402]: DEBUG keystone.server.flask.request_processing.middleware.auth_context [None req-145154a0-3acd-4d53-940e-0a5ba6ca6086 None admin] Validating token access rules against request {{(pid=61402) validate_allowed_request /opt/stack/data/venv/lib/python3.10/site-packages/keystonemiddleware/auth_token/__init__.py:544}}
Sep 10 11:30:11 jammy-provider-cloud-0000007602 devstack@keystone.service[61402]: DEBUG keystone.server.flask.request_processing.middleware.auth_context [None req-589cb1a5-d985-4714-bdc0-9b5d8efaa0a9 None admin] RBAC: auth_context: {'token': <TokenModel (audit_id=ACp_6FVVTTq6biJ6YZu77Q, audit_chain_id=['ACp_6FVVTTq6biJ6YZu77Q']) at 0x7f988e84d300>, 'domain_id': None, 'trust_id': None, 'trustor_id': None, 'trustee_id': None, 'domain_name': None, 'group_ids': [], 'user_id': 'c55d8d17ca174f608a55024f6b97e79f', 'user_domain_id': 'default', 'system_scope': 'all', 'project_id': None, 'project_domain_id': None, 'roles': ['admin', 'manager', 'member', 'reader'], 'is_admin_project': True, 'service_user_id': None, 'service_user_domain_id': None, 'service_project_id': None, 'service_project_domain_id': None, 'service_roles': []} {{(pid=61402) fill_context /opt/stack/keystone/keystone/server/flask/request_processing/middleware/auth_context.py:511}}
Sep 10 11:30:11 jammy-provider-cloud-0000007602 devstack@keystone.service[61402]: DEBUG keystone.server.flask.request_processing.req_logging [None req-589cb1a5-d985-4714-bdc0-9b5d8efaa0a9 None admin] REQUEST_METHOD: `PUT` {{(pid=61402) log_request_info /opt/stack/keystone/keystone/server/flask/request_processing/req_logging.py:26}}
Sep 10 11:30:11 jammy-provider-cloud-0000007602 devstack@keystone.service[61402]: DEBUG keystone.server.flask.request_processing.req_logging [None req-589cb1a5-d985-4714-bdc0-9b5d8efaa0a9 None admin] SCRIPT_NAME: `/identity` {{(pid=61402) log_request_info /opt/stack/keystone/keystone/server/flask/request_processing/req_logging.py:27}}
Sep 10 11:30:11 jammy-provider-cloud-0000007602 devstack@keystone.service[61402]: DEBUG keystone.server.flask.request_processing.req_logging [None req-589cb1a5-d985-4714-bdc0-9b5d8efaa0a9 None admin] PATH_INFO: `/v3/domains/default/users/c55d8d17ca174f608a55024f6b97e79f/roles/fd99a79a94954d988f2bafcb13fd0703` {{(pid=61402) log_request_info /opt/stack/keystone/keystone/server/flask/request_processing/req_logging.py:28}}
Sep 10 11:30:11 jammy-provider-cloud-0000007602 devstack@keystone.service[61402]: DEBUG keystone.common.rbac_enforcer.enforcer [None req-589cb1a5-d985-4714-bdc0-9b5d8efaa0a9 None admin] RBAC: Authorizing `identity:create_grant(domain_id=default, user_id=c55d8d17ca174f608a55024f6b97e79f, role_id=fd99a79a94954d988f2bafcb13fd0703)` {{(pid=61402) enforce_call /opt/stack/keystone/keystone/common/rbac_enforcer/enforcer.py:503}}
Sep 10 11:30:11 jammy-provider-cloud-0000007602 devstack@keystone.service[61402]: DEBUG keystone.common.rbac_enforcer.enforcer [None req-589cb1a5-d985-4714-bdc0-9b5d8efaa0a9 None admin] RBAC: Authorization granted {{(pid=61402) enforce_call /opt/stack/keystone/keystone/common/rbac_enforcer/enforcer.py:514}}
Sep 10 11:30:11 jammy-provider-cloud-0000007602 devstack@keystone.service[61402]: [pid: 61402|app: 0|req: 10/21] 10.201.5.87 () {58 vars in 1361 bytes} [Tue Sep 10 11:30:11 2024] PUT /identity/v3/domains/default/users/c55d8d17ca174f608a55024f6b97e79f/roles/fd99a79a94954d988f2bafcb13fd0703 => generated 0 bytes in 127 msecs (HTTP/1.1 204) 3 headers in 132 bytes (0 switches on core 0)
Sep 10 11:30:12 jammy-provider-cloud-0000007602 devstack@keystone.service[61403]: DEBUG keystone.server.flask.request_processing.req_logging [None req-bc9a7c1a-45cb-4b8b-8bbd-eb371ab42ac3 None None] REQUEST_METHOD: `GET` {{(pid=61403) log_request_info /opt/stack/keystone/keystone/server/flask/request_processing/req_logging.py:26}}
Sep 10 11:30:12 jammy-provider-cloud-0000007602 devstack@keystone.service[61403]: DEBUG keystone.server.flask.request_processing.req_logging [None req-bc9a7c1a-45cb-4b8b-8bbd-eb371ab42ac3 None None] SCRIPT_NAME: `/identity` {{(pid=61403) log_request_info /opt/stack/keystone/keystone/server/flask/request_processing/req_logging.py:27}}
Sep 10 11:30:12 jammy-provider-cloud-0000007602 devstack@keystone.service[61403]: DEBUG keystone.server.flask.request_processing.req_logging [None req-bc9a7c1a-45cb-4b8b-8bbd-eb371ab42ac3 None None] PATH_INFO: `/` {{(pid=61403) log_request_info /opt/stack/keystone/keystone/server/flask/request_processing/req_logging.py:28}}
Sep 10 11:30:12 jammy-provider-cloud-0000007602 devstack@keystone.service[61403]: [pid: 61403|app: 0|req: 12/22] 10.201.5.87 () {54 vars in 926 bytes} [Tue Sep 10 11:30:12 2024] GET /identity => generated 270 bytes in 1 msecs (HTTP/1.1 300) 6 headers in 234 bytes (1 switches on core 0)
Sep 10 11:30:12 jammy-provider-cloud-0000007602 devstack@keystone.service[61402]: DEBUG keystone.server.flask.request_processing.req_logging [None req-e38c6e41-dffe-4fed-a620-cec336d8848d None None] REQUEST_METHOD: `POST` {{(pid=61402) log_request_info /opt/stack/keystone/keystone/server/flask/request_processing/req_logging.py:26}}
Sep 10 11:30:12 jammy-provider-cloud-0000007602 devstack@keystone.service[61402]: DEBUG keystone.server.flask.request_processing.req_logging [None req-e38c6e41-dffe-4fed-a620-cec336d8848d None None] SCRIPT_NAME: `/identity` {{(pid=61402) log_request_info /opt/stack/keystone/keystone/server/flask/request_processing/req_logging.py:27}}
Sep 10 11:30:12 jammy-provider-cloud-0000007602 devstack@keystone.service[61402]: DEBUG keystone.server.flask.request_processing.req_logging [None req-e38c6e41-dffe-4fed-a620-cec336d8848d None None] PATH_INFO: `/v3/auth/tokens` {{(pid=61402) log_request_info /opt/stack/keystone/keystone/server/flask/request_processing/req_logging.py:28}}
Sep 10 11:30:12 jammy-provider-cloud-0000007602 devstack@keystone.service[61402]: WARNING keystone.common.password_hashing [None req-e38c6e41-dffe-4fed-a620-cec336d8848d None None] Truncating password to algorithm specific maximum length 72 characters.
Sep 10 11:30:12 jammy-provider-cloud-0000007602 devstack@keystone.service[61402]: DEBUG keystone.auth.core [None req-e38c6e41-dffe-4fed-a620-cec336d8848d None None] MFA Rules not processed for user `c55d8d17ca174f608a55024f6b97e79f`. Rule list: `[]` (Enabled: `True`). {{(pid=61402) check_auth_methods_against_rules /opt/stack/keystone/keystone/auth/core.py:476}}
Sep 10 11:30:12 jammy-provider-cloud-0000007602 devstack@keystone.service[61402]: DEBUG keystone.common.fernet_utils [None req-e38c6e41-dffe-4fed-a620-cec336d8848d None None] Loaded 2 Fernet keys from /etc/keystone/fernet-keys/, but `[fernet_tokens] max_active_keys = 3`; perhaps there have not been enough key rotations to reach `max_active_keys` yet? {{(pid=61402) load_keys /opt/stack/keystone/keystone/common/fernet_utils.py:298}}
Sep 10 11:30:12 jammy-provider-cloud-0000007602 devstack@keystone.service[61403]: DEBUG keystone.server.flask.request_processing.req_logging [None req-55139f91-e65c-4d6e-abdd-9682d34906f1 None None] REQUEST_METHOD: `GET` {{(pid=61403) log_request_info /opt/stack/keystone/keystone/server/flask/request_processing/req_logging.py:26}}
Sep 10 11:30:12 jammy-provider-cloud-0000007602 devstack@keystone.service[61403]: DEBUG keystone.server.flask.request_processing.req_logging [None req-55139f91-e65c-4d6e-abdd-9682d34906f1 None None] SCRIPT_NAME: `/identity` {{(pid=61403) log_request_info /opt/stack/keystone/keystone/server/flask/request_processing/req_logging.py:27}}
Sep 10 11:30:12 jammy-provider-cloud-0000007602 devstack@keystone.service[61403]: DEBUG keystone.server.flask.request_processing.req_logging [None req-55139f91-e65c-4d6e-abdd-9682d34906f1 None None] PATH_INFO: `/` {{(pid=61403) log_request_info /opt/stack/keystone/keystone/server/flask/request_processing/req_logging.py:28}}
Sep 10 11:30:12 jammy-provider-cloud-0000007602 devstack@keystone.service[61403]: [pid: 61403|app: 0|req: 13/23] 10.201.5.87 () {54 vars in 926 bytes} [Tue Sep 10 11:30:12 2024] GET /identity => generated 270 bytes in 1 msecs (HTTP/1.1 300) 6 headers in 234 bytes (2 switches on core 0)
Sep 10 11:30:12 jammy-provider-cloud-0000007602 devstack@keystone.service[61403]: DEBUG keystone.server.flask.request_processing.req_logging [None req-8ffbbdf6-b58f-454b-a10f-196d05e0d7b2 None None] REQUEST_METHOD: `POST` {{(pid=61403) log_request_info /opt/stack/keystone/keystone/server/flask/request_processing/req_logging.py:26}}
Sep 10 11:30:12 jammy-provider-cloud-0000007602 devstack@keystone.service[61403]: DEBUG keystone.server.flask.request_processing.req_logging [None req-8ffbbdf6-b58f-454b-a10f-196d05e0d7b2 None None] SCRIPT_NAME: `/identity` {{(pid=61403) log_request_info /opt/stack/keystone/keystone/server/flask/request_processing/req_logging.py:27}}
Sep 10 11:30:12 jammy-provider-cloud-0000007602 devstack@keystone.service[61403]: DEBUG keystone.server.flask.request_processing.req_logging [None req-8ffbbdf6-b58f-454b-a10f-196d05e0d7b2 None None] PATH_INFO: `/v3/auth/tokens` {{(pid=61403) log_request_info /opt/stack/keystone/keystone/server/flask/request_processing/req_logging.py:28}}
Sep 10 11:30:12 jammy-provider-cloud-0000007602 devstack@keystone.service[61402]: [pid: 61402|app: 0|req: 11/24] 10.201.5.87 () {58 vars in 1023 bytes} [Tue Sep 10 11:30:12 2024] POST /identity/v3/auth/tokens => generated 862 bytes in 63 msecs (HTTP/1.1 201) 6 headers in 363 bytes (1 switches on core 0)
Sep 10 11:30:12 jammy-provider-cloud-0000007602 devstack@keystone.service[61403]: WARNING keystone.common.password_hashing [None req-8ffbbdf6-b58f-454b-a10f-196d05e0d7b2 None None] Truncating password to algorithm specific maximum length 72 characters.
Sep 10 11:30:12 jammy-provider-cloud-0000007602 devstack@keystone.service[61403]: DEBUG passlib.handlers.bcrypt [None req-8ffbbdf6-b58f-454b-a10f-196d05e0d7b2 None None] detected 'bcrypt' backend, version '4.0.1' {{(pid=61403) _load_backend_mixin /opt/stack/data/venv/lib/python3.10/site-packages/passlib/handlers/bcrypt.py:625}}
Sep 10 11:30:12 jammy-provider-cloud-0000007602 devstack@keystone.service[61403]: DEBUG passlib.handlers.bcrypt [None req-8ffbbdf6-b58f-454b-a10f-196d05e0d7b2 None None] 'bcrypt' backend lacks $2$ support, enabling workaround {{(pid=61403) _finalize_backend_mixin /opt/stack/data/venv/lib/python3.10/site-packages/passlib/handlers/bcrypt.py:406}}
Sep 10 11:30:13 jammy-provider-cloud-0000007602 devstack@keystone.service[61402]: DEBUG keystone.server.flask.request_processing.req_logging [None req-16366222-3e87-43eb-b400-25faf72f5c96 None None] REQUEST_METHOD: `GET` {{(pid=61402) log_request_info /opt/stack/keystone/keystone/server/flask/request_processing/req_logging.py:26}}
Sep 10 11:30:13 jammy-provider-cloud-0000007602 devstack@keystone.service[61402]: DEBUG keystone.server.flask.request_processing.req_logging [None req-16366222-3e87-43eb-b400-25faf72f5c96 None None] SCRIPT_NAME: `/identity` {{(pid=61402) log_request_info /opt/stack/keystone/keystone/server/flask/request_processing/req_logging.py:27}}
Sep 10 11:30:13 jammy-provider-cloud-0000007602 devstack@keystone.service[61402]: DEBUG keystone.server.flask.request_processing.req_logging [None req-16366222-3e87-43eb-b400-25faf72f5c96 None None] PATH_INFO: `/` {{(pid=61402) log_request_info /opt/stack/keystone/keystone/server/flask/request_processing/req_logging.py:28}}
Sep 10 11:30:13 jammy-provider-cloud-0000007602 devstack@keystone.service[61402]: [pid: 61402|app: 0|req: 12/25] 10.201.5.87 () {54 vars in 926 bytes} [Tue Sep 10 11:30:13 2024] GET /identity => generated 270 bytes in 2 msecs (HTTP/1.1 300) 6 headers in 234 bytes (2 switches on core 0)
Sep 10 11:30:13 jammy-provider-cloud-0000007602 devstack@keystone.service[61402]: DEBUG keystone.server.flask.request_processing.req_logging [None req-24c138e9-35b8-42dc-aebc-f341c44f0d36 None None] REQUEST_METHOD: `POST` {{(pid=61402) log_request_info /opt/stack/keystone/keystone/server/flask/request_processing/req_logging.py:26}}
Sep 10 11:30:13 jammy-provider-cloud-0000007602 devstack@keystone.service[61402]: DEBUG keystone.server.flask.request_processing.req_logging [None req-24c138e9-35b8-42dc-aebc-f341c44f0d36 None None] SCRIPT_NAME: `/identity` {{(pid=61402) log_request_info /opt/stack/keystone/keystone/server/flask/request_processing/req_logging.py:27}}
Sep 10 11:30:13 jammy-provider-cloud-0000007602 devstack@keystone.service[61402]: DEBUG keystone.server.flask.request_processing.req_logging [None req-24c138e9-35b8-42dc-aebc-f341c44f0d36 None None] PATH_INFO: `/v3/auth/tokens` {{(pid=61402) log_request_info /opt/stack/keystone/keystone/server/flask/request_processing/req_logging.py:28}}
Sep 10 11:30:13 jammy-provider-cloud-0000007602 devstack@keystone.service[61402]: WARNING keystone.common.password_hashing [None req-24c138e9-35b8-42dc-aebc-f341c44f0d36 None None] Truncating password to algorithm specific maximum length 72 characters.
Sep 10 11:30:13 jammy-provider-cloud-0000007602 devstack@keystone.service[61402]: DEBUG keystone.auth.core [None req-24c138e9-35b8-42dc-aebc-f341c44f0d36 None None] MFA Rules not processed for user `c55d8d17ca174f608a55024f6b97e79f`. Rule list: `[]` (Enabled: `True`). {{(pid=61402) check_auth_methods_against_rules /opt/stack/keystone/keystone/auth/core.py:476}}
Sep 10 11:30:13 jammy-provider-cloud-0000007602 devstack@keystone.service[61402]: DEBUG keystone.common.fernet_utils [None req-24c138e9-35b8-42dc-aebc-f341c44f0d36 None None] Loaded 2 Fernet keys from /etc/keystone/fernet-keys/, but `[fernet_tokens] max_active_keys = 3`; perhaps there have not been enough key rotations to reach `max_active_keys` yet? {{(pid=61402) load_keys /opt/stack/keystone/keystone/common/fernet_utils.py:298}}
Sep 10 11:30:13 jammy-provider-cloud-0000007602 devstack@keystone.service[61403]: DEBUG keystone.auth.core [None req-8ffbbdf6-b58f-454b-a10f-196d05e0d7b2 None None] MFA Rules not processed for user `c55d8d17ca174f608a55024f6b97e79f`. Rule list: `[]` (Enabled: `True`). {{(pid=61403) check_auth_methods_against_rules /opt/stack/keystone/keystone/auth/core.py:476}}
Sep 10 11:30:13 jammy-provider-cloud-0000007602 devstack@keystone.service[61403]: DEBUG keystone.common.fernet_utils [None req-8ffbbdf6-b58f-454b-a10f-196d05e0d7b2 None None] Loaded 2 Fernet keys from /etc/keystone/fernet-keys/, but `[fernet_tokens] max_active_keys = 3`; perhaps there have not been enough key rotations to reach `max_active_keys` yet? {{(pid=61403) load_keys /opt/stack/keystone/keystone/common/fernet_utils.py:298}}
Sep 10 11:30:13 jammy-provider-cloud-0000007602 devstack@keystone.service[61402]: [pid: 61402|app: 0|req: 13/26] 10.201.5.87 () {58 vars in 1023 bytes} [Tue Sep 10 11:30:13 2024] POST /identity/v3/auth/tokens => generated 862 bytes in 56 msecs (HTTP/1.1 201) 6 headers in 363 bytes (2 switches on core 0)
Sep 10 11:30:13 jammy-provider-cloud-0000007602 devstack@keystone.service[61403]: [pid: 61403|app: 0|req: 14/27] 10.201.5.87 () {58 vars in 1023 bytes} [Tue Sep 10 11:30:12 2024] POST /identity/v3/auth/tokens => generated 862 bytes in 109 msecs (HTTP/1.1 201) 6 headers in 363 bytes (1 switches on core 0)
Sep 10 11:30:13 jammy-provider-cloud-0000007602 devstack@keystone.service[61402]: DEBUG keystone.server.flask.request_processing.middleware.auth_context [None req-24c138e9-35b8-42dc-aebc-f341c44f0d36 None None] Authenticating user token {{(pid=61402) process_request /opt/stack/data/venv/lib/python3.10/site-packages/keystonemiddleware/auth_token/__init__.py:406}}
Sep 10 11:30:13 jammy-provider-cloud-0000007602 devstack@keystone.service[61402]: DEBUG keystone.server.flask.request_processing.middleware.auth_context [None req-24c138e9-35b8-42dc-aebc-f341c44f0d36 None None] Validating token access rules against request {{(pid=61402) validate_allowed_request /opt/stack/data/venv/lib/python3.10/site-packages/keystonemiddleware/auth_token/__init__.py:544}}
Sep 10 11:30:13 jammy-provider-cloud-0000007602 devstack@keystone.service[61402]: DEBUG keystone.server.flask.request_processing.middleware.auth_context [None req-c4a73316-2ada-4c26-a005-7c83edd0c15d None admin] RBAC: auth_context: {'token': <TokenModel (audit_id=vF6EnnI4SmqJucLiLJFM7A, audit_chain_id=['vF6EnnI4SmqJucLiLJFM7A']) at 0x7f988e746e00>, 'domain_id': None, 'trust_id': None, 'trustor_id': None, 'trustee_id': None, 'domain_name': None, 'group_ids': [], 'user_id': 'c55d8d17ca174f608a55024f6b97e79f', 'user_domain_id': 'default', 'system_scope': 'all', 'project_id': None, 'project_domain_id': None, 'roles': ['admin', 'manager', 'member', 'reader'], 'is_admin_project': True, 'service_user_id': None, 'service_user_domain_id': None, 'service_project_id': None, 'service_project_domain_id': None, 'service_roles': []} {{(pid=61402) fill_context /opt/stack/keystone/keystone/server/flask/request_processing/middleware/auth_context.py:511}}
Sep 10 11:30:13 jammy-provider-cloud-0000007602 devstack@keystone.service[61402]: DEBUG keystone.server.flask.request_processing.req_logging [None req-c4a73316-2ada-4c26-a005-7c83edd0c15d None admin] REQUEST_METHOD: `GET` {{(pid=61402) log_request_info /opt/stack/keystone/keystone/server/flask/request_processing/req_logging.py:26}}
Sep 10 11:30:13 jammy-provider-cloud-0000007602 devstack@keystone.service[61403]: DEBUG keystone.server.flask.request_processing.middleware.auth_context [None req-8ffbbdf6-b58f-454b-a10f-196d05e0d7b2 None None] Authenticating user token {{(pid=61403) process_request /opt/stack/data/venv/lib/python3.10/site-packages/keystonemiddleware/auth_token/__init__.py:406}}
Sep 10 11:30:13 jammy-provider-cloud-0000007602 devstack@keystone.service[61402]: DEBUG keystone.server.flask.request_processing.req_logging [None req-c4a73316-2ada-4c26-a005-7c83edd0c15d None admin] SCRIPT_NAME: `/identity` {{(pid=61402) log_request_info /opt/stack/keystone/keystone/server/flask/request_processing/req_logging.py:27}}
Sep 10 11:30:13 jammy-provider-cloud-0000007602 devstack@keystone.service[61402]: DEBUG keystone.server.flask.request_processing.req_logging [None req-c4a73316-2ada-4c26-a005-7c83edd0c15d None admin] PATH_INFO: `/v3/domains/Default` {{(pid=61402) log_request_info /opt/stack/keystone/keystone/server/flask/request_processing/req_logging.py:28}}
Sep 10 11:30:13 jammy-provider-cloud-0000007602 devstack@keystone.service[61402]: DEBUG keystone.common.rbac_enforcer.enforcer [None req-c4a73316-2ada-4c26-a005-7c83edd0c15d None admin] RBAC: Authorizing `identity:get_domain(domain_id=Default)` {{(pid=61402) enforce_call /opt/stack/keystone/keystone/common/rbac_enforcer/enforcer.py:503}}
Sep 10 11:30:13 jammy-provider-cloud-0000007602 devstack@keystone.service[61402]: DEBUG keystone.common.rbac_enforcer.enforcer [None req-c4a73316-2ada-4c26-a005-7c83edd0c15d None admin] RBAC: Authorization granted {{(pid=61402) enforce_call /opt/stack/keystone/keystone/common/rbac_enforcer/enforcer.py:514}}
Sep 10 11:30:13 jammy-provider-cloud-0000007602 devstack@keystone.service[61402]: DEBUG keystone.server.flask.application [None req-c4a73316-2ada-4c26-a005-7c83edd0c15d None admin] Could not find domain: Default. {{(pid=61402) _handle_keystone_exception /opt/stack/keystone/keystone/server/flask/application.py:96}}
Sep 10 11:30:13 jammy-provider-cloud-0000007602 devstack@keystone.service[61402]: [pid: 61402|app: 0|req: 14/28] 10.201.5.87 () {56 vars in 1108 bytes} [Tue Sep 10 11:30:13 2024] GET /identity/v3/domains/Default => generated 87 bytes in 92 msecs (HTTP/1.1 404) 5 headers in 183 bytes (1 switches on core 0)
Sep 10 11:30:13 jammy-provider-cloud-0000007602 devstack@keystone.service[61402]: DEBUG keystone.server.flask.request_processing.middleware.auth_context [None req-c4a73316-2ada-4c26-a005-7c83edd0c15d None admin] Authenticating user token {{(pid=61402) process_request /opt/stack/data/venv/lib/python3.10/site-packages/keystonemiddleware/auth_token/__init__.py:406}}
Sep 10 11:30:13 jammy-provider-cloud-0000007602 devstack@keystone.service[61403]: DEBUG keystone.server.flask.request_processing.middleware.auth_context [None req-8ffbbdf6-b58f-454b-a10f-196d05e0d7b2 None None] Validating token access rules against request {{(pid=61403) validate_allowed_request /opt/stack/data/venv/lib/python3.10/site-packages/keystonemiddleware/auth_token/__init__.py:544}}
Sep 10 11:30:13 jammy-provider-cloud-0000007602 devstack@keystone.service[61403]: DEBUG keystone.server.flask.request_processing.middleware.auth_context [None req-0b87d368-a408-490c-8e72-d927db5313f5 None admin] RBAC: auth_context: {'token': <TokenModel (audit_id=5FhYrQ48SGS3xtpcWa0gdA, audit_chain_id=['5FhYrQ48SGS3xtpcWa0gdA']) at 0x7f988ec59c00>, 'domain_id': None, 'trust_id': None, 'trustor_id': None, 'trustee_id': None, 'domain_name': None, 'group_ids': [], 'user_id': 'c55d8d17ca174f608a55024f6b97e79f', 'user_domain_id': 'default', 'system_scope': 'all', 'project_id': None, 'project_domain_id': None, 'roles': ['admin', 'manager', 'member', 'reader'], 'is_admin_project': True, 'service_user_id': None, 'service_user_domain_id': None, 'service_project_id': None, 'service_project_domain_id': None, 'service_roles': []} {{(pid=61403) fill_context /opt/stack/keystone/keystone/server/flask/request_processing/middleware/auth_context.py:511}}
Sep 10 11:30:13 jammy-provider-cloud-0000007602 devstack@keystone.service[61403]: DEBUG keystone.server.flask.request_processing.req_logging [None req-0b87d368-a408-490c-8e72-d927db5313f5 None admin] REQUEST_METHOD: `POST` {{(pid=61403) log_request_info /opt/stack/keystone/keystone/server/flask/request_processing/req_logging.py:26}}
Sep 10 11:30:13 jammy-provider-cloud-0000007602 devstack@keystone.service[61403]: DEBUG keystone.server.flask.request_processing.req_logging [None req-0b87d368-a408-490c-8e72-d927db5313f5 None admin] SCRIPT_NAME: `/identity` {{(pid=61403) log_request_info /opt/stack/keystone/keystone/server/flask/request_processing/req_logging.py:27}}
Sep 10 11:30:13 jammy-provider-cloud-0000007602 devstack@keystone.service[61403]: DEBUG keystone.server.flask.request_processing.req_logging [None req-0b87d368-a408-490c-8e72-d927db5313f5 None admin] PATH_INFO: `/v3/roles` {{(pid=61403) log_request_info /opt/stack/keystone/keystone/server/flask/request_processing/req_logging.py:28}}
Sep 10 11:30:13 jammy-provider-cloud-0000007602 devstack@keystone.service[61403]: DEBUG keystone.common.rbac_enforcer.enforcer [None req-0b87d368-a408-490c-8e72-d927db5313f5 None admin] RBAC: Authorizing `identity:create_role()` {{(pid=61403) enforce_call /opt/stack/keystone/keystone/common/rbac_enforcer/enforcer.py:503}}
Sep 10 11:30:13 jammy-provider-cloud-0000007602 devstack@keystone.service[61403]: DEBUG keystone.common.rbac_enforcer.enforcer [None req-0b87d368-a408-490c-8e72-d927db5313f5 None admin] RBAC: Authorization granted {{(pid=61403) enforce_call /opt/stack/keystone/keystone/common/rbac_enforcer/enforcer.py:514}}
Sep 10 11:30:13 jammy-provider-cloud-0000007602 devstack@keystone.service[61402]: DEBUG keystone.server.flask.request_processing.middleware.auth_context [None req-c4a73316-2ada-4c26-a005-7c83edd0c15d None admin] Validating token access rules against request {{(pid=61402) validate_allowed_request /opt/stack/data/venv/lib/python3.10/site-packages/keystonemiddleware/auth_token/__init__.py:544}}
Sep 10 11:30:13 jammy-provider-cloud-0000007602 devstack@keystone.service[61403]: DEBUG keystone.common.sql.core [None req-0b87d368-a408-490c-8e72-d927db5313f5 None admin] Conflict role: (pymysql.err.IntegrityError) (1062, "Duplicate entry 'service-<<null>>' for key 'role.ixu_role_name_domain_id'")
Sep 10 11:30:13 jammy-provider-cloud-0000007602 devstack@keystone.service[61403]: [SQL: INSERT INTO `role` (id, name, description, extra) VALUES (%(id)s, %(name)s, %(description)s, %(extra)s)]
Sep 10 11:30:13 jammy-provider-cloud-0000007602 devstack@keystone.service[61403]: [parameters: {'id': 'c6a9deb1e9a3452588e88e1df8a047bd', 'name': 'service', 'description': None, 'extra': '{}'}]
Sep 10 11:30:13 jammy-provider-cloud-0000007602 devstack@keystone.service[61403]: (Background on this error at: https://sqlalche.me/e/20/gkpj) {{(pid=61403) wrapper /opt/stack/keystone/keystone/common/sql/core.py:547}}
Sep 10 11:30:13 jammy-provider-cloud-0000007602 devstack@keystone.service[61403]: ERROR keystone.server.flask.application [None req-0b87d368-a408-490c-8e72-d927db5313f5 None admin] Conflict occurred attempting to store role - Duplicate entry found with name service.: keystone.exception.Conflict: Conflict occurred attempting to store role - Duplicate entry found with name service.
Sep 10 11:30:13 jammy-provider-cloud-0000007602 devstack@keystone.service[61403]: ERROR keystone.server.flask.application Traceback (most recent call last):
Sep 10 11:30:13 jammy-provider-cloud-0000007602 devstack@keystone.service[61403]: ERROR keystone.server.flask.application   File "/opt/stack/data/venv/lib/python3.10/site-packages/sqlalchemy/engine/base.py", line 1967, in _exec_single_context
Sep 10 11:30:13 jammy-provider-cloud-0000007602 devstack@keystone.service[61403]: ERROR keystone.server.flask.application     self.dialect.do_execute(
Sep 10 11:30:13 jammy-provider-cloud-0000007602 devstack@keystone.service[61403]: ERROR keystone.server.flask.application   File "/opt/stack/data/venv/lib/python3.10/site-packages/sqlalchemy/engine/default.py", line 941, in do_execute
Sep 10 11:30:13 jammy-provider-cloud-0000007602 devstack@keystone.service[61403]: ERROR keystone.server.flask.application     cursor.execute(statement, parameters)
Sep 10 11:30:13 jammy-provider-cloud-0000007602 devstack@keystone.service[61403]: ERROR keystone.server.flask.application   File "/opt/stack/data/venv/lib/python3.10/site-packages/pymysql/cursors.py", line 153, in execute
Sep 10 11:30:13 jammy-provider-cloud-0000007602 devstack@keystone.service[61403]: ERROR keystone.server.flask.application     result = self._query(query)
Sep 10 11:30:13 jammy-provider-cloud-0000007602 devstack@keystone.service[61403]: ERROR keystone.server.flask.application   File "/opt/stack/data/venv/lib/python3.10/site-packages/pymysql/cursors.py", line 322, in _query
Sep 10 11:30:13 jammy-provider-cloud-0000007602 devstack@keystone.service[61403]: ERROR keystone.server.flask.application     conn.query(q)
Sep 10 11:30:13 jammy-provider-cloud-0000007602 devstack@keystone.service[61403]: ERROR keystone.server.flask.application   File "/opt/stack/data/venv/lib/python3.10/site-packages/pymysql/connections.py", line 563, in query
Sep 10 11:30:13 jammy-provider-cloud-0000007602 devstack@keystone.service[61403]: ERROR keystone.server.flask.application     self._affected_rows = self._read_query_result(unbuffered=unbuffered)
Sep 10 11:30:13 jammy-provider-cloud-0000007602 devstack@keystone.service[61403]: ERROR keystone.server.flask.application   File "/opt/stack/data/venv/lib/python3.10/site-packages/pymysql/connections.py", line 825, in _read_query_result
Sep 10 11:30:13 jammy-provider-cloud-0000007602 devstack@keystone.service[61403]: ERROR keystone.server.flask.application     result.read()
Sep 10 11:30:13 jammy-provider-cloud-0000007602 devstack@keystone.service[61403]: ERROR keystone.server.flask.application   File "/opt/stack/data/venv/lib/python3.10/site-packages/pymysql/connections.py", line 1199, in read
Sep 10 11:30:13 jammy-provider-cloud-0000007602 devstack@keystone.service[61403]: ERROR keystone.server.flask.application     first_packet = self.connection._read_packet()
Sep 10 11:30:13 jammy-provider-cloud-0000007602 devstack@keystone.service[61403]: ERROR keystone.server.flask.application   File "/opt/stack/data/venv/lib/python3.10/site-packages/pymysql/connections.py", line 775, in _read_packet
Sep 10 11:30:13 jammy-provider-cloud-0000007602 devstack@keystone.service[61403]: ERROR keystone.server.flask.application     packet.raise_for_error()
Sep 10 11:30:13 jammy-provider-cloud-0000007602 devstack@keystone.service[61403]: ERROR keystone.server.flask.application   File "/opt/stack/data/venv/lib/python3.10/site-packages/pymysql/protocol.py", line 219, in raise_for_error
Sep 10 11:30:13 jammy-provider-cloud-0000007602 devstack@keystone.service[61403]: ERROR keystone.server.flask.application     err.raise_mysql_exception(self._data)
Sep 10 11:30:13 jammy-provider-cloud-0000007602 devstack@keystone.service[61403]: ERROR keystone.server.flask.application   File "/opt/stack/data/venv/lib/python3.10/site-packages/pymysql/err.py", line 150, in raise_mysql_exception
Sep 10 11:30:13 jammy-provider-cloud-0000007602 devstack@keystone.service[61403]: ERROR keystone.server.flask.application     raise errorclass(errno, errval)
Sep 10 11:30:13 jammy-provider-cloud-0000007602 devstack@keystone.service[61403]: ERROR keystone.server.flask.application pymysql.err.IntegrityError: (1062, "Duplicate entry 'service-<<null>>' for key 'role.ixu_role_name_domain_id'")
Sep 10 11:30:13 jammy-provider-cloud-0000007602 devstack@keystone.service[61403]: ERROR keystone.server.flask.application 
Sep 10 11:30:13 jammy-provider-cloud-0000007602 devstack@keystone.service[61403]: ERROR keystone.server.flask.application The above exception was the direct cause of the following exception:
Sep 10 11:30:13 jammy-provider-cloud-0000007602 devstack@keystone.service[61403]: ERROR keystone.server.flask.application 
Sep 10 11:30:13 jammy-provider-cloud-0000007602 devstack@keystone.service[61403]: ERROR keystone.server.flask.application Traceback (most recent call last):
Sep 10 11:30:13 jammy-provider-cloud-0000007602 devstack@keystone.service[61403]: ERROR keystone.server.flask.application   File "/opt/stack/keystone/keystone/common/sql/core.py", line 542, in wrapper
Sep 10 11:30:13 jammy-provider-cloud-0000007602 devstack@keystone.service[61403]: ERROR keystone.server.flask.application     return method(*args, **kwargs)
Sep 10 11:30:13 jammy-provider-cloud-0000007602 devstack@keystone.service[61403]: ERROR keystone.server.flask.application   File "/opt/stack/keystone/keystone/assignment/role_backends/sql.py", line 26, in create_role
Sep 10 11:30:13 jammy-provider-cloud-0000007602 devstack@keystone.service[61403]: ERROR keystone.server.flask.application     with sql.session_for_write() as session:
Sep 10 11:30:13 jammy-provider-cloud-0000007602 devstack@keystone.service[61403]: ERROR keystone.server.flask.application   File "/usr/lib/python3.10/contextlib.py", line 142, in __exit__
Sep 10 11:30:13 jammy-provider-cloud-0000007602 devstack@keystone.service[61403]: ERROR keystone.server.flask.application     next(self.gen)
Sep 10 11:30:13 jammy-provider-cloud-0000007602 devstack@keystone.service[61403]: ERROR keystone.server.flask.application   File "/opt/stack/data/venv/lib/python3.10/site-packages/oslo_db/sqlalchemy/enginefacade.py", line 1042, in _transaction_scope
Sep 10 11:30:13 jammy-provider-cloud-0000007602 devstack@keystone.service[61403]: ERROR keystone.server.flask.application     with current._produce_block(
Sep 10 11:30:13 jammy-provider-cloud-0000007602 devstack@keystone.service[61403]: ERROR keystone.server.flask.application   File "/usr/lib/python3.10/contextlib.py", line 142, in __exit__
Sep 10 11:30:13 jammy-provider-cloud-0000007602 devstack@keystone.service[61403]: ERROR keystone.server.flask.application     next(self.gen)
