Jun 12 23:00:10 ubuntu devstack@keystone.service[67893]: ERROR keystone.server.flask.application     ret = self._execute_context(
Jun 12 23:00:10 ubuntu devstack@keystone.service[67893]: ERROR keystone.server.flask.application           ^^^^^^^^^^^^^^^^^^^^^^
Jun 12 23:00:10 ubuntu devstack@keystone.service[67893]: ERROR keystone.server.flask.application   File "/opt/stack/data/venv/lib/python3.12/site-packages/sqlalchemy/engine/base.py", line 1848, in _execute_context
Jun 12 23:00:10 ubuntu devstack@keystone.service[67893]: ERROR keystone.server.flask.application     return self._exec_single_context(
Jun 12 23:00:10 ubuntu devstack@keystone.service[67893]: ERROR keystone.server.flask.application            ^^^^^^^^^^^^^^^^^^^^^^^^^^
Jun 12 23:00:10 ubuntu devstack@keystone.service[67893]: ERROR keystone.server.flask.application   File "/opt/stack/data/venv/lib/python3.12/site-packages/sqlalchemy/engine/base.py", line 1988, in _exec_single_context
Jun 12 23:00:10 ubuntu devstack@keystone.service[67893]: ERROR keystone.server.flask.application     self._handle_dbapi_exception(
Jun 12 23:00:10 ubuntu devstack@keystone.service[67893]: ERROR keystone.server.flask.application   File "/opt/stack/data/venv/lib/python3.12/site-packages/sqlalchemy/engine/base.py", line 2362, in _handle_dbapi_exception
Jun 12 23:00:10 ubuntu devstack@keystone.service[67893]: ERROR keystone.server.flask.application     raise newraise.with_traceback(exc_info[2]) from e
Jun 12 23:00:10 ubuntu devstack@keystone.service[67893]: ERROR keystone.server.flask.application   File "/opt/stack/data/venv/lib/python3.12/site-packages/sqlalchemy/engine/base.py", line 1969, in _exec_single_context
Jun 12 23:00:10 ubuntu devstack@keystone.service[67893]: ERROR keystone.server.flask.application     self.dialect.do_execute(
Jun 12 23:00:10 ubuntu devstack@keystone.service[67893]: ERROR keystone.server.flask.application   File "/opt/stack/data/venv/lib/python3.12/site-packages/sqlalchemy/engine/default.py", line 952, in do_execute
Jun 12 23:00:10 ubuntu devstack@keystone.service[67893]: ERROR keystone.server.flask.application     cursor.execute(statement, parameters)
Jun 12 23:00:10 ubuntu devstack@keystone.service[67893]: ERROR keystone.server.flask.application   File "/opt/stack/data/venv/lib/python3.12/site-packages/pymysql/cursors.py", line 159, in execute
Jun 12 23:00:10 ubuntu devstack@keystone.service[67893]: ERROR keystone.server.flask.application     result = self._query(query)
Jun 12 23:00:10 ubuntu devstack@keystone.service[67893]: ERROR keystone.server.flask.application              ^^^^^^^^^^^^^^^^^^
Jun 12 23:00:10 ubuntu devstack@keystone.service[67893]: ERROR keystone.server.flask.application   File "/opt/stack/data/venv/lib/python3.12/site-packages/pymysql/cursors.py", line 330, in _query
Jun 12 23:00:10 ubuntu devstack@keystone.service[67893]: ERROR keystone.server.flask.application     conn.query(q)
Jun 12 23:00:10 ubuntu devstack@keystone.service[67893]: ERROR keystone.server.flask.application   File "/opt/stack/data/venv/lib/python3.12/site-packages/pymysql/connections.py", line 582, in query
Jun 12 23:00:10 ubuntu devstack@keystone.service[67893]: ERROR keystone.server.flask.application     self._affected_rows = self._read_query_result(unbuffered=unbuffered)
Jun 12 23:00:10 ubuntu devstack@keystone.service[67893]: ERROR keystone.server.flask.application                           ^^^^^^^^^^^^^^^^^^^^^^^^^^^^^^^^^^^^^^^^^^^^^^
Jun 12 23:00:10 ubuntu devstack@keystone.service[67893]: ERROR keystone.server.flask.application   File "/opt/stack/data/venv/lib/python3.12/site-packages/pymysql/connections.py", line 847, in _read_query_result
Jun 12 23:00:10 ubuntu devstack@keystone.service[67893]: ERROR keystone.server.flask.application     result.read()
Jun 12 23:00:10 ubuntu devstack@keystone.service[67893]: ERROR keystone.server.flask.application   File "/opt/stack/data/venv/lib/python3.12/site-packages/pymysql/connections.py", line 1245, in read
Jun 12 23:00:10 ubuntu devstack@keystone.service[67893]: ERROR keystone.server.flask.application     first_packet = self.connection._read_packet()
Jun 12 23:00:10 ubuntu devstack@keystone.service[67893]: ERROR keystone.server.flask.application                    ^^^^^^^^^^^^^^^^^^^^^^^^^^^^^^
Jun 12 23:00:10 ubuntu devstack@keystone.service[67893]: ERROR keystone.server.flask.application   File "/opt/stack/data/venv/lib/python3.12/site-packages/pymysql/connections.py", line 803, in _read_packet
Jun 12 23:00:10 ubuntu devstack@keystone.service[67893]: ERROR keystone.server.flask.application     packet.raise_for_error()
Jun 12 23:00:10 ubuntu devstack@keystone.service[67893]: ERROR keystone.server.flask.application   File "/opt/stack/data/venv/lib/python3.12/site-packages/pymysql/protocol.py", line 219, in raise_for_error
Jun 12 23:00:10 ubuntu devstack@keystone.service[67893]: ERROR keystone.server.flask.application     err.raise_mysql_exception(self._data)
Jun 12 23:00:10 ubuntu devstack@keystone.service[67893]: ERROR keystone.server.flask.application   File "/opt/stack/data/venv/lib/python3.12/site-packages/pymysql/err.py", line 154, in raise_mysql_exception
Jun 12 23:00:10 ubuntu devstack@keystone.service[67893]: ERROR keystone.server.flask.application     raise errorclass(errno, errval, sqlstate=sqlstate)
Jun 12 23:00:10 ubuntu devstack@keystone.service[67893]: ERROR keystone.server.flask.application oslo_db.exception.DBDuplicateEntry: (pymysql.err.IntegrityError) (1062, "Duplicate entry 'service-<<null>>' for key 'role.ixu_role_name_domain_id'")
Jun 12 23:00:10 ubuntu devstack@keystone.service[67893]: ERROR keystone.server.flask.application [SQL: INSERT INTO `role` (id, name, description, extra) VALUES (%(id)s, %(name)s, %(description)s, %(extra)s)]
Jun 12 23:00:10 ubuntu devstack@keystone.service[67893]: ERROR keystone.server.flask.application [parameters: {'id': '66caafab158147f0a8f07fe6c61c88df', 'name': 'service', 'description': None, 'extra': '{}'}]
Jun 12 23:00:10 ubuntu devstack@keystone.service[67893]: ERROR keystone.server.flask.application (Background on this error at: https://sqlalche.me/e/20/gkpj)
Jun 12 23:00:10 ubuntu devstack@keystone.service[67893]: ERROR keystone.server.flask.application 
Jun 12 23:00:10 ubuntu devstack@keystone.service[67893]: ERROR keystone.server.flask.application During handling of the above exception, another exception occurred:
Jun 12 23:00:10 ubuntu devstack@keystone.service[67893]: ERROR keystone.server.flask.application 
Jun 12 23:00:10 ubuntu devstack@keystone.service[67893]: ERROR keystone.server.flask.application Traceback (most recent call last):
Jun 12 23:00:10 ubuntu devstack@keystone.service[67893]: ERROR keystone.server.flask.application   File "/opt/stack/data/venv/lib/python3.12/site-packages/flask_restful/__init__.py", line 295, in error_router
Jun 12 23:00:10 ubuntu devstack@keystone.service[67893]: ERROR keystone.server.flask.application     return self.handle_error(e)
Jun 12 23:00:10 ubuntu devstack@keystone.service[67893]: ERROR keystone.server.flask.application            ^^^^^^^^^^^^^^^^^^^^
Jun 12 23:00:10 ubuntu devstack@keystone.service[67893]: ERROR keystone.server.flask.application   File "/opt/stack/data/venv/lib/python3.12/site-packages/flask_restful/__init__.py", line 310, in handle_error
Jun 12 23:00:10 ubuntu devstack@keystone.service[67893]: ERROR keystone.server.flask.application     _handle_flask_propagate_exceptions_config(current_app, e)
Jun 12 23:00:10 ubuntu devstack@keystone.service[67893]: ERROR keystone.server.flask.application   File "/opt/stack/data/venv/lib/python3.12/site-packages/flask/app.py", line 917, in full_dispatch_request
Jun 12 23:00:10 ubuntu devstack@keystone.service[67893]: ERROR keystone.server.flask.application     rv = self.dispatch_request()
Jun 12 23:00:10 ubuntu devstack@keystone.service[67893]: ERROR keystone.server.flask.application          ^^^^^^^^^^^^^^^^^^^^^^^
Jun 12 23:00:10 ubuntu devstack@keystone.service[67893]: ERROR keystone.server.flask.application   File "/opt/stack/data/venv/lib/python3.12/site-packages/flask/app.py", line 902, in dispatch_request
Jun 12 23:00:10 ubuntu devstack@keystone.service[67893]: ERROR keystone.server.flask.application     return self.ensure_sync(self.view_functions[rule.endpoint])(**view_args)  # type: ignore[no-any-return]
Jun 12 23:00:10 ubuntu devstack@keystone.service[67893]: ERROR keystone.server.flask.application            ^^^^^^^^^^^^^^^^^^^^^^^^^^^^^^^^^^^^^^^^^^^^^^^^^^^^^^^^^^^^^^^^^
Jun 12 23:00:10 ubuntu devstack@keystone.service[67893]: ERROR keystone.server.flask.application   File "/opt/stack/data/venv/lib/python3.12/site-packages/flask_restful/__init__.py", line 489, in wrapper
Jun 12 23:00:10 ubuntu devstack@keystone.service[67893]: ERROR keystone.server.flask.application     resp = resource(*args, **kwargs)
Jun 12 23:00:10 ubuntu devstack@keystone.service[67893]: ERROR keystone.server.flask.application            ^^^^^^^^^^^^^^^^^^^^^^^^^
Jun 12 23:00:10 ubuntu devstack@keystone.service[67893]: ERROR keystone.server.flask.application   File "/opt/stack/data/venv/lib/python3.12/site-packages/flask/views.py", line 110, in view
Jun 12 23:00:10 ubuntu devstack@keystone.service[67893]: ERROR keystone.server.flask.application     return current_app.ensure_sync(self.dispatch_request)(**kwargs)  # type: ignore[no-any-return]
Jun 12 23:00:10 ubuntu devstack@keystone.service[67893]: ERROR keystone.server.flask.application            ^^^^^^^^^^^^^^^^^^^^^^^^^^^^^^^^^^^^^^^^^^^^^^^^^^^^^^^^
Jun 12 23:00:10 ubuntu devstack@keystone.service[67893]: ERROR keystone.server.flask.application   File "/opt/stack/data/venv/lib/python3.12/site-packages/flask_restful/__init__.py", line 604, in dispatch_request
Jun 12 23:00:10 ubuntu devstack@keystone.service[67893]: ERROR keystone.server.flask.application     resp = meth(*args, **kwargs)
Jun 12 23:00:10 ubuntu devstack@keystone.service[67893]: ERROR keystone.server.flask.application            ^^^^^^^^^^^^^^^^^^^^^
Jun 12 23:00:10 ubuntu devstack@keystone.service[67893]: ERROR keystone.server.flask.application   File "/opt/stack/keystone/keystone/api/validation/__init__.py", line 86, in wrapper
Jun 12 23:00:10 ubuntu devstack@keystone.service[67893]: ERROR keystone.server.flask.application     return func(*args, **kwargs)
Jun 12 23:00:10 ubuntu devstack@keystone.service[67893]: ERROR keystone.server.flask.application            ^^^^^^^^^^^^^^^^^^^^^
Jun 12 23:00:10 ubuntu devstack@keystone.service[67893]: ERROR keystone.server.flask.application   File "/opt/stack/keystone/keystone/api/validation/__init__.py", line 145, in wrapper
Jun 12 23:00:10 ubuntu devstack@keystone.service[67893]: ERROR keystone.server.flask.application     response = func(*args, **kwargs)
Jun 12 23:00:10 ubuntu devstack@keystone.service[67893]: ERROR keystone.server.flask.application                ^^^^^^^^^^^^^^^^^^^^^
Jun 12 23:00:10 ubuntu devstack@keystone.service[67893]: ERROR keystone.server.flask.application   File "/opt/stack/keystone/keystone/api/roles.py", line 91, in post
Jun 12 23:00:10 ubuntu devstack@keystone.service[67893]: ERROR keystone.server.flask.application     ref = PROVIDERS.role_api.create_role(
Jun 12 23:00:10 ubuntu devstack@keystone.service[67893]: ERROR keystone.server.flask.application           ^^^^^^^^^^^^^^^^^^^^^^^^^^^^^^^
Jun 12 23:00:10 ubuntu devstack@keystone.service[67893]: ERROR keystone.server.flask.application   File "/opt/stack/keystone/keystone/common/manager.py", line 114, in wrapped
Jun 12 23:00:10 ubuntu devstack@keystone.service[67893]: ERROR keystone.server.flask.application     __ret_val = __f(*args, **kwargs)
Jun 12 23:00:10 ubuntu devstack@keystone.service[67893]: ERROR keystone.server.flask.application                 ^^^^^^^^^^^^^^^^^^^^
Jun 12 23:00:10 ubuntu devstack@keystone.service[67893]: ERROR keystone.server.flask.application   File "/opt/stack/keystone/keystone/assignment/core.py", line 1486, in create_role
Jun 12 23:00:10 ubuntu devstack@keystone.service[67893]: ERROR keystone.server.flask.application     ret = self.driver.create_role(role_id, role)
Jun 12 23:00:10 ubuntu devstack@keystone.service[67893]: ERROR keystone.server.flask.application           ^^^^^^^^^^^^^^^^^^^^^^^^^^^^^^^^^^^^^^
Jun 12 23:00:10 ubuntu devstack@keystone.service[67893]: ERROR keystone.server.flask.application   File "/opt/stack/keystone/keystone/common/sql/core.py", line 614, in wrapper
Jun 12 23:00:10 ubuntu devstack@keystone.service[67893]: ERROR keystone.server.flask.application     raise exception.Conflict(type=conflict_type, details=msg)
Jun 12 23:00:10 ubuntu devstack@keystone.service[67893]: ERROR keystone.server.flask.application keystone.exception.Conflict: Conflict occurred attempting to store role - Duplicate entry found with name service.
Jun 12 23:00:10 ubuntu devstack@keystone.service[67893]: ERROR keystone.server.flask.application 
Jun 12 23:00:10 ubuntu devstack@keystone.service[67893]: [pid: 67893|app: 0|req: 19/37] 10.120.125.137 () {62 vars in 1199 bytes} [Fri Jun 12 23:00:10 2026] POST /identity/v3/roles => generated 140 bytes in 101 msecs (HTTP/1.1 409) 5 headers in 183 bytes (1 switches on core 0)
Jun 12 23:00:10 ubuntu devstack@keystone.service[67894]: DEBUG keystone.server.flask.request_processing.middleware.auth_context [None req-c930025c-348e-42a4-b1c6-566013f0bd4d None admin] RBAC: auth_context: {'token': <TokenModel (audit_id=dk5zQTxCQ7-qzLM1TSpjlA, audit_chain_id=['dk5zQTxCQ7-qzLM1TSpjlA']) at 0x79df85bdf080>, 'domain_id': None, 'trust_id': None, 'trustor_id': None, 'trustee_id': None, 'domain_name': None, 'group_ids': [], 'user_id': '21256426c83e4897b83ea7d574833766', 'user_domain_id': 'default', 'system_scope': 'all', 'project_id': None, 'project_domain_id': None, 'roles': ['admin', 'manager', 'member', 'reader'], 'is_admin_project': True, 'service_user_id': None, 'service_user_domain_id': None, 'service_project_id': None, 'service_project_domain_id': None, 'service_roles': []} {{(pid=67894) fill_context /opt/stack/keystone/keystone/server/flask/request_processing/middleware/auth_context.py:509}}
Jun 12 23:00:10 ubuntu devstack@keystone.service[67894]: DEBUG keystone.server.flask.request_processing.req_logging [None req-c930025c-348e-42a4-b1c6-566013f0bd4d None admin] REQUEST_METHOD: `GET` {{(pid=67894) log_request_info /opt/stack/keystone/keystone/server/flask/request_processing/req_logging.py:26}}
Jun 12 23:00:10 ubuntu devstack@keystone.service[67894]: DEBUG keystone.server.flask.request_processing.req_logging [None req-c930025c-348e-42a4-b1c6-566013f0bd4d None admin] SCRIPT_NAME: `/identity` {{(pid=67894) log_request_info /opt/stack/keystone/keystone/server/flask/request_processing/req_logging.py:27}}
Jun 12 23:00:10 ubuntu devstack@keystone.service[67894]: DEBUG keystone.server.flask.request_processing.req_logging [None req-c930025c-348e-42a4-b1c6-566013f0bd4d None admin] PATH_INFO: `/v3/domains/default` {{(pid=67894) log_request_info /opt/stack/keystone/keystone/server/flask/request_processing/req_logging.py:28}}
Jun 12 23:00:10 ubuntu devstack@keystone.service[67894]: DEBUG keystone.common.rbac_enforcer.enforcer [None req-c930025c-348e-42a4-b1c6-566013f0bd4d None admin] RBAC: Authorizing `identity:get_domain(domain_id=default)` {{(pid=67894) enforce_call /opt/stack/keystone/keystone/common/rbac_enforcer/enforcer.py:501}}
Jun 12 23:00:10 ubuntu devstack@keystone.service[67894]: DEBUG keystone.common.rbac_enforcer.enforcer [None req-c930025c-348e-42a4-b1c6-566013f0bd4d None admin] RBAC: Authorization granted {{(pid=67894) enforce_call /opt/stack/keystone/keystone/common/rbac_enforcer/enforcer.py:512}}
Jun 12 23:00:10 ubuntu devstack@keystone.service[67894]: [pid: 67894|app: 0|req: 19/38] 10.120.125.137 () {58 vars in 1175 bytes} [Fri Jun 12 23:00:10 2026] GET /identity/v3/domains/default => generated 200 bytes in 85 msecs (HTTP/1.1 200) 5 headers in 177 bytes (1 switches on core 0)
Jun 12 23:00:10 ubuntu devstack@keystone.service[67893]: DEBUG keystone.server.flask.request_processing.middleware.auth_context [None req-b9783e64-bc46-4eaa-a054-18dd2c8448bc None admin] Authenticating user token {{(pid=67893) process_request /opt/stack/data/venv/lib/python3.12/site-packages/keystonemiddleware/auth_token/__init__.py:406}}
Jun 12 23:00:10 ubuntu devstack@keystone.service[67894]: DEBUG keystone.server.flask.request_processing.middleware.auth_context [None req-c930025c-348e-42a4-b1c6-566013f0bd4d None admin] Authenticating user token {{(pid=67894) process_request /opt/stack/data/venv/lib/python3.12/site-packages/keystonemiddleware/auth_token/__init__.py:406}}
Jun 12 23:00:10 ubuntu devstack@keystone.service[67893]: DEBUG keystone.server.flask.request_processing.middleware.auth_context [None req-b9783e64-bc46-4eaa-a054-18dd2c8448bc None admin] Validating token access rules against request {{(pid=67893) validate_allowed_request /opt/stack/data/venv/lib/python3.12/site-packages/keystonemiddleware/auth_token/__init__.py:544}}
Jun 12 23:00:10 ubuntu devstack@keystone.service[67894]: DEBUG keystone.server.flask.request_processing.middleware.auth_context [None req-c930025c-348e-42a4-b1c6-566013f0bd4d None admin] Validating token access rules against request {{(pid=67894) validate_allowed_request /opt/stack/data/venv/lib/python3.12/site-packages/keystonemiddleware/auth_token/__init__.py:544}}
Jun 12 23:00:10 ubuntu devstack@keystone.service[67893]: DEBUG keystone.server.flask.request_processing.middleware.auth_context [None req-4042ad93-4f2d-4297-b130-8e5b19aaa780 None admin] RBAC: auth_context: {'token': <TokenModel (audit_id=L6VK4yZGT1-z9-BAm-0c5g, audit_chain_id=['L6VK4yZGT1-z9-BAm-0c5g']) at 0x79df85b3c6e0>, 'domain_id': None, 'trust_id': None, 'trustor_id': None, 'trustee_id': None, 'domain_name': None, 'group_ids': [], 'user_id': '21256426c83e4897b83ea7d574833766', 'user_domain_id': 'default', 'system_scope': 'all', 'project_id': None, 'project_domain_id': None, 'roles': ['admin', 'manager', 'member', 'reader'], 'is_admin_project': True, 'service_user_id': None, 'service_user_domain_id': None, 'service_project_id': None, 'service_project_domain_id': None, 'service_roles': []} {{(pid=67893) fill_context /opt/stack/keystone/keystone/server/flask/request_processing/middleware/auth_context.py:509}}
Jun 12 23:00:10 ubuntu devstack@keystone.service[67893]: DEBUG keystone.server.flask.request_processing.req_logging [None req-4042ad93-4f2d-4297-b130-8e5b19aaa780 None admin] REQUEST_METHOD: `GET` {{(pid=67893) log_request_info /opt/stack/keystone/keystone/server/flask/request_processing/req_logging.py:26}}
Jun 12 23:00:10 ubuntu devstack@keystone.service[67893]: DEBUG keystone.server.flask.request_processing.req_logging [None req-4042ad93-4f2d-4297-b130-8e5b19aaa780 None admin] SCRIPT_NAME: `/identity` {{(pid=67893) log_request_info /opt/stack/keystone/keystone/server/flask/request_processing/req_logging.py:27}}
Jun 12 23:00:10 ubuntu devstack@keystone.service[67893]: DEBUG keystone.server.flask.request_processing.req_logging [None req-4042ad93-4f2d-4297-b130-8e5b19aaa780 None admin] PATH_INFO: `/v3/roles/service` {{(pid=67893) log_request_info /opt/stack/keystone/keystone/server/flask/request_processing/req_logging.py:28}}
Jun 12 23:00:10 ubuntu devstack@keystone.service[67893]: DEBUG keystone.common.rbac_enforcer.enforcer [None req-4042ad93-4f2d-4297-b130-8e5b19aaa780 None admin] Extracting inferred target data resulted in "NOT FOUND (404)". {{(pid=67893) enforce_call /opt/stack/keystone/keystone/common/rbac_enforcer/enforcer.py:445}}
Jun 12 23:00:10 ubuntu devstack@keystone.service[67894]: DEBUG keystone.server.flask.request_processing.middleware.auth_context [None req-dd4daf1a-86ba-47f2-bd5f-d82a2d3ef822 None admin] RBAC: auth_context: {'token': <TokenModel (audit_id=dk5zQTxCQ7-qzLM1TSpjlA, audit_chain_id=['dk5zQTxCQ7-qzLM1TSpjlA']) at 0x79df85d56e10>, 'domain_id': None, 'trust_id': None, 'trustor_id': None, 'trustee_id': None, 'domain_name': None, 'group_ids': [], 'user_id': '21256426c83e4897b83ea7d574833766', 'user_domain_id': 'default', 'system_scope': 'all', 'project_id': None, 'project_domain_id': None, 'roles': ['admin', 'manager', 'member', 'reader'], 'is_admin_project': True, 'service_user_id': None, 'service_user_domain_id': None, 'service_project_id': None, 'service_project_domain_id': None, 'service_roles': []} {{(pid=67894) fill_context /opt/stack/keystone/keystone/server/flask/request_processing/middleware/auth_context.py:509}}
Jun 12 23:00:10 ubuntu devstack@keystone.service[67894]: DEBUG keystone.server.flask.request_processing.req_logging [None req-dd4daf1a-86ba-47f2-bd5f-d82a2d3ef822 None admin] REQUEST_METHOD: `GET` {{(pid=67894) log_request_info /opt/stack/keystone/keystone/server/flask/request_processing/req_logging.py:26}}
Jun 12 23:00:10 ubuntu devstack@keystone.service[67894]: DEBUG keystone.server.flask.request_processing.req_logging [None req-dd4daf1a-86ba-47f2-bd5f-d82a2d3ef822 None admin] SCRIPT_NAME: `/identity` {{(pid=67894) log_request_info /opt/stack/keystone/keystone/server/flask/request_processing/req_logging.py:27}}
Jun 12 23:00:10 ubuntu devstack@keystone.service[67894]: DEBUG keystone.server.flask.request_processing.req_logging [None req-dd4daf1a-86ba-47f2-bd5f-d82a2d3ef822 None admin] PATH_INFO: `/v3/role_assignments` {{(pid=67894) log_request_info /opt/stack/keystone/keystone/server/flask/request_processing/req_logging.py:28}}
Jun 12 23:00:10 ubuntu devstack@keystone.service[67893]: DEBUG keystone.server.flask.application [None req-4042ad93-4f2d-4297-b130-8e5b19aaa780 None admin] Could not find role: service. {{(pid=67893) _handle_keystone_exception /opt/stack/keystone/keystone/server/flask/application.py:146}}
Jun 12 23:00:10 ubuntu devstack@keystone.service[67894]: DEBUG keystone.common.rbac_enforcer.enforcer [None req-dd4daf1a-86ba-47f2-bd5f-d82a2d3ef822 None admin] RBAC: Adding query filter params (role.id=a2298848922340a88791675ddf60b7c0, scope.domain.id=default, user.id=21256426c83e4897b83ea7d574833766) {{(pid=67894) _extract_filter_values /opt/stack/keystone/keystone/common/rbac_enforcer/enforcer.py:176}}
Jun 12 23:00:10 ubuntu devstack@keystone.service[67894]: DEBUG keystone.common.rbac_enforcer.enforcer [None req-dd4daf1a-86ba-47f2-bd5f-d82a2d3ef822 None admin] RBAC: Authorizing `identity:list_role_assignments()` {{(pid=67894) enforce_call /opt/stack/keystone/keystone/common/rbac_enforcer/enforcer.py:501}}
Jun 12 23:00:10 ubuntu devstack@keystone.service[67894]: DEBUG keystone.common.rbac_enforcer.enforcer [None req-dd4daf1a-86ba-47f2-bd5f-d82a2d3ef822 None admin] RBAC: Authorization granted {{(pid=67894) enforce_call /opt/stack/keystone/keystone/common/rbac_enforcer/enforcer.py:512}}
Jun 12 23:00:10 ubuntu devstack@keystone.service[67893]: [pid: 67893|app: 0|req: 20/39] 10.120.125.137 () {58 vars in 1169 bytes} [Fri Jun 12 23:00:10 2026] GET /identity/v3/roles/service => generated 85 bytes in 69 msecs (HTTP/1.1 404) 5 headers in 183 bytes (2 switches on core 0)
Jun 12 23:00:10 ubuntu devstack@keystone.service[67893]: DEBUG keystone.server.flask.request_processing.req_logging [None req-395ba666-cb65-4bf2-81e7-5680bd4bdd16 None None] REQUEST_METHOD: `POST` {{(pid=67893) log_request_info /opt/stack/keystone/keystone/server/flask/request_processing/req_logging.py:26}}
Jun 12 23:00:10 ubuntu devstack@keystone.service[67893]: DEBUG keystone.server.flask.request_processing.req_logging [None req-395ba666-cb65-4bf2-81e7-5680bd4bdd16 None None] SCRIPT_NAME: `/identity` {{(pid=67893) log_request_info /opt/stack/keystone/keystone/server/flask/request_processing/req_logging.py:27}}
Jun 12 23:00:10 ubuntu devstack@keystone.service[67893]: DEBUG keystone.server.flask.request_processing.req_logging [None req-395ba666-cb65-4bf2-81e7-5680bd4bdd16 None None] PATH_INFO: `/v3/auth/tokens` {{(pid=67893) log_request_info /opt/stack/keystone/keystone/server/flask/request_processing/req_logging.py:28}}
Jun 12 23:00:10 ubuntu devstack@keystone.service[67894]: [pid: 67894|app: 0|req: 20/40] 10.120.125.137 () {58 vars in 1403 bytes} [Fri Jun 12 23:00:10 2026] GET /identity/v3/role_assignments?role.id=a2298848922340a88791675ddf60b7c0&scope.domain.id=default&user.id=21256426c83e4897b83ea7d574833766 => generated 532 bytes in 68 msecs (HTTP/1.1 200) 5 headers in 177 bytes (1 switches on core 0)
Jun 12 23:00:10 ubuntu devstack@keystone.service[67894]: DEBUG keystone.server.flask.request_processing.middleware.auth_context [None req-dd4daf1a-86ba-47f2-bd5f-d82a2d3ef822 None admin] Authenticating user token {{(pid=67894) process_request /opt/stack/data/venv/lib/python3.12/site-packages/keystonemiddleware/auth_token/__init__.py:406}}
Jun 12 23:00:10 ubuntu devstack@keystone.service[67893]: WARNING keystone.common.password_hashing [None req-395ba666-cb65-4bf2-81e7-5680bd4bdd16 None None] Truncating password to algorithm specific maximum length 72 characters.
Jun 12 23:00:10 ubuntu devstack@keystone.service[67893]: DEBUG keystone.auth.core [None req-395ba666-cb65-4bf2-81e7-5680bd4bdd16 None None] MFA Rules not processed for user `21256426c83e4897b83ea7d574833766`. Rule list: `[]` (Enabled: `True`). {{(pid=67893) check_auth_methods_against_rules /opt/stack/keystone/keystone/auth/core.py:476}}
Jun 12 23:00:10 ubuntu devstack@keystone.service[67893]: DEBUG keystone.common.fernet_utils [None req-395ba666-cb65-4bf2-81e7-5680bd4bdd16 None None] Loaded 2 Fernet keys from /etc/keystone/fernet-keys/, but `[fernet_tokens] max_active_keys = 3`; perhaps there have not been enough key rotations to reach `max_active_keys` yet? {{(pid=67893) load_keys /opt/stack/keystone/keystone/common/fernet_utils.py:297}}
Jun 12 23:00:10 ubuntu devstack@keystone.service[67894]: DEBUG keystone.server.flask.request_processing.middleware.auth_context [None req-dd4daf1a-86ba-47f2-bd5f-d82a2d3ef822 None admin] Validating token access rules against request {{(pid=67894) validate_allowed_request /opt/stack/data/venv/lib/python3.12/site-packages/keystonemiddleware/auth_token/__init__.py:544}}
Jun 12 23:00:10 ubuntu devstack@keystone.service[67893]: [pid: 67893|app: 0|req: 21/41] 10.120.125.137 () {60 vars in 1048 bytes} [Fri Jun 12 23:00:10 2026] POST /identity/v3/auth/tokens => generated 863 bytes in 53 msecs (HTTP/1.1 201) 6 headers in 363 bytes (1 switches on core 0)
Jun 12 23:00:10 ubuntu devstack@keystone.service[67893]: DEBUG keystone.server.flask.request_processing.middleware.auth_context [None req-395ba666-cb65-4bf2-81e7-5680bd4bdd16 None None] Authenticating user token {{(pid=67893) process_request /opt/stack/data/venv/lib/python3.12/site-packages/keystonemiddleware/auth_token/__init__.py:406}}
Jun 12 23:00:10 ubuntu devstack@keystone.service[67894]: DEBUG keystone.server.flask.request_processing.middleware.auth_context [None req-518ae171-1374-4dfc-981d-e95d1b388c15 None admin] RBAC: auth_context: {'token': <TokenModel (audit_id=NXWARmUkS3C0S1zJ_KeISg, audit_chain_id=['NXWARmUkS3C0S1zJ_KeISg']) at 0x79df85bdeb70>, 'domain_id': None, 'trust_id': None, 'trustor_id': None, 'trustee_id': None, 'domain_name': None, 'group_ids': [], 'user_id': '21256426c83e4897b83ea7d574833766', 'user_domain_id': 'default', 'system_scope': 'all', 'project_id': None, 'project_domain_id': None, 'roles': ['admin', 'manager', 'member', 'reader'], 'is_admin_project': True, 'service_user_id': None, 'service_user_domain_id': None, 'service_project_id': None, 'service_project_domain_id': None, 'service_roles': []} {{(pid=67894) fill_context /opt/stack/keystone/keystone/server/flask/request_processing/middleware/auth_context.py:509}}
Jun 12 23:00:10 ubuntu devstack@keystone.service[67894]: DEBUG keystone.server.flask.request_processing.req_logging [None req-518ae171-1374-4dfc-981d-e95d1b388c15 None admin] REQUEST_METHOD: `GET` {{(pid=67894) log_request_info /opt/stack/keystone/keystone/server/flask/request_processing/req_logging.py:26}}
Jun 12 23:00:10 ubuntu devstack@keystone.service[67894]: DEBUG keystone.server.flask.request_processing.req_logging [None req-518ae171-1374-4dfc-981d-e95d1b388c15 None admin] SCRIPT_NAME: `/identity` {{(pid=67894) log_request_info /opt/stack/keystone/keystone/server/flask/request_processing/req_logging.py:27}}
Jun 12 23:00:10 ubuntu devstack@keystone.service[67894]: DEBUG keystone.server.flask.request_processing.req_logging [None req-518ae171-1374-4dfc-981d-e95d1b388c15 None admin] PATH_INFO: `/v3/domains/Default` {{(pid=67894) log_request_info /opt/stack/keystone/keystone/server/flask/request_processing/req_logging.py:28}}
Jun 12 23:00:10 ubuntu devstack@keystone.service[67894]: DEBUG keystone.common.rbac_enforcer.enforcer [None req-518ae171-1374-4dfc-981d-e95d1b388c15 None admin] RBAC: Authorizing `identity:get_domain(domain_id=Default)` {{(pid=67894) enforce_call /opt/stack/keystone/keystone/common/rbac_enforcer/enforcer.py:501}}
Jun 12 23:00:10 ubuntu devstack@keystone.service[67894]: DEBUG keystone.common.rbac_enforcer.enforcer [None req-518ae171-1374-4dfc-981d-e95d1b388c15 None admin] RBAC: Authorization granted {{(pid=67894) enforce_call /opt/stack/keystone/keystone/common/rbac_enforcer/enforcer.py:512}}
Jun 12 23:00:10 ubuntu devstack@keystone.service[67894]: DEBUG keystone.server.flask.application [None req-518ae171-1374-4dfc-981d-e95d1b388c15 None admin] Could not find domain: Default. {{(pid=67894) _handle_keystone_exception /opt/stack/keystone/keystone/server/flask/application.py:146}}
Jun 12 23:00:10 ubuntu devstack@keystone.service[67894]: [pid: 67894|app: 0|req: 21/42] 10.120.125.137 () {58 vars in 1176 bytes} [Fri Jun 12 23:00:10 2026] GET /identity/v3/domains/Default => generated 87 bytes in 64 msecs (HTTP/1.1 404) 5 headers in 183 bytes (1 switches on core 0)
Jun 12 23:00:10 ubuntu devstack@keystone.service[67894]: DEBUG keystone.server.flask.request_processing.middleware.auth_context [None req-518ae171-1374-4dfc-981d-e95d1b388c15 None admin] Authenticating user token {{(pid=67894) process_request /opt/stack/data/venv/lib/python3.12/site-packages/keystonemiddleware/auth_token/__init__.py:406}}
Jun 12 23:00:10 ubuntu devstack@keystone.service[67893]: DEBUG keystone.server.flask.request_processing.middleware.auth_context [None req-395ba666-cb65-4bf2-81e7-5680bd4bdd16 None None] Validating token access rules against request {{(pid=67893) validate_allowed_request /opt/stack/data/venv/lib/python3.12/site-packages/keystonemiddleware/auth_token/__init__.py:544}}
Jun 12 23:00:10 ubuntu devstack@keystone.service[67894]: DEBUG keystone.server.flask.request_processing.middleware.auth_context [None req-518ae171-1374-4dfc-981d-e95d1b388c15 None admin] Validating token access rules against request {{(pid=67894) validate_allowed_request /opt/stack/data/venv/lib/python3.12/site-packages/keystonemiddleware/auth_token/__init__.py:544}}
Jun 12 23:00:10 ubuntu devstack@keystone.service[67893]: DEBUG keystone.server.flask.request_processing.middleware.auth_context [None req-cb066a8e-b594-48aa-a96a-eb067347d063 None admin] RBAC: auth_context: {'token': <TokenModel (audit_id=nSjUwX2VRkuZerb5Fn68KA, audit_chain_id=['nSjUwX2VRkuZerb5Fn68KA']) at 0x79df85b5e000>, 'domain_id': None, 'trust_id': None, 'trustor_id': None, 'trustee_id': None, 'domain_name': None, 'group_ids': [], 'user_id': '21256426c83e4897b83ea7d574833766', 'user_domain_id': 'default', 'system_scope': 'all', 'project_id': None, 'project_domain_id': None, 'roles': ['admin', 'manager', 'member', 'reader'], 'is_admin_project': True, 'service_user_id': None, 'service_user_domain_id': None, 'service_project_id': None, 'service_project_domain_id': None, 'service_roles': []} {{(pid=67893) fill_context /opt/stack/keystone/keystone/server/flask/request_processing/middleware/auth_context.py:509}}
Jun 12 23:00:10 ubuntu devstack@keystone.service[67893]: DEBUG keystone.server.flask.request_processing.req_logging [None req-cb066a8e-b594-48aa-a96a-eb067347d063 None admin] REQUEST_METHOD: `POST` {{(pid=67893) log_request_info /opt/stack/keystone/keystone/server/flask/request_processing/req_logging.py:26}}
Jun 12 23:00:10 ubuntu devstack@keystone.service[67893]: DEBUG keystone.server.flask.request_processing.req_logging [None req-cb066a8e-b594-48aa-a96a-eb067347d063 None admin] SCRIPT_NAME: `/identity` {{(pid=67893) log_request_info /opt/stack/keystone/keystone/server/flask/request_processing/req_logging.py:27}}
Jun 12 23:00:10 ubuntu devstack@keystone.service[67893]: DEBUG keystone.server.flask.request_processing.req_logging [None req-cb066a8e-b594-48aa-a96a-eb067347d063 None admin] PATH_INFO: `/v3/roles` {{(pid=67893) log_request_info /opt/stack/keystone/keystone/server/flask/request_processing/req_logging.py:28}}
Jun 12 23:00:10 ubuntu devstack@keystone.service[67893]: DEBUG keystone.common.rbac_enforcer.enforcer [None req-cb066a8e-b594-48aa-a96a-eb067347d063 None admin] RBAC: Authorizing `identity:create_role()` {{(pid=67893) enforce_call /opt/stack/keystone/keystone/common/rbac_enforcer/enforcer.py:501}}
Jun 12 23:00:10 ubuntu devstack@keystone.service[67893]: DEBUG keystone.common.rbac_enforcer.enforcer [None req-cb066a8e-b594-48aa-a96a-eb067347d063 None admin] RBAC: Authorization granted {{(pid=67893) enforce_call /opt/stack/keystone/keystone/common/rbac_enforcer/enforcer.py:512}}
Jun 12 23:00:10 ubuntu devstack@keystone.service[67893]: [pid: 67893|app: 0|req: 22/43] 10.120.125.137 () {62 vars in 1199 bytes} [Fri Jun 12 23:00:10 2026] POST /identity/v3/roles => generated 226 bytes in 75 msecs (HTTP/1.1 201) 5 headers in 182 bytes (1 switches on core 0)
Jun 12 23:00:10 ubuntu devstack@keystone.service[67893]: DEBUG keystone.server.flask.request_processing.middleware.auth_context [None req-cb066a8e-b594-48aa-a96a-eb067347d063 None admin] Authenticating user token {{(pid=67893) process_request /opt/stack/data/venv/lib/python3.12/site-packages/keystonemiddleware/auth_token/__init__.py:406}}
Jun 12 23:00:10 ubuntu devstack@keystone.service[67894]: DEBUG keystone.server.flask.request_processing.middleware.auth_context [None req-eab451df-dd4d-48db-8188-1f7e96135e36 None admin] RBAC: auth_context: {'token': <TokenModel (audit_id=L6VK4yZGT1-z9-BAm-0c5g, audit_chain_id=['L6VK4yZGT1-z9-BAm-0c5g']) at 0x79df85a8e9c0>, 'domain_id': None, 'trust_id': None, 'trustor_id': None, 'trustee_id': None, 'domain_name': None, 'group_ids': [], 'user_id': '21256426c83e4897b83ea7d574833766', 'user_domain_id': 'default', 'system_scope': 'all', 'project_id': None, 'project_domain_id': None, 'roles': ['admin', 'manager', 'member', 'reader'], 'is_admin_project': True, 'service_user_id': None, 'service_user_domain_id': None, 'service_project_id': None, 'service_project_domain_id': None, 'service_roles': []} {{(pid=67894) fill_context /opt/stack/keystone/keystone/server/flask/request_processing/middleware/auth_context.py:509}}
Jun 12 23:00:10 ubuntu devstack@keystone.service[67894]: DEBUG keystone.server.flask.request_processing.req_logging [None req-eab451df-dd4d-48db-8188-1f7e96135e36 None admin] REQUEST_METHOD: `GET` {{(pid=67894) log_request_info /opt/stack/keystone/keystone/server/flask/request_processing/req_logging.py:26}}
Jun 12 23:00:10 ubuntu devstack@keystone.service[67894]: DEBUG keystone.server.flask.request_processing.req_logging [None req-eab451df-dd4d-48db-8188-1f7e96135e36 None admin] SCRIPT_NAME: `/identity` {{(pid=67894) log_request_info /opt/stack/keystone/keystone/server/flask/request_processing/req_logging.py:27}}
Jun 12 23:00:10 ubuntu devstack@keystone.service[67894]: DEBUG keystone.server.flask.request_processing.req_logging [None req-eab451df-dd4d-48db-8188-1f7e96135e36 None admin] PATH_INFO: `/v3/roles` {{(pid=67894) log_request_info /opt/stack/keystone/keystone/server/flask/request_processing/req_logging.py:28}}
Jun 12 23:00:10 ubuntu devstack@keystone.service[67894]: DEBUG keystone.common.rbac_enforcer.enforcer [None req-eab451df-dd4d-48db-8188-1f7e96135e36 None admin] RBAC: Adding query filter params (name=service) {{(pid=67894) _extract_filter_values /opt/stack/keystone/keystone/common/rbac_enforcer/enforcer.py:176}}
Jun 12 23:00:10 ubuntu devstack@keystone.service[67894]: DEBUG keystone.common.rbac_enforcer.enforcer [None req-eab451df-dd4d-48db-8188-1f7e96135e36 None admin] RBAC: Authorizing `identity:list_roles()` {{(pid=67894) enforce_call /opt/stack/keystone/keystone/common/rbac_enforcer/enforcer.py:501}}
Jun 12 23:00:10 ubuntu devstack@keystone.service[67894]: DEBUG keystone.common.rbac_enforcer.enforcer [None req-eab451df-dd4d-48db-8188-1f7e96135e36 None admin] RBAC: Authorization granted {{(pid=67894) enforce_call /opt/stack/keystone/keystone/common/rbac_enforcer/enforcer.py:512}}
Jun 12 23:00:10 ubuntu devstack@keystone.service[67894]: [pid: 67894|app: 0|req: 22/44] 10.120.125.137 () {58 vars in 1184 bytes} [Fri Jun 12 23:00:10 2026] GET /identity/v3/roles?name=service => generated 345 bytes in 74 msecs (HTTP/1.1 200) 5 headers in 177 bytes (1 switches on core 0)
Jun 12 23:00:10 ubuntu devstack@keystone.service[67894]: DEBUG keystone.server.flask.request_processing.middleware.auth_context [None req-eab451df-dd4d-48db-8188-1f7e96135e36 None admin] Authenticating user token {{(pid=67894) process_request /opt/stack/data/venv/lib/python3.12/site-packages/keystonemiddleware/auth_token/__init__.py:406}}
Jun 12 23:00:10 ubuntu devstack@keystone.service[67893]: DEBUG keystone.server.flask.request_processing.middleware.auth_context [None req-cb066a8e-b594-48aa-a96a-eb067347d063 None admin] Validating token access rules against request {{(pid=67893) validate_allowed_request /opt/stack/data/venv/lib/python3.12/site-packages/keystonemiddleware/auth_token/__init__.py:544}}
Jun 12 23:00:10 ubuntu devstack@keystone.service[67894]: DEBUG keystone.server.flask.request_processing.middleware.auth_context [None req-eab451df-dd4d-48db-8188-1f7e96135e36 None admin] Validating token access rules against request {{(pid=67894) validate_allowed_request /opt/stack/data/venv/lib/python3.12/site-packages/keystonemiddleware/auth_token/__init__.py:544}}
Jun 12 23:00:10 ubuntu devstack@keystone.service[67893]: DEBUG keystone.server.flask.request_processing.middleware.auth_context [None req-2e187d50-75d3-4388-87f3-950a68b319fb None admin] RBAC: auth_context: {'token': <TokenModel (audit_id=9X0daKUKSvmanQ4RS-BeUg, audit_chain_id=['9X0daKUKSvmanQ4RS-BeUg']) at 0x79df85b5cb00>, 'domain_id': None, 'trust_id': None, 'trustor_id': None, 'trustee_id': None, 'domain_name': None, 'group_ids': [], 'user_id': '21256426c83e4897b83ea7d574833766', 'user_domain_id': 'default', 'system_scope': 'all', 'project_id': None, 'project_domain_id': None, 'roles': ['admin', 'manager', 'member', 'reader'], 'is_admin_project': True, 'service_user_id': None, 'service_user_domain_id': None, 'service_project_id': None, 'service_project_domain_id': None, 'service_roles': []} {{(pid=67893) fill_context /opt/stack/keystone/keystone/server/flask/request_processing/middleware/auth_context.py:509}}
Jun 12 23:00:10 ubuntu devstack@keystone.service[67893]: DEBUG keystone.server.flask.request_processing.req_logging [None req-2e187d50-75d3-4388-87f3-950a68b319fb None admin] REQUEST_METHOD: `GET` {{(pid=67893) log_request_info /opt/stack/keystone/keystone/server/flask/request_processing/req_logging.py:26}}
Jun 12 23:00:10 ubuntu devstack@keystone.service[67893]: DEBUG keystone.server.flask.request_processing.req_logging [None req-2e187d50-75d3-4388-87f3-950a68b319fb None admin] SCRIPT_NAME: `/identity` {{(pid=67893) log_request_info /opt/stack/keystone/keystone/server/flask/request_processing/req_logging.py:27}}
Jun 12 23:00:10 ubuntu devstack@keystone.service[67893]: DEBUG keystone.server.flask.request_processing.req_logging [None req-2e187d50-75d3-4388-87f3-950a68b319fb None admin] PATH_INFO: `/v3/domains/default` {{(pid=67893) log_request_info /opt/stack/keystone/keystone/server/flask/request_processing/req_logging.py:28}}
Jun 12 23:00:10 ubuntu devstack@keystone.service[67894]: DEBUG keystone.server.flask.request_processing.middleware.auth_context [None req-47d9abe5-2678-45c8-829d-d07a6fd02b65 None admin] RBAC: auth_context: {'token': <TokenModel (audit_id=NXWARmUkS3C0S1zJ_KeISg, audit_chain_id=['NXWARmUkS3C0S1zJ_KeISg']) at 0x79df85d55bb0>, 'domain_id': None, 'trust_id': None, 'trustor_id': None, 'trustee_id': None, 'domain_name': None, 'group_ids': [], 'user_id': '21256426c83e4897b83ea7d574833766', 'user_domain_id': 'default', 'system_scope': 'all', 'project_id': None, 'project_domain_id': None, 'roles': ['admin', 'manager', 'member', 'reader'], 'is_admin_project': True, 'service_user_id': None, 'service_user_domain_id': None, 'service_project_id': None, 'service_project_domain_id': None, 'service_roles': []} {{(pid=67894) fill_context /opt/stack/keystone/keystone/server/flask/request_processing/middleware/auth_context.py:509}}
Jun 12 23:00:10 ubuntu devstack@keystone.service[67894]: DEBUG keystone.server.flask.request_processing.req_logging [None req-47d9abe5-2678-45c8-829d-d07a6fd02b65 None admin] REQUEST_METHOD: `GET` {{(pid=67894) log_request_info /opt/stack/keystone/keystone/server/flask/request_processing/req_logging.py:26}}
Jun 12 23:00:10 ubuntu devstack@keystone.service[67894]: DEBUG keystone.server.flask.request_processing.req_logging [None req-47d9abe5-2678-45c8-829d-d07a6fd02b65 None admin] SCRIPT_NAME: `/identity` {{(pid=67894) log_request_info /opt/stack/keystone/keystone/server/flask/request_processing/req_logging.py:27}}
Jun 12 23:00:10 ubuntu devstack@keystone.service[67894]: DEBUG keystone.server.flask.request_processing.req_logging [None req-47d9abe5-2678-45c8-829d-d07a6fd02b65 None admin] PATH_INFO: `/v3/domains` {{(pid=67894) log_request_info /opt/stack/keystone/keystone/server/flask/request_processing/req_logging.py:28}}
Jun 12 23:00:10 ubuntu devstack@keystone.service[67893]: DEBUG keystone.common.rbac_enforcer.enforcer [None req-2e187d50-75d3-4388-87f3-950a68b319fb None admin] RBAC: Authorizing `identity:get_domain(domain_id=default)` {{(pid=67893) enforce_call /opt/stack/keystone/keystone/common/rbac_enforcer/enforcer.py:501}}
Jun 12 23:00:10 ubuntu devstack@keystone.service[67894]: DEBUG keystone.common.rbac_enforcer.enforcer [None req-47d9abe5-2678-45c8-829d-d07a6fd02b65 None admin] RBAC: Adding query filter params (name=Default) {{(pid=67894) _extract_filter_values /opt/stack/keystone/keystone/common/rbac_enforcer/enforcer.py:176}}
Jun 12 23:00:10 ubuntu devstack@keystone.service[67893]: DEBUG keystone.common.rbac_enforcer.enforcer [None req-2e187d50-75d3-4388-87f3-950a68b319fb None admin] RBAC: Authorization granted {{(pid=67893) enforce_call /opt/stack/keystone/keystone/common/rbac_enforcer/enforcer.py:512}}
Jun 12 23:00:10 ubuntu devstack@keystone.service[67894]: DEBUG keystone.common.rbac_enforcer.enforcer [None req-47d9abe5-2678-45c8-829d-d07a6fd02b65 None admin] RBAC: Authorizing `identity:list_domains()` {{(pid=67894) enforce_call /opt/stack/keystone/keystone/common/rbac_enforcer/enforcer.py:501}}
Jun 12 23:00:10 ubuntu devstack@keystone.service[67894]: DEBUG keystone.common.rbac_enforcer.enforcer [None req-47d9abe5-2678-45c8-829d-d07a6fd02b65 None admin] RBAC: Authorization granted {{(pid=67894) enforce_call /opt/stack/keystone/keystone/common/rbac_enforcer/enforcer.py:512}}
Jun 12 23:00:10 ubuntu devstack@keystone.service[67893]: [pid: 67893|app: 0|req: 23/45] 10.120.125.137 () {58 vars in 1176 bytes} [Fri Jun 12 23:00:10 2026] GET /identity/v3/domains/default => generated 200 bytes in 69 msecs (HTTP/1.1 200) 5 headers in 177 bytes (1 switches on core 0)
Jun 12 23:00:10 ubuntu devstack@keystone.service[67894]: [pid: 67894|app: 0|req: 23/46] 10.120.125.137 () {58 vars in 1190 bytes} [Fri Jun 12 23:00:10 2026] GET /identity/v3/domains?name=Default => generated 310 bytes in 60 msecs (HTTP/1.1 200) 5 headers in 177 bytes (1 switches on core 0)
Jun 12 23:00:10 ubuntu devstack@keystone.service[67893]: DEBUG keystone.server.flask.request_processing.middleware.auth_context [None req-2e187d50-75d3-4388-87f3-950a68b319fb None admin] Authenticating user token {{(pid=67893) process_request /opt/stack/data/venv/lib/python3.12/site-packages/keystonemiddleware/auth_token/__init__.py:406}}
Jun 12 23:00:10 ubuntu devstack@keystone.service[67894]: DEBUG keystone.server.flask.request_processing.middleware.auth_context [None req-47d9abe5-2678-45c8-829d-d07a6fd02b65 None admin] Authenticating user token {{(pid=67894) process_request /opt/stack/data/venv/lib/python3.12/site-packages/keystonemiddleware/auth_token/__init__.py:406}}
Jun 12 23:00:10 ubuntu devstack@keystone.service[67893]: DEBUG keystone.server.flask.request_processing.middleware.auth_context [None req-2e187d50-75d3-4388-87f3-950a68b319fb None admin] Validating token access rules against request {{(pid=67893) validate_allowed_request /opt/stack/data/venv/lib/python3.12/site-packages/keystonemiddleware/auth_token/__init__.py:544}}
Jun 12 23:00:10 ubuntu devstack@keystone.service[67893]: DEBUG keystone.server.flask.request_processing.middleware.auth_context [None req-d3de8ed9-700e-4a6a-9afe-00757540c791 None admin] RBAC: auth_context: {'token': <TokenModel (audit_id=9X0daKUKSvmanQ4RS-BeUg, audit_chain_id=['9X0daKUKSvmanQ4RS-BeUg']) at 0x79df85b5fd40>, 'domain_id': None, 'trust_id': None, 'trustor_id': None, 'trustee_id': None, 'domain_name': None, 'group_ids': [], 'user_id': '21256426c83e4897b83ea7d574833766', 'user_domain_id': 'default', 'system_scope': 'all', 'project_id': None, 'project_domain_id': None, 'roles': ['admin', 'manager', 'member', 'reader'], 'is_admin_project': True, 'service_user_id': None, 'service_user_domain_id': None, 'service_project_id': None, 'service_project_domain_id': None, 'service_roles': []} {{(pid=67893) fill_context /opt/stack/keystone/keystone/server/flask/request_processing/middleware/auth_context.py:509}}
Jun 12 23:00:10 ubuntu devstack@keystone.service[67893]: DEBUG keystone.server.flask.request_processing.req_logging [None req-d3de8ed9-700e-4a6a-9afe-00757540c791 None admin] REQUEST_METHOD: `POST` {{(pid=67893) log_request_info /opt/stack/keystone/keystone/server/flask/request_processing/req_logging.py:26}}
Jun 12 23:00:10 ubuntu devstack@keystone.service[67893]: DEBUG keystone.server.flask.request_processing.req_logging [None req-d3de8ed9-700e-4a6a-9afe-00757540c791 None admin] SCRIPT_NAME: `/identity` {{(pid=67893) log_request_info /opt/stack/keystone/keystone/server/flask/request_processing/req_logging.py:27}}
Jun 12 23:00:10 ubuntu devstack@keystone.service[67893]: DEBUG keystone.server.flask.request_processing.req_logging [None req-d3de8ed9-700e-4a6a-9afe-00757540c791 None admin] PATH_INFO: `/v3/projects` {{(pid=67893) log_request_info /opt/stack/keystone/keystone/server/flask/request_processing/req_logging.py:28}}
Jun 12 23:00:10 ubuntu devstack@keystone.service[67893]: DEBUG keystone.common.rbac_enforcer.enforcer [None req-d3de8ed9-700e-4a6a-9afe-00757540c791 None admin] RBAC: Authorizing `identity:create_project()` {{(pid=67893) enforce_call /opt/stack/keystone/keystone/common/rbac_enforcer/enforcer.py:501}}
Jun 12 23:00:10 ubuntu devstack@keystone.service[67893]: DEBUG keystone.common.rbac_enforcer.enforcer [None req-d3de8ed9-700e-4a6a-9afe-00757540c791 None admin] RBAC: Authorization granted {{(pid=67893) enforce_call /opt/stack/keystone/keystone/common/rbac_enforcer/enforcer.py:512}}
Jun 12 23:00:10 ubuntu devstack@keystone.service[67894]: DEBUG keystone.server.flask.request_processing.middleware.auth_context [None req-47d9abe5-2678-45c8-829d-d07a6fd02b65 None admin] Validating token access rules against request {{(pid=67894) validate_allowed_request /opt/stack/data/venv/lib/python3.12/site-packages/keystonemiddleware/auth_token/__init__.py:544}}
Jun 12 23:00:10 ubuntu devstack@keystone.service[67893]: [pid: 67893|app: 0|req: 24/47] 10.120.125.137 () {62 vars in 1208 bytes} [Fri Jun 12 23:00:10 2026] POST /identity/v3/projects => generated 313 bytes in 110 msecs (HTTP/1.1 201) 5 headers in 182 bytes (1 switches on core 0)
Jun 12 23:00:10 ubuntu devstack@keystone.service[67894]: DEBUG keystone.server.flask.request_processing.middleware.auth_context [None req-09f212c8-348e-4bc7-8149-2cd5f08c952b None admin] RBAC: auth_context: {'token': <TokenModel (audit_id=NXWARmUkS3C0S1zJ_KeISg, audit_chain_id=['NXWARmUkS3C0S1zJ_KeISg']) at 0x79df85e776e0>, 'domain_id': None, 'trust_id': None, 'trustor_id': None, 'trustee_id': None, 'domain_name': None, 'group_ids': [], 'user_id': '21256426c83e4897b83ea7d574833766', 'user_domain_id': 'default', 'system_scope': 'all', 'project_id': None, 'project_domain_id': None, 'roles': ['admin', 'manager', 'member', 'reader'], 'is_admin_project': True, 'service_user_id': None, 'service_user_domain_id': None, 'service_project_id': None, 'service_project_domain_id': None, 'service_roles': []} {{(pid=67894) fill_context /opt/stack/keystone/keystone/server/flask/request_processing/middleware/auth_context.py:509}}
Jun 12 23:00:10 ubuntu devstack@keystone.service[67894]: DEBUG keystone.server.flask.request_processing.req_logging [None req-09f212c8-348e-4bc7-8149-2cd5f08c952b None admin] REQUEST_METHOD: `POST` {{(pid=67894) log_request_info /opt/stack/keystone/keystone/server/flask/request_processing/req_logging.py:26}}
Jun 12 23:00:10 ubuntu devstack@keystone.service[67894]: DEBUG keystone.server.flask.request_processing.req_logging [None req-09f212c8-348e-4bc7-8149-2cd5f08c952b None admin] SCRIPT_NAME: `/identity` {{(pid=67894) log_request_info /opt/stack/keystone/keystone/server/flask/request_processing/req_logging.py:27}}
Jun 12 23:00:10 ubuntu devstack@keystone.service[67894]: DEBUG keystone.server.flask.request_processing.req_logging [None req-09f212c8-348e-4bc7-8149-2cd5f08c952b None admin] PATH_INFO: `/v3/projects` {{(pid=67894) log_request_info /opt/stack/keystone/keystone/server/flask/request_processing/req_logging.py:28}}
