Mar 14 00:22:09 jammy-provider-cloud-0000008107 devstack@keystone.service[72169]: ERROR keystone.server.flask.application Traceback (most recent call last):
Mar 14 00:22:09 jammy-provider-cloud-0000008107 devstack@keystone.service[72169]: ERROR keystone.server.flask.application   File "/opt/stack/keystone/keystone/resource/core.py", line 250, in create_project
Mar 14 00:22:09 jammy-provider-cloud-0000008107 devstack@keystone.service[72169]: ERROR keystone.server.flask.application     ret = self.driver.create_project(project_id, project)
Mar 14 00:22:09 jammy-provider-cloud-0000008107 devstack@keystone.service[72169]: ERROR keystone.server.flask.application   File "/opt/stack/keystone/keystone/common/sql/core.py", line 614, in wrapper
Mar 14 00:22:09 jammy-provider-cloud-0000008107 devstack@keystone.service[72169]: ERROR keystone.server.flask.application     raise exception.Conflict(type=conflict_type, details=msg)
Mar 14 00:22:09 jammy-provider-cloud-0000008107 devstack@keystone.service[72169]: ERROR keystone.server.flask.application keystone.exception.Conflict: Conflict occurred attempting to store project - Duplicate entry found with name Default.
Mar 14 00:22:09 jammy-provider-cloud-0000008107 devstack@keystone.service[72169]: ERROR keystone.server.flask.application 
Mar 14 00:22:09 jammy-provider-cloud-0000008107 devstack@keystone.service[72169]: ERROR keystone.server.flask.application During handling of the above exception, another exception occurred:
Mar 14 00:22:09 jammy-provider-cloud-0000008107 devstack@keystone.service[72169]: ERROR keystone.server.flask.application 
Mar 14 00:22:09 jammy-provider-cloud-0000008107 devstack@keystone.service[72169]: ERROR keystone.server.flask.application Traceback (most recent call last):
Mar 14 00:22:09 jammy-provider-cloud-0000008107 devstack@keystone.service[72169]: ERROR keystone.server.flask.application   File "/opt/stack/data/venv/lib/python3.10/site-packages/flask/app.py", line 917, in full_dispatch_request
Mar 14 00:22:09 jammy-provider-cloud-0000008107 devstack@keystone.service[72169]: ERROR keystone.server.flask.application     rv = self.dispatch_request()
Mar 14 00:22:09 jammy-provider-cloud-0000008107 devstack@keystone.service[72169]: ERROR keystone.server.flask.application   File "/opt/stack/data/venv/lib/python3.10/site-packages/flask/app.py", line 902, in dispatch_request
Mar 14 00:22:09 jammy-provider-cloud-0000008107 devstack@keystone.service[72169]: ERROR keystone.server.flask.application     return self.ensure_sync(self.view_functions[rule.endpoint])(**view_args)  # type: ignore[no-any-return]
Mar 14 00:22:09 jammy-provider-cloud-0000008107 devstack@keystone.service[72169]: ERROR keystone.server.flask.application   File "/opt/stack/data/venv/lib/python3.10/site-packages/flask_restful/__init__.py", line 489, in wrapper
Mar 14 00:22:09 jammy-provider-cloud-0000008107 devstack@keystone.service[72169]: ERROR keystone.server.flask.application     resp = resource(*args, **kwargs)
Mar 14 00:22:09 jammy-provider-cloud-0000008107 devstack@keystone.service[72169]: ERROR keystone.server.flask.application   File "/opt/stack/data/venv/lib/python3.10/site-packages/flask/views.py", line 110, in view
Mar 14 00:22:09 jammy-provider-cloud-0000008107 devstack@keystone.service[72169]: ERROR keystone.server.flask.application     return current_app.ensure_sync(self.dispatch_request)(**kwargs)  # type: ignore[no-any-return]
Mar 14 00:22:09 jammy-provider-cloud-0000008107 devstack@keystone.service[72169]: ERROR keystone.server.flask.application   File "/opt/stack/data/venv/lib/python3.10/site-packages/flask_restful/__init__.py", line 604, in dispatch_request
Mar 14 00:22:09 jammy-provider-cloud-0000008107 devstack@keystone.service[72169]: ERROR keystone.server.flask.application     resp = meth(*args, **kwargs)
Mar 14 00:22:09 jammy-provider-cloud-0000008107 devstack@keystone.service[72169]: ERROR keystone.server.flask.application   File "/opt/stack/keystone/keystone/api/validation/__init__.py", line 80, in wrapper
Mar 14 00:22:09 jammy-provider-cloud-0000008107 devstack@keystone.service[72169]: ERROR keystone.server.flask.application     return func(*args, **kwargs)
Mar 14 00:22:09 jammy-provider-cloud-0000008107 devstack@keystone.service[72169]: ERROR keystone.server.flask.application   File "/opt/stack/keystone/keystone/api/validation/__init__.py", line 139, in wrapper
Mar 14 00:22:09 jammy-provider-cloud-0000008107 devstack@keystone.service[72169]: ERROR keystone.server.flask.application     response = func(*args, **kwargs)
Mar 14 00:22:09 jammy-provider-cloud-0000008107 devstack@keystone.service[72169]: ERROR keystone.server.flask.application   File "/opt/stack/keystone/keystone/api/domains.py", line 181, in post
Mar 14 00:22:09 jammy-provider-cloud-0000008107 devstack@keystone.service[72169]: ERROR keystone.server.flask.application     ref = PROVIDERS.resource_api.create_domain(
Mar 14 00:22:09 jammy-provider-cloud-0000008107 devstack@keystone.service[72169]: ERROR keystone.server.flask.application   File "/opt/stack/keystone/keystone/common/manager.py", line 114, in wrapped
Mar 14 00:22:09 jammy-provider-cloud-0000008107 devstack@keystone.service[72169]: ERROR keystone.server.flask.application     __ret_val = __f(*args, **kwargs)
Mar 14 00:22:09 jammy-provider-cloud-0000008107 devstack@keystone.service[72169]: ERROR keystone.server.flask.application   File "/opt/stack/keystone/keystone/resource/core.py", line 867, in create_domain
Mar 14 00:22:09 jammy-provider-cloud-0000008107 devstack@keystone.service[72169]: ERROR keystone.server.flask.application     is_domain_project = self.create_project(
Mar 14 00:22:09 jammy-provider-cloud-0000008107 devstack@keystone.service[72169]: ERROR keystone.server.flask.application   File "/opt/stack/keystone/keystone/common/manager.py", line 114, in wrapped
Mar 14 00:22:09 jammy-provider-cloud-0000008107 devstack@keystone.service[72169]: ERROR keystone.server.flask.application     __ret_val = __f(*args, **kwargs)
Mar 14 00:22:09 jammy-provider-cloud-0000008107 devstack@keystone.service[72169]: ERROR keystone.server.flask.application   File "/opt/stack/keystone/keystone/resource/core.py", line 252, in create_project
Mar 14 00:22:09 jammy-provider-cloud-0000008107 devstack@keystone.service[72169]: ERROR keystone.server.flask.application     raise exception.Conflict(
Mar 14 00:22:09 jammy-provider-cloud-0000008107 devstack@keystone.service[72169]: ERROR keystone.server.flask.application keystone.exception.Conflict: Conflict occurred attempting to store project - it is not permitted to have two projects acting as domains with the same name: Default.
Mar 14 00:22:09 jammy-provider-cloud-0000008107 devstack@keystone.service[72169]: ERROR keystone.server.flask.application 
Mar 14 00:22:09 jammy-provider-cloud-0000008107 devstack@keystone.service[72169]: [pid: 72169|app: 0|req: 8/16] 10.201.5.87 () {60 vars in 1129 bytes} [Fri Mar 14 00:22:09 2025] POST /identity/v3/domains => generated 190 bytes in 85 msecs (HTTP/1.1 409) 5 headers in 183 bytes (1 switches on core 0)
Mar 14 00:22:09 jammy-provider-cloud-0000008107 devstack@keystone.service[72169]: DEBUG keystone.server.flask.request_processing.middleware.auth_context [None req-4e94dbac-6f2d-4779-b05f-a059f22b15a9 None admin] Authenticating user token {{(pid=72169) process_request /opt/stack/data/venv/lib/python3.10/site-packages/keystonemiddleware/auth_token/__init__.py:406}}
Mar 14 00:22:09 jammy-provider-cloud-0000008107 devstack@keystone.service[72170]: DEBUG keystone.server.flask.request_processing.middleware.auth_context [None req-92a0471f-9121-4f32-be27-0ba1c3c6ef46 None admin] Validating token access rules against request {{(pid=72170) validate_allowed_request /opt/stack/data/venv/lib/python3.10/site-packages/keystonemiddleware/auth_token/__init__.py:544}}
Mar 14 00:22:09 jammy-provider-cloud-0000008107 devstack@keystone.service[72169]: DEBUG keystone.server.flask.request_processing.middleware.auth_context [None req-4e94dbac-6f2d-4779-b05f-a059f22b15a9 None admin] Validating token access rules against request {{(pid=72169) validate_allowed_request /opt/stack/data/venv/lib/python3.10/site-packages/keystonemiddleware/auth_token/__init__.py:544}}
Mar 14 00:22:09 jammy-provider-cloud-0000008107 devstack@keystone.service[72170]: DEBUG keystone.server.flask.request_processing.middleware.auth_context [None req-236c477e-7687-40a6-9032-85386ba26307 None admin] RBAC: auth_context: {'token': <TokenModel (audit_id=ppDlX5eiTsatnnLuEcIfkg, audit_chain_id=['ppDlX5eiTsatnnLuEcIfkg']) at 0x7f7908e9a1a0>, 'domain_id': None, 'trust_id': None, 'trustor_id': None, 'trustee_id': None, 'domain_name': None, 'group_ids': [], 'user_id': 'ed695b88476946c09218de024852c0e4', 'user_domain_id': 'default', 'system_scope': 'all', 'project_id': None, 'project_domain_id': None, 'roles': ['admin', 'manager', 'member', 'reader'], 'is_admin_project': True, 'service_user_id': None, 'service_user_domain_id': None, 'service_project_id': None, 'service_project_domain_id': None, 'service_roles': []} {{(pid=72170) fill_context /opt/stack/keystone/keystone/server/flask/request_processing/middleware/auth_context.py:506}}
Mar 14 00:22:09 jammy-provider-cloud-0000008107 devstack@keystone.service[72170]: DEBUG keystone.server.flask.request_processing.req_logging [None req-236c477e-7687-40a6-9032-85386ba26307 None admin] REQUEST_METHOD: `GET` {{(pid=72170) log_request_info /opt/stack/keystone/keystone/server/flask/request_processing/req_logging.py:26}}
Mar 14 00:22:09 jammy-provider-cloud-0000008107 devstack@keystone.service[72170]: DEBUG keystone.server.flask.request_processing.req_logging [None req-236c477e-7687-40a6-9032-85386ba26307 None admin] SCRIPT_NAME: `/identity` {{(pid=72170) log_request_info /opt/stack/keystone/keystone/server/flask/request_processing/req_logging.py:27}}
Mar 14 00:22:09 jammy-provider-cloud-0000008107 devstack@keystone.service[72170]: DEBUG keystone.server.flask.request_processing.req_logging [None req-236c477e-7687-40a6-9032-85386ba26307 None admin] PATH_INFO: `/v3/users/ed695b88476946c09218de024852c0e4` {{(pid=72170) log_request_info /opt/stack/keystone/keystone/server/flask/request_processing/req_logging.py:28}}
Mar 14 00:22:09 jammy-provider-cloud-0000008107 devstack@keystone.service[72170]: DEBUG keystone.common.rbac_enforcer.enforcer [None req-236c477e-7687-40a6-9032-85386ba26307 None admin] RBAC: Authorizing `identity:get_user(user_id=ed695b88476946c09218de024852c0e4)` {{(pid=72170) enforce_call /opt/stack/keystone/keystone/common/rbac_enforcer/enforcer.py:495}}
Mar 14 00:22:09 jammy-provider-cloud-0000008107 devstack@keystone.service[72170]: DEBUG keystone.common.rbac_enforcer.enforcer [None req-236c477e-7687-40a6-9032-85386ba26307 None admin] RBAC: Authorization granted {{(pid=72170) enforce_call /opt/stack/keystone/keystone/common/rbac_enforcer/enforcer.py:506}}
Mar 14 00:22:09 jammy-provider-cloud-0000008107 devstack@keystone.service[72170]: [pid: 72170|app: 0|req: 9/17] 10.201.5.87 () {56 vars in 1213 bytes} [Fri Mar 14 00:22:09 2025] GET /identity/v3/users/ed695b88476946c09218de024852c0e4 => generated 247 bytes in 58 msecs (HTTP/1.1 200) 5 headers in 177 bytes (1 switches on core 0)
Mar 14 00:22:09 jammy-provider-cloud-0000008107 devstack@keystone.service[72170]: DEBUG keystone.server.flask.request_processing.middleware.auth_context [None req-236c477e-7687-40a6-9032-85386ba26307 None admin] Authenticating user token {{(pid=72170) process_request /opt/stack/data/venv/lib/python3.10/site-packages/keystonemiddleware/auth_token/__init__.py:406}}
Mar 14 00:22:09 jammy-provider-cloud-0000008107 devstack@keystone.service[72169]: DEBUG keystone.server.flask.request_processing.middleware.auth_context [None req-e4167502-00bb-4cb6-b099-3cfdec1ce96a None admin] RBAC: auth_context: {'token': <TokenModel (audit_id=dwPXhApdSzusWjJJxeTxQg, audit_chain_id=['dwPXhApdSzusWjJJxeTxQg']) at 0x7f7908fa5e10>, 'domain_id': None, 'trust_id': None, 'trustor_id': None, 'trustee_id': None, 'domain_name': None, 'group_ids': [], 'user_id': 'ed695b88476946c09218de024852c0e4', 'user_domain_id': 'default', 'system_scope': 'all', 'project_id': None, 'project_domain_id': None, 'roles': ['admin', 'manager', 'member', 'reader'], 'is_admin_project': True, 'service_user_id': None, 'service_user_domain_id': None, 'service_project_id': None, 'service_project_domain_id': None, 'service_roles': []} {{(pid=72169) fill_context /opt/stack/keystone/keystone/server/flask/request_processing/middleware/auth_context.py:506}}
Mar 14 00:22:09 jammy-provider-cloud-0000008107 devstack@keystone.service[72169]: DEBUG keystone.server.flask.request_processing.req_logging [None req-e4167502-00bb-4cb6-b099-3cfdec1ce96a None admin] REQUEST_METHOD: `GET` {{(pid=72169) log_request_info /opt/stack/keystone/keystone/server/flask/request_processing/req_logging.py:26}}
Mar 14 00:22:09 jammy-provider-cloud-0000008107 devstack@keystone.service[72169]: DEBUG keystone.server.flask.request_processing.req_logging [None req-e4167502-00bb-4cb6-b099-3cfdec1ce96a None admin] SCRIPT_NAME: `/identity` {{(pid=72169) log_request_info /opt/stack/keystone/keystone/server/flask/request_processing/req_logging.py:27}}
Mar 14 00:22:09 jammy-provider-cloud-0000008107 devstack@keystone.service[72169]: DEBUG keystone.server.flask.request_processing.req_logging [None req-e4167502-00bb-4cb6-b099-3cfdec1ce96a None admin] PATH_INFO: `/v3/domains/Default` {{(pid=72169) log_request_info /opt/stack/keystone/keystone/server/flask/request_processing/req_logging.py:28}}
Mar 14 00:22:09 jammy-provider-cloud-0000008107 devstack@keystone.service[72169]: DEBUG keystone.common.rbac_enforcer.enforcer [None req-e4167502-00bb-4cb6-b099-3cfdec1ce96a None admin] RBAC: Authorizing `identity:get_domain(domain_id=Default)` {{(pid=72169) enforce_call /opt/stack/keystone/keystone/common/rbac_enforcer/enforcer.py:495}}
Mar 14 00:22:09 jammy-provider-cloud-0000008107 devstack@keystone.service[72169]: DEBUG keystone.common.rbac_enforcer.enforcer [None req-e4167502-00bb-4cb6-b099-3cfdec1ce96a None admin] RBAC: Authorization granted {{(pid=72169) enforce_call /opt/stack/keystone/keystone/common/rbac_enforcer/enforcer.py:506}}
Mar 14 00:22:09 jammy-provider-cloud-0000008107 devstack@keystone.service[72169]: DEBUG keystone.server.flask.application [None req-e4167502-00bb-4cb6-b099-3cfdec1ce96a None admin] Could not find domain: Default. {{(pid=72169) _handle_keystone_exception /opt/stack/keystone/keystone/server/flask/application.py:152}}
Mar 14 00:22:09 jammy-provider-cloud-0000008107 devstack@keystone.service[72169]: [pid: 72169|app: 0|req: 9/18] 10.201.5.87 () {56 vars in 1100 bytes} [Fri Mar 14 00:22:09 2025] GET /identity/v3/domains/Default => generated 87 bytes in 76 msecs (HTTP/1.1 404) 5 headers in 183 bytes (2 switches on core 0)
Mar 14 00:22:09 jammy-provider-cloud-0000008107 devstack@keystone.service[72169]: DEBUG keystone.server.flask.request_processing.middleware.auth_context [None req-e4167502-00bb-4cb6-b099-3cfdec1ce96a None admin] Authenticating user token {{(pid=72169) process_request /opt/stack/data/venv/lib/python3.10/site-packages/keystonemiddleware/auth_token/__init__.py:406}}
Mar 14 00:22:09 jammy-provider-cloud-0000008107 devstack@keystone.service[72170]: DEBUG keystone.server.flask.request_processing.middleware.auth_context [None req-236c477e-7687-40a6-9032-85386ba26307 None admin] Validating token access rules against request {{(pid=72170) validate_allowed_request /opt/stack/data/venv/lib/python3.10/site-packages/keystonemiddleware/auth_token/__init__.py:544}}
Mar 14 00:22:09 jammy-provider-cloud-0000008107 devstack@keystone.service[72170]: DEBUG keystone.server.flask.request_processing.middleware.auth_context [None req-a53d8dd8-8797-42fd-a5ac-b9f508af6f7d None admin] RBAC: auth_context: {'token': <TokenModel (audit_id=ppDlX5eiTsatnnLuEcIfkg, audit_chain_id=['ppDlX5eiTsatnnLuEcIfkg']) at 0x7f7908e99270>, 'domain_id': None, 'trust_id': None, 'trustor_id': None, 'trustee_id': None, 'domain_name': None, 'group_ids': [], 'user_id': 'ed695b88476946c09218de024852c0e4', 'user_domain_id': 'default', 'system_scope': 'all', 'project_id': None, 'project_domain_id': None, 'roles': ['admin', 'manager', 'member', 'reader'], 'is_admin_project': True, 'service_user_id': None, 'service_user_domain_id': None, 'service_project_id': None, 'service_project_domain_id': None, 'service_roles': []} {{(pid=72170) fill_context /opt/stack/keystone/keystone/server/flask/request_processing/middleware/auth_context.py:506}}
Mar 14 00:22:09 jammy-provider-cloud-0000008107 devstack@keystone.service[72170]: DEBUG keystone.server.flask.request_processing.req_logging [None req-a53d8dd8-8797-42fd-a5ac-b9f508af6f7d None admin] REQUEST_METHOD: `GET` {{(pid=72170) log_request_info /opt/stack/keystone/keystone/server/flask/request_processing/req_logging.py:26}}
Mar 14 00:22:09 jammy-provider-cloud-0000008107 devstack@keystone.service[72170]: DEBUG keystone.server.flask.request_processing.req_logging [None req-a53d8dd8-8797-42fd-a5ac-b9f508af6f7d None admin] SCRIPT_NAME: `/identity` {{(pid=72170) log_request_info /opt/stack/keystone/keystone/server/flask/request_processing/req_logging.py:27}}
Mar 14 00:22:09 jammy-provider-cloud-0000008107 devstack@keystone.service[72170]: DEBUG keystone.server.flask.request_processing.req_logging [None req-a53d8dd8-8797-42fd-a5ac-b9f508af6f7d None admin] PATH_INFO: `/v3/domains/default` {{(pid=72170) log_request_info /opt/stack/keystone/keystone/server/flask/request_processing/req_logging.py:28}}
Mar 14 00:22:09 jammy-provider-cloud-0000008107 devstack@keystone.service[72170]: DEBUG keystone.common.rbac_enforcer.enforcer [None req-a53d8dd8-8797-42fd-a5ac-b9f508af6f7d None admin] RBAC: Authorizing `identity:get_domain(domain_id=default)` {{(pid=72170) enforce_call /opt/stack/keystone/keystone/common/rbac_enforcer/enforcer.py:495}}
Mar 14 00:22:09 jammy-provider-cloud-0000008107 devstack@keystone.service[72170]: DEBUG keystone.common.rbac_enforcer.enforcer [None req-a53d8dd8-8797-42fd-a5ac-b9f508af6f7d None admin] RBAC: Authorization granted {{(pid=72170) enforce_call /opt/stack/keystone/keystone/common/rbac_enforcer/enforcer.py:506}}
Mar 14 00:22:09 jammy-provider-cloud-0000008107 devstack@keystone.service[72170]: [pid: 72170|app: 0|req: 10/19] 10.201.5.87 () {56 vars in 1144 bytes} [Fri Mar 14 00:22:09 2025] GET /identity/v3/domains/default => generated 199 bytes in 58 msecs (HTTP/1.1 200) 5 headers in 177 bytes (2 switches on core 0)
Mar 14 00:22:09 jammy-provider-cloud-0000008107 devstack@keystone.service[72169]: DEBUG keystone.server.flask.request_processing.middleware.auth_context [None req-e4167502-00bb-4cb6-b099-3cfdec1ce96a None admin] Validating token access rules against request {{(pid=72169) validate_allowed_request /opt/stack/data/venv/lib/python3.10/site-packages/keystonemiddleware/auth_token/__init__.py:544}}
Mar 14 00:22:09 jammy-provider-cloud-0000008107 devstack@keystone.service[72170]: DEBUG keystone.server.flask.request_processing.middleware.auth_context [None req-a53d8dd8-8797-42fd-a5ac-b9f508af6f7d None admin] Authenticating user token {{(pid=72170) process_request /opt/stack/data/venv/lib/python3.10/site-packages/keystonemiddleware/auth_token/__init__.py:406}}
Mar 14 00:22:09 jammy-provider-cloud-0000008107 devstack@keystone.service[72169]: DEBUG keystone.server.flask.request_processing.middleware.auth_context [None req-6d3d2ea4-08d8-4440-a12b-36e8dd48bb53 None admin] RBAC: auth_context: {'token': <TokenModel (audit_id=dwPXhApdSzusWjJJxeTxQg, audit_chain_id=['dwPXhApdSzusWjJJxeTxQg']) at 0x7f7908fa5ea0>, 'domain_id': None, 'trust_id': None, 'trustor_id': None, 'trustee_id': None, 'domain_name': None, 'group_ids': [], 'user_id': 'ed695b88476946c09218de024852c0e4', 'user_domain_id': 'default', 'system_scope': 'all', 'project_id': None, 'project_domain_id': None, 'roles': ['admin', 'manager', 'member', 'reader'], 'is_admin_project': True, 'service_user_id': None, 'service_user_domain_id': None, 'service_project_id': None, 'service_project_domain_id': None, 'service_roles': []} {{(pid=72169) fill_context /opt/stack/keystone/keystone/server/flask/request_processing/middleware/auth_context.py:506}}
Mar 14 00:22:09 jammy-provider-cloud-0000008107 devstack@keystone.service[72169]: DEBUG keystone.server.flask.request_processing.req_logging [None req-6d3d2ea4-08d8-4440-a12b-36e8dd48bb53 None admin] REQUEST_METHOD: `GET` {{(pid=72169) log_request_info /opt/stack/keystone/keystone/server/flask/request_processing/req_logging.py:26}}
Mar 14 00:22:09 jammy-provider-cloud-0000008107 devstack@keystone.service[72169]: DEBUG keystone.server.flask.request_processing.req_logging [None req-6d3d2ea4-08d8-4440-a12b-36e8dd48bb53 None admin] SCRIPT_NAME: `/identity` {{(pid=72169) log_request_info /opt/stack/keystone/keystone/server/flask/request_processing/req_logging.py:27}}
Mar 14 00:22:09 jammy-provider-cloud-0000008107 devstack@keystone.service[72169]: DEBUG keystone.server.flask.request_processing.req_logging [None req-6d3d2ea4-08d8-4440-a12b-36e8dd48bb53 None admin] PATH_INFO: `/v3/domains` {{(pid=72169) log_request_info /opt/stack/keystone/keystone/server/flask/request_processing/req_logging.py:28}}
Mar 14 00:22:09 jammy-provider-cloud-0000008107 devstack@keystone.service[72169]: DEBUG keystone.common.rbac_enforcer.enforcer [None req-6d3d2ea4-08d8-4440-a12b-36e8dd48bb53 None admin] RBAC: Adding query filter params (name=Default) {{(pid=72169) _extract_filter_values /opt/stack/keystone/keystone/common/rbac_enforcer/enforcer.py:176}}
Mar 14 00:22:09 jammy-provider-cloud-0000008107 devstack@keystone.service[72169]: DEBUG keystone.common.rbac_enforcer.enforcer [None req-6d3d2ea4-08d8-4440-a12b-36e8dd48bb53 None admin] RBAC: Authorizing `identity:list_domains()` {{(pid=72169) enforce_call /opt/stack/keystone/keystone/common/rbac_enforcer/enforcer.py:495}}
Mar 14 00:22:09 jammy-provider-cloud-0000008107 devstack@keystone.service[72169]: DEBUG keystone.common.rbac_enforcer.enforcer [None req-6d3d2ea4-08d8-4440-a12b-36e8dd48bb53 None admin] RBAC: Authorization granted {{(pid=72169) enforce_call /opt/stack/keystone/keystone/common/rbac_enforcer/enforcer.py:506}}
Mar 14 00:22:09 jammy-provider-cloud-0000008107 devstack@keystone.service[72170]: DEBUG keystone.server.flask.request_processing.middleware.auth_context [None req-a53d8dd8-8797-42fd-a5ac-b9f508af6f7d None admin] Validating token access rules against request {{(pid=72170) validate_allowed_request /opt/stack/data/venv/lib/python3.10/site-packages/keystonemiddleware/auth_token/__init__.py:544}}
Mar 14 00:22:09 jammy-provider-cloud-0000008107 devstack@keystone.service[72169]: [pid: 72169|app: 0|req: 10/20] 10.201.5.87 () {56 vars in 1101 bytes} [Fri Mar 14 00:22:09 2025] GET /identity/v3/domains?name=Default => generated 308 bytes in 69 msecs (HTTP/1.1 200) 5 headers in 177 bytes (1 switches on core 0)
Mar 14 00:22:09 jammy-provider-cloud-0000008107 devstack@keystone.service[72170]: DEBUG keystone.server.flask.request_processing.middleware.auth_context [None req-90920074-5f3f-4f85-a3a3-7a96683a2877 None admin] RBAC: auth_context: {'token': <TokenModel (audit_id=ppDlX5eiTsatnnLuEcIfkg, audit_chain_id=['ppDlX5eiTsatnnLuEcIfkg']) at 0x7f7908e9b730>, 'domain_id': None, 'trust_id': None, 'trustor_id': None, 'trustee_id': None, 'domain_name': None, 'group_ids': [], 'user_id': 'ed695b88476946c09218de024852c0e4', 'user_domain_id': 'default', 'system_scope': 'all', 'project_id': None, 'project_domain_id': None, 'roles': ['admin', 'manager', 'member', 'reader'], 'is_admin_project': True, 'service_user_id': None, 'service_user_domain_id': None, 'service_project_id': None, 'service_project_domain_id': None, 'service_roles': []} {{(pid=72170) fill_context /opt/stack/keystone/keystone/server/flask/request_processing/middleware/auth_context.py:506}}
Mar 14 00:22:09 jammy-provider-cloud-0000008107 devstack@keystone.service[72170]: DEBUG keystone.server.flask.request_processing.req_logging [None req-90920074-5f3f-4f85-a3a3-7a96683a2877 None admin] REQUEST_METHOD: `PUT` {{(pid=72170) log_request_info /opt/stack/keystone/keystone/server/flask/request_processing/req_logging.py:26}}
Mar 14 00:22:09 jammy-provider-cloud-0000008107 devstack@keystone.service[72170]: DEBUG keystone.server.flask.request_processing.req_logging [None req-90920074-5f3f-4f85-a3a3-7a96683a2877 None admin] SCRIPT_NAME: `/identity` {{(pid=72170) log_request_info /opt/stack/keystone/keystone/server/flask/request_processing/req_logging.py:27}}
Mar 14 00:22:09 jammy-provider-cloud-0000008107 devstack@keystone.service[72170]: DEBUG keystone.server.flask.request_processing.req_logging [None req-90920074-5f3f-4f85-a3a3-7a96683a2877 None admin] PATH_INFO: `/v3/domains/default/users/ed695b88476946c09218de024852c0e4/roles/c67c159243934df1b0ac95c709ebb0f8` {{(pid=72170) log_request_info /opt/stack/keystone/keystone/server/flask/request_processing/req_logging.py:28}}
Mar 14 00:22:09 jammy-provider-cloud-0000008107 devstack@keystone.service[72170]: DEBUG keystone.common.rbac_enforcer.enforcer [None req-90920074-5f3f-4f85-a3a3-7a96683a2877 None admin] RBAC: Authorizing `identity:create_grant(domain_id=default, user_id=ed695b88476946c09218de024852c0e4, role_id=c67c159243934df1b0ac95c709ebb0f8)` {{(pid=72170) enforce_call /opt/stack/keystone/keystone/common/rbac_enforcer/enforcer.py:495}}
Mar 14 00:22:09 jammy-provider-cloud-0000008107 devstack@keystone.service[72170]: DEBUG keystone.common.rbac_enforcer.enforcer [None req-90920074-5f3f-4f85-a3a3-7a96683a2877 None admin] RBAC: Authorization granted {{(pid=72170) enforce_call /opt/stack/keystone/keystone/common/rbac_enforcer/enforcer.py:506}}
Mar 14 00:22:10 jammy-provider-cloud-0000008107 devstack@keystone.service[72170]: [pid: 72170|app: 0|req: 11/21] 10.201.5.87 () {58 vars in 1397 bytes} [Fri Mar 14 00:22:09 2025] PUT /identity/v3/domains/default/users/ed695b88476946c09218de024852c0e4/roles/c67c159243934df1b0ac95c709ebb0f8 => generated 0 bytes in 107 msecs (HTTP/1.1 204) 3 headers in 132 bytes (0 switches on core 0)
Mar 14 00:22:11 jammy-provider-cloud-0000008107 devstack@keystone.service[72169]: DEBUG keystone.server.flask.request_processing.req_logging [None req-c29dd136-64b4-4ea1-abaa-bd5380e48d82 None None] REQUEST_METHOD: `GET` {{(pid=72169) log_request_info /opt/stack/keystone/keystone/server/flask/request_processing/req_logging.py:26}}
Mar 14 00:22:11 jammy-provider-cloud-0000008107 devstack@keystone.service[72169]: DEBUG keystone.server.flask.request_processing.req_logging [None req-c29dd136-64b4-4ea1-abaa-bd5380e48d82 None None] SCRIPT_NAME: `/identity` {{(pid=72169) log_request_info /opt/stack/keystone/keystone/server/flask/request_processing/req_logging.py:27}}
Mar 14 00:22:11 jammy-provider-cloud-0000008107 devstack@keystone.service[72169]: DEBUG keystone.server.flask.request_processing.req_logging [None req-c29dd136-64b4-4ea1-abaa-bd5380e48d82 None None] PATH_INFO: `/` {{(pid=72169) log_request_info /opt/stack/keystone/keystone/server/flask/request_processing/req_logging.py:28}}
Mar 14 00:22:11 jammy-provider-cloud-0000008107 devstack@keystone.service[72169]: [pid: 72169|app: 0|req: 11/22] 10.201.5.87 () {54 vars in 919 bytes} [Fri Mar 14 00:22:11 2025] GET /identity => generated 270 bytes in 2 msecs (HTTP/1.1 300) 6 headers in 234 bytes (1 switches on core 0)
Mar 14 00:22:11 jammy-provider-cloud-0000008107 devstack@keystone.service[72170]: DEBUG keystone.server.flask.request_processing.req_logging [None req-8d1ff591-4ed3-4711-9ff3-779cb9f28570 None None] REQUEST_METHOD: `POST` {{(pid=72170) log_request_info /opt/stack/keystone/keystone/server/flask/request_processing/req_logging.py:26}}
Mar 14 00:22:11 jammy-provider-cloud-0000008107 devstack@keystone.service[72170]: DEBUG keystone.server.flask.request_processing.req_logging [None req-8d1ff591-4ed3-4711-9ff3-779cb9f28570 None None] SCRIPT_NAME: `/identity` {{(pid=72170) log_request_info /opt/stack/keystone/keystone/server/flask/request_processing/req_logging.py:27}}
Mar 14 00:22:11 jammy-provider-cloud-0000008107 devstack@keystone.service[72170]: DEBUG keystone.server.flask.request_processing.req_logging [None req-8d1ff591-4ed3-4711-9ff3-779cb9f28570 None None] PATH_INFO: `/v3/auth/tokens` {{(pid=72170) log_request_info /opt/stack/keystone/keystone/server/flask/request_processing/req_logging.py:28}}
Mar 14 00:22:11 jammy-provider-cloud-0000008107 devstack@keystone.service[72170]: WARNING keystone.common.password_hashing [None req-8d1ff591-4ed3-4711-9ff3-779cb9f28570 None None] Truncating password to algorithm specific maximum length 72 characters.
Mar 14 00:22:11 jammy-provider-cloud-0000008107 devstack@keystone.service[72170]: DEBUG keystone.auth.core [None req-8d1ff591-4ed3-4711-9ff3-779cb9f28570 None None] MFA Rules not processed for user `ed695b88476946c09218de024852c0e4`. Rule list: `[]` (Enabled: `True`). {{(pid=72170) check_auth_methods_against_rules /opt/stack/keystone/keystone/auth/core.py:476}}
Mar 14 00:22:11 jammy-provider-cloud-0000008107 devstack@keystone.service[72170]: DEBUG keystone.common.fernet_utils [None req-8d1ff591-4ed3-4711-9ff3-779cb9f28570 None None] Loaded 2 Fernet keys from /etc/keystone/fernet-keys/, but `[fernet_tokens] max_active_keys = 3`; perhaps there have not been enough key rotations to reach `max_active_keys` yet? {{(pid=72170) load_keys /opt/stack/keystone/keystone/common/fernet_utils.py:297}}
Mar 14 00:22:11 jammy-provider-cloud-0000008107 devstack@keystone.service[72170]: [pid: 72170|app: 0|req: 12/23] 10.201.5.87 () {58 vars in 1016 bytes} [Fri Mar 14 00:22:11 2025] POST /identity/v3/auth/tokens => generated 862 bytes in 53 msecs (HTTP/1.1 201) 6 headers in 363 bytes (1 switches on core 0)
Mar 14 00:22:11 jammy-provider-cloud-0000008107 devstack@keystone.service[72169]: DEBUG keystone.server.flask.request_processing.middleware.auth_context [None req-c29dd136-64b4-4ea1-abaa-bd5380e48d82 None None] Authenticating user token {{(pid=72169) process_request /opt/stack/data/venv/lib/python3.10/site-packages/keystonemiddleware/auth_token/__init__.py:406}}
Mar 14 00:22:11 jammy-provider-cloud-0000008107 devstack@keystone.service[72169]: DEBUG keystone.server.flask.request_processing.middleware.auth_context [None req-c29dd136-64b4-4ea1-abaa-bd5380e48d82 None None] Validating token access rules against request {{(pid=72169) validate_allowed_request /opt/stack/data/venv/lib/python3.10/site-packages/keystonemiddleware/auth_token/__init__.py:544}}
Mar 14 00:22:11 jammy-provider-cloud-0000008107 devstack@keystone.service[72169]: DEBUG keystone.server.flask.request_processing.middleware.auth_context [None req-bb8bb035-a007-474f-b32c-366109da4ae8 None admin] RBAC: auth_context: {'token': <TokenModel (audit_id=0tVNXbu_SaC2uUXuWyX3ug, audit_chain_id=['0tVNXbu_SaC2uUXuWyX3ug']) at 0x7f7908f2ee60>, 'domain_id': None, 'trust_id': None, 'trustor_id': None, 'trustee_id': None, 'domain_name': None, 'group_ids': [], 'user_id': 'ed695b88476946c09218de024852c0e4', 'user_domain_id': 'default', 'system_scope': 'all', 'project_id': None, 'project_domain_id': None, 'roles': ['admin', 'manager', 'member', 'reader'], 'is_admin_project': True, 'service_user_id': None, 'service_user_domain_id': None, 'service_project_id': None, 'service_project_domain_id': None, 'service_roles': []} {{(pid=72169) fill_context /opt/stack/keystone/keystone/server/flask/request_processing/middleware/auth_context.py:506}}
Mar 14 00:22:11 jammy-provider-cloud-0000008107 devstack@keystone.service[72169]: DEBUG keystone.server.flask.request_processing.req_logging [None req-bb8bb035-a007-474f-b32c-366109da4ae8 None admin] REQUEST_METHOD: `GET` {{(pid=72169) log_request_info /opt/stack/keystone/keystone/server/flask/request_processing/req_logging.py:26}}
Mar 14 00:22:11 jammy-provider-cloud-0000008107 devstack@keystone.service[72169]: DEBUG keystone.server.flask.request_processing.req_logging [None req-bb8bb035-a007-474f-b32c-366109da4ae8 None admin] SCRIPT_NAME: `/identity` {{(pid=72169) log_request_info /opt/stack/keystone/keystone/server/flask/request_processing/req_logging.py:27}}
Mar 14 00:22:11 jammy-provider-cloud-0000008107 devstack@keystone.service[72169]: DEBUG keystone.server.flask.request_processing.req_logging [None req-bb8bb035-a007-474f-b32c-366109da4ae8 None admin] PATH_INFO: `/v3/roles/admin` {{(pid=72169) log_request_info /opt/stack/keystone/keystone/server/flask/request_processing/req_logging.py:28}}
Mar 14 00:22:11 jammy-provider-cloud-0000008107 devstack@keystone.service[72170]: DEBUG keystone.server.flask.request_processing.req_logging [None req-740ffd34-c57e-4e0e-8766-caa9aca2e4e9 None None] REQUEST_METHOD: `GET` {{(pid=72170) log_request_info /opt/stack/keystone/keystone/server/flask/request_processing/req_logging.py:26}}
Mar 14 00:22:11 jammy-provider-cloud-0000008107 devstack@keystone.service[72170]: DEBUG keystone.server.flask.request_processing.req_logging [None req-740ffd34-c57e-4e0e-8766-caa9aca2e4e9 None None] SCRIPT_NAME: `/identity` {{(pid=72170) log_request_info /opt/stack/keystone/keystone/server/flask/request_processing/req_logging.py:27}}
Mar 14 00:22:11 jammy-provider-cloud-0000008107 devstack@keystone.service[72170]: DEBUG keystone.server.flask.request_processing.req_logging [None req-740ffd34-c57e-4e0e-8766-caa9aca2e4e9 None None] PATH_INFO: `/` {{(pid=72170) log_request_info /opt/stack/keystone/keystone/server/flask/request_processing/req_logging.py:28}}
Mar 14 00:22:11 jammy-provider-cloud-0000008107 devstack@keystone.service[72170]: [pid: 72170|app: 0|req: 13/24] 10.201.5.87 () {54 vars in 919 bytes} [Fri Mar 14 00:22:11 2025] GET /identity => generated 270 bytes in 2 msecs (HTTP/1.1 300) 6 headers in 234 bytes (1 switches on core 0)
Mar 14 00:22:11 jammy-provider-cloud-0000008107 devstack@keystone.service[72170]: DEBUG keystone.server.flask.request_processing.req_logging [None req-debc5682-cf38-4551-a2d8-79f4ff43382f None None] REQUEST_METHOD: `POST` {{(pid=72170) log_request_info /opt/stack/keystone/keystone/server/flask/request_processing/req_logging.py:26}}
Mar 14 00:22:11 jammy-provider-cloud-0000008107 devstack@keystone.service[72170]: DEBUG keystone.server.flask.request_processing.req_logging [None req-debc5682-cf38-4551-a2d8-79f4ff43382f None None] SCRIPT_NAME: `/identity` {{(pid=72170) log_request_info /opt/stack/keystone/keystone/server/flask/request_processing/req_logging.py:27}}
Mar 14 00:22:11 jammy-provider-cloud-0000008107 devstack@keystone.service[72170]: DEBUG keystone.server.flask.request_processing.req_logging [None req-debc5682-cf38-4551-a2d8-79f4ff43382f None None] PATH_INFO: `/v3/auth/tokens` {{(pid=72170) log_request_info /opt/stack/keystone/keystone/server/flask/request_processing/req_logging.py:28}}
Mar 14 00:22:11 jammy-provider-cloud-0000008107 devstack@keystone.service[72169]: DEBUG keystone.common.rbac_enforcer.enforcer [None req-bb8bb035-a007-474f-b32c-366109da4ae8 None admin] Extracting inferred target data resulted in "NOT FOUND (404)". {{(pid=72169) enforce_call /opt/stack/keystone/keystone/common/rbac_enforcer/enforcer.py:445}}
Mar 14 00:22:11 jammy-provider-cloud-0000008107 devstack@keystone.service[72169]: DEBUG keystone.server.flask.application [None req-bb8bb035-a007-474f-b32c-366109da4ae8 None admin] Could not find role: admin. {{(pid=72169) _handle_keystone_exception /opt/stack/keystone/keystone/server/flask/application.py:152}}
Mar 14 00:22:11 jammy-provider-cloud-0000008107 devstack@keystone.service[72169]: [pid: 72169|app: 0|req: 12/25] 10.201.5.87 () {56 vars in 1132 bytes} [Fri Mar 14 00:22:11 2025] GET /identity/v3/roles/admin => generated 83 bytes in 81 msecs (HTTP/1.1 404) 5 headers in 183 bytes (1 switches on core 0)
Mar 14 00:22:11 jammy-provider-cloud-0000008107 devstack@keystone.service[72169]: DEBUG keystone.server.flask.request_processing.req_logging [None req-0e831535-a8d3-4a57-90e1-1cc2cf60c310 None None] REQUEST_METHOD: `GET` {{(pid=72169) log_request_info /opt/stack/keystone/keystone/server/flask/request_processing/req_logging.py:26}}
Mar 14 00:22:11 jammy-provider-cloud-0000008107 devstack@keystone.service[72169]: DEBUG keystone.server.flask.request_processing.req_logging [None req-0e831535-a8d3-4a57-90e1-1cc2cf60c310 None None] SCRIPT_NAME: `/identity` {{(pid=72169) log_request_info /opt/stack/keystone/keystone/server/flask/request_processing/req_logging.py:27}}
Mar 14 00:22:11 jammy-provider-cloud-0000008107 devstack@keystone.service[72169]: DEBUG keystone.server.flask.request_processing.req_logging [None req-0e831535-a8d3-4a57-90e1-1cc2cf60c310 None None] PATH_INFO: `/` {{(pid=72169) log_request_info /opt/stack/keystone/keystone/server/flask/request_processing/req_logging.py:28}}
Mar 14 00:22:11 jammy-provider-cloud-0000008107 devstack@keystone.service[72169]: [pid: 72169|app: 0|req: 13/26] 10.201.5.87 () {54 vars in 919 bytes} [Fri Mar 14 00:22:11 2025] GET /identity => generated 270 bytes in 1 msecs (HTTP/1.1 300) 6 headers in 234 bytes (1 switches on core 0)
Mar 14 00:22:11 jammy-provider-cloud-0000008107 devstack@keystone.service[72169]: DEBUG keystone.server.flask.request_processing.middleware.auth_context [None req-0e831535-a8d3-4a57-90e1-1cc2cf60c310 None None] Authenticating user token {{(pid=72169) process_request /opt/stack/data/venv/lib/python3.10/site-packages/keystonemiddleware/auth_token/__init__.py:406}}
Mar 14 00:22:11 jammy-provider-cloud-0000008107 devstack@keystone.service[72170]: WARNING keystone.common.password_hashing [None req-debc5682-cf38-4551-a2d8-79f4ff43382f None None] Truncating password to algorithm specific maximum length 72 characters.
Mar 14 00:22:11 jammy-provider-cloud-0000008107 devstack@keystone.service[72170]: DEBUG keystone.auth.core [None req-debc5682-cf38-4551-a2d8-79f4ff43382f None None] MFA Rules not processed for user `ed695b88476946c09218de024852c0e4`. Rule list: `[]` (Enabled: `True`). {{(pid=72170) check_auth_methods_against_rules /opt/stack/keystone/keystone/auth/core.py:476}}
Mar 14 00:22:11 jammy-provider-cloud-0000008107 devstack@keystone.service[72170]: DEBUG keystone.common.fernet_utils [None req-debc5682-cf38-4551-a2d8-79f4ff43382f None None] Loaded 2 Fernet keys from /etc/keystone/fernet-keys/, but `[fernet_tokens] max_active_keys = 3`; perhaps there have not been enough key rotations to reach `max_active_keys` yet? {{(pid=72170) load_keys /opt/stack/keystone/keystone/common/fernet_utils.py:297}}
Mar 14 00:22:11 jammy-provider-cloud-0000008107 devstack@keystone.service[72170]: [pid: 72170|app: 0|req: 14/27] 10.201.5.87 () {58 vars in 1016 bytes} [Fri Mar 14 00:22:11 2025] POST /identity/v3/auth/tokens => generated 862 bytes in 58 msecs (HTTP/1.1 201) 6 headers in 363 bytes (2 switches on core 0)
Mar 14 00:22:11 jammy-provider-cloud-0000008107 devstack@keystone.service[72170]: DEBUG keystone.server.flask.request_processing.req_logging [None req-abd89282-115f-4099-849b-9e040b6239c4 None None] REQUEST_METHOD: `POST` {{(pid=72170) log_request_info /opt/stack/keystone/keystone/server/flask/request_processing/req_logging.py:26}}
Mar 14 00:22:11 jammy-provider-cloud-0000008107 devstack@keystone.service[72170]: DEBUG keystone.server.flask.request_processing.req_logging [None req-abd89282-115f-4099-849b-9e040b6239c4 None None] SCRIPT_NAME: `/identity` {{(pid=72170) log_request_info /opt/stack/keystone/keystone/server/flask/request_processing/req_logging.py:27}}
Mar 14 00:22:11 jammy-provider-cloud-0000008107 devstack@keystone.service[72170]: DEBUG keystone.server.flask.request_processing.req_logging [None req-abd89282-115f-4099-849b-9e040b6239c4 None None] PATH_INFO: `/v3/auth/tokens` {{(pid=72170) log_request_info /opt/stack/keystone/keystone/server/flask/request_processing/req_logging.py:28}}
Mar 14 00:22:11 jammy-provider-cloud-0000008107 devstack@keystone.service[72169]: DEBUG keystone.server.flask.request_processing.middleware.auth_context [None req-0e831535-a8d3-4a57-90e1-1cc2cf60c310 None None] Validating token access rules against request {{(pid=72169) validate_allowed_request /opt/stack/data/venv/lib/python3.10/site-packages/keystonemiddleware/auth_token/__init__.py:544}}
Mar 14 00:22:11 jammy-provider-cloud-0000008107 devstack@keystone.service[72170]: WARNING keystone.common.password_hashing [None req-abd89282-115f-4099-849b-9e040b6239c4 None None] Truncating password to algorithm specific maximum length 72 characters.
Mar 14 00:22:11 jammy-provider-cloud-0000008107 devstack@keystone.service[72169]: DEBUG keystone.server.flask.request_processing.middleware.auth_context [None req-7bca1ea4-77a3-4da9-a9f3-34b2742c18bd None admin] RBAC: auth_context: {'token': <TokenModel (audit_id=0tVNXbu_SaC2uUXuWyX3ug, audit_chain_id=['0tVNXbu_SaC2uUXuWyX3ug']) at 0x7f7908f2c190>, 'domain_id': None, 'trust_id': None, 'trustor_id': None, 'trustee_id': None, 'domain_name': None, 'group_ids': [], 'user_id': 'ed695b88476946c09218de024852c0e4', 'user_domain_id': 'default', 'system_scope': 'all', 'project_id': None, 'project_domain_id': None, 'roles': ['admin', 'manager', 'member', 'reader'], 'is_admin_project': True, 'service_user_id': None, 'service_user_domain_id': None, 'service_project_id': None, 'service_project_domain_id': None, 'service_roles': []} {{(pid=72169) fill_context /opt/stack/keystone/keystone/server/flask/request_processing/middleware/auth_context.py:506}}
Mar 14 00:22:11 jammy-provider-cloud-0000008107 devstack@keystone.service[72169]: DEBUG keystone.server.flask.request_processing.req_logging [None req-7bca1ea4-77a3-4da9-a9f3-34b2742c18bd None admin] REQUEST_METHOD: `GET` {{(pid=72169) log_request_info /opt/stack/keystone/keystone/server/flask/request_processing/req_logging.py:26}}
Mar 14 00:22:11 jammy-provider-cloud-0000008107 devstack@keystone.service[72169]: DEBUG keystone.server.flask.request_processing.req_logging [None req-7bca1ea4-77a3-4da9-a9f3-34b2742c18bd None admin] SCRIPT_NAME: `/identity` {{(pid=72169) log_request_info /opt/stack/keystone/keystone/server/flask/request_processing/req_logging.py:27}}
Mar 14 00:22:11 jammy-provider-cloud-0000008107 devstack@keystone.service[72169]: DEBUG keystone.server.flask.request_processing.req_logging [None req-7bca1ea4-77a3-4da9-a9f3-34b2742c18bd None admin] PATH_INFO: `/v3/roles` {{(pid=72169) log_request_info /opt/stack/keystone/keystone/server/flask/request_processing/req_logging.py:28}}
Mar 14 00:22:11 jammy-provider-cloud-0000008107 devstack@keystone.service[72169]: DEBUG keystone.common.rbac_enforcer.enforcer [None req-7bca1ea4-77a3-4da9-a9f3-34b2742c18bd None admin] RBAC: Adding query filter params (name=admin) {{(pid=72169) _extract_filter_values /opt/stack/keystone/keystone/common/rbac_enforcer/enforcer.py:176}}
Mar 14 00:22:11 jammy-provider-cloud-0000008107 devstack@keystone.service[72169]: DEBUG keystone.common.rbac_enforcer.enforcer [None req-7bca1ea4-77a3-4da9-a9f3-34b2742c18bd None admin] RBAC: Authorizing `identity:list_roles()` {{(pid=72169) enforce_call /opt/stack/keystone/keystone/common/rbac_enforcer/enforcer.py:495}}
Mar 14 00:22:11 jammy-provider-cloud-0000008107 devstack@keystone.service[72169]: DEBUG keystone.common.rbac_enforcer.enforcer [None req-7bca1ea4-77a3-4da9-a9f3-34b2742c18bd None admin] RBAC: Authorization granted {{(pid=72169) enforce_call /opt/stack/keystone/keystone/common/rbac_enforcer/enforcer.py:506}}
Mar 14 00:22:11 jammy-provider-cloud-0000008107 devstack@keystone.service[72170]: DEBUG keystone.auth.core [None req-abd89282-115f-4099-849b-9e040b6239c4 None None] MFA Rules not processed for user `ed695b88476946c09218de024852c0e4`. Rule list: `[]` (Enabled: `True`). {{(pid=72170) check_auth_methods_against_rules /opt/stack/keystone/keystone/auth/core.py:476}}
Mar 14 00:22:11 jammy-provider-cloud-0000008107 devstack@keystone.service[72170]: DEBUG keystone.common.fernet_utils [None req-abd89282-115f-4099-849b-9e040b6239c4 None None] Loaded 2 Fernet keys from /etc/keystone/fernet-keys/, but `[fernet_tokens] max_active_keys = 3`; perhaps there have not been enough key rotations to reach `max_active_keys` yet? {{(pid=72170) load_keys /opt/stack/keystone/keystone/common/fernet_utils.py:297}}
Mar 14 00:22:11 jammy-provider-cloud-0000008107 devstack@keystone.service[72169]: [pid: 72169|app: 0|req: 14/28] 10.201.5.87 () {56 vars in 1148 bytes} [Fri Mar 14 00:22:11 2025] GET /identity/v3/roles?name=admin => generated 339 bytes in 95 msecs (HTTP/1.1 200) 5 headers in 177 bytes (2 switches on core 0)
Mar 14 00:22:11 jammy-provider-cloud-0000008107 devstack@keystone.service[72169]: DEBUG keystone.server.flask.request_processing.middleware.auth_context [None req-7bca1ea4-77a3-4da9-a9f3-34b2742c18bd None admin] Authenticating user token {{(pid=72169) process_request /opt/stack/data/venv/lib/python3.10/site-packages/keystonemiddleware/auth_token/__init__.py:406}}
Mar 14 00:22:11 jammy-provider-cloud-0000008107 devstack@keystone.service[72169]: DEBUG keystone.server.flask.request_processing.middleware.auth_context [None req-7bca1ea4-77a3-4da9-a9f3-34b2742c18bd None admin] Validating token access rules against request {{(pid=72169) validate_allowed_request /opt/stack/data/venv/lib/python3.10/site-packages/keystonemiddleware/auth_token/__init__.py:544}}
Mar 14 00:22:11 jammy-provider-cloud-0000008107 devstack@keystone.service[72169]: DEBUG keystone.server.flask.request_processing.middleware.auth_context [None req-87a84c91-a552-4c1e-96c2-66a78e878ef0 None admin] RBAC: auth_context: {'token': <TokenModel (audit_id=0tVNXbu_SaC2uUXuWyX3ug, audit_chain_id=['0tVNXbu_SaC2uUXuWyX3ug']) at 0x7f7908f2fc70>, 'domain_id': None, 'trust_id': None, 'trustor_id': None, 'trustee_id': None, 'domain_name': None, 'group_ids': [], 'user_id': 'ed695b88476946c09218de024852c0e4', 'user_domain_id': 'default', 'system_scope': 'all', 'project_id': None, 'project_domain_id': None, 'roles': ['admin', 'manager', 'member', 'reader'], 'is_admin_project': True, 'service_user_id': None, 'service_user_domain_id': None, 'service_project_id': None, 'service_project_domain_id': None, 'service_roles': []} {{(pid=72169) fill_context /opt/stack/keystone/keystone/server/flask/request_processing/middleware/auth_context.py:506}}
Mar 14 00:22:11 jammy-provider-cloud-0000008107 devstack@keystone.service[72169]: DEBUG keystone.server.flask.request_processing.req_logging [None req-87a84c91-a552-4c1e-96c2-66a78e878ef0 None admin] REQUEST_METHOD: `GET` {{(pid=72169) log_request_info /opt/stack/keystone/keystone/server/flask/request_processing/req_logging.py:26}}
Mar 14 00:22:11 jammy-provider-cloud-0000008107 devstack@keystone.service[72169]: DEBUG keystone.server.flask.request_processing.req_logging [None req-87a84c91-a552-4c1e-96c2-66a78e878ef0 None admin] SCRIPT_NAME: `/identity` {{(pid=72169) log_request_info /opt/stack/keystone/keystone/server/flask/request_processing/req_logging.py:27}}
Mar 14 00:22:11 jammy-provider-cloud-0000008107 devstack@keystone.service[72169]: DEBUG keystone.server.flask.request_processing.req_logging [None req-87a84c91-a552-4c1e-96c2-66a78e878ef0 None admin] PATH_INFO: `/v3/users/ed695b88476946c09218de024852c0e4` {{(pid=72169) log_request_info /opt/stack/keystone/keystone/server/flask/request_processing/req_logging.py:28}}
Mar 14 00:22:11 jammy-provider-cloud-0000008107 devstack@keystone.service[72169]: DEBUG keystone.common.rbac_enforcer.enforcer [None req-87a84c91-a552-4c1e-96c2-66a78e878ef0 None admin] RBAC: Authorizing `identity:get_user(user_id=ed695b88476946c09218de024852c0e4)` {{(pid=72169) enforce_call /opt/stack/keystone/keystone/common/rbac_enforcer/enforcer.py:495}}
Mar 14 00:22:11 jammy-provider-cloud-0000008107 devstack@keystone.service[72169]: DEBUG keystone.common.rbac_enforcer.enforcer [None req-87a84c91-a552-4c1e-96c2-66a78e878ef0 None admin] RBAC: Authorization granted {{(pid=72169) enforce_call /opt/stack/keystone/keystone/common/rbac_enforcer/enforcer.py:506}}
Mar 14 00:22:11 jammy-provider-cloud-0000008107 devstack@keystone.service[72169]: [pid: 72169|app: 0|req: 15/29] 10.201.5.87 () {56 vars in 1213 bytes} [Fri Mar 14 00:22:11 2025] GET /identity/v3/users/ed695b88476946c09218de024852c0e4 => generated 247 bytes in 78 msecs (HTTP/1.1 200) 5 headers in 177 bytes (2 switches on core 0)
Mar 14 00:22:11 jammy-provider-cloud-0000008107 devstack@keystone.service[72169]: DEBUG keystone.server.flask.request_processing.req_logging [None req-7c519cc0-0108-4d22-ae95-747d9af0a752 None None] REQUEST_METHOD: `GET` {{(pid=72169) log_request_info /opt/stack/keystone/keystone/server/flask/request_processing/req_logging.py:26}}
Mar 14 00:22:11 jammy-provider-cloud-0000008107 devstack@keystone.service[72170]: [pid: 72170|app: 0|req: 15/30] 10.201.5.87 () {58 vars in 1016 bytes} [Fri Mar 14 00:22:11 2025] POST /identity/v3/auth/tokens => generated 862 bytes in 133 msecs (HTTP/1.1 201) 6 headers in 363 bytes (1 switches on core 0)
Mar 14 00:22:11 jammy-provider-cloud-0000008107 devstack@keystone.service[72169]: DEBUG keystone.server.flask.request_processing.req_logging [None req-7c519cc0-0108-4d22-ae95-747d9af0a752 None None] SCRIPT_NAME: `/identity` {{(pid=72169) log_request_info /opt/stack/keystone/keystone/server/flask/request_processing/req_logging.py:27}}
Mar 14 00:22:11 jammy-provider-cloud-0000008107 devstack@keystone.service[72169]: DEBUG keystone.server.flask.request_processing.req_logging [None req-7c519cc0-0108-4d22-ae95-747d9af0a752 None None] PATH_INFO: `/` {{(pid=72169) log_request_info /opt/stack/keystone/keystone/server/flask/request_processing/req_logging.py:28}}
Mar 14 00:22:11 jammy-provider-cloud-0000008107 devstack@keystone.service[72169]: [pid: 72169|app: 0|req: 16/31] 10.201.5.87 () {54 vars in 919 bytes} [Fri Mar 14 00:22:11 2025] GET /identity => generated 270 bytes in 1 msecs (HTTP/1.1 300) 6 headers in 234 bytes (1 switches on core 0)
