Dec 16 07:58:19 jammy-provider-cloud-0000007842 cinder-volume[113069]: DEBUG oslo_service.service [None req-d9c22e31-1b11-41b4-8dd2-a5b2e02a4b88 None None] oslo_messaging_rabbit.ssl_ca_file =  {{(pid=113069) log_opt_values /opt/stack/data/venv/lib/python3.10/site-packages/oslo_config/cfg.py:2824}}
Dec 16 07:58:19 jammy-provider-cloud-0000007842 cinder-volume[113069]: DEBUG oslo_service.service [None req-d9c22e31-1b11-41b4-8dd2-a5b2e02a4b88 None None] oslo_messaging_rabbit.ssl_cert_file =  {{(pid=113069) log_opt_values /opt/stack/data/venv/lib/python3.10/site-packages/oslo_config/cfg.py:2824}}
Dec 16 07:58:19 jammy-provider-cloud-0000007842 cinder-volume[113069]: DEBUG oslo_service.service [None req-d9c22e31-1b11-41b4-8dd2-a5b2e02a4b88 None None] oslo_messaging_rabbit.ssl_enforce_fips_mode = False {{(pid=113069) log_opt_values /opt/stack/data/venv/lib/python3.10/site-packages/oslo_config/cfg.py:2824}}
Dec 16 07:58:19 jammy-provider-cloud-0000007842 cinder-volume[113069]: DEBUG oslo_service.service [None req-d9c22e31-1b11-41b4-8dd2-a5b2e02a4b88 None None] oslo_messaging_rabbit.ssl_key_file =  {{(pid=113069) log_opt_values /opt/stack/data/venv/lib/python3.10/site-packages/oslo_config/cfg.py:2824}}
Dec 16 07:58:19 jammy-provider-cloud-0000007842 cinder-volume[113069]: DEBUG oslo_service.service [None req-d9c22e31-1b11-41b4-8dd2-a5b2e02a4b88 None None] oslo_messaging_rabbit.ssl_version =  {{(pid=113069) log_opt_values /opt/stack/data/venv/lib/python3.10/site-packages/oslo_config/cfg.py:2824}}
Dec 16 07:58:19 jammy-provider-cloud-0000007842 cinder-volume[113069]: DEBUG oslo_service.service [None req-d9c22e31-1b11-41b4-8dd2-a5b2e02a4b88 None None] oslo_messaging_rabbit.use_queue_manager = False {{(pid=113069) log_opt_values /opt/stack/data/venv/lib/python3.10/site-packages/oslo_config/cfg.py:2824}}
Dec 16 07:58:19 jammy-provider-cloud-0000007842 cinder-volume[113069]: DEBUG oslo_service.service [None req-d9c22e31-1b11-41b4-8dd2-a5b2e02a4b88 None None] oslo_messaging_notifications.driver = [] {{(pid=113069) log_opt_values /opt/stack/data/venv/lib/python3.10/site-packages/oslo_config/cfg.py:2824}}
Dec 16 07:58:19 jammy-provider-cloud-0000007842 cinder-volume[113069]: DEBUG oslo_service.service [None req-d9c22e31-1b11-41b4-8dd2-a5b2e02a4b88 None None] oslo_messaging_notifications.retry = -1 {{(pid=113069) log_opt_values /opt/stack/data/venv/lib/python3.10/site-packages/oslo_config/cfg.py:2824}}
Dec 16 07:58:19 jammy-provider-cloud-0000007842 cinder-volume[113069]: DEBUG oslo_service.service [None req-d9c22e31-1b11-41b4-8dd2-a5b2e02a4b88 None None] oslo_messaging_notifications.topics = ['notifications'] {{(pid=113069) log_opt_values /opt/stack/data/venv/lib/python3.10/site-packages/oslo_config/cfg.py:2824}}
Dec 16 07:58:19 jammy-provider-cloud-0000007842 cinder-volume[113069]: DEBUG oslo_service.service [None req-d9c22e31-1b11-41b4-8dd2-a5b2e02a4b88 None None] oslo_messaging_notifications.transport_url = **** {{(pid=113069) log_opt_values /opt/stack/data/venv/lib/python3.10/site-packages/oslo_config/cfg.py:2824}}
Dec 16 07:58:19 jammy-provider-cloud-0000007842 cinder-volume[113069]: DEBUG oslo_service.service [None req-d9c22e31-1b11-41b4-8dd2-a5b2e02a4b88 None None] key_manager.backend            = cinder.keymgr.conf_key_mgr.ConfKeyManager {{(pid=113069) log_opt_values /opt/stack/data/venv/lib/python3.10/site-packages/oslo_config/cfg.py:2824}}
Dec 16 07:58:19 jammy-provider-cloud-0000007842 cinder-volume[113069]: DEBUG oslo_service.service [None req-d9c22e31-1b11-41b4-8dd2-a5b2e02a4b88 None None] key_manager.fixed_key          = **** {{(pid=113069) log_opt_values /opt/stack/data/venv/lib/python3.10/site-packages/oslo_config/cfg.py:2824}}
Dec 16 07:58:19 jammy-provider-cloud-0000007842 cinder-volume[113069]: DEBUG oslo_service.service [None req-d9c22e31-1b11-41b4-8dd2-a5b2e02a4b88 None None] barbican.auth_endpoint         = http://localhost/identity/v3 {{(pid=113069) log_opt_values /opt/stack/data/venv/lib/python3.10/site-packages/oslo_config/cfg.py:2824}}
Dec 16 07:58:19 jammy-provider-cloud-0000007842 cinder-volume[113069]: DEBUG oslo_service.service [None req-d9c22e31-1b11-41b4-8dd2-a5b2e02a4b88 None None] barbican.barbican_api_version  = None {{(pid=113069) log_opt_values /opt/stack/data/venv/lib/python3.10/site-packages/oslo_config/cfg.py:2824}}
Dec 16 07:58:19 jammy-provider-cloud-0000007842 cinder-volume[113069]: DEBUG oslo_service.service [None req-d9c22e31-1b11-41b4-8dd2-a5b2e02a4b88 None None] barbican.barbican_endpoint     = None {{(pid=113069) log_opt_values /opt/stack/data/venv/lib/python3.10/site-packages/oslo_config/cfg.py:2824}}
Dec 16 07:58:19 jammy-provider-cloud-0000007842 cinder-volume[113069]: DEBUG oslo_service.service [None req-d9c22e31-1b11-41b4-8dd2-a5b2e02a4b88 None None] barbican.barbican_endpoint_type = public {{(pid=113069) log_opt_values /opt/stack/data/venv/lib/python3.10/site-packages/oslo_config/cfg.py:2824}}
Dec 16 07:58:19 jammy-provider-cloud-0000007842 cinder-volume[113087]: DEBUG cinder.volume.drivers.hpe.hpe_3par_common [None req-bdfff5e2-cecc-437d-9a83-4f47a4632b18 None None] Disconnect from 3PAR REST and SSH 76b05465-4892-4e06-bc6d-37f06f76fbae {{(pid=113087) client_logout /opt/stack/cinder/cinder/volume/drivers/hpe/hpe_3par_common.py:435}}
Dec 16 07:58:19 jammy-provider-cloud-0000007842 cinder-volume[113069]: DEBUG oslo_service.service [None req-d9c22e31-1b11-41b4-8dd2-a5b2e02a4b88 None None] barbican.barbican_region_name  = None {{(pid=113069) log_opt_values /opt/stack/data/venv/lib/python3.10/site-packages/oslo_config/cfg.py:2824}}
Dec 16 07:58:19 jammy-provider-cloud-0000007842 cinder-volume[113069]: DEBUG oslo_service.service [None req-d9c22e31-1b11-41b4-8dd2-a5b2e02a4b88 None None] barbican.cafile                = None {{(pid=113069) log_opt_values /opt/stack/data/venv/lib/python3.10/site-packages/oslo_config/cfg.py:2824}}
Dec 16 07:58:19 jammy-provider-cloud-0000007842 cinder-volume[113069]: DEBUG oslo_service.service [None req-d9c22e31-1b11-41b4-8dd2-a5b2e02a4b88 None None] barbican.certfile              = None {{(pid=113069) log_opt_values /opt/stack/data/venv/lib/python3.10/site-packages/oslo_config/cfg.py:2824}}
Dec 16 07:58:19 jammy-provider-cloud-0000007842 cinder-volume[113069]: DEBUG oslo_service.service [None req-d9c22e31-1b11-41b4-8dd2-a5b2e02a4b88 None None] barbican.collect_timing        = False {{(pid=113069) log_opt_values /opt/stack/data/venv/lib/python3.10/site-packages/oslo_config/cfg.py:2824}}
Dec 16 07:58:19 jammy-provider-cloud-0000007842 cinder-volume[113069]: DEBUG oslo_service.service [None req-d9c22e31-1b11-41b4-8dd2-a5b2e02a4b88 None None] barbican.insecure              = False {{(pid=113069) log_opt_values /opt/stack/data/venv/lib/python3.10/site-packages/oslo_config/cfg.py:2824}}
Dec 16 07:58:19 jammy-provider-cloud-0000007842 cinder-volume[113069]: DEBUG oslo_service.service [None req-d9c22e31-1b11-41b4-8dd2-a5b2e02a4b88 None None] barbican.keyfile               = None {{(pid=113069) log_opt_values /opt/stack/data/venv/lib/python3.10/site-packages/oslo_config/cfg.py:2824}}
Dec 16 07:58:19 jammy-provider-cloud-0000007842 cinder-volume[113069]: DEBUG oslo_service.service [None req-d9c22e31-1b11-41b4-8dd2-a5b2e02a4b88 None None] barbican.number_of_retries     = 60 {{(pid=113069) log_opt_values /opt/stack/data/venv/lib/python3.10/site-packages/oslo_config/cfg.py:2824}}
Dec 16 07:58:19 jammy-provider-cloud-0000007842 cinder-volume[113069]: DEBUG oslo_service.service [None req-d9c22e31-1b11-41b4-8dd2-a5b2e02a4b88 None None] barbican.retry_delay           = 1 {{(pid=113069) log_opt_values /opt/stack/data/venv/lib/python3.10/site-packages/oslo_config/cfg.py:2824}}
Dec 16 07:58:19 jammy-provider-cloud-0000007842 cinder-volume[113069]: DEBUG oslo_service.service [None req-d9c22e31-1b11-41b4-8dd2-a5b2e02a4b88 None None] barbican.send_service_user_token = False {{(pid=113069) log_opt_values /opt/stack/data/venv/lib/python3.10/site-packages/oslo_config/cfg.py:2824}}
Dec 16 07:58:19 jammy-provider-cloud-0000007842 cinder-volume[113069]: DEBUG oslo_service.service [None req-d9c22e31-1b11-41b4-8dd2-a5b2e02a4b88 None None] barbican.split_loggers         = False {{(pid=113069) log_opt_values /opt/stack/data/venv/lib/python3.10/site-packages/oslo_config/cfg.py:2824}}
Dec 16 07:58:19 jammy-provider-cloud-0000007842 cinder-volume[113069]: DEBUG oslo_service.service [None req-d9c22e31-1b11-41b4-8dd2-a5b2e02a4b88 None None] barbican.timeout               = None {{(pid=113069) log_opt_values /opt/stack/data/venv/lib/python3.10/site-packages/oslo_config/cfg.py:2824}}
Dec 16 07:58:19 jammy-provider-cloud-0000007842 cinder-volume[113069]: DEBUG oslo_service.service [None req-d9c22e31-1b11-41b4-8dd2-a5b2e02a4b88 None None] barbican.verify_ssl            = True {{(pid=113069) log_opt_values /opt/stack/data/venv/lib/python3.10/site-packages/oslo_config/cfg.py:2824}}
Dec 16 07:58:19 jammy-provider-cloud-0000007842 cinder-volume[113069]: DEBUG oslo_service.service [None req-d9c22e31-1b11-41b4-8dd2-a5b2e02a4b88 None None] barbican.verify_ssl_path       = None {{(pid=113069) log_opt_values /opt/stack/data/venv/lib/python3.10/site-packages/oslo_config/cfg.py:2824}}
Dec 16 07:58:19 jammy-provider-cloud-0000007842 cinder-volume[113069]: DEBUG oslo_service.service [None req-d9c22e31-1b11-41b4-8dd2-a5b2e02a4b88 None None] barbican_service_user.auth_section = None {{(pid=113069) log_opt_values /opt/stack/data/venv/lib/python3.10/site-packages/oslo_config/cfg.py:2824}}
Dec 16 07:58:19 jammy-provider-cloud-0000007842 cinder-volume[113069]: DEBUG oslo_service.service [None req-d9c22e31-1b11-41b4-8dd2-a5b2e02a4b88 None None] barbican_service_user.auth_type = None {{(pid=113069) log_opt_values /opt/stack/data/venv/lib/python3.10/site-packages/oslo_config/cfg.py:2824}}
Dec 16 07:58:19 jammy-provider-cloud-0000007842 cinder-volume[113069]: DEBUG oslo_service.service [None req-d9c22e31-1b11-41b4-8dd2-a5b2e02a4b88 None None] barbican_service_user.cafile   = None {{(pid=113069) log_opt_values /opt/stack/data/venv/lib/python3.10/site-packages/oslo_config/cfg.py:2824}}
Dec 16 07:58:19 jammy-provider-cloud-0000007842 cinder-volume[113069]: DEBUG oslo_service.service [None req-d9c22e31-1b11-41b4-8dd2-a5b2e02a4b88 None None] barbican_service_user.certfile = None {{(pid=113069) log_opt_values /opt/stack/data/venv/lib/python3.10/site-packages/oslo_config/cfg.py:2824}}
Dec 16 07:58:19 jammy-provider-cloud-0000007842 cinder-volume[113069]: DEBUG oslo_service.service [None req-d9c22e31-1b11-41b4-8dd2-a5b2e02a4b88 None None] barbican_service_user.collect_timing = False {{(pid=113069) log_opt_values /opt/stack/data/venv/lib/python3.10/site-packages/oslo_config/cfg.py:2824}}
Dec 16 07:58:19 jammy-provider-cloud-0000007842 cinder-volume[113069]: DEBUG oslo_service.service [None req-d9c22e31-1b11-41b4-8dd2-a5b2e02a4b88 None None] barbican_service_user.insecure = False {{(pid=113069) log_opt_values /opt/stack/data/venv/lib/python3.10/site-packages/oslo_config/cfg.py:2824}}
Dec 16 07:58:19 jammy-provider-cloud-0000007842 cinder-volume[113069]: DEBUG oslo_service.service [None req-d9c22e31-1b11-41b4-8dd2-a5b2e02a4b88 None None] barbican_service_user.keyfile  = None {{(pid=113069) log_opt_values /opt/stack/data/venv/lib/python3.10/site-packages/oslo_config/cfg.py:2824}}
Dec 16 07:58:19 jammy-provider-cloud-0000007842 cinder-volume[113069]: DEBUG oslo_service.service [None req-d9c22e31-1b11-41b4-8dd2-a5b2e02a4b88 None None] barbican_service_user.split_loggers = False {{(pid=113069) log_opt_values /opt/stack/data/venv/lib/python3.10/site-packages/oslo_config/cfg.py:2824}}
Dec 16 07:58:19 jammy-provider-cloud-0000007842 cinder-volume[113069]: DEBUG oslo_service.service [None req-d9c22e31-1b11-41b4-8dd2-a5b2e02a4b88 None None] barbican_service_user.timeout  = None {{(pid=113069) log_opt_values /opt/stack/data/venv/lib/python3.10/site-packages/oslo_config/cfg.py:2824}}
Dec 16 07:58:19 jammy-provider-cloud-0000007842 cinder-volume[113069]: DEBUG oslo_service.service [None req-d9c22e31-1b11-41b4-8dd2-a5b2e02a4b88 None None] vault.approle_role_id          = **** {{(pid=113069) log_opt_values /opt/stack/data/venv/lib/python3.10/site-packages/oslo_config/cfg.py:2824}}
Dec 16 07:58:19 jammy-provider-cloud-0000007842 cinder-volume[113069]: DEBUG oslo_service.service [None req-d9c22e31-1b11-41b4-8dd2-a5b2e02a4b88 None None] vault.approle_secret_id        = **** {{(pid=113069) log_opt_values /opt/stack/data/venv/lib/python3.10/site-packages/oslo_config/cfg.py:2824}}
Dec 16 07:58:19 jammy-provider-cloud-0000007842 cinder-volume[113069]: DEBUG oslo_service.service [None req-d9c22e31-1b11-41b4-8dd2-a5b2e02a4b88 None None] vault.kv_mountpoint            = secret {{(pid=113069) log_opt_values /opt/stack/data/venv/lib/python3.10/site-packages/oslo_config/cfg.py:2824}}
Dec 16 07:58:19 jammy-provider-cloud-0000007842 cinder-volume[113069]: DEBUG oslo_service.service [None req-d9c22e31-1b11-41b4-8dd2-a5b2e02a4b88 None None] vault.kv_path                  = None {{(pid=113069) log_opt_values /opt/stack/data/venv/lib/python3.10/site-packages/oslo_config/cfg.py:2824}}
Dec 16 07:58:19 jammy-provider-cloud-0000007842 cinder-volume[113069]: DEBUG oslo_service.service [None req-d9c22e31-1b11-41b4-8dd2-a5b2e02a4b88 None None] vault.kv_version               = 2 {{(pid=113069) log_opt_values /opt/stack/data/venv/lib/python3.10/site-packages/oslo_config/cfg.py:2824}}
Dec 16 07:58:19 jammy-provider-cloud-0000007842 cinder-volume[113069]: DEBUG oslo_service.service [None req-d9c22e31-1b11-41b4-8dd2-a5b2e02a4b88 None None] vault.namespace                = None {{(pid=113069) log_opt_values /opt/stack/data/venv/lib/python3.10/site-packages/oslo_config/cfg.py:2824}}
Dec 16 07:58:19 jammy-provider-cloud-0000007842 cinder-volume[113069]: DEBUG oslo_service.service [None req-d9c22e31-1b11-41b4-8dd2-a5b2e02a4b88 None None] vault.root_token_id            = **** {{(pid=113069) log_opt_values /opt/stack/data/venv/lib/python3.10/site-packages/oslo_config/cfg.py:2824}}
Dec 16 07:58:19 jammy-provider-cloud-0000007842 cinder-volume[113069]: DEBUG oslo_service.service [None req-d9c22e31-1b11-41b4-8dd2-a5b2e02a4b88 None None] vault.ssl_ca_crt_file          = None {{(pid=113069) log_opt_values /opt/stack/data/venv/lib/python3.10/site-packages/oslo_config/cfg.py:2824}}
Dec 16 07:58:19 jammy-provider-cloud-0000007842 cinder-volume[113069]: DEBUG oslo_service.service [None req-d9c22e31-1b11-41b4-8dd2-a5b2e02a4b88 None None] vault.timeout                  = 60.0 {{(pid=113069) log_opt_values /opt/stack/data/venv/lib/python3.10/site-packages/oslo_config/cfg.py:2824}}
Dec 16 07:58:19 jammy-provider-cloud-0000007842 cinder-volume[113087]: WARNING py.warnings [None req-bdfff5e2-cecc-437d-9a83-4f47a4632b18 None None] /opt/stack/data/venv/lib/python3.10/site-packages/urllib3/connectionpool.py:1064: InsecureRequestWarning: Unverified HTTPS request is being made to host '10.201.5.12'. Adding certificate verification is strongly advised. See: https://urllib3.readthedocs.io/en/1.26.x/advanced-usage.html#ssl-warnings
Dec 16 07:58:19 jammy-provider-cloud-0000007842 cinder-volume[113087]:   warnings.warn(
Dec 16 07:58:19 jammy-provider-cloud-0000007842 cinder-volume[113069]: DEBUG oslo_service.service [None req-d9c22e31-1b11-41b4-8dd2-a5b2e02a4b88 None None] vault.use_ssl                  = False {{(pid=113069) log_opt_values /opt/stack/data/venv/lib/python3.10/site-packages/oslo_config/cfg.py:2824}}
Dec 16 07:58:19 jammy-provider-cloud-0000007842 cinder-volume[113069]: DEBUG oslo_service.service [None req-d9c22e31-1b11-41b4-8dd2-a5b2e02a4b88 None None] vault.vault_url                = http://127.0.0.1:8200 {{(pid=113069) log_opt_values /opt/stack/data/venv/lib/python3.10/site-packages/oslo_config/cfg.py:2824}}
Dec 16 07:58:19 jammy-provider-cloud-0000007842 cinder-volume[113069]: DEBUG oslo_service.service [None req-d9c22e31-1b11-41b4-8dd2-a5b2e02a4b88 None None] fc-zone-manager.enable_unsupported_driver = False {{(pid=113069) log_opt_values /opt/stack/data/venv/lib/python3.10/site-packages/oslo_config/cfg.py:2824}}
Dec 16 07:58:19 jammy-provider-cloud-0000007842 cinder-volume[113086]: DEBUG cinder.volume.drivers.hpe.hpe_3par_common [None req-077e8e23-024b-4972-adbc-4cfee452aedd None None] 'QoS_support' requires a 'Priority Optimization' license which is not installed. {{(pid=113086) _check_license_enabled /opt/stack/cinder/cinder/volume/drivers/hpe/hpe_3par_common.py:1844}}
Dec 16 07:58:19 jammy-provider-cloud-0000007842 cinder-volume[113069]: DEBUG oslo_service.service [None req-d9c22e31-1b11-41b4-8dd2-a5b2e02a4b88 None None] fc-zone-manager.fc_fabric_names = None {{(pid=113069) log_opt_values /opt/stack/data/venv/lib/python3.10/site-packages/oslo_config/cfg.py:2824}}
Dec 16 07:58:19 jammy-provider-cloud-0000007842 cinder-volume[113086]: DEBUG cinder.volume.drivers.hpe.hpe_3par_common [None req-077e8e23-024b-4972-adbc-4cfee452aedd None None] 'Thin_provisioning_support' requires a 'Thin Provisioning' license which is not installed. {{(pid=113086) _check_license_enabled /opt/stack/cinder/cinder/volume/drivers/hpe/hpe_3par_common.py:1844}}
Dec 16 07:58:19 jammy-provider-cloud-0000007842 cinder-volume[113069]: DEBUG oslo_service.service [None req-d9c22e31-1b11-41b4-8dd2-a5b2e02a4b88 None None] fc-zone-manager.fc_san_lookup_service = cinder.zonemanager.drivers.brocade.brcd_fc_san_lookup_service.BrcdFCSanLookupService {{(pid=113069) log_opt_values /opt/stack/data/venv/lib/python3.10/site-packages/oslo_config/cfg.py:2824}}
Dec 16 07:58:19 jammy-provider-cloud-0000007842 cinder-volume[113086]: DEBUG cinder.volume.drivers.hpe.hpe_3par_common [None req-077e8e23-024b-4972-adbc-4cfee452aedd None None] 'Replication' requires a 'Remote Copy' license which is not installed. {{(pid=113086) _check_license_enabled /opt/stack/cinder/cinder/volume/drivers/hpe/hpe_3par_common.py:1844}}
Dec 16 07:58:19 jammy-provider-cloud-0000007842 cinder-volume[113087]: DEBUG cinder.volume.drivers.hpe.hpe_3par_nvme [None req-bdfff5e2-cecc-437d-9a83-4f47a4632b18 None None] ==> get_volume_stats: call "{'self': <cinder.volume.drivers.hpe.hpe_3par_nvme.HPE3PARNVMEDriver object at 0x7fc8ff943010>, 'refresh': True}" {{(pid=113087) trace_logging_wrapper /opt/stack/cinder/cinder/volume/volume_utils.py:1498}}
Dec 16 07:58:19 jammy-provider-cloud-0000007842 cinder-volume[113086]: DEBUG cinder.volume.drivers.hpe.hpe_3par_common [None req-077e8e23-024b-4972-adbc-4cfee452aedd None None] 'System_reporter_support' requires a 'System Reporter' license which is not installed. {{(pid=113086) _check_license_enabled /opt/stack/cinder/cinder/volume/drivers/hpe/hpe_3par_common.py:1844}}
Dec 16 07:58:19 jammy-provider-cloud-0000007842 cinder-volume[113069]: DEBUG oslo_service.service [None req-d9c22e31-1b11-41b4-8dd2-a5b2e02a4b88 None None] fc-zone-manager.zone_driver    = cinder.zonemanager.drivers.brocade.brcd_fc_zone_driver.BrcdFCZoneDriver {{(pid=113069) log_opt_values /opt/stack/data/venv/lib/python3.10/site-packages/oslo_config/cfg.py:2824}}
Dec 16 07:58:19 jammy-provider-cloud-0000007842 cinder-volume[113086]: DEBUG cinder.volume.drivers.hpe.hpe_3par_common [None req-077e8e23-024b-4972-adbc-4cfee452aedd None None] 'Compression' requires a 'Compression' license which is not installed. {{(pid=113086) _check_license_enabled /opt/stack/cinder/cinder/volume/drivers/hpe/hpe_3par_common.py:1844}}
Dec 16 07:58:19 jammy-provider-cloud-0000007842 cinder-volume[113069]: DEBUG oslo_service.service [None req-d9c22e31-1b11-41b4-8dd2-a5b2e02a4b88 None None] fc-zone-manager.zoning_policy  = initiator-target {{(pid=113069) log_opt_values /opt/stack/data/venv/lib/python3.10/site-packages/oslo_config/cfg.py:2824}}
Dec 16 07:58:19 jammy-provider-cloud-0000007842 cinder-volume[113069]: DEBUG oslo_service.service [None req-d9c22e31-1b11-41b4-8dd2-a5b2e02a4b88 None None] arcusfc2.backend_availability_zone = None {{(pid=113069) log_opt_values /opt/stack/data/venv/lib/python3.10/site-packages/oslo_config/cfg.py:2824}}
Dec 16 07:58:19 jammy-provider-cloud-0000007842 cinder-volume[113069]: DEBUG oslo_service.service [None req-d9c22e31-1b11-41b4-8dd2-a5b2e02a4b88 None None] arcusfc2.backend_host          = None {{(pid=113069) log_opt_values /opt/stack/data/venv/lib/python3.10/site-packages/oslo_config/cfg.py:2824}}
Dec 16 07:58:19 jammy-provider-cloud-0000007842 cinder-volume[113069]: DEBUG oslo_service.service [None req-d9c22e31-1b11-41b4-8dd2-a5b2e02a4b88 None None] arcusfc2.backend_native_threads_pool_size = None {{(pid=113069) log_opt_values /opt/stack/data/venv/lib/python3.10/site-packages/oslo_config/cfg.py:2824}}
Dec 16 07:58:19 jammy-provider-cloud-0000007842 cinder-volume[113069]: DEBUG oslo_service.service [None req-d9c22e31-1b11-41b4-8dd2-a5b2e02a4b88 None None] arcusfc2.backup_use_temp_snapshot = None {{(pid=113069) log_opt_values /opt/stack/data/venv/lib/python3.10/site-packages/oslo_config/cfg.py:2824}}
Dec 16 07:58:19 jammy-provider-cloud-0000007842 cinder-volume[113069]: DEBUG oslo_service.service [None req-d9c22e31-1b11-41b4-8dd2-a5b2e02a4b88 None None] arcusfc2.chap_password         = **** {{(pid=113069) log_opt_values /opt/stack/data/venv/lib/python3.10/site-packages/oslo_config/cfg.py:2824}}
Dec 16 07:58:19 jammy-provider-cloud-0000007842 cinder-volume[113069]: DEBUG oslo_service.service [None req-d9c22e31-1b11-41b4-8dd2-a5b2e02a4b88 None None] arcusfc2.chap_username         = None {{(pid=113069) log_opt_values /opt/stack/data/venv/lib/python3.10/site-packages/oslo_config/cfg.py:2824}}
Dec 16 07:58:19 jammy-provider-cloud-0000007842 cinder-volume[113069]: DEBUG oslo_service.service [None req-d9c22e31-1b11-41b4-8dd2-a5b2e02a4b88 None None] arcusfc2.chiscsi_conf          = None {{(pid=113069) log_opt_values /opt/stack/data/venv/lib/python3.10/site-packages/oslo_config/cfg.py:2824}}
Dec 16 07:58:19 jammy-provider-cloud-0000007842 cinder-volume[113069]: DEBUG oslo_service.service [None req-d9c22e31-1b11-41b4-8dd2-a5b2e02a4b88 None None] arcusfc2.driver_client_cert    = None {{(pid=113069) log_opt_values /opt/stack/data/venv/lib/python3.10/site-packages/oslo_config/cfg.py:2824}}
Dec 16 07:58:19 jammy-provider-cloud-0000007842 cinder-volume[113069]: DEBUG oslo_service.service [None req-d9c22e31-1b11-41b4-8dd2-a5b2e02a4b88 None None] arcusfc2.driver_client_cert_key = None {{(pid=113069) log_opt_values /opt/stack/data/venv/lib/python3.10/site-packages/oslo_config/cfg.py:2824}}
Dec 16 07:58:19 jammy-provider-cloud-0000007842 cinder-volume[113069]: DEBUG oslo_service.service [None req-d9c22e31-1b11-41b4-8dd2-a5b2e02a4b88 None None] arcusfc2.driver_data_namespace = None {{(pid=113069) log_opt_values /opt/stack/data/venv/lib/python3.10/site-packages/oslo_config/cfg.py:2824}}
Dec 16 07:58:19 jammy-provider-cloud-0000007842 cinder-volume[113069]: DEBUG oslo_service.service [None req-d9c22e31-1b11-41b4-8dd2-a5b2e02a4b88 None None] arcusfc2.driver_ssl_cert_path  = None {{(pid=113069) log_opt_values /opt/stack/data/venv/lib/python3.10/site-packages/oslo_config/cfg.py:2824}}
Dec 16 07:58:19 jammy-provider-cloud-0000007842 cinder-volume[113069]: DEBUG oslo_service.service [None req-d9c22e31-1b11-41b4-8dd2-a5b2e02a4b88 None None] arcusfc2.driver_ssl_cert_verify = None {{(pid=113069) log_opt_values /opt/stack/data/venv/lib/python3.10/site-packages/oslo_config/cfg.py:2824}}
Dec 16 07:58:19 jammy-provider-cloud-0000007842 cinder-volume[113069]: DEBUG oslo_service.service [None req-d9c22e31-1b11-41b4-8dd2-a5b2e02a4b88 None None] arcusfc2.driver_use_ssl        = None {{(pid=113069) log_opt_values /opt/stack/data/venv/lib/python3.10/site-packages/oslo_config/cfg.py:2824}}
Dec 16 07:58:19 jammy-provider-cloud-0000007842 cinder-volume[113069]: DEBUG oslo_service.service [None req-d9c22e31-1b11-41b4-8dd2-a5b2e02a4b88 None None] arcusfc2.enable_unsupported_driver = None {{(pid=113069) log_opt_values /opt/stack/data/venv/lib/python3.10/site-packages/oslo_config/cfg.py:2824}}
Dec 16 07:58:19 jammy-provider-cloud-0000007842 cinder-volume[113069]: DEBUG oslo_service.service [None req-d9c22e31-1b11-41b4-8dd2-a5b2e02a4b88 None None] arcusfc2.enforce_multipath_for_image_xfer = None {{(pid=113069) log_opt_values /opt/stack/data/venv/lib/python3.10/site-packages/oslo_config/cfg.py:2824}}
Dec 16 07:58:19 jammy-provider-cloud-0000007842 cinder-volume[113069]: DEBUG oslo_service.service [None req-d9c22e31-1b11-41b4-8dd2-a5b2e02a4b88 None None] arcusfc2.extra_capabilities    = None {{(pid=113069) log_opt_values /opt/stack/data/venv/lib/python3.10/site-packages/oslo_config/cfg.py:2824}}
Dec 16 07:58:19 jammy-provider-cloud-0000007842 cinder-volume[113069]: DEBUG oslo_service.service [None req-d9c22e31-1b11-41b4-8dd2-a5b2e02a4b88 None None] arcusfc2.filter_function       = None {{(pid=113069) log_opt_values /opt/stack/data/venv/lib/python3.10/site-packages/oslo_config/cfg.py:2824}}
Dec 16 07:58:19 jammy-provider-cloud-0000007842 cinder-volume[113069]: DEBUG oslo_service.service [None req-d9c22e31-1b11-41b4-8dd2-a5b2e02a4b88 None None] arcusfc2.goodness_function     = None {{(pid=113069) log_opt_values /opt/stack/data/venv/lib/python3.10/site-packages/oslo_config/cfg.py:2824}}
Dec 16 07:58:19 jammy-provider-cloud-0000007842 cinder-volume[113069]: DEBUG oslo_service.service [None req-d9c22e31-1b11-41b4-8dd2-a5b2e02a4b88 None None] arcusfc2.hpe3par_api_url       = https://10.201.5.12/api/v1 {{(pid=113069) log_opt_values /opt/stack/data/venv/lib/python3.10/site-packages/oslo_config/cfg.py:2824}}
Dec 16 07:58:19 jammy-provider-cloud-0000007842 cinder-volume[113069]: DEBUG oslo_service.service [None req-d9c22e31-1b11-41b4-8dd2-a5b2e02a4b88 None None] arcusfc2.hpe3par_cpg           = ['SSD_r6'] {{(pid=113069) log_opt_values /opt/stack/data/venv/lib/python3.10/site-packages/oslo_config/cfg.py:2824}}
Dec 16 07:58:19 jammy-provider-cloud-0000007842 cinder-volume[113069]: DEBUG oslo_service.service [None req-d9c22e31-1b11-41b4-8dd2-a5b2e02a4b88 None None] arcusfc2.hpe3par_cpg_snap      = None {{(pid=113069) log_opt_values /opt/stack/data/venv/lib/python3.10/site-packages/oslo_config/cfg.py:2824}}
Dec 16 07:58:19 jammy-provider-cloud-0000007842 cinder-volume[113069]: DEBUG oslo_service.service [None req-d9c22e31-1b11-41b4-8dd2-a5b2e02a4b88 None None] arcusfc2.hpe3par_debug         = None {{(pid=113069) log_opt_values /opt/stack/data/venv/lib/python3.10/site-packages/oslo_config/cfg.py:2824}}
Dec 16 07:58:19 jammy-provider-cloud-0000007842 cinder-volume[113069]: DEBUG oslo_service.service [None req-d9c22e31-1b11-41b4-8dd2-a5b2e02a4b88 None None] arcusfc2.hpe3par_iscsi_chap_enabled = None {{(pid=113069) log_opt_values /opt/stack/data/venv/lib/python3.10/site-packages/oslo_config/cfg.py:2824}}
Dec 16 07:58:19 jammy-provider-cloud-0000007842 cinder-volume[113069]: DEBUG oslo_service.service [None req-d9c22e31-1b11-41b4-8dd2-a5b2e02a4b88 None None] arcusfc2.hpe3par_iscsi_ips     = None {{(pid=113069) log_opt_values /opt/stack/data/venv/lib/python3.10/site-packages/oslo_config/cfg.py:2824}}
Dec 16 07:58:19 jammy-provider-cloud-0000007842 cinder-volume[113069]: DEBUG oslo_service.service [None req-d9c22e31-1b11-41b4-8dd2-a5b2e02a4b88 None None] arcusfc2.hpe3par_password      = **** {{(pid=113069) log_opt_values /opt/stack/data/venv/lib/python3.10/site-packages/oslo_config/cfg.py:2824}}
Dec 16 07:58:19 jammy-provider-cloud-0000007842 cinder-volume[113069]: DEBUG oslo_service.service [None req-d9c22e31-1b11-41b4-8dd2-a5b2e02a4b88 None None] arcusfc2.hpe3par_snapshot_expiration = None {{(pid=113069) log_opt_values /opt/stack/data/venv/lib/python3.10/site-packages/oslo_config/cfg.py:2824}}
Dec 16 07:58:19 jammy-provider-cloud-0000007842 cinder-volume[113069]: DEBUG oslo_service.service [None req-d9c22e31-1b11-41b4-8dd2-a5b2e02a4b88 None None] arcusfc2.hpe3par_snapshot_retention = None {{(pid=113069) log_opt_values /opt/stack/data/venv/lib/python3.10/site-packages/oslo_config/cfg.py:2824}}
Dec 16 07:58:19 jammy-provider-cloud-0000007842 cinder-volume[113069]: DEBUG oslo_service.service [None req-d9c22e31-1b11-41b4-8dd2-a5b2e02a4b88 None None] arcusfc2.hpe3par_target_nsp    = None {{(pid=113069) log_opt_values /opt/stack/data/venv/lib/python3.10/site-packages/oslo_config/cfg.py:2824}}
Dec 16 07:58:19 jammy-provider-cloud-0000007842 cinder-volume[113087]: WARNING py.warnings [None req-bdfff5e2-cecc-437d-9a83-4f47a4632b18 None None] /opt/stack/data/venv/lib/python3.10/site-packages/urllib3/connectionpool.py:1064: InsecureRequestWarning: Unverified HTTPS request is being made to host '10.201.5.12'. Adding certificate verification is strongly advised. See: https://urllib3.readthedocs.io/en/1.26.x/advanced-usage.html#ssl-warnings
Dec 16 07:58:19 jammy-provider-cloud-0000007842 cinder-volume[113087]:   warnings.warn(
Dec 16 07:58:19 jammy-provider-cloud-0000007842 cinder-volume[113069]: DEBUG oslo_service.service [None req-d9c22e31-1b11-41b4-8dd2-a5b2e02a4b88 None None] arcusfc2.hpe3par_username      = 3paradm {{(pid=113069) log_opt_values /opt/stack/data/venv/lib/python3.10/site-packages/oslo_config/cfg.py:2824}}
Dec 16 07:58:19 jammy-provider-cloud-0000007842 cinder-volume[113069]: DEBUG oslo_service.service [None req-d9c22e31-1b11-41b4-8dd2-a5b2e02a4b88 None None] arcusfc2.image_upload_use_cinder_backend = None {{(pid=113069) log_opt_values /opt/stack/data/venv/lib/python3.10/site-packages/oslo_config/cfg.py:2824}}
Dec 16 07:58:19 jammy-provider-cloud-0000007842 cinder-volume[113069]: DEBUG oslo_service.service [None req-d9c22e31-1b11-41b4-8dd2-a5b2e02a4b88 None None] arcusfc2.image_upload_use_internal_tenant = None {{(pid=113069) log_opt_values /opt/stack/data/venv/lib/python3.10/site-packages/oslo_config/cfg.py:2824}}
Dec 16 07:58:19 jammy-provider-cloud-0000007842 sudo[113084]: pam_unix(sudo:session): session closed for user root
Dec 16 07:58:19 jammy-provider-cloud-0000007842 cinder-volume[113069]: DEBUG oslo_service.service [None req-d9c22e31-1b11-41b4-8dd2-a5b2e02a4b88 None None] arcusfc2.image_volume_cache_enabled = None {{(pid=113069) log_opt_values /opt/stack/data/venv/lib/python3.10/site-packages/oslo_config/cfg.py:2824}}
Dec 16 07:58:19 jammy-provider-cloud-0000007842 cinder-volume[113069]: DEBUG oslo_service.service [None req-d9c22e31-1b11-41b4-8dd2-a5b2e02a4b88 None None] arcusfc2.image_volume_cache_max_count = None {{(pid=113069) log_opt_values /opt/stack/data/venv/lib/python3.10/site-packages/oslo_config/cfg.py:2824}}
Dec 16 07:58:19 jammy-provider-cloud-0000007842 cinder-volume[113069]: DEBUG oslo_service.service [None req-d9c22e31-1b11-41b4-8dd2-a5b2e02a4b88 None None] arcusfc2.image_volume_cache_max_size_gb = None {{(pid=113069) log_opt_values /opt/stack/data/venv/lib/python3.10/site-packages/oslo_config/cfg.py:2824}}
Dec 16 07:58:19 jammy-provider-cloud-0000007842 cinder-volume[113069]: DEBUG oslo_service.service [None req-d9c22e31-1b11-41b4-8dd2-a5b2e02a4b88 None None] arcusfc2.iscsi_iotype          = None {{(pid=113069) log_opt_values /opt/stack/data/venv/lib/python3.10/site-packages/oslo_config/cfg.py:2824}}
Dec 16 07:58:19 jammy-provider-cloud-0000007842 cinder-volume[113069]: DEBUG oslo_service.service [None req-d9c22e31-1b11-41b4-8dd2-a5b2e02a4b88 None None] arcusfc2.iscsi_target_flags    = None {{(pid=113069) log_opt_values /opt/stack/data/venv/lib/python3.10/site-packages/oslo_config/cfg.py:2824}}
Dec 16 07:58:19 jammy-provider-cloud-0000007842 cinder-volume[103435]: DEBUG oslo_concurrency.processutils [None req-5bca1d63-ce54-4db5-b96c-79625d476e24 None None] CMD "sudo cinder-rootwrap /etc/cinder/rootwrap.conf env LC_ALL=C lvs --noheadings --unit=g -o vg_name,name,size --nosuffix --readonly stack-volumes-lvmdriver-1" returned: 0 in 0.348s {{(pid=103435) execute /opt/stack/data/venv/lib/python3.10/site-packages/oslo_concurrency/processutils.py:421}}
Dec 16 07:58:19 jammy-provider-cloud-0000007842 cinder-volume[113069]: DEBUG oslo_service.service [None req-d9c22e31-1b11-41b4-8dd2-a5b2e02a4b88 None None] arcusfc2.iscsi_write_cache     = None {{(pid=113069) log_opt_values /opt/stack/data/venv/lib/python3.10/site-packages/oslo_config/cfg.py:2824}}
Dec 16 07:58:19 jammy-provider-cloud-0000007842 cinder-volume[113069]: DEBUG oslo_service.service [None req-d9c22e31-1b11-41b4-8dd2-a5b2e02a4b88 None None] arcusfc2.iser_helper           = None {{(pid=113069) log_opt_values /opt/stack/data/venv/lib/python3.10/site-packages/oslo_config/cfg.py:2824}}
Dec 16 07:58:19 jammy-provider-cloud-0000007842 cinder-volume[103435]: DEBUG cinder.manager [None req-5bca1d63-ce54-4db5-b96c-79625d476e24 None None] Notifying Schedulers of capabilities ... {{(pid=103435) _publish_service_capabilities /opt/stack/cinder/cinder/manager.py:202}}
Dec 16 07:58:19 jammy-provider-cloud-0000007842 cinder-volume[113069]: DEBUG oslo_service.service [None req-d9c22e31-1b11-41b4-8dd2-a5b2e02a4b88 None None] arcusfc2.iser_ip_address       = None {{(pid=113069) log_opt_values /opt/stack/data/venv/lib/python3.10/site-packages/oslo_config/cfg.py:2824}}
Dec 16 07:58:19 jammy-provider-cloud-0000007842 cinder-volume[113069]: DEBUG oslo_service.service [None req-d9c22e31-1b11-41b4-8dd2-a5b2e02a4b88 None None] arcusfc2.iser_port             = None {{(pid=113069) log_opt_values /opt/stack/data/venv/lib/python3.10/site-packages/oslo_config/cfg.py:2824}}
Dec 16 07:58:19 jammy-provider-cloud-0000007842 cinder-volume[113069]: DEBUG oslo_service.service [None req-d9c22e31-1b11-41b4-8dd2-a5b2e02a4b88 None None] arcusfc2.iser_target_prefix    = None {{(pid=113069) log_opt_values /opt/stack/data/venv/lib/python3.10/site-packages/oslo_config/cfg.py:2824}}
Dec 16 07:58:19 jammy-provider-cloud-0000007842 cinder-volume[113069]: DEBUG oslo_service.service [None req-d9c22e31-1b11-41b4-8dd2-a5b2e02a4b88 None None] arcusfc2.max_over_subscription_ratio = None {{(pid=113069) log_opt_values /opt/stack/data/venv/lib/python3.10/site-packages/oslo_config/cfg.py:2824}}
Dec 16 07:58:19 jammy-provider-cloud-0000007842 cinder-volume[113069]: DEBUG oslo_service.service [None req-d9c22e31-1b11-41b4-8dd2-a5b2e02a4b88 None None] arcusfc2.num_iser_scan_tries   = None {{(pid=113069) log_opt_values /opt/stack/data/venv/lib/python3.10/site-packages/oslo_config/cfg.py:2824}}
Dec 16 07:58:19 jammy-provider-cloud-0000007842 cinder-volume[113069]: DEBUG oslo_service.service [None req-d9c22e31-1b11-41b4-8dd2-a5b2e02a4b88 None None] arcusfc2.num_shell_tries       = None {{(pid=113069) log_opt_values /opt/stack/data/venv/lib/python3.10/site-packages/oslo_config/cfg.py:2824}}
Dec 16 07:58:19 jammy-provider-cloud-0000007842 cinder-volume[113069]: DEBUG oslo_service.service [None req-d9c22e31-1b11-41b4-8dd2-a5b2e02a4b88 None None] arcusfc2.num_volume_device_scan_tries = None {{(pid=113069) log_opt_values /opt/stack/data/venv/lib/python3.10/site-packages/oslo_config/cfg.py:2824}}
Dec 16 07:58:19 jammy-provider-cloud-0000007842 cinder-volume[113069]: DEBUG oslo_service.service [None req-d9c22e31-1b11-41b4-8dd2-a5b2e02a4b88 None None] arcusfc2.nvmeof_conn_info_version = None {{(pid=113069) log_opt_values /opt/stack/data/venv/lib/python3.10/site-packages/oslo_config/cfg.py:2824}}
Dec 16 07:58:19 jammy-provider-cloud-0000007842 cinder-volume[113069]: DEBUG oslo_service.service [None req-d9c22e31-1b11-41b4-8dd2-a5b2e02a4b88 None None] arcusfc2.nvmet_ns_id           = None {{(pid=113069) log_opt_values /opt/stack/data/venv/lib/python3.10/site-packages/oslo_config/cfg.py:2824}}
Dec 16 07:58:19 jammy-provider-cloud-0000007842 cinder-volume[113069]: DEBUG oslo_service.service [None req-d9c22e31-1b11-41b4-8dd2-a5b2e02a4b88 None None] arcusfc2.nvmet_port_id         = None {{(pid=113069) log_opt_values /opt/stack/data/venv/lib/python3.10/site-packages/oslo_config/cfg.py:2824}}
Dec 16 07:58:19 jammy-provider-cloud-0000007842 cinder-volume[113069]: DEBUG oslo_service.service [None req-d9c22e31-1b11-41b4-8dd2-a5b2e02a4b88 None None] arcusfc2.replication_device    = **** {{(pid=113069) log_opt_values /opt/stack/data/venv/lib/python3.10/site-packages/oslo_config/cfg.py:2824}}
Dec 16 07:58:19 jammy-provider-cloud-0000007842 cinder-volume[113069]: DEBUG oslo_service.service [None req-d9c22e31-1b11-41b4-8dd2-a5b2e02a4b88 None None] arcusfc2.report_discard_supported = None {{(pid=113069) log_opt_values /opt/stack/data/venv/lib/python3.10/site-packages/oslo_config/cfg.py:2824}}
Dec 16 07:58:19 jammy-provider-cloud-0000007842 cinder-volume[113069]: DEBUG oslo_service.service [None req-d9c22e31-1b11-41b4-8dd2-a5b2e02a4b88 None None] arcusfc2.reserved_percentage   = None {{(pid=113069) log_opt_values /opt/stack/data/venv/lib/python3.10/site-packages/oslo_config/cfg.py:2824}}
Dec 16 07:58:19 jammy-provider-cloud-0000007842 cinder-volume[113069]: DEBUG oslo_service.service [None req-d9c22e31-1b11-41b4-8dd2-a5b2e02a4b88 None None] arcusfc2.san_api_port          = None {{(pid=113069) log_opt_values /opt/stack/data/venv/lib/python3.10/site-packages/oslo_config/cfg.py:2824}}
Dec 16 07:58:19 jammy-provider-cloud-0000007842 cinder-volume[113069]: DEBUG oslo_service.service [None req-d9c22e31-1b11-41b4-8dd2-a5b2e02a4b88 None None] arcusfc2.san_clustername       = None {{(pid=113069) log_opt_values /opt/stack/data/venv/lib/python3.10/site-packages/oslo_config/cfg.py:2824}}
Dec 16 07:58:19 jammy-provider-cloud-0000007842 cinder-volume[113069]: DEBUG oslo_service.service [None req-d9c22e31-1b11-41b4-8dd2-a5b2e02a4b88 None None] arcusfc2.san_ip                = 10.201.5.12 {{(pid=113069) log_opt_values /opt/stack/data/venv/lib/python3.10/site-packages/oslo_config/cfg.py:2824}}
Dec 16 07:58:19 jammy-provider-cloud-0000007842 cinder-volume[113069]: DEBUG oslo_service.service [None req-d9c22e31-1b11-41b4-8dd2-a5b2e02a4b88 None None] arcusfc2.san_is_local          = None {{(pid=113069) log_opt_values /opt/stack/data/venv/lib/python3.10/site-packages/oslo_config/cfg.py:2824}}
Dec 16 07:58:19 jammy-provider-cloud-0000007842 cinder-volume[113069]: DEBUG oslo_service.service [None req-d9c22e31-1b11-41b4-8dd2-a5b2e02a4b88 None None] arcusfc2.san_login             = 3paradm {{(pid=113069) log_opt_values /opt/stack/data/venv/lib/python3.10/site-packages/oslo_config/cfg.py:2824}}
Dec 16 07:58:19 jammy-provider-cloud-0000007842 cinder-volume[113069]: DEBUG oslo_service.service [None req-d9c22e31-1b11-41b4-8dd2-a5b2e02a4b88 None None] arcusfc2.san_password          = **** {{(pid=113069) log_opt_values /opt/stack/data/venv/lib/python3.10/site-packages/oslo_config/cfg.py:2824}}
Dec 16 07:58:19 jammy-provider-cloud-0000007842 cinder-volume[113069]: DEBUG oslo_service.service [None req-d9c22e31-1b11-41b4-8dd2-a5b2e02a4b88 None None] arcusfc2.san_private_key       = None {{(pid=113069) log_opt_values /opt/stack/data/venv/lib/python3.10/site-packages/oslo_config/cfg.py:2824}}
Dec 16 07:58:19 jammy-provider-cloud-0000007842 cinder-volume[113069]: DEBUG oslo_service.service [None req-d9c22e31-1b11-41b4-8dd2-a5b2e02a4b88 None None] arcusfc2.san_ssh_port          = None {{(pid=113069) log_opt_values /opt/stack/data/venv/lib/python3.10/site-packages/oslo_config/cfg.py:2824}}
Dec 16 07:58:19 jammy-provider-cloud-0000007842 cinder-volume[113069]: DEBUG oslo_service.service [None req-d9c22e31-1b11-41b4-8dd2-a5b2e02a4b88 None None] arcusfc2.san_thin_provision    = None {{(pid=113069) log_opt_values /opt/stack/data/venv/lib/python3.10/site-packages/oslo_config/cfg.py:2824}}
Dec 16 07:58:19 jammy-provider-cloud-0000007842 cinder-volume[113069]: DEBUG oslo_service.service [None req-d9c22e31-1b11-41b4-8dd2-a5b2e02a4b88 None None] arcusfc2.scst_target_driver    = None {{(pid=113069) log_opt_values /opt/stack/data/venv/lib/python3.10/site-packages/oslo_config/cfg.py:2824}}
Dec 16 07:58:19 jammy-provider-cloud-0000007842 cinder-volume[113069]: DEBUG oslo_service.service [None req-d9c22e31-1b11-41b4-8dd2-a5b2e02a4b88 None None] arcusfc2.scst_target_iqn_name  = None {{(pid=113069) log_opt_values /opt/stack/data/venv/lib/python3.10/site-packages/oslo_config/cfg.py:2824}}
Dec 16 07:58:19 jammy-provider-cloud-0000007842 cinder-volume[113069]: DEBUG oslo_service.service [None req-d9c22e31-1b11-41b4-8dd2-a5b2e02a4b88 None None] arcusfc2.ssh_conn_timeout      = 45 {{(pid=113069) log_opt_values /opt/stack/data/venv/lib/python3.10/site-packages/oslo_config/cfg.py:2824}}
Dec 16 07:58:19 jammy-provider-cloud-0000007842 cinder-volume[113069]: DEBUG oslo_service.service [None req-d9c22e31-1b11-41b4-8dd2-a5b2e02a4b88 None None] arcusfc2.ssh_max_pool_conn     = None {{(pid=113069) log_opt_values /opt/stack/data/venv/lib/python3.10/site-packages/oslo_config/cfg.py:2824}}
Dec 16 07:58:19 jammy-provider-cloud-0000007842 cinder-volume[113069]: DEBUG oslo_service.service [None req-d9c22e31-1b11-41b4-8dd2-a5b2e02a4b88 None None] arcusfc2.ssh_min_pool_conn     = None {{(pid=113069) log_opt_values /opt/stack/data/venv/lib/python3.10/site-packages/oslo_config/cfg.py:2824}}
Dec 16 07:58:19 jammy-provider-cloud-0000007842 cinder-volume[113069]: DEBUG oslo_service.service [None req-d9c22e31-1b11-41b4-8dd2-a5b2e02a4b88 None None] arcusfc2.storage_protocol      = None {{(pid=113069) log_opt_values /opt/stack/data/venv/lib/python3.10/site-packages/oslo_config/cfg.py:2824}}
Dec 16 07:58:19 jammy-provider-cloud-0000007842 cinder-volume[113069]: DEBUG oslo_service.service [None req-d9c22e31-1b11-41b4-8dd2-a5b2e02a4b88 None None] arcusfc2.suppress_requests_ssl_warnings = None {{(pid=113069) log_opt_values /opt/stack/data/venv/lib/python3.10/site-packages/oslo_config/cfg.py:2824}}
Dec 16 07:58:19 jammy-provider-cloud-0000007842 cinder-volume[113069]: DEBUG oslo_service.service [None req-d9c22e31-1b11-41b4-8dd2-a5b2e02a4b88 None None] arcusfc2.target_helper         = None {{(pid=113069) log_opt_values /opt/stack/data/venv/lib/python3.10/site-packages/oslo_config/cfg.py:2824}}
Dec 16 07:58:19 jammy-provider-cloud-0000007842 cinder-volume[113069]: DEBUG oslo_service.service [None req-d9c22e31-1b11-41b4-8dd2-a5b2e02a4b88 None None] arcusfc2.target_ip_address     = None {{(pid=113069) log_opt_values /opt/stack/data/venv/lib/python3.10/site-packages/oslo_config/cfg.py:2824}}
Dec 16 07:58:19 jammy-provider-cloud-0000007842 cinder-volume[103435]: WARNING amqp [None req-b30d7636-4bb1-460a-ad0b-ad20c32c5f79 None None] Received method (60, 30) during closing channel 1. This method will be ignored
Dec 16 07:58:19 jammy-provider-cloud-0000007842 cinder-volume[113087]: WARNING py.warnings [None req-bdfff5e2-cecc-437d-9a83-4f47a4632b18 None None] /opt/stack/data/venv/lib/python3.10/site-packages/urllib3/connectionpool.py:1064: InsecureRequestWarning: Unverified HTTPS request is being made to host '10.201.5.12'. Adding certificate verification is strongly advised. See: https://urllib3.readthedocs.io/en/1.26.x/advanced-usage.html#ssl-warnings
Dec 16 07:58:19 jammy-provider-cloud-0000007842 cinder-volume[113087]:   warnings.warn(
Dec 16 07:58:19 jammy-provider-cloud-0000007842 cinder-volume[113087]: : hpe3parclient.exceptions.HTTPForbidden: Forbidden (HTTP 403) 6 - invalid session key
Dec 16 07:58:19 jammy-provider-cloud-0000007842 cinder-volume[113069]: DEBUG oslo_service.service [None req-d9c22e31-1b11-41b4-8dd2-a5b2e02a4b88 None None] arcusfc2.target_port           = None {{(pid=113069) log_opt_values /opt/stack/data/venv/lib/python3.10/site-packages/oslo_config/cfg.py:2824}}
Dec 16 07:58:19 jammy-provider-cloud-0000007842 cinder-volume[113086]: WARNING py.warnings [None req-077e8e23-024b-4972-adbc-4cfee452aedd None None] /opt/stack/data/venv/lib/python3.10/site-packages/urllib3/connectionpool.py:1064: InsecureRequestWarning: Unverified HTTPS request is being made to host '10.201.5.12'. Adding certificate verification is strongly advised. See: https://urllib3.readthedocs.io/en/1.26.x/advanced-usage.html#ssl-warnings
Dec 16 07:58:19 jammy-provider-cloud-0000007842 cinder-volume[113086]:   warnings.warn(
Dec 16 07:58:19 jammy-provider-cloud-0000007842 cinder-volume[113069]: DEBUG oslo_service.service [None req-d9c22e31-1b11-41b4-8dd2-a5b2e02a4b88 None None] arcusfc2.target_prefix         = None {{(pid=113069) log_opt_values /opt/stack/data/venv/lib/python3.10/site-packages/oslo_config/cfg.py:2824}}
Dec 16 07:58:19 jammy-provider-cloud-0000007842 cinder-volume[113069]: DEBUG oslo_service.service [None req-d9c22e31-1b11-41b4-8dd2-a5b2e02a4b88 None None] arcusfc2.target_protocol       = None {{(pid=113069) log_opt_values /opt/stack/data/venv/lib/python3.10/site-packages/oslo_config/cfg.py:2824}}
Dec 16 07:58:19 jammy-provider-cloud-0000007842 cinder-volume[113069]: DEBUG oslo_service.service [None req-d9c22e31-1b11-41b4-8dd2-a5b2e02a4b88 None None] arcusfc2.target_secondary_ip_addresses = None {{(pid=113069) log_opt_values /opt/stack/data/venv/lib/python3.10/site-packages/oslo_config/cfg.py:2824}}
Dec 16 07:58:19 jammy-provider-cloud-0000007842 cinder-volume[113069]: DEBUG oslo_service.service [None req-d9c22e31-1b11-41b4-8dd2-a5b2e02a4b88 None None] arcusfc2.trace_flags           = None {{(pid=113069) log_opt_values /opt/stack/data/venv/lib/python3.10/site-packages/oslo_config/cfg.py:2824}}
Dec 16 07:58:19 jammy-provider-cloud-0000007842 cinder-volume[113069]: DEBUG oslo_service.service [None req-d9c22e31-1b11-41b4-8dd2-a5b2e02a4b88 None None] arcusfc2.unique_fqdn_network   = None {{(pid=113069) log_opt_values /opt/stack/data/venv/lib/python3.10/site-packages/oslo_config/cfg.py:2824}}
Dec 16 07:58:19 jammy-provider-cloud-0000007842 cinder-volume[113069]: DEBUG oslo_service.service [None req-d9c22e31-1b11-41b4-8dd2-a5b2e02a4b88 None None] arcusfc2.use_chap_auth         = None {{(pid=113069) log_opt_values /opt/stack/data/venv/lib/python3.10/site-packages/oslo_config/cfg.py:2824}}
Dec 16 07:58:19 jammy-provider-cloud-0000007842 cinder-volume[113069]: DEBUG oslo_service.service [None req-d9c22e31-1b11-41b4-8dd2-a5b2e02a4b88 None None] arcusfc2.use_multipath_for_image_xfer = None {{(pid=113069) log_opt_values /opt/stack/data/venv/lib/python3.10/site-packages/oslo_config/cfg.py:2824}}
Dec 16 07:58:19 jammy-provider-cloud-0000007842 cinder-volume[113069]: DEBUG oslo_service.service [None req-d9c22e31-1b11-41b4-8dd2-a5b2e02a4b88 None None] arcusfc2.volume_backend_name   = arcusfc2 {{(pid=113069) log_opt_values /opt/stack/data/venv/lib/python3.10/site-packages/oslo_config/cfg.py:2824}}
Dec 16 07:58:19 jammy-provider-cloud-0000007842 cinder-volume[113069]: DEBUG oslo_service.service [None req-d9c22e31-1b11-41b4-8dd2-a5b2e02a4b88 None None] arcusfc2.volume_clear          = None {{(pid=113069) log_opt_values /opt/stack/data/venv/lib/python3.10/site-packages/oslo_config/cfg.py:2824}}
Dec 16 07:58:19 jammy-provider-cloud-0000007842 cinder-volume[113069]: DEBUG oslo_service.service [None req-d9c22e31-1b11-41b4-8dd2-a5b2e02a4b88 None None] arcusfc2.volume_clear_ionice   = None {{(pid=113069) log_opt_values /opt/stack/data/venv/lib/python3.10/site-packages/oslo_config/cfg.py:2824}}
Dec 16 07:58:19 jammy-provider-cloud-0000007842 cinder-volume[113069]: DEBUG oslo_service.service [None req-d9c22e31-1b11-41b4-8dd2-a5b2e02a4b88 None None] arcusfc2.volume_clear_size     = None {{(pid=113069) log_opt_values /opt/stack/data/venv/lib/python3.10/site-packages/oslo_config/cfg.py:2824}}
Dec 16 07:58:19 jammy-provider-cloud-0000007842 cinder-volume[113069]: DEBUG oslo_service.service [None req-d9c22e31-1b11-41b4-8dd2-a5b2e02a4b88 None None] arcusfc2.volume_copy_blkio_cgroup_name = None {{(pid=113069) log_opt_values /opt/stack/data/venv/lib/python3.10/site-packages/oslo_config/cfg.py:2824}}
Dec 16 07:58:19 jammy-provider-cloud-0000007842 cinder-volume[113069]: DEBUG oslo_service.service [None req-d9c22e31-1b11-41b4-8dd2-a5b2e02a4b88 None None] arcusfc2.volume_copy_bps_limit = None {{(pid=113069) log_opt_values /opt/stack/data/venv/lib/python3.10/site-packages/oslo_config/cfg.py:2824}}
Dec 16 07:58:19 jammy-provider-cloud-0000007842 cinder-volume[113069]: DEBUG oslo_service.service [None req-d9c22e31-1b11-41b4-8dd2-a5b2e02a4b88 None None] arcusfc2.volume_dd_blocksize   = None {{(pid=113069) log_opt_values /opt/stack/data/venv/lib/python3.10/site-packages/oslo_config/cfg.py:2824}}
Dec 16 07:58:19 jammy-provider-cloud-0000007842 cinder-volume[103435]: WARNING amqp [None req-b30d7636-4bb1-460a-ad0b-ad20c32c5f79 None None] Received method (60, 30) during closing channel 1. This method will be ignored
Dec 16 07:58:19 jammy-provider-cloud-0000007842 cinder-volume[113069]: DEBUG oslo_service.service [None req-d9c22e31-1b11-41b4-8dd2-a5b2e02a4b88 None None] arcusfc2.volume_driver         = cinder.volume.drivers.hpe.hpe_3par_nvme.HPE3PARNVMEDriver {{(pid=113069) log_opt_values /opt/stack/data/venv/lib/python3.10/site-packages/oslo_config/cfg.py:2824}}
Dec 16 07:58:19 jammy-provider-cloud-0000007842 cinder-volume[113069]: DEBUG oslo_service.service [None req-d9c22e31-1b11-41b4-8dd2-a5b2e02a4b88 None None] arcusfc2.volumes_dir           = None {{(pid=113069) log_opt_values /opt/stack/data/venv/lib/python3.10/site-packages/oslo_config/cfg.py:2824}}
Dec 16 07:58:19 jammy-provider-cloud-0000007842 cinder-volume[113069]: DEBUG oslo_service.service [None req-d9c22e31-1b11-41b4-8dd2-a5b2e02a4b88 None None] ******************************************************************************** {{(pid=113069) log_opt_values /opt/stack/data/venv/lib/python3.10/site-packages/oslo_config/cfg.py:2828}}
Dec 16 07:58:19 jammy-provider-cloud-0000007842 cinder-volume[113087]: WARNING py.warnings [None req-bdfff5e2-cecc-437d-9a83-4f47a4632b18 None None] /opt/stack/data/venv/lib/python3.10/site-packages/urllib3/connectionpool.py:1064: InsecureRequestWarning: Unverified HTTPS request is being made to host '10.201.5.12'. Adding certificate verification is strongly advised. See: https://urllib3.readthedocs.io/en/1.26.x/advanced-usage.html#ssl-warnings
Dec 16 07:58:19 jammy-provider-cloud-0000007842 cinder-volume[113087]:   warnings.warn(
Dec 16 07:58:19 jammy-provider-cloud-0000007842 cinder-volume[113087]: : hpe3parclient.exceptions.HTTPForbidden: Forbidden (HTTP 403) 6 - invalid session key
