May 20 18:27:08 ubuntu devstack@keystone.service[67916]: DEBUG keystone.common.rbac_enforcer.enforcer [None req-90384709-85f9-4c42-a363-bb249edfbd34 None admin] RBAC: Authorization granted {{(pid=67916) enforce_call /opt/stack/keystone/keystone/common/rbac_enforcer/enforcer.py:505}}
May 20 18:27:08 ubuntu devstack@keystone.service[67916]: [pid: 67916|app: 0|req: 12/22] 10.120.125.137 () {60 vars in 1429 bytes} [Wed May 20 18:27:08 2026] PUT /identity/v3/domains/default/users/ceed49ea8f2942ef83eeef0ee653734d/roles/7c49b0193977472c970b204bf0613d60 => generated 0 bytes in 140 msecs (HTTP/1.1 204) 3 headers in 132 bytes (0 switches on core 0)
May 20 18:27:10 ubuntu devstack@keystone.service[67915]: DEBUG keystone.server.flask.request_processing.req_logging [None req-87cef911-df14-48a7-885e-e1800514a9cc None None] REQUEST_METHOD: `GET` {{(pid=67915) log_request_info /opt/stack/keystone/keystone/server/flask/request_processing/req_logging.py:26}}
May 20 18:27:10 ubuntu devstack@keystone.service[67915]: DEBUG keystone.server.flask.request_processing.req_logging [None req-87cef911-df14-48a7-885e-e1800514a9cc None None] SCRIPT_NAME: `/identity` {{(pid=67915) log_request_info /opt/stack/keystone/keystone/server/flask/request_processing/req_logging.py:27}}
May 20 18:27:10 ubuntu devstack@keystone.service[67915]: DEBUG keystone.server.flask.request_processing.req_logging [None req-87cef911-df14-48a7-885e-e1800514a9cc None None] PATH_INFO: `/` {{(pid=67915) log_request_info /opt/stack/keystone/keystone/server/flask/request_processing/req_logging.py:28}}
May 20 18:27:10 ubuntu devstack@keystone.service[67915]: [pid: 67915|app: 0|req: 11/23] 10.120.125.137 () {56 vars in 951 bytes} [Wed May 20 18:27:10 2026] GET /identity => generated 271 bytes in 4 msecs (HTTP/1.1 300) 6 headers in 235 bytes (1 switches on core 0)
May 20 18:27:10 ubuntu devstack@keystone.service[67916]: DEBUG keystone.server.flask.request_processing.req_logging [None req-672acbed-bf6b-4662-8b06-d168a796152d None None] REQUEST_METHOD: `GET` {{(pid=67916) log_request_info /opt/stack/keystone/keystone/server/flask/request_processing/req_logging.py:26}}
May 20 18:27:10 ubuntu devstack@keystone.service[67916]: DEBUG keystone.server.flask.request_processing.req_logging [None req-672acbed-bf6b-4662-8b06-d168a796152d None None] SCRIPT_NAME: `/identity` {{(pid=67916) log_request_info /opt/stack/keystone/keystone/server/flask/request_processing/req_logging.py:27}}
May 20 18:27:10 ubuntu devstack@keystone.service[67916]: DEBUG keystone.server.flask.request_processing.req_logging [None req-672acbed-bf6b-4662-8b06-d168a796152d None None] PATH_INFO: `/` {{(pid=67916) log_request_info /opt/stack/keystone/keystone/server/flask/request_processing/req_logging.py:28}}
May 20 18:27:10 ubuntu devstack@keystone.service[67916]: [pid: 67916|app: 0|req: 13/24] 10.120.125.137 () {56 vars in 951 bytes} [Wed May 20 18:27:10 2026] GET /identity => generated 271 bytes in 5 msecs (HTTP/1.1 300) 6 headers in 235 bytes (1 switches on core 0)
May 20 18:27:10 ubuntu devstack@keystone.service[67915]: DEBUG keystone.server.flask.request_processing.req_logging [None req-e02535ff-7df4-4b75-90c9-460e86769c77 None None] REQUEST_METHOD: `GET` {{(pid=67915) log_request_info /opt/stack/keystone/keystone/server/flask/request_processing/req_logging.py:26}}
May 20 18:27:10 ubuntu devstack@keystone.service[67915]: DEBUG keystone.server.flask.request_processing.req_logging [None req-e02535ff-7df4-4b75-90c9-460e86769c77 None None] SCRIPT_NAME: `/identity` {{(pid=67915) log_request_info /opt/stack/keystone/keystone/server/flask/request_processing/req_logging.py:27}}
May 20 18:27:10 ubuntu devstack@keystone.service[67915]: DEBUG keystone.server.flask.request_processing.req_logging [None req-e02535ff-7df4-4b75-90c9-460e86769c77 None None] PATH_INFO: `/` {{(pid=67915) log_request_info /opt/stack/keystone/keystone/server/flask/request_processing/req_logging.py:28}}
May 20 18:27:10 ubuntu devstack@keystone.service[67915]: [pid: 67915|app: 0|req: 12/25] 10.120.125.137 () {56 vars in 951 bytes} [Wed May 20 18:27:10 2026] GET /identity => generated 271 bytes in 4 msecs (HTTP/1.1 300) 6 headers in 235 bytes (1 switches on core 0)
May 20 18:27:10 ubuntu devstack@keystone.service[67916]: DEBUG keystone.server.flask.request_processing.req_logging [None req-c6a9e0a4-21d8-4ad7-80cb-44e8565b1284 None None] REQUEST_METHOD: `GET` {{(pid=67916) log_request_info /opt/stack/keystone/keystone/server/flask/request_processing/req_logging.py:26}}
May 20 18:27:10 ubuntu devstack@keystone.service[67916]: DEBUG keystone.server.flask.request_processing.req_logging [None req-c6a9e0a4-21d8-4ad7-80cb-44e8565b1284 None None] SCRIPT_NAME: `/identity` {{(pid=67916) log_request_info /opt/stack/keystone/keystone/server/flask/request_processing/req_logging.py:27}}
May 20 18:27:10 ubuntu devstack@keystone.service[67916]: DEBUG keystone.server.flask.request_processing.req_logging [None req-c6a9e0a4-21d8-4ad7-80cb-44e8565b1284 None None] PATH_INFO: `/` {{(pid=67916) log_request_info /opt/stack/keystone/keystone/server/flask/request_processing/req_logging.py:28}}
May 20 18:27:10 ubuntu devstack@keystone.service[67916]: [pid: 67916|app: 0|req: 14/26] 10.120.125.137 () {56 vars in 951 bytes} [Wed May 20 18:27:10 2026] GET /identity => generated 271 bytes in 4 msecs (HTTP/1.1 300) 6 headers in 235 bytes (1 switches on core 0)
May 20 18:27:10 ubuntu devstack@keystone.service[67915]: DEBUG keystone.server.flask.request_processing.req_logging [None req-b1d1178d-73b0-43c3-8612-73819b6f3f89 None None] REQUEST_METHOD: `GET` {{(pid=67915) log_request_info /opt/stack/keystone/keystone/server/flask/request_processing/req_logging.py:26}}
May 20 18:27:10 ubuntu devstack@keystone.service[67915]: DEBUG keystone.server.flask.request_processing.req_logging [None req-b1d1178d-73b0-43c3-8612-73819b6f3f89 None None] SCRIPT_NAME: `/identity` {{(pid=67915) log_request_info /opt/stack/keystone/keystone/server/flask/request_processing/req_logging.py:27}}
May 20 18:27:10 ubuntu devstack@keystone.service[67915]: DEBUG keystone.server.flask.request_processing.req_logging [None req-b1d1178d-73b0-43c3-8612-73819b6f3f89 None None] PATH_INFO: `/` {{(pid=67915) log_request_info /opt/stack/keystone/keystone/server/flask/request_processing/req_logging.py:28}}
May 20 18:27:10 ubuntu devstack@keystone.service[67915]: [pid: 67915|app: 0|req: 13/27] 10.120.125.137 () {56 vars in 951 bytes} [Wed May 20 18:27:10 2026] GET /identity => generated 271 bytes in 4 msecs (HTTP/1.1 300) 6 headers in 235 bytes (1 switches on core 0)
May 20 18:27:10 ubuntu devstack@keystone.service[67916]: DEBUG keystone.server.flask.request_processing.req_logging [None req-7258467e-71c0-4e62-bab6-5a29deeeb8b2 None None] REQUEST_METHOD: `POST` {{(pid=67916) log_request_info /opt/stack/keystone/keystone/server/flask/request_processing/req_logging.py:26}}
May 20 18:27:10 ubuntu devstack@keystone.service[67916]: DEBUG keystone.server.flask.request_processing.req_logging [None req-7258467e-71c0-4e62-bab6-5a29deeeb8b2 None None] SCRIPT_NAME: `/identity` {{(pid=67916) log_request_info /opt/stack/keystone/keystone/server/flask/request_processing/req_logging.py:27}}
May 20 18:27:10 ubuntu devstack@keystone.service[67916]: DEBUG keystone.server.flask.request_processing.req_logging [None req-7258467e-71c0-4e62-bab6-5a29deeeb8b2 None None] PATH_INFO: `/v3/auth/tokens` {{(pid=67916) log_request_info /opt/stack/keystone/keystone/server/flask/request_processing/req_logging.py:28}}
May 20 18:27:10 ubuntu devstack@keystone.service[67916]: WARNING keystone.common.password_hashing [None req-7258467e-71c0-4e62-bab6-5a29deeeb8b2 None None] Truncating password to algorithm specific maximum length 72 characters.
May 20 18:27:10 ubuntu devstack@keystone.service[67916]: DEBUG keystone.auth.core [None req-7258467e-71c0-4e62-bab6-5a29deeeb8b2 None None] MFA Rules not processed for user `ceed49ea8f2942ef83eeef0ee653734d`. Rule list: `[]` (Enabled: `True`). {{(pid=67916) check_auth_methods_against_rules /opt/stack/keystone/keystone/auth/core.py:476}}
May 20 18:27:10 ubuntu devstack@keystone.service[67916]: DEBUG keystone.common.fernet_utils [None req-7258467e-71c0-4e62-bab6-5a29deeeb8b2 None None] Loaded 2 Fernet keys from /etc/keystone/fernet-keys/, but `[fernet_tokens] max_active_keys = 3`; perhaps there have not been enough key rotations to reach `max_active_keys` yet? {{(pid=67916) load_keys /opt/stack/keystone/keystone/common/fernet_utils.py:297}}
May 20 18:27:11 ubuntu devstack@keystone.service[67916]: [pid: 67916|app: 0|req: 15/28] 10.120.125.137 () {60 vars in 1048 bytes} [Wed May 20 18:27:10 2026] POST /identity/v3/auth/tokens => generated 863 bytes in 62 msecs (HTTP/1.1 201) 6 headers in 363 bytes (1 switches on core 0)
May 20 18:27:11 ubuntu devstack@keystone.service[67915]: DEBUG keystone.server.flask.request_processing.req_logging [None req-cf6dfc07-929d-4244-8b86-8b97879b4d9d None None] REQUEST_METHOD: `POST` {{(pid=67915) log_request_info /opt/stack/keystone/keystone/server/flask/request_processing/req_logging.py:26}}
May 20 18:27:11 ubuntu devstack@keystone.service[67915]: DEBUG keystone.server.flask.request_processing.req_logging [None req-cf6dfc07-929d-4244-8b86-8b97879b4d9d None None] SCRIPT_NAME: `/identity` {{(pid=67915) log_request_info /opt/stack/keystone/keystone/server/flask/request_processing/req_logging.py:27}}
May 20 18:27:11 ubuntu devstack@keystone.service[67915]: DEBUG keystone.server.flask.request_processing.req_logging [None req-cf6dfc07-929d-4244-8b86-8b97879b4d9d None None] PATH_INFO: `/v3/auth/tokens` {{(pid=67915) log_request_info /opt/stack/keystone/keystone/server/flask/request_processing/req_logging.py:28}}
May 20 18:27:11 ubuntu devstack@keystone.service[67915]: WARNING keystone.common.password_hashing [None req-cf6dfc07-929d-4244-8b86-8b97879b4d9d None None] Truncating password to algorithm specific maximum length 72 characters.
May 20 18:27:11 ubuntu devstack@keystone.service[67915]: DEBUG keystone.auth.core [None req-cf6dfc07-929d-4244-8b86-8b97879b4d9d None None] MFA Rules not processed for user `ceed49ea8f2942ef83eeef0ee653734d`. Rule list: `[]` (Enabled: `True`). {{(pid=67915) check_auth_methods_against_rules /opt/stack/keystone/keystone/auth/core.py:476}}
May 20 18:27:11 ubuntu devstack@keystone.service[67915]: DEBUG keystone.common.fernet_utils [None req-cf6dfc07-929d-4244-8b86-8b97879b4d9d None None] Loaded 2 Fernet keys from /etc/keystone/fernet-keys/, but `[fernet_tokens] max_active_keys = 3`; perhaps there have not been enough key rotations to reach `max_active_keys` yet? {{(pid=67915) load_keys /opt/stack/keystone/keystone/common/fernet_utils.py:297}}
May 20 18:27:11 ubuntu devstack@keystone.service[67916]: DEBUG keystone.server.flask.request_processing.req_logging [None req-1f8ddde1-6dc4-4d6e-ac06-5771063bc584 None None] REQUEST_METHOD: `POST` {{(pid=67916) log_request_info /opt/stack/keystone/keystone/server/flask/request_processing/req_logging.py:26}}
May 20 18:27:11 ubuntu devstack@keystone.service[67916]: DEBUG keystone.server.flask.request_processing.req_logging [None req-1f8ddde1-6dc4-4d6e-ac06-5771063bc584 None None] SCRIPT_NAME: `/identity` {{(pid=67916) log_request_info /opt/stack/keystone/keystone/server/flask/request_processing/req_logging.py:27}}
May 20 18:27:11 ubuntu devstack@keystone.service[67916]: DEBUG keystone.server.flask.request_processing.req_logging [None req-1f8ddde1-6dc4-4d6e-ac06-5771063bc584 None None] PATH_INFO: `/v3/auth/tokens` {{(pid=67916) log_request_info /opt/stack/keystone/keystone/server/flask/request_processing/req_logging.py:28}}
May 20 18:27:11 ubuntu devstack@keystone.service[67915]: [pid: 67915|app: 0|req: 14/29] 10.120.125.137 () {60 vars in 1048 bytes} [Wed May 20 18:27:11 2026] POST /identity/v3/auth/tokens => generated 863 bytes in 56 msecs (HTTP/1.1 201) 6 headers in 363 bytes (2 switches on core 0)
May 20 18:27:11 ubuntu devstack@keystone.service[67916]: WARNING keystone.common.password_hashing [None req-1f8ddde1-6dc4-4d6e-ac06-5771063bc584 None None] Truncating password to algorithm specific maximum length 72 characters.
May 20 18:27:11 ubuntu devstack@keystone.service[67916]: DEBUG keystone.auth.core [None req-1f8ddde1-6dc4-4d6e-ac06-5771063bc584 None None] MFA Rules not processed for user `ceed49ea8f2942ef83eeef0ee653734d`. Rule list: `[]` (Enabled: `True`). {{(pid=67916) check_auth_methods_against_rules /opt/stack/keystone/keystone/auth/core.py:476}}
May 20 18:27:11 ubuntu devstack@keystone.service[67916]: DEBUG keystone.common.fernet_utils [None req-1f8ddde1-6dc4-4d6e-ac06-5771063bc584 None None] Loaded 2 Fernet keys from /etc/keystone/fernet-keys/, but `[fernet_tokens] max_active_keys = 3`; perhaps there have not been enough key rotations to reach `max_active_keys` yet? {{(pid=67916) load_keys /opt/stack/keystone/keystone/common/fernet_utils.py:297}}
May 20 18:27:11 ubuntu devstack@keystone.service[67916]: [pid: 67916|app: 0|req: 16/30] 10.120.125.137 () {60 vars in 1047 bytes} [Wed May 20 18:27:11 2026] POST /identity/v3/auth/tokens => generated 863 bytes in 48 msecs (HTTP/1.1 201) 6 headers in 363 bytes (1 switches on core 0)
May 20 18:27:11 ubuntu devstack@keystone.service[67915]: DEBUG keystone.server.flask.request_processing.req_logging [None req-f9c80577-9d6b-4be6-8182-a134e0c4a6ae None None] REQUEST_METHOD: `GET` {{(pid=67915) log_request_info /opt/stack/keystone/keystone/server/flask/request_processing/req_logging.py:26}}
May 20 18:27:11 ubuntu devstack@keystone.service[67915]: DEBUG keystone.server.flask.request_processing.req_logging [None req-f9c80577-9d6b-4be6-8182-a134e0c4a6ae None None] SCRIPT_NAME: `/identity` {{(pid=67915) log_request_info /opt/stack/keystone/keystone/server/flask/request_processing/req_logging.py:27}}
May 20 18:27:11 ubuntu devstack@keystone.service[67915]: DEBUG keystone.server.flask.request_processing.req_logging [None req-f9c80577-9d6b-4be6-8182-a134e0c4a6ae None None] PATH_INFO: `/` {{(pid=67915) log_request_info /opt/stack/keystone/keystone/server/flask/request_processing/req_logging.py:28}}
May 20 18:27:11 ubuntu devstack@keystone.service[67915]: [pid: 67915|app: 0|req: 15/31] 10.120.125.137 () {56 vars in 950 bytes} [Wed May 20 18:27:11 2026] GET /identity => generated 271 bytes in 2 msecs (HTTP/1.1 300) 6 headers in 235 bytes (1 switches on core 0)
May 20 18:27:11 ubuntu devstack@keystone.service[67916]: DEBUG keystone.server.flask.request_processing.req_logging [None req-102fa251-0fbd-4c06-9db3-9a4740fb5ccb None None] REQUEST_METHOD: `POST` {{(pid=67916) log_request_info /opt/stack/keystone/keystone/server/flask/request_processing/req_logging.py:26}}
May 20 18:27:11 ubuntu devstack@keystone.service[67916]: DEBUG keystone.server.flask.request_processing.req_logging [None req-102fa251-0fbd-4c06-9db3-9a4740fb5ccb None None] SCRIPT_NAME: `/identity` {{(pid=67916) log_request_info /opt/stack/keystone/keystone/server/flask/request_processing/req_logging.py:27}}
May 20 18:27:11 ubuntu devstack@keystone.service[67916]: DEBUG keystone.server.flask.request_processing.req_logging [None req-102fa251-0fbd-4c06-9db3-9a4740fb5ccb None None] PATH_INFO: `/v3/auth/tokens` {{(pid=67916) log_request_info /opt/stack/keystone/keystone/server/flask/request_processing/req_logging.py:28}}
May 20 18:27:11 ubuntu devstack@keystone.service[67916]: WARNING keystone.common.password_hashing [None req-102fa251-0fbd-4c06-9db3-9a4740fb5ccb None None] Truncating password to algorithm specific maximum length 72 characters.
May 20 18:27:11 ubuntu devstack@keystone.service[67916]: DEBUG keystone.auth.core [None req-102fa251-0fbd-4c06-9db3-9a4740fb5ccb None None] MFA Rules not processed for user `ceed49ea8f2942ef83eeef0ee653734d`. Rule list: `[]` (Enabled: `True`). {{(pid=67916) check_auth_methods_against_rules /opt/stack/keystone/keystone/auth/core.py:476}}
May 20 18:27:11 ubuntu devstack@keystone.service[67916]: DEBUG keystone.common.fernet_utils [None req-102fa251-0fbd-4c06-9db3-9a4740fb5ccb None None] Loaded 2 Fernet keys from /etc/keystone/fernet-keys/, but `[fernet_tokens] max_active_keys = 3`; perhaps there have not been enough key rotations to reach `max_active_keys` yet? {{(pid=67916) load_keys /opt/stack/keystone/keystone/common/fernet_utils.py:297}}
May 20 18:27:11 ubuntu devstack@keystone.service[67916]: [pid: 67916|app: 0|req: 17/32] 10.120.125.137 () {60 vars in 1047 bytes} [Wed May 20 18:27:11 2026] POST /identity/v3/auth/tokens => generated 863 bytes in 49 msecs (HTTP/1.1 201) 6 headers in 363 bytes (1 switches on core 0)
May 20 18:27:11 ubuntu devstack@keystone.service[67915]: DEBUG keystone.server.flask.request_processing.req_logging [None req-eb68a1e1-9e2f-498a-b75c-154ed796e81f None None] REQUEST_METHOD: `POST` {{(pid=67915) log_request_info /opt/stack/keystone/keystone/server/flask/request_processing/req_logging.py:26}}
May 20 18:27:11 ubuntu devstack@keystone.service[67915]: DEBUG keystone.server.flask.request_processing.req_logging [None req-eb68a1e1-9e2f-498a-b75c-154ed796e81f None None] SCRIPT_NAME: `/identity` {{(pid=67915) log_request_info /opt/stack/keystone/keystone/server/flask/request_processing/req_logging.py:27}}
May 20 18:27:11 ubuntu devstack@keystone.service[67915]: DEBUG keystone.server.flask.request_processing.req_logging [None req-eb68a1e1-9e2f-498a-b75c-154ed796e81f None None] PATH_INFO: `/v3/auth/tokens` {{(pid=67915) log_request_info /opt/stack/keystone/keystone/server/flask/request_processing/req_logging.py:28}}
May 20 18:27:11 ubuntu devstack@keystone.service[67915]: WARNING keystone.common.password_hashing [None req-eb68a1e1-9e2f-498a-b75c-154ed796e81f None None] Truncating password to algorithm specific maximum length 72 characters.
May 20 18:27:11 ubuntu devstack@keystone.service[67915]: DEBUG keystone.auth.core [None req-eb68a1e1-9e2f-498a-b75c-154ed796e81f None None] MFA Rules not processed for user `ceed49ea8f2942ef83eeef0ee653734d`. Rule list: `[]` (Enabled: `True`). {{(pid=67915) check_auth_methods_against_rules /opt/stack/keystone/keystone/auth/core.py:476}}
May 20 18:27:11 ubuntu devstack@keystone.service[67915]: DEBUG keystone.common.fernet_utils [None req-eb68a1e1-9e2f-498a-b75c-154ed796e81f None None] Loaded 2 Fernet keys from /etc/keystone/fernet-keys/, but `[fernet_tokens] max_active_keys = 3`; perhaps there have not been enough key rotations to reach `max_active_keys` yet? {{(pid=67915) load_keys /opt/stack/keystone/keystone/common/fernet_utils.py:297}}
May 20 18:27:11 ubuntu devstack@keystone.service[67915]: [pid: 67915|app: 0|req: 16/33] 10.120.125.137 () {60 vars in 1048 bytes} [Wed May 20 18:27:11 2026] POST /identity/v3/auth/tokens => generated 863 bytes in 59 msecs (HTTP/1.1 201) 6 headers in 363 bytes (1 switches on core 0)
May 20 18:27:11 ubuntu devstack@keystone.service[67916]: DEBUG keystone.server.flask.request_processing.middleware.auth_context [None req-102fa251-0fbd-4c06-9db3-9a4740fb5ccb None None] Authenticating user token {{(pid=67916) process_request /opt/stack/data/venv/lib/python3.12/site-packages/keystonemiddleware/auth_token/__init__.py:406}}
May 20 18:27:11 ubuntu devstack@keystone.service[67916]: DEBUG keystone.server.flask.request_processing.middleware.auth_context [None req-102fa251-0fbd-4c06-9db3-9a4740fb5ccb None None] Validating token access rules against request {{(pid=67916) validate_allowed_request /opt/stack/data/venv/lib/python3.12/site-packages/keystonemiddleware/auth_token/__init__.py:544}}
May 20 18:27:11 ubuntu devstack@keystone.service[67916]: DEBUG keystone.server.flask.request_processing.middleware.auth_context [None req-2e9dd377-61d7-4998-b569-77fc8080b602 None admin] RBAC: auth_context: {'token': <TokenModel (audit_id=JcW6o23iQwCAyQ6VBqbWog, audit_chain_id=['JcW6o23iQwCAyQ6VBqbWog']) at 0x7fa9dcb3c260>, 'domain_id': None, 'trust_id': None, 'trustor_id': None, 'trustee_id': None, 'domain_name': None, 'group_ids': [], 'user_id': 'ceed49ea8f2942ef83eeef0ee653734d', 'user_domain_id': 'default', 'system_scope': 'all', 'project_id': None, 'project_domain_id': None, 'roles': ['admin', 'manager', 'member', 'reader'], 'is_admin_project': True, 'service_user_id': None, 'service_user_domain_id': None, 'service_project_id': None, 'service_project_domain_id': None, 'service_roles': []} {{(pid=67916) fill_context /opt/stack/keystone/keystone/server/flask/request_processing/middleware/auth_context.py:509}}
May 20 18:27:11 ubuntu devstack@keystone.service[67916]: DEBUG keystone.server.flask.request_processing.req_logging [None req-2e9dd377-61d7-4998-b569-77fc8080b602 None admin] REQUEST_METHOD: `GET` {{(pid=67916) log_request_info /opt/stack/keystone/keystone/server/flask/request_processing/req_logging.py:26}}
May 20 18:27:11 ubuntu devstack@keystone.service[67916]: DEBUG keystone.server.flask.request_processing.req_logging [None req-2e9dd377-61d7-4998-b569-77fc8080b602 None admin] SCRIPT_NAME: `/identity` {{(pid=67916) log_request_info /opt/stack/keystone/keystone/server/flask/request_processing/req_logging.py:27}}
May 20 18:27:11 ubuntu devstack@keystone.service[67916]: DEBUG keystone.server.flask.request_processing.req_logging [None req-2e9dd377-61d7-4998-b569-77fc8080b602 None admin] PATH_INFO: `/v3/roles/admin` {{(pid=67916) log_request_info /opt/stack/keystone/keystone/server/flask/request_processing/req_logging.py:28}}
May 20 18:27:11 ubuntu devstack@keystone.service[67916]: DEBUG keystone.common.rbac_enforcer.enforcer [None req-2e9dd377-61d7-4998-b569-77fc8080b602 None admin] Extracting inferred target data resulted in "NOT FOUND (404)". {{(pid=67916) enforce_call /opt/stack/keystone/keystone/common/rbac_enforcer/enforcer.py:445}}
May 20 18:27:11 ubuntu devstack@keystone.service[67916]: DEBUG keystone.server.flask.application [None req-2e9dd377-61d7-4998-b569-77fc8080b602 None admin] Could not find role: admin. {{(pid=67916) _handle_keystone_exception /opt/stack/keystone/keystone/server/flask/application.py:146}}
May 20 18:27:11 ubuntu devstack@keystone.service[67916]: [pid: 67916|app: 0|req: 18/34] 10.120.125.137 () {58 vars in 1164 bytes} [Wed May 20 18:27:11 2026] GET /identity/v3/roles/admin => generated 83 bytes in 71 msecs (HTTP/1.1 404) 5 headers in 183 bytes (1 switches on core 0)
May 20 18:27:11 ubuntu devstack@keystone.service[67915]: DEBUG keystone.server.flask.request_processing.req_logging [None req-675cd9b2-c37c-4a36-b709-9ab10ef730b3 None None] REQUEST_METHOD: `POST` {{(pid=67915) log_request_info /opt/stack/keystone/keystone/server/flask/request_processing/req_logging.py:26}}
May 20 18:27:11 ubuntu devstack@keystone.service[67915]: DEBUG keystone.server.flask.request_processing.req_logging [None req-675cd9b2-c37c-4a36-b709-9ab10ef730b3 None None] SCRIPT_NAME: `/identity` {{(pid=67915) log_request_info /opt/stack/keystone/keystone/server/flask/request_processing/req_logging.py:27}}
May 20 18:27:11 ubuntu devstack@keystone.service[67915]: DEBUG keystone.server.flask.request_processing.req_logging [None req-675cd9b2-c37c-4a36-b709-9ab10ef730b3 None None] PATH_INFO: `/v3/auth/tokens` {{(pid=67915) log_request_info /opt/stack/keystone/keystone/server/flask/request_processing/req_logging.py:28}}
May 20 18:27:11 ubuntu devstack@keystone.service[67915]: WARNING keystone.common.password_hashing [None req-675cd9b2-c37c-4a36-b709-9ab10ef730b3 None None] Truncating password to algorithm specific maximum length 72 characters.
May 20 18:27:11 ubuntu devstack@keystone.service[67915]: DEBUG keystone.auth.core [None req-675cd9b2-c37c-4a36-b709-9ab10ef730b3 None None] MFA Rules not processed for user `ceed49ea8f2942ef83eeef0ee653734d`. Rule list: `[]` (Enabled: `True`). {{(pid=67915) check_auth_methods_against_rules /opt/stack/keystone/keystone/auth/core.py:476}}
May 20 18:27:11 ubuntu devstack@keystone.service[67915]: DEBUG keystone.common.fernet_utils [None req-675cd9b2-c37c-4a36-b709-9ab10ef730b3 None None] Loaded 2 Fernet keys from /etc/keystone/fernet-keys/, but `[fernet_tokens] max_active_keys = 3`; perhaps there have not been enough key rotations to reach `max_active_keys` yet? {{(pid=67915) load_keys /opt/stack/keystone/keystone/common/fernet_utils.py:297}}
May 20 18:27:11 ubuntu devstack@keystone.service[67915]: [pid: 67915|app: 0|req: 17/35] 10.120.125.137 () {60 vars in 1048 bytes} [Wed May 20 18:27:11 2026] POST /identity/v3/auth/tokens => generated 863 bytes in 53 msecs (HTTP/1.1 201) 6 headers in 363 bytes (1 switches on core 0)
May 20 18:27:11 ubuntu devstack@keystone.service[67916]: DEBUG keystone.server.flask.request_processing.middleware.auth_context [None req-2e9dd377-61d7-4998-b569-77fc8080b602 None admin] Authenticating user token {{(pid=67916) process_request /opt/stack/data/venv/lib/python3.12/site-packages/keystonemiddleware/auth_token/__init__.py:406}}
May 20 18:27:11 ubuntu devstack@keystone.service[67916]: DEBUG keystone.server.flask.request_processing.middleware.auth_context [None req-2e9dd377-61d7-4998-b569-77fc8080b602 None admin] Validating token access rules against request {{(pid=67916) validate_allowed_request /opt/stack/data/venv/lib/python3.12/site-packages/keystonemiddleware/auth_token/__init__.py:544}}
May 20 18:27:11 ubuntu devstack@keystone.service[67916]: DEBUG keystone.server.flask.request_processing.middleware.auth_context [None req-f5700c29-3a64-4914-83a0-892907a04f32 None admin] RBAC: auth_context: {'token': <TokenModel (audit_id=-6GbFFVwS1-M7ScvidnZVA, audit_chain_id=['-6GbFFVwS1-M7ScvidnZVA']) at 0x7fa9dcb18980>, 'domain_id': None, 'trust_id': None, 'trustor_id': None, 'trustee_id': None, 'domain_name': None, 'group_ids': [], 'user_id': 'ceed49ea8f2942ef83eeef0ee653734d', 'user_domain_id': 'default', 'system_scope': 'all', 'project_id': None, 'project_domain_id': None, 'roles': ['admin', 'manager', 'member', 'reader'], 'is_admin_project': True, 'service_user_id': None, 'service_user_domain_id': None, 'service_project_id': None, 'service_project_domain_id': None, 'service_roles': []} {{(pid=67916) fill_context /opt/stack/keystone/keystone/server/flask/request_processing/middleware/auth_context.py:509}}
May 20 18:27:11 ubuntu devstack@keystone.service[67916]: DEBUG keystone.server.flask.request_processing.req_logging [None req-f5700c29-3a64-4914-83a0-892907a04f32 None admin] REQUEST_METHOD: `GET` {{(pid=67916) log_request_info /opt/stack/keystone/keystone/server/flask/request_processing/req_logging.py:26}}
May 20 18:27:11 ubuntu devstack@keystone.service[67916]: DEBUG keystone.server.flask.request_processing.req_logging [None req-f5700c29-3a64-4914-83a0-892907a04f32 None admin] SCRIPT_NAME: `/identity` {{(pid=67916) log_request_info /opt/stack/keystone/keystone/server/flask/request_processing/req_logging.py:27}}
May 20 18:27:11 ubuntu devstack@keystone.service[67916]: DEBUG keystone.server.flask.request_processing.req_logging [None req-f5700c29-3a64-4914-83a0-892907a04f32 None admin] PATH_INFO: `/v3/domains/Default` {{(pid=67916) log_request_info /opt/stack/keystone/keystone/server/flask/request_processing/req_logging.py:28}}
May 20 18:27:11 ubuntu devstack@keystone.service[67916]: DEBUG keystone.common.rbac_enforcer.enforcer [None req-f5700c29-3a64-4914-83a0-892907a04f32 None admin] RBAC: Authorizing `identity:get_domain(domain_id=Default)` {{(pid=67916) enforce_call /opt/stack/keystone/keystone/common/rbac_enforcer/enforcer.py:494}}
May 20 18:27:11 ubuntu devstack@keystone.service[67916]: DEBUG keystone.common.rbac_enforcer.enforcer [None req-f5700c29-3a64-4914-83a0-892907a04f32 None admin] RBAC: Authorization granted {{(pid=67916) enforce_call /opt/stack/keystone/keystone/common/rbac_enforcer/enforcer.py:505}}
May 20 18:27:11 ubuntu devstack@keystone.service[67915]: DEBUG keystone.server.flask.request_processing.middleware.auth_context [None req-675cd9b2-c37c-4a36-b709-9ab10ef730b3 None None] Authenticating user token {{(pid=67915) process_request /opt/stack/data/venv/lib/python3.12/site-packages/keystonemiddleware/auth_token/__init__.py:406}}
May 20 18:27:11 ubuntu devstack@keystone.service[67916]: DEBUG keystone.server.flask.application [None req-f5700c29-3a64-4914-83a0-892907a04f32 None admin] Could not find domain: Default. {{(pid=67916) _handle_keystone_exception /opt/stack/keystone/keystone/server/flask/application.py:146}}
May 20 18:27:11 ubuntu devstack@keystone.service[67916]: [pid: 67916|app: 0|req: 19/36] 10.120.125.137 () {58 vars in 1176 bytes} [Wed May 20 18:27:11 2026] GET /identity/v3/domains/Default => generated 87 bytes in 73 msecs (HTTP/1.1 404) 5 headers in 183 bytes (2 switches on core 0)
May 20 18:27:11 ubuntu devstack@keystone.service[67916]: DEBUG keystone.server.flask.request_processing.middleware.auth_context [None req-f5700c29-3a64-4914-83a0-892907a04f32 None admin] Authenticating user token {{(pid=67916) process_request /opt/stack/data/venv/lib/python3.12/site-packages/keystonemiddleware/auth_token/__init__.py:406}}
May 20 18:27:11 ubuntu devstack@keystone.service[67915]: DEBUG keystone.server.flask.request_processing.middleware.auth_context [None req-675cd9b2-c37c-4a36-b709-9ab10ef730b3 None None] Validating token access rules against request {{(pid=67915) validate_allowed_request /opt/stack/data/venv/lib/python3.12/site-packages/keystonemiddleware/auth_token/__init__.py:544}}
May 20 18:27:11 ubuntu devstack@keystone.service[67915]: DEBUG keystone.server.flask.request_processing.middleware.auth_context [None req-8e407bec-98f3-455e-b9e3-92ea9a0fcbeb None admin] RBAC: auth_context: {'token': <TokenModel (audit_id=JcW6o23iQwCAyQ6VBqbWog, audit_chain_id=['JcW6o23iQwCAyQ6VBqbWog']) at 0x7fa9dd98c9b0>, 'domain_id': None, 'trust_id': None, 'trustor_id': None, 'trustee_id': None, 'domain_name': None, 'group_ids': [], 'user_id': 'ceed49ea8f2942ef83eeef0ee653734d', 'user_domain_id': 'default', 'system_scope': 'all', 'project_id': None, 'project_domain_id': None, 'roles': ['admin', 'manager', 'member', 'reader'], 'is_admin_project': True, 'service_user_id': None, 'service_user_domain_id': None, 'service_project_id': None, 'service_project_domain_id': None, 'service_roles': []} {{(pid=67915) fill_context /opt/stack/keystone/keystone/server/flask/request_processing/middleware/auth_context.py:509}}
May 20 18:27:11 ubuntu devstack@keystone.service[67915]: DEBUG keystone.server.flask.request_processing.req_logging [None req-8e407bec-98f3-455e-b9e3-92ea9a0fcbeb None admin] REQUEST_METHOD: `GET` {{(pid=67915) log_request_info /opt/stack/keystone/keystone/server/flask/request_processing/req_logging.py:26}}
May 20 18:27:11 ubuntu devstack@keystone.service[67915]: DEBUG keystone.server.flask.request_processing.req_logging [None req-8e407bec-98f3-455e-b9e3-92ea9a0fcbeb None admin] SCRIPT_NAME: `/identity` {{(pid=67915) log_request_info /opt/stack/keystone/keystone/server/flask/request_processing/req_logging.py:27}}
May 20 18:27:11 ubuntu devstack@keystone.service[67915]: DEBUG keystone.server.flask.request_processing.req_logging [None req-8e407bec-98f3-455e-b9e3-92ea9a0fcbeb None admin] PATH_INFO: `/v3/roles` {{(pid=67915) log_request_info /opt/stack/keystone/keystone/server/flask/request_processing/req_logging.py:28}}
May 20 18:27:11 ubuntu devstack@keystone.service[67915]: DEBUG keystone.common.rbac_enforcer.enforcer [None req-8e407bec-98f3-455e-b9e3-92ea9a0fcbeb None admin] RBAC: Adding query filter params (name=admin) {{(pid=67915) _extract_filter_values /opt/stack/keystone/keystone/common/rbac_enforcer/enforcer.py:176}}
May 20 18:27:11 ubuntu devstack@keystone.service[67915]: DEBUG keystone.common.rbac_enforcer.enforcer [None req-8e407bec-98f3-455e-b9e3-92ea9a0fcbeb None admin] RBAC: Authorizing `identity:list_roles()` {{(pid=67915) enforce_call /opt/stack/keystone/keystone/common/rbac_enforcer/enforcer.py:494}}
May 20 18:27:11 ubuntu devstack@keystone.service[67915]: DEBUG keystone.common.rbac_enforcer.enforcer [None req-8e407bec-98f3-455e-b9e3-92ea9a0fcbeb None admin] RBAC: Authorization granted {{(pid=67915) enforce_call /opt/stack/keystone/keystone/common/rbac_enforcer/enforcer.py:505}}
May 20 18:27:11 ubuntu devstack@keystone.service[67915]: [pid: 67915|app: 0|req: 18/37] 10.120.125.137 () {58 vars in 1180 bytes} [Wed May 20 18:27:11 2026] GET /identity/v3/roles?name=admin => generated 341 bytes in 93 msecs (HTTP/1.1 200) 5 headers in 177 bytes (1 switches on core 0)
May 20 18:27:11 ubuntu devstack@keystone.service[67915]: DEBUG keystone.server.flask.request_processing.middleware.auth_context [None req-8e407bec-98f3-455e-b9e3-92ea9a0fcbeb None admin] Authenticating user token {{(pid=67915) process_request /opt/stack/data/venv/lib/python3.12/site-packages/keystonemiddleware/auth_token/__init__.py:406}}
May 20 18:27:11 ubuntu devstack@keystone.service[67916]: DEBUG keystone.server.flask.request_processing.middleware.auth_context [None req-f5700c29-3a64-4914-83a0-892907a04f32 None admin] Validating token access rules against request {{(pid=67916) validate_allowed_request /opt/stack/data/venv/lib/python3.12/site-packages/keystonemiddleware/auth_token/__init__.py:544}}
May 20 18:27:11 ubuntu devstack@keystone.service[67916]: DEBUG keystone.server.flask.request_processing.middleware.auth_context [None req-9d5e8d23-33d5-4df6-88cf-a79a304b1639 None admin] RBAC: auth_context: {'token': <TokenModel (audit_id=Uri4ZzbERpGFsHAwtvIZHQ, audit_chain_id=['Uri4ZzbERpGFsHAwtvIZHQ']) at 0x7fa9dcc79df0>, 'domain_id': None, 'trust_id': None, 'trustor_id': None, 'trustee_id': None, 'domain_name': None, 'group_ids': [], 'user_id': 'ceed49ea8f2942ef83eeef0ee653734d', 'user_domain_id': 'default', 'system_scope': 'all', 'project_id': None, 'project_domain_id': None, 'roles': ['admin', 'manager', 'member', 'reader'], 'is_admin_project': True, 'service_user_id': None, 'service_user_domain_id': None, 'service_project_id': None, 'service_project_domain_id': None, 'service_roles': []} {{(pid=67916) fill_context /opt/stack/keystone/keystone/server/flask/request_processing/middleware/auth_context.py:509}}
May 20 18:27:11 ubuntu devstack@keystone.service[67916]: DEBUG keystone.server.flask.request_processing.req_logging [None req-9d5e8d23-33d5-4df6-88cf-a79a304b1639 None admin] REQUEST_METHOD: `POST` {{(pid=67916) log_request_info /opt/stack/keystone/keystone/server/flask/request_processing/req_logging.py:26}}
May 20 18:27:11 ubuntu devstack@keystone.service[67916]: DEBUG keystone.server.flask.request_processing.req_logging [None req-9d5e8d23-33d5-4df6-88cf-a79a304b1639 None admin] SCRIPT_NAME: `/identity` {{(pid=67916) log_request_info /opt/stack/keystone/keystone/server/flask/request_processing/req_logging.py:27}}
May 20 18:27:11 ubuntu devstack@keystone.service[67916]: DEBUG keystone.server.flask.request_processing.req_logging [None req-9d5e8d23-33d5-4df6-88cf-a79a304b1639 None admin] PATH_INFO: `/v3/roles` {{(pid=67916) log_request_info /opt/stack/keystone/keystone/server/flask/request_processing/req_logging.py:28}}
May 20 18:27:11 ubuntu devstack@keystone.service[67916]: DEBUG keystone.common.rbac_enforcer.enforcer [None req-9d5e8d23-33d5-4df6-88cf-a79a304b1639 None admin] RBAC: Authorizing `identity:create_role()` {{(pid=67916) enforce_call /opt/stack/keystone/keystone/common/rbac_enforcer/enforcer.py:494}}
May 20 18:27:11 ubuntu devstack@keystone.service[67916]: DEBUG keystone.common.rbac_enforcer.enforcer [None req-9d5e8d23-33d5-4df6-88cf-a79a304b1639 None admin] RBAC: Authorization granted {{(pid=67916) enforce_call /opt/stack/keystone/keystone/common/rbac_enforcer/enforcer.py:505}}
May 20 18:27:11 ubuntu devstack@keystone.service[67915]: DEBUG keystone.server.flask.request_processing.middleware.auth_context [None req-8e407bec-98f3-455e-b9e3-92ea9a0fcbeb None admin] Validating token access rules against request {{(pid=67915) validate_allowed_request /opt/stack/data/venv/lib/python3.12/site-packages/keystonemiddleware/auth_token/__init__.py:544}}
May 20 18:27:11 ubuntu devstack@keystone.service[67916]: [pid: 67916|app: 0|req: 20/38] 10.120.125.137 () {62 vars in 1199 bytes} [Wed May 20 18:27:11 2026] POST /identity/v3/roles => generated 226 bytes in 87 msecs (HTTP/1.1 201) 5 headers in 182 bytes (1 switches on core 0)
May 20 18:27:11 ubuntu devstack@keystone.service[67916]: DEBUG keystone.server.flask.request_processing.middleware.auth_context [None req-9d5e8d23-33d5-4df6-88cf-a79a304b1639 None admin] Authenticating user token {{(pid=67916) process_request /opt/stack/data/venv/lib/python3.12/site-packages/keystonemiddleware/auth_token/__init__.py:406}}
May 20 18:27:11 ubuntu devstack@keystone.service[67915]: DEBUG keystone.server.flask.request_processing.middleware.auth_context [None req-67e992c9-db91-43d0-b7d1-a56e2c1993da None admin] RBAC: auth_context: {'token': <TokenModel (audit_id=jof4PUbwTQeGm_dGRzRWxQ, audit_chain_id=['jof4PUbwTQeGm_dGRzRWxQ']) at 0x7fa9dcd94290>, 'domain_id': None, 'trust_id': None, 'trustor_id': None, 'trustee_id': None, 'domain_name': None, 'group_ids': [], 'user_id': 'ceed49ea8f2942ef83eeef0ee653734d', 'user_domain_id': 'default', 'system_scope': 'all', 'project_id': None, 'project_domain_id': None, 'roles': ['admin', 'manager', 'member', 'reader'], 'is_admin_project': True, 'service_user_id': None, 'service_user_domain_id': None, 'service_project_id': None, 'service_project_domain_id': None, 'service_roles': []} {{(pid=67915) fill_context /opt/stack/keystone/keystone/server/flask/request_processing/middleware/auth_context.py:509}}
May 20 18:27:11 ubuntu devstack@keystone.service[67915]: DEBUG keystone.server.flask.request_processing.req_logging [None req-67e992c9-db91-43d0-b7d1-a56e2c1993da None admin] REQUEST_METHOD: `GET` {{(pid=67915) log_request_info /opt/stack/keystone/keystone/server/flask/request_processing/req_logging.py:26}}
May 20 18:27:11 ubuntu devstack@keystone.service[67915]: DEBUG keystone.server.flask.request_processing.req_logging [None req-67e992c9-db91-43d0-b7d1-a56e2c1993da None admin] SCRIPT_NAME: `/identity` {{(pid=67915) log_request_info /opt/stack/keystone/keystone/server/flask/request_processing/req_logging.py:27}}
May 20 18:27:11 ubuntu devstack@keystone.service[67915]: DEBUG keystone.server.flask.request_processing.req_logging [None req-67e992c9-db91-43d0-b7d1-a56e2c1993da None admin] PATH_INFO: `/v3/domains/default` {{(pid=67915) log_request_info /opt/stack/keystone/keystone/server/flask/request_processing/req_logging.py:28}}
May 20 18:27:11 ubuntu devstack@keystone.service[67915]: DEBUG keystone.common.rbac_enforcer.enforcer [None req-67e992c9-db91-43d0-b7d1-a56e2c1993da None admin] RBAC: Authorizing `identity:get_domain(domain_id=default)` {{(pid=67915) enforce_call /opt/stack/keystone/keystone/common/rbac_enforcer/enforcer.py:494}}
May 20 18:27:11 ubuntu devstack@keystone.service[67915]: DEBUG keystone.common.rbac_enforcer.enforcer [None req-67e992c9-db91-43d0-b7d1-a56e2c1993da None admin] RBAC: Authorization granted {{(pid=67915) enforce_call /opt/stack/keystone/keystone/common/rbac_enforcer/enforcer.py:505}}
May 20 18:27:11 ubuntu devstack@keystone.service[67915]: [pid: 67915|app: 0|req: 19/39] 10.120.125.137 () {58 vars in 1176 bytes} [Wed May 20 18:27:11 2026] GET /identity/v3/domains/default => generated 200 bytes in 64 msecs (HTTP/1.1 200) 5 headers in 177 bytes (1 switches on core 0)
May 20 18:27:11 ubuntu devstack@keystone.service[67916]: DEBUG keystone.server.flask.request_processing.middleware.auth_context [None req-9d5e8d23-33d5-4df6-88cf-a79a304b1639 None admin] Validating token access rules against request {{(pid=67916) validate_allowed_request /opt/stack/data/venv/lib/python3.12/site-packages/keystonemiddleware/auth_token/__init__.py:544}}
May 20 18:27:11 ubuntu devstack@keystone.service[67915]: DEBUG keystone.server.flask.request_processing.middleware.auth_context [None req-67e992c9-db91-43d0-b7d1-a56e2c1993da None admin] Authenticating user token {{(pid=67915) process_request /opt/stack/data/venv/lib/python3.12/site-packages/keystonemiddleware/auth_token/__init__.py:406}}
May 20 18:27:11 ubuntu devstack@keystone.service[67916]: DEBUG keystone.server.flask.request_processing.middleware.auth_context [None req-f3eb2c1b-9af0-451f-a6d9-c88e26e40143 None admin] RBAC: auth_context: {'token': <TokenModel (audit_id=xiET9QP1Qq6A6B3Q4u9JNg, audit_chain_id=['xiET9QP1Qq6A6B3Q4u9JNg']) at 0x7fa9dcaba960>, 'domain_id': None, 'trust_id': None, 'trustor_id': None, 'trustee_id': None, 'domain_name': None, 'group_ids': [], 'user_id': 'ceed49ea8f2942ef83eeef0ee653734d', 'user_domain_id': 'default', 'system_scope': 'all', 'project_id': None, 'project_domain_id': None, 'roles': ['admin', 'manager', 'member', 'reader'], 'is_admin_project': True, 'service_user_id': None, 'service_user_domain_id': None, 'service_project_id': None, 'service_project_domain_id': None, 'service_roles': []} {{(pid=67916) fill_context /opt/stack/keystone/keystone/server/flask/request_processing/middleware/auth_context.py:509}}
May 20 18:27:11 ubuntu devstack@keystone.service[67916]: DEBUG keystone.server.flask.request_processing.req_logging [None req-f3eb2c1b-9af0-451f-a6d9-c88e26e40143 None admin] REQUEST_METHOD: `POST` {{(pid=67916) log_request_info /opt/stack/keystone/keystone/server/flask/request_processing/req_logging.py:26}}
May 20 18:27:11 ubuntu devstack@keystone.service[67916]: DEBUG keystone.server.flask.request_processing.req_logging [None req-f3eb2c1b-9af0-451f-a6d9-c88e26e40143 None admin] SCRIPT_NAME: `/identity` {{(pid=67916) log_request_info /opt/stack/keystone/keystone/server/flask/request_processing/req_logging.py:27}}
May 20 18:27:11 ubuntu devstack@keystone.service[67916]: DEBUG keystone.server.flask.request_processing.req_logging [None req-f3eb2c1b-9af0-451f-a6d9-c88e26e40143 None admin] PATH_INFO: `/v3/roles` {{(pid=67916) log_request_info /opt/stack/keystone/keystone/server/flask/request_processing/req_logging.py:28}}
May 20 18:27:11 ubuntu devstack@keystone.service[67916]: DEBUG keystone.common.rbac_enforcer.enforcer [None req-f3eb2c1b-9af0-451f-a6d9-c88e26e40143 None admin] RBAC: Authorizing `identity:create_role()` {{(pid=67916) enforce_call /opt/stack/keystone/keystone/common/rbac_enforcer/enforcer.py:494}}
May 20 18:27:11 ubuntu devstack@keystone.service[67916]: DEBUG keystone.common.rbac_enforcer.enforcer [None req-f3eb2c1b-9af0-451f-a6d9-c88e26e40143 None admin] RBAC: Authorization granted {{(pid=67916) enforce_call /opt/stack/keystone/keystone/common/rbac_enforcer/enforcer.py:505}}
May 20 18:27:11 ubuntu devstack@keystone.service[67916]: DEBUG keystone.common.sql.core [None req-f3eb2c1b-9af0-451f-a6d9-c88e26e40143 None admin] Conflict role: (pymysql.err.IntegrityError) (1062, "Duplicate entry 'service-<<null>>' for key 'role.ixu_role_name_domain_id'")
May 20 18:27:11 ubuntu devstack@keystone.service[67916]: [SQL: INSERT INTO `role` (id, name, description, extra) VALUES (%(id)s, %(name)s, %(description)s, %(extra)s)]
May 20 18:27:11 ubuntu devstack@keystone.service[67916]: [parameters: {'id': 'c5b8c0fc2d634d96af9ad6568820eac5', 'name': 'service', 'description': None, 'extra': '{}'}]
May 20 18:27:11 ubuntu devstack@keystone.service[67916]: (Background on this error at: https://sqlalche.me/e/20/gkpj) {{(pid=67916) wrapper /opt/stack/keystone/keystone/common/sql/core.py:580}}
May 20 18:27:11 ubuntu devstack@keystone.service[67915]: DEBUG keystone.server.flask.request_processing.middleware.auth_context [None req-67e992c9-db91-43d0-b7d1-a56e2c1993da None admin] Validating token access rules against request {{(pid=67915) validate_allowed_request /opt/stack/data/venv/lib/python3.12/site-packages/keystonemiddleware/auth_token/__init__.py:544}}
May 20 18:27:11 ubuntu devstack@keystone.service[67916]: ERROR keystone.server.flask.application [None req-f3eb2c1b-9af0-451f-a6d9-c88e26e40143 None admin] Conflict occurred attempting to store role - Duplicate entry found with name service.: keystone.exception.Conflict: Conflict occurred attempting to store role - Duplicate entry found with name service.
May 20 18:27:11 ubuntu devstack@keystone.service[67916]: ERROR keystone.server.flask.application Traceback (most recent call last):
May 20 18:27:11 ubuntu devstack@keystone.service[67916]: ERROR keystone.server.flask.application   File "/opt/stack/data/venv/lib/python3.12/site-packages/sqlalchemy/engine/base.py", line 1967, in _exec_single_context
May 20 18:27:11 ubuntu devstack@keystone.service[67916]: ERROR keystone.server.flask.application     self.dialect.do_execute(
May 20 18:27:11 ubuntu devstack@keystone.service[67916]: ERROR keystone.server.flask.application   File "/opt/stack/data/venv/lib/python3.12/site-packages/sqlalchemy/engine/default.py", line 952, in do_execute
May 20 18:27:11 ubuntu devstack@keystone.service[67916]: ERROR keystone.server.flask.application     cursor.execute(statement, parameters)
May 20 18:27:11 ubuntu devstack@keystone.service[67916]: ERROR keystone.server.flask.application   File "/opt/stack/data/venv/lib/python3.12/site-packages/pymysql/cursors.py", line 157, in execute
May 20 18:27:11 ubuntu devstack@keystone.service[67916]: ERROR keystone.server.flask.application     result = self._query(query)
May 20 18:27:11 ubuntu devstack@keystone.service[67916]: ERROR keystone.server.flask.application              ^^^^^^^^^^^^^^^^^^
May 20 18:27:11 ubuntu devstack@keystone.service[67916]: ERROR keystone.server.flask.application   File "/opt/stack/data/venv/lib/python3.12/site-packages/pymysql/cursors.py", line 328, in _query
May 20 18:27:11 ubuntu devstack@keystone.service[67916]: ERROR keystone.server.flask.application     conn.query(q)
May 20 18:27:11 ubuntu devstack@keystone.service[67916]: ERROR keystone.server.flask.application   File "/opt/stack/data/venv/lib/python3.12/site-packages/pymysql/connections.py", line 575, in query
May 20 18:27:11 ubuntu devstack@keystone.service[67916]: ERROR keystone.server.flask.application     self._affected_rows = self._read_query_result(unbuffered=unbuffered)
May 20 18:27:11 ubuntu devstack@keystone.service[67916]: ERROR keystone.server.flask.application                           ^^^^^^^^^^^^^^^^^^^^^^^^^^^^^^^^^^^^^^^^^^^^^^
May 20 18:27:11 ubuntu devstack@keystone.service[67916]: ERROR keystone.server.flask.application   File "/opt/stack/data/venv/lib/python3.12/site-packages/pymysql/connections.py", line 826, in _read_query_result
May 20 18:27:11 ubuntu devstack@keystone.service[67916]: ERROR keystone.server.flask.application     result.read()
May 20 18:27:11 ubuntu devstack@keystone.service[67916]: ERROR keystone.server.flask.application   File "/opt/stack/data/venv/lib/python3.12/site-packages/pymysql/connections.py", line 1203, in read
May 20 18:27:11 ubuntu devstack@keystone.service[67916]: ERROR keystone.server.flask.application     first_packet = self.connection._read_packet()
May 20 18:27:11 ubuntu devstack@keystone.service[67916]: ERROR keystone.server.flask.application                    ^^^^^^^^^^^^^^^^^^^^^^^^^^^^^^
May 20 18:27:11 ubuntu devstack@keystone.service[67916]: ERROR keystone.server.flask.application   File "/opt/stack/data/venv/lib/python3.12/site-packages/pymysql/connections.py", line 782, in _read_packet
May 20 18:27:11 ubuntu devstack@keystone.service[67916]: ERROR keystone.server.flask.application     packet.raise_for_error()
May 20 18:27:11 ubuntu devstack@keystone.service[67916]: ERROR keystone.server.flask.application   File "/opt/stack/data/venv/lib/python3.12/site-packages/pymysql/protocol.py", line 219, in raise_for_error
May 20 18:27:11 ubuntu devstack@keystone.service[67916]: ERROR keystone.server.flask.application     err.raise_mysql_exception(self._data)
May 20 18:27:11 ubuntu devstack@keystone.service[67916]: ERROR keystone.server.flask.application   File "/opt/stack/data/venv/lib/python3.12/site-packages/pymysql/err.py", line 150, in raise_mysql_exception
May 20 18:27:11 ubuntu devstack@keystone.service[67916]: ERROR keystone.server.flask.application     raise errorclass(errno, errval)
May 20 18:27:11 ubuntu devstack@keystone.service[67916]: ERROR keystone.server.flask.application pymysql.err.IntegrityError: (1062, "Duplicate entry 'service-<<null>>' for key 'role.ixu_role_name_domain_id'")
May 20 18:27:11 ubuntu devstack@keystone.service[67916]: ERROR keystone.server.flask.application 
May 20 18:27:11 ubuntu devstack@keystone.service[67916]: ERROR keystone.server.flask.application The above exception was the direct cause of the following exception:
May 20 18:27:11 ubuntu devstack@keystone.service[67916]: ERROR keystone.server.flask.application 
May 20 18:27:11 ubuntu devstack@keystone.service[67916]: ERROR keystone.server.flask.application Traceback (most recent call last):
May 20 18:27:11 ubuntu devstack@keystone.service[67916]: ERROR keystone.server.flask.application   File "/opt/stack/keystone/keystone/common/sql/core.py", line 575, in wrapper
May 20 18:27:11 ubuntu devstack@keystone.service[67916]: ERROR keystone.server.flask.application     return method(*args, **kwargs)
May 20 18:27:11 ubuntu devstack@keystone.service[67916]: ERROR keystone.server.flask.application            ^^^^^^^^^^^^^^^^^^^^^^^
May 20 18:27:11 ubuntu devstack@keystone.service[67916]: ERROR keystone.server.flask.application   File "/opt/stack/keystone/keystone/assignment/role_backends/sql.py", line 25, in create_role
May 20 18:27:11 ubuntu devstack@keystone.service[67916]: ERROR keystone.server.flask.application     with sql.session_for_write() as session:
May 20 18:27:11 ubuntu devstack@keystone.service[67916]: ERROR keystone.server.flask.application   File "/usr/lib/python3.12/contextlib.py", line 144, in __exit__
May 20 18:27:11 ubuntu devstack@keystone.service[67916]: ERROR keystone.server.flask.application     next(self.gen)
May 20 18:27:11 ubuntu devstack@keystone.service[67916]: ERROR keystone.server.flask.application   File "/opt/stack/data/venv/lib/python3.12/site-packages/oslo_db/sqlalchemy/enginefacade.py", line 1175, in _transaction_scope
May 20 18:27:11 ubuntu devstack@keystone.service[67916]: ERROR keystone.server.flask.application     with current._produce_block(
