Mar 11 22:48:14 jammy-provider-cloud-0000008049 devstack@keystone.service[72113]: ERROR keystone.server.flask.application     raise exception.Conflict(type=conflict_type, details=msg)
Mar 11 22:48:14 jammy-provider-cloud-0000008049 devstack@keystone.service[72113]: ERROR keystone.server.flask.application keystone.exception.Conflict: Conflict occurred attempting to store project - Duplicate entry found with name Default.
Mar 11 22:48:14 jammy-provider-cloud-0000008049 devstack@keystone.service[72113]: ERROR keystone.server.flask.application 
Mar 11 22:48:14 jammy-provider-cloud-0000008049 devstack@keystone.service[72113]: ERROR keystone.server.flask.application During handling of the above exception, another exception occurred:
Mar 11 22:48:14 jammy-provider-cloud-0000008049 devstack@keystone.service[72113]: ERROR keystone.server.flask.application 
Mar 11 22:48:14 jammy-provider-cloud-0000008049 devstack@keystone.service[72113]: ERROR keystone.server.flask.application Traceback (most recent call last):
Mar 11 22:48:14 jammy-provider-cloud-0000008049 devstack@keystone.service[72113]: ERROR keystone.server.flask.application   File "/opt/stack/data/venv/lib/python3.10/site-packages/flask/app.py", line 917, in full_dispatch_request
Mar 11 22:48:14 jammy-provider-cloud-0000008049 devstack@keystone.service[72113]: ERROR keystone.server.flask.application     rv = self.dispatch_request()
Mar 11 22:48:14 jammy-provider-cloud-0000008049 devstack@keystone.service[72113]: ERROR keystone.server.flask.application   File "/opt/stack/data/venv/lib/python3.10/site-packages/flask/app.py", line 902, in dispatch_request
Mar 11 22:48:14 jammy-provider-cloud-0000008049 devstack@keystone.service[72113]: ERROR keystone.server.flask.application     return self.ensure_sync(self.view_functions[rule.endpoint])(**view_args)  # type: ignore[no-any-return]
Mar 11 22:48:14 jammy-provider-cloud-0000008049 devstack@keystone.service[72113]: ERROR keystone.server.flask.application   File "/opt/stack/data/venv/lib/python3.10/site-packages/flask_restful/__init__.py", line 489, in wrapper
Mar 11 22:48:14 jammy-provider-cloud-0000008049 devstack@keystone.service[72113]: ERROR keystone.server.flask.application     resp = resource(*args, **kwargs)
Mar 11 22:48:14 jammy-provider-cloud-0000008049 devstack@keystone.service[72113]: ERROR keystone.server.flask.application   File "/opt/stack/data/venv/lib/python3.10/site-packages/flask/views.py", line 110, in view
Mar 11 22:48:14 jammy-provider-cloud-0000008049 devstack@keystone.service[72113]: ERROR keystone.server.flask.application     return current_app.ensure_sync(self.dispatch_request)(**kwargs)  # type: ignore[no-any-return]
Mar 11 22:48:14 jammy-provider-cloud-0000008049 devstack@keystone.service[72113]: ERROR keystone.server.flask.application   File "/opt/stack/data/venv/lib/python3.10/site-packages/flask_restful/__init__.py", line 604, in dispatch_request
Mar 11 22:48:14 jammy-provider-cloud-0000008049 devstack@keystone.service[72113]: ERROR keystone.server.flask.application     resp = meth(*args, **kwargs)
Mar 11 22:48:14 jammy-provider-cloud-0000008049 devstack@keystone.service[72113]: ERROR keystone.server.flask.application   File "/opt/stack/keystone/keystone/api/validation/__init__.py", line 80, in wrapper
Mar 11 22:48:14 jammy-provider-cloud-0000008049 devstack@keystone.service[72113]: ERROR keystone.server.flask.application     return func(*args, **kwargs)
Mar 11 22:48:14 jammy-provider-cloud-0000008049 devstack@keystone.service[72113]: ERROR keystone.server.flask.application   File "/opt/stack/keystone/keystone/api/validation/__init__.py", line 139, in wrapper
Mar 11 22:48:14 jammy-provider-cloud-0000008049 devstack@keystone.service[72113]: ERROR keystone.server.flask.application     response = func(*args, **kwargs)
Mar 11 22:48:14 jammy-provider-cloud-0000008049 devstack@keystone.service[72113]: ERROR keystone.server.flask.application   File "/opt/stack/keystone/keystone/api/domains.py", line 181, in post
Mar 11 22:48:14 jammy-provider-cloud-0000008049 devstack@keystone.service[72113]: ERROR keystone.server.flask.application     ref = PROVIDERS.resource_api.create_domain(
Mar 11 22:48:14 jammy-provider-cloud-0000008049 devstack@keystone.service[72113]: ERROR keystone.server.flask.application   File "/opt/stack/keystone/keystone/common/manager.py", line 114, in wrapped
Mar 11 22:48:14 jammy-provider-cloud-0000008049 devstack@keystone.service[72113]: ERROR keystone.server.flask.application     __ret_val = __f(*args, **kwargs)
Mar 11 22:48:14 jammy-provider-cloud-0000008049 devstack@keystone.service[72113]: ERROR keystone.server.flask.application   File "/opt/stack/keystone/keystone/resource/core.py", line 867, in create_domain
Mar 11 22:48:14 jammy-provider-cloud-0000008049 devstack@keystone.service[72113]: ERROR keystone.server.flask.application     is_domain_project = self.create_project(
Mar 11 22:48:14 jammy-provider-cloud-0000008049 devstack@keystone.service[72113]: ERROR keystone.server.flask.application   File "/opt/stack/keystone/keystone/common/manager.py", line 114, in wrapped
Mar 11 22:48:14 jammy-provider-cloud-0000008049 devstack@keystone.service[72113]: ERROR keystone.server.flask.application     __ret_val = __f(*args, **kwargs)
Mar 11 22:48:14 jammy-provider-cloud-0000008049 devstack@keystone.service[72113]: ERROR keystone.server.flask.application   File "/opt/stack/keystone/keystone/resource/core.py", line 252, in create_project
Mar 11 22:48:14 jammy-provider-cloud-0000008049 devstack@keystone.service[72113]: ERROR keystone.server.flask.application     raise exception.Conflict(
Mar 11 22:48:14 jammy-provider-cloud-0000008049 devstack@keystone.service[72113]: ERROR keystone.server.flask.application keystone.exception.Conflict: Conflict occurred attempting to store project - it is not permitted to have two projects acting as domains with the same name: Default.
Mar 11 22:48:14 jammy-provider-cloud-0000008049 devstack@keystone.service[72113]: ERROR keystone.server.flask.application 
Mar 11 22:48:14 jammy-provider-cloud-0000008049 devstack@keystone.service[72113]: [pid: 72113|app: 0|req: 8/15] 10.201.5.87 () {60 vars in 1129 bytes} [Tue Mar 11 22:48:13 2025] POST /identity/v3/domains => generated 190 bytes in 82 msecs (HTTP/1.1 409) 5 headers in 183 bytes (1 switches on core 0)
Mar 11 22:48:14 jammy-provider-cloud-0000008049 devstack@keystone.service[72113]: DEBUG keystone.server.flask.request_processing.middleware.auth_context [None req-653e04f1-2e3b-4dea-83df-66da52535cba None admin] Authenticating user token {{(pid=72113) process_request /opt/stack/data/venv/lib/python3.10/site-packages/keystonemiddleware/auth_token/__init__.py:406}}
Mar 11 22:48:14 jammy-provider-cloud-0000008049 devstack@keystone.service[72114]: [pid: 72114|app: 0|req: 8/16] 10.201.5.87 () {56 vars in 1148 bytes} [Tue Mar 11 22:48:13 2025] GET /identity/v3/roles?name=admin => generated 339 bytes in 67 msecs (HTTP/1.1 200) 5 headers in 177 bytes (2 switches on core 0)
Mar 11 22:48:14 jammy-provider-cloud-0000008049 devstack@keystone.service[72114]: DEBUG keystone.server.flask.request_processing.middleware.auth_context [None req-e656483a-26d8-4a9e-b32e-68ad16ec98b3 None admin] Authenticating user token {{(pid=72114) process_request /opt/stack/data/venv/lib/python3.10/site-packages/keystonemiddleware/auth_token/__init__.py:406}}
Mar 11 22:48:14 jammy-provider-cloud-0000008049 devstack@keystone.service[72113]: DEBUG keystone.server.flask.request_processing.middleware.auth_context [None req-653e04f1-2e3b-4dea-83df-66da52535cba None admin] Validating token access rules against request {{(pid=72113) validate_allowed_request /opt/stack/data/venv/lib/python3.10/site-packages/keystonemiddleware/auth_token/__init__.py:544}}
Mar 11 22:48:14 jammy-provider-cloud-0000008049 devstack@keystone.service[72114]: DEBUG keystone.server.flask.request_processing.middleware.auth_context [None req-e656483a-26d8-4a9e-b32e-68ad16ec98b3 None admin] Validating token access rules against request {{(pid=72114) validate_allowed_request /opt/stack/data/venv/lib/python3.10/site-packages/keystonemiddleware/auth_token/__init__.py:544}}
Mar 11 22:48:14 jammy-provider-cloud-0000008049 devstack@keystone.service[72113]: DEBUG keystone.server.flask.request_processing.middleware.auth_context [None req-fb071ab9-b24d-4e1d-9ef0-303dba822793 None admin] RBAC: auth_context: {'token': <TokenModel (audit_id=tEzvygp8TeCoyxY9yz-yKw, audit_chain_id=['tEzvygp8TeCoyxY9yz-yKw']) at 0x7f716078de10>, 'domain_id': None, 'trust_id': None, 'trustor_id': None, 'trustee_id': None, 'domain_name': None, 'group_ids': [], 'user_id': 'f33ea271d72e4984aebe44e11001f4df', 'user_domain_id': 'default', 'system_scope': 'all', 'project_id': None, 'project_domain_id': None, 'roles': ['admin', 'manager', 'member', 'reader'], 'is_admin_project': True, 'service_user_id': None, 'service_user_domain_id': None, 'service_project_id': None, 'service_project_domain_id': None, 'service_roles': []} {{(pid=72113) fill_context /opt/stack/keystone/keystone/server/flask/request_processing/middleware/auth_context.py:506}}
Mar 11 22:48:14 jammy-provider-cloud-0000008049 devstack@keystone.service[72113]: DEBUG keystone.server.flask.request_processing.req_logging [None req-fb071ab9-b24d-4e1d-9ef0-303dba822793 None admin] REQUEST_METHOD: `GET` {{(pid=72113) log_request_info /opt/stack/keystone/keystone/server/flask/request_processing/req_logging.py:26}}
Mar 11 22:48:14 jammy-provider-cloud-0000008049 devstack@keystone.service[72113]: DEBUG keystone.server.flask.request_processing.req_logging [None req-fb071ab9-b24d-4e1d-9ef0-303dba822793 None admin] SCRIPT_NAME: `/identity` {{(pid=72113) log_request_info /opt/stack/keystone/keystone/server/flask/request_processing/req_logging.py:27}}
Mar 11 22:48:14 jammy-provider-cloud-0000008049 devstack@keystone.service[72114]: DEBUG keystone.server.flask.request_processing.middleware.auth_context [None req-f64a99d4-c94e-4cc3-8c6d-179831b09685 None admin] RBAC: auth_context: {'token': <TokenModel (audit_id=KH5V4yenS-iEFSO7FBLcFQ, audit_chain_id=['KH5V4yenS-iEFSO7FBLcFQ']) at 0x7f7160680c70>, 'domain_id': None, 'trust_id': None, 'trustor_id': None, 'trustee_id': None, 'domain_name': None, 'group_ids': [], 'user_id': 'f33ea271d72e4984aebe44e11001f4df', 'user_domain_id': 'default', 'system_scope': 'all', 'project_id': None, 'project_domain_id': None, 'roles': ['admin', 'manager', 'member', 'reader'], 'is_admin_project': True, 'service_user_id': None, 'service_user_domain_id': None, 'service_project_id': None, 'service_project_domain_id': None, 'service_roles': []} {{(pid=72114) fill_context /opt/stack/keystone/keystone/server/flask/request_processing/middleware/auth_context.py:506}}
Mar 11 22:48:14 jammy-provider-cloud-0000008049 devstack@keystone.service[72113]: DEBUG keystone.server.flask.request_processing.req_logging [None req-fb071ab9-b24d-4e1d-9ef0-303dba822793 None admin] PATH_INFO: `/v3/domains/Default` {{(pid=72113) log_request_info /opt/stack/keystone/keystone/server/flask/request_processing/req_logging.py:28}}
Mar 11 22:48:14 jammy-provider-cloud-0000008049 devstack@keystone.service[72114]: DEBUG keystone.server.flask.request_processing.req_logging [None req-f64a99d4-c94e-4cc3-8c6d-179831b09685 None admin] REQUEST_METHOD: `GET` {{(pid=72114) log_request_info /opt/stack/keystone/keystone/server/flask/request_processing/req_logging.py:26}}
Mar 11 22:48:14 jammy-provider-cloud-0000008049 devstack@keystone.service[72114]: DEBUG keystone.server.flask.request_processing.req_logging [None req-f64a99d4-c94e-4cc3-8c6d-179831b09685 None admin] SCRIPT_NAME: `/identity` {{(pid=72114) log_request_info /opt/stack/keystone/keystone/server/flask/request_processing/req_logging.py:27}}
Mar 11 22:48:14 jammy-provider-cloud-0000008049 devstack@keystone.service[72114]: DEBUG keystone.server.flask.request_processing.req_logging [None req-f64a99d4-c94e-4cc3-8c6d-179831b09685 None admin] PATH_INFO: `/v3/users/f33ea271d72e4984aebe44e11001f4df` {{(pid=72114) log_request_info /opt/stack/keystone/keystone/server/flask/request_processing/req_logging.py:28}}
Mar 11 22:48:14 jammy-provider-cloud-0000008049 devstack@keystone.service[72114]: DEBUG keystone.common.rbac_enforcer.enforcer [None req-f64a99d4-c94e-4cc3-8c6d-179831b09685 None admin] RBAC: Authorizing `identity:get_user(user_id=f33ea271d72e4984aebe44e11001f4df)` {{(pid=72114) enforce_call /opt/stack/keystone/keystone/common/rbac_enforcer/enforcer.py:495}}
Mar 11 22:48:14 jammy-provider-cloud-0000008049 devstack@keystone.service[72114]: DEBUG keystone.common.rbac_enforcer.enforcer [None req-f64a99d4-c94e-4cc3-8c6d-179831b09685 None admin] RBAC: Authorization granted {{(pid=72114) enforce_call /opt/stack/keystone/keystone/common/rbac_enforcer/enforcer.py:506}}
Mar 11 22:48:14 jammy-provider-cloud-0000008049 devstack@keystone.service[72114]: [pid: 72114|app: 0|req: 9/17] 10.201.5.87 () {56 vars in 1213 bytes} [Tue Mar 11 22:48:14 2025] GET /identity/v3/users/f33ea271d72e4984aebe44e11001f4df => generated 247 bytes in 54 msecs (HTTP/1.1 200) 5 headers in 177 bytes (1 switches on core 0)
Mar 11 22:48:14 jammy-provider-cloud-0000008049 devstack@keystone.service[72113]: DEBUG keystone.common.rbac_enforcer.enforcer [None req-fb071ab9-b24d-4e1d-9ef0-303dba822793 None admin] RBAC: Authorizing `identity:get_domain(domain_id=Default)` {{(pid=72113) enforce_call /opt/stack/keystone/keystone/common/rbac_enforcer/enforcer.py:495}}
Mar 11 22:48:14 jammy-provider-cloud-0000008049 devstack@keystone.service[72113]: DEBUG keystone.common.rbac_enforcer.enforcer [None req-fb071ab9-b24d-4e1d-9ef0-303dba822793 None admin] RBAC: Authorization granted {{(pid=72113) enforce_call /opt/stack/keystone/keystone/common/rbac_enforcer/enforcer.py:506}}
Mar 11 22:48:14 jammy-provider-cloud-0000008049 devstack@keystone.service[72114]: DEBUG keystone.server.flask.request_processing.middleware.auth_context [None req-f64a99d4-c94e-4cc3-8c6d-179831b09685 None admin] Authenticating user token {{(pid=72114) process_request /opt/stack/data/venv/lib/python3.10/site-packages/keystonemiddleware/auth_token/__init__.py:406}}
Mar 11 22:48:14 jammy-provider-cloud-0000008049 devstack@keystone.service[72113]: DEBUG keystone.server.flask.application [None req-fb071ab9-b24d-4e1d-9ef0-303dba822793 None admin] Could not find domain: Default. {{(pid=72113) _handle_keystone_exception /opt/stack/keystone/keystone/server/flask/application.py:152}}
Mar 11 22:48:14 jammy-provider-cloud-0000008049 devstack@keystone.service[72113]: [pid: 72113|app: 0|req: 9/18] 10.201.5.87 () {56 vars in 1100 bytes} [Tue Mar 11 22:48:14 2025] GET /identity/v3/domains/Default => generated 87 bytes in 81 msecs (HTTP/1.1 404) 5 headers in 183 bytes (1 switches on core 0)
Mar 11 22:48:14 jammy-provider-cloud-0000008049 devstack@keystone.service[72113]: DEBUG keystone.server.flask.request_processing.middleware.auth_context [None req-fb071ab9-b24d-4e1d-9ef0-303dba822793 None admin] Authenticating user token {{(pid=72113) process_request /opt/stack/data/venv/lib/python3.10/site-packages/keystonemiddleware/auth_token/__init__.py:406}}
Mar 11 22:48:14 jammy-provider-cloud-0000008049 devstack@keystone.service[72114]: DEBUG keystone.server.flask.request_processing.middleware.auth_context [None req-f64a99d4-c94e-4cc3-8c6d-179831b09685 None admin] Validating token access rules against request {{(pid=72114) validate_allowed_request /opt/stack/data/venv/lib/python3.10/site-packages/keystonemiddleware/auth_token/__init__.py:544}}
Mar 11 22:48:14 jammy-provider-cloud-0000008049 devstack@keystone.service[72114]: DEBUG keystone.server.flask.request_processing.middleware.auth_context [None req-114868f2-be31-404e-83e4-b1221b7ebfe3 None admin] RBAC: auth_context: {'token': <TokenModel (audit_id=KH5V4yenS-iEFSO7FBLcFQ, audit_chain_id=['KH5V4yenS-iEFSO7FBLcFQ']) at 0x7f7160682830>, 'domain_id': None, 'trust_id': None, 'trustor_id': None, 'trustee_id': None, 'domain_name': None, 'group_ids': [], 'user_id': 'f33ea271d72e4984aebe44e11001f4df', 'user_domain_id': 'default', 'system_scope': 'all', 'project_id': None, 'project_domain_id': None, 'roles': ['admin', 'manager', 'member', 'reader'], 'is_admin_project': True, 'service_user_id': None, 'service_user_domain_id': None, 'service_project_id': None, 'service_project_domain_id': None, 'service_roles': []} {{(pid=72114) fill_context /opt/stack/keystone/keystone/server/flask/request_processing/middleware/auth_context.py:506}}
Mar 11 22:48:14 jammy-provider-cloud-0000008049 devstack@keystone.service[72114]: DEBUG keystone.server.flask.request_processing.req_logging [None req-114868f2-be31-404e-83e4-b1221b7ebfe3 None admin] REQUEST_METHOD: `GET` {{(pid=72114) log_request_info /opt/stack/keystone/keystone/server/flask/request_processing/req_logging.py:26}}
Mar 11 22:48:14 jammy-provider-cloud-0000008049 devstack@keystone.service[72114]: DEBUG keystone.server.flask.request_processing.req_logging [None req-114868f2-be31-404e-83e4-b1221b7ebfe3 None admin] SCRIPT_NAME: `/identity` {{(pid=72114) log_request_info /opt/stack/keystone/keystone/server/flask/request_processing/req_logging.py:27}}
Mar 11 22:48:14 jammy-provider-cloud-0000008049 devstack@keystone.service[72114]: DEBUG keystone.server.flask.request_processing.req_logging [None req-114868f2-be31-404e-83e4-b1221b7ebfe3 None admin] PATH_INFO: `/v3/domains/default` {{(pid=72114) log_request_info /opt/stack/keystone/keystone/server/flask/request_processing/req_logging.py:28}}
Mar 11 22:48:14 jammy-provider-cloud-0000008049 devstack@keystone.service[72114]: DEBUG keystone.common.rbac_enforcer.enforcer [None req-114868f2-be31-404e-83e4-b1221b7ebfe3 None admin] RBAC: Authorizing `identity:get_domain(domain_id=default)` {{(pid=72114) enforce_call /opt/stack/keystone/keystone/common/rbac_enforcer/enforcer.py:495}}
Mar 11 22:48:14 jammy-provider-cloud-0000008049 devstack@keystone.service[72113]: DEBUG keystone.server.flask.request_processing.middleware.auth_context [None req-fb071ab9-b24d-4e1d-9ef0-303dba822793 None admin] Validating token access rules against request {{(pid=72113) validate_allowed_request /opt/stack/data/venv/lib/python3.10/site-packages/keystonemiddleware/auth_token/__init__.py:544}}
Mar 11 22:48:14 jammy-provider-cloud-0000008049 devstack@keystone.service[72114]: DEBUG keystone.common.rbac_enforcer.enforcer [None req-114868f2-be31-404e-83e4-b1221b7ebfe3 None admin] RBAC: Authorization granted {{(pid=72114) enforce_call /opt/stack/keystone/keystone/common/rbac_enforcer/enforcer.py:506}}
Mar 11 22:48:14 jammy-provider-cloud-0000008049 devstack@keystone.service[72114]: [pid: 72114|app: 0|req: 10/19] 10.201.5.87 () {56 vars in 1144 bytes} [Tue Mar 11 22:48:14 2025] GET /identity/v3/domains/default => generated 199 bytes in 53 msecs (HTTP/1.1 200) 5 headers in 177 bytes (2 switches on core 0)
Mar 11 22:48:14 jammy-provider-cloud-0000008049 devstack@keystone.service[72114]: DEBUG keystone.server.flask.request_processing.middleware.auth_context [None req-114868f2-be31-404e-83e4-b1221b7ebfe3 None admin] Authenticating user token {{(pid=72114) process_request /opt/stack/data/venv/lib/python3.10/site-packages/keystonemiddleware/auth_token/__init__.py:406}}
Mar 11 22:48:14 jammy-provider-cloud-0000008049 devstack@keystone.service[72113]: DEBUG keystone.server.flask.request_processing.middleware.auth_context [None req-9222f94f-bc4e-45af-b549-10085d5bc581 None admin] RBAC: auth_context: {'token': <TokenModel (audit_id=tEzvygp8TeCoyxY9yz-yKw, audit_chain_id=['tEzvygp8TeCoyxY9yz-yKw']) at 0x7f716078df90>, 'domain_id': None, 'trust_id': None, 'trustor_id': None, 'trustee_id': None, 'domain_name': None, 'group_ids': [], 'user_id': 'f33ea271d72e4984aebe44e11001f4df', 'user_domain_id': 'default', 'system_scope': 'all', 'project_id': None, 'project_domain_id': None, 'roles': ['admin', 'manager', 'member', 'reader'], 'is_admin_project': True, 'service_user_id': None, 'service_user_domain_id': None, 'service_project_id': None, 'service_project_domain_id': None, 'service_roles': []} {{(pid=72113) fill_context /opt/stack/keystone/keystone/server/flask/request_processing/middleware/auth_context.py:506}}
Mar 11 22:48:14 jammy-provider-cloud-0000008049 devstack@keystone.service[72113]: DEBUG keystone.server.flask.request_processing.req_logging [None req-9222f94f-bc4e-45af-b549-10085d5bc581 None admin] REQUEST_METHOD: `GET` {{(pid=72113) log_request_info /opt/stack/keystone/keystone/server/flask/request_processing/req_logging.py:26}}
Mar 11 22:48:14 jammy-provider-cloud-0000008049 devstack@keystone.service[72113]: DEBUG keystone.server.flask.request_processing.req_logging [None req-9222f94f-bc4e-45af-b549-10085d5bc581 None admin] SCRIPT_NAME: `/identity` {{(pid=72113) log_request_info /opt/stack/keystone/keystone/server/flask/request_processing/req_logging.py:27}}
Mar 11 22:48:14 jammy-provider-cloud-0000008049 devstack@keystone.service[72113]: DEBUG keystone.server.flask.request_processing.req_logging [None req-9222f94f-bc4e-45af-b549-10085d5bc581 None admin] PATH_INFO: `/v3/domains` {{(pid=72113) log_request_info /opt/stack/keystone/keystone/server/flask/request_processing/req_logging.py:28}}
Mar 11 22:48:14 jammy-provider-cloud-0000008049 devstack@keystone.service[72113]: DEBUG keystone.common.rbac_enforcer.enforcer [None req-9222f94f-bc4e-45af-b549-10085d5bc581 None admin] RBAC: Adding query filter params (name=Default) {{(pid=72113) _extract_filter_values /opt/stack/keystone/keystone/common/rbac_enforcer/enforcer.py:176}}
Mar 11 22:48:14 jammy-provider-cloud-0000008049 devstack@keystone.service[72113]: DEBUG keystone.common.rbac_enforcer.enforcer [None req-9222f94f-bc4e-45af-b549-10085d5bc581 None admin] RBAC: Authorizing `identity:list_domains()` {{(pid=72113) enforce_call /opt/stack/keystone/keystone/common/rbac_enforcer/enforcer.py:495}}
Mar 11 22:48:14 jammy-provider-cloud-0000008049 devstack@keystone.service[72113]: DEBUG keystone.common.rbac_enforcer.enforcer [None req-9222f94f-bc4e-45af-b549-10085d5bc581 None admin] RBAC: Authorization granted {{(pid=72113) enforce_call /opt/stack/keystone/keystone/common/rbac_enforcer/enforcer.py:506}}
Mar 11 22:48:14 jammy-provider-cloud-0000008049 devstack@keystone.service[72113]: [pid: 72113|app: 0|req: 10/20] 10.201.5.87 () {56 vars in 1101 bytes} [Tue Mar 11 22:48:14 2025] GET /identity/v3/domains?name=Default => generated 308 bytes in 74 msecs (HTTP/1.1 200) 5 headers in 177 bytes (2 switches on core 0)
Mar 11 22:48:14 jammy-provider-cloud-0000008049 devstack@keystone.service[72114]: DEBUG keystone.server.flask.request_processing.middleware.auth_context [None req-114868f2-be31-404e-83e4-b1221b7ebfe3 None admin] Validating token access rules against request {{(pid=72114) validate_allowed_request /opt/stack/data/venv/lib/python3.10/site-packages/keystonemiddleware/auth_token/__init__.py:544}}
Mar 11 22:48:14 jammy-provider-cloud-0000008049 devstack@keystone.service[72114]: DEBUG keystone.server.flask.request_processing.middleware.auth_context [None req-0acf1899-e240-4772-9cf8-81e3f30e3961 None admin] RBAC: auth_context: {'token': <TokenModel (audit_id=KH5V4yenS-iEFSO7FBLcFQ, audit_chain_id=['KH5V4yenS-iEFSO7FBLcFQ']) at 0x7f7160683f40>, 'domain_id': None, 'trust_id': None, 'trustor_id': None, 'trustee_id': None, 'domain_name': None, 'group_ids': [], 'user_id': 'f33ea271d72e4984aebe44e11001f4df', 'user_domain_id': 'default', 'system_scope': 'all', 'project_id': None, 'project_domain_id': None, 'roles': ['admin', 'manager', 'member', 'reader'], 'is_admin_project': True, 'service_user_id': None, 'service_user_domain_id': None, 'service_project_id': None, 'service_project_domain_id': None, 'service_roles': []} {{(pid=72114) fill_context /opt/stack/keystone/keystone/server/flask/request_processing/middleware/auth_context.py:506}}
Mar 11 22:48:14 jammy-provider-cloud-0000008049 devstack@keystone.service[72114]: DEBUG keystone.server.flask.request_processing.req_logging [None req-0acf1899-e240-4772-9cf8-81e3f30e3961 None admin] REQUEST_METHOD: `PUT` {{(pid=72114) log_request_info /opt/stack/keystone/keystone/server/flask/request_processing/req_logging.py:26}}
Mar 11 22:48:14 jammy-provider-cloud-0000008049 devstack@keystone.service[72114]: DEBUG keystone.server.flask.request_processing.req_logging [None req-0acf1899-e240-4772-9cf8-81e3f30e3961 None admin] SCRIPT_NAME: `/identity` {{(pid=72114) log_request_info /opt/stack/keystone/keystone/server/flask/request_processing/req_logging.py:27}}
Mar 11 22:48:14 jammy-provider-cloud-0000008049 devstack@keystone.service[72114]: DEBUG keystone.server.flask.request_processing.req_logging [None req-0acf1899-e240-4772-9cf8-81e3f30e3961 None admin] PATH_INFO: `/v3/domains/default/users/f33ea271d72e4984aebe44e11001f4df/roles/6a3c634fc1ad43abbd98eeb440c0f1be` {{(pid=72114) log_request_info /opt/stack/keystone/keystone/server/flask/request_processing/req_logging.py:28}}
Mar 11 22:48:14 jammy-provider-cloud-0000008049 devstack@keystone.service[72114]: DEBUG keystone.common.rbac_enforcer.enforcer [None req-0acf1899-e240-4772-9cf8-81e3f30e3961 None admin] RBAC: Authorizing `identity:create_grant(domain_id=default, user_id=f33ea271d72e4984aebe44e11001f4df, role_id=6a3c634fc1ad43abbd98eeb440c0f1be)` {{(pid=72114) enforce_call /opt/stack/keystone/keystone/common/rbac_enforcer/enforcer.py:495}}
Mar 11 22:48:14 jammy-provider-cloud-0000008049 devstack@keystone.service[72114]: DEBUG keystone.common.rbac_enforcer.enforcer [None req-0acf1899-e240-4772-9cf8-81e3f30e3961 None admin] RBAC: Authorization granted {{(pid=72114) enforce_call /opt/stack/keystone/keystone/common/rbac_enforcer/enforcer.py:506}}
Mar 11 22:48:14 jammy-provider-cloud-0000008049 devstack@keystone.service[72114]: [pid: 72114|app: 0|req: 11/21] 10.201.5.87 () {58 vars in 1397 bytes} [Tue Mar 11 22:48:14 2025] PUT /identity/v3/domains/default/users/f33ea271d72e4984aebe44e11001f4df/roles/6a3c634fc1ad43abbd98eeb440c0f1be => generated 0 bytes in 111 msecs (HTTP/1.1 204) 3 headers in 132 bytes (1 switches on core 0)
Mar 11 22:48:15 jammy-provider-cloud-0000008049 devstack@keystone.service[72113]: DEBUG keystone.server.flask.request_processing.req_logging [None req-cd4323fe-0a92-452b-9f2b-8a88c91ebb54 None None] REQUEST_METHOD: `GET` {{(pid=72113) log_request_info /opt/stack/keystone/keystone/server/flask/request_processing/req_logging.py:26}}
Mar 11 22:48:15 jammy-provider-cloud-0000008049 devstack@keystone.service[72113]: DEBUG keystone.server.flask.request_processing.req_logging [None req-cd4323fe-0a92-452b-9f2b-8a88c91ebb54 None None] SCRIPT_NAME: `/identity` {{(pid=72113) log_request_info /opt/stack/keystone/keystone/server/flask/request_processing/req_logging.py:27}}
Mar 11 22:48:15 jammy-provider-cloud-0000008049 devstack@keystone.service[72113]: DEBUG keystone.server.flask.request_processing.req_logging [None req-cd4323fe-0a92-452b-9f2b-8a88c91ebb54 None None] PATH_INFO: `/` {{(pid=72113) log_request_info /opt/stack/keystone/keystone/server/flask/request_processing/req_logging.py:28}}
Mar 11 22:48:15 jammy-provider-cloud-0000008049 devstack@keystone.service[72113]: [pid: 72113|app: 0|req: 11/22] 10.201.5.87 () {54 vars in 919 bytes} [Tue Mar 11 22:48:15 2025] GET /identity => generated 270 bytes in 2 msecs (HTTP/1.1 300) 6 headers in 234 bytes (1 switches on core 0)
Mar 11 22:48:15 jammy-provider-cloud-0000008049 devstack@keystone.service[72114]: DEBUG keystone.server.flask.request_processing.req_logging [None req-b2672680-f9cc-4103-802d-f5225a4d7aa7 None None] REQUEST_METHOD: `POST` {{(pid=72114) log_request_info /opt/stack/keystone/keystone/server/flask/request_processing/req_logging.py:26}}
Mar 11 22:48:15 jammy-provider-cloud-0000008049 devstack@keystone.service[72114]: DEBUG keystone.server.flask.request_processing.req_logging [None req-b2672680-f9cc-4103-802d-f5225a4d7aa7 None None] SCRIPT_NAME: `/identity` {{(pid=72114) log_request_info /opt/stack/keystone/keystone/server/flask/request_processing/req_logging.py:27}}
Mar 11 22:48:15 jammy-provider-cloud-0000008049 devstack@keystone.service[72114]: DEBUG keystone.server.flask.request_processing.req_logging [None req-b2672680-f9cc-4103-802d-f5225a4d7aa7 None None] PATH_INFO: `/v3/auth/tokens` {{(pid=72114) log_request_info /opt/stack/keystone/keystone/server/flask/request_processing/req_logging.py:28}}
Mar 11 22:48:15 jammy-provider-cloud-0000008049 devstack@keystone.service[72114]: WARNING keystone.common.password_hashing [None req-b2672680-f9cc-4103-802d-f5225a4d7aa7 None None] Truncating password to algorithm specific maximum length 72 characters.
Mar 11 22:48:15 jammy-provider-cloud-0000008049 devstack@keystone.service[72114]: DEBUG keystone.auth.core [None req-b2672680-f9cc-4103-802d-f5225a4d7aa7 None None] MFA Rules not processed for user `f33ea271d72e4984aebe44e11001f4df`. Rule list: `[]` (Enabled: `True`). {{(pid=72114) check_auth_methods_against_rules /opt/stack/keystone/keystone/auth/core.py:476}}
Mar 11 22:48:15 jammy-provider-cloud-0000008049 devstack@keystone.service[72114]: DEBUG keystone.common.fernet_utils [None req-b2672680-f9cc-4103-802d-f5225a4d7aa7 None None] Loaded 2 Fernet keys from /etc/keystone/fernet-keys/, but `[fernet_tokens] max_active_keys = 3`; perhaps there have not been enough key rotations to reach `max_active_keys` yet? {{(pid=72114) load_keys /opt/stack/keystone/keystone/common/fernet_utils.py:297}}
Mar 11 22:48:15 jammy-provider-cloud-0000008049 devstack@keystone.service[72114]: [pid: 72114|app: 0|req: 12/23] 10.201.5.87 () {58 vars in 1016 bytes} [Tue Mar 11 22:48:15 2025] POST /identity/v3/auth/tokens => generated 862 bytes in 57 msecs (HTTP/1.1 201) 6 headers in 363 bytes (1 switches on core 0)
Mar 11 22:48:15 jammy-provider-cloud-0000008049 devstack@keystone.service[72113]: DEBUG keystone.server.flask.request_processing.req_logging [None req-26810bdc-f17e-49de-906d-0bc3103e75f3 None None] REQUEST_METHOD: `GET` {{(pid=72113) log_request_info /opt/stack/keystone/keystone/server/flask/request_processing/req_logging.py:26}}
Mar 11 22:48:15 jammy-provider-cloud-0000008049 devstack@keystone.service[72113]: DEBUG keystone.server.flask.request_processing.req_logging [None req-26810bdc-f17e-49de-906d-0bc3103e75f3 None None] SCRIPT_NAME: `/identity` {{(pid=72113) log_request_info /opt/stack/keystone/keystone/server/flask/request_processing/req_logging.py:27}}
Mar 11 22:48:15 jammy-provider-cloud-0000008049 devstack@keystone.service[72113]: DEBUG keystone.server.flask.request_processing.req_logging [None req-26810bdc-f17e-49de-906d-0bc3103e75f3 None None] PATH_INFO: `/` {{(pid=72113) log_request_info /opt/stack/keystone/keystone/server/flask/request_processing/req_logging.py:28}}
Mar 11 22:48:15 jammy-provider-cloud-0000008049 devstack@keystone.service[72113]: [pid: 72113|app: 0|req: 12/24] 10.201.5.87 () {54 vars in 919 bytes} [Tue Mar 11 22:48:15 2025] GET /identity => generated 270 bytes in 2 msecs (HTTP/1.1 300) 6 headers in 234 bytes (1 switches on core 0)
Mar 11 22:48:15 jammy-provider-cloud-0000008049 devstack@keystone.service[72114]: DEBUG keystone.server.flask.request_processing.req_logging [None req-2f0e270b-84a7-445f-b936-9943f1b43244 None None] REQUEST_METHOD: `POST` {{(pid=72114) log_request_info /opt/stack/keystone/keystone/server/flask/request_processing/req_logging.py:26}}
Mar 11 22:48:15 jammy-provider-cloud-0000008049 devstack@keystone.service[72114]: DEBUG keystone.server.flask.request_processing.req_logging [None req-2f0e270b-84a7-445f-b936-9943f1b43244 None None] SCRIPT_NAME: `/identity` {{(pid=72114) log_request_info /opt/stack/keystone/keystone/server/flask/request_processing/req_logging.py:27}}
Mar 11 22:48:15 jammy-provider-cloud-0000008049 devstack@keystone.service[72114]: DEBUG keystone.server.flask.request_processing.req_logging [None req-2f0e270b-84a7-445f-b936-9943f1b43244 None None] PATH_INFO: `/v3/auth/tokens` {{(pid=72114) log_request_info /opt/stack/keystone/keystone/server/flask/request_processing/req_logging.py:28}}
Mar 11 22:48:15 jammy-provider-cloud-0000008049 devstack@keystone.service[72114]: WARNING keystone.common.password_hashing [None req-2f0e270b-84a7-445f-b936-9943f1b43244 None None] Truncating password to algorithm specific maximum length 72 characters.
Mar 11 22:48:15 jammy-provider-cloud-0000008049 devstack@keystone.service[72114]: DEBUG keystone.auth.core [None req-2f0e270b-84a7-445f-b936-9943f1b43244 None None] MFA Rules not processed for user `f33ea271d72e4984aebe44e11001f4df`. Rule list: `[]` (Enabled: `True`). {{(pid=72114) check_auth_methods_against_rules /opt/stack/keystone/keystone/auth/core.py:476}}
Mar 11 22:48:15 jammy-provider-cloud-0000008049 devstack@keystone.service[72114]: DEBUG keystone.common.fernet_utils [None req-2f0e270b-84a7-445f-b936-9943f1b43244 None None] Loaded 2 Fernet keys from /etc/keystone/fernet-keys/, but `[fernet_tokens] max_active_keys = 3`; perhaps there have not been enough key rotations to reach `max_active_keys` yet? {{(pid=72114) load_keys /opt/stack/keystone/keystone/common/fernet_utils.py:297}}
Mar 11 22:48:15 jammy-provider-cloud-0000008049 devstack@keystone.service[72114]: [pid: 72114|app: 0|req: 13/25] 10.201.5.87 () {58 vars in 1016 bytes} [Tue Mar 11 22:48:15 2025] POST /identity/v3/auth/tokens => generated 862 bytes in 51 msecs (HTTP/1.1 201) 6 headers in 363 bytes (1 switches on core 0)
Mar 11 22:48:15 jammy-provider-cloud-0000008049 devstack@keystone.service[72113]: DEBUG keystone.server.flask.request_processing.middleware.auth_context [None req-26810bdc-f17e-49de-906d-0bc3103e75f3 None None] Authenticating user token {{(pid=72113) process_request /opt/stack/data/venv/lib/python3.10/site-packages/keystonemiddleware/auth_token/__init__.py:406}}
Mar 11 22:48:15 jammy-provider-cloud-0000008049 devstack@keystone.service[72114]: DEBUG keystone.server.flask.request_processing.req_logging [None req-42449a30-4daf-4d57-8197-cd20709c9062 None None] REQUEST_METHOD: `GET` {{(pid=72114) log_request_info /opt/stack/keystone/keystone/server/flask/request_processing/req_logging.py:26}}
Mar 11 22:48:15 jammy-provider-cloud-0000008049 devstack@keystone.service[72114]: DEBUG keystone.server.flask.request_processing.req_logging [None req-42449a30-4daf-4d57-8197-cd20709c9062 None None] SCRIPT_NAME: `/identity` {{(pid=72114) log_request_info /opt/stack/keystone/keystone/server/flask/request_processing/req_logging.py:27}}
Mar 11 22:48:15 jammy-provider-cloud-0000008049 devstack@keystone.service[72114]: DEBUG keystone.server.flask.request_processing.req_logging [None req-42449a30-4daf-4d57-8197-cd20709c9062 None None] PATH_INFO: `/` {{(pid=72114) log_request_info /opt/stack/keystone/keystone/server/flask/request_processing/req_logging.py:28}}
Mar 11 22:48:15 jammy-provider-cloud-0000008049 devstack@keystone.service[72114]: [pid: 72114|app: 0|req: 14/26] 10.201.5.87 () {54 vars in 919 bytes} [Tue Mar 11 22:48:15 2025] GET /identity => generated 270 bytes in 2 msecs (HTTP/1.1 300) 6 headers in 234 bytes (1 switches on core 0)
Mar 11 22:48:15 jammy-provider-cloud-0000008049 devstack@keystone.service[72114]: DEBUG keystone.server.flask.request_processing.req_logging [None req-caaeef2c-ba43-440f-8346-2cf797153ebd None None] REQUEST_METHOD: `POST` {{(pid=72114) log_request_info /opt/stack/keystone/keystone/server/flask/request_processing/req_logging.py:26}}
Mar 11 22:48:15 jammy-provider-cloud-0000008049 devstack@keystone.service[72114]: DEBUG keystone.server.flask.request_processing.req_logging [None req-caaeef2c-ba43-440f-8346-2cf797153ebd None None] SCRIPT_NAME: `/identity` {{(pid=72114) log_request_info /opt/stack/keystone/keystone/server/flask/request_processing/req_logging.py:27}}
Mar 11 22:48:15 jammy-provider-cloud-0000008049 devstack@keystone.service[72114]: DEBUG keystone.server.flask.request_processing.req_logging [None req-caaeef2c-ba43-440f-8346-2cf797153ebd None None] PATH_INFO: `/v3/auth/tokens` {{(pid=72114) log_request_info /opt/stack/keystone/keystone/server/flask/request_processing/req_logging.py:28}}
Mar 11 22:48:15 jammy-provider-cloud-0000008049 devstack@keystone.service[72114]: WARNING keystone.common.password_hashing [None req-caaeef2c-ba43-440f-8346-2cf797153ebd None None] Truncating password to algorithm specific maximum length 72 characters.
Mar 11 22:48:15 jammy-provider-cloud-0000008049 devstack@keystone.service[72114]: DEBUG keystone.auth.core [None req-caaeef2c-ba43-440f-8346-2cf797153ebd None None] MFA Rules not processed for user `f33ea271d72e4984aebe44e11001f4df`. Rule list: `[]` (Enabled: `True`). {{(pid=72114) check_auth_methods_against_rules /opt/stack/keystone/keystone/auth/core.py:476}}
Mar 11 22:48:15 jammy-provider-cloud-0000008049 devstack@keystone.service[72114]: DEBUG keystone.common.fernet_utils [None req-caaeef2c-ba43-440f-8346-2cf797153ebd None None] Loaded 2 Fernet keys from /etc/keystone/fernet-keys/, but `[fernet_tokens] max_active_keys = 3`; perhaps there have not been enough key rotations to reach `max_active_keys` yet? {{(pid=72114) load_keys /opt/stack/keystone/keystone/common/fernet_utils.py:297}}
Mar 11 22:48:15 jammy-provider-cloud-0000008049 devstack@keystone.service[72113]: DEBUG keystone.server.flask.request_processing.middleware.auth_context [None req-26810bdc-f17e-49de-906d-0bc3103e75f3 None None] Validating token access rules against request {{(pid=72113) validate_allowed_request /opt/stack/data/venv/lib/python3.10/site-packages/keystonemiddleware/auth_token/__init__.py:544}}
Mar 11 22:48:15 jammy-provider-cloud-0000008049 devstack@keystone.service[72113]: DEBUG keystone.server.flask.request_processing.middleware.auth_context [None req-7611b509-a528-4dea-ab99-718f4469e3df None admin] RBAC: auth_context: {'token': <TokenModel (audit_id=lWkfvx-KTOmdhta1-RXyYw, audit_chain_id=['lWkfvx-KTOmdhta1-RXyYw']) at 0x7f7160711330>, 'domain_id': None, 'trust_id': None, 'trustor_id': None, 'trustee_id': None, 'domain_name': None, 'group_ids': [], 'user_id': 'f33ea271d72e4984aebe44e11001f4df', 'user_domain_id': 'default', 'system_scope': 'all', 'project_id': None, 'project_domain_id': None, 'roles': ['admin', 'manager', 'member', 'reader'], 'is_admin_project': True, 'service_user_id': None, 'service_user_domain_id': None, 'service_project_id': None, 'service_project_domain_id': None, 'service_roles': []} {{(pid=72113) fill_context /opt/stack/keystone/keystone/server/flask/request_processing/middleware/auth_context.py:506}}
Mar 11 22:48:15 jammy-provider-cloud-0000008049 devstack@keystone.service[72113]: DEBUG keystone.server.flask.request_processing.req_logging [None req-7611b509-a528-4dea-ab99-718f4469e3df None admin] REQUEST_METHOD: `GET` {{(pid=72113) log_request_info /opt/stack/keystone/keystone/server/flask/request_processing/req_logging.py:26}}
Mar 11 22:48:15 jammy-provider-cloud-0000008049 devstack@keystone.service[72113]: DEBUG keystone.server.flask.request_processing.req_logging [None req-7611b509-a528-4dea-ab99-718f4469e3df None admin] SCRIPT_NAME: `/identity` {{(pid=72113) log_request_info /opt/stack/keystone/keystone/server/flask/request_processing/req_logging.py:27}}
Mar 11 22:48:15 jammy-provider-cloud-0000008049 devstack@keystone.service[72113]: DEBUG keystone.server.flask.request_processing.req_logging [None req-7611b509-a528-4dea-ab99-718f4469e3df None admin] PATH_INFO: `/v3/domains/Default` {{(pid=72113) log_request_info /opt/stack/keystone/keystone/server/flask/request_processing/req_logging.py:28}}
Mar 11 22:48:15 jammy-provider-cloud-0000008049 devstack@keystone.service[72114]: [pid: 72114|app: 0|req: 15/27] 10.201.5.87 () {58 vars in 1016 bytes} [Tue Mar 11 22:48:15 2025] POST /identity/v3/auth/tokens => generated 862 bytes in 51 msecs (HTTP/1.1 201) 6 headers in 363 bytes (1 switches on core 0)
Mar 11 22:48:15 jammy-provider-cloud-0000008049 devstack@keystone.service[72114]: DEBUG keystone.server.flask.request_processing.middleware.auth_context [None req-caaeef2c-ba43-440f-8346-2cf797153ebd None None] Authenticating user token {{(pid=72114) process_request /opt/stack/data/venv/lib/python3.10/site-packages/keystonemiddleware/auth_token/__init__.py:406}}
Mar 11 22:48:15 jammy-provider-cloud-0000008049 devstack@keystone.service[72113]: DEBUG keystone.common.rbac_enforcer.enforcer [None req-7611b509-a528-4dea-ab99-718f4469e3df None admin] RBAC: Authorizing `identity:get_domain(domain_id=Default)` {{(pid=72113) enforce_call /opt/stack/keystone/keystone/common/rbac_enforcer/enforcer.py:495}}
Mar 11 22:48:15 jammy-provider-cloud-0000008049 devstack@keystone.service[72113]: DEBUG keystone.common.rbac_enforcer.enforcer [None req-7611b509-a528-4dea-ab99-718f4469e3df None admin] RBAC: Authorization granted {{(pid=72113) enforce_call /opt/stack/keystone/keystone/common/rbac_enforcer/enforcer.py:506}}
Mar 11 22:48:15 jammy-provider-cloud-0000008049 devstack@keystone.service[72113]: DEBUG keystone.server.flask.application [None req-7611b509-a528-4dea-ab99-718f4469e3df None admin] Could not find domain: Default. {{(pid=72113) _handle_keystone_exception /opt/stack/keystone/keystone/server/flask/application.py:152}}
Mar 11 22:48:15 jammy-provider-cloud-0000008049 devstack@keystone.service[72113]: [pid: 72113|app: 0|req: 13/28] 10.201.5.87 () {56 vars in 1100 bytes} [Tue Mar 11 22:48:15 2025] GET /identity/v3/domains/Default => generated 87 bytes in 77 msecs (HTTP/1.1 404) 5 headers in 183 bytes (1 switches on core 0)
Mar 11 22:48:15 jammy-provider-cloud-0000008049 devstack@keystone.service[72113]: DEBUG keystone.server.flask.request_processing.middleware.auth_context [None req-7611b509-a528-4dea-ab99-718f4469e3df None admin] Authenticating user token {{(pid=72113) process_request /opt/stack/data/venv/lib/python3.10/site-packages/keystonemiddleware/auth_token/__init__.py:406}}
Mar 11 22:48:15 jammy-provider-cloud-0000008049 devstack@keystone.service[72113]: DEBUG keystone.server.flask.request_processing.middleware.auth_context [None req-7611b509-a528-4dea-ab99-718f4469e3df None admin] Validating token access rules against request {{(pid=72113) validate_allowed_request /opt/stack/data/venv/lib/python3.10/site-packages/keystonemiddleware/auth_token/__init__.py:544}}
Mar 11 22:48:15 jammy-provider-cloud-0000008049 devstack@keystone.service[72114]: DEBUG keystone.server.flask.request_processing.middleware.auth_context [None req-caaeef2c-ba43-440f-8346-2cf797153ebd None None] Validating token access rules against request {{(pid=72114) validate_allowed_request /opt/stack/data/venv/lib/python3.10/site-packages/keystonemiddleware/auth_token/__init__.py:544}}
Mar 11 22:48:15 jammy-provider-cloud-0000008049 devstack@keystone.service[72113]: DEBUG keystone.server.flask.request_processing.middleware.auth_context [None req-44088567-5c95-457a-8436-af8aff5aa04b None admin] RBAC: auth_context: {'token': <TokenModel (audit_id=lWkfvx-KTOmdhta1-RXyYw, audit_chain_id=['lWkfvx-KTOmdhta1-RXyYw']) at 0x7f7160470ac0>, 'domain_id': None, 'trust_id': None, 'trustor_id': None, 'trustee_id': None, 'domain_name': None, 'group_ids': [], 'user_id': 'f33ea271d72e4984aebe44e11001f4df', 'user_domain_id': 'default', 'system_scope': 'all', 'project_id': None, 'project_domain_id': None, 'roles': ['admin', 'manager', 'member', 'reader'], 'is_admin_project': True, 'service_user_id': None, 'service_user_domain_id': None, 'service_project_id': None, 'service_project_domain_id': None, 'service_roles': []} {{(pid=72113) fill_context /opt/stack/keystone/keystone/server/flask/request_processing/middleware/auth_context.py:506}}
Mar 11 22:48:15 jammy-provider-cloud-0000008049 devstack@keystone.service[72113]: DEBUG keystone.server.flask.request_processing.req_logging [None req-44088567-5c95-457a-8436-af8aff5aa04b None admin] REQUEST_METHOD: `GET` {{(pid=72113) log_request_info /opt/stack/keystone/keystone/server/flask/request_processing/req_logging.py:26}}
Mar 11 22:48:15 jammy-provider-cloud-0000008049 devstack@keystone.service[72113]: DEBUG keystone.server.flask.request_processing.req_logging [None req-44088567-5c95-457a-8436-af8aff5aa04b None admin] SCRIPT_NAME: `/identity` {{(pid=72113) log_request_info /opt/stack/keystone/keystone/server/flask/request_processing/req_logging.py:27}}
Mar 11 22:48:15 jammy-provider-cloud-0000008049 devstack@keystone.service[72113]: DEBUG keystone.server.flask.request_processing.req_logging [None req-44088567-5c95-457a-8436-af8aff5aa04b None admin] PATH_INFO: `/v3/domains` {{(pid=72113) log_request_info /opt/stack/keystone/keystone/server/flask/request_processing/req_logging.py:28}}
Mar 11 22:48:15 jammy-provider-cloud-0000008049 devstack@keystone.service[72113]: DEBUG keystone.common.rbac_enforcer.enforcer [None req-44088567-5c95-457a-8436-af8aff5aa04b None admin] RBAC: Adding query filter params (name=Default) {{(pid=72113) _extract_filter_values /opt/stack/keystone/keystone/common/rbac_enforcer/enforcer.py:176}}
Mar 11 22:48:15 jammy-provider-cloud-0000008049 devstack@keystone.service[72113]: DEBUG keystone.common.rbac_enforcer.enforcer [None req-44088567-5c95-457a-8436-af8aff5aa04b None admin] RBAC: Authorizing `identity:list_domains()` {{(pid=72113) enforce_call /opt/stack/keystone/keystone/common/rbac_enforcer/enforcer.py:495}}
Mar 11 22:48:15 jammy-provider-cloud-0000008049 devstack@keystone.service[72113]: DEBUG keystone.common.rbac_enforcer.enforcer [None req-44088567-5c95-457a-8436-af8aff5aa04b None admin] RBAC: Authorization granted {{(pid=72113) enforce_call /opt/stack/keystone/keystone/common/rbac_enforcer/enforcer.py:506}}
Mar 11 22:48:15 jammy-provider-cloud-0000008049 devstack@keystone.service[72113]: [pid: 72113|app: 0|req: 14/29] 10.201.5.87 () {56 vars in 1101 bytes} [Tue Mar 11 22:48:15 2025] GET /identity/v3/domains?name=Default => generated 308 bytes in 68 msecs (HTTP/1.1 200) 5 headers in 177 bytes (1 switches on core 0)
Mar 11 22:48:15 jammy-provider-cloud-0000008049 devstack@keystone.service[72113]: DEBUG keystone.server.flask.request_processing.middleware.auth_context [None req-44088567-5c95-457a-8436-af8aff5aa04b None admin] Authenticating user token {{(pid=72113) process_request /opt/stack/data/venv/lib/python3.10/site-packages/keystonemiddleware/auth_token/__init__.py:406}}
Mar 11 22:48:15 jammy-provider-cloud-0000008049 devstack@keystone.service[72114]: DEBUG keystone.server.flask.request_processing.middleware.auth_context [None req-28ebf4e8-edde-4ace-bc11-c0ac7cd7b980 None admin] RBAC: auth_context: {'token': <TokenModel (audit_id=o4f74c62SzaYauStTrHQfw, audit_chain_id=['o4f74c62SzaYauStTrHQfw']) at 0x7f71605c9450>, 'domain_id': None, 'trust_id': None, 'trustor_id': None, 'trustee_id': None, 'domain_name': None, 'group_ids': [], 'user_id': 'f33ea271d72e4984aebe44e11001f4df', 'user_domain_id': 'default', 'system_scope': 'all', 'project_id': None, 'project_domain_id': None, 'roles': ['admin', 'manager', 'member', 'reader'], 'is_admin_project': True, 'service_user_id': None, 'service_user_domain_id': None, 'service_project_id': None, 'service_project_domain_id': None, 'service_roles': []} {{(pid=72114) fill_context /opt/stack/keystone/keystone/server/flask/request_processing/middleware/auth_context.py:506}}
Mar 11 22:48:15 jammy-provider-cloud-0000008049 devstack@keystone.service[72114]: DEBUG keystone.server.flask.request_processing.req_logging [None req-28ebf4e8-edde-4ace-bc11-c0ac7cd7b980 None admin] REQUEST_METHOD: `GET` {{(pid=72114) log_request_info /opt/stack/keystone/keystone/server/flask/request_processing/req_logging.py:26}}
Mar 11 22:48:15 jammy-provider-cloud-0000008049 devstack@keystone.service[72114]: DEBUG keystone.server.flask.request_processing.req_logging [None req-28ebf4e8-edde-4ace-bc11-c0ac7cd7b980 None admin] SCRIPT_NAME: `/identity` {{(pid=72114) log_request_info /opt/stack/keystone/keystone/server/flask/request_processing/req_logging.py:27}}
Mar 11 22:48:15 jammy-provider-cloud-0000008049 devstack@keystone.service[72114]: DEBUG keystone.server.flask.request_processing.req_logging [None req-28ebf4e8-edde-4ace-bc11-c0ac7cd7b980 None admin] PATH_INFO: `/v3/roles/admin` {{(pid=72114) log_request_info /opt/stack/keystone/keystone/server/flask/request_processing/req_logging.py:28}}
Mar 11 22:48:15 jammy-provider-cloud-0000008049 devstack@keystone.service[72114]: DEBUG keystone.common.rbac_enforcer.enforcer [None req-28ebf4e8-edde-4ace-bc11-c0ac7cd7b980 None admin] Extracting inferred target data resulted in "NOT FOUND (404)". {{(pid=72114) enforce_call /opt/stack/keystone/keystone/common/rbac_enforcer/enforcer.py:445}}
Mar 11 22:48:15 jammy-provider-cloud-0000008049 devstack@keystone.service[72114]: DEBUG keystone.server.flask.application [None req-28ebf4e8-edde-4ace-bc11-c0ac7cd7b980 None admin] Could not find role: admin. {{(pid=72114) _handle_keystone_exception /opt/stack/keystone/keystone/server/flask/application.py:152}}
Mar 11 22:48:15 jammy-provider-cloud-0000008049 devstack@keystone.service[72114]: [pid: 72114|app: 0|req: 16/30] 10.201.5.87 () {56 vars in 1132 bytes} [Tue Mar 11 22:48:15 2025] GET /identity/v3/roles/admin => generated 83 bytes in 126 msecs (HTTP/1.1 404) 5 headers in 183 bytes (1 switches on core 0)
Mar 11 22:48:15 jammy-provider-cloud-0000008049 devstack@keystone.service[72113]: DEBUG keystone.server.flask.request_processing.middleware.auth_context [None req-44088567-5c95-457a-8436-af8aff5aa04b None admin] Validating token access rules against request {{(pid=72113) validate_allowed_request /opt/stack/data/venv/lib/python3.10/site-packages/keystonemiddleware/auth_token/__init__.py:544}}
Mar 11 22:48:15 jammy-provider-cloud-0000008049 devstack@keystone.service[72114]: DEBUG keystone.server.flask.request_processing.middleware.auth_context [None req-28ebf4e8-edde-4ace-bc11-c0ac7cd7b980 None admin] Authenticating user token {{(pid=72114) process_request /opt/stack/data/venv/lib/python3.10/site-packages/keystonemiddleware/auth_token/__init__.py:406}}
