Apr 30 13:24:18 ubuntu devstack@keystone.service[67636]: DEBUG keystone.server.flask.request_processing.middleware.auth_context [None req-1fcb8b08-57c9-4cbd-a41c-f2ad1d76f848 None admin] RBAC: auth_context: {'token': <TokenModel (audit_id=fx1xUcXHQA-XK7DZatDoKw, audit_chain_id=['fx1xUcXHQA-XK7DZatDoKw']) at 0x7bbd257c75f0>, 'domain_id': None, 'trust_id': None, 'trustor_id': None, 'trustee_id': None, 'domain_name': None, 'group_ids': [], 'user_id': '1c42f6f8bc0d4f0684f9f3590d7f4849', 'user_domain_id': 'default', 'system_scope': 'all', 'project_id': None, 'project_domain_id': None, 'roles': ['admin', 'manager', 'member', 'reader'], 'is_admin_project': True, 'service_user_id': None, 'service_user_domain_id': None, 'service_project_id': None, 'service_project_domain_id': None, 'service_roles': []} {{(pid=67636) fill_context /opt/stack/keystone/keystone/server/flask/request_processing/middleware/auth_context.py:509}}
Apr 30 13:24:18 ubuntu devstack@keystone.service[67636]: DEBUG keystone.server.flask.request_processing.req_logging [None req-1fcb8b08-57c9-4cbd-a41c-f2ad1d76f848 None admin] REQUEST_METHOD: `GET` {{(pid=67636) log_request_info /opt/stack/keystone/keystone/server/flask/request_processing/req_logging.py:26}}
Apr 30 13:24:18 ubuntu devstack@keystone.service[67636]: DEBUG keystone.server.flask.request_processing.req_logging [None req-1fcb8b08-57c9-4cbd-a41c-f2ad1d76f848 None admin] SCRIPT_NAME: `/identity` {{(pid=67636) log_request_info /opt/stack/keystone/keystone/server/flask/request_processing/req_logging.py:27}}
Apr 30 13:24:18 ubuntu devstack@keystone.service[67636]: DEBUG keystone.server.flask.request_processing.req_logging [None req-1fcb8b08-57c9-4cbd-a41c-f2ad1d76f848 None admin] PATH_INFO: `/v3/domains` {{(pid=67636) log_request_info /opt/stack/keystone/keystone/server/flask/request_processing/req_logging.py:28}}
Apr 30 13:24:18 ubuntu devstack@keystone.service[67636]: DEBUG keystone.common.rbac_enforcer.enforcer [None req-1fcb8b08-57c9-4cbd-a41c-f2ad1d76f848 None admin] RBAC: Adding query filter params (name=Default) {{(pid=67636) _extract_filter_values /opt/stack/keystone/keystone/common/rbac_enforcer/enforcer.py:176}}
Apr 30 13:24:18 ubuntu devstack@keystone.service[67636]: DEBUG keystone.common.rbac_enforcer.enforcer [None req-1fcb8b08-57c9-4cbd-a41c-f2ad1d76f848 None admin] RBAC: Authorizing `identity:list_domains()` {{(pid=67636) enforce_call /opt/stack/keystone/keystone/common/rbac_enforcer/enforcer.py:494}}
Apr 30 13:24:18 ubuntu devstack@keystone.service[67636]: DEBUG keystone.common.rbac_enforcer.enforcer [None req-1fcb8b08-57c9-4cbd-a41c-f2ad1d76f848 None admin] RBAC: Authorization granted {{(pid=67636) enforce_call /opt/stack/keystone/keystone/common/rbac_enforcer/enforcer.py:505}}
Apr 30 13:24:18 ubuntu devstack@keystone.service[67637]: DEBUG keystone.server.flask.request_processing.middleware.auth_context [None req-cacef512-c636-48c9-929d-914984e2ad2d None admin] RBAC: auth_context: {'token': <TokenModel (audit_id=xgHuK1rfSWmlx5n0g0I5tg, audit_chain_id=['xgHuK1rfSWmlx5n0g0I5tg']) at 0x7bbd25504890>, 'domain_id': None, 'trust_id': None, 'trustor_id': None, 'trustee_id': None, 'domain_name': None, 'group_ids': [], 'user_id': '1c42f6f8bc0d4f0684f9f3590d7f4849', 'user_domain_id': 'default', 'system_scope': 'all', 'project_id': None, 'project_domain_id': None, 'roles': ['admin', 'manager', 'member', 'reader'], 'is_admin_project': True, 'service_user_id': None, 'service_user_domain_id': None, 'service_project_id': None, 'service_project_domain_id': None, 'service_roles': []} {{(pid=67637) fill_context /opt/stack/keystone/keystone/server/flask/request_processing/middleware/auth_context.py:509}}
Apr 30 13:24:18 ubuntu devstack@keystone.service[67637]: DEBUG keystone.server.flask.request_processing.req_logging [None req-cacef512-c636-48c9-929d-914984e2ad2d None admin] REQUEST_METHOD: `PUT` {{(pid=67637) log_request_info /opt/stack/keystone/keystone/server/flask/request_processing/req_logging.py:26}}
Apr 30 13:24:18 ubuntu devstack@keystone.service[67637]: DEBUG keystone.server.flask.request_processing.req_logging [None req-cacef512-c636-48c9-929d-914984e2ad2d None admin] SCRIPT_NAME: `/identity` {{(pid=67637) log_request_info /opt/stack/keystone/keystone/server/flask/request_processing/req_logging.py:27}}
Apr 30 13:24:18 ubuntu devstack@keystone.service[67637]: DEBUG keystone.server.flask.request_processing.req_logging [None req-cacef512-c636-48c9-929d-914984e2ad2d None admin] PATH_INFO: `/v3/domains/default/users/1c42f6f8bc0d4f0684f9f3590d7f4849/roles/7c77ddff56414192927bb3f983d551d9` {{(pid=67637) log_request_info /opt/stack/keystone/keystone/server/flask/request_processing/req_logging.py:28}}
Apr 30 13:24:18 ubuntu devstack@keystone.service[67637]: DEBUG keystone.common.rbac_enforcer.enforcer [None req-cacef512-c636-48c9-929d-914984e2ad2d None admin] RBAC: Authorizing `identity:create_grant(domain_id=default, user_id=1c42f6f8bc0d4f0684f9f3590d7f4849, role_id=7c77ddff56414192927bb3f983d551d9)` {{(pid=67637) enforce_call /opt/stack/keystone/keystone/common/rbac_enforcer/enforcer.py:494}}
Apr 30 13:24:18 ubuntu devstack@keystone.service[67637]: DEBUG keystone.common.rbac_enforcer.enforcer [None req-cacef512-c636-48c9-929d-914984e2ad2d None admin] RBAC: Authorization granted {{(pid=67637) enforce_call /opt/stack/keystone/keystone/common/rbac_enforcer/enforcer.py:505}}
Apr 30 13:24:18 ubuntu devstack@keystone.service[67636]: [pid: 67636|app: 0|req: 11/21] 10.120.125.137 () {58 vars in 1190 bytes} [Thu Apr 30 13:24:18 2026] GET /identity/v3/domains?name=Default => generated 310 bytes in 78 msecs (HTTP/1.1 200) 5 headers in 177 bytes (1 switches on core 0)
Apr 30 13:24:18 ubuntu devstack@keystone.service[67637]: [pid: 67637|app: 0|req: 11/22] 10.120.125.137 () {60 vars in 1429 bytes} [Thu Apr 30 13:24:18 2026] PUT /identity/v3/domains/default/users/1c42f6f8bc0d4f0684f9f3590d7f4849/roles/7c77ddff56414192927bb3f983d551d9 => generated 0 bytes in 147 msecs (HTTP/1.1 204) 3 headers in 132 bytes (0 switches on core 0)
Apr 30 13:24:20 ubuntu devstack@keystone.service[67636]: DEBUG keystone.server.flask.request_processing.req_logging [None req-e1dafe88-73c5-4d7a-854e-8cf9b26629ba None None] REQUEST_METHOD: `GET` {{(pid=67636) log_request_info /opt/stack/keystone/keystone/server/flask/request_processing/req_logging.py:26}}
Apr 30 13:24:20 ubuntu devstack@keystone.service[67636]: DEBUG keystone.server.flask.request_processing.req_logging [None req-e1dafe88-73c5-4d7a-854e-8cf9b26629ba None None] SCRIPT_NAME: `/identity` {{(pid=67636) log_request_info /opt/stack/keystone/keystone/server/flask/request_processing/req_logging.py:27}}
Apr 30 13:24:20 ubuntu devstack@keystone.service[67636]: DEBUG keystone.server.flask.request_processing.req_logging [None req-e1dafe88-73c5-4d7a-854e-8cf9b26629ba None None] PATH_INFO: `/` {{(pid=67636) log_request_info /opt/stack/keystone/keystone/server/flask/request_processing/req_logging.py:28}}
Apr 30 13:24:20 ubuntu devstack@keystone.service[67636]: [pid: 67636|app: 0|req: 12/23] 10.120.125.137 () {56 vars in 951 bytes} [Thu Apr 30 13:24:20 2026] GET /identity => generated 271 bytes in 1 msecs (HTTP/1.1 300) 6 headers in 235 bytes (1 switches on core 0)
Apr 30 13:24:20 ubuntu devstack@keystone.service[67637]: DEBUG keystone.server.flask.request_processing.req_logging [None req-7c0c8f19-8ce2-4a86-a77e-741dc472ee7c None None] REQUEST_METHOD: `POST` {{(pid=67637) log_request_info /opt/stack/keystone/keystone/server/flask/request_processing/req_logging.py:26}}
Apr 30 13:24:20 ubuntu devstack@keystone.service[67637]: DEBUG keystone.server.flask.request_processing.req_logging [None req-7c0c8f19-8ce2-4a86-a77e-741dc472ee7c None None] SCRIPT_NAME: `/identity` {{(pid=67637) log_request_info /opt/stack/keystone/keystone/server/flask/request_processing/req_logging.py:27}}
Apr 30 13:24:20 ubuntu devstack@keystone.service[67637]: DEBUG keystone.server.flask.request_processing.req_logging [None req-7c0c8f19-8ce2-4a86-a77e-741dc472ee7c None None] PATH_INFO: `/v3/auth/tokens` {{(pid=67637) log_request_info /opt/stack/keystone/keystone/server/flask/request_processing/req_logging.py:28}}
Apr 30 13:24:20 ubuntu devstack@keystone.service[67637]: WARNING keystone.common.password_hashing [None req-7c0c8f19-8ce2-4a86-a77e-741dc472ee7c None None] Truncating password to algorithm specific maximum length 72 characters.
Apr 30 13:24:20 ubuntu devstack@keystone.service[67637]: DEBUG keystone.auth.core [None req-7c0c8f19-8ce2-4a86-a77e-741dc472ee7c None None] MFA Rules not processed for user `1c42f6f8bc0d4f0684f9f3590d7f4849`. Rule list: `[]` (Enabled: `True`). {{(pid=67637) check_auth_methods_against_rules /opt/stack/keystone/keystone/auth/core.py:476}}
Apr 30 13:24:20 ubuntu devstack@keystone.service[67637]: DEBUG keystone.common.fernet_utils [None req-7c0c8f19-8ce2-4a86-a77e-741dc472ee7c None None] Loaded 2 Fernet keys from /etc/keystone/fernet-keys/, but `[fernet_tokens] max_active_keys = 3`; perhaps there have not been enough key rotations to reach `max_active_keys` yet? {{(pid=67637) load_keys /opt/stack/keystone/keystone/common/fernet_utils.py:297}}
Apr 30 13:24:20 ubuntu devstack@keystone.service[67637]: [pid: 67637|app: 0|req: 12/24] 10.120.125.137 () {60 vars in 1048 bytes} [Thu Apr 30 13:24:20 2026] POST /identity/v3/auth/tokens => generated 863 bytes in 68 msecs (HTTP/1.1 201) 6 headers in 363 bytes (1 switches on core 0)
Apr 30 13:24:20 ubuntu devstack@keystone.service[67636]: DEBUG keystone.server.flask.request_processing.req_logging [None req-8ad67a30-567c-44c8-9247-118f79c142e0 None None] REQUEST_METHOD: `GET` {{(pid=67636) log_request_info /opt/stack/keystone/keystone/server/flask/request_processing/req_logging.py:26}}
Apr 30 13:24:20 ubuntu devstack@keystone.service[67636]: DEBUG keystone.server.flask.request_processing.req_logging [None req-8ad67a30-567c-44c8-9247-118f79c142e0 None None] SCRIPT_NAME: `/identity` {{(pid=67636) log_request_info /opt/stack/keystone/keystone/server/flask/request_processing/req_logging.py:27}}
Apr 30 13:24:20 ubuntu devstack@keystone.service[67636]: DEBUG keystone.server.flask.request_processing.req_logging [None req-8ad67a30-567c-44c8-9247-118f79c142e0 None None] PATH_INFO: `/` {{(pid=67636) log_request_info /opt/stack/keystone/keystone/server/flask/request_processing/req_logging.py:28}}
Apr 30 13:24:20 ubuntu devstack@keystone.service[67636]: [pid: 67636|app: 0|req: 13/25] 10.120.125.137 () {56 vars in 951 bytes} [Thu Apr 30 13:24:20 2026] GET /identity => generated 271 bytes in 1 msecs (HTTP/1.1 300) 6 headers in 235 bytes (1 switches on core 0)
Apr 30 13:24:20 ubuntu devstack@keystone.service[67637]: DEBUG keystone.server.flask.request_processing.req_logging [None req-2863d00c-2fd4-4d90-a4da-ca754117df31 None None] REQUEST_METHOD: `GET` {{(pid=67637) log_request_info /opt/stack/keystone/keystone/server/flask/request_processing/req_logging.py:26}}
Apr 30 13:24:20 ubuntu devstack@keystone.service[67637]: DEBUG keystone.server.flask.request_processing.req_logging [None req-2863d00c-2fd4-4d90-a4da-ca754117df31 None None] SCRIPT_NAME: `/identity` {{(pid=67637) log_request_info /opt/stack/keystone/keystone/server/flask/request_processing/req_logging.py:27}}
Apr 30 13:24:20 ubuntu devstack@keystone.service[67637]: DEBUG keystone.server.flask.request_processing.req_logging [None req-2863d00c-2fd4-4d90-a4da-ca754117df31 None None] PATH_INFO: `/` {{(pid=67637) log_request_info /opt/stack/keystone/keystone/server/flask/request_processing/req_logging.py:28}}
Apr 30 13:24:20 ubuntu devstack@keystone.service[67637]: [pid: 67637|app: 0|req: 13/26] 10.120.125.137 () {56 vars in 951 bytes} [Thu Apr 30 13:24:20 2026] GET /identity => generated 271 bytes in 2 msecs (HTTP/1.1 300) 6 headers in 235 bytes (1 switches on core 0)
Apr 30 13:24:20 ubuntu devstack@keystone.service[67636]: DEBUG keystone.server.flask.request_processing.req_logging [None req-1feb944d-56bc-46b2-b350-ce4f5838edc6 None None] REQUEST_METHOD: `POST` {{(pid=67636) log_request_info /opt/stack/keystone/keystone/server/flask/request_processing/req_logging.py:26}}
Apr 30 13:24:20 ubuntu devstack@keystone.service[67636]: DEBUG keystone.server.flask.request_processing.req_logging [None req-1feb944d-56bc-46b2-b350-ce4f5838edc6 None None] SCRIPT_NAME: `/identity` {{(pid=67636) log_request_info /opt/stack/keystone/keystone/server/flask/request_processing/req_logging.py:27}}
Apr 30 13:24:20 ubuntu devstack@keystone.service[67636]: DEBUG keystone.server.flask.request_processing.req_logging [None req-1feb944d-56bc-46b2-b350-ce4f5838edc6 None None] PATH_INFO: `/v3/auth/tokens` {{(pid=67636) log_request_info /opt/stack/keystone/keystone/server/flask/request_processing/req_logging.py:28}}
Apr 30 13:24:20 ubuntu devstack@keystone.service[67636]: WARNING keystone.common.password_hashing [None req-1feb944d-56bc-46b2-b350-ce4f5838edc6 None None] Truncating password to algorithm specific maximum length 72 characters.
Apr 30 13:24:20 ubuntu devstack@keystone.service[67636]: DEBUG keystone.auth.core [None req-1feb944d-56bc-46b2-b350-ce4f5838edc6 None None] MFA Rules not processed for user `1c42f6f8bc0d4f0684f9f3590d7f4849`. Rule list: `[]` (Enabled: `True`). {{(pid=67636) check_auth_methods_against_rules /opt/stack/keystone/keystone/auth/core.py:476}}
Apr 30 13:24:20 ubuntu devstack@keystone.service[67636]: DEBUG keystone.common.fernet_utils [None req-1feb944d-56bc-46b2-b350-ce4f5838edc6 None None] Loaded 2 Fernet keys from /etc/keystone/fernet-keys/, but `[fernet_tokens] max_active_keys = 3`; perhaps there have not been enough key rotations to reach `max_active_keys` yet? {{(pid=67636) load_keys /opt/stack/keystone/keystone/common/fernet_utils.py:297}}
Apr 30 13:24:20 ubuntu devstack@keystone.service[67636]: [pid: 67636|app: 0|req: 14/27] 10.120.125.137 () {60 vars in 1048 bytes} [Thu Apr 30 13:24:20 2026] POST /identity/v3/auth/tokens => generated 863 bytes in 75 msecs (HTTP/1.1 201) 6 headers in 363 bytes (1 switches on core 0)
Apr 30 13:24:20 ubuntu devstack@keystone.service[67637]: DEBUG keystone.server.flask.request_processing.req_logging [None req-694e8849-6831-4f0c-abfd-cc0fd6149d3a None None] REQUEST_METHOD: `POST` {{(pid=67637) log_request_info /opt/stack/keystone/keystone/server/flask/request_processing/req_logging.py:26}}
Apr 30 13:24:20 ubuntu devstack@keystone.service[67637]: DEBUG keystone.server.flask.request_processing.req_logging [None req-694e8849-6831-4f0c-abfd-cc0fd6149d3a None None] SCRIPT_NAME: `/identity` {{(pid=67637) log_request_info /opt/stack/keystone/keystone/server/flask/request_processing/req_logging.py:27}}
Apr 30 13:24:20 ubuntu devstack@keystone.service[67637]: DEBUG keystone.server.flask.request_processing.req_logging [None req-694e8849-6831-4f0c-abfd-cc0fd6149d3a None None] PATH_INFO: `/v3/auth/tokens` {{(pid=67637) log_request_info /opt/stack/keystone/keystone/server/flask/request_processing/req_logging.py:28}}
Apr 30 13:24:20 ubuntu devstack@keystone.service[67636]: DEBUG keystone.server.flask.request_processing.req_logging [None req-ff4dab7a-5a9e-4571-af8d-47b7eef0dc60 None None] REQUEST_METHOD: `GET` {{(pid=67636) log_request_info /opt/stack/keystone/keystone/server/flask/request_processing/req_logging.py:26}}
Apr 30 13:24:20 ubuntu devstack@keystone.service[67636]: DEBUG keystone.server.flask.request_processing.req_logging [None req-ff4dab7a-5a9e-4571-af8d-47b7eef0dc60 None None] SCRIPT_NAME: `/identity` {{(pid=67636) log_request_info /opt/stack/keystone/keystone/server/flask/request_processing/req_logging.py:27}}
Apr 30 13:24:20 ubuntu devstack@keystone.service[67636]: DEBUG keystone.server.flask.request_processing.req_logging [None req-ff4dab7a-5a9e-4571-af8d-47b7eef0dc60 None None] PATH_INFO: `/` {{(pid=67636) log_request_info /opt/stack/keystone/keystone/server/flask/request_processing/req_logging.py:28}}
Apr 30 13:24:20 ubuntu devstack@keystone.service[67637]: WARNING keystone.common.password_hashing [None req-694e8849-6831-4f0c-abfd-cc0fd6149d3a None None] Truncating password to algorithm specific maximum length 72 characters.
Apr 30 13:24:20 ubuntu devstack@keystone.service[67636]: [pid: 67636|app: 0|req: 15/28] 10.120.125.137 () {56 vars in 951 bytes} [Thu Apr 30 13:24:20 2026] GET /identity => generated 271 bytes in 1 msecs (HTTP/1.1 300) 6 headers in 235 bytes (1 switches on core 0)
Apr 30 13:24:20 ubuntu devstack@keystone.service[67637]: DEBUG keystone.auth.core [None req-694e8849-6831-4f0c-abfd-cc0fd6149d3a None None] MFA Rules not processed for user `1c42f6f8bc0d4f0684f9f3590d7f4849`. Rule list: `[]` (Enabled: `True`). {{(pid=67637) check_auth_methods_against_rules /opt/stack/keystone/keystone/auth/core.py:476}}
Apr 30 13:24:20 ubuntu devstack@keystone.service[67637]: DEBUG keystone.common.fernet_utils [None req-694e8849-6831-4f0c-abfd-cc0fd6149d3a None None] Loaded 2 Fernet keys from /etc/keystone/fernet-keys/, but `[fernet_tokens] max_active_keys = 3`; perhaps there have not been enough key rotations to reach `max_active_keys` yet? {{(pid=67637) load_keys /opt/stack/keystone/keystone/common/fernet_utils.py:297}}
Apr 30 13:24:20 ubuntu devstack@keystone.service[67637]: [pid: 67637|app: 0|req: 14/29] 10.120.125.137 () {60 vars in 1048 bytes} [Thu Apr 30 13:24:20 2026] POST /identity/v3/auth/tokens => generated 863 bytes in 70 msecs (HTTP/1.1 201) 6 headers in 363 bytes (1 switches on core 0)
Apr 30 13:24:20 ubuntu devstack@keystone.service[67636]: DEBUG keystone.server.flask.request_processing.middleware.auth_context [None req-ff4dab7a-5a9e-4571-af8d-47b7eef0dc60 None None] Authenticating user token {{(pid=67636) process_request /opt/stack/data/venv/lib/python3.12/site-packages/keystonemiddleware/auth_token/__init__.py:407}}
Apr 30 13:24:20 ubuntu devstack@keystone.service[67636]: DEBUG keystone.server.flask.request_processing.middleware.auth_context [None req-ff4dab7a-5a9e-4571-af8d-47b7eef0dc60 None None] Validating token access rules against request {{(pid=67636) validate_allowed_request /opt/stack/data/venv/lib/python3.12/site-packages/keystonemiddleware/auth_token/__init__.py:545}}
Apr 30 13:24:20 ubuntu devstack@keystone.service[67637]: DEBUG keystone.server.flask.request_processing.req_logging [None req-7219f556-29df-4119-8903-8c6faee0d982 None None] REQUEST_METHOD: `POST` {{(pid=67637) log_request_info /opt/stack/keystone/keystone/server/flask/request_processing/req_logging.py:26}}
Apr 30 13:24:20 ubuntu devstack@keystone.service[67637]: DEBUG keystone.server.flask.request_processing.req_logging [None req-7219f556-29df-4119-8903-8c6faee0d982 None None] SCRIPT_NAME: `/identity` {{(pid=67637) log_request_info /opt/stack/keystone/keystone/server/flask/request_processing/req_logging.py:27}}
Apr 30 13:24:20 ubuntu devstack@keystone.service[67637]: DEBUG keystone.server.flask.request_processing.req_logging [None req-7219f556-29df-4119-8903-8c6faee0d982 None None] PATH_INFO: `/v3/auth/tokens` {{(pid=67637) log_request_info /opt/stack/keystone/keystone/server/flask/request_processing/req_logging.py:28}}
Apr 30 13:24:20 ubuntu devstack@keystone.service[67636]: DEBUG keystone.server.flask.request_processing.middleware.auth_context [None req-08155386-d5b8-456a-bf60-44da7ae846eb None admin] RBAC: auth_context: {'token': <TokenModel (audit_id=BXoG4fS-QMW1TP7KbEaI-Q, audit_chain_id=['BXoG4fS-QMW1TP7KbEaI-Q']) at 0x7bbd258ef980>, 'domain_id': None, 'trust_id': None, 'trustor_id': None, 'trustee_id': None, 'domain_name': None, 'group_ids': [], 'user_id': '1c42f6f8bc0d4f0684f9f3590d7f4849', 'user_domain_id': 'default', 'system_scope': 'all', 'project_id': None, 'project_domain_id': None, 'roles': ['admin', 'manager', 'member', 'reader'], 'is_admin_project': True, 'service_user_id': None, 'service_user_domain_id': None, 'service_project_id': None, 'service_project_domain_id': None, 'service_roles': []} {{(pid=67636) fill_context /opt/stack/keystone/keystone/server/flask/request_processing/middleware/auth_context.py:509}}
Apr 30 13:24:20 ubuntu devstack@keystone.service[67636]: DEBUG keystone.server.flask.request_processing.req_logging [None req-08155386-d5b8-456a-bf60-44da7ae846eb None admin] REQUEST_METHOD: `GET` {{(pid=67636) log_request_info /opt/stack/keystone/keystone/server/flask/request_processing/req_logging.py:26}}
Apr 30 13:24:20 ubuntu devstack@keystone.service[67636]: DEBUG keystone.server.flask.request_processing.req_logging [None req-08155386-d5b8-456a-bf60-44da7ae846eb None admin] SCRIPT_NAME: `/identity` {{(pid=67636) log_request_info /opt/stack/keystone/keystone/server/flask/request_processing/req_logging.py:27}}
Apr 30 13:24:20 ubuntu devstack@keystone.service[67636]: DEBUG keystone.server.flask.request_processing.req_logging [None req-08155386-d5b8-456a-bf60-44da7ae846eb None admin] PATH_INFO: `/v3/roles/admin` {{(pid=67636) log_request_info /opt/stack/keystone/keystone/server/flask/request_processing/req_logging.py:28}}
Apr 30 13:24:20 ubuntu devstack@keystone.service[67637]: WARNING keystone.common.password_hashing [None req-7219f556-29df-4119-8903-8c6faee0d982 None None] Truncating password to algorithm specific maximum length 72 characters.
Apr 30 13:24:20 ubuntu devstack@keystone.service[67636]: DEBUG keystone.common.rbac_enforcer.enforcer [None req-08155386-d5b8-456a-bf60-44da7ae846eb None admin] Extracting inferred target data resulted in "NOT FOUND (404)". {{(pid=67636) enforce_call /opt/stack/keystone/keystone/common/rbac_enforcer/enforcer.py:445}}
Apr 30 13:24:20 ubuntu devstack@keystone.service[67636]: DEBUG keystone.server.flask.application [None req-08155386-d5b8-456a-bf60-44da7ae846eb None admin] Could not find role: admin. {{(pid=67636) _handle_keystone_exception /opt/stack/keystone/keystone/server/flask/application.py:146}}
Apr 30 13:24:20 ubuntu devstack@keystone.service[67636]: [pid: 67636|app: 0|req: 16/30] 10.120.125.137 () {58 vars in 1164 bytes} [Thu Apr 30 13:24:20 2026] GET /identity/v3/roles/admin => generated 83 bytes in 84 msecs (HTTP/1.1 404) 5 headers in 183 bytes (1 switches on core 0)
Apr 30 13:24:20 ubuntu devstack@keystone.service[67637]: DEBUG keystone.auth.core [None req-7219f556-29df-4119-8903-8c6faee0d982 None None] MFA Rules not processed for user `1c42f6f8bc0d4f0684f9f3590d7f4849`. Rule list: `[]` (Enabled: `True`). {{(pid=67637) check_auth_methods_against_rules /opt/stack/keystone/keystone/auth/core.py:476}}
Apr 30 13:24:20 ubuntu devstack@keystone.service[67637]: DEBUG keystone.common.fernet_utils [None req-7219f556-29df-4119-8903-8c6faee0d982 None None] Loaded 2 Fernet keys from /etc/keystone/fernet-keys/, but `[fernet_tokens] max_active_keys = 3`; perhaps there have not been enough key rotations to reach `max_active_keys` yet? {{(pid=67637) load_keys /opt/stack/keystone/keystone/common/fernet_utils.py:297}}
Apr 30 13:24:21 ubuntu devstack@keystone.service[67636]: DEBUG keystone.server.flask.request_processing.middleware.auth_context [None req-08155386-d5b8-456a-bf60-44da7ae846eb None admin] Authenticating user token {{(pid=67636) process_request /opt/stack/data/venv/lib/python3.12/site-packages/keystonemiddleware/auth_token/__init__.py:407}}
Apr 30 13:24:21 ubuntu devstack@keystone.service[67637]: [pid: 67637|app: 0|req: 15/31] 10.120.125.137 () {60 vars in 1048 bytes} [Thu Apr 30 13:24:20 2026] POST /identity/v3/auth/tokens => generated 863 bytes in 75 msecs (HTTP/1.1 201) 6 headers in 363 bytes (1 switches on core 0)
Apr 30 13:24:21 ubuntu devstack@keystone.service[67636]: DEBUG keystone.server.flask.request_processing.middleware.auth_context [None req-08155386-d5b8-456a-bf60-44da7ae846eb None admin] Validating token access rules against request {{(pid=67636) validate_allowed_request /opt/stack/data/venv/lib/python3.12/site-packages/keystonemiddleware/auth_token/__init__.py:545}}
Apr 30 13:24:21 ubuntu devstack@keystone.service[67636]: DEBUG keystone.server.flask.request_processing.middleware.auth_context [None req-7cf0a2e5-7192-441c-bfba-51b48773f737 None admin] RBAC: auth_context: {'token': <TokenModel (audit_id=BXoG4fS-QMW1TP7KbEaI-Q, audit_chain_id=['BXoG4fS-QMW1TP7KbEaI-Q']) at 0x7bbd2584d430>, 'domain_id': None, 'trust_id': None, 'trustor_id': None, 'trustee_id': None, 'domain_name': None, 'group_ids': [], 'user_id': '1c42f6f8bc0d4f0684f9f3590d7f4849', 'user_domain_id': 'default', 'system_scope': 'all', 'project_id': None, 'project_domain_id': None, 'roles': ['admin', 'manager', 'member', 'reader'], 'is_admin_project': True, 'service_user_id': None, 'service_user_domain_id': None, 'service_project_id': None, 'service_project_domain_id': None, 'service_roles': []} {{(pid=67636) fill_context /opt/stack/keystone/keystone/server/flask/request_processing/middleware/auth_context.py:509}}
Apr 30 13:24:21 ubuntu devstack@keystone.service[67636]: DEBUG keystone.server.flask.request_processing.req_logging [None req-7cf0a2e5-7192-441c-bfba-51b48773f737 None admin] REQUEST_METHOD: `GET` {{(pid=67636) log_request_info /opt/stack/keystone/keystone/server/flask/request_processing/req_logging.py:26}}
Apr 30 13:24:21 ubuntu devstack@keystone.service[67636]: DEBUG keystone.server.flask.request_processing.req_logging [None req-7cf0a2e5-7192-441c-bfba-51b48773f737 None admin] SCRIPT_NAME: `/identity` {{(pid=67636) log_request_info /opt/stack/keystone/keystone/server/flask/request_processing/req_logging.py:27}}
Apr 30 13:24:21 ubuntu devstack@keystone.service[67636]: DEBUG keystone.server.flask.request_processing.req_logging [None req-7cf0a2e5-7192-441c-bfba-51b48773f737 None admin] PATH_INFO: `/v3/roles` {{(pid=67636) log_request_info /opt/stack/keystone/keystone/server/flask/request_processing/req_logging.py:28}}
Apr 30 13:24:21 ubuntu devstack@keystone.service[67636]: DEBUG keystone.common.rbac_enforcer.enforcer [None req-7cf0a2e5-7192-441c-bfba-51b48773f737 None admin] RBAC: Adding query filter params (name=admin) {{(pid=67636) _extract_filter_values /opt/stack/keystone/keystone/common/rbac_enforcer/enforcer.py:176}}
Apr 30 13:24:21 ubuntu devstack@keystone.service[67636]: DEBUG keystone.common.rbac_enforcer.enforcer [None req-7cf0a2e5-7192-441c-bfba-51b48773f737 None admin] RBAC: Authorizing `identity:list_roles()` {{(pid=67636) enforce_call /opt/stack/keystone/keystone/common/rbac_enforcer/enforcer.py:494}}
Apr 30 13:24:21 ubuntu devstack@keystone.service[67636]: DEBUG keystone.common.rbac_enforcer.enforcer [None req-7cf0a2e5-7192-441c-bfba-51b48773f737 None admin] RBAC: Authorization granted {{(pid=67636) enforce_call /opt/stack/keystone/keystone/common/rbac_enforcer/enforcer.py:505}}
Apr 30 13:24:21 ubuntu devstack@keystone.service[67636]: [pid: 67636|app: 0|req: 17/32] 10.120.125.137 () {58 vars in 1180 bytes} [Thu Apr 30 13:24:21 2026] GET /identity/v3/roles?name=admin => generated 341 bytes in 81 msecs (HTTP/1.1 200) 5 headers in 177 bytes (1 switches on core 0)
Apr 30 13:24:21 ubuntu devstack@keystone.service[67637]: DEBUG keystone.server.flask.request_processing.middleware.auth_context [None req-7219f556-29df-4119-8903-8c6faee0d982 None None] Authenticating user token {{(pid=67637) process_request /opt/stack/data/venv/lib/python3.12/site-packages/keystonemiddleware/auth_token/__init__.py:407}}
Apr 30 13:24:21 ubuntu devstack@keystone.service[67637]: DEBUG keystone.server.flask.request_processing.middleware.auth_context [None req-7219f556-29df-4119-8903-8c6faee0d982 None None] Validating token access rules against request {{(pid=67637) validate_allowed_request /opt/stack/data/venv/lib/python3.12/site-packages/keystonemiddleware/auth_token/__init__.py:545}}
Apr 30 13:24:21 ubuntu devstack@keystone.service[67637]: DEBUG keystone.server.flask.request_processing.middleware.auth_context [None req-f0ddce73-60ed-4437-a7c9-5ed8de6d6f44 None admin] RBAC: auth_context: {'token': <TokenModel (audit_id=BXoG4fS-QMW1TP7KbEaI-Q, audit_chain_id=['BXoG4fS-QMW1TP7KbEaI-Q']) at 0x7bbd2584bd40>, 'domain_id': None, 'trust_id': None, 'trustor_id': None, 'trustee_id': None, 'domain_name': None, 'group_ids': [], 'user_id': '1c42f6f8bc0d4f0684f9f3590d7f4849', 'user_domain_id': 'default', 'system_scope': 'all', 'project_id': None, 'project_domain_id': None, 'roles': ['admin', 'manager', 'member', 'reader'], 'is_admin_project': True, 'service_user_id': None, 'service_user_domain_id': None, 'service_project_id': None, 'service_project_domain_id': None, 'service_roles': []} {{(pid=67637) fill_context /opt/stack/keystone/keystone/server/flask/request_processing/middleware/auth_context.py:509}}
Apr 30 13:24:21 ubuntu devstack@keystone.service[67637]: DEBUG keystone.server.flask.request_processing.req_logging [None req-f0ddce73-60ed-4437-a7c9-5ed8de6d6f44 None admin] REQUEST_METHOD: `GET` {{(pid=67637) log_request_info /opt/stack/keystone/keystone/server/flask/request_processing/req_logging.py:26}}
Apr 30 13:24:21 ubuntu devstack@keystone.service[67637]: DEBUG keystone.server.flask.request_processing.req_logging [None req-f0ddce73-60ed-4437-a7c9-5ed8de6d6f44 None admin] SCRIPT_NAME: `/identity` {{(pid=67637) log_request_info /opt/stack/keystone/keystone/server/flask/request_processing/req_logging.py:27}}
Apr 30 13:24:21 ubuntu devstack@keystone.service[67637]: DEBUG keystone.server.flask.request_processing.req_logging [None req-f0ddce73-60ed-4437-a7c9-5ed8de6d6f44 None admin] PATH_INFO: `/v3/users/1c42f6f8bc0d4f0684f9f3590d7f4849` {{(pid=67637) log_request_info /opt/stack/keystone/keystone/server/flask/request_processing/req_logging.py:28}}
Apr 30 13:24:21 ubuntu devstack@keystone.service[67637]: DEBUG keystone.common.rbac_enforcer.enforcer [None req-f0ddce73-60ed-4437-a7c9-5ed8de6d6f44 None admin] RBAC: Authorizing `identity:get_user(user_id=1c42f6f8bc0d4f0684f9f3590d7f4849)` {{(pid=67637) enforce_call /opt/stack/keystone/keystone/common/rbac_enforcer/enforcer.py:494}}
Apr 30 13:24:21 ubuntu devstack@keystone.service[67637]: DEBUG keystone.common.rbac_enforcer.enforcer [None req-f0ddce73-60ed-4437-a7c9-5ed8de6d6f44 None admin] RBAC: Authorization granted {{(pid=67637) enforce_call /opt/stack/keystone/keystone/common/rbac_enforcer/enforcer.py:505}}
Apr 30 13:24:21 ubuntu devstack@keystone.service[67637]: [pid: 67637|app: 0|req: 16/33] 10.120.125.137 () {58 vars in 1245 bytes} [Thu Apr 30 13:24:21 2026] GET /identity/v3/users/1c42f6f8bc0d4f0684f9f3590d7f4849 => generated 248 bytes in 68 msecs (HTTP/1.1 200) 5 headers in 177 bytes (1 switches on core 0)
Apr 30 13:24:21 ubuntu devstack@keystone.service[67636]: DEBUG keystone.server.flask.request_processing.middleware.auth_context [None req-7cf0a2e5-7192-441c-bfba-51b48773f737 None admin] Authenticating user token {{(pid=67636) process_request /opt/stack/data/venv/lib/python3.12/site-packages/keystonemiddleware/auth_token/__init__.py:407}}
Apr 30 13:24:21 ubuntu devstack@keystone.service[67637]: DEBUG keystone.server.flask.request_processing.middleware.auth_context [None req-f0ddce73-60ed-4437-a7c9-5ed8de6d6f44 None admin] Authenticating user token {{(pid=67637) process_request /opt/stack/data/venv/lib/python3.12/site-packages/keystonemiddleware/auth_token/__init__.py:407}}
Apr 30 13:24:21 ubuntu devstack@keystone.service[67636]: DEBUG keystone.server.flask.request_processing.middleware.auth_context [None req-7cf0a2e5-7192-441c-bfba-51b48773f737 None admin] Validating token access rules against request {{(pid=67636) validate_allowed_request /opt/stack/data/venv/lib/python3.12/site-packages/keystonemiddleware/auth_token/__init__.py:545}}
Apr 30 13:24:21 ubuntu devstack@keystone.service[67637]: DEBUG keystone.server.flask.request_processing.middleware.auth_context [None req-f0ddce73-60ed-4437-a7c9-5ed8de6d6f44 None admin] Validating token access rules against request {{(pid=67637) validate_allowed_request /opt/stack/data/venv/lib/python3.12/site-packages/keystonemiddleware/auth_token/__init__.py:545}}
Apr 30 13:24:21 ubuntu devstack@keystone.service[67636]: DEBUG keystone.server.flask.request_processing.middleware.auth_context [None req-747645c3-9baa-434f-91b8-511d1d450e40 None admin] RBAC: auth_context: {'token': <TokenModel (audit_id=m081AQPfQTGFiS_kIRb4FA, audit_chain_id=['m081AQPfQTGFiS_kIRb4FA']) at 0x7bbd2584ede0>, 'domain_id': None, 'trust_id': None, 'trustor_id': None, 'trustee_id': None, 'domain_name': None, 'group_ids': [], 'user_id': '1c42f6f8bc0d4f0684f9f3590d7f4849', 'user_domain_id': 'default', 'system_scope': 'all', 'project_id': None, 'project_domain_id': None, 'roles': ['admin', 'manager', 'member', 'reader'], 'is_admin_project': True, 'service_user_id': None, 'service_user_domain_id': None, 'service_project_id': None, 'service_project_domain_id': None, 'service_roles': []} {{(pid=67636) fill_context /opt/stack/keystone/keystone/server/flask/request_processing/middleware/auth_context.py:509}}
Apr 30 13:24:21 ubuntu devstack@keystone.service[67636]: DEBUG keystone.server.flask.request_processing.req_logging [None req-747645c3-9baa-434f-91b8-511d1d450e40 None admin] REQUEST_METHOD: `GET` {{(pid=67636) log_request_info /opt/stack/keystone/keystone/server/flask/request_processing/req_logging.py:26}}
Apr 30 13:24:21 ubuntu devstack@keystone.service[67636]: DEBUG keystone.server.flask.request_processing.req_logging [None req-747645c3-9baa-434f-91b8-511d1d450e40 None admin] SCRIPT_NAME: `/identity` {{(pid=67636) log_request_info /opt/stack/keystone/keystone/server/flask/request_processing/req_logging.py:27}}
Apr 30 13:24:21 ubuntu devstack@keystone.service[67636]: DEBUG keystone.server.flask.request_processing.req_logging [None req-747645c3-9baa-434f-91b8-511d1d450e40 None admin] PATH_INFO: `/v3/domains/Default` {{(pid=67636) log_request_info /opt/stack/keystone/keystone/server/flask/request_processing/req_logging.py:28}}
Apr 30 13:24:21 ubuntu devstack@keystone.service[67637]: DEBUG keystone.server.flask.request_processing.middleware.auth_context [None req-45aa4810-37d8-443a-b7db-82ca2a6f14a1 None admin] RBAC: auth_context: {'token': <TokenModel (audit_id=BXoG4fS-QMW1TP7KbEaI-Q, audit_chain_id=['BXoG4fS-QMW1TP7KbEaI-Q']) at 0x7bbd252aec90>, 'domain_id': None, 'trust_id': None, 'trustor_id': None, 'trustee_id': None, 'domain_name': None, 'group_ids': [], 'user_id': '1c42f6f8bc0d4f0684f9f3590d7f4849', 'user_domain_id': 'default', 'system_scope': 'all', 'project_id': None, 'project_domain_id': None, 'roles': ['admin', 'manager', 'member', 'reader'], 'is_admin_project': True, 'service_user_id': None, 'service_user_domain_id': None, 'service_project_id': None, 'service_project_domain_id': None, 'service_roles': []} {{(pid=67637) fill_context /opt/stack/keystone/keystone/server/flask/request_processing/middleware/auth_context.py:509}}
Apr 30 13:24:21 ubuntu devstack@keystone.service[67637]: DEBUG keystone.server.flask.request_processing.req_logging [None req-45aa4810-37d8-443a-b7db-82ca2a6f14a1 None admin] REQUEST_METHOD: `GET` {{(pid=67637) log_request_info /opt/stack/keystone/keystone/server/flask/request_processing/req_logging.py:26}}
Apr 30 13:24:21 ubuntu devstack@keystone.service[67637]: DEBUG keystone.server.flask.request_processing.req_logging [None req-45aa4810-37d8-443a-b7db-82ca2a6f14a1 None admin] SCRIPT_NAME: `/identity` {{(pid=67637) log_request_info /opt/stack/keystone/keystone/server/flask/request_processing/req_logging.py:27}}
Apr 30 13:24:21 ubuntu devstack@keystone.service[67637]: DEBUG keystone.server.flask.request_processing.req_logging [None req-45aa4810-37d8-443a-b7db-82ca2a6f14a1 None admin] PATH_INFO: `/v3/domains/default` {{(pid=67637) log_request_info /opt/stack/keystone/keystone/server/flask/request_processing/req_logging.py:28}}
Apr 30 13:24:21 ubuntu devstack@keystone.service[67637]: DEBUG keystone.common.rbac_enforcer.enforcer [None req-45aa4810-37d8-443a-b7db-82ca2a6f14a1 None admin] RBAC: Authorizing `identity:get_domain(domain_id=default)` {{(pid=67637) enforce_call /opt/stack/keystone/keystone/common/rbac_enforcer/enforcer.py:494}}
Apr 30 13:24:21 ubuntu devstack@keystone.service[67637]: DEBUG keystone.common.rbac_enforcer.enforcer [None req-45aa4810-37d8-443a-b7db-82ca2a6f14a1 None admin] RBAC: Authorization granted {{(pid=67637) enforce_call /opt/stack/keystone/keystone/common/rbac_enforcer/enforcer.py:505}}
Apr 30 13:24:21 ubuntu devstack@keystone.service[67636]: DEBUG keystone.common.rbac_enforcer.enforcer [None req-747645c3-9baa-434f-91b8-511d1d450e40 None admin] RBAC: Authorizing `identity:get_domain(domain_id=Default)` {{(pid=67636) enforce_call /opt/stack/keystone/keystone/common/rbac_enforcer/enforcer.py:494}}
Apr 30 13:24:21 ubuntu devstack@keystone.service[67636]: DEBUG keystone.common.rbac_enforcer.enforcer [None req-747645c3-9baa-434f-91b8-511d1d450e40 None admin] RBAC: Authorization granted {{(pid=67636) enforce_call /opt/stack/keystone/keystone/common/rbac_enforcer/enforcer.py:505}}
Apr 30 13:24:21 ubuntu devstack@keystone.service[67637]: [pid: 67637|app: 0|req: 17/34] 10.120.125.137 () {58 vars in 1176 bytes} [Thu Apr 30 13:24:21 2026] GET /identity/v3/domains/default => generated 200 bytes in 61 msecs (HTTP/1.1 200) 5 headers in 177 bytes (1 switches on core 0)
Apr 30 13:24:21 ubuntu devstack@keystone.service[67637]: DEBUG keystone.server.flask.request_processing.middleware.auth_context [None req-45aa4810-37d8-443a-b7db-82ca2a6f14a1 None admin] Authenticating user token {{(pid=67637) process_request /opt/stack/data/venv/lib/python3.12/site-packages/keystonemiddleware/auth_token/__init__.py:407}}
Apr 30 13:24:21 ubuntu devstack@keystone.service[67636]: DEBUG keystone.server.flask.application [None req-747645c3-9baa-434f-91b8-511d1d450e40 None admin] Could not find domain: Default. {{(pid=67636) _handle_keystone_exception /opt/stack/keystone/keystone/server/flask/application.py:146}}
Apr 30 13:24:21 ubuntu devstack@keystone.service[67636]: [pid: 67636|app: 0|req: 18/35] 10.120.125.137 () {58 vars in 1176 bytes} [Thu Apr 30 13:24:21 2026] GET /identity/v3/domains/Default => generated 87 bytes in 92 msecs (HTTP/1.1 404) 5 headers in 183 bytes (1 switches on core 0)
Apr 30 13:24:21 ubuntu devstack@keystone.service[67636]: DEBUG keystone.server.flask.request_processing.req_logging [None req-ff9860b8-bb02-4cfa-a37d-fbe421f809c8 None None] REQUEST_METHOD: `GET` {{(pid=67636) log_request_info /opt/stack/keystone/keystone/server/flask/request_processing/req_logging.py:26}}
Apr 30 13:24:21 ubuntu devstack@keystone.service[67636]: DEBUG keystone.server.flask.request_processing.req_logging [None req-ff9860b8-bb02-4cfa-a37d-fbe421f809c8 None None] SCRIPT_NAME: `/identity` {{(pid=67636) log_request_info /opt/stack/keystone/keystone/server/flask/request_processing/req_logging.py:27}}
Apr 30 13:24:21 ubuntu devstack@keystone.service[67636]: DEBUG keystone.server.flask.request_processing.req_logging [None req-ff9860b8-bb02-4cfa-a37d-fbe421f809c8 None None] PATH_INFO: `/` {{(pid=67636) log_request_info /opt/stack/keystone/keystone/server/flask/request_processing/req_logging.py:28}}
Apr 30 13:24:21 ubuntu devstack@keystone.service[67636]: [pid: 67636|app: 0|req: 19/36] 10.120.125.137 () {56 vars in 951 bytes} [Thu Apr 30 13:24:21 2026] GET /identity => generated 271 bytes in 1 msecs (HTTP/1.1 300) 6 headers in 235 bytes (1 switches on core 0)
Apr 30 13:24:21 ubuntu devstack@keystone.service[67636]: DEBUG keystone.server.flask.request_processing.req_logging [None req-31792a21-c0a1-4762-870c-b6859ed5ce73 None None] REQUEST_METHOD: `GET` {{(pid=67636) log_request_info /opt/stack/keystone/keystone/server/flask/request_processing/req_logging.py:26}}
Apr 30 13:24:21 ubuntu devstack@keystone.service[67636]: DEBUG keystone.server.flask.request_processing.req_logging [None req-31792a21-c0a1-4762-870c-b6859ed5ce73 None None] SCRIPT_NAME: `/identity` {{(pid=67636) log_request_info /opt/stack/keystone/keystone/server/flask/request_processing/req_logging.py:27}}
Apr 30 13:24:21 ubuntu devstack@keystone.service[67636]: DEBUG keystone.server.flask.request_processing.req_logging [None req-31792a21-c0a1-4762-870c-b6859ed5ce73 None None] PATH_INFO: `/` {{(pid=67636) log_request_info /opt/stack/keystone/keystone/server/flask/request_processing/req_logging.py:28}}
Apr 30 13:24:21 ubuntu devstack@keystone.service[67636]: [pid: 67636|app: 0|req: 20/37] 10.120.125.137 () {56 vars in 951 bytes} [Thu Apr 30 13:24:21 2026] GET /identity => generated 271 bytes in 1 msecs (HTTP/1.1 300) 6 headers in 235 bytes (1 switches on core 0)
Apr 30 13:24:21 ubuntu devstack@keystone.service[67637]: DEBUG keystone.server.flask.request_processing.middleware.auth_context [None req-45aa4810-37d8-443a-b7db-82ca2a6f14a1 None admin] Validating token access rules against request {{(pid=67637) validate_allowed_request /opt/stack/data/venv/lib/python3.12/site-packages/keystonemiddleware/auth_token/__init__.py:545}}
Apr 30 13:24:21 ubuntu devstack@keystone.service[67636]: DEBUG keystone.server.flask.request_processing.middleware.auth_context [None req-31792a21-c0a1-4762-870c-b6859ed5ce73 None None] Authenticating user token {{(pid=67636) process_request /opt/stack/data/venv/lib/python3.12/site-packages/keystonemiddleware/auth_token/__init__.py:407}}
Apr 30 13:24:21 ubuntu devstack@keystone.service[67637]: DEBUG keystone.server.flask.request_processing.middleware.auth_context [None req-463d3294-fa46-4175-97d3-2ad1587fe405 None admin] RBAC: auth_context: {'token': <TokenModel (audit_id=CU4HSYzDSZuXFl9i0Ygtbw, audit_chain_id=['CU4HSYzDSZuXFl9i0Ygtbw']) at 0x7bbd2547d3a0>, 'domain_id': None, 'trust_id': None, 'trustor_id': None, 'trustee_id': None, 'domain_name': None, 'group_ids': [], 'user_id': '1c42f6f8bc0d4f0684f9f3590d7f4849', 'user_domain_id': 'default', 'system_scope': 'all', 'project_id': None, 'project_domain_id': None, 'roles': ['admin', 'manager', 'member', 'reader'], 'is_admin_project': True, 'service_user_id': None, 'service_user_domain_id': None, 'service_project_id': None, 'service_project_domain_id': None, 'service_roles': []} {{(pid=67637) fill_context /opt/stack/keystone/keystone/server/flask/request_processing/middleware/auth_context.py:509}}
Apr 30 13:24:21 ubuntu devstack@keystone.service[67637]: DEBUG keystone.server.flask.request_processing.req_logging [None req-463d3294-fa46-4175-97d3-2ad1587fe405 None admin] REQUEST_METHOD: `POST` {{(pid=67637) log_request_info /opt/stack/keystone/keystone/server/flask/request_processing/req_logging.py:26}}
Apr 30 13:24:21 ubuntu devstack@keystone.service[67637]: DEBUG keystone.server.flask.request_processing.req_logging [None req-463d3294-fa46-4175-97d3-2ad1587fe405 None admin] SCRIPT_NAME: `/identity` {{(pid=67637) log_request_info /opt/stack/keystone/keystone/server/flask/request_processing/req_logging.py:27}}
Apr 30 13:24:21 ubuntu devstack@keystone.service[67637]: DEBUG keystone.server.flask.request_processing.req_logging [None req-463d3294-fa46-4175-97d3-2ad1587fe405 None admin] PATH_INFO: `/v3/roles` {{(pid=67637) log_request_info /opt/stack/keystone/keystone/server/flask/request_processing/req_logging.py:28}}
Apr 30 13:24:21 ubuntu devstack@keystone.service[67637]: DEBUG keystone.common.rbac_enforcer.enforcer [None req-463d3294-fa46-4175-97d3-2ad1587fe405 None admin] RBAC: Authorizing `identity:create_role()` {{(pid=67637) enforce_call /opt/stack/keystone/keystone/common/rbac_enforcer/enforcer.py:494}}
Apr 30 13:24:21 ubuntu devstack@keystone.service[67637]: DEBUG keystone.common.rbac_enforcer.enforcer [None req-463d3294-fa46-4175-97d3-2ad1587fe405 None admin] RBAC: Authorization granted {{(pid=67637) enforce_call /opt/stack/keystone/keystone/common/rbac_enforcer/enforcer.py:505}}
Apr 30 13:24:21 ubuntu devstack@keystone.service[67637]: DEBUG keystone.common.sql.core [None req-463d3294-fa46-4175-97d3-2ad1587fe405 None admin] Conflict role: (pymysql.err.IntegrityError) (1062, "Duplicate entry 'service-<<null>>' for key 'role.ixu_role_name_domain_id'")
Apr 30 13:24:21 ubuntu devstack@keystone.service[67637]: [SQL: INSERT INTO `role` (id, name, description, extra) VALUES (%(id)s, %(name)s, %(description)s, %(extra)s)]
Apr 30 13:24:21 ubuntu devstack@keystone.service[67637]: [parameters: {'id': 'abd438ad039c45168c11e65a38727266', 'name': 'service', 'description': None, 'extra': '{}'}]
Apr 30 13:24:21 ubuntu devstack@keystone.service[67637]: (Background on this error at: https://sqlalche.me/e/20/gkpj) {{(pid=67637) wrapper /opt/stack/keystone/keystone/common/sql/core.py:580}}
Apr 30 13:24:21 ubuntu devstack@keystone.service[67637]: ERROR keystone.server.flask.application [None req-463d3294-fa46-4175-97d3-2ad1587fe405 None admin] Conflict occurred attempting to store role - Duplicate entry found with name service.: keystone.exception.Conflict: Conflict occurred attempting to store role - Duplicate entry found with name service.
Apr 30 13:24:21 ubuntu devstack@keystone.service[67637]: ERROR keystone.server.flask.application Traceback (most recent call last):
Apr 30 13:24:21 ubuntu devstack@keystone.service[67637]: ERROR keystone.server.flask.application   File "/opt/stack/data/venv/lib/python3.12/site-packages/sqlalchemy/engine/base.py", line 1967, in _exec_single_context
Apr 30 13:24:21 ubuntu devstack@keystone.service[67637]: ERROR keystone.server.flask.application     self.dialect.do_execute(
Apr 30 13:24:21 ubuntu devstack@keystone.service[67637]: ERROR keystone.server.flask.application   File "/opt/stack/data/venv/lib/python3.12/site-packages/sqlalchemy/engine/default.py", line 952, in do_execute
Apr 30 13:24:21 ubuntu devstack@keystone.service[67637]: ERROR keystone.server.flask.application     cursor.execute(statement, parameters)
Apr 30 13:24:21 ubuntu devstack@keystone.service[67637]: ERROR keystone.server.flask.application   File "/opt/stack/data/venv/lib/python3.12/site-packages/pymysql/cursors.py", line 153, in execute
Apr 30 13:24:21 ubuntu devstack@keystone.service[67637]: ERROR keystone.server.flask.application     result = self._query(query)
Apr 30 13:24:21 ubuntu devstack@keystone.service[67637]: ERROR keystone.server.flask.application              ^^^^^^^^^^^^^^^^^^
Apr 30 13:24:21 ubuntu devstack@keystone.service[67637]: ERROR keystone.server.flask.application   File "/opt/stack/data/venv/lib/python3.12/site-packages/pymysql/cursors.py", line 322, in _query
Apr 30 13:24:21 ubuntu devstack@keystone.service[67637]: ERROR keystone.server.flask.application     conn.query(q)
Apr 30 13:24:21 ubuntu devstack@keystone.service[67637]: ERROR keystone.server.flask.application   File "/opt/stack/data/venv/lib/python3.12/site-packages/pymysql/connections.py", line 575, in query
Apr 30 13:24:21 ubuntu devstack@keystone.service[67637]: ERROR keystone.server.flask.application     self._affected_rows = self._read_query_result(unbuffered=unbuffered)
Apr 30 13:24:21 ubuntu devstack@keystone.service[67637]: ERROR keystone.server.flask.application                           ^^^^^^^^^^^^^^^^^^^^^^^^^^^^^^^^^^^^^^^^^^^^^^
Apr 30 13:24:21 ubuntu devstack@keystone.service[67637]: ERROR keystone.server.flask.application   File "/opt/stack/data/venv/lib/python3.12/site-packages/pymysql/connections.py", line 826, in _read_query_result
Apr 30 13:24:21 ubuntu devstack@keystone.service[67637]: ERROR keystone.server.flask.application     result.read()
Apr 30 13:24:21 ubuntu devstack@keystone.service[67637]: ERROR keystone.server.flask.application   File "/opt/stack/data/venv/lib/python3.12/site-packages/pymysql/connections.py", line 1203, in read
Apr 30 13:24:21 ubuntu devstack@keystone.service[67637]: ERROR keystone.server.flask.application     first_packet = self.connection._read_packet()
Apr 30 13:24:21 ubuntu devstack@keystone.service[67637]: ERROR keystone.server.flask.application                    ^^^^^^^^^^^^^^^^^^^^^^^^^^^^^^
Apr 30 13:24:21 ubuntu devstack@keystone.service[67637]: ERROR keystone.server.flask.application   File "/opt/stack/data/venv/lib/python3.12/site-packages/pymysql/connections.py", line 782, in _read_packet
Apr 30 13:24:21 ubuntu devstack@keystone.service[67637]: ERROR keystone.server.flask.application     packet.raise_for_error()
Apr 30 13:24:21 ubuntu devstack@keystone.service[67637]: ERROR keystone.server.flask.application   File "/opt/stack/data/venv/lib/python3.12/site-packages/pymysql/protocol.py", line 219, in raise_for_error
Apr 30 13:24:21 ubuntu devstack@keystone.service[67637]: ERROR keystone.server.flask.application     err.raise_mysql_exception(self._data)
Apr 30 13:24:21 ubuntu devstack@keystone.service[67637]: ERROR keystone.server.flask.application   File "/opt/stack/data/venv/lib/python3.12/site-packages/pymysql/err.py", line 150, in raise_mysql_exception
Apr 30 13:24:21 ubuntu devstack@keystone.service[67637]: ERROR keystone.server.flask.application     raise errorclass(errno, errval)
Apr 30 13:24:21 ubuntu devstack@keystone.service[67637]: ERROR keystone.server.flask.application pymysql.err.IntegrityError: (1062, "Duplicate entry 'service-<<null>>' for key 'role.ixu_role_name_domain_id'")
Apr 30 13:24:21 ubuntu devstack@keystone.service[67637]: ERROR keystone.server.flask.application 
Apr 30 13:24:21 ubuntu devstack@keystone.service[67637]: ERROR keystone.server.flask.application The above exception was the direct cause of the following exception:
Apr 30 13:24:21 ubuntu devstack@keystone.service[67637]: ERROR keystone.server.flask.application 
Apr 30 13:24:21 ubuntu devstack@keystone.service[67637]: ERROR keystone.server.flask.application Traceback (most recent call last):
Apr 30 13:24:21 ubuntu devstack@keystone.service[67637]: ERROR keystone.server.flask.application   File "/opt/stack/keystone/keystone/common/sql/core.py", line 575, in wrapper
Apr 30 13:24:21 ubuntu devstack@keystone.service[67637]: ERROR keystone.server.flask.application     return method(*args, **kwargs)
Apr 30 13:24:21 ubuntu devstack@keystone.service[67637]: ERROR keystone.server.flask.application            ^^^^^^^^^^^^^^^^^^^^^^^
Apr 30 13:24:21 ubuntu devstack@keystone.service[67637]: ERROR keystone.server.flask.application   File "/opt/stack/keystone/keystone/assignment/role_backends/sql.py", line 25, in create_role
Apr 30 13:24:21 ubuntu devstack@keystone.service[67637]: ERROR keystone.server.flask.application     with sql.session_for_write() as session:
