"pcp-dstat 6.2.0 CSV Output"
"Author:","PCP team <pcp@groups.io> and Dag Wieers <dag@wieers.com>",,,,"URL:","https://pcp.io/ and http://dag.wieers.com/home-made/dstat/"
"Host:","ubuntu",,,,"User:","ubuntu"
"Cmdline:","dstat -tcmndrylpg --tcp --output /tmp/devstack_logs/dstat-csv.log",,,,"Date:","25 Jun 2026 21:35:24 UTC"
"system","total usage",,,,,"memory usage",,,,"net/total",,"dsk/total",,"io/total",,"system",,"load avg",,,"procs",,,"paging",,"tcp sockets",,,,
"time","total usage:usr","total usage:sys","total usage:idl","total usage:wai","total usage:stl","used","free","buf","cach","net/total:recv","net/total:send","dsk/total:read","dsk/total:writ","read","writ","int","csw","1m","5m","15m","run","blk","new","in","out","lis","act","syn","tim","clo"
25-06 21:35:24,,1012128,1411356,167124,5217296,,,,,,,1.140,0.920,0.520,1,0,,,,10,5,0,17,0
25-06 21:35:25,20.232,20.732,56.701,0.749,0,1007708,1415232,167304,5217552,43681.995,14884.050,0,2038.227,0,65.943,5626,4186,1.140,0.920,0.520,2,0,364.683,0,0,10,6,0,17,0
25-06 21:35:26,23.921,21.928,52.078,0.498,0,1019060,1402940,167484,5218144,25790.976,14298.861,0,1885.783,0,55.816,5456,3918,1.140,0.920,0.520,2,0,333.899,0,0,10,6,0,17,0
25-06 21:35:27,25.585,19.565,53.176,0.752,0,1011320,1409952,167668,5218548,45926.825,14550.100,0,2026.700,0,62.206,5418,5040,1.140,0.920,0.520,3,0,264.876,0,0,10,5,0,17,1
25-06 21:35:28,33.773,16.762,48.283,0.500,0,1031904,1371516,167860,5274564,191413.575,15793.939,0,5403.743,0,80.055,6175,7778,1.130,0.920,0.520,2,0,187.130,0,0,11,5,0,17,1
25-06 21:35:29,25.240,6.997,66.474,0.500,0,1120896,1263520,168756,5375876,5211.961,1589.378,0,1615.368,0,68.973,3137,2636,1.130,0.920,0.520,3,0,62.975,0,0,11,6,0,17,2
25-06 21:35:30,39.251,11.500,47.752,0.250,0,1143832,1222360,169248,5391696,4200.141,1620.054,0,1480.050,0,40.001,4000,2355,1.130,0.920,0.520,4,0,108.004,0,0,11,6,0,17,2
25-06 21:35:31,36.502,12.001,47.502,1.000,0,1188444,1153840,170020,5412608,4997.219,1620.071,32.001,4208.184,2.000,129.006,4396,3387,1.130,0.920,0.520,3,0,113.005,0,0,11,6,0,19,2
25-06 21:35:32,43.134,5.984,48.869,0.499,0,1238864,1085292,171108,5426720,4966.671,1615.664,0,3406.857,0,72.805,3081,2002,1.130,0.920,0.520,2,0,0,0,0,11,6,0,19,2
25-06 21:35:33,39.102,5.765,47.625,5.013,0,1266940,1023732,172628,5456024,5113.388,1624.253,0,28566.797,0,1544.043,6263,9151,1.280,0.960,0.530,1,1,10.026,0,0,11,8,0,19,2
25-06 21:35:34,32.385,8.470,43.346,12.954,0,1300332,998260,173584,5446880,5474.501,2092.547,0,39822.162,0,3484.589,14674,26925,1.280,0.960,0.530,5,0,87.688,0,0,11,6,0,19,0
25-06 21:35:35,36.631,10.036,50.933,1.505,0,1277492,1014344,173820,5452588,11846.462,4643.644,0,23994.002,0,1388.979,6710,9555,1.280,0.960,0.530,2,0,96.345,0,0,11,4,0,19,0
25-06 21:35:36,44.242,7.998,45.491,0.250,0,1333332,956360,173860,5454320,5475.956,1619.691,0,1007.808,0,33.994,10561,17950,1.280,0.960,0.530,2,0,13.997,0,0,11,4,0,19,0
25-06 21:35:37,44.001,9.250,45.001,0.250,0,1236892,1052524,173892,5454480,5446.085,1566.024,0,9176.143,0,410.006,11166,18330,1.280,0.960,0.530,2,0,23.000,0,0,11,4,0,19,0
25-06 21:35:38,42.365,8.224,48.595,0.249,0,1224680,1072856,173920,5447156,5083.798,1614.854,0,885.179,0,25.917,3078,1685,1.340,0.970,0.540,2,0,12.959,0,0,11,4,0,19,0
25-06 21:35:39,42.064,5.759,52.330,0,0,1211248,1086320,173920,5447160,5290.100,1622.484,0,12.018,0,3.005,3125,1688,1.340,0.970,0.540,1,0,75.115,0,0,11,4,0,19,0
25-06 21:35:40,8.506,20.015,69.301,0,0,1187976,1109548,173920,5447192,5103.724,1663.214,0,12.009,0,3.002,5277,3643,1.340,0.970,0.540,1,0,304.222,0,0,11,4,0,19,0
25-06 21:35:41,9.258,21.518,68.308,0,0,1143632,1153736,173920,5447344,4941.169,1621.368,0,32.027,0,8.007,5441,3805,1.340,0.970,0.540,1,0,317.268,0,0,11,4,0,19,0
25-06 21:35:42,17.985,16.237,64.198,0,0,1141212,1156104,173920,5447360,4947.963,1510.767,0,11.990,0,2.998,5524,7288,1.340,0.970,0.540,1,0,182.851,0,0,11,4,0,19,0
25-06 21:35:43,46.922,15.724,36.689,0,0,1227084,1070192,173920,5447840,4628.332,1563.410,0,0,0,0,4276,13243,1.390,0.990,0.550,2,0,158.737,0,0,11,5,0,20,0
25-06 21:35:44,46.715,5.246,47.464,0.250,0,1271360,1025464,173920,5448292,4574.578,1456.910,0,16823.414,0,130.902,3052,1633,1.390,0.990,0.550,4,0,0,0,0,11,5,0,20,0
25-06 21:35:45,40.644,10.537,47.920,0,0,1288376,1005956,173928,5450696,4515.994,1625.758,0,1999.080,0,109.387,3452,4189,1.390,0.990,0.550,3,0,16.057,0,0,11,4,0,21,0
25-06 21:35:46,3.489,8.224,86.224,0,0,1293144,1001176,173928,5450708,4998.982,1453.343,0,386.761,0,3.987,2440,1918,1.390,0.990,0.550,0,0,101.674,0,0,11,4,0,16,0
25-06 21:35:47,20.003,5.751,73.011,0,0.250,1356684,937636,173932,5450712,4862.761,1620.254,0,0,0,0,2100,1688,1.390,0.990,0.550,1,0,22.003,0,0,11,4,0,16,0
25-06 21:35:48,21.743,3.499,73.726,0,0,1383532,910788,173932,5450712,5098.354,1661.464,0,7.997,0,1.999,1732,1275,1.360,0.990,0.550,1,0,0,0,0,11,4,0,16,0
25-06 21:35:49,23.755,3.501,70.515,1.250,0,1399608,894432,173964,5450956,4098.882,1458.314,0,22788.902,0,330.071,3777,5125,1.360,0.990,0.550,1,0,1.000,0,0,11,10,0,16,0
25-06 21:35:50,20.003,6.001,72.762,0,0,1372220,921812,173964,5450964,4578.756,1458.241,0,2264.374,0,50.008,2317,1650,1.360,0.990,0.550,1,0,42.007,0,0,11,4,0,16,0
25-06 21:35:51,19.510,1.751,77.041,0,0.250,1402716,891044,173964,5451152,7108.758,4007.118,0,0,0,0,1696,1195,1.360,0.990,0.550,1,0,1.001,0,0,11,9,0,16,0
25-06 21:35:52,22.507,3.251,72.273,1.000,0,1399284,893804,174064,5451516,6486.037,3383.062,268.084,7090.227,66.021,238.075,3093,3509,1.360,0.990,0.550,1,0,3.001,0,0,11,29,0,16,0
25-06 21:35:53,18.233,5.495,74.931,0,0,1374320,918748,174064,5451532,8094.571,5301.135,0,0,0,0,2486,1895,1.330,0.990,0.550,1,0,42.961,0,0,11,28,0,17,0
25-06 21:35:54,18.505,3.501,76.770,0,0,1391436,901620,174064,5451536,9115.343,5767.483,0,19360.977,0,150.039,1963,1690,1.330,0.990,0.550,1,0,0,0,0,11,29,0,17,0
25-06 21:35:55,18.789,10.522,69.645,0,0,1368728,924308,174064,5451556,7392.400,4293.945,0,613.278,0,10.021,3382,2457,1.330,0.990,0.550,2,0,149.311,0,0,11,28,0,18,0
25-06 21:35:56,43.454,7.242,49.198,0,0,1493036,799992,174064,5451564,5351.302,1618.277,0,71.923,0,3.996,2842,1424,1.330,0.990,0.550,2,0,6.993,0,0,11,28,0,18,0
25-06 21:35:57,32.221,4.246,62.194,0,0,1513068,779768,174064,5451756,20383.594,16273.305,0,67.939,0,5.995,4643,5351,1.330,0.990,0.550,2,0,0,0,0,11,30,0,18,0
25-06 21:35:58,43.880,23.068,31.844,0.501,0,1438140,854668,174064,5451784,9579.301,5607.567,0,124.367,0,22.065,6487,6810,1.630,1.060,0.580,6,0,449.327,0,0,11,28,0,19,0
25-06 21:35:59,81.252,17.250,0,0,0,1644848,647920,174064,5451820,4846.126,1636.043,0,7032.183,0,69.002,5079,3200,1.630,1.060,0.580,7,0,130.003,0,0,11,28,0,17,0
25-06 21:36:00,80.238,13.248,4.499,0,0,1814236,478484,174068,5451856,28158.808,25832.155,0,391.942,0,16.997,6474,5921,1.630,1.060,0.580,4,0,0,0,0,11,34,0,17,0
25-06 21:36:01,79.745,12.749,7.499,0,0,1696612,595896,174072,5452064,29396.983,23079.416,0,595.959,0,64.996,8518,12643,1.630,1.060,0.580,3,0,175.988,0,0,11,28,0,23,0
25-06 21:36:02,21.188,9.472,68.051,0,0.249,1516468,776000,174076,5452100,5085.135,1615.278,0,458.659,0,12.962,3187,2394,1.630,1.060,0.580,1,0,134.607,0,0,11,28,0,23,0
25-06 21:36:03,18.748,2.750,77.493,0,0,1516704,775760,174076,5452104,8660.265,5367.544,0,139.988,0,8.999,1928,1605,1.580,1.060,0.580,1,0,0,0,0,11,29,0,23,0
25-06 21:36:04,16.507,7.753,74.031,0.750,0,1487488,804940,174088,5452116,8371.516,4651.954,0,93619.317,0,963.405,3999,4673,1.580,1.060,0.580,1,0,68.029,0,0,11,28,0,24,0
25-06 21:36:05,18.991,3.498,76.714,0,0.250,1534816,757604,174088,5452120,6427.996,3558.337,0,1675.217,0,71.966,1704,1197,1.580,1.060,0.580,0,0,0,0,0,11,29,0,24,0
25-06 21:36:06,18.497,2.250,78.236,0,0,1515232,777232,174100,5452140,11054.045,6575.837,0,931.835,0,17.997,2957,3365,1.580,1.060,0.580,1,0,0,0,0,11,28,0,25,0
25-06 21:36:07,8.274,22.565,67.947,0,0,1469304,823148,174104,5452148,5822.840,1570.542,0,184.534,0,8.023,5367,3441,1.580,1.060,0.580,3,0,340.986,0,0,11,28,0,25,0
25-06 21:36:08,19.762,31.769,46.777,0,0,1429356,863076,174108,5452164,5255.086,1512.889,0,692.407,0,21.012,5770,4404,1.930,1.140,0.610,6,0,592.348,0,0,11,28,0,25,0
25-06 21:36:09,82.647,17.229,0.250,0,0.250,1642340,650064,174112,5452188,6087.435,3527.616,0,755.062,0,41.948,5057,2863,1.930,1.140,0.610,4,0,105.868,0,0,11,29,0,25,0
25-06 21:36:10,76.213,8.996,13.993,0,0,1737388,554832,174112,5452372,34925.033,31212.837,0,115.944,0,5.997,7779,9323,1.930,1.140,0.610,5,0,0,0,0,11,33,0,25,0
25-06 21:36:11,79.387,15.026,5.510,0.250,0,1652396,639724,174140,5452444,23609.814,18868.618,0,1662.875,0,195.338,8320,11562,1.930,1.140,0.610,5,0,148.256,0,0,11,28,0,26,0
25-06 21:36:12,81.250,18.750,0.250,0,0,1665608,626404,174148,5452540,6684.973,3634.986,0,199.999,0,14.000,5219,3254,1.930,1.140,0.610,5,0,162.999,0,0,11,29,0,26,0
25-06 21:36:13,82.068,11.440,5.720,0,0,1818236,473372,174148,5452888,30901.253,26519.331,0,147.225,0,8.953,7223,8301,2.260,1.220,0.640,8,0,0,0,0,11,33,0,26,0
25-06 21:36:14,74.799,10.542,14.056,0,0,1793712,497668,174152,5453112,40171.798,35586.444,0,309.238,0,24.096,10242,14860,2.260,1.220,0.640,6,0,100.402,0,0,11,30,0,30,0
25-06 21:36:15,51.797,14.513,33.280,0,0,1564712,726620,174156,5453140,6733.168,3382.098,0,292.268,0,24.022,4492,3648,2.260,1.220,0.640,3,0,204.187,0,0,11,28,0,26,0
25-06 21:36:16,36.496,4.749,57.494,0,0,1596164,695160,174156,5453148,13802.483,10199.879,0,147.984,0,6.999,3329,2473,2.260,1.220,0.640,2,0,0,0,0,11,30,0,26,0
25-06 21:36:17,38.515,17.507,42.517,0.250,0,1533076,758200,174164,5453188,15640.107,11468.478,0,1072.419,0,69.027,6474,7759,2.260,1.220,0.640,4,0,330.129,0,0,11,28,0,28,0
25-06 21:36:18,63.823,10.970,24.931,0,0,1607156,684100,174164,5453212,6810.096,3576.073,0,63.823,0,4.986,3698,1663,2.240,1.240,0.650,3,0,47.867,0,0,11,29,0,28,0
25-06 21:36:19,46.048,5.756,47.049,0,0,1625500,665556,174176,5453400,29914.346,25461.680,0,448.470,0,16.017,6377,8674,2.240,1.240,0.650,3,0,0,0,0,11,30,0,26,0
25-06 21:36:20,69.116,21.787,9.266,0,0,1530712,760308,174176,5453436,7673.917,4001.736,0,368.620,0,36.061,5860,4826,2.240,1.240,0.650,5,0,258.435,0,0,11,28,0,26,0
25-06 21:36:21,71.099,9.729,17.962,0,0,1666472,624524,174184,5453452,20998.498,17355.219,0,199.577,0,14.968,5236,3841,2.240,1.240,0.650,5,0,0.998,0,0,11,32,0,26,0
25-06 21:36:22,66.616,9.266,24.292,0,0,1649108,641676,174188,5453656,30837.518,26435.879,0,312.542,0,35.061,9614,13497,2.240,1.240,0.650,6,0,152.264,0,0,11,28,0,29,0
25-06 21:36:23,65.008,16.252,17.752,0,0,1576652,714108,174192,5453676,5012.594,1512.179,0,260.031,0,23.003,4225,2596,2.300,1.260,0.660,4,0,172.020,0,0,11,28,0,29,0
25-06 21:36:24,49.506,6.501,42.756,0,0,1607272,683428,174204,5453724,22703.959,19693.566,0,3412.445,0,197.026,5884,6821,2.300,1.260,0.660,1,0,0,0,0,11,31,0,29,0
25-06 21:36:25,51.498,19.499,28.249,0.250,0,1490936,799592,174216,5453884,16862.400,12357.561,0,699.975,0,42.998,7188,8185,2.300,1.260,0.660,3,0,298.989,0,0,11,28,0,31,0
25-06 21:36:26,57.322,8.224,33.396,0,0,1608972,681488,174216,5453912,10123.479,7340.145,0,2320.774,0,93.708,3574,1573,2.300,1.260,0.660,1,0,0,0,0,11,31,0,31,0
25-06 21:36:27,54.044,7.006,38.782,0.250,0,1516384,773732,174216,5454252,28781.633,22774.700,0,688.565,0,45.037,7687,9968,2.300,1.260,0.660,6,0,34.028,0,0,11,28,0,34,0
25-06 21:36:28,63.622,17.033,19.036,0,0,1579816,710284,174216,5454268,6284.016,1514.897,0,172.330,0,12.023,4205,2514,2.350,1.290,0.670,3,0,253.485,0,0,11,28,0,34,0
25-06 21:36:29,50.632,5.737,42.900,0,0,1625760,664180,174220,5454424,22659.127,18155.635,0,107.749,0,5.986,5311,5247,2.350,1.290,0.670,2,0,0,0,0,11,31,0,34,0
25-06 21:36:30,55.891,11.780,31.329,0,0,1483280,806588,174232,5454480,15234.469,10505.528,0,429.083,0,38.096,6686,6973,2.350,1.290,0.670,3,0,112.284,0,0,11,28,0,36,0
25-06 21:36:31,55.608,6.733,36.407,0.249,0,1566556,723292,174240,5454492,14550.723,11322.992,0,147.622,0,8.977,3822,2224,2.350,1.290,0.670,2,0,0.997,0,0,11,31,0,34,0
25-06 21:36:32,53.320,9.763,36.798,0.250,0.250,1514480,775312,174252,5454536,21623.282,17275.596,0,1081.414,0,84.110,6810,8831,2.350,1.290,0.670,4,0,106.139,0,0,11,28,0,36,0
25-06 21:36:33,72.120,26.795,0.501,0,0.250,1571760,717976,174256,5454584,4645.739,1460.433,0,56.093,0,14.023,5429,4469,2.730,1.390,0.710,8,0,517.863,0,0,11,28,0,36,0
25-06 21:36:34,79.439,20.484,0.250,0,0,1763180,526520,174256,5454620,14171.079,11127.424,0,0,0,0,6022,5061,2.730,1.390,0.710,8,0,321.752,0,0,11,31,0,36,0
25-06 21:36:35,75.482,20.926,2.989,0,0,1807204,482276,174256,5454836,44624.549,39991.002,0,609.835,0,44.841,8731,10948,2.730,1.390,0.710,7,0,372.677,0,0,11,31,0,37,0
25-06 21:36:36,73.315,25.359,1.758,0,0,1638924,650324,174264,5455052,20888.805,17003.100,0,470.021,0,39.168,7086,7865,2.730,1.390,0.710,7,0,508.185,0,0,11,28,0,37,0
25-06 21:36:37,84.010,14.252,2.000,0,0,1683448,605744,174264,5455104,8800.014,5937.684,0,0,0,0,4865,2281,2.730,1.390,0.710,5,0,30.003,0,0,11,30,0,37,0
25-06 21:36:38,72.420,8.740,17.980,0,0,1740488,548504,174264,5455300,42363.045,37706.207,0,0,0,0,8636,12266,2.750,1.420,0.720,5,0,0,0,0,11,32,0,38,0
25-06 21:36:39,53.748,25.249,19.999,0,0,1555736,733168,174264,5455380,22489.361,17776.495,0,1047.970,0,6.000,7888,10241,2.750,1.420,0.720,1,0,567.984,0,0,11,28,0,42,0
25-06 21:36:40,15.955,30.913,52.103,0,0,1526624,762256,174264,5455404,4952.016,1561.590,0,957.297,0,30.913,5998,4651,2.750,1.420,0.720,5,0,575.375,0,0,11,28,0,42,0
25-06 21:36:41,70.974,24.828,3.762,0,0,1590276,698576,174264,5455432,6753.322,3843.134,0,104.329,0,6.019,5098,3601,2.750,1.420,0.720,3,0,459.451,0,0,11,29,0,42,0
25-06 21:36:42,66.240,8.249,24.996,0.250,0,1658688,629972,174284,5455624,28128.881,24445.420,0,3191.533,0,176.974,6749,8078,2.750,1.420,0.720,4,0,0,0,0,11,31,0,43,0
25-06 21:36:43,72.516,18.254,8.502,0,0,1562852,725760,174300,5455536,13501.001,9354.079,0,556.124,0,57.013,6799,17786,2.750,1.420,0.720,5,0,237.053,0,0,11,28,0,47,0
25-06 21:36:44,78.511,13.002,8.251,0,0,1650540,638044,174304,5455680,11378.558,7882.079,0,148.020,0,7.001,4793,2423,2.850,1.460,0.740,5,0,67.009,0,0,11,30,0,46,0
25-06 21:36:45,61.783,7.004,30.767,0,0,1666948,621396,174312,5455904,37176.065,33574.121,0,144.078,0,7.004,8834,13570,2.850,1.460,0.740,4,0,0,0,0,11,32,0,46,0
25-06 21:36:46,55.654,6.489,35.189,0.250,0,1637348,650752,174328,5456128,34936.618,28808.210,0,343.406,0,31.945,11441,17057,2.850,1.460,0.740,5,0,29.948,0,0,11,30,0,46,0
25-06 21:36:47,79.120,15.023,5.759,0,0,1555016,733020,174340,5456176,12252.510,8380.661,0,356.539,0,38.057,6334,6307,2.850,1.460,0.740,5,0,90.136,0,0,11,28,0,46,0
25-06 21:36:48,70.475,9.961,18.677,0,0,1658748,629248,174340,5456216,23830.138,20919.480,0,151.410,0,10.957,5521,5126,2.850,1.460,0.740,3,0,0,0,0,11,32,0,45,0
25-06 21:36:49,55.965,7.027,35.637,0,0,1660276,627484,174340,5456444,37736.024,32585.229,0,140.540,0,8.031,11168,16387,2.780,1.470,0.740,3,0,0,0,0,11,31,0,46,0
25-06 21:36:50,64.461,13.492,20.488,0,0,1561644,725872,174340,5456648,32509.195,27675.140,0,287.825,0,12.992,9579,13519,2.780,1.470,0.740,4,0,165.899,0,0,11,28,0,48,1
25-06 21:36:51,78.812,15.512,5.254,0,0,1594880,692624,174344,5456656,8877.032,5438.308,0,152.121,0,8.006,4971,2742,2.780,1.470,0.740,4,0,97.077,0,0,11,29,0,49,0
25-06 21:36:52,66.648,8.986,24.962,0,0,1650428,636856,174348,5456864,32018.868,28638.056,0,211.675,0,20.968,7404,9952,2.780,1.470,0.740,5,0,0.998,0,0,11,34,0,47,0
25-06 21:36:53,67.851,12.769,18.027,0.250,0,1557304,729748,174360,5457080,28241.106,22952.221,0,372.555,0,39.058,9655,13117,2.780,1.470,0.740,4,0,99.148,0,0,11,32,0,49,0
25-06 21:36:54,81.422,11.739,6.494,0,0.250,1657288,629760,174360,5457084,10567.885,7380.935,0,107.897,0,8.991,4788,2296,2.880,1.510,0.760,3,0,29.971,0,0,11,34,0,49,0
25-06 21:36:55,64.016,11.003,24.756,0,0,1592756,694240,174364,5457128,23402.689,19381.712,0,492.120,0,41.010,6156,7013,2.880,1.510,0.760,4,0,71.017,0,0,11,34,0,51,0
25-06 21:36:56,72.224,11.246,15.744,0,0,1636556,650260,174364,5457308,27032.294,21893.139,0,183.934,0,8.997,7041,10784,2.880,1.510,0.760,4,0,48.982,0,0,11,33,0,50,0
25-06 21:36:57,65.967,14.743,18.741,0,0,1614940,671784,174364,5457392,26484.787,22756.647,0,3102.452,0,131.934,6201,8005,2.880,1.510,0.760,5,0,140.930,0,0,11,34,0,51,0
25-06 21:36:58,75.071,14.013,10.760,0,0,1576160,710536,174368,5457416,17669.829,13507.865,0,124.118,0,8.008,5021,4876,2.880,1.510,0.760,3,0,86.082,0,0,11,34,0,53,0
25-06 21:36:59,72.509,10.501,16.252,0,0,1666296,620212,174368,5457600,21566.657,17733.185,0,116.014,0,8.001,5951,6361,2.890,1.540,0.770,3,0,34.004,0,0,11,34,0,55,0
25-06 21:37:00,73.783,11.755,13.756,0.250,0,1714984,571352,174368,5457768,21477.726,17067.729,0,380.172,0,38.017,6343,7867,2.890,1.540,0.770,3,0,34.015,0,0,11,33,0,55,0
25-06 21:37:01,55.440,12.237,31.216,0,0,1583340,702948,174380,5457804,17984.451,13285.558,0,1670.184,0,189.794,4597,4212,2.890,1.540,0.770,4,0,140.847,0,0,11,33,0,57,0
25-06 21:37:02,57.549,13.395,28.526,0.496,0,1559964,726304,174380,5457824,10678.297,7017.989,0,257.978,0,19.844,4635,3220,2.890,1.540,0.770,3,0,119.067,0,0,11,33,0,58,0
25-06 21:37:03,50.195,10.089,39.601,0,0,1543560,742632,174380,5457896,21902.219,17065.328,0,209.861,0,17.152,5019,5994,2.890,1.540,0.770,6,0,96.859,0,0,11,34,0,59,0
25-06 21:37:04,57.252,9.750,31.501,0,0,1528140,757892,174380,5458056,17618.721,12926.529,0,184.008,0,9.000,4915,5592,2.980,1.580,0.790,4,0,43.002,0,0,11,32,0,54,0
25-06 21:37:05,57.243,9.499,32.246,0,0,1547136,738824,174388,5458112,12217.548,8361.006,0,183.978,0,13.998,4722,3575,2.980,1.580,0.790,3,0,42.995,0,0,11,33,0,54,0
25-06 21:37:06,43.079,8.217,47.312,0,0,1547032,738872,174388,5458164,25447.013,19252.596,0,231.083,0,11.953,5983,7191,2.980,1.580,0.790,2,0,85.660,0,0,11,34,0,55,0
25-06 21:37:07,31.718,11.738,55.943,0,0,1432680,853056,174400,5458320,14011.671,9246.544,0,367.624,0,32.966,6020,6291,2.980,1.580,0.790,3,0,134.862,0,0,11,32,0,57,0
25-06 21:37:08,40.783,6.505,52.292,0,0,1517860,767876,174400,5458320,7781.289,3534.857,0,148.120,0,10.008,2744,1371,2.980,1.580,0.790,1,0,0,0,0,11,33,0,56,0
25-06 21:37:09,35.044,3.755,59.825,0.250,0,1522624,762896,174412,5458520,19597.665,15993.129,0,712.897,0,49.062,4452,5750,2.820,1.570,0.790,1,0,0,0,0,11,33,0,57,0
25-06 21:37:10,37.448,12.732,48.183,0,0.250,1458940,826552,174412,5458544,5938.706,2654.293,0,1410.031,0,12.982,4236,3322,2.820,1.570,0.790,2,0,137.808,0,0,11,32,0,58,0
25-06 21:37:11,34.146,5.021,60.508,0.251,0,1530796,754688,174416,5458548,12245.256,9388.063,0,208.891,0,9.039,2461,1790,2.820,1.570,0.790,2,0,1.004,0,0,11,34,0,58,0
25-06 21:37:12,36.987,7.747,53.981,0,0,1530848,754580,174440,5458580,14829.689,10611.199,0,319.885,0,32.988,5082,5729,2.820,1.570,0.790,2,0,59.979,0,0,11,32,0,59,0
25-06 21:37:13,39.841,7.470,52.042,0.249,0,1519744,765644,174444,5458616,9189.229,6427.281,0,103.586,0,6.972,3210,2103,2.820,1.570,0.790,3,0,4.980,0,0,11,33,0,59,0
25-06 21:37:14,37.665,3.766,57.250,0,0,1536104,749252,174444,5458648,17627.093,14212.158,0,112.492,0,7.031,4951,5600,2.750,1.570,0.800,1,0,0,0,0,11,33,0,60,0
25-06 21:37:15,37.151,9.475,52.859,0,0,1441844,843468,174456,5458676,10290.473,6120.627,0,263.296,0,25.931,4277,4082,2.750,1.570,0.800,2,0,53.856,0,0,11,32,0,61,0
25-06 21:37:16,37.989,5.498,55.485,0,0,1493828,791356,174456,5458812,12344.563,9034.485,0,327.909,0,46.987,2980,2118,2.750,1.570,0.800,2,0,0,0,0,11,34,0,56,0
25-06 21:37:17,32.334,6.266,59.906,0,0,1467244,817888,174460,5458856,21439.712,16456.764,0,320.834,0,32.083,6186,7795,2.750,1.570,0.800,2,0,49.128,0,0,11,32,0,58,0
25-06 21:37:18,25.133,13.438,59.723,0.249,0,1468824,816244,174460,5458916,4929.137,1505.019,0,2460.587,0,132.386,3963,2865,2.750,1.570,0.800,1,0,231.924,0,0,11,32,0,58,0
25-06 21:37:19,19.594,2.512,78.123,0,0,1484080,800980,174464,5458920,11111.115,7261.713,0,136.653,0,8.038,2059,1762,2.610,1.560,0.800,1,0,0,0,0,11,33,0,58,0
25-06 21:37:20,17.236,4.996,75.940,0,0,1448280,836748,174472,5458944,10763.513,6782.652,0,215.830,0,20.983,3702,4045,2.610,1.560,0.800,2,0,39.968,0,0,11,32,0,56,0
25-06 21:37:21,9.007,20.517,68.556,0,0,1426252,858760,174480,5458952,5121.188,1621.326,0,216.177,0,15.012,4550,2858,2.610,1.560,0.800,1,0,245.201,0,0,11,32,0,56,0
25-06 21:37:22,22.165,3.238,73.469,0.249,0,1464388,820616,174488,5458952,4896.269,2224.490,0,661.470,0,46.821,1907,1587,2.610,1.560,0.800,0,0,0,0,0,11,33,0,56,0
25-06 21:37:23,16.755,2.751,79.522,0.250,0,1457500,827464,174504,5458976,14570.991,10794.957,0,1380.378,0,67.018,3440,4230,2.610,1.560,0.800,2,0,0,0,0,11,33,0,56,0
25-06 21:37:24,19.517,6.005,73.062,0,0,1400804,884156,174504,5458980,6014.121,2441.079,0,8.007,0,2.002,2428,1677,2.560,1.570,0.810,1,0,46.039,0,0,11,32,0,57,0
25-06 21:37:25,18.801,3.008,78.211,0.251,0,1437748,847192,174508,5458996,10218.542,6669.977,0,232.627,0,20.054,2064,1999,2.560,1.570,0.810,1,0,0,0,0,11,33,0,54,0
25-06 21:37:26,18.452,2.493,77.048,0,0,1435388,849392,174512,5459152,14296.600,10126.509,0,179.530,0,8.977,4502,5654,2.560,1.570,0.810,1,0,0,0,0,11,33,0,54,0
25-06 21:37:27,12.278,16.789,69.159,0.251,0,1377864,906792,174516,5459268,6431.831,2089.819,0,248.573,0,21.049,4744,3404,2.560,1.570,0.810,1,0,261.603,0,0,11,32,0,54,0
25-06 21:37:28,17.758,23.010,58.525,0.500,0,1383520,901060,174548,5459304,6048.614,1566.677,0,388.168,0,32.014,5480,4078,2.560,1.570,0.810,2,0,365.158,0,0,11,32,0,56,0
25-06 21:37:29,44.087,6.476,48.570,0,0,1484828,798748,174632,5460212,4694.638,1506.429,0,585.833,0,17.934,2850,1477,2.520,1.580,0.810,2,0,0,0,0,11,32,0,51,0
25-06 21:37:30,38.109,7.271,44.376,8.274,0,1534924,742844,175372,5464768,4753.550,1666.751,0,21007.884,0,1800.131,10222,16972,2.520,1.580,0.810,4,0,80.229,0,0,11,36,0,51,0
25-06 21:37:31,33.645,10.467,40.624,11.464,0.249,1548876,724700,176360,5467744,4461.138,1453.484,0,39158.325,0,3381.493,15917,28441,2.520,1.580,0.810,4,1,79.752,0,0,11,36,0,51,0
25-06 21:37:32,40.172,8.537,43.436,6.277,0.251,1521672,751760,176620,5467604,5061.704,1626.976,0,25159.885,0,1970.449,9572,16501,2.520,1.580,0.810,3,0,19.082,0,0,11,32,0,51,0
25-06 21:37:33,44.144,6.484,48.633,0.249,0,1522736,750676,176620,5467624,4447.340,1454.514,0,678.374,0,38.907,2957,1684,2.520,1.580,0.810,3,0,0.998,0,0,11,32,0,47,0
25-06 21:37:34,37.198,7.489,42.191,9.736,0,1599344,673484,176832,5467996,5032.903,1617.719,0,19840.024,0,2616.311,12936,23969,2.640,1.620,0.830,3,0,2.996,0,0,11,34,0,47,0
25-06 21:37:35,32.753,9.001,53.506,4.250,0,1478056,794472,176980,5468144,4458.470,1458.154,0,13845.461,0,1124.119,6448,9998,2.640,1.620,0.830,2,0,99.010,0,0,11,32,0,47,0
25-06 21:37:36,22.500,3.500,73.249,0,0,1487160,785368,176980,5468144,5222.935,1565.981,0,299.996,0,26.000,1883,1449,2.640,1.620,0.830,2,0,2.000,0,0,11,32,0,47,0
25-06 21:37:37,22.500,3.500,72.501,0.500,0,1454180,818308,176996,5468168,5252.090,1512.026,0,3364.057,0,187.003,2179,1887,2.640,1.620,0.830,2,0,1.000,0,0,11,32,0,46,0
25-06 21:37:38,22.501,3.000,73.502,0,0,1511656,760832,176996,5468168,5040.137,1620.044,0,0,0,0,1740,1238,2.640,1.620,0.830,2,0,0,0,0,11,32,0,46,0
25-06 21:37:39,22.762,3.002,73.539,0,0,1529916,742572,176996,5468168,3988.109,1026.543,0,0,0,0,1674,1064,2.670,1.640,0.840,1,0,2.001,0,0,11,32,0,46,0
25-06 21:37:40,21.739,4.248,73.962,0,0,1507580,764896,176996,5468180,4899.508,1511.231,0,0,0,0,1756,1254,2.670,1.640,0.840,2,0,0.999,0,0,11,32,0,46,0
25-06 21:37:41,22.248,3.500,73.494,0,0,1536524,735952,177004,5468172,5536.523,1619.860,0,223.981,0,1.000,1807,1178,2.670,1.640,0.840,2,0,3.000,0,0,11,32,0,41,0
25-06 21:37:42,23.265,3.002,73.549,0,0,1496548,775844,177004,5468256,4803.198,1663.107,0,4.003,0,1.001,1736,1079,2.670,1.640,0.840,2,0,1.001,0,0,11,32,0,41,0
25-06 21:37:43,27.484,6.246,65.461,0,0,1505964,766408,177004,5468256,4997.052,1619.045,0,179.894,0,1.999,2711,9612,2.670,1.640,0.840,2,0,37.978,0,0,11,32,0,42,0
25-06 21:37:44,24.017,2.252,73.052,0.250,0,1510804,761524,177004,5468300,4623.260,1621.143,0,532.375,0,43.030,1879,1494,2.690,1.670,0.860,2,0,0,0,0,11,32,0,42,0
25-06 21:37:45,20.983,4.496,73.691,0,0,1471436,800836,177012,5468348,4468.444,1510.798,0,0,0,0,1864,1334,2.690,1.670,0.860,2,0,0.999,0,0,11,32,0,37,0
25-06 21:37:46,22.252,3.500,73.255,0,0,1455244,816964,177012,5468380,4817.338,1620.114,0,0,0,0,1817,1310,2.690,1.670,0.860,3,0,1.000,0,0,11,32,0,37,0
25-06 21:37:47,21.501,4.250,73.753,0,0,1495196,777012,177012,5468380,4620.199,1620.070,0,1788.077,0,203.009,1863,1191,2.690,1.670,0.860,3,0,2.000,0,0,11,32,0,37,0
25-06 21:37:48,23.003,3.250,73.759,0,0,1447812,824376,177016,5468396,4786.603,1608.202,0,4.001,0,1.000,1739,1175,2.690,1.670,0.860,2,0,1.000,0,0,11,32,0,37,0
25-06 21:37:49,22.489,2.499,73.463,0,0,1465208,806932,177020,5468440,4567.712,1619.189,0,0,0,0,1697,1185,2.720,1.690,0.870,4,0,0.999,0,0,11,32,0,37,0
25-06 21:37:50,21.773,4.004,74.077,0,0,1471352,800788,177020,5468440,4865.081,1621.694,0,384.401,0,60.063,1763,1316,2.720,1.690,0.870,2,0,0,0,0,11,32,0,37,0
25-06 21:37:51,22.814,3.510,73.457,0,0,1497556,774580,177020,5468444,4922.860,1516.269,0,0,0,0,1750,1131,2.720,1.690,0.870,2,0,3.008,0,0,11,32,0,37,0
25-06 21:37:52,10.488,16.730,70.667,0,0,1464936,807036,177028,5468596,5259.829,1564.165,0,175.794,0,1.998,4307,2842,2.720,1.690,0.870,2,0,223.737,0,0,11,32,0,37,0
25-06 21:37:53,8.508,22.020,67.562,0,0,1444368,827584,177028,5468612,4896.486,1513.387,0,616.565,0,7.006,5312,3595,2.720,1.690,0.870,1,0,332.304,0,0,11,32,0,31,0
25-06 21:37:54,8.225,20.189,68.791,0.249,0.249,1412416,859476,177040,5468648,4831.322,1561.257,0,1084.704,0,50.846,5220,3835,2.660,1.690,0.870,2,0,265.194,0,0,11,32,0,31,0
25-06 21:37:55,7.751,22.252,68.007,0,0,1411696,860180,177040,5468664,4352.454,1512.158,0,88.009,0,1.000,5135,3474,2.660,1.690,0.870,2,0,301.031,0,0,11,32,0,31,0
25-06 21:37:56,9.251,18.502,70.258,0,0,1416728,855128,177040,5468684,4623.549,1566.186,0,428.051,0,78.009,4637,3102,2.660,1.690,0.870,1,0,246.029,0,0,11,32,0,31,0
25-06 21:37:57,22.220,4.244,73.402,0,0,1475208,796664,177040,5468668,4765.633,1509.983,0,167.776,0,1.997,1748,1175,2.660,1.690,0.870,1,0,0,0,0,11,32,0,27,0
25-06 21:37:58,22.029,3.505,74.099,0,0,1497680,774192,177040,5468668,4672.243,1568.095,0,16.021,0,1.001,1751,1115,2.660,1.690,0.870,1,0,2.003,0,0,11,32,0,27,0
25-06 21:37:59,21.739,3.498,72.964,0,0,1497768,774108,177040,5468664,4843.622,1565.232,0,0,0,0,1826,1282,2.690,1.720,0.890,1,0,1.000,0,0,11,32,0,27,0
25-06 21:38:00,22.006,4.251,73.269,0,0.250,1539564,732312,177040,5468664,5165.337,1404.363,0,124.032,0,4.001,1821,1134,2.690,1.720,0.890,1,0,2.001,0,0,11,32,0,27,0
25-06 21:38:01,22.474,3.496,73.164,0,0,1503080,768776,177040,5468684,4957.184,1024.798,0,0,0,0,1839,1264,2.690,1.720,0.890,1,0,1.998,0,0,11,32,0,20,0
25-06 21:38:02,22.788,3.756,72.871,0,0,1505532,766328,177040,5468676,4876.070,1189.969,0,2119.508,0,11.018,1883,1241,2.690,1.720,0.890,1,0,2.003,0,0,11,32,0,20,0
25-06 21:38:03,22.992,2.499,73.474,0,0,1464244,807604,177040,5468688,5518.055,1619.429,0,11.996,0,1.000,1736,1126,2.690,1.720,0.890,1,0,1.000,0,0,11,32,0,20,0
25-06 21:38:04,21.717,4.243,72.888,0.499,0,1510888,760976,177040,5468672,5343.769,1509.675,0,471.274,0,30.952,2046,1696,2.710,1.740,0.900,1,0,1.997,0,0,11,32,0,20,0
25-06 21:38:05,23.280,3.254,73.595,0,0,1521208,750656,177040,5468672,5406.977,1622.093,0,24.031,0,1.001,1674,979,2.710,1.740,0.900,1,0,0,0,0,11,32,0,16,0
25-06 21:38:06,21.223,4.744,72.659,0,0,1491720,780132,177040,5468684,6193.231,1711.853,0,263.669,0,57.927,1824,1222,2.710,1.740,0.900,1,0,0.999,0,0,11,32,0,16,0
25-06 21:38:07,22.775,3.254,73.582,0,0,1517300,754552,177040,5468684,5165.727,1621.798,0,52.058,0,2.002,1770,1129,2.710,1.740,0.900,2,0,2.002,0,0,11,32,0,16,0
25-06 21:38:08,22.741,3.499,72.971,0,0,1539728,732140,177040,5468668,5817.715,1619.364,0,0,0,0,1821,1313,2.710,1.740,0.900,1,0,1.000,0,0,11,32,0,16,0
25-06 21:38:09,22.767,3.002,73.555,0,0,1556732,715136,177040,5468668,4753.538,1621.207,0,0,0,0,1794,1214,2.740,1.760,0.910,3,0,2.001,0,0,11,32,0,16,0
25-06 21:38:10,22.990,2.749,73.217,0,0,1454068,817772,177040,5468696,4364.026,1565.292,0,79.964,0,2.999,1736,1112,2.740,1.760,0.910,3,0,1.000,0,0,11,32,0,12,0
25-06 21:38:11,22.268,3.503,73.310,0,0,1471720,800208,177040,5468608,4672.855,1513.248,0,0,0,0,1829,1204,2.740,1.760,0.910,2,0,3.002,0,0,11,32,0,12,0
25-06 21:38:12,22.502,3.500,73.755,0,0,1502212,769716,177040,5468608,4906.329,1566.105,0,284.019,0,33.002,1652,1010,2.740,1.760,0.910,1,0,0,0,0,11,32,0,12,0
25-06 21:38:13,22.749,3.250,72.997,0,0,1492016,779792,177040,5468728,4351.799,1511.930,0,0,0,0,1781,1243,2.740,1.760,0.910,1,0,1.000,0,0,11,32,0,12,0
25-06 21:38:14,22.253,3.751,73.010,0.250,0,1508720,763072,177048,5468736,5036.714,1566.222,0,584.083,0,44.006,2035,1819,2.840,1.800,0.930,1,0,1.000,0,0,11,32,0,9,0
25-06 21:38:15,22.993,3.749,72.227,0,0,1525232,746556,177048,5468716,4280.621,1241.600,0,0,0,0,1914,1203,2.840,1.800,0.930,1,0,7.997,0,0,11,32,0,9,0
25-06 21:38:16,22.262,3.502,73.539,0,0,1503036,768732,177048,5468736,4989.646,1350.716,0,20.011,0,1.001,1806,1229,2.840,1.800,0.930,1,0,1.001,0,0,11,32,0,9,0
25-06 21:38:17,22.792,2.505,73.637,0,0,1497912,773852,177048,5468740,4526.439,1460.723,0,168.314,0,31.058,1815,1235,2.840,1.800,0.930,1,0,1.002,0,0,11,32,0,9,0
25-06 21:38:18,22.710,2.995,73.619,0,0,1497696,774080,177048,5468728,5450.311,1617.125,0,43.922,0,2.995,1750,1265,2.840,1.800,0.930,1,0,0,0,0,11,32,0,5,0
25-06 21:38:19,22.744,3.249,73.980,0,0.250,1518356,753416,177048,5468732,4276.843,1457.606,0,11.997,0,1.000,1704,1062,2.770,1.800,0.930,1,0,1.999,0,0,11,32,0,5,0
25-06 21:38:20,10.264,19.777,68.844,0,0,1467076,804640,177048,5468788,4746.461,1622.208,0,316.431,0,12.016,5625,4233,2.770,1.800,0.930,1,0,429.585,0,0,11,32,0,5,0
25-06 21:38:21,20.207,5.738,73.094,0,0,1462732,808976,177048,5468796,4824.671,1454.885,0,0,0,0,2124,1577,2.770,1.800,0.930,1,0,31.932,0,0,11,32,0,5,0
25-06 21:38:22,23.774,1.752,73.824,0,0,1478320,793196,177048,5468988,5045.025,1621.615,0,292.291,0,43.043,1692,989,2.770,1.800,0.930,2,0,0,0,0,11,32,0,4,0
25-06 21:38:23,20.729,5.245,73.426,0,0,1512564,758860,177048,5469048,5154.811,1618.371,0,123.875,0,27.972,1866,1301,2.770,1.800,0.930,3,0,8.991,0,0,11,32,0,4,0
25-06 21:38:24,21.576,5.269,72.255,0,0,1505224,766184,177056,5469056,5118.034,1625.728,0,561.980,0,35.124,2495,2037,2.790,1.820,0.940,2,0,83.293,0,0,11,32,0,4,0
25-06 21:38:25,8.238,21.718,68.149,0,0,1488908,782344,177056,5469208,5032.534,1617.600,39.941,139.793,1.997,4.993,5903,4358,2.790,1.820,0.940,1,0,425.369,0,0,11,32,0,4,0
25-06 21:38:26,8.258,22.272,67.818,0,0,1469060,802176,177056,5469224,5302.311,1621.624,0,84.084,0,3.003,5224,3519,2.790,1.820,0.940,1,0,309.310,0,0,11,32,0,3,0
25-06 21:38:27,8.747,22.242,67.476,0,0,1451164,820052,177056,5469248,6597.657,1619.425,0,383.864,0,8.997,6209,4842,2.790,1.820,0.940,3,0,476.831,0,0,11,32,0,3,0
25-06 21:38:28,7.749,22.498,67.994,0,0,1436052,835140,177056,5469272,6165.429,1565.855,0,791.927,0,8.999,5756,4126,2.790,1.820,0.940,1,0,397.963,0,0,11,32,0,3,0
25-06 21:38:29,8.719,21.921,67.757,0,0,1423544,847624,177056,5469288,5173.424,1506.590,0,701.481,0,7.971,5262,3541,2.570,1.790,0.940,1,0,306.898,0,0,11,32,0,3,0
25-06 21:38:30,8.017,22.799,67.646,0,0,1407328,863824,177056,5469300,4990.738,1623.493,0,709.527,0,9.019,5271,3523,2.570,1.790,0.940,2,0,318.686,0,0,11,32,0,1,0
25-06 21:38:31,7.997,21.492,68.476,0,0,1394556,876572,177056,5469320,5595.027,1619.429,0,703.752,0,7.997,5457,3845,2.570,1.790,0.940,1,0,344.878,0,0,11,32,0,1,0
25-06 21:38:32,7.742,20.978,69.426,0.250,0,1382504,888596,177056,5469348,5334.306,1618.272,0,255.727,0,6.993,5281,3638,2.570,1.790,0.940,1,0,315.663,0,0,11,32,0,1,0
25-06 21:38:33,7.773,21.063,69.710,0,0,1373780,897300,177056,5469368,4995.027,1667.015,0,140.422,0,5.015,5212,3533,2.570,1.790,0.940,1,0,311.938,0,0,11,32,0,1,0
25-06 21:38:34,7.985,22.209,67.875,0,0,1362160,908896,177056,5469392,4791.193,1617.028,0,219.596,0,6.987,5236,3545,2.440,1.780,0.940,1,0,306.437,0,0,11,32,0,1,0
25-06 21:38:35,7.248,23.244,67.234,0,0,1365768,905272,177056,5469408,4456.940,1457.653,0,35.991,0,8.998,5239,3521,2.440,1.780,0.940,2,0,325.922,0,0,11,32,0,1,0
25-06 21:38:36,9.263,19.777,69.595,0,0,1320744,950272,177072,5469076,5544.598,1622.223,0,20.027,0,5.007,5139,3530,2.440,1.780,0.940,1,0,259.355,0,0,11,32,0,1,0
25-06 21:38:37,18.016,27.525,52.797,0,0,1352980,917980,177084,5469460,4822.310,1459.304,0,596.533,0,31.028,6186,4934,2.440,1.780,0.940,3,0,499.446,0,0,11,32,0,3,0
25-06 21:38:38,51.507,24.253,23.753,0,0,1493468,777432,177132,5469472,5160.666,1620.209,0,656.085,0,44.006,5567,4481,2.440,1.780,0.940,3,0,403.052,0,0,11,32,0,7,0
25-06 21:38:39,62.035,11.256,24.264,2.251,0,1617320,648104,177412,5474112,4640.594,1458.815,372.208,7956.447,3.002,545.305,5677,6268,2.480,1.800,0.950,2,1,31.017,0,0,11,34,0,7,0
25-06 21:38:40,42.115,11.713,31.898,11.962,0.249,1630620,623384,178288,5483820,4844.520,1614.840,0,66351.979,0,4772.749,18825,36502,2.480,1.800,0.950,7,0,156.500,0,0,11,36,0,8,0
25-06 21:38:41,42.355,11.529,28.821,14.787,0,1687036,554588,178940,5495084,5051.511,1515.754,0,99265.852,0,7083.544,21140,45702,2.480,1.800,0.950,2,1,94.233,0,0,11,36,0,8,0
25-06 21:38:42,39.270,9.255,36.519,12.006,0,1696096,536036,179224,5503992,12898.593,9767.993,0,66129.801,0,5241.679,18899,37802,2.480,1.800,0.950,5,0,42.021,0,0,11,37,0,8,0
25-06 21:38:43,40.889,22.688,24.184,9.973,0,1623236,602336,179648,5512268,6617.007,2813.350,295.197,75343.132,3.989,5133.043,19279,39317,2.480,1.800,0.950,10,0,373.983,0,0,11,34,0,9,0
25-06 21:38:44,44.880,21.813,24.070,8.023,0,1648944,569824,179872,5516176,6059.608,3061.897,934.716,27785.738,15.044,2676.778,15327,34015,2.850,1.880,0.980,6,1,220.641,0,0,11,35,0,10,0
25-06 21:38:45,34.741,13.497,38.240,10.247,0,1656712,558988,180108,5518884,13500.557,11044.183,667.830,49019.498,11.997,4056.965,17981,34485,2.850,1.880,0.980,2,0,171.956,0,0,11,35,0,10,0
25-06 21:38:46,30.748,8.749,46.247,10.749,0,1557836,656872,180240,5519668,13590.022,9094.345,0,53476.151,0,4414.682,19109,36449,2.850,1.880,0.980,2,1,62.995,0,0,11,34,0,9,0
25-06 21:38:47,35.917,8.730,39.409,12.721,0,1610756,601236,180456,5522124,4788.895,1700.058,0,43766.510,0,3823.135,15696,29223,2.850,1.880,0.980,3,0,41.903,0,0,11,34,0,9,0
25-06 21:38:48,33.323,8.519,46.853,9.771,0,1618576,592804,180648,5522532,11884.075,8465.574,0,43335.081,0,3821.384,15853,29987,2.850,1.880,0.980,3,0,30.066,0,0,11,35,0,9,0
25-06 21:38:49,36.365,6.725,45.580,7.970,0,1619484,589512,180756,5524748,17211.884,13798.599,0,33555.005,0,3012.777,15126,29202,2.780,1.880,0.990,2,1,38.855,0,0,11,35,0,9,0
25-06 21:38:50,33.851,13.039,40.371,11.284,0,1536444,669784,180844,5527364,6066.174,2706.107,0,60116.101,0,4861.565,18544,35715,2.780,1.880,0.990,3,0,119.358,0,0,11,36,0,10,0
25-06 21:38:51,30.783,8.759,45.048,11.512,0,1571020,631480,180932,5530908,10639.370,6659.116,0,62046.307,0,5066.414,18940,36957,2.780,1.880,0.990,2,0,64.068,0,0,11,37,0,10,0
25-06 21:38:52,30.982,8.745,44.975,12.243,0,1567916,631004,181064,5534264,14232.955,10135.271,0,58406.986,0,5030.157,20376,41313,2.780,1.880,0.990,3,0,95.946,0,0,11,37,0,10,0
25-06 21:38:53,31.942,8.484,45.916,11.479,0,1515896,680904,181168,5536204,11201.523,7488.311,0,40493.976,0,3555.500,16373,31407,2.780,1.880,0.990,7,0,80.852,0,0,11,36,0,10,0
25-06 21:38:54,34.275,8.756,40.530,13.260,0,1564064,637900,181228,5530936,4743.497,1621.195,0,43676.198,0,3980.935,15079,30901,2.880,1.920,1,2,1,12.009,0,0,11,36,0,10,0
25-06 21:38:55,29.548,7.512,46.325,12.270,0,1569484,629832,181248,5533568,15983.033,12430.247,0,48114.369,0,3734.082,16470,31064,2.880,1.920,1,2,0,33.054,0,0,11,37,0,10,0
25-06 21:38:56,40.002,6.500,49.002,3.000,0,1447948,751436,181260,5533484,14906.563,10979.414,0,22252.840,0,1538.058,9888,15233,2.880,1.920,1,2,0,49.002,0,0,11,32,0,12,0
25-06 21:38:57,22.172,13.452,63.027,0.498,0,1444820,754516,181260,5533528,4902.647,1614.286,0,1147.937,0,61.781,3557,2920,2.880,1.920,1,1,0,226.199,0,0,11,32,0,12,0
25-06 21:38:58,19.249,2.500,77.495,0.250,0,1475524,723808,181260,5533532,10612.360,7121.570,0,1283.923,0,78.995,2055,1735,2.880,1.920,1,1,0,0,0,0,11,33,0,12,0
25-06 21:38:59,19.248,5.499,73.492,0.500,0,1442500,756568,181260,5533796,7967.098,4733.464,0,2479.719,0,143.984,3527,3879,2.730,1.900,1,1,0,33.996,0,0,11,32,0,13,0
25-06 21:39:00,20.519,3.253,75.321,0,0,1461724,737344,181260,5533796,6012.678,3469.276,0,136.129,0,6.006,1714,1124,2.730,1.900,1,0,0,0,0,0,11,33,0,13,0
25-06 21:39:01,18.272,2.253,77.844,0,0,1439284,759684,181260,5533896,10938.264,6371.727,0,120.146,0,12.015,2587,2593,2.730,1.900,1,1,0,6.007,0,0,11,32,0,14,0
25-06 21:39:02,18.702,7.730,72.065,0.249,0,1490436,708520,181260,5533908,5045.054,1454.268,0,195.498,0,16.956,2473,1716,2.730,1.900,1,1,0,54.859,0,0,11,32,0,14,0
25-06 21:39:03,18.752,2.750,77.008,0.500,0,1503328,695620,181260,5533912,11197.151,7225.743,0,4504.463,0,229.024,2553,2785,2.730,1.900,1,1,0,0,0,0,11,33,0,14,0
25-06 21:39:04,17.747,6.499,73.736,0.250,0,1461244,737680,181260,5533936,10737.983,6162.842,0,3791.288,0,185.965,4125,4687,2.590,1.890,1,3,0,42.992,0,0,11,32,0,15,0
25-06 21:39:05,22.754,3.000,73.512,0,0,1486156,712768,181260,5533936,5178.832,1458.234,0,44.007,0,4.001,1696,1090,2.590,1.890,1,1,0,0,0,0,11,32,0,15,0
25-06 21:39:06,17.002,2.750,79.008,0,0,1479348,719428,181260,5534084,16518.581,11303.082,0,48.005,0,2.000,3140,3499,2.590,1.890,1,1,0,0,0,0,11,33,0,15,0
25-06 21:39:07,12.492,12.992,72.456,0.250,0,1427272,771452,181260,5534136,8164.030,2908.230,0,247.849,0,22.986,4123,3226,2.590,1.890,1,1,0,160.902,0,0,11,32,0,16,0
25-06 21:39:08,8.005,22.515,66.545,0,0,1406080,792528,181260,5534252,5703.840,1621.091,0,440.296,0,17.011,4926,3122,2.590,1.890,1,2,0,270.182,0,0,11,32,0,16,0
25-06 21:39:09,31.548,23.536,44.067,0.250,0,1425180,773220,181272,5534448,4164.342,1460.224,0,624.952,0,48.073,5796,4616,2.620,1.910,1.010,3,0,366.558,0,0,11,32,0,22,0
25-06 21:39:10,62.864,12.424,24.102,0.248,0,1611956,585004,181324,5535832,4412.891,1610.109,0,473.094,0,23.853,3807,1842,2.620,1.910,1.010,3,0,2.982,0,0,11,32,0,22,0
25-06 21:39:11,65.329,10.051,23.870,0.251,0,1796068,397604,181420,5538712,4781.088,1628.203,0,2991.069,0,75.380,3752,1557,2.620,1.910,1.010,3,0,1.005,0,0,11,32,0,22,0
25-06 21:39:12,47.093,7.014,36.573,8.016,0,1813480,370696,181568,5547452,5050.013,1623.219,0,25238.042,0,1987.942,11988,19282,2.620,1.910,1.010,4,0,123.244,0,0,11,38,0,22,0
25-06 21:39:13,25.505,9.252,46.010,15.253,0,1811692,361876,181688,5557508,4921.034,1620.340,0,107394.565,0,7512.579,26033,53141,2.620,1.910,1.010,4,0,222.047,0,0,11,38,0,22,0
25-06 21:39:14,22.509,8.754,49.770,16.006,0,1809224,355072,181752,5566400,4801.948,1620.658,0,88756.014,0,6353.578,22844,44931,2.970,1.990,1.050,2,0,174.071,0,0,11,38,0,22,0
25-06 21:39:15,39.033,11.009,33.028,15.013,0,1711840,442296,181864,5576100,5164.376,1621.374,0,73530.303,0,5591.738,21285,39711,2.970,1.990,1.050,4,1,249.211,0,0,11,36,0,22,0
25-06 21:39:16,43.622,10.718,30.660,11.466,0.249,1771952,375184,181920,5582796,5000.293,1453.724,0,65495.367,0,4679.238,18183,34512,2.970,1.990,1.050,4,0,63.812,0,0,11,36,0,22,0
25-06 21:39:17,38.843,11.277,33.079,14.284,0,1819348,315208,181968,5594836,5172.387,1623.889,0,81747.776,0,5661.559,19274,38632,2.970,1.990,1.050,4,0,20.048,0,0,11,36,0,22,0
25-06 21:39:18,38.510,13.003,33.509,12.503,0,1768128,362588,181980,5598540,5041.329,1620.427,0,89083.479,0,6555.728,22270,44660,2.970,1.990,1.050,1,1,171.045,0,0,11,36,0,22,0
25-06 21:39:19,37.215,11.489,43.959,5.745,0,1443276,686488,181988,5599464,5053.230,1456.625,0,25867.583,0,1907.200,10017,15295,2.970,2.010,1.060,1,0,211.800,0,0,11,32,0,22,0
25-06 21:39:20,18.466,8.734,71.618,0,0,1479000,650608,181988,5599620,4942.868,1509.212,0,1473.278,0,96.821,2897,2441,2.970,2.010,1.060,1,0,67.875,0,0,11,32,0,22,0
25-06 21:39:21,21.991,3.998,71.720,1.000,0,1529228,600380,181988,5599620,4860.955,1565.341,0,7352.906,0,410.827,2423,2854,2.970,2.010,1.060,2,0,1.000,0,0,11,32,0,22,0
25-06 21:39:22,24.244,2.999,71.733,0.750,0.250,1550756,578848,181988,5599624,4816.836,1457.648,0,6626.399,0,324.922,2783,2932,2.970,2.010,1.060,2,0,2.000,0,0,11,38,0,22,0
25-06 21:39:23,21.743,3.749,72.977,0,0,1472608,656992,181988,5599628,4456.569,1457.532,0,87.972,0,5.998,2156,1344,2.970,2.010,1.060,2,0,26.991,0,0,11,32,0,22,0
25-06 21:39:24,21.513,4.253,73.294,0,0,1480676,648924,181988,5599628,4700.800,1458.869,0,44.026,0,5.003,1836,1289,2.820,1.990,1.060,2,0,1.001,0,0,11,32,0,22,0
25-06 21:39:25,22.522,3.253,73.571,0,0,1525480,604116,181988,5599632,4282.150,1459.414,0,0,0,0,1769,1193,2.820,1.990,1.060,2,0,2.002,0,0,11,34,0,22,0
25-06 21:39:26,19.802,9.776,68.930,0.251,0,1470132,659456,181988,5599640,4907.820,1503.929,0,822.148,0,94.246,3269,2508,2.820,1.990,1.060,2,0,150.393,0,0,11,32,0,22,0
25-06 21:39:27,13.206,42.360,42.360,0,0,1453908,675620,181988,5599700,5533.672,1507.009,0,231.234,0,18.937,7663,6891,2.820,1.990,1.060,2,0,964.805,0,0,11,32,0,22,0
25-06 21:39:28,8.000,23.500,66.251,0,0,1453824,675692,181988,5599712,6536.077,1566.018,0,244.003,0,19.000,5144,3355,2.820,1.990,1.060,2,0,341.004,0,0,11,32,0,22,0
25-06 21:39:29,9.002,22.254,67.262,0,0,1442680,686776,181988,5599772,5162.928,1620.291,0,512.092,0,49.009,4978,3148,2.750,1.990,1.060,1,0,292.052,0,0,11,32,0,22,0
25-06 21:39:30,7.491,19.975,70.161,0,0,1434408,695028,181988,5599792,4494.324,1617.957,0,7.990,0,1.997,4798,3071,2.750,1.990,1.060,2,0,233.705,0,0,11,32,0,22,0
25-06 21:39:31,7.774,22.570,67.208,0,0,1419160,710240,181988,5599824,4651.365,1625.019,0,698.156,0,122.378,5174,3449,2.750,1.990,1.060,2,0,264.818,0,0,11,32,0,22,0
25-06 21:39:32,8.756,21.515,67.798,0,0,1401096,728280,181988,5599844,4623.264,1621.145,0,24.017,0,6.004,5022,3251,2.750,1.990,1.060,1,0,243.172,0,0,11,32,0,22,0
25-06 21:39:33,25.989,17.742,54.726,0.250,0,1431312,698016,181996,5600188,4498.020,1661.269,0,147.935,0,1.999,6177,8277,2.750,1.990,1.060,3,0,205.909,0,0,11,32,0,22,0
25-06 21:39:34,43.329,9.712,46.566,0,0,1539412,589792,182000,5600416,4601.797,1613.617,0,63.748,0,2.988,2919,1869,2.850,2.030,1.080,3,0,39.842,0,0,11,33,0,22,0
25-06 21:39:35,49.750,5.277,44.976,0,0,1618356,510792,182016,5600452,5246.384,1628.188,0,353.779,0,21.106,3638,2634,2.850,2.030,1.080,2,0,17.086,0,0,11,49,0,22,0
25-06 21:39:36,44.623,8.227,46.119,0.249,0,1668912,455660,182068,5604500,4701.628,1453.865,0,1603.439,0,138.606,4157,7249,2.850,2.030,1.080,1,0,12.963,0,0,11,48,0,23,0
25-06 21:39:37,7.266,20.795,69.651,0,0,1676920,447612,182072,5604524,4690.190,1623.527,0,1162.526,0,18.039,5018,3553,2.850,2.030,1.080,2,0,275.599,0,0,11,48,0,23,0
25-06 21:39:38,17.733,16.734,63.939,0,0,1666736,457724,182072,5604536,4827.366,1510.550,0,223.785,0,16.984,6003,7345,2.850,2.030,1.080,3,0,194.813,0,0,11,48,0,23,0
25-06 21:39:39,0.499,0.998,97.778,0,0,1665548,458912,182072,5604540,4894.898,1562.456,0,303.312,0,12.971,803,1102,2.700,2.010,1.080,1,0,10.975,0,0,11,48,0,23,0
25-06 21:39:40,0.749,0.749,97.680,0,0,1664120,460340,182072,5604540,4468.807,1552.890,0,0,0,0,752,1002,2.700,2.010,1.080,0,0,2.998,0,0,11,48,0,17,0
25-06 21:39:41,0.750,0.500,97.455,0,0,1662868,461592,182072,5604540,4860.739,1565.272,0,0,0,0,752,975,2.700,2.010,1.080,0,0,2.999,0,0,11,48,0,17,0
25-06 21:39:42,0.250,1.002,98.161,0.250,0,1661932,462528,182072,5604540,4627.602,1622.666,0,4130.786,0,332.546,853,1081,2.700,2.010,1.080,0,0,2.003,0,0,11,48,0,17,0
25-06 21:39:43,11.007,12.759,74.801,0,0,1664912,459440,182072,5605104,4761.224,1458.988,0,0,0,0,4801,5471,2.700,2.010,1.080,1,0,198.134,0,0,11,48,0,17,0
25-06 21:39:44,19.501,16.501,61.752,0,0,1654604,469688,182072,5604668,5042.157,1620.050,0,2580.080,0,25.001,5918,13822,2.570,1.990,1.080,1,0,223.007,0,0,11,48,0,15,0
25-06 21:39:45,21.300,22.302,54.628,0.501,0,1686768,437456,182072,5605072,5065.843,1699.974,0,501.172,0,33.077,6589,6636,2.570,1.990,1.080,1,0,382.895,0,0,12,64,0,15,0
25-06 21:39:46,17.193,13.705,67.278,0,0,1682644,441572,182072,5604716,5399.180,1614.671,0,625.934,0,40.865,5801,7899,2.570,1.990,1.080,1,0,168.444,0,0,12,64,0,15,0
25-06 21:39:47,4.766,9.532,84.785,0,0,1687548,436680,182072,5604744,4533.261,1462.925,0,220.743,0,10.034,2757,2643,2.570,1.990,1.080,1,0,175.591,0,0,12,64,0,15,0
25-06 21:39:48,18.000,16.250,64.501,0,0,1684284,439928,182072,5604764,4920.112,1620.037,0,36.001,0,8.000,5993,7936,2.570,1.990,1.080,1,0,201.005,0,0,14,64,0,15,0
25-06 21:39:49,8.983,17.965,71.362,0,0,1676224,447896,182072,5604808,4790.736,1616.873,0,131.745,0,0.998,5306,4100,2.440,1.980,1.080,2,0,344.334,0,0,14,66,0,15,0
25-06 21:39:50,9.517,21.038,69.124,0,0,1665748,458212,182072,5604968,4868.727,1749.135,0,44.079,0,11.020,5662,4190,2.440,1.980,1.080,1,0,363.652,0,0,14,66,0,15,0
25-06 21:39:51,21.249,15.750,61.498,0,0,1673408,450520,182072,5604984,4936.867,1619.957,0,4.000,0,1.000,5615,7362,2.440,1.980,1.080,4,0,229.994,0,0,14,66,0,15,0
25-06 21:39:52,28.510,26.009,44.515,0,0.250,1757464,366420,182084,5605028,5521.916,1620.562,0,552.192,0,15.005,6162,4609,2.440,1.980,1.080,2,0,419.145,0,0,14,66,0,14,0
25-06 21:39:53,28.955,25.460,44.680,0,0,1823048,299444,182152,5606308,4704.637,1509.637,0,87.862,0,0.998,6476,6852,2.440,1.980,1.080,2,0,409.359,0,0,14,66,0,15,0
25-06 21:39:54,28.954,25.210,44.679,0,0,1920432,201788,182160,5606500,5197.767,1563.524,0,491.222,0,24.960,6024,4494,2.570,2.010,1.090,2,0,371.412,0,0,14,70,0,16,0
25-06 21:39:55,34.359,20.063,43.136,0,0,1976816,145336,182160,5606620,4454.075,1715.421,0,24.076,0,6.019,5713,5485,2.570,2.010,1.090,2,0,299.948,0,0,14,70,0,16,0
25-06 21:39:56,40.232,22.490,36.733,0,0,1977604,159328,179512,5594972,5054.728,1619.272,3.998,0,1.000,0,5859,6369,2.570,2.010,1.090,3,0,286.871,0,0,14,70,0,15,0
25-06 21:39:57,56.377,24.696,18.959,0.249,0,2083312,174112,172408,5484516,4919.239,1616.464,307.328,1396.944,24.945,15.965,6333,6625,2.570,2.010,1.090,3,0,426.068,0,0,14,70,0,15,0
25-06 21:39:58,65.927,22.811,10.027,0.501,0,2169968,148688,172096,5424640,5173.880,1624.358,1363.658,770.066,87.234,15.040,6045,7170,2.570,2.010,1.090,7,0,396.063,0,0,14,70,0,15,0
25-06 21:39:59,72.145,23.965,2.746,0.749,0,2297824,187532,173792,5260092,4733.079,1617.635,2312.618,1282.125,134.803,70.896,7202,8865,2.680,2.040,1.110,9,0,357.477,0,0,14,74,0,15,0
25-06 21:40:00,67.454,24.983,4.997,1.749,0,2452224,162872,172976,5133384,5216.472,1660.877,727.508,11979.897,47.968,1094.260,10260,15472,2.680,2.040,1.110,5,1,308.791,0,0,14,74,0,13,0
25-06 21:40:01,68.215,25.987,4.498,1.499,0,2560892,191816,172452,5000368,5432.221,1457.255,1367.301,29456.932,45.976,2089.931,14867,27132,2.680,2.040,1.110,6,1,379.806,0,0,14,76,0,13,0
25-06 21:40:02,72.008,19.502,7.501,0.250,0,2647140,177544,172552,4929316,5280.605,1620.185,92.011,9481.086,7.001,684.078,8281,12420,2.680,2.040,1.110,6,0,196.022,0,0,14,80,0,17,0
25-06 21:40:03,64.911,24.811,9.524,0,0,2765564,128136,172560,4861620,5232.950,1353.349,60.149,2630.510,8.020,77.191,7601,13522,2.680,2.040,1.110,3,0,454.124,0,0,14,91,0,26,0
25-06 21:40:04,37.737,26.991,33.489,0.250,0,2823004,138272,172560,4795868,4736.426,1187.605,0,1023.660,0,58.980,7146,9362,2.710,2.060,1.120,5,0,433.856,0,0,14,89,0,26,0
25-06 21:40:05,49.431,18.474,30.957,0.499,0,2899304,128504,172564,4730868,5350.564,1455.977,3183.576,8152.670,35.950,577.198,7203,10345,2.710,2.060,1.120,3,0,220.693,0,0,14,92,0,26,0
25-06 21:40:06,49.147,9.480,39.667,0,0,3016476,150048,172572,4595636,7026.335,1800.243,0,3.992,0,0.998,4247,5150,2.710,2.060,1.120,2,0,8.981,0,0,14,94,0,30,0
25-06 21:40:07,18.274,16.021,64.084,0.501,0,3034544,131200,172588,4596372,4656.113,811.065,8.011,1509.982,2.003,93.122,4989,4619,2.710,2.060,1.120,1,0,206.271,0,0,14,97,0,30,0
25-06 21:40:08,8.264,19.033,70.122,0,0,3038176,127540,172588,4596400,6078.581,1190.072,0,72.126,0,7.012,5164,3603,2.710,2.060,1.120,1,0,273.476,0,0,14,97,0,29,0
25-06 21:40:09,7.232,19.701,70.576,0,0,3043488,122208,172588,4596420,4387.165,1454.408,0,103.744,0,9.975,4877,3379,2.570,2.040,1.120,1,0,253.374,0,0,14,97,0,29,0
25-06 21:40:10,8.250,20.251,70.004,0,0,3037460,194584,172588,4531168,4200.253,1620.098,4.000,4.000,1.000,1.000,4802,3244,2.570,2.040,1.120,1,0,257.016,0,0,14,97,0,29,0
25-06 21:40:11,21.235,4.497,73.698,0,0,3110036,122008,172592,4531164,4232.029,1456.977,3.997,55.961,0.999,0.999,1731,1165,2.570,2.040,1.120,1,0,0,0,0,14,97,0,29,0
25-06 21:40:12,4.252,1.000,93.536,0,0,3116732,183248,172592,4465120,5202.983,1862.710,4.002,72.027,1.000,7.003,986,1108,2.570,2.040,1.120,0,0,2.001,0,0,14,99,1,23,0
25-06 21:40:13,2.749,1.000,95.461,0.250,0,3118056,181968,172592,4465168,4688.091,1693.311,7.997,67.972,1.999,9.996,884,1097,2.570,2.040,1.120,2,0,1.000,0,0,14,101,1,23,0
25-06 21:40:14,3.746,0.749,94.391,0,0,3123600,176424,172592,4465168,5213.979,1692.046,0,111.871,0,11.986,978,1152,2.440,2.020,1.120,0,0,1.998,0,0,14,105,1,23,0
25-06 21:40:15,2.001,2.251,95.033,0,0,3126112,173908,172592,4465172,4741.626,1694.581,0,48.016,0,3.001,1014,1092,2.440,2.020,1.120,0,0,7.002,0,0,14,107,1,23,0
25-06 21:40:16,12.006,4.752,82.290,0,0,3210092,156824,172592,4400176,5059.488,1784.878,12.006,192.094,3.001,18.009,1974,2016,2.440,2.020,1.120,0,0,3.001,0,0,14,109,1,23,0
25-06 21:40:17,4.252,0.750,93.289,0.750,0,3210812,156096,172592,4400184,5268.228,1640.694,8.003,404.171,2.001,50.021,1471,2087,2.440,2.020,1.120,0,0,3.001,0,0,14,113,1,23,0
25-06 21:40:18,1.000,0.500,98.015,0,0,3211312,155592,172592,4400188,5340.803,1662.250,0,204.031,0,21.003,891,1324,2.440,2.020,1.120,0,0,1.000,0,0,14,113,1,23,0
25-06 21:40:19,0.500,0.500,97.747,0,0,3211536,155368,172592,4400188,4979.823,1693.940,0,135.995,0,10.000,729,1025,2.330,2.010,1.120,1,0,0,0,0,14,113,1,23,0
25-06 21:40:20,0.750,0.500,98.485,0.250,0,3211532,155368,172592,4400192,4531.322,1511.774,3.999,419.937,1.000,19.997,719,1026,2.330,2.010,1.120,0,0,0,0,0,14,113,1,23,0
25-06 21:40:21,0.750,0.250,98.226,0,0,3211572,155368,172592,4400196,4755.833,1619.602,0,0,0,0,718,974,2.330,2.010,1.120,0,0,0,0,0,14,113,1,23,0
25-06 21:40:22,0.250,0.750,97.983,0,0,3211820,155120,172592,4400196,4997.126,1457.745,0,0,0,0,747,980,2.330,2.010,1.120,0,0,1.000,0,0,14,113,1,23,0
25-06 21:40:23,1.000,0.250,98.255,0,0,3211820,155120,172592,4400196,4800.266,1694.094,0,0,0,0,614,882,2.330,2.010,1.120,0,0,0,0,0,14,113,1,23,0
25-06 21:40:24,0.500,0.250,98.250,0,0,3211816,155120,172596,4400196,5247.980,1457.995,4.000,8.000,1.000,2.000,693,919,2.140,1.970,1.110,0,0,0,0,0,14,113,1,23,0
25-06 21:40:25,0.250,0.500,97.991,0,0,3211816,155120,172596,4400196,4059.625,1079.900,0,0,0,0,604,862,2.140,1.970,1.110,0,0,0,0,0,14,113,1,23,0
25-06 21:40:26,10.731,3.743,84.847,0,0,3224096,142596,172596,4400440,5724.691,1455.379,0,451.187,0,34.937,3001,4368,2.140,1.970,1.110,0,0,7.986,0,0,14,115,1,24,0
25-06 21:40:27,1.252,0.501,97.440,0,0,3223680,142596,172596,4400856,6131.929,1623.158,416.811,220.429,20.039,19.037,958,1414,2.140,1.970,1.110,0,0,0,0,0,14,115,1,24,0
25-06 21:40:28,0.500,0.500,97.765,0.250,0,3223676,142596,172596,4400860,5880.918,1620.253,0,196.031,0,15.002,732,1034,2.140,1.970,1.110,0,0,0,0,0,14,115,1,24,0
25-06 21:40:29,0.750,0.500,97.978,0,0,3223676,142596,172596,4400860,5296.796,1457.669,0,95.978,0,9.998,811,1091,1.970,1.940,1.100,1,0,0,0,0,14,115,1,24,0
25-06 21:40:30,0.750,0.250,98.002,0,0,3223676,142596,172596,4400860,4390.087,1620.032,0,132.003,0,2.000,668,934,1.970,1.940,1.100,0,0,0,0,0,14,115,1,24,0
25-06 21:40:31,0.750,0.500,98.244,0,0,3223676,142596,172596,4400860,4894.692,1531.903,0,11.999,0,3.000,727,976,1.970,1.940,1.100,0,0,0,0,0,14,115,1,24,0
25-06 21:40:32,1.000,1.250,96.504,0.500,0,3223672,142596,172596,4400864,4930.212,1620.070,0,2108.091,0,35.002,1081,1582,1.970,1.940,1.100,0,0,1.000,0,0,14,115,1,24,0
25-06 21:40:33,1.250,0.750,96.535,0.500,0,3223672,142596,172596,4400864,4921.763,1662.595,0,9403.367,0,622.223,1217,1732,1.970,1.940,1.100,0,0,0,0,0,14,115,1,24,0
25-06 21:40:34,0.750,0.500,97.982,0,0,3223672,142596,172596,4400864,4979.078,1619.700,0,1387.743,0,3.999,673,914,1.810,1.910,1.100,0,0,0,0,0,14,115,1,24,0
25-06 21:40:35,0.500,0.500,97.735,0.250,0,3223672,142596,172596,4400864,4457.330,1457.781,0,1371.794,0,109.983,760,1113,1.810,1.910,1.100,0,0,0,0,0,14,115,1,24,0
25-06 21:40:36,2.250,0.500,96.759,0,0,3224908,141368,172596,4400864,4997.488,1620.158,0,108.011,0,11.001,877,1133,1.810,1.910,1.100,0,0,1.000,0,0,14,117,1,24,0
25-06 21:40:37,0.250,0.750,97.256,0,0,3224896,141368,172596,4400876,4860.288,1620.096,0,360.021,0,27.002,885,1453,1.810,1.910,1.100,0,0,0,0,0,14,117,1,23,0
25-06 21:40:38,0.500,0.250,98.783,0,0,3224896,141368,172596,4400876,5341.811,1620.550,0,32.011,0,4.001,641,931,1.810,1.910,1.100,0,0,0,0,0,14,117,1,23,0
25-06 21:40:39,0.500,0.250,98.261,0,0,3224896,141368,172596,4400876,4920.540,1620.178,0,0,0,0,652,932,1.670,1.880,1.090,0,0,0,0,0,14,117,1,23,0
25-06 21:40:40,0.500,0.250,98.680,0,0,3224896,141368,172596,4400876,4616.702,1618.844,0,0,0,0,604,883,1.670,1.880,1.090,0,0,0,0,0,14,117,1,23,0
25-06 21:40:41,0.250,1.000,98.032,0,0,3224896,141368,172596,4400876,4518.460,1662.537,0,184.059,0,2.001,686,961,1.670,1.880,1.090,0,0,0,0,0,14,117,1,23,0
25-06 21:40:42,0.750,0.500,98.207,0.250,0,3225144,141120,172596,4400876,4456.065,1457.367,0,67.970,0,6.997,744,1057,1.670,1.880,1.090,0,0,1.000,0,0,14,117,1,23,0
25-06 21:40:43,0.750,0.750,97.985,0,0,3225144,141120,172596,4400876,4799.262,1619.751,0,47.993,0,5.999,710,1000,1.670,1.880,1.090,0,0,0,0,0,14,117,1,23,0
25-06 21:40:44,6.499,4.500,87.991,0,0,3243556,188596,172596,4336644,2843.718,323.968,23.998,47.995,2.000,3.000,2287,6508,1.530,1.840,1.080,0,0,35.996,0,0,14,117,1,24,0
25-06 21:40:45,1.001,0.250,98.058,0,0,3241948,190204,172596,4336644,3716.187,1134.668,0,0,0,0,629,931,1.530,1.840,1.080,0,0,0,0,0,14,117,1,23,0
25-06 21:40:46,0.500,0.750,97.780,0,0,3240428,191724,172596,4336644,4938.499,1620.492,0,0,0,0,670,949,1.530,1.840,1.080,0,0,0,0,0,14,117,1,23,0
25-06 21:40:47,2.500,0.750,96.489,0.250,0,3240660,191472,172596,4336664,6770.254,3674.595,11.999,391.957,3.000,29.997,1073,1513,1.530,1.840,1.080,1,0,0,0,0,14,118,0,23,0
25-06 21:40:48,21.499,3.000,73.747,0,0,3242216,189836,172600,4336740,26616.062,22668.201,67.998,327.988,5.000,30.999,2840,2853,1.530,1.840,1.080,1,0,0,0,0,14,120,0,23,0
25-06 21:40:49,19.508,6.503,72.281,0,0,3196052,235968,172600,4336756,4531.954,1590.686,0,124.054,0,8.003,2513,1772,1.490,1.830,1.080,1,0,63.027,0,0,14,119,0,24,0
25-06 21:40:50,18.497,2.999,77.736,0.250,0,3238368,193644,172600,4336764,10569.056,7378.643,3.999,203.962,1.000,21.996,2103,1968,1.490,1.830,1.080,3,0,0,0,0,14,120,0,24,0
25-06 21:40:51,20.747,4.000,74.241,0.250,0.250,3238524,193152,172612,4337076,5254.350,2279.718,31.996,959.881,2.000,98.988,2962,3475,1.490,1.830,1.080,2,0,0,0,0,14,122,0,24,0
25-06 21:40:52,26.496,5.249,64.741,1.750,0,3244796,185368,172612,4338588,4859.297,1619.766,1275.816,1631.764,36.995,212.969,5708,8085,1.490,1.830,1.080,2,0,4.999,0,0,14,127,0,24,0
25-06 21:40:53,22.764,10.757,64.791,0.250,0,3228376,201688,172612,4338688,5448.440,2668.685,0,1524.963,0,117.074,5548,6593,1.490,1.830,1.080,1,0,114.072,0,0,14,128,0,26,0
25-06 21:40:54,20.489,4.248,73.961,0,0,3297732,132332,172612,4338688,5332.156,2231.809,0,323.827,0,17.990,1669,1263,1.450,1.820,1.080,0,0,0,0,0,14,129,0,26,0
25-06 21:40:55,16.754,2.501,79.267,0.250,0,3292900,137152,172612,4338700,12149.591,9091.939,0,2008.428,0,115.025,2421,2581,1.450,1.820,1.080,0,0,0,0,0,14,129,0,26,0
25-06 21:40:56,27.136,6.473,64.729,0.747,0,3292360,202532,172616,4275416,7818.282,3138.865,15.933,1242.799,0.996,149.375,4845,6805,1.450,1.820,1.080,2,0,3.983,0,0,14,128,0,27,0
25-06 21:40:57,40.515,11.324,47.561,0,0,3367348,188940,172616,4215268,5495.960,1630.669,0,374.450,0,21.138,3627,2568,1.450,1.820,1.080,2,0,95.626,0,0,14,128,0,27,0
25-06 21:40:58,33.914,4.239,61.096,0,0,3406036,150240,172616,4215280,29047.765,25056.827,0,263.336,0,12.967,2593,1644,1.450,1.820,1.080,2,0,0,0,0,14,128,0,26,0
25-06 21:40:59,19.510,6.754,72.788,0.500,0,3374140,182124,172616,4215292,4640.438,1458.766,0,272.143,0,14.007,2447,1770,1.410,1.800,1.080,3,0,55.029,0,0,14,128,0,26,0
25-06 21:41:00,19.492,2.499,77.467,0,0,3374608,181648,172616,4215300,11415.115,8033.562,0,231.901,0,14.994,1831,1399,1.410,1.800,1.080,1,0,0,0,0,14,130,0,26,0
25-06 21:41:01,19.756,5.752,73.022,0,0,3323844,232396,172616,4215316,22404.795,18750.687,0,964.292,0,57.017,2577,1972,1.410,1.800,1.080,1,0,51.015,0,0,14,128,0,27,0
25-06 21:41:02,18.991,2.999,77.214,0.250,0,3370916,185312,172616,4215328,10809.910,7268.577,7.996,223.895,1.999,19.991,2069,1824,1.410,1.800,1.080,1,0,1.000,0,0,14,129,0,27,0
25-06 21:41:03,18.811,6.270,73.488,0.752,0.251,3344616,211524,172616,4215416,7434.082,3599.661,20.065,1007.263,2.006,129.419,3847,4447,1.410,1.800,1.080,3,0,52.169,0,0,14,128,0,28,0
25-06 21:41:04,20.745,5.499,72.981,0.250,0,3409320,146816,172616,4215420,5396.632,1457.630,0,1947.506,0,220.944,2297,1505,1.460,1.810,1.090,1,0,29.992,0,0,14,128,0,28,0
25-06 21:41:05,19.185,2.242,77.236,0.498,0,3418136,137988,172616,4215432,29231.273,25363.468,0,1722.125,0,84.711,2201,1957,1.460,1.810,1.090,2,0,0,0,0,14,128,0,29,0
25-06 21:41:06,20.500,8.000,69.750,0,0,3395928,160180,172616,4215448,6519.001,1552.000,0,404.000,0,57.000,2673,1952,1.460,1.810,1.090,2,0,57.000,0,0,14,130,0,10,0
25-06 21:41:07,17.071,2.259,79.830,0.251,0,3412936,143168,172616,4215460,11763.614,8143.654,0,2293.478,0,131.544,2086,2060,1.460,1.810,1.090,2,0,0,0,0,14,131,0,10,0
25-06 21:41:08,24.986,5.497,66.214,1.999,0,3413608,142136,172624,4215812,4727.409,863.527,115.936,3781.927,6.996,373.795,5609,8463,1.460,1.810,1.090,1,0,0.999,0,0,14,132,0,10,0
25-06 21:41:09,21.185,7.228,70.036,0.498,0,3414716,140960,172624,4215880,5096.446,2420.613,0,789.590,0,73.775,4113,4669,1.420,1.790,1.090,1,0,52.839,0,0,14,131,0,12,0
25-06 21:41:10,18.482,3.746,76.427,0,0,3455836,152416,172624,4164136,7178.159,3892.290,0,439.581,0,26.974,1807,1321,1.420,1.790,1.090,1,0,0,0,0,14,132,0,12,0
25-06 21:41:11,19.451,2.494,77.055,0.499,0,3449632,158588,172624,4164168,12650.963,9136.862,15.960,2657.271,0.997,151.616,2383,2298,1.420,1.790,1.090,1,0,0,0,0,14,132,0,12,0
25-06 21:41:12,24.624,6.282,66.835,0.754,0,3449284,158732,172624,4164372,5352.856,1573.896,12.061,884.437,3.015,109.550,6587,9430,1.420,1.790,1.090,3,0,1.005,0,0,14,132,0,12,0
25-06 21:41:13,24.661,9.466,62.774,0.249,0,3366924,240980,172624,4164484,5342.723,2435.214,0,561.972,0,58.788,7305,10561,1.420,1.790,1.090,1,0,76.723,0,0,14,131,0,13,0
25-06 21:41:14,21.039,3.507,75.141,0,0,3434692,173208,172628,4164484,6781.715,3592.736,0,332.624,0,17.032,1828,1297,1.390,1.780,1.090,1,0,0,0,0,14,132,0,13,0
25-06 21:41:15,18.803,3.761,75.464,1.003,0,3431412,176448,172628,4164524,13233.479,9314.380,0,1893.362,0,164.466,3523,4140,1.390,1.780,1.090,1,0,6.017,0,0,14,131,0,14,0
25-06 21:41:16,15.707,12.216,70.305,0.249,0,3377652,230180,172628,4164552,5427.983,1615.530,0,327.095,0,19.945,3456,2599,1.390,1.780,1.090,1,0,146.594,0,0,14,131,0,14,0
25-06 21:41:17,18.744,3.249,76.975,0,0,3422604,185224,172628,4164556,7776.471,4002.698,0,347.887,0,27.991,1965,1607,1.390,1.780,1.090,1,0,0,0,0,14,132,0,14,0
25-06 21:41:18,22.798,2.756,72.904,0.501,0,3422768,185032,172628,4164584,14753.085,10812.783,0,609.284,0,59.125,3930,5061,1.390,1.780,1.090,1,0,0,0,0,14,132,0,14,0
25-06 21:41:19,22.534,5.508,68.103,0.751,0,3424220,183400,172628,4164764,5227.909,1622.455,0,1181.788,0,134.203,6089,8861,1.360,1.770,1.090,2,0,0,0,0,14,132,0,14,0
25-06 21:41:20,28.946,5.240,64.380,0.499,0,3429416,177640,172644,4165280,5030.601,3006.383,399.254,642.799,64.879,60.886,8113,12511,1.360,1.770,1.090,1,0,2.994,0,0,14,132,0,14,0
25-06 21:41:21,32.696,16.972,47.671,0.998,0,3363024,243796,172644,4165500,6867.621,2100.520,0,6353.473,0,429.289,8981,11961,1.360,1.770,1.090,2,0,285.527,0,0,14,131,0,15,0
25-06 21:41:22,24.000,3.500,71.000,0.250,0,3440632,166180,172648,4165504,5349.025,2038.010,4.000,652.003,1.000,22.000,2058,1477,1.360,1.770,1.090,0,0,2.000,0,0,14,133,1,15,0
25-06 21:41:23,17.780,5.008,76.628,0,0,3435388,171412,172648,4165516,12150.246,8868.778,0,324.541,0,17.028,2739,2136,1.360,1.770,1.090,1,0,49.082,0,0,14,133,0,16,0
25-06 21:41:24,7.492,20.727,69.924,0,0,3416048,190724,172648,4165544,4788.785,1708.140,0,2908.832,0,318.653,5474,3760,1.410,1.770,1.090,1,0,294.679,0,0,14,133,0,16,0
25-06 21:41:25,10.023,20.548,67.407,0.251,0,3379152,227456,172652,4165704,4642.840,1569.665,4.009,1246.911,1.002,70.164,5505,4140,1.410,1.770,1.090,1,0,294.688,0,0,14,133,0,16,0
25-06 21:41:26,22.705,16.218,59.882,0,0,3404680,201920,172652,4165712,5552.056,1658.730,0,183.638,0,9.980,6011,7366,1.410,1.770,1.090,2,0,190.624,0,0,14,133,0,15,0
25-06 21:41:27,30.697,22.211,45.671,0,0,3469148,137412,172652,4165756,6800.187,1621.184,15.972,39.931,0.998,3.993,5775,4062,1.410,1.770,1.090,2,0,322.440,0,0,14,133,0,15,0
25-06 21:41:28,25.559,22.803,49.865,0,0,3461848,144236,172668,4166140,6088.096,1569.634,64.149,545.262,4.009,33.077,6436,5754,1.410,1.770,1.090,1,0,367.852,0,0,14,139,0,15,0
25-06 21:41:29,30.976,18.986,48.963,0,0,3491124,139192,172676,4142272,5192.052,1295.015,3.997,103.921,0.999,3.997,9361,15293,1.540,1.790,1.100,7,0,195.851,0,0,16,139,0,15,0
25-06 21:41:30,50.572,29.041,19.528,0.250,0,3628160,154532,172676,3992276,3927.558,1243.760,112.159,809.145,8.011,52.074,6741,6725,1.540,1.790,1.100,5,0,484.686,0,0,16,145,0,15,0
25-06 21:41:31,55.100,24.184,19.697,0.249,0,3718212,168376,172676,3890208,4895.711,1597.663,19.946,151.589,1.995,9.973,6645,6720,1.540,1.790,1.100,1,1,372.988,0,0,16,161,0,15,0
25-06 21:41:32,32.372,21.833,44.920,0.251,0,3757632,176020,172676,3843224,4924.621,1571.944,4.015,1184.479,1.004,52.197,7712,11577,1.540,1.790,1.100,3,0,278.051,0,0,16,161,0,15,0
25-06 21:41:33,33.427,25.195,40.661,0,0,3816340,173004,172676,3788716,4613.876,1442.834,83.816,578.730,3.991,38.915,13397,4984,1.540,1.790,1.100,4,0,382.161,0,0,16,161,0,15,0
25-06 21:41:34,16.761,22.515,58.290,0,0,3838248,150964,172684,3788864,4090.788,1188.810,8.005,176.120,2.001,12.008,5689,4331,1.570,1.790,1.110,2,0,344.235,0,0,17,161,0,15,0
25-06 21:41:35,14.783,21.547,61.886,0,0,3847952,141104,172684,3789364,4648.225,1531.369,4.009,561.235,1.002,37.082,7212,9054,1.570,1.790,1.110,1,0,268.591,0,0,17,161,0,15,0
25-06 21:41:36,26.233,20.487,53.216,0,0.250,3898032,146468,172688,3735044,5529.424,1457.058,3.997,2302.511,0.999,8.994,5494,4482,1.570,1.790,1.110,2,0,354.771,0,0,17,161,0,15,0
25-06 21:41:37,35.426,20.707,42.661,0,0,3945636,131908,172692,3702752,5458.643,1616.637,0,546.862,0,85.821,6235,6288,1.570,1.790,1.110,5,0,368.234,0,0,17,163,0,15,0
25-06 21:41:38,31.781,20.770,46.045,0.500,0,4001276,122824,172692,3657220,5151.063,1567.541,36.035,224.220,3.003,12.012,5586,6848,1.570,1.790,1.110,4,0,290.285,0,0,17,173,0,15,0
25-06 21:41:39,38.042,29.032,32.035,0,0,4114148,152556,172700,3517912,4777.273,1513.671,28.031,428.473,4.004,29.032,8829,11068,1.770,1.830,1.120,4,0,441.487,0,0,17,179,0,15,0
25-06 21:41:40,20.497,26.746,50.493,0.250,0,4165452,144344,172700,3475928,4799.291,1661.754,51.992,15669.684,5.999,880.870,9470,12003,1.770,1.830,1.120,1,0,396.941,0,0,17,185,0,15,0
25-06 21:41:41,16.227,20.221,60.912,0.250,0,4169296,140484,172700,3475964,5289.384,1617.671,3.994,595.143,0.999,29.957,5404,4014,1.770,1.830,1.120,5,0,297.572,0,0,17,193,0,15,0
25-06 21:41:42,13.016,23.278,61.324,0,0,4172880,179224,172700,3434720,5286.342,1712.054,8.010,845.014,2.002,62.074,6061,6710,1.770,1.830,1.120,2,0,302.363,0,0,17,201,0,15,0
25-06 21:41:43,23.253,15.502,59.258,0.250,0,4207292,144624,172700,3434460,5040.673,1620.216,340.045,168.022,6.001,13.002,5170,4964,1.770,1.830,1.120,2,0,189.025,0,0,17,201,0,15,0
25-06 21:41:44,48.106,11.466,39.382,0.499,0.249,4335460,136684,172700,3316184,5383.864,1615.159,985.048,219.343,19.940,19.940,4058,11370,1.790,1.830,1.130,3,0,36.889,0,0,17,201,0,16,0
25-06 21:41:45,41.463,9.991,47.208,0,0,4447432,168272,172708,3176524,4795.698,1618.548,75.932,399.641,5.995,37.966,3648,2727,1.790,1.830,1.130,1,0,10.990,0,0,17,208,0,16,0
25-06 21:41:46,28.634,7.786,63.044,0,0,4355928,259560,172708,3176740,4899.856,1627.592,16.075,188.881,1.005,16.075,3356,2460,1.790,1.830,1.130,5,0,108.506,0,0,17,209,0,16,0
25-06 21:41:47,30.706,28.958,38.944,0.250,0,4409720,203628,172720,3178868,4571.419,1455.904,2025.085,383.448,28.958,23.965,6684,5956,1.790,1.830,1.130,7,0,513.261,0,0,17,209,0,15,0
25-06 21:41:48,37.655,28.927,31.670,0.499,0.249,4484360,125784,172736,3182504,12974.414,9516.100,997.495,706.226,19.950,46.882,7887,9165,1.790,1.830,1.130,8,0,415.955,0,0,17,218,0,15,0
25-06 21:41:49,51.810,18.772,28.783,0,0,4449448,159156,172744,3183916,4772.493,2225.561,72.083,969.115,5.006,18.021,5466,7443,1.880,1.850,1.140,6,0,189.218,0,0,17,217,0,16,0
25-06 21:41:50,70.855,14.522,13.270,0,0,4589636,139872,172744,3066520,6420.531,3591.331,308.458,468.696,13.019,25.037,4879,3830,1.880,1.850,1.140,2,0,54.080,0,0,17,221,0,16,0
25-06 21:41:51,57.689,13.236,24.224,3.746,0,4668480,138248,172824,2991880,13143.149,9639.841,7524.071,1478.442,451.524,104.889,5737,5622,1.880,1.850,1.140,5,0,27.971,0,0,17,227,0,15,0
25-06 21:41:52,53.362,19.290,26.305,0.752,0,4650536,262116,172844,2888752,6169.903,2508.245,408.855,9592.059,58.122,88.184,6894,8167,1.880,1.850,1.140,4,0,234.490,0,0,17,225,0,20,0
25-06 21:41:53,36.477,26.234,35.728,0,0,4723180,186676,172844,2891864,10217.580,7166.497,0,303.809,0,20.987,7479,8518,1.880,1.850,1.140,3,0,478.699,0,0,17,226,0,20,0
25-06 21:41:54,41.889,19.947,36.404,0,0,4647676,261460,172844,2892240,11066.781,6764.141,95.747,1535.945,6.982,113.700,7016,9301,1.890,1.860,1.140,5,0,316.165,0,0,17,229,0,23,0
25-06 21:41:55,58.458,29.104,12.043,0.251,0,4730064,213240,172844,2859068,5136.291,1463.211,32.114,413.472,1.004,33.118,6790,8425,1.890,1.860,1.140,4,0,475.694,0,0,17,229,0,21,0
25-06 21:41:56,55.886,21.706,21.207,0.499,0,4810740,161624,172868,2830100,14949.570,11471.649,1285.384,662.651,57.882,34.929,7452,10438,1.890,1.860,1.140,4,0,254.482,0,0,17,234,0,23,0
25-06 21:41:57,53.279,28.516,17.760,0,0,4851872,118828,172876,2831724,6666.682,2567.418,0,936.517,0,50.028,6559,6487,1.890,1.860,1.140,6,0,483.267,0,0,17,233,0,24,0
25-06 21:41:58,54.984,20.744,22.744,0.250,0,4917484,120744,172880,2765772,10922.908,7330.925,575.837,3035.141,29.992,186.947,7242,13823,1.890,1.860,1.140,4,0,226.936,0,0,17,240,0,26,0
25-06 21:41:59,62.936,19.980,16.483,0.250,0,4947856,189784,172884,2668856,10845.051,6907.027,951.040,855.137,20.979,42.957,8115,12813,2.060,1.890,1.160,4,0,148.850,0,0,17,239,0,25,0
25-06 21:42:00,62.570,10.221,26.175,0.249,0,5074296,140664,172892,2593568,10948.537,7353.867,510.533,5500.194,14.957,795.713,4361,2498,2.060,1.890,1.160,5,1,3.989,0,0,17,242,0,26,0
25-06 21:42:01,49.233,10.746,37.737,0.750,0,5132656,123292,172892,2553616,17149.118,13947.216,1643.436,8289.157,85.971,409.859,5844,8296,2.060,1.890,1.160,2,0,10.996,0,0,17,249,0,29,0
25-06 21:42:02,60.270,17.579,22.350,0.502,0,5042336,237380,172908,2530968,8043.003,3415.288,1193.342,6050.082,25.112,142.639,6619,6568,2.060,1.890,1.160,3,1,254.138,0,0,17,249,0,31,0
25-06 21:42:03,42.782,29.272,25.269,0.250,0,5123148,152956,173024,2534456,11012.335,7218.463,4119.118,1204.912,55.042,53.040,6949,7869,2.060,1.890,1.160,4,0,459.348,0,0,17,250,0,30,0
25-06 21:42:04,55.535,22.264,21.263,0,0,5076904,199156,173024,2534512,10899.816,6765.230,528.330,844.528,5.003,29.018,5788,7709,2.140,1.910,1.170,3,0,275.172,0,0,17,249,0,31,0
25-06 21:42:05,75.312,19.950,4.738,0.499,0,5165448,167740,173028,2480052,11497.265,7314.718,1005.487,913.716,22.943,66.833,6311,6516,2.140,1.910,1.170,4,0,169.576,0,0,18,257,0,31,0
25-06 21:42:06,78.675,14.440,5.477,0.498,0,5211212,202296,173040,2402364,11540.386,6910.488,3286.441,1696.998,163.326,183.244,6304,6196,2.140,1.910,1.170,6,0,16.930,0,0,18,258,0,32,0
25-06 21:42:07,77.681,16.341,6.033,0.251,0,5313828,123020,173076,2379756,6335.148,1629.038,1234.851,1757.752,37.206,88.491,6306,7264,2.140,1.910,1.170,6,0,113.630,0,0,18,263,0,31,0
25-06 21:42:08,34.362,13.197,49.551,0.249,0,5330172,153956,173084,2333864,22554.505,14048.633,565.730,756.963,8.964,61.752,4891,4370,2.140,1.910,1.170,3,0,120.516,0,0,18,266,0,32,0
25-06 21:42:09,42.219,11.242,45.716,0.250,0,5347768,127420,173084,2342912,9657511.003,165770.117,767.431,435.677,5.996,25.981,11041,6420,2.130,1.910,1.170,3,0,11.991,0,0,18,269,0,32,0
25-06 21:42:10,48.240,20.351,30.652,0.251,0,5372772,117644,173088,2328464,7089489.711,126284.795,2818.009,357.779,31.155,20.100,10308,6283,2.130,1.910,1.170,2,0,266.324,0,0,18,269,0,32,0
25-06 21:42:11,43.343,6.975,48.574,0.249,0,5364464,158108,173088,2297264,9956.911,6759.500,255.075,661.602,1.993,69.747,3875,3312,2.130,1.910,1.170,1,0,7.971,0,0,18,273,0,31,0
25-06 21:42:12,38.896,5.772,53.701,0.251,0,5406948,143112,173088,2270872,14765.249,10924.879,64.240,562.103,4.015,56.210,4716,5701,2.130,1.910,1.170,2,0,3.011,0,0,18,280,0,32,0
25-06 21:42:13,23.163,3.736,69.739,0.498,0,5372504,177088,173088,2271356,316808.349,10937257.994,414.450,11126.395,20.922,303.864,5194,4322,2.130,1.910,1.170,1,0,0.996,0,0,18,278,0,34,0
25-06 21:42:14,26.002,5.500,66.506,0,0,5405456,144128,173088,2271364,5132707.865,5573911.902,0,340.029,0,20.002,9289,5141,2.040,1.900,1.170,2,0,5.000,0,0,18,282,0,35,0
25-06 21:42:15,38.191,6.989,51.670,0.749,0,5413984,135936,173096,2272104,12078579.544,213291.839,51.919,842.692,3.994,75.882,19738,15697,2.040,1.900,1.170,2,0,6.989,0,0,18,281,0,37,0
25-06 21:42:16,16.583,15.075,65.577,0,0,5283984,265860,173096,2272180,8906.397,4565.760,32.160,735.667,2.010,61.306,4949,4253,2.040,1.900,1.170,3,0,231.152,0,0,18,280,0,38,0
25-06 21:42:17,14.673,14.424,69.386,0.249,0,5325524,224276,173096,2272224,5031.638,1450.401,15.917,517.290,1.990,32.828,4714,4191,2.040,1.900,1.170,1,0,270.582,0,0,18,280,0,38,0
25-06 21:42:18,22.291,4.258,71.882,0.250,0,5295408,254384,173096,2272232,5067.274,1460.673,0,2067.785,0,33.061,2455,2107,2.040,1.900,1.170,1,0,14.026,0,0,18,280,0,38,0
25-06 21:42:19,8.002,19.504,70.765,0,0,5288712,261044,173096,2272268,5599.221,1458.318,0,336.073,0,17.004,5294,3899,1.950,1.880,1.170,1,0,277.060,0,0,18,280,0,37,0
25-06 21:42:20,7.753,21.257,69.024,0.250,0,5289008,260692,173096,2272324,5161.795,1620.564,12.004,17942.241,1.000,110.038,5459,4429,1.950,1.880,1.170,1,0,293.102,0,0,18,280,0,37,0
25-06 21:42:21,5.238,5.737,86.805,0.499,0,5284912,264648,173096,2272464,5165.404,1616.371,0,7758.583,0,946.874,2951,2547,1.950,1.880,1.170,0,0,87.803,0,0,18,284,0,37,0
25-06 21:42:22,16.520,3.504,78.846,0,0,5336808,212752,173096,2272464,4703.739,1459.781,0,0,0,0,1873,1555,1.950,1.880,1.170,1,0,10.012,0,0,18,284,0,37,0
25-06 21:42:23,18.064,2.760,79.283,0,0,5365008,184540,173096,2272476,13061.633,9588.232,0,0,0,0,1964,1616,1.950,1.880,1.170,2,0,0,0,0,18,286,0,37,0
25-06 21:42:24,15.012,12.010,70.809,0,0,5336944,212488,173100,2272572,6435.338,2692.233,72.060,8.007,6.005,2.002,4041,2892,1.880,1.870,1.170,2,0,130.108,0,0,18,288,0,36,0
25-06 21:42:25,13.750,16.750,67.001,0.500,0,5315640,233568,173104,2272760,4740.097,1620.033,0,512.011,0,49.001,5358,4495,1.880,1.870,1.170,1,0,183.004,0,0,18,292,0,36,0
25-06 21:42:26,12.458,17.690,68.516,0,0,5311080,237924,173104,2272964,5279.006,1614.497,47.837,207.293,1.993,19.932,5012,3855,1.880,1.870,1.170,2,0,172.412,0,0,18,292,0,36,0
25-06 21:42:27,16.028,12.021,70.876,0,0,5337168,211740,173104,2273060,6190.983,1622.879,4.007,168.299,1.002,14.025,3713,2768,1.880,1.870,1.170,1,0,118.210,0,0,18,292,0,36,0
25-06 21:42:28,22.675,3.738,72.509,0,0,5397372,151536,173104,2273060,6398.760,1656.501,0,458.478,0,20.931,2101,1639,1.880,1.870,1.170,2,0,0.997,0,0,18,292,0,36,0
25-06 21:42:29,23.246,3.499,71.487,0.250,0,5409180,157392,173104,2256080,5606.963,1457.730,419.922,247.954,13.997,33.994,2494,2379,1.810,1.850,1.170,2,0,3.999,0,0,18,296,0,36,0
25-06 21:42:30,23.508,3.001,71.776,0.750,0,5370472,196100,173104,2256080,3955.415,1134.406,0,3001.074,0,156.056,2386,2213,1.810,1.850,1.170,1,0,5.002,0,0,18,292,0,36,0
25-06 21:42:31,23.486,3.748,72.457,0,0,5422756,143768,173104,2256128,3053.183,377.775,23.986,127.924,3.998,10.993,2046,1647,1.810,1.850,1.170,3,0,0,0,0,18,292,0,36,0
25-06 21:42:32,17.502,3.750,77.260,0.250,0,5447348,119036,173104,2256268,11303.486,8585.129,0,320.042,0,24.003,2509,2436,1.810,1.850,1.170,0,0,4.001,0,0,18,295,0,36,0
25-06 21:42:33,18.508,1.501,78.534,0,0,5433528,132844,173104,2256280,16849.196,13470.753,0,480.205,0,22.009,2436,2358,1.810,1.850,1.170,1,0,1.000,0,0,18,298,0,38,0
25-06 21:42:34,22.503,5.001,71.260,0,0,5328668,237700,173104,2256292,4786.702,1566.230,0,164.024,0,18.003,2278,1766,1.740,1.840,1.170,1,0,15.002,0,0,18,292,0,38,0
25-06 21:42:35,24.739,2.749,70.968,0.500,0,5356716,209476,173104,2256468,4290.082,1511.324,47.979,683.694,1.999,57.974,2338,2158,1.740,1.840,1.170,1,0,0,0,0,18,292,0,38,0
25-06 21:42:36,12.787,16.547,69.700,0,0,5331304,234876,173112,2256472,5223.975,1516.347,389.115,361.035,4.011,11.032,4689,3672,1.740,1.840,1.170,3,0,232.667,0,0,18,292,0,38,0
25-06 21:42:37,9.509,19.268,69.566,0,0,5322232,243776,173112,2256644,4716.507,1513.446,32.031,632.604,3.003,2.002,5228,3876,1.740,1.840,1.170,1,0,311.297,0,0,18,292,0,38,0
25-06 21:42:38,20.754,6.001,72.013,0,0,5376656,189316,173136,2256656,5493.026,1512.282,0,0,0,0,2444,1876,1.740,1.840,1.170,1,0,57.011,0,0,18,292,0,38,0
25-06 21:42:39,12.697,2.241,83.653,0.249,0.249,5381476,183436,173188,2257664,11528.189,4380.831,0,258.926,0,5.975,1675,1492,1.760,1.840,1.170,2,0,16.930,0,0,18,293,0,38,0
25-06 21:42:40,22.361,5.025,71.102,0,0,5374312,184480,173772,2263052,4381.690,1139.641,0,775.841,0,12.060,6171,10677,1.760,1.840,1.170,2,0,7.035,0,0,18,292,0,38,0
25-06 21:42:41,18.231,4.245,75.420,0.250,0,5344060,213632,173824,2264084,9701.684,3290.501,23.975,3180.618,3.996,428.544,5145,8463,1.760,1.840,1.170,1,0,7.992,0,0,18,293,0,38,0
25-06 21:42:42,20.902,6.719,70.173,0,0,5358136,199184,173880,2264400,5848.710,2443.598,27.870,374.254,3.981,10.949,9892,17481,1.760,1.840,1.170,1,0,20.902,0,0,18,293,0,38,0
25-06 21:42:43,19.004,8.752,70.766,0.250,0,5294660,268664,173968,2258372,5203.204,1836.425,0,6577.522,0,140.032,3327,2684,1.760,1.840,1.170,3,0,95.022,0,0,18,292,0,38,0
25-06 21:42:44,21.123,14.836,63.871,0,0,5362160,201136,173968,2261672,4647.027,1671.723,0,10987.905,0,22.129,4607,9571,1.780,1.840,1.180,2,0,211.228,0,0,19,293,0,38,0
25-06 21:42:45,23.833,3.476,70.258,0.745,0,5376028,187036,173968,2258616,5899.699,3623.633,31.778,1084.409,0.993,74.479,2777,5264,1.780,1.840,1.180,0,0,0.993,0,0,18,297,0,39,0
25-06 21:42:46,21.598,6.027,71.323,0,0,5344660,218344,173968,2258676,13006.833,9251.848,28.127,0,2.009,0,3134,2756,1.780,1.840,1.180,1,0,53.241,0,0,18,296,0,43,0
25-06 21:42:47,22.521,8.508,68.314,0,0,5401924,161052,173968,2258704,3805.549,972.907,0,324.302,0,28.026,3207,2915,1.780,1.840,1.180,1,0,68.063,0,0,18,296,0,43,0
25-06 21:42:48,19.186,2.990,75.996,0.249,0,5410860,152104,173972,2258712,10889.591,7908.558,0,279.067,0,28.903,2404,2352,1.780,1.840,1.180,1,0,0,0,0,18,297,0,42,0
25-06 21:42:49,19.962,7.486,71.615,0,0,5311520,251436,173972,2258720,6498.727,3825.775,0,155.706,0,8.983,2880,2245,1.720,1.830,1.180,3,0,69.868,0,0,18,296,0,43,0
25-06 21:42:50,19.019,3.003,76.578,0,0,5362660,200292,173972,2258724,10082.239,7286.399,0,108.110,0,8.008,1986,1610,1.720,1.830,1.180,2,0,0,0,0,18,297,0,43,0
25-06 21:42:51,20.510,5.753,72.787,0,0,5328864,234068,173972,2258744,11831.977,8829.460,0,184.093,0,11.006,2920,2325,1.720,1.830,1.180,2,0,56.028,0,0,18,296,0,44,0
25-06 21:42:52,23.018,3.503,72.556,0,0,5403028,159904,173972,2258744,4830.700,1809.386,0,44.034,0,4.003,1987,1511,1.720,1.830,1.180,0,0,1.001,0,0,18,296,1,38,0
25-06 21:42:53,18.832,3.264,77.588,0,0,5350396,212520,173972,2258760,14707.134,11487.092,0,0,0,0,2288,1900,1.720,1.830,1.180,6,0,21.092,0,0,18,296,0,41,0
25-06 21:42:54,22.103,4.719,71.525,0.248,0,5378396,184424,173972,2258856,4382.872,1502.018,91.393,139.076,5.960,13.908,2298,1942,1.660,1.820,1.180,1,0,12.914,0,0,18,296,0,41,0
25-06 21:42:55,18.278,2.253,77.618,0,0,5393152,169620,173972,2258904,11569.660,9445.418,32.049,608.929,1.002,50.076,2353,2449,1.660,1.820,1.180,0,0,0,0,0,18,297,0,41,0
25-06 21:42:56,16.019,5.757,76.841,0.250,0,5363672,198956,173972,2259048,8697.311,4607.462,0,332.394,0,34.040,2968,2783,1.660,1.820,1.180,1,0,47.056,0,0,18,296,0,37,0
25-06 21:42:57,22.742,3.749,73.723,0,0,5384804,177816,173972,2259056,6828.535,3584.706,0,235.915,0,20.992,2080,1578,1.660,1.820,1.180,0,0,0,0,0,18,297,0,37,0
25-06 21:42:58,21.737,4.247,72.705,0,0,5334996,227612,173972,2259068,13528.687,9868.936,0,163.899,0,13.991,2823,2352,1.660,1.820,1.180,1,0,31.980,0,0,18,296,0,40,0
25-06 21:42:59,22.207,3.992,72.859,0.250,0,5402176,160428,173972,2259072,4711.852,1858.392,0,155.698,0,12.975,2122,1668,1.610,1.800,1.180,0,0,0,0,0,18,297,0,40,0
25-06 21:43:00,13.291,1.755,83.005,0.251,0,5397036,165556,173972,2259084,15667.109,12360.956,0,276.850,0,32.099,2442,2608,1.610,1.800,1.180,1,0,0,0,0,18,296,0,36,0
25-06 21:43:01,11.251,11.001,74.754,1.250,0,5364664,196732,174504,2259748,5447.291,2635.141,1084.058,248.013,241.013,12.001,3950,3401,1.610,1.800,1.180,1,0,180.010,0,0,18,298,0,36,0
25-06 21:43:02,1.999,0.250,95.949,0,0,5352860,208500,174524,2259764,10749.255,3799.969,39.979,235.874,9.995,24.987,1353,1853,1.610,1.800,1.180,0,0,0.999,0,0,18,298,0,36,0
25-06 21:43:03,6.748,8.748,83.726,0.250,0,5335364,225940,174524,2259820,18676.664,4617.681,0,375.893,0,29.991,3261,3020,1.610,1.800,1.180,0,0,124.964,0,0,18,298,0,37,0
25-06 21:43:04,8.506,13.759,75.551,0,0,5326812,234412,174524,2259900,6233.206,1933.305,12.008,364.246,1.001,13.009,4268,3361,1.480,1.770,1.170,1,0,208.140,0,0,18,296,0,32,0
25-06 21:43:05,21.505,4.251,71.768,1.750,0,5354228,194384,174524,2272440,4639.153,1458.362,3668.912,1804.448,235.058,62.015,2808,3038,1.480,1.770,1.170,3,0,6.001,0,0,18,296,0,32,0
25-06 21:43:06,16.748,2.500,79.739,0.500,0,5366288,179808,174652,2274728,17577.551,5832.188,7.999,843.882,2.000,16.998,2151,1933,1.480,1.770,1.170,1,0,15.998,0,0,18,297,0,32,0
25-06 21:43:07,17.798,7.019,72.195,0.752,0,5308500,231144,174716,2281048,5204.061,932.520,1291.490,5623.194,21.057,466.260,4315,3895,1.480,1.770,1.170,1,0,108.293,0,0,18,296,0,32,0
25-06 21:43:08,17.517,10.510,71.068,0.250,0,5360764,178864,174716,2281064,5423.187,1459.396,0,216.207,0,8.008,3656,2949,1.480,1.770,1.170,1,0,195.187,0,0,18,296,0,32,0
25-06 21:43:09,18.921,2.988,76.930,0,0,5393256,146364,174716,2281072,10328.981,7248.810,0,143.403,0,2.988,2011,1629,1.520,1.780,1.170,1,0,0,0,0,18,297,0,29,0
25-06 21:43:10,20.750,5.250,73.249,0.250,0,5389008,150592,174716,2281092,22038.565,19094.623,0,207.996,0,24.000,2647,2227,1.520,1.780,1.170,1,0,46.999,0,0,18,296,0,31,0
25-06 21:43:11,18.242,4.498,76.216,0,0,5366044,192904,174716,2261900,9208.860,6466.093,0,0,0,0,1943,1574,1.520,1.780,1.170,3,0,0,0,0,18,297,0,31,0
25-06 21:43:12,20.745,4.249,74.233,0,0.250,5297892,260716,174716,2262240,7929.152,4717.901,335.922,7.998,19.995,2.000,2594,2099,1.520,1.780,1.170,1,0,14.997,0,0,18,296,0,33,0
25-06 21:43:13,20.995,3.499,74.484,0,0,5361600,196968,174716,2262280,6213.631,3531.222,0,95.979,0,2.999,2023,1605,1.520,1.780,1.170,0,0,0,0,0,18,297,0,31,0
25-06 21:43:14,20.039,4.509,73.143,1.503,0,5360772,195908,174716,2264168,10087.769,6282.312,1891.707,3739.328,72.141,198.389,4510,6195,1.400,1.750,1.170,1,0,1.002,0,0,18,297,0,31,0
25-06 21:43:15,24.731,5.746,67.948,0.500,0,5345960,210408,174716,2264480,5938.495,2922.783,47.964,2366.205,1.998,175.867,3544,4100,1.400,1.750,1.170,1,0,10.992,0,0,18,296,0,32,0
25-06 21:43:16,19.248,3.000,75.992,0.250,0,5362228,194140,174716,2264480,10677.833,7224.211,0,175.981,0,7.999,1941,1539,1.400,1.750,1.170,1,0,0,0,0,18,297,0,32,0
25-06 21:43:17,21.006,4.001,72.272,0.500,0,5362084,194140,174716,2264624,10314.113,6679.016,112.034,4397.327,5.002,326.098,5176,7240,1.400,1.750,1.170,1,0,0,0,0,18,296,0,26,0
25-06 21:43:18,25.106,24.603,49.207,0.251,0,5373000,183156,174720,2264688,5362.558,1626.843,514.163,409.724,4.017,34.144,5951,5032,1.400,1.750,1.170,2,0,426.795,0,0,18,296,0,26,0
25-06 21:43:19,23.248,25.748,49.246,0,0,5396420,159704,174720,2264720,5099.579,1619.866,511.958,1711.859,4.000,132.989,6427,5107,1.450,1.750,1.170,2,0,494.959,0,0,18,296,0,26,0
25-06 21:43:20,7.745,22.986,66.708,0.250,0.250,5377004,179100,174720,2264740,5096.789,1618.980,0,623.607,0,44.972,5904,4537,1.450,1.750,1.170,1,0,391.753,0,0,18,296,0,26,0
25-06 21:43:21,9.232,23.205,65.622,0.250,0,5367256,188820,174720,2264768,4959.363,1550.986,0,271.472,0,25.950,6127,5011,1.450,1.750,1.170,1,0,390.242,0,0,18,296,0,26,0
25-06 21:43:22,8.256,22.768,66.802,0.250,0.250,5363240,192816,174720,2264788,5089.939,1567.213,0,392.304,0,29.022,5806,4420,1.450,1.750,1.170,1,0,385.298,0,0,18,296,0,26,0
25-06 21:43:23,7.760,23.028,67.333,0,0,5318492,237544,174720,2264808,4223.201,1459.798,0,2022.491,0,341.420,6012,4525,1.450,1.750,1.170,1,0,413.509,0,0,18,296,0,26,0
25-06 21:43:24,8.236,21.213,67.383,0,0,5312780,243236,174720,2264828,4957.396,1563.287,0,31.945,0,7.986,5713,4196,1.490,1.750,1.180,2,0,370.357,0,0,18,296,0,26,0
25-06 21:43:25,8.486,22.963,66.144,0,0,5314780,241212,174720,2264852,4404.967,1509.590,0,519.171,0,38.938,5991,4872,1.490,1.750,1.180,1,0,379.394,0,0,18,296,0,25,0
25-06 21:43:26,9.285,22.084,67.257,0,0,5311148,244824,174720,2264872,4973.990,1463.588,0,140.537,0,12.046,5725,4366,1.490,1.750,1.180,2,0,385.472,0,0,18,296,0,25,0
25-06 21:43:27,12.938,14.679,68.917,0.249,0,5322420,233448,174728,2264968,5360.135,1558.480,35.827,756.350,2.986,56.726,4927,4143,1.490,1.750,1.180,1,0,246.809,0,0,18,296,0,25,0
25-06 21:43:28,18.483,8.242,71.934,0.500,0,5317488,345348,175100,2169328,6386.105,1510.606,0,2337.842,0,7.993,2317,1887,1.490,1.750,1.180,2,0,3.996,0,0,18,296,0,25,0
25-06 21:43:29,20.031,2.504,76.871,0,0,5328220,332052,175100,2171892,10263.105,3470.446,16.025,544.855,3.005,3.005,2082,1671,1.450,1.740,1.180,2,0,16.025,0,0,18,297,0,25,0
25-06 21:43:30,10.249,1.750,85.488,0.750,0,5341160,318192,175100,2172812,19305.353,10654.539,823.887,1139.844,53.993,36.995,1604,1588,1.450,1.740,1.180,1,0,0,0,0,18,297,0,25,0
25-06 21:43:31,13.231,2.247,81.881,0.999,0,5356592,301308,175100,2174264,25013.523,14381.029,1010.526,1745.455,62.908,62.908,1959,1978,1.450,1.740,1.180,1,0,0,0,0,18,297,0,25,0
25-06 21:43:32,13.801,2.007,82.553,0.502,0,5363928,293244,175100,2174988,16999.473,9092.415,546.007,1260.633,45.166,53.195,2048,2083,1.450,1.740,1.180,1,0,1.004,0,0,18,297,0,25,0
25-06 21:43:33,17.444,1.246,79.243,0.997,0,5370360,285328,175100,2176468,19053.291,10927.608,1148.281,1307.764,49.839,47.845,2025,1935,1.450,1.740,1.180,2,0,0,0,0,18,297,0,23,0
25-06 21:43:34,16.997,2.999,77.485,1.250,0,5362148,261252,175100,2208752,15888.951,8493.370,12489.603,1247.761,146.972,38.993,2202,1864,1.410,1.730,1.180,2,0,1.000,0,0,18,297,0,23,0
25-06 21:43:35,23.865,3.768,70.842,0.754,0,5366252,243624,175100,2222004,5004.145,1627.854,0,2604.567,0,90.436,2768,2796,1.410,1.730,1.180,1,0,0,0,0,18,297,0,23,0
25-06 21:43:36,24.154,2.739,71.714,0,0,5368892,225492,175104,2237228,5574.756,1613.562,0,1163.358,0,31.873,2389,2123,1.410,1.730,1.180,1,0,0,0,0,18,297,0,23,0
25-06 21:43:37,22.481,2.997,71.440,1.249,0,5377184,194760,175416,2259072,5143.670,1564.683,0,3736.854,0,170.856,2745,2925,1.410,1.730,1.180,2,1,0,0,0,18,297,0,23,0
25-06 21:43:38,24.064,2.757,72.442,0.501,0,5378876,177144,175416,2274724,4724.547,1516.026,0,1828.857,0,58.154,2266,2019,1.410,1.730,1.180,2,0,0,0,0,18,297,0,23,0
25-06 21:43:39,23.453,2.245,72.354,0.748,0,5378832,154012,175664,2297344,4850.183,1616.728,0,3349.221,0,236.521,2347,2131,1.380,1.720,1.170,1,0,0,0,0,18,297,0,23,0
25-06 21:43:40,22.600,5.022,71.817,0,0,5354596,194372,175792,2280992,4831.345,1639.242,0,14877.731,0,91.404,2414,1885,1.380,1.720,1.170,2,0,19.084,0,0,18,296,0,23,0
25-06 21:43:41,18.448,3.490,77.281,0.249,0,5347432,196140,175968,2286172,11935.207,4763.513,0,1810.873,0,17.949,2020,1623,1.380,1.720,1.170,2,0,17.949,0,0,18,296,0,23,0
25-06 21:43:42,24.192,5.487,68.337,0,0,5412600,129396,176004,2287664,3870.789,1077.436,0,331.212,0,6.983,8388,16137,1.380,1.720,1.170,4,0,7.981,0,0,18,296,0,23,0
25-06 21:43:43,22.578,6.272,68.989,0,0,5390000,151256,176016,2288392,4774.570,1505.224,0,1529.307,0,8.028,8368,15573,1.380,1.720,1.170,2,0,13.045,0,0,18,296,0,23,0
25-06 21:43:44,20.714,6.489,71.376,0.250,0,5389232,159284,176064,2281084,4749.762,1455.476,0,1241.846,0,45.920,2627,2348,1.430,1.720,1.180,2,0,13.976,0,0,18,296,0,23,0
25-06 21:43:45,28.226,7.244,62.945,0.250,0,5361828,186700,176064,2281104,5035.630,1618.595,0,291.747,0,25.977,4274,13776,1.430,1.720,1.180,2,0,86.925,0,0,18,296,0,23,0
25-06 21:43:46,22.947,6.235,68.341,0,0,5375420,173092,176064,2281120,5053.241,1227.144,0,0,0,0,8716,16139,1.430,1.720,1.180,1,0,23.944,0,0,18,296,0,23,0
25-06 21:43:47,18.771,3.754,76.588,0.250,0,5399600,143860,176064,2286172,11018.606,4361.991,16.018,1822.085,1.001,72.082,2380,2257,1.430,1.720,1.180,2,0,17.019,0,0,18,296,0,23,1
25-06 21:43:48,25.385,6.283,66.854,0,0,5377316,164748,176064,2287552,4712.985,1628.634,0,398.111,0,13.069,8236,16387,1.430,1.720,1.180,2,0,10.053,0,0,18,296,0,23,0
25-06 21:43:49,23.012,6.503,68.535,0,0,5378452,162596,176064,2288552,4068.053,1566.791,0,980.495,0,155.078,11407,20321,1.400,1.710,1.180,1,0,15.008,0,0,18,296,0,23,0
25-06 21:43:50,22.430,6.231,69.782,0.249,0,5339840,208548,176100,2281176,4426.162,1614.951,0,873.270,0,27.913,2819,2545,1.400,1.710,1.180,1,0,16.947,0,0,18,296,0,20,0
25-06 21:43:51,23.967,3.495,71.402,0,0,5349276,199088,176100,2281200,4390.991,1617.786,0,3.995,0,0.999,2477,2038,1.400,1.710,1.180,1,0,20.971,0,0,18,296,0,20,0
25-06 21:43:52,20.761,6.253,72.289,0,0,5346312,195464,176108,2287780,4922.628,1620.865,0,1220.652,0,25.013,3183,2661,1.400,1.710,1.180,1,0,98.052,0,0,18,296,0,20,0
25-06 21:43:53,20.959,2.495,75.102,0,0,5356140,181208,176172,2292080,8472.275,2886.302,0,3.992,0,0.998,2112,1716,1.400,1.710,1.180,0,0,15.968,0,0,18,297,0,20,0
25-06 21:43:54,16.023,1.753,81.368,0.501,0,5369720,167280,176188,2292396,17489.271,9016.028,4.006,1434.072,1.001,38.055,1851,1652,1.360,1.700,1.180,1,0,2.003,0,0,18,297,0,16,0
25-06 21:43:55,9.503,1.000,87.276,0.750,0,5366008,170668,176256,2292792,24944.297,14358.200,0,8878.597,0,307.090,1866,2144,1.360,1.700,1.180,0,0,0,0,0,18,297,0,16,0
25-06 21:43:56,6.501,1.250,91.258,0.500,0,5363752,172716,176264,2292992,147017.454,10344.947,0,924.085,0,40.004,1509,1610,1.360,1.700,1.180,0,0,0,0,0,18,298,0,16,0
25-06 21:43:57,14.005,1.250,83.032,0.250,0,5365928,170248,176320,2293212,26516.212,9806.777,32.012,1668.643,1.000,78.030,1919,2101,1.360,1.700,1.180,1,0,0,0,0,18,298,0,16,0
25-06 21:43:58,16.033,1.503,80.917,0.501,0,5373248,162436,176456,2293568,22679.882,13253.396,0,1603.314,0,55.114,1856,1725,1.360,1.700,1.180,1,0,0,0,0,18,298,0,15,0
25-06 21:43:59,9.004,1.501,88.035,0.250,0,5380784,154372,176580,2293956,338836.532,16046.371,0,1100.437,0,37.015,1899,1762,1.330,1.690,1.180,0,0,0,0,0,18,298,0,15,0
25-06 21:44:00,6.995,1.749,87.683,1.499,0,5380100,154372,176944,2294264,116589.400,20221.633,27.979,14233.184,3.997,196.850,2105,2376,1.330,1.690,1.180,0,0,0,0,0,18,298,0,15,0
25-06 21:44:01,13.471,1.746,83.320,0.249,0,5370984,154372,177088,2303184,51677.539,13595.676,103.776,1369.047,5.987,44.903,1843,1760,1.330,1.690,1.180,0,0,0.998,0,0,18,298,0,15,0
25-06 21:44:02,3.998,2.249,90.711,0.250,0,5367860,151096,177108,2309548,3492448.621,71153.656,0,2067.118,0,35.985,5164,3564,1.330,1.690,1.180,1,0,1.999,0,0,18,298,0,11,0
25-06 21:44:03,5.251,3.001,87.275,0.750,0,5369672,137992,177168,2320748,5987352.191,99524.411,0,7198.055,0,167.048,7385,4581,1.330,1.690,1.180,1,0,2.001,0,0,18,298,0,11,0
25-06 21:44:04,6.502,4.251,85.279,0.500,0,5366496,135152,177208,2326692,9024569.573,140916.696,164.056,11872.018,4.001,37.013,9518,4650,1.230,1.660,1.170,0,0,1.000,0,0,18,298,0,11,0
25-06 21:44:05,19.499,4.250,74.498,0.750,0,5374268,135804,177488,2318120,640107.633,12043.598,0,19679.343,0,390.987,3031,2702,1.230,1.660,1.170,3,0,1.000,0,0,18,298,0,11,0
25-06 21:44:06,22.494,3.499,72.231,0.750,0,5365980,126652,180716,2331956,6397.346,1551.599,0,4054.951,0,84.978,2499,2298,1.230,1.660,1.170,1,0,0,0,0,18,298,0,9,0
25-06 21:44:07,23.230,3.497,72.187,0.500,0,5363896,124436,181172,2335588,5934.783,1618.577,31.972,2058.191,0.999,67.940,2429,2362,1.230,1.660,1.170,2,0,0,0,0,18,298,0,9,0
25-06 21:44:08,23.248,3.000,71.494,0.750,0,5367416,127688,181952,2328352,5639.554,1619.872,0,2227.824,0,87.993,2459,2241,1.230,1.660,1.170,1,0,0,0,0,18,298,0,9,0
25-06 21:44:09,22.475,4.745,71.919,0.499,0,5362736,119852,182920,2339804,4854.537,1618.179,0,2053.689,0,77.912,2385,2094,1.210,1.650,1.170,7,0,0,0,0,18,298,0,9,0
25-06 21:44:10,23.801,5.261,68.397,0.251,0.251,5368516,131432,183408,2322032,4509.711,1623.496,0,79342.855,0,425.917,3175,2919,1.210,1.650,1.170,2,0,0,0,0,18,298,0,7,0
25-06 21:44:11,23.987,3.748,71.210,0.500,0,5367336,135592,184816,2317452,4634.407,1619.094,0,2190.774,0,29.983,2419,2206,1.210,1.650,1.170,1,0,0,0,0,18,298,0,7,0
25-06 21:44:12,23.516,3.502,71.297,0.750,0,5360876,141740,185704,2316320,4941.262,1458.963,0,2285.509,0,91.060,2732,2608,1.210,1.650,1.170,2,0,2.001,0,0,18,298,0,7,0
25-06 21:44:13,23.230,3.497,71.189,0.250,0,5307060,222268,186292,2288584,5059.679,1966.321,0,1454.758,0,53.954,2466,2163,1.210,1.650,1.170,3,0,1.998,0,0,18,296,0,7,0
25-06 21:44:14,17.206,3.990,77.550,0,0,5347548,181732,186320,2288604,11765.716,4549.291,0,905.669,0,24.936,2189,1782,1.190,1.640,1.170,2,0,32.915,0,0,18,297,0,5,0
25-06 21:44:15,24.072,8.024,66.950,0.502,0,5359976,162596,186412,2294848,4994.950,1703.097,0,129603.908,0,1283.843,4325,4407,1.190,1.640,1.170,1,0,10.030,0,0,18,296,0,5,0
25-06 21:44:16,21.996,6.749,69.488,0,0,5388804,132612,186456,2295880,5536.023,1619.714,0,0,0,0,10372,18862,1.190,1.640,1.170,3,0,11.998,0,0,18,296,0,5,0
25-06 21:44:17,22.808,7.269,68.425,0,0,5387812,133344,186500,2296064,4796.241,1531.910,32.082,3352.556,1.003,56.143,9861,17285,1.190,1.640,1.170,3,0,13.033,0,0,18,296,0,5,0
25-06 21:44:18,35.041,10.512,53.563,0,0,5351876,176664,186512,2288832,5672.662,1621.905,512.602,552.649,4.005,24.028,3246,2227,1.190,1.640,1.170,2,0,13.015,0,0,18,296,0,3,0
25-06 21:44:19,36.114,8.966,53.050,0.996,0,5369596,156704,186592,2291152,5124.649,1452.515,1757.364,35.865,148.439,2.989,3364,2209,1.260,1.640,1.170,2,0,11.955,0,0,18,296,0,3,0
25-06 21:44:20,21.819,3.762,70.722,2.257,0,5367032,156228,186600,2294184,4901.419,1625.112,1653.201,3948.421,203.641,293.925,4252,5087,1.260,1.640,1.170,2,0,0,0,0,18,298,0,4,0
25-06 21:44:21,25.778,5.256,65.071,1.502,0,5367148,154888,186600,2295408,4780.217,1459.593,736.804,2234.438,45.049,275.300,7312,10707,1.260,1.640,1.170,1,1,1.001,0,0,18,299,0,7,0
25-06 21:44:22,11.210,18.434,68.007,0.249,0,5314376,207472,186600,2295596,4382.341,1452.809,127.544,1303.343,0.996,91.672,5376,4611,1.260,1.640,1.170,1,0,291.957,0,0,18,298,0,7,0
25-06 21:44:23,13.207,16.198,67.283,1.744,0,5296920,222228,186600,2298304,4605.138,1560.962,2667.391,275.112,275.112,12.958,4465,3549,1.260,1.640,1.170,1,1,155.498,0,0,18,298,0,9,0
25-06 21:44:24,5.538,3.776,72.746,16.613,0,5299316,179136,186600,2339000,4367.767,1522.375,41079.966,3934.816,3243.102,163.112,5204,8559,1.240,1.630,1.170,0,1,0,0,0,18,298,0,9,0
25-06 21:44:25,7.216,1.742,88.328,0.249,0,5298876,179352,186600,2339224,4822.969,2461.247,119.430,1381.403,24.881,44.786,1845,2293,1.240,1.630,1.170,0,0,5.971,0,0,18,299,0,9,0
25-06 21:44:26,1.499,0.749,96.408,0,0,5296128,182100,186600,2339224,10834.671,3118.027,0,15.985,0,3.996,1035,1369,1.240,1.630,1.170,0,0,0,0,0,18,299,0,9,0
25-06 21:44:27,1.251,0.750,97.561,0,0,5293756,184472,186600,2339224,6183.888,1621.019,0,0,0,0,908,1290,1.240,1.630,1.170,0,0,0,0,0,18,299,0,9,0
25-06 21:44:28,2.000,0.500,96.014,0,0,5292156,186072,186600,2339224,42234.300,3784.565,0,60.009,0,4.001,1114,1465,1.240,1.630,1.170,0,0,0,0,0,18,299,0,9,0
25-06 21:44:29,1.000,0.500,97.501,0,0,5290272,187956,186600,2339224,6000.074,1620.020,0,0,0,0,935,1315,1.140,1.600,1.170,0,0,0,0,0,18,299,0,9,0
25-06 21:44:30,1.500,0.750,96.994,0,0,5288920,189256,186600,2339276,106819.165,2585.835,0,4.000,0,1.000,1001,1324,1.140,1.600,1.170,1,0,2.000,0,0,18,299,0,9,0
25-06 21:44:31,5.757,2.753,89.854,0.250,0,5272644,205232,186612,2339564,148924.056,128098.856,300.349,1289.498,14.016,44.051,1912,2112,1.140,1.600,1.170,1,1,13.015,0,0,18,298,0,9,0
25-06 21:44:32,2.256,1.253,95.493,0.501,0,5265064,212800,186612,2339576,4631.789,1624.134,0,673.715,0,61.156,1542,2395,1.140,1.600,1.170,0,0,1.003,0,0,18,298,0,9,0
25-06 21:44:33,1.746,0.748,95.010,0.748,0,5263976,213884,186612,2339580,4686.186,1454.334,0,1735.624,0,106.731,1346,2125,1.140,1.600,1.170,0,0,0,0,0,18,298,0,9,0
25-06 21:44:34,1.000,0.500,97.242,0,0,5262788,215072,186612,2339580,4891.599,1511.876,0,0,0,0,917,1241,1.050,1.580,1.160,0,0,0,0,0,18,298,0,9,0
25-06 21:44:35,1.750,0.750,95.763,0.250,0,5262528,215332,186612,2339580,4676.626,1566.210,0,2352.315,0,123.016,1375,2158,1.050,1.580,1.160,0,0,0,0,0,18,298,0,9,0
25-06 21:44:36,1.750,0.750,96.248,0,0,5262500,215360,186612,2339580,4714.892,1457.967,0,1923.956,0,343.992,1222,1449,1.050,1.580,1.160,0,0,0,0,0,18,298,0,9,0
25-06 21:44:37,1.250,0.750,97.247,0,0,5262500,215360,186612,2339580,4989.851,1457.957,0,0,0,0,895,1248,1.050,1.580,1.160,0,0,0,0,0,18,298,0,9,0
25-06 21:44:38,1.250,0.500,97.497,0,0,5262496,215360,186612,2339584,5351.826,1565.949,0,0,0,0,871,1228,1.050,1.580,1.160,0,0,0,0,0,18,298,0,9,0
25-06 21:44:39,1.250,0.500,97.256,0,0,5262496,215360,186612,2339584,4678.270,1512.087,0,0,0,0,916,1268,0.960,1.550,1.150,0,0,0,0,0,18,298,0,9,0
25-06 21:44:40,0.750,0.500,97.739,0,0,5262496,215360,186612,2339584,5127.435,1457.839,0,7.999,0,1.000,849,1236,0.960,1.550,1.150,1,0,0,0,0,18,298,0,9,0
25-06 21:44:41,1.749,1.999,95.221,0.500,0,5262496,215360,186612,2339584,5115.444,1619.507,0,31774.333,0,288.912,1414,1748,0.960,1.550,1.150,0,0,0,0,0,18,298,0,9,0
25-06 21:44:42,1.500,0.750,96.265,0.500,0,5262460,215360,186612,2339620,4578.691,1458.220,32.005,872.132,1.000,37.006,1203,1815,0.960,1.550,1.150,0,0,1.000,0,0,18,298,0,9,0
25-06 21:44:43,1.500,0.500,96.512,0,0,5262460,215360,186612,2339620,4440.547,1620.200,0,76.009,0,10.001,1091,1488,0.960,1.550,1.150,0,0,0,0,0,18,298,0,9,0
25-06 21:44:44,0.750,0.500,98.299,0,0,5262460,215360,186612,2339620,4922.451,1620.807,0,40.020,0,1.000,855,1212,0.880,1.520,1.150,0,0,0,0,0,18,298,0,9,0
25-06 21:44:45,7.499,4.749,86.236,0,0,5247724,230096,186612,2339620,5039.189,1619.739,0,275.956,0,23.996,2488,7360,0.880,1.520,1.150,0,0,35.994,0,0,18,298,0,10,0
25-06 21:44:46,1.000,1.999,95.713,0,0,5247824,229992,186612,2339624,4755.163,1619.374,0,41579.937,0,364.859,1430,1746,0.880,1.520,1.150,0,0,0,0,0,18,298,0,10,0
25-06 21:44:47,2.000,0.500,96.250,0.500,0,5248060,229992,186612,2339624,5012.019,1512.006,0,816.003,0,28.000,1197,1669,0.880,1.520,1.150,0,0,0,0,0,18,298,0,9,0
25-06 21:44:48,2.500,0.750,95.751,0,0,5248060,229992,186612,2339624,4666.060,1566.020,0,88.001,0,13.000,1185,1673,0.880,1.520,1.150,0,0,0,0,0,18,298,0,9,0
25-06 21:44:49,0.750,0.500,97.526,0,0,5248056,229992,186612,2339628,4773.249,1512.396,0,0,0,0,888,1236,0.810,1.500,1.140,0,0,0,0,0,18,298,0,9,0
25-06 21:44:50,1.500,0.500,96.989,0.250,0,5248056,229992,186612,2339628,4423.511,1079.881,0,175.981,0,10.999,843,1251,0.810,1.500,1.140,0,0,0,0,0,18,298,0,9,0
25-06 21:44:51,3.749,1.999,92.963,0,0,5248980,229048,186612,2339648,4953.043,1457.424,0,723.714,0,8.996,1558,2032,0.810,1.500,1.140,0,0,2.999,0,0,18,298,0,7,0
25-06 21:44:52,4.000,1.500,93.260,0.500,0,5248968,229048,186612,2339660,5506.590,1566.168,0,2280.244,0,24.003,1623,2134,0.810,1.500,1.140,0,0,3.000,0,0,18,298,0,9,0
25-06 21:44:53,2.251,1.000,96.036,0,0,5249196,228796,186612,2339684,4639.754,1458.551,0,204.077,0,18.007,1243,1721,0.810,1.500,1.140,0,0,1.000,0,0,18,298,0,9,0
25-06 21:44:54,1.498,0.250,96.393,0,0,5249192,228796,186612,2339688,4646.847,1510.325,0,7.991,0,0.999,1055,1414,0.750,1.470,1.130,0,0,1.998,0,0,18,298,0,9,0
25-06 21:44:55,1.502,1.001,96.600,0,0,5249192,228796,186612,2339688,4702.883,1459.515,0,188.195,0,20.021,1182,1759,0.750,1.470,1.130,1,0,0,0,0,18,298,0,9,0
25-06 21:44:56,1.249,0.250,96.953,0,0,5249192,228796,186612,2339688,5072.529,1457.290,0,139.932,0,8.996,947,1297,0.750,1.470,1.130,0,0,0,0,0,18,298,0,9,0
25-06 21:44:57,1.751,1.000,96.784,0.250,0,5249180,228796,186616,2339696,4999.746,1458.509,4.001,372.130,1.000,30.010,977,1380,0.750,1.470,1.130,0,0,0,0,0,18,298,0,9,0
25-06 21:44:58,1.500,0.750,96.008,0,0,5249176,228796,186616,2339700,4712.387,1512.124,0,80.007,0,11.001,1181,1538,0.750,1.470,1.130,0,0,0,0,0,18,298,0,9,0
25-06 21:44:59,1.000,0.500,97.227,0,0,5249176,228796,186616,2339700,4794.855,1565.626,0,0,0,0,959,1295,0.690,1.450,1.130,0,0,0,0,0,18,298,0,9,0
25-06 21:45:00,1.500,0.750,97.021,0,0,5249176,228796,186616,2339700,4681.010,1620.350,0,4.001,0,1.000,879,1228,0.690,1.450,1.130,1,0,0,0,0,18,298,0,9,0
25-06 21:45:01,1.000,0.500,97.282,0,0,5249176,228796,186616,2339700,4308.410,810.265,0,8.003,0,1.000,911,1302,0.690,1.450,1.130,0,0,0,0,0,18,298,0,9,0
25-06 21:45:02,10.258,3.753,84.564,0.500,0,5264848,213068,186616,2339756,275077.003,4437.372,36.027,1537.168,2.002,73.056,2562,2740,0.690,1.450,1.130,1,0,22.017,0,0,18,298,0,9,0
25-06 21:45:03,10.741,3.997,83.433,0,0,5282912,194880,186616,2339880,281862.792,8167.416,119.903,171.861,4.996,12.990,2557,2230,0.690,1.450,1.130,0,0,25.979,0,0,18,298,0,9,0
