Mar 11 17:30:41 jammy-provider-cloud-0000008041 systemd[1]: Starting Devstack devstack@g-api.service...
Mar 11 17:30:41 jammy-provider-cloud-0000008041 devstack@g-api.service[115072]: [uWSGI] getting INI configuration from /etc/glance/glance-uwsgi.ini
Mar 11 17:30:41 jammy-provider-cloud-0000008041 devstack@g-api.service[115072]: *** Starting uWSGI 2.0.20-debian (64bit) on [Tue Mar 11 17:30:41 2025] ***
Mar 11 17:30:41 jammy-provider-cloud-0000008041 devstack@g-api.service[115072]: compiled with version: 11.2.0 on 21 March 2022 11:00:44
Mar 11 17:30:41 jammy-provider-cloud-0000008041 devstack@g-api.service[115072]: os: Linux-5.15.0-107-generic #117-Ubuntu SMP Fri Apr 26 12:26:49 UTC 2024
Mar 11 17:30:41 jammy-provider-cloud-0000008041 devstack@g-api.service[115072]: nodename: jammy-provider-cloud-0000008041
Mar 11 17:30:41 jammy-provider-cloud-0000008041 devstack@g-api.service[115072]: machine: x86_64
Mar 11 17:30:41 jammy-provider-cloud-0000008041 devstack@g-api.service[115072]: clock source: unix
Mar 11 17:30:41 jammy-provider-cloud-0000008041 devstack@g-api.service[115072]: pcre jit disabled
Mar 11 17:30:41 jammy-provider-cloud-0000008041 devstack@g-api.service[115072]: detected number of CPU cores: 4
Mar 11 17:30:41 jammy-provider-cloud-0000008041 devstack@g-api.service[115072]: current working directory: /
Mar 11 17:30:41 jammy-provider-cloud-0000008041 devstack@g-api.service[115072]: detected binary path: /usr/bin/uwsgi-core
Mar 11 17:30:41 jammy-provider-cloud-0000008041 devstack@g-api.service[115072]: your processes number limit is 31298
Mar 11 17:30:41 jammy-provider-cloud-0000008041 devstack@g-api.service[115072]: your memory page size is 4096 bytes
Mar 11 17:30:41 jammy-provider-cloud-0000008041 devstack@g-api.service[115072]: detected max file descriptor number: 2048
Mar 11 17:30:41 jammy-provider-cloud-0000008041 devstack@g-api.service[115072]: lock engine: pthread robust mutexes
Mar 11 17:30:41 jammy-provider-cloud-0000008041 devstack@g-api.service[115072]: thunder lock: enabled
Mar 11 17:30:41 jammy-provider-cloud-0000008041 devstack@g-api.service[115072]: uwsgi socket 0 bound to TCP address 127.0.0.1:60999 fd 4
Mar 11 17:30:41 jammy-provider-cloud-0000008041 devstack@g-api.service[115072]: Python version: 3.10.12 (main, Feb  4 2025, 14:57:36) [GCC 11.4.0]
Mar 11 17:30:41 jammy-provider-cloud-0000008041 devstack@g-api.service[115072]: PEP 405 virtualenv detected: /opt/stack/data/venv
Mar 11 17:30:41 jammy-provider-cloud-0000008041 devstack@g-api.service[115072]: Set PythonHome to /opt/stack/data/venv
Mar 11 17:30:41 jammy-provider-cloud-0000008041 devstack@g-api.service[115072]: Python main interpreter initialized at 0x561df9108280
Mar 11 17:30:41 jammy-provider-cloud-0000008041 devstack@g-api.service[115072]: python threads support enabled
Mar 11 17:30:41 jammy-provider-cloud-0000008041 devstack@g-api.service[115072]: your server socket listen backlog is limited to 100 connections
Mar 11 17:30:41 jammy-provider-cloud-0000008041 devstack@g-api.service[115072]: your mercy for graceful operations on workers is 80 seconds
Mar 11 17:30:41 jammy-provider-cloud-0000008041 devstack@g-api.service[115072]: mapped 403077 bytes (393 KB) for 2 cores
Mar 11 17:30:41 jammy-provider-cloud-0000008041 devstack@g-api.service[115072]: *** Operational MODE: preforking ***
Mar 11 17:30:41 jammy-provider-cloud-0000008041 devstack@g-api.service[115072]: *** uWSGI is running in multiple interpreter mode ***
Mar 11 17:30:41 jammy-provider-cloud-0000008041 devstack@g-api.service[115072]: spawned uWSGI master process (pid: 115072)
Mar 11 17:30:41 jammy-provider-cloud-0000008041 systemd[1]: Started Devstack devstack@g-api.service.
Mar 11 17:30:41 jammy-provider-cloud-0000008041 devstack@g-api.service[115072]: spawned uWSGI worker 1 (pid: 115074, cores: 1)
Mar 11 17:30:41 jammy-provider-cloud-0000008041 devstack@g-api.service[115072]: spawned uWSGI worker 2 (pid: 115075, cores: 1)
Mar 11 17:30:41 jammy-provider-cloud-0000008041 devstack@g-api.service[115072]: running "unix_signal:15 gracefully_kill_them_all" (master-start)...
Mar 11 17:30:42 jammy-provider-cloud-0000008041 devstack@g-api.service[115075]: INFO glance.async_ [-] Threadpool model set to 'NativeThreadPoolModel'
Mar 11 17:30:42 jammy-provider-cloud-0000008041 devstack@g-api.service[115074]: INFO glance.async_ [-] Threadpool model set to 'NativeThreadPoolModel'
Mar 11 17:30:42 jammy-provider-cloud-0000008041 devstack@g-api.service[115075]: DEBUG oslo_concurrency.processutils [-] Running cmd (subprocess): grep -F node.session.scan /sbin/iscsiadm {{(pid=115075) execute /opt/stack/data/venv/lib/python3.10/site-packages/oslo_concurrency/processutils.py:349}}
Mar 11 17:30:42 jammy-provider-cloud-0000008041 devstack@g-api.service[115075]: DEBUG oslo_concurrency.processutils [-] CMD "grep -F node.session.scan /sbin/iscsiadm" returned: 0 in 0.016s {{(pid=115075) execute /opt/stack/data/venv/lib/python3.10/site-packages/oslo_concurrency/processutils.py:372}}
Mar 11 17:30:42 jammy-provider-cloud-0000008041 devstack@g-api.service[115074]: DEBUG oslo_concurrency.processutils [-] Running cmd (subprocess): grep -F node.session.scan /sbin/iscsiadm {{(pid=115074) execute /opt/stack/data/venv/lib/python3.10/site-packages/oslo_concurrency/processutils.py:349}}
Mar 11 17:30:42 jammy-provider-cloud-0000008041 devstack@g-api.service[115074]: DEBUG oslo_concurrency.processutils [-] CMD "grep -F node.session.scan /sbin/iscsiadm" returned: 0 in 0.012s {{(pid=115074) execute /opt/stack/data/venv/lib/python3.10/site-packages/oslo_concurrency/processutils.py:372}}
Mar 11 17:30:42 jammy-provider-cloud-0000008041 devstack@g-api.service[115075]: DEBUG glance_store.common.attachment_state_manager [-] Initialising _AttachmentStateManager {{(pid=115075) __init__ /opt/stack/data/venv/lib/python3.10/site-packages/glance_store/common/attachment_state_manager.py:86}}
Mar 11 17:30:42 jammy-provider-cloud-0000008041 devstack@g-api.service[115074]: DEBUG glance_store.common.attachment_state_manager [-] Initialising _AttachmentStateManager {{(pid=115074) __init__ /opt/stack/data/venv/lib/python3.10/site-packages/glance_store/common/attachment_state_manager.py:86}}
Mar 11 17:30:42 jammy-provider-cloud-0000008041 devstack@g-api.service[115075]: DEBUG glance_store.backend [-] Attempting to import store cinder {{(pid=115075) _load_store /opt/stack/data/venv/lib/python3.10/site-packages/glance_store/backend.py:216}}
Mar 11 17:30:42 jammy-provider-cloud-0000008041 devstack@g-api.service[115075]: DEBUG glance_store.backend [-] Attempting to import store file {{(pid=115075) _load_store /opt/stack/data/venv/lib/python3.10/site-packages/glance_store/backend.py:216}}
Mar 11 17:30:42 jammy-provider-cloud-0000008041 devstack@g-api.service[115075]: DEBUG glance_store.backend [-] Attempting to import store glance.store.cinder.Store {{(pid=115075) _load_store /opt/stack/data/venv/lib/python3.10/site-packages/glance_store/backend.py:216}}
Mar 11 17:30:42 jammy-provider-cloud-0000008041 devstack@g-api.service[115075]: DEBUG glance_store.backend [-] Attempting to import store glance.store.filesystem.Store {{(pid=115075) _load_store /opt/stack/data/venv/lib/python3.10/site-packages/glance_store/backend.py:216}}
Mar 11 17:30:42 jammy-provider-cloud-0000008041 devstack@g-api.service[115075]: DEBUG glance_store.backend [-] Attempting to import store glance.store.http.Store {{(pid=115075) _load_store /opt/stack/data/venv/lib/python3.10/site-packages/glance_store/backend.py:216}}
Mar 11 17:30:42 jammy-provider-cloud-0000008041 devstack@g-api.service[115075]: DEBUG glance_store.backend [-] Attempting to import store glance.store.rbd.Store {{(pid=115075) _load_store /opt/stack/data/venv/lib/python3.10/site-packages/glance_store/backend.py:216}}
Mar 11 17:30:42 jammy-provider-cloud-0000008041 devstack@g-api.service[115075]: DEBUG glance_store.backend [-] Attempting to import store glance.store.s3.Store {{(pid=115075) _load_store /opt/stack/data/venv/lib/python3.10/site-packages/glance_store/backend.py:216}}
Mar 11 17:30:42 jammy-provider-cloud-0000008041 devstack@g-api.service[115075]: DEBUG glance_store.backend [-] Attempting to import store glance.store.swift.Store {{(pid=115075) _load_store /opt/stack/data/venv/lib/python3.10/site-packages/glance_store/backend.py:216}}
Mar 11 17:30:42 jammy-provider-cloud-0000008041 devstack@g-api.service[115075]: DEBUG glance_store.backend [-] Attempting to import store glance.store.vmware_datastore.Store {{(pid=115075) _load_store /opt/stack/data/venv/lib/python3.10/site-packages/glance_store/backend.py:216}}
Mar 11 17:30:42 jammy-provider-cloud-0000008041 devstack@g-api.service[115075]: DEBUG glance_store.backend [-] Attempting to import store http {{(pid=115075) _load_store /opt/stack/data/venv/lib/python3.10/site-packages/glance_store/backend.py:216}}
Mar 11 17:30:42 jammy-provider-cloud-0000008041 devstack@g-api.service[115075]: DEBUG glance_store.backend [-] Attempting to import store no_conf {{(pid=115075) _load_store /opt/stack/data/venv/lib/python3.10/site-packages/glance_store/backend.py:216}}
Mar 11 17:30:42 jammy-provider-cloud-0000008041 devstack@g-api.service[115075]: DEBUG glance_store.backend [-] Attempting to import store rbd {{(pid=115075) _load_store /opt/stack/data/venv/lib/python3.10/site-packages/glance_store/backend.py:216}}
Mar 11 17:30:42 jammy-provider-cloud-0000008041 devstack@g-api.service[115075]: DEBUG glance_store.backend [-] Attempting to import store s3 {{(pid=115075) _load_store /opt/stack/data/venv/lib/python3.10/site-packages/glance_store/backend.py:216}}
Mar 11 17:30:42 jammy-provider-cloud-0000008041 devstack@g-api.service[115075]: DEBUG glance_store.backend [-] Attempting to import store swift {{(pid=115075) _load_store /opt/stack/data/venv/lib/python3.10/site-packages/glance_store/backend.py:216}}
Mar 11 17:30:42 jammy-provider-cloud-0000008041 devstack@g-api.service[115075]: DEBUG glance_store.backend [-] Attempting to import store vmware {{(pid=115075) _load_store /opt/stack/data/venv/lib/python3.10/site-packages/glance_store/backend.py:216}}
Mar 11 17:30:42 jammy-provider-cloud-0000008041 devstack@g-api.service[115075]: DEBUG glance_store.backend [-] Registering options for group glance_store {{(pid=115075) register_opts /opt/stack/data/venv/lib/python3.10/site-packages/glance_store/backend.py:145}}
Mar 11 17:30:42 jammy-provider-cloud-0000008041 devstack@g-api.service[115075]: DEBUG glance_store.backend [-] Registering options for group glance_store {{(pid=115075) register_opts /opt/stack/data/venv/lib/python3.10/site-packages/glance_store/backend.py:145}}
Mar 11 17:30:42 jammy-provider-cloud-0000008041 devstack@g-api.service[115075]: DEBUG glance_store.backend [-] Attempting to import store file {{(pid=115075) _load_store /opt/stack/data/venv/lib/python3.10/site-packages/glance_store/backend.py:216}}
Mar 11 17:30:42 jammy-provider-cloud-0000008041 devstack@g-api.service[115075]: DEBUG glance_store.capabilities [-] Store glance_store._drivers.filesystem.Store doesn't support updating dynamic storage capabilities. Please overwrite 'update_capabilities' method of the store to implement updating logics if needed. {{(pid=115075) update_capabilities /opt/stack/data/venv/lib/python3.10/site-packages/glance_store/capabilities.py:91}}
Mar 11 17:30:42 jammy-provider-cloud-0000008041 devstack@g-api.service[115075]: DEBUG glance_store.backend [-] Registering store file with schemes ('file', 'filesystem') {{(pid=115075) create_stores /opt/stack/data/venv/lib/python3.10/site-packages/glance_store/backend.py:262}}
Mar 11 17:30:42 jammy-provider-cloud-0000008041 devstack@g-api.service[115075]: DEBUG glance_store.driver [-] Late loading location class glance_store._drivers.filesystem.StoreLocation {{(pid=115075) get_store_location_class /opt/stack/data/venv/lib/python3.10/site-packages/glance_store/driver.py:133}}
Mar 11 17:30:42 jammy-provider-cloud-0000008041 devstack@g-api.service[115075]: DEBUG glance_store.location [-] Registering scheme file with {'store': <glance_store._drivers.filesystem.Store object at 0x7fc125bba620>, 'location_class': <class 'glance_store._drivers.filesystem.StoreLocation'>, 'store_entry': 'file'} {{(pid=115075) register_scheme_map /opt/stack/data/venv/lib/python3.10/site-packages/glance_store/location.py:146}}
Mar 11 17:30:42 jammy-provider-cloud-0000008041 devstack@g-api.service[115075]: DEBUG glance_store.location [-] Registering scheme filesystem with {'store': <glance_store._drivers.filesystem.Store object at 0x7fc125bba620>, 'location_class': <class 'glance_store._drivers.filesystem.StoreLocation'>, 'store_entry': 'file'} {{(pid=115075) register_scheme_map /opt/stack/data/venv/lib/python3.10/site-packages/glance_store/location.py:146}}
Mar 11 17:30:42 jammy-provider-cloud-0000008041 devstack@g-api.service[115075]: DEBUG glance_store.backend [-] Attempting to import store http {{(pid=115075) _load_store /opt/stack/data/venv/lib/python3.10/site-packages/glance_store/backend.py:216}}
Mar 11 17:30:42 jammy-provider-cloud-0000008041 devstack@g-api.service[115075]: DEBUG glance_store.capabilities [-] Store glance_store._drivers.http.Store doesn't support updating dynamic storage capabilities. Please overwrite 'update_capabilities' method of the store to implement updating logics if needed. {{(pid=115075) update_capabilities /opt/stack/data/venv/lib/python3.10/site-packages/glance_store/capabilities.py:91}}
Mar 11 17:30:42 jammy-provider-cloud-0000008041 devstack@g-api.service[115075]: DEBUG glance_store.backend [-] Registering store http with schemes ('http', 'https') {{(pid=115075) create_stores /opt/stack/data/venv/lib/python3.10/site-packages/glance_store/backend.py:262}}
Mar 11 17:30:42 jammy-provider-cloud-0000008041 devstack@g-api.service[115075]: DEBUG glance_store.driver [-] Late loading location class glance_store._drivers.http.StoreLocation {{(pid=115075) get_store_location_class /opt/stack/data/venv/lib/python3.10/site-packages/glance_store/driver.py:133}}
Mar 11 17:30:42 jammy-provider-cloud-0000008041 devstack@g-api.service[115075]: DEBUG glance_store.location [-] Registering scheme http with {'store': <glance_store._drivers.http.Store object at 0x7fc125bbb2b0>, 'location_class': <class 'glance_store._drivers.http.StoreLocation'>, 'store_entry': 'http'} {{(pid=115075) register_scheme_map /opt/stack/data/venv/lib/python3.10/site-packages/glance_store/location.py:146}}
Mar 11 17:30:42 jammy-provider-cloud-0000008041 devstack@g-api.service[115075]: DEBUG glance_store.location [-] Registering scheme https with {'store': <glance_store._drivers.http.Store object at 0x7fc125bbb2b0>, 'location_class': <class 'glance_store._drivers.http.StoreLocation'>, 'store_entry': 'http'} {{(pid=115075) register_scheme_map /opt/stack/data/venv/lib/python3.10/site-packages/glance_store/location.py:146}}
Mar 11 17:30:42 jammy-provider-cloud-0000008041 devstack@g-api.service[115075]: DEBUG glance.sqlite_migration [-] SQLite caching database not located, skipping migration {{(pid=115075) get_db_path /opt/stack/glance/glance/sqlite_migration.py:68}}
Mar 11 17:30:42 jammy-provider-cloud-0000008041 devstack@g-api.service[115075]: WARNING glance.common.wsgi_app [-] Import methods are enabled but staging directory /tmp/staging/ does not exist; Imports will fail!
Mar 11 17:30:42 jammy-provider-cloud-0000008041 devstack@g-api.service[115074]: DEBUG glance_store.backend [-] Attempting to import store cinder {{(pid=115074) _load_store /opt/stack/data/venv/lib/python3.10/site-packages/glance_store/backend.py:216}}
Mar 11 17:30:42 jammy-provider-cloud-0000008041 devstack@g-api.service[115074]: DEBUG glance_store.backend [-] Attempting to import store file {{(pid=115074) _load_store /opt/stack/data/venv/lib/python3.10/site-packages/glance_store/backend.py:216}}
Mar 11 17:30:42 jammy-provider-cloud-0000008041 devstack@g-api.service[115074]: DEBUG glance_store.backend [-] Attempting to import store glance.store.cinder.Store {{(pid=115074) _load_store /opt/stack/data/venv/lib/python3.10/site-packages/glance_store/backend.py:216}}
Mar 11 17:30:42 jammy-provider-cloud-0000008041 devstack@g-api.service[115074]: DEBUG glance_store.backend [-] Attempting to import store glance.store.filesystem.Store {{(pid=115074) _load_store /opt/stack/data/venv/lib/python3.10/site-packages/glance_store/backend.py:216}}
Mar 11 17:30:42 jammy-provider-cloud-0000008041 devstack@g-api.service[115074]: DEBUG glance_store.backend [-] Attempting to import store glance.store.http.Store {{(pid=115074) _load_store /opt/stack/data/venv/lib/python3.10/site-packages/glance_store/backend.py:216}}
Mar 11 17:30:42 jammy-provider-cloud-0000008041 devstack@g-api.service[115074]: DEBUG glance_store.backend [-] Attempting to import store glance.store.rbd.Store {{(pid=115074) _load_store /opt/stack/data/venv/lib/python3.10/site-packages/glance_store/backend.py:216}}
Mar 11 17:30:42 jammy-provider-cloud-0000008041 devstack@g-api.service[115074]: DEBUG glance_store.backend [-] Attempting to import store glance.store.s3.Store {{(pid=115074) _load_store /opt/stack/data/venv/lib/python3.10/site-packages/glance_store/backend.py:216}}
Mar 11 17:30:42 jammy-provider-cloud-0000008041 devstack@g-api.service[115074]: DEBUG glance_store.backend [-] Attempting to import store glance.store.swift.Store {{(pid=115074) _load_store /opt/stack/data/venv/lib/python3.10/site-packages/glance_store/backend.py:216}}
Mar 11 17:30:42 jammy-provider-cloud-0000008041 devstack@g-api.service[115074]: DEBUG glance_store.backend [-] Attempting to import store glance.store.vmware_datastore.Store {{(pid=115074) _load_store /opt/stack/data/venv/lib/python3.10/site-packages/glance_store/backend.py:216}}
Mar 11 17:30:42 jammy-provider-cloud-0000008041 devstack@g-api.service[115074]: DEBUG glance_store.backend [-] Attempting to import store http {{(pid=115074) _load_store /opt/stack/data/venv/lib/python3.10/site-packages/glance_store/backend.py:216}}
Mar 11 17:30:42 jammy-provider-cloud-0000008041 devstack@g-api.service[115074]: DEBUG glance_store.backend [-] Attempting to import store no_conf {{(pid=115074) _load_store /opt/stack/data/venv/lib/python3.10/site-packages/glance_store/backend.py:216}}
Mar 11 17:30:42 jammy-provider-cloud-0000008041 devstack@g-api.service[115074]: DEBUG glance_store.backend [-] Attempting to import store rbd {{(pid=115074) _load_store /opt/stack/data/venv/lib/python3.10/site-packages/glance_store/backend.py:216}}
Mar 11 17:30:42 jammy-provider-cloud-0000008041 devstack@g-api.service[115074]: DEBUG glance_store.backend [-] Attempting to import store s3 {{(pid=115074) _load_store /opt/stack/data/venv/lib/python3.10/site-packages/glance_store/backend.py:216}}
Mar 11 17:30:42 jammy-provider-cloud-0000008041 devstack@g-api.service[115074]: DEBUG glance_store.backend [-] Attempting to import store swift {{(pid=115074) _load_store /opt/stack/data/venv/lib/python3.10/site-packages/glance_store/backend.py:216}}
Mar 11 17:30:42 jammy-provider-cloud-0000008041 devstack@g-api.service[115074]: DEBUG glance_store.backend [-] Attempting to import store vmware {{(pid=115074) _load_store /opt/stack/data/venv/lib/python3.10/site-packages/glance_store/backend.py:216}}
Mar 11 17:30:42 jammy-provider-cloud-0000008041 devstack@g-api.service[115074]: DEBUG glance_store.backend [-] Registering options for group glance_store {{(pid=115074) register_opts /opt/stack/data/venv/lib/python3.10/site-packages/glance_store/backend.py:145}}
Mar 11 17:30:42 jammy-provider-cloud-0000008041 devstack@g-api.service[115074]: DEBUG glance_store.backend [-] Registering options for group glance_store {{(pid=115074) register_opts /opt/stack/data/venv/lib/python3.10/site-packages/glance_store/backend.py:145}}
Mar 11 17:30:42 jammy-provider-cloud-0000008041 devstack@g-api.service[115074]: DEBUG glance_store.backend [-] Attempting to import store file {{(pid=115074) _load_store /opt/stack/data/venv/lib/python3.10/site-packages/glance_store/backend.py:216}}
Mar 11 17:30:42 jammy-provider-cloud-0000008041 devstack@g-api.service[115074]: DEBUG glance_store.capabilities [-] Store glance_store._drivers.filesystem.Store doesn't support updating dynamic storage capabilities. Please overwrite 'update_capabilities' method of the store to implement updating logics if needed. {{(pid=115074) update_capabilities /opt/stack/data/venv/lib/python3.10/site-packages/glance_store/capabilities.py:91}}
Mar 11 17:30:42 jammy-provider-cloud-0000008041 devstack@g-api.service[115074]: DEBUG glance_store.backend [-] Registering store file with schemes ('file', 'filesystem') {{(pid=115074) create_stores /opt/stack/data/venv/lib/python3.10/site-packages/glance_store/backend.py:262}}
Mar 11 17:30:42 jammy-provider-cloud-0000008041 devstack@g-api.service[115074]: DEBUG glance_store.driver [-] Late loading location class glance_store._drivers.filesystem.StoreLocation {{(pid=115074) get_store_location_class /opt/stack/data/venv/lib/python3.10/site-packages/glance_store/driver.py:133}}
Mar 11 17:30:42 jammy-provider-cloud-0000008041 devstack@g-api.service[115074]: DEBUG glance_store.location [-] Registering scheme file with {'store': <glance_store._drivers.filesystem.Store object at 0x7fc125bba650>, 'location_class': <class 'glance_store._drivers.filesystem.StoreLocation'>, 'store_entry': 'file'} {{(pid=115074) register_scheme_map /opt/stack/data/venv/lib/python3.10/site-packages/glance_store/location.py:146}}
Mar 11 17:30:42 jammy-provider-cloud-0000008041 devstack@g-api.service[115074]: DEBUG glance_store.location [-] Registering scheme filesystem with {'store': <glance_store._drivers.filesystem.Store object at 0x7fc125bba650>, 'location_class': <class 'glance_store._drivers.filesystem.StoreLocation'>, 'store_entry': 'file'} {{(pid=115074) register_scheme_map /opt/stack/data/venv/lib/python3.10/site-packages/glance_store/location.py:146}}
Mar 11 17:30:42 jammy-provider-cloud-0000008041 devstack@g-api.service[115074]: DEBUG glance_store.backend [-] Attempting to import store http {{(pid=115074) _load_store /opt/stack/data/venv/lib/python3.10/site-packages/glance_store/backend.py:216}}
Mar 11 17:30:42 jammy-provider-cloud-0000008041 devstack@g-api.service[115074]: DEBUG glance_store.capabilities [-] Store glance_store._drivers.http.Store doesn't support updating dynamic storage capabilities. Please overwrite 'update_capabilities' method of the store to implement updating logics if needed. {{(pid=115074) update_capabilities /opt/stack/data/venv/lib/python3.10/site-packages/glance_store/capabilities.py:91}}
Mar 11 17:30:42 jammy-provider-cloud-0000008041 devstack@g-api.service[115074]: DEBUG glance_store.backend [-] Registering store http with schemes ('http', 'https') {{(pid=115074) create_stores /opt/stack/data/venv/lib/python3.10/site-packages/glance_store/backend.py:262}}
Mar 11 17:30:42 jammy-provider-cloud-0000008041 devstack@g-api.service[115074]: DEBUG glance_store.driver [-] Late loading location class glance_store._drivers.http.StoreLocation {{(pid=115074) get_store_location_class /opt/stack/data/venv/lib/python3.10/site-packages/glance_store/driver.py:133}}
Mar 11 17:30:42 jammy-provider-cloud-0000008041 devstack@g-api.service[115074]: DEBUG glance_store.location [-] Registering scheme http with {'store': <glance_store._drivers.http.Store object at 0x7fc1255199f0>, 'location_class': <class 'glance_store._drivers.http.StoreLocation'>, 'store_entry': 'http'} {{(pid=115074) register_scheme_map /opt/stack/data/venv/lib/python3.10/site-packages/glance_store/location.py:146}}
Mar 11 17:30:42 jammy-provider-cloud-0000008041 devstack@g-api.service[115074]: DEBUG glance_store.location [-] Registering scheme https with {'store': <glance_store._drivers.http.Store object at 0x7fc1255199f0>, 'location_class': <class 'glance_store._drivers.http.StoreLocation'>, 'store_entry': 'http'} {{(pid=115074) register_scheme_map /opt/stack/data/venv/lib/python3.10/site-packages/glance_store/location.py:146}}
Mar 11 17:30:42 jammy-provider-cloud-0000008041 devstack@g-api.service[115074]: DEBUG glance.sqlite_migration [-] SQLite caching database not located, skipping migration {{(pid=115074) get_db_path /opt/stack/glance/glance/sqlite_migration.py:68}}
Mar 11 17:30:42 jammy-provider-cloud-0000008041 devstack@g-api.service[115074]: WARNING glance.common.wsgi_app [-] Import methods are enabled but staging directory /tmp/staging/ does not exist; Imports will fail!
Mar 11 17:30:43 jammy-provider-cloud-0000008041 devstack@g-api.service[115075]: DEBUG glance.common.config [None req-9d885861-bcc0-4851-8684-4f2f59b2d08b None None] Loading glance-api-keystone+cachemanagement from /etc/glance/glance-api-paste.ini {{(pid=115075) load_paste_app /opt/stack/glance/glance/common/config.py:750}}
Mar 11 17:30:43 jammy-provider-cloud-0000008041 devstack@g-api.service[115074]: DEBUG glance.common.config [None req-f2b309a5-97e5-49b1-89ad-9418a78dc0b4 None None] Loading glance-api-keystone+cachemanagement from /etc/glance/glance-api-paste.ini {{(pid=115074) load_paste_app /opt/stack/glance/glance/common/config.py:750}}
Mar 11 17:30:43 jammy-provider-cloud-0000008041 devstack@g-api.service[115075]: INFO glance.image_cache [None req-9d885861-bcc0-4851-8684-4f2f59b2d08b None None] Image cache loaded driver 'centralized_db'.
Mar 11 17:30:43 jammy-provider-cloud-0000008041 devstack@g-api.service[115074]: INFO glance.image_cache [None req-f2b309a5-97e5-49b1-89ad-9418a78dc0b4 None None] Image cache loaded driver 'centralized_db'.
Mar 11 17:30:43 jammy-provider-cloud-0000008041 devstack@g-api.service[115075]: INFO dbcounter [None req-9d885861-bcc0-4851-8684-4f2f59b2d08b None None] Registered counter for database glance
Mar 11 17:30:43 jammy-provider-cloud-0000008041 devstack@g-api.service[115075]: DEBUG oslo_db.sqlalchemy.engines [None req-9d885861-bcc0-4851-8684-4f2f59b2d08b None None] MySQL server mode set to STRICT_TRANS_TABLES,STRICT_ALL_TABLES,NO_ZERO_IN_DATE,NO_ZERO_DATE,ERROR_FOR_DIVISION_BY_ZERO,TRADITIONAL,NO_ENGINE_SUBSTITUTION {{(pid=115075) _check_effective_sql_mode /opt/stack/data/venv/lib/python3.10/site-packages/oslo_db/sqlalchemy/engines.py:397}}
Mar 11 17:30:43 jammy-provider-cloud-0000008041 devstack@g-api.service[115074]: INFO dbcounter [None req-f2b309a5-97e5-49b1-89ad-9418a78dc0b4 None None] Registered counter for database glance
Mar 11 17:30:43 jammy-provider-cloud-0000008041 devstack@g-api.service[115075]: DEBUG dbcounter [-] [115075] Writer thread running {{(pid=115075) stat_writer /opt/stack/data/venv/lib/python3.10/site-packages/dbcounter.py:102}}
Mar 11 17:30:43 jammy-provider-cloud-0000008041 devstack@g-api.service[115074]: DEBUG oslo_db.sqlalchemy.engines [None req-f2b309a5-97e5-49b1-89ad-9418a78dc0b4 None None] MySQL server mode set to STRICT_TRANS_TABLES,STRICT_ALL_TABLES,NO_ZERO_IN_DATE,NO_ZERO_DATE,ERROR_FOR_DIVISION_BY_ZERO,TRADITIONAL,NO_ENGINE_SUBSTITUTION {{(pid=115074) _check_effective_sql_mode /opt/stack/data/venv/lib/python3.10/site-packages/oslo_db/sqlalchemy/engines.py:397}}
Mar 11 17:30:43 jammy-provider-cloud-0000008041 devstack@g-api.service[115075]: INFO glance.image_cache [None req-9d885861-bcc0-4851-8684-4f2f59b2d08b None None] Image cache loaded driver 'centralized_db'.
Mar 11 17:30:43 jammy-provider-cloud-0000008041 devstack@g-api.service[115075]: DEBUG glance.image_cache.drivers.centralized_db [None req-9d885861-bcc0-4851-8684-4f2f59b2d08b None None] Node reference is already recorded, ignoring it {{(pid=115075) configure /opt/stack/glance/glance/image_cache/drivers/centralized_db.py:71}}
Mar 11 17:30:43 jammy-provider-cloud-0000008041 devstack@g-api.service[115075]: DEBUG glance.api.v2.cached_images [None req-9d885861-bcc0-4851-8684-4f2f59b2d08b None None] Started cache worker thread {{(pid=115075) __init__ /opt/stack/glance/glance/api/v2/cached_images.py:69}}
Mar 11 17:30:43 jammy-provider-cloud-0000008041 devstack@g-api.service[115075]: INFO glance.image_cache [None req-9d885861-bcc0-4851-8684-4f2f59b2d08b None None] Image cache loaded driver 'centralized_db'.
Mar 11 17:30:43 jammy-provider-cloud-0000008041 devstack@g-api.service[115074]: DEBUG dbcounter [-] [115074] Writer thread running {{(pid=115074) stat_writer /opt/stack/data/venv/lib/python3.10/site-packages/dbcounter.py:102}}
Mar 11 17:30:43 jammy-provider-cloud-0000008041 devstack@g-api.service[115074]: DEBUG glance.image_cache.drivers.centralized_db [None req-f2b309a5-97e5-49b1-89ad-9418a78dc0b4 None None] Node reference is already recorded, ignoring it {{(pid=115074) configure /opt/stack/glance/glance/image_cache/drivers/centralized_db.py:71}}
Mar 11 17:30:43 jammy-provider-cloud-0000008041 devstack@g-api.service[115075]: DEBUG glance.image_cache.drivers.centralized_db [None req-9d885861-bcc0-4851-8684-4f2f59b2d08b None None] Node reference is already recorded, ignoring it {{(pid=115075) configure /opt/stack/glance/glance/image_cache/drivers/centralized_db.py:71}}
Mar 11 17:30:43 jammy-provider-cloud-0000008041 devstack@g-api.service[115074]: INFO glance.image_cache [None req-f2b309a5-97e5-49b1-89ad-9418a78dc0b4 None None] Image cache loaded driver 'centralized_db'.
Mar 11 17:30:43 jammy-provider-cloud-0000008041 devstack@g-api.service[115075]: INFO glance.api.middleware.cache_manage [None req-9d885861-bcc0-4851-8684-4f2f59b2d08b None None] Initialized image cache management middleware
Mar 11 17:30:43 jammy-provider-cloud-0000008041 devstack@g-api.service[115075]: INFO glance.image_cache [None req-9d885861-bcc0-4851-8684-4f2f59b2d08b None None] Image cache loaded driver 'centralized_db'.
Mar 11 17:30:43 jammy-provider-cloud-0000008041 devstack@g-api.service[115074]: DEBUG glance.image_cache.drivers.centralized_db [None req-f2b309a5-97e5-49b1-89ad-9418a78dc0b4 None None] Node reference is already recorded, ignoring it {{(pid=115074) configure /opt/stack/glance/glance/image_cache/drivers/centralized_db.py:71}}
Mar 11 17:30:43 jammy-provider-cloud-0000008041 devstack@g-api.service[115074]: DEBUG glance.api.v2.cached_images [None req-f2b309a5-97e5-49b1-89ad-9418a78dc0b4 None None] Started cache worker thread {{(pid=115074) __init__ /opt/stack/glance/glance/api/v2/cached_images.py:69}}
Mar 11 17:30:43 jammy-provider-cloud-0000008041 devstack@g-api.service[115075]: DEBUG glance.image_cache.drivers.centralized_db [None req-9d885861-bcc0-4851-8684-4f2f59b2d08b None None] Node reference is already recorded, ignoring it {{(pid=115075) configure /opt/stack/glance/glance/image_cache/drivers/centralized_db.py:71}}
Mar 11 17:30:43 jammy-provider-cloud-0000008041 devstack@g-api.service[115074]: INFO glance.image_cache [None req-f2b309a5-97e5-49b1-89ad-9418a78dc0b4 None None] Image cache loaded driver 'centralized_db'.
Mar 11 17:30:43 jammy-provider-cloud-0000008041 devstack@g-api.service[115075]: INFO glance.api.middleware.cache [None req-9d885861-bcc0-4851-8684-4f2f59b2d08b None None] Initialized image cache middleware
Mar 11 17:30:43 jammy-provider-cloud-0000008041 devstack@g-api.service[115074]: DEBUG glance.image_cache.drivers.centralized_db [None req-f2b309a5-97e5-49b1-89ad-9418a78dc0b4 None None] Node reference is already recorded, ignoring it {{(pid=115074) configure /opt/stack/glance/glance/image_cache/drivers/centralized_db.py:71}}
Mar 11 17:30:43 jammy-provider-cloud-0000008041 devstack@g-api.service[115075]: WARNING keystonemiddleware.auth_token [None req-9d885861-bcc0-4851-8684-4f2f59b2d08b None None] AuthToken middleware is set with keystone_authtoken.service_token_roles_required set to False. This is backwards compatible but deprecated behaviour. Please set this to True.
Mar 11 17:30:43 jammy-provider-cloud-0000008041 devstack@g-api.service[115075]: WARNING keystonemiddleware.auth_token [None req-9d885861-bcc0-4851-8684-4f2f59b2d08b None None] Configuring www_authenticate_uri to point to the public identity endpoint is required; clients may not be able to authenticate against an admin endpoint
Mar 11 17:30:43 jammy-provider-cloud-0000008041 devstack@g-api.service[115074]: INFO glance.api.middleware.cache_manage [None req-f2b309a5-97e5-49b1-89ad-9418a78dc0b4 None None] Initialized image cache management middleware
Mar 11 17:30:43 jammy-provider-cloud-0000008041 devstack@g-api.service[115074]: INFO glance.image_cache [None req-f2b309a5-97e5-49b1-89ad-9418a78dc0b4 None None] Image cache loaded driver 'centralized_db'.
Mar 11 17:30:43 jammy-provider-cloud-0000008041 devstack@g-api.service[115075]: DEBUG glance.common.config [None req-9d885861-bcc0-4851-8684-4f2f59b2d08b None None] ******************************************************************************** {{(pid=115075) log_opt_values /opt/stack/data/venv/lib/python3.10/site-packages/oslo_config/cfg.py:2804}}
Mar 11 17:30:43 jammy-provider-cloud-0000008041 devstack@g-api.service[115075]: DEBUG glance.common.config [None req-9d885861-bcc0-4851-8684-4f2f59b2d08b None None] Configuration options gathered from: {{(pid=115075) log_opt_values /opt/stack/data/venv/lib/python3.10/site-packages/oslo_config/cfg.py:2805}}
Mar 11 17:30:43 jammy-provider-cloud-0000008041 devstack@g-api.service[115075]: DEBUG glance.common.config [None req-9d885861-bcc0-4851-8684-4f2f59b2d08b None None] command line args: [] {{(pid=115075) log_opt_values /opt/stack/data/venv/lib/python3.10/site-packages/oslo_config/cfg.py:2806}}
Mar 11 17:30:43 jammy-provider-cloud-0000008041 devstack@g-api.service[115075]: DEBUG glance.common.config [None req-9d885861-bcc0-4851-8684-4f2f59b2d08b None None] config files: ['/etc/glance/glance-image-import.conf', '/etc/glance/glance-api.conf'] {{(pid=115075) log_opt_values /opt/stack/data/venv/lib/python3.10/site-packages/oslo_config/cfg.py:2807}}
Mar 11 17:30:43 jammy-provider-cloud-0000008041 devstack@g-api.service[115075]: DEBUG glance.common.config [None req-9d885861-bcc0-4851-8684-4f2f59b2d08b None None] ================================================================================ {{(pid=115075) log_opt_values /opt/stack/data/venv/lib/python3.10/site-packages/oslo_config/cfg.py:2809}}
Mar 11 17:30:43 jammy-provider-cloud-0000008041 devstack@g-api.service[115075]: DEBUG glance.common.config [None req-9d885861-bcc0-4851-8684-4f2f59b2d08b None None] allow_anonymous_access         = False {{(pid=115075) log_opt_values /opt/stack/data/venv/lib/python3.10/site-packages/oslo_config/cfg.py:2817}}
Mar 11 17:30:43 jammy-provider-cloud-0000008041 devstack@g-api.service[115075]: DEBUG glance.common.config [None req-9d885861-bcc0-4851-8684-4f2f59b2d08b None None] api_limit_max                  = 1000 {{(pid=115075) log_opt_values /opt/stack/data/venv/lib/python3.10/site-packages/oslo_config/cfg.py:2817}}
Mar 11 17:30:43 jammy-provider-cloud-0000008041 devstack@g-api.service[115075]: DEBUG glance.common.config [None req-9d885861-bcc0-4851-8684-4f2f59b2d08b None None] backlog                        = 4096 {{(pid=115075) log_opt_values /opt/stack/data/venv/lib/python3.10/site-packages/oslo_config/cfg.py:2817}}
Mar 11 17:30:43 jammy-provider-cloud-0000008041 devstack@g-api.service[115075]: DEBUG glance.common.config [None req-9d885861-bcc0-4851-8684-4f2f59b2d08b None None] bind_host                      = 0.0.0.0 {{(pid=115075) log_opt_values /opt/stack/data/venv/lib/python3.10/site-packages/oslo_config/cfg.py:2817}}
Mar 11 17:30:43 jammy-provider-cloud-0000008041 devstack@g-api.service[115075]: DEBUG glance.common.config [None req-9d885861-bcc0-4851-8684-4f2f59b2d08b None None] bind_port                      = None {{(pid=115075) log_opt_values /opt/stack/data/venv/lib/python3.10/site-packages/oslo_config/cfg.py:2817}}
Mar 11 17:30:43 jammy-provider-cloud-0000008041 devstack@g-api.service[115075]: DEBUG glance.common.config [None req-9d885861-bcc0-4851-8684-4f2f59b2d08b None None] client_socket_timeout          = 900 {{(pid=115075) log_opt_values /opt/stack/data/venv/lib/python3.10/site-packages/oslo_config/cfg.py:2817}}
Mar 11 17:30:43 jammy-provider-cloud-0000008041 devstack@g-api.service[115075]: DEBUG glance.common.config [None req-9d885861-bcc0-4851-8684-4f2f59b2d08b None None] config_dir                     = [] {{(pid=115075) log_opt_values /opt/stack/data/venv/lib/python3.10/site-packages/oslo_config/cfg.py:2817}}
Mar 11 17:30:43 jammy-provider-cloud-0000008041 devstack@g-api.service[115075]: DEBUG glance.common.config [None req-9d885861-bcc0-4851-8684-4f2f59b2d08b None None] config_file                    = ['/etc/glance/glance-image-import.conf', '/etc/glance/glance-api.conf'] {{(pid=115075) log_opt_values /opt/stack/data/venv/lib/python3.10/site-packages/oslo_config/cfg.py:2817}}
Mar 11 17:30:43 jammy-provider-cloud-0000008041 devstack@g-api.service[115075]: DEBUG glance.common.config [None req-9d885861-bcc0-4851-8684-4f2f59b2d08b None None] config_source                  = [] {{(pid=115075) log_opt_values /opt/stack/data/venv/lib/python3.10/site-packages/oslo_config/cfg.py:2817}}
Mar 11 17:30:43 jammy-provider-cloud-0000008041 devstack@g-api.service[115075]: DEBUG glance.common.config [None req-9d885861-bcc0-4851-8684-4f2f59b2d08b None None] control_exchange               = glance {{(pid=115075) log_opt_values /opt/stack/data/venv/lib/python3.10/site-packages/oslo_config/cfg.py:2817}}
Mar 11 17:30:43 jammy-provider-cloud-0000008041 devstack@g-api.service[115075]: DEBUG glance.common.config [None req-9d885861-bcc0-4851-8684-4f2f59b2d08b None None] debug                          = True {{(pid=115075) log_opt_values /opt/stack/data/venv/lib/python3.10/site-packages/oslo_config/cfg.py:2817}}
Mar 11 17:30:43 jammy-provider-cloud-0000008041 devstack@g-api.service[115075]: DEBUG glance.common.config [None req-9d885861-bcc0-4851-8684-4f2f59b2d08b None None] default_log_levels             = ['amqp=WARN', 'amqplib=WARN', 'boto=WARN', 'qpid=WARN', 'sqlalchemy=WARN', 'suds=INFO', 'oslo.messaging=INFO', 'oslo_messaging=INFO', 'iso8601=WARN', 'requests.packages.urllib3.connectionpool=WARN', 'urllib3.connectionpool=WARN', 'websocket=WARN', 'requests.packages.urllib3.util.retry=WARN', 'urllib3.util.retry=WARN', 'keystonemiddleware=WARN', 'routes.middleware=WARN', 'stevedore=WARN', 'taskflow=WARN', 'keystoneauth=WARN', 'oslo.cache=INFO', 'oslo_policy=INFO', 'dogpile.core.dogpile=INFO'] {{(pid=115075) log_opt_values /opt/stack/data/venv/lib/python3.10/site-packages/oslo_config/cfg.py:2817}}
Mar 11 17:30:43 jammy-provider-cloud-0000008041 devstack@g-api.service[115075]: DEBUG glance.common.config [None req-9d885861-bcc0-4851-8684-4f2f59b2d08b None None] default_publisher_id           = image.localhost {{(pid=115075) log_opt_values /opt/stack/data/venv/lib/python3.10/site-packages/oslo_config/cfg.py:2817}}
Mar 11 17:30:43 jammy-provider-cloud-0000008041 devstack@g-api.service[115075]: DEBUG glance.common.config [None req-9d885861-bcc0-4851-8684-4f2f59b2d08b None None] delayed_delete                 = False {{(pid=115075) log_opt_values /opt/stack/data/venv/lib/python3.10/site-packages/oslo_config/cfg.py:2817}}
Mar 11 17:30:43 jammy-provider-cloud-0000008041 devstack@g-api.service[115075]: DEBUG glance.common.config [None req-9d885861-bcc0-4851-8684-4f2f59b2d08b None None] digest_algorithm               = sha256 {{(pid=115075) log_opt_values /opt/stack/data/venv/lib/python3.10/site-packages/oslo_config/cfg.py:2817}}
Mar 11 17:30:43 jammy-provider-cloud-0000008041 devstack@g-api.service[115075]: DEBUG glance.common.config [None req-9d885861-bcc0-4851-8684-4f2f59b2d08b None None] disabled_notifications         = [] {{(pid=115075) log_opt_values /opt/stack/data/venv/lib/python3.10/site-packages/oslo_config/cfg.py:2817}}
Mar 11 17:30:43 jammy-provider-cloud-0000008041 devstack@g-api.service[115075]: DEBUG glance.common.config [None req-9d885861-bcc0-4851-8684-4f2f59b2d08b None None] do_secure_hash                 = True {{(pid=115075) log_opt_values /opt/stack/data/venv/lib/python3.10/site-packages/oslo_config/cfg.py:2817}}
Mar 11 17:30:43 jammy-provider-cloud-0000008041 devstack@g-api.service[115075]: DEBUG glance.common.config [None req-9d885861-bcc0-4851-8684-4f2f59b2d08b None None] enabled_backends               = None {{(pid=115075) log_opt_values /opt/stack/data/venv/lib/python3.10/site-packages/oslo_config/cfg.py:2817}}
Mar 11 17:30:43 jammy-provider-cloud-0000008041 devstack@g-api.service[115075]: DEBUG glance.common.config [None req-9d885861-bcc0-4851-8684-4f2f59b2d08b None None] enabled_import_methods         = ['glance-direct', 'web-download', 'copy-image'] {{(pid=115075) log_opt_values /opt/stack/data/venv/lib/python3.10/site-packages/oslo_config/cfg.py:2817}}
Mar 11 17:30:43 jammy-provider-cloud-0000008041 devstack@g-api.service[115075]: DEBUG glance.common.config [None req-9d885861-bcc0-4851-8684-4f2f59b2d08b None None] hashing_algorithm              = sha512 {{(pid=115075) log_opt_values /opt/stack/data/venv/lib/python3.10/site-packages/oslo_config/cfg.py:2817}}
Mar 11 17:30:43 jammy-provider-cloud-0000008041 devstack@g-api.service[115075]: DEBUG glance.common.config [None req-9d885861-bcc0-4851-8684-4f2f59b2d08b None None] http_keepalive                 = True {{(pid=115075) log_opt_values /opt/stack/data/venv/lib/python3.10/site-packages/oslo_config/cfg.py:2817}}
Mar 11 17:30:43 jammy-provider-cloud-0000008041 devstack@g-api.service[115075]: DEBUG glance.common.config [None req-9d885861-bcc0-4851-8684-4f2f59b2d08b None None] http_retries                   = 3 {{(pid=115075) log_opt_values /opt/stack/data/venv/lib/python3.10/site-packages/oslo_config/cfg.py:2817}}
Mar 11 17:30:43 jammy-provider-cloud-0000008041 devstack@g-api.service[115075]: DEBUG glance.common.config [None req-9d885861-bcc0-4851-8684-4f2f59b2d08b None None] image_cache_dir                = /opt/stack/data/glance/cache/ {{(pid=115075) log_opt_values /opt/stack/data/venv/lib/python3.10/site-packages/oslo_config/cfg.py:2817}}
Mar 11 17:30:43 jammy-provider-cloud-0000008041 devstack@g-api.service[115075]: DEBUG glance.common.config [None req-9d885861-bcc0-4851-8684-4f2f59b2d08b None None] image_cache_driver             = centralized_db {{(pid=115075) log_opt_values /opt/stack/data/venv/lib/python3.10/site-packages/oslo_config/cfg.py:2817}}
Mar 11 17:30:43 jammy-provider-cloud-0000008041 devstack@g-api.service[115075]: DEBUG glance.common.config [None req-9d885861-bcc0-4851-8684-4f2f59b2d08b None None] image_cache_max_size           = 10737418240 {{(pid=115075) log_opt_values /opt/stack/data/venv/lib/python3.10/site-packages/oslo_config/cfg.py:2817}}
Mar 11 17:30:43 jammy-provider-cloud-0000008041 devstack@g-api.service[115075]: DEBUG glance.common.config [None req-9d885861-bcc0-4851-8684-4f2f59b2d08b None None] image_cache_sqlite_db          = cache.db {{(pid=115075) log_opt_values /opt/stack/data/venv/lib/python3.10/site-packages/oslo_config/cfg.py:2817}}
Mar 11 17:30:43 jammy-provider-cloud-0000008041 devstack@g-api.service[115075]: DEBUG glance.common.config [None req-9d885861-bcc0-4851-8684-4f2f59b2d08b None None] image_cache_stall_time         = 86400 {{(pid=115075) log_opt_values /opt/stack/data/venv/lib/python3.10/site-packages/oslo_config/cfg.py:2817}}
Mar 11 17:30:43 jammy-provider-cloud-0000008041 devstack@g-api.service[115075]: DEBUG glance.common.config [None req-9d885861-bcc0-4851-8684-4f2f59b2d08b None None] image_location_quota           = 10 {{(pid=115075) log_opt_values /opt/stack/data/venv/lib/python3.10/site-packages/oslo_config/cfg.py:2817}}
Mar 11 17:30:43 jammy-provider-cloud-0000008041 devstack@g-api.service[115075]: DEBUG glance.common.config [None req-9d885861-bcc0-4851-8684-4f2f59b2d08b None None] image_member_quota             = 128 {{(pid=115075) log_opt_values /opt/stack/data/venv/lib/python3.10/site-packages/oslo_config/cfg.py:2817}}
Mar 11 17:30:43 jammy-provider-cloud-0000008041 devstack@g-api.service[115075]: DEBUG glance.common.config [None req-9d885861-bcc0-4851-8684-4f2f59b2d08b None None] image_property_quota           = 128 {{(pid=115075) log_opt_values /opt/stack/data/venv/lib/python3.10/site-packages/oslo_config/cfg.py:2817}}
Mar 11 17:30:43 jammy-provider-cloud-0000008041 devstack@g-api.service[115075]: DEBUG glance.common.config [None req-9d885861-bcc0-4851-8684-4f2f59b2d08b None None] image_size_cap                 = 1099511627776 {{(pid=115075) log_opt_values /opt/stack/data/venv/lib/python3.10/site-packages/oslo_config/cfg.py:2817}}
Mar 11 17:30:43 jammy-provider-cloud-0000008041 devstack@g-api.service[115075]: DEBUG glance.common.config [None req-9d885861-bcc0-4851-8684-4f2f59b2d08b None None] image_tag_quota                = 128 {{(pid=115075) log_opt_values /opt/stack/data/venv/lib/python3.10/site-packages/oslo_config/cfg.py:2817}}
Mar 11 17:30:43 jammy-provider-cloud-0000008041 devstack@g-api.service[115075]: DEBUG glance.common.config [None req-9d885861-bcc0-4851-8684-4f2f59b2d08b None None] instance_format                = [instance: %(uuid)s]  {{(pid=115075) log_opt_values /opt/stack/data/venv/lib/python3.10/site-packages/oslo_config/cfg.py:2817}}
Mar 11 17:30:43 jammy-provider-cloud-0000008041 devstack@g-api.service[115075]: DEBUG glance.common.config [None req-9d885861-bcc0-4851-8684-4f2f59b2d08b None None] instance_uuid_format           = [instance: %(uuid)s]  {{(pid=115075) log_opt_values /opt/stack/data/venv/lib/python3.10/site-packages/oslo_config/cfg.py:2817}}
Mar 11 17:30:43 jammy-provider-cloud-0000008041 devstack@g-api.service[115075]: DEBUG glance.common.config [None req-9d885861-bcc0-4851-8684-4f2f59b2d08b None None] limit_param_default            = 25 {{(pid=115075) log_opt_values /opt/stack/data/venv/lib/python3.10/site-packages/oslo_config/cfg.py:2817}}
Mar 11 17:30:43 jammy-provider-cloud-0000008041 devstack@g-api.service[115075]: DEBUG glance.common.config [None req-9d885861-bcc0-4851-8684-4f2f59b2d08b None None] log_color                      = True {{(pid=115075) log_opt_values /opt/stack/data/venv/lib/python3.10/site-packages/oslo_config/cfg.py:2817}}
Mar 11 17:30:43 jammy-provider-cloud-0000008041 devstack@g-api.service[115075]: DEBUG glance.common.config [None req-9d885861-bcc0-4851-8684-4f2f59b2d08b None None] log_config_append              = None {{(pid=115075) log_opt_values /opt/stack/data/venv/lib/python3.10/site-packages/oslo_config/cfg.py:2817}}
Mar 11 17:30:43 jammy-provider-cloud-0000008041 devstack@g-api.service[115075]: DEBUG glance.common.config [None req-9d885861-bcc0-4851-8684-4f2f59b2d08b None None] log_date_format                = %Y-%m-%d %H:%M:%S {{(pid=115075) log_opt_values /opt/stack/data/venv/lib/python3.10/site-packages/oslo_config/cfg.py:2817}}
Mar 11 17:30:43 jammy-provider-cloud-0000008041 devstack@g-api.service[115075]: DEBUG glance.common.config [None req-9d885861-bcc0-4851-8684-4f2f59b2d08b None None] log_dir                        = None {{(pid=115075) log_opt_values /opt/stack/data/venv/lib/python3.10/site-packages/oslo_config/cfg.py:2817}}
Mar 11 17:30:43 jammy-provider-cloud-0000008041 devstack@g-api.service[115075]: DEBUG glance.common.config [None req-9d885861-bcc0-4851-8684-4f2f59b2d08b None None] log_file                       = None {{(pid=115075) log_opt_values /opt/stack/data/venv/lib/python3.10/site-packages/oslo_config/cfg.py:2817}}
Mar 11 17:30:43 jammy-provider-cloud-0000008041 devstack@g-api.service[115075]: DEBUG glance.common.config [None req-9d885861-bcc0-4851-8684-4f2f59b2d08b None None] log_rotate_interval            = 1 {{(pid=115075) log_opt_values /opt/stack/data/venv/lib/python3.10/site-packages/oslo_config/cfg.py:2817}}
Mar 11 17:30:43 jammy-provider-cloud-0000008041 devstack@g-api.service[115075]: DEBUG glance.common.config [None req-9d885861-bcc0-4851-8684-4f2f59b2d08b None None] log_rotate_interval_type       = days {{(pid=115075) log_opt_values /opt/stack/data/venv/lib/python3.10/site-packages/oslo_config/cfg.py:2817}}
Mar 11 17:30:43 jammy-provider-cloud-0000008041 devstack@g-api.service[115075]: DEBUG glance.common.config [None req-9d885861-bcc0-4851-8684-4f2f59b2d08b None None] log_rotation_type              = none {{(pid=115075) log_opt_values /opt/stack/data/venv/lib/python3.10/site-packages/oslo_config/cfg.py:2817}}
Mar 11 17:30:43 jammy-provider-cloud-0000008041 devstack@g-api.service[115075]: DEBUG glance.common.config [None req-9d885861-bcc0-4851-8684-4f2f59b2d08b None None] logging_context_format_string  = %(color)s%(levelname)s %(name)s [%(global_request_id)s %(request_id)s %(project_name)s %(user_name)s%(color)s] %(instance)s%(color)s%(message)s {{(pid=115075) log_opt_values /opt/stack/data/venv/lib/python3.10/site-packages/oslo_config/cfg.py:2817}}
Mar 11 17:30:43 jammy-provider-cloud-0000008041 devstack@g-api.service[115075]: DEBUG glance.common.config [None req-9d885861-bcc0-4851-8684-4f2f59b2d08b None None] logging_debug_format_suffix    = {{(pid=%(process)d) %(funcName)s %(pathname)s:%(lineno)d}} {{(pid=115075) log_opt_values /opt/stack/data/venv/lib/python3.10/site-packages/oslo_config/cfg.py:2817}}
Mar 11 17:30:43 jammy-provider-cloud-0000008041 devstack@g-api.service[115075]: DEBUG glance.common.config [None req-9d885861-bcc0-4851-8684-4f2f59b2d08b None None] logging_default_format_string  = %(color)s%(levelname)s %(name)s [-%(color)s] %(instance)s%(color)s%(message)s {{(pid=115075) log_opt_values /opt/stack/data/venv/lib/python3.10/site-packages/oslo_config/cfg.py:2817}}
Mar 11 17:30:43 jammy-provider-cloud-0000008041 devstack@g-api.service[115075]: DEBUG glance.common.config [None req-9d885861-bcc0-4851-8684-4f2f59b2d08b None None] logging_exception_prefix       = ERROR %(name)s %(instance)s {{(pid=115075) log_opt_values /opt/stack/data/venv/lib/python3.10/site-packages/oslo_config/cfg.py:2817}}
Mar 11 17:30:43 jammy-provider-cloud-0000008041 devstack@g-api.service[115075]: DEBUG glance.common.config [None req-9d885861-bcc0-4851-8684-4f2f59b2d08b None None] logging_user_identity_format   = %(user)s %(project)s %(domain)s %(system_scope)s %(user_domain)s %(project_domain)s {{(pid=115075) log_opt_values /opt/stack/data/venv/lib/python3.10/site-packages/oslo_config/cfg.py:2817}}
