Sep 09 10:51:16 jammy-provider-cloud-0000007596 cinder-volume[113472]: DEBUG oslo_service.service [None req-154deed7-1a30-4e69-b7e9-4370ab99eb46 None None] barbican_service_user.collect_timing = False {{(pid=113472) log_opt_values /opt/stack/data/venv/lib/python3.10/site-packages/oslo_config/cfg.py:2826}}
Sep 09 10:51:16 jammy-provider-cloud-0000007596 cinder-volume[113472]: DEBUG oslo_service.service [None req-154deed7-1a30-4e69-b7e9-4370ab99eb46 None None] barbican_service_user.insecure = False {{(pid=113472) log_opt_values /opt/stack/data/venv/lib/python3.10/site-packages/oslo_config/cfg.py:2826}}
Sep 09 10:51:16 jammy-provider-cloud-0000007596 cinder-volume[113472]: DEBUG oslo_service.service [None req-154deed7-1a30-4e69-b7e9-4370ab99eb46 None None] barbican_service_user.keyfile  = None {{(pid=113472) log_opt_values /opt/stack/data/venv/lib/python3.10/site-packages/oslo_config/cfg.py:2826}}
Sep 09 10:51:16 jammy-provider-cloud-0000007596 cinder-volume[113472]: DEBUG oslo_service.service [None req-154deed7-1a30-4e69-b7e9-4370ab99eb46 None None] barbican_service_user.split_loggers = False {{(pid=113472) log_opt_values /opt/stack/data/venv/lib/python3.10/site-packages/oslo_config/cfg.py:2826}}
Sep 09 10:51:16 jammy-provider-cloud-0000007596 cinder-volume[113472]: DEBUG oslo_service.service [None req-154deed7-1a30-4e69-b7e9-4370ab99eb46 None None] barbican_service_user.timeout  = None {{(pid=113472) log_opt_values /opt/stack/data/venv/lib/python3.10/site-packages/oslo_config/cfg.py:2826}}
Sep 09 10:51:16 jammy-provider-cloud-0000007596 cinder-volume[113472]: DEBUG oslo_service.service [None req-154deed7-1a30-4e69-b7e9-4370ab99eb46 None None] vault.approle_role_id          = **** {{(pid=113472) log_opt_values /opt/stack/data/venv/lib/python3.10/site-packages/oslo_config/cfg.py:2826}}
Sep 09 10:51:16 jammy-provider-cloud-0000007596 cinder-volume[113472]: DEBUG oslo_service.service [None req-154deed7-1a30-4e69-b7e9-4370ab99eb46 None None] vault.approle_secret_id        = **** {{(pid=113472) log_opt_values /opt/stack/data/venv/lib/python3.10/site-packages/oslo_config/cfg.py:2826}}
Sep 09 10:51:16 jammy-provider-cloud-0000007596 cinder-volume[113472]: DEBUG oslo_service.service [None req-154deed7-1a30-4e69-b7e9-4370ab99eb46 None None] vault.kv_mountpoint            = secret {{(pid=113472) log_opt_values /opt/stack/data/venv/lib/python3.10/site-packages/oslo_config/cfg.py:2826}}
Sep 09 10:51:16 jammy-provider-cloud-0000007596 cinder-volume[113478]: WARNING py.warnings [None req-d50ad895-a2c8-47e9-be26-bb0bc1c6dd21 None None] /opt/stack/data/venv/lib/python3.10/site-packages/urllib3/connectionpool.py:1063: InsecureRequestWarning: Unverified HTTPS request is being made to host '10.201.5.12'. Adding certificate verification is strongly advised. See: https://urllib3.readthedocs.io/en/1.26.x/advanced-usage.html#ssl-warnings
Sep 09 10:51:16 jammy-provider-cloud-0000007596 cinder-volume[113478]:   warnings.warn(
Sep 09 10:51:16 jammy-provider-cloud-0000007596 cinder-volume[113472]: DEBUG oslo_service.service [None req-154deed7-1a30-4e69-b7e9-4370ab99eb46 None None] vault.kv_path                  = None {{(pid=113472) log_opt_values /opt/stack/data/venv/lib/python3.10/site-packages/oslo_config/cfg.py:2826}}
Sep 09 10:51:16 jammy-provider-cloud-0000007596 cinder-volume[113472]: DEBUG oslo_service.service [None req-154deed7-1a30-4e69-b7e9-4370ab99eb46 None None] vault.kv_version               = 2 {{(pid=113472) log_opt_values /opt/stack/data/venv/lib/python3.10/site-packages/oslo_config/cfg.py:2826}}
Sep 09 10:51:16 jammy-provider-cloud-0000007596 cinder-volume[113472]: DEBUG oslo_service.service [None req-154deed7-1a30-4e69-b7e9-4370ab99eb46 None None] vault.namespace                = None {{(pid=113472) log_opt_values /opt/stack/data/venv/lib/python3.10/site-packages/oslo_config/cfg.py:2826}}
Sep 09 10:51:16 jammy-provider-cloud-0000007596 cinder-volume[113472]: DEBUG oslo_service.service [None req-154deed7-1a30-4e69-b7e9-4370ab99eb46 None None] vault.root_token_id            = **** {{(pid=113472) log_opt_values /opt/stack/data/venv/lib/python3.10/site-packages/oslo_config/cfg.py:2826}}
Sep 09 10:51:16 jammy-provider-cloud-0000007596 cinder-volume[113472]: DEBUG oslo_service.service [None req-154deed7-1a30-4e69-b7e9-4370ab99eb46 None None] vault.ssl_ca_crt_file          = None {{(pid=113472) log_opt_values /opt/stack/data/venv/lib/python3.10/site-packages/oslo_config/cfg.py:2826}}
Sep 09 10:51:16 jammy-provider-cloud-0000007596 cinder-volume[113472]: DEBUG oslo_service.service [None req-154deed7-1a30-4e69-b7e9-4370ab99eb46 None None] vault.timeout                  = 60.0 {{(pid=113472) log_opt_values /opt/stack/data/venv/lib/python3.10/site-packages/oslo_config/cfg.py:2826}}
Sep 09 10:51:16 jammy-provider-cloud-0000007596 cinder-volume[113472]: DEBUG oslo_service.service [None req-154deed7-1a30-4e69-b7e9-4370ab99eb46 None None] vault.use_ssl                  = False {{(pid=113472) log_opt_values /opt/stack/data/venv/lib/python3.10/site-packages/oslo_config/cfg.py:2826}}
Sep 09 10:51:16 jammy-provider-cloud-0000007596 cinder-volume[113472]: DEBUG oslo_service.service [None req-154deed7-1a30-4e69-b7e9-4370ab99eb46 None None] vault.vault_url                = http://127.0.0.1:8200 {{(pid=113472) log_opt_values /opt/stack/data/venv/lib/python3.10/site-packages/oslo_config/cfg.py:2826}}
Sep 09 10:51:16 jammy-provider-cloud-0000007596 cinder-volume[113472]: DEBUG oslo_service.service [None req-154deed7-1a30-4e69-b7e9-4370ab99eb46 None None] fc-zone-manager.enable_unsupported_driver = False {{(pid=113472) log_opt_values /opt/stack/data/venv/lib/python3.10/site-packages/oslo_config/cfg.py:2826}}
Sep 09 10:51:16 jammy-provider-cloud-0000007596 cinder-volume[113472]: DEBUG oslo_service.service [None req-154deed7-1a30-4e69-b7e9-4370ab99eb46 None None] fc-zone-manager.fc_fabric_names = None {{(pid=113472) log_opt_values /opt/stack/data/venv/lib/python3.10/site-packages/oslo_config/cfg.py:2826}}
Sep 09 10:51:16 jammy-provider-cloud-0000007596 cinder-volume[113472]: DEBUG oslo_service.service [None req-154deed7-1a30-4e69-b7e9-4370ab99eb46 None None] fc-zone-manager.fc_san_lookup_service = cinder.zonemanager.drivers.brocade.brcd_fc_san_lookup_service.BrcdFCSanLookupService {{(pid=113472) log_opt_values /opt/stack/data/venv/lib/python3.10/site-packages/oslo_config/cfg.py:2826}}
Sep 09 10:51:16 jammy-provider-cloud-0000007596 cinder-volume[113472]: DEBUG oslo_service.service [None req-154deed7-1a30-4e69-b7e9-4370ab99eb46 None None] fc-zone-manager.zone_driver    = cinder.zonemanager.drivers.brocade.brcd_fc_zone_driver.BrcdFCZoneDriver {{(pid=113472) log_opt_values /opt/stack/data/venv/lib/python3.10/site-packages/oslo_config/cfg.py:2826}}
Sep 09 10:51:16 jammy-provider-cloud-0000007596 cinder-volume[113472]: DEBUG oslo_service.service [None req-154deed7-1a30-4e69-b7e9-4370ab99eb46 None None] fc-zone-manager.zoning_policy  = initiator-target {{(pid=113472) log_opt_values /opt/stack/data/venv/lib/python3.10/site-packages/oslo_config/cfg.py:2826}}
Sep 09 10:51:16 jammy-provider-cloud-0000007596 cinder-volume[113472]: DEBUG oslo_service.service [None req-154deed7-1a30-4e69-b7e9-4370ab99eb46 None None] arcusfc2.backend_availability_zone = None {{(pid=113472) log_opt_values /opt/stack/data/venv/lib/python3.10/site-packages/oslo_config/cfg.py:2826}}
Sep 09 10:51:16 jammy-provider-cloud-0000007596 cinder-volume[113472]: DEBUG oslo_service.service [None req-154deed7-1a30-4e69-b7e9-4370ab99eb46 None None] arcusfc2.backend_host          = None {{(pid=113472) log_opt_values /opt/stack/data/venv/lib/python3.10/site-packages/oslo_config/cfg.py:2826}}
Sep 09 10:51:16 jammy-provider-cloud-0000007596 cinder-volume[113472]: DEBUG oslo_service.service [None req-154deed7-1a30-4e69-b7e9-4370ab99eb46 None None] arcusfc2.backend_native_threads_pool_size = None {{(pid=113472) log_opt_values /opt/stack/data/venv/lib/python3.10/site-packages/oslo_config/cfg.py:2826}}
Sep 09 10:51:16 jammy-provider-cloud-0000007596 cinder-volume[113472]: DEBUG oslo_service.service [None req-154deed7-1a30-4e69-b7e9-4370ab99eb46 None None] arcusfc2.backup_use_temp_snapshot = None {{(pid=113472) log_opt_values /opt/stack/data/venv/lib/python3.10/site-packages/oslo_config/cfg.py:2826}}
Sep 09 10:51:16 jammy-provider-cloud-0000007596 cinder-volume[113472]: DEBUG oslo_service.service [None req-154deed7-1a30-4e69-b7e9-4370ab99eb46 None None] arcusfc2.chap_password         = **** {{(pid=113472) log_opt_values /opt/stack/data/venv/lib/python3.10/site-packages/oslo_config/cfg.py:2826}}
Sep 09 10:51:16 jammy-provider-cloud-0000007596 cinder-volume[113472]: DEBUG oslo_service.service [None req-154deed7-1a30-4e69-b7e9-4370ab99eb46 None None] arcusfc2.chap_username         = None {{(pid=113472) log_opt_values /opt/stack/data/venv/lib/python3.10/site-packages/oslo_config/cfg.py:2826}}
Sep 09 10:51:16 jammy-provider-cloud-0000007596 cinder-volume[113472]: DEBUG oslo_service.service [None req-154deed7-1a30-4e69-b7e9-4370ab99eb46 None None] arcusfc2.chiscsi_conf          = None {{(pid=113472) log_opt_values /opt/stack/data/venv/lib/python3.10/site-packages/oslo_config/cfg.py:2826}}
Sep 09 10:51:16 jammy-provider-cloud-0000007596 cinder-volume[113472]: DEBUG oslo_service.service [None req-154deed7-1a30-4e69-b7e9-4370ab99eb46 None None] arcusfc2.driver_client_cert    = None {{(pid=113472) log_opt_values /opt/stack/data/venv/lib/python3.10/site-packages/oslo_config/cfg.py:2826}}
Sep 09 10:51:16 jammy-provider-cloud-0000007596 cinder-volume[113472]: DEBUG oslo_service.service [None req-154deed7-1a30-4e69-b7e9-4370ab99eb46 None None] arcusfc2.driver_client_cert_key = None {{(pid=113472) log_opt_values /opt/stack/data/venv/lib/python3.10/site-packages/oslo_config/cfg.py:2826}}
Sep 09 10:51:16 jammy-provider-cloud-0000007596 cinder-volume[113472]: DEBUG oslo_service.service [None req-154deed7-1a30-4e69-b7e9-4370ab99eb46 None None] arcusfc2.driver_data_namespace = None {{(pid=113472) log_opt_values /opt/stack/data/venv/lib/python3.10/site-packages/oslo_config/cfg.py:2826}}
Sep 09 10:51:16 jammy-provider-cloud-0000007596 cinder-volume[113472]: DEBUG oslo_service.service [None req-154deed7-1a30-4e69-b7e9-4370ab99eb46 None None] arcusfc2.driver_ssl_cert_path  = None {{(pid=113472) log_opt_values /opt/stack/data/venv/lib/python3.10/site-packages/oslo_config/cfg.py:2826}}
Sep 09 10:51:16 jammy-provider-cloud-0000007596 cinder-volume[113472]: DEBUG oslo_service.service [None req-154deed7-1a30-4e69-b7e9-4370ab99eb46 None None] arcusfc2.driver_ssl_cert_verify = None {{(pid=113472) log_opt_values /opt/stack/data/venv/lib/python3.10/site-packages/oslo_config/cfg.py:2826}}
Sep 09 10:51:16 jammy-provider-cloud-0000007596 cinder-volume[113472]: DEBUG oslo_service.service [None req-154deed7-1a30-4e69-b7e9-4370ab99eb46 None None] arcusfc2.driver_use_ssl        = None {{(pid=113472) log_opt_values /opt/stack/data/venv/lib/python3.10/site-packages/oslo_config/cfg.py:2826}}
Sep 09 10:51:16 jammy-provider-cloud-0000007596 cinder-volume[113472]: DEBUG oslo_service.service [None req-154deed7-1a30-4e69-b7e9-4370ab99eb46 None None] arcusfc2.enable_unsupported_driver = None {{(pid=113472) log_opt_values /opt/stack/data/venv/lib/python3.10/site-packages/oslo_config/cfg.py:2826}}
Sep 09 10:51:16 jammy-provider-cloud-0000007596 cinder-volume[113472]: DEBUG oslo_service.service [None req-154deed7-1a30-4e69-b7e9-4370ab99eb46 None None] arcusfc2.enforce_multipath_for_image_xfer = None {{(pid=113472) log_opt_values /opt/stack/data/venv/lib/python3.10/site-packages/oslo_config/cfg.py:2826}}
Sep 09 10:51:16 jammy-provider-cloud-0000007596 cinder-volume[113472]: DEBUG oslo_service.service [None req-154deed7-1a30-4e69-b7e9-4370ab99eb46 None None] arcusfc2.extra_capabilities    = None {{(pid=113472) log_opt_values /opt/stack/data/venv/lib/python3.10/site-packages/oslo_config/cfg.py:2826}}
Sep 09 10:51:16 jammy-provider-cloud-0000007596 cinder-volume[113472]: DEBUG oslo_service.service [None req-154deed7-1a30-4e69-b7e9-4370ab99eb46 None None] arcusfc2.filter_function       = None {{(pid=113472) log_opt_values /opt/stack/data/venv/lib/python3.10/site-packages/oslo_config/cfg.py:2826}}
Sep 09 10:51:16 jammy-provider-cloud-0000007596 cinder-volume[113472]: DEBUG oslo_service.service [None req-154deed7-1a30-4e69-b7e9-4370ab99eb46 None None] arcusfc2.goodness_function     = None {{(pid=113472) log_opt_values /opt/stack/data/venv/lib/python3.10/site-packages/oslo_config/cfg.py:2826}}
Sep 09 10:51:16 jammy-provider-cloud-0000007596 cinder-volume[113472]: DEBUG oslo_service.service [None req-154deed7-1a30-4e69-b7e9-4370ab99eb46 None None] arcusfc2.hpe3par_api_url       = https://10.201.5.12/api/v1 {{(pid=113472) log_opt_values /opt/stack/data/venv/lib/python3.10/site-packages/oslo_config/cfg.py:2826}}
Sep 09 10:51:16 jammy-provider-cloud-0000007596 cinder-volume[113472]: DEBUG oslo_service.service [None req-154deed7-1a30-4e69-b7e9-4370ab99eb46 None None] arcusfc2.hpe3par_cpg           = ['SSD_r6'] {{(pid=113472) log_opt_values /opt/stack/data/venv/lib/python3.10/site-packages/oslo_config/cfg.py:2826}}
Sep 09 10:51:16 jammy-provider-cloud-0000007596 cinder-volume[113472]: DEBUG oslo_service.service [None req-154deed7-1a30-4e69-b7e9-4370ab99eb46 None None] arcusfc2.hpe3par_cpg_snap      = None {{(pid=113472) log_opt_values /opt/stack/data/venv/lib/python3.10/site-packages/oslo_config/cfg.py:2826}}
Sep 09 10:51:16 jammy-provider-cloud-0000007596 cinder-volume[113472]: DEBUG oslo_service.service [None req-154deed7-1a30-4e69-b7e9-4370ab99eb46 None None] arcusfc2.hpe3par_debug         = None {{(pid=113472) log_opt_values /opt/stack/data/venv/lib/python3.10/site-packages/oslo_config/cfg.py:2826}}
Sep 09 10:51:16 jammy-provider-cloud-0000007596 cinder-volume[113472]: DEBUG oslo_service.service [None req-154deed7-1a30-4e69-b7e9-4370ab99eb46 None None] arcusfc2.hpe3par_iscsi_chap_enabled = None {{(pid=113472) log_opt_values /opt/stack/data/venv/lib/python3.10/site-packages/oslo_config/cfg.py:2826}}
Sep 09 10:51:16 jammy-provider-cloud-0000007596 cinder-volume[113472]: DEBUG oslo_service.service [None req-154deed7-1a30-4e69-b7e9-4370ab99eb46 None None] arcusfc2.hpe3par_iscsi_ips     = None {{(pid=113472) log_opt_values /opt/stack/data/venv/lib/python3.10/site-packages/oslo_config/cfg.py:2826}}
Sep 09 10:51:16 jammy-provider-cloud-0000007596 cinder-volume[113472]: DEBUG oslo_service.service [None req-154deed7-1a30-4e69-b7e9-4370ab99eb46 None None] arcusfc2.hpe3par_password      = **** {{(pid=113472) log_opt_values /opt/stack/data/venv/lib/python3.10/site-packages/oslo_config/cfg.py:2826}}
Sep 09 10:51:16 jammy-provider-cloud-0000007596 cinder-volume[113472]: DEBUG oslo_service.service [None req-154deed7-1a30-4e69-b7e9-4370ab99eb46 None None] arcusfc2.hpe3par_snapshot_expiration = None {{(pid=113472) log_opt_values /opt/stack/data/venv/lib/python3.10/site-packages/oslo_config/cfg.py:2826}}
Sep 09 10:51:16 jammy-provider-cloud-0000007596 cinder-volume[113472]: DEBUG oslo_service.service [None req-154deed7-1a30-4e69-b7e9-4370ab99eb46 None None] arcusfc2.hpe3par_snapshot_retention = None {{(pid=113472) log_opt_values /opt/stack/data/venv/lib/python3.10/site-packages/oslo_config/cfg.py:2826}}
Sep 09 10:51:16 jammy-provider-cloud-0000007596 cinder-volume[113472]: DEBUG oslo_service.service [None req-154deed7-1a30-4e69-b7e9-4370ab99eb46 None None] arcusfc2.hpe3par_target_nsp    = None {{(pid=113472) log_opt_values /opt/stack/data/venv/lib/python3.10/site-packages/oslo_config/cfg.py:2826}}
Sep 09 10:51:16 jammy-provider-cloud-0000007596 cinder-volume[113472]: DEBUG oslo_service.service [None req-154deed7-1a30-4e69-b7e9-4370ab99eb46 None None] arcusfc2.hpe3par_username      = 3paradm {{(pid=113472) log_opt_values /opt/stack/data/venv/lib/python3.10/site-packages/oslo_config/cfg.py:2826}}
Sep 09 10:51:16 jammy-provider-cloud-0000007596 cinder-volume[113472]: DEBUG oslo_service.service [None req-154deed7-1a30-4e69-b7e9-4370ab99eb46 None None] arcusfc2.image_upload_use_cinder_backend = None {{(pid=113472) log_opt_values /opt/stack/data/venv/lib/python3.10/site-packages/oslo_config/cfg.py:2826}}
Sep 09 10:51:16 jammy-provider-cloud-0000007596 cinder-volume[113472]: DEBUG oslo_service.service [None req-154deed7-1a30-4e69-b7e9-4370ab99eb46 None None] arcusfc2.image_upload_use_internal_tenant = None {{(pid=113472) log_opt_values /opt/stack/data/venv/lib/python3.10/site-packages/oslo_config/cfg.py:2826}}
Sep 09 10:51:16 jammy-provider-cloud-0000007596 cinder-volume[113472]: DEBUG oslo_service.service [None req-154deed7-1a30-4e69-b7e9-4370ab99eb46 None None] arcusfc2.image_volume_cache_enabled = None {{(pid=113472) log_opt_values /opt/stack/data/venv/lib/python3.10/site-packages/oslo_config/cfg.py:2826}}
Sep 09 10:51:16 jammy-provider-cloud-0000007596 cinder-volume[113472]: DEBUG oslo_service.service [None req-154deed7-1a30-4e69-b7e9-4370ab99eb46 None None] arcusfc2.image_volume_cache_max_count = None {{(pid=113472) log_opt_values /opt/stack/data/venv/lib/python3.10/site-packages/oslo_config/cfg.py:2826}}
Sep 09 10:51:16 jammy-provider-cloud-0000007596 cinder-volume[113472]: DEBUG oslo_service.service [None req-154deed7-1a30-4e69-b7e9-4370ab99eb46 None None] arcusfc2.image_volume_cache_max_size_gb = None {{(pid=113472) log_opt_values /opt/stack/data/venv/lib/python3.10/site-packages/oslo_config/cfg.py:2826}}
Sep 09 10:51:16 jammy-provider-cloud-0000007596 cinder-volume[113472]: DEBUG oslo_service.service [None req-154deed7-1a30-4e69-b7e9-4370ab99eb46 None None] arcusfc2.iscsi_iotype          = None {{(pid=113472) log_opt_values /opt/stack/data/venv/lib/python3.10/site-packages/oslo_config/cfg.py:2826}}
Sep 09 10:51:16 jammy-provider-cloud-0000007596 cinder-volume[113472]: DEBUG oslo_service.service [None req-154deed7-1a30-4e69-b7e9-4370ab99eb46 None None] arcusfc2.iscsi_target_flags    = None {{(pid=113472) log_opt_values /opt/stack/data/venv/lib/python3.10/site-packages/oslo_config/cfg.py:2826}}
Sep 09 10:51:16 jammy-provider-cloud-0000007596 cinder-volume[113472]: DEBUG oslo_service.service [None req-154deed7-1a30-4e69-b7e9-4370ab99eb46 None None] arcusfc2.iscsi_write_cache     = None {{(pid=113472) log_opt_values /opt/stack/data/venv/lib/python3.10/site-packages/oslo_config/cfg.py:2826}}
Sep 09 10:51:16 jammy-provider-cloud-0000007596 cinder-volume[113472]: DEBUG oslo_service.service [None req-154deed7-1a30-4e69-b7e9-4370ab99eb46 None None] arcusfc2.iser_helper           = None {{(pid=113472) log_opt_values /opt/stack/data/venv/lib/python3.10/site-packages/oslo_config/cfg.py:2826}}
Sep 09 10:51:16 jammy-provider-cloud-0000007596 cinder-volume[113472]: DEBUG oslo_service.service [None req-154deed7-1a30-4e69-b7e9-4370ab99eb46 None None] arcusfc2.iser_ip_address       = None {{(pid=113472) log_opt_values /opt/stack/data/venv/lib/python3.10/site-packages/oslo_config/cfg.py:2826}}
Sep 09 10:51:16 jammy-provider-cloud-0000007596 cinder-volume[113472]: DEBUG oslo_service.service [None req-154deed7-1a30-4e69-b7e9-4370ab99eb46 None None] arcusfc2.iser_port             = None {{(pid=113472) log_opt_values /opt/stack/data/venv/lib/python3.10/site-packages/oslo_config/cfg.py:2826}}
Sep 09 10:51:16 jammy-provider-cloud-0000007596 cinder-volume[113472]: DEBUG oslo_service.service [None req-154deed7-1a30-4e69-b7e9-4370ab99eb46 None None] arcusfc2.iser_target_prefix    = None {{(pid=113472) log_opt_values /opt/stack/data/venv/lib/python3.10/site-packages/oslo_config/cfg.py:2826}}
Sep 09 10:51:16 jammy-provider-cloud-0000007596 cinder-volume[113472]: DEBUG oslo_service.service [None req-154deed7-1a30-4e69-b7e9-4370ab99eb46 None None] arcusfc2.max_over_subscription_ratio = None {{(pid=113472) log_opt_values /opt/stack/data/venv/lib/python3.10/site-packages/oslo_config/cfg.py:2826}}
Sep 09 10:51:16 jammy-provider-cloud-0000007596 cinder-volume[113472]: DEBUG oslo_service.service [None req-154deed7-1a30-4e69-b7e9-4370ab99eb46 None None] arcusfc2.num_iser_scan_tries   = None {{(pid=113472) log_opt_values /opt/stack/data/venv/lib/python3.10/site-packages/oslo_config/cfg.py:2826}}
Sep 09 10:51:16 jammy-provider-cloud-0000007596 cinder-volume[113472]: DEBUG oslo_service.service [None req-154deed7-1a30-4e69-b7e9-4370ab99eb46 None None] arcusfc2.num_shell_tries       = None {{(pid=113472) log_opt_values /opt/stack/data/venv/lib/python3.10/site-packages/oslo_config/cfg.py:2826}}
Sep 09 10:51:16 jammy-provider-cloud-0000007596 cinder-volume[113472]: DEBUG oslo_service.service [None req-154deed7-1a30-4e69-b7e9-4370ab99eb46 None None] arcusfc2.num_volume_device_scan_tries = None {{(pid=113472) log_opt_values /opt/stack/data/venv/lib/python3.10/site-packages/oslo_config/cfg.py:2826}}
Sep 09 10:51:16 jammy-provider-cloud-0000007596 cinder-volume[113472]: DEBUG oslo_service.service [None req-154deed7-1a30-4e69-b7e9-4370ab99eb46 None None] arcusfc2.nvmeof_conn_info_version = None {{(pid=113472) log_opt_values /opt/stack/data/venv/lib/python3.10/site-packages/oslo_config/cfg.py:2826}}
Sep 09 10:51:16 jammy-provider-cloud-0000007596 cinder-volume[113472]: DEBUG oslo_service.service [None req-154deed7-1a30-4e69-b7e9-4370ab99eb46 None None] arcusfc2.nvmet_ns_id           = None {{(pid=113472) log_opt_values /opt/stack/data/venv/lib/python3.10/site-packages/oslo_config/cfg.py:2826}}
Sep 09 10:51:16 jammy-provider-cloud-0000007596 cinder-volume[113472]: DEBUG oslo_service.service [None req-154deed7-1a30-4e69-b7e9-4370ab99eb46 None None] arcusfc2.nvmet_port_id         = None {{(pid=113472) log_opt_values /opt/stack/data/venv/lib/python3.10/site-packages/oslo_config/cfg.py:2826}}
Sep 09 10:51:16 jammy-provider-cloud-0000007596 cinder-volume[113472]: DEBUG oslo_service.service [None req-154deed7-1a30-4e69-b7e9-4370ab99eb46 None None] arcusfc2.replication_device    = **** {{(pid=113472) log_opt_values /opt/stack/data/venv/lib/python3.10/site-packages/oslo_config/cfg.py:2826}}
Sep 09 10:51:16 jammy-provider-cloud-0000007596 cinder-volume[113472]: DEBUG oslo_service.service [None req-154deed7-1a30-4e69-b7e9-4370ab99eb46 None None] arcusfc2.report_discard_supported = None {{(pid=113472) log_opt_values /opt/stack/data/venv/lib/python3.10/site-packages/oslo_config/cfg.py:2826}}
Sep 09 10:51:16 jammy-provider-cloud-0000007596 cinder-volume[113472]: DEBUG oslo_service.service [None req-154deed7-1a30-4e69-b7e9-4370ab99eb46 None None] arcusfc2.reserved_percentage   = None {{(pid=113472) log_opt_values /opt/stack/data/venv/lib/python3.10/site-packages/oslo_config/cfg.py:2826}}
Sep 09 10:51:16 jammy-provider-cloud-0000007596 cinder-volume[113472]: DEBUG oslo_service.service [None req-154deed7-1a30-4e69-b7e9-4370ab99eb46 None None] arcusfc2.san_api_port          = None {{(pid=113472) log_opt_values /opt/stack/data/venv/lib/python3.10/site-packages/oslo_config/cfg.py:2826}}
Sep 09 10:51:16 jammy-provider-cloud-0000007596 cinder-volume[113472]: DEBUG oslo_service.service [None req-154deed7-1a30-4e69-b7e9-4370ab99eb46 None None] arcusfc2.san_clustername       = None {{(pid=113472) log_opt_values /opt/stack/data/venv/lib/python3.10/site-packages/oslo_config/cfg.py:2826}}
Sep 09 10:51:16 jammy-provider-cloud-0000007596 cinder-volume[113472]: DEBUG oslo_service.service [None req-154deed7-1a30-4e69-b7e9-4370ab99eb46 None None] arcusfc2.san_ip                = 10.201.5.12 {{(pid=113472) log_opt_values /opt/stack/data/venv/lib/python3.10/site-packages/oslo_config/cfg.py:2826}}
Sep 09 10:51:16 jammy-provider-cloud-0000007596 cinder-volume[113472]: DEBUG oslo_service.service [None req-154deed7-1a30-4e69-b7e9-4370ab99eb46 None None] arcusfc2.san_is_local          = None {{(pid=113472) log_opt_values /opt/stack/data/venv/lib/python3.10/site-packages/oslo_config/cfg.py:2826}}
Sep 09 10:51:16 jammy-provider-cloud-0000007596 cinder-volume[113472]: DEBUG oslo_service.service [None req-154deed7-1a30-4e69-b7e9-4370ab99eb46 None None] arcusfc2.san_login             = 3paradm {{(pid=113472) log_opt_values /opt/stack/data/venv/lib/python3.10/site-packages/oslo_config/cfg.py:2826}}
Sep 09 10:51:16 jammy-provider-cloud-0000007596 cinder-volume[113472]: DEBUG oslo_service.service [None req-154deed7-1a30-4e69-b7e9-4370ab99eb46 None None] arcusfc2.san_password          = **** {{(pid=113472) log_opt_values /opt/stack/data/venv/lib/python3.10/site-packages/oslo_config/cfg.py:2826}}
Sep 09 10:51:16 jammy-provider-cloud-0000007596 cinder-volume[113472]: DEBUG oslo_service.service [None req-154deed7-1a30-4e69-b7e9-4370ab99eb46 None None] arcusfc2.san_private_key       = None {{(pid=113472) log_opt_values /opt/stack/data/venv/lib/python3.10/site-packages/oslo_config/cfg.py:2826}}
Sep 09 10:51:16 jammy-provider-cloud-0000007596 cinder-volume[113472]: DEBUG oslo_service.service [None req-154deed7-1a30-4e69-b7e9-4370ab99eb46 None None] arcusfc2.san_ssh_port          = None {{(pid=113472) log_opt_values /opt/stack/data/venv/lib/python3.10/site-packages/oslo_config/cfg.py:2826}}
Sep 09 10:51:16 jammy-provider-cloud-0000007596 cinder-volume[113479]: WARNING py.warnings [None req-0a8d1b81-5bac-41c0-947b-6f3cc565c04d None None] /opt/stack/data/venv/lib/python3.10/site-packages/urllib3/connectionpool.py:1063: InsecureRequestWarning: Unverified HTTPS request is being made to host '10.201.5.12'. Adding certificate verification is strongly advised. See: https://urllib3.readthedocs.io/en/1.26.x/advanced-usage.html#ssl-warnings
Sep 09 10:51:16 jammy-provider-cloud-0000007596 cinder-volume[113479]:   warnings.warn(
Sep 09 10:51:16 jammy-provider-cloud-0000007596 cinder-volume[113472]: DEBUG oslo_service.service [None req-154deed7-1a30-4e69-b7e9-4370ab99eb46 None None] arcusfc2.san_thin_provision    = None {{(pid=113472) log_opt_values /opt/stack/data/venv/lib/python3.10/site-packages/oslo_config/cfg.py:2826}}
Sep 09 10:51:16 jammy-provider-cloud-0000007596 cinder-volume[113472]: DEBUG oslo_service.service [None req-154deed7-1a30-4e69-b7e9-4370ab99eb46 None None] arcusfc2.scst_target_driver    = None {{(pid=113472) log_opt_values /opt/stack/data/venv/lib/python3.10/site-packages/oslo_config/cfg.py:2826}}
Sep 09 10:51:16 jammy-provider-cloud-0000007596 cinder-volume[113472]: DEBUG oslo_service.service [None req-154deed7-1a30-4e69-b7e9-4370ab99eb46 None None] arcusfc2.scst_target_iqn_name  = None {{(pid=113472) log_opt_values /opt/stack/data/venv/lib/python3.10/site-packages/oslo_config/cfg.py:2826}}
Sep 09 10:51:16 jammy-provider-cloud-0000007596 cinder-volume[113472]: DEBUG oslo_service.service [None req-154deed7-1a30-4e69-b7e9-4370ab99eb46 None None] arcusfc2.ssh_conn_timeout      = 45 {{(pid=113472) log_opt_values /opt/stack/data/venv/lib/python3.10/site-packages/oslo_config/cfg.py:2826}}
Sep 09 10:51:16 jammy-provider-cloud-0000007596 cinder-volume[113472]: DEBUG oslo_service.service [None req-154deed7-1a30-4e69-b7e9-4370ab99eb46 None None] arcusfc2.ssh_max_pool_conn     = None {{(pid=113472) log_opt_values /opt/stack/data/venv/lib/python3.10/site-packages/oslo_config/cfg.py:2826}}
Sep 09 10:51:16 jammy-provider-cloud-0000007596 cinder-volume[113472]: DEBUG oslo_service.service [None req-154deed7-1a30-4e69-b7e9-4370ab99eb46 None None] arcusfc2.ssh_min_pool_conn     = None {{(pid=113472) log_opt_values /opt/stack/data/venv/lib/python3.10/site-packages/oslo_config/cfg.py:2826}}
Sep 09 10:51:16 jammy-provider-cloud-0000007596 cinder-volume[113472]: DEBUG oslo_service.service [None req-154deed7-1a30-4e69-b7e9-4370ab99eb46 None None] arcusfc2.storage_protocol      = None {{(pid=113472) log_opt_values /opt/stack/data/venv/lib/python3.10/site-packages/oslo_config/cfg.py:2826}}
Sep 09 10:51:16 jammy-provider-cloud-0000007596 cinder-volume[113472]: DEBUG oslo_service.service [None req-154deed7-1a30-4e69-b7e9-4370ab99eb46 None None] arcusfc2.suppress_requests_ssl_warnings = None {{(pid=113472) log_opt_values /opt/stack/data/venv/lib/python3.10/site-packages/oslo_config/cfg.py:2826}}
Sep 09 10:51:16 jammy-provider-cloud-0000007596 cinder-volume[113472]: DEBUG oslo_service.service [None req-154deed7-1a30-4e69-b7e9-4370ab99eb46 None None] arcusfc2.target_helper         = None {{(pid=113472) log_opt_values /opt/stack/data/venv/lib/python3.10/site-packages/oslo_config/cfg.py:2826}}
Sep 09 10:51:16 jammy-provider-cloud-0000007596 cinder-volume[113472]: DEBUG oslo_service.service [None req-154deed7-1a30-4e69-b7e9-4370ab99eb46 None None] arcusfc2.target_ip_address     = None {{(pid=113472) log_opt_values /opt/stack/data/venv/lib/python3.10/site-packages/oslo_config/cfg.py:2826}}
Sep 09 10:51:16 jammy-provider-cloud-0000007596 cinder-volume[113472]: DEBUG oslo_service.service [None req-154deed7-1a30-4e69-b7e9-4370ab99eb46 None None] arcusfc2.target_port           = None {{(pid=113472) log_opt_values /opt/stack/data/venv/lib/python3.10/site-packages/oslo_config/cfg.py:2826}}
Sep 09 10:51:16 jammy-provider-cloud-0000007596 cinder-volume[113472]: DEBUG oslo_service.service [None req-154deed7-1a30-4e69-b7e9-4370ab99eb46 None None] arcusfc2.target_prefix         = None {{(pid=113472) log_opt_values /opt/stack/data/venv/lib/python3.10/site-packages/oslo_config/cfg.py:2826}}
Sep 09 10:51:16 jammy-provider-cloud-0000007596 cinder-volume[113472]: DEBUG oslo_service.service [None req-154deed7-1a30-4e69-b7e9-4370ab99eb46 None None] arcusfc2.target_protocol       = None {{(pid=113472) log_opt_values /opt/stack/data/venv/lib/python3.10/site-packages/oslo_config/cfg.py:2826}}
Sep 09 10:51:16 jammy-provider-cloud-0000007596 cinder-volume[113472]: DEBUG oslo_service.service [None req-154deed7-1a30-4e69-b7e9-4370ab99eb46 None None] arcusfc2.target_secondary_ip_addresses = None {{(pid=113472) log_opt_values /opt/stack/data/venv/lib/python3.10/site-packages/oslo_config/cfg.py:2826}}
Sep 09 10:51:16 jammy-provider-cloud-0000007596 cinder-volume[113472]: DEBUG oslo_service.service [None req-154deed7-1a30-4e69-b7e9-4370ab99eb46 None None] arcusfc2.trace_flags           = None {{(pid=113472) log_opt_values /opt/stack/data/venv/lib/python3.10/site-packages/oslo_config/cfg.py:2826}}
Sep 09 10:51:16 jammy-provider-cloud-0000007596 cinder-volume[113472]: DEBUG oslo_service.service [None req-154deed7-1a30-4e69-b7e9-4370ab99eb46 None None] arcusfc2.unique_fqdn_network   = None {{(pid=113472) log_opt_values /opt/stack/data/venv/lib/python3.10/site-packages/oslo_config/cfg.py:2826}}
Sep 09 10:51:16 jammy-provider-cloud-0000007596 cinder-volume[113472]: DEBUG oslo_service.service [None req-154deed7-1a30-4e69-b7e9-4370ab99eb46 None None] arcusfc2.use_chap_auth         = None {{(pid=113472) log_opt_values /opt/stack/data/venv/lib/python3.10/site-packages/oslo_config/cfg.py:2826}}
Sep 09 10:51:16 jammy-provider-cloud-0000007596 cinder-volume[113472]: DEBUG oslo_service.service [None req-154deed7-1a30-4e69-b7e9-4370ab99eb46 None None] arcusfc2.use_multipath_for_image_xfer = None {{(pid=113472) log_opt_values /opt/stack/data/venv/lib/python3.10/site-packages/oslo_config/cfg.py:2826}}
Sep 09 10:51:16 jammy-provider-cloud-0000007596 cinder-volume[113472]: DEBUG oslo_service.service [None req-154deed7-1a30-4e69-b7e9-4370ab99eb46 None None] arcusfc2.volume_backend_name   = arcusfc2 {{(pid=113472) log_opt_values /opt/stack/data/venv/lib/python3.10/site-packages/oslo_config/cfg.py:2826}}
Sep 09 10:51:16 jammy-provider-cloud-0000007596 cinder-volume[113472]: DEBUG oslo_service.service [None req-154deed7-1a30-4e69-b7e9-4370ab99eb46 None None] arcusfc2.volume_clear          = None {{(pid=113472) log_opt_values /opt/stack/data/venv/lib/python3.10/site-packages/oslo_config/cfg.py:2826}}
Sep 09 10:51:16 jammy-provider-cloud-0000007596 cinder-volume[113472]: DEBUG oslo_service.service [None req-154deed7-1a30-4e69-b7e9-4370ab99eb46 None None] arcusfc2.volume_clear_ionice   = None {{(pid=113472) log_opt_values /opt/stack/data/venv/lib/python3.10/site-packages/oslo_config/cfg.py:2826}}
Sep 09 10:51:16 jammy-provider-cloud-0000007596 cinder-volume[113472]: DEBUG oslo_service.service [None req-154deed7-1a30-4e69-b7e9-4370ab99eb46 None None] arcusfc2.volume_clear_size     = None {{(pid=113472) log_opt_values /opt/stack/data/venv/lib/python3.10/site-packages/oslo_config/cfg.py:2826}}
Sep 09 10:51:16 jammy-provider-cloud-0000007596 cinder-volume[113472]: DEBUG oslo_service.service [None req-154deed7-1a30-4e69-b7e9-4370ab99eb46 None None] arcusfc2.volume_copy_blkio_cgroup_name = None {{(pid=113472) log_opt_values /opt/stack/data/venv/lib/python3.10/site-packages/oslo_config/cfg.py:2826}}
Sep 09 10:51:16 jammy-provider-cloud-0000007596 cinder-volume[113472]: DEBUG oslo_service.service [None req-154deed7-1a30-4e69-b7e9-4370ab99eb46 None None] arcusfc2.volume_copy_bps_limit = None {{(pid=113472) log_opt_values /opt/stack/data/venv/lib/python3.10/site-packages/oslo_config/cfg.py:2826}}
Sep 09 10:51:16 jammy-provider-cloud-0000007596 cinder-volume[113472]: DEBUG oslo_service.service [None req-154deed7-1a30-4e69-b7e9-4370ab99eb46 None None] arcusfc2.volume_dd_blocksize   = None {{(pid=113472) log_opt_values /opt/stack/data/venv/lib/python3.10/site-packages/oslo_config/cfg.py:2826}}
Sep 09 10:51:16 jammy-provider-cloud-0000007596 cinder-volume[113472]: DEBUG oslo_service.service [None req-154deed7-1a30-4e69-b7e9-4370ab99eb46 None None] arcusfc2.volume_driver         = cinder.volume.drivers.hpe.hpe_3par_nvme.HPE3PARNVMEDriver {{(pid=113472) log_opt_values /opt/stack/data/venv/lib/python3.10/site-packages/oslo_config/cfg.py:2826}}
Sep 09 10:51:16 jammy-provider-cloud-0000007596 cinder-volume[113472]: DEBUG oslo_service.service [None req-154deed7-1a30-4e69-b7e9-4370ab99eb46 None None] arcusfc2.volumes_dir           = None {{(pid=113472) log_opt_values /opt/stack/data/venv/lib/python3.10/site-packages/oslo_config/cfg.py:2826}}
Sep 09 10:51:16 jammy-provider-cloud-0000007596 cinder-volume[113472]: DEBUG oslo_service.service [None req-154deed7-1a30-4e69-b7e9-4370ab99eb46 None None] ******************************************************************************** {{(pid=113472) log_opt_values /opt/stack/data/venv/lib/python3.10/site-packages/oslo_config/cfg.py:2830}}
Sep 09 10:51:16 jammy-provider-cloud-0000007596 cinder-volume[113478]: DEBUG cinder.volume.drivers.hpe.hpe_3par_common [None req-d50ad895-a2c8-47e9-be26-bb0bc1c6dd21 None None] Disconnect from 3PAR REST and SSH 2ac28fe7-0881-413d-bae1-35dbad4931a3 {{(pid=113478) client_logout /opt/stack/cinder/cinder/volume/drivers/hpe/hpe_3par_common.py:435}}
Sep 09 10:51:16 jammy-provider-cloud-0000007596 cinder-volume[113479]: DEBUG cinder.volume.drivers.hpe.hpe_3par_common [None req-0a8d1b81-5bac-41c0-947b-6f3cc565c04d None None] Disconnect from 3PAR REST and SSH 7d6e412a-ae76-41c7-8104-fd547efbefb3 {{(pid=113479) client_logout /opt/stack/cinder/cinder/volume/drivers/hpe/hpe_3par_common.py:435}}
Sep 09 10:51:16 jammy-provider-cloud-0000007596 cinder-volume[113478]: WARNING py.warnings [None req-d50ad895-a2c8-47e9-be26-bb0bc1c6dd21 None None] /opt/stack/data/venv/lib/python3.10/site-packages/urllib3/connectionpool.py:1063: InsecureRequestWarning: Unverified HTTPS request is being made to host '10.201.5.12'. Adding certificate verification is strongly advised. See: https://urllib3.readthedocs.io/en/1.26.x/advanced-usage.html#ssl-warnings
Sep 09 10:51:16 jammy-provider-cloud-0000007596 cinder-volume[113478]:   warnings.warn(
Sep 09 10:51:16 jammy-provider-cloud-0000007596 cinder-volume[113478]: DEBUG cinder.volume.drivers.hpe.hpe_3par_common [None req-d50ad895-a2c8-47e9-be26-bb0bc1c6dd21 None None] Connecting to 3PAR {{(pid=113478) client_login /opt/stack/cinder/cinder/volume/drivers/hpe/hpe_3par_common.py:425}}
Sep 09 10:51:16 jammy-provider-cloud-0000007596 cinder-volume[113479]: WARNING py.warnings [None req-0a8d1b81-5bac-41c0-947b-6f3cc565c04d None None] /opt/stack/data/venv/lib/python3.10/site-packages/urllib3/connectionpool.py:1063: InsecureRequestWarning: Unverified HTTPS request is being made to host '10.201.5.12'. Adding certificate verification is strongly advised. See: https://urllib3.readthedocs.io/en/1.26.x/advanced-usage.html#ssl-warnings
Sep 09 10:51:16 jammy-provider-cloud-0000007596 cinder-volume[113479]:   warnings.warn(
Sep 09 10:51:16 jammy-provider-cloud-0000007596 cinder-volume[113479]: DEBUG cinder.volume.drivers.hpe.hpe_3par_common [None req-0a8d1b81-5bac-41c0-947b-6f3cc565c04d None None] Connecting to 3PAR {{(pid=113479) client_login /opt/stack/cinder/cinder/volume/drivers/hpe/hpe_3par_common.py:425}}
Sep 09 10:51:16 jammy-provider-cloud-0000007596 cinder-volume[113478]: WARNING py.warnings [None req-d50ad895-a2c8-47e9-be26-bb0bc1c6dd21 None None] /opt/stack/data/venv/lib/python3.10/site-packages/urllib3/connectionpool.py:1063: InsecureRequestWarning: Unverified HTTPS request is being made to host '10.201.5.12'. Adding certificate verification is strongly advised. See: https://urllib3.readthedocs.io/en/1.26.x/advanced-usage.html#ssl-warnings
Sep 09 10:51:16 jammy-provider-cloud-0000007596 cinder-volume[113478]:   warnings.warn(
Sep 09 10:51:16 jammy-provider-cloud-0000007596 cinder-volume[113479]: WARNING py.warnings [None req-0a8d1b81-5bac-41c0-947b-6f3cc565c04d None None] /opt/stack/data/venv/lib/python3.10/site-packages/urllib3/connectionpool.py:1063: InsecureRequestWarning: Unverified HTTPS request is being made to host '10.201.5.12'. Adding certificate verification is strongly advised. See: https://urllib3.readthedocs.io/en/1.26.x/advanced-usage.html#ssl-warnings
Sep 09 10:51:16 jammy-provider-cloud-0000007596 cinder-volume[113479]:   warnings.warn(
Sep 09 10:51:16 jammy-provider-cloud-0000007596 cinder-volume[113478]: WARNING py.warnings [None req-d50ad895-a2c8-47e9-be26-bb0bc1c6dd21 None None] /opt/stack/data/venv/lib/python3.10/site-packages/urllib3/connectionpool.py:1063: InsecureRequestWarning: Unverified HTTPS request is being made to host '10.201.5.12'. Adding certificate verification is strongly advised. See: https://urllib3.readthedocs.io/en/1.26.x/advanced-usage.html#ssl-warnings
Sep 09 10:51:16 jammy-provider-cloud-0000007596 cinder-volume[113478]:   warnings.warn(
Sep 09 10:51:16 jammy-provider-cloud-0000007596 cinder-volume[113479]: WARNING py.warnings [None req-0a8d1b81-5bac-41c0-947b-6f3cc565c04d None None] /opt/stack/data/venv/lib/python3.10/site-packages/urllib3/connectionpool.py:1063: InsecureRequestWarning: Unverified HTTPS request is being made to host '10.201.5.12'. Adding certificate verification is strongly advised. See: https://urllib3.readthedocs.io/en/1.26.x/advanced-usage.html#ssl-warnings
Sep 09 10:51:16 jammy-provider-cloud-0000007596 cinder-volume[113479]:   warnings.warn(
Sep 09 10:51:16 jammy-provider-cloud-0000007596 cinder-volume[113478]: DEBUG cinder.volume.drivers.hpe.hpe_3par_common [None req-d50ad895-a2c8-47e9-be26-bb0bc1c6dd21 None None] Disconnect from 3PAR REST and SSH 2ac28fe7-0881-413d-bae1-35dbad4931a3 {{(pid=113478) client_logout /opt/stack/cinder/cinder/volume/drivers/hpe/hpe_3par_common.py:435}}
Sep 09 10:51:16 jammy-provider-cloud-0000007596 cinder-volume[113479]: DEBUG cinder.volume.drivers.hpe.hpe_3par_common [None req-0a8d1b81-5bac-41c0-947b-6f3cc565c04d None None] Disconnect from 3PAR REST and SSH 7d6e412a-ae76-41c7-8104-fd547efbefb3 {{(pid=113479) client_logout /opt/stack/cinder/cinder/volume/drivers/hpe/hpe_3par_common.py:435}}
Sep 09 10:51:16 jammy-provider-cloud-0000007596 cinder-volume[113478]: WARNING py.warnings [None req-d50ad895-a2c8-47e9-be26-bb0bc1c6dd21 None None] /opt/stack/data/venv/lib/python3.10/site-packages/urllib3/connectionpool.py:1063: InsecureRequestWarning: Unverified HTTPS request is being made to host '10.201.5.12'. Adding certificate verification is strongly advised. See: https://urllib3.readthedocs.io/en/1.26.x/advanced-usage.html#ssl-warnings
Sep 09 10:51:16 jammy-provider-cloud-0000007596 cinder-volume[113478]:   warnings.warn(
Sep 09 10:51:16 jammy-provider-cloud-0000007596 cinder-volume[113478]: DEBUG cinder.volume.drivers.hpe.hpe_3par_nvme [None req-d50ad895-a2c8-47e9-be26-bb0bc1c6dd21 None None] ==> get_volume_stats: call "{'self': <cinder.volume.drivers.hpe.hpe_3par_nvme.HPE3PARNVMEDriver object at 0x7f562521fbb0>, 'refresh': True}" {{(pid=113478) trace_logging_wrapper /opt/stack/cinder/cinder/volume/volume_utils.py:1495}}
Sep 09 10:51:16 jammy-provider-cloud-0000007596 cinder-volume[113479]: WARNING py.warnings [None req-0a8d1b81-5bac-41c0-947b-6f3cc565c04d None None] /opt/stack/data/venv/lib/python3.10/site-packages/urllib3/connectionpool.py:1063: InsecureRequestWarning: Unverified HTTPS request is being made to host '10.201.5.12'. Adding certificate verification is strongly advised. See: https://urllib3.readthedocs.io/en/1.26.x/advanced-usage.html#ssl-warnings
Sep 09 10:51:16 jammy-provider-cloud-0000007596 cinder-volume[113479]:   warnings.warn(
Sep 09 10:51:16 jammy-provider-cloud-0000007596 cinder-volume[113479]: DEBUG cinder.volume.drivers.hpe.hpe_3par_nvme [None req-0a8d1b81-5bac-41c0-947b-6f3cc565c04d None None] ==> get_volume_stats: call "{'self': <cinder.volume.drivers.hpe.hpe_3par_nvme.HPE3PARNVMEDriver object at 0x7f56253b4f70>, 'refresh': True}" {{(pid=113479) trace_logging_wrapper /opt/stack/cinder/cinder/volume/volume_utils.py:1495}}
Sep 09 10:51:16 jammy-provider-cloud-0000007596 cinder-volume[113478]: WARNING py.warnings [None req-d50ad895-a2c8-47e9-be26-bb0bc1c6dd21 None None] /opt/stack/data/venv/lib/python3.10/site-packages/urllib3/connectionpool.py:1063: InsecureRequestWarning: Unverified HTTPS request is being made to host '10.201.5.12'. Adding certificate verification is strongly advised. See: https://urllib3.readthedocs.io/en/1.26.x/advanced-usage.html#ssl-warnings
Sep 09 10:51:16 jammy-provider-cloud-0000007596 cinder-volume[113478]:   warnings.warn(
Sep 09 10:51:16 jammy-provider-cloud-0000007596 cinder-volume[113479]: WARNING py.warnings [None req-0a8d1b81-5bac-41c0-947b-6f3cc565c04d None None] /opt/stack/data/venv/lib/python3.10/site-packages/urllib3/connectionpool.py:1063: InsecureRequestWarning: Unverified HTTPS request is being made to host '10.201.5.12'. Adding certificate verification is strongly advised. See: https://urllib3.readthedocs.io/en/1.26.x/advanced-usage.html#ssl-warnings
Sep 09 10:51:16 jammy-provider-cloud-0000007596 cinder-volume[113479]:   warnings.warn(
Sep 09 10:51:16 jammy-provider-cloud-0000007596 cinder-volume[113478]: WARNING py.warnings [None req-d50ad895-a2c8-47e9-be26-bb0bc1c6dd21 None None] /opt/stack/data/venv/lib/python3.10/site-packages/urllib3/connectionpool.py:1063: InsecureRequestWarning: Unverified HTTPS request is being made to host '10.201.5.12'. Adding certificate verification is strongly advised. See: https://urllib3.readthedocs.io/en/1.26.x/advanced-usage.html#ssl-warnings
Sep 09 10:51:16 jammy-provider-cloud-0000007596 cinder-volume[113478]:   warnings.warn(
Sep 09 10:51:16 jammy-provider-cloud-0000007596 cinder-volume[113478]: : hpe3parclient.exceptions.HTTPForbidden: Forbidden (HTTP 403) 6 - invalid session key
Sep 09 10:51:16 jammy-provider-cloud-0000007596 cinder-volume[113479]: WARNING py.warnings [None req-0a8d1b81-5bac-41c0-947b-6f3cc565c04d None None] /opt/stack/data/venv/lib/python3.10/site-packages/urllib3/connectionpool.py:1063: InsecureRequestWarning: Unverified HTTPS request is being made to host '10.201.5.12'. Adding certificate verification is strongly advised. See: https://urllib3.readthedocs.io/en/1.26.x/advanced-usage.html#ssl-warnings
Sep 09 10:51:16 jammy-provider-cloud-0000007596 cinder-volume[113479]:   warnings.warn(
Sep 09 10:51:16 jammy-provider-cloud-0000007596 cinder-volume[113479]: : hpe3parclient.exceptions.HTTPForbidden: Forbidden (HTTP 403) 6 - invalid session key
Sep 09 10:51:16 jammy-provider-cloud-0000007596 cinder-volume[113478]: WARNING py.warnings [None req-d50ad895-a2c8-47e9-be26-bb0bc1c6dd21 None None] /opt/stack/data/venv/lib/python3.10/site-packages/urllib3/connectionpool.py:1063: InsecureRequestWarning: Unverified HTTPS request is being made to host '10.201.5.12'. Adding certificate verification is strongly advised. See: https://urllib3.readthedocs.io/en/1.26.x/advanced-usage.html#ssl-warnings
Sep 09 10:51:16 jammy-provider-cloud-0000007596 cinder-volume[113478]:   warnings.warn(
Sep 09 10:51:16 jammy-provider-cloud-0000007596 cinder-volume[113478]: : hpe3parclient.exceptions.HTTPForbidden: Forbidden (HTTP 403) 6 - invalid session key
Sep 09 10:51:16 jammy-provider-cloud-0000007596 cinder-volume[113479]: WARNING py.warnings [None req-0a8d1b81-5bac-41c0-947b-6f3cc565c04d None None] /opt/stack/data/venv/lib/python3.10/site-packages/urllib3/connectionpool.py:1063: InsecureRequestWarning: Unverified HTTPS request is being made to host '10.201.5.12'. Adding certificate verification is strongly advised. See: https://urllib3.readthedocs.io/en/1.26.x/advanced-usage.html#ssl-warnings
Sep 09 10:51:16 jammy-provider-cloud-0000007596 cinder-volume[113479]:   warnings.warn(
Sep 09 10:51:16 jammy-provider-cloud-0000007596 cinder-volume[113479]: : hpe3parclient.exceptions.HTTPForbidden: Forbidden (HTTP 403) 6 - invalid session key
Sep 09 10:51:17 jammy-provider-cloud-0000007596 cinder-volume[113478]: WARNING py.warnings [None req-d50ad895-a2c8-47e9-be26-bb0bc1c6dd21 None None] /opt/stack/data/venv/lib/python3.10/site-packages/urllib3/connectionpool.py:1063: InsecureRequestWarning: Unverified HTTPS request is being made to host '10.201.5.12'. Adding certificate verification is strongly advised. See: https://urllib3.readthedocs.io/en/1.26.x/advanced-usage.html#ssl-warnings
Sep 09 10:51:17 jammy-provider-cloud-0000007596 cinder-volume[113478]:   warnings.warn(
Sep 09 10:51:17 jammy-provider-cloud-0000007596 cinder-volume[113479]: WARNING py.warnings [None req-0a8d1b81-5bac-41c0-947b-6f3cc565c04d None None] /opt/stack/data/venv/lib/python3.10/site-packages/urllib3/connectionpool.py:1063: InsecureRequestWarning: Unverified HTTPS request is being made to host '10.201.5.12'. Adding certificate verification is strongly advised. See: https://urllib3.readthedocs.io/en/1.26.x/advanced-usage.html#ssl-warnings
Sep 09 10:51:17 jammy-provider-cloud-0000007596 cinder-volume[113479]:   warnings.warn(
Sep 09 10:51:17 jammy-provider-cloud-0000007596 cinder-volume[113478]: WARNING py.warnings [None req-d50ad895-a2c8-47e9-be26-bb0bc1c6dd21 None None] /opt/stack/data/venv/lib/python3.10/site-packages/urllib3/connectionpool.py:1063: InsecureRequestWarning: Unverified HTTPS request is being made to host '10.201.5.12'. Adding certificate verification is strongly advised. See: https://urllib3.readthedocs.io/en/1.26.x/advanced-usage.html#ssl-warnings
Sep 09 10:51:17 jammy-provider-cloud-0000007596 cinder-volume[113478]:   warnings.warn(
Sep 09 10:51:17 jammy-provider-cloud-0000007596 cinder-volume[113479]: WARNING py.warnings [None req-0a8d1b81-5bac-41c0-947b-6f3cc565c04d None None] /opt/stack/data/venv/lib/python3.10/site-packages/urllib3/connectionpool.py:1063: InsecureRequestWarning: Unverified HTTPS request is being made to host '10.201.5.12'. Adding certificate verification is strongly advised. See: https://urllib3.readthedocs.io/en/1.26.x/advanced-usage.html#ssl-warnings
Sep 09 10:51:17 jammy-provider-cloud-0000007596 cinder-volume[113479]:   warnings.warn(
Sep 09 10:51:17 jammy-provider-cloud-0000007596 cinder-volume[113478]: WARNING py.warnings [None req-d50ad895-a2c8-47e9-be26-bb0bc1c6dd21 None None] /opt/stack/data/venv/lib/python3.10/site-packages/urllib3/connectionpool.py:1063: InsecureRequestWarning: Unverified HTTPS request is being made to host '10.201.5.12'. Adding certificate verification is strongly advised. See: https://urllib3.readthedocs.io/en/1.26.x/advanced-usage.html#ssl-warnings
Sep 09 10:51:17 jammy-provider-cloud-0000007596 cinder-volume[113478]:   warnings.warn(
Sep 09 10:51:17 jammy-provider-cloud-0000007596 cinder-volume[113479]: WARNING py.warnings [None req-0a8d1b81-5bac-41c0-947b-6f3cc565c04d None None] /opt/stack/data/venv/lib/python3.10/site-packages/urllib3/connectionpool.py:1063: InsecureRequestWarning: Unverified HTTPS request is being made to host '10.201.5.12'. Adding certificate verification is strongly advised. See: https://urllib3.readthedocs.io/en/1.26.x/advanced-usage.html#ssl-warnings
Sep 09 10:51:17 jammy-provider-cloud-0000007596 cinder-volume[113479]:   warnings.warn(
Sep 09 10:51:17 jammy-provider-cloud-0000007596 cinder-volume[113478]: DEBUG cinder.volume.drivers.hpe.hpe_3par_nvme [None req-d50ad895-a2c8-47e9-be26-bb0bc1c6dd21 None None] <== get_volume_stats: exception (272ms) HTTPInternalServerError() {{(pid=113478) trace_logging_wrapper /opt/stack/cinder/cinder/volume/volume_utils.py:1505}}
Sep 09 10:51:17 jammy-provider-cloud-0000007596 cinder-volume[113478]: ERROR oslo_service.service [None req-d50ad895-a2c8-47e9-be26-bb0bc1c6dd21 None None] Error starting thread.: hpe3parclient.exceptions.HTTPInternalServerError: Internal Server Error (HTTP 500) 1 - internal server error
Sep 09 10:51:17 jammy-provider-cloud-0000007596 cinder-volume[113478]: ERROR oslo_service.service Traceback (most recent call last):
Sep 09 10:51:17 jammy-provider-cloud-0000007596 cinder-volume[113478]: ERROR oslo_service.service   File "/opt/stack/data/venv/lib/python3.10/site-packages/oslo_service/service.py", line 810, in run_service
Sep 09 10:51:17 jammy-provider-cloud-0000007596 cinder-volume[113478]: ERROR oslo_service.service     service.start()
Sep 09 10:51:17 jammy-provider-cloud-0000007596 cinder-volume[113478]: ERROR oslo_service.service   File "/opt/stack/cinder/cinder/service.py", line 235, in start
Sep 09 10:51:17 jammy-provider-cloud-0000007596 cinder-volume[113478]: ERROR oslo_service.service     self.manager.init_host(added_to_cluster=self.added_to_cluster,
Sep 09 10:51:17 jammy-provider-cloud-0000007596 cinder-volume[113478]: ERROR oslo_service.service   File "/opt/stack/cinder/cinder/volume/manager.py", line 500, in init_host
Sep 09 10:51:17 jammy-provider-cloud-0000007596 cinder-volume[113478]: ERROR oslo_service.service     self._init_host(added_to_cluster, **kwargs)
