Apr 24 03:22:37 ubuntu devstack@keystone.service[67684]: DEBUG keystone.common.rbac_enforcer.enforcer [None req-e567cc11-1115-477b-83b0-22edecf7db56 None admin] RBAC: Adding query filter params (name=Default) {{(pid=67684) _extract_filter_values /opt/stack/keystone/keystone/common/rbac_enforcer/enforcer.py:176}}
Apr 24 03:22:37 ubuntu devstack@keystone.service[67684]: DEBUG keystone.common.rbac_enforcer.enforcer [None req-e567cc11-1115-477b-83b0-22edecf7db56 None admin] RBAC: Authorizing `identity:list_domains()` {{(pid=67684) enforce_call /opt/stack/keystone/keystone/common/rbac_enforcer/enforcer.py:494}}
Apr 24 03:22:37 ubuntu devstack@keystone.service[67684]: DEBUG keystone.common.rbac_enforcer.enforcer [None req-e567cc11-1115-477b-83b0-22edecf7db56 None admin] RBAC: Authorization granted {{(pid=67684) enforce_call /opt/stack/keystone/keystone/common/rbac_enforcer/enforcer.py:505}}
Apr 24 03:22:37 ubuntu devstack@keystone.service[67685]: DEBUG keystone.server.flask.request_processing.middleware.auth_context [None req-c3302229-5928-431c-9d77-c5680c33b586 None admin] Authenticating user token {{(pid=67685) process_request /opt/stack/data/venv/lib/python3.12/site-packages/keystonemiddleware/auth_token/__init__.py:407}}
Apr 24 03:22:37 ubuntu devstack@keystone.service[67684]: [pid: 67684|app: 0|req: 11/21] 10.120.125.137 () {58 vars in 1190 bytes} [Fri Apr 24 03:22:37 2026] GET /identity/v3/domains?name=Default => generated 310 bytes in 78 msecs (HTTP/1.1 200) 5 headers in 177 bytes (2 switches on core 0)
Apr 24 03:22:37 ubuntu devstack@keystone.service[67685]: DEBUG keystone.server.flask.request_processing.middleware.auth_context [None req-c3302229-5928-431c-9d77-c5680c33b586 None admin] Validating token access rules against request {{(pid=67685) validate_allowed_request /opt/stack/data/venv/lib/python3.12/site-packages/keystonemiddleware/auth_token/__init__.py:545}}
Apr 24 03:22:37 ubuntu devstack@keystone.service[67685]: DEBUG keystone.server.flask.request_processing.middleware.auth_context [None req-ac6976b4-32b1-4fea-a895-c89249498bd9 None admin] RBAC: auth_context: {'token': <TokenModel (audit_id=DsQ77d_URCy_4HmFUkPmFQ, audit_chain_id=['DsQ77d_URCy_4HmFUkPmFQ']) at 0x7235c339b890>, 'domain_id': None, 'trust_id': None, 'trustor_id': None, 'trustee_id': None, 'domain_name': None, 'group_ids': [], 'user_id': '6f4cc23b099848b98905c3b9f1b9d321', 'user_domain_id': 'default', 'system_scope': 'all', 'project_id': None, 'project_domain_id': None, 'roles': ['admin', 'manager', 'member', 'reader'], 'is_admin_project': True, 'service_user_id': None, 'service_user_domain_id': None, 'service_project_id': None, 'service_project_domain_id': None, 'service_roles': []} {{(pid=67685) fill_context /opt/stack/keystone/keystone/server/flask/request_processing/middleware/auth_context.py:509}}
Apr 24 03:22:37 ubuntu devstack@keystone.service[67685]: DEBUG keystone.server.flask.request_processing.req_logging [None req-ac6976b4-32b1-4fea-a895-c89249498bd9 None admin] REQUEST_METHOD: `PUT` {{(pid=67685) log_request_info /opt/stack/keystone/keystone/server/flask/request_processing/req_logging.py:26}}
Apr 24 03:22:37 ubuntu devstack@keystone.service[67685]: DEBUG keystone.server.flask.request_processing.req_logging [None req-ac6976b4-32b1-4fea-a895-c89249498bd9 None admin] SCRIPT_NAME: `/identity` {{(pid=67685) log_request_info /opt/stack/keystone/keystone/server/flask/request_processing/req_logging.py:27}}
Apr 24 03:22:37 ubuntu devstack@keystone.service[67685]: DEBUG keystone.server.flask.request_processing.req_logging [None req-ac6976b4-32b1-4fea-a895-c89249498bd9 None admin] PATH_INFO: `/v3/domains/default/users/6f4cc23b099848b98905c3b9f1b9d321/roles/1bcf983aeb2a4201a4405457dbc7df16` {{(pid=67685) log_request_info /opt/stack/keystone/keystone/server/flask/request_processing/req_logging.py:28}}
Apr 24 03:22:37 ubuntu devstack@keystone.service[67685]: DEBUG keystone.common.rbac_enforcer.enforcer [None req-ac6976b4-32b1-4fea-a895-c89249498bd9 None admin] RBAC: Authorizing `identity:create_grant(domain_id=default, user_id=6f4cc23b099848b98905c3b9f1b9d321, role_id=1bcf983aeb2a4201a4405457dbc7df16)` {{(pid=67685) enforce_call /opt/stack/keystone/keystone/common/rbac_enforcer/enforcer.py:494}}
Apr 24 03:22:37 ubuntu devstack@keystone.service[67685]: DEBUG keystone.common.rbac_enforcer.enforcer [None req-ac6976b4-32b1-4fea-a895-c89249498bd9 None admin] RBAC: Authorization granted {{(pid=67685) enforce_call /opt/stack/keystone/keystone/common/rbac_enforcer/enforcer.py:505}}
Apr 24 03:22:37 ubuntu devstack@keystone.service[67685]: [pid: 67685|app: 0|req: 11/22] 10.120.125.137 () {60 vars in 1429 bytes} [Fri Apr 24 03:22:37 2026] PUT /identity/v3/domains/default/users/6f4cc23b099848b98905c3b9f1b9d321/roles/1bcf983aeb2a4201a4405457dbc7df16 => generated 0 bytes in 134 msecs (HTTP/1.1 204) 3 headers in 132 bytes (0 switches on core 0)
Apr 24 03:22:39 ubuntu devstack@keystone.service[67684]: DEBUG keystone.server.flask.request_processing.req_logging [None req-6f249541-33a5-45bb-b466-ce42a27cf62b None None] REQUEST_METHOD: `GET` {{(pid=67684) log_request_info /opt/stack/keystone/keystone/server/flask/request_processing/req_logging.py:26}}
Apr 24 03:22:39 ubuntu devstack@keystone.service[67684]: DEBUG keystone.server.flask.request_processing.req_logging [None req-6f249541-33a5-45bb-b466-ce42a27cf62b None None] SCRIPT_NAME: `/identity` {{(pid=67684) log_request_info /opt/stack/keystone/keystone/server/flask/request_processing/req_logging.py:27}}
Apr 24 03:22:39 ubuntu devstack@keystone.service[67684]: DEBUG keystone.server.flask.request_processing.req_logging [None req-6f249541-33a5-45bb-b466-ce42a27cf62b None None] PATH_INFO: `/` {{(pid=67684) log_request_info /opt/stack/keystone/keystone/server/flask/request_processing/req_logging.py:28}}
Apr 24 03:22:39 ubuntu devstack@keystone.service[67684]: [pid: 67684|app: 0|req: 12/23] 10.120.125.137 () {56 vars in 950 bytes} [Fri Apr 24 03:22:39 2026] GET /identity => generated 271 bytes in 1 msecs (HTTP/1.1 300) 6 headers in 235 bytes (1 switches on core 0)
Apr 24 03:22:39 ubuntu devstack@keystone.service[67685]: DEBUG keystone.server.flask.request_processing.req_logging [None req-9e97dfea-3c89-488f-8d1a-d209787be6e2 None None] REQUEST_METHOD: `GET` {{(pid=67685) log_request_info /opt/stack/keystone/keystone/server/flask/request_processing/req_logging.py:26}}
Apr 24 03:22:39 ubuntu devstack@keystone.service[67685]: DEBUG keystone.server.flask.request_processing.req_logging [None req-9e97dfea-3c89-488f-8d1a-d209787be6e2 None None] SCRIPT_NAME: `/identity` {{(pid=67685) log_request_info /opt/stack/keystone/keystone/server/flask/request_processing/req_logging.py:27}}
Apr 24 03:22:39 ubuntu devstack@keystone.service[67685]: DEBUG keystone.server.flask.request_processing.req_logging [None req-9e97dfea-3c89-488f-8d1a-d209787be6e2 None None] PATH_INFO: `/` {{(pid=67685) log_request_info /opt/stack/keystone/keystone/server/flask/request_processing/req_logging.py:28}}
Apr 24 03:22:39 ubuntu devstack@keystone.service[67685]: [pid: 67685|app: 0|req: 12/24] 10.120.125.137 () {56 vars in 950 bytes} [Fri Apr 24 03:22:39 2026] GET /identity => generated 271 bytes in 2 msecs (HTTP/1.1 300) 6 headers in 235 bytes (1 switches on core 0)
Apr 24 03:22:39 ubuntu devstack@keystone.service[67684]: DEBUG keystone.server.flask.request_processing.req_logging [None req-95a7bfe6-289f-49d2-8a73-e4b30c7938ed None None] REQUEST_METHOD: `POST` {{(pid=67684) log_request_info /opt/stack/keystone/keystone/server/flask/request_processing/req_logging.py:26}}
Apr 24 03:22:39 ubuntu devstack@keystone.service[67684]: DEBUG keystone.server.flask.request_processing.req_logging [None req-95a7bfe6-289f-49d2-8a73-e4b30c7938ed None None] SCRIPT_NAME: `/identity` {{(pid=67684) log_request_info /opt/stack/keystone/keystone/server/flask/request_processing/req_logging.py:27}}
Apr 24 03:22:39 ubuntu devstack@keystone.service[67684]: DEBUG keystone.server.flask.request_processing.req_logging [None req-95a7bfe6-289f-49d2-8a73-e4b30c7938ed None None] PATH_INFO: `/v3/auth/tokens` {{(pid=67684) log_request_info /opt/stack/keystone/keystone/server/flask/request_processing/req_logging.py:28}}
Apr 24 03:22:39 ubuntu devstack@keystone.service[67684]: WARNING keystone.common.password_hashing [None req-95a7bfe6-289f-49d2-8a73-e4b30c7938ed None None] Truncating password to algorithm specific maximum length 72 characters.
Apr 24 03:22:39 ubuntu devstack@keystone.service[67684]: DEBUG keystone.auth.core [None req-95a7bfe6-289f-49d2-8a73-e4b30c7938ed None None] MFA Rules not processed for user `6f4cc23b099848b98905c3b9f1b9d321`. Rule list: `[]` (Enabled: `True`). {{(pid=67684) check_auth_methods_against_rules /opt/stack/keystone/keystone/auth/core.py:476}}
Apr 24 03:22:39 ubuntu devstack@keystone.service[67684]: DEBUG keystone.common.fernet_utils [None req-95a7bfe6-289f-49d2-8a73-e4b30c7938ed None None] Loaded 2 Fernet keys from /etc/keystone/fernet-keys/, but `[fernet_tokens] max_active_keys = 3`; perhaps there have not been enough key rotations to reach `max_active_keys` yet? {{(pid=67684) load_keys /opt/stack/keystone/keystone/common/fernet_utils.py:297}}
Apr 24 03:22:39 ubuntu devstack@keystone.service[67685]: DEBUG keystone.server.flask.request_processing.req_logging [None req-37861ba1-1a2e-410f-88e3-7ec2ebb686b1 None None] REQUEST_METHOD: `GET` {{(pid=67685) log_request_info /opt/stack/keystone/keystone/server/flask/request_processing/req_logging.py:26}}
Apr 24 03:22:39 ubuntu devstack@keystone.service[67685]: DEBUG keystone.server.flask.request_processing.req_logging [None req-37861ba1-1a2e-410f-88e3-7ec2ebb686b1 None None] SCRIPT_NAME: `/identity` {{(pid=67685) log_request_info /opt/stack/keystone/keystone/server/flask/request_processing/req_logging.py:27}}
Apr 24 03:22:39 ubuntu devstack@keystone.service[67685]: DEBUG keystone.server.flask.request_processing.req_logging [None req-37861ba1-1a2e-410f-88e3-7ec2ebb686b1 None None] PATH_INFO: `/` {{(pid=67685) log_request_info /opt/stack/keystone/keystone/server/flask/request_processing/req_logging.py:28}}
Apr 24 03:22:39 ubuntu devstack@keystone.service[67685]: [pid: 67685|app: 0|req: 13/25] 10.120.125.137 () {56 vars in 951 bytes} [Fri Apr 24 03:22:39 2026] GET /identity => generated 271 bytes in 2 msecs (HTTP/1.1 300) 6 headers in 235 bytes (1 switches on core 0)
Apr 24 03:22:39 ubuntu devstack@keystone.service[67684]: [pid: 67684|app: 0|req: 13/26] 10.120.125.137 () {60 vars in 1048 bytes} [Fri Apr 24 03:22:39 2026] POST /identity/v3/auth/tokens => generated 863 bytes in 62 msecs (HTTP/1.1 201) 6 headers in 363 bytes (1 switches on core 0)
Apr 24 03:22:39 ubuntu devstack@keystone.service[67685]: DEBUG keystone.server.flask.request_processing.req_logging [None req-c90e4dd3-1342-4d2a-9ac3-cb87f5d7a965 None None] REQUEST_METHOD: `POST` {{(pid=67685) log_request_info /opt/stack/keystone/keystone/server/flask/request_processing/req_logging.py:26}}
Apr 24 03:22:39 ubuntu devstack@keystone.service[67685]: DEBUG keystone.server.flask.request_processing.req_logging [None req-c90e4dd3-1342-4d2a-9ac3-cb87f5d7a965 None None] SCRIPT_NAME: `/identity` {{(pid=67685) log_request_info /opt/stack/keystone/keystone/server/flask/request_processing/req_logging.py:27}}
Apr 24 03:22:39 ubuntu devstack@keystone.service[67685]: DEBUG keystone.server.flask.request_processing.req_logging [None req-c90e4dd3-1342-4d2a-9ac3-cb87f5d7a965 None None] PATH_INFO: `/v3/auth/tokens` {{(pid=67685) log_request_info /opt/stack/keystone/keystone/server/flask/request_processing/req_logging.py:28}}
Apr 24 03:22:39 ubuntu devstack@keystone.service[67685]: WARNING keystone.common.password_hashing [None req-c90e4dd3-1342-4d2a-9ac3-cb87f5d7a965 None None] Truncating password to algorithm specific maximum length 72 characters.
Apr 24 03:22:39 ubuntu devstack@keystone.service[67685]: DEBUG keystone.auth.core [None req-c90e4dd3-1342-4d2a-9ac3-cb87f5d7a965 None None] MFA Rules not processed for user `6f4cc23b099848b98905c3b9f1b9d321`. Rule list: `[]` (Enabled: `True`). {{(pid=67685) check_auth_methods_against_rules /opt/stack/keystone/keystone/auth/core.py:476}}
Apr 24 03:22:39 ubuntu devstack@keystone.service[67685]: DEBUG keystone.common.fernet_utils [None req-c90e4dd3-1342-4d2a-9ac3-cb87f5d7a965 None None] Loaded 2 Fernet keys from /etc/keystone/fernet-keys/, but `[fernet_tokens] max_active_keys = 3`; perhaps there have not been enough key rotations to reach `max_active_keys` yet? {{(pid=67685) load_keys /opt/stack/keystone/keystone/common/fernet_utils.py:297}}
Apr 24 03:22:39 ubuntu devstack@keystone.service[67685]: [pid: 67685|app: 0|req: 14/27] 10.120.125.137 () {60 vars in 1048 bytes} [Fri Apr 24 03:22:39 2026] POST /identity/v3/auth/tokens => generated 863 bytes in 74 msecs (HTTP/1.1 201) 6 headers in 363 bytes (1 switches on core 0)
Apr 24 03:22:39 ubuntu devstack@keystone.service[67684]: DEBUG keystone.server.flask.request_processing.req_logging [None req-bcc4beec-97c4-4ee9-ae9e-2a39b3d8ca80 None None] REQUEST_METHOD: `POST` {{(pid=67684) log_request_info /opt/stack/keystone/keystone/server/flask/request_processing/req_logging.py:26}}
Apr 24 03:22:39 ubuntu devstack@keystone.service[67684]: DEBUG keystone.server.flask.request_processing.req_logging [None req-bcc4beec-97c4-4ee9-ae9e-2a39b3d8ca80 None None] SCRIPT_NAME: `/identity` {{(pid=67684) log_request_info /opt/stack/keystone/keystone/server/flask/request_processing/req_logging.py:27}}
Apr 24 03:22:39 ubuntu devstack@keystone.service[67684]: DEBUG keystone.server.flask.request_processing.req_logging [None req-bcc4beec-97c4-4ee9-ae9e-2a39b3d8ca80 None None] PATH_INFO: `/v3/auth/tokens` {{(pid=67684) log_request_info /opt/stack/keystone/keystone/server/flask/request_processing/req_logging.py:28}}
Apr 24 03:22:39 ubuntu devstack@keystone.service[67684]: WARNING keystone.common.password_hashing [None req-bcc4beec-97c4-4ee9-ae9e-2a39b3d8ca80 None None] Truncating password to algorithm specific maximum length 72 characters.
Apr 24 03:22:39 ubuntu devstack@keystone.service[67684]: DEBUG keystone.auth.core [None req-bcc4beec-97c4-4ee9-ae9e-2a39b3d8ca80 None None] MFA Rules not processed for user `6f4cc23b099848b98905c3b9f1b9d321`. Rule list: `[]` (Enabled: `True`). {{(pid=67684) check_auth_methods_against_rules /opt/stack/keystone/keystone/auth/core.py:476}}
Apr 24 03:22:39 ubuntu devstack@keystone.service[67684]: DEBUG keystone.common.fernet_utils [None req-bcc4beec-97c4-4ee9-ae9e-2a39b3d8ca80 None None] Loaded 2 Fernet keys from /etc/keystone/fernet-keys/, but `[fernet_tokens] max_active_keys = 3`; perhaps there have not been enough key rotations to reach `max_active_keys` yet? {{(pid=67684) load_keys /opt/stack/keystone/keystone/common/fernet_utils.py:297}}
Apr 24 03:22:39 ubuntu devstack@keystone.service[67684]: [pid: 67684|app: 0|req: 14/28] 10.120.125.137 () {60 vars in 1048 bytes} [Fri Apr 24 03:22:39 2026] POST /identity/v3/auth/tokens => generated 863 bytes in 56 msecs (HTTP/1.1 201) 6 headers in 363 bytes (1 switches on core 0)
Apr 24 03:22:39 ubuntu devstack@keystone.service[67685]: DEBUG keystone.server.flask.request_processing.req_logging [None req-a48c1496-c600-4655-81e6-6cadd9af3640 None None] REQUEST_METHOD: `GET` {{(pid=67685) log_request_info /opt/stack/keystone/keystone/server/flask/request_processing/req_logging.py:26}}
Apr 24 03:22:39 ubuntu devstack@keystone.service[67685]: DEBUG keystone.server.flask.request_processing.req_logging [None req-a48c1496-c600-4655-81e6-6cadd9af3640 None None] SCRIPT_NAME: `/identity` {{(pid=67685) log_request_info /opt/stack/keystone/keystone/server/flask/request_processing/req_logging.py:27}}
Apr 24 03:22:39 ubuntu devstack@keystone.service[67685]: DEBUG keystone.server.flask.request_processing.req_logging [None req-a48c1496-c600-4655-81e6-6cadd9af3640 None None] PATH_INFO: `/` {{(pid=67685) log_request_info /opt/stack/keystone/keystone/server/flask/request_processing/req_logging.py:28}}
Apr 24 03:22:39 ubuntu devstack@keystone.service[67685]: [pid: 67685|app: 0|req: 15/29] 10.120.125.137 () {56 vars in 951 bytes} [Fri Apr 24 03:22:39 2026] GET /identity => generated 271 bytes in 1 msecs (HTTP/1.1 300) 6 headers in 235 bytes (1 switches on core 0)
Apr 24 03:22:39 ubuntu devstack@keystone.service[67684]: DEBUG keystone.server.flask.request_processing.req_logging [None req-ff6bcc5b-b8e7-42ac-bbb9-2b6451222610 None None] REQUEST_METHOD: `GET` {{(pid=67684) log_request_info /opt/stack/keystone/keystone/server/flask/request_processing/req_logging.py:26}}
Apr 24 03:22:39 ubuntu devstack@keystone.service[67684]: DEBUG keystone.server.flask.request_processing.req_logging [None req-ff6bcc5b-b8e7-42ac-bbb9-2b6451222610 None None] SCRIPT_NAME: `/identity` {{(pid=67684) log_request_info /opt/stack/keystone/keystone/server/flask/request_processing/req_logging.py:27}}
Apr 24 03:22:39 ubuntu devstack@keystone.service[67684]: DEBUG keystone.server.flask.request_processing.req_logging [None req-ff6bcc5b-b8e7-42ac-bbb9-2b6451222610 None None] PATH_INFO: `/` {{(pid=67684) log_request_info /opt/stack/keystone/keystone/server/flask/request_processing/req_logging.py:28}}
Apr 24 03:22:39 ubuntu devstack@keystone.service[67684]: [pid: 67684|app: 0|req: 15/30] 10.120.125.137 () {56 vars in 951 bytes} [Fri Apr 24 03:22:39 2026] GET /identity => generated 271 bytes in 1 msecs (HTTP/1.1 300) 6 headers in 235 bytes (1 switches on core 0)
Apr 24 03:22:40 ubuntu devstack@keystone.service[67685]: DEBUG keystone.server.flask.request_processing.middleware.auth_context [None req-a48c1496-c600-4655-81e6-6cadd9af3640 None None] Authenticating user token {{(pid=67685) process_request /opt/stack/data/venv/lib/python3.12/site-packages/keystonemiddleware/auth_token/__init__.py:407}}
Apr 24 03:22:40 ubuntu devstack@keystone.service[67684]: DEBUG keystone.server.flask.request_processing.req_logging [None req-7574eef4-3e50-4d13-ba88-a4e538dd9243 None None] REQUEST_METHOD: `POST` {{(pid=67684) log_request_info /opt/stack/keystone/keystone/server/flask/request_processing/req_logging.py:26}}
Apr 24 03:22:40 ubuntu devstack@keystone.service[67684]: DEBUG keystone.server.flask.request_processing.req_logging [None req-7574eef4-3e50-4d13-ba88-a4e538dd9243 None None] SCRIPT_NAME: `/identity` {{(pid=67684) log_request_info /opt/stack/keystone/keystone/server/flask/request_processing/req_logging.py:27}}
Apr 24 03:22:40 ubuntu devstack@keystone.service[67684]: DEBUG keystone.server.flask.request_processing.req_logging [None req-7574eef4-3e50-4d13-ba88-a4e538dd9243 None None] PATH_INFO: `/v3/auth/tokens` {{(pid=67684) log_request_info /opt/stack/keystone/keystone/server/flask/request_processing/req_logging.py:28}}
Apr 24 03:22:40 ubuntu devstack@keystone.service[67684]: WARNING keystone.common.password_hashing [None req-7574eef4-3e50-4d13-ba88-a4e538dd9243 None None] Truncating password to algorithm specific maximum length 72 characters.
Apr 24 03:22:40 ubuntu devstack@keystone.service[67684]: DEBUG keystone.auth.core [None req-7574eef4-3e50-4d13-ba88-a4e538dd9243 None None] MFA Rules not processed for user `6f4cc23b099848b98905c3b9f1b9d321`. Rule list: `[]` (Enabled: `True`). {{(pid=67684) check_auth_methods_against_rules /opt/stack/keystone/keystone/auth/core.py:476}}
Apr 24 03:22:40 ubuntu devstack@keystone.service[67684]: DEBUG keystone.common.fernet_utils [None req-7574eef4-3e50-4d13-ba88-a4e538dd9243 None None] Loaded 2 Fernet keys from /etc/keystone/fernet-keys/, but `[fernet_tokens] max_active_keys = 3`; perhaps there have not been enough key rotations to reach `max_active_keys` yet? {{(pid=67684) load_keys /opt/stack/keystone/keystone/common/fernet_utils.py:297}}
Apr 24 03:22:40 ubuntu devstack@keystone.service[67684]: [pid: 67684|app: 0|req: 16/31] 10.120.125.137 () {60 vars in 1048 bytes} [Fri Apr 24 03:22:40 2026] POST /identity/v3/auth/tokens => generated 863 bytes in 60 msecs (HTTP/1.1 201) 6 headers in 363 bytes (2 switches on core 0)
Apr 24 03:22:40 ubuntu devstack@keystone.service[67685]: DEBUG keystone.server.flask.request_processing.middleware.auth_context [None req-a48c1496-c600-4655-81e6-6cadd9af3640 None None] Validating token access rules against request {{(pid=67685) validate_allowed_request /opt/stack/data/venv/lib/python3.12/site-packages/keystonemiddleware/auth_token/__init__.py:545}}
Apr 24 03:22:40 ubuntu devstack@keystone.service[67685]: DEBUG keystone.server.flask.request_processing.middleware.auth_context [None req-401056a8-ea03-4e09-80c2-9b52a77520b4 None admin] RBAC: auth_context: {'token': <TokenModel (audit_id=BRpqBrviQF618Jhj5BmDog, audit_chain_id=['BRpqBrviQF618Jhj5BmDog']) at 0x7235c33df680>, 'domain_id': None, 'trust_id': None, 'trustor_id': None, 'trustee_id': None, 'domain_name': None, 'group_ids': [], 'user_id': '6f4cc23b099848b98905c3b9f1b9d321', 'user_domain_id': 'default', 'system_scope': 'all', 'project_id': None, 'project_domain_id': None, 'roles': ['admin', 'manager', 'member', 'reader'], 'is_admin_project': True, 'service_user_id': None, 'service_user_domain_id': None, 'service_project_id': None, 'service_project_domain_id': None, 'service_roles': []} {{(pid=67685) fill_context /opt/stack/keystone/keystone/server/flask/request_processing/middleware/auth_context.py:509}}
Apr 24 03:22:40 ubuntu devstack@keystone.service[67685]: DEBUG keystone.server.flask.request_processing.req_logging [None req-401056a8-ea03-4e09-80c2-9b52a77520b4 None admin] REQUEST_METHOD: `GET` {{(pid=67685) log_request_info /opt/stack/keystone/keystone/server/flask/request_processing/req_logging.py:26}}
Apr 24 03:22:40 ubuntu devstack@keystone.service[67685]: DEBUG keystone.server.flask.request_processing.req_logging [None req-401056a8-ea03-4e09-80c2-9b52a77520b4 None admin] SCRIPT_NAME: `/identity` {{(pid=67685) log_request_info /opt/stack/keystone/keystone/server/flask/request_processing/req_logging.py:27}}
Apr 24 03:22:40 ubuntu devstack@keystone.service[67685]: DEBUG keystone.server.flask.request_processing.req_logging [None req-401056a8-ea03-4e09-80c2-9b52a77520b4 None admin] PATH_INFO: `/v3/domains/Default` {{(pid=67685) log_request_info /opt/stack/keystone/keystone/server/flask/request_processing/req_logging.py:28}}
Apr 24 03:22:40 ubuntu devstack@keystone.service[67685]: DEBUG keystone.common.rbac_enforcer.enforcer [None req-401056a8-ea03-4e09-80c2-9b52a77520b4 None admin] RBAC: Authorizing `identity:get_domain(domain_id=Default)` {{(pid=67685) enforce_call /opt/stack/keystone/keystone/common/rbac_enforcer/enforcer.py:494}}
Apr 24 03:22:40 ubuntu devstack@keystone.service[67685]: DEBUG keystone.common.rbac_enforcer.enforcer [None req-401056a8-ea03-4e09-80c2-9b52a77520b4 None admin] RBAC: Authorization granted {{(pid=67685) enforce_call /opt/stack/keystone/keystone/common/rbac_enforcer/enforcer.py:505}}
Apr 24 03:22:40 ubuntu devstack@keystone.service[67684]: DEBUG keystone.server.flask.request_processing.req_logging [None req-e55578d1-223b-410d-9851-7af32b673fad None None] REQUEST_METHOD: `POST` {{(pid=67684) log_request_info /opt/stack/keystone/keystone/server/flask/request_processing/req_logging.py:26}}
Apr 24 03:22:40 ubuntu devstack@keystone.service[67684]: DEBUG keystone.server.flask.request_processing.req_logging [None req-e55578d1-223b-410d-9851-7af32b673fad None None] SCRIPT_NAME: `/identity` {{(pid=67684) log_request_info /opt/stack/keystone/keystone/server/flask/request_processing/req_logging.py:27}}
Apr 24 03:22:40 ubuntu devstack@keystone.service[67684]: DEBUG keystone.server.flask.request_processing.req_logging [None req-e55578d1-223b-410d-9851-7af32b673fad None None] PATH_INFO: `/v3/auth/tokens` {{(pid=67684) log_request_info /opt/stack/keystone/keystone/server/flask/request_processing/req_logging.py:28}}
Apr 24 03:22:40 ubuntu devstack@keystone.service[67685]: DEBUG keystone.server.flask.application [None req-401056a8-ea03-4e09-80c2-9b52a77520b4 None admin] Could not find domain: Default. {{(pid=67685) _handle_keystone_exception /opt/stack/keystone/keystone/server/flask/application.py:146}}
Apr 24 03:22:40 ubuntu devstack@keystone.service[67685]: [pid: 67685|app: 0|req: 16/32] 10.120.125.137 () {58 vars in 1176 bytes} [Fri Apr 24 03:22:40 2026] GET /identity/v3/domains/Default => generated 87 bytes in 113 msecs (HTTP/1.1 404) 5 headers in 183 bytes (2 switches on core 0)
Apr 24 03:22:40 ubuntu devstack@keystone.service[67684]: WARNING keystone.common.password_hashing [None req-e55578d1-223b-410d-9851-7af32b673fad None None] Truncating password to algorithm specific maximum length 72 characters.
Apr 24 03:22:40 ubuntu devstack@keystone.service[67684]: DEBUG keystone.auth.core [None req-e55578d1-223b-410d-9851-7af32b673fad None None] MFA Rules not processed for user `6f4cc23b099848b98905c3b9f1b9d321`. Rule list: `[]` (Enabled: `True`). {{(pid=67684) check_auth_methods_against_rules /opt/stack/keystone/keystone/auth/core.py:476}}
Apr 24 03:22:40 ubuntu devstack@keystone.service[67684]: DEBUG keystone.common.fernet_utils [None req-e55578d1-223b-410d-9851-7af32b673fad None None] Loaded 2 Fernet keys from /etc/keystone/fernet-keys/, but `[fernet_tokens] max_active_keys = 3`; perhaps there have not been enough key rotations to reach `max_active_keys` yet? {{(pid=67684) load_keys /opt/stack/keystone/keystone/common/fernet_utils.py:297}}
Apr 24 03:22:40 ubuntu devstack@keystone.service[67685]: DEBUG keystone.server.flask.request_processing.middleware.auth_context [None req-401056a8-ea03-4e09-80c2-9b52a77520b4 None admin] Authenticating user token {{(pid=67685) process_request /opt/stack/data/venv/lib/python3.12/site-packages/keystonemiddleware/auth_token/__init__.py:407}}
Apr 24 03:22:40 ubuntu devstack@keystone.service[67684]: [pid: 67684|app: 0|req: 17/33] 10.120.125.137 () {60 vars in 1048 bytes} [Fri Apr 24 03:22:40 2026] POST /identity/v3/auth/tokens => generated 863 bytes in 58 msecs (HTTP/1.1 201) 6 headers in 363 bytes (2 switches on core 0)
Apr 24 03:22:40 ubuntu devstack@keystone.service[67684]: DEBUG keystone.server.flask.request_processing.middleware.auth_context [None req-e55578d1-223b-410d-9851-7af32b673fad None None] Authenticating user token {{(pid=67684) process_request /opt/stack/data/venv/lib/python3.12/site-packages/keystonemiddleware/auth_token/__init__.py:407}}
Apr 24 03:22:40 ubuntu devstack@keystone.service[67685]: DEBUG keystone.server.flask.request_processing.middleware.auth_context [None req-401056a8-ea03-4e09-80c2-9b52a77520b4 None admin] Validating token access rules against request {{(pid=67685) validate_allowed_request /opt/stack/data/venv/lib/python3.12/site-packages/keystonemiddleware/auth_token/__init__.py:545}}
Apr 24 03:22:40 ubuntu devstack@keystone.service[67684]: DEBUG keystone.server.flask.request_processing.middleware.auth_context [None req-e55578d1-223b-410d-9851-7af32b673fad None None] Validating token access rules against request {{(pid=67684) validate_allowed_request /opt/stack/data/venv/lib/python3.12/site-packages/keystonemiddleware/auth_token/__init__.py:545}}
Apr 24 03:22:40 ubuntu devstack@keystone.service[67685]: DEBUG keystone.server.flask.request_processing.middleware.auth_context [None req-38b41ff5-60b0-483c-a612-9a40651bfc85 None admin] RBAC: auth_context: {'token': <TokenModel (audit_id=5MSTnrOtTR2Lmto7uaxGvg, audit_chain_id=['5MSTnrOtTR2Lmto7uaxGvg']) at 0x7235c3428a40>, 'domain_id': None, 'trust_id': None, 'trustor_id': None, 'trustee_id': None, 'domain_name': None, 'group_ids': [], 'user_id': '6f4cc23b099848b98905c3b9f1b9d321', 'user_domain_id': 'default', 'system_scope': 'all', 'project_id': None, 'project_domain_id': None, 'roles': ['admin', 'manager', 'member', 'reader'], 'is_admin_project': True, 'service_user_id': None, 'service_user_domain_id': None, 'service_project_id': None, 'service_project_domain_id': None, 'service_roles': []} {{(pid=67685) fill_context /opt/stack/keystone/keystone/server/flask/request_processing/middleware/auth_context.py:509}}
Apr 24 03:22:40 ubuntu devstack@keystone.service[67685]: DEBUG keystone.server.flask.request_processing.req_logging [None req-38b41ff5-60b0-483c-a612-9a40651bfc85 None admin] REQUEST_METHOD: `GET` {{(pid=67685) log_request_info /opt/stack/keystone/keystone/server/flask/request_processing/req_logging.py:26}}
Apr 24 03:22:40 ubuntu devstack@keystone.service[67685]: DEBUG keystone.server.flask.request_processing.req_logging [None req-38b41ff5-60b0-483c-a612-9a40651bfc85 None admin] SCRIPT_NAME: `/identity` {{(pid=67685) log_request_info /opt/stack/keystone/keystone/server/flask/request_processing/req_logging.py:27}}
Apr 24 03:22:40 ubuntu devstack@keystone.service[67685]: DEBUG keystone.server.flask.request_processing.req_logging [None req-38b41ff5-60b0-483c-a612-9a40651bfc85 None admin] PATH_INFO: `/v3/roles/admin` {{(pid=67685) log_request_info /opt/stack/keystone/keystone/server/flask/request_processing/req_logging.py:28}}
Apr 24 03:22:40 ubuntu devstack@keystone.service[67685]: DEBUG keystone.common.rbac_enforcer.enforcer [None req-38b41ff5-60b0-483c-a612-9a40651bfc85 None admin] Extracting inferred target data resulted in "NOT FOUND (404)". {{(pid=67685) enforce_call /opt/stack/keystone/keystone/common/rbac_enforcer/enforcer.py:445}}
Apr 24 03:22:40 ubuntu devstack@keystone.service[67685]: DEBUG keystone.server.flask.application [None req-38b41ff5-60b0-483c-a612-9a40651bfc85 None admin] Could not find role: admin. {{(pid=67685) _handle_keystone_exception /opt/stack/keystone/keystone/server/flask/application.py:146}}
Apr 24 03:22:40 ubuntu devstack@keystone.service[67684]: DEBUG keystone.server.flask.request_processing.middleware.auth_context [None req-2e2bd9b3-c6b9-4b69-8f36-8464b9300205 None admin] RBAC: auth_context: {'token': <TokenModel (audit_id=BRpqBrviQF618Jhj5BmDog, audit_chain_id=['BRpqBrviQF618Jhj5BmDog']) at 0x7235c30f7e30>, 'domain_id': None, 'trust_id': None, 'trustor_id': None, 'trustee_id': None, 'domain_name': None, 'group_ids': [], 'user_id': '6f4cc23b099848b98905c3b9f1b9d321', 'user_domain_id': 'default', 'system_scope': 'all', 'project_id': None, 'project_domain_id': None, 'roles': ['admin', 'manager', 'member', 'reader'], 'is_admin_project': True, 'service_user_id': None, 'service_user_domain_id': None, 'service_project_id': None, 'service_project_domain_id': None, 'service_roles': []} {{(pid=67684) fill_context /opt/stack/keystone/keystone/server/flask/request_processing/middleware/auth_context.py:509}}
Apr 24 03:22:40 ubuntu devstack@keystone.service[67684]: DEBUG keystone.server.flask.request_processing.req_logging [None req-2e2bd9b3-c6b9-4b69-8f36-8464b9300205 None admin] REQUEST_METHOD: `GET` {{(pid=67684) log_request_info /opt/stack/keystone/keystone/server/flask/request_processing/req_logging.py:26}}
Apr 24 03:22:40 ubuntu devstack@keystone.service[67685]: [pid: 67685|app: 0|req: 17/34] 10.120.125.137 () {58 vars in 1164 bytes} [Fri Apr 24 03:22:40 2026] GET /identity/v3/roles/admin => generated 83 bytes in 62 msecs (HTTP/1.1 404) 5 headers in 183 bytes (1 switches on core 0)
Apr 24 03:22:40 ubuntu devstack@keystone.service[67684]: DEBUG keystone.server.flask.request_processing.req_logging [None req-2e2bd9b3-c6b9-4b69-8f36-8464b9300205 None admin] SCRIPT_NAME: `/identity` {{(pid=67684) log_request_info /opt/stack/keystone/keystone/server/flask/request_processing/req_logging.py:27}}
Apr 24 03:22:40 ubuntu devstack@keystone.service[67685]: DEBUG keystone.server.flask.request_processing.req_logging [None req-27ee12ec-056a-48be-b3e0-c0f801bb68b6 None None] REQUEST_METHOD: `GET` {{(pid=67685) log_request_info /opt/stack/keystone/keystone/server/flask/request_processing/req_logging.py:26}}
Apr 24 03:22:40 ubuntu devstack@keystone.service[67684]: DEBUG keystone.server.flask.request_processing.req_logging [None req-2e2bd9b3-c6b9-4b69-8f36-8464b9300205 None admin] PATH_INFO: `/v3/domains` {{(pid=67684) log_request_info /opt/stack/keystone/keystone/server/flask/request_processing/req_logging.py:28}}
Apr 24 03:22:40 ubuntu devstack@keystone.service[67685]: DEBUG keystone.server.flask.request_processing.req_logging [None req-27ee12ec-056a-48be-b3e0-c0f801bb68b6 None None] SCRIPT_NAME: `/identity` {{(pid=67685) log_request_info /opt/stack/keystone/keystone/server/flask/request_processing/req_logging.py:27}}
Apr 24 03:22:40 ubuntu devstack@keystone.service[67685]: DEBUG keystone.server.flask.request_processing.req_logging [None req-27ee12ec-056a-48be-b3e0-c0f801bb68b6 None None] PATH_INFO: `/` {{(pid=67685) log_request_info /opt/stack/keystone/keystone/server/flask/request_processing/req_logging.py:28}}
Apr 24 03:22:40 ubuntu devstack@keystone.service[67685]: [pid: 67685|app: 0|req: 18/35] 10.120.125.137 () {56 vars in 951 bytes} [Fri Apr 24 03:22:40 2026] GET /identity => generated 271 bytes in 1 msecs (HTTP/1.1 300) 6 headers in 235 bytes (1 switches on core 0)
Apr 24 03:22:40 ubuntu devstack@keystone.service[67684]: DEBUG keystone.common.rbac_enforcer.enforcer [None req-2e2bd9b3-c6b9-4b69-8f36-8464b9300205 None admin] RBAC: Adding query filter params (name=Default) {{(pid=67684) _extract_filter_values /opt/stack/keystone/keystone/common/rbac_enforcer/enforcer.py:176}}
Apr 24 03:22:40 ubuntu devstack@keystone.service[67684]: DEBUG keystone.common.rbac_enforcer.enforcer [None req-2e2bd9b3-c6b9-4b69-8f36-8464b9300205 None admin] RBAC: Authorizing `identity:list_domains()` {{(pid=67684) enforce_call /opt/stack/keystone/keystone/common/rbac_enforcer/enforcer.py:494}}
Apr 24 03:22:40 ubuntu devstack@keystone.service[67684]: DEBUG keystone.common.rbac_enforcer.enforcer [None req-2e2bd9b3-c6b9-4b69-8f36-8464b9300205 None admin] RBAC: Authorization granted {{(pid=67684) enforce_call /opt/stack/keystone/keystone/common/rbac_enforcer/enforcer.py:505}}
Apr 24 03:22:40 ubuntu devstack@keystone.service[67684]: [pid: 67684|app: 0|req: 18/36] 10.120.125.137 () {58 vars in 1190 bytes} [Fri Apr 24 03:22:40 2026] GET /identity/v3/domains?name=Default => generated 310 bytes in 58 msecs (HTTP/1.1 200) 5 headers in 177 bytes (1 switches on core 0)
Apr 24 03:22:40 ubuntu devstack@keystone.service[67685]: DEBUG keystone.server.flask.request_processing.middleware.auth_context [None req-27ee12ec-056a-48be-b3e0-c0f801bb68b6 None None] Authenticating user token {{(pid=67685) process_request /opt/stack/data/venv/lib/python3.12/site-packages/keystonemiddleware/auth_token/__init__.py:407}}
Apr 24 03:22:40 ubuntu devstack@keystone.service[67684]: DEBUG keystone.server.flask.request_processing.middleware.auth_context [None req-2e2bd9b3-c6b9-4b69-8f36-8464b9300205 None admin] Authenticating user token {{(pid=67684) process_request /opt/stack/data/venv/lib/python3.12/site-packages/keystonemiddleware/auth_token/__init__.py:407}}
Apr 24 03:22:40 ubuntu devstack@keystone.service[67685]: DEBUG keystone.server.flask.request_processing.middleware.auth_context [None req-27ee12ec-056a-48be-b3e0-c0f801bb68b6 None None] Validating token access rules against request {{(pid=67685) validate_allowed_request /opt/stack/data/venv/lib/python3.12/site-packages/keystonemiddleware/auth_token/__init__.py:545}}
Apr 24 03:22:40 ubuntu devstack@keystone.service[67684]: DEBUG keystone.server.flask.request_processing.middleware.auth_context [None req-2e2bd9b3-c6b9-4b69-8f36-8464b9300205 None admin] Validating token access rules against request {{(pid=67684) validate_allowed_request /opt/stack/data/venv/lib/python3.12/site-packages/keystonemiddleware/auth_token/__init__.py:545}}
Apr 24 03:22:40 ubuntu devstack@keystone.service[67685]: DEBUG keystone.server.flask.request_processing.middleware.auth_context [None req-2128d9c3-c744-4620-a9ae-82d08b9de98c None admin] RBAC: auth_context: {'token': <TokenModel (audit_id=5MSTnrOtTR2Lmto7uaxGvg, audit_chain_id=['5MSTnrOtTR2Lmto7uaxGvg']) at 0x7235c3303380>, 'domain_id': None, 'trust_id': None, 'trustor_id': None, 'trustee_id': None, 'domain_name': None, 'group_ids': [], 'user_id': '6f4cc23b099848b98905c3b9f1b9d321', 'user_domain_id': 'default', 'system_scope': 'all', 'project_id': None, 'project_domain_id': None, 'roles': ['admin', 'manager', 'member', 'reader'], 'is_admin_project': True, 'service_user_id': None, 'service_user_domain_id': None, 'service_project_id': None, 'service_project_domain_id': None, 'service_roles': []} {{(pid=67685) fill_context /opt/stack/keystone/keystone/server/flask/request_processing/middleware/auth_context.py:509}}
Apr 24 03:22:40 ubuntu devstack@keystone.service[67685]: DEBUG keystone.server.flask.request_processing.req_logging [None req-2128d9c3-c744-4620-a9ae-82d08b9de98c None admin] REQUEST_METHOD: `GET` {{(pid=67685) log_request_info /opt/stack/keystone/keystone/server/flask/request_processing/req_logging.py:26}}
Apr 24 03:22:40 ubuntu devstack@keystone.service[67685]: DEBUG keystone.server.flask.request_processing.req_logging [None req-2128d9c3-c744-4620-a9ae-82d08b9de98c None admin] SCRIPT_NAME: `/identity` {{(pid=67685) log_request_info /opt/stack/keystone/keystone/server/flask/request_processing/req_logging.py:27}}
Apr 24 03:22:40 ubuntu devstack@keystone.service[67685]: DEBUG keystone.server.flask.request_processing.req_logging [None req-2128d9c3-c744-4620-a9ae-82d08b9de98c None admin] PATH_INFO: `/v3/roles` {{(pid=67685) log_request_info /opt/stack/keystone/keystone/server/flask/request_processing/req_logging.py:28}}
Apr 24 03:22:40 ubuntu devstack@keystone.service[67685]: DEBUG keystone.common.rbac_enforcer.enforcer [None req-2128d9c3-c744-4620-a9ae-82d08b9de98c None admin] RBAC: Adding query filter params (name=admin) {{(pid=67685) _extract_filter_values /opt/stack/keystone/keystone/common/rbac_enforcer/enforcer.py:176}}
Apr 24 03:22:40 ubuntu devstack@keystone.service[67685]: DEBUG keystone.common.rbac_enforcer.enforcer [None req-2128d9c3-c744-4620-a9ae-82d08b9de98c None admin] RBAC: Authorizing `identity:list_roles()` {{(pid=67685) enforce_call /opt/stack/keystone/keystone/common/rbac_enforcer/enforcer.py:494}}
Apr 24 03:22:40 ubuntu devstack@keystone.service[67685]: DEBUG keystone.common.rbac_enforcer.enforcer [None req-2128d9c3-c744-4620-a9ae-82d08b9de98c None admin] RBAC: Authorization granted {{(pid=67685) enforce_call /opt/stack/keystone/keystone/common/rbac_enforcer/enforcer.py:505}}
Apr 24 03:22:40 ubuntu devstack@keystone.service[67685]: [pid: 67685|app: 0|req: 19/37] 10.120.125.137 () {58 vars in 1180 bytes} [Fri Apr 24 03:22:40 2026] GET /identity/v3/roles?name=admin => generated 341 bytes in 70 msecs (HTTP/1.1 200) 5 headers in 177 bytes (2 switches on core 0)
Apr 24 03:22:40 ubuntu devstack@keystone.service[67684]: DEBUG keystone.server.flask.request_processing.middleware.auth_context [None req-91738c7d-66c5-4923-b8e1-1101575bfc40 None admin] RBAC: auth_context: {'token': <TokenModel (audit_id=C0Nb_L4kS4C-mRq4sZCkGA, audit_chain_id=['C0Nb_L4kS4C-mRq4sZCkGA']) at 0x7235c340bef0>, 'domain_id': None, 'trust_id': None, 'trustor_id': None, 'trustee_id': None, 'domain_name': None, 'group_ids': [], 'user_id': '6f4cc23b099848b98905c3b9f1b9d321', 'user_domain_id': 'default', 'system_scope': 'all', 'project_id': None, 'project_domain_id': None, 'roles': ['admin', 'manager', 'member', 'reader'], 'is_admin_project': True, 'service_user_id': None, 'service_user_domain_id': None, 'service_project_id': None, 'service_project_domain_id': None, 'service_roles': []} {{(pid=67684) fill_context /opt/stack/keystone/keystone/server/flask/request_processing/middleware/auth_context.py:509}}
Apr 24 03:22:40 ubuntu devstack@keystone.service[67684]: DEBUG keystone.server.flask.request_processing.req_logging [None req-91738c7d-66c5-4923-b8e1-1101575bfc40 None admin] REQUEST_METHOD: `POST` {{(pid=67684) log_request_info /opt/stack/keystone/keystone/server/flask/request_processing/req_logging.py:26}}
Apr 24 03:22:40 ubuntu devstack@keystone.service[67684]: DEBUG keystone.server.flask.request_processing.req_logging [None req-91738c7d-66c5-4923-b8e1-1101575bfc40 None admin] SCRIPT_NAME: `/identity` {{(pid=67684) log_request_info /opt/stack/keystone/keystone/server/flask/request_processing/req_logging.py:27}}
Apr 24 03:22:40 ubuntu devstack@keystone.service[67684]: DEBUG keystone.server.flask.request_processing.req_logging [None req-91738c7d-66c5-4923-b8e1-1101575bfc40 None admin] PATH_INFO: `/v3/roles` {{(pid=67684) log_request_info /opt/stack/keystone/keystone/server/flask/request_processing/req_logging.py:28}}
Apr 24 03:22:40 ubuntu devstack@keystone.service[67684]: DEBUG keystone.common.rbac_enforcer.enforcer [None req-91738c7d-66c5-4923-b8e1-1101575bfc40 None admin] RBAC: Authorizing `identity:create_role()` {{(pid=67684) enforce_call /opt/stack/keystone/keystone/common/rbac_enforcer/enforcer.py:494}}
Apr 24 03:22:40 ubuntu devstack@keystone.service[67684]: DEBUG keystone.common.rbac_enforcer.enforcer [None req-91738c7d-66c5-4923-b8e1-1101575bfc40 None admin] RBAC: Authorization granted {{(pid=67684) enforce_call /opt/stack/keystone/keystone/common/rbac_enforcer/enforcer.py:505}}
Apr 24 03:22:40 ubuntu devstack@keystone.service[67684]: DEBUG keystone.common.sql.core [None req-91738c7d-66c5-4923-b8e1-1101575bfc40 None admin] Conflict role: (pymysql.err.IntegrityError) (1062, "Duplicate entry 'service-<<null>>' for key 'role.ixu_role_name_domain_id'")
Apr 24 03:22:40 ubuntu devstack@keystone.service[67684]: [SQL: INSERT INTO `role` (id, name, description, extra) VALUES (%(id)s, %(name)s, %(description)s, %(extra)s)]
Apr 24 03:22:40 ubuntu devstack@keystone.service[67684]: [parameters: {'id': '99aac86478974d4c9d7bb1c6c9a29d89', 'name': 'service', 'description': None, 'extra': '{}'}]
Apr 24 03:22:40 ubuntu devstack@keystone.service[67684]: (Background on this error at: https://sqlalche.me/e/20/gkpj) {{(pid=67684) wrapper /opt/stack/keystone/keystone/common/sql/core.py:580}}
Apr 24 03:22:40 ubuntu devstack@keystone.service[67684]: ERROR keystone.server.flask.application [None req-91738c7d-66c5-4923-b8e1-1101575bfc40 None admin] Conflict occurred attempting to store role - Duplicate entry found with name service.: keystone.exception.Conflict: Conflict occurred attempting to store role - Duplicate entry found with name service.
Apr 24 03:22:40 ubuntu devstack@keystone.service[67684]: ERROR keystone.server.flask.application Traceback (most recent call last):
Apr 24 03:22:40 ubuntu devstack@keystone.service[67684]: ERROR keystone.server.flask.application   File "/opt/stack/data/venv/lib/python3.12/site-packages/sqlalchemy/engine/base.py", line 1967, in _exec_single_context
Apr 24 03:22:40 ubuntu devstack@keystone.service[67684]: ERROR keystone.server.flask.application     self.dialect.do_execute(
Apr 24 03:22:40 ubuntu devstack@keystone.service[67684]: ERROR keystone.server.flask.application   File "/opt/stack/data/venv/lib/python3.12/site-packages/sqlalchemy/engine/default.py", line 952, in do_execute
Apr 24 03:22:40 ubuntu devstack@keystone.service[67684]: ERROR keystone.server.flask.application     cursor.execute(statement, parameters)
Apr 24 03:22:40 ubuntu devstack@keystone.service[67684]: ERROR keystone.server.flask.application   File "/opt/stack/data/venv/lib/python3.12/site-packages/pymysql/cursors.py", line 153, in execute
Apr 24 03:22:40 ubuntu devstack@keystone.service[67684]: ERROR keystone.server.flask.application     result = self._query(query)
Apr 24 03:22:40 ubuntu devstack@keystone.service[67684]: ERROR keystone.server.flask.application              ^^^^^^^^^^^^^^^^^^
Apr 24 03:22:40 ubuntu devstack@keystone.service[67684]: ERROR keystone.server.flask.application   File "/opt/stack/data/venv/lib/python3.12/site-packages/pymysql/cursors.py", line 322, in _query
Apr 24 03:22:40 ubuntu devstack@keystone.service[67684]: ERROR keystone.server.flask.application     conn.query(q)
Apr 24 03:22:40 ubuntu devstack@keystone.service[67684]: ERROR keystone.server.flask.application   File "/opt/stack/data/venv/lib/python3.12/site-packages/pymysql/connections.py", line 575, in query
Apr 24 03:22:40 ubuntu devstack@keystone.service[67684]: ERROR keystone.server.flask.application     self._affected_rows = self._read_query_result(unbuffered=unbuffered)
Apr 24 03:22:40 ubuntu devstack@keystone.service[67684]: ERROR keystone.server.flask.application                           ^^^^^^^^^^^^^^^^^^^^^^^^^^^^^^^^^^^^^^^^^^^^^^
Apr 24 03:22:40 ubuntu devstack@keystone.service[67684]: ERROR keystone.server.flask.application   File "/opt/stack/data/venv/lib/python3.12/site-packages/pymysql/connections.py", line 826, in _read_query_result
Apr 24 03:22:40 ubuntu devstack@keystone.service[67684]: ERROR keystone.server.flask.application     result.read()
Apr 24 03:22:40 ubuntu devstack@keystone.service[67684]: ERROR keystone.server.flask.application   File "/opt/stack/data/venv/lib/python3.12/site-packages/pymysql/connections.py", line 1203, in read
Apr 24 03:22:40 ubuntu devstack@keystone.service[67684]: ERROR keystone.server.flask.application     first_packet = self.connection._read_packet()
Apr 24 03:22:40 ubuntu devstack@keystone.service[67684]: ERROR keystone.server.flask.application                    ^^^^^^^^^^^^^^^^^^^^^^^^^^^^^^
Apr 24 03:22:40 ubuntu devstack@keystone.service[67684]: ERROR keystone.server.flask.application   File "/opt/stack/data/venv/lib/python3.12/site-packages/pymysql/connections.py", line 782, in _read_packet
Apr 24 03:22:40 ubuntu devstack@keystone.service[67684]: ERROR keystone.server.flask.application     packet.raise_for_error()
Apr 24 03:22:40 ubuntu devstack@keystone.service[67684]: ERROR keystone.server.flask.application   File "/opt/stack/data/venv/lib/python3.12/site-packages/pymysql/protocol.py", line 219, in raise_for_error
Apr 24 03:22:40 ubuntu devstack@keystone.service[67684]: ERROR keystone.server.flask.application     err.raise_mysql_exception(self._data)
Apr 24 03:22:40 ubuntu devstack@keystone.service[67684]: ERROR keystone.server.flask.application   File "/opt/stack/data/venv/lib/python3.12/site-packages/pymysql/err.py", line 150, in raise_mysql_exception
Apr 24 03:22:40 ubuntu devstack@keystone.service[67684]: ERROR keystone.server.flask.application     raise errorclass(errno, errval)
Apr 24 03:22:40 ubuntu devstack@keystone.service[67684]: ERROR keystone.server.flask.application pymysql.err.IntegrityError: (1062, "Duplicate entry 'service-<<null>>' for key 'role.ixu_role_name_domain_id'")
Apr 24 03:22:40 ubuntu devstack@keystone.service[67684]: ERROR keystone.server.flask.application 
Apr 24 03:22:40 ubuntu devstack@keystone.service[67684]: ERROR keystone.server.flask.application The above exception was the direct cause of the following exception:
Apr 24 03:22:40 ubuntu devstack@keystone.service[67684]: ERROR keystone.server.flask.application 
Apr 24 03:22:40 ubuntu devstack@keystone.service[67684]: ERROR keystone.server.flask.application Traceback (most recent call last):
Apr 24 03:22:40 ubuntu devstack@keystone.service[67684]: ERROR keystone.server.flask.application   File "/opt/stack/keystone/keystone/common/sql/core.py", line 575, in wrapper
Apr 24 03:22:40 ubuntu devstack@keystone.service[67684]: ERROR keystone.server.flask.application     return method(*args, **kwargs)
Apr 24 03:22:40 ubuntu devstack@keystone.service[67684]: ERROR keystone.server.flask.application            ^^^^^^^^^^^^^^^^^^^^^^^
Apr 24 03:22:40 ubuntu devstack@keystone.service[67684]: ERROR keystone.server.flask.application   File "/opt/stack/keystone/keystone/assignment/role_backends/sql.py", line 25, in create_role
Apr 24 03:22:40 ubuntu devstack@keystone.service[67684]: ERROR keystone.server.flask.application     with sql.session_for_write() as session:
Apr 24 03:22:40 ubuntu devstack@keystone.service[67684]: ERROR keystone.server.flask.application   File "/usr/lib/python3.12/contextlib.py", line 144, in __exit__
Apr 24 03:22:40 ubuntu devstack@keystone.service[67684]: ERROR keystone.server.flask.application     next(self.gen)
Apr 24 03:22:40 ubuntu devstack@keystone.service[67684]: ERROR keystone.server.flask.application   File "/opt/stack/data/venv/lib/python3.12/site-packages/oslo_db/sqlalchemy/enginefacade.py", line 1175, in _transaction_scope
Apr 24 03:22:40 ubuntu devstack@keystone.service[67684]: ERROR keystone.server.flask.application     with current._produce_block(
Apr 24 03:22:40 ubuntu devstack@keystone.service[67684]: ERROR keystone.server.flask.application   File "/usr/lib/python3.12/contextlib.py", line 144, in __exit__
Apr 24 03:22:40 ubuntu devstack@keystone.service[67684]: ERROR keystone.server.flask.application     next(self.gen)
Apr 24 03:22:40 ubuntu devstack@keystone.service[67684]: ERROR keystone.server.flask.application   File "/opt/stack/data/venv/lib/python3.12/site-packages/oslo_db/sqlalchemy/enginefacade.py", line 837, in _session
Apr 24 03:22:40 ubuntu devstack@keystone.service[67684]: ERROR keystone.server.flask.application     with excutils.save_and_reraise_exception():
Apr 24 03:22:40 ubuntu devstack@keystone.service[67684]: ERROR keystone.server.flask.application   File "/opt/stack/data/venv/lib/python3.12/site-packages/oslo_utils/excutils.py", line 271, in __exit__
Apr 24 03:22:40 ubuntu devstack@keystone.service[67684]: ERROR keystone.server.flask.application     self.force_reraise()
Apr 24 03:22:40 ubuntu devstack@keystone.service[67684]: ERROR keystone.server.flask.application   File "/opt/stack/data/venv/lib/python3.12/site-packages/oslo_utils/excutils.py", line 233, in force_reraise
Apr 24 03:22:40 ubuntu devstack@keystone.service[67684]: ERROR keystone.server.flask.application     raise self.value
Apr 24 03:22:40 ubuntu devstack@keystone.service[67684]: ERROR keystone.server.flask.application   File "/opt/stack/data/venv/lib/python3.12/site-packages/oslo_db/sqlalchemy/enginefacade.py", line 835, in _session
Apr 24 03:22:40 ubuntu devstack@keystone.service[67684]: ERROR keystone.server.flask.application     self._end_session_transaction(self.session)
Apr 24 03:22:40 ubuntu devstack@keystone.service[67684]: ERROR keystone.server.flask.application   File "/opt/stack/data/venv/lib/python3.12/site-packages/oslo_db/sqlalchemy/enginefacade.py", line 748, in _end_session_transaction
