Apr 21 07:50:14 ubuntu devstack@keystone.service[67840]: DEBUG keystone.server.flask.request_processing.req_logging [None req-39d3ed9b-5b27-4541-927d-82b438de6ba8 None admin] REQUEST_METHOD: `PUT` {{(pid=67840) log_request_info /opt/stack/keystone/keystone/server/flask/request_processing/req_logging.py:26}}
Apr 21 07:50:14 ubuntu devstack@keystone.service[67840]: DEBUG keystone.server.flask.request_processing.req_logging [None req-39d3ed9b-5b27-4541-927d-82b438de6ba8 None admin] SCRIPT_NAME: `/identity` {{(pid=67840) log_request_info /opt/stack/keystone/keystone/server/flask/request_processing/req_logging.py:27}}
Apr 21 07:50:14 ubuntu devstack@keystone.service[67840]: DEBUG keystone.server.flask.request_processing.req_logging [None req-39d3ed9b-5b27-4541-927d-82b438de6ba8 None admin] PATH_INFO: `/v3/domains/default/users/a9ff54de0d7d47429e60895c2caadfe6/roles/f9257a87ee13491f901b7e22541a252e` {{(pid=67840) log_request_info /opt/stack/keystone/keystone/server/flask/request_processing/req_logging.py:28}}
Apr 21 07:50:14 ubuntu devstack@keystone.service[67840]: DEBUG keystone.common.rbac_enforcer.enforcer [None req-39d3ed9b-5b27-4541-927d-82b438de6ba8 None admin] RBAC: Authorizing `identity:create_grant(domain_id=default, user_id=a9ff54de0d7d47429e60895c2caadfe6, role_id=f9257a87ee13491f901b7e22541a252e)` {{(pid=67840) enforce_call /opt/stack/keystone/keystone/common/rbac_enforcer/enforcer.py:494}}
Apr 21 07:50:14 ubuntu devstack@keystone.service[67840]: DEBUG keystone.common.rbac_enforcer.enforcer [None req-39d3ed9b-5b27-4541-927d-82b438de6ba8 None admin] RBAC: Authorization granted {{(pid=67840) enforce_call /opt/stack/keystone/keystone/common/rbac_enforcer/enforcer.py:505}}
Apr 21 07:50:14 ubuntu devstack@keystone.service[67839]: DEBUG keystone.server.flask.request_processing.middleware.auth_context [None req-2ad2081f-31d0-414c-a453-5138ed5e59c2 None admin] Authenticating user token {{(pid=67839) process_request /opt/stack/data/venv/lib/python3.12/site-packages/keystonemiddleware/auth_token/__init__.py:407}}
Apr 21 07:50:14 ubuntu devstack@keystone.service[67839]: DEBUG keystone.server.flask.request_processing.middleware.auth_context [None req-2ad2081f-31d0-414c-a453-5138ed5e59c2 None admin] Validating token access rules against request {{(pid=67839) validate_allowed_request /opt/stack/data/venv/lib/python3.12/site-packages/keystonemiddleware/auth_token/__init__.py:545}}
Apr 21 07:50:14 ubuntu devstack@keystone.service[67839]: DEBUG keystone.server.flask.request_processing.middleware.auth_context [None req-42bde1c1-85fe-4ab7-854d-d7cf53201c0a None admin] RBAC: auth_context: {'token': <TokenModel (audit_id=voMwunQwTzyw5uWb_tc9fw, audit_chain_id=['voMwunQwTzyw5uWb_tc9fw']) at 0x7aec5f604770>, 'domain_id': None, 'trust_id': None, 'trustor_id': None, 'trustee_id': None, 'domain_name': None, 'group_ids': [], 'user_id': 'a9ff54de0d7d47429e60895c2caadfe6', 'user_domain_id': 'default', 'system_scope': 'all', 'project_id': None, 'project_domain_id': None, 'roles': ['admin', 'manager', 'member', 'reader'], 'is_admin_project': True, 'service_user_id': None, 'service_user_domain_id': None, 'service_project_id': None, 'service_project_domain_id': None, 'service_roles': []} {{(pid=67839) fill_context /opt/stack/keystone/keystone/server/flask/request_processing/middleware/auth_context.py:509}}
Apr 21 07:50:14 ubuntu devstack@keystone.service[67839]: DEBUG keystone.server.flask.request_processing.req_logging [None req-42bde1c1-85fe-4ab7-854d-d7cf53201c0a None admin] REQUEST_METHOD: `GET` {{(pid=67839) log_request_info /opt/stack/keystone/keystone/server/flask/request_processing/req_logging.py:26}}
Apr 21 07:50:14 ubuntu devstack@keystone.service[67839]: DEBUG keystone.server.flask.request_processing.req_logging [None req-42bde1c1-85fe-4ab7-854d-d7cf53201c0a None admin] SCRIPT_NAME: `/identity` {{(pid=67839) log_request_info /opt/stack/keystone/keystone/server/flask/request_processing/req_logging.py:27}}
Apr 21 07:50:14 ubuntu devstack@keystone.service[67839]: DEBUG keystone.server.flask.request_processing.req_logging [None req-42bde1c1-85fe-4ab7-854d-d7cf53201c0a None admin] PATH_INFO: `/v3/domains` {{(pid=67839) log_request_info /opt/stack/keystone/keystone/server/flask/request_processing/req_logging.py:28}}
Apr 21 07:50:14 ubuntu devstack@keystone.service[67839]: DEBUG keystone.common.rbac_enforcer.enforcer [None req-42bde1c1-85fe-4ab7-854d-d7cf53201c0a None admin] RBAC: Adding query filter params (name=Default) {{(pid=67839) _extract_filter_values /opt/stack/keystone/keystone/common/rbac_enforcer/enforcer.py:176}}
Apr 21 07:50:14 ubuntu devstack@keystone.service[67839]: DEBUG keystone.common.rbac_enforcer.enforcer [None req-42bde1c1-85fe-4ab7-854d-d7cf53201c0a None admin] RBAC: Authorizing `identity:list_domains()` {{(pid=67839) enforce_call /opt/stack/keystone/keystone/common/rbac_enforcer/enforcer.py:494}}
Apr 21 07:50:14 ubuntu devstack@keystone.service[67839]: DEBUG keystone.common.rbac_enforcer.enforcer [None req-42bde1c1-85fe-4ab7-854d-d7cf53201c0a None admin] RBAC: Authorization granted {{(pid=67839) enforce_call /opt/stack/keystone/keystone/common/rbac_enforcer/enforcer.py:505}}
Apr 21 07:50:14 ubuntu devstack@keystone.service[67840]: [pid: 67840|app: 0|req: 11/21] 10.120.125.143 () {60 vars in 1429 bytes} [Tue Apr 21 07:50:14 2026] PUT /identity/v3/domains/default/users/a9ff54de0d7d47429e60895c2caadfe6/roles/f9257a87ee13491f901b7e22541a252e => generated 0 bytes in 133 msecs (HTTP/1.1 204) 3 headers in 132 bytes (1 switches on core 0)
Apr 21 07:50:14 ubuntu devstack@keystone.service[67839]: [pid: 67839|app: 0|req: 11/22] 10.120.125.143 () {58 vars in 1190 bytes} [Tue Apr 21 07:50:14 2026] GET /identity/v3/domains?name=Default => generated 310 bytes in 71 msecs (HTTP/1.1 200) 5 headers in 177 bytes (1 switches on core 0)
Apr 21 07:50:16 ubuntu devstack@keystone.service[67840]: DEBUG keystone.server.flask.request_processing.req_logging [None req-001c4926-4c3a-4f9f-aa2b-63a8bbf7a574 None None] REQUEST_METHOD: `GET` {{(pid=67840) log_request_info /opt/stack/keystone/keystone/server/flask/request_processing/req_logging.py:26}}
Apr 21 07:50:16 ubuntu devstack@keystone.service[67840]: DEBUG keystone.server.flask.request_processing.req_logging [None req-001c4926-4c3a-4f9f-aa2b-63a8bbf7a574 None None] SCRIPT_NAME: `/identity` {{(pid=67840) log_request_info /opt/stack/keystone/keystone/server/flask/request_processing/req_logging.py:27}}
Apr 21 07:50:16 ubuntu devstack@keystone.service[67840]: DEBUG keystone.server.flask.request_processing.req_logging [None req-001c4926-4c3a-4f9f-aa2b-63a8bbf7a574 None None] PATH_INFO: `/` {{(pid=67840) log_request_info /opt/stack/keystone/keystone/server/flask/request_processing/req_logging.py:28}}
Apr 21 07:50:16 ubuntu devstack@keystone.service[67840]: [pid: 67840|app: 0|req: 12/23] 10.120.125.143 () {56 vars in 951 bytes} [Tue Apr 21 07:50:16 2026] GET /identity => generated 271 bytes in 2 msecs (HTTP/1.1 300) 6 headers in 235 bytes (1 switches on core 0)
Apr 21 07:50:16 ubuntu devstack@keystone.service[67839]: DEBUG keystone.server.flask.request_processing.req_logging [None req-b1420f1b-6c71-4c68-958e-60e274b5a2c7 None None] REQUEST_METHOD: `GET` {{(pid=67839) log_request_info /opt/stack/keystone/keystone/server/flask/request_processing/req_logging.py:26}}
Apr 21 07:50:16 ubuntu devstack@keystone.service[67839]: DEBUG keystone.server.flask.request_processing.req_logging [None req-b1420f1b-6c71-4c68-958e-60e274b5a2c7 None None] SCRIPT_NAME: `/identity` {{(pid=67839) log_request_info /opt/stack/keystone/keystone/server/flask/request_processing/req_logging.py:27}}
Apr 21 07:50:16 ubuntu devstack@keystone.service[67839]: DEBUG keystone.server.flask.request_processing.req_logging [None req-b1420f1b-6c71-4c68-958e-60e274b5a2c7 None None] PATH_INFO: `/` {{(pid=67839) log_request_info /opt/stack/keystone/keystone/server/flask/request_processing/req_logging.py:28}}
Apr 21 07:50:16 ubuntu devstack@keystone.service[67839]: [pid: 67839|app: 0|req: 12/24] 10.120.125.143 () {56 vars in 951 bytes} [Tue Apr 21 07:50:16 2026] GET /identity => generated 271 bytes in 1 msecs (HTTP/1.1 300) 6 headers in 235 bytes (1 switches on core 0)
Apr 21 07:50:16 ubuntu devstack@keystone.service[67840]: DEBUG keystone.server.flask.request_processing.req_logging [None req-44aad9fe-d8e7-4e54-ae79-948b69087c7a None None] REQUEST_METHOD: `POST` {{(pid=67840) log_request_info /opt/stack/keystone/keystone/server/flask/request_processing/req_logging.py:26}}
Apr 21 07:50:16 ubuntu devstack@keystone.service[67840]: DEBUG keystone.server.flask.request_processing.req_logging [None req-44aad9fe-d8e7-4e54-ae79-948b69087c7a None None] SCRIPT_NAME: `/identity` {{(pid=67840) log_request_info /opt/stack/keystone/keystone/server/flask/request_processing/req_logging.py:27}}
Apr 21 07:50:16 ubuntu devstack@keystone.service[67840]: DEBUG keystone.server.flask.request_processing.req_logging [None req-44aad9fe-d8e7-4e54-ae79-948b69087c7a None None] PATH_INFO: `/v3/auth/tokens` {{(pid=67840) log_request_info /opt/stack/keystone/keystone/server/flask/request_processing/req_logging.py:28}}
Apr 21 07:50:16 ubuntu devstack@keystone.service[67840]: WARNING keystone.common.password_hashing [None req-44aad9fe-d8e7-4e54-ae79-948b69087c7a None None] Truncating password to algorithm specific maximum length 72 characters.
Apr 21 07:50:16 ubuntu devstack@keystone.service[67839]: DEBUG keystone.server.flask.request_processing.req_logging [None req-4a905b64-4abf-43d0-a7c8-a004377acb19 None None] REQUEST_METHOD: `GET` {{(pid=67839) log_request_info /opt/stack/keystone/keystone/server/flask/request_processing/req_logging.py:26}}
Apr 21 07:50:16 ubuntu devstack@keystone.service[67839]: DEBUG keystone.server.flask.request_processing.req_logging [None req-4a905b64-4abf-43d0-a7c8-a004377acb19 None None] SCRIPT_NAME: `/identity` {{(pid=67839) log_request_info /opt/stack/keystone/keystone/server/flask/request_processing/req_logging.py:27}}
Apr 21 07:50:16 ubuntu devstack@keystone.service[67839]: DEBUG keystone.server.flask.request_processing.req_logging [None req-4a905b64-4abf-43d0-a7c8-a004377acb19 None None] PATH_INFO: `/` {{(pid=67839) log_request_info /opt/stack/keystone/keystone/server/flask/request_processing/req_logging.py:28}}
Apr 21 07:50:16 ubuntu devstack@keystone.service[67839]: [pid: 67839|app: 0|req: 13/25] 10.120.125.143 () {56 vars in 951 bytes} [Tue Apr 21 07:50:16 2026] GET /identity => generated 271 bytes in 1 msecs (HTTP/1.1 300) 6 headers in 235 bytes (1 switches on core 0)
Apr 21 07:50:16 ubuntu devstack@keystone.service[67840]: DEBUG keystone.auth.core [None req-44aad9fe-d8e7-4e54-ae79-948b69087c7a None None] MFA Rules not processed for user `a9ff54de0d7d47429e60895c2caadfe6`. Rule list: `[]` (Enabled: `True`). {{(pid=67840) check_auth_methods_against_rules /opt/stack/keystone/keystone/auth/core.py:476}}
Apr 21 07:50:16 ubuntu devstack@keystone.service[67840]: DEBUG keystone.common.fernet_utils [None req-44aad9fe-d8e7-4e54-ae79-948b69087c7a None None] Loaded 2 Fernet keys from /etc/keystone/fernet-keys/, but `[fernet_tokens] max_active_keys = 3`; perhaps there have not been enough key rotations to reach `max_active_keys` yet? {{(pid=67840) load_keys /opt/stack/keystone/keystone/common/fernet_utils.py:297}}
Apr 21 07:50:16 ubuntu devstack@keystone.service[67839]: DEBUG keystone.server.flask.request_processing.req_logging [None req-53ee7513-b6ab-49c4-8d1b-b67a5671f0be None None] REQUEST_METHOD: `POST` {{(pid=67839) log_request_info /opt/stack/keystone/keystone/server/flask/request_processing/req_logging.py:26}}
Apr 21 07:50:16 ubuntu devstack@keystone.service[67839]: DEBUG keystone.server.flask.request_processing.req_logging [None req-53ee7513-b6ab-49c4-8d1b-b67a5671f0be None None] SCRIPT_NAME: `/identity` {{(pid=67839) log_request_info /opt/stack/keystone/keystone/server/flask/request_processing/req_logging.py:27}}
Apr 21 07:50:16 ubuntu devstack@keystone.service[67839]: DEBUG keystone.server.flask.request_processing.req_logging [None req-53ee7513-b6ab-49c4-8d1b-b67a5671f0be None None] PATH_INFO: `/v3/auth/tokens` {{(pid=67839) log_request_info /opt/stack/keystone/keystone/server/flask/request_processing/req_logging.py:28}}
Apr 21 07:50:16 ubuntu devstack@keystone.service[67840]: [pid: 67840|app: 0|req: 13/26] 10.120.125.143 () {60 vars in 1048 bytes} [Tue Apr 21 07:50:16 2026] POST /identity/v3/auth/tokens => generated 863 bytes in 54 msecs (HTTP/1.1 201) 6 headers in 363 bytes (1 switches on core 0)
Apr 21 07:50:16 ubuntu devstack@keystone.service[67839]: WARNING keystone.common.password_hashing [None req-53ee7513-b6ab-49c4-8d1b-b67a5671f0be None None] Truncating password to algorithm specific maximum length 72 characters.
Apr 21 07:50:16 ubuntu devstack@keystone.service[67839]: DEBUG keystone.auth.core [None req-53ee7513-b6ab-49c4-8d1b-b67a5671f0be None None] MFA Rules not processed for user `a9ff54de0d7d47429e60895c2caadfe6`. Rule list: `[]` (Enabled: `True`). {{(pid=67839) check_auth_methods_against_rules /opt/stack/keystone/keystone/auth/core.py:476}}
Apr 21 07:50:16 ubuntu devstack@keystone.service[67839]: DEBUG keystone.common.fernet_utils [None req-53ee7513-b6ab-49c4-8d1b-b67a5671f0be None None] Loaded 2 Fernet keys from /etc/keystone/fernet-keys/, but `[fernet_tokens] max_active_keys = 3`; perhaps there have not been enough key rotations to reach `max_active_keys` yet? {{(pid=67839) load_keys /opt/stack/keystone/keystone/common/fernet_utils.py:297}}
Apr 21 07:50:16 ubuntu devstack@keystone.service[67839]: [pid: 67839|app: 0|req: 14/27] 10.120.125.143 () {60 vars in 1048 bytes} [Tue Apr 21 07:50:16 2026] POST /identity/v3/auth/tokens => generated 863 bytes in 70 msecs (HTTP/1.1 201) 6 headers in 363 bytes (1 switches on core 0)
Apr 21 07:50:16 ubuntu devstack@keystone.service[67840]: DEBUG keystone.server.flask.request_processing.req_logging [None req-01d94f8c-57b1-475b-a08e-922a7cb324b0 None None] REQUEST_METHOD: `POST` {{(pid=67840) log_request_info /opt/stack/keystone/keystone/server/flask/request_processing/req_logging.py:26}}
Apr 21 07:50:16 ubuntu devstack@keystone.service[67840]: DEBUG keystone.server.flask.request_processing.req_logging [None req-01d94f8c-57b1-475b-a08e-922a7cb324b0 None None] SCRIPT_NAME: `/identity` {{(pid=67840) log_request_info /opt/stack/keystone/keystone/server/flask/request_processing/req_logging.py:27}}
Apr 21 07:50:16 ubuntu devstack@keystone.service[67840]: DEBUG keystone.server.flask.request_processing.req_logging [None req-01d94f8c-57b1-475b-a08e-922a7cb324b0 None None] PATH_INFO: `/v3/auth/tokens` {{(pid=67840) log_request_info /opt/stack/keystone/keystone/server/flask/request_processing/req_logging.py:28}}
Apr 21 07:50:16 ubuntu devstack@keystone.service[67840]: WARNING keystone.common.password_hashing [None req-01d94f8c-57b1-475b-a08e-922a7cb324b0 None None] Truncating password to algorithm specific maximum length 72 characters.
Apr 21 07:50:16 ubuntu devstack@keystone.service[67840]: DEBUG keystone.auth.core [None req-01d94f8c-57b1-475b-a08e-922a7cb324b0 None None] MFA Rules not processed for user `a9ff54de0d7d47429e60895c2caadfe6`. Rule list: `[]` (Enabled: `True`). {{(pid=67840) check_auth_methods_against_rules /opt/stack/keystone/keystone/auth/core.py:476}}
Apr 21 07:50:16 ubuntu devstack@keystone.service[67840]: DEBUG keystone.common.fernet_utils [None req-01d94f8c-57b1-475b-a08e-922a7cb324b0 None None] Loaded 2 Fernet keys from /etc/keystone/fernet-keys/, but `[fernet_tokens] max_active_keys = 3`; perhaps there have not been enough key rotations to reach `max_active_keys` yet? {{(pid=67840) load_keys /opt/stack/keystone/keystone/common/fernet_utils.py:297}}
Apr 21 07:50:16 ubuntu devstack@keystone.service[67840]: [pid: 67840|app: 0|req: 14/28] 10.120.125.143 () {60 vars in 1048 bytes} [Tue Apr 21 07:50:16 2026] POST /identity/v3/auth/tokens => generated 863 bytes in 75 msecs (HTTP/1.1 201) 6 headers in 363 bytes (1 switches on core 0)
Apr 21 07:50:16 ubuntu devstack@keystone.service[67839]: DEBUG keystone.server.flask.request_processing.middleware.auth_context [None req-53ee7513-b6ab-49c4-8d1b-b67a5671f0be None None] Authenticating user token {{(pid=67839) process_request /opt/stack/data/venv/lib/python3.12/site-packages/keystonemiddleware/auth_token/__init__.py:407}}
Apr 21 07:50:16 ubuntu devstack@keystone.service[67839]: DEBUG keystone.server.flask.request_processing.middleware.auth_context [None req-53ee7513-b6ab-49c4-8d1b-b67a5671f0be None None] Validating token access rules against request {{(pid=67839) validate_allowed_request /opt/stack/data/venv/lib/python3.12/site-packages/keystonemiddleware/auth_token/__init__.py:545}}
Apr 21 07:50:16 ubuntu devstack@keystone.service[67840]: DEBUG keystone.server.flask.request_processing.req_logging [None req-477215ea-727e-4d0c-9b5d-40d0abe58c65 None None] REQUEST_METHOD: `GET` {{(pid=67840) log_request_info /opt/stack/keystone/keystone/server/flask/request_processing/req_logging.py:26}}
Apr 21 07:50:16 ubuntu devstack@keystone.service[67840]: DEBUG keystone.server.flask.request_processing.req_logging [None req-477215ea-727e-4d0c-9b5d-40d0abe58c65 None None] SCRIPT_NAME: `/identity` {{(pid=67840) log_request_info /opt/stack/keystone/keystone/server/flask/request_processing/req_logging.py:27}}
Apr 21 07:50:16 ubuntu devstack@keystone.service[67840]: DEBUG keystone.server.flask.request_processing.req_logging [None req-477215ea-727e-4d0c-9b5d-40d0abe58c65 None None] PATH_INFO: `/` {{(pid=67840) log_request_info /opt/stack/keystone/keystone/server/flask/request_processing/req_logging.py:28}}
Apr 21 07:50:16 ubuntu devstack@keystone.service[67840]: [pid: 67840|app: 0|req: 15/29] 10.120.125.143 () {56 vars in 951 bytes} [Tue Apr 21 07:50:16 2026] GET /identity => generated 271 bytes in 1 msecs (HTTP/1.1 300) 6 headers in 235 bytes (1 switches on core 0)
Apr 21 07:50:16 ubuntu devstack@keystone.service[67839]: DEBUG keystone.server.flask.request_processing.middleware.auth_context [None req-ec72a554-50f8-4a94-b3bc-978c37c6152f None admin] RBAC: auth_context: {'token': <TokenModel (audit_id=Gyvpy0a3RRW_6TiT129Xcg, audit_chain_id=['Gyvpy0a3RRW_6TiT129Xcg']) at 0x7aec5f607cb0>, 'domain_id': None, 'trust_id': None, 'trustor_id': None, 'trustee_id': None, 'domain_name': None, 'group_ids': [], 'user_id': 'a9ff54de0d7d47429e60895c2caadfe6', 'user_domain_id': 'default', 'system_scope': 'all', 'project_id': None, 'project_domain_id': None, 'roles': ['admin', 'manager', 'member', 'reader'], 'is_admin_project': True, 'service_user_id': None, 'service_user_domain_id': None, 'service_project_id': None, 'service_project_domain_id': None, 'service_roles': []} {{(pid=67839) fill_context /opt/stack/keystone/keystone/server/flask/request_processing/middleware/auth_context.py:509}}
Apr 21 07:50:16 ubuntu devstack@keystone.service[67839]: DEBUG keystone.server.flask.request_processing.req_logging [None req-ec72a554-50f8-4a94-b3bc-978c37c6152f None admin] REQUEST_METHOD: `GET` {{(pid=67839) log_request_info /opt/stack/keystone/keystone/server/flask/request_processing/req_logging.py:26}}
Apr 21 07:50:16 ubuntu devstack@keystone.service[67839]: DEBUG keystone.server.flask.request_processing.req_logging [None req-ec72a554-50f8-4a94-b3bc-978c37c6152f None admin] SCRIPT_NAME: `/identity` {{(pid=67839) log_request_info /opt/stack/keystone/keystone/server/flask/request_processing/req_logging.py:27}}
Apr 21 07:50:16 ubuntu devstack@keystone.service[67839]: DEBUG keystone.server.flask.request_processing.req_logging [None req-ec72a554-50f8-4a94-b3bc-978c37c6152f None admin] PATH_INFO: `/v3/roles/admin` {{(pid=67839) log_request_info /opt/stack/keystone/keystone/server/flask/request_processing/req_logging.py:28}}
Apr 21 07:50:16 ubuntu devstack@keystone.service[67839]: DEBUG keystone.common.rbac_enforcer.enforcer [None req-ec72a554-50f8-4a94-b3bc-978c37c6152f None admin] Extracting inferred target data resulted in "NOT FOUND (404)". {{(pid=67839) enforce_call /opt/stack/keystone/keystone/common/rbac_enforcer/enforcer.py:445}}
Apr 21 07:50:16 ubuntu devstack@keystone.service[67839]: DEBUG keystone.server.flask.application [None req-ec72a554-50f8-4a94-b3bc-978c37c6152f None admin] Could not find role: admin. {{(pid=67839) _handle_keystone_exception /opt/stack/keystone/keystone/server/flask/application.py:146}}
Apr 21 07:50:16 ubuntu devstack@keystone.service[67839]: [pid: 67839|app: 0|req: 15/30] 10.120.125.143 () {58 vars in 1164 bytes} [Tue Apr 21 07:50:16 2026] GET /identity/v3/roles/admin => generated 83 bytes in 70 msecs (HTTP/1.1 404) 5 headers in 183 bytes (1 switches on core 0)
Apr 21 07:50:16 ubuntu devstack@keystone.service[67840]: DEBUG keystone.server.flask.request_processing.middleware.auth_context [None req-477215ea-727e-4d0c-9b5d-40d0abe58c65 None None] Authenticating user token {{(pid=67840) process_request /opt/stack/data/venv/lib/python3.12/site-packages/keystonemiddleware/auth_token/__init__.py:407}}
Apr 21 07:50:16 ubuntu devstack@keystone.service[67839]: DEBUG keystone.server.flask.request_processing.req_logging [None req-3f1cec66-0c79-4e64-9219-a9074069afb8 None None] REQUEST_METHOD: `GET` {{(pid=67839) log_request_info /opt/stack/keystone/keystone/server/flask/request_processing/req_logging.py:26}}
Apr 21 07:50:16 ubuntu devstack@keystone.service[67839]: DEBUG keystone.server.flask.request_processing.req_logging [None req-3f1cec66-0c79-4e64-9219-a9074069afb8 None None] SCRIPT_NAME: `/identity` {{(pid=67839) log_request_info /opt/stack/keystone/keystone/server/flask/request_processing/req_logging.py:27}}
Apr 21 07:50:16 ubuntu devstack@keystone.service[67839]: DEBUG keystone.server.flask.request_processing.req_logging [None req-3f1cec66-0c79-4e64-9219-a9074069afb8 None None] PATH_INFO: `/` {{(pid=67839) log_request_info /opt/stack/keystone/keystone/server/flask/request_processing/req_logging.py:28}}
Apr 21 07:50:16 ubuntu devstack@keystone.service[67839]: [pid: 67839|app: 0|req: 16/31] 10.120.125.143 () {56 vars in 950 bytes} [Tue Apr 21 07:50:16 2026] GET /identity => generated 271 bytes in 1 msecs (HTTP/1.1 300) 6 headers in 235 bytes (1 switches on core 0)
Apr 21 07:50:16 ubuntu devstack@keystone.service[67840]: DEBUG keystone.server.flask.request_processing.middleware.auth_context [None req-477215ea-727e-4d0c-9b5d-40d0abe58c65 None None] Validating token access rules against request {{(pid=67840) validate_allowed_request /opt/stack/data/venv/lib/python3.12/site-packages/keystonemiddleware/auth_token/__init__.py:545}}
Apr 21 07:50:16 ubuntu devstack@keystone.service[67840]: DEBUG keystone.server.flask.request_processing.middleware.auth_context [None req-17d511de-5b1e-4ec4-a757-2d47cf21872e None admin] RBAC: auth_context: {'token': <TokenModel (audit_id=Gyvpy0a3RRW_6TiT129Xcg, audit_chain_id=['Gyvpy0a3RRW_6TiT129Xcg']) at 0x7aec5f74f620>, 'domain_id': None, 'trust_id': None, 'trustor_id': None, 'trustee_id': None, 'domain_name': None, 'group_ids': [], 'user_id': 'a9ff54de0d7d47429e60895c2caadfe6', 'user_domain_id': 'default', 'system_scope': 'all', 'project_id': None, 'project_domain_id': None, 'roles': ['admin', 'manager', 'member', 'reader'], 'is_admin_project': True, 'service_user_id': None, 'service_user_domain_id': None, 'service_project_id': None, 'service_project_domain_id': None, 'service_roles': []} {{(pid=67840) fill_context /opt/stack/keystone/keystone/server/flask/request_processing/middleware/auth_context.py:509}}
Apr 21 07:50:16 ubuntu devstack@keystone.service[67840]: DEBUG keystone.server.flask.request_processing.req_logging [None req-17d511de-5b1e-4ec4-a757-2d47cf21872e None admin] REQUEST_METHOD: `GET` {{(pid=67840) log_request_info /opt/stack/keystone/keystone/server/flask/request_processing/req_logging.py:26}}
Apr 21 07:50:16 ubuntu devstack@keystone.service[67840]: DEBUG keystone.server.flask.request_processing.req_logging [None req-17d511de-5b1e-4ec4-a757-2d47cf21872e None admin] SCRIPT_NAME: `/identity` {{(pid=67840) log_request_info /opt/stack/keystone/keystone/server/flask/request_processing/req_logging.py:27}}
Apr 21 07:50:16 ubuntu devstack@keystone.service[67840]: DEBUG keystone.server.flask.request_processing.req_logging [None req-17d511de-5b1e-4ec4-a757-2d47cf21872e None admin] PATH_INFO: `/v3/roles` {{(pid=67840) log_request_info /opt/stack/keystone/keystone/server/flask/request_processing/req_logging.py:28}}
Apr 21 07:50:16 ubuntu devstack@keystone.service[67840]: DEBUG keystone.common.rbac_enforcer.enforcer [None req-17d511de-5b1e-4ec4-a757-2d47cf21872e None admin] RBAC: Adding query filter params (name=admin) {{(pid=67840) _extract_filter_values /opt/stack/keystone/keystone/common/rbac_enforcer/enforcer.py:176}}
Apr 21 07:50:16 ubuntu devstack@keystone.service[67840]: DEBUG keystone.common.rbac_enforcer.enforcer [None req-17d511de-5b1e-4ec4-a757-2d47cf21872e None admin] RBAC: Authorizing `identity:list_roles()` {{(pid=67840) enforce_call /opt/stack/keystone/keystone/common/rbac_enforcer/enforcer.py:494}}
Apr 21 07:50:16 ubuntu devstack@keystone.service[67840]: DEBUG keystone.common.rbac_enforcer.enforcer [None req-17d511de-5b1e-4ec4-a757-2d47cf21872e None admin] RBAC: Authorization granted {{(pid=67840) enforce_call /opt/stack/keystone/keystone/common/rbac_enforcer/enforcer.py:505}}
Apr 21 07:50:16 ubuntu devstack@keystone.service[67840]: [pid: 67840|app: 0|req: 16/32] 10.120.125.143 () {58 vars in 1179 bytes} [Tue Apr 21 07:50:16 2026] GET /identity/v3/roles?name=admin => generated 341 bytes in 65 msecs (HTTP/1.1 200) 5 headers in 177 bytes (1 switches on core 0)
Apr 21 07:50:16 ubuntu devstack@keystone.service[67839]: DEBUG keystone.server.flask.request_processing.middleware.auth_context [None req-3f1cec66-0c79-4e64-9219-a9074069afb8 None None] Authenticating user token {{(pid=67839) process_request /opt/stack/data/venv/lib/python3.12/site-packages/keystonemiddleware/auth_token/__init__.py:407}}
Apr 21 07:50:16 ubuntu devstack@keystone.service[67840]: DEBUG keystone.server.flask.request_processing.req_logging [None req-92d57ee2-8558-45b6-8e9e-7bc86eee1017 None None] REQUEST_METHOD: `POST` {{(pid=67840) log_request_info /opt/stack/keystone/keystone/server/flask/request_processing/req_logging.py:26}}
Apr 21 07:50:16 ubuntu devstack@keystone.service[67840]: DEBUG keystone.server.flask.request_processing.req_logging [None req-92d57ee2-8558-45b6-8e9e-7bc86eee1017 None None] SCRIPT_NAME: `/identity` {{(pid=67840) log_request_info /opt/stack/keystone/keystone/server/flask/request_processing/req_logging.py:27}}
Apr 21 07:50:16 ubuntu devstack@keystone.service[67840]: DEBUG keystone.server.flask.request_processing.req_logging [None req-92d57ee2-8558-45b6-8e9e-7bc86eee1017 None None] PATH_INFO: `/v3/auth/tokens` {{(pid=67840) log_request_info /opt/stack/keystone/keystone/server/flask/request_processing/req_logging.py:28}}
Apr 21 07:50:16 ubuntu devstack@keystone.service[67840]: WARNING keystone.common.password_hashing [None req-92d57ee2-8558-45b6-8e9e-7bc86eee1017 None None] Truncating password to algorithm specific maximum length 72 characters.
Apr 21 07:50:16 ubuntu devstack@keystone.service[67840]: DEBUG keystone.auth.core [None req-92d57ee2-8558-45b6-8e9e-7bc86eee1017 None None] MFA Rules not processed for user `a9ff54de0d7d47429e60895c2caadfe6`. Rule list: `[]` (Enabled: `True`). {{(pid=67840) check_auth_methods_against_rules /opt/stack/keystone/keystone/auth/core.py:476}}
Apr 21 07:50:16 ubuntu devstack@keystone.service[67840]: DEBUG keystone.common.fernet_utils [None req-92d57ee2-8558-45b6-8e9e-7bc86eee1017 None None] Loaded 2 Fernet keys from /etc/keystone/fernet-keys/, but `[fernet_tokens] max_active_keys = 3`; perhaps there have not been enough key rotations to reach `max_active_keys` yet? {{(pid=67840) load_keys /opt/stack/keystone/keystone/common/fernet_utils.py:297}}
Apr 21 07:50:16 ubuntu devstack@keystone.service[67839]: DEBUG keystone.server.flask.request_processing.middleware.auth_context [None req-3f1cec66-0c79-4e64-9219-a9074069afb8 None None] Validating token access rules against request {{(pid=67839) validate_allowed_request /opt/stack/data/venv/lib/python3.12/site-packages/keystonemiddleware/auth_token/__init__.py:545}}
Apr 21 07:50:16 ubuntu devstack@keystone.service[67840]: [pid: 67840|app: 0|req: 17/33] 10.120.125.143 () {60 vars in 1048 bytes} [Tue Apr 21 07:50:16 2026] POST /identity/v3/auth/tokens => generated 863 bytes in 48 msecs (HTTP/1.1 201) 6 headers in 363 bytes (1 switches on core 0)
Apr 21 07:50:16 ubuntu devstack@keystone.service[67840]: DEBUG keystone.server.flask.request_processing.middleware.auth_context [None req-92d57ee2-8558-45b6-8e9e-7bc86eee1017 None None] Authenticating user token {{(pid=67840) process_request /opt/stack/data/venv/lib/python3.12/site-packages/keystonemiddleware/auth_token/__init__.py:407}}
Apr 21 07:50:16 ubuntu devstack@keystone.service[67839]: DEBUG keystone.server.flask.request_processing.middleware.auth_context [None req-ea20dc9a-39e3-47f3-9777-c5a1c2bcbf07 None admin] RBAC: auth_context: {'token': <TokenModel (audit_id=IUTY1NO7S2S6bsYOr7IMdA, audit_chain_id=['IUTY1NO7S2S6bsYOr7IMdA']) at 0x7aec5f7820c0>, 'domain_id': None, 'trust_id': None, 'trustor_id': None, 'trustee_id': None, 'domain_name': None, 'group_ids': [], 'user_id': 'a9ff54de0d7d47429e60895c2caadfe6', 'user_domain_id': 'default', 'system_scope': 'all', 'project_id': None, 'project_domain_id': None, 'roles': ['admin', 'manager', 'member', 'reader'], 'is_admin_project': True, 'service_user_id': None, 'service_user_domain_id': None, 'service_project_id': None, 'service_project_domain_id': None, 'service_roles': []} {{(pid=67839) fill_context /opt/stack/keystone/keystone/server/flask/request_processing/middleware/auth_context.py:509}}
Apr 21 07:50:16 ubuntu devstack@keystone.service[67839]: DEBUG keystone.server.flask.request_processing.req_logging [None req-ea20dc9a-39e3-47f3-9777-c5a1c2bcbf07 None admin] REQUEST_METHOD: `GET` {{(pid=67839) log_request_info /opt/stack/keystone/keystone/server/flask/request_processing/req_logging.py:26}}
Apr 21 07:50:16 ubuntu devstack@keystone.service[67839]: DEBUG keystone.server.flask.request_processing.req_logging [None req-ea20dc9a-39e3-47f3-9777-c5a1c2bcbf07 None admin] SCRIPT_NAME: `/identity` {{(pid=67839) log_request_info /opt/stack/keystone/keystone/server/flask/request_processing/req_logging.py:27}}
Apr 21 07:50:16 ubuntu devstack@keystone.service[67839]: DEBUG keystone.server.flask.request_processing.req_logging [None req-ea20dc9a-39e3-47f3-9777-c5a1c2bcbf07 None admin] PATH_INFO: `/v3/domains/Default` {{(pid=67839) log_request_info /opt/stack/keystone/keystone/server/flask/request_processing/req_logging.py:28}}
Apr 21 07:50:16 ubuntu devstack@keystone.service[67839]: DEBUG keystone.common.rbac_enforcer.enforcer [None req-ea20dc9a-39e3-47f3-9777-c5a1c2bcbf07 None admin] RBAC: Authorizing `identity:get_domain(domain_id=Default)` {{(pid=67839) enforce_call /opt/stack/keystone/keystone/common/rbac_enforcer/enforcer.py:494}}
Apr 21 07:50:16 ubuntu devstack@keystone.service[67839]: DEBUG keystone.common.rbac_enforcer.enforcer [None req-ea20dc9a-39e3-47f3-9777-c5a1c2bcbf07 None admin] RBAC: Authorization granted {{(pid=67839) enforce_call /opt/stack/keystone/keystone/common/rbac_enforcer/enforcer.py:505}}
Apr 21 07:50:16 ubuntu devstack@keystone.service[67839]: DEBUG keystone.server.flask.application [None req-ea20dc9a-39e3-47f3-9777-c5a1c2bcbf07 None admin] Could not find domain: Default. {{(pid=67839) _handle_keystone_exception /opt/stack/keystone/keystone/server/flask/application.py:146}}
Apr 21 07:50:16 ubuntu devstack@keystone.service[67839]: [pid: 67839|app: 0|req: 17/34] 10.120.125.143 () {58 vars in 1176 bytes} [Tue Apr 21 07:50:16 2026] GET /identity/v3/domains/Default => generated 87 bytes in 94 msecs (HTTP/1.1 404) 5 headers in 183 bytes (1 switches on core 0)
Apr 21 07:50:16 ubuntu devstack@keystone.service[67839]: DEBUG keystone.server.flask.request_processing.req_logging [None req-61fdd931-59ec-4649-96a8-094713cc287e None None] REQUEST_METHOD: `POST` {{(pid=67839) log_request_info /opt/stack/keystone/keystone/server/flask/request_processing/req_logging.py:26}}
Apr 21 07:50:16 ubuntu devstack@keystone.service[67839]: DEBUG keystone.server.flask.request_processing.req_logging [None req-61fdd931-59ec-4649-96a8-094713cc287e None None] SCRIPT_NAME: `/identity` {{(pid=67839) log_request_info /opt/stack/keystone/keystone/server/flask/request_processing/req_logging.py:27}}
Apr 21 07:50:16 ubuntu devstack@keystone.service[67839]: DEBUG keystone.server.flask.request_processing.req_logging [None req-61fdd931-59ec-4649-96a8-094713cc287e None None] PATH_INFO: `/v3/auth/tokens` {{(pid=67839) log_request_info /opt/stack/keystone/keystone/server/flask/request_processing/req_logging.py:28}}
Apr 21 07:50:16 ubuntu devstack@keystone.service[67840]: DEBUG keystone.server.flask.request_processing.middleware.auth_context [None req-92d57ee2-8558-45b6-8e9e-7bc86eee1017 None None] Validating token access rules against request {{(pid=67840) validate_allowed_request /opt/stack/data/venv/lib/python3.12/site-packages/keystonemiddleware/auth_token/__init__.py:545}}
Apr 21 07:50:17 ubuntu devstack@keystone.service[67839]: WARNING keystone.common.password_hashing [None req-61fdd931-59ec-4649-96a8-094713cc287e None None] Truncating password to algorithm specific maximum length 72 characters.
Apr 21 07:50:17 ubuntu devstack@keystone.service[67840]: DEBUG keystone.server.flask.request_processing.middleware.auth_context [None req-e3729e64-74e0-4c7d-b5a9-b761a88e931c None admin] RBAC: auth_context: {'token': <TokenModel (audit_id=Gyvpy0a3RRW_6TiT129Xcg, audit_chain_id=['Gyvpy0a3RRW_6TiT129Xcg']) at 0x7aec5f900ce0>, 'domain_id': None, 'trust_id': None, 'trustor_id': None, 'trustee_id': None, 'domain_name': None, 'group_ids': [], 'user_id': 'a9ff54de0d7d47429e60895c2caadfe6', 'user_domain_id': 'default', 'system_scope': 'all', 'project_id': None, 'project_domain_id': None, 'roles': ['admin', 'manager', 'member', 'reader'], 'is_admin_project': True, 'service_user_id': None, 'service_user_domain_id': None, 'service_project_id': None, 'service_project_domain_id': None, 'service_roles': []} {{(pid=67840) fill_context /opt/stack/keystone/keystone/server/flask/request_processing/middleware/auth_context.py:509}}
Apr 21 07:50:17 ubuntu devstack@keystone.service[67839]: DEBUG keystone.auth.core [None req-61fdd931-59ec-4649-96a8-094713cc287e None None] MFA Rules not processed for user `a9ff54de0d7d47429e60895c2caadfe6`. Rule list: `[]` (Enabled: `True`). {{(pid=67839) check_auth_methods_against_rules /opt/stack/keystone/keystone/auth/core.py:476}}
Apr 21 07:50:17 ubuntu devstack@keystone.service[67839]: DEBUG keystone.common.fernet_utils [None req-61fdd931-59ec-4649-96a8-094713cc287e None None] Loaded 2 Fernet keys from /etc/keystone/fernet-keys/, but `[fernet_tokens] max_active_keys = 3`; perhaps there have not been enough key rotations to reach `max_active_keys` yet? {{(pid=67839) load_keys /opt/stack/keystone/keystone/common/fernet_utils.py:297}}
Apr 21 07:50:17 ubuntu devstack@keystone.service[67840]: DEBUG keystone.server.flask.request_processing.req_logging [None req-e3729e64-74e0-4c7d-b5a9-b761a88e931c None admin] REQUEST_METHOD: `GET` {{(pid=67840) log_request_info /opt/stack/keystone/keystone/server/flask/request_processing/req_logging.py:26}}
Apr 21 07:50:17 ubuntu devstack@keystone.service[67840]: DEBUG keystone.server.flask.request_processing.req_logging [None req-e3729e64-74e0-4c7d-b5a9-b761a88e931c None admin] SCRIPT_NAME: `/identity` {{(pid=67840) log_request_info /opt/stack/keystone/keystone/server/flask/request_processing/req_logging.py:27}}
Apr 21 07:50:17 ubuntu devstack@keystone.service[67840]: DEBUG keystone.server.flask.request_processing.req_logging [None req-e3729e64-74e0-4c7d-b5a9-b761a88e931c None admin] PATH_INFO: `/v3/users/a9ff54de0d7d47429e60895c2caadfe6` {{(pid=67840) log_request_info /opt/stack/keystone/keystone/server/flask/request_processing/req_logging.py:28}}
Apr 21 07:50:17 ubuntu devstack@keystone.service[67840]: DEBUG keystone.common.rbac_enforcer.enforcer [None req-e3729e64-74e0-4c7d-b5a9-b761a88e931c None admin] RBAC: Authorizing `identity:get_user(user_id=a9ff54de0d7d47429e60895c2caadfe6)` {{(pid=67840) enforce_call /opt/stack/keystone/keystone/common/rbac_enforcer/enforcer.py:494}}
Apr 21 07:50:17 ubuntu devstack@keystone.service[67840]: DEBUG keystone.common.rbac_enforcer.enforcer [None req-e3729e64-74e0-4c7d-b5a9-b761a88e931c None admin] RBAC: Authorization granted {{(pid=67840) enforce_call /opt/stack/keystone/keystone/common/rbac_enforcer/enforcer.py:505}}
Apr 21 07:50:17 ubuntu devstack@keystone.service[67840]: [pid: 67840|app: 0|req: 18/35] 10.120.125.143 () {58 vars in 1245 bytes} [Tue Apr 21 07:50:16 2026] GET /identity/v3/users/a9ff54de0d7d47429e60895c2caadfe6 => generated 248 bytes in 63 msecs (HTTP/1.1 200) 5 headers in 177 bytes (1 switches on core 0)
Apr 21 07:50:17 ubuntu devstack@keystone.service[67840]: DEBUG keystone.server.flask.request_processing.middleware.auth_context [None req-e3729e64-74e0-4c7d-b5a9-b761a88e931c None admin] Authenticating user token {{(pid=67840) process_request /opt/stack/data/venv/lib/python3.12/site-packages/keystonemiddleware/auth_token/__init__.py:407}}
Apr 21 07:50:17 ubuntu devstack@keystone.service[67839]: [pid: 67839|app: 0|req: 18/36] 10.120.125.143 () {60 vars in 1048 bytes} [Tue Apr 21 07:50:16 2026] POST /identity/v3/auth/tokens => generated 863 bytes in 63 msecs (HTTP/1.1 201) 6 headers in 363 bytes (1 switches on core 0)
Apr 21 07:50:17 ubuntu devstack@keystone.service[67839]: DEBUG keystone.server.flask.request_processing.middleware.auth_context [None req-61fdd931-59ec-4649-96a8-094713cc287e None None] Authenticating user token {{(pid=67839) process_request /opt/stack/data/venv/lib/python3.12/site-packages/keystonemiddleware/auth_token/__init__.py:407}}
Apr 21 07:50:17 ubuntu devstack@keystone.service[67840]: DEBUG keystone.server.flask.request_processing.middleware.auth_context [None req-e3729e64-74e0-4c7d-b5a9-b761a88e931c None admin] Validating token access rules against request {{(pid=67840) validate_allowed_request /opt/stack/data/venv/lib/python3.12/site-packages/keystonemiddleware/auth_token/__init__.py:545}}
Apr 21 07:50:17 ubuntu devstack@keystone.service[67840]: DEBUG keystone.server.flask.request_processing.middleware.auth_context [None req-9a1178e3-e132-4d15-b466-78821449679c None admin] RBAC: auth_context: {'token': <TokenModel (audit_id=417FFoW8T0GVAznVS8d-3Q, audit_chain_id=['417FFoW8T0GVAznVS8d-3Q']) at 0x7aec5f875220>, 'domain_id': None, 'trust_id': None, 'trustor_id': None, 'trustee_id': None, 'domain_name': None, 'group_ids': [], 'user_id': 'a9ff54de0d7d47429e60895c2caadfe6', 'user_domain_id': 'default', 'system_scope': 'all', 'project_id': None, 'project_domain_id': None, 'roles': ['admin', 'manager', 'member', 'reader'], 'is_admin_project': True, 'service_user_id': None, 'service_user_domain_id': None, 'service_project_id': None, 'service_project_domain_id': None, 'service_roles': []} {{(pid=67840) fill_context /opt/stack/keystone/keystone/server/flask/request_processing/middleware/auth_context.py:509}}
Apr 21 07:50:17 ubuntu devstack@keystone.service[67840]: DEBUG keystone.server.flask.request_processing.req_logging [None req-9a1178e3-e132-4d15-b466-78821449679c None admin] REQUEST_METHOD: `POST` {{(pid=67840) log_request_info /opt/stack/keystone/keystone/server/flask/request_processing/req_logging.py:26}}
Apr 21 07:50:17 ubuntu devstack@keystone.service[67840]: DEBUG keystone.server.flask.request_processing.req_logging [None req-9a1178e3-e132-4d15-b466-78821449679c None admin] SCRIPT_NAME: `/identity` {{(pid=67840) log_request_info /opt/stack/keystone/keystone/server/flask/request_processing/req_logging.py:27}}
Apr 21 07:50:17 ubuntu devstack@keystone.service[67840]: DEBUG keystone.server.flask.request_processing.req_logging [None req-9a1178e3-e132-4d15-b466-78821449679c None admin] PATH_INFO: `/v3/roles` {{(pid=67840) log_request_info /opt/stack/keystone/keystone/server/flask/request_processing/req_logging.py:28}}
Apr 21 07:50:17 ubuntu devstack@keystone.service[67840]: DEBUG keystone.common.rbac_enforcer.enforcer [None req-9a1178e3-e132-4d15-b466-78821449679c None admin] RBAC: Authorizing `identity:create_role()` {{(pid=67840) enforce_call /opt/stack/keystone/keystone/common/rbac_enforcer/enforcer.py:494}}
Apr 21 07:50:17 ubuntu devstack@keystone.service[67840]: DEBUG keystone.common.rbac_enforcer.enforcer [None req-9a1178e3-e132-4d15-b466-78821449679c None admin] RBAC: Authorization granted {{(pid=67840) enforce_call /opt/stack/keystone/keystone/common/rbac_enforcer/enforcer.py:505}}
Apr 21 07:50:17 ubuntu devstack@keystone.service[67840]: DEBUG keystone.common.sql.core [None req-9a1178e3-e132-4d15-b466-78821449679c None admin] Conflict role: (pymysql.err.IntegrityError) (1062, "Duplicate entry 'service-<<null>>' for key 'role.ixu_role_name_domain_id'")
Apr 21 07:50:17 ubuntu devstack@keystone.service[67840]: [SQL: INSERT INTO `role` (id, name, description, extra) VALUES (%(id)s, %(name)s, %(description)s, %(extra)s)]
Apr 21 07:50:17 ubuntu devstack@keystone.service[67840]: [parameters: {'id': '3b0285c56a6e49d29f3cf6382715f641', 'name': 'service', 'description': None, 'extra': '{}'}]
Apr 21 07:50:17 ubuntu devstack@keystone.service[67840]: (Background on this error at: https://sqlalche.me/e/20/gkpj) {{(pid=67840) wrapper /opt/stack/keystone/keystone/common/sql/core.py:580}}
Apr 21 07:50:17 ubuntu devstack@keystone.service[67839]: DEBUG keystone.server.flask.request_processing.middleware.auth_context [None req-61fdd931-59ec-4649-96a8-094713cc287e None None] Validating token access rules against request {{(pid=67839) validate_allowed_request /opt/stack/data/venv/lib/python3.12/site-packages/keystonemiddleware/auth_token/__init__.py:545}}
Apr 21 07:50:17 ubuntu devstack@keystone.service[67839]: DEBUG keystone.server.flask.request_processing.middleware.auth_context [None req-407e4a51-fd68-4187-88e2-4b3e5807ed87 None admin] RBAC: auth_context: {'token': <TokenModel (audit_id=IUTY1NO7S2S6bsYOr7IMdA, audit_chain_id=['IUTY1NO7S2S6bsYOr7IMdA']) at 0x7aec5f783230>, 'domain_id': None, 'trust_id': None, 'trustor_id': None, 'trustee_id': None, 'domain_name': None, 'group_ids': [], 'user_id': 'a9ff54de0d7d47429e60895c2caadfe6', 'user_domain_id': 'default', 'system_scope': 'all', 'project_id': None, 'project_domain_id': None, 'roles': ['admin', 'manager', 'member', 'reader'], 'is_admin_project': True, 'service_user_id': None, 'service_user_domain_id': None, 'service_project_id': None, 'service_project_domain_id': None, 'service_roles': []} {{(pid=67839) fill_context /opt/stack/keystone/keystone/server/flask/request_processing/middleware/auth_context.py:509}}
Apr 21 07:50:17 ubuntu devstack@keystone.service[67839]: DEBUG keystone.server.flask.request_processing.req_logging [None req-407e4a51-fd68-4187-88e2-4b3e5807ed87 None admin] REQUEST_METHOD: `GET` {{(pid=67839) log_request_info /opt/stack/keystone/keystone/server/flask/request_processing/req_logging.py:26}}
Apr 21 07:50:17 ubuntu devstack@keystone.service[67840]: ERROR keystone.server.flask.application [None req-9a1178e3-e132-4d15-b466-78821449679c None admin] Conflict occurred attempting to store role - Duplicate entry found with name service.: keystone.exception.Conflict: Conflict occurred attempting to store role - Duplicate entry found with name service.
Apr 21 07:50:17 ubuntu devstack@keystone.service[67840]: ERROR keystone.server.flask.application Traceback (most recent call last):
Apr 21 07:50:17 ubuntu devstack@keystone.service[67840]: ERROR keystone.server.flask.application   File "/opt/stack/data/venv/lib/python3.12/site-packages/sqlalchemy/engine/base.py", line 1967, in _exec_single_context
Apr 21 07:50:17 ubuntu devstack@keystone.service[67840]: ERROR keystone.server.flask.application     self.dialect.do_execute(
Apr 21 07:50:17 ubuntu devstack@keystone.service[67840]: ERROR keystone.server.flask.application   File "/opt/stack/data/venv/lib/python3.12/site-packages/sqlalchemy/engine/default.py", line 952, in do_execute
Apr 21 07:50:17 ubuntu devstack@keystone.service[67840]: ERROR keystone.server.flask.application     cursor.execute(statement, parameters)
Apr 21 07:50:17 ubuntu devstack@keystone.service[67840]: ERROR keystone.server.flask.application   File "/opt/stack/data/venv/lib/python3.12/site-packages/pymysql/cursors.py", line 153, in execute
Apr 21 07:50:17 ubuntu devstack@keystone.service[67840]: ERROR keystone.server.flask.application     result = self._query(query)
Apr 21 07:50:17 ubuntu devstack@keystone.service[67840]: ERROR keystone.server.flask.application              ^^^^^^^^^^^^^^^^^^
Apr 21 07:50:17 ubuntu devstack@keystone.service[67840]: ERROR keystone.server.flask.application   File "/opt/stack/data/venv/lib/python3.12/site-packages/pymysql/cursors.py", line 322, in _query
Apr 21 07:50:17 ubuntu devstack@keystone.service[67840]: ERROR keystone.server.flask.application     conn.query(q)
Apr 21 07:50:17 ubuntu devstack@keystone.service[67840]: ERROR keystone.server.flask.application   File "/opt/stack/data/venv/lib/python3.12/site-packages/pymysql/connections.py", line 575, in query
Apr 21 07:50:17 ubuntu devstack@keystone.service[67840]: ERROR keystone.server.flask.application     self._affected_rows = self._read_query_result(unbuffered=unbuffered)
Apr 21 07:50:17 ubuntu devstack@keystone.service[67840]: ERROR keystone.server.flask.application                           ^^^^^^^^^^^^^^^^^^^^^^^^^^^^^^^^^^^^^^^^^^^^^^
Apr 21 07:50:17 ubuntu devstack@keystone.service[67840]: ERROR keystone.server.flask.application   File "/opt/stack/data/venv/lib/python3.12/site-packages/pymysql/connections.py", line 826, in _read_query_result
Apr 21 07:50:17 ubuntu devstack@keystone.service[67840]: ERROR keystone.server.flask.application     result.read()
Apr 21 07:50:17 ubuntu devstack@keystone.service[67840]: ERROR keystone.server.flask.application   File "/opt/stack/data/venv/lib/python3.12/site-packages/pymysql/connections.py", line 1203, in read
Apr 21 07:50:17 ubuntu devstack@keystone.service[67840]: ERROR keystone.server.flask.application     first_packet = self.connection._read_packet()
Apr 21 07:50:17 ubuntu devstack@keystone.service[67840]: ERROR keystone.server.flask.application                    ^^^^^^^^^^^^^^^^^^^^^^^^^^^^^^
Apr 21 07:50:17 ubuntu devstack@keystone.service[67840]: ERROR keystone.server.flask.application   File "/opt/stack/data/venv/lib/python3.12/site-packages/pymysql/connections.py", line 782, in _read_packet
Apr 21 07:50:17 ubuntu devstack@keystone.service[67840]: ERROR keystone.server.flask.application     packet.raise_for_error()
Apr 21 07:50:17 ubuntu devstack@keystone.service[67840]: ERROR keystone.server.flask.application   File "/opt/stack/data/venv/lib/python3.12/site-packages/pymysql/protocol.py", line 219, in raise_for_error
Apr 21 07:50:17 ubuntu devstack@keystone.service[67840]: ERROR keystone.server.flask.application     err.raise_mysql_exception(self._data)
Apr 21 07:50:17 ubuntu devstack@keystone.service[67840]: ERROR keystone.server.flask.application   File "/opt/stack/data/venv/lib/python3.12/site-packages/pymysql/err.py", line 150, in raise_mysql_exception
Apr 21 07:50:17 ubuntu devstack@keystone.service[67840]: ERROR keystone.server.flask.application     raise errorclass(errno, errval)
Apr 21 07:50:17 ubuntu devstack@keystone.service[67840]: ERROR keystone.server.flask.application pymysql.err.IntegrityError: (1062, "Duplicate entry 'service-<<null>>' for key 'role.ixu_role_name_domain_id'")
Apr 21 07:50:17 ubuntu devstack@keystone.service[67840]: ERROR keystone.server.flask.application 
Apr 21 07:50:17 ubuntu devstack@keystone.service[67840]: ERROR keystone.server.flask.application The above exception was the direct cause of the following exception:
Apr 21 07:50:17 ubuntu devstack@keystone.service[67840]: ERROR keystone.server.flask.application 
Apr 21 07:50:17 ubuntu devstack@keystone.service[67840]: ERROR keystone.server.flask.application Traceback (most recent call last):
Apr 21 07:50:17 ubuntu devstack@keystone.service[67840]: ERROR keystone.server.flask.application   File "/opt/stack/keystone/keystone/common/sql/core.py", line 575, in wrapper
Apr 21 07:50:17 ubuntu devstack@keystone.service[67840]: ERROR keystone.server.flask.application     return method(*args, **kwargs)
Apr 21 07:50:17 ubuntu devstack@keystone.service[67840]: ERROR keystone.server.flask.application            ^^^^^^^^^^^^^^^^^^^^^^^
Apr 21 07:50:17 ubuntu devstack@keystone.service[67840]: ERROR keystone.server.flask.application   File "/opt/stack/keystone/keystone/assignment/role_backends/sql.py", line 25, in create_role
Apr 21 07:50:17 ubuntu devstack@keystone.service[67840]: ERROR keystone.server.flask.application     with sql.session_for_write() as session:
Apr 21 07:50:17 ubuntu devstack@keystone.service[67840]: ERROR keystone.server.flask.application   File "/usr/lib/python3.12/contextlib.py", line 144, in __exit__
Apr 21 07:50:17 ubuntu devstack@keystone.service[67840]: ERROR keystone.server.flask.application     next(self.gen)
Apr 21 07:50:17 ubuntu devstack@keystone.service[67840]: ERROR keystone.server.flask.application   File "/opt/stack/data/venv/lib/python3.12/site-packages/oslo_db/sqlalchemy/enginefacade.py", line 1175, in _transaction_scope
Apr 21 07:50:17 ubuntu devstack@keystone.service[67840]: ERROR keystone.server.flask.application     with current._produce_block(
Apr 21 07:50:17 ubuntu devstack@keystone.service[67840]: ERROR keystone.server.flask.application   File "/usr/lib/python3.12/contextlib.py", line 144, in __exit__
Apr 21 07:50:17 ubuntu devstack@keystone.service[67840]: ERROR keystone.server.flask.application     next(self.gen)
