Sep 16 07:01:50 jammy-provider-cloud-0000007625 systemd[1]: Starting Devstack devstack@g-api.service...
Sep 16 07:01:50 jammy-provider-cloud-0000007625 devstack@g-api.service[106553]: [uWSGI] getting INI configuration from /etc/glance/glance-uwsgi.ini
Sep 16 07:01:50 jammy-provider-cloud-0000007625 devstack@g-api.service[106553]: *** Starting uWSGI 2.0.20-debian (64bit) on [Mon Sep 16 07:01:50 2024] ***
Sep 16 07:01:50 jammy-provider-cloud-0000007625 devstack@g-api.service[106553]: compiled with version: 11.2.0 on 21 March 2022 11:00:44
Sep 16 07:01:50 jammy-provider-cloud-0000007625 devstack@g-api.service[106553]: os: Linux-5.15.0-107-generic #117-Ubuntu SMP Fri Apr 26 12:26:49 UTC 2024
Sep 16 07:01:50 jammy-provider-cloud-0000007625 devstack@g-api.service[106553]: nodename: jammy-provider-cloud-0000007625
Sep 16 07:01:50 jammy-provider-cloud-0000007625 devstack@g-api.service[106553]: machine: x86_64
Sep 16 07:01:50 jammy-provider-cloud-0000007625 devstack@g-api.service[106553]: clock source: unix
Sep 16 07:01:50 jammy-provider-cloud-0000007625 devstack@g-api.service[106553]: pcre jit disabled
Sep 16 07:01:50 jammy-provider-cloud-0000007625 devstack@g-api.service[106553]: detected number of CPU cores: 4
Sep 16 07:01:50 jammy-provider-cloud-0000007625 devstack@g-api.service[106553]: current working directory: /
Sep 16 07:01:50 jammy-provider-cloud-0000007625 devstack@g-api.service[106553]: detected binary path: /usr/bin/uwsgi-core
Sep 16 07:01:50 jammy-provider-cloud-0000007625 devstack@g-api.service[106553]: your processes number limit is 31298
Sep 16 07:01:50 jammy-provider-cloud-0000007625 devstack@g-api.service[106553]: your memory page size is 4096 bytes
Sep 16 07:01:50 jammy-provider-cloud-0000007625 devstack@g-api.service[106553]: detected max file descriptor number: 2048
Sep 16 07:01:50 jammy-provider-cloud-0000007625 devstack@g-api.service[106553]: lock engine: pthread robust mutexes
Sep 16 07:01:50 jammy-provider-cloud-0000007625 devstack@g-api.service[106553]: thunder lock: enabled
Sep 16 07:01:50 jammy-provider-cloud-0000007625 devstack@g-api.service[106553]: uwsgi socket 0 bound to TCP address 127.0.0.1:60999 fd 4
Sep 16 07:01:50 jammy-provider-cloud-0000007625 devstack@g-api.service[106553]: Python version: 3.10.12 (main, Jul 29 2024, 16:56:48) [GCC 11.4.0]
Sep 16 07:01:50 jammy-provider-cloud-0000007625 devstack@g-api.service[106553]: PEP 405 virtualenv detected: /opt/stack/data/venv
Sep 16 07:01:50 jammy-provider-cloud-0000007625 devstack@g-api.service[106553]: Set PythonHome to /opt/stack/data/venv
Sep 16 07:01:50 jammy-provider-cloud-0000007625 devstack@g-api.service[106553]: Python main interpreter initialized at 0x555a3b77fe00
Sep 16 07:01:50 jammy-provider-cloud-0000007625 devstack@g-api.service[106553]: python threads support enabled
Sep 16 07:01:50 jammy-provider-cloud-0000007625 devstack@g-api.service[106553]: your server socket listen backlog is limited to 100 connections
Sep 16 07:01:50 jammy-provider-cloud-0000007625 devstack@g-api.service[106553]: your mercy for graceful operations on workers is 80 seconds
Sep 16 07:01:50 jammy-provider-cloud-0000007625 devstack@g-api.service[106553]: mapped 403077 bytes (393 KB) for 2 cores
Sep 16 07:01:50 jammy-provider-cloud-0000007625 devstack@g-api.service[106553]: *** Operational MODE: preforking ***
Sep 16 07:01:50 jammy-provider-cloud-0000007625 devstack@g-api.service[106553]: *** uWSGI is running in multiple interpreter mode ***
Sep 16 07:01:50 jammy-provider-cloud-0000007625 devstack@g-api.service[106553]: spawned uWSGI master process (pid: 106553)
Sep 16 07:01:50 jammy-provider-cloud-0000007625 systemd[1]: Started Devstack devstack@g-api.service.
Sep 16 07:01:50 jammy-provider-cloud-0000007625 devstack@g-api.service[106553]: spawned uWSGI worker 1 (pid: 106554, cores: 1)
Sep 16 07:01:50 jammy-provider-cloud-0000007625 devstack@g-api.service[106553]: spawned uWSGI worker 2 (pid: 106555, cores: 1)
Sep 16 07:01:50 jammy-provider-cloud-0000007625 devstack@g-api.service[106553]: running "unix_signal:15 gracefully_kill_them_all" (master-start)...
Sep 16 07:01:51 jammy-provider-cloud-0000007625 devstack@g-api.service[106555]: INFO glance.async_ [-] Threadpool model set to 'NativeThreadPoolModel'
Sep 16 07:01:51 jammy-provider-cloud-0000007625 devstack@g-api.service[106554]: INFO glance.async_ [-] Threadpool model set to 'NativeThreadPoolModel'
Sep 16 07:01:51 jammy-provider-cloud-0000007625 devstack@g-api.service[106554]: DEBUG oslo_concurrency.processutils [-] Running cmd (subprocess): grep -F node.session.scan /sbin/iscsiadm {{(pid=106554) execute /opt/stack/data/venv/lib/python3.10/site-packages/oslo_concurrency/processutils.py:390}}
Sep 16 07:01:51 jammy-provider-cloud-0000007625 devstack@g-api.service[106555]: DEBUG oslo_concurrency.processutils [-] Running cmd (subprocess): grep -F node.session.scan /sbin/iscsiadm {{(pid=106555) execute /opt/stack/data/venv/lib/python3.10/site-packages/oslo_concurrency/processutils.py:390}}
Sep 16 07:01:51 jammy-provider-cloud-0000007625 devstack@g-api.service[106554]: DEBUG oslo_concurrency.processutils [-] CMD "grep -F node.session.scan /sbin/iscsiadm" returned: 0 in 0.014s {{(pid=106554) execute /opt/stack/data/venv/lib/python3.10/site-packages/oslo_concurrency/processutils.py:428}}
Sep 16 07:01:51 jammy-provider-cloud-0000007625 devstack@g-api.service[106555]: DEBUG oslo_concurrency.processutils [-] CMD "grep -F node.session.scan /sbin/iscsiadm" returned: 0 in 0.012s {{(pid=106555) execute /opt/stack/data/venv/lib/python3.10/site-packages/oslo_concurrency/processutils.py:428}}
Sep 16 07:01:51 jammy-provider-cloud-0000007625 devstack@g-api.service[106554]: DEBUG glance_store.common.attachment_state_manager [-] Initialising _AttachmentStateManager {{(pid=106554) __init__ /opt/stack/data/venv/lib/python3.10/site-packages/glance_store/common/attachment_state_manager.py:86}}
Sep 16 07:01:51 jammy-provider-cloud-0000007625 devstack@g-api.service[106555]: DEBUG glance_store.common.attachment_state_manager [-] Initialising _AttachmentStateManager {{(pid=106555) __init__ /opt/stack/data/venv/lib/python3.10/site-packages/glance_store/common/attachment_state_manager.py:86}}
Sep 16 07:01:51 jammy-provider-cloud-0000007625 devstack@g-api.service[106554]: DEBUG glance_store.backend [-] Attempting to import store cinder {{(pid=106554) _load_store /opt/stack/data/venv/lib/python3.10/site-packages/glance_store/backend.py:216}}
Sep 16 07:01:51 jammy-provider-cloud-0000007625 devstack@g-api.service[106554]: DEBUG glance_store.backend [-] Attempting to import store file {{(pid=106554) _load_store /opt/stack/data/venv/lib/python3.10/site-packages/glance_store/backend.py:216}}
Sep 16 07:01:51 jammy-provider-cloud-0000007625 devstack@g-api.service[106554]: DEBUG glance_store.backend [-] Attempting to import store glance.store.cinder.Store {{(pid=106554) _load_store /opt/stack/data/venv/lib/python3.10/site-packages/glance_store/backend.py:216}}
Sep 16 07:01:51 jammy-provider-cloud-0000007625 devstack@g-api.service[106554]: DEBUG glance_store.backend [-] Attempting to import store glance.store.filesystem.Store {{(pid=106554) _load_store /opt/stack/data/venv/lib/python3.10/site-packages/glance_store/backend.py:216}}
Sep 16 07:01:51 jammy-provider-cloud-0000007625 devstack@g-api.service[106554]: DEBUG glance_store.backend [-] Attempting to import store glance.store.http.Store {{(pid=106554) _load_store /opt/stack/data/venv/lib/python3.10/site-packages/glance_store/backend.py:216}}
Sep 16 07:01:51 jammy-provider-cloud-0000007625 devstack@g-api.service[106554]: DEBUG glance_store.backend [-] Attempting to import store glance.store.rbd.Store {{(pid=106554) _load_store /opt/stack/data/venv/lib/python3.10/site-packages/glance_store/backend.py:216}}
Sep 16 07:01:51 jammy-provider-cloud-0000007625 devstack@g-api.service[106554]: DEBUG glance_store.backend [-] Attempting to import store glance.store.s3.Store {{(pid=106554) _load_store /opt/stack/data/venv/lib/python3.10/site-packages/glance_store/backend.py:216}}
Sep 16 07:01:51 jammy-provider-cloud-0000007625 devstack@g-api.service[106554]: DEBUG glance_store.backend [-] Attempting to import store glance.store.swift.Store {{(pid=106554) _load_store /opt/stack/data/venv/lib/python3.10/site-packages/glance_store/backend.py:216}}
Sep 16 07:01:51 jammy-provider-cloud-0000007625 devstack@g-api.service[106554]: DEBUG glance_store.backend [-] Attempting to import store glance.store.vmware_datastore.Store {{(pid=106554) _load_store /opt/stack/data/venv/lib/python3.10/site-packages/glance_store/backend.py:216}}
Sep 16 07:01:51 jammy-provider-cloud-0000007625 devstack@g-api.service[106554]: DEBUG glance_store.backend [-] Attempting to import store http {{(pid=106554) _load_store /opt/stack/data/venv/lib/python3.10/site-packages/glance_store/backend.py:216}}
Sep 16 07:01:51 jammy-provider-cloud-0000007625 devstack@g-api.service[106554]: DEBUG glance_store.backend [-] Attempting to import store no_conf {{(pid=106554) _load_store /opt/stack/data/venv/lib/python3.10/site-packages/glance_store/backend.py:216}}
Sep 16 07:01:51 jammy-provider-cloud-0000007625 devstack@g-api.service[106554]: DEBUG glance_store.backend [-] Attempting to import store rbd {{(pid=106554) _load_store /opt/stack/data/venv/lib/python3.10/site-packages/glance_store/backend.py:216}}
Sep 16 07:01:51 jammy-provider-cloud-0000007625 devstack@g-api.service[106554]: DEBUG glance_store.backend [-] Attempting to import store s3 {{(pid=106554) _load_store /opt/stack/data/venv/lib/python3.10/site-packages/glance_store/backend.py:216}}
Sep 16 07:01:51 jammy-provider-cloud-0000007625 devstack@g-api.service[106554]: DEBUG glance_store.backend [-] Attempting to import store swift {{(pid=106554) _load_store /opt/stack/data/venv/lib/python3.10/site-packages/glance_store/backend.py:216}}
Sep 16 07:01:51 jammy-provider-cloud-0000007625 devstack@g-api.service[106554]: DEBUG glance_store.backend [-] Attempting to import store vmware {{(pid=106554) _load_store /opt/stack/data/venv/lib/python3.10/site-packages/glance_store/backend.py:216}}
Sep 16 07:01:51 jammy-provider-cloud-0000007625 devstack@g-api.service[106554]: DEBUG glance_store.backend [-] Registering options for group glance_store {{(pid=106554) register_opts /opt/stack/data/venv/lib/python3.10/site-packages/glance_store/backend.py:145}}
Sep 16 07:01:51 jammy-provider-cloud-0000007625 devstack@g-api.service[106554]: DEBUG glance_store.backend [-] Registering options for group glance_store {{(pid=106554) register_opts /opt/stack/data/venv/lib/python3.10/site-packages/glance_store/backend.py:145}}
Sep 16 07:01:51 jammy-provider-cloud-0000007625 devstack@g-api.service[106554]: DEBUG glance_store.backend [-] Attempting to import store http {{(pid=106554) _load_store /opt/stack/data/venv/lib/python3.10/site-packages/glance_store/backend.py:216}}
Sep 16 07:01:51 jammy-provider-cloud-0000007625 devstack@g-api.service[106554]: DEBUG glance_store.capabilities [-] Store glance_store._drivers.http.Store doesn't support updating dynamic storage capabilities. Please overwrite 'update_capabilities' method of the store to implement updating logics if needed. {{(pid=106554) update_capabilities /opt/stack/data/venv/lib/python3.10/site-packages/glance_store/capabilities.py:91}}
Sep 16 07:01:51 jammy-provider-cloud-0000007625 devstack@g-api.service[106554]: DEBUG glance_store.backend [-] Registering store http with schemes ('http', 'https') {{(pid=106554) create_stores /opt/stack/data/venv/lib/python3.10/site-packages/glance_store/backend.py:262}}
Sep 16 07:01:51 jammy-provider-cloud-0000007625 devstack@g-api.service[106554]: DEBUG glance_store.driver [-] Late loading location class glance_store._drivers.http.StoreLocation {{(pid=106554) get_store_location_class /opt/stack/data/venv/lib/python3.10/site-packages/glance_store/driver.py:133}}
Sep 16 07:01:51 jammy-provider-cloud-0000007625 devstack@g-api.service[106554]: DEBUG glance_store.location [-] Registering scheme http with {'store': <glance_store._drivers.http.Store object at 0x7f68d694cca0>, 'location_class': <class 'glance_store._drivers.http.StoreLocation'>, 'store_entry': 'http'} {{(pid=106554) register_scheme_map /opt/stack/data/venv/lib/python3.10/site-packages/glance_store/location.py:146}}
Sep 16 07:01:51 jammy-provider-cloud-0000007625 devstack@g-api.service[106554]: DEBUG glance_store.location [-] Registering scheme https with {'store': <glance_store._drivers.http.Store object at 0x7f68d694cca0>, 'location_class': <class 'glance_store._drivers.http.StoreLocation'>, 'store_entry': 'http'} {{(pid=106554) register_scheme_map /opt/stack/data/venv/lib/python3.10/site-packages/glance_store/location.py:146}}
Sep 16 07:01:51 jammy-provider-cloud-0000007625 devstack@g-api.service[106554]: DEBUG glance_store.backend [-] Attempting to import store file {{(pid=106554) _load_store /opt/stack/data/venv/lib/python3.10/site-packages/glance_store/backend.py:216}}
Sep 16 07:01:51 jammy-provider-cloud-0000007625 devstack@g-api.service[106554]: DEBUG glance_store.capabilities [-] Store glance_store._drivers.filesystem.Store doesn't support updating dynamic storage capabilities. Please overwrite 'update_capabilities' method of the store to implement updating logics if needed. {{(pid=106554) update_capabilities /opt/stack/data/venv/lib/python3.10/site-packages/glance_store/capabilities.py:91}}
Sep 16 07:01:51 jammy-provider-cloud-0000007625 devstack@g-api.service[106554]: DEBUG glance_store.backend [-] Registering store file with schemes ('file', 'filesystem') {{(pid=106554) create_stores /opt/stack/data/venv/lib/python3.10/site-packages/glance_store/backend.py:262}}
Sep 16 07:01:51 jammy-provider-cloud-0000007625 devstack@g-api.service[106554]: DEBUG glance_store.driver [-] Late loading location class glance_store._drivers.filesystem.StoreLocation {{(pid=106554) get_store_location_class /opt/stack/data/venv/lib/python3.10/site-packages/glance_store/driver.py:133}}
Sep 16 07:01:51 jammy-provider-cloud-0000007625 devstack@g-api.service[106554]: DEBUG glance_store.location [-] Registering scheme file with {'store': <glance_store._drivers.filesystem.Store object at 0x7f68d694e200>, 'location_class': <class 'glance_store._drivers.filesystem.StoreLocation'>, 'store_entry': 'file'} {{(pid=106554) register_scheme_map /opt/stack/data/venv/lib/python3.10/site-packages/glance_store/location.py:146}}
Sep 16 07:01:51 jammy-provider-cloud-0000007625 devstack@g-api.service[106554]: DEBUG glance_store.location [-] Registering scheme filesystem with {'store': <glance_store._drivers.filesystem.Store object at 0x7f68d694e200>, 'location_class': <class 'glance_store._drivers.filesystem.StoreLocation'>, 'store_entry': 'file'} {{(pid=106554) register_scheme_map /opt/stack/data/venv/lib/python3.10/site-packages/glance_store/location.py:146}}
Sep 16 07:01:51 jammy-provider-cloud-0000007625 devstack@g-api.service[106554]: DEBUG glance.sqlite_migration [-] SQLite caching database not located, skipping migration {{(pid=106554) get_db_path /opt/stack/glance/glance/sqlite_migration.py:68}}
Sep 16 07:01:51 jammy-provider-cloud-0000007625 devstack@g-api.service[106554]: WARNING glance.common.wsgi_app [-] Import methods are enabled but staging directory /tmp/staging/ does not exist; Imports will fail!
Sep 16 07:01:51 jammy-provider-cloud-0000007625 devstack@g-api.service[106555]: DEBUG glance_store.backend [-] Attempting to import store cinder {{(pid=106555) _load_store /opt/stack/data/venv/lib/python3.10/site-packages/glance_store/backend.py:216}}
Sep 16 07:01:51 jammy-provider-cloud-0000007625 devstack@g-api.service[106555]: DEBUG glance_store.backend [-] Attempting to import store file {{(pid=106555) _load_store /opt/stack/data/venv/lib/python3.10/site-packages/glance_store/backend.py:216}}
Sep 16 07:01:51 jammy-provider-cloud-0000007625 devstack@g-api.service[106555]: DEBUG glance_store.backend [-] Attempting to import store glance.store.cinder.Store {{(pid=106555) _load_store /opt/stack/data/venv/lib/python3.10/site-packages/glance_store/backend.py:216}}
Sep 16 07:01:51 jammy-provider-cloud-0000007625 devstack@g-api.service[106555]: DEBUG glance_store.backend [-] Attempting to import store glance.store.filesystem.Store {{(pid=106555) _load_store /opt/stack/data/venv/lib/python3.10/site-packages/glance_store/backend.py:216}}
Sep 16 07:01:51 jammy-provider-cloud-0000007625 devstack@g-api.service[106555]: DEBUG glance_store.backend [-] Attempting to import store glance.store.http.Store {{(pid=106555) _load_store /opt/stack/data/venv/lib/python3.10/site-packages/glance_store/backend.py:216}}
Sep 16 07:01:51 jammy-provider-cloud-0000007625 devstack@g-api.service[106555]: DEBUG glance_store.backend [-] Attempting to import store glance.store.rbd.Store {{(pid=106555) _load_store /opt/stack/data/venv/lib/python3.10/site-packages/glance_store/backend.py:216}}
Sep 16 07:01:51 jammy-provider-cloud-0000007625 devstack@g-api.service[106555]: DEBUG glance_store.backend [-] Attempting to import store glance.store.s3.Store {{(pid=106555) _load_store /opt/stack/data/venv/lib/python3.10/site-packages/glance_store/backend.py:216}}
Sep 16 07:01:51 jammy-provider-cloud-0000007625 devstack@g-api.service[106555]: DEBUG glance_store.backend [-] Attempting to import store glance.store.swift.Store {{(pid=106555) _load_store /opt/stack/data/venv/lib/python3.10/site-packages/glance_store/backend.py:216}}
Sep 16 07:01:51 jammy-provider-cloud-0000007625 devstack@g-api.service[106555]: DEBUG glance_store.backend [-] Attempting to import store glance.store.vmware_datastore.Store {{(pid=106555) _load_store /opt/stack/data/venv/lib/python3.10/site-packages/glance_store/backend.py:216}}
Sep 16 07:01:51 jammy-provider-cloud-0000007625 devstack@g-api.service[106555]: DEBUG glance_store.backend [-] Attempting to import store http {{(pid=106555) _load_store /opt/stack/data/venv/lib/python3.10/site-packages/glance_store/backend.py:216}}
Sep 16 07:01:51 jammy-provider-cloud-0000007625 devstack@g-api.service[106555]: DEBUG glance_store.backend [-] Attempting to import store no_conf {{(pid=106555) _load_store /opt/stack/data/venv/lib/python3.10/site-packages/glance_store/backend.py:216}}
Sep 16 07:01:51 jammy-provider-cloud-0000007625 devstack@g-api.service[106555]: DEBUG glance_store.backend [-] Attempting to import store rbd {{(pid=106555) _load_store /opt/stack/data/venv/lib/python3.10/site-packages/glance_store/backend.py:216}}
Sep 16 07:01:51 jammy-provider-cloud-0000007625 devstack@g-api.service[106555]: DEBUG glance_store.backend [-] Attempting to import store s3 {{(pid=106555) _load_store /opt/stack/data/venv/lib/python3.10/site-packages/glance_store/backend.py:216}}
Sep 16 07:01:51 jammy-provider-cloud-0000007625 devstack@g-api.service[106555]: DEBUG glance_store.backend [-] Attempting to import store swift {{(pid=106555) _load_store /opt/stack/data/venv/lib/python3.10/site-packages/glance_store/backend.py:216}}
Sep 16 07:01:51 jammy-provider-cloud-0000007625 devstack@g-api.service[106555]: DEBUG glance_store.backend [-] Attempting to import store vmware {{(pid=106555) _load_store /opt/stack/data/venv/lib/python3.10/site-packages/glance_store/backend.py:216}}
Sep 16 07:01:51 jammy-provider-cloud-0000007625 devstack@g-api.service[106555]: DEBUG glance_store.backend [-] Registering options for group glance_store {{(pid=106555) register_opts /opt/stack/data/venv/lib/python3.10/site-packages/glance_store/backend.py:145}}
Sep 16 07:01:51 jammy-provider-cloud-0000007625 devstack@g-api.service[106555]: DEBUG glance_store.backend [-] Registering options for group glance_store {{(pid=106555) register_opts /opt/stack/data/venv/lib/python3.10/site-packages/glance_store/backend.py:145}}
Sep 16 07:01:51 jammy-provider-cloud-0000007625 devstack@g-api.service[106555]: DEBUG glance_store.backend [-] Attempting to import store http {{(pid=106555) _load_store /opt/stack/data/venv/lib/python3.10/site-packages/glance_store/backend.py:216}}
Sep 16 07:01:51 jammy-provider-cloud-0000007625 devstack@g-api.service[106555]: DEBUG glance_store.capabilities [-] Store glance_store._drivers.http.Store doesn't support updating dynamic storage capabilities. Please overwrite 'update_capabilities' method of the store to implement updating logics if needed. {{(pid=106555) update_capabilities /opt/stack/data/venv/lib/python3.10/site-packages/glance_store/capabilities.py:91}}
Sep 16 07:01:51 jammy-provider-cloud-0000007625 devstack@g-api.service[106555]: DEBUG glance_store.backend [-] Registering store http with schemes ('http', 'https') {{(pid=106555) create_stores /opt/stack/data/venv/lib/python3.10/site-packages/glance_store/backend.py:262}}
Sep 16 07:01:51 jammy-provider-cloud-0000007625 devstack@g-api.service[106555]: DEBUG glance_store.driver [-] Late loading location class glance_store._drivers.http.StoreLocation {{(pid=106555) get_store_location_class /opt/stack/data/venv/lib/python3.10/site-packages/glance_store/driver.py:133}}
Sep 16 07:01:51 jammy-provider-cloud-0000007625 devstack@g-api.service[106555]: DEBUG glance_store.location [-] Registering scheme http with {'store': <glance_store._drivers.http.Store object at 0x7f68d694cca0>, 'location_class': <class 'glance_store._drivers.http.StoreLocation'>, 'store_entry': 'http'} {{(pid=106555) register_scheme_map /opt/stack/data/venv/lib/python3.10/site-packages/glance_store/location.py:146}}
Sep 16 07:01:51 jammy-provider-cloud-0000007625 devstack@g-api.service[106555]: DEBUG glance_store.location [-] Registering scheme https with {'store': <glance_store._drivers.http.Store object at 0x7f68d694cca0>, 'location_class': <class 'glance_store._drivers.http.StoreLocation'>, 'store_entry': 'http'} {{(pid=106555) register_scheme_map /opt/stack/data/venv/lib/python3.10/site-packages/glance_store/location.py:146}}
Sep 16 07:01:51 jammy-provider-cloud-0000007625 devstack@g-api.service[106555]: DEBUG glance_store.backend [-] Attempting to import store file {{(pid=106555) _load_store /opt/stack/data/venv/lib/python3.10/site-packages/glance_store/backend.py:216}}
Sep 16 07:01:51 jammy-provider-cloud-0000007625 devstack@g-api.service[106555]: DEBUG glance_store.capabilities [-] Store glance_store._drivers.filesystem.Store doesn't support updating dynamic storage capabilities. Please overwrite 'update_capabilities' method of the store to implement updating logics if needed. {{(pid=106555) update_capabilities /opt/stack/data/venv/lib/python3.10/site-packages/glance_store/capabilities.py:91}}
Sep 16 07:01:51 jammy-provider-cloud-0000007625 devstack@g-api.service[106555]: DEBUG glance_store.backend [-] Registering store file with schemes ('file', 'filesystem') {{(pid=106555) create_stores /opt/stack/data/venv/lib/python3.10/site-packages/glance_store/backend.py:262}}
Sep 16 07:01:51 jammy-provider-cloud-0000007625 devstack@g-api.service[106555]: DEBUG glance_store.driver [-] Late loading location class glance_store._drivers.filesystem.StoreLocation {{(pid=106555) get_store_location_class /opt/stack/data/venv/lib/python3.10/site-packages/glance_store/driver.py:133}}
Sep 16 07:01:51 jammy-provider-cloud-0000007625 devstack@g-api.service[106555]: DEBUG glance_store.location [-] Registering scheme file with {'store': <glance_store._drivers.filesystem.Store object at 0x7f68d694e200>, 'location_class': <class 'glance_store._drivers.filesystem.StoreLocation'>, 'store_entry': 'file'} {{(pid=106555) register_scheme_map /opt/stack/data/venv/lib/python3.10/site-packages/glance_store/location.py:146}}
Sep 16 07:01:51 jammy-provider-cloud-0000007625 devstack@g-api.service[106555]: DEBUG glance_store.location [-] Registering scheme filesystem with {'store': <glance_store._drivers.filesystem.Store object at 0x7f68d694e200>, 'location_class': <class 'glance_store._drivers.filesystem.StoreLocation'>, 'store_entry': 'file'} {{(pid=106555) register_scheme_map /opt/stack/data/venv/lib/python3.10/site-packages/glance_store/location.py:146}}
Sep 16 07:01:51 jammy-provider-cloud-0000007625 devstack@g-api.service[106555]: DEBUG glance.sqlite_migration [-] SQLite caching database not located, skipping migration {{(pid=106555) get_db_path /opt/stack/glance/glance/sqlite_migration.py:68}}
Sep 16 07:01:51 jammy-provider-cloud-0000007625 devstack@g-api.service[106555]: WARNING glance.common.wsgi_app [-] Import methods are enabled but staging directory /tmp/staging/ does not exist; Imports will fail!
Sep 16 07:01:52 jammy-provider-cloud-0000007625 devstack@g-api.service[106554]: DEBUG glance.common.config [None req-7cdaffb5-bd3c-4fca-9b21-effe324f9894 None None] Loading glance-api-keystone+cachemanagement from /etc/glance/glance-api-paste.ini {{(pid=106554) load_paste_app /opt/stack/glance/glance/common/config.py:726}}
Sep 16 07:01:52 jammy-provider-cloud-0000007625 devstack@g-api.service[106555]: DEBUG glance.common.config [None req-2ab480fc-a685-4529-ad56-81293e341f09 None None] Loading glance-api-keystone+cachemanagement from /etc/glance/glance-api-paste.ini {{(pid=106555) load_paste_app /opt/stack/glance/glance/common/config.py:726}}
Sep 16 07:01:52 jammy-provider-cloud-0000007625 devstack@g-api.service[106554]: INFO glance.image_cache [None req-7cdaffb5-bd3c-4fca-9b21-effe324f9894 None None] Image cache loaded driver 'centralized_db'.
Sep 16 07:01:52 jammy-provider-cloud-0000007625 devstack@g-api.service[106555]: INFO glance.image_cache [None req-2ab480fc-a685-4529-ad56-81293e341f09 None None] Image cache loaded driver 'centralized_db'.
Sep 16 07:01:52 jammy-provider-cloud-0000007625 devstack@g-api.service[106554]: INFO dbcounter [None req-7cdaffb5-bd3c-4fca-9b21-effe324f9894 None None] Registered counter for database glance
Sep 16 07:01:52 jammy-provider-cloud-0000007625 devstack@g-api.service[106554]: DEBUG oslo_db.sqlalchemy.engines [None req-7cdaffb5-bd3c-4fca-9b21-effe324f9894 None None] MySQL server mode set to STRICT_TRANS_TABLES,STRICT_ALL_TABLES,NO_ZERO_IN_DATE,NO_ZERO_DATE,ERROR_FOR_DIVISION_BY_ZERO,TRADITIONAL,NO_ENGINE_SUBSTITUTION {{(pid=106554) _check_effective_sql_mode /opt/stack/data/venv/lib/python3.10/site-packages/oslo_db/sqlalchemy/engines.py:342}}
Sep 16 07:01:52 jammy-provider-cloud-0000007625 devstack@g-api.service[106555]: INFO dbcounter [None req-2ab480fc-a685-4529-ad56-81293e341f09 None None] Registered counter for database glance
Sep 16 07:01:52 jammy-provider-cloud-0000007625 devstack@g-api.service[106555]: DEBUG oslo_db.sqlalchemy.engines [None req-2ab480fc-a685-4529-ad56-81293e341f09 None None] MySQL server mode set to STRICT_TRANS_TABLES,STRICT_ALL_TABLES,NO_ZERO_IN_DATE,NO_ZERO_DATE,ERROR_FOR_DIVISION_BY_ZERO,TRADITIONAL,NO_ENGINE_SUBSTITUTION {{(pid=106555) _check_effective_sql_mode /opt/stack/data/venv/lib/python3.10/site-packages/oslo_db/sqlalchemy/engines.py:342}}
Sep 16 07:01:52 jammy-provider-cloud-0000007625 devstack@g-api.service[106554]: DEBUG dbcounter [-] [106554] Writer thread running {{(pid=106554) stat_writer /opt/stack/data/venv/lib/python3.10/site-packages/dbcounter.py:102}}
Sep 16 07:01:52 jammy-provider-cloud-0000007625 devstack@g-api.service[106554]: INFO glance.image_cache [None req-7cdaffb5-bd3c-4fca-9b21-effe324f9894 None None] Image cache loaded driver 'centralized_db'.
Sep 16 07:01:52 jammy-provider-cloud-0000007625 devstack@g-api.service[106554]: DEBUG glance.image_cache.drivers.centralized_db [None req-7cdaffb5-bd3c-4fca-9b21-effe324f9894 None None] Node reference is already recorded, ignoring it {{(pid=106554) configure /opt/stack/glance/glance/image_cache/drivers/centralized_db.py:71}}
Sep 16 07:01:52 jammy-provider-cloud-0000007625 devstack@g-api.service[106555]: DEBUG dbcounter [-] [106555] Writer thread running {{(pid=106555) stat_writer /opt/stack/data/venv/lib/python3.10/site-packages/dbcounter.py:102}}
Sep 16 07:01:52 jammy-provider-cloud-0000007625 devstack@g-api.service[106555]: DEBUG glance.image_cache.drivers.centralized_db [None req-2ab480fc-a685-4529-ad56-81293e341f09 None None] Node reference is already recorded, ignoring it {{(pid=106555) configure /opt/stack/glance/glance/image_cache/drivers/centralized_db.py:71}}
Sep 16 07:01:52 jammy-provider-cloud-0000007625 devstack@g-api.service[106554]: DEBUG glance.api.v2.cached_images [None req-7cdaffb5-bd3c-4fca-9b21-effe324f9894 None None] Started cache worker thread {{(pid=106554) __init__ /opt/stack/glance/glance/api/v2/cached_images.py:69}}
Sep 16 07:01:52 jammy-provider-cloud-0000007625 devstack@g-api.service[106554]: INFO glance.image_cache [None req-7cdaffb5-bd3c-4fca-9b21-effe324f9894 None None] Image cache loaded driver 'centralized_db'.
Sep 16 07:01:52 jammy-provider-cloud-0000007625 devstack@g-api.service[106555]: INFO glance.image_cache [None req-2ab480fc-a685-4529-ad56-81293e341f09 None None] Image cache loaded driver 'centralized_db'.
Sep 16 07:01:52 jammy-provider-cloud-0000007625 devstack@g-api.service[106554]: DEBUG glance.image_cache.drivers.centralized_db [None req-7cdaffb5-bd3c-4fca-9b21-effe324f9894 None None] Node reference is already recorded, ignoring it {{(pid=106554) configure /opt/stack/glance/glance/image_cache/drivers/centralized_db.py:71}}
Sep 16 07:01:52 jammy-provider-cloud-0000007625 devstack@g-api.service[106555]: DEBUG glance.image_cache.drivers.centralized_db [None req-2ab480fc-a685-4529-ad56-81293e341f09 None None] Node reference is already recorded, ignoring it {{(pid=106555) configure /opt/stack/glance/glance/image_cache/drivers/centralized_db.py:71}}
Sep 16 07:01:52 jammy-provider-cloud-0000007625 devstack@g-api.service[106554]: INFO glance.api.middleware.cache_manage [None req-7cdaffb5-bd3c-4fca-9b21-effe324f9894 None None] Initialized image cache management middleware
Sep 16 07:01:52 jammy-provider-cloud-0000007625 devstack@g-api.service[106554]: INFO glance.image_cache [None req-7cdaffb5-bd3c-4fca-9b21-effe324f9894 None None] Image cache loaded driver 'centralized_db'.
Sep 16 07:01:52 jammy-provider-cloud-0000007625 devstack@g-api.service[106555]: DEBUG glance.api.v2.cached_images [None req-2ab480fc-a685-4529-ad56-81293e341f09 None None] Started cache worker thread {{(pid=106555) __init__ /opt/stack/glance/glance/api/v2/cached_images.py:69}}
Sep 16 07:01:52 jammy-provider-cloud-0000007625 devstack@g-api.service[106555]: INFO glance.image_cache [None req-2ab480fc-a685-4529-ad56-81293e341f09 None None] Image cache loaded driver 'centralized_db'.
Sep 16 07:01:52 jammy-provider-cloud-0000007625 devstack@g-api.service[106554]: DEBUG glance.image_cache.drivers.centralized_db [None req-7cdaffb5-bd3c-4fca-9b21-effe324f9894 None None] Node reference is already recorded, ignoring it {{(pid=106554) configure /opt/stack/glance/glance/image_cache/drivers/centralized_db.py:71}}
Sep 16 07:01:52 jammy-provider-cloud-0000007625 devstack@g-api.service[106554]: INFO glance.api.middleware.cache [None req-7cdaffb5-bd3c-4fca-9b21-effe324f9894 None None] Initialized image cache middleware
Sep 16 07:01:52 jammy-provider-cloud-0000007625 devstack@g-api.service[106555]: DEBUG glance.image_cache.drivers.centralized_db [None req-2ab480fc-a685-4529-ad56-81293e341f09 None None] Node reference is already recorded, ignoring it {{(pid=106555) configure /opt/stack/glance/glance/image_cache/drivers/centralized_db.py:71}}
Sep 16 07:01:52 jammy-provider-cloud-0000007625 devstack@g-api.service[106554]: WARNING keystonemiddleware.auth_token [None req-7cdaffb5-bd3c-4fca-9b21-effe324f9894 None None] AuthToken middleware is set with keystone_authtoken.service_token_roles_required set to False. This is backwards compatible but deprecated behaviour. Please set this to True.
Sep 16 07:01:52 jammy-provider-cloud-0000007625 devstack@g-api.service[106555]: INFO glance.api.middleware.cache_manage [None req-2ab480fc-a685-4529-ad56-81293e341f09 None None] Initialized image cache management middleware
Sep 16 07:01:52 jammy-provider-cloud-0000007625 devstack@g-api.service[106555]: INFO glance.image_cache [None req-2ab480fc-a685-4529-ad56-81293e341f09 None None] Image cache loaded driver 'centralized_db'.
Sep 16 07:01:52 jammy-provider-cloud-0000007625 devstack@g-api.service[106554]: WARNING keystonemiddleware.auth_token [None req-7cdaffb5-bd3c-4fca-9b21-effe324f9894 None None] Configuring www_authenticate_uri to point to the public identity endpoint is required; clients may not be able to authenticate against an admin endpoint
Sep 16 07:01:52 jammy-provider-cloud-0000007625 devstack@g-api.service[106554]: DEBUG glance.common.config [None req-7cdaffb5-bd3c-4fca-9b21-effe324f9894 None None] ******************************************************************************** {{(pid=106554) log_opt_values /opt/stack/data/venv/lib/python3.10/site-packages/oslo_config/cfg.py:2806}}
Sep 16 07:01:52 jammy-provider-cloud-0000007625 devstack@g-api.service[106554]: DEBUG glance.common.config [None req-7cdaffb5-bd3c-4fca-9b21-effe324f9894 None None] Configuration options gathered from: {{(pid=106554) log_opt_values /opt/stack/data/venv/lib/python3.10/site-packages/oslo_config/cfg.py:2807}}
Sep 16 07:01:52 jammy-provider-cloud-0000007625 devstack@g-api.service[106554]: DEBUG glance.common.config [None req-7cdaffb5-bd3c-4fca-9b21-effe324f9894 None None] command line args: [] {{(pid=106554) log_opt_values /opt/stack/data/venv/lib/python3.10/site-packages/oslo_config/cfg.py:2808}}
Sep 16 07:01:52 jammy-provider-cloud-0000007625 devstack@g-api.service[106554]: DEBUG glance.common.config [None req-7cdaffb5-bd3c-4fca-9b21-effe324f9894 None None] config files: ['/etc/glance/glance-image-import.conf', '/etc/glance/glance-api.conf'] {{(pid=106554) log_opt_values /opt/stack/data/venv/lib/python3.10/site-packages/oslo_config/cfg.py:2809}}
Sep 16 07:01:52 jammy-provider-cloud-0000007625 devstack@g-api.service[106554]: DEBUG glance.common.config [None req-7cdaffb5-bd3c-4fca-9b21-effe324f9894 None None] ================================================================================ {{(pid=106554) log_opt_values /opt/stack/data/venv/lib/python3.10/site-packages/oslo_config/cfg.py:2811}}
Sep 16 07:01:52 jammy-provider-cloud-0000007625 devstack@g-api.service[106554]: DEBUG glance.common.config [None req-7cdaffb5-bd3c-4fca-9b21-effe324f9894 None None] allow_anonymous_access         = False {{(pid=106554) log_opt_values /opt/stack/data/venv/lib/python3.10/site-packages/oslo_config/cfg.py:2819}}
Sep 16 07:01:52 jammy-provider-cloud-0000007625 devstack@g-api.service[106554]: DEBUG glance.common.config [None req-7cdaffb5-bd3c-4fca-9b21-effe324f9894 None None] api_limit_max                  = 1000 {{(pid=106554) log_opt_values /opt/stack/data/venv/lib/python3.10/site-packages/oslo_config/cfg.py:2819}}
Sep 16 07:01:52 jammy-provider-cloud-0000007625 devstack@g-api.service[106554]: DEBUG glance.common.config [None req-7cdaffb5-bd3c-4fca-9b21-effe324f9894 None None] backlog                        = 4096 {{(pid=106554) log_opt_values /opt/stack/data/venv/lib/python3.10/site-packages/oslo_config/cfg.py:2819}}
Sep 16 07:01:52 jammy-provider-cloud-0000007625 devstack@g-api.service[106554]: DEBUG glance.common.config [None req-7cdaffb5-bd3c-4fca-9b21-effe324f9894 None None] bind_host                      = 0.0.0.0 {{(pid=106554) log_opt_values /opt/stack/data/venv/lib/python3.10/site-packages/oslo_config/cfg.py:2819}}
Sep 16 07:01:52 jammy-provider-cloud-0000007625 devstack@g-api.service[106554]: DEBUG glance.common.config [None req-7cdaffb5-bd3c-4fca-9b21-effe324f9894 None None] bind_port                      = None {{(pid=106554) log_opt_values /opt/stack/data/venv/lib/python3.10/site-packages/oslo_config/cfg.py:2819}}
Sep 16 07:01:52 jammy-provider-cloud-0000007625 devstack@g-api.service[106554]: DEBUG glance.common.config [None req-7cdaffb5-bd3c-4fca-9b21-effe324f9894 None None] client_socket_timeout          = 900 {{(pid=106554) log_opt_values /opt/stack/data/venv/lib/python3.10/site-packages/oslo_config/cfg.py:2819}}
Sep 16 07:01:52 jammy-provider-cloud-0000007625 devstack@g-api.service[106554]: DEBUG glance.common.config [None req-7cdaffb5-bd3c-4fca-9b21-effe324f9894 None None] config_dir                     = [] {{(pid=106554) log_opt_values /opt/stack/data/venv/lib/python3.10/site-packages/oslo_config/cfg.py:2819}}
Sep 16 07:01:52 jammy-provider-cloud-0000007625 devstack@g-api.service[106554]: DEBUG glance.common.config [None req-7cdaffb5-bd3c-4fca-9b21-effe324f9894 None None] config_file                    = ['/etc/glance/glance-image-import.conf', '/etc/glance/glance-api.conf'] {{(pid=106554) log_opt_values /opt/stack/data/venv/lib/python3.10/site-packages/oslo_config/cfg.py:2819}}
Sep 16 07:01:52 jammy-provider-cloud-0000007625 devstack@g-api.service[106554]: DEBUG glance.common.config [None req-7cdaffb5-bd3c-4fca-9b21-effe324f9894 None None] config_source                  = [] {{(pid=106554) log_opt_values /opt/stack/data/venv/lib/python3.10/site-packages/oslo_config/cfg.py:2819}}
Sep 16 07:01:52 jammy-provider-cloud-0000007625 devstack@g-api.service[106554]: DEBUG glance.common.config [None req-7cdaffb5-bd3c-4fca-9b21-effe324f9894 None None] control_exchange               = glance {{(pid=106554) log_opt_values /opt/stack/data/venv/lib/python3.10/site-packages/oslo_config/cfg.py:2819}}
Sep 16 07:01:52 jammy-provider-cloud-0000007625 devstack@g-api.service[106554]: DEBUG glance.common.config [None req-7cdaffb5-bd3c-4fca-9b21-effe324f9894 None None] debug                          = True {{(pid=106554) log_opt_values /opt/stack/data/venv/lib/python3.10/site-packages/oslo_config/cfg.py:2819}}
Sep 16 07:01:52 jammy-provider-cloud-0000007625 devstack@g-api.service[106555]: DEBUG glance.image_cache.drivers.centralized_db [None req-2ab480fc-a685-4529-ad56-81293e341f09 None None] Node reference is already recorded, ignoring it {{(pid=106555) configure /opt/stack/glance/glance/image_cache/drivers/centralized_db.py:71}}
Sep 16 07:01:52 jammy-provider-cloud-0000007625 devstack@g-api.service[106554]: DEBUG glance.common.config [None req-7cdaffb5-bd3c-4fca-9b21-effe324f9894 None None] default_log_levels             = ['amqp=WARN', 'amqplib=WARN', 'boto=WARN', 'qpid=WARN', 'sqlalchemy=WARN', 'suds=INFO', 'oslo.messaging=INFO', 'oslo_messaging=INFO', 'iso8601=WARN', 'requests.packages.urllib3.connectionpool=WARN', 'urllib3.connectionpool=WARN', 'websocket=WARN', 'requests.packages.urllib3.util.retry=WARN', 'urllib3.util.retry=WARN', 'keystonemiddleware=WARN', 'routes.middleware=WARN', 'stevedore=WARN', 'taskflow=WARN', 'keystoneauth=WARN', 'oslo.cache=INFO', 'oslo_policy=INFO', 'dogpile.core.dogpile=INFO'] {{(pid=106554) log_opt_values /opt/stack/data/venv/lib/python3.10/site-packages/oslo_config/cfg.py:2819}}
Sep 16 07:01:52 jammy-provider-cloud-0000007625 devstack@g-api.service[106554]: DEBUG glance.common.config [None req-7cdaffb5-bd3c-4fca-9b21-effe324f9894 None None] default_publisher_id           = image.localhost {{(pid=106554) log_opt_values /opt/stack/data/venv/lib/python3.10/site-packages/oslo_config/cfg.py:2819}}
Sep 16 07:01:52 jammy-provider-cloud-0000007625 devstack@g-api.service[106554]: DEBUG glance.common.config [None req-7cdaffb5-bd3c-4fca-9b21-effe324f9894 None None] delayed_delete                 = False {{(pid=106554) log_opt_values /opt/stack/data/venv/lib/python3.10/site-packages/oslo_config/cfg.py:2819}}
Sep 16 07:01:52 jammy-provider-cloud-0000007625 devstack@g-api.service[106554]: DEBUG glance.common.config [None req-7cdaffb5-bd3c-4fca-9b21-effe324f9894 None None] digest_algorithm               = sha256 {{(pid=106554) log_opt_values /opt/stack/data/venv/lib/python3.10/site-packages/oslo_config/cfg.py:2819}}
Sep 16 07:01:52 jammy-provider-cloud-0000007625 devstack@g-api.service[106554]: DEBUG glance.common.config [None req-7cdaffb5-bd3c-4fca-9b21-effe324f9894 None None] disabled_notifications         = [] {{(pid=106554) log_opt_values /opt/stack/data/venv/lib/python3.10/site-packages/oslo_config/cfg.py:2819}}
Sep 16 07:01:52 jammy-provider-cloud-0000007625 devstack@g-api.service[106554]: DEBUG glance.common.config [None req-7cdaffb5-bd3c-4fca-9b21-effe324f9894 None None] do_secure_hash                 = True {{(pid=106554) log_opt_values /opt/stack/data/venv/lib/python3.10/site-packages/oslo_config/cfg.py:2819}}
Sep 16 07:01:52 jammy-provider-cloud-0000007625 devstack@g-api.service[106554]: DEBUG glance.common.config [None req-7cdaffb5-bd3c-4fca-9b21-effe324f9894 None None] enabled_backends               = None {{(pid=106554) log_opt_values /opt/stack/data/venv/lib/python3.10/site-packages/oslo_config/cfg.py:2819}}
Sep 16 07:01:52 jammy-provider-cloud-0000007625 devstack@g-api.service[106554]: DEBUG glance.common.config [None req-7cdaffb5-bd3c-4fca-9b21-effe324f9894 None None] enabled_import_methods         = ['glance-direct', 'web-download', 'copy-image'] {{(pid=106554) log_opt_values /opt/stack/data/venv/lib/python3.10/site-packages/oslo_config/cfg.py:2819}}
Sep 16 07:01:52 jammy-provider-cloud-0000007625 devstack@g-api.service[106554]: DEBUG glance.common.config [None req-7cdaffb5-bd3c-4fca-9b21-effe324f9894 None None] hashing_algorithm              = sha512 {{(pid=106554) log_opt_values /opt/stack/data/venv/lib/python3.10/site-packages/oslo_config/cfg.py:2819}}
Sep 16 07:01:52 jammy-provider-cloud-0000007625 devstack@g-api.service[106554]: DEBUG glance.common.config [None req-7cdaffb5-bd3c-4fca-9b21-effe324f9894 None None] http_keepalive                 = True {{(pid=106554) log_opt_values /opt/stack/data/venv/lib/python3.10/site-packages/oslo_config/cfg.py:2819}}
Sep 16 07:01:52 jammy-provider-cloud-0000007625 devstack@g-api.service[106554]: DEBUG glance.common.config [None req-7cdaffb5-bd3c-4fca-9b21-effe324f9894 None None] http_retries                   = 3 {{(pid=106554) log_opt_values /opt/stack/data/venv/lib/python3.10/site-packages/oslo_config/cfg.py:2819}}
Sep 16 07:01:52 jammy-provider-cloud-0000007625 devstack@g-api.service[106554]: DEBUG glance.common.config [None req-7cdaffb5-bd3c-4fca-9b21-effe324f9894 None None] image_cache_dir                = /opt/stack/data/glance/cache/ {{(pid=106554) log_opt_values /opt/stack/data/venv/lib/python3.10/site-packages/oslo_config/cfg.py:2819}}
Sep 16 07:01:52 jammy-provider-cloud-0000007625 devstack@g-api.service[106554]: DEBUG glance.common.config [None req-7cdaffb5-bd3c-4fca-9b21-effe324f9894 None None] image_cache_driver             = centralized_db {{(pid=106554) log_opt_values /opt/stack/data/venv/lib/python3.10/site-packages/oslo_config/cfg.py:2819}}
Sep 16 07:01:52 jammy-provider-cloud-0000007625 devstack@g-api.service[106554]: DEBUG glance.common.config [None req-7cdaffb5-bd3c-4fca-9b21-effe324f9894 None None] image_cache_max_size           = 10737418240 {{(pid=106554) log_opt_values /opt/stack/data/venv/lib/python3.10/site-packages/oslo_config/cfg.py:2819}}
Sep 16 07:01:52 jammy-provider-cloud-0000007625 devstack@g-api.service[106554]: DEBUG glance.common.config [None req-7cdaffb5-bd3c-4fca-9b21-effe324f9894 None None] image_cache_sqlite_db          = cache.db {{(pid=106554) log_opt_values /opt/stack/data/venv/lib/python3.10/site-packages/oslo_config/cfg.py:2819}}
Sep 16 07:01:52 jammy-provider-cloud-0000007625 devstack@g-api.service[106554]: DEBUG glance.common.config [None req-7cdaffb5-bd3c-4fca-9b21-effe324f9894 None None] image_cache_stall_time         = 86400 {{(pid=106554) log_opt_values /opt/stack/data/venv/lib/python3.10/site-packages/oslo_config/cfg.py:2819}}
Sep 16 07:01:52 jammy-provider-cloud-0000007625 devstack@g-api.service[106554]: DEBUG glance.common.config [None req-7cdaffb5-bd3c-4fca-9b21-effe324f9894 None None] image_location_quota           = 10 {{(pid=106554) log_opt_values /opt/stack/data/venv/lib/python3.10/site-packages/oslo_config/cfg.py:2819}}
Sep 16 07:01:52 jammy-provider-cloud-0000007625 devstack@g-api.service[106554]: DEBUG glance.common.config [None req-7cdaffb5-bd3c-4fca-9b21-effe324f9894 None None] image_member_quota             = 128 {{(pid=106554) log_opt_values /opt/stack/data/venv/lib/python3.10/site-packages/oslo_config/cfg.py:2819}}
Sep 16 07:01:52 jammy-provider-cloud-0000007625 devstack@g-api.service[106554]: DEBUG glance.common.config [None req-7cdaffb5-bd3c-4fca-9b21-effe324f9894 None None] image_property_quota           = 128 {{(pid=106554) log_opt_values /opt/stack/data/venv/lib/python3.10/site-packages/oslo_config/cfg.py:2819}}
Sep 16 07:01:52 jammy-provider-cloud-0000007625 devstack@g-api.service[106554]: DEBUG glance.common.config [None req-7cdaffb5-bd3c-4fca-9b21-effe324f9894 None None] image_size_cap                 = 1099511627776 {{(pid=106554) log_opt_values /opt/stack/data/venv/lib/python3.10/site-packages/oslo_config/cfg.py:2819}}
Sep 16 07:01:52 jammy-provider-cloud-0000007625 devstack@g-api.service[106554]: DEBUG glance.common.config [None req-7cdaffb5-bd3c-4fca-9b21-effe324f9894 None None] image_tag_quota                = 128 {{(pid=106554) log_opt_values /opt/stack/data/venv/lib/python3.10/site-packages/oslo_config/cfg.py:2819}}
Sep 16 07:01:52 jammy-provider-cloud-0000007625 devstack@g-api.service[106554]: DEBUG glance.common.config [None req-7cdaffb5-bd3c-4fca-9b21-effe324f9894 None None] instance_format                = [instance: %(uuid)s]  {{(pid=106554) log_opt_values /opt/stack/data/venv/lib/python3.10/site-packages/oslo_config/cfg.py:2819}}
Sep 16 07:01:52 jammy-provider-cloud-0000007625 devstack@g-api.service[106554]: DEBUG glance.common.config [None req-7cdaffb5-bd3c-4fca-9b21-effe324f9894 None None] instance_uuid_format           = [instance: %(uuid)s]  {{(pid=106554) log_opt_values /opt/stack/data/venv/lib/python3.10/site-packages/oslo_config/cfg.py:2819}}
Sep 16 07:01:52 jammy-provider-cloud-0000007625 devstack@g-api.service[106554]: DEBUG glance.common.config [None req-7cdaffb5-bd3c-4fca-9b21-effe324f9894 None None] limit_param_default            = 25 {{(pid=106554) log_opt_values /opt/stack/data/venv/lib/python3.10/site-packages/oslo_config/cfg.py:2819}}
Sep 16 07:01:52 jammy-provider-cloud-0000007625 devstack@g-api.service[106554]: DEBUG glance.common.config [None req-7cdaffb5-bd3c-4fca-9b21-effe324f9894 None None] log_color                      = True {{(pid=106554) log_opt_values /opt/stack/data/venv/lib/python3.10/site-packages/oslo_config/cfg.py:2819}}
Sep 16 07:01:52 jammy-provider-cloud-0000007625 devstack@g-api.service[106554]: DEBUG glance.common.config [None req-7cdaffb5-bd3c-4fca-9b21-effe324f9894 None None] log_config_append              = None {{(pid=106554) log_opt_values /opt/stack/data/venv/lib/python3.10/site-packages/oslo_config/cfg.py:2819}}
Sep 16 07:01:52 jammy-provider-cloud-0000007625 devstack@g-api.service[106554]: DEBUG glance.common.config [None req-7cdaffb5-bd3c-4fca-9b21-effe324f9894 None None] log_date_format                = %Y-%m-%d %H:%M:%S {{(pid=106554) log_opt_values /opt/stack/data/venv/lib/python3.10/site-packages/oslo_config/cfg.py:2819}}
Sep 16 07:01:52 jammy-provider-cloud-0000007625 devstack@g-api.service[106554]: DEBUG glance.common.config [None req-7cdaffb5-bd3c-4fca-9b21-effe324f9894 None None] log_dir                        = None {{(pid=106554) log_opt_values /opt/stack/data/venv/lib/python3.10/site-packages/oslo_config/cfg.py:2819}}
Sep 16 07:01:52 jammy-provider-cloud-0000007625 devstack@g-api.service[106554]: DEBUG glance.common.config [None req-7cdaffb5-bd3c-4fca-9b21-effe324f9894 None None] log_file                       = None {{(pid=106554) log_opt_values /opt/stack/data/venv/lib/python3.10/site-packages/oslo_config/cfg.py:2819}}
Sep 16 07:01:52 jammy-provider-cloud-0000007625 devstack@g-api.service[106554]: DEBUG glance.common.config [None req-7cdaffb5-bd3c-4fca-9b21-effe324f9894 None None] log_rotate_interval            = 1 {{(pid=106554) log_opt_values /opt/stack/data/venv/lib/python3.10/site-packages/oslo_config/cfg.py:2819}}
Sep 16 07:01:52 jammy-provider-cloud-0000007625 devstack@g-api.service[106554]: DEBUG glance.common.config [None req-7cdaffb5-bd3c-4fca-9b21-effe324f9894 None None] log_rotate_interval_type       = days {{(pid=106554) log_opt_values /opt/stack/data/venv/lib/python3.10/site-packages/oslo_config/cfg.py:2819}}
Sep 16 07:01:52 jammy-provider-cloud-0000007625 devstack@g-api.service[106554]: DEBUG glance.common.config [None req-7cdaffb5-bd3c-4fca-9b21-effe324f9894 None None] log_rotation_type              = none {{(pid=106554) log_opt_values /opt/stack/data/venv/lib/python3.10/site-packages/oslo_config/cfg.py:2819}}
Sep 16 07:01:52 jammy-provider-cloud-0000007625 devstack@g-api.service[106554]: DEBUG glance.common.config [None req-7cdaffb5-bd3c-4fca-9b21-effe324f9894 None None] logging_context_format_string  = %(color)s%(levelname)s %(name)s [%(global_request_id)s %(request_id)s %(project_name)s %(user_name)s%(color)s] %(instance)s%(color)s%(message)s {{(pid=106554) log_opt_values /opt/stack/data/venv/lib/python3.10/site-packages/oslo_config/cfg.py:2819}}
Sep 16 07:01:52 jammy-provider-cloud-0000007625 devstack@g-api.service[106554]: DEBUG glance.common.config [None req-7cdaffb5-bd3c-4fca-9b21-effe324f9894 None None] logging_debug_format_suffix    = {{(pid=%(process)d) %(funcName)s %(pathname)s:%(lineno)d}} {{(pid=106554) log_opt_values /opt/stack/data/venv/lib/python3.10/site-packages/oslo_config/cfg.py:2819}}
Sep 16 07:01:52 jammy-provider-cloud-0000007625 devstack@g-api.service[106554]: DEBUG glance.common.config [None req-7cdaffb5-bd3c-4fca-9b21-effe324f9894 None None] logging_default_format_string  = %(color)s%(levelname)s %(name)s [-%(color)s] %(instance)s%(color)s%(message)s {{(pid=106554) log_opt_values /opt/stack/data/venv/lib/python3.10/site-packages/oslo_config/cfg.py:2819}}
Sep 16 07:01:52 jammy-provider-cloud-0000007625 devstack@g-api.service[106554]: DEBUG glance.common.config [None req-7cdaffb5-bd3c-4fca-9b21-effe324f9894 None None] logging_exception_prefix       = ERROR %(name)s %(instance)s {{(pid=106554) log_opt_values /opt/stack/data/venv/lib/python3.10/site-packages/oslo_config/cfg.py:2819}}
