May 27 13:33:53 ubuntu devstack@g-api.service[115331]: WSGI app 0 (mountpoint='') ready in 2 seconds on interpreter 0x72b2bb8a3668 pid: 115331 (default app)
May 27 13:33:53 ubuntu devstack@g-api.service[115330]: DEBUG glance.common.config [None req-7f941bc6-9015-46f2-ba81-64df93beb7c2 None None] oslo_messaging_rabbit.ssl_ca_file =  {{(pid=115330) log_opt_values /opt/stack/data/venv/lib/python3.12/site-packages/oslo_config/cfg.py:3256}}
May 27 13:33:53 ubuntu devstack@g-api.service[115330]: DEBUG glance.common.config [None req-7f941bc6-9015-46f2-ba81-64df93beb7c2 None None] oslo_messaging_rabbit.ssl_cert_file =  {{(pid=115330) log_opt_values /opt/stack/data/venv/lib/python3.12/site-packages/oslo_config/cfg.py:3256}}
May 27 13:33:53 ubuntu devstack@g-api.service[115330]: DEBUG glance.common.config [None req-7f941bc6-9015-46f2-ba81-64df93beb7c2 None None] oslo_messaging_rabbit.ssl_enforce_fips_mode = False {{(pid=115330) log_opt_values /opt/stack/data/venv/lib/python3.12/site-packages/oslo_config/cfg.py:3256}}
May 27 13:33:53 ubuntu devstack@g-api.service[115330]: DEBUG glance.common.config [None req-7f941bc6-9015-46f2-ba81-64df93beb7c2 None None] oslo_messaging_rabbit.ssl_enforce_hostname_verification = True {{(pid=115330) log_opt_values /opt/stack/data/venv/lib/python3.12/site-packages/oslo_config/cfg.py:3256}}
May 27 13:33:53 ubuntu devstack@g-api.service[115330]: DEBUG glance.common.config [None req-7f941bc6-9015-46f2-ba81-64df93beb7c2 None None] oslo_messaging_rabbit.ssl_key_file =  {{(pid=115330) log_opt_values /opt/stack/data/venv/lib/python3.12/site-packages/oslo_config/cfg.py:3256}}
May 27 13:33:53 ubuntu devstack@g-api.service[115331]: DEBUG glance.api.middleware.version_negotiation [None req-27911a17-2f69-43c3-8848-6566a934c3b5 None None] Determining version of request: GET / Accept: */* {{(pid=115331) process_request /opt/stack/glance/glance/api/middleware/version_negotiation.py:44}}
May 27 13:33:53 ubuntu devstack@g-api.service[115330]: DEBUG glance.common.config [None req-7f941bc6-9015-46f2-ba81-64df93beb7c2 None None] oslo_messaging_rabbit.ssl_version =  {{(pid=115330) log_opt_values /opt/stack/data/venv/lib/python3.12/site-packages/oslo_config/cfg.py:3256}}
May 27 13:33:53 ubuntu devstack@g-api.service[115330]: DEBUG glance.common.config [None req-7f941bc6-9015-46f2-ba81-64df93beb7c2 None None] oslo_messaging_rabbit.use_queue_manager = False {{(pid=115330) log_opt_values /opt/stack/data/venv/lib/python3.12/site-packages/oslo_config/cfg.py:3256}}
May 27 13:33:53 ubuntu devstack@g-api.service[115331]: DEBUG glance.api.middleware.version_negotiation [None req-27911a17-2f69-43c3-8848-6566a934c3b5 None None] Using url versioning {{(pid=115331) process_request /opt/stack/glance/glance/api/middleware/version_negotiation.py:57}}
May 27 13:33:53 ubuntu devstack@g-api.service[115330]: DEBUG glance.common.config [None req-7f941bc6-9015-46f2-ba81-64df93beb7c2 None None] key_manager.backend            = barbican {{(pid=115330) log_opt_values /opt/stack/data/venv/lib/python3.12/site-packages/oslo_config/cfg.py:3256}}
May 27 13:33:53 ubuntu devstack@g-api.service[115330]: DEBUG glance.common.config [None req-7f941bc6-9015-46f2-ba81-64df93beb7c2 None None] key_manager.fixed_key          = None {{(pid=115330) log_opt_values /opt/stack/data/venv/lib/python3.12/site-packages/oslo_config/cfg.py:3256}}
May 27 13:33:53 ubuntu devstack@g-api.service[115331]: DEBUG glance.api.middleware.version_negotiation [None req-27911a17-2f69-43c3-8848-6566a934c3b5 None None] Unknown version. Returning version choices. {{(pid=115331) process_request /opt/stack/glance/glance/api/middleware/version_negotiation.py:64}}
May 27 13:33:53 ubuntu devstack@g-api.service[115331]: [pid: 115331|app: 0|req: 1/1] 127.0.0.1 () {32 vars in 387 bytes} [Wed May 27 13:33:53 2026] GET / => generated 1420 bytes in 3 msecs (HTTP/1.1 300) 3 headers in 106 bytes (1 switches on core 0)
May 27 13:33:53 ubuntu devstack@g-api.service[115330]: DEBUG glance.common.config [None req-7f941bc6-9015-46f2-ba81-64df93beb7c2 None None] barbican.auth_endpoint         = http://localhost/identity/v3 {{(pid=115330) log_opt_values /opt/stack/data/venv/lib/python3.12/site-packages/oslo_config/cfg.py:3256}}
May 27 13:33:53 ubuntu devstack@g-api.service[115330]: DEBUG glance.common.config [None req-7f941bc6-9015-46f2-ba81-64df93beb7c2 None None] barbican.barbican_api_version  = None {{(pid=115330) log_opt_values /opt/stack/data/venv/lib/python3.12/site-packages/oslo_config/cfg.py:3256}}
May 27 13:33:53 ubuntu devstack@g-api.service[115330]: DEBUG glance.common.config [None req-7f941bc6-9015-46f2-ba81-64df93beb7c2 None None] barbican.barbican_endpoint     = None {{(pid=115330) log_opt_values /opt/stack/data/venv/lib/python3.12/site-packages/oslo_config/cfg.py:3256}}
May 27 13:33:53 ubuntu devstack@g-api.service[115330]: DEBUG glance.common.config [None req-7f941bc6-9015-46f2-ba81-64df93beb7c2 None None] barbican.barbican_endpoint_type = public {{(pid=115330) log_opt_values /opt/stack/data/venv/lib/python3.12/site-packages/oslo_config/cfg.py:3256}}
May 27 13:33:53 ubuntu devstack@g-api.service[115330]: DEBUG glance.common.config [None req-7f941bc6-9015-46f2-ba81-64df93beb7c2 None None] barbican.barbican_region_name  = None {{(pid=115330) log_opt_values /opt/stack/data/venv/lib/python3.12/site-packages/oslo_config/cfg.py:3256}}
May 27 13:33:53 ubuntu devstack@g-api.service[115330]: DEBUG glance.common.config [None req-7f941bc6-9015-46f2-ba81-64df93beb7c2 None None] barbican.cafile                = None {{(pid=115330) log_opt_values /opt/stack/data/venv/lib/python3.12/site-packages/oslo_config/cfg.py:3256}}
May 27 13:33:53 ubuntu devstack@g-api.service[115330]: DEBUG glance.common.config [None req-7f941bc6-9015-46f2-ba81-64df93beb7c2 None None] barbican.certfile              = None {{(pid=115330) log_opt_values /opt/stack/data/venv/lib/python3.12/site-packages/oslo_config/cfg.py:3256}}
May 27 13:33:53 ubuntu devstack@g-api.service[115330]: DEBUG glance.common.config [None req-7f941bc6-9015-46f2-ba81-64df93beb7c2 None None] barbican.collect_timing        = False {{(pid=115330) log_opt_values /opt/stack/data/venv/lib/python3.12/site-packages/oslo_config/cfg.py:3256}}
May 27 13:33:53 ubuntu devstack@g-api.service[115330]: DEBUG glance.common.config [None req-7f941bc6-9015-46f2-ba81-64df93beb7c2 None None] barbican.insecure              = False {{(pid=115330) log_opt_values /opt/stack/data/venv/lib/python3.12/site-packages/oslo_config/cfg.py:3256}}
May 27 13:33:53 ubuntu devstack@g-api.service[115330]: DEBUG glance.common.config [None req-7f941bc6-9015-46f2-ba81-64df93beb7c2 None None] barbican.keyfile               = None {{(pid=115330) log_opt_values /opt/stack/data/venv/lib/python3.12/site-packages/oslo_config/cfg.py:3256}}
May 27 13:33:53 ubuntu devstack@g-api.service[115330]: DEBUG glance.common.config [None req-7f941bc6-9015-46f2-ba81-64df93beb7c2 None None] barbican.number_of_retries     = 60 {{(pid=115330) log_opt_values /opt/stack/data/venv/lib/python3.12/site-packages/oslo_config/cfg.py:3256}}
May 27 13:33:53 ubuntu devstack@g-api.service[115330]: DEBUG glance.common.config [None req-7f941bc6-9015-46f2-ba81-64df93beb7c2 None None] barbican.retry_delay           = 1 {{(pid=115330) log_opt_values /opt/stack/data/venv/lib/python3.12/site-packages/oslo_config/cfg.py:3256}}
May 27 13:33:53 ubuntu devstack@g-api.service[115330]: DEBUG glance.common.config [None req-7f941bc6-9015-46f2-ba81-64df93beb7c2 None None] barbican.send_service_user_token = False {{(pid=115330) log_opt_values /opt/stack/data/venv/lib/python3.12/site-packages/oslo_config/cfg.py:3256}}
May 27 13:33:53 ubuntu devstack@g-api.service[115330]: DEBUG glance.common.config [None req-7f941bc6-9015-46f2-ba81-64df93beb7c2 None None] barbican.split_loggers         = False {{(pid=115330) log_opt_values /opt/stack/data/venv/lib/python3.12/site-packages/oslo_config/cfg.py:3256}}
May 27 13:33:53 ubuntu devstack@g-api.service[115330]: DEBUG glance.common.config [None req-7f941bc6-9015-46f2-ba81-64df93beb7c2 None None] barbican.timeout               = None {{(pid=115330) log_opt_values /opt/stack/data/venv/lib/python3.12/site-packages/oslo_config/cfg.py:3256}}
May 27 13:33:53 ubuntu devstack@g-api.service[115330]: DEBUG glance.common.config [None req-7f941bc6-9015-46f2-ba81-64df93beb7c2 None None] barbican.verify_ssl            = True {{(pid=115330) log_opt_values /opt/stack/data/venv/lib/python3.12/site-packages/oslo_config/cfg.py:3256}}
May 27 13:33:53 ubuntu devstack@g-api.service[115330]: DEBUG glance.common.config [None req-7f941bc6-9015-46f2-ba81-64df93beb7c2 None None] barbican.verify_ssl_path       = None {{(pid=115330) log_opt_values /opt/stack/data/venv/lib/python3.12/site-packages/oslo_config/cfg.py:3256}}
May 27 13:33:53 ubuntu devstack@g-api.service[115330]: DEBUG glance.common.config [None req-7f941bc6-9015-46f2-ba81-64df93beb7c2 None None] barbican_service_user.auth_section = None {{(pid=115330) log_opt_values /opt/stack/data/venv/lib/python3.12/site-packages/oslo_config/cfg.py:3256}}
May 27 13:33:53 ubuntu devstack@g-api.service[115330]: DEBUG glance.common.config [None req-7f941bc6-9015-46f2-ba81-64df93beb7c2 None None] barbican_service_user.auth_type = None {{(pid=115330) log_opt_values /opt/stack/data/venv/lib/python3.12/site-packages/oslo_config/cfg.py:3256}}
May 27 13:33:53 ubuntu devstack@g-api.service[115330]: DEBUG glance.common.config [None req-7f941bc6-9015-46f2-ba81-64df93beb7c2 None None] barbican_service_user.cafile   = None {{(pid=115330) log_opt_values /opt/stack/data/venv/lib/python3.12/site-packages/oslo_config/cfg.py:3256}}
May 27 13:33:53 ubuntu devstack@g-api.service[115330]: DEBUG glance.common.config [None req-7f941bc6-9015-46f2-ba81-64df93beb7c2 None None] barbican_service_user.certfile = None {{(pid=115330) log_opt_values /opt/stack/data/venv/lib/python3.12/site-packages/oslo_config/cfg.py:3256}}
May 27 13:33:53 ubuntu devstack@g-api.service[115330]: DEBUG glance.common.config [None req-7f941bc6-9015-46f2-ba81-64df93beb7c2 None None] barbican_service_user.collect_timing = False {{(pid=115330) log_opt_values /opt/stack/data/venv/lib/python3.12/site-packages/oslo_config/cfg.py:3256}}
May 27 13:33:53 ubuntu devstack@g-api.service[115330]: DEBUG glance.common.config [None req-7f941bc6-9015-46f2-ba81-64df93beb7c2 None None] barbican_service_user.insecure = False {{(pid=115330) log_opt_values /opt/stack/data/venv/lib/python3.12/site-packages/oslo_config/cfg.py:3256}}
May 27 13:33:53 ubuntu devstack@g-api.service[115330]: DEBUG glance.common.config [None req-7f941bc6-9015-46f2-ba81-64df93beb7c2 None None] barbican_service_user.keyfile  = None {{(pid=115330) log_opt_values /opt/stack/data/venv/lib/python3.12/site-packages/oslo_config/cfg.py:3256}}
May 27 13:33:53 ubuntu devstack@g-api.service[115330]: DEBUG glance.common.config [None req-7f941bc6-9015-46f2-ba81-64df93beb7c2 None None] barbican_service_user.split_loggers = False {{(pid=115330) log_opt_values /opt/stack/data/venv/lib/python3.12/site-packages/oslo_config/cfg.py:3256}}
May 27 13:33:53 ubuntu devstack@g-api.service[115330]: DEBUG glance.common.config [None req-7f941bc6-9015-46f2-ba81-64df93beb7c2 None None] barbican_service_user.timeout  = None {{(pid=115330) log_opt_values /opt/stack/data/venv/lib/python3.12/site-packages/oslo_config/cfg.py:3256}}
May 27 13:33:53 ubuntu devstack@g-api.service[115330]: DEBUG glance.common.config [None req-7f941bc6-9015-46f2-ba81-64df93beb7c2 None None] database.asyncio_connection    = **** {{(pid=115330) log_opt_values /opt/stack/data/venv/lib/python3.12/site-packages/oslo_config/cfg.py:3256}}
May 27 13:33:53 ubuntu devstack@g-api.service[115330]: DEBUG glance.common.config [None req-7f941bc6-9015-46f2-ba81-64df93beb7c2 None None] database.asyncio_slave_connection = **** {{(pid=115330) log_opt_values /opt/stack/data/venv/lib/python3.12/site-packages/oslo_config/cfg.py:3256}}
May 27 13:33:53 ubuntu devstack@g-api.service[115330]: DEBUG glance.common.config [None req-7f941bc6-9015-46f2-ba81-64df93beb7c2 None None] database.backend               = sqlalchemy {{(pid=115330) log_opt_values /opt/stack/data/venv/lib/python3.12/site-packages/oslo_config/cfg.py:3256}}
May 27 13:33:53 ubuntu devstack@g-api.service[115330]: DEBUG glance.common.config [None req-7f941bc6-9015-46f2-ba81-64df93beb7c2 None None] database.connection            = **** {{(pid=115330) log_opt_values /opt/stack/data/venv/lib/python3.12/site-packages/oslo_config/cfg.py:3256}}
May 27 13:33:53 ubuntu devstack@g-api.service[115330]: DEBUG glance.common.config [None req-7f941bc6-9015-46f2-ba81-64df93beb7c2 None None] database.connection_debug      = 0 {{(pid=115330) log_opt_values /opt/stack/data/venv/lib/python3.12/site-packages/oslo_config/cfg.py:3256}}
May 27 13:33:53 ubuntu devstack@g-api.service[115330]: DEBUG glance.common.config [None req-7f941bc6-9015-46f2-ba81-64df93beb7c2 None None] database.connection_parameters =  {{(pid=115330) log_opt_values /opt/stack/data/venv/lib/python3.12/site-packages/oslo_config/cfg.py:3256}}
May 27 13:33:53 ubuntu devstack@g-api.service[115330]: DEBUG glance.common.config [None req-7f941bc6-9015-46f2-ba81-64df93beb7c2 None None] database.connection_recycle_time = 3600 {{(pid=115330) log_opt_values /opt/stack/data/venv/lib/python3.12/site-packages/oslo_config/cfg.py:3256}}
May 27 13:33:53 ubuntu devstack@g-api.service[115330]: DEBUG glance.common.config [None req-7f941bc6-9015-46f2-ba81-64df93beb7c2 None None] database.connection_trace      = False {{(pid=115330) log_opt_values /opt/stack/data/venv/lib/python3.12/site-packages/oslo_config/cfg.py:3256}}
May 27 13:33:53 ubuntu devstack@g-api.service[115330]: DEBUG glance.common.config [None req-7f941bc6-9015-46f2-ba81-64df93beb7c2 None None] database.db_inc_retry_interval = True {{(pid=115330) log_opt_values /opt/stack/data/venv/lib/python3.12/site-packages/oslo_config/cfg.py:3256}}
May 27 13:33:53 ubuntu devstack@g-api.service[115330]: DEBUG glance.common.config [None req-7f941bc6-9015-46f2-ba81-64df93beb7c2 None None] database.db_max_retries        = 20 {{(pid=115330) log_opt_values /opt/stack/data/venv/lib/python3.12/site-packages/oslo_config/cfg.py:3256}}
May 27 13:33:53 ubuntu devstack@g-api.service[115330]: DEBUG glance.common.config [None req-7f941bc6-9015-46f2-ba81-64df93beb7c2 None None] database.db_max_retry_interval = 10 {{(pid=115330) log_opt_values /opt/stack/data/venv/lib/python3.12/site-packages/oslo_config/cfg.py:3256}}
May 27 13:33:53 ubuntu devstack@g-api.service[115330]: DEBUG glance.common.config [None req-7f941bc6-9015-46f2-ba81-64df93beb7c2 None None] database.db_retry_interval     = 1 {{(pid=115330) log_opt_values /opt/stack/data/venv/lib/python3.12/site-packages/oslo_config/cfg.py:3256}}
May 27 13:33:53 ubuntu devstack@g-api.service[115330]: DEBUG glance.common.config [None req-7f941bc6-9015-46f2-ba81-64df93beb7c2 None None] database.max_overflow          = 50 {{(pid=115330) log_opt_values /opt/stack/data/venv/lib/python3.12/site-packages/oslo_config/cfg.py:3256}}
May 27 13:33:53 ubuntu devstack@g-api.service[115330]: DEBUG glance.common.config [None req-7f941bc6-9015-46f2-ba81-64df93beb7c2 None None] database.max_pool_size         = 5 {{(pid=115330) log_opt_values /opt/stack/data/venv/lib/python3.12/site-packages/oslo_config/cfg.py:3256}}
May 27 13:33:53 ubuntu devstack@g-api.service[115330]: DEBUG glance.common.config [None req-7f941bc6-9015-46f2-ba81-64df93beb7c2 None None] database.max_retries           = 10 {{(pid=115330) log_opt_values /opt/stack/data/venv/lib/python3.12/site-packages/oslo_config/cfg.py:3256}}
May 27 13:33:53 ubuntu devstack@g-api.service[115330]: DEBUG glance.common.config [None req-7f941bc6-9015-46f2-ba81-64df93beb7c2 None None] database.mysql_sql_mode        = TRADITIONAL {{(pid=115330) log_opt_values /opt/stack/data/venv/lib/python3.12/site-packages/oslo_config/cfg.py:3256}}
May 27 13:33:53 ubuntu devstack@g-api.service[115330]: DEBUG glance.common.config [None req-7f941bc6-9015-46f2-ba81-64df93beb7c2 None None] database.mysql_wsrep_sync_wait = None {{(pid=115330) log_opt_values /opt/stack/data/venv/lib/python3.12/site-packages/oslo_config/cfg.py:3256}}
May 27 13:33:53 ubuntu devstack@g-api.service[115330]: DEBUG glance.common.config [None req-7f941bc6-9015-46f2-ba81-64df93beb7c2 None None] database.pool_timeout          = None {{(pid=115330) log_opt_values /opt/stack/data/venv/lib/python3.12/site-packages/oslo_config/cfg.py:3256}}
May 27 13:33:53 ubuntu devstack@g-api.service[115330]: DEBUG glance.common.config [None req-7f941bc6-9015-46f2-ba81-64df93beb7c2 None None] database.retry_interval        = 10 {{(pid=115330) log_opt_values /opt/stack/data/venv/lib/python3.12/site-packages/oslo_config/cfg.py:3256}}
May 27 13:33:53 ubuntu devstack@g-api.service[115330]: DEBUG glance.common.config [None req-7f941bc6-9015-46f2-ba81-64df93beb7c2 None None] database.slave_connection      = **** {{(pid=115330) log_opt_values /opt/stack/data/venv/lib/python3.12/site-packages/oslo_config/cfg.py:3256}}
May 27 13:33:53 ubuntu devstack@g-api.service[115330]: DEBUG glance.common.config [None req-7f941bc6-9015-46f2-ba81-64df93beb7c2 None None] database.sqlite_synchronous    = True {{(pid=115330) log_opt_values /opt/stack/data/venv/lib/python3.12/site-packages/oslo_config/cfg.py:3256}}
May 27 13:33:53 ubuntu devstack@g-api.service[115330]: DEBUG glance.common.config [None req-7f941bc6-9015-46f2-ba81-64df93beb7c2 None None] database.synchronous_reader    = True {{(pid=115330) log_opt_values /opt/stack/data/venv/lib/python3.12/site-packages/oslo_config/cfg.py:3256}}
May 27 13:33:53 ubuntu devstack@g-api.service[115330]: DEBUG glance.common.config [None req-7f941bc6-9015-46f2-ba81-64df93beb7c2 None None] database.use_db_reconnect      = False {{(pid=115330) log_opt_values /opt/stack/data/venv/lib/python3.12/site-packages/oslo_config/cfg.py:3256}}
May 27 13:33:53 ubuntu devstack@g-api.service[115330]: DEBUG glance.common.config [None req-7f941bc6-9015-46f2-ba81-64df93beb7c2 None None] healthcheck.allowed_source_ranges = [] {{(pid=115330) log_opt_values /opt/stack/data/venv/lib/python3.12/site-packages/oslo_config/cfg.py:3256}}
May 27 13:33:53 ubuntu devstack@g-api.service[115330]: DEBUG glance.common.config [None req-7f941bc6-9015-46f2-ba81-64df93beb7c2 None None] healthcheck.backends           = ['disable_by_file'] {{(pid=115330) log_opt_values /opt/stack/data/venv/lib/python3.12/site-packages/oslo_config/cfg.py:3256}}
May 27 13:33:53 ubuntu devstack@g-api.service[115330]: DEBUG glance.common.config [None req-7f941bc6-9015-46f2-ba81-64df93beb7c2 None None] healthcheck.detailed           = False {{(pid=115330) log_opt_values /opt/stack/data/venv/lib/python3.12/site-packages/oslo_config/cfg.py:3256}}
May 27 13:33:53 ubuntu devstack@g-api.service[115330]: DEBUG glance.common.config [None req-7f941bc6-9015-46f2-ba81-64df93beb7c2 None None] healthcheck.disable_by_file_path = None {{(pid=115330) log_opt_values /opt/stack/data/venv/lib/python3.12/site-packages/oslo_config/cfg.py:3256}}
May 27 13:33:53 ubuntu devstack@g-api.service[115330]: DEBUG glance.common.config [None req-7f941bc6-9015-46f2-ba81-64df93beb7c2 None None] healthcheck.ignore_proxied_requests = False {{(pid=115330) log_opt_values /opt/stack/data/venv/lib/python3.12/site-packages/oslo_config/cfg.py:3256}}
May 27 13:33:53 ubuntu devstack@g-api.service[115330]: DEBUG glance.common.config [None req-7f941bc6-9015-46f2-ba81-64df93beb7c2 None None] ******************************************************************************** {{(pid=115330) log_opt_values /opt/stack/data/venv/lib/python3.12/site-packages/oslo_config/cfg.py:3263}}
May 27 13:33:53 ubuntu devstack@g-api.service[115330]: WSGI app 0 (mountpoint='') ready in 2 seconds on interpreter 0x72b2bb8a3668 pid: 115330 (default app)
May 27 13:33:58 ubuntu devstack@g-api.service[115331]: DEBUG glance.api.middleware.version_negotiation [None req-27911a17-2f69-43c3-8848-6566a934c3b5 None None] Determining version of request: GET / Accept: application/json {{(pid=115331) process_request /opt/stack/glance/glance/api/middleware/version_negotiation.py:44}}
May 27 13:33:58 ubuntu devstack@g-api.service[115331]: DEBUG glance.api.middleware.version_negotiation [None req-27911a17-2f69-43c3-8848-6566a934c3b5 None None] Using url versioning {{(pid=115331) process_request /opt/stack/glance/glance/api/middleware/version_negotiation.py:57}}
May 27 13:33:58 ubuntu devstack@g-api.service[115331]: DEBUG glance.api.middleware.version_negotiation [None req-27911a17-2f69-43c3-8848-6566a934c3b5 None None] Unknown version. Returning version choices. {{(pid=115331) process_request /opt/stack/glance/glance/api/middleware/version_negotiation.py:64}}
May 27 13:33:58 ubuntu devstack@g-api.service[115331]: [pid: 115331|app: 0|req: 2/2] 127.0.0.1 () {34 vars in 521 bytes} [Wed May 27 13:33:58 2026] GET / => generated 1420 bytes in 1 msecs (HTTP/1.1 300) 3 headers in 106 bytes (1 switches on core 0)
May 27 13:33:58 ubuntu devstack@g-api.service[115330]: DEBUG glance.api.middleware.version_negotiation [None req-7f941bc6-9015-46f2-ba81-64df93beb7c2 None None] Determining version of request: POST /v2/images Accept: */* {{(pid=115330) process_request /opt/stack/glance/glance/api/middleware/version_negotiation.py:44}}
May 27 13:33:58 ubuntu devstack@g-api.service[115330]: DEBUG glance.api.middleware.version_negotiation [None req-7f941bc6-9015-46f2-ba81-64df93beb7c2 None None] Using url versioning {{(pid=115330) process_request /opt/stack/glance/glance/api/middleware/version_negotiation.py:57}}
May 27 13:33:58 ubuntu devstack@g-api.service[115330]: DEBUG glance.api.middleware.version_negotiation [None req-7f941bc6-9015-46f2-ba81-64df93beb7c2 None None] Matched version: v2 {{(pid=115330) process_request /opt/stack/glance/glance/api/middleware/version_negotiation.py:69}}
May 27 13:33:58 ubuntu devstack@g-api.service[115330]: DEBUG glance.api.middleware.version_negotiation [None req-7f941bc6-9015-46f2-ba81-64df93beb7c2 None None] new path /v2/images {{(pid=115330) process_request /opt/stack/glance/glance/api/middleware/version_negotiation.py:70}}
May 27 13:33:59 ubuntu devstack@g-api.service[115330]: [pid: 115330|app: 0|req: 1/3] 127.0.0.1 () {40 vars in 784 bytes} [Wed May 27 13:33:58 2026] POST /v2/images => generated 807 bytes in 771 msecs (HTTP/1.1 201) 6 headers in 314 bytes (1 switches on core 0)
May 27 13:34:00 ubuntu devstack@g-api.service[115331]: DEBUG glance.api.middleware.version_negotiation [None req-27911a17-2f69-43c3-8848-6566a934c3b5 None None] Determining version of request: PUT /v2/images/01573c65-1a88-42a9-8778-e52c4050dfc1/file Accept:  {{(pid=115331) process_request /opt/stack/glance/glance/api/middleware/version_negotiation.py:44}}
May 27 13:34:00 ubuntu devstack@g-api.service[115331]: DEBUG glance.api.middleware.version_negotiation [None req-27911a17-2f69-43c3-8848-6566a934c3b5 None None] Using url versioning {{(pid=115331) process_request /opt/stack/glance/glance/api/middleware/version_negotiation.py:57}}
May 27 13:34:00 ubuntu devstack@g-api.service[115331]: DEBUG glance.api.middleware.version_negotiation [None req-27911a17-2f69-43c3-8848-6566a934c3b5 None None] Matched version: v2 {{(pid=115331) process_request /opt/stack/glance/glance/api/middleware/version_negotiation.py:69}}
May 27 13:34:00 ubuntu devstack@g-api.service[115331]: DEBUG glance.api.middleware.version_negotiation [None req-27911a17-2f69-43c3-8848-6566a934c3b5 None None] new path /v2/images/01573c65-1a88-42a9-8778-e52c4050dfc1/file {{(pid=115331) process_request /opt/stack/glance/glance/api/middleware/version_negotiation.py:70}}
May 27 13:34:01 ubuntu devstack@g-api.service[115331]: INFO glance.api.v2.image_data [None req-122e2512-2bda-4884-8198-5c7d9527d62c admin admin] Unable to create trust: no such option collect_timing in group [keystone_authtoken] Use the existing user token.
May 27 13:34:01 ubuntu devstack@g-api.service[115331]: DEBUG glance.location [None req-122e2512-2bda-4884-8198-5c7d9527d62c admin admin] Enabling in-flight format inspection for qcow2 {{(pid=115331) set_data /opt/stack/glance/glance/location.py:616}}
May 27 13:34:01 ubuntu devstack@g-api.service[115331]: DEBUG oslo_utils.imageutils.format_inspector [None req-122e2512-2bda-4884-8198-5c7d9527d62c admin admin] Format inspector for vmdk does not match, excluding from consideration (Signature KDMV not found: b'QFI\xfb') {{(pid=115331) _process_chunk /opt/stack/data/venv/lib/python3.12/site-packages/oslo_utils/imageutils/format_inspector.py:1538}}
May 27 13:34:01 ubuntu devstack@g-api.service[115331]: DEBUG oslo_utils.imageutils.format_inspector [None req-122e2512-2bda-4884-8198-5c7d9527d62c admin admin] Format inspector for vhdx does not match, excluding from consideration (Region signature not found at 30000) {{(pid=115331) _process_chunk /opt/stack/data/venv/lib/python3.12/site-packages/oslo_utils/imageutils/format_inspector.py:1538}}
May 27 13:34:01 ubuntu devstack@g-api.service[115331]: DEBUG glance_store._drivers.filesystem [None req-122e2512-2bda-4884-8198-5c7d9527d62c admin admin] Wrote 16338944 bytes to /opt/stack/data/glance/images/01573c65-1a88-42a9-8778-e52c4050dfc1 with checksum 1d3062cd89af34e419f7100277f38b2b and multihash 553d220ed58cfee7dafe003c446a9f197ab5edf8ffc09396c74187cf83873c877e7ae041cb80f3b91489acf687183adcd689b53b38e3ddd22e627e7f98a09c46 {{(pid=115331) add /opt/stack/data/venv/lib/python3.12/site-packages/glance_store/_drivers/filesystem.py:899}}
May 27 13:34:01 ubuntu devstack@g-api.service[115331]: INFO glance.location [None req-122e2512-2bda-4884-8198-5c7d9527d62c admin admin] Image format matched and virtual size computed: 117440512
May 27 13:34:01 ubuntu devstack@g-api.service[115331]: DEBUG glance_store.backend [None req-122e2512-2bda-4884-8198-5c7d9527d62c admin admin] Skipping store.set_acls... not implemented. {{(pid=115331) set_acls /opt/stack/data/venv/lib/python3.12/site-packages/glance_store/backend.py:507}}
May 27 13:34:01 ubuntu devstack@g-api.service[115331]: [pid: 115331|app: 0|req: 3/4] 127.0.0.1 () {40 vars in 877 bytes} [Wed May 27 13:34:00 2026] PUT /v2/images/01573c65-1a88-42a9-8778-e52c4050dfc1/file => generated 0 bytes in 1103 msecs (HTTP/1.1 204) 4 headers in 171 bytes (988 switches on core 0)
May 27 13:34:01 ubuntu devstack@g-api.service[115330]: DEBUG glance.api.middleware.version_negotiation [None req-8b482bd6-69b3-42b2-9e1c-f8fe66bf629a admin admin] Determining version of request: GET /v2/images/01573c65-1a88-42a9-8778-e52c4050dfc1 Accept: */* {{(pid=115330) process_request /opt/stack/glance/glance/api/middleware/version_negotiation.py:44}}
May 27 13:34:01 ubuntu devstack@g-api.service[115330]: DEBUG glance.api.middleware.version_negotiation [None req-8b482bd6-69b3-42b2-9e1c-f8fe66bf629a admin admin] Using url versioning {{(pid=115330) process_request /opt/stack/glance/glance/api/middleware/version_negotiation.py:57}}
May 27 13:34:01 ubuntu devstack@g-api.service[115330]: DEBUG glance.api.middleware.version_negotiation [None req-8b482bd6-69b3-42b2-9e1c-f8fe66bf629a admin admin] Matched version: v2 {{(pid=115330) process_request /opt/stack/glance/glance/api/middleware/version_negotiation.py:69}}
May 27 13:34:01 ubuntu devstack@g-api.service[115330]: DEBUG glance.api.middleware.version_negotiation [None req-8b482bd6-69b3-42b2-9e1c-f8fe66bf629a admin admin] new path /v2/images/01573c65-1a88-42a9-8778-e52c4050dfc1 {{(pid=115330) process_request /opt/stack/glance/glance/api/middleware/version_negotiation.py:70}}
May 27 13:34:01 ubuntu devstack@g-api.service[115330]: [pid: 115330|app: 0|req: 2/5] 127.0.0.1 () {36 vars in 804 bytes} [Wed May 27 13:34:01 2026] GET /v2/images/01573c65-1a88-42a9-8778-e52c4050dfc1 => generated 976 bytes in 21 msecs (HTTP/1.1 200) 4 headers in 157 bytes (1 switches on core 0)
May 27 13:34:11 ubuntu devstack@g-api.service[115331]: DEBUG dbcounter [-] [115331] Writing DB stats glance:INSERT=5,glance:SELECT=16,glance:UPDATE=2 {{(pid=115331) stat_writer /opt/stack/data/venv/lib/python3.12/site-packages/dbcounter.py:115}}
May 27 13:34:11 ubuntu devstack@g-api.service[115330]: DEBUG dbcounter [-] [115330] Writing DB stats glance:INSERT=9,glance:SELECT=6 {{(pid=115330) stat_writer /opt/stack/data/venv/lib/python3.12/site-packages/dbcounter.py:115}}
May 27 13:34:30 ubuntu devstack@g-api.service[115331]: DEBUG glance.api.middleware.version_negotiation [None req-122e2512-2bda-4884-8198-5c7d9527d62c admin admin] Determining version of request: GET / Accept: application/json {{(pid=115331) process_request /opt/stack/glance/glance/api/middleware/version_negotiation.py:44}}
May 27 13:34:30 ubuntu devstack@g-api.service[115331]: DEBUG glance.api.middleware.version_negotiation [None req-122e2512-2bda-4884-8198-5c7d9527d62c admin admin] Using url versioning {{(pid=115331) process_request /opt/stack/glance/glance/api/middleware/version_negotiation.py:57}}
May 27 13:34:30 ubuntu devstack@g-api.service[115331]: DEBUG glance.api.middleware.version_negotiation [None req-122e2512-2bda-4884-8198-5c7d9527d62c admin admin] Unknown version. Returning version choices. {{(pid=115331) process_request /opt/stack/glance/glance/api/middleware/version_negotiation.py:64}}
May 27 13:34:30 ubuntu devstack@g-api.service[115331]: [pid: 115331|app: 0|req: 4/6] 127.0.0.1 () {34 vars in 521 bytes} [Wed May 27 13:34:30 2026] GET / => generated 1420 bytes in 7 msecs (HTTP/1.1 300) 3 headers in 106 bytes (1 switches on core 0)
May 27 13:34:30 ubuntu devstack@g-api.service[115330]: DEBUG glance.api.middleware.version_negotiation [None req-35baeb1c-34aa-4fd2-95ae-e865e3638ef0 admin admin] Determining version of request: GET /v2/images Accept: application/json {{(pid=115330) process_request /opt/stack/glance/glance/api/middleware/version_negotiation.py:44}}
May 27 13:34:30 ubuntu devstack@g-api.service[115330]: DEBUG glance.api.middleware.version_negotiation [None req-35baeb1c-34aa-4fd2-95ae-e865e3638ef0 admin admin] Using url versioning {{(pid=115330) process_request /opt/stack/glance/glance/api/middleware/version_negotiation.py:57}}
May 27 13:34:30 ubuntu devstack@g-api.service[115330]: DEBUG glance.api.middleware.version_negotiation [None req-35baeb1c-34aa-4fd2-95ae-e865e3638ef0 admin admin] Matched version: v2 {{(pid=115330) process_request /opt/stack/glance/glance/api/middleware/version_negotiation.py:69}}
May 27 13:34:30 ubuntu devstack@g-api.service[115330]: DEBUG glance.api.middleware.version_negotiation [None req-35baeb1c-34aa-4fd2-95ae-e865e3638ef0 admin admin] new path /v2/images {{(pid=115330) process_request /opt/stack/glance/glance/api/middleware/version_negotiation.py:70}}
May 27 13:34:30 ubuntu devstack@g-api.service[115330]: [pid: 115330|app: 0|req: 3/7] 127.0.0.1 () {36 vars in 743 bytes} [Wed May 27 13:34:30 2026] GET /v2/images => generated 1045 bytes in 63 msecs (HTTP/1.1 200) 4 headers in 158 bytes (1 switches on core 0)
May 27 13:34:37 ubuntu devstack@g-api.service[115331]: DEBUG glance.api.middleware.version_negotiation [None req-122e2512-2bda-4884-8198-5c7d9527d62c admin admin] Determining version of request: GET / Accept: application/json {{(pid=115331) process_request /opt/stack/glance/glance/api/middleware/version_negotiation.py:44}}
May 27 13:34:37 ubuntu devstack@g-api.service[115331]: DEBUG glance.api.middleware.version_negotiation [None req-122e2512-2bda-4884-8198-5c7d9527d62c admin admin] Using url versioning {{(pid=115331) process_request /opt/stack/glance/glance/api/middleware/version_negotiation.py:57}}
May 27 13:34:37 ubuntu devstack@g-api.service[115331]: DEBUG glance.api.middleware.version_negotiation [None req-122e2512-2bda-4884-8198-5c7d9527d62c admin admin] Unknown version. Returning version choices. {{(pid=115331) process_request /opt/stack/glance/glance/api/middleware/version_negotiation.py:64}}
May 27 13:34:37 ubuntu devstack@g-api.service[115331]: [pid: 115331|app: 0|req: 5/8] 127.0.0.1 () {34 vars in 521 bytes} [Wed May 27 13:34:37 2026] GET / => generated 1420 bytes in 5 msecs (HTTP/1.1 300) 3 headers in 106 bytes (1 switches on core 0)
May 27 13:34:37 ubuntu devstack@g-api.service[115330]: DEBUG glance.api.middleware.version_negotiation [None req-3d385f1c-07e0-4dca-b39c-d649b3e75483 admin admin] Determining version of request: GET /v2/images/01573c65-1a88-42a9-8778-e52c4050dfc1 Accept: */* {{(pid=115330) process_request /opt/stack/glance/glance/api/middleware/version_negotiation.py:44}}
May 27 13:34:37 ubuntu devstack@g-api.service[115330]: DEBUG glance.api.middleware.version_negotiation [None req-3d385f1c-07e0-4dca-b39c-d649b3e75483 admin admin] Using url versioning {{(pid=115330) process_request /opt/stack/glance/glance/api/middleware/version_negotiation.py:57}}
May 27 13:34:37 ubuntu devstack@g-api.service[115330]: DEBUG glance.api.middleware.version_negotiation [None req-3d385f1c-07e0-4dca-b39c-d649b3e75483 admin admin] Matched version: v2 {{(pid=115330) process_request /opt/stack/glance/glance/api/middleware/version_negotiation.py:69}}
May 27 13:34:37 ubuntu devstack@g-api.service[115330]: DEBUG glance.api.middleware.version_negotiation [None req-3d385f1c-07e0-4dca-b39c-d649b3e75483 admin admin] new path /v2/images/01573c65-1a88-42a9-8778-e52c4050dfc1 {{(pid=115330) process_request /opt/stack/glance/glance/api/middleware/version_negotiation.py:70}}
May 27 13:34:37 ubuntu devstack@g-api.service[115330]: [pid: 115330|app: 0|req: 4/9] 127.0.0.1 () {36 vars in 804 bytes} [Wed May 27 13:34:37 2026] GET /v2/images/01573c65-1a88-42a9-8778-e52c4050dfc1 => generated 976 bytes in 62 msecs (HTTP/1.1 200) 4 headers in 157 bytes (1 switches on core 0)
May 27 13:34:41 ubuntu devstack@g-api.service[115331]: DEBUG glance.api.middleware.version_negotiation [None req-122e2512-2bda-4884-8198-5c7d9527d62c admin admin] Determining version of request: GET / Accept: application/json {{(pid=115331) process_request /opt/stack/glance/glance/api/middleware/version_negotiation.py:44}}
May 27 13:34:41 ubuntu devstack@g-api.service[115331]: DEBUG glance.api.middleware.version_negotiation [None req-122e2512-2bda-4884-8198-5c7d9527d62c admin admin] Using url versioning {{(pid=115331) process_request /opt/stack/glance/glance/api/middleware/version_negotiation.py:57}}
May 27 13:34:41 ubuntu devstack@g-api.service[115331]: DEBUG glance.api.middleware.version_negotiation [None req-122e2512-2bda-4884-8198-5c7d9527d62c admin admin] Unknown version. Returning version choices. {{(pid=115331) process_request /opt/stack/glance/glance/api/middleware/version_negotiation.py:64}}
May 27 13:34:41 ubuntu devstack@g-api.service[115331]: [pid: 115331|app: 0|req: 6/10] 127.0.0.1 () {34 vars in 521 bytes} [Wed May 27 13:34:41 2026] GET / => generated 1420 bytes in 4 msecs (HTTP/1.1 300) 3 headers in 106 bytes (1 switches on core 0)
May 27 13:34:41 ubuntu devstack@g-api.service[115330]: DEBUG glance.api.middleware.version_negotiation [None req-df9dbba9-363f-45d5-bd26-337080c6de5d admin admin] Determining version of request: GET /v2/images/01573c65-1a88-42a9-8778-e52c4050dfc1 Accept: */* {{(pid=115330) process_request /opt/stack/glance/glance/api/middleware/version_negotiation.py:44}}
May 27 13:34:41 ubuntu devstack@g-api.service[115330]: DEBUG glance.api.middleware.version_negotiation [None req-df9dbba9-363f-45d5-bd26-337080c6de5d admin admin] Using url versioning {{(pid=115330) process_request /opt/stack/glance/glance/api/middleware/version_negotiation.py:57}}
May 27 13:34:41 ubuntu devstack@g-api.service[115330]: DEBUG glance.api.middleware.version_negotiation [None req-df9dbba9-363f-45d5-bd26-337080c6de5d admin admin] Matched version: v2 {{(pid=115330) process_request /opt/stack/glance/glance/api/middleware/version_negotiation.py:69}}
May 27 13:34:41 ubuntu devstack@g-api.service[115330]: DEBUG glance.api.middleware.version_negotiation [None req-df9dbba9-363f-45d5-bd26-337080c6de5d admin admin] new path /v2/images/01573c65-1a88-42a9-8778-e52c4050dfc1 {{(pid=115330) process_request /opt/stack/glance/glance/api/middleware/version_negotiation.py:70}}
May 27 13:34:41 ubuntu devstack@g-api.service[115330]: [pid: 115330|app: 0|req: 5/11] 127.0.0.1 () {36 vars in 804 bytes} [Wed May 27 13:34:41 2026] GET /v2/images/01573c65-1a88-42a9-8778-e52c4050dfc1 => generated 976 bytes in 42 msecs (HTTP/1.1 200) 4 headers in 157 bytes (1 switches on core 0)
May 27 13:34:51 ubuntu devstack@g-api.service[115330]: DEBUG dbcounter [-] [115330] Writing DB stats glance:SELECT=5 {{(pid=115330) stat_writer /opt/stack/data/venv/lib/python3.12/site-packages/dbcounter.py:115}}
May 27 13:35:59 ubuntu devstack@g-api.service[115331]: DEBUG glance.api.middleware.version_negotiation [None req-122e2512-2bda-4884-8198-5c7d9527d62c admin admin] Determining version of request: GET / Accept: application/json {{(pid=115331) process_request /opt/stack/glance/glance/api/middleware/version_negotiation.py:44}}
May 27 13:35:59 ubuntu devstack@g-api.service[115331]: DEBUG glance.api.middleware.version_negotiation [None req-122e2512-2bda-4884-8198-5c7d9527d62c admin admin] Using url versioning {{(pid=115331) process_request /opt/stack/glance/glance/api/middleware/version_negotiation.py:57}}
May 27 13:35:59 ubuntu devstack@g-api.service[115331]: DEBUG glance.api.middleware.version_negotiation [None req-122e2512-2bda-4884-8198-5c7d9527d62c admin admin] Unknown version. Returning version choices. {{(pid=115331) process_request /opt/stack/glance/glance/api/middleware/version_negotiation.py:64}}
May 27 13:35:59 ubuntu devstack@g-api.service[115331]: [pid: 115331|app: 0|req: 7/12] 127.0.0.1 () {36 vars in 474 bytes} [Wed May 27 13:35:59 2026] GET / => generated 1420 bytes in 2 msecs (HTTP/1.1 300) 3 headers in 106 bytes (1 switches on core 0)
May 27 13:38:42 ubuntu devstack@g-api.service[115330]: DEBUG glance.api.middleware.version_negotiation [None req-d359bc18-20ff-4b6c-a900-a8b986955df5 admin admin] Determining version of request: GET /versions Accept: */* {{(pid=115330) process_request /opt/stack/glance/glance/api/middleware/version_negotiation.py:44}}
May 27 13:38:42 ubuntu devstack@g-api.service[115330]: [pid: 115330|app: 0|req: 6/13] 127.0.0.1 () {38 vars in 709 bytes} [Wed May 27 13:38:42 2026] GET /versions => generated 1420 bytes in 10 msecs (HTTP/1.1 200) 3 headers in 92 bytes (1 switches on core 0)
May 27 13:38:43 ubuntu devstack@g-api.service[115331]: DEBUG glance.api.middleware.version_negotiation [None req-122e2512-2bda-4884-8198-5c7d9527d62c admin admin] Determining version of request: GET /v2/schemas/image Accept: */* {{(pid=115331) process_request /opt/stack/glance/glance/api/middleware/version_negotiation.py:44}}
May 27 13:38:43 ubuntu devstack@g-api.service[115331]: DEBUG glance.api.middleware.version_negotiation [None req-122e2512-2bda-4884-8198-5c7d9527d62c admin admin] Using url versioning {{(pid=115331) process_request /opt/stack/glance/glance/api/middleware/version_negotiation.py:57}}
May 27 13:38:43 ubuntu devstack@g-api.service[115331]: DEBUG glance.api.middleware.version_negotiation [None req-122e2512-2bda-4884-8198-5c7d9527d62c admin admin] Matched version: v2 {{(pid=115331) process_request /opt/stack/glance/glance/api/middleware/version_negotiation.py:69}}
May 27 13:38:43 ubuntu devstack@g-api.service[115331]: DEBUG glance.api.middleware.version_negotiation [None req-122e2512-2bda-4884-8198-5c7d9527d62c admin admin] new path /v2/schemas/image {{(pid=115331) process_request /opt/stack/glance/glance/api/middleware/version_negotiation.py:70}}
May 27 13:38:43 ubuntu devstack@g-api.service[115331]: [pid: 115331|app: 0|req: 8/14] 127.0.0.1 () {38 vars in 725 bytes} [Wed May 27 13:38:43 2026] GET /v2/schemas/image => generated 6083 bytes in 180 msecs (HTTP/1.1 200) 4 headers in 158 bytes (1 switches on core 0)
May 27 13:38:43 ubuntu devstack@g-api.service[115330]: DEBUG glance.api.middleware.version_negotiation [None req-d359bc18-20ff-4b6c-a900-a8b986955df5 admin admin] Determining version of request: GET /v2/schemas/metadefs/namespace Accept: */* {{(pid=115330) process_request /opt/stack/glance/glance/api/middleware/version_negotiation.py:44}}
May 27 13:38:43 ubuntu devstack@g-api.service[115330]: DEBUG glance.api.middleware.version_negotiation [None req-d359bc18-20ff-4b6c-a900-a8b986955df5 admin admin] Using url versioning {{(pid=115330) process_request /opt/stack/glance/glance/api/middleware/version_negotiation.py:57}}
May 27 13:38:43 ubuntu devstack@g-api.service[115330]: DEBUG glance.api.middleware.version_negotiation [None req-d359bc18-20ff-4b6c-a900-a8b986955df5 admin admin] Matched version: v2 {{(pid=115330) process_request /opt/stack/glance/glance/api/middleware/version_negotiation.py:69}}
May 27 13:38:43 ubuntu devstack@g-api.service[115330]: DEBUG glance.api.middleware.version_negotiation [None req-d359bc18-20ff-4b6c-a900-a8b986955df5 admin admin] new path /v2/schemas/metadefs/namespace {{(pid=115330) process_request /opt/stack/glance/glance/api/middleware/version_negotiation.py:70}}
May 27 13:38:43 ubuntu devstack@g-api.service[115330]: [pid: 115330|app: 0|req: 7/15] 127.0.0.1 () {38 vars in 751 bytes} [Wed May 27 13:38:43 2026] GET /v2/schemas/metadefs/namespace => generated 3100 bytes in 12 msecs (HTTP/1.1 200) 4 headers in 158 bytes (1 switches on core 0)
May 27 13:38:43 ubuntu devstack@g-api.service[115331]: DEBUG glance.api.middleware.version_negotiation [None req-bfe33df1-3414-4f88-ba7e-3c34803972c2 admin admin] Determining version of request: GET /v2/schemas/metadefs/resource_type Accept: */* {{(pid=115331) process_request /opt/stack/glance/glance/api/middleware/version_negotiation.py:44}}
May 27 13:38:43 ubuntu devstack@g-api.service[115331]: DEBUG glance.api.middleware.version_negotiation [None req-bfe33df1-3414-4f88-ba7e-3c34803972c2 admin admin] Using url versioning {{(pid=115331) process_request /opt/stack/glance/glance/api/middleware/version_negotiation.py:57}}
May 27 13:38:43 ubuntu devstack@g-api.service[115331]: DEBUG glance.api.middleware.version_negotiation [None req-bfe33df1-3414-4f88-ba7e-3c34803972c2 admin admin] Matched version: v2 {{(pid=115331) process_request /opt/stack/glance/glance/api/middleware/version_negotiation.py:69}}
May 27 13:38:43 ubuntu devstack@g-api.service[115331]: DEBUG glance.api.middleware.version_negotiation [None req-bfe33df1-3414-4f88-ba7e-3c34803972c2 admin admin] new path /v2/schemas/metadefs/resource_type {{(pid=115331) process_request /opt/stack/glance/glance/api/middleware/version_negotiation.py:70}}
May 27 13:38:43 ubuntu devstack@g-api.service[115331]: [pid: 115331|app: 0|req: 9/16] 127.0.0.1 () {38 vars in 759 bytes} [Wed May 27 13:38:43 2026] GET /v2/schemas/metadefs/resource_type => generated 1260 bytes in 5 msecs (HTTP/1.1 200) 4 headers in 158 bytes (1 switches on core 0)
May 27 13:38:43 ubuntu devstack@g-api.service[115330]: DEBUG glance.api.middleware.version_negotiation [None req-9da29db2-bcae-44c0-9266-b35907bb90d5 admin admin] Determining version of request: GET /v2/images Accept: */* {{(pid=115330) process_request /opt/stack/glance/glance/api/middleware/version_negotiation.py:44}}
May 27 13:38:43 ubuntu devstack@g-api.service[115330]: DEBUG glance.api.middleware.version_negotiation [None req-9da29db2-bcae-44c0-9266-b35907bb90d5 admin admin] Using url versioning {{(pid=115330) process_request /opt/stack/glance/glance/api/middleware/version_negotiation.py:57}}
May 27 13:38:43 ubuntu devstack@g-api.service[115330]: DEBUG glance.api.middleware.version_negotiation [None req-9da29db2-bcae-44c0-9266-b35907bb90d5 admin admin] Matched version: v2 {{(pid=115330) process_request /opt/stack/glance/glance/api/middleware/version_negotiation.py:69}}
May 27 13:38:43 ubuntu devstack@g-api.service[115330]: DEBUG glance.api.middleware.version_negotiation [None req-9da29db2-bcae-44c0-9266-b35907bb90d5 admin admin] new path /v2/images {{(pid=115330) process_request /opt/stack/glance/glance/api/middleware/version_negotiation.py:70}}
May 27 13:38:43 ubuntu devstack@g-api.service[115330]: [pid: 115330|app: 0|req: 8/17] 127.0.0.1 () {38 vars in 784 bytes} [Wed May 27 13:38:43 2026] GET /v2/images?limit=200&sort_key=name&sort_dir=asc => generated 1082 bytes in 66 msecs (HTTP/1.1 200) 4 headers in 158 bytes (1 switches on core 0)
May 27 13:38:43 ubuntu devstack@g-api.service[115331]: DEBUG glance.api.middleware.version_negotiation [None req-87e769e6-8aee-49e5-83fc-c51fe2fe3a67 admin admin] Determining version of request: GET /v2/schemas/image Accept: */* {{(pid=115331) process_request /opt/stack/glance/glance/api/middleware/version_negotiation.py:44}}
May 27 13:38:43 ubuntu devstack@g-api.service[115331]: DEBUG glance.api.middleware.version_negotiation [None req-87e769e6-8aee-49e5-83fc-c51fe2fe3a67 admin admin] Using url versioning {{(pid=115331) process_request /opt/stack/glance/glance/api/middleware/version_negotiation.py:57}}
May 27 13:38:43 ubuntu devstack@g-api.service[115331]: DEBUG glance.api.middleware.version_negotiation [None req-87e769e6-8aee-49e5-83fc-c51fe2fe3a67 admin admin] Matched version: v2 {{(pid=115331) process_request /opt/stack/glance/glance/api/middleware/version_negotiation.py:69}}
May 27 13:38:43 ubuntu devstack@g-api.service[115331]: DEBUG glance.api.middleware.version_negotiation [None req-87e769e6-8aee-49e5-83fc-c51fe2fe3a67 admin admin] new path /v2/schemas/image {{(pid=115331) process_request /opt/stack/glance/glance/api/middleware/version_negotiation.py:70}}
May 27 13:38:43 ubuntu devstack@g-api.service[115331]: [pid: 115331|app: 0|req: 10/18] 127.0.0.1 () {38 vars in 725 bytes} [Wed May 27 13:38:43 2026] GET /v2/schemas/image => generated 6083 bytes in 4 msecs (HTTP/1.1 200) 4 headers in 158 bytes (1 switches on core 0)
May 27 13:38:53 ubuntu devstack@g-api.service[115330]: DEBUG dbcounter [-] [115330] Writing DB stats glance:SELECT=1 {{(pid=115330) stat_writer /opt/stack/data/venv/lib/python3.12/site-packages/dbcounter.py:115}}
May 27 13:45:24 ubuntu devstack@g-api.service[115330]: DEBUG glance.api.middleware.version_negotiation [None req-96bd3c96-7bfe-46da-a6d6-6fc278e54245 admin admin] Determining version of request: POST /v2/images Accept: application/json {{(pid=115330) process_request /opt/stack/glance/glance/api/middleware/version_negotiation.py:44}}
May 27 13:45:24 ubuntu devstack@g-api.service[115330]: DEBUG glance.api.middleware.version_negotiation [None req-96bd3c96-7bfe-46da-a6d6-6fc278e54245 admin admin] Using url versioning {{(pid=115330) process_request /opt/stack/glance/glance/api/middleware/version_negotiation.py:57}}
May 27 13:45:24 ubuntu devstack@g-api.service[115330]: DEBUG glance.api.middleware.version_negotiation [None req-96bd3c96-7bfe-46da-a6d6-6fc278e54245 admin admin] Matched version: v2 {{(pid=115330) process_request /opt/stack/glance/glance/api/middleware/version_negotiation.py:69}}
May 27 13:45:24 ubuntu devstack@g-api.service[115330]: DEBUG glance.api.middleware.version_negotiation [None req-96bd3c96-7bfe-46da-a6d6-6fc278e54245 admin admin] new path /v2/images {{(pid=115330) process_request /opt/stack/glance/glance/api/middleware/version_negotiation.py:70}}
May 27 13:45:25 ubuntu devstack@g-api.service[115330]: [pid: 115330|app: 0|req: 9/19] 127.0.0.1 () {40 vars in 718 bytes} [Wed May 27 13:45:24 2026] POST /v2/images => generated 652 bytes in 367 msecs (HTTP/1.1 201) 6 headers in 314 bytes (1 switches on core 0)
May 27 13:45:25 ubuntu devstack@g-api.service[115331]: DEBUG glance.api.middleware.version_negotiation [None req-cc86730a-e79e-4c4e-ab37-d2c16349effd admin admin] Determining version of request: PUT /v2/images/ab2308a0-1883-454d-8e4e-08aeb09cc713/file Accept: <no header in request> {{(pid=115331) process_request /opt/stack/glance/glance/api/middleware/version_negotiation.py:44}}
May 27 13:45:25 ubuntu devstack@g-api.service[115331]: DEBUG glance.api.middleware.version_negotiation [None req-cc86730a-e79e-4c4e-ab37-d2c16349effd admin admin] Using url versioning {{(pid=115331) process_request /opt/stack/glance/glance/api/middleware/version_negotiation.py:57}}
May 27 13:45:25 ubuntu devstack@g-api.service[115331]: DEBUG glance.api.middleware.version_negotiation [None req-cc86730a-e79e-4c4e-ab37-d2c16349effd admin admin] Matched version: v2 {{(pid=115331) process_request /opt/stack/glance/glance/api/middleware/version_negotiation.py:69}}
May 27 13:45:25 ubuntu devstack@g-api.service[115331]: DEBUG glance.api.middleware.version_negotiation [None req-cc86730a-e79e-4c4e-ab37-d2c16349effd admin admin] new path /v2/images/ab2308a0-1883-454d-8e4e-08aeb09cc713/file {{(pid=115331) process_request /opt/stack/glance/glance/api/middleware/version_negotiation.py:70}}
May 27 13:45:25 ubuntu devstack@g-api.service[115331]: INFO glance.api.v2.image_data [None req-f465e3e0-55f9-4c92-8a8b-b18fa19b705e tempest-VolumesNegativeTest-459009082 tempest-VolumesNegativeTest-459009082-project-member] Unable to create trust: no such option collect_timing in group [keystone_authtoken] Use the existing user token.
May 27 13:45:26 ubuntu devstack@g-api.service[115331]: DEBUG glance.location [None req-f465e3e0-55f9-4c92-8a8b-b18fa19b705e tempest-VolumesNegativeTest-459009082 tempest-VolumesNegativeTest-459009082-project-member] Enabling in-flight format inspection for raw {{(pid=115331) set_data /opt/stack/glance/glance/location.py:616}}
May 27 13:45:26 ubuntu devstack@g-api.service[115331]: DEBUG oslo_utils.imageutils.format_inspector [None req-f465e3e0-55f9-4c92-8a8b-b18fa19b705e tempest-VolumesNegativeTest-459009082 tempest-VolumesNegativeTest-459009082-project-member] Format inspector for vmdk does not match, excluding from consideration (Signature KDMV not found: b'\xfeLFg') {{(pid=115331) _process_chunk /opt/stack/data/venv/lib/python3.12/site-packages/oslo_utils/imageutils/format_inspector.py:1538}}
