May 26 18:54:58 ubuntu devstack@g-api.service[114913]: DEBUG glance.common.config [None req-5d5d3d93-54aa-4339-9dc4-730d093de3ad None None] oslo_messaging_rabbit.ssl_cert_file =  {{(pid=114913) log_opt_values /opt/stack/data/venv/lib/python3.12/site-packages/oslo_config/cfg.py:3256}}
May 26 18:54:58 ubuntu devstack@g-api.service[114913]: DEBUG glance.common.config [None req-5d5d3d93-54aa-4339-9dc4-730d093de3ad None None] oslo_messaging_rabbit.ssl_enforce_fips_mode = False {{(pid=114913) log_opt_values /opt/stack/data/venv/lib/python3.12/site-packages/oslo_config/cfg.py:3256}}
May 26 18:54:58 ubuntu devstack@g-api.service[114913]: DEBUG glance.common.config [None req-5d5d3d93-54aa-4339-9dc4-730d093de3ad None None] oslo_messaging_rabbit.ssl_enforce_hostname_verification = True {{(pid=114913) log_opt_values /opt/stack/data/venv/lib/python3.12/site-packages/oslo_config/cfg.py:3256}}
May 26 18:54:58 ubuntu devstack@g-api.service[114913]: DEBUG glance.common.config [None req-5d5d3d93-54aa-4339-9dc4-730d093de3ad None None] oslo_messaging_rabbit.ssl_key_file =  {{(pid=114913) log_opt_values /opt/stack/data/venv/lib/python3.12/site-packages/oslo_config/cfg.py:3256}}
May 26 18:54:58 ubuntu devstack@g-api.service[114912]: DEBUG glance.api.middleware.version_negotiation [None req-e92e773c-e21a-4f4e-beae-70a94c3024ae None None] Determining version of request: GET / Accept: */* {{(pid=114912) process_request /opt/stack/glance/glance/api/middleware/version_negotiation.py:44}}
May 26 18:54:58 ubuntu devstack@g-api.service[114913]: DEBUG glance.common.config [None req-5d5d3d93-54aa-4339-9dc4-730d093de3ad None None] oslo_messaging_rabbit.ssl_version =  {{(pid=114913) log_opt_values /opt/stack/data/venv/lib/python3.12/site-packages/oslo_config/cfg.py:3256}}
May 26 18:54:58 ubuntu devstack@g-api.service[114913]: DEBUG glance.common.config [None req-5d5d3d93-54aa-4339-9dc4-730d093de3ad None None] oslo_messaging_rabbit.use_queue_manager = False {{(pid=114913) log_opt_values /opt/stack/data/venv/lib/python3.12/site-packages/oslo_config/cfg.py:3256}}
May 26 18:54:58 ubuntu devstack@g-api.service[114912]: DEBUG glance.api.middleware.version_negotiation [None req-e92e773c-e21a-4f4e-beae-70a94c3024ae None None] Using url versioning {{(pid=114912) process_request /opt/stack/glance/glance/api/middleware/version_negotiation.py:57}}
May 26 18:54:58 ubuntu devstack@g-api.service[114913]: DEBUG glance.common.config [None req-5d5d3d93-54aa-4339-9dc4-730d093de3ad None None] key_manager.backend            = barbican {{(pid=114913) log_opt_values /opt/stack/data/venv/lib/python3.12/site-packages/oslo_config/cfg.py:3256}}
May 26 18:54:58 ubuntu devstack@g-api.service[114913]: DEBUG glance.common.config [None req-5d5d3d93-54aa-4339-9dc4-730d093de3ad None None] key_manager.fixed_key          = None {{(pid=114913) log_opt_values /opt/stack/data/venv/lib/python3.12/site-packages/oslo_config/cfg.py:3256}}
May 26 18:54:58 ubuntu devstack@g-api.service[114912]: DEBUG glance.api.middleware.version_negotiation [None req-e92e773c-e21a-4f4e-beae-70a94c3024ae None None] Unknown version. Returning version choices. {{(pid=114912) process_request /opt/stack/glance/glance/api/middleware/version_negotiation.py:64}}
May 26 18:54:58 ubuntu devstack@g-api.service[114913]: DEBUG glance.common.config [None req-5d5d3d93-54aa-4339-9dc4-730d093de3ad None None] barbican.auth_endpoint         = http://localhost/identity/v3 {{(pid=114913) log_opt_values /opt/stack/data/venv/lib/python3.12/site-packages/oslo_config/cfg.py:3256}}
May 26 18:54:58 ubuntu devstack@g-api.service[114913]: DEBUG glance.common.config [None req-5d5d3d93-54aa-4339-9dc4-730d093de3ad None None] barbican.barbican_api_version  = None {{(pid=114913) log_opt_values /opt/stack/data/venv/lib/python3.12/site-packages/oslo_config/cfg.py:3256}}
May 26 18:54:58 ubuntu devstack@g-api.service[114913]: DEBUG glance.common.config [None req-5d5d3d93-54aa-4339-9dc4-730d093de3ad None None] barbican.barbican_endpoint     = None {{(pid=114913) log_opt_values /opt/stack/data/venv/lib/python3.12/site-packages/oslo_config/cfg.py:3256}}
May 26 18:54:58 ubuntu devstack@g-api.service[114913]: DEBUG glance.common.config [None req-5d5d3d93-54aa-4339-9dc4-730d093de3ad None None] barbican.barbican_endpoint_type = public {{(pid=114913) log_opt_values /opt/stack/data/venv/lib/python3.12/site-packages/oslo_config/cfg.py:3256}}
May 26 18:54:58 ubuntu devstack@g-api.service[114913]: DEBUG glance.common.config [None req-5d5d3d93-54aa-4339-9dc4-730d093de3ad None None] barbican.barbican_region_name  = None {{(pid=114913) log_opt_values /opt/stack/data/venv/lib/python3.12/site-packages/oslo_config/cfg.py:3256}}
May 26 18:54:58 ubuntu devstack@g-api.service[114913]: DEBUG glance.common.config [None req-5d5d3d93-54aa-4339-9dc4-730d093de3ad None None] barbican.cafile                = None {{(pid=114913) log_opt_values /opt/stack/data/venv/lib/python3.12/site-packages/oslo_config/cfg.py:3256}}
May 26 18:54:58 ubuntu devstack@g-api.service[114913]: DEBUG glance.common.config [None req-5d5d3d93-54aa-4339-9dc4-730d093de3ad None None] barbican.certfile              = None {{(pid=114913) log_opt_values /opt/stack/data/venv/lib/python3.12/site-packages/oslo_config/cfg.py:3256}}
May 26 18:54:58 ubuntu devstack@g-api.service[114913]: DEBUG glance.common.config [None req-5d5d3d93-54aa-4339-9dc4-730d093de3ad None None] barbican.collect_timing        = False {{(pid=114913) log_opt_values /opt/stack/data/venv/lib/python3.12/site-packages/oslo_config/cfg.py:3256}}
May 26 18:54:58 ubuntu devstack@g-api.service[114913]: DEBUG glance.common.config [None req-5d5d3d93-54aa-4339-9dc4-730d093de3ad None None] barbican.insecure              = False {{(pid=114913) log_opt_values /opt/stack/data/venv/lib/python3.12/site-packages/oslo_config/cfg.py:3256}}
May 26 18:54:58 ubuntu devstack@g-api.service[114913]: DEBUG glance.common.config [None req-5d5d3d93-54aa-4339-9dc4-730d093de3ad None None] barbican.keyfile               = None {{(pid=114913) log_opt_values /opt/stack/data/venv/lib/python3.12/site-packages/oslo_config/cfg.py:3256}}
May 26 18:54:58 ubuntu devstack@g-api.service[114913]: DEBUG glance.common.config [None req-5d5d3d93-54aa-4339-9dc4-730d093de3ad None None] barbican.number_of_retries     = 60 {{(pid=114913) log_opt_values /opt/stack/data/venv/lib/python3.12/site-packages/oslo_config/cfg.py:3256}}
May 26 18:54:58 ubuntu devstack@g-api.service[114913]: DEBUG glance.common.config [None req-5d5d3d93-54aa-4339-9dc4-730d093de3ad None None] barbican.retry_delay           = 1 {{(pid=114913) log_opt_values /opt/stack/data/venv/lib/python3.12/site-packages/oslo_config/cfg.py:3256}}
May 26 18:54:58 ubuntu devstack@g-api.service[114913]: DEBUG glance.common.config [None req-5d5d3d93-54aa-4339-9dc4-730d093de3ad None None] barbican.send_service_user_token = False {{(pid=114913) log_opt_values /opt/stack/data/venv/lib/python3.12/site-packages/oslo_config/cfg.py:3256}}
May 26 18:54:58 ubuntu devstack@g-api.service[114913]: DEBUG glance.common.config [None req-5d5d3d93-54aa-4339-9dc4-730d093de3ad None None] barbican.split_loggers         = False {{(pid=114913) log_opt_values /opt/stack/data/venv/lib/python3.12/site-packages/oslo_config/cfg.py:3256}}
May 26 18:54:58 ubuntu devstack@g-api.service[114913]: DEBUG glance.common.config [None req-5d5d3d93-54aa-4339-9dc4-730d093de3ad None None] barbican.timeout               = None {{(pid=114913) log_opt_values /opt/stack/data/venv/lib/python3.12/site-packages/oslo_config/cfg.py:3256}}
May 26 18:54:58 ubuntu devstack@g-api.service[114913]: DEBUG glance.common.config [None req-5d5d3d93-54aa-4339-9dc4-730d093de3ad None None] barbican.verify_ssl            = True {{(pid=114913) log_opt_values /opt/stack/data/venv/lib/python3.12/site-packages/oslo_config/cfg.py:3256}}
May 26 18:54:58 ubuntu devstack@g-api.service[114913]: DEBUG glance.common.config [None req-5d5d3d93-54aa-4339-9dc4-730d093de3ad None None] barbican.verify_ssl_path       = None {{(pid=114913) log_opt_values /opt/stack/data/venv/lib/python3.12/site-packages/oslo_config/cfg.py:3256}}
May 26 18:54:58 ubuntu devstack@g-api.service[114913]: DEBUG glance.common.config [None req-5d5d3d93-54aa-4339-9dc4-730d093de3ad None None] barbican_service_user.auth_section = None {{(pid=114913) log_opt_values /opt/stack/data/venv/lib/python3.12/site-packages/oslo_config/cfg.py:3256}}
May 26 18:54:58 ubuntu devstack@g-api.service[114913]: DEBUG glance.common.config [None req-5d5d3d93-54aa-4339-9dc4-730d093de3ad None None] barbican_service_user.auth_type = None {{(pid=114913) log_opt_values /opt/stack/data/venv/lib/python3.12/site-packages/oslo_config/cfg.py:3256}}
May 26 18:54:58 ubuntu devstack@g-api.service[114913]: DEBUG glance.common.config [None req-5d5d3d93-54aa-4339-9dc4-730d093de3ad None None] barbican_service_user.cafile   = None {{(pid=114913) log_opt_values /opt/stack/data/venv/lib/python3.12/site-packages/oslo_config/cfg.py:3256}}
May 26 18:54:58 ubuntu devstack@g-api.service[114913]: DEBUG glance.common.config [None req-5d5d3d93-54aa-4339-9dc4-730d093de3ad None None] barbican_service_user.certfile = None {{(pid=114913) log_opt_values /opt/stack/data/venv/lib/python3.12/site-packages/oslo_config/cfg.py:3256}}
May 26 18:54:58 ubuntu devstack@g-api.service[114912]: [pid: 114912|app: 0|req: 1/1] 127.0.0.1 () {32 vars in 387 bytes} [Tue May 26 18:54:58 2026] GET / => generated 1420 bytes in 1 msecs (HTTP/1.1 300) 3 headers in 106 bytes (1 switches on core 0)
May 26 18:54:58 ubuntu devstack@g-api.service[114913]: DEBUG glance.common.config [None req-5d5d3d93-54aa-4339-9dc4-730d093de3ad None None] barbican_service_user.collect_timing = False {{(pid=114913) log_opt_values /opt/stack/data/venv/lib/python3.12/site-packages/oslo_config/cfg.py:3256}}
May 26 18:54:58 ubuntu devstack@g-api.service[114913]: DEBUG glance.common.config [None req-5d5d3d93-54aa-4339-9dc4-730d093de3ad None None] barbican_service_user.insecure = False {{(pid=114913) log_opt_values /opt/stack/data/venv/lib/python3.12/site-packages/oslo_config/cfg.py:3256}}
May 26 18:54:58 ubuntu devstack@g-api.service[114913]: DEBUG glance.common.config [None req-5d5d3d93-54aa-4339-9dc4-730d093de3ad None None] barbican_service_user.keyfile  = None {{(pid=114913) log_opt_values /opt/stack/data/venv/lib/python3.12/site-packages/oslo_config/cfg.py:3256}}
May 26 18:54:58 ubuntu devstack@g-api.service[114913]: DEBUG glance.common.config [None req-5d5d3d93-54aa-4339-9dc4-730d093de3ad None None] barbican_service_user.split_loggers = False {{(pid=114913) log_opt_values /opt/stack/data/venv/lib/python3.12/site-packages/oslo_config/cfg.py:3256}}
May 26 18:54:58 ubuntu devstack@g-api.service[114913]: DEBUG glance.common.config [None req-5d5d3d93-54aa-4339-9dc4-730d093de3ad None None] barbican_service_user.timeout  = None {{(pid=114913) log_opt_values /opt/stack/data/venv/lib/python3.12/site-packages/oslo_config/cfg.py:3256}}
May 26 18:54:58 ubuntu devstack@g-api.service[114913]: DEBUG glance.common.config [None req-5d5d3d93-54aa-4339-9dc4-730d093de3ad None None] database.asyncio_connection    = **** {{(pid=114913) log_opt_values /opt/stack/data/venv/lib/python3.12/site-packages/oslo_config/cfg.py:3256}}
May 26 18:54:58 ubuntu devstack@g-api.service[114913]: DEBUG glance.common.config [None req-5d5d3d93-54aa-4339-9dc4-730d093de3ad None None] database.asyncio_slave_connection = **** {{(pid=114913) log_opt_values /opt/stack/data/venv/lib/python3.12/site-packages/oslo_config/cfg.py:3256}}
May 26 18:54:58 ubuntu devstack@g-api.service[114913]: DEBUG glance.common.config [None req-5d5d3d93-54aa-4339-9dc4-730d093de3ad None None] database.backend               = sqlalchemy {{(pid=114913) log_opt_values /opt/stack/data/venv/lib/python3.12/site-packages/oslo_config/cfg.py:3256}}
May 26 18:54:58 ubuntu devstack@g-api.service[114913]: DEBUG glance.common.config [None req-5d5d3d93-54aa-4339-9dc4-730d093de3ad None None] database.connection            = **** {{(pid=114913) log_opt_values /opt/stack/data/venv/lib/python3.12/site-packages/oslo_config/cfg.py:3256}}
May 26 18:54:58 ubuntu devstack@g-api.service[114913]: DEBUG glance.common.config [None req-5d5d3d93-54aa-4339-9dc4-730d093de3ad None None] database.connection_debug      = 0 {{(pid=114913) log_opt_values /opt/stack/data/venv/lib/python3.12/site-packages/oslo_config/cfg.py:3256}}
May 26 18:54:58 ubuntu devstack@g-api.service[114913]: DEBUG glance.common.config [None req-5d5d3d93-54aa-4339-9dc4-730d093de3ad None None] database.connection_parameters =  {{(pid=114913) log_opt_values /opt/stack/data/venv/lib/python3.12/site-packages/oslo_config/cfg.py:3256}}
May 26 18:54:58 ubuntu devstack@g-api.service[114913]: DEBUG glance.common.config [None req-5d5d3d93-54aa-4339-9dc4-730d093de3ad None None] database.connection_recycle_time = 3600 {{(pid=114913) log_opt_values /opt/stack/data/venv/lib/python3.12/site-packages/oslo_config/cfg.py:3256}}
May 26 18:54:58 ubuntu devstack@g-api.service[114913]: DEBUG glance.common.config [None req-5d5d3d93-54aa-4339-9dc4-730d093de3ad None None] database.connection_trace      = False {{(pid=114913) log_opt_values /opt/stack/data/venv/lib/python3.12/site-packages/oslo_config/cfg.py:3256}}
May 26 18:54:58 ubuntu devstack@g-api.service[114913]: DEBUG glance.common.config [None req-5d5d3d93-54aa-4339-9dc4-730d093de3ad None None] database.db_inc_retry_interval = True {{(pid=114913) log_opt_values /opt/stack/data/venv/lib/python3.12/site-packages/oslo_config/cfg.py:3256}}
May 26 18:54:58 ubuntu devstack@g-api.service[114913]: DEBUG glance.common.config [None req-5d5d3d93-54aa-4339-9dc4-730d093de3ad None None] database.db_max_retries        = 20 {{(pid=114913) log_opt_values /opt/stack/data/venv/lib/python3.12/site-packages/oslo_config/cfg.py:3256}}
May 26 18:54:58 ubuntu devstack@g-api.service[114913]: DEBUG glance.common.config [None req-5d5d3d93-54aa-4339-9dc4-730d093de3ad None None] database.db_max_retry_interval = 10 {{(pid=114913) log_opt_values /opt/stack/data/venv/lib/python3.12/site-packages/oslo_config/cfg.py:3256}}
May 26 18:54:58 ubuntu devstack@g-api.service[114913]: DEBUG glance.common.config [None req-5d5d3d93-54aa-4339-9dc4-730d093de3ad None None] database.db_retry_interval     = 1 {{(pid=114913) log_opt_values /opt/stack/data/venv/lib/python3.12/site-packages/oslo_config/cfg.py:3256}}
May 26 18:54:58 ubuntu devstack@g-api.service[114913]: DEBUG glance.common.config [None req-5d5d3d93-54aa-4339-9dc4-730d093de3ad None None] database.max_overflow          = 50 {{(pid=114913) log_opt_values /opt/stack/data/venv/lib/python3.12/site-packages/oslo_config/cfg.py:3256}}
May 26 18:54:58 ubuntu devstack@g-api.service[114913]: DEBUG glance.common.config [None req-5d5d3d93-54aa-4339-9dc4-730d093de3ad None None] database.max_pool_size         = 5 {{(pid=114913) log_opt_values /opt/stack/data/venv/lib/python3.12/site-packages/oslo_config/cfg.py:3256}}
May 26 18:54:58 ubuntu devstack@g-api.service[114913]: DEBUG glance.common.config [None req-5d5d3d93-54aa-4339-9dc4-730d093de3ad None None] database.max_retries           = 10 {{(pid=114913) log_opt_values /opt/stack/data/venv/lib/python3.12/site-packages/oslo_config/cfg.py:3256}}
May 26 18:54:58 ubuntu devstack@g-api.service[114913]: DEBUG glance.common.config [None req-5d5d3d93-54aa-4339-9dc4-730d093de3ad None None] database.mysql_sql_mode        = TRADITIONAL {{(pid=114913) log_opt_values /opt/stack/data/venv/lib/python3.12/site-packages/oslo_config/cfg.py:3256}}
May 26 18:54:58 ubuntu devstack@g-api.service[114913]: DEBUG glance.common.config [None req-5d5d3d93-54aa-4339-9dc4-730d093de3ad None None] database.mysql_wsrep_sync_wait = None {{(pid=114913) log_opt_values /opt/stack/data/venv/lib/python3.12/site-packages/oslo_config/cfg.py:3256}}
May 26 18:54:58 ubuntu devstack@g-api.service[114913]: DEBUG glance.common.config [None req-5d5d3d93-54aa-4339-9dc4-730d093de3ad None None] database.pool_timeout          = None {{(pid=114913) log_opt_values /opt/stack/data/venv/lib/python3.12/site-packages/oslo_config/cfg.py:3256}}
May 26 18:54:58 ubuntu devstack@g-api.service[114913]: DEBUG glance.common.config [None req-5d5d3d93-54aa-4339-9dc4-730d093de3ad None None] database.retry_interval        = 10 {{(pid=114913) log_opt_values /opt/stack/data/venv/lib/python3.12/site-packages/oslo_config/cfg.py:3256}}
May 26 18:54:58 ubuntu devstack@g-api.service[114913]: DEBUG glance.common.config [None req-5d5d3d93-54aa-4339-9dc4-730d093de3ad None None] database.slave_connection      = **** {{(pid=114913) log_opt_values /opt/stack/data/venv/lib/python3.12/site-packages/oslo_config/cfg.py:3256}}
May 26 18:54:58 ubuntu devstack@g-api.service[114913]: DEBUG glance.common.config [None req-5d5d3d93-54aa-4339-9dc4-730d093de3ad None None] database.sqlite_synchronous    = True {{(pid=114913) log_opt_values /opt/stack/data/venv/lib/python3.12/site-packages/oslo_config/cfg.py:3256}}
May 26 18:54:58 ubuntu devstack@g-api.service[114913]: DEBUG glance.common.config [None req-5d5d3d93-54aa-4339-9dc4-730d093de3ad None None] database.synchronous_reader    = True {{(pid=114913) log_opt_values /opt/stack/data/venv/lib/python3.12/site-packages/oslo_config/cfg.py:3256}}
May 26 18:54:58 ubuntu devstack@g-api.service[114913]: DEBUG glance.common.config [None req-5d5d3d93-54aa-4339-9dc4-730d093de3ad None None] database.use_db_reconnect      = False {{(pid=114913) log_opt_values /opt/stack/data/venv/lib/python3.12/site-packages/oslo_config/cfg.py:3256}}
May 26 18:54:58 ubuntu devstack@g-api.service[114913]: DEBUG glance.common.config [None req-5d5d3d93-54aa-4339-9dc4-730d093de3ad None None] healthcheck.allowed_source_ranges = [] {{(pid=114913) log_opt_values /opt/stack/data/venv/lib/python3.12/site-packages/oslo_config/cfg.py:3256}}
May 26 18:54:58 ubuntu devstack@g-api.service[114913]: DEBUG glance.common.config [None req-5d5d3d93-54aa-4339-9dc4-730d093de3ad None None] healthcheck.backends           = ['disable_by_file'] {{(pid=114913) log_opt_values /opt/stack/data/venv/lib/python3.12/site-packages/oslo_config/cfg.py:3256}}
May 26 18:54:58 ubuntu devstack@g-api.service[114913]: DEBUG glance.common.config [None req-5d5d3d93-54aa-4339-9dc4-730d093de3ad None None] healthcheck.detailed           = False {{(pid=114913) log_opt_values /opt/stack/data/venv/lib/python3.12/site-packages/oslo_config/cfg.py:3256}}
May 26 18:54:58 ubuntu devstack@g-api.service[114913]: DEBUG glance.common.config [None req-5d5d3d93-54aa-4339-9dc4-730d093de3ad None None] healthcheck.disable_by_file_path = None {{(pid=114913) log_opt_values /opt/stack/data/venv/lib/python3.12/site-packages/oslo_config/cfg.py:3256}}
May 26 18:54:58 ubuntu devstack@g-api.service[114913]: DEBUG glance.common.config [None req-5d5d3d93-54aa-4339-9dc4-730d093de3ad None None] healthcheck.ignore_proxied_requests = False {{(pid=114913) log_opt_values /opt/stack/data/venv/lib/python3.12/site-packages/oslo_config/cfg.py:3256}}
May 26 18:54:58 ubuntu devstack@g-api.service[114913]: DEBUG glance.common.config [None req-5d5d3d93-54aa-4339-9dc4-730d093de3ad None None] ******************************************************************************** {{(pid=114913) log_opt_values /opt/stack/data/venv/lib/python3.12/site-packages/oslo_config/cfg.py:3263}}
May 26 18:54:58 ubuntu devstack@g-api.service[114913]: WSGI app 0 (mountpoint='') ready in 3 seconds on interpreter 0x73ca262a3668 pid: 114913 (default app)
May 26 18:55:02 ubuntu devstack@g-api.service[114912]: DEBUG glance.api.middleware.version_negotiation [None req-e92e773c-e21a-4f4e-beae-70a94c3024ae None None] Determining version of request: GET / Accept: application/json {{(pid=114912) process_request /opt/stack/glance/glance/api/middleware/version_negotiation.py:44}}
May 26 18:55:02 ubuntu devstack@g-api.service[114912]: DEBUG glance.api.middleware.version_negotiation [None req-e92e773c-e21a-4f4e-beae-70a94c3024ae None None] Using url versioning {{(pid=114912) process_request /opt/stack/glance/glance/api/middleware/version_negotiation.py:57}}
May 26 18:55:02 ubuntu devstack@g-api.service[114912]: DEBUG glance.api.middleware.version_negotiation [None req-e92e773c-e21a-4f4e-beae-70a94c3024ae None None] Unknown version. Returning version choices. {{(pid=114912) process_request /opt/stack/glance/glance/api/middleware/version_negotiation.py:64}}
May 26 18:55:02 ubuntu devstack@g-api.service[114912]: [pid: 114912|app: 0|req: 2/2] 127.0.0.1 () {34 vars in 521 bytes} [Tue May 26 18:55:02 2026] GET / => generated 1420 bytes in 2 msecs (HTTP/1.1 300) 3 headers in 106 bytes (1 switches on core 0)
May 26 18:55:02 ubuntu devstack@g-api.service[114913]: DEBUG glance.api.middleware.version_negotiation [None req-5d5d3d93-54aa-4339-9dc4-730d093de3ad None None] Determining version of request: POST /v2/images Accept: */* {{(pid=114913) process_request /opt/stack/glance/glance/api/middleware/version_negotiation.py:44}}
May 26 18:55:02 ubuntu devstack@g-api.service[114913]: DEBUG glance.api.middleware.version_negotiation [None req-5d5d3d93-54aa-4339-9dc4-730d093de3ad None None] Using url versioning {{(pid=114913) process_request /opt/stack/glance/glance/api/middleware/version_negotiation.py:57}}
May 26 18:55:02 ubuntu devstack@g-api.service[114913]: DEBUG glance.api.middleware.version_negotiation [None req-5d5d3d93-54aa-4339-9dc4-730d093de3ad None None] Matched version: v2 {{(pid=114913) process_request /opt/stack/glance/glance/api/middleware/version_negotiation.py:69}}
May 26 18:55:02 ubuntu devstack@g-api.service[114913]: DEBUG glance.api.middleware.version_negotiation [None req-5d5d3d93-54aa-4339-9dc4-730d093de3ad None None] new path /v2/images {{(pid=114913) process_request /opt/stack/glance/glance/api/middleware/version_negotiation.py:70}}
May 26 18:55:03 ubuntu devstack@g-api.service[114913]: [pid: 114913|app: 0|req: 1/3] 127.0.0.1 () {40 vars in 784 bytes} [Tue May 26 18:55:02 2026] POST /v2/images => generated 807 bytes in 748 msecs (HTTP/1.1 201) 6 headers in 314 bytes (1 switches on core 0)
May 26 18:55:04 ubuntu devstack@g-api.service[114912]: DEBUG glance.api.middleware.version_negotiation [None req-e92e773c-e21a-4f4e-beae-70a94c3024ae None None] Determining version of request: PUT /v2/images/24ac691d-9016-406f-8f8e-b8374478aebb/file Accept:  {{(pid=114912) process_request /opt/stack/glance/glance/api/middleware/version_negotiation.py:44}}
May 26 18:55:04 ubuntu devstack@g-api.service[114912]: DEBUG glance.api.middleware.version_negotiation [None req-e92e773c-e21a-4f4e-beae-70a94c3024ae None None] Using url versioning {{(pid=114912) process_request /opt/stack/glance/glance/api/middleware/version_negotiation.py:57}}
May 26 18:55:04 ubuntu devstack@g-api.service[114912]: DEBUG glance.api.middleware.version_negotiation [None req-e92e773c-e21a-4f4e-beae-70a94c3024ae None None] Matched version: v2 {{(pid=114912) process_request /opt/stack/glance/glance/api/middleware/version_negotiation.py:69}}
May 26 18:55:04 ubuntu devstack@g-api.service[114912]: DEBUG glance.api.middleware.version_negotiation [None req-e92e773c-e21a-4f4e-beae-70a94c3024ae None None] new path /v2/images/24ac691d-9016-406f-8f8e-b8374478aebb/file {{(pid=114912) process_request /opt/stack/glance/glance/api/middleware/version_negotiation.py:70}}
May 26 18:55:05 ubuntu devstack@g-api.service[114912]: INFO glance.api.v2.image_data [None req-47ab71e1-d082-49f4-bb00-6557302ca0f5 admin admin] Unable to create trust: no such option collect_timing in group [keystone_authtoken] Use the existing user token.
May 26 18:55:05 ubuntu devstack@g-api.service[114912]: DEBUG glance.location [None req-47ab71e1-d082-49f4-bb00-6557302ca0f5 admin admin] Enabling in-flight format inspection for qcow2 {{(pid=114912) set_data /opt/stack/glance/glance/location.py:616}}
May 26 18:55:05 ubuntu devstack@g-api.service[114912]: DEBUG oslo_utils.imageutils.format_inspector [None req-47ab71e1-d082-49f4-bb00-6557302ca0f5 admin admin] Format inspector for vmdk does not match, excluding from consideration (Signature KDMV not found: b'QFI\xfb') {{(pid=114912) _process_chunk /opt/stack/data/venv/lib/python3.12/site-packages/oslo_utils/imageutils/format_inspector.py:1538}}
May 26 18:55:05 ubuntu devstack@g-api.service[114912]: DEBUG oslo_utils.imageutils.format_inspector [None req-47ab71e1-d082-49f4-bb00-6557302ca0f5 admin admin] Format inspector for vhdx does not match, excluding from consideration (Region signature not found at 30000) {{(pid=114912) _process_chunk /opt/stack/data/venv/lib/python3.12/site-packages/oslo_utils/imageutils/format_inspector.py:1538}}
May 26 18:55:05 ubuntu devstack@g-api.service[114912]: DEBUG glance_store._drivers.filesystem [None req-47ab71e1-d082-49f4-bb00-6557302ca0f5 admin admin] Wrote 16338944 bytes to /opt/stack/data/glance/images/24ac691d-9016-406f-8f8e-b8374478aebb with checksum 1d3062cd89af34e419f7100277f38b2b and multihash 553d220ed58cfee7dafe003c446a9f197ab5edf8ffc09396c74187cf83873c877e7ae041cb80f3b91489acf687183adcd689b53b38e3ddd22e627e7f98a09c46 {{(pid=114912) add /opt/stack/data/venv/lib/python3.12/site-packages/glance_store/_drivers/filesystem.py:899}}
May 26 18:55:05 ubuntu devstack@g-api.service[114912]: INFO glance.location [None req-47ab71e1-d082-49f4-bb00-6557302ca0f5 admin admin] Image format matched and virtual size computed: 117440512
May 26 18:55:05 ubuntu devstack@g-api.service[114912]: DEBUG glance_store.backend [None req-47ab71e1-d082-49f4-bb00-6557302ca0f5 admin admin] Skipping store.set_acls... not implemented. {{(pid=114912) set_acls /opt/stack/data/venv/lib/python3.12/site-packages/glance_store/backend.py:507}}
May 26 18:55:05 ubuntu devstack@g-api.service[114912]: [pid: 114912|app: 0|req: 3/4] 127.0.0.1 () {40 vars in 877 bytes} [Tue May 26 18:55:04 2026] PUT /v2/images/24ac691d-9016-406f-8f8e-b8374478aebb/file => generated 0 bytes in 1000 msecs (HTTP/1.1 204) 4 headers in 171 bytes (1665 switches on core 0)
May 26 18:55:05 ubuntu devstack@g-api.service[114913]: DEBUG glance.api.middleware.version_negotiation [None req-17c861c0-c332-4a86-b4cf-25b5a88c655f admin admin] Determining version of request: GET /v2/images/24ac691d-9016-406f-8f8e-b8374478aebb Accept: */* {{(pid=114913) process_request /opt/stack/glance/glance/api/middleware/version_negotiation.py:44}}
May 26 18:55:05 ubuntu devstack@g-api.service[114913]: DEBUG glance.api.middleware.version_negotiation [None req-17c861c0-c332-4a86-b4cf-25b5a88c655f admin admin] Using url versioning {{(pid=114913) process_request /opt/stack/glance/glance/api/middleware/version_negotiation.py:57}}
May 26 18:55:05 ubuntu devstack@g-api.service[114913]: DEBUG glance.api.middleware.version_negotiation [None req-17c861c0-c332-4a86-b4cf-25b5a88c655f admin admin] Matched version: v2 {{(pid=114913) process_request /opt/stack/glance/glance/api/middleware/version_negotiation.py:69}}
May 26 18:55:05 ubuntu devstack@g-api.service[114913]: DEBUG glance.api.middleware.version_negotiation [None req-17c861c0-c332-4a86-b4cf-25b5a88c655f admin admin] new path /v2/images/24ac691d-9016-406f-8f8e-b8374478aebb {{(pid=114913) process_request /opt/stack/glance/glance/api/middleware/version_negotiation.py:70}}
May 26 18:55:05 ubuntu devstack@g-api.service[114913]: [pid: 114913|app: 0|req: 2/5] 127.0.0.1 () {36 vars in 804 bytes} [Tue May 26 18:55:05 2026] GET /v2/images/24ac691d-9016-406f-8f8e-b8374478aebb => generated 976 bytes in 27 msecs (HTTP/1.1 200) 4 headers in 157 bytes (1 switches on core 0)
May 26 18:55:15 ubuntu devstack@g-api.service[114912]: DEBUG dbcounter [-] [114912] Writing DB stats glance:INSERT=5,glance:SELECT=16,glance:UPDATE=2 {{(pid=114912) stat_writer /opt/stack/data/venv/lib/python3.12/site-packages/dbcounter.py:115}}
May 26 18:55:15 ubuntu devstack@g-api.service[114913]: DEBUG dbcounter [-] [114913] Writing DB stats glance:INSERT=9,glance:SELECT=6 {{(pid=114913) stat_writer /opt/stack/data/venv/lib/python3.12/site-packages/dbcounter.py:115}}
May 26 18:55:33 ubuntu devstack@g-api.service[114912]: DEBUG glance.api.middleware.version_negotiation [None req-47ab71e1-d082-49f4-bb00-6557302ca0f5 admin admin] Determining version of request: GET / Accept: application/json {{(pid=114912) process_request /opt/stack/glance/glance/api/middleware/version_negotiation.py:44}}
May 26 18:55:33 ubuntu devstack@g-api.service[114912]: DEBUG glance.api.middleware.version_negotiation [None req-47ab71e1-d082-49f4-bb00-6557302ca0f5 admin admin] Using url versioning {{(pid=114912) process_request /opt/stack/glance/glance/api/middleware/version_negotiation.py:57}}
May 26 18:55:33 ubuntu devstack@g-api.service[114912]: DEBUG glance.api.middleware.version_negotiation [None req-47ab71e1-d082-49f4-bb00-6557302ca0f5 admin admin] Unknown version. Returning version choices. {{(pid=114912) process_request /opt/stack/glance/glance/api/middleware/version_negotiation.py:64}}
May 26 18:55:33 ubuntu devstack@g-api.service[114912]: [pid: 114912|app: 0|req: 4/6] 127.0.0.1 () {34 vars in 521 bytes} [Tue May 26 18:55:33 2026] GET / => generated 1420 bytes in 5 msecs (HTTP/1.1 300) 3 headers in 106 bytes (1 switches on core 0)
May 26 18:55:33 ubuntu devstack@g-api.service[114913]: DEBUG glance.api.middleware.version_negotiation [None req-0efee2f7-8ef6-4ee6-b7b7-77b68be7e69f admin admin] Determining version of request: GET /v2/images Accept: application/json {{(pid=114913) process_request /opt/stack/glance/glance/api/middleware/version_negotiation.py:44}}
May 26 18:55:33 ubuntu devstack@g-api.service[114913]: DEBUG glance.api.middleware.version_negotiation [None req-0efee2f7-8ef6-4ee6-b7b7-77b68be7e69f admin admin] Using url versioning {{(pid=114913) process_request /opt/stack/glance/glance/api/middleware/version_negotiation.py:57}}
May 26 18:55:33 ubuntu devstack@g-api.service[114913]: DEBUG glance.api.middleware.version_negotiation [None req-0efee2f7-8ef6-4ee6-b7b7-77b68be7e69f admin admin] Matched version: v2 {{(pid=114913) process_request /opt/stack/glance/glance/api/middleware/version_negotiation.py:69}}
May 26 18:55:33 ubuntu devstack@g-api.service[114913]: DEBUG glance.api.middleware.version_negotiation [None req-0efee2f7-8ef6-4ee6-b7b7-77b68be7e69f admin admin] new path /v2/images {{(pid=114913) process_request /opt/stack/glance/glance/api/middleware/version_negotiation.py:70}}
May 26 18:55:33 ubuntu devstack@g-api.service[114913]: [pid: 114913|app: 0|req: 3/7] 127.0.0.1 () {36 vars in 743 bytes} [Tue May 26 18:55:33 2026] GET /v2/images => generated 1045 bytes in 68 msecs (HTTP/1.1 200) 4 headers in 158 bytes (1 switches on core 0)
May 26 18:55:39 ubuntu devstack@g-api.service[114912]: DEBUG glance.api.middleware.version_negotiation [None req-47ab71e1-d082-49f4-bb00-6557302ca0f5 admin admin] Determining version of request: GET / Accept: application/json {{(pid=114912) process_request /opt/stack/glance/glance/api/middleware/version_negotiation.py:44}}
May 26 18:55:39 ubuntu devstack@g-api.service[114912]: DEBUG glance.api.middleware.version_negotiation [None req-47ab71e1-d082-49f4-bb00-6557302ca0f5 admin admin] Using url versioning {{(pid=114912) process_request /opt/stack/glance/glance/api/middleware/version_negotiation.py:57}}
May 26 18:55:39 ubuntu devstack@g-api.service[114912]: DEBUG glance.api.middleware.version_negotiation [None req-47ab71e1-d082-49f4-bb00-6557302ca0f5 admin admin] Unknown version. Returning version choices. {{(pid=114912) process_request /opt/stack/glance/glance/api/middleware/version_negotiation.py:64}}
May 26 18:55:39 ubuntu devstack@g-api.service[114912]: [pid: 114912|app: 0|req: 5/8] 127.0.0.1 () {34 vars in 521 bytes} [Tue May 26 18:55:39 2026] GET / => generated 1420 bytes in 7 msecs (HTTP/1.1 300) 3 headers in 106 bytes (1 switches on core 0)
May 26 18:55:39 ubuntu devstack@g-api.service[114913]: DEBUG glance.api.middleware.version_negotiation [None req-672f3474-c5eb-400e-8b17-b2cf6a924dab admin admin] Determining version of request: GET /v2/images/24ac691d-9016-406f-8f8e-b8374478aebb Accept: */* {{(pid=114913) process_request /opt/stack/glance/glance/api/middleware/version_negotiation.py:44}}
May 26 18:55:39 ubuntu devstack@g-api.service[114913]: DEBUG glance.api.middleware.version_negotiation [None req-672f3474-c5eb-400e-8b17-b2cf6a924dab admin admin] Using url versioning {{(pid=114913) process_request /opt/stack/glance/glance/api/middleware/version_negotiation.py:57}}
May 26 18:55:39 ubuntu devstack@g-api.service[114913]: DEBUG glance.api.middleware.version_negotiation [None req-672f3474-c5eb-400e-8b17-b2cf6a924dab admin admin] Matched version: v2 {{(pid=114913) process_request /opt/stack/glance/glance/api/middleware/version_negotiation.py:69}}
May 26 18:55:39 ubuntu devstack@g-api.service[114913]: DEBUG glance.api.middleware.version_negotiation [None req-672f3474-c5eb-400e-8b17-b2cf6a924dab admin admin] new path /v2/images/24ac691d-9016-406f-8f8e-b8374478aebb {{(pid=114913) process_request /opt/stack/glance/glance/api/middleware/version_negotiation.py:70}}
May 26 18:55:39 ubuntu devstack@g-api.service[114913]: [pid: 114913|app: 0|req: 4/9] 127.0.0.1 () {36 vars in 804 bytes} [Tue May 26 18:55:39 2026] GET /v2/images/24ac691d-9016-406f-8f8e-b8374478aebb => generated 976 bytes in 30 msecs (HTTP/1.1 200) 4 headers in 157 bytes (1 switches on core 0)
May 26 18:55:44 ubuntu devstack@g-api.service[114912]: DEBUG glance.api.middleware.version_negotiation [None req-47ab71e1-d082-49f4-bb00-6557302ca0f5 admin admin] Determining version of request: GET / Accept: application/json {{(pid=114912) process_request /opt/stack/glance/glance/api/middleware/version_negotiation.py:44}}
May 26 18:55:44 ubuntu devstack@g-api.service[114912]: DEBUG glance.api.middleware.version_negotiation [None req-47ab71e1-d082-49f4-bb00-6557302ca0f5 admin admin] Using url versioning {{(pid=114912) process_request /opt/stack/glance/glance/api/middleware/version_negotiation.py:57}}
May 26 18:55:44 ubuntu devstack@g-api.service[114912]: DEBUG glance.api.middleware.version_negotiation [None req-47ab71e1-d082-49f4-bb00-6557302ca0f5 admin admin] Unknown version. Returning version choices. {{(pid=114912) process_request /opt/stack/glance/glance/api/middleware/version_negotiation.py:64}}
May 26 18:55:44 ubuntu devstack@g-api.service[114912]: [pid: 114912|app: 0|req: 6/10] 127.0.0.1 () {34 vars in 521 bytes} [Tue May 26 18:55:44 2026] GET / => generated 1420 bytes in 3 msecs (HTTP/1.1 300) 3 headers in 106 bytes (1 switches on core 0)
May 26 18:55:44 ubuntu devstack@g-api.service[114913]: DEBUG glance.api.middleware.version_negotiation [None req-824bb61a-59c8-4e89-9302-b7182b791709 admin admin] Determining version of request: GET /v2/images/24ac691d-9016-406f-8f8e-b8374478aebb Accept: */* {{(pid=114913) process_request /opt/stack/glance/glance/api/middleware/version_negotiation.py:44}}
May 26 18:55:44 ubuntu devstack@g-api.service[114913]: DEBUG glance.api.middleware.version_negotiation [None req-824bb61a-59c8-4e89-9302-b7182b791709 admin admin] Using url versioning {{(pid=114913) process_request /opt/stack/glance/glance/api/middleware/version_negotiation.py:57}}
May 26 18:55:44 ubuntu devstack@g-api.service[114913]: DEBUG glance.api.middleware.version_negotiation [None req-824bb61a-59c8-4e89-9302-b7182b791709 admin admin] Matched version: v2 {{(pid=114913) process_request /opt/stack/glance/glance/api/middleware/version_negotiation.py:69}}
May 26 18:55:44 ubuntu devstack@g-api.service[114913]: DEBUG glance.api.middleware.version_negotiation [None req-824bb61a-59c8-4e89-9302-b7182b791709 admin admin] new path /v2/images/24ac691d-9016-406f-8f8e-b8374478aebb {{(pid=114913) process_request /opt/stack/glance/glance/api/middleware/version_negotiation.py:70}}
May 26 18:55:44 ubuntu devstack@g-api.service[114913]: [pid: 114913|app: 0|req: 5/11] 127.0.0.1 () {36 vars in 804 bytes} [Tue May 26 18:55:44 2026] GET /v2/images/24ac691d-9016-406f-8f8e-b8374478aebb => generated 976 bytes in 44 msecs (HTTP/1.1 200) 4 headers in 157 bytes (1 switches on core 0)
May 26 18:55:54 ubuntu devstack@g-api.service[114913]: DEBUG dbcounter [-] [114913] Writing DB stats glance:SELECT=5 {{(pid=114913) stat_writer /opt/stack/data/venv/lib/python3.12/site-packages/dbcounter.py:115}}
May 26 18:56:55 ubuntu devstack@g-api.service[114912]: DEBUG glance.api.middleware.version_negotiation [None req-47ab71e1-d082-49f4-bb00-6557302ca0f5 admin admin] Determining version of request: GET / Accept: application/json {{(pid=114912) process_request /opt/stack/glance/glance/api/middleware/version_negotiation.py:44}}
May 26 18:56:55 ubuntu devstack@g-api.service[114912]: DEBUG glance.api.middleware.version_negotiation [None req-47ab71e1-d082-49f4-bb00-6557302ca0f5 admin admin] Using url versioning {{(pid=114912) process_request /opt/stack/glance/glance/api/middleware/version_negotiation.py:57}}
May 26 18:56:55 ubuntu devstack@g-api.service[114912]: DEBUG glance.api.middleware.version_negotiation [None req-47ab71e1-d082-49f4-bb00-6557302ca0f5 admin admin] Unknown version. Returning version choices. {{(pid=114912) process_request /opt/stack/glance/glance/api/middleware/version_negotiation.py:64}}
May 26 18:56:55 ubuntu devstack@g-api.service[114912]: [pid: 114912|app: 0|req: 7/12] 127.0.0.1 () {36 vars in 474 bytes} [Tue May 26 18:56:55 2026] GET / => generated 1420 bytes in 7 msecs (HTTP/1.1 300) 3 headers in 106 bytes (1 switches on core 0)
May 26 18:59:28 ubuntu devstack@g-api.service[114913]: DEBUG glance.api.middleware.version_negotiation [None req-d1f299e7-3077-4234-8c62-73d8b6ae8ab3 admin admin] Determining version of request: GET /versions Accept: */* {{(pid=114913) process_request /opt/stack/glance/glance/api/middleware/version_negotiation.py:44}}
May 26 18:59:28 ubuntu devstack@g-api.service[114913]: [pid: 114913|app: 0|req: 6/13] 127.0.0.1 () {38 vars in 709 bytes} [Tue May 26 18:59:28 2026] GET /versions => generated 1420 bytes in 8 msecs (HTTP/1.1 200) 3 headers in 92 bytes (1 switches on core 0)
May 26 18:59:28 ubuntu devstack@g-api.service[114912]: DEBUG glance.api.middleware.version_negotiation [None req-47ab71e1-d082-49f4-bb00-6557302ca0f5 admin admin] Determining version of request: GET /v2/schemas/image Accept: */* {{(pid=114912) process_request /opt/stack/glance/glance/api/middleware/version_negotiation.py:44}}
May 26 18:59:28 ubuntu devstack@g-api.service[114912]: DEBUG glance.api.middleware.version_negotiation [None req-47ab71e1-d082-49f4-bb00-6557302ca0f5 admin admin] Using url versioning {{(pid=114912) process_request /opt/stack/glance/glance/api/middleware/version_negotiation.py:57}}
May 26 18:59:28 ubuntu devstack@g-api.service[114912]: DEBUG glance.api.middleware.version_negotiation [None req-47ab71e1-d082-49f4-bb00-6557302ca0f5 admin admin] Matched version: v2 {{(pid=114912) process_request /opt/stack/glance/glance/api/middleware/version_negotiation.py:69}}
May 26 18:59:28 ubuntu devstack@g-api.service[114912]: DEBUG glance.api.middleware.version_negotiation [None req-47ab71e1-d082-49f4-bb00-6557302ca0f5 admin admin] new path /v2/schemas/image {{(pid=114912) process_request /opt/stack/glance/glance/api/middleware/version_negotiation.py:70}}
May 26 18:59:28 ubuntu devstack@g-api.service[114912]: [pid: 114912|app: 0|req: 8/14] 127.0.0.1 () {38 vars in 725 bytes} [Tue May 26 18:59:28 2026] GET /v2/schemas/image => generated 6083 bytes in 113 msecs (HTTP/1.1 200) 4 headers in 158 bytes (1 switches on core 0)
May 26 18:59:28 ubuntu devstack@g-api.service[114913]: DEBUG glance.api.middleware.version_negotiation [None req-d1f299e7-3077-4234-8c62-73d8b6ae8ab3 admin admin] Determining version of request: GET /v2/schemas/metadefs/namespace Accept: */* {{(pid=114913) process_request /opt/stack/glance/glance/api/middleware/version_negotiation.py:44}}
May 26 18:59:28 ubuntu devstack@g-api.service[114913]: DEBUG glance.api.middleware.version_negotiation [None req-d1f299e7-3077-4234-8c62-73d8b6ae8ab3 admin admin] Using url versioning {{(pid=114913) process_request /opt/stack/glance/glance/api/middleware/version_negotiation.py:57}}
May 26 18:59:28 ubuntu devstack@g-api.service[114913]: DEBUG glance.api.middleware.version_negotiation [None req-d1f299e7-3077-4234-8c62-73d8b6ae8ab3 admin admin] Matched version: v2 {{(pid=114913) process_request /opt/stack/glance/glance/api/middleware/version_negotiation.py:69}}
May 26 18:59:28 ubuntu devstack@g-api.service[114913]: DEBUG glance.api.middleware.version_negotiation [None req-d1f299e7-3077-4234-8c62-73d8b6ae8ab3 admin admin] new path /v2/schemas/metadefs/namespace {{(pid=114913) process_request /opt/stack/glance/glance/api/middleware/version_negotiation.py:70}}
May 26 18:59:28 ubuntu devstack@g-api.service[114913]: [pid: 114913|app: 0|req: 7/15] 127.0.0.1 () {38 vars in 751 bytes} [Tue May 26 18:59:28 2026] GET /v2/schemas/metadefs/namespace => generated 3100 bytes in 10 msecs (HTTP/1.1 200) 4 headers in 158 bytes (1 switches on core 0)
May 26 18:59:28 ubuntu devstack@g-api.service[114912]: DEBUG glance.api.middleware.version_negotiation [None req-935751e8-e0a5-42ca-a1f4-3debe750a5bc admin admin] Determining version of request: GET /v2/schemas/metadefs/resource_type Accept: */* {{(pid=114912) process_request /opt/stack/glance/glance/api/middleware/version_negotiation.py:44}}
May 26 18:59:28 ubuntu devstack@g-api.service[114912]: DEBUG glance.api.middleware.version_negotiation [None req-935751e8-e0a5-42ca-a1f4-3debe750a5bc admin admin] Using url versioning {{(pid=114912) process_request /opt/stack/glance/glance/api/middleware/version_negotiation.py:57}}
May 26 18:59:28 ubuntu devstack@g-api.service[114912]: DEBUG glance.api.middleware.version_negotiation [None req-935751e8-e0a5-42ca-a1f4-3debe750a5bc admin admin] Matched version: v2 {{(pid=114912) process_request /opt/stack/glance/glance/api/middleware/version_negotiation.py:69}}
May 26 18:59:28 ubuntu devstack@g-api.service[114912]: DEBUG glance.api.middleware.version_negotiation [None req-935751e8-e0a5-42ca-a1f4-3debe750a5bc admin admin] new path /v2/schemas/metadefs/resource_type {{(pid=114912) process_request /opt/stack/glance/glance/api/middleware/version_negotiation.py:70}}
May 26 18:59:28 ubuntu devstack@g-api.service[114912]: [pid: 114912|app: 0|req: 9/16] 127.0.0.1 () {38 vars in 759 bytes} [Tue May 26 18:59:28 2026] GET /v2/schemas/metadefs/resource_type => generated 1260 bytes in 9 msecs (HTTP/1.1 200) 4 headers in 158 bytes (1 switches on core 0)
May 26 18:59:29 ubuntu devstack@g-api.service[114913]: DEBUG glance.api.middleware.version_negotiation [None req-d4445711-5a58-43e0-b4ff-7d9689ab265c admin admin] Determining version of request: GET /v2/images Accept: */* {{(pid=114913) process_request /opt/stack/glance/glance/api/middleware/version_negotiation.py:44}}
May 26 18:59:29 ubuntu devstack@g-api.service[114913]: DEBUG glance.api.middleware.version_negotiation [None req-d4445711-5a58-43e0-b4ff-7d9689ab265c admin admin] Using url versioning {{(pid=114913) process_request /opt/stack/glance/glance/api/middleware/version_negotiation.py:57}}
May 26 18:59:29 ubuntu devstack@g-api.service[114913]: DEBUG glance.api.middleware.version_negotiation [None req-d4445711-5a58-43e0-b4ff-7d9689ab265c admin admin] Matched version: v2 {{(pid=114913) process_request /opt/stack/glance/glance/api/middleware/version_negotiation.py:69}}
May 26 18:59:29 ubuntu devstack@g-api.service[114913]: DEBUG glance.api.middleware.version_negotiation [None req-d4445711-5a58-43e0-b4ff-7d9689ab265c admin admin] new path /v2/images {{(pid=114913) process_request /opt/stack/glance/glance/api/middleware/version_negotiation.py:70}}
May 26 18:59:29 ubuntu devstack@g-api.service[114913]: [pid: 114913|app: 0|req: 8/17] 127.0.0.1 () {38 vars in 784 bytes} [Tue May 26 18:59:29 2026] GET /v2/images?limit=200&sort_key=name&sort_dir=asc => generated 1082 bytes in 74 msecs (HTTP/1.1 200) 4 headers in 158 bytes (1 switches on core 0)
May 26 18:59:29 ubuntu devstack@g-api.service[114912]: DEBUG glance.api.middleware.version_negotiation [None req-ba37e23a-9c21-4ad5-bd0f-d1fa0daba7b4 admin admin] Determining version of request: GET /v2/schemas/image Accept: */* {{(pid=114912) process_request /opt/stack/glance/glance/api/middleware/version_negotiation.py:44}}
May 26 18:59:29 ubuntu devstack@g-api.service[114912]: DEBUG glance.api.middleware.version_negotiation [None req-ba37e23a-9c21-4ad5-bd0f-d1fa0daba7b4 admin admin] Using url versioning {{(pid=114912) process_request /opt/stack/glance/glance/api/middleware/version_negotiation.py:57}}
May 26 18:59:29 ubuntu devstack@g-api.service[114912]: DEBUG glance.api.middleware.version_negotiation [None req-ba37e23a-9c21-4ad5-bd0f-d1fa0daba7b4 admin admin] Matched version: v2 {{(pid=114912) process_request /opt/stack/glance/glance/api/middleware/version_negotiation.py:69}}
May 26 18:59:29 ubuntu devstack@g-api.service[114912]: DEBUG glance.api.middleware.version_negotiation [None req-ba37e23a-9c21-4ad5-bd0f-d1fa0daba7b4 admin admin] new path /v2/schemas/image {{(pid=114912) process_request /opt/stack/glance/glance/api/middleware/version_negotiation.py:70}}
May 26 18:59:29 ubuntu devstack@g-api.service[114912]: [pid: 114912|app: 0|req: 10/18] 127.0.0.1 () {38 vars in 725 bytes} [Tue May 26 18:59:29 2026] GET /v2/schemas/image => generated 6083 bytes in 10 msecs (HTTP/1.1 200) 4 headers in 158 bytes (1 switches on core 0)
May 26 18:59:39 ubuntu devstack@g-api.service[114913]: DEBUG dbcounter [-] [114913] Writing DB stats glance:SELECT=1 {{(pid=114913) stat_writer /opt/stack/data/venv/lib/python3.12/site-packages/dbcounter.py:115}}
May 26 19:06:07 ubuntu devstack@g-api.service[114913]: DEBUG glance.api.middleware.version_negotiation [None req-00724891-d53e-457b-a67f-4306bc0e091a admin admin] Determining version of request: POST /v2/images Accept: application/json {{(pid=114913) process_request /opt/stack/glance/glance/api/middleware/version_negotiation.py:44}}
May 26 19:06:07 ubuntu devstack@g-api.service[114913]: DEBUG glance.api.middleware.version_negotiation [None req-00724891-d53e-457b-a67f-4306bc0e091a admin admin] Using url versioning {{(pid=114913) process_request /opt/stack/glance/glance/api/middleware/version_negotiation.py:57}}
May 26 19:06:07 ubuntu devstack@g-api.service[114913]: DEBUG glance.api.middleware.version_negotiation [None req-00724891-d53e-457b-a67f-4306bc0e091a admin admin] Matched version: v2 {{(pid=114913) process_request /opt/stack/glance/glance/api/middleware/version_negotiation.py:69}}
May 26 19:06:07 ubuntu devstack@g-api.service[114913]: DEBUG glance.api.middleware.version_negotiation [None req-00724891-d53e-457b-a67f-4306bc0e091a admin admin] new path /v2/images {{(pid=114913) process_request /opt/stack/glance/glance/api/middleware/version_negotiation.py:70}}
May 26 19:06:08 ubuntu devstack@g-api.service[114913]: [pid: 114913|app: 0|req: 9/19] 127.0.0.1 () {40 vars in 718 bytes} [Tue May 26 19:06:07 2026] POST /v2/images => generated 651 bytes in 342 msecs (HTTP/1.1 201) 6 headers in 314 bytes (1 switches on core 0)
May 26 19:06:08 ubuntu devstack@g-api.service[114912]: DEBUG glance.api.middleware.version_negotiation [None req-e41261f3-c649-4e85-8b8e-cf56f2a6d8cd admin admin] Determining version of request: PUT /v2/images/973fe88b-e3a3-47f4-b384-267f0e696df2/file Accept: <no header in request> {{(pid=114912) process_request /opt/stack/glance/glance/api/middleware/version_negotiation.py:44}}
May 26 19:06:08 ubuntu devstack@g-api.service[114912]: DEBUG glance.api.middleware.version_negotiation [None req-e41261f3-c649-4e85-8b8e-cf56f2a6d8cd admin admin] Using url versioning {{(pid=114912) process_request /opt/stack/glance/glance/api/middleware/version_negotiation.py:57}}
May 26 19:06:08 ubuntu devstack@g-api.service[114912]: DEBUG glance.api.middleware.version_negotiation [None req-e41261f3-c649-4e85-8b8e-cf56f2a6d8cd admin admin] Matched version: v2 {{(pid=114912) process_request /opt/stack/glance/glance/api/middleware/version_negotiation.py:69}}
May 26 19:06:08 ubuntu devstack@g-api.service[114912]: DEBUG glance.api.middleware.version_negotiation [None req-e41261f3-c649-4e85-8b8e-cf56f2a6d8cd admin admin] new path /v2/images/973fe88b-e3a3-47f4-b384-267f0e696df2/file {{(pid=114912) process_request /opt/stack/glance/glance/api/middleware/version_negotiation.py:70}}
May 26 19:06:08 ubuntu devstack@g-api.service[114912]: INFO glance.api.v2.image_data [None req-d19719cf-3670-433a-8418-308ecaa06afe tempest-VolumesNegativeTest-1007931061 tempest-VolumesNegativeTest-1007931061-project-member] Unable to create trust: no such option collect_timing in group [keystone_authtoken] Use the existing user token.
May 26 19:06:08 ubuntu devstack@g-api.service[114912]: DEBUG glance.location [None req-d19719cf-3670-433a-8418-308ecaa06afe tempest-VolumesNegativeTest-1007931061 tempest-VolumesNegativeTest-1007931061-project-member] Enabling in-flight format inspection for raw {{(pid=114912) set_data /opt/stack/glance/glance/location.py:616}}
May 26 19:06:08 ubuntu devstack@g-api.service[114912]: DEBUG oslo_utils.imageutils.format_inspector [None req-d19719cf-3670-433a-8418-308ecaa06afe tempest-VolumesNegativeTest-1007931061 tempest-VolumesNegativeTest-1007931061-project-member] Format inspector for vmdk does not match, excluding from consideration (Signature KDMV not found: b'+\xef\nV') {{(pid=114912) _process_chunk /opt/stack/data/venv/lib/python3.12/site-packages/oslo_utils/imageutils/format_inspector.py:1538}}
May 26 19:06:08 ubuntu devstack@g-api.service[114912]: DEBUG glance_store._drivers.filesystem [None req-d19719cf-3670-433a-8418-308ecaa06afe tempest-VolumesNegativeTest-1007931061 tempest-VolumesNegativeTest-1007931061-project-member] Wrote 1024 bytes to /opt/stack/data/glance/images/973fe88b-e3a3-47f4-b384-267f0e696df2 with checksum 250088dca22896a76417a59e05e41b97 and multihash 717afecd35e0463104d07f499fd5cb4b5cb61404c80f76e444d86a46fb634700a58a526fbb80c67e9e824a069184b328a0d04f4ecdaf8ed7be0769fc3bd553f4 {{(pid=114912) add /opt/stack/data/venv/lib/python3.12/site-packages/glance_store/_drivers/filesystem.py:899}}
