May 12 07:35:37 ubuntu devstack@keystone.service[68001]: ERROR keystone.server.flask.application     result = self._query(query)
May 12 07:35:37 ubuntu devstack@keystone.service[68001]: ERROR keystone.server.flask.application              ^^^^^^^^^^^^^^^^^^
May 12 07:35:37 ubuntu devstack@keystone.service[68001]: ERROR keystone.server.flask.application   File "/opt/stack/data/venv/lib/python3.12/site-packages/pymysql/cursors.py", line 328, in _query
May 12 07:35:37 ubuntu devstack@keystone.service[68001]: ERROR keystone.server.flask.application     conn.query(q)
May 12 07:35:37 ubuntu devstack@keystone.service[68001]: ERROR keystone.server.flask.application   File "/opt/stack/data/venv/lib/python3.12/site-packages/pymysql/connections.py", line 575, in query
May 12 07:35:37 ubuntu devstack@keystone.service[68001]: ERROR keystone.server.flask.application     self._affected_rows = self._read_query_result(unbuffered=unbuffered)
May 12 07:35:37 ubuntu devstack@keystone.service[68001]: ERROR keystone.server.flask.application                           ^^^^^^^^^^^^^^^^^^^^^^^^^^^^^^^^^^^^^^^^^^^^^^
May 12 07:35:37 ubuntu devstack@keystone.service[68001]: ERROR keystone.server.flask.application   File "/opt/stack/data/venv/lib/python3.12/site-packages/pymysql/connections.py", line 826, in _read_query_result
May 12 07:35:37 ubuntu devstack@keystone.service[68001]: ERROR keystone.server.flask.application     result.read()
May 12 07:35:37 ubuntu devstack@keystone.service[68001]: ERROR keystone.server.flask.application   File "/opt/stack/data/venv/lib/python3.12/site-packages/pymysql/connections.py", line 1203, in read
May 12 07:35:37 ubuntu devstack@keystone.service[68001]: ERROR keystone.server.flask.application     first_packet = self.connection._read_packet()
May 12 07:35:37 ubuntu devstack@keystone.service[68001]: ERROR keystone.server.flask.application                    ^^^^^^^^^^^^^^^^^^^^^^^^^^^^^^
May 12 07:35:37 ubuntu devstack@keystone.service[68001]: ERROR keystone.server.flask.application   File "/opt/stack/data/venv/lib/python3.12/site-packages/pymysql/connections.py", line 782, in _read_packet
May 12 07:35:37 ubuntu devstack@keystone.service[68001]: ERROR keystone.server.flask.application     packet.raise_for_error()
May 12 07:35:37 ubuntu devstack@keystone.service[68001]: ERROR keystone.server.flask.application   File "/opt/stack/data/venv/lib/python3.12/site-packages/pymysql/protocol.py", line 219, in raise_for_error
May 12 07:35:37 ubuntu devstack@keystone.service[68001]: ERROR keystone.server.flask.application     err.raise_mysql_exception(self._data)
May 12 07:35:37 ubuntu devstack@keystone.service[68001]: ERROR keystone.server.flask.application   File "/opt/stack/data/venv/lib/python3.12/site-packages/pymysql/err.py", line 150, in raise_mysql_exception
May 12 07:35:37 ubuntu devstack@keystone.service[68001]: ERROR keystone.server.flask.application     raise errorclass(errno, errval)
May 12 07:35:37 ubuntu devstack@keystone.service[68001]: ERROR keystone.server.flask.application oslo_db.exception.DBDuplicateEntry: (pymysql.err.IntegrityError) (1062, "Duplicate entry 'service-<<null>>' for key 'role.ixu_role_name_domain_id'")
May 12 07:35:37 ubuntu devstack@keystone.service[68001]: ERROR keystone.server.flask.application [SQL: INSERT INTO `role` (id, name, description, extra) VALUES (%(id)s, %(name)s, %(description)s, %(extra)s)]
May 12 07:35:37 ubuntu devstack@keystone.service[68001]: ERROR keystone.server.flask.application [parameters: {'id': '415e0d04de8c4dd2907a79d5c73ca6d9', 'name': 'service', 'description': None, 'extra': '{}'}]
May 12 07:35:37 ubuntu devstack@keystone.service[68001]: ERROR keystone.server.flask.application (Background on this error at: https://sqlalche.me/e/20/gkpj)
May 12 07:35:37 ubuntu devstack@keystone.service[68001]: ERROR keystone.server.flask.application 
May 12 07:35:37 ubuntu devstack@keystone.service[68001]: ERROR keystone.server.flask.application During handling of the above exception, another exception occurred:
May 12 07:35:37 ubuntu devstack@keystone.service[68001]: ERROR keystone.server.flask.application 
May 12 07:35:37 ubuntu devstack@keystone.service[68001]: ERROR keystone.server.flask.application Traceback (most recent call last):
May 12 07:35:37 ubuntu devstack@keystone.service[68001]: ERROR keystone.server.flask.application   File "/opt/stack/data/venv/lib/python3.12/site-packages/flask_restful/__init__.py", line 295, in error_router
May 12 07:35:37 ubuntu devstack@keystone.service[68001]: ERROR keystone.server.flask.application     return self.handle_error(e)
May 12 07:35:37 ubuntu devstack@keystone.service[68001]: ERROR keystone.server.flask.application            ^^^^^^^^^^^^^^^^^^^^
May 12 07:35:37 ubuntu devstack@keystone.service[68001]: ERROR keystone.server.flask.application   File "/opt/stack/data/venv/lib/python3.12/site-packages/flask_restful/__init__.py", line 310, in handle_error
May 12 07:35:37 ubuntu devstack@keystone.service[68001]: ERROR keystone.server.flask.application     _handle_flask_propagate_exceptions_config(current_app, e)
May 12 07:35:37 ubuntu devstack@keystone.service[68001]: ERROR keystone.server.flask.application   File "/opt/stack/data/venv/lib/python3.12/site-packages/flask/app.py", line 917, in full_dispatch_request
May 12 07:35:37 ubuntu devstack@keystone.service[68001]: ERROR keystone.server.flask.application     rv = self.dispatch_request()
May 12 07:35:37 ubuntu devstack@keystone.service[68001]: ERROR keystone.server.flask.application          ^^^^^^^^^^^^^^^^^^^^^^^
May 12 07:35:37 ubuntu devstack@keystone.service[68001]: ERROR keystone.server.flask.application   File "/opt/stack/data/venv/lib/python3.12/site-packages/flask/app.py", line 902, in dispatch_request
May 12 07:35:37 ubuntu devstack@keystone.service[68001]: ERROR keystone.server.flask.application     return self.ensure_sync(self.view_functions[rule.endpoint])(**view_args)  # type: ignore[no-any-return]
May 12 07:35:37 ubuntu devstack@keystone.service[68001]: ERROR keystone.server.flask.application            ^^^^^^^^^^^^^^^^^^^^^^^^^^^^^^^^^^^^^^^^^^^^^^^^^^^^^^^^^^^^^^^^^
May 12 07:35:37 ubuntu devstack@keystone.service[68001]: ERROR keystone.server.flask.application   File "/opt/stack/data/venv/lib/python3.12/site-packages/flask_restful/__init__.py", line 489, in wrapper
May 12 07:35:37 ubuntu devstack@keystone.service[68001]: ERROR keystone.server.flask.application     resp = resource(*args, **kwargs)
May 12 07:35:37 ubuntu devstack@keystone.service[68001]: ERROR keystone.server.flask.application            ^^^^^^^^^^^^^^^^^^^^^^^^^
May 12 07:35:37 ubuntu devstack@keystone.service[68001]: ERROR keystone.server.flask.application   File "/opt/stack/data/venv/lib/python3.12/site-packages/flask/views.py", line 110, in view
May 12 07:35:37 ubuntu devstack@keystone.service[68001]: ERROR keystone.server.flask.application     return current_app.ensure_sync(self.dispatch_request)(**kwargs)  # type: ignore[no-any-return]
May 12 07:35:37 ubuntu devstack@keystone.service[68001]: ERROR keystone.server.flask.application            ^^^^^^^^^^^^^^^^^^^^^^^^^^^^^^^^^^^^^^^^^^^^^^^^^^^^^^^^
May 12 07:35:37 ubuntu devstack@keystone.service[68001]: ERROR keystone.server.flask.application   File "/opt/stack/data/venv/lib/python3.12/site-packages/flask_restful/__init__.py", line 604, in dispatch_request
May 12 07:35:37 ubuntu devstack@keystone.service[68001]: ERROR keystone.server.flask.application     resp = meth(*args, **kwargs)
May 12 07:35:37 ubuntu devstack@keystone.service[68001]: ERROR keystone.server.flask.application            ^^^^^^^^^^^^^^^^^^^^^
May 12 07:35:37 ubuntu devstack@keystone.service[68001]: ERROR keystone.server.flask.application   File "/opt/stack/keystone/keystone/api/validation/__init__.py", line 86, in wrapper
May 12 07:35:37 ubuntu devstack@keystone.service[68001]: ERROR keystone.server.flask.application     return func(*args, **kwargs)
May 12 07:35:37 ubuntu devstack@keystone.service[68001]: ERROR keystone.server.flask.application            ^^^^^^^^^^^^^^^^^^^^^
May 12 07:35:37 ubuntu devstack@keystone.service[68001]: ERROR keystone.server.flask.application   File "/opt/stack/keystone/keystone/api/validation/__init__.py", line 145, in wrapper
May 12 07:35:37 ubuntu devstack@keystone.service[68001]: ERROR keystone.server.flask.application     response = func(*args, **kwargs)
May 12 07:35:37 ubuntu devstack@keystone.service[68001]: ERROR keystone.server.flask.application                ^^^^^^^^^^^^^^^^^^^^^
May 12 07:35:37 ubuntu devstack@keystone.service[68001]: ERROR keystone.server.flask.application   File "/opt/stack/keystone/keystone/api/roles.py", line 91, in post
May 12 07:35:37 ubuntu devstack@keystone.service[68001]: ERROR keystone.server.flask.application     ref = PROVIDERS.role_api.create_role(
May 12 07:35:37 ubuntu devstack@keystone.service[68001]: ERROR keystone.server.flask.application           ^^^^^^^^^^^^^^^^^^^^^^^^^^^^^^^
May 12 07:35:37 ubuntu devstack@keystone.service[68001]: ERROR keystone.server.flask.application   File "/opt/stack/keystone/keystone/common/manager.py", line 114, in wrapped
May 12 07:35:37 ubuntu devstack@keystone.service[68001]: ERROR keystone.server.flask.application     __ret_val = __f(*args, **kwargs)
May 12 07:35:37 ubuntu devstack@keystone.service[68001]: ERROR keystone.server.flask.application                 ^^^^^^^^^^^^^^^^^^^^
May 12 07:35:37 ubuntu devstack@keystone.service[68001]: ERROR keystone.server.flask.application   File "/opt/stack/keystone/keystone/assignment/core.py", line 1486, in create_role
May 12 07:35:37 ubuntu devstack@keystone.service[68001]: ERROR keystone.server.flask.application     ret = self.driver.create_role(role_id, role)
May 12 07:35:37 ubuntu devstack@keystone.service[68001]: ERROR keystone.server.flask.application           ^^^^^^^^^^^^^^^^^^^^^^^^^^^^^^^^^^^^^^
May 12 07:35:37 ubuntu devstack@keystone.service[68001]: ERROR keystone.server.flask.application   File "/opt/stack/keystone/keystone/common/sql/core.py", line 614, in wrapper
May 12 07:35:37 ubuntu devstack@keystone.service[68001]: ERROR keystone.server.flask.application     raise exception.Conflict(type=conflict_type, details=msg)
May 12 07:35:37 ubuntu devstack@keystone.service[68001]: ERROR keystone.server.flask.application keystone.exception.Conflict: Conflict occurred attempting to store role - Duplicate entry found with name service.
May 12 07:35:37 ubuntu devstack@keystone.service[68001]: ERROR keystone.server.flask.application 
May 12 07:35:37 ubuntu devstack@keystone.service[68001]: [pid: 68001|app: 0|req: 18/35] 10.120.125.137 () {62 vars in 1199 bytes} [Tue May 12 07:35:37 2026] POST /identity/v3/roles => generated 140 bytes in 76 msecs (HTTP/1.1 409) 5 headers in 183 bytes (2 switches on core 0)
May 12 07:35:37 ubuntu devstack@keystone.service[68001]: DEBUG keystone.server.flask.request_processing.middleware.auth_context [None req-cef6e3a7-a463-4c6d-8c26-fb2360e466bb None admin] Authenticating user token {{(pid=68001) process_request /opt/stack/data/venv/lib/python3.12/site-packages/keystonemiddleware/auth_token/__init__.py:407}}
May 12 07:35:37 ubuntu devstack@keystone.service[68002]: [pid: 68002|app: 0|req: 18/36] 10.120.125.137 () {60 vars in 1048 bytes} [Tue May 12 07:35:37 2026] POST /identity/v3/auth/tokens => generated 863 bytes in 50 msecs (HTTP/1.1 201) 6 headers in 363 bytes (1 switches on core 0)
May 12 07:35:37 ubuntu devstack@keystone.service[68002]: DEBUG keystone.server.flask.request_processing.middleware.auth_context [None req-f4220a97-80a1-4580-9b69-623575b06490 None None] Authenticating user token {{(pid=68002) process_request /opt/stack/data/venv/lib/python3.12/site-packages/keystonemiddleware/auth_token/__init__.py:407}}
May 12 07:35:37 ubuntu devstack@keystone.service[68001]: DEBUG keystone.server.flask.request_processing.middleware.auth_context [None req-cef6e3a7-a463-4c6d-8c26-fb2360e466bb None admin] Validating token access rules against request {{(pid=68001) validate_allowed_request /opt/stack/data/venv/lib/python3.12/site-packages/keystonemiddleware/auth_token/__init__.py:545}}
May 12 07:35:37 ubuntu devstack@keystone.service[68002]: DEBUG keystone.server.flask.request_processing.middleware.auth_context [None req-f4220a97-80a1-4580-9b69-623575b06490 None None] Validating token access rules against request {{(pid=68002) validate_allowed_request /opt/stack/data/venv/lib/python3.12/site-packages/keystonemiddleware/auth_token/__init__.py:545}}
May 12 07:35:37 ubuntu devstack@keystone.service[68001]: DEBUG keystone.server.flask.request_processing.middleware.auth_context [None req-b96c2fa4-f898-43d0-8c59-8eea8083847f None admin] RBAC: auth_context: {'token': <TokenModel (audit_id=OMGn2hO-SIuAQnXuH4Jhdw, audit_chain_id=['OMGn2hO-SIuAQnXuH4Jhdw']) at 0x787887920260>, 'domain_id': None, 'trust_id': None, 'trustor_id': None, 'trustee_id': None, 'domain_name': None, 'group_ids': [], 'user_id': '7700dbee5f074b618d3f84a221378939', 'user_domain_id': 'default', 'system_scope': 'all', 'project_id': None, 'project_domain_id': None, 'roles': ['admin', 'manager', 'member', 'reader'], 'is_admin_project': True, 'service_user_id': None, 'service_user_domain_id': None, 'service_project_id': None, 'service_project_domain_id': None, 'service_roles': []} {{(pid=68001) fill_context /opt/stack/keystone/keystone/server/flask/request_processing/middleware/auth_context.py:509}}
May 12 07:35:37 ubuntu devstack@keystone.service[68001]: DEBUG keystone.server.flask.request_processing.req_logging [None req-b96c2fa4-f898-43d0-8c59-8eea8083847f None admin] REQUEST_METHOD: `GET` {{(pid=68001) log_request_info /opt/stack/keystone/keystone/server/flask/request_processing/req_logging.py:26}}
May 12 07:35:37 ubuntu devstack@keystone.service[68001]: DEBUG keystone.server.flask.request_processing.req_logging [None req-b96c2fa4-f898-43d0-8c59-8eea8083847f None admin] SCRIPT_NAME: `/identity` {{(pid=68001) log_request_info /opt/stack/keystone/keystone/server/flask/request_processing/req_logging.py:27}}
May 12 07:35:37 ubuntu devstack@keystone.service[68001]: DEBUG keystone.server.flask.request_processing.req_logging [None req-b96c2fa4-f898-43d0-8c59-8eea8083847f None admin] PATH_INFO: `/v3/domains/Default` {{(pid=68001) log_request_info /opt/stack/keystone/keystone/server/flask/request_processing/req_logging.py:28}}
May 12 07:35:37 ubuntu devstack@keystone.service[68001]: DEBUG keystone.common.rbac_enforcer.enforcer [None req-b96c2fa4-f898-43d0-8c59-8eea8083847f None admin] RBAC: Authorizing `identity:get_domain(domain_id=Default)` {{(pid=68001) enforce_call /opt/stack/keystone/keystone/common/rbac_enforcer/enforcer.py:494}}
May 12 07:35:37 ubuntu devstack@keystone.service[68001]: DEBUG keystone.common.rbac_enforcer.enforcer [None req-b96c2fa4-f898-43d0-8c59-8eea8083847f None admin] RBAC: Authorization granted {{(pid=68001) enforce_call /opt/stack/keystone/keystone/common/rbac_enforcer/enforcer.py:505}}
May 12 07:35:37 ubuntu devstack@keystone.service[68002]: DEBUG keystone.server.flask.request_processing.middleware.auth_context [None req-3a33a84f-0d32-4408-9500-88c2a3aedb7f None admin] RBAC: auth_context: {'token': <TokenModel (audit_id=ykY9ylRKSciqEEmzBDxbVQ, audit_chain_id=['ykY9ylRKSciqEEmzBDxbVQ']) at 0x7878879616a0>, 'domain_id': None, 'trust_id': None, 'trustor_id': None, 'trustee_id': None, 'domain_name': None, 'group_ids': [], 'user_id': '7700dbee5f074b618d3f84a221378939', 'user_domain_id': 'default', 'system_scope': 'all', 'project_id': None, 'project_domain_id': None, 'roles': ['admin', 'manager', 'member', 'reader'], 'is_admin_project': True, 'service_user_id': None, 'service_user_domain_id': None, 'service_project_id': None, 'service_project_domain_id': None, 'service_roles': []} {{(pid=68002) fill_context /opt/stack/keystone/keystone/server/flask/request_processing/middleware/auth_context.py:509}}
May 12 07:35:37 ubuntu devstack@keystone.service[68002]: DEBUG keystone.server.flask.request_processing.req_logging [None req-3a33a84f-0d32-4408-9500-88c2a3aedb7f None admin] REQUEST_METHOD: `GET` {{(pid=68002) log_request_info /opt/stack/keystone/keystone/server/flask/request_processing/req_logging.py:26}}
May 12 07:35:37 ubuntu devstack@keystone.service[68002]: DEBUG keystone.server.flask.request_processing.req_logging [None req-3a33a84f-0d32-4408-9500-88c2a3aedb7f None admin] SCRIPT_NAME: `/identity` {{(pid=68002) log_request_info /opt/stack/keystone/keystone/server/flask/request_processing/req_logging.py:27}}
May 12 07:35:37 ubuntu devstack@keystone.service[68002]: DEBUG keystone.server.flask.request_processing.req_logging [None req-3a33a84f-0d32-4408-9500-88c2a3aedb7f None admin] PATH_INFO: `/v3/roles` {{(pid=68002) log_request_info /opt/stack/keystone/keystone/server/flask/request_processing/req_logging.py:28}}
May 12 07:35:37 ubuntu devstack@keystone.service[68002]: DEBUG keystone.common.rbac_enforcer.enforcer [None req-3a33a84f-0d32-4408-9500-88c2a3aedb7f None admin] RBAC: Adding query filter params (name=admin) {{(pid=68002) _extract_filter_values /opt/stack/keystone/keystone/common/rbac_enforcer/enforcer.py:176}}
May 12 07:35:37 ubuntu devstack@keystone.service[68002]: DEBUG keystone.common.rbac_enforcer.enforcer [None req-3a33a84f-0d32-4408-9500-88c2a3aedb7f None admin] RBAC: Authorizing `identity:list_roles()` {{(pid=68002) enforce_call /opt/stack/keystone/keystone/common/rbac_enforcer/enforcer.py:494}}
May 12 07:35:37 ubuntu devstack@keystone.service[68002]: DEBUG keystone.common.rbac_enforcer.enforcer [None req-3a33a84f-0d32-4408-9500-88c2a3aedb7f None admin] RBAC: Authorization granted {{(pid=68002) enforce_call /opt/stack/keystone/keystone/common/rbac_enforcer/enforcer.py:505}}
May 12 07:35:37 ubuntu devstack@keystone.service[68001]: DEBUG keystone.server.flask.application [None req-b96c2fa4-f898-43d0-8c59-8eea8083847f None admin] Could not find domain: Default. {{(pid=68001) _handle_keystone_exception /opt/stack/keystone/keystone/server/flask/application.py:146}}
May 12 07:35:37 ubuntu devstack@keystone.service[68001]: [pid: 68001|app: 0|req: 19/37] 10.120.125.137 () {58 vars in 1176 bytes} [Tue May 12 07:35:37 2026] GET /identity/v3/domains/Default => generated 87 bytes in 75 msecs (HTTP/1.1 404) 5 headers in 183 bytes (1 switches on core 0)
May 12 07:35:37 ubuntu devstack@keystone.service[68001]: DEBUG keystone.server.flask.request_processing.middleware.auth_context [None req-b96c2fa4-f898-43d0-8c59-8eea8083847f None admin] Authenticating user token {{(pid=68001) process_request /opt/stack/data/venv/lib/python3.12/site-packages/keystonemiddleware/auth_token/__init__.py:407}}
May 12 07:35:37 ubuntu devstack@keystone.service[68002]: [pid: 68002|app: 0|req: 19/38] 10.120.125.137 () {58 vars in 1180 bytes} [Tue May 12 07:35:37 2026] GET /identity/v3/roles?name=admin => generated 341 bytes in 58 msecs (HTTP/1.1 200) 5 headers in 177 bytes (1 switches on core 0)
May 12 07:35:37 ubuntu devstack@keystone.service[68002]: DEBUG keystone.server.flask.request_processing.middleware.auth_context [None req-3a33a84f-0d32-4408-9500-88c2a3aedb7f None admin] Authenticating user token {{(pid=68002) process_request /opt/stack/data/venv/lib/python3.12/site-packages/keystonemiddleware/auth_token/__init__.py:407}}
May 12 07:35:37 ubuntu devstack@keystone.service[68001]: DEBUG keystone.server.flask.request_processing.middleware.auth_context [None req-b96c2fa4-f898-43d0-8c59-8eea8083847f None admin] Validating token access rules against request {{(pid=68001) validate_allowed_request /opt/stack/data/venv/lib/python3.12/site-packages/keystonemiddleware/auth_token/__init__.py:545}}
May 12 07:35:37 ubuntu devstack@keystone.service[68002]: DEBUG keystone.server.flask.request_processing.middleware.auth_context [None req-3a33a84f-0d32-4408-9500-88c2a3aedb7f None admin] Validating token access rules against request {{(pid=68002) validate_allowed_request /opt/stack/data/venv/lib/python3.12/site-packages/keystonemiddleware/auth_token/__init__.py:545}}
May 12 07:35:37 ubuntu devstack@keystone.service[68001]: DEBUG keystone.server.flask.request_processing.middleware.auth_context [None req-8f5c952d-862f-4f7e-aea2-bfcc1aa769fe None admin] RBAC: auth_context: {'token': <TokenModel (audit_id=juvv8RNmQVqFlJTMnGNK9g, audit_chain_id=['juvv8RNmQVqFlJTMnGNK9g']) at 0x787887909400>, 'domain_id': None, 'trust_id': None, 'trustor_id': None, 'trustee_id': None, 'domain_name': None, 'group_ids': [], 'user_id': '7700dbee5f074b618d3f84a221378939', 'user_domain_id': 'default', 'system_scope': 'all', 'project_id': None, 'project_domain_id': None, 'roles': ['admin', 'manager', 'member', 'reader'], 'is_admin_project': True, 'service_user_id': None, 'service_user_domain_id': None, 'service_project_id': None, 'service_project_domain_id': None, 'service_roles': []} {{(pid=68001) fill_context /opt/stack/keystone/keystone/server/flask/request_processing/middleware/auth_context.py:509}}
May 12 07:35:37 ubuntu devstack@keystone.service[68001]: DEBUG keystone.server.flask.request_processing.req_logging [None req-8f5c952d-862f-4f7e-aea2-bfcc1aa769fe None admin] REQUEST_METHOD: `POST` {{(pid=68001) log_request_info /opt/stack/keystone/keystone/server/flask/request_processing/req_logging.py:26}}
May 12 07:35:37 ubuntu devstack@keystone.service[68001]: DEBUG keystone.server.flask.request_processing.req_logging [None req-8f5c952d-862f-4f7e-aea2-bfcc1aa769fe None admin] SCRIPT_NAME: `/identity` {{(pid=68001) log_request_info /opt/stack/keystone/keystone/server/flask/request_processing/req_logging.py:27}}
May 12 07:35:37 ubuntu devstack@keystone.service[68001]: DEBUG keystone.server.flask.request_processing.req_logging [None req-8f5c952d-862f-4f7e-aea2-bfcc1aa769fe None admin] PATH_INFO: `/v3/roles` {{(pid=68001) log_request_info /opt/stack/keystone/keystone/server/flask/request_processing/req_logging.py:28}}
May 12 07:35:37 ubuntu devstack@keystone.service[68001]: DEBUG keystone.common.rbac_enforcer.enforcer [None req-8f5c952d-862f-4f7e-aea2-bfcc1aa769fe None admin] RBAC: Authorizing `identity:create_role()` {{(pid=68001) enforce_call /opt/stack/keystone/keystone/common/rbac_enforcer/enforcer.py:494}}
May 12 07:35:37 ubuntu devstack@keystone.service[68001]: DEBUG keystone.common.rbac_enforcer.enforcer [None req-8f5c952d-862f-4f7e-aea2-bfcc1aa769fe None admin] RBAC: Authorization granted {{(pid=68001) enforce_call /opt/stack/keystone/keystone/common/rbac_enforcer/enforcer.py:505}}
May 12 07:35:37 ubuntu devstack@keystone.service[68002]: DEBUG keystone.server.flask.request_processing.middleware.auth_context [None req-177b9bcc-bd51-4223-97a3-fe2cee1935a8 None admin] RBAC: auth_context: {'token': <TokenModel (audit_id=mqr-N5zHQemQWn5iRYOq2g, audit_chain_id=['mqr-N5zHQemQWn5iRYOq2g']) at 0x787888818290>, 'domain_id': None, 'trust_id': None, 'trustor_id': None, 'trustee_id': None, 'domain_name': None, 'group_ids': [], 'user_id': '7700dbee5f074b618d3f84a221378939', 'user_domain_id': 'default', 'system_scope': 'all', 'project_id': None, 'project_domain_id': None, 'roles': ['admin', 'manager', 'member', 'reader'], 'is_admin_project': True, 'service_user_id': None, 'service_user_domain_id': None, 'service_project_id': None, 'service_project_domain_id': None, 'service_roles': []} {{(pid=68002) fill_context /opt/stack/keystone/keystone/server/flask/request_processing/middleware/auth_context.py:509}}
May 12 07:35:37 ubuntu devstack@keystone.service[68002]: DEBUG keystone.server.flask.request_processing.req_logging [None req-177b9bcc-bd51-4223-97a3-fe2cee1935a8 None admin] REQUEST_METHOD: `GET` {{(pid=68002) log_request_info /opt/stack/keystone/keystone/server/flask/request_processing/req_logging.py:26}}
May 12 07:35:37 ubuntu devstack@keystone.service[68002]: DEBUG keystone.server.flask.request_processing.req_logging [None req-177b9bcc-bd51-4223-97a3-fe2cee1935a8 None admin] SCRIPT_NAME: `/identity` {{(pid=68002) log_request_info /opt/stack/keystone/keystone/server/flask/request_processing/req_logging.py:27}}
May 12 07:35:37 ubuntu devstack@keystone.service[68002]: DEBUG keystone.server.flask.request_processing.req_logging [None req-177b9bcc-bd51-4223-97a3-fe2cee1935a8 None admin] PATH_INFO: `/v3/roles/service` {{(pid=68002) log_request_info /opt/stack/keystone/keystone/server/flask/request_processing/req_logging.py:28}}
May 12 07:35:37 ubuntu devstack@keystone.service[68002]: DEBUG keystone.common.rbac_enforcer.enforcer [None req-177b9bcc-bd51-4223-97a3-fe2cee1935a8 None admin] Extracting inferred target data resulted in "NOT FOUND (404)". {{(pid=68002) enforce_call /opt/stack/keystone/keystone/common/rbac_enforcer/enforcer.py:445}}
May 12 07:35:37 ubuntu devstack@keystone.service[68002]: DEBUG keystone.server.flask.application [None req-177b9bcc-bd51-4223-97a3-fe2cee1935a8 None admin] Could not find role: service. {{(pid=68002) _handle_keystone_exception /opt/stack/keystone/keystone/server/flask/application.py:146}}
May 12 07:35:37 ubuntu devstack@keystone.service[68002]: [pid: 68002|app: 0|req: 20/39] 10.120.125.137 () {58 vars in 1170 bytes} [Tue May 12 07:35:37 2026] GET /identity/v3/roles/service => generated 85 bytes in 62 msecs (HTTP/1.1 404) 5 headers in 183 bytes (1 switches on core 0)
May 12 07:35:37 ubuntu devstack@keystone.service[68002]: DEBUG keystone.server.flask.request_processing.middleware.auth_context [None req-177b9bcc-bd51-4223-97a3-fe2cee1935a8 None admin] Authenticating user token {{(pid=68002) process_request /opt/stack/data/venv/lib/python3.12/site-packages/keystonemiddleware/auth_token/__init__.py:407}}
May 12 07:35:37 ubuntu devstack@keystone.service[68002]: DEBUG keystone.server.flask.request_processing.middleware.auth_context [None req-177b9bcc-bd51-4223-97a3-fe2cee1935a8 None admin] Validating token access rules against request {{(pid=68002) validate_allowed_request /opt/stack/data/venv/lib/python3.12/site-packages/keystonemiddleware/auth_token/__init__.py:545}}
May 12 07:35:37 ubuntu devstack@keystone.service[68002]: DEBUG keystone.server.flask.request_processing.middleware.auth_context [None req-d8be8394-bfdd-4efe-b704-59f59b2abf00 None admin] RBAC: auth_context: {'token': <TokenModel (audit_id=OMGn2hO-SIuAQnXuH4Jhdw, audit_chain_id=['OMGn2hO-SIuAQnXuH4Jhdw']) at 0x787887974230>, 'domain_id': None, 'trust_id': None, 'trustor_id': None, 'trustee_id': None, 'domain_name': None, 'group_ids': [], 'user_id': '7700dbee5f074b618d3f84a221378939', 'user_domain_id': 'default', 'system_scope': 'all', 'project_id': None, 'project_domain_id': None, 'roles': ['admin', 'manager', 'member', 'reader'], 'is_admin_project': True, 'service_user_id': None, 'service_user_domain_id': None, 'service_project_id': None, 'service_project_domain_id': None, 'service_roles': []} {{(pid=68002) fill_context /opt/stack/keystone/keystone/server/flask/request_processing/middleware/auth_context.py:509}}
May 12 07:35:37 ubuntu devstack@keystone.service[68002]: DEBUG keystone.server.flask.request_processing.req_logging [None req-d8be8394-bfdd-4efe-b704-59f59b2abf00 None admin] REQUEST_METHOD: `GET` {{(pid=68002) log_request_info /opt/stack/keystone/keystone/server/flask/request_processing/req_logging.py:26}}
May 12 07:35:37 ubuntu devstack@keystone.service[68002]: DEBUG keystone.server.flask.request_processing.req_logging [None req-d8be8394-bfdd-4efe-b704-59f59b2abf00 None admin] SCRIPT_NAME: `/identity` {{(pid=68002) log_request_info /opt/stack/keystone/keystone/server/flask/request_processing/req_logging.py:27}}
May 12 07:35:37 ubuntu devstack@keystone.service[68002]: DEBUG keystone.server.flask.request_processing.req_logging [None req-d8be8394-bfdd-4efe-b704-59f59b2abf00 None admin] PATH_INFO: `/v3/domains` {{(pid=68002) log_request_info /opt/stack/keystone/keystone/server/flask/request_processing/req_logging.py:28}}
May 12 07:35:37 ubuntu devstack@keystone.service[68002]: DEBUG keystone.common.rbac_enforcer.enforcer [None req-d8be8394-bfdd-4efe-b704-59f59b2abf00 None admin] RBAC: Adding query filter params (name=Default) {{(pid=68002) _extract_filter_values /opt/stack/keystone/keystone/common/rbac_enforcer/enforcer.py:176}}
May 12 07:35:37 ubuntu devstack@keystone.service[68002]: DEBUG keystone.common.rbac_enforcer.enforcer [None req-d8be8394-bfdd-4efe-b704-59f59b2abf00 None admin] RBAC: Authorizing `identity:list_domains()` {{(pid=68002) enforce_call /opt/stack/keystone/keystone/common/rbac_enforcer/enforcer.py:494}}
May 12 07:35:37 ubuntu devstack@keystone.service[68002]: DEBUG keystone.common.rbac_enforcer.enforcer [None req-d8be8394-bfdd-4efe-b704-59f59b2abf00 None admin] RBAC: Authorization granted {{(pid=68002) enforce_call /opt/stack/keystone/keystone/common/rbac_enforcer/enforcer.py:505}}
May 12 07:35:37 ubuntu devstack@keystone.service[68002]: [pid: 68002|app: 0|req: 21/40] 10.120.125.137 () {58 vars in 1190 bytes} [Tue May 12 07:35:37 2026] GET /identity/v3/domains?name=Default => generated 310 bytes in 62 msecs (HTTP/1.1 200) 5 headers in 177 bytes (1 switches on core 0)
May 12 07:35:37 ubuntu devstack@keystone.service[68002]: DEBUG keystone.server.flask.request_processing.middleware.auth_context [None req-d8be8394-bfdd-4efe-b704-59f59b2abf00 None admin] Authenticating user token {{(pid=68002) process_request /opt/stack/data/venv/lib/python3.12/site-packages/keystonemiddleware/auth_token/__init__.py:407}}
May 12 07:35:37 ubuntu devstack@keystone.service[68001]: [pid: 68001|app: 0|req: 20/41] 10.120.125.137 () {62 vars in 1199 bytes} [Tue May 12 07:35:37 2026] POST /identity/v3/roles => generated 226 bytes in 128 msecs (HTTP/1.1 201) 5 headers in 182 bytes (1 switches on core 0)
May 12 07:35:37 ubuntu devstack@keystone.service[68001]: DEBUG keystone.server.flask.request_processing.middleware.auth_context [None req-8f5c952d-862f-4f7e-aea2-bfcc1aa769fe None admin] Authenticating user token {{(pid=68001) process_request /opt/stack/data/venv/lib/python3.12/site-packages/keystonemiddleware/auth_token/__init__.py:407}}
May 12 07:35:37 ubuntu devstack@keystone.service[68002]: DEBUG keystone.server.flask.request_processing.middleware.auth_context [None req-d8be8394-bfdd-4efe-b704-59f59b2abf00 None admin] Validating token access rules against request {{(pid=68002) validate_allowed_request /opt/stack/data/venv/lib/python3.12/site-packages/keystonemiddleware/auth_token/__init__.py:545}}
May 12 07:35:37 ubuntu devstack@keystone.service[68001]: DEBUG keystone.server.flask.request_processing.middleware.auth_context [None req-8f5c952d-862f-4f7e-aea2-bfcc1aa769fe None admin] Validating token access rules against request {{(pid=68001) validate_allowed_request /opt/stack/data/venv/lib/python3.12/site-packages/keystonemiddleware/auth_token/__init__.py:545}}
May 12 07:35:37 ubuntu devstack@keystone.service[68001]: DEBUG keystone.server.flask.request_processing.middleware.auth_context [None req-1490f5d6-f19c-40eb-aded-6fded9ceafd8 None admin] RBAC: auth_context: {'token': <TokenModel (audit_id=MhxOadqESdCNoxtcdMETDA, audit_chain_id=['MhxOadqESdCNoxtcdMETDA']) at 0x787887a7c470>, 'domain_id': None, 'trust_id': None, 'trustor_id': None, 'trustee_id': None, 'domain_name': None, 'group_ids': [], 'user_id': '7700dbee5f074b618d3f84a221378939', 'user_domain_id': 'default', 'system_scope': 'all', 'project_id': None, 'project_domain_id': None, 'roles': ['admin', 'manager', 'member', 'reader'], 'is_admin_project': True, 'service_user_id': None, 'service_user_domain_id': None, 'service_project_id': None, 'service_project_domain_id': None, 'service_roles': []} {{(pid=68001) fill_context /opt/stack/keystone/keystone/server/flask/request_processing/middleware/auth_context.py:509}}
May 12 07:35:37 ubuntu devstack@keystone.service[68002]: DEBUG keystone.server.flask.request_processing.middleware.auth_context [None req-22be77df-07a0-47a2-ba17-19aa321ea9ca None admin] RBAC: auth_context: {'token': <TokenModel (audit_id=ykY9ylRKSciqEEmzBDxbVQ, audit_chain_id=['ykY9ylRKSciqEEmzBDxbVQ']) at 0x787887962000>, 'domain_id': None, 'trust_id': None, 'trustor_id': None, 'trustee_id': None, 'domain_name': None, 'group_ids': [], 'user_id': '7700dbee5f074b618d3f84a221378939', 'user_domain_id': 'default', 'system_scope': 'all', 'project_id': None, 'project_domain_id': None, 'roles': ['admin', 'manager', 'member', 'reader'], 'is_admin_project': True, 'service_user_id': None, 'service_user_domain_id': None, 'service_project_id': None, 'service_project_domain_id': None, 'service_roles': []} {{(pid=68002) fill_context /opt/stack/keystone/keystone/server/flask/request_processing/middleware/auth_context.py:509}}
May 12 07:35:37 ubuntu devstack@keystone.service[68001]: DEBUG keystone.server.flask.request_processing.req_logging [None req-1490f5d6-f19c-40eb-aded-6fded9ceafd8 None admin] REQUEST_METHOD: `POST` {{(pid=68001) log_request_info /opt/stack/keystone/keystone/server/flask/request_processing/req_logging.py:26}}
May 12 07:35:37 ubuntu devstack@keystone.service[68001]: DEBUG keystone.server.flask.request_processing.req_logging [None req-1490f5d6-f19c-40eb-aded-6fded9ceafd8 None admin] SCRIPT_NAME: `/identity` {{(pid=68001) log_request_info /opt/stack/keystone/keystone/server/flask/request_processing/req_logging.py:27}}
May 12 07:35:37 ubuntu devstack@keystone.service[68001]: DEBUG keystone.server.flask.request_processing.req_logging [None req-1490f5d6-f19c-40eb-aded-6fded9ceafd8 None admin] PATH_INFO: `/v3/roles` {{(pid=68001) log_request_info /opt/stack/keystone/keystone/server/flask/request_processing/req_logging.py:28}}
May 12 07:35:37 ubuntu devstack@keystone.service[68002]: DEBUG keystone.server.flask.request_processing.req_logging [None req-22be77df-07a0-47a2-ba17-19aa321ea9ca None admin] REQUEST_METHOD: `GET` {{(pid=68002) log_request_info /opt/stack/keystone/keystone/server/flask/request_processing/req_logging.py:26}}
May 12 07:35:37 ubuntu devstack@keystone.service[68002]: DEBUG keystone.server.flask.request_processing.req_logging [None req-22be77df-07a0-47a2-ba17-19aa321ea9ca None admin] SCRIPT_NAME: `/identity` {{(pid=68002) log_request_info /opt/stack/keystone/keystone/server/flask/request_processing/req_logging.py:27}}
May 12 07:35:37 ubuntu devstack@keystone.service[68002]: DEBUG keystone.server.flask.request_processing.req_logging [None req-22be77df-07a0-47a2-ba17-19aa321ea9ca None admin] PATH_INFO: `/v3/users/7700dbee5f074b618d3f84a221378939` {{(pid=68002) log_request_info /opt/stack/keystone/keystone/server/flask/request_processing/req_logging.py:28}}
May 12 07:35:37 ubuntu devstack@keystone.service[68001]: DEBUG keystone.common.rbac_enforcer.enforcer [None req-1490f5d6-f19c-40eb-aded-6fded9ceafd8 None admin] RBAC: Authorizing `identity:create_role()` {{(pid=68001) enforce_call /opt/stack/keystone/keystone/common/rbac_enforcer/enforcer.py:494}}
May 12 07:35:37 ubuntu devstack@keystone.service[68002]: DEBUG keystone.common.rbac_enforcer.enforcer [None req-22be77df-07a0-47a2-ba17-19aa321ea9ca None admin] RBAC: Authorizing `identity:get_user(user_id=7700dbee5f074b618d3f84a221378939)` {{(pid=68002) enforce_call /opt/stack/keystone/keystone/common/rbac_enforcer/enforcer.py:494}}
May 12 07:35:37 ubuntu devstack@keystone.service[68001]: DEBUG keystone.common.rbac_enforcer.enforcer [None req-1490f5d6-f19c-40eb-aded-6fded9ceafd8 None admin] RBAC: Authorization granted {{(pid=68001) enforce_call /opt/stack/keystone/keystone/common/rbac_enforcer/enforcer.py:505}}
May 12 07:35:37 ubuntu devstack@keystone.service[68002]: DEBUG keystone.common.rbac_enforcer.enforcer [None req-22be77df-07a0-47a2-ba17-19aa321ea9ca None admin] RBAC: Authorization granted {{(pid=68002) enforce_call /opt/stack/keystone/keystone/common/rbac_enforcer/enforcer.py:505}}
May 12 07:35:37 ubuntu devstack@keystone.service[68002]: [pid: 68002|app: 0|req: 22/42] 10.120.125.137 () {58 vars in 1245 bytes} [Tue May 12 07:35:37 2026] GET /identity/v3/users/7700dbee5f074b618d3f84a221378939 => generated 248 bytes in 63 msecs (HTTP/1.1 200) 5 headers in 177 bytes (1 switches on core 0)
May 12 07:35:37 ubuntu devstack@keystone.service[68002]: DEBUG keystone.server.flask.request_processing.middleware.auth_context [None req-22be77df-07a0-47a2-ba17-19aa321ea9ca None admin] Authenticating user token {{(pid=68002) process_request /opt/stack/data/venv/lib/python3.12/site-packages/keystonemiddleware/auth_token/__init__.py:407}}
May 12 07:35:37 ubuntu devstack@keystone.service[68001]: [pid: 68001|app: 0|req: 21/43] 10.120.125.137 () {62 vars in 1199 bytes} [Tue May 12 07:35:37 2026] POST /identity/v3/roles => generated 224 bytes in 70 msecs (HTTP/1.1 201) 5 headers in 182 bytes (1 switches on core 0)
May 12 07:35:37 ubuntu devstack@keystone.service[68001]: DEBUG keystone.server.flask.request_processing.middleware.auth_context [None req-1490f5d6-f19c-40eb-aded-6fded9ceafd8 None admin] Authenticating user token {{(pid=68001) process_request /opt/stack/data/venv/lib/python3.12/site-packages/keystonemiddleware/auth_token/__init__.py:407}}
May 12 07:35:37 ubuntu devstack@keystone.service[68002]: DEBUG keystone.server.flask.request_processing.middleware.auth_context [None req-22be77df-07a0-47a2-ba17-19aa321ea9ca None admin] Validating token access rules against request {{(pid=68002) validate_allowed_request /opt/stack/data/venv/lib/python3.12/site-packages/keystonemiddleware/auth_token/__init__.py:545}}
May 12 07:35:37 ubuntu devstack@keystone.service[68002]: DEBUG keystone.server.flask.request_processing.middleware.auth_context [None req-6b4c8186-4208-49f1-b300-a7a59458d030 None admin] RBAC: auth_context: {'token': <TokenModel (audit_id=mqr-N5zHQemQWn5iRYOq2g, audit_chain_id=['mqr-N5zHQemQWn5iRYOq2g']) at 0x787887977200>, 'domain_id': None, 'trust_id': None, 'trustor_id': None, 'trustee_id': None, 'domain_name': None, 'group_ids': [], 'user_id': '7700dbee5f074b618d3f84a221378939', 'user_domain_id': 'default', 'system_scope': 'all', 'project_id': None, 'project_domain_id': None, 'roles': ['admin', 'manager', 'member', 'reader'], 'is_admin_project': True, 'service_user_id': None, 'service_user_domain_id': None, 'service_project_id': None, 'service_project_domain_id': None, 'service_roles': []} {{(pid=68002) fill_context /opt/stack/keystone/keystone/server/flask/request_processing/middleware/auth_context.py:509}}
May 12 07:35:37 ubuntu devstack@keystone.service[68002]: DEBUG keystone.server.flask.request_processing.req_logging [None req-6b4c8186-4208-49f1-b300-a7a59458d030 None admin] REQUEST_METHOD: `GET` {{(pid=68002) log_request_info /opt/stack/keystone/keystone/server/flask/request_processing/req_logging.py:26}}
May 12 07:35:37 ubuntu devstack@keystone.service[68002]: DEBUG keystone.server.flask.request_processing.req_logging [None req-6b4c8186-4208-49f1-b300-a7a59458d030 None admin] SCRIPT_NAME: `/identity` {{(pid=68002) log_request_info /opt/stack/keystone/keystone/server/flask/request_processing/req_logging.py:27}}
May 12 07:35:37 ubuntu devstack@keystone.service[68002]: DEBUG keystone.server.flask.request_processing.req_logging [None req-6b4c8186-4208-49f1-b300-a7a59458d030 None admin] PATH_INFO: `/v3/roles` {{(pid=68002) log_request_info /opt/stack/keystone/keystone/server/flask/request_processing/req_logging.py:28}}
May 12 07:35:37 ubuntu devstack@keystone.service[68002]: DEBUG keystone.common.rbac_enforcer.enforcer [None req-6b4c8186-4208-49f1-b300-a7a59458d030 None admin] RBAC: Adding query filter params (name=service) {{(pid=68002) _extract_filter_values /opt/stack/keystone/keystone/common/rbac_enforcer/enforcer.py:176}}
May 12 07:35:37 ubuntu devstack@keystone.service[68002]: DEBUG keystone.common.rbac_enforcer.enforcer [None req-6b4c8186-4208-49f1-b300-a7a59458d030 None admin] RBAC: Authorizing `identity:list_roles()` {{(pid=68002) enforce_call /opt/stack/keystone/keystone/common/rbac_enforcer/enforcer.py:494}}
May 12 07:35:37 ubuntu devstack@keystone.service[68002]: DEBUG keystone.common.rbac_enforcer.enforcer [None req-6b4c8186-4208-49f1-b300-a7a59458d030 None admin] RBAC: Authorization granted {{(pid=68002) enforce_call /opt/stack/keystone/keystone/common/rbac_enforcer/enforcer.py:505}}
May 12 07:35:37 ubuntu devstack@keystone.service[68002]: [pid: 68002|app: 0|req: 23/44] 10.120.125.137 () {58 vars in 1184 bytes} [Tue May 12 07:35:37 2026] GET /identity/v3/roles?name=service => generated 345 bytes in 79 msecs (HTTP/1.1 200) 5 headers in 177 bytes (1 switches on core 0)
May 12 07:35:37 ubuntu devstack@keystone.service[68002]: DEBUG keystone.server.flask.request_processing.middleware.auth_context [None req-6b4c8186-4208-49f1-b300-a7a59458d030 None admin] Authenticating user token {{(pid=68002) process_request /opt/stack/data/venv/lib/python3.12/site-packages/keystonemiddleware/auth_token/__init__.py:407}}
May 12 07:35:37 ubuntu devstack@keystone.service[68001]: DEBUG keystone.server.flask.request_processing.middleware.auth_context [None req-1490f5d6-f19c-40eb-aded-6fded9ceafd8 None admin] Validating token access rules against request {{(pid=68001) validate_allowed_request /opt/stack/data/venv/lib/python3.12/site-packages/keystonemiddleware/auth_token/__init__.py:545}}
May 12 07:35:37 ubuntu devstack@keystone.service[68001]: DEBUG keystone.server.flask.request_processing.middleware.auth_context [None req-4facc395-6823-4075-b5c3-ef6e6490ef55 None admin] RBAC: auth_context: {'token': <TokenModel (audit_id=ykY9ylRKSciqEEmzBDxbVQ, audit_chain_id=['ykY9ylRKSciqEEmzBDxbVQ']) at 0x787887a7eb10>, 'domain_id': None, 'trust_id': None, 'trustor_id': None, 'trustee_id': None, 'domain_name': None, 'group_ids': [], 'user_id': '7700dbee5f074b618d3f84a221378939', 'user_domain_id': 'default', 'system_scope': 'all', 'project_id': None, 'project_domain_id': None, 'roles': ['admin', 'manager', 'member', 'reader'], 'is_admin_project': True, 'service_user_id': None, 'service_user_domain_id': None, 'service_project_id': None, 'service_project_domain_id': None, 'service_roles': []} {{(pid=68001) fill_context /opt/stack/keystone/keystone/server/flask/request_processing/middleware/auth_context.py:509}}
May 12 07:35:37 ubuntu devstack@keystone.service[68001]: DEBUG keystone.server.flask.request_processing.req_logging [None req-4facc395-6823-4075-b5c3-ef6e6490ef55 None admin] REQUEST_METHOD: `GET` {{(pid=68001) log_request_info /opt/stack/keystone/keystone/server/flask/request_processing/req_logging.py:26}}
May 12 07:35:37 ubuntu devstack@keystone.service[68001]: DEBUG keystone.server.flask.request_processing.req_logging [None req-4facc395-6823-4075-b5c3-ef6e6490ef55 None admin] SCRIPT_NAME: `/identity` {{(pid=68001) log_request_info /opt/stack/keystone/keystone/server/flask/request_processing/req_logging.py:27}}
May 12 07:35:37 ubuntu devstack@keystone.service[68001]: DEBUG keystone.server.flask.request_processing.req_logging [None req-4facc395-6823-4075-b5c3-ef6e6490ef55 None admin] PATH_INFO: `/v3/domains/default` {{(pid=68001) log_request_info /opt/stack/keystone/keystone/server/flask/request_processing/req_logging.py:28}}
May 12 07:35:37 ubuntu devstack@keystone.service[68001]: DEBUG keystone.common.rbac_enforcer.enforcer [None req-4facc395-6823-4075-b5c3-ef6e6490ef55 None admin] RBAC: Authorizing `identity:get_domain(domain_id=default)` {{(pid=68001) enforce_call /opt/stack/keystone/keystone/common/rbac_enforcer/enforcer.py:494}}
May 12 07:35:37 ubuntu devstack@keystone.service[68001]: DEBUG keystone.common.rbac_enforcer.enforcer [None req-4facc395-6823-4075-b5c3-ef6e6490ef55 None admin] RBAC: Authorization granted {{(pid=68001) enforce_call /opt/stack/keystone/keystone/common/rbac_enforcer/enforcer.py:505}}
May 12 07:35:37 ubuntu devstack@keystone.service[68001]: [pid: 68001|app: 0|req: 22/45] 10.120.125.137 () {58 vars in 1175 bytes} [Tue May 12 07:35:37 2026] GET /identity/v3/domains/default => generated 200 bytes in 66 msecs (HTTP/1.1 200) 5 headers in 177 bytes (1 switches on core 0)
May 12 07:35:37 ubuntu devstack@keystone.service[68001]: DEBUG keystone.server.flask.request_processing.middleware.auth_context [None req-4facc395-6823-4075-b5c3-ef6e6490ef55 None admin] Authenticating user token {{(pid=68001) process_request /opt/stack/data/venv/lib/python3.12/site-packages/keystonemiddleware/auth_token/__init__.py:407}}
May 12 07:35:37 ubuntu devstack@keystone.service[68002]: DEBUG keystone.server.flask.request_processing.middleware.auth_context [None req-6b4c8186-4208-49f1-b300-a7a59458d030 None admin] Validating token access rules against request {{(pid=68002) validate_allowed_request /opt/stack/data/venv/lib/python3.12/site-packages/keystonemiddleware/auth_token/__init__.py:545}}
May 12 07:35:37 ubuntu devstack@keystone.service[68002]: DEBUG keystone.server.flask.request_processing.middleware.auth_context [None req-0052e602-41b3-45b0-b640-b7c12e914892 None admin] RBAC: auth_context: {'token': <TokenModel (audit_id=3hiQD4ZLTEebznhFr_52AQ, audit_chain_id=['3hiQD4ZLTEebznhFr_52AQ']) at 0x787887b43e60>, 'domain_id': None, 'trust_id': None, 'trustor_id': None, 'trustee_id': None, 'domain_name': None, 'group_ids': [], 'user_id': '7700dbee5f074b618d3f84a221378939', 'user_domain_id': 'default', 'system_scope': 'all', 'project_id': None, 'project_domain_id': None, 'roles': ['admin', 'manager', 'member', 'reader'], 'is_admin_project': True, 'service_user_id': None, 'service_user_domain_id': None, 'service_project_id': None, 'service_project_domain_id': None, 'service_roles': []} {{(pid=68002) fill_context /opt/stack/keystone/keystone/server/flask/request_processing/middleware/auth_context.py:509}}
May 12 07:35:37 ubuntu devstack@keystone.service[68002]: DEBUG keystone.server.flask.request_processing.req_logging [None req-0052e602-41b3-45b0-b640-b7c12e914892 None admin] REQUEST_METHOD: `GET` {{(pid=68002) log_request_info /opt/stack/keystone/keystone/server/flask/request_processing/req_logging.py:26}}
May 12 07:35:37 ubuntu devstack@keystone.service[68002]: DEBUG keystone.server.flask.request_processing.req_logging [None req-0052e602-41b3-45b0-b640-b7c12e914892 None admin] SCRIPT_NAME: `/identity` {{(pid=68002) log_request_info /opt/stack/keystone/keystone/server/flask/request_processing/req_logging.py:27}}
May 12 07:35:37 ubuntu devstack@keystone.service[68002]: DEBUG keystone.server.flask.request_processing.req_logging [None req-0052e602-41b3-45b0-b640-b7c12e914892 None admin] PATH_INFO: `/v3/domains/default` {{(pid=68002) log_request_info /opt/stack/keystone/keystone/server/flask/request_processing/req_logging.py:28}}
May 12 07:35:37 ubuntu devstack@keystone.service[68001]: DEBUG keystone.server.flask.request_processing.middleware.auth_context [None req-4facc395-6823-4075-b5c3-ef6e6490ef55 None admin] Validating token access rules against request {{(pid=68001) validate_allowed_request /opt/stack/data/venv/lib/python3.12/site-packages/keystonemiddleware/auth_token/__init__.py:545}}
May 12 07:35:37 ubuntu devstack@keystone.service[68002]: DEBUG keystone.common.rbac_enforcer.enforcer [None req-0052e602-41b3-45b0-b640-b7c12e914892 None admin] RBAC: Authorizing `identity:get_domain(domain_id=default)` {{(pid=68002) enforce_call /opt/stack/keystone/keystone/common/rbac_enforcer/enforcer.py:494}}
May 12 07:35:37 ubuntu devstack@keystone.service[68002]: DEBUG keystone.common.rbac_enforcer.enforcer [None req-0052e602-41b3-45b0-b640-b7c12e914892 None admin] RBAC: Authorization granted {{(pid=68002) enforce_call /opt/stack/keystone/keystone/common/rbac_enforcer/enforcer.py:505}}
May 12 07:35:37 ubuntu devstack@keystone.service[68002]: [pid: 68002|app: 0|req: 24/46] 10.120.125.137 () {58 vars in 1175 bytes} [Tue May 12 07:35:37 2026] GET /identity/v3/domains/default => generated 200 bytes in 59 msecs (HTTP/1.1 200) 5 headers in 177 bytes (1 switches on core 0)
May 12 07:35:37 ubuntu devstack@keystone.service[68002]: DEBUG keystone.server.flask.request_processing.middleware.auth_context [None req-0052e602-41b3-45b0-b640-b7c12e914892 None admin] Authenticating user token {{(pid=68002) process_request /opt/stack/data/venv/lib/python3.12/site-packages/keystonemiddleware/auth_token/__init__.py:407}}
May 12 07:35:37 ubuntu devstack@keystone.service[68001]: DEBUG keystone.server.flask.request_processing.middleware.auth_context [None req-ca5fc797-bd42-4390-a081-f4c5d8f26e8f None admin] RBAC: auth_context: {'token': <TokenModel (audit_id=OMGn2hO-SIuAQnXuH4Jhdw, audit_chain_id=['OMGn2hO-SIuAQnXuH4Jhdw']) at 0x787887a48200>, 'domain_id': None, 'trust_id': None, 'trustor_id': None, 'trustee_id': None, 'domain_name': None, 'group_ids': [], 'user_id': '7700dbee5f074b618d3f84a221378939', 'user_domain_id': 'default', 'system_scope': 'all', 'project_id': None, 'project_domain_id': None, 'roles': ['admin', 'manager', 'member', 'reader'], 'is_admin_project': True, 'service_user_id': None, 'service_user_domain_id': None, 'service_project_id': None, 'service_project_domain_id': None, 'service_roles': []} {{(pid=68001) fill_context /opt/stack/keystone/keystone/server/flask/request_processing/middleware/auth_context.py:509}}
May 12 07:35:37 ubuntu devstack@keystone.service[68001]: DEBUG keystone.server.flask.request_processing.req_logging [None req-ca5fc797-bd42-4390-a081-f4c5d8f26e8f None admin] REQUEST_METHOD: `POST` {{(pid=68001) log_request_info /opt/stack/keystone/keystone/server/flask/request_processing/req_logging.py:26}}
May 12 07:35:37 ubuntu devstack@keystone.service[68001]: DEBUG keystone.server.flask.request_processing.req_logging [None req-ca5fc797-bd42-4390-a081-f4c5d8f26e8f None admin] SCRIPT_NAME: `/identity` {{(pid=68001) log_request_info /opt/stack/keystone/keystone/server/flask/request_processing/req_logging.py:27}}
May 12 07:35:37 ubuntu devstack@keystone.service[68001]: DEBUG keystone.server.flask.request_processing.req_logging [None req-ca5fc797-bd42-4390-a081-f4c5d8f26e8f None admin] PATH_INFO: `/v3/projects` {{(pid=68001) log_request_info /opt/stack/keystone/keystone/server/flask/request_processing/req_logging.py:28}}
