Mar 19 22:15:02 ubuntu devstack@keystone.service[62849]: DEBUG keystone.server.flask.request_processing.middleware.auth_context [None req-dabb52a8-13e9-42a7-bcf4-11e01aa91b87 None admin] Authenticating user token {{(pid=62849) process_request /opt/stack/data/venv/lib/python3.12/site-packages/keystonemiddleware/auth_token/__init__.py:407}}
Mar 19 22:15:02 ubuntu devstack@keystone.service[62849]: DEBUG keystone.server.flask.request_processing.middleware.auth_context [None req-dabb52a8-13e9-42a7-bcf4-11e01aa91b87 None admin] Validating token access rules against request {{(pid=62849) validate_allowed_request /opt/stack/data/venv/lib/python3.12/site-packages/keystonemiddleware/auth_token/__init__.py:545}}
Mar 19 22:15:02 ubuntu devstack@keystone.service[62849]: DEBUG keystone.server.flask.request_processing.middleware.auth_context [None req-84dea320-0aa9-4b1d-b70d-eaee77912981 None admin] RBAC: auth_context: {'token': <TokenModel (audit_id=Wco5aOO9TUGvHAfEoQ52eQ, audit_chain_id=['Wco5aOO9TUGvHAfEoQ52eQ']) at 0x7af0b7db8380>, 'domain_id': None, 'trust_id': None, 'trustor_id': None, 'trustee_id': None, 'domain_name': None, 'group_ids': [], 'user_id': '463a0da35a8e42f38037b86b9e26ce8b', 'user_domain_id': 'default', 'system_scope': 'all', 'project_id': None, 'project_domain_id': None, 'roles': ['admin', 'manager', 'member', 'reader'], 'is_admin_project': True, 'service_user_id': None, 'service_user_domain_id': None, 'service_project_id': None, 'service_project_domain_id': None, 'service_roles': []} {{(pid=62849) fill_context /opt/stack/keystone/keystone/server/flask/request_processing/middleware/auth_context.py:509}}
Mar 19 22:15:02 ubuntu devstack@keystone.service[62849]: DEBUG keystone.server.flask.request_processing.req_logging [None req-84dea320-0aa9-4b1d-b70d-eaee77912981 None admin] REQUEST_METHOD: `PUT` {{(pid=62849) log_request_info /opt/stack/keystone/keystone/server/flask/request_processing/req_logging.py:26}}
Mar 19 22:15:02 ubuntu devstack@keystone.service[62849]: DEBUG keystone.server.flask.request_processing.req_logging [None req-84dea320-0aa9-4b1d-b70d-eaee77912981 None admin] SCRIPT_NAME: `/identity` {{(pid=62849) log_request_info /opt/stack/keystone/keystone/server/flask/request_processing/req_logging.py:27}}
Mar 19 22:15:02 ubuntu devstack@keystone.service[62849]: DEBUG keystone.server.flask.request_processing.req_logging [None req-84dea320-0aa9-4b1d-b70d-eaee77912981 None admin] PATH_INFO: `/v3/domains/default/users/463a0da35a8e42f38037b86b9e26ce8b/roles/ef3dbbfe163040808de9ad71246e6e9e` {{(pid=62849) log_request_info /opt/stack/keystone/keystone/server/flask/request_processing/req_logging.py:28}}
Mar 19 22:15:02 ubuntu devstack@keystone.service[62849]: DEBUG keystone.common.rbac_enforcer.enforcer [None req-84dea320-0aa9-4b1d-b70d-eaee77912981 None admin] RBAC: Authorizing `identity:create_grant(domain_id=default, user_id=463a0da35a8e42f38037b86b9e26ce8b, role_id=ef3dbbfe163040808de9ad71246e6e9e)` {{(pid=62849) enforce_call /opt/stack/keystone/keystone/common/rbac_enforcer/enforcer.py:494}}
Mar 19 22:15:02 ubuntu devstack@keystone.service[62849]: DEBUG keystone.common.rbac_enforcer.enforcer [None req-84dea320-0aa9-4b1d-b70d-eaee77912981 None admin] RBAC: Authorization granted {{(pid=62849) enforce_call /opt/stack/keystone/keystone/common/rbac_enforcer/enforcer.py:505}}
Mar 19 22:15:02 ubuntu devstack@keystone.service[62849]: [pid: 62849|app: 0|req: 11/22] 10.120.125.137 () {60 vars in 1429 bytes} [Thu Mar 19 22:15:02 2026] PUT /identity/v3/domains/default/users/463a0da35a8e42f38037b86b9e26ce8b/roles/ef3dbbfe163040808de9ad71246e6e9e => generated 0 bytes in 148 msecs (HTTP/1.1 204) 3 headers in 132 bytes (0 switches on core 0)
Mar 19 22:15:04 ubuntu devstack@keystone.service[62850]: DEBUG keystone.server.flask.request_processing.req_logging [None req-1e0bc16c-b8ef-4b38-a655-1434e8680882 None None] REQUEST_METHOD: `GET` {{(pid=62850) log_request_info /opt/stack/keystone/keystone/server/flask/request_processing/req_logging.py:26}}
Mar 19 22:15:04 ubuntu devstack@keystone.service[62850]: DEBUG keystone.server.flask.request_processing.req_logging [None req-1e0bc16c-b8ef-4b38-a655-1434e8680882 None None] SCRIPT_NAME: `/identity` {{(pid=62850) log_request_info /opt/stack/keystone/keystone/server/flask/request_processing/req_logging.py:27}}
Mar 19 22:15:04 ubuntu devstack@keystone.service[62850]: DEBUG keystone.server.flask.request_processing.req_logging [None req-1e0bc16c-b8ef-4b38-a655-1434e8680882 None None] PATH_INFO: `/` {{(pid=62850) log_request_info /opt/stack/keystone/keystone/server/flask/request_processing/req_logging.py:28}}
Mar 19 22:15:04 ubuntu devstack@keystone.service[62850]: [pid: 62850|app: 0|req: 12/23] 10.120.125.137 () {56 vars in 951 bytes} [Thu Mar 19 22:15:04 2026] GET /identity => generated 271 bytes in 1 msecs (HTTP/1.1 300) 6 headers in 235 bytes (1 switches on core 0)
Mar 19 22:15:04 ubuntu devstack@keystone.service[62849]: DEBUG keystone.server.flask.request_processing.req_logging [None req-cfd90caf-5311-4fe1-ba9e-08bb34a2ed51 None None] REQUEST_METHOD: `GET` {{(pid=62849) log_request_info /opt/stack/keystone/keystone/server/flask/request_processing/req_logging.py:26}}
Mar 19 22:15:04 ubuntu devstack@keystone.service[62849]: DEBUG keystone.server.flask.request_processing.req_logging [None req-cfd90caf-5311-4fe1-ba9e-08bb34a2ed51 None None] SCRIPT_NAME: `/identity` {{(pid=62849) log_request_info /opt/stack/keystone/keystone/server/flask/request_processing/req_logging.py:27}}
Mar 19 22:15:04 ubuntu devstack@keystone.service[62849]: DEBUG keystone.server.flask.request_processing.req_logging [None req-cfd90caf-5311-4fe1-ba9e-08bb34a2ed51 None None] PATH_INFO: `/` {{(pid=62849) log_request_info /opt/stack/keystone/keystone/server/flask/request_processing/req_logging.py:28}}
Mar 19 22:15:04 ubuntu devstack@keystone.service[62849]: [pid: 62849|app: 0|req: 12/24] 10.120.125.137 () {56 vars in 951 bytes} [Thu Mar 19 22:15:04 2026] GET /identity => generated 271 bytes in 2 msecs (HTTP/1.1 300) 6 headers in 235 bytes (2 switches on core 0)
Mar 19 22:15:04 ubuntu devstack@keystone.service[62850]: DEBUG keystone.server.flask.request_processing.req_logging [None req-0482fb21-eb06-4434-8c84-442abc9c4dcd None None] REQUEST_METHOD: `GET` {{(pid=62850) log_request_info /opt/stack/keystone/keystone/server/flask/request_processing/req_logging.py:26}}
Mar 19 22:15:04 ubuntu devstack@keystone.service[62850]: DEBUG keystone.server.flask.request_processing.req_logging [None req-0482fb21-eb06-4434-8c84-442abc9c4dcd None None] SCRIPT_NAME: `/identity` {{(pid=62850) log_request_info /opt/stack/keystone/keystone/server/flask/request_processing/req_logging.py:27}}
Mar 19 22:15:04 ubuntu devstack@keystone.service[62850]: DEBUG keystone.server.flask.request_processing.req_logging [None req-0482fb21-eb06-4434-8c84-442abc9c4dcd None None] PATH_INFO: `/` {{(pid=62850) log_request_info /opt/stack/keystone/keystone/server/flask/request_processing/req_logging.py:28}}
Mar 19 22:15:04 ubuntu devstack@keystone.service[62849]: DEBUG keystone.server.flask.request_processing.req_logging [None req-92e8304d-e442-4747-991c-637d495d17c4 None None] REQUEST_METHOD: `POST` {{(pid=62849) log_request_info /opt/stack/keystone/keystone/server/flask/request_processing/req_logging.py:26}}
Mar 19 22:15:04 ubuntu devstack@keystone.service[62849]: DEBUG keystone.server.flask.request_processing.req_logging [None req-92e8304d-e442-4747-991c-637d495d17c4 None None] SCRIPT_NAME: `/identity` {{(pid=62849) log_request_info /opt/stack/keystone/keystone/server/flask/request_processing/req_logging.py:27}}
Mar 19 22:15:04 ubuntu devstack@keystone.service[62850]: [pid: 62850|app: 0|req: 13/25] 10.120.125.137 () {56 vars in 951 bytes} [Thu Mar 19 22:15:04 2026] GET /identity => generated 271 bytes in 1 msecs (HTTP/1.1 300) 6 headers in 235 bytes (2 switches on core 0)
Mar 19 22:15:04 ubuntu devstack@keystone.service[62849]: DEBUG keystone.server.flask.request_processing.req_logging [None req-92e8304d-e442-4747-991c-637d495d17c4 None None] PATH_INFO: `/v3/auth/tokens` {{(pid=62849) log_request_info /opt/stack/keystone/keystone/server/flask/request_processing/req_logging.py:28}}
Mar 19 22:15:04 ubuntu devstack@keystone.service[62849]: WARNING keystone.common.password_hashing [None req-92e8304d-e442-4747-991c-637d495d17c4 None None] Truncating password to algorithm specific maximum length 72 characters.
Mar 19 22:15:04 ubuntu devstack@keystone.service[62849]: DEBUG keystone.auth.core [None req-92e8304d-e442-4747-991c-637d495d17c4 None None] MFA Rules not processed for user `463a0da35a8e42f38037b86b9e26ce8b`. Rule list: `[]` (Enabled: `True`). {{(pid=62849) check_auth_methods_against_rules /opt/stack/keystone/keystone/auth/core.py:476}}
Mar 19 22:15:04 ubuntu devstack@keystone.service[62849]: DEBUG keystone.common.fernet_utils [None req-92e8304d-e442-4747-991c-637d495d17c4 None None] Loaded 2 Fernet keys from /etc/keystone/fernet-keys/, but `[fernet_tokens] max_active_keys = 3`; perhaps there have not been enough key rotations to reach `max_active_keys` yet? {{(pid=62849) load_keys /opt/stack/keystone/keystone/common/fernet_utils.py:297}}
Mar 19 22:15:04 ubuntu devstack@keystone.service[62849]: [pid: 62849|app: 0|req: 13/26] 10.120.125.137 () {60 vars in 1048 bytes} [Thu Mar 19 22:15:04 2026] POST /identity/v3/auth/tokens => generated 863 bytes in 50 msecs (HTTP/1.1 201) 6 headers in 363 bytes (1 switches on core 0)
Mar 19 22:15:04 ubuntu devstack@keystone.service[62850]: DEBUG keystone.server.flask.request_processing.req_logging [None req-a9101e15-0754-4225-8bf0-a8f3bc98ec85 None None] REQUEST_METHOD: `POST` {{(pid=62850) log_request_info /opt/stack/keystone/keystone/server/flask/request_processing/req_logging.py:26}}
Mar 19 22:15:04 ubuntu devstack@keystone.service[62850]: DEBUG keystone.server.flask.request_processing.req_logging [None req-a9101e15-0754-4225-8bf0-a8f3bc98ec85 None None] SCRIPT_NAME: `/identity` {{(pid=62850) log_request_info /opt/stack/keystone/keystone/server/flask/request_processing/req_logging.py:27}}
Mar 19 22:15:04 ubuntu devstack@keystone.service[62850]: DEBUG keystone.server.flask.request_processing.req_logging [None req-a9101e15-0754-4225-8bf0-a8f3bc98ec85 None None] PATH_INFO: `/v3/auth/tokens` {{(pid=62850) log_request_info /opt/stack/keystone/keystone/server/flask/request_processing/req_logging.py:28}}
Mar 19 22:15:04 ubuntu devstack@keystone.service[62850]: WARNING keystone.common.password_hashing [None req-a9101e15-0754-4225-8bf0-a8f3bc98ec85 None None] Truncating password to algorithm specific maximum length 72 characters.
Mar 19 22:15:04 ubuntu devstack@keystone.service[62850]: DEBUG keystone.auth.core [None req-a9101e15-0754-4225-8bf0-a8f3bc98ec85 None None] MFA Rules not processed for user `463a0da35a8e42f38037b86b9e26ce8b`. Rule list: `[]` (Enabled: `True`). {{(pid=62850) check_auth_methods_against_rules /opt/stack/keystone/keystone/auth/core.py:476}}
Mar 19 22:15:04 ubuntu devstack@keystone.service[62850]: DEBUG keystone.common.fernet_utils [None req-a9101e15-0754-4225-8bf0-a8f3bc98ec85 None None] Loaded 2 Fernet keys from /etc/keystone/fernet-keys/, but `[fernet_tokens] max_active_keys = 3`; perhaps there have not been enough key rotations to reach `max_active_keys` yet? {{(pid=62850) load_keys /opt/stack/keystone/keystone/common/fernet_utils.py:297}}
Mar 19 22:15:04 ubuntu devstack@keystone.service[62849]: DEBUG keystone.server.flask.request_processing.req_logging [None req-20a478b9-cc4b-41cb-9632-426001c132d8 None None] REQUEST_METHOD: `POST` {{(pid=62849) log_request_info /opt/stack/keystone/keystone/server/flask/request_processing/req_logging.py:26}}
Mar 19 22:15:04 ubuntu devstack@keystone.service[62849]: DEBUG keystone.server.flask.request_processing.req_logging [None req-20a478b9-cc4b-41cb-9632-426001c132d8 None None] SCRIPT_NAME: `/identity` {{(pid=62849) log_request_info /opt/stack/keystone/keystone/server/flask/request_processing/req_logging.py:27}}
Mar 19 22:15:04 ubuntu devstack@keystone.service[62849]: DEBUG keystone.server.flask.request_processing.req_logging [None req-20a478b9-cc4b-41cb-9632-426001c132d8 None None] PATH_INFO: `/v3/auth/tokens` {{(pid=62849) log_request_info /opt/stack/keystone/keystone/server/flask/request_processing/req_logging.py:28}}
Mar 19 22:15:04 ubuntu devstack@keystone.service[62849]: WARNING keystone.common.password_hashing [None req-20a478b9-cc4b-41cb-9632-426001c132d8 None None] Truncating password to algorithm specific maximum length 72 characters.
Mar 19 22:15:04 ubuntu devstack@keystone.service[62850]: [pid: 62850|app: 0|req: 14/27] 10.120.125.137 () {60 vars in 1048 bytes} [Thu Mar 19 22:15:04 2026] POST /identity/v3/auth/tokens => generated 863 bytes in 56 msecs (HTTP/1.1 201) 6 headers in 363 bytes (1 switches on core 0)
Mar 19 22:15:04 ubuntu devstack@keystone.service[62849]: DEBUG keystone.auth.core [None req-20a478b9-cc4b-41cb-9632-426001c132d8 None None] MFA Rules not processed for user `463a0da35a8e42f38037b86b9e26ce8b`. Rule list: `[]` (Enabled: `True`). {{(pid=62849) check_auth_methods_against_rules /opt/stack/keystone/keystone/auth/core.py:476}}
Mar 19 22:15:04 ubuntu devstack@keystone.service[62849]: DEBUG keystone.common.fernet_utils [None req-20a478b9-cc4b-41cb-9632-426001c132d8 None None] Loaded 2 Fernet keys from /etc/keystone/fernet-keys/, but `[fernet_tokens] max_active_keys = 3`; perhaps there have not been enough key rotations to reach `max_active_keys` yet? {{(pid=62849) load_keys /opt/stack/keystone/keystone/common/fernet_utils.py:297}}
Mar 19 22:15:04 ubuntu devstack@keystone.service[62849]: [pid: 62849|app: 0|req: 14/28] 10.120.125.137 () {60 vars in 1048 bytes} [Thu Mar 19 22:15:04 2026] POST /identity/v3/auth/tokens => generated 863 bytes in 55 msecs (HTTP/1.1 201) 6 headers in 363 bytes (1 switches on core 0)
Mar 19 22:15:04 ubuntu devstack@keystone.service[62850]: DEBUG keystone.server.flask.request_processing.req_logging [None req-febe6ef8-729e-4bd4-9e82-76fd0c4dc85e None None] REQUEST_METHOD: `GET` {{(pid=62850) log_request_info /opt/stack/keystone/keystone/server/flask/request_processing/req_logging.py:26}}
Mar 19 22:15:04 ubuntu devstack@keystone.service[62850]: DEBUG keystone.server.flask.request_processing.req_logging [None req-febe6ef8-729e-4bd4-9e82-76fd0c4dc85e None None] SCRIPT_NAME: `/identity` {{(pid=62850) log_request_info /opt/stack/keystone/keystone/server/flask/request_processing/req_logging.py:27}}
Mar 19 22:15:04 ubuntu devstack@keystone.service[62850]: DEBUG keystone.server.flask.request_processing.req_logging [None req-febe6ef8-729e-4bd4-9e82-76fd0c4dc85e None None] PATH_INFO: `/` {{(pid=62850) log_request_info /opt/stack/keystone/keystone/server/flask/request_processing/req_logging.py:28}}
Mar 19 22:15:04 ubuntu devstack@keystone.service[62850]: [pid: 62850|app: 0|req: 15/29] 10.120.125.137 () {56 vars in 951 bytes} [Thu Mar 19 22:15:04 2026] GET /identity => generated 271 bytes in 1 msecs (HTTP/1.1 300) 6 headers in 235 bytes (1 switches on core 0)
Mar 19 22:15:04 ubuntu devstack@keystone.service[62849]: DEBUG keystone.server.flask.request_processing.middleware.auth_context [None req-20a478b9-cc4b-41cb-9632-426001c132d8 None None] Authenticating user token {{(pid=62849) process_request /opt/stack/data/venv/lib/python3.12/site-packages/keystonemiddleware/auth_token/__init__.py:407}}
Mar 19 22:15:04 ubuntu devstack@keystone.service[62850]: DEBUG keystone.server.flask.request_processing.req_logging [None req-e15be63b-d976-4c3f-9e80-af0e0e739816 None None] REQUEST_METHOD: `GET` {{(pid=62850) log_request_info /opt/stack/keystone/keystone/server/flask/request_processing/req_logging.py:26}}
Mar 19 22:15:04 ubuntu devstack@keystone.service[62850]: DEBUG keystone.server.flask.request_processing.req_logging [None req-e15be63b-d976-4c3f-9e80-af0e0e739816 None None] SCRIPT_NAME: `/identity` {{(pid=62850) log_request_info /opt/stack/keystone/keystone/server/flask/request_processing/req_logging.py:27}}
Mar 19 22:15:04 ubuntu devstack@keystone.service[62850]: DEBUG keystone.server.flask.request_processing.req_logging [None req-e15be63b-d976-4c3f-9e80-af0e0e739816 None None] PATH_INFO: `/` {{(pid=62850) log_request_info /opt/stack/keystone/keystone/server/flask/request_processing/req_logging.py:28}}
Mar 19 22:15:04 ubuntu devstack@keystone.service[62850]: [pid: 62850|app: 0|req: 16/30] 10.120.125.137 () {56 vars in 951 bytes} [Thu Mar 19 22:15:04 2026] GET /identity => generated 271 bytes in 1 msecs (HTTP/1.1 300) 6 headers in 235 bytes (1 switches on core 0)
Mar 19 22:15:04 ubuntu devstack@keystone.service[62849]: DEBUG keystone.server.flask.request_processing.middleware.auth_context [None req-20a478b9-cc4b-41cb-9632-426001c132d8 None None] Validating token access rules against request {{(pid=62849) validate_allowed_request /opt/stack/data/venv/lib/python3.12/site-packages/keystonemiddleware/auth_token/__init__.py:545}}
Mar 19 22:15:04 ubuntu devstack@keystone.service[62850]: DEBUG keystone.server.flask.request_processing.req_logging [None req-e125119b-3006-48b5-9636-a068e31f4794 None None] REQUEST_METHOD: `POST` {{(pid=62850) log_request_info /opt/stack/keystone/keystone/server/flask/request_processing/req_logging.py:26}}
Mar 19 22:15:04 ubuntu devstack@keystone.service[62850]: DEBUG keystone.server.flask.request_processing.req_logging [None req-e125119b-3006-48b5-9636-a068e31f4794 None None] SCRIPT_NAME: `/identity` {{(pid=62850) log_request_info /opt/stack/keystone/keystone/server/flask/request_processing/req_logging.py:27}}
Mar 19 22:15:04 ubuntu devstack@keystone.service[62850]: DEBUG keystone.server.flask.request_processing.req_logging [None req-e125119b-3006-48b5-9636-a068e31f4794 None None] PATH_INFO: `/v3/auth/tokens` {{(pid=62850) log_request_info /opt/stack/keystone/keystone/server/flask/request_processing/req_logging.py:28}}
Mar 19 22:15:04 ubuntu devstack@keystone.service[62849]: DEBUG keystone.server.flask.request_processing.middleware.auth_context [None req-034b87ab-30c9-4714-8842-2d6b31e39066 None admin] RBAC: auth_context: {'token': <TokenModel (audit_id=ti26DQ47TQuWOrGcXEagOA, audit_chain_id=['ti26DQ47TQuWOrGcXEagOA']) at 0x7af0b899b920>, 'domain_id': None, 'trust_id': None, 'trustor_id': None, 'trustee_id': None, 'domain_name': None, 'group_ids': [], 'user_id': '463a0da35a8e42f38037b86b9e26ce8b', 'user_domain_id': 'default', 'system_scope': 'all', 'project_id': None, 'project_domain_id': None, 'roles': ['admin', 'manager', 'member', 'reader'], 'is_admin_project': True, 'service_user_id': None, 'service_user_domain_id': None, 'service_project_id': None, 'service_project_domain_id': None, 'service_roles': []} {{(pid=62849) fill_context /opt/stack/keystone/keystone/server/flask/request_processing/middleware/auth_context.py:509}}
Mar 19 22:15:04 ubuntu devstack@keystone.service[62849]: DEBUG keystone.server.flask.request_processing.req_logging [None req-034b87ab-30c9-4714-8842-2d6b31e39066 None admin] REQUEST_METHOD: `GET` {{(pid=62849) log_request_info /opt/stack/keystone/keystone/server/flask/request_processing/req_logging.py:26}}
Mar 19 22:15:04 ubuntu devstack@keystone.service[62849]: DEBUG keystone.server.flask.request_processing.req_logging [None req-034b87ab-30c9-4714-8842-2d6b31e39066 None admin] SCRIPT_NAME: `/identity` {{(pid=62849) log_request_info /opt/stack/keystone/keystone/server/flask/request_processing/req_logging.py:27}}
Mar 19 22:15:04 ubuntu devstack@keystone.service[62849]: DEBUG keystone.server.flask.request_processing.req_logging [None req-034b87ab-30c9-4714-8842-2d6b31e39066 None admin] PATH_INFO: `/v3/roles/admin` {{(pid=62849) log_request_info /opt/stack/keystone/keystone/server/flask/request_processing/req_logging.py:28}}
Mar 19 22:15:04 ubuntu devstack@keystone.service[62849]: DEBUG keystone.common.rbac_enforcer.enforcer [None req-034b87ab-30c9-4714-8842-2d6b31e39066 None admin] Extracting inferred target data resulted in "NOT FOUND (404)". {{(pid=62849) enforce_call /opt/stack/keystone/keystone/common/rbac_enforcer/enforcer.py:445}}
Mar 19 22:15:04 ubuntu devstack@keystone.service[62849]: DEBUG keystone.server.flask.application [None req-034b87ab-30c9-4714-8842-2d6b31e39066 None admin] Could not find role: admin. {{(pid=62849) _handle_keystone_exception /opt/stack/keystone/keystone/server/flask/application.py:146}}
Mar 19 22:15:04 ubuntu devstack@keystone.service[62849]: [pid: 62849|app: 0|req: 15/31] 10.120.125.137 () {58 vars in 1164 bytes} [Thu Mar 19 22:15:04 2026] GET /identity/v3/roles/admin => generated 83 bytes in 67 msecs (HTTP/1.1 404) 5 headers in 183 bytes (1 switches on core 0)
Mar 19 22:15:04 ubuntu devstack@keystone.service[62850]: WARNING keystone.common.password_hashing [None req-e125119b-3006-48b5-9636-a068e31f4794 None None] Truncating password to algorithm specific maximum length 72 characters.
Mar 19 22:15:05 ubuntu devstack@keystone.service[62850]: DEBUG keystone.auth.core [None req-e125119b-3006-48b5-9636-a068e31f4794 None None] MFA Rules not processed for user `463a0da35a8e42f38037b86b9e26ce8b`. Rule list: `[]` (Enabled: `True`). {{(pid=62850) check_auth_methods_against_rules /opt/stack/keystone/keystone/auth/core.py:476}}
Mar 19 22:15:05 ubuntu devstack@keystone.service[62850]: DEBUG keystone.common.fernet_utils [None req-e125119b-3006-48b5-9636-a068e31f4794 None None] Loaded 2 Fernet keys from /etc/keystone/fernet-keys/, but `[fernet_tokens] max_active_keys = 3`; perhaps there have not been enough key rotations to reach `max_active_keys` yet? {{(pid=62850) load_keys /opt/stack/keystone/keystone/common/fernet_utils.py:297}}
Mar 19 22:15:05 ubuntu devstack@keystone.service[62850]: [pid: 62850|app: 0|req: 17/32] 10.120.125.137 () {60 vars in 1048 bytes} [Thu Mar 19 22:15:04 2026] POST /identity/v3/auth/tokens => generated 863 bytes in 58 msecs (HTTP/1.1 201) 6 headers in 363 bytes (1 switches on core 0)
Mar 19 22:15:05 ubuntu devstack@keystone.service[62849]: DEBUG keystone.server.flask.request_processing.middleware.auth_context [None req-034b87ab-30c9-4714-8842-2d6b31e39066 None admin] Authenticating user token {{(pid=62849) process_request /opt/stack/data/venv/lib/python3.12/site-packages/keystonemiddleware/auth_token/__init__.py:407}}
Mar 19 22:15:05 ubuntu devstack@keystone.service[62849]: DEBUG keystone.server.flask.request_processing.middleware.auth_context [None req-034b87ab-30c9-4714-8842-2d6b31e39066 None admin] Validating token access rules against request {{(pid=62849) validate_allowed_request /opt/stack/data/venv/lib/python3.12/site-packages/keystonemiddleware/auth_token/__init__.py:545}}
Mar 19 22:15:05 ubuntu devstack@keystone.service[62849]: DEBUG keystone.server.flask.request_processing.middleware.auth_context [None req-33c99ebb-c266-4daf-80ae-13be6947abe6 None admin] RBAC: auth_context: {'token': <TokenModel (audit_id=ti26DQ47TQuWOrGcXEagOA, audit_chain_id=['ti26DQ47TQuWOrGcXEagOA']) at 0x7af0b7e8df40>, 'domain_id': None, 'trust_id': None, 'trustor_id': None, 'trustee_id': None, 'domain_name': None, 'group_ids': [], 'user_id': '463a0da35a8e42f38037b86b9e26ce8b', 'user_domain_id': 'default', 'system_scope': 'all', 'project_id': None, 'project_domain_id': None, 'roles': ['admin', 'manager', 'member', 'reader'], 'is_admin_project': True, 'service_user_id': None, 'service_user_domain_id': None, 'service_project_id': None, 'service_project_domain_id': None, 'service_roles': []} {{(pid=62849) fill_context /opt/stack/keystone/keystone/server/flask/request_processing/middleware/auth_context.py:509}}
Mar 19 22:15:05 ubuntu devstack@keystone.service[62849]: DEBUG keystone.server.flask.request_processing.req_logging [None req-33c99ebb-c266-4daf-80ae-13be6947abe6 None admin] REQUEST_METHOD: `GET` {{(pid=62849) log_request_info /opt/stack/keystone/keystone/server/flask/request_processing/req_logging.py:26}}
Mar 19 22:15:05 ubuntu devstack@keystone.service[62849]: DEBUG keystone.server.flask.request_processing.req_logging [None req-33c99ebb-c266-4daf-80ae-13be6947abe6 None admin] SCRIPT_NAME: `/identity` {{(pid=62849) log_request_info /opt/stack/keystone/keystone/server/flask/request_processing/req_logging.py:27}}
Mar 19 22:15:05 ubuntu devstack@keystone.service[62849]: DEBUG keystone.server.flask.request_processing.req_logging [None req-33c99ebb-c266-4daf-80ae-13be6947abe6 None admin] PATH_INFO: `/v3/roles` {{(pid=62849) log_request_info /opt/stack/keystone/keystone/server/flask/request_processing/req_logging.py:28}}
Mar 19 22:15:05 ubuntu devstack@keystone.service[62849]: DEBUG keystone.common.rbac_enforcer.enforcer [None req-33c99ebb-c266-4daf-80ae-13be6947abe6 None admin] RBAC: Adding query filter params (name=admin) {{(pid=62849) _extract_filter_values /opt/stack/keystone/keystone/common/rbac_enforcer/enforcer.py:176}}
Mar 19 22:15:05 ubuntu devstack@keystone.service[62849]: DEBUG keystone.common.rbac_enforcer.enforcer [None req-33c99ebb-c266-4daf-80ae-13be6947abe6 None admin] RBAC: Authorizing `identity:list_roles()` {{(pid=62849) enforce_call /opt/stack/keystone/keystone/common/rbac_enforcer/enforcer.py:494}}
Mar 19 22:15:05 ubuntu devstack@keystone.service[62849]: DEBUG keystone.common.rbac_enforcer.enforcer [None req-33c99ebb-c266-4daf-80ae-13be6947abe6 None admin] RBAC: Authorization granted {{(pid=62849) enforce_call /opt/stack/keystone/keystone/common/rbac_enforcer/enforcer.py:505}}
Mar 19 22:15:05 ubuntu devstack@keystone.service[62849]: [pid: 62849|app: 0|req: 16/33] 10.120.125.137 () {58 vars in 1180 bytes} [Thu Mar 19 22:15:05 2026] GET /identity/v3/roles?name=admin => generated 341 bytes in 60 msecs (HTTP/1.1 200) 5 headers in 177 bytes (2 switches on core 0)
Mar 19 22:15:05 ubuntu devstack@keystone.service[62850]: DEBUG keystone.server.flask.request_processing.req_logging [None req-7c23870c-3825-409e-9019-d7ca846cec8b None None] REQUEST_METHOD: `GET` {{(pid=62850) log_request_info /opt/stack/keystone/keystone/server/flask/request_processing/req_logging.py:26}}
Mar 19 22:15:05 ubuntu devstack@keystone.service[62850]: DEBUG keystone.server.flask.request_processing.req_logging [None req-7c23870c-3825-409e-9019-d7ca846cec8b None None] SCRIPT_NAME: `/identity` {{(pid=62850) log_request_info /opt/stack/keystone/keystone/server/flask/request_processing/req_logging.py:27}}
Mar 19 22:15:05 ubuntu devstack@keystone.service[62850]: DEBUG keystone.server.flask.request_processing.req_logging [None req-7c23870c-3825-409e-9019-d7ca846cec8b None None] PATH_INFO: `/` {{(pid=62850) log_request_info /opt/stack/keystone/keystone/server/flask/request_processing/req_logging.py:28}}
Mar 19 22:15:05 ubuntu devstack@keystone.service[62850]: [pid: 62850|app: 0|req: 18/34] 10.120.125.137 () {56 vars in 951 bytes} [Thu Mar 19 22:15:05 2026] GET /identity => generated 271 bytes in 1 msecs (HTTP/1.1 300) 6 headers in 235 bytes (2 switches on core 0)
Mar 19 22:15:05 ubuntu devstack@keystone.service[62849]: DEBUG keystone.server.flask.request_processing.req_logging [None req-df103602-061b-463b-89d7-75b19e791a41 None None] REQUEST_METHOD: `POST` {{(pid=62849) log_request_info /opt/stack/keystone/keystone/server/flask/request_processing/req_logging.py:26}}
Mar 19 22:15:05 ubuntu devstack@keystone.service[62849]: DEBUG keystone.server.flask.request_processing.req_logging [None req-df103602-061b-463b-89d7-75b19e791a41 None None] SCRIPT_NAME: `/identity` {{(pid=62849) log_request_info /opt/stack/keystone/keystone/server/flask/request_processing/req_logging.py:27}}
Mar 19 22:15:05 ubuntu devstack@keystone.service[62849]: DEBUG keystone.server.flask.request_processing.req_logging [None req-df103602-061b-463b-89d7-75b19e791a41 None None] PATH_INFO: `/v3/auth/tokens` {{(pid=62849) log_request_info /opt/stack/keystone/keystone/server/flask/request_processing/req_logging.py:28}}
Mar 19 22:15:05 ubuntu devstack@keystone.service[62849]: WARNING keystone.common.password_hashing [None req-df103602-061b-463b-89d7-75b19e791a41 None None] Truncating password to algorithm specific maximum length 72 characters.
Mar 19 22:15:05 ubuntu devstack@keystone.service[62849]: DEBUG keystone.auth.core [None req-df103602-061b-463b-89d7-75b19e791a41 None None] MFA Rules not processed for user `463a0da35a8e42f38037b86b9e26ce8b`. Rule list: `[]` (Enabled: `True`). {{(pid=62849) check_auth_methods_against_rules /opt/stack/keystone/keystone/auth/core.py:476}}
Mar 19 22:15:05 ubuntu devstack@keystone.service[62849]: DEBUG keystone.common.fernet_utils [None req-df103602-061b-463b-89d7-75b19e791a41 None None] Loaded 2 Fernet keys from /etc/keystone/fernet-keys/, but `[fernet_tokens] max_active_keys = 3`; perhaps there have not been enough key rotations to reach `max_active_keys` yet? {{(pid=62849) load_keys /opt/stack/keystone/keystone/common/fernet_utils.py:297}}
Mar 19 22:15:05 ubuntu devstack@keystone.service[62850]: DEBUG keystone.server.flask.request_processing.middleware.auth_context [None req-7c23870c-3825-409e-9019-d7ca846cec8b None None] Authenticating user token {{(pid=62850) process_request /opt/stack/data/venv/lib/python3.12/site-packages/keystonemiddleware/auth_token/__init__.py:407}}
Mar 19 22:15:05 ubuntu devstack@keystone.service[62849]: [pid: 62849|app: 0|req: 17/35] 10.120.125.137 () {60 vars in 1048 bytes} [Thu Mar 19 22:15:05 2026] POST /identity/v3/auth/tokens => generated 863 bytes in 50 msecs (HTTP/1.1 201) 6 headers in 363 bytes (1 switches on core 0)
Mar 19 22:15:05 ubuntu devstack@keystone.service[62849]: DEBUG keystone.server.flask.request_processing.middleware.auth_context [None req-df103602-061b-463b-89d7-75b19e791a41 None None] Authenticating user token {{(pid=62849) process_request /opt/stack/data/venv/lib/python3.12/site-packages/keystonemiddleware/auth_token/__init__.py:407}}
Mar 19 22:15:05 ubuntu devstack@keystone.service[62850]: DEBUG keystone.server.flask.request_processing.middleware.auth_context [None req-7c23870c-3825-409e-9019-d7ca846cec8b None None] Validating token access rules against request {{(pid=62850) validate_allowed_request /opt/stack/data/venv/lib/python3.12/site-packages/keystonemiddleware/auth_token/__init__.py:545}}
Mar 19 22:15:05 ubuntu devstack@keystone.service[62849]: DEBUG keystone.server.flask.request_processing.middleware.auth_context [None req-df103602-061b-463b-89d7-75b19e791a41 None None] Validating token access rules against request {{(pid=62849) validate_allowed_request /opt/stack/data/venv/lib/python3.12/site-packages/keystonemiddleware/auth_token/__init__.py:545}}
Mar 19 22:15:05 ubuntu devstack@keystone.service[62850]: DEBUG keystone.server.flask.request_processing.middleware.auth_context [None req-293bea8c-666b-4251-8476-58747bdaaf68 None admin] RBAC: auth_context: {'token': <TokenModel (audit_id=aYsytEhDQ3uDAzrWdCViSQ, audit_chain_id=['aYsytEhDQ3uDAzrWdCViSQ']) at 0x7af0b7c06420>, 'domain_id': None, 'trust_id': None, 'trustor_id': None, 'trustee_id': None, 'domain_name': None, 'group_ids': [], 'user_id': '463a0da35a8e42f38037b86b9e26ce8b', 'user_domain_id': 'default', 'system_scope': 'all', 'project_id': None, 'project_domain_id': None, 'roles': ['admin', 'manager', 'member', 'reader'], 'is_admin_project': True, 'service_user_id': None, 'service_user_domain_id': None, 'service_project_id': None, 'service_project_domain_id': None, 'service_roles': []} {{(pid=62850) fill_context /opt/stack/keystone/keystone/server/flask/request_processing/middleware/auth_context.py:509}}
Mar 19 22:15:05 ubuntu devstack@keystone.service[62850]: DEBUG keystone.server.flask.request_processing.req_logging [None req-293bea8c-666b-4251-8476-58747bdaaf68 None admin] REQUEST_METHOD: `GET` {{(pid=62850) log_request_info /opt/stack/keystone/keystone/server/flask/request_processing/req_logging.py:26}}
Mar 19 22:15:05 ubuntu devstack@keystone.service[62850]: DEBUG keystone.server.flask.request_processing.req_logging [None req-293bea8c-666b-4251-8476-58747bdaaf68 None admin] SCRIPT_NAME: `/identity` {{(pid=62850) log_request_info /opt/stack/keystone/keystone/server/flask/request_processing/req_logging.py:27}}
Mar 19 22:15:05 ubuntu devstack@keystone.service[62850]: DEBUG keystone.server.flask.request_processing.req_logging [None req-293bea8c-666b-4251-8476-58747bdaaf68 None admin] PATH_INFO: `/v3/domains/Default` {{(pid=62850) log_request_info /opt/stack/keystone/keystone/server/flask/request_processing/req_logging.py:28}}
Mar 19 22:15:05 ubuntu devstack@keystone.service[62849]: DEBUG keystone.server.flask.request_processing.middleware.auth_context [None req-dae978ee-ea87-4d13-9992-bffe477af78f None admin] RBAC: auth_context: {'token': <TokenModel (audit_id=ti26DQ47TQuWOrGcXEagOA, audit_chain_id=['ti26DQ47TQuWOrGcXEagOA']) at 0x7af0b7dd4ad0>, 'domain_id': None, 'trust_id': None, 'trustor_id': None, 'trustee_id': None, 'domain_name': None, 'group_ids': [], 'user_id': '463a0da35a8e42f38037b86b9e26ce8b', 'user_domain_id': 'default', 'system_scope': 'all', 'project_id': None, 'project_domain_id': None, 'roles': ['admin', 'manager', 'member', 'reader'], 'is_admin_project': True, 'service_user_id': None, 'service_user_domain_id': None, 'service_project_id': None, 'service_project_domain_id': None, 'service_roles': []} {{(pid=62849) fill_context /opt/stack/keystone/keystone/server/flask/request_processing/middleware/auth_context.py:509}}
Mar 19 22:15:05 ubuntu devstack@keystone.service[62849]: DEBUG keystone.server.flask.request_processing.req_logging [None req-dae978ee-ea87-4d13-9992-bffe477af78f None admin] REQUEST_METHOD: `GET` {{(pid=62849) log_request_info /opt/stack/keystone/keystone/server/flask/request_processing/req_logging.py:26}}
Mar 19 22:15:05 ubuntu devstack@keystone.service[62849]: DEBUG keystone.server.flask.request_processing.req_logging [None req-dae978ee-ea87-4d13-9992-bffe477af78f None admin] SCRIPT_NAME: `/identity` {{(pid=62849) log_request_info /opt/stack/keystone/keystone/server/flask/request_processing/req_logging.py:27}}
Mar 19 22:15:05 ubuntu devstack@keystone.service[62849]: DEBUG keystone.server.flask.request_processing.req_logging [None req-dae978ee-ea87-4d13-9992-bffe477af78f None admin] PATH_INFO: `/v3/users/463a0da35a8e42f38037b86b9e26ce8b` {{(pid=62849) log_request_info /opt/stack/keystone/keystone/server/flask/request_processing/req_logging.py:28}}
Mar 19 22:15:05 ubuntu devstack@keystone.service[62849]: DEBUG keystone.common.rbac_enforcer.enforcer [None req-dae978ee-ea87-4d13-9992-bffe477af78f None admin] RBAC: Authorizing `identity:get_user(user_id=463a0da35a8e42f38037b86b9e26ce8b)` {{(pid=62849) enforce_call /opt/stack/keystone/keystone/common/rbac_enforcer/enforcer.py:494}}
Mar 19 22:15:05 ubuntu devstack@keystone.service[62849]: DEBUG keystone.common.rbac_enforcer.enforcer [None req-dae978ee-ea87-4d13-9992-bffe477af78f None admin] RBAC: Authorization granted {{(pid=62849) enforce_call /opt/stack/keystone/keystone/common/rbac_enforcer/enforcer.py:505}}
Mar 19 22:15:05 ubuntu devstack@keystone.service[62850]: DEBUG keystone.common.rbac_enforcer.enforcer [None req-293bea8c-666b-4251-8476-58747bdaaf68 None admin] RBAC: Authorizing `identity:get_domain(domain_id=Default)` {{(pid=62850) enforce_call /opt/stack/keystone/keystone/common/rbac_enforcer/enforcer.py:494}}
Mar 19 22:15:05 ubuntu devstack@keystone.service[62850]: DEBUG keystone.common.rbac_enforcer.enforcer [None req-293bea8c-666b-4251-8476-58747bdaaf68 None admin] RBAC: Authorization granted {{(pid=62850) enforce_call /opt/stack/keystone/keystone/common/rbac_enforcer/enforcer.py:505}}
Mar 19 22:15:05 ubuntu devstack@keystone.service[62849]: [pid: 62849|app: 0|req: 18/36] 10.120.125.137 () {58 vars in 1245 bytes} [Thu Mar 19 22:15:05 2026] GET /identity/v3/users/463a0da35a8e42f38037b86b9e26ce8b => generated 248 bytes in 65 msecs (HTTP/1.1 200) 5 headers in 177 bytes (1 switches on core 0)
Mar 19 22:15:05 ubuntu devstack@keystone.service[62849]: DEBUG keystone.server.flask.request_processing.middleware.auth_context [None req-dae978ee-ea87-4d13-9992-bffe477af78f None admin] Authenticating user token {{(pid=62849) process_request /opt/stack/data/venv/lib/python3.12/site-packages/keystonemiddleware/auth_token/__init__.py:407}}
Mar 19 22:15:05 ubuntu devstack@keystone.service[62850]: DEBUG keystone.server.flask.application [None req-293bea8c-666b-4251-8476-58747bdaaf68 None admin] Could not find domain: Default. {{(pid=62850) _handle_keystone_exception /opt/stack/keystone/keystone/server/flask/application.py:146}}
Mar 19 22:15:05 ubuntu devstack@keystone.service[62850]: [pid: 62850|app: 0|req: 19/37] 10.120.125.137 () {58 vars in 1176 bytes} [Thu Mar 19 22:15:05 2026] GET /identity/v3/domains/Default => generated 87 bytes in 88 msecs (HTTP/1.1 404) 5 headers in 183 bytes (1 switches on core 0)
Mar 19 22:15:05 ubuntu devstack@keystone.service[62849]: DEBUG keystone.server.flask.request_processing.middleware.auth_context [None req-dae978ee-ea87-4d13-9992-bffe477af78f None admin] Validating token access rules against request {{(pid=62849) validate_allowed_request /opt/stack/data/venv/lib/python3.12/site-packages/keystonemiddleware/auth_token/__init__.py:545}}
Mar 19 22:15:05 ubuntu devstack@keystone.service[62850]: DEBUG keystone.server.flask.request_processing.req_logging [None req-60936101-826c-41fb-97f4-60179fd22d4c None None] REQUEST_METHOD: `POST` {{(pid=62850) log_request_info /opt/stack/keystone/keystone/server/flask/request_processing/req_logging.py:26}}
Mar 19 22:15:05 ubuntu devstack@keystone.service[62850]: DEBUG keystone.server.flask.request_processing.req_logging [None req-60936101-826c-41fb-97f4-60179fd22d4c None None] SCRIPT_NAME: `/identity` {{(pid=62850) log_request_info /opt/stack/keystone/keystone/server/flask/request_processing/req_logging.py:27}}
Mar 19 22:15:05 ubuntu devstack@keystone.service[62850]: DEBUG keystone.server.flask.request_processing.req_logging [None req-60936101-826c-41fb-97f4-60179fd22d4c None None] PATH_INFO: `/v3/auth/tokens` {{(pid=62850) log_request_info /opt/stack/keystone/keystone/server/flask/request_processing/req_logging.py:28}}
Mar 19 22:15:05 ubuntu devstack@keystone.service[62849]: DEBUG keystone.server.flask.request_processing.middleware.auth_context [None req-57f33a9e-b926-4602-9bb1-07c89c92f628 None admin] RBAC: auth_context: {'token': <TokenModel (audit_id=chUF9dHzRDyWwXKMH_y-Cw, audit_chain_id=['chUF9dHzRDyWwXKMH_y-Cw']) at 0x7af0b7aef020>, 'domain_id': None, 'trust_id': None, 'trustor_id': None, 'trustee_id': None, 'domain_name': None, 'group_ids': [], 'user_id': '463a0da35a8e42f38037b86b9e26ce8b', 'user_domain_id': 'default', 'system_scope': 'all', 'project_id': None, 'project_domain_id': None, 'roles': ['admin', 'manager', 'member', 'reader'], 'is_admin_project': True, 'service_user_id': None, 'service_user_domain_id': None, 'service_project_id': None, 'service_project_domain_id': None, 'service_roles': []} {{(pid=62849) fill_context /opt/stack/keystone/keystone/server/flask/request_processing/middleware/auth_context.py:509}}
Mar 19 22:15:05 ubuntu devstack@keystone.service[62849]: DEBUG keystone.server.flask.request_processing.req_logging [None req-57f33a9e-b926-4602-9bb1-07c89c92f628 None admin] REQUEST_METHOD: `POST` {{(pid=62849) log_request_info /opt/stack/keystone/keystone/server/flask/request_processing/req_logging.py:26}}
Mar 19 22:15:05 ubuntu devstack@keystone.service[62849]: DEBUG keystone.server.flask.request_processing.req_logging [None req-57f33a9e-b926-4602-9bb1-07c89c92f628 None admin] SCRIPT_NAME: `/identity` {{(pid=62849) log_request_info /opt/stack/keystone/keystone/server/flask/request_processing/req_logging.py:27}}
Mar 19 22:15:05 ubuntu devstack@keystone.service[62849]: DEBUG keystone.server.flask.request_processing.req_logging [None req-57f33a9e-b926-4602-9bb1-07c89c92f628 None admin] PATH_INFO: `/v3/roles` {{(pid=62849) log_request_info /opt/stack/keystone/keystone/server/flask/request_processing/req_logging.py:28}}
Mar 19 22:15:05 ubuntu devstack@keystone.service[62849]: DEBUG keystone.common.rbac_enforcer.enforcer [None req-57f33a9e-b926-4602-9bb1-07c89c92f628 None admin] RBAC: Authorizing `identity:create_role()` {{(pid=62849) enforce_call /opt/stack/keystone/keystone/common/rbac_enforcer/enforcer.py:494}}
Mar 19 22:15:05 ubuntu devstack@keystone.service[62849]: DEBUG keystone.common.rbac_enforcer.enforcer [None req-57f33a9e-b926-4602-9bb1-07c89c92f628 None admin] RBAC: Authorization granted {{(pid=62849) enforce_call /opt/stack/keystone/keystone/common/rbac_enforcer/enforcer.py:505}}
Mar 19 22:15:05 ubuntu devstack@keystone.service[62849]: DEBUG keystone.common.sql.core [None req-57f33a9e-b926-4602-9bb1-07c89c92f628 None admin] Conflict role: (pymysql.err.IntegrityError) (1062, "Duplicate entry 'service-<<null>>' for key 'role.ixu_role_name_domain_id'")
Mar 19 22:15:05 ubuntu devstack@keystone.service[62849]: [SQL: INSERT INTO `role` (id, name, description, extra) VALUES (%(id)s, %(name)s, %(description)s, %(extra)s)]
Mar 19 22:15:05 ubuntu devstack@keystone.service[62849]: [parameters: {'id': 'aba338d9be1540ebbe4bf976245f2a89', 'name': 'service', 'description': None, 'extra': '{}'}]
Mar 19 22:15:05 ubuntu devstack@keystone.service[62849]: (Background on this error at: https://sqlalche.me/e/20/gkpj) {{(pid=62849) wrapper /opt/stack/keystone/keystone/common/sql/core.py:580}}
Mar 19 22:15:05 ubuntu devstack@keystone.service[62850]: WARNING keystone.common.password_hashing [None req-60936101-826c-41fb-97f4-60179fd22d4c None None] Truncating password to algorithm specific maximum length 72 characters.
Mar 19 22:15:05 ubuntu devstack@keystone.service[62850]: DEBUG keystone.auth.core [None req-60936101-826c-41fb-97f4-60179fd22d4c None None] MFA Rules not processed for user `463a0da35a8e42f38037b86b9e26ce8b`. Rule list: `[]` (Enabled: `True`). {{(pid=62850) check_auth_methods_against_rules /opt/stack/keystone/keystone/auth/core.py:476}}
Mar 19 22:15:05 ubuntu devstack@keystone.service[62850]: DEBUG keystone.common.fernet_utils [None req-60936101-826c-41fb-97f4-60179fd22d4c None None] Loaded 2 Fernet keys from /etc/keystone/fernet-keys/, but `[fernet_tokens] max_active_keys = 3`; perhaps there have not been enough key rotations to reach `max_active_keys` yet? {{(pid=62850) load_keys /opt/stack/keystone/keystone/common/fernet_utils.py:297}}
Mar 19 22:15:05 ubuntu devstack@keystone.service[62849]: ERROR keystone.server.flask.application [None req-57f33a9e-b926-4602-9bb1-07c89c92f628 None admin] Conflict occurred attempting to store role - Duplicate entry found with name service.: keystone.exception.Conflict: Conflict occurred attempting to store role - Duplicate entry found with name service.
Mar 19 22:15:05 ubuntu devstack@keystone.service[62849]: ERROR keystone.server.flask.application Traceback (most recent call last):
Mar 19 22:15:05 ubuntu devstack@keystone.service[62849]: ERROR keystone.server.flask.application   File "/opt/stack/data/venv/lib/python3.12/site-packages/sqlalchemy/engine/base.py", line 1967, in _exec_single_context
Mar 19 22:15:05 ubuntu devstack@keystone.service[62849]: ERROR keystone.server.flask.application     self.dialect.do_execute(
Mar 19 22:15:05 ubuntu devstack@keystone.service[62849]: ERROR keystone.server.flask.application   File "/opt/stack/data/venv/lib/python3.12/site-packages/sqlalchemy/engine/default.py", line 952, in do_execute
Mar 19 22:15:05 ubuntu devstack@keystone.service[62849]: ERROR keystone.server.flask.application     cursor.execute(statement, parameters)
Mar 19 22:15:05 ubuntu devstack@keystone.service[62849]: ERROR keystone.server.flask.application   File "/opt/stack/data/venv/lib/python3.12/site-packages/pymysql/cursors.py", line 153, in execute
Mar 19 22:15:05 ubuntu devstack@keystone.service[62849]: ERROR keystone.server.flask.application     result = self._query(query)
Mar 19 22:15:05 ubuntu devstack@keystone.service[62849]: ERROR keystone.server.flask.application              ^^^^^^^^^^^^^^^^^^
Mar 19 22:15:05 ubuntu devstack@keystone.service[62849]: ERROR keystone.server.flask.application   File "/opt/stack/data/venv/lib/python3.12/site-packages/pymysql/cursors.py", line 322, in _query
Mar 19 22:15:05 ubuntu devstack@keystone.service[62849]: ERROR keystone.server.flask.application     conn.query(q)
Mar 19 22:15:05 ubuntu devstack@keystone.service[62849]: ERROR keystone.server.flask.application   File "/opt/stack/data/venv/lib/python3.12/site-packages/pymysql/connections.py", line 575, in query
Mar 19 22:15:05 ubuntu devstack@keystone.service[62849]: ERROR keystone.server.flask.application     self._affected_rows = self._read_query_result(unbuffered=unbuffered)
Mar 19 22:15:05 ubuntu devstack@keystone.service[62849]: ERROR keystone.server.flask.application                           ^^^^^^^^^^^^^^^^^^^^^^^^^^^^^^^^^^^^^^^^^^^^^^
Mar 19 22:15:05 ubuntu devstack@keystone.service[62849]: ERROR keystone.server.flask.application   File "/opt/stack/data/venv/lib/python3.12/site-packages/pymysql/connections.py", line 826, in _read_query_result
Mar 19 22:15:05 ubuntu devstack@keystone.service[62849]: ERROR keystone.server.flask.application     result.read()
Mar 19 22:15:05 ubuntu devstack@keystone.service[62849]: ERROR keystone.server.flask.application   File "/opt/stack/data/venv/lib/python3.12/site-packages/pymysql/connections.py", line 1203, in read
Mar 19 22:15:05 ubuntu devstack@keystone.service[62849]: ERROR keystone.server.flask.application     first_packet = self.connection._read_packet()
Mar 19 22:15:05 ubuntu devstack@keystone.service[62849]: ERROR keystone.server.flask.application                    ^^^^^^^^^^^^^^^^^^^^^^^^^^^^^^
Mar 19 22:15:05 ubuntu devstack@keystone.service[62849]: ERROR keystone.server.flask.application   File "/opt/stack/data/venv/lib/python3.12/site-packages/pymysql/connections.py", line 782, in _read_packet
Mar 19 22:15:05 ubuntu devstack@keystone.service[62849]: ERROR keystone.server.flask.application     packet.raise_for_error()
Mar 19 22:15:05 ubuntu devstack@keystone.service[62849]: ERROR keystone.server.flask.application   File "/opt/stack/data/venv/lib/python3.12/site-packages/pymysql/protocol.py", line 219, in raise_for_error
Mar 19 22:15:05 ubuntu devstack@keystone.service[62849]: ERROR keystone.server.flask.application     err.raise_mysql_exception(self._data)
Mar 19 22:15:05 ubuntu devstack@keystone.service[62849]: ERROR keystone.server.flask.application   File "/opt/stack/data/venv/lib/python3.12/site-packages/pymysql/err.py", line 150, in raise_mysql_exception
Mar 19 22:15:05 ubuntu devstack@keystone.service[62849]: ERROR keystone.server.flask.application     raise errorclass(errno, errval)
Mar 19 22:15:05 ubuntu devstack@keystone.service[62849]: ERROR keystone.server.flask.application pymysql.err.IntegrityError: (1062, "Duplicate entry 'service-<<null>>' for key 'role.ixu_role_name_domain_id'")
Mar 19 22:15:05 ubuntu devstack@keystone.service[62849]: ERROR keystone.server.flask.application 
Mar 19 22:15:05 ubuntu devstack@keystone.service[62849]: ERROR keystone.server.flask.application The above exception was the direct cause of the following exception:
Mar 19 22:15:05 ubuntu devstack@keystone.service[62849]: ERROR keystone.server.flask.application 
Mar 19 22:15:05 ubuntu devstack@keystone.service[62849]: ERROR keystone.server.flask.application Traceback (most recent call last):
Mar 19 22:15:05 ubuntu devstack@keystone.service[62849]: ERROR keystone.server.flask.application   File "/opt/stack/keystone/keystone/common/sql/core.py", line 575, in wrapper
Mar 19 22:15:05 ubuntu devstack@keystone.service[62849]: ERROR keystone.server.flask.application     return method(*args, **kwargs)
Mar 19 22:15:05 ubuntu devstack@keystone.service[62849]: ERROR keystone.server.flask.application            ^^^^^^^^^^^^^^^^^^^^^^^
Mar 19 22:15:05 ubuntu devstack@keystone.service[62849]: ERROR keystone.server.flask.application   File "/opt/stack/keystone/keystone/assignment/role_backends/sql.py", line 25, in create_role
Mar 19 22:15:05 ubuntu devstack@keystone.service[62849]: ERROR keystone.server.flask.application     with sql.session_for_write() as session:
Mar 19 22:15:05 ubuntu devstack@keystone.service[62849]: ERROR keystone.server.flask.application   File "/usr/lib/python3.12/contextlib.py", line 144, in __exit__
Mar 19 22:15:05 ubuntu devstack@keystone.service[62849]: ERROR keystone.server.flask.application     next(self.gen)
Mar 19 22:15:05 ubuntu devstack@keystone.service[62849]: ERROR keystone.server.flask.application   File "/opt/stack/data/venv/lib/python3.12/site-packages/oslo_db/sqlalchemy/enginefacade.py", line 1175, in _transaction_scope
Mar 19 22:15:05 ubuntu devstack@keystone.service[62849]: ERROR keystone.server.flask.application     with current._produce_block(
Mar 19 22:15:05 ubuntu devstack@keystone.service[62849]: ERROR keystone.server.flask.application   File "/usr/lib/python3.12/contextlib.py", line 144, in __exit__
Mar 19 22:15:05 ubuntu devstack@keystone.service[62849]: ERROR keystone.server.flask.application     next(self.gen)
Mar 19 22:15:05 ubuntu devstack@keystone.service[62849]: ERROR keystone.server.flask.application   File "/opt/stack/data/venv/lib/python3.12/site-packages/oslo_db/sqlalchemy/enginefacade.py", line 837, in _session
Mar 19 22:15:05 ubuntu devstack@keystone.service[62849]: ERROR keystone.server.flask.application     with excutils.save_and_reraise_exception():
Mar 19 22:15:05 ubuntu devstack@keystone.service[62849]: ERROR keystone.server.flask.application   File "/opt/stack/data/venv/lib/python3.12/site-packages/oslo_utils/excutils.py", line 267, in __exit__
Mar 19 22:15:05 ubuntu devstack@keystone.service[62849]: ERROR keystone.server.flask.application     self.force_reraise()
Mar 19 22:15:05 ubuntu devstack@keystone.service[62849]: ERROR keystone.server.flask.application   File "/opt/stack/data/venv/lib/python3.12/site-packages/oslo_utils/excutils.py", line 233, in force_reraise
Mar 19 22:15:05 ubuntu devstack@keystone.service[62849]: ERROR keystone.server.flask.application     raise self.value
