Mar 25 16:41:44 ubuntu devstack@keystone.service[67666]: [pid: 67666|app: 0|req: 10/21] 10.120.125.137 () {58 vars in 1189 bytes} [Wed Mar 25 16:41:44 2026] GET /identity/v3/domains?name=Default => generated 310 bytes in 77 msecs (HTTP/1.1 200) 5 headers in 177 bytes (1 switches on core 0)
Mar 25 16:41:44 ubuntu devstack@keystone.service[67667]: DEBUG keystone.server.flask.request_processing.middleware.auth_context [None req-e80cf832-32bc-477d-804c-3ee3a2602946 None admin] Validating token access rules against request {{(pid=67667) validate_allowed_request /opt/stack/data/venv/lib/python3.12/site-packages/keystonemiddleware/auth_token/__init__.py:545}}
Mar 25 16:41:44 ubuntu devstack@keystone.service[67667]: DEBUG keystone.server.flask.request_processing.middleware.auth_context [None req-ec8b221f-8c4c-42ae-8e45-99f975442a92 None admin] RBAC: auth_context: {'token': <TokenModel (audit_id=mMx15TNaRNqOS9pp8e5DWw, audit_chain_id=['mMx15TNaRNqOS9pp8e5DWw']) at 0x75844166e270>, 'domain_id': None, 'trust_id': None, 'trustor_id': None, 'trustee_id': None, 'domain_name': None, 'group_ids': [], 'user_id': '0c693c9be88c44f48e916bffa193a56e', 'user_domain_id': 'default', 'system_scope': 'all', 'project_id': None, 'project_domain_id': None, 'roles': ['admin', 'manager', 'member', 'reader'], 'is_admin_project': True, 'service_user_id': None, 'service_user_domain_id': None, 'service_project_id': None, 'service_project_domain_id': None, 'service_roles': []} {{(pid=67667) fill_context /opt/stack/keystone/keystone/server/flask/request_processing/middleware/auth_context.py:509}}
Mar 25 16:41:44 ubuntu devstack@keystone.service[67667]: DEBUG keystone.server.flask.request_processing.req_logging [None req-ec8b221f-8c4c-42ae-8e45-99f975442a92 None admin] REQUEST_METHOD: `PUT` {{(pid=67667) log_request_info /opt/stack/keystone/keystone/server/flask/request_processing/req_logging.py:26}}
Mar 25 16:41:44 ubuntu devstack@keystone.service[67667]: DEBUG keystone.server.flask.request_processing.req_logging [None req-ec8b221f-8c4c-42ae-8e45-99f975442a92 None admin] SCRIPT_NAME: `/identity` {{(pid=67667) log_request_info /opt/stack/keystone/keystone/server/flask/request_processing/req_logging.py:27}}
Mar 25 16:41:44 ubuntu devstack@keystone.service[67667]: DEBUG keystone.server.flask.request_processing.req_logging [None req-ec8b221f-8c4c-42ae-8e45-99f975442a92 None admin] PATH_INFO: `/v3/domains/default/users/0c693c9be88c44f48e916bffa193a56e/roles/b2d66b0e972149258c5baf7f5f2441c8` {{(pid=67667) log_request_info /opt/stack/keystone/keystone/server/flask/request_processing/req_logging.py:28}}
Mar 25 16:41:44 ubuntu devstack@keystone.service[67667]: DEBUG keystone.common.rbac_enforcer.enforcer [None req-ec8b221f-8c4c-42ae-8e45-99f975442a92 None admin] RBAC: Authorizing `identity:create_grant(domain_id=default, user_id=0c693c9be88c44f48e916bffa193a56e, role_id=b2d66b0e972149258c5baf7f5f2441c8)` {{(pid=67667) enforce_call /opt/stack/keystone/keystone/common/rbac_enforcer/enforcer.py:494}}
Mar 25 16:41:44 ubuntu devstack@keystone.service[67667]: DEBUG keystone.common.rbac_enforcer.enforcer [None req-ec8b221f-8c4c-42ae-8e45-99f975442a92 None admin] RBAC: Authorization granted {{(pid=67667) enforce_call /opt/stack/keystone/keystone/common/rbac_enforcer/enforcer.py:505}}
Mar 25 16:41:44 ubuntu devstack@keystone.service[67667]: [pid: 67667|app: 0|req: 12/22] 10.120.125.137 () {60 vars in 1429 bytes} [Wed Mar 25 16:41:44 2026] PUT /identity/v3/domains/default/users/0c693c9be88c44f48e916bffa193a56e/roles/b2d66b0e972149258c5baf7f5f2441c8 => generated 0 bytes in 136 msecs (HTTP/1.1 204) 3 headers in 132 bytes (0 switches on core 0)
Mar 25 16:41:46 ubuntu devstack@keystone.service[67666]: DEBUG keystone.server.flask.request_processing.req_logging [None req-1fef115a-0230-43a6-8b90-6d16591af8c1 None None] REQUEST_METHOD: `GET` {{(pid=67666) log_request_info /opt/stack/keystone/keystone/server/flask/request_processing/req_logging.py:26}}
Mar 25 16:41:46 ubuntu devstack@keystone.service[67666]: DEBUG keystone.server.flask.request_processing.req_logging [None req-1fef115a-0230-43a6-8b90-6d16591af8c1 None None] SCRIPT_NAME: `/identity` {{(pid=67666) log_request_info /opt/stack/keystone/keystone/server/flask/request_processing/req_logging.py:27}}
Mar 25 16:41:46 ubuntu devstack@keystone.service[67666]: DEBUG keystone.server.flask.request_processing.req_logging [None req-1fef115a-0230-43a6-8b90-6d16591af8c1 None None] PATH_INFO: `/` {{(pid=67666) log_request_info /opt/stack/keystone/keystone/server/flask/request_processing/req_logging.py:28}}
Mar 25 16:41:46 ubuntu devstack@keystone.service[67666]: [pid: 67666|app: 0|req: 11/23] 10.120.125.137 () {56 vars in 951 bytes} [Wed Mar 25 16:41:46 2026] GET /identity => generated 271 bytes in 3 msecs (HTTP/1.1 300) 6 headers in 235 bytes (1 switches on core 0)
Mar 25 16:41:46 ubuntu devstack@keystone.service[67667]: DEBUG keystone.server.flask.request_processing.req_logging [None req-611aa638-c55a-4c83-a25e-922781e7f434 None None] REQUEST_METHOD: `POST` {{(pid=67667) log_request_info /opt/stack/keystone/keystone/server/flask/request_processing/req_logging.py:26}}
Mar 25 16:41:46 ubuntu devstack@keystone.service[67667]: DEBUG keystone.server.flask.request_processing.req_logging [None req-611aa638-c55a-4c83-a25e-922781e7f434 None None] SCRIPT_NAME: `/identity` {{(pid=67667) log_request_info /opt/stack/keystone/keystone/server/flask/request_processing/req_logging.py:27}}
Mar 25 16:41:46 ubuntu devstack@keystone.service[67667]: DEBUG keystone.server.flask.request_processing.req_logging [None req-611aa638-c55a-4c83-a25e-922781e7f434 None None] PATH_INFO: `/v3/auth/tokens` {{(pid=67667) log_request_info /opt/stack/keystone/keystone/server/flask/request_processing/req_logging.py:28}}
Mar 25 16:41:46 ubuntu devstack@keystone.service[67667]: WARNING keystone.common.password_hashing [None req-611aa638-c55a-4c83-a25e-922781e7f434 None None] Truncating password to algorithm specific maximum length 72 characters.
Mar 25 16:41:46 ubuntu devstack@keystone.service[67667]: DEBUG keystone.auth.core [None req-611aa638-c55a-4c83-a25e-922781e7f434 None None] MFA Rules not processed for user `0c693c9be88c44f48e916bffa193a56e`. Rule list: `[]` (Enabled: `True`). {{(pid=67667) check_auth_methods_against_rules /opt/stack/keystone/keystone/auth/core.py:476}}
Mar 25 16:41:46 ubuntu devstack@keystone.service[67667]: DEBUG keystone.common.fernet_utils [None req-611aa638-c55a-4c83-a25e-922781e7f434 None None] Loaded 2 Fernet keys from /etc/keystone/fernet-keys/, but `[fernet_tokens] max_active_keys = 3`; perhaps there have not been enough key rotations to reach `max_active_keys` yet? {{(pid=67667) load_keys /opt/stack/keystone/keystone/common/fernet_utils.py:297}}
Mar 25 16:41:46 ubuntu devstack@keystone.service[67667]: [pid: 67667|app: 0|req: 13/24] 10.120.125.137 () {60 vars in 1048 bytes} [Wed Mar 25 16:41:46 2026] POST /identity/v3/auth/tokens => generated 863 bytes in 56 msecs (HTTP/1.1 201) 6 headers in 363 bytes (1 switches on core 0)
Mar 25 16:41:46 ubuntu devstack@keystone.service[67666]: DEBUG keystone.server.flask.request_processing.req_logging [None req-82791786-9ade-435a-a65c-20a521b8073d None None] REQUEST_METHOD: `GET` {{(pid=67666) log_request_info /opt/stack/keystone/keystone/server/flask/request_processing/req_logging.py:26}}
Mar 25 16:41:46 ubuntu devstack@keystone.service[67666]: DEBUG keystone.server.flask.request_processing.req_logging [None req-82791786-9ade-435a-a65c-20a521b8073d None None] SCRIPT_NAME: `/identity` {{(pid=67666) log_request_info /opt/stack/keystone/keystone/server/flask/request_processing/req_logging.py:27}}
Mar 25 16:41:46 ubuntu devstack@keystone.service[67666]: DEBUG keystone.server.flask.request_processing.req_logging [None req-82791786-9ade-435a-a65c-20a521b8073d None None] PATH_INFO: `/` {{(pid=67666) log_request_info /opt/stack/keystone/keystone/server/flask/request_processing/req_logging.py:28}}
Mar 25 16:41:46 ubuntu devstack@keystone.service[67666]: [pid: 67666|app: 0|req: 12/25] 10.120.125.137 () {56 vars in 951 bytes} [Wed Mar 25 16:41:46 2026] GET /identity => generated 271 bytes in 1 msecs (HTTP/1.1 300) 6 headers in 235 bytes (1 switches on core 0)
Mar 25 16:41:46 ubuntu devstack@keystone.service[67667]: DEBUG keystone.server.flask.request_processing.req_logging [None req-e8551284-6418-4ffb-9fe7-f77848a09bef None None] REQUEST_METHOD: `GET` {{(pid=67667) log_request_info /opt/stack/keystone/keystone/server/flask/request_processing/req_logging.py:26}}
Mar 25 16:41:46 ubuntu devstack@keystone.service[67667]: DEBUG keystone.server.flask.request_processing.req_logging [None req-e8551284-6418-4ffb-9fe7-f77848a09bef None None] SCRIPT_NAME: `/identity` {{(pid=67667) log_request_info /opt/stack/keystone/keystone/server/flask/request_processing/req_logging.py:27}}
Mar 25 16:41:46 ubuntu devstack@keystone.service[67667]: DEBUG keystone.server.flask.request_processing.req_logging [None req-e8551284-6418-4ffb-9fe7-f77848a09bef None None] PATH_INFO: `/` {{(pid=67667) log_request_info /opt/stack/keystone/keystone/server/flask/request_processing/req_logging.py:28}}
Mar 25 16:41:46 ubuntu devstack@keystone.service[67667]: [pid: 67667|app: 0|req: 14/26] 10.120.125.137 () {56 vars in 951 bytes} [Wed Mar 25 16:41:46 2026] GET /identity => generated 271 bytes in 1 msecs (HTTP/1.1 300) 6 headers in 235 bytes (1 switches on core 0)
Mar 25 16:41:46 ubuntu devstack@keystone.service[67666]: DEBUG keystone.server.flask.request_processing.req_logging [None req-8714281c-c5fc-4f0c-9cc3-aecdb37ca2b4 None None] REQUEST_METHOD: `POST` {{(pid=67666) log_request_info /opt/stack/keystone/keystone/server/flask/request_processing/req_logging.py:26}}
Mar 25 16:41:46 ubuntu devstack@keystone.service[67666]: DEBUG keystone.server.flask.request_processing.req_logging [None req-8714281c-c5fc-4f0c-9cc3-aecdb37ca2b4 None None] SCRIPT_NAME: `/identity` {{(pid=67666) log_request_info /opt/stack/keystone/keystone/server/flask/request_processing/req_logging.py:27}}
Mar 25 16:41:46 ubuntu devstack@keystone.service[67666]: DEBUG keystone.server.flask.request_processing.req_logging [None req-8714281c-c5fc-4f0c-9cc3-aecdb37ca2b4 None None] PATH_INFO: `/v3/auth/tokens` {{(pid=67666) log_request_info /opt/stack/keystone/keystone/server/flask/request_processing/req_logging.py:28}}
Mar 25 16:41:46 ubuntu devstack@keystone.service[67667]: DEBUG keystone.server.flask.request_processing.req_logging [None req-c3f9f6da-ec09-45d0-ba11-7083590a0de1 None None] REQUEST_METHOD: `POST` {{(pid=67667) log_request_info /opt/stack/keystone/keystone/server/flask/request_processing/req_logging.py:26}}
Mar 25 16:41:46 ubuntu devstack@keystone.service[67667]: DEBUG keystone.server.flask.request_processing.req_logging [None req-c3f9f6da-ec09-45d0-ba11-7083590a0de1 None None] SCRIPT_NAME: `/identity` {{(pid=67667) log_request_info /opt/stack/keystone/keystone/server/flask/request_processing/req_logging.py:27}}
Mar 25 16:41:46 ubuntu devstack@keystone.service[67667]: DEBUG keystone.server.flask.request_processing.req_logging [None req-c3f9f6da-ec09-45d0-ba11-7083590a0de1 None None] PATH_INFO: `/v3/auth/tokens` {{(pid=67667) log_request_info /opt/stack/keystone/keystone/server/flask/request_processing/req_logging.py:28}}
Mar 25 16:41:46 ubuntu devstack@keystone.service[67666]: WARNING keystone.common.password_hashing [None req-8714281c-c5fc-4f0c-9cc3-aecdb37ca2b4 None None] Truncating password to algorithm specific maximum length 72 characters.
Mar 25 16:41:46 ubuntu devstack@keystone.service[67667]: WARNING keystone.common.password_hashing [None req-c3f9f6da-ec09-45d0-ba11-7083590a0de1 None None] Truncating password to algorithm specific maximum length 72 characters.
Mar 25 16:41:46 ubuntu devstack@keystone.service[67666]: DEBUG keystone.auth.core [None req-8714281c-c5fc-4f0c-9cc3-aecdb37ca2b4 None None] MFA Rules not processed for user `0c693c9be88c44f48e916bffa193a56e`. Rule list: `[]` (Enabled: `True`). {{(pid=67666) check_auth_methods_against_rules /opt/stack/keystone/keystone/auth/core.py:476}}
Mar 25 16:41:46 ubuntu devstack@keystone.service[67666]: DEBUG keystone.common.fernet_utils [None req-8714281c-c5fc-4f0c-9cc3-aecdb37ca2b4 None None] Loaded 2 Fernet keys from /etc/keystone/fernet-keys/, but `[fernet_tokens] max_active_keys = 3`; perhaps there have not been enough key rotations to reach `max_active_keys` yet? {{(pid=67666) load_keys /opt/stack/keystone/keystone/common/fernet_utils.py:297}}
Mar 25 16:41:46 ubuntu devstack@keystone.service[67667]: DEBUG keystone.auth.core [None req-c3f9f6da-ec09-45d0-ba11-7083590a0de1 None None] MFA Rules not processed for user `0c693c9be88c44f48e916bffa193a56e`. Rule list: `[]` (Enabled: `True`). {{(pid=67667) check_auth_methods_against_rules /opt/stack/keystone/keystone/auth/core.py:476}}
Mar 25 16:41:46 ubuntu devstack@keystone.service[67667]: DEBUG keystone.common.fernet_utils [None req-c3f9f6da-ec09-45d0-ba11-7083590a0de1 None None] Loaded 2 Fernet keys from /etc/keystone/fernet-keys/, but `[fernet_tokens] max_active_keys = 3`; perhaps there have not been enough key rotations to reach `max_active_keys` yet? {{(pid=67667) load_keys /opt/stack/keystone/keystone/common/fernet_utils.py:297}}
Mar 25 16:41:46 ubuntu devstack@keystone.service[67666]: [pid: 67666|app: 0|req: 13/27] 10.120.125.137 () {60 vars in 1047 bytes} [Wed Mar 25 16:41:46 2026] POST /identity/v3/auth/tokens => generated 863 bytes in 57 msecs (HTTP/1.1 201) 6 headers in 363 bytes (1 switches on core 0)
Mar 25 16:41:46 ubuntu devstack@keystone.service[67666]: DEBUG keystone.server.flask.request_processing.req_logging [None req-ee9b6535-d131-40b3-907e-87bc860d8ea3 None None] REQUEST_METHOD: `GET` {{(pid=67666) log_request_info /opt/stack/keystone/keystone/server/flask/request_processing/req_logging.py:26}}
Mar 25 16:41:46 ubuntu devstack@keystone.service[67666]: DEBUG keystone.server.flask.request_processing.req_logging [None req-ee9b6535-d131-40b3-907e-87bc860d8ea3 None None] SCRIPT_NAME: `/identity` {{(pid=67666) log_request_info /opt/stack/keystone/keystone/server/flask/request_processing/req_logging.py:27}}
Mar 25 16:41:46 ubuntu devstack@keystone.service[67666]: DEBUG keystone.server.flask.request_processing.req_logging [None req-ee9b6535-d131-40b3-907e-87bc860d8ea3 None None] PATH_INFO: `/` {{(pid=67666) log_request_info /opt/stack/keystone/keystone/server/flask/request_processing/req_logging.py:28}}
Mar 25 16:41:46 ubuntu devstack@keystone.service[67666]: [pid: 67666|app: 0|req: 14/28] 10.120.125.137 () {56 vars in 950 bytes} [Wed Mar 25 16:41:46 2026] GET /identity => generated 271 bytes in 1 msecs (HTTP/1.1 300) 6 headers in 235 bytes (1 switches on core 0)
Mar 25 16:41:46 ubuntu devstack@keystone.service[67667]: [pid: 67667|app: 0|req: 15/29] 10.120.125.137 () {60 vars in 1047 bytes} [Wed Mar 25 16:41:46 2026] POST /identity/v3/auth/tokens => generated 863 bytes in 68 msecs (HTTP/1.1 201) 6 headers in 363 bytes (1 switches on core 0)
Mar 25 16:41:46 ubuntu devstack@keystone.service[67666]: DEBUG keystone.server.flask.request_processing.req_logging [None req-42722a09-e12f-465e-8024-1223657b1998 None None] REQUEST_METHOD: `GET` {{(pid=67666) log_request_info /opt/stack/keystone/keystone/server/flask/request_processing/req_logging.py:26}}
Mar 25 16:41:46 ubuntu devstack@keystone.service[67666]: DEBUG keystone.server.flask.request_processing.req_logging [None req-42722a09-e12f-465e-8024-1223657b1998 None None] SCRIPT_NAME: `/identity` {{(pid=67666) log_request_info /opt/stack/keystone/keystone/server/flask/request_processing/req_logging.py:27}}
Mar 25 16:41:46 ubuntu devstack@keystone.service[67666]: DEBUG keystone.server.flask.request_processing.req_logging [None req-42722a09-e12f-465e-8024-1223657b1998 None None] PATH_INFO: `/` {{(pid=67666) log_request_info /opt/stack/keystone/keystone/server/flask/request_processing/req_logging.py:28}}
Mar 25 16:41:46 ubuntu devstack@keystone.service[67666]: [pid: 67666|app: 0|req: 15/30] 10.120.125.137 () {56 vars in 951 bytes} [Wed Mar 25 16:41:46 2026] GET /identity => generated 271 bytes in 1 msecs (HTTP/1.1 300) 6 headers in 235 bytes (1 switches on core 0)
Mar 25 16:41:46 ubuntu devstack@keystone.service[67667]: DEBUG keystone.server.flask.request_processing.middleware.auth_context [None req-c3f9f6da-ec09-45d0-ba11-7083590a0de1 None None] Authenticating user token {{(pid=67667) process_request /opt/stack/data/venv/lib/python3.12/site-packages/keystonemiddleware/auth_token/__init__.py:407}}
Mar 25 16:41:46 ubuntu devstack@keystone.service[67666]: DEBUG keystone.server.flask.request_processing.req_logging [None req-d7e186ed-35c4-47fd-9ec7-e1d1182c55fd None None] REQUEST_METHOD: `POST` {{(pid=67666) log_request_info /opt/stack/keystone/keystone/server/flask/request_processing/req_logging.py:26}}
Mar 25 16:41:46 ubuntu devstack@keystone.service[67666]: DEBUG keystone.server.flask.request_processing.req_logging [None req-d7e186ed-35c4-47fd-9ec7-e1d1182c55fd None None] SCRIPT_NAME: `/identity` {{(pid=67666) log_request_info /opt/stack/keystone/keystone/server/flask/request_processing/req_logging.py:27}}
Mar 25 16:41:46 ubuntu devstack@keystone.service[67666]: DEBUG keystone.server.flask.request_processing.req_logging [None req-d7e186ed-35c4-47fd-9ec7-e1d1182c55fd None None] PATH_INFO: `/v3/auth/tokens` {{(pid=67666) log_request_info /opt/stack/keystone/keystone/server/flask/request_processing/req_logging.py:28}}
Mar 25 16:41:46 ubuntu devstack@keystone.service[67667]: DEBUG keystone.server.flask.request_processing.middleware.auth_context [None req-c3f9f6da-ec09-45d0-ba11-7083590a0de1 None None] Validating token access rules against request {{(pid=67667) validate_allowed_request /opt/stack/data/venv/lib/python3.12/site-packages/keystonemiddleware/auth_token/__init__.py:545}}
Mar 25 16:41:46 ubuntu devstack@keystone.service[67666]: WARNING keystone.common.password_hashing [None req-d7e186ed-35c4-47fd-9ec7-e1d1182c55fd None None] Truncating password to algorithm specific maximum length 72 characters.
Mar 25 16:41:46 ubuntu devstack@keystone.service[67666]: DEBUG keystone.auth.core [None req-d7e186ed-35c4-47fd-9ec7-e1d1182c55fd None None] MFA Rules not processed for user `0c693c9be88c44f48e916bffa193a56e`. Rule list: `[]` (Enabled: `True`). {{(pid=67666) check_auth_methods_against_rules /opt/stack/keystone/keystone/auth/core.py:476}}
Mar 25 16:41:46 ubuntu devstack@keystone.service[67666]: DEBUG keystone.common.fernet_utils [None req-d7e186ed-35c4-47fd-9ec7-e1d1182c55fd None None] Loaded 2 Fernet keys from /etc/keystone/fernet-keys/, but `[fernet_tokens] max_active_keys = 3`; perhaps there have not been enough key rotations to reach `max_active_keys` yet? {{(pid=67666) load_keys /opt/stack/keystone/keystone/common/fernet_utils.py:297}}
Mar 25 16:41:46 ubuntu devstack@keystone.service[67667]: DEBUG keystone.server.flask.request_processing.middleware.auth_context [None req-f1dc0fa0-b0da-43bd-80dc-8f6f71463a7a None admin] RBAC: auth_context: {'token': <TokenModel (audit_id=wHFxnX6yQLaGBuBkvnPAMA, audit_chain_id=['wHFxnX6yQLaGBuBkvnPAMA']) at 0x75844166cc80>, 'domain_id': None, 'trust_id': None, 'trustor_id': None, 'trustee_id': None, 'domain_name': None, 'group_ids': [], 'user_id': '0c693c9be88c44f48e916bffa193a56e', 'user_domain_id': 'default', 'system_scope': 'all', 'project_id': None, 'project_domain_id': None, 'roles': ['admin', 'manager', 'member', 'reader'], 'is_admin_project': True, 'service_user_id': None, 'service_user_domain_id': None, 'service_project_id': None, 'service_project_domain_id': None, 'service_roles': []} {{(pid=67667) fill_context /opt/stack/keystone/keystone/server/flask/request_processing/middleware/auth_context.py:509}}
Mar 25 16:41:46 ubuntu devstack@keystone.service[67667]: DEBUG keystone.server.flask.request_processing.req_logging [None req-f1dc0fa0-b0da-43bd-80dc-8f6f71463a7a None admin] REQUEST_METHOD: `GET` {{(pid=67667) log_request_info /opt/stack/keystone/keystone/server/flask/request_processing/req_logging.py:26}}
Mar 25 16:41:46 ubuntu devstack@keystone.service[67667]: DEBUG keystone.server.flask.request_processing.req_logging [None req-f1dc0fa0-b0da-43bd-80dc-8f6f71463a7a None admin] SCRIPT_NAME: `/identity` {{(pid=67667) log_request_info /opt/stack/keystone/keystone/server/flask/request_processing/req_logging.py:27}}
Mar 25 16:41:46 ubuntu devstack@keystone.service[67667]: DEBUG keystone.server.flask.request_processing.req_logging [None req-f1dc0fa0-b0da-43bd-80dc-8f6f71463a7a None admin] PATH_INFO: `/v3/domains/Default` {{(pid=67667) log_request_info /opt/stack/keystone/keystone/server/flask/request_processing/req_logging.py:28}}
Mar 25 16:41:46 ubuntu devstack@keystone.service[67667]: DEBUG keystone.common.rbac_enforcer.enforcer [None req-f1dc0fa0-b0da-43bd-80dc-8f6f71463a7a None admin] RBAC: Authorizing `identity:get_domain(domain_id=Default)` {{(pid=67667) enforce_call /opt/stack/keystone/keystone/common/rbac_enforcer/enforcer.py:494}}
Mar 25 16:41:46 ubuntu devstack@keystone.service[67667]: DEBUG keystone.common.rbac_enforcer.enforcer [None req-f1dc0fa0-b0da-43bd-80dc-8f6f71463a7a None admin] RBAC: Authorization granted {{(pid=67667) enforce_call /opt/stack/keystone/keystone/common/rbac_enforcer/enforcer.py:505}}
Mar 25 16:41:46 ubuntu devstack@keystone.service[67667]: DEBUG keystone.server.flask.application [None req-f1dc0fa0-b0da-43bd-80dc-8f6f71463a7a None admin] Could not find domain: Default. {{(pid=67667) _handle_keystone_exception /opt/stack/keystone/keystone/server/flask/application.py:146}}
Mar 25 16:41:46 ubuntu devstack@keystone.service[67667]: [pid: 67667|app: 0|req: 16/31] 10.120.125.137 () {58 vars in 1176 bytes} [Wed Mar 25 16:41:46 2026] GET /identity/v3/domains/Default => generated 87 bytes in 86 msecs (HTTP/1.1 404) 5 headers in 183 bytes (2 switches on core 0)
Mar 25 16:41:46 ubuntu devstack@keystone.service[67666]: [pid: 67666|app: 0|req: 16/32] 10.120.125.137 () {60 vars in 1048 bytes} [Wed Mar 25 16:41:46 2026] POST /identity/v3/auth/tokens => generated 863 bytes in 73 msecs (HTTP/1.1 201) 6 headers in 363 bytes (1 switches on core 0)
Mar 25 16:41:46 ubuntu devstack@keystone.service[67667]: DEBUG keystone.server.flask.request_processing.middleware.auth_context [None req-f1dc0fa0-b0da-43bd-80dc-8f6f71463a7a None admin] Authenticating user token {{(pid=67667) process_request /opt/stack/data/venv/lib/python3.12/site-packages/keystonemiddleware/auth_token/__init__.py:407}}
Mar 25 16:41:46 ubuntu devstack@keystone.service[67666]: DEBUG keystone.server.flask.request_processing.req_logging [None req-e4b1a429-6d2a-460b-bec4-0c0d63220613 None None] REQUEST_METHOD: `POST` {{(pid=67666) log_request_info /opt/stack/keystone/keystone/server/flask/request_processing/req_logging.py:26}}
Mar 25 16:41:46 ubuntu devstack@keystone.service[67666]: DEBUG keystone.server.flask.request_processing.req_logging [None req-e4b1a429-6d2a-460b-bec4-0c0d63220613 None None] SCRIPT_NAME: `/identity` {{(pid=67666) log_request_info /opt/stack/keystone/keystone/server/flask/request_processing/req_logging.py:27}}
Mar 25 16:41:46 ubuntu devstack@keystone.service[67666]: DEBUG keystone.server.flask.request_processing.req_logging [None req-e4b1a429-6d2a-460b-bec4-0c0d63220613 None None] PATH_INFO: `/v3/auth/tokens` {{(pid=67666) log_request_info /opt/stack/keystone/keystone/server/flask/request_processing/req_logging.py:28}}
Mar 25 16:41:46 ubuntu devstack@keystone.service[67666]: WARNING keystone.common.password_hashing [None req-e4b1a429-6d2a-460b-bec4-0c0d63220613 None None] Truncating password to algorithm specific maximum length 72 characters.
Mar 25 16:41:46 ubuntu devstack@keystone.service[67666]: DEBUG keystone.auth.core [None req-e4b1a429-6d2a-460b-bec4-0c0d63220613 None None] MFA Rules not processed for user `0c693c9be88c44f48e916bffa193a56e`. Rule list: `[]` (Enabled: `True`). {{(pid=67666) check_auth_methods_against_rules /opt/stack/keystone/keystone/auth/core.py:476}}
Mar 25 16:41:46 ubuntu devstack@keystone.service[67666]: DEBUG keystone.common.fernet_utils [None req-e4b1a429-6d2a-460b-bec4-0c0d63220613 None None] Loaded 2 Fernet keys from /etc/keystone/fernet-keys/, but `[fernet_tokens] max_active_keys = 3`; perhaps there have not been enough key rotations to reach `max_active_keys` yet? {{(pid=67666) load_keys /opt/stack/keystone/keystone/common/fernet_utils.py:297}}
Mar 25 16:41:46 ubuntu devstack@keystone.service[67667]: DEBUG keystone.server.flask.request_processing.middleware.auth_context [None req-f1dc0fa0-b0da-43bd-80dc-8f6f71463a7a None admin] Validating token access rules against request {{(pid=67667) validate_allowed_request /opt/stack/data/venv/lib/python3.12/site-packages/keystonemiddleware/auth_token/__init__.py:545}}
Mar 25 16:41:46 ubuntu devstack@keystone.service[67667]: DEBUG keystone.server.flask.request_processing.middleware.auth_context [None req-90681a76-fa80-4314-a3f4-0290c763d02d None admin] RBAC: auth_context: {'token': <TokenModel (audit_id=wHFxnX6yQLaGBuBkvnPAMA, audit_chain_id=['wHFxnX6yQLaGBuBkvnPAMA']) at 0x75844257f770>, 'domain_id': None, 'trust_id': None, 'trustor_id': None, 'trustee_id': None, 'domain_name': None, 'group_ids': [], 'user_id': '0c693c9be88c44f48e916bffa193a56e', 'user_domain_id': 'default', 'system_scope': 'all', 'project_id': None, 'project_domain_id': None, 'roles': ['admin', 'manager', 'member', 'reader'], 'is_admin_project': True, 'service_user_id': None, 'service_user_domain_id': None, 'service_project_id': None, 'service_project_domain_id': None, 'service_roles': []} {{(pid=67667) fill_context /opt/stack/keystone/keystone/server/flask/request_processing/middleware/auth_context.py:509}}
Mar 25 16:41:46 ubuntu devstack@keystone.service[67667]: DEBUG keystone.server.flask.request_processing.req_logging [None req-90681a76-fa80-4314-a3f4-0290c763d02d None admin] REQUEST_METHOD: `GET` {{(pid=67667) log_request_info /opt/stack/keystone/keystone/server/flask/request_processing/req_logging.py:26}}
Mar 25 16:41:46 ubuntu devstack@keystone.service[67667]: DEBUG keystone.server.flask.request_processing.req_logging [None req-90681a76-fa80-4314-a3f4-0290c763d02d None admin] SCRIPT_NAME: `/identity` {{(pid=67667) log_request_info /opt/stack/keystone/keystone/server/flask/request_processing/req_logging.py:27}}
Mar 25 16:41:46 ubuntu devstack@keystone.service[67667]: DEBUG keystone.server.flask.request_processing.req_logging [None req-90681a76-fa80-4314-a3f4-0290c763d02d None admin] PATH_INFO: `/v3/domains` {{(pid=67667) log_request_info /opt/stack/keystone/keystone/server/flask/request_processing/req_logging.py:28}}
Mar 25 16:41:46 ubuntu devstack@keystone.service[67667]: DEBUG keystone.common.rbac_enforcer.enforcer [None req-90681a76-fa80-4314-a3f4-0290c763d02d None admin] RBAC: Adding query filter params (name=Default) {{(pid=67667) _extract_filter_values /opt/stack/keystone/keystone/common/rbac_enforcer/enforcer.py:176}}
Mar 25 16:41:46 ubuntu devstack@keystone.service[67667]: DEBUG keystone.common.rbac_enforcer.enforcer [None req-90681a76-fa80-4314-a3f4-0290c763d02d None admin] RBAC: Authorizing `identity:list_domains()` {{(pid=67667) enforce_call /opt/stack/keystone/keystone/common/rbac_enforcer/enforcer.py:494}}
Mar 25 16:41:46 ubuntu devstack@keystone.service[67667]: DEBUG keystone.common.rbac_enforcer.enforcer [None req-90681a76-fa80-4314-a3f4-0290c763d02d None admin] RBAC: Authorization granted {{(pid=67667) enforce_call /opt/stack/keystone/keystone/common/rbac_enforcer/enforcer.py:505}}
Mar 25 16:41:46 ubuntu devstack@keystone.service[67666]: [pid: 67666|app: 0|req: 17/33] 10.120.125.137 () {60 vars in 1048 bytes} [Wed Mar 25 16:41:46 2026] POST /identity/v3/auth/tokens => generated 863 bytes in 73 msecs (HTTP/1.1 201) 6 headers in 363 bytes (1 switches on core 0)
Mar 25 16:41:46 ubuntu devstack@keystone.service[67666]: DEBUG keystone.server.flask.request_processing.middleware.auth_context [None req-e4b1a429-6d2a-460b-bec4-0c0d63220613 None None] Authenticating user token {{(pid=67666) process_request /opt/stack/data/venv/lib/python3.12/site-packages/keystonemiddleware/auth_token/__init__.py:407}}
Mar 25 16:41:46 ubuntu devstack@keystone.service[67667]: [pid: 67667|app: 0|req: 17/34] 10.120.125.137 () {58 vars in 1190 bytes} [Wed Mar 25 16:41:46 2026] GET /identity/v3/domains?name=Default => generated 310 bytes in 95 msecs (HTTP/1.1 200) 5 headers in 177 bytes (1 switches on core 0)
Mar 25 16:41:46 ubuntu devstack@keystone.service[67666]: DEBUG keystone.server.flask.request_processing.middleware.auth_context [None req-e4b1a429-6d2a-460b-bec4-0c0d63220613 None None] Validating token access rules against request {{(pid=67666) validate_allowed_request /opt/stack/data/venv/lib/python3.12/site-packages/keystonemiddleware/auth_token/__init__.py:545}}
Mar 25 16:41:46 ubuntu devstack@keystone.service[67666]: DEBUG keystone.server.flask.request_processing.middleware.auth_context [None req-681b0373-a0fe-4f57-a7a8-a3227e7d62c2 None admin] RBAC: auth_context: {'token': <TokenModel (audit_id=iYW7YZ04SNOrIonmVFQOdQ, audit_chain_id=['iYW7YZ04SNOrIonmVFQOdQ']) at 0x7584414ae9c0>, 'domain_id': None, 'trust_id': None, 'trustor_id': None, 'trustee_id': None, 'domain_name': None, 'group_ids': [], 'user_id': '0c693c9be88c44f48e916bffa193a56e', 'user_domain_id': 'default', 'system_scope': 'all', 'project_id': None, 'project_domain_id': None, 'roles': ['admin', 'manager', 'member', 'reader'], 'is_admin_project': True, 'service_user_id': None, 'service_user_domain_id': None, 'service_project_id': None, 'service_project_domain_id': None, 'service_roles': []} {{(pid=67666) fill_context /opt/stack/keystone/keystone/server/flask/request_processing/middleware/auth_context.py:509}}
Mar 25 16:41:46 ubuntu devstack@keystone.service[67666]: DEBUG keystone.server.flask.request_processing.req_logging [None req-681b0373-a0fe-4f57-a7a8-a3227e7d62c2 None admin] REQUEST_METHOD: `GET` {{(pid=67666) log_request_info /opt/stack/keystone/keystone/server/flask/request_processing/req_logging.py:26}}
Mar 25 16:41:46 ubuntu devstack@keystone.service[67666]: DEBUG keystone.server.flask.request_processing.req_logging [None req-681b0373-a0fe-4f57-a7a8-a3227e7d62c2 None admin] SCRIPT_NAME: `/identity` {{(pid=67666) log_request_info /opt/stack/keystone/keystone/server/flask/request_processing/req_logging.py:27}}
Mar 25 16:41:46 ubuntu devstack@keystone.service[67666]: DEBUG keystone.server.flask.request_processing.req_logging [None req-681b0373-a0fe-4f57-a7a8-a3227e7d62c2 None admin] PATH_INFO: `/v3/roles/admin` {{(pid=67666) log_request_info /opt/stack/keystone/keystone/server/flask/request_processing/req_logging.py:28}}
Mar 25 16:41:46 ubuntu devstack@keystone.service[67666]: DEBUG keystone.common.rbac_enforcer.enforcer [None req-681b0373-a0fe-4f57-a7a8-a3227e7d62c2 None admin] Extracting inferred target data resulted in "NOT FOUND (404)". {{(pid=67666) enforce_call /opt/stack/keystone/keystone/common/rbac_enforcer/enforcer.py:445}}
Mar 25 16:41:46 ubuntu devstack@keystone.service[67666]: DEBUG keystone.server.flask.application [None req-681b0373-a0fe-4f57-a7a8-a3227e7d62c2 None admin] Could not find role: admin. {{(pid=67666) _handle_keystone_exception /opt/stack/keystone/keystone/server/flask/application.py:146}}
Mar 25 16:41:46 ubuntu devstack@keystone.service[67666]: [pid: 67666|app: 0|req: 18/35] 10.120.125.137 () {58 vars in 1164 bytes} [Wed Mar 25 16:41:46 2026] GET /identity/v3/roles/admin => generated 83 bytes in 59 msecs (HTTP/1.1 404) 5 headers in 183 bytes (1 switches on core 0)
Mar 25 16:41:46 ubuntu devstack@keystone.service[67667]: DEBUG keystone.server.flask.request_processing.middleware.auth_context [None req-90681a76-fa80-4314-a3f4-0290c763d02d None admin] Authenticating user token {{(pid=67667) process_request /opt/stack/data/venv/lib/python3.12/site-packages/keystonemiddleware/auth_token/__init__.py:407}}
Mar 25 16:41:46 ubuntu devstack@keystone.service[67666]: DEBUG keystone.server.flask.request_processing.middleware.auth_context [None req-681b0373-a0fe-4f57-a7a8-a3227e7d62c2 None admin] Authenticating user token {{(pid=67666) process_request /opt/stack/data/venv/lib/python3.12/site-packages/keystonemiddleware/auth_token/__init__.py:407}}
Mar 25 16:41:46 ubuntu devstack@keystone.service[67667]: DEBUG keystone.server.flask.request_processing.middleware.auth_context [None req-90681a76-fa80-4314-a3f4-0290c763d02d None admin] Validating token access rules against request {{(pid=67667) validate_allowed_request /opt/stack/data/venv/lib/python3.12/site-packages/keystonemiddleware/auth_token/__init__.py:545}}
Mar 25 16:41:47 ubuntu devstack@keystone.service[67666]: DEBUG keystone.server.flask.request_processing.middleware.auth_context [None req-681b0373-a0fe-4f57-a7a8-a3227e7d62c2 None admin] Validating token access rules against request {{(pid=67666) validate_allowed_request /opt/stack/data/venv/lib/python3.12/site-packages/keystonemiddleware/auth_token/__init__.py:545}}
Mar 25 16:41:47 ubuntu devstack@keystone.service[67667]: DEBUG keystone.server.flask.request_processing.middleware.auth_context [None req-000048fd-a0cb-4bb2-8eb4-d0d138c768f5 None admin] RBAC: auth_context: {'token': <TokenModel (audit_id=iYW7YZ04SNOrIonmVFQOdQ, audit_chain_id=['iYW7YZ04SNOrIonmVFQOdQ']) at 0x7584413aa4e0>, 'domain_id': None, 'trust_id': None, 'trustor_id': None, 'trustee_id': None, 'domain_name': None, 'group_ids': [], 'user_id': '0c693c9be88c44f48e916bffa193a56e', 'user_domain_id': 'default', 'system_scope': 'all', 'project_id': None, 'project_domain_id': None, 'roles': ['admin', 'manager', 'member', 'reader'], 'is_admin_project': True, 'service_user_id': None, 'service_user_domain_id': None, 'service_project_id': None, 'service_project_domain_id': None, 'service_roles': []} {{(pid=67667) fill_context /opt/stack/keystone/keystone/server/flask/request_processing/middleware/auth_context.py:509}}
Mar 25 16:41:47 ubuntu devstack@keystone.service[67667]: DEBUG keystone.server.flask.request_processing.req_logging [None req-000048fd-a0cb-4bb2-8eb4-d0d138c768f5 None admin] REQUEST_METHOD: `GET` {{(pid=67667) log_request_info /opt/stack/keystone/keystone/server/flask/request_processing/req_logging.py:26}}
Mar 25 16:41:47 ubuntu devstack@keystone.service[67667]: DEBUG keystone.server.flask.request_processing.req_logging [None req-000048fd-a0cb-4bb2-8eb4-d0d138c768f5 None admin] SCRIPT_NAME: `/identity` {{(pid=67667) log_request_info /opt/stack/keystone/keystone/server/flask/request_processing/req_logging.py:27}}
Mar 25 16:41:47 ubuntu devstack@keystone.service[67667]: DEBUG keystone.server.flask.request_processing.req_logging [None req-000048fd-a0cb-4bb2-8eb4-d0d138c768f5 None admin] PATH_INFO: `/v3/roles` {{(pid=67667) log_request_info /opt/stack/keystone/keystone/server/flask/request_processing/req_logging.py:28}}
Mar 25 16:41:47 ubuntu devstack@keystone.service[67667]: DEBUG keystone.common.rbac_enforcer.enforcer [None req-000048fd-a0cb-4bb2-8eb4-d0d138c768f5 None admin] RBAC: Adding query filter params (name=admin) {{(pid=67667) _extract_filter_values /opt/stack/keystone/keystone/common/rbac_enforcer/enforcer.py:176}}
Mar 25 16:41:47 ubuntu devstack@keystone.service[67667]: DEBUG keystone.common.rbac_enforcer.enforcer [None req-000048fd-a0cb-4bb2-8eb4-d0d138c768f5 None admin] RBAC: Authorizing `identity:list_roles()` {{(pid=67667) enforce_call /opt/stack/keystone/keystone/common/rbac_enforcer/enforcer.py:494}}
Mar 25 16:41:47 ubuntu devstack@keystone.service[67667]: DEBUG keystone.common.rbac_enforcer.enforcer [None req-000048fd-a0cb-4bb2-8eb4-d0d138c768f5 None admin] RBAC: Authorization granted {{(pid=67667) enforce_call /opt/stack/keystone/keystone/common/rbac_enforcer/enforcer.py:505}}
Mar 25 16:41:47 ubuntu devstack@keystone.service[67667]: [pid: 67667|app: 0|req: 18/36] 10.120.125.137 () {58 vars in 1180 bytes} [Wed Mar 25 16:41:46 2026] GET /identity/v3/roles?name=admin => generated 341 bytes in 66 msecs (HTTP/1.1 200) 5 headers in 177 bytes (1 switches on core 0)
Mar 25 16:41:47 ubuntu devstack@keystone.service[67667]: DEBUG keystone.server.flask.request_processing.req_logging [None req-37ece1fc-7ce5-4393-83ba-5f430338787b None None] REQUEST_METHOD: `GET` {{(pid=67667) log_request_info /opt/stack/keystone/keystone/server/flask/request_processing/req_logging.py:26}}
Mar 25 16:41:47 ubuntu devstack@keystone.service[67667]: DEBUG keystone.server.flask.request_processing.req_logging [None req-37ece1fc-7ce5-4393-83ba-5f430338787b None None] SCRIPT_NAME: `/identity` {{(pid=67667) log_request_info /opt/stack/keystone/keystone/server/flask/request_processing/req_logging.py:27}}
Mar 25 16:41:47 ubuntu devstack@keystone.service[67667]: DEBUG keystone.server.flask.request_processing.req_logging [None req-37ece1fc-7ce5-4393-83ba-5f430338787b None None] PATH_INFO: `/` {{(pid=67667) log_request_info /opt/stack/keystone/keystone/server/flask/request_processing/req_logging.py:28}}
Mar 25 16:41:47 ubuntu devstack@keystone.service[67667]: [pid: 67667|app: 0|req: 19/37] 10.120.125.137 () {56 vars in 951 bytes} [Wed Mar 25 16:41:47 2026] GET /identity => generated 271 bytes in 1 msecs (HTTP/1.1 300) 6 headers in 235 bytes (1 switches on core 0)
Mar 25 16:41:47 ubuntu devstack@keystone.service[67667]: DEBUG keystone.server.flask.request_processing.middleware.auth_context [None req-37ece1fc-7ce5-4393-83ba-5f430338787b None None] Authenticating user token {{(pid=67667) process_request /opt/stack/data/venv/lib/python3.12/site-packages/keystonemiddleware/auth_token/__init__.py:407}}
Mar 25 16:41:47 ubuntu devstack@keystone.service[67666]: DEBUG keystone.server.flask.request_processing.middleware.auth_context [None req-7d9953b1-97b3-4a04-9620-0641f13004d9 None admin] RBAC: auth_context: {'token': <TokenModel (audit_id=gMas1zvYS6CdbGigMlEYgw, audit_chain_id=['gMas1zvYS6CdbGigMlEYgw']) at 0x75844136dca0>, 'domain_id': None, 'trust_id': None, 'trustor_id': None, 'trustee_id': None, 'domain_name': None, 'group_ids': [], 'user_id': '0c693c9be88c44f48e916bffa193a56e', 'user_domain_id': 'default', 'system_scope': 'all', 'project_id': None, 'project_domain_id': None, 'roles': ['admin', 'manager', 'member', 'reader'], 'is_admin_project': True, 'service_user_id': None, 'service_user_domain_id': None, 'service_project_id': None, 'service_project_domain_id': None, 'service_roles': []} {{(pid=67666) fill_context /opt/stack/keystone/keystone/server/flask/request_processing/middleware/auth_context.py:509}}
Mar 25 16:41:47 ubuntu devstack@keystone.service[67666]: DEBUG keystone.server.flask.request_processing.req_logging [None req-7d9953b1-97b3-4a04-9620-0641f13004d9 None admin] REQUEST_METHOD: `POST` {{(pid=67666) log_request_info /opt/stack/keystone/keystone/server/flask/request_processing/req_logging.py:26}}
Mar 25 16:41:47 ubuntu devstack@keystone.service[67666]: DEBUG keystone.server.flask.request_processing.req_logging [None req-7d9953b1-97b3-4a04-9620-0641f13004d9 None admin] SCRIPT_NAME: `/identity` {{(pid=67666) log_request_info /opt/stack/keystone/keystone/server/flask/request_processing/req_logging.py:27}}
Mar 25 16:41:47 ubuntu devstack@keystone.service[67666]: DEBUG keystone.server.flask.request_processing.req_logging [None req-7d9953b1-97b3-4a04-9620-0641f13004d9 None admin] PATH_INFO: `/v3/roles` {{(pid=67666) log_request_info /opt/stack/keystone/keystone/server/flask/request_processing/req_logging.py:28}}
Mar 25 16:41:47 ubuntu devstack@keystone.service[67666]: DEBUG keystone.common.rbac_enforcer.enforcer [None req-7d9953b1-97b3-4a04-9620-0641f13004d9 None admin] RBAC: Authorizing `identity:create_role()` {{(pid=67666) enforce_call /opt/stack/keystone/keystone/common/rbac_enforcer/enforcer.py:494}}
Mar 25 16:41:47 ubuntu devstack@keystone.service[67666]: DEBUG keystone.common.rbac_enforcer.enforcer [None req-7d9953b1-97b3-4a04-9620-0641f13004d9 None admin] RBAC: Authorization granted {{(pid=67666) enforce_call /opt/stack/keystone/keystone/common/rbac_enforcer/enforcer.py:505}}
Mar 25 16:41:47 ubuntu devstack@keystone.service[67666]: DEBUG keystone.common.sql.core [None req-7d9953b1-97b3-4a04-9620-0641f13004d9 None admin] Conflict role: (pymysql.err.IntegrityError) (1062, "Duplicate entry 'service-<<null>>' for key 'role.ixu_role_name_domain_id'")
Mar 25 16:41:47 ubuntu devstack@keystone.service[67666]: [SQL: INSERT INTO `role` (id, name, description, extra) VALUES (%(id)s, %(name)s, %(description)s, %(extra)s)]
Mar 25 16:41:47 ubuntu devstack@keystone.service[67666]: [parameters: {'id': '41d94ea3fb044b8e8703d87831648949', 'name': 'service', 'description': None, 'extra': '{}'}]
Mar 25 16:41:47 ubuntu devstack@keystone.service[67666]: (Background on this error at: https://sqlalche.me/e/20/gkpj) {{(pid=67666) wrapper /opt/stack/keystone/keystone/common/sql/core.py:580}}
Mar 25 16:41:47 ubuntu devstack@keystone.service[67666]: ERROR keystone.server.flask.application [None req-7d9953b1-97b3-4a04-9620-0641f13004d9 None admin] Conflict occurred attempting to store role - Duplicate entry found with name service.: keystone.exception.Conflict: Conflict occurred attempting to store role - Duplicate entry found with name service.
Mar 25 16:41:47 ubuntu devstack@keystone.service[67666]: ERROR keystone.server.flask.application Traceback (most recent call last):
Mar 25 16:41:47 ubuntu devstack@keystone.service[67666]: ERROR keystone.server.flask.application   File "/opt/stack/data/venv/lib/python3.12/site-packages/sqlalchemy/engine/base.py", line 1967, in _exec_single_context
Mar 25 16:41:47 ubuntu devstack@keystone.service[67666]: ERROR keystone.server.flask.application     self.dialect.do_execute(
Mar 25 16:41:47 ubuntu devstack@keystone.service[67666]: ERROR keystone.server.flask.application   File "/opt/stack/data/venv/lib/python3.12/site-packages/sqlalchemy/engine/default.py", line 952, in do_execute
Mar 25 16:41:47 ubuntu devstack@keystone.service[67666]: ERROR keystone.server.flask.application     cursor.execute(statement, parameters)
Mar 25 16:41:47 ubuntu devstack@keystone.service[67666]: ERROR keystone.server.flask.application   File "/opt/stack/data/venv/lib/python3.12/site-packages/pymysql/cursors.py", line 153, in execute
Mar 25 16:41:47 ubuntu devstack@keystone.service[67666]: ERROR keystone.server.flask.application     result = self._query(query)
Mar 25 16:41:47 ubuntu devstack@keystone.service[67666]: ERROR keystone.server.flask.application              ^^^^^^^^^^^^^^^^^^
Mar 25 16:41:47 ubuntu devstack@keystone.service[67666]: ERROR keystone.server.flask.application   File "/opt/stack/data/venv/lib/python3.12/site-packages/pymysql/cursors.py", line 322, in _query
Mar 25 16:41:47 ubuntu devstack@keystone.service[67666]: ERROR keystone.server.flask.application     conn.query(q)
Mar 25 16:41:47 ubuntu devstack@keystone.service[67666]: ERROR keystone.server.flask.application   File "/opt/stack/data/venv/lib/python3.12/site-packages/pymysql/connections.py", line 575, in query
Mar 25 16:41:47 ubuntu devstack@keystone.service[67666]: ERROR keystone.server.flask.application     self._affected_rows = self._read_query_result(unbuffered=unbuffered)
Mar 25 16:41:47 ubuntu devstack@keystone.service[67666]: ERROR keystone.server.flask.application                           ^^^^^^^^^^^^^^^^^^^^^^^^^^^^^^^^^^^^^^^^^^^^^^
Mar 25 16:41:47 ubuntu devstack@keystone.service[67666]: ERROR keystone.server.flask.application   File "/opt/stack/data/venv/lib/python3.12/site-packages/pymysql/connections.py", line 826, in _read_query_result
Mar 25 16:41:47 ubuntu devstack@keystone.service[67666]: ERROR keystone.server.flask.application     result.read()
Mar 25 16:41:47 ubuntu devstack@keystone.service[67666]: ERROR keystone.server.flask.application   File "/opt/stack/data/venv/lib/python3.12/site-packages/pymysql/connections.py", line 1203, in read
Mar 25 16:41:47 ubuntu devstack@keystone.service[67666]: ERROR keystone.server.flask.application     first_packet = self.connection._read_packet()
Mar 25 16:41:47 ubuntu devstack@keystone.service[67666]: ERROR keystone.server.flask.application                    ^^^^^^^^^^^^^^^^^^^^^^^^^^^^^^
Mar 25 16:41:47 ubuntu devstack@keystone.service[67666]: ERROR keystone.server.flask.application   File "/opt/stack/data/venv/lib/python3.12/site-packages/pymysql/connections.py", line 782, in _read_packet
Mar 25 16:41:47 ubuntu devstack@keystone.service[67666]: ERROR keystone.server.flask.application     packet.raise_for_error()
Mar 25 16:41:47 ubuntu devstack@keystone.service[67666]: ERROR keystone.server.flask.application   File "/opt/stack/data/venv/lib/python3.12/site-packages/pymysql/protocol.py", line 219, in raise_for_error
Mar 25 16:41:47 ubuntu devstack@keystone.service[67666]: ERROR keystone.server.flask.application     err.raise_mysql_exception(self._data)
Mar 25 16:41:47 ubuntu devstack@keystone.service[67666]: ERROR keystone.server.flask.application   File "/opt/stack/data/venv/lib/python3.12/site-packages/pymysql/err.py", line 150, in raise_mysql_exception
Mar 25 16:41:47 ubuntu devstack@keystone.service[67666]: ERROR keystone.server.flask.application     raise errorclass(errno, errval)
Mar 25 16:41:47 ubuntu devstack@keystone.service[67666]: ERROR keystone.server.flask.application pymysql.err.IntegrityError: (1062, "Duplicate entry 'service-<<null>>' for key 'role.ixu_role_name_domain_id'")
Mar 25 16:41:47 ubuntu devstack@keystone.service[67666]: ERROR keystone.server.flask.application 
Mar 25 16:41:47 ubuntu devstack@keystone.service[67666]: ERROR keystone.server.flask.application The above exception was the direct cause of the following exception:
Mar 25 16:41:47 ubuntu devstack@keystone.service[67666]: ERROR keystone.server.flask.application 
Mar 25 16:41:47 ubuntu devstack@keystone.service[67666]: ERROR keystone.server.flask.application Traceback (most recent call last):
Mar 25 16:41:47 ubuntu devstack@keystone.service[67666]: ERROR keystone.server.flask.application   File "/opt/stack/keystone/keystone/common/sql/core.py", line 575, in wrapper
Mar 25 16:41:47 ubuntu devstack@keystone.service[67666]: ERROR keystone.server.flask.application     return method(*args, **kwargs)
Mar 25 16:41:47 ubuntu devstack@keystone.service[67666]: ERROR keystone.server.flask.application            ^^^^^^^^^^^^^^^^^^^^^^^
Mar 25 16:41:47 ubuntu devstack@keystone.service[67666]: ERROR keystone.server.flask.application   File "/opt/stack/keystone/keystone/assignment/role_backends/sql.py", line 25, in create_role
Mar 25 16:41:47 ubuntu devstack@keystone.service[67666]: ERROR keystone.server.flask.application     with sql.session_for_write() as session:
Mar 25 16:41:47 ubuntu devstack@keystone.service[67666]: ERROR keystone.server.flask.application   File "/usr/lib/python3.12/contextlib.py", line 144, in __exit__
Mar 25 16:41:47 ubuntu devstack@keystone.service[67666]: ERROR keystone.server.flask.application     next(self.gen)
Mar 25 16:41:47 ubuntu devstack@keystone.service[67666]: ERROR keystone.server.flask.application   File "/opt/stack/data/venv/lib/python3.12/site-packages/oslo_db/sqlalchemy/enginefacade.py", line 1175, in _transaction_scope
Mar 25 16:41:47 ubuntu devstack@keystone.service[67666]: ERROR keystone.server.flask.application     with current._produce_block(
Mar 25 16:41:47 ubuntu devstack@keystone.service[67666]: ERROR keystone.server.flask.application   File "/usr/lib/python3.12/contextlib.py", line 144, in __exit__
Mar 25 16:41:47 ubuntu devstack@keystone.service[67666]: ERROR keystone.server.flask.application     next(self.gen)
Mar 25 16:41:47 ubuntu devstack@keystone.service[67666]: ERROR keystone.server.flask.application   File "/opt/stack/data/venv/lib/python3.12/site-packages/oslo_db/sqlalchemy/enginefacade.py", line 837, in _session
Mar 25 16:41:47 ubuntu devstack@keystone.service[67666]: ERROR keystone.server.flask.application     with excutils.save_and_reraise_exception():
Mar 25 16:41:47 ubuntu devstack@keystone.service[67666]: ERROR keystone.server.flask.application   File "/opt/stack/data/venv/lib/python3.12/site-packages/oslo_utils/excutils.py", line 267, in __exit__
Mar 25 16:41:47 ubuntu devstack@keystone.service[67666]: ERROR keystone.server.flask.application     self.force_reraise()
Mar 25 16:41:47 ubuntu devstack@keystone.service[67666]: ERROR keystone.server.flask.application   File "/opt/stack/data/venv/lib/python3.12/site-packages/oslo_utils/excutils.py", line 233, in force_reraise
Mar 25 16:41:47 ubuntu devstack@keystone.service[67666]: ERROR keystone.server.flask.application     raise self.value
Mar 25 16:41:47 ubuntu devstack@keystone.service[67666]: ERROR keystone.server.flask.application   File "/opt/stack/data/venv/lib/python3.12/site-packages/oslo_db/sqlalchemy/enginefacade.py", line 835, in _session
Mar 25 16:41:47 ubuntu devstack@keystone.service[67666]: ERROR keystone.server.flask.application     self._end_session_transaction(self.session)
Mar 25 16:41:47 ubuntu devstack@keystone.service[67666]: ERROR keystone.server.flask.application   File "/opt/stack/data/venv/lib/python3.12/site-packages/oslo_db/sqlalchemy/enginefacade.py", line 748, in _end_session_transaction
Mar 25 16:41:47 ubuntu devstack@keystone.service[67666]: ERROR keystone.server.flask.application     session.commit()
Mar 25 16:41:47 ubuntu devstack@keystone.service[67666]: ERROR keystone.server.flask.application   File "/opt/stack/data/venv/lib/python3.12/site-packages/sqlalchemy/orm/session.py", line 2030, in commit
Mar 25 16:41:47 ubuntu devstack@keystone.service[67666]: ERROR keystone.server.flask.application     trans.commit(_to_root=True)
Mar 25 16:41:47 ubuntu devstack@keystone.service[67666]: ERROR keystone.server.flask.application   File "<string>", line 2, in commit
Mar 25 16:41:47 ubuntu devstack@keystone.service[67666]: ERROR keystone.server.flask.application   File "/opt/stack/data/venv/lib/python3.12/site-packages/sqlalchemy/orm/state_changes.py", line 137, in _go
Mar 25 16:41:47 ubuntu devstack@keystone.service[67666]: ERROR keystone.server.flask.application     ret_value = fn(self, *arg, **kw)
