Mar 10 23:09:57 ubuntu devstack@keystone.service[61925]: ERROR keystone.server.flask.application     result = connection.execute(
Mar 10 23:09:57 ubuntu devstack@keystone.service[61925]: ERROR keystone.server.flask.application              ^^^^^^^^^^^^^^^^^^^
Mar 10 23:09:57 ubuntu devstack@keystone.service[61925]: ERROR keystone.server.flask.application   File "/opt/stack/data/venv/lib/python3.12/site-packages/sqlalchemy/engine/base.py", line 1419, in execute
Mar 10 23:09:57 ubuntu devstack@keystone.service[61925]: ERROR keystone.server.flask.application     return meth(
Mar 10 23:09:57 ubuntu devstack@keystone.service[61925]: ERROR keystone.server.flask.application            ^^^^^
Mar 10 23:09:57 ubuntu devstack@keystone.service[61925]: ERROR keystone.server.flask.application   File "/opt/stack/data/venv/lib/python3.12/site-packages/sqlalchemy/sql/elements.py", line 527, in _execute_on_connection
Mar 10 23:09:57 ubuntu devstack@keystone.service[61925]: ERROR keystone.server.flask.application     return connection._execute_clauseelement(
Mar 10 23:09:57 ubuntu devstack@keystone.service[61925]: ERROR keystone.server.flask.application            ^^^^^^^^^^^^^^^^^^^^^^^^^^^^^^^^^^
Mar 10 23:09:57 ubuntu devstack@keystone.service[61925]: ERROR keystone.server.flask.application   File "/opt/stack/data/venv/lib/python3.12/site-packages/sqlalchemy/engine/base.py", line 1641, in _execute_clauseelement
Mar 10 23:09:57 ubuntu devstack@keystone.service[61925]: ERROR keystone.server.flask.application     ret = self._execute_context(
Mar 10 23:09:57 ubuntu devstack@keystone.service[61925]: ERROR keystone.server.flask.application           ^^^^^^^^^^^^^^^^^^^^^^
Mar 10 23:09:57 ubuntu devstack@keystone.service[61925]: ERROR keystone.server.flask.application   File "/opt/stack/data/venv/lib/python3.12/site-packages/sqlalchemy/engine/base.py", line 1846, in _execute_context
Mar 10 23:09:57 ubuntu devstack@keystone.service[61925]: ERROR keystone.server.flask.application     return self._exec_single_context(
Mar 10 23:09:57 ubuntu devstack@keystone.service[61925]: ERROR keystone.server.flask.application            ^^^^^^^^^^^^^^^^^^^^^^^^^^
Mar 10 23:09:57 ubuntu devstack@keystone.service[61925]: ERROR keystone.server.flask.application   File "/opt/stack/data/venv/lib/python3.12/site-packages/sqlalchemy/engine/base.py", line 1986, in _exec_single_context
Mar 10 23:09:57 ubuntu devstack@keystone.service[61925]: ERROR keystone.server.flask.application     self._handle_dbapi_exception(
Mar 10 23:09:57 ubuntu devstack@keystone.service[61925]: ERROR keystone.server.flask.application   File "/opt/stack/data/venv/lib/python3.12/site-packages/sqlalchemy/engine/base.py", line 2360, in _handle_dbapi_exception
Mar 10 23:09:57 ubuntu devstack@keystone.service[61925]: ERROR keystone.server.flask.application     raise newraise.with_traceback(exc_info[2]) from e
Mar 10 23:09:57 ubuntu devstack@keystone.service[61925]: ERROR keystone.server.flask.application   File "/opt/stack/data/venv/lib/python3.12/site-packages/sqlalchemy/engine/base.py", line 1967, in _exec_single_context
Mar 10 23:09:57 ubuntu devstack@keystone.service[61925]: ERROR keystone.server.flask.application     self.dialect.do_execute(
Mar 10 23:09:57 ubuntu devstack@keystone.service[61925]: ERROR keystone.server.flask.application   File "/opt/stack/data/venv/lib/python3.12/site-packages/sqlalchemy/engine/default.py", line 952, in do_execute
Mar 10 23:09:57 ubuntu devstack@keystone.service[61925]: ERROR keystone.server.flask.application     cursor.execute(statement, parameters)
Mar 10 23:09:57 ubuntu devstack@keystone.service[61925]: ERROR keystone.server.flask.application   File "/opt/stack/data/venv/lib/python3.12/site-packages/pymysql/cursors.py", line 153, in execute
Mar 10 23:09:57 ubuntu devstack@keystone.service[61925]: ERROR keystone.server.flask.application     result = self._query(query)
Mar 10 23:09:57 ubuntu devstack@keystone.service[61925]: ERROR keystone.server.flask.application              ^^^^^^^^^^^^^^^^^^
Mar 10 23:09:57 ubuntu devstack@keystone.service[61925]: ERROR keystone.server.flask.application   File "/opt/stack/data/venv/lib/python3.12/site-packages/pymysql/cursors.py", line 322, in _query
Mar 10 23:09:57 ubuntu devstack@keystone.service[61925]: ERROR keystone.server.flask.application     conn.query(q)
Mar 10 23:09:57 ubuntu devstack@keystone.service[61925]: ERROR keystone.server.flask.application   File "/opt/stack/data/venv/lib/python3.12/site-packages/pymysql/connections.py", line 575, in query
Mar 10 23:09:57 ubuntu devstack@keystone.service[61925]: ERROR keystone.server.flask.application     self._affected_rows = self._read_query_result(unbuffered=unbuffered)
Mar 10 23:09:57 ubuntu devstack@keystone.service[61925]: ERROR keystone.server.flask.application                           ^^^^^^^^^^^^^^^^^^^^^^^^^^^^^^^^^^^^^^^^^^^^^^
Mar 10 23:09:57 ubuntu devstack@keystone.service[61925]: ERROR keystone.server.flask.application   File "/opt/stack/data/venv/lib/python3.12/site-packages/pymysql/connections.py", line 826, in _read_query_result
Mar 10 23:09:57 ubuntu devstack@keystone.service[61925]: ERROR keystone.server.flask.application     result.read()
Mar 10 23:09:57 ubuntu devstack@keystone.service[61925]: ERROR keystone.server.flask.application   File "/opt/stack/data/venv/lib/python3.12/site-packages/pymysql/connections.py", line 1203, in read
Mar 10 23:09:57 ubuntu devstack@keystone.service[61925]: ERROR keystone.server.flask.application     first_packet = self.connection._read_packet()
Mar 10 23:09:57 ubuntu devstack@keystone.service[61925]: ERROR keystone.server.flask.application                    ^^^^^^^^^^^^^^^^^^^^^^^^^^^^^^
Mar 10 23:09:57 ubuntu devstack@keystone.service[61925]: ERROR keystone.server.flask.application   File "/opt/stack/data/venv/lib/python3.12/site-packages/pymysql/connections.py", line 782, in _read_packet
Mar 10 23:09:57 ubuntu devstack@keystone.service[61925]: ERROR keystone.server.flask.application     packet.raise_for_error()
Mar 10 23:09:57 ubuntu devstack@keystone.service[61925]: ERROR keystone.server.flask.application   File "/opt/stack/data/venv/lib/python3.12/site-packages/pymysql/protocol.py", line 219, in raise_for_error
Mar 10 23:09:57 ubuntu devstack@keystone.service[61925]: ERROR keystone.server.flask.application     err.raise_mysql_exception(self._data)
Mar 10 23:09:57 ubuntu devstack@keystone.service[61925]: ERROR keystone.server.flask.application   File "/opt/stack/data/venv/lib/python3.12/site-packages/pymysql/err.py", line 150, in raise_mysql_exception
Mar 10 23:09:57 ubuntu devstack@keystone.service[61925]: ERROR keystone.server.flask.application     raise errorclass(errno, errval)
Mar 10 23:09:57 ubuntu devstack@keystone.service[61925]: ERROR keystone.server.flask.application oslo_db.exception.DBDuplicateEntry: (pymysql.err.IntegrityError) (1062, "Duplicate entry 'service-<<null>>' for key 'role.ixu_role_name_domain_id'")
Mar 10 23:09:57 ubuntu devstack@keystone.service[61925]: ERROR keystone.server.flask.application [SQL: INSERT INTO `role` (id, name, description, extra) VALUES (%(id)s, %(name)s, %(description)s, %(extra)s)]
Mar 10 23:09:57 ubuntu devstack@keystone.service[61925]: ERROR keystone.server.flask.application [parameters: {'id': 'badc034c455a4a30ae56b1963d6a946f', 'name': 'service', 'description': None, 'extra': '{}'}]
Mar 10 23:09:57 ubuntu devstack@keystone.service[61925]: ERROR keystone.server.flask.application (Background on this error at: https://sqlalche.me/e/20/gkpj)
Mar 10 23:09:57 ubuntu devstack@keystone.service[61925]: ERROR keystone.server.flask.application 
Mar 10 23:09:57 ubuntu devstack@keystone.service[61925]: ERROR keystone.server.flask.application During handling of the above exception, another exception occurred:
Mar 10 23:09:57 ubuntu devstack@keystone.service[61925]: ERROR keystone.server.flask.application 
Mar 10 23:09:57 ubuntu devstack@keystone.service[61925]: ERROR keystone.server.flask.application Traceback (most recent call last):
Mar 10 23:09:57 ubuntu devstack@keystone.service[61925]: ERROR keystone.server.flask.application   File "/opt/stack/data/venv/lib/python3.12/site-packages/flask_restful/__init__.py", line 295, in error_router
Mar 10 23:09:57 ubuntu devstack@keystone.service[61925]: ERROR keystone.server.flask.application     return self.handle_error(e)
Mar 10 23:09:57 ubuntu devstack@keystone.service[61925]: ERROR keystone.server.flask.application            ^^^^^^^^^^^^^^^^^^^^
Mar 10 23:09:57 ubuntu devstack@keystone.service[61925]: ERROR keystone.server.flask.application   File "/opt/stack/data/venv/lib/python3.12/site-packages/flask_restful/__init__.py", line 310, in handle_error
Mar 10 23:09:57 ubuntu devstack@keystone.service[61925]: ERROR keystone.server.flask.application     _handle_flask_propagate_exceptions_config(current_app, e)
Mar 10 23:09:57 ubuntu devstack@keystone.service[61925]: ERROR keystone.server.flask.application   File "/opt/stack/data/venv/lib/python3.12/site-packages/flask/app.py", line 917, in full_dispatch_request
Mar 10 23:09:57 ubuntu devstack@keystone.service[61925]: ERROR keystone.server.flask.application     rv = self.dispatch_request()
Mar 10 23:09:57 ubuntu devstack@keystone.service[61925]: ERROR keystone.server.flask.application          ^^^^^^^^^^^^^^^^^^^^^^^
Mar 10 23:09:57 ubuntu devstack@keystone.service[61925]: ERROR keystone.server.flask.application   File "/opt/stack/data/venv/lib/python3.12/site-packages/flask/app.py", line 902, in dispatch_request
Mar 10 23:09:57 ubuntu devstack@keystone.service[61925]: ERROR keystone.server.flask.application     return self.ensure_sync(self.view_functions[rule.endpoint])(**view_args)  # type: ignore[no-any-return]
Mar 10 23:09:57 ubuntu devstack@keystone.service[61925]: ERROR keystone.server.flask.application            ^^^^^^^^^^^^^^^^^^^^^^^^^^^^^^^^^^^^^^^^^^^^^^^^^^^^^^^^^^^^^^^^^
Mar 10 23:09:57 ubuntu devstack@keystone.service[61925]: ERROR keystone.server.flask.application   File "/opt/stack/data/venv/lib/python3.12/site-packages/flask_restful/__init__.py", line 489, in wrapper
Mar 10 23:09:57 ubuntu devstack@keystone.service[61925]: ERROR keystone.server.flask.application     resp = resource(*args, **kwargs)
Mar 10 23:09:57 ubuntu devstack@keystone.service[61925]: ERROR keystone.server.flask.application            ^^^^^^^^^^^^^^^^^^^^^^^^^
Mar 10 23:09:57 ubuntu devstack@keystone.service[61925]: ERROR keystone.server.flask.application   File "/opt/stack/data/venv/lib/python3.12/site-packages/flask/views.py", line 110, in view
Mar 10 23:09:57 ubuntu devstack@keystone.service[61925]: ERROR keystone.server.flask.application     return current_app.ensure_sync(self.dispatch_request)(**kwargs)  # type: ignore[no-any-return]
Mar 10 23:09:57 ubuntu devstack@keystone.service[61925]: ERROR keystone.server.flask.application            ^^^^^^^^^^^^^^^^^^^^^^^^^^^^^^^^^^^^^^^^^^^^^^^^^^^^^^^^
Mar 10 23:09:57 ubuntu devstack@keystone.service[61925]: ERROR keystone.server.flask.application   File "/opt/stack/data/venv/lib/python3.12/site-packages/flask_restful/__init__.py", line 604, in dispatch_request
Mar 10 23:09:57 ubuntu devstack@keystone.service[61925]: ERROR keystone.server.flask.application     resp = meth(*args, **kwargs)
Mar 10 23:09:57 ubuntu devstack@keystone.service[61925]: ERROR keystone.server.flask.application            ^^^^^^^^^^^^^^^^^^^^^
Mar 10 23:09:57 ubuntu devstack@keystone.service[61925]: ERROR keystone.server.flask.application   File "/opt/stack/keystone/keystone/api/validation/__init__.py", line 86, in wrapper
Mar 10 23:09:57 ubuntu devstack@keystone.service[61925]: ERROR keystone.server.flask.application     return func(*args, **kwargs)
Mar 10 23:09:57 ubuntu devstack@keystone.service[61925]: ERROR keystone.server.flask.application            ^^^^^^^^^^^^^^^^^^^^^
Mar 10 23:09:57 ubuntu devstack@keystone.service[61925]: ERROR keystone.server.flask.application   File "/opt/stack/keystone/keystone/api/validation/__init__.py", line 145, in wrapper
Mar 10 23:09:57 ubuntu devstack@keystone.service[61925]: ERROR keystone.server.flask.application     response = func(*args, **kwargs)
Mar 10 23:09:57 ubuntu devstack@keystone.service[61925]: ERROR keystone.server.flask.application                ^^^^^^^^^^^^^^^^^^^^^
Mar 10 23:09:57 ubuntu devstack@keystone.service[61925]: ERROR keystone.server.flask.application   File "/opt/stack/keystone/keystone/api/roles.py", line 91, in post
Mar 10 23:09:57 ubuntu devstack@keystone.service[61925]: ERROR keystone.server.flask.application     ref = PROVIDERS.role_api.create_role(
Mar 10 23:09:57 ubuntu devstack@keystone.service[61925]: ERROR keystone.server.flask.application           ^^^^^^^^^^^^^^^^^^^^^^^^^^^^^^^
Mar 10 23:09:57 ubuntu devstack@keystone.service[61925]: ERROR keystone.server.flask.application   File "/opt/stack/keystone/keystone/common/manager.py", line 114, in wrapped
Mar 10 23:09:57 ubuntu devstack@keystone.service[61925]: ERROR keystone.server.flask.application     __ret_val = __f(*args, **kwargs)
Mar 10 23:09:57 ubuntu devstack@keystone.service[61925]: ERROR keystone.server.flask.application                 ^^^^^^^^^^^^^^^^^^^^
Mar 10 23:09:57 ubuntu devstack@keystone.service[61925]: ERROR keystone.server.flask.application   File "/opt/stack/keystone/keystone/assignment/core.py", line 1526, in create_role
Mar 10 23:09:57 ubuntu devstack@keystone.service[61925]: ERROR keystone.server.flask.application     ret = self.driver.create_role(role_id, role)
Mar 10 23:09:57 ubuntu devstack@keystone.service[61925]: ERROR keystone.server.flask.application           ^^^^^^^^^^^^^^^^^^^^^^^^^^^^^^^^^^^^^^
Mar 10 23:09:57 ubuntu devstack@keystone.service[61925]: ERROR keystone.server.flask.application   File "/opt/stack/keystone/keystone/common/sql/core.py", line 614, in wrapper
Mar 10 23:09:57 ubuntu devstack@keystone.service[61925]: ERROR keystone.server.flask.application     raise exception.Conflict(type=conflict_type, details=msg)
Mar 10 23:09:57 ubuntu devstack@keystone.service[61925]: ERROR keystone.server.flask.application keystone.exception.Conflict: Conflict occurred attempting to store role - Duplicate entry found with name service.
Mar 10 23:09:57 ubuntu devstack@keystone.service[61925]: ERROR keystone.server.flask.application 
Mar 10 23:09:57 ubuntu devstack@keystone.service[61925]: [pid: 61925|app: 0|req: 19/37] 10.120.125.143 () {62 vars in 1199 bytes} [Tue Mar 10 23:09:57 2026] POST /identity/v3/roles => generated 140 bytes in 80 msecs (HTTP/1.1 409) 5 headers in 183 bytes (1 switches on core 0)
Mar 10 23:09:57 ubuntu devstack@keystone.service[61925]: DEBUG keystone.server.flask.request_processing.req_logging [None req-7ce2d8c2-dd87-493a-956d-8b111269f02a None None] REQUEST_METHOD: `POST` {{(pid=61925) log_request_info /opt/stack/keystone/keystone/server/flask/request_processing/req_logging.py:26}}
Mar 10 23:09:57 ubuntu devstack@keystone.service[61925]: DEBUG keystone.server.flask.request_processing.req_logging [None req-7ce2d8c2-dd87-493a-956d-8b111269f02a None None] SCRIPT_NAME: `/identity` {{(pid=61925) log_request_info /opt/stack/keystone/keystone/server/flask/request_processing/req_logging.py:27}}
Mar 10 23:09:57 ubuntu devstack@keystone.service[61925]: DEBUG keystone.server.flask.request_processing.req_logging [None req-7ce2d8c2-dd87-493a-956d-8b111269f02a None None] PATH_INFO: `/v3/auth/tokens` {{(pid=61925) log_request_info /opt/stack/keystone/keystone/server/flask/request_processing/req_logging.py:28}}
Mar 10 23:09:57 ubuntu devstack@keystone.service[61926]: DEBUG keystone.server.flask.request_processing.middleware.auth_context [None req-723e38aa-c1a8-4d05-8403-3350a7668a24 None admin] Validating token access rules against request {{(pid=61926) validate_allowed_request /opt/stack/data/venv/lib/python3.12/site-packages/keystonemiddleware/auth_token/__init__.py:545}}
Mar 10 23:09:57 ubuntu devstack@keystone.service[61925]: WARNING keystone.common.password_hashing [None req-7ce2d8c2-dd87-493a-956d-8b111269f02a None None] Truncating password to algorithm specific maximum length 72 characters.
Mar 10 23:09:57 ubuntu devstack@keystone.service[61925]: DEBUG keystone.auth.core [None req-7ce2d8c2-dd87-493a-956d-8b111269f02a None None] MFA Rules not processed for user `857b46eca59d4fe68293351dd578f8ff`. Rule list: `[]` (Enabled: `True`). {{(pid=61925) check_auth_methods_against_rules /opt/stack/keystone/keystone/auth/core.py:476}}
Mar 10 23:09:57 ubuntu devstack@keystone.service[61925]: DEBUG keystone.common.fernet_utils [None req-7ce2d8c2-dd87-493a-956d-8b111269f02a None None] Loaded 2 Fernet keys from /etc/keystone/fernet-keys/, but `[fernet_tokens] max_active_keys = 3`; perhaps there have not been enough key rotations to reach `max_active_keys` yet? {{(pid=61925) load_keys /opt/stack/keystone/keystone/common/fernet_utils.py:297}}
Mar 10 23:09:57 ubuntu devstack@keystone.service[61926]: DEBUG keystone.server.flask.request_processing.middleware.auth_context [None req-e0b29beb-541f-4df5-be50-c80f5638e563 None admin] RBAC: auth_context: {'token': <TokenModel (audit_id=s0i-JOHbTLqET_ZYXtLS6Q, audit_chain_id=['s0i-JOHbTLqET_ZYXtLS6Q']) at 0x78793ab4da90>, 'domain_id': None, 'trust_id': None, 'trustor_id': None, 'trustee_id': None, 'domain_name': None, 'group_ids': [], 'user_id': '857b46eca59d4fe68293351dd578f8ff', 'user_domain_id': 'default', 'system_scope': 'all', 'project_id': None, 'project_domain_id': None, 'roles': ['admin', 'manager', 'member', 'reader'], 'is_admin_project': True, 'service_user_id': None, 'service_user_domain_id': None, 'service_project_id': None, 'service_project_domain_id': None, 'service_roles': []} {{(pid=61926) fill_context /opt/stack/keystone/keystone/server/flask/request_processing/middleware/auth_context.py:509}}
Mar 10 23:09:57 ubuntu devstack@keystone.service[61926]: DEBUG keystone.server.flask.request_processing.req_logging [None req-e0b29beb-541f-4df5-be50-c80f5638e563 None admin] REQUEST_METHOD: `GET` {{(pid=61926) log_request_info /opt/stack/keystone/keystone/server/flask/request_processing/req_logging.py:26}}
Mar 10 23:09:57 ubuntu devstack@keystone.service[61926]: DEBUG keystone.server.flask.request_processing.req_logging [None req-e0b29beb-541f-4df5-be50-c80f5638e563 None admin] SCRIPT_NAME: `/identity` {{(pid=61926) log_request_info /opt/stack/keystone/keystone/server/flask/request_processing/req_logging.py:27}}
Mar 10 23:09:57 ubuntu devstack@keystone.service[61926]: DEBUG keystone.server.flask.request_processing.req_logging [None req-e0b29beb-541f-4df5-be50-c80f5638e563 None admin] PATH_INFO: `/v3/domains` {{(pid=61926) log_request_info /opt/stack/keystone/keystone/server/flask/request_processing/req_logging.py:28}}
Mar 10 23:09:57 ubuntu devstack@keystone.service[61926]: DEBUG keystone.common.rbac_enforcer.enforcer [None req-e0b29beb-541f-4df5-be50-c80f5638e563 None admin] RBAC: Adding query filter params (name=Default) {{(pid=61926) _extract_filter_values /opt/stack/keystone/keystone/common/rbac_enforcer/enforcer.py:176}}
Mar 10 23:09:57 ubuntu devstack@keystone.service[61926]: DEBUG keystone.common.rbac_enforcer.enforcer [None req-e0b29beb-541f-4df5-be50-c80f5638e563 None admin] RBAC: Authorizing `identity:list_domains()` {{(pid=61926) enforce_call /opt/stack/keystone/keystone/common/rbac_enforcer/enforcer.py:494}}
Mar 10 23:09:57 ubuntu devstack@keystone.service[61926]: DEBUG keystone.common.rbac_enforcer.enforcer [None req-e0b29beb-541f-4df5-be50-c80f5638e563 None admin] RBAC: Authorization granted {{(pid=61926) enforce_call /opt/stack/keystone/keystone/common/rbac_enforcer/enforcer.py:505}}
Mar 10 23:09:57 ubuntu devstack@keystone.service[61926]: [pid: 61926|app: 0|req: 19/38] 10.120.125.143 () {58 vars in 1190 bytes} [Tue Mar 10 23:09:57 2026] GET /identity/v3/domains?name=Default => generated 310 bytes in 62 msecs (HTTP/1.1 200) 5 headers in 177 bytes (1 switches on core 0)
Mar 10 23:09:57 ubuntu devstack@keystone.service[61925]: [pid: 61925|app: 0|req: 20/39] 10.120.125.143 () {60 vars in 1048 bytes} [Tue Mar 10 23:09:57 2026] POST /identity/v3/auth/tokens => generated 863 bytes in 48 msecs (HTTP/1.1 201) 6 headers in 363 bytes (1 switches on core 0)
Mar 10 23:09:57 ubuntu devstack@keystone.service[61926]: DEBUG keystone.server.flask.request_processing.middleware.auth_context [None req-e0b29beb-541f-4df5-be50-c80f5638e563 None admin] Authenticating user token {{(pid=61926) process_request /opt/stack/data/venv/lib/python3.12/site-packages/keystonemiddleware/auth_token/__init__.py:407}}
Mar 10 23:09:57 ubuntu devstack@keystone.service[61925]: DEBUG keystone.server.flask.request_processing.middleware.auth_context [None req-7ce2d8c2-dd87-493a-956d-8b111269f02a None None] Authenticating user token {{(pid=61925) process_request /opt/stack/data/venv/lib/python3.12/site-packages/keystonemiddleware/auth_token/__init__.py:407}}
Mar 10 23:09:57 ubuntu devstack@keystone.service[61926]: DEBUG keystone.server.flask.request_processing.middleware.auth_context [None req-e0b29beb-541f-4df5-be50-c80f5638e563 None admin] Validating token access rules against request {{(pid=61926) validate_allowed_request /opt/stack/data/venv/lib/python3.12/site-packages/keystonemiddleware/auth_token/__init__.py:545}}
Mar 10 23:09:57 ubuntu devstack@keystone.service[61925]: DEBUG keystone.server.flask.request_processing.middleware.auth_context [None req-7ce2d8c2-dd87-493a-956d-8b111269f02a None None] Validating token access rules against request {{(pid=61925) validate_allowed_request /opt/stack/data/venv/lib/python3.12/site-packages/keystonemiddleware/auth_token/__init__.py:545}}
Mar 10 23:09:57 ubuntu devstack@keystone.service[61926]: DEBUG keystone.server.flask.request_processing.middleware.auth_context [None req-ea29f8a6-2db8-415f-9f51-511d4d24489e None admin] RBAC: auth_context: {'token': <TokenModel (audit_id=jMbzQWkLT0KhKOMTK4d1pg, audit_chain_id=['jMbzQWkLT0KhKOMTK4d1pg']) at 0x78793ac3ef00>, 'domain_id': None, 'trust_id': None, 'trustor_id': None, 'trustee_id': None, 'domain_name': None, 'group_ids': [], 'user_id': '857b46eca59d4fe68293351dd578f8ff', 'user_domain_id': 'default', 'system_scope': 'all', 'project_id': None, 'project_domain_id': None, 'roles': ['admin', 'manager', 'member', 'reader'], 'is_admin_project': True, 'service_user_id': None, 'service_user_domain_id': None, 'service_project_id': None, 'service_project_domain_id': None, 'service_roles': []} {{(pid=61926) fill_context /opt/stack/keystone/keystone/server/flask/request_processing/middleware/auth_context.py:509}}
Mar 10 23:09:57 ubuntu devstack@keystone.service[61926]: DEBUG keystone.server.flask.request_processing.req_logging [None req-ea29f8a6-2db8-415f-9f51-511d4d24489e None admin] REQUEST_METHOD: `GET` {{(pid=61926) log_request_info /opt/stack/keystone/keystone/server/flask/request_processing/req_logging.py:26}}
Mar 10 23:09:57 ubuntu devstack@keystone.service[61926]: DEBUG keystone.server.flask.request_processing.req_logging [None req-ea29f8a6-2db8-415f-9f51-511d4d24489e None admin] SCRIPT_NAME: `/identity` {{(pid=61926) log_request_info /opt/stack/keystone/keystone/server/flask/request_processing/req_logging.py:27}}
Mar 10 23:09:57 ubuntu devstack@keystone.service[61926]: DEBUG keystone.server.flask.request_processing.req_logging [None req-ea29f8a6-2db8-415f-9f51-511d4d24489e None admin] PATH_INFO: `/v3/users/857b46eca59d4fe68293351dd578f8ff` {{(pid=61926) log_request_info /opt/stack/keystone/keystone/server/flask/request_processing/req_logging.py:28}}
Mar 10 23:09:57 ubuntu devstack@keystone.service[61926]: DEBUG keystone.common.rbac_enforcer.enforcer [None req-ea29f8a6-2db8-415f-9f51-511d4d24489e None admin] RBAC: Authorizing `identity:get_user(user_id=857b46eca59d4fe68293351dd578f8ff)` {{(pid=61926) enforce_call /opt/stack/keystone/keystone/common/rbac_enforcer/enforcer.py:494}}
Mar 10 23:09:57 ubuntu devstack@keystone.service[61925]: DEBUG keystone.server.flask.request_processing.middleware.auth_context [None req-40d87529-48ba-4a67-a89e-eb0434889da3 None admin] RBAC: auth_context: {'token': <TokenModel (audit_id=xycFsYSQRHOUBnlv1KHAKw, audit_chain_id=['xycFsYSQRHOUBnlv1KHAKw']) at 0x78793ac81f40>, 'domain_id': None, 'trust_id': None, 'trustor_id': None, 'trustee_id': None, 'domain_name': None, 'group_ids': [], 'user_id': '857b46eca59d4fe68293351dd578f8ff', 'user_domain_id': 'default', 'system_scope': 'all', 'project_id': None, 'project_domain_id': None, 'roles': ['admin', 'manager', 'member', 'reader'], 'is_admin_project': True, 'service_user_id': None, 'service_user_domain_id': None, 'service_project_id': None, 'service_project_domain_id': None, 'service_roles': []} {{(pid=61925) fill_context /opt/stack/keystone/keystone/server/flask/request_processing/middleware/auth_context.py:509}}
Mar 10 23:09:57 ubuntu devstack@keystone.service[61926]: DEBUG keystone.common.rbac_enforcer.enforcer [None req-ea29f8a6-2db8-415f-9f51-511d4d24489e None admin] RBAC: Authorization granted {{(pid=61926) enforce_call /opt/stack/keystone/keystone/common/rbac_enforcer/enforcer.py:505}}
Mar 10 23:09:57 ubuntu devstack@keystone.service[61925]: DEBUG keystone.server.flask.request_processing.req_logging [None req-40d87529-48ba-4a67-a89e-eb0434889da3 None admin] REQUEST_METHOD: `GET` {{(pid=61925) log_request_info /opt/stack/keystone/keystone/server/flask/request_processing/req_logging.py:26}}
Mar 10 23:09:57 ubuntu devstack@keystone.service[61925]: DEBUG keystone.server.flask.request_processing.req_logging [None req-40d87529-48ba-4a67-a89e-eb0434889da3 None admin] SCRIPT_NAME: `/identity` {{(pid=61925) log_request_info /opt/stack/keystone/keystone/server/flask/request_processing/req_logging.py:27}}
Mar 10 23:09:57 ubuntu devstack@keystone.service[61925]: DEBUG keystone.server.flask.request_processing.req_logging [None req-40d87529-48ba-4a67-a89e-eb0434889da3 None admin] PATH_INFO: `/v3/roles/service` {{(pid=61925) log_request_info /opt/stack/keystone/keystone/server/flask/request_processing/req_logging.py:28}}
Mar 10 23:09:57 ubuntu devstack@keystone.service[61926]: [pid: 61926|app: 0|req: 20/40] 10.120.125.143 () {58 vars in 1245 bytes} [Tue Mar 10 23:09:57 2026] GET /identity/v3/users/857b46eca59d4fe68293351dd578f8ff => generated 248 bytes in 73 msecs (HTTP/1.1 200) 5 headers in 177 bytes (1 switches on core 0)
Mar 10 23:09:57 ubuntu devstack@keystone.service[61925]: DEBUG keystone.common.rbac_enforcer.enforcer [None req-40d87529-48ba-4a67-a89e-eb0434889da3 None admin] Extracting inferred target data resulted in "NOT FOUND (404)". {{(pid=61925) enforce_call /opt/stack/keystone/keystone/common/rbac_enforcer/enforcer.py:445}}
Mar 10 23:09:57 ubuntu devstack@keystone.service[61925]: DEBUG keystone.server.flask.application [None req-40d87529-48ba-4a67-a89e-eb0434889da3 None admin] Could not find role: service. {{(pid=61925) _handle_keystone_exception /opt/stack/keystone/keystone/server/flask/application.py:146}}
Mar 10 23:09:57 ubuntu devstack@keystone.service[61925]: [pid: 61925|app: 0|req: 21/41] 10.120.125.143 () {58 vars in 1170 bytes} [Tue Mar 10 23:09:57 2026] GET /identity/v3/roles/service => generated 85 bytes in 57 msecs (HTTP/1.1 404) 5 headers in 183 bytes (2 switches on core 0)
Mar 10 23:09:57 ubuntu devstack@keystone.service[61926]: DEBUG keystone.server.flask.request_processing.middleware.auth_context [None req-ea29f8a6-2db8-415f-9f51-511d4d24489e None admin] Authenticating user token {{(pid=61926) process_request /opt/stack/data/venv/lib/python3.12/site-packages/keystonemiddleware/auth_token/__init__.py:407}}
Mar 10 23:09:57 ubuntu devstack@keystone.service[61925]: DEBUG keystone.server.flask.request_processing.middleware.auth_context [None req-40d87529-48ba-4a67-a89e-eb0434889da3 None admin] Authenticating user token {{(pid=61925) process_request /opt/stack/data/venv/lib/python3.12/site-packages/keystonemiddleware/auth_token/__init__.py:407}}
Mar 10 23:09:57 ubuntu devstack@keystone.service[61926]: DEBUG keystone.server.flask.request_processing.middleware.auth_context [None req-ea29f8a6-2db8-415f-9f51-511d4d24489e None admin] Validating token access rules against request {{(pid=61926) validate_allowed_request /opt/stack/data/venv/lib/python3.12/site-packages/keystonemiddleware/auth_token/__init__.py:545}}
Mar 10 23:09:57 ubuntu devstack@keystone.service[61926]: DEBUG keystone.server.flask.request_processing.middleware.auth_context [None req-ed98f2a5-6a97-4a5d-a7e8-dadbc64bc881 None admin] RBAC: auth_context: {'token': <TokenModel (audit_id=JMfYiOG1Qw6raY3FQnvyag, audit_chain_id=['JMfYiOG1Qw6raY3FQnvyag']) at 0x78793ab70c20>, 'domain_id': None, 'trust_id': None, 'trustor_id': None, 'trustee_id': None, 'domain_name': None, 'group_ids': [], 'user_id': '857b46eca59d4fe68293351dd578f8ff', 'user_domain_id': 'default', 'system_scope': 'all', 'project_id': None, 'project_domain_id': None, 'roles': ['admin', 'manager', 'member', 'reader'], 'is_admin_project': True, 'service_user_id': None, 'service_user_domain_id': None, 'service_project_id': None, 'service_project_domain_id': None, 'service_roles': []} {{(pid=61926) fill_context /opt/stack/keystone/keystone/server/flask/request_processing/middleware/auth_context.py:509}}
Mar 10 23:09:57 ubuntu devstack@keystone.service[61926]: DEBUG keystone.server.flask.request_processing.req_logging [None req-ed98f2a5-6a97-4a5d-a7e8-dadbc64bc881 None admin] REQUEST_METHOD: `POST` {{(pid=61926) log_request_info /opt/stack/keystone/keystone/server/flask/request_processing/req_logging.py:26}}
Mar 10 23:09:57 ubuntu devstack@keystone.service[61926]: DEBUG keystone.server.flask.request_processing.req_logging [None req-ed98f2a5-6a97-4a5d-a7e8-dadbc64bc881 None admin] SCRIPT_NAME: `/identity` {{(pid=61926) log_request_info /opt/stack/keystone/keystone/server/flask/request_processing/req_logging.py:27}}
Mar 10 23:09:57 ubuntu devstack@keystone.service[61926]: DEBUG keystone.server.flask.request_processing.req_logging [None req-ed98f2a5-6a97-4a5d-a7e8-dadbc64bc881 None admin] PATH_INFO: `/v3/roles` {{(pid=61926) log_request_info /opt/stack/keystone/keystone/server/flask/request_processing/req_logging.py:28}}
Mar 10 23:09:57 ubuntu devstack@keystone.service[61926]: DEBUG keystone.common.rbac_enforcer.enforcer [None req-ed98f2a5-6a97-4a5d-a7e8-dadbc64bc881 None admin] RBAC: Authorizing `identity:create_role()` {{(pid=61926) enforce_call /opt/stack/keystone/keystone/common/rbac_enforcer/enforcer.py:494}}
Mar 10 23:09:57 ubuntu devstack@keystone.service[61926]: DEBUG keystone.common.rbac_enforcer.enforcer [None req-ed98f2a5-6a97-4a5d-a7e8-dadbc64bc881 None admin] RBAC: Authorization granted {{(pid=61926) enforce_call /opt/stack/keystone/keystone/common/rbac_enforcer/enforcer.py:505}}
Mar 10 23:09:57 ubuntu devstack@keystone.service[61925]: DEBUG keystone.server.flask.request_processing.middleware.auth_context [None req-40d87529-48ba-4a67-a89e-eb0434889da3 None admin] Validating token access rules against request {{(pid=61925) validate_allowed_request /opt/stack/data/venv/lib/python3.12/site-packages/keystonemiddleware/auth_token/__init__.py:545}}
Mar 10 23:09:57 ubuntu devstack@keystone.service[61926]: [pid: 61926|app: 0|req: 21/42] 10.120.125.143 () {62 vars in 1199 bytes} [Tue Mar 10 23:09:57 2026] POST /identity/v3/roles => generated 226 bytes in 89 msecs (HTTP/1.1 201) 5 headers in 182 bytes (1 switches on core 0)
Mar 10 23:09:57 ubuntu devstack@keystone.service[61926]: DEBUG keystone.server.flask.request_processing.middleware.auth_context [None req-ed98f2a5-6a97-4a5d-a7e8-dadbc64bc881 None admin] Authenticating user token {{(pid=61926) process_request /opt/stack/data/venv/lib/python3.12/site-packages/keystonemiddleware/auth_token/__init__.py:407}}
Mar 10 23:09:57 ubuntu devstack@keystone.service[61925]: DEBUG keystone.server.flask.request_processing.middleware.auth_context [None req-ad81cff1-ac44-4fa3-8c7f-a231b774df57 None admin] RBAC: auth_context: {'token': <TokenModel (audit_id=xycFsYSQRHOUBnlv1KHAKw, audit_chain_id=['xycFsYSQRHOUBnlv1KHAKw']) at 0x78793a96e6c0>, 'domain_id': None, 'trust_id': None, 'trustor_id': None, 'trustee_id': None, 'domain_name': None, 'group_ids': [], 'user_id': '857b46eca59d4fe68293351dd578f8ff', 'user_domain_id': 'default', 'system_scope': 'all', 'project_id': None, 'project_domain_id': None, 'roles': ['admin', 'manager', 'member', 'reader'], 'is_admin_project': True, 'service_user_id': None, 'service_user_domain_id': None, 'service_project_id': None, 'service_project_domain_id': None, 'service_roles': []} {{(pid=61925) fill_context /opt/stack/keystone/keystone/server/flask/request_processing/middleware/auth_context.py:509}}
Mar 10 23:09:57 ubuntu devstack@keystone.service[61925]: DEBUG keystone.server.flask.request_processing.req_logging [None req-ad81cff1-ac44-4fa3-8c7f-a231b774df57 None admin] REQUEST_METHOD: `GET` {{(pid=61925) log_request_info /opt/stack/keystone/keystone/server/flask/request_processing/req_logging.py:26}}
Mar 10 23:09:57 ubuntu devstack@keystone.service[61925]: DEBUG keystone.server.flask.request_processing.req_logging [None req-ad81cff1-ac44-4fa3-8c7f-a231b774df57 None admin] SCRIPT_NAME: `/identity` {{(pid=61925) log_request_info /opt/stack/keystone/keystone/server/flask/request_processing/req_logging.py:27}}
Mar 10 23:09:57 ubuntu devstack@keystone.service[61925]: DEBUG keystone.server.flask.request_processing.req_logging [None req-ad81cff1-ac44-4fa3-8c7f-a231b774df57 None admin] PATH_INFO: `/v3/roles` {{(pid=61925) log_request_info /opt/stack/keystone/keystone/server/flask/request_processing/req_logging.py:28}}
Mar 10 23:09:57 ubuntu devstack@keystone.service[61925]: DEBUG keystone.common.rbac_enforcer.enforcer [None req-ad81cff1-ac44-4fa3-8c7f-a231b774df57 None admin] RBAC: Adding query filter params (name=service) {{(pid=61925) _extract_filter_values /opt/stack/keystone/keystone/common/rbac_enforcer/enforcer.py:176}}
Mar 10 23:09:57 ubuntu devstack@keystone.service[61925]: DEBUG keystone.common.rbac_enforcer.enforcer [None req-ad81cff1-ac44-4fa3-8c7f-a231b774df57 None admin] RBAC: Authorizing `identity:list_roles()` {{(pid=61925) enforce_call /opt/stack/keystone/keystone/common/rbac_enforcer/enforcer.py:494}}
Mar 10 23:09:57 ubuntu devstack@keystone.service[61925]: DEBUG keystone.common.rbac_enforcer.enforcer [None req-ad81cff1-ac44-4fa3-8c7f-a231b774df57 None admin] RBAC: Authorization granted {{(pid=61925) enforce_call /opt/stack/keystone/keystone/common/rbac_enforcer/enforcer.py:505}}
Mar 10 23:09:57 ubuntu devstack@keystone.service[61925]: [pid: 61925|app: 0|req: 22/43] 10.120.125.143 () {58 vars in 1184 bytes} [Tue Mar 10 23:09:57 2026] GET /identity/v3/roles?name=service => generated 345 bytes in 67 msecs (HTTP/1.1 200) 5 headers in 177 bytes (1 switches on core 0)
Mar 10 23:09:57 ubuntu devstack@keystone.service[61925]: DEBUG keystone.server.flask.request_processing.middleware.auth_context [None req-ad81cff1-ac44-4fa3-8c7f-a231b774df57 None admin] Authenticating user token {{(pid=61925) process_request /opt/stack/data/venv/lib/python3.12/site-packages/keystonemiddleware/auth_token/__init__.py:407}}
Mar 10 23:09:57 ubuntu devstack@keystone.service[61926]: DEBUG keystone.server.flask.request_processing.middleware.auth_context [None req-ed98f2a5-6a97-4a5d-a7e8-dadbc64bc881 None admin] Validating token access rules against request {{(pid=61926) validate_allowed_request /opt/stack/data/venv/lib/python3.12/site-packages/keystonemiddleware/auth_token/__init__.py:545}}
Mar 10 23:09:57 ubuntu devstack@keystone.service[61925]: DEBUG keystone.server.flask.request_processing.middleware.auth_context [None req-ad81cff1-ac44-4fa3-8c7f-a231b774df57 None admin] Validating token access rules against request {{(pid=61925) validate_allowed_request /opt/stack/data/venv/lib/python3.12/site-packages/keystonemiddleware/auth_token/__init__.py:545}}
Mar 10 23:09:57 ubuntu devstack@keystone.service[61926]: DEBUG keystone.server.flask.request_processing.middleware.auth_context [None req-7f96e97e-c649-4a26-89f4-d552d23ccc76 None admin] RBAC: auth_context: {'token': <TokenModel (audit_id=NZ_HcMVhRoCcOA3RxIXa2g, audit_chain_id=['NZ_HcMVhRoCcOA3RxIXa2g']) at 0x78793ac3ffb0>, 'domain_id': None, 'trust_id': None, 'trustor_id': None, 'trustee_id': None, 'domain_name': None, 'group_ids': [], 'user_id': '857b46eca59d4fe68293351dd578f8ff', 'user_domain_id': 'default', 'system_scope': 'all', 'project_id': None, 'project_domain_id': None, 'roles': ['admin', 'manager', 'member', 'reader'], 'is_admin_project': True, 'service_user_id': None, 'service_user_domain_id': None, 'service_project_id': None, 'service_project_domain_id': None, 'service_roles': []} {{(pid=61926) fill_context /opt/stack/keystone/keystone/server/flask/request_processing/middleware/auth_context.py:509}}
Mar 10 23:09:57 ubuntu devstack@keystone.service[61926]: DEBUG keystone.server.flask.request_processing.req_logging [None req-7f96e97e-c649-4a26-89f4-d552d23ccc76 None admin] REQUEST_METHOD: `POST` {{(pid=61926) log_request_info /opt/stack/keystone/keystone/server/flask/request_processing/req_logging.py:26}}
Mar 10 23:09:57 ubuntu devstack@keystone.service[61926]: DEBUG keystone.server.flask.request_processing.req_logging [None req-7f96e97e-c649-4a26-89f4-d552d23ccc76 None admin] SCRIPT_NAME: `/identity` {{(pid=61926) log_request_info /opt/stack/keystone/keystone/server/flask/request_processing/req_logging.py:27}}
Mar 10 23:09:57 ubuntu devstack@keystone.service[61926]: DEBUG keystone.server.flask.request_processing.req_logging [None req-7f96e97e-c649-4a26-89f4-d552d23ccc76 None admin] PATH_INFO: `/v3/roles` {{(pid=61926) log_request_info /opt/stack/keystone/keystone/server/flask/request_processing/req_logging.py:28}}
Mar 10 23:09:57 ubuntu devstack@keystone.service[61926]: DEBUG keystone.common.rbac_enforcer.enforcer [None req-7f96e97e-c649-4a26-89f4-d552d23ccc76 None admin] RBAC: Authorizing `identity:create_role()` {{(pid=61926) enforce_call /opt/stack/keystone/keystone/common/rbac_enforcer/enforcer.py:494}}
Mar 10 23:09:57 ubuntu devstack@keystone.service[61926]: DEBUG keystone.common.rbac_enforcer.enforcer [None req-7f96e97e-c649-4a26-89f4-d552d23ccc76 None admin] RBAC: Authorization granted {{(pid=61926) enforce_call /opt/stack/keystone/keystone/common/rbac_enforcer/enforcer.py:505}}
Mar 10 23:09:57 ubuntu devstack@keystone.service[61925]: DEBUG keystone.server.flask.request_processing.middleware.auth_context [None req-d1262bec-f4d4-41a1-b9ad-e52b574f42bb None admin] RBAC: auth_context: {'token': <TokenModel (audit_id=jMbzQWkLT0KhKOMTK4d1pg, audit_chain_id=['jMbzQWkLT0KhKOMTK4d1pg']) at 0x78793ac573e0>, 'domain_id': None, 'trust_id': None, 'trustor_id': None, 'trustee_id': None, 'domain_name': None, 'group_ids': [], 'user_id': '857b46eca59d4fe68293351dd578f8ff', 'user_domain_id': 'default', 'system_scope': 'all', 'project_id': None, 'project_domain_id': None, 'roles': ['admin', 'manager', 'member', 'reader'], 'is_admin_project': True, 'service_user_id': None, 'service_user_domain_id': None, 'service_project_id': None, 'service_project_domain_id': None, 'service_roles': []} {{(pid=61925) fill_context /opt/stack/keystone/keystone/server/flask/request_processing/middleware/auth_context.py:509}}
Mar 10 23:09:57 ubuntu devstack@keystone.service[61925]: DEBUG keystone.server.flask.request_processing.req_logging [None req-d1262bec-f4d4-41a1-b9ad-e52b574f42bb None admin] REQUEST_METHOD: `GET` {{(pid=61925) log_request_info /opt/stack/keystone/keystone/server/flask/request_processing/req_logging.py:26}}
Mar 10 23:09:57 ubuntu devstack@keystone.service[61925]: DEBUG keystone.server.flask.request_processing.req_logging [None req-d1262bec-f4d4-41a1-b9ad-e52b574f42bb None admin] SCRIPT_NAME: `/identity` {{(pid=61925) log_request_info /opt/stack/keystone/keystone/server/flask/request_processing/req_logging.py:27}}
Mar 10 23:09:57 ubuntu devstack@keystone.service[61925]: DEBUG keystone.server.flask.request_processing.req_logging [None req-d1262bec-f4d4-41a1-b9ad-e52b574f42bb None admin] PATH_INFO: `/v3/domains/default` {{(pid=61925) log_request_info /opt/stack/keystone/keystone/server/flask/request_processing/req_logging.py:28}}
Mar 10 23:09:57 ubuntu devstack@keystone.service[61925]: DEBUG keystone.common.rbac_enforcer.enforcer [None req-d1262bec-f4d4-41a1-b9ad-e52b574f42bb None admin] RBAC: Authorizing `identity:get_domain(domain_id=default)` {{(pid=61925) enforce_call /opt/stack/keystone/keystone/common/rbac_enforcer/enforcer.py:494}}
Mar 10 23:09:57 ubuntu devstack@keystone.service[61925]: DEBUG keystone.common.rbac_enforcer.enforcer [None req-d1262bec-f4d4-41a1-b9ad-e52b574f42bb None admin] RBAC: Authorization granted {{(pid=61925) enforce_call /opt/stack/keystone/keystone/common/rbac_enforcer/enforcer.py:505}}
Mar 10 23:09:57 ubuntu devstack@keystone.service[61925]: [pid: 61925|app: 0|req: 23/44] 10.120.125.143 () {58 vars in 1176 bytes} [Tue Mar 10 23:09:57 2026] GET /identity/v3/domains/default => generated 200 bytes in 50 msecs (HTTP/1.1 200) 5 headers in 177 bytes (1 switches on core 0)
Mar 10 23:09:57 ubuntu devstack@keystone.service[61925]: DEBUG keystone.server.flask.request_processing.middleware.auth_context [None req-d1262bec-f4d4-41a1-b9ad-e52b574f42bb None admin] Authenticating user token {{(pid=61925) process_request /opt/stack/data/venv/lib/python3.12/site-packages/keystonemiddleware/auth_token/__init__.py:407}}
Mar 10 23:09:57 ubuntu devstack@keystone.service[61926]: [pid: 61926|app: 0|req: 22/45] 10.120.125.143 () {62 vars in 1199 bytes} [Tue Mar 10 23:09:57 2026] POST /identity/v3/roles => generated 224 bytes in 71 msecs (HTTP/1.1 201) 5 headers in 182 bytes (1 switches on core 0)
Mar 10 23:09:57 ubuntu devstack@keystone.service[61925]: DEBUG keystone.server.flask.request_processing.middleware.auth_context [None req-d1262bec-f4d4-41a1-b9ad-e52b574f42bb None admin] Validating token access rules against request {{(pid=61925) validate_allowed_request /opt/stack/data/venv/lib/python3.12/site-packages/keystonemiddleware/auth_token/__init__.py:545}}
Mar 10 23:09:57 ubuntu devstack@keystone.service[61925]: DEBUG keystone.server.flask.request_processing.middleware.auth_context [None req-21c25572-7e47-417b-9362-37c6ee05dc12 None admin] RBAC: auth_context: {'token': <TokenModel (audit_id=s0i-JOHbTLqET_ZYXtLS6Q, audit_chain_id=['s0i-JOHbTLqET_ZYXtLS6Q']) at 0x78793a9488c0>, 'domain_id': None, 'trust_id': None, 'trustor_id': None, 'trustee_id': None, 'domain_name': None, 'group_ids': [], 'user_id': '857b46eca59d4fe68293351dd578f8ff', 'user_domain_id': 'default', 'system_scope': 'all', 'project_id': None, 'project_domain_id': None, 'roles': ['admin', 'manager', 'member', 'reader'], 'is_admin_project': True, 'service_user_id': None, 'service_user_domain_id': None, 'service_project_id': None, 'service_project_domain_id': None, 'service_roles': []} {{(pid=61925) fill_context /opt/stack/keystone/keystone/server/flask/request_processing/middleware/auth_context.py:509}}
Mar 10 23:09:57 ubuntu devstack@keystone.service[61925]: DEBUG keystone.server.flask.request_processing.req_logging [None req-21c25572-7e47-417b-9362-37c6ee05dc12 None admin] REQUEST_METHOD: `POST` {{(pid=61925) log_request_info /opt/stack/keystone/keystone/server/flask/request_processing/req_logging.py:26}}
Mar 10 23:09:57 ubuntu devstack@keystone.service[61925]: DEBUG keystone.server.flask.request_processing.req_logging [None req-21c25572-7e47-417b-9362-37c6ee05dc12 None admin] SCRIPT_NAME: `/identity` {{(pid=61925) log_request_info /opt/stack/keystone/keystone/server/flask/request_processing/req_logging.py:27}}
Mar 10 23:09:57 ubuntu devstack@keystone.service[61925]: DEBUG keystone.server.flask.request_processing.req_logging [None req-21c25572-7e47-417b-9362-37c6ee05dc12 None admin] PATH_INFO: `/v3/projects` {{(pid=61925) log_request_info /opt/stack/keystone/keystone/server/flask/request_processing/req_logging.py:28}}
Mar 10 23:09:57 ubuntu devstack@keystone.service[61925]: DEBUG keystone.common.rbac_enforcer.enforcer [None req-21c25572-7e47-417b-9362-37c6ee05dc12 None admin] RBAC: Authorizing `identity:create_project()` {{(pid=61925) enforce_call /opt/stack/keystone/keystone/common/rbac_enforcer/enforcer.py:494}}
Mar 10 23:09:57 ubuntu devstack@keystone.service[61925]: DEBUG keystone.common.rbac_enforcer.enforcer [None req-21c25572-7e47-417b-9362-37c6ee05dc12 None admin] RBAC: Authorization granted {{(pid=61925) enforce_call /opt/stack/keystone/keystone/common/rbac_enforcer/enforcer.py:505}}
Mar 10 23:09:57 ubuntu devstack@keystone.service[61926]: DEBUG keystone.server.flask.request_processing.middleware.auth_context [None req-7f96e97e-c649-4a26-89f4-d552d23ccc76 None admin] Authenticating user token {{(pid=61926) process_request /opt/stack/data/venv/lib/python3.12/site-packages/keystonemiddleware/auth_token/__init__.py:407}}
Mar 10 23:09:57 ubuntu devstack@keystone.service[61925]: [pid: 61925|app: 0|req: 24/46] 10.120.125.143 () {62 vars in 1208 bytes} [Tue Mar 10 23:09:57 2026] POST /identity/v3/projects => generated 302 bytes in 126 msecs (HTTP/1.1 201) 5 headers in 182 bytes (1 switches on core 0)
Mar 10 23:09:57 ubuntu devstack@keystone.service[61925]: DEBUG keystone.server.flask.request_processing.middleware.auth_context [None req-21c25572-7e47-417b-9362-37c6ee05dc12 None admin] Authenticating user token {{(pid=61925) process_request /opt/stack/data/venv/lib/python3.12/site-packages/keystonemiddleware/auth_token/__init__.py:407}}
Mar 10 23:09:57 ubuntu devstack@keystone.service[61926]: DEBUG keystone.server.flask.request_processing.middleware.auth_context [None req-7f96e97e-c649-4a26-89f4-d552d23ccc76 None admin] Validating token access rules against request {{(pid=61926) validate_allowed_request /opt/stack/data/venv/lib/python3.12/site-packages/keystonemiddleware/auth_token/__init__.py:545}}
Mar 10 23:09:57 ubuntu devstack@keystone.service[61925]: DEBUG keystone.server.flask.request_processing.middleware.auth_context [None req-21c25572-7e47-417b-9362-37c6ee05dc12 None admin] Validating token access rules against request {{(pid=61925) validate_allowed_request /opt/stack/data/venv/lib/python3.12/site-packages/keystonemiddleware/auth_token/__init__.py:545}}
Mar 10 23:09:57 ubuntu devstack@keystone.service[61925]: DEBUG keystone.server.flask.request_processing.middleware.auth_context [None req-71812008-6ec6-4158-afd2-33d0b456ead4 None admin] RBAC: auth_context: {'token': <TokenModel (audit_id=jMbzQWkLT0KhKOMTK4d1pg, audit_chain_id=['jMbzQWkLT0KhKOMTK4d1pg']) at 0x78793a74b710>, 'domain_id': None, 'trust_id': None, 'trustor_id': None, 'trustee_id': None, 'domain_name': None, 'group_ids': [], 'user_id': '857b46eca59d4fe68293351dd578f8ff', 'user_domain_id': 'default', 'system_scope': 'all', 'project_id': None, 'project_domain_id': None, 'roles': ['admin', 'manager', 'member', 'reader'], 'is_admin_project': True, 'service_user_id': None, 'service_user_domain_id': None, 'service_project_id': None, 'service_project_domain_id': None, 'service_roles': []} {{(pid=61925) fill_context /opt/stack/keystone/keystone/server/flask/request_processing/middleware/auth_context.py:509}}
Mar 10 23:09:57 ubuntu devstack@keystone.service[61925]: DEBUG keystone.server.flask.request_processing.req_logging [None req-71812008-6ec6-4158-afd2-33d0b456ead4 None admin] REQUEST_METHOD: `GET` {{(pid=61925) log_request_info /opt/stack/keystone/keystone/server/flask/request_processing/req_logging.py:26}}
Mar 10 23:09:57 ubuntu devstack@keystone.service[61925]: DEBUG keystone.server.flask.request_processing.req_logging [None req-71812008-6ec6-4158-afd2-33d0b456ead4 None admin] SCRIPT_NAME: `/identity` {{(pid=61925) log_request_info /opt/stack/keystone/keystone/server/flask/request_processing/req_logging.py:27}}
Mar 10 23:09:57 ubuntu devstack@keystone.service[61925]: DEBUG keystone.server.flask.request_processing.req_logging [None req-71812008-6ec6-4158-afd2-33d0b456ead4 None admin] PATH_INFO: `/v3/role_assignments` {{(pid=61925) log_request_info /opt/stack/keystone/keystone/server/flask/request_processing/req_logging.py:28}}
Mar 10 23:09:57 ubuntu devstack@keystone.service[61925]: DEBUG keystone.common.rbac_enforcer.enforcer [None req-71812008-6ec6-4158-afd2-33d0b456ead4 None admin] RBAC: Adding query filter params (role.id=1c778ff3a5d249e894400c094069c2aa, scope.domain.id=default, user.id=857b46eca59d4fe68293351dd578f8ff) {{(pid=61925) _extract_filter_values /opt/stack/keystone/keystone/common/rbac_enforcer/enforcer.py:176}}
Mar 10 23:09:57 ubuntu devstack@keystone.service[61925]: DEBUG keystone.common.rbac_enforcer.enforcer [None req-71812008-6ec6-4158-afd2-33d0b456ead4 None admin] RBAC: Authorizing `identity:list_role_assignments()` {{(pid=61925) enforce_call /opt/stack/keystone/keystone/common/rbac_enforcer/enforcer.py:494}}
Mar 10 23:09:57 ubuntu devstack@keystone.service[61925]: DEBUG keystone.common.rbac_enforcer.enforcer [None req-71812008-6ec6-4158-afd2-33d0b456ead4 None admin] RBAC: Authorization granted {{(pid=61925) enforce_call /opt/stack/keystone/keystone/common/rbac_enforcer/enforcer.py:505}}
Mar 10 23:09:57 ubuntu devstack@keystone.service[61926]: DEBUG keystone.server.flask.request_processing.middleware.auth_context [None req-b59d60cd-167a-4fb6-a318-522075d51eec None admin] RBAC: auth_context: {'token': <TokenModel (audit_id=XEP37HPZRLWuSo-TRFOWnw, audit_chain_id=['XEP37HPZRLWuSo-TRFOWnw']) at 0x78793ab4d880>, 'domain_id': None, 'trust_id': None, 'trustor_id': None, 'trustee_id': None, 'domain_name': None, 'group_ids': [], 'user_id': '857b46eca59d4fe68293351dd578f8ff', 'user_domain_id': 'default', 'system_scope': 'all', 'project_id': None, 'project_domain_id': None, 'roles': ['admin', 'manager', 'member', 'reader'], 'is_admin_project': True, 'service_user_id': None, 'service_user_domain_id': None, 'service_project_id': None, 'service_project_domain_id': None, 'service_roles': []} {{(pid=61926) fill_context /opt/stack/keystone/keystone/server/flask/request_processing/middleware/auth_context.py:509}}
