Mar 16 13:27:05 ubuntu devstack@keystone.service[63231]: DEBUG keystone.server.flask.request_processing.middleware.auth_context [None req-82982dff-704a-4887-9799-376061fda16e None admin] Authenticating user token {{(pid=63231) process_request /opt/stack/data/venv/lib/python3.12/site-packages/keystonemiddleware/auth_token/__init__.py:407}}
Mar 16 13:27:05 ubuntu devstack@keystone.service[63231]: DEBUG keystone.server.flask.request_processing.middleware.auth_context [None req-82982dff-704a-4887-9799-376061fda16e None admin] Validating token access rules against request {{(pid=63231) validate_allowed_request /opt/stack/data/venv/lib/python3.12/site-packages/keystonemiddleware/auth_token/__init__.py:545}}
Mar 16 13:27:05 ubuntu devstack@keystone.service[63231]: DEBUG keystone.server.flask.request_processing.middleware.auth_context [None req-c6abb510-6c26-4f15-9eec-1586a2ae1c65 None admin] RBAC: auth_context: {'token': <TokenModel (audit_id=OCaLwQk5TH65L22OXbbLCw, audit_chain_id=['OCaLwQk5TH65L22OXbbLCw']) at 0x7d3f28d1ea80>, 'domain_id': None, 'trust_id': None, 'trustor_id': None, 'trustee_id': None, 'domain_name': None, 'group_ids': [], 'user_id': '85c94c71fc14471cb9156273fe650ec4', 'user_domain_id': 'default', 'system_scope': 'all', 'project_id': None, 'project_domain_id': None, 'roles': ['admin', 'manager', 'member', 'reader'], 'is_admin_project': True, 'service_user_id': None, 'service_user_domain_id': None, 'service_project_id': None, 'service_project_domain_id': None, 'service_roles': []} {{(pid=63231) fill_context /opt/stack/keystone/keystone/server/flask/request_processing/middleware/auth_context.py:509}}
Mar 16 13:27:05 ubuntu devstack@keystone.service[63231]: DEBUG keystone.server.flask.request_processing.req_logging [None req-c6abb510-6c26-4f15-9eec-1586a2ae1c65 None admin] REQUEST_METHOD: `PUT` {{(pid=63231) log_request_info /opt/stack/keystone/keystone/server/flask/request_processing/req_logging.py:26}}
Mar 16 13:27:05 ubuntu devstack@keystone.service[63231]: DEBUG keystone.server.flask.request_processing.req_logging [None req-c6abb510-6c26-4f15-9eec-1586a2ae1c65 None admin] SCRIPT_NAME: `/identity` {{(pid=63231) log_request_info /opt/stack/keystone/keystone/server/flask/request_processing/req_logging.py:27}}
Mar 16 13:27:05 ubuntu devstack@keystone.service[63231]: DEBUG keystone.server.flask.request_processing.req_logging [None req-c6abb510-6c26-4f15-9eec-1586a2ae1c65 None admin] PATH_INFO: `/v3/domains/default/users/85c94c71fc14471cb9156273fe650ec4/roles/4c38e62176fb46ae87ab6c314e734e1f` {{(pid=63231) log_request_info /opt/stack/keystone/keystone/server/flask/request_processing/req_logging.py:28}}
Mar 16 13:27:05 ubuntu devstack@keystone.service[63231]: DEBUG keystone.common.rbac_enforcer.enforcer [None req-c6abb510-6c26-4f15-9eec-1586a2ae1c65 None admin] RBAC: Authorizing `identity:create_grant(domain_id=default, user_id=85c94c71fc14471cb9156273fe650ec4, role_id=4c38e62176fb46ae87ab6c314e734e1f)` {{(pid=63231) enforce_call /opt/stack/keystone/keystone/common/rbac_enforcer/enforcer.py:494}}
Mar 16 13:27:05 ubuntu devstack@keystone.service[63231]: DEBUG keystone.common.rbac_enforcer.enforcer [None req-c6abb510-6c26-4f15-9eec-1586a2ae1c65 None admin] RBAC: Authorization granted {{(pid=63231) enforce_call /opt/stack/keystone/keystone/common/rbac_enforcer/enforcer.py:505}}
Mar 16 13:27:05 ubuntu devstack@keystone.service[63231]: [pid: 63231|app: 0|req: 12/22] 10.120.125.137 () {60 vars in 1429 bytes} [Mon Mar 16 13:27:05 2026] PUT /identity/v3/domains/default/users/85c94c71fc14471cb9156273fe650ec4/roles/4c38e62176fb46ae87ab6c314e734e1f => generated 0 bytes in 153 msecs (HTTP/1.1 204) 3 headers in 132 bytes (0 switches on core 0)
Mar 16 13:27:06 ubuntu devstack@keystone.service[63230]: DEBUG keystone.server.flask.request_processing.req_logging [None req-e7a52fca-ac39-44e7-abd2-8462ee0c82b6 None None] REQUEST_METHOD: `GET` {{(pid=63230) log_request_info /opt/stack/keystone/keystone/server/flask/request_processing/req_logging.py:26}}
Mar 16 13:27:06 ubuntu devstack@keystone.service[63230]: DEBUG keystone.server.flask.request_processing.req_logging [None req-e7a52fca-ac39-44e7-abd2-8462ee0c82b6 None None] SCRIPT_NAME: `/identity` {{(pid=63230) log_request_info /opt/stack/keystone/keystone/server/flask/request_processing/req_logging.py:27}}
Mar 16 13:27:06 ubuntu devstack@keystone.service[63230]: DEBUG keystone.server.flask.request_processing.req_logging [None req-e7a52fca-ac39-44e7-abd2-8462ee0c82b6 None None] PATH_INFO: `/` {{(pid=63230) log_request_info /opt/stack/keystone/keystone/server/flask/request_processing/req_logging.py:28}}
Mar 16 13:27:06 ubuntu devstack@keystone.service[63230]: [pid: 63230|app: 0|req: 11/23] 10.120.125.137 () {56 vars in 951 bytes} [Mon Mar 16 13:27:06 2026] GET /identity => generated 271 bytes in 1 msecs (HTTP/1.1 300) 6 headers in 235 bytes (1 switches on core 0)
Mar 16 13:27:06 ubuntu devstack@keystone.service[63231]: DEBUG keystone.server.flask.request_processing.req_logging [None req-88eb65cf-61c4-4de6-a57b-32f4fe425de0 None None] REQUEST_METHOD: `POST` {{(pid=63231) log_request_info /opt/stack/keystone/keystone/server/flask/request_processing/req_logging.py:26}}
Mar 16 13:27:06 ubuntu devstack@keystone.service[63231]: DEBUG keystone.server.flask.request_processing.req_logging [None req-88eb65cf-61c4-4de6-a57b-32f4fe425de0 None None] SCRIPT_NAME: `/identity` {{(pid=63231) log_request_info /opt/stack/keystone/keystone/server/flask/request_processing/req_logging.py:27}}
Mar 16 13:27:06 ubuntu devstack@keystone.service[63231]: DEBUG keystone.server.flask.request_processing.req_logging [None req-88eb65cf-61c4-4de6-a57b-32f4fe425de0 None None] PATH_INFO: `/v3/auth/tokens` {{(pid=63231) log_request_info /opt/stack/keystone/keystone/server/flask/request_processing/req_logging.py:28}}
Mar 16 13:27:06 ubuntu devstack@keystone.service[63231]: WARNING keystone.common.password_hashing [None req-88eb65cf-61c4-4de6-a57b-32f4fe425de0 None None] Truncating password to algorithm specific maximum length 72 characters.
Mar 16 13:27:06 ubuntu devstack@keystone.service[63230]: DEBUG keystone.server.flask.request_processing.req_logging [None req-f2c339cc-0d26-4029-a6a7-5ee1194caab9 None None] REQUEST_METHOD: `GET` {{(pid=63230) log_request_info /opt/stack/keystone/keystone/server/flask/request_processing/req_logging.py:26}}
Mar 16 13:27:06 ubuntu devstack@keystone.service[63230]: DEBUG keystone.server.flask.request_processing.req_logging [None req-f2c339cc-0d26-4029-a6a7-5ee1194caab9 None None] SCRIPT_NAME: `/identity` {{(pid=63230) log_request_info /opt/stack/keystone/keystone/server/flask/request_processing/req_logging.py:27}}
Mar 16 13:27:06 ubuntu devstack@keystone.service[63230]: DEBUG keystone.server.flask.request_processing.req_logging [None req-f2c339cc-0d26-4029-a6a7-5ee1194caab9 None None] PATH_INFO: `/` {{(pid=63230) log_request_info /opt/stack/keystone/keystone/server/flask/request_processing/req_logging.py:28}}
Mar 16 13:27:06 ubuntu devstack@keystone.service[63230]: [pid: 63230|app: 0|req: 12/24] 10.120.125.137 () {56 vars in 950 bytes} [Mon Mar 16 13:27:06 2026] GET /identity => generated 271 bytes in 1 msecs (HTTP/1.1 300) 6 headers in 235 bytes (1 switches on core 0)
Mar 16 13:27:06 ubuntu devstack@keystone.service[63231]: DEBUG keystone.auth.core [None req-88eb65cf-61c4-4de6-a57b-32f4fe425de0 None None] MFA Rules not processed for user `85c94c71fc14471cb9156273fe650ec4`. Rule list: `[]` (Enabled: `True`). {{(pid=63231) check_auth_methods_against_rules /opt/stack/keystone/keystone/auth/core.py:476}}
Mar 16 13:27:06 ubuntu devstack@keystone.service[63231]: DEBUG keystone.common.fernet_utils [None req-88eb65cf-61c4-4de6-a57b-32f4fe425de0 None None] Loaded 2 Fernet keys from /etc/keystone/fernet-keys/, but `[fernet_tokens] max_active_keys = 3`; perhaps there have not been enough key rotations to reach `max_active_keys` yet? {{(pid=63231) load_keys /opt/stack/keystone/keystone/common/fernet_utils.py:297}}
Mar 16 13:27:06 ubuntu devstack@keystone.service[63231]: [pid: 63231|app: 0|req: 13/25] 10.120.125.137 () {60 vars in 1047 bytes} [Mon Mar 16 13:27:06 2026] POST /identity/v3/auth/tokens => generated 863 bytes in 62 msecs (HTTP/1.1 201) 6 headers in 363 bytes (1 switches on core 0)
Mar 16 13:27:06 ubuntu devstack@keystone.service[63230]: DEBUG keystone.server.flask.request_processing.req_logging [None req-6607ef34-f68e-4aff-8281-dc82836f7ccf None None] REQUEST_METHOD: `GET` {{(pid=63230) log_request_info /opt/stack/keystone/keystone/server/flask/request_processing/req_logging.py:26}}
Mar 16 13:27:06 ubuntu devstack@keystone.service[63230]: DEBUG keystone.server.flask.request_processing.req_logging [None req-6607ef34-f68e-4aff-8281-dc82836f7ccf None None] SCRIPT_NAME: `/identity` {{(pid=63230) log_request_info /opt/stack/keystone/keystone/server/flask/request_processing/req_logging.py:27}}
Mar 16 13:27:06 ubuntu devstack@keystone.service[63230]: DEBUG keystone.server.flask.request_processing.req_logging [None req-6607ef34-f68e-4aff-8281-dc82836f7ccf None None] PATH_INFO: `/` {{(pid=63230) log_request_info /opt/stack/keystone/keystone/server/flask/request_processing/req_logging.py:28}}
Mar 16 13:27:06 ubuntu devstack@keystone.service[63230]: [pid: 63230|app: 0|req: 13/26] 10.120.125.137 () {56 vars in 951 bytes} [Mon Mar 16 13:27:06 2026] GET /identity => generated 271 bytes in 1 msecs (HTTP/1.1 300) 6 headers in 235 bytes (1 switches on core 0)
Mar 16 13:27:07 ubuntu devstack@keystone.service[63231]: DEBUG keystone.server.flask.request_processing.req_logging [None req-052f48db-5184-4424-98f4-cf279f5448b2 None None] REQUEST_METHOD: `POST` {{(pid=63231) log_request_info /opt/stack/keystone/keystone/server/flask/request_processing/req_logging.py:26}}
Mar 16 13:27:07 ubuntu devstack@keystone.service[63231]: DEBUG keystone.server.flask.request_processing.req_logging [None req-052f48db-5184-4424-98f4-cf279f5448b2 None None] SCRIPT_NAME: `/identity` {{(pid=63231) log_request_info /opt/stack/keystone/keystone/server/flask/request_processing/req_logging.py:27}}
Mar 16 13:27:07 ubuntu devstack@keystone.service[63231]: DEBUG keystone.server.flask.request_processing.req_logging [None req-052f48db-5184-4424-98f4-cf279f5448b2 None None] PATH_INFO: `/v3/auth/tokens` {{(pid=63231) log_request_info /opt/stack/keystone/keystone/server/flask/request_processing/req_logging.py:28}}
Mar 16 13:27:07 ubuntu devstack@keystone.service[63231]: WARNING keystone.common.password_hashing [None req-052f48db-5184-4424-98f4-cf279f5448b2 None None] Truncating password to algorithm specific maximum length 72 characters.
Mar 16 13:27:07 ubuntu devstack@keystone.service[63230]: DEBUG keystone.server.flask.request_processing.req_logging [None req-5d9adc4e-122c-400f-ba4f-0d0c72a8f002 None None] REQUEST_METHOD: `GET` {{(pid=63230) log_request_info /opt/stack/keystone/keystone/server/flask/request_processing/req_logging.py:26}}
Mar 16 13:27:07 ubuntu devstack@keystone.service[63230]: DEBUG keystone.server.flask.request_processing.req_logging [None req-5d9adc4e-122c-400f-ba4f-0d0c72a8f002 None None] SCRIPT_NAME: `/identity` {{(pid=63230) log_request_info /opt/stack/keystone/keystone/server/flask/request_processing/req_logging.py:27}}
Mar 16 13:27:07 ubuntu devstack@keystone.service[63230]: DEBUG keystone.server.flask.request_processing.req_logging [None req-5d9adc4e-122c-400f-ba4f-0d0c72a8f002 None None] PATH_INFO: `/` {{(pid=63230) log_request_info /opt/stack/keystone/keystone/server/flask/request_processing/req_logging.py:28}}
Mar 16 13:27:07 ubuntu devstack@keystone.service[63230]: [pid: 63230|app: 0|req: 14/27] 10.120.125.137 () {56 vars in 951 bytes} [Mon Mar 16 13:27:07 2026] GET /identity => generated 271 bytes in 1 msecs (HTTP/1.1 300) 6 headers in 235 bytes (1 switches on core 0)
Mar 16 13:27:07 ubuntu devstack@keystone.service[63231]: DEBUG keystone.auth.core [None req-052f48db-5184-4424-98f4-cf279f5448b2 None None] MFA Rules not processed for user `85c94c71fc14471cb9156273fe650ec4`. Rule list: `[]` (Enabled: `True`). {{(pid=63231) check_auth_methods_against_rules /opt/stack/keystone/keystone/auth/core.py:476}}
Mar 16 13:27:07 ubuntu devstack@keystone.service[63231]: DEBUG keystone.common.fernet_utils [None req-052f48db-5184-4424-98f4-cf279f5448b2 None None] Loaded 2 Fernet keys from /etc/keystone/fernet-keys/, but `[fernet_tokens] max_active_keys = 3`; perhaps there have not been enough key rotations to reach `max_active_keys` yet? {{(pid=63231) load_keys /opt/stack/keystone/keystone/common/fernet_utils.py:297}}
Mar 16 13:27:07 ubuntu devstack@keystone.service[63231]: [pid: 63231|app: 0|req: 14/28] 10.120.125.137 () {60 vars in 1048 bytes} [Mon Mar 16 13:27:07 2026] POST /identity/v3/auth/tokens => generated 863 bytes in 63 msecs (HTTP/1.1 201) 6 headers in 363 bytes (1 switches on core 0)
Mar 16 13:27:07 ubuntu devstack@keystone.service[63230]: DEBUG keystone.server.flask.request_processing.req_logging [None req-53bd674e-08e1-4328-bd61-b6a73277333b None None] REQUEST_METHOD: `POST` {{(pid=63230) log_request_info /opt/stack/keystone/keystone/server/flask/request_processing/req_logging.py:26}}
Mar 16 13:27:07 ubuntu devstack@keystone.service[63230]: DEBUG keystone.server.flask.request_processing.req_logging [None req-53bd674e-08e1-4328-bd61-b6a73277333b None None] SCRIPT_NAME: `/identity` {{(pid=63230) log_request_info /opt/stack/keystone/keystone/server/flask/request_processing/req_logging.py:27}}
Mar 16 13:27:07 ubuntu devstack@keystone.service[63230]: DEBUG keystone.server.flask.request_processing.req_logging [None req-53bd674e-08e1-4328-bd61-b6a73277333b None None] PATH_INFO: `/v3/auth/tokens` {{(pid=63230) log_request_info /opt/stack/keystone/keystone/server/flask/request_processing/req_logging.py:28}}
Mar 16 13:27:07 ubuntu devstack@keystone.service[63230]: WARNING keystone.common.password_hashing [None req-53bd674e-08e1-4328-bd61-b6a73277333b None None] Truncating password to algorithm specific maximum length 72 characters.
Mar 16 13:27:07 ubuntu devstack@keystone.service[63230]: DEBUG keystone.auth.core [None req-53bd674e-08e1-4328-bd61-b6a73277333b None None] MFA Rules not processed for user `85c94c71fc14471cb9156273fe650ec4`. Rule list: `[]` (Enabled: `True`). {{(pid=63230) check_auth_methods_against_rules /opt/stack/keystone/keystone/auth/core.py:476}}
Mar 16 13:27:07 ubuntu devstack@keystone.service[63230]: DEBUG keystone.common.fernet_utils [None req-53bd674e-08e1-4328-bd61-b6a73277333b None None] Loaded 2 Fernet keys from /etc/keystone/fernet-keys/, but `[fernet_tokens] max_active_keys = 3`; perhaps there have not been enough key rotations to reach `max_active_keys` yet? {{(pid=63230) load_keys /opt/stack/keystone/keystone/common/fernet_utils.py:297}}
Mar 16 13:27:07 ubuntu devstack@keystone.service[63230]: [pid: 63230|app: 0|req: 15/29] 10.120.125.137 () {60 vars in 1048 bytes} [Mon Mar 16 13:27:07 2026] POST /identity/v3/auth/tokens => generated 863 bytes in 61 msecs (HTTP/1.1 201) 6 headers in 363 bytes (1 switches on core 0)
Mar 16 13:27:07 ubuntu devstack@keystone.service[63231]: DEBUG keystone.server.flask.request_processing.req_logging [None req-7730cbf0-b1ef-4461-88b2-b4e61cae65d4 None None] REQUEST_METHOD: `POST` {{(pid=63231) log_request_info /opt/stack/keystone/keystone/server/flask/request_processing/req_logging.py:26}}
Mar 16 13:27:07 ubuntu devstack@keystone.service[63231]: DEBUG keystone.server.flask.request_processing.req_logging [None req-7730cbf0-b1ef-4461-88b2-b4e61cae65d4 None None] SCRIPT_NAME: `/identity` {{(pid=63231) log_request_info /opt/stack/keystone/keystone/server/flask/request_processing/req_logging.py:27}}
Mar 16 13:27:07 ubuntu devstack@keystone.service[63231]: DEBUG keystone.server.flask.request_processing.req_logging [None req-7730cbf0-b1ef-4461-88b2-b4e61cae65d4 None None] PATH_INFO: `/v3/auth/tokens` {{(pid=63231) log_request_info /opt/stack/keystone/keystone/server/flask/request_processing/req_logging.py:28}}
Mar 16 13:27:07 ubuntu devstack@keystone.service[63231]: WARNING keystone.common.password_hashing [None req-7730cbf0-b1ef-4461-88b2-b4e61cae65d4 None None] Truncating password to algorithm specific maximum length 72 characters.
Mar 16 13:27:07 ubuntu devstack@keystone.service[63231]: DEBUG keystone.auth.core [None req-7730cbf0-b1ef-4461-88b2-b4e61cae65d4 None None] MFA Rules not processed for user `85c94c71fc14471cb9156273fe650ec4`. Rule list: `[]` (Enabled: `True`). {{(pid=63231) check_auth_methods_against_rules /opt/stack/keystone/keystone/auth/core.py:476}}
Mar 16 13:27:07 ubuntu devstack@keystone.service[63231]: DEBUG keystone.common.fernet_utils [None req-7730cbf0-b1ef-4461-88b2-b4e61cae65d4 None None] Loaded 2 Fernet keys from /etc/keystone/fernet-keys/, but `[fernet_tokens] max_active_keys = 3`; perhaps there have not been enough key rotations to reach `max_active_keys` yet? {{(pid=63231) load_keys /opt/stack/keystone/keystone/common/fernet_utils.py:297}}
Mar 16 13:27:07 ubuntu devstack@keystone.service[63230]: DEBUG keystone.server.flask.request_processing.middleware.auth_context [None req-53bd674e-08e1-4328-bd61-b6a73277333b None None] Authenticating user token {{(pid=63230) process_request /opt/stack/data/venv/lib/python3.12/site-packages/keystonemiddleware/auth_token/__init__.py:407}}
Mar 16 13:27:07 ubuntu devstack@keystone.service[63231]: [pid: 63231|app: 0|req: 15/30] 10.120.125.137 () {60 vars in 1048 bytes} [Mon Mar 16 13:27:07 2026] POST /identity/v3/auth/tokens => generated 863 bytes in 80 msecs (HTTP/1.1 201) 6 headers in 363 bytes (1 switches on core 0)
Mar 16 13:27:07 ubuntu devstack@keystone.service[63230]: DEBUG keystone.server.flask.request_processing.middleware.auth_context [None req-53bd674e-08e1-4328-bd61-b6a73277333b None None] Validating token access rules against request {{(pid=63230) validate_allowed_request /opt/stack/data/venv/lib/python3.12/site-packages/keystonemiddleware/auth_token/__init__.py:545}}
Mar 16 13:27:07 ubuntu devstack@keystone.service[63230]: DEBUG keystone.server.flask.request_processing.middleware.auth_context [None req-d1fca2d6-3b1e-4857-996a-ae6af3a7f68e None admin] RBAC: auth_context: {'token': <TokenModel (audit_id=AhfMmf76QFSMBx-i2tZczg, audit_chain_id=['AhfMmf76QFSMBx-i2tZczg']) at 0x7d3f27c07b90>, 'domain_id': None, 'trust_id': None, 'trustor_id': None, 'trustee_id': None, 'domain_name': None, 'group_ids': [], 'user_id': '85c94c71fc14471cb9156273fe650ec4', 'user_domain_id': 'default', 'system_scope': 'all', 'project_id': None, 'project_domain_id': None, 'roles': ['admin', 'manager', 'member', 'reader'], 'is_admin_project': True, 'service_user_id': None, 'service_user_domain_id': None, 'service_project_id': None, 'service_project_domain_id': None, 'service_roles': []} {{(pid=63230) fill_context /opt/stack/keystone/keystone/server/flask/request_processing/middleware/auth_context.py:509}}
Mar 16 13:27:07 ubuntu devstack@keystone.service[63230]: DEBUG keystone.server.flask.request_processing.req_logging [None req-d1fca2d6-3b1e-4857-996a-ae6af3a7f68e None admin] REQUEST_METHOD: `GET` {{(pid=63230) log_request_info /opt/stack/keystone/keystone/server/flask/request_processing/req_logging.py:26}}
Mar 16 13:27:07 ubuntu devstack@keystone.service[63230]: DEBUG keystone.server.flask.request_processing.req_logging [None req-d1fca2d6-3b1e-4857-996a-ae6af3a7f68e None admin] SCRIPT_NAME: `/identity` {{(pid=63230) log_request_info /opt/stack/keystone/keystone/server/flask/request_processing/req_logging.py:27}}
Mar 16 13:27:07 ubuntu devstack@keystone.service[63230]: DEBUG keystone.server.flask.request_processing.req_logging [None req-d1fca2d6-3b1e-4857-996a-ae6af3a7f68e None admin] PATH_INFO: `/v3/domains/Default` {{(pid=63230) log_request_info /opt/stack/keystone/keystone/server/flask/request_processing/req_logging.py:28}}
Mar 16 13:27:07 ubuntu devstack@keystone.service[63230]: DEBUG keystone.common.rbac_enforcer.enforcer [None req-d1fca2d6-3b1e-4857-996a-ae6af3a7f68e None admin] RBAC: Authorizing `identity:get_domain(domain_id=Default)` {{(pid=63230) enforce_call /opt/stack/keystone/keystone/common/rbac_enforcer/enforcer.py:494}}
Mar 16 13:27:07 ubuntu devstack@keystone.service[63230]: DEBUG keystone.common.rbac_enforcer.enforcer [None req-d1fca2d6-3b1e-4857-996a-ae6af3a7f68e None admin] RBAC: Authorization granted {{(pid=63230) enforce_call /opt/stack/keystone/keystone/common/rbac_enforcer/enforcer.py:505}}
Mar 16 13:27:07 ubuntu devstack@keystone.service[63230]: DEBUG keystone.server.flask.application [None req-d1fca2d6-3b1e-4857-996a-ae6af3a7f68e None admin] Could not find domain: Default. {{(pid=63230) _handle_keystone_exception /opt/stack/keystone/keystone/server/flask/application.py:146}}
Mar 16 13:27:07 ubuntu devstack@keystone.service[63230]: [pid: 63230|app: 0|req: 16/31] 10.120.125.137 () {58 vars in 1176 bytes} [Mon Mar 16 13:27:07 2026] GET /identity/v3/domains/Default => generated 87 bytes in 80 msecs (HTTP/1.1 404) 5 headers in 183 bytes (1 switches on core 0)
Mar 16 13:27:07 ubuntu devstack@keystone.service[63231]: DEBUG keystone.server.flask.request_processing.middleware.auth_context [None req-7730cbf0-b1ef-4461-88b2-b4e61cae65d4 None None] Authenticating user token {{(pid=63231) process_request /opt/stack/data/venv/lib/python3.12/site-packages/keystonemiddleware/auth_token/__init__.py:407}}
Mar 16 13:27:07 ubuntu devstack@keystone.service[63231]: DEBUG keystone.server.flask.request_processing.middleware.auth_context [None req-7730cbf0-b1ef-4461-88b2-b4e61cae65d4 None None] Validating token access rules against request {{(pid=63231) validate_allowed_request /opt/stack/data/venv/lib/python3.12/site-packages/keystonemiddleware/auth_token/__init__.py:545}}
Mar 16 13:27:07 ubuntu devstack@keystone.service[63231]: DEBUG keystone.server.flask.request_processing.middleware.auth_context [None req-5b09d97c-4d8c-4a4b-91a1-9403c64ca03f None admin] RBAC: auth_context: {'token': <TokenModel (audit_id=AhfMmf76QFSMBx-i2tZczg, audit_chain_id=['AhfMmf76QFSMBx-i2tZczg']) at 0x7d3f27dc3590>, 'domain_id': None, 'trust_id': None, 'trustor_id': None, 'trustee_id': None, 'domain_name': None, 'group_ids': [], 'user_id': '85c94c71fc14471cb9156273fe650ec4', 'user_domain_id': 'default', 'system_scope': 'all', 'project_id': None, 'project_domain_id': None, 'roles': ['admin', 'manager', 'member', 'reader'], 'is_admin_project': True, 'service_user_id': None, 'service_user_domain_id': None, 'service_project_id': None, 'service_project_domain_id': None, 'service_roles': []} {{(pid=63231) fill_context /opt/stack/keystone/keystone/server/flask/request_processing/middleware/auth_context.py:509}}
Mar 16 13:27:07 ubuntu devstack@keystone.service[63231]: DEBUG keystone.server.flask.request_processing.req_logging [None req-5b09d97c-4d8c-4a4b-91a1-9403c64ca03f None admin] REQUEST_METHOD: `GET` {{(pid=63231) log_request_info /opt/stack/keystone/keystone/server/flask/request_processing/req_logging.py:26}}
Mar 16 13:27:07 ubuntu devstack@keystone.service[63231]: DEBUG keystone.server.flask.request_processing.req_logging [None req-5b09d97c-4d8c-4a4b-91a1-9403c64ca03f None admin] SCRIPT_NAME: `/identity` {{(pid=63231) log_request_info /opt/stack/keystone/keystone/server/flask/request_processing/req_logging.py:27}}
Mar 16 13:27:07 ubuntu devstack@keystone.service[63231]: DEBUG keystone.server.flask.request_processing.req_logging [None req-5b09d97c-4d8c-4a4b-91a1-9403c64ca03f None admin] PATH_INFO: `/v3/domains` {{(pid=63231) log_request_info /opt/stack/keystone/keystone/server/flask/request_processing/req_logging.py:28}}
Mar 16 13:27:07 ubuntu devstack@keystone.service[63231]: DEBUG keystone.common.rbac_enforcer.enforcer [None req-5b09d97c-4d8c-4a4b-91a1-9403c64ca03f None admin] RBAC: Adding query filter params (name=Default) {{(pid=63231) _extract_filter_values /opt/stack/keystone/keystone/common/rbac_enforcer/enforcer.py:176}}
Mar 16 13:27:07 ubuntu devstack@keystone.service[63231]: DEBUG keystone.common.rbac_enforcer.enforcer [None req-5b09d97c-4d8c-4a4b-91a1-9403c64ca03f None admin] RBAC: Authorizing `identity:list_domains()` {{(pid=63231) enforce_call /opt/stack/keystone/keystone/common/rbac_enforcer/enforcer.py:494}}
Mar 16 13:27:07 ubuntu devstack@keystone.service[63231]: DEBUG keystone.common.rbac_enforcer.enforcer [None req-5b09d97c-4d8c-4a4b-91a1-9403c64ca03f None admin] RBAC: Authorization granted {{(pid=63231) enforce_call /opt/stack/keystone/keystone/common/rbac_enforcer/enforcer.py:505}}
Mar 16 13:27:07 ubuntu devstack@keystone.service[63231]: [pid: 63231|app: 0|req: 16/32] 10.120.125.137 () {58 vars in 1189 bytes} [Mon Mar 16 13:27:07 2026] GET /identity/v3/domains?name=Default => generated 310 bytes in 81 msecs (HTTP/1.1 200) 5 headers in 177 bytes (1 switches on core 0)
Mar 16 13:27:07 ubuntu devstack@keystone.service[63230]: DEBUG keystone.server.flask.request_processing.middleware.auth_context [None req-d1fca2d6-3b1e-4857-996a-ae6af3a7f68e None admin] Authenticating user token {{(pid=63230) process_request /opt/stack/data/venv/lib/python3.12/site-packages/keystonemiddleware/auth_token/__init__.py:407}}
Mar 16 13:27:07 ubuntu devstack@keystone.service[63230]: DEBUG keystone.server.flask.request_processing.middleware.auth_context [None req-d1fca2d6-3b1e-4857-996a-ae6af3a7f68e None admin] Validating token access rules against request {{(pid=63230) validate_allowed_request /opt/stack/data/venv/lib/python3.12/site-packages/keystonemiddleware/auth_token/__init__.py:545}}
Mar 16 13:27:07 ubuntu devstack@keystone.service[63230]: DEBUG keystone.server.flask.request_processing.middleware.auth_context [None req-c0195872-f3d0-4649-b889-5e3e8cda26e5 None admin] RBAC: auth_context: {'token': <TokenModel (audit_id=DwrrDfS5RRahPJpmlSbdIA, audit_chain_id=['DwrrDfS5RRahPJpmlSbdIA']) at 0x7d3f2790b050>, 'domain_id': None, 'trust_id': None, 'trustor_id': None, 'trustee_id': None, 'domain_name': None, 'group_ids': [], 'user_id': '85c94c71fc14471cb9156273fe650ec4', 'user_domain_id': 'default', 'system_scope': 'all', 'project_id': None, 'project_domain_id': None, 'roles': ['admin', 'manager', 'member', 'reader'], 'is_admin_project': True, 'service_user_id': None, 'service_user_domain_id': None, 'service_project_id': None, 'service_project_domain_id': None, 'service_roles': []} {{(pid=63230) fill_context /opt/stack/keystone/keystone/server/flask/request_processing/middleware/auth_context.py:509}}
Mar 16 13:27:07 ubuntu devstack@keystone.service[63230]: DEBUG keystone.server.flask.request_processing.req_logging [None req-c0195872-f3d0-4649-b889-5e3e8cda26e5 None admin] REQUEST_METHOD: `GET` {{(pid=63230) log_request_info /opt/stack/keystone/keystone/server/flask/request_processing/req_logging.py:26}}
Mar 16 13:27:07 ubuntu devstack@keystone.service[63230]: DEBUG keystone.server.flask.request_processing.req_logging [None req-c0195872-f3d0-4649-b889-5e3e8cda26e5 None admin] SCRIPT_NAME: `/identity` {{(pid=63230) log_request_info /opt/stack/keystone/keystone/server/flask/request_processing/req_logging.py:27}}
Mar 16 13:27:07 ubuntu devstack@keystone.service[63230]: DEBUG keystone.server.flask.request_processing.req_logging [None req-c0195872-f3d0-4649-b889-5e3e8cda26e5 None admin] PATH_INFO: `/v3/roles/admin` {{(pid=63230) log_request_info /opt/stack/keystone/keystone/server/flask/request_processing/req_logging.py:28}}
Mar 16 13:27:07 ubuntu devstack@keystone.service[63230]: DEBUG keystone.common.rbac_enforcer.enforcer [None req-c0195872-f3d0-4649-b889-5e3e8cda26e5 None admin] Extracting inferred target data resulted in "NOT FOUND (404)". {{(pid=63230) enforce_call /opt/stack/keystone/keystone/common/rbac_enforcer/enforcer.py:445}}
Mar 16 13:27:07 ubuntu devstack@keystone.service[63230]: DEBUG keystone.server.flask.application [None req-c0195872-f3d0-4649-b889-5e3e8cda26e5 None admin] Could not find role: admin. {{(pid=63230) _handle_keystone_exception /opt/stack/keystone/keystone/server/flask/application.py:146}}
Mar 16 13:27:07 ubuntu devstack@keystone.service[63230]: [pid: 63230|app: 0|req: 17/33] 10.120.125.137 () {58 vars in 1163 bytes} [Mon Mar 16 13:27:07 2026] GET /identity/v3/roles/admin => generated 83 bytes in 76 msecs (HTTP/1.1 404) 5 headers in 183 bytes (1 switches on core 0)
Mar 16 13:27:07 ubuntu devstack@keystone.service[63231]: DEBUG keystone.server.flask.request_processing.req_logging [None req-3997e339-6bfc-45a6-8e82-6324815daf96 None None] REQUEST_METHOD: `GET` {{(pid=63231) log_request_info /opt/stack/keystone/keystone/server/flask/request_processing/req_logging.py:26}}
Mar 16 13:27:07 ubuntu devstack@keystone.service[63231]: DEBUG keystone.server.flask.request_processing.req_logging [None req-3997e339-6bfc-45a6-8e82-6324815daf96 None None] SCRIPT_NAME: `/identity` {{(pid=63231) log_request_info /opt/stack/keystone/keystone/server/flask/request_processing/req_logging.py:27}}
Mar 16 13:27:07 ubuntu devstack@keystone.service[63231]: DEBUG keystone.server.flask.request_processing.req_logging [None req-3997e339-6bfc-45a6-8e82-6324815daf96 None None] PATH_INFO: `/` {{(pid=63231) log_request_info /opt/stack/keystone/keystone/server/flask/request_processing/req_logging.py:28}}
Mar 16 13:27:07 ubuntu devstack@keystone.service[63231]: [pid: 63231|app: 0|req: 17/34] 10.120.125.137 () {56 vars in 951 bytes} [Mon Mar 16 13:27:07 2026] GET /identity => generated 271 bytes in 1 msecs (HTTP/1.1 300) 6 headers in 235 bytes (1 switches on core 0)
Mar 16 13:27:07 ubuntu devstack@keystone.service[63230]: DEBUG keystone.server.flask.request_processing.middleware.auth_context [None req-c0195872-f3d0-4649-b889-5e3e8cda26e5 None admin] Authenticating user token {{(pid=63230) process_request /opt/stack/data/venv/lib/python3.12/site-packages/keystonemiddleware/auth_token/__init__.py:407}}
Mar 16 13:27:07 ubuntu devstack@keystone.service[63231]: DEBUG keystone.server.flask.request_processing.middleware.auth_context [None req-3997e339-6bfc-45a6-8e82-6324815daf96 None None] Authenticating user token {{(pid=63231) process_request /opt/stack/data/venv/lib/python3.12/site-packages/keystonemiddleware/auth_token/__init__.py:407}}
Mar 16 13:27:07 ubuntu devstack@keystone.service[63230]: DEBUG keystone.server.flask.request_processing.middleware.auth_context [None req-c0195872-f3d0-4649-b889-5e3e8cda26e5 None admin] Validating token access rules against request {{(pid=63230) validate_allowed_request /opt/stack/data/venv/lib/python3.12/site-packages/keystonemiddleware/auth_token/__init__.py:545}}
Mar 16 13:27:07 ubuntu devstack@keystone.service[63230]: DEBUG keystone.server.flask.request_processing.middleware.auth_context [None req-6427f1b0-05b6-4d1a-a323-70488663796a None admin] RBAC: auth_context: {'token': <TokenModel (audit_id=DwrrDfS5RRahPJpmlSbdIA, audit_chain_id=['DwrrDfS5RRahPJpmlSbdIA']) at 0x7d3f27c65250>, 'domain_id': None, 'trust_id': None, 'trustor_id': None, 'trustee_id': None, 'domain_name': None, 'group_ids': [], 'user_id': '85c94c71fc14471cb9156273fe650ec4', 'user_domain_id': 'default', 'system_scope': 'all', 'project_id': None, 'project_domain_id': None, 'roles': ['admin', 'manager', 'member', 'reader'], 'is_admin_project': True, 'service_user_id': None, 'service_user_domain_id': None, 'service_project_id': None, 'service_project_domain_id': None, 'service_roles': []} {{(pid=63230) fill_context /opt/stack/keystone/keystone/server/flask/request_processing/middleware/auth_context.py:509}}
Mar 16 13:27:07 ubuntu devstack@keystone.service[63230]: DEBUG keystone.server.flask.request_processing.req_logging [None req-6427f1b0-05b6-4d1a-a323-70488663796a None admin] REQUEST_METHOD: `GET` {{(pid=63230) log_request_info /opt/stack/keystone/keystone/server/flask/request_processing/req_logging.py:26}}
Mar 16 13:27:07 ubuntu devstack@keystone.service[63230]: DEBUG keystone.server.flask.request_processing.req_logging [None req-6427f1b0-05b6-4d1a-a323-70488663796a None admin] SCRIPT_NAME: `/identity` {{(pid=63230) log_request_info /opt/stack/keystone/keystone/server/flask/request_processing/req_logging.py:27}}
Mar 16 13:27:07 ubuntu devstack@keystone.service[63230]: DEBUG keystone.server.flask.request_processing.req_logging [None req-6427f1b0-05b6-4d1a-a323-70488663796a None admin] PATH_INFO: `/v3/roles` {{(pid=63230) log_request_info /opt/stack/keystone/keystone/server/flask/request_processing/req_logging.py:28}}
Mar 16 13:27:07 ubuntu devstack@keystone.service[63230]: DEBUG keystone.common.rbac_enforcer.enforcer [None req-6427f1b0-05b6-4d1a-a323-70488663796a None admin] RBAC: Adding query filter params (name=admin) {{(pid=63230) _extract_filter_values /opt/stack/keystone/keystone/common/rbac_enforcer/enforcer.py:176}}
Mar 16 13:27:07 ubuntu devstack@keystone.service[63230]: DEBUG keystone.common.rbac_enforcer.enforcer [None req-6427f1b0-05b6-4d1a-a323-70488663796a None admin] RBAC: Authorizing `identity:list_roles()` {{(pid=63230) enforce_call /opt/stack/keystone/keystone/common/rbac_enforcer/enforcer.py:494}}
Mar 16 13:27:07 ubuntu devstack@keystone.service[63230]: DEBUG keystone.common.rbac_enforcer.enforcer [None req-6427f1b0-05b6-4d1a-a323-70488663796a None admin] RBAC: Authorization granted {{(pid=63230) enforce_call /opt/stack/keystone/keystone/common/rbac_enforcer/enforcer.py:505}}
Mar 16 13:27:07 ubuntu devstack@keystone.service[63231]: DEBUG keystone.server.flask.request_processing.middleware.auth_context [None req-3997e339-6bfc-45a6-8e82-6324815daf96 None None] Validating token access rules against request {{(pid=63231) validate_allowed_request /opt/stack/data/venv/lib/python3.12/site-packages/keystonemiddleware/auth_token/__init__.py:545}}
Mar 16 13:27:07 ubuntu devstack@keystone.service[63230]: [pid: 63230|app: 0|req: 18/35] 10.120.125.137 () {58 vars in 1180 bytes} [Mon Mar 16 13:27:07 2026] GET /identity/v3/roles?name=admin => generated 341 bytes in 84 msecs (HTTP/1.1 200) 5 headers in 177 bytes (2 switches on core 0)
Mar 16 13:27:07 ubuntu devstack@keystone.service[63230]: DEBUG keystone.server.flask.request_processing.req_logging [None req-54031b78-5107-4d0f-9f68-40d821be18fc None None] REQUEST_METHOD: `GET` {{(pid=63230) log_request_info /opt/stack/keystone/keystone/server/flask/request_processing/req_logging.py:26}}
Mar 16 13:27:07 ubuntu devstack@keystone.service[63230]: DEBUG keystone.server.flask.request_processing.req_logging [None req-54031b78-5107-4d0f-9f68-40d821be18fc None None] SCRIPT_NAME: `/identity` {{(pid=63230) log_request_info /opt/stack/keystone/keystone/server/flask/request_processing/req_logging.py:27}}
Mar 16 13:27:07 ubuntu devstack@keystone.service[63230]: DEBUG keystone.server.flask.request_processing.req_logging [None req-54031b78-5107-4d0f-9f68-40d821be18fc None None] PATH_INFO: `/` {{(pid=63230) log_request_info /opt/stack/keystone/keystone/server/flask/request_processing/req_logging.py:28}}
Mar 16 13:27:07 ubuntu devstack@keystone.service[63230]: [pid: 63230|app: 0|req: 19/36] 10.120.125.137 () {56 vars in 951 bytes} [Mon Mar 16 13:27:07 2026] GET /identity => generated 271 bytes in 1 msecs (HTTP/1.1 300) 6 headers in 235 bytes (1 switches on core 0)
Mar 16 13:27:07 ubuntu devstack@keystone.service[63231]: DEBUG keystone.server.flask.request_processing.middleware.auth_context [None req-66ae6abe-d438-4d47-9f97-597334ec4372 None admin] RBAC: auth_context: {'token': <TokenModel (audit_id=AhfMmf76QFSMBx-i2tZczg, audit_chain_id=['AhfMmf76QFSMBx-i2tZczg']) at 0x7d3f27c0c650>, 'domain_id': None, 'trust_id': None, 'trustor_id': None, 'trustee_id': None, 'domain_name': None, 'group_ids': [], 'user_id': '85c94c71fc14471cb9156273fe650ec4', 'user_domain_id': 'default', 'system_scope': 'all', 'project_id': None, 'project_domain_id': None, 'roles': ['admin', 'manager', 'member', 'reader'], 'is_admin_project': True, 'service_user_id': None, 'service_user_domain_id': None, 'service_project_id': None, 'service_project_domain_id': None, 'service_roles': []} {{(pid=63231) fill_context /opt/stack/keystone/keystone/server/flask/request_processing/middleware/auth_context.py:509}}
Mar 16 13:27:07 ubuntu devstack@keystone.service[63231]: DEBUG keystone.server.flask.request_processing.req_logging [None req-66ae6abe-d438-4d47-9f97-597334ec4372 None admin] REQUEST_METHOD: `POST` {{(pid=63231) log_request_info /opt/stack/keystone/keystone/server/flask/request_processing/req_logging.py:26}}
Mar 16 13:27:07 ubuntu devstack@keystone.service[63231]: DEBUG keystone.server.flask.request_processing.req_logging [None req-66ae6abe-d438-4d47-9f97-597334ec4372 None admin] SCRIPT_NAME: `/identity` {{(pid=63231) log_request_info /opt/stack/keystone/keystone/server/flask/request_processing/req_logging.py:27}}
Mar 16 13:27:07 ubuntu devstack@keystone.service[63231]: DEBUG keystone.server.flask.request_processing.req_logging [None req-66ae6abe-d438-4d47-9f97-597334ec4372 None admin] PATH_INFO: `/v3/projects` {{(pid=63231) log_request_info /opt/stack/keystone/keystone/server/flask/request_processing/req_logging.py:28}}
Mar 16 13:27:07 ubuntu devstack@keystone.service[63231]: DEBUG keystone.common.rbac_enforcer.enforcer [None req-66ae6abe-d438-4d47-9f97-597334ec4372 None admin] RBAC: Authorizing `identity:create_project()` {{(pid=63231) enforce_call /opt/stack/keystone/keystone/common/rbac_enforcer/enforcer.py:494}}
Mar 16 13:27:07 ubuntu devstack@keystone.service[63230]: DEBUG keystone.server.flask.request_processing.middleware.auth_context [None req-54031b78-5107-4d0f-9f68-40d821be18fc None None] Authenticating user token {{(pid=63230) process_request /opt/stack/data/venv/lib/python3.12/site-packages/keystonemiddleware/auth_token/__init__.py:407}}
Mar 16 13:27:07 ubuntu devstack@keystone.service[63231]: DEBUG keystone.common.rbac_enforcer.enforcer [None req-66ae6abe-d438-4d47-9f97-597334ec4372 None admin] RBAC: Authorization granted {{(pid=63231) enforce_call /opt/stack/keystone/keystone/common/rbac_enforcer/enforcer.py:505}}
Mar 16 13:27:07 ubuntu devstack@keystone.service[63231]: [pid: 63231|app: 0|req: 18/37] 10.120.125.137 () {62 vars in 1208 bytes} [Mon Mar 16 13:27:07 2026] POST /identity/v3/projects => generated 302 bytes in 105 msecs (HTTP/1.1 201) 5 headers in 182 bytes (1 switches on core 0)
Mar 16 13:27:07 ubuntu devstack@keystone.service[63231]: DEBUG keystone.server.flask.request_processing.middleware.auth_context [None req-66ae6abe-d438-4d47-9f97-597334ec4372 None admin] Authenticating user token {{(pid=63231) process_request /opt/stack/data/venv/lib/python3.12/site-packages/keystonemiddleware/auth_token/__init__.py:407}}
Mar 16 13:27:07 ubuntu devstack@keystone.service[63230]: DEBUG keystone.server.flask.request_processing.middleware.auth_context [None req-54031b78-5107-4d0f-9f68-40d821be18fc None None] Validating token access rules against request {{(pid=63230) validate_allowed_request /opt/stack/data/venv/lib/python3.12/site-packages/keystonemiddleware/auth_token/__init__.py:545}}
Mar 16 13:27:07 ubuntu devstack@keystone.service[63230]: DEBUG keystone.server.flask.request_processing.middleware.auth_context [None req-4e42daf6-baf7-4e21-a3c9-dfc34215f533 None admin] RBAC: auth_context: {'token': <TokenModel (audit_id=O8ID2JGpQ9Sk0v3zrCIY9g, audit_chain_id=['O8ID2JGpQ9Sk0v3zrCIY9g']) at 0x7d3f27c8a2a0>, 'domain_id': None, 'trust_id': None, 'trustor_id': None, 'trustee_id': None, 'domain_name': None, 'group_ids': [], 'user_id': '85c94c71fc14471cb9156273fe650ec4', 'user_domain_id': 'default', 'system_scope': 'all', 'project_id': None, 'project_domain_id': None, 'roles': ['admin', 'manager', 'member', 'reader'], 'is_admin_project': True, 'service_user_id': None, 'service_user_domain_id': None, 'service_project_id': None, 'service_project_domain_id': None, 'service_roles': []} {{(pid=63230) fill_context /opt/stack/keystone/keystone/server/flask/request_processing/middleware/auth_context.py:509}}
Mar 16 13:27:07 ubuntu devstack@keystone.service[63230]: DEBUG keystone.server.flask.request_processing.req_logging [None req-4e42daf6-baf7-4e21-a3c9-dfc34215f533 None admin] REQUEST_METHOD: `POST` {{(pid=63230) log_request_info /opt/stack/keystone/keystone/server/flask/request_processing/req_logging.py:26}}
Mar 16 13:27:07 ubuntu devstack@keystone.service[63230]: DEBUG keystone.server.flask.request_processing.req_logging [None req-4e42daf6-baf7-4e21-a3c9-dfc34215f533 None admin] SCRIPT_NAME: `/identity` {{(pid=63230) log_request_info /opt/stack/keystone/keystone/server/flask/request_processing/req_logging.py:27}}
Mar 16 13:27:07 ubuntu devstack@keystone.service[63230]: DEBUG keystone.server.flask.request_processing.req_logging [None req-4e42daf6-baf7-4e21-a3c9-dfc34215f533 None admin] PATH_INFO: `/v3/roles` {{(pid=63230) log_request_info /opt/stack/keystone/keystone/server/flask/request_processing/req_logging.py:28}}
Mar 16 13:27:07 ubuntu devstack@keystone.service[63230]: DEBUG keystone.common.rbac_enforcer.enforcer [None req-4e42daf6-baf7-4e21-a3c9-dfc34215f533 None admin] RBAC: Authorizing `identity:create_role()` {{(pid=63230) enforce_call /opt/stack/keystone/keystone/common/rbac_enforcer/enforcer.py:494}}
Mar 16 13:27:07 ubuntu devstack@keystone.service[63230]: DEBUG keystone.common.rbac_enforcer.enforcer [None req-4e42daf6-baf7-4e21-a3c9-dfc34215f533 None admin] RBAC: Authorization granted {{(pid=63230) enforce_call /opt/stack/keystone/keystone/common/rbac_enforcer/enforcer.py:505}}
Mar 16 13:27:07 ubuntu devstack@keystone.service[63231]: DEBUG keystone.server.flask.request_processing.middleware.auth_context [None req-66ae6abe-d438-4d47-9f97-597334ec4372 None admin] Validating token access rules against request {{(pid=63231) validate_allowed_request /opt/stack/data/venv/lib/python3.12/site-packages/keystonemiddleware/auth_token/__init__.py:545}}
Mar 16 13:27:07 ubuntu devstack@keystone.service[63230]: DEBUG keystone.common.sql.core [None req-4e42daf6-baf7-4e21-a3c9-dfc34215f533 None admin] Conflict role: (pymysql.err.IntegrityError) (1062, "Duplicate entry 'service-<<null>>' for key 'role.ixu_role_name_domain_id'")
Mar 16 13:27:07 ubuntu devstack@keystone.service[63230]: [SQL: INSERT INTO `role` (id, name, description, extra) VALUES (%(id)s, %(name)s, %(description)s, %(extra)s)]
Mar 16 13:27:07 ubuntu devstack@keystone.service[63230]: [parameters: {'id': 'd9ca587eaebf405e91bcf1a339e0bdc7', 'name': 'service', 'description': None, 'extra': '{}'}]
Mar 16 13:27:07 ubuntu devstack@keystone.service[63230]: (Background on this error at: https://sqlalche.me/e/20/gkpj) {{(pid=63230) wrapper /opt/stack/keystone/keystone/common/sql/core.py:580}}
Mar 16 13:27:07 ubuntu devstack@keystone.service[63230]: ERROR keystone.server.flask.application [None req-4e42daf6-baf7-4e21-a3c9-dfc34215f533 None admin] Conflict occurred attempting to store role - Duplicate entry found with name service.: keystone.exception.Conflict: Conflict occurred attempting to store role - Duplicate entry found with name service.
Mar 16 13:27:07 ubuntu devstack@keystone.service[63230]: ERROR keystone.server.flask.application Traceback (most recent call last):
Mar 16 13:27:07 ubuntu devstack@keystone.service[63230]: ERROR keystone.server.flask.application   File "/opt/stack/data/venv/lib/python3.12/site-packages/sqlalchemy/engine/base.py", line 1967, in _exec_single_context
Mar 16 13:27:07 ubuntu devstack@keystone.service[63230]: ERROR keystone.server.flask.application     self.dialect.do_execute(
Mar 16 13:27:07 ubuntu devstack@keystone.service[63230]: ERROR keystone.server.flask.application   File "/opt/stack/data/venv/lib/python3.12/site-packages/sqlalchemy/engine/default.py", line 952, in do_execute
Mar 16 13:27:07 ubuntu devstack@keystone.service[63230]: ERROR keystone.server.flask.application     cursor.execute(statement, parameters)
Mar 16 13:27:07 ubuntu devstack@keystone.service[63230]: ERROR keystone.server.flask.application   File "/opt/stack/data/venv/lib/python3.12/site-packages/pymysql/cursors.py", line 153, in execute
Mar 16 13:27:07 ubuntu devstack@keystone.service[63230]: ERROR keystone.server.flask.application     result = self._query(query)
Mar 16 13:27:07 ubuntu devstack@keystone.service[63230]: ERROR keystone.server.flask.application              ^^^^^^^^^^^^^^^^^^
Mar 16 13:27:07 ubuntu devstack@keystone.service[63230]: ERROR keystone.server.flask.application   File "/opt/stack/data/venv/lib/python3.12/site-packages/pymysql/cursors.py", line 322, in _query
Mar 16 13:27:07 ubuntu devstack@keystone.service[63230]: ERROR keystone.server.flask.application     conn.query(q)
Mar 16 13:27:07 ubuntu devstack@keystone.service[63230]: ERROR keystone.server.flask.application   File "/opt/stack/data/venv/lib/python3.12/site-packages/pymysql/connections.py", line 575, in query
Mar 16 13:27:07 ubuntu devstack@keystone.service[63230]: ERROR keystone.server.flask.application     self._affected_rows = self._read_query_result(unbuffered=unbuffered)
Mar 16 13:27:07 ubuntu devstack@keystone.service[63230]: ERROR keystone.server.flask.application                           ^^^^^^^^^^^^^^^^^^^^^^^^^^^^^^^^^^^^^^^^^^^^^^
Mar 16 13:27:07 ubuntu devstack@keystone.service[63230]: ERROR keystone.server.flask.application   File "/opt/stack/data/venv/lib/python3.12/site-packages/pymysql/connections.py", line 826, in _read_query_result
Mar 16 13:27:07 ubuntu devstack@keystone.service[63230]: ERROR keystone.server.flask.application     result.read()
Mar 16 13:27:07 ubuntu devstack@keystone.service[63230]: ERROR keystone.server.flask.application   File "/opt/stack/data/venv/lib/python3.12/site-packages/pymysql/connections.py", line 1203, in read
Mar 16 13:27:07 ubuntu devstack@keystone.service[63230]: ERROR keystone.server.flask.application     first_packet = self.connection._read_packet()
Mar 16 13:27:07 ubuntu devstack@keystone.service[63230]: ERROR keystone.server.flask.application                    ^^^^^^^^^^^^^^^^^^^^^^^^^^^^^^
Mar 16 13:27:07 ubuntu devstack@keystone.service[63230]: ERROR keystone.server.flask.application   File "/opt/stack/data/venv/lib/python3.12/site-packages/pymysql/connections.py", line 782, in _read_packet
Mar 16 13:27:07 ubuntu devstack@keystone.service[63230]: ERROR keystone.server.flask.application     packet.raise_for_error()
Mar 16 13:27:07 ubuntu devstack@keystone.service[63230]: ERROR keystone.server.flask.application   File "/opt/stack/data/venv/lib/python3.12/site-packages/pymysql/protocol.py", line 219, in raise_for_error
Mar 16 13:27:07 ubuntu devstack@keystone.service[63230]: ERROR keystone.server.flask.application     err.raise_mysql_exception(self._data)
Mar 16 13:27:07 ubuntu devstack@keystone.service[63230]: ERROR keystone.server.flask.application   File "/opt/stack/data/venv/lib/python3.12/site-packages/pymysql/err.py", line 150, in raise_mysql_exception
Mar 16 13:27:07 ubuntu devstack@keystone.service[63230]: ERROR keystone.server.flask.application     raise errorclass(errno, errval)
Mar 16 13:27:07 ubuntu devstack@keystone.service[63230]: ERROR keystone.server.flask.application pymysql.err.IntegrityError: (1062, "Duplicate entry 'service-<<null>>' for key 'role.ixu_role_name_domain_id'")
Mar 16 13:27:07 ubuntu devstack@keystone.service[63230]: ERROR keystone.server.flask.application 
Mar 16 13:27:07 ubuntu devstack@keystone.service[63230]: ERROR keystone.server.flask.application The above exception was the direct cause of the following exception:
Mar 16 13:27:07 ubuntu devstack@keystone.service[63230]: ERROR keystone.server.flask.application 
Mar 16 13:27:07 ubuntu devstack@keystone.service[63230]: ERROR keystone.server.flask.application Traceback (most recent call last):
Mar 16 13:27:07 ubuntu devstack@keystone.service[63230]: ERROR keystone.server.flask.application   File "/opt/stack/keystone/keystone/common/sql/core.py", line 575, in wrapper
Mar 16 13:27:07 ubuntu devstack@keystone.service[63230]: ERROR keystone.server.flask.application     return method(*args, **kwargs)
Mar 16 13:27:07 ubuntu devstack@keystone.service[63230]: ERROR keystone.server.flask.application            ^^^^^^^^^^^^^^^^^^^^^^^
Mar 16 13:27:07 ubuntu devstack@keystone.service[63230]: ERROR keystone.server.flask.application   File "/opt/stack/keystone/keystone/assignment/role_backends/sql.py", line 25, in create_role
Mar 16 13:27:07 ubuntu devstack@keystone.service[63230]: ERROR keystone.server.flask.application     with sql.session_for_write() as session:
Mar 16 13:27:07 ubuntu devstack@keystone.service[63230]: ERROR keystone.server.flask.application   File "/usr/lib/python3.12/contextlib.py", line 144, in __exit__
Mar 16 13:27:07 ubuntu devstack@keystone.service[63230]: ERROR keystone.server.flask.application     next(self.gen)
Mar 16 13:27:07 ubuntu devstack@keystone.service[63230]: ERROR keystone.server.flask.application   File "/opt/stack/data/venv/lib/python3.12/site-packages/oslo_db/sqlalchemy/enginefacade.py", line 1175, in _transaction_scope
Mar 16 13:27:07 ubuntu devstack@keystone.service[63230]: ERROR keystone.server.flask.application     with current._produce_block(
Mar 16 13:27:07 ubuntu devstack@keystone.service[63230]: ERROR keystone.server.flask.application   File "/usr/lib/python3.12/contextlib.py", line 144, in __exit__
Mar 16 13:27:07 ubuntu devstack@keystone.service[63230]: ERROR keystone.server.flask.application     next(self.gen)
Mar 16 13:27:07 ubuntu devstack@keystone.service[63230]: ERROR keystone.server.flask.application   File "/opt/stack/data/venv/lib/python3.12/site-packages/oslo_db/sqlalchemy/enginefacade.py", line 837, in _session
Mar 16 13:27:07 ubuntu devstack@keystone.service[63230]: ERROR keystone.server.flask.application     with excutils.save_and_reraise_exception():
Mar 16 13:27:07 ubuntu devstack@keystone.service[63230]: ERROR keystone.server.flask.application   File "/opt/stack/data/venv/lib/python3.12/site-packages/oslo_utils/excutils.py", line 267, in __exit__
Mar 16 13:27:07 ubuntu devstack@keystone.service[63230]: ERROR keystone.server.flask.application     self.force_reraise()
