Apr 08 14:21:40 ubuntu devstack@keystone.service[67789]: ERROR keystone.server.flask.application [SQL: INSERT INTO `role` (id, name, description, extra) VALUES (%(id)s, %(name)s, %(description)s, %(extra)s)]
Apr 08 14:21:40 ubuntu devstack@keystone.service[67789]: ERROR keystone.server.flask.application [parameters: {'id': 'a6b5937cc9404e43bec4cc581bd0cdd0', 'name': 'service', 'description': None, 'extra': '{}'}]
Apr 08 14:21:40 ubuntu devstack@keystone.service[67789]: ERROR keystone.server.flask.application (Background on this error at: https://sqlalche.me/e/20/gkpj)
Apr 08 14:21:40 ubuntu devstack@keystone.service[67789]: ERROR keystone.server.flask.application 
Apr 08 14:21:40 ubuntu devstack@keystone.service[67789]: ERROR keystone.server.flask.application During handling of the above exception, another exception occurred:
Apr 08 14:21:40 ubuntu devstack@keystone.service[67789]: ERROR keystone.server.flask.application 
Apr 08 14:21:40 ubuntu devstack@keystone.service[67789]: ERROR keystone.server.flask.application Traceback (most recent call last):
Apr 08 14:21:40 ubuntu devstack@keystone.service[67789]: ERROR keystone.server.flask.application   File "/opt/stack/data/venv/lib/python3.12/site-packages/flask_restful/__init__.py", line 295, in error_router
Apr 08 14:21:40 ubuntu devstack@keystone.service[67789]: ERROR keystone.server.flask.application     return self.handle_error(e)
Apr 08 14:21:40 ubuntu devstack@keystone.service[67789]: ERROR keystone.server.flask.application            ^^^^^^^^^^^^^^^^^^^^
Apr 08 14:21:40 ubuntu devstack@keystone.service[67789]: ERROR keystone.server.flask.application   File "/opt/stack/data/venv/lib/python3.12/site-packages/flask_restful/__init__.py", line 310, in handle_error
Apr 08 14:21:40 ubuntu devstack@keystone.service[67789]: ERROR keystone.server.flask.application     _handle_flask_propagate_exceptions_config(current_app, e)
Apr 08 14:21:40 ubuntu devstack@keystone.service[67789]: ERROR keystone.server.flask.application   File "/opt/stack/data/venv/lib/python3.12/site-packages/flask/app.py", line 917, in full_dispatch_request
Apr 08 14:21:40 ubuntu devstack@keystone.service[67789]: ERROR keystone.server.flask.application     rv = self.dispatch_request()
Apr 08 14:21:40 ubuntu devstack@keystone.service[67789]: ERROR keystone.server.flask.application          ^^^^^^^^^^^^^^^^^^^^^^^
Apr 08 14:21:40 ubuntu devstack@keystone.service[67789]: ERROR keystone.server.flask.application   File "/opt/stack/data/venv/lib/python3.12/site-packages/flask/app.py", line 902, in dispatch_request
Apr 08 14:21:40 ubuntu devstack@keystone.service[67789]: ERROR keystone.server.flask.application     return self.ensure_sync(self.view_functions[rule.endpoint])(**view_args)  # type: ignore[no-any-return]
Apr 08 14:21:40 ubuntu devstack@keystone.service[67789]: ERROR keystone.server.flask.application            ^^^^^^^^^^^^^^^^^^^^^^^^^^^^^^^^^^^^^^^^^^^^^^^^^^^^^^^^^^^^^^^^^
Apr 08 14:21:40 ubuntu devstack@keystone.service[67789]: ERROR keystone.server.flask.application   File "/opt/stack/data/venv/lib/python3.12/site-packages/flask_restful/__init__.py", line 489, in wrapper
Apr 08 14:21:40 ubuntu devstack@keystone.service[67789]: ERROR keystone.server.flask.application     resp = resource(*args, **kwargs)
Apr 08 14:21:40 ubuntu devstack@keystone.service[67789]: ERROR keystone.server.flask.application            ^^^^^^^^^^^^^^^^^^^^^^^^^
Apr 08 14:21:40 ubuntu devstack@keystone.service[67789]: ERROR keystone.server.flask.application   File "/opt/stack/data/venv/lib/python3.12/site-packages/flask/views.py", line 110, in view
Apr 08 14:21:40 ubuntu devstack@keystone.service[67789]: ERROR keystone.server.flask.application     return current_app.ensure_sync(self.dispatch_request)(**kwargs)  # type: ignore[no-any-return]
Apr 08 14:21:40 ubuntu devstack@keystone.service[67789]: ERROR keystone.server.flask.application            ^^^^^^^^^^^^^^^^^^^^^^^^^^^^^^^^^^^^^^^^^^^^^^^^^^^^^^^^
Apr 08 14:21:40 ubuntu devstack@keystone.service[67789]: ERROR keystone.server.flask.application   File "/opt/stack/data/venv/lib/python3.12/site-packages/flask_restful/__init__.py", line 604, in dispatch_request
Apr 08 14:21:40 ubuntu devstack@keystone.service[67789]: ERROR keystone.server.flask.application     resp = meth(*args, **kwargs)
Apr 08 14:21:40 ubuntu devstack@keystone.service[67789]: ERROR keystone.server.flask.application            ^^^^^^^^^^^^^^^^^^^^^
Apr 08 14:21:40 ubuntu devstack@keystone.service[67789]: ERROR keystone.server.flask.application   File "/opt/stack/keystone/keystone/api/validation/__init__.py", line 86, in wrapper
Apr 08 14:21:40 ubuntu devstack@keystone.service[67789]: ERROR keystone.server.flask.application     return func(*args, **kwargs)
Apr 08 14:21:40 ubuntu devstack@keystone.service[67789]: ERROR keystone.server.flask.application            ^^^^^^^^^^^^^^^^^^^^^
Apr 08 14:21:40 ubuntu devstack@keystone.service[67789]: ERROR keystone.server.flask.application   File "/opt/stack/keystone/keystone/api/validation/__init__.py", line 145, in wrapper
Apr 08 14:21:40 ubuntu devstack@keystone.service[67789]: ERROR keystone.server.flask.application     response = func(*args, **kwargs)
Apr 08 14:21:40 ubuntu devstack@keystone.service[67789]: ERROR keystone.server.flask.application                ^^^^^^^^^^^^^^^^^^^^^
Apr 08 14:21:40 ubuntu devstack@keystone.service[67789]: ERROR keystone.server.flask.application   File "/opt/stack/keystone/keystone/api/roles.py", line 91, in post
Apr 08 14:21:40 ubuntu devstack@keystone.service[67789]: ERROR keystone.server.flask.application     ref = PROVIDERS.role_api.create_role(
Apr 08 14:21:40 ubuntu devstack@keystone.service[67789]: ERROR keystone.server.flask.application           ^^^^^^^^^^^^^^^^^^^^^^^^^^^^^^^
Apr 08 14:21:40 ubuntu devstack@keystone.service[67789]: ERROR keystone.server.flask.application   File "/opt/stack/keystone/keystone/common/manager.py", line 114, in wrapped
Apr 08 14:21:40 ubuntu devstack@keystone.service[67789]: ERROR keystone.server.flask.application     __ret_val = __f(*args, **kwargs)
Apr 08 14:21:40 ubuntu devstack@keystone.service[67789]: ERROR keystone.server.flask.application                 ^^^^^^^^^^^^^^^^^^^^
Apr 08 14:21:40 ubuntu devstack@keystone.service[67789]: ERROR keystone.server.flask.application   File "/opt/stack/keystone/keystone/assignment/core.py", line 1494, in create_role
Apr 08 14:21:40 ubuntu devstack@keystone.service[67789]: ERROR keystone.server.flask.application     ret = self.driver.create_role(role_id, role)
Apr 08 14:21:40 ubuntu devstack@keystone.service[67789]: ERROR keystone.server.flask.application           ^^^^^^^^^^^^^^^^^^^^^^^^^^^^^^^^^^^^^^
Apr 08 14:21:40 ubuntu devstack@keystone.service[67789]: ERROR keystone.server.flask.application   File "/opt/stack/keystone/keystone/common/sql/core.py", line 614, in wrapper
Apr 08 14:21:40 ubuntu devstack@keystone.service[67789]: ERROR keystone.server.flask.application     raise exception.Conflict(type=conflict_type, details=msg)
Apr 08 14:21:40 ubuntu devstack@keystone.service[67789]: ERROR keystone.server.flask.application keystone.exception.Conflict: Conflict occurred attempting to store role - Duplicate entry found with name service.
Apr 08 14:21:40 ubuntu devstack@keystone.service[67789]: ERROR keystone.server.flask.application 
Apr 08 14:21:40 ubuntu devstack@keystone.service[67789]: [pid: 67789|app: 0|req: 18/34] 10.120.125.143 () {62 vars in 1199 bytes} [Wed Apr  8 14:21:40 2026] POST /identity/v3/roles => generated 140 bytes in 85 msecs (HTTP/1.1 409) 5 headers in 183 bytes (2 switches on core 0)
Apr 08 14:21:40 ubuntu devstack@keystone.service[67788]: DEBUG keystone.server.flask.request_processing.req_logging [None req-f2a89cd3-7151-44ac-a4a0-72d669f180f0 None None] REQUEST_METHOD: `POST` {{(pid=67788) log_request_info /opt/stack/keystone/keystone/server/flask/request_processing/req_logging.py:26}}
Apr 08 14:21:40 ubuntu devstack@keystone.service[67788]: DEBUG keystone.server.flask.request_processing.req_logging [None req-f2a89cd3-7151-44ac-a4a0-72d669f180f0 None None] SCRIPT_NAME: `/identity` {{(pid=67788) log_request_info /opt/stack/keystone/keystone/server/flask/request_processing/req_logging.py:27}}
Apr 08 14:21:40 ubuntu devstack@keystone.service[67788]: DEBUG keystone.server.flask.request_processing.req_logging [None req-f2a89cd3-7151-44ac-a4a0-72d669f180f0 None None] PATH_INFO: `/v3/auth/tokens` {{(pid=67788) log_request_info /opt/stack/keystone/keystone/server/flask/request_processing/req_logging.py:28}}
Apr 08 14:21:40 ubuntu devstack@keystone.service[67789]: DEBUG keystone.server.flask.request_processing.middleware.auth_context [None req-cad09ec4-9ff4-4b17-aae4-e232be66cf2b None admin] Authenticating user token {{(pid=67789) process_request /opt/stack/data/venv/lib/python3.12/site-packages/keystonemiddleware/auth_token/__init__.py:407}}
Apr 08 14:21:40 ubuntu devstack@keystone.service[67788]: WARNING keystone.common.password_hashing [None req-f2a89cd3-7151-44ac-a4a0-72d669f180f0 None None] Truncating password to algorithm specific maximum length 72 characters.
Apr 08 14:21:40 ubuntu devstack@keystone.service[67788]: DEBUG keystone.auth.core [None req-f2a89cd3-7151-44ac-a4a0-72d669f180f0 None None] MFA Rules not processed for user `3b1454cec5ac49578e3fc8a0d47e746b`. Rule list: `[]` (Enabled: `True`). {{(pid=67788) check_auth_methods_against_rules /opt/stack/keystone/keystone/auth/core.py:476}}
Apr 08 14:21:40 ubuntu devstack@keystone.service[67788]: DEBUG keystone.common.fernet_utils [None req-f2a89cd3-7151-44ac-a4a0-72d669f180f0 None None] Loaded 2 Fernet keys from /etc/keystone/fernet-keys/, but `[fernet_tokens] max_active_keys = 3`; perhaps there have not been enough key rotations to reach `max_active_keys` yet? {{(pid=67788) load_keys /opt/stack/keystone/keystone/common/fernet_utils.py:297}}
Apr 08 14:21:40 ubuntu devstack@keystone.service[67789]: DEBUG keystone.server.flask.request_processing.middleware.auth_context [None req-cad09ec4-9ff4-4b17-aae4-e232be66cf2b None admin] Validating token access rules against request {{(pid=67789) validate_allowed_request /opt/stack/data/venv/lib/python3.12/site-packages/keystonemiddleware/auth_token/__init__.py:545}}
Apr 08 14:21:40 ubuntu devstack@keystone.service[67789]: DEBUG keystone.server.flask.request_processing.middleware.auth_context [None req-219efe52-d061-47da-9327-6a5ee2bb2517 None admin] RBAC: auth_context: {'token': <TokenModel (audit_id=JeL45AeBRQ-uBs8F1on3tQ, audit_chain_id=['JeL45AeBRQ-uBs8F1on3tQ']) at 0x7705be3b3e90>, 'domain_id': None, 'trust_id': None, 'trustor_id': None, 'trustee_id': None, 'domain_name': None, 'group_ids': [], 'user_id': '3b1454cec5ac49578e3fc8a0d47e746b', 'user_domain_id': 'default', 'system_scope': 'all', 'project_id': None, 'project_domain_id': None, 'roles': ['admin', 'manager', 'member', 'reader'], 'is_admin_project': True, 'service_user_id': None, 'service_user_domain_id': None, 'service_project_id': None, 'service_project_domain_id': None, 'service_roles': []} {{(pid=67789) fill_context /opt/stack/keystone/keystone/server/flask/request_processing/middleware/auth_context.py:509}}
Apr 08 14:21:40 ubuntu devstack@keystone.service[67788]: [pid: 67788|app: 0|req: 17/35] 10.120.125.143 () {60 vars in 1048 bytes} [Wed Apr  8 14:21:40 2026] POST /identity/v3/auth/tokens => generated 863 bytes in 52 msecs (HTTP/1.1 201) 6 headers in 363 bytes (1 switches on core 0)
Apr 08 14:21:40 ubuntu devstack@keystone.service[67789]: DEBUG keystone.server.flask.request_processing.req_logging [None req-219efe52-d061-47da-9327-6a5ee2bb2517 None admin] REQUEST_METHOD: `GET` {{(pid=67789) log_request_info /opt/stack/keystone/keystone/server/flask/request_processing/req_logging.py:26}}
Apr 08 14:21:40 ubuntu devstack@keystone.service[67789]: DEBUG keystone.server.flask.request_processing.req_logging [None req-219efe52-d061-47da-9327-6a5ee2bb2517 None admin] SCRIPT_NAME: `/identity` {{(pid=67789) log_request_info /opt/stack/keystone/keystone/server/flask/request_processing/req_logging.py:27}}
Apr 08 14:21:40 ubuntu devstack@keystone.service[67789]: DEBUG keystone.server.flask.request_processing.req_logging [None req-219efe52-d061-47da-9327-6a5ee2bb2517 None admin] PATH_INFO: `/v3/domains` {{(pid=67789) log_request_info /opt/stack/keystone/keystone/server/flask/request_processing/req_logging.py:28}}
Apr 08 14:21:40 ubuntu devstack@keystone.service[67788]: DEBUG keystone.server.flask.request_processing.middleware.auth_context [None req-f2a89cd3-7151-44ac-a4a0-72d669f180f0 None None] Authenticating user token {{(pid=67788) process_request /opt/stack/data/venv/lib/python3.12/site-packages/keystonemiddleware/auth_token/__init__.py:407}}
Apr 08 14:21:40 ubuntu devstack@keystone.service[67789]: DEBUG keystone.common.rbac_enforcer.enforcer [None req-219efe52-d061-47da-9327-6a5ee2bb2517 None admin] RBAC: Adding query filter params (name=Default) {{(pid=67789) _extract_filter_values /opt/stack/keystone/keystone/common/rbac_enforcer/enforcer.py:176}}
Apr 08 14:21:40 ubuntu devstack@keystone.service[67789]: DEBUG keystone.common.rbac_enforcer.enforcer [None req-219efe52-d061-47da-9327-6a5ee2bb2517 None admin] RBAC: Authorizing `identity:list_domains()` {{(pid=67789) enforce_call /opt/stack/keystone/keystone/common/rbac_enforcer/enforcer.py:494}}
Apr 08 14:21:40 ubuntu devstack@keystone.service[67789]: DEBUG keystone.common.rbac_enforcer.enforcer [None req-219efe52-d061-47da-9327-6a5ee2bb2517 None admin] RBAC: Authorization granted {{(pid=67789) enforce_call /opt/stack/keystone/keystone/common/rbac_enforcer/enforcer.py:505}}
Apr 08 14:21:40 ubuntu devstack@keystone.service[67789]: [pid: 67789|app: 0|req: 19/36] 10.120.125.143 () {58 vars in 1190 bytes} [Wed Apr  8 14:21:40 2026] GET /identity/v3/domains?name=Default => generated 310 bytes in 60 msecs (HTTP/1.1 200) 5 headers in 177 bytes (1 switches on core 0)
Apr 08 14:21:40 ubuntu devstack@keystone.service[67789]: DEBUG keystone.server.flask.request_processing.req_logging [None req-2df5f4da-eb72-4a5d-bb05-cbec2873e2d6 None None] REQUEST_METHOD: `POST` {{(pid=67789) log_request_info /opt/stack/keystone/keystone/server/flask/request_processing/req_logging.py:26}}
Apr 08 14:21:40 ubuntu devstack@keystone.service[67789]: DEBUG keystone.server.flask.request_processing.req_logging [None req-2df5f4da-eb72-4a5d-bb05-cbec2873e2d6 None None] SCRIPT_NAME: `/identity` {{(pid=67789) log_request_info /opt/stack/keystone/keystone/server/flask/request_processing/req_logging.py:27}}
Apr 08 14:21:40 ubuntu devstack@keystone.service[67789]: DEBUG keystone.server.flask.request_processing.req_logging [None req-2df5f4da-eb72-4a5d-bb05-cbec2873e2d6 None None] PATH_INFO: `/v3/auth/tokens` {{(pid=67789) log_request_info /opt/stack/keystone/keystone/server/flask/request_processing/req_logging.py:28}}
Apr 08 14:21:40 ubuntu devstack@keystone.service[67789]: WARNING keystone.common.password_hashing [None req-2df5f4da-eb72-4a5d-bb05-cbec2873e2d6 None None] Truncating password to algorithm specific maximum length 72 characters.
Apr 08 14:21:40 ubuntu devstack@keystone.service[67789]: DEBUG keystone.auth.core [None req-2df5f4da-eb72-4a5d-bb05-cbec2873e2d6 None None] MFA Rules not processed for user `3b1454cec5ac49578e3fc8a0d47e746b`. Rule list: `[]` (Enabled: `True`). {{(pid=67789) check_auth_methods_against_rules /opt/stack/keystone/keystone/auth/core.py:476}}
Apr 08 14:21:40 ubuntu devstack@keystone.service[67789]: DEBUG keystone.common.fernet_utils [None req-2df5f4da-eb72-4a5d-bb05-cbec2873e2d6 None None] Loaded 2 Fernet keys from /etc/keystone/fernet-keys/, but `[fernet_tokens] max_active_keys = 3`; perhaps there have not been enough key rotations to reach `max_active_keys` yet? {{(pid=67789) load_keys /opt/stack/keystone/keystone/common/fernet_utils.py:297}}
Apr 08 14:21:40 ubuntu devstack@keystone.service[67788]: DEBUG keystone.server.flask.request_processing.middleware.auth_context [None req-f2a89cd3-7151-44ac-a4a0-72d669f180f0 None None] Validating token access rules against request {{(pid=67788) validate_allowed_request /opt/stack/data/venv/lib/python3.12/site-packages/keystonemiddleware/auth_token/__init__.py:545}}
Apr 08 14:21:40 ubuntu devstack@keystone.service[67788]: DEBUG keystone.server.flask.request_processing.middleware.auth_context [None req-d5cf231a-80e5-4588-8c5a-20b2ab6c37a6 None admin] RBAC: auth_context: {'token': <TokenModel (audit_id=RUQBI4agSGCOZKfqK7vPEA, audit_chain_id=['RUQBI4agSGCOZKfqK7vPEA']) at 0x7705be5d34a0>, 'domain_id': None, 'trust_id': None, 'trustor_id': None, 'trustee_id': None, 'domain_name': None, 'group_ids': [], 'user_id': '3b1454cec5ac49578e3fc8a0d47e746b', 'user_domain_id': 'default', 'system_scope': 'all', 'project_id': None, 'project_domain_id': None, 'roles': ['admin', 'manager', 'member', 'reader'], 'is_admin_project': True, 'service_user_id': None, 'service_user_domain_id': None, 'service_project_id': None, 'service_project_domain_id': None, 'service_roles': []} {{(pid=67788) fill_context /opt/stack/keystone/keystone/server/flask/request_processing/middleware/auth_context.py:509}}
Apr 08 14:21:40 ubuntu devstack@keystone.service[67788]: DEBUG keystone.server.flask.request_processing.req_logging [None req-d5cf231a-80e5-4588-8c5a-20b2ab6c37a6 None admin] REQUEST_METHOD: `GET` {{(pid=67788) log_request_info /opt/stack/keystone/keystone/server/flask/request_processing/req_logging.py:26}}
Apr 08 14:21:40 ubuntu devstack@keystone.service[67788]: DEBUG keystone.server.flask.request_processing.req_logging [None req-d5cf231a-80e5-4588-8c5a-20b2ab6c37a6 None admin] SCRIPT_NAME: `/identity` {{(pid=67788) log_request_info /opt/stack/keystone/keystone/server/flask/request_processing/req_logging.py:27}}
Apr 08 14:21:40 ubuntu devstack@keystone.service[67788]: DEBUG keystone.server.flask.request_processing.req_logging [None req-d5cf231a-80e5-4588-8c5a-20b2ab6c37a6 None admin] PATH_INFO: `/v3/roles/service` {{(pid=67788) log_request_info /opt/stack/keystone/keystone/server/flask/request_processing/req_logging.py:28}}
Apr 08 14:21:40 ubuntu devstack@keystone.service[67789]: [pid: 67789|app: 0|req: 20/37] 10.120.125.143 () {60 vars in 1048 bytes} [Wed Apr  8 14:21:40 2026] POST /identity/v3/auth/tokens => generated 863 bytes in 44 msecs (HTTP/1.1 201) 6 headers in 363 bytes (1 switches on core 0)
Apr 08 14:21:40 ubuntu devstack@keystone.service[67789]: DEBUG keystone.server.flask.request_processing.middleware.auth_context [None req-2df5f4da-eb72-4a5d-bb05-cbec2873e2d6 None None] Authenticating user token {{(pid=67789) process_request /opt/stack/data/venv/lib/python3.12/site-packages/keystonemiddleware/auth_token/__init__.py:407}}
Apr 08 14:21:40 ubuntu devstack@keystone.service[67788]: DEBUG keystone.common.rbac_enforcer.enforcer [None req-d5cf231a-80e5-4588-8c5a-20b2ab6c37a6 None admin] Extracting inferred target data resulted in "NOT FOUND (404)". {{(pid=67788) enforce_call /opt/stack/keystone/keystone/common/rbac_enforcer/enforcer.py:445}}
Apr 08 14:21:40 ubuntu devstack@keystone.service[67788]: DEBUG keystone.server.flask.application [None req-d5cf231a-80e5-4588-8c5a-20b2ab6c37a6 None admin] Could not find role: service. {{(pid=67788) _handle_keystone_exception /opt/stack/keystone/keystone/server/flask/application.py:146}}
Apr 08 14:21:40 ubuntu devstack@keystone.service[67788]: [pid: 67788|app: 0|req: 18/38] 10.120.125.143 () {58 vars in 1170 bytes} [Wed Apr  8 14:21:40 2026] GET /identity/v3/roles/service => generated 85 bytes in 59 msecs (HTTP/1.1 404) 5 headers in 183 bytes (1 switches on core 0)
Apr 08 14:21:40 ubuntu devstack@keystone.service[67789]: DEBUG keystone.server.flask.request_processing.middleware.auth_context [None req-2df5f4da-eb72-4a5d-bb05-cbec2873e2d6 None None] Validating token access rules against request {{(pid=67789) validate_allowed_request /opt/stack/data/venv/lib/python3.12/site-packages/keystonemiddleware/auth_token/__init__.py:545}}
Apr 08 14:21:40 ubuntu devstack@keystone.service[67789]: DEBUG keystone.server.flask.request_processing.middleware.auth_context [None req-ee729a24-df58-441f-9624-f6c226dd3da6 None admin] RBAC: auth_context: {'token': <TokenModel (audit_id=zx367XxNREa-fsPKHXuDqQ, audit_chain_id=['zx367XxNREa-fsPKHXuDqQ']) at 0x7705be50fc80>, 'domain_id': None, 'trust_id': None, 'trustor_id': None, 'trustee_id': None, 'domain_name': None, 'group_ids': [], 'user_id': '3b1454cec5ac49578e3fc8a0d47e746b', 'user_domain_id': 'default', 'system_scope': 'all', 'project_id': None, 'project_domain_id': None, 'roles': ['admin', 'manager', 'member', 'reader'], 'is_admin_project': True, 'service_user_id': None, 'service_user_domain_id': None, 'service_project_id': None, 'service_project_domain_id': None, 'service_roles': []} {{(pid=67789) fill_context /opt/stack/keystone/keystone/server/flask/request_processing/middleware/auth_context.py:509}}
Apr 08 14:21:40 ubuntu devstack@keystone.service[67789]: DEBUG keystone.server.flask.request_processing.req_logging [None req-ee729a24-df58-441f-9624-f6c226dd3da6 None admin] REQUEST_METHOD: `GET` {{(pid=67789) log_request_info /opt/stack/keystone/keystone/server/flask/request_processing/req_logging.py:26}}
Apr 08 14:21:40 ubuntu devstack@keystone.service[67789]: DEBUG keystone.server.flask.request_processing.req_logging [None req-ee729a24-df58-441f-9624-f6c226dd3da6 None admin] SCRIPT_NAME: `/identity` {{(pid=67789) log_request_info /opt/stack/keystone/keystone/server/flask/request_processing/req_logging.py:27}}
Apr 08 14:21:40 ubuntu devstack@keystone.service[67789]: DEBUG keystone.server.flask.request_processing.req_logging [None req-ee729a24-df58-441f-9624-f6c226dd3da6 None admin] PATH_INFO: `/v3/roles/admin` {{(pid=67789) log_request_info /opt/stack/keystone/keystone/server/flask/request_processing/req_logging.py:28}}
Apr 08 14:21:40 ubuntu devstack@keystone.service[67789]: DEBUG keystone.common.rbac_enforcer.enforcer [None req-ee729a24-df58-441f-9624-f6c226dd3da6 None admin] Extracting inferred target data resulted in "NOT FOUND (404)". {{(pid=67789) enforce_call /opt/stack/keystone/keystone/common/rbac_enforcer/enforcer.py:445}}
Apr 08 14:21:40 ubuntu devstack@keystone.service[67789]: DEBUG keystone.server.flask.application [None req-ee729a24-df58-441f-9624-f6c226dd3da6 None admin] Could not find role: admin. {{(pid=67789) _handle_keystone_exception /opt/stack/keystone/keystone/server/flask/application.py:146}}
Apr 08 14:21:40 ubuntu devstack@keystone.service[67789]: [pid: 67789|app: 0|req: 21/39] 10.120.125.143 () {58 vars in 1164 bytes} [Wed Apr  8 14:21:40 2026] GET /identity/v3/roles/admin => generated 83 bytes in 55 msecs (HTTP/1.1 404) 5 headers in 183 bytes (1 switches on core 0)
Apr 08 14:21:40 ubuntu devstack@keystone.service[67788]: DEBUG keystone.server.flask.request_processing.middleware.auth_context [None req-d5cf231a-80e5-4588-8c5a-20b2ab6c37a6 None admin] Authenticating user token {{(pid=67788) process_request /opt/stack/data/venv/lib/python3.12/site-packages/keystonemiddleware/auth_token/__init__.py:407}}
Apr 08 14:21:40 ubuntu devstack@keystone.service[67788]: DEBUG keystone.server.flask.request_processing.middleware.auth_context [None req-d5cf231a-80e5-4588-8c5a-20b2ab6c37a6 None admin] Validating token access rules against request {{(pid=67788) validate_allowed_request /opt/stack/data/venv/lib/python3.12/site-packages/keystonemiddleware/auth_token/__init__.py:545}}
Apr 08 14:21:40 ubuntu devstack@keystone.service[67789]: DEBUG keystone.server.flask.request_processing.middleware.auth_context [None req-ee729a24-df58-441f-9624-f6c226dd3da6 None admin] Authenticating user token {{(pid=67789) process_request /opt/stack/data/venv/lib/python3.12/site-packages/keystonemiddleware/auth_token/__init__.py:407}}
Apr 08 14:21:40 ubuntu devstack@keystone.service[67788]: DEBUG keystone.server.flask.request_processing.middleware.auth_context [None req-55b8ea26-d013-4940-877b-cf6a39107307 None admin] RBAC: auth_context: {'token': <TokenModel (audit_id=RUQBI4agSGCOZKfqK7vPEA, audit_chain_id=['RUQBI4agSGCOZKfqK7vPEA']) at 0x7705be421d30>, 'domain_id': None, 'trust_id': None, 'trustor_id': None, 'trustee_id': None, 'domain_name': None, 'group_ids': [], 'user_id': '3b1454cec5ac49578e3fc8a0d47e746b', 'user_domain_id': 'default', 'system_scope': 'all', 'project_id': None, 'project_domain_id': None, 'roles': ['admin', 'manager', 'member', 'reader'], 'is_admin_project': True, 'service_user_id': None, 'service_user_domain_id': None, 'service_project_id': None, 'service_project_domain_id': None, 'service_roles': []} {{(pid=67788) fill_context /opt/stack/keystone/keystone/server/flask/request_processing/middleware/auth_context.py:509}}
Apr 08 14:21:40 ubuntu devstack@keystone.service[67788]: DEBUG keystone.server.flask.request_processing.req_logging [None req-55b8ea26-d013-4940-877b-cf6a39107307 None admin] REQUEST_METHOD: `GET` {{(pid=67788) log_request_info /opt/stack/keystone/keystone/server/flask/request_processing/req_logging.py:26}}
Apr 08 14:21:40 ubuntu devstack@keystone.service[67788]: DEBUG keystone.server.flask.request_processing.req_logging [None req-55b8ea26-d013-4940-877b-cf6a39107307 None admin] SCRIPT_NAME: `/identity` {{(pid=67788) log_request_info /opt/stack/keystone/keystone/server/flask/request_processing/req_logging.py:27}}
Apr 08 14:21:40 ubuntu devstack@keystone.service[67788]: DEBUG keystone.server.flask.request_processing.req_logging [None req-55b8ea26-d013-4940-877b-cf6a39107307 None admin] PATH_INFO: `/v3/roles` {{(pid=67788) log_request_info /opt/stack/keystone/keystone/server/flask/request_processing/req_logging.py:28}}
Apr 08 14:21:40 ubuntu devstack@keystone.service[67788]: DEBUG keystone.common.rbac_enforcer.enforcer [None req-55b8ea26-d013-4940-877b-cf6a39107307 None admin] RBAC: Adding query filter params (name=service) {{(pid=67788) _extract_filter_values /opt/stack/keystone/keystone/common/rbac_enforcer/enforcer.py:176}}
Apr 08 14:21:40 ubuntu devstack@keystone.service[67788]: DEBUG keystone.common.rbac_enforcer.enforcer [None req-55b8ea26-d013-4940-877b-cf6a39107307 None admin] RBAC: Authorizing `identity:list_roles()` {{(pid=67788) enforce_call /opt/stack/keystone/keystone/common/rbac_enforcer/enforcer.py:494}}
Apr 08 14:21:40 ubuntu devstack@keystone.service[67788]: DEBUG keystone.common.rbac_enforcer.enforcer [None req-55b8ea26-d013-4940-877b-cf6a39107307 None admin] RBAC: Authorization granted {{(pid=67788) enforce_call /opt/stack/keystone/keystone/common/rbac_enforcer/enforcer.py:505}}
Apr 08 14:21:40 ubuntu devstack@keystone.service[67788]: [pid: 67788|app: 0|req: 19/40] 10.120.125.143 () {58 vars in 1184 bytes} [Wed Apr  8 14:21:40 2026] GET /identity/v3/roles?name=service => generated 345 bytes in 68 msecs (HTTP/1.1 200) 5 headers in 177 bytes (1 switches on core 0)
Apr 08 14:21:40 ubuntu devstack@keystone.service[67788]: DEBUG keystone.server.flask.request_processing.middleware.auth_context [None req-55b8ea26-d013-4940-877b-cf6a39107307 None admin] Authenticating user token {{(pid=67788) process_request /opt/stack/data/venv/lib/python3.12/site-packages/keystonemiddleware/auth_token/__init__.py:407}}
Apr 08 14:21:40 ubuntu devstack@keystone.service[67789]: DEBUG keystone.server.flask.request_processing.middleware.auth_context [None req-ee729a24-df58-441f-9624-f6c226dd3da6 None admin] Validating token access rules against request {{(pid=67789) validate_allowed_request /opt/stack/data/venv/lib/python3.12/site-packages/keystonemiddleware/auth_token/__init__.py:545}}
Apr 08 14:21:40 ubuntu devstack@keystone.service[67789]: DEBUG keystone.server.flask.request_processing.middleware.auth_context [None req-251fb5a0-207b-4aea-b09a-6c15ad4f8d34 None admin] RBAC: auth_context: {'token': <TokenModel (audit_id=zx367XxNREa-fsPKHXuDqQ, audit_chain_id=['zx367XxNREa-fsPKHXuDqQ']) at 0x7705be200770>, 'domain_id': None, 'trust_id': None, 'trustor_id': None, 'trustee_id': None, 'domain_name': None, 'group_ids': [], 'user_id': '3b1454cec5ac49578e3fc8a0d47e746b', 'user_domain_id': 'default', 'system_scope': 'all', 'project_id': None, 'project_domain_id': None, 'roles': ['admin', 'manager', 'member', 'reader'], 'is_admin_project': True, 'service_user_id': None, 'service_user_domain_id': None, 'service_project_id': None, 'service_project_domain_id': None, 'service_roles': []} {{(pid=67789) fill_context /opt/stack/keystone/keystone/server/flask/request_processing/middleware/auth_context.py:509}}
Apr 08 14:21:40 ubuntu devstack@keystone.service[67789]: DEBUG keystone.server.flask.request_processing.req_logging [None req-251fb5a0-207b-4aea-b09a-6c15ad4f8d34 None admin] REQUEST_METHOD: `GET` {{(pid=67789) log_request_info /opt/stack/keystone/keystone/server/flask/request_processing/req_logging.py:26}}
Apr 08 14:21:40 ubuntu devstack@keystone.service[67789]: DEBUG keystone.server.flask.request_processing.req_logging [None req-251fb5a0-207b-4aea-b09a-6c15ad4f8d34 None admin] SCRIPT_NAME: `/identity` {{(pid=67789) log_request_info /opt/stack/keystone/keystone/server/flask/request_processing/req_logging.py:27}}
Apr 08 14:21:40 ubuntu devstack@keystone.service[67789]: DEBUG keystone.server.flask.request_processing.req_logging [None req-251fb5a0-207b-4aea-b09a-6c15ad4f8d34 None admin] PATH_INFO: `/v3/roles` {{(pid=67789) log_request_info /opt/stack/keystone/keystone/server/flask/request_processing/req_logging.py:28}}
Apr 08 14:21:40 ubuntu devstack@keystone.service[67788]: DEBUG keystone.server.flask.request_processing.middleware.auth_context [None req-55b8ea26-d013-4940-877b-cf6a39107307 None admin] Validating token access rules against request {{(pid=67788) validate_allowed_request /opt/stack/data/venv/lib/python3.12/site-packages/keystonemiddleware/auth_token/__init__.py:545}}
Apr 08 14:21:40 ubuntu devstack@keystone.service[67789]: DEBUG keystone.common.rbac_enforcer.enforcer [None req-251fb5a0-207b-4aea-b09a-6c15ad4f8d34 None admin] RBAC: Adding query filter params (name=admin) {{(pid=67789) _extract_filter_values /opt/stack/keystone/keystone/common/rbac_enforcer/enforcer.py:176}}
Apr 08 14:21:40 ubuntu devstack@keystone.service[67789]: DEBUG keystone.common.rbac_enforcer.enforcer [None req-251fb5a0-207b-4aea-b09a-6c15ad4f8d34 None admin] RBAC: Authorizing `identity:list_roles()` {{(pid=67789) enforce_call /opt/stack/keystone/keystone/common/rbac_enforcer/enforcer.py:494}}
Apr 08 14:21:40 ubuntu devstack@keystone.service[67789]: DEBUG keystone.common.rbac_enforcer.enforcer [None req-251fb5a0-207b-4aea-b09a-6c15ad4f8d34 None admin] RBAC: Authorization granted {{(pid=67789) enforce_call /opt/stack/keystone/keystone/common/rbac_enforcer/enforcer.py:505}}
Apr 08 14:21:40 ubuntu devstack@keystone.service[67789]: [pid: 67789|app: 0|req: 22/41] 10.120.125.143 () {58 vars in 1180 bytes} [Wed Apr  8 14:21:40 2026] GET /identity/v3/roles?name=admin => generated 341 bytes in 66 msecs (HTTP/1.1 200) 5 headers in 177 bytes (1 switches on core 0)
Apr 08 14:21:40 ubuntu devstack@keystone.service[67789]: DEBUG keystone.server.flask.request_processing.middleware.auth_context [None req-251fb5a0-207b-4aea-b09a-6c15ad4f8d34 None admin] Authenticating user token {{(pid=67789) process_request /opt/stack/data/venv/lib/python3.12/site-packages/keystonemiddleware/auth_token/__init__.py:407}}
Apr 08 14:21:40 ubuntu devstack@keystone.service[67788]: DEBUG keystone.server.flask.request_processing.middleware.auth_context [None req-d606ceaa-0a86-40ac-88bc-92a0e16ae639 None admin] RBAC: auth_context: {'token': <TokenModel (audit_id=JeL45AeBRQ-uBs8F1on3tQ, audit_chain_id=['JeL45AeBRQ-uBs8F1on3tQ']) at 0x7705be422060>, 'domain_id': None, 'trust_id': None, 'trustor_id': None, 'trustee_id': None, 'domain_name': None, 'group_ids': [], 'user_id': '3b1454cec5ac49578e3fc8a0d47e746b', 'user_domain_id': 'default', 'system_scope': 'all', 'project_id': None, 'project_domain_id': None, 'roles': ['admin', 'manager', 'member', 'reader'], 'is_admin_project': True, 'service_user_id': None, 'service_user_domain_id': None, 'service_project_id': None, 'service_project_domain_id': None, 'service_roles': []} {{(pid=67788) fill_context /opt/stack/keystone/keystone/server/flask/request_processing/middleware/auth_context.py:509}}
Apr 08 14:21:40 ubuntu devstack@keystone.service[67788]: DEBUG keystone.server.flask.request_processing.req_logging [None req-d606ceaa-0a86-40ac-88bc-92a0e16ae639 None admin] REQUEST_METHOD: `POST` {{(pid=67788) log_request_info /opt/stack/keystone/keystone/server/flask/request_processing/req_logging.py:26}}
Apr 08 14:21:40 ubuntu devstack@keystone.service[67788]: DEBUG keystone.server.flask.request_processing.req_logging [None req-d606ceaa-0a86-40ac-88bc-92a0e16ae639 None admin] SCRIPT_NAME: `/identity` {{(pid=67788) log_request_info /opt/stack/keystone/keystone/server/flask/request_processing/req_logging.py:27}}
Apr 08 14:21:40 ubuntu devstack@keystone.service[67788]: DEBUG keystone.server.flask.request_processing.req_logging [None req-d606ceaa-0a86-40ac-88bc-92a0e16ae639 None admin] PATH_INFO: `/v3/projects` {{(pid=67788) log_request_info /opt/stack/keystone/keystone/server/flask/request_processing/req_logging.py:28}}
Apr 08 14:21:40 ubuntu devstack@keystone.service[67788]: DEBUG keystone.common.rbac_enforcer.enforcer [None req-d606ceaa-0a86-40ac-88bc-92a0e16ae639 None admin] RBAC: Authorizing `identity:create_project()` {{(pid=67788) enforce_call /opt/stack/keystone/keystone/common/rbac_enforcer/enforcer.py:494}}
Apr 08 14:21:40 ubuntu devstack@keystone.service[67788]: DEBUG keystone.common.rbac_enforcer.enforcer [None req-d606ceaa-0a86-40ac-88bc-92a0e16ae639 None admin] RBAC: Authorization granted {{(pid=67788) enforce_call /opt/stack/keystone/keystone/common/rbac_enforcer/enforcer.py:505}}
Apr 08 14:21:40 ubuntu devstack@keystone.service[67788]: [pid: 67788|app: 0|req: 20/42] 10.120.125.143 () {62 vars in 1208 bytes} [Wed Apr  8 14:21:40 2026] POST /identity/v3/projects => generated 302 bytes in 67 msecs (HTTP/1.1 201) 5 headers in 182 bytes (1 switches on core 0)
Apr 08 14:21:40 ubuntu devstack@keystone.service[67789]: DEBUG keystone.server.flask.request_processing.middleware.auth_context [None req-251fb5a0-207b-4aea-b09a-6c15ad4f8d34 None admin] Validating token access rules against request {{(pid=67789) validate_allowed_request /opt/stack/data/venv/lib/python3.12/site-packages/keystonemiddleware/auth_token/__init__.py:545}}
Apr 08 14:21:40 ubuntu devstack@keystone.service[67789]: DEBUG keystone.server.flask.request_processing.middleware.auth_context [None req-3bd7fb25-2583-46c3-9c40-c0f04607b899 None admin] RBAC: auth_context: {'token': <TokenModel (audit_id=8DCB3mTGRbu3Zftfm2_L-A, audit_chain_id=['8DCB3mTGRbu3Zftfm2_L-A']) at 0x7705be2031d0>, 'domain_id': None, 'trust_id': None, 'trustor_id': None, 'trustee_id': None, 'domain_name': None, 'group_ids': [], 'user_id': '3b1454cec5ac49578e3fc8a0d47e746b', 'user_domain_id': 'default', 'system_scope': 'all', 'project_id': None, 'project_domain_id': None, 'roles': ['admin', 'manager', 'member', 'reader'], 'is_admin_project': True, 'service_user_id': None, 'service_user_domain_id': None, 'service_project_id': None, 'service_project_domain_id': None, 'service_roles': []} {{(pid=67789) fill_context /opt/stack/keystone/keystone/server/flask/request_processing/middleware/auth_context.py:509}}
Apr 08 14:21:40 ubuntu devstack@keystone.service[67789]: DEBUG keystone.server.flask.request_processing.req_logging [None req-3bd7fb25-2583-46c3-9c40-c0f04607b899 None admin] REQUEST_METHOD: `POST` {{(pid=67789) log_request_info /opt/stack/keystone/keystone/server/flask/request_processing/req_logging.py:26}}
Apr 08 14:21:40 ubuntu devstack@keystone.service[67789]: DEBUG keystone.server.flask.request_processing.req_logging [None req-3bd7fb25-2583-46c3-9c40-c0f04607b899 None admin] SCRIPT_NAME: `/identity` {{(pid=67789) log_request_info /opt/stack/keystone/keystone/server/flask/request_processing/req_logging.py:27}}
Apr 08 14:21:40 ubuntu devstack@keystone.service[67789]: DEBUG keystone.server.flask.request_processing.req_logging [None req-3bd7fb25-2583-46c3-9c40-c0f04607b899 None admin] PATH_INFO: `/v3/roles` {{(pid=67789) log_request_info /opt/stack/keystone/keystone/server/flask/request_processing/req_logging.py:28}}
Apr 08 14:21:40 ubuntu devstack@keystone.service[67789]: DEBUG keystone.common.rbac_enforcer.enforcer [None req-3bd7fb25-2583-46c3-9c40-c0f04607b899 None admin] RBAC: Authorizing `identity:create_role()` {{(pid=67789) enforce_call /opt/stack/keystone/keystone/common/rbac_enforcer/enforcer.py:494}}
Apr 08 14:21:40 ubuntu devstack@keystone.service[67789]: DEBUG keystone.common.rbac_enforcer.enforcer [None req-3bd7fb25-2583-46c3-9c40-c0f04607b899 None admin] RBAC: Authorization granted {{(pid=67789) enforce_call /opt/stack/keystone/keystone/common/rbac_enforcer/enforcer.py:505}}
Apr 08 14:21:40 ubuntu devstack@keystone.service[67788]: DEBUG keystone.server.flask.request_processing.middleware.auth_context [None req-d606ceaa-0a86-40ac-88bc-92a0e16ae639 None admin] Authenticating user token {{(pid=67788) process_request /opt/stack/data/venv/lib/python3.12/site-packages/keystonemiddleware/auth_token/__init__.py:407}}
Apr 08 14:21:40 ubuntu devstack@keystone.service[67788]: DEBUG keystone.server.flask.request_processing.middleware.auth_context [None req-d606ceaa-0a86-40ac-88bc-92a0e16ae639 None admin] Validating token access rules against request {{(pid=67788) validate_allowed_request /opt/stack/data/venv/lib/python3.12/site-packages/keystonemiddleware/auth_token/__init__.py:545}}
Apr 08 14:21:40 ubuntu devstack@keystone.service[67789]: [pid: 67789|app: 0|req: 23/43] 10.120.125.143 () {62 vars in 1199 bytes} [Wed Apr  8 14:21:40 2026] POST /identity/v3/roles => generated 224 bytes in 125 msecs (HTTP/1.1 201) 5 headers in 182 bytes (2 switches on core 0)
Apr 08 14:21:40 ubuntu devstack@keystone.service[67788]: DEBUG keystone.server.flask.request_processing.middleware.auth_context [None req-54a6b412-be8b-47ca-a22d-3cf908029326 None admin] RBAC: auth_context: {'token': <TokenModel (audit_id=zx367XxNREa-fsPKHXuDqQ, audit_chain_id=['zx367XxNREa-fsPKHXuDqQ']) at 0x7705be423410>, 'domain_id': None, 'trust_id': None, 'trustor_id': None, 'trustee_id': None, 'domain_name': None, 'group_ids': [], 'user_id': '3b1454cec5ac49578e3fc8a0d47e746b', 'user_domain_id': 'default', 'system_scope': 'all', 'project_id': None, 'project_domain_id': None, 'roles': ['admin', 'manager', 'member', 'reader'], 'is_admin_project': True, 'service_user_id': None, 'service_user_domain_id': None, 'service_project_id': None, 'service_project_domain_id': None, 'service_roles': []} {{(pid=67788) fill_context /opt/stack/keystone/keystone/server/flask/request_processing/middleware/auth_context.py:509}}
Apr 08 14:21:40 ubuntu devstack@keystone.service[67788]: DEBUG keystone.server.flask.request_processing.req_logging [None req-54a6b412-be8b-47ca-a22d-3cf908029326 None admin] REQUEST_METHOD: `GET` {{(pid=67788) log_request_info /opt/stack/keystone/keystone/server/flask/request_processing/req_logging.py:26}}
Apr 08 14:21:40 ubuntu devstack@keystone.service[67788]: DEBUG keystone.server.flask.request_processing.req_logging [None req-54a6b412-be8b-47ca-a22d-3cf908029326 None admin] SCRIPT_NAME: `/identity` {{(pid=67788) log_request_info /opt/stack/keystone/keystone/server/flask/request_processing/req_logging.py:27}}
Apr 08 14:21:40 ubuntu devstack@keystone.service[67788]: DEBUG keystone.server.flask.request_processing.req_logging [None req-54a6b412-be8b-47ca-a22d-3cf908029326 None admin] PATH_INFO: `/v3/users/3b1454cec5ac49578e3fc8a0d47e746b` {{(pid=67788) log_request_info /opt/stack/keystone/keystone/server/flask/request_processing/req_logging.py:28}}
Apr 08 14:21:40 ubuntu devstack@keystone.service[67788]: DEBUG keystone.common.rbac_enforcer.enforcer [None req-54a6b412-be8b-47ca-a22d-3cf908029326 None admin] RBAC: Authorizing `identity:get_user(user_id=3b1454cec5ac49578e3fc8a0d47e746b)` {{(pid=67788) enforce_call /opt/stack/keystone/keystone/common/rbac_enforcer/enforcer.py:494}}
Apr 08 14:21:40 ubuntu devstack@keystone.service[67788]: DEBUG keystone.common.rbac_enforcer.enforcer [None req-54a6b412-be8b-47ca-a22d-3cf908029326 None admin] RBAC: Authorization granted {{(pid=67788) enforce_call /opt/stack/keystone/keystone/common/rbac_enforcer/enforcer.py:505}}
Apr 08 14:21:40 ubuntu devstack@keystone.service[67788]: [pid: 67788|app: 0|req: 21/44] 10.120.125.143 () {58 vars in 1245 bytes} [Wed Apr  8 14:21:40 2026] GET /identity/v3/users/3b1454cec5ac49578e3fc8a0d47e746b => generated 248 bytes in 81 msecs (HTTP/1.1 200) 5 headers in 177 bytes (1 switches on core 0)
Apr 08 14:21:40 ubuntu devstack@keystone.service[67789]: DEBUG keystone.server.flask.request_processing.middleware.auth_context [None req-3bd7fb25-2583-46c3-9c40-c0f04607b899 None admin] Authenticating user token {{(pid=67789) process_request /opt/stack/data/venv/lib/python3.12/site-packages/keystonemiddleware/auth_token/__init__.py:407}}
Apr 08 14:21:40 ubuntu devstack@keystone.service[67788]: DEBUG keystone.server.flask.request_processing.middleware.auth_context [None req-54a6b412-be8b-47ca-a22d-3cf908029326 None admin] Authenticating user token {{(pid=67788) process_request /opt/stack/data/venv/lib/python3.12/site-packages/keystonemiddleware/auth_token/__init__.py:407}}
Apr 08 14:21:40 ubuntu devstack@keystone.service[67789]: DEBUG keystone.server.flask.request_processing.middleware.auth_context [None req-3bd7fb25-2583-46c3-9c40-c0f04607b899 None admin] Validating token access rules against request {{(pid=67789) validate_allowed_request /opt/stack/data/venv/lib/python3.12/site-packages/keystonemiddleware/auth_token/__init__.py:545}}
Apr 08 14:21:40 ubuntu devstack@keystone.service[67789]: DEBUG keystone.server.flask.request_processing.middleware.auth_context [None req-1feb84e8-877d-4c63-8c2b-b2b772f9dee2 None admin] RBAC: auth_context: {'token': <TokenModel (audit_id=zx367XxNREa-fsPKHXuDqQ, audit_chain_id=['zx367XxNREa-fsPKHXuDqQ']) at 0x7705be6b7a10>, 'domain_id': None, 'trust_id': None, 'trustor_id': None, 'trustee_id': None, 'domain_name': None, 'group_ids': [], 'user_id': '3b1454cec5ac49578e3fc8a0d47e746b', 'user_domain_id': 'default', 'system_scope': 'all', 'project_id': None, 'project_domain_id': None, 'roles': ['admin', 'manager', 'member', 'reader'], 'is_admin_project': True, 'service_user_id': None, 'service_user_domain_id': None, 'service_project_id': None, 'service_project_domain_id': None, 'service_roles': []} {{(pid=67789) fill_context /opt/stack/keystone/keystone/server/flask/request_processing/middleware/auth_context.py:509}}
Apr 08 14:21:40 ubuntu devstack@keystone.service[67789]: DEBUG keystone.server.flask.request_processing.req_logging [None req-1feb84e8-877d-4c63-8c2b-b2b772f9dee2 None admin] REQUEST_METHOD: `GET` {{(pid=67789) log_request_info /opt/stack/keystone/keystone/server/flask/request_processing/req_logging.py:26}}
Apr 08 14:21:40 ubuntu devstack@keystone.service[67789]: DEBUG keystone.server.flask.request_processing.req_logging [None req-1feb84e8-877d-4c63-8c2b-b2b772f9dee2 None admin] SCRIPT_NAME: `/identity` {{(pid=67789) log_request_info /opt/stack/keystone/keystone/server/flask/request_processing/req_logging.py:27}}
Apr 08 14:21:40 ubuntu devstack@keystone.service[67789]: DEBUG keystone.server.flask.request_processing.req_logging [None req-1feb84e8-877d-4c63-8c2b-b2b772f9dee2 None admin] PATH_INFO: `/v3/domains/default` {{(pid=67789) log_request_info /opt/stack/keystone/keystone/server/flask/request_processing/req_logging.py:28}}
Apr 08 14:21:40 ubuntu devstack@keystone.service[67789]: DEBUG keystone.common.rbac_enforcer.enforcer [None req-1feb84e8-877d-4c63-8c2b-b2b772f9dee2 None admin] RBAC: Authorizing `identity:get_domain(domain_id=default)` {{(pid=67789) enforce_call /opt/stack/keystone/keystone/common/rbac_enforcer/enforcer.py:494}}
Apr 08 14:21:40 ubuntu devstack@keystone.service[67789]: DEBUG keystone.common.rbac_enforcer.enforcer [None req-1feb84e8-877d-4c63-8c2b-b2b772f9dee2 None admin] RBAC: Authorization granted {{(pid=67789) enforce_call /opt/stack/keystone/keystone/common/rbac_enforcer/enforcer.py:505}}
Apr 08 14:21:40 ubuntu devstack@keystone.service[67788]: DEBUG keystone.server.flask.request_processing.middleware.auth_context [None req-54a6b412-be8b-47ca-a22d-3cf908029326 None admin] Validating token access rules against request {{(pid=67788) validate_allowed_request /opt/stack/data/venv/lib/python3.12/site-packages/keystonemiddleware/auth_token/__init__.py:545}}
Apr 08 14:21:40 ubuntu devstack@keystone.service[67789]: [pid: 67789|app: 0|req: 24/45] 10.120.125.143 () {58 vars in 1176 bytes} [Wed Apr  8 14:21:40 2026] GET /identity/v3/domains/default => generated 200 bytes in 62 msecs (HTTP/1.1 200) 5 headers in 177 bytes (1 switches on core 0)
Apr 08 14:21:40 ubuntu devstack@keystone.service[67789]: DEBUG keystone.server.flask.request_processing.middleware.auth_context [None req-1feb84e8-877d-4c63-8c2b-b2b772f9dee2 None admin] Authenticating user token {{(pid=67789) process_request /opt/stack/data/venv/lib/python3.12/site-packages/keystonemiddleware/auth_token/__init__.py:407}}
Apr 08 14:21:40 ubuntu devstack@keystone.service[67788]: DEBUG keystone.server.flask.request_processing.middleware.auth_context [None req-12dafffc-35f7-43c5-8026-cbe9e2a1bc71 None admin] RBAC: auth_context: {'token': <TokenModel (audit_id=2DdoaFUbThWbE8kEBCS0Zg, audit_chain_id=['2DdoaFUbThWbE8kEBCS0Zg']) at 0x7705be420e30>, 'domain_id': None, 'trust_id': None, 'trustor_id': None, 'trustee_id': None, 'domain_name': None, 'group_ids': [], 'user_id': '3b1454cec5ac49578e3fc8a0d47e746b', 'user_domain_id': 'default', 'system_scope': 'all', 'project_id': None, 'project_domain_id': None, 'roles': ['admin', 'manager', 'member', 'reader'], 'is_admin_project': True, 'service_user_id': None, 'service_user_domain_id': None, 'service_project_id': None, 'service_project_domain_id': None, 'service_roles': []} {{(pid=67788) fill_context /opt/stack/keystone/keystone/server/flask/request_processing/middleware/auth_context.py:509}}
Apr 08 14:21:40 ubuntu devstack@keystone.service[67788]: DEBUG keystone.server.flask.request_processing.req_logging [None req-12dafffc-35f7-43c5-8026-cbe9e2a1bc71 None admin] REQUEST_METHOD: `GET` {{(pid=67788) log_request_info /opt/stack/keystone/keystone/server/flask/request_processing/req_logging.py:26}}
Apr 08 14:21:40 ubuntu devstack@keystone.service[67788]: DEBUG keystone.server.flask.request_processing.req_logging [None req-12dafffc-35f7-43c5-8026-cbe9e2a1bc71 None admin] SCRIPT_NAME: `/identity` {{(pid=67788) log_request_info /opt/stack/keystone/keystone/server/flask/request_processing/req_logging.py:27}}
Apr 08 14:21:40 ubuntu devstack@keystone.service[67788]: DEBUG keystone.server.flask.request_processing.req_logging [None req-12dafffc-35f7-43c5-8026-cbe9e2a1bc71 None admin] PATH_INFO: `/v3/domains/default` {{(pid=67788) log_request_info /opt/stack/keystone/keystone/server/flask/request_processing/req_logging.py:28}}
Apr 08 14:21:40 ubuntu devstack@keystone.service[67788]: DEBUG keystone.common.rbac_enforcer.enforcer [None req-12dafffc-35f7-43c5-8026-cbe9e2a1bc71 None admin] RBAC: Authorizing `identity:get_domain(domain_id=default)` {{(pid=67788) enforce_call /opt/stack/keystone/keystone/common/rbac_enforcer/enforcer.py:494}}
Apr 08 14:21:40 ubuntu devstack@keystone.service[67788]: DEBUG keystone.common.rbac_enforcer.enforcer [None req-12dafffc-35f7-43c5-8026-cbe9e2a1bc71 None admin] RBAC: Authorization granted {{(pid=67788) enforce_call /opt/stack/keystone/keystone/common/rbac_enforcer/enforcer.py:505}}
Apr 08 14:21:40 ubuntu devstack@keystone.service[67788]: [pid: 67788|app: 0|req: 22/46] 10.120.125.143 () {58 vars in 1176 bytes} [Wed Apr  8 14:21:40 2026] GET /identity/v3/domains/default => generated 200 bytes in 92 msecs (HTTP/1.1 200) 5 headers in 177 bytes (2 switches on core 0)
Apr 08 14:21:40 ubuntu devstack@keystone.service[67789]: DEBUG keystone.server.flask.request_processing.middleware.auth_context [None req-1feb84e8-877d-4c63-8c2b-b2b772f9dee2 None admin] Validating token access rules against request {{(pid=67789) validate_allowed_request /opt/stack/data/venv/lib/python3.12/site-packages/keystonemiddleware/auth_token/__init__.py:545}}
Apr 08 14:21:40 ubuntu devstack@keystone.service[67788]: DEBUG keystone.server.flask.request_processing.middleware.auth_context [None req-12dafffc-35f7-43c5-8026-cbe9e2a1bc71 None admin] Authenticating user token {{(pid=67788) process_request /opt/stack/data/venv/lib/python3.12/site-packages/keystonemiddleware/auth_token/__init__.py:407}}
Apr 08 14:21:40 ubuntu devstack@keystone.service[67789]: DEBUG keystone.server.flask.request_processing.middleware.auth_context [None req-9b255432-dda9-479a-bdc5-3d9ecc705488 None admin] RBAC: auth_context: {'token': <TokenModel (audit_id=uiBmFnrLTTWEGuSZwivNVg, audit_chain_id=['uiBmFnrLTTWEGuSZwivNVg']) at 0x7705be5eaa50>, 'domain_id': None, 'trust_id': None, 'trustor_id': None, 'trustee_id': None, 'domain_name': None, 'group_ids': [], 'user_id': '3b1454cec5ac49578e3fc8a0d47e746b', 'user_domain_id': 'default', 'system_scope': 'all', 'project_id': None, 'project_domain_id': None, 'roles': ['admin', 'manager', 'member', 'reader'], 'is_admin_project': True, 'service_user_id': None, 'service_user_domain_id': None, 'service_project_id': None, 'service_project_domain_id': None, 'service_roles': []} {{(pid=67789) fill_context /opt/stack/keystone/keystone/server/flask/request_processing/middleware/auth_context.py:509}}
Apr 08 14:21:40 ubuntu devstack@keystone.service[67789]: DEBUG keystone.server.flask.request_processing.req_logging [None req-9b255432-dda9-479a-bdc5-3d9ecc705488 None admin] REQUEST_METHOD: `POST` {{(pid=67789) log_request_info /opt/stack/keystone/keystone/server/flask/request_processing/req_logging.py:26}}
