Mar 12 01:41:00 jammy-provider-cloud-0000008053 systemd[1]: Starting Devstack devstack@g-api.service...
Mar 12 01:41:00 jammy-provider-cloud-0000008053 devstack@g-api.service[114852]: [uWSGI] getting INI configuration from /etc/glance/glance-uwsgi.ini
Mar 12 01:41:00 jammy-provider-cloud-0000008053 devstack@g-api.service[114852]: *** Starting uWSGI 2.0.20-debian (64bit) on [Wed Mar 12 01:41:00 2025] ***
Mar 12 01:41:00 jammy-provider-cloud-0000008053 devstack@g-api.service[114852]: compiled with version: 11.2.0 on 21 March 2022 11:00:44
Mar 12 01:41:00 jammy-provider-cloud-0000008053 devstack@g-api.service[114852]: os: Linux-5.15.0-107-generic #117-Ubuntu SMP Fri Apr 26 12:26:49 UTC 2024
Mar 12 01:41:00 jammy-provider-cloud-0000008053 devstack@g-api.service[114852]: nodename: jammy-provider-cloud-0000008053
Mar 12 01:41:00 jammy-provider-cloud-0000008053 devstack@g-api.service[114852]: machine: x86_64
Mar 12 01:41:00 jammy-provider-cloud-0000008053 devstack@g-api.service[114852]: clock source: unix
Mar 12 01:41:00 jammy-provider-cloud-0000008053 devstack@g-api.service[114852]: pcre jit disabled
Mar 12 01:41:00 jammy-provider-cloud-0000008053 devstack@g-api.service[114852]: detected number of CPU cores: 4
Mar 12 01:41:00 jammy-provider-cloud-0000008053 devstack@g-api.service[114852]: current working directory: /
Mar 12 01:41:00 jammy-provider-cloud-0000008053 devstack@g-api.service[114852]: detected binary path: /usr/bin/uwsgi-core
Mar 12 01:41:00 jammy-provider-cloud-0000008053 devstack@g-api.service[114852]: your processes number limit is 31298
Mar 12 01:41:00 jammy-provider-cloud-0000008053 devstack@g-api.service[114852]: your memory page size is 4096 bytes
Mar 12 01:41:00 jammy-provider-cloud-0000008053 devstack@g-api.service[114852]: detected max file descriptor number: 2048
Mar 12 01:41:00 jammy-provider-cloud-0000008053 devstack@g-api.service[114852]: lock engine: pthread robust mutexes
Mar 12 01:41:00 jammy-provider-cloud-0000008053 devstack@g-api.service[114852]: thunder lock: enabled
Mar 12 01:41:00 jammy-provider-cloud-0000008053 devstack@g-api.service[114852]: uwsgi socket 0 bound to TCP address 127.0.0.1:60999 fd 4
Mar 12 01:41:00 jammy-provider-cloud-0000008053 devstack@g-api.service[114852]: Python version: 3.10.12 (main, Feb  4 2025, 14:57:36) [GCC 11.4.0]
Mar 12 01:41:00 jammy-provider-cloud-0000008053 devstack@g-api.service[114852]: PEP 405 virtualenv detected: /opt/stack/data/venv
Mar 12 01:41:00 jammy-provider-cloud-0000008053 devstack@g-api.service[114852]: Set PythonHome to /opt/stack/data/venv
Mar 12 01:41:00 jammy-provider-cloud-0000008053 devstack@g-api.service[114852]: Python main interpreter initialized at 0x55dfbf692280
Mar 12 01:41:00 jammy-provider-cloud-0000008053 devstack@g-api.service[114852]: python threads support enabled
Mar 12 01:41:00 jammy-provider-cloud-0000008053 devstack@g-api.service[114852]: your server socket listen backlog is limited to 100 connections
Mar 12 01:41:00 jammy-provider-cloud-0000008053 devstack@g-api.service[114852]: your mercy for graceful operations on workers is 80 seconds
Mar 12 01:41:00 jammy-provider-cloud-0000008053 devstack@g-api.service[114852]: mapped 403077 bytes (393 KB) for 2 cores
Mar 12 01:41:00 jammy-provider-cloud-0000008053 devstack@g-api.service[114852]: *** Operational MODE: preforking ***
Mar 12 01:41:00 jammy-provider-cloud-0000008053 devstack@g-api.service[114852]: *** uWSGI is running in multiple interpreter mode ***
Mar 12 01:41:00 jammy-provider-cloud-0000008053 devstack@g-api.service[114852]: spawned uWSGI master process (pid: 114852)
Mar 12 01:41:00 jammy-provider-cloud-0000008053 systemd[1]: Started Devstack devstack@g-api.service.
Mar 12 01:41:00 jammy-provider-cloud-0000008053 devstack@g-api.service[114852]: spawned uWSGI worker 1 (pid: 114853, cores: 1)
Mar 12 01:41:00 jammy-provider-cloud-0000008053 devstack@g-api.service[114852]: spawned uWSGI worker 2 (pid: 114854, cores: 1)
Mar 12 01:41:00 jammy-provider-cloud-0000008053 devstack@g-api.service[114852]: running "unix_signal:15 gracefully_kill_them_all" (master-start)...
Mar 12 01:41:01 jammy-provider-cloud-0000008053 devstack@g-api.service[114854]: INFO glance.async_ [-] Threadpool model set to 'NativeThreadPoolModel'
Mar 12 01:41:01 jammy-provider-cloud-0000008053 devstack@g-api.service[114853]: INFO glance.async_ [-] Threadpool model set to 'NativeThreadPoolModel'
Mar 12 01:41:01 jammy-provider-cloud-0000008053 devstack@g-api.service[114854]: DEBUG oslo_concurrency.processutils [-] Running cmd (subprocess): grep -F node.session.scan /sbin/iscsiadm {{(pid=114854) execute /opt/stack/data/venv/lib/python3.10/site-packages/oslo_concurrency/processutils.py:349}}
Mar 12 01:41:01 jammy-provider-cloud-0000008053 devstack@g-api.service[114853]: DEBUG oslo_concurrency.processutils [-] Running cmd (subprocess): grep -F node.session.scan /sbin/iscsiadm {{(pid=114853) execute /opt/stack/data/venv/lib/python3.10/site-packages/oslo_concurrency/processutils.py:349}}
Mar 12 01:41:01 jammy-provider-cloud-0000008053 devstack@g-api.service[114854]: DEBUG oslo_concurrency.processutils [-] CMD "grep -F node.session.scan /sbin/iscsiadm" returned: 0 in 0.017s {{(pid=114854) execute /opt/stack/data/venv/lib/python3.10/site-packages/oslo_concurrency/processutils.py:372}}
Mar 12 01:41:01 jammy-provider-cloud-0000008053 devstack@g-api.service[114853]: DEBUG oslo_concurrency.processutils [-] CMD "grep -F node.session.scan /sbin/iscsiadm" returned: 0 in 0.014s {{(pid=114853) execute /opt/stack/data/venv/lib/python3.10/site-packages/oslo_concurrency/processutils.py:372}}
Mar 12 01:41:01 jammy-provider-cloud-0000008053 devstack@g-api.service[114854]: DEBUG glance_store.common.attachment_state_manager [-] Initialising _AttachmentStateManager {{(pid=114854) __init__ /opt/stack/data/venv/lib/python3.10/site-packages/glance_store/common/attachment_state_manager.py:86}}
Mar 12 01:41:01 jammy-provider-cloud-0000008053 devstack@g-api.service[114853]: DEBUG glance_store.common.attachment_state_manager [-] Initialising _AttachmentStateManager {{(pid=114853) __init__ /opt/stack/data/venv/lib/python3.10/site-packages/glance_store/common/attachment_state_manager.py:86}}
Mar 12 01:41:02 jammy-provider-cloud-0000008053 devstack@g-api.service[114854]: DEBUG glance_store.backend [-] Attempting to import store cinder {{(pid=114854) _load_store /opt/stack/data/venv/lib/python3.10/site-packages/glance_store/backend.py:216}}
Mar 12 01:41:02 jammy-provider-cloud-0000008053 devstack@g-api.service[114854]: DEBUG glance_store.backend [-] Attempting to import store file {{(pid=114854) _load_store /opt/stack/data/venv/lib/python3.10/site-packages/glance_store/backend.py:216}}
Mar 12 01:41:02 jammy-provider-cloud-0000008053 devstack@g-api.service[114854]: DEBUG glance_store.backend [-] Attempting to import store glance.store.cinder.Store {{(pid=114854) _load_store /opt/stack/data/venv/lib/python3.10/site-packages/glance_store/backend.py:216}}
Mar 12 01:41:02 jammy-provider-cloud-0000008053 devstack@g-api.service[114854]: DEBUG glance_store.backend [-] Attempting to import store glance.store.filesystem.Store {{(pid=114854) _load_store /opt/stack/data/venv/lib/python3.10/site-packages/glance_store/backend.py:216}}
Mar 12 01:41:02 jammy-provider-cloud-0000008053 devstack@g-api.service[114854]: DEBUG glance_store.backend [-] Attempting to import store glance.store.http.Store {{(pid=114854) _load_store /opt/stack/data/venv/lib/python3.10/site-packages/glance_store/backend.py:216}}
Mar 12 01:41:02 jammy-provider-cloud-0000008053 devstack@g-api.service[114854]: DEBUG glance_store.backend [-] Attempting to import store glance.store.rbd.Store {{(pid=114854) _load_store /opt/stack/data/venv/lib/python3.10/site-packages/glance_store/backend.py:216}}
Mar 12 01:41:02 jammy-provider-cloud-0000008053 devstack@g-api.service[114854]: DEBUG glance_store.backend [-] Attempting to import store glance.store.s3.Store {{(pid=114854) _load_store /opt/stack/data/venv/lib/python3.10/site-packages/glance_store/backend.py:216}}
Mar 12 01:41:02 jammy-provider-cloud-0000008053 devstack@g-api.service[114854]: DEBUG glance_store.backend [-] Attempting to import store glance.store.swift.Store {{(pid=114854) _load_store /opt/stack/data/venv/lib/python3.10/site-packages/glance_store/backend.py:216}}
Mar 12 01:41:02 jammy-provider-cloud-0000008053 devstack@g-api.service[114854]: DEBUG glance_store.backend [-] Attempting to import store glance.store.vmware_datastore.Store {{(pid=114854) _load_store /opt/stack/data/venv/lib/python3.10/site-packages/glance_store/backend.py:216}}
Mar 12 01:41:02 jammy-provider-cloud-0000008053 devstack@g-api.service[114854]: DEBUG glance_store.backend [-] Attempting to import store http {{(pid=114854) _load_store /opt/stack/data/venv/lib/python3.10/site-packages/glance_store/backend.py:216}}
Mar 12 01:41:02 jammy-provider-cloud-0000008053 devstack@g-api.service[114854]: DEBUG glance_store.backend [-] Attempting to import store no_conf {{(pid=114854) _load_store /opt/stack/data/venv/lib/python3.10/site-packages/glance_store/backend.py:216}}
Mar 12 01:41:02 jammy-provider-cloud-0000008053 devstack@g-api.service[114854]: DEBUG glance_store.backend [-] Attempting to import store rbd {{(pid=114854) _load_store /opt/stack/data/venv/lib/python3.10/site-packages/glance_store/backend.py:216}}
Mar 12 01:41:02 jammy-provider-cloud-0000008053 devstack@g-api.service[114854]: DEBUG glance_store.backend [-] Attempting to import store s3 {{(pid=114854) _load_store /opt/stack/data/venv/lib/python3.10/site-packages/glance_store/backend.py:216}}
Mar 12 01:41:02 jammy-provider-cloud-0000008053 devstack@g-api.service[114854]: DEBUG glance_store.backend [-] Attempting to import store swift {{(pid=114854) _load_store /opt/stack/data/venv/lib/python3.10/site-packages/glance_store/backend.py:216}}
Mar 12 01:41:02 jammy-provider-cloud-0000008053 devstack@g-api.service[114854]: DEBUG glance_store.backend [-] Attempting to import store vmware {{(pid=114854) _load_store /opt/stack/data/venv/lib/python3.10/site-packages/glance_store/backend.py:216}}
Mar 12 01:41:02 jammy-provider-cloud-0000008053 devstack@g-api.service[114854]: DEBUG glance_store.backend [-] Registering options for group glance_store {{(pid=114854) register_opts /opt/stack/data/venv/lib/python3.10/site-packages/glance_store/backend.py:145}}
Mar 12 01:41:02 jammy-provider-cloud-0000008053 devstack@g-api.service[114854]: DEBUG glance_store.backend [-] Registering options for group glance_store {{(pid=114854) register_opts /opt/stack/data/venv/lib/python3.10/site-packages/glance_store/backend.py:145}}
Mar 12 01:41:02 jammy-provider-cloud-0000008053 devstack@g-api.service[114854]: DEBUG glance_store.backend [-] Attempting to import store http {{(pid=114854) _load_store /opt/stack/data/venv/lib/python3.10/site-packages/glance_store/backend.py:216}}
Mar 12 01:41:02 jammy-provider-cloud-0000008053 devstack@g-api.service[114854]: DEBUG glance_store.capabilities [-] Store glance_store._drivers.http.Store doesn't support updating dynamic storage capabilities. Please overwrite 'update_capabilities' method of the store to implement updating logics if needed. {{(pid=114854) update_capabilities /opt/stack/data/venv/lib/python3.10/site-packages/glance_store/capabilities.py:91}}
Mar 12 01:41:02 jammy-provider-cloud-0000008053 devstack@g-api.service[114854]: DEBUG glance_store.backend [-] Registering store http with schemes ('http', 'https') {{(pid=114854) create_stores /opt/stack/data/venv/lib/python3.10/site-packages/glance_store/backend.py:262}}
Mar 12 01:41:02 jammy-provider-cloud-0000008053 devstack@g-api.service[114854]: DEBUG glance_store.driver [-] Late loading location class glance_store._drivers.http.StoreLocation {{(pid=114854) get_store_location_class /opt/stack/data/venv/lib/python3.10/site-packages/glance_store/driver.py:133}}
Mar 12 01:41:02 jammy-provider-cloud-0000008053 devstack@g-api.service[114854]: DEBUG glance_store.location [-] Registering scheme http with {'store': <glance_store._drivers.http.Store object at 0x7f27bdadf940>, 'location_class': <class 'glance_store._drivers.http.StoreLocation'>, 'store_entry': 'http'} {{(pid=114854) register_scheme_map /opt/stack/data/venv/lib/python3.10/site-packages/glance_store/location.py:146}}
Mar 12 01:41:02 jammy-provider-cloud-0000008053 devstack@g-api.service[114854]: DEBUG glance_store.location [-] Registering scheme https with {'store': <glance_store._drivers.http.Store object at 0x7f27bdadf940>, 'location_class': <class 'glance_store._drivers.http.StoreLocation'>, 'store_entry': 'http'} {{(pid=114854) register_scheme_map /opt/stack/data/venv/lib/python3.10/site-packages/glance_store/location.py:146}}
Mar 12 01:41:02 jammy-provider-cloud-0000008053 devstack@g-api.service[114854]: DEBUG glance_store.backend [-] Attempting to import store file {{(pid=114854) _load_store /opt/stack/data/venv/lib/python3.10/site-packages/glance_store/backend.py:216}}
Mar 12 01:41:02 jammy-provider-cloud-0000008053 devstack@g-api.service[114854]: DEBUG glance_store.capabilities [-] Store glance_store._drivers.filesystem.Store doesn't support updating dynamic storage capabilities. Please overwrite 'update_capabilities' method of the store to implement updating logics if needed. {{(pid=114854) update_capabilities /opt/stack/data/venv/lib/python3.10/site-packages/glance_store/capabilities.py:91}}
Mar 12 01:41:02 jammy-provider-cloud-0000008053 devstack@g-api.service[114854]: DEBUG glance_store.backend [-] Registering store file with schemes ('file', 'filesystem') {{(pid=114854) create_stores /opt/stack/data/venv/lib/python3.10/site-packages/glance_store/backend.py:262}}
Mar 12 01:41:02 jammy-provider-cloud-0000008053 devstack@g-api.service[114854]: DEBUG glance_store.driver [-] Late loading location class glance_store._drivers.filesystem.StoreLocation {{(pid=114854) get_store_location_class /opt/stack/data/venv/lib/python3.10/site-packages/glance_store/driver.py:133}}
Mar 12 01:41:02 jammy-provider-cloud-0000008053 devstack@g-api.service[114854]: DEBUG glance_store.location [-] Registering scheme file with {'store': <glance_store._drivers.filesystem.Store object at 0x7f27bdadf5b0>, 'location_class': <class 'glance_store._drivers.filesystem.StoreLocation'>, 'store_entry': 'file'} {{(pid=114854) register_scheme_map /opt/stack/data/venv/lib/python3.10/site-packages/glance_store/location.py:146}}
Mar 12 01:41:02 jammy-provider-cloud-0000008053 devstack@g-api.service[114854]: DEBUG glance_store.location [-] Registering scheme filesystem with {'store': <glance_store._drivers.filesystem.Store object at 0x7f27bdadf5b0>, 'location_class': <class 'glance_store._drivers.filesystem.StoreLocation'>, 'store_entry': 'file'} {{(pid=114854) register_scheme_map /opt/stack/data/venv/lib/python3.10/site-packages/glance_store/location.py:146}}
Mar 12 01:41:02 jammy-provider-cloud-0000008053 devstack@g-api.service[114854]: DEBUG glance.sqlite_migration [-] SQLite caching database not located, skipping migration {{(pid=114854) get_db_path /opt/stack/glance/glance/sqlite_migration.py:68}}
Mar 12 01:41:02 jammy-provider-cloud-0000008053 devstack@g-api.service[114854]: WARNING glance.common.wsgi_app [-] Import methods are enabled but staging directory /tmp/staging/ does not exist; Imports will fail!
Mar 12 01:41:02 jammy-provider-cloud-0000008053 devstack@g-api.service[114853]: DEBUG glance_store.backend [-] Attempting to import store cinder {{(pid=114853) _load_store /opt/stack/data/venv/lib/python3.10/site-packages/glance_store/backend.py:216}}
Mar 12 01:41:02 jammy-provider-cloud-0000008053 devstack@g-api.service[114853]: DEBUG glance_store.backend [-] Attempting to import store file {{(pid=114853) _load_store /opt/stack/data/venv/lib/python3.10/site-packages/glance_store/backend.py:216}}
Mar 12 01:41:02 jammy-provider-cloud-0000008053 devstack@g-api.service[114853]: DEBUG glance_store.backend [-] Attempting to import store glance.store.cinder.Store {{(pid=114853) _load_store /opt/stack/data/venv/lib/python3.10/site-packages/glance_store/backend.py:216}}
Mar 12 01:41:02 jammy-provider-cloud-0000008053 devstack@g-api.service[114853]: DEBUG glance_store.backend [-] Attempting to import store glance.store.filesystem.Store {{(pid=114853) _load_store /opt/stack/data/venv/lib/python3.10/site-packages/glance_store/backend.py:216}}
Mar 12 01:41:02 jammy-provider-cloud-0000008053 devstack@g-api.service[114853]: DEBUG glance_store.backend [-] Attempting to import store glance.store.http.Store {{(pid=114853) _load_store /opt/stack/data/venv/lib/python3.10/site-packages/glance_store/backend.py:216}}
Mar 12 01:41:02 jammy-provider-cloud-0000008053 devstack@g-api.service[114853]: DEBUG glance_store.backend [-] Attempting to import store glance.store.rbd.Store {{(pid=114853) _load_store /opt/stack/data/venv/lib/python3.10/site-packages/glance_store/backend.py:216}}
Mar 12 01:41:02 jammy-provider-cloud-0000008053 devstack@g-api.service[114853]: DEBUG glance_store.backend [-] Attempting to import store glance.store.s3.Store {{(pid=114853) _load_store /opt/stack/data/venv/lib/python3.10/site-packages/glance_store/backend.py:216}}
Mar 12 01:41:02 jammy-provider-cloud-0000008053 devstack@g-api.service[114853]: DEBUG glance_store.backend [-] Attempting to import store glance.store.swift.Store {{(pid=114853) _load_store /opt/stack/data/venv/lib/python3.10/site-packages/glance_store/backend.py:216}}
Mar 12 01:41:02 jammy-provider-cloud-0000008053 devstack@g-api.service[114853]: DEBUG glance_store.backend [-] Attempting to import store glance.store.vmware_datastore.Store {{(pid=114853) _load_store /opt/stack/data/venv/lib/python3.10/site-packages/glance_store/backend.py:216}}
Mar 12 01:41:02 jammy-provider-cloud-0000008053 devstack@g-api.service[114853]: DEBUG glance_store.backend [-] Attempting to import store http {{(pid=114853) _load_store /opt/stack/data/venv/lib/python3.10/site-packages/glance_store/backend.py:216}}
Mar 12 01:41:02 jammy-provider-cloud-0000008053 devstack@g-api.service[114853]: DEBUG glance_store.backend [-] Attempting to import store no_conf {{(pid=114853) _load_store /opt/stack/data/venv/lib/python3.10/site-packages/glance_store/backend.py:216}}
Mar 12 01:41:02 jammy-provider-cloud-0000008053 devstack@g-api.service[114853]: DEBUG glance_store.backend [-] Attempting to import store rbd {{(pid=114853) _load_store /opt/stack/data/venv/lib/python3.10/site-packages/glance_store/backend.py:216}}
Mar 12 01:41:02 jammy-provider-cloud-0000008053 devstack@g-api.service[114853]: DEBUG glance_store.backend [-] Attempting to import store s3 {{(pid=114853) _load_store /opt/stack/data/venv/lib/python3.10/site-packages/glance_store/backend.py:216}}
Mar 12 01:41:02 jammy-provider-cloud-0000008053 devstack@g-api.service[114853]: DEBUG glance_store.backend [-] Attempting to import store swift {{(pid=114853) _load_store /opt/stack/data/venv/lib/python3.10/site-packages/glance_store/backend.py:216}}
Mar 12 01:41:02 jammy-provider-cloud-0000008053 devstack@g-api.service[114853]: DEBUG glance_store.backend [-] Attempting to import store vmware {{(pid=114853) _load_store /opt/stack/data/venv/lib/python3.10/site-packages/glance_store/backend.py:216}}
Mar 12 01:41:02 jammy-provider-cloud-0000008053 devstack@g-api.service[114853]: DEBUG glance_store.backend [-] Registering options for group glance_store {{(pid=114853) register_opts /opt/stack/data/venv/lib/python3.10/site-packages/glance_store/backend.py:145}}
Mar 12 01:41:02 jammy-provider-cloud-0000008053 devstack@g-api.service[114853]: DEBUG glance_store.backend [-] Registering options for group glance_store {{(pid=114853) register_opts /opt/stack/data/venv/lib/python3.10/site-packages/glance_store/backend.py:145}}
Mar 12 01:41:02 jammy-provider-cloud-0000008053 devstack@g-api.service[114853]: DEBUG glance_store.backend [-] Attempting to import store http {{(pid=114853) _load_store /opt/stack/data/venv/lib/python3.10/site-packages/glance_store/backend.py:216}}
Mar 12 01:41:02 jammy-provider-cloud-0000008053 devstack@g-api.service[114853]: DEBUG glance_store.capabilities [-] Store glance_store._drivers.http.Store doesn't support updating dynamic storage capabilities. Please overwrite 'update_capabilities' method of the store to implement updating logics if needed. {{(pid=114853) update_capabilities /opt/stack/data/venv/lib/python3.10/site-packages/glance_store/capabilities.py:91}}
Mar 12 01:41:02 jammy-provider-cloud-0000008053 devstack@g-api.service[114853]: DEBUG glance_store.backend [-] Registering store http with schemes ('http', 'https') {{(pid=114853) create_stores /opt/stack/data/venv/lib/python3.10/site-packages/glance_store/backend.py:262}}
Mar 12 01:41:02 jammy-provider-cloud-0000008053 devstack@g-api.service[114853]: DEBUG glance_store.driver [-] Late loading location class glance_store._drivers.http.StoreLocation {{(pid=114853) get_store_location_class /opt/stack/data/venv/lib/python3.10/site-packages/glance_store/driver.py:133}}
Mar 12 01:41:02 jammy-provider-cloud-0000008053 devstack@g-api.service[114853]: DEBUG glance_store.location [-] Registering scheme http with {'store': <glance_store._drivers.http.Store object at 0x7f27bdadfbe0>, 'location_class': <class 'glance_store._drivers.http.StoreLocation'>, 'store_entry': 'http'} {{(pid=114853) register_scheme_map /opt/stack/data/venv/lib/python3.10/site-packages/glance_store/location.py:146}}
Mar 12 01:41:02 jammy-provider-cloud-0000008053 devstack@g-api.service[114853]: DEBUG glance_store.location [-] Registering scheme https with {'store': <glance_store._drivers.http.Store object at 0x7f27bdadfbe0>, 'location_class': <class 'glance_store._drivers.http.StoreLocation'>, 'store_entry': 'http'} {{(pid=114853) register_scheme_map /opt/stack/data/venv/lib/python3.10/site-packages/glance_store/location.py:146}}
Mar 12 01:41:02 jammy-provider-cloud-0000008053 devstack@g-api.service[114853]: DEBUG glance_store.backend [-] Attempting to import store file {{(pid=114853) _load_store /opt/stack/data/venv/lib/python3.10/site-packages/glance_store/backend.py:216}}
Mar 12 01:41:02 jammy-provider-cloud-0000008053 devstack@g-api.service[114853]: DEBUG glance_store.capabilities [-] Store glance_store._drivers.filesystem.Store doesn't support updating dynamic storage capabilities. Please overwrite 'update_capabilities' method of the store to implement updating logics if needed. {{(pid=114853) update_capabilities /opt/stack/data/venv/lib/python3.10/site-packages/glance_store/capabilities.py:91}}
Mar 12 01:41:02 jammy-provider-cloud-0000008053 devstack@g-api.service[114853]: DEBUG glance_store.backend [-] Registering store file with schemes ('file', 'filesystem') {{(pid=114853) create_stores /opt/stack/data/venv/lib/python3.10/site-packages/glance_store/backend.py:262}}
Mar 12 01:41:02 jammy-provider-cloud-0000008053 devstack@g-api.service[114853]: DEBUG glance_store.driver [-] Late loading location class glance_store._drivers.filesystem.StoreLocation {{(pid=114853) get_store_location_class /opt/stack/data/venv/lib/python3.10/site-packages/glance_store/driver.py:133}}
Mar 12 01:41:02 jammy-provider-cloud-0000008053 devstack@g-api.service[114853]: DEBUG glance_store.location [-] Registering scheme file with {'store': <glance_store._drivers.filesystem.Store object at 0x7f27bdadd7e0>, 'location_class': <class 'glance_store._drivers.filesystem.StoreLocation'>, 'store_entry': 'file'} {{(pid=114853) register_scheme_map /opt/stack/data/venv/lib/python3.10/site-packages/glance_store/location.py:146}}
Mar 12 01:41:02 jammy-provider-cloud-0000008053 devstack@g-api.service[114853]: DEBUG glance_store.location [-] Registering scheme filesystem with {'store': <glance_store._drivers.filesystem.Store object at 0x7f27bdadd7e0>, 'location_class': <class 'glance_store._drivers.filesystem.StoreLocation'>, 'store_entry': 'file'} {{(pid=114853) register_scheme_map /opt/stack/data/venv/lib/python3.10/site-packages/glance_store/location.py:146}}
Mar 12 01:41:02 jammy-provider-cloud-0000008053 devstack@g-api.service[114853]: DEBUG glance.sqlite_migration [-] SQLite caching database not located, skipping migration {{(pid=114853) get_db_path /opt/stack/glance/glance/sqlite_migration.py:68}}
Mar 12 01:41:02 jammy-provider-cloud-0000008053 devstack@g-api.service[114853]: WARNING glance.common.wsgi_app [-] Import methods are enabled but staging directory /tmp/staging/ does not exist; Imports will fail!
Mar 12 01:41:02 jammy-provider-cloud-0000008053 devstack@g-api.service[114854]: DEBUG glance.common.config [None req-473ce7f3-6156-48b6-a24c-5d33e0b1af34 None None] Loading glance-api-keystone+cachemanagement from /etc/glance/glance-api-paste.ini {{(pid=114854) load_paste_app /opt/stack/glance/glance/common/config.py:750}}
Mar 12 01:41:02 jammy-provider-cloud-0000008053 devstack@g-api.service[114853]: DEBUG glance.common.config [None req-8f933824-9d1f-4c4b-a56c-2113b8dcac54 None None] Loading glance-api-keystone+cachemanagement from /etc/glance/glance-api-paste.ini {{(pid=114853) load_paste_app /opt/stack/glance/glance/common/config.py:750}}
Mar 12 01:41:02 jammy-provider-cloud-0000008053 devstack@g-api.service[114854]: INFO glance.image_cache [None req-473ce7f3-6156-48b6-a24c-5d33e0b1af34 None None] Image cache loaded driver 'centralized_db'.
Mar 12 01:41:02 jammy-provider-cloud-0000008053 devstack@g-api.service[114853]: INFO glance.image_cache [None req-8f933824-9d1f-4c4b-a56c-2113b8dcac54 None None] Image cache loaded driver 'centralized_db'.
Mar 12 01:41:03 jammy-provider-cloud-0000008053 devstack@g-api.service[114854]: INFO dbcounter [None req-473ce7f3-6156-48b6-a24c-5d33e0b1af34 None None] Registered counter for database glance
Mar 12 01:41:03 jammy-provider-cloud-0000008053 devstack@g-api.service[114853]: INFO dbcounter [None req-8f933824-9d1f-4c4b-a56c-2113b8dcac54 None None] Registered counter for database glance
Mar 12 01:41:03 jammy-provider-cloud-0000008053 devstack@g-api.service[114854]: DEBUG oslo_db.sqlalchemy.engines [None req-473ce7f3-6156-48b6-a24c-5d33e0b1af34 None None] MySQL server mode set to STRICT_TRANS_TABLES,STRICT_ALL_TABLES,NO_ZERO_IN_DATE,NO_ZERO_DATE,ERROR_FOR_DIVISION_BY_ZERO,TRADITIONAL,NO_ENGINE_SUBSTITUTION {{(pid=114854) _check_effective_sql_mode /opt/stack/data/venv/lib/python3.10/site-packages/oslo_db/sqlalchemy/engines.py:397}}
Mar 12 01:41:03 jammy-provider-cloud-0000008053 devstack@g-api.service[114853]: DEBUG oslo_db.sqlalchemy.engines [None req-8f933824-9d1f-4c4b-a56c-2113b8dcac54 None None] MySQL server mode set to STRICT_TRANS_TABLES,STRICT_ALL_TABLES,NO_ZERO_IN_DATE,NO_ZERO_DATE,ERROR_FOR_DIVISION_BY_ZERO,TRADITIONAL,NO_ENGINE_SUBSTITUTION {{(pid=114853) _check_effective_sql_mode /opt/stack/data/venv/lib/python3.10/site-packages/oslo_db/sqlalchemy/engines.py:397}}
Mar 12 01:41:03 jammy-provider-cloud-0000008053 devstack@g-api.service[114854]: DEBUG dbcounter [-] [114854] Writer thread running {{(pid=114854) stat_writer /opt/stack/data/venv/lib/python3.10/site-packages/dbcounter.py:102}}
Mar 12 01:41:03 jammy-provider-cloud-0000008053 devstack@g-api.service[114853]: DEBUG dbcounter [-] [114853] Writer thread running {{(pid=114853) stat_writer /opt/stack/data/venv/lib/python3.10/site-packages/dbcounter.py:102}}
Mar 12 01:41:03 jammy-provider-cloud-0000008053 devstack@g-api.service[114853]: DEBUG glance.image_cache.drivers.centralized_db [None req-8f933824-9d1f-4c4b-a56c-2113b8dcac54 None None] Node reference is already recorded, ignoring it {{(pid=114853) configure /opt/stack/glance/glance/image_cache/drivers/centralized_db.py:71}}
Mar 12 01:41:03 jammy-provider-cloud-0000008053 devstack@g-api.service[114854]: INFO glance.image_cache [None req-473ce7f3-6156-48b6-a24c-5d33e0b1af34 None None] Image cache loaded driver 'centralized_db'.
Mar 12 01:41:03 jammy-provider-cloud-0000008053 devstack@g-api.service[114853]: INFO glance.image_cache [None req-8f933824-9d1f-4c4b-a56c-2113b8dcac54 None None] Image cache loaded driver 'centralized_db'.
Mar 12 01:41:03 jammy-provider-cloud-0000008053 devstack@g-api.service[114854]: DEBUG glance.image_cache.drivers.centralized_db [None req-473ce7f3-6156-48b6-a24c-5d33e0b1af34 None None] Node reference is already recorded, ignoring it {{(pid=114854) configure /opt/stack/glance/glance/image_cache/drivers/centralized_db.py:71}}
Mar 12 01:41:03 jammy-provider-cloud-0000008053 devstack@g-api.service[114853]: DEBUG glance.image_cache.drivers.centralized_db [None req-8f933824-9d1f-4c4b-a56c-2113b8dcac54 None None] Node reference is already recorded, ignoring it {{(pid=114853) configure /opt/stack/glance/glance/image_cache/drivers/centralized_db.py:71}}
Mar 12 01:41:03 jammy-provider-cloud-0000008053 devstack@g-api.service[114854]: DEBUG glance.api.v2.cached_images [None req-473ce7f3-6156-48b6-a24c-5d33e0b1af34 None None] Started cache worker thread {{(pid=114854) __init__ /opt/stack/glance/glance/api/v2/cached_images.py:69}}
Mar 12 01:41:03 jammy-provider-cloud-0000008053 devstack@g-api.service[114853]: DEBUG glance.api.v2.cached_images [None req-8f933824-9d1f-4c4b-a56c-2113b8dcac54 None None] Started cache worker thread {{(pid=114853) __init__ /opt/stack/glance/glance/api/v2/cached_images.py:69}}
Mar 12 01:41:03 jammy-provider-cloud-0000008053 devstack@g-api.service[114854]: INFO glance.image_cache [None req-473ce7f3-6156-48b6-a24c-5d33e0b1af34 None None] Image cache loaded driver 'centralized_db'.
Mar 12 01:41:03 jammy-provider-cloud-0000008053 devstack@g-api.service[114853]: INFO glance.image_cache [None req-8f933824-9d1f-4c4b-a56c-2113b8dcac54 None None] Image cache loaded driver 'centralized_db'.
Mar 12 01:41:03 jammy-provider-cloud-0000008053 devstack@g-api.service[114854]: DEBUG glance.image_cache.drivers.centralized_db [None req-473ce7f3-6156-48b6-a24c-5d33e0b1af34 None None] Node reference is already recorded, ignoring it {{(pid=114854) configure /opt/stack/glance/glance/image_cache/drivers/centralized_db.py:71}}
Mar 12 01:41:03 jammy-provider-cloud-0000008053 devstack@g-api.service[114853]: DEBUG glance.image_cache.drivers.centralized_db [None req-8f933824-9d1f-4c4b-a56c-2113b8dcac54 None None] Node reference is already recorded, ignoring it {{(pid=114853) configure /opt/stack/glance/glance/image_cache/drivers/centralized_db.py:71}}
Mar 12 01:41:03 jammy-provider-cloud-0000008053 devstack@g-api.service[114854]: INFO glance.api.middleware.cache_manage [None req-473ce7f3-6156-48b6-a24c-5d33e0b1af34 None None] Initialized image cache management middleware
Mar 12 01:41:03 jammy-provider-cloud-0000008053 devstack@g-api.service[114854]: INFO glance.image_cache [None req-473ce7f3-6156-48b6-a24c-5d33e0b1af34 None None] Image cache loaded driver 'centralized_db'.
Mar 12 01:41:03 jammy-provider-cloud-0000008053 devstack@g-api.service[114853]: INFO glance.api.middleware.cache_manage [None req-8f933824-9d1f-4c4b-a56c-2113b8dcac54 None None] Initialized image cache management middleware
Mar 12 01:41:03 jammy-provider-cloud-0000008053 devstack@g-api.service[114853]: INFO glance.image_cache [None req-8f933824-9d1f-4c4b-a56c-2113b8dcac54 None None] Image cache loaded driver 'centralized_db'.
Mar 12 01:41:03 jammy-provider-cloud-0000008053 devstack@g-api.service[114854]: DEBUG glance.image_cache.drivers.centralized_db [None req-473ce7f3-6156-48b6-a24c-5d33e0b1af34 None None] Node reference is already recorded, ignoring it {{(pid=114854) configure /opt/stack/glance/glance/image_cache/drivers/centralized_db.py:71}}
Mar 12 01:41:03 jammy-provider-cloud-0000008053 devstack@g-api.service[114853]: DEBUG glance.image_cache.drivers.centralized_db [None req-8f933824-9d1f-4c4b-a56c-2113b8dcac54 None None] Node reference is already recorded, ignoring it {{(pid=114853) configure /opt/stack/glance/glance/image_cache/drivers/centralized_db.py:71}}
Mar 12 01:41:03 jammy-provider-cloud-0000008053 devstack@g-api.service[114854]: INFO glance.api.middleware.cache [None req-473ce7f3-6156-48b6-a24c-5d33e0b1af34 None None] Initialized image cache middleware
Mar 12 01:41:03 jammy-provider-cloud-0000008053 devstack@g-api.service[114853]: INFO glance.api.middleware.cache [None req-8f933824-9d1f-4c4b-a56c-2113b8dcac54 None None] Initialized image cache middleware
Mar 12 01:41:03 jammy-provider-cloud-0000008053 devstack@g-api.service[114854]: WARNING keystonemiddleware.auth_token [None req-473ce7f3-6156-48b6-a24c-5d33e0b1af34 None None] AuthToken middleware is set with keystone_authtoken.service_token_roles_required set to False. This is backwards compatible but deprecated behaviour. Please set this to True.
Mar 12 01:41:03 jammy-provider-cloud-0000008053 devstack@g-api.service[114853]: WARNING keystonemiddleware.auth_token [None req-8f933824-9d1f-4c4b-a56c-2113b8dcac54 None None] AuthToken middleware is set with keystone_authtoken.service_token_roles_required set to False. This is backwards compatible but deprecated behaviour. Please set this to True.
Mar 12 01:41:03 jammy-provider-cloud-0000008053 devstack@g-api.service[114854]: WARNING keystonemiddleware.auth_token [None req-473ce7f3-6156-48b6-a24c-5d33e0b1af34 None None] Configuring www_authenticate_uri to point to the public identity endpoint is required; clients may not be able to authenticate against an admin endpoint
Mar 12 01:41:03 jammy-provider-cloud-0000008053 devstack@g-api.service[114853]: WARNING keystonemiddleware.auth_token [None req-8f933824-9d1f-4c4b-a56c-2113b8dcac54 None None] Configuring www_authenticate_uri to point to the public identity endpoint is required; clients may not be able to authenticate against an admin endpoint
Mar 12 01:41:03 jammy-provider-cloud-0000008053 devstack@g-api.service[114854]: DEBUG glance.common.config [None req-473ce7f3-6156-48b6-a24c-5d33e0b1af34 None None] ******************************************************************************** {{(pid=114854) log_opt_values /opt/stack/data/venv/lib/python3.10/site-packages/oslo_config/cfg.py:2804}}
Mar 12 01:41:03 jammy-provider-cloud-0000008053 devstack@g-api.service[114854]: DEBUG glance.common.config [None req-473ce7f3-6156-48b6-a24c-5d33e0b1af34 None None] Configuration options gathered from: {{(pid=114854) log_opt_values /opt/stack/data/venv/lib/python3.10/site-packages/oslo_config/cfg.py:2805}}
Mar 12 01:41:03 jammy-provider-cloud-0000008053 devstack@g-api.service[114854]: DEBUG glance.common.config [None req-473ce7f3-6156-48b6-a24c-5d33e0b1af34 None None] command line args: [] {{(pid=114854) log_opt_values /opt/stack/data/venv/lib/python3.10/site-packages/oslo_config/cfg.py:2806}}
Mar 12 01:41:03 jammy-provider-cloud-0000008053 devstack@g-api.service[114854]: DEBUG glance.common.config [None req-473ce7f3-6156-48b6-a24c-5d33e0b1af34 None None] config files: ['/etc/glance/glance-image-import.conf', '/etc/glance/glance-api.conf'] {{(pid=114854) log_opt_values /opt/stack/data/venv/lib/python3.10/site-packages/oslo_config/cfg.py:2807}}
Mar 12 01:41:03 jammy-provider-cloud-0000008053 devstack@g-api.service[114854]: DEBUG glance.common.config [None req-473ce7f3-6156-48b6-a24c-5d33e0b1af34 None None] ================================================================================ {{(pid=114854) log_opt_values /opt/stack/data/venv/lib/python3.10/site-packages/oslo_config/cfg.py:2809}}
Mar 12 01:41:03 jammy-provider-cloud-0000008053 devstack@g-api.service[114854]: DEBUG glance.common.config [None req-473ce7f3-6156-48b6-a24c-5d33e0b1af34 None None] allow_anonymous_access         = False {{(pid=114854) log_opt_values /opt/stack/data/venv/lib/python3.10/site-packages/oslo_config/cfg.py:2817}}
Mar 12 01:41:03 jammy-provider-cloud-0000008053 devstack@g-api.service[114854]: DEBUG glance.common.config [None req-473ce7f3-6156-48b6-a24c-5d33e0b1af34 None None] api_limit_max                  = 1000 {{(pid=114854) log_opt_values /opt/stack/data/venv/lib/python3.10/site-packages/oslo_config/cfg.py:2817}}
Mar 12 01:41:03 jammy-provider-cloud-0000008053 devstack@g-api.service[114854]: DEBUG glance.common.config [None req-473ce7f3-6156-48b6-a24c-5d33e0b1af34 None None] backlog                        = 4096 {{(pid=114854) log_opt_values /opt/stack/data/venv/lib/python3.10/site-packages/oslo_config/cfg.py:2817}}
Mar 12 01:41:03 jammy-provider-cloud-0000008053 devstack@g-api.service[114854]: DEBUG glance.common.config [None req-473ce7f3-6156-48b6-a24c-5d33e0b1af34 None None] bind_host                      = 0.0.0.0 {{(pid=114854) log_opt_values /opt/stack/data/venv/lib/python3.10/site-packages/oslo_config/cfg.py:2817}}
Mar 12 01:41:03 jammy-provider-cloud-0000008053 devstack@g-api.service[114854]: DEBUG glance.common.config [None req-473ce7f3-6156-48b6-a24c-5d33e0b1af34 None None] bind_port                      = None {{(pid=114854) log_opt_values /opt/stack/data/venv/lib/python3.10/site-packages/oslo_config/cfg.py:2817}}
Mar 12 01:41:03 jammy-provider-cloud-0000008053 devstack@g-api.service[114854]: DEBUG glance.common.config [None req-473ce7f3-6156-48b6-a24c-5d33e0b1af34 None None] client_socket_timeout          = 900 {{(pid=114854) log_opt_values /opt/stack/data/venv/lib/python3.10/site-packages/oslo_config/cfg.py:2817}}
Mar 12 01:41:03 jammy-provider-cloud-0000008053 devstack@g-api.service[114854]: DEBUG glance.common.config [None req-473ce7f3-6156-48b6-a24c-5d33e0b1af34 None None] config_dir                     = [] {{(pid=114854) log_opt_values /opt/stack/data/venv/lib/python3.10/site-packages/oslo_config/cfg.py:2817}}
Mar 12 01:41:03 jammy-provider-cloud-0000008053 devstack@g-api.service[114854]: DEBUG glance.common.config [None req-473ce7f3-6156-48b6-a24c-5d33e0b1af34 None None] config_file                    = ['/etc/glance/glance-image-import.conf', '/etc/glance/glance-api.conf'] {{(pid=114854) log_opt_values /opt/stack/data/venv/lib/python3.10/site-packages/oslo_config/cfg.py:2817}}
Mar 12 01:41:03 jammy-provider-cloud-0000008053 devstack@g-api.service[114854]: DEBUG glance.common.config [None req-473ce7f3-6156-48b6-a24c-5d33e0b1af34 None None] config_source                  = [] {{(pid=114854) log_opt_values /opt/stack/data/venv/lib/python3.10/site-packages/oslo_config/cfg.py:2817}}
Mar 12 01:41:03 jammy-provider-cloud-0000008053 devstack@g-api.service[114854]: DEBUG glance.common.config [None req-473ce7f3-6156-48b6-a24c-5d33e0b1af34 None None] control_exchange               = glance {{(pid=114854) log_opt_values /opt/stack/data/venv/lib/python3.10/site-packages/oslo_config/cfg.py:2817}}
Mar 12 01:41:03 jammy-provider-cloud-0000008053 devstack@g-api.service[114854]: DEBUG glance.common.config [None req-473ce7f3-6156-48b6-a24c-5d33e0b1af34 None None] debug                          = True {{(pid=114854) log_opt_values /opt/stack/data/venv/lib/python3.10/site-packages/oslo_config/cfg.py:2817}}
Mar 12 01:41:03 jammy-provider-cloud-0000008053 devstack@g-api.service[114854]: DEBUG glance.common.config [None req-473ce7f3-6156-48b6-a24c-5d33e0b1af34 None None] default_log_levels             = ['amqp=WARN', 'amqplib=WARN', 'boto=WARN', 'qpid=WARN', 'sqlalchemy=WARN', 'suds=INFO', 'oslo.messaging=INFO', 'oslo_messaging=INFO', 'iso8601=WARN', 'requests.packages.urllib3.connectionpool=WARN', 'urllib3.connectionpool=WARN', 'websocket=WARN', 'requests.packages.urllib3.util.retry=WARN', 'urllib3.util.retry=WARN', 'keystonemiddleware=WARN', 'routes.middleware=WARN', 'stevedore=WARN', 'taskflow=WARN', 'keystoneauth=WARN', 'oslo.cache=INFO', 'oslo_policy=INFO', 'dogpile.core.dogpile=INFO'] {{(pid=114854) log_opt_values /opt/stack/data/venv/lib/python3.10/site-packages/oslo_config/cfg.py:2817}}
Mar 12 01:41:03 jammy-provider-cloud-0000008053 devstack@g-api.service[114854]: DEBUG glance.common.config [None req-473ce7f3-6156-48b6-a24c-5d33e0b1af34 None None] default_publisher_id           = image.localhost {{(pid=114854) log_opt_values /opt/stack/data/venv/lib/python3.10/site-packages/oslo_config/cfg.py:2817}}
Mar 12 01:41:03 jammy-provider-cloud-0000008053 devstack@g-api.service[114854]: DEBUG glance.common.config [None req-473ce7f3-6156-48b6-a24c-5d33e0b1af34 None None] delayed_delete                 = False {{(pid=114854) log_opt_values /opt/stack/data/venv/lib/python3.10/site-packages/oslo_config/cfg.py:2817}}
Mar 12 01:41:03 jammy-provider-cloud-0000008053 devstack@g-api.service[114854]: DEBUG glance.common.config [None req-473ce7f3-6156-48b6-a24c-5d33e0b1af34 None None] digest_algorithm               = sha256 {{(pid=114854) log_opt_values /opt/stack/data/venv/lib/python3.10/site-packages/oslo_config/cfg.py:2817}}
Mar 12 01:41:03 jammy-provider-cloud-0000008053 devstack@g-api.service[114854]: DEBUG glance.common.config [None req-473ce7f3-6156-48b6-a24c-5d33e0b1af34 None None] disabled_notifications         = [] {{(pid=114854) log_opt_values /opt/stack/data/venv/lib/python3.10/site-packages/oslo_config/cfg.py:2817}}
Mar 12 01:41:03 jammy-provider-cloud-0000008053 devstack@g-api.service[114854]: DEBUG glance.common.config [None req-473ce7f3-6156-48b6-a24c-5d33e0b1af34 None None] do_secure_hash                 = True {{(pid=114854) log_opt_values /opt/stack/data/venv/lib/python3.10/site-packages/oslo_config/cfg.py:2817}}
Mar 12 01:41:03 jammy-provider-cloud-0000008053 devstack@g-api.service[114854]: DEBUG glance.common.config [None req-473ce7f3-6156-48b6-a24c-5d33e0b1af34 None None] enabled_backends               = None {{(pid=114854) log_opt_values /opt/stack/data/venv/lib/python3.10/site-packages/oslo_config/cfg.py:2817}}
Mar 12 01:41:03 jammy-provider-cloud-0000008053 devstack@g-api.service[114854]: DEBUG glance.common.config [None req-473ce7f3-6156-48b6-a24c-5d33e0b1af34 None None] enabled_import_methods         = ['glance-direct', 'web-download', 'copy-image'] {{(pid=114854) log_opt_values /opt/stack/data/venv/lib/python3.10/site-packages/oslo_config/cfg.py:2817}}
Mar 12 01:41:03 jammy-provider-cloud-0000008053 devstack@g-api.service[114854]: DEBUG glance.common.config [None req-473ce7f3-6156-48b6-a24c-5d33e0b1af34 None None] hashing_algorithm              = sha512 {{(pid=114854) log_opt_values /opt/stack/data/venv/lib/python3.10/site-packages/oslo_config/cfg.py:2817}}
Mar 12 01:41:03 jammy-provider-cloud-0000008053 devstack@g-api.service[114853]: DEBUG glance.common.config [None req-8f933824-9d1f-4c4b-a56c-2113b8dcac54 None None] ******************************************************************************** {{(pid=114853) log_opt_values /opt/stack/data/venv/lib/python3.10/site-packages/oslo_config/cfg.py:2804}}
Mar 12 01:41:03 jammy-provider-cloud-0000008053 devstack@g-api.service[114854]: DEBUG glance.common.config [None req-473ce7f3-6156-48b6-a24c-5d33e0b1af34 None None] http_keepalive                 = True {{(pid=114854) log_opt_values /opt/stack/data/venv/lib/python3.10/site-packages/oslo_config/cfg.py:2817}}
Mar 12 01:41:03 jammy-provider-cloud-0000008053 devstack@g-api.service[114854]: DEBUG glance.common.config [None req-473ce7f3-6156-48b6-a24c-5d33e0b1af34 None None] http_retries                   = 3 {{(pid=114854) log_opt_values /opt/stack/data/venv/lib/python3.10/site-packages/oslo_config/cfg.py:2817}}
Mar 12 01:41:03 jammy-provider-cloud-0000008053 devstack@g-api.service[114854]: DEBUG glance.common.config [None req-473ce7f3-6156-48b6-a24c-5d33e0b1af34 None None] image_cache_dir                = /opt/stack/data/glance/cache/ {{(pid=114854) log_opt_values /opt/stack/data/venv/lib/python3.10/site-packages/oslo_config/cfg.py:2817}}
Mar 12 01:41:03 jammy-provider-cloud-0000008053 devstack@g-api.service[114853]: DEBUG glance.common.config [None req-8f933824-9d1f-4c4b-a56c-2113b8dcac54 None None] Configuration options gathered from: {{(pid=114853) log_opt_values /opt/stack/data/venv/lib/python3.10/site-packages/oslo_config/cfg.py:2805}}
Mar 12 01:41:03 jammy-provider-cloud-0000008053 devstack@g-api.service[114854]: DEBUG glance.common.config [None req-473ce7f3-6156-48b6-a24c-5d33e0b1af34 None None] image_cache_driver             = centralized_db {{(pid=114854) log_opt_values /opt/stack/data/venv/lib/python3.10/site-packages/oslo_config/cfg.py:2817}}
Mar 12 01:41:03 jammy-provider-cloud-0000008053 devstack@g-api.service[114854]: DEBUG glance.common.config [None req-473ce7f3-6156-48b6-a24c-5d33e0b1af34 None None] image_cache_max_size           = 10737418240 {{(pid=114854) log_opt_values /opt/stack/data/venv/lib/python3.10/site-packages/oslo_config/cfg.py:2817}}
Mar 12 01:41:03 jammy-provider-cloud-0000008053 devstack@g-api.service[114854]: DEBUG glance.common.config [None req-473ce7f3-6156-48b6-a24c-5d33e0b1af34 None None] image_cache_sqlite_db          = cache.db {{(pid=114854) log_opt_values /opt/stack/data/venv/lib/python3.10/site-packages/oslo_config/cfg.py:2817}}
Mar 12 01:41:03 jammy-provider-cloud-0000008053 devstack@g-api.service[114854]: DEBUG glance.common.config [None req-473ce7f3-6156-48b6-a24c-5d33e0b1af34 None None] image_cache_stall_time         = 86400 {{(pid=114854) log_opt_values /opt/stack/data/venv/lib/python3.10/site-packages/oslo_config/cfg.py:2817}}
Mar 12 01:41:03 jammy-provider-cloud-0000008053 devstack@g-api.service[114854]: DEBUG glance.common.config [None req-473ce7f3-6156-48b6-a24c-5d33e0b1af34 None None] image_location_quota           = 10 {{(pid=114854) log_opt_values /opt/stack/data/venv/lib/python3.10/site-packages/oslo_config/cfg.py:2817}}
Mar 12 01:41:03 jammy-provider-cloud-0000008053 devstack@g-api.service[114854]: DEBUG glance.common.config [None req-473ce7f3-6156-48b6-a24c-5d33e0b1af34 None None] image_member_quota             = 128 {{(pid=114854) log_opt_values /opt/stack/data/venv/lib/python3.10/site-packages/oslo_config/cfg.py:2817}}
Mar 12 01:41:03 jammy-provider-cloud-0000008053 devstack@g-api.service[114853]: DEBUG glance.common.config [None req-8f933824-9d1f-4c4b-a56c-2113b8dcac54 None None] command line args: [] {{(pid=114853) log_opt_values /opt/stack/data/venv/lib/python3.10/site-packages/oslo_config/cfg.py:2806}}
Mar 12 01:41:03 jammy-provider-cloud-0000008053 devstack@g-api.service[114854]: DEBUG glance.common.config [None req-473ce7f3-6156-48b6-a24c-5d33e0b1af34 None None] image_property_quota           = 128 {{(pid=114854) log_opt_values /opt/stack/data/venv/lib/python3.10/site-packages/oslo_config/cfg.py:2817}}
Mar 12 01:41:03 jammy-provider-cloud-0000008053 devstack@g-api.service[114854]: DEBUG glance.common.config [None req-473ce7f3-6156-48b6-a24c-5d33e0b1af34 None None] image_size_cap                 = 1099511627776 {{(pid=114854) log_opt_values /opt/stack/data/venv/lib/python3.10/site-packages/oslo_config/cfg.py:2817}}
Mar 12 01:41:03 jammy-provider-cloud-0000008053 devstack@g-api.service[114854]: DEBUG glance.common.config [None req-473ce7f3-6156-48b6-a24c-5d33e0b1af34 None None] image_tag_quota                = 128 {{(pid=114854) log_opt_values /opt/stack/data/venv/lib/python3.10/site-packages/oslo_config/cfg.py:2817}}
Mar 12 01:41:03 jammy-provider-cloud-0000008053 devstack@g-api.service[114854]: DEBUG glance.common.config [None req-473ce7f3-6156-48b6-a24c-5d33e0b1af34 None None] instance_format                = [instance: %(uuid)s]  {{(pid=114854) log_opt_values /opt/stack/data/venv/lib/python3.10/site-packages/oslo_config/cfg.py:2817}}
Mar 12 01:41:03 jammy-provider-cloud-0000008053 devstack@g-api.service[114854]: DEBUG glance.common.config [None req-473ce7f3-6156-48b6-a24c-5d33e0b1af34 None None] instance_uuid_format           = [instance: %(uuid)s]  {{(pid=114854) log_opt_values /opt/stack/data/venv/lib/python3.10/site-packages/oslo_config/cfg.py:2817}}
Mar 12 01:41:03 jammy-provider-cloud-0000008053 devstack@g-api.service[114853]: DEBUG glance.common.config [None req-8f933824-9d1f-4c4b-a56c-2113b8dcac54 None None] config files: ['/etc/glance/glance-image-import.conf', '/etc/glance/glance-api.conf'] {{(pid=114853) log_opt_values /opt/stack/data/venv/lib/python3.10/site-packages/oslo_config/cfg.py:2807}}
Mar 12 01:41:03 jammy-provider-cloud-0000008053 devstack@g-api.service[114854]: DEBUG glance.common.config [None req-473ce7f3-6156-48b6-a24c-5d33e0b1af34 None None] limit_param_default            = 25 {{(pid=114854) log_opt_values /opt/stack/data/venv/lib/python3.10/site-packages/oslo_config/cfg.py:2817}}
Mar 12 01:41:03 jammy-provider-cloud-0000008053 devstack@g-api.service[114854]: DEBUG glance.common.config [None req-473ce7f3-6156-48b6-a24c-5d33e0b1af34 None None] log_color                      = True {{(pid=114854) log_opt_values /opt/stack/data/venv/lib/python3.10/site-packages/oslo_config/cfg.py:2817}}
Mar 12 01:41:03 jammy-provider-cloud-0000008053 devstack@g-api.service[114854]: DEBUG glance.common.config [None req-473ce7f3-6156-48b6-a24c-5d33e0b1af34 None None] log_config_append              = None {{(pid=114854) log_opt_values /opt/stack/data/venv/lib/python3.10/site-packages/oslo_config/cfg.py:2817}}
Mar 12 01:41:03 jammy-provider-cloud-0000008053 devstack@g-api.service[114853]: DEBUG glance.common.config [None req-8f933824-9d1f-4c4b-a56c-2113b8dcac54 None None] ================================================================================ {{(pid=114853) log_opt_values /opt/stack/data/venv/lib/python3.10/site-packages/oslo_config/cfg.py:2809}}
Mar 12 01:41:03 jammy-provider-cloud-0000008053 devstack@g-api.service[114854]: DEBUG glance.common.config [None req-473ce7f3-6156-48b6-a24c-5d33e0b1af34 None None] log_date_format                = %Y-%m-%d %H:%M:%S {{(pid=114854) log_opt_values /opt/stack/data/venv/lib/python3.10/site-packages/oslo_config/cfg.py:2817}}
Mar 12 01:41:03 jammy-provider-cloud-0000008053 devstack@g-api.service[114854]: DEBUG glance.common.config [None req-473ce7f3-6156-48b6-a24c-5d33e0b1af34 None None] log_dir                        = None {{(pid=114854) log_opt_values /opt/stack/data/venv/lib/python3.10/site-packages/oslo_config/cfg.py:2817}}
Mar 12 01:41:03 jammy-provider-cloud-0000008053 devstack@g-api.service[114854]: DEBUG glance.common.config [None req-473ce7f3-6156-48b6-a24c-5d33e0b1af34 None None] log_file                       = None {{(pid=114854) log_opt_values /opt/stack/data/venv/lib/python3.10/site-packages/oslo_config/cfg.py:2817}}
