Feb 11 01:07:16 jammy-provider-cloud-0000008000 neutron-server[89832]: DEBUG oslo_service.service [-] ironic.status_code_retries     = None {{(pid=89832) log_opt_values /opt/stack/data/venv/lib/python3.10/site-packages/oslo_config/cfg.py:2824}}
Feb 11 01:07:16 jammy-provider-cloud-0000008000 neutron-server[89832]: DEBUG oslo_service.service [-] ironic.status_code_retry_delay = None {{(pid=89832) log_opt_values /opt/stack/data/venv/lib/python3.10/site-packages/oslo_config/cfg.py:2824}}
Feb 11 01:07:16 jammy-provider-cloud-0000008000 neutron-server[90026]: DEBUG ovsdbapp.backend.ovs_idl [None req-7b2130ae-36a7-4504-b649-f4c0233cc027 None None] Created schema index Meter.name {{(pid=90026) autocreate_indices /opt/stack/data/venv/lib/python3.10/site-packages/ovsdbapp/backend/ovs_idl/__init__.py:106}}
Feb 11 01:07:16 jammy-provider-cloud-0000008000 neutron-server[89832]: DEBUG oslo_service.service [-] ironic.timeout                 = None {{(pid=89832) log_opt_values /opt/stack/data/venv/lib/python3.10/site-packages/oslo_config/cfg.py:2824}}
Feb 11 01:07:16 jammy-provider-cloud-0000008000 neutron-server[90026]: DEBUG ovsdbapp.backend.ovs_idl [None req-7b2130ae-36a7-4504-b649-f4c0233cc027 None None] Created schema index Load_Balancer_Group.name {{(pid=90026) autocreate_indices /opt/stack/data/venv/lib/python3.10/site-packages/ovsdbapp/backend/ovs_idl/__init__.py:106}}
Feb 11 01:07:16 jammy-provider-cloud-0000008000 neutron-server[89832]: DEBUG oslo_service.service [-] ironic.valid_interfaces        = None {{(pid=89832) log_opt_values /opt/stack/data/venv/lib/python3.10/site-packages/oslo_config/cfg.py:2824}}
Feb 11 01:07:16 jammy-provider-cloud-0000008000 neutron-server[90028]: DEBUG ovsdbapp.backend.ovs_idl [None req-ff8c565d-e38e-498a-bac2-f24e91e6d7cb None None] Created lookup_table index Logical_Switch.name {{(pid=90028) autocreate_indices /opt/stack/data/venv/lib/python3.10/site-packages/ovsdbapp/backend/ovs_idl/__init__.py:87}}
Feb 11 01:07:16 jammy-provider-cloud-0000008000 neutron-server[90026]: DEBUG ovsdbapp.backend.ovs_idl [None req-7b2130ae-36a7-4504-b649-f4c0233cc027 None None] Created schema index HA_Chassis_Group.name {{(pid=90026) autocreate_indices /opt/stack/data/venv/lib/python3.10/site-packages/ovsdbapp/backend/ovs_idl/__init__.py:106}}
Feb 11 01:07:16 jammy-provider-cloud-0000008000 neutron-server[89832]: DEBUG oslo_service.service [-] ironic.version                 = None {{(pid=89832) log_opt_values /opt/stack/data/venv/lib/python3.10/site-packages/oslo_config/cfg.py:2824}}
Feb 11 01:07:16 jammy-provider-cloud-0000008000 neutron-server[90026]: DEBUG ovsdbapp.backend.ovs_idl [None req-7b2130ae-36a7-4504-b649-f4c0233cc027 None None] Created schema index Address_Set.name {{(pid=90026) autocreate_indices /opt/stack/data/venv/lib/python3.10/site-packages/ovsdbapp/backend/ovs_idl/__init__.py:106}}
Feb 11 01:07:16 jammy-provider-cloud-0000008000 neutron-server[90028]: DEBUG ovsdbapp.backend.ovs_idl [None req-ff8c565d-e38e-498a-bac2-f24e91e6d7cb None None] Created lookup_table index Logical_Router.name {{(pid=90028) autocreate_indices /opt/stack/data/venv/lib/python3.10/site-packages/ovsdbapp/backend/ovs_idl/__init__.py:87}}
Feb 11 01:07:16 jammy-provider-cloud-0000008000 neutron-server[89832]: DEBUG oslo_service.service [-] cli_script.dry_run             = False {{(pid=89832) log_opt_values /opt/stack/data/venv/lib/python3.10/site-packages/oslo_config/cfg.py:2824}}
Feb 11 01:07:16 jammy-provider-cloud-0000008000 neutron-server[90026]: DEBUG ovsdbapp.backend.ovs_idl [None req-7b2130ae-36a7-4504-b649-f4c0233cc027 None None] Created schema index Connection.target {{(pid=90026) autocreate_indices /opt/stack/data/venv/lib/python3.10/site-packages/ovsdbapp/backend/ovs_idl/__init__.py:106}}
Feb 11 01:07:16 jammy-provider-cloud-0000008000 neutron-server[90028]: DEBUG ovsdbapp.backend.ovs_idl [None req-ff8c565d-e38e-498a-bac2-f24e91e6d7cb None None] Created lookup_table index Load_Balancer.name {{(pid=90028) autocreate_indices /opt/stack/data/venv/lib/python3.10/site-packages/ovsdbapp/backend/ovs_idl/__init__.py:87}}
Feb 11 01:07:16 jammy-provider-cloud-0000008000 neutron-server[90028]: DEBUG ovsdbapp.backend.ovs_idl [None req-ff8c565d-e38e-498a-bac2-f24e91e6d7cb None None] Created schema index Copp.name {{(pid=90028) autocreate_indices /opt/stack/data/venv/lib/python3.10/site-packages/ovsdbapp/backend/ovs_idl/__init__.py:106}}
Feb 11 01:07:16 jammy-provider-cloud-0000008000 neutron-server[90026]: DEBUG ovsdbapp.backend.ovs_idl [None req-7b2130ae-36a7-4504-b649-f4c0233cc027 None None] Created schema index Gateway_Chassis.name {{(pid=90026) autocreate_indices /opt/stack/data/venv/lib/python3.10/site-packages/ovsdbapp/backend/ovs_idl/__init__.py:106}}
Feb 11 01:07:16 jammy-provider-cloud-0000008000 neutron-server[89832]: DEBUG oslo_service.service [-] oslo_messaging_rabbit.amqp_auto_delete = False {{(pid=89832) log_opt_values /opt/stack/data/venv/lib/python3.10/site-packages/oslo_config/cfg.py:2824}}
Feb 11 01:07:16 jammy-provider-cloud-0000008000 neutron-server[89832]: DEBUG oslo_service.service [-] oslo_messaging_rabbit.amqp_durable_queues = False {{(pid=89832) log_opt_values /opt/stack/data/venv/lib/python3.10/site-packages/oslo_config/cfg.py:2824}}
Feb 11 01:07:16 jammy-provider-cloud-0000008000 neutron-server[90026]: DEBUG ovsdbapp.backend.ovs_idl [None req-7b2130ae-36a7-4504-b649-f4c0233cc027 None None] Created schema index Logical_Router_Port.name {{(pid=90026) autocreate_indices /opt/stack/data/venv/lib/python3.10/site-packages/ovsdbapp/backend/ovs_idl/__init__.py:106}}
Feb 11 01:07:16 jammy-provider-cloud-0000008000 neutron-server[90028]: DEBUG ovsdbapp.backend.ovs_idl [None req-ff8c565d-e38e-498a-bac2-f24e91e6d7cb None None] Created schema index Meter.name {{(pid=90028) autocreate_indices /opt/stack/data/venv/lib/python3.10/site-packages/ovsdbapp/backend/ovs_idl/__init__.py:106}}
Feb 11 01:07:16 jammy-provider-cloud-0000008000 neutron-server[89832]: DEBUG oslo_service.service [-] oslo_messaging_rabbit.conn_pool_min_size = 2 {{(pid=89832) log_opt_values /opt/stack/data/venv/lib/python3.10/site-packages/oslo_config/cfg.py:2824}}
Feb 11 01:07:16 jammy-provider-cloud-0000008000 neutron-server[90026]: DEBUG ovsdbapp.backend.ovs_idl [None req-7b2130ae-36a7-4504-b649-f4c0233cc027 None None] Created schema index Port_Group.name {{(pid=90026) autocreate_indices /opt/stack/data/venv/lib/python3.10/site-packages/ovsdbapp/backend/ovs_idl/__init__.py:106}}
Feb 11 01:07:16 jammy-provider-cloud-0000008000 neutron-server[90028]: DEBUG ovsdbapp.backend.ovs_idl [None req-ff8c565d-e38e-498a-bac2-f24e91e6d7cb None None] Created schema index Load_Balancer_Group.name {{(pid=90028) autocreate_indices /opt/stack/data/venv/lib/python3.10/site-packages/ovsdbapp/backend/ovs_idl/__init__.py:106}}
Feb 11 01:07:16 jammy-provider-cloud-0000008000 neutron-server[90025]: DEBUG neutron.common.ovn.hash_ring_manager [None req-276d1bc3-560f-47e5-83aa-ce9cb47ec7ab None None] Allow caching, nodes 2>=2 {{(pid=90025) _wait_startup_before_caching /opt/stack/neutron/neutron/common/ovn/hash_ring_manager.py:65}}
Feb 11 01:07:16 jammy-provider-cloud-0000008000 neutron-server[90026]: DEBUG ovsdbapp.backend.ovs_idl [None req-7b2130ae-36a7-4504-b649-f4c0233cc027 None None] Created schema index Logical_Switch_Port.name {{(pid=90026) autocreate_indices /opt/stack/data/venv/lib/python3.10/site-packages/ovsdbapp/backend/ovs_idl/__init__.py:106}}
Feb 11 01:07:16 jammy-provider-cloud-0000008000 neutron-server[89832]: DEBUG oslo_service.service [-] oslo_messaging_rabbit.conn_pool_ttl = 1200 {{(pid=89832) log_opt_values /opt/stack/data/venv/lib/python3.10/site-packages/oslo_config/cfg.py:2824}}
Feb 11 01:07:16 jammy-provider-cloud-0000008000 neutron-server[90028]: DEBUG ovsdbapp.backend.ovs_idl [None req-ff8c565d-e38e-498a-bac2-f24e91e6d7cb None None] Created schema index HA_Chassis_Group.name {{(pid=90028) autocreate_indices /opt/stack/data/venv/lib/python3.10/site-packages/ovsdbapp/backend/ovs_idl/__init__.py:106}}
Feb 11 01:07:16 jammy-provider-cloud-0000008000 neutron-server[90026]: INFO ovsdbapp.backend.ovs_idl.vlog [None req-7b2130ae-36a7-4504-b649-f4c0233cc027 None None] tcp:10.201.5.87:6641: connecting...
Feb 11 01:07:16 jammy-provider-cloud-0000008000 neutron-server[89832]: DEBUG oslo_service.service [-] oslo_messaging_rabbit.direct_mandatory_flag = True {{(pid=89832) log_opt_values /opt/stack/data/venv/lib/python3.10/site-packages/oslo_config/cfg.py:2824}}
Feb 11 01:07:16 jammy-provider-cloud-0000008000 neutron-server[89832]: DEBUG oslo_service.service [-] oslo_messaging_rabbit.enable_cancel_on_failover = False {{(pid=89832) log_opt_values /opt/stack/data/venv/lib/python3.10/site-packages/oslo_config/cfg.py:2824}}
Feb 11 01:07:16 jammy-provider-cloud-0000008000 neutron-server[89832]: DEBUG oslo_service.service [-] oslo_messaging_rabbit.heartbeat_in_pthread = False {{(pid=89832) log_opt_values /opt/stack/data/venv/lib/python3.10/site-packages/oslo_config/cfg.py:2824}}
Feb 11 01:07:16 jammy-provider-cloud-0000008000 neutron-server[89832]: DEBUG oslo_service.service [-] oslo_messaging_rabbit.heartbeat_rate = 3 {{(pid=89832) log_opt_values /opt/stack/data/venv/lib/python3.10/site-packages/oslo_config/cfg.py:2824}}
Feb 11 01:07:16 jammy-provider-cloud-0000008000 neutron-server[89832]: DEBUG oslo_service.service [-] oslo_messaging_rabbit.heartbeat_timeout_threshold = 60 {{(pid=89832) log_opt_values /opt/stack/data/venv/lib/python3.10/site-packages/oslo_config/cfg.py:2824}}
Feb 11 01:07:16 jammy-provider-cloud-0000008000 neutron-server[90028]: DEBUG ovsdbapp.backend.ovs_idl [None req-ff8c565d-e38e-498a-bac2-f24e91e6d7cb None None] Created schema index Address_Set.name {{(pid=90028) autocreate_indices /opt/stack/data/venv/lib/python3.10/site-packages/ovsdbapp/backend/ovs_idl/__init__.py:106}}
Feb 11 01:07:16 jammy-provider-cloud-0000008000 neutron-server[90028]: DEBUG ovsdbapp.backend.ovs_idl [None req-ff8c565d-e38e-498a-bac2-f24e91e6d7cb None None] Created schema index Connection.target {{(pid=90028) autocreate_indices /opt/stack/data/venv/lib/python3.10/site-packages/ovsdbapp/backend/ovs_idl/__init__.py:106}}
Feb 11 01:07:16 jammy-provider-cloud-0000008000 neutron-server[90026]: INFO ovsdbapp.backend.ovs_idl.vlog [None req-7b2130ae-36a7-4504-b649-f4c0233cc027 None None] tcp:10.201.5.87:6641: connected
Feb 11 01:07:16 jammy-provider-cloud-0000008000 neutron-server[90028]: DEBUG ovsdbapp.backend.ovs_idl [None req-ff8c565d-e38e-498a-bac2-f24e91e6d7cb None None] Created schema index Gateway_Chassis.name {{(pid=90028) autocreate_indices /opt/stack/data/venv/lib/python3.10/site-packages/ovsdbapp/backend/ovs_idl/__init__.py:106}}
Feb 11 01:07:16 jammy-provider-cloud-0000008000 neutron-server[90028]: DEBUG ovsdbapp.backend.ovs_idl [None req-ff8c565d-e38e-498a-bac2-f24e91e6d7cb None None] Created schema index Logical_Router_Port.name {{(pid=90028) autocreate_indices /opt/stack/data/venv/lib/python3.10/site-packages/ovsdbapp/backend/ovs_idl/__init__.py:106}}
Feb 11 01:07:16 jammy-provider-cloud-0000008000 neutron-server[89832]: DEBUG oslo_service.service [-] oslo_messaging_rabbit.hostname = jammy-provider-cloud-0000008000 {{(pid=89832) log_opt_values /opt/stack/data/venv/lib/python3.10/site-packages/oslo_config/cfg.py:2824}}
Feb 11 01:07:16 jammy-provider-cloud-0000008000 neutron-server[89832]: DEBUG oslo_service.service [-] oslo_messaging_rabbit.kombu_compression = None {{(pid=89832) log_opt_values /opt/stack/data/venv/lib/python3.10/site-packages/oslo_config/cfg.py:2824}}
Feb 11 01:07:16 jammy-provider-cloud-0000008000 neutron-server[90028]: DEBUG ovsdbapp.backend.ovs_idl [None req-ff8c565d-e38e-498a-bac2-f24e91e6d7cb None None] Created schema index Port_Group.name {{(pid=90028) autocreate_indices /opt/stack/data/venv/lib/python3.10/site-packages/ovsdbapp/backend/ovs_idl/__init__.py:106}}
Feb 11 01:07:16 jammy-provider-cloud-0000008000 neutron-server[89832]: DEBUG oslo_service.service [-] oslo_messaging_rabbit.kombu_failover_strategy = round-robin {{(pid=89832) log_opt_values /opt/stack/data/venv/lib/python3.10/site-packages/oslo_config/cfg.py:2824}}
Feb 11 01:07:16 jammy-provider-cloud-0000008000 neutron-server[90028]: DEBUG ovsdbapp.backend.ovs_idl [None req-ff8c565d-e38e-498a-bac2-f24e91e6d7cb None None] Created schema index Logical_Switch_Port.name {{(pid=90028) autocreate_indices /opt/stack/data/venv/lib/python3.10/site-packages/ovsdbapp/backend/ovs_idl/__init__.py:106}}
Feb 11 01:07:16 jammy-provider-cloud-0000008000 neutron-server[89832]: DEBUG oslo_service.service [-] oslo_messaging_rabbit.kombu_missing_consumer_retry_timeout = 60 {{(pid=89832) log_opt_values /opt/stack/data/venv/lib/python3.10/site-packages/oslo_config/cfg.py:2824}}
Feb 11 01:07:16 jammy-provider-cloud-0000008000 neutron-server[90028]: INFO ovsdbapp.backend.ovs_idl.vlog [None req-ff8c565d-e38e-498a-bac2-f24e91e6d7cb None None] tcp:10.201.5.87:6641: connecting...
Feb 11 01:07:16 jammy-provider-cloud-0000008000 neutron-server[89832]: DEBUG oslo_service.service [-] oslo_messaging_rabbit.kombu_reconnect_delay = 1.0 {{(pid=89832) log_opt_values /opt/stack/data/venv/lib/python3.10/site-packages/oslo_config/cfg.py:2824}}
Feb 11 01:07:16 jammy-provider-cloud-0000008000 neutron-server[89832]: DEBUG oslo_service.service [-] oslo_messaging_rabbit.processname = neutron-server {{(pid=89832) log_opt_values /opt/stack/data/venv/lib/python3.10/site-packages/oslo_config/cfg.py:2824}}
Feb 11 01:07:16 jammy-provider-cloud-0000008000 neutron-server[89832]: DEBUG oslo_service.service [-] oslo_messaging_rabbit.rabbit_ha_queues = False {{(pid=89832) log_opt_values /opt/stack/data/venv/lib/python3.10/site-packages/oslo_config/cfg.py:2824}}
Feb 11 01:07:16 jammy-provider-cloud-0000008000 neutron-server[89832]: DEBUG oslo_service.service [-] oslo_messaging_rabbit.rabbit_interval_max = 30 {{(pid=89832) log_opt_values /opt/stack/data/venv/lib/python3.10/site-packages/oslo_config/cfg.py:2824}}
Feb 11 01:07:16 jammy-provider-cloud-0000008000 neutron-server[89832]: DEBUG oslo_service.service [-] oslo_messaging_rabbit.rabbit_login_method = AMQPLAIN {{(pid=89832) log_opt_values /opt/stack/data/venv/lib/python3.10/site-packages/oslo_config/cfg.py:2824}}
Feb 11 01:07:16 jammy-provider-cloud-0000008000 neutron-server[90025]: DEBUG neutron.common.ovn.hash_ring_manager [None req-276d1bc3-560f-47e5-83aa-ce9cb47ec7ab None None] Hash Ring loaded. 2 active nodes. 0 offline nodes {{(pid=90025) _load_hash_ring /opt/stack/neutron/neutron/common/ovn/hash_ring_manager.py:102}}
Feb 11 01:07:16 jammy-provider-cloud-0000008000 neutron-server[89832]: DEBUG oslo_service.service [-] oslo_messaging_rabbit.rabbit_qos_prefetch_count = 0 {{(pid=89832) log_opt_values /opt/stack/data/venv/lib/python3.10/site-packages/oslo_config/cfg.py:2824}}
Feb 11 01:07:16 jammy-provider-cloud-0000008000 neutron-server[90025]: DEBUG neutron.plugins.ml2.drivers.ovn.mech_driver.ovsdb.ovsdb_monitor [None req-276d1bc3-560f-47e5-83aa-ce9cb47ec7ab None None] Hash Ring: Node d5299bd4-1d8b-4a08-9459-dd79d93fb960 (host: jammy-provider-cloud-0000008000) handling event "create" for row 24ed6add-5f09-4f05-a919-cfb2df156b85 (table: Database) {{(pid=90025) notify /opt/stack/neutron/neutron/plugins/ml2/drivers/ovn/mech_driver/ovsdb/ovsdb_monitor.py:855}}
Feb 11 01:07:16 jammy-provider-cloud-0000008000 neutron-server[90025]: DEBUG neutron.plugins.ml2.drivers.ovn.mech_driver.ovsdb.ovsdb_monitor [None req-276d1bc3-560f-47e5-83aa-ce9cb47ec7ab None None] Hash Ring: Node d5299bd4-1d8b-4a08-9459-dd79d93fb960 (host: jammy-provider-cloud-0000008000) handling event "create" for row 63bb71b8-211f-4e64-885b-1f277666990d (table: Database) {{(pid=90025) notify /opt/stack/neutron/neutron/plugins/ml2/drivers/ovn/mech_driver/ovsdb/ovsdb_monitor.py:855}}
Feb 11 01:07:16 jammy-provider-cloud-0000008000 neutron-server[90028]: INFO ovsdbapp.backend.ovs_idl.vlog [None req-ff8c565d-e38e-498a-bac2-f24e91e6d7cb None None] tcp:10.201.5.87:6641: connected
Feb 11 01:07:16 jammy-provider-cloud-0000008000 neutron-server[89832]: DEBUG oslo_service.service [-] oslo_messaging_rabbit.rabbit_quorum_delivery_limit = 0 {{(pid=89832) log_opt_values /opt/stack/data/venv/lib/python3.10/site-packages/oslo_config/cfg.py:2824}}
Feb 11 01:07:16 jammy-provider-cloud-0000008000 neutron-server[89832]: DEBUG oslo_service.service [-] oslo_messaging_rabbit.rabbit_quorum_max_memory_bytes = 0 {{(pid=89832) log_opt_values /opt/stack/data/venv/lib/python3.10/site-packages/oslo_config/cfg.py:2824}}
Feb 11 01:07:16 jammy-provider-cloud-0000008000 neutron-server[89832]: DEBUG oslo_service.service [-] oslo_messaging_rabbit.rabbit_quorum_max_memory_length = 0 {{(pid=89832) log_opt_values /opt/stack/data/venv/lib/python3.10/site-packages/oslo_config/cfg.py:2824}}
Feb 11 01:07:16 jammy-provider-cloud-0000008000 neutron-server[89832]: DEBUG oslo_service.service [-] oslo_messaging_rabbit.rabbit_quorum_queue = False {{(pid=89832) log_opt_values /opt/stack/data/venv/lib/python3.10/site-packages/oslo_config/cfg.py:2824}}
Feb 11 01:07:16 jammy-provider-cloud-0000008000 neutron-server[89832]: DEBUG oslo_service.service [-] oslo_messaging_rabbit.rabbit_retry_backoff = 2 {{(pid=89832) log_opt_values /opt/stack/data/venv/lib/python3.10/site-packages/oslo_config/cfg.py:2824}}
Feb 11 01:07:16 jammy-provider-cloud-0000008000 neutron-server[89832]: DEBUG oslo_service.service [-] oslo_messaging_rabbit.rabbit_retry_interval = 1 {{(pid=89832) log_opt_values /opt/stack/data/venv/lib/python3.10/site-packages/oslo_config/cfg.py:2824}}
Feb 11 01:07:16 jammy-provider-cloud-0000008000 neutron-server[89832]: DEBUG oslo_service.service [-] oslo_messaging_rabbit.rabbit_stream_fanout = False {{(pid=89832) log_opt_values /opt/stack/data/venv/lib/python3.10/site-packages/oslo_config/cfg.py:2824}}
Feb 11 01:07:16 jammy-provider-cloud-0000008000 neutron-server[89832]: DEBUG oslo_service.service [-] oslo_messaging_rabbit.rabbit_transient_queues_ttl = 1800 {{(pid=89832) log_opt_values /opt/stack/data/venv/lib/python3.10/site-packages/oslo_config/cfg.py:2824}}
Feb 11 01:07:16 jammy-provider-cloud-0000008000 neutron-server[90025]: DEBUG neutron.plugins.ml2.drivers.ovn.mech_driver.ovsdb.ovsdb_monitor [None req-276d1bc3-560f-47e5-83aa-ce9cb47ec7ab None None] Hash Ring: Node d5299bd4-1d8b-4a08-9459-dd79d93fb960 (host: jammy-provider-cloud-0000008000) handling event "create" for row 28a1e9c7-bd8a-4f67-8944-089830335a19 (table: ACL) {{(pid=90025) notify /opt/stack/neutron/neutron/plugins/ml2/drivers/ovn/mech_driver/ovsdb/ovsdb_monitor.py:855}}
Feb 11 01:07:16 jammy-provider-cloud-0000008000 neutron-server[89832]: DEBUG oslo_service.service [-] oslo_messaging_rabbit.rabbit_transient_quorum_queue = False {{(pid=89832) log_opt_values /opt/stack/data/venv/lib/python3.10/site-packages/oslo_config/cfg.py:2824}}
Feb 11 01:07:16 jammy-provider-cloud-0000008000 neutron-server[89832]: DEBUG oslo_service.service [-] oslo_messaging_rabbit.rpc_conn_pool_size = 30 {{(pid=89832) log_opt_values /opt/stack/data/venv/lib/python3.10/site-packages/oslo_config/cfg.py:2824}}
Feb 11 01:07:16 jammy-provider-cloud-0000008000 neutron-server[90025]: DEBUG neutron.plugins.ml2.drivers.ovn.mech_driver.ovsdb.ovsdb_monitor [None req-276d1bc3-560f-47e5-83aa-ce9cb47ec7ab None None] Hash Ring: Node d5299bd4-1d8b-4a08-9459-dd79d93fb960 (host: jammy-provider-cloud-0000008000) handling event "create" for row 70df49b9-fe3b-4e18-b048-90ccc904d47f (table: NB_Global) {{(pid=90025) notify /opt/stack/neutron/neutron/plugins/ml2/drivers/ovn/mech_driver/ovsdb/ovsdb_monitor.py:855}}
Feb 11 01:07:16 jammy-provider-cloud-0000008000 neutron-server[89832]: DEBUG oslo_service.service [-] oslo_messaging_rabbit.ssl      = False {{(pid=89832) log_opt_values /opt/stack/data/venv/lib/python3.10/site-packages/oslo_config/cfg.py:2824}}
Feb 11 01:07:16 jammy-provider-cloud-0000008000 neutron-server[90025]: DEBUG neutron.plugins.ml2.drivers.ovn.mech_driver.ovsdb.ovsdb_monitor [None req-276d1bc3-560f-47e5-83aa-ce9cb47ec7ab None None] Hash Ring: Node d5299bd4-1d8b-4a08-9459-dd79d93fb960 (host: jammy-provider-cloud-0000008000) handling event "create" for row 7bfbdbee-7b0d-4a5f-ac9c-b3b52355fc51 (table: Port_Group) {{(pid=90025) notify /opt/stack/neutron/neutron/plugins/ml2/drivers/ovn/mech_driver/ovsdb/ovsdb_monitor.py:855}}
Feb 11 01:07:16 jammy-provider-cloud-0000008000 neutron-server[90025]: INFO neutron.plugins.ml2.drivers.ovn.mech_driver.ovsdb.impl_idl_ovn [None req-276d1bc3-560f-47e5-83aa-ce9cb47ec7ab None None] Getting OvsdbSbOvnIdl for WorkerService with retry
Feb 11 01:07:16 jammy-provider-cloud-0000008000 neutron-server[89832]: DEBUG oslo_service.service [-] oslo_messaging_rabbit.ssl_ca_file =  {{(pid=89832) log_opt_values /opt/stack/data/venv/lib/python3.10/site-packages/oslo_config/cfg.py:2824}}
Feb 11 01:07:16 jammy-provider-cloud-0000008000 neutron-server[89832]: DEBUG oslo_service.service [-] oslo_messaging_rabbit.ssl_cert_file =  {{(pid=89832) log_opt_values /opt/stack/data/venv/lib/python3.10/site-packages/oslo_config/cfg.py:2824}}
Feb 11 01:07:16 jammy-provider-cloud-0000008000 neutron-server[89832]: DEBUG oslo_service.service [-] oslo_messaging_rabbit.ssl_enforce_fips_mode = False {{(pid=89832) log_opt_values /opt/stack/data/venv/lib/python3.10/site-packages/oslo_config/cfg.py:2824}}
Feb 11 01:07:16 jammy-provider-cloud-0000008000 neutron-server[89832]: DEBUG oslo_service.service [-] oslo_messaging_rabbit.ssl_key_file =  {{(pid=89832) log_opt_values /opt/stack/data/venv/lib/python3.10/site-packages/oslo_config/cfg.py:2824}}
Feb 11 01:07:16 jammy-provider-cloud-0000008000 neutron-server[89832]: DEBUG oslo_service.service [-] oslo_messaging_rabbit.ssl_version =  {{(pid=89832) log_opt_values /opt/stack/data/venv/lib/python3.10/site-packages/oslo_config/cfg.py:2824}}
Feb 11 01:07:16 jammy-provider-cloud-0000008000 neutron-server[89832]: DEBUG oslo_service.service [-] oslo_messaging_rabbit.use_queue_manager = False {{(pid=89832) log_opt_values /opt/stack/data/venv/lib/python3.10/site-packages/oslo_config/cfg.py:2824}}
Feb 11 01:07:16 jammy-provider-cloud-0000008000 neutron-server[89832]: DEBUG oslo_service.service [-] oslo_messaging_notifications.driver = [] {{(pid=89832) log_opt_values /opt/stack/data/venv/lib/python3.10/site-packages/oslo_config/cfg.py:2824}}
Feb 11 01:07:16 jammy-provider-cloud-0000008000 neutron-server[89832]: DEBUG oslo_service.service [-] oslo_messaging_notifications.retry = -1 {{(pid=89832) log_opt_values /opt/stack/data/venv/lib/python3.10/site-packages/oslo_config/cfg.py:2824}}
Feb 11 01:07:16 jammy-provider-cloud-0000008000 neutron-server[89832]: DEBUG oslo_service.service [-] oslo_messaging_notifications.topics = ['notifications'] {{(pid=89832) log_opt_values /opt/stack/data/venv/lib/python3.10/site-packages/oslo_config/cfg.py:2824}}
Feb 11 01:07:16 jammy-provider-cloud-0000008000 neutron-server[89832]: DEBUG oslo_service.service [-] oslo_messaging_notifications.transport_url = **** {{(pid=89832) log_opt_values /opt/stack/data/venv/lib/python3.10/site-packages/oslo_config/cfg.py:2824}}
Feb 11 01:07:16 jammy-provider-cloud-0000008000 neutron-server[89832]: DEBUG oslo_service.service [-] oslo_reports.file_event_handler = None {{(pid=89832) log_opt_values /opt/stack/data/venv/lib/python3.10/site-packages/oslo_config/cfg.py:2824}}
Feb 11 01:07:16 jammy-provider-cloud-0000008000 neutron-server[89832]: DEBUG oslo_service.service [-] oslo_reports.file_event_handler_interval = 1 {{(pid=89832) log_opt_values /opt/stack/data/venv/lib/python3.10/site-packages/oslo_config/cfg.py:2824}}
Feb 11 01:07:16 jammy-provider-cloud-0000008000 neutron-server[90030]: DEBUG ovsdbapp.backend.ovs_idl [-] Created lookup_table index Logical_Switch.name {{(pid=90030) autocreate_indices /opt/stack/data/venv/lib/python3.10/site-packages/ovsdbapp/backend/ovs_idl/__init__.py:87}}
Feb 11 01:07:16 jammy-provider-cloud-0000008000 neutron-server[89832]: DEBUG oslo_service.service [-] oslo_reports.log_dir           = None {{(pid=89832) log_opt_values /opt/stack/data/venv/lib/python3.10/site-packages/oslo_config/cfg.py:2824}}
Feb 11 01:07:16 jammy-provider-cloud-0000008000 neutron-server[89832]: DEBUG oslo_service.service [-] oslo_versionedobjects.fatal_exception_format_errors = False {{(pid=89832) log_opt_values /opt/stack/data/venv/lib/python3.10/site-packages/oslo_config/cfg.py:2824}}
Feb 11 01:07:16 jammy-provider-cloud-0000008000 neutron-server[89832]: DEBUG oslo_service.service [-] QUOTAS.default_quota           = -1 {{(pid=89832) log_opt_values /opt/stack/data/venv/lib/python3.10/site-packages/oslo_config/cfg.py:2824}}
Feb 11 01:07:16 jammy-provider-cloud-0000008000 neutron-server[89832]: DEBUG oslo_service.service [-] QUOTAS.quota_driver            = neutron.db.quota.driver_nolock.DbQuotaNoLockDriver {{(pid=89832) log_opt_values /opt/stack/data/venv/lib/python3.10/site-packages/oslo_config/cfg.py:2824}}
Feb 11 01:07:16 jammy-provider-cloud-0000008000 neutron-server[89832]: DEBUG oslo_service.service [-] QUOTAS.quota_floatingip        = 50 {{(pid=89832) log_opt_values /opt/stack/data/venv/lib/python3.10/site-packages/oslo_config/cfg.py:2824}}
Feb 11 01:07:16 jammy-provider-cloud-0000008000 neutron-server[90030]: DEBUG ovsdbapp.backend.ovs_idl [-] Created lookup_table index Logical_Router.name {{(pid=90030) autocreate_indices /opt/stack/data/venv/lib/python3.10/site-packages/ovsdbapp/backend/ovs_idl/__init__.py:87}}
Feb 11 01:07:16 jammy-provider-cloud-0000008000 neutron-server[89832]: DEBUG oslo_service.service [-] QUOTAS.quota_network           = 100 {{(pid=89832) log_opt_values /opt/stack/data/venv/lib/python3.10/site-packages/oslo_config/cfg.py:2824}}
Feb 11 01:07:16 jammy-provider-cloud-0000008000 neutron-server[90030]: DEBUG ovsdbapp.backend.ovs_idl [-] Created lookup_table index Load_Balancer.name {{(pid=90030) autocreate_indices /opt/stack/data/venv/lib/python3.10/site-packages/ovsdbapp/backend/ovs_idl/__init__.py:87}}
Feb 11 01:07:16 jammy-provider-cloud-0000008000 neutron-server[89832]: DEBUG oslo_service.service [-] QUOTAS.quota_port              = 500 {{(pid=89832) log_opt_values /opt/stack/data/venv/lib/python3.10/site-packages/oslo_config/cfg.py:2824}}
Feb 11 01:07:16 jammy-provider-cloud-0000008000 neutron-server[90030]: DEBUG ovsdbapp.backend.ovs_idl [-] Created schema index Copp.name {{(pid=90030) autocreate_indices /opt/stack/data/venv/lib/python3.10/site-packages/ovsdbapp/backend/ovs_idl/__init__.py:106}}
Feb 11 01:07:16 jammy-provider-cloud-0000008000 neutron-server[89832]: DEBUG oslo_service.service [-] QUOTAS.quota_rbac_policy       = 10 {{(pid=89832) log_opt_values /opt/stack/data/venv/lib/python3.10/site-packages/oslo_config/cfg.py:2824}}
Feb 11 01:07:16 jammy-provider-cloud-0000008000 neutron-server[90030]: DEBUG ovsdbapp.backend.ovs_idl [-] Created schema index Meter.name {{(pid=90030) autocreate_indices /opt/stack/data/venv/lib/python3.10/site-packages/ovsdbapp/backend/ovs_idl/__init__.py:106}}
Feb 11 01:07:16 jammy-provider-cloud-0000008000 neutron-server[89832]: DEBUG oslo_service.service [-] QUOTAS.quota_router            = 10 {{(pid=89832) log_opt_values /opt/stack/data/venv/lib/python3.10/site-packages/oslo_config/cfg.py:2824}}
Feb 11 01:07:16 jammy-provider-cloud-0000008000 neutron-server[90030]: DEBUG ovsdbapp.backend.ovs_idl [-] Created schema index Load_Balancer_Group.name {{(pid=90030) autocreate_indices /opt/stack/data/venv/lib/python3.10/site-packages/ovsdbapp/backend/ovs_idl/__init__.py:106}}
Feb 11 01:07:16 jammy-provider-cloud-0000008000 neutron-server[90030]: DEBUG ovsdbapp.backend.ovs_idl [-] Created schema index HA_Chassis_Group.name {{(pid=90030) autocreate_indices /opt/stack/data/venv/lib/python3.10/site-packages/ovsdbapp/backend/ovs_idl/__init__.py:106}}
Feb 11 01:07:16 jammy-provider-cloud-0000008000 neutron-server[89832]: DEBUG oslo_service.service [-] QUOTAS.quota_security_group    = 10 {{(pid=89832) log_opt_values /opt/stack/data/venv/lib/python3.10/site-packages/oslo_config/cfg.py:2824}}
Feb 11 01:07:16 jammy-provider-cloud-0000008000 neutron-server[90030]: DEBUG ovsdbapp.backend.ovs_idl [-] Created schema index Address_Set.name {{(pid=90030) autocreate_indices /opt/stack/data/venv/lib/python3.10/site-packages/ovsdbapp/backend/ovs_idl/__init__.py:106}}
Feb 11 01:07:16 jammy-provider-cloud-0000008000 neutron-server[90030]: DEBUG ovsdbapp.backend.ovs_idl [-] Created schema index Connection.target {{(pid=90030) autocreate_indices /opt/stack/data/venv/lib/python3.10/site-packages/ovsdbapp/backend/ovs_idl/__init__.py:106}}
Feb 11 01:07:16 jammy-provider-cloud-0000008000 neutron-server[89832]: DEBUG oslo_service.service [-] QUOTAS.quota_security_group_rule = 100 {{(pid=89832) log_opt_values /opt/stack/data/venv/lib/python3.10/site-packages/oslo_config/cfg.py:2824}}
Feb 11 01:07:16 jammy-provider-cloud-0000008000 neutron-server[90030]: DEBUG ovsdbapp.backend.ovs_idl [-] Created schema index Gateway_Chassis.name {{(pid=90030) autocreate_indices /opt/stack/data/venv/lib/python3.10/site-packages/ovsdbapp/backend/ovs_idl/__init__.py:106}}
Feb 11 01:07:16 jammy-provider-cloud-0000008000 neutron-server[90030]: DEBUG ovsdbapp.backend.ovs_idl [-] Created schema index Logical_Router_Port.name {{(pid=90030) autocreate_indices /opt/stack/data/venv/lib/python3.10/site-packages/ovsdbapp/backend/ovs_idl/__init__.py:106}}
Feb 11 01:07:16 jammy-provider-cloud-0000008000 neutron-server[89832]: DEBUG oslo_service.service [-] QUOTAS.quota_subnet            = 100 {{(pid=89832) log_opt_values /opt/stack/data/venv/lib/python3.10/site-packages/oslo_config/cfg.py:2824}}
Feb 11 01:07:16 jammy-provider-cloud-0000008000 neutron-server[90030]: DEBUG ovsdbapp.backend.ovs_idl [-] Created schema index Port_Group.name {{(pid=90030) autocreate_indices /opt/stack/data/venv/lib/python3.10/site-packages/ovsdbapp/backend/ovs_idl/__init__.py:106}}
Feb 11 01:07:16 jammy-provider-cloud-0000008000 neutron-server[90030]: DEBUG ovsdbapp.backend.ovs_idl [-] Created schema index Logical_Switch_Port.name {{(pid=90030) autocreate_indices /opt/stack/data/venv/lib/python3.10/site-packages/ovsdbapp/backend/ovs_idl/__init__.py:106}}
Feb 11 01:07:16 jammy-provider-cloud-0000008000 neutron-server[89832]: DEBUG oslo_service.service [-] QUOTAS.track_quota_usage       = True {{(pid=89832) log_opt_values /opt/stack/data/venv/lib/python3.10/site-packages/oslo_config/cfg.py:2824}}
Feb 11 01:07:16 jammy-provider-cloud-0000008000 neutron-server[89832]: DEBUG oslo_service.service [-] healthcheck.allowed_source_ranges = [] {{(pid=89832) log_opt_values /opt/stack/data/venv/lib/python3.10/site-packages/oslo_config/cfg.py:2824}}
Feb 11 01:07:16 jammy-provider-cloud-0000008000 neutron-server[89832]: DEBUG oslo_service.service [-] healthcheck.backends           = ['disable_by_file'] {{(pid=89832) log_opt_values /opt/stack/data/venv/lib/python3.10/site-packages/oslo_config/cfg.py:2824}}
Feb 11 01:07:16 jammy-provider-cloud-0000008000 neutron-server[90030]: INFO ovsdbapp.backend.ovs_idl.vlog [-] tcp:10.201.5.87:6641: connecting...
Feb 11 01:07:16 jammy-provider-cloud-0000008000 neutron-server[89832]: DEBUG oslo_service.service [-] healthcheck.detailed           = False {{(pid=89832) log_opt_values /opt/stack/data/venv/lib/python3.10/site-packages/oslo_config/cfg.py:2824}}
Feb 11 01:07:16 jammy-provider-cloud-0000008000 neutron-server[89832]: DEBUG oslo_service.service [-] healthcheck.disable_by_file_path = None {{(pid=89832) log_opt_values /opt/stack/data/venv/lib/python3.10/site-packages/oslo_config/cfg.py:2824}}
Feb 11 01:07:16 jammy-provider-cloud-0000008000 neutron-server[90030]: INFO ovsdbapp.backend.ovs_idl.vlog [-] tcp:10.201.5.87:6641: connected
Feb 11 01:07:16 jammy-provider-cloud-0000008000 neutron-server[89832]: DEBUG oslo_service.service [-] healthcheck.ignore_proxied_requests = False {{(pid=89832) log_opt_values /opt/stack/data/venv/lib/python3.10/site-packages/oslo_config/cfg.py:2824}}
Feb 11 01:07:16 jammy-provider-cloud-0000008000 neutron-server[89832]: DEBUG oslo_service.service [-] healthcheck.path               = /healthcheck {{(pid=89832) log_opt_values /opt/stack/data/venv/lib/python3.10/site-packages/oslo_config/cfg.py:2824}}
Feb 11 01:07:16 jammy-provider-cloud-0000008000 neutron-server[89832]: DEBUG oslo_service.service [-] keystone_authtoken.admin_password = **** {{(pid=89832) log_opt_values /opt/stack/data/venv/lib/python3.10/site-packages/oslo_config/cfg.py:2824}}
Feb 11 01:07:16 jammy-provider-cloud-0000008000 neutron-server[89832]: DEBUG oslo_service.service [-] keystone_authtoken.admin_tenant_name = admin {{(pid=89832) log_opt_values /opt/stack/data/venv/lib/python3.10/site-packages/oslo_config/cfg.py:2824}}
Feb 11 01:07:16 jammy-provider-cloud-0000008000 neutron-server[89832]: DEBUG oslo_service.service [-] keystone_authtoken.admin_token = **** {{(pid=89832) log_opt_values /opt/stack/data/venv/lib/python3.10/site-packages/oslo_config/cfg.py:2824}}
Feb 11 01:07:16 jammy-provider-cloud-0000008000 neutron-server[89832]: DEBUG oslo_service.service [-] keystone_authtoken.admin_user  = None {{(pid=89832) log_opt_values /opt/stack/data/venv/lib/python3.10/site-packages/oslo_config/cfg.py:2824}}
Feb 11 01:07:16 jammy-provider-cloud-0000008000 neutron-server[89832]: DEBUG oslo_service.service [-] keystone_authtoken.auth_admin_prefix =  {{(pid=89832) log_opt_values /opt/stack/data/venv/lib/python3.10/site-packages/oslo_config/cfg.py:2824}}
Feb 11 01:07:16 jammy-provider-cloud-0000008000 neutron-server[89832]: DEBUG oslo_service.service [-] keystone_authtoken.auth_host   = 127.0.0.1 {{(pid=89832) log_opt_values /opt/stack/data/venv/lib/python3.10/site-packages/oslo_config/cfg.py:2824}}
Feb 11 01:07:16 jammy-provider-cloud-0000008000 neutron-server[89832]: DEBUG oslo_service.service [-] keystone_authtoken.auth_port   = 35357 {{(pid=89832) log_opt_values /opt/stack/data/venv/lib/python3.10/site-packages/oslo_config/cfg.py:2824}}
Feb 11 01:07:16 jammy-provider-cloud-0000008000 neutron-server[89832]: DEBUG oslo_service.service [-] keystone_authtoken.auth_protocol = https {{(pid=89832) log_opt_values /opt/stack/data/venv/lib/python3.10/site-packages/oslo_config/cfg.py:2824}}
Feb 11 01:07:16 jammy-provider-cloud-0000008000 neutron-server[89832]: DEBUG oslo_service.service [-] keystone_authtoken.auth_section = None {{(pid=89832) log_opt_values /opt/stack/data/venv/lib/python3.10/site-packages/oslo_config/cfg.py:2824}}
Feb 11 01:07:16 jammy-provider-cloud-0000008000 neutron-server[89832]: DEBUG oslo_service.service [-] keystone_authtoken.auth_type   = password {{(pid=89832) log_opt_values /opt/stack/data/venv/lib/python3.10/site-packages/oslo_config/cfg.py:2824}}
Feb 11 01:07:16 jammy-provider-cloud-0000008000 neutron-server[89832]: DEBUG oslo_service.service [-] keystone_authtoken.auth_uri    = None {{(pid=89832) log_opt_values /opt/stack/data/venv/lib/python3.10/site-packages/oslo_config/cfg.py:2824}}
Feb 11 01:07:16 jammy-provider-cloud-0000008000 neutron-server[89832]: DEBUG oslo_service.service [-] keystone_authtoken.auth_url    = http://10.201.5.87/identity {{(pid=89832) log_opt_values /opt/stack/data/venv/lib/python3.10/site-packages/oslo_config/cfg.py:2824}}
Feb 11 01:07:16 jammy-provider-cloud-0000008000 neutron-server[89832]: DEBUG oslo_service.service [-] keystone_authtoken.auth_version = None {{(pid=89832) log_opt_values /opt/stack/data/venv/lib/python3.10/site-packages/oslo_config/cfg.py:2824}}
Feb 11 01:07:16 jammy-provider-cloud-0000008000 neutron-server[89832]: DEBUG oslo_service.service [-] keystone_authtoken.cache       = None {{(pid=89832) log_opt_values /opt/stack/data/venv/lib/python3.10/site-packages/oslo_config/cfg.py:2824}}
Feb 11 01:07:16 jammy-provider-cloud-0000008000 neutron-server[89832]: DEBUG oslo_service.service [-] keystone_authtoken.cafile      = /opt/stack/data/ca-bundle.pem {{(pid=89832) log_opt_values /opt/stack/data/venv/lib/python3.10/site-packages/oslo_config/cfg.py:2824}}
Feb 11 01:07:16 jammy-provider-cloud-0000008000 neutron-server[89832]: DEBUG oslo_service.service [-] keystone_authtoken.certfile    = None {{(pid=89832) log_opt_values /opt/stack/data/venv/lib/python3.10/site-packages/oslo_config/cfg.py:2824}}
Feb 11 01:07:16 jammy-provider-cloud-0000008000 neutron-server[89832]: DEBUG oslo_service.service [-] keystone_authtoken.default_domain_id = None {{(pid=89832) log_opt_values /opt/stack/data/venv/lib/python3.10/site-packages/oslo_config/cfg.py:2824}}
Feb 11 01:07:16 jammy-provider-cloud-0000008000 neutron-server[89832]: DEBUG oslo_service.service [-] keystone_authtoken.default_domain_name = None {{(pid=89832) log_opt_values /opt/stack/data/venv/lib/python3.10/site-packages/oslo_config/cfg.py:2824}}
Feb 11 01:07:16 jammy-provider-cloud-0000008000 neutron-server[89832]: DEBUG oslo_service.service [-] keystone_authtoken.delay_auth_decision = False {{(pid=89832) log_opt_values /opt/stack/data/venv/lib/python3.10/site-packages/oslo_config/cfg.py:2824}}
Feb 11 01:07:16 jammy-provider-cloud-0000008000 neutron-server[89832]: DEBUG oslo_service.service [-] keystone_authtoken.domain_id   = None {{(pid=89832) log_opt_values /opt/stack/data/venv/lib/python3.10/site-packages/oslo_config/cfg.py:2824}}
Feb 11 01:07:16 jammy-provider-cloud-0000008000 neutron-server[89832]: DEBUG oslo_service.service [-] keystone_authtoken.domain_name = None {{(pid=89832) log_opt_values /opt/stack/data/venv/lib/python3.10/site-packages/oslo_config/cfg.py:2824}}
Feb 11 01:07:16 jammy-provider-cloud-0000008000 neutron-server[90025]: DEBUG ovsdbapp.backend.ovs_idl [None req-276d1bc3-560f-47e5-83aa-ce9cb47ec7ab None None] Created lookup_table index Chassis.name {{(pid=90025) autocreate_indices /opt/stack/data/venv/lib/python3.10/site-packages/ovsdbapp/backend/ovs_idl/__init__.py:87}}
Feb 11 01:07:16 jammy-provider-cloud-0000008000 neutron-server[89832]: DEBUG oslo_service.service [-] keystone_authtoken.enforce_token_bind = permissive {{(pid=89832) log_opt_values /opt/stack/data/venv/lib/python3.10/site-packages/oslo_config/cfg.py:2824}}
Feb 11 01:07:16 jammy-provider-cloud-0000008000 neutron-server[90025]: DEBUG ovsdbapp.backend.ovs_idl [None req-276d1bc3-560f-47e5-83aa-ce9cb47ec7ab None None] Created lookup_table index Port_Binding.logical_port {{(pid=90025) autocreate_indices /opt/stack/data/venv/lib/python3.10/site-packages/ovsdbapp/backend/ovs_idl/__init__.py:87}}
Feb 11 01:07:16 jammy-provider-cloud-0000008000 neutron-server[89832]: DEBUG oslo_service.service [-] keystone_authtoken.http_connect_timeout = None {{(pid=89832) log_opt_values /opt/stack/data/venv/lib/python3.10/site-packages/oslo_config/cfg.py:2824}}
Feb 11 01:07:16 jammy-provider-cloud-0000008000 neutron-server[90025]: DEBUG ovsdbapp.backend.ovs_idl [None req-276d1bc3-560f-47e5-83aa-ce9cb47ec7ab None None] Created schema index Chassis_Private.name {{(pid=90025) autocreate_indices /opt/stack/data/venv/lib/python3.10/site-packages/ovsdbapp/backend/ovs_idl/__init__.py:106}}
Feb 11 01:07:16 jammy-provider-cloud-0000008000 neutron-server[89832]: DEBUG oslo_service.service [-] keystone_authtoken.http_request_max_retries = 3 {{(pid=89832) log_opt_values /opt/stack/data/venv/lib/python3.10/site-packages/oslo_config/cfg.py:2824}}
Feb 11 01:07:16 jammy-provider-cloud-0000008000 neutron-server[90025]: DEBUG ovsdbapp.backend.ovs_idl [None req-276d1bc3-560f-47e5-83aa-ce9cb47ec7ab None None] Created schema index Datapath_Binding.tunnel_key {{(pid=90025) autocreate_indices /opt/stack/data/venv/lib/python3.10/site-packages/ovsdbapp/backend/ovs_idl/__init__.py:106}}
Feb 11 01:07:16 jammy-provider-cloud-0000008000 neutron-server[89832]: DEBUG oslo_service.service [-] keystone_authtoken.identity_uri = None {{(pid=89832) log_opt_values /opt/stack/data/venv/lib/python3.10/site-packages/oslo_config/cfg.py:2824}}
Feb 11 01:07:16 jammy-provider-cloud-0000008000 neutron-server[89832]: DEBUG oslo_service.service [-] keystone_authtoken.include_service_catalog = True {{(pid=89832) log_opt_values /opt/stack/data/venv/lib/python3.10/site-packages/oslo_config/cfg.py:2824}}
Feb 11 01:07:16 jammy-provider-cloud-0000008000 neutron-server[89832]: DEBUG oslo_service.service [-] keystone_authtoken.insecure    = False {{(pid=89832) log_opt_values /opt/stack/data/venv/lib/python3.10/site-packages/oslo_config/cfg.py:2824}}
Feb 11 01:07:16 jammy-provider-cloud-0000008000 neutron-server[89832]: DEBUG oslo_service.service [-] keystone_authtoken.interface   = public {{(pid=89832) log_opt_values /opt/stack/data/venv/lib/python3.10/site-packages/oslo_config/cfg.py:2824}}
Feb 11 01:07:16 jammy-provider-cloud-0000008000 neutron-server[90025]: INFO ovsdbapp.backend.ovs_idl.vlog [None req-276d1bc3-560f-47e5-83aa-ce9cb47ec7ab None None] tcp:10.201.5.87:6642: connecting...
Feb 11 01:07:16 jammy-provider-cloud-0000008000 neutron-server[89832]: DEBUG oslo_service.service [-] keystone_authtoken.keyfile     = None {{(pid=89832) log_opt_values /opt/stack/data/venv/lib/python3.10/site-packages/oslo_config/cfg.py:2824}}
Feb 11 01:07:16 jammy-provider-cloud-0000008000 neutron-server[90025]: INFO ovsdbapp.backend.ovs_idl.vlog [None req-276d1bc3-560f-47e5-83aa-ce9cb47ec7ab None None] tcp:10.201.5.87:6642: connected
Feb 11 01:07:16 jammy-provider-cloud-0000008000 neutron-server[89832]: DEBUG oslo_service.service [-] keystone_authtoken.memcache_pool_conn_get_timeout = 10 {{(pid=89832) log_opt_values /opt/stack/data/venv/lib/python3.10/site-packages/oslo_config/cfg.py:2824}}
Feb 11 01:07:16 jammy-provider-cloud-0000008000 neutron-server[89832]: DEBUG oslo_service.service [-] keystone_authtoken.memcache_pool_dead_retry = 300 {{(pid=89832) log_opt_values /opt/stack/data/venv/lib/python3.10/site-packages/oslo_config/cfg.py:2824}}
Feb 11 01:07:16 jammy-provider-cloud-0000008000 neutron-server[89832]: DEBUG oslo_service.service [-] keystone_authtoken.memcache_pool_maxsize = 10 {{(pid=89832) log_opt_values /opt/stack/data/venv/lib/python3.10/site-packages/oslo_config/cfg.py:2824}}
Feb 11 01:07:16 jammy-provider-cloud-0000008000 neutron-server[89832]: DEBUG oslo_service.service [-] keystone_authtoken.memcache_pool_socket_timeout = 3 {{(pid=89832) log_opt_values /opt/stack/data/venv/lib/python3.10/site-packages/oslo_config/cfg.py:2824}}
Feb 11 01:07:16 jammy-provider-cloud-0000008000 neutron-server[89832]: DEBUG oslo_service.service [-] keystone_authtoken.memcache_pool_unused_timeout = 60 {{(pid=89832) log_opt_values /opt/stack/data/venv/lib/python3.10/site-packages/oslo_config/cfg.py:2824}}
Feb 11 01:07:16 jammy-provider-cloud-0000008000 neutron-server[89832]: DEBUG oslo_service.service [-] keystone_authtoken.memcache_secret_key = **** {{(pid=89832) log_opt_values /opt/stack/data/venv/lib/python3.10/site-packages/oslo_config/cfg.py:2824}}
Feb 11 01:07:16 jammy-provider-cloud-0000008000 neutron-server[89832]: DEBUG oslo_service.service [-] keystone_authtoken.memcache_security_strategy = None {{(pid=89832) log_opt_values /opt/stack/data/venv/lib/python3.10/site-packages/oslo_config/cfg.py:2824}}
Feb 11 01:07:16 jammy-provider-cloud-0000008000 neutron-server[89832]: DEBUG oslo_service.service [-] keystone_authtoken.memcache_use_advanced_pool = True {{(pid=89832) log_opt_values /opt/stack/data/venv/lib/python3.10/site-packages/oslo_config/cfg.py:2824}}
Feb 11 01:07:16 jammy-provider-cloud-0000008000 neutron-server[89832]: DEBUG oslo_service.service [-] keystone_authtoken.memcached_servers = ['localhost:11211'] {{(pid=89832) log_opt_values /opt/stack/data/venv/lib/python3.10/site-packages/oslo_config/cfg.py:2824}}
Feb 11 01:07:16 jammy-provider-cloud-0000008000 neutron-server[89832]: DEBUG oslo_service.service [-] keystone_authtoken.password    = **** {{(pid=89832) log_opt_values /opt/stack/data/venv/lib/python3.10/site-packages/oslo_config/cfg.py:2824}}
Feb 11 01:07:16 jammy-provider-cloud-0000008000 neutron-server[89832]: DEBUG oslo_service.service [-] keystone_authtoken.project_domain_id = None {{(pid=89832) log_opt_values /opt/stack/data/venv/lib/python3.10/site-packages/oslo_config/cfg.py:2824}}
Feb 11 01:07:16 jammy-provider-cloud-0000008000 neutron-server[89832]: DEBUG oslo_service.service [-] keystone_authtoken.project_domain_name = Default {{(pid=89832) log_opt_values /opt/stack/data/venv/lib/python3.10/site-packages/oslo_config/cfg.py:2824}}
Feb 11 01:07:16 jammy-provider-cloud-0000008000 neutron-server[89832]: DEBUG oslo_service.service [-] keystone_authtoken.project_id  = None {{(pid=89832) log_opt_values /opt/stack/data/venv/lib/python3.10/site-packages/oslo_config/cfg.py:2824}}
Feb 11 01:07:16 jammy-provider-cloud-0000008000 neutron-server[89832]: DEBUG oslo_service.service [-] keystone_authtoken.project_name = service {{(pid=89832) log_opt_values /opt/stack/data/venv/lib/python3.10/site-packages/oslo_config/cfg.py:2824}}
Feb 11 01:07:16 jammy-provider-cloud-0000008000 neutron-server[89832]: DEBUG oslo_service.service [-] keystone_authtoken.region_name = None {{(pid=89832) log_opt_values /opt/stack/data/venv/lib/python3.10/site-packages/oslo_config/cfg.py:2824}}
Feb 11 01:07:16 jammy-provider-cloud-0000008000 neutron-server[89832]: DEBUG oslo_service.service [-] keystone_authtoken.service_token_roles = ['service'] {{(pid=89832) log_opt_values /opt/stack/data/venv/lib/python3.10/site-packages/oslo_config/cfg.py:2824}}
Feb 11 01:07:16 jammy-provider-cloud-0000008000 neutron-server[89832]: DEBUG oslo_service.service [-] keystone_authtoken.service_token_roles_required = False {{(pid=89832) log_opt_values /opt/stack/data/venv/lib/python3.10/site-packages/oslo_config/cfg.py:2824}}
Feb 11 01:07:16 jammy-provider-cloud-0000008000 neutron-server[89832]: DEBUG oslo_service.service [-] keystone_authtoken.service_type = None {{(pid=89832) log_opt_values /opt/stack/data/venv/lib/python3.10/site-packages/oslo_config/cfg.py:2824}}
Feb 11 01:07:16 jammy-provider-cloud-0000008000 neutron-server[89832]: DEBUG oslo_service.service [-] keystone_authtoken.system_scope = None {{(pid=89832) log_opt_values /opt/stack/data/venv/lib/python3.10/site-packages/oslo_config/cfg.py:2824}}
Feb 11 01:07:16 jammy-provider-cloud-0000008000 neutron-server[89832]: DEBUG oslo_service.service [-] keystone_authtoken.token_cache_time = 300 {{(pid=89832) log_opt_values /opt/stack/data/venv/lib/python3.10/site-packages/oslo_config/cfg.py:2824}}
Feb 11 01:07:16 jammy-provider-cloud-0000008000 neutron-server[89832]: DEBUG oslo_service.service [-] keystone_authtoken.trust_id    = None {{(pid=89832) log_opt_values /opt/stack/data/venv/lib/python3.10/site-packages/oslo_config/cfg.py:2824}}
Feb 11 01:07:16 jammy-provider-cloud-0000008000 neutron-server[89832]: DEBUG oslo_service.service [-] keystone_authtoken.user_domain_id = None {{(pid=89832) log_opt_values /opt/stack/data/venv/lib/python3.10/site-packages/oslo_config/cfg.py:2824}}
Feb 11 01:07:16 jammy-provider-cloud-0000008000 neutron-server[89832]: DEBUG oslo_service.service [-] keystone_authtoken.user_domain_name = Default {{(pid=89832) log_opt_values /opt/stack/data/venv/lib/python3.10/site-packages/oslo_config/cfg.py:2824}}
Feb 11 01:07:16 jammy-provider-cloud-0000008000 neutron-server[89832]: DEBUG oslo_service.service [-] keystone_authtoken.user_id     = None {{(pid=89832) log_opt_values /opt/stack/data/venv/lib/python3.10/site-packages/oslo_config/cfg.py:2824}}
Feb 11 01:07:16 jammy-provider-cloud-0000008000 neutron-server[89832]: DEBUG oslo_service.service [-] keystone_authtoken.username    = neutron {{(pid=89832) log_opt_values /opt/stack/data/venv/lib/python3.10/site-packages/oslo_config/cfg.py:2824}}
Feb 11 01:07:16 jammy-provider-cloud-0000008000 neutron-server[89832]: DEBUG oslo_service.service [-] keystone_authtoken.www_authenticate_uri = None {{(pid=89832) log_opt_values /opt/stack/data/venv/lib/python3.10/site-packages/oslo_config/cfg.py:2824}}
Feb 11 01:07:16 jammy-provider-cloud-0000008000 neutron-server[89832]: DEBUG oslo_service.service [-] cache.backend                  = dogpile.cache.null {{(pid=89832) log_opt_values /opt/stack/data/venv/lib/python3.10/site-packages/oslo_config/cfg.py:2824}}
Feb 11 01:07:16 jammy-provider-cloud-0000008000 neutron-server[89832]: DEBUG oslo_service.service [-] cache.backend_argument         = **** {{(pid=89832) log_opt_values /opt/stack/data/venv/lib/python3.10/site-packages/oslo_config/cfg.py:2824}}
Feb 11 01:07:16 jammy-provider-cloud-0000008000 neutron-server[89832]: DEBUG oslo_service.service [-] cache.backend_expiration_time  = None {{(pid=89832) log_opt_values /opt/stack/data/venv/lib/python3.10/site-packages/oslo_config/cfg.py:2824}}
Feb 11 01:07:16 jammy-provider-cloud-0000008000 neutron-server[89832]: DEBUG oslo_service.service [-] cache.config_prefix            = cache.oslo {{(pid=89832) log_opt_values /opt/stack/data/venv/lib/python3.10/site-packages/oslo_config/cfg.py:2824}}
Feb 11 01:07:16 jammy-provider-cloud-0000008000 neutron-server[89832]: DEBUG oslo_service.service [-] cache.dead_timeout             = 60.0 {{(pid=89832) log_opt_values /opt/stack/data/venv/lib/python3.10/site-packages/oslo_config/cfg.py:2824}}
Feb 11 01:07:16 jammy-provider-cloud-0000008000 neutron-server[90026]: DEBUG neutron.common.ovn.hash_ring_manager [None req-7b2130ae-36a7-4504-b649-f4c0233cc027 None None] Allow caching, nodes 2>=2 {{(pid=90026) _wait_startup_before_caching /opt/stack/neutron/neutron/common/ovn/hash_ring_manager.py:65}}
Feb 11 01:07:16 jammy-provider-cloud-0000008000 neutron-server[89832]: DEBUG oslo_service.service [-] cache.debug_cache_backend      = False {{(pid=89832) log_opt_values /opt/stack/data/venv/lib/python3.10/site-packages/oslo_config/cfg.py:2824}}
Feb 11 01:07:16 jammy-provider-cloud-0000008000 neutron-server[89832]: DEBUG oslo_service.service [-] cache.enable_retry_client      = False {{(pid=89832) log_opt_values /opt/stack/data/venv/lib/python3.10/site-packages/oslo_config/cfg.py:2824}}
Feb 11 01:07:16 jammy-provider-cloud-0000008000 neutron-server[89832]: DEBUG oslo_service.service [-] cache.enable_socket_keepalive  = False {{(pid=89832) log_opt_values /opt/stack/data/venv/lib/python3.10/site-packages/oslo_config/cfg.py:2824}}
