Mar 13 06:39:36 jammy-provider-cloud-0000008093 devstack@keystone.service[72558]: ERROR keystone.server.flask.application Traceback (most recent call last):
Mar 13 06:39:36 jammy-provider-cloud-0000008093 devstack@keystone.service[72558]: ERROR keystone.server.flask.application   File "/opt/stack/keystone/keystone/resource/core.py", line 250, in create_project
Mar 13 06:39:36 jammy-provider-cloud-0000008093 devstack@keystone.service[72558]: ERROR keystone.server.flask.application     ret = self.driver.create_project(project_id, project)
Mar 13 06:39:36 jammy-provider-cloud-0000008093 devstack@keystone.service[72558]: ERROR keystone.server.flask.application   File "/opt/stack/keystone/keystone/common/sql/core.py", line 614, in wrapper
Mar 13 06:39:36 jammy-provider-cloud-0000008093 devstack@keystone.service[72558]: ERROR keystone.server.flask.application     raise exception.Conflict(type=conflict_type, details=msg)
Mar 13 06:39:36 jammy-provider-cloud-0000008093 devstack@keystone.service[72558]: ERROR keystone.server.flask.application keystone.exception.Conflict: Conflict occurred attempting to store project - Duplicate entry found with name Default.
Mar 13 06:39:36 jammy-provider-cloud-0000008093 devstack@keystone.service[72558]: ERROR keystone.server.flask.application 
Mar 13 06:39:36 jammy-provider-cloud-0000008093 devstack@keystone.service[72558]: ERROR keystone.server.flask.application During handling of the above exception, another exception occurred:
Mar 13 06:39:36 jammy-provider-cloud-0000008093 devstack@keystone.service[72558]: ERROR keystone.server.flask.application 
Mar 13 06:39:36 jammy-provider-cloud-0000008093 devstack@keystone.service[72558]: ERROR keystone.server.flask.application Traceback (most recent call last):
Mar 13 06:39:36 jammy-provider-cloud-0000008093 devstack@keystone.service[72558]: ERROR keystone.server.flask.application   File "/opt/stack/data/venv/lib/python3.10/site-packages/flask/app.py", line 917, in full_dispatch_request
Mar 13 06:39:36 jammy-provider-cloud-0000008093 devstack@keystone.service[72558]: ERROR keystone.server.flask.application     rv = self.dispatch_request()
Mar 13 06:39:36 jammy-provider-cloud-0000008093 devstack@keystone.service[72558]: ERROR keystone.server.flask.application   File "/opt/stack/data/venv/lib/python3.10/site-packages/flask/app.py", line 902, in dispatch_request
Mar 13 06:39:36 jammy-provider-cloud-0000008093 devstack@keystone.service[72558]: ERROR keystone.server.flask.application     return self.ensure_sync(self.view_functions[rule.endpoint])(**view_args)  # type: ignore[no-any-return]
Mar 13 06:39:36 jammy-provider-cloud-0000008093 devstack@keystone.service[72558]: ERROR keystone.server.flask.application   File "/opt/stack/data/venv/lib/python3.10/site-packages/flask_restful/__init__.py", line 489, in wrapper
Mar 13 06:39:36 jammy-provider-cloud-0000008093 devstack@keystone.service[72558]: ERROR keystone.server.flask.application     resp = resource(*args, **kwargs)
Mar 13 06:39:36 jammy-provider-cloud-0000008093 devstack@keystone.service[72558]: ERROR keystone.server.flask.application   File "/opt/stack/data/venv/lib/python3.10/site-packages/flask/views.py", line 110, in view
Mar 13 06:39:36 jammy-provider-cloud-0000008093 devstack@keystone.service[72558]: ERROR keystone.server.flask.application     return current_app.ensure_sync(self.dispatch_request)(**kwargs)  # type: ignore[no-any-return]
Mar 13 06:39:36 jammy-provider-cloud-0000008093 devstack@keystone.service[72558]: ERROR keystone.server.flask.application   File "/opt/stack/data/venv/lib/python3.10/site-packages/flask_restful/__init__.py", line 604, in dispatch_request
Mar 13 06:39:36 jammy-provider-cloud-0000008093 devstack@keystone.service[72558]: ERROR keystone.server.flask.application     resp = meth(*args, **kwargs)
Mar 13 06:39:36 jammy-provider-cloud-0000008093 devstack@keystone.service[72558]: ERROR keystone.server.flask.application   File "/opt/stack/keystone/keystone/api/validation/__init__.py", line 80, in wrapper
Mar 13 06:39:36 jammy-provider-cloud-0000008093 devstack@keystone.service[72558]: ERROR keystone.server.flask.application     return func(*args, **kwargs)
Mar 13 06:39:36 jammy-provider-cloud-0000008093 devstack@keystone.service[72558]: ERROR keystone.server.flask.application   File "/opt/stack/keystone/keystone/api/validation/__init__.py", line 139, in wrapper
Mar 13 06:39:36 jammy-provider-cloud-0000008093 devstack@keystone.service[72558]: ERROR keystone.server.flask.application     response = func(*args, **kwargs)
Mar 13 06:39:36 jammy-provider-cloud-0000008093 devstack@keystone.service[72558]: ERROR keystone.server.flask.application   File "/opt/stack/keystone/keystone/api/domains.py", line 181, in post
Mar 13 06:39:36 jammy-provider-cloud-0000008093 devstack@keystone.service[72558]: ERROR keystone.server.flask.application     ref = PROVIDERS.resource_api.create_domain(
Mar 13 06:39:36 jammy-provider-cloud-0000008093 devstack@keystone.service[72558]: ERROR keystone.server.flask.application   File "/opt/stack/keystone/keystone/common/manager.py", line 114, in wrapped
Mar 13 06:39:36 jammy-provider-cloud-0000008093 devstack@keystone.service[72558]: ERROR keystone.server.flask.application     __ret_val = __f(*args, **kwargs)
Mar 13 06:39:36 jammy-provider-cloud-0000008093 devstack@keystone.service[72558]: ERROR keystone.server.flask.application   File "/opt/stack/keystone/keystone/resource/core.py", line 867, in create_domain
Mar 13 06:39:36 jammy-provider-cloud-0000008093 devstack@keystone.service[72558]: ERROR keystone.server.flask.application     is_domain_project = self.create_project(
Mar 13 06:39:36 jammy-provider-cloud-0000008093 devstack@keystone.service[72558]: ERROR keystone.server.flask.application   File "/opt/stack/keystone/keystone/common/manager.py", line 114, in wrapped
Mar 13 06:39:36 jammy-provider-cloud-0000008093 devstack@keystone.service[72558]: ERROR keystone.server.flask.application     __ret_val = __f(*args, **kwargs)
Mar 13 06:39:36 jammy-provider-cloud-0000008093 devstack@keystone.service[72558]: ERROR keystone.server.flask.application   File "/opt/stack/keystone/keystone/resource/core.py", line 252, in create_project
Mar 13 06:39:36 jammy-provider-cloud-0000008093 devstack@keystone.service[72558]: ERROR keystone.server.flask.application     raise exception.Conflict(
Mar 13 06:39:36 jammy-provider-cloud-0000008093 devstack@keystone.service[72558]: ERROR keystone.server.flask.application keystone.exception.Conflict: Conflict occurred attempting to store project - it is not permitted to have two projects acting as domains with the same name: Default.
Mar 13 06:39:36 jammy-provider-cloud-0000008093 devstack@keystone.service[72558]: ERROR keystone.server.flask.application 
Mar 13 06:39:36 jammy-provider-cloud-0000008093 devstack@keystone.service[72558]: [pid: 72558|app: 0|req: 9/16] 10.201.5.87 () {60 vars in 1129 bytes} [Thu Mar 13 06:39:35 2025] POST /identity/v3/domains => generated 190 bytes in 82 msecs (HTTP/1.1 409) 5 headers in 183 bytes (1 switches on core 0)
Mar 13 06:39:36 jammy-provider-cloud-0000008093 devstack@keystone.service[72558]: DEBUG keystone.server.flask.request_processing.middleware.auth_context [None req-0fd4a901-7a98-4dc3-b504-ee43c5cc8ba8 None admin] Authenticating user token {{(pid=72558) process_request /opt/stack/data/venv/lib/python3.10/site-packages/keystonemiddleware/auth_token/__init__.py:406}}
Mar 13 06:39:36 jammy-provider-cloud-0000008093 devstack@keystone.service[72559]: DEBUG keystone.server.flask.request_processing.middleware.auth_context [None req-b872fbc5-0c92-4085-b885-a38c6ab45cec None admin] Validating token access rules against request {{(pid=72559) validate_allowed_request /opt/stack/data/venv/lib/python3.10/site-packages/keystonemiddleware/auth_token/__init__.py:544}}
Mar 13 06:39:36 jammy-provider-cloud-0000008093 devstack@keystone.service[72559]: DEBUG keystone.server.flask.request_processing.middleware.auth_context [None req-8bac6756-2589-426c-acef-c4c19e4752ec None admin] RBAC: auth_context: {'token': <TokenModel (audit_id=DKQkXjMESvGumYxeQgNNbA, audit_chain_id=['DKQkXjMESvGumYxeQgNNbA']) at 0x7f4b640a41f0>, 'domain_id': None, 'trust_id': None, 'trustor_id': None, 'trustee_id': None, 'domain_name': None, 'group_ids': [], 'user_id': 'ea3ce22fe981475a97992fe6024de168', 'user_domain_id': 'default', 'system_scope': 'all', 'project_id': None, 'project_domain_id': None, 'roles': ['admin', 'manager', 'member', 'reader'], 'is_admin_project': True, 'service_user_id': None, 'service_user_domain_id': None, 'service_project_id': None, 'service_project_domain_id': None, 'service_roles': []} {{(pid=72559) fill_context /opt/stack/keystone/keystone/server/flask/request_processing/middleware/auth_context.py:506}}
Mar 13 06:39:36 jammy-provider-cloud-0000008093 devstack@keystone.service[72559]: DEBUG keystone.server.flask.request_processing.req_logging [None req-8bac6756-2589-426c-acef-c4c19e4752ec None admin] REQUEST_METHOD: `GET` {{(pid=72559) log_request_info /opt/stack/keystone/keystone/server/flask/request_processing/req_logging.py:26}}
Mar 13 06:39:36 jammy-provider-cloud-0000008093 devstack@keystone.service[72559]: DEBUG keystone.server.flask.request_processing.req_logging [None req-8bac6756-2589-426c-acef-c4c19e4752ec None admin] SCRIPT_NAME: `/identity` {{(pid=72559) log_request_info /opt/stack/keystone/keystone/server/flask/request_processing/req_logging.py:27}}
Mar 13 06:39:36 jammy-provider-cloud-0000008093 devstack@keystone.service[72559]: DEBUG keystone.server.flask.request_processing.req_logging [None req-8bac6756-2589-426c-acef-c4c19e4752ec None admin] PATH_INFO: `/v3/users/ea3ce22fe981475a97992fe6024de168` {{(pid=72559) log_request_info /opt/stack/keystone/keystone/server/flask/request_processing/req_logging.py:28}}
Mar 13 06:39:36 jammy-provider-cloud-0000008093 devstack@keystone.service[72559]: DEBUG keystone.common.rbac_enforcer.enforcer [None req-8bac6756-2589-426c-acef-c4c19e4752ec None admin] RBAC: Authorizing `identity:get_user(user_id=ea3ce22fe981475a97992fe6024de168)` {{(pid=72559) enforce_call /opt/stack/keystone/keystone/common/rbac_enforcer/enforcer.py:495}}
Mar 13 06:39:36 jammy-provider-cloud-0000008093 devstack@keystone.service[72559]: DEBUG keystone.common.rbac_enforcer.enforcer [None req-8bac6756-2589-426c-acef-c4c19e4752ec None admin] RBAC: Authorization granted {{(pid=72559) enforce_call /opt/stack/keystone/keystone/common/rbac_enforcer/enforcer.py:506}}
Mar 13 06:39:36 jammy-provider-cloud-0000008093 devstack@keystone.service[72558]: DEBUG keystone.server.flask.request_processing.middleware.auth_context [None req-0fd4a901-7a98-4dc3-b504-ee43c5cc8ba8 None admin] Validating token access rules against request {{(pid=72558) validate_allowed_request /opt/stack/data/venv/lib/python3.10/site-packages/keystonemiddleware/auth_token/__init__.py:544}}
Mar 13 06:39:36 jammy-provider-cloud-0000008093 devstack@keystone.service[72559]: [pid: 72559|app: 0|req: 8/17] 10.201.5.87 () {56 vars in 1213 bytes} [Thu Mar 13 06:39:36 2025] GET /identity/v3/users/ea3ce22fe981475a97992fe6024de168 => generated 247 bytes in 59 msecs (HTTP/1.1 200) 5 headers in 177 bytes (2 switches on core 0)
Mar 13 06:39:36 jammy-provider-cloud-0000008093 devstack@keystone.service[72559]: DEBUG keystone.server.flask.request_processing.middleware.auth_context [None req-8bac6756-2589-426c-acef-c4c19e4752ec None admin] Authenticating user token {{(pid=72559) process_request /opt/stack/data/venv/lib/python3.10/site-packages/keystonemiddleware/auth_token/__init__.py:406}}
Mar 13 06:39:36 jammy-provider-cloud-0000008093 devstack@keystone.service[72558]: DEBUG keystone.server.flask.request_processing.middleware.auth_context [None req-cfca90e1-f83c-4439-878b-b4c7b6b31f95 None admin] RBAC: auth_context: {'token': <TokenModel (audit_id=06PxO3kiSkSuv3yXpkrKKQ, audit_chain_id=['06PxO3kiSkSuv3yXpkrKKQ']) at 0x7f4b641b1e40>, 'domain_id': None, 'trust_id': None, 'trustor_id': None, 'trustee_id': None, 'domain_name': None, 'group_ids': [], 'user_id': 'ea3ce22fe981475a97992fe6024de168', 'user_domain_id': 'default', 'system_scope': 'all', 'project_id': None, 'project_domain_id': None, 'roles': ['admin', 'manager', 'member', 'reader'], 'is_admin_project': True, 'service_user_id': None, 'service_user_domain_id': None, 'service_project_id': None, 'service_project_domain_id': None, 'service_roles': []} {{(pid=72558) fill_context /opt/stack/keystone/keystone/server/flask/request_processing/middleware/auth_context.py:506}}
Mar 13 06:39:36 jammy-provider-cloud-0000008093 devstack@keystone.service[72558]: DEBUG keystone.server.flask.request_processing.req_logging [None req-cfca90e1-f83c-4439-878b-b4c7b6b31f95 None admin] REQUEST_METHOD: `GET` {{(pid=72558) log_request_info /opt/stack/keystone/keystone/server/flask/request_processing/req_logging.py:26}}
Mar 13 06:39:36 jammy-provider-cloud-0000008093 devstack@keystone.service[72558]: DEBUG keystone.server.flask.request_processing.req_logging [None req-cfca90e1-f83c-4439-878b-b4c7b6b31f95 None admin] SCRIPT_NAME: `/identity` {{(pid=72558) log_request_info /opt/stack/keystone/keystone/server/flask/request_processing/req_logging.py:27}}
Mar 13 06:39:36 jammy-provider-cloud-0000008093 devstack@keystone.service[72558]: DEBUG keystone.server.flask.request_processing.req_logging [None req-cfca90e1-f83c-4439-878b-b4c7b6b31f95 None admin] PATH_INFO: `/v3/domains/Default` {{(pid=72558) log_request_info /opt/stack/keystone/keystone/server/flask/request_processing/req_logging.py:28}}
Mar 13 06:39:36 jammy-provider-cloud-0000008093 devstack@keystone.service[72558]: DEBUG keystone.common.rbac_enforcer.enforcer [None req-cfca90e1-f83c-4439-878b-b4c7b6b31f95 None admin] RBAC: Authorizing `identity:get_domain(domain_id=Default)` {{(pid=72558) enforce_call /opt/stack/keystone/keystone/common/rbac_enforcer/enforcer.py:495}}
Mar 13 06:39:36 jammy-provider-cloud-0000008093 devstack@keystone.service[72558]: DEBUG keystone.common.rbac_enforcer.enforcer [None req-cfca90e1-f83c-4439-878b-b4c7b6b31f95 None admin] RBAC: Authorization granted {{(pid=72558) enforce_call /opt/stack/keystone/keystone/common/rbac_enforcer/enforcer.py:506}}
Mar 13 06:39:36 jammy-provider-cloud-0000008093 devstack@keystone.service[72558]: DEBUG keystone.server.flask.application [None req-cfca90e1-f83c-4439-878b-b4c7b6b31f95 None admin] Could not find domain: Default. {{(pid=72558) _handle_keystone_exception /opt/stack/keystone/keystone/server/flask/application.py:152}}
Mar 13 06:39:36 jammy-provider-cloud-0000008093 devstack@keystone.service[72558]: [pid: 72558|app: 0|req: 10/18] 10.201.5.87 () {56 vars in 1100 bytes} [Thu Mar 13 06:39:36 2025] GET /identity/v3/domains/Default => generated 87 bytes in 73 msecs (HTTP/1.1 404) 5 headers in 183 bytes (1 switches on core 0)
Mar 13 06:39:36 jammy-provider-cloud-0000008093 devstack@keystone.service[72558]: DEBUG keystone.server.flask.request_processing.middleware.auth_context [None req-cfca90e1-f83c-4439-878b-b4c7b6b31f95 None admin] Authenticating user token {{(pid=72558) process_request /opt/stack/data/venv/lib/python3.10/site-packages/keystonemiddleware/auth_token/__init__.py:406}}
Mar 13 06:39:36 jammy-provider-cloud-0000008093 devstack@keystone.service[72559]: DEBUG keystone.server.flask.request_processing.middleware.auth_context [None req-8bac6756-2589-426c-acef-c4c19e4752ec None admin] Validating token access rules against request {{(pid=72559) validate_allowed_request /opt/stack/data/venv/lib/python3.10/site-packages/keystonemiddleware/auth_token/__init__.py:544}}
Mar 13 06:39:36 jammy-provider-cloud-0000008093 devstack@keystone.service[72559]: DEBUG keystone.server.flask.request_processing.middleware.auth_context [None req-349a0340-cf0c-41f3-b174-a7c6dababa19 None admin] RBAC: auth_context: {'token': <TokenModel (audit_id=DKQkXjMESvGumYxeQgNNbA, audit_chain_id=['DKQkXjMESvGumYxeQgNNbA']) at 0x7f4b640a70a0>, 'domain_id': None, 'trust_id': None, 'trustor_id': None, 'trustee_id': None, 'domain_name': None, 'group_ids': [], 'user_id': 'ea3ce22fe981475a97992fe6024de168', 'user_domain_id': 'default', 'system_scope': 'all', 'project_id': None, 'project_domain_id': None, 'roles': ['admin', 'manager', 'member', 'reader'], 'is_admin_project': True, 'service_user_id': None, 'service_user_domain_id': None, 'service_project_id': None, 'service_project_domain_id': None, 'service_roles': []} {{(pid=72559) fill_context /opt/stack/keystone/keystone/server/flask/request_processing/middleware/auth_context.py:506}}
Mar 13 06:39:36 jammy-provider-cloud-0000008093 devstack@keystone.service[72559]: DEBUG keystone.server.flask.request_processing.req_logging [None req-349a0340-cf0c-41f3-b174-a7c6dababa19 None admin] REQUEST_METHOD: `GET` {{(pid=72559) log_request_info /opt/stack/keystone/keystone/server/flask/request_processing/req_logging.py:26}}
Mar 13 06:39:36 jammy-provider-cloud-0000008093 devstack@keystone.service[72559]: DEBUG keystone.server.flask.request_processing.req_logging [None req-349a0340-cf0c-41f3-b174-a7c6dababa19 None admin] SCRIPT_NAME: `/identity` {{(pid=72559) log_request_info /opt/stack/keystone/keystone/server/flask/request_processing/req_logging.py:27}}
Mar 13 06:39:36 jammy-provider-cloud-0000008093 devstack@keystone.service[72559]: DEBUG keystone.server.flask.request_processing.req_logging [None req-349a0340-cf0c-41f3-b174-a7c6dababa19 None admin] PATH_INFO: `/v3/domains/default` {{(pid=72559) log_request_info /opt/stack/keystone/keystone/server/flask/request_processing/req_logging.py:28}}
Mar 13 06:39:36 jammy-provider-cloud-0000008093 devstack@keystone.service[72559]: DEBUG keystone.common.rbac_enforcer.enforcer [None req-349a0340-cf0c-41f3-b174-a7c6dababa19 None admin] RBAC: Authorizing `identity:get_domain(domain_id=default)` {{(pid=72559) enforce_call /opt/stack/keystone/keystone/common/rbac_enforcer/enforcer.py:495}}
Mar 13 06:39:36 jammy-provider-cloud-0000008093 devstack@keystone.service[72559]: DEBUG keystone.common.rbac_enforcer.enforcer [None req-349a0340-cf0c-41f3-b174-a7c6dababa19 None admin] RBAC: Authorization granted {{(pid=72559) enforce_call /opt/stack/keystone/keystone/common/rbac_enforcer/enforcer.py:506}}
Mar 13 06:39:36 jammy-provider-cloud-0000008093 devstack@keystone.service[72559]: [pid: 72559|app: 0|req: 9/19] 10.201.5.87 () {56 vars in 1144 bytes} [Thu Mar 13 06:39:36 2025] GET /identity/v3/domains/default => generated 199 bytes in 56 msecs (HTTP/1.1 200) 5 headers in 177 bytes (1 switches on core 0)
Mar 13 06:39:36 jammy-provider-cloud-0000008093 devstack@keystone.service[72558]: DEBUG keystone.server.flask.request_processing.middleware.auth_context [None req-cfca90e1-f83c-4439-878b-b4c7b6b31f95 None admin] Validating token access rules against request {{(pid=72558) validate_allowed_request /opt/stack/data/venv/lib/python3.10/site-packages/keystonemiddleware/auth_token/__init__.py:544}}
Mar 13 06:39:36 jammy-provider-cloud-0000008093 devstack@keystone.service[72559]: DEBUG keystone.server.flask.request_processing.middleware.auth_context [None req-349a0340-cf0c-41f3-b174-a7c6dababa19 None admin] Authenticating user token {{(pid=72559) process_request /opt/stack/data/venv/lib/python3.10/site-packages/keystonemiddleware/auth_token/__init__.py:406}}
Mar 13 06:39:36 jammy-provider-cloud-0000008093 devstack@keystone.service[72558]: DEBUG keystone.server.flask.request_processing.middleware.auth_context [None req-ed5c914a-0878-447e-994c-9284e0873d3a None admin] RBAC: auth_context: {'token': <TokenModel (audit_id=06PxO3kiSkSuv3yXpkrKKQ, audit_chain_id=['06PxO3kiSkSuv3yXpkrKKQ']) at 0x7f4b641b1fc0>, 'domain_id': None, 'trust_id': None, 'trustor_id': None, 'trustee_id': None, 'domain_name': None, 'group_ids': [], 'user_id': 'ea3ce22fe981475a97992fe6024de168', 'user_domain_id': 'default', 'system_scope': 'all', 'project_id': None, 'project_domain_id': None, 'roles': ['admin', 'manager', 'member', 'reader'], 'is_admin_project': True, 'service_user_id': None, 'service_user_domain_id': None, 'service_project_id': None, 'service_project_domain_id': None, 'service_roles': []} {{(pid=72558) fill_context /opt/stack/keystone/keystone/server/flask/request_processing/middleware/auth_context.py:506}}
Mar 13 06:39:36 jammy-provider-cloud-0000008093 devstack@keystone.service[72558]: DEBUG keystone.server.flask.request_processing.req_logging [None req-ed5c914a-0878-447e-994c-9284e0873d3a None admin] REQUEST_METHOD: `GET` {{(pid=72558) log_request_info /opt/stack/keystone/keystone/server/flask/request_processing/req_logging.py:26}}
Mar 13 06:39:36 jammy-provider-cloud-0000008093 devstack@keystone.service[72558]: DEBUG keystone.server.flask.request_processing.req_logging [None req-ed5c914a-0878-447e-994c-9284e0873d3a None admin] SCRIPT_NAME: `/identity` {{(pid=72558) log_request_info /opt/stack/keystone/keystone/server/flask/request_processing/req_logging.py:27}}
Mar 13 06:39:36 jammy-provider-cloud-0000008093 devstack@keystone.service[72558]: DEBUG keystone.server.flask.request_processing.req_logging [None req-ed5c914a-0878-447e-994c-9284e0873d3a None admin] PATH_INFO: `/v3/domains` {{(pid=72558) log_request_info /opt/stack/keystone/keystone/server/flask/request_processing/req_logging.py:28}}
Mar 13 06:39:36 jammy-provider-cloud-0000008093 devstack@keystone.service[72558]: DEBUG keystone.common.rbac_enforcer.enforcer [None req-ed5c914a-0878-447e-994c-9284e0873d3a None admin] RBAC: Adding query filter params (name=Default) {{(pid=72558) _extract_filter_values /opt/stack/keystone/keystone/common/rbac_enforcer/enforcer.py:176}}
Mar 13 06:39:36 jammy-provider-cloud-0000008093 devstack@keystone.service[72558]: DEBUG keystone.common.rbac_enforcer.enforcer [None req-ed5c914a-0878-447e-994c-9284e0873d3a None admin] RBAC: Authorizing `identity:list_domains()` {{(pid=72558) enforce_call /opt/stack/keystone/keystone/common/rbac_enforcer/enforcer.py:495}}
Mar 13 06:39:36 jammy-provider-cloud-0000008093 devstack@keystone.service[72558]: DEBUG keystone.common.rbac_enforcer.enforcer [None req-ed5c914a-0878-447e-994c-9284e0873d3a None admin] RBAC: Authorization granted {{(pid=72558) enforce_call /opt/stack/keystone/keystone/common/rbac_enforcer/enforcer.py:506}}
Mar 13 06:39:36 jammy-provider-cloud-0000008093 devstack@keystone.service[72558]: [pid: 72558|app: 0|req: 11/20] 10.201.5.87 () {56 vars in 1101 bytes} [Thu Mar 13 06:39:36 2025] GET /identity/v3/domains?name=Default => generated 308 bytes in 63 msecs (HTTP/1.1 200) 5 headers in 177 bytes (2 switches on core 0)
Mar 13 06:39:36 jammy-provider-cloud-0000008093 devstack@keystone.service[72559]: DEBUG keystone.server.flask.request_processing.middleware.auth_context [None req-349a0340-cf0c-41f3-b174-a7c6dababa19 None admin] Validating token access rules against request {{(pid=72559) validate_allowed_request /opt/stack/data/venv/lib/python3.10/site-packages/keystonemiddleware/auth_token/__init__.py:544}}
Mar 13 06:39:36 jammy-provider-cloud-0000008093 devstack@keystone.service[72559]: DEBUG keystone.server.flask.request_processing.middleware.auth_context [None req-c4ff24d3-0e22-4688-94cf-e1939177e9cb None admin] RBAC: auth_context: {'token': <TokenModel (audit_id=DKQkXjMESvGumYxeQgNNbA, audit_chain_id=['DKQkXjMESvGumYxeQgNNbA']) at 0x7f4b640a7100>, 'domain_id': None, 'trust_id': None, 'trustor_id': None, 'trustee_id': None, 'domain_name': None, 'group_ids': [], 'user_id': 'ea3ce22fe981475a97992fe6024de168', 'user_domain_id': 'default', 'system_scope': 'all', 'project_id': None, 'project_domain_id': None, 'roles': ['admin', 'manager', 'member', 'reader'], 'is_admin_project': True, 'service_user_id': None, 'service_user_domain_id': None, 'service_project_id': None, 'service_project_domain_id': None, 'service_roles': []} {{(pid=72559) fill_context /opt/stack/keystone/keystone/server/flask/request_processing/middleware/auth_context.py:506}}
Mar 13 06:39:36 jammy-provider-cloud-0000008093 devstack@keystone.service[72559]: DEBUG keystone.server.flask.request_processing.req_logging [None req-c4ff24d3-0e22-4688-94cf-e1939177e9cb None admin] REQUEST_METHOD: `PUT` {{(pid=72559) log_request_info /opt/stack/keystone/keystone/server/flask/request_processing/req_logging.py:26}}
Mar 13 06:39:36 jammy-provider-cloud-0000008093 devstack@keystone.service[72559]: DEBUG keystone.server.flask.request_processing.req_logging [None req-c4ff24d3-0e22-4688-94cf-e1939177e9cb None admin] SCRIPT_NAME: `/identity` {{(pid=72559) log_request_info /opt/stack/keystone/keystone/server/flask/request_processing/req_logging.py:27}}
Mar 13 06:39:36 jammy-provider-cloud-0000008093 devstack@keystone.service[72559]: DEBUG keystone.server.flask.request_processing.req_logging [None req-c4ff24d3-0e22-4688-94cf-e1939177e9cb None admin] PATH_INFO: `/v3/domains/default/users/ea3ce22fe981475a97992fe6024de168/roles/fe6e8f3ab0df4f32b2dd6b6ba4c4f684` {{(pid=72559) log_request_info /opt/stack/keystone/keystone/server/flask/request_processing/req_logging.py:28}}
Mar 13 06:39:36 jammy-provider-cloud-0000008093 devstack@keystone.service[72559]: DEBUG keystone.common.rbac_enforcer.enforcer [None req-c4ff24d3-0e22-4688-94cf-e1939177e9cb None admin] RBAC: Authorizing `identity:create_grant(domain_id=default, user_id=ea3ce22fe981475a97992fe6024de168, role_id=fe6e8f3ab0df4f32b2dd6b6ba4c4f684)` {{(pid=72559) enforce_call /opt/stack/keystone/keystone/common/rbac_enforcer/enforcer.py:495}}
Mar 13 06:39:36 jammy-provider-cloud-0000008093 devstack@keystone.service[72559]: DEBUG keystone.common.rbac_enforcer.enforcer [None req-c4ff24d3-0e22-4688-94cf-e1939177e9cb None admin] RBAC: Authorization granted {{(pid=72559) enforce_call /opt/stack/keystone/keystone/common/rbac_enforcer/enforcer.py:506}}
Mar 13 06:39:36 jammy-provider-cloud-0000008093 devstack@keystone.service[72559]: [pid: 72559|app: 0|req: 10/21] 10.201.5.87 () {58 vars in 1397 bytes} [Thu Mar 13 06:39:36 2025] PUT /identity/v3/domains/default/users/ea3ce22fe981475a97992fe6024de168/roles/fe6e8f3ab0df4f32b2dd6b6ba4c4f684 => generated 0 bytes in 111 msecs (HTTP/1.1 204) 3 headers in 132 bytes (0 switches on core 0)
Mar 13 06:39:37 jammy-provider-cloud-0000008093 devstack@keystone.service[72558]: DEBUG keystone.server.flask.request_processing.req_logging [None req-7de9d830-41b0-400a-ba7d-455405febcd6 None None] REQUEST_METHOD: `GET` {{(pid=72558) log_request_info /opt/stack/keystone/keystone/server/flask/request_processing/req_logging.py:26}}
Mar 13 06:39:37 jammy-provider-cloud-0000008093 devstack@keystone.service[72558]: DEBUG keystone.server.flask.request_processing.req_logging [None req-7de9d830-41b0-400a-ba7d-455405febcd6 None None] SCRIPT_NAME: `/identity` {{(pid=72558) log_request_info /opt/stack/keystone/keystone/server/flask/request_processing/req_logging.py:27}}
Mar 13 06:39:37 jammy-provider-cloud-0000008093 devstack@keystone.service[72558]: DEBUG keystone.server.flask.request_processing.req_logging [None req-7de9d830-41b0-400a-ba7d-455405febcd6 None None] PATH_INFO: `/` {{(pid=72558) log_request_info /opt/stack/keystone/keystone/server/flask/request_processing/req_logging.py:28}}
Mar 13 06:39:37 jammy-provider-cloud-0000008093 devstack@keystone.service[72558]: [pid: 72558|app: 0|req: 12/22] 10.201.5.87 () {54 vars in 919 bytes} [Thu Mar 13 06:39:37 2025] GET /identity => generated 270 bytes in 3 msecs (HTTP/1.1 300) 6 headers in 234 bytes (1 switches on core 0)
Mar 13 06:39:37 jammy-provider-cloud-0000008093 devstack@keystone.service[72559]: DEBUG keystone.server.flask.request_processing.req_logging [None req-e98db609-e377-4902-af65-8e66fef77241 None None] REQUEST_METHOD: `POST` {{(pid=72559) log_request_info /opt/stack/keystone/keystone/server/flask/request_processing/req_logging.py:26}}
Mar 13 06:39:37 jammy-provider-cloud-0000008093 devstack@keystone.service[72559]: DEBUG keystone.server.flask.request_processing.req_logging [None req-e98db609-e377-4902-af65-8e66fef77241 None None] SCRIPT_NAME: `/identity` {{(pid=72559) log_request_info /opt/stack/keystone/keystone/server/flask/request_processing/req_logging.py:27}}
Mar 13 06:39:37 jammy-provider-cloud-0000008093 devstack@keystone.service[72559]: DEBUG keystone.server.flask.request_processing.req_logging [None req-e98db609-e377-4902-af65-8e66fef77241 None None] PATH_INFO: `/v3/auth/tokens` {{(pid=72559) log_request_info /opt/stack/keystone/keystone/server/flask/request_processing/req_logging.py:28}}
Mar 13 06:39:37 jammy-provider-cloud-0000008093 devstack@keystone.service[72558]: DEBUG keystone.server.flask.request_processing.req_logging [None req-f2a6f65e-21b4-4978-91d5-47e2540c3e78 None None] REQUEST_METHOD: `GET` {{(pid=72558) log_request_info /opt/stack/keystone/keystone/server/flask/request_processing/req_logging.py:26}}
Mar 13 06:39:37 jammy-provider-cloud-0000008093 devstack@keystone.service[72558]: DEBUG keystone.server.flask.request_processing.req_logging [None req-f2a6f65e-21b4-4978-91d5-47e2540c3e78 None None] SCRIPT_NAME: `/identity` {{(pid=72558) log_request_info /opt/stack/keystone/keystone/server/flask/request_processing/req_logging.py:27}}
Mar 13 06:39:37 jammy-provider-cloud-0000008093 devstack@keystone.service[72558]: DEBUG keystone.server.flask.request_processing.req_logging [None req-f2a6f65e-21b4-4978-91d5-47e2540c3e78 None None] PATH_INFO: `/` {{(pid=72558) log_request_info /opt/stack/keystone/keystone/server/flask/request_processing/req_logging.py:28}}
Mar 13 06:39:37 jammy-provider-cloud-0000008093 devstack@keystone.service[72558]: [pid: 72558|app: 0|req: 13/23] 10.201.5.87 () {54 vars in 919 bytes} [Thu Mar 13 06:39:37 2025] GET /identity => generated 270 bytes in 1 msecs (HTTP/1.1 300) 6 headers in 234 bytes (1 switches on core 0)
Mar 13 06:39:37 jammy-provider-cloud-0000008093 devstack@keystone.service[72558]: DEBUG keystone.server.flask.request_processing.req_logging [None req-60fad5ba-69f0-4c0b-8ccc-a341647dac8d None None] REQUEST_METHOD: `POST` {{(pid=72558) log_request_info /opt/stack/keystone/keystone/server/flask/request_processing/req_logging.py:26}}
Mar 13 06:39:37 jammy-provider-cloud-0000008093 devstack@keystone.service[72558]: DEBUG keystone.server.flask.request_processing.req_logging [None req-60fad5ba-69f0-4c0b-8ccc-a341647dac8d None None] SCRIPT_NAME: `/identity` {{(pid=72558) log_request_info /opt/stack/keystone/keystone/server/flask/request_processing/req_logging.py:27}}
Mar 13 06:39:37 jammy-provider-cloud-0000008093 devstack@keystone.service[72558]: DEBUG keystone.server.flask.request_processing.req_logging [None req-60fad5ba-69f0-4c0b-8ccc-a341647dac8d None None] PATH_INFO: `/v3/auth/tokens` {{(pid=72558) log_request_info /opt/stack/keystone/keystone/server/flask/request_processing/req_logging.py:28}}
Mar 13 06:39:37 jammy-provider-cloud-0000008093 devstack@keystone.service[72559]: WARNING keystone.common.password_hashing [None req-e98db609-e377-4902-af65-8e66fef77241 None None] Truncating password to algorithm specific maximum length 72 characters.
Mar 13 06:39:37 jammy-provider-cloud-0000008093 devstack@keystone.service[72559]: DEBUG keystone.auth.core [None req-e98db609-e377-4902-af65-8e66fef77241 None None] MFA Rules not processed for user `ea3ce22fe981475a97992fe6024de168`. Rule list: `[]` (Enabled: `True`). {{(pid=72559) check_auth_methods_against_rules /opt/stack/keystone/keystone/auth/core.py:476}}
Mar 13 06:39:37 jammy-provider-cloud-0000008093 devstack@keystone.service[72558]: WARNING keystone.common.password_hashing [None req-60fad5ba-69f0-4c0b-8ccc-a341647dac8d None None] Truncating password to algorithm specific maximum length 72 characters.
Mar 13 06:39:37 jammy-provider-cloud-0000008093 devstack@keystone.service[72559]: DEBUG keystone.common.fernet_utils [None req-e98db609-e377-4902-af65-8e66fef77241 None None] Loaded 2 Fernet keys from /etc/keystone/fernet-keys/, but `[fernet_tokens] max_active_keys = 3`; perhaps there have not been enough key rotations to reach `max_active_keys` yet? {{(pid=72559) load_keys /opt/stack/keystone/keystone/common/fernet_utils.py:297}}
Mar 13 06:39:37 jammy-provider-cloud-0000008093 devstack@keystone.service[72558]: DEBUG keystone.auth.core [None req-60fad5ba-69f0-4c0b-8ccc-a341647dac8d None None] MFA Rules not processed for user `ea3ce22fe981475a97992fe6024de168`. Rule list: `[]` (Enabled: `True`). {{(pid=72558) check_auth_methods_against_rules /opt/stack/keystone/keystone/auth/core.py:476}}
Mar 13 06:39:37 jammy-provider-cloud-0000008093 devstack@keystone.service[72558]: DEBUG keystone.common.fernet_utils [None req-60fad5ba-69f0-4c0b-8ccc-a341647dac8d None None] Loaded 2 Fernet keys from /etc/keystone/fernet-keys/, but `[fernet_tokens] max_active_keys = 3`; perhaps there have not been enough key rotations to reach `max_active_keys` yet? {{(pid=72558) load_keys /opt/stack/keystone/keystone/common/fernet_utils.py:297}}
Mar 13 06:39:37 jammy-provider-cloud-0000008093 devstack@keystone.service[72559]: [pid: 72559|app: 0|req: 11/24] 10.201.5.87 () {58 vars in 1016 bytes} [Thu Mar 13 06:39:37 2025] POST /identity/v3/auth/tokens => generated 862 bytes in 56 msecs (HTTP/1.1 201) 6 headers in 363 bytes (1 switches on core 0)
Mar 13 06:39:37 jammy-provider-cloud-0000008093 devstack@keystone.service[72558]: [pid: 72558|app: 0|req: 14/25] 10.201.5.87 () {58 vars in 1016 bytes} [Thu Mar 13 06:39:37 2025] POST /identity/v3/auth/tokens => generated 862 bytes in 67 msecs (HTTP/1.1 201) 6 headers in 363 bytes (1 switches on core 0)
Mar 13 06:39:37 jammy-provider-cloud-0000008093 devstack@keystone.service[72559]: DEBUG keystone.server.flask.request_processing.middleware.auth_context [None req-e98db609-e377-4902-af65-8e66fef77241 None None] Authenticating user token {{(pid=72559) process_request /opt/stack/data/venv/lib/python3.10/site-packages/keystonemiddleware/auth_token/__init__.py:406}}
Mar 13 06:39:37 jammy-provider-cloud-0000008093 devstack@keystone.service[72558]: DEBUG keystone.server.flask.request_processing.req_logging [None req-13b57076-3d90-4c56-8d65-a3a25a3da7eb None None] REQUEST_METHOD: `GET` {{(pid=72558) log_request_info /opt/stack/keystone/keystone/server/flask/request_processing/req_logging.py:26}}
Mar 13 06:39:37 jammy-provider-cloud-0000008093 devstack@keystone.service[72558]: DEBUG keystone.server.flask.request_processing.req_logging [None req-13b57076-3d90-4c56-8d65-a3a25a3da7eb None None] SCRIPT_NAME: `/identity` {{(pid=72558) log_request_info /opt/stack/keystone/keystone/server/flask/request_processing/req_logging.py:27}}
Mar 13 06:39:37 jammy-provider-cloud-0000008093 devstack@keystone.service[72558]: DEBUG keystone.server.flask.request_processing.req_logging [None req-13b57076-3d90-4c56-8d65-a3a25a3da7eb None None] PATH_INFO: `/` {{(pid=72558) log_request_info /opt/stack/keystone/keystone/server/flask/request_processing/req_logging.py:28}}
Mar 13 06:39:37 jammy-provider-cloud-0000008093 devstack@keystone.service[72558]: [pid: 72558|app: 0|req: 15/26] 10.201.5.87 () {54 vars in 919 bytes} [Thu Mar 13 06:39:37 2025] GET /identity => generated 270 bytes in 2 msecs (HTTP/1.1 300) 6 headers in 234 bytes (1 switches on core 0)
Mar 13 06:39:37 jammy-provider-cloud-0000008093 devstack@keystone.service[72558]: DEBUG keystone.server.flask.request_processing.req_logging [None req-86f5633e-08d1-47a9-b53f-76bb7ca35924 None None] REQUEST_METHOD: `POST` {{(pid=72558) log_request_info /opt/stack/keystone/keystone/server/flask/request_processing/req_logging.py:26}}
Mar 13 06:39:37 jammy-provider-cloud-0000008093 devstack@keystone.service[72558]: DEBUG keystone.server.flask.request_processing.req_logging [None req-86f5633e-08d1-47a9-b53f-76bb7ca35924 None None] SCRIPT_NAME: `/identity` {{(pid=72558) log_request_info /opt/stack/keystone/keystone/server/flask/request_processing/req_logging.py:27}}
Mar 13 06:39:37 jammy-provider-cloud-0000008093 devstack@keystone.service[72558]: DEBUG keystone.server.flask.request_processing.req_logging [None req-86f5633e-08d1-47a9-b53f-76bb7ca35924 None None] PATH_INFO: `/v3/auth/tokens` {{(pid=72558) log_request_info /opt/stack/keystone/keystone/server/flask/request_processing/req_logging.py:28}}
Mar 13 06:39:37 jammy-provider-cloud-0000008093 devstack@keystone.service[72559]: DEBUG keystone.server.flask.request_processing.middleware.auth_context [None req-e98db609-e377-4902-af65-8e66fef77241 None None] Validating token access rules against request {{(pid=72559) validate_allowed_request /opt/stack/data/venv/lib/python3.10/site-packages/keystonemiddleware/auth_token/__init__.py:544}}
Mar 13 06:39:37 jammy-provider-cloud-0000008093 devstack@keystone.service[72558]: WARNING keystone.common.password_hashing [None req-86f5633e-08d1-47a9-b53f-76bb7ca35924 None None] Truncating password to algorithm specific maximum length 72 characters.
Mar 13 06:39:37 jammy-provider-cloud-0000008093 devstack@keystone.service[72558]: DEBUG keystone.auth.core [None req-86f5633e-08d1-47a9-b53f-76bb7ca35924 None None] MFA Rules not processed for user `ea3ce22fe981475a97992fe6024de168`. Rule list: `[]` (Enabled: `True`). {{(pid=72558) check_auth_methods_against_rules /opt/stack/keystone/keystone/auth/core.py:476}}
Mar 13 06:39:37 jammy-provider-cloud-0000008093 devstack@keystone.service[72558]: DEBUG keystone.common.fernet_utils [None req-86f5633e-08d1-47a9-b53f-76bb7ca35924 None None] Loaded 2 Fernet keys from /etc/keystone/fernet-keys/, but `[fernet_tokens] max_active_keys = 3`; perhaps there have not been enough key rotations to reach `max_active_keys` yet? {{(pid=72558) load_keys /opt/stack/keystone/keystone/common/fernet_utils.py:297}}
Mar 13 06:39:37 jammy-provider-cloud-0000008093 devstack@keystone.service[72559]: DEBUG keystone.server.flask.request_processing.middleware.auth_context [None req-f5c28488-1ba1-42cd-baa4-0fc8433a621f None admin] RBAC: auth_context: {'token': <TokenModel (audit_id=fLDNxVFdSR6CXu-gPF-n5g, audit_chain_id=['fLDNxVFdSR6CXu-gPF-n5g']) at 0x7f4b640a6c20>, 'domain_id': None, 'trust_id': None, 'trustor_id': None, 'trustee_id': None, 'domain_name': None, 'group_ids': [], 'user_id': 'ea3ce22fe981475a97992fe6024de168', 'user_domain_id': 'default', 'system_scope': 'all', 'project_id': None, 'project_domain_id': None, 'roles': ['admin', 'manager', 'member', 'reader'], 'is_admin_project': True, 'service_user_id': None, 'service_user_domain_id': None, 'service_project_id': None, 'service_project_domain_id': None, 'service_roles': []} {{(pid=72559) fill_context /opt/stack/keystone/keystone/server/flask/request_processing/middleware/auth_context.py:506}}
Mar 13 06:39:37 jammy-provider-cloud-0000008093 devstack@keystone.service[72559]: DEBUG keystone.server.flask.request_processing.req_logging [None req-f5c28488-1ba1-42cd-baa4-0fc8433a621f None admin] REQUEST_METHOD: `GET` {{(pid=72559) log_request_info /opt/stack/keystone/keystone/server/flask/request_processing/req_logging.py:26}}
Mar 13 06:39:37 jammy-provider-cloud-0000008093 devstack@keystone.service[72559]: DEBUG keystone.server.flask.request_processing.req_logging [None req-f5c28488-1ba1-42cd-baa4-0fc8433a621f None admin] SCRIPT_NAME: `/identity` {{(pid=72559) log_request_info /opt/stack/keystone/keystone/server/flask/request_processing/req_logging.py:27}}
Mar 13 06:39:37 jammy-provider-cloud-0000008093 devstack@keystone.service[72559]: DEBUG keystone.server.flask.request_processing.req_logging [None req-f5c28488-1ba1-42cd-baa4-0fc8433a621f None admin] PATH_INFO: `/v3/roles/admin` {{(pid=72559) log_request_info /opt/stack/keystone/keystone/server/flask/request_processing/req_logging.py:28}}
Mar 13 06:39:37 jammy-provider-cloud-0000008093 devstack@keystone.service[72559]: DEBUG keystone.common.rbac_enforcer.enforcer [None req-f5c28488-1ba1-42cd-baa4-0fc8433a621f None admin] Extracting inferred target data resulted in "NOT FOUND (404)". {{(pid=72559) enforce_call /opt/stack/keystone/keystone/common/rbac_enforcer/enforcer.py:445}}
Mar 13 06:39:37 jammy-provider-cloud-0000008093 devstack@keystone.service[72559]: DEBUG keystone.server.flask.application [None req-f5c28488-1ba1-42cd-baa4-0fc8433a621f None admin] Could not find role: admin. {{(pid=72559) _handle_keystone_exception /opt/stack/keystone/keystone/server/flask/application.py:152}}
Mar 13 06:39:37 jammy-provider-cloud-0000008093 devstack@keystone.service[72559]: [pid: 72559|app: 0|req: 12/27] 10.201.5.87 () {56 vars in 1132 bytes} [Thu Mar 13 06:39:37 2025] GET /identity/v3/roles/admin => generated 83 bytes in 74 msecs (HTTP/1.1 404) 5 headers in 183 bytes (1 switches on core 0)
Mar 13 06:39:37 jammy-provider-cloud-0000008093 devstack@keystone.service[72559]: DEBUG keystone.server.flask.request_processing.middleware.auth_context [None req-f5c28488-1ba1-42cd-baa4-0fc8433a621f None admin] Authenticating user token {{(pid=72559) process_request /opt/stack/data/venv/lib/python3.10/site-packages/keystonemiddleware/auth_token/__init__.py:406}}
Mar 13 06:39:37 jammy-provider-cloud-0000008093 devstack@keystone.service[72558]: [pid: 72558|app: 0|req: 16/28] 10.201.5.87 () {58 vars in 1016 bytes} [Thu Mar 13 06:39:37 2025] POST /identity/v3/auth/tokens => generated 862 bytes in 60 msecs (HTTP/1.1 201) 6 headers in 363 bytes (1 switches on core 0)
Mar 13 06:39:37 jammy-provider-cloud-0000008093 devstack@keystone.service[72558]: DEBUG keystone.server.flask.request_processing.middleware.auth_context [None req-86f5633e-08d1-47a9-b53f-76bb7ca35924 None None] Authenticating user token {{(pid=72558) process_request /opt/stack/data/venv/lib/python3.10/site-packages/keystonemiddleware/auth_token/__init__.py:406}}
Mar 13 06:39:37 jammy-provider-cloud-0000008093 devstack@keystone.service[72559]: DEBUG keystone.server.flask.request_processing.middleware.auth_context [None req-f5c28488-1ba1-42cd-baa4-0fc8433a621f None admin] Validating token access rules against request {{(pid=72559) validate_allowed_request /opt/stack/data/venv/lib/python3.10/site-packages/keystonemiddleware/auth_token/__init__.py:544}}
Mar 13 06:39:37 jammy-provider-cloud-0000008093 devstack@keystone.service[72559]: DEBUG keystone.server.flask.request_processing.middleware.auth_context [None req-09c55228-f3b2-4bc1-92b2-0bb40dec275f None admin] RBAC: auth_context: {'token': <TokenModel (audit_id=fLDNxVFdSR6CXu-gPF-n5g, audit_chain_id=['fLDNxVFdSR6CXu-gPF-n5g']) at 0x7f4b5ffeefb0>, 'domain_id': None, 'trust_id': None, 'trustor_id': None, 'trustee_id': None, 'domain_name': None, 'group_ids': [], 'user_id': 'ea3ce22fe981475a97992fe6024de168', 'user_domain_id': 'default', 'system_scope': 'all', 'project_id': None, 'project_domain_id': None, 'roles': ['admin', 'manager', 'member', 'reader'], 'is_admin_project': True, 'service_user_id': None, 'service_user_domain_id': None, 'service_project_id': None, 'service_project_domain_id': None, 'service_roles': []} {{(pid=72559) fill_context /opt/stack/keystone/keystone/server/flask/request_processing/middleware/auth_context.py:506}}
Mar 13 06:39:37 jammy-provider-cloud-0000008093 devstack@keystone.service[72559]: DEBUG keystone.server.flask.request_processing.req_logging [None req-09c55228-f3b2-4bc1-92b2-0bb40dec275f None admin] REQUEST_METHOD: `GET` {{(pid=72559) log_request_info /opt/stack/keystone/keystone/server/flask/request_processing/req_logging.py:26}}
Mar 13 06:39:37 jammy-provider-cloud-0000008093 devstack@keystone.service[72559]: DEBUG keystone.server.flask.request_processing.req_logging [None req-09c55228-f3b2-4bc1-92b2-0bb40dec275f None admin] SCRIPT_NAME: `/identity` {{(pid=72559) log_request_info /opt/stack/keystone/keystone/server/flask/request_processing/req_logging.py:27}}
Mar 13 06:39:37 jammy-provider-cloud-0000008093 devstack@keystone.service[72559]: DEBUG keystone.server.flask.request_processing.req_logging [None req-09c55228-f3b2-4bc1-92b2-0bb40dec275f None admin] PATH_INFO: `/v3/roles` {{(pid=72559) log_request_info /opt/stack/keystone/keystone/server/flask/request_processing/req_logging.py:28}}
Mar 13 06:39:37 jammy-provider-cloud-0000008093 devstack@keystone.service[72559]: DEBUG keystone.common.rbac_enforcer.enforcer [None req-09c55228-f3b2-4bc1-92b2-0bb40dec275f None admin] RBAC: Adding query filter params (name=admin) {{(pid=72559) _extract_filter_values /opt/stack/keystone/keystone/common/rbac_enforcer/enforcer.py:176}}
Mar 13 06:39:37 jammy-provider-cloud-0000008093 devstack@keystone.service[72559]: DEBUG keystone.common.rbac_enforcer.enforcer [None req-09c55228-f3b2-4bc1-92b2-0bb40dec275f None admin] RBAC: Authorizing `identity:list_roles()` {{(pid=72559) enforce_call /opt/stack/keystone/keystone/common/rbac_enforcer/enforcer.py:495}}
Mar 13 06:39:37 jammy-provider-cloud-0000008093 devstack@keystone.service[72559]: DEBUG keystone.common.rbac_enforcer.enforcer [None req-09c55228-f3b2-4bc1-92b2-0bb40dec275f None admin] RBAC: Authorization granted {{(pid=72559) enforce_call /opt/stack/keystone/keystone/common/rbac_enforcer/enforcer.py:506}}
Mar 13 06:39:37 jammy-provider-cloud-0000008093 devstack@keystone.service[72559]: [pid: 72559|app: 0|req: 13/29] 10.201.5.87 () {56 vars in 1148 bytes} [Thu Mar 13 06:39:37 2025] GET /identity/v3/roles?name=admin => generated 339 bytes in 84 msecs (HTTP/1.1 200) 5 headers in 177 bytes (2 switches on core 0)
Mar 13 06:39:37 jammy-provider-cloud-0000008093 devstack@keystone.service[72559]: DEBUG keystone.server.flask.request_processing.middleware.auth_context [None req-09c55228-f3b2-4bc1-92b2-0bb40dec275f None admin] Authenticating user token {{(pid=72559) process_request /opt/stack/data/venv/lib/python3.10/site-packages/keystonemiddleware/auth_token/__init__.py:406}}
Mar 13 06:39:37 jammy-provider-cloud-0000008093 devstack@keystone.service[72559]: DEBUG keystone.server.flask.request_processing.middleware.auth_context [None req-09c55228-f3b2-4bc1-92b2-0bb40dec275f None admin] Validating token access rules against request {{(pid=72559) validate_allowed_request /opt/stack/data/venv/lib/python3.10/site-packages/keystonemiddleware/auth_token/__init__.py:544}}
Mar 13 06:39:37 jammy-provider-cloud-0000008093 devstack@keystone.service[72558]: DEBUG keystone.server.flask.request_processing.middleware.auth_context [None req-86f5633e-08d1-47a9-b53f-76bb7ca35924 None None] Validating token access rules against request {{(pid=72558) validate_allowed_request /opt/stack/data/venv/lib/python3.10/site-packages/keystonemiddleware/auth_token/__init__.py:544}}
Mar 13 06:39:37 jammy-provider-cloud-0000008093 devstack@keystone.service[72559]: DEBUG keystone.server.flask.request_processing.middleware.auth_context [None req-cac79913-eeca-4c65-b496-478650e36564 None admin] RBAC: auth_context: {'token': <TokenModel (audit_id=fLDNxVFdSR6CXu-gPF-n5g, audit_chain_id=['fLDNxVFdSR6CXu-gPF-n5g']) at 0x7f4b5ffeee30>, 'domain_id': None, 'trust_id': None, 'trustor_id': None, 'trustee_id': None, 'domain_name': None, 'group_ids': [], 'user_id': 'ea3ce22fe981475a97992fe6024de168', 'user_domain_id': 'default', 'system_scope': 'all', 'project_id': None, 'project_domain_id': None, 'roles': ['admin', 'manager', 'member', 'reader'], 'is_admin_project': True, 'service_user_id': None, 'service_user_domain_id': None, 'service_project_id': None, 'service_project_domain_id': None, 'service_roles': []} {{(pid=72559) fill_context /opt/stack/keystone/keystone/server/flask/request_processing/middleware/auth_context.py:506}}
Mar 13 06:39:37 jammy-provider-cloud-0000008093 devstack@keystone.service[72559]: DEBUG keystone.server.flask.request_processing.req_logging [None req-cac79913-eeca-4c65-b496-478650e36564 None admin] REQUEST_METHOD: `GET` {{(pid=72559) log_request_info /opt/stack/keystone/keystone/server/flask/request_processing/req_logging.py:26}}
Mar 13 06:39:37 jammy-provider-cloud-0000008093 devstack@keystone.service[72559]: DEBUG keystone.server.flask.request_processing.req_logging [None req-cac79913-eeca-4c65-b496-478650e36564 None admin] SCRIPT_NAME: `/identity` {{(pid=72559) log_request_info /opt/stack/keystone/keystone/server/flask/request_processing/req_logging.py:27}}
Mar 13 06:39:37 jammy-provider-cloud-0000008093 devstack@keystone.service[72559]: DEBUG keystone.server.flask.request_processing.req_logging [None req-cac79913-eeca-4c65-b496-478650e36564 None admin] PATH_INFO: `/v3/users/ea3ce22fe981475a97992fe6024de168` {{(pid=72559) log_request_info /opt/stack/keystone/keystone/server/flask/request_processing/req_logging.py:28}}
Mar 13 06:39:37 jammy-provider-cloud-0000008093 devstack@keystone.service[72559]: DEBUG keystone.common.rbac_enforcer.enforcer [None req-cac79913-eeca-4c65-b496-478650e36564 None admin] RBAC: Authorizing `identity:get_user(user_id=ea3ce22fe981475a97992fe6024de168)` {{(pid=72559) enforce_call /opt/stack/keystone/keystone/common/rbac_enforcer/enforcer.py:495}}
Mar 13 06:39:37 jammy-provider-cloud-0000008093 devstack@keystone.service[72559]: DEBUG keystone.common.rbac_enforcer.enforcer [None req-cac79913-eeca-4c65-b496-478650e36564 None admin] RBAC: Authorization granted {{(pid=72559) enforce_call /opt/stack/keystone/keystone/common/rbac_enforcer/enforcer.py:506}}
Mar 13 06:39:37 jammy-provider-cloud-0000008093 devstack@keystone.service[72559]: [pid: 72559|app: 0|req: 14/30] 10.201.5.87 () {56 vars in 1213 bytes} [Thu Mar 13 06:39:37 2025] GET /identity/v3/users/ea3ce22fe981475a97992fe6024de168 => generated 247 bytes in 55 msecs (HTTP/1.1 200) 5 headers in 177 bytes (1 switches on core 0)
Mar 13 06:39:37 jammy-provider-cloud-0000008093 devstack@keystone.service[72559]: DEBUG keystone.server.flask.request_processing.middleware.auth_context [None req-cac79913-eeca-4c65-b496-478650e36564 None admin] Authenticating user token {{(pid=72559) process_request /opt/stack/data/venv/lib/python3.10/site-packages/keystonemiddleware/auth_token/__init__.py:406}}
