Apr 28 23:04:01 ubuntu devstack@keystone.service[68021]: DEBUG keystone.server.flask.request_processing.req_logging [None req-de09c527-8a86-4290-8957-911343788a81 None admin] SCRIPT_NAME: `/identity` {{(pid=68021) log_request_info /opt/stack/keystone/keystone/server/flask/request_processing/req_logging.py:27}}
Apr 28 23:04:01 ubuntu devstack@keystone.service[68021]: DEBUG keystone.server.flask.request_processing.req_logging [None req-de09c527-8a86-4290-8957-911343788a81 None admin] PATH_INFO: `/v3/domains` {{(pid=68021) log_request_info /opt/stack/keystone/keystone/server/flask/request_processing/req_logging.py:28}}
Apr 28 23:04:01 ubuntu devstack@keystone.service[68021]: DEBUG keystone.common.rbac_enforcer.enforcer [None req-de09c527-8a86-4290-8957-911343788a81 None admin] RBAC: Adding query filter params (name=Default) {{(pid=68021) _extract_filter_values /opt/stack/keystone/keystone/common/rbac_enforcer/enforcer.py:176}}
Apr 28 23:04:01 ubuntu devstack@keystone.service[68021]: DEBUG keystone.common.rbac_enforcer.enforcer [None req-de09c527-8a86-4290-8957-911343788a81 None admin] RBAC: Authorizing `identity:list_domains()` {{(pid=68021) enforce_call /opt/stack/keystone/keystone/common/rbac_enforcer/enforcer.py:494}}
Apr 28 23:04:01 ubuntu devstack@keystone.service[68021]: DEBUG keystone.common.rbac_enforcer.enforcer [None req-de09c527-8a86-4290-8957-911343788a81 None admin] RBAC: Authorization granted {{(pid=68021) enforce_call /opt/stack/keystone/keystone/common/rbac_enforcer/enforcer.py:505}}
Apr 28 23:04:01 ubuntu devstack@keystone.service[68021]: [pid: 68021|app: 0|req: 11/21] 10.120.125.137 () {58 vars in 1190 bytes} [Tue Apr 28 23:04:01 2026] GET /identity/v3/domains?name=Default => generated 310 bytes in 80 msecs (HTTP/1.1 200) 5 headers in 177 bytes (1 switches on core 0)
Apr 28 23:04:01 ubuntu devstack@keystone.service[68020]: DEBUG keystone.server.flask.request_processing.middleware.auth_context [None req-cf56c763-691d-4e02-9bb0-1c07c1ed30f3 None admin] Authenticating user token {{(pid=68020) process_request /opt/stack/data/venv/lib/python3.12/site-packages/keystonemiddleware/auth_token/__init__.py:407}}
Apr 28 23:04:01 ubuntu devstack@keystone.service[68020]: DEBUG keystone.server.flask.request_processing.middleware.auth_context [None req-cf56c763-691d-4e02-9bb0-1c07c1ed30f3 None admin] Validating token access rules against request {{(pid=68020) validate_allowed_request /opt/stack/data/venv/lib/python3.12/site-packages/keystonemiddleware/auth_token/__init__.py:545}}
Apr 28 23:04:01 ubuntu devstack@keystone.service[68020]: DEBUG keystone.server.flask.request_processing.middleware.auth_context [None req-5249d282-602c-4e69-b7d3-c4845f4b6cd9 None admin] RBAC: auth_context: {'token': <TokenModel (audit_id=mMqMy-UZSAC-Uz8XdKJPKw, audit_chain_id=['mMqMy-UZSAC-Uz8XdKJPKw']) at 0x7af8a067cc20>, 'domain_id': None, 'trust_id': None, 'trustor_id': None, 'trustee_id': None, 'domain_name': None, 'group_ids': [], 'user_id': '81035f3eb1514eef8d4944bea491a53b', 'user_domain_id': 'default', 'system_scope': 'all', 'project_id': None, 'project_domain_id': None, 'roles': ['admin', 'manager', 'member', 'reader'], 'is_admin_project': True, 'service_user_id': None, 'service_user_domain_id': None, 'service_project_id': None, 'service_project_domain_id': None, 'service_roles': []} {{(pid=68020) fill_context /opt/stack/keystone/keystone/server/flask/request_processing/middleware/auth_context.py:509}}
Apr 28 23:04:01 ubuntu devstack@keystone.service[68020]: DEBUG keystone.server.flask.request_processing.req_logging [None req-5249d282-602c-4e69-b7d3-c4845f4b6cd9 None admin] REQUEST_METHOD: `PUT` {{(pid=68020) log_request_info /opt/stack/keystone/keystone/server/flask/request_processing/req_logging.py:26}}
Apr 28 23:04:01 ubuntu devstack@keystone.service[68020]: DEBUG keystone.server.flask.request_processing.req_logging [None req-5249d282-602c-4e69-b7d3-c4845f4b6cd9 None admin] SCRIPT_NAME: `/identity` {{(pid=68020) log_request_info /opt/stack/keystone/keystone/server/flask/request_processing/req_logging.py:27}}
Apr 28 23:04:01 ubuntu devstack@keystone.service[68020]: DEBUG keystone.server.flask.request_processing.req_logging [None req-5249d282-602c-4e69-b7d3-c4845f4b6cd9 None admin] PATH_INFO: `/v3/domains/default/users/81035f3eb1514eef8d4944bea491a53b/roles/5f3a884cc05d4ffd98ee1dbd38de8697` {{(pid=68020) log_request_info /opt/stack/keystone/keystone/server/flask/request_processing/req_logging.py:28}}
Apr 28 23:04:01 ubuntu devstack@keystone.service[68020]: DEBUG keystone.common.rbac_enforcer.enforcer [None req-5249d282-602c-4e69-b7d3-c4845f4b6cd9 None admin] RBAC: Authorizing `identity:create_grant(domain_id=default, user_id=81035f3eb1514eef8d4944bea491a53b, role_id=5f3a884cc05d4ffd98ee1dbd38de8697)` {{(pid=68020) enforce_call /opt/stack/keystone/keystone/common/rbac_enforcer/enforcer.py:494}}
Apr 28 23:04:01 ubuntu devstack@keystone.service[68020]: DEBUG keystone.common.rbac_enforcer.enforcer [None req-5249d282-602c-4e69-b7d3-c4845f4b6cd9 None admin] RBAC: Authorization granted {{(pid=68020) enforce_call /opt/stack/keystone/keystone/common/rbac_enforcer/enforcer.py:505}}
Apr 28 23:04:02 ubuntu devstack@keystone.service[68020]: [pid: 68020|app: 0|req: 11/22] 10.120.125.137 () {60 vars in 1429 bytes} [Tue Apr 28 23:04:01 2026] PUT /identity/v3/domains/default/users/81035f3eb1514eef8d4944bea491a53b/roles/5f3a884cc05d4ffd98ee1dbd38de8697 => generated 0 bytes in 151 msecs (HTTP/1.1 204) 3 headers in 132 bytes (0 switches on core 0)
Apr 28 23:04:03 ubuntu devstack@keystone.service[68021]: DEBUG keystone.server.flask.request_processing.req_logging [None req-53d11b65-9c77-404d-84e2-e55e59f0a39d None None] REQUEST_METHOD: `GET` {{(pid=68021) log_request_info /opt/stack/keystone/keystone/server/flask/request_processing/req_logging.py:26}}
Apr 28 23:04:03 ubuntu devstack@keystone.service[68021]: DEBUG keystone.server.flask.request_processing.req_logging [None req-53d11b65-9c77-404d-84e2-e55e59f0a39d None None] SCRIPT_NAME: `/identity` {{(pid=68021) log_request_info /opt/stack/keystone/keystone/server/flask/request_processing/req_logging.py:27}}
Apr 28 23:04:03 ubuntu devstack@keystone.service[68021]: DEBUG keystone.server.flask.request_processing.req_logging [None req-53d11b65-9c77-404d-84e2-e55e59f0a39d None None] PATH_INFO: `/` {{(pid=68021) log_request_info /opt/stack/keystone/keystone/server/flask/request_processing/req_logging.py:28}}
Apr 28 23:04:03 ubuntu devstack@keystone.service[68021]: [pid: 68021|app: 0|req: 12/23] 10.120.125.137 () {56 vars in 951 bytes} [Tue Apr 28 23:04:03 2026] GET /identity => generated 271 bytes in 2 msecs (HTTP/1.1 300) 6 headers in 235 bytes (1 switches on core 0)
Apr 28 23:04:03 ubuntu devstack@keystone.service[68020]: DEBUG keystone.server.flask.request_processing.req_logging [None req-7047f216-851d-4bab-9964-39a894353e4a None None] REQUEST_METHOD: `GET` {{(pid=68020) log_request_info /opt/stack/keystone/keystone/server/flask/request_processing/req_logging.py:26}}
Apr 28 23:04:03 ubuntu devstack@keystone.service[68020]: DEBUG keystone.server.flask.request_processing.req_logging [None req-7047f216-851d-4bab-9964-39a894353e4a None None] SCRIPT_NAME: `/identity` {{(pid=68020) log_request_info /opt/stack/keystone/keystone/server/flask/request_processing/req_logging.py:27}}
Apr 28 23:04:03 ubuntu devstack@keystone.service[68020]: DEBUG keystone.server.flask.request_processing.req_logging [None req-7047f216-851d-4bab-9964-39a894353e4a None None] PATH_INFO: `/` {{(pid=68020) log_request_info /opt/stack/keystone/keystone/server/flask/request_processing/req_logging.py:28}}
Apr 28 23:04:03 ubuntu devstack@keystone.service[68020]: [pid: 68020|app: 0|req: 12/24] 10.120.125.137 () {56 vars in 951 bytes} [Tue Apr 28 23:04:03 2026] GET /identity => generated 271 bytes in 4 msecs (HTTP/1.1 300) 6 headers in 235 bytes (1 switches on core 0)
Apr 28 23:04:04 ubuntu devstack@keystone.service[68021]: DEBUG keystone.server.flask.request_processing.req_logging [None req-d55a7a99-4d0a-41ac-94c5-53ff93267de5 None None] REQUEST_METHOD: `POST` {{(pid=68021) log_request_info /opt/stack/keystone/keystone/server/flask/request_processing/req_logging.py:26}}
Apr 28 23:04:04 ubuntu devstack@keystone.service[68021]: DEBUG keystone.server.flask.request_processing.req_logging [None req-d55a7a99-4d0a-41ac-94c5-53ff93267de5 None None] SCRIPT_NAME: `/identity` {{(pid=68021) log_request_info /opt/stack/keystone/keystone/server/flask/request_processing/req_logging.py:27}}
Apr 28 23:04:04 ubuntu devstack@keystone.service[68021]: DEBUG keystone.server.flask.request_processing.req_logging [None req-d55a7a99-4d0a-41ac-94c5-53ff93267de5 None None] PATH_INFO: `/v3/auth/tokens` {{(pid=68021) log_request_info /opt/stack/keystone/keystone/server/flask/request_processing/req_logging.py:28}}
Apr 28 23:04:04 ubuntu devstack@keystone.service[68021]: WARNING keystone.common.password_hashing [None req-d55a7a99-4d0a-41ac-94c5-53ff93267de5 None None] Truncating password to algorithm specific maximum length 72 characters.
Apr 28 23:04:04 ubuntu devstack@keystone.service[68021]: DEBUG keystone.auth.core [None req-d55a7a99-4d0a-41ac-94c5-53ff93267de5 None None] MFA Rules not processed for user `81035f3eb1514eef8d4944bea491a53b`. Rule list: `[]` (Enabled: `True`). {{(pid=68021) check_auth_methods_against_rules /opt/stack/keystone/keystone/auth/core.py:476}}
Apr 28 23:04:04 ubuntu devstack@keystone.service[68021]: DEBUG keystone.common.fernet_utils [None req-d55a7a99-4d0a-41ac-94c5-53ff93267de5 None None] Loaded 2 Fernet keys from /etc/keystone/fernet-keys/, but `[fernet_tokens] max_active_keys = 3`; perhaps there have not been enough key rotations to reach `max_active_keys` yet? {{(pid=68021) load_keys /opt/stack/keystone/keystone/common/fernet_utils.py:297}}
Apr 28 23:04:04 ubuntu devstack@keystone.service[68020]: DEBUG keystone.server.flask.request_processing.req_logging [None req-60e83d42-c2ab-415b-b3df-2c2a28a84d0f None None] REQUEST_METHOD: `GET` {{(pid=68020) log_request_info /opt/stack/keystone/keystone/server/flask/request_processing/req_logging.py:26}}
Apr 28 23:04:04 ubuntu devstack@keystone.service[68020]: DEBUG keystone.server.flask.request_processing.req_logging [None req-60e83d42-c2ab-415b-b3df-2c2a28a84d0f None None] SCRIPT_NAME: `/identity` {{(pid=68020) log_request_info /opt/stack/keystone/keystone/server/flask/request_processing/req_logging.py:27}}
Apr 28 23:04:04 ubuntu devstack@keystone.service[68020]: DEBUG keystone.server.flask.request_processing.req_logging [None req-60e83d42-c2ab-415b-b3df-2c2a28a84d0f None None] PATH_INFO: `/` {{(pid=68020) log_request_info /opt/stack/keystone/keystone/server/flask/request_processing/req_logging.py:28}}
Apr 28 23:04:04 ubuntu devstack@keystone.service[68020]: [pid: 68020|app: 0|req: 13/25] 10.120.125.137 () {56 vars in 951 bytes} [Tue Apr 28 23:04:04 2026] GET /identity => generated 271 bytes in 1 msecs (HTTP/1.1 300) 6 headers in 235 bytes (2 switches on core 0)
Apr 28 23:04:04 ubuntu devstack@keystone.service[68020]: DEBUG keystone.server.flask.request_processing.req_logging [None req-3febdafe-7d49-4a31-971f-2484276b9bf4 None None] REQUEST_METHOD: `GET` {{(pid=68020) log_request_info /opt/stack/keystone/keystone/server/flask/request_processing/req_logging.py:26}}
Apr 28 23:04:04 ubuntu devstack@keystone.service[68020]: DEBUG keystone.server.flask.request_processing.req_logging [None req-3febdafe-7d49-4a31-971f-2484276b9bf4 None None] SCRIPT_NAME: `/identity` {{(pid=68020) log_request_info /opt/stack/keystone/keystone/server/flask/request_processing/req_logging.py:27}}
Apr 28 23:04:04 ubuntu devstack@keystone.service[68020]: DEBUG keystone.server.flask.request_processing.req_logging [None req-3febdafe-7d49-4a31-971f-2484276b9bf4 None None] PATH_INFO: `/` {{(pid=68020) log_request_info /opt/stack/keystone/keystone/server/flask/request_processing/req_logging.py:28}}
Apr 28 23:04:04 ubuntu devstack@keystone.service[68020]: [pid: 68020|app: 0|req: 14/26] 10.120.125.137 () {56 vars in 951 bytes} [Tue Apr 28 23:04:04 2026] GET /identity => generated 271 bytes in 1 msecs (HTTP/1.1 300) 6 headers in 235 bytes (2 switches on core 0)
Apr 28 23:04:04 ubuntu devstack@keystone.service[68021]: [pid: 68021|app: 0|req: 13/27] 10.120.125.137 () {60 vars in 1048 bytes} [Tue Apr 28 23:04:03 2026] POST /identity/v3/auth/tokens => generated 863 bytes in 61 msecs (HTTP/1.1 201) 6 headers in 363 bytes (1 switches on core 0)
Apr 28 23:04:04 ubuntu devstack@keystone.service[68020]: DEBUG keystone.server.flask.request_processing.req_logging [None req-f5d2e555-104b-44df-a93c-05ad63229365 None None] REQUEST_METHOD: `POST` {{(pid=68020) log_request_info /opt/stack/keystone/keystone/server/flask/request_processing/req_logging.py:26}}
Apr 28 23:04:04 ubuntu devstack@keystone.service[68020]: DEBUG keystone.server.flask.request_processing.req_logging [None req-f5d2e555-104b-44df-a93c-05ad63229365 None None] SCRIPT_NAME: `/identity` {{(pid=68020) log_request_info /opt/stack/keystone/keystone/server/flask/request_processing/req_logging.py:27}}
Apr 28 23:04:04 ubuntu devstack@keystone.service[68020]: DEBUG keystone.server.flask.request_processing.req_logging [None req-f5d2e555-104b-44df-a93c-05ad63229365 None None] PATH_INFO: `/v3/auth/tokens` {{(pid=68020) log_request_info /opt/stack/keystone/keystone/server/flask/request_processing/req_logging.py:28}}
Apr 28 23:04:04 ubuntu devstack@keystone.service[68020]: WARNING keystone.common.password_hashing [None req-f5d2e555-104b-44df-a93c-05ad63229365 None None] Truncating password to algorithm specific maximum length 72 characters.
Apr 28 23:04:04 ubuntu devstack@keystone.service[68020]: DEBUG keystone.auth.core [None req-f5d2e555-104b-44df-a93c-05ad63229365 None None] MFA Rules not processed for user `81035f3eb1514eef8d4944bea491a53b`. Rule list: `[]` (Enabled: `True`). {{(pid=68020) check_auth_methods_against_rules /opt/stack/keystone/keystone/auth/core.py:476}}
Apr 28 23:04:04 ubuntu devstack@keystone.service[68020]: DEBUG keystone.common.fernet_utils [None req-f5d2e555-104b-44df-a93c-05ad63229365 None None] Loaded 2 Fernet keys from /etc/keystone/fernet-keys/, but `[fernet_tokens] max_active_keys = 3`; perhaps there have not been enough key rotations to reach `max_active_keys` yet? {{(pid=68020) load_keys /opt/stack/keystone/keystone/common/fernet_utils.py:297}}
Apr 28 23:04:04 ubuntu devstack@keystone.service[68020]: [pid: 68020|app: 0|req: 15/28] 10.120.125.137 () {60 vars in 1048 bytes} [Tue Apr 28 23:04:04 2026] POST /identity/v3/auth/tokens => generated 863 bytes in 55 msecs (HTTP/1.1 201) 6 headers in 363 bytes (2 switches on core 0)
Apr 28 23:04:04 ubuntu devstack@keystone.service[68021]: DEBUG keystone.server.flask.request_processing.req_logging [None req-6633b460-6bd3-4612-9be1-d5231d2acac3 None None] REQUEST_METHOD: `POST` {{(pid=68021) log_request_info /opt/stack/keystone/keystone/server/flask/request_processing/req_logging.py:26}}
Apr 28 23:04:04 ubuntu devstack@keystone.service[68021]: DEBUG keystone.server.flask.request_processing.req_logging [None req-6633b460-6bd3-4612-9be1-d5231d2acac3 None None] SCRIPT_NAME: `/identity` {{(pid=68021) log_request_info /opt/stack/keystone/keystone/server/flask/request_processing/req_logging.py:27}}
Apr 28 23:04:04 ubuntu devstack@keystone.service[68021]: DEBUG keystone.server.flask.request_processing.req_logging [None req-6633b460-6bd3-4612-9be1-d5231d2acac3 None None] PATH_INFO: `/v3/auth/tokens` {{(pid=68021) log_request_info /opt/stack/keystone/keystone/server/flask/request_processing/req_logging.py:28}}
Apr 28 23:04:04 ubuntu devstack@keystone.service[68020]: DEBUG keystone.server.flask.request_processing.req_logging [None req-e4271a34-c42c-4d92-9d1b-bbde59f43ef6 None None] REQUEST_METHOD: `POST` {{(pid=68020) log_request_info /opt/stack/keystone/keystone/server/flask/request_processing/req_logging.py:26}}
Apr 28 23:04:04 ubuntu devstack@keystone.service[68020]: DEBUG keystone.server.flask.request_processing.req_logging [None req-e4271a34-c42c-4d92-9d1b-bbde59f43ef6 None None] SCRIPT_NAME: `/identity` {{(pid=68020) log_request_info /opt/stack/keystone/keystone/server/flask/request_processing/req_logging.py:27}}
Apr 28 23:04:04 ubuntu devstack@keystone.service[68020]: DEBUG keystone.server.flask.request_processing.req_logging [None req-e4271a34-c42c-4d92-9d1b-bbde59f43ef6 None None] PATH_INFO: `/v3/auth/tokens` {{(pid=68020) log_request_info /opt/stack/keystone/keystone/server/flask/request_processing/req_logging.py:28}}
Apr 28 23:04:04 ubuntu devstack@keystone.service[68021]: WARNING keystone.common.password_hashing [None req-6633b460-6bd3-4612-9be1-d5231d2acac3 None None] Truncating password to algorithm specific maximum length 72 characters.
Apr 28 23:04:04 ubuntu devstack@keystone.service[68020]: WARNING keystone.common.password_hashing [None req-e4271a34-c42c-4d92-9d1b-bbde59f43ef6 None None] Truncating password to algorithm specific maximum length 72 characters.
Apr 28 23:04:04 ubuntu devstack@keystone.service[68021]: DEBUG keystone.auth.core [None req-6633b460-6bd3-4612-9be1-d5231d2acac3 None None] MFA Rules not processed for user `81035f3eb1514eef8d4944bea491a53b`. Rule list: `[]` (Enabled: `True`). {{(pid=68021) check_auth_methods_against_rules /opt/stack/keystone/keystone/auth/core.py:476}}
Apr 28 23:04:04 ubuntu devstack@keystone.service[68021]: DEBUG keystone.common.fernet_utils [None req-6633b460-6bd3-4612-9be1-d5231d2acac3 None None] Loaded 2 Fernet keys from /etc/keystone/fernet-keys/, but `[fernet_tokens] max_active_keys = 3`; perhaps there have not been enough key rotations to reach `max_active_keys` yet? {{(pid=68021) load_keys /opt/stack/keystone/keystone/common/fernet_utils.py:297}}
Apr 28 23:04:04 ubuntu devstack@keystone.service[68020]: DEBUG keystone.auth.core [None req-e4271a34-c42c-4d92-9d1b-bbde59f43ef6 None None] MFA Rules not processed for user `81035f3eb1514eef8d4944bea491a53b`. Rule list: `[]` (Enabled: `True`). {{(pid=68020) check_auth_methods_against_rules /opt/stack/keystone/keystone/auth/core.py:476}}
Apr 28 23:04:04 ubuntu devstack@keystone.service[68020]: DEBUG keystone.common.fernet_utils [None req-e4271a34-c42c-4d92-9d1b-bbde59f43ef6 None None] Loaded 2 Fernet keys from /etc/keystone/fernet-keys/, but `[fernet_tokens] max_active_keys = 3`; perhaps there have not been enough key rotations to reach `max_active_keys` yet? {{(pid=68020) load_keys /opt/stack/keystone/keystone/common/fernet_utils.py:297}}
Apr 28 23:04:04 ubuntu devstack@keystone.service[68021]: [pid: 68021|app: 0|req: 14/29] 10.120.125.137 () {60 vars in 1048 bytes} [Tue Apr 28 23:04:04 2026] POST /identity/v3/auth/tokens => generated 863 bytes in 108 msecs (HTTP/1.1 201) 6 headers in 363 bytes (1 switches on core 0)
Apr 28 23:04:04 ubuntu devstack@keystone.service[68020]: [pid: 68020|app: 0|req: 16/30] 10.120.125.137 () {60 vars in 1048 bytes} [Tue Apr 28 23:04:04 2026] POST /identity/v3/auth/tokens => generated 863 bytes in 101 msecs (HTTP/1.1 201) 6 headers in 363 bytes (2 switches on core 0)
Apr 28 23:04:04 ubuntu devstack@keystone.service[68021]: DEBUG keystone.server.flask.request_processing.req_logging [None req-0d2b2b00-7774-468b-ac55-996ae4a7906d None None] REQUEST_METHOD: `GET` {{(pid=68021) log_request_info /opt/stack/keystone/keystone/server/flask/request_processing/req_logging.py:26}}
Apr 28 23:04:04 ubuntu devstack@keystone.service[68021]: DEBUG keystone.server.flask.request_processing.req_logging [None req-0d2b2b00-7774-468b-ac55-996ae4a7906d None None] SCRIPT_NAME: `/identity` {{(pid=68021) log_request_info /opt/stack/keystone/keystone/server/flask/request_processing/req_logging.py:27}}
Apr 28 23:04:04 ubuntu devstack@keystone.service[68021]: DEBUG keystone.server.flask.request_processing.req_logging [None req-0d2b2b00-7774-468b-ac55-996ae4a7906d None None] PATH_INFO: `/` {{(pid=68021) log_request_info /opt/stack/keystone/keystone/server/flask/request_processing/req_logging.py:28}}
Apr 28 23:04:04 ubuntu devstack@keystone.service[68021]: [pid: 68021|app: 0|req: 15/31] 10.120.125.137 () {56 vars in 951 bytes} [Tue Apr 28 23:04:04 2026] GET /identity => generated 271 bytes in 1 msecs (HTTP/1.1 300) 6 headers in 235 bytes (1 switches on core 0)
Apr 28 23:04:04 ubuntu devstack@keystone.service[68020]: DEBUG keystone.server.flask.request_processing.middleware.auth_context [None req-e4271a34-c42c-4d92-9d1b-bbde59f43ef6 None None] Authenticating user token {{(pid=68020) process_request /opt/stack/data/venv/lib/python3.12/site-packages/keystonemiddleware/auth_token/__init__.py:407}}
Apr 28 23:04:04 ubuntu devstack@keystone.service[68021]: DEBUG keystone.server.flask.request_processing.req_logging [None req-df9a7db5-b864-469e-887b-1e41c9f065c0 None None] REQUEST_METHOD: `POST` {{(pid=68021) log_request_info /opt/stack/keystone/keystone/server/flask/request_processing/req_logging.py:26}}
Apr 28 23:04:04 ubuntu devstack@keystone.service[68021]: DEBUG keystone.server.flask.request_processing.req_logging [None req-df9a7db5-b864-469e-887b-1e41c9f065c0 None None] SCRIPT_NAME: `/identity` {{(pid=68021) log_request_info /opt/stack/keystone/keystone/server/flask/request_processing/req_logging.py:27}}
Apr 28 23:04:04 ubuntu devstack@keystone.service[68021]: DEBUG keystone.server.flask.request_processing.req_logging [None req-df9a7db5-b864-469e-887b-1e41c9f065c0 None None] PATH_INFO: `/v3/auth/tokens` {{(pid=68021) log_request_info /opt/stack/keystone/keystone/server/flask/request_processing/req_logging.py:28}}
Apr 28 23:04:04 ubuntu devstack@keystone.service[68021]: WARNING keystone.common.password_hashing [None req-df9a7db5-b864-469e-887b-1e41c9f065c0 None None] Truncating password to algorithm specific maximum length 72 characters.
Apr 28 23:04:04 ubuntu devstack@keystone.service[68020]: DEBUG keystone.server.flask.request_processing.middleware.auth_context [None req-e4271a34-c42c-4d92-9d1b-bbde59f43ef6 None None] Validating token access rules against request {{(pid=68020) validate_allowed_request /opt/stack/data/venv/lib/python3.12/site-packages/keystonemiddleware/auth_token/__init__.py:545}}
Apr 28 23:04:04 ubuntu devstack@keystone.service[68021]: DEBUG keystone.auth.core [None req-df9a7db5-b864-469e-887b-1e41c9f065c0 None None] MFA Rules not processed for user `81035f3eb1514eef8d4944bea491a53b`. Rule list: `[]` (Enabled: `True`). {{(pid=68021) check_auth_methods_against_rules /opt/stack/keystone/keystone/auth/core.py:476}}
Apr 28 23:04:04 ubuntu devstack@keystone.service[68021]: DEBUG keystone.common.fernet_utils [None req-df9a7db5-b864-469e-887b-1e41c9f065c0 None None] Loaded 2 Fernet keys from /etc/keystone/fernet-keys/, but `[fernet_tokens] max_active_keys = 3`; perhaps there have not been enough key rotations to reach `max_active_keys` yet? {{(pid=68021) load_keys /opt/stack/keystone/keystone/common/fernet_utils.py:297}}
Apr 28 23:04:04 ubuntu devstack@keystone.service[68020]: DEBUG keystone.server.flask.request_processing.middleware.auth_context [None req-b49c68e6-f744-4167-8e27-ba6e3239e96f None admin] RBAC: auth_context: {'token': <TokenModel (audit_id=u8mFR1CpQXGG4VS6id2HsQ, audit_chain_id=['u8mFR1CpQXGG4VS6id2HsQ']) at 0x7af8a12f50d0>, 'domain_id': None, 'trust_id': None, 'trustor_id': None, 'trustee_id': None, 'domain_name': None, 'group_ids': [], 'user_id': '81035f3eb1514eef8d4944bea491a53b', 'user_domain_id': 'default', 'system_scope': 'all', 'project_id': None, 'project_domain_id': None, 'roles': ['admin', 'manager', 'member', 'reader'], 'is_admin_project': True, 'service_user_id': None, 'service_user_domain_id': None, 'service_project_id': None, 'service_project_domain_id': None, 'service_roles': []} {{(pid=68020) fill_context /opt/stack/keystone/keystone/server/flask/request_processing/middleware/auth_context.py:509}}
Apr 28 23:04:04 ubuntu devstack@keystone.service[68020]: DEBUG keystone.server.flask.request_processing.req_logging [None req-b49c68e6-f744-4167-8e27-ba6e3239e96f None admin] REQUEST_METHOD: `GET` {{(pid=68020) log_request_info /opt/stack/keystone/keystone/server/flask/request_processing/req_logging.py:26}}
Apr 28 23:04:04 ubuntu devstack@keystone.service[68020]: DEBUG keystone.server.flask.request_processing.req_logging [None req-b49c68e6-f744-4167-8e27-ba6e3239e96f None admin] SCRIPT_NAME: `/identity` {{(pid=68020) log_request_info /opt/stack/keystone/keystone/server/flask/request_processing/req_logging.py:27}}
Apr 28 23:04:04 ubuntu devstack@keystone.service[68020]: DEBUG keystone.server.flask.request_processing.req_logging [None req-b49c68e6-f744-4167-8e27-ba6e3239e96f None admin] PATH_INFO: `/v3/domains/Default` {{(pid=68020) log_request_info /opt/stack/keystone/keystone/server/flask/request_processing/req_logging.py:28}}
Apr 28 23:04:04 ubuntu devstack@keystone.service[68020]: DEBUG keystone.common.rbac_enforcer.enforcer [None req-b49c68e6-f744-4167-8e27-ba6e3239e96f None admin] RBAC: Authorizing `identity:get_domain(domain_id=Default)` {{(pid=68020) enforce_call /opt/stack/keystone/keystone/common/rbac_enforcer/enforcer.py:494}}
Apr 28 23:04:04 ubuntu devstack@keystone.service[68020]: DEBUG keystone.common.rbac_enforcer.enforcer [None req-b49c68e6-f744-4167-8e27-ba6e3239e96f None admin] RBAC: Authorization granted {{(pid=68020) enforce_call /opt/stack/keystone/keystone/common/rbac_enforcer/enforcer.py:505}}
Apr 28 23:04:04 ubuntu devstack@keystone.service[68021]: [pid: 68021|app: 0|req: 16/32] 10.120.125.137 () {60 vars in 1048 bytes} [Tue Apr 28 23:04:04 2026] POST /identity/v3/auth/tokens => generated 863 bytes in 69 msecs (HTTP/1.1 201) 6 headers in 363 bytes (1 switches on core 0)
Apr 28 23:04:04 ubuntu devstack@keystone.service[68020]: DEBUG keystone.server.flask.application [None req-b49c68e6-f744-4167-8e27-ba6e3239e96f None admin] Could not find domain: Default. {{(pid=68020) _handle_keystone_exception /opt/stack/keystone/keystone/server/flask/application.py:146}}
Apr 28 23:04:04 ubuntu devstack@keystone.service[68020]: [pid: 68020|app: 0|req: 17/33] 10.120.125.137 () {58 vars in 1176 bytes} [Tue Apr 28 23:04:04 2026] GET /identity/v3/domains/Default => generated 87 bytes in 107 msecs (HTTP/1.1 404) 5 headers in 183 bytes (1 switches on core 0)
Apr 28 23:04:04 ubuntu devstack@keystone.service[68021]: DEBUG keystone.server.flask.request_processing.middleware.auth_context [None req-df9a7db5-b864-469e-887b-1e41c9f065c0 None None] Authenticating user token {{(pid=68021) process_request /opt/stack/data/venv/lib/python3.12/site-packages/keystonemiddleware/auth_token/__init__.py:407}}
Apr 28 23:04:04 ubuntu devstack@keystone.service[68021]: DEBUG keystone.server.flask.request_processing.middleware.auth_context [None req-df9a7db5-b864-469e-887b-1e41c9f065c0 None None] Validating token access rules against request {{(pid=68021) validate_allowed_request /opt/stack/data/venv/lib/python3.12/site-packages/keystonemiddleware/auth_token/__init__.py:545}}
Apr 28 23:04:04 ubuntu devstack@keystone.service[68020]: DEBUG keystone.server.flask.request_processing.req_logging [None req-d7932dd1-24d8-4ba8-8ea8-09920b16eda3 None None] REQUEST_METHOD: `GET` {{(pid=68020) log_request_info /opt/stack/keystone/keystone/server/flask/request_processing/req_logging.py:26}}
Apr 28 23:04:04 ubuntu devstack@keystone.service[68020]: DEBUG keystone.server.flask.request_processing.req_logging [None req-d7932dd1-24d8-4ba8-8ea8-09920b16eda3 None None] SCRIPT_NAME: `/identity` {{(pid=68020) log_request_info /opt/stack/keystone/keystone/server/flask/request_processing/req_logging.py:27}}
Apr 28 23:04:04 ubuntu devstack@keystone.service[68020]: DEBUG keystone.server.flask.request_processing.req_logging [None req-d7932dd1-24d8-4ba8-8ea8-09920b16eda3 None None] PATH_INFO: `/` {{(pid=68020) log_request_info /opt/stack/keystone/keystone/server/flask/request_processing/req_logging.py:28}}
Apr 28 23:04:04 ubuntu devstack@keystone.service[68020]: [pid: 68020|app: 0|req: 18/34] 10.120.125.137 () {56 vars in 951 bytes} [Tue Apr 28 23:04:04 2026] GET /identity => generated 271 bytes in 2 msecs (HTTP/1.1 300) 6 headers in 235 bytes (1 switches on core 0)
Apr 28 23:04:04 ubuntu devstack@keystone.service[68021]: DEBUG keystone.server.flask.request_processing.middleware.auth_context [None req-b6e0dc50-3d70-42e8-9b18-43e4314a46b6 None admin] RBAC: auth_context: {'token': <TokenModel (audit_id=u8mFR1CpQXGG4VS6id2HsQ, audit_chain_id=['u8mFR1CpQXGG4VS6id2HsQ']) at 0x7af8a05551f0>, 'domain_id': None, 'trust_id': None, 'trustor_id': None, 'trustee_id': None, 'domain_name': None, 'group_ids': [], 'user_id': '81035f3eb1514eef8d4944bea491a53b', 'user_domain_id': 'default', 'system_scope': 'all', 'project_id': None, 'project_domain_id': None, 'roles': ['admin', 'manager', 'member', 'reader'], 'is_admin_project': True, 'service_user_id': None, 'service_user_domain_id': None, 'service_project_id': None, 'service_project_domain_id': None, 'service_roles': []} {{(pid=68021) fill_context /opt/stack/keystone/keystone/server/flask/request_processing/middleware/auth_context.py:509}}
Apr 28 23:04:04 ubuntu devstack@keystone.service[68021]: DEBUG keystone.server.flask.request_processing.req_logging [None req-b6e0dc50-3d70-42e8-9b18-43e4314a46b6 None admin] REQUEST_METHOD: `GET` {{(pid=68021) log_request_info /opt/stack/keystone/keystone/server/flask/request_processing/req_logging.py:26}}
Apr 28 23:04:04 ubuntu devstack@keystone.service[68021]: DEBUG keystone.server.flask.request_processing.req_logging [None req-b6e0dc50-3d70-42e8-9b18-43e4314a46b6 None admin] SCRIPT_NAME: `/identity` {{(pid=68021) log_request_info /opt/stack/keystone/keystone/server/flask/request_processing/req_logging.py:27}}
Apr 28 23:04:04 ubuntu devstack@keystone.service[68021]: DEBUG keystone.server.flask.request_processing.req_logging [None req-b6e0dc50-3d70-42e8-9b18-43e4314a46b6 None admin] PATH_INFO: `/v3/domains` {{(pid=68021) log_request_info /opt/stack/keystone/keystone/server/flask/request_processing/req_logging.py:28}}
Apr 28 23:04:04 ubuntu devstack@keystone.service[68021]: DEBUG keystone.common.rbac_enforcer.enforcer [None req-b6e0dc50-3d70-42e8-9b18-43e4314a46b6 None admin] RBAC: Adding query filter params (name=Default) {{(pid=68021) _extract_filter_values /opt/stack/keystone/keystone/common/rbac_enforcer/enforcer.py:176}}
Apr 28 23:04:04 ubuntu devstack@keystone.service[68021]: DEBUG keystone.common.rbac_enforcer.enforcer [None req-b6e0dc50-3d70-42e8-9b18-43e4314a46b6 None admin] RBAC: Authorizing `identity:list_domains()` {{(pid=68021) enforce_call /opt/stack/keystone/keystone/common/rbac_enforcer/enforcer.py:494}}
Apr 28 23:04:04 ubuntu devstack@keystone.service[68021]: DEBUG keystone.common.rbac_enforcer.enforcer [None req-b6e0dc50-3d70-42e8-9b18-43e4314a46b6 None admin] RBAC: Authorization granted {{(pid=68021) enforce_call /opt/stack/keystone/keystone/common/rbac_enforcer/enforcer.py:505}}
Apr 28 23:04:04 ubuntu devstack@keystone.service[68021]: [pid: 68021|app: 0|req: 17/35] 10.120.125.137 () {58 vars in 1190 bytes} [Tue Apr 28 23:04:04 2026] GET /identity/v3/domains?name=Default => generated 310 bytes in 67 msecs (HTTP/1.1 200) 5 headers in 177 bytes (1 switches on core 0)
Apr 28 23:04:04 ubuntu devstack@keystone.service[68020]: DEBUG keystone.server.flask.request_processing.middleware.auth_context [None req-d7932dd1-24d8-4ba8-8ea8-09920b16eda3 None None] Authenticating user token {{(pid=68020) process_request /opt/stack/data/venv/lib/python3.12/site-packages/keystonemiddleware/auth_token/__init__.py:407}}
Apr 28 23:04:04 ubuntu devstack@keystone.service[68021]: DEBUG keystone.server.flask.request_processing.middleware.auth_context [None req-b6e0dc50-3d70-42e8-9b18-43e4314a46b6 None admin] Authenticating user token {{(pid=68021) process_request /opt/stack/data/venv/lib/python3.12/site-packages/keystonemiddleware/auth_token/__init__.py:407}}
Apr 28 23:04:04 ubuntu devstack@keystone.service[68020]: DEBUG keystone.server.flask.request_processing.middleware.auth_context [None req-d7932dd1-24d8-4ba8-8ea8-09920b16eda3 None None] Validating token access rules against request {{(pid=68020) validate_allowed_request /opt/stack/data/venv/lib/python3.12/site-packages/keystonemiddleware/auth_token/__init__.py:545}}
Apr 28 23:04:04 ubuntu devstack@keystone.service[68021]: DEBUG keystone.server.flask.request_processing.middleware.auth_context [None req-b6e0dc50-3d70-42e8-9b18-43e4314a46b6 None admin] Validating token access rules against request {{(pid=68021) validate_allowed_request /opt/stack/data/venv/lib/python3.12/site-packages/keystonemiddleware/auth_token/__init__.py:545}}
Apr 28 23:04:04 ubuntu devstack@keystone.service[68020]: DEBUG keystone.server.flask.request_processing.middleware.auth_context [None req-55357722-31d3-4a1e-a081-954ff664f1aa None admin] RBAC: auth_context: {'token': <TokenModel (audit_id=x-d4HvjLRhipO6-_x7f1_A, audit_chain_id=['x-d4HvjLRhipO6-_x7f1_A']) at 0x7af8a06c8b00>, 'domain_id': None, 'trust_id': None, 'trustor_id': None, 'trustee_id': None, 'domain_name': None, 'group_ids': [], 'user_id': '81035f3eb1514eef8d4944bea491a53b', 'user_domain_id': 'default', 'system_scope': 'all', 'project_id': None, 'project_domain_id': None, 'roles': ['admin', 'manager', 'member', 'reader'], 'is_admin_project': True, 'service_user_id': None, 'service_user_domain_id': None, 'service_project_id': None, 'service_project_domain_id': None, 'service_roles': []} {{(pid=68020) fill_context /opt/stack/keystone/keystone/server/flask/request_processing/middleware/auth_context.py:509}}
Apr 28 23:04:04 ubuntu devstack@keystone.service[68020]: DEBUG keystone.server.flask.request_processing.req_logging [None req-55357722-31d3-4a1e-a081-954ff664f1aa None admin] REQUEST_METHOD: `GET` {{(pid=68020) log_request_info /opt/stack/keystone/keystone/server/flask/request_processing/req_logging.py:26}}
Apr 28 23:04:04 ubuntu devstack@keystone.service[68020]: DEBUG keystone.server.flask.request_processing.req_logging [None req-55357722-31d3-4a1e-a081-954ff664f1aa None admin] SCRIPT_NAME: `/identity` {{(pid=68020) log_request_info /opt/stack/keystone/keystone/server/flask/request_processing/req_logging.py:27}}
Apr 28 23:04:04 ubuntu devstack@keystone.service[68020]: DEBUG keystone.server.flask.request_processing.req_logging [None req-55357722-31d3-4a1e-a081-954ff664f1aa None admin] PATH_INFO: `/v3/roles/admin` {{(pid=68020) log_request_info /opt/stack/keystone/keystone/server/flask/request_processing/req_logging.py:28}}
Apr 28 23:04:04 ubuntu devstack@keystone.service[68021]: DEBUG keystone.server.flask.request_processing.middleware.auth_context [None req-7d54636b-603e-403e-af84-a4d7b719573a None admin] RBAC: auth_context: {'token': <TokenModel (audit_id=QI_X7pVgT3CQNKD_EoLJBw, audit_chain_id=['QI_X7pVgT3CQNKD_EoLJBw']) at 0x7af8a0555400>, 'domain_id': None, 'trust_id': None, 'trustor_id': None, 'trustee_id': None, 'domain_name': None, 'group_ids': [], 'user_id': '81035f3eb1514eef8d4944bea491a53b', 'user_domain_id': 'default', 'system_scope': 'all', 'project_id': None, 'project_domain_id': None, 'roles': ['admin', 'manager', 'member', 'reader'], 'is_admin_project': True, 'service_user_id': None, 'service_user_domain_id': None, 'service_project_id': None, 'service_project_domain_id': None, 'service_roles': []} {{(pid=68021) fill_context /opt/stack/keystone/keystone/server/flask/request_processing/middleware/auth_context.py:509}}
Apr 28 23:04:04 ubuntu devstack@keystone.service[68021]: DEBUG keystone.server.flask.request_processing.req_logging [None req-7d54636b-603e-403e-af84-a4d7b719573a None admin] REQUEST_METHOD: `POST` {{(pid=68021) log_request_info /opt/stack/keystone/keystone/server/flask/request_processing/req_logging.py:26}}
Apr 28 23:04:04 ubuntu devstack@keystone.service[68021]: DEBUG keystone.server.flask.request_processing.req_logging [None req-7d54636b-603e-403e-af84-a4d7b719573a None admin] SCRIPT_NAME: `/identity` {{(pid=68021) log_request_info /opt/stack/keystone/keystone/server/flask/request_processing/req_logging.py:27}}
Apr 28 23:04:04 ubuntu devstack@keystone.service[68021]: DEBUG keystone.server.flask.request_processing.req_logging [None req-7d54636b-603e-403e-af84-a4d7b719573a None admin] PATH_INFO: `/v3/roles` {{(pid=68021) log_request_info /opt/stack/keystone/keystone/server/flask/request_processing/req_logging.py:28}}
Apr 28 23:04:04 ubuntu devstack@keystone.service[68021]: DEBUG keystone.common.rbac_enforcer.enforcer [None req-7d54636b-603e-403e-af84-a4d7b719573a None admin] RBAC: Authorizing `identity:create_role()` {{(pid=68021) enforce_call /opt/stack/keystone/keystone/common/rbac_enforcer/enforcer.py:494}}
Apr 28 23:04:04 ubuntu devstack@keystone.service[68020]: DEBUG keystone.common.rbac_enforcer.enforcer [None req-55357722-31d3-4a1e-a081-954ff664f1aa None admin] Extracting inferred target data resulted in "NOT FOUND (404)". {{(pid=68020) enforce_call /opt/stack/keystone/keystone/common/rbac_enforcer/enforcer.py:445}}
Apr 28 23:04:04 ubuntu devstack@keystone.service[68021]: DEBUG keystone.common.rbac_enforcer.enforcer [None req-7d54636b-603e-403e-af84-a4d7b719573a None admin] RBAC: Authorization granted {{(pid=68021) enforce_call /opt/stack/keystone/keystone/common/rbac_enforcer/enforcer.py:505}}
Apr 28 23:04:04 ubuntu devstack@keystone.service[68020]: DEBUG keystone.server.flask.application [None req-55357722-31d3-4a1e-a081-954ff664f1aa None admin] Could not find role: admin. {{(pid=68020) _handle_keystone_exception /opt/stack/keystone/keystone/server/flask/application.py:146}}
Apr 28 23:04:04 ubuntu devstack@keystone.service[68020]: [pid: 68020|app: 0|req: 19/36] 10.120.125.137 () {58 vars in 1164 bytes} [Tue Apr 28 23:04:04 2026] GET /identity/v3/roles/admin => generated 83 bytes in 86 msecs (HTTP/1.1 404) 5 headers in 183 bytes (2 switches on core 0)
Apr 28 23:04:04 ubuntu devstack@keystone.service[68020]: DEBUG keystone.server.flask.request_processing.req_logging [None req-8ade1a65-c8c9-4da2-9246-55784a707df4 None None] REQUEST_METHOD: `POST` {{(pid=68020) log_request_info /opt/stack/keystone/keystone/server/flask/request_processing/req_logging.py:26}}
Apr 28 23:04:04 ubuntu devstack@keystone.service[68020]: DEBUG keystone.server.flask.request_processing.req_logging [None req-8ade1a65-c8c9-4da2-9246-55784a707df4 None None] SCRIPT_NAME: `/identity` {{(pid=68020) log_request_info /opt/stack/keystone/keystone/server/flask/request_processing/req_logging.py:27}}
Apr 28 23:04:04 ubuntu devstack@keystone.service[68020]: DEBUG keystone.server.flask.request_processing.req_logging [None req-8ade1a65-c8c9-4da2-9246-55784a707df4 None None] PATH_INFO: `/v3/auth/tokens` {{(pid=68020) log_request_info /opt/stack/keystone/keystone/server/flask/request_processing/req_logging.py:28}}
Apr 28 23:04:04 ubuntu devstack@keystone.service[68021]: DEBUG keystone.common.sql.core [None req-7d54636b-603e-403e-af84-a4d7b719573a None admin] Conflict role: (pymysql.err.IntegrityError) (1062, "Duplicate entry 'service-<<null>>' for key 'role.ixu_role_name_domain_id'")
Apr 28 23:04:04 ubuntu devstack@keystone.service[68021]: [SQL: INSERT INTO `role` (id, name, description, extra) VALUES (%(id)s, %(name)s, %(description)s, %(extra)s)]
Apr 28 23:04:04 ubuntu devstack@keystone.service[68021]: [parameters: {'id': '804fecf97e8846eab74a6b1199cd973d', 'name': 'service', 'description': None, 'extra': '{}'}]
Apr 28 23:04:04 ubuntu devstack@keystone.service[68021]: (Background on this error at: https://sqlalche.me/e/20/gkpj) {{(pid=68021) wrapper /opt/stack/keystone/keystone/common/sql/core.py:580}}
Apr 28 23:04:04 ubuntu devstack@keystone.service[68020]: WARNING keystone.common.password_hashing [None req-8ade1a65-c8c9-4da2-9246-55784a707df4 None None] Truncating password to algorithm specific maximum length 72 characters.
Apr 28 23:04:04 ubuntu devstack@keystone.service[68021]: ERROR keystone.server.flask.application [None req-7d54636b-603e-403e-af84-a4d7b719573a None admin] Conflict occurred attempting to store role - Duplicate entry found with name service.: keystone.exception.Conflict: Conflict occurred attempting to store role - Duplicate entry found with name service.
Apr 28 23:04:04 ubuntu devstack@keystone.service[68021]: ERROR keystone.server.flask.application Traceback (most recent call last):
Apr 28 23:04:04 ubuntu devstack@keystone.service[68021]: ERROR keystone.server.flask.application   File "/opt/stack/data/venv/lib/python3.12/site-packages/sqlalchemy/engine/base.py", line 1967, in _exec_single_context
Apr 28 23:04:04 ubuntu devstack@keystone.service[68021]: ERROR keystone.server.flask.application     self.dialect.do_execute(
Apr 28 23:04:04 ubuntu devstack@keystone.service[68021]: ERROR keystone.server.flask.application   File "/opt/stack/data/venv/lib/python3.12/site-packages/sqlalchemy/engine/default.py", line 952, in do_execute
Apr 28 23:04:04 ubuntu devstack@keystone.service[68021]: ERROR keystone.server.flask.application     cursor.execute(statement, parameters)
Apr 28 23:04:04 ubuntu devstack@keystone.service[68021]: ERROR keystone.server.flask.application   File "/opt/stack/data/venv/lib/python3.12/site-packages/pymysql/cursors.py", line 153, in execute
Apr 28 23:04:04 ubuntu devstack@keystone.service[68021]: ERROR keystone.server.flask.application     result = self._query(query)
Apr 28 23:04:04 ubuntu devstack@keystone.service[68021]: ERROR keystone.server.flask.application              ^^^^^^^^^^^^^^^^^^
Apr 28 23:04:04 ubuntu devstack@keystone.service[68021]: ERROR keystone.server.flask.application   File "/opt/stack/data/venv/lib/python3.12/site-packages/pymysql/cursors.py", line 322, in _query
Apr 28 23:04:04 ubuntu devstack@keystone.service[68021]: ERROR keystone.server.flask.application     conn.query(q)
Apr 28 23:04:04 ubuntu devstack@keystone.service[68021]: ERROR keystone.server.flask.application   File "/opt/stack/data/venv/lib/python3.12/site-packages/pymysql/connections.py", line 575, in query
Apr 28 23:04:04 ubuntu devstack@keystone.service[68021]: ERROR keystone.server.flask.application     self._affected_rows = self._read_query_result(unbuffered=unbuffered)
Apr 28 23:04:04 ubuntu devstack@keystone.service[68021]: ERROR keystone.server.flask.application                           ^^^^^^^^^^^^^^^^^^^^^^^^^^^^^^^^^^^^^^^^^^^^^^
Apr 28 23:04:04 ubuntu devstack@keystone.service[68021]: ERROR keystone.server.flask.application   File "/opt/stack/data/venv/lib/python3.12/site-packages/pymysql/connections.py", line 826, in _read_query_result
Apr 28 23:04:04 ubuntu devstack@keystone.service[68021]: ERROR keystone.server.flask.application     result.read()
Apr 28 23:04:04 ubuntu devstack@keystone.service[68021]: ERROR keystone.server.flask.application   File "/opt/stack/data/venv/lib/python3.12/site-packages/pymysql/connections.py", line 1203, in read
Apr 28 23:04:04 ubuntu devstack@keystone.service[68021]: ERROR keystone.server.flask.application     first_packet = self.connection._read_packet()
Apr 28 23:04:04 ubuntu devstack@keystone.service[68021]: ERROR keystone.server.flask.application                    ^^^^^^^^^^^^^^^^^^^^^^^^^^^^^^
Apr 28 23:04:04 ubuntu devstack@keystone.service[68021]: ERROR keystone.server.flask.application   File "/opt/stack/data/venv/lib/python3.12/site-packages/pymysql/connections.py", line 782, in _read_packet
Apr 28 23:04:04 ubuntu devstack@keystone.service[68021]: ERROR keystone.server.flask.application     packet.raise_for_error()
Apr 28 23:04:04 ubuntu devstack@keystone.service[68021]: ERROR keystone.server.flask.application   File "/opt/stack/data/venv/lib/python3.12/site-packages/pymysql/protocol.py", line 219, in raise_for_error
Apr 28 23:04:04 ubuntu devstack@keystone.service[68021]: ERROR keystone.server.flask.application     err.raise_mysql_exception(self._data)
Apr 28 23:04:04 ubuntu devstack@keystone.service[68021]: ERROR keystone.server.flask.application   File "/opt/stack/data/venv/lib/python3.12/site-packages/pymysql/err.py", line 150, in raise_mysql_exception
Apr 28 23:04:04 ubuntu devstack@keystone.service[68021]: ERROR keystone.server.flask.application     raise errorclass(errno, errval)
Apr 28 23:04:04 ubuntu devstack@keystone.service[68021]: ERROR keystone.server.flask.application pymysql.err.IntegrityError: (1062, "Duplicate entry 'service-<<null>>' for key 'role.ixu_role_name_domain_id'")
Apr 28 23:04:04 ubuntu devstack@keystone.service[68021]: ERROR keystone.server.flask.application 
Apr 28 23:04:04 ubuntu devstack@keystone.service[68021]: ERROR keystone.server.flask.application The above exception was the direct cause of the following exception:
Apr 28 23:04:04 ubuntu devstack@keystone.service[68021]: ERROR keystone.server.flask.application 
Apr 28 23:04:04 ubuntu devstack@keystone.service[68021]: ERROR keystone.server.flask.application Traceback (most recent call last):
Apr 28 23:04:04 ubuntu devstack@keystone.service[68021]: ERROR keystone.server.flask.application   File "/opt/stack/keystone/keystone/common/sql/core.py", line 575, in wrapper
Apr 28 23:04:04 ubuntu devstack@keystone.service[68021]: ERROR keystone.server.flask.application     return method(*args, **kwargs)
Apr 28 23:04:04 ubuntu devstack@keystone.service[68021]: ERROR keystone.server.flask.application            ^^^^^^^^^^^^^^^^^^^^^^^
Apr 28 23:04:04 ubuntu devstack@keystone.service[68021]: ERROR keystone.server.flask.application   File "/opt/stack/keystone/keystone/assignment/role_backends/sql.py", line 25, in create_role
Apr 28 23:04:04 ubuntu devstack@keystone.service[68021]: ERROR keystone.server.flask.application     with sql.session_for_write() as session:
Apr 28 23:04:04 ubuntu devstack@keystone.service[68021]: ERROR keystone.server.flask.application   File "/usr/lib/python3.12/contextlib.py", line 144, in __exit__
Apr 28 23:04:04 ubuntu devstack@keystone.service[68021]: ERROR keystone.server.flask.application     next(self.gen)
Apr 28 23:04:04 ubuntu devstack@keystone.service[68021]: ERROR keystone.server.flask.application   File "/opt/stack/data/venv/lib/python3.12/site-packages/oslo_db/sqlalchemy/enginefacade.py", line 1175, in _transaction_scope
Apr 28 23:04:04 ubuntu devstack@keystone.service[68021]: ERROR keystone.server.flask.application     with current._produce_block(
Apr 28 23:04:04 ubuntu devstack@keystone.service[68021]: ERROR keystone.server.flask.application   File "/usr/lib/python3.12/contextlib.py", line 144, in __exit__
Apr 28 23:04:04 ubuntu devstack@keystone.service[68021]: ERROR keystone.server.flask.application     next(self.gen)
Apr 28 23:04:04 ubuntu devstack@keystone.service[68021]: ERROR keystone.server.flask.application   File "/opt/stack/data/venv/lib/python3.12/site-packages/oslo_db/sqlalchemy/enginefacade.py", line 837, in _session
Apr 28 23:04:04 ubuntu devstack@keystone.service[68021]: ERROR keystone.server.flask.application     with excutils.save_and_reraise_exception():
Apr 28 23:04:04 ubuntu devstack@keystone.service[68021]: ERROR keystone.server.flask.application   File "/opt/stack/data/venv/lib/python3.12/site-packages/oslo_utils/excutils.py", line 271, in __exit__
Apr 28 23:04:04 ubuntu devstack@keystone.service[68021]: ERROR keystone.server.flask.application     self.force_reraise()
Apr 28 23:04:04 ubuntu devstack@keystone.service[68021]: ERROR keystone.server.flask.application   File "/opt/stack/data/venv/lib/python3.12/site-packages/oslo_utils/excutils.py", line 233, in force_reraise
Apr 28 23:04:04 ubuntu devstack@keystone.service[68021]: ERROR keystone.server.flask.application     raise self.value
Apr 28 23:04:04 ubuntu devstack@keystone.service[68021]: ERROR keystone.server.flask.application   File "/opt/stack/data/venv/lib/python3.12/site-packages/oslo_db/sqlalchemy/enginefacade.py", line 835, in _session
Apr 28 23:04:04 ubuntu devstack@keystone.service[68021]: ERROR keystone.server.flask.application     self._end_session_transaction(self.session)
Apr 28 23:04:04 ubuntu devstack@keystone.service[68021]: ERROR keystone.server.flask.application   File "/opt/stack/data/venv/lib/python3.12/site-packages/oslo_db/sqlalchemy/enginefacade.py", line 748, in _end_session_transaction
Apr 28 23:04:04 ubuntu devstack@keystone.service[68021]: ERROR keystone.server.flask.application     session.commit()
Apr 28 23:04:04 ubuntu devstack@keystone.service[68021]: ERROR keystone.server.flask.application   File "/opt/stack/data/venv/lib/python3.12/site-packages/sqlalchemy/orm/session.py", line 2030, in commit
Apr 28 23:04:04 ubuntu devstack@keystone.service[68021]: ERROR keystone.server.flask.application     trans.commit(_to_root=True)
Apr 28 23:04:04 ubuntu devstack@keystone.service[68021]: ERROR keystone.server.flask.application   File "<string>", line 2, in commit
Apr 28 23:04:04 ubuntu devstack@keystone.service[68021]: ERROR keystone.server.flask.application   File "/opt/stack/data/venv/lib/python3.12/site-packages/sqlalchemy/orm/state_changes.py", line 137, in _go
Apr 28 23:04:04 ubuntu devstack@keystone.service[68021]: ERROR keystone.server.flask.application     ret_value = fn(self, *arg, **kw)
Apr 28 23:04:04 ubuntu devstack@keystone.service[68021]: ERROR keystone.server.flask.application                 ^^^^^^^^^^^^^^^^^^^^
Apr 28 23:04:04 ubuntu devstack@keystone.service[68021]: ERROR keystone.server.flask.application   File "/opt/stack/data/venv/lib/python3.12/site-packages/sqlalchemy/orm/session.py", line 1311, in commit
Apr 28 23:04:04 ubuntu devstack@keystone.service[68021]: ERROR keystone.server.flask.application     self._prepare_impl()
Apr 28 23:04:04 ubuntu devstack@keystone.service[68021]: ERROR keystone.server.flask.application   File "<string>", line 2, in _prepare_impl
Apr 28 23:04:04 ubuntu devstack@keystone.service[68021]: ERROR keystone.server.flask.application   File "/opt/stack/data/venv/lib/python3.12/site-packages/sqlalchemy/orm/state_changes.py", line 137, in _go
Apr 28 23:04:04 ubuntu devstack@keystone.service[68021]: ERROR keystone.server.flask.application     ret_value = fn(self, *arg, **kw)
