Apr 14 16:20:58 ubuntu devstack@keystone.service[67694]: ERROR keystone.server.flask.application   File "/opt/stack/data/venv/lib/python3.12/site-packages/pymysql/connections.py", line 782, in _read_packet
Apr 14 16:20:58 ubuntu devstack@keystone.service[67694]: ERROR keystone.server.flask.application     packet.raise_for_error()
Apr 14 16:20:58 ubuntu devstack@keystone.service[67694]: ERROR keystone.server.flask.application   File "/opt/stack/data/venv/lib/python3.12/site-packages/pymysql/protocol.py", line 219, in raise_for_error
Apr 14 16:20:58 ubuntu devstack@keystone.service[67694]: ERROR keystone.server.flask.application     err.raise_mysql_exception(self._data)
Apr 14 16:20:58 ubuntu devstack@keystone.service[67694]: ERROR keystone.server.flask.application   File "/opt/stack/data/venv/lib/python3.12/site-packages/pymysql/err.py", line 150, in raise_mysql_exception
Apr 14 16:20:58 ubuntu devstack@keystone.service[67694]: ERROR keystone.server.flask.application     raise errorclass(errno, errval)
Apr 14 16:20:58 ubuntu devstack@keystone.service[67694]: ERROR keystone.server.flask.application oslo_db.exception.DBDuplicateEntry: (pymysql.err.IntegrityError) (1062, "Duplicate entry 'service-<<null>>' for key 'role.ixu_role_name_domain_id'")
Apr 14 16:20:58 ubuntu devstack@keystone.service[67694]: ERROR keystone.server.flask.application [SQL: INSERT INTO `role` (id, name, description, extra) VALUES (%(id)s, %(name)s, %(description)s, %(extra)s)]
Apr 14 16:20:58 ubuntu devstack@keystone.service[67694]: ERROR keystone.server.flask.application [parameters: {'id': '2844f6a7b8b04a5b91e2cb5e84f574fc', 'name': 'service', 'description': None, 'extra': '{}'}]
Apr 14 16:20:58 ubuntu devstack@keystone.service[67694]: ERROR keystone.server.flask.application (Background on this error at: https://sqlalche.me/e/20/gkpj)
Apr 14 16:20:58 ubuntu devstack@keystone.service[67694]: ERROR keystone.server.flask.application 
Apr 14 16:20:58 ubuntu devstack@keystone.service[67694]: ERROR keystone.server.flask.application During handling of the above exception, another exception occurred:
Apr 14 16:20:58 ubuntu devstack@keystone.service[67694]: ERROR keystone.server.flask.application 
Apr 14 16:20:58 ubuntu devstack@keystone.service[67694]: ERROR keystone.server.flask.application Traceback (most recent call last):
Apr 14 16:20:58 ubuntu devstack@keystone.service[67694]: ERROR keystone.server.flask.application   File "/opt/stack/data/venv/lib/python3.12/site-packages/flask_restful/__init__.py", line 295, in error_router
Apr 14 16:20:58 ubuntu devstack@keystone.service[67694]: ERROR keystone.server.flask.application     return self.handle_error(e)
Apr 14 16:20:58 ubuntu devstack@keystone.service[67694]: ERROR keystone.server.flask.application            ^^^^^^^^^^^^^^^^^^^^
Apr 14 16:20:58 ubuntu devstack@keystone.service[67694]: ERROR keystone.server.flask.application   File "/opt/stack/data/venv/lib/python3.12/site-packages/flask_restful/__init__.py", line 310, in handle_error
Apr 14 16:20:58 ubuntu devstack@keystone.service[67694]: ERROR keystone.server.flask.application     _handle_flask_propagate_exceptions_config(current_app, e)
Apr 14 16:20:58 ubuntu devstack@keystone.service[67694]: ERROR keystone.server.flask.application   File "/opt/stack/data/venv/lib/python3.12/site-packages/flask/app.py", line 917, in full_dispatch_request
Apr 14 16:20:58 ubuntu devstack@keystone.service[67694]: ERROR keystone.server.flask.application     rv = self.dispatch_request()
Apr 14 16:20:58 ubuntu devstack@keystone.service[67694]: ERROR keystone.server.flask.application          ^^^^^^^^^^^^^^^^^^^^^^^
Apr 14 16:20:58 ubuntu devstack@keystone.service[67694]: ERROR keystone.server.flask.application   File "/opt/stack/data/venv/lib/python3.12/site-packages/flask/app.py", line 902, in dispatch_request
Apr 14 16:20:58 ubuntu devstack@keystone.service[67694]: ERROR keystone.server.flask.application     return self.ensure_sync(self.view_functions[rule.endpoint])(**view_args)  # type: ignore[no-any-return]
Apr 14 16:20:58 ubuntu devstack@keystone.service[67694]: ERROR keystone.server.flask.application            ^^^^^^^^^^^^^^^^^^^^^^^^^^^^^^^^^^^^^^^^^^^^^^^^^^^^^^^^^^^^^^^^^
Apr 14 16:20:58 ubuntu devstack@keystone.service[67694]: ERROR keystone.server.flask.application   File "/opt/stack/data/venv/lib/python3.12/site-packages/flask_restful/__init__.py", line 489, in wrapper
Apr 14 16:20:58 ubuntu devstack@keystone.service[67694]: ERROR keystone.server.flask.application     resp = resource(*args, **kwargs)
Apr 14 16:20:58 ubuntu devstack@keystone.service[67694]: ERROR keystone.server.flask.application            ^^^^^^^^^^^^^^^^^^^^^^^^^
Apr 14 16:20:58 ubuntu devstack@keystone.service[67694]: ERROR keystone.server.flask.application   File "/opt/stack/data/venv/lib/python3.12/site-packages/flask/views.py", line 110, in view
Apr 14 16:20:58 ubuntu devstack@keystone.service[67694]: ERROR keystone.server.flask.application     return current_app.ensure_sync(self.dispatch_request)(**kwargs)  # type: ignore[no-any-return]
Apr 14 16:20:58 ubuntu devstack@keystone.service[67694]: ERROR keystone.server.flask.application            ^^^^^^^^^^^^^^^^^^^^^^^^^^^^^^^^^^^^^^^^^^^^^^^^^^^^^^^^
Apr 14 16:20:58 ubuntu devstack@keystone.service[67694]: ERROR keystone.server.flask.application   File "/opt/stack/data/venv/lib/python3.12/site-packages/flask_restful/__init__.py", line 604, in dispatch_request
Apr 14 16:20:58 ubuntu devstack@keystone.service[67694]: ERROR keystone.server.flask.application     resp = meth(*args, **kwargs)
Apr 14 16:20:58 ubuntu devstack@keystone.service[67694]: ERROR keystone.server.flask.application            ^^^^^^^^^^^^^^^^^^^^^
Apr 14 16:20:58 ubuntu devstack@keystone.service[67694]: ERROR keystone.server.flask.application   File "/opt/stack/keystone/keystone/api/validation/__init__.py", line 86, in wrapper
Apr 14 16:20:58 ubuntu devstack@keystone.service[67694]: ERROR keystone.server.flask.application     return func(*args, **kwargs)
Apr 14 16:20:58 ubuntu devstack@keystone.service[67694]: ERROR keystone.server.flask.application            ^^^^^^^^^^^^^^^^^^^^^
Apr 14 16:20:58 ubuntu devstack@keystone.service[67694]: ERROR keystone.server.flask.application   File "/opt/stack/keystone/keystone/api/validation/__init__.py", line 145, in wrapper
Apr 14 16:20:58 ubuntu devstack@keystone.service[67694]: ERROR keystone.server.flask.application     response = func(*args, **kwargs)
Apr 14 16:20:58 ubuntu devstack@keystone.service[67694]: ERROR keystone.server.flask.application                ^^^^^^^^^^^^^^^^^^^^^
Apr 14 16:20:58 ubuntu devstack@keystone.service[67694]: ERROR keystone.server.flask.application   File "/opt/stack/keystone/keystone/api/roles.py", line 91, in post
Apr 14 16:20:58 ubuntu devstack@keystone.service[67694]: ERROR keystone.server.flask.application     ref = PROVIDERS.role_api.create_role(
Apr 14 16:20:58 ubuntu devstack@keystone.service[67694]: ERROR keystone.server.flask.application           ^^^^^^^^^^^^^^^^^^^^^^^^^^^^^^^
Apr 14 16:20:58 ubuntu devstack@keystone.service[67694]: ERROR keystone.server.flask.application   File "/opt/stack/keystone/keystone/common/manager.py", line 114, in wrapped
Apr 14 16:20:58 ubuntu devstack@keystone.service[67694]: ERROR keystone.server.flask.application     __ret_val = __f(*args, **kwargs)
Apr 14 16:20:58 ubuntu devstack@keystone.service[67694]: ERROR keystone.server.flask.application                 ^^^^^^^^^^^^^^^^^^^^
Apr 14 16:20:58 ubuntu devstack@keystone.service[67694]: ERROR keystone.server.flask.application   File "/opt/stack/keystone/keystone/assignment/core.py", line 1486, in create_role
Apr 14 16:20:58 ubuntu devstack@keystone.service[67694]: ERROR keystone.server.flask.application     ret = self.driver.create_role(role_id, role)
Apr 14 16:20:58 ubuntu devstack@keystone.service[67694]: ERROR keystone.server.flask.application           ^^^^^^^^^^^^^^^^^^^^^^^^^^^^^^^^^^^^^^
Apr 14 16:20:58 ubuntu devstack@keystone.service[67694]: ERROR keystone.server.flask.application   File "/opt/stack/keystone/keystone/common/sql/core.py", line 614, in wrapper
Apr 14 16:20:58 ubuntu devstack@keystone.service[67694]: ERROR keystone.server.flask.application     raise exception.Conflict(type=conflict_type, details=msg)
Apr 14 16:20:58 ubuntu devstack@keystone.service[67694]: ERROR keystone.server.flask.application keystone.exception.Conflict: Conflict occurred attempting to store role - Duplicate entry found with name service.
Apr 14 16:20:58 ubuntu devstack@keystone.service[67694]: ERROR keystone.server.flask.application 
Apr 14 16:20:58 ubuntu devstack@keystone.service[67695]: [pid: 67695|app: 0|req: 17/33] 10.120.125.143 () {58 vars in 1180 bytes} [Tue Apr 14 16:20:58 2026] GET /identity/v3/roles?name=admin => generated 341 bytes in 58 msecs (HTTP/1.1 200) 5 headers in 177 bytes (1 switches on core 0)
Apr 14 16:20:58 ubuntu devstack@keystone.service[67695]: DEBUG keystone.server.flask.request_processing.req_logging [None req-8bce127d-0fc3-4003-b6de-c3dc3322da5b None None] REQUEST_METHOD: `POST` {{(pid=67695) log_request_info /opt/stack/keystone/keystone/server/flask/request_processing/req_logging.py:26}}
Apr 14 16:20:58 ubuntu devstack@keystone.service[67695]: DEBUG keystone.server.flask.request_processing.req_logging [None req-8bce127d-0fc3-4003-b6de-c3dc3322da5b None None] SCRIPT_NAME: `/identity` {{(pid=67695) log_request_info /opt/stack/keystone/keystone/server/flask/request_processing/req_logging.py:27}}
Apr 14 16:20:58 ubuntu devstack@keystone.service[67695]: DEBUG keystone.server.flask.request_processing.req_logging [None req-8bce127d-0fc3-4003-b6de-c3dc3322da5b None None] PATH_INFO: `/v3/auth/tokens` {{(pid=67695) log_request_info /opt/stack/keystone/keystone/server/flask/request_processing/req_logging.py:28}}
Apr 14 16:20:58 ubuntu devstack@keystone.service[67694]: [pid: 67694|app: 0|req: 17/34] 10.120.125.143 () {62 vars in 1199 bytes} [Tue Apr 14 16:20:58 2026] POST /identity/v3/roles => generated 140 bytes in 92 msecs (HTTP/1.1 409) 5 headers in 183 bytes (1 switches on core 0)
Apr 14 16:20:58 ubuntu devstack@keystone.service[67694]: DEBUG keystone.server.flask.request_processing.middleware.auth_context [None req-33f24076-bfc8-4e60-b755-56a4ae1c035f None admin] Authenticating user token {{(pid=67694) process_request /opt/stack/data/venv/lib/python3.12/site-packages/keystonemiddleware/auth_token/__init__.py:407}}
Apr 14 16:20:58 ubuntu devstack@keystone.service[67695]: WARNING keystone.common.password_hashing [None req-8bce127d-0fc3-4003-b6de-c3dc3322da5b None None] Truncating password to algorithm specific maximum length 72 characters.
Apr 14 16:20:58 ubuntu devstack@keystone.service[67695]: DEBUG keystone.auth.core [None req-8bce127d-0fc3-4003-b6de-c3dc3322da5b None None] MFA Rules not processed for user `6a3252e0fe5b4814bfef422602c6829f`. Rule list: `[]` (Enabled: `True`). {{(pid=67695) check_auth_methods_against_rules /opt/stack/keystone/keystone/auth/core.py:476}}
Apr 14 16:20:58 ubuntu devstack@keystone.service[67695]: DEBUG keystone.common.fernet_utils [None req-8bce127d-0fc3-4003-b6de-c3dc3322da5b None None] Loaded 2 Fernet keys from /etc/keystone/fernet-keys/, but `[fernet_tokens] max_active_keys = 3`; perhaps there have not been enough key rotations to reach `max_active_keys` yet? {{(pid=67695) load_keys /opt/stack/keystone/keystone/common/fernet_utils.py:297}}
Apr 14 16:20:58 ubuntu devstack@keystone.service[67694]: DEBUG keystone.server.flask.request_processing.middleware.auth_context [None req-33f24076-bfc8-4e60-b755-56a4ae1c035f None admin] Validating token access rules against request {{(pid=67694) validate_allowed_request /opt/stack/data/venv/lib/python3.12/site-packages/keystonemiddleware/auth_token/__init__.py:545}}
Apr 14 16:20:58 ubuntu devstack@keystone.service[67695]: [pid: 67695|app: 0|req: 18/35] 10.120.125.143 () {60 vars in 1048 bytes} [Tue Apr 14 16:20:58 2026] POST /identity/v3/auth/tokens => generated 863 bytes in 49 msecs (HTTP/1.1 201) 6 headers in 363 bytes (1 switches on core 0)
Apr 14 16:20:58 ubuntu devstack@keystone.service[67695]: DEBUG keystone.server.flask.request_processing.middleware.auth_context [None req-8bce127d-0fc3-4003-b6de-c3dc3322da5b None None] Authenticating user token {{(pid=67695) process_request /opt/stack/data/venv/lib/python3.12/site-packages/keystonemiddleware/auth_token/__init__.py:407}}
Apr 14 16:20:58 ubuntu devstack@keystone.service[67694]: DEBUG keystone.server.flask.request_processing.middleware.auth_context [None req-a566d5fa-13e5-475d-a138-64c7a65c3a96 None admin] RBAC: auth_context: {'token': <TokenModel (audit_id=53edSInqQciVkkRBzRcnlw, audit_chain_id=['53edSInqQciVkkRBzRcnlw']) at 0x7775688a6f60>, 'domain_id': None, 'trust_id': None, 'trustor_id': None, 'trustee_id': None, 'domain_name': None, 'group_ids': [], 'user_id': '6a3252e0fe5b4814bfef422602c6829f', 'user_domain_id': 'default', 'system_scope': 'all', 'project_id': None, 'project_domain_id': None, 'roles': ['admin', 'manager', 'member', 'reader'], 'is_admin_project': True, 'service_user_id': None, 'service_user_domain_id': None, 'service_project_id': None, 'service_project_domain_id': None, 'service_roles': []} {{(pid=67694) fill_context /opt/stack/keystone/keystone/server/flask/request_processing/middleware/auth_context.py:509}}
Apr 14 16:20:58 ubuntu devstack@keystone.service[67694]: DEBUG keystone.server.flask.request_processing.req_logging [None req-a566d5fa-13e5-475d-a138-64c7a65c3a96 None admin] REQUEST_METHOD: `GET` {{(pid=67694) log_request_info /opt/stack/keystone/keystone/server/flask/request_processing/req_logging.py:26}}
Apr 14 16:20:58 ubuntu devstack@keystone.service[67694]: DEBUG keystone.server.flask.request_processing.req_logging [None req-a566d5fa-13e5-475d-a138-64c7a65c3a96 None admin] SCRIPT_NAME: `/identity` {{(pid=67694) log_request_info /opt/stack/keystone/keystone/server/flask/request_processing/req_logging.py:27}}
Apr 14 16:20:58 ubuntu devstack@keystone.service[67694]: DEBUG keystone.server.flask.request_processing.req_logging [None req-a566d5fa-13e5-475d-a138-64c7a65c3a96 None admin] PATH_INFO: `/v3/domains/Default` {{(pid=67694) log_request_info /opt/stack/keystone/keystone/server/flask/request_processing/req_logging.py:28}}
Apr 14 16:20:58 ubuntu devstack@keystone.service[67694]: DEBUG keystone.common.rbac_enforcer.enforcer [None req-a566d5fa-13e5-475d-a138-64c7a65c3a96 None admin] RBAC: Authorizing `identity:get_domain(domain_id=Default)` {{(pid=67694) enforce_call /opt/stack/keystone/keystone/common/rbac_enforcer/enforcer.py:494}}
Apr 14 16:20:58 ubuntu devstack@keystone.service[67694]: DEBUG keystone.common.rbac_enforcer.enforcer [None req-a566d5fa-13e5-475d-a138-64c7a65c3a96 None admin] RBAC: Authorization granted {{(pid=67694) enforce_call /opt/stack/keystone/keystone/common/rbac_enforcer/enforcer.py:505}}
Apr 14 16:20:58 ubuntu devstack@keystone.service[67695]: DEBUG keystone.server.flask.request_processing.middleware.auth_context [None req-8bce127d-0fc3-4003-b6de-c3dc3322da5b None None] Validating token access rules against request {{(pid=67695) validate_allowed_request /opt/stack/data/venv/lib/python3.12/site-packages/keystonemiddleware/auth_token/__init__.py:545}}
Apr 14 16:20:58 ubuntu devstack@keystone.service[67694]: DEBUG keystone.server.flask.application [None req-a566d5fa-13e5-475d-a138-64c7a65c3a96 None admin] Could not find domain: Default. {{(pid=67694) _handle_keystone_exception /opt/stack/keystone/keystone/server/flask/application.py:146}}
Apr 14 16:20:58 ubuntu devstack@keystone.service[67694]: [pid: 67694|app: 0|req: 18/36] 10.120.125.143 () {58 vars in 1176 bytes} [Tue Apr 14 16:20:58 2026] GET /identity/v3/domains/Default => generated 87 bytes in 85 msecs (HTTP/1.1 404) 5 headers in 183 bytes (1 switches on core 0)
Apr 14 16:20:58 ubuntu devstack@keystone.service[67694]: DEBUG keystone.server.flask.request_processing.middleware.auth_context [None req-a566d5fa-13e5-475d-a138-64c7a65c3a96 None admin] Authenticating user token {{(pid=67694) process_request /opt/stack/data/venv/lib/python3.12/site-packages/keystonemiddleware/auth_token/__init__.py:407}}
Apr 14 16:20:58 ubuntu devstack@keystone.service[67695]: DEBUG keystone.server.flask.request_processing.middleware.auth_context [None req-4fc53dd0-405c-48d7-8d8b-d6fdfd5ce86a None admin] RBAC: auth_context: {'token': <TokenModel (audit_id=UFkraFP9RI-xnn9fgMqFmg, audit_chain_id=['UFkraFP9RI-xnn9fgMqFmg']) at 0x777568949df0>, 'domain_id': None, 'trust_id': None, 'trustor_id': None, 'trustee_id': None, 'domain_name': None, 'group_ids': [], 'user_id': '6a3252e0fe5b4814bfef422602c6829f', 'user_domain_id': 'default', 'system_scope': 'all', 'project_id': None, 'project_domain_id': None, 'roles': ['admin', 'manager', 'member', 'reader'], 'is_admin_project': True, 'service_user_id': None, 'service_user_domain_id': None, 'service_project_id': None, 'service_project_domain_id': None, 'service_roles': []} {{(pid=67695) fill_context /opt/stack/keystone/keystone/server/flask/request_processing/middleware/auth_context.py:509}}
Apr 14 16:20:58 ubuntu devstack@keystone.service[67695]: DEBUG keystone.server.flask.request_processing.req_logging [None req-4fc53dd0-405c-48d7-8d8b-d6fdfd5ce86a None admin] REQUEST_METHOD: `GET` {{(pid=67695) log_request_info /opt/stack/keystone/keystone/server/flask/request_processing/req_logging.py:26}}
Apr 14 16:20:58 ubuntu devstack@keystone.service[67695]: DEBUG keystone.server.flask.request_processing.req_logging [None req-4fc53dd0-405c-48d7-8d8b-d6fdfd5ce86a None admin] SCRIPT_NAME: `/identity` {{(pid=67695) log_request_info /opt/stack/keystone/keystone/server/flask/request_processing/req_logging.py:27}}
Apr 14 16:20:58 ubuntu devstack@keystone.service[67695]: DEBUG keystone.server.flask.request_processing.req_logging [None req-4fc53dd0-405c-48d7-8d8b-d6fdfd5ce86a None admin] PATH_INFO: `/v3/users/6a3252e0fe5b4814bfef422602c6829f` {{(pid=67695) log_request_info /opt/stack/keystone/keystone/server/flask/request_processing/req_logging.py:28}}
Apr 14 16:20:58 ubuntu devstack@keystone.service[67695]: DEBUG keystone.common.rbac_enforcer.enforcer [None req-4fc53dd0-405c-48d7-8d8b-d6fdfd5ce86a None admin] RBAC: Authorizing `identity:get_user(user_id=6a3252e0fe5b4814bfef422602c6829f)` {{(pid=67695) enforce_call /opt/stack/keystone/keystone/common/rbac_enforcer/enforcer.py:494}}
Apr 14 16:20:58 ubuntu devstack@keystone.service[67695]: DEBUG keystone.common.rbac_enforcer.enforcer [None req-4fc53dd0-405c-48d7-8d8b-d6fdfd5ce86a None admin] RBAC: Authorization granted {{(pid=67695) enforce_call /opt/stack/keystone/keystone/common/rbac_enforcer/enforcer.py:505}}
Apr 14 16:20:58 ubuntu devstack@keystone.service[67695]: [pid: 67695|app: 0|req: 19/37] 10.120.125.143 () {58 vars in 1245 bytes} [Tue Apr 14 16:20:58 2026] GET /identity/v3/users/6a3252e0fe5b4814bfef422602c6829f => generated 248 bytes in 53 msecs (HTTP/1.1 200) 5 headers in 177 bytes (1 switches on core 0)
Apr 14 16:20:58 ubuntu devstack@keystone.service[67694]: DEBUG keystone.server.flask.request_processing.middleware.auth_context [None req-a566d5fa-13e5-475d-a138-64c7a65c3a96 None admin] Validating token access rules against request {{(pid=67694) validate_allowed_request /opt/stack/data/venv/lib/python3.12/site-packages/keystonemiddleware/auth_token/__init__.py:545}}
Apr 14 16:20:58 ubuntu devstack@keystone.service[67695]: DEBUG keystone.server.flask.request_processing.middleware.auth_context [None req-4fc53dd0-405c-48d7-8d8b-d6fdfd5ce86a None admin] Authenticating user token {{(pid=67695) process_request /opt/stack/data/venv/lib/python3.12/site-packages/keystonemiddleware/auth_token/__init__.py:407}}
Apr 14 16:20:58 ubuntu devstack@keystone.service[67694]: DEBUG keystone.server.flask.request_processing.middleware.auth_context [None req-2f8b4f13-1665-4d6c-83a9-427e227a4fb3 None admin] RBAC: auth_context: {'token': <TokenModel (audit_id=3LarDED9R0WlQVNT73fE0w, audit_chain_id=['3LarDED9R0WlQVNT73fE0w']) at 0x777568a15cd0>, 'domain_id': None, 'trust_id': None, 'trustor_id': None, 'trustee_id': None, 'domain_name': None, 'group_ids': [], 'user_id': '6a3252e0fe5b4814bfef422602c6829f', 'user_domain_id': 'default', 'system_scope': 'all', 'project_id': None, 'project_domain_id': None, 'roles': ['admin', 'manager', 'member', 'reader'], 'is_admin_project': True, 'service_user_id': None, 'service_user_domain_id': None, 'service_project_id': None, 'service_project_domain_id': None, 'service_roles': []} {{(pid=67694) fill_context /opt/stack/keystone/keystone/server/flask/request_processing/middleware/auth_context.py:509}}
Apr 14 16:20:58 ubuntu devstack@keystone.service[67694]: DEBUG keystone.server.flask.request_processing.req_logging [None req-2f8b4f13-1665-4d6c-83a9-427e227a4fb3 None admin] REQUEST_METHOD: `GET` {{(pid=67694) log_request_info /opt/stack/keystone/keystone/server/flask/request_processing/req_logging.py:26}}
Apr 14 16:20:58 ubuntu devstack@keystone.service[67694]: DEBUG keystone.server.flask.request_processing.req_logging [None req-2f8b4f13-1665-4d6c-83a9-427e227a4fb3 None admin] SCRIPT_NAME: `/identity` {{(pid=67694) log_request_info /opt/stack/keystone/keystone/server/flask/request_processing/req_logging.py:27}}
Apr 14 16:20:58 ubuntu devstack@keystone.service[67694]: DEBUG keystone.server.flask.request_processing.req_logging [None req-2f8b4f13-1665-4d6c-83a9-427e227a4fb3 None admin] PATH_INFO: `/v3/roles/service` {{(pid=67694) log_request_info /opt/stack/keystone/keystone/server/flask/request_processing/req_logging.py:28}}
Apr 14 16:20:58 ubuntu devstack@keystone.service[67694]: DEBUG keystone.common.rbac_enforcer.enforcer [None req-2f8b4f13-1665-4d6c-83a9-427e227a4fb3 None admin] Extracting inferred target data resulted in "NOT FOUND (404)". {{(pid=67694) enforce_call /opt/stack/keystone/keystone/common/rbac_enforcer/enforcer.py:445}}
Apr 14 16:20:58 ubuntu devstack@keystone.service[67694]: DEBUG keystone.server.flask.application [None req-2f8b4f13-1665-4d6c-83a9-427e227a4fb3 None admin] Could not find role: service. {{(pid=67694) _handle_keystone_exception /opt/stack/keystone/keystone/server/flask/application.py:146}}
Apr 14 16:20:58 ubuntu devstack@keystone.service[67694]: [pid: 67694|app: 0|req: 19/38] 10.120.125.143 () {58 vars in 1170 bytes} [Tue Apr 14 16:20:58 2026] GET /identity/v3/roles/service => generated 85 bytes in 60 msecs (HTTP/1.1 404) 5 headers in 183 bytes (1 switches on core 0)
Apr 14 16:20:58 ubuntu devstack@keystone.service[67694]: DEBUG keystone.server.flask.request_processing.middleware.auth_context [None req-2f8b4f13-1665-4d6c-83a9-427e227a4fb3 None admin] Authenticating user token {{(pid=67694) process_request /opt/stack/data/venv/lib/python3.12/site-packages/keystonemiddleware/auth_token/__init__.py:407}}
Apr 14 16:20:58 ubuntu devstack@keystone.service[67695]: DEBUG keystone.server.flask.request_processing.middleware.auth_context [None req-4fc53dd0-405c-48d7-8d8b-d6fdfd5ce86a None admin] Validating token access rules against request {{(pid=67695) validate_allowed_request /opt/stack/data/venv/lib/python3.12/site-packages/keystonemiddleware/auth_token/__init__.py:545}}
Apr 14 16:20:58 ubuntu devstack@keystone.service[67694]: DEBUG keystone.server.flask.request_processing.middleware.auth_context [None req-2f8b4f13-1665-4d6c-83a9-427e227a4fb3 None admin] Validating token access rules against request {{(pid=67694) validate_allowed_request /opt/stack/data/venv/lib/python3.12/site-packages/keystonemiddleware/auth_token/__init__.py:545}}
Apr 14 16:20:58 ubuntu devstack@keystone.service[67695]: DEBUG keystone.server.flask.request_processing.middleware.auth_context [None req-6f4a05d4-82b4-4b62-9054-305a066150d7 None admin] RBAC: auth_context: {'token': <TokenModel (audit_id=53edSInqQciVkkRBzRcnlw, audit_chain_id=['53edSInqQciVkkRBzRcnlw']) at 0x77756894a330>, 'domain_id': None, 'trust_id': None, 'trustor_id': None, 'trustee_id': None, 'domain_name': None, 'group_ids': [], 'user_id': '6a3252e0fe5b4814bfef422602c6829f', 'user_domain_id': 'default', 'system_scope': 'all', 'project_id': None, 'project_domain_id': None, 'roles': ['admin', 'manager', 'member', 'reader'], 'is_admin_project': True, 'service_user_id': None, 'service_user_domain_id': None, 'service_project_id': None, 'service_project_domain_id': None, 'service_roles': []} {{(pid=67695) fill_context /opt/stack/keystone/keystone/server/flask/request_processing/middleware/auth_context.py:509}}
Apr 14 16:20:58 ubuntu devstack@keystone.service[67695]: DEBUG keystone.server.flask.request_processing.req_logging [None req-6f4a05d4-82b4-4b62-9054-305a066150d7 None admin] REQUEST_METHOD: `GET` {{(pid=67695) log_request_info /opt/stack/keystone/keystone/server/flask/request_processing/req_logging.py:26}}
Apr 14 16:20:58 ubuntu devstack@keystone.service[67695]: DEBUG keystone.server.flask.request_processing.req_logging [None req-6f4a05d4-82b4-4b62-9054-305a066150d7 None admin] SCRIPT_NAME: `/identity` {{(pid=67695) log_request_info /opt/stack/keystone/keystone/server/flask/request_processing/req_logging.py:27}}
Apr 14 16:20:58 ubuntu devstack@keystone.service[67695]: DEBUG keystone.server.flask.request_processing.req_logging [None req-6f4a05d4-82b4-4b62-9054-305a066150d7 None admin] PATH_INFO: `/v3/domains` {{(pid=67695) log_request_info /opt/stack/keystone/keystone/server/flask/request_processing/req_logging.py:28}}
Apr 14 16:20:58 ubuntu devstack@keystone.service[67695]: DEBUG keystone.common.rbac_enforcer.enforcer [None req-6f4a05d4-82b4-4b62-9054-305a066150d7 None admin] RBAC: Adding query filter params (name=Default) {{(pid=67695) _extract_filter_values /opt/stack/keystone/keystone/common/rbac_enforcer/enforcer.py:176}}
Apr 14 16:20:58 ubuntu devstack@keystone.service[67695]: DEBUG keystone.common.rbac_enforcer.enforcer [None req-6f4a05d4-82b4-4b62-9054-305a066150d7 None admin] RBAC: Authorizing `identity:list_domains()` {{(pid=67695) enforce_call /opt/stack/keystone/keystone/common/rbac_enforcer/enforcer.py:494}}
Apr 14 16:20:58 ubuntu devstack@keystone.service[67695]: DEBUG keystone.common.rbac_enforcer.enforcer [None req-6f4a05d4-82b4-4b62-9054-305a066150d7 None admin] RBAC: Authorization granted {{(pid=67695) enforce_call /opt/stack/keystone/keystone/common/rbac_enforcer/enforcer.py:505}}
Apr 14 16:20:58 ubuntu devstack@keystone.service[67695]: [pid: 67695|app: 0|req: 20/39] 10.120.125.143 () {58 vars in 1190 bytes} [Tue Apr 14 16:20:58 2026] GET /identity/v3/domains?name=Default => generated 310 bytes in 76 msecs (HTTP/1.1 200) 5 headers in 177 bytes (2 switches on core 0)
Apr 14 16:20:58 ubuntu devstack@keystone.service[67695]: DEBUG keystone.server.flask.request_processing.req_logging [None req-9c7af897-51b0-484b-8266-76e6f5840e61 None None] REQUEST_METHOD: `GET` {{(pid=67695) log_request_info /opt/stack/keystone/keystone/server/flask/request_processing/req_logging.py:26}}
Apr 14 16:20:58 ubuntu devstack@keystone.service[67695]: DEBUG keystone.server.flask.request_processing.req_logging [None req-9c7af897-51b0-484b-8266-76e6f5840e61 None None] SCRIPT_NAME: `/identity` {{(pid=67695) log_request_info /opt/stack/keystone/keystone/server/flask/request_processing/req_logging.py:27}}
Apr 14 16:20:58 ubuntu devstack@keystone.service[67695]: DEBUG keystone.server.flask.request_processing.req_logging [None req-9c7af897-51b0-484b-8266-76e6f5840e61 None None] PATH_INFO: `/` {{(pid=67695) log_request_info /opt/stack/keystone/keystone/server/flask/request_processing/req_logging.py:28}}
Apr 14 16:20:58 ubuntu devstack@keystone.service[67694]: DEBUG keystone.server.flask.request_processing.middleware.auth_context [None req-64c91b2e-6e56-4098-b757-b6c8748db0bc None admin] RBAC: auth_context: {'token': <TokenModel (audit_id=UFkraFP9RI-xnn9fgMqFmg, audit_chain_id=['UFkraFP9RI-xnn9fgMqFmg']) at 0x7775688a6120>, 'domain_id': None, 'trust_id': None, 'trustor_id': None, 'trustee_id': None, 'domain_name': None, 'group_ids': [], 'user_id': '6a3252e0fe5b4814bfef422602c6829f', 'user_domain_id': 'default', 'system_scope': 'all', 'project_id': None, 'project_domain_id': None, 'roles': ['admin', 'manager', 'member', 'reader'], 'is_admin_project': True, 'service_user_id': None, 'service_user_domain_id': None, 'service_project_id': None, 'service_project_domain_id': None, 'service_roles': []} {{(pid=67694) fill_context /opt/stack/keystone/keystone/server/flask/request_processing/middleware/auth_context.py:509}}
Apr 14 16:20:58 ubuntu devstack@keystone.service[67694]: DEBUG keystone.server.flask.request_processing.req_logging [None req-64c91b2e-6e56-4098-b757-b6c8748db0bc None admin] REQUEST_METHOD: `GET` {{(pid=67694) log_request_info /opt/stack/keystone/keystone/server/flask/request_processing/req_logging.py:26}}
Apr 14 16:20:58 ubuntu devstack@keystone.service[67694]: DEBUG keystone.server.flask.request_processing.req_logging [None req-64c91b2e-6e56-4098-b757-b6c8748db0bc None admin] SCRIPT_NAME: `/identity` {{(pid=67694) log_request_info /opt/stack/keystone/keystone/server/flask/request_processing/req_logging.py:27}}
Apr 14 16:20:58 ubuntu devstack@keystone.service[67695]: [pid: 67695|app: 0|req: 21/40] 10.120.125.143 () {56 vars in 951 bytes} [Tue Apr 14 16:20:58 2026] GET /identity => generated 271 bytes in 2 msecs (HTTP/1.1 300) 6 headers in 235 bytes (1 switches on core 0)
Apr 14 16:20:58 ubuntu devstack@keystone.service[67694]: DEBUG keystone.server.flask.request_processing.req_logging [None req-64c91b2e-6e56-4098-b757-b6c8748db0bc None admin] PATH_INFO: `/v3/domains/default` {{(pid=67694) log_request_info /opt/stack/keystone/keystone/server/flask/request_processing/req_logging.py:28}}
Apr 14 16:20:58 ubuntu devstack@keystone.service[67695]: DEBUG keystone.server.flask.request_processing.middleware.auth_context [None req-9c7af897-51b0-484b-8266-76e6f5840e61 None None] Authenticating user token {{(pid=67695) process_request /opt/stack/data/venv/lib/python3.12/site-packages/keystonemiddleware/auth_token/__init__.py:407}}
Apr 14 16:20:58 ubuntu devstack@keystone.service[67694]: DEBUG keystone.common.rbac_enforcer.enforcer [None req-64c91b2e-6e56-4098-b757-b6c8748db0bc None admin] RBAC: Authorizing `identity:get_domain(domain_id=default)` {{(pid=67694) enforce_call /opt/stack/keystone/keystone/common/rbac_enforcer/enforcer.py:494}}
Apr 14 16:20:58 ubuntu devstack@keystone.service[67694]: DEBUG keystone.common.rbac_enforcer.enforcer [None req-64c91b2e-6e56-4098-b757-b6c8748db0bc None admin] RBAC: Authorization granted {{(pid=67694) enforce_call /opt/stack/keystone/keystone/common/rbac_enforcer/enforcer.py:505}}
Apr 14 16:20:58 ubuntu devstack@keystone.service[67694]: [pid: 67694|app: 0|req: 20/41] 10.120.125.143 () {58 vars in 1176 bytes} [Tue Apr 14 16:20:58 2026] GET /identity/v3/domains/default => generated 200 bytes in 69 msecs (HTTP/1.1 200) 5 headers in 177 bytes (1 switches on core 0)
Apr 14 16:20:58 ubuntu devstack@keystone.service[67695]: DEBUG keystone.server.flask.request_processing.middleware.auth_context [None req-9c7af897-51b0-484b-8266-76e6f5840e61 None None] Validating token access rules against request {{(pid=67695) validate_allowed_request /opt/stack/data/venv/lib/python3.12/site-packages/keystonemiddleware/auth_token/__init__.py:545}}
Apr 14 16:20:58 ubuntu devstack@keystone.service[67694]: DEBUG keystone.server.flask.request_processing.middleware.auth_context [None req-64c91b2e-6e56-4098-b757-b6c8748db0bc None admin] Authenticating user token {{(pid=67694) process_request /opt/stack/data/venv/lib/python3.12/site-packages/keystonemiddleware/auth_token/__init__.py:407}}
Apr 14 16:20:58 ubuntu devstack@keystone.service[67695]: DEBUG keystone.server.flask.request_processing.middleware.auth_context [None req-a362b022-5d40-4217-a0e9-e3b6d5a2ab76 None admin] RBAC: auth_context: {'token': <TokenModel (audit_id=3LarDED9R0WlQVNT73fE0w, audit_chain_id=['3LarDED9R0WlQVNT73fE0w']) at 0x7775689361e0>, 'domain_id': None, 'trust_id': None, 'trustor_id': None, 'trustee_id': None, 'domain_name': None, 'group_ids': [], 'user_id': '6a3252e0fe5b4814bfef422602c6829f', 'user_domain_id': 'default', 'system_scope': 'all', 'project_id': None, 'project_domain_id': None, 'roles': ['admin', 'manager', 'member', 'reader'], 'is_admin_project': True, 'service_user_id': None, 'service_user_domain_id': None, 'service_project_id': None, 'service_project_domain_id': None, 'service_roles': []} {{(pid=67695) fill_context /opt/stack/keystone/keystone/server/flask/request_processing/middleware/auth_context.py:509}}
Apr 14 16:20:58 ubuntu devstack@keystone.service[67695]: DEBUG keystone.server.flask.request_processing.req_logging [None req-a362b022-5d40-4217-a0e9-e3b6d5a2ab76 None admin] REQUEST_METHOD: `GET` {{(pid=67695) log_request_info /opt/stack/keystone/keystone/server/flask/request_processing/req_logging.py:26}}
Apr 14 16:20:58 ubuntu devstack@keystone.service[67695]: DEBUG keystone.server.flask.request_processing.req_logging [None req-a362b022-5d40-4217-a0e9-e3b6d5a2ab76 None admin] SCRIPT_NAME: `/identity` {{(pid=67695) log_request_info /opt/stack/keystone/keystone/server/flask/request_processing/req_logging.py:27}}
Apr 14 16:20:58 ubuntu devstack@keystone.service[67695]: DEBUG keystone.server.flask.request_processing.req_logging [None req-a362b022-5d40-4217-a0e9-e3b6d5a2ab76 None admin] PATH_INFO: `/v3/roles` {{(pid=67695) log_request_info /opt/stack/keystone/keystone/server/flask/request_processing/req_logging.py:28}}
Apr 14 16:20:58 ubuntu devstack@keystone.service[67695]: DEBUG keystone.common.rbac_enforcer.enforcer [None req-a362b022-5d40-4217-a0e9-e3b6d5a2ab76 None admin] RBAC: Adding query filter params (name=service) {{(pid=67695) _extract_filter_values /opt/stack/keystone/keystone/common/rbac_enforcer/enforcer.py:176}}
Apr 14 16:20:58 ubuntu devstack@keystone.service[67695]: DEBUG keystone.common.rbac_enforcer.enforcer [None req-a362b022-5d40-4217-a0e9-e3b6d5a2ab76 None admin] RBAC: Authorizing `identity:list_roles()` {{(pid=67695) enforce_call /opt/stack/keystone/keystone/common/rbac_enforcer/enforcer.py:494}}
Apr 14 16:20:58 ubuntu devstack@keystone.service[67695]: DEBUG keystone.common.rbac_enforcer.enforcer [None req-a362b022-5d40-4217-a0e9-e3b6d5a2ab76 None admin] RBAC: Authorization granted {{(pid=67695) enforce_call /opt/stack/keystone/keystone/common/rbac_enforcer/enforcer.py:505}}
Apr 14 16:20:58 ubuntu devstack@keystone.service[67695]: [pid: 67695|app: 0|req: 22/42] 10.120.125.143 () {58 vars in 1184 bytes} [Tue Apr 14 16:20:58 2026] GET /identity/v3/roles?name=service => generated 345 bytes in 72 msecs (HTTP/1.1 200) 5 headers in 177 bytes (1 switches on core 0)
Apr 14 16:20:58 ubuntu devstack@keystone.service[67694]: DEBUG keystone.server.flask.request_processing.middleware.auth_context [None req-64c91b2e-6e56-4098-b757-b6c8748db0bc None admin] Validating token access rules against request {{(pid=67694) validate_allowed_request /opt/stack/data/venv/lib/python3.12/site-packages/keystonemiddleware/auth_token/__init__.py:545}}
Apr 14 16:20:58 ubuntu devstack@keystone.service[67695]: DEBUG keystone.server.flask.request_processing.middleware.auth_context [None req-a362b022-5d40-4217-a0e9-e3b6d5a2ab76 None admin] Authenticating user token {{(pid=67695) process_request /opt/stack/data/venv/lib/python3.12/site-packages/keystonemiddleware/auth_token/__init__.py:407}}
Apr 14 16:20:58 ubuntu devstack@keystone.service[67694]: DEBUG keystone.server.flask.request_processing.middleware.auth_context [None req-0112cf30-f853-412e-a667-097727c03b88 None admin] RBAC: auth_context: {'token': <TokenModel (audit_id=UFkraFP9RI-xnn9fgMqFmg, audit_chain_id=['UFkraFP9RI-xnn9fgMqFmg']) at 0x7775688a4b00>, 'domain_id': None, 'trust_id': None, 'trustor_id': None, 'trustee_id': None, 'domain_name': None, 'group_ids': [], 'user_id': '6a3252e0fe5b4814bfef422602c6829f', 'user_domain_id': 'default', 'system_scope': 'all', 'project_id': None, 'project_domain_id': None, 'roles': ['admin', 'manager', 'member', 'reader'], 'is_admin_project': True, 'service_user_id': None, 'service_user_domain_id': None, 'service_project_id': None, 'service_project_domain_id': None, 'service_roles': []} {{(pid=67694) fill_context /opt/stack/keystone/keystone/server/flask/request_processing/middleware/auth_context.py:509}}
Apr 14 16:20:58 ubuntu devstack@keystone.service[67694]: DEBUG keystone.server.flask.request_processing.req_logging [None req-0112cf30-f853-412e-a667-097727c03b88 None admin] REQUEST_METHOD: `GET` {{(pid=67694) log_request_info /opt/stack/keystone/keystone/server/flask/request_processing/req_logging.py:26}}
Apr 14 16:20:58 ubuntu devstack@keystone.service[67694]: DEBUG keystone.server.flask.request_processing.req_logging [None req-0112cf30-f853-412e-a667-097727c03b88 None admin] SCRIPT_NAME: `/identity` {{(pid=67694) log_request_info /opt/stack/keystone/keystone/server/flask/request_processing/req_logging.py:27}}
Apr 14 16:20:58 ubuntu devstack@keystone.service[67694]: DEBUG keystone.server.flask.request_processing.req_logging [None req-0112cf30-f853-412e-a667-097727c03b88 None admin] PATH_INFO: `/v3/role_assignments` {{(pid=67694) log_request_info /opt/stack/keystone/keystone/server/flask/request_processing/req_logging.py:28}}
Apr 14 16:20:58 ubuntu devstack@keystone.service[67694]: DEBUG keystone.common.rbac_enforcer.enforcer [None req-0112cf30-f853-412e-a667-097727c03b88 None admin] RBAC: Adding query filter params (role.id=178f310c17a144c68f91dbf7d4df6f7f, scope.domain.id=default, user.id=6a3252e0fe5b4814bfef422602c6829f) {{(pid=67694) _extract_filter_values /opt/stack/keystone/keystone/common/rbac_enforcer/enforcer.py:176}}
Apr 14 16:20:58 ubuntu devstack@keystone.service[67694]: DEBUG keystone.common.rbac_enforcer.enforcer [None req-0112cf30-f853-412e-a667-097727c03b88 None admin] RBAC: Authorizing `identity:list_role_assignments()` {{(pid=67694) enforce_call /opt/stack/keystone/keystone/common/rbac_enforcer/enforcer.py:494}}
Apr 14 16:20:58 ubuntu devstack@keystone.service[67694]: DEBUG keystone.common.rbac_enforcer.enforcer [None req-0112cf30-f853-412e-a667-097727c03b88 None admin] RBAC: Authorization granted {{(pid=67694) enforce_call /opt/stack/keystone/keystone/common/rbac_enforcer/enforcer.py:505}}
Apr 14 16:20:58 ubuntu devstack@keystone.service[67694]: [pid: 67694|app: 0|req: 21/43] 10.120.125.143 () {58 vars in 1403 bytes} [Tue Apr 14 16:20:58 2026] GET /identity/v3/role_assignments?role.id=178f310c17a144c68f91dbf7d4df6f7f&scope.domain.id=default&user.id=6a3252e0fe5b4814bfef422602c6829f => generated 532 bytes in 71 msecs (HTTP/1.1 200) 5 headers in 177 bytes (1 switches on core 0)
Apr 14 16:20:58 ubuntu devstack@keystone.service[67695]: DEBUG keystone.server.flask.request_processing.middleware.auth_context [None req-a362b022-5d40-4217-a0e9-e3b6d5a2ab76 None admin] Validating token access rules against request {{(pid=67695) validate_allowed_request /opt/stack/data/venv/lib/python3.12/site-packages/keystonemiddleware/auth_token/__init__.py:545}}
Apr 14 16:20:58 ubuntu devstack@keystone.service[67694]: DEBUG keystone.server.flask.request_processing.req_logging [None req-c72faff3-0e7d-46ad-9fcc-2ebb30278a8c None None] REQUEST_METHOD: `POST` {{(pid=67694) log_request_info /opt/stack/keystone/keystone/server/flask/request_processing/req_logging.py:26}}
Apr 14 16:20:58 ubuntu devstack@keystone.service[67694]: DEBUG keystone.server.flask.request_processing.req_logging [None req-c72faff3-0e7d-46ad-9fcc-2ebb30278a8c None None] SCRIPT_NAME: `/identity` {{(pid=67694) log_request_info /opt/stack/keystone/keystone/server/flask/request_processing/req_logging.py:27}}
Apr 14 16:20:58 ubuntu devstack@keystone.service[67694]: DEBUG keystone.server.flask.request_processing.req_logging [None req-c72faff3-0e7d-46ad-9fcc-2ebb30278a8c None None] PATH_INFO: `/v3/auth/tokens` {{(pid=67694) log_request_info /opt/stack/keystone/keystone/server/flask/request_processing/req_logging.py:28}}
Apr 14 16:20:58 ubuntu devstack@keystone.service[67695]: DEBUG keystone.server.flask.request_processing.middleware.auth_context [None req-f6e46062-a391-47c6-98b5-c12db68f71b5 None admin] RBAC: auth_context: {'token': <TokenModel (audit_id=sGa4CztQSwq85ymG_4Dvow, audit_chain_id=['sGa4CztQSwq85ymG_4Dvow']) at 0x777568949d30>, 'domain_id': None, 'trust_id': None, 'trustor_id': None, 'trustee_id': None, 'domain_name': None, 'group_ids': [], 'user_id': '6a3252e0fe5b4814bfef422602c6829f', 'user_domain_id': 'default', 'system_scope': 'all', 'project_id': None, 'project_domain_id': None, 'roles': ['admin', 'manager', 'member', 'reader'], 'is_admin_project': True, 'service_user_id': None, 'service_user_domain_id': None, 'service_project_id': None, 'service_project_domain_id': None, 'service_roles': []} {{(pid=67695) fill_context /opt/stack/keystone/keystone/server/flask/request_processing/middleware/auth_context.py:509}}
Apr 14 16:20:58 ubuntu devstack@keystone.service[67695]: DEBUG keystone.server.flask.request_processing.req_logging [None req-f6e46062-a391-47c6-98b5-c12db68f71b5 None admin] REQUEST_METHOD: `POST` {{(pid=67695) log_request_info /opt/stack/keystone/keystone/server/flask/request_processing/req_logging.py:26}}
Apr 14 16:20:58 ubuntu devstack@keystone.service[67695]: DEBUG keystone.server.flask.request_processing.req_logging [None req-f6e46062-a391-47c6-98b5-c12db68f71b5 None admin] SCRIPT_NAME: `/identity` {{(pid=67695) log_request_info /opt/stack/keystone/keystone/server/flask/request_processing/req_logging.py:27}}
Apr 14 16:20:58 ubuntu devstack@keystone.service[67695]: DEBUG keystone.server.flask.request_processing.req_logging [None req-f6e46062-a391-47c6-98b5-c12db68f71b5 None admin] PATH_INFO: `/v3/roles` {{(pid=67695) log_request_info /opt/stack/keystone/keystone/server/flask/request_processing/req_logging.py:28}}
Apr 14 16:20:58 ubuntu devstack@keystone.service[67695]: DEBUG keystone.common.rbac_enforcer.enforcer [None req-f6e46062-a391-47c6-98b5-c12db68f71b5 None admin] RBAC: Authorizing `identity:create_role()` {{(pid=67695) enforce_call /opt/stack/keystone/keystone/common/rbac_enforcer/enforcer.py:494}}
Apr 14 16:20:58 ubuntu devstack@keystone.service[67695]: DEBUG keystone.common.rbac_enforcer.enforcer [None req-f6e46062-a391-47c6-98b5-c12db68f71b5 None admin] RBAC: Authorization granted {{(pid=67695) enforce_call /opt/stack/keystone/keystone/common/rbac_enforcer/enforcer.py:505}}
Apr 14 16:20:58 ubuntu devstack@keystone.service[67694]: WARNING keystone.common.password_hashing [None req-c72faff3-0e7d-46ad-9fcc-2ebb30278a8c None None] Truncating password to algorithm specific maximum length 72 characters.
Apr 14 16:20:59 ubuntu devstack@keystone.service[67694]: DEBUG keystone.auth.core [None req-c72faff3-0e7d-46ad-9fcc-2ebb30278a8c None None] MFA Rules not processed for user `6a3252e0fe5b4814bfef422602c6829f`. Rule list: `[]` (Enabled: `True`). {{(pid=67694) check_auth_methods_against_rules /opt/stack/keystone/keystone/auth/core.py:476}}
Apr 14 16:20:59 ubuntu devstack@keystone.service[67694]: DEBUG keystone.common.fernet_utils [None req-c72faff3-0e7d-46ad-9fcc-2ebb30278a8c None None] Loaded 2 Fernet keys from /etc/keystone/fernet-keys/, but `[fernet_tokens] max_active_keys = 3`; perhaps there have not been enough key rotations to reach `max_active_keys` yet? {{(pid=67694) load_keys /opt/stack/keystone/keystone/common/fernet_utils.py:297}}
Apr 14 16:20:59 ubuntu devstack@keystone.service[67694]: [pid: 67694|app: 0|req: 22/44] 10.120.125.143 () {60 vars in 1048 bytes} [Tue Apr 14 16:20:58 2026] POST /identity/v3/auth/tokens => generated 863 bytes in 66 msecs (HTTP/1.1 201) 6 headers in 363 bytes (2 switches on core 0)
Apr 14 16:20:59 ubuntu devstack@keystone.service[67694]: DEBUG keystone.server.flask.request_processing.middleware.auth_context [None req-c72faff3-0e7d-46ad-9fcc-2ebb30278a8c None None] Authenticating user token {{(pid=67694) process_request /opt/stack/data/venv/lib/python3.12/site-packages/keystonemiddleware/auth_token/__init__.py:407}}
Apr 14 16:20:59 ubuntu devstack@keystone.service[67695]: [pid: 67695|app: 0|req: 23/45] 10.120.125.143 () {62 vars in 1199 bytes} [Tue Apr 14 16:20:58 2026] POST /identity/v3/roles => generated 226 bytes in 149 msecs (HTTP/1.1 201) 5 headers in 182 bytes (1 switches on core 0)
Apr 14 16:20:59 ubuntu devstack@keystone.service[67694]: DEBUG keystone.server.flask.request_processing.middleware.auth_context [None req-c72faff3-0e7d-46ad-9fcc-2ebb30278a8c None None] Validating token access rules against request {{(pid=67694) validate_allowed_request /opt/stack/data/venv/lib/python3.12/site-packages/keystonemiddleware/auth_token/__init__.py:545}}
Apr 14 16:20:59 ubuntu devstack@keystone.service[67694]: DEBUG keystone.server.flask.request_processing.middleware.auth_context [None req-d49213f3-b4d0-49dc-823a-20278fd0f042 None admin] RBAC: auth_context: {'token': <TokenModel (audit_id=53edSInqQciVkkRBzRcnlw, audit_chain_id=['53edSInqQciVkkRBzRcnlw']) at 0x777568afe360>, 'domain_id': None, 'trust_id': None, 'trustor_id': None, 'trustee_id': None, 'domain_name': None, 'group_ids': [], 'user_id': '6a3252e0fe5b4814bfef422602c6829f', 'user_domain_id': 'default', 'system_scope': 'all', 'project_id': None, 'project_domain_id': None, 'roles': ['admin', 'manager', 'member', 'reader'], 'is_admin_project': True, 'service_user_id': None, 'service_user_domain_id': None, 'service_project_id': None, 'service_project_domain_id': None, 'service_roles': []} {{(pid=67694) fill_context /opt/stack/keystone/keystone/server/flask/request_processing/middleware/auth_context.py:509}}
Apr 14 16:20:59 ubuntu devstack@keystone.service[67694]: DEBUG keystone.server.flask.request_processing.req_logging [None req-d49213f3-b4d0-49dc-823a-20278fd0f042 None admin] REQUEST_METHOD: `POST` {{(pid=67694) log_request_info /opt/stack/keystone/keystone/server/flask/request_processing/req_logging.py:26}}
Apr 14 16:20:59 ubuntu devstack@keystone.service[67694]: DEBUG keystone.server.flask.request_processing.req_logging [None req-d49213f3-b4d0-49dc-823a-20278fd0f042 None admin] SCRIPT_NAME: `/identity` {{(pid=67694) log_request_info /opt/stack/keystone/keystone/server/flask/request_processing/req_logging.py:27}}
Apr 14 16:20:59 ubuntu devstack@keystone.service[67694]: DEBUG keystone.server.flask.request_processing.req_logging [None req-d49213f3-b4d0-49dc-823a-20278fd0f042 None admin] PATH_INFO: `/v3/projects` {{(pid=67694) log_request_info /opt/stack/keystone/keystone/server/flask/request_processing/req_logging.py:28}}
Apr 14 16:20:59 ubuntu devstack@keystone.service[67694]: DEBUG keystone.common.rbac_enforcer.enforcer [None req-d49213f3-b4d0-49dc-823a-20278fd0f042 None admin] RBAC: Authorizing `identity:create_project()` {{(pid=67694) enforce_call /opt/stack/keystone/keystone/common/rbac_enforcer/enforcer.py:494}}
Apr 14 16:20:59 ubuntu devstack@keystone.service[67694]: DEBUG keystone.common.rbac_enforcer.enforcer [None req-d49213f3-b4d0-49dc-823a-20278fd0f042 None admin] RBAC: Authorization granted {{(pid=67694) enforce_call /opt/stack/keystone/keystone/common/rbac_enforcer/enforcer.py:505}}
Apr 14 16:20:59 ubuntu devstack@keystone.service[67695]: DEBUG keystone.server.flask.request_processing.middleware.auth_context [None req-f6e46062-a391-47c6-98b5-c12db68f71b5 None admin] Authenticating user token {{(pid=67695) process_request /opt/stack/data/venv/lib/python3.12/site-packages/keystonemiddleware/auth_token/__init__.py:407}}
Apr 14 16:20:59 ubuntu devstack@keystone.service[67694]: [pid: 67694|app: 0|req: 23/46] 10.120.125.143 () {62 vars in 1208 bytes} [Tue Apr 14 16:20:59 2026] POST /identity/v3/projects => generated 302 bytes in 81 msecs (HTTP/1.1 201) 5 headers in 182 bytes (1 switches on core 0)
Apr 14 16:20:59 ubuntu devstack@keystone.service[67695]: DEBUG keystone.server.flask.request_processing.middleware.auth_context [None req-f6e46062-a391-47c6-98b5-c12db68f71b5 None admin] Validating token access rules against request {{(pid=67695) validate_allowed_request /opt/stack/data/venv/lib/python3.12/site-packages/keystonemiddleware/auth_token/__init__.py:545}}
Apr 14 16:20:59 ubuntu devstack@keystone.service[67695]: DEBUG keystone.server.flask.request_processing.middleware.auth_context [None req-2e4e78dd-5aba-4ecf-85dc-23bcde266ac3 None admin] RBAC: auth_context: {'token': <TokenModel (audit_id=jKqBzOusSfenbh0bbp7DOw, audit_chain_id=['jKqBzOusSfenbh0bbp7DOw']) at 0x7775686fb860>, 'domain_id': None, 'trust_id': None, 'trustor_id': None, 'trustee_id': None, 'domain_name': None, 'group_ids': [], 'user_id': '6a3252e0fe5b4814bfef422602c6829f', 'user_domain_id': 'default', 'system_scope': 'all', 'project_id': None, 'project_domain_id': None, 'roles': ['admin', 'manager', 'member', 'reader'], 'is_admin_project': True, 'service_user_id': None, 'service_user_domain_id': None, 'service_project_id': None, 'service_project_domain_id': None, 'service_roles': []} {{(pid=67695) fill_context /opt/stack/keystone/keystone/server/flask/request_processing/middleware/auth_context.py:509}}
Apr 14 16:20:59 ubuntu devstack@keystone.service[67695]: DEBUG keystone.server.flask.request_processing.req_logging [None req-2e4e78dd-5aba-4ecf-85dc-23bcde266ac3 None admin] REQUEST_METHOD: `POST` {{(pid=67695) log_request_info /opt/stack/keystone/keystone/server/flask/request_processing/req_logging.py:26}}
Apr 14 16:20:59 ubuntu devstack@keystone.service[67695]: DEBUG keystone.server.flask.request_processing.req_logging [None req-2e4e78dd-5aba-4ecf-85dc-23bcde266ac3 None admin] SCRIPT_NAME: `/identity` {{(pid=67695) log_request_info /opt/stack/keystone/keystone/server/flask/request_processing/req_logging.py:27}}
Apr 14 16:20:59 ubuntu devstack@keystone.service[67695]: DEBUG keystone.server.flask.request_processing.req_logging [None req-2e4e78dd-5aba-4ecf-85dc-23bcde266ac3 None admin] PATH_INFO: `/v3/roles` {{(pid=67695) log_request_info /opt/stack/keystone/keystone/server/flask/request_processing/req_logging.py:28}}
