Sep 17 12:26:35 jammy-provider-cloud-0000007636 devstack@g-api.service[105018]: DEBUG glance.common.config [None req-213e19de-c3e2-411c-97c1-9dd1a2d2aea1 None None] oslo_messaging_rabbit.kombu_failover_strategy = round-robin {{(pid=105018) log_opt_values /opt/stack/data/venv/lib/python3.10/site-packages/oslo_config/cfg.py:2826}}
Sep 17 12:26:35 jammy-provider-cloud-0000007636 devstack@g-api.service[105018]: DEBUG glance.common.config [None req-213e19de-c3e2-411c-97c1-9dd1a2d2aea1 None None] oslo_messaging_rabbit.kombu_missing_consumer_retry_timeout = 60 {{(pid=105018) log_opt_values /opt/stack/data/venv/lib/python3.10/site-packages/oslo_config/cfg.py:2826}}
Sep 17 12:26:35 jammy-provider-cloud-0000007636 devstack@g-api.service[105018]: DEBUG glance.common.config [None req-213e19de-c3e2-411c-97c1-9dd1a2d2aea1 None None] oslo_messaging_rabbit.kombu_reconnect_delay = 1.0 {{(pid=105018) log_opt_values /opt/stack/data/venv/lib/python3.10/site-packages/oslo_config/cfg.py:2826}}
Sep 17 12:26:35 jammy-provider-cloud-0000007636 devstack@g-api.service[105018]: DEBUG glance.common.config [None req-213e19de-c3e2-411c-97c1-9dd1a2d2aea1 None None] oslo_messaging_rabbit.processname = uwsgi {{(pid=105018) log_opt_values /opt/stack/data/venv/lib/python3.10/site-packages/oslo_config/cfg.py:2826}}
Sep 17 12:26:35 jammy-provider-cloud-0000007636 devstack@g-api.service[105017]: DEBUG glance.api.middleware.version_negotiation [None req-082073ea-097e-4e64-b126-28c04b9ee7b3 None None] Determining version of request: GET / Accept: */* {{(pid=105017) process_request /opt/stack/glance/glance/api/middleware/version_negotiation.py:44}}
Sep 17 12:26:35 jammy-provider-cloud-0000007636 devstack@g-api.service[105018]: DEBUG glance.common.config [None req-213e19de-c3e2-411c-97c1-9dd1a2d2aea1 None None] oslo_messaging_rabbit.rabbit_ha_queues = False {{(pid=105018) log_opt_values /opt/stack/data/venv/lib/python3.10/site-packages/oslo_config/cfg.py:2826}}
Sep 17 12:26:35 jammy-provider-cloud-0000007636 devstack@g-api.service[105018]: DEBUG glance.common.config [None req-213e19de-c3e2-411c-97c1-9dd1a2d2aea1 None None] oslo_messaging_rabbit.rabbit_interval_max = 30 {{(pid=105018) log_opt_values /opt/stack/data/venv/lib/python3.10/site-packages/oslo_config/cfg.py:2826}}
Sep 17 12:26:35 jammy-provider-cloud-0000007636 devstack@g-api.service[105017]: DEBUG glance.api.middleware.version_negotiation [None req-082073ea-097e-4e64-b126-28c04b9ee7b3 None None] Using url versioning {{(pid=105017) process_request /opt/stack/glance/glance/api/middleware/version_negotiation.py:57}}
Sep 17 12:26:35 jammy-provider-cloud-0000007636 devstack@g-api.service[105018]: DEBUG glance.common.config [None req-213e19de-c3e2-411c-97c1-9dd1a2d2aea1 None None] oslo_messaging_rabbit.rabbit_login_method = AMQPLAIN {{(pid=105018) log_opt_values /opt/stack/data/venv/lib/python3.10/site-packages/oslo_config/cfg.py:2826}}
Sep 17 12:26:35 jammy-provider-cloud-0000007636 devstack@g-api.service[105017]: DEBUG glance.api.middleware.version_negotiation [None req-082073ea-097e-4e64-b126-28c04b9ee7b3 None None] Unknown version. Returning version choices. {{(pid=105017) process_request /opt/stack/glance/glance/api/middleware/version_negotiation.py:64}}
Sep 17 12:26:35 jammy-provider-cloud-0000007636 devstack@g-api.service[105018]: DEBUG glance.common.config [None req-213e19de-c3e2-411c-97c1-9dd1a2d2aea1 None None] oslo_messaging_rabbit.rabbit_qos_prefetch_count = 0 {{(pid=105018) log_opt_values /opt/stack/data/venv/lib/python3.10/site-packages/oslo_config/cfg.py:2826}}
Sep 17 12:26:35 jammy-provider-cloud-0000007636 devstack@g-api.service[105018]: DEBUG glance.common.config [None req-213e19de-c3e2-411c-97c1-9dd1a2d2aea1 None None] oslo_messaging_rabbit.rabbit_quorum_delivery_limit = 0 {{(pid=105018) log_opt_values /opt/stack/data/venv/lib/python3.10/site-packages/oslo_config/cfg.py:2826}}
Sep 17 12:26:35 jammy-provider-cloud-0000007636 devstack@g-api.service[105018]: DEBUG glance.common.config [None req-213e19de-c3e2-411c-97c1-9dd1a2d2aea1 None None] oslo_messaging_rabbit.rabbit_quorum_max_memory_bytes = 0 {{(pid=105018) log_opt_values /opt/stack/data/venv/lib/python3.10/site-packages/oslo_config/cfg.py:2826}}
Sep 17 12:26:35 jammy-provider-cloud-0000007636 devstack@g-api.service[105018]: DEBUG glance.common.config [None req-213e19de-c3e2-411c-97c1-9dd1a2d2aea1 None None] oslo_messaging_rabbit.rabbit_quorum_max_memory_length = 0 {{(pid=105018) log_opt_values /opt/stack/data/venv/lib/python3.10/site-packages/oslo_config/cfg.py:2826}}
Sep 17 12:26:35 jammy-provider-cloud-0000007636 devstack@g-api.service[105018]: DEBUG glance.common.config [None req-213e19de-c3e2-411c-97c1-9dd1a2d2aea1 None None] oslo_messaging_rabbit.rabbit_quorum_queue = False {{(pid=105018) log_opt_values /opt/stack/data/venv/lib/python3.10/site-packages/oslo_config/cfg.py:2826}}
Sep 17 12:26:35 jammy-provider-cloud-0000007636 devstack@g-api.service[105018]: DEBUG glance.common.config [None req-213e19de-c3e2-411c-97c1-9dd1a2d2aea1 None None] oslo_messaging_rabbit.rabbit_retry_backoff = 2 {{(pid=105018) log_opt_values /opt/stack/data/venv/lib/python3.10/site-packages/oslo_config/cfg.py:2826}}
Sep 17 12:26:35 jammy-provider-cloud-0000007636 devstack@g-api.service[105018]: DEBUG glance.common.config [None req-213e19de-c3e2-411c-97c1-9dd1a2d2aea1 None None] oslo_messaging_rabbit.rabbit_retry_interval = 1 {{(pid=105018) log_opt_values /opt/stack/data/venv/lib/python3.10/site-packages/oslo_config/cfg.py:2826}}
Sep 17 12:26:35 jammy-provider-cloud-0000007636 devstack@g-api.service[105017]: [pid: 105017|app: 0|req: 1/1] 127.0.0.1 () {32 vars in 411 bytes} [Tue Sep 17 12:26:35 2024] GET / => generated 1407 bytes in 1 msecs (HTTP/1.1 300) 3 headers in 106 bytes (1 switches on core 0)
Sep 17 12:26:35 jammy-provider-cloud-0000007636 devstack@g-api.service[105018]: DEBUG glance.common.config [None req-213e19de-c3e2-411c-97c1-9dd1a2d2aea1 None None] oslo_messaging_rabbit.rabbit_stream_fanout = False {{(pid=105018) log_opt_values /opt/stack/data/venv/lib/python3.10/site-packages/oslo_config/cfg.py:2826}}
Sep 17 12:26:35 jammy-provider-cloud-0000007636 devstack@g-api.service[105018]: DEBUG glance.common.config [None req-213e19de-c3e2-411c-97c1-9dd1a2d2aea1 None None] oslo_messaging_rabbit.rabbit_transient_queues_ttl = 1800 {{(pid=105018) log_opt_values /opt/stack/data/venv/lib/python3.10/site-packages/oslo_config/cfg.py:2826}}
Sep 17 12:26:35 jammy-provider-cloud-0000007636 devstack@g-api.service[105018]: DEBUG glance.common.config [None req-213e19de-c3e2-411c-97c1-9dd1a2d2aea1 None None] oslo_messaging_rabbit.rabbit_transient_quorum_queue = False {{(pid=105018) log_opt_values /opt/stack/data/venv/lib/python3.10/site-packages/oslo_config/cfg.py:2826}}
Sep 17 12:26:35 jammy-provider-cloud-0000007636 devstack@g-api.service[105018]: DEBUG glance.common.config [None req-213e19de-c3e2-411c-97c1-9dd1a2d2aea1 None None] oslo_messaging_rabbit.rpc_conn_pool_size = 30 {{(pid=105018) log_opt_values /opt/stack/data/venv/lib/python3.10/site-packages/oslo_config/cfg.py:2826}}
Sep 17 12:26:35 jammy-provider-cloud-0000007636 devstack@g-api.service[105018]: DEBUG glance.common.config [None req-213e19de-c3e2-411c-97c1-9dd1a2d2aea1 None None] oslo_messaging_rabbit.ssl      = False {{(pid=105018) log_opt_values /opt/stack/data/venv/lib/python3.10/site-packages/oslo_config/cfg.py:2826}}
Sep 17 12:26:35 jammy-provider-cloud-0000007636 devstack@g-api.service[105018]: DEBUG glance.common.config [None req-213e19de-c3e2-411c-97c1-9dd1a2d2aea1 None None] oslo_messaging_rabbit.ssl_ca_file =  {{(pid=105018) log_opt_values /opt/stack/data/venv/lib/python3.10/site-packages/oslo_config/cfg.py:2826}}
Sep 17 12:26:35 jammy-provider-cloud-0000007636 devstack@g-api.service[105018]: DEBUG glance.common.config [None req-213e19de-c3e2-411c-97c1-9dd1a2d2aea1 None None] oslo_messaging_rabbit.ssl_cert_file =  {{(pid=105018) log_opt_values /opt/stack/data/venv/lib/python3.10/site-packages/oslo_config/cfg.py:2826}}
Sep 17 12:26:35 jammy-provider-cloud-0000007636 devstack@g-api.service[105018]: DEBUG glance.common.config [None req-213e19de-c3e2-411c-97c1-9dd1a2d2aea1 None None] oslo_messaging_rabbit.ssl_enforce_fips_mode = False {{(pid=105018) log_opt_values /opt/stack/data/venv/lib/python3.10/site-packages/oslo_config/cfg.py:2826}}
Sep 17 12:26:35 jammy-provider-cloud-0000007636 devstack@g-api.service[105018]: DEBUG glance.common.config [None req-213e19de-c3e2-411c-97c1-9dd1a2d2aea1 None None] oslo_messaging_rabbit.ssl_key_file =  {{(pid=105018) log_opt_values /opt/stack/data/venv/lib/python3.10/site-packages/oslo_config/cfg.py:2826}}
Sep 17 12:26:35 jammy-provider-cloud-0000007636 devstack@g-api.service[105018]: DEBUG glance.common.config [None req-213e19de-c3e2-411c-97c1-9dd1a2d2aea1 None None] oslo_messaging_rabbit.ssl_version =  {{(pid=105018) log_opt_values /opt/stack/data/venv/lib/python3.10/site-packages/oslo_config/cfg.py:2826}}
Sep 17 12:26:35 jammy-provider-cloud-0000007636 devstack@g-api.service[105018]: DEBUG glance.common.config [None req-213e19de-c3e2-411c-97c1-9dd1a2d2aea1 None None] oslo_messaging_rabbit.use_queue_manager = False {{(pid=105018) log_opt_values /opt/stack/data/venv/lib/python3.10/site-packages/oslo_config/cfg.py:2826}}
Sep 17 12:26:35 jammy-provider-cloud-0000007636 devstack@g-api.service[105018]: DEBUG glance.common.config [None req-213e19de-c3e2-411c-97c1-9dd1a2d2aea1 None None] key_manager.backend            = barbican {{(pid=105018) log_opt_values /opt/stack/data/venv/lib/python3.10/site-packages/oslo_config/cfg.py:2826}}
Sep 17 12:26:35 jammy-provider-cloud-0000007636 devstack@g-api.service[105018]: DEBUG glance.common.config [None req-213e19de-c3e2-411c-97c1-9dd1a2d2aea1 None None] key_manager.fixed_key          = None {{(pid=105018) log_opt_values /opt/stack/data/venv/lib/python3.10/site-packages/oslo_config/cfg.py:2826}}
Sep 17 12:26:35 jammy-provider-cloud-0000007636 devstack@g-api.service[105018]: DEBUG glance.common.config [None req-213e19de-c3e2-411c-97c1-9dd1a2d2aea1 None None] barbican.auth_endpoint         = http://localhost/identity/v3 {{(pid=105018) log_opt_values /opt/stack/data/venv/lib/python3.10/site-packages/oslo_config/cfg.py:2826}}
Sep 17 12:26:35 jammy-provider-cloud-0000007636 devstack@g-api.service[105018]: DEBUG glance.common.config [None req-213e19de-c3e2-411c-97c1-9dd1a2d2aea1 None None] barbican.barbican_api_version  = None {{(pid=105018) log_opt_values /opt/stack/data/venv/lib/python3.10/site-packages/oslo_config/cfg.py:2826}}
Sep 17 12:26:35 jammy-provider-cloud-0000007636 devstack@g-api.service[105018]: DEBUG glance.common.config [None req-213e19de-c3e2-411c-97c1-9dd1a2d2aea1 None None] barbican.barbican_endpoint     = None {{(pid=105018) log_opt_values /opt/stack/data/venv/lib/python3.10/site-packages/oslo_config/cfg.py:2826}}
Sep 17 12:26:35 jammy-provider-cloud-0000007636 devstack@g-api.service[105018]: DEBUG glance.common.config [None req-213e19de-c3e2-411c-97c1-9dd1a2d2aea1 None None] barbican.barbican_endpoint_type = public {{(pid=105018) log_opt_values /opt/stack/data/venv/lib/python3.10/site-packages/oslo_config/cfg.py:2826}}
Sep 17 12:26:35 jammy-provider-cloud-0000007636 devstack@g-api.service[105018]: DEBUG glance.common.config [None req-213e19de-c3e2-411c-97c1-9dd1a2d2aea1 None None] barbican.barbican_region_name  = None {{(pid=105018) log_opt_values /opt/stack/data/venv/lib/python3.10/site-packages/oslo_config/cfg.py:2826}}
Sep 17 12:26:35 jammy-provider-cloud-0000007636 devstack@g-api.service[105018]: DEBUG glance.common.config [None req-213e19de-c3e2-411c-97c1-9dd1a2d2aea1 None None] barbican.cafile                = None {{(pid=105018) log_opt_values /opt/stack/data/venv/lib/python3.10/site-packages/oslo_config/cfg.py:2826}}
Sep 17 12:26:35 jammy-provider-cloud-0000007636 devstack@g-api.service[105018]: DEBUG glance.common.config [None req-213e19de-c3e2-411c-97c1-9dd1a2d2aea1 None None] barbican.certfile              = None {{(pid=105018) log_opt_values /opt/stack/data/venv/lib/python3.10/site-packages/oslo_config/cfg.py:2826}}
Sep 17 12:26:35 jammy-provider-cloud-0000007636 devstack@g-api.service[105018]: DEBUG glance.common.config [None req-213e19de-c3e2-411c-97c1-9dd1a2d2aea1 None None] barbican.collect_timing        = False {{(pid=105018) log_opt_values /opt/stack/data/venv/lib/python3.10/site-packages/oslo_config/cfg.py:2826}}
Sep 17 12:26:35 jammy-provider-cloud-0000007636 devstack@g-api.service[105018]: DEBUG glance.common.config [None req-213e19de-c3e2-411c-97c1-9dd1a2d2aea1 None None] barbican.insecure              = False {{(pid=105018) log_opt_values /opt/stack/data/venv/lib/python3.10/site-packages/oslo_config/cfg.py:2826}}
Sep 17 12:26:35 jammy-provider-cloud-0000007636 devstack@g-api.service[105018]: DEBUG glance.common.config [None req-213e19de-c3e2-411c-97c1-9dd1a2d2aea1 None None] barbican.keyfile               = None {{(pid=105018) log_opt_values /opt/stack/data/venv/lib/python3.10/site-packages/oslo_config/cfg.py:2826}}
Sep 17 12:26:35 jammy-provider-cloud-0000007636 devstack@g-api.service[105018]: DEBUG glance.common.config [None req-213e19de-c3e2-411c-97c1-9dd1a2d2aea1 None None] barbican.number_of_retries     = 60 {{(pid=105018) log_opt_values /opt/stack/data/venv/lib/python3.10/site-packages/oslo_config/cfg.py:2826}}
Sep 17 12:26:35 jammy-provider-cloud-0000007636 devstack@g-api.service[105018]: DEBUG glance.common.config [None req-213e19de-c3e2-411c-97c1-9dd1a2d2aea1 None None] barbican.retry_delay           = 1 {{(pid=105018) log_opt_values /opt/stack/data/venv/lib/python3.10/site-packages/oslo_config/cfg.py:2826}}
Sep 17 12:26:35 jammy-provider-cloud-0000007636 devstack@g-api.service[105018]: DEBUG glance.common.config [None req-213e19de-c3e2-411c-97c1-9dd1a2d2aea1 None None] barbican.send_service_user_token = False {{(pid=105018) log_opt_values /opt/stack/data/venv/lib/python3.10/site-packages/oslo_config/cfg.py:2826}}
Sep 17 12:26:35 jammy-provider-cloud-0000007636 devstack@g-api.service[105018]: DEBUG glance.common.config [None req-213e19de-c3e2-411c-97c1-9dd1a2d2aea1 None None] barbican.split_loggers         = False {{(pid=105018) log_opt_values /opt/stack/data/venv/lib/python3.10/site-packages/oslo_config/cfg.py:2826}}
Sep 17 12:26:35 jammy-provider-cloud-0000007636 devstack@g-api.service[105018]: DEBUG glance.common.config [None req-213e19de-c3e2-411c-97c1-9dd1a2d2aea1 None None] barbican.timeout               = None {{(pid=105018) log_opt_values /opt/stack/data/venv/lib/python3.10/site-packages/oslo_config/cfg.py:2826}}
Sep 17 12:26:35 jammy-provider-cloud-0000007636 devstack@g-api.service[105018]: DEBUG glance.common.config [None req-213e19de-c3e2-411c-97c1-9dd1a2d2aea1 None None] barbican.verify_ssl            = True {{(pid=105018) log_opt_values /opt/stack/data/venv/lib/python3.10/site-packages/oslo_config/cfg.py:2826}}
Sep 17 12:26:35 jammy-provider-cloud-0000007636 devstack@g-api.service[105018]: DEBUG glance.common.config [None req-213e19de-c3e2-411c-97c1-9dd1a2d2aea1 None None] barbican.verify_ssl_path       = None {{(pid=105018) log_opt_values /opt/stack/data/venv/lib/python3.10/site-packages/oslo_config/cfg.py:2826}}
Sep 17 12:26:35 jammy-provider-cloud-0000007636 devstack@g-api.service[105018]: DEBUG glance.common.config [None req-213e19de-c3e2-411c-97c1-9dd1a2d2aea1 None None] barbican_service_user.auth_section = None {{(pid=105018) log_opt_values /opt/stack/data/venv/lib/python3.10/site-packages/oslo_config/cfg.py:2826}}
Sep 17 12:26:35 jammy-provider-cloud-0000007636 devstack@g-api.service[105018]: DEBUG glance.common.config [None req-213e19de-c3e2-411c-97c1-9dd1a2d2aea1 None None] barbican_service_user.auth_type = None {{(pid=105018) log_opt_values /opt/stack/data/venv/lib/python3.10/site-packages/oslo_config/cfg.py:2826}}
Sep 17 12:26:35 jammy-provider-cloud-0000007636 devstack@g-api.service[105018]: DEBUG glance.common.config [None req-213e19de-c3e2-411c-97c1-9dd1a2d2aea1 None None] barbican_service_user.cafile   = None {{(pid=105018) log_opt_values /opt/stack/data/venv/lib/python3.10/site-packages/oslo_config/cfg.py:2826}}
Sep 17 12:26:35 jammy-provider-cloud-0000007636 devstack@g-api.service[105018]: DEBUG glance.common.config [None req-213e19de-c3e2-411c-97c1-9dd1a2d2aea1 None None] barbican_service_user.certfile = None {{(pid=105018) log_opt_values /opt/stack/data/venv/lib/python3.10/site-packages/oslo_config/cfg.py:2826}}
Sep 17 12:26:35 jammy-provider-cloud-0000007636 devstack@g-api.service[105018]: DEBUG glance.common.config [None req-213e19de-c3e2-411c-97c1-9dd1a2d2aea1 None None] barbican_service_user.collect_timing = False {{(pid=105018) log_opt_values /opt/stack/data/venv/lib/python3.10/site-packages/oslo_config/cfg.py:2826}}
Sep 17 12:26:35 jammy-provider-cloud-0000007636 devstack@g-api.service[105018]: DEBUG glance.common.config [None req-213e19de-c3e2-411c-97c1-9dd1a2d2aea1 None None] barbican_service_user.insecure = False {{(pid=105018) log_opt_values /opt/stack/data/venv/lib/python3.10/site-packages/oslo_config/cfg.py:2826}}
Sep 17 12:26:35 jammy-provider-cloud-0000007636 devstack@g-api.service[105018]: DEBUG glance.common.config [None req-213e19de-c3e2-411c-97c1-9dd1a2d2aea1 None None] barbican_service_user.keyfile  = None {{(pid=105018) log_opt_values /opt/stack/data/venv/lib/python3.10/site-packages/oslo_config/cfg.py:2826}}
Sep 17 12:26:35 jammy-provider-cloud-0000007636 devstack@g-api.service[105018]: DEBUG glance.common.config [None req-213e19de-c3e2-411c-97c1-9dd1a2d2aea1 None None] barbican_service_user.split_loggers = False {{(pid=105018) log_opt_values /opt/stack/data/venv/lib/python3.10/site-packages/oslo_config/cfg.py:2826}}
Sep 17 12:26:35 jammy-provider-cloud-0000007636 devstack@g-api.service[105018]: DEBUG glance.common.config [None req-213e19de-c3e2-411c-97c1-9dd1a2d2aea1 None None] barbican_service_user.timeout  = None {{(pid=105018) log_opt_values /opt/stack/data/venv/lib/python3.10/site-packages/oslo_config/cfg.py:2826}}
Sep 17 12:26:35 jammy-provider-cloud-0000007636 devstack@g-api.service[105018]: DEBUG glance.common.config [None req-213e19de-c3e2-411c-97c1-9dd1a2d2aea1 None None] database.backend               = sqlalchemy {{(pid=105018) log_opt_values /opt/stack/data/venv/lib/python3.10/site-packages/oslo_config/cfg.py:2826}}
Sep 17 12:26:35 jammy-provider-cloud-0000007636 devstack@g-api.service[105018]: DEBUG glance.common.config [None req-213e19de-c3e2-411c-97c1-9dd1a2d2aea1 None None] database.connection            = **** {{(pid=105018) log_opt_values /opt/stack/data/venv/lib/python3.10/site-packages/oslo_config/cfg.py:2826}}
Sep 17 12:26:35 jammy-provider-cloud-0000007636 devstack@g-api.service[105018]: DEBUG glance.common.config [None req-213e19de-c3e2-411c-97c1-9dd1a2d2aea1 None None] database.connection_debug      = 0 {{(pid=105018) log_opt_values /opt/stack/data/venv/lib/python3.10/site-packages/oslo_config/cfg.py:2826}}
Sep 17 12:26:35 jammy-provider-cloud-0000007636 devstack@g-api.service[105018]: DEBUG glance.common.config [None req-213e19de-c3e2-411c-97c1-9dd1a2d2aea1 None None] database.connection_parameters =  {{(pid=105018) log_opt_values /opt/stack/data/venv/lib/python3.10/site-packages/oslo_config/cfg.py:2826}}
Sep 17 12:26:35 jammy-provider-cloud-0000007636 devstack@g-api.service[105018]: DEBUG glance.common.config [None req-213e19de-c3e2-411c-97c1-9dd1a2d2aea1 None None] database.connection_recycle_time = 3600 {{(pid=105018) log_opt_values /opt/stack/data/venv/lib/python3.10/site-packages/oslo_config/cfg.py:2826}}
Sep 17 12:26:35 jammy-provider-cloud-0000007636 devstack@g-api.service[105018]: DEBUG glance.common.config [None req-213e19de-c3e2-411c-97c1-9dd1a2d2aea1 None None] database.connection_trace      = False {{(pid=105018) log_opt_values /opt/stack/data/venv/lib/python3.10/site-packages/oslo_config/cfg.py:2826}}
Sep 17 12:26:35 jammy-provider-cloud-0000007636 devstack@g-api.service[105018]: DEBUG glance.common.config [None req-213e19de-c3e2-411c-97c1-9dd1a2d2aea1 None None] database.db_inc_retry_interval = True {{(pid=105018) log_opt_values /opt/stack/data/venv/lib/python3.10/site-packages/oslo_config/cfg.py:2826}}
Sep 17 12:26:35 jammy-provider-cloud-0000007636 devstack@g-api.service[105018]: DEBUG glance.common.config [None req-213e19de-c3e2-411c-97c1-9dd1a2d2aea1 None None] database.db_max_retries        = 20 {{(pid=105018) log_opt_values /opt/stack/data/venv/lib/python3.10/site-packages/oslo_config/cfg.py:2826}}
Sep 17 12:26:35 jammy-provider-cloud-0000007636 devstack@g-api.service[105018]: DEBUG glance.common.config [None req-213e19de-c3e2-411c-97c1-9dd1a2d2aea1 None None] database.db_max_retry_interval = 10 {{(pid=105018) log_opt_values /opt/stack/data/venv/lib/python3.10/site-packages/oslo_config/cfg.py:2826}}
Sep 17 12:26:35 jammy-provider-cloud-0000007636 devstack@g-api.service[105018]: DEBUG glance.common.config [None req-213e19de-c3e2-411c-97c1-9dd1a2d2aea1 None None] database.db_retry_interval     = 1 {{(pid=105018) log_opt_values /opt/stack/data/venv/lib/python3.10/site-packages/oslo_config/cfg.py:2826}}
Sep 17 12:26:35 jammy-provider-cloud-0000007636 devstack@g-api.service[105018]: DEBUG glance.common.config [None req-213e19de-c3e2-411c-97c1-9dd1a2d2aea1 None None] database.max_overflow          = 50 {{(pid=105018) log_opt_values /opt/stack/data/venv/lib/python3.10/site-packages/oslo_config/cfg.py:2826}}
Sep 17 12:26:35 jammy-provider-cloud-0000007636 devstack@g-api.service[105018]: DEBUG glance.common.config [None req-213e19de-c3e2-411c-97c1-9dd1a2d2aea1 None None] database.max_pool_size         = 5 {{(pid=105018) log_opt_values /opt/stack/data/venv/lib/python3.10/site-packages/oslo_config/cfg.py:2826}}
Sep 17 12:26:35 jammy-provider-cloud-0000007636 devstack@g-api.service[105018]: DEBUG glance.common.config [None req-213e19de-c3e2-411c-97c1-9dd1a2d2aea1 None None] database.max_retries           = 10 {{(pid=105018) log_opt_values /opt/stack/data/venv/lib/python3.10/site-packages/oslo_config/cfg.py:2826}}
Sep 17 12:26:35 jammy-provider-cloud-0000007636 devstack@g-api.service[105018]: DEBUG glance.common.config [None req-213e19de-c3e2-411c-97c1-9dd1a2d2aea1 None None] database.mysql_sql_mode        = TRADITIONAL {{(pid=105018) log_opt_values /opt/stack/data/venv/lib/python3.10/site-packages/oslo_config/cfg.py:2826}}
Sep 17 12:26:35 jammy-provider-cloud-0000007636 devstack@g-api.service[105018]: DEBUG glance.common.config [None req-213e19de-c3e2-411c-97c1-9dd1a2d2aea1 None None] database.mysql_wsrep_sync_wait = None {{(pid=105018) log_opt_values /opt/stack/data/venv/lib/python3.10/site-packages/oslo_config/cfg.py:2826}}
Sep 17 12:26:35 jammy-provider-cloud-0000007636 devstack@g-api.service[105018]: DEBUG glance.common.config [None req-213e19de-c3e2-411c-97c1-9dd1a2d2aea1 None None] database.pool_timeout          = None {{(pid=105018) log_opt_values /opt/stack/data/venv/lib/python3.10/site-packages/oslo_config/cfg.py:2826}}
Sep 17 12:26:35 jammy-provider-cloud-0000007636 devstack@g-api.service[105018]: DEBUG glance.common.config [None req-213e19de-c3e2-411c-97c1-9dd1a2d2aea1 None None] database.retry_interval        = 10 {{(pid=105018) log_opt_values /opt/stack/data/venv/lib/python3.10/site-packages/oslo_config/cfg.py:2826}}
Sep 17 12:26:35 jammy-provider-cloud-0000007636 devstack@g-api.service[105018]: DEBUG glance.common.config [None req-213e19de-c3e2-411c-97c1-9dd1a2d2aea1 None None] database.slave_connection      = **** {{(pid=105018) log_opt_values /opt/stack/data/venv/lib/python3.10/site-packages/oslo_config/cfg.py:2826}}
Sep 17 12:26:35 jammy-provider-cloud-0000007636 devstack@g-api.service[105018]: DEBUG glance.common.config [None req-213e19de-c3e2-411c-97c1-9dd1a2d2aea1 None None] database.sqlite_synchronous    = True {{(pid=105018) log_opt_values /opt/stack/data/venv/lib/python3.10/site-packages/oslo_config/cfg.py:2826}}
Sep 17 12:26:35 jammy-provider-cloud-0000007636 devstack@g-api.service[105018]: DEBUG glance.common.config [None req-213e19de-c3e2-411c-97c1-9dd1a2d2aea1 None None] database.use_db_reconnect      = False {{(pid=105018) log_opt_values /opt/stack/data/venv/lib/python3.10/site-packages/oslo_config/cfg.py:2826}}
Sep 17 12:26:35 jammy-provider-cloud-0000007636 devstack@g-api.service[105018]: DEBUG glance.common.config [None req-213e19de-c3e2-411c-97c1-9dd1a2d2aea1 None None] healthcheck.allowed_source_ranges = [] {{(pid=105018) log_opt_values /opt/stack/data/venv/lib/python3.10/site-packages/oslo_config/cfg.py:2826}}
Sep 17 12:26:35 jammy-provider-cloud-0000007636 devstack@g-api.service[105018]: DEBUG glance.common.config [None req-213e19de-c3e2-411c-97c1-9dd1a2d2aea1 None None] healthcheck.backends           = ['disable_by_file'] {{(pid=105018) log_opt_values /opt/stack/data/venv/lib/python3.10/site-packages/oslo_config/cfg.py:2826}}
Sep 17 12:26:35 jammy-provider-cloud-0000007636 devstack@g-api.service[105018]: DEBUG glance.common.config [None req-213e19de-c3e2-411c-97c1-9dd1a2d2aea1 None None] healthcheck.detailed           = False {{(pid=105018) log_opt_values /opt/stack/data/venv/lib/python3.10/site-packages/oslo_config/cfg.py:2826}}
Sep 17 12:26:35 jammy-provider-cloud-0000007636 devstack@g-api.service[105018]: DEBUG glance.common.config [None req-213e19de-c3e2-411c-97c1-9dd1a2d2aea1 None None] healthcheck.disable_by_file_path = None {{(pid=105018) log_opt_values /opt/stack/data/venv/lib/python3.10/site-packages/oslo_config/cfg.py:2826}}
Sep 17 12:26:35 jammy-provider-cloud-0000007636 devstack@g-api.service[105018]: DEBUG glance.common.config [None req-213e19de-c3e2-411c-97c1-9dd1a2d2aea1 None None] healthcheck.ignore_proxied_requests = False {{(pid=105018) log_opt_values /opt/stack/data/venv/lib/python3.10/site-packages/oslo_config/cfg.py:2826}}
Sep 17 12:26:35 jammy-provider-cloud-0000007636 devstack@g-api.service[105018]: DEBUG glance.common.config [None req-213e19de-c3e2-411c-97c1-9dd1a2d2aea1 None None] healthcheck.path               = /healthcheck {{(pid=105018) log_opt_values /opt/stack/data/venv/lib/python3.10/site-packages/oslo_config/cfg.py:2826}}
Sep 17 12:26:35 jammy-provider-cloud-0000007636 devstack@g-api.service[105018]: DEBUG glance.common.config [None req-213e19de-c3e2-411c-97c1-9dd1a2d2aea1 None None] ******************************************************************************** {{(pid=105018) log_opt_values /opt/stack/data/venv/lib/python3.10/site-packages/oslo_config/cfg.py:2830}}
Sep 17 12:26:35 jammy-provider-cloud-0000007636 devstack@g-api.service[105018]: WSGI app 0 (mountpoint='') ready in 2 seconds on interpreter 0x55f8f7344e00 pid: 105018 (default app)
Sep 17 12:26:40 jammy-provider-cloud-0000007636 devstack@g-api.service[105017]: DEBUG glance.api.middleware.version_negotiation [None req-082073ea-097e-4e64-b126-28c04b9ee7b3 None None] Determining version of request: GET / Accept: application/json {{(pid=105017) process_request /opt/stack/glance/glance/api/middleware/version_negotiation.py:44}}
Sep 17 12:26:40 jammy-provider-cloud-0000007636 devstack@g-api.service[105017]: DEBUG glance.api.middleware.version_negotiation [None req-082073ea-097e-4e64-b126-28c04b9ee7b3 None None] Using url versioning {{(pid=105017) process_request /opt/stack/glance/glance/api/middleware/version_negotiation.py:57}}
Sep 17 12:26:40 jammy-provider-cloud-0000007636 devstack@g-api.service[105017]: DEBUG glance.api.middleware.version_negotiation [None req-082073ea-097e-4e64-b126-28c04b9ee7b3 None None] Unknown version. Returning version choices. {{(pid=105017) process_request /opt/stack/glance/glance/api/middleware/version_negotiation.py:64}}
Sep 17 12:26:40 jammy-provider-cloud-0000007636 devstack@g-api.service[105017]: [pid: 105017|app: 0|req: 2/2] 127.0.0.1 () {34 vars in 527 bytes} [Tue Sep 17 12:26:40 2024] GET / => generated 1407 bytes in 1 msecs (HTTP/1.1 300) 3 headers in 106 bytes (1 switches on core 0)
Sep 17 12:26:40 jammy-provider-cloud-0000007636 devstack@g-api.service[105018]: DEBUG glance.api.middleware.version_negotiation [None req-213e19de-c3e2-411c-97c1-9dd1a2d2aea1 None None] Determining version of request: POST /v2/images Accept: */* {{(pid=105018) process_request /opt/stack/glance/glance/api/middleware/version_negotiation.py:44}}
Sep 17 12:26:40 jammy-provider-cloud-0000007636 devstack@g-api.service[105018]: DEBUG glance.api.middleware.version_negotiation [None req-213e19de-c3e2-411c-97c1-9dd1a2d2aea1 None None] Using url versioning {{(pid=105018) process_request /opt/stack/glance/glance/api/middleware/version_negotiation.py:57}}
Sep 17 12:26:40 jammy-provider-cloud-0000007636 devstack@g-api.service[105018]: DEBUG glance.api.middleware.version_negotiation [None req-213e19de-c3e2-411c-97c1-9dd1a2d2aea1 None None] Matched version: v2 {{(pid=105018) process_request /opt/stack/glance/glance/api/middleware/version_negotiation.py:69}}
Sep 17 12:26:40 jammy-provider-cloud-0000007636 devstack@g-api.service[105018]: DEBUG glance.api.middleware.version_negotiation [None req-213e19de-c3e2-411c-97c1-9dd1a2d2aea1 None None] new path /v2/images {{(pid=105018) process_request /opt/stack/glance/glance/api/middleware/version_negotiation.py:70}}
Sep 17 12:26:40 jammy-provider-cloud-0000007636 devstack@g-api.service[105017]: DEBUG glance.api.middleware.version_negotiation [None req-082073ea-097e-4e64-b126-28c04b9ee7b3 None None] Determining version of request: PUT /v2/images/1f2c7f97-3dd0-443b-a974-9313e0899c73/file Accept:  {{(pid=105017) process_request /opt/stack/glance/glance/api/middleware/version_negotiation.py:44}}
Sep 17 12:26:40 jammy-provider-cloud-0000007636 devstack@g-api.service[105017]: DEBUG glance.api.middleware.version_negotiation [None req-082073ea-097e-4e64-b126-28c04b9ee7b3 None None] Using url versioning {{(pid=105017) process_request /opt/stack/glance/glance/api/middleware/version_negotiation.py:57}}
Sep 17 12:26:40 jammy-provider-cloud-0000007636 devstack@g-api.service[105017]: DEBUG glance.api.middleware.version_negotiation [None req-082073ea-097e-4e64-b126-28c04b9ee7b3 None None] Matched version: v2 {{(pid=105017) process_request /opt/stack/glance/glance/api/middleware/version_negotiation.py:69}}
Sep 17 12:26:40 jammy-provider-cloud-0000007636 devstack@g-api.service[105018]: [pid: 105018|app: 0|req: 1/3] 127.0.0.1 () {40 vars in 790 bytes} [Tue Sep 17 12:26:40 2024] POST /v2/images => generated 807 bytes in 692 msecs (HTTP/1.1 201) 6 headers in 314 bytes (1 switches on core 0)
Sep 17 12:26:40 jammy-provider-cloud-0000007636 devstack@g-api.service[105017]: DEBUG glance.api.middleware.version_negotiation [None req-082073ea-097e-4e64-b126-28c04b9ee7b3 None None] new path /v2/images/1f2c7f97-3dd0-443b-a974-9313e0899c73/file {{(pid=105017) process_request /opt/stack/glance/glance/api/middleware/version_negotiation.py:70}}
Sep 17 12:26:41 jammy-provider-cloud-0000007636 devstack@g-api.service[105017]: INFO glance.api.v2.image_data [None req-ee6753eb-c61b-4b97-ae1c-d6041823904b admin admin] Unable to create trust: no such option collect_timing in group [keystone_authtoken] Use the existing user token.
Sep 17 12:26:41 jammy-provider-cloud-0000007636 devstack@g-api.service[105017]: DEBUG glance.location [None req-ee6753eb-c61b-4b97-ae1c-d6041823904b admin admin] Enabling in-flight format inspection for qcow2 {{(pid=105017) set_data /opt/stack/glance/glance/location.py:588}}
Sep 17 12:26:41 jammy-provider-cloud-0000007636 devstack@g-api.service[105017]: DEBUG oslo_utils.imageutils.format_inspector [None req-ee6753eb-c61b-4b97-ae1c-d6041823904b admin admin] Format inspector failed, aborting: Signature KDMV not found: b'QFI\xfb' {{(pid=105017) _process_chunk /opt/stack/data/venv/lib/python3.10/site-packages/oslo_utils/imageutils/format_inspector.py:1302}}
Sep 17 12:26:41 jammy-provider-cloud-0000007636 devstack@g-api.service[105017]: DEBUG oslo_utils.imageutils.format_inspector [None req-ee6753eb-c61b-4b97-ae1c-d6041823904b admin admin] Format inspector failed, aborting: Region signature not found at 30000 {{(pid=105017) _process_chunk /opt/stack/data/venv/lib/python3.10/site-packages/oslo_utils/imageutils/format_inspector.py:1302}}
Sep 17 12:26:41 jammy-provider-cloud-0000007636 devstack@g-api.service[105017]: DEBUG glance_store._drivers.filesystem [None req-ee6753eb-c61b-4b97-ae1c-d6041823904b admin admin] Wrote 16338944 bytes to /opt/stack/data/glance/images/1f2c7f97-3dd0-443b-a974-9313e0899c73 with checksum 1d3062cd89af34e419f7100277f38b2b and multihash 553d220ed58cfee7dafe003c446a9f197ab5edf8ffc09396c74187cf83873c877e7ae041cb80f3b91489acf687183adcd689b53b38e3ddd22e627e7f98a09c46 {{(pid=105017) add /opt/stack/data/venv/lib/python3.10/site-packages/glance_store/_drivers/filesystem.py:773}}
Sep 17 12:26:41 jammy-provider-cloud-0000007636 devstack@g-api.service[105017]: INFO glance.location [None req-ee6753eb-c61b-4b97-ae1c-d6041823904b admin admin] Image format matched and virtual size computed: 117440512
Sep 17 12:26:41 jammy-provider-cloud-0000007636 devstack@g-api.service[105017]: DEBUG glance_store.backend [None req-ee6753eb-c61b-4b97-ae1c-d6041823904b admin admin] Skipping store.set_acls... not implemented. {{(pid=105017) set_acls /opt/stack/data/venv/lib/python3.10/site-packages/glance_store/backend.py:508}}
Sep 17 12:26:41 jammy-provider-cloud-0000007636 devstack@g-api.service[105017]: [pid: 105017|app: 0|req: 3/4] 127.0.0.1 () {40 vars in 883 bytes} [Tue Sep 17 12:26:40 2024] PUT /v2/images/1f2c7f97-3dd0-443b-a974-9313e0899c73/file => generated 0 bytes in 829 msecs (HTTP/1.1 204) 4 headers in 171 bytes (1 switches on core 0)
Sep 17 12:26:50 jammy-provider-cloud-0000007636 devstack@g-api.service[105018]: DEBUG dbcounter [-] [105018] Writing DB stats glance:INSERT=9,glance:SELECT=5 {{(pid=105018) stat_writer /opt/stack/data/venv/lib/python3.10/site-packages/dbcounter.py:115}}
Sep 17 12:26:51 jammy-provider-cloud-0000007636 devstack@g-api.service[105017]: DEBUG dbcounter [-] [105017] Writing DB stats glance:INSERT=5,glance:SELECT=18,glance:UPDATE=2 {{(pid=105017) stat_writer /opt/stack/data/venv/lib/python3.10/site-packages/dbcounter.py:115}}
Sep 17 12:27:02 jammy-provider-cloud-0000007636 devstack@g-api.service[105018]: DEBUG glance.api.middleware.version_negotiation [None req-7a33b649-a529-4c15-8aae-4984477252ef admin admin] Determining version of request: GET / Accept: application/json {{(pid=105018) process_request /opt/stack/glance/glance/api/middleware/version_negotiation.py:44}}
Sep 17 12:27:02 jammy-provider-cloud-0000007636 devstack@g-api.service[105018]: DEBUG glance.api.middleware.version_negotiation [None req-7a33b649-a529-4c15-8aae-4984477252ef admin admin] Using url versioning {{(pid=105018) process_request /opt/stack/glance/glance/api/middleware/version_negotiation.py:57}}
Sep 17 12:27:02 jammy-provider-cloud-0000007636 devstack@g-api.service[105018]: DEBUG glance.api.middleware.version_negotiation [None req-7a33b649-a529-4c15-8aae-4984477252ef admin admin] Unknown version. Returning version choices. {{(pid=105018) process_request /opt/stack/glance/glance/api/middleware/version_negotiation.py:64}}
Sep 17 12:27:02 jammy-provider-cloud-0000007636 devstack@g-api.service[105018]: [pid: 105018|app: 0|req: 2/5] 127.0.0.1 () {34 vars in 527 bytes} [Tue Sep 17 12:27:02 2024] GET / => generated 1407 bytes in 4 msecs (HTTP/1.1 300) 3 headers in 106 bytes (1 switches on core 0)
Sep 17 12:27:02 jammy-provider-cloud-0000007636 devstack@g-api.service[105017]: DEBUG glance.api.middleware.version_negotiation [None req-ee6753eb-c61b-4b97-ae1c-d6041823904b admin admin] Determining version of request: GET /v2/images Accept: application/json {{(pid=105017) process_request /opt/stack/glance/glance/api/middleware/version_negotiation.py:44}}
Sep 17 12:27:02 jammy-provider-cloud-0000007636 devstack@g-api.service[105017]: DEBUG glance.api.middleware.version_negotiation [None req-ee6753eb-c61b-4b97-ae1c-d6041823904b admin admin] Using url versioning {{(pid=105017) process_request /opt/stack/glance/glance/api/middleware/version_negotiation.py:57}}
Sep 17 12:27:02 jammy-provider-cloud-0000007636 devstack@g-api.service[105017]: DEBUG glance.api.middleware.version_negotiation [None req-ee6753eb-c61b-4b97-ae1c-d6041823904b admin admin] Matched version: v2 {{(pid=105017) process_request /opt/stack/glance/glance/api/middleware/version_negotiation.py:69}}
Sep 17 12:27:02 jammy-provider-cloud-0000007636 devstack@g-api.service[105017]: DEBUG glance.api.middleware.version_negotiation [None req-ee6753eb-c61b-4b97-ae1c-d6041823904b admin admin] new path /v2/images {{(pid=105017) process_request /opt/stack/glance/glance/api/middleware/version_negotiation.py:70}}
Sep 17 12:27:02 jammy-provider-cloud-0000007636 devstack@g-api.service[105017]: [pid: 105017|app: 0|req: 4/6] 127.0.0.1 () {36 vars in 749 bytes} [Tue Sep 17 12:27:02 2024] GET /v2/images => generated 1045 bytes in 89 msecs (HTTP/1.1 200) 4 headers in 158 bytes (1 switches on core 0)
Sep 17 12:27:06 jammy-provider-cloud-0000007636 devstack@g-api.service[105018]: DEBUG glance.api.middleware.version_negotiation [None req-7a33b649-a529-4c15-8aae-4984477252ef admin admin] Determining version of request: GET / Accept: application/json {{(pid=105018) process_request /opt/stack/glance/glance/api/middleware/version_negotiation.py:44}}
Sep 17 12:27:06 jammy-provider-cloud-0000007636 devstack@g-api.service[105018]: DEBUG glance.api.middleware.version_negotiation [None req-7a33b649-a529-4c15-8aae-4984477252ef admin admin] Using url versioning {{(pid=105018) process_request /opt/stack/glance/glance/api/middleware/version_negotiation.py:57}}
Sep 17 12:27:06 jammy-provider-cloud-0000007636 devstack@g-api.service[105018]: DEBUG glance.api.middleware.version_negotiation [None req-7a33b649-a529-4c15-8aae-4984477252ef admin admin] Unknown version. Returning version choices. {{(pid=105018) process_request /opt/stack/glance/glance/api/middleware/version_negotiation.py:64}}
Sep 17 12:27:06 jammy-provider-cloud-0000007636 devstack@g-api.service[105018]: [pid: 105018|app: 0|req: 3/7] 127.0.0.1 () {34 vars in 527 bytes} [Tue Sep 17 12:27:06 2024] GET / => generated 1407 bytes in 4 msecs (HTTP/1.1 300) 3 headers in 106 bytes (1 switches on core 0)
Sep 17 12:27:06 jammy-provider-cloud-0000007636 devstack@g-api.service[105017]: DEBUG glance.api.middleware.version_negotiation [None req-59325b4e-d5a4-455b-8761-1b8a96aabfb0 admin admin] Determining version of request: GET /v2/images/1f2c7f97-3dd0-443b-a974-9313e0899c73 Accept: */* {{(pid=105017) process_request /opt/stack/glance/glance/api/middleware/version_negotiation.py:44}}
Sep 17 12:27:06 jammy-provider-cloud-0000007636 devstack@g-api.service[105017]: DEBUG glance.api.middleware.version_negotiation [None req-59325b4e-d5a4-455b-8761-1b8a96aabfb0 admin admin] Using url versioning {{(pid=105017) process_request /opt/stack/glance/glance/api/middleware/version_negotiation.py:57}}
Sep 17 12:27:06 jammy-provider-cloud-0000007636 devstack@g-api.service[105017]: DEBUG glance.api.middleware.version_negotiation [None req-59325b4e-d5a4-455b-8761-1b8a96aabfb0 admin admin] Matched version: v2 {{(pid=105017) process_request /opt/stack/glance/glance/api/middleware/version_negotiation.py:69}}
Sep 17 12:27:06 jammy-provider-cloud-0000007636 devstack@g-api.service[105017]: DEBUG glance.api.middleware.version_negotiation [None req-59325b4e-d5a4-455b-8761-1b8a96aabfb0 admin admin] new path /v2/images/1f2c7f97-3dd0-443b-a974-9313e0899c73 {{(pid=105017) process_request /opt/stack/glance/glance/api/middleware/version_negotiation.py:70}}
Sep 17 12:27:06 jammy-provider-cloud-0000007636 devstack@g-api.service[105017]: [pid: 105017|app: 0|req: 5/8] 127.0.0.1 () {36 vars in 810 bytes} [Tue Sep 17 12:27:06 2024] GET /v2/images/1f2c7f97-3dd0-443b-a974-9313e0899c73 => generated 976 bytes in 28 msecs (HTTP/1.1 200) 4 headers in 157 bytes (1 switches on core 0)
Sep 17 12:27:09 jammy-provider-cloud-0000007636 devstack@g-api.service[105018]: DEBUG glance.api.middleware.version_negotiation [None req-7a33b649-a529-4c15-8aae-4984477252ef admin admin] Determining version of request: GET / Accept: application/json {{(pid=105018) process_request /opt/stack/glance/glance/api/middleware/version_negotiation.py:44}}
Sep 17 12:27:09 jammy-provider-cloud-0000007636 devstack@g-api.service[105018]: DEBUG glance.api.middleware.version_negotiation [None req-7a33b649-a529-4c15-8aae-4984477252ef admin admin] Using url versioning {{(pid=105018) process_request /opt/stack/glance/glance/api/middleware/version_negotiation.py:57}}
Sep 17 12:27:09 jammy-provider-cloud-0000007636 devstack@g-api.service[105018]: DEBUG glance.api.middleware.version_negotiation [None req-7a33b649-a529-4c15-8aae-4984477252ef admin admin] Unknown version. Returning version choices. {{(pid=105018) process_request /opt/stack/glance/glance/api/middleware/version_negotiation.py:64}}
Sep 17 12:27:09 jammy-provider-cloud-0000007636 devstack@g-api.service[105018]: [pid: 105018|app: 0|req: 4/9] 127.0.0.1 () {34 vars in 527 bytes} [Tue Sep 17 12:27:09 2024] GET / => generated 1407 bytes in 7 msecs (HTTP/1.1 300) 3 headers in 106 bytes (1 switches on core 0)
Sep 17 12:27:09 jammy-provider-cloud-0000007636 devstack@g-api.service[105017]: DEBUG glance.api.middleware.version_negotiation [None req-ace86009-fae4-41b4-8136-54c4944d6150 admin admin] Determining version of request: GET /v2/images/1f2c7f97-3dd0-443b-a974-9313e0899c73 Accept: */* {{(pid=105017) process_request /opt/stack/glance/glance/api/middleware/version_negotiation.py:44}}
Sep 17 12:27:09 jammy-provider-cloud-0000007636 devstack@g-api.service[105017]: DEBUG glance.api.middleware.version_negotiation [None req-ace86009-fae4-41b4-8136-54c4944d6150 admin admin] Using url versioning {{(pid=105017) process_request /opt/stack/glance/glance/api/middleware/version_negotiation.py:57}}
Sep 17 12:27:09 jammy-provider-cloud-0000007636 devstack@g-api.service[105017]: DEBUG glance.api.middleware.version_negotiation [None req-ace86009-fae4-41b4-8136-54c4944d6150 admin admin] Matched version: v2 {{(pid=105017) process_request /opt/stack/glance/glance/api/middleware/version_negotiation.py:69}}
Sep 17 12:27:09 jammy-provider-cloud-0000007636 devstack@g-api.service[105017]: DEBUG glance.api.middleware.version_negotiation [None req-ace86009-fae4-41b4-8136-54c4944d6150 admin admin] new path /v2/images/1f2c7f97-3dd0-443b-a974-9313e0899c73 {{(pid=105017) process_request /opt/stack/glance/glance/api/middleware/version_negotiation.py:70}}
Sep 17 12:27:09 jammy-provider-cloud-0000007636 devstack@g-api.service[105017]: [pid: 105017|app: 0|req: 6/10] 127.0.0.1 () {36 vars in 810 bytes} [Tue Sep 17 12:27:09 2024] GET /v2/images/1f2c7f97-3dd0-443b-a974-9313e0899c73 => generated 976 bytes in 50 msecs (HTTP/1.1 200) 4 headers in 157 bytes (1 switches on core 0)
Sep 17 12:27:19 jammy-provider-cloud-0000007636 devstack@g-api.service[105017]: DEBUG dbcounter [-] [105017] Writing DB stats glance:SELECT=5 {{(pid=105017) stat_writer /opt/stack/data/venv/lib/python3.10/site-packages/dbcounter.py:115}}
Sep 17 12:27:58 jammy-provider-cloud-0000007636 devstack@g-api.service[105018]: DEBUG glance.api.middleware.version_negotiation [None req-7a33b649-a529-4c15-8aae-4984477252ef admin admin] Determining version of request: GET / Accept: application/json {{(pid=105018) process_request /opt/stack/glance/glance/api/middleware/version_negotiation.py:44}}
Sep 17 12:27:58 jammy-provider-cloud-0000007636 devstack@g-api.service[105018]: DEBUG glance.api.middleware.version_negotiation [None req-7a33b649-a529-4c15-8aae-4984477252ef admin admin] Using url versioning {{(pid=105018) process_request /opt/stack/glance/glance/api/middleware/version_negotiation.py:57}}
Sep 17 12:27:58 jammy-provider-cloud-0000007636 devstack@g-api.service[105018]: DEBUG glance.api.middleware.version_negotiation [None req-7a33b649-a529-4c15-8aae-4984477252ef admin admin] Unknown version. Returning version choices. {{(pid=105018) process_request /opt/stack/glance/glance/api/middleware/version_negotiation.py:64}}
Sep 17 12:27:58 jammy-provider-cloud-0000007636 devstack@g-api.service[105018]: [pid: 105018|app: 0|req: 5/11] 127.0.0.1 () {36 vars in 499 bytes} [Tue Sep 17 12:27:58 2024] GET / => generated 1407 bytes in 3 msecs (HTTP/1.1 300) 3 headers in 106 bytes (1 switches on core 0)
Sep 17 12:31:44 jammy-provider-cloud-0000007636 devstack@g-api.service[105017]: DEBUG glance.api.middleware.version_negotiation [None req-15fea052-2a16-4d27-b1a1-9dc7baceb4da admin admin] Determining version of request: GET /versions Accept: */* {{(pid=105017) process_request /opt/stack/glance/glance/api/middleware/version_negotiation.py:44}}
Sep 17 12:31:44 jammy-provider-cloud-0000007636 devstack@g-api.service[105017]: [pid: 105017|app: 0|req: 7/12] 127.0.0.1 () {38 vars in 716 bytes} [Tue Sep 17 12:31:44 2024] GET /versions => generated 1407 bytes in 9 msecs (HTTP/1.1 200) 3 headers in 92 bytes (1 switches on core 0)
Sep 17 12:31:44 jammy-provider-cloud-0000007636 devstack@g-api.service[105018]: DEBUG glance.api.middleware.version_negotiation [None req-7a33b649-a529-4c15-8aae-4984477252ef admin admin] Determining version of request: GET /v2/schemas/image Accept: */* {{(pid=105018) process_request /opt/stack/glance/glance/api/middleware/version_negotiation.py:44}}
Sep 17 12:31:44 jammy-provider-cloud-0000007636 devstack@g-api.service[105018]: DEBUG glance.api.middleware.version_negotiation [None req-7a33b649-a529-4c15-8aae-4984477252ef admin admin] Using url versioning {{(pid=105018) process_request /opt/stack/glance/glance/api/middleware/version_negotiation.py:57}}
Sep 17 12:31:44 jammy-provider-cloud-0000007636 devstack@g-api.service[105018]: DEBUG glance.api.middleware.version_negotiation [None req-7a33b649-a529-4c15-8aae-4984477252ef admin admin] Matched version: v2 {{(pid=105018) process_request /opt/stack/glance/glance/api/middleware/version_negotiation.py:69}}
Sep 17 12:31:44 jammy-provider-cloud-0000007636 devstack@g-api.service[105018]: DEBUG glance.api.middleware.version_negotiation [None req-7a33b649-a529-4c15-8aae-4984477252ef admin admin] new path /v2/schemas/image {{(pid=105018) process_request /opt/stack/glance/glance/api/middleware/version_negotiation.py:70}}
Sep 17 12:31:44 jammy-provider-cloud-0000007636 devstack@g-api.service[105018]: [pid: 105018|app: 0|req: 6/13] 127.0.0.1 () {38 vars in 732 bytes} [Tue Sep 17 12:31:44 2024] GET /v2/schemas/image => generated 6083 bytes in 82 msecs (HTTP/1.1 200) 4 headers in 158 bytes (1 switches on core 0)
Sep 17 12:31:44 jammy-provider-cloud-0000007636 devstack@g-api.service[105017]: DEBUG glance.api.middleware.version_negotiation [None req-15fea052-2a16-4d27-b1a1-9dc7baceb4da admin admin] Determining version of request: GET /v2/schemas/metadefs/namespace Accept: */* {{(pid=105017) process_request /opt/stack/glance/glance/api/middleware/version_negotiation.py:44}}
Sep 17 12:31:44 jammy-provider-cloud-0000007636 devstack@g-api.service[105017]: DEBUG glance.api.middleware.version_negotiation [None req-15fea052-2a16-4d27-b1a1-9dc7baceb4da admin admin] Using url versioning {{(pid=105017) process_request /opt/stack/glance/glance/api/middleware/version_negotiation.py:57}}
Sep 17 12:31:44 jammy-provider-cloud-0000007636 devstack@g-api.service[105017]: DEBUG glance.api.middleware.version_negotiation [None req-15fea052-2a16-4d27-b1a1-9dc7baceb4da admin admin] Matched version: v2 {{(pid=105017) process_request /opt/stack/glance/glance/api/middleware/version_negotiation.py:69}}
Sep 17 12:31:44 jammy-provider-cloud-0000007636 devstack@g-api.service[105017]: DEBUG glance.api.middleware.version_negotiation [None req-15fea052-2a16-4d27-b1a1-9dc7baceb4da admin admin] new path /v2/schemas/metadefs/namespace {{(pid=105017) process_request /opt/stack/glance/glance/api/middleware/version_negotiation.py:70}}
Sep 17 12:31:44 jammy-provider-cloud-0000007636 devstack@g-api.service[105017]: [pid: 105017|app: 0|req: 8/14] 127.0.0.1 () {38 vars in 758 bytes} [Tue Sep 17 12:31:44 2024] GET /v2/schemas/metadefs/namespace => generated 3100 bytes in 7 msecs (HTTP/1.1 200) 4 headers in 158 bytes (1 switches on core 0)
Sep 17 12:31:44 jammy-provider-cloud-0000007636 devstack@g-api.service[105018]: DEBUG glance.api.middleware.version_negotiation [None req-c31aed80-a084-4a56-bb63-9fc4cd9b5c75 admin admin] Determining version of request: GET /v2/schemas/metadefs/resource_type Accept: */* {{(pid=105018) process_request /opt/stack/glance/glance/api/middleware/version_negotiation.py:44}}
Sep 17 12:31:44 jammy-provider-cloud-0000007636 devstack@g-api.service[105018]: DEBUG glance.api.middleware.version_negotiation [None req-c31aed80-a084-4a56-bb63-9fc4cd9b5c75 admin admin] Using url versioning {{(pid=105018) process_request /opt/stack/glance/glance/api/middleware/version_negotiation.py:57}}
Sep 17 12:31:44 jammy-provider-cloud-0000007636 devstack@g-api.service[105018]: DEBUG glance.api.middleware.version_negotiation [None req-c31aed80-a084-4a56-bb63-9fc4cd9b5c75 admin admin] Matched version: v2 {{(pid=105018) process_request /opt/stack/glance/glance/api/middleware/version_negotiation.py:69}}
Sep 17 12:31:44 jammy-provider-cloud-0000007636 devstack@g-api.service[105018]: DEBUG glance.api.middleware.version_negotiation [None req-c31aed80-a084-4a56-bb63-9fc4cd9b5c75 admin admin] new path /v2/schemas/metadefs/resource_type {{(pid=105018) process_request /opt/stack/glance/glance/api/middleware/version_negotiation.py:70}}
Sep 17 12:31:44 jammy-provider-cloud-0000007636 devstack@g-api.service[105018]: [pid: 105018|app: 0|req: 7/15] 127.0.0.1 () {38 vars in 766 bytes} [Tue Sep 17 12:31:44 2024] GET /v2/schemas/metadefs/resource_type => generated 1260 bytes in 3 msecs (HTTP/1.1 200) 4 headers in 158 bytes (1 switches on core 0)
Sep 17 12:31:44 jammy-provider-cloud-0000007636 devstack@g-api.service[105017]: DEBUG glance.api.middleware.version_negotiation [None req-4c2503b4-334e-44df-bde0-d5cbd5d146aa admin admin] Determining version of request: GET /v2/images Accept: */* {{(pid=105017) process_request /opt/stack/glance/glance/api/middleware/version_negotiation.py:44}}
