Aug 01 06:29:46 jammy-provider-cloud-0000007441 systemd[1]: Starting Devstack devstack@g-api.service...
Aug 01 06:29:46 jammy-provider-cloud-0000007441 devstack@g-api.service[103701]: [uWSGI] getting INI configuration from /etc/glance/glance-uwsgi.ini
Aug 01 06:29:46 jammy-provider-cloud-0000007441 devstack@g-api.service[103701]: *** Starting uWSGI 2.0.20-debian (64bit) on [Thu Aug  1 06:29:46 2024] ***
Aug 01 06:29:46 jammy-provider-cloud-0000007441 devstack@g-api.service[103701]: compiled with version: 11.2.0 on 21 March 2022 11:00:44
Aug 01 06:29:46 jammy-provider-cloud-0000007441 devstack@g-api.service[103701]: os: Linux-5.15.0-107-generic #117-Ubuntu SMP Fri Apr 26 12:26:49 UTC 2024
Aug 01 06:29:46 jammy-provider-cloud-0000007441 devstack@g-api.service[103701]: nodename: jammy-provider-cloud-0000007441
Aug 01 06:29:46 jammy-provider-cloud-0000007441 devstack@g-api.service[103701]: machine: x86_64
Aug 01 06:29:46 jammy-provider-cloud-0000007441 devstack@g-api.service[103701]: clock source: unix
Aug 01 06:29:46 jammy-provider-cloud-0000007441 devstack@g-api.service[103701]: pcre jit disabled
Aug 01 06:29:46 jammy-provider-cloud-0000007441 devstack@g-api.service[103701]: detected number of CPU cores: 4
Aug 01 06:29:46 jammy-provider-cloud-0000007441 devstack@g-api.service[103701]: current working directory: /
Aug 01 06:29:46 jammy-provider-cloud-0000007441 devstack@g-api.service[103701]: detected binary path: /usr/bin/uwsgi-core
Aug 01 06:29:46 jammy-provider-cloud-0000007441 devstack@g-api.service[103701]: your processes number limit is 31298
Aug 01 06:29:46 jammy-provider-cloud-0000007441 devstack@g-api.service[103701]: your memory page size is 4096 bytes
Aug 01 06:29:46 jammy-provider-cloud-0000007441 devstack@g-api.service[103701]: detected max file descriptor number: 2048
Aug 01 06:29:46 jammy-provider-cloud-0000007441 devstack@g-api.service[103701]: lock engine: pthread robust mutexes
Aug 01 06:29:46 jammy-provider-cloud-0000007441 devstack@g-api.service[103701]: thunder lock: enabled
Aug 01 06:29:46 jammy-provider-cloud-0000007441 devstack@g-api.service[103701]: uwsgi socket 0 bound to TCP address 127.0.0.1:60999 fd 4
Aug 01 06:29:46 jammy-provider-cloud-0000007441 devstack@g-api.service[103701]: Python version: 3.10.12 (main, Jul 29 2024, 16:56:48) [GCC 11.4.0]
Aug 01 06:29:46 jammy-provider-cloud-0000007441 devstack@g-api.service[103701]: PEP 405 virtualenv detected: /opt/stack/data/venv
Aug 01 06:29:46 jammy-provider-cloud-0000007441 devstack@g-api.service[103701]: Set PythonHome to /opt/stack/data/venv
Aug 01 06:29:46 jammy-provider-cloud-0000007441 devstack@g-api.service[103701]: Python main interpreter initialized at 0x55feb644ae00
Aug 01 06:29:46 jammy-provider-cloud-0000007441 devstack@g-api.service[103701]: python threads support enabled
Aug 01 06:29:46 jammy-provider-cloud-0000007441 devstack@g-api.service[103701]: your server socket listen backlog is limited to 100 connections
Aug 01 06:29:46 jammy-provider-cloud-0000007441 devstack@g-api.service[103701]: your mercy for graceful operations on workers is 80 seconds
Aug 01 06:29:46 jammy-provider-cloud-0000007441 devstack@g-api.service[103701]: mapped 403077 bytes (393 KB) for 2 cores
Aug 01 06:29:46 jammy-provider-cloud-0000007441 devstack@g-api.service[103701]: *** Operational MODE: preforking ***
Aug 01 06:29:46 jammy-provider-cloud-0000007441 devstack@g-api.service[103701]: *** uWSGI is running in multiple interpreter mode ***
Aug 01 06:29:46 jammy-provider-cloud-0000007441 devstack@g-api.service[103701]: spawned uWSGI master process (pid: 103701)
Aug 01 06:29:46 jammy-provider-cloud-0000007441 devstack@g-api.service[103701]: spawned uWSGI worker 1 (pid: 103702, cores: 1)
Aug 01 06:29:46 jammy-provider-cloud-0000007441 devstack@g-api.service[103701]: spawned uWSGI worker 2 (pid: 103703, cores: 1)
Aug 01 06:29:46 jammy-provider-cloud-0000007441 devstack@g-api.service[103701]: running "unix_signal:15 gracefully_kill_them_all" (master-start)...
Aug 01 06:29:46 jammy-provider-cloud-0000007441 systemd[1]: Started Devstack devstack@g-api.service.
Aug 01 06:29:47 jammy-provider-cloud-0000007441 devstack@g-api.service[103703]: INFO glance.async_ [-] Threadpool model set to 'NativeThreadPoolModel'
Aug 01 06:29:47 jammy-provider-cloud-0000007441 devstack@g-api.service[103702]: INFO glance.async_ [-] Threadpool model set to 'NativeThreadPoolModel'
Aug 01 06:29:47 jammy-provider-cloud-0000007441 devstack@g-api.service[103703]: DEBUG oslo_concurrency.processutils [-] Running cmd (subprocess): grep -F node.session.scan /sbin/iscsiadm {{(pid=103703) execute /opt/stack/data/venv/lib/python3.10/site-packages/oslo_concurrency/processutils.py:390}}
Aug 01 06:29:47 jammy-provider-cloud-0000007441 devstack@g-api.service[103703]: DEBUG oslo_concurrency.processutils [-] CMD "grep -F node.session.scan /sbin/iscsiadm" returned: 0 in 0.008s {{(pid=103703) execute /opt/stack/data/venv/lib/python3.10/site-packages/oslo_concurrency/processutils.py:428}}
Aug 01 06:29:47 jammy-provider-cloud-0000007441 devstack@g-api.service[103702]: DEBUG oslo_concurrency.processutils [-] Running cmd (subprocess): grep -F node.session.scan /sbin/iscsiadm {{(pid=103702) execute /opt/stack/data/venv/lib/python3.10/site-packages/oslo_concurrency/processutils.py:390}}
Aug 01 06:29:47 jammy-provider-cloud-0000007441 devstack@g-api.service[103702]: DEBUG oslo_concurrency.processutils [-] CMD "grep -F node.session.scan /sbin/iscsiadm" returned: 0 in 0.007s {{(pid=103702) execute /opt/stack/data/venv/lib/python3.10/site-packages/oslo_concurrency/processutils.py:428}}
Aug 01 06:29:47 jammy-provider-cloud-0000007441 devstack@g-api.service[103703]: DEBUG glance_store.common.attachment_state_manager [-] Initialising _AttachmentStateManager {{(pid=103703) __init__ /opt/stack/data/venv/lib/python3.10/site-packages/glance_store/common/attachment_state_manager.py:86}}
Aug 01 06:29:47 jammy-provider-cloud-0000007441 devstack@g-api.service[103702]: DEBUG glance_store.common.attachment_state_manager [-] Initialising _AttachmentStateManager {{(pid=103702) __init__ /opt/stack/data/venv/lib/python3.10/site-packages/glance_store/common/attachment_state_manager.py:86}}
Aug 01 06:29:47 jammy-provider-cloud-0000007441 devstack@g-api.service[103703]: DEBUG glance_store.backend [-] Attempting to import store cinder {{(pid=103703) _load_store /opt/stack/data/venv/lib/python3.10/site-packages/glance_store/backend.py:216}}
Aug 01 06:29:47 jammy-provider-cloud-0000007441 devstack@g-api.service[103703]: DEBUG glance_store.backend [-] Attempting to import store file {{(pid=103703) _load_store /opt/stack/data/venv/lib/python3.10/site-packages/glance_store/backend.py:216}}
Aug 01 06:29:47 jammy-provider-cloud-0000007441 devstack@g-api.service[103703]: DEBUG glance_store.backend [-] Attempting to import store glance.store.cinder.Store {{(pid=103703) _load_store /opt/stack/data/venv/lib/python3.10/site-packages/glance_store/backend.py:216}}
Aug 01 06:29:47 jammy-provider-cloud-0000007441 devstack@g-api.service[103703]: DEBUG glance_store.backend [-] Attempting to import store glance.store.filesystem.Store {{(pid=103703) _load_store /opt/stack/data/venv/lib/python3.10/site-packages/glance_store/backend.py:216}}
Aug 01 06:29:47 jammy-provider-cloud-0000007441 devstack@g-api.service[103703]: DEBUG glance_store.backend [-] Attempting to import store glance.store.http.Store {{(pid=103703) _load_store /opt/stack/data/venv/lib/python3.10/site-packages/glance_store/backend.py:216}}
Aug 01 06:29:47 jammy-provider-cloud-0000007441 devstack@g-api.service[103703]: DEBUG glance_store.backend [-] Attempting to import store glance.store.rbd.Store {{(pid=103703) _load_store /opt/stack/data/venv/lib/python3.10/site-packages/glance_store/backend.py:216}}
Aug 01 06:29:47 jammy-provider-cloud-0000007441 devstack@g-api.service[103703]: DEBUG glance_store.backend [-] Attempting to import store glance.store.s3.Store {{(pid=103703) _load_store /opt/stack/data/venv/lib/python3.10/site-packages/glance_store/backend.py:216}}
Aug 01 06:29:47 jammy-provider-cloud-0000007441 devstack@g-api.service[103703]: DEBUG glance_store.backend [-] Attempting to import store glance.store.swift.Store {{(pid=103703) _load_store /opt/stack/data/venv/lib/python3.10/site-packages/glance_store/backend.py:216}}
Aug 01 06:29:47 jammy-provider-cloud-0000007441 devstack@g-api.service[103703]: DEBUG glance_store.backend [-] Attempting to import store glance.store.vmware_datastore.Store {{(pid=103703) _load_store /opt/stack/data/venv/lib/python3.10/site-packages/glance_store/backend.py:216}}
Aug 01 06:29:47 jammy-provider-cloud-0000007441 devstack@g-api.service[103703]: DEBUG glance_store.backend [-] Attempting to import store http {{(pid=103703) _load_store /opt/stack/data/venv/lib/python3.10/site-packages/glance_store/backend.py:216}}
Aug 01 06:29:47 jammy-provider-cloud-0000007441 devstack@g-api.service[103703]: DEBUG glance_store.backend [-] Attempting to import store no_conf {{(pid=103703) _load_store /opt/stack/data/venv/lib/python3.10/site-packages/glance_store/backend.py:216}}
Aug 01 06:29:47 jammy-provider-cloud-0000007441 devstack@g-api.service[103703]: DEBUG glance_store.backend [-] Attempting to import store rbd {{(pid=103703) _load_store /opt/stack/data/venv/lib/python3.10/site-packages/glance_store/backend.py:216}}
Aug 01 06:29:47 jammy-provider-cloud-0000007441 devstack@g-api.service[103703]: DEBUG glance_store.backend [-] Attempting to import store s3 {{(pid=103703) _load_store /opt/stack/data/venv/lib/python3.10/site-packages/glance_store/backend.py:216}}
Aug 01 06:29:47 jammy-provider-cloud-0000007441 devstack@g-api.service[103703]: DEBUG glance_store.backend [-] Attempting to import store swift {{(pid=103703) _load_store /opt/stack/data/venv/lib/python3.10/site-packages/glance_store/backend.py:216}}
Aug 01 06:29:47 jammy-provider-cloud-0000007441 devstack@g-api.service[103703]: DEBUG glance_store.backend [-] Attempting to import store vmware {{(pid=103703) _load_store /opt/stack/data/venv/lib/python3.10/site-packages/glance_store/backend.py:216}}
Aug 01 06:29:47 jammy-provider-cloud-0000007441 devstack@g-api.service[103703]: DEBUG glance_store.backend [-] Registering options for group glance_store {{(pid=103703) register_opts /opt/stack/data/venv/lib/python3.10/site-packages/glance_store/backend.py:145}}
Aug 01 06:29:47 jammy-provider-cloud-0000007441 devstack@g-api.service[103703]: DEBUG glance_store.backend [-] Registering options for group glance_store {{(pid=103703) register_opts /opt/stack/data/venv/lib/python3.10/site-packages/glance_store/backend.py:145}}
Aug 01 06:29:47 jammy-provider-cloud-0000007441 devstack@g-api.service[103703]: DEBUG glance_store.backend [-] Attempting to import store http {{(pid=103703) _load_store /opt/stack/data/venv/lib/python3.10/site-packages/glance_store/backend.py:216}}
Aug 01 06:29:47 jammy-provider-cloud-0000007441 devstack@g-api.service[103703]: DEBUG glance_store.capabilities [-] Store glance_store._drivers.http.Store doesn't support updating dynamic storage capabilities. Please overwrite 'update_capabilities' method of the store to implement updating logics if needed. {{(pid=103703) update_capabilities /opt/stack/data/venv/lib/python3.10/site-packages/glance_store/capabilities.py:91}}
Aug 01 06:29:47 jammy-provider-cloud-0000007441 devstack@g-api.service[103703]: DEBUG glance_store.backend [-] Registering store http with schemes ('http', 'https') {{(pid=103703) create_stores /opt/stack/data/venv/lib/python3.10/site-packages/glance_store/backend.py:262}}
Aug 01 06:29:47 jammy-provider-cloud-0000007441 devstack@g-api.service[103703]: DEBUG glance_store.driver [-] Late loading location class glance_store._drivers.http.StoreLocation {{(pid=103703) get_store_location_class /opt/stack/data/venv/lib/python3.10/site-packages/glance_store/driver.py:133}}
Aug 01 06:29:47 jammy-provider-cloud-0000007441 devstack@g-api.service[103703]: DEBUG glance_store.location [-] Registering scheme http with {'store': <glance_store._drivers.http.Store object at 0x7f5a034ab970>, 'location_class': <class 'glance_store._drivers.http.StoreLocation'>, 'store_entry': 'http'} {{(pid=103703) register_scheme_map /opt/stack/data/venv/lib/python3.10/site-packages/glance_store/location.py:146}}
Aug 01 06:29:47 jammy-provider-cloud-0000007441 devstack@g-api.service[103703]: DEBUG glance_store.location [-] Registering scheme https with {'store': <glance_store._drivers.http.Store object at 0x7f5a034ab970>, 'location_class': <class 'glance_store._drivers.http.StoreLocation'>, 'store_entry': 'http'} {{(pid=103703) register_scheme_map /opt/stack/data/venv/lib/python3.10/site-packages/glance_store/location.py:146}}
Aug 01 06:29:47 jammy-provider-cloud-0000007441 devstack@g-api.service[103703]: DEBUG glance_store.backend [-] Attempting to import store file {{(pid=103703) _load_store /opt/stack/data/venv/lib/python3.10/site-packages/glance_store/backend.py:216}}
Aug 01 06:29:47 jammy-provider-cloud-0000007441 devstack@g-api.service[103703]: DEBUG glance_store.capabilities [-] Store glance_store._drivers.filesystem.Store doesn't support updating dynamic storage capabilities. Please overwrite 'update_capabilities' method of the store to implement updating logics if needed. {{(pid=103703) update_capabilities /opt/stack/data/venv/lib/python3.10/site-packages/glance_store/capabilities.py:91}}
Aug 01 06:29:47 jammy-provider-cloud-0000007441 devstack@g-api.service[103703]: DEBUG glance_store.backend [-] Registering store file with schemes ('file', 'filesystem') {{(pid=103703) create_stores /opt/stack/data/venv/lib/python3.10/site-packages/glance_store/backend.py:262}}
Aug 01 06:29:47 jammy-provider-cloud-0000007441 devstack@g-api.service[103703]: DEBUG glance_store.driver [-] Late loading location class glance_store._drivers.filesystem.StoreLocation {{(pid=103703) get_store_location_class /opt/stack/data/venv/lib/python3.10/site-packages/glance_store/driver.py:133}}
Aug 01 06:29:47 jammy-provider-cloud-0000007441 devstack@g-api.service[103703]: DEBUG glance_store.location [-] Registering scheme file with {'store': <glance_store._drivers.filesystem.Store object at 0x7f5a034abc70>, 'location_class': <class 'glance_store._drivers.filesystem.StoreLocation'>, 'store_entry': 'file'} {{(pid=103703) register_scheme_map /opt/stack/data/venv/lib/python3.10/site-packages/glance_store/location.py:146}}
Aug 01 06:29:47 jammy-provider-cloud-0000007441 devstack@g-api.service[103703]: DEBUG glance_store.location [-] Registering scheme filesystem with {'store': <glance_store._drivers.filesystem.Store object at 0x7f5a034abc70>, 'location_class': <class 'glance_store._drivers.filesystem.StoreLocation'>, 'store_entry': 'file'} {{(pid=103703) register_scheme_map /opt/stack/data/venv/lib/python3.10/site-packages/glance_store/location.py:146}}
Aug 01 06:29:47 jammy-provider-cloud-0000007441 devstack@g-api.service[103703]: DEBUG glance.sqlite_migration [-] SQLite caching database not located, skipping migration {{(pid=103703) get_db_path /opt/stack/glance/glance/sqlite_migration.py:68}}
Aug 01 06:29:47 jammy-provider-cloud-0000007441 devstack@g-api.service[103703]: WARNING glance.common.wsgi_app [-] Import methods are enabled but staging directory /tmp/staging/ does not exist; Imports will fail!
Aug 01 06:29:47 jammy-provider-cloud-0000007441 devstack@g-api.service[103702]: DEBUG glance_store.backend [-] Attempting to import store cinder {{(pid=103702) _load_store /opt/stack/data/venv/lib/python3.10/site-packages/glance_store/backend.py:216}}
Aug 01 06:29:47 jammy-provider-cloud-0000007441 devstack@g-api.service[103702]: DEBUG glance_store.backend [-] Attempting to import store file {{(pid=103702) _load_store /opt/stack/data/venv/lib/python3.10/site-packages/glance_store/backend.py:216}}
Aug 01 06:29:47 jammy-provider-cloud-0000007441 devstack@g-api.service[103702]: DEBUG glance_store.backend [-] Attempting to import store glance.store.cinder.Store {{(pid=103702) _load_store /opt/stack/data/venv/lib/python3.10/site-packages/glance_store/backend.py:216}}
Aug 01 06:29:47 jammy-provider-cloud-0000007441 devstack@g-api.service[103702]: DEBUG glance_store.backend [-] Attempting to import store glance.store.filesystem.Store {{(pid=103702) _load_store /opt/stack/data/venv/lib/python3.10/site-packages/glance_store/backend.py:216}}
Aug 01 06:29:47 jammy-provider-cloud-0000007441 devstack@g-api.service[103702]: DEBUG glance_store.backend [-] Attempting to import store glance.store.http.Store {{(pid=103702) _load_store /opt/stack/data/venv/lib/python3.10/site-packages/glance_store/backend.py:216}}
Aug 01 06:29:47 jammy-provider-cloud-0000007441 devstack@g-api.service[103702]: DEBUG glance_store.backend [-] Attempting to import store glance.store.rbd.Store {{(pid=103702) _load_store /opt/stack/data/venv/lib/python3.10/site-packages/glance_store/backend.py:216}}
Aug 01 06:29:47 jammy-provider-cloud-0000007441 devstack@g-api.service[103702]: DEBUG glance_store.backend [-] Attempting to import store glance.store.s3.Store {{(pid=103702) _load_store /opt/stack/data/venv/lib/python3.10/site-packages/glance_store/backend.py:216}}
Aug 01 06:29:47 jammy-provider-cloud-0000007441 devstack@g-api.service[103702]: DEBUG glance_store.backend [-] Attempting to import store glance.store.swift.Store {{(pid=103702) _load_store /opt/stack/data/venv/lib/python3.10/site-packages/glance_store/backend.py:216}}
Aug 01 06:29:47 jammy-provider-cloud-0000007441 devstack@g-api.service[103702]: DEBUG glance_store.backend [-] Attempting to import store glance.store.vmware_datastore.Store {{(pid=103702) _load_store /opt/stack/data/venv/lib/python3.10/site-packages/glance_store/backend.py:216}}
Aug 01 06:29:47 jammy-provider-cloud-0000007441 devstack@g-api.service[103702]: DEBUG glance_store.backend [-] Attempting to import store http {{(pid=103702) _load_store /opt/stack/data/venv/lib/python3.10/site-packages/glance_store/backend.py:216}}
Aug 01 06:29:47 jammy-provider-cloud-0000007441 devstack@g-api.service[103702]: DEBUG glance_store.backend [-] Attempting to import store no_conf {{(pid=103702) _load_store /opt/stack/data/venv/lib/python3.10/site-packages/glance_store/backend.py:216}}
Aug 01 06:29:47 jammy-provider-cloud-0000007441 devstack@g-api.service[103702]: DEBUG glance_store.backend [-] Attempting to import store rbd {{(pid=103702) _load_store /opt/stack/data/venv/lib/python3.10/site-packages/glance_store/backend.py:216}}
Aug 01 06:29:47 jammy-provider-cloud-0000007441 devstack@g-api.service[103702]: DEBUG glance_store.backend [-] Attempting to import store s3 {{(pid=103702) _load_store /opt/stack/data/venv/lib/python3.10/site-packages/glance_store/backend.py:216}}
Aug 01 06:29:47 jammy-provider-cloud-0000007441 devstack@g-api.service[103702]: DEBUG glance_store.backend [-] Attempting to import store swift {{(pid=103702) _load_store /opt/stack/data/venv/lib/python3.10/site-packages/glance_store/backend.py:216}}
Aug 01 06:29:47 jammy-provider-cloud-0000007441 devstack@g-api.service[103702]: DEBUG glance_store.backend [-] Attempting to import store vmware {{(pid=103702) _load_store /opt/stack/data/venv/lib/python3.10/site-packages/glance_store/backend.py:216}}
Aug 01 06:29:47 jammy-provider-cloud-0000007441 devstack@g-api.service[103702]: DEBUG glance_store.backend [-] Registering options for group glance_store {{(pid=103702) register_opts /opt/stack/data/venv/lib/python3.10/site-packages/glance_store/backend.py:145}}
Aug 01 06:29:47 jammy-provider-cloud-0000007441 devstack@g-api.service[103702]: DEBUG glance_store.backend [-] Registering options for group glance_store {{(pid=103702) register_opts /opt/stack/data/venv/lib/python3.10/site-packages/glance_store/backend.py:145}}
Aug 01 06:29:47 jammy-provider-cloud-0000007441 devstack@g-api.service[103702]: DEBUG glance_store.backend [-] Attempting to import store http {{(pid=103702) _load_store /opt/stack/data/venv/lib/python3.10/site-packages/glance_store/backend.py:216}}
Aug 01 06:29:47 jammy-provider-cloud-0000007441 devstack@g-api.service[103702]: DEBUG glance_store.capabilities [-] Store glance_store._drivers.http.Store doesn't support updating dynamic storage capabilities. Please overwrite 'update_capabilities' method of the store to implement updating logics if needed. {{(pid=103702) update_capabilities /opt/stack/data/venv/lib/python3.10/site-packages/glance_store/capabilities.py:91}}
Aug 01 06:29:47 jammy-provider-cloud-0000007441 devstack@g-api.service[103702]: DEBUG glance_store.backend [-] Registering store http with schemes ('http', 'https') {{(pid=103702) create_stores /opt/stack/data/venv/lib/python3.10/site-packages/glance_store/backend.py:262}}
Aug 01 06:29:47 jammy-provider-cloud-0000007441 devstack@g-api.service[103702]: DEBUG glance_store.driver [-] Late loading location class glance_store._drivers.http.StoreLocation {{(pid=103702) get_store_location_class /opt/stack/data/venv/lib/python3.10/site-packages/glance_store/driver.py:133}}
Aug 01 06:29:47 jammy-provider-cloud-0000007441 devstack@g-api.service[103702]: DEBUG glance_store.location [-] Registering scheme http with {'store': <glance_store._drivers.http.Store object at 0x7f5a034ab970>, 'location_class': <class 'glance_store._drivers.http.StoreLocation'>, 'store_entry': 'http'} {{(pid=103702) register_scheme_map /opt/stack/data/venv/lib/python3.10/site-packages/glance_store/location.py:146}}
Aug 01 06:29:47 jammy-provider-cloud-0000007441 devstack@g-api.service[103702]: DEBUG glance_store.location [-] Registering scheme https with {'store': <glance_store._drivers.http.Store object at 0x7f5a034ab970>, 'location_class': <class 'glance_store._drivers.http.StoreLocation'>, 'store_entry': 'http'} {{(pid=103702) register_scheme_map /opt/stack/data/venv/lib/python3.10/site-packages/glance_store/location.py:146}}
Aug 01 06:29:47 jammy-provider-cloud-0000007441 devstack@g-api.service[103702]: DEBUG glance_store.backend [-] Attempting to import store file {{(pid=103702) _load_store /opt/stack/data/venv/lib/python3.10/site-packages/glance_store/backend.py:216}}
Aug 01 06:29:47 jammy-provider-cloud-0000007441 devstack@g-api.service[103702]: DEBUG glance_store.capabilities [-] Store glance_store._drivers.filesystem.Store doesn't support updating dynamic storage capabilities. Please overwrite 'update_capabilities' method of the store to implement updating logics if needed. {{(pid=103702) update_capabilities /opt/stack/data/venv/lib/python3.10/site-packages/glance_store/capabilities.py:91}}
Aug 01 06:29:47 jammy-provider-cloud-0000007441 devstack@g-api.service[103702]: DEBUG glance_store.backend [-] Registering store file with schemes ('file', 'filesystem') {{(pid=103702) create_stores /opt/stack/data/venv/lib/python3.10/site-packages/glance_store/backend.py:262}}
Aug 01 06:29:47 jammy-provider-cloud-0000007441 devstack@g-api.service[103702]: DEBUG glance_store.driver [-] Late loading location class glance_store._drivers.filesystem.StoreLocation {{(pid=103702) get_store_location_class /opt/stack/data/venv/lib/python3.10/site-packages/glance_store/driver.py:133}}
Aug 01 06:29:47 jammy-provider-cloud-0000007441 devstack@g-api.service[103702]: DEBUG glance_store.location [-] Registering scheme file with {'store': <glance_store._drivers.filesystem.Store object at 0x7f5a034abc70>, 'location_class': <class 'glance_store._drivers.filesystem.StoreLocation'>, 'store_entry': 'file'} {{(pid=103702) register_scheme_map /opt/stack/data/venv/lib/python3.10/site-packages/glance_store/location.py:146}}
Aug 01 06:29:47 jammy-provider-cloud-0000007441 devstack@g-api.service[103702]: DEBUG glance_store.location [-] Registering scheme filesystem with {'store': <glance_store._drivers.filesystem.Store object at 0x7f5a034abc70>, 'location_class': <class 'glance_store._drivers.filesystem.StoreLocation'>, 'store_entry': 'file'} {{(pid=103702) register_scheme_map /opt/stack/data/venv/lib/python3.10/site-packages/glance_store/location.py:146}}
Aug 01 06:29:47 jammy-provider-cloud-0000007441 devstack@g-api.service[103702]: DEBUG glance.sqlite_migration [-] SQLite caching database not located, skipping migration {{(pid=103702) get_db_path /opt/stack/glance/glance/sqlite_migration.py:68}}
Aug 01 06:29:47 jammy-provider-cloud-0000007441 devstack@g-api.service[103702]: WARNING glance.common.wsgi_app [-] Import methods are enabled but staging directory /tmp/staging/ does not exist; Imports will fail!
Aug 01 06:29:48 jammy-provider-cloud-0000007441 devstack@g-api.service[103703]: DEBUG glance.common.config [None req-3a782a8d-7fe7-4bf2-b8d5-3016eca35a39 None None] Loading glance-api-keystone+cachemanagement from /etc/glance/glance-api-paste.ini {{(pid=103703) load_paste_app /opt/stack/glance/glance/common/config.py:716}}
Aug 01 06:29:48 jammy-provider-cloud-0000007441 devstack@g-api.service[103702]: DEBUG glance.common.config [None req-c509d373-01cc-4caa-9cc9-98de6cdb6099 None None] Loading glance-api-keystone+cachemanagement from /etc/glance/glance-api-paste.ini {{(pid=103702) load_paste_app /opt/stack/glance/glance/common/config.py:716}}
Aug 01 06:29:48 jammy-provider-cloud-0000007441 devstack@g-api.service[103703]: INFO glance.image_cache [None req-3a782a8d-7fe7-4bf2-b8d5-3016eca35a39 None None] Image cache loaded driver 'centralized_db'.
Aug 01 06:29:48 jammy-provider-cloud-0000007441 devstack@g-api.service[103702]: INFO glance.image_cache [None req-c509d373-01cc-4caa-9cc9-98de6cdb6099 None None] Image cache loaded driver 'centralized_db'.
Aug 01 06:29:48 jammy-provider-cloud-0000007441 devstack@g-api.service[103703]: INFO dbcounter [None req-3a782a8d-7fe7-4bf2-b8d5-3016eca35a39 None None] Registered counter for database glance
Aug 01 06:29:48 jammy-provider-cloud-0000007441 devstack@g-api.service[103703]: DEBUG oslo_db.sqlalchemy.engines [None req-3a782a8d-7fe7-4bf2-b8d5-3016eca35a39 None None] MySQL server mode set to STRICT_TRANS_TABLES,STRICT_ALL_TABLES,NO_ZERO_IN_DATE,NO_ZERO_DATE,ERROR_FOR_DIVISION_BY_ZERO,TRADITIONAL,NO_ENGINE_SUBSTITUTION {{(pid=103703) _check_effective_sql_mode /opt/stack/data/venv/lib/python3.10/site-packages/oslo_db/sqlalchemy/engines.py:342}}
Aug 01 06:29:48 jammy-provider-cloud-0000007441 devstack@g-api.service[103702]: INFO dbcounter [None req-c509d373-01cc-4caa-9cc9-98de6cdb6099 None None] Registered counter for database glance
Aug 01 06:29:48 jammy-provider-cloud-0000007441 devstack@g-api.service[103702]: DEBUG oslo_db.sqlalchemy.engines [None req-c509d373-01cc-4caa-9cc9-98de6cdb6099 None None] MySQL server mode set to STRICT_TRANS_TABLES,STRICT_ALL_TABLES,NO_ZERO_IN_DATE,NO_ZERO_DATE,ERROR_FOR_DIVISION_BY_ZERO,TRADITIONAL,NO_ENGINE_SUBSTITUTION {{(pid=103702) _check_effective_sql_mode /opt/stack/data/venv/lib/python3.10/site-packages/oslo_db/sqlalchemy/engines.py:342}}
Aug 01 06:29:48 jammy-provider-cloud-0000007441 devstack@g-api.service[103703]: DEBUG dbcounter [-] [103703] Writer thread running {{(pid=103703) stat_writer /opt/stack/data/venv/lib/python3.10/site-packages/dbcounter.py:102}}
Aug 01 06:29:48 jammy-provider-cloud-0000007441 devstack@g-api.service[103703]: INFO glance.image_cache [None req-3a782a8d-7fe7-4bf2-b8d5-3016eca35a39 None None] Image cache loaded driver 'centralized_db'.
Aug 01 06:29:48 jammy-provider-cloud-0000007441 devstack@g-api.service[103702]: DEBUG dbcounter [-] [103702] Writer thread running {{(pid=103702) stat_writer /opt/stack/data/venv/lib/python3.10/site-packages/dbcounter.py:102}}
Aug 01 06:29:48 jammy-provider-cloud-0000007441 devstack@g-api.service[103703]: DEBUG glance.image_cache.drivers.centralized_db [None req-3a782a8d-7fe7-4bf2-b8d5-3016eca35a39 None None] Node reference is already recorded, ignoring it {{(pid=103703) configure /opt/stack/glance/glance/image_cache/drivers/centralized_db.py:71}}
Aug 01 06:29:48 jammy-provider-cloud-0000007441 devstack@g-api.service[103702]: DEBUG glance.image_cache.drivers.centralized_db [None req-c509d373-01cc-4caa-9cc9-98de6cdb6099 None None] Node reference is already recorded, ignoring it {{(pid=103702) configure /opt/stack/glance/glance/image_cache/drivers/centralized_db.py:71}}
Aug 01 06:29:48 jammy-provider-cloud-0000007441 devstack@g-api.service[103703]: DEBUG glance.api.v2.cached_images [None req-3a782a8d-7fe7-4bf2-b8d5-3016eca35a39 None None] Started cache worker thread {{(pid=103703) __init__ /opt/stack/glance/glance/api/v2/cached_images.py:69}}
Aug 01 06:29:48 jammy-provider-cloud-0000007441 devstack@g-api.service[103703]: INFO glance.image_cache [None req-3a782a8d-7fe7-4bf2-b8d5-3016eca35a39 None None] Image cache loaded driver 'centralized_db'.
Aug 01 06:29:48 jammy-provider-cloud-0000007441 devstack@g-api.service[103702]: INFO glance.image_cache [None req-c509d373-01cc-4caa-9cc9-98de6cdb6099 None None] Image cache loaded driver 'centralized_db'.
Aug 01 06:29:48 jammy-provider-cloud-0000007441 devstack@g-api.service[103703]: DEBUG glance.image_cache.drivers.centralized_db [None req-3a782a8d-7fe7-4bf2-b8d5-3016eca35a39 None None] Node reference is already recorded, ignoring it {{(pid=103703) configure /opt/stack/glance/glance/image_cache/drivers/centralized_db.py:71}}
Aug 01 06:29:48 jammy-provider-cloud-0000007441 devstack@g-api.service[103702]: DEBUG glance.image_cache.drivers.centralized_db [None req-c509d373-01cc-4caa-9cc9-98de6cdb6099 None None] Node reference is already recorded, ignoring it {{(pid=103702) configure /opt/stack/glance/glance/image_cache/drivers/centralized_db.py:71}}
Aug 01 06:29:48 jammy-provider-cloud-0000007441 devstack@g-api.service[103703]: INFO glance.api.middleware.cache_manage [None req-3a782a8d-7fe7-4bf2-b8d5-3016eca35a39 None None] Initialized image cache management middleware
Aug 01 06:29:48 jammy-provider-cloud-0000007441 devstack@g-api.service[103703]: INFO glance.image_cache [None req-3a782a8d-7fe7-4bf2-b8d5-3016eca35a39 None None] Image cache loaded driver 'centralized_db'.
Aug 01 06:29:48 jammy-provider-cloud-0000007441 devstack@g-api.service[103702]: DEBUG glance.api.v2.cached_images [None req-c509d373-01cc-4caa-9cc9-98de6cdb6099 None None] Started cache worker thread {{(pid=103702) __init__ /opt/stack/glance/glance/api/v2/cached_images.py:69}}
Aug 01 06:29:48 jammy-provider-cloud-0000007441 devstack@g-api.service[103702]: INFO glance.image_cache [None req-c509d373-01cc-4caa-9cc9-98de6cdb6099 None None] Image cache loaded driver 'centralized_db'.
Aug 01 06:29:48 jammy-provider-cloud-0000007441 devstack@g-api.service[103703]: DEBUG glance.image_cache.drivers.centralized_db [None req-3a782a8d-7fe7-4bf2-b8d5-3016eca35a39 None None] Node reference is already recorded, ignoring it {{(pid=103703) configure /opt/stack/glance/glance/image_cache/drivers/centralized_db.py:71}}
Aug 01 06:29:48 jammy-provider-cloud-0000007441 devstack@g-api.service[103702]: DEBUG glance.image_cache.drivers.centralized_db [None req-c509d373-01cc-4caa-9cc9-98de6cdb6099 None None] Node reference is already recorded, ignoring it {{(pid=103702) configure /opt/stack/glance/glance/image_cache/drivers/centralized_db.py:71}}
Aug 01 06:29:48 jammy-provider-cloud-0000007441 devstack@g-api.service[103703]: INFO glance.api.middleware.cache [None req-3a782a8d-7fe7-4bf2-b8d5-3016eca35a39 None None] Initialized image cache middleware
Aug 01 06:29:48 jammy-provider-cloud-0000007441 devstack@g-api.service[103702]: INFO glance.api.middleware.cache_manage [None req-c509d373-01cc-4caa-9cc9-98de6cdb6099 None None] Initialized image cache management middleware
Aug 01 06:29:48 jammy-provider-cloud-0000007441 devstack@g-api.service[103702]: INFO glance.image_cache [None req-c509d373-01cc-4caa-9cc9-98de6cdb6099 None None] Image cache loaded driver 'centralized_db'.
Aug 01 06:29:48 jammy-provider-cloud-0000007441 devstack@g-api.service[103703]: WARNING keystonemiddleware.auth_token [None req-3a782a8d-7fe7-4bf2-b8d5-3016eca35a39 None None] AuthToken middleware is set with keystone_authtoken.service_token_roles_required set to False. This is backwards compatible but deprecated behaviour. Please set this to True.
Aug 01 06:29:48 jammy-provider-cloud-0000007441 devstack@g-api.service[103703]: WARNING keystonemiddleware.auth_token [None req-3a782a8d-7fe7-4bf2-b8d5-3016eca35a39 None None] Configuring www_authenticate_uri to point to the public identity endpoint is required; clients may not be able to authenticate against an admin endpoint
Aug 01 06:29:48 jammy-provider-cloud-0000007441 devstack@g-api.service[103702]: DEBUG glance.image_cache.drivers.centralized_db [None req-c509d373-01cc-4caa-9cc9-98de6cdb6099 None None] Node reference is already recorded, ignoring it {{(pid=103702) configure /opt/stack/glance/glance/image_cache/drivers/centralized_db.py:71}}
Aug 01 06:29:48 jammy-provider-cloud-0000007441 devstack@g-api.service[103703]: DEBUG glance.common.config [None req-3a782a8d-7fe7-4bf2-b8d5-3016eca35a39 None None] ******************************************************************************** {{(pid=103703) log_opt_values /opt/stack/data/venv/lib/python3.10/site-packages/oslo_config/cfg.py:2600}}
Aug 01 06:29:48 jammy-provider-cloud-0000007441 devstack@g-api.service[103703]: DEBUG glance.common.config [None req-3a782a8d-7fe7-4bf2-b8d5-3016eca35a39 None None] Configuration options gathered from: {{(pid=103703) log_opt_values /opt/stack/data/venv/lib/python3.10/site-packages/oslo_config/cfg.py:2601}}
Aug 01 06:29:48 jammy-provider-cloud-0000007441 devstack@g-api.service[103703]: DEBUG glance.common.config [None req-3a782a8d-7fe7-4bf2-b8d5-3016eca35a39 None None] command line args: [] {{(pid=103703) log_opt_values /opt/stack/data/venv/lib/python3.10/site-packages/oslo_config/cfg.py:2602}}
Aug 01 06:29:48 jammy-provider-cloud-0000007441 devstack@g-api.service[103703]: DEBUG glance.common.config [None req-3a782a8d-7fe7-4bf2-b8d5-3016eca35a39 None None] config files: ['/etc/glance/glance-image-import.conf', '/etc/glance/glance-api.conf'] {{(pid=103703) log_opt_values /opt/stack/data/venv/lib/python3.10/site-packages/oslo_config/cfg.py:2603}}
Aug 01 06:29:48 jammy-provider-cloud-0000007441 devstack@g-api.service[103703]: DEBUG glance.common.config [None req-3a782a8d-7fe7-4bf2-b8d5-3016eca35a39 None None] ================================================================================ {{(pid=103703) log_opt_values /opt/stack/data/venv/lib/python3.10/site-packages/oslo_config/cfg.py:2605}}
Aug 01 06:29:48 jammy-provider-cloud-0000007441 devstack@g-api.service[103703]: DEBUG glance.common.config [None req-3a782a8d-7fe7-4bf2-b8d5-3016eca35a39 None None] allow_anonymous_access         = False {{(pid=103703) log_opt_values /opt/stack/data/venv/lib/python3.10/site-packages/oslo_config/cfg.py:2613}}
Aug 01 06:29:48 jammy-provider-cloud-0000007441 devstack@g-api.service[103703]: DEBUG glance.common.config [None req-3a782a8d-7fe7-4bf2-b8d5-3016eca35a39 None None] api_limit_max                  = 1000 {{(pid=103703) log_opt_values /opt/stack/data/venv/lib/python3.10/site-packages/oslo_config/cfg.py:2613}}
Aug 01 06:29:48 jammy-provider-cloud-0000007441 devstack@g-api.service[103703]: DEBUG glance.common.config [None req-3a782a8d-7fe7-4bf2-b8d5-3016eca35a39 None None] backlog                        = 4096 {{(pid=103703) log_opt_values /opt/stack/data/venv/lib/python3.10/site-packages/oslo_config/cfg.py:2613}}
Aug 01 06:29:48 jammy-provider-cloud-0000007441 devstack@g-api.service[103703]: DEBUG glance.common.config [None req-3a782a8d-7fe7-4bf2-b8d5-3016eca35a39 None None] bind_host                      = 0.0.0.0 {{(pid=103703) log_opt_values /opt/stack/data/venv/lib/python3.10/site-packages/oslo_config/cfg.py:2613}}
Aug 01 06:29:48 jammy-provider-cloud-0000007441 devstack@g-api.service[103703]: DEBUG glance.common.config [None req-3a782a8d-7fe7-4bf2-b8d5-3016eca35a39 None None] bind_port                      = None {{(pid=103703) log_opt_values /opt/stack/data/venv/lib/python3.10/site-packages/oslo_config/cfg.py:2613}}
Aug 01 06:29:48 jammy-provider-cloud-0000007441 devstack@g-api.service[103703]: DEBUG glance.common.config [None req-3a782a8d-7fe7-4bf2-b8d5-3016eca35a39 None None] client_socket_timeout          = 900 {{(pid=103703) log_opt_values /opt/stack/data/venv/lib/python3.10/site-packages/oslo_config/cfg.py:2613}}
Aug 01 06:29:48 jammy-provider-cloud-0000007441 devstack@g-api.service[103703]: DEBUG glance.common.config [None req-3a782a8d-7fe7-4bf2-b8d5-3016eca35a39 None None] config_dir                     = [] {{(pid=103703) log_opt_values /opt/stack/data/venv/lib/python3.10/site-packages/oslo_config/cfg.py:2613}}
Aug 01 06:29:48 jammy-provider-cloud-0000007441 devstack@g-api.service[103703]: DEBUG glance.common.config [None req-3a782a8d-7fe7-4bf2-b8d5-3016eca35a39 None None] config_file                    = ['/etc/glance/glance-image-import.conf', '/etc/glance/glance-api.conf'] {{(pid=103703) log_opt_values /opt/stack/data/venv/lib/python3.10/site-packages/oslo_config/cfg.py:2613}}
Aug 01 06:29:48 jammy-provider-cloud-0000007441 devstack@g-api.service[103703]: DEBUG glance.common.config [None req-3a782a8d-7fe7-4bf2-b8d5-3016eca35a39 None None] config_source                  = [] {{(pid=103703) log_opt_values /opt/stack/data/venv/lib/python3.10/site-packages/oslo_config/cfg.py:2613}}
Aug 01 06:29:48 jammy-provider-cloud-0000007441 devstack@g-api.service[103703]: DEBUG glance.common.config [None req-3a782a8d-7fe7-4bf2-b8d5-3016eca35a39 None None] control_exchange               = glance {{(pid=103703) log_opt_values /opt/stack/data/venv/lib/python3.10/site-packages/oslo_config/cfg.py:2613}}
Aug 01 06:29:48 jammy-provider-cloud-0000007441 devstack@g-api.service[103703]: DEBUG glance.common.config [None req-3a782a8d-7fe7-4bf2-b8d5-3016eca35a39 None None] debug                          = True {{(pid=103703) log_opt_values /opt/stack/data/venv/lib/python3.10/site-packages/oslo_config/cfg.py:2613}}
Aug 01 06:29:48 jammy-provider-cloud-0000007441 devstack@g-api.service[103703]: DEBUG glance.common.config [None req-3a782a8d-7fe7-4bf2-b8d5-3016eca35a39 None None] default_log_levels             = ['amqp=WARN', 'amqplib=WARN', 'boto=WARN', 'qpid=WARN', 'sqlalchemy=WARN', 'suds=INFO', 'oslo.messaging=INFO', 'oslo_messaging=INFO', 'iso8601=WARN', 'requests.packages.urllib3.connectionpool=WARN', 'urllib3.connectionpool=WARN', 'websocket=WARN', 'requests.packages.urllib3.util.retry=WARN', 'urllib3.util.retry=WARN', 'keystonemiddleware=WARN', 'routes.middleware=WARN', 'stevedore=WARN', 'taskflow=WARN', 'keystoneauth=WARN', 'oslo.cache=INFO', 'oslo_policy=INFO', 'dogpile.core.dogpile=INFO'] {{(pid=103703) log_opt_values /opt/stack/data/venv/lib/python3.10/site-packages/oslo_config/cfg.py:2613}}
Aug 01 06:29:48 jammy-provider-cloud-0000007441 devstack@g-api.service[103703]: DEBUG glance.common.config [None req-3a782a8d-7fe7-4bf2-b8d5-3016eca35a39 None None] default_publisher_id           = image.localhost {{(pid=103703) log_opt_values /opt/stack/data/venv/lib/python3.10/site-packages/oslo_config/cfg.py:2613}}
Aug 01 06:29:48 jammy-provider-cloud-0000007441 devstack@g-api.service[103703]: DEBUG glance.common.config [None req-3a782a8d-7fe7-4bf2-b8d5-3016eca35a39 None None] delayed_delete                 = False {{(pid=103703) log_opt_values /opt/stack/data/venv/lib/python3.10/site-packages/oslo_config/cfg.py:2613}}
Aug 01 06:29:48 jammy-provider-cloud-0000007441 devstack@g-api.service[103703]: DEBUG glance.common.config [None req-3a782a8d-7fe7-4bf2-b8d5-3016eca35a39 None None] digest_algorithm               = sha256 {{(pid=103703) log_opt_values /opt/stack/data/venv/lib/python3.10/site-packages/oslo_config/cfg.py:2613}}
Aug 01 06:29:48 jammy-provider-cloud-0000007441 devstack@g-api.service[103703]: DEBUG glance.common.config [None req-3a782a8d-7fe7-4bf2-b8d5-3016eca35a39 None None] disabled_notifications         = [] {{(pid=103703) log_opt_values /opt/stack/data/venv/lib/python3.10/site-packages/oslo_config/cfg.py:2613}}
Aug 01 06:29:48 jammy-provider-cloud-0000007441 devstack@g-api.service[103703]: DEBUG glance.common.config [None req-3a782a8d-7fe7-4bf2-b8d5-3016eca35a39 None None] do_secure_hash                 = True {{(pid=103703) log_opt_values /opt/stack/data/venv/lib/python3.10/site-packages/oslo_config/cfg.py:2613}}
Aug 01 06:29:48 jammy-provider-cloud-0000007441 devstack@g-api.service[103703]: DEBUG glance.common.config [None req-3a782a8d-7fe7-4bf2-b8d5-3016eca35a39 None None] enabled_backends               = None {{(pid=103703) log_opt_values /opt/stack/data/venv/lib/python3.10/site-packages/oslo_config/cfg.py:2613}}
Aug 01 06:29:48 jammy-provider-cloud-0000007441 devstack@g-api.service[103702]: INFO glance.api.middleware.cache [None req-c509d373-01cc-4caa-9cc9-98de6cdb6099 None None] Initialized image cache middleware
Aug 01 06:29:48 jammy-provider-cloud-0000007441 devstack@g-api.service[103703]: DEBUG glance.common.config [None req-3a782a8d-7fe7-4bf2-b8d5-3016eca35a39 None None] enabled_import_methods         = ['glance-direct', 'web-download', 'copy-image'] {{(pid=103703) log_opt_values /opt/stack/data/venv/lib/python3.10/site-packages/oslo_config/cfg.py:2613}}
Aug 01 06:29:48 jammy-provider-cloud-0000007441 devstack@g-api.service[103703]: DEBUG glance.common.config [None req-3a782a8d-7fe7-4bf2-b8d5-3016eca35a39 None None] hashing_algorithm              = sha512 {{(pid=103703) log_opt_values /opt/stack/data/venv/lib/python3.10/site-packages/oslo_config/cfg.py:2613}}
Aug 01 06:29:48 jammy-provider-cloud-0000007441 devstack@g-api.service[103703]: DEBUG glance.common.config [None req-3a782a8d-7fe7-4bf2-b8d5-3016eca35a39 None None] http_keepalive                 = True {{(pid=103703) log_opt_values /opt/stack/data/venv/lib/python3.10/site-packages/oslo_config/cfg.py:2613}}
Aug 01 06:29:48 jammy-provider-cloud-0000007441 devstack@g-api.service[103703]: DEBUG glance.common.config [None req-3a782a8d-7fe7-4bf2-b8d5-3016eca35a39 None None] http_retries                   = 3 {{(pid=103703) log_opt_values /opt/stack/data/venv/lib/python3.10/site-packages/oslo_config/cfg.py:2613}}
Aug 01 06:29:48 jammy-provider-cloud-0000007441 devstack@g-api.service[103703]: DEBUG glance.common.config [None req-3a782a8d-7fe7-4bf2-b8d5-3016eca35a39 None None] image_cache_dir                = /opt/stack/data/glance/cache/ {{(pid=103703) log_opt_values /opt/stack/data/venv/lib/python3.10/site-packages/oslo_config/cfg.py:2613}}
Aug 01 06:29:48 jammy-provider-cloud-0000007441 devstack@g-api.service[103703]: DEBUG glance.common.config [None req-3a782a8d-7fe7-4bf2-b8d5-3016eca35a39 None None] image_cache_driver             = centralized_db {{(pid=103703) log_opt_values /opt/stack/data/venv/lib/python3.10/site-packages/oslo_config/cfg.py:2613}}
Aug 01 06:29:48 jammy-provider-cloud-0000007441 devstack@g-api.service[103703]: DEBUG glance.common.config [None req-3a782a8d-7fe7-4bf2-b8d5-3016eca35a39 None None] image_cache_max_size           = 10737418240 {{(pid=103703) log_opt_values /opt/stack/data/venv/lib/python3.10/site-packages/oslo_config/cfg.py:2613}}
Aug 01 06:29:48 jammy-provider-cloud-0000007441 devstack@g-api.service[103703]: DEBUG glance.common.config [None req-3a782a8d-7fe7-4bf2-b8d5-3016eca35a39 None None] image_cache_sqlite_db          = cache.db {{(pid=103703) log_opt_values /opt/stack/data/venv/lib/python3.10/site-packages/oslo_config/cfg.py:2613}}
Aug 01 06:29:48 jammy-provider-cloud-0000007441 devstack@g-api.service[103703]: DEBUG glance.common.config [None req-3a782a8d-7fe7-4bf2-b8d5-3016eca35a39 None None] image_cache_stall_time         = 86400 {{(pid=103703) log_opt_values /opt/stack/data/venv/lib/python3.10/site-packages/oslo_config/cfg.py:2613}}
Aug 01 06:29:48 jammy-provider-cloud-0000007441 devstack@g-api.service[103703]: DEBUG glance.common.config [None req-3a782a8d-7fe7-4bf2-b8d5-3016eca35a39 None None] image_location_quota           = 10 {{(pid=103703) log_opt_values /opt/stack/data/venv/lib/python3.10/site-packages/oslo_config/cfg.py:2613}}
Aug 01 06:29:48 jammy-provider-cloud-0000007441 devstack@g-api.service[103703]: DEBUG glance.common.config [None req-3a782a8d-7fe7-4bf2-b8d5-3016eca35a39 None None] image_member_quota             = 128 {{(pid=103703) log_opt_values /opt/stack/data/venv/lib/python3.10/site-packages/oslo_config/cfg.py:2613}}
Aug 01 06:29:48 jammy-provider-cloud-0000007441 devstack@g-api.service[103703]: DEBUG glance.common.config [None req-3a782a8d-7fe7-4bf2-b8d5-3016eca35a39 None None] image_property_quota           = 128 {{(pid=103703) log_opt_values /opt/stack/data/venv/lib/python3.10/site-packages/oslo_config/cfg.py:2613}}
Aug 01 06:29:48 jammy-provider-cloud-0000007441 devstack@g-api.service[103703]: DEBUG glance.common.config [None req-3a782a8d-7fe7-4bf2-b8d5-3016eca35a39 None None] image_size_cap                 = 1099511627776 {{(pid=103703) log_opt_values /opt/stack/data/venv/lib/python3.10/site-packages/oslo_config/cfg.py:2613}}
Aug 01 06:29:48 jammy-provider-cloud-0000007441 devstack@g-api.service[103703]: DEBUG glance.common.config [None req-3a782a8d-7fe7-4bf2-b8d5-3016eca35a39 None None] image_tag_quota                = 128 {{(pid=103703) log_opt_values /opt/stack/data/venv/lib/python3.10/site-packages/oslo_config/cfg.py:2613}}
Aug 01 06:29:48 jammy-provider-cloud-0000007441 devstack@g-api.service[103703]: DEBUG glance.common.config [None req-3a782a8d-7fe7-4bf2-b8d5-3016eca35a39 None None] instance_format                = [instance: %(uuid)s]  {{(pid=103703) log_opt_values /opt/stack/data/venv/lib/python3.10/site-packages/oslo_config/cfg.py:2613}}
Aug 01 06:29:48 jammy-provider-cloud-0000007441 devstack@g-api.service[103703]: DEBUG glance.common.config [None req-3a782a8d-7fe7-4bf2-b8d5-3016eca35a39 None None] instance_uuid_format           = [instance: %(uuid)s]  {{(pid=103703) log_opt_values /opt/stack/data/venv/lib/python3.10/site-packages/oslo_config/cfg.py:2613}}
Aug 01 06:29:48 jammy-provider-cloud-0000007441 devstack@g-api.service[103703]: DEBUG glance.common.config [None req-3a782a8d-7fe7-4bf2-b8d5-3016eca35a39 None None] limit_param_default            = 25 {{(pid=103703) log_opt_values /opt/stack/data/venv/lib/python3.10/site-packages/oslo_config/cfg.py:2613}}
Aug 01 06:29:48 jammy-provider-cloud-0000007441 devstack@g-api.service[103703]: DEBUG glance.common.config [None req-3a782a8d-7fe7-4bf2-b8d5-3016eca35a39 None None] log_color                      = False {{(pid=103703) log_opt_values /opt/stack/data/venv/lib/python3.10/site-packages/oslo_config/cfg.py:2613}}
Aug 01 06:29:48 jammy-provider-cloud-0000007441 devstack@g-api.service[103703]: DEBUG glance.common.config [None req-3a782a8d-7fe7-4bf2-b8d5-3016eca35a39 None None] log_config_append              = None {{(pid=103703) log_opt_values /opt/stack/data/venv/lib/python3.10/site-packages/oslo_config/cfg.py:2613}}
Aug 01 06:29:48 jammy-provider-cloud-0000007441 devstack@g-api.service[103703]: DEBUG glance.common.config [None req-3a782a8d-7fe7-4bf2-b8d5-3016eca35a39 None None] log_date_format                = %Y-%m-%d %H:%M:%S {{(pid=103703) log_opt_values /opt/stack/data/venv/lib/python3.10/site-packages/oslo_config/cfg.py:2613}}
Aug 01 06:29:48 jammy-provider-cloud-0000007441 devstack@g-api.service[103703]: DEBUG glance.common.config [None req-3a782a8d-7fe7-4bf2-b8d5-3016eca35a39 None None] log_dir                        = None {{(pid=103703) log_opt_values /opt/stack/data/venv/lib/python3.10/site-packages/oslo_config/cfg.py:2613}}
Aug 01 06:29:48 jammy-provider-cloud-0000007441 devstack@g-api.service[103703]: DEBUG glance.common.config [None req-3a782a8d-7fe7-4bf2-b8d5-3016eca35a39 None None] log_file                       = None {{(pid=103703) log_opt_values /opt/stack/data/venv/lib/python3.10/site-packages/oslo_config/cfg.py:2613}}
Aug 01 06:29:48 jammy-provider-cloud-0000007441 devstack@g-api.service[103703]: DEBUG glance.common.config [None req-3a782a8d-7fe7-4bf2-b8d5-3016eca35a39 None None] log_rotate_interval            = 1 {{(pid=103703) log_opt_values /opt/stack/data/venv/lib/python3.10/site-packages/oslo_config/cfg.py:2613}}
Aug 01 06:29:48 jammy-provider-cloud-0000007441 devstack@g-api.service[103703]: DEBUG glance.common.config [None req-3a782a8d-7fe7-4bf2-b8d5-3016eca35a39 None None] log_rotate_interval_type       = days {{(pid=103703) log_opt_values /opt/stack/data/venv/lib/python3.10/site-packages/oslo_config/cfg.py:2613}}
Aug 01 06:29:48 jammy-provider-cloud-0000007441 devstack@g-api.service[103703]: DEBUG glance.common.config [None req-3a782a8d-7fe7-4bf2-b8d5-3016eca35a39 None None] log_rotation_type              = none {{(pid=103703) log_opt_values /opt/stack/data/venv/lib/python3.10/site-packages/oslo_config/cfg.py:2613}}
Aug 01 06:29:48 jammy-provider-cloud-0000007441 devstack@g-api.service[103703]: DEBUG glance.common.config [None req-3a782a8d-7fe7-4bf2-b8d5-3016eca35a39 None None] logging_context_format_string  = %(color)s%(levelname)s %(name)s [%(global_request_id)s %(request_id)s %(project_name)s %(user_name)s%(color)s] %(instance)s%(color)s%(message)s {{(pid=103703) log_opt_values /opt/stack/data/venv/lib/python3.10/site-packages/oslo_config/cfg.py:2613}}
Aug 01 06:29:48 jammy-provider-cloud-0000007441 devstack@g-api.service[103703]: DEBUG glance.common.config [None req-3a782a8d-7fe7-4bf2-b8d5-3016eca35a39 None None] logging_debug_format_suffix    = {{(pid=%(process)d) %(funcName)s %(pathname)s:%(lineno)d}} {{(pid=103703) log_opt_values /opt/stack/data/venv/lib/python3.10/site-packages/oslo_config/cfg.py:2613}}
Aug 01 06:29:48 jammy-provider-cloud-0000007441 devstack@g-api.service[103703]: DEBUG glance.common.config [None req-3a782a8d-7fe7-4bf2-b8d5-3016eca35a39 None None] logging_default_format_string  = %(color)s%(levelname)s %(name)s [-%(color)s] %(instance)s%(color)s%(message)s {{(pid=103703) log_opt_values /opt/stack/data/venv/lib/python3.10/site-packages/oslo_config/cfg.py:2613}}
