Sep 17 12:26:33 jammy-provider-cloud-0000007636 systemd[1]: Starting Devstack devstack@g-api.service...
Sep 17 12:26:33 jammy-provider-cloud-0000007636 devstack@g-api.service[105016]: [uWSGI] getting INI configuration from /etc/glance/glance-uwsgi.ini
Sep 17 12:26:33 jammy-provider-cloud-0000007636 devstack@g-api.service[105016]: *** Starting uWSGI 2.0.20-debian (64bit) on [Tue Sep 17 12:26:33 2024] ***
Sep 17 12:26:33 jammy-provider-cloud-0000007636 devstack@g-api.service[105016]: compiled with version: 11.2.0 on 21 March 2022 11:00:44
Sep 17 12:26:33 jammy-provider-cloud-0000007636 devstack@g-api.service[105016]: os: Linux-5.15.0-107-generic #117-Ubuntu SMP Fri Apr 26 12:26:49 UTC 2024
Sep 17 12:26:33 jammy-provider-cloud-0000007636 devstack@g-api.service[105016]: nodename: jammy-provider-cloud-0000007636
Sep 17 12:26:33 jammy-provider-cloud-0000007636 devstack@g-api.service[105016]: machine: x86_64
Sep 17 12:26:33 jammy-provider-cloud-0000007636 devstack@g-api.service[105016]: clock source: unix
Sep 17 12:26:33 jammy-provider-cloud-0000007636 devstack@g-api.service[105016]: pcre jit disabled
Sep 17 12:26:33 jammy-provider-cloud-0000007636 devstack@g-api.service[105016]: detected number of CPU cores: 4
Sep 17 12:26:33 jammy-provider-cloud-0000007636 devstack@g-api.service[105016]: current working directory: /
Sep 17 12:26:33 jammy-provider-cloud-0000007636 devstack@g-api.service[105016]: detected binary path: /usr/bin/uwsgi-core
Sep 17 12:26:33 jammy-provider-cloud-0000007636 devstack@g-api.service[105016]: your processes number limit is 31298
Sep 17 12:26:33 jammy-provider-cloud-0000007636 devstack@g-api.service[105016]: your memory page size is 4096 bytes
Sep 17 12:26:33 jammy-provider-cloud-0000007636 devstack@g-api.service[105016]: detected max file descriptor number: 2048
Sep 17 12:26:33 jammy-provider-cloud-0000007636 devstack@g-api.service[105016]: lock engine: pthread robust mutexes
Sep 17 12:26:33 jammy-provider-cloud-0000007636 devstack@g-api.service[105016]: thunder lock: enabled
Sep 17 12:26:33 jammy-provider-cloud-0000007636 devstack@g-api.service[105016]: uwsgi socket 0 bound to TCP address 127.0.0.1:60999 fd 4
Sep 17 12:26:33 jammy-provider-cloud-0000007636 devstack@g-api.service[105016]: Python version: 3.10.12 (main, Sep 11 2024, 15:47:36) [GCC 11.4.0]
Sep 17 12:26:33 jammy-provider-cloud-0000007636 devstack@g-api.service[105016]: PEP 405 virtualenv detected: /opt/stack/data/venv
Sep 17 12:26:33 jammy-provider-cloud-0000007636 devstack@g-api.service[105016]: Set PythonHome to /opt/stack/data/venv
Sep 17 12:26:33 jammy-provider-cloud-0000007636 devstack@g-api.service[105016]: Python main interpreter initialized at 0x55f8f7344e00
Sep 17 12:26:33 jammy-provider-cloud-0000007636 devstack@g-api.service[105016]: python threads support enabled
Sep 17 12:26:33 jammy-provider-cloud-0000007636 devstack@g-api.service[105016]: your server socket listen backlog is limited to 100 connections
Sep 17 12:26:33 jammy-provider-cloud-0000007636 devstack@g-api.service[105016]: your mercy for graceful operations on workers is 80 seconds
Sep 17 12:26:33 jammy-provider-cloud-0000007636 devstack@g-api.service[105016]: mapped 403077 bytes (393 KB) for 2 cores
Sep 17 12:26:33 jammy-provider-cloud-0000007636 devstack@g-api.service[105016]: *** Operational MODE: preforking ***
Sep 17 12:26:33 jammy-provider-cloud-0000007636 devstack@g-api.service[105016]: *** uWSGI is running in multiple interpreter mode ***
Sep 17 12:26:33 jammy-provider-cloud-0000007636 devstack@g-api.service[105016]: spawned uWSGI master process (pid: 105016)
Sep 17 12:26:33 jammy-provider-cloud-0000007636 systemd[1]: Started Devstack devstack@g-api.service.
Sep 17 12:26:33 jammy-provider-cloud-0000007636 devstack@g-api.service[105016]: spawned uWSGI worker 1 (pid: 105017, cores: 1)
Sep 17 12:26:33 jammy-provider-cloud-0000007636 devstack@g-api.service[105016]: spawned uWSGI worker 2 (pid: 105018, cores: 1)
Sep 17 12:26:33 jammy-provider-cloud-0000007636 devstack@g-api.service[105016]: running "unix_signal:15 gracefully_kill_them_all" (master-start)...
Sep 17 12:26:34 jammy-provider-cloud-0000007636 devstack@g-api.service[105018]: INFO glance.async_ [-] Threadpool model set to 'NativeThreadPoolModel'
Sep 17 12:26:34 jammy-provider-cloud-0000007636 devstack@g-api.service[105017]: INFO glance.async_ [-] Threadpool model set to 'NativeThreadPoolModel'
Sep 17 12:26:34 jammy-provider-cloud-0000007636 devstack@g-api.service[105018]: DEBUG oslo_concurrency.processutils [-] Running cmd (subprocess): grep -F node.session.scan /sbin/iscsiadm {{(pid=105018) execute /opt/stack/data/venv/lib/python3.10/site-packages/oslo_concurrency/processutils.py:390}}
Sep 17 12:26:34 jammy-provider-cloud-0000007636 devstack@g-api.service[105017]: DEBUG oslo_concurrency.processutils [-] Running cmd (subprocess): grep -F node.session.scan /sbin/iscsiadm {{(pid=105017) execute /opt/stack/data/venv/lib/python3.10/site-packages/oslo_concurrency/processutils.py:390}}
Sep 17 12:26:34 jammy-provider-cloud-0000007636 devstack@g-api.service[105017]: DEBUG oslo_concurrency.processutils [-] CMD "grep -F node.session.scan /sbin/iscsiadm" returned: 0 in 0.008s {{(pid=105017) execute /opt/stack/data/venv/lib/python3.10/site-packages/oslo_concurrency/processutils.py:428}}
Sep 17 12:26:34 jammy-provider-cloud-0000007636 devstack@g-api.service[105018]: DEBUG oslo_concurrency.processutils [-] CMD "grep -F node.session.scan /sbin/iscsiadm" returned: 0 in 0.010s {{(pid=105018) execute /opt/stack/data/venv/lib/python3.10/site-packages/oslo_concurrency/processutils.py:428}}
Sep 17 12:26:34 jammy-provider-cloud-0000007636 devstack@g-api.service[105017]: DEBUG glance_store.common.attachment_state_manager [-] Initialising _AttachmentStateManager {{(pid=105017) __init__ /opt/stack/data/venv/lib/python3.10/site-packages/glance_store/common/attachment_state_manager.py:86}}
Sep 17 12:26:34 jammy-provider-cloud-0000007636 devstack@g-api.service[105018]: DEBUG glance_store.common.attachment_state_manager [-] Initialising _AttachmentStateManager {{(pid=105018) __init__ /opt/stack/data/venv/lib/python3.10/site-packages/glance_store/common/attachment_state_manager.py:86}}
Sep 17 12:26:34 jammy-provider-cloud-0000007636 devstack@g-api.service[105017]: DEBUG glance_store.backend [-] Attempting to import store cinder {{(pid=105017) _load_store /opt/stack/data/venv/lib/python3.10/site-packages/glance_store/backend.py:216}}
Sep 17 12:26:34 jammy-provider-cloud-0000007636 devstack@g-api.service[105017]: DEBUG glance_store.backend [-] Attempting to import store file {{(pid=105017) _load_store /opt/stack/data/venv/lib/python3.10/site-packages/glance_store/backend.py:216}}
Sep 17 12:26:34 jammy-provider-cloud-0000007636 devstack@g-api.service[105017]: DEBUG glance_store.backend [-] Attempting to import store glance.store.cinder.Store {{(pid=105017) _load_store /opt/stack/data/venv/lib/python3.10/site-packages/glance_store/backend.py:216}}
Sep 17 12:26:34 jammy-provider-cloud-0000007636 devstack@g-api.service[105017]: DEBUG glance_store.backend [-] Attempting to import store glance.store.filesystem.Store {{(pid=105017) _load_store /opt/stack/data/venv/lib/python3.10/site-packages/glance_store/backend.py:216}}
Sep 17 12:26:34 jammy-provider-cloud-0000007636 devstack@g-api.service[105017]: DEBUG glance_store.backend [-] Attempting to import store glance.store.http.Store {{(pid=105017) _load_store /opt/stack/data/venv/lib/python3.10/site-packages/glance_store/backend.py:216}}
Sep 17 12:26:34 jammy-provider-cloud-0000007636 devstack@g-api.service[105017]: DEBUG glance_store.backend [-] Attempting to import store glance.store.rbd.Store {{(pid=105017) _load_store /opt/stack/data/venv/lib/python3.10/site-packages/glance_store/backend.py:216}}
Sep 17 12:26:34 jammy-provider-cloud-0000007636 devstack@g-api.service[105017]: DEBUG glance_store.backend [-] Attempting to import store glance.store.s3.Store {{(pid=105017) _load_store /opt/stack/data/venv/lib/python3.10/site-packages/glance_store/backend.py:216}}
Sep 17 12:26:34 jammy-provider-cloud-0000007636 devstack@g-api.service[105017]: DEBUG glance_store.backend [-] Attempting to import store glance.store.swift.Store {{(pid=105017) _load_store /opt/stack/data/venv/lib/python3.10/site-packages/glance_store/backend.py:216}}
Sep 17 12:26:34 jammy-provider-cloud-0000007636 devstack@g-api.service[105017]: DEBUG glance_store.backend [-] Attempting to import store glance.store.vmware_datastore.Store {{(pid=105017) _load_store /opt/stack/data/venv/lib/python3.10/site-packages/glance_store/backend.py:216}}
Sep 17 12:26:34 jammy-provider-cloud-0000007636 devstack@g-api.service[105017]: DEBUG glance_store.backend [-] Attempting to import store http {{(pid=105017) _load_store /opt/stack/data/venv/lib/python3.10/site-packages/glance_store/backend.py:216}}
Sep 17 12:26:34 jammy-provider-cloud-0000007636 devstack@g-api.service[105017]: DEBUG glance_store.backend [-] Attempting to import store no_conf {{(pid=105017) _load_store /opt/stack/data/venv/lib/python3.10/site-packages/glance_store/backend.py:216}}
Sep 17 12:26:34 jammy-provider-cloud-0000007636 devstack@g-api.service[105017]: DEBUG glance_store.backend [-] Attempting to import store rbd {{(pid=105017) _load_store /opt/stack/data/venv/lib/python3.10/site-packages/glance_store/backend.py:216}}
Sep 17 12:26:34 jammy-provider-cloud-0000007636 devstack@g-api.service[105017]: DEBUG glance_store.backend [-] Attempting to import store s3 {{(pid=105017) _load_store /opt/stack/data/venv/lib/python3.10/site-packages/glance_store/backend.py:216}}
Sep 17 12:26:34 jammy-provider-cloud-0000007636 devstack@g-api.service[105017]: DEBUG glance_store.backend [-] Attempting to import store swift {{(pid=105017) _load_store /opt/stack/data/venv/lib/python3.10/site-packages/glance_store/backend.py:216}}
Sep 17 12:26:34 jammy-provider-cloud-0000007636 devstack@g-api.service[105017]: DEBUG glance_store.backend [-] Attempting to import store vmware {{(pid=105017) _load_store /opt/stack/data/venv/lib/python3.10/site-packages/glance_store/backend.py:216}}
Sep 17 12:26:34 jammy-provider-cloud-0000007636 devstack@g-api.service[105017]: DEBUG glance_store.backend [-] Registering options for group glance_store {{(pid=105017) register_opts /opt/stack/data/venv/lib/python3.10/site-packages/glance_store/backend.py:145}}
Sep 17 12:26:34 jammy-provider-cloud-0000007636 devstack@g-api.service[105017]: DEBUG glance_store.backend [-] Registering options for group glance_store {{(pid=105017) register_opts /opt/stack/data/venv/lib/python3.10/site-packages/glance_store/backend.py:145}}
Sep 17 12:26:34 jammy-provider-cloud-0000007636 devstack@g-api.service[105017]: DEBUG glance_store.backend [-] Attempting to import store http {{(pid=105017) _load_store /opt/stack/data/venv/lib/python3.10/site-packages/glance_store/backend.py:216}}
Sep 17 12:26:34 jammy-provider-cloud-0000007636 devstack@g-api.service[105017]: DEBUG glance_store.capabilities [-] Store glance_store._drivers.http.Store doesn't support updating dynamic storage capabilities. Please overwrite 'update_capabilities' method of the store to implement updating logics if needed. {{(pid=105017) update_capabilities /opt/stack/data/venv/lib/python3.10/site-packages/glance_store/capabilities.py:91}}
Sep 17 12:26:34 jammy-provider-cloud-0000007636 devstack@g-api.service[105017]: DEBUG glance_store.backend [-] Registering store http with schemes ('http', 'https') {{(pid=105017) create_stores /opt/stack/data/venv/lib/python3.10/site-packages/glance_store/backend.py:262}}
Sep 17 12:26:34 jammy-provider-cloud-0000007636 devstack@g-api.service[105017]: DEBUG glance_store.driver [-] Late loading location class glance_store._drivers.http.StoreLocation {{(pid=105017) get_store_location_class /opt/stack/data/venv/lib/python3.10/site-packages/glance_store/driver.py:133}}
Sep 17 12:26:34 jammy-provider-cloud-0000007636 devstack@g-api.service[105017]: DEBUG glance_store.location [-] Registering scheme http with {'store': <glance_store._drivers.http.Store object at 0x7f1b7ac20eb0>, 'location_class': <class 'glance_store._drivers.http.StoreLocation'>, 'store_entry': 'http'} {{(pid=105017) register_scheme_map /opt/stack/data/venv/lib/python3.10/site-packages/glance_store/location.py:146}}
Sep 17 12:26:34 jammy-provider-cloud-0000007636 devstack@g-api.service[105017]: DEBUG glance_store.location [-] Registering scheme https with {'store': <glance_store._drivers.http.Store object at 0x7f1b7ac20eb0>, 'location_class': <class 'glance_store._drivers.http.StoreLocation'>, 'store_entry': 'http'} {{(pid=105017) register_scheme_map /opt/stack/data/venv/lib/python3.10/site-packages/glance_store/location.py:146}}
Sep 17 12:26:34 jammy-provider-cloud-0000007636 devstack@g-api.service[105017]: DEBUG glance_store.backend [-] Attempting to import store file {{(pid=105017) _load_store /opt/stack/data/venv/lib/python3.10/site-packages/glance_store/backend.py:216}}
Sep 17 12:26:34 jammy-provider-cloud-0000007636 devstack@g-api.service[105017]: DEBUG glance_store.capabilities [-] Store glance_store._drivers.filesystem.Store doesn't support updating dynamic storage capabilities. Please overwrite 'update_capabilities' method of the store to implement updating logics if needed. {{(pid=105017) update_capabilities /opt/stack/data/venv/lib/python3.10/site-packages/glance_store/capabilities.py:91}}
Sep 17 12:26:34 jammy-provider-cloud-0000007636 devstack@g-api.service[105017]: DEBUG glance_store.backend [-] Registering store file with schemes ('file', 'filesystem') {{(pid=105017) create_stores /opt/stack/data/venv/lib/python3.10/site-packages/glance_store/backend.py:262}}
Sep 17 12:26:34 jammy-provider-cloud-0000007636 devstack@g-api.service[105017]: DEBUG glance_store.driver [-] Late loading location class glance_store._drivers.filesystem.StoreLocation {{(pid=105017) get_store_location_class /opt/stack/data/venv/lib/python3.10/site-packages/glance_store/driver.py:133}}
Sep 17 12:26:34 jammy-provider-cloud-0000007636 devstack@g-api.service[105017]: DEBUG glance_store.location [-] Registering scheme file with {'store': <glance_store._drivers.filesystem.Store object at 0x7f1b7ac22530>, 'location_class': <class 'glance_store._drivers.filesystem.StoreLocation'>, 'store_entry': 'file'} {{(pid=105017) register_scheme_map /opt/stack/data/venv/lib/python3.10/site-packages/glance_store/location.py:146}}
Sep 17 12:26:34 jammy-provider-cloud-0000007636 devstack@g-api.service[105017]: DEBUG glance_store.location [-] Registering scheme filesystem with {'store': <glance_store._drivers.filesystem.Store object at 0x7f1b7ac22530>, 'location_class': <class 'glance_store._drivers.filesystem.StoreLocation'>, 'store_entry': 'file'} {{(pid=105017) register_scheme_map /opt/stack/data/venv/lib/python3.10/site-packages/glance_store/location.py:146}}
Sep 17 12:26:34 jammy-provider-cloud-0000007636 devstack@g-api.service[105017]: DEBUG glance.sqlite_migration [-] SQLite caching database not located, skipping migration {{(pid=105017) get_db_path /opt/stack/glance/glance/sqlite_migration.py:68}}
Sep 17 12:26:34 jammy-provider-cloud-0000007636 devstack@g-api.service[105017]: WARNING glance.common.wsgi_app [-] Import methods are enabled but staging directory /tmp/staging/ does not exist; Imports will fail!
Sep 17 12:26:34 jammy-provider-cloud-0000007636 devstack@g-api.service[105018]: DEBUG glance_store.backend [-] Attempting to import store cinder {{(pid=105018) _load_store /opt/stack/data/venv/lib/python3.10/site-packages/glance_store/backend.py:216}}
Sep 17 12:26:34 jammy-provider-cloud-0000007636 devstack@g-api.service[105018]: DEBUG glance_store.backend [-] Attempting to import store file {{(pid=105018) _load_store /opt/stack/data/venv/lib/python3.10/site-packages/glance_store/backend.py:216}}
Sep 17 12:26:34 jammy-provider-cloud-0000007636 devstack@g-api.service[105018]: DEBUG glance_store.backend [-] Attempting to import store glance.store.cinder.Store {{(pid=105018) _load_store /opt/stack/data/venv/lib/python3.10/site-packages/glance_store/backend.py:216}}
Sep 17 12:26:34 jammy-provider-cloud-0000007636 devstack@g-api.service[105018]: DEBUG glance_store.backend [-] Attempting to import store glance.store.filesystem.Store {{(pid=105018) _load_store /opt/stack/data/venv/lib/python3.10/site-packages/glance_store/backend.py:216}}
Sep 17 12:26:34 jammy-provider-cloud-0000007636 devstack@g-api.service[105018]: DEBUG glance_store.backend [-] Attempting to import store glance.store.http.Store {{(pid=105018) _load_store /opt/stack/data/venv/lib/python3.10/site-packages/glance_store/backend.py:216}}
Sep 17 12:26:34 jammy-provider-cloud-0000007636 devstack@g-api.service[105018]: DEBUG glance_store.backend [-] Attempting to import store glance.store.rbd.Store {{(pid=105018) _load_store /opt/stack/data/venv/lib/python3.10/site-packages/glance_store/backend.py:216}}
Sep 17 12:26:34 jammy-provider-cloud-0000007636 devstack@g-api.service[105018]: DEBUG glance_store.backend [-] Attempting to import store glance.store.s3.Store {{(pid=105018) _load_store /opt/stack/data/venv/lib/python3.10/site-packages/glance_store/backend.py:216}}
Sep 17 12:26:34 jammy-provider-cloud-0000007636 devstack@g-api.service[105018]: DEBUG glance_store.backend [-] Attempting to import store glance.store.swift.Store {{(pid=105018) _load_store /opt/stack/data/venv/lib/python3.10/site-packages/glance_store/backend.py:216}}
Sep 17 12:26:34 jammy-provider-cloud-0000007636 devstack@g-api.service[105018]: DEBUG glance_store.backend [-] Attempting to import store glance.store.vmware_datastore.Store {{(pid=105018) _load_store /opt/stack/data/venv/lib/python3.10/site-packages/glance_store/backend.py:216}}
Sep 17 12:26:34 jammy-provider-cloud-0000007636 devstack@g-api.service[105018]: DEBUG glance_store.backend [-] Attempting to import store http {{(pid=105018) _load_store /opt/stack/data/venv/lib/python3.10/site-packages/glance_store/backend.py:216}}
Sep 17 12:26:34 jammy-provider-cloud-0000007636 devstack@g-api.service[105018]: DEBUG glance_store.backend [-] Attempting to import store no_conf {{(pid=105018) _load_store /opt/stack/data/venv/lib/python3.10/site-packages/glance_store/backend.py:216}}
Sep 17 12:26:34 jammy-provider-cloud-0000007636 devstack@g-api.service[105018]: DEBUG glance_store.backend [-] Attempting to import store rbd {{(pid=105018) _load_store /opt/stack/data/venv/lib/python3.10/site-packages/glance_store/backend.py:216}}
Sep 17 12:26:34 jammy-provider-cloud-0000007636 devstack@g-api.service[105018]: DEBUG glance_store.backend [-] Attempting to import store s3 {{(pid=105018) _load_store /opt/stack/data/venv/lib/python3.10/site-packages/glance_store/backend.py:216}}
Sep 17 12:26:34 jammy-provider-cloud-0000007636 devstack@g-api.service[105018]: DEBUG glance_store.backend [-] Attempting to import store swift {{(pid=105018) _load_store /opt/stack/data/venv/lib/python3.10/site-packages/glance_store/backend.py:216}}
Sep 17 12:26:34 jammy-provider-cloud-0000007636 devstack@g-api.service[105018]: DEBUG glance_store.backend [-] Attempting to import store vmware {{(pid=105018) _load_store /opt/stack/data/venv/lib/python3.10/site-packages/glance_store/backend.py:216}}
Sep 17 12:26:34 jammy-provider-cloud-0000007636 devstack@g-api.service[105018]: DEBUG glance_store.backend [-] Registering options for group glance_store {{(pid=105018) register_opts /opt/stack/data/venv/lib/python3.10/site-packages/glance_store/backend.py:145}}
Sep 17 12:26:34 jammy-provider-cloud-0000007636 devstack@g-api.service[105018]: DEBUG glance_store.backend [-] Registering options for group glance_store {{(pid=105018) register_opts /opt/stack/data/venv/lib/python3.10/site-packages/glance_store/backend.py:145}}
Sep 17 12:26:34 jammy-provider-cloud-0000007636 devstack@g-api.service[105018]: DEBUG glance_store.backend [-] Attempting to import store http {{(pid=105018) _load_store /opt/stack/data/venv/lib/python3.10/site-packages/glance_store/backend.py:216}}
Sep 17 12:26:34 jammy-provider-cloud-0000007636 devstack@g-api.service[105018]: DEBUG glance_store.capabilities [-] Store glance_store._drivers.http.Store doesn't support updating dynamic storage capabilities. Please overwrite 'update_capabilities' method of the store to implement updating logics if needed. {{(pid=105018) update_capabilities /opt/stack/data/venv/lib/python3.10/site-packages/glance_store/capabilities.py:91}}
Sep 17 12:26:34 jammy-provider-cloud-0000007636 devstack@g-api.service[105018]: DEBUG glance_store.backend [-] Registering store http with schemes ('http', 'https') {{(pid=105018) create_stores /opt/stack/data/venv/lib/python3.10/site-packages/glance_store/backend.py:262}}
Sep 17 12:26:34 jammy-provider-cloud-0000007636 devstack@g-api.service[105018]: DEBUG glance_store.driver [-] Late loading location class glance_store._drivers.http.StoreLocation {{(pid=105018) get_store_location_class /opt/stack/data/venv/lib/python3.10/site-packages/glance_store/driver.py:133}}
Sep 17 12:26:34 jammy-provider-cloud-0000007636 devstack@g-api.service[105018]: DEBUG glance_store.location [-] Registering scheme http with {'store': <glance_store._drivers.http.Store object at 0x7f1b7ac20eb0>, 'location_class': <class 'glance_store._drivers.http.StoreLocation'>, 'store_entry': 'http'} {{(pid=105018) register_scheme_map /opt/stack/data/venv/lib/python3.10/site-packages/glance_store/location.py:146}}
Sep 17 12:26:34 jammy-provider-cloud-0000007636 devstack@g-api.service[105018]: DEBUG glance_store.location [-] Registering scheme https with {'store': <glance_store._drivers.http.Store object at 0x7f1b7ac20eb0>, 'location_class': <class 'glance_store._drivers.http.StoreLocation'>, 'store_entry': 'http'} {{(pid=105018) register_scheme_map /opt/stack/data/venv/lib/python3.10/site-packages/glance_store/location.py:146}}
Sep 17 12:26:34 jammy-provider-cloud-0000007636 devstack@g-api.service[105018]: DEBUG glance_store.backend [-] Attempting to import store file {{(pid=105018) _load_store /opt/stack/data/venv/lib/python3.10/site-packages/glance_store/backend.py:216}}
Sep 17 12:26:34 jammy-provider-cloud-0000007636 devstack@g-api.service[105018]: DEBUG glance_store.capabilities [-] Store glance_store._drivers.filesystem.Store doesn't support updating dynamic storage capabilities. Please overwrite 'update_capabilities' method of the store to implement updating logics if needed. {{(pid=105018) update_capabilities /opt/stack/data/venv/lib/python3.10/site-packages/glance_store/capabilities.py:91}}
Sep 17 12:26:34 jammy-provider-cloud-0000007636 devstack@g-api.service[105018]: DEBUG glance_store.backend [-] Registering store file with schemes ('file', 'filesystem') {{(pid=105018) create_stores /opt/stack/data/venv/lib/python3.10/site-packages/glance_store/backend.py:262}}
Sep 17 12:26:34 jammy-provider-cloud-0000007636 devstack@g-api.service[105018]: DEBUG glance_store.driver [-] Late loading location class glance_store._drivers.filesystem.StoreLocation {{(pid=105018) get_store_location_class /opt/stack/data/venv/lib/python3.10/site-packages/glance_store/driver.py:133}}
Sep 17 12:26:34 jammy-provider-cloud-0000007636 devstack@g-api.service[105018]: DEBUG glance_store.location [-] Registering scheme file with {'store': <glance_store._drivers.filesystem.Store object at 0x7f1b7ac22530>, 'location_class': <class 'glance_store._drivers.filesystem.StoreLocation'>, 'store_entry': 'file'} {{(pid=105018) register_scheme_map /opt/stack/data/venv/lib/python3.10/site-packages/glance_store/location.py:146}}
Sep 17 12:26:34 jammy-provider-cloud-0000007636 devstack@g-api.service[105018]: DEBUG glance_store.location [-] Registering scheme filesystem with {'store': <glance_store._drivers.filesystem.Store object at 0x7f1b7ac22530>, 'location_class': <class 'glance_store._drivers.filesystem.StoreLocation'>, 'store_entry': 'file'} {{(pid=105018) register_scheme_map /opt/stack/data/venv/lib/python3.10/site-packages/glance_store/location.py:146}}
Sep 17 12:26:34 jammy-provider-cloud-0000007636 devstack@g-api.service[105018]: DEBUG glance.sqlite_migration [-] SQLite caching database not located, skipping migration {{(pid=105018) get_db_path /opt/stack/glance/glance/sqlite_migration.py:68}}
Sep 17 12:26:34 jammy-provider-cloud-0000007636 devstack@g-api.service[105018]: WARNING glance.common.wsgi_app [-] Import methods are enabled but staging directory /tmp/staging/ does not exist; Imports will fail!
Sep 17 12:26:34 jammy-provider-cloud-0000007636 devstack@g-api.service[105017]: DEBUG glance.common.config [None req-082073ea-097e-4e64-b126-28c04b9ee7b3 None None] Loading glance-api-keystone+cachemanagement from /etc/glance/glance-api-paste.ini {{(pid=105017) load_paste_app /opt/stack/glance/glance/common/config.py:726}}
Sep 17 12:26:34 jammy-provider-cloud-0000007636 devstack@g-api.service[105018]: DEBUG glance.common.config [None req-213e19de-c3e2-411c-97c1-9dd1a2d2aea1 None None] Loading glance-api-keystone+cachemanagement from /etc/glance/glance-api-paste.ini {{(pid=105018) load_paste_app /opt/stack/glance/glance/common/config.py:726}}
Sep 17 12:26:35 jammy-provider-cloud-0000007636 devstack@g-api.service[105017]: INFO glance.image_cache [None req-082073ea-097e-4e64-b126-28c04b9ee7b3 None None] Image cache loaded driver 'centralized_db'.
Sep 17 12:26:35 jammy-provider-cloud-0000007636 devstack@g-api.service[105018]: INFO glance.image_cache [None req-213e19de-c3e2-411c-97c1-9dd1a2d2aea1 None None] Image cache loaded driver 'centralized_db'.
Sep 17 12:26:35 jammy-provider-cloud-0000007636 devstack@g-api.service[105017]: INFO dbcounter [None req-082073ea-097e-4e64-b126-28c04b9ee7b3 None None] Registered counter for database glance
Sep 17 12:26:35 jammy-provider-cloud-0000007636 devstack@g-api.service[105018]: INFO dbcounter [None req-213e19de-c3e2-411c-97c1-9dd1a2d2aea1 None None] Registered counter for database glance
Sep 17 12:26:35 jammy-provider-cloud-0000007636 devstack@g-api.service[105017]: DEBUG oslo_db.sqlalchemy.engines [None req-082073ea-097e-4e64-b126-28c04b9ee7b3 None None] MySQL server mode set to STRICT_TRANS_TABLES,STRICT_ALL_TABLES,NO_ZERO_IN_DATE,NO_ZERO_DATE,ERROR_FOR_DIVISION_BY_ZERO,TRADITIONAL,NO_ENGINE_SUBSTITUTION {{(pid=105017) _check_effective_sql_mode /opt/stack/data/venv/lib/python3.10/site-packages/oslo_db/sqlalchemy/engines.py:342}}
Sep 17 12:26:35 jammy-provider-cloud-0000007636 devstack@g-api.service[105018]: DEBUG oslo_db.sqlalchemy.engines [None req-213e19de-c3e2-411c-97c1-9dd1a2d2aea1 None None] MySQL server mode set to STRICT_TRANS_TABLES,STRICT_ALL_TABLES,NO_ZERO_IN_DATE,NO_ZERO_DATE,ERROR_FOR_DIVISION_BY_ZERO,TRADITIONAL,NO_ENGINE_SUBSTITUTION {{(pid=105018) _check_effective_sql_mode /opt/stack/data/venv/lib/python3.10/site-packages/oslo_db/sqlalchemy/engines.py:342}}
Sep 17 12:26:35 jammy-provider-cloud-0000007636 devstack@g-api.service[105017]: DEBUG dbcounter [-] [105017] Writer thread running {{(pid=105017) stat_writer /opt/stack/data/venv/lib/python3.10/site-packages/dbcounter.py:102}}
Sep 17 12:26:35 jammy-provider-cloud-0000007636 devstack@g-api.service[105017]: INFO glance.image_cache [None req-082073ea-097e-4e64-b126-28c04b9ee7b3 None None] Image cache loaded driver 'centralized_db'.
Sep 17 12:26:35 jammy-provider-cloud-0000007636 devstack@g-api.service[105018]: DEBUG dbcounter [-] [105018] Writer thread running {{(pid=105018) stat_writer /opt/stack/data/venv/lib/python3.10/site-packages/dbcounter.py:102}}
Sep 17 12:26:35 jammy-provider-cloud-0000007636 devstack@g-api.service[105018]: DEBUG glance.image_cache.drivers.centralized_db [None req-213e19de-c3e2-411c-97c1-9dd1a2d2aea1 None None] Node reference is already recorded, ignoring it {{(pid=105018) configure /opt/stack/glance/glance/image_cache/drivers/centralized_db.py:71}}
Sep 17 12:26:35 jammy-provider-cloud-0000007636 devstack@g-api.service[105017]: DEBUG glance.image_cache.drivers.centralized_db [None req-082073ea-097e-4e64-b126-28c04b9ee7b3 None None] Node reference is already recorded, ignoring it {{(pid=105017) configure /opt/stack/glance/glance/image_cache/drivers/centralized_db.py:71}}
Sep 17 12:26:35 jammy-provider-cloud-0000007636 devstack@g-api.service[105018]: INFO glance.image_cache [None req-213e19de-c3e2-411c-97c1-9dd1a2d2aea1 None None] Image cache loaded driver 'centralized_db'.
Sep 17 12:26:35 jammy-provider-cloud-0000007636 devstack@g-api.service[105017]: DEBUG glance.api.v2.cached_images [None req-082073ea-097e-4e64-b126-28c04b9ee7b3 None None] Started cache worker thread {{(pid=105017) __init__ /opt/stack/glance/glance/api/v2/cached_images.py:69}}
Sep 17 12:26:35 jammy-provider-cloud-0000007636 devstack@g-api.service[105017]: INFO glance.image_cache [None req-082073ea-097e-4e64-b126-28c04b9ee7b3 None None] Image cache loaded driver 'centralized_db'.
Sep 17 12:26:35 jammy-provider-cloud-0000007636 devstack@g-api.service[105018]: DEBUG glance.image_cache.drivers.centralized_db [None req-213e19de-c3e2-411c-97c1-9dd1a2d2aea1 None None] Node reference is already recorded, ignoring it {{(pid=105018) configure /opt/stack/glance/glance/image_cache/drivers/centralized_db.py:71}}
Sep 17 12:26:35 jammy-provider-cloud-0000007636 devstack@g-api.service[105017]: DEBUG glance.image_cache.drivers.centralized_db [None req-082073ea-097e-4e64-b126-28c04b9ee7b3 None None] Node reference is already recorded, ignoring it {{(pid=105017) configure /opt/stack/glance/glance/image_cache/drivers/centralized_db.py:71}}
Sep 17 12:26:35 jammy-provider-cloud-0000007636 devstack@g-api.service[105018]: DEBUG glance.api.v2.cached_images [None req-213e19de-c3e2-411c-97c1-9dd1a2d2aea1 None None] Started cache worker thread {{(pid=105018) __init__ /opt/stack/glance/glance/api/v2/cached_images.py:69}}
Sep 17 12:26:35 jammy-provider-cloud-0000007636 devstack@g-api.service[105018]: INFO glance.image_cache [None req-213e19de-c3e2-411c-97c1-9dd1a2d2aea1 None None] Image cache loaded driver 'centralized_db'.
Sep 17 12:26:35 jammy-provider-cloud-0000007636 devstack@g-api.service[105017]: INFO glance.api.middleware.cache_manage [None req-082073ea-097e-4e64-b126-28c04b9ee7b3 None None] Initialized image cache management middleware
Sep 17 12:26:35 jammy-provider-cloud-0000007636 devstack@g-api.service[105017]: INFO glance.image_cache [None req-082073ea-097e-4e64-b126-28c04b9ee7b3 None None] Image cache loaded driver 'centralized_db'.
Sep 17 12:26:35 jammy-provider-cloud-0000007636 devstack@g-api.service[105017]: DEBUG glance.image_cache.drivers.centralized_db [None req-082073ea-097e-4e64-b126-28c04b9ee7b3 None None] Node reference is already recorded, ignoring it {{(pid=105017) configure /opt/stack/glance/glance/image_cache/drivers/centralized_db.py:71}}
Sep 17 12:26:35 jammy-provider-cloud-0000007636 devstack@g-api.service[105018]: DEBUG glance.image_cache.drivers.centralized_db [None req-213e19de-c3e2-411c-97c1-9dd1a2d2aea1 None None] Node reference is already recorded, ignoring it {{(pid=105018) configure /opt/stack/glance/glance/image_cache/drivers/centralized_db.py:71}}
Sep 17 12:26:35 jammy-provider-cloud-0000007636 devstack@g-api.service[105017]: INFO glance.api.middleware.cache [None req-082073ea-097e-4e64-b126-28c04b9ee7b3 None None] Initialized image cache middleware
Sep 17 12:26:35 jammy-provider-cloud-0000007636 devstack@g-api.service[105018]: INFO glance.api.middleware.cache_manage [None req-213e19de-c3e2-411c-97c1-9dd1a2d2aea1 None None] Initialized image cache management middleware
Sep 17 12:26:35 jammy-provider-cloud-0000007636 devstack@g-api.service[105018]: INFO glance.image_cache [None req-213e19de-c3e2-411c-97c1-9dd1a2d2aea1 None None] Image cache loaded driver 'centralized_db'.
Sep 17 12:26:35 jammy-provider-cloud-0000007636 devstack@g-api.service[105017]: WARNING keystonemiddleware.auth_token [None req-082073ea-097e-4e64-b126-28c04b9ee7b3 None None] AuthToken middleware is set with keystone_authtoken.service_token_roles_required set to False. This is backwards compatible but deprecated behaviour. Please set this to True.
Sep 17 12:26:35 jammy-provider-cloud-0000007636 devstack@g-api.service[105017]: WARNING keystonemiddleware.auth_token [None req-082073ea-097e-4e64-b126-28c04b9ee7b3 None None] Configuring www_authenticate_uri to point to the public identity endpoint is required; clients may not be able to authenticate against an admin endpoint
Sep 17 12:26:35 jammy-provider-cloud-0000007636 devstack@g-api.service[105018]: DEBUG glance.image_cache.drivers.centralized_db [None req-213e19de-c3e2-411c-97c1-9dd1a2d2aea1 None None] Node reference is already recorded, ignoring it {{(pid=105018) configure /opt/stack/glance/glance/image_cache/drivers/centralized_db.py:71}}
Sep 17 12:26:35 jammy-provider-cloud-0000007636 devstack@g-api.service[105017]: DEBUG glance.common.config [None req-082073ea-097e-4e64-b126-28c04b9ee7b3 None None] ******************************************************************************** {{(pid=105017) log_opt_values /opt/stack/data/venv/lib/python3.10/site-packages/oslo_config/cfg.py:2806}}
Sep 17 12:26:35 jammy-provider-cloud-0000007636 devstack@g-api.service[105017]: DEBUG glance.common.config [None req-082073ea-097e-4e64-b126-28c04b9ee7b3 None None] Configuration options gathered from: {{(pid=105017) log_opt_values /opt/stack/data/venv/lib/python3.10/site-packages/oslo_config/cfg.py:2807}}
Sep 17 12:26:35 jammy-provider-cloud-0000007636 devstack@g-api.service[105017]: DEBUG glance.common.config [None req-082073ea-097e-4e64-b126-28c04b9ee7b3 None None] command line args: [] {{(pid=105017) log_opt_values /opt/stack/data/venv/lib/python3.10/site-packages/oslo_config/cfg.py:2808}}
Sep 17 12:26:35 jammy-provider-cloud-0000007636 devstack@g-api.service[105017]: DEBUG glance.common.config [None req-082073ea-097e-4e64-b126-28c04b9ee7b3 None None] config files: ['/etc/glance/glance-image-import.conf', '/etc/glance/glance-api.conf'] {{(pid=105017) log_opt_values /opt/stack/data/venv/lib/python3.10/site-packages/oslo_config/cfg.py:2809}}
Sep 17 12:26:35 jammy-provider-cloud-0000007636 devstack@g-api.service[105017]: DEBUG glance.common.config [None req-082073ea-097e-4e64-b126-28c04b9ee7b3 None None] ================================================================================ {{(pid=105017) log_opt_values /opt/stack/data/venv/lib/python3.10/site-packages/oslo_config/cfg.py:2811}}
Sep 17 12:26:35 jammy-provider-cloud-0000007636 devstack@g-api.service[105017]: DEBUG glance.common.config [None req-082073ea-097e-4e64-b126-28c04b9ee7b3 None None] allow_anonymous_access         = False {{(pid=105017) log_opt_values /opt/stack/data/venv/lib/python3.10/site-packages/oslo_config/cfg.py:2819}}
Sep 17 12:26:35 jammy-provider-cloud-0000007636 devstack@g-api.service[105017]: DEBUG glance.common.config [None req-082073ea-097e-4e64-b126-28c04b9ee7b3 None None] api_limit_max                  = 1000 {{(pid=105017) log_opt_values /opt/stack/data/venv/lib/python3.10/site-packages/oslo_config/cfg.py:2819}}
Sep 17 12:26:35 jammy-provider-cloud-0000007636 devstack@g-api.service[105017]: DEBUG glance.common.config [None req-082073ea-097e-4e64-b126-28c04b9ee7b3 None None] backlog                        = 4096 {{(pid=105017) log_opt_values /opt/stack/data/venv/lib/python3.10/site-packages/oslo_config/cfg.py:2819}}
Sep 17 12:26:35 jammy-provider-cloud-0000007636 devstack@g-api.service[105017]: DEBUG glance.common.config [None req-082073ea-097e-4e64-b126-28c04b9ee7b3 None None] bind_host                      = 0.0.0.0 {{(pid=105017) log_opt_values /opt/stack/data/venv/lib/python3.10/site-packages/oslo_config/cfg.py:2819}}
Sep 17 12:26:35 jammy-provider-cloud-0000007636 devstack@g-api.service[105017]: DEBUG glance.common.config [None req-082073ea-097e-4e64-b126-28c04b9ee7b3 None None] bind_port                      = None {{(pid=105017) log_opt_values /opt/stack/data/venv/lib/python3.10/site-packages/oslo_config/cfg.py:2819}}
Sep 17 12:26:35 jammy-provider-cloud-0000007636 devstack@g-api.service[105018]: INFO glance.api.middleware.cache [None req-213e19de-c3e2-411c-97c1-9dd1a2d2aea1 None None] Initialized image cache middleware
Sep 17 12:26:35 jammy-provider-cloud-0000007636 devstack@g-api.service[105017]: DEBUG glance.common.config [None req-082073ea-097e-4e64-b126-28c04b9ee7b3 None None] client_socket_timeout          = 900 {{(pid=105017) log_opt_values /opt/stack/data/venv/lib/python3.10/site-packages/oslo_config/cfg.py:2819}}
Sep 17 12:26:35 jammy-provider-cloud-0000007636 devstack@g-api.service[105017]: DEBUG glance.common.config [None req-082073ea-097e-4e64-b126-28c04b9ee7b3 None None] config_dir                     = [] {{(pid=105017) log_opt_values /opt/stack/data/venv/lib/python3.10/site-packages/oslo_config/cfg.py:2819}}
Sep 17 12:26:35 jammy-provider-cloud-0000007636 devstack@g-api.service[105017]: DEBUG glance.common.config [None req-082073ea-097e-4e64-b126-28c04b9ee7b3 None None] config_file                    = ['/etc/glance/glance-image-import.conf', '/etc/glance/glance-api.conf'] {{(pid=105017) log_opt_values /opt/stack/data/venv/lib/python3.10/site-packages/oslo_config/cfg.py:2819}}
Sep 17 12:26:35 jammy-provider-cloud-0000007636 devstack@g-api.service[105017]: DEBUG glance.common.config [None req-082073ea-097e-4e64-b126-28c04b9ee7b3 None None] config_source                  = [] {{(pid=105017) log_opt_values /opt/stack/data/venv/lib/python3.10/site-packages/oslo_config/cfg.py:2819}}
Sep 17 12:26:35 jammy-provider-cloud-0000007636 devstack@g-api.service[105017]: DEBUG glance.common.config [None req-082073ea-097e-4e64-b126-28c04b9ee7b3 None None] control_exchange               = glance {{(pid=105017) log_opt_values /opt/stack/data/venv/lib/python3.10/site-packages/oslo_config/cfg.py:2819}}
Sep 17 12:26:35 jammy-provider-cloud-0000007636 devstack@g-api.service[105017]: DEBUG glance.common.config [None req-082073ea-097e-4e64-b126-28c04b9ee7b3 None None] debug                          = True {{(pid=105017) log_opt_values /opt/stack/data/venv/lib/python3.10/site-packages/oslo_config/cfg.py:2819}}
Sep 17 12:26:35 jammy-provider-cloud-0000007636 devstack@g-api.service[105017]: DEBUG glance.common.config [None req-082073ea-097e-4e64-b126-28c04b9ee7b3 None None] default_log_levels             = ['amqp=WARN', 'amqplib=WARN', 'boto=WARN', 'qpid=WARN', 'sqlalchemy=WARN', 'suds=INFO', 'oslo.messaging=INFO', 'oslo_messaging=INFO', 'iso8601=WARN', 'requests.packages.urllib3.connectionpool=WARN', 'urllib3.connectionpool=WARN', 'websocket=WARN', 'requests.packages.urllib3.util.retry=WARN', 'urllib3.util.retry=WARN', 'keystonemiddleware=WARN', 'routes.middleware=WARN', 'stevedore=WARN', 'taskflow=WARN', 'keystoneauth=WARN', 'oslo.cache=INFO', 'oslo_policy=INFO', 'dogpile.core.dogpile=INFO'] {{(pid=105017) log_opt_values /opt/stack/data/venv/lib/python3.10/site-packages/oslo_config/cfg.py:2819}}
Sep 17 12:26:35 jammy-provider-cloud-0000007636 devstack@g-api.service[105017]: DEBUG glance.common.config [None req-082073ea-097e-4e64-b126-28c04b9ee7b3 None None] default_publisher_id           = image.localhost {{(pid=105017) log_opt_values /opt/stack/data/venv/lib/python3.10/site-packages/oslo_config/cfg.py:2819}}
Sep 17 12:26:35 jammy-provider-cloud-0000007636 devstack@g-api.service[105017]: DEBUG glance.common.config [None req-082073ea-097e-4e64-b126-28c04b9ee7b3 None None] delayed_delete                 = False {{(pid=105017) log_opt_values /opt/stack/data/venv/lib/python3.10/site-packages/oslo_config/cfg.py:2819}}
Sep 17 12:26:35 jammy-provider-cloud-0000007636 devstack@g-api.service[105017]: DEBUG glance.common.config [None req-082073ea-097e-4e64-b126-28c04b9ee7b3 None None] digest_algorithm               = sha256 {{(pid=105017) log_opt_values /opt/stack/data/venv/lib/python3.10/site-packages/oslo_config/cfg.py:2819}}
Sep 17 12:26:35 jammy-provider-cloud-0000007636 devstack@g-api.service[105017]: DEBUG glance.common.config [None req-082073ea-097e-4e64-b126-28c04b9ee7b3 None None] disabled_notifications         = [] {{(pid=105017) log_opt_values /opt/stack/data/venv/lib/python3.10/site-packages/oslo_config/cfg.py:2819}}
Sep 17 12:26:35 jammy-provider-cloud-0000007636 devstack@g-api.service[105017]: DEBUG glance.common.config [None req-082073ea-097e-4e64-b126-28c04b9ee7b3 None None] do_secure_hash                 = True {{(pid=105017) log_opt_values /opt/stack/data/venv/lib/python3.10/site-packages/oslo_config/cfg.py:2819}}
Sep 17 12:26:35 jammy-provider-cloud-0000007636 devstack@g-api.service[105017]: DEBUG glance.common.config [None req-082073ea-097e-4e64-b126-28c04b9ee7b3 None None] enabled_backends               = None {{(pid=105017) log_opt_values /opt/stack/data/venv/lib/python3.10/site-packages/oslo_config/cfg.py:2819}}
Sep 17 12:26:35 jammy-provider-cloud-0000007636 devstack@g-api.service[105017]: DEBUG glance.common.config [None req-082073ea-097e-4e64-b126-28c04b9ee7b3 None None] enabled_import_methods         = ['glance-direct', 'web-download', 'copy-image'] {{(pid=105017) log_opt_values /opt/stack/data/venv/lib/python3.10/site-packages/oslo_config/cfg.py:2819}}
Sep 17 12:26:35 jammy-provider-cloud-0000007636 devstack@g-api.service[105017]: DEBUG glance.common.config [None req-082073ea-097e-4e64-b126-28c04b9ee7b3 None None] hashing_algorithm              = sha512 {{(pid=105017) log_opt_values /opt/stack/data/venv/lib/python3.10/site-packages/oslo_config/cfg.py:2819}}
Sep 17 12:26:35 jammy-provider-cloud-0000007636 devstack@g-api.service[105017]: DEBUG glance.common.config [None req-082073ea-097e-4e64-b126-28c04b9ee7b3 None None] http_keepalive                 = True {{(pid=105017) log_opt_values /opt/stack/data/venv/lib/python3.10/site-packages/oslo_config/cfg.py:2819}}
Sep 17 12:26:35 jammy-provider-cloud-0000007636 devstack@g-api.service[105017]: DEBUG glance.common.config [None req-082073ea-097e-4e64-b126-28c04b9ee7b3 None None] http_retries                   = 3 {{(pid=105017) log_opt_values /opt/stack/data/venv/lib/python3.10/site-packages/oslo_config/cfg.py:2819}}
Sep 17 12:26:35 jammy-provider-cloud-0000007636 devstack@g-api.service[105017]: DEBUG glance.common.config [None req-082073ea-097e-4e64-b126-28c04b9ee7b3 None None] image_cache_dir                = /opt/stack/data/glance/cache/ {{(pid=105017) log_opt_values /opt/stack/data/venv/lib/python3.10/site-packages/oslo_config/cfg.py:2819}}
Sep 17 12:26:35 jammy-provider-cloud-0000007636 devstack@g-api.service[105017]: DEBUG glance.common.config [None req-082073ea-097e-4e64-b126-28c04b9ee7b3 None None] image_cache_driver             = centralized_db {{(pid=105017) log_opt_values /opt/stack/data/venv/lib/python3.10/site-packages/oslo_config/cfg.py:2819}}
Sep 17 12:26:35 jammy-provider-cloud-0000007636 devstack@g-api.service[105017]: DEBUG glance.common.config [None req-082073ea-097e-4e64-b126-28c04b9ee7b3 None None] image_cache_max_size           = 10737418240 {{(pid=105017) log_opt_values /opt/stack/data/venv/lib/python3.10/site-packages/oslo_config/cfg.py:2819}}
Sep 17 12:26:35 jammy-provider-cloud-0000007636 devstack@g-api.service[105017]: DEBUG glance.common.config [None req-082073ea-097e-4e64-b126-28c04b9ee7b3 None None] image_cache_sqlite_db          = cache.db {{(pid=105017) log_opt_values /opt/stack/data/venv/lib/python3.10/site-packages/oslo_config/cfg.py:2819}}
Sep 17 12:26:35 jammy-provider-cloud-0000007636 devstack@g-api.service[105017]: DEBUG glance.common.config [None req-082073ea-097e-4e64-b126-28c04b9ee7b3 None None] image_cache_stall_time         = 86400 {{(pid=105017) log_opt_values /opt/stack/data/venv/lib/python3.10/site-packages/oslo_config/cfg.py:2819}}
Sep 17 12:26:35 jammy-provider-cloud-0000007636 devstack@g-api.service[105017]: DEBUG glance.common.config [None req-082073ea-097e-4e64-b126-28c04b9ee7b3 None None] image_location_quota           = 10 {{(pid=105017) log_opt_values /opt/stack/data/venv/lib/python3.10/site-packages/oslo_config/cfg.py:2819}}
Sep 17 12:26:35 jammy-provider-cloud-0000007636 devstack@g-api.service[105017]: DEBUG glance.common.config [None req-082073ea-097e-4e64-b126-28c04b9ee7b3 None None] image_member_quota             = 128 {{(pid=105017) log_opt_values /opt/stack/data/venv/lib/python3.10/site-packages/oslo_config/cfg.py:2819}}
Sep 17 12:26:35 jammy-provider-cloud-0000007636 devstack@g-api.service[105017]: DEBUG glance.common.config [None req-082073ea-097e-4e64-b126-28c04b9ee7b3 None None] image_property_quota           = 128 {{(pid=105017) log_opt_values /opt/stack/data/venv/lib/python3.10/site-packages/oslo_config/cfg.py:2819}}
Sep 17 12:26:35 jammy-provider-cloud-0000007636 devstack@g-api.service[105017]: DEBUG glance.common.config [None req-082073ea-097e-4e64-b126-28c04b9ee7b3 None None] image_size_cap                 = 1099511627776 {{(pid=105017) log_opt_values /opt/stack/data/venv/lib/python3.10/site-packages/oslo_config/cfg.py:2819}}
Sep 17 12:26:35 jammy-provider-cloud-0000007636 devstack@g-api.service[105017]: DEBUG glance.common.config [None req-082073ea-097e-4e64-b126-28c04b9ee7b3 None None] image_tag_quota                = 128 {{(pid=105017) log_opt_values /opt/stack/data/venv/lib/python3.10/site-packages/oslo_config/cfg.py:2819}}
Sep 17 12:26:35 jammy-provider-cloud-0000007636 devstack@g-api.service[105017]: DEBUG glance.common.config [None req-082073ea-097e-4e64-b126-28c04b9ee7b3 None None] instance_format                = [instance: %(uuid)s]  {{(pid=105017) log_opt_values /opt/stack/data/venv/lib/python3.10/site-packages/oslo_config/cfg.py:2819}}
Sep 17 12:26:35 jammy-provider-cloud-0000007636 devstack@g-api.service[105017]: DEBUG glance.common.config [None req-082073ea-097e-4e64-b126-28c04b9ee7b3 None None] instance_uuid_format           = [instance: %(uuid)s]  {{(pid=105017) log_opt_values /opt/stack/data/venv/lib/python3.10/site-packages/oslo_config/cfg.py:2819}}
Sep 17 12:26:35 jammy-provider-cloud-0000007636 devstack@g-api.service[105017]: DEBUG glance.common.config [None req-082073ea-097e-4e64-b126-28c04b9ee7b3 None None] limit_param_default            = 25 {{(pid=105017) log_opt_values /opt/stack/data/venv/lib/python3.10/site-packages/oslo_config/cfg.py:2819}}
Sep 17 12:26:35 jammy-provider-cloud-0000007636 devstack@g-api.service[105017]: DEBUG glance.common.config [None req-082073ea-097e-4e64-b126-28c04b9ee7b3 None None] log_color                      = True {{(pid=105017) log_opt_values /opt/stack/data/venv/lib/python3.10/site-packages/oslo_config/cfg.py:2819}}
Sep 17 12:26:35 jammy-provider-cloud-0000007636 devstack@g-api.service[105017]: DEBUG glance.common.config [None req-082073ea-097e-4e64-b126-28c04b9ee7b3 None None] log_config_append              = None {{(pid=105017) log_opt_values /opt/stack/data/venv/lib/python3.10/site-packages/oslo_config/cfg.py:2819}}
Sep 17 12:26:35 jammy-provider-cloud-0000007636 devstack@g-api.service[105017]: DEBUG glance.common.config [None req-082073ea-097e-4e64-b126-28c04b9ee7b3 None None] log_date_format                = %Y-%m-%d %H:%M:%S {{(pid=105017) log_opt_values /opt/stack/data/venv/lib/python3.10/site-packages/oslo_config/cfg.py:2819}}
Sep 17 12:26:35 jammy-provider-cloud-0000007636 devstack@g-api.service[105017]: DEBUG glance.common.config [None req-082073ea-097e-4e64-b126-28c04b9ee7b3 None None] log_dir                        = None {{(pid=105017) log_opt_values /opt/stack/data/venv/lib/python3.10/site-packages/oslo_config/cfg.py:2819}}
Sep 17 12:26:35 jammy-provider-cloud-0000007636 devstack@g-api.service[105018]: WARNING keystonemiddleware.auth_token [None req-213e19de-c3e2-411c-97c1-9dd1a2d2aea1 None None] AuthToken middleware is set with keystone_authtoken.service_token_roles_required set to False. This is backwards compatible but deprecated behaviour. Please set this to True.
Sep 17 12:26:35 jammy-provider-cloud-0000007636 devstack@g-api.service[105017]: DEBUG glance.common.config [None req-082073ea-097e-4e64-b126-28c04b9ee7b3 None None] log_file                       = None {{(pid=105017) log_opt_values /opt/stack/data/venv/lib/python3.10/site-packages/oslo_config/cfg.py:2819}}
Sep 17 12:26:35 jammy-provider-cloud-0000007636 devstack@g-api.service[105017]: DEBUG glance.common.config [None req-082073ea-097e-4e64-b126-28c04b9ee7b3 None None] log_rotate_interval            = 1 {{(pid=105017) log_opt_values /opt/stack/data/venv/lib/python3.10/site-packages/oslo_config/cfg.py:2819}}
Sep 17 12:26:35 jammy-provider-cloud-0000007636 devstack@g-api.service[105017]: DEBUG glance.common.config [None req-082073ea-097e-4e64-b126-28c04b9ee7b3 None None] log_rotate_interval_type       = days {{(pid=105017) log_opt_values /opt/stack/data/venv/lib/python3.10/site-packages/oslo_config/cfg.py:2819}}
Sep 17 12:26:35 jammy-provider-cloud-0000007636 devstack@g-api.service[105017]: DEBUG glance.common.config [None req-082073ea-097e-4e64-b126-28c04b9ee7b3 None None] log_rotation_type              = none {{(pid=105017) log_opt_values /opt/stack/data/venv/lib/python3.10/site-packages/oslo_config/cfg.py:2819}}
Sep 17 12:26:35 jammy-provider-cloud-0000007636 devstack@g-api.service[105017]: DEBUG glance.common.config [None req-082073ea-097e-4e64-b126-28c04b9ee7b3 None None] logging_context_format_string  = %(color)s%(levelname)s %(name)s [%(global_request_id)s %(request_id)s %(project_name)s %(user_name)s%(color)s] %(instance)s%(color)s%(message)s {{(pid=105017) log_opt_values /opt/stack/data/venv/lib/python3.10/site-packages/oslo_config/cfg.py:2819}}
Sep 17 12:26:35 jammy-provider-cloud-0000007636 devstack@g-api.service[105017]: DEBUG glance.common.config [None req-082073ea-097e-4e64-b126-28c04b9ee7b3 None None] logging_debug_format_suffix    = {{(pid=%(process)d) %(funcName)s %(pathname)s:%(lineno)d}} {{(pid=105017) log_opt_values /opt/stack/data/venv/lib/python3.10/site-packages/oslo_config/cfg.py:2819}}
