Jun 11 17:07:37 ubuntu devstack@keystone.service[67518]: ERROR keystone.server.flask.application   File "/opt/stack/data/venv/lib/python3.12/site-packages/pymysql/protocol.py", line 219, in raise_for_error
Jun 11 17:07:37 ubuntu devstack@keystone.service[67518]: ERROR keystone.server.flask.application     err.raise_mysql_exception(self._data)
Jun 11 17:07:37 ubuntu devstack@keystone.service[67518]: ERROR keystone.server.flask.application   File "/opt/stack/data/venv/lib/python3.12/site-packages/pymysql/err.py", line 154, in raise_mysql_exception
Jun 11 17:07:37 ubuntu devstack@keystone.service[67518]: ERROR keystone.server.flask.application     raise errorclass(errno, errval, sqlstate=sqlstate)
Jun 11 17:07:37 ubuntu devstack@keystone.service[67518]: ERROR keystone.server.flask.application oslo_db.exception.DBDuplicateEntry: (pymysql.err.IntegrityError) (1062, "Duplicate entry 'service-<<null>>' for key 'role.ixu_role_name_domain_id'")
Jun 11 17:07:37 ubuntu devstack@keystone.service[67518]: ERROR keystone.server.flask.application [SQL: INSERT INTO `role` (id, name, description, extra) VALUES (%(id)s, %(name)s, %(description)s, %(extra)s)]
Jun 11 17:07:37 ubuntu devstack@keystone.service[67518]: ERROR keystone.server.flask.application [parameters: {'id': 'f27fe272c680493097a96b2998866d4a', 'name': 'service', 'description': None, 'extra': '{}'}]
Jun 11 17:07:37 ubuntu devstack@keystone.service[67518]: ERROR keystone.server.flask.application (Background on this error at: https://sqlalche.me/e/20/gkpj)
Jun 11 17:07:37 ubuntu devstack@keystone.service[67518]: ERROR keystone.server.flask.application 
Jun 11 17:07:37 ubuntu devstack@keystone.service[67518]: ERROR keystone.server.flask.application During handling of the above exception, another exception occurred:
Jun 11 17:07:37 ubuntu devstack@keystone.service[67518]: ERROR keystone.server.flask.application 
Jun 11 17:07:37 ubuntu devstack@keystone.service[67518]: ERROR keystone.server.flask.application Traceback (most recent call last):
Jun 11 17:07:37 ubuntu devstack@keystone.service[67518]: ERROR keystone.server.flask.application   File "/opt/stack/data/venv/lib/python3.12/site-packages/flask_restful/__init__.py", line 295, in error_router
Jun 11 17:07:37 ubuntu devstack@keystone.service[67518]: ERROR keystone.server.flask.application     return self.handle_error(e)
Jun 11 17:07:37 ubuntu devstack@keystone.service[67518]: ERROR keystone.server.flask.application            ^^^^^^^^^^^^^^^^^^^^
Jun 11 17:07:37 ubuntu devstack@keystone.service[67518]: ERROR keystone.server.flask.application   File "/opt/stack/data/venv/lib/python3.12/site-packages/flask_restful/__init__.py", line 310, in handle_error
Jun 11 17:07:37 ubuntu devstack@keystone.service[67518]: ERROR keystone.server.flask.application     _handle_flask_propagate_exceptions_config(current_app, e)
Jun 11 17:07:37 ubuntu devstack@keystone.service[67518]: ERROR keystone.server.flask.application   File "/opt/stack/data/venv/lib/python3.12/site-packages/flask/app.py", line 917, in full_dispatch_request
Jun 11 17:07:37 ubuntu devstack@keystone.service[67518]: ERROR keystone.server.flask.application     rv = self.dispatch_request()
Jun 11 17:07:37 ubuntu devstack@keystone.service[67518]: ERROR keystone.server.flask.application          ^^^^^^^^^^^^^^^^^^^^^^^
Jun 11 17:07:37 ubuntu devstack@keystone.service[67518]: ERROR keystone.server.flask.application   File "/opt/stack/data/venv/lib/python3.12/site-packages/flask/app.py", line 902, in dispatch_request
Jun 11 17:07:37 ubuntu devstack@keystone.service[67518]: ERROR keystone.server.flask.application     return self.ensure_sync(self.view_functions[rule.endpoint])(**view_args)  # type: ignore[no-any-return]
Jun 11 17:07:37 ubuntu devstack@keystone.service[67518]: ERROR keystone.server.flask.application            ^^^^^^^^^^^^^^^^^^^^^^^^^^^^^^^^^^^^^^^^^^^^^^^^^^^^^^^^^^^^^^^^^
Jun 11 17:07:37 ubuntu devstack@keystone.service[67518]: ERROR keystone.server.flask.application   File "/opt/stack/data/venv/lib/python3.12/site-packages/flask_restful/__init__.py", line 489, in wrapper
Jun 11 17:07:37 ubuntu devstack@keystone.service[67518]: ERROR keystone.server.flask.application     resp = resource(*args, **kwargs)
Jun 11 17:07:37 ubuntu devstack@keystone.service[67518]: ERROR keystone.server.flask.application            ^^^^^^^^^^^^^^^^^^^^^^^^^
Jun 11 17:07:37 ubuntu devstack@keystone.service[67518]: ERROR keystone.server.flask.application   File "/opt/stack/data/venv/lib/python3.12/site-packages/flask/views.py", line 110, in view
Jun 11 17:07:37 ubuntu devstack@keystone.service[67518]: ERROR keystone.server.flask.application     return current_app.ensure_sync(self.dispatch_request)(**kwargs)  # type: ignore[no-any-return]
Jun 11 17:07:37 ubuntu devstack@keystone.service[67518]: ERROR keystone.server.flask.application            ^^^^^^^^^^^^^^^^^^^^^^^^^^^^^^^^^^^^^^^^^^^^^^^^^^^^^^^^
Jun 11 17:07:37 ubuntu devstack@keystone.service[67518]: ERROR keystone.server.flask.application   File "/opt/stack/data/venv/lib/python3.12/site-packages/flask_restful/__init__.py", line 604, in dispatch_request
Jun 11 17:07:37 ubuntu devstack@keystone.service[67518]: ERROR keystone.server.flask.application     resp = meth(*args, **kwargs)
Jun 11 17:07:37 ubuntu devstack@keystone.service[67518]: ERROR keystone.server.flask.application            ^^^^^^^^^^^^^^^^^^^^^
Jun 11 17:07:37 ubuntu devstack@keystone.service[67518]: ERROR keystone.server.flask.application   File "/opt/stack/keystone/keystone/api/validation/__init__.py", line 86, in wrapper
Jun 11 17:07:37 ubuntu devstack@keystone.service[67518]: ERROR keystone.server.flask.application     return func(*args, **kwargs)
Jun 11 17:07:37 ubuntu devstack@keystone.service[67518]: ERROR keystone.server.flask.application            ^^^^^^^^^^^^^^^^^^^^^
Jun 11 17:07:37 ubuntu devstack@keystone.service[67518]: ERROR keystone.server.flask.application   File "/opt/stack/keystone/keystone/api/validation/__init__.py", line 145, in wrapper
Jun 11 17:07:37 ubuntu devstack@keystone.service[67518]: ERROR keystone.server.flask.application     response = func(*args, **kwargs)
Jun 11 17:07:37 ubuntu devstack@keystone.service[67518]: ERROR keystone.server.flask.application                ^^^^^^^^^^^^^^^^^^^^^
Jun 11 17:07:37 ubuntu devstack@keystone.service[67518]: ERROR keystone.server.flask.application   File "/opt/stack/keystone/keystone/api/roles.py", line 91, in post
Jun 11 17:07:37 ubuntu devstack@keystone.service[67518]: ERROR keystone.server.flask.application     ref = PROVIDERS.role_api.create_role(
Jun 11 17:07:37 ubuntu devstack@keystone.service[67518]: ERROR keystone.server.flask.application           ^^^^^^^^^^^^^^^^^^^^^^^^^^^^^^^
Jun 11 17:07:37 ubuntu devstack@keystone.service[67518]: ERROR keystone.server.flask.application   File "/opt/stack/keystone/keystone/common/manager.py", line 114, in wrapped
Jun 11 17:07:37 ubuntu devstack@keystone.service[67518]: ERROR keystone.server.flask.application     __ret_val = __f(*args, **kwargs)
Jun 11 17:07:37 ubuntu devstack@keystone.service[67518]: ERROR keystone.server.flask.application                 ^^^^^^^^^^^^^^^^^^^^
Jun 11 17:07:37 ubuntu devstack@keystone.service[67518]: ERROR keystone.server.flask.application   File "/opt/stack/keystone/keystone/assignment/core.py", line 1486, in create_role
Jun 11 17:07:37 ubuntu devstack@keystone.service[67518]: ERROR keystone.server.flask.application     ret = self.driver.create_role(role_id, role)
Jun 11 17:07:37 ubuntu devstack@keystone.service[67518]: ERROR keystone.server.flask.application           ^^^^^^^^^^^^^^^^^^^^^^^^^^^^^^^^^^^^^^
Jun 11 17:07:37 ubuntu devstack@keystone.service[67518]: ERROR keystone.server.flask.application   File "/opt/stack/keystone/keystone/common/sql/core.py", line 614, in wrapper
Jun 11 17:07:37 ubuntu devstack@keystone.service[67518]: ERROR keystone.server.flask.application     raise exception.Conflict(type=conflict_type, details=msg)
Jun 11 17:07:37 ubuntu devstack@keystone.service[67518]: ERROR keystone.server.flask.application keystone.exception.Conflict: Conflict occurred attempting to store role - Duplicate entry found with name service.
Jun 11 17:07:37 ubuntu devstack@keystone.service[67518]: ERROR keystone.server.flask.application 
Jun 11 17:07:37 ubuntu devstack@keystone.service[67518]: [pid: 67518|app: 0|req: 20/35] 10.120.125.143 () {62 vars in 1199 bytes} [Thu Jun 11 17:07:37 2026] POST /identity/v3/roles => generated 140 bytes in 73 msecs (HTTP/1.1 409) 5 headers in 183 bytes (2 switches on core 0)
Jun 11 17:07:37 ubuntu devstack@keystone.service[67518]: DEBUG keystone.server.flask.request_processing.req_logging [None req-edbb7616-a6a3-48b9-83ec-a892d4db596b None None] REQUEST_METHOD: `POST` {{(pid=67518) log_request_info /opt/stack/keystone/keystone/server/flask/request_processing/req_logging.py:26}}
Jun 11 17:07:37 ubuntu devstack@keystone.service[67518]: DEBUG keystone.server.flask.request_processing.req_logging [None req-edbb7616-a6a3-48b9-83ec-a892d4db596b None None] SCRIPT_NAME: `/identity` {{(pid=67518) log_request_info /opt/stack/keystone/keystone/server/flask/request_processing/req_logging.py:27}}
Jun 11 17:07:37 ubuntu devstack@keystone.service[67518]: DEBUG keystone.server.flask.request_processing.req_logging [None req-edbb7616-a6a3-48b9-83ec-a892d4db596b None None] PATH_INFO: `/v3/auth/tokens` {{(pid=67518) log_request_info /opt/stack/keystone/keystone/server/flask/request_processing/req_logging.py:28}}
Jun 11 17:07:37 ubuntu devstack@keystone.service[67518]: WARNING keystone.common.password_hashing [None req-edbb7616-a6a3-48b9-83ec-a892d4db596b None None] Truncating password to algorithm specific maximum length 72 characters.
Jun 11 17:07:37 ubuntu devstack@keystone.service[67518]: DEBUG keystone.auth.core [None req-edbb7616-a6a3-48b9-83ec-a892d4db596b None None] MFA Rules not processed for user `f93ed9af7f7f452aab32232ce39a5153`. Rule list: `[]` (Enabled: `True`). {{(pid=67518) check_auth_methods_against_rules /opt/stack/keystone/keystone/auth/core.py:476}}
Jun 11 17:07:37 ubuntu devstack@keystone.service[67518]: DEBUG keystone.common.fernet_utils [None req-edbb7616-a6a3-48b9-83ec-a892d4db596b None None] Loaded 2 Fernet keys from /etc/keystone/fernet-keys/, but `[fernet_tokens] max_active_keys = 3`; perhaps there have not been enough key rotations to reach `max_active_keys` yet? {{(pid=67518) load_keys /opt/stack/keystone/keystone/common/fernet_utils.py:297}}
Jun 11 17:07:37 ubuntu devstack@keystone.service[67519]: [pid: 67519|app: 0|req: 16/36] 10.120.125.143 () {60 vars in 1048 bytes} [Thu Jun 11 17:07:37 2026] POST /identity/v3/auth/tokens => generated 863 bytes in 66 msecs (HTTP/1.1 201) 6 headers in 363 bytes (2 switches on core 0)
Jun 11 17:07:37 ubuntu devstack@keystone.service[67518]: [pid: 67518|app: 0|req: 21/37] 10.120.125.143 () {60 vars in 1048 bytes} [Thu Jun 11 17:07:37 2026] POST /identity/v3/auth/tokens => generated 863 bytes in 51 msecs (HTTP/1.1 201) 6 headers in 363 bytes (1 switches on core 0)
Jun 11 17:07:37 ubuntu devstack@keystone.service[67519]: DEBUG keystone.server.flask.request_processing.middleware.auth_context [None req-6b590c65-114c-43d5-ac83-c68648c9f358 None None] Authenticating user token {{(pid=67519) process_request /opt/stack/data/venv/lib/python3.12/site-packages/keystonemiddleware/auth_token/__init__.py:406}}
Jun 11 17:07:37 ubuntu devstack@keystone.service[67519]: DEBUG keystone.server.flask.request_processing.middleware.auth_context [None req-6b590c65-114c-43d5-ac83-c68648c9f358 None None] Validating token access rules against request {{(pid=67519) validate_allowed_request /opt/stack/data/venv/lib/python3.12/site-packages/keystonemiddleware/auth_token/__init__.py:544}}
Jun 11 17:07:37 ubuntu devstack@keystone.service[67518]: DEBUG keystone.server.flask.request_processing.middleware.auth_context [None req-edbb7616-a6a3-48b9-83ec-a892d4db596b None None] Authenticating user token {{(pid=67518) process_request /opt/stack/data/venv/lib/python3.12/site-packages/keystonemiddleware/auth_token/__init__.py:406}}
Jun 11 17:07:37 ubuntu devstack@keystone.service[67519]: DEBUG keystone.server.flask.request_processing.middleware.auth_context [None req-d23b8d8c-5fe4-4f24-a2ee-ddae39a4578c None admin] RBAC: auth_context: {'token': <TokenModel (audit_id=-4JfK66GSMK2xcKJpWmXYA, audit_chain_id=['-4JfK66GSMK2xcKJpWmXYA']) at 0x7e7a1001f110>, 'domain_id': None, 'trust_id': None, 'trustor_id': None, 'trustee_id': None, 'domain_name': None, 'group_ids': [], 'user_id': 'f93ed9af7f7f452aab32232ce39a5153', 'user_domain_id': 'default', 'system_scope': 'all', 'project_id': None, 'project_domain_id': None, 'roles': ['admin', 'manager', 'member', 'reader'], 'is_admin_project': True, 'service_user_id': None, 'service_user_domain_id': None, 'service_project_id': None, 'service_project_domain_id': None, 'service_roles': []} {{(pid=67519) fill_context /opt/stack/keystone/keystone/server/flask/request_processing/middleware/auth_context.py:509}}
Jun 11 17:07:37 ubuntu devstack@keystone.service[67519]: DEBUG keystone.server.flask.request_processing.req_logging [None req-d23b8d8c-5fe4-4f24-a2ee-ddae39a4578c None admin] REQUEST_METHOD: `GET` {{(pid=67519) log_request_info /opt/stack/keystone/keystone/server/flask/request_processing/req_logging.py:26}}
Jun 11 17:07:37 ubuntu devstack@keystone.service[67519]: DEBUG keystone.server.flask.request_processing.req_logging [None req-d23b8d8c-5fe4-4f24-a2ee-ddae39a4578c None admin] SCRIPT_NAME: `/identity` {{(pid=67519) log_request_info /opt/stack/keystone/keystone/server/flask/request_processing/req_logging.py:27}}
Jun 11 17:07:37 ubuntu devstack@keystone.service[67519]: DEBUG keystone.server.flask.request_processing.req_logging [None req-d23b8d8c-5fe4-4f24-a2ee-ddae39a4578c None admin] PATH_INFO: `/v3/roles/service` {{(pid=67519) log_request_info /opt/stack/keystone/keystone/server/flask/request_processing/req_logging.py:28}}
Jun 11 17:07:37 ubuntu devstack@keystone.service[67519]: DEBUG keystone.common.rbac_enforcer.enforcer [None req-d23b8d8c-5fe4-4f24-a2ee-ddae39a4578c None admin] Extracting inferred target data resulted in "NOT FOUND (404)". {{(pid=67519) enforce_call /opt/stack/keystone/keystone/common/rbac_enforcer/enforcer.py:445}}
Jun 11 17:07:37 ubuntu devstack@keystone.service[67519]: DEBUG keystone.server.flask.application [None req-d23b8d8c-5fe4-4f24-a2ee-ddae39a4578c None admin] Could not find role: service. {{(pid=67519) _handle_keystone_exception /opt/stack/keystone/keystone/server/flask/application.py:146}}
Jun 11 17:07:37 ubuntu devstack@keystone.service[67519]: [pid: 67519|app: 0|req: 17/38] 10.120.125.143 () {58 vars in 1170 bytes} [Thu Jun 11 17:07:37 2026] GET /identity/v3/roles/service => generated 85 bytes in 94 msecs (HTTP/1.1 404) 5 headers in 183 bytes (1 switches on core 0)
Jun 11 17:07:37 ubuntu devstack@keystone.service[67518]: DEBUG keystone.server.flask.request_processing.middleware.auth_context [None req-edbb7616-a6a3-48b9-83ec-a892d4db596b None None] Validating token access rules against request {{(pid=67518) validate_allowed_request /opt/stack/data/venv/lib/python3.12/site-packages/keystonemiddleware/auth_token/__init__.py:544}}
Jun 11 17:07:37 ubuntu devstack@keystone.service[67519]: DEBUG keystone.server.flask.request_processing.middleware.auth_context [None req-d23b8d8c-5fe4-4f24-a2ee-ddae39a4578c None admin] Authenticating user token {{(pid=67519) process_request /opt/stack/data/venv/lib/python3.12/site-packages/keystonemiddleware/auth_token/__init__.py:406}}
Jun 11 17:07:37 ubuntu devstack@keystone.service[67518]: DEBUG keystone.server.flask.request_processing.middleware.auth_context [None req-57984b98-a3d0-4379-bb67-ba69e1b3cf36 None admin] RBAC: auth_context: {'token': <TokenModel (audit_id=g88zEDJLQo2_zvNafAeF8Q, audit_chain_id=['g88zEDJLQo2_zvNafAeF8Q']) at 0x7e7a0fed21e0>, 'domain_id': None, 'trust_id': None, 'trustor_id': None, 'trustee_id': None, 'domain_name': None, 'group_ids': [], 'user_id': 'f93ed9af7f7f452aab32232ce39a5153', 'user_domain_id': 'default', 'system_scope': 'all', 'project_id': None, 'project_domain_id': None, 'roles': ['admin', 'manager', 'member', 'reader'], 'is_admin_project': True, 'service_user_id': None, 'service_user_domain_id': None, 'service_project_id': None, 'service_project_domain_id': None, 'service_roles': []} {{(pid=67518) fill_context /opt/stack/keystone/keystone/server/flask/request_processing/middleware/auth_context.py:509}}
Jun 11 17:07:37 ubuntu devstack@keystone.service[67518]: DEBUG keystone.server.flask.request_processing.req_logging [None req-57984b98-a3d0-4379-bb67-ba69e1b3cf36 None admin] REQUEST_METHOD: `POST` {{(pid=67518) log_request_info /opt/stack/keystone/keystone/server/flask/request_processing/req_logging.py:26}}
Jun 11 17:07:37 ubuntu devstack@keystone.service[67518]: DEBUG keystone.server.flask.request_processing.req_logging [None req-57984b98-a3d0-4379-bb67-ba69e1b3cf36 None admin] SCRIPT_NAME: `/identity` {{(pid=67518) log_request_info /opt/stack/keystone/keystone/server/flask/request_processing/req_logging.py:27}}
Jun 11 17:07:37 ubuntu devstack@keystone.service[67518]: DEBUG keystone.server.flask.request_processing.req_logging [None req-57984b98-a3d0-4379-bb67-ba69e1b3cf36 None admin] PATH_INFO: `/v3/projects` {{(pid=67518) log_request_info /opt/stack/keystone/keystone/server/flask/request_processing/req_logging.py:28}}
Jun 11 17:07:37 ubuntu devstack@keystone.service[67518]: DEBUG keystone.common.rbac_enforcer.enforcer [None req-57984b98-a3d0-4379-bb67-ba69e1b3cf36 None admin] RBAC: Authorizing `identity:create_project()` {{(pid=67518) enforce_call /opt/stack/keystone/keystone/common/rbac_enforcer/enforcer.py:501}}
Jun 11 17:07:37 ubuntu devstack@keystone.service[67518]: DEBUG keystone.common.rbac_enforcer.enforcer [None req-57984b98-a3d0-4379-bb67-ba69e1b3cf36 None admin] RBAC: Authorization granted {{(pid=67518) enforce_call /opt/stack/keystone/keystone/common/rbac_enforcer/enforcer.py:512}}
Jun 11 17:07:37 ubuntu devstack@keystone.service[67519]: DEBUG keystone.server.flask.request_processing.middleware.auth_context [None req-d23b8d8c-5fe4-4f24-a2ee-ddae39a4578c None admin] Validating token access rules against request {{(pid=67519) validate_allowed_request /opt/stack/data/venv/lib/python3.12/site-packages/keystonemiddleware/auth_token/__init__.py:544}}
Jun 11 17:07:37 ubuntu devstack@keystone.service[67518]: [pid: 67518|app: 0|req: 22/39] 10.120.125.143 () {62 vars in 1208 bytes} [Thu Jun 11 17:07:37 2026] POST /identity/v3/projects => generated 302 bytes in 165 msecs (HTTP/1.1 201) 5 headers in 182 bytes (1 switches on core 0)
Jun 11 17:07:37 ubuntu devstack@keystone.service[67518]: DEBUG keystone.server.flask.request_processing.middleware.auth_context [None req-57984b98-a3d0-4379-bb67-ba69e1b3cf36 None admin] Authenticating user token {{(pid=67518) process_request /opt/stack/data/venv/lib/python3.12/site-packages/keystonemiddleware/auth_token/__init__.py:406}}
Jun 11 17:07:37 ubuntu devstack@keystone.service[67519]: DEBUG keystone.server.flask.request_processing.middleware.auth_context [None req-37903308-9934-4fee-96f9-211c93af2305 None admin] RBAC: auth_context: {'token': <TokenModel (audit_id=-4JfK66GSMK2xcKJpWmXYA, audit_chain_id=['-4JfK66GSMK2xcKJpWmXYA']) at 0x7e7a0fe14c50>, 'domain_id': None, 'trust_id': None, 'trustor_id': None, 'trustee_id': None, 'domain_name': None, 'group_ids': [], 'user_id': 'f93ed9af7f7f452aab32232ce39a5153', 'user_domain_id': 'default', 'system_scope': 'all', 'project_id': None, 'project_domain_id': None, 'roles': ['admin', 'manager', 'member', 'reader'], 'is_admin_project': True, 'service_user_id': None, 'service_user_domain_id': None, 'service_project_id': None, 'service_project_domain_id': None, 'service_roles': []} {{(pid=67519) fill_context /opt/stack/keystone/keystone/server/flask/request_processing/middleware/auth_context.py:509}}
Jun 11 17:07:37 ubuntu devstack@keystone.service[67519]: DEBUG keystone.server.flask.request_processing.req_logging [None req-37903308-9934-4fee-96f9-211c93af2305 None admin] REQUEST_METHOD: `GET` {{(pid=67519) log_request_info /opt/stack/keystone/keystone/server/flask/request_processing/req_logging.py:26}}
Jun 11 17:07:37 ubuntu devstack@keystone.service[67519]: DEBUG keystone.server.flask.request_processing.req_logging [None req-37903308-9934-4fee-96f9-211c93af2305 None admin] SCRIPT_NAME: `/identity` {{(pid=67519) log_request_info /opt/stack/keystone/keystone/server/flask/request_processing/req_logging.py:27}}
Jun 11 17:07:37 ubuntu devstack@keystone.service[67519]: DEBUG keystone.server.flask.request_processing.req_logging [None req-37903308-9934-4fee-96f9-211c93af2305 None admin] PATH_INFO: `/v3/roles` {{(pid=67519) log_request_info /opt/stack/keystone/keystone/server/flask/request_processing/req_logging.py:28}}
Jun 11 17:07:37 ubuntu devstack@keystone.service[67519]: DEBUG keystone.common.rbac_enforcer.enforcer [None req-37903308-9934-4fee-96f9-211c93af2305 None admin] RBAC: Adding query filter params (name=service) {{(pid=67519) _extract_filter_values /opt/stack/keystone/keystone/common/rbac_enforcer/enforcer.py:176}}
Jun 11 17:07:37 ubuntu devstack@keystone.service[67519]: DEBUG keystone.common.rbac_enforcer.enforcer [None req-37903308-9934-4fee-96f9-211c93af2305 None admin] RBAC: Authorizing `identity:list_roles()` {{(pid=67519) enforce_call /opt/stack/keystone/keystone/common/rbac_enforcer/enforcer.py:501}}
Jun 11 17:07:37 ubuntu devstack@keystone.service[67519]: DEBUG keystone.common.rbac_enforcer.enforcer [None req-37903308-9934-4fee-96f9-211c93af2305 None admin] RBAC: Authorization granted {{(pid=67519) enforce_call /opt/stack/keystone/keystone/common/rbac_enforcer/enforcer.py:512}}
Jun 11 17:07:37 ubuntu devstack@keystone.service[67519]: [pid: 67519|app: 0|req: 18/40] 10.120.125.143 () {58 vars in 1184 bytes} [Thu Jun 11 17:07:37 2026] GET /identity/v3/roles?name=service => generated 345 bytes in 113 msecs (HTTP/1.1 200) 5 headers in 177 bytes (1 switches on core 0)
Jun 11 17:07:37 ubuntu devstack@keystone.service[67518]: DEBUG keystone.server.flask.request_processing.middleware.auth_context [None req-57984b98-a3d0-4379-bb67-ba69e1b3cf36 None admin] Validating token access rules against request {{(pid=67518) validate_allowed_request /opt/stack/data/venv/lib/python3.12/site-packages/keystonemiddleware/auth_token/__init__.py:544}}
Jun 11 17:07:37 ubuntu devstack@keystone.service[67519]: DEBUG keystone.server.flask.request_processing.middleware.auth_context [None req-37903308-9934-4fee-96f9-211c93af2305 None admin] Authenticating user token {{(pid=67519) process_request /opt/stack/data/venv/lib/python3.12/site-packages/keystonemiddleware/auth_token/__init__.py:406}}
Jun 11 17:07:37 ubuntu devstack@keystone.service[67518]: DEBUG keystone.server.flask.request_processing.middleware.auth_context [None req-7afe6cf3-0a80-480c-8751-764bd8a74a8f None admin] RBAC: auth_context: {'token': <TokenModel (audit_id=KfVPsO0ZTEOazLrysy2Njg, audit_chain_id=['KfVPsO0ZTEOazLrysy2Njg']) at 0x7e7a0fc76000>, 'domain_id': None, 'trust_id': None, 'trustor_id': None, 'trustee_id': None, 'domain_name': None, 'group_ids': [], 'user_id': 'f93ed9af7f7f452aab32232ce39a5153', 'user_domain_id': 'default', 'system_scope': 'all', 'project_id': None, 'project_domain_id': None, 'roles': ['admin', 'manager', 'member', 'reader'], 'is_admin_project': True, 'service_user_id': None, 'service_user_domain_id': None, 'service_project_id': None, 'service_project_domain_id': None, 'service_roles': []} {{(pid=67518) fill_context /opt/stack/keystone/keystone/server/flask/request_processing/middleware/auth_context.py:509}}
Jun 11 17:07:37 ubuntu devstack@keystone.service[67518]: DEBUG keystone.server.flask.request_processing.req_logging [None req-7afe6cf3-0a80-480c-8751-764bd8a74a8f None admin] REQUEST_METHOD: `POST` {{(pid=67518) log_request_info /opt/stack/keystone/keystone/server/flask/request_processing/req_logging.py:26}}
Jun 11 17:07:37 ubuntu devstack@keystone.service[67518]: DEBUG keystone.server.flask.request_processing.req_logging [None req-7afe6cf3-0a80-480c-8751-764bd8a74a8f None admin] SCRIPT_NAME: `/identity` {{(pid=67518) log_request_info /opt/stack/keystone/keystone/server/flask/request_processing/req_logging.py:27}}
Jun 11 17:07:37 ubuntu devstack@keystone.service[67518]: DEBUG keystone.server.flask.request_processing.req_logging [None req-7afe6cf3-0a80-480c-8751-764bd8a74a8f None admin] PATH_INFO: `/v3/roles` {{(pid=67518) log_request_info /opt/stack/keystone/keystone/server/flask/request_processing/req_logging.py:28}}
Jun 11 17:07:37 ubuntu devstack@keystone.service[67518]: DEBUG keystone.common.rbac_enforcer.enforcer [None req-7afe6cf3-0a80-480c-8751-764bd8a74a8f None admin] RBAC: Authorizing `identity:create_role()` {{(pid=67518) enforce_call /opt/stack/keystone/keystone/common/rbac_enforcer/enforcer.py:501}}
Jun 11 17:07:37 ubuntu devstack@keystone.service[67518]: DEBUG keystone.common.rbac_enforcer.enforcer [None req-7afe6cf3-0a80-480c-8751-764bd8a74a8f None admin] RBAC: Authorization granted {{(pid=67518) enforce_call /opt/stack/keystone/keystone/common/rbac_enforcer/enforcer.py:512}}
Jun 11 17:07:37 ubuntu devstack@keystone.service[67518]: [pid: 67518|app: 0|req: 23/41] 10.120.125.143 () {62 vars in 1199 bytes} [Thu Jun 11 17:07:37 2026] POST /identity/v3/roles => generated 226 bytes in 66 msecs (HTTP/1.1 201) 5 headers in 182 bytes (1 switches on core 0)
Jun 11 17:07:37 ubuntu devstack@keystone.service[67518]: DEBUG keystone.server.flask.request_processing.middleware.auth_context [None req-7afe6cf3-0a80-480c-8751-764bd8a74a8f None admin] Authenticating user token {{(pid=67518) process_request /opt/stack/data/venv/lib/python3.12/site-packages/keystonemiddleware/auth_token/__init__.py:406}}
Jun 11 17:07:37 ubuntu devstack@keystone.service[67519]: DEBUG keystone.server.flask.request_processing.middleware.auth_context [None req-37903308-9934-4fee-96f9-211c93af2305 None admin] Validating token access rules against request {{(pid=67519) validate_allowed_request /opt/stack/data/venv/lib/python3.12/site-packages/keystonemiddleware/auth_token/__init__.py:544}}
Jun 11 17:07:37 ubuntu devstack@keystone.service[67519]: DEBUG keystone.server.flask.request_processing.middleware.auth_context [None req-014b338b-f186-4ebc-966a-8e7df68aaff7 None admin] RBAC: auth_context: {'token': <TokenModel (audit_id=CmtmUiBmS5aCv5GMCFyjCA, audit_chain_id=['CmtmUiBmS5aCv5GMCFyjCA']) at 0x7e7a0fe152b0>, 'domain_id': None, 'trust_id': None, 'trustor_id': None, 'trustee_id': None, 'domain_name': None, 'group_ids': [], 'user_id': 'f93ed9af7f7f452aab32232ce39a5153', 'user_domain_id': 'default', 'system_scope': 'all', 'project_id': None, 'project_domain_id': None, 'roles': ['admin', 'manager', 'member', 'reader'], 'is_admin_project': True, 'service_user_id': None, 'service_user_domain_id': None, 'service_project_id': None, 'service_project_domain_id': None, 'service_roles': []} {{(pid=67519) fill_context /opt/stack/keystone/keystone/server/flask/request_processing/middleware/auth_context.py:509}}
Jun 11 17:07:37 ubuntu devstack@keystone.service[67519]: DEBUG keystone.server.flask.request_processing.req_logging [None req-014b338b-f186-4ebc-966a-8e7df68aaff7 None admin] REQUEST_METHOD: `GET` {{(pid=67519) log_request_info /opt/stack/keystone/keystone/server/flask/request_processing/req_logging.py:26}}
Jun 11 17:07:37 ubuntu devstack@keystone.service[67519]: DEBUG keystone.server.flask.request_processing.req_logging [None req-014b338b-f186-4ebc-966a-8e7df68aaff7 None admin] SCRIPT_NAME: `/identity` {{(pid=67519) log_request_info /opt/stack/keystone/keystone/server/flask/request_processing/req_logging.py:27}}
Jun 11 17:07:37 ubuntu devstack@keystone.service[67519]: DEBUG keystone.server.flask.request_processing.req_logging [None req-014b338b-f186-4ebc-966a-8e7df68aaff7 None admin] PATH_INFO: `/v3/roles/admin` {{(pid=67519) log_request_info /opt/stack/keystone/keystone/server/flask/request_processing/req_logging.py:28}}
Jun 11 17:07:37 ubuntu devstack@keystone.service[67519]: DEBUG keystone.common.rbac_enforcer.enforcer [None req-014b338b-f186-4ebc-966a-8e7df68aaff7 None admin] Extracting inferred target data resulted in "NOT FOUND (404)". {{(pid=67519) enforce_call /opt/stack/keystone/keystone/common/rbac_enforcer/enforcer.py:445}}
Jun 11 17:07:37 ubuntu devstack@keystone.service[67519]: DEBUG keystone.server.flask.application [None req-014b338b-f186-4ebc-966a-8e7df68aaff7 None admin] Could not find role: admin. {{(pid=67519) _handle_keystone_exception /opt/stack/keystone/keystone/server/flask/application.py:146}}
Jun 11 17:07:37 ubuntu devstack@keystone.service[67519]: [pid: 67519|app: 0|req: 19/42] 10.120.125.143 () {58 vars in 1164 bytes} [Thu Jun 11 17:07:37 2026] GET /identity/v3/roles/admin => generated 83 bytes in 96 msecs (HTTP/1.1 404) 5 headers in 183 bytes (1 switches on core 0)
Jun 11 17:07:37 ubuntu devstack@keystone.service[67518]: DEBUG keystone.server.flask.request_processing.middleware.auth_context [None req-7afe6cf3-0a80-480c-8751-764bd8a74a8f None admin] Validating token access rules against request {{(pid=67518) validate_allowed_request /opt/stack/data/venv/lib/python3.12/site-packages/keystonemiddleware/auth_token/__init__.py:544}}
Jun 11 17:07:37 ubuntu devstack@keystone.service[67518]: DEBUG keystone.server.flask.request_processing.middleware.auth_context [None req-e59490ba-8610-46c4-8fef-fa80ec7cb873 None admin] RBAC: auth_context: {'token': <TokenModel (audit_id=0hTvbW4hTx-szgB6qWMMWg, audit_chain_id=['0hTvbW4hTx-szgB6qWMMWg']) at 0x7e7a0fc76480>, 'domain_id': None, 'trust_id': None, 'trustor_id': None, 'trustee_id': None, 'domain_name': None, 'group_ids': [], 'user_id': 'f93ed9af7f7f452aab32232ce39a5153', 'user_domain_id': 'default', 'system_scope': 'all', 'project_id': None, 'project_domain_id': None, 'roles': ['admin', 'manager', 'member', 'reader'], 'is_admin_project': True, 'service_user_id': None, 'service_user_domain_id': None, 'service_project_id': None, 'service_project_domain_id': None, 'service_roles': []} {{(pid=67518) fill_context /opt/stack/keystone/keystone/server/flask/request_processing/middleware/auth_context.py:509}}
Jun 11 17:07:37 ubuntu devstack@keystone.service[67518]: DEBUG keystone.server.flask.request_processing.req_logging [None req-e59490ba-8610-46c4-8fef-fa80ec7cb873 None admin] REQUEST_METHOD: `GET` {{(pid=67518) log_request_info /opt/stack/keystone/keystone/server/flask/request_processing/req_logging.py:26}}
Jun 11 17:07:37 ubuntu devstack@keystone.service[67518]: DEBUG keystone.server.flask.request_processing.req_logging [None req-e59490ba-8610-46c4-8fef-fa80ec7cb873 None admin] SCRIPT_NAME: `/identity` {{(pid=67518) log_request_info /opt/stack/keystone/keystone/server/flask/request_processing/req_logging.py:27}}
Jun 11 17:07:37 ubuntu devstack@keystone.service[67518]: DEBUG keystone.server.flask.request_processing.req_logging [None req-e59490ba-8610-46c4-8fef-fa80ec7cb873 None admin] PATH_INFO: `/v3/domains/default` {{(pid=67518) log_request_info /opt/stack/keystone/keystone/server/flask/request_processing/req_logging.py:28}}
Jun 11 17:07:37 ubuntu devstack@keystone.service[67518]: DEBUG keystone.common.rbac_enforcer.enforcer [None req-e59490ba-8610-46c4-8fef-fa80ec7cb873 None admin] RBAC: Authorizing `identity:get_domain(domain_id=default)` {{(pid=67518) enforce_call /opt/stack/keystone/keystone/common/rbac_enforcer/enforcer.py:501}}
Jun 11 17:07:37 ubuntu devstack@keystone.service[67518]: DEBUG keystone.common.rbac_enforcer.enforcer [None req-e59490ba-8610-46c4-8fef-fa80ec7cb873 None admin] RBAC: Authorization granted {{(pid=67518) enforce_call /opt/stack/keystone/keystone/common/rbac_enforcer/enforcer.py:512}}
Jun 11 17:07:37 ubuntu devstack@keystone.service[67518]: [pid: 67518|app: 0|req: 24/43] 10.120.125.143 () {58 vars in 1176 bytes} [Thu Jun 11 17:07:37 2026] GET /identity/v3/domains/default => generated 200 bytes in 80 msecs (HTTP/1.1 200) 5 headers in 177 bytes (1 switches on core 0)
Jun 11 17:07:37 ubuntu devstack@keystone.service[67519]: DEBUG keystone.server.flask.request_processing.middleware.auth_context [None req-014b338b-f186-4ebc-966a-8e7df68aaff7 None admin] Authenticating user token {{(pid=67519) process_request /opt/stack/data/venv/lib/python3.12/site-packages/keystonemiddleware/auth_token/__init__.py:406}}
Jun 11 17:07:37 ubuntu devstack@keystone.service[67518]: DEBUG keystone.server.flask.request_processing.middleware.auth_context [None req-e59490ba-8610-46c4-8fef-fa80ec7cb873 None admin] Authenticating user token {{(pid=67518) process_request /opt/stack/data/venv/lib/python3.12/site-packages/keystonemiddleware/auth_token/__init__.py:406}}
Jun 11 17:07:37 ubuntu devstack@keystone.service[67518]: DEBUG keystone.server.flask.request_processing.middleware.auth_context [None req-e59490ba-8610-46c4-8fef-fa80ec7cb873 None admin] Validating token access rules against request {{(pid=67518) validate_allowed_request /opt/stack/data/venv/lib/python3.12/site-packages/keystonemiddleware/auth_token/__init__.py:544}}
Jun 11 17:07:37 ubuntu devstack@keystone.service[67519]: DEBUG keystone.server.flask.request_processing.middleware.auth_context [None req-014b338b-f186-4ebc-966a-8e7df68aaff7 None admin] Validating token access rules against request {{(pid=67519) validate_allowed_request /opt/stack/data/venv/lib/python3.12/site-packages/keystonemiddleware/auth_token/__init__.py:544}}
Jun 11 17:07:37 ubuntu devstack@keystone.service[67518]: DEBUG keystone.server.flask.request_processing.middleware.auth_context [None req-ed000039-1ca0-48e9-a38c-d08d972144e5 None admin] RBAC: auth_context: {'token': <TokenModel (audit_id=hMLeYD59Tu6GjffWiJhaWA, audit_chain_id=['hMLeYD59Tu6GjffWiJhaWA']) at 0x7e7a0fc77f50>, 'domain_id': None, 'trust_id': None, 'trustor_id': None, 'trustee_id': None, 'domain_name': None, 'group_ids': [], 'user_id': 'f93ed9af7f7f452aab32232ce39a5153', 'user_domain_id': 'default', 'system_scope': 'all', 'project_id': None, 'project_domain_id': None, 'roles': ['admin', 'manager', 'member', 'reader'], 'is_admin_project': True, 'service_user_id': None, 'service_user_domain_id': None, 'service_project_id': None, 'service_project_domain_id': None, 'service_roles': []} {{(pid=67518) fill_context /opt/stack/keystone/keystone/server/flask/request_processing/middleware/auth_context.py:509}}
Jun 11 17:07:37 ubuntu devstack@keystone.service[67518]: DEBUG keystone.server.flask.request_processing.req_logging [None req-ed000039-1ca0-48e9-a38c-d08d972144e5 None admin] REQUEST_METHOD: `POST` {{(pid=67518) log_request_info /opt/stack/keystone/keystone/server/flask/request_processing/req_logging.py:26}}
Jun 11 17:07:37 ubuntu devstack@keystone.service[67518]: DEBUG keystone.server.flask.request_processing.req_logging [None req-ed000039-1ca0-48e9-a38c-d08d972144e5 None admin] SCRIPT_NAME: `/identity` {{(pid=67518) log_request_info /opt/stack/keystone/keystone/server/flask/request_processing/req_logging.py:27}}
Jun 11 17:07:37 ubuntu devstack@keystone.service[67518]: DEBUG keystone.server.flask.request_processing.req_logging [None req-ed000039-1ca0-48e9-a38c-d08d972144e5 None admin] PATH_INFO: `/v3/roles` {{(pid=67518) log_request_info /opt/stack/keystone/keystone/server/flask/request_processing/req_logging.py:28}}
Jun 11 17:07:37 ubuntu devstack@keystone.service[67518]: DEBUG keystone.common.rbac_enforcer.enforcer [None req-ed000039-1ca0-48e9-a38c-d08d972144e5 None admin] RBAC: Authorizing `identity:create_role()` {{(pid=67518) enforce_call /opt/stack/keystone/keystone/common/rbac_enforcer/enforcer.py:501}}
Jun 11 17:07:37 ubuntu devstack@keystone.service[67518]: DEBUG keystone.common.rbac_enforcer.enforcer [None req-ed000039-1ca0-48e9-a38c-d08d972144e5 None admin] RBAC: Authorization granted {{(pid=67518) enforce_call /opt/stack/keystone/keystone/common/rbac_enforcer/enforcer.py:512}}
Jun 11 17:07:37 ubuntu devstack@keystone.service[67518]: [pid: 67518|app: 0|req: 25/44] 10.120.125.143 () {62 vars in 1199 bytes} [Thu Jun 11 17:07:37 2026] POST /identity/v3/roles => generated 224 bytes in 93 msecs (HTTP/1.1 201) 5 headers in 182 bytes (1 switches on core 0)
Jun 11 17:07:37 ubuntu devstack@keystone.service[67519]: DEBUG keystone.server.flask.request_processing.middleware.auth_context [None req-97330e10-4750-40e5-96f3-39e594331c0f None admin] RBAC: auth_context: {'token': <TokenModel (audit_id=CmtmUiBmS5aCv5GMCFyjCA, audit_chain_id=['CmtmUiBmS5aCv5GMCFyjCA']) at 0x7e7a1001dd00>, 'domain_id': None, 'trust_id': None, 'trustor_id': None, 'trustee_id': None, 'domain_name': None, 'group_ids': [], 'user_id': 'f93ed9af7f7f452aab32232ce39a5153', 'user_domain_id': 'default', 'system_scope': 'all', 'project_id': None, 'project_domain_id': None, 'roles': ['admin', 'manager', 'member', 'reader'], 'is_admin_project': True, 'service_user_id': None, 'service_user_domain_id': None, 'service_project_id': None, 'service_project_domain_id': None, 'service_roles': []} {{(pid=67519) fill_context /opt/stack/keystone/keystone/server/flask/request_processing/middleware/auth_context.py:509}}
Jun 11 17:07:37 ubuntu devstack@keystone.service[67519]: DEBUG keystone.server.flask.request_processing.req_logging [None req-97330e10-4750-40e5-96f3-39e594331c0f None admin] REQUEST_METHOD: `GET` {{(pid=67519) log_request_info /opt/stack/keystone/keystone/server/flask/request_processing/req_logging.py:26}}
Jun 11 17:07:37 ubuntu devstack@keystone.service[67519]: DEBUG keystone.server.flask.request_processing.req_logging [None req-97330e10-4750-40e5-96f3-39e594331c0f None admin] SCRIPT_NAME: `/identity` {{(pid=67519) log_request_info /opt/stack/keystone/keystone/server/flask/request_processing/req_logging.py:27}}
Jun 11 17:07:37 ubuntu devstack@keystone.service[67519]: DEBUG keystone.server.flask.request_processing.req_logging [None req-97330e10-4750-40e5-96f3-39e594331c0f None admin] PATH_INFO: `/v3/roles` {{(pid=67519) log_request_info /opt/stack/keystone/keystone/server/flask/request_processing/req_logging.py:28}}
Jun 11 17:07:37 ubuntu devstack@keystone.service[67519]: DEBUG keystone.common.rbac_enforcer.enforcer [None req-97330e10-4750-40e5-96f3-39e594331c0f None admin] RBAC: Adding query filter params (name=admin) {{(pid=67519) _extract_filter_values /opt/stack/keystone/keystone/common/rbac_enforcer/enforcer.py:176}}
Jun 11 17:07:37 ubuntu devstack@keystone.service[67519]: DEBUG keystone.common.rbac_enforcer.enforcer [None req-97330e10-4750-40e5-96f3-39e594331c0f None admin] RBAC: Authorizing `identity:list_roles()` {{(pid=67519) enforce_call /opt/stack/keystone/keystone/common/rbac_enforcer/enforcer.py:501}}
Jun 11 17:07:37 ubuntu devstack@keystone.service[67519]: DEBUG keystone.common.rbac_enforcer.enforcer [None req-97330e10-4750-40e5-96f3-39e594331c0f None admin] RBAC: Authorization granted {{(pid=67519) enforce_call /opt/stack/keystone/keystone/common/rbac_enforcer/enforcer.py:512}}
Jun 11 17:07:37 ubuntu devstack@keystone.service[67519]: [pid: 67519|app: 0|req: 20/45] 10.120.125.143 () {58 vars in 1180 bytes} [Thu Jun 11 17:07:37 2026] GET /identity/v3/roles?name=admin => generated 341 bytes in 114 msecs (HTTP/1.1 200) 5 headers in 177 bytes (1 switches on core 0)
Jun 11 17:07:37 ubuntu devstack@keystone.service[67518]: DEBUG keystone.server.flask.request_processing.middleware.auth_context [None req-ed000039-1ca0-48e9-a38c-d08d972144e5 None admin] Authenticating user token {{(pid=67518) process_request /opt/stack/data/venv/lib/python3.12/site-packages/keystonemiddleware/auth_token/__init__.py:406}}
Jun 11 17:07:37 ubuntu devstack@keystone.service[67519]: DEBUG keystone.server.flask.request_processing.middleware.auth_context [None req-97330e10-4750-40e5-96f3-39e594331c0f None admin] Authenticating user token {{(pid=67519) process_request /opt/stack/data/venv/lib/python3.12/site-packages/keystonemiddleware/auth_token/__init__.py:406}}
Jun 11 17:07:37 ubuntu devstack@keystone.service[67518]: DEBUG keystone.server.flask.request_processing.middleware.auth_context [None req-ed000039-1ca0-48e9-a38c-d08d972144e5 None admin] Validating token access rules against request {{(pid=67518) validate_allowed_request /opt/stack/data/venv/lib/python3.12/site-packages/keystonemiddleware/auth_token/__init__.py:544}}
Jun 11 17:07:37 ubuntu devstack@keystone.service[67518]: DEBUG keystone.server.flask.request_processing.middleware.auth_context [None req-b9ae963e-7dcf-42d3-aa25-e0c7079dc481 None admin] RBAC: auth_context: {'token': <TokenModel (audit_id=0hTvbW4hTx-szgB6qWMMWg, audit_chain_id=['0hTvbW4hTx-szgB6qWMMWg']) at 0x7e7a0fc77dd0>, 'domain_id': None, 'trust_id': None, 'trustor_id': None, 'trustee_id': None, 'domain_name': None, 'group_ids': [], 'user_id': 'f93ed9af7f7f452aab32232ce39a5153', 'user_domain_id': 'default', 'system_scope': 'all', 'project_id': None, 'project_domain_id': None, 'roles': ['admin', 'manager', 'member', 'reader'], 'is_admin_project': True, 'service_user_id': None, 'service_user_domain_id': None, 'service_project_id': None, 'service_project_domain_id': None, 'service_roles': []} {{(pid=67518) fill_context /opt/stack/keystone/keystone/server/flask/request_processing/middleware/auth_context.py:509}}
Jun 11 17:07:37 ubuntu devstack@keystone.service[67518]: DEBUG keystone.server.flask.request_processing.req_logging [None req-b9ae963e-7dcf-42d3-aa25-e0c7079dc481 None admin] REQUEST_METHOD: `POST` {{(pid=67518) log_request_info /opt/stack/keystone/keystone/server/flask/request_processing/req_logging.py:26}}
Jun 11 17:07:37 ubuntu devstack@keystone.service[67518]: DEBUG keystone.server.flask.request_processing.req_logging [None req-b9ae963e-7dcf-42d3-aa25-e0c7079dc481 None admin] SCRIPT_NAME: `/identity` {{(pid=67518) log_request_info /opt/stack/keystone/keystone/server/flask/request_processing/req_logging.py:27}}
Jun 11 17:07:37 ubuntu devstack@keystone.service[67518]: DEBUG keystone.server.flask.request_processing.req_logging [None req-b9ae963e-7dcf-42d3-aa25-e0c7079dc481 None admin] PATH_INFO: `/v3/projects` {{(pid=67518) log_request_info /opt/stack/keystone/keystone/server/flask/request_processing/req_logging.py:28}}
Jun 11 17:07:37 ubuntu devstack@keystone.service[67518]: DEBUG keystone.common.rbac_enforcer.enforcer [None req-b9ae963e-7dcf-42d3-aa25-e0c7079dc481 None admin] RBAC: Authorizing `identity:create_project()` {{(pid=67518) enforce_call /opt/stack/keystone/keystone/common/rbac_enforcer/enforcer.py:501}}
Jun 11 17:07:37 ubuntu devstack@keystone.service[67518]: DEBUG keystone.common.rbac_enforcer.enforcer [None req-b9ae963e-7dcf-42d3-aa25-e0c7079dc481 None admin] RBAC: Authorization granted {{(pid=67518) enforce_call /opt/stack/keystone/keystone/common/rbac_enforcer/enforcer.py:512}}
Jun 11 17:07:37 ubuntu devstack@keystone.service[67518]: [pid: 67518|app: 0|req: 26/46] 10.120.125.143 () {62 vars in 1208 bytes} [Thu Jun 11 17:07:37 2026] POST /identity/v3/projects => generated 313 bytes in 109 msecs (HTTP/1.1 201) 5 headers in 182 bytes (1 switches on core 0)
Jun 11 17:07:37 ubuntu devstack@keystone.service[67519]: DEBUG keystone.server.flask.request_processing.middleware.auth_context [None req-97330e10-4750-40e5-96f3-39e594331c0f None admin] Validating token access rules against request {{(pid=67519) validate_allowed_request /opt/stack/data/venv/lib/python3.12/site-packages/keystonemiddleware/auth_token/__init__.py:544}}
Jun 11 17:07:38 ubuntu devstack@keystone.service[67519]: DEBUG keystone.server.flask.request_processing.middleware.auth_context [None req-8a431475-e1c0-4836-bdf3-0624a183f553 None admin] RBAC: auth_context: {'token': <TokenModel (audit_id=CmtmUiBmS5aCv5GMCFyjCA, audit_chain_id=['CmtmUiBmS5aCv5GMCFyjCA']) at 0x7e7a0ff86f00>, 'domain_id': None, 'trust_id': None, 'trustor_id': None, 'trustee_id': None, 'domain_name': None, 'group_ids': [], 'user_id': 'f93ed9af7f7f452aab32232ce39a5153', 'user_domain_id': 'default', 'system_scope': 'all', 'project_id': None, 'project_domain_id': None, 'roles': ['admin', 'manager', 'member', 'reader'], 'is_admin_project': True, 'service_user_id': None, 'service_user_domain_id': None, 'service_project_id': None, 'service_project_domain_id': None, 'service_roles': []} {{(pid=67519) fill_context /opt/stack/keystone/keystone/server/flask/request_processing/middleware/auth_context.py:509}}
Jun 11 17:07:38 ubuntu devstack@keystone.service[67519]: DEBUG keystone.server.flask.request_processing.req_logging [None req-8a431475-e1c0-4836-bdf3-0624a183f553 None admin] REQUEST_METHOD: `GET` {{(pid=67519) log_request_info /opt/stack/keystone/keystone/server/flask/request_processing/req_logging.py:26}}
Jun 11 17:07:38 ubuntu devstack@keystone.service[67519]: DEBUG keystone.server.flask.request_processing.req_logging [None req-8a431475-e1c0-4836-bdf3-0624a183f553 None admin] SCRIPT_NAME: `/identity` {{(pid=67519) log_request_info /opt/stack/keystone/keystone/server/flask/request_processing/req_logging.py:27}}
Jun 11 17:07:38 ubuntu devstack@keystone.service[67519]: DEBUG keystone.server.flask.request_processing.req_logging [None req-8a431475-e1c0-4836-bdf3-0624a183f553 None admin] PATH_INFO: `/v3/users/f93ed9af7f7f452aab32232ce39a5153` {{(pid=67519) log_request_info /opt/stack/keystone/keystone/server/flask/request_processing/req_logging.py:28}}
Jun 11 17:07:38 ubuntu devstack@keystone.service[67519]: DEBUG keystone.common.rbac_enforcer.enforcer [None req-8a431475-e1c0-4836-bdf3-0624a183f553 None admin] RBAC: Authorizing `identity:get_user(user_id=f93ed9af7f7f452aab32232ce39a5153)` {{(pid=67519) enforce_call /opt/stack/keystone/keystone/common/rbac_enforcer/enforcer.py:501}}
Jun 11 17:07:38 ubuntu devstack@keystone.service[67519]: DEBUG keystone.common.rbac_enforcer.enforcer [None req-8a431475-e1c0-4836-bdf3-0624a183f553 None admin] RBAC: Authorization granted {{(pid=67519) enforce_call /opt/stack/keystone/keystone/common/rbac_enforcer/enforcer.py:512}}
Jun 11 17:07:38 ubuntu devstack@keystone.service[67519]: [pid: 67519|app: 0|req: 21/47] 10.120.125.143 () {58 vars in 1245 bytes} [Thu Jun 11 17:07:37 2026] GET /identity/v3/users/f93ed9af7f7f452aab32232ce39a5153 => generated 248 bytes in 117 msecs (HTTP/1.1 200) 5 headers in 177 bytes (1 switches on core 0)
Jun 11 17:07:38 ubuntu devstack@keystone.service[67518]: DEBUG keystone.server.flask.request_processing.middleware.auth_context [None req-b9ae963e-7dcf-42d3-aa25-e0c7079dc481 None admin] Authenticating user token {{(pid=67518) process_request /opt/stack/data/venv/lib/python3.12/site-packages/keystonemiddleware/auth_token/__init__.py:406}}
Jun 11 17:07:38 ubuntu devstack@keystone.service[67518]: DEBUG keystone.server.flask.request_processing.middleware.auth_context [None req-b9ae963e-7dcf-42d3-aa25-e0c7079dc481 None admin] Validating token access rules against request {{(pid=67518) validate_allowed_request /opt/stack/data/venv/lib/python3.12/site-packages/keystonemiddleware/auth_token/__init__.py:544}}
Jun 11 17:07:38 ubuntu devstack@keystone.service[67518]: DEBUG keystone.server.flask.request_processing.middleware.auth_context [None req-55a8677d-4814-4ee2-aeb6-e983dde56e79 None admin] RBAC: auth_context: {'token': <TokenModel (audit_id=CmtmUiBmS5aCv5GMCFyjCA, audit_chain_id=['CmtmUiBmS5aCv5GMCFyjCA']) at 0x7e7a0fc75220>, 'domain_id': None, 'trust_id': None, 'trustor_id': None, 'trustee_id': None, 'domain_name': None, 'group_ids': [], 'user_id': 'f93ed9af7f7f452aab32232ce39a5153', 'user_domain_id': 'default', 'system_scope': 'all', 'project_id': None, 'project_domain_id': None, 'roles': ['admin', 'manager', 'member', 'reader'], 'is_admin_project': True, 'service_user_id': None, 'service_user_domain_id': None, 'service_project_id': None, 'service_project_domain_id': None, 'service_roles': []} {{(pid=67518) fill_context /opt/stack/keystone/keystone/server/flask/request_processing/middleware/auth_context.py:509}}
Jun 11 17:07:38 ubuntu devstack@keystone.service[67518]: DEBUG keystone.server.flask.request_processing.req_logging [None req-55a8677d-4814-4ee2-aeb6-e983dde56e79 None admin] REQUEST_METHOD: `GET` {{(pid=67518) log_request_info /opt/stack/keystone/keystone/server/flask/request_processing/req_logging.py:26}}
Jun 11 17:07:38 ubuntu devstack@keystone.service[67518]: DEBUG keystone.server.flask.request_processing.req_logging [None req-55a8677d-4814-4ee2-aeb6-e983dde56e79 None admin] SCRIPT_NAME: `/identity` {{(pid=67518) log_request_info /opt/stack/keystone/keystone/server/flask/request_processing/req_logging.py:27}}
Jun 11 17:07:38 ubuntu devstack@keystone.service[67518]: DEBUG keystone.server.flask.request_processing.req_logging [None req-55a8677d-4814-4ee2-aeb6-e983dde56e79 None admin] PATH_INFO: `/v3/domains/default` {{(pid=67518) log_request_info /opt/stack/keystone/keystone/server/flask/request_processing/req_logging.py:28}}
Jun 11 17:07:38 ubuntu devstack@keystone.service[67518]: DEBUG keystone.common.rbac_enforcer.enforcer [None req-55a8677d-4814-4ee2-aeb6-e983dde56e79 None admin] RBAC: Authorizing `identity:get_domain(domain_id=default)` {{(pid=67518) enforce_call /opt/stack/keystone/keystone/common/rbac_enforcer/enforcer.py:501}}
Jun 11 17:07:38 ubuntu devstack@keystone.service[67518]: DEBUG keystone.common.rbac_enforcer.enforcer [None req-55a8677d-4814-4ee2-aeb6-e983dde56e79 None admin] RBAC: Authorization granted {{(pid=67518) enforce_call /opt/stack/keystone/keystone/common/rbac_enforcer/enforcer.py:512}}
Jun 11 17:07:38 ubuntu devstack@keystone.service[67518]: [pid: 67518|app: 0|req: 27/48] 10.120.125.143 () {58 vars in 1175 bytes} [Thu Jun 11 17:07:38 2026] GET /identity/v3/domains/default => generated 200 bytes in 85 msecs (HTTP/1.1 200) 5 headers in 177 bytes (1 switches on core 0)
