Oct 12 17:49:24 jammy-provider-cloud-0000007713 systemd[1]: Starting Devstack devstack@g-api.service...
Oct 12 17:49:24 jammy-provider-cloud-0000007713 devstack@g-api.service[104693]: [uWSGI] getting INI configuration from /etc/glance/glance-uwsgi.ini
Oct 12 17:49:24 jammy-provider-cloud-0000007713 devstack@g-api.service[104693]: *** Starting uWSGI 2.0.20-debian (64bit) on [Sat Oct 12 17:49:24 2024] ***
Oct 12 17:49:24 jammy-provider-cloud-0000007713 devstack@g-api.service[104693]: compiled with version: 11.2.0 on 21 March 2022 11:00:44
Oct 12 17:49:24 jammy-provider-cloud-0000007713 devstack@g-api.service[104693]: os: Linux-5.15.0-107-generic #117-Ubuntu SMP Fri Apr 26 12:26:49 UTC 2024
Oct 12 17:49:24 jammy-provider-cloud-0000007713 devstack@g-api.service[104693]: nodename: jammy-provider-cloud-0000007713
Oct 12 17:49:24 jammy-provider-cloud-0000007713 devstack@g-api.service[104693]: machine: x86_64
Oct 12 17:49:24 jammy-provider-cloud-0000007713 devstack@g-api.service[104693]: clock source: unix
Oct 12 17:49:24 jammy-provider-cloud-0000007713 devstack@g-api.service[104693]: pcre jit disabled
Oct 12 17:49:24 jammy-provider-cloud-0000007713 devstack@g-api.service[104693]: detected number of CPU cores: 4
Oct 12 17:49:24 jammy-provider-cloud-0000007713 devstack@g-api.service[104693]: current working directory: /
Oct 12 17:49:24 jammy-provider-cloud-0000007713 devstack@g-api.service[104693]: detected binary path: /usr/bin/uwsgi-core
Oct 12 17:49:24 jammy-provider-cloud-0000007713 devstack@g-api.service[104693]: your processes number limit is 31298
Oct 12 17:49:24 jammy-provider-cloud-0000007713 devstack@g-api.service[104693]: your memory page size is 4096 bytes
Oct 12 17:49:24 jammy-provider-cloud-0000007713 devstack@g-api.service[104693]: detected max file descriptor number: 2048
Oct 12 17:49:24 jammy-provider-cloud-0000007713 devstack@g-api.service[104693]: lock engine: pthread robust mutexes
Oct 12 17:49:24 jammy-provider-cloud-0000007713 devstack@g-api.service[104693]: thunder lock: enabled
Oct 12 17:49:24 jammy-provider-cloud-0000007713 devstack@g-api.service[104693]: uwsgi socket 0 bound to TCP address 127.0.0.1:60999 fd 4
Oct 12 17:49:24 jammy-provider-cloud-0000007713 devstack@g-api.service[104693]: Python version: 3.10.12 (main, Sep 11 2024, 15:47:36) [GCC 11.4.0]
Oct 12 17:49:24 jammy-provider-cloud-0000007713 devstack@g-api.service[104693]: PEP 405 virtualenv detected: /opt/stack/data/venv
Oct 12 17:49:24 jammy-provider-cloud-0000007713 devstack@g-api.service[104693]: Set PythonHome to /opt/stack/data/venv
Oct 12 17:49:24 jammy-provider-cloud-0000007713 devstack@g-api.service[104693]: Python main interpreter initialized at 0x55f77a2b1e00
Oct 12 17:49:24 jammy-provider-cloud-0000007713 devstack@g-api.service[104693]: python threads support enabled
Oct 12 17:49:24 jammy-provider-cloud-0000007713 devstack@g-api.service[104693]: your server socket listen backlog is limited to 100 connections
Oct 12 17:49:24 jammy-provider-cloud-0000007713 devstack@g-api.service[104693]: your mercy for graceful operations on workers is 80 seconds
Oct 12 17:49:24 jammy-provider-cloud-0000007713 devstack@g-api.service[104693]: mapped 403077 bytes (393 KB) for 2 cores
Oct 12 17:49:24 jammy-provider-cloud-0000007713 devstack@g-api.service[104693]: *** Operational MODE: preforking ***
Oct 12 17:49:24 jammy-provider-cloud-0000007713 devstack@g-api.service[104693]: *** uWSGI is running in multiple interpreter mode ***
Oct 12 17:49:24 jammy-provider-cloud-0000007713 devstack@g-api.service[104693]: spawned uWSGI master process (pid: 104693)
Oct 12 17:49:24 jammy-provider-cloud-0000007713 systemd[1]: Started Devstack devstack@g-api.service.
Oct 12 17:49:24 jammy-provider-cloud-0000007713 devstack@g-api.service[104693]: spawned uWSGI worker 1 (pid: 104694, cores: 1)
Oct 12 17:49:24 jammy-provider-cloud-0000007713 devstack@g-api.service[104693]: spawned uWSGI worker 2 (pid: 104695, cores: 1)
Oct 12 17:49:24 jammy-provider-cloud-0000007713 devstack@g-api.service[104693]: running "unix_signal:15 gracefully_kill_them_all" (master-start)...
Oct 12 17:49:25 jammy-provider-cloud-0000007713 devstack@g-api.service[104694]: INFO glance.async_ [-] Threadpool model set to 'NativeThreadPoolModel'
Oct 12 17:49:25 jammy-provider-cloud-0000007713 devstack@g-api.service[104695]: INFO glance.async_ [-] Threadpool model set to 'NativeThreadPoolModel'
Oct 12 17:49:25 jammy-provider-cloud-0000007713 devstack@g-api.service[104694]: DEBUG oslo_concurrency.processutils [-] Running cmd (subprocess): grep -F node.session.scan /sbin/iscsiadm {{(pid=104694) execute /opt/stack/data/venv/lib/python3.10/site-packages/oslo_concurrency/processutils.py:390}}
Oct 12 17:49:25 jammy-provider-cloud-0000007713 devstack@g-api.service[104695]: DEBUG oslo_concurrency.processutils [-] Running cmd (subprocess): grep -F node.session.scan /sbin/iscsiadm {{(pid=104695) execute /opt/stack/data/venv/lib/python3.10/site-packages/oslo_concurrency/processutils.py:390}}
Oct 12 17:49:25 jammy-provider-cloud-0000007713 devstack@g-api.service[104695]: DEBUG oslo_concurrency.processutils [-] CMD "grep -F node.session.scan /sbin/iscsiadm" returned: 0 in 0.012s {{(pid=104695) execute /opt/stack/data/venv/lib/python3.10/site-packages/oslo_concurrency/processutils.py:428}}
Oct 12 17:49:25 jammy-provider-cloud-0000007713 devstack@g-api.service[104694]: DEBUG oslo_concurrency.processutils [-] CMD "grep -F node.session.scan /sbin/iscsiadm" returned: 0 in 0.012s {{(pid=104694) execute /opt/stack/data/venv/lib/python3.10/site-packages/oslo_concurrency/processutils.py:428}}
Oct 12 17:49:25 jammy-provider-cloud-0000007713 devstack@g-api.service[104695]: DEBUG glance_store.common.attachment_state_manager [-] Initialising _AttachmentStateManager {{(pid=104695) __init__ /opt/stack/data/venv/lib/python3.10/site-packages/glance_store/common/attachment_state_manager.py:86}}
Oct 12 17:49:25 jammy-provider-cloud-0000007713 devstack@g-api.service[104694]: DEBUG glance_store.common.attachment_state_manager [-] Initialising _AttachmentStateManager {{(pid=104694) __init__ /opt/stack/data/venv/lib/python3.10/site-packages/glance_store/common/attachment_state_manager.py:86}}
Oct 12 17:49:25 jammy-provider-cloud-0000007713 devstack@g-api.service[104695]: DEBUG glance_store.backend [-] Attempting to import store cinder {{(pid=104695) _load_store /opt/stack/data/venv/lib/python3.10/site-packages/glance_store/backend.py:216}}
Oct 12 17:49:25 jammy-provider-cloud-0000007713 devstack@g-api.service[104695]: DEBUG glance_store.backend [-] Attempting to import store file {{(pid=104695) _load_store /opt/stack/data/venv/lib/python3.10/site-packages/glance_store/backend.py:216}}
Oct 12 17:49:25 jammy-provider-cloud-0000007713 devstack@g-api.service[104695]: DEBUG glance_store.backend [-] Attempting to import store glance.store.cinder.Store {{(pid=104695) _load_store /opt/stack/data/venv/lib/python3.10/site-packages/glance_store/backend.py:216}}
Oct 12 17:49:25 jammy-provider-cloud-0000007713 devstack@g-api.service[104695]: DEBUG glance_store.backend [-] Attempting to import store glance.store.filesystem.Store {{(pid=104695) _load_store /opt/stack/data/venv/lib/python3.10/site-packages/glance_store/backend.py:216}}
Oct 12 17:49:25 jammy-provider-cloud-0000007713 devstack@g-api.service[104695]: DEBUG glance_store.backend [-] Attempting to import store glance.store.http.Store {{(pid=104695) _load_store /opt/stack/data/venv/lib/python3.10/site-packages/glance_store/backend.py:216}}
Oct 12 17:49:25 jammy-provider-cloud-0000007713 devstack@g-api.service[104695]: DEBUG glance_store.backend [-] Attempting to import store glance.store.rbd.Store {{(pid=104695) _load_store /opt/stack/data/venv/lib/python3.10/site-packages/glance_store/backend.py:216}}
Oct 12 17:49:25 jammy-provider-cloud-0000007713 devstack@g-api.service[104695]: DEBUG glance_store.backend [-] Attempting to import store glance.store.s3.Store {{(pid=104695) _load_store /opt/stack/data/venv/lib/python3.10/site-packages/glance_store/backend.py:216}}
Oct 12 17:49:25 jammy-provider-cloud-0000007713 devstack@g-api.service[104695]: DEBUG glance_store.backend [-] Attempting to import store glance.store.swift.Store {{(pid=104695) _load_store /opt/stack/data/venv/lib/python3.10/site-packages/glance_store/backend.py:216}}
Oct 12 17:49:25 jammy-provider-cloud-0000007713 devstack@g-api.service[104695]: DEBUG glance_store.backend [-] Attempting to import store glance.store.vmware_datastore.Store {{(pid=104695) _load_store /opt/stack/data/venv/lib/python3.10/site-packages/glance_store/backend.py:216}}
Oct 12 17:49:25 jammy-provider-cloud-0000007713 devstack@g-api.service[104695]: DEBUG glance_store.backend [-] Attempting to import store http {{(pid=104695) _load_store /opt/stack/data/venv/lib/python3.10/site-packages/glance_store/backend.py:216}}
Oct 12 17:49:25 jammy-provider-cloud-0000007713 devstack@g-api.service[104695]: DEBUG glance_store.backend [-] Attempting to import store no_conf {{(pid=104695) _load_store /opt/stack/data/venv/lib/python3.10/site-packages/glance_store/backend.py:216}}
Oct 12 17:49:25 jammy-provider-cloud-0000007713 devstack@g-api.service[104695]: DEBUG glance_store.backend [-] Attempting to import store rbd {{(pid=104695) _load_store /opt/stack/data/venv/lib/python3.10/site-packages/glance_store/backend.py:216}}
Oct 12 17:49:25 jammy-provider-cloud-0000007713 devstack@g-api.service[104695]: DEBUG glance_store.backend [-] Attempting to import store s3 {{(pid=104695) _load_store /opt/stack/data/venv/lib/python3.10/site-packages/glance_store/backend.py:216}}
Oct 12 17:49:25 jammy-provider-cloud-0000007713 devstack@g-api.service[104695]: DEBUG glance_store.backend [-] Attempting to import store swift {{(pid=104695) _load_store /opt/stack/data/venv/lib/python3.10/site-packages/glance_store/backend.py:216}}
Oct 12 17:49:25 jammy-provider-cloud-0000007713 devstack@g-api.service[104695]: DEBUG glance_store.backend [-] Attempting to import store vmware {{(pid=104695) _load_store /opt/stack/data/venv/lib/python3.10/site-packages/glance_store/backend.py:216}}
Oct 12 17:49:25 jammy-provider-cloud-0000007713 devstack@g-api.service[104695]: DEBUG glance_store.backend [-] Registering options for group glance_store {{(pid=104695) register_opts /opt/stack/data/venv/lib/python3.10/site-packages/glance_store/backend.py:145}}
Oct 12 17:49:25 jammy-provider-cloud-0000007713 devstack@g-api.service[104695]: DEBUG glance_store.backend [-] Registering options for group glance_store {{(pid=104695) register_opts /opt/stack/data/venv/lib/python3.10/site-packages/glance_store/backend.py:145}}
Oct 12 17:49:25 jammy-provider-cloud-0000007713 devstack@g-api.service[104695]: DEBUG glance_store.backend [-] Attempting to import store http {{(pid=104695) _load_store /opt/stack/data/venv/lib/python3.10/site-packages/glance_store/backend.py:216}}
Oct 12 17:49:25 jammy-provider-cloud-0000007713 devstack@g-api.service[104695]: DEBUG glance_store.capabilities [-] Store glance_store._drivers.http.Store doesn't support updating dynamic storage capabilities. Please overwrite 'update_capabilities' method of the store to implement updating logics if needed. {{(pid=104695) update_capabilities /opt/stack/data/venv/lib/python3.10/site-packages/glance_store/capabilities.py:91}}
Oct 12 17:49:25 jammy-provider-cloud-0000007713 devstack@g-api.service[104695]: DEBUG glance_store.backend [-] Registering store http with schemes ('http', 'https') {{(pid=104695) create_stores /opt/stack/data/venv/lib/python3.10/site-packages/glance_store/backend.py:262}}
Oct 12 17:49:25 jammy-provider-cloud-0000007713 devstack@g-api.service[104695]: DEBUG glance_store.driver [-] Late loading location class glance_store._drivers.http.StoreLocation {{(pid=104695) get_store_location_class /opt/stack/data/venv/lib/python3.10/site-packages/glance_store/driver.py:133}}
Oct 12 17:49:25 jammy-provider-cloud-0000007713 devstack@g-api.service[104695]: DEBUG glance_store.location [-] Registering scheme http with {'store': <glance_store._drivers.http.Store object at 0x7ff47f6d35b0>, 'location_class': <class 'glance_store._drivers.http.StoreLocation'>, 'store_entry': 'http'} {{(pid=104695) register_scheme_map /opt/stack/data/venv/lib/python3.10/site-packages/glance_store/location.py:146}}
Oct 12 17:49:25 jammy-provider-cloud-0000007713 devstack@g-api.service[104695]: DEBUG glance_store.location [-] Registering scheme https with {'store': <glance_store._drivers.http.Store object at 0x7ff47f6d35b0>, 'location_class': <class 'glance_store._drivers.http.StoreLocation'>, 'store_entry': 'http'} {{(pid=104695) register_scheme_map /opt/stack/data/venv/lib/python3.10/site-packages/glance_store/location.py:146}}
Oct 12 17:49:25 jammy-provider-cloud-0000007713 devstack@g-api.service[104695]: DEBUG glance_store.backend [-] Attempting to import store file {{(pid=104695) _load_store /opt/stack/data/venv/lib/python3.10/site-packages/glance_store/backend.py:216}}
Oct 12 17:49:25 jammy-provider-cloud-0000007713 devstack@g-api.service[104695]: DEBUG glance_store.capabilities [-] Store glance_store._drivers.filesystem.Store doesn't support updating dynamic storage capabilities. Please overwrite 'update_capabilities' method of the store to implement updating logics if needed. {{(pid=104695) update_capabilities /opt/stack/data/venv/lib/python3.10/site-packages/glance_store/capabilities.py:91}}
Oct 12 17:49:25 jammy-provider-cloud-0000007713 devstack@g-api.service[104695]: DEBUG glance_store.backend [-] Registering store file with schemes ('file', 'filesystem') {{(pid=104695) create_stores /opt/stack/data/venv/lib/python3.10/site-packages/glance_store/backend.py:262}}
Oct 12 17:49:25 jammy-provider-cloud-0000007713 devstack@g-api.service[104695]: DEBUG glance_store.driver [-] Late loading location class glance_store._drivers.filesystem.StoreLocation {{(pid=104695) get_store_location_class /opt/stack/data/venv/lib/python3.10/site-packages/glance_store/driver.py:133}}
Oct 12 17:49:25 jammy-provider-cloud-0000007713 devstack@g-api.service[104695]: DEBUG glance_store.location [-] Registering scheme file with {'store': <glance_store._drivers.filesystem.Store object at 0x7ff47f6d16f0>, 'location_class': <class 'glance_store._drivers.filesystem.StoreLocation'>, 'store_entry': 'file'} {{(pid=104695) register_scheme_map /opt/stack/data/venv/lib/python3.10/site-packages/glance_store/location.py:146}}
Oct 12 17:49:25 jammy-provider-cloud-0000007713 devstack@g-api.service[104695]: DEBUG glance_store.location [-] Registering scheme filesystem with {'store': <glance_store._drivers.filesystem.Store object at 0x7ff47f6d16f0>, 'location_class': <class 'glance_store._drivers.filesystem.StoreLocation'>, 'store_entry': 'file'} {{(pid=104695) register_scheme_map /opt/stack/data/venv/lib/python3.10/site-packages/glance_store/location.py:146}}
Oct 12 17:49:25 jammy-provider-cloud-0000007713 devstack@g-api.service[104695]: DEBUG glance.sqlite_migration [-] SQLite caching database not located, skipping migration {{(pid=104695) get_db_path /opt/stack/glance/glance/sqlite_migration.py:68}}
Oct 12 17:49:25 jammy-provider-cloud-0000007713 devstack@g-api.service[104695]: WARNING glance.common.wsgi_app [-] Import methods are enabled but staging directory /tmp/staging/ does not exist; Imports will fail!
Oct 12 17:49:25 jammy-provider-cloud-0000007713 devstack@g-api.service[104694]: DEBUG glance_store.backend [-] Attempting to import store cinder {{(pid=104694) _load_store /opt/stack/data/venv/lib/python3.10/site-packages/glance_store/backend.py:216}}
Oct 12 17:49:25 jammy-provider-cloud-0000007713 devstack@g-api.service[104694]: DEBUG glance_store.backend [-] Attempting to import store file {{(pid=104694) _load_store /opt/stack/data/venv/lib/python3.10/site-packages/glance_store/backend.py:216}}
Oct 12 17:49:25 jammy-provider-cloud-0000007713 devstack@g-api.service[104694]: DEBUG glance_store.backend [-] Attempting to import store glance.store.cinder.Store {{(pid=104694) _load_store /opt/stack/data/venv/lib/python3.10/site-packages/glance_store/backend.py:216}}
Oct 12 17:49:25 jammy-provider-cloud-0000007713 devstack@g-api.service[104694]: DEBUG glance_store.backend [-] Attempting to import store glance.store.filesystem.Store {{(pid=104694) _load_store /opt/stack/data/venv/lib/python3.10/site-packages/glance_store/backend.py:216}}
Oct 12 17:49:25 jammy-provider-cloud-0000007713 devstack@g-api.service[104694]: DEBUG glance_store.backend [-] Attempting to import store glance.store.http.Store {{(pid=104694) _load_store /opt/stack/data/venv/lib/python3.10/site-packages/glance_store/backend.py:216}}
Oct 12 17:49:25 jammy-provider-cloud-0000007713 devstack@g-api.service[104694]: DEBUG glance_store.backend [-] Attempting to import store glance.store.rbd.Store {{(pid=104694) _load_store /opt/stack/data/venv/lib/python3.10/site-packages/glance_store/backend.py:216}}
Oct 12 17:49:25 jammy-provider-cloud-0000007713 devstack@g-api.service[104694]: DEBUG glance_store.backend [-] Attempting to import store glance.store.s3.Store {{(pid=104694) _load_store /opt/stack/data/venv/lib/python3.10/site-packages/glance_store/backend.py:216}}
Oct 12 17:49:25 jammy-provider-cloud-0000007713 devstack@g-api.service[104694]: DEBUG glance_store.backend [-] Attempting to import store glance.store.swift.Store {{(pid=104694) _load_store /opt/stack/data/venv/lib/python3.10/site-packages/glance_store/backend.py:216}}
Oct 12 17:49:25 jammy-provider-cloud-0000007713 devstack@g-api.service[104694]: DEBUG glance_store.backend [-] Attempting to import store glance.store.vmware_datastore.Store {{(pid=104694) _load_store /opt/stack/data/venv/lib/python3.10/site-packages/glance_store/backend.py:216}}
Oct 12 17:49:25 jammy-provider-cloud-0000007713 devstack@g-api.service[104694]: DEBUG glance_store.backend [-] Attempting to import store http {{(pid=104694) _load_store /opt/stack/data/venv/lib/python3.10/site-packages/glance_store/backend.py:216}}
Oct 12 17:49:25 jammy-provider-cloud-0000007713 devstack@g-api.service[104694]: DEBUG glance_store.backend [-] Attempting to import store no_conf {{(pid=104694) _load_store /opt/stack/data/venv/lib/python3.10/site-packages/glance_store/backend.py:216}}
Oct 12 17:49:25 jammy-provider-cloud-0000007713 devstack@g-api.service[104694]: DEBUG glance_store.backend [-] Attempting to import store rbd {{(pid=104694) _load_store /opt/stack/data/venv/lib/python3.10/site-packages/glance_store/backend.py:216}}
Oct 12 17:49:25 jammy-provider-cloud-0000007713 devstack@g-api.service[104694]: DEBUG glance_store.backend [-] Attempting to import store s3 {{(pid=104694) _load_store /opt/stack/data/venv/lib/python3.10/site-packages/glance_store/backend.py:216}}
Oct 12 17:49:25 jammy-provider-cloud-0000007713 devstack@g-api.service[104694]: DEBUG glance_store.backend [-] Attempting to import store swift {{(pid=104694) _load_store /opt/stack/data/venv/lib/python3.10/site-packages/glance_store/backend.py:216}}
Oct 12 17:49:25 jammy-provider-cloud-0000007713 devstack@g-api.service[104694]: DEBUG glance_store.backend [-] Attempting to import store vmware {{(pid=104694) _load_store /opt/stack/data/venv/lib/python3.10/site-packages/glance_store/backend.py:216}}
Oct 12 17:49:25 jammy-provider-cloud-0000007713 devstack@g-api.service[104694]: DEBUG glance_store.backend [-] Registering options for group glance_store {{(pid=104694) register_opts /opt/stack/data/venv/lib/python3.10/site-packages/glance_store/backend.py:145}}
Oct 12 17:49:25 jammy-provider-cloud-0000007713 devstack@g-api.service[104694]: DEBUG glance_store.backend [-] Registering options for group glance_store {{(pid=104694) register_opts /opt/stack/data/venv/lib/python3.10/site-packages/glance_store/backend.py:145}}
Oct 12 17:49:25 jammy-provider-cloud-0000007713 devstack@g-api.service[104694]: DEBUG glance_store.backend [-] Attempting to import store http {{(pid=104694) _load_store /opt/stack/data/venv/lib/python3.10/site-packages/glance_store/backend.py:216}}
Oct 12 17:49:25 jammy-provider-cloud-0000007713 devstack@g-api.service[104694]: DEBUG glance_store.capabilities [-] Store glance_store._drivers.http.Store doesn't support updating dynamic storage capabilities. Please overwrite 'update_capabilities' method of the store to implement updating logics if needed. {{(pid=104694) update_capabilities /opt/stack/data/venv/lib/python3.10/site-packages/glance_store/capabilities.py:91}}
Oct 12 17:49:25 jammy-provider-cloud-0000007713 devstack@g-api.service[104694]: DEBUG glance_store.backend [-] Registering store http with schemes ('http', 'https') {{(pid=104694) create_stores /opt/stack/data/venv/lib/python3.10/site-packages/glance_store/backend.py:262}}
Oct 12 17:49:25 jammy-provider-cloud-0000007713 devstack@g-api.service[104694]: DEBUG glance_store.driver [-] Late loading location class glance_store._drivers.http.StoreLocation {{(pid=104694) get_store_location_class /opt/stack/data/venv/lib/python3.10/site-packages/glance_store/driver.py:133}}
Oct 12 17:49:25 jammy-provider-cloud-0000007713 devstack@g-api.service[104694]: DEBUG glance_store.location [-] Registering scheme http with {'store': <glance_store._drivers.http.Store object at 0x7ff47f6d0eb0>, 'location_class': <class 'glance_store._drivers.http.StoreLocation'>, 'store_entry': 'http'} {{(pid=104694) register_scheme_map /opt/stack/data/venv/lib/python3.10/site-packages/glance_store/location.py:146}}
Oct 12 17:49:25 jammy-provider-cloud-0000007713 devstack@g-api.service[104694]: DEBUG glance_store.location [-] Registering scheme https with {'store': <glance_store._drivers.http.Store object at 0x7ff47f6d0eb0>, 'location_class': <class 'glance_store._drivers.http.StoreLocation'>, 'store_entry': 'http'} {{(pid=104694) register_scheme_map /opt/stack/data/venv/lib/python3.10/site-packages/glance_store/location.py:146}}
Oct 12 17:49:25 jammy-provider-cloud-0000007713 devstack@g-api.service[104694]: DEBUG glance_store.backend [-] Attempting to import store file {{(pid=104694) _load_store /opt/stack/data/venv/lib/python3.10/site-packages/glance_store/backend.py:216}}
Oct 12 17:49:25 jammy-provider-cloud-0000007713 devstack@g-api.service[104694]: DEBUG glance_store.capabilities [-] Store glance_store._drivers.filesystem.Store doesn't support updating dynamic storage capabilities. Please overwrite 'update_capabilities' method of the store to implement updating logics if needed. {{(pid=104694) update_capabilities /opt/stack/data/venv/lib/python3.10/site-packages/glance_store/capabilities.py:91}}
Oct 12 17:49:25 jammy-provider-cloud-0000007713 devstack@g-api.service[104694]: DEBUG glance_store.backend [-] Registering store file with schemes ('file', 'filesystem') {{(pid=104694) create_stores /opt/stack/data/venv/lib/python3.10/site-packages/glance_store/backend.py:262}}
Oct 12 17:49:25 jammy-provider-cloud-0000007713 devstack@g-api.service[104694]: DEBUG glance_store.driver [-] Late loading location class glance_store._drivers.filesystem.StoreLocation {{(pid=104694) get_store_location_class /opt/stack/data/venv/lib/python3.10/site-packages/glance_store/driver.py:133}}
Oct 12 17:49:25 jammy-provider-cloud-0000007713 devstack@g-api.service[104694]: DEBUG glance_store.location [-] Registering scheme file with {'store': <glance_store._drivers.filesystem.Store object at 0x7ff47f6d2530>, 'location_class': <class 'glance_store._drivers.filesystem.StoreLocation'>, 'store_entry': 'file'} {{(pid=104694) register_scheme_map /opt/stack/data/venv/lib/python3.10/site-packages/glance_store/location.py:146}}
Oct 12 17:49:25 jammy-provider-cloud-0000007713 devstack@g-api.service[104694]: DEBUG glance_store.location [-] Registering scheme filesystem with {'store': <glance_store._drivers.filesystem.Store object at 0x7ff47f6d2530>, 'location_class': <class 'glance_store._drivers.filesystem.StoreLocation'>, 'store_entry': 'file'} {{(pid=104694) register_scheme_map /opt/stack/data/venv/lib/python3.10/site-packages/glance_store/location.py:146}}
Oct 12 17:49:25 jammy-provider-cloud-0000007713 devstack@g-api.service[104694]: DEBUG glance.sqlite_migration [-] SQLite caching database not located, skipping migration {{(pid=104694) get_db_path /opt/stack/glance/glance/sqlite_migration.py:68}}
Oct 12 17:49:25 jammy-provider-cloud-0000007713 devstack@g-api.service[104694]: WARNING glance.common.wsgi_app [-] Import methods are enabled but staging directory /tmp/staging/ does not exist; Imports will fail!
Oct 12 17:49:26 jammy-provider-cloud-0000007713 devstack@g-api.service[104695]: DEBUG glance.common.config [None req-6c90c210-8bf3-4378-ae74-4bd074914026 None None] Loading glance-api-keystone+cachemanagement from /etc/glance/glance-api-paste.ini {{(pid=104695) load_paste_app /opt/stack/glance/glance/common/config.py:726}}
Oct 12 17:49:26 jammy-provider-cloud-0000007713 devstack@g-api.service[104694]: DEBUG glance.common.config [None req-4504109f-1ad9-461e-9af7-7e756ea8ecce None None] Loading glance-api-keystone+cachemanagement from /etc/glance/glance-api-paste.ini {{(pid=104694) load_paste_app /opt/stack/glance/glance/common/config.py:726}}
Oct 12 17:49:26 jammy-provider-cloud-0000007713 devstack@g-api.service[104695]: INFO glance.image_cache [None req-6c90c210-8bf3-4378-ae74-4bd074914026 None None] Image cache loaded driver 'centralized_db'.
Oct 12 17:49:26 jammy-provider-cloud-0000007713 devstack@g-api.service[104694]: INFO glance.image_cache [None req-4504109f-1ad9-461e-9af7-7e756ea8ecce None None] Image cache loaded driver 'centralized_db'.
Oct 12 17:49:26 jammy-provider-cloud-0000007713 devstack@g-api.service[104695]: INFO dbcounter [None req-6c90c210-8bf3-4378-ae74-4bd074914026 None None] Registered counter for database glance
Oct 12 17:49:26 jammy-provider-cloud-0000007713 devstack@g-api.service[104694]: INFO dbcounter [None req-4504109f-1ad9-461e-9af7-7e756ea8ecce None None] Registered counter for database glance
Oct 12 17:49:26 jammy-provider-cloud-0000007713 devstack@g-api.service[104695]: DEBUG oslo_db.sqlalchemy.engines [None req-6c90c210-8bf3-4378-ae74-4bd074914026 None None] MySQL server mode set to STRICT_TRANS_TABLES,STRICT_ALL_TABLES,NO_ZERO_IN_DATE,NO_ZERO_DATE,ERROR_FOR_DIVISION_BY_ZERO,TRADITIONAL,NO_ENGINE_SUBSTITUTION {{(pid=104695) _check_effective_sql_mode /opt/stack/data/venv/lib/python3.10/site-packages/oslo_db/sqlalchemy/engines.py:342}}
Oct 12 17:49:26 jammy-provider-cloud-0000007713 devstack@g-api.service[104694]: DEBUG oslo_db.sqlalchemy.engines [None req-4504109f-1ad9-461e-9af7-7e756ea8ecce None None] MySQL server mode set to STRICT_TRANS_TABLES,STRICT_ALL_TABLES,NO_ZERO_IN_DATE,NO_ZERO_DATE,ERROR_FOR_DIVISION_BY_ZERO,TRADITIONAL,NO_ENGINE_SUBSTITUTION {{(pid=104694) _check_effective_sql_mode /opt/stack/data/venv/lib/python3.10/site-packages/oslo_db/sqlalchemy/engines.py:342}}
Oct 12 17:49:26 jammy-provider-cloud-0000007713 devstack@g-api.service[104695]: DEBUG dbcounter [-] [104695] Writer thread running {{(pid=104695) stat_writer /opt/stack/data/venv/lib/python3.10/site-packages/dbcounter.py:102}}
Oct 12 17:49:26 jammy-provider-cloud-0000007713 devstack@g-api.service[104695]: INFO glance.image_cache [None req-6c90c210-8bf3-4378-ae74-4bd074914026 None None] Image cache loaded driver 'centralized_db'.
Oct 12 17:49:26 jammy-provider-cloud-0000007713 devstack@g-api.service[104694]: DEBUG dbcounter [-] [104694] Writer thread running {{(pid=104694) stat_writer /opt/stack/data/venv/lib/python3.10/site-packages/dbcounter.py:102}}
Oct 12 17:49:26 jammy-provider-cloud-0000007713 devstack@g-api.service[104695]: DEBUG glance.image_cache.drivers.centralized_db [None req-6c90c210-8bf3-4378-ae74-4bd074914026 None None] Node reference is already recorded, ignoring it {{(pid=104695) configure /opt/stack/glance/glance/image_cache/drivers/centralized_db.py:71}}
Oct 12 17:49:26 jammy-provider-cloud-0000007713 devstack@g-api.service[104694]: DEBUG glance.image_cache.drivers.centralized_db [None req-4504109f-1ad9-461e-9af7-7e756ea8ecce None None] Node reference is already recorded, ignoring it {{(pid=104694) configure /opt/stack/glance/glance/image_cache/drivers/centralized_db.py:71}}
Oct 12 17:49:26 jammy-provider-cloud-0000007713 devstack@g-api.service[104695]: DEBUG glance.api.v2.cached_images [None req-6c90c210-8bf3-4378-ae74-4bd074914026 None None] Started cache worker thread {{(pid=104695) __init__ /opt/stack/glance/glance/api/v2/cached_images.py:69}}
Oct 12 17:49:26 jammy-provider-cloud-0000007713 devstack@g-api.service[104695]: INFO glance.image_cache [None req-6c90c210-8bf3-4378-ae74-4bd074914026 None None] Image cache loaded driver 'centralized_db'.
Oct 12 17:49:26 jammy-provider-cloud-0000007713 devstack@g-api.service[104695]: DEBUG glance.image_cache.drivers.centralized_db [None req-6c90c210-8bf3-4378-ae74-4bd074914026 None None] Node reference is already recorded, ignoring it {{(pid=104695) configure /opt/stack/glance/glance/image_cache/drivers/centralized_db.py:71}}
Oct 12 17:49:26 jammy-provider-cloud-0000007713 devstack@g-api.service[104694]: INFO glance.image_cache [None req-4504109f-1ad9-461e-9af7-7e756ea8ecce None None] Image cache loaded driver 'centralized_db'.
Oct 12 17:49:26 jammy-provider-cloud-0000007713 devstack@g-api.service[104695]: INFO glance.api.middleware.cache_manage [None req-6c90c210-8bf3-4378-ae74-4bd074914026 None None] Initialized image cache management middleware
Oct 12 17:49:26 jammy-provider-cloud-0000007713 devstack@g-api.service[104695]: INFO glance.image_cache [None req-6c90c210-8bf3-4378-ae74-4bd074914026 None None] Image cache loaded driver 'centralized_db'.
Oct 12 17:49:26 jammy-provider-cloud-0000007713 devstack@g-api.service[104694]: DEBUG glance.image_cache.drivers.centralized_db [None req-4504109f-1ad9-461e-9af7-7e756ea8ecce None None] Node reference is already recorded, ignoring it {{(pid=104694) configure /opt/stack/glance/glance/image_cache/drivers/centralized_db.py:71}}
Oct 12 17:49:26 jammy-provider-cloud-0000007713 devstack@g-api.service[104695]: DEBUG glance.image_cache.drivers.centralized_db [None req-6c90c210-8bf3-4378-ae74-4bd074914026 None None] Node reference is already recorded, ignoring it {{(pid=104695) configure /opt/stack/glance/glance/image_cache/drivers/centralized_db.py:71}}
Oct 12 17:49:26 jammy-provider-cloud-0000007713 devstack@g-api.service[104694]: DEBUG glance.api.v2.cached_images [None req-4504109f-1ad9-461e-9af7-7e756ea8ecce None None] Started cache worker thread {{(pid=104694) __init__ /opt/stack/glance/glance/api/v2/cached_images.py:69}}
Oct 12 17:49:26 jammy-provider-cloud-0000007713 devstack@g-api.service[104694]: INFO glance.image_cache [None req-4504109f-1ad9-461e-9af7-7e756ea8ecce None None] Image cache loaded driver 'centralized_db'.
Oct 12 17:49:26 jammy-provider-cloud-0000007713 devstack@g-api.service[104695]: INFO glance.api.middleware.cache [None req-6c90c210-8bf3-4378-ae74-4bd074914026 None None] Initialized image cache middleware
Oct 12 17:49:26 jammy-provider-cloud-0000007713 devstack@g-api.service[104694]: DEBUG glance.image_cache.drivers.centralized_db [None req-4504109f-1ad9-461e-9af7-7e756ea8ecce None None] Node reference is already recorded, ignoring it {{(pid=104694) configure /opt/stack/glance/glance/image_cache/drivers/centralized_db.py:71}}
Oct 12 17:49:26 jammy-provider-cloud-0000007713 devstack@g-api.service[104695]: WARNING keystonemiddleware.auth_token [None req-6c90c210-8bf3-4378-ae74-4bd074914026 None None] AuthToken middleware is set with keystone_authtoken.service_token_roles_required set to False. This is backwards compatible but deprecated behaviour. Please set this to True.
Oct 12 17:49:26 jammy-provider-cloud-0000007713 devstack@g-api.service[104695]: WARNING keystonemiddleware.auth_token [None req-6c90c210-8bf3-4378-ae74-4bd074914026 None None] Configuring www_authenticate_uri to point to the public identity endpoint is required; clients may not be able to authenticate against an admin endpoint
Oct 12 17:49:26 jammy-provider-cloud-0000007713 devstack@g-api.service[104694]: INFO glance.api.middleware.cache_manage [None req-4504109f-1ad9-461e-9af7-7e756ea8ecce None None] Initialized image cache management middleware
Oct 12 17:49:26 jammy-provider-cloud-0000007713 devstack@g-api.service[104694]: INFO glance.image_cache [None req-4504109f-1ad9-461e-9af7-7e756ea8ecce None None] Image cache loaded driver 'centralized_db'.
Oct 12 17:49:26 jammy-provider-cloud-0000007713 devstack@g-api.service[104695]: DEBUG glance.common.config [None req-6c90c210-8bf3-4378-ae74-4bd074914026 None None] ******************************************************************************** {{(pid=104695) log_opt_values /opt/stack/data/venv/lib/python3.10/site-packages/oslo_config/cfg.py:2806}}
Oct 12 17:49:26 jammy-provider-cloud-0000007713 devstack@g-api.service[104695]: DEBUG glance.common.config [None req-6c90c210-8bf3-4378-ae74-4bd074914026 None None] Configuration options gathered from: {{(pid=104695) log_opt_values /opt/stack/data/venv/lib/python3.10/site-packages/oslo_config/cfg.py:2807}}
Oct 12 17:49:26 jammy-provider-cloud-0000007713 devstack@g-api.service[104695]: DEBUG glance.common.config [None req-6c90c210-8bf3-4378-ae74-4bd074914026 None None] command line args: [] {{(pid=104695) log_opt_values /opt/stack/data/venv/lib/python3.10/site-packages/oslo_config/cfg.py:2808}}
Oct 12 17:49:26 jammy-provider-cloud-0000007713 devstack@g-api.service[104695]: DEBUG glance.common.config [None req-6c90c210-8bf3-4378-ae74-4bd074914026 None None] config files: ['/etc/glance/glance-image-import.conf', '/etc/glance/glance-api.conf'] {{(pid=104695) log_opt_values /opt/stack/data/venv/lib/python3.10/site-packages/oslo_config/cfg.py:2809}}
Oct 12 17:49:26 jammy-provider-cloud-0000007713 devstack@g-api.service[104695]: DEBUG glance.common.config [None req-6c90c210-8bf3-4378-ae74-4bd074914026 None None] ================================================================================ {{(pid=104695) log_opt_values /opt/stack/data/venv/lib/python3.10/site-packages/oslo_config/cfg.py:2811}}
Oct 12 17:49:26 jammy-provider-cloud-0000007713 devstack@g-api.service[104695]: DEBUG glance.common.config [None req-6c90c210-8bf3-4378-ae74-4bd074914026 None None] allow_anonymous_access         = False {{(pid=104695) log_opt_values /opt/stack/data/venv/lib/python3.10/site-packages/oslo_config/cfg.py:2819}}
Oct 12 17:49:26 jammy-provider-cloud-0000007713 devstack@g-api.service[104695]: DEBUG glance.common.config [None req-6c90c210-8bf3-4378-ae74-4bd074914026 None None] api_limit_max                  = 1000 {{(pid=104695) log_opt_values /opt/stack/data/venv/lib/python3.10/site-packages/oslo_config/cfg.py:2819}}
Oct 12 17:49:26 jammy-provider-cloud-0000007713 devstack@g-api.service[104695]: DEBUG glance.common.config [None req-6c90c210-8bf3-4378-ae74-4bd074914026 None None] backlog                        = 4096 {{(pid=104695) log_opt_values /opt/stack/data/venv/lib/python3.10/site-packages/oslo_config/cfg.py:2819}}
Oct 12 17:49:26 jammy-provider-cloud-0000007713 devstack@g-api.service[104695]: DEBUG glance.common.config [None req-6c90c210-8bf3-4378-ae74-4bd074914026 None None] bind_host                      = 0.0.0.0 {{(pid=104695) log_opt_values /opt/stack/data/venv/lib/python3.10/site-packages/oslo_config/cfg.py:2819}}
Oct 12 17:49:26 jammy-provider-cloud-0000007713 devstack@g-api.service[104695]: DEBUG glance.common.config [None req-6c90c210-8bf3-4378-ae74-4bd074914026 None None] bind_port                      = None {{(pid=104695) log_opt_values /opt/stack/data/venv/lib/python3.10/site-packages/oslo_config/cfg.py:2819}}
Oct 12 17:49:26 jammy-provider-cloud-0000007713 devstack@g-api.service[104695]: DEBUG glance.common.config [None req-6c90c210-8bf3-4378-ae74-4bd074914026 None None] client_socket_timeout          = 900 {{(pid=104695) log_opt_values /opt/stack/data/venv/lib/python3.10/site-packages/oslo_config/cfg.py:2819}}
Oct 12 17:49:26 jammy-provider-cloud-0000007713 devstack@g-api.service[104695]: DEBUG glance.common.config [None req-6c90c210-8bf3-4378-ae74-4bd074914026 None None] config_dir                     = [] {{(pid=104695) log_opt_values /opt/stack/data/venv/lib/python3.10/site-packages/oslo_config/cfg.py:2819}}
Oct 12 17:49:26 jammy-provider-cloud-0000007713 devstack@g-api.service[104695]: DEBUG glance.common.config [None req-6c90c210-8bf3-4378-ae74-4bd074914026 None None] config_file                    = ['/etc/glance/glance-image-import.conf', '/etc/glance/glance-api.conf'] {{(pid=104695) log_opt_values /opt/stack/data/venv/lib/python3.10/site-packages/oslo_config/cfg.py:2819}}
Oct 12 17:49:26 jammy-provider-cloud-0000007713 devstack@g-api.service[104695]: DEBUG glance.common.config [None req-6c90c210-8bf3-4378-ae74-4bd074914026 None None] config_source                  = [] {{(pid=104695) log_opt_values /opt/stack/data/venv/lib/python3.10/site-packages/oslo_config/cfg.py:2819}}
Oct 12 17:49:26 jammy-provider-cloud-0000007713 devstack@g-api.service[104695]: DEBUG glance.common.config [None req-6c90c210-8bf3-4378-ae74-4bd074914026 None None] control_exchange               = glance {{(pid=104695) log_opt_values /opt/stack/data/venv/lib/python3.10/site-packages/oslo_config/cfg.py:2819}}
Oct 12 17:49:26 jammy-provider-cloud-0000007713 devstack@g-api.service[104695]: DEBUG glance.common.config [None req-6c90c210-8bf3-4378-ae74-4bd074914026 None None] debug                          = True {{(pid=104695) log_opt_values /opt/stack/data/venv/lib/python3.10/site-packages/oslo_config/cfg.py:2819}}
Oct 12 17:49:26 jammy-provider-cloud-0000007713 devstack@g-api.service[104695]: DEBUG glance.common.config [None req-6c90c210-8bf3-4378-ae74-4bd074914026 None None] default_log_levels             = ['amqp=WARN', 'amqplib=WARN', 'boto=WARN', 'qpid=WARN', 'sqlalchemy=WARN', 'suds=INFO', 'oslo.messaging=INFO', 'oslo_messaging=INFO', 'iso8601=WARN', 'requests.packages.urllib3.connectionpool=WARN', 'urllib3.connectionpool=WARN', 'websocket=WARN', 'requests.packages.urllib3.util.retry=WARN', 'urllib3.util.retry=WARN', 'keystonemiddleware=WARN', 'routes.middleware=WARN', 'stevedore=WARN', 'taskflow=WARN', 'keystoneauth=WARN', 'oslo.cache=INFO', 'oslo_policy=INFO', 'dogpile.core.dogpile=INFO'] {{(pid=104695) log_opt_values /opt/stack/data/venv/lib/python3.10/site-packages/oslo_config/cfg.py:2819}}
Oct 12 17:49:26 jammy-provider-cloud-0000007713 devstack@g-api.service[104695]: DEBUG glance.common.config [None req-6c90c210-8bf3-4378-ae74-4bd074914026 None None] default_publisher_id           = image.localhost {{(pid=104695) log_opt_values /opt/stack/data/venv/lib/python3.10/site-packages/oslo_config/cfg.py:2819}}
Oct 12 17:49:26 jammy-provider-cloud-0000007713 devstack@g-api.service[104695]: DEBUG glance.common.config [None req-6c90c210-8bf3-4378-ae74-4bd074914026 None None] delayed_delete                 = False {{(pid=104695) log_opt_values /opt/stack/data/venv/lib/python3.10/site-packages/oslo_config/cfg.py:2819}}
Oct 12 17:49:26 jammy-provider-cloud-0000007713 devstack@g-api.service[104695]: DEBUG glance.common.config [None req-6c90c210-8bf3-4378-ae74-4bd074914026 None None] digest_algorithm               = sha256 {{(pid=104695) log_opt_values /opt/stack/data/venv/lib/python3.10/site-packages/oslo_config/cfg.py:2819}}
Oct 12 17:49:26 jammy-provider-cloud-0000007713 devstack@g-api.service[104695]: DEBUG glance.common.config [None req-6c90c210-8bf3-4378-ae74-4bd074914026 None None] disabled_notifications         = [] {{(pid=104695) log_opt_values /opt/stack/data/venv/lib/python3.10/site-packages/oslo_config/cfg.py:2819}}
Oct 12 17:49:26 jammy-provider-cloud-0000007713 devstack@g-api.service[104695]: DEBUG glance.common.config [None req-6c90c210-8bf3-4378-ae74-4bd074914026 None None] do_secure_hash                 = True {{(pid=104695) log_opt_values /opt/stack/data/venv/lib/python3.10/site-packages/oslo_config/cfg.py:2819}}
Oct 12 17:49:26 jammy-provider-cloud-0000007713 devstack@g-api.service[104695]: DEBUG glance.common.config [None req-6c90c210-8bf3-4378-ae74-4bd074914026 None None] enabled_backends               = None {{(pid=104695) log_opt_values /opt/stack/data/venv/lib/python3.10/site-packages/oslo_config/cfg.py:2819}}
Oct 12 17:49:26 jammy-provider-cloud-0000007713 devstack@g-api.service[104694]: DEBUG glance.image_cache.drivers.centralized_db [None req-4504109f-1ad9-461e-9af7-7e756ea8ecce None None] Node reference is already recorded, ignoring it {{(pid=104694) configure /opt/stack/glance/glance/image_cache/drivers/centralized_db.py:71}}
Oct 12 17:49:26 jammy-provider-cloud-0000007713 devstack@g-api.service[104695]: DEBUG glance.common.config [None req-6c90c210-8bf3-4378-ae74-4bd074914026 None None] enabled_import_methods         = ['glance-direct', 'web-download', 'copy-image'] {{(pid=104695) log_opt_values /opt/stack/data/venv/lib/python3.10/site-packages/oslo_config/cfg.py:2819}}
Oct 12 17:49:26 jammy-provider-cloud-0000007713 devstack@g-api.service[104695]: DEBUG glance.common.config [None req-6c90c210-8bf3-4378-ae74-4bd074914026 None None] hashing_algorithm              = sha512 {{(pid=104695) log_opt_values /opt/stack/data/venv/lib/python3.10/site-packages/oslo_config/cfg.py:2819}}
Oct 12 17:49:26 jammy-provider-cloud-0000007713 devstack@g-api.service[104695]: DEBUG glance.common.config [None req-6c90c210-8bf3-4378-ae74-4bd074914026 None None] http_keepalive                 = True {{(pid=104695) log_opt_values /opt/stack/data/venv/lib/python3.10/site-packages/oslo_config/cfg.py:2819}}
Oct 12 17:49:26 jammy-provider-cloud-0000007713 devstack@g-api.service[104695]: DEBUG glance.common.config [None req-6c90c210-8bf3-4378-ae74-4bd074914026 None None] http_retries                   = 3 {{(pid=104695) log_opt_values /opt/stack/data/venv/lib/python3.10/site-packages/oslo_config/cfg.py:2819}}
Oct 12 17:49:26 jammy-provider-cloud-0000007713 devstack@g-api.service[104695]: DEBUG glance.common.config [None req-6c90c210-8bf3-4378-ae74-4bd074914026 None None] image_cache_dir                = /opt/stack/data/glance/cache/ {{(pid=104695) log_opt_values /opt/stack/data/venv/lib/python3.10/site-packages/oslo_config/cfg.py:2819}}
Oct 12 17:49:26 jammy-provider-cloud-0000007713 devstack@g-api.service[104695]: DEBUG glance.common.config [None req-6c90c210-8bf3-4378-ae74-4bd074914026 None None] image_cache_driver             = centralized_db {{(pid=104695) log_opt_values /opt/stack/data/venv/lib/python3.10/site-packages/oslo_config/cfg.py:2819}}
Oct 12 17:49:26 jammy-provider-cloud-0000007713 devstack@g-api.service[104695]: DEBUG glance.common.config [None req-6c90c210-8bf3-4378-ae74-4bd074914026 None None] image_cache_max_size           = 10737418240 {{(pid=104695) log_opt_values /opt/stack/data/venv/lib/python3.10/site-packages/oslo_config/cfg.py:2819}}
Oct 12 17:49:26 jammy-provider-cloud-0000007713 devstack@g-api.service[104695]: DEBUG glance.common.config [None req-6c90c210-8bf3-4378-ae74-4bd074914026 None None] image_cache_sqlite_db          = cache.db {{(pid=104695) log_opt_values /opt/stack/data/venv/lib/python3.10/site-packages/oslo_config/cfg.py:2819}}
Oct 12 17:49:26 jammy-provider-cloud-0000007713 devstack@g-api.service[104695]: DEBUG glance.common.config [None req-6c90c210-8bf3-4378-ae74-4bd074914026 None None] image_cache_stall_time         = 86400 {{(pid=104695) log_opt_values /opt/stack/data/venv/lib/python3.10/site-packages/oslo_config/cfg.py:2819}}
Oct 12 17:49:26 jammy-provider-cloud-0000007713 devstack@g-api.service[104695]: DEBUG glance.common.config [None req-6c90c210-8bf3-4378-ae74-4bd074914026 None None] image_location_quota           = 10 {{(pid=104695) log_opt_values /opt/stack/data/venv/lib/python3.10/site-packages/oslo_config/cfg.py:2819}}
Oct 12 17:49:26 jammy-provider-cloud-0000007713 devstack@g-api.service[104695]: DEBUG glance.common.config [None req-6c90c210-8bf3-4378-ae74-4bd074914026 None None] image_member_quota             = 128 {{(pid=104695) log_opt_values /opt/stack/data/venv/lib/python3.10/site-packages/oslo_config/cfg.py:2819}}
Oct 12 17:49:26 jammy-provider-cloud-0000007713 devstack@g-api.service[104695]: DEBUG glance.common.config [None req-6c90c210-8bf3-4378-ae74-4bd074914026 None None] image_property_quota           = 128 {{(pid=104695) log_opt_values /opt/stack/data/venv/lib/python3.10/site-packages/oslo_config/cfg.py:2819}}
Oct 12 17:49:26 jammy-provider-cloud-0000007713 devstack@g-api.service[104695]: DEBUG glance.common.config [None req-6c90c210-8bf3-4378-ae74-4bd074914026 None None] image_size_cap                 = 1099511627776 {{(pid=104695) log_opt_values /opt/stack/data/venv/lib/python3.10/site-packages/oslo_config/cfg.py:2819}}
Oct 12 17:49:26 jammy-provider-cloud-0000007713 devstack@g-api.service[104695]: DEBUG glance.common.config [None req-6c90c210-8bf3-4378-ae74-4bd074914026 None None] image_tag_quota                = 128 {{(pid=104695) log_opt_values /opt/stack/data/venv/lib/python3.10/site-packages/oslo_config/cfg.py:2819}}
Oct 12 17:49:26 jammy-provider-cloud-0000007713 devstack@g-api.service[104695]: DEBUG glance.common.config [None req-6c90c210-8bf3-4378-ae74-4bd074914026 None None] instance_format                = [instance: %(uuid)s]  {{(pid=104695) log_opt_values /opt/stack/data/venv/lib/python3.10/site-packages/oslo_config/cfg.py:2819}}
Oct 12 17:49:26 jammy-provider-cloud-0000007713 devstack@g-api.service[104695]: DEBUG glance.common.config [None req-6c90c210-8bf3-4378-ae74-4bd074914026 None None] instance_uuid_format           = [instance: %(uuid)s]  {{(pid=104695) log_opt_values /opt/stack/data/venv/lib/python3.10/site-packages/oslo_config/cfg.py:2819}}
Oct 12 17:49:26 jammy-provider-cloud-0000007713 devstack@g-api.service[104695]: DEBUG glance.common.config [None req-6c90c210-8bf3-4378-ae74-4bd074914026 None None] limit_param_default            = 25 {{(pid=104695) log_opt_values /opt/stack/data/venv/lib/python3.10/site-packages/oslo_config/cfg.py:2819}}
Oct 12 17:49:26 jammy-provider-cloud-0000007713 devstack@g-api.service[104695]: DEBUG glance.common.config [None req-6c90c210-8bf3-4378-ae74-4bd074914026 None None] log_color                      = True {{(pid=104695) log_opt_values /opt/stack/data/venv/lib/python3.10/site-packages/oslo_config/cfg.py:2819}}
Oct 12 17:49:26 jammy-provider-cloud-0000007713 devstack@g-api.service[104695]: DEBUG glance.common.config [None req-6c90c210-8bf3-4378-ae74-4bd074914026 None None] log_config_append              = None {{(pid=104695) log_opt_values /opt/stack/data/venv/lib/python3.10/site-packages/oslo_config/cfg.py:2819}}
Oct 12 17:49:26 jammy-provider-cloud-0000007713 devstack@g-api.service[104695]: DEBUG glance.common.config [None req-6c90c210-8bf3-4378-ae74-4bd074914026 None None] log_date_format                = %Y-%m-%d %H:%M:%S {{(pid=104695) log_opt_values /opt/stack/data/venv/lib/python3.10/site-packages/oslo_config/cfg.py:2819}}
Oct 12 17:49:26 jammy-provider-cloud-0000007713 devstack@g-api.service[104695]: DEBUG glance.common.config [None req-6c90c210-8bf3-4378-ae74-4bd074914026 None None] log_dir                        = None {{(pid=104695) log_opt_values /opt/stack/data/venv/lib/python3.10/site-packages/oslo_config/cfg.py:2819}}
Oct 12 17:49:26 jammy-provider-cloud-0000007713 devstack@g-api.service[104695]: DEBUG glance.common.config [None req-6c90c210-8bf3-4378-ae74-4bd074914026 None None] log_file                       = None {{(pid=104695) log_opt_values /opt/stack/data/venv/lib/python3.10/site-packages/oslo_config/cfg.py:2819}}
Oct 12 17:49:26 jammy-provider-cloud-0000007713 devstack@g-api.service[104695]: DEBUG glance.common.config [None req-6c90c210-8bf3-4378-ae74-4bd074914026 None None] log_rotate_interval            = 1 {{(pid=104695) log_opt_values /opt/stack/data/venv/lib/python3.10/site-packages/oslo_config/cfg.py:2819}}
Oct 12 17:49:26 jammy-provider-cloud-0000007713 devstack@g-api.service[104695]: DEBUG glance.common.config [None req-6c90c210-8bf3-4378-ae74-4bd074914026 None None] log_rotate_interval_type       = days {{(pid=104695) log_opt_values /opt/stack/data/venv/lib/python3.10/site-packages/oslo_config/cfg.py:2819}}
Oct 12 17:49:26 jammy-provider-cloud-0000007713 devstack@g-api.service[104695]: DEBUG glance.common.config [None req-6c90c210-8bf3-4378-ae74-4bd074914026 None None] log_rotation_type              = none {{(pid=104695) log_opt_values /opt/stack/data/venv/lib/python3.10/site-packages/oslo_config/cfg.py:2819}}
Oct 12 17:49:26 jammy-provider-cloud-0000007713 devstack@g-api.service[104694]: INFO glance.api.middleware.cache [None req-4504109f-1ad9-461e-9af7-7e756ea8ecce None None] Initialized image cache middleware
Oct 12 17:49:26 jammy-provider-cloud-0000007713 devstack@g-api.service[104695]: DEBUG glance.common.config [None req-6c90c210-8bf3-4378-ae74-4bd074914026 None None] logging_context_format_string  = %(color)s%(levelname)s %(name)s [%(global_request_id)s %(request_id)s %(project_name)s %(user_name)s%(color)s] %(instance)s%(color)s%(message)s {{(pid=104695) log_opt_values /opt/stack/data/venv/lib/python3.10/site-packages/oslo_config/cfg.py:2819}}
Oct 12 17:49:26 jammy-provider-cloud-0000007713 devstack@g-api.service[104695]: DEBUG glance.common.config [None req-6c90c210-8bf3-4378-ae74-4bd074914026 None None] logging_debug_format_suffix    = {{(pid=%(process)d) %(funcName)s %(pathname)s:%(lineno)d}} {{(pid=104695) log_opt_values /opt/stack/data/venv/lib/python3.10/site-packages/oslo_config/cfg.py:2819}}
Oct 12 17:49:26 jammy-provider-cloud-0000007713 devstack@g-api.service[104695]: DEBUG glance.common.config [None req-6c90c210-8bf3-4378-ae74-4bd074914026 None None] logging_default_format_string  = %(color)s%(levelname)s %(name)s [-%(color)s] %(instance)s%(color)s%(message)s {{(pid=104695) log_opt_values /opt/stack/data/venv/lib/python3.10/site-packages/oslo_config/cfg.py:2819}}
