"pcp-dstat 6.2.0 CSV Output"
"Author:","PCP team <pcp@groups.io> and Dag Wieers <dag@wieers.com>",,,,"URL:","https://pcp.io/ and http://dag.wieers.com/home-made/dstat/"
"Host:","ubuntu",,,,"User:","ubuntu"
"Cmdline:","dstat -tcmndrylpg --tcp --output /tmp/devstack_logs/dstat-csv.log",,,,"Date:","29 Jun 2026 19:03:54 UTC"
"system","total usage",,,,,"memory usage",,,,"net/total",,"dsk/total",,"io/total",,"system",,"load avg",,,"procs",,,"paging",,"tcp sockets",,,,
"time","total usage:usr","total usage:sys","total usage:idl","total usage:wai","total usage:stl","used","free","buf","cach","net/total:recv","net/total:send","dsk/total:read","dsk/total:writ","read","writ","int","csw","1m","5m","15m","run","blk","new","in","out","lis","act","syn","tim","clo"
29-06 19:03:54,,1044824,1367544,167956,5227180,,,,,,,1.230,0.830,0.460,2,0,,,,10,4,0,17,0
29-06 19:03:55,10.013,20.527,67.840,0.751,0,1029632,1379952,167996,5229804,5639.444,1842.432,2250.971,1686.226,36.048,87.115,6850,6037,1.230,0.830,0.460,1,0,497.657,0,0,10,4,1,17,0
29-06 19:03:56,12.971,18.958,66.852,0.249,0,1016780,1392548,168004,5230388,5286.296,1528.616,0,195.567,0,16.962,6253,5890,1.230,0.830,0.460,2,0,322.286,0,0,10,4,1,17,0
29-06 19:03:57,15.762,17.763,64.799,0,0,972844,1436524,168004,5230324,5877.462,1827.387,0,16.012,0,4.003,7057,8518,1.230,0.830,0.460,1,0,293.223,0,0,10,3,1,17,1
29-06 19:03:58,13.760,6.505,79.308,0,0,1123040,1285956,168004,5355068,5474.037,1919.416,32.024,736.543,3.002,3.002,2631,2850,1.230,0.830,0.460,1,0,45.033,0,0,11,5,2,17,1
29-06 19:03:59,16.985,9.492,72.437,0,0,1136404,1272560,168008,5355088,4735.889,1766.467,0,35.969,0,8.992,3219,2251,1.290,0.840,0.460,1,0,114.900,0,0,11,5,2,17,1
29-06 19:04:00,15.982,10.738,71.920,0,0,1168620,1240316,168032,5355088,4572.925,1758.049,31.965,547.392,1.998,19.978,3700,3054,1.290,0.840,0.460,1,0,160.822,0,0,11,5,2,19,1
29-06 19:04:01,22.747,3.250,73.741,0,0,1220680,1186360,168188,5356376,5039.353,1693.783,0,1223.843,0,14.998,1820,1332,1.290,0.840,0.460,2,0,0,0,0,11,5,2,19,1
29-06 19:04:02,16.544,4.011,71.189,6.517,0,1235128,1165308,168788,5362104,8989.880,2517.688,0,20073.322,0,1855.930,9007,16670,1.290,0.840,0.460,2,0,34.091,0,0,11,7,2,19,1
29-06 19:04:03,14.993,6.997,67.217,8.496,0,1121808,1273276,169932,5366132,5097.464,1759.125,0,51722.264,0,3746.136,14417,26597,1.290,0.840,0.460,1,0,91.954,0,0,11,5,2,19,1
29-06 19:04:04,21.215,4.992,73.129,0,0,1203692,1191380,169936,5366140,5261.289,1347.769,0,610.988,0,33.944,2205,1733,1.270,0.850,0.470,3,0,30.949,0,0,11,5,2,19,1
29-06 19:04:05,33.259,2.751,62.767,0.500,0,1232740,1161896,170004,5366428,21521.946,6560.813,0,1328.367,0,49.014,2326,1515,1.270,0.850,0.470,4,0,0,0,0,11,6,2,19,1
29-06 19:04:06,30.482,4.997,62.713,0.750,0,1224028,1170212,170160,5366568,37868.677,10843.608,0,8846.785,0,567.665,3415,3575,1.270,0.850,0.470,2,0,9.994,0,0,11,7,2,19,1
29-06 19:04:07,37.486,3.249,58.228,0.750,0,1263144,1130404,170296,5367004,25556.296,14490.498,0,1787.321,0,83.968,2593,1594,1.270,0.850,0.470,5,0,0,0,0,11,7,2,19,1
29-06 19:04:08,21.308,19.302,57.656,0.501,0,1214952,1177724,170524,5367468,45849.204,15768.717,0,2213.998,0,71.193,6232,5373,1.270,0.850,0.470,5,0,486.317,0,0,11,7,2,19,1
29-06 19:04:09,31.994,16.497,49.991,0.750,0,1210780,1164092,170668,5384804,189399.131,15878.161,0,4583.180,0,277.950,6442,8732,1.330,0.870,0.470,2,0,321.942,0,0,11,7,2,19,1
29-06 19:04:10,63.341,13.466,21.695,0.499,0,1309372,1048144,171384,5399320,4989.450,1693.740,0,2114.681,0,93.764,4671,3108,1.330,0.870,0.470,3,0,131.669,0,0,11,7,2,19,2
29-06 19:04:11,73.445,7.520,18.549,0.501,0,1370316,967916,171932,5415952,4993.272,1624.317,0,2109.607,0,121.322,4560,14125,1.330,0.870,0.470,4,0,36.096,0,0,11,7,2,20,2
29-06 19:04:12,61.729,11.246,24.742,1.250,0,1407688,903320,172748,5439680,5175.255,1619.454,0,4594.451,0,283.904,5193,5305,1.330,0.870,0.470,2,0,47.984,0,0,11,6,2,20,2
29-06 19:04:13,32.462,8.740,56.684,0.999,0,1426212,868552,173692,5452652,4734.472,1618.111,0,27883.443,0,687.198,4110,3346,1.330,0.870,0.470,2,0,93.890,0,0,11,6,2,19,2
29-06 19:04:14,45.000,5.250,48.250,1.000,0,1485104,778768,174872,5479428,5100.005,1736.002,0,3008.003,0,115.000,3125,2112,1.380,0.890,0.480,2,0,0,0,0,11,6,2,19,2
29-06 19:04:15,45.700,4.245,48.696,0,0,1527932,751832,175008,5463416,5358.097,2097.689,0,1314.552,0,87.903,3189,1846,1.380,0.890,0.480,3,0,19.978,0,0,11,6,2,19,0
29-06 19:04:16,38.511,6.752,52.015,1.751,0,1486564,786260,175200,5469508,12043.460,4628.330,0,5009.439,0,350.101,4841,5545,1.380,0.890,0.480,2,0,60.017,0,0,11,4,2,21,0
29-06 19:04:17,44.495,8.499,45.495,0,0,1542188,728768,175224,5470908,5776.340,1619.815,0,0,0,0,10527,17934,1.380,0.890,0.480,2,0,13.998,0,0,11,4,2,21,0
29-06 19:04:18,37.734,8.246,52.727,0.250,0,1503516,766540,175308,5471300,11135.160,6366.233,267.884,23813.649,65.971,152.934,12376,21076,1.380,0.890,0.480,2,0,17.992,0,0,11,25,2,21,0
29-06 19:04:19,38.563,8.263,53.337,0.250,0,1435164,842752,175320,5464124,10553.209,5392.794,0,1426.326,0,31.051,3616,2506,1.430,0.900,0.490,2,0,59.096,0,0,11,28,2,22,0
29-06 19:04:20,34.939,5.490,58.149,0,0,1447412,830584,175320,5464120,6116.349,2121.306,0,391.319,0,4.991,2933,1711,1.430,0.900,0.490,1,0,65.885,0,0,11,29,2,22,0
29-06 19:04:21,12.784,1.504,84.978,0,0,1447396,830584,175320,5464136,12294.026,7827.026,0,0,0,0,1838,1650,1.430,0.900,0.490,1,0,0,0,0,11,28,2,17,0
29-06 19:04:22,33.204,11.734,54.425,0,0,1442800,835164,175320,5464152,4842.323,1509.918,0,11.983,0,2.996,3525,2355,1.430,0.900,0.490,2,0,155.785,0,0,11,28,2,17,0
29-06 19:04:23,34.024,4.253,60.792,0,0,1504952,773004,175320,5464160,12840.951,9392.547,0,22211.483,0,163.114,3298,2582,1.430,0.900,0.490,2,0,0,0,0,11,30,2,17,0
29-06 19:04:24,30.771,8.256,59.290,0,0,1484792,792952,175324,5464368,15969.689,12327.251,0,928.622,0,32.021,6625,8732,1.320,0.890,0.490,3,0,188.126,0,0,11,28,2,19,0
29-06 19:04:25,75.045,23.764,1.251,0,0,1598220,679480,175328,5464408,4558.738,1566.941,0,2909.748,0,60.036,5518,4174,1.320,0.890,0.490,6,0,390.234,0,0,11,28,2,19,0
29-06 19:04:26,84.752,10.750,4.750,0,0,1815892,461792,175328,5464424,18145.497,15504.424,0,0,0,0,5497,3621,1.320,0.890,0.490,4,0,0,0,0,11,32,3,19,0
29-06 19:04:27,74.855,6.487,17.466,0,0,1841504,435932,175332,5464668,37339.631,32185.620,0,730.584,0,59.884,9117,13524,1.320,0.890,0.490,6,0,0,0,0,11,29,2,24,0
29-06 19:04:28,41.796,12.764,45.299,0.250,0,1591612,685788,175340,5464696,5927.472,2439.664,0,352.385,0,33.036,4235,4305,1.320,0.890,0.490,2,0,313.342,0,0,11,28,2,25,0
29-06 19:04:29,17.196,2.492,79.002,0,0,1583636,693740,175340,5464700,8528.270,5405.059,0,183.425,0,7.975,1912,1645,1.290,0.890,0.490,2,0,3.988,0,0,11,29,2,24,0
29-06 19:04:30,15.028,5.761,78.143,0,0,1513640,763716,175348,5464712,7982.623,4732.669,0,793.453,0,57.105,3359,3584,1.290,0.890,0.490,3,0,68.125,0,0,11,28,2,25,0
29-06 19:04:31,21.508,3.251,74.278,0,0,1535092,742264,175348,5464712,5531.084,2391.901,0,0,0,0,1673,1135,1.290,0.890,0.490,2,0,0,0,0,11,29,2,25,0
29-06 19:04:32,15.497,2.000,81.484,0.250,0,1518728,758528,175356,5464772,11841.627,7896.417,0,151.970,0,19.996,2827,3369,1.290,0.890,0.490,1,0,0,0,0,11,28,2,26,0
29-06 19:04:33,9.268,23.295,65.879,0,0,1463260,813980,175360,5464784,4795.356,1569.061,0,200.391,0,13.025,6297,5272,1.290,0.890,0.490,3,0,657.282,0,0,11,28,2,25,0
29-06 19:04:34,74.750,22.750,2.750,0,0,1570556,706644,175360,5464824,4952.015,1586.005,0,1708.005,0,27.000,5294,3689,1.510,0.940,0.510,5,0,382.001,0,0,11,28,2,25,0
29-06 19:04:35,79.418,9.740,10.489,0,0,1743668,533360,175372,5464984,27877.113,25288.795,0,675.300,0,40.958,6049,5597,1.510,0.940,0.510,4,0,0,0,0,11,33,2,25,0
29-06 19:04:36,74.574,8.759,15.766,0.500,0,1698732,578188,175392,5465072,33043.792,27021.816,0,604.600,0,77.076,9522,15914,1.510,0.940,0.510,5,0,101.100,0,0,11,28,2,26,0
29-06 19:04:37,82.039,18.453,0,0,0,1653060,623764,175396,5465172,5329.295,1561.983,0,223.425,0,14.962,5308,3710,1.510,0.940,0.510,6,0,208.464,0,0,11,28,2,26,0
29-06 19:04:38,85.577,9.759,4.254,0,0,1835792,440876,175408,5465316,24635.022,20822.614,0,3927.511,0,216.193,5555,4921,1.510,0.940,0.510,5,0,0,0,0,11,34,2,26,0
29-06 19:04:39,78.266,8.002,12.753,0,0,1815720,460584,175424,5465664,48537.945,41641.532,0,1500.307,0,76.016,10777,17629,1.950,1.040,0.550,6,0,31.006,0,0,11,30,2,30,0
29-06 19:04:40,56.481,13.246,29.490,0,0,1590204,686032,175424,5465736,9908.661,4386.522,0,171.942,0,15.995,5109,4877,1.950,1.040,0.550,2,0,267.910,0,0,11,28,2,31,0
29-06 19:04:41,35.746,4.000,59.243,0,0,1597908,678316,175424,5465748,14921.297,10338.820,0,2115.758,0,68.992,3015,2618,1.950,1.040,0.550,1,0,0,0,0,11,30,2,31,0
29-06 19:04:42,49.343,16.782,33.563,0,0,1470472,805700,175436,5465788,14812.908,10240.293,0,1005.895,0,63.119,6266,7258,1.950,1.040,0.550,3,0,378.714,0,0,11,28,2,33,0
29-06 19:04:43,56.238,6.749,35.743,0,0,1620372,655772,175436,5465816,13061.263,9682.971,0,599.874,0,2.999,3874,2377,1.950,1.040,0.550,2,0,0,0,0,11,31,2,33,0
29-06 19:04:44,55.512,7.502,36.508,0,0,1602388,673596,175464,5465996,25264.432,20635.436,0,89347.209,0,779.168,9296,12050,2.030,1.080,0.560,3,0,44.009,0,0,11,28,2,34,0
29-06 19:04:45,80.506,18.751,1.250,0,0,1582612,693340,175468,5466024,5238.417,1458.116,0,164.013,0,11.001,5055,2635,2.030,1.080,0.560,4,0,214.017,0,0,11,28,2,29,0
29-06 19:04:46,62.250,6.500,29.750,0,0,1653940,621808,175476,5466220,32224.830,29649.844,0,199.999,0,19.000,6785,8348,2.030,1.080,0.560,1,0,0,0,0,11,32,2,29,0
29-06 19:04:47,62.961,16.740,19.987,0.250,0,1551008,724676,175488,5466272,20503.142,13817.335,0,1211.240,0,88.944,7021,8842,2.030,1.080,0.560,3,0,323.797,0,0,11,28,2,32,0
29-06 19:04:48,56.679,6.492,36.954,0,0,1628260,647404,175488,5466292,14005.462,10153.286,0,3.995,0,0.999,3865,2458,2.030,1.080,0.560,4,0,0,0,0,11,31,2,32,0
29-06 19:04:49,53.527,9.005,36.018,0,0,1605544,669932,175496,5466472,26468.428,21990.156,0,10485.319,0,122.062,8407,10924,2.110,1.110,0.570,5,0,127.064,0,0,11,28,2,34,0
29-06 19:04:50,63.088,14.270,22.531,0,0,1586732,688720,175496,5466496,5373.461,1622.252,0,164.228,0,9.013,3880,2180,2.110,1.110,0.570,3,0,174.242,0,0,11,28,2,34,0
29-06 19:04:51,47.473,5.497,45.724,0,0,1624724,650680,175496,5466544,27764.469,24106.515,0,171.904,0,17.990,6121,7686,2.110,1.110,0.570,2,0,0,0,0,11,30,2,35,0
29-06 19:04:52,61.643,16.471,21.712,0.250,0,1536132,738952,175508,5466852,9684.176,5749.013,0,762.675,0,43.924,5816,5435,2.110,1.110,0.570,4,0,286.502,0,0,11,28,2,37,0
29-06 19:04:53,55.048,6.506,38.033,0,0,1629336,645736,175508,5466864,17155.852,13319.531,0,0,0,0,4160,2788,2.110,1.110,0.570,4,0,0,0,0,11,31,2,37,0
29-06 19:04:54,51.947,11.239,35.714,0,0,1551308,723544,175524,5467068,19441.332,15473.347,0,423.571,0,39.960,7097,9014,2.180,1.140,0.590,3,0,111.887,0,0,11,28,2,36,0
29-06 19:04:55,61.076,7.760,30.788,0,0,1605668,669048,175524,5467200,9934.327,7762.632,128.159,128.159,1.001,8.010,3662,1748,2.180,1.140,0.590,1,0,1.001,0,0,11,31,1,36,0
29-06 19:04:56,49.554,8.009,41.545,0,0.250,1598632,676032,175524,5467252,25329.457,20400.114,0,364.395,0,41.044,8142,10469,2.180,1.140,0.590,4,0,118.128,0,0,11,28,1,38,0
29-06 19:04:57,75.753,24.001,0.500,0,0.250,1578176,696460,175528,5467308,4909.163,1512.050,0,2740.091,0,164.005,5626,4805,2.180,1.140,0.590,7,0,545.018,0,0,11,28,1,38,0
29-06 19:04:58,83.516,16.454,0,0,0,1771108,503500,175532,5467332,8165.086,5388.877,0,207.418,0,9.972,5717,4796,2.180,1.140,0.590,7,0,385.917,0,0,11,30,1,38,0
29-06 19:04:59,76.474,19.493,3.749,0,0,1826992,447360,175544,5467576,54293.825,50429.119,0,1335.553,0,68.977,9130,11284,2.410,1.200,0.610,9,0,458.846,0,0,11,31,2,39,0
29-06 19:05:00,80.751,18.056,0.502,0,0,1633556,640580,175552,5467784,15244.469,11581.062,0,433.349,0,40.125,7038,7043,2.410,1.200,0.610,5,0,337.050,0,0,11,28,1,39,0
29-06 19:05:01,84.493,11.749,3.750,0,0,1732844,541260,175552,5467816,13493.950,9821.235,0,0,0,0,5101,2983,2.410,1.200,0.610,5,0,9.999,0,0,11,31,1,39,0
29-06 19:05:02,75.313,9.476,15.462,0,0,1756744,517128,175552,5468048,43844.968,39090.791,0,3.990,0,0.998,8408,13577,2.410,1.200,0.610,4,0,52.869,0,0,11,31,1,39,0
29-06 19:05:03,36.085,21.801,40.595,0,0,1535204,738620,175552,5468096,17554.146,12409.086,0,20.047,0,5.012,8173,9629,2.410,1.200,0.610,2,0,660.548,0,0,11,28,1,42,0
29-06 19:05:04,51.262,32.008,15.504,0,0,1554180,719604,175552,5468136,5881.403,1620.386,0,64.015,0,13.003,6340,5833,2.290,1.200,0.610,4,0,893.213,0,0,11,28,1,42,0
29-06 19:05:05,75.405,9.238,16.230,0,0,1653924,619812,175552,5468184,19810.990,17428.998,0,111.859,0,1.997,4993,4018,2.290,1.200,0.610,2,0,0,0,0,11,32,1,42,0
29-06 19:05:06,61.029,12.506,25.762,0.250,0,1574180,699368,175576,5468348,24505.680,18685.906,0,1252.597,0,100.048,7329,10518,2.290,1.200,0.610,4,0,201.096,0,0,11,28,1,45,1
29-06 19:05:07,81.567,13.261,4.754,0,0,1624596,648908,175576,5468392,9861.096,5884.832,0,152.125,0,10.008,4948,2647,2.290,1.200,0.610,3,0,67.055,0,0,11,29,2,46,0
29-06 19:05:08,61.478,6.248,31.239,0,0,1648752,624532,175584,5468604,36137.038,32511.339,0,143.948,0,6.997,8204,12168,2.290,1.200,0.610,2,0,0,0,0,11,32,1,46,0
29-06 19:05:09,55.388,6.736,36.926,0.249,0,1639788,633236,175596,5468852,39026.278,33894.630,0,347.299,0,32.934,12910,20117,2.270,1.220,0.620,3,0,30.938,0,0,11,30,1,46,0
29-06 19:05:10,80.938,13.030,5.513,0,0.251,1572068,700912,175608,5468884,11588.951,7510.466,0,501.166,0,72.168,5990,5602,2.270,1.220,0.620,4,0,92.214,0,0,11,28,1,46,0
29-06 19:05:11,73.852,10.978,14.970,0,0,1679800,593152,175608,5468912,23146.603,20103.702,0,147.704,0,9.980,5708,14622,2.270,1.220,0.620,3,0,35.928,0,0,11,32,1,47,0
29-06 19:05:12,53.595,5.983,39.137,0,0,1680260,592424,175616,5469172,44329.056,38967.531,0,2899.631,0,116.663,12251,19629,2.270,1.220,0.620,3,0,0,0,0,11,31,1,48,0
29-06 19:05:13,69.088,13.818,15.827,0,0,1562704,709780,175620,5469368,27599.026,22091.079,0,124.610,0,8.039,8913,11695,2.270,1.220,0.620,4,0,206.008,0,0,11,28,1,51,0
29-06 19:05:14,79.034,12.715,7.978,0,0,1620032,652420,175624,5469396,10008.709,6006.622,0,1360.291,0,8.976,4755,2371,2.410,1.260,0.640,3,0,54.850,0,0,11,30,1,50,0
29-06 19:05:15,55.867,6.013,37.829,0,0,1651648,620668,175624,5469592,33336.725,28072.716,0,1843.857,0,43.090,7288,10286,2.410,1.260,0.640,2,0,0,0,0,11,32,1,50,0
29-06 19:05:16,69.790,10.256,19.511,0,0,1553612,718596,175640,5469684,28641.483,22836.142,0,284.164,0,34.020,9512,13225,2.410,1.260,0.640,4,0,98.056,0,0,11,28,1,52,0
29-06 19:05:17,79.105,10.730,9.483,0,0,1626084,645980,175644,5469824,11884.175,7692.873,0,139.743,0,9.982,4761,2368,2.410,1.260,0.640,5,0,29.945,0,0,11,30,1,52,0
29-06 19:05:18,67.330,10.012,21.776,0,0,1638648,633356,175664,5469864,22365.593,17676.017,0,404.481,0,46.055,6492,7312,2.410,1.260,0.640,8,0,121.144,0,0,11,32,1,52,0
29-06 19:05:19,75.053,9.257,15.261,0.250,0,1712184,559588,175680,5470080,33153.464,27178.235,0,192.136,0,14.010,6420,11419,2.380,1.270,0.650,2,0,2.001,0,0,11,34,1,53,0
29-06 19:05:20,70.631,13.727,15.723,0,0,1640788,630932,175680,5470132,23768.911,17756.052,0,179.697,0,9.983,6229,7485,2.380,1.270,0.650,4,0,140.763,0,0,11,34,1,54,0
29-06 19:05:21,74.572,12.012,12.762,0,0,1645368,626312,175684,5470168,19374.670,15424.864,0,116.112,0,7.007,5270,5008,2.380,1.270,0.650,5,0,86.083,0,0,11,34,1,56,0
29-06 19:05:22,72.653,10.736,16.228,0,0,1621792,649840,175684,5470180,19553.978,15508.362,0,155.793,0,9.987,6410,6878,2.380,1.270,0.650,4,0,69.907,0,0,11,34,1,56,0
29-06 19:05:23,73.059,8.507,17.514,0.250,0,1669664,601832,175696,5470304,24470.902,20172.406,0,352.287,0,38.031,6602,8395,2.380,1.270,0.650,3,0,1.001,0,0,11,34,1,58,0
29-06 19:05:24,57.278,13.006,29.264,0,0,1544004,727464,175708,5470320,14932.236,10901.282,0,376.182,0,36.017,5313,5065,2.350,1.290,0.650,3,0,229.111,0,0,11,32,1,60,0
29-06 19:05:25,57.467,8.495,33.481,0.250,0,1615220,655936,175712,5470628,13305.359,10221.130,0,207.881,0,13.992,4034,2761,2.350,1.290,0.650,1,0,27.984,0,0,11,34,1,60,0
29-06 19:05:26,46.999,9.250,42.999,0,0,1580952,690148,175716,5470680,25295.484,20016.592,0,171.996,0,13.000,6277,7959,2.350,1.290,0.650,3,0,95.998,0,0,11,34,1,59,0
29-06 19:05:27,57.311,9.760,32.034,0,0,1488892,782180,175716,5470708,11984.828,10353.082,0,204.219,0,12.013,4811,4120,2.350,1.290,0.650,2,0,86.092,0,0,11,33,1,61,0
29-06 19:05:28,54.469,6.746,38.728,0,0,1566104,704776,175716,5470900,18574.426,12799.713,0,175.900,0,12.993,4511,4483,2.350,1.290,0.650,3,0,12.993,0,0,11,34,1,62,0
29-06 19:05:29,33.507,6.751,58.013,0.250,0,1514280,756532,175720,5470960,21903.861,17758.941,0,392.087,0,33.007,6530,9111,2.480,1.330,0.670,5,0,102.023,0,0,11,32,1,64,0
29-06 19:05:30,40.776,10.006,48.781,0,0,1568024,702784,175720,5470964,4594.963,1555.003,0,304.196,0,18.012,3548,2297,2.480,1.330,0.670,2,0,113.073,0,0,11,32,1,57,0
29-06 19:05:31,34.434,3.743,60.634,0,0,1588800,681984,175720,5470984,17577.230,14596.956,0,191.632,0,9.981,3805,3698,2.480,1.330,0.670,0,0,0,0,0,11,34,1,57,0
29-06 19:05:32,36.315,10.769,52.093,0.250,0,1490956,779760,175724,5471044,10666.031,5970.653,0,817.459,0,57.102,5011,5371,2.480,1.330,0.670,2,0,138.247,0,0,11,32,1,59,0
29-06 19:05:33,40.645,5.237,53.861,0,0,1599660,671008,175728,5471088,10994.685,7966.484,0,131.661,0,8.977,2868,2103,2.480,1.330,0.670,2,0,0,0,0,11,34,1,59,0
29-06 19:05:34,32.981,5.497,59.965,0.250,0,1547992,722636,175732,5471124,15287.114,11503.314,0,307.821,0,34.980,3655,5161,2.360,1.330,0.670,2,0,59.965,0,0,11,32,1,60,0
29-06 19:05:35,41.135,6.020,52.171,0,0,1558828,711796,175732,5471128,6837.416,3543.618,0,216.710,0,12.039,2788,1559,2.360,1.330,0.670,1,0,5.016,0,0,11,33,1,60,0
29-06 19:05:36,32.721,3.497,62.943,0,0,1557820,712712,175732,5471220,20515.566,15776.824,0,127.885,0,7.993,3931,4762,2.360,1.330,0.670,2,0,0,0,0,11,34,1,60,0
29-06 19:05:37,35.775,6.505,56.790,0.250,0,1469400,800968,175736,5471376,11578.126,7372.174,0,240.169,0,24.017,4336,4871,2.360,1.330,0.670,2,0,48.034,0,0,11,32,1,62,0
29-06 19:05:38,37.907,4.738,56.611,0,0,1550848,719516,175736,5471380,10132.184,6343.463,0,183.550,0,11.971,2702,1916,2.360,1.330,0.670,1,0,0,0,0,11,33,2,62,0
29-06 19:05:39,26.042,3.756,68.862,0,0,1546752,723424,175748,5471556,21040.095,16072.044,0,1822.954,0,117.190,5325,7491,2.250,1.320,0.670,3,0,1.002,0,0,11,33,1,61,1
29-06 19:05:40,26.218,10.986,61.424,0.250,0,1419868,850264,175756,5471584,9148.685,4096.933,0,243.699,0,24.969,4561,4275,2.250,1.320,0.670,1,0,281.652,0,0,11,32,1,63,0
29-06 19:05:41,18.503,2.750,78.761,0,0,1449644,820444,175756,5471628,11272.599,6652.944,0,0,0,0,1957,1640,2.250,1.320,0.670,4,0,0,0,0,11,33,1,63,0
29-06 19:05:42,16.738,1.249,79.945,0,0,1445972,824092,175756,5471652,10762.568,7345.927,0,487.663,0,28.980,2990,3757,2.250,1.320,0.670,3,0,0,0,0,11,32,1,64,0
29-06 19:05:43,13.998,14.248,70.991,0,0,1437204,832852,175756,5471660,4919.383,1661.792,0,3399.574,0,156.980,4180,3042,2.250,1.320,0.670,2,0,283.964,0,0,11,32,1,57,0
29-06 19:05:44,20.000,2.000,77.501,0,0,1478496,791552,175756,5471668,9983.162,6544.106,0,0,0,0,1944,1611,2.150,1.310,0.680,3,0,0,0,0,11,33,1,57,0
29-06 19:05:45,18.304,4.764,75.976,0,0,1434936,835088,175760,5471688,10966.563,7267.580,0,1416.205,0,51.152,3651,3973,2.150,1.310,0.680,1,0,46.137,0,0,11,32,1,58,0
29-06 19:05:46,22.422,3.239,73.495,0.249,0,1501484,768540,175760,5471688,4789.365,1076.262,0,91.682,0,6.976,1818,1358,2.150,1.310,0.680,2,0,0,0,0,11,32,1,58,0
29-06 19:05:47,14.275,2.504,82.392,0,0,1502752,767132,175760,5471828,14252.611,9726.796,0,84.145,0,9.016,2847,3519,2.150,1.310,0.680,3,0,0,0,0,11,33,1,55,0
29-06 19:05:48,15.758,4.752,77.789,0,0,1438056,831800,175764,5471852,11689.878,7401.722,0,216.109,0,21.011,4197,4935,2.150,1.310,0.680,2,0,66.033,0,0,11,32,1,55,0
29-06 19:05:49,15.769,22.527,60.574,0.250,0,1447556,822128,175780,5472004,4972.061,1567.911,0,412.503,0,26.032,6426,5295,2.060,1.310,0.680,2,0,561.685,0,0,11,32,1,57,0
29-06 19:05:50,44.364,6.231,49.099,0,0,1524048,744936,175824,5472648,4444.359,1453.539,0,263.192,0,7.976,2797,1452,2.060,1.310,0.680,3,0,0,0,0,11,32,1,57,0
29-06 19:05:51,39.336,6.514,46.101,7.266,0,1569944,692800,176112,5478340,4369.602,1082.378,0,19975.895,0,2030.462,11758,19584,2.060,1.310,0.680,1,1,107.236,0,0,11,36,1,54,0
29-06 19:05:52,38.281,8.757,41.784,9.508,0,1581556,678376,176860,5480292,5033.132,1513.242,0,48347.691,0,4107.372,16082,31472,2.060,1.310,0.680,2,0,64.053,0,0,11,36,1,54,0
29-06 19:05:53,45.169,5.740,47.415,0.998,0,1556676,703084,177024,5480300,5270.585,1617.111,0,13324.199,0,786.595,4204,5131,2.060,1.310,0.680,4,0,6.988,0,0,11,32,1,54,0
29-06 19:05:54,39.572,7.263,45.083,5.761,0,1543848,714996,177528,5480676,4961.083,1514.773,0,12013.996,0,2032.722,13835,23062,2.050,1.320,0.690,2,0,2.004,0,0,11,34,1,54,0
29-06 19:05:55,32.198,7.987,58.406,1.498,0,1529296,729216,177712,5480816,4634.568,1240.011,0,10211.624,0,936.498,6304,8813,2.050,1.320,0.690,3,0,99.840,0,0,11,32,1,49,0
29-06 19:05:56,21.992,3.999,72.725,0,0,1450300,808192,177720,5480828,4622.398,1403.513,0,1675.419,0,78.973,2050,1791,2.050,1.320,0.690,2,0,1.000,0,0,11,32,1,49,0
29-06 19:05:57,22.000,4.000,72.750,0.500,0,1505908,752556,177748,5480828,6062.992,1565.998,0,5439.993,0,287.000,2315,2519,2.050,1.320,0.690,2,0,2.000,0,0,11,32,1,49,0
29-06 19:05:58,23.002,3.500,73.005,0,0,1465796,792632,177748,5480860,5220.382,1694.124,0,156.011,0,15.001,1900,1375,2.050,1.320,0.690,2,0,1.000,0,0,11,32,1,49,0
29-06 19:05:59,22.492,3.499,71.974,0.500,0,1479676,778736,177760,5480860,5218.105,1693.385,0,7029.447,0,326.881,2387,2446,1.970,1.320,0.690,2,0,2.999,0,0,11,32,1,47,0
29-06 19:06:00,21.549,4.009,73.669,0,0,1468444,789952,177764,5480872,4362.004,1589.646,0,1122.575,0,60.138,1878,1405,1.970,1.320,0.690,1,0,1.002,0,0,11,32,1,47,0
29-06 19:06:01,22.697,3.242,73.578,0,0,1464360,794036,177764,5480872,4649.111,1151.303,0,143.664,0,1.995,1823,1264,1.970,1.320,0.690,3,0,1.995,0,0,11,32,1,47,0
29-06 19:06:02,22.747,3.000,73.739,0,0,1425920,832388,177764,5480948,5462.197,1639.759,0,0,0,0,1747,1114,1.970,1.320,0.690,3,0,1.000,0,0,11,32,1,47,0
29-06 19:06:03,22.753,3.250,73.508,0,0,1484704,773604,177764,5480948,5372.614,1586.181,0,4.000,0,1.000,1781,1237,1.970,1.320,0.690,2,0,2.000,0,0,11,32,1,41,0
29-06 19:06:04,22.251,3.500,73.252,0.250,0,1511204,747092,177768,5480956,4966.144,1566.045,0,1100.032,0,145.004,1972,1540,1.890,1.310,0.690,3,0,0,0,0,11,32,1,41,0
29-06 19:06:05,22.986,2.748,73.456,0,0,1481332,776872,177768,5481044,5308.840,1585.057,0,303.819,0,16.990,1822,1311,1.890,1.310,0.690,1,0,0.999,0,0,11,32,1,41,0
29-06 19:06:06,21.499,4.000,73.497,0,0,1472756,785420,177768,5481068,5505.781,1565.938,0,107.996,0,6.000,1810,1308,1.890,1.310,0.690,4,0,1.000,0,0,11,32,1,41,0
29-06 19:06:07,22.268,3.253,73.809,0,0,1484780,773392,177768,5481072,5001.016,1621.302,0,0,0,0,1739,1121,1.890,1.310,0.690,3,0,2.002,0,0,11,32,1,37,0
29-06 19:06:08,22.753,3.250,73.511,0,0,1466556,791596,177768,5481092,4842.721,1512.225,0,0,0,0,1722,1203,1.890,1.310,0.690,2,0,1.000,0,0,11,32,1,37,0
29-06 19:06:09,22.498,3.250,73.495,0,0,1450280,807832,177768,5481132,4785.670,1639.887,0,0,0,0,1816,1282,1.820,1.310,0.690,1,0,2.000,0,0,11,32,1,37,0
29-06 19:06:10,22.742,3.249,73.723,0,0,1513912,744200,177768,5481132,4650.313,1511.452,0,0,0,0,1761,1218,1.820,1.310,0.690,2,0,1.999,0,0,11,32,1,37,0
29-06 19:06:11,24.055,9.271,66.401,0,0,1493332,764636,177772,5481272,5217.862,1611.664,0,248.565,0,7.016,3695,8633,1.820,1.310,0.690,2,0,191.435,0,0,11,32,1,37,0
29-06 19:06:12,8.730,20.953,68.347,0,0,1472468,785444,177776,5481316,4995.830,1616.386,0,985.796,0,14.967,6352,5046,1.820,1.310,0.690,1,0,518.840,0,0,11,32,1,37,0
29-06 19:06:13,7.766,22.046,69.646,0,0,1449392,808480,177776,5481356,5277.058,1569.288,0,268.563,0,4.008,6281,4990,1.820,1.310,0.690,2,0,491.029,0,0,11,32,1,37,0
29-06 19:06:14,15.443,11.457,71.485,0.249,0,1466176,791676,177780,5481368,4897.820,1560.209,0,179.334,0,8.967,3862,3304,1.750,1.300,0.690,1,0,203.246,0,0,11,32,1,37,0
29-06 19:06:15,22.260,3.502,73.283,0,0,1512000,745860,177788,5481352,5162.316,1620.727,0,420.188,0,31.014,1848,1306,1.750,1.300,0.690,2,0,2.001,0,0,11,32,1,33,0
29-06 19:06:16,22.028,4.005,73.844,0,0,1487964,769876,177788,5481368,5286.715,1622.060,0,1938.462,0,227.289,1808,1219,1.750,1.300,0.690,2,0,1.001,0,0,11,32,1,33,0
29-06 19:06:17,22.501,3.500,73.504,0,0,1538816,719044,177788,5481348,5477.291,1694.090,0,12.001,0,2.000,1817,1257,1.750,1.300,0.690,3,0,2.000,0,0,11,32,1,33,0
29-06 19:06:18,21.995,2.999,73.482,0,0,1507060,750776,177788,5481368,6284.469,1565.619,0,23.994,0,2.000,1762,1243,1.750,1.300,0.690,2,0,1.000,0,0,11,32,1,33,0
29-06 19:06:19,21.992,3.999,73.724,0,0,1544384,713464,177788,5481356,6777.568,1661.404,0,0,0,0,1874,1252,1.690,1.290,0.700,3,0,2.999,0,0,11,32,1,33,0
29-06 19:06:20,22.750,3.250,73.249,0,0,1512716,745164,177788,5481344,6431.946,1511.987,0,563.995,0,99.999,1884,1287,1.690,1.290,0.700,2,0,1.000,0,0,11,32,1,28,0
29-06 19:06:21,22.251,3.750,73.505,0,0,1526608,731268,177788,5481348,5492.355,1512.098,0,1816.117,0,14.001,1839,1213,1.690,1.290,0.700,2,0,2.000,0,0,11,32,1,28,0
29-06 19:06:22,22.500,3.250,73.499,0,0.250,1487704,770148,177788,5481372,4450.917,1133.979,0,24.000,0,1.000,1706,1053,1.690,1.290,0.700,2,0,1.000,0,0,11,32,1,28,0
29-06 19:06:23,22.501,3.250,73.754,0,0,1509012,748848,177788,5481364,5432.300,1512.084,0,4.000,0,1.000,1824,1179,1.690,1.290,0.700,1,0,2.000,0,0,11,32,1,28,0
29-06 19:06:24,22.251,3.250,73.255,0,0,1483360,774476,177792,5481384,4920.315,1620.104,0,184.012,0,12.001,1893,1486,1.640,1.290,0.700,3,0,1.000,0,0,11,32,1,21,0
29-06 19:06:25,22.499,3.500,73.247,0.250,0,1508584,749280,177792,5481356,4277.812,1457.936,0,379.983,0,24.999,1820,1309,1.640,1.290,0.700,2,0,2.000,0,0,11,32,1,21,0
29-06 19:06:26,22.997,2.250,73.990,0,0,1486384,771452,177792,5481384,4739.348,1619.777,0,323.955,0,2.000,1763,1141,1.640,1.290,0.700,1,0,1.000,0,0,11,32,1,21,0
29-06 19:06:27,23.254,2.750,73.763,0,0,1495896,762028,177792,5481296,5255.950,1458.263,0,0,0,0,1812,1223,1.640,1.290,0.700,3,0,0,0,0,11,32,1,21,0
29-06 19:06:28,21.750,4.500,73.251,0,0,1535616,722308,177792,5481296,5220.038,1620.012,0,0,0,0,1716,1119,1.640,1.290,0.700,2,0,2.000,0,0,11,32,1,16,0
29-06 19:06:29,23.799,3.006,72.398,0,0,1482980,774824,177792,5481384,4707.648,1460.994,0,96.197,0,2.004,1905,1240,1.670,1.300,0.700,3,0,8.016,0,0,11,32,1,16,0
29-06 19:06:30,22.466,3.245,73.638,0,0,1469568,788232,177796,5481384,4732.819,1617.546,0,231.649,0,35.945,1792,1272,1.670,1.300,0.700,2,0,0.998,0,0,11,32,1,16,0
29-06 19:06:31,22.494,3.499,73.480,0,0,1506864,750956,177796,5481364,4724.743,1565.583,0,55.985,0,1.000,1767,1174,1.670,1.300,0.700,1,0,1.999,0,0,11,32,1,16,0
29-06 19:06:32,22.763,3.502,73.042,0,0,1481332,776436,177796,5481416,4431.529,1512.863,0,20.011,0,1.001,1786,1235,1.670,1.300,0.700,2,0,1.001,0,0,11,32,1,12,0
29-06 19:06:33,23.483,2.248,73.695,0,0,1456696,801072,177796,5481416,5276.087,1618.799,0,23.982,0,0.999,1787,1194,1.670,1.300,0.700,1,0,0.999,0,0,11,32,1,12,0
29-06 19:06:34,21.996,3.749,73.237,0,0,1480556,777224,177796,5481404,4559.168,1693.691,0,119.978,0,8.998,1911,1582,1.610,1.300,0.710,2,0,0,0,0,11,32,1,12,0
29-06 19:06:35,21.544,4.509,73.650,0,0,1473996,783744,177796,5481444,4689.565,1623.311,0,320.654,0,24.049,2071,1437,1.610,1.300,0.710,2,0,32.065,0,0,11,32,1,12,0
29-06 19:06:36,10.241,18.734,69.191,0,0,1464424,793292,177796,5481468,5099.617,1712.528,0,303.739,0,11.990,5479,4308,1.610,1.300,0.710,4,0,429.631,0,0,11,32,1,9,0
29-06 19:06:37,22.466,3.495,73.639,0,0,1498532,759172,177796,5481480,5428.845,1455.813,0,35.946,0,0.999,1711,1137,1.610,1.300,0.710,3,0,0,0,0,11,32,1,9,0
29-06 19:06:38,23.041,2.755,73.632,0,0,1474340,783112,177796,5481724,5349.566,1622.902,0,0,0,0,1805,1118,1.610,1.300,0.710,2,0,9.016,0,0,11,32,1,9,0
29-06 19:06:39,22.221,3.246,73.903,0,0,1482400,775052,177796,5481724,6231.843,1659.827,0,0,0,0,1733,1130,1.560,1.290,0.710,3,0,0,0,0,11,32,1,9,0
29-06 19:06:40,15.541,14.037,69.435,0,0,1445428,811872,177800,5481872,5793.413,1461.889,40.107,248.662,2.005,5.013,4806,3976,1.560,1.290,0.710,1,0,417.110,0,0,11,32,1,5,0
29-06 19:06:41,9.243,21.484,68.698,0,0,1448156,809084,177800,5481912,6774.856,1618.771,0,479.636,0,40.969,6690,5617,1.560,1.290,0.710,2,0,609.537,0,0,11,32,1,5,0
29-06 19:06:42,7.751,22.503,68.260,0,0,1435008,822208,177800,5481952,5375.752,1458.204,0,840.118,0,13.002,6771,5740,1.560,1.290,0.710,2,0,628.088,0,0,11,32,1,5,0
29-06 19:06:43,8.505,21.513,68.293,0,0,1438420,818768,177800,5481976,5163.233,1621.015,0,1320.827,0,15.009,6548,5361,1.560,1.290,0.710,1,0,586.367,0,0,11,32,1,5,0
29-06 19:06:44,8.998,21.246,69.238,0,0,1420228,836900,177808,5482024,4877.141,1457.743,0,1147.798,0,24.996,6771,5920,1.520,1.290,0.710,1,0,609.893,0,0,11,32,1,4,0
29-06 19:06:45,8.747,20.244,69.229,0.250,0,1412828,844256,177816,5482060,4918.493,1619.504,0,691.788,0,36.989,6271,5050,1.520,1.290,0.710,1,0,495.848,0,0,11,32,1,4,0
29-06 19:06:46,7.751,22.754,68.512,0,0,1410264,846788,177816,5482088,4980.837,1620.272,0,224.038,0,14.002,6293,4988,1.520,1.290,0.710,1,0,524.088,0,0,11,32,1,4,0
29-06 19:06:47,9.492,19.984,69.195,0,0,1360868,896128,177832,5482124,4891.120,1456.844,0,35.971,0,8.993,6099,4891,1.520,1.290,0.710,1,0,475.623,0,0,11,32,1,4,0
29-06 19:06:48,39.448,27.464,31.958,0.499,0,1452732,804196,177840,5482180,4554.050,1617.886,0,1178.460,0,69.909,7073,6857,1.520,1.290,0.710,3,0,735.040,0,0,11,32,1,9,0
29-06 19:06:49,65.018,10.503,24.257,0,0,1627408,628124,177852,5483468,5041.358,1620.437,0,232.063,0,8.002,3692,1660,1.640,1.310,0.720,5,0,2.001,0,0,11,32,1,9,0
29-06 19:06:50,49.841,12.022,26.549,10.018,0,1652708,590836,178608,5493480,4748.682,1622.967,372.681,64101.197,3.005,4487.204,16561,34407,1.640,1.310,0.720,9,0,145.266,0,0,11,36,1,10,0
29-06 19:06:51,40.393,11.470,31.417,13.464,0,1707092,523832,179140,5505112,5505.387,1615.711,0,85481.110,0,6318.230,21702,44408,1.640,1.310,0.720,1,1,122.674,0,0,11,36,1,10,0
29-06 19:06:52,40.605,9.023,37.848,10.778,0,1720444,500772,179652,5513960,11484.833,7772.189,0,78700.431,0,5960.483,20564,40936,1.640,1.310,0.720,1,1,48.125,0,0,11,37,1,8,0
29-06 19:06:53,38.416,19.707,30.932,8.980,0,1604260,609364,180004,5521292,10009.133,4647.846,295.355,59865.215,3.991,4172.884,17465,34697,1.640,1.310,0.720,7,0,400.126,0,0,11,34,1,9,0
29-06 19:06:54,47.810,18.774,21.026,10.263,0,1660096,544028,180316,5529712,5827.339,1622.043,1606.023,62415.605,28.035,4406.550,18669,36554,1.750,1.340,0.740,3,1,221.279,0,0,11,34,1,9,0
29-06 19:06:55,28.528,9.259,47.797,11.762,0,1654852,545872,180568,5532724,14453.159,10931.709,0,79778.152,0,5878.759,22044,43292,1.750,1.340,0.740,0,1,129.126,0,0,11,35,1,9,0
29-06 19:06:56,32.260,6.502,50.515,8.753,0,1642828,557908,180672,5532544,16686.012,11539.466,0,41144.359,0,3902.172,19006,35890,1.750,1.340,0.740,2,0,30.009,0,0,11,34,1,9,0
29-06 19:06:57,36.740,8.748,40.739,11.497,0,1574208,625060,180908,5533740,5655.471,1703.540,0,52765.738,0,5301.567,19198,36419,1.750,1.340,0.740,1,1,77.979,0,0,11,34,1,9,0
29-06 19:06:58,38.240,5.998,43.989,9.248,0,1599672,597232,181028,5535932,10959.257,7189.201,0,46476.369,0,4016.995,15471,29878,1.750,1.340,0.740,6,0,38.990,0,0,11,35,1,9,0
29-06 19:06:59,32.476,6.245,48.963,10.492,0,1594796,599064,181100,5538840,19311.454,14960.731,0,51193.440,0,4390.693,19443,39135,1.770,1.350,0.740,3,1,59.955,0,0,11,35,1,9,0
29-06 19:07:00,33.521,10.507,42.277,10.757,0,1543752,646008,181240,5542676,5917.724,2719.712,0,64100.341,0,5204.275,20105,38612,1.770,1.350,0.740,2,0,138.087,0,0,11,36,1,10,0
29-06 19:07:01,33.223,7.993,45.963,11.241,0,1586064,599588,181380,5546480,10962.066,6720.523,0,72648.791,0,6057.063,21062,43177,1.770,1.350,0.740,1,1,113.907,0,0,11,37,1,10,0
29-06 19:07:02,33.045,7.260,46.063,10.765,0,1587100,597932,181452,5546960,14816.160,10228.919,0,69879.085,0,5751.827,20903,44710,1.770,1.350,0.740,3,1,48.065,0,0,11,37,1,10,0
29-06 19:07:03,33.753,8.751,46.254,9.751,0,1517292,669816,181508,5544852,11595.100,7414.703,0,64266.095,0,5215.495,21267,40927,1.770,1.350,0.740,3,1,54.005,0,0,11,36,1,10,0
29-06 19:07:04,39.987,10.247,44.986,3.749,0,1457952,729056,181524,5544932,7186.747,3584.876,0,28087.197,0,2060.354,9412,14842,1.790,1.360,0.750,1,0,188.941,0,0,11,33,1,11,0
29-06 19:07:05,18.752,4.000,76.257,0,0,1457756,729056,181524,5545128,15367.488,10399.007,0,1844.179,0,102.010,4498,5559,1.790,1.360,0.750,1,0,41.004,0,0,11,33,1,11,0
29-06 19:07:06,18.484,3.497,75.933,0.250,0,1408504,778272,181528,5545160,15848.945,10891.342,0,563.500,0,37.966,4639,5724,1.790,1.360,0.750,1,0,29.973,0,0,11,32,1,12,0
29-06 19:07:07,21.213,4.742,73.374,0,0,1479720,707052,181528,5545164,5587.374,1617.214,0,459.209,0,28.950,2015,1474,1.790,1.360,0.750,1,0,24.957,0,0,11,32,1,12,0
29-06 19:07:08,17.542,2.255,78.689,0.251,0,1488248,698504,181528,5545184,14046.827,10423.100,0,1832.413,0,154.372,3090,3701,1.790,1.360,0.750,1,0,0,0,0,11,32,1,13,0
29-06 19:07:09,21.178,5.481,73.251,0,0,1513408,673368,181528,5545180,4903.317,1688.256,0,294.996,0,14.949,2240,1600,1.720,1.360,0.750,1,0,34.881,0,0,11,32,1,13,0
29-06 19:07:10,16.781,2.004,80.150,0,0,1527916,658856,181528,5545184,9669.146,7201.515,0,272.511,0,16.030,1922,1708,1.720,1.360,0.750,1,0,1.002,0,0,11,33,1,13,0
29-06 19:07:11,23.297,7.265,68.387,0.501,0,1500932,685572,181528,5548068,6412.834,2809.623,0,1571.144,0,97.195,3607,5897,1.720,1.360,0.750,6,0,94.189,0,0,11,32,1,14,0
29-06 19:07:12,20.934,2.991,75.512,0,0,1545264,641236,181528,5545456,9279.749,6572.283,0,402.731,0,10.965,2494,5520,1.720,1.360,0.750,2,0,1.994,0,0,11,33,1,15,0
29-06 19:07:13,19.501,4.500,74.255,0,0,1511600,674788,181528,5545568,10726.687,7024.450,0,516.033,0,28.002,3795,4281,1.720,1.360,0.750,2,0,43.003,0,0,11,32,1,15,0
29-06 19:07:14,22.257,3.751,73.774,0,0,1527884,658504,181528,5545568,4800.587,1700.562,0,0,0,0,1712,1105,1.660,1.350,0.750,2,0,0,0,0,11,32,2,15,0
29-06 19:07:15,14.524,2.003,82.884,0,0,1515352,670888,181528,5545716,14878.107,11294.300,0,0,0,0,2901,3508,1.660,1.350,0.750,1,0,0,0,0,11,33,1,15,0
29-06 19:07:16,13.255,15.256,69.779,0,0,1465596,720488,181528,5545872,6106.508,2601.068,0,260.107,0,21.009,5241,4463,1.660,1.350,0.750,1,0,374.154,0,0,11,32,1,16,0
29-06 19:07:17,39.528,19.764,40.529,0.250,0.250,1502216,683656,181532,5546080,5508.949,1533.099,0,716.514,0,58.042,6010,5045,1.660,1.350,0.750,4,0,423.303,0,0,11,32,1,22,0
29-06 19:07:18,64.500,10.500,24.000,0,0,1677432,507116,181556,5547380,6120.032,1662.009,0,304.002,0,9.000,3836,1612,1.660,1.350,0.750,3,0,3.000,0,0,11,32,1,22,0
29-06 19:07:19,67.206,7.995,24.234,0.250,0,1791396,389184,181680,5550800,5714.245,1457.042,0,6735.573,0,197.870,4153,2084,1.850,1.400,0.770,3,0,5.996,0,0,11,32,1,22,0
29-06 19:07:20,45.271,8.254,37.267,8.504,0,1802548,365300,181820,5562792,5502.511,1620.740,0,65461.873,0,4754.170,19035,36723,1.850,1.400,0.770,3,1,199.091,0,0,11,38,1,22,0
29-06 19:07:21,30.200,10.233,43.428,13.228,0,1802048,353200,181936,5574796,4823.965,1509.486,0,127475.666,0,9217.646,31680,64562,1.850,1.400,0.770,6,1,248.586,0,0,11,38,1,22,0
29-06 19:07:22,48.075,9.265,28.545,11.518,0,1712712,432580,182020,5584308,4630.249,1568.455,0,85593.998,0,7362.526,27453,57060,1.850,1.400,0.770,1,1,239.375,0,0,11,36,1,22,0
29-06 19:07:23,45.248,11.750,29.999,10.750,0,1769992,362272,182120,5596792,5099.800,1619.936,0,103407.938,0,6952.727,22720,45845,1.850,1.400,0.770,2,0,133.995,0,0,11,36,1,22,0
29-06 19:07:24,39.756,11.752,33.255,12.002,0,1830272,289988,182148,5608312,5118.739,1458.210,0,127434.388,0,8964.294,27341,55957,2.100,1.460,0.790,2,1,54.008,0,0,11,36,1,22,0
29-06 19:07:25,55.948,9.741,26.475,6.993,0,1781012,336132,182176,5611296,4855.463,1618.488,0,62157.919,0,4764.548,17086,32334,2.100,1.460,0.790,2,0,166.844,0,0,11,34,1,22,0
29-06 19:07:26,20.437,14.954,63.803,0.498,0,1530224,586844,182176,5611344,5144.077,1615.001,0,1451.507,0,82.744,4119,3334,2.100,1.460,0.790,3,0,248.232,0,0,11,32,1,22,0
29-06 19:07:27,22.283,3.505,72.358,0.250,0,1581632,535436,182176,5611344,4884.280,1622.418,0,5676.460,0,339.506,2339,2602,2.100,1.460,0.790,2,0,1.001,0,0,11,32,1,22,0
29-06 19:07:28,23.953,2.495,72.858,0.250,0,1611072,505984,182176,5611352,5030.190,1616.847,0,215.580,0,17.965,2291,1956,2.100,1.460,0.790,2,0,1.996,0,0,11,38,1,22,0
29-06 19:07:29,22.588,4.267,72.280,0.251,0,1462072,654956,182176,5611352,4941.148,1626.302,0,136.529,0,10.039,2390,1700,2.020,1.450,0.790,1,0,33.128,0,0,11,32,1,22,0
29-06 19:07:30,22.998,3.000,73.495,0,0,1507816,609212,182176,5611352,4517.664,1457.892,0,43.997,0,5.000,1837,1312,2.020,1.450,0.790,1,0,2.000,0,0,11,32,1,22,0
29-06 19:07:31,23.958,1.997,73.123,0,0,1537720,579300,182176,5611360,5091.171,1617.196,0,527.086,0,41.927,2055,1738,2.020,1.450,0.790,2,0,1.997,0,0,11,34,1,22,0
29-06 19:07:32,13.282,34.584,50.623,0,0,1458688,658284,182180,5611404,4846.791,1461.555,0,60.146,0,15.037,7764,7415,2.020,1.450,0.790,4,0,1078.624,0,0,11,32,1,22,0
29-06 19:07:33,9.001,23.503,65.757,0,0,1449816,667028,182180,5611528,4860.547,1620.182,0,592.067,0,28.003,6715,5642,2.020,1.450,0.790,2,0,679.076,0,0,11,32,1,22,0
29-06 19:07:34,8.491,20.228,69.673,0,0,1431196,685468,182180,5611704,5154.284,1692.123,0,91.898,0,8.990,6263,5095,1.930,1.440,0.800,1,0,482.465,0,0,11,32,1,22,0
29-06 19:07:35,15.013,17.765,66.806,0,0,1410008,706620,182180,5612080,5242.381,1459.219,0,48.040,0,9.008,5920,6578,1.930,1.440,0.800,5,0,316.264,0,0,11,32,1,22,0
29-06 19:07:36,35.885,13.706,49.590,0,0,1487568,629020,182188,5612216,5207.251,1708.505,0,55.820,0,3.987,5175,5449,1.930,1.440,0.800,2,0,185.404,0,0,11,33,1,22,0
29-06 19:07:37,46.062,5.257,48.565,0,0,1600404,516084,182188,5612316,5382.220,1459.959,0,16.021,0,1.001,2709,1154,1.930,1.440,0.800,4,0,0,0,0,11,33,1,22,0
29-06 19:07:38,49.197,4.995,44.202,0.250,0,1646960,468288,182248,5613300,5284.300,1618.254,0,1642.229,0,141.847,4042,3239,1.930,1.440,0.800,3,0,18.980,0,0,11,49,1,22,0
29-06 19:07:39,26.321,13.537,59.661,0,0,1682508,429424,182264,5616396,5976.175,1461.957,0,4712.755,0,339.920,6323,8889,1.940,1.450,0.800,2,0,268.727,0,0,11,48,1,22,0
29-06 19:07:40,16.951,12.215,69.549,0,0,1675964,435876,182264,5616412,6760.499,1615.340,0,885.446,0,7.977,4974,7553,1.940,1.450,0.800,1,0,228.341,0,0,11,48,1,22,0
29-06 19:07:41,0.250,0.751,97.341,0.500,0,1675964,435876,182264,5616412,6185.808,1621.523,0,364.342,0,29.027,945,1409,1.940,1.450,0.800,0,0,3.003,0,0,11,48,1,22,0
29-06 19:07:42,0.500,0.500,98.465,0,0,1675964,435876,182264,5616412,4695.308,1619.417,0,3.999,0,1.000,704,957,1.940,1.450,0.800,1,0,1.999,0,0,11,48,1,22,0
29-06 19:07:43,0.500,0.250,98.245,0,0,1675964,435876,182264,5616412,4919.767,1619.923,0,35.998,0,4.000,719,995,1.940,1.450,0.800,0,0,2.000,0,0,11,48,1,22,0
29-06 19:07:44,1.002,1.252,97.425,0,0,1675992,435876,182264,5616404,4646.339,1460.621,0,0,0,0,892,1159,1.780,1.430,0.800,1,0,9.016,0,0,11,48,1,22,0
29-06 19:07:45,18.248,15.748,65.493,0,0,1666636,445096,182264,5616540,5159.468,1619.833,0,0,0,0,5859,8426,1.780,1.430,0.800,4,0,278.971,0,0,11,48,1,22,0
29-06 19:07:46,9.492,16.236,72.189,0,0,1689520,422164,182264,5616576,5577.261,1618.625,0,3.997,0,0.999,5238,5142,1.780,1.430,0.800,2,0,343.708,0,0,12,48,1,22,0
29-06 19:07:47,19.290,16.034,63.132,0,0,1702472,409120,182264,5616600,5622.778,1699.560,0,4.008,0,1.002,6805,8784,1.780,1.430,0.800,1,0,290.609,0,0,12,48,1,22,0
29-06 19:07:48,15.193,4.981,78.453,0,0,1702160,409432,182264,5616612,4901.469,1613.898,0,1629.838,0,50.808,2649,3095,1.780,1.430,0.800,1,0,143.458,0,0,12,64,1,22,0
29-06 19:07:49,16.763,17.514,65.051,0,0,1701532,410024,182264,5617072,5001.960,1459.155,0,0,0,0,6592,7790,1.720,1.420,0.800,2,0,267.212,0,0,14,64,1,22,0
29-06 19:07:50,10.279,16.546,71.700,0,0,1687148,424356,182264,5616672,4572.783,1624.541,0,36.101,0,8.022,5465,4694,1.720,1.420,0.800,1,0,390.090,0,0,14,66,1,16,0
29-06 19:07:51,11.472,21.448,65.591,0,0,1683728,427600,182268,5617188,5147.493,1657.971,0,929.741,0,45.889,7130,7279,1.720,1.420,0.800,2,0,411.001,0,0,14,66,1,16,0
29-06 19:07:52,23.560,19.048,56.644,0,0,1722252,389040,182280,5616848,5208.224,1545.925,0,144.367,0,7.018,5659,5620,1.720,1.420,0.800,2,0,327.832,0,0,14,66,1,16,0
29-06 19:07:53,30.236,24.239,45.230,0,0,1771540,339676,182280,5616920,5277.643,1619.277,0,1975.118,0,96.957,6967,5704,1.720,1.420,0.800,3,0,617.724,0,0,14,66,1,16,0
29-06 19:07:54,30.476,24.231,44.215,0,0,1841440,268160,182360,5618356,4874.194,1456.863,0,39.969,0,9.992,7405,9069,1.740,1.430,0.810,4,0,543.576,0,0,14,70,1,16,0
29-06 19:07:55,37.545,20.024,40.549,0,0,1930104,179428,182360,5618392,4805.799,1621.957,0,3091.730,0,228.275,6922,6994,1.740,1.430,0.810,4,0,233.281,0,0,14,70,1,16,0
29-06 19:07:56,67.257,28.541,4.219,0.496,0,2042076,205304,172436,5493132,5455.031,1447.395,7.942,23.825,1.985,5.956,5390,4947,1.740,1.430,0.810,5,0,526.145,0,0,14,70,1,16,0
29-06 19:07:57,63.663,18.548,17.294,0,0,2147604,162872,171888,5432400,5353.733,1714.398,288.741,625.605,24.062,4.010,5569,10113,1.740,1.430,0.810,4,0,210.540,0,0,14,70,1,16,0
29-06 19:07:58,69.923,27.819,1.754,0.752,0,2272812,133904,171604,5338896,5533.655,1698.190,1563.859,2045.046,96.237,68.168,5920,6149,1.740,1.430,0.810,7,0,566.398,0,0,14,70,1,16,0
29-06 19:07:59,77.170,20.044,1.754,0.251,0,2426080,135516,172660,5186048,5472.064,1697.743,2128.693,2762.089,115.254,151.334,7302,9463,3.210,1.740,0.910,7,0,257.568,0,0,14,74,1,16,0
29-06 19:08:00,65.513,24.910,5.480,3.487,0,2519040,155140,172424,5076128,5021.801,1687.883,502.180,36300.448,10.960,2632.460,14932,27856,3.210,1.740,0.910,5,0,416.491,0,0,14,76,1,16,0
29-06 19:08:01,68.931,22.309,7.520,1.003,0,2610596,134704,172536,5006708,5071.309,1536.031,954.505,8241.629,32.084,671.763,11188,18073,3.210,1.740,0.910,7,0,294.774,0,0,14,80,1,20,0
29-06 19:08:02,79.270,19.255,1.250,0,0,2745052,142196,172544,4867500,5358.322,1694.418,64.016,828.204,8.002,48.012,8318,12496,3.210,1.740,0.910,6,0,417.103,0,0,14,91,1,27,0
29-06 19:08:03,42.115,25.668,31.151,0,0,2794620,161380,172544,4800652,5622.043,1688.606,0,1004.791,0,44.857,8176,12899,3.210,1.740,0.910,6,0,517.348,0,0,14,89,1,31,0
29-06 19:08:04,54.248,14.249,29.499,0.250,0,2904432,119884,172552,4733868,5459.799,1619.940,3187.883,547.980,35.999,26.999,5247,6265,3.110,1.740,0.920,4,0,195.993,0,0,14,92,1,31,0
29-06 19:08:05,54.719,9.287,36.145,0.251,0,3017400,144512,172580,4599704,5542.186,1700.809,8.032,2847.399,2.008,153.615,5545,8691,3.110,1.740,0.920,3,0,11.044,0,0,14,98,1,34,0
29-06 19:08:06,7.991,18.979,69.922,0.250,0,3034720,127160,172580,4599740,5513.847,1618.194,0,4203.309,0,74.916,5998,4824,3.110,1.740,0.920,1,0,367.590,0,0,14,97,1,34,0
29-06 19:08:07,7.497,19.491,70.968,0,0,3030196,131644,172580,4599780,4832.850,1547.311,3.998,151.932,1.000,15.993,5779,4419,3.110,1.740,0.920,3,0,357.841,0,0,14,97,1,34,0
29-06 19:08:08,11.995,15.993,70.967,0,0,3058816,169360,172580,4534520,4857.775,1619.258,0,43.980,0,3.998,4537,3491,3.110,1.740,0.920,1,0,261.880,0,0,14,97,1,34,0
29-06 19:08:09,18.998,3.250,76.742,0,0,3112892,183220,172584,4468472,7465.199,3916.580,4.000,4.000,1.000,1.000,1867,1488,2.940,1.730,0.920,1,0,0,0,0,14,98,1,34,0
29-06 19:08:10,21.957,2.495,74.355,0.250,0,3114912,181272,172588,4468528,26531.165,22822.411,43.914,2315.476,4.990,146.713,2639,2499,2.940,1.730,0.920,3,0,0.998,0,0,14,99,1,33,0
29-06 19:08:11,20.266,6.755,72.558,0,0,3125744,170420,172588,4468548,4761.835,1459.175,4.003,44.035,1.001,4.003,2595,1823,2.940,1.730,0.920,2,0,63.051,0,0,14,99,1,33,0
29-06 19:08:12,22.258,5.752,71.276,0.250,0,3147612,148516,172588,4468584,11552.149,8204.947,24.009,320.115,2.001,30.011,3012,13573,2.940,1.730,0.920,3,0,37.013,0,0,14,105,1,34,0
29-06 19:08:13,28.509,5.002,63.269,1.751,0,3152300,143148,172600,4469192,5107.544,1620.490,128.039,5881.778,7.002,455.138,5813,8649,2.940,1.730,0.920,4,0,5.002,0,0,14,111,1,34,0
29-06 19:08:14,25.780,5.757,66.327,0.751,0,3120360,174812,172600,4469436,5511.399,2604.023,88.102,2378.762,6.007,186.216,4816,6081,2.780,1.720,0.920,1,0,77.089,0,0,14,112,1,33,0
29-06 19:08:15,33.933,7.485,57.636,0,0,3231632,130448,172600,4404428,4910.317,1616.812,3.992,347.315,0.998,18.963,3371,2628,2.780,1.720,0.920,5,0,37.925,0,0,14,114,1,33,0
29-06 19:08:16,21.750,3.750,73.749,0.500,0,3246840,180704,172600,4340616,11475.768,8938.820,43.999,495.990,5.000,46.999,2814,2865,2.780,1.720,0.920,1,0,3.000,0,0,14,119,1,33,0
29-06 19:08:17,26.770,5.504,65.550,0.751,0,3258936,168464,172612,4340748,9628.303,3870.936,68.052,3922.976,5.004,179.136,5006,6833,2.780,1.720,0.920,5,0,5.004,0,0,14,120,1,34,0
29-06 19:08:18,40.573,11.450,46.547,0,0,3352868,139336,172612,4277532,6222.891,1728.470,0,469.953,0,30.866,3721,2364,2.780,1.720,0.920,4,0,95.584,0,0,14,120,1,27,0
29-06 19:08:19,32.688,4.526,62.359,0.251,0,3367544,185356,172612,4217920,30755.879,25398.066,0,1890.875,0,93.538,2803,2004,2.720,1.720,0.920,2,0,0,0,0,14,120,1,28,0
29-06 19:08:20,19.971,6.490,72.393,0.250,0,3331188,221688,172612,4217944,6270.754,1617.615,7.988,119.823,1.997,12.981,2565,2003,2.720,1.720,0.920,1,0,55.918,0,0,14,120,1,28,0
29-06 19:08:21,17.485,2.248,79.433,0,0,3353128,199736,172612,4217956,28916.622,25140.805,0,0,0,0,1916,1481,2.720,1.720,0.920,1,0,0,0,0,14,120,1,29,0
29-06 19:08:22,20.243,5.748,73.225,0,0,3318840,234008,172612,4217972,5673.068,1457.504,0,0,0,0,2342,1667,2.720,1.720,0.920,2,0,50.983,0,0,14,120,1,29,0
29-06 19:08:23,16.513,2.002,80.815,0,0.250,3346776,206064,172612,4217980,12481.088,8164.599,0,48.039,0,4.003,1782,1432,2.720,1.720,0.920,1,0,0,0,0,14,121,1,29,0
29-06 19:08:24,20.522,7.758,70.576,0.250,0,3346944,205832,172616,4218040,6665.223,2608.827,8.009,1061.150,2.002,124.135,3924,4399,2.580,1.710,0.920,2,0,82.089,0,0,14,120,1,30,0
29-06 19:08:25,27.304,4.759,67.384,0.250,0,3346780,205668,172616,4218368,10526.925,7347.605,32.064,10292.459,2.004,470.936,4161,5034,2.580,1.710,0.920,2,0,8.016,0,0,14,123,1,31,0
29-06 19:08:26,19.418,4.730,73.690,0,0,3349936,202416,172616,4218464,22815.009,19492.986,0,270.860,0,14.937,2529,1906,2.580,1.710,0.920,4,0,54.770,0,0,14,122,1,32,0
29-06 19:08:27,19.261,3.002,77.544,0.250,0,3407300,145048,172616,4218468,7235.074,7205.057,0,224.126,0,15.008,1768,1388,2.580,1.710,0.920,3,0,0,0,0,14,123,1,32,0
29-06 19:08:28,21.801,3.508,71.166,2.005,0,3401484,150660,172616,4218672,9334.718,2576.995,88.205,5492.779,7.016,466.084,5507,8705,2.580,1.710,0.920,2,0,1.002,0,0,14,124,1,32,0
29-06 19:08:29,24.177,6.730,67.049,0.499,0,3387964,164104,172616,4218764,6404.773,2917.243,0,3637.082,0,409.770,4903,6307,2.460,1.700,0.920,2,0,58.823,0,0,14,123,1,34,0
29-06 19:08:30,20.010,3.502,75.287,0.500,0,3429336,122728,172616,4218768,5949.917,3217.578,0,4106.013,0,245.120,2357,2509,2.460,1.700,0.920,0,0,1.000,0,0,14,124,1,34,0
29-06 19:08:31,19.747,3.000,76.737,0.500,0,3411832,140080,172620,4218916,13143.824,8812.541,0,1471.756,0,78.987,2744,2857,2.460,1.700,0.920,3,0,0,0,0,14,124,1,34,0
29-06 19:08:32,31.854,6.772,58.943,0.502,0,3413708,137964,172620,4219156,5785.950,2494.169,152.499,1396.574,13.043,176.578,7627,11133,2.460,1.700,0.920,2,0,2.007,0,0,14,127,1,35,0
29-06 19:08:33,24.433,6.482,67.565,0,0,3429484,122092,172620,4219252,5371.324,1561.733,0,446.779,0,33.907,3528,3456,2.460,1.700,0.920,2,0,76.790,0,0,14,127,1,35,0
29-06 19:08:34,17.726,3.745,78.144,0,0,3440812,158692,172620,4172100,12971.451,9740.821,0,427.422,0,14.980,1979,1637,2.420,1.700,0.930,3,0,0,0,0,14,128,1,35,0
29-06 19:08:35,19.302,8.272,71.444,0.752,0,3375644,223812,172620,4172148,7145.429,3148.561,8.022,1191.239,2.005,133.363,4343,5007,2.420,1.700,0.930,1,0,148.404,0,0,14,129,1,36,0
29-06 19:08:36,18.988,2.498,77.451,0.500,0,3428912,170528,172620,4172164,6908.628,4029.450,0,447.717,0,26.983,1792,1339,2.420,1.700,0.930,1,0,0,0,0,14,130,1,36,0
29-06 19:08:37,18.518,2.753,77.824,0.250,0,3424800,174588,172624,4172212,15349.655,10932.438,0,3207.062,0,158.151,3099,3647,2.420,1.700,0.930,4,1,0,0,0,14,130,1,36,0
29-06 19:08:38,29.946,7.736,60.141,0.499,0.250,3425144,173612,172644,4172824,4970.968,1617.062,371.325,1349.548,60.889,153.721,7899,11199,2.420,1.700,0.930,3,0,3.993,0,0,14,132,1,36,0
29-06 19:08:39,42.875,14.041,41.622,0.752,0,3391464,206956,172644,4173128,8248.099,3494.209,16.047,1596.665,1.003,158.463,11420,16762,2.630,1.760,0.950,2,0,286.838,0,0,14,131,1,37,0
29-06 19:08:40,22.171,3.488,73.487,0,0,3461336,137044,172644,4173152,7402.497,3640.964,0,442.416,0,23.914,2136,1702,2.630,1.760,0.950,1,0,0.996,0,0,14,132,1,37,0
29-06 19:08:41,17.302,6.520,74.977,0,0,3440128,158244,172644,4173176,12616.178,7121.551,4.012,389.178,1.003,23.070,3163,2584,2.630,1.760,0.950,1,0,112.340,0,0,14,131,1,38,0
29-06 19:08:42,8.756,20.513,69.546,0,0,3372488,225844,172644,4173216,4700.087,1512.994,0,468.308,0,27.018,5909,4503,2.630,1.760,0.950,3,0,406.267,0,0,14,131,1,38,0
29-06 19:08:43,18.392,15.161,64.620,0.249,0,3369948,228364,172644,4173236,5115.942,1556.853,0,1717.907,0,102.398,6117,8230,2.630,1.760,0.950,5,0,250.528,0,0,14,131,1,38,0
29-06 19:08:44,29.401,23.873,45.484,0,0,3406996,191260,172644,4173296,4977.645,1519.830,4.021,277.429,1.005,25.129,6857,5995,2.580,1.760,0.960,2,0,540.786,0,0,14,131,1,38,0
29-06 19:08:45,39.380,18.943,40.876,0,0,3431460,166480,172656,4173956,4964.933,1684.887,15.952,303.080,0.997,18.943,6770,8721,2.580,1.760,0.960,3,1,345.950,0,0,14,134,1,38,0
29-06 19:08:46,50.192,24.343,25.347,0.502,0.251,3541120,146016,172656,4085888,4892.762,1572.028,140.539,497.909,10.038,35.135,6594,5911,2.580,1.760,0.960,4,0,460.767,0,0,16,137,1,38,0
29-06 19:08:47,62.884,24.954,10.980,0.250,0,3683204,149640,172664,3942456,5089.642,1509.225,35.934,4615.514,5.989,281.482,8194,16303,2.580,1.760,0.960,5,0,447.178,0,0,16,143,1,38,0
29-06 19:08:48,49.363,20.296,29.317,0,0,3756936,174112,172664,3845148,4676.675,1569.583,16.037,380.869,3.007,21.048,8335,13255,2.580,1.760,0.960,3,0,382.874,0,0,16,159,1,38,0
29-06 19:08:49,34.748,23.748,40.497,0,0,3814500,171620,172664,3791328,4651.677,1601.889,71.995,619.957,1.000,14.999,15453,5812,2.610,1.780,0.970,3,0,589.959,0,0,16,159,1,38,0
29-06 19:08:50,25.366,16.662,56.202,0.249,0,3837380,204072,172668,3737904,4356.922,1611.464,0,374.019,0,21.884,6914,8558,2.610,1.780,0.970,2,0,324.282,0,0,17,159,1,38,0
29-06 19:08:51,28.903,23.877,46.245,0,0,3909992,131408,172668,3737504,4765.288,1628.643,4.021,756.012,1.005,119.635,6612,5672,2.610,1.780,0.970,2,0,517.748,0,0,17,161,1,38,0
29-06 19:08:52,38.751,17.251,43.502,0,0,3955212,155632,172672,3669372,4623.163,1566.055,12.000,424.015,3.000,33.001,6573,9013,2.610,1.780,0.970,2,0,290.010,0,0,17,167,1,38,0
29-06 19:08:53,31.947,25.708,41.182,0,0,4034348,144648,172672,3603092,4851.984,1687.212,47.921,2272.246,2.995,20.965,8052,9345,2.610,1.780,0.970,5,0,653.920,0,0,17,167,1,38,0
29-06 19:08:54,39.272,27.015,32.768,0.500,0,4154528,142996,172680,3487196,5102.840,1512.842,84.047,868.483,5.003,57.032,12132,18631,2.880,1.850,1,1,0,621.346,0,0,17,179,1,38,0
29-06 19:08:55,12.705,19.430,66.263,0,0,4163216,134272,172684,3487692,4902.463,1614.226,0,474.303,0,20.925,6186,6455,2.880,1.850,1,2,0,366.688,0,0,17,179,1,36,0
29-06 19:08:56,31.764,15.007,51.272,0,0,4237924,129732,172684,3418172,5162.257,1620.709,448.196,16027.008,9.004,705.308,5611,5134,2.880,1.850,1,2,0,194.085,0,0,17,185,1,36,0
29-06 19:08:57,44.589,8.719,46.333,0.498,0,4355284,158780,172684,3274260,4987.029,1183.734,689.515,506.176,13.950,46.831,3227,2084,2.880,1.850,1,4,0,0.996,0,0,17,185,1,36,0
29-06 19:08:58,43.437,7.532,48.207,0,0,4452232,116228,172696,3221796,4824.757,1410.066,88.380,321.383,9.039,30.130,3680,2994,2.880,1.850,1,2,0,20.086,0,0,17,206,0,36,0
29-06 19:08:59,32.610,18.814,47.661,0,0,4361936,249872,172700,3179532,4982.871,1571.320,722.446,541.835,9.031,38.129,6007,5589,2.730,1.840,1,4,0,436.478,0,0,17,205,0,36,0
29-06 19:09:00,31.442,27.199,39.676,0.499,0,4439700,168964,172716,3183128,7052.885,3979.600,2195.917,914.300,35.933,114.787,7802,9337,2.730,1.840,1,6,0,586.909,0,0,17,206,0,36,0
29-06 19:09:01,55.668,16.975,26.461,0,0,4416804,230532,172728,3146220,12010.230,7854.379,59.911,1102.369,7.988,28.957,5788,7914,2.730,1.840,1,6,0,234.653,0,0,17,208,0,37,0
29-06 19:09:02,77.056,15.261,7.505,0.250,0,4610856,161168,172732,3024376,5180.741,1621.171,1088.786,696.503,28.020,48.035,5270,4113,2.730,1.840,1,5,0,23.017,0,0,17,220,0,37,0
29-06 19:09:03,57.519,10.754,26.259,4.752,0,4676380,130748,172832,2990720,15768.287,11549.872,6910.317,2088.700,545.183,142.048,6558,8225,2.730,1.840,1,4,0,28.009,0,0,17,231,0,21,0
29-06 19:09:04,45.311,21.529,32.043,0,0,4639716,199772,172832,2959768,6657.993,2482.353,60.081,628.849,4.005,37.050,7662,8755,2.830,1.870,1.010,3,0,457.618,0,0,17,227,0,27,0
29-06 19:09:05,40.575,19.665,39.330,0.249,0,4678860,158988,172832,2961356,11992.264,7277.603,0,9833.576,0,30.867,7148,9686,2.830,1.870,1.010,2,0,319.621,0,0,17,228,0,27,0
29-06 19:09:06,49.897,28.584,21.313,0.251,0,4699972,182472,172832,2917612,10753.722,6747.905,180.533,906.675,12.036,62.183,7696,8749,2.830,1.870,1.010,3,0,525.550,0,0,17,227,0,28,0
29-06 19:09:07,60.078,20.276,18.274,0.250,0,4776864,129992,172852,2893772,7187.305,3482.509,1097.421,404.524,50.065,13.017,6291,7868,2.830,1.870,1.010,1,1,295.382,0,0,17,228,0,25,0
29-06 19:09:08,53.550,25.774,19.518,0.250,0,4858492,143620,172860,2799712,14532.547,10484.774,224.209,1685.571,9.008,103.096,9119,12225,2.830,1.870,1.010,4,0,504.470,0,0,17,231,0,27,0
29-06 19:09:09,63.483,20.495,14.996,0.250,0,4862612,136624,172864,2803220,5398.568,1619.570,651.827,863.771,31.992,63.983,8621,13500,2.850,1.890,1.020,3,0,314.916,0,0,17,239,0,28,0
29-06 19:09:10,58.759,18.922,21.910,0.249,0,5029508,134852,172872,2641856,13933.916,11631.349,254.955,489.993,18.922,28.882,5788,6102,2.850,1.890,1.020,7,0,196.196,0,0,17,242,0,28,0
29-06 19:09:11,67.873,13.775,18.283,0,0,5045696,163036,172876,2598860,12072.806,8390.155,1105.998,797.440,22.040,35.063,9583,15324,2.850,1.890,1.020,3,0,19.034,0,0,17,244,0,30,0
29-06 19:09:12,58.682,11.986,27.218,0.749,0,5131488,144032,172880,2533976,13480.360,9796.634,1841.863,775.101,97.886,70.918,6381,12814,2.850,1.890,1.020,4,0,47.944,0,0,17,251,0,33,0
29-06 19:09:13,50.905,18.556,29.590,0.752,0,5038236,258548,172896,2513436,11466.874,7542.941,4212.813,1631.963,57.174,93.284,6994,7225,2.850,1.890,1.020,4,0,354.077,0,0,17,251,0,35,0
29-06 19:09:14,49.249,26.750,23.250,0,0,5112452,183816,173008,2514248,7485.919,3896.958,1047.989,4715.949,18.000,39.000,7493,9045,2.860,1.910,1.040,6,0,536.994,0,0,17,252,0,35,0
29-06 19:09:15,65.880,16.720,16.470,0,0,5085260,210932,173020,2514188,13452.461,10016.728,790.558,926.310,8.984,35.934,6226,6813,2.860,1.910,1.040,6,0,211.614,0,0,18,251,0,36,0
29-06 19:09:16,80.699,14.491,2.748,0.750,0,5244364,138508,173020,2431212,6888.615,3367.856,2630.325,359.771,140.910,25.983,5511,3646,2.860,1.910,1.040,3,0,53.966,0,0,18,255,0,33,0
29-06 19:09:17,79.574,11.511,8.758,0.500,0,5329372,124276,173068,2362668,15149.002,10115.350,1721.591,16295.061,72.067,1304.205,6661,6684,2.860,1.910,1.040,5,0,17.016,0,0,18,262,0,35,0
29-06 19:09:18,55.662,17.223,25.959,0.499,0,5336100,139324,173072,2341664,6667.421,2652.791,886.593,4888.244,26.957,406.355,7974,12328,2.860,1.910,1.040,3,0,225.642,0,0,18,266,0,38,0
29-06 19:09:19,35.122,10.035,53.686,0.502,0,5335636,154812,173072,2327344,24146.576,11439.595,770.667,1188.112,6.021,24.083,3499,2393,2.790,1.910,1.040,2,0,9.031,0,0,18,268,0,38,0
29-06 19:09:20,43.246,11.749,42.996,0.250,0,5327660,153304,173076,2337276,17085442.828,260045.263,579.952,639.947,8.999,52.996,20854,11734,2.790,1.910,1.040,3,0,81.993,0,0,18,270,0,37,0
29-06 19:09:21,52.745,15.425,30.602,0.249,0,5405112,127424,173080,2286936,10853.475,7243.943,3045.263,8896.944,32.841,42.793,5013,3666,2.790,1.910,1.040,3,0,194.061,0,0,18,271,0,37,0
29-06 19:09:22,35.423,4.271,59.290,0.502,0,5361036,212508,173080,2247524,18113.498,15565.047,0,1414.913,0,99.486,3583,3245,2.790,1.910,1.040,2,0,7.034,0,0,18,275,0,39,0
29-06 19:09:23,37.862,6.975,52.559,0.249,0,5442008,130800,173080,2248264,197106.459,8150974.397,430.433,657.606,22.917,73.732,5495,6197,2.790,1.910,1.040,2,0,2.989,0,0,18,280,0,40,0
29-06 19:09:24,21.832,2.760,72.775,0.251,0,5442212,130552,173080,2248308,7055545.485,8320266.308,0,441.667,0,38.144,7972,6065,2.570,1.880,1.030,5,0,0,0,0,18,284,0,39,0
29-06 19:09:25,39.079,10.703,47.791,0.498,0,5333652,222992,173092,2264384,9832091.186,177753.298,51.774,17176.944,3.983,71.687,13754,12161,2.570,1.880,1.030,2,0,71.687,0,0,18,282,0,42,0
29-06 19:09:26,17.746,2.000,78.980,0,0,5334956,221668,173092,2264388,11593.107,9320.674,0,1107.724,0,23.994,1969,1673,2.570,1.880,1.030,1,0,0,0,0,18,283,0,42,0
29-06 19:09:27,12.549,10.792,75.293,0.251,0,5254840,301712,173092,2264460,9306.156,4789.609,32.125,5746.326,3.012,686.668,4845,4475,2.570,1.880,1.030,1,0,255.995,0,0,18,282,0,43,0
29-06 19:09:28,19.941,8.724,70.043,0.249,0,5310304,246068,173092,2264640,4845.651,1615.217,127.622,378.878,6.979,27.917,3642,3420,2.570,1.880,1.030,2,0,180.466,0,0,18,282,0,41,0
29-06 19:09:29,18.064,10.788,69.998,0.251,0,5264064,292272,173092,2264660,4937.502,1625.763,0,321.138,0,25.089,3814,2979,2.440,1.870,1.030,1,0,164.583,0,0,18,282,0,41,0
29-06 19:09:30,7.740,20.224,69.661,0,0,5269204,287100,173092,2264692,4614.116,1617.937,11.985,207.735,0.999,14.981,5962,4823,2.440,1.870,1.030,2,0,388.505,0,0,18,282,0,41,0
29-06 19:09:31,4.976,4.229,89.067,0.249,0,5269100,287164,173092,2264728,4776.756,1612.155,0,2010.218,0,232.867,2687,2799,2.440,1.870,1.030,1,0,124.395,0,0,18,286,0,41,0
29-06 19:09:32,18.333,5.023,76.346,0.251,0,5308860,247356,173092,2264776,4258.312,1247.658,0,265.203,0,22.100,2075,1917,2.440,1.870,1.030,4,0,9.041,0,0,18,286,0,39,0
29-06 19:09:33,19.538,2.254,76.899,0,0,5335488,220644,173092,2264860,12661.563,9247.940,64.124,180.350,4.008,11.021,2455,2331,2.440,1.870,1.030,1,0,2.004,0,0,18,289,0,39,0
29-06 19:09:34,14.735,13.237,71.179,0,0.250,5281244,274692,173096,2265036,6357.701,2617.407,7.992,159.842,1.998,8.991,4640,3418,2.330,1.850,1.030,2,0,195.806,0,0,18,290,0,40,0
29-06 19:09:35,13.508,16.759,68.288,0.250,0,5272944,282760,173096,2265252,4580.550,1458.812,32.018,660.368,2.001,37.021,5511,4521,2.330,1.850,1.030,1,0,228.127,0,0,18,294,0,40,0
29-06 19:09:36,14.965,12.720,71.083,0,0,5287800,267688,173096,2265452,5151.897,1709.983,3.991,490.847,0.998,11.972,4436,3243,2.330,1.850,1.030,2,0,176.585,0,0,18,294,0,38,0
29-06 19:09:37,22.735,4.247,71.954,0,0,5350544,204940,173096,2265456,5071.730,1457.060,0,359.768,0,28.981,2044,1658,2.330,1.850,1.030,3,0,0.999,0,0,18,294,0,38,0
29-06 19:09:38,24.015,2.752,71.796,0.750,0,5398544,156556,173096,2265840,4983.216,1663.073,388.251,848.548,12.008,74.048,2676,2710,2.330,1.850,1.030,4,0,4.003,0,0,18,298,0,38,0
29-06 19:09:39,25.018,3.252,70.550,0,0,5380632,174396,173096,2265912,6502.588,1459.029,24.017,200.141,4.003,18.013,2364,1880,2.300,1.860,1.040,2,0,5.004,0,0,18,294,0,38,0
29-06 19:09:40,22.459,3.993,71.869,0,0,5426492,128532,173096,2265916,5929.204,1617.056,0,295.462,0,24.955,2205,2012,2.300,1.860,1.040,2,0,1.996,0,0,18,296,0,37,0
29-06 19:09:41,11.993,2.249,84.701,0,0,5422776,143172,173096,2255048,19451.788,15083.306,0,71.959,0,5.997,2150,2010,2.300,1.860,1.040,1,0,1.999,0,0,18,299,0,38,0
29-06 19:09:42,23.774,3.754,71.822,0,0,5321844,244088,173096,2255064,10985.051,6897.939,0,88.089,0,7.007,2542,2048,2.300,1.860,1.040,2,0,17.017,0,0,18,296,0,39,0
29-06 19:09:43,23.224,3.996,72.169,0.250,0,5387480,178452,173096,2255064,5274.104,1618.191,0,143.839,0,18.979,2151,1736,2.300,1.860,1.040,2,0,0,0,0,18,296,0,39,0
29-06 19:09:44,19.828,7.781,72.034,0,0,5366852,198940,173096,2255204,5614.168,1696.700,385.522,116.460,3.012,17.067,3228,2467,2.190,1.840,1.040,1,0,130.515,0,0,18,296,0,38,0
29-06 19:09:45,9.496,18.992,69.470,0.250,0,5347952,217624,173112,2255404,4558.060,1619.311,75.968,743.684,9.996,31.986,5949,4901,2.190,1.840,1.040,4,0,384.836,0,0,18,296,0,38,0
29-06 19:09:46,20.873,6.212,72.061,0.248,0,5372392,193112,173136,2255436,4686.467,1490.923,15.903,437.337,1.988,28.825,3018,2686,2.190,1.840,1.040,2,0,84.486,0,0,18,296,0,38,0
29-06 19:09:47,18.836,3.014,76.350,0.251,0,5341340,217772,173692,2261144,11822.177,4756.799,0,4199.244,0,472.164,2240,1972,2.190,1.840,1.040,4,0,18.083,0,0,18,296,0,38,0
29-06 19:09:48,23.471,5.244,68.915,0,0,5345776,211624,173780,2262720,4554.383,1618.005,0,403.502,0,6.991,10482,19169,2.190,1.840,1.040,2,0,13.983,0,0,18,296,0,38,0
29-06 19:09:49,18.780,4.006,75.872,0.250,0,5340040,216952,173832,2263076,11627.735,4568.361,28.045,641.033,4.006,26.042,6286,11267,2.100,1.830,1.040,1,0,5.008,0,0,18,297,0,38,0
29-06 19:09:50,21.732,5.495,71.690,0,0,5322524,234408,173876,2263092,4736.051,1618.650,0,439.633,0,12.989,5696,9034,2.100,1.830,1.040,3,0,15.987,0,0,18,297,0,38,0
29-06 19:09:51,14.253,14.003,71.014,0.250,0,5307344,255472,173960,2257152,5383.087,1794.362,0,16863.405,0,55.011,4569,3804,2.100,1.830,1.040,2,0,269.054,0,0,18,296,0,38,0
29-06 19:09:52,23.985,3.248,71.706,0,0,5361012,201800,173960,2257156,4712.131,1457.113,0,67.959,0,5.996,1974,1463,2.100,1.830,1.040,2,0,0.999,0,0,18,296,0,38,0
29-06 19:09:53,18.736,1.749,77.441,0,0,5380452,182144,173960,2257372,15791.959,11877.943,15.988,0,0.999,0,2180,1885,2.100,1.830,1.040,2,0,0,0,0,18,296,0,41,0
29-06 19:09:54,19.273,8.510,71.836,0,0,5330204,232360,173960,2257404,5486.555,1459.744,16.019,4.005,2.002,1.001,3207,2531,2.010,1.810,1.040,3,0,118.141,0,0,18,296,0,41,0
29-06 19:09:55,19.494,2.749,75.727,0.250,0,5365828,196520,173964,2257612,12376.179,7986.534,211.935,503.844,4.998,28.991,2227,2110,2.010,1.810,1.040,2,0,2.999,0,0,18,297,0,41,0
29-06 19:09:56,21.485,5.996,71.950,0.250,0,5335972,226372,173964,2257616,7631.703,3710.425,0,339.764,0,7.994,2693,2125,2.010,1.810,1.040,3,0,69.951,0,0,18,296,0,42,0
29-06 19:09:57,19.254,2.501,76.768,0,0,5366516,195820,173964,2257624,10671.442,7292.669,0,140.032,0,12.003,1954,1574,2.010,1.810,1.040,2,0,0,0,0,18,297,0,42,0
29-06 19:09:58,21.979,5.744,71.930,0,0,5359268,203044,173964,2257648,12536.858,8870.409,0,103.899,0,8.991,3048,2526,2.010,1.810,1.040,2,0,56.945,0,0,18,298,0,43,0
29-06 19:09:59,21.755,4.001,73.267,0,0,5403444,158836,173964,2257680,10808.448,7334.661,0,92.021,0,11.002,2403,2320,2.010,1.820,1.040,3,0,3.001,0,0,18,299,0,43,0
29-06 19:10:00,23.008,5.252,70.525,0.250,0,5335796,226324,173964,2257840,9461.413,5968.153,12.004,280.101,1.000,24.009,3338,3049,2.010,1.820,1.040,1,0,35.013,0,0,18,298,0,47,0
29-06 19:10:01,19.992,2.749,75.718,0,0,5387216,174900,173964,2257844,6942.094,3593.496,0,1019.573,0,114.952,2163,1874,2.010,1.820,1.040,2,0,0,0,0,18,299,0,47,0
29-06 19:10:02,17.289,2.506,79.178,0.501,0,5381808,180288,173964,2257864,14314.176,9950.367,0,529.190,0,56.126,2501,2720,2.010,1.820,1.040,2,0,0,0,0,18,298,0,48,0
29-06 19:10:03,21.042,6.262,70.890,0.501,0,5323508,238584,173964,2257868,5637.124,1611.179,0,2468.872,0,146.289,2930,2913,2.010,1.820,1.040,3,0,47.093,0,0,18,298,0,48,0
29-06 19:10:04,17.931,2.490,77.950,0,0,5344664,217416,173964,2257880,15313.157,11741.880,0,143.449,0,7.969,2055,1779,1.930,1.800,1.040,2,0,0,0,0,18,298,0,51,0
29-06 19:10:05,21.740,5.747,71.216,0,0,5381252,180784,173964,2257924,5397.410,1619.223,31.985,239.885,1.000,16.992,2537,2101,1.930,1.800,1.040,2,0,31.985,0,0,18,298,0,44,0
29-06 19:10:06,18.492,3.498,76.965,0,0,5406936,155092,173964,2257932,11160.921,7329.664,0,307.860,0,10.995,1901,1449,1.930,1.800,1.040,2,0,0,0,0,18,299,0,44,0
29-06 19:10:07,15.321,5.274,78.111,0.251,0,5378288,183664,173968,2258004,10746.615,6817.475,64.297,409.892,8.037,36.167,2893,2823,1.930,1.800,1.040,1,0,54.250,0,0,18,298,0,45,0
29-06 19:10:08,5.237,8.230,83.298,1.746,0,5359588,201144,174516,2258676,10087.539,4130.983,1117.291,2430.107,249.395,379.081,3265,2981,1.930,1.800,1.040,1,0,127.690,0,0,18,300,0,45,0
29-06 19:10:09,5.747,9.745,82.961,0,0,5351028,209652,174516,2258728,15153.881,3064.560,0,555.739,0,37.982,3262,2767,1.770,1.770,1.040,2,0,124.941,0,0,18,299,0,42,0
29-06 19:10:10,5.500,6.500,86.251,0.250,0,5334404,226264,174516,2258740,10484.066,4341.027,0,600.004,0,90.001,2700,2421,1.770,1.770,1.040,2,0,70.000,0,0,18,298,0,43,0
29-06 19:10:11,14.478,12.231,70.892,0.499,0,5350488,203476,174516,2265444,5138.189,1563.623,427.350,399.393,39.939,22.965,3847,3045,1.770,1.770,1.040,2,0,145.778,0,0,18,298,0,43,0
29-06 19:10:12,28.608,5.270,65.498,0,0,5351756,197276,174620,2270144,5295.076,2597.850,12.046,1312.978,2.008,16.061,3383,11572,1.770,1.770,1.040,0,0,53.202,0,0,18,299,0,44,0
29-06 19:10:13,16.450,2.742,78.762,0.249,0,5327224,218224,174704,2273612,16524.032,5067.675,0,498.493,0,17.946,1912,1553,1.770,1.770,1.040,1,0,2.991,0,0,18,298,0,35,0
29-06 19:10:14,14.016,13.265,70.830,0.751,0.250,5308040,234228,174708,2276756,4823.479,1459.658,1321.501,3239.680,21.024,102.116,5255,4979,1.630,1.740,1.030,3,0,301.342,0,0,18,298,0,35,0
29-06 19:10:15,19.250,3.500,76.248,0.250,0,5365972,176280,174708,2276772,7747.816,4070.903,0,483.988,0,35.999,2026,1784,1.630,1.740,1.030,3,0,0,0,0,18,299,0,35,0
29-06 19:10:16,21.193,5.485,73.303,0.249,0,5375780,166464,174708,2276780,26372.116,22644.136,0,267.282,0,27.925,2763,2407,1.630,1.740,1.030,3,0,46.874,0,0,18,298,0,37,0
29-06 19:10:17,21.277,4.255,72.841,0.250,0,5341592,213252,174632,2264304,7275.073,3590.478,0,504.629,0,47.059,2255,1994,1.630,1.740,1.030,1,0,0,0,0,18,299,0,35,0
29-06 19:10:18,20.001,3.250,75.755,0,0,5276984,277656,174632,2264508,13136.804,8550.523,288.018,132.008,17.001,8.000,2650,2327,1.630,1.740,1.030,2,0,14.001,0,0,18,298,0,37,0
29-06 19:10:19,23.075,4.013,71.985,0,0,5354728,199816,174632,2264604,5556.128,1462.773,0,156.511,0,16.052,2057,1569,1.580,1.730,1.030,1,0,0,0,0,18,298,0,37,0
29-06 19:10:20,18.993,2.749,75.221,1.749,0,5352740,199564,174632,2266844,12949.931,8298.752,2127.167,2479.030,82.968,217.915,4490,6308,1.580,1.730,1.030,1,0,1.999,0,0,18,299,0,37,0
29-06 19:10:21,23.640,3.982,70.921,0.249,0,5377040,175064,174632,2267044,6709.837,2846.778,47.778,664.912,2.986,65.695,2951,3105,1.580,1.730,1.030,2,0,4.977,0,0,18,298,0,33,0
29-06 19:10:22,18.103,3.269,77.694,0,0,5377032,175064,174632,2267052,11531.871,8099.264,0,1947.122,0,24.138,1974,1668,1.580,1.730,1.030,2,0,0,0,0,18,300,0,33,0
29-06 19:10:23,20.434,3.239,73.511,0.997,0,5327772,224088,174632,2267288,9927.722,6058.303,179.417,3058.057,9.968,445.551,4942,6463,1.580,1.730,1.030,3,0,0,0,0,18,298,0,34,0
29-06 19:10:24,8.273,23.315,67.690,0.251,0,5312224,239604,174632,2267320,5176.525,1624.558,0,493.384,0,38.107,7135,6500,1.530,1.720,1.030,1,0,706.984,0,0,18,298,0,34,0
29-06 19:10:25,8.256,22.517,67.552,0,0,5316612,235176,174632,2267360,5181.999,1459.126,0,1929.489,0,120.093,7322,6743,1.530,1.720,1.030,2,0,671.518,0,0,18,298,0,27,0
29-06 19:10:26,8.742,24.478,65.940,0,0,5326280,225480,174636,2267384,4915.536,1618.530,0,279.746,0,31.971,6967,6222,1.530,1.720,1.030,2,0,654.406,0,0,18,298,0,27,0
29-06 19:10:27,9.249,21.247,67.489,0,0,5318108,233608,174636,2267428,4756.249,1619.744,0,323.949,0,19.997,7088,6258,1.530,1.720,1.030,2,0,666.895,0,0,18,298,0,27,0
29-06 19:10:28,8.256,23.016,67.298,0,0,5299420,252260,174636,2267464,4683.346,1621.158,0,48.034,0,12.009,6816,5892,1.530,1.720,1.030,2,0,601.430,0,0,18,298,0,27,0
29-06 19:10:29,9.503,22.006,67.519,0.250,0,5295816,255804,174636,2267524,4879.384,1500.426,16.005,184.052,1.000,18.005,6528,5421,1.650,1.740,1.040,2,0,528.150,0,0,18,298,0,26,0
29-06 19:10:30,17.433,8.966,72.222,0,0,5313972,346016,175124,2170372,4602.310,1613.797,3.985,2594.029,0.996,18.927,2768,2433,1.650,1.740,1.040,3,0,54.789,0,0,18,298,0,26,0
29-06 19:10:31,23.653,2.988,71.707,0,0,5328124,327404,175364,2174572,5103.159,1943.064,47.805,1091.542,3.984,31.870,2553,2479,1.650,1.740,1.040,1,0,15.935,0,0,18,299,0,26,0
29-06 19:10:32,12.295,2.007,83.804,1.004,0,5342112,312536,175372,2175452,21703.685,11469.582,718.605,5515.998,39.142,168.611,1912,1969,1.650,1.740,1.040,1,0,0,0,0,18,299,0,26,0
29-06 19:10:33,13.249,1.250,83.995,0.750,0,5341280,312536,175404,2176304,25309.434,13757.149,423.974,1755.891,41.997,61.996,1945,1939,1.650,1.740,1.040,2,0,0,0,0,18,299,0,26,0
29-06 19:10:34,16.517,1.251,79.332,1.001,0,5363528,288904,175404,2177688,18917.548,11423.805,1165.204,1413.461,57.059,54.056,1948,1690,1.680,1.740,1.050,1,0,0,0,0,18,299,0,26,0
29-06 19:10:35,16.021,1.502,81.356,0.751,0,5367236,283600,175452,2179236,21517.975,12399.120,1201.562,1413.838,60.078,46.060,1829,1650,1.680,1.740,1.050,2,0,0,0,0,18,299,0,26,0
29-06 19:10:36,18.995,1.750,76.230,1.000,0,5368280,247880,175580,2213720,13167.617,6196.408,12436.805,1007.741,137.965,33.991,2020,1735,1.680,1.740,1.050,2,0,1.000,0,0,18,299,0,26,0
29-06 19:10:37,23.224,2.997,73.418,0.499,0,5376000,225100,176544,2227568,5171.253,1618.202,0,2061.709,0,65.927,2192,1953,1.680,1.740,1.050,2,0,0,0,0,18,299,0,26,0
29-06 19:10:38,23.757,2.251,72.772,0.500,0,5366224,218492,176960,2243216,4399.357,1458.450,0,1080.333,0,37.011,2257,1937,1.680,1.740,1.050,2,0,0,0,0,18,299,0,25,0
29-06 19:10:39,23.022,3.003,71.319,1.001,0,5364644,195124,177936,2266784,6426.222,1621.570,0,4140.009,0,295.286,2666,2649,1.630,1.730,1.050,2,0,0,0,0,18,299,0,25,0
29-06 19:10:40,24.438,4.239,69.822,0.748,0,5375048,156724,179028,2293316,5984.759,1615.885,0,2513.599,0,92.764,2734,2549,1.630,1.730,1.050,3,0,2.992,0,0,18,299,0,25,0
29-06 19:10:41,40.606,8.773,48.126,0.752,0,5395832,163704,179616,2264920,6779.763,1798.713,770.017,2177.705,6.016,85.223,3844,2755,1.630,1.730,1.050,5,0,9.024,0,0,18,298,0,25,0
29-06 19:10:42,28.478,6.745,64.202,0.250,0,5401296,158224,179616,2264948,11973.956,4557.558,255.807,11159.571,1.998,104.921,3156,2401,1.630,1.730,1.050,1,0,35.973,0,0,18,299,0,24,0
29-06 19:10:43,23.475,3.746,71.424,0,0.250,5376768,176324,179620,2271336,5308.353,1792.094,0,1534.368,0,19.979,5057,7735,1.630,1.730,1.050,3,0,7.991,0,0,18,298,0,24,0
29-06 19:10:44,22.982,5.246,70.195,0.250,0,5390080,161972,179620,2272340,5062.046,1618.736,0,1530.804,0,8.993,10191,18877,1.580,1.720,1.040,2,0,12.990,0,0,18,298,0,24,0
29-06 19:10:45,21.245,6.499,70.985,0,0,5389988,161972,179620,2272432,4722.971,1457.683,0,343.925,0,5.999,7238,12445,1.580,1.720,1.040,2,0,14.997,0,0,18,298,0,24,0
29-06 19:10:46,22.254,4.501,71.764,0.250,0,5334428,224920,179636,2265044,5101.018,1620.323,0,908.181,0,34.007,3006,2896,1.580,1.720,1.040,3,0,51.010,0,0,18,298,0,23,0
29-06 19:10:47,23.498,5.500,68.744,0.250,0,5345156,214172,179636,2265064,5134.575,1541.872,0,6363.473,0,119.990,9626,18742,1.580,1.720,1.040,3,0,23.998,0,0,18,298,0,23,0
29-06 19:10:48,18.797,3.258,76.692,0.501,0.251,5370852,183432,179636,2270108,11731.328,4680.702,0,1327.318,0,31.078,2274,2025,1.580,1.720,1.040,2,0,18.045,0,0,18,298,0,23,0
29-06 19:10:49,24.310,5.012,69.673,0.251,0,5384136,167912,179636,2272328,5010.414,1461.621,0,2734.776,0,250.621,10850,19691,1.530,1.710,1.040,1,0,11.027,0,0,18,298,0,23,0
29-06 19:10:50,22.678,6.230,69.280,0,0,5379324,172544,179636,2272492,5444.744,1684.661,0,450.572,0,11.962,9644,17598,1.530,1.710,1.040,3,0,16.946,0,0,18,298,0,23,0
29-06 19:10:51,20.524,5.506,72.836,0.501,0,5363860,195424,179660,2265068,4979.856,1459.717,0,1033.215,0,31.036,2495,2150,1.530,1.710,1.040,2,0,13.015,0,0,18,298,0,23,0
29-06 19:10:52,22.230,5.245,71.186,0,0,5362956,196316,179660,2265080,5292.206,1618.534,0,327.703,0,20.981,2954,2553,1.530,1.710,1.040,3,0,77.929,0,0,18,298,0,23,0
29-06 19:10:53,23.478,5.495,69.684,0,0,5362684,196580,179660,2265088,5179.123,971.086,0,227.785,0,10.990,10219,18832,1.530,1.710,1.040,2,0,39.962,0,0,18,298,0,23,0
29-06 19:10:54,17.245,3.249,77.227,0.250,0,5381984,172440,179660,2269928,11391.547,3965.798,0,459.861,0,17.995,2171,1782,1.490,1.690,1.040,3,0,35.989,0,0,18,299,0,20,0
29-06 19:10:55,24.572,4.513,69.955,0,0,5371292,181560,179660,2271496,5217.288,1799.272,0,1115.268,0,18.053,10089,18582,1.490,1.690,1.040,2,0,8.024,0,0,18,298,0,20,0
29-06 19:10:56,21.732,6.744,69.942,0,0,5398976,152880,179660,2272492,5345.599,1618.667,0,423.651,0,6.994,9783,17927,1.490,1.690,1.040,2,0,16.986,0,0,18,298,0,20,0
29-06 19:10:57,21.518,5.254,72.560,0,0,5356032,203212,179668,2265112,5587.619,1567.296,0,868.718,0,18.015,2414,1931,1.490,1.690,1.040,2,0,11.009,0,0,18,298,0,20,0
29-06 19:10:58,19.701,3.990,72.571,1.995,0,5365752,188560,179668,2270056,4999.663,1508.278,2689.364,3.990,331.183,0.998,2488,2383,1.490,1.690,1.040,2,0,4.988,0,0,18,298,0,18,0
29-06 19:10:59,25.341,5.269,66.991,1.505,0,5365444,187816,179668,2271108,5299.067,1625.850,401.444,6378.952,23.083,408.470,7454,11331,1.530,1.700,1.050,2,0,0,0,0,18,301,0,21,0
29-06 19:11:00,15.750,14.750,68.000,1.000,0,5303692,248784,179668,2271888,4920.004,1620.001,512.000,3664.003,25.000,492.000,6981,7596,1.530,1.700,1.050,1,0,330.000,0,0,18,300,0,22,0
29-06 19:11:01,13.237,10.240,68.683,5.744,0,5285908,254412,179668,2284048,5634.515,1618.424,12116.205,831.191,1209.822,30.970,5233,6000,1.530,1.700,1.050,1,0,121.881,0,0,18,300,0,24,0
29-06 19:11:02,10.224,3.740,75.556,9.476,0,5277292,231788,179668,2315284,6005.612,2628.266,31144.202,1675.706,2280.158,36.905,4643,6929,1.530,1.700,1.050,1,0,7.980,0,0,18,301,0,22,0
29-06 19:11:03,2.744,1.247,93.787,0.249,0,5277436,231788,179668,2315296,10312.632,2396.569,0,19064.800,0,340.229,1700,2134,1.530,1.700,1.050,1,0,0.998,0,0,18,301,0,22,0
29-06 19:11:04,0.750,0.500,97.047,0,0,5277436,231788,179668,2315296,6385.106,2352.144,0,384.187,0,13.006,856,1260,1.410,1.670,1.040,1,0,0,0,0,18,301,0,22,0
29-06 19:11:05,2.260,0.502,96.419,0.251,0,5278192,231032,179668,2315296,42960.881,4077.738,0,1104.806,0,63.275,1123,1518,1.410,1.670,1.040,0,0,0,0,0,18,301,0,22,0
29-06 19:11:06,1.248,0.749,97.315,0,0,5276748,232476,179668,2315296,4954.606,1455.241,0,115.780,0,13.974,954,1429,1.410,1.670,1.040,1,0,0,0,0,18,301,0,18,0
29-06 19:11:07,0.749,0.250,97.126,0,0,5275324,233900,179668,2315296,6262.985,2996.166,0,31.959,0,3.995,835,1225,1.410,1.670,1.040,1,0,0,0,0,18,301,0,18,0
29-06 19:11:08,1.501,2.001,95.792,0,0,5274328,234716,179668,2315476,108391.302,3109.357,92.040,29188.738,1.000,157.069,1378,1706,1.410,1.670,1.040,1,0,2.001,0,0,18,301,0,18,0
29-06 19:11:09,4.758,3.005,91.401,0.250,0,5261376,247808,179676,2315328,58857.230,127897.281,104.172,1478.442,6.010,31.051,1750,1862,1.450,1.680,1.050,1,0,25.041,0,0,18,300,0,18,0
29-06 19:11:10,1.500,0.750,95.726,0.750,0,5252252,256904,179676,2315356,4396.875,1457.627,15.996,595.848,1.000,52.986,1397,2127,1.450,1.680,1.050,1,0,1.000,0,0,18,300,0,15,0
29-06 19:11:11,1.500,0.500,96.980,0,0,5247904,261252,179680,2315352,4739.024,1619.666,0,87.982,0,12.997,864,1225,1.450,1.680,1.050,2,0,0,0,0,18,300,0,15,0
29-06 19:11:12,6.253,3.752,89.043,0.250,0,5235900,273244,179680,2315380,4579.231,1620.790,0,144.070,0,17.008,2129,7047,1.450,1.680,1.050,1,0,36.018,0,0,18,300,0,16,0
29-06 19:11:13,1.500,4.000,93.988,0,0,5240564,268560,179680,2315376,4877.401,1457.821,0,63148.242,0,323.960,1683,1984,1.450,1.680,1.050,0,0,0,0,0,18,300,0,16,0
29-06 19:11:14,0.749,1.248,96.865,0,0,5234832,274292,179680,2315376,5212.735,1617.745,0,0,0,0,832,1165,1.340,1.650,1.040,1,0,0,0,0,18,300,0,15,0
29-06 19:11:15,0.749,0.499,97.377,0,0,5234832,274292,179680,2315376,5333.275,1617.960,0,1170.524,0,228.712,945,1205,1.340,1.650,1.040,1,0,0,0,0,18,300,0,15,0
29-06 19:11:16,1.501,0.500,96.822,0,0,5235084,274040,179680,2315376,5784.325,1459.091,0,1228.919,0,24.018,1101,1564,1.340,1.650,1.040,1,0,0,0,0,18,300,0,15,0
29-06 19:11:17,1.250,1.000,96.728,0,0,5235076,274040,179680,2315384,5715.719,1619.637,0,87.980,0,11.997,993,1467,1.340,1.650,1.040,1,0,0,0,0,18,300,0,15,0
29-06 19:11:18,1.251,0.751,96.609,0.250,0,5235072,274040,179680,2315388,6487.323,1621.831,0,1221.379,0,62.070,1107,1675,1.340,1.650,1.040,1,0,0,0,0,18,300,0,15,0
29-06 19:11:19,1.499,0.750,96.463,0.500,0,5235072,274040,179680,2315388,6957.335,1619.380,0,2387.085,0,125.952,1209,1798,1.230,1.620,1.040,2,0,0,0,0,18,300,0,11,0
29-06 19:11:20,2.252,1.001,95.850,0.250,0,5235072,274040,179680,2315388,6046.299,1621.690,0,300.313,0,33.034,1464,2262,1.230,1.620,1.040,1,0,1.001,0,0,18,300,0,11,0
29-06 19:11:21,2.249,0.750,96.701,0,0,5235072,274040,179680,2315388,5175.381,1457.262,0,175.911,0,19.990,1072,1495,1.230,1.620,1.040,1,0,0,0,0,18,300,0,11,0
29-06 19:11:22,1.000,0.250,97.023,0,0,5235068,274040,179680,2315392,5238.258,1620.389,0,472.113,0,31.007,946,1389,1.230,1.620,1.040,1,0,0,0,0,18,300,0,11,0
29-06 19:11:23,1.751,0.750,96.807,0.250,0,5235068,274040,179680,2315392,5361.179,1458.865,0,104.062,0,17.010,1080,1553,1.230,1.620,1.040,1,0,1.001,0,0,18,300,0,10,0
29-06 19:11:24,1.249,0.500,97.409,0.250,0,5235068,274040,179680,2315392,4855.475,1618.492,0,175.836,0,10.990,957,1352,1.130,1.590,1.030,1,0,0,0,0,18,300,0,10,0
29-06 19:11:25,1.249,0.500,96.703,0,0,5235068,274040,179680,2315392,5107.518,1619.213,0,627.695,0,134.934,1130,1407,1.130,1.590,1.030,1,0,0,0,0,18,300,0,10,0
29-06 19:11:26,1.249,0.500,97.189,0,0,5235068,274040,179680,2315392,4635.112,1457.092,0,71.955,0,6.996,880,1218,1.130,1.590,1.030,1,0,0,0,0,18,300,0,10,0
29-06 19:11:27,1.503,0.501,96.940,0,0,5235064,274040,179680,2315396,5247.304,1623.187,0,68.134,0,6.012,991,1414,1.130,1.590,1.030,1,0,0,0,0,18,300,0,9,0
29-06 19:11:28,1.246,0.997,96.916,0,0,5235312,273788,179680,2315396,4382.889,1452.991,0,1785.843,0,10.962,1010,1390,1.130,1.590,1.030,1,0,0,0,0,18,300,0,9,0
29-06 19:11:29,2.005,1.253,95.754,0.251,0,5228472,280628,179680,2315396,4872.906,1624.302,0,232.616,0,10.027,1107,1428,1.040,1.570,1.030,3,0,6.016,0,0,18,300,0,9,0
29-06 19:11:30,1.249,0.999,95.952,0.250,0,5228460,280628,179680,2315408,3976.009,1457.270,0,691.654,0,57.971,1372,2060,1.040,1.570,1.030,1,0,0.999,0,0,18,300,0,9,0
29-06 19:11:31,1.500,0.500,96.233,0.500,0,5228460,280628,179680,2315408,4919.143,1619.718,0,319.944,0,33.994,1115,1643,1.040,1.570,1.030,1,0,0,0,0,18,300,0,9,0
29-06 19:11:32,1.750,1.000,96.252,0,0,5228452,280628,179680,2315416,4817.105,1620.035,0,176.004,0,19.000,1053,1525,1.040,1.570,1.030,2,0,0,0,0,18,300,0,9,0
29-06 19:11:33,1.500,0.500,96.738,0,0,5228400,280628,179688,2315460,5417.352,1457.826,4.000,2999.641,1.000,86.990,1058,1441,1.040,1.570,1.030,1,0,0,0,0,18,300,0,9,0
29-06 19:11:34,1.000,0.750,96.977,0.250,0,5228400,280628,179688,2315460,5158.771,1619.614,0,255.939,0,10.997,984,1278,1.120,1.570,1.030,1,0,0,0,0,18,300,0,9,0
29-06 19:11:35,1.500,0.500,97.748,0,0,5228424,280628,179688,2315460,4979.923,1661.974,0,39.999,0,6.000,880,1225,1.120,1.570,1.030,2,0,0,0,0,18,300,0,9,0
29-06 19:11:36,0.750,0.750,97.508,0,0,5228424,280628,179688,2315460,5100.433,1620.137,0,8.001,0,1.000,807,1177,1.120,1.570,1.030,1,0,0,0,0,18,300,0,9,0
29-06 19:11:37,1.251,0.500,98.047,0,0,5228420,280628,179692,2315460,5119.440,1620.772,0,36.017,0,1.000,812,1183,1.120,1.570,1.030,1,0,0,0,0,18,300,0,9,0
29-06 19:11:38,1.252,0.501,97.871,0,0,5228416,280628,179692,2315464,4866.039,1622.013,0,0,0,0,840,1217,1.120,1.570,1.030,1,0,0,0,0,18,300,0,9,0
29-06 19:11:39,1.751,0.500,96.051,0,0,5228408,280628,179692,2315472,3838.035,216.115,0,240.127,0,13.007,1034,1430,1.030,1.550,1.020,1,0,0,0,0,18,300,0,9,0
29-06 19:11:40,11.258,5.504,81.556,0,0,5235688,273328,179692,2315492,409984.911,7421.121,16.011,648.447,1.001,37.026,2774,2580,1.030,1.550,1.020,2,0,28.019,0,0,18,300,0,9,0
29-06 19:11:41,30.057,9.439,58.872,0.248,0,5278004,230884,179692,2315620,288341.464,8564.972,882.331,1244.008,10.930,227.538,3465,2144,1.030,1.550,1.020,1,0,28.815,0,0,18,300,0,9,0
