May 26 14:24:54 ubuntu devstack@keystone.service[67943]: ERROR keystone.server.flask.application     return self.handle_error(e)
May 26 14:24:54 ubuntu devstack@keystone.service[67943]: ERROR keystone.server.flask.application            ^^^^^^^^^^^^^^^^^^^^
May 26 14:24:54 ubuntu devstack@keystone.service[67943]: ERROR keystone.server.flask.application   File "/opt/stack/data/venv/lib/python3.12/site-packages/flask_restful/__init__.py", line 310, in handle_error
May 26 14:24:54 ubuntu devstack@keystone.service[67943]: ERROR keystone.server.flask.application     _handle_flask_propagate_exceptions_config(current_app, e)
May 26 14:24:54 ubuntu devstack@keystone.service[67943]: ERROR keystone.server.flask.application   File "/opt/stack/data/venv/lib/python3.12/site-packages/flask/app.py", line 917, in full_dispatch_request
May 26 14:24:54 ubuntu devstack@keystone.service[67943]: ERROR keystone.server.flask.application     rv = self.dispatch_request()
May 26 14:24:54 ubuntu devstack@keystone.service[67943]: ERROR keystone.server.flask.application          ^^^^^^^^^^^^^^^^^^^^^^^
May 26 14:24:54 ubuntu devstack@keystone.service[67943]: ERROR keystone.server.flask.application   File "/opt/stack/data/venv/lib/python3.12/site-packages/flask/app.py", line 902, in dispatch_request
May 26 14:24:54 ubuntu devstack@keystone.service[67943]: ERROR keystone.server.flask.application     return self.ensure_sync(self.view_functions[rule.endpoint])(**view_args)  # type: ignore[no-any-return]
May 26 14:24:54 ubuntu devstack@keystone.service[67943]: ERROR keystone.server.flask.application            ^^^^^^^^^^^^^^^^^^^^^^^^^^^^^^^^^^^^^^^^^^^^^^^^^^^^^^^^^^^^^^^^^
May 26 14:24:54 ubuntu devstack@keystone.service[67943]: ERROR keystone.server.flask.application   File "/opt/stack/data/venv/lib/python3.12/site-packages/flask_restful/__init__.py", line 489, in wrapper
May 26 14:24:54 ubuntu devstack@keystone.service[67943]: ERROR keystone.server.flask.application     resp = resource(*args, **kwargs)
May 26 14:24:54 ubuntu devstack@keystone.service[67943]: ERROR keystone.server.flask.application            ^^^^^^^^^^^^^^^^^^^^^^^^^
May 26 14:24:54 ubuntu devstack@keystone.service[67943]: ERROR keystone.server.flask.application   File "/opt/stack/data/venv/lib/python3.12/site-packages/flask/views.py", line 110, in view
May 26 14:24:54 ubuntu devstack@keystone.service[67943]: ERROR keystone.server.flask.application     return current_app.ensure_sync(self.dispatch_request)(**kwargs)  # type: ignore[no-any-return]
May 26 14:24:54 ubuntu devstack@keystone.service[67943]: ERROR keystone.server.flask.application            ^^^^^^^^^^^^^^^^^^^^^^^^^^^^^^^^^^^^^^^^^^^^^^^^^^^^^^^^
May 26 14:24:54 ubuntu devstack@keystone.service[67943]: ERROR keystone.server.flask.application   File "/opt/stack/data/venv/lib/python3.12/site-packages/flask_restful/__init__.py", line 604, in dispatch_request
May 26 14:24:54 ubuntu devstack@keystone.service[67943]: ERROR keystone.server.flask.application     resp = meth(*args, **kwargs)
May 26 14:24:54 ubuntu devstack@keystone.service[67943]: ERROR keystone.server.flask.application            ^^^^^^^^^^^^^^^^^^^^^
May 26 14:24:54 ubuntu devstack@keystone.service[67943]: ERROR keystone.server.flask.application   File "/opt/stack/keystone/keystone/api/validation/__init__.py", line 86, in wrapper
May 26 14:24:54 ubuntu devstack@keystone.service[67943]: ERROR keystone.server.flask.application     return func(*args, **kwargs)
May 26 14:24:54 ubuntu devstack@keystone.service[67943]: ERROR keystone.server.flask.application            ^^^^^^^^^^^^^^^^^^^^^
May 26 14:24:54 ubuntu devstack@keystone.service[67943]: ERROR keystone.server.flask.application   File "/opt/stack/keystone/keystone/api/validation/__init__.py", line 145, in wrapper
May 26 14:24:54 ubuntu devstack@keystone.service[67943]: ERROR keystone.server.flask.application     response = func(*args, **kwargs)
May 26 14:24:54 ubuntu devstack@keystone.service[67943]: ERROR keystone.server.flask.application                ^^^^^^^^^^^^^^^^^^^^^
May 26 14:24:54 ubuntu devstack@keystone.service[67943]: ERROR keystone.server.flask.application   File "/opt/stack/keystone/keystone/api/roles.py", line 91, in post
May 26 14:24:54 ubuntu devstack@keystone.service[67943]: ERROR keystone.server.flask.application     ref = PROVIDERS.role_api.create_role(
May 26 14:24:54 ubuntu devstack@keystone.service[67943]: ERROR keystone.server.flask.application           ^^^^^^^^^^^^^^^^^^^^^^^^^^^^^^^
May 26 14:24:54 ubuntu devstack@keystone.service[67943]: ERROR keystone.server.flask.application   File "/opt/stack/keystone/keystone/common/manager.py", line 114, in wrapped
May 26 14:24:54 ubuntu devstack@keystone.service[67943]: ERROR keystone.server.flask.application     __ret_val = __f(*args, **kwargs)
May 26 14:24:54 ubuntu devstack@keystone.service[67943]: ERROR keystone.server.flask.application                 ^^^^^^^^^^^^^^^^^^^^
May 26 14:24:54 ubuntu devstack@keystone.service[67943]: ERROR keystone.server.flask.application   File "/opt/stack/keystone/keystone/assignment/core.py", line 1486, in create_role
May 26 14:24:54 ubuntu devstack@keystone.service[67943]: ERROR keystone.server.flask.application     ret = self.driver.create_role(role_id, role)
May 26 14:24:54 ubuntu devstack@keystone.service[67943]: ERROR keystone.server.flask.application           ^^^^^^^^^^^^^^^^^^^^^^^^^^^^^^^^^^^^^^
May 26 14:24:54 ubuntu devstack@keystone.service[67943]: ERROR keystone.server.flask.application   File "/opt/stack/keystone/keystone/common/sql/core.py", line 614, in wrapper
May 26 14:24:54 ubuntu devstack@keystone.service[67943]: ERROR keystone.server.flask.application     raise exception.Conflict(type=conflict_type, details=msg)
May 26 14:24:54 ubuntu devstack@keystone.service[67943]: ERROR keystone.server.flask.application keystone.exception.Conflict: Conflict occurred attempting to store role - Duplicate entry found with name service.
May 26 14:24:54 ubuntu devstack@keystone.service[67943]: ERROR keystone.server.flask.application 
May 26 14:24:54 ubuntu devstack@keystone.service[67943]: [pid: 67943|app: 0|req: 17/34] 10.120.125.137 () {62 vars in 1199 bytes} [Tue May 26 14:24:54 2026] POST /identity/v3/roles => generated 140 bytes in 91 msecs (HTTP/1.1 409) 5 headers in 183 bytes (1 switches on core 0)
May 26 14:24:54 ubuntu devstack@keystone.service[67943]: DEBUG keystone.server.flask.request_processing.req_logging [None req-bb3171a3-5685-4a58-9656-357a2161be63 None None] REQUEST_METHOD: `GET` {{(pid=67943) log_request_info /opt/stack/keystone/keystone/server/flask/request_processing/req_logging.py:26}}
May 26 14:24:54 ubuntu devstack@keystone.service[67943]: DEBUG keystone.server.flask.request_processing.req_logging [None req-bb3171a3-5685-4a58-9656-357a2161be63 None None] SCRIPT_NAME: `/identity` {{(pid=67943) log_request_info /opt/stack/keystone/keystone/server/flask/request_processing/req_logging.py:27}}
May 26 14:24:54 ubuntu devstack@keystone.service[67943]: DEBUG keystone.server.flask.request_processing.req_logging [None req-bb3171a3-5685-4a58-9656-357a2161be63 None None] PATH_INFO: `/` {{(pid=67943) log_request_info /opt/stack/keystone/keystone/server/flask/request_processing/req_logging.py:28}}
May 26 14:24:54 ubuntu devstack@keystone.service[67943]: [pid: 67943|app: 0|req: 18/35] 10.120.125.137 () {56 vars in 951 bytes} [Tue May 26 14:24:54 2026] GET /identity => generated 271 bytes in 1 msecs (HTTP/1.1 300) 6 headers in 235 bytes (2 switches on core 0)
May 26 14:24:54 ubuntu devstack@keystone.service[67942]: [pid: 67942|app: 0|req: 18/36] 10.120.125.137 () {60 vars in 1048 bytes} [Tue May 26 14:24:54 2026] POST /identity/v3/auth/tokens => generated 863 bytes in 54 msecs (HTTP/1.1 201) 6 headers in 363 bytes (1 switches on core 0)
May 26 14:24:54 ubuntu devstack@keystone.service[67943]: DEBUG keystone.server.flask.request_processing.middleware.auth_context [None req-bb3171a3-5685-4a58-9656-357a2161be63 None None] Authenticating user token {{(pid=67943) process_request /opt/stack/data/venv/lib/python3.12/site-packages/keystonemiddleware/auth_token/__init__.py:406}}
May 26 14:24:54 ubuntu devstack@keystone.service[67942]: DEBUG keystone.server.flask.request_processing.middleware.auth_context [None req-6ded1937-1b77-47db-b0a7-5363bf3b8bc6 None None] Authenticating user token {{(pid=67942) process_request /opt/stack/data/venv/lib/python3.12/site-packages/keystonemiddleware/auth_token/__init__.py:406}}
May 26 14:24:54 ubuntu devstack@keystone.service[67943]: DEBUG keystone.server.flask.request_processing.middleware.auth_context [None req-bb3171a3-5685-4a58-9656-357a2161be63 None None] Validating token access rules against request {{(pid=67943) validate_allowed_request /opt/stack/data/venv/lib/python3.12/site-packages/keystonemiddleware/auth_token/__init__.py:544}}
May 26 14:24:54 ubuntu devstack@keystone.service[67942]: DEBUG keystone.server.flask.request_processing.middleware.auth_context [None req-6ded1937-1b77-47db-b0a7-5363bf3b8bc6 None None] Validating token access rules against request {{(pid=67942) validate_allowed_request /opt/stack/data/venv/lib/python3.12/site-packages/keystonemiddleware/auth_token/__init__.py:544}}
May 26 14:24:54 ubuntu devstack@keystone.service[67943]: DEBUG keystone.server.flask.request_processing.middleware.auth_context [None req-0397cda2-a32e-498c-bd05-df2e1a85ab8b None admin] RBAC: auth_context: {'token': <TokenModel (audit_id=maqZ3yvQQpiP-F8dzqAQjA, audit_chain_id=['maqZ3yvQQpiP-F8dzqAQjA']) at 0x70798e559b20>, 'domain_id': None, 'trust_id': None, 'trustor_id': None, 'trustee_id': None, 'domain_name': None, 'group_ids': [], 'user_id': '72dcb0c997c64ffbb719c085451e7075', 'user_domain_id': 'default', 'system_scope': 'all', 'project_id': None, 'project_domain_id': None, 'roles': ['admin', 'manager', 'member', 'reader'], 'is_admin_project': True, 'service_user_id': None, 'service_user_domain_id': None, 'service_project_id': None, 'service_project_domain_id': None, 'service_roles': []} {{(pid=67943) fill_context /opt/stack/keystone/keystone/server/flask/request_processing/middleware/auth_context.py:509}}
May 26 14:24:54 ubuntu devstack@keystone.service[67943]: DEBUG keystone.server.flask.request_processing.req_logging [None req-0397cda2-a32e-498c-bd05-df2e1a85ab8b None admin] REQUEST_METHOD: `GET` {{(pid=67943) log_request_info /opt/stack/keystone/keystone/server/flask/request_processing/req_logging.py:26}}
May 26 14:24:54 ubuntu devstack@keystone.service[67943]: DEBUG keystone.server.flask.request_processing.req_logging [None req-0397cda2-a32e-498c-bd05-df2e1a85ab8b None admin] SCRIPT_NAME: `/identity` {{(pid=67943) log_request_info /opt/stack/keystone/keystone/server/flask/request_processing/req_logging.py:27}}
May 26 14:24:54 ubuntu devstack@keystone.service[67943]: DEBUG keystone.server.flask.request_processing.req_logging [None req-0397cda2-a32e-498c-bd05-df2e1a85ab8b None admin] PATH_INFO: `/v3/roles/service` {{(pid=67943) log_request_info /opt/stack/keystone/keystone/server/flask/request_processing/req_logging.py:28}}
May 26 14:24:54 ubuntu devstack@keystone.service[67943]: DEBUG keystone.common.rbac_enforcer.enforcer [None req-0397cda2-a32e-498c-bd05-df2e1a85ab8b None admin] Extracting inferred target data resulted in "NOT FOUND (404)". {{(pid=67943) enforce_call /opt/stack/keystone/keystone/common/rbac_enforcer/enforcer.py:445}}
May 26 14:24:54 ubuntu devstack@keystone.service[67943]: DEBUG keystone.server.flask.application [None req-0397cda2-a32e-498c-bd05-df2e1a85ab8b None admin] Could not find role: service. {{(pid=67943) _handle_keystone_exception /opt/stack/keystone/keystone/server/flask/application.py:146}}
May 26 14:24:54 ubuntu devstack@keystone.service[67943]: [pid: 67943|app: 0|req: 19/37] 10.120.125.137 () {58 vars in 1170 bytes} [Tue May 26 14:24:54 2026] GET /identity/v3/roles/service => generated 85 bytes in 72 msecs (HTTP/1.1 404) 5 headers in 183 bytes (1 switches on core 0)
May 26 14:24:54 ubuntu devstack@keystone.service[67943]: DEBUG keystone.server.flask.request_processing.middleware.auth_context [None req-0397cda2-a32e-498c-bd05-df2e1a85ab8b None admin] Authenticating user token {{(pid=67943) process_request /opt/stack/data/venv/lib/python3.12/site-packages/keystonemiddleware/auth_token/__init__.py:406}}
May 26 14:24:54 ubuntu devstack@keystone.service[67942]: DEBUG keystone.server.flask.request_processing.middleware.auth_context [None req-a1edbdad-f536-4446-820b-e95e115a02a7 None admin] RBAC: auth_context: {'token': <TokenModel (audit_id=dJM14idGT36dWMb88gt8SQ, audit_chain_id=['dJM14idGT36dWMb88gt8SQ']) at 0x70798efcb7a0>, 'domain_id': None, 'trust_id': None, 'trustor_id': None, 'trustee_id': None, 'domain_name': None, 'group_ids': [], 'user_id': '72dcb0c997c64ffbb719c085451e7075', 'user_domain_id': 'default', 'system_scope': 'all', 'project_id': None, 'project_domain_id': None, 'roles': ['admin', 'manager', 'member', 'reader'], 'is_admin_project': True, 'service_user_id': None, 'service_user_domain_id': None, 'service_project_id': None, 'service_project_domain_id': None, 'service_roles': []} {{(pid=67942) fill_context /opt/stack/keystone/keystone/server/flask/request_processing/middleware/auth_context.py:509}}
May 26 14:24:54 ubuntu devstack@keystone.service[67942]: DEBUG keystone.server.flask.request_processing.req_logging [None req-a1edbdad-f536-4446-820b-e95e115a02a7 None admin] REQUEST_METHOD: `POST` {{(pid=67942) log_request_info /opt/stack/keystone/keystone/server/flask/request_processing/req_logging.py:26}}
May 26 14:24:54 ubuntu devstack@keystone.service[67942]: DEBUG keystone.server.flask.request_processing.req_logging [None req-a1edbdad-f536-4446-820b-e95e115a02a7 None admin] SCRIPT_NAME: `/identity` {{(pid=67942) log_request_info /opt/stack/keystone/keystone/server/flask/request_processing/req_logging.py:27}}
May 26 14:24:54 ubuntu devstack@keystone.service[67942]: DEBUG keystone.server.flask.request_processing.req_logging [None req-a1edbdad-f536-4446-820b-e95e115a02a7 None admin] PATH_INFO: `/v3/roles` {{(pid=67942) log_request_info /opt/stack/keystone/keystone/server/flask/request_processing/req_logging.py:28}}
May 26 14:24:54 ubuntu devstack@keystone.service[67942]: DEBUG keystone.common.rbac_enforcer.enforcer [None req-a1edbdad-f536-4446-820b-e95e115a02a7 None admin] RBAC: Authorizing `identity:create_role()` {{(pid=67942) enforce_call /opt/stack/keystone/keystone/common/rbac_enforcer/enforcer.py:494}}
May 26 14:24:54 ubuntu devstack@keystone.service[67942]: DEBUG keystone.common.rbac_enforcer.enforcer [None req-a1edbdad-f536-4446-820b-e95e115a02a7 None admin] RBAC: Authorization granted {{(pid=67942) enforce_call /opt/stack/keystone/keystone/common/rbac_enforcer/enforcer.py:505}}
May 26 14:24:54 ubuntu devstack@keystone.service[67942]: [pid: 67942|app: 0|req: 19/38] 10.120.125.137 () {62 vars in 1199 bytes} [Tue May 26 14:24:54 2026] POST /identity/v3/roles => generated 226 bytes in 72 msecs (HTTP/1.1 201) 5 headers in 182 bytes (1 switches on core 0)
May 26 14:24:54 ubuntu devstack@keystone.service[67942]: DEBUG keystone.server.flask.request_processing.middleware.auth_context [None req-a1edbdad-f536-4446-820b-e95e115a02a7 None admin] Authenticating user token {{(pid=67942) process_request /opt/stack/data/venv/lib/python3.12/site-packages/keystonemiddleware/auth_token/__init__.py:406}}
May 26 14:24:54 ubuntu devstack@keystone.service[67943]: DEBUG keystone.server.flask.request_processing.middleware.auth_context [None req-0397cda2-a32e-498c-bd05-df2e1a85ab8b None admin] Validating token access rules against request {{(pid=67943) validate_allowed_request /opt/stack/data/venv/lib/python3.12/site-packages/keystonemiddleware/auth_token/__init__.py:544}}
May 26 14:24:54 ubuntu devstack@keystone.service[67942]: DEBUG keystone.server.flask.request_processing.middleware.auth_context [None req-a1edbdad-f536-4446-820b-e95e115a02a7 None admin] Validating token access rules against request {{(pid=67942) validate_allowed_request /opt/stack/data/venv/lib/python3.12/site-packages/keystonemiddleware/auth_token/__init__.py:544}}
May 26 14:24:54 ubuntu devstack@keystone.service[67943]: DEBUG keystone.server.flask.request_processing.middleware.auth_context [None req-9ccf128c-efaa-434e-8dbe-046c9e71f687 None admin] RBAC: auth_context: {'token': <TokenModel (audit_id=SeaLoS9STBenAPh66DZtWA, audit_chain_id=['SeaLoS9STBenAPh66DZtWA']) at 0x70798e55aa80>, 'domain_id': None, 'trust_id': None, 'trustor_id': None, 'trustee_id': None, 'domain_name': None, 'group_ids': [], 'user_id': '72dcb0c997c64ffbb719c085451e7075', 'user_domain_id': 'default', 'system_scope': 'all', 'project_id': None, 'project_domain_id': None, 'roles': ['admin', 'manager', 'member', 'reader'], 'is_admin_project': True, 'service_user_id': None, 'service_user_domain_id': None, 'service_project_id': None, 'service_project_domain_id': None, 'service_roles': []} {{(pid=67943) fill_context /opt/stack/keystone/keystone/server/flask/request_processing/middleware/auth_context.py:509}}
May 26 14:24:54 ubuntu devstack@keystone.service[67943]: DEBUG keystone.server.flask.request_processing.req_logging [None req-9ccf128c-efaa-434e-8dbe-046c9e71f687 None admin] REQUEST_METHOD: `GET` {{(pid=67943) log_request_info /opt/stack/keystone/keystone/server/flask/request_processing/req_logging.py:26}}
May 26 14:24:54 ubuntu devstack@keystone.service[67943]: DEBUG keystone.server.flask.request_processing.req_logging [None req-9ccf128c-efaa-434e-8dbe-046c9e71f687 None admin] SCRIPT_NAME: `/identity` {{(pid=67943) log_request_info /opt/stack/keystone/keystone/server/flask/request_processing/req_logging.py:27}}
May 26 14:24:54 ubuntu devstack@keystone.service[67943]: DEBUG keystone.server.flask.request_processing.req_logging [None req-9ccf128c-efaa-434e-8dbe-046c9e71f687 None admin] PATH_INFO: `/v3/roles/admin` {{(pid=67943) log_request_info /opt/stack/keystone/keystone/server/flask/request_processing/req_logging.py:28}}
May 26 14:24:54 ubuntu devstack@keystone.service[67943]: DEBUG keystone.common.rbac_enforcer.enforcer [None req-9ccf128c-efaa-434e-8dbe-046c9e71f687 None admin] Extracting inferred target data resulted in "NOT FOUND (404)". {{(pid=67943) enforce_call /opt/stack/keystone/keystone/common/rbac_enforcer/enforcer.py:445}}
May 26 14:24:54 ubuntu devstack@keystone.service[67943]: DEBUG keystone.server.flask.application [None req-9ccf128c-efaa-434e-8dbe-046c9e71f687 None admin] Could not find role: admin. {{(pid=67943) _handle_keystone_exception /opt/stack/keystone/keystone/server/flask/application.py:146}}
May 26 14:24:54 ubuntu devstack@keystone.service[67943]: [pid: 67943|app: 0|req: 20/39] 10.120.125.137 () {58 vars in 1164 bytes} [Tue May 26 14:24:54 2026] GET /identity/v3/roles/admin => generated 83 bytes in 72 msecs (HTTP/1.1 404) 5 headers in 183 bytes (1 switches on core 0)
May 26 14:24:54 ubuntu devstack@keystone.service[67943]: DEBUG keystone.server.flask.request_processing.req_logging [None req-bf502838-6328-436f-ab56-db70c4591654 None None] REQUEST_METHOD: `POST` {{(pid=67943) log_request_info /opt/stack/keystone/keystone/server/flask/request_processing/req_logging.py:26}}
May 26 14:24:54 ubuntu devstack@keystone.service[67943]: DEBUG keystone.server.flask.request_processing.req_logging [None req-bf502838-6328-436f-ab56-db70c4591654 None None] SCRIPT_NAME: `/identity` {{(pid=67943) log_request_info /opt/stack/keystone/keystone/server/flask/request_processing/req_logging.py:27}}
May 26 14:24:54 ubuntu devstack@keystone.service[67943]: DEBUG keystone.server.flask.request_processing.req_logging [None req-bf502838-6328-436f-ab56-db70c4591654 None None] PATH_INFO: `/v3/auth/tokens` {{(pid=67943) log_request_info /opt/stack/keystone/keystone/server/flask/request_processing/req_logging.py:28}}
May 26 14:24:54 ubuntu devstack@keystone.service[67943]: WARNING keystone.common.password_hashing [None req-bf502838-6328-436f-ab56-db70c4591654 None None] Truncating password to algorithm specific maximum length 72 characters.
May 26 14:24:54 ubuntu devstack@keystone.service[67942]: DEBUG keystone.server.flask.request_processing.middleware.auth_context [None req-e8a4e5f6-ed1e-4e3e-8d88-fe1e7e8080c5 None admin] RBAC: auth_context: {'token': <TokenModel (audit_id=BvXtO3ypRC2sN4nUhsrHlw, audit_chain_id=['BvXtO3ypRC2sN4nUhsrHlw']) at 0x70798e57b7d0>, 'domain_id': None, 'trust_id': None, 'trustor_id': None, 'trustee_id': None, 'domain_name': None, 'group_ids': [], 'user_id': '72dcb0c997c64ffbb719c085451e7075', 'user_domain_id': 'default', 'system_scope': 'all', 'project_id': None, 'project_domain_id': None, 'roles': ['admin', 'manager', 'member', 'reader'], 'is_admin_project': True, 'service_user_id': None, 'service_user_domain_id': None, 'service_project_id': None, 'service_project_domain_id': None, 'service_roles': []} {{(pid=67942) fill_context /opt/stack/keystone/keystone/server/flask/request_processing/middleware/auth_context.py:509}}
May 26 14:24:54 ubuntu devstack@keystone.service[67942]: DEBUG keystone.server.flask.request_processing.req_logging [None req-e8a4e5f6-ed1e-4e3e-8d88-fe1e7e8080c5 None admin] REQUEST_METHOD: `POST` {{(pid=67942) log_request_info /opt/stack/keystone/keystone/server/flask/request_processing/req_logging.py:26}}
May 26 14:24:54 ubuntu devstack@keystone.service[67942]: DEBUG keystone.server.flask.request_processing.req_logging [None req-e8a4e5f6-ed1e-4e3e-8d88-fe1e7e8080c5 None admin] SCRIPT_NAME: `/identity` {{(pid=67942) log_request_info /opt/stack/keystone/keystone/server/flask/request_processing/req_logging.py:27}}
May 26 14:24:54 ubuntu devstack@keystone.service[67942]: DEBUG keystone.server.flask.request_processing.req_logging [None req-e8a4e5f6-ed1e-4e3e-8d88-fe1e7e8080c5 None admin] PATH_INFO: `/v3/projects` {{(pid=67942) log_request_info /opt/stack/keystone/keystone/server/flask/request_processing/req_logging.py:28}}
May 26 14:24:54 ubuntu devstack@keystone.service[67942]: DEBUG keystone.common.rbac_enforcer.enforcer [None req-e8a4e5f6-ed1e-4e3e-8d88-fe1e7e8080c5 None admin] RBAC: Authorizing `identity:create_project()` {{(pid=67942) enforce_call /opt/stack/keystone/keystone/common/rbac_enforcer/enforcer.py:494}}
May 26 14:24:54 ubuntu devstack@keystone.service[67942]: DEBUG keystone.common.rbac_enforcer.enforcer [None req-e8a4e5f6-ed1e-4e3e-8d88-fe1e7e8080c5 None admin] RBAC: Authorization granted {{(pid=67942) enforce_call /opt/stack/keystone/keystone/common/rbac_enforcer/enforcer.py:505}}
May 26 14:24:54 ubuntu devstack@keystone.service[67943]: DEBUG keystone.auth.core [None req-bf502838-6328-436f-ab56-db70c4591654 None None] MFA Rules not processed for user `72dcb0c997c64ffbb719c085451e7075`. Rule list: `[]` (Enabled: `True`). {{(pid=67943) check_auth_methods_against_rules /opt/stack/keystone/keystone/auth/core.py:476}}
May 26 14:24:54 ubuntu devstack@keystone.service[67943]: DEBUG keystone.common.fernet_utils [None req-bf502838-6328-436f-ab56-db70c4591654 None None] Loaded 2 Fernet keys from /etc/keystone/fernet-keys/, but `[fernet_tokens] max_active_keys = 3`; perhaps there have not been enough key rotations to reach `max_active_keys` yet? {{(pid=67943) load_keys /opt/stack/keystone/keystone/common/fernet_utils.py:297}}
May 26 14:24:54 ubuntu devstack@keystone.service[67942]: [pid: 67942|app: 0|req: 20/40] 10.120.125.137 () {62 vars in 1208 bytes} [Tue May 26 14:24:54 2026] POST /identity/v3/projects => generated 302 bytes in 89 msecs (HTTP/1.1 201) 5 headers in 182 bytes (1 switches on core 0)
May 26 14:24:54 ubuntu devstack@keystone.service[67942]: DEBUG keystone.server.flask.request_processing.middleware.auth_context [None req-e8a4e5f6-ed1e-4e3e-8d88-fe1e7e8080c5 None admin] Authenticating user token {{(pid=67942) process_request /opt/stack/data/venv/lib/python3.12/site-packages/keystonemiddleware/auth_token/__init__.py:406}}
May 26 14:24:54 ubuntu devstack@keystone.service[67943]: [pid: 67943|app: 0|req: 21/41] 10.120.125.137 () {60 vars in 1048 bytes} [Tue May 26 14:24:54 2026] POST /identity/v3/auth/tokens => generated 863 bytes in 51 msecs (HTTP/1.1 201) 6 headers in 363 bytes (1 switches on core 0)
May 26 14:24:54 ubuntu devstack@keystone.service[67943]: DEBUG keystone.server.flask.request_processing.middleware.auth_context [None req-bf502838-6328-436f-ab56-db70c4591654 None None] Authenticating user token {{(pid=67943) process_request /opt/stack/data/venv/lib/python3.12/site-packages/keystonemiddleware/auth_token/__init__.py:406}}
May 26 14:24:54 ubuntu devstack@keystone.service[67942]: DEBUG keystone.server.flask.request_processing.middleware.auth_context [None req-e8a4e5f6-ed1e-4e3e-8d88-fe1e7e8080c5 None admin] Validating token access rules against request {{(pid=67942) validate_allowed_request /opt/stack/data/venv/lib/python3.12/site-packages/keystonemiddleware/auth_token/__init__.py:544}}
May 26 14:24:54 ubuntu devstack@keystone.service[67943]: DEBUG keystone.server.flask.request_processing.middleware.auth_context [None req-bf502838-6328-436f-ab56-db70c4591654 None None] Validating token access rules against request {{(pid=67943) validate_allowed_request /opt/stack/data/venv/lib/python3.12/site-packages/keystonemiddleware/auth_token/__init__.py:544}}
May 26 14:24:54 ubuntu devstack@keystone.service[67942]: DEBUG keystone.server.flask.request_processing.middleware.auth_context [None req-15806d86-6e13-4df2-9305-53a70440e6d0 None admin] RBAC: auth_context: {'token': <TokenModel (audit_id=maqZ3yvQQpiP-F8dzqAQjA, audit_chain_id=['maqZ3yvQQpiP-F8dzqAQjA']) at 0x70798e57a330>, 'domain_id': None, 'trust_id': None, 'trustor_id': None, 'trustee_id': None, 'domain_name': None, 'group_ids': [], 'user_id': '72dcb0c997c64ffbb719c085451e7075', 'user_domain_id': 'default', 'system_scope': 'all', 'project_id': None, 'project_domain_id': None, 'roles': ['admin', 'manager', 'member', 'reader'], 'is_admin_project': True, 'service_user_id': None, 'service_user_domain_id': None, 'service_project_id': None, 'service_project_domain_id': None, 'service_roles': []} {{(pid=67942) fill_context /opt/stack/keystone/keystone/server/flask/request_processing/middleware/auth_context.py:509}}
May 26 14:24:54 ubuntu devstack@keystone.service[67942]: DEBUG keystone.server.flask.request_processing.req_logging [None req-15806d86-6e13-4df2-9305-53a70440e6d0 None admin] REQUEST_METHOD: `GET` {{(pid=67942) log_request_info /opt/stack/keystone/keystone/server/flask/request_processing/req_logging.py:26}}
May 26 14:24:54 ubuntu devstack@keystone.service[67942]: DEBUG keystone.server.flask.request_processing.req_logging [None req-15806d86-6e13-4df2-9305-53a70440e6d0 None admin] SCRIPT_NAME: `/identity` {{(pid=67942) log_request_info /opt/stack/keystone/keystone/server/flask/request_processing/req_logging.py:27}}
May 26 14:24:54 ubuntu devstack@keystone.service[67942]: DEBUG keystone.server.flask.request_processing.req_logging [None req-15806d86-6e13-4df2-9305-53a70440e6d0 None admin] PATH_INFO: `/v3/roles` {{(pid=67942) log_request_info /opt/stack/keystone/keystone/server/flask/request_processing/req_logging.py:28}}
May 26 14:24:54 ubuntu devstack@keystone.service[67942]: DEBUG keystone.common.rbac_enforcer.enforcer [None req-15806d86-6e13-4df2-9305-53a70440e6d0 None admin] RBAC: Adding query filter params (name=service) {{(pid=67942) _extract_filter_values /opt/stack/keystone/keystone/common/rbac_enforcer/enforcer.py:176}}
May 26 14:24:54 ubuntu devstack@keystone.service[67942]: DEBUG keystone.common.rbac_enforcer.enforcer [None req-15806d86-6e13-4df2-9305-53a70440e6d0 None admin] RBAC: Authorizing `identity:list_roles()` {{(pid=67942) enforce_call /opt/stack/keystone/keystone/common/rbac_enforcer/enforcer.py:494}}
May 26 14:24:54 ubuntu devstack@keystone.service[67942]: DEBUG keystone.common.rbac_enforcer.enforcer [None req-15806d86-6e13-4df2-9305-53a70440e6d0 None admin] RBAC: Authorization granted {{(pid=67942) enforce_call /opt/stack/keystone/keystone/common/rbac_enforcer/enforcer.py:505}}
May 26 14:24:54 ubuntu devstack@keystone.service[67942]: [pid: 67942|app: 0|req: 21/42] 10.120.125.137 () {58 vars in 1184 bytes} [Tue May 26 14:24:54 2026] GET /identity/v3/roles?name=service => generated 345 bytes in 68 msecs (HTTP/1.1 200) 5 headers in 177 bytes (1 switches on core 0)
May 26 14:24:54 ubuntu devstack@keystone.service[67943]: DEBUG keystone.server.flask.request_processing.middleware.auth_context [None req-5c63faf4-ab53-40f6-923f-8ad38d1a0adc None admin] RBAC: auth_context: {'token': <TokenModel (audit_id=SeaLoS9STBenAPh66DZtWA, audit_chain_id=['SeaLoS9STBenAPh66DZtWA']) at 0x70798e1f5d30>, 'domain_id': None, 'trust_id': None, 'trustor_id': None, 'trustee_id': None, 'domain_name': None, 'group_ids': [], 'user_id': '72dcb0c997c64ffbb719c085451e7075', 'user_domain_id': 'default', 'system_scope': 'all', 'project_id': None, 'project_domain_id': None, 'roles': ['admin', 'manager', 'member', 'reader'], 'is_admin_project': True, 'service_user_id': None, 'service_user_domain_id': None, 'service_project_id': None, 'service_project_domain_id': None, 'service_roles': []} {{(pid=67943) fill_context /opt/stack/keystone/keystone/server/flask/request_processing/middleware/auth_context.py:509}}
May 26 14:24:54 ubuntu devstack@keystone.service[67943]: DEBUG keystone.server.flask.request_processing.req_logging [None req-5c63faf4-ab53-40f6-923f-8ad38d1a0adc None admin] REQUEST_METHOD: `GET` {{(pid=67943) log_request_info /opt/stack/keystone/keystone/server/flask/request_processing/req_logging.py:26}}
May 26 14:24:54 ubuntu devstack@keystone.service[67943]: DEBUG keystone.server.flask.request_processing.req_logging [None req-5c63faf4-ab53-40f6-923f-8ad38d1a0adc None admin] SCRIPT_NAME: `/identity` {{(pid=67943) log_request_info /opt/stack/keystone/keystone/server/flask/request_processing/req_logging.py:27}}
May 26 14:24:54 ubuntu devstack@keystone.service[67943]: DEBUG keystone.server.flask.request_processing.req_logging [None req-5c63faf4-ab53-40f6-923f-8ad38d1a0adc None admin] PATH_INFO: `/v3/roles` {{(pid=67943) log_request_info /opt/stack/keystone/keystone/server/flask/request_processing/req_logging.py:28}}
May 26 14:24:54 ubuntu devstack@keystone.service[67943]: DEBUG keystone.common.rbac_enforcer.enforcer [None req-5c63faf4-ab53-40f6-923f-8ad38d1a0adc None admin] RBAC: Adding query filter params (name=admin) {{(pid=67943) _extract_filter_values /opt/stack/keystone/keystone/common/rbac_enforcer/enforcer.py:176}}
May 26 14:24:54 ubuntu devstack@keystone.service[67943]: DEBUG keystone.common.rbac_enforcer.enforcer [None req-5c63faf4-ab53-40f6-923f-8ad38d1a0adc None admin] RBAC: Authorizing `identity:list_roles()` {{(pid=67943) enforce_call /opt/stack/keystone/keystone/common/rbac_enforcer/enforcer.py:494}}
May 26 14:24:54 ubuntu devstack@keystone.service[67943]: DEBUG keystone.common.rbac_enforcer.enforcer [None req-5c63faf4-ab53-40f6-923f-8ad38d1a0adc None admin] RBAC: Authorization granted {{(pid=67943) enforce_call /opt/stack/keystone/keystone/common/rbac_enforcer/enforcer.py:505}}
May 26 14:24:54 ubuntu devstack@keystone.service[67943]: [pid: 67943|app: 0|req: 22/43] 10.120.125.137 () {58 vars in 1180 bytes} [Tue May 26 14:24:54 2026] GET /identity/v3/roles?name=admin => generated 341 bytes in 67 msecs (HTTP/1.1 200) 5 headers in 177 bytes (1 switches on core 0)
May 26 14:24:54 ubuntu devstack@keystone.service[67942]: DEBUG keystone.server.flask.request_processing.middleware.auth_context [None req-15806d86-6e13-4df2-9305-53a70440e6d0 None admin] Authenticating user token {{(pid=67942) process_request /opt/stack/data/venv/lib/python3.12/site-packages/keystonemiddleware/auth_token/__init__.py:406}}
May 26 14:24:54 ubuntu devstack@keystone.service[67943]: DEBUG keystone.server.flask.request_processing.middleware.auth_context [None req-5c63faf4-ab53-40f6-923f-8ad38d1a0adc None admin] Authenticating user token {{(pid=67943) process_request /opt/stack/data/venv/lib/python3.12/site-packages/keystonemiddleware/auth_token/__init__.py:406}}
May 26 14:24:54 ubuntu devstack@keystone.service[67942]: DEBUG keystone.server.flask.request_processing.middleware.auth_context [None req-15806d86-6e13-4df2-9305-53a70440e6d0 None admin] Validating token access rules against request {{(pid=67942) validate_allowed_request /opt/stack/data/venv/lib/python3.12/site-packages/keystonemiddleware/auth_token/__init__.py:544}}
May 26 14:24:54 ubuntu devstack@keystone.service[67942]: DEBUG keystone.server.flask.request_processing.middleware.auth_context [None req-2e01d344-e896-404b-8e03-125a31d14a17 None admin] RBAC: auth_context: {'token': <TokenModel (audit_id=SeaLoS9STBenAPh66DZtWA, audit_chain_id=['SeaLoS9STBenAPh66DZtWA']) at 0x70798e444260>, 'domain_id': None, 'trust_id': None, 'trustor_id': None, 'trustee_id': None, 'domain_name': None, 'group_ids': [], 'user_id': '72dcb0c997c64ffbb719c085451e7075', 'user_domain_id': 'default', 'system_scope': 'all', 'project_id': None, 'project_domain_id': None, 'roles': ['admin', 'manager', 'member', 'reader'], 'is_admin_project': True, 'service_user_id': None, 'service_user_domain_id': None, 'service_project_id': None, 'service_project_domain_id': None, 'service_roles': []} {{(pid=67942) fill_context /opt/stack/keystone/keystone/server/flask/request_processing/middleware/auth_context.py:509}}
May 26 14:24:54 ubuntu devstack@keystone.service[67942]: DEBUG keystone.server.flask.request_processing.req_logging [None req-2e01d344-e896-404b-8e03-125a31d14a17 None admin] REQUEST_METHOD: `GET` {{(pid=67942) log_request_info /opt/stack/keystone/keystone/server/flask/request_processing/req_logging.py:26}}
May 26 14:24:54 ubuntu devstack@keystone.service[67942]: DEBUG keystone.server.flask.request_processing.req_logging [None req-2e01d344-e896-404b-8e03-125a31d14a17 None admin] SCRIPT_NAME: `/identity` {{(pid=67942) log_request_info /opt/stack/keystone/keystone/server/flask/request_processing/req_logging.py:27}}
May 26 14:24:54 ubuntu devstack@keystone.service[67942]: DEBUG keystone.server.flask.request_processing.req_logging [None req-2e01d344-e896-404b-8e03-125a31d14a17 None admin] PATH_INFO: `/v3/users/72dcb0c997c64ffbb719c085451e7075` {{(pid=67942) log_request_info /opt/stack/keystone/keystone/server/flask/request_processing/req_logging.py:28}}
May 26 14:24:54 ubuntu devstack@keystone.service[67942]: DEBUG keystone.common.rbac_enforcer.enforcer [None req-2e01d344-e896-404b-8e03-125a31d14a17 None admin] RBAC: Authorizing `identity:get_user(user_id=72dcb0c997c64ffbb719c085451e7075)` {{(pid=67942) enforce_call /opt/stack/keystone/keystone/common/rbac_enforcer/enforcer.py:494}}
May 26 14:24:54 ubuntu devstack@keystone.service[67942]: DEBUG keystone.common.rbac_enforcer.enforcer [None req-2e01d344-e896-404b-8e03-125a31d14a17 None admin] RBAC: Authorization granted {{(pid=67942) enforce_call /opt/stack/keystone/keystone/common/rbac_enforcer/enforcer.py:505}}
May 26 14:24:54 ubuntu devstack@keystone.service[67942]: [pid: 67942|app: 0|req: 22/44] 10.120.125.137 () {58 vars in 1245 bytes} [Tue May 26 14:24:54 2026] GET /identity/v3/users/72dcb0c997c64ffbb719c085451e7075 => generated 248 bytes in 70 msecs (HTTP/1.1 200) 5 headers in 177 bytes (1 switches on core 0)
May 26 14:24:54 ubuntu devstack@keystone.service[67943]: DEBUG keystone.server.flask.request_processing.middleware.auth_context [None req-5c63faf4-ab53-40f6-923f-8ad38d1a0adc None admin] Validating token access rules against request {{(pid=67943) validate_allowed_request /opt/stack/data/venv/lib/python3.12/site-packages/keystonemiddleware/auth_token/__init__.py:544}}
May 26 14:24:54 ubuntu devstack@keystone.service[67942]: DEBUG keystone.server.flask.request_processing.middleware.auth_context [None req-2e01d344-e896-404b-8e03-125a31d14a17 None admin] Authenticating user token {{(pid=67942) process_request /opt/stack/data/venv/lib/python3.12/site-packages/keystonemiddleware/auth_token/__init__.py:406}}
May 26 14:24:54 ubuntu devstack@keystone.service[67943]: DEBUG keystone.server.flask.request_processing.middleware.auth_context [None req-8554b5e7-27f5-4f2d-8473-bf940f1f293c None admin] RBAC: auth_context: {'token': <TokenModel (audit_id=jCc_cnQgTbC6MStIcgAXZA, audit_chain_id=['jCc_cnQgTbC6MStIcgAXZA']) at 0x70798e532a80>, 'domain_id': None, 'trust_id': None, 'trustor_id': None, 'trustee_id': None, 'domain_name': None, 'group_ids': [], 'user_id': '72dcb0c997c64ffbb719c085451e7075', 'user_domain_id': 'default', 'system_scope': 'all', 'project_id': None, 'project_domain_id': None, 'roles': ['admin', 'manager', 'member', 'reader'], 'is_admin_project': True, 'service_user_id': None, 'service_user_domain_id': None, 'service_project_id': None, 'service_project_domain_id': None, 'service_roles': []} {{(pid=67943) fill_context /opt/stack/keystone/keystone/server/flask/request_processing/middleware/auth_context.py:509}}
May 26 14:24:54 ubuntu devstack@keystone.service[67943]: DEBUG keystone.server.flask.request_processing.req_logging [None req-8554b5e7-27f5-4f2d-8473-bf940f1f293c None admin] REQUEST_METHOD: `GET` {{(pid=67943) log_request_info /opt/stack/keystone/keystone/server/flask/request_processing/req_logging.py:26}}
May 26 14:24:54 ubuntu devstack@keystone.service[67943]: DEBUG keystone.server.flask.request_processing.req_logging [None req-8554b5e7-27f5-4f2d-8473-bf940f1f293c None admin] SCRIPT_NAME: `/identity` {{(pid=67943) log_request_info /opt/stack/keystone/keystone/server/flask/request_processing/req_logging.py:27}}
May 26 14:24:54 ubuntu devstack@keystone.service[67943]: DEBUG keystone.server.flask.request_processing.req_logging [None req-8554b5e7-27f5-4f2d-8473-bf940f1f293c None admin] PATH_INFO: `/v3/domains/default` {{(pid=67943) log_request_info /opt/stack/keystone/keystone/server/flask/request_processing/req_logging.py:28}}
May 26 14:24:54 ubuntu devstack@keystone.service[67943]: DEBUG keystone.common.rbac_enforcer.enforcer [None req-8554b5e7-27f5-4f2d-8473-bf940f1f293c None admin] RBAC: Authorizing `identity:get_domain(domain_id=default)` {{(pid=67943) enforce_call /opt/stack/keystone/keystone/common/rbac_enforcer/enforcer.py:494}}
May 26 14:24:54 ubuntu devstack@keystone.service[67943]: DEBUG keystone.common.rbac_enforcer.enforcer [None req-8554b5e7-27f5-4f2d-8473-bf940f1f293c None admin] RBAC: Authorization granted {{(pid=67943) enforce_call /opt/stack/keystone/keystone/common/rbac_enforcer/enforcer.py:505}}
May 26 14:24:54 ubuntu devstack@keystone.service[67943]: [pid: 67943|app: 0|req: 23/45] 10.120.125.137 () {58 vars in 1176 bytes} [Tue May 26 14:24:54 2026] GET /identity/v3/domains/default => generated 200 bytes in 106 msecs (HTTP/1.1 200) 5 headers in 177 bytes (1 switches on core 0)
May 26 14:24:54 ubuntu devstack@keystone.service[67942]: DEBUG keystone.server.flask.request_processing.middleware.auth_context [None req-2e01d344-e896-404b-8e03-125a31d14a17 None admin] Validating token access rules against request {{(pid=67942) validate_allowed_request /opt/stack/data/venv/lib/python3.12/site-packages/keystonemiddleware/auth_token/__init__.py:544}}
May 26 14:24:55 ubuntu devstack@keystone.service[67942]: DEBUG keystone.server.flask.request_processing.middleware.auth_context [None req-ffbadf41-4ed4-4375-9479-223704e416c3 None admin] RBAC: auth_context: {'token': <TokenModel (audit_id=SeaLoS9STBenAPh66DZtWA, audit_chain_id=['SeaLoS9STBenAPh66DZtWA']) at 0x70798e645c10>, 'domain_id': None, 'trust_id': None, 'trustor_id': None, 'trustee_id': None, 'domain_name': None, 'group_ids': [], 'user_id': '72dcb0c997c64ffbb719c085451e7075', 'user_domain_id': 'default', 'system_scope': 'all', 'project_id': None, 'project_domain_id': None, 'roles': ['admin', 'manager', 'member', 'reader'], 'is_admin_project': True, 'service_user_id': None, 'service_user_domain_id': None, 'service_project_id': None, 'service_project_domain_id': None, 'service_roles': []} {{(pid=67942) fill_context /opt/stack/keystone/keystone/server/flask/request_processing/middleware/auth_context.py:509}}
May 26 14:24:55 ubuntu devstack@keystone.service[67942]: DEBUG keystone.server.flask.request_processing.req_logging [None req-ffbadf41-4ed4-4375-9479-223704e416c3 None admin] REQUEST_METHOD: `GET` {{(pid=67942) log_request_info /opt/stack/keystone/keystone/server/flask/request_processing/req_logging.py:26}}
May 26 14:24:55 ubuntu devstack@keystone.service[67942]: DEBUG keystone.server.flask.request_processing.req_logging [None req-ffbadf41-4ed4-4375-9479-223704e416c3 None admin] SCRIPT_NAME: `/identity` {{(pid=67942) log_request_info /opt/stack/keystone/keystone/server/flask/request_processing/req_logging.py:27}}
May 26 14:24:55 ubuntu devstack@keystone.service[67942]: DEBUG keystone.server.flask.request_processing.req_logging [None req-ffbadf41-4ed4-4375-9479-223704e416c3 None admin] PATH_INFO: `/v3/domains/default` {{(pid=67942) log_request_info /opt/stack/keystone/keystone/server/flask/request_processing/req_logging.py:28}}
May 26 14:24:55 ubuntu devstack@keystone.service[67942]: DEBUG keystone.common.rbac_enforcer.enforcer [None req-ffbadf41-4ed4-4375-9479-223704e416c3 None admin] RBAC: Authorizing `identity:get_domain(domain_id=default)` {{(pid=67942) enforce_call /opt/stack/keystone/keystone/common/rbac_enforcer/enforcer.py:494}}
May 26 14:24:55 ubuntu devstack@keystone.service[67942]: DEBUG keystone.common.rbac_enforcer.enforcer [None req-ffbadf41-4ed4-4375-9479-223704e416c3 None admin] RBAC: Authorization granted {{(pid=67942) enforce_call /opt/stack/keystone/keystone/common/rbac_enforcer/enforcer.py:505}}
May 26 14:24:55 ubuntu devstack@keystone.service[67942]: [pid: 67942|app: 0|req: 23/46] 10.120.125.137 () {58 vars in 1176 bytes} [Tue May 26 14:24:54 2026] GET /identity/v3/domains/default => generated 200 bytes in 79 msecs (HTTP/1.1 200) 5 headers in 177 bytes (1 switches on core 0)
May 26 14:24:55 ubuntu devstack@keystone.service[67943]: DEBUG keystone.server.flask.request_processing.middleware.auth_context [None req-8554b5e7-27f5-4f2d-8473-bf940f1f293c None admin] Authenticating user token {{(pid=67943) process_request /opt/stack/data/venv/lib/python3.12/site-packages/keystonemiddleware/auth_token/__init__.py:406}}
May 26 14:24:55 ubuntu devstack@keystone.service[67942]: DEBUG keystone.server.flask.request_processing.middleware.auth_context [None req-ffbadf41-4ed4-4375-9479-223704e416c3 None admin] Authenticating user token {{(pid=67942) process_request /opt/stack/data/venv/lib/python3.12/site-packages/keystonemiddleware/auth_token/__init__.py:406}}
May 26 14:24:55 ubuntu devstack@keystone.service[67943]: DEBUG keystone.server.flask.request_processing.middleware.auth_context [None req-8554b5e7-27f5-4f2d-8473-bf940f1f293c None admin] Validating token access rules against request {{(pid=67943) validate_allowed_request /opt/stack/data/venv/lib/python3.12/site-packages/keystonemiddleware/auth_token/__init__.py:544}}
May 26 14:24:55 ubuntu devstack@keystone.service[67942]: DEBUG keystone.server.flask.request_processing.middleware.auth_context [None req-ffbadf41-4ed4-4375-9479-223704e416c3 None admin] Validating token access rules against request {{(pid=67942) validate_allowed_request /opt/stack/data/venv/lib/python3.12/site-packages/keystonemiddleware/auth_token/__init__.py:544}}
May 26 14:24:55 ubuntu devstack@keystone.service[67943]: DEBUG keystone.server.flask.request_processing.middleware.auth_context [None req-72a200bb-a9f4-4d1a-a119-1c9304946faf None admin] RBAC: auth_context: {'token': <TokenModel (audit_id=SeaLoS9STBenAPh66DZtWA, audit_chain_id=['SeaLoS9STBenAPh66DZtWA']) at 0x70798e1f5af0>, 'domain_id': None, 'trust_id': None, 'trustor_id': None, 'trustee_id': None, 'domain_name': None, 'group_ids': [], 'user_id': '72dcb0c997c64ffbb719c085451e7075', 'user_domain_id': 'default', 'system_scope': 'all', 'project_id': None, 'project_domain_id': None, 'roles': ['admin', 'manager', 'member', 'reader'], 'is_admin_project': True, 'service_user_id': None, 'service_user_domain_id': None, 'service_project_id': None, 'service_project_domain_id': None, 'service_roles': []} {{(pid=67943) fill_context /opt/stack/keystone/keystone/server/flask/request_processing/middleware/auth_context.py:509}}
May 26 14:24:55 ubuntu devstack@keystone.service[67943]: DEBUG keystone.server.flask.request_processing.req_logging [None req-72a200bb-a9f4-4d1a-a119-1c9304946faf None admin] REQUEST_METHOD: `GET` {{(pid=67943) log_request_info /opt/stack/keystone/keystone/server/flask/request_processing/req_logging.py:26}}
May 26 14:24:55 ubuntu devstack@keystone.service[67943]: DEBUG keystone.server.flask.request_processing.req_logging [None req-72a200bb-a9f4-4d1a-a119-1c9304946faf None admin] SCRIPT_NAME: `/identity` {{(pid=67943) log_request_info /opt/stack/keystone/keystone/server/flask/request_processing/req_logging.py:27}}
May 26 14:24:55 ubuntu devstack@keystone.service[67943]: DEBUG keystone.server.flask.request_processing.req_logging [None req-72a200bb-a9f4-4d1a-a119-1c9304946faf None admin] PATH_INFO: `/v3/role_assignments` {{(pid=67943) log_request_info /opt/stack/keystone/keystone/server/flask/request_processing/req_logging.py:28}}
May 26 14:24:55 ubuntu devstack@keystone.service[67943]: DEBUG keystone.common.rbac_enforcer.enforcer [None req-72a200bb-a9f4-4d1a-a119-1c9304946faf None admin] RBAC: Adding query filter params (role.id=63f523ff58f64fde9b97cc6d20c00a18, scope.domain.id=default, user.id=72dcb0c997c64ffbb719c085451e7075) {{(pid=67943) _extract_filter_values /opt/stack/keystone/keystone/common/rbac_enforcer/enforcer.py:176}}
May 26 14:24:55 ubuntu devstack@keystone.service[67943]: DEBUG keystone.common.rbac_enforcer.enforcer [None req-72a200bb-a9f4-4d1a-a119-1c9304946faf None admin] RBAC: Authorizing `identity:list_role_assignments()` {{(pid=67943) enforce_call /opt/stack/keystone/keystone/common/rbac_enforcer/enforcer.py:494}}
May 26 14:24:55 ubuntu devstack@keystone.service[67943]: DEBUG keystone.common.rbac_enforcer.enforcer [None req-72a200bb-a9f4-4d1a-a119-1c9304946faf None admin] RBAC: Authorization granted {{(pid=67943) enforce_call /opt/stack/keystone/keystone/common/rbac_enforcer/enforcer.py:505}}
May 26 14:24:55 ubuntu devstack@keystone.service[67943]: [pid: 67943|app: 0|req: 24/47] 10.120.125.137 () {58 vars in 1402 bytes} [Tue May 26 14:24:55 2026] GET /identity/v3/role_assignments?role.id=63f523ff58f64fde9b97cc6d20c00a18&scope.domain.id=default&user.id=72dcb0c997c64ffbb719c085451e7075 => generated 532 bytes in 89 msecs (HTTP/1.1 200) 5 headers in 177 bytes (1 switches on core 0)
May 26 14:24:55 ubuntu devstack@keystone.service[67942]: DEBUG keystone.server.flask.request_processing.middleware.auth_context [None req-b0bab78a-4085-46b8-8281-69778a5536ff None admin] RBAC: auth_context: {'token': <TokenModel (audit_id=jCc_cnQgTbC6MStIcgAXZA, audit_chain_id=['jCc_cnQgTbC6MStIcgAXZA']) at 0x70798e423aa0>, 'domain_id': None, 'trust_id': None, 'trustor_id': None, 'trustee_id': None, 'domain_name': None, 'group_ids': [], 'user_id': '72dcb0c997c64ffbb719c085451e7075', 'user_domain_id': 'default', 'system_scope': 'all', 'project_id': None, 'project_domain_id': None, 'roles': ['admin', 'manager', 'member', 'reader'], 'is_admin_project': True, 'service_user_id': None, 'service_user_domain_id': None, 'service_project_id': None, 'service_project_domain_id': None, 'service_roles': []} {{(pid=67942) fill_context /opt/stack/keystone/keystone/server/flask/request_processing/middleware/auth_context.py:509}}
May 26 14:24:55 ubuntu devstack@keystone.service[67942]: DEBUG keystone.server.flask.request_processing.req_logging [None req-b0bab78a-4085-46b8-8281-69778a5536ff None admin] REQUEST_METHOD: `POST` {{(pid=67942) log_request_info /opt/stack/keystone/keystone/server/flask/request_processing/req_logging.py:26}}
May 26 14:24:55 ubuntu devstack@keystone.service[67942]: DEBUG keystone.server.flask.request_processing.req_logging [None req-b0bab78a-4085-46b8-8281-69778a5536ff None admin] SCRIPT_NAME: `/identity` {{(pid=67942) log_request_info /opt/stack/keystone/keystone/server/flask/request_processing/req_logging.py:27}}
May 26 14:24:55 ubuntu devstack@keystone.service[67942]: DEBUG keystone.server.flask.request_processing.req_logging [None req-b0bab78a-4085-46b8-8281-69778a5536ff None admin] PATH_INFO: `/v3/projects` {{(pid=67942) log_request_info /opt/stack/keystone/keystone/server/flask/request_processing/req_logging.py:28}}
May 26 14:24:55 ubuntu devstack@keystone.service[67942]: DEBUG keystone.common.rbac_enforcer.enforcer [None req-b0bab78a-4085-46b8-8281-69778a5536ff None admin] RBAC: Authorizing `identity:create_project()` {{(pid=67942) enforce_call /opt/stack/keystone/keystone/common/rbac_enforcer/enforcer.py:494}}
May 26 14:24:55 ubuntu devstack@keystone.service[67942]: DEBUG keystone.common.rbac_enforcer.enforcer [None req-b0bab78a-4085-46b8-8281-69778a5536ff None admin] RBAC: Authorization granted {{(pid=67942) enforce_call /opt/stack/keystone/keystone/common/rbac_enforcer/enforcer.py:505}}
May 26 14:24:55 ubuntu devstack@keystone.service[67943]: DEBUG keystone.server.flask.request_processing.middleware.auth_context [None req-72a200bb-a9f4-4d1a-a119-1c9304946faf None admin] Authenticating user token {{(pid=67943) process_request /opt/stack/data/venv/lib/python3.12/site-packages/keystonemiddleware/auth_token/__init__.py:406}}
May 26 14:24:55 ubuntu devstack@keystone.service[67942]: [pid: 67942|app: 0|req: 24/48] 10.120.125.137 () {62 vars in 1207 bytes} [Tue May 26 14:24:55 2026] POST /identity/v3/projects => generated 313 bytes in 91 msecs (HTTP/1.1 201) 5 headers in 182 bytes (1 switches on core 0)
May 26 14:24:55 ubuntu devstack@keystone.service[67943]: DEBUG keystone.server.flask.request_processing.middleware.auth_context [None req-72a200bb-a9f4-4d1a-a119-1c9304946faf None admin] Validating token access rules against request {{(pid=67943) validate_allowed_request /opt/stack/data/venv/lib/python3.12/site-packages/keystonemiddleware/auth_token/__init__.py:544}}
