Jul 02 14:34:01 jammy-provider-cloud-0000007277 systemd[1]: Starting Devstack devstack@g-api.service...
Jul 02 14:34:01 jammy-provider-cloud-0000007277 devstack@g-api.service[103564]: [uWSGI] getting INI configuration from /etc/glance/glance-uwsgi.ini
Jul 02 14:34:01 jammy-provider-cloud-0000007277 devstack@g-api.service[103564]: *** Starting uWSGI 2.0.20-debian (64bit) on [Tue Jul  2 14:34:01 2024] ***
Jul 02 14:34:01 jammy-provider-cloud-0000007277 devstack@g-api.service[103564]: compiled with version: 11.2.0 on 21 March 2022 11:00:44
Jul 02 14:34:01 jammy-provider-cloud-0000007277 devstack@g-api.service[103564]: os: Linux-5.15.0-107-generic #117-Ubuntu SMP Fri Apr 26 12:26:49 UTC 2024
Jul 02 14:34:01 jammy-provider-cloud-0000007277 devstack@g-api.service[103564]: nodename: jammy-provider-cloud-0000007277
Jul 02 14:34:01 jammy-provider-cloud-0000007277 devstack@g-api.service[103564]: machine: x86_64
Jul 02 14:34:01 jammy-provider-cloud-0000007277 devstack@g-api.service[103564]: clock source: unix
Jul 02 14:34:01 jammy-provider-cloud-0000007277 devstack@g-api.service[103564]: pcre jit disabled
Jul 02 14:34:01 jammy-provider-cloud-0000007277 devstack@g-api.service[103564]: detected number of CPU cores: 4
Jul 02 14:34:01 jammy-provider-cloud-0000007277 devstack@g-api.service[103564]: current working directory: /
Jul 02 14:34:01 jammy-provider-cloud-0000007277 devstack@g-api.service[103564]: detected binary path: /usr/bin/uwsgi-core
Jul 02 14:34:01 jammy-provider-cloud-0000007277 devstack@g-api.service[103564]: your processes number limit is 31298
Jul 02 14:34:01 jammy-provider-cloud-0000007277 devstack@g-api.service[103564]: your memory page size is 4096 bytes
Jul 02 14:34:01 jammy-provider-cloud-0000007277 devstack@g-api.service[103564]: detected max file descriptor number: 2048
Jul 02 14:34:01 jammy-provider-cloud-0000007277 devstack@g-api.service[103564]: lock engine: pthread robust mutexes
Jul 02 14:34:01 jammy-provider-cloud-0000007277 devstack@g-api.service[103564]: thunder lock: enabled
Jul 02 14:34:01 jammy-provider-cloud-0000007277 devstack@g-api.service[103564]: uwsgi socket 0 bound to TCP address 127.0.0.1:60999 fd 4
Jul 02 14:34:01 jammy-provider-cloud-0000007277 devstack@g-api.service[103564]: Python version: 3.10.12 (main, Nov 20 2023, 15:14:05) [GCC 11.4.0]
Jul 02 14:34:01 jammy-provider-cloud-0000007277 devstack@g-api.service[103564]: PEP 405 virtualenv detected: /opt/stack/data/venv
Jul 02 14:34:01 jammy-provider-cloud-0000007277 devstack@g-api.service[103564]: Set PythonHome to /opt/stack/data/venv
Jul 02 14:34:01 jammy-provider-cloud-0000007277 devstack@g-api.service[103564]: Python main interpreter initialized at 0x556231f70e00
Jul 02 14:34:01 jammy-provider-cloud-0000007277 devstack@g-api.service[103564]: python threads support enabled
Jul 02 14:34:01 jammy-provider-cloud-0000007277 devstack@g-api.service[103564]: your server socket listen backlog is limited to 100 connections
Jul 02 14:34:01 jammy-provider-cloud-0000007277 devstack@g-api.service[103564]: your mercy for graceful operations on workers is 80 seconds
Jul 02 14:34:01 jammy-provider-cloud-0000007277 devstack@g-api.service[103564]: mapped 403077 bytes (393 KB) for 2 cores
Jul 02 14:34:01 jammy-provider-cloud-0000007277 devstack@g-api.service[103564]: *** Operational MODE: preforking ***
Jul 02 14:34:01 jammy-provider-cloud-0000007277 devstack@g-api.service[103564]: *** uWSGI is running in multiple interpreter mode ***
Jul 02 14:34:01 jammy-provider-cloud-0000007277 devstack@g-api.service[103564]: spawned uWSGI master process (pid: 103564)
Jul 02 14:34:01 jammy-provider-cloud-0000007277 systemd[1]: Started Devstack devstack@g-api.service.
Jul 02 14:34:01 jammy-provider-cloud-0000007277 devstack@g-api.service[103564]: spawned uWSGI worker 1 (pid: 103565, cores: 1)
Jul 02 14:34:01 jammy-provider-cloud-0000007277 devstack@g-api.service[103564]: spawned uWSGI worker 2 (pid: 103566, cores: 1)
Jul 02 14:34:01 jammy-provider-cloud-0000007277 devstack@g-api.service[103564]: running "unix_signal:15 gracefully_kill_them_all" (master-start)...
Jul 02 14:34:02 jammy-provider-cloud-0000007277 devstack@g-api.service[103566]: INFO glance.async_ [-] Threadpool model set to 'NativeThreadPoolModel'
Jul 02 14:34:02 jammy-provider-cloud-0000007277 devstack@g-api.service[103565]: INFO glance.async_ [-] Threadpool model set to 'NativeThreadPoolModel'
Jul 02 14:34:02 jammy-provider-cloud-0000007277 devstack@g-api.service[103566]: DEBUG oslo_concurrency.processutils [-] Running cmd (subprocess): grep -F node.session.scan /sbin/iscsiadm {{(pid=103566) execute /opt/stack/data/venv/lib/python3.10/site-packages/oslo_concurrency/processutils.py:390}}
Jul 02 14:34:02 jammy-provider-cloud-0000007277 devstack@g-api.service[103566]: DEBUG oslo_concurrency.processutils [-] CMD "grep -F node.session.scan /sbin/iscsiadm" returned: 0 in 0.016s {{(pid=103566) execute /opt/stack/data/venv/lib/python3.10/site-packages/oslo_concurrency/processutils.py:428}}
Jul 02 14:34:02 jammy-provider-cloud-0000007277 devstack@g-api.service[103566]: DEBUG glance_store.common.attachment_state_manager [-] Initialising _AttachmentStateManager {{(pid=103566) __init__ /opt/stack/data/venv/lib/python3.10/site-packages/glance_store/common/attachment_state_manager.py:86}}
Jul 02 14:34:02 jammy-provider-cloud-0000007277 devstack@g-api.service[103565]: DEBUG oslo_concurrency.processutils [-] Running cmd (subprocess): grep -F node.session.scan /sbin/iscsiadm {{(pid=103565) execute /opt/stack/data/venv/lib/python3.10/site-packages/oslo_concurrency/processutils.py:390}}
Jul 02 14:34:02 jammy-provider-cloud-0000007277 devstack@g-api.service[103565]: DEBUG oslo_concurrency.processutils [-] CMD "grep -F node.session.scan /sbin/iscsiadm" returned: 0 in 0.014s {{(pid=103565) execute /opt/stack/data/venv/lib/python3.10/site-packages/oslo_concurrency/processutils.py:428}}
Jul 02 14:34:02 jammy-provider-cloud-0000007277 devstack@g-api.service[103565]: DEBUG glance_store.common.attachment_state_manager [-] Initialising _AttachmentStateManager {{(pid=103565) __init__ /opt/stack/data/venv/lib/python3.10/site-packages/glance_store/common/attachment_state_manager.py:86}}
Jul 02 14:34:03 jammy-provider-cloud-0000007277 devstack@g-api.service[103566]: DEBUG glance_store.backend [-] Attempting to import store cinder {{(pid=103566) _load_store /opt/stack/data/venv/lib/python3.10/site-packages/glance_store/backend.py:216}}
Jul 02 14:34:03 jammy-provider-cloud-0000007277 devstack@g-api.service[103566]: DEBUG glance_store.backend [-] Attempting to import store file {{(pid=103566) _load_store /opt/stack/data/venv/lib/python3.10/site-packages/glance_store/backend.py:216}}
Jul 02 14:34:03 jammy-provider-cloud-0000007277 devstack@g-api.service[103566]: DEBUG glance_store.backend [-] Attempting to import store glance.store.cinder.Store {{(pid=103566) _load_store /opt/stack/data/venv/lib/python3.10/site-packages/glance_store/backend.py:216}}
Jul 02 14:34:03 jammy-provider-cloud-0000007277 devstack@g-api.service[103566]: DEBUG glance_store.backend [-] Attempting to import store glance.store.filesystem.Store {{(pid=103566) _load_store /opt/stack/data/venv/lib/python3.10/site-packages/glance_store/backend.py:216}}
Jul 02 14:34:03 jammy-provider-cloud-0000007277 devstack@g-api.service[103566]: DEBUG glance_store.backend [-] Attempting to import store glance.store.http.Store {{(pid=103566) _load_store /opt/stack/data/venv/lib/python3.10/site-packages/glance_store/backend.py:216}}
Jul 02 14:34:03 jammy-provider-cloud-0000007277 devstack@g-api.service[103566]: DEBUG glance_store.backend [-] Attempting to import store glance.store.rbd.Store {{(pid=103566) _load_store /opt/stack/data/venv/lib/python3.10/site-packages/glance_store/backend.py:216}}
Jul 02 14:34:03 jammy-provider-cloud-0000007277 devstack@g-api.service[103566]: DEBUG glance_store.backend [-] Attempting to import store glance.store.s3.Store {{(pid=103566) _load_store /opt/stack/data/venv/lib/python3.10/site-packages/glance_store/backend.py:216}}
Jul 02 14:34:03 jammy-provider-cloud-0000007277 devstack@g-api.service[103566]: DEBUG glance_store.backend [-] Attempting to import store glance.store.swift.Store {{(pid=103566) _load_store /opt/stack/data/venv/lib/python3.10/site-packages/glance_store/backend.py:216}}
Jul 02 14:34:03 jammy-provider-cloud-0000007277 devstack@g-api.service[103566]: DEBUG glance_store.backend [-] Attempting to import store glance.store.vmware_datastore.Store {{(pid=103566) _load_store /opt/stack/data/venv/lib/python3.10/site-packages/glance_store/backend.py:216}}
Jul 02 14:34:03 jammy-provider-cloud-0000007277 devstack@g-api.service[103566]: DEBUG glance_store.backend [-] Attempting to import store http {{(pid=103566) _load_store /opt/stack/data/venv/lib/python3.10/site-packages/glance_store/backend.py:216}}
Jul 02 14:34:03 jammy-provider-cloud-0000007277 devstack@g-api.service[103566]: DEBUG glance_store.backend [-] Attempting to import store no_conf {{(pid=103566) _load_store /opt/stack/data/venv/lib/python3.10/site-packages/glance_store/backend.py:216}}
Jul 02 14:34:03 jammy-provider-cloud-0000007277 devstack@g-api.service[103566]: DEBUG glance_store.backend [-] Attempting to import store rbd {{(pid=103566) _load_store /opt/stack/data/venv/lib/python3.10/site-packages/glance_store/backend.py:216}}
Jul 02 14:34:03 jammy-provider-cloud-0000007277 devstack@g-api.service[103566]: DEBUG glance_store.backend [-] Attempting to import store s3 {{(pid=103566) _load_store /opt/stack/data/venv/lib/python3.10/site-packages/glance_store/backend.py:216}}
Jul 02 14:34:03 jammy-provider-cloud-0000007277 devstack@g-api.service[103566]: DEBUG glance_store.backend [-] Attempting to import store swift {{(pid=103566) _load_store /opt/stack/data/venv/lib/python3.10/site-packages/glance_store/backend.py:216}}
Jul 02 14:34:03 jammy-provider-cloud-0000007277 devstack@g-api.service[103566]: DEBUG glance_store.backend [-] Attempting to import store vmware {{(pid=103566) _load_store /opt/stack/data/venv/lib/python3.10/site-packages/glance_store/backend.py:216}}
Jul 02 14:34:03 jammy-provider-cloud-0000007277 devstack@g-api.service[103566]: DEBUG glance_store.backend [-] Registering options for group glance_store {{(pid=103566) register_opts /opt/stack/data/venv/lib/python3.10/site-packages/glance_store/backend.py:145}}
Jul 02 14:34:03 jammy-provider-cloud-0000007277 devstack@g-api.service[103566]: DEBUG glance_store.backend [-] Registering options for group glance_store {{(pid=103566) register_opts /opt/stack/data/venv/lib/python3.10/site-packages/glance_store/backend.py:145}}
Jul 02 14:34:03 jammy-provider-cloud-0000007277 devstack@g-api.service[103566]: DEBUG glance_store.backend [-] Attempting to import store http {{(pid=103566) _load_store /opt/stack/data/venv/lib/python3.10/site-packages/glance_store/backend.py:216}}
Jul 02 14:34:03 jammy-provider-cloud-0000007277 devstack@g-api.service[103566]: DEBUG glance_store.capabilities [-] Store glance_store._drivers.http.Store doesn't support updating dynamic storage capabilities. Please overwrite 'update_capabilities' method of the store to implement updating logics if needed. {{(pid=103566) update_capabilities /opt/stack/data/venv/lib/python3.10/site-packages/glance_store/capabilities.py:91}}
Jul 02 14:34:03 jammy-provider-cloud-0000007277 devstack@g-api.service[103566]: DEBUG glance_store.backend [-] Registering store http with schemes ('http', 'https') {{(pid=103566) create_stores /opt/stack/data/venv/lib/python3.10/site-packages/glance_store/backend.py:262}}
Jul 02 14:34:03 jammy-provider-cloud-0000007277 devstack@g-api.service[103566]: DEBUG glance_store.driver [-] Late loading location class glance_store._drivers.http.StoreLocation {{(pid=103566) get_store_location_class /opt/stack/data/venv/lib/python3.10/site-packages/glance_store/driver.py:133}}
Jul 02 14:34:03 jammy-provider-cloud-0000007277 devstack@g-api.service[103566]: DEBUG glance_store.location [-] Registering scheme http with {'store': <glance_store._drivers.http.Store object at 0x7ffaed043550>, 'location_class': <class 'glance_store._drivers.http.StoreLocation'>, 'store_entry': 'http'} {{(pid=103566) register_scheme_map /opt/stack/data/venv/lib/python3.10/site-packages/glance_store/location.py:146}}
Jul 02 14:34:03 jammy-provider-cloud-0000007277 devstack@g-api.service[103566]: DEBUG glance_store.location [-] Registering scheme https with {'store': <glance_store._drivers.http.Store object at 0x7ffaed043550>, 'location_class': <class 'glance_store._drivers.http.StoreLocation'>, 'store_entry': 'http'} {{(pid=103566) register_scheme_map /opt/stack/data/venv/lib/python3.10/site-packages/glance_store/location.py:146}}
Jul 02 14:34:03 jammy-provider-cloud-0000007277 devstack@g-api.service[103566]: DEBUG glance_store.backend [-] Attempting to import store file {{(pid=103566) _load_store /opt/stack/data/venv/lib/python3.10/site-packages/glance_store/backend.py:216}}
Jul 02 14:34:03 jammy-provider-cloud-0000007277 devstack@g-api.service[103566]: DEBUG glance_store.capabilities [-] Store glance_store._drivers.filesystem.Store doesn't support updating dynamic storage capabilities. Please overwrite 'update_capabilities' method of the store to implement updating logics if needed. {{(pid=103566) update_capabilities /opt/stack/data/venv/lib/python3.10/site-packages/glance_store/capabilities.py:91}}
Jul 02 14:34:03 jammy-provider-cloud-0000007277 devstack@g-api.service[103566]: DEBUG glance_store.backend [-] Registering store file with schemes ('file', 'filesystem') {{(pid=103566) create_stores /opt/stack/data/venv/lib/python3.10/site-packages/glance_store/backend.py:262}}
Jul 02 14:34:03 jammy-provider-cloud-0000007277 devstack@g-api.service[103566]: DEBUG glance_store.driver [-] Late loading location class glance_store._drivers.filesystem.StoreLocation {{(pid=103566) get_store_location_class /opt/stack/data/venv/lib/python3.10/site-packages/glance_store/driver.py:133}}
Jul 02 14:34:03 jammy-provider-cloud-0000007277 devstack@g-api.service[103566]: DEBUG glance_store.location [-] Registering scheme file with {'store': <glance_store._drivers.filesystem.Store object at 0x7ffaed041db0>, 'location_class': <class 'glance_store._drivers.filesystem.StoreLocation'>, 'store_entry': 'file'} {{(pid=103566) register_scheme_map /opt/stack/data/venv/lib/python3.10/site-packages/glance_store/location.py:146}}
Jul 02 14:34:03 jammy-provider-cloud-0000007277 devstack@g-api.service[103566]: DEBUG glance_store.location [-] Registering scheme filesystem with {'store': <glance_store._drivers.filesystem.Store object at 0x7ffaed041db0>, 'location_class': <class 'glance_store._drivers.filesystem.StoreLocation'>, 'store_entry': 'file'} {{(pid=103566) register_scheme_map /opt/stack/data/venv/lib/python3.10/site-packages/glance_store/location.py:146}}
Jul 02 14:34:03 jammy-provider-cloud-0000007277 devstack@g-api.service[103566]: DEBUG glance.sqlite_migration [-] SQLite caching database not located, skipping migration {{(pid=103566) get_db_path /opt/stack/glance/glance/sqlite_migration.py:68}}
Jul 02 14:34:03 jammy-provider-cloud-0000007277 devstack@g-api.service[103566]: WARNING glance.common.wsgi_app [-] Import methods are enabled but staging directory /tmp/staging/ does not exist; Imports will fail!
Jul 02 14:34:03 jammy-provider-cloud-0000007277 devstack@g-api.service[103565]: DEBUG glance_store.backend [-] Attempting to import store cinder {{(pid=103565) _load_store /opt/stack/data/venv/lib/python3.10/site-packages/glance_store/backend.py:216}}
Jul 02 14:34:03 jammy-provider-cloud-0000007277 devstack@g-api.service[103565]: DEBUG glance_store.backend [-] Attempting to import store file {{(pid=103565) _load_store /opt/stack/data/venv/lib/python3.10/site-packages/glance_store/backend.py:216}}
Jul 02 14:34:03 jammy-provider-cloud-0000007277 devstack@g-api.service[103565]: DEBUG glance_store.backend [-] Attempting to import store glance.store.cinder.Store {{(pid=103565) _load_store /opt/stack/data/venv/lib/python3.10/site-packages/glance_store/backend.py:216}}
Jul 02 14:34:03 jammy-provider-cloud-0000007277 devstack@g-api.service[103565]: DEBUG glance_store.backend [-] Attempting to import store glance.store.filesystem.Store {{(pid=103565) _load_store /opt/stack/data/venv/lib/python3.10/site-packages/glance_store/backend.py:216}}
Jul 02 14:34:03 jammy-provider-cloud-0000007277 devstack@g-api.service[103565]: DEBUG glance_store.backend [-] Attempting to import store glance.store.http.Store {{(pid=103565) _load_store /opt/stack/data/venv/lib/python3.10/site-packages/glance_store/backend.py:216}}
Jul 02 14:34:03 jammy-provider-cloud-0000007277 devstack@g-api.service[103565]: DEBUG glance_store.backend [-] Attempting to import store glance.store.rbd.Store {{(pid=103565) _load_store /opt/stack/data/venv/lib/python3.10/site-packages/glance_store/backend.py:216}}
Jul 02 14:34:03 jammy-provider-cloud-0000007277 devstack@g-api.service[103565]: DEBUG glance_store.backend [-] Attempting to import store glance.store.s3.Store {{(pid=103565) _load_store /opt/stack/data/venv/lib/python3.10/site-packages/glance_store/backend.py:216}}
Jul 02 14:34:03 jammy-provider-cloud-0000007277 devstack@g-api.service[103565]: DEBUG glance_store.backend [-] Attempting to import store glance.store.swift.Store {{(pid=103565) _load_store /opt/stack/data/venv/lib/python3.10/site-packages/glance_store/backend.py:216}}
Jul 02 14:34:03 jammy-provider-cloud-0000007277 devstack@g-api.service[103565]: DEBUG glance_store.backend [-] Attempting to import store glance.store.vmware_datastore.Store {{(pid=103565) _load_store /opt/stack/data/venv/lib/python3.10/site-packages/glance_store/backend.py:216}}
Jul 02 14:34:03 jammy-provider-cloud-0000007277 devstack@g-api.service[103565]: DEBUG glance_store.backend [-] Attempting to import store http {{(pid=103565) _load_store /opt/stack/data/venv/lib/python3.10/site-packages/glance_store/backend.py:216}}
Jul 02 14:34:03 jammy-provider-cloud-0000007277 devstack@g-api.service[103565]: DEBUG glance_store.backend [-] Attempting to import store no_conf {{(pid=103565) _load_store /opt/stack/data/venv/lib/python3.10/site-packages/glance_store/backend.py:216}}
Jul 02 14:34:03 jammy-provider-cloud-0000007277 devstack@g-api.service[103565]: DEBUG glance_store.backend [-] Attempting to import store rbd {{(pid=103565) _load_store /opt/stack/data/venv/lib/python3.10/site-packages/glance_store/backend.py:216}}
Jul 02 14:34:03 jammy-provider-cloud-0000007277 devstack@g-api.service[103565]: DEBUG glance_store.backend [-] Attempting to import store s3 {{(pid=103565) _load_store /opt/stack/data/venv/lib/python3.10/site-packages/glance_store/backend.py:216}}
Jul 02 14:34:03 jammy-provider-cloud-0000007277 devstack@g-api.service[103565]: DEBUG glance_store.backend [-] Attempting to import store swift {{(pid=103565) _load_store /opt/stack/data/venv/lib/python3.10/site-packages/glance_store/backend.py:216}}
Jul 02 14:34:03 jammy-provider-cloud-0000007277 devstack@g-api.service[103565]: DEBUG glance_store.backend [-] Attempting to import store vmware {{(pid=103565) _load_store /opt/stack/data/venv/lib/python3.10/site-packages/glance_store/backend.py:216}}
Jul 02 14:34:03 jammy-provider-cloud-0000007277 devstack@g-api.service[103565]: DEBUG glance_store.backend [-] Registering options for group glance_store {{(pid=103565) register_opts /opt/stack/data/venv/lib/python3.10/site-packages/glance_store/backend.py:145}}
Jul 02 14:34:03 jammy-provider-cloud-0000007277 devstack@g-api.service[103565]: DEBUG glance_store.backend [-] Registering options for group glance_store {{(pid=103565) register_opts /opt/stack/data/venv/lib/python3.10/site-packages/glance_store/backend.py:145}}
Jul 02 14:34:03 jammy-provider-cloud-0000007277 devstack@g-api.service[103565]: DEBUG glance_store.backend [-] Attempting to import store http {{(pid=103565) _load_store /opt/stack/data/venv/lib/python3.10/site-packages/glance_store/backend.py:216}}
Jul 02 14:34:03 jammy-provider-cloud-0000007277 devstack@g-api.service[103565]: DEBUG glance_store.capabilities [-] Store glance_store._drivers.http.Store doesn't support updating dynamic storage capabilities. Please overwrite 'update_capabilities' method of the store to implement updating logics if needed. {{(pid=103565) update_capabilities /opt/stack/data/venv/lib/python3.10/site-packages/glance_store/capabilities.py:91}}
Jul 02 14:34:03 jammy-provider-cloud-0000007277 devstack@g-api.service[103565]: DEBUG glance_store.backend [-] Registering store http with schemes ('http', 'https') {{(pid=103565) create_stores /opt/stack/data/venv/lib/python3.10/site-packages/glance_store/backend.py:262}}
Jul 02 14:34:03 jammy-provider-cloud-0000007277 devstack@g-api.service[103565]: DEBUG glance_store.driver [-] Late loading location class glance_store._drivers.http.StoreLocation {{(pid=103565) get_store_location_class /opt/stack/data/venv/lib/python3.10/site-packages/glance_store/driver.py:133}}
Jul 02 14:34:03 jammy-provider-cloud-0000007277 devstack@g-api.service[103565]: DEBUG glance_store.location [-] Registering scheme http with {'store': <glance_store._drivers.http.Store object at 0x7ffaed04eda0>, 'location_class': <class 'glance_store._drivers.http.StoreLocation'>, 'store_entry': 'http'} {{(pid=103565) register_scheme_map /opt/stack/data/venv/lib/python3.10/site-packages/glance_store/location.py:146}}
Jul 02 14:34:03 jammy-provider-cloud-0000007277 devstack@g-api.service[103565]: DEBUG glance_store.location [-] Registering scheme https with {'store': <glance_store._drivers.http.Store object at 0x7ffaed04eda0>, 'location_class': <class 'glance_store._drivers.http.StoreLocation'>, 'store_entry': 'http'} {{(pid=103565) register_scheme_map /opt/stack/data/venv/lib/python3.10/site-packages/glance_store/location.py:146}}
Jul 02 14:34:03 jammy-provider-cloud-0000007277 devstack@g-api.service[103565]: DEBUG glance_store.backend [-] Attempting to import store file {{(pid=103565) _load_store /opt/stack/data/venv/lib/python3.10/site-packages/glance_store/backend.py:216}}
Jul 02 14:34:03 jammy-provider-cloud-0000007277 devstack@g-api.service[103565]: DEBUG glance_store.capabilities [-] Store glance_store._drivers.filesystem.Store doesn't support updating dynamic storage capabilities. Please overwrite 'update_capabilities' method of the store to implement updating logics if needed. {{(pid=103565) update_capabilities /opt/stack/data/venv/lib/python3.10/site-packages/glance_store/capabilities.py:91}}
Jul 02 14:34:03 jammy-provider-cloud-0000007277 devstack@g-api.service[103565]: DEBUG glance_store.backend [-] Registering store file with schemes ('file', 'filesystem') {{(pid=103565) create_stores /opt/stack/data/venv/lib/python3.10/site-packages/glance_store/backend.py:262}}
Jul 02 14:34:03 jammy-provider-cloud-0000007277 devstack@g-api.service[103565]: DEBUG glance_store.driver [-] Late loading location class glance_store._drivers.filesystem.StoreLocation {{(pid=103565) get_store_location_class /opt/stack/data/venv/lib/python3.10/site-packages/glance_store/driver.py:133}}
Jul 02 14:34:03 jammy-provider-cloud-0000007277 devstack@g-api.service[103565]: DEBUG glance_store.location [-] Registering scheme file with {'store': <glance_store._drivers.filesystem.Store object at 0x7ffaed04f460>, 'location_class': <class 'glance_store._drivers.filesystem.StoreLocation'>, 'store_entry': 'file'} {{(pid=103565) register_scheme_map /opt/stack/data/venv/lib/python3.10/site-packages/glance_store/location.py:146}}
Jul 02 14:34:03 jammy-provider-cloud-0000007277 devstack@g-api.service[103565]: DEBUG glance_store.location [-] Registering scheme filesystem with {'store': <glance_store._drivers.filesystem.Store object at 0x7ffaed04f460>, 'location_class': <class 'glance_store._drivers.filesystem.StoreLocation'>, 'store_entry': 'file'} {{(pid=103565) register_scheme_map /opt/stack/data/venv/lib/python3.10/site-packages/glance_store/location.py:146}}
Jul 02 14:34:03 jammy-provider-cloud-0000007277 devstack@g-api.service[103565]: DEBUG glance.sqlite_migration [-] SQLite caching database not located, skipping migration {{(pid=103565) get_db_path /opt/stack/glance/glance/sqlite_migration.py:68}}
Jul 02 14:34:03 jammy-provider-cloud-0000007277 devstack@g-api.service[103565]: WARNING glance.common.wsgi_app [-] Import methods are enabled but staging directory /tmp/staging/ does not exist; Imports will fail!
Jul 02 14:34:03 jammy-provider-cloud-0000007277 devstack@g-api.service[103566]: DEBUG glance.common.config [None req-b8928101-9264-49f2-84f6-12e696fdb738 None None] Loading glance-api-keystone+cachemanagement from /etc/glance/glance-api-paste.ini {{(pid=103566) load_paste_app /opt/stack/glance/glance/common/config.py:700}}
Jul 02 14:34:03 jammy-provider-cloud-0000007277 devstack@g-api.service[103565]: DEBUG glance.common.config [None req-cd81704f-d041-473e-a289-69a2b6bb392f None None] Loading glance-api-keystone+cachemanagement from /etc/glance/glance-api-paste.ini {{(pid=103565) load_paste_app /opt/stack/glance/glance/common/config.py:700}}
Jul 02 14:34:03 jammy-provider-cloud-0000007277 devstack@g-api.service[103565]: INFO glance.image_cache [None req-cd81704f-d041-473e-a289-69a2b6bb392f None None] Image cache loaded driver 'centralized_db'.
Jul 02 14:34:03 jammy-provider-cloud-0000007277 devstack@g-api.service[103566]: INFO glance.image_cache [None req-b8928101-9264-49f2-84f6-12e696fdb738 None None] Image cache loaded driver 'centralized_db'.
Jul 02 14:34:03 jammy-provider-cloud-0000007277 devstack@g-api.service[103565]: INFO dbcounter [None req-cd81704f-d041-473e-a289-69a2b6bb392f None None] Registered counter for database glance
Jul 02 14:34:03 jammy-provider-cloud-0000007277 devstack@g-api.service[103566]: INFO dbcounter [None req-b8928101-9264-49f2-84f6-12e696fdb738 None None] Registered counter for database glance
Jul 02 14:34:03 jammy-provider-cloud-0000007277 devstack@g-api.service[103566]: DEBUG oslo_db.sqlalchemy.engines [None req-b8928101-9264-49f2-84f6-12e696fdb738 None None] MySQL server mode set to STRICT_TRANS_TABLES,STRICT_ALL_TABLES,NO_ZERO_IN_DATE,NO_ZERO_DATE,ERROR_FOR_DIVISION_BY_ZERO,TRADITIONAL,NO_ENGINE_SUBSTITUTION {{(pid=103566) _check_effective_sql_mode /opt/stack/data/venv/lib/python3.10/site-packages/oslo_db/sqlalchemy/engines.py:342}}
Jul 02 14:34:03 jammy-provider-cloud-0000007277 devstack@g-api.service[103565]: DEBUG oslo_db.sqlalchemy.engines [None req-cd81704f-d041-473e-a289-69a2b6bb392f None None] MySQL server mode set to STRICT_TRANS_TABLES,STRICT_ALL_TABLES,NO_ZERO_IN_DATE,NO_ZERO_DATE,ERROR_FOR_DIVISION_BY_ZERO,TRADITIONAL,NO_ENGINE_SUBSTITUTION {{(pid=103565) _check_effective_sql_mode /opt/stack/data/venv/lib/python3.10/site-packages/oslo_db/sqlalchemy/engines.py:342}}
Jul 02 14:34:03 jammy-provider-cloud-0000007277 devstack@g-api.service[103566]: DEBUG dbcounter [-] [103566] Writer thread running {{(pid=103566) stat_writer /opt/stack/data/venv/lib/python3.10/site-packages/dbcounter.py:102}}
Jul 02 14:34:03 jammy-provider-cloud-0000007277 devstack@g-api.service[103565]: DEBUG dbcounter [-] [103565] Writer thread running {{(pid=103565) stat_writer /opt/stack/data/venv/lib/python3.10/site-packages/dbcounter.py:102}}
Jul 02 14:34:03 jammy-provider-cloud-0000007277 devstack@g-api.service[103565]: DEBUG glance.image_cache.drivers.centralized_db [None req-cd81704f-d041-473e-a289-69a2b6bb392f None None] Node reference is already recorded, ignoring it {{(pid=103565) configure /opt/stack/glance/glance/image_cache/drivers/centralized_db.py:71}}
Jul 02 14:34:03 jammy-provider-cloud-0000007277 devstack@g-api.service[103566]: INFO glance.image_cache [None req-b8928101-9264-49f2-84f6-12e696fdb738 None None] Image cache loaded driver 'centralized_db'.
Jul 02 14:34:03 jammy-provider-cloud-0000007277 devstack@g-api.service[103565]: INFO glance.image_cache [None req-cd81704f-d041-473e-a289-69a2b6bb392f None None] Image cache loaded driver 'centralized_db'.
Jul 02 14:34:03 jammy-provider-cloud-0000007277 devstack@g-api.service[103566]: DEBUG glance.image_cache.drivers.centralized_db [None req-b8928101-9264-49f2-84f6-12e696fdb738 None None] Node reference is already recorded, ignoring it {{(pid=103566) configure /opt/stack/glance/glance/image_cache/drivers/centralized_db.py:71}}
Jul 02 14:34:03 jammy-provider-cloud-0000007277 devstack@g-api.service[103565]: DEBUG glance.image_cache.drivers.centralized_db [None req-cd81704f-d041-473e-a289-69a2b6bb392f None None] Node reference is already recorded, ignoring it {{(pid=103565) configure /opt/stack/glance/glance/image_cache/drivers/centralized_db.py:71}}
Jul 02 14:34:03 jammy-provider-cloud-0000007277 devstack@g-api.service[103566]: DEBUG glance.api.v2.cached_images [None req-b8928101-9264-49f2-84f6-12e696fdb738 None None] Started cache worker thread {{(pid=103566) __init__ /opt/stack/glance/glance/api/v2/cached_images.py:69}}
Jul 02 14:34:03 jammy-provider-cloud-0000007277 devstack@g-api.service[103566]: INFO glance.image_cache [None req-b8928101-9264-49f2-84f6-12e696fdb738 None None] Image cache loaded driver 'centralized_db'.
Jul 02 14:34:03 jammy-provider-cloud-0000007277 devstack@g-api.service[103565]: DEBUG glance.api.v2.cached_images [None req-cd81704f-d041-473e-a289-69a2b6bb392f None None] Started cache worker thread {{(pid=103565) __init__ /opt/stack/glance/glance/api/v2/cached_images.py:69}}
Jul 02 14:34:03 jammy-provider-cloud-0000007277 devstack@g-api.service[103565]: INFO glance.image_cache [None req-cd81704f-d041-473e-a289-69a2b6bb392f None None] Image cache loaded driver 'centralized_db'.
Jul 02 14:34:03 jammy-provider-cloud-0000007277 devstack@g-api.service[103566]: DEBUG glance.image_cache.drivers.centralized_db [None req-b8928101-9264-49f2-84f6-12e696fdb738 None None] Node reference is already recorded, ignoring it {{(pid=103566) configure /opt/stack/glance/glance/image_cache/drivers/centralized_db.py:71}}
Jul 02 14:34:03 jammy-provider-cloud-0000007277 devstack@g-api.service[103565]: DEBUG glance.image_cache.drivers.centralized_db [None req-cd81704f-d041-473e-a289-69a2b6bb392f None None] Node reference is already recorded, ignoring it {{(pid=103565) configure /opt/stack/glance/glance/image_cache/drivers/centralized_db.py:71}}
Jul 02 14:34:03 jammy-provider-cloud-0000007277 devstack@g-api.service[103566]: INFO glance.api.middleware.cache_manage [None req-b8928101-9264-49f2-84f6-12e696fdb738 None None] Initialized image cache management middleware
Jul 02 14:34:03 jammy-provider-cloud-0000007277 devstack@g-api.service[103566]: INFO glance.image_cache [None req-b8928101-9264-49f2-84f6-12e696fdb738 None None] Image cache loaded driver 'centralized_db'.
Jul 02 14:34:03 jammy-provider-cloud-0000007277 devstack@g-api.service[103565]: INFO glance.api.middleware.cache_manage [None req-cd81704f-d041-473e-a289-69a2b6bb392f None None] Initialized image cache management middleware
Jul 02 14:34:03 jammy-provider-cloud-0000007277 devstack@g-api.service[103565]: INFO glance.image_cache [None req-cd81704f-d041-473e-a289-69a2b6bb392f None None] Image cache loaded driver 'centralized_db'.
Jul 02 14:34:03 jammy-provider-cloud-0000007277 devstack@g-api.service[103566]: DEBUG glance.image_cache.drivers.centralized_db [None req-b8928101-9264-49f2-84f6-12e696fdb738 None None] Node reference is already recorded, ignoring it {{(pid=103566) configure /opt/stack/glance/glance/image_cache/drivers/centralized_db.py:71}}
Jul 02 14:34:03 jammy-provider-cloud-0000007277 devstack@g-api.service[103565]: DEBUG glance.image_cache.drivers.centralized_db [None req-cd81704f-d041-473e-a289-69a2b6bb392f None None] Node reference is already recorded, ignoring it {{(pid=103565) configure /opt/stack/glance/glance/image_cache/drivers/centralized_db.py:71}}
Jul 02 14:34:03 jammy-provider-cloud-0000007277 devstack@g-api.service[103566]: INFO glance.api.middleware.cache [None req-b8928101-9264-49f2-84f6-12e696fdb738 None None] Initialized image cache middleware
Jul 02 14:34:03 jammy-provider-cloud-0000007277 devstack@g-api.service[103565]: INFO glance.api.middleware.cache [None req-cd81704f-d041-473e-a289-69a2b6bb392f None None] Initialized image cache middleware
Jul 02 14:34:03 jammy-provider-cloud-0000007277 devstack@g-api.service[103566]: WARNING keystonemiddleware.auth_token [None req-b8928101-9264-49f2-84f6-12e696fdb738 None None] AuthToken middleware is set with keystone_authtoken.service_token_roles_required set to False. This is backwards compatible but deprecated behaviour. Please set this to True.
Jul 02 14:34:03 jammy-provider-cloud-0000007277 devstack@g-api.service[103565]: WARNING keystonemiddleware.auth_token [None req-cd81704f-d041-473e-a289-69a2b6bb392f None None] AuthToken middleware is set with keystone_authtoken.service_token_roles_required set to False. This is backwards compatible but deprecated behaviour. Please set this to True.
Jul 02 14:34:03 jammy-provider-cloud-0000007277 devstack@g-api.service[103566]: WARNING keystonemiddleware.auth_token [None req-b8928101-9264-49f2-84f6-12e696fdb738 None None] Configuring www_authenticate_uri to point to the public identity endpoint is required; clients may not be able to authenticate against an admin endpoint
Jul 02 14:34:03 jammy-provider-cloud-0000007277 devstack@g-api.service[103565]: WARNING keystonemiddleware.auth_token [None req-cd81704f-d041-473e-a289-69a2b6bb392f None None] Configuring www_authenticate_uri to point to the public identity endpoint is required; clients may not be able to authenticate against an admin endpoint
Jul 02 14:34:03 jammy-provider-cloud-0000007277 devstack@g-api.service[103566]: DEBUG glance.common.config [None req-b8928101-9264-49f2-84f6-12e696fdb738 None None] ******************************************************************************** {{(pid=103566) log_opt_values /opt/stack/data/venv/lib/python3.10/site-packages/oslo_config/cfg.py:2600}}
Jul 02 14:34:03 jammy-provider-cloud-0000007277 devstack@g-api.service[103566]: DEBUG glance.common.config [None req-b8928101-9264-49f2-84f6-12e696fdb738 None None] Configuration options gathered from: {{(pid=103566) log_opt_values /opt/stack/data/venv/lib/python3.10/site-packages/oslo_config/cfg.py:2601}}
Jul 02 14:34:03 jammy-provider-cloud-0000007277 devstack@g-api.service[103566]: DEBUG glance.common.config [None req-b8928101-9264-49f2-84f6-12e696fdb738 None None] command line args: [] {{(pid=103566) log_opt_values /opt/stack/data/venv/lib/python3.10/site-packages/oslo_config/cfg.py:2602}}
Jul 02 14:34:03 jammy-provider-cloud-0000007277 devstack@g-api.service[103566]: DEBUG glance.common.config [None req-b8928101-9264-49f2-84f6-12e696fdb738 None None] config files: ['/etc/glance/glance-image-import.conf', '/etc/glance/glance-api.conf'] {{(pid=103566) log_opt_values /opt/stack/data/venv/lib/python3.10/site-packages/oslo_config/cfg.py:2603}}
Jul 02 14:34:03 jammy-provider-cloud-0000007277 devstack@g-api.service[103566]: DEBUG glance.common.config [None req-b8928101-9264-49f2-84f6-12e696fdb738 None None] ================================================================================ {{(pid=103566) log_opt_values /opt/stack/data/venv/lib/python3.10/site-packages/oslo_config/cfg.py:2605}}
Jul 02 14:34:03 jammy-provider-cloud-0000007277 devstack@g-api.service[103566]: DEBUG glance.common.config [None req-b8928101-9264-49f2-84f6-12e696fdb738 None None] allow_anonymous_access         = False {{(pid=103566) log_opt_values /opt/stack/data/venv/lib/python3.10/site-packages/oslo_config/cfg.py:2613}}
Jul 02 14:34:03 jammy-provider-cloud-0000007277 devstack@g-api.service[103566]: DEBUG glance.common.config [None req-b8928101-9264-49f2-84f6-12e696fdb738 None None] api_limit_max                  = 1000 {{(pid=103566) log_opt_values /opt/stack/data/venv/lib/python3.10/site-packages/oslo_config/cfg.py:2613}}
Jul 02 14:34:03 jammy-provider-cloud-0000007277 devstack@g-api.service[103566]: DEBUG glance.common.config [None req-b8928101-9264-49f2-84f6-12e696fdb738 None None] backlog                        = 4096 {{(pid=103566) log_opt_values /opt/stack/data/venv/lib/python3.10/site-packages/oslo_config/cfg.py:2613}}
Jul 02 14:34:03 jammy-provider-cloud-0000007277 devstack@g-api.service[103566]: DEBUG glance.common.config [None req-b8928101-9264-49f2-84f6-12e696fdb738 None None] bind_host                      = 0.0.0.0 {{(pid=103566) log_opt_values /opt/stack/data/venv/lib/python3.10/site-packages/oslo_config/cfg.py:2613}}
Jul 02 14:34:03 jammy-provider-cloud-0000007277 devstack@g-api.service[103566]: DEBUG glance.common.config [None req-b8928101-9264-49f2-84f6-12e696fdb738 None None] bind_port                      = None {{(pid=103566) log_opt_values /opt/stack/data/venv/lib/python3.10/site-packages/oslo_config/cfg.py:2613}}
Jul 02 14:34:03 jammy-provider-cloud-0000007277 devstack@g-api.service[103566]: DEBUG glance.common.config [None req-b8928101-9264-49f2-84f6-12e696fdb738 None None] client_socket_timeout          = 900 {{(pid=103566) log_opt_values /opt/stack/data/venv/lib/python3.10/site-packages/oslo_config/cfg.py:2613}}
Jul 02 14:34:03 jammy-provider-cloud-0000007277 devstack@g-api.service[103566]: DEBUG glance.common.config [None req-b8928101-9264-49f2-84f6-12e696fdb738 None None] config_dir                     = [] {{(pid=103566) log_opt_values /opt/stack/data/venv/lib/python3.10/site-packages/oslo_config/cfg.py:2613}}
Jul 02 14:34:03 jammy-provider-cloud-0000007277 devstack@g-api.service[103566]: DEBUG glance.common.config [None req-b8928101-9264-49f2-84f6-12e696fdb738 None None] config_file                    = ['/etc/glance/glance-image-import.conf', '/etc/glance/glance-api.conf'] {{(pid=103566) log_opt_values /opt/stack/data/venv/lib/python3.10/site-packages/oslo_config/cfg.py:2613}}
Jul 02 14:34:03 jammy-provider-cloud-0000007277 devstack@g-api.service[103566]: DEBUG glance.common.config [None req-b8928101-9264-49f2-84f6-12e696fdb738 None None] config_source                  = [] {{(pid=103566) log_opt_values /opt/stack/data/venv/lib/python3.10/site-packages/oslo_config/cfg.py:2613}}
Jul 02 14:34:03 jammy-provider-cloud-0000007277 devstack@g-api.service[103566]: DEBUG glance.common.config [None req-b8928101-9264-49f2-84f6-12e696fdb738 None None] control_exchange               = glance {{(pid=103566) log_opt_values /opt/stack/data/venv/lib/python3.10/site-packages/oslo_config/cfg.py:2613}}
Jul 02 14:34:03 jammy-provider-cloud-0000007277 devstack@g-api.service[103566]: DEBUG glance.common.config [None req-b8928101-9264-49f2-84f6-12e696fdb738 None None] debug                          = True {{(pid=103566) log_opt_values /opt/stack/data/venv/lib/python3.10/site-packages/oslo_config/cfg.py:2613}}
Jul 02 14:34:03 jammy-provider-cloud-0000007277 devstack@g-api.service[103566]: DEBUG glance.common.config [None req-b8928101-9264-49f2-84f6-12e696fdb738 None None] default_log_levels             = ['amqp=WARN', 'amqplib=WARN', 'boto=WARN', 'qpid=WARN', 'sqlalchemy=WARN', 'suds=INFO', 'oslo.messaging=INFO', 'oslo_messaging=INFO', 'iso8601=WARN', 'requests.packages.urllib3.connectionpool=WARN', 'urllib3.connectionpool=WARN', 'websocket=WARN', 'requests.packages.urllib3.util.retry=WARN', 'urllib3.util.retry=WARN', 'keystonemiddleware=WARN', 'routes.middleware=WARN', 'stevedore=WARN', 'taskflow=WARN', 'keystoneauth=WARN', 'oslo.cache=INFO', 'oslo_policy=INFO', 'dogpile.core.dogpile=INFO'] {{(pid=103566) log_opt_values /opt/stack/data/venv/lib/python3.10/site-packages/oslo_config/cfg.py:2613}}
Jul 02 14:34:03 jammy-provider-cloud-0000007277 devstack@g-api.service[103566]: DEBUG glance.common.config [None req-b8928101-9264-49f2-84f6-12e696fdb738 None None] default_publisher_id           = image.localhost {{(pid=103566) log_opt_values /opt/stack/data/venv/lib/python3.10/site-packages/oslo_config/cfg.py:2613}}
Jul 02 14:34:03 jammy-provider-cloud-0000007277 devstack@g-api.service[103566]: DEBUG glance.common.config [None req-b8928101-9264-49f2-84f6-12e696fdb738 None None] delayed_delete                 = False {{(pid=103566) log_opt_values /opt/stack/data/venv/lib/python3.10/site-packages/oslo_config/cfg.py:2613}}
Jul 02 14:34:03 jammy-provider-cloud-0000007277 devstack@g-api.service[103566]: DEBUG glance.common.config [None req-b8928101-9264-49f2-84f6-12e696fdb738 None None] digest_algorithm               = sha256 {{(pid=103566) log_opt_values /opt/stack/data/venv/lib/python3.10/site-packages/oslo_config/cfg.py:2613}}
Jul 02 14:34:03 jammy-provider-cloud-0000007277 devstack@g-api.service[103566]: DEBUG glance.common.config [None req-b8928101-9264-49f2-84f6-12e696fdb738 None None] disabled_notifications         = [] {{(pid=103566) log_opt_values /opt/stack/data/venv/lib/python3.10/site-packages/oslo_config/cfg.py:2613}}
Jul 02 14:34:03 jammy-provider-cloud-0000007277 devstack@g-api.service[103566]: DEBUG glance.common.config [None req-b8928101-9264-49f2-84f6-12e696fdb738 None None] enabled_backends               = None {{(pid=103566) log_opt_values /opt/stack/data/venv/lib/python3.10/site-packages/oslo_config/cfg.py:2613}}
Jul 02 14:34:03 jammy-provider-cloud-0000007277 devstack@g-api.service[103566]: DEBUG glance.common.config [None req-b8928101-9264-49f2-84f6-12e696fdb738 None None] enabled_import_methods         = ['glance-direct', 'web-download', 'copy-image'] {{(pid=103566) log_opt_values /opt/stack/data/venv/lib/python3.10/site-packages/oslo_config/cfg.py:2613}}
Jul 02 14:34:03 jammy-provider-cloud-0000007277 devstack@g-api.service[103566]: DEBUG glance.common.config [None req-b8928101-9264-49f2-84f6-12e696fdb738 None None] hashing_algorithm              = sha512 {{(pid=103566) log_opt_values /opt/stack/data/venv/lib/python3.10/site-packages/oslo_config/cfg.py:2613}}
Jul 02 14:34:03 jammy-provider-cloud-0000007277 devstack@g-api.service[103566]: DEBUG glance.common.config [None req-b8928101-9264-49f2-84f6-12e696fdb738 None None] http_keepalive                 = True {{(pid=103566) log_opt_values /opt/stack/data/venv/lib/python3.10/site-packages/oslo_config/cfg.py:2613}}
Jul 02 14:34:03 jammy-provider-cloud-0000007277 devstack@g-api.service[103566]: DEBUG glance.common.config [None req-b8928101-9264-49f2-84f6-12e696fdb738 None None] image_cache_dir                = /opt/stack/data/glance/cache/ {{(pid=103566) log_opt_values /opt/stack/data/venv/lib/python3.10/site-packages/oslo_config/cfg.py:2613}}
Jul 02 14:34:03 jammy-provider-cloud-0000007277 devstack@g-api.service[103566]: DEBUG glance.common.config [None req-b8928101-9264-49f2-84f6-12e696fdb738 None None] image_cache_driver             = centralized_db {{(pid=103566) log_opt_values /opt/stack/data/venv/lib/python3.10/site-packages/oslo_config/cfg.py:2613}}
Jul 02 14:34:03 jammy-provider-cloud-0000007277 devstack@g-api.service[103566]: DEBUG glance.common.config [None req-b8928101-9264-49f2-84f6-12e696fdb738 None None] image_cache_max_size           = 10737418240 {{(pid=103566) log_opt_values /opt/stack/data/venv/lib/python3.10/site-packages/oslo_config/cfg.py:2613}}
Jul 02 14:34:03 jammy-provider-cloud-0000007277 devstack@g-api.service[103566]: DEBUG glance.common.config [None req-b8928101-9264-49f2-84f6-12e696fdb738 None None] image_cache_sqlite_db          = cache.db {{(pid=103566) log_opt_values /opt/stack/data/venv/lib/python3.10/site-packages/oslo_config/cfg.py:2613}}
Jul 02 14:34:03 jammy-provider-cloud-0000007277 devstack@g-api.service[103566]: DEBUG glance.common.config [None req-b8928101-9264-49f2-84f6-12e696fdb738 None None] image_cache_stall_time         = 86400 {{(pid=103566) log_opt_values /opt/stack/data/venv/lib/python3.10/site-packages/oslo_config/cfg.py:2613}}
Jul 02 14:34:03 jammy-provider-cloud-0000007277 devstack@g-api.service[103566]: DEBUG glance.common.config [None req-b8928101-9264-49f2-84f6-12e696fdb738 None None] image_location_quota           = 10 {{(pid=103566) log_opt_values /opt/stack/data/venv/lib/python3.10/site-packages/oslo_config/cfg.py:2613}}
Jul 02 14:34:03 jammy-provider-cloud-0000007277 devstack@g-api.service[103566]: DEBUG glance.common.config [None req-b8928101-9264-49f2-84f6-12e696fdb738 None None] image_member_quota             = 128 {{(pid=103566) log_opt_values /opt/stack/data/venv/lib/python3.10/site-packages/oslo_config/cfg.py:2613}}
Jul 02 14:34:03 jammy-provider-cloud-0000007277 devstack@g-api.service[103566]: DEBUG glance.common.config [None req-b8928101-9264-49f2-84f6-12e696fdb738 None None] image_property_quota           = 128 {{(pid=103566) log_opt_values /opt/stack/data/venv/lib/python3.10/site-packages/oslo_config/cfg.py:2613}}
Jul 02 14:34:03 jammy-provider-cloud-0000007277 devstack@g-api.service[103566]: DEBUG glance.common.config [None req-b8928101-9264-49f2-84f6-12e696fdb738 None None] image_size_cap                 = 1099511627776 {{(pid=103566) log_opt_values /opt/stack/data/venv/lib/python3.10/site-packages/oslo_config/cfg.py:2613}}
Jul 02 14:34:03 jammy-provider-cloud-0000007277 devstack@g-api.service[103566]: DEBUG glance.common.config [None req-b8928101-9264-49f2-84f6-12e696fdb738 None None] image_tag_quota                = 128 {{(pid=103566) log_opt_values /opt/stack/data/venv/lib/python3.10/site-packages/oslo_config/cfg.py:2613}}
Jul 02 14:34:03 jammy-provider-cloud-0000007277 devstack@g-api.service[103566]: DEBUG glance.common.config [None req-b8928101-9264-49f2-84f6-12e696fdb738 None None] instance_format                = [instance: %(uuid)s]  {{(pid=103566) log_opt_values /opt/stack/data/venv/lib/python3.10/site-packages/oslo_config/cfg.py:2613}}
Jul 02 14:34:03 jammy-provider-cloud-0000007277 devstack@g-api.service[103566]: DEBUG glance.common.config [None req-b8928101-9264-49f2-84f6-12e696fdb738 None None] instance_uuid_format           = [instance: %(uuid)s]  {{(pid=103566) log_opt_values /opt/stack/data/venv/lib/python3.10/site-packages/oslo_config/cfg.py:2613}}
Jul 02 14:34:03 jammy-provider-cloud-0000007277 devstack@g-api.service[103566]: DEBUG glance.common.config [None req-b8928101-9264-49f2-84f6-12e696fdb738 None None] limit_param_default            = 25 {{(pid=103566) log_opt_values /opt/stack/data/venv/lib/python3.10/site-packages/oslo_config/cfg.py:2613}}
Jul 02 14:34:03 jammy-provider-cloud-0000007277 devstack@g-api.service[103566]: DEBUG glance.common.config [None req-b8928101-9264-49f2-84f6-12e696fdb738 None None] location_strategy              = location_order {{(pid=103566) log_opt_values /opt/stack/data/venv/lib/python3.10/site-packages/oslo_config/cfg.py:2613}}
Jul 02 14:34:03 jammy-provider-cloud-0000007277 devstack@g-api.service[103566]: DEBUG glance.common.config [None req-b8928101-9264-49f2-84f6-12e696fdb738 None None] log_config_append              = None {{(pid=103566) log_opt_values /opt/stack/data/venv/lib/python3.10/site-packages/oslo_config/cfg.py:2613}}
Jul 02 14:34:03 jammy-provider-cloud-0000007277 devstack@g-api.service[103566]: DEBUG glance.common.config [None req-b8928101-9264-49f2-84f6-12e696fdb738 None None] log_date_format                = %Y-%m-%d %H:%M:%S {{(pid=103566) log_opt_values /opt/stack/data/venv/lib/python3.10/site-packages/oslo_config/cfg.py:2613}}
Jul 02 14:34:03 jammy-provider-cloud-0000007277 devstack@g-api.service[103566]: DEBUG glance.common.config [None req-b8928101-9264-49f2-84f6-12e696fdb738 None None] log_dir                        = None {{(pid=103566) log_opt_values /opt/stack/data/venv/lib/python3.10/site-packages/oslo_config/cfg.py:2613}}
Jul 02 14:34:03 jammy-provider-cloud-0000007277 devstack@g-api.service[103566]: DEBUG glance.common.config [None req-b8928101-9264-49f2-84f6-12e696fdb738 None None] log_file                       = None {{(pid=103566) log_opt_values /opt/stack/data/venv/lib/python3.10/site-packages/oslo_config/cfg.py:2613}}
Jul 02 14:34:03 jammy-provider-cloud-0000007277 devstack@g-api.service[103566]: DEBUG glance.common.config [None req-b8928101-9264-49f2-84f6-12e696fdb738 None None] log_rotate_interval            = 1 {{(pid=103566) log_opt_values /opt/stack/data/venv/lib/python3.10/site-packages/oslo_config/cfg.py:2613}}
Jul 02 14:34:03 jammy-provider-cloud-0000007277 devstack@g-api.service[103566]: DEBUG glance.common.config [None req-b8928101-9264-49f2-84f6-12e696fdb738 None None] log_rotate_interval_type       = days {{(pid=103566) log_opt_values /opt/stack/data/venv/lib/python3.10/site-packages/oslo_config/cfg.py:2613}}
Jul 02 14:34:03 jammy-provider-cloud-0000007277 devstack@g-api.service[103566]: DEBUG glance.common.config [None req-b8928101-9264-49f2-84f6-12e696fdb738 None None] log_rotation_type              = none {{(pid=103566) log_opt_values /opt/stack/data/venv/lib/python3.10/site-packages/oslo_config/cfg.py:2613}}
Jul 02 14:34:03 jammy-provider-cloud-0000007277 devstack@g-api.service[103566]: DEBUG glance.common.config [None req-b8928101-9264-49f2-84f6-12e696fdb738 None None] logging_context_format_string  = %(color)s%(levelname)s %(name)s [%(global_request_id)s %(request_id)s %(project_name)s %(user_name)s%(color)s] %(instance)s%(color)s%(message)s {{(pid=103566) log_opt_values /opt/stack/data/venv/lib/python3.10/site-packages/oslo_config/cfg.py:2613}}
Jul 02 14:34:03 jammy-provider-cloud-0000007277 devstack@g-api.service[103566]: DEBUG glance.common.config [None req-b8928101-9264-49f2-84f6-12e696fdb738 None None] logging_debug_format_suffix    = {{(pid=%(process)d) %(funcName)s %(pathname)s:%(lineno)d}} {{(pid=103566) log_opt_values /opt/stack/data/venv/lib/python3.10/site-packages/oslo_config/cfg.py:2613}}
Jul 02 14:34:03 jammy-provider-cloud-0000007277 devstack@g-api.service[103566]: DEBUG glance.common.config [None req-b8928101-9264-49f2-84f6-12e696fdb738 None None] logging_default_format_string  = %(color)s%(levelname)s %(name)s [-%(color)s] %(instance)s%(color)s%(message)s {{(pid=103566) log_opt_values /opt/stack/data/venv/lib/python3.10/site-packages/oslo_config/cfg.py:2613}}
