Dec 06 03:45:09 jammy-provider-cloud-0000007778 devstack@c-api.service[100943]: DEBUG cinder.api.extensions [-] Ext alias: cgsnapshots {{(pid=100943) _check_extension /opt/stack/cinder/cinder/api/extensions.py:180}}
Dec 06 03:45:09 jammy-provider-cloud-0000007778 devstack@c-api.service[100944]: DEBUG cinder.api.extensions [-] Ext updated: 2013-08-02T00:00:00+00:00 {{(pid=100944) _check_extension /opt/stack/cinder/cinder/api/extensions.py:183}}
Dec 06 03:45:09 jammy-provider-cloud-0000007778 devstack@c-api.service[100943]: DEBUG cinder.api.extensions [-] Ext description: cgsnapshots support. {{(pid=100943) _check_extension /opt/stack/cinder/cinder/api/extensions.py:181}}
Dec 06 03:45:09 jammy-provider-cloud-0000007778 devstack@c-api.service[100944]: DEBUG cinder.api.extensions [-] Loaded extension: qos-specs {{(pid=100944) register /opt/stack/cinder/cinder/api/extensions.py:140}}
Dec 06 03:45:09 jammy-provider-cloud-0000007778 devstack@c-api.service[100943]: DEBUG cinder.api.extensions [-] Ext updated: 2014-08-18T00:00:00+00:00 {{(pid=100943) _check_extension /opt/stack/cinder/cinder/api/extensions.py:183}}
Dec 06 03:45:09 jammy-provider-cloud-0000007778 devstack@c-api.service[100944]: DEBUG cinder.api.extensions [-] Loading extension cinder.api.contrib.types_extra_specs.Types_extra_specs {{(pid=100944) load_extension /opt/stack/cinder/cinder/api/extensions.py:199}}
Dec 06 03:45:09 jammy-provider-cloud-0000007778 devstack@c-api.service[100943]: DEBUG cinder.api.extensions [-] Loaded extension: cgsnapshots {{(pid=100943) register /opt/stack/cinder/cinder/api/extensions.py:140}}
Dec 06 03:45:09 jammy-provider-cloud-0000007778 devstack@c-api.service[100944]: DEBUG cinder.api.extensions [-] Calling extension factory cinder.api.contrib.types_extra_specs.Types_extra_specs {{(pid=100944) load_extension /opt/stack/cinder/cinder/api/extensions.py:205}}
Dec 06 03:45:09 jammy-provider-cloud-0000007778 devstack@c-api.service[100943]: DEBUG cinder.api.extensions [-] Loading extension cinder.api.contrib.scheduler_stats.Scheduler_stats {{(pid=100943) load_extension /opt/stack/cinder/cinder/api/extensions.py:199}}
Dec 06 03:45:09 jammy-provider-cloud-0000007778 devstack@c-api.service[100944]: DEBUG cinder.api.extensions [-] Ext name: TypesExtraSpecs {{(pid=100944) _check_extension /opt/stack/cinder/cinder/api/extensions.py:179}}
Dec 06 03:45:09 jammy-provider-cloud-0000007778 devstack@c-api.service[100943]: DEBUG cinder.api.extensions [-] Calling extension factory cinder.api.contrib.scheduler_stats.Scheduler_stats {{(pid=100943) load_extension /opt/stack/cinder/cinder/api/extensions.py:205}}
Dec 06 03:45:09 jammy-provider-cloud-0000007778 devstack@c-api.service[100944]: DEBUG cinder.api.extensions [-] Ext alias: os-types-extra-specs {{(pid=100944) _check_extension /opt/stack/cinder/cinder/api/extensions.py:180}}
Dec 06 03:45:09 jammy-provider-cloud-0000007778 devstack@c-api.service[100943]: DEBUG cinder.api.extensions [-] Ext name: Scheduler_stats {{(pid=100943) _check_extension /opt/stack/cinder/cinder/api/extensions.py:179}}
Dec 06 03:45:09 jammy-provider-cloud-0000007778 devstack@c-api.service[100944]: DEBUG cinder.api.extensions [-] Ext description: Type extra specs support. {{(pid=100944) _check_extension /opt/stack/cinder/cinder/api/extensions.py:181}}
Dec 06 03:45:09 jammy-provider-cloud-0000007778 devstack@c-api.service[100943]: DEBUG cinder.api.extensions [-] Ext alias: scheduler-stats {{(pid=100943) _check_extension /opt/stack/cinder/cinder/api/extensions.py:180}}
Dec 06 03:45:09 jammy-provider-cloud-0000007778 devstack@c-api.service[100944]: DEBUG cinder.api.extensions [-] Ext updated: 2011-08-24T00:00:00+00:00 {{(pid=100944) _check_extension /opt/stack/cinder/cinder/api/extensions.py:183}}
Dec 06 03:45:09 jammy-provider-cloud-0000007778 devstack@c-api.service[100943]: DEBUG cinder.api.extensions [-] Ext description: Scheduler stats support. {{(pid=100943) _check_extension /opt/stack/cinder/cinder/api/extensions.py:181}}
Dec 06 03:45:09 jammy-provider-cloud-0000007778 devstack@c-api.service[100944]: DEBUG cinder.api.extensions [-] Loaded extension: os-types-extra-specs {{(pid=100944) register /opt/stack/cinder/cinder/api/extensions.py:140}}
Dec 06 03:45:09 jammy-provider-cloud-0000007778 devstack@c-api.service[100943]: DEBUG cinder.api.extensions [-] Ext updated: 2014-09-07T00:00:00+00:00 {{(pid=100943) _check_extension /opt/stack/cinder/cinder/api/extensions.py:183}}
Dec 06 03:45:09 jammy-provider-cloud-0000007778 devstack@c-api.service[100943]: DEBUG cinder.api.extensions [-] Loaded extension: scheduler-stats {{(pid=100943) register /opt/stack/cinder/cinder/api/extensions.py:140}}
Dec 06 03:45:09 jammy-provider-cloud-0000007778 devstack@c-api.service[100944]: DEBUG cinder.api.extensions [-] Loading extension cinder.api.contrib.volume_actions.Volume_actions {{(pid=100944) load_extension /opt/stack/cinder/cinder/api/extensions.py:199}}
Dec 06 03:45:09 jammy-provider-cloud-0000007778 devstack@c-api.service[100944]: DEBUG cinder.api.extensions [-] Calling extension factory cinder.api.contrib.volume_actions.Volume_actions {{(pid=100944) load_extension /opt/stack/cinder/cinder/api/extensions.py:205}}
Dec 06 03:45:09 jammy-provider-cloud-0000007778 devstack@c-api.service[100944]: DEBUG cinder.api.extensions [-] Ext name: VolumeActions {{(pid=100944) _check_extension /opt/stack/cinder/cinder/api/extensions.py:179}}
Dec 06 03:45:09 jammy-provider-cloud-0000007778 devstack@c-api.service[100944]: DEBUG cinder.api.extensions [-] Ext alias: os-volume-actions {{(pid=100944) _check_extension /opt/stack/cinder/cinder/api/extensions.py:180}}
Dec 06 03:45:09 jammy-provider-cloud-0000007778 devstack@c-api.service[100944]: DEBUG cinder.api.extensions [-] Ext description: Enable volume actions. {{(pid=100944) _check_extension /opt/stack/cinder/cinder/api/extensions.py:181}}
Dec 06 03:45:09 jammy-provider-cloud-0000007778 devstack@c-api.service[100944]: DEBUG cinder.api.extensions [-] Ext updated: 2012-05-31T00:00:00+00:00 {{(pid=100944) _check_extension /opt/stack/cinder/cinder/api/extensions.py:183}}
Dec 06 03:45:09 jammy-provider-cloud-0000007778 devstack@c-api.service[100944]: DEBUG cinder.api.extensions [-] Loaded extension: os-volume-actions {{(pid=100944) register /opt/stack/cinder/cinder/api/extensions.py:140}}
Dec 06 03:45:09 jammy-provider-cloud-0000007778 devstack@c-api.service[100944]: DEBUG cinder.api.extensions [-] Loading extension cinder.api.contrib.snapshot_actions.Snapshot_actions {{(pid=100944) load_extension /opt/stack/cinder/cinder/api/extensions.py:199}}
Dec 06 03:45:09 jammy-provider-cloud-0000007778 devstack@c-api.service[100944]: DEBUG cinder.api.extensions [-] Calling extension factory cinder.api.contrib.snapshot_actions.Snapshot_actions {{(pid=100944) load_extension /opt/stack/cinder/cinder/api/extensions.py:205}}
Dec 06 03:45:09 jammy-provider-cloud-0000007778 devstack@c-api.service[100944]: DEBUG cinder.api.extensions [-] Ext name: SnapshotActions {{(pid=100944) _check_extension /opt/stack/cinder/cinder/api/extensions.py:179}}
Dec 06 03:45:09 jammy-provider-cloud-0000007778 devstack@c-api.service[100944]: DEBUG cinder.api.extensions [-] Ext alias: os-snapshot-actions {{(pid=100944) _check_extension /opt/stack/cinder/cinder/api/extensions.py:180}}
Dec 06 03:45:09 jammy-provider-cloud-0000007778 devstack@c-api.service[100944]: DEBUG cinder.api.extensions [-] Ext description: Enable snapshot manager actions. {{(pid=100944) _check_extension /opt/stack/cinder/cinder/api/extensions.py:181}}
Dec 06 03:45:09 jammy-provider-cloud-0000007778 devstack@c-api.service[100944]: DEBUG cinder.api.extensions [-] Ext updated: 2013-07-16T00:00:00+00:00 {{(pid=100944) _check_extension /opt/stack/cinder/cinder/api/extensions.py:183}}
Dec 06 03:45:09 jammy-provider-cloud-0000007778 devstack@c-api.service[100944]: DEBUG cinder.api.extensions [-] Loaded extension: os-snapshot-actions {{(pid=100944) register /opt/stack/cinder/cinder/api/extensions.py:140}}
Dec 06 03:45:09 jammy-provider-cloud-0000007778 devstack@c-api.service[100944]: DEBUG cinder.api.extensions [-] Loading extension cinder.api.contrib.admin_actions.Admin_actions {{(pid=100944) load_extension /opt/stack/cinder/cinder/api/extensions.py:199}}
Dec 06 03:45:09 jammy-provider-cloud-0000007778 devstack@c-api.service[100944]: DEBUG cinder.api.extensions [-] Calling extension factory cinder.api.contrib.admin_actions.Admin_actions {{(pid=100944) load_extension /opt/stack/cinder/cinder/api/extensions.py:205}}
Dec 06 03:45:09 jammy-provider-cloud-0000007778 devstack@c-api.service[100944]: DEBUG cinder.api.extensions [-] Ext name: AdminActions {{(pid=100944) _check_extension /opt/stack/cinder/cinder/api/extensions.py:179}}
Dec 06 03:45:09 jammy-provider-cloud-0000007778 devstack@c-api.service[100944]: DEBUG cinder.api.extensions [-] Ext alias: os-admin-actions {{(pid=100944) _check_extension /opt/stack/cinder/cinder/api/extensions.py:180}}
Dec 06 03:45:09 jammy-provider-cloud-0000007778 devstack@c-api.service[100944]: DEBUG cinder.api.extensions [-] Ext description: Enable admin actions. {{(pid=100944) _check_extension /opt/stack/cinder/cinder/api/extensions.py:181}}
Dec 06 03:45:09 jammy-provider-cloud-0000007778 devstack@c-api.service[100944]: DEBUG cinder.api.extensions [-] Ext updated: 2012-08-25T00:00:00+00:00 {{(pid=100944) _check_extension /opt/stack/cinder/cinder/api/extensions.py:183}}
Dec 06 03:45:09 jammy-provider-cloud-0000007778 devstack@c-api.service[100944]: DEBUG cinder.api.extensions [-] Loaded extension: os-admin-actions {{(pid=100944) register /opt/stack/cinder/cinder/api/extensions.py:140}}
Dec 06 03:45:09 jammy-provider-cloud-0000007778 devstack@c-api.service[100944]: DEBUG cinder.api.extensions [-] Loading extension cinder.api.contrib.availability_zones.Availability_zones {{(pid=100944) load_extension /opt/stack/cinder/cinder/api/extensions.py:199}}
Dec 06 03:45:09 jammy-provider-cloud-0000007778 devstack@c-api.service[100944]: DEBUG cinder.api.extensions [-] Calling extension factory cinder.api.contrib.availability_zones.Availability_zones {{(pid=100944) load_extension /opt/stack/cinder/cinder/api/extensions.py:205}}
Dec 06 03:45:09 jammy-provider-cloud-0000007778 devstack@c-api.service[100944]: DEBUG cinder.api.extensions [-] Ext name: AvailabilityZones {{(pid=100944) _check_extension /opt/stack/cinder/cinder/api/extensions.py:179}}
Dec 06 03:45:09 jammy-provider-cloud-0000007778 devstack@c-api.service[100944]: DEBUG cinder.api.extensions [-] Ext alias: os-availability-zone {{(pid=100944) _check_extension /opt/stack/cinder/cinder/api/extensions.py:180}}
Dec 06 03:45:09 jammy-provider-cloud-0000007778 devstack@c-api.service[100944]: DEBUG cinder.api.extensions [-] Ext description: Describe Availability Zones. {{(pid=100944) _check_extension /opt/stack/cinder/cinder/api/extensions.py:181}}
Dec 06 03:45:09 jammy-provider-cloud-0000007778 devstack@c-api.service[100944]: DEBUG cinder.api.extensions [-] Ext updated: 2013-06-27T00:00:00+00:00 {{(pid=100944) _check_extension /opt/stack/cinder/cinder/api/extensions.py:183}}
Dec 06 03:45:09 jammy-provider-cloud-0000007778 devstack@c-api.service[100944]: DEBUG cinder.api.extensions [-] Loaded extension: os-availability-zone {{(pid=100944) register /opt/stack/cinder/cinder/api/extensions.py:140}}
Dec 06 03:45:09 jammy-provider-cloud-0000007778 devstack@c-api.service[100944]: DEBUG cinder.api.extensions [-] Loading extension cinder.api.contrib.scheduler_hints.Scheduler_hints {{(pid=100944) load_extension /opt/stack/cinder/cinder/api/extensions.py:199}}
Dec 06 03:45:09 jammy-provider-cloud-0000007778 devstack@c-api.service[100944]: DEBUG cinder.api.extensions [-] Calling extension factory cinder.api.contrib.scheduler_hints.Scheduler_hints {{(pid=100944) load_extension /opt/stack/cinder/cinder/api/extensions.py:205}}
Dec 06 03:45:09 jammy-provider-cloud-0000007778 devstack@c-api.service[100944]: DEBUG cinder.api.extensions [-] Ext name: SchedulerHints {{(pid=100944) _check_extension /opt/stack/cinder/cinder/api/extensions.py:179}}
Dec 06 03:45:09 jammy-provider-cloud-0000007778 devstack@c-api.service[100944]: DEBUG cinder.api.extensions [-] Ext alias: OS-SCH-HNT {{(pid=100944) _check_extension /opt/stack/cinder/cinder/api/extensions.py:180}}
Dec 06 03:45:09 jammy-provider-cloud-0000007778 devstack@c-api.service[100944]: DEBUG cinder.api.extensions [-] Ext description: Pass arbitrary key/value pairs to the scheduler. {{(pid=100944) _check_extension /opt/stack/cinder/cinder/api/extensions.py:181}}
Dec 06 03:45:09 jammy-provider-cloud-0000007778 devstack@c-api.service[100944]: DEBUG cinder.api.extensions [-] Ext updated: 2013-04-18T00:00:00+00:00 {{(pid=100944) _check_extension /opt/stack/cinder/cinder/api/extensions.py:183}}
Dec 06 03:45:09 jammy-provider-cloud-0000007778 devstack@c-api.service[100944]: DEBUG cinder.api.extensions [-] Loaded extension: OS-SCH-HNT {{(pid=100944) register /opt/stack/cinder/cinder/api/extensions.py:140}}
Dec 06 03:45:09 jammy-provider-cloud-0000007778 devstack@c-api.service[100944]: DEBUG cinder.api.extensions [-] Loading extension cinder.api.contrib.quota_classes.Quota_classes {{(pid=100944) load_extension /opt/stack/cinder/cinder/api/extensions.py:199}}
Dec 06 03:45:09 jammy-provider-cloud-0000007778 devstack@c-api.service[100944]: DEBUG cinder.api.extensions [-] Calling extension factory cinder.api.contrib.quota_classes.Quota_classes {{(pid=100944) load_extension /opt/stack/cinder/cinder/api/extensions.py:205}}
Dec 06 03:45:09 jammy-provider-cloud-0000007778 devstack@c-api.service[100944]: DEBUG cinder.api.extensions [-] Ext name: QuotaClasses {{(pid=100944) _check_extension /opt/stack/cinder/cinder/api/extensions.py:179}}
Dec 06 03:45:09 jammy-provider-cloud-0000007778 devstack@c-api.service[100944]: DEBUG cinder.api.extensions [-] Ext alias: os-quota-class-sets {{(pid=100944) _check_extension /opt/stack/cinder/cinder/api/extensions.py:180}}
Dec 06 03:45:09 jammy-provider-cloud-0000007778 devstack@c-api.service[100944]: DEBUG cinder.api.extensions [-] Ext description: Quota classes management support. {{(pid=100944) _check_extension /opt/stack/cinder/cinder/api/extensions.py:181}}
Dec 06 03:45:09 jammy-provider-cloud-0000007778 devstack@c-api.service[100944]: DEBUG cinder.api.extensions [-] Ext updated: 2012-03-12T00:00:00+00:00 {{(pid=100944) _check_extension /opt/stack/cinder/cinder/api/extensions.py:183}}
Dec 06 03:45:09 jammy-provider-cloud-0000007778 devstack@c-api.service[100944]: DEBUG cinder.api.extensions [-] Loaded extension: os-quota-class-sets {{(pid=100944) register /opt/stack/cinder/cinder/api/extensions.py:140}}
Dec 06 03:45:09 jammy-provider-cloud-0000007778 devstack@c-api.service[100944]: DEBUG cinder.api.extensions [-] Loading extension cinder.api.contrib.backups.Backups {{(pid=100944) load_extension /opt/stack/cinder/cinder/api/extensions.py:199}}
Dec 06 03:45:09 jammy-provider-cloud-0000007778 devstack@c-api.service[100944]: DEBUG cinder.api.extensions [-] Calling extension factory cinder.api.contrib.backups.Backups {{(pid=100944) load_extension /opt/stack/cinder/cinder/api/extensions.py:205}}
Dec 06 03:45:09 jammy-provider-cloud-0000007778 devstack@c-api.service[100944]: DEBUG cinder.api.extensions [-] Ext name: Backups {{(pid=100944) _check_extension /opt/stack/cinder/cinder/api/extensions.py:179}}
Dec 06 03:45:09 jammy-provider-cloud-0000007778 devstack@c-api.service[100944]: DEBUG cinder.api.extensions [-] Ext alias: backups {{(pid=100944) _check_extension /opt/stack/cinder/cinder/api/extensions.py:180}}
Dec 06 03:45:09 jammy-provider-cloud-0000007778 devstack@c-api.service[100944]: DEBUG cinder.api.extensions [-] Ext description: Backups support. {{(pid=100944) _check_extension /opt/stack/cinder/cinder/api/extensions.py:181}}
Dec 06 03:45:09 jammy-provider-cloud-0000007778 devstack@c-api.service[100944]: DEBUG cinder.api.extensions [-] Ext updated: 2012-12-12T00:00:00+00:00 {{(pid=100944) _check_extension /opt/stack/cinder/cinder/api/extensions.py:183}}
Dec 06 03:45:09 jammy-provider-cloud-0000007778 devstack@c-api.service[100944]: DEBUG cinder.api.extensions [-] Loaded extension: backups {{(pid=100944) register /opt/stack/cinder/cinder/api/extensions.py:140}}
Dec 06 03:45:09 jammy-provider-cloud-0000007778 devstack@c-api.service[100944]: DEBUG cinder.api.extensions [-] Loading extension cinder.api.contrib.volume_type_encryption.Volume_type_encryption {{(pid=100944) load_extension /opt/stack/cinder/cinder/api/extensions.py:199}}
Dec 06 03:45:09 jammy-provider-cloud-0000007778 devstack@c-api.service[100944]: DEBUG cinder.api.extensions [-] Calling extension factory cinder.api.contrib.volume_type_encryption.Volume_type_encryption {{(pid=100944) load_extension /opt/stack/cinder/cinder/api/extensions.py:205}}
Dec 06 03:45:09 jammy-provider-cloud-0000007778 devstack@c-api.service[100944]: DEBUG cinder.api.extensions [-] Ext name: VolumeTypeEncryption {{(pid=100944) _check_extension /opt/stack/cinder/cinder/api/extensions.py:179}}
Dec 06 03:45:09 jammy-provider-cloud-0000007778 devstack@c-api.service[100944]: DEBUG cinder.api.extensions [-] Ext alias: encryption {{(pid=100944) _check_extension /opt/stack/cinder/cinder/api/extensions.py:180}}
Dec 06 03:45:09 jammy-provider-cloud-0000007778 devstack@c-api.service[100944]: DEBUG cinder.api.extensions [-] Ext description: Encryption support for volume types. {{(pid=100944) _check_extension /opt/stack/cinder/cinder/api/extensions.py:181}}
Dec 06 03:45:09 jammy-provider-cloud-0000007778 devstack@c-api.service[100944]: DEBUG cinder.api.extensions [-] Ext updated: 2013-07-01T00:00:00+00:00 {{(pid=100944) _check_extension /opt/stack/cinder/cinder/api/extensions.py:183}}
Dec 06 03:45:09 jammy-provider-cloud-0000007778 devstack@c-api.service[100944]: DEBUG cinder.api.extensions [-] Loaded extension: encryption {{(pid=100944) register /opt/stack/cinder/cinder/api/extensions.py:140}}
Dec 06 03:45:09 jammy-provider-cloud-0000007778 devstack@c-api.service[100944]: DEBUG cinder.api.extensions [-] Loading extension cinder.api.contrib.volume_type_access.Volume_type_access {{(pid=100944) load_extension /opt/stack/cinder/cinder/api/extensions.py:199}}
Dec 06 03:45:09 jammy-provider-cloud-0000007778 devstack@c-api.service[100944]: DEBUG cinder.api.extensions [-] Calling extension factory cinder.api.contrib.volume_type_access.Volume_type_access {{(pid=100944) load_extension /opt/stack/cinder/cinder/api/extensions.py:205}}
Dec 06 03:45:09 jammy-provider-cloud-0000007778 devstack@c-api.service[100944]: DEBUG cinder.api.extensions [-] Ext name: VolumeTypeAccess {{(pid=100944) _check_extension /opt/stack/cinder/cinder/api/extensions.py:179}}
Dec 06 03:45:09 jammy-provider-cloud-0000007778 devstack@c-api.service[100944]: DEBUG cinder.api.extensions [-] Ext alias: os-volume-type-access {{(pid=100944) _check_extension /opt/stack/cinder/cinder/api/extensions.py:180}}
Dec 06 03:45:09 jammy-provider-cloud-0000007778 devstack@c-api.service[100944]: DEBUG cinder.api.extensions [-] Ext description: Volume type access support. {{(pid=100944) _check_extension /opt/stack/cinder/cinder/api/extensions.py:181}}
Dec 06 03:45:09 jammy-provider-cloud-0000007778 devstack@c-api.service[100944]: DEBUG cinder.api.extensions [-] Ext updated: 2014-06-26T00:00:00Z {{(pid=100944) _check_extension /opt/stack/cinder/cinder/api/extensions.py:183}}
Dec 06 03:45:09 jammy-provider-cloud-0000007778 devstack@c-api.service[100944]: DEBUG cinder.api.extensions [-] Loaded extension: os-volume-type-access {{(pid=100944) register /opt/stack/cinder/cinder/api/extensions.py:140}}
Dec 06 03:45:09 jammy-provider-cloud-0000007778 devstack@c-api.service[100944]: DEBUG cinder.api.extensions [-] Loading extension cinder.api.contrib.extended_snapshot_attributes.Extended_snapshot_attributes {{(pid=100944) load_extension /opt/stack/cinder/cinder/api/extensions.py:199}}
Dec 06 03:45:09 jammy-provider-cloud-0000007778 devstack@c-api.service[100944]: DEBUG cinder.api.extensions [-] Calling extension factory cinder.api.contrib.extended_snapshot_attributes.Extended_snapshot_attributes {{(pid=100944) load_extension /opt/stack/cinder/cinder/api/extensions.py:205}}
Dec 06 03:45:09 jammy-provider-cloud-0000007778 devstack@c-api.service[100944]: DEBUG cinder.api.extensions [-] Ext name: ExtendedSnapshotAttributes {{(pid=100944) _check_extension /opt/stack/cinder/cinder/api/extensions.py:179}}
Dec 06 03:45:09 jammy-provider-cloud-0000007778 devstack@c-api.service[100944]: DEBUG cinder.api.extensions [-] Ext alias: os-extended-snapshot-attributes {{(pid=100944) _check_extension /opt/stack/cinder/cinder/api/extensions.py:180}}
Dec 06 03:45:09 jammy-provider-cloud-0000007778 devstack@c-api.service[100944]: DEBUG cinder.api.extensions [-] Ext description: Extended SnapshotAttributes support. {{(pid=100944) _check_extension /opt/stack/cinder/cinder/api/extensions.py:181}}
Dec 06 03:45:09 jammy-provider-cloud-0000007778 devstack@c-api.service[100944]: DEBUG cinder.api.extensions [-] Ext updated: 2012-06-19T00:00:00+00:00 {{(pid=100944) _check_extension /opt/stack/cinder/cinder/api/extensions.py:183}}
Dec 06 03:45:09 jammy-provider-cloud-0000007778 devstack@c-api.service[100944]: DEBUG cinder.api.extensions [-] Loaded extension: os-extended-snapshot-attributes {{(pid=100944) register /opt/stack/cinder/cinder/api/extensions.py:140}}
Dec 06 03:45:09 jammy-provider-cloud-0000007778 devstack@c-api.service[100944]: DEBUG cinder.api.extensions [-] Loading extension cinder.api.contrib.cgsnapshots.Cgsnapshots {{(pid=100944) load_extension /opt/stack/cinder/cinder/api/extensions.py:199}}
Dec 06 03:45:09 jammy-provider-cloud-0000007778 devstack@c-api.service[100944]: DEBUG cinder.api.extensions [-] Calling extension factory cinder.api.contrib.cgsnapshots.Cgsnapshots {{(pid=100944) load_extension /opt/stack/cinder/cinder/api/extensions.py:205}}
Dec 06 03:45:09 jammy-provider-cloud-0000007778 devstack@c-api.service[100944]: DEBUG cinder.api.extensions [-] Ext name: Cgsnapshots {{(pid=100944) _check_extension /opt/stack/cinder/cinder/api/extensions.py:179}}
Dec 06 03:45:09 jammy-provider-cloud-0000007778 devstack@c-api.service[100944]: DEBUG cinder.api.extensions [-] Ext alias: cgsnapshots {{(pid=100944) _check_extension /opt/stack/cinder/cinder/api/extensions.py:180}}
Dec 06 03:45:09 jammy-provider-cloud-0000007778 devstack@c-api.service[100944]: DEBUG cinder.api.extensions [-] Ext description: cgsnapshots support. {{(pid=100944) _check_extension /opt/stack/cinder/cinder/api/extensions.py:181}}
Dec 06 03:45:09 jammy-provider-cloud-0000007778 devstack@c-api.service[100944]: DEBUG cinder.api.extensions [-] Ext updated: 2014-08-18T00:00:00+00:00 {{(pid=100944) _check_extension /opt/stack/cinder/cinder/api/extensions.py:183}}
Dec 06 03:45:09 jammy-provider-cloud-0000007778 devstack@c-api.service[100944]: DEBUG cinder.api.extensions [-] Loaded extension: cgsnapshots {{(pid=100944) register /opt/stack/cinder/cinder/api/extensions.py:140}}
Dec 06 03:45:09 jammy-provider-cloud-0000007778 devstack@c-api.service[100944]: DEBUG cinder.api.extensions [-] Loading extension cinder.api.contrib.scheduler_stats.Scheduler_stats {{(pid=100944) load_extension /opt/stack/cinder/cinder/api/extensions.py:199}}
Dec 06 03:45:09 jammy-provider-cloud-0000007778 devstack@c-api.service[100944]: DEBUG cinder.api.extensions [-] Calling extension factory cinder.api.contrib.scheduler_stats.Scheduler_stats {{(pid=100944) load_extension /opt/stack/cinder/cinder/api/extensions.py:205}}
Dec 06 03:45:09 jammy-provider-cloud-0000007778 devstack@c-api.service[100944]: DEBUG cinder.api.extensions [-] Ext name: Scheduler_stats {{(pid=100944) _check_extension /opt/stack/cinder/cinder/api/extensions.py:179}}
Dec 06 03:45:09 jammy-provider-cloud-0000007778 devstack@c-api.service[100944]: DEBUG cinder.api.extensions [-] Ext alias: scheduler-stats {{(pid=100944) _check_extension /opt/stack/cinder/cinder/api/extensions.py:180}}
Dec 06 03:45:09 jammy-provider-cloud-0000007778 devstack@c-api.service[100944]: DEBUG cinder.api.extensions [-] Ext description: Scheduler stats support. {{(pid=100944) _check_extension /opt/stack/cinder/cinder/api/extensions.py:181}}
Dec 06 03:45:09 jammy-provider-cloud-0000007778 devstack@c-api.service[100944]: DEBUG cinder.api.extensions [-] Ext updated: 2014-09-07T00:00:00+00:00 {{(pid=100944) _check_extension /opt/stack/cinder/cinder/api/extensions.py:183}}
Dec 06 03:45:09 jammy-provider-cloud-0000007778 devstack@c-api.service[100944]: DEBUG cinder.api.extensions [-] Loaded extension: scheduler-stats {{(pid=100944) register /opt/stack/cinder/cinder/api/extensions.py:140}}
Dec 06 03:45:09 jammy-provider-cloud-0000007778 devstack@c-api.service[100943]: INFO dbcounter [None req-6a770a5e-dc2f-41f9-aa5d-b3084c4f9d40 None None] Registered counter for database cinder
Dec 06 03:45:09 jammy-provider-cloud-0000007778 devstack@c-api.service[100944]: INFO dbcounter [None req-1d0a670e-9ff2-4cba-be28-46a69ecd6bae None None] Registered counter for database cinder
Dec 06 03:45:09 jammy-provider-cloud-0000007778 devstack@c-api.service[100943]: DEBUG oslo_db.sqlalchemy.engines [None req-6a770a5e-dc2f-41f9-aa5d-b3084c4f9d40 None None] MySQL server mode set to STRICT_TRANS_TABLES,STRICT_ALL_TABLES,NO_ZERO_IN_DATE,NO_ZERO_DATE,ERROR_FOR_DIVISION_BY_ZERO,TRADITIONAL,NO_ENGINE_SUBSTITUTION {{(pid=100943) _check_effective_sql_mode /opt/stack/data/venv/lib/python3.10/site-packages/oslo_db/sqlalchemy/engines.py:342}}
Dec 06 03:45:09 jammy-provider-cloud-0000007778 devstack@c-api.service[100944]: DEBUG oslo_db.sqlalchemy.engines [None req-1d0a670e-9ff2-4cba-be28-46a69ecd6bae None None] MySQL server mode set to STRICT_TRANS_TABLES,STRICT_ALL_TABLES,NO_ZERO_IN_DATE,NO_ZERO_DATE,ERROR_FOR_DIVISION_BY_ZERO,TRADITIONAL,NO_ENGINE_SUBSTITUTION {{(pid=100944) _check_effective_sql_mode /opt/stack/data/venv/lib/python3.10/site-packages/oslo_db/sqlalchemy/engines.py:342}}
Dec 06 03:45:09 jammy-provider-cloud-0000007778 devstack@c-api.service[100943]: DEBUG dbcounter [-] [100943] Writer thread running {{(pid=100943) stat_writer /opt/stack/data/venv/lib/python3.10/site-packages/dbcounter.py:102}}
Dec 06 03:45:09 jammy-provider-cloud-0000007778 devstack@c-api.service[100943]: INFO cinder.rpc [None req-6a770a5e-dc2f-41f9-aa5d-b3084c4f9d40 None None] Automatically selected cinder-scheduler objects version 1.39 as minimum service version.
Dec 06 03:45:09 jammy-provider-cloud-0000007778 devstack@c-api.service[100943]: INFO cinder.rpc [None req-6a770a5e-dc2f-41f9-aa5d-b3084c4f9d40 None None] Automatically selected cinder-scheduler RPC version 3.12 as minimum service version.
Dec 06 03:45:09 jammy-provider-cloud-0000007778 devstack@c-api.service[100943]: INFO cinder.rpc [None req-6a770a5e-dc2f-41f9-aa5d-b3084c4f9d40 None None] Automatically selected cinder-volume objects version 1.39 as minimum service version.
Dec 06 03:45:09 jammy-provider-cloud-0000007778 devstack@c-api.service[100944]: DEBUG dbcounter [-] [100944] Writer thread running {{(pid=100944) stat_writer /opt/stack/data/venv/lib/python3.10/site-packages/dbcounter.py:102}}
Dec 06 03:45:09 jammy-provider-cloud-0000007778 devstack@c-api.service[100943]: INFO cinder.rpc [None req-6a770a5e-dc2f-41f9-aa5d-b3084c4f9d40 None None] Automatically selected cinder-volume RPC version 3.19 as minimum service version.
Dec 06 03:45:09 jammy-provider-cloud-0000007778 devstack@c-api.service[100943]: WARNING stevedore.named [None req-6a770a5e-dc2f-41f9-aa5d-b3084c4f9d40 None None] Could not load cinder.keymgr.conf_key_mgr.ConfKeyManager
Dec 06 03:45:09 jammy-provider-cloud-0000007778 devstack@c-api.service[100943]: WARNING castellan.key_manager [None req-6a770a5e-dc2f-41f9-aa5d-b3084c4f9d40 None None] Deprecation Warning : cinder.keymgr.conf_key_mgr.ConfKeyManager is not a stevedore based driver, trying to load it as a class: stevedore.exception.NoMatches: No 'castellan.drivers' driver found, looking for 'cinder.keymgr.conf_key_mgr.ConfKeyManager'
Dec 06 03:45:09 jammy-provider-cloud-0000007778 devstack@c-api.service[100944]: INFO cinder.rpc [None req-1d0a670e-9ff2-4cba-be28-46a69ecd6bae None None] Automatically selected cinder-scheduler objects version 1.39 as minimum service version.
Dec 06 03:45:09 jammy-provider-cloud-0000007778 devstack@c-api.service[100943]: WARNING cinder.keymgr.conf_key_mgr [None req-6a770a5e-dc2f-41f9-aa5d-b3084c4f9d40 None None] This key manager is insecure and is not recommended for production deployments: stevedore.exception.NoMatches: No 'castellan.drivers' driver found, looking for 'cinder.keymgr.conf_key_mgr.ConfKeyManager'
Dec 06 03:45:09 jammy-provider-cloud-0000007778 devstack@c-api.service[100944]: INFO cinder.rpc [None req-1d0a670e-9ff2-4cba-be28-46a69ecd6bae None None] Automatically selected cinder-scheduler RPC version 3.12 as minimum service version.
Dec 06 03:45:09 jammy-provider-cloud-0000007778 devstack@c-api.service[100944]: INFO cinder.rpc [None req-1d0a670e-9ff2-4cba-be28-46a69ecd6bae None None] Automatically selected cinder-volume objects version 1.39 as minimum service version.
Dec 06 03:45:09 jammy-provider-cloud-0000007778 devstack@c-api.service[100943]: DEBUG oslo_db.sqlalchemy.engines [None req-6a770a5e-dc2f-41f9-aa5d-b3084c4f9d40 None None] MySQL server mode set to STRICT_TRANS_TABLES,STRICT_ALL_TABLES,NO_ZERO_IN_DATE,NO_ZERO_DATE,ERROR_FOR_DIVISION_BY_ZERO,TRADITIONAL,NO_ENGINE_SUBSTITUTION {{(pid=100943) _check_effective_sql_mode /opt/stack/data/venv/lib/python3.10/site-packages/oslo_db/sqlalchemy/engines.py:342}}
Dec 06 03:45:09 jammy-provider-cloud-0000007778 devstack@c-api.service[100944]: INFO cinder.rpc [None req-1d0a670e-9ff2-4cba-be28-46a69ecd6bae None None] Automatically selected cinder-volume RPC version 3.19 as minimum service version.
Dec 06 03:45:09 jammy-provider-cloud-0000007778 devstack@c-api.service[100944]: WARNING stevedore.named [None req-1d0a670e-9ff2-4cba-be28-46a69ecd6bae None None] Could not load cinder.keymgr.conf_key_mgr.ConfKeyManager
Dec 06 03:45:09 jammy-provider-cloud-0000007778 devstack@c-api.service[100944]: WARNING castellan.key_manager [None req-1d0a670e-9ff2-4cba-be28-46a69ecd6bae None None] Deprecation Warning : cinder.keymgr.conf_key_mgr.ConfKeyManager is not a stevedore based driver, trying to load it as a class: stevedore.exception.NoMatches: No 'castellan.drivers' driver found, looking for 'cinder.keymgr.conf_key_mgr.ConfKeyManager'
Dec 06 03:45:09 jammy-provider-cloud-0000007778 devstack@c-api.service[100943]: INFO cinder.rpc [None req-6a770a5e-dc2f-41f9-aa5d-b3084c4f9d40 None None] Automatically selected cinder-backup objects version 1.39 as minimum service version.
Dec 06 03:45:09 jammy-provider-cloud-0000007778 devstack@c-api.service[100944]: WARNING cinder.keymgr.conf_key_mgr [None req-1d0a670e-9ff2-4cba-be28-46a69ecd6bae None None] This key manager is insecure and is not recommended for production deployments: stevedore.exception.NoMatches: No 'castellan.drivers' driver found, looking for 'cinder.keymgr.conf_key_mgr.ConfKeyManager'
Dec 06 03:45:09 jammy-provider-cloud-0000007778 devstack@c-api.service[100943]: INFO cinder.rpc [None req-6a770a5e-dc2f-41f9-aa5d-b3084c4f9d40 None None] Automatically selected cinder-backup RPC version 2.4 as minimum service version.
Dec 06 03:45:09 jammy-provider-cloud-0000007778 devstack@c-api.service[100943]: WARNING stevedore.named [None req-6a770a5e-dc2f-41f9-aa5d-b3084c4f9d40 None None] Could not load cinder.keymgr.conf_key_mgr.ConfKeyManager
Dec 06 03:45:09 jammy-provider-cloud-0000007778 devstack@c-api.service[100943]: WARNING castellan.key_manager [None req-6a770a5e-dc2f-41f9-aa5d-b3084c4f9d40 None None] Deprecation Warning : cinder.keymgr.conf_key_mgr.ConfKeyManager is not a stevedore based driver, trying to load it as a class: stevedore.exception.NoMatches: No 'castellan.drivers' driver found, looking for 'cinder.keymgr.conf_key_mgr.ConfKeyManager'
Dec 06 03:45:09 jammy-provider-cloud-0000007778 devstack@c-api.service[100943]: WARNING stevedore.named [None req-6a770a5e-dc2f-41f9-aa5d-b3084c4f9d40 None None] Could not load cinder.keymgr.conf_key_mgr.ConfKeyManager
Dec 06 03:45:09 jammy-provider-cloud-0000007778 devstack@c-api.service[100943]: WARNING castellan.key_manager [None req-6a770a5e-dc2f-41f9-aa5d-b3084c4f9d40 None None] Deprecation Warning : cinder.keymgr.conf_key_mgr.ConfKeyManager is not a stevedore based driver, trying to load it as a class: stevedore.exception.NoMatches: No 'castellan.drivers' driver found, looking for 'cinder.keymgr.conf_key_mgr.ConfKeyManager'
Dec 06 03:45:09 jammy-provider-cloud-0000007778 devstack@c-api.service[100943]: WARNING stevedore.named [None req-6a770a5e-dc2f-41f9-aa5d-b3084c4f9d40 None None] Could not load cinder.keymgr.conf_key_mgr.ConfKeyManager
Dec 06 03:45:09 jammy-provider-cloud-0000007778 devstack@c-api.service[100943]: WARNING castellan.key_manager [None req-6a770a5e-dc2f-41f9-aa5d-b3084c4f9d40 None None] Deprecation Warning : cinder.keymgr.conf_key_mgr.ConfKeyManager is not a stevedore based driver, trying to load it as a class: stevedore.exception.NoMatches: No 'castellan.drivers' driver found, looking for 'cinder.keymgr.conf_key_mgr.ConfKeyManager'
Dec 06 03:45:09 jammy-provider-cloud-0000007778 devstack@c-api.service[100944]: DEBUG oslo_db.sqlalchemy.engines [None req-1d0a670e-9ff2-4cba-be28-46a69ecd6bae None None] MySQL server mode set to STRICT_TRANS_TABLES,STRICT_ALL_TABLES,NO_ZERO_IN_DATE,NO_ZERO_DATE,ERROR_FOR_DIVISION_BY_ZERO,TRADITIONAL,NO_ENGINE_SUBSTITUTION {{(pid=100944) _check_effective_sql_mode /opt/stack/data/venv/lib/python3.10/site-packages/oslo_db/sqlalchemy/engines.py:342}}
Dec 06 03:45:09 jammy-provider-cloud-0000007778 devstack@c-api.service[100944]: INFO cinder.rpc [None req-1d0a670e-9ff2-4cba-be28-46a69ecd6bae None None] Automatically selected cinder-backup objects version 1.39 as minimum service version.
Dec 06 03:45:09 jammy-provider-cloud-0000007778 devstack@c-api.service[100944]: INFO cinder.rpc [None req-1d0a670e-9ff2-4cba-be28-46a69ecd6bae None None] Automatically selected cinder-backup RPC version 2.4 as minimum service version.
Dec 06 03:45:09 jammy-provider-cloud-0000007778 devstack@c-api.service[100944]: WARNING stevedore.named [None req-1d0a670e-9ff2-4cba-be28-46a69ecd6bae None None] Could not load cinder.keymgr.conf_key_mgr.ConfKeyManager
Dec 06 03:45:09 jammy-provider-cloud-0000007778 devstack@c-api.service[100944]: WARNING castellan.key_manager [None req-1d0a670e-9ff2-4cba-be28-46a69ecd6bae None None] Deprecation Warning : cinder.keymgr.conf_key_mgr.ConfKeyManager is not a stevedore based driver, trying to load it as a class: stevedore.exception.NoMatches: No 'castellan.drivers' driver found, looking for 'cinder.keymgr.conf_key_mgr.ConfKeyManager'
Dec 06 03:45:09 jammy-provider-cloud-0000007778 devstack@c-api.service[100944]: WARNING stevedore.named [None req-1d0a670e-9ff2-4cba-be28-46a69ecd6bae None None] Could not load cinder.keymgr.conf_key_mgr.ConfKeyManager
Dec 06 03:45:09 jammy-provider-cloud-0000007778 devstack@c-api.service[100944]: WARNING castellan.key_manager [None req-1d0a670e-9ff2-4cba-be28-46a69ecd6bae None None] Deprecation Warning : cinder.keymgr.conf_key_mgr.ConfKeyManager is not a stevedore based driver, trying to load it as a class: stevedore.exception.NoMatches: No 'castellan.drivers' driver found, looking for 'cinder.keymgr.conf_key_mgr.ConfKeyManager'
Dec 06 03:45:09 jammy-provider-cloud-0000007778 devstack@c-api.service[100944]: WARNING stevedore.named [None req-1d0a670e-9ff2-4cba-be28-46a69ecd6bae None None] Could not load cinder.keymgr.conf_key_mgr.ConfKeyManager
Dec 06 03:45:09 jammy-provider-cloud-0000007778 devstack@c-api.service[100944]: WARNING castellan.key_manager [None req-1d0a670e-9ff2-4cba-be28-46a69ecd6bae None None] Deprecation Warning : cinder.keymgr.conf_key_mgr.ConfKeyManager is not a stevedore based driver, trying to load it as a class: stevedore.exception.NoMatches: No 'castellan.drivers' driver found, looking for 'cinder.keymgr.conf_key_mgr.ConfKeyManager'
Dec 06 03:45:09 jammy-provider-cloud-0000007778 devstack@c-api.service[100943]: WARNING stevedore.named [None req-6a770a5e-dc2f-41f9-aa5d-b3084c4f9d40 None None] Could not load cinder.keymgr.conf_key_mgr.ConfKeyManager
Dec 06 03:45:09 jammy-provider-cloud-0000007778 devstack@c-api.service[100943]: WARNING castellan.key_manager [None req-6a770a5e-dc2f-41f9-aa5d-b3084c4f9d40 None None] Deprecation Warning : cinder.keymgr.conf_key_mgr.ConfKeyManager is not a stevedore based driver, trying to load it as a class: stevedore.exception.NoMatches: No 'castellan.drivers' driver found, looking for 'cinder.keymgr.conf_key_mgr.ConfKeyManager'
Dec 06 03:45:09 jammy-provider-cloud-0000007778 devstack@c-api.service[100944]: WARNING stevedore.named [None req-1d0a670e-9ff2-4cba-be28-46a69ecd6bae None None] Could not load cinder.keymgr.conf_key_mgr.ConfKeyManager
Dec 06 03:45:09 jammy-provider-cloud-0000007778 devstack@c-api.service[100944]: WARNING castellan.key_manager [None req-1d0a670e-9ff2-4cba-be28-46a69ecd6bae None None] Deprecation Warning : cinder.keymgr.conf_key_mgr.ConfKeyManager is not a stevedore based driver, trying to load it as a class: stevedore.exception.NoMatches: No 'castellan.drivers' driver found, looking for 'cinder.keymgr.conf_key_mgr.ConfKeyManager'
Dec 06 03:45:09 jammy-provider-cloud-0000007778 devstack@c-api.service[100943]: WARNING stevedore.named [None req-6a770a5e-dc2f-41f9-aa5d-b3084c4f9d40 None None] Could not load cinder.keymgr.conf_key_mgr.ConfKeyManager
Dec 06 03:45:09 jammy-provider-cloud-0000007778 devstack@c-api.service[100943]: WARNING castellan.key_manager [None req-6a770a5e-dc2f-41f9-aa5d-b3084c4f9d40 None None] Deprecation Warning : cinder.keymgr.conf_key_mgr.ConfKeyManager is not a stevedore based driver, trying to load it as a class: stevedore.exception.NoMatches: No 'castellan.drivers' driver found, looking for 'cinder.keymgr.conf_key_mgr.ConfKeyManager'
Dec 06 03:45:09 jammy-provider-cloud-0000007778 devstack@c-api.service[100944]: WARNING stevedore.named [None req-1d0a670e-9ff2-4cba-be28-46a69ecd6bae None None] Could not load cinder.keymgr.conf_key_mgr.ConfKeyManager
Dec 06 03:45:09 jammy-provider-cloud-0000007778 devstack@c-api.service[100944]: WARNING castellan.key_manager [None req-1d0a670e-9ff2-4cba-be28-46a69ecd6bae None None] Deprecation Warning : cinder.keymgr.conf_key_mgr.ConfKeyManager is not a stevedore based driver, trying to load it as a class: stevedore.exception.NoMatches: No 'castellan.drivers' driver found, looking for 'cinder.keymgr.conf_key_mgr.ConfKeyManager'
Dec 06 03:45:09 jammy-provider-cloud-0000007778 devstack@c-api.service[100944]: WARNING stevedore.named [None req-1d0a670e-9ff2-4cba-be28-46a69ecd6bae None None] Could not load cinder.keymgr.conf_key_mgr.ConfKeyManager
Dec 06 03:45:09 jammy-provider-cloud-0000007778 devstack@c-api.service[100944]: WARNING castellan.key_manager [None req-1d0a670e-9ff2-4cba-be28-46a69ecd6bae None None] Deprecation Warning : cinder.keymgr.conf_key_mgr.ConfKeyManager is not a stevedore based driver, trying to load it as a class: stevedore.exception.NoMatches: No 'castellan.drivers' driver found, looking for 'cinder.keymgr.conf_key_mgr.ConfKeyManager'
Dec 06 03:45:09 jammy-provider-cloud-0000007778 devstack@c-api.service[100944]: WARNING stevedore.named [None req-1d0a670e-9ff2-4cba-be28-46a69ecd6bae None None] Could not load cinder.keymgr.conf_key_mgr.ConfKeyManager
Dec 06 03:45:09 jammy-provider-cloud-0000007778 devstack@c-api.service[100944]: WARNING castellan.key_manager [None req-1d0a670e-9ff2-4cba-be28-46a69ecd6bae None None] Deprecation Warning : cinder.keymgr.conf_key_mgr.ConfKeyManager is not a stevedore based driver, trying to load it as a class: stevedore.exception.NoMatches: No 'castellan.drivers' driver found, looking for 'cinder.keymgr.conf_key_mgr.ConfKeyManager'
Dec 06 03:45:09 jammy-provider-cloud-0000007778 devstack@c-api.service[100944]: WARNING stevedore.named [None req-1d0a670e-9ff2-4cba-be28-46a69ecd6bae None None] Could not load cinder.keymgr.conf_key_mgr.ConfKeyManager
Dec 06 03:45:09 jammy-provider-cloud-0000007778 devstack@c-api.service[100944]: WARNING castellan.key_manager [None req-1d0a670e-9ff2-4cba-be28-46a69ecd6bae None None] Deprecation Warning : cinder.keymgr.conf_key_mgr.ConfKeyManager is not a stevedore based driver, trying to load it as a class: stevedore.exception.NoMatches: No 'castellan.drivers' driver found, looking for 'cinder.keymgr.conf_key_mgr.ConfKeyManager'
Dec 06 03:45:09 jammy-provider-cloud-0000007778 devstack@c-api.service[100943]: WARNING stevedore.named [None req-6a770a5e-dc2f-41f9-aa5d-b3084c4f9d40 None None] Could not load cinder.keymgr.conf_key_mgr.ConfKeyManager
Dec 06 03:45:09 jammy-provider-cloud-0000007778 devstack@c-api.service[100943]: WARNING castellan.key_manager [None req-6a770a5e-dc2f-41f9-aa5d-b3084c4f9d40 None None] Deprecation Warning : cinder.keymgr.conf_key_mgr.ConfKeyManager is not a stevedore based driver, trying to load it as a class: stevedore.exception.NoMatches: No 'castellan.drivers' driver found, looking for 'cinder.keymgr.conf_key_mgr.ConfKeyManager'
Dec 06 03:45:09 jammy-provider-cloud-0000007778 devstack@c-api.service[100944]: WARNING stevedore.named [None req-1d0a670e-9ff2-4cba-be28-46a69ecd6bae None None] Could not load cinder.keymgr.conf_key_mgr.ConfKeyManager
Dec 06 03:45:09 jammy-provider-cloud-0000007778 devstack@c-api.service[100944]: WARNING castellan.key_manager [None req-1d0a670e-9ff2-4cba-be28-46a69ecd6bae None None] Deprecation Warning : cinder.keymgr.conf_key_mgr.ConfKeyManager is not a stevedore based driver, trying to load it as a class: stevedore.exception.NoMatches: No 'castellan.drivers' driver found, looking for 'cinder.keymgr.conf_key_mgr.ConfKeyManager'
Dec 06 03:45:09 jammy-provider-cloud-0000007778 devstack@c-api.service[100943]: WARNING stevedore.named [None req-6a770a5e-dc2f-41f9-aa5d-b3084c4f9d40 None None] Could not load cinder.keymgr.conf_key_mgr.ConfKeyManager
Dec 06 03:45:09 jammy-provider-cloud-0000007778 devstack@c-api.service[100943]: WARNING castellan.key_manager [None req-6a770a5e-dc2f-41f9-aa5d-b3084c4f9d40 None None] Deprecation Warning : cinder.keymgr.conf_key_mgr.ConfKeyManager is not a stevedore based driver, trying to load it as a class: stevedore.exception.NoMatches: No 'castellan.drivers' driver found, looking for 'cinder.keymgr.conf_key_mgr.ConfKeyManager'
Dec 06 03:45:09 jammy-provider-cloud-0000007778 devstack@c-api.service[100944]: WARNING stevedore.named [None req-1d0a670e-9ff2-4cba-be28-46a69ecd6bae None None] Could not load cinder.keymgr.conf_key_mgr.ConfKeyManager
Dec 06 03:45:09 jammy-provider-cloud-0000007778 devstack@c-api.service[100944]: WARNING castellan.key_manager [None req-1d0a670e-9ff2-4cba-be28-46a69ecd6bae None None] Deprecation Warning : cinder.keymgr.conf_key_mgr.ConfKeyManager is not a stevedore based driver, trying to load it as a class: stevedore.exception.NoMatches: No 'castellan.drivers' driver found, looking for 'cinder.keymgr.conf_key_mgr.ConfKeyManager'
Dec 06 03:45:09 jammy-provider-cloud-0000007778 devstack@c-api.service[100943]: WARNING stevedore.named [None req-6a770a5e-dc2f-41f9-aa5d-b3084c4f9d40 None None] Could not load cinder.keymgr.conf_key_mgr.ConfKeyManager
Dec 06 03:45:09 jammy-provider-cloud-0000007778 devstack@c-api.service[100943]: WARNING castellan.key_manager [None req-6a770a5e-dc2f-41f9-aa5d-b3084c4f9d40 None None] Deprecation Warning : cinder.keymgr.conf_key_mgr.ConfKeyManager is not a stevedore based driver, trying to load it as a class: stevedore.exception.NoMatches: No 'castellan.drivers' driver found, looking for 'cinder.keymgr.conf_key_mgr.ConfKeyManager'
Dec 06 03:45:09 jammy-provider-cloud-0000007778 devstack@c-api.service[100944]: WARNING stevedore.named [None req-1d0a670e-9ff2-4cba-be28-46a69ecd6bae None None] Could not load cinder.keymgr.conf_key_mgr.ConfKeyManager
Dec 06 03:45:09 jammy-provider-cloud-0000007778 devstack@c-api.service[100943]: WARNING stevedore.named [None req-6a770a5e-dc2f-41f9-aa5d-b3084c4f9d40 None None] Could not load cinder.keymgr.conf_key_mgr.ConfKeyManager
Dec 06 03:45:09 jammy-provider-cloud-0000007778 devstack@c-api.service[100943]: WARNING castellan.key_manager [None req-6a770a5e-dc2f-41f9-aa5d-b3084c4f9d40 None None] Deprecation Warning : cinder.keymgr.conf_key_mgr.ConfKeyManager is not a stevedore based driver, trying to load it as a class: stevedore.exception.NoMatches: No 'castellan.drivers' driver found, looking for 'cinder.keymgr.conf_key_mgr.ConfKeyManager'
Dec 06 03:45:09 jammy-provider-cloud-0000007778 devstack@c-api.service[100944]: WARNING castellan.key_manager [None req-1d0a670e-9ff2-4cba-be28-46a69ecd6bae None None] Deprecation Warning : cinder.keymgr.conf_key_mgr.ConfKeyManager is not a stevedore based driver, trying to load it as a class: stevedore.exception.NoMatches: No 'castellan.drivers' driver found, looking for 'cinder.keymgr.conf_key_mgr.ConfKeyManager'
Dec 06 03:45:09 jammy-provider-cloud-0000007778 devstack@c-api.service[100943]: WARNING stevedore.named [None req-6a770a5e-dc2f-41f9-aa5d-b3084c4f9d40 None None] Could not load cinder.keymgr.conf_key_mgr.ConfKeyManager
Dec 06 03:45:09 jammy-provider-cloud-0000007778 devstack@c-api.service[100943]: WARNING castellan.key_manager [None req-6a770a5e-dc2f-41f9-aa5d-b3084c4f9d40 None None] Deprecation Warning : cinder.keymgr.conf_key_mgr.ConfKeyManager is not a stevedore based driver, trying to load it as a class: stevedore.exception.NoMatches: No 'castellan.drivers' driver found, looking for 'cinder.keymgr.conf_key_mgr.ConfKeyManager'
Dec 06 03:45:09 jammy-provider-cloud-0000007778 devstack@c-api.service[100944]: WARNING stevedore.named [None req-1d0a670e-9ff2-4cba-be28-46a69ecd6bae None None] Could not load cinder.keymgr.conf_key_mgr.ConfKeyManager
Dec 06 03:45:09 jammy-provider-cloud-0000007778 devstack@c-api.service[100944]: WARNING castellan.key_manager [None req-1d0a670e-9ff2-4cba-be28-46a69ecd6bae None None] Deprecation Warning : cinder.keymgr.conf_key_mgr.ConfKeyManager is not a stevedore based driver, trying to load it as a class: stevedore.exception.NoMatches: No 'castellan.drivers' driver found, looking for 'cinder.keymgr.conf_key_mgr.ConfKeyManager'
Dec 06 03:45:09 jammy-provider-cloud-0000007778 devstack@c-api.service[100944]: WARNING stevedore.named [None req-1d0a670e-9ff2-4cba-be28-46a69ecd6bae None None] Could not load cinder.keymgr.conf_key_mgr.ConfKeyManager
Dec 06 03:45:09 jammy-provider-cloud-0000007778 devstack@c-api.service[100943]: WARNING stevedore.named [None req-6a770a5e-dc2f-41f9-aa5d-b3084c4f9d40 None None] Could not load cinder.keymgr.conf_key_mgr.ConfKeyManager
Dec 06 03:45:09 jammy-provider-cloud-0000007778 devstack@c-api.service[100943]: WARNING castellan.key_manager [None req-6a770a5e-dc2f-41f9-aa5d-b3084c4f9d40 None None] Deprecation Warning : cinder.keymgr.conf_key_mgr.ConfKeyManager is not a stevedore based driver, trying to load it as a class: stevedore.exception.NoMatches: No 'castellan.drivers' driver found, looking for 'cinder.keymgr.conf_key_mgr.ConfKeyManager'
Dec 06 03:45:09 jammy-provider-cloud-0000007778 devstack@c-api.service[100944]: WARNING castellan.key_manager [None req-1d0a670e-9ff2-4cba-be28-46a69ecd6bae None None] Deprecation Warning : cinder.keymgr.conf_key_mgr.ConfKeyManager is not a stevedore based driver, trying to load it as a class: stevedore.exception.NoMatches: No 'castellan.drivers' driver found, looking for 'cinder.keymgr.conf_key_mgr.ConfKeyManager'
Dec 06 03:45:09 jammy-provider-cloud-0000007778 devstack@c-api.service[100943]: WARNING stevedore.named [None req-6a770a5e-dc2f-41f9-aa5d-b3084c4f9d40 None None] Could not load cinder.keymgr.conf_key_mgr.ConfKeyManager
Dec 06 03:45:09 jammy-provider-cloud-0000007778 devstack@c-api.service[100943]: WARNING castellan.key_manager [None req-6a770a5e-dc2f-41f9-aa5d-b3084c4f9d40 None None] Deprecation Warning : cinder.keymgr.conf_key_mgr.ConfKeyManager is not a stevedore based driver, trying to load it as a class: stevedore.exception.NoMatches: No 'castellan.drivers' driver found, looking for 'cinder.keymgr.conf_key_mgr.ConfKeyManager'
Dec 06 03:45:09 jammy-provider-cloud-0000007778 devstack@c-api.service[100944]: WARNING stevedore.named [None req-1d0a670e-9ff2-4cba-be28-46a69ecd6bae None None] Could not load cinder.keymgr.conf_key_mgr.ConfKeyManager
Dec 06 03:45:09 jammy-provider-cloud-0000007778 devstack@c-api.service[100944]: WARNING castellan.key_manager [None req-1d0a670e-9ff2-4cba-be28-46a69ecd6bae None None] Deprecation Warning : cinder.keymgr.conf_key_mgr.ConfKeyManager is not a stevedore based driver, trying to load it as a class: stevedore.exception.NoMatches: No 'castellan.drivers' driver found, looking for 'cinder.keymgr.conf_key_mgr.ConfKeyManager'
Dec 06 03:45:09 jammy-provider-cloud-0000007778 devstack@c-api.service[100943]: WARNING stevedore.named [None req-6a770a5e-dc2f-41f9-aa5d-b3084c4f9d40 None None] Could not load cinder.keymgr.conf_key_mgr.ConfKeyManager
Dec 06 03:45:09 jammy-provider-cloud-0000007778 devstack@c-api.service[100943]: WARNING castellan.key_manager [None req-6a770a5e-dc2f-41f9-aa5d-b3084c4f9d40 None None] Deprecation Warning : cinder.keymgr.conf_key_mgr.ConfKeyManager is not a stevedore based driver, trying to load it as a class: stevedore.exception.NoMatches: No 'castellan.drivers' driver found, looking for 'cinder.keymgr.conf_key_mgr.ConfKeyManager'
Dec 06 03:45:09 jammy-provider-cloud-0000007778 devstack@c-api.service[100943]: WARNING stevedore.named [None req-6a770a5e-dc2f-41f9-aa5d-b3084c4f9d40 None None] Could not load cinder.keymgr.conf_key_mgr.ConfKeyManager
