May 04 13:43:46 ubuntu devstack@keystone.service[68837]: DEBUG keystone.server.flask.request_processing.middleware.auth_context [None req-ed99e1ea-eab1-44af-a06d-e571e876a581 None admin] RBAC: auth_context: {'token': <TokenModel (audit_id=23YhA3ZPQMWl4YFRNDHleg, audit_chain_id=['23YhA3ZPQMWl4YFRNDHleg']) at 0x7e69c0c247a0>, 'domain_id': None, 'trust_id': None, 'trustor_id': None, 'trustee_id': None, 'domain_name': None, 'group_ids': [], 'user_id': '1c828b207239429eb58ddfae5fd5e953', 'user_domain_id': 'default', 'system_scope': 'all', 'project_id': None, 'project_domain_id': None, 'roles': ['admin', 'manager', 'member', 'reader'], 'is_admin_project': True, 'service_user_id': None, 'service_user_domain_id': None, 'service_project_id': None, 'service_project_domain_id': None, 'service_roles': []} {{(pid=68837) fill_context /opt/stack/keystone/keystone/server/flask/request_processing/middleware/auth_context.py:509}}
May 04 13:43:46 ubuntu devstack@keystone.service[68837]: DEBUG keystone.server.flask.request_processing.req_logging [None req-ed99e1ea-eab1-44af-a06d-e571e876a581 None admin] REQUEST_METHOD: `PUT` {{(pid=68837) log_request_info /opt/stack/keystone/keystone/server/flask/request_processing/req_logging.py:26}}
May 04 13:43:46 ubuntu devstack@keystone.service[68837]: DEBUG keystone.server.flask.request_processing.req_logging [None req-ed99e1ea-eab1-44af-a06d-e571e876a581 None admin] SCRIPT_NAME: `/identity` {{(pid=68837) log_request_info /opt/stack/keystone/keystone/server/flask/request_processing/req_logging.py:27}}
May 04 13:43:46 ubuntu devstack@keystone.service[68837]: DEBUG keystone.server.flask.request_processing.req_logging [None req-ed99e1ea-eab1-44af-a06d-e571e876a581 None admin] PATH_INFO: `/v3/domains/default/users/1c828b207239429eb58ddfae5fd5e953/roles/794a492abe2e43dfa9786cdef9c235da` {{(pid=68837) log_request_info /opt/stack/keystone/keystone/server/flask/request_processing/req_logging.py:28}}
May 04 13:43:46 ubuntu devstack@keystone.service[68837]: DEBUG keystone.common.rbac_enforcer.enforcer [None req-ed99e1ea-eab1-44af-a06d-e571e876a581 None admin] RBAC: Authorizing `identity:create_grant(domain_id=default, user_id=1c828b207239429eb58ddfae5fd5e953, role_id=794a492abe2e43dfa9786cdef9c235da)` {{(pid=68837) enforce_call /opt/stack/keystone/keystone/common/rbac_enforcer/enforcer.py:494}}
May 04 13:43:46 ubuntu devstack@keystone.service[68837]: DEBUG keystone.common.rbac_enforcer.enforcer [None req-ed99e1ea-eab1-44af-a06d-e571e876a581 None admin] RBAC: Authorization granted {{(pid=68837) enforce_call /opt/stack/keystone/keystone/common/rbac_enforcer/enforcer.py:505}}
May 04 13:43:46 ubuntu devstack@keystone.service[68838]: DEBUG keystone.server.flask.request_processing.middleware.auth_context [None req-db0bcb50-816e-416f-a69b-9110c977fbdd None admin] Validating token access rules against request {{(pid=68838) validate_allowed_request /opt/stack/data/venv/lib/python3.12/site-packages/keystonemiddleware/auth_token/__init__.py:545}}
May 04 13:43:46 ubuntu devstack@keystone.service[68838]: DEBUG keystone.server.flask.request_processing.middleware.auth_context [None req-fe140437-1c51-4e05-8f3a-6f49ad4d9a50 None admin] RBAC: auth_context: {'token': <TokenModel (audit_id=IiD6bnQ5RnK48S3uX3wlkw, audit_chain_id=['IiD6bnQ5RnK48S3uX3wlkw']) at 0x7e69c0914500>, 'domain_id': None, 'trust_id': None, 'trustor_id': None, 'trustee_id': None, 'domain_name': None, 'group_ids': [], 'user_id': '1c828b207239429eb58ddfae5fd5e953', 'user_domain_id': 'default', 'system_scope': 'all', 'project_id': None, 'project_domain_id': None, 'roles': ['admin', 'manager', 'member', 'reader'], 'is_admin_project': True, 'service_user_id': None, 'service_user_domain_id': None, 'service_project_id': None, 'service_project_domain_id': None, 'service_roles': []} {{(pid=68838) fill_context /opt/stack/keystone/keystone/server/flask/request_processing/middleware/auth_context.py:509}}
May 04 13:43:46 ubuntu devstack@keystone.service[68838]: DEBUG keystone.server.flask.request_processing.req_logging [None req-fe140437-1c51-4e05-8f3a-6f49ad4d9a50 None admin] REQUEST_METHOD: `GET` {{(pid=68838) log_request_info /opt/stack/keystone/keystone/server/flask/request_processing/req_logging.py:26}}
May 04 13:43:46 ubuntu devstack@keystone.service[68838]: DEBUG keystone.server.flask.request_processing.req_logging [None req-fe140437-1c51-4e05-8f3a-6f49ad4d9a50 None admin] SCRIPT_NAME: `/identity` {{(pid=68838) log_request_info /opt/stack/keystone/keystone/server/flask/request_processing/req_logging.py:27}}
May 04 13:43:46 ubuntu devstack@keystone.service[68838]: DEBUG keystone.server.flask.request_processing.req_logging [None req-fe140437-1c51-4e05-8f3a-6f49ad4d9a50 None admin] PATH_INFO: `/v3/domains` {{(pid=68838) log_request_info /opt/stack/keystone/keystone/server/flask/request_processing/req_logging.py:28}}
May 04 13:43:46 ubuntu devstack@keystone.service[68838]: DEBUG keystone.common.rbac_enforcer.enforcer [None req-fe140437-1c51-4e05-8f3a-6f49ad4d9a50 None admin] RBAC: Adding query filter params (name=Default) {{(pid=68838) _extract_filter_values /opt/stack/keystone/keystone/common/rbac_enforcer/enforcer.py:176}}
May 04 13:43:46 ubuntu devstack@keystone.service[68838]: DEBUG keystone.common.rbac_enforcer.enforcer [None req-fe140437-1c51-4e05-8f3a-6f49ad4d9a50 None admin] RBAC: Authorizing `identity:list_domains()` {{(pid=68838) enforce_call /opt/stack/keystone/keystone/common/rbac_enforcer/enforcer.py:494}}
May 04 13:43:46 ubuntu devstack@keystone.service[68838]: DEBUG keystone.common.rbac_enforcer.enforcer [None req-fe140437-1c51-4e05-8f3a-6f49ad4d9a50 None admin] RBAC: Authorization granted {{(pid=68838) enforce_call /opt/stack/keystone/keystone/common/rbac_enforcer/enforcer.py:505}}
May 04 13:43:46 ubuntu devstack@keystone.service[68838]: [pid: 68838|app: 0|req: 10/21] 10.120.125.137 () {58 vars in 1190 bytes} [Mon May  4 13:43:46 2026] GET /identity/v3/domains?name=Default => generated 310 bytes in 85 msecs (HTTP/1.1 200) 5 headers in 177 bytes (1 switches on core 0)
May 04 13:43:46 ubuntu devstack@keystone.service[68837]: [pid: 68837|app: 0|req: 12/22] 10.120.125.137 () {60 vars in 1429 bytes} [Mon May  4 13:43:46 2026] PUT /identity/v3/domains/default/users/1c828b207239429eb58ddfae5fd5e953/roles/794a492abe2e43dfa9786cdef9c235da => generated 0 bytes in 148 msecs (HTTP/1.1 204) 3 headers in 132 bytes (0 switches on core 0)
May 04 13:43:48 ubuntu devstack@keystone.service[68838]: DEBUG keystone.server.flask.request_processing.req_logging [None req-c90469f5-b708-4043-8f40-0bf68dc7b5e3 None None] REQUEST_METHOD: `GET` {{(pid=68838) log_request_info /opt/stack/keystone/keystone/server/flask/request_processing/req_logging.py:26}}
May 04 13:43:48 ubuntu devstack@keystone.service[68838]: DEBUG keystone.server.flask.request_processing.req_logging [None req-c90469f5-b708-4043-8f40-0bf68dc7b5e3 None None] SCRIPT_NAME: `/identity` {{(pid=68838) log_request_info /opt/stack/keystone/keystone/server/flask/request_processing/req_logging.py:27}}
May 04 13:43:48 ubuntu devstack@keystone.service[68838]: DEBUG keystone.server.flask.request_processing.req_logging [None req-c90469f5-b708-4043-8f40-0bf68dc7b5e3 None None] PATH_INFO: `/` {{(pid=68838) log_request_info /opt/stack/keystone/keystone/server/flask/request_processing/req_logging.py:28}}
May 04 13:43:48 ubuntu devstack@keystone.service[68838]: [pid: 68838|app: 0|req: 11/23] 10.120.125.137 () {56 vars in 950 bytes} [Mon May  4 13:43:48 2026] GET /identity => generated 271 bytes in 1 msecs (HTTP/1.1 300) 6 headers in 235 bytes (1 switches on core 0)
May 04 13:43:48 ubuntu devstack@keystone.service[68837]: DEBUG keystone.server.flask.request_processing.req_logging [None req-c40e1da8-9249-472e-b494-4da7e9e14c5c None None] REQUEST_METHOD: `GET` {{(pid=68837) log_request_info /opt/stack/keystone/keystone/server/flask/request_processing/req_logging.py:26}}
May 04 13:43:48 ubuntu devstack@keystone.service[68837]: DEBUG keystone.server.flask.request_processing.req_logging [None req-c40e1da8-9249-472e-b494-4da7e9e14c5c None None] SCRIPT_NAME: `/identity` {{(pid=68837) log_request_info /opt/stack/keystone/keystone/server/flask/request_processing/req_logging.py:27}}
May 04 13:43:48 ubuntu devstack@keystone.service[68837]: DEBUG keystone.server.flask.request_processing.req_logging [None req-c40e1da8-9249-472e-b494-4da7e9e14c5c None None] PATH_INFO: `/` {{(pid=68837) log_request_info /opt/stack/keystone/keystone/server/flask/request_processing/req_logging.py:28}}
May 04 13:43:48 ubuntu devstack@keystone.service[68837]: [pid: 68837|app: 0|req: 13/24] 10.120.125.137 () {56 vars in 951 bytes} [Mon May  4 13:43:48 2026] GET /identity => generated 271 bytes in 2 msecs (HTTP/1.1 300) 6 headers in 235 bytes (1 switches on core 0)
May 04 13:43:48 ubuntu devstack@keystone.service[68838]: DEBUG keystone.server.flask.request_processing.req_logging [None req-eadcb7e5-9c21-4e64-b86b-fb88657432f5 None None] REQUEST_METHOD: `GET` {{(pid=68838) log_request_info /opt/stack/keystone/keystone/server/flask/request_processing/req_logging.py:26}}
May 04 13:43:48 ubuntu devstack@keystone.service[68838]: DEBUG keystone.server.flask.request_processing.req_logging [None req-eadcb7e5-9c21-4e64-b86b-fb88657432f5 None None] SCRIPT_NAME: `/identity` {{(pid=68838) log_request_info /opt/stack/keystone/keystone/server/flask/request_processing/req_logging.py:27}}
May 04 13:43:48 ubuntu devstack@keystone.service[68838]: DEBUG keystone.server.flask.request_processing.req_logging [None req-eadcb7e5-9c21-4e64-b86b-fb88657432f5 None None] PATH_INFO: `/` {{(pid=68838) log_request_info /opt/stack/keystone/keystone/server/flask/request_processing/req_logging.py:28}}
May 04 13:43:48 ubuntu devstack@keystone.service[68838]: [pid: 68838|app: 0|req: 12/25] 10.120.125.137 () {56 vars in 951 bytes} [Mon May  4 13:43:48 2026] GET /identity => generated 271 bytes in 1 msecs (HTTP/1.1 300) 6 headers in 235 bytes (2 switches on core 0)
May 04 13:43:48 ubuntu devstack@keystone.service[68837]: DEBUG keystone.server.flask.request_processing.req_logging [None req-0f55af2b-da1b-4fe6-b902-fb0547f47e10 None None] REQUEST_METHOD: `POST` {{(pid=68837) log_request_info /opt/stack/keystone/keystone/server/flask/request_processing/req_logging.py:26}}
May 04 13:43:48 ubuntu devstack@keystone.service[68837]: DEBUG keystone.server.flask.request_processing.req_logging [None req-0f55af2b-da1b-4fe6-b902-fb0547f47e10 None None] SCRIPT_NAME: `/identity` {{(pid=68837) log_request_info /opt/stack/keystone/keystone/server/flask/request_processing/req_logging.py:27}}
May 04 13:43:48 ubuntu devstack@keystone.service[68837]: DEBUG keystone.server.flask.request_processing.req_logging [None req-0f55af2b-da1b-4fe6-b902-fb0547f47e10 None None] PATH_INFO: `/v3/auth/tokens` {{(pid=68837) log_request_info /opt/stack/keystone/keystone/server/flask/request_processing/req_logging.py:28}}
May 04 13:43:48 ubuntu devstack@keystone.service[68837]: WARNING keystone.common.password_hashing [None req-0f55af2b-da1b-4fe6-b902-fb0547f47e10 None None] Truncating password to algorithm specific maximum length 72 characters.
May 04 13:43:48 ubuntu devstack@keystone.service[68837]: DEBUG keystone.auth.core [None req-0f55af2b-da1b-4fe6-b902-fb0547f47e10 None None] MFA Rules not processed for user `1c828b207239429eb58ddfae5fd5e953`. Rule list: `[]` (Enabled: `True`). {{(pid=68837) check_auth_methods_against_rules /opt/stack/keystone/keystone/auth/core.py:476}}
May 04 13:43:48 ubuntu devstack@keystone.service[68837]: DEBUG keystone.common.fernet_utils [None req-0f55af2b-da1b-4fe6-b902-fb0547f47e10 None None] Loaded 2 Fernet keys from /etc/keystone/fernet-keys/, but `[fernet_tokens] max_active_keys = 3`; perhaps there have not been enough key rotations to reach `max_active_keys` yet? {{(pid=68837) load_keys /opt/stack/keystone/keystone/common/fernet_utils.py:297}}
May 04 13:43:48 ubuntu devstack@keystone.service[68838]: DEBUG keystone.server.flask.request_processing.req_logging [None req-5686e762-84c0-43fc-b811-faf1a7f8f642 None None] REQUEST_METHOD: `POST` {{(pid=68838) log_request_info /opt/stack/keystone/keystone/server/flask/request_processing/req_logging.py:26}}
May 04 13:43:48 ubuntu devstack@keystone.service[68838]: DEBUG keystone.server.flask.request_processing.req_logging [None req-5686e762-84c0-43fc-b811-faf1a7f8f642 None None] SCRIPT_NAME: `/identity` {{(pid=68838) log_request_info /opt/stack/keystone/keystone/server/flask/request_processing/req_logging.py:27}}
May 04 13:43:48 ubuntu devstack@keystone.service[68838]: DEBUG keystone.server.flask.request_processing.req_logging [None req-5686e762-84c0-43fc-b811-faf1a7f8f642 None None] PATH_INFO: `/v3/auth/tokens` {{(pid=68838) log_request_info /opt/stack/keystone/keystone/server/flask/request_processing/req_logging.py:28}}
May 04 13:43:48 ubuntu devstack@keystone.service[68838]: WARNING keystone.common.password_hashing [None req-5686e762-84c0-43fc-b811-faf1a7f8f642 None None] Truncating password to algorithm specific maximum length 72 characters.
May 04 13:43:48 ubuntu devstack@keystone.service[68837]: [pid: 68837|app: 0|req: 14/26] 10.120.125.137 () {60 vars in 1048 bytes} [Mon May  4 13:43:48 2026] POST /identity/v3/auth/tokens => generated 863 bytes in 64 msecs (HTTP/1.1 201) 6 headers in 363 bytes (2 switches on core 0)
May 04 13:43:48 ubuntu devstack@keystone.service[68838]: DEBUG keystone.auth.core [None req-5686e762-84c0-43fc-b811-faf1a7f8f642 None None] MFA Rules not processed for user `1c828b207239429eb58ddfae5fd5e953`. Rule list: `[]` (Enabled: `True`). {{(pid=68838) check_auth_methods_against_rules /opt/stack/keystone/keystone/auth/core.py:476}}
May 04 13:43:48 ubuntu devstack@keystone.service[68838]: DEBUG keystone.common.fernet_utils [None req-5686e762-84c0-43fc-b811-faf1a7f8f642 None None] Loaded 2 Fernet keys from /etc/keystone/fernet-keys/, but `[fernet_tokens] max_active_keys = 3`; perhaps there have not been enough key rotations to reach `max_active_keys` yet? {{(pid=68838) load_keys /opt/stack/keystone/keystone/common/fernet_utils.py:297}}
May 04 13:43:48 ubuntu devstack@keystone.service[68837]: DEBUG keystone.server.flask.request_processing.req_logging [None req-6c59b67c-5150-40ae-87de-4a7f8f895db6 None None] REQUEST_METHOD: `POST` {{(pid=68837) log_request_info /opt/stack/keystone/keystone/server/flask/request_processing/req_logging.py:26}}
May 04 13:43:48 ubuntu devstack@keystone.service[68837]: DEBUG keystone.server.flask.request_processing.req_logging [None req-6c59b67c-5150-40ae-87de-4a7f8f895db6 None None] SCRIPT_NAME: `/identity` {{(pid=68837) log_request_info /opt/stack/keystone/keystone/server/flask/request_processing/req_logging.py:27}}
May 04 13:43:48 ubuntu devstack@keystone.service[68837]: DEBUG keystone.server.flask.request_processing.req_logging [None req-6c59b67c-5150-40ae-87de-4a7f8f895db6 None None] PATH_INFO: `/v3/auth/tokens` {{(pid=68837) log_request_info /opt/stack/keystone/keystone/server/flask/request_processing/req_logging.py:28}}
May 04 13:43:48 ubuntu devstack@keystone.service[68838]: [pid: 68838|app: 0|req: 13/27] 10.120.125.137 () {60 vars in 1048 bytes} [Mon May  4 13:43:48 2026] POST /identity/v3/auth/tokens => generated 863 bytes in 77 msecs (HTTP/1.1 201) 6 headers in 363 bytes (1 switches on core 0)
May 04 13:43:48 ubuntu devstack@keystone.service[68837]: WARNING keystone.common.password_hashing [None req-6c59b67c-5150-40ae-87de-4a7f8f895db6 None None] Truncating password to algorithm specific maximum length 72 characters.
May 04 13:43:48 ubuntu devstack@keystone.service[68837]: DEBUG keystone.auth.core [None req-6c59b67c-5150-40ae-87de-4a7f8f895db6 None None] MFA Rules not processed for user `1c828b207239429eb58ddfae5fd5e953`. Rule list: `[]` (Enabled: `True`). {{(pid=68837) check_auth_methods_against_rules /opt/stack/keystone/keystone/auth/core.py:476}}
May 04 13:43:48 ubuntu devstack@keystone.service[68837]: DEBUG keystone.common.fernet_utils [None req-6c59b67c-5150-40ae-87de-4a7f8f895db6 None None] Loaded 2 Fernet keys from /etc/keystone/fernet-keys/, but `[fernet_tokens] max_active_keys = 3`; perhaps there have not been enough key rotations to reach `max_active_keys` yet? {{(pid=68837) load_keys /opt/stack/keystone/keystone/common/fernet_utils.py:297}}
May 04 13:43:48 ubuntu devstack@keystone.service[68837]: [pid: 68837|app: 0|req: 15/28] 10.120.125.137 () {60 vars in 1048 bytes} [Mon May  4 13:43:48 2026] POST /identity/v3/auth/tokens => generated 863 bytes in 63 msecs (HTTP/1.1 201) 6 headers in 363 bytes (2 switches on core 0)
May 04 13:43:48 ubuntu devstack@keystone.service[68838]: DEBUG keystone.server.flask.request_processing.req_logging [None req-26c62d65-e9e2-4bce-b71a-2f8fef0cbe4c None None] REQUEST_METHOD: `GET` {{(pid=68838) log_request_info /opt/stack/keystone/keystone/server/flask/request_processing/req_logging.py:26}}
May 04 13:43:48 ubuntu devstack@keystone.service[68838]: DEBUG keystone.server.flask.request_processing.req_logging [None req-26c62d65-e9e2-4bce-b71a-2f8fef0cbe4c None None] SCRIPT_NAME: `/identity` {{(pid=68838) log_request_info /opt/stack/keystone/keystone/server/flask/request_processing/req_logging.py:27}}
May 04 13:43:48 ubuntu devstack@keystone.service[68838]: DEBUG keystone.server.flask.request_processing.req_logging [None req-26c62d65-e9e2-4bce-b71a-2f8fef0cbe4c None None] PATH_INFO: `/` {{(pid=68838) log_request_info /opt/stack/keystone/keystone/server/flask/request_processing/req_logging.py:28}}
May 04 13:43:48 ubuntu devstack@keystone.service[68838]: [pid: 68838|app: 0|req: 14/29] 10.120.125.137 () {56 vars in 951 bytes} [Mon May  4 13:43:48 2026] GET /identity => generated 271 bytes in 1 msecs (HTTP/1.1 300) 6 headers in 235 bytes (1 switches on core 0)
May 04 13:43:48 ubuntu devstack@keystone.service[68837]: DEBUG keystone.server.flask.request_processing.req_logging [None req-dd5378f1-a2a2-462d-a026-3b03e06fce9f None None] REQUEST_METHOD: `POST` {{(pid=68837) log_request_info /opt/stack/keystone/keystone/server/flask/request_processing/req_logging.py:26}}
May 04 13:43:48 ubuntu devstack@keystone.service[68837]: DEBUG keystone.server.flask.request_processing.req_logging [None req-dd5378f1-a2a2-462d-a026-3b03e06fce9f None None] SCRIPT_NAME: `/identity` {{(pid=68837) log_request_info /opt/stack/keystone/keystone/server/flask/request_processing/req_logging.py:27}}
May 04 13:43:48 ubuntu devstack@keystone.service[68837]: DEBUG keystone.server.flask.request_processing.req_logging [None req-dd5378f1-a2a2-462d-a026-3b03e06fce9f None None] PATH_INFO: `/v3/auth/tokens` {{(pid=68837) log_request_info /opt/stack/keystone/keystone/server/flask/request_processing/req_logging.py:28}}
May 04 13:43:48 ubuntu devstack@keystone.service[68837]: WARNING keystone.common.password_hashing [None req-dd5378f1-a2a2-462d-a026-3b03e06fce9f None None] Truncating password to algorithm specific maximum length 72 characters.
May 04 13:43:48 ubuntu devstack@keystone.service[68837]: DEBUG keystone.auth.core [None req-dd5378f1-a2a2-462d-a026-3b03e06fce9f None None] MFA Rules not processed for user `1c828b207239429eb58ddfae5fd5e953`. Rule list: `[]` (Enabled: `True`). {{(pid=68837) check_auth_methods_against_rules /opt/stack/keystone/keystone/auth/core.py:476}}
May 04 13:43:48 ubuntu devstack@keystone.service[68837]: DEBUG keystone.common.fernet_utils [None req-dd5378f1-a2a2-462d-a026-3b03e06fce9f None None] Loaded 2 Fernet keys from /etc/keystone/fernet-keys/, but `[fernet_tokens] max_active_keys = 3`; perhaps there have not been enough key rotations to reach `max_active_keys` yet? {{(pid=68837) load_keys /opt/stack/keystone/keystone/common/fernet_utils.py:297}}
May 04 13:43:48 ubuntu devstack@keystone.service[68838]: DEBUG keystone.server.flask.request_processing.middleware.auth_context [None req-26c62d65-e9e2-4bce-b71a-2f8fef0cbe4c None None] Authenticating user token {{(pid=68838) process_request /opt/stack/data/venv/lib/python3.12/site-packages/keystonemiddleware/auth_token/__init__.py:407}}
May 04 13:43:48 ubuntu devstack@keystone.service[68837]: [pid: 68837|app: 0|req: 16/30] 10.120.125.137 () {60 vars in 1048 bytes} [Mon May  4 13:43:48 2026] POST /identity/v3/auth/tokens => generated 863 bytes in 60 msecs (HTTP/1.1 201) 6 headers in 363 bytes (1 switches on core 0)
May 04 13:43:48 ubuntu devstack@keystone.service[68837]: DEBUG keystone.server.flask.request_processing.middleware.auth_context [None req-dd5378f1-a2a2-462d-a026-3b03e06fce9f None None] Authenticating user token {{(pid=68837) process_request /opt/stack/data/venv/lib/python3.12/site-packages/keystonemiddleware/auth_token/__init__.py:407}}
May 04 13:43:48 ubuntu devstack@keystone.service[68838]: DEBUG keystone.server.flask.request_processing.middleware.auth_context [None req-26c62d65-e9e2-4bce-b71a-2f8fef0cbe4c None None] Validating token access rules against request {{(pid=68838) validate_allowed_request /opt/stack/data/venv/lib/python3.12/site-packages/keystonemiddleware/auth_token/__init__.py:545}}
May 04 13:43:48 ubuntu devstack@keystone.service[68837]: DEBUG keystone.server.flask.request_processing.middleware.auth_context [None req-dd5378f1-a2a2-462d-a026-3b03e06fce9f None None] Validating token access rules against request {{(pid=68837) validate_allowed_request /opt/stack/data/venv/lib/python3.12/site-packages/keystonemiddleware/auth_token/__init__.py:545}}
May 04 13:43:48 ubuntu devstack@keystone.service[68838]: DEBUG keystone.server.flask.request_processing.middleware.auth_context [None req-a5e0797a-d830-4bf5-90e0-6d69d2448887 None admin] RBAC: auth_context: {'token': <TokenModel (audit_id=h85i66yeR6CCsxa1AdgRSA, audit_chain_id=['h85i66yeR6CCsxa1AdgRSA']) at 0x7e69c0a822d0>, 'domain_id': None, 'trust_id': None, 'trustor_id': None, 'trustee_id': None, 'domain_name': None, 'group_ids': [], 'user_id': '1c828b207239429eb58ddfae5fd5e953', 'user_domain_id': 'default', 'system_scope': 'all', 'project_id': None, 'project_domain_id': None, 'roles': ['admin', 'manager', 'member', 'reader'], 'is_admin_project': True, 'service_user_id': None, 'service_user_domain_id': None, 'service_project_id': None, 'service_project_domain_id': None, 'service_roles': []} {{(pid=68838) fill_context /opt/stack/keystone/keystone/server/flask/request_processing/middleware/auth_context.py:509}}
May 04 13:43:48 ubuntu devstack@keystone.service[68838]: DEBUG keystone.server.flask.request_processing.req_logging [None req-a5e0797a-d830-4bf5-90e0-6d69d2448887 None admin] REQUEST_METHOD: `GET` {{(pid=68838) log_request_info /opt/stack/keystone/keystone/server/flask/request_processing/req_logging.py:26}}
May 04 13:43:48 ubuntu devstack@keystone.service[68838]: DEBUG keystone.server.flask.request_processing.req_logging [None req-a5e0797a-d830-4bf5-90e0-6d69d2448887 None admin] SCRIPT_NAME: `/identity` {{(pid=68838) log_request_info /opt/stack/keystone/keystone/server/flask/request_processing/req_logging.py:27}}
May 04 13:43:48 ubuntu devstack@keystone.service[68838]: DEBUG keystone.server.flask.request_processing.req_logging [None req-a5e0797a-d830-4bf5-90e0-6d69d2448887 None admin] PATH_INFO: `/v3/domains/Default` {{(pid=68838) log_request_info /opt/stack/keystone/keystone/server/flask/request_processing/req_logging.py:28}}
May 04 13:43:48 ubuntu devstack@keystone.service[68838]: DEBUG keystone.common.rbac_enforcer.enforcer [None req-a5e0797a-d830-4bf5-90e0-6d69d2448887 None admin] RBAC: Authorizing `identity:get_domain(domain_id=Default)` {{(pid=68838) enforce_call /opt/stack/keystone/keystone/common/rbac_enforcer/enforcer.py:494}}
May 04 13:43:48 ubuntu devstack@keystone.service[68838]: DEBUG keystone.common.rbac_enforcer.enforcer [None req-a5e0797a-d830-4bf5-90e0-6d69d2448887 None admin] RBAC: Authorization granted {{(pid=68838) enforce_call /opt/stack/keystone/keystone/common/rbac_enforcer/enforcer.py:505}}
May 04 13:43:48 ubuntu devstack@keystone.service[68837]: DEBUG keystone.server.flask.request_processing.middleware.auth_context [None req-1f8a1ec3-d44e-4b4b-adc7-66927e865738 None admin] RBAC: auth_context: {'token': <TokenModel (audit_id=5nMqHTJmREKdc3_W4NPg3g, audit_chain_id=['5nMqHTJmREKdc3_W4NPg3g']) at 0x7e69c0a64920>, 'domain_id': None, 'trust_id': None, 'trustor_id': None, 'trustee_id': None, 'domain_name': None, 'group_ids': [], 'user_id': '1c828b207239429eb58ddfae5fd5e953', 'user_domain_id': 'default', 'system_scope': 'all', 'project_id': None, 'project_domain_id': None, 'roles': ['admin', 'manager', 'member', 'reader'], 'is_admin_project': True, 'service_user_id': None, 'service_user_domain_id': None, 'service_project_id': None, 'service_project_domain_id': None, 'service_roles': []} {{(pid=68837) fill_context /opt/stack/keystone/keystone/server/flask/request_processing/middleware/auth_context.py:509}}
May 04 13:43:48 ubuntu devstack@keystone.service[68837]: DEBUG keystone.server.flask.request_processing.req_logging [None req-1f8a1ec3-d44e-4b4b-adc7-66927e865738 None admin] REQUEST_METHOD: `GET` {{(pid=68837) log_request_info /opt/stack/keystone/keystone/server/flask/request_processing/req_logging.py:26}}
May 04 13:43:48 ubuntu devstack@keystone.service[68837]: DEBUG keystone.server.flask.request_processing.req_logging [None req-1f8a1ec3-d44e-4b4b-adc7-66927e865738 None admin] SCRIPT_NAME: `/identity` {{(pid=68837) log_request_info /opt/stack/keystone/keystone/server/flask/request_processing/req_logging.py:27}}
May 04 13:43:48 ubuntu devstack@keystone.service[68837]: DEBUG keystone.server.flask.request_processing.req_logging [None req-1f8a1ec3-d44e-4b4b-adc7-66927e865738 None admin] PATH_INFO: `/v3/roles/admin` {{(pid=68837) log_request_info /opt/stack/keystone/keystone/server/flask/request_processing/req_logging.py:28}}
May 04 13:43:48 ubuntu devstack@keystone.service[68838]: DEBUG keystone.server.flask.application [None req-a5e0797a-d830-4bf5-90e0-6d69d2448887 None admin] Could not find domain: Default. {{(pid=68838) _handle_keystone_exception /opt/stack/keystone/keystone/server/flask/application.py:146}}
May 04 13:43:48 ubuntu devstack@keystone.service[68838]: [pid: 68838|app: 0|req: 15/31] 10.120.125.137 () {58 vars in 1176 bytes} [Mon May  4 13:43:48 2026] GET /identity/v3/domains/Default => generated 87 bytes in 93 msecs (HTTP/1.1 404) 5 headers in 183 bytes (1 switches on core 0)
May 04 13:43:48 ubuntu devstack@keystone.service[68838]: DEBUG keystone.server.flask.request_processing.req_logging [None req-4c815faa-20d8-4ced-975c-6fa358eee1df None None] REQUEST_METHOD: `GET` {{(pid=68838) log_request_info /opt/stack/keystone/keystone/server/flask/request_processing/req_logging.py:26}}
May 04 13:43:48 ubuntu devstack@keystone.service[68838]: DEBUG keystone.server.flask.request_processing.req_logging [None req-4c815faa-20d8-4ced-975c-6fa358eee1df None None] SCRIPT_NAME: `/identity` {{(pid=68838) log_request_info /opt/stack/keystone/keystone/server/flask/request_processing/req_logging.py:27}}
May 04 13:43:48 ubuntu devstack@keystone.service[68838]: DEBUG keystone.server.flask.request_processing.req_logging [None req-4c815faa-20d8-4ced-975c-6fa358eee1df None None] PATH_INFO: `/` {{(pid=68838) log_request_info /opt/stack/keystone/keystone/server/flask/request_processing/req_logging.py:28}}
May 04 13:43:48 ubuntu devstack@keystone.service[68838]: [pid: 68838|app: 0|req: 16/32] 10.120.125.137 () {56 vars in 951 bytes} [Mon May  4 13:43:48 2026] GET /identity => generated 271 bytes in 1 msecs (HTTP/1.1 300) 6 headers in 235 bytes (1 switches on core 0)
May 04 13:43:48 ubuntu devstack@keystone.service[68837]: DEBUG keystone.common.rbac_enforcer.enforcer [None req-1f8a1ec3-d44e-4b4b-adc7-66927e865738 None admin] Extracting inferred target data resulted in "NOT FOUND (404)". {{(pid=68837) enforce_call /opt/stack/keystone/keystone/common/rbac_enforcer/enforcer.py:445}}
May 04 13:43:48 ubuntu devstack@keystone.service[68837]: DEBUG keystone.server.flask.application [None req-1f8a1ec3-d44e-4b4b-adc7-66927e865738 None admin] Could not find role: admin. {{(pid=68837) _handle_keystone_exception /opt/stack/keystone/keystone/server/flask/application.py:146}}
May 04 13:43:48 ubuntu devstack@keystone.service[68837]: [pid: 68837|app: 0|req: 17/33] 10.120.125.137 () {58 vars in 1164 bytes} [Mon May  4 13:43:48 2026] GET /identity/v3/roles/admin => generated 83 bytes in 84 msecs (HTTP/1.1 404) 5 headers in 183 bytes (1 switches on core 0)
May 04 13:43:49 ubuntu devstack@keystone.service[68838]: DEBUG keystone.server.flask.request_processing.middleware.auth_context [None req-4c815faa-20d8-4ced-975c-6fa358eee1df None None] Authenticating user token {{(pid=68838) process_request /opt/stack/data/venv/lib/python3.12/site-packages/keystonemiddleware/auth_token/__init__.py:407}}
May 04 13:43:49 ubuntu devstack@keystone.service[68837]: DEBUG keystone.server.flask.request_processing.middleware.auth_context [None req-1f8a1ec3-d44e-4b4b-adc7-66927e865738 None admin] Authenticating user token {{(pid=68837) process_request /opt/stack/data/venv/lib/python3.12/site-packages/keystonemiddleware/auth_token/__init__.py:407}}
May 04 13:43:49 ubuntu devstack@keystone.service[68838]: DEBUG keystone.server.flask.request_processing.middleware.auth_context [None req-4c815faa-20d8-4ced-975c-6fa358eee1df None None] Validating token access rules against request {{(pid=68838) validate_allowed_request /opt/stack/data/venv/lib/python3.12/site-packages/keystonemiddleware/auth_token/__init__.py:545}}
May 04 13:43:49 ubuntu devstack@keystone.service[68837]: DEBUG keystone.server.flask.request_processing.middleware.auth_context [None req-1f8a1ec3-d44e-4b4b-adc7-66927e865738 None admin] Validating token access rules against request {{(pid=68837) validate_allowed_request /opt/stack/data/venv/lib/python3.12/site-packages/keystonemiddleware/auth_token/__init__.py:545}}
May 04 13:43:49 ubuntu devstack@keystone.service[68838]: DEBUG keystone.server.flask.request_processing.middleware.auth_context [None req-586b0dd7-a79c-48e0-9e55-a2d31830c66b None admin] RBAC: auth_context: {'token': <TokenModel (audit_id=5nMqHTJmREKdc3_W4NPg3g, audit_chain_id=['5nMqHTJmREKdc3_W4NPg3g']) at 0x7e69c0916d20>, 'domain_id': None, 'trust_id': None, 'trustor_id': None, 'trustee_id': None, 'domain_name': None, 'group_ids': [], 'user_id': '1c828b207239429eb58ddfae5fd5e953', 'user_domain_id': 'default', 'system_scope': 'all', 'project_id': None, 'project_domain_id': None, 'roles': ['admin', 'manager', 'member', 'reader'], 'is_admin_project': True, 'service_user_id': None, 'service_user_domain_id': None, 'service_project_id': None, 'service_project_domain_id': None, 'service_roles': []} {{(pid=68838) fill_context /opt/stack/keystone/keystone/server/flask/request_processing/middleware/auth_context.py:509}}
May 04 13:43:49 ubuntu devstack@keystone.service[68838]: DEBUG keystone.server.flask.request_processing.req_logging [None req-586b0dd7-a79c-48e0-9e55-a2d31830c66b None admin] REQUEST_METHOD: `GET` {{(pid=68838) log_request_info /opt/stack/keystone/keystone/server/flask/request_processing/req_logging.py:26}}
May 04 13:43:49 ubuntu devstack@keystone.service[68838]: DEBUG keystone.server.flask.request_processing.req_logging [None req-586b0dd7-a79c-48e0-9e55-a2d31830c66b None admin] SCRIPT_NAME: `/identity` {{(pid=68838) log_request_info /opt/stack/keystone/keystone/server/flask/request_processing/req_logging.py:27}}
May 04 13:43:49 ubuntu devstack@keystone.service[68838]: DEBUG keystone.server.flask.request_processing.req_logging [None req-586b0dd7-a79c-48e0-9e55-a2d31830c66b None admin] PATH_INFO: `/v3/roles` {{(pid=68838) log_request_info /opt/stack/keystone/keystone/server/flask/request_processing/req_logging.py:28}}
May 04 13:43:49 ubuntu devstack@keystone.service[68838]: DEBUG keystone.common.rbac_enforcer.enforcer [None req-586b0dd7-a79c-48e0-9e55-a2d31830c66b None admin] RBAC: Adding query filter params (name=admin) {{(pid=68838) _extract_filter_values /opt/stack/keystone/keystone/common/rbac_enforcer/enforcer.py:176}}
May 04 13:43:49 ubuntu devstack@keystone.service[68838]: DEBUG keystone.common.rbac_enforcer.enforcer [None req-586b0dd7-a79c-48e0-9e55-a2d31830c66b None admin] RBAC: Authorizing `identity:list_roles()` {{(pid=68838) enforce_call /opt/stack/keystone/keystone/common/rbac_enforcer/enforcer.py:494}}
May 04 13:43:49 ubuntu devstack@keystone.service[68838]: DEBUG keystone.common.rbac_enforcer.enforcer [None req-586b0dd7-a79c-48e0-9e55-a2d31830c66b None admin] RBAC: Authorization granted {{(pid=68838) enforce_call /opt/stack/keystone/keystone/common/rbac_enforcer/enforcer.py:505}}
May 04 13:43:49 ubuntu devstack@keystone.service[68837]: DEBUG keystone.server.flask.request_processing.middleware.auth_context [None req-830ec0ca-d79e-40ce-ae5b-8e99d312eceb None admin] RBAC: auth_context: {'token': <TokenModel (audit_id=h85i66yeR6CCsxa1AdgRSA, audit_chain_id=['h85i66yeR6CCsxa1AdgRSA']) at 0x7e69c0b3e510>, 'domain_id': None, 'trust_id': None, 'trustor_id': None, 'trustee_id': None, 'domain_name': None, 'group_ids': [], 'user_id': '1c828b207239429eb58ddfae5fd5e953', 'user_domain_id': 'default', 'system_scope': 'all', 'project_id': None, 'project_domain_id': None, 'roles': ['admin', 'manager', 'member', 'reader'], 'is_admin_project': True, 'service_user_id': None, 'service_user_domain_id': None, 'service_project_id': None, 'service_project_domain_id': None, 'service_roles': []} {{(pid=68837) fill_context /opt/stack/keystone/keystone/server/flask/request_processing/middleware/auth_context.py:509}}
May 04 13:43:49 ubuntu devstack@keystone.service[68837]: DEBUG keystone.server.flask.request_processing.req_logging [None req-830ec0ca-d79e-40ce-ae5b-8e99d312eceb None admin] REQUEST_METHOD: `GET` {{(pid=68837) log_request_info /opt/stack/keystone/keystone/server/flask/request_processing/req_logging.py:26}}
May 04 13:43:49 ubuntu devstack@keystone.service[68837]: DEBUG keystone.server.flask.request_processing.req_logging [None req-830ec0ca-d79e-40ce-ae5b-8e99d312eceb None admin] SCRIPT_NAME: `/identity` {{(pid=68837) log_request_info /opt/stack/keystone/keystone/server/flask/request_processing/req_logging.py:27}}
May 04 13:43:49 ubuntu devstack@keystone.service[68837]: DEBUG keystone.server.flask.request_processing.req_logging [None req-830ec0ca-d79e-40ce-ae5b-8e99d312eceb None admin] PATH_INFO: `/v3/domains` {{(pid=68837) log_request_info /opt/stack/keystone/keystone/server/flask/request_processing/req_logging.py:28}}
May 04 13:43:49 ubuntu devstack@keystone.service[68837]: DEBUG keystone.common.rbac_enforcer.enforcer [None req-830ec0ca-d79e-40ce-ae5b-8e99d312eceb None admin] RBAC: Adding query filter params (name=Default) {{(pid=68837) _extract_filter_values /opt/stack/keystone/keystone/common/rbac_enforcer/enforcer.py:176}}
May 04 13:43:49 ubuntu devstack@keystone.service[68837]: DEBUG keystone.common.rbac_enforcer.enforcer [None req-830ec0ca-d79e-40ce-ae5b-8e99d312eceb None admin] RBAC: Authorizing `identity:list_domains()` {{(pid=68837) enforce_call /opt/stack/keystone/keystone/common/rbac_enforcer/enforcer.py:494}}
May 04 13:43:49 ubuntu devstack@keystone.service[68837]: DEBUG keystone.common.rbac_enforcer.enforcer [None req-830ec0ca-d79e-40ce-ae5b-8e99d312eceb None admin] RBAC: Authorization granted {{(pid=68837) enforce_call /opt/stack/keystone/keystone/common/rbac_enforcer/enforcer.py:505}}
May 04 13:43:49 ubuntu devstack@keystone.service[68838]: [pid: 68838|app: 0|req: 17/34] 10.120.125.137 () {58 vars in 1180 bytes} [Mon May  4 13:43:48 2026] GET /identity/v3/roles?name=admin => generated 341 bytes in 74 msecs (HTTP/1.1 200) 5 headers in 177 bytes (1 switches on core 0)
May 04 13:43:49 ubuntu devstack@keystone.service[68838]: DEBUG keystone.server.flask.request_processing.middleware.auth_context [None req-586b0dd7-a79c-48e0-9e55-a2d31830c66b None admin] Authenticating user token {{(pid=68838) process_request /opt/stack/data/venv/lib/python3.12/site-packages/keystonemiddleware/auth_token/__init__.py:407}}
May 04 13:43:49 ubuntu devstack@keystone.service[68837]: [pid: 68837|app: 0|req: 18/35] 10.120.125.137 () {58 vars in 1190 bytes} [Mon May  4 13:43:49 2026] GET /identity/v3/domains?name=Default => generated 310 bytes in 73 msecs (HTTP/1.1 200) 5 headers in 177 bytes (1 switches on core 0)
May 04 13:43:49 ubuntu devstack@keystone.service[68837]: DEBUG keystone.server.flask.request_processing.req_logging [None req-6694519a-3384-4d15-a5b9-1511dfe2133a None None] REQUEST_METHOD: `POST` {{(pid=68837) log_request_info /opt/stack/keystone/keystone/server/flask/request_processing/req_logging.py:26}}
May 04 13:43:49 ubuntu devstack@keystone.service[68837]: DEBUG keystone.server.flask.request_processing.req_logging [None req-6694519a-3384-4d15-a5b9-1511dfe2133a None None] SCRIPT_NAME: `/identity` {{(pid=68837) log_request_info /opt/stack/keystone/keystone/server/flask/request_processing/req_logging.py:27}}
May 04 13:43:49 ubuntu devstack@keystone.service[68837]: DEBUG keystone.server.flask.request_processing.req_logging [None req-6694519a-3384-4d15-a5b9-1511dfe2133a None None] PATH_INFO: `/v3/auth/tokens` {{(pid=68837) log_request_info /opt/stack/keystone/keystone/server/flask/request_processing/req_logging.py:28}}
May 04 13:43:49 ubuntu devstack@keystone.service[68837]: WARNING keystone.common.password_hashing [None req-6694519a-3384-4d15-a5b9-1511dfe2133a None None] Truncating password to algorithm specific maximum length 72 characters.
May 04 13:43:49 ubuntu devstack@keystone.service[68837]: DEBUG keystone.auth.core [None req-6694519a-3384-4d15-a5b9-1511dfe2133a None None] MFA Rules not processed for user `1c828b207239429eb58ddfae5fd5e953`. Rule list: `[]` (Enabled: `True`). {{(pid=68837) check_auth_methods_against_rules /opt/stack/keystone/keystone/auth/core.py:476}}
May 04 13:43:49 ubuntu devstack@keystone.service[68837]: DEBUG keystone.common.fernet_utils [None req-6694519a-3384-4d15-a5b9-1511dfe2133a None None] Loaded 2 Fernet keys from /etc/keystone/fernet-keys/, but `[fernet_tokens] max_active_keys = 3`; perhaps there have not been enough key rotations to reach `max_active_keys` yet? {{(pid=68837) load_keys /opt/stack/keystone/keystone/common/fernet_utils.py:297}}
May 04 13:43:49 ubuntu devstack@keystone.service[68838]: DEBUG keystone.server.flask.request_processing.middleware.auth_context [None req-586b0dd7-a79c-48e0-9e55-a2d31830c66b None admin] Validating token access rules against request {{(pid=68838) validate_allowed_request /opt/stack/data/venv/lib/python3.12/site-packages/keystonemiddleware/auth_token/__init__.py:545}}
May 04 13:43:49 ubuntu devstack@keystone.service[68838]: DEBUG keystone.server.flask.request_processing.middleware.auth_context [None req-b4d046b7-d9ed-4d6f-ab1c-60307a1c6647 None admin] RBAC: auth_context: {'token': <TokenModel (audit_id=dq0DQNLlSAGdM88cHT7ObA, audit_chain_id=['dq0DQNLlSAGdM88cHT7ObA']) at 0x7e69c0a681d0>, 'domain_id': None, 'trust_id': None, 'trustor_id': None, 'trustee_id': None, 'domain_name': None, 'group_ids': [], 'user_id': '1c828b207239429eb58ddfae5fd5e953', 'user_domain_id': 'default', 'system_scope': 'all', 'project_id': None, 'project_domain_id': None, 'roles': ['admin', 'manager', 'member', 'reader'], 'is_admin_project': True, 'service_user_id': None, 'service_user_domain_id': None, 'service_project_id': None, 'service_project_domain_id': None, 'service_roles': []} {{(pid=68838) fill_context /opt/stack/keystone/keystone/server/flask/request_processing/middleware/auth_context.py:509}}
May 04 13:43:49 ubuntu devstack@keystone.service[68838]: DEBUG keystone.server.flask.request_processing.req_logging [None req-b4d046b7-d9ed-4d6f-ab1c-60307a1c6647 None admin] REQUEST_METHOD: `POST` {{(pid=68838) log_request_info /opt/stack/keystone/keystone/server/flask/request_processing/req_logging.py:26}}
May 04 13:43:49 ubuntu devstack@keystone.service[68838]: DEBUG keystone.server.flask.request_processing.req_logging [None req-b4d046b7-d9ed-4d6f-ab1c-60307a1c6647 None admin] SCRIPT_NAME: `/identity` {{(pid=68838) log_request_info /opt/stack/keystone/keystone/server/flask/request_processing/req_logging.py:27}}
May 04 13:43:49 ubuntu devstack@keystone.service[68838]: DEBUG keystone.server.flask.request_processing.req_logging [None req-b4d046b7-d9ed-4d6f-ab1c-60307a1c6647 None admin] PATH_INFO: `/v3/roles` {{(pid=68838) log_request_info /opt/stack/keystone/keystone/server/flask/request_processing/req_logging.py:28}}
May 04 13:43:49 ubuntu devstack@keystone.service[68838]: DEBUG keystone.common.rbac_enforcer.enforcer [None req-b4d046b7-d9ed-4d6f-ab1c-60307a1c6647 None admin] RBAC: Authorizing `identity:create_role()` {{(pid=68838) enforce_call /opt/stack/keystone/keystone/common/rbac_enforcer/enforcer.py:494}}
May 04 13:43:49 ubuntu devstack@keystone.service[68838]: DEBUG keystone.common.rbac_enforcer.enforcer [None req-b4d046b7-d9ed-4d6f-ab1c-60307a1c6647 None admin] RBAC: Authorization granted {{(pid=68838) enforce_call /opt/stack/keystone/keystone/common/rbac_enforcer/enforcer.py:505}}
May 04 13:43:49 ubuntu devstack@keystone.service[68838]: DEBUG keystone.common.sql.core [None req-b4d046b7-d9ed-4d6f-ab1c-60307a1c6647 None admin] Conflict role: (pymysql.err.IntegrityError) (1062, "Duplicate entry 'service-<<null>>' for key 'role.ixu_role_name_domain_id'")
May 04 13:43:49 ubuntu devstack@keystone.service[68838]: [SQL: INSERT INTO `role` (id, name, description, extra) VALUES (%(id)s, %(name)s, %(description)s, %(extra)s)]
May 04 13:43:49 ubuntu devstack@keystone.service[68838]: [parameters: {'id': '5a9f6c0a565446b3b84c31f735c68306', 'name': 'service', 'description': None, 'extra': '{}'}]
May 04 13:43:49 ubuntu devstack@keystone.service[68838]: (Background on this error at: https://sqlalche.me/e/20/gkpj) {{(pid=68838) wrapper /opt/stack/keystone/keystone/common/sql/core.py:580}}
May 04 13:43:49 ubuntu devstack@keystone.service[68837]: [pid: 68837|app: 0|req: 19/36] 10.120.125.137 () {60 vars in 1048 bytes} [Mon May  4 13:43:49 2026] POST /identity/v3/auth/tokens => generated 863 bytes in 50 msecs (HTTP/1.1 201) 6 headers in 363 bytes (1 switches on core 0)
May 04 13:43:49 ubuntu devstack@keystone.service[68837]: DEBUG keystone.server.flask.request_processing.middleware.auth_context [None req-6694519a-3384-4d15-a5b9-1511dfe2133a None None] Authenticating user token {{(pid=68837) process_request /opt/stack/data/venv/lib/python3.12/site-packages/keystonemiddleware/auth_token/__init__.py:407}}
May 04 13:43:49 ubuntu devstack@keystone.service[68838]: ERROR keystone.server.flask.application [None req-b4d046b7-d9ed-4d6f-ab1c-60307a1c6647 None admin] Conflict occurred attempting to store role - Duplicate entry found with name service.: keystone.exception.Conflict: Conflict occurred attempting to store role - Duplicate entry found with name service.
May 04 13:43:49 ubuntu devstack@keystone.service[68838]: ERROR keystone.server.flask.application Traceback (most recent call last):
May 04 13:43:49 ubuntu devstack@keystone.service[68838]: ERROR keystone.server.flask.application   File "/opt/stack/data/venv/lib/python3.12/site-packages/sqlalchemy/engine/base.py", line 1967, in _exec_single_context
May 04 13:43:49 ubuntu devstack@keystone.service[68838]: ERROR keystone.server.flask.application     self.dialect.do_execute(
May 04 13:43:49 ubuntu devstack@keystone.service[68838]: ERROR keystone.server.flask.application   File "/opt/stack/data/venv/lib/python3.12/site-packages/sqlalchemy/engine/default.py", line 952, in do_execute
May 04 13:43:49 ubuntu devstack@keystone.service[68838]: ERROR keystone.server.flask.application     cursor.execute(statement, parameters)
May 04 13:43:49 ubuntu devstack@keystone.service[68838]: ERROR keystone.server.flask.application   File "/opt/stack/data/venv/lib/python3.12/site-packages/pymysql/cursors.py", line 153, in execute
May 04 13:43:49 ubuntu devstack@keystone.service[68838]: ERROR keystone.server.flask.application     result = self._query(query)
May 04 13:43:49 ubuntu devstack@keystone.service[68838]: ERROR keystone.server.flask.application              ^^^^^^^^^^^^^^^^^^
May 04 13:43:49 ubuntu devstack@keystone.service[68838]: ERROR keystone.server.flask.application   File "/opt/stack/data/venv/lib/python3.12/site-packages/pymysql/cursors.py", line 322, in _query
May 04 13:43:49 ubuntu devstack@keystone.service[68838]: ERROR keystone.server.flask.application     conn.query(q)
May 04 13:43:49 ubuntu devstack@keystone.service[68838]: ERROR keystone.server.flask.application   File "/opt/stack/data/venv/lib/python3.12/site-packages/pymysql/connections.py", line 575, in query
May 04 13:43:49 ubuntu devstack@keystone.service[68838]: ERROR keystone.server.flask.application     self._affected_rows = self._read_query_result(unbuffered=unbuffered)
May 04 13:43:49 ubuntu devstack@keystone.service[68838]: ERROR keystone.server.flask.application                           ^^^^^^^^^^^^^^^^^^^^^^^^^^^^^^^^^^^^^^^^^^^^^^
May 04 13:43:49 ubuntu devstack@keystone.service[68838]: ERROR keystone.server.flask.application   File "/opt/stack/data/venv/lib/python3.12/site-packages/pymysql/connections.py", line 826, in _read_query_result
May 04 13:43:49 ubuntu devstack@keystone.service[68838]: ERROR keystone.server.flask.application     result.read()
May 04 13:43:49 ubuntu devstack@keystone.service[68838]: ERROR keystone.server.flask.application   File "/opt/stack/data/venv/lib/python3.12/site-packages/pymysql/connections.py", line 1203, in read
May 04 13:43:49 ubuntu devstack@keystone.service[68838]: ERROR keystone.server.flask.application     first_packet = self.connection._read_packet()
May 04 13:43:49 ubuntu devstack@keystone.service[68838]: ERROR keystone.server.flask.application                    ^^^^^^^^^^^^^^^^^^^^^^^^^^^^^^
May 04 13:43:49 ubuntu devstack@keystone.service[68838]: ERROR keystone.server.flask.application   File "/opt/stack/data/venv/lib/python3.12/site-packages/pymysql/connections.py", line 782, in _read_packet
May 04 13:43:49 ubuntu devstack@keystone.service[68838]: ERROR keystone.server.flask.application     packet.raise_for_error()
May 04 13:43:49 ubuntu devstack@keystone.service[68838]: ERROR keystone.server.flask.application   File "/opt/stack/data/venv/lib/python3.12/site-packages/pymysql/protocol.py", line 219, in raise_for_error
May 04 13:43:49 ubuntu devstack@keystone.service[68838]: ERROR keystone.server.flask.application     err.raise_mysql_exception(self._data)
May 04 13:43:49 ubuntu devstack@keystone.service[68838]: ERROR keystone.server.flask.application   File "/opt/stack/data/venv/lib/python3.12/site-packages/pymysql/err.py", line 150, in raise_mysql_exception
May 04 13:43:49 ubuntu devstack@keystone.service[68838]: ERROR keystone.server.flask.application     raise errorclass(errno, errval)
May 04 13:43:49 ubuntu devstack@keystone.service[68838]: ERROR keystone.server.flask.application pymysql.err.IntegrityError: (1062, "Duplicate entry 'service-<<null>>' for key 'role.ixu_role_name_domain_id'")
May 04 13:43:49 ubuntu devstack@keystone.service[68838]: ERROR keystone.server.flask.application 
May 04 13:43:49 ubuntu devstack@keystone.service[68838]: ERROR keystone.server.flask.application The above exception was the direct cause of the following exception:
May 04 13:43:49 ubuntu devstack@keystone.service[68838]: ERROR keystone.server.flask.application 
May 04 13:43:49 ubuntu devstack@keystone.service[68838]: ERROR keystone.server.flask.application Traceback (most recent call last):
May 04 13:43:49 ubuntu devstack@keystone.service[68838]: ERROR keystone.server.flask.application   File "/opt/stack/keystone/keystone/common/sql/core.py", line 575, in wrapper
May 04 13:43:49 ubuntu devstack@keystone.service[68838]: ERROR keystone.server.flask.application     return method(*args, **kwargs)
May 04 13:43:49 ubuntu devstack@keystone.service[68838]: ERROR keystone.server.flask.application            ^^^^^^^^^^^^^^^^^^^^^^^
May 04 13:43:49 ubuntu devstack@keystone.service[68838]: ERROR keystone.server.flask.application   File "/opt/stack/keystone/keystone/assignment/role_backends/sql.py", line 25, in create_role
May 04 13:43:49 ubuntu devstack@keystone.service[68838]: ERROR keystone.server.flask.application     with sql.session_for_write() as session:
May 04 13:43:49 ubuntu devstack@keystone.service[68838]: ERROR keystone.server.flask.application   File "/usr/lib/python3.12/contextlib.py", line 144, in __exit__
May 04 13:43:49 ubuntu devstack@keystone.service[68838]: ERROR keystone.server.flask.application     next(self.gen)
May 04 13:43:49 ubuntu devstack@keystone.service[68838]: ERROR keystone.server.flask.application   File "/opt/stack/data/venv/lib/python3.12/site-packages/oslo_db/sqlalchemy/enginefacade.py", line 1175, in _transaction_scope
May 04 13:43:49 ubuntu devstack@keystone.service[68838]: ERROR keystone.server.flask.application     with current._produce_block(
May 04 13:43:49 ubuntu devstack@keystone.service[68838]: ERROR keystone.server.flask.application   File "/usr/lib/python3.12/contextlib.py", line 144, in __exit__
May 04 13:43:49 ubuntu devstack@keystone.service[68838]: ERROR keystone.server.flask.application     next(self.gen)
May 04 13:43:49 ubuntu devstack@keystone.service[68838]: ERROR keystone.server.flask.application   File "/opt/stack/data/venv/lib/python3.12/site-packages/oslo_db/sqlalchemy/enginefacade.py", line 837, in _session
May 04 13:43:49 ubuntu devstack@keystone.service[68838]: ERROR keystone.server.flask.application     with excutils.save_and_reraise_exception():
May 04 13:43:49 ubuntu devstack@keystone.service[68838]: ERROR keystone.server.flask.application   File "/opt/stack/data/venv/lib/python3.12/site-packages/oslo_utils/excutils.py", line 271, in __exit__
May 04 13:43:49 ubuntu devstack@keystone.service[68838]: ERROR keystone.server.flask.application     self.force_reraise()
May 04 13:43:49 ubuntu devstack@keystone.service[68838]: ERROR keystone.server.flask.application   File "/opt/stack/data/venv/lib/python3.12/site-packages/oslo_utils/excutils.py", line 233, in force_reraise
