Apr 14 18:24:19 ubuntu devstack@keystone.service[67699]: ERROR keystone.server.flask.application   File "/opt/stack/data/venv/lib/python3.12/site-packages/pymysql/connections.py", line 575, in query
Apr 14 18:24:19 ubuntu devstack@keystone.service[67699]: ERROR keystone.server.flask.application     self._affected_rows = self._read_query_result(unbuffered=unbuffered)
Apr 14 18:24:19 ubuntu devstack@keystone.service[67699]: ERROR keystone.server.flask.application                           ^^^^^^^^^^^^^^^^^^^^^^^^^^^^^^^^^^^^^^^^^^^^^^
Apr 14 18:24:19 ubuntu devstack@keystone.service[67699]: ERROR keystone.server.flask.application   File "/opt/stack/data/venv/lib/python3.12/site-packages/pymysql/connections.py", line 826, in _read_query_result
Apr 14 18:24:19 ubuntu devstack@keystone.service[67699]: ERROR keystone.server.flask.application     result.read()
Apr 14 18:24:19 ubuntu devstack@keystone.service[67699]: ERROR keystone.server.flask.application   File "/opt/stack/data/venv/lib/python3.12/site-packages/pymysql/connections.py", line 1203, in read
Apr 14 18:24:19 ubuntu devstack@keystone.service[67699]: ERROR keystone.server.flask.application     first_packet = self.connection._read_packet()
Apr 14 18:24:19 ubuntu devstack@keystone.service[67699]: ERROR keystone.server.flask.application                    ^^^^^^^^^^^^^^^^^^^^^^^^^^^^^^
Apr 14 18:24:19 ubuntu devstack@keystone.service[67699]: ERROR keystone.server.flask.application   File "/opt/stack/data/venv/lib/python3.12/site-packages/pymysql/connections.py", line 782, in _read_packet
Apr 14 18:24:19 ubuntu devstack@keystone.service[67699]: ERROR keystone.server.flask.application     packet.raise_for_error()
Apr 14 18:24:19 ubuntu devstack@keystone.service[67699]: ERROR keystone.server.flask.application   File "/opt/stack/data/venv/lib/python3.12/site-packages/pymysql/protocol.py", line 219, in raise_for_error
Apr 14 18:24:19 ubuntu devstack@keystone.service[67699]: ERROR keystone.server.flask.application     err.raise_mysql_exception(self._data)
Apr 14 18:24:19 ubuntu devstack@keystone.service[67699]: ERROR keystone.server.flask.application   File "/opt/stack/data/venv/lib/python3.12/site-packages/pymysql/err.py", line 150, in raise_mysql_exception
Apr 14 18:24:19 ubuntu devstack@keystone.service[67699]: ERROR keystone.server.flask.application     raise errorclass(errno, errval)
Apr 14 18:24:19 ubuntu devstack@keystone.service[67699]: ERROR keystone.server.flask.application oslo_db.exception.DBDuplicateEntry: (pymysql.err.IntegrityError) (1062, "Duplicate entry 'service-<<null>>' for key 'role.ixu_role_name_domain_id'")
Apr 14 18:24:19 ubuntu devstack@keystone.service[67699]: ERROR keystone.server.flask.application [SQL: INSERT INTO `role` (id, name, description, extra) VALUES (%(id)s, %(name)s, %(description)s, %(extra)s)]
Apr 14 18:24:19 ubuntu devstack@keystone.service[67699]: ERROR keystone.server.flask.application [parameters: {'id': '4151c85b64194b00be5590549e2b4fcb', 'name': 'service', 'description': None, 'extra': '{}'}]
Apr 14 18:24:19 ubuntu devstack@keystone.service[67699]: ERROR keystone.server.flask.application (Background on this error at: https://sqlalche.me/e/20/gkpj)
Apr 14 18:24:19 ubuntu devstack@keystone.service[67699]: ERROR keystone.server.flask.application 
Apr 14 18:24:19 ubuntu devstack@keystone.service[67699]: ERROR keystone.server.flask.application During handling of the above exception, another exception occurred:
Apr 14 18:24:19 ubuntu devstack@keystone.service[67699]: ERROR keystone.server.flask.application 
Apr 14 18:24:19 ubuntu devstack@keystone.service[67699]: ERROR keystone.server.flask.application Traceback (most recent call last):
Apr 14 18:24:19 ubuntu devstack@keystone.service[67699]: ERROR keystone.server.flask.application   File "/opt/stack/data/venv/lib/python3.12/site-packages/flask_restful/__init__.py", line 295, in error_router
Apr 14 18:24:19 ubuntu devstack@keystone.service[67699]: ERROR keystone.server.flask.application     return self.handle_error(e)
Apr 14 18:24:19 ubuntu devstack@keystone.service[67699]: ERROR keystone.server.flask.application            ^^^^^^^^^^^^^^^^^^^^
Apr 14 18:24:19 ubuntu devstack@keystone.service[67699]: ERROR keystone.server.flask.application   File "/opt/stack/data/venv/lib/python3.12/site-packages/flask_restful/__init__.py", line 310, in handle_error
Apr 14 18:24:19 ubuntu devstack@keystone.service[67699]: ERROR keystone.server.flask.application     _handle_flask_propagate_exceptions_config(current_app, e)
Apr 14 18:24:19 ubuntu devstack@keystone.service[67699]: ERROR keystone.server.flask.application   File "/opt/stack/data/venv/lib/python3.12/site-packages/flask/app.py", line 917, in full_dispatch_request
Apr 14 18:24:19 ubuntu devstack@keystone.service[67699]: ERROR keystone.server.flask.application     rv = self.dispatch_request()
Apr 14 18:24:19 ubuntu devstack@keystone.service[67699]: ERROR keystone.server.flask.application          ^^^^^^^^^^^^^^^^^^^^^^^
Apr 14 18:24:19 ubuntu devstack@keystone.service[67699]: ERROR keystone.server.flask.application   File "/opt/stack/data/venv/lib/python3.12/site-packages/flask/app.py", line 902, in dispatch_request
Apr 14 18:24:19 ubuntu devstack@keystone.service[67699]: ERROR keystone.server.flask.application     return self.ensure_sync(self.view_functions[rule.endpoint])(**view_args)  # type: ignore[no-any-return]
Apr 14 18:24:19 ubuntu devstack@keystone.service[67699]: ERROR keystone.server.flask.application            ^^^^^^^^^^^^^^^^^^^^^^^^^^^^^^^^^^^^^^^^^^^^^^^^^^^^^^^^^^^^^^^^^
Apr 14 18:24:19 ubuntu devstack@keystone.service[67699]: ERROR keystone.server.flask.application   File "/opt/stack/data/venv/lib/python3.12/site-packages/flask_restful/__init__.py", line 489, in wrapper
Apr 14 18:24:19 ubuntu devstack@keystone.service[67699]: ERROR keystone.server.flask.application     resp = resource(*args, **kwargs)
Apr 14 18:24:19 ubuntu devstack@keystone.service[67699]: ERROR keystone.server.flask.application            ^^^^^^^^^^^^^^^^^^^^^^^^^
Apr 14 18:24:19 ubuntu devstack@keystone.service[67699]: ERROR keystone.server.flask.application   File "/opt/stack/data/venv/lib/python3.12/site-packages/flask/views.py", line 110, in view
Apr 14 18:24:19 ubuntu devstack@keystone.service[67699]: ERROR keystone.server.flask.application     return current_app.ensure_sync(self.dispatch_request)(**kwargs)  # type: ignore[no-any-return]
Apr 14 18:24:19 ubuntu devstack@keystone.service[67699]: ERROR keystone.server.flask.application            ^^^^^^^^^^^^^^^^^^^^^^^^^^^^^^^^^^^^^^^^^^^^^^^^^^^^^^^^
Apr 14 18:24:19 ubuntu devstack@keystone.service[67699]: ERROR keystone.server.flask.application   File "/opt/stack/data/venv/lib/python3.12/site-packages/flask_restful/__init__.py", line 604, in dispatch_request
Apr 14 18:24:19 ubuntu devstack@keystone.service[67699]: ERROR keystone.server.flask.application     resp = meth(*args, **kwargs)
Apr 14 18:24:19 ubuntu devstack@keystone.service[67699]: ERROR keystone.server.flask.application            ^^^^^^^^^^^^^^^^^^^^^
Apr 14 18:24:19 ubuntu devstack@keystone.service[67699]: ERROR keystone.server.flask.application   File "/opt/stack/keystone/keystone/api/validation/__init__.py", line 86, in wrapper
Apr 14 18:24:19 ubuntu devstack@keystone.service[67699]: ERROR keystone.server.flask.application     return func(*args, **kwargs)
Apr 14 18:24:19 ubuntu devstack@keystone.service[67699]: ERROR keystone.server.flask.application            ^^^^^^^^^^^^^^^^^^^^^
Apr 14 18:24:19 ubuntu devstack@keystone.service[67699]: ERROR keystone.server.flask.application   File "/opt/stack/keystone/keystone/api/validation/__init__.py", line 145, in wrapper
Apr 14 18:24:19 ubuntu devstack@keystone.service[67699]: ERROR keystone.server.flask.application     response = func(*args, **kwargs)
Apr 14 18:24:19 ubuntu devstack@keystone.service[67699]: ERROR keystone.server.flask.application                ^^^^^^^^^^^^^^^^^^^^^
Apr 14 18:24:19 ubuntu devstack@keystone.service[67699]: ERROR keystone.server.flask.application   File "/opt/stack/keystone/keystone/api/roles.py", line 91, in post
Apr 14 18:24:19 ubuntu devstack@keystone.service[67699]: ERROR keystone.server.flask.application     ref = PROVIDERS.role_api.create_role(
Apr 14 18:24:19 ubuntu devstack@keystone.service[67699]: ERROR keystone.server.flask.application           ^^^^^^^^^^^^^^^^^^^^^^^^^^^^^^^
Apr 14 18:24:19 ubuntu devstack@keystone.service[67699]: ERROR keystone.server.flask.application   File "/opt/stack/keystone/keystone/common/manager.py", line 114, in wrapped
Apr 14 18:24:19 ubuntu devstack@keystone.service[67699]: ERROR keystone.server.flask.application     __ret_val = __f(*args, **kwargs)
Apr 14 18:24:19 ubuntu devstack@keystone.service[67699]: ERROR keystone.server.flask.application                 ^^^^^^^^^^^^^^^^^^^^
Apr 14 18:24:19 ubuntu devstack@keystone.service[67699]: ERROR keystone.server.flask.application   File "/opt/stack/keystone/keystone/assignment/core.py", line 1486, in create_role
Apr 14 18:24:19 ubuntu devstack@keystone.service[67699]: ERROR keystone.server.flask.application     ret = self.driver.create_role(role_id, role)
Apr 14 18:24:19 ubuntu devstack@keystone.service[67699]: ERROR keystone.server.flask.application           ^^^^^^^^^^^^^^^^^^^^^^^^^^^^^^^^^^^^^^
Apr 14 18:24:19 ubuntu devstack@keystone.service[67699]: ERROR keystone.server.flask.application   File "/opt/stack/keystone/keystone/common/sql/core.py", line 614, in wrapper
Apr 14 18:24:19 ubuntu devstack@keystone.service[67699]: ERROR keystone.server.flask.application     raise exception.Conflict(type=conflict_type, details=msg)
Apr 14 18:24:19 ubuntu devstack@keystone.service[67699]: ERROR keystone.server.flask.application keystone.exception.Conflict: Conflict occurred attempting to store role - Duplicate entry found with name service.
Apr 14 18:24:19 ubuntu devstack@keystone.service[67699]: ERROR keystone.server.flask.application 
Apr 14 18:24:19 ubuntu devstack@keystone.service[67699]: [pid: 67699|app: 0|req: 16/35] 10.120.125.137 () {62 vars in 1199 bytes} [Tue Apr 14 18:24:19 2026] POST /identity/v3/roles => generated 140 bytes in 68 msecs (HTTP/1.1 409) 5 headers in 183 bytes (1 switches on core 0)
Apr 14 18:24:19 ubuntu devstack@keystone.service[67699]: DEBUG keystone.server.flask.request_processing.req_logging [None req-6ad2692d-072b-4126-b8b9-dc519d5c058c None None] REQUEST_METHOD: `POST` {{(pid=67699) log_request_info /opt/stack/keystone/keystone/server/flask/request_processing/req_logging.py:26}}
Apr 14 18:24:19 ubuntu devstack@keystone.service[67699]: DEBUG keystone.server.flask.request_processing.req_logging [None req-6ad2692d-072b-4126-b8b9-dc519d5c058c None None] SCRIPT_NAME: `/identity` {{(pid=67699) log_request_info /opt/stack/keystone/keystone/server/flask/request_processing/req_logging.py:27}}
Apr 14 18:24:19 ubuntu devstack@keystone.service[67699]: DEBUG keystone.server.flask.request_processing.req_logging [None req-6ad2692d-072b-4126-b8b9-dc519d5c058c None None] PATH_INFO: `/v3/auth/tokens` {{(pid=67699) log_request_info /opt/stack/keystone/keystone/server/flask/request_processing/req_logging.py:28}}
Apr 14 18:24:19 ubuntu devstack@keystone.service[67700]: DEBUG keystone.server.flask.request_processing.middleware.auth_context [None req-9346cde7-5138-43ab-8324-1da04b8d2514 None admin] RBAC: auth_context: {'token': <TokenModel (audit_id=0X_iZTlBQ6y8wLKWJtK-zQ, audit_chain_id=['0X_iZTlBQ6y8wLKWJtK-zQ']) at 0x7184e21e6b10>, 'domain_id': None, 'trust_id': None, 'trustor_id': None, 'trustee_id': None, 'domain_name': None, 'group_ids': [], 'user_id': '4451f2cd6d99426099dd0cfcd62b6c03', 'user_domain_id': 'default', 'system_scope': 'all', 'project_id': None, 'project_domain_id': None, 'roles': ['admin', 'manager', 'member', 'reader'], 'is_admin_project': True, 'service_user_id': None, 'service_user_domain_id': None, 'service_project_id': None, 'service_project_domain_id': None, 'service_roles': []} {{(pid=67700) fill_context /opt/stack/keystone/keystone/server/flask/request_processing/middleware/auth_context.py:509}}
Apr 14 18:24:19 ubuntu devstack@keystone.service[67700]: DEBUG keystone.server.flask.request_processing.req_logging [None req-9346cde7-5138-43ab-8324-1da04b8d2514 None admin] REQUEST_METHOD: `GET` {{(pid=67700) log_request_info /opt/stack/keystone/keystone/server/flask/request_processing/req_logging.py:26}}
Apr 14 18:24:19 ubuntu devstack@keystone.service[67700]: DEBUG keystone.server.flask.request_processing.req_logging [None req-9346cde7-5138-43ab-8324-1da04b8d2514 None admin] SCRIPT_NAME: `/identity` {{(pid=67700) log_request_info /opt/stack/keystone/keystone/server/flask/request_processing/req_logging.py:27}}
Apr 14 18:24:19 ubuntu devstack@keystone.service[67700]: DEBUG keystone.server.flask.request_processing.req_logging [None req-9346cde7-5138-43ab-8324-1da04b8d2514 None admin] PATH_INFO: `/v3/roles` {{(pid=67700) log_request_info /opt/stack/keystone/keystone/server/flask/request_processing/req_logging.py:28}}
Apr 14 18:24:19 ubuntu devstack@keystone.service[67700]: DEBUG keystone.common.rbac_enforcer.enforcer [None req-9346cde7-5138-43ab-8324-1da04b8d2514 None admin] RBAC: Adding query filter params (name=admin) {{(pid=67700) _extract_filter_values /opt/stack/keystone/keystone/common/rbac_enforcer/enforcer.py:176}}
Apr 14 18:24:19 ubuntu devstack@keystone.service[67700]: DEBUG keystone.common.rbac_enforcer.enforcer [None req-9346cde7-5138-43ab-8324-1da04b8d2514 None admin] RBAC: Authorizing `identity:list_roles()` {{(pid=67700) enforce_call /opt/stack/keystone/keystone/common/rbac_enforcer/enforcer.py:494}}
Apr 14 18:24:19 ubuntu devstack@keystone.service[67699]: WARNING keystone.common.password_hashing [None req-6ad2692d-072b-4126-b8b9-dc519d5c058c None None] Truncating password to algorithm specific maximum length 72 characters.
Apr 14 18:24:19 ubuntu devstack@keystone.service[67700]: DEBUG keystone.common.rbac_enforcer.enforcer [None req-9346cde7-5138-43ab-8324-1da04b8d2514 None admin] RBAC: Authorization granted {{(pid=67700) enforce_call /opt/stack/keystone/keystone/common/rbac_enforcer/enforcer.py:505}}
Apr 14 18:24:19 ubuntu devstack@keystone.service[67700]: [pid: 67700|app: 0|req: 20/36] 10.120.125.137 () {58 vars in 1180 bytes} [Tue Apr 14 18:24:19 2026] GET /identity/v3/roles?name=admin => generated 341 bytes in 58 msecs (HTTP/1.1 200) 5 headers in 177 bytes (1 switches on core 0)
Apr 14 18:24:19 ubuntu devstack@keystone.service[67700]: DEBUG keystone.server.flask.request_processing.middleware.auth_context [None req-9346cde7-5138-43ab-8324-1da04b8d2514 None admin] Authenticating user token {{(pid=67700) process_request /opt/stack/data/venv/lib/python3.12/site-packages/keystonemiddleware/auth_token/__init__.py:407}}
Apr 14 18:24:19 ubuntu devstack@keystone.service[67699]: DEBUG keystone.auth.core [None req-6ad2692d-072b-4126-b8b9-dc519d5c058c None None] MFA Rules not processed for user `4451f2cd6d99426099dd0cfcd62b6c03`. Rule list: `[]` (Enabled: `True`). {{(pid=67699) check_auth_methods_against_rules /opt/stack/keystone/keystone/auth/core.py:476}}
Apr 14 18:24:19 ubuntu devstack@keystone.service[67699]: DEBUG keystone.common.fernet_utils [None req-6ad2692d-072b-4126-b8b9-dc519d5c058c None None] Loaded 2 Fernet keys from /etc/keystone/fernet-keys/, but `[fernet_tokens] max_active_keys = 3`; perhaps there have not been enough key rotations to reach `max_active_keys` yet? {{(pid=67699) load_keys /opt/stack/keystone/keystone/common/fernet_utils.py:297}}
Apr 14 18:24:19 ubuntu devstack@keystone.service[67700]: DEBUG keystone.server.flask.request_processing.middleware.auth_context [None req-9346cde7-5138-43ab-8324-1da04b8d2514 None admin] Validating token access rules against request {{(pid=67700) validate_allowed_request /opt/stack/data/venv/lib/python3.12/site-packages/keystonemiddleware/auth_token/__init__.py:545}}
Apr 14 18:24:19 ubuntu devstack@keystone.service[67699]: [pid: 67699|app: 0|req: 17/37] 10.120.125.137 () {60 vars in 1048 bytes} [Tue Apr 14 18:24:19 2026] POST /identity/v3/auth/tokens => generated 863 bytes in 50 msecs (HTTP/1.1 201) 6 headers in 363 bytes (1 switches on core 0)
Apr 14 18:24:19 ubuntu devstack@keystone.service[67699]: DEBUG keystone.server.flask.request_processing.middleware.auth_context [None req-6ad2692d-072b-4126-b8b9-dc519d5c058c None None] Authenticating user token {{(pid=67699) process_request /opt/stack/data/venv/lib/python3.12/site-packages/keystonemiddleware/auth_token/__init__.py:407}}
Apr 14 18:24:19 ubuntu devstack@keystone.service[67700]: DEBUG keystone.server.flask.request_processing.middleware.auth_context [None req-8f4b9125-67fa-4337-8bc9-5c56423d5b78 None admin] RBAC: auth_context: {'token': <TokenModel (audit_id=DwDeygmJQa63DOkuWog6vg, audit_chain_id=['DwDeygmJQa63DOkuWog6vg']) at 0x7184e2206330>, 'domain_id': None, 'trust_id': None, 'trustor_id': None, 'trustee_id': None, 'domain_name': None, 'group_ids': [], 'user_id': '4451f2cd6d99426099dd0cfcd62b6c03', 'user_domain_id': 'default', 'system_scope': 'all', 'project_id': None, 'project_domain_id': None, 'roles': ['admin', 'manager', 'member', 'reader'], 'is_admin_project': True, 'service_user_id': None, 'service_user_domain_id': None, 'service_project_id': None, 'service_project_domain_id': None, 'service_roles': []} {{(pid=67700) fill_context /opt/stack/keystone/keystone/server/flask/request_processing/middleware/auth_context.py:509}}
Apr 14 18:24:19 ubuntu devstack@keystone.service[67700]: DEBUG keystone.server.flask.request_processing.req_logging [None req-8f4b9125-67fa-4337-8bc9-5c56423d5b78 None admin] REQUEST_METHOD: `GET` {{(pid=67700) log_request_info /opt/stack/keystone/keystone/server/flask/request_processing/req_logging.py:26}}
Apr 14 18:24:19 ubuntu devstack@keystone.service[67700]: DEBUG keystone.server.flask.request_processing.req_logging [None req-8f4b9125-67fa-4337-8bc9-5c56423d5b78 None admin] SCRIPT_NAME: `/identity` {{(pid=67700) log_request_info /opt/stack/keystone/keystone/server/flask/request_processing/req_logging.py:27}}
Apr 14 18:24:19 ubuntu devstack@keystone.service[67700]: DEBUG keystone.server.flask.request_processing.req_logging [None req-8f4b9125-67fa-4337-8bc9-5c56423d5b78 None admin] PATH_INFO: `/v3/domains/Default` {{(pid=67700) log_request_info /opt/stack/keystone/keystone/server/flask/request_processing/req_logging.py:28}}
Apr 14 18:24:19 ubuntu devstack@keystone.service[67700]: DEBUG keystone.common.rbac_enforcer.enforcer [None req-8f4b9125-67fa-4337-8bc9-5c56423d5b78 None admin] RBAC: Authorizing `identity:get_domain(domain_id=Default)` {{(pid=67700) enforce_call /opt/stack/keystone/keystone/common/rbac_enforcer/enforcer.py:494}}
Apr 14 18:24:19 ubuntu devstack@keystone.service[67700]: DEBUG keystone.common.rbac_enforcer.enforcer [None req-8f4b9125-67fa-4337-8bc9-5c56423d5b78 None admin] RBAC: Authorization granted {{(pid=67700) enforce_call /opt/stack/keystone/keystone/common/rbac_enforcer/enforcer.py:505}}
Apr 14 18:24:19 ubuntu devstack@keystone.service[67700]: DEBUG keystone.server.flask.application [None req-8f4b9125-67fa-4337-8bc9-5c56423d5b78 None admin] Could not find domain: Default. {{(pid=67700) _handle_keystone_exception /opt/stack/keystone/keystone/server/flask/application.py:146}}
Apr 14 18:24:19 ubuntu devstack@keystone.service[67700]: [pid: 67700|app: 0|req: 21/38] 10.120.125.137 () {58 vars in 1176 bytes} [Tue Apr 14 18:24:19 2026] GET /identity/v3/domains/Default => generated 87 bytes in 63 msecs (HTTP/1.1 404) 5 headers in 183 bytes (1 switches on core 0)
Apr 14 18:24:19 ubuntu devstack@keystone.service[67700]: DEBUG keystone.server.flask.request_processing.middleware.auth_context [None req-8f4b9125-67fa-4337-8bc9-5c56423d5b78 None admin] Authenticating user token {{(pid=67700) process_request /opt/stack/data/venv/lib/python3.12/site-packages/keystonemiddleware/auth_token/__init__.py:407}}
Apr 14 18:24:19 ubuntu devstack@keystone.service[67699]: DEBUG keystone.server.flask.request_processing.middleware.auth_context [None req-6ad2692d-072b-4126-b8b9-dc519d5c058c None None] Validating token access rules against request {{(pid=67699) validate_allowed_request /opt/stack/data/venv/lib/python3.12/site-packages/keystonemiddleware/auth_token/__init__.py:545}}
Apr 14 18:24:19 ubuntu devstack@keystone.service[67700]: DEBUG keystone.server.flask.request_processing.middleware.auth_context [None req-8f4b9125-67fa-4337-8bc9-5c56423d5b78 None admin] Validating token access rules against request {{(pid=67700) validate_allowed_request /opt/stack/data/venv/lib/python3.12/site-packages/keystonemiddleware/auth_token/__init__.py:545}}
Apr 14 18:24:19 ubuntu devstack@keystone.service[67699]: DEBUG keystone.server.flask.request_processing.middleware.auth_context [None req-0220d9ad-a158-4700-8696-b03a7279b510 None admin] RBAC: auth_context: {'token': <TokenModel (audit_id=5NksanAKRX2pyN0eI5kiKA, audit_chain_id=['5NksanAKRX2pyN0eI5kiKA']) at 0x7184e1e0de80>, 'domain_id': None, 'trust_id': None, 'trustor_id': None, 'trustee_id': None, 'domain_name': None, 'group_ids': [], 'user_id': '4451f2cd6d99426099dd0cfcd62b6c03', 'user_domain_id': 'default', 'system_scope': 'all', 'project_id': None, 'project_domain_id': None, 'roles': ['admin', 'manager', 'member', 'reader'], 'is_admin_project': True, 'service_user_id': None, 'service_user_domain_id': None, 'service_project_id': None, 'service_project_domain_id': None, 'service_roles': []} {{(pid=67699) fill_context /opt/stack/keystone/keystone/server/flask/request_processing/middleware/auth_context.py:509}}
Apr 14 18:24:19 ubuntu devstack@keystone.service[67699]: DEBUG keystone.server.flask.request_processing.req_logging [None req-0220d9ad-a158-4700-8696-b03a7279b510 None admin] REQUEST_METHOD: `POST` {{(pid=67699) log_request_info /opt/stack/keystone/keystone/server/flask/request_processing/req_logging.py:26}}
Apr 14 18:24:19 ubuntu devstack@keystone.service[67699]: DEBUG keystone.server.flask.request_processing.req_logging [None req-0220d9ad-a158-4700-8696-b03a7279b510 None admin] SCRIPT_NAME: `/identity` {{(pid=67699) log_request_info /opt/stack/keystone/keystone/server/flask/request_processing/req_logging.py:27}}
Apr 14 18:24:19 ubuntu devstack@keystone.service[67699]: DEBUG keystone.server.flask.request_processing.req_logging [None req-0220d9ad-a158-4700-8696-b03a7279b510 None admin] PATH_INFO: `/v3/roles` {{(pid=67699) log_request_info /opt/stack/keystone/keystone/server/flask/request_processing/req_logging.py:28}}
Apr 14 18:24:19 ubuntu devstack@keystone.service[67699]: DEBUG keystone.common.rbac_enforcer.enforcer [None req-0220d9ad-a158-4700-8696-b03a7279b510 None admin] RBAC: Authorizing `identity:create_role()` {{(pid=67699) enforce_call /opt/stack/keystone/keystone/common/rbac_enforcer/enforcer.py:494}}
Apr 14 18:24:19 ubuntu devstack@keystone.service[67699]: DEBUG keystone.common.rbac_enforcer.enforcer [None req-0220d9ad-a158-4700-8696-b03a7279b510 None admin] RBAC: Authorization granted {{(pid=67699) enforce_call /opt/stack/keystone/keystone/common/rbac_enforcer/enforcer.py:505}}
Apr 14 18:24:19 ubuntu devstack@keystone.service[67700]: DEBUG keystone.server.flask.request_processing.middleware.auth_context [None req-89411695-592b-46c1-946a-f1ff9c1f2804 None admin] RBAC: auth_context: {'token': <TokenModel (audit_id=crsdlJ27Q0ms1t613PCWQQ, audit_chain_id=['crsdlJ27Q0ms1t613PCWQQ']) at 0x7184e223e360>, 'domain_id': None, 'trust_id': None, 'trustor_id': None, 'trustee_id': None, 'domain_name': None, 'group_ids': [], 'user_id': '4451f2cd6d99426099dd0cfcd62b6c03', 'user_domain_id': 'default', 'system_scope': 'all', 'project_id': None, 'project_domain_id': None, 'roles': ['admin', 'manager', 'member', 'reader'], 'is_admin_project': True, 'service_user_id': None, 'service_user_domain_id': None, 'service_project_id': None, 'service_project_domain_id': None, 'service_roles': []} {{(pid=67700) fill_context /opt/stack/keystone/keystone/server/flask/request_processing/middleware/auth_context.py:509}}
Apr 14 18:24:19 ubuntu devstack@keystone.service[67700]: DEBUG keystone.server.flask.request_processing.req_logging [None req-89411695-592b-46c1-946a-f1ff9c1f2804 None admin] REQUEST_METHOD: `GET` {{(pid=67700) log_request_info /opt/stack/keystone/keystone/server/flask/request_processing/req_logging.py:26}}
Apr 14 18:24:19 ubuntu devstack@keystone.service[67700]: DEBUG keystone.server.flask.request_processing.req_logging [None req-89411695-592b-46c1-946a-f1ff9c1f2804 None admin] SCRIPT_NAME: `/identity` {{(pid=67700) log_request_info /opt/stack/keystone/keystone/server/flask/request_processing/req_logging.py:27}}
Apr 14 18:24:19 ubuntu devstack@keystone.service[67700]: DEBUG keystone.server.flask.request_processing.req_logging [None req-89411695-592b-46c1-946a-f1ff9c1f2804 None admin] PATH_INFO: `/v3/roles/service` {{(pid=67700) log_request_info /opt/stack/keystone/keystone/server/flask/request_processing/req_logging.py:28}}
Apr 14 18:24:19 ubuntu devstack@keystone.service[67699]: [pid: 67699|app: 0|req: 18/39] 10.120.125.137 () {62 vars in 1199 bytes} [Tue Apr 14 18:24:19 2026] POST /identity/v3/roles => generated 226 bytes in 74 msecs (HTTP/1.1 201) 5 headers in 182 bytes (1 switches on core 0)
Apr 14 18:24:19 ubuntu devstack@keystone.service[67699]: DEBUG keystone.server.flask.request_processing.middleware.auth_context [None req-0220d9ad-a158-4700-8696-b03a7279b510 None admin] Authenticating user token {{(pid=67699) process_request /opt/stack/data/venv/lib/python3.12/site-packages/keystonemiddleware/auth_token/__init__.py:407}}
Apr 14 18:24:19 ubuntu devstack@keystone.service[67700]: DEBUG keystone.common.rbac_enforcer.enforcer [None req-89411695-592b-46c1-946a-f1ff9c1f2804 None admin] Extracting inferred target data resulted in "NOT FOUND (404)". {{(pid=67700) enforce_call /opt/stack/keystone/keystone/common/rbac_enforcer/enforcer.py:445}}
Apr 14 18:24:19 ubuntu devstack@keystone.service[67700]: DEBUG keystone.server.flask.application [None req-89411695-592b-46c1-946a-f1ff9c1f2804 None admin] Could not find role: service. {{(pid=67700) _handle_keystone_exception /opt/stack/keystone/keystone/server/flask/application.py:146}}
Apr 14 18:24:19 ubuntu devstack@keystone.service[67700]: [pid: 67700|app: 0|req: 22/40] 10.120.125.137 () {58 vars in 1170 bytes} [Tue Apr 14 18:24:19 2026] GET /identity/v3/roles/service => generated 85 bytes in 53 msecs (HTTP/1.1 404) 5 headers in 183 bytes (1 switches on core 0)
Apr 14 18:24:19 ubuntu devstack@keystone.service[67700]: DEBUG keystone.server.flask.request_processing.middleware.auth_context [None req-89411695-592b-46c1-946a-f1ff9c1f2804 None admin] Authenticating user token {{(pid=67700) process_request /opt/stack/data/venv/lib/python3.12/site-packages/keystonemiddleware/auth_token/__init__.py:407}}
Apr 14 18:24:19 ubuntu devstack@keystone.service[67699]: DEBUG keystone.server.flask.request_processing.middleware.auth_context [None req-0220d9ad-a158-4700-8696-b03a7279b510 None admin] Validating token access rules against request {{(pid=67699) validate_allowed_request /opt/stack/data/venv/lib/python3.12/site-packages/keystonemiddleware/auth_token/__init__.py:545}}
Apr 14 18:24:19 ubuntu devstack@keystone.service[67700]: DEBUG keystone.server.flask.request_processing.middleware.auth_context [None req-89411695-592b-46c1-946a-f1ff9c1f2804 None admin] Validating token access rules against request {{(pid=67700) validate_allowed_request /opt/stack/data/venv/lib/python3.12/site-packages/keystonemiddleware/auth_token/__init__.py:545}}
Apr 14 18:24:19 ubuntu devstack@keystone.service[67699]: DEBUG keystone.server.flask.request_processing.middleware.auth_context [None req-2a1a5937-1d90-49e7-90cc-a3aa559c39d4 None admin] RBAC: auth_context: {'token': <TokenModel (audit_id=0X_iZTlBQ6y8wLKWJtK-zQ, audit_chain_id=['0X_iZTlBQ6y8wLKWJtK-zQ']) at 0x7184e1e0e8d0>, 'domain_id': None, 'trust_id': None, 'trustor_id': None, 'trustee_id': None, 'domain_name': None, 'group_ids': [], 'user_id': '4451f2cd6d99426099dd0cfcd62b6c03', 'user_domain_id': 'default', 'system_scope': 'all', 'project_id': None, 'project_domain_id': None, 'roles': ['admin', 'manager', 'member', 'reader'], 'is_admin_project': True, 'service_user_id': None, 'service_user_domain_id': None, 'service_project_id': None, 'service_project_domain_id': None, 'service_roles': []} {{(pid=67699) fill_context /opt/stack/keystone/keystone/server/flask/request_processing/middleware/auth_context.py:509}}
Apr 14 18:24:19 ubuntu devstack@keystone.service[67699]: DEBUG keystone.server.flask.request_processing.req_logging [None req-2a1a5937-1d90-49e7-90cc-a3aa559c39d4 None admin] REQUEST_METHOD: `GET` {{(pid=67699) log_request_info /opt/stack/keystone/keystone/server/flask/request_processing/req_logging.py:26}}
Apr 14 18:24:19 ubuntu devstack@keystone.service[67699]: DEBUG keystone.server.flask.request_processing.req_logging [None req-2a1a5937-1d90-49e7-90cc-a3aa559c39d4 None admin] SCRIPT_NAME: `/identity` {{(pid=67699) log_request_info /opt/stack/keystone/keystone/server/flask/request_processing/req_logging.py:27}}
Apr 14 18:24:19 ubuntu devstack@keystone.service[67699]: DEBUG keystone.server.flask.request_processing.req_logging [None req-2a1a5937-1d90-49e7-90cc-a3aa559c39d4 None admin] PATH_INFO: `/v3/users/4451f2cd6d99426099dd0cfcd62b6c03` {{(pid=67699) log_request_info /opt/stack/keystone/keystone/server/flask/request_processing/req_logging.py:28}}
Apr 14 18:24:19 ubuntu devstack@keystone.service[67699]: DEBUG keystone.common.rbac_enforcer.enforcer [None req-2a1a5937-1d90-49e7-90cc-a3aa559c39d4 None admin] RBAC: Authorizing `identity:get_user(user_id=4451f2cd6d99426099dd0cfcd62b6c03)` {{(pid=67699) enforce_call /opt/stack/keystone/keystone/common/rbac_enforcer/enforcer.py:494}}
Apr 14 18:24:19 ubuntu devstack@keystone.service[67699]: DEBUG keystone.common.rbac_enforcer.enforcer [None req-2a1a5937-1d90-49e7-90cc-a3aa559c39d4 None admin] RBAC: Authorization granted {{(pid=67699) enforce_call /opt/stack/keystone/keystone/common/rbac_enforcer/enforcer.py:505}}
Apr 14 18:24:19 ubuntu devstack@keystone.service[67699]: [pid: 67699|app: 0|req: 19/41] 10.120.125.137 () {58 vars in 1245 bytes} [Tue Apr 14 18:24:19 2026] GET /identity/v3/users/4451f2cd6d99426099dd0cfcd62b6c03 => generated 248 bytes in 55 msecs (HTTP/1.1 200) 5 headers in 177 bytes (1 switches on core 0)
Apr 14 18:24:19 ubuntu devstack@keystone.service[67699]: DEBUG keystone.server.flask.request_processing.middleware.auth_context [None req-2a1a5937-1d90-49e7-90cc-a3aa559c39d4 None admin] Authenticating user token {{(pid=67699) process_request /opt/stack/data/venv/lib/python3.12/site-packages/keystonemiddleware/auth_token/__init__.py:407}}
Apr 14 18:24:19 ubuntu devstack@keystone.service[67700]: DEBUG keystone.server.flask.request_processing.middleware.auth_context [None req-38e2af35-6b20-4f8b-96aa-eb61f989cd0f None admin] RBAC: auth_context: {'token': <TokenModel (audit_id=DwDeygmJQa63DOkuWog6vg, audit_chain_id=['DwDeygmJQa63DOkuWog6vg']) at 0x7184e227cb30>, 'domain_id': None, 'trust_id': None, 'trustor_id': None, 'trustee_id': None, 'domain_name': None, 'group_ids': [], 'user_id': '4451f2cd6d99426099dd0cfcd62b6c03', 'user_domain_id': 'default', 'system_scope': 'all', 'project_id': None, 'project_domain_id': None, 'roles': ['admin', 'manager', 'member', 'reader'], 'is_admin_project': True, 'service_user_id': None, 'service_user_domain_id': None, 'service_project_id': None, 'service_project_domain_id': None, 'service_roles': []} {{(pid=67700) fill_context /opt/stack/keystone/keystone/server/flask/request_processing/middleware/auth_context.py:509}}
Apr 14 18:24:19 ubuntu devstack@keystone.service[67700]: DEBUG keystone.server.flask.request_processing.req_logging [None req-38e2af35-6b20-4f8b-96aa-eb61f989cd0f None admin] REQUEST_METHOD: `GET` {{(pid=67700) log_request_info /opt/stack/keystone/keystone/server/flask/request_processing/req_logging.py:26}}
Apr 14 18:24:19 ubuntu devstack@keystone.service[67700]: DEBUG keystone.server.flask.request_processing.req_logging [None req-38e2af35-6b20-4f8b-96aa-eb61f989cd0f None admin] SCRIPT_NAME: `/identity` {{(pid=67700) log_request_info /opt/stack/keystone/keystone/server/flask/request_processing/req_logging.py:27}}
Apr 14 18:24:19 ubuntu devstack@keystone.service[67700]: DEBUG keystone.server.flask.request_processing.req_logging [None req-38e2af35-6b20-4f8b-96aa-eb61f989cd0f None admin] PATH_INFO: `/v3/domains` {{(pid=67700) log_request_info /opt/stack/keystone/keystone/server/flask/request_processing/req_logging.py:28}}
Apr 14 18:24:19 ubuntu devstack@keystone.service[67700]: DEBUG keystone.common.rbac_enforcer.enforcer [None req-38e2af35-6b20-4f8b-96aa-eb61f989cd0f None admin] RBAC: Adding query filter params (name=Default) {{(pid=67700) _extract_filter_values /opt/stack/keystone/keystone/common/rbac_enforcer/enforcer.py:176}}
Apr 14 18:24:19 ubuntu devstack@keystone.service[67700]: DEBUG keystone.common.rbac_enforcer.enforcer [None req-38e2af35-6b20-4f8b-96aa-eb61f989cd0f None admin] RBAC: Authorizing `identity:list_domains()` {{(pid=67700) enforce_call /opt/stack/keystone/keystone/common/rbac_enforcer/enforcer.py:494}}
Apr 14 18:24:19 ubuntu devstack@keystone.service[67700]: DEBUG keystone.common.rbac_enforcer.enforcer [None req-38e2af35-6b20-4f8b-96aa-eb61f989cd0f None admin] RBAC: Authorization granted {{(pid=67700) enforce_call /opt/stack/keystone/keystone/common/rbac_enforcer/enforcer.py:505}}
Apr 14 18:24:19 ubuntu devstack@keystone.service[67700]: [pid: 67700|app: 0|req: 23/42] 10.120.125.137 () {58 vars in 1190 bytes} [Tue Apr 14 18:24:19 2026] GET /identity/v3/domains?name=Default => generated 310 bytes in 83 msecs (HTTP/1.1 200) 5 headers in 177 bytes (1 switches on core 0)
Apr 14 18:24:19 ubuntu devstack@keystone.service[67699]: DEBUG keystone.server.flask.request_processing.middleware.auth_context [None req-2a1a5937-1d90-49e7-90cc-a3aa559c39d4 None admin] Validating token access rules against request {{(pid=67699) validate_allowed_request /opt/stack/data/venv/lib/python3.12/site-packages/keystonemiddleware/auth_token/__init__.py:545}}
Apr 14 18:24:19 ubuntu devstack@keystone.service[67700]: DEBUG keystone.server.flask.request_processing.middleware.auth_context [None req-38e2af35-6b20-4f8b-96aa-eb61f989cd0f None admin] Authenticating user token {{(pid=67700) process_request /opt/stack/data/venv/lib/python3.12/site-packages/keystonemiddleware/auth_token/__init__.py:407}}
Apr 14 18:24:19 ubuntu devstack@keystone.service[67699]: DEBUG keystone.server.flask.request_processing.middleware.auth_context [None req-fe0f9645-e596-4e99-b1a7-6de7f9b4df14 None admin] RBAC: auth_context: {'token': <TokenModel (audit_id=crsdlJ27Q0ms1t613PCWQQ, audit_chain_id=['crsdlJ27Q0ms1t613PCWQQ']) at 0x7184e1ddff50>, 'domain_id': None, 'trust_id': None, 'trustor_id': None, 'trustee_id': None, 'domain_name': None, 'group_ids': [], 'user_id': '4451f2cd6d99426099dd0cfcd62b6c03', 'user_domain_id': 'default', 'system_scope': 'all', 'project_id': None, 'project_domain_id': None, 'roles': ['admin', 'manager', 'member', 'reader'], 'is_admin_project': True, 'service_user_id': None, 'service_user_domain_id': None, 'service_project_id': None, 'service_project_domain_id': None, 'service_roles': []} {{(pid=67699) fill_context /opt/stack/keystone/keystone/server/flask/request_processing/middleware/auth_context.py:509}}
Apr 14 18:24:19 ubuntu devstack@keystone.service[67699]: DEBUG keystone.server.flask.request_processing.req_logging [None req-fe0f9645-e596-4e99-b1a7-6de7f9b4df14 None admin] REQUEST_METHOD: `GET` {{(pid=67699) log_request_info /opt/stack/keystone/keystone/server/flask/request_processing/req_logging.py:26}}
Apr 14 18:24:19 ubuntu devstack@keystone.service[67699]: DEBUG keystone.server.flask.request_processing.req_logging [None req-fe0f9645-e596-4e99-b1a7-6de7f9b4df14 None admin] SCRIPT_NAME: `/identity` {{(pid=67699) log_request_info /opt/stack/keystone/keystone/server/flask/request_processing/req_logging.py:27}}
Apr 14 18:24:19 ubuntu devstack@keystone.service[67699]: DEBUG keystone.server.flask.request_processing.req_logging [None req-fe0f9645-e596-4e99-b1a7-6de7f9b4df14 None admin] PATH_INFO: `/v3/roles` {{(pid=67699) log_request_info /opt/stack/keystone/keystone/server/flask/request_processing/req_logging.py:28}}
Apr 14 18:24:19 ubuntu devstack@keystone.service[67699]: DEBUG keystone.common.rbac_enforcer.enforcer [None req-fe0f9645-e596-4e99-b1a7-6de7f9b4df14 None admin] RBAC: Adding query filter params (name=service) {{(pid=67699) _extract_filter_values /opt/stack/keystone/keystone/common/rbac_enforcer/enforcer.py:176}}
Apr 14 18:24:19 ubuntu devstack@keystone.service[67699]: DEBUG keystone.common.rbac_enforcer.enforcer [None req-fe0f9645-e596-4e99-b1a7-6de7f9b4df14 None admin] RBAC: Authorizing `identity:list_roles()` {{(pid=67699) enforce_call /opt/stack/keystone/keystone/common/rbac_enforcer/enforcer.py:494}}
Apr 14 18:24:19 ubuntu devstack@keystone.service[67699]: DEBUG keystone.common.rbac_enforcer.enforcer [None req-fe0f9645-e596-4e99-b1a7-6de7f9b4df14 None admin] RBAC: Authorization granted {{(pid=67699) enforce_call /opt/stack/keystone/keystone/common/rbac_enforcer/enforcer.py:505}}
Apr 14 18:24:19 ubuntu devstack@keystone.service[67699]: [pid: 67699|app: 0|req: 20/43] 10.120.125.137 () {58 vars in 1184 bytes} [Tue Apr 14 18:24:19 2026] GET /identity/v3/roles?name=service => generated 345 bytes in 63 msecs (HTTP/1.1 200) 5 headers in 177 bytes (1 switches on core 0)
Apr 14 18:24:19 ubuntu devstack@keystone.service[67700]: DEBUG keystone.server.flask.request_processing.middleware.auth_context [None req-38e2af35-6b20-4f8b-96aa-eb61f989cd0f None admin] Validating token access rules against request {{(pid=67700) validate_allowed_request /opt/stack/data/venv/lib/python3.12/site-packages/keystonemiddleware/auth_token/__init__.py:545}}
Apr 14 18:24:19 ubuntu devstack@keystone.service[67700]: DEBUG keystone.server.flask.request_processing.middleware.auth_context [None req-ed05f873-62eb-4516-a0a7-36682cfd3c0b None admin] RBAC: auth_context: {'token': <TokenModel (audit_id=0X_iZTlBQ6y8wLKWJtK-zQ, audit_chain_id=['0X_iZTlBQ6y8wLKWJtK-zQ']) at 0x7184e227ee70>, 'domain_id': None, 'trust_id': None, 'trustor_id': None, 'trustee_id': None, 'domain_name': None, 'group_ids': [], 'user_id': '4451f2cd6d99426099dd0cfcd62b6c03', 'user_domain_id': 'default', 'system_scope': 'all', 'project_id': None, 'project_domain_id': None, 'roles': ['admin', 'manager', 'member', 'reader'], 'is_admin_project': True, 'service_user_id': None, 'service_user_domain_id': None, 'service_project_id': None, 'service_project_domain_id': None, 'service_roles': []} {{(pid=67700) fill_context /opt/stack/keystone/keystone/server/flask/request_processing/middleware/auth_context.py:509}}
Apr 14 18:24:19 ubuntu devstack@keystone.service[67700]: DEBUG keystone.server.flask.request_processing.req_logging [None req-ed05f873-62eb-4516-a0a7-36682cfd3c0b None admin] REQUEST_METHOD: `GET` {{(pid=67700) log_request_info /opt/stack/keystone/keystone/server/flask/request_processing/req_logging.py:26}}
Apr 14 18:24:19 ubuntu devstack@keystone.service[67700]: DEBUG keystone.server.flask.request_processing.req_logging [None req-ed05f873-62eb-4516-a0a7-36682cfd3c0b None admin] SCRIPT_NAME: `/identity` {{(pid=67700) log_request_info /opt/stack/keystone/keystone/server/flask/request_processing/req_logging.py:27}}
Apr 14 18:24:19 ubuntu devstack@keystone.service[67700]: DEBUG keystone.server.flask.request_processing.req_logging [None req-ed05f873-62eb-4516-a0a7-36682cfd3c0b None admin] PATH_INFO: `/v3/domains/default` {{(pid=67700) log_request_info /opt/stack/keystone/keystone/server/flask/request_processing/req_logging.py:28}}
Apr 14 18:24:19 ubuntu devstack@keystone.service[67700]: DEBUG keystone.common.rbac_enforcer.enforcer [None req-ed05f873-62eb-4516-a0a7-36682cfd3c0b None admin] RBAC: Authorizing `identity:get_domain(domain_id=default)` {{(pid=67700) enforce_call /opt/stack/keystone/keystone/common/rbac_enforcer/enforcer.py:494}}
Apr 14 18:24:19 ubuntu devstack@keystone.service[67700]: DEBUG keystone.common.rbac_enforcer.enforcer [None req-ed05f873-62eb-4516-a0a7-36682cfd3c0b None admin] RBAC: Authorization granted {{(pid=67700) enforce_call /opt/stack/keystone/keystone/common/rbac_enforcer/enforcer.py:505}}
Apr 14 18:24:19 ubuntu devstack@keystone.service[67700]: [pid: 67700|app: 0|req: 24/44] 10.120.125.137 () {58 vars in 1176 bytes} [Tue Apr 14 18:24:19 2026] GET /identity/v3/domains/default => generated 200 bytes in 72 msecs (HTTP/1.1 200) 5 headers in 177 bytes (1 switches on core 0)
Apr 14 18:24:19 ubuntu devstack@keystone.service[67699]: DEBUG keystone.server.flask.request_processing.middleware.auth_context [None req-fe0f9645-e596-4e99-b1a7-6de7f9b4df14 None admin] Authenticating user token {{(pid=67699) process_request /opt/stack/data/venv/lib/python3.12/site-packages/keystonemiddleware/auth_token/__init__.py:407}}
Apr 14 18:24:19 ubuntu devstack@keystone.service[67700]: DEBUG keystone.server.flask.request_processing.middleware.auth_context [None req-ed05f873-62eb-4516-a0a7-36682cfd3c0b None admin] Authenticating user token {{(pid=67700) process_request /opt/stack/data/venv/lib/python3.12/site-packages/keystonemiddleware/auth_token/__init__.py:407}}
Apr 14 18:24:19 ubuntu devstack@keystone.service[67700]: DEBUG keystone.server.flask.request_processing.middleware.auth_context [None req-ed05f873-62eb-4516-a0a7-36682cfd3c0b None admin] Validating token access rules against request {{(pid=67700) validate_allowed_request /opt/stack/data/venv/lib/python3.12/site-packages/keystonemiddleware/auth_token/__init__.py:545}}
Apr 14 18:24:19 ubuntu devstack@keystone.service[67699]: DEBUG keystone.server.flask.request_processing.middleware.auth_context [None req-fe0f9645-e596-4e99-b1a7-6de7f9b4df14 None admin] Validating token access rules against request {{(pid=67699) validate_allowed_request /opt/stack/data/venv/lib/python3.12/site-packages/keystonemiddleware/auth_token/__init__.py:545}}
Apr 14 18:24:19 ubuntu devstack@keystone.service[67700]: DEBUG keystone.server.flask.request_processing.middleware.auth_context [None req-fb5b8038-288c-4056-88bb-485960b3eb37 None admin] RBAC: auth_context: {'token': <TokenModel (audit_id=DwDeygmJQa63DOkuWog6vg, audit_chain_id=['DwDeygmJQa63DOkuWog6vg']) at 0x7184e2206ab0>, 'domain_id': None, 'trust_id': None, 'trustor_id': None, 'trustee_id': None, 'domain_name': None, 'group_ids': [], 'user_id': '4451f2cd6d99426099dd0cfcd62b6c03', 'user_domain_id': 'default', 'system_scope': 'all', 'project_id': None, 'project_domain_id': None, 'roles': ['admin', 'manager', 'member', 'reader'], 'is_admin_project': True, 'service_user_id': None, 'service_user_domain_id': None, 'service_project_id': None, 'service_project_domain_id': None, 'service_roles': []} {{(pid=67700) fill_context /opt/stack/keystone/keystone/server/flask/request_processing/middleware/auth_context.py:509}}
Apr 14 18:24:19 ubuntu devstack@keystone.service[67700]: DEBUG keystone.server.flask.request_processing.req_logging [None req-fb5b8038-288c-4056-88bb-485960b3eb37 None admin] REQUEST_METHOD: `POST` {{(pid=67700) log_request_info /opt/stack/keystone/keystone/server/flask/request_processing/req_logging.py:26}}
Apr 14 18:24:19 ubuntu devstack@keystone.service[67700]: DEBUG keystone.server.flask.request_processing.req_logging [None req-fb5b8038-288c-4056-88bb-485960b3eb37 None admin] SCRIPT_NAME: `/identity` {{(pid=67700) log_request_info /opt/stack/keystone/keystone/server/flask/request_processing/req_logging.py:27}}
Apr 14 18:24:19 ubuntu devstack@keystone.service[67700]: DEBUG keystone.server.flask.request_processing.req_logging [None req-fb5b8038-288c-4056-88bb-485960b3eb37 None admin] PATH_INFO: `/v3/projects` {{(pid=67700) log_request_info /opt/stack/keystone/keystone/server/flask/request_processing/req_logging.py:28}}
Apr 14 18:24:19 ubuntu devstack@keystone.service[67700]: DEBUG keystone.common.rbac_enforcer.enforcer [None req-fb5b8038-288c-4056-88bb-485960b3eb37 None admin] RBAC: Authorizing `identity:create_project()` {{(pid=67700) enforce_call /opt/stack/keystone/keystone/common/rbac_enforcer/enforcer.py:494}}
Apr 14 18:24:19 ubuntu devstack@keystone.service[67700]: DEBUG keystone.common.rbac_enforcer.enforcer [None req-fb5b8038-288c-4056-88bb-485960b3eb37 None admin] RBAC: Authorization granted {{(pid=67700) enforce_call /opt/stack/keystone/keystone/common/rbac_enforcer/enforcer.py:505}}
Apr 14 18:24:19 ubuntu devstack@keystone.service[67699]: DEBUG keystone.server.flask.request_processing.middleware.auth_context [None req-f93f488a-040d-4adf-8509-b07f2152477e None admin] RBAC: auth_context: {'token': <TokenModel (audit_id=0X_iZTlBQ6y8wLKWJtK-zQ, audit_chain_id=['0X_iZTlBQ6y8wLKWJtK-zQ']) at 0x7184e2236d80>, 'domain_id': None, 'trust_id': None, 'trustor_id': None, 'trustee_id': None, 'domain_name': None, 'group_ids': [], 'user_id': '4451f2cd6d99426099dd0cfcd62b6c03', 'user_domain_id': 'default', 'system_scope': 'all', 'project_id': None, 'project_domain_id': None, 'roles': ['admin', 'manager', 'member', 'reader'], 'is_admin_project': True, 'service_user_id': None, 'service_user_domain_id': None, 'service_project_id': None, 'service_project_domain_id': None, 'service_roles': []} {{(pid=67699) fill_context /opt/stack/keystone/keystone/server/flask/request_processing/middleware/auth_context.py:509}}
Apr 14 18:24:19 ubuntu devstack@keystone.service[67699]: DEBUG keystone.server.flask.request_processing.req_logging [None req-f93f488a-040d-4adf-8509-b07f2152477e None admin] REQUEST_METHOD: `GET` {{(pid=67699) log_request_info /opt/stack/keystone/keystone/server/flask/request_processing/req_logging.py:26}}
Apr 14 18:24:19 ubuntu devstack@keystone.service[67699]: DEBUG keystone.server.flask.request_processing.req_logging [None req-f93f488a-040d-4adf-8509-b07f2152477e None admin] SCRIPT_NAME: `/identity` {{(pid=67699) log_request_info /opt/stack/keystone/keystone/server/flask/request_processing/req_logging.py:27}}
Apr 14 18:24:19 ubuntu devstack@keystone.service[67699]: DEBUG keystone.server.flask.request_processing.req_logging [None req-f93f488a-040d-4adf-8509-b07f2152477e None admin] PATH_INFO: `/v3/role_assignments` {{(pid=67699) log_request_info /opt/stack/keystone/keystone/server/flask/request_processing/req_logging.py:28}}
Apr 14 18:24:19 ubuntu devstack@keystone.service[67699]: DEBUG keystone.common.rbac_enforcer.enforcer [None req-f93f488a-040d-4adf-8509-b07f2152477e None admin] RBAC: Adding query filter params (role.id=44f367f061f74858b6e36a0236a6f022, scope.domain.id=default, user.id=4451f2cd6d99426099dd0cfcd62b6c03) {{(pid=67699) _extract_filter_values /opt/stack/keystone/keystone/common/rbac_enforcer/enforcer.py:176}}
Apr 14 18:24:19 ubuntu devstack@keystone.service[67699]: DEBUG keystone.common.rbac_enforcer.enforcer [None req-f93f488a-040d-4adf-8509-b07f2152477e None admin] RBAC: Authorizing `identity:list_role_assignments()` {{(pid=67699) enforce_call /opt/stack/keystone/keystone/common/rbac_enforcer/enforcer.py:494}}
Apr 14 18:24:19 ubuntu devstack@keystone.service[67699]: DEBUG keystone.common.rbac_enforcer.enforcer [None req-f93f488a-040d-4adf-8509-b07f2152477e None admin] RBAC: Authorization granted {{(pid=67699) enforce_call /opt/stack/keystone/keystone/common/rbac_enforcer/enforcer.py:505}}
Apr 14 18:24:20 ubuntu devstack@keystone.service[67699]: [pid: 67699|app: 0|req: 21/45] 10.120.125.137 () {58 vars in 1403 bytes} [Tue Apr 14 18:24:19 2026] GET /identity/v3/role_assignments?role.id=44f367f061f74858b6e36a0236a6f022&scope.domain.id=default&user.id=4451f2cd6d99426099dd0cfcd62b6c03 => generated 532 bytes in 88 msecs (HTTP/1.1 200) 5 headers in 177 bytes (1 switches on core 0)
Apr 14 18:24:20 ubuntu devstack@keystone.service[67699]: DEBUG keystone.server.flask.request_processing.middleware.auth_context [None req-f93f488a-040d-4adf-8509-b07f2152477e None admin] Authenticating user token {{(pid=67699) process_request /opt/stack/data/venv/lib/python3.12/site-packages/keystonemiddleware/auth_token/__init__.py:407}}
Apr 14 18:24:20 ubuntu devstack@keystone.service[67699]: DEBUG keystone.server.flask.request_processing.middleware.auth_context [None req-f93f488a-040d-4adf-8509-b07f2152477e None admin] Validating token access rules against request {{(pid=67699) validate_allowed_request /opt/stack/data/venv/lib/python3.12/site-packages/keystonemiddleware/auth_token/__init__.py:545}}
Apr 14 18:24:20 ubuntu devstack@keystone.service[67700]: [pid: 67700|app: 0|req: 25/46] 10.120.125.137 () {62 vars in 1208 bytes} [Tue Apr 14 18:24:19 2026] POST /identity/v3/projects => generated 302 bytes in 168 msecs (HTTP/1.1 201) 5 headers in 182 bytes (1 switches on core 0)
Apr 14 18:24:20 ubuntu devstack@keystone.service[67700]: DEBUG keystone.server.flask.request_processing.middleware.auth_context [None req-fb5b8038-288c-4056-88bb-485960b3eb37 None admin] Authenticating user token {{(pid=67700) process_request /opt/stack/data/venv/lib/python3.12/site-packages/keystonemiddleware/auth_token/__init__.py:407}}
