Mar 18 11:11:25 jammy-provider-cloud-0000008127 sudo[123282]:   ubuntu : PWD=/ ; USER=root ; COMMAND=/opt/stack/data/venv/bin/cinder-rootwrap /etc/cinder/rootwrap.conf env LC_ALL=C lvs --noheadings --unit=g -o vg_name,name,size --nosuffix --readonly stack-volumes-lvmdriver-1
Mar 18 11:11:25 jammy-provider-cloud-0000008127 sudo[123282]: pam_unix(sudo:session): session opened for user root(uid=0) by (uid=1000)
Mar 18 11:11:26 jammy-provider-cloud-0000008127 sudo[123282]: pam_unix(sudo:session): session closed for user root
Mar 18 11:11:26 jammy-provider-cloud-0000008127 cinder-volume[113935]: DEBUG oslo_concurrency.processutils [None req-9d48591b-75cb-4b50-8bde-a0eff83f61ee None None] CMD "sudo cinder-rootwrap /etc/cinder/rootwrap.conf env LC_ALL=C lvs --noheadings --unit=g -o vg_name,name,size --nosuffix --readonly stack-volumes-lvmdriver-1" returned: 0 in 0.328s {{(pid=113935) execute /opt/stack/data/venv/lib/python3.10/site-packages/oslo_concurrency/processutils.py:372}}
Mar 18 11:11:26 jammy-provider-cloud-0000008127 cinder-volume[113935]: DEBUG oslo_concurrency.processutils [None req-9d48591b-75cb-4b50-8bde-a0eff83f61ee None None] Running cmd (subprocess): sudo cinder-rootwrap /etc/cinder/rootwrap.conf env LC_ALL=C lvs --noheadings --unit=g -o size,data_percent --separator : --nosuffix /dev/stack-volumes-lvmdriver-1/stack-volumes-lvmdriver-1-pool {{(pid=113935) execute /opt/stack/data/venv/lib/python3.10/site-packages/oslo_concurrency/processutils.py:349}}
Mar 18 11:11:26 jammy-provider-cloud-0000008127 sudo[123285]:   ubuntu : PWD=/ ; USER=root ; COMMAND=/opt/stack/data/venv/bin/cinder-rootwrap /etc/cinder/rootwrap.conf env LC_ALL=C lvs --noheadings --unit=g -o size,data_percent --separator : --nosuffix /dev/stack-volumes-lvmdriver-1/stack-volumes-lvmdriver-1-pool
Mar 18 11:11:26 jammy-provider-cloud-0000008127 sudo[123285]: pam_unix(sudo:session): session opened for user root(uid=0) by (uid=1000)
Mar 18 11:11:26 jammy-provider-cloud-0000008127 sudo[123285]: pam_unix(sudo:session): session closed for user root
Mar 18 11:11:26 jammy-provider-cloud-0000008127 cinder-volume[113935]: DEBUG oslo_concurrency.processutils [None req-9d48591b-75cb-4b50-8bde-a0eff83f61ee None None] CMD "sudo cinder-rootwrap /etc/cinder/rootwrap.conf env LC_ALL=C lvs --noheadings --unit=g -o size,data_percent --separator : --nosuffix /dev/stack-volumes-lvmdriver-1/stack-volumes-lvmdriver-1-pool" returned: 0 in 0.342s {{(pid=113935) execute /opt/stack/data/venv/lib/python3.10/site-packages/oslo_concurrency/processutils.py:372}}
Mar 18 11:11:26 jammy-provider-cloud-0000008127 cinder-volume[113935]: DEBUG oslo_concurrency.processutils [None req-9d48591b-75cb-4b50-8bde-a0eff83f61ee None None] Running cmd (subprocess): sudo cinder-rootwrap /etc/cinder/rootwrap.conf env LC_ALL=C lvs --noheadings --unit=g -o vg_name,name,size --nosuffix --readonly stack-volumes-lvmdriver-1 {{(pid=113935) execute /opt/stack/data/venv/lib/python3.10/site-packages/oslo_concurrency/processutils.py:349}}
Mar 18 11:11:26 jammy-provider-cloud-0000008127 sudo[123288]:   ubuntu : PWD=/ ; USER=root ; COMMAND=/opt/stack/data/venv/bin/cinder-rootwrap /etc/cinder/rootwrap.conf env LC_ALL=C lvs --noheadings --unit=g -o vg_name,name,size --nosuffix --readonly stack-volumes-lvmdriver-1
Mar 18 11:11:26 jammy-provider-cloud-0000008127 sudo[123288]: pam_unix(sudo:session): session opened for user root(uid=0) by (uid=1000)
Mar 18 11:11:26 jammy-provider-cloud-0000008127 sudo[123288]: pam_unix(sudo:session): session closed for user root
Mar 18 11:11:26 jammy-provider-cloud-0000008127 cinder-volume[113935]: DEBUG oslo_concurrency.processutils [None req-9d48591b-75cb-4b50-8bde-a0eff83f61ee None None] CMD "sudo cinder-rootwrap /etc/cinder/rootwrap.conf env LC_ALL=C lvs --noheadings --unit=g -o vg_name,name,size --nosuffix --readonly stack-volumes-lvmdriver-1" returned: 0 in 0.342s {{(pid=113935) execute /opt/stack/data/venv/lib/python3.10/site-packages/oslo_concurrency/processutils.py:372}}
Mar 18 11:11:26 jammy-provider-cloud-0000008127 cinder-volume[113935]: DEBUG cinder.manager [None req-9d48591b-75cb-4b50-8bde-a0eff83f61ee None None] Notifying Schedulers of capabilities ... {{(pid=113935) _publish_service_capabilities /opt/stack/cinder/cinder/manager.py:202}}
Mar 18 11:12:15 jammy-provider-cloud-0000008127 cinder-volume[113935]: DEBUG dbcounter [-] [113935] Writing DB stats cinder:SELECT=1,cinder:UPDATE=1 {{(pid=113935) stat_writer /opt/stack/data/venv/lib/python3.10/site-packages/dbcounter.py:115}}
Mar 18 11:12:25 jammy-provider-cloud-0000008127 cinder-volume[113935]: DEBUG oslo_service.periodic_task [None req-9d48591b-75cb-4b50-8bde-a0eff83f61ee None None] Running periodic task VolumeManager.publish_service_capabilities {{(pid=113935) run_periodic_tasks /opt/stack/data/venv/lib/python3.10/site-packages/oslo_service/periodic_task.py:210}}
Mar 18 11:12:25 jammy-provider-cloud-0000008127 cinder-volume[113935]: DEBUG cinder.volume.drivers.lvm [None req-9d48591b-75cb-4b50-8bde-a0eff83f61ee None None] Updating volume stats {{(pid=113935) _update_volume_stats /opt/stack/cinder/cinder/volume/drivers/lvm.py:227}}
Mar 18 11:12:25 jammy-provider-cloud-0000008127 cinder-volume[113935]: DEBUG oslo_concurrency.processutils [None req-9d48591b-75cb-4b50-8bde-a0eff83f61ee None None] Running cmd (subprocess): sudo cinder-rootwrap /etc/cinder/rootwrap.conf env LC_ALL=C vgs --noheadings --unit=g -o name,size,free,lv_count,uuid --separator : --nosuffix stack-volumes-lvmdriver-1 {{(pid=113935) execute /opt/stack/data/venv/lib/python3.10/site-packages/oslo_concurrency/processutils.py:349}}
Mar 18 11:12:25 jammy-provider-cloud-0000008127 sudo[123519]:   ubuntu : PWD=/ ; USER=root ; COMMAND=/opt/stack/data/venv/bin/cinder-rootwrap /etc/cinder/rootwrap.conf env LC_ALL=C vgs --noheadings --unit=g -o name,size,free,lv_count,uuid --separator : --nosuffix stack-volumes-lvmdriver-1
Mar 18 11:12:25 jammy-provider-cloud-0000008127 sudo[123519]: pam_unix(sudo:session): session opened for user root(uid=0) by (uid=1000)
Mar 18 11:12:25 jammy-provider-cloud-0000008127 sudo[123519]: pam_unix(sudo:session): session closed for user root
Mar 18 11:12:25 jammy-provider-cloud-0000008127 cinder-volume[113935]: DEBUG oslo_concurrency.processutils [None req-9d48591b-75cb-4b50-8bde-a0eff83f61ee None None] CMD "sudo cinder-rootwrap /etc/cinder/rootwrap.conf env LC_ALL=C vgs --noheadings --unit=g -o name,size,free,lv_count,uuid --separator : --nosuffix stack-volumes-lvmdriver-1" returned: 0 in 0.374s {{(pid=113935) execute /opt/stack/data/venv/lib/python3.10/site-packages/oslo_concurrency/processutils.py:372}}
Mar 18 11:12:25 jammy-provider-cloud-0000008127 cinder-volume[113935]: DEBUG oslo_concurrency.processutils [None req-9d48591b-75cb-4b50-8bde-a0eff83f61ee None None] Running cmd (subprocess): sudo cinder-rootwrap /etc/cinder/rootwrap.conf env LC_ALL=C lvs --noheadings --unit=g -o vg_name,name,size --nosuffix --readonly stack-volumes-lvmdriver-1 {{(pid=113935) execute /opt/stack/data/venv/lib/python3.10/site-packages/oslo_concurrency/processutils.py:349}}
Mar 18 11:12:25 jammy-provider-cloud-0000008127 sudo[123522]:   ubuntu : PWD=/ ; USER=root ; COMMAND=/opt/stack/data/venv/bin/cinder-rootwrap /etc/cinder/rootwrap.conf env LC_ALL=C lvs --noheadings --unit=g -o vg_name,name,size --nosuffix --readonly stack-volumes-lvmdriver-1
Mar 18 11:12:25 jammy-provider-cloud-0000008127 sudo[123522]: pam_unix(sudo:session): session opened for user root(uid=0) by (uid=1000)
Mar 18 11:12:26 jammy-provider-cloud-0000008127 sudo[123522]: pam_unix(sudo:session): session closed for user root
Mar 18 11:12:26 jammy-provider-cloud-0000008127 cinder-volume[113935]: DEBUG oslo_concurrency.processutils [None req-9d48591b-75cb-4b50-8bde-a0eff83f61ee None None] CMD "sudo cinder-rootwrap /etc/cinder/rootwrap.conf env LC_ALL=C lvs --noheadings --unit=g -o vg_name,name,size --nosuffix --readonly stack-volumes-lvmdriver-1" returned: 0 in 0.358s {{(pid=113935) execute /opt/stack/data/venv/lib/python3.10/site-packages/oslo_concurrency/processutils.py:372}}
Mar 18 11:12:26 jammy-provider-cloud-0000008127 cinder-volume[113935]: DEBUG oslo_concurrency.processutils [None req-9d48591b-75cb-4b50-8bde-a0eff83f61ee None None] Running cmd (subprocess): sudo cinder-rootwrap /etc/cinder/rootwrap.conf env LC_ALL=C lvs --noheadings --unit=g -o size,data_percent --separator : --nosuffix /dev/stack-volumes-lvmdriver-1/stack-volumes-lvmdriver-1-pool {{(pid=113935) execute /opt/stack/data/venv/lib/python3.10/site-packages/oslo_concurrency/processutils.py:349}}
Mar 18 11:12:26 jammy-provider-cloud-0000008127 sudo[123525]:   ubuntu : PWD=/ ; USER=root ; COMMAND=/opt/stack/data/venv/bin/cinder-rootwrap /etc/cinder/rootwrap.conf env LC_ALL=C lvs --noheadings --unit=g -o size,data_percent --separator : --nosuffix /dev/stack-volumes-lvmdriver-1/stack-volumes-lvmdriver-1-pool
Mar 18 11:12:26 jammy-provider-cloud-0000008127 sudo[123525]: pam_unix(sudo:session): session opened for user root(uid=0) by (uid=1000)
Mar 18 11:12:26 jammy-provider-cloud-0000008127 sudo[123525]: pam_unix(sudo:session): session closed for user root
Mar 18 11:12:26 jammy-provider-cloud-0000008127 cinder-volume[113935]: DEBUG oslo_concurrency.processutils [None req-9d48591b-75cb-4b50-8bde-a0eff83f61ee None None] CMD "sudo cinder-rootwrap /etc/cinder/rootwrap.conf env LC_ALL=C lvs --noheadings --unit=g -o size,data_percent --separator : --nosuffix /dev/stack-volumes-lvmdriver-1/stack-volumes-lvmdriver-1-pool" returned: 0 in 0.343s {{(pid=113935) execute /opt/stack/data/venv/lib/python3.10/site-packages/oslo_concurrency/processutils.py:372}}
Mar 18 11:12:26 jammy-provider-cloud-0000008127 cinder-volume[113935]: DEBUG oslo_concurrency.processutils [None req-9d48591b-75cb-4b50-8bde-a0eff83f61ee None None] Running cmd (subprocess): sudo cinder-rootwrap /etc/cinder/rootwrap.conf env LC_ALL=C lvs --noheadings --unit=g -o vg_name,name,size --nosuffix --readonly stack-volumes-lvmdriver-1 {{(pid=113935) execute /opt/stack/data/venv/lib/python3.10/site-packages/oslo_concurrency/processutils.py:349}}
Mar 18 11:12:26 jammy-provider-cloud-0000008127 sudo[123528]:   ubuntu : PWD=/ ; USER=root ; COMMAND=/usr/local/bin/cinder-rootwrap /etc/cinder/rootwrap.conf env LC_ALL=C lvs --noheadings --unit=g -o vg_name,name,size --nosuffix --readonly stack-volumes-lvmdriver-1
Mar 18 11:12:26 jammy-provider-cloud-0000008127 sudo[123528]: pam_unix(sudo:session): session opened for user root(uid=0) by (uid=1000)
Mar 18 11:12:26 jammy-provider-cloud-0000008127 sudo[123528]: pam_unix(sudo:session): session closed for user root
Mar 18 11:12:26 jammy-provider-cloud-0000008127 cinder-volume[113935]: DEBUG oslo_concurrency.processutils [None req-9d48591b-75cb-4b50-8bde-a0eff83f61ee None None] CMD "sudo cinder-rootwrap /etc/cinder/rootwrap.conf env LC_ALL=C lvs --noheadings --unit=g -o vg_name,name,size --nosuffix --readonly stack-volumes-lvmdriver-1" returned: 0 in 0.382s {{(pid=113935) execute /opt/stack/data/venv/lib/python3.10/site-packages/oslo_concurrency/processutils.py:372}}
Mar 18 11:12:26 jammy-provider-cloud-0000008127 cinder-volume[113935]: DEBUG cinder.manager [None req-9d48591b-75cb-4b50-8bde-a0eff83f61ee None None] Notifying Schedulers of capabilities ... {{(pid=113935) _publish_service_capabilities /opt/stack/cinder/cinder/manager.py:202}}
Mar 18 11:12:31 jammy-provider-cloud-0000008127 systemd[1]: Stopping Devstack devstack@c-vol.service...
Mar 18 11:12:31 jammy-provider-cloud-0000008127 cinder-volume[113750]: INFO oslo_service.backend.eventlet.service [None req-18936441-c6b2-487d-9486-3d25f9d780a5 None None] Caught SIGTERM, stopping children
Mar 18 11:12:31 jammy-provider-cloud-0000008127 cinder-volume[113750]: DEBUG oslo_concurrency.lockutils [None req-18936441-c6b2-487d-9486-3d25f9d780a5 None None] Acquiring lock "singleton_lock" {{(pid=113750) lock /opt/stack/data/venv/lib/python3.10/site-packages/oslo_concurrency/lockutils.py:313}}
Mar 18 11:12:31 jammy-provider-cloud-0000008127 cinder-volume[113750]: DEBUG oslo_concurrency.lockutils [None req-18936441-c6b2-487d-9486-3d25f9d780a5 None None] Acquired lock "singleton_lock" {{(pid=113750) lock /opt/stack/data/venv/lib/python3.10/site-packages/oslo_concurrency/lockutils.py:316}}
Mar 18 11:12:31 jammy-provider-cloud-0000008127 cinder-volume[113750]: DEBUG oslo_concurrency.lockutils [None req-18936441-c6b2-487d-9486-3d25f9d780a5 None None] Releasing lock "singleton_lock" {{(pid=113750) lock /opt/stack/data/venv/lib/python3.10/site-packages/oslo_concurrency/lockutils.py:334}}
Mar 18 11:12:31 jammy-provider-cloud-0000008127 cinder-volume[113750]: DEBUG oslo_service.backend.eventlet.service [None req-18936441-c6b2-487d-9486-3d25f9d780a5 None None] Stop services. {{(pid=113750) stop /opt/stack/data/venv/lib/python3.10/site-packages/oslo_service/backend/eventlet/service.py:693}}
Mar 18 11:12:31 jammy-provider-cloud-0000008127 cinder-volume[113750]: DEBUG oslo_service.backend.eventlet.service [None req-18936441-c6b2-487d-9486-3d25f9d780a5 None None] Killing children. {{(pid=113750) stop /opt/stack/data/venv/lib/python3.10/site-packages/oslo_service/backend/eventlet/service.py:698}}
Mar 18 11:12:31 jammy-provider-cloud-0000008127 cinder-volume[113750]: INFO oslo_service.backend.eventlet.service [None req-18936441-c6b2-487d-9486-3d25f9d780a5 None None] Waiting on 1 children to exit
Mar 18 11:12:36 jammy-provider-cloud-0000008127 systemd[1]: devstack@c-vol.service: Main process exited, code=killed, status=14/ALRM
Mar 18 11:12:36 jammy-provider-cloud-0000008127 systemd[1]: devstack@c-vol.service: Failed with result 'signal'.
Mar 18 11:12:36 jammy-provider-cloud-0000008127 systemd[1]: devstack@c-vol.service: Unit process 113935 (cinder-volume) remains running after unit stopped.
Mar 18 11:12:36 jammy-provider-cloud-0000008127 systemd[1]: Stopped Devstack devstack@c-vol.service.
Mar 18 11:12:36 jammy-provider-cloud-0000008127 systemd[1]: devstack@c-vol.service: Consumed 18.740s CPU time.
Mar 18 11:12:36 jammy-provider-cloud-0000008127 systemd[1]: devstack@c-vol.service: Found left-over process 113935 (cinder-volume) in control group while starting unit. Ignoring.
Mar 18 11:12:36 jammy-provider-cloud-0000008127 systemd[1]: This usually indicates unclean termination of a previous run, or service implementation deficiencies.
Mar 18 11:12:36 jammy-provider-cloud-0000008127 systemd[1]: Started Devstack devstack@c-vol.service.
Mar 18 11:12:36 jammy-provider-cloud-0000008127 cinder-volume[113935]: INFO oslo_service.backend.eventlet.service [-] Parent process has died unexpectedly, exiting
Mar 18 11:12:37 jammy-provider-cloud-0000008127 cinder-volume[123590]: DEBUG oslo_concurrency.lockutils [-] Acquiring lock "singleton_lock" {{(pid=123590) lock /opt/stack/data/venv/lib/python3.10/site-packages/oslo_concurrency/lockutils.py:313}}
Mar 18 11:12:37 jammy-provider-cloud-0000008127 cinder-volume[123590]: DEBUG oslo_concurrency.lockutils [-] Acquired lock "singleton_lock" {{(pid=123590) lock /opt/stack/data/venv/lib/python3.10/site-packages/oslo_concurrency/lockutils.py:316}}
Mar 18 11:12:37 jammy-provider-cloud-0000008127 cinder-volume[123590]: DEBUG oslo_concurrency.lockutils [-] Releasing lock "singleton_lock" {{(pid=123590) lock /opt/stack/data/venv/lib/python3.10/site-packages/oslo_concurrency/lockutils.py:334}}
Mar 18 11:12:37 jammy-provider-cloud-0000008127 cinder-volume[113935]: DEBUG cinder.volume.drivers.lvm [None req-b6ed0083-71a9-4468-810d-63fc76adf1b3 None None] Updating volume stats {{(pid=113935) _update_volume_stats /opt/stack/cinder/cinder/volume/drivers/lvm.py:227}}
Mar 18 11:12:37 jammy-provider-cloud-0000008127 cinder-volume[113935]: DEBUG oslo_concurrency.processutils [None req-b6ed0083-71a9-4468-810d-63fc76adf1b3 None None] Running cmd (subprocess): sudo cinder-rootwrap /etc/cinder/rootwrap.conf env LC_ALL=C vgs --noheadings --unit=g -o name,size,free,lv_count,uuid --separator : --nosuffix stack-volumes-lvmdriver-1 {{(pid=113935) execute /opt/stack/data/venv/lib/python3.10/site-packages/oslo_concurrency/processutils.py:349}}
Mar 18 11:12:37 jammy-provider-cloud-0000008127 sudo[123598]:   ubuntu : PWD=/ ; USER=root ; COMMAND=/usr/local/bin/cinder-rootwrap /etc/cinder/rootwrap.conf env LC_ALL=C vgs --noheadings --unit=g -o name,size,free,lv_count,uuid --separator : --nosuffix stack-volumes-lvmdriver-1
Mar 18 11:12:37 jammy-provider-cloud-0000008127 sudo[123598]: pam_unix(sudo:session): session opened for user root(uid=0) by (uid=1000)
Mar 18 11:12:37 jammy-provider-cloud-0000008127 cinder-volume[123590]: DEBUG oslo_db.sqlalchemy.engines [None req-790c755f-8817-4b8d-bd10-cd94b1af395e None None] MySQL server mode set to STRICT_TRANS_TABLES,STRICT_ALL_TABLES,NO_ZERO_IN_DATE,NO_ZERO_DATE,ERROR_FOR_DIVISION_BY_ZERO,TRADITIONAL,NO_ENGINE_SUBSTITUTION {{(pid=123590) _check_effective_sql_mode /opt/stack/data/venv/lib/python3.10/site-packages/oslo_db/sqlalchemy/engines.py:397}}
Mar 18 11:12:37 jammy-provider-cloud-0000008127 cinder-volume[123590]: INFO cinder.rpc [None req-790c755f-8817-4b8d-bd10-cd94b1af395e None None] Automatically selected cinder-scheduler objects version 1.39 as minimum service version.
Mar 18 11:12:37 jammy-provider-cloud-0000008127 cinder-volume[123590]: INFO cinder.rpc [None req-790c755f-8817-4b8d-bd10-cd94b1af395e None None] Automatically selected cinder-scheduler RPC version 3.12 as minimum service version.
Mar 18 11:12:37 jammy-provider-cloud-0000008127 cinder-volume[123590]: DEBUG oslo_db.sqlalchemy.engines [None req-790c755f-8817-4b8d-bd10-cd94b1af395e None None] MySQL server mode set to STRICT_TRANS_TABLES,STRICT_ALL_TABLES,NO_ZERO_IN_DATE,NO_ZERO_DATE,ERROR_FOR_DIVISION_BY_ZERO,TRADITIONAL,NO_ENGINE_SUBSTITUTION {{(pid=123590) _check_effective_sql_mode /opt/stack/data/venv/lib/python3.10/site-packages/oslo_db/sqlalchemy/engines.py:397}}
Mar 18 11:12:37 jammy-provider-cloud-0000008127 sudo[123598]: pam_unix(sudo:session): session closed for user root
Mar 18 11:12:37 jammy-provider-cloud-0000008127 cinder-volume[113935]: DEBUG oslo_concurrency.processutils [None req-b6ed0083-71a9-4468-810d-63fc76adf1b3 None None] CMD "sudo cinder-rootwrap /etc/cinder/rootwrap.conf env LC_ALL=C vgs --noheadings --unit=g -o name,size,free,lv_count,uuid --separator : --nosuffix stack-volumes-lvmdriver-1" returned: 0 in 0.349s {{(pid=113935) execute /opt/stack/data/venv/lib/python3.10/site-packages/oslo_concurrency/processutils.py:372}}
Mar 18 11:12:37 jammy-provider-cloud-0000008127 cinder-volume[113935]: DEBUG oslo_concurrency.processutils [None req-b6ed0083-71a9-4468-810d-63fc76adf1b3 None None] Running cmd (subprocess): sudo cinder-rootwrap /etc/cinder/rootwrap.conf env LC_ALL=C lvs --noheadings --unit=g -o vg_name,name,size --nosuffix --readonly stack-volumes-lvmdriver-1 {{(pid=113935) execute /opt/stack/data/venv/lib/python3.10/site-packages/oslo_concurrency/processutils.py:349}}
Mar 18 11:12:37 jammy-provider-cloud-0000008127 cinder-volume[123590]: INFO cinder.volume.manager [None req-790c755f-8817-4b8d-bd10-cd94b1af395e None None] Determined volume DB was empty at startup.
Mar 18 11:12:37 jammy-provider-cloud-0000008127 cinder-volume[123590]: DEBUG cinder.volume.manager [None req-790c755f-8817-4b8d-bd10-cd94b1af395e None None] Cinder Volume DB check: vol_db_empty=True {{(pid=123590) __init__ /opt/stack/cinder/cinder/volume/manager.py:288}}
Mar 18 11:12:37 jammy-provider-cloud-0000008127 sudo[123601]:   ubuntu : PWD=/ ; USER=root ; COMMAND=/usr/local/bin/cinder-rootwrap /etc/cinder/rootwrap.conf env LC_ALL=C lvs --noheadings --unit=g -o vg_name,name,size --nosuffix --readonly stack-volumes-lvmdriver-1
Mar 18 11:12:37 jammy-provider-cloud-0000008127 sudo[123601]: pam_unix(sudo:session): session opened for user root(uid=0) by (uid=1000)
Mar 18 11:12:37 jammy-provider-cloud-0000008127 cinder-volume[123590]: INFO cinder.volume.manager [None req-790c755f-8817-4b8d-bd10-cd94b1af395e None None] Service not found for updating active_backend_id, assuming default for driver init.
Mar 18 11:12:37 jammy-provider-cloud-0000008127 cinder-volume[123590]: WARNING stevedore.named [None req-790c755f-8817-4b8d-bd10-cd94b1af395e None None] Could not load cinder.keymgr.conf_key_mgr.ConfKeyManager
Mar 18 11:12:37 jammy-provider-cloud-0000008127 cinder-volume[123590]: WARNING castellan.key_manager [None req-790c755f-8817-4b8d-bd10-cd94b1af395e None None] Deprecation Warning : cinder.keymgr.conf_key_mgr.ConfKeyManager is not a stevedore based driver, trying to load it as a class: stevedore.exception.NoMatches: No 'castellan.drivers' driver found, looking for 'cinder.keymgr.conf_key_mgr.ConfKeyManager'
Mar 18 11:12:37 jammy-provider-cloud-0000008127 cinder-volume[123590]: WARNING cinder.keymgr.conf_key_mgr [None req-790c755f-8817-4b8d-bd10-cd94b1af395e None None] This key manager is insecure and is not recommended for production deployments: stevedore.exception.NoMatches: No 'castellan.drivers' driver found, looking for 'cinder.keymgr.conf_key_mgr.ConfKeyManager'
Mar 18 11:12:37 jammy-provider-cloud-0000008127 cinder-volume[123590]: DEBUG cinder.zonemanager.utils [None req-790c755f-8817-4b8d-bd10-cd94b1af395e None None] Zoning mode: None. {{(pid=123590) create_lookup_service /opt/stack/cinder/cinder/zonemanager/utils.py:56}}
Mar 18 11:12:37 jammy-provider-cloud-0000008127 cinder-volume[123590]: DEBUG cinder.zonemanager.utils [None req-790c755f-8817-4b8d-bd10-cd94b1af395e None None] FC Lookup Service not enabled in cinder.conf. {{(pid=123590) create_lookup_service /opt/stack/cinder/cinder/zonemanager/utils.py:63}}
Mar 18 11:12:37 jammy-provider-cloud-0000008127 cinder-volume[123590]: INFO cinder.volume.manager [None req-790c755f-8817-4b8d-bd10-cd94b1af395e None None] Image-volume cache disabled for host jammy-provider-cloud-0000008127@arcusfc1.
Mar 18 11:12:37 jammy-provider-cloud-0000008127 cinder-volume[123590]: DEBUG oslo_db.sqlalchemy.engines [None req-790c755f-8817-4b8d-bd10-cd94b1af395e None None] MySQL server mode set to STRICT_TRANS_TABLES,STRICT_ALL_TABLES,NO_ZERO_IN_DATE,NO_ZERO_DATE,ERROR_FOR_DIVISION_BY_ZERO,TRADITIONAL,NO_ENGINE_SUBSTITUTION {{(pid=123590) _check_effective_sql_mode /opt/stack/data/venv/lib/python3.10/site-packages/oslo_db/sqlalchemy/engines.py:397}}
Mar 18 11:12:37 jammy-provider-cloud-0000008127 cinder-volume[123590]: INFO oslo_service.backend.eventlet.service [None req-790c755f-8817-4b8d-bd10-cd94b1af395e None None] Starting 1 workers
Mar 18 11:12:37 jammy-provider-cloud-0000008127 cinder-volume[123590]: DEBUG oslo_service.backend.eventlet.service [None req-790c755f-8817-4b8d-bd10-cd94b1af395e None None] Started child 123603 {{(pid=123590) _start_child /opt/stack/data/venv/lib/python3.10/site-packages/oslo_service/backend/eventlet/service.py:573}}
Mar 18 11:12:38 jammy-provider-cloud-0000008127 cinder-volume[123603]: INFO cinder.service [-] Starting cinder-volume node (version 26.1.0)
Mar 18 11:12:38 jammy-provider-cloud-0000008127 cinder-volume[123590]: DEBUG oslo_db.sqlalchemy.engines [None req-790c755f-8817-4b8d-bd10-cd94b1af395e None None] MySQL server mode set to STRICT_TRANS_TABLES,STRICT_ALL_TABLES,NO_ZERO_IN_DATE,NO_ZERO_DATE,ERROR_FOR_DIVISION_BY_ZERO,TRADITIONAL,NO_ENGINE_SUBSTITUTION {{(pid=123590) _check_effective_sql_mode /opt/stack/data/venv/lib/python3.10/site-packages/oslo_db/sqlalchemy/engines.py:397}}
Mar 18 11:12:38 jammy-provider-cloud-0000008127 cinder-volume[123590]: INFO cinder.volume.manager [None req-790c755f-8817-4b8d-bd10-cd94b1af395e None None] Determined volume DB was empty at startup.
Mar 18 11:12:38 jammy-provider-cloud-0000008127 cinder-volume[123590]: DEBUG cinder.volume.manager [None req-790c755f-8817-4b8d-bd10-cd94b1af395e None None] Cinder Volume DB check: vol_db_empty=True {{(pid=123590) __init__ /opt/stack/cinder/cinder/volume/manager.py:288}}
Mar 18 11:12:38 jammy-provider-cloud-0000008127 cinder-volume[123603]: INFO cinder.volume.manager [None req-c27a68b3-ba5c-4949-9dcc-51779ffe4a0a None None] Starting volume driver HPE3PARNVMEDriver (1.0)
Mar 18 11:12:38 jammy-provider-cloud-0000008127 cinder-volume[123603]: DEBUG cinder.volume.drivers.hpe.hpe_3par_common [None req-c27a68b3-ba5c-4949-9dcc-51779ffe4a0a None None] Connecting to 3PAR {{(pid=123603) client_login /opt/stack/cinder/cinder/volume/drivers/hpe/hpe_3par_common.py:425}}
Mar 18 11:12:38 jammy-provider-cloud-0000008127 cinder-volume[123590]: INFO cinder.volume.manager [None req-790c755f-8817-4b8d-bd10-cd94b1af395e None None] Service not found for updating active_backend_id, assuming default for driver init.
Mar 18 11:12:38 jammy-provider-cloud-0000008127 cinder-volume[123590]: WARNING stevedore.named [None req-790c755f-8817-4b8d-bd10-cd94b1af395e None None] Could not load cinder.keymgr.conf_key_mgr.ConfKeyManager
Mar 18 11:12:38 jammy-provider-cloud-0000008127 cinder-volume[123590]: WARNING castellan.key_manager [None req-790c755f-8817-4b8d-bd10-cd94b1af395e None None] Deprecation Warning : cinder.keymgr.conf_key_mgr.ConfKeyManager is not a stevedore based driver, trying to load it as a class: stevedore.exception.NoMatches: No 'castellan.drivers' driver found, looking for 'cinder.keymgr.conf_key_mgr.ConfKeyManager'
Mar 18 11:12:38 jammy-provider-cloud-0000008127 cinder-volume[123590]: DEBUG cinder.zonemanager.utils [None req-790c755f-8817-4b8d-bd10-cd94b1af395e None None] Zoning mode: None. {{(pid=123590) create_lookup_service /opt/stack/cinder/cinder/zonemanager/utils.py:56}}
Mar 18 11:12:38 jammy-provider-cloud-0000008127 cinder-volume[123590]: DEBUG cinder.zonemanager.utils [None req-790c755f-8817-4b8d-bd10-cd94b1af395e None None] FC Lookup Service not enabled in cinder.conf. {{(pid=123590) create_lookup_service /opt/stack/cinder/cinder/zonemanager/utils.py:63}}
Mar 18 11:12:38 jammy-provider-cloud-0000008127 cinder-volume[123590]: INFO cinder.volume.manager [None req-790c755f-8817-4b8d-bd10-cd94b1af395e None None] Image-volume cache disabled for host jammy-provider-cloud-0000008127@arcusfc2.
Mar 18 11:12:38 jammy-provider-cloud-0000008127 cinder-volume[123590]: DEBUG oslo_db.sqlalchemy.engines [None req-790c755f-8817-4b8d-bd10-cd94b1af395e None None] MySQL server mode set to STRICT_TRANS_TABLES,STRICT_ALL_TABLES,NO_ZERO_IN_DATE,NO_ZERO_DATE,ERROR_FOR_DIVISION_BY_ZERO,TRADITIONAL,NO_ENGINE_SUBSTITUTION {{(pid=123590) _check_effective_sql_mode /opt/stack/data/venv/lib/python3.10/site-packages/oslo_db/sqlalchemy/engines.py:397}}
Mar 18 11:12:38 jammy-provider-cloud-0000008127 cinder-volume[123603]: WARNING py.warnings [None req-c27a68b3-ba5c-4949-9dcc-51779ffe4a0a None None] /opt/stack/data/venv/lib/python3.10/site-packages/urllib3/connectionpool.py:1064: InsecureRequestWarning: Unverified HTTPS request is being made to host '10.201.5.12'. Adding certificate verification is strongly advised. See: https://urllib3.readthedocs.io/en/1.26.x/advanced-usage.html#ssl-warnings
Mar 18 11:12:38 jammy-provider-cloud-0000008127 cinder-volume[123603]:   warnings.warn(
Mar 18 11:12:38 jammy-provider-cloud-0000008127 cinder-volume[123590]: INFO oslo_service.backend.eventlet.service [None req-790c755f-8817-4b8d-bd10-cd94b1af395e None None] Starting 1 workers
Mar 18 11:12:38 jammy-provider-cloud-0000008127 cinder-volume[123590]: DEBUG oslo_service.backend.eventlet.service [None req-790c755f-8817-4b8d-bd10-cd94b1af395e None None] Started child 123604 {{(pid=123590) _start_child /opt/stack/data/venv/lib/python3.10/site-packages/oslo_service/backend/eventlet/service.py:573}}
Mar 18 11:12:38 jammy-provider-cloud-0000008127 cinder-volume[123590]: DEBUG oslo_service.backend.eventlet.service [None req-790c755f-8817-4b8d-bd10-cd94b1af395e None None] Full set of CONF: {{(pid=123590) wait /opt/stack/data/venv/lib/python3.10/site-packages/oslo_service/backend/eventlet/service.py:647}}
Mar 18 11:12:38 jammy-provider-cloud-0000008127 cinder-volume[123590]: DEBUG oslo_service.backend.eventlet.service [None req-790c755f-8817-4b8d-bd10-cd94b1af395e None None] ******************************************************************************** {{(pid=123590) log_opt_values /opt/stack/data/venv/lib/python3.10/site-packages/oslo_config/cfg.py:2804}}
Mar 18 11:12:38 jammy-provider-cloud-0000008127 cinder-volume[123590]: DEBUG oslo_service.backend.eventlet.service [None req-790c755f-8817-4b8d-bd10-cd94b1af395e None None] Configuration options gathered from: {{(pid=123590) log_opt_values /opt/stack/data/venv/lib/python3.10/site-packages/oslo_config/cfg.py:2805}}
Mar 18 11:12:38 jammy-provider-cloud-0000008127 cinder-volume[123590]: DEBUG oslo_service.backend.eventlet.service [None req-790c755f-8817-4b8d-bd10-cd94b1af395e None None] command line args: ['--config-file', '/etc/cinder/cinder.conf'] {{(pid=123590) log_opt_values /opt/stack/data/venv/lib/python3.10/site-packages/oslo_config/cfg.py:2806}}
Mar 18 11:12:38 jammy-provider-cloud-0000008127 cinder-volume[123590]: DEBUG oslo_service.backend.eventlet.service [None req-790c755f-8817-4b8d-bd10-cd94b1af395e None None] config files: ['/etc/cinder/cinder.conf'] {{(pid=123590) log_opt_values /opt/stack/data/venv/lib/python3.10/site-packages/oslo_config/cfg.py:2807}}
Mar 18 11:12:38 jammy-provider-cloud-0000008127 cinder-volume[123603]: WARNING py.warnings [None req-c27a68b3-ba5c-4949-9dcc-51779ffe4a0a None None] /opt/stack/data/venv/lib/python3.10/site-packages/urllib3/connectionpool.py:1064: InsecureRequestWarning: Unverified HTTPS request is being made to host '10.201.5.12'. Adding certificate verification is strongly advised. See: https://urllib3.readthedocs.io/en/1.26.x/advanced-usage.html#ssl-warnings
Mar 18 11:12:38 jammy-provider-cloud-0000008127 cinder-volume[123603]:   warnings.warn(
Mar 18 11:12:38 jammy-provider-cloud-0000008127 cinder-volume[123590]: DEBUG oslo_service.backend.eventlet.service [None req-790c755f-8817-4b8d-bd10-cd94b1af395e None None] ================================================================================ {{(pid=123590) log_opt_values /opt/stack/data/venv/lib/python3.10/site-packages/oslo_config/cfg.py:2809}}
Mar 18 11:12:38 jammy-provider-cloud-0000008127 cinder-volume[123590]: DEBUG oslo_service.backend.eventlet.service [None req-790c755f-8817-4b8d-bd10-cd94b1af395e None None] allow_availability_zone_fallback = False {{(pid=123590) log_opt_values /opt/stack/data/venv/lib/python3.10/site-packages/oslo_config/cfg.py:2817}}
Mar 18 11:12:38 jammy-provider-cloud-0000008127 cinder-volume[123590]: DEBUG oslo_service.backend.eventlet.service [None req-790c755f-8817-4b8d-bd10-cd94b1af395e None None] allow_compression_on_image_upload = False {{(pid=123590) log_opt_values /opt/stack/data/venv/lib/python3.10/site-packages/oslo_config/cfg.py:2817}}
Mar 18 11:12:38 jammy-provider-cloud-0000008127 cinder-volume[123590]: DEBUG oslo_service.backend.eventlet.service [None req-790c755f-8817-4b8d-bd10-cd94b1af395e None None] allowed_direct_url_schemes     = [] {{(pid=123590) log_opt_values /opt/stack/data/venv/lib/python3.10/site-packages/oslo_config/cfg.py:2817}}
Mar 18 11:12:38 jammy-provider-cloud-0000008127 cinder-volume[123603]: INFO cinder.volume.drivers.hpe.hpe_3par_common [None req-c27a68b3-ba5c-4949-9dcc-51779ffe4a0a None None] HPE3PARCommon 4.0.22,hpe3parclient 4.2.13
Mar 18 11:12:38 jammy-provider-cloud-0000008127 cinder-volume[123590]: DEBUG oslo_service.backend.eventlet.service [None req-790c755f-8817-4b8d-bd10-cd94b1af395e None None] api_rate_limit                 = True {{(pid=123590) log_opt_values /opt/stack/data/venv/lib/python3.10/site-packages/oslo_config/cfg.py:2817}}
Mar 18 11:12:38 jammy-provider-cloud-0000008127 cinder-volume[123603]: DEBUG cinder.volume.drivers.hpe.hpe_3par_common [None req-c27a68b3-ba5c-4949-9dcc-51779ffe4a0a None None] Connecting to 3PAR {{(pid=123603) client_login /opt/stack/cinder/cinder/volume/drivers/hpe/hpe_3par_common.py:425}}
Mar 18 11:12:38 jammy-provider-cloud-0000008127 cinder-volume[123590]: DEBUG oslo_service.backend.eventlet.service [None req-790c755f-8817-4b8d-bd10-cd94b1af395e None None] auth_strategy                  = keystone {{(pid=123590) log_opt_values /opt/stack/data/venv/lib/python3.10/site-packages/oslo_config/cfg.py:2817}}
Mar 18 11:12:38 jammy-provider-cloud-0000008127 cinder-volume[123590]: DEBUG oslo_service.backend.eventlet.service [None req-790c755f-8817-4b8d-bd10-cd94b1af395e None None] backend_availability_zone      = None {{(pid=123590) log_opt_values /opt/stack/data/venv/lib/python3.10/site-packages/oslo_config/cfg.py:2817}}
Mar 18 11:12:38 jammy-provider-cloud-0000008127 cinder-volume[123590]: DEBUG oslo_service.backend.eventlet.service [None req-790c755f-8817-4b8d-bd10-cd94b1af395e None None] backend_host                   = None {{(pid=123590) log_opt_values /opt/stack/data/venv/lib/python3.10/site-packages/oslo_config/cfg.py:2817}}
Mar 18 11:12:38 jammy-provider-cloud-0000008127 cinder-volume[123590]: DEBUG oslo_service.backend.eventlet.service [None req-790c755f-8817-4b8d-bd10-cd94b1af395e None None] backend_name                   = None {{(pid=123590) log_opt_values /opt/stack/data/venv/lib/python3.10/site-packages/oslo_config/cfg.py:2817}}
Mar 18 11:12:38 jammy-provider-cloud-0000008127 cinder-volume[123590]: DEBUG oslo_service.backend.eventlet.service [None req-790c755f-8817-4b8d-bd10-cd94b1af395e None None] backend_stats_polling_interval = 60 {{(pid=123590) log_opt_values /opt/stack/data/venv/lib/python3.10/site-packages/oslo_config/cfg.py:2817}}
Mar 18 11:12:38 jammy-provider-cloud-0000008127 cinder-volume[123590]: DEBUG oslo_service.backend.eventlet.service [None req-790c755f-8817-4b8d-bd10-cd94b1af395e None None] backup_api_class               = cinder.backup.api.API {{(pid=123590) log_opt_values /opt/stack/data/venv/lib/python3.10/site-packages/oslo_config/cfg.py:2817}}
Mar 18 11:12:38 jammy-provider-cloud-0000008127 cinder-volume[123590]: DEBUG oslo_service.backend.eventlet.service [None req-790c755f-8817-4b8d-bd10-cd94b1af395e None None] backup_manager                 = cinder.backup.manager.BackupManager {{(pid=123590) log_opt_values /opt/stack/data/venv/lib/python3.10/site-packages/oslo_config/cfg.py:2817}}
Mar 18 11:12:38 jammy-provider-cloud-0000008127 cinder-volume[123590]: DEBUG oslo_service.backend.eventlet.service [None req-790c755f-8817-4b8d-bd10-cd94b1af395e None None] backup_name_template           = backup-%s {{(pid=123590) log_opt_values /opt/stack/data/venv/lib/python3.10/site-packages/oslo_config/cfg.py:2817}}
Mar 18 11:12:38 jammy-provider-cloud-0000008127 cinder-volume[123590]: DEBUG oslo_service.backend.eventlet.service [None req-790c755f-8817-4b8d-bd10-cd94b1af395e None None] backup_use_same_host           = False {{(pid=123590) log_opt_values /opt/stack/data/venv/lib/python3.10/site-packages/oslo_config/cfg.py:2817}}
Mar 18 11:12:38 jammy-provider-cloud-0000008127 cinder-volume[123590]: DEBUG oslo_service.backend.eventlet.service [None req-790c755f-8817-4b8d-bd10-cd94b1af395e None None] backup_use_temp_snapshot       = False {{(pid=123590) log_opt_values /opt/stack/data/venv/lib/python3.10/site-packages/oslo_config/cfg.py:2817}}
Mar 18 11:12:38 jammy-provider-cloud-0000008127 cinder-volume[123590]: DEBUG oslo_service.backend.eventlet.service [None req-790c755f-8817-4b8d-bd10-cd94b1af395e None None] chap_password                  = **** {{(pid=123590) log_opt_values /opt/stack/data/venv/lib/python3.10/site-packages/oslo_config/cfg.py:2817}}
Mar 18 11:12:38 jammy-provider-cloud-0000008127 cinder-volume[123604]: INFO cinder.service [-] Starting cinder-volume node (version 26.1.0)
Mar 18 11:12:38 jammy-provider-cloud-0000008127 cinder-volume[123590]: DEBUG oslo_service.backend.eventlet.service [None req-790c755f-8817-4b8d-bd10-cd94b1af395e None None] chap_username                  =  {{(pid=123590) log_opt_values /opt/stack/data/venv/lib/python3.10/site-packages/oslo_config/cfg.py:2817}}
Mar 18 11:12:38 jammy-provider-cloud-0000008127 cinder-volume[123590]: DEBUG oslo_service.backend.eventlet.service [None req-790c755f-8817-4b8d-bd10-cd94b1af395e None None] chiscsi_conf                   = /etc/chelsio-iscsi/chiscsi.conf {{(pid=123590) log_opt_values /opt/stack/data/venv/lib/python3.10/site-packages/oslo_config/cfg.py:2817}}
Mar 18 11:12:38 jammy-provider-cloud-0000008127 cinder-volume[123590]: DEBUG oslo_service.backend.eventlet.service [None req-790c755f-8817-4b8d-bd10-cd94b1af395e None None] cinder_internal_tenant_project_id = b98544e67e67416e82a08697b05e140a {{(pid=123590) log_opt_values /opt/stack/data/venv/lib/python3.10/site-packages/oslo_config/cfg.py:2817}}
Mar 18 11:12:38 jammy-provider-cloud-0000008127 cinder-volume[123590]: DEBUG oslo_service.backend.eventlet.service [None req-790c755f-8817-4b8d-bd10-cd94b1af395e None None] cinder_internal_tenant_user_id = cde7a7f6bf614eb1a1cc2035bb9cf7c0 {{(pid=123590) log_opt_values /opt/stack/data/venv/lib/python3.10/site-packages/oslo_config/cfg.py:2817}}
Mar 18 11:12:38 jammy-provider-cloud-0000008127 cinder-volume[123590]: DEBUG oslo_service.backend.eventlet.service [None req-790c755f-8817-4b8d-bd10-cd94b1af395e None None] cluster                        = None {{(pid=123590) log_opt_values /opt/stack/data/venv/lib/python3.10/site-packages/oslo_config/cfg.py:2817}}
Mar 18 11:12:38 jammy-provider-cloud-0000008127 cinder-volume[123590]: DEBUG oslo_service.backend.eventlet.service [None req-790c755f-8817-4b8d-bd10-cd94b1af395e None None] compression_format             = gzip {{(pid=123590) log_opt_values /opt/stack/data/venv/lib/python3.10/site-packages/oslo_config/cfg.py:2817}}
Mar 18 11:12:38 jammy-provider-cloud-0000008127 cinder-volume[123590]: DEBUG oslo_service.backend.eventlet.service [None req-790c755f-8817-4b8d-bd10-cd94b1af395e None None] compute_api_class              = cinder.compute.nova.API {{(pid=123590) log_opt_values /opt/stack/data/venv/lib/python3.10/site-packages/oslo_config/cfg.py:2817}}
Mar 18 11:12:38 jammy-provider-cloud-0000008127 cinder-volume[123590]: DEBUG oslo_service.backend.eventlet.service [None req-790c755f-8817-4b8d-bd10-cd94b1af395e None None] config_dir                     = [] {{(pid=123590) log_opt_values /opt/stack/data/venv/lib/python3.10/site-packages/oslo_config/cfg.py:2817}}
Mar 18 11:12:38 jammy-provider-cloud-0000008127 cinder-volume[123590]: DEBUG oslo_service.backend.eventlet.service [None req-790c755f-8817-4b8d-bd10-cd94b1af395e None None] config_file                    = ['/etc/cinder/cinder.conf'] {{(pid=123590) log_opt_values /opt/stack/data/venv/lib/python3.10/site-packages/oslo_config/cfg.py:2817}}
Mar 18 11:12:38 jammy-provider-cloud-0000008127 cinder-volume[123590]: DEBUG oslo_service.backend.eventlet.service [None req-790c755f-8817-4b8d-bd10-cd94b1af395e None None] config_source                  = [] {{(pid=123590) log_opt_values /opt/stack/data/venv/lib/python3.10/site-packages/oslo_config/cfg.py:2817}}
Mar 18 11:12:38 jammy-provider-cloud-0000008127 cinder-volume[123590]: DEBUG oslo_service.backend.eventlet.service [None req-790c755f-8817-4b8d-bd10-cd94b1af395e None None] consistencygroup_api_class     = cinder.consistencygroup.api.API {{(pid=123590) log_opt_values /opt/stack/data/venv/lib/python3.10/site-packages/oslo_config/cfg.py:2817}}
Mar 18 11:12:38 jammy-provider-cloud-0000008127 cinder-volume[123603]: WARNING py.warnings [None req-c27a68b3-ba5c-4949-9dcc-51779ffe4a0a None None] /opt/stack/data/venv/lib/python3.10/site-packages/urllib3/connectionpool.py:1064: InsecureRequestWarning: Unverified HTTPS request is being made to host '10.201.5.12'. Adding certificate verification is strongly advised. See: https://urllib3.readthedocs.io/en/1.26.x/advanced-usage.html#ssl-warnings
Mar 18 11:12:38 jammy-provider-cloud-0000008127 cinder-volume[123603]:   warnings.warn(
Mar 18 11:12:38 jammy-provider-cloud-0000008127 cinder-volume[123590]: DEBUG oslo_service.backend.eventlet.service [None req-790c755f-8817-4b8d-bd10-cd94b1af395e None None] control_exchange               = openstack {{(pid=123590) log_opt_values /opt/stack/data/venv/lib/python3.10/site-packages/oslo_config/cfg.py:2817}}
Mar 18 11:12:38 jammy-provider-cloud-0000008127 cinder-volume[123590]: DEBUG oslo_service.backend.eventlet.service [None req-790c755f-8817-4b8d-bd10-cd94b1af395e None None] debug                          = True {{(pid=123590) log_opt_values /opt/stack/data/venv/lib/python3.10/site-packages/oslo_config/cfg.py:2817}}
Mar 18 11:12:38 jammy-provider-cloud-0000008127 cinder-volume[123590]: DEBUG oslo_service.backend.eventlet.service [None req-790c755f-8817-4b8d-bd10-cd94b1af395e None None] default_availability_zone      = None {{(pid=123590) log_opt_values /opt/stack/data/venv/lib/python3.10/site-packages/oslo_config/cfg.py:2817}}
Mar 18 11:12:38 jammy-provider-cloud-0000008127 cinder-volume[123590]: DEBUG oslo_service.backend.eventlet.service [None req-790c755f-8817-4b8d-bd10-cd94b1af395e None None] default_group_type             = None {{(pid=123590) log_opt_values /opt/stack/data/venv/lib/python3.10/site-packages/oslo_config/cfg.py:2817}}
Mar 18 11:12:38 jammy-provider-cloud-0000008127 cinder-volume[123590]: DEBUG oslo_service.backend.eventlet.service [None req-790c755f-8817-4b8d-bd10-cd94b1af395e None None] default_log_levels             = ['amqp=WARN', 'amqplib=WARN', 'boto=WARN', 'qpid=WARN', 'sqlalchemy=WARN', 'suds=INFO', 'oslo.messaging=INFO', 'oslo_messaging=INFO', 'iso8601=WARN', 'requests.packages.urllib3.connectionpool=WARN', 'urllib3.connectionpool=WARN', 'websocket=WARN', 'requests.packages.urllib3.util.retry=WARN', 'urllib3.util.retry=WARN', 'keystonemiddleware=WARN', 'routes.middleware=WARN', 'stevedore=WARN', 'taskflow=WARN', 'keystoneauth=WARN', 'oslo.cache=INFO', 'oslo_policy=INFO', 'dogpile.core.dogpile=INFO'] {{(pid=123590) log_opt_values /opt/stack/data/venv/lib/python3.10/site-packages/oslo_config/cfg.py:2817}}
Mar 18 11:12:38 jammy-provider-cloud-0000008127 cinder-volume[123590]: DEBUG oslo_service.backend.eventlet.service [None req-790c755f-8817-4b8d-bd10-cd94b1af395e None None] default_volume_type            = arcusfc1 {{(pid=123590) log_opt_values /opt/stack/data/venv/lib/python3.10/site-packages/oslo_config/cfg.py:2817}}
Mar 18 11:12:38 jammy-provider-cloud-0000008127 cinder-volume[123590]: DEBUG oslo_service.backend.eventlet.service [None req-790c755f-8817-4b8d-bd10-cd94b1af395e None None] driver_client_cert             = None {{(pid=123590) log_opt_values /opt/stack/data/venv/lib/python3.10/site-packages/oslo_config/cfg.py:2817}}
Mar 18 11:12:38 jammy-provider-cloud-0000008127 cinder-volume[123590]: DEBUG oslo_service.backend.eventlet.service [None req-790c755f-8817-4b8d-bd10-cd94b1af395e None None] driver_client_cert_key         = None {{(pid=123590) log_opt_values /opt/stack/data/venv/lib/python3.10/site-packages/oslo_config/cfg.py:2817}}
Mar 18 11:12:38 jammy-provider-cloud-0000008127 cinder-volume[123590]: DEBUG oslo_service.backend.eventlet.service [None req-790c755f-8817-4b8d-bd10-cd94b1af395e None None] driver_data_namespace          = None {{(pid=123590) log_opt_values /opt/stack/data/venv/lib/python3.10/site-packages/oslo_config/cfg.py:2817}}
Mar 18 11:12:38 jammy-provider-cloud-0000008127 cinder-volume[123590]: DEBUG oslo_service.backend.eventlet.service [None req-790c755f-8817-4b8d-bd10-cd94b1af395e None None] driver_ssl_cert_path           = None {{(pid=123590) log_opt_values /opt/stack/data/venv/lib/python3.10/site-packages/oslo_config/cfg.py:2817}}
Mar 18 11:12:38 jammy-provider-cloud-0000008127 cinder-volume[123590]: DEBUG oslo_service.backend.eventlet.service [None req-790c755f-8817-4b8d-bd10-cd94b1af395e None None] driver_ssl_cert_verify         = False {{(pid=123590) log_opt_values /opt/stack/data/venv/lib/python3.10/site-packages/oslo_config/cfg.py:2817}}
Mar 18 11:12:38 jammy-provider-cloud-0000008127 cinder-volume[123590]: DEBUG oslo_service.backend.eventlet.service [None req-790c755f-8817-4b8d-bd10-cd94b1af395e None None] driver_use_ssl                 = False {{(pid=123590) log_opt_values /opt/stack/data/venv/lib/python3.10/site-packages/oslo_config/cfg.py:2817}}
Mar 18 11:12:38 jammy-provider-cloud-0000008127 cinder-volume[123590]: DEBUG oslo_service.backend.eventlet.service [None req-790c755f-8817-4b8d-bd10-cd94b1af395e None None] enable_new_services            = True {{(pid=123590) log_opt_values /opt/stack/data/venv/lib/python3.10/site-packages/oslo_config/cfg.py:2817}}
Mar 18 11:12:38 jammy-provider-cloud-0000008127 cinder-volume[123590]: DEBUG oslo_service.backend.eventlet.service [None req-790c755f-8817-4b8d-bd10-cd94b1af395e None None] enable_unsupported_driver      = False {{(pid=123590) log_opt_values /opt/stack/data/venv/lib/python3.10/site-packages/oslo_config/cfg.py:2817}}
Mar 18 11:12:38 jammy-provider-cloud-0000008127 cinder-volume[123590]: DEBUG oslo_service.backend.eventlet.service [None req-790c755f-8817-4b8d-bd10-cd94b1af395e None None] enabled_backends               = ['arcusfc1', 'arcusfc2'] {{(pid=123590) log_opt_values /opt/stack/data/venv/lib/python3.10/site-packages/oslo_config/cfg.py:2817}}
Mar 18 11:12:38 jammy-provider-cloud-0000008127 cinder-volume[123590]: DEBUG oslo_service.backend.eventlet.service [None req-790c755f-8817-4b8d-bd10-cd94b1af395e None None] enforce_multipath_for_image_xfer = False {{(pid=123590) log_opt_values /opt/stack/data/venv/lib/python3.10/site-packages/oslo_config/cfg.py:2817}}
Mar 18 11:12:38 jammy-provider-cloud-0000008127 cinder-volume[123590]: DEBUG oslo_service.backend.eventlet.service [None req-790c755f-8817-4b8d-bd10-cd94b1af395e None None] filter_function                = None {{(pid=123590) log_opt_values /opt/stack/data/venv/lib/python3.10/site-packages/oslo_config/cfg.py:2817}}
Mar 18 11:12:38 jammy-provider-cloud-0000008127 cinder-volume[123590]: DEBUG oslo_service.backend.eventlet.service [None req-790c755f-8817-4b8d-bd10-cd94b1af395e None None] glance_api_insecure            = False {{(pid=123590) log_opt_values /opt/stack/data/venv/lib/python3.10/site-packages/oslo_config/cfg.py:2817}}
Mar 18 11:12:38 jammy-provider-cloud-0000008127 cinder-volume[123590]: DEBUG oslo_service.backend.eventlet.service [None req-790c755f-8817-4b8d-bd10-cd94b1af395e None None] glance_api_servers             = ['http://10.201.5.87/image'] {{(pid=123590) log_opt_values /opt/stack/data/venv/lib/python3.10/site-packages/oslo_config/cfg.py:2817}}
Mar 18 11:12:38 jammy-provider-cloud-0000008127 cinder-volume[123590]: DEBUG oslo_service.backend.eventlet.service [None req-790c755f-8817-4b8d-bd10-cd94b1af395e None None] glance_api_ssl_compression     = False {{(pid=123590) log_opt_values /opt/stack/data/venv/lib/python3.10/site-packages/oslo_config/cfg.py:2817}}
Mar 18 11:12:38 jammy-provider-cloud-0000008127 cinder-volume[123590]: DEBUG oslo_service.backend.eventlet.service [None req-790c755f-8817-4b8d-bd10-cd94b1af395e None None] glance_ca_certificates_file    = None {{(pid=123590) log_opt_values /opt/stack/data/venv/lib/python3.10/site-packages/oslo_config/cfg.py:2817}}
Mar 18 11:12:38 jammy-provider-cloud-0000008127 cinder-volume[123590]: DEBUG oslo_service.backend.eventlet.service [None req-790c755f-8817-4b8d-bd10-cd94b1af395e None None] glance_catalog_info            = image:glance:publicURL {{(pid=123590) log_opt_values /opt/stack/data/venv/lib/python3.10/site-packages/oslo_config/cfg.py:2817}}
Mar 18 11:12:38 jammy-provider-cloud-0000008127 cinder-volume[123590]: DEBUG oslo_service.backend.eventlet.service [None req-790c755f-8817-4b8d-bd10-cd94b1af395e None None] glance_certfile                = None {{(pid=123590) log_opt_values /opt/stack/data/venv/lib/python3.10/site-packages/oslo_config/cfg.py:2817}}
Mar 18 11:12:38 jammy-provider-cloud-0000008127 cinder-volume[123590]: DEBUG oslo_service.backend.eventlet.service [None req-790c755f-8817-4b8d-bd10-cd94b1af395e None None] glance_core_properties         = ['checksum', 'container_format', 'disk_format', 'image_name', 'image_id', 'min_disk', 'min_ram', 'name', 'size'] {{(pid=123590) log_opt_values /opt/stack/data/venv/lib/python3.10/site-packages/oslo_config/cfg.py:2817}}
Mar 18 11:12:38 jammy-provider-cloud-0000008127 cinder-volume[123590]: DEBUG oslo_service.backend.eventlet.service [None req-790c755f-8817-4b8d-bd10-cd94b1af395e None None] glance_keyfile                 = None {{(pid=123590) log_opt_values /opt/stack/data/venv/lib/python3.10/site-packages/oslo_config/cfg.py:2817}}
Mar 18 11:12:38 jammy-provider-cloud-0000008127 cinder-volume[123590]: DEBUG oslo_service.backend.eventlet.service [None req-790c755f-8817-4b8d-bd10-cd94b1af395e None None] glance_num_retries             = 3 {{(pid=123590) log_opt_values /opt/stack/data/venv/lib/python3.10/site-packages/oslo_config/cfg.py:2817}}
Mar 18 11:12:38 jammy-provider-cloud-0000008127 cinder-volume[123590]: DEBUG oslo_service.backend.eventlet.service [None req-790c755f-8817-4b8d-bd10-cd94b1af395e None None] glance_request_timeout         = None {{(pid=123590) log_opt_values /opt/stack/data/venv/lib/python3.10/site-packages/oslo_config/cfg.py:2817}}
Mar 18 11:12:38 jammy-provider-cloud-0000008127 cinder-volume[123590]: DEBUG oslo_service.backend.eventlet.service [None req-790c755f-8817-4b8d-bd10-cd94b1af395e None None] goodness_function              = None {{(pid=123590) log_opt_values /opt/stack/data/venv/lib/python3.10/site-packages/oslo_config/cfg.py:2817}}
Mar 18 11:12:38 jammy-provider-cloud-0000008127 cinder-volume[123590]: DEBUG oslo_service.backend.eventlet.service [None req-790c755f-8817-4b8d-bd10-cd94b1af395e None None] graceful_shutdown_timeout      = 5 {{(pid=123590) log_opt_values /opt/stack/data/venv/lib/python3.10/site-packages/oslo_config/cfg.py:2817}}
Mar 18 11:12:38 jammy-provider-cloud-0000008127 cinder-volume[123590]: DEBUG oslo_service.backend.eventlet.service [None req-790c755f-8817-4b8d-bd10-cd94b1af395e None None] group_api_class                = cinder.group.api.API {{(pid=123590) log_opt_values /opt/stack/data/venv/lib/python3.10/site-packages/oslo_config/cfg.py:2817}}
