Mar 18 15:17:23 jammy-provider-cloud-0000008128 systemd[1]: Starting Devstack devstack@g-api.service...
Mar 18 15:17:23 jammy-provider-cloud-0000008128 devstack@g-api.service[114880]: [uWSGI] getting INI configuration from /etc/glance/glance-uwsgi.ini
Mar 18 15:17:23 jammy-provider-cloud-0000008128 devstack@g-api.service[114880]: *** Starting uWSGI 2.0.20-debian (64bit) on [Tue Mar 18 15:17:23 2025] ***
Mar 18 15:17:23 jammy-provider-cloud-0000008128 devstack@g-api.service[114880]: compiled with version: 11.2.0 on 21 March 2022 11:00:44
Mar 18 15:17:23 jammy-provider-cloud-0000008128 devstack@g-api.service[114880]: os: Linux-5.15.0-107-generic #117-Ubuntu SMP Fri Apr 26 12:26:49 UTC 2024
Mar 18 15:17:23 jammy-provider-cloud-0000008128 devstack@g-api.service[114880]: nodename: jammy-provider-cloud-0000008128
Mar 18 15:17:23 jammy-provider-cloud-0000008128 devstack@g-api.service[114880]: machine: x86_64
Mar 18 15:17:23 jammy-provider-cloud-0000008128 devstack@g-api.service[114880]: clock source: unix
Mar 18 15:17:23 jammy-provider-cloud-0000008128 devstack@g-api.service[114880]: pcre jit disabled
Mar 18 15:17:23 jammy-provider-cloud-0000008128 devstack@g-api.service[114880]: detected number of CPU cores: 4
Mar 18 15:17:23 jammy-provider-cloud-0000008128 devstack@g-api.service[114880]: current working directory: /
Mar 18 15:17:23 jammy-provider-cloud-0000008128 devstack@g-api.service[114880]: detected binary path: /usr/bin/uwsgi-core
Mar 18 15:17:23 jammy-provider-cloud-0000008128 devstack@g-api.service[114880]: your processes number limit is 31298
Mar 18 15:17:23 jammy-provider-cloud-0000008128 devstack@g-api.service[114880]: your memory page size is 4096 bytes
Mar 18 15:17:23 jammy-provider-cloud-0000008128 devstack@g-api.service[114880]: detected max file descriptor number: 2048
Mar 18 15:17:23 jammy-provider-cloud-0000008128 devstack@g-api.service[114880]: lock engine: pthread robust mutexes
Mar 18 15:17:23 jammy-provider-cloud-0000008128 devstack@g-api.service[114880]: thunder lock: enabled
Mar 18 15:17:23 jammy-provider-cloud-0000008128 devstack@g-api.service[114880]: uwsgi socket 0 bound to TCP address 127.0.0.1:60999 fd 4
Mar 18 15:17:23 jammy-provider-cloud-0000008128 devstack@g-api.service[114880]: Python version: 3.10.12 (main, Feb  4 2025, 14:57:36) [GCC 11.4.0]
Mar 18 15:17:23 jammy-provider-cloud-0000008128 devstack@g-api.service[114880]: PEP 405 virtualenv detected: /opt/stack/data/venv
Mar 18 15:17:23 jammy-provider-cloud-0000008128 devstack@g-api.service[114880]: Set PythonHome to /opt/stack/data/venv
Mar 18 15:17:23 jammy-provider-cloud-0000008128 devstack@g-api.service[114880]: Python main interpreter initialized at 0x55fa06ece280
Mar 18 15:17:23 jammy-provider-cloud-0000008128 devstack@g-api.service[114880]: python threads support enabled
Mar 18 15:17:23 jammy-provider-cloud-0000008128 devstack@g-api.service[114880]: your server socket listen backlog is limited to 100 connections
Mar 18 15:17:23 jammy-provider-cloud-0000008128 devstack@g-api.service[114880]: your mercy for graceful operations on workers is 80 seconds
Mar 18 15:17:23 jammy-provider-cloud-0000008128 devstack@g-api.service[114880]: mapped 403077 bytes (393 KB) for 2 cores
Mar 18 15:17:23 jammy-provider-cloud-0000008128 devstack@g-api.service[114880]: *** Operational MODE: preforking ***
Mar 18 15:17:23 jammy-provider-cloud-0000008128 devstack@g-api.service[114880]: *** uWSGI is running in multiple interpreter mode ***
Mar 18 15:17:23 jammy-provider-cloud-0000008128 devstack@g-api.service[114880]: spawned uWSGI master process (pid: 114880)
Mar 18 15:17:23 jammy-provider-cloud-0000008128 devstack@g-api.service[114880]: spawned uWSGI worker 1 (pid: 114881, cores: 1)
Mar 18 15:17:23 jammy-provider-cloud-0000008128 devstack@g-api.service[114880]: spawned uWSGI worker 2 (pid: 114882, cores: 1)
Mar 18 15:17:23 jammy-provider-cloud-0000008128 devstack@g-api.service[114880]: running "unix_signal:15 gracefully_kill_them_all" (master-start)...
Mar 18 15:17:23 jammy-provider-cloud-0000008128 systemd[1]: Started Devstack devstack@g-api.service.
Mar 18 15:17:24 jammy-provider-cloud-0000008128 devstack@g-api.service[114882]: INFO glance.async_ [-] Threadpool model set to 'NativeThreadPoolModel'
Mar 18 15:17:24 jammy-provider-cloud-0000008128 devstack@g-api.service[114881]: INFO glance.async_ [-] Threadpool model set to 'NativeThreadPoolModel'
Mar 18 15:17:24 jammy-provider-cloud-0000008128 devstack@g-api.service[114882]: DEBUG oslo_concurrency.processutils [-] Running cmd (subprocess): grep -F node.session.scan /sbin/iscsiadm {{(pid=114882) execute /opt/stack/data/venv/lib/python3.10/site-packages/oslo_concurrency/processutils.py:349}}
Mar 18 15:17:24 jammy-provider-cloud-0000008128 devstack@g-api.service[114881]: DEBUG oslo_concurrency.processutils [-] Running cmd (subprocess): grep -F node.session.scan /sbin/iscsiadm {{(pid=114881) execute /opt/stack/data/venv/lib/python3.10/site-packages/oslo_concurrency/processutils.py:349}}
Mar 18 15:17:24 jammy-provider-cloud-0000008128 devstack@g-api.service[114882]: DEBUG oslo_concurrency.processutils [-] CMD "grep -F node.session.scan /sbin/iscsiadm" returned: 0 in 0.010s {{(pid=114882) execute /opt/stack/data/venv/lib/python3.10/site-packages/oslo_concurrency/processutils.py:372}}
Mar 18 15:17:24 jammy-provider-cloud-0000008128 devstack@g-api.service[114881]: DEBUG oslo_concurrency.processutils [-] CMD "grep -F node.session.scan /sbin/iscsiadm" returned: 0 in 0.010s {{(pid=114881) execute /opt/stack/data/venv/lib/python3.10/site-packages/oslo_concurrency/processutils.py:372}}
Mar 18 15:17:24 jammy-provider-cloud-0000008128 devstack@g-api.service[114882]: DEBUG glance_store.common.attachment_state_manager [-] Initialising _AttachmentStateManager {{(pid=114882) __init__ /opt/stack/data/venv/lib/python3.10/site-packages/glance_store/common/attachment_state_manager.py:86}}
Mar 18 15:17:24 jammy-provider-cloud-0000008128 devstack@g-api.service[114881]: DEBUG glance_store.common.attachment_state_manager [-] Initialising _AttachmentStateManager {{(pid=114881) __init__ /opt/stack/data/venv/lib/python3.10/site-packages/glance_store/common/attachment_state_manager.py:86}}
Mar 18 15:17:24 jammy-provider-cloud-0000008128 devstack@g-api.service[114882]: DEBUG glance_store.backend [-] Attempting to import store cinder {{(pid=114882) _load_store /opt/stack/data/venv/lib/python3.10/site-packages/glance_store/backend.py:216}}
Mar 18 15:17:24 jammy-provider-cloud-0000008128 devstack@g-api.service[114882]: DEBUG glance_store.backend [-] Attempting to import store file {{(pid=114882) _load_store /opt/stack/data/venv/lib/python3.10/site-packages/glance_store/backend.py:216}}
Mar 18 15:17:24 jammy-provider-cloud-0000008128 devstack@g-api.service[114882]: DEBUG glance_store.backend [-] Attempting to import store glance.store.cinder.Store {{(pid=114882) _load_store /opt/stack/data/venv/lib/python3.10/site-packages/glance_store/backend.py:216}}
Mar 18 15:17:24 jammy-provider-cloud-0000008128 devstack@g-api.service[114882]: DEBUG glance_store.backend [-] Attempting to import store glance.store.filesystem.Store {{(pid=114882) _load_store /opt/stack/data/venv/lib/python3.10/site-packages/glance_store/backend.py:216}}
Mar 18 15:17:24 jammy-provider-cloud-0000008128 devstack@g-api.service[114882]: DEBUG glance_store.backend [-] Attempting to import store glance.store.http.Store {{(pid=114882) _load_store /opt/stack/data/venv/lib/python3.10/site-packages/glance_store/backend.py:216}}
Mar 18 15:17:24 jammy-provider-cloud-0000008128 devstack@g-api.service[114882]: DEBUG glance_store.backend [-] Attempting to import store glance.store.rbd.Store {{(pid=114882) _load_store /opt/stack/data/venv/lib/python3.10/site-packages/glance_store/backend.py:216}}
Mar 18 15:17:24 jammy-provider-cloud-0000008128 devstack@g-api.service[114882]: DEBUG glance_store.backend [-] Attempting to import store glance.store.s3.Store {{(pid=114882) _load_store /opt/stack/data/venv/lib/python3.10/site-packages/glance_store/backend.py:216}}
Mar 18 15:17:24 jammy-provider-cloud-0000008128 devstack@g-api.service[114882]: DEBUG glance_store.backend [-] Attempting to import store glance.store.swift.Store {{(pid=114882) _load_store /opt/stack/data/venv/lib/python3.10/site-packages/glance_store/backend.py:216}}
Mar 18 15:17:24 jammy-provider-cloud-0000008128 devstack@g-api.service[114882]: DEBUG glance_store.backend [-] Attempting to import store glance.store.vmware_datastore.Store {{(pid=114882) _load_store /opt/stack/data/venv/lib/python3.10/site-packages/glance_store/backend.py:216}}
Mar 18 15:17:24 jammy-provider-cloud-0000008128 devstack@g-api.service[114882]: DEBUG glance_store.backend [-] Attempting to import store http {{(pid=114882) _load_store /opt/stack/data/venv/lib/python3.10/site-packages/glance_store/backend.py:216}}
Mar 18 15:17:24 jammy-provider-cloud-0000008128 devstack@g-api.service[114882]: DEBUG glance_store.backend [-] Attempting to import store no_conf {{(pid=114882) _load_store /opt/stack/data/venv/lib/python3.10/site-packages/glance_store/backend.py:216}}
Mar 18 15:17:24 jammy-provider-cloud-0000008128 devstack@g-api.service[114882]: DEBUG glance_store.backend [-] Attempting to import store rbd {{(pid=114882) _load_store /opt/stack/data/venv/lib/python3.10/site-packages/glance_store/backend.py:216}}
Mar 18 15:17:24 jammy-provider-cloud-0000008128 devstack@g-api.service[114882]: DEBUG glance_store.backend [-] Attempting to import store s3 {{(pid=114882) _load_store /opt/stack/data/venv/lib/python3.10/site-packages/glance_store/backend.py:216}}
Mar 18 15:17:24 jammy-provider-cloud-0000008128 devstack@g-api.service[114882]: DEBUG glance_store.backend [-] Attempting to import store swift {{(pid=114882) _load_store /opt/stack/data/venv/lib/python3.10/site-packages/glance_store/backend.py:216}}
Mar 18 15:17:24 jammy-provider-cloud-0000008128 devstack@g-api.service[114882]: DEBUG glance_store.backend [-] Attempting to import store vmware {{(pid=114882) _load_store /opt/stack/data/venv/lib/python3.10/site-packages/glance_store/backend.py:216}}
Mar 18 15:17:24 jammy-provider-cloud-0000008128 devstack@g-api.service[114882]: DEBUG glance_store.backend [-] Registering options for group glance_store {{(pid=114882) register_opts /opt/stack/data/venv/lib/python3.10/site-packages/glance_store/backend.py:145}}
Mar 18 15:17:24 jammy-provider-cloud-0000008128 devstack@g-api.service[114882]: DEBUG glance_store.backend [-] Registering options for group glance_store {{(pid=114882) register_opts /opt/stack/data/venv/lib/python3.10/site-packages/glance_store/backend.py:145}}
Mar 18 15:17:24 jammy-provider-cloud-0000008128 devstack@g-api.service[114882]: DEBUG glance_store.backend [-] Attempting to import store http {{(pid=114882) _load_store /opt/stack/data/venv/lib/python3.10/site-packages/glance_store/backend.py:216}}
Mar 18 15:17:24 jammy-provider-cloud-0000008128 devstack@g-api.service[114882]: DEBUG glance_store.capabilities [-] Store glance_store._drivers.http.Store doesn't support updating dynamic storage capabilities. Please overwrite 'update_capabilities' method of the store to implement updating logics if needed. {{(pid=114882) update_capabilities /opt/stack/data/venv/lib/python3.10/site-packages/glance_store/capabilities.py:91}}
Mar 18 15:17:24 jammy-provider-cloud-0000008128 devstack@g-api.service[114882]: DEBUG glance_store.backend [-] Registering store http with schemes ('http', 'https') {{(pid=114882) create_stores /opt/stack/data/venv/lib/python3.10/site-packages/glance_store/backend.py:262}}
Mar 18 15:17:24 jammy-provider-cloud-0000008128 devstack@g-api.service[114882]: DEBUG glance_store.driver [-] Late loading location class glance_store._drivers.http.StoreLocation {{(pid=114882) get_store_location_class /opt/stack/data/venv/lib/python3.10/site-packages/glance_store/driver.py:133}}
Mar 18 15:17:24 jammy-provider-cloud-0000008128 devstack@g-api.service[114882]: DEBUG glance_store.location [-] Registering scheme http with {'store': <glance_store._drivers.http.Store object at 0x7f61eecd2680>, 'location_class': <class 'glance_store._drivers.http.StoreLocation'>, 'store_entry': 'http'} {{(pid=114882) register_scheme_map /opt/stack/data/venv/lib/python3.10/site-packages/glance_store/location.py:146}}
Mar 18 15:17:24 jammy-provider-cloud-0000008128 devstack@g-api.service[114882]: DEBUG glance_store.location [-] Registering scheme https with {'store': <glance_store._drivers.http.Store object at 0x7f61eecd2680>, 'location_class': <class 'glance_store._drivers.http.StoreLocation'>, 'store_entry': 'http'} {{(pid=114882) register_scheme_map /opt/stack/data/venv/lib/python3.10/site-packages/glance_store/location.py:146}}
Mar 18 15:17:24 jammy-provider-cloud-0000008128 devstack@g-api.service[114882]: DEBUG glance_store.backend [-] Attempting to import store file {{(pid=114882) _load_store /opt/stack/data/venv/lib/python3.10/site-packages/glance_store/backend.py:216}}
Mar 18 15:17:24 jammy-provider-cloud-0000008128 devstack@g-api.service[114882]: DEBUG glance_store.capabilities [-] Store glance_store._drivers.filesystem.Store doesn't support updating dynamic storage capabilities. Please overwrite 'update_capabilities' method of the store to implement updating logics if needed. {{(pid=114882) update_capabilities /opt/stack/data/venv/lib/python3.10/site-packages/glance_store/capabilities.py:91}}
Mar 18 15:17:24 jammy-provider-cloud-0000008128 devstack@g-api.service[114882]: DEBUG glance_store.backend [-] Registering store file with schemes ('file', 'filesystem') {{(pid=114882) create_stores /opt/stack/data/venv/lib/python3.10/site-packages/glance_store/backend.py:262}}
Mar 18 15:17:24 jammy-provider-cloud-0000008128 devstack@g-api.service[114882]: DEBUG glance_store.driver [-] Late loading location class glance_store._drivers.filesystem.StoreLocation {{(pid=114882) get_store_location_class /opt/stack/data/venv/lib/python3.10/site-packages/glance_store/driver.py:133}}
Mar 18 15:17:24 jammy-provider-cloud-0000008128 devstack@g-api.service[114882]: DEBUG glance_store.location [-] Registering scheme file with {'store': <glance_store._drivers.filesystem.Store object at 0x7f61eecd3400>, 'location_class': <class 'glance_store._drivers.filesystem.StoreLocation'>, 'store_entry': 'file'} {{(pid=114882) register_scheme_map /opt/stack/data/venv/lib/python3.10/site-packages/glance_store/location.py:146}}
Mar 18 15:17:24 jammy-provider-cloud-0000008128 devstack@g-api.service[114882]: DEBUG glance_store.location [-] Registering scheme filesystem with {'store': <glance_store._drivers.filesystem.Store object at 0x7f61eecd3400>, 'location_class': <class 'glance_store._drivers.filesystem.StoreLocation'>, 'store_entry': 'file'} {{(pid=114882) register_scheme_map /opt/stack/data/venv/lib/python3.10/site-packages/glance_store/location.py:146}}
Mar 18 15:17:24 jammy-provider-cloud-0000008128 devstack@g-api.service[114882]: DEBUG glance.sqlite_migration [-] SQLite caching database not located, skipping migration {{(pid=114882) get_db_path /opt/stack/glance/glance/sqlite_migration.py:68}}
Mar 18 15:17:24 jammy-provider-cloud-0000008128 devstack@g-api.service[114882]: WARNING glance.common.wsgi_app [-] Import methods are enabled but staging directory /tmp/staging/ does not exist; Imports will fail!
Mar 18 15:17:24 jammy-provider-cloud-0000008128 devstack@g-api.service[114881]: DEBUG glance_store.backend [-] Attempting to import store cinder {{(pid=114881) _load_store /opt/stack/data/venv/lib/python3.10/site-packages/glance_store/backend.py:216}}
Mar 18 15:17:24 jammy-provider-cloud-0000008128 devstack@g-api.service[114881]: DEBUG glance_store.backend [-] Attempting to import store file {{(pid=114881) _load_store /opt/stack/data/venv/lib/python3.10/site-packages/glance_store/backend.py:216}}
Mar 18 15:17:24 jammy-provider-cloud-0000008128 devstack@g-api.service[114881]: DEBUG glance_store.backend [-] Attempting to import store glance.store.cinder.Store {{(pid=114881) _load_store /opt/stack/data/venv/lib/python3.10/site-packages/glance_store/backend.py:216}}
Mar 18 15:17:24 jammy-provider-cloud-0000008128 devstack@g-api.service[114881]: DEBUG glance_store.backend [-] Attempting to import store glance.store.filesystem.Store {{(pid=114881) _load_store /opt/stack/data/venv/lib/python3.10/site-packages/glance_store/backend.py:216}}
Mar 18 15:17:24 jammy-provider-cloud-0000008128 devstack@g-api.service[114881]: DEBUG glance_store.backend [-] Attempting to import store glance.store.http.Store {{(pid=114881) _load_store /opt/stack/data/venv/lib/python3.10/site-packages/glance_store/backend.py:216}}
Mar 18 15:17:24 jammy-provider-cloud-0000008128 devstack@g-api.service[114881]: DEBUG glance_store.backend [-] Attempting to import store glance.store.rbd.Store {{(pid=114881) _load_store /opt/stack/data/venv/lib/python3.10/site-packages/glance_store/backend.py:216}}
Mar 18 15:17:24 jammy-provider-cloud-0000008128 devstack@g-api.service[114881]: DEBUG glance_store.backend [-] Attempting to import store glance.store.s3.Store {{(pid=114881) _load_store /opt/stack/data/venv/lib/python3.10/site-packages/glance_store/backend.py:216}}
Mar 18 15:17:24 jammy-provider-cloud-0000008128 devstack@g-api.service[114881]: DEBUG glance_store.backend [-] Attempting to import store glance.store.swift.Store {{(pid=114881) _load_store /opt/stack/data/venv/lib/python3.10/site-packages/glance_store/backend.py:216}}
Mar 18 15:17:24 jammy-provider-cloud-0000008128 devstack@g-api.service[114881]: DEBUG glance_store.backend [-] Attempting to import store glance.store.vmware_datastore.Store {{(pid=114881) _load_store /opt/stack/data/venv/lib/python3.10/site-packages/glance_store/backend.py:216}}
Mar 18 15:17:24 jammy-provider-cloud-0000008128 devstack@g-api.service[114881]: DEBUG glance_store.backend [-] Attempting to import store http {{(pid=114881) _load_store /opt/stack/data/venv/lib/python3.10/site-packages/glance_store/backend.py:216}}
Mar 18 15:17:24 jammy-provider-cloud-0000008128 devstack@g-api.service[114881]: DEBUG glance_store.backend [-] Attempting to import store no_conf {{(pid=114881) _load_store /opt/stack/data/venv/lib/python3.10/site-packages/glance_store/backend.py:216}}
Mar 18 15:17:24 jammy-provider-cloud-0000008128 devstack@g-api.service[114881]: DEBUG glance_store.backend [-] Attempting to import store rbd {{(pid=114881) _load_store /opt/stack/data/venv/lib/python3.10/site-packages/glance_store/backend.py:216}}
Mar 18 15:17:24 jammy-provider-cloud-0000008128 devstack@g-api.service[114881]: DEBUG glance_store.backend [-] Attempting to import store s3 {{(pid=114881) _load_store /opt/stack/data/venv/lib/python3.10/site-packages/glance_store/backend.py:216}}
Mar 18 15:17:24 jammy-provider-cloud-0000008128 devstack@g-api.service[114881]: DEBUG glance_store.backend [-] Attempting to import store swift {{(pid=114881) _load_store /opt/stack/data/venv/lib/python3.10/site-packages/glance_store/backend.py:216}}
Mar 18 15:17:24 jammy-provider-cloud-0000008128 devstack@g-api.service[114881]: DEBUG glance_store.backend [-] Attempting to import store vmware {{(pid=114881) _load_store /opt/stack/data/venv/lib/python3.10/site-packages/glance_store/backend.py:216}}
Mar 18 15:17:24 jammy-provider-cloud-0000008128 devstack@g-api.service[114881]: DEBUG glance_store.backend [-] Registering options for group glance_store {{(pid=114881) register_opts /opt/stack/data/venv/lib/python3.10/site-packages/glance_store/backend.py:145}}
Mar 18 15:17:24 jammy-provider-cloud-0000008128 devstack@g-api.service[114881]: DEBUG glance_store.backend [-] Registering options for group glance_store {{(pid=114881) register_opts /opt/stack/data/venv/lib/python3.10/site-packages/glance_store/backend.py:145}}
Mar 18 15:17:24 jammy-provider-cloud-0000008128 devstack@g-api.service[114881]: DEBUG glance_store.backend [-] Attempting to import store http {{(pid=114881) _load_store /opt/stack/data/venv/lib/python3.10/site-packages/glance_store/backend.py:216}}
Mar 18 15:17:24 jammy-provider-cloud-0000008128 devstack@g-api.service[114881]: DEBUG glance_store.capabilities [-] Store glance_store._drivers.http.Store doesn't support updating dynamic storage capabilities. Please overwrite 'update_capabilities' method of the store to implement updating logics if needed. {{(pid=114881) update_capabilities /opt/stack/data/venv/lib/python3.10/site-packages/glance_store/capabilities.py:91}}
Mar 18 15:17:24 jammy-provider-cloud-0000008128 devstack@g-api.service[114881]: DEBUG glance_store.backend [-] Registering store http with schemes ('http', 'https') {{(pid=114881) create_stores /opt/stack/data/venv/lib/python3.10/site-packages/glance_store/backend.py:262}}
Mar 18 15:17:24 jammy-provider-cloud-0000008128 devstack@g-api.service[114881]: DEBUG glance_store.driver [-] Late loading location class glance_store._drivers.http.StoreLocation {{(pid=114881) get_store_location_class /opt/stack/data/venv/lib/python3.10/site-packages/glance_store/driver.py:133}}
Mar 18 15:17:24 jammy-provider-cloud-0000008128 devstack@g-api.service[114881]: DEBUG glance_store.location [-] Registering scheme http with {'store': <glance_store._drivers.http.Store object at 0x7f61eecd2680>, 'location_class': <class 'glance_store._drivers.http.StoreLocation'>, 'store_entry': 'http'} {{(pid=114881) register_scheme_map /opt/stack/data/venv/lib/python3.10/site-packages/glance_store/location.py:146}}
Mar 18 15:17:24 jammy-provider-cloud-0000008128 devstack@g-api.service[114881]: DEBUG glance_store.location [-] Registering scheme https with {'store': <glance_store._drivers.http.Store object at 0x7f61eecd2680>, 'location_class': <class 'glance_store._drivers.http.StoreLocation'>, 'store_entry': 'http'} {{(pid=114881) register_scheme_map /opt/stack/data/venv/lib/python3.10/site-packages/glance_store/location.py:146}}
Mar 18 15:17:24 jammy-provider-cloud-0000008128 devstack@g-api.service[114881]: DEBUG glance_store.backend [-] Attempting to import store file {{(pid=114881) _load_store /opt/stack/data/venv/lib/python3.10/site-packages/glance_store/backend.py:216}}
Mar 18 15:17:24 jammy-provider-cloud-0000008128 devstack@g-api.service[114881]: DEBUG glance_store.capabilities [-] Store glance_store._drivers.filesystem.Store doesn't support updating dynamic storage capabilities. Please overwrite 'update_capabilities' method of the store to implement updating logics if needed. {{(pid=114881) update_capabilities /opt/stack/data/venv/lib/python3.10/site-packages/glance_store/capabilities.py:91}}
Mar 18 15:17:24 jammy-provider-cloud-0000008128 devstack@g-api.service[114881]: DEBUG glance_store.backend [-] Registering store file with schemes ('file', 'filesystem') {{(pid=114881) create_stores /opt/stack/data/venv/lib/python3.10/site-packages/glance_store/backend.py:262}}
Mar 18 15:17:24 jammy-provider-cloud-0000008128 devstack@g-api.service[114881]: DEBUG glance_store.driver [-] Late loading location class glance_store._drivers.filesystem.StoreLocation {{(pid=114881) get_store_location_class /opt/stack/data/venv/lib/python3.10/site-packages/glance_store/driver.py:133}}
Mar 18 15:17:24 jammy-provider-cloud-0000008128 devstack@g-api.service[114881]: DEBUG glance_store.location [-] Registering scheme file with {'store': <glance_store._drivers.filesystem.Store object at 0x7f61eecd3400>, 'location_class': <class 'glance_store._drivers.filesystem.StoreLocation'>, 'store_entry': 'file'} {{(pid=114881) register_scheme_map /opt/stack/data/venv/lib/python3.10/site-packages/glance_store/location.py:146}}
Mar 18 15:17:24 jammy-provider-cloud-0000008128 devstack@g-api.service[114881]: DEBUG glance_store.location [-] Registering scheme filesystem with {'store': <glance_store._drivers.filesystem.Store object at 0x7f61eecd3400>, 'location_class': <class 'glance_store._drivers.filesystem.StoreLocation'>, 'store_entry': 'file'} {{(pid=114881) register_scheme_map /opt/stack/data/venv/lib/python3.10/site-packages/glance_store/location.py:146}}
Mar 18 15:17:24 jammy-provider-cloud-0000008128 devstack@g-api.service[114881]: DEBUG glance.sqlite_migration [-] SQLite caching database not located, skipping migration {{(pid=114881) get_db_path /opt/stack/glance/glance/sqlite_migration.py:68}}
Mar 18 15:17:24 jammy-provider-cloud-0000008128 devstack@g-api.service[114881]: WARNING glance.common.wsgi_app [-] Import methods are enabled but staging directory /tmp/staging/ does not exist; Imports will fail!
Mar 18 15:17:25 jammy-provider-cloud-0000008128 devstack@g-api.service[114882]: DEBUG glance.common.config [None req-2242cbbc-610f-4d63-b52f-ec43f01ea71c None None] Loading glance-api-keystone+cachemanagement from /etc/glance/glance-api-paste.ini {{(pid=114882) load_paste_app /opt/stack/glance/glance/common/config.py:750}}
Mar 18 15:17:25 jammy-provider-cloud-0000008128 devstack@g-api.service[114881]: DEBUG glance.common.config [None req-99a44adb-d805-49da-b801-f8747a142eed None None] Loading glance-api-keystone+cachemanagement from /etc/glance/glance-api-paste.ini {{(pid=114881) load_paste_app /opt/stack/glance/glance/common/config.py:750}}
Mar 18 15:17:25 jammy-provider-cloud-0000008128 devstack@g-api.service[114882]: INFO glance.image_cache [None req-2242cbbc-610f-4d63-b52f-ec43f01ea71c None None] Image cache loaded driver 'centralized_db'.
Mar 18 15:17:25 jammy-provider-cloud-0000008128 devstack@g-api.service[114881]: INFO glance.image_cache [None req-99a44adb-d805-49da-b801-f8747a142eed None None] Image cache loaded driver 'centralized_db'.
Mar 18 15:17:25 jammy-provider-cloud-0000008128 devstack@g-api.service[114882]: INFO dbcounter [None req-2242cbbc-610f-4d63-b52f-ec43f01ea71c None None] Registered counter for database glance
Mar 18 15:17:25 jammy-provider-cloud-0000008128 devstack@g-api.service[114882]: DEBUG oslo_db.sqlalchemy.engines [None req-2242cbbc-610f-4d63-b52f-ec43f01ea71c None None] MySQL server mode set to STRICT_TRANS_TABLES,STRICT_ALL_TABLES,NO_ZERO_IN_DATE,NO_ZERO_DATE,ERROR_FOR_DIVISION_BY_ZERO,TRADITIONAL,NO_ENGINE_SUBSTITUTION {{(pid=114882) _check_effective_sql_mode /opt/stack/data/venv/lib/python3.10/site-packages/oslo_db/sqlalchemy/engines.py:397}}
Mar 18 15:17:25 jammy-provider-cloud-0000008128 devstack@g-api.service[114881]: INFO dbcounter [None req-99a44adb-d805-49da-b801-f8747a142eed None None] Registered counter for database glance
Mar 18 15:17:25 jammy-provider-cloud-0000008128 devstack@g-api.service[114881]: DEBUG oslo_db.sqlalchemy.engines [None req-99a44adb-d805-49da-b801-f8747a142eed None None] MySQL server mode set to STRICT_TRANS_TABLES,STRICT_ALL_TABLES,NO_ZERO_IN_DATE,NO_ZERO_DATE,ERROR_FOR_DIVISION_BY_ZERO,TRADITIONAL,NO_ENGINE_SUBSTITUTION {{(pid=114881) _check_effective_sql_mode /opt/stack/data/venv/lib/python3.10/site-packages/oslo_db/sqlalchemy/engines.py:397}}
Mar 18 15:17:25 jammy-provider-cloud-0000008128 devstack@g-api.service[114882]: DEBUG dbcounter [-] [114882] Writer thread running {{(pid=114882) stat_writer /opt/stack/data/venv/lib/python3.10/site-packages/dbcounter.py:102}}
Mar 18 15:17:25 jammy-provider-cloud-0000008128 devstack@g-api.service[114881]: DEBUG dbcounter [-] [114881] Writer thread running {{(pid=114881) stat_writer /opt/stack/data/venv/lib/python3.10/site-packages/dbcounter.py:102}}
Mar 18 15:17:25 jammy-provider-cloud-0000008128 devstack@g-api.service[114882]: INFO glance.image_cache [None req-2242cbbc-610f-4d63-b52f-ec43f01ea71c None None] Image cache loaded driver 'centralized_db'.
Mar 18 15:17:25 jammy-provider-cloud-0000008128 devstack@g-api.service[114881]: DEBUG glance.image_cache.drivers.centralized_db [None req-99a44adb-d805-49da-b801-f8747a142eed None None] Node reference is already recorded, ignoring it {{(pid=114881) configure /opt/stack/glance/glance/image_cache/drivers/centralized_db.py:71}}
Mar 18 15:17:25 jammy-provider-cloud-0000008128 devstack@g-api.service[114882]: DEBUG glance.image_cache.drivers.centralized_db [None req-2242cbbc-610f-4d63-b52f-ec43f01ea71c None None] Node reference is already recorded, ignoring it {{(pid=114882) configure /opt/stack/glance/glance/image_cache/drivers/centralized_db.py:71}}
Mar 18 15:17:25 jammy-provider-cloud-0000008128 devstack@g-api.service[114881]: INFO glance.image_cache [None req-99a44adb-d805-49da-b801-f8747a142eed None None] Image cache loaded driver 'centralized_db'.
Mar 18 15:17:25 jammy-provider-cloud-0000008128 devstack@g-api.service[114882]: DEBUG glance.api.v2.cached_images [None req-2242cbbc-610f-4d63-b52f-ec43f01ea71c None None] Started cache worker thread {{(pid=114882) __init__ /opt/stack/glance/glance/api/v2/cached_images.py:69}}
Mar 18 15:17:25 jammy-provider-cloud-0000008128 devstack@g-api.service[114882]: INFO glance.image_cache [None req-2242cbbc-610f-4d63-b52f-ec43f01ea71c None None] Image cache loaded driver 'centralized_db'.
Mar 18 15:17:25 jammy-provider-cloud-0000008128 devstack@g-api.service[114881]: DEBUG glance.image_cache.drivers.centralized_db [None req-99a44adb-d805-49da-b801-f8747a142eed None None] Node reference is already recorded, ignoring it {{(pid=114881) configure /opt/stack/glance/glance/image_cache/drivers/centralized_db.py:71}}
Mar 18 15:17:25 jammy-provider-cloud-0000008128 devstack@g-api.service[114882]: DEBUG glance.image_cache.drivers.centralized_db [None req-2242cbbc-610f-4d63-b52f-ec43f01ea71c None None] Node reference is already recorded, ignoring it {{(pid=114882) configure /opt/stack/glance/glance/image_cache/drivers/centralized_db.py:71}}
Mar 18 15:17:25 jammy-provider-cloud-0000008128 devstack@g-api.service[114881]: DEBUG glance.api.v2.cached_images [None req-99a44adb-d805-49da-b801-f8747a142eed None None] Started cache worker thread {{(pid=114881) __init__ /opt/stack/glance/glance/api/v2/cached_images.py:69}}
Mar 18 15:17:25 jammy-provider-cloud-0000008128 devstack@g-api.service[114881]: INFO glance.image_cache [None req-99a44adb-d805-49da-b801-f8747a142eed None None] Image cache loaded driver 'centralized_db'.
Mar 18 15:17:25 jammy-provider-cloud-0000008128 devstack@g-api.service[114882]: INFO glance.api.middleware.cache_manage [None req-2242cbbc-610f-4d63-b52f-ec43f01ea71c None None] Initialized image cache management middleware
Mar 18 15:17:25 jammy-provider-cloud-0000008128 devstack@g-api.service[114882]: INFO glance.image_cache [None req-2242cbbc-610f-4d63-b52f-ec43f01ea71c None None] Image cache loaded driver 'centralized_db'.
Mar 18 15:17:25 jammy-provider-cloud-0000008128 devstack@g-api.service[114881]: DEBUG glance.image_cache.drivers.centralized_db [None req-99a44adb-d805-49da-b801-f8747a142eed None None] Node reference is already recorded, ignoring it {{(pid=114881) configure /opt/stack/glance/glance/image_cache/drivers/centralized_db.py:71}}
Mar 18 15:17:25 jammy-provider-cloud-0000008128 devstack@g-api.service[114882]: DEBUG glance.image_cache.drivers.centralized_db [None req-2242cbbc-610f-4d63-b52f-ec43f01ea71c None None] Node reference is already recorded, ignoring it {{(pid=114882) configure /opt/stack/glance/glance/image_cache/drivers/centralized_db.py:71}}
Mar 18 15:17:25 jammy-provider-cloud-0000008128 devstack@g-api.service[114881]: INFO glance.api.middleware.cache_manage [None req-99a44adb-d805-49da-b801-f8747a142eed None None] Initialized image cache management middleware
Mar 18 15:17:25 jammy-provider-cloud-0000008128 devstack@g-api.service[114881]: INFO glance.image_cache [None req-99a44adb-d805-49da-b801-f8747a142eed None None] Image cache loaded driver 'centralized_db'.
Mar 18 15:17:25 jammy-provider-cloud-0000008128 devstack@g-api.service[114882]: INFO glance.api.middleware.cache [None req-2242cbbc-610f-4d63-b52f-ec43f01ea71c None None] Initialized image cache middleware
Mar 18 15:17:25 jammy-provider-cloud-0000008128 devstack@g-api.service[114881]: DEBUG glance.image_cache.drivers.centralized_db [None req-99a44adb-d805-49da-b801-f8747a142eed None None] Node reference is already recorded, ignoring it {{(pid=114881) configure /opt/stack/glance/glance/image_cache/drivers/centralized_db.py:71}}
Mar 18 15:17:25 jammy-provider-cloud-0000008128 devstack@g-api.service[114882]: WARNING keystonemiddleware.auth_token [None req-2242cbbc-610f-4d63-b52f-ec43f01ea71c None None] AuthToken middleware is set with keystone_authtoken.service_token_roles_required set to False. This is backwards compatible but deprecated behaviour. Please set this to True.
Mar 18 15:17:25 jammy-provider-cloud-0000008128 devstack@g-api.service[114881]: INFO glance.api.middleware.cache [None req-99a44adb-d805-49da-b801-f8747a142eed None None] Initialized image cache middleware
Mar 18 15:17:25 jammy-provider-cloud-0000008128 devstack@g-api.service[114882]: WARNING keystonemiddleware.auth_token [None req-2242cbbc-610f-4d63-b52f-ec43f01ea71c None None] Configuring www_authenticate_uri to point to the public identity endpoint is required; clients may not be able to authenticate against an admin endpoint
Mar 18 15:17:25 jammy-provider-cloud-0000008128 devstack@g-api.service[114882]: DEBUG glance.common.config [None req-2242cbbc-610f-4d63-b52f-ec43f01ea71c None None] ******************************************************************************** {{(pid=114882) log_opt_values /opt/stack/data/venv/lib/python3.10/site-packages/oslo_config/cfg.py:2804}}
Mar 18 15:17:25 jammy-provider-cloud-0000008128 devstack@g-api.service[114882]: DEBUG glance.common.config [None req-2242cbbc-610f-4d63-b52f-ec43f01ea71c None None] Configuration options gathered from: {{(pid=114882) log_opt_values /opt/stack/data/venv/lib/python3.10/site-packages/oslo_config/cfg.py:2805}}
Mar 18 15:17:25 jammy-provider-cloud-0000008128 devstack@g-api.service[114882]: DEBUG glance.common.config [None req-2242cbbc-610f-4d63-b52f-ec43f01ea71c None None] command line args: [] {{(pid=114882) log_opt_values /opt/stack/data/venv/lib/python3.10/site-packages/oslo_config/cfg.py:2806}}
Mar 18 15:17:25 jammy-provider-cloud-0000008128 devstack@g-api.service[114882]: DEBUG glance.common.config [None req-2242cbbc-610f-4d63-b52f-ec43f01ea71c None None] config files: ['/etc/glance/glance-image-import.conf', '/etc/glance/glance-api.conf'] {{(pid=114882) log_opt_values /opt/stack/data/venv/lib/python3.10/site-packages/oslo_config/cfg.py:2807}}
Mar 18 15:17:25 jammy-provider-cloud-0000008128 devstack@g-api.service[114882]: DEBUG glance.common.config [None req-2242cbbc-610f-4d63-b52f-ec43f01ea71c None None] ================================================================================ {{(pid=114882) log_opt_values /opt/stack/data/venv/lib/python3.10/site-packages/oslo_config/cfg.py:2809}}
Mar 18 15:17:25 jammy-provider-cloud-0000008128 devstack@g-api.service[114882]: DEBUG glance.common.config [None req-2242cbbc-610f-4d63-b52f-ec43f01ea71c None None] allow_anonymous_access         = False {{(pid=114882) log_opt_values /opt/stack/data/venv/lib/python3.10/site-packages/oslo_config/cfg.py:2817}}
Mar 18 15:17:25 jammy-provider-cloud-0000008128 devstack@g-api.service[114882]: DEBUG glance.common.config [None req-2242cbbc-610f-4d63-b52f-ec43f01ea71c None None] api_limit_max                  = 1000 {{(pid=114882) log_opt_values /opt/stack/data/venv/lib/python3.10/site-packages/oslo_config/cfg.py:2817}}
Mar 18 15:17:25 jammy-provider-cloud-0000008128 devstack@g-api.service[114882]: DEBUG glance.common.config [None req-2242cbbc-610f-4d63-b52f-ec43f01ea71c None None] backlog                        = 4096 {{(pid=114882) log_opt_values /opt/stack/data/venv/lib/python3.10/site-packages/oslo_config/cfg.py:2817}}
Mar 18 15:17:25 jammy-provider-cloud-0000008128 devstack@g-api.service[114882]: DEBUG glance.common.config [None req-2242cbbc-610f-4d63-b52f-ec43f01ea71c None None] bind_host                      = 0.0.0.0 {{(pid=114882) log_opt_values /opt/stack/data/venv/lib/python3.10/site-packages/oslo_config/cfg.py:2817}}
Mar 18 15:17:25 jammy-provider-cloud-0000008128 devstack@g-api.service[114882]: DEBUG glance.common.config [None req-2242cbbc-610f-4d63-b52f-ec43f01ea71c None None] bind_port                      = None {{(pid=114882) log_opt_values /opt/stack/data/venv/lib/python3.10/site-packages/oslo_config/cfg.py:2817}}
Mar 18 15:17:25 jammy-provider-cloud-0000008128 devstack@g-api.service[114882]: DEBUG glance.common.config [None req-2242cbbc-610f-4d63-b52f-ec43f01ea71c None None] client_socket_timeout          = 900 {{(pid=114882) log_opt_values /opt/stack/data/venv/lib/python3.10/site-packages/oslo_config/cfg.py:2817}}
Mar 18 15:17:25 jammy-provider-cloud-0000008128 devstack@g-api.service[114882]: DEBUG glance.common.config [None req-2242cbbc-610f-4d63-b52f-ec43f01ea71c None None] config_dir                     = [] {{(pid=114882) log_opt_values /opt/stack/data/venv/lib/python3.10/site-packages/oslo_config/cfg.py:2817}}
Mar 18 15:17:25 jammy-provider-cloud-0000008128 devstack@g-api.service[114882]: DEBUG glance.common.config [None req-2242cbbc-610f-4d63-b52f-ec43f01ea71c None None] config_file                    = ['/etc/glance/glance-image-import.conf', '/etc/glance/glance-api.conf'] {{(pid=114882) log_opt_values /opt/stack/data/venv/lib/python3.10/site-packages/oslo_config/cfg.py:2817}}
Mar 18 15:17:25 jammy-provider-cloud-0000008128 devstack@g-api.service[114882]: DEBUG glance.common.config [None req-2242cbbc-610f-4d63-b52f-ec43f01ea71c None None] config_source                  = [] {{(pid=114882) log_opt_values /opt/stack/data/venv/lib/python3.10/site-packages/oslo_config/cfg.py:2817}}
Mar 18 15:17:25 jammy-provider-cloud-0000008128 devstack@g-api.service[114882]: DEBUG glance.common.config [None req-2242cbbc-610f-4d63-b52f-ec43f01ea71c None None] control_exchange               = glance {{(pid=114882) log_opt_values /opt/stack/data/venv/lib/python3.10/site-packages/oslo_config/cfg.py:2817}}
Mar 18 15:17:25 jammy-provider-cloud-0000008128 devstack@g-api.service[114882]: DEBUG glance.common.config [None req-2242cbbc-610f-4d63-b52f-ec43f01ea71c None None] debug                          = True {{(pid=114882) log_opt_values /opt/stack/data/venv/lib/python3.10/site-packages/oslo_config/cfg.py:2817}}
Mar 18 15:17:25 jammy-provider-cloud-0000008128 devstack@g-api.service[114882]: DEBUG glance.common.config [None req-2242cbbc-610f-4d63-b52f-ec43f01ea71c None None] default_log_levels             = ['amqp=WARN', 'amqplib=WARN', 'boto=WARN', 'qpid=WARN', 'sqlalchemy=WARN', 'suds=INFO', 'oslo.messaging=INFO', 'oslo_messaging=INFO', 'iso8601=WARN', 'requests.packages.urllib3.connectionpool=WARN', 'urllib3.connectionpool=WARN', 'websocket=WARN', 'requests.packages.urllib3.util.retry=WARN', 'urllib3.util.retry=WARN', 'keystonemiddleware=WARN', 'routes.middleware=WARN', 'stevedore=WARN', 'taskflow=WARN', 'keystoneauth=WARN', 'oslo.cache=INFO', 'oslo_policy=INFO', 'dogpile.core.dogpile=INFO'] {{(pid=114882) log_opt_values /opt/stack/data/venv/lib/python3.10/site-packages/oslo_config/cfg.py:2817}}
Mar 18 15:17:25 jammy-provider-cloud-0000008128 devstack@g-api.service[114882]: DEBUG glance.common.config [None req-2242cbbc-610f-4d63-b52f-ec43f01ea71c None None] default_publisher_id           = image.localhost {{(pid=114882) log_opt_values /opt/stack/data/venv/lib/python3.10/site-packages/oslo_config/cfg.py:2817}}
Mar 18 15:17:25 jammy-provider-cloud-0000008128 devstack@g-api.service[114882]: DEBUG glance.common.config [None req-2242cbbc-610f-4d63-b52f-ec43f01ea71c None None] delayed_delete                 = False {{(pid=114882) log_opt_values /opt/stack/data/venv/lib/python3.10/site-packages/oslo_config/cfg.py:2817}}
Mar 18 15:17:25 jammy-provider-cloud-0000008128 devstack@g-api.service[114882]: DEBUG glance.common.config [None req-2242cbbc-610f-4d63-b52f-ec43f01ea71c None None] digest_algorithm               = sha256 {{(pid=114882) log_opt_values /opt/stack/data/venv/lib/python3.10/site-packages/oslo_config/cfg.py:2817}}
Mar 18 15:17:25 jammy-provider-cloud-0000008128 devstack@g-api.service[114882]: DEBUG glance.common.config [None req-2242cbbc-610f-4d63-b52f-ec43f01ea71c None None] disabled_notifications         = [] {{(pid=114882) log_opt_values /opt/stack/data/venv/lib/python3.10/site-packages/oslo_config/cfg.py:2817}}
Mar 18 15:17:25 jammy-provider-cloud-0000008128 devstack@g-api.service[114882]: DEBUG glance.common.config [None req-2242cbbc-610f-4d63-b52f-ec43f01ea71c None None] do_secure_hash                 = True {{(pid=114882) log_opt_values /opt/stack/data/venv/lib/python3.10/site-packages/oslo_config/cfg.py:2817}}
Mar 18 15:17:25 jammy-provider-cloud-0000008128 devstack@g-api.service[114882]: DEBUG glance.common.config [None req-2242cbbc-610f-4d63-b52f-ec43f01ea71c None None] enabled_backends               = None {{(pid=114882) log_opt_values /opt/stack/data/venv/lib/python3.10/site-packages/oslo_config/cfg.py:2817}}
Mar 18 15:17:25 jammy-provider-cloud-0000008128 devstack@g-api.service[114882]: DEBUG glance.common.config [None req-2242cbbc-610f-4d63-b52f-ec43f01ea71c None None] enabled_import_methods         = ['glance-direct', 'web-download', 'copy-image'] {{(pid=114882) log_opt_values /opt/stack/data/venv/lib/python3.10/site-packages/oslo_config/cfg.py:2817}}
Mar 18 15:17:25 jammy-provider-cloud-0000008128 devstack@g-api.service[114882]: DEBUG glance.common.config [None req-2242cbbc-610f-4d63-b52f-ec43f01ea71c None None] hashing_algorithm              = sha512 {{(pid=114882) log_opt_values /opt/stack/data/venv/lib/python3.10/site-packages/oslo_config/cfg.py:2817}}
Mar 18 15:17:25 jammy-provider-cloud-0000008128 devstack@g-api.service[114882]: DEBUG glance.common.config [None req-2242cbbc-610f-4d63-b52f-ec43f01ea71c None None] http_keepalive                 = True {{(pid=114882) log_opt_values /opt/stack/data/venv/lib/python3.10/site-packages/oslo_config/cfg.py:2817}}
Mar 18 15:17:25 jammy-provider-cloud-0000008128 devstack@g-api.service[114882]: DEBUG glance.common.config [None req-2242cbbc-610f-4d63-b52f-ec43f01ea71c None None] http_retries                   = 3 {{(pid=114882) log_opt_values /opt/stack/data/venv/lib/python3.10/site-packages/oslo_config/cfg.py:2817}}
Mar 18 15:17:25 jammy-provider-cloud-0000008128 devstack@g-api.service[114882]: DEBUG glance.common.config [None req-2242cbbc-610f-4d63-b52f-ec43f01ea71c None None] image_cache_dir                = /opt/stack/data/glance/cache/ {{(pid=114882) log_opt_values /opt/stack/data/venv/lib/python3.10/site-packages/oslo_config/cfg.py:2817}}
Mar 18 15:17:25 jammy-provider-cloud-0000008128 devstack@g-api.service[114882]: DEBUG glance.common.config [None req-2242cbbc-610f-4d63-b52f-ec43f01ea71c None None] image_cache_driver             = centralized_db {{(pid=114882) log_opt_values /opt/stack/data/venv/lib/python3.10/site-packages/oslo_config/cfg.py:2817}}
Mar 18 15:17:25 jammy-provider-cloud-0000008128 devstack@g-api.service[114882]: DEBUG glance.common.config [None req-2242cbbc-610f-4d63-b52f-ec43f01ea71c None None] image_cache_max_size           = 10737418240 {{(pid=114882) log_opt_values /opt/stack/data/venv/lib/python3.10/site-packages/oslo_config/cfg.py:2817}}
Mar 18 15:17:25 jammy-provider-cloud-0000008128 devstack@g-api.service[114882]: DEBUG glance.common.config [None req-2242cbbc-610f-4d63-b52f-ec43f01ea71c None None] image_cache_sqlite_db          = cache.db {{(pid=114882) log_opt_values /opt/stack/data/venv/lib/python3.10/site-packages/oslo_config/cfg.py:2817}}
Mar 18 15:17:25 jammy-provider-cloud-0000008128 devstack@g-api.service[114882]: DEBUG glance.common.config [None req-2242cbbc-610f-4d63-b52f-ec43f01ea71c None None] image_cache_stall_time         = 86400 {{(pid=114882) log_opt_values /opt/stack/data/venv/lib/python3.10/site-packages/oslo_config/cfg.py:2817}}
Mar 18 15:17:25 jammy-provider-cloud-0000008128 devstack@g-api.service[114882]: DEBUG glance.common.config [None req-2242cbbc-610f-4d63-b52f-ec43f01ea71c None None] image_location_quota           = 10 {{(pid=114882) log_opt_values /opt/stack/data/venv/lib/python3.10/site-packages/oslo_config/cfg.py:2817}}
Mar 18 15:17:25 jammy-provider-cloud-0000008128 devstack@g-api.service[114881]: WARNING keystonemiddleware.auth_token [None req-99a44adb-d805-49da-b801-f8747a142eed None None] AuthToken middleware is set with keystone_authtoken.service_token_roles_required set to False. This is backwards compatible but deprecated behaviour. Please set this to True.
Mar 18 15:17:25 jammy-provider-cloud-0000008128 devstack@g-api.service[114882]: DEBUG glance.common.config [None req-2242cbbc-610f-4d63-b52f-ec43f01ea71c None None] image_member_quota             = 128 {{(pid=114882) log_opt_values /opt/stack/data/venv/lib/python3.10/site-packages/oslo_config/cfg.py:2817}}
Mar 18 15:17:25 jammy-provider-cloud-0000008128 devstack@g-api.service[114882]: DEBUG glance.common.config [None req-2242cbbc-610f-4d63-b52f-ec43f01ea71c None None] image_property_quota           = 128 {{(pid=114882) log_opt_values /opt/stack/data/venv/lib/python3.10/site-packages/oslo_config/cfg.py:2817}}
Mar 18 15:17:25 jammy-provider-cloud-0000008128 devstack@g-api.service[114882]: DEBUG glance.common.config [None req-2242cbbc-610f-4d63-b52f-ec43f01ea71c None None] image_size_cap                 = 1099511627776 {{(pid=114882) log_opt_values /opt/stack/data/venv/lib/python3.10/site-packages/oslo_config/cfg.py:2817}}
Mar 18 15:17:25 jammy-provider-cloud-0000008128 devstack@g-api.service[114882]: DEBUG glance.common.config [None req-2242cbbc-610f-4d63-b52f-ec43f01ea71c None None] image_tag_quota                = 128 {{(pid=114882) log_opt_values /opt/stack/data/venv/lib/python3.10/site-packages/oslo_config/cfg.py:2817}}
Mar 18 15:17:25 jammy-provider-cloud-0000008128 devstack@g-api.service[114882]: DEBUG glance.common.config [None req-2242cbbc-610f-4d63-b52f-ec43f01ea71c None None] instance_format                = [instance: %(uuid)s]  {{(pid=114882) log_opt_values /opt/stack/data/venv/lib/python3.10/site-packages/oslo_config/cfg.py:2817}}
Mar 18 15:17:25 jammy-provider-cloud-0000008128 devstack@g-api.service[114882]: DEBUG glance.common.config [None req-2242cbbc-610f-4d63-b52f-ec43f01ea71c None None] instance_uuid_format           = [instance: %(uuid)s]  {{(pid=114882) log_opt_values /opt/stack/data/venv/lib/python3.10/site-packages/oslo_config/cfg.py:2817}}
Mar 18 15:17:25 jammy-provider-cloud-0000008128 devstack@g-api.service[114882]: DEBUG glance.common.config [None req-2242cbbc-610f-4d63-b52f-ec43f01ea71c None None] limit_param_default            = 25 {{(pid=114882) log_opt_values /opt/stack/data/venv/lib/python3.10/site-packages/oslo_config/cfg.py:2817}}
Mar 18 15:17:25 jammy-provider-cloud-0000008128 devstack@g-api.service[114882]: DEBUG glance.common.config [None req-2242cbbc-610f-4d63-b52f-ec43f01ea71c None None] log_color                      = True {{(pid=114882) log_opt_values /opt/stack/data/venv/lib/python3.10/site-packages/oslo_config/cfg.py:2817}}
Mar 18 15:17:25 jammy-provider-cloud-0000008128 devstack@g-api.service[114882]: DEBUG glance.common.config [None req-2242cbbc-610f-4d63-b52f-ec43f01ea71c None None] log_config_append              = None {{(pid=114882) log_opt_values /opt/stack/data/venv/lib/python3.10/site-packages/oslo_config/cfg.py:2817}}
Mar 18 15:17:25 jammy-provider-cloud-0000008128 devstack@g-api.service[114882]: DEBUG glance.common.config [None req-2242cbbc-610f-4d63-b52f-ec43f01ea71c None None] log_date_format                = %Y-%m-%d %H:%M:%S {{(pid=114882) log_opt_values /opt/stack/data/venv/lib/python3.10/site-packages/oslo_config/cfg.py:2817}}
Mar 18 15:17:25 jammy-provider-cloud-0000008128 devstack@g-api.service[114882]: DEBUG glance.common.config [None req-2242cbbc-610f-4d63-b52f-ec43f01ea71c None None] log_dir                        = None {{(pid=114882) log_opt_values /opt/stack/data/venv/lib/python3.10/site-packages/oslo_config/cfg.py:2817}}
Mar 18 15:17:25 jammy-provider-cloud-0000008128 devstack@g-api.service[114882]: DEBUG glance.common.config [None req-2242cbbc-610f-4d63-b52f-ec43f01ea71c None None] log_file                       = None {{(pid=114882) log_opt_values /opt/stack/data/venv/lib/python3.10/site-packages/oslo_config/cfg.py:2817}}
Mar 18 15:17:25 jammy-provider-cloud-0000008128 devstack@g-api.service[114882]: DEBUG glance.common.config [None req-2242cbbc-610f-4d63-b52f-ec43f01ea71c None None] log_rotate_interval            = 1 {{(pid=114882) log_opt_values /opt/stack/data/venv/lib/python3.10/site-packages/oslo_config/cfg.py:2817}}
Mar 18 15:17:25 jammy-provider-cloud-0000008128 devstack@g-api.service[114882]: DEBUG glance.common.config [None req-2242cbbc-610f-4d63-b52f-ec43f01ea71c None None] log_rotate_interval_type       = days {{(pid=114882) log_opt_values /opt/stack/data/venv/lib/python3.10/site-packages/oslo_config/cfg.py:2817}}
Mar 18 15:17:25 jammy-provider-cloud-0000008128 devstack@g-api.service[114882]: DEBUG glance.common.config [None req-2242cbbc-610f-4d63-b52f-ec43f01ea71c None None] log_rotation_type              = none {{(pid=114882) log_opt_values /opt/stack/data/venv/lib/python3.10/site-packages/oslo_config/cfg.py:2817}}
Mar 18 15:17:25 jammy-provider-cloud-0000008128 devstack@g-api.service[114882]: DEBUG glance.common.config [None req-2242cbbc-610f-4d63-b52f-ec43f01ea71c None None] logging_context_format_string  = %(color)s%(levelname)s %(name)s [%(global_request_id)s %(request_id)s %(project_name)s %(user_name)s%(color)s] %(instance)s%(color)s%(message)s {{(pid=114882) log_opt_values /opt/stack/data/venv/lib/python3.10/site-packages/oslo_config/cfg.py:2817}}
Mar 18 15:17:25 jammy-provider-cloud-0000008128 devstack@g-api.service[114882]: DEBUG glance.common.config [None req-2242cbbc-610f-4d63-b52f-ec43f01ea71c None None] logging_debug_format_suffix    = {{(pid=%(process)d) %(funcName)s %(pathname)s:%(lineno)d}} {{(pid=114882) log_opt_values /opt/stack/data/venv/lib/python3.10/site-packages/oslo_config/cfg.py:2817}}
