Feb 04 01:52:05 jammy-provider-cloud-0000007977 neutron-server[89543]: INFO neutron.api.extensions [None req-67b071f2-d235-4a3c-8a26-17f440654371 None None] Extension trunk-details not supported by any of loaded plugins
Feb 04 01:52:05 jammy-provider-cloud-0000007977 neutron-server[89543]: DEBUG neutron.api.extensions [None req-67b071f2-d235-4a3c-8a26-17f440654371 None None] Loading extension file: uplink_status_propagation.py {{(pid=89543) _load_all_extensions_from_path /opt/stack/neutron/neutron/api/extensions.py:449}}
Feb 04 01:52:05 jammy-provider-cloud-0000007977 neutron-server[89543]: DEBUG neutron.api.extensions [None req-67b071f2-d235-4a3c-8a26-17f440654371 None None] Ext name="Uplink status propagation extension" alias="uplink-status-propagation" description="Provides ability to propagate port uplink status." updated="2018-05-31T18:00:00-00:00" {{(pid=89543) _check_extension /opt/stack/neutron/neutron/api/extensions.py:415}}
Feb 04 01:52:05 jammy-provider-cloud-0000007977 neutron-server[89543]: INFO neutron.api.extensions [None req-67b071f2-d235-4a3c-8a26-17f440654371 None None] Extension uplink-status-propagation not supported by any of loaded plugins
Feb 04 01:52:05 jammy-provider-cloud-0000007977 neutron-server[89543]: DEBUG neutron.api.extensions [None req-67b071f2-d235-4a3c-8a26-17f440654371 None None] Loading extension file: uplink_status_propagation_updatable.py {{(pid=89543) _load_all_extensions_from_path /opt/stack/neutron/neutron/api/extensions.py:449}}
Feb 04 01:52:05 jammy-provider-cloud-0000007977 neutron-server[89543]: DEBUG neutron.api.extensions [None req-67b071f2-d235-4a3c-8a26-17f440654371 None None] Ext name="Uplink status propagation updatable extension" alias="uplink-status-propagation-updatable" description="Provides ability to update the port uplink status." updated="2024-09-03T18:00:00-00:00" {{(pid=89543) _check_extension /opt/stack/neutron/neutron/api/extensions.py:415}}
Feb 04 01:52:05 jammy-provider-cloud-0000007977 neutron-server[89543]: INFO neutron.api.extensions [None req-67b071f2-d235-4a3c-8a26-17f440654371 None None] Extension uplink-status-propagation-updatable not supported by any of loaded plugins
Feb 04 01:52:05 jammy-provider-cloud-0000007977 neutron-server[89543]: DEBUG neutron.api.extensions [None req-67b071f2-d235-4a3c-8a26-17f440654371 None None] Loading extension file: vlantransparent.py {{(pid=89543) _load_all_extensions_from_path /opt/stack/neutron/neutron/api/extensions.py:449}}
Feb 04 01:52:05 jammy-provider-cloud-0000007977 neutron-server[89543]: DEBUG neutron.api.extensions [None req-67b071f2-d235-4a3c-8a26-17f440654371 None None] Ext name="Vlantransparent" alias="vlan-transparent" description="Provides Vlan Transparent Networks" updated="2015-03-23T09:00:00-00:00" {{(pid=89543) _check_extension /opt/stack/neutron/neutron/api/extensions.py:415}}
Feb 04 01:52:05 jammy-provider-cloud-0000007977 neutron-server[89543]: INFO neutron.api.extensions [None req-67b071f2-d235-4a3c-8a26-17f440654371 None None] Extension vlan-transparent not supported by any of loaded plugins
Feb 04 01:52:05 jammy-provider-cloud-0000007977 neutron-server[89543]: INFO neutron.quota.resource_registry [None req-67b071f2-d235-4a3c-8a26-17f440654371 None None] Creating instance of TrackedResource for resource:network
Feb 04 01:52:05 jammy-provider-cloud-0000007977 neutron-server[89543]: INFO neutron.quota.resource_registry [None req-67b071f2-d235-4a3c-8a26-17f440654371 None None] Creating instance of TrackedResource for resource:subnet
Feb 04 01:52:05 jammy-provider-cloud-0000007977 neutron-server[89543]: INFO neutron.quota.resource_registry [None req-67b071f2-d235-4a3c-8a26-17f440654371 None None] Creating instance of TrackedResource for resource:subnetpool
Feb 04 01:52:05 jammy-provider-cloud-0000007977 neutron-server[89543]: INFO neutron.quota.resource_registry [None req-67b071f2-d235-4a3c-8a26-17f440654371 None None] Creating instance of TrackedResource for resource:port
Feb 04 01:52:05 jammy-provider-cloud-0000007977 neutron-server[89543]: DEBUG neutron.api.v2.resource_helper [None req-67b071f2-d235-4a3c-8a26-17f440654371 None None] Service FLAVORS assigned prefix:  {{(pid=89543) build_resource_info /opt/stack/neutron/neutron/api/v2/resource_helper.py:77}}
Feb 04 01:52:05 jammy-provider-cloud-0000007977 neutron-server[89543]: DEBUG neutron.api.v2.resource_helper [None req-67b071f2-d235-4a3c-8a26-17f440654371 None None] Service L3_ROUTER_NAT assigned prefix:  {{(pid=89543) build_resource_info /opt/stack/neutron/neutron/api/v2/resource_helper.py:77}}
Feb 04 01:52:05 jammy-provider-cloud-0000007977 neutron-server[89543]: DEBUG neutron.api.v2.resource_helper [None req-67b071f2-d235-4a3c-8a26-17f440654371 None None] Service L3_ROUTER_NAT assigned prefix:  {{(pid=89543) build_resource_info /opt/stack/neutron/neutron/api/v2/resource_helper.py:77}}
Feb 04 01:52:05 jammy-provider-cloud-0000007977 neutron-server[89543]: INFO neutron.quota.resource_registry [None req-67b071f2-d235-4a3c-8a26-17f440654371 None None] Creating instance of TrackedResource for resource:router
Feb 04 01:52:05 jammy-provider-cloud-0000007977 neutron-server[89543]: INFO neutron.quota.resource_registry [None req-67b071f2-d235-4a3c-8a26-17f440654371 None None] Creating instance of TrackedResource for resource:floatingip
Feb 04 01:52:05 jammy-provider-cloud-0000007977 neutron-server[89543]: DEBUG neutron_lib.callbacks.manager [None req-67b071f2-d235-4a3c-8a26-17f440654371 None None] Subscribe: <bound method NeutronDbPluginV2.validate_network_rbac_policy_change of <neutron.services.network_ip_availability.plugin.NetworkIPAvailabilityPlugin object at 0x7fe7a2d78490>> rbac-policy before_create 55550000, False {{(pid=89543) subscribe /opt/stack/data/venv/lib/python3.10/site-packages/neutron_lib/callbacks/manager.py:52}}
Feb 04 01:52:05 jammy-provider-cloud-0000007977 neutron-server[89543]: DEBUG neutron_lib.callbacks.manager [None req-67b071f2-d235-4a3c-8a26-17f440654371 None None] Subscribe: <bound method NeutronDbPluginV2.validate_network_rbac_policy_change of <neutron.services.network_ip_availability.plugin.NetworkIPAvailabilityPlugin object at 0x7fe7a2d78490>> rbac-policy before_update 55550000, False {{(pid=89543) subscribe /opt/stack/data/venv/lib/python3.10/site-packages/neutron_lib/callbacks/manager.py:52}}
Feb 04 01:52:05 jammy-provider-cloud-0000007977 neutron-server[89543]: DEBUG neutron_lib.callbacks.manager [None req-67b071f2-d235-4a3c-8a26-17f440654371 None None] Subscribe: <bound method NeutronDbPluginV2.validate_network_rbac_policy_change of <neutron.services.network_ip_availability.plugin.NetworkIPAvailabilityPlugin object at 0x7fe7a2d78490>> rbac-policy before_delete 55550000, False {{(pid=89543) subscribe /opt/stack/data/venv/lib/python3.10/site-packages/neutron_lib/callbacks/manager.py:52}}
Feb 04 01:52:05 jammy-provider-cloud-0000007977 neutron-server[89543]: INFO neutron.quota.resource_registry [None req-67b071f2-d235-4a3c-8a26-17f440654371 None None] Creating instance of CountableResource for resource:rbac_policy
Feb 04 01:52:05 jammy-provider-cloud-0000007977 neutron-server[89543]: INFO neutron.quota.resource_registry [None req-67b071f2-d235-4a3c-8a26-17f440654371 None None] Creating instance of TrackedResource for resource:security_group
Feb 04 01:52:05 jammy-provider-cloud-0000007977 neutron-server[89543]: INFO neutron.quota.resource_registry [None req-67b071f2-d235-4a3c-8a26-17f440654371 None None] Creating instance of TrackedResource for resource:security_group_rule
Feb 04 01:52:05 jammy-provider-cloud-0000007977 neutron-server[89543]: DEBUG neutron.api.v2.resource_helper [None req-67b071f2-d235-4a3c-8a26-17f440654371 None None] Service CORE assigned prefix:  {{(pid=89543) build_resource_info /opt/stack/neutron/neutron/api/v2/resource_helper.py:77}}
Feb 04 01:52:05 jammy-provider-cloud-0000007977 neutron-server[89543]: INFO neutron.quota.resource_registry [None req-67b071f2-d235-4a3c-8a26-17f440654371 None None] Creating instance of TrackedResource for resource:subnetpool
Feb 04 01:52:05 jammy-provider-cloud-0000007977 neutron-server[89543]: WARNING neutron.quota.resource_registry [None req-67b071f2-d235-4a3c-8a26-17f440654371 None None] subnetpool is already registered
Feb 04 01:52:05 jammy-provider-cloud-0000007977 neutron-server[89543]: DEBUG neutron.api.v2.resource_helper [None req-67b071f2-d235-4a3c-8a26-17f440654371 None None] Service FLAVORS assigned prefix:  {{(pid=89543) build_resource_info /opt/stack/neutron/neutron/api/v2/resource_helper.py:77}}
Feb 04 01:52:05 jammy-provider-cloud-0000007977 neutron-server[89543]: DEBUG neutron.api.v2.resource_helper [None req-67b071f2-d235-4a3c-8a26-17f440654371 None None] Service L3_ROUTER_NAT assigned prefix:  {{(pid=89543) build_resource_info /opt/stack/neutron/neutron/api/v2/resource_helper.py:77}}
Feb 04 01:52:05 jammy-provider-cloud-0000007977 neutron-server[89543]: DEBUG neutron.api.v2.resource_helper [None req-67b071f2-d235-4a3c-8a26-17f440654371 None None] Service L3_ROUTER_NAT assigned prefix:  {{(pid=89543) build_resource_info /opt/stack/neutron/neutron/api/v2/resource_helper.py:77}}
Feb 04 01:52:05 jammy-provider-cloud-0000007977 neutron-server[89543]: INFO neutron.quota.resource_registry [None req-67b071f2-d235-4a3c-8a26-17f440654371 None None] Creating instance of TrackedResource for resource:router
Feb 04 01:52:05 jammy-provider-cloud-0000007977 neutron-server[89543]: WARNING neutron.quota.resource_registry [None req-67b071f2-d235-4a3c-8a26-17f440654371 None None] router is already registered
Feb 04 01:52:05 jammy-provider-cloud-0000007977 neutron-server[89543]: INFO neutron.quota.resource_registry [None req-67b071f2-d235-4a3c-8a26-17f440654371 None None] Creating instance of TrackedResource for resource:floatingip
Feb 04 01:52:05 jammy-provider-cloud-0000007977 neutron-server[89543]: WARNING neutron.quota.resource_registry [None req-67b071f2-d235-4a3c-8a26-17f440654371 None None] floatingip is already registered
Feb 04 01:52:05 jammy-provider-cloud-0000007977 neutron-server[89543]: INFO neutron.quota.resource_registry [None req-67b071f2-d235-4a3c-8a26-17f440654371 None None] Creating instance of CountableResource for resource:rbac_policy
Feb 04 01:52:05 jammy-provider-cloud-0000007977 neutron-server[89543]: WARNING neutron.quota.resource_registry [None req-67b071f2-d235-4a3c-8a26-17f440654371 None None] rbac_policy is already registered
Feb 04 01:52:05 jammy-provider-cloud-0000007977 neutron-server[89543]: INFO neutron.quota.resource_registry [None req-67b071f2-d235-4a3c-8a26-17f440654371 None None] Creating instance of TrackedResource for resource:security_group
Feb 04 01:52:05 jammy-provider-cloud-0000007977 neutron-server[89543]: WARNING neutron.quota.resource_registry [None req-67b071f2-d235-4a3c-8a26-17f440654371 None None] security_group is already registered
Feb 04 01:52:05 jammy-provider-cloud-0000007977 neutron-server[89543]: INFO neutron.quota.resource_registry [None req-67b071f2-d235-4a3c-8a26-17f440654371 None None] Creating instance of TrackedResource for resource:security_group_rule
Feb 04 01:52:05 jammy-provider-cloud-0000007977 neutron-server[89543]: WARNING neutron.quota.resource_registry [None req-67b071f2-d235-4a3c-8a26-17f440654371 None None] security_group_rule is already registered
Feb 04 01:52:05 jammy-provider-cloud-0000007977 neutron-server[89543]: DEBUG neutron.api.v2.resource_helper [None req-67b071f2-d235-4a3c-8a26-17f440654371 None None] Service CORE assigned prefix:  {{(pid=89543) build_resource_info /opt/stack/neutron/neutron/api/v2/resource_helper.py:77}}
Feb 04 01:52:05 jammy-provider-cloud-0000007977 neutron-server[89543]: INFO neutron.quota.resource_registry [None req-67b071f2-d235-4a3c-8a26-17f440654371 None None] Creating instance of TrackedResource for resource:subnetpool
Feb 04 01:52:05 jammy-provider-cloud-0000007977 neutron-server[89543]: WARNING neutron.quota.resource_registry [None req-67b071f2-d235-4a3c-8a26-17f440654371 None None] subnetpool is already registered
Feb 04 01:52:05 jammy-provider-cloud-0000007977 neutron-server[89543]: DEBUG neutron.api.extensions [None req-67b071f2-d235-4a3c-8a26-17f440654371 None None] Extended resource: extensions {{(pid=89543) __init__ /opt/stack/neutron/neutron/api/extensions.py:156}}
Feb 04 01:52:05 jammy-provider-cloud-0000007977 neutron-server[89543]: DEBUG neutron.api.extensions [None req-67b071f2-d235-4a3c-8a26-17f440654371 None None] Extended resource: address-groups {{(pid=89543) __init__ /opt/stack/neutron/neutron/api/extensions.py:156}}
Feb 04 01:52:05 jammy-provider-cloud-0000007977 neutron-server[89543]: DEBUG neutron.api.extensions [None req-67b071f2-d235-4a3c-8a26-17f440654371 None None] Extended resource: address-scopes {{(pid=89543) __init__ /opt/stack/neutron/neutron/api/extensions.py:156}}
Feb 04 01:52:05 jammy-provider-cloud-0000007977 neutron-server[89543]: DEBUG neutron.api.extensions [None req-67b071f2-d235-4a3c-8a26-17f440654371 None None] Extended resource: agents {{(pid=89543) __init__ /opt/stack/neutron/neutron/api/extensions.py:156}}
Feb 04 01:52:05 jammy-provider-cloud-0000007977 neutron-server[89543]: DEBUG neutron.api.extensions [None req-67b071f2-d235-4a3c-8a26-17f440654371 None None] Extended resource: auto-allocated-topology {{(pid=89543) __init__ /opt/stack/neutron/neutron/api/extensions.py:156}}
Feb 04 01:52:05 jammy-provider-cloud-0000007977 neutron-server[89543]: DEBUG neutron.api.extensions [None req-67b071f2-d235-4a3c-8a26-17f440654371 None None] Extended resource: availability_zones {{(pid=89543) __init__ /opt/stack/neutron/neutron/api/extensions.py:156}}
Feb 04 01:52:05 jammy-provider-cloud-0000007977 neutron-server[89543]: DEBUG neutron.api.extensions [None req-67b071f2-d235-4a3c-8a26-17f440654371 None None] Extended resource: dhcp-networks {{(pid=89543) __init__ /opt/stack/neutron/neutron/api/extensions.py:156}}
Feb 04 01:52:05 jammy-provider-cloud-0000007977 neutron-server[89543]: DEBUG neutron.api.extensions [None req-67b071f2-d235-4a3c-8a26-17f440654371 None None] Extended resource: dhcp-agents {{(pid=89543) __init__ /opt/stack/neutron/neutron/api/extensions.py:156}}
Feb 04 01:52:05 jammy-provider-cloud-0000007977 neutron-server[89543]: DEBUG neutron.api.extensions [None req-67b071f2-d235-4a3c-8a26-17f440654371 None None] Extended resource: flavors {{(pid=89543) __init__ /opt/stack/neutron/neutron/api/extensions.py:156}}
Feb 04 01:52:05 jammy-provider-cloud-0000007977 neutron-server[89543]: DEBUG neutron.api.extensions [None req-67b071f2-d235-4a3c-8a26-17f440654371 None None] Extended resource: service_profiles {{(pid=89543) __init__ /opt/stack/neutron/neutron/api/extensions.py:156}}
Feb 04 01:52:05 jammy-provider-cloud-0000007977 neutron-server[89543]: DEBUG neutron.api.extensions [None req-67b071f2-d235-4a3c-8a26-17f440654371 None None] Extended resource: next_providers {{(pid=89543) __init__ /opt/stack/neutron/neutron/api/extensions.py:156}}
Feb 04 01:52:05 jammy-provider-cloud-0000007977 neutron-server[89543]: DEBUG neutron.api.extensions [None req-67b071f2-d235-4a3c-8a26-17f440654371 None None] Extended resource: service_profiles {{(pid=89543) __init__ /opt/stack/neutron/neutron/api/extensions.py:156}}
Feb 04 01:52:05 jammy-provider-cloud-0000007977 neutron-server[89543]: DEBUG neutron.api.extensions [None req-67b071f2-d235-4a3c-8a26-17f440654371 None None] Extended resource: floatingip-pools {{(pid=89543) __init__ /opt/stack/neutron/neutron/api/extensions.py:156}}
Feb 04 01:52:05 jammy-provider-cloud-0000007977 neutron-server[89543]: DEBUG neutron.api.extensions [None req-67b071f2-d235-4a3c-8a26-17f440654371 None None] Extended resource: routers {{(pid=89543) __init__ /opt/stack/neutron/neutron/api/extensions.py:156}}
Feb 04 01:52:05 jammy-provider-cloud-0000007977 neutron-server[89543]: DEBUG neutron.api.extensions [None req-67b071f2-d235-4a3c-8a26-17f440654371 None None] Extended resource: floatingips {{(pid=89543) __init__ /opt/stack/neutron/neutron/api/extensions.py:156}}
Feb 04 01:52:05 jammy-provider-cloud-0000007977 neutron-server[89543]: DEBUG neutron.api.extensions [None req-67b071f2-d235-4a3c-8a26-17f440654371 None None] Extended resource: network-ip-availabilities {{(pid=89543) __init__ /opt/stack/neutron/neutron/api/extensions.py:156}}
Feb 04 01:52:05 jammy-provider-cloud-0000007977 neutron-server[89543]: DEBUG neutron.api.extensions [None req-67b071f2-d235-4a3c-8a26-17f440654371 None None] Extended resource: bindings {{(pid=89543) __init__ /opt/stack/neutron/neutron/api/extensions.py:156}}
Feb 04 01:52:05 jammy-provider-cloud-0000007977 neutron-server[89543]: DEBUG neutron.api.extensions [None req-67b071f2-d235-4a3c-8a26-17f440654371 None None] Extended resource: quotas {{(pid=89543) __init__ /opt/stack/neutron/neutron/api/extensions.py:156}}
Feb 04 01:52:05 jammy-provider-cloud-0000007977 neutron-server[89543]: DEBUG neutron.api.extensions [None req-67b071f2-d235-4a3c-8a26-17f440654371 None None] Extended resource: quotas {{(pid=89543) __init__ /opt/stack/neutron/neutron/api/extensions.py:156}}
Feb 04 01:52:05 jammy-provider-cloud-0000007977 neutron-server[89543]: DEBUG neutron.api.extensions [None req-67b071f2-d235-4a3c-8a26-17f440654371 None None] Extended resource: rbac-policies {{(pid=89543) __init__ /opt/stack/neutron/neutron/api/extensions.py:156}}
Feb 04 01:52:05 jammy-provider-cloud-0000007977 neutron-server[89543]: DEBUG neutron.api.extensions [None req-67b071f2-d235-4a3c-8a26-17f440654371 None None] Extended resource: default-security-group-rules {{(pid=89543) __init__ /opt/stack/neutron/neutron/api/extensions.py:156}}
Feb 04 01:52:05 jammy-provider-cloud-0000007977 neutron-server[89543]: DEBUG neutron.api.extensions [None req-67b071f2-d235-4a3c-8a26-17f440654371 None None] Extended resource: security-groups {{(pid=89543) __init__ /opt/stack/neutron/neutron/api/extensions.py:156}}
Feb 04 01:52:05 jammy-provider-cloud-0000007977 neutron-server[89543]: DEBUG neutron.api.extensions [None req-67b071f2-d235-4a3c-8a26-17f440654371 None None] Extended resource: security-group-rules {{(pid=89543) __init__ /opt/stack/neutron/neutron/api/extensions.py:156}}
Feb 04 01:52:05 jammy-provider-cloud-0000007977 neutron-server[89543]: DEBUG neutron.api.extensions [None req-67b071f2-d235-4a3c-8a26-17f440654371 None None] Extended resource: service-providers {{(pid=89543) __init__ /opt/stack/neutron/neutron/api/extensions.py:156}}
Feb 04 01:52:05 jammy-provider-cloud-0000007977 neutron-server[89543]: DEBUG neutron.api.extensions [None req-67b071f2-d235-4a3c-8a26-17f440654371 None None] Extended resource: subnetpools {{(pid=89543) __init__ /opt/stack/neutron/neutron/api/extensions.py:156}}
Feb 04 01:52:05 jammy-provider-cloud-0000007977 neutron-server[89543]: DEBUG neutron.api.extensions [None req-67b071f2-d235-4a3c-8a26-17f440654371 None None] Extended resource: tags {{(pid=89543) __init__ /opt/stack/neutron/neutron/api/extensions.py:156}}
Feb 04 01:52:05 jammy-provider-cloud-0000007977 neutron-server[89543]: DEBUG neutron.api.extensions [None req-67b071f2-d235-4a3c-8a26-17f440654371 None None] Extended resource: tags {{(pid=89543) __init__ /opt/stack/neutron/neutron/api/extensions.py:156}}
Feb 04 01:52:05 jammy-provider-cloud-0000007977 neutron-server[89543]: DEBUG neutron.api.extensions [None req-67b071f2-d235-4a3c-8a26-17f440654371 None None] Extended resource: tags {{(pid=89543) __init__ /opt/stack/neutron/neutron/api/extensions.py:156}}
Feb 04 01:52:05 jammy-provider-cloud-0000007977 neutron-server[89543]: DEBUG neutron.api.extensions [None req-67b071f2-d235-4a3c-8a26-17f440654371 None None] Extended resource: tags {{(pid=89543) __init__ /opt/stack/neutron/neutron/api/extensions.py:156}}
Feb 04 01:52:05 jammy-provider-cloud-0000007977 neutron-server[89543]: DEBUG neutron.api.extensions [None req-67b071f2-d235-4a3c-8a26-17f440654371 None None] Extended resource: tags {{(pid=89543) __init__ /opt/stack/neutron/neutron/api/extensions.py:156}}
Feb 04 01:52:05 jammy-provider-cloud-0000007977 neutron-server[89543]: DEBUG neutron.api.extensions [None req-67b071f2-d235-4a3c-8a26-17f440654371 None None] Extended resource: tags {{(pid=89543) __init__ /opt/stack/neutron/neutron/api/extensions.py:156}}
Feb 04 01:52:05 jammy-provider-cloud-0000007977 neutron-server[89543]: DEBUG neutron.api.extensions [None req-67b071f2-d235-4a3c-8a26-17f440654371 None None] Extended resource: tags {{(pid=89543) __init__ /opt/stack/neutron/neutron/api/extensions.py:156}}
Feb 04 01:52:05 jammy-provider-cloud-0000007977 neutron-server[89543]: DEBUG neutron.api.extensions [None req-67b071f2-d235-4a3c-8a26-17f440654371 None None] Extended resource: tags {{(pid=89543) __init__ /opt/stack/neutron/neutron/api/extensions.py:156}}
Feb 04 01:52:05 jammy-provider-cloud-0000007977 neutron-server[89543]: DEBUG neutron.api.extensions [None req-67b071f2-d235-4a3c-8a26-17f440654371 None None] Extended resource: tags {{(pid=89543) __init__ /opt/stack/neutron/neutron/api/extensions.py:156}}
Feb 04 01:52:05 jammy-provider-cloud-0000007977 neutron-server[89543]: DEBUG neutron.api.extensions [None req-67b071f2-d235-4a3c-8a26-17f440654371 None None] Extended resource: tags {{(pid=89543) __init__ /opt/stack/neutron/neutron/api/extensions.py:156}}
Feb 04 01:52:05 jammy-provider-cloud-0000007977 neutron-server[89543]: WARNING keystonemiddleware.auth_token [None req-67b071f2-d235-4a3c-8a26-17f440654371 None None] AuthToken middleware is set with keystone_authtoken.service_token_roles_required set to False. This is backwards compatible but deprecated behaviour. Please set this to True.
Feb 04 01:52:05 jammy-provider-cloud-0000007977 neutron-server[89543]: WARNING keystonemiddleware.auth_token [None req-67b071f2-d235-4a3c-8a26-17f440654371 None None] Configuring www_authenticate_uri to point to the public identity endpoint is required; clients may not be able to authenticate against an admin endpoint
Feb 04 01:52:05 jammy-provider-cloud-0000007977 neutron-server[89543]: DEBUG oslo_concurrency.lockutils [None req-67b071f2-d235-4a3c-8a26-17f440654371 None None] Acquiring lock "singleton_lock" {{(pid=89543) lock /opt/stack/data/venv/lib/python3.10/site-packages/oslo_concurrency/lockutils.py:310}}
Feb 04 01:52:05 jammy-provider-cloud-0000007977 neutron-server[89543]: DEBUG oslo_concurrency.lockutils [None req-67b071f2-d235-4a3c-8a26-17f440654371 None None] Acquired lock "singleton_lock" {{(pid=89543) lock /opt/stack/data/venv/lib/python3.10/site-packages/oslo_concurrency/lockutils.py:313}}
Feb 04 01:52:05 jammy-provider-cloud-0000007977 neutron-server[89543]: DEBUG oslo_concurrency.lockutils [None req-67b071f2-d235-4a3c-8a26-17f440654371 None None] Releasing lock "singleton_lock" {{(pid=89543) lock /opt/stack/data/venv/lib/python3.10/site-packages/oslo_concurrency/lockutils.py:331}}
Feb 04 01:52:05 jammy-provider-cloud-0000007977 neutron-server[89543]: INFO oslo_service.service [None req-67b071f2-d235-4a3c-8a26-17f440654371 None None] Starting 2 workers
Feb 04 01:52:05 jammy-provider-cloud-0000007977 neutron-server[89543]: DEBUG oslo_service.service [None req-67b071f2-d235-4a3c-8a26-17f440654371 None None] Started child 89754 {{(pid=89543) _start_child /opt/stack/data/venv/lib/python3.10/site-packages/oslo_service/service.py:579}}
Feb 04 01:52:05 jammy-provider-cloud-0000007977 neutron-server[89543]: DEBUG oslo_service.service [None req-67b071f2-d235-4a3c-8a26-17f440654371 None None] Started child 89755 {{(pid=89543) _start_child /opt/stack/data/venv/lib/python3.10/site-packages/oslo_service/service.py:579}}
Feb 04 01:52:05 jammy-provider-cloud-0000007977 neutron-server[89543]: INFO neutron.service [None req-67b071f2-d235-4a3c-8a26-17f440654371 None None] Neutron service started, listening on 0.0.0.0:9696
Feb 04 01:52:05 jammy-provider-cloud-0000007977 neutron-server[89543]: DEBUG neutron_lib.callbacks.manager [None req-67b071f2-d235-4a3c-8a26-17f440654371 None None] Publish callbacks ['neutron.plugins.ml2.drivers.ovn.mech_driver.mech_driver.OVNMechanismDriver.pre_fork_initialize-901846'] for process (None), before_spawn {{(pid=89543) _notify_loop /opt/stack/data/venv/lib/python3.10/site-packages/neutron_lib/callbacks/manager.py:184}}
Feb 04 01:52:05 jammy-provider-cloud-0000007977 neutron-server[89543]: DEBUG oslo_concurrency.processutils [None req-67b071f2-d235-4a3c-8a26-17f440654371 None None] Running cmd (subprocess): ovsdb-client transact tcp:10.201.5.87:6641 --timeout 180 ["OVN_Northbound", {"op": "wait", "timeout": 0, "table": "Port_Group", "where": [["name", "==", "neutron_pg_drop"]], "until": "==", "rows": []}, {"op": "insert", "table": "ACL", "row": {"action": "drop", "direction": "to-lport", "match": "outport == @neutron_pg_drop && ip", "priority": 1001}, "uuid-name": "droptoport"}, {"op": "insert", "table": "ACL", "row": {"action": "drop", "direction": "from-lport", "match": "inport == @neutron_pg_drop && ip", "priority": 1001}, "uuid-name": "dropfromport"}, {"op": "insert", "table": "Port_Group", "row": {"name": "neutron_pg_drop", "acls": ["set", [["named-uuid", "droptoport"], ["named-uuid", "dropfromport"]]]}}] {{(pid=89543) execute /opt/stack/data/venv/lib/python3.10/site-packages/oslo_concurrency/processutils.py:349}}
Feb 04 01:52:05 jammy-provider-cloud-0000007977 neutron-server[89754]: DEBUG neutron_lib.callbacks.manager [-] Publish callbacks ['neutron.plugins.ml2.drivers.ovn.mech_driver.mech_driver.OVNMechanismDriver.post_fork_initialize-901426'] for process (None), after_init {{(pid=89754) _notify_loop /opt/stack/data/venv/lib/python3.10/site-packages/neutron_lib/callbacks/manager.py:184}}
Feb 04 01:52:05 jammy-provider-cloud-0000007977 neutron-server[89754]: DEBUG oslo_concurrency.lockutils [-] Acquiring lock "singleton_lock" {{(pid=89754) lock /opt/stack/data/venv/lib/python3.10/site-packages/oslo_concurrency/lockutils.py:310}}
Feb 04 01:52:05 jammy-provider-cloud-0000007977 neutron-server[89754]: DEBUG oslo_concurrency.lockutils [-] Acquired lock "singleton_lock" {{(pid=89754) lock /opt/stack/data/venv/lib/python3.10/site-packages/oslo_concurrency/lockutils.py:313}}
Feb 04 01:52:05 jammy-provider-cloud-0000007977 neutron-server[89754]: DEBUG oslo_concurrency.lockutils [-] Releasing lock "singleton_lock" {{(pid=89754) lock /opt/stack/data/venv/lib/python3.10/site-packages/oslo_concurrency/lockutils.py:331}}
Feb 04 01:52:05 jammy-provider-cloud-0000007977 neutron-server[89755]: DEBUG neutron_lib.callbacks.manager [-] Publish callbacks ['neutron.plugins.ml2.drivers.ovn.mech_driver.mech_driver.OVNMechanismDriver.post_fork_initialize-901426'] for process (None), after_init {{(pid=89755) _notify_loop /opt/stack/data/venv/lib/python3.10/site-packages/neutron_lib/callbacks/manager.py:184}}
Feb 04 01:52:05 jammy-provider-cloud-0000007977 neutron-server[89755]: DEBUG oslo_concurrency.lockutils [-] Acquiring lock "singleton_lock" {{(pid=89755) lock /opt/stack/data/venv/lib/python3.10/site-packages/oslo_concurrency/lockutils.py:310}}
Feb 04 01:52:05 jammy-provider-cloud-0000007977 neutron-server[89755]: DEBUG oslo_concurrency.lockutils [-] Acquired lock "singleton_lock" {{(pid=89755) lock /opt/stack/data/venv/lib/python3.10/site-packages/oslo_concurrency/lockutils.py:313}}
Feb 04 01:52:05 jammy-provider-cloud-0000007977 neutron-server[89755]: DEBUG oslo_concurrency.lockutils [-] Releasing lock "singleton_lock" {{(pid=89755) lock /opt/stack/data/venv/lib/python3.10/site-packages/oslo_concurrency/lockutils.py:331}}
Feb 04 01:52:05 jammy-provider-cloud-0000007977 neutron-server[89754]: WARNING neutron.plugins.ml2.drivers.ovn.mech_driver.mech_driver [None req-b6e15d4f-24c0-446a-8145-5fbb99221764 None None] uWSGI must provide a start time using the configuration parameter "start-time %t" in the configuration file
Feb 04 01:52:05 jammy-provider-cloud-0000007977 neutron-server[89754]: DEBUG neutron.plugins.ml2.drivers.ovn.mech_driver.mech_driver [None req-b6e15d4f-24c0-446a-8145-5fbb99221764 None None] Hash Ring setup using WSGI start time 2025-02-04 01:52:05+00:00 {{(pid=89754) _init_hash_ring /opt/stack/neutron/neutron/plugins/ml2/drivers/ovn/mech_driver/mech_driver.py:362}}
Feb 04 01:52:05 jammy-provider-cloud-0000007977 neutron-server[89755]: WARNING neutron.plugins.ml2.drivers.ovn.mech_driver.mech_driver [None req-7503a9bf-5f44-43c4-bb7d-d25e2836ff55 None None] uWSGI must provide a start time using the configuration parameter "start-time %t" in the configuration file
Feb 04 01:52:05 jammy-provider-cloud-0000007977 neutron-server[89755]: DEBUG neutron.plugins.ml2.drivers.ovn.mech_driver.mech_driver [None req-7503a9bf-5f44-43c4-bb7d-d25e2836ff55 None None] Hash Ring setup using WSGI start time 2025-02-04 01:52:05+00:00 {{(pid=89755) _init_hash_ring /opt/stack/neutron/neutron/plugins/ml2/drivers/ovn/mech_driver/mech_driver.py:362}}
Feb 04 01:52:05 jammy-provider-cloud-0000007977 neutron-server[89754]: DEBUG dbcounter [-] [89754] Writer thread running {{(pid=89754) stat_writer /opt/stack/data/venv/lib/python3.10/site-packages/dbcounter.py:102}}
Feb 04 01:52:05 jammy-provider-cloud-0000007977 neutron-server[89754]: INFO neutron.db.ovn_hash_ring_db [None req-b6e15d4f-24c0-446a-8145-5fbb99221764 None None] Nodes from host "jammy-provider-cloud-0000007977" and group "mechanism_driver" removed from the Hash Ring created at 2025-02-04 01:52:05+00:00
Feb 04 01:52:05 jammy-provider-cloud-0000007977 neutron-server[89543]: DEBUG oslo_concurrency.processutils [None req-67b071f2-d235-4a3c-8a26-17f440654371 None None] CMD "ovsdb-client transact tcp:10.201.5.87:6641 --timeout 180 ["OVN_Northbound", {"op": "wait", "timeout": 0, "table": "Port_Group", "where": [["name", "==", "neutron_pg_drop"]], "until": "==", "rows": []}, {"op": "insert", "table": "ACL", "row": {"action": "drop", "direction": "to-lport", "match": "outport == @neutron_pg_drop && ip", "priority": 1001}, "uuid-name": "droptoport"}, {"op": "insert", "table": "ACL", "row": {"action": "drop", "direction": "from-lport", "match": "inport == @neutron_pg_drop && ip", "priority": 1001}, "uuid-name": "dropfromport"}, {"op": "insert", "table": "Port_Group", "row": {"name": "neutron_pg_drop", "acls": ["set", [["named-uuid", "droptoport"], ["named-uuid", "dropfromport"]]]}}]" returned: 0 in 0.025s {{(pid=89543) execute /opt/stack/data/venv/lib/python3.10/site-packages/oslo_concurrency/processutils.py:372}}
Feb 04 01:52:05 jammy-provider-cloud-0000007977 neutron-server[89543]: INFO oslo_service.service [None req-67b071f2-d235-4a3c-8a26-17f440654371 None None] Starting 1 workers
Feb 04 01:52:05 jammy-provider-cloud-0000007977 neutron-server[89754]: INFO neutron.db.ovn_hash_ring_db [None req-b6e15d4f-24c0-446a-8145-5fbb99221764 None None] Node 7d996301-ea13-4a80-91bd-2f6c2061cfdd from host "jammy-provider-cloud-0000007977" and group "mechanism_driver" added to the Hash Ring
Feb 04 01:52:05 jammy-provider-cloud-0000007977 neutron-server[89755]: DEBUG dbcounter [-] [89755] Writer thread running {{(pid=89755) stat_writer /opt/stack/data/venv/lib/python3.10/site-packages/dbcounter.py:102}}
Feb 04 01:52:05 jammy-provider-cloud-0000007977 neutron-server[89543]: DEBUG oslo_service.service [None req-67b071f2-d235-4a3c-8a26-17f440654371 None None] Started child 89758 {{(pid=89543) _start_child /opt/stack/data/venv/lib/python3.10/site-packages/oslo_service/service.py:579}}
Feb 04 01:52:05 jammy-provider-cloud-0000007977 neutron-server[89754]: DEBUG neutron.plugins.ml2.drivers.ovn.mech_driver.mech_driver [None req-b6e15d4f-24c0-446a-8145-5fbb99221764 None None] Hash Ring setup, this worker has detected 1 OVN hash ring registers in the database {{(pid=89754) _init_hash_ring /opt/stack/neutron/neutron/plugins/ml2/drivers/ovn/mech_driver/mech_driver.py:371}}
Feb 04 01:52:05 jammy-provider-cloud-0000007977 neutron-server[89543]: INFO oslo_service.service [None req-67b071f2-d235-4a3c-8a26-17f440654371 None None] Starting 1 workers
Feb 04 01:52:05 jammy-provider-cloud-0000007977 neutron-server[89755]: INFO neutron.db.ovn_hash_ring_db [None req-7503a9bf-5f44-43c4-bb7d-d25e2836ff55 None None] Nodes from host "jammy-provider-cloud-0000007977" and group "mechanism_driver" removed from the Hash Ring created at 2025-02-04 01:52:05+00:00
Feb 04 01:52:05 jammy-provider-cloud-0000007977 neutron-server[89543]: DEBUG oslo_service.service [None req-67b071f2-d235-4a3c-8a26-17f440654371 None None] Started child 89759 {{(pid=89543) _start_child /opt/stack/data/venv/lib/python3.10/site-packages/oslo_service/service.py:579}}
Feb 04 01:52:05 jammy-provider-cloud-0000007977 neutron-server[89754]: DEBUG neutron.plugins.ml2.drivers.ovn.mech_driver.ovsdb.maintenance [None req-b6e15d4f-24c0-446a-8145-5fbb99221764 None None] Periodic task found: HashRingHealthCheckPeriodics.touch_hash_ring_node {{(pid=89754) add_periodics /opt/stack/neutron/neutron/plugins/ml2/drivers/ovn/mech_driver/ovsdb/maintenance.py:93}}
Feb 04 01:52:05 jammy-provider-cloud-0000007977 neutron-server[89543]: INFO oslo_service.service [None req-67b071f2-d235-4a3c-8a26-17f440654371 None None] Starting 1 workers
Feb 04 01:52:05 jammy-provider-cloud-0000007977 neutron-server[89754]: INFO neutron.plugins.ml2.drivers.ovn.mech_driver.mech_driver [None req-b6e15d4f-24c0-446a-8145-5fbb99221764 None None] Hash Ring probing thread for node 7d996301-ea13-4a80-91bd-2f6c2061cfdd has started
Feb 04 01:52:05 jammy-provider-cloud-0000007977 neutron-server[89754]: INFO neutron.plugins.ml2.drivers.ovn.mech_driver.ovsdb.impl_idl_ovn [None req-b6e15d4f-24c0-446a-8145-5fbb99221764 None None] Getting OvsdbNbOvnIdl for WorkerService with retry
Feb 04 01:52:05 jammy-provider-cloud-0000007977 neutron-server[89758]: DEBUG neutron.service [None req-67b071f2-d235-4a3c-8a26-17f440654371 None None] calling RpcWorker wait() {{(pid=89758) _wait /opt/stack/neutron/neutron/service.py:132}}
Feb 04 01:52:05 jammy-provider-cloud-0000007977 neutron-server[89543]: DEBUG oslo_service.service [None req-67b071f2-d235-4a3c-8a26-17f440654371 None None] Started child 89760 {{(pid=89543) _start_child /opt/stack/data/venv/lib/python3.10/site-packages/oslo_service/service.py:579}}
Feb 04 01:52:05 jammy-provider-cloud-0000007977 neutron-server[89755]: INFO neutron.db.ovn_hash_ring_db [None req-7503a9bf-5f44-43c4-bb7d-d25e2836ff55 None None] Node 5d3ca714-bde3-4bcd-a510-fdad8ff20a8e from host "jammy-provider-cloud-0000007977" and group "mechanism_driver" added to the Hash Ring
Feb 04 01:52:05 jammy-provider-cloud-0000007977 neutron-server[89543]: DEBUG neutron_lib.callbacks.manager [None req-67b071f2-d235-4a3c-8a26-17f440654371 None None] Publish callbacks [] for process (None), after_spawn {{(pid=89543) _notify_loop /opt/stack/data/venv/lib/python3.10/site-packages/neutron_lib/callbacks/manager.py:184}}
Feb 04 01:52:05 jammy-provider-cloud-0000007977 neutron-server[89543]: DEBUG oslo_service.service [-] Full set of CONF: {{(pid=89543) wait /opt/stack/data/venv/lib/python3.10/site-packages/oslo_service/service.py:653}}
Feb 04 01:52:05 jammy-provider-cloud-0000007977 neutron-server[89543]: DEBUG oslo_service.service [-] ******************************************************************************** {{(pid=89543) log_opt_values /opt/stack/data/venv/lib/python3.10/site-packages/oslo_config/cfg.py:2804}}
Feb 04 01:52:05 jammy-provider-cloud-0000007977 neutron-server[89543]: DEBUG oslo_service.service [-] Configuration options gathered from: {{(pid=89543) log_opt_values /opt/stack/data/venv/lib/python3.10/site-packages/oslo_config/cfg.py:2805}}
Feb 04 01:52:05 jammy-provider-cloud-0000007977 neutron-server[89543]: DEBUG oslo_service.service [-] command line args: ['--config-file', '/etc/neutron/neutron.conf', '--config-file', '/etc/neutron/plugins/ml2/ml2_conf.ini'] {{(pid=89543) log_opt_values /opt/stack/data/venv/lib/python3.10/site-packages/oslo_config/cfg.py:2806}}
Feb 04 01:52:05 jammy-provider-cloud-0000007977 neutron-server[89543]: DEBUG oslo_service.service [-] config files: ['/etc/neutron/neutron.conf', '/etc/neutron/plugins/ml2/ml2_conf.ini'] {{(pid=89543) log_opt_values /opt/stack/data/venv/lib/python3.10/site-packages/oslo_config/cfg.py:2807}}
Feb 04 01:52:05 jammy-provider-cloud-0000007977 neutron-server[89543]: DEBUG oslo_service.service [-] ================================================================================ {{(pid=89543) log_opt_values /opt/stack/data/venv/lib/python3.10/site-packages/oslo_config/cfg.py:2809}}
Feb 04 01:52:05 jammy-provider-cloud-0000007977 neutron-server[89543]: DEBUG oslo_service.service [-] agent_down_time                = 75 {{(pid=89543) log_opt_values /opt/stack/data/venv/lib/python3.10/site-packages/oslo_config/cfg.py:2817}}
Feb 04 01:52:05 jammy-provider-cloud-0000007977 neutron-server[89543]: DEBUG oslo_service.service [-] allow_automatic_dhcp_failover  = True {{(pid=89543) log_opt_values /opt/stack/data/venv/lib/python3.10/site-packages/oslo_config/cfg.py:2817}}
Feb 04 01:52:05 jammy-provider-cloud-0000007977 neutron-server[89543]: DEBUG oslo_service.service [-] allow_bulk                     = True {{(pid=89543) log_opt_values /opt/stack/data/venv/lib/python3.10/site-packages/oslo_config/cfg.py:2817}}
Feb 04 01:52:05 jammy-provider-cloud-0000007977 neutron-server[89755]: DEBUG neutron.plugins.ml2.drivers.ovn.mech_driver.mech_driver [None req-7503a9bf-5f44-43c4-bb7d-d25e2836ff55 None None] Hash Ring setup, this worker has detected 2 OVN hash ring registers in the database {{(pid=89755) _init_hash_ring /opt/stack/neutron/neutron/plugins/ml2/drivers/ovn/mech_driver/mech_driver.py:371}}
Feb 04 01:52:05 jammy-provider-cloud-0000007977 neutron-server[89543]: DEBUG oslo_service.service [-] allowed_conntrack_helpers      = [{'amanda': 'tcp'}, {'ftp': 'tcp'}, {'h323': 'udp'}, {'h323': 'tcp'}, {'irc': 'tcp'}, {'netbios-ns': 'udp'}, {'pptp': 'tcp'}, {'sane': 'tcp'}, {'sip': 'udp'}, {'sip': 'tcp'}, {'snmp': 'udp'}, {'tftp': 'udp'}] {{(pid=89543) log_opt_values /opt/stack/data/venv/lib/python3.10/site-packages/oslo_config/cfg.py:2817}}
Feb 04 01:52:05 jammy-provider-cloud-0000007977 neutron-server[89543]: DEBUG oslo_service.service [-] api_extensions_path            =  {{(pid=89543) log_opt_values /opt/stack/data/venv/lib/python3.10/site-packages/oslo_config/cfg.py:2817}}
Feb 04 01:52:05 jammy-provider-cloud-0000007977 neutron-server[89543]: DEBUG oslo_service.service [-] api_paste_config               = api-paste.ini {{(pid=89543) log_opt_values /opt/stack/data/venv/lib/python3.10/site-packages/oslo_config/cfg.py:2817}}
Feb 04 01:52:05 jammy-provider-cloud-0000007977 neutron-server[89543]: DEBUG oslo_service.service [-] api_workers                    = 2 {{(pid=89543) log_opt_values /opt/stack/data/venv/lib/python3.10/site-packages/oslo_config/cfg.py:2817}}
Feb 04 01:52:05 jammy-provider-cloud-0000007977 neutron-server[89543]: DEBUG oslo_service.service [-] auth_strategy                  = keystone {{(pid=89543) log_opt_values /opt/stack/data/venv/lib/python3.10/site-packages/oslo_config/cfg.py:2817}}
Feb 04 01:52:05 jammy-provider-cloud-0000007977 neutron-server[89543]: DEBUG oslo_service.service [-] backdoor_port                  = None {{(pid=89543) log_opt_values /opt/stack/data/venv/lib/python3.10/site-packages/oslo_config/cfg.py:2817}}
Feb 04 01:52:05 jammy-provider-cloud-0000007977 neutron-server[89543]: DEBUG oslo_service.service [-] backdoor_socket                = None {{(pid=89543) log_opt_values /opt/stack/data/venv/lib/python3.10/site-packages/oslo_config/cfg.py:2817}}
Feb 04 01:52:05 jammy-provider-cloud-0000007977 neutron-server[89543]: DEBUG oslo_service.service [-] backlog                        = 4096 {{(pid=89543) log_opt_values /opt/stack/data/venv/lib/python3.10/site-packages/oslo_config/cfg.py:2817}}
Feb 04 01:52:05 jammy-provider-cloud-0000007977 neutron-server[89543]: DEBUG oslo_service.service [-] base_mac                       = fa:16:3e:00:00:00 {{(pid=89543) log_opt_values /opt/stack/data/venv/lib/python3.10/site-packages/oslo_config/cfg.py:2817}}
Feb 04 01:52:05 jammy-provider-cloud-0000007977 neutron-server[89543]: DEBUG oslo_service.service [-] bind_host                      = 0.0.0.0 {{(pid=89543) log_opt_values /opt/stack/data/venv/lib/python3.10/site-packages/oslo_config/cfg.py:2817}}
Feb 04 01:52:05 jammy-provider-cloud-0000007977 neutron-server[89543]: DEBUG oslo_service.service [-] bind_port                      = 9696 {{(pid=89543) log_opt_values /opt/stack/data/venv/lib/python3.10/site-packages/oslo_config/cfg.py:2817}}
Feb 04 01:52:05 jammy-provider-cloud-0000007977 neutron-server[89543]: DEBUG oslo_service.service [-] client_socket_timeout          = 900 {{(pid=89543) log_opt_values /opt/stack/data/venv/lib/python3.10/site-packages/oslo_config/cfg.py:2817}}
Feb 04 01:52:05 jammy-provider-cloud-0000007977 neutron-server[89543]: DEBUG oslo_service.service [-] config_dir                     = [] {{(pid=89543) log_opt_values /opt/stack/data/venv/lib/python3.10/site-packages/oslo_config/cfg.py:2817}}
Feb 04 01:52:05 jammy-provider-cloud-0000007977 neutron-server[89543]: DEBUG oslo_service.service [-] config_file                    = ['/etc/neutron/neutron.conf', '/etc/neutron/plugins/ml2/ml2_conf.ini'] {{(pid=89543) log_opt_values /opt/stack/data/venv/lib/python3.10/site-packages/oslo_config/cfg.py:2817}}
Feb 04 01:52:05 jammy-provider-cloud-0000007977 neutron-server[89758]: DEBUG neutron.service [None req-67b071f2-d235-4a3c-8a26-17f440654371 None None] returning from RpcWorker wait() {{(pid=89758) _wait /opt/stack/neutron/neutron/service.py:139}}
Feb 04 01:52:05 jammy-provider-cloud-0000007977 neutron-server[89543]: DEBUG oslo_service.service [-] config_source                  = [] {{(pid=89543) log_opt_values /opt/stack/data/venv/lib/python3.10/site-packages/oslo_config/cfg.py:2817}}
Feb 04 01:52:05 jammy-provider-cloud-0000007977 neutron-server[89543]: DEBUG oslo_service.service [-] control_exchange               = neutron {{(pid=89543) log_opt_values /opt/stack/data/venv/lib/python3.10/site-packages/oslo_config/cfg.py:2817}}
Feb 04 01:52:05 jammy-provider-cloud-0000007977 neutron-server[89543]: DEBUG oslo_service.service [-] core_plugin                    = ml2 {{(pid=89543) log_opt_values /opt/stack/data/venv/lib/python3.10/site-packages/oslo_config/cfg.py:2817}}
Feb 04 01:52:05 jammy-provider-cloud-0000007977 neutron-server[89543]: DEBUG oslo_service.service [-] debug                          = True {{(pid=89543) log_opt_values /opt/stack/data/venv/lib/python3.10/site-packages/oslo_config/cfg.py:2817}}
Feb 04 01:52:05 jammy-provider-cloud-0000007977 neutron-server[89543]: DEBUG oslo_service.service [-] default_availability_zones     = [] {{(pid=89543) log_opt_values /opt/stack/data/venv/lib/python3.10/site-packages/oslo_config/cfg.py:2817}}
Feb 04 01:52:05 jammy-provider-cloud-0000007977 neutron-server[89543]: DEBUG oslo_service.service [-] default_log_levels             = ['amqp=WARN', 'amqplib=WARN', 'boto=WARN', 'qpid=WARN', 'sqlalchemy=WARN', 'suds=INFO', 'oslo.messaging=INFO', 'oslo_messaging=INFO', 'iso8601=WARN', 'requests.packages.urllib3.connectionpool=WARN', 'urllib3.connectionpool=WARN', 'websocket=WARN', 'requests.packages.urllib3.util.retry=WARN', 'urllib3.util.retry=WARN', 'keystonemiddleware=WARN', 'routes.middleware=WARN', 'stevedore=WARN', 'taskflow=WARN', 'keystoneauth=WARN', 'oslo.cache=INFO', 'oslo_policy=INFO', 'dogpile.core.dogpile=INFO', 'OFPHandler=INFO', 'OfctlService=INFO', 'os_ken.base.app_manager=INFO', 'os_ken.controller.controller=INFO'] {{(pid=89543) log_opt_values /opt/stack/data/venv/lib/python3.10/site-packages/oslo_config/cfg.py:2817}}
Feb 04 01:52:05 jammy-provider-cloud-0000007977 neutron-server[89543]: DEBUG oslo_service.service [-] dhcp_agent_notification        = False {{(pid=89543) log_opt_values /opt/stack/data/venv/lib/python3.10/site-packages/oslo_config/cfg.py:2817}}
Feb 04 01:52:05 jammy-provider-cloud-0000007977 neutron-server[89543]: DEBUG oslo_service.service [-] dhcp_agents_per_network        = 1 {{(pid=89543) log_opt_values /opt/stack/data/venv/lib/python3.10/site-packages/oslo_config/cfg.py:2817}}
Feb 04 01:52:05 jammy-provider-cloud-0000007977 neutron-server[89543]: DEBUG oslo_service.service [-] dhcp_lease_duration            = 86400 {{(pid=89543) log_opt_values /opt/stack/data/venv/lib/python3.10/site-packages/oslo_config/cfg.py:2817}}
Feb 04 01:52:05 jammy-provider-cloud-0000007977 neutron-server[89543]: DEBUG oslo_service.service [-] dhcp_load_type                 = networks {{(pid=89543) log_opt_values /opt/stack/data/venv/lib/python3.10/site-packages/oslo_config/cfg.py:2817}}
Feb 04 01:52:05 jammy-provider-cloud-0000007977 neutron-server[89755]: DEBUG neutron.plugins.ml2.drivers.ovn.mech_driver.ovsdb.maintenance [None req-7503a9bf-5f44-43c4-bb7d-d25e2836ff55 None None] Periodic task found: HashRingHealthCheckPeriodics.touch_hash_ring_node {{(pid=89755) add_periodics /opt/stack/neutron/neutron/plugins/ml2/drivers/ovn/mech_driver/ovsdb/maintenance.py:93}}
Feb 04 01:52:05 jammy-provider-cloud-0000007977 neutron-server[89543]: DEBUG oslo_service.service [-] dns_domain                     = openstacklocal {{(pid=89543) log_opt_values /opt/stack/data/venv/lib/python3.10/site-packages/oslo_config/cfg.py:2817}}
Feb 04 01:52:05 jammy-provider-cloud-0000007977 neutron-server[89543]: DEBUG oslo_service.service [-] dvr_base_mac                   = fa:16:3f:00:00:00 {{(pid=89543) log_opt_values /opt/stack/data/venv/lib/python3.10/site-packages/oslo_config/cfg.py:2817}}
Feb 04 01:52:05 jammy-provider-cloud-0000007977 neutron-server[89543]: DEBUG oslo_service.service [-] enable_default_route_bfd       = False {{(pid=89543) log_opt_values /opt/stack/data/venv/lib/python3.10/site-packages/oslo_config/cfg.py:2817}}
Feb 04 01:52:05 jammy-provider-cloud-0000007977 neutron-server[89543]: DEBUG oslo_service.service [-] enable_default_route_ecmp      = False {{(pid=89543) log_opt_values /opt/stack/data/venv/lib/python3.10/site-packages/oslo_config/cfg.py:2817}}
Feb 04 01:52:05 jammy-provider-cloud-0000007977 neutron-server[89543]: DEBUG oslo_service.service [-] enable_dvr                     = True {{(pid=89543) log_opt_values /opt/stack/data/venv/lib/python3.10/site-packages/oslo_config/cfg.py:2817}}
Feb 04 01:52:05 jammy-provider-cloud-0000007977 neutron-server[89543]: DEBUG oslo_service.service [-] enable_new_agents              = True {{(pid=89543) log_opt_values /opt/stack/data/venv/lib/python3.10/site-packages/oslo_config/cfg.py:2817}}
Feb 04 01:52:05 jammy-provider-cloud-0000007977 neutron-server[89755]: INFO neutron.plugins.ml2.drivers.ovn.mech_driver.mech_driver [None req-7503a9bf-5f44-43c4-bb7d-d25e2836ff55 None None] Hash Ring probing thread for node 5d3ca714-bde3-4bcd-a510-fdad8ff20a8e has started
Feb 04 01:52:05 jammy-provider-cloud-0000007977 neutron-server[89543]: DEBUG oslo_service.service [-] enable_services_on_agents_with_admin_state_down = False {{(pid=89543) log_opt_values /opt/stack/data/venv/lib/python3.10/site-packages/oslo_config/cfg.py:2817}}
Feb 04 01:52:05 jammy-provider-cloud-0000007977 neutron-server[89543]: DEBUG oslo_service.service [-] enable_signals                 = True {{(pid=89543) log_opt_values /opt/stack/data/venv/lib/python3.10/site-packages/oslo_config/cfg.py:2817}}
Feb 04 01:52:05 jammy-provider-cloud-0000007977 neutron-server[89543]: DEBUG oslo_service.service [-] enable_snat_by_default         = True {{(pid=89543) log_opt_values /opt/stack/data/venv/lib/python3.10/site-packages/oslo_config/cfg.py:2817}}
Feb 04 01:52:05 jammy-provider-cloud-0000007977 neutron-server[89543]: DEBUG oslo_service.service [-] enable_traditional_dhcp        = True {{(pid=89543) log_opt_values /opt/stack/data/venv/lib/python3.10/site-packages/oslo_config/cfg.py:2817}}
Feb 04 01:52:05 jammy-provider-cloud-0000007977 neutron-server[89543]: DEBUG oslo_service.service [-] external_dns_driver            = None {{(pid=89543) log_opt_values /opt/stack/data/venv/lib/python3.10/site-packages/oslo_config/cfg.py:2817}}
Feb 04 01:52:05 jammy-provider-cloud-0000007977 neutron-server[89543]: DEBUG oslo_service.service [-] fatal_deprecations             = False {{(pid=89543) log_opt_values /opt/stack/data/venv/lib/python3.10/site-packages/oslo_config/cfg.py:2817}}
Feb 04 01:52:05 jammy-provider-cloud-0000007977 neutron-server[89543]: DEBUG oslo_service.service [-] filter_validation              = True {{(pid=89543) log_opt_values /opt/stack/data/venv/lib/python3.10/site-packages/oslo_config/cfg.py:2817}}
Feb 04 01:52:05 jammy-provider-cloud-0000007977 neutron-server[89543]: DEBUG oslo_service.service [-] global_physnet_mtu             = 1500 {{(pid=89543) log_opt_values /opt/stack/data/venv/lib/python3.10/site-packages/oslo_config/cfg.py:2817}}
Feb 04 01:52:05 jammy-provider-cloud-0000007977 neutron-server[89543]: DEBUG oslo_service.service [-] graceful_shutdown_timeout      = 60 {{(pid=89543) log_opt_values /opt/stack/data/venv/lib/python3.10/site-packages/oslo_config/cfg.py:2817}}
Feb 04 01:52:05 jammy-provider-cloud-0000007977 neutron-server[89755]: INFO neutron.plugins.ml2.drivers.ovn.mech_driver.ovsdb.impl_idl_ovn [None req-7503a9bf-5f44-43c4-bb7d-d25e2836ff55 None None] Getting OvsdbNbOvnIdl for WorkerService with retry
Feb 04 01:52:05 jammy-provider-cloud-0000007977 neutron-server[89543]: DEBUG oslo_service.service [-] host                           = jammy-provider-cloud-0000007977 {{(pid=89543) log_opt_values /opt/stack/data/venv/lib/python3.10/site-packages/oslo_config/cfg.py:2817}}
Feb 04 01:52:05 jammy-provider-cloud-0000007977 neutron-server[89543]: DEBUG oslo_service.service [-] host_dvr_for_dhcp              = True {{(pid=89543) log_opt_values /opt/stack/data/venv/lib/python3.10/site-packages/oslo_config/cfg.py:2817}}
Feb 04 01:52:05 jammy-provider-cloud-0000007977 neutron-server[89543]: DEBUG oslo_service.service [-] http_retries                   = 3 {{(pid=89543) log_opt_values /opt/stack/data/venv/lib/python3.10/site-packages/oslo_config/cfg.py:2817}}
