Mar 11 00:21:29 ubuntu devstack@c-api.service[119641]: DEBUG cinder.api.extensions [-] Loading extension cinder.api.contrib.volume_tenant_attribute.Volume_tenant_attribute {{(pid=119641) load_extension /opt/stack/cinder/cinder/api/extensions.py:194}}
Mar 11 00:21:29 ubuntu devstack@c-api.service[119641]: DEBUG cinder.api.extensions [-] Calling extension factory cinder.api.contrib.volume_tenant_attribute.Volume_tenant_attribute {{(pid=119641) load_extension /opt/stack/cinder/cinder/api/extensions.py:200}}
Mar 11 00:21:29 ubuntu devstack@c-api.service[119641]: DEBUG cinder.api.extensions [-] Ext name: VolumeTenantAttribute {{(pid=119641) _check_extension /opt/stack/cinder/cinder/api/extensions.py:174}}
Mar 11 00:21:29 ubuntu devstack@c-api.service[119640]: DEBUG cinder.api.extensions [-] Calling extension factory cinder.api.contrib.types_extra_specs.Types_extra_specs {{(pid=119640) load_extension /opt/stack/cinder/cinder/api/extensions.py:200}}
Mar 11 00:21:29 ubuntu devstack@c-api.service[119641]: DEBUG cinder.api.extensions [-] Ext alias: os-vol-tenant-attr {{(pid=119641) _check_extension /opt/stack/cinder/cinder/api/extensions.py:175}}
Mar 11 00:21:29 ubuntu devstack@c-api.service[119640]: DEBUG cinder.api.extensions [-] Ext name: TypesExtraSpecs {{(pid=119640) _check_extension /opt/stack/cinder/cinder/api/extensions.py:174}}
Mar 11 00:21:29 ubuntu devstack@c-api.service[119641]: DEBUG cinder.api.extensions [-] Ext description: Expose the internal project_id as an attribute of a volume. {{(pid=119641) _check_extension /opt/stack/cinder/cinder/api/extensions.py:176}}
Mar 11 00:21:29 ubuntu devstack@c-api.service[119640]: DEBUG cinder.api.extensions [-] Ext alias: os-types-extra-specs {{(pid=119640) _check_extension /opt/stack/cinder/cinder/api/extensions.py:175}}
Mar 11 00:21:29 ubuntu devstack@c-api.service[119641]: DEBUG cinder.api.extensions [-] Ext updated: 2011-11-03T00:00:00+00:00 {{(pid=119641) _check_extension /opt/stack/cinder/cinder/api/extensions.py:178}}
Mar 11 00:21:29 ubuntu devstack@c-api.service[119640]: DEBUG cinder.api.extensions [-] Ext description: Type extra specs support. {{(pid=119640) _check_extension /opt/stack/cinder/cinder/api/extensions.py:176}}
Mar 11 00:21:29 ubuntu devstack@c-api.service[119641]: DEBUG cinder.api.extensions [-] Loaded extension: os-vol-tenant-attr {{(pid=119641) register /opt/stack/cinder/cinder/api/extensions.py:135}}
Mar 11 00:21:29 ubuntu devstack@c-api.service[119640]: DEBUG cinder.api.extensions [-] Ext updated: 2011-08-24T00:00:00+00:00 {{(pid=119640) _check_extension /opt/stack/cinder/cinder/api/extensions.py:178}}
Mar 11 00:21:29 ubuntu devstack@c-api.service[119641]: DEBUG cinder.api.extensions [-] Loading extension cinder.api.contrib.capabilities.Capabilities {{(pid=119641) load_extension /opt/stack/cinder/cinder/api/extensions.py:194}}
Mar 11 00:21:29 ubuntu devstack@c-api.service[119640]: DEBUG cinder.api.extensions [-] Loaded extension: os-types-extra-specs {{(pid=119640) register /opt/stack/cinder/cinder/api/extensions.py:135}}
Mar 11 00:21:29 ubuntu devstack@c-api.service[119640]: DEBUG cinder.api.extensions [-] Loading extension cinder.api.contrib.scheduler_stats.Scheduler_stats {{(pid=119640) load_extension /opt/stack/cinder/cinder/api/extensions.py:194}}
Mar 11 00:21:29 ubuntu devstack@c-api.service[119641]: DEBUG cinder.api.extensions [-] Calling extension factory cinder.api.contrib.capabilities.Capabilities {{(pid=119641) load_extension /opt/stack/cinder/cinder/api/extensions.py:200}}
Mar 11 00:21:29 ubuntu devstack@c-api.service[119641]: DEBUG cinder.api.extensions [-] Ext name: Capabilities {{(pid=119641) _check_extension /opt/stack/cinder/cinder/api/extensions.py:174}}
Mar 11 00:21:29 ubuntu devstack@c-api.service[119641]: DEBUG cinder.api.extensions [-] Ext alias: capabilities {{(pid=119641) _check_extension /opt/stack/cinder/cinder/api/extensions.py:175}}
Mar 11 00:21:29 ubuntu devstack@c-api.service[119640]: DEBUG cinder.api.extensions [-] Calling extension factory cinder.api.contrib.scheduler_stats.Scheduler_stats {{(pid=119640) load_extension /opt/stack/cinder/cinder/api/extensions.py:200}}
Mar 11 00:21:29 ubuntu devstack@c-api.service[119641]: DEBUG cinder.api.extensions [-] Ext description: Capabilities support. {{(pid=119641) _check_extension /opt/stack/cinder/cinder/api/extensions.py:176}}
Mar 11 00:21:29 ubuntu devstack@c-api.service[119641]: DEBUG cinder.api.extensions [-] Ext updated: 2015-08-31T00:00:00+00:00 {{(pid=119641) _check_extension /opt/stack/cinder/cinder/api/extensions.py:178}}
Mar 11 00:21:29 ubuntu devstack@c-api.service[119641]: DEBUG cinder.api.extensions [-] Loaded extension: capabilities {{(pid=119641) register /opt/stack/cinder/cinder/api/extensions.py:135}}
Mar 11 00:21:29 ubuntu devstack@c-api.service[119641]: DEBUG cinder.api.extensions [-] Loading extension cinder.api.contrib.snapshot_actions.Snapshot_actions {{(pid=119641) load_extension /opt/stack/cinder/cinder/api/extensions.py:194}}
Mar 11 00:21:29 ubuntu devstack@c-api.service[119641]: DEBUG cinder.api.extensions [-] Calling extension factory cinder.api.contrib.snapshot_actions.Snapshot_actions {{(pid=119641) load_extension /opt/stack/cinder/cinder/api/extensions.py:200}}
Mar 11 00:21:29 ubuntu devstack@c-api.service[119641]: DEBUG cinder.api.extensions [-] Ext name: SnapshotActions {{(pid=119641) _check_extension /opt/stack/cinder/cinder/api/extensions.py:174}}
Mar 11 00:21:29 ubuntu devstack@c-api.service[119640]: DEBUG cinder.api.extensions [-] Ext name: Scheduler_stats {{(pid=119640) _check_extension /opt/stack/cinder/cinder/api/extensions.py:174}}
Mar 11 00:21:29 ubuntu devstack@c-api.service[119641]: DEBUG cinder.api.extensions [-] Ext alias: os-snapshot-actions {{(pid=119641) _check_extension /opt/stack/cinder/cinder/api/extensions.py:175}}
Mar 11 00:21:29 ubuntu devstack@c-api.service[119641]: DEBUG cinder.api.extensions [-] Ext description: Enable snapshot manager actions. {{(pid=119641) _check_extension /opt/stack/cinder/cinder/api/extensions.py:176}}
Mar 11 00:21:29 ubuntu devstack@c-api.service[119640]: DEBUG cinder.api.extensions [-] Ext alias: scheduler-stats {{(pid=119640) _check_extension /opt/stack/cinder/cinder/api/extensions.py:175}}
Mar 11 00:21:29 ubuntu devstack@c-api.service[119641]: DEBUG cinder.api.extensions [-] Ext updated: 2013-07-16T00:00:00+00:00 {{(pid=119641) _check_extension /opt/stack/cinder/cinder/api/extensions.py:178}}
Mar 11 00:21:29 ubuntu devstack@c-api.service[119641]: DEBUG cinder.api.extensions [-] Loaded extension: os-snapshot-actions {{(pid=119641) register /opt/stack/cinder/cinder/api/extensions.py:135}}
Mar 11 00:21:29 ubuntu devstack@c-api.service[119641]: DEBUG cinder.api.extensions [-] Loading extension cinder.api.contrib.volume_host_attribute.Volume_host_attribute {{(pid=119641) load_extension /opt/stack/cinder/cinder/api/extensions.py:194}}
Mar 11 00:21:29 ubuntu devstack@c-api.service[119640]: DEBUG cinder.api.extensions [-] Ext description: Scheduler stats support. {{(pid=119640) _check_extension /opt/stack/cinder/cinder/api/extensions.py:176}}
Mar 11 00:21:29 ubuntu devstack@c-api.service[119640]: DEBUG cinder.api.extensions [-] Ext updated: 2014-09-07T00:00:00+00:00 {{(pid=119640) _check_extension /opt/stack/cinder/cinder/api/extensions.py:178}}
Mar 11 00:21:29 ubuntu devstack@c-api.service[119641]: DEBUG cinder.api.extensions [-] Calling extension factory cinder.api.contrib.volume_host_attribute.Volume_host_attribute {{(pid=119641) load_extension /opt/stack/cinder/cinder/api/extensions.py:200}}
Mar 11 00:21:29 ubuntu devstack@c-api.service[119640]: DEBUG cinder.api.extensions [-] Loaded extension: scheduler-stats {{(pid=119640) register /opt/stack/cinder/cinder/api/extensions.py:135}}
Mar 11 00:21:29 ubuntu devstack@c-api.service[119641]: DEBUG cinder.api.extensions [-] Ext name: VolumeHostAttribute {{(pid=119641) _check_extension /opt/stack/cinder/cinder/api/extensions.py:174}}
Mar 11 00:21:29 ubuntu devstack@c-api.service[119641]: DEBUG cinder.api.extensions [-] Ext alias: os-vol-host-attr {{(pid=119641) _check_extension /opt/stack/cinder/cinder/api/extensions.py:175}}
Mar 11 00:21:29 ubuntu devstack@c-api.service[119641]: DEBUG cinder.api.extensions [-] Ext description: Expose host as an attribute of a volume. {{(pid=119641) _check_extension /opt/stack/cinder/cinder/api/extensions.py:176}}
Mar 11 00:21:29 ubuntu devstack@c-api.service[119641]: DEBUG cinder.api.extensions [-] Ext updated: 2011-11-03T00:00:00+00:00 {{(pid=119641) _check_extension /opt/stack/cinder/cinder/api/extensions.py:178}}
Mar 11 00:21:29 ubuntu devstack@c-api.service[119641]: DEBUG cinder.api.extensions [-] Loaded extension: os-vol-host-attr {{(pid=119641) register /opt/stack/cinder/cinder/api/extensions.py:135}}
Mar 11 00:21:29 ubuntu devstack@c-api.service[119641]: DEBUG cinder.api.extensions [-] Loading extension cinder.api.contrib.quota_classes.Quota_classes {{(pid=119641) load_extension /opt/stack/cinder/cinder/api/extensions.py:194}}
Mar 11 00:21:29 ubuntu devstack@c-api.service[119641]: DEBUG cinder.api.extensions [-] Calling extension factory cinder.api.contrib.quota_classes.Quota_classes {{(pid=119641) load_extension /opt/stack/cinder/cinder/api/extensions.py:200}}
Mar 11 00:21:29 ubuntu devstack@c-api.service[119641]: DEBUG cinder.api.extensions [-] Ext name: QuotaClasses {{(pid=119641) _check_extension /opt/stack/cinder/cinder/api/extensions.py:174}}
Mar 11 00:21:29 ubuntu devstack@c-api.service[119641]: DEBUG cinder.api.extensions [-] Ext alias: os-quota-class-sets {{(pid=119641) _check_extension /opt/stack/cinder/cinder/api/extensions.py:175}}
Mar 11 00:21:29 ubuntu devstack@c-api.service[119641]: DEBUG cinder.api.extensions [-] Ext description: Quota classes management support. {{(pid=119641) _check_extension /opt/stack/cinder/cinder/api/extensions.py:176}}
Mar 11 00:21:29 ubuntu devstack@c-api.service[119641]: DEBUG cinder.api.extensions [-] Ext updated: 2012-03-12T00:00:00+00:00 {{(pid=119641) _check_extension /opt/stack/cinder/cinder/api/extensions.py:178}}
Mar 11 00:21:29 ubuntu devstack@c-api.service[119641]: DEBUG cinder.api.extensions [-] Loaded extension: os-quota-class-sets {{(pid=119641) register /opt/stack/cinder/cinder/api/extensions.py:135}}
Mar 11 00:21:29 ubuntu devstack@c-api.service[119641]: DEBUG cinder.api.extensions [-] Loading extension cinder.api.contrib.volume_image_metadata.Volume_image_metadata {{(pid=119641) load_extension /opt/stack/cinder/cinder/api/extensions.py:194}}
Mar 11 00:21:29 ubuntu devstack@c-api.service[119641]: DEBUG cinder.api.extensions [-] Calling extension factory cinder.api.contrib.volume_image_metadata.Volume_image_metadata {{(pid=119641) load_extension /opt/stack/cinder/cinder/api/extensions.py:200}}
Mar 11 00:21:29 ubuntu devstack@c-api.service[119641]: DEBUG cinder.api.extensions [-] Ext name: VolumeImageMetadata {{(pid=119641) _check_extension /opt/stack/cinder/cinder/api/extensions.py:174}}
Mar 11 00:21:29 ubuntu devstack@c-api.service[119641]: DEBUG cinder.api.extensions [-] Ext alias: os-vol-image-meta {{(pid=119641) _check_extension /opt/stack/cinder/cinder/api/extensions.py:175}}
Mar 11 00:21:29 ubuntu devstack@c-api.service[119641]: DEBUG cinder.api.extensions [-] Ext description: Show image metadata associated with the volume. {{(pid=119641) _check_extension /opt/stack/cinder/cinder/api/extensions.py:176}}
Mar 11 00:21:29 ubuntu devstack@c-api.service[119641]: DEBUG cinder.api.extensions [-] Ext updated: 2012-12-07T00:00:00+00:00 {{(pid=119641) _check_extension /opt/stack/cinder/cinder/api/extensions.py:178}}
Mar 11 00:21:29 ubuntu devstack@c-api.service[119641]: DEBUG cinder.api.extensions [-] Loaded extension: os-vol-image-meta {{(pid=119641) register /opt/stack/cinder/cinder/api/extensions.py:135}}
Mar 11 00:21:29 ubuntu devstack@c-api.service[119641]: DEBUG cinder.api.extensions [-] Loading extension cinder.api.contrib.consistencygroups.Consistencygroups {{(pid=119641) load_extension /opt/stack/cinder/cinder/api/extensions.py:194}}
Mar 11 00:21:29 ubuntu devstack@c-api.service[119641]: DEBUG cinder.api.extensions [-] Calling extension factory cinder.api.contrib.consistencygroups.Consistencygroups {{(pid=119641) load_extension /opt/stack/cinder/cinder/api/extensions.py:200}}
Mar 11 00:21:29 ubuntu devstack@c-api.service[119641]: DEBUG cinder.api.extensions [-] Ext name: Consistencygroups {{(pid=119641) _check_extension /opt/stack/cinder/cinder/api/extensions.py:174}}
Mar 11 00:21:29 ubuntu devstack@c-api.service[119641]: DEBUG cinder.api.extensions [-] Ext alias: consistencygroups {{(pid=119641) _check_extension /opt/stack/cinder/cinder/api/extensions.py:175}}
Mar 11 00:21:29 ubuntu devstack@c-api.service[119641]: DEBUG cinder.api.extensions [-] Ext description: consistency groups support. {{(pid=119641) _check_extension /opt/stack/cinder/cinder/api/extensions.py:176}}
Mar 11 00:21:29 ubuntu devstack@c-api.service[119641]: DEBUG cinder.api.extensions [-] Ext updated: 2014-08-18T00:00:00+00:00 {{(pid=119641) _check_extension /opt/stack/cinder/cinder/api/extensions.py:178}}
Mar 11 00:21:29 ubuntu devstack@c-api.service[119641]: DEBUG cinder.api.extensions [-] Loaded extension: consistencygroups {{(pid=119641) register /opt/stack/cinder/cinder/api/extensions.py:135}}
Mar 11 00:21:29 ubuntu devstack@c-api.service[119641]: DEBUG cinder.api.extensions [-] Loading extension cinder.api.contrib.extended_snapshot_attributes.Extended_snapshot_attributes {{(pid=119641) load_extension /opt/stack/cinder/cinder/api/extensions.py:194}}
Mar 11 00:21:29 ubuntu devstack@c-api.service[119641]: DEBUG cinder.api.extensions [-] Calling extension factory cinder.api.contrib.extended_snapshot_attributes.Extended_snapshot_attributes {{(pid=119641) load_extension /opt/stack/cinder/cinder/api/extensions.py:200}}
Mar 11 00:21:29 ubuntu devstack@c-api.service[119641]: DEBUG cinder.api.extensions [-] Ext name: ExtendedSnapshotAttributes {{(pid=119641) _check_extension /opt/stack/cinder/cinder/api/extensions.py:174}}
Mar 11 00:21:29 ubuntu devstack@c-api.service[119641]: DEBUG cinder.api.extensions [-] Ext alias: os-extended-snapshot-attributes {{(pid=119641) _check_extension /opt/stack/cinder/cinder/api/extensions.py:175}}
Mar 11 00:21:29 ubuntu devstack@c-api.service[119641]: DEBUG cinder.api.extensions [-] Ext description: Extended SnapshotAttributes support. {{(pid=119641) _check_extension /opt/stack/cinder/cinder/api/extensions.py:176}}
Mar 11 00:21:29 ubuntu devstack@c-api.service[119641]: DEBUG cinder.api.extensions [-] Ext updated: 2012-06-19T00:00:00+00:00 {{(pid=119641) _check_extension /opt/stack/cinder/cinder/api/extensions.py:178}}
Mar 11 00:21:29 ubuntu devstack@c-api.service[119641]: DEBUG cinder.api.extensions [-] Loaded extension: os-extended-snapshot-attributes {{(pid=119641) register /opt/stack/cinder/cinder/api/extensions.py:135}}
Mar 11 00:21:29 ubuntu devstack@c-api.service[119641]: DEBUG cinder.api.extensions [-] Loading extension cinder.api.contrib.admin_actions.Admin_actions {{(pid=119641) load_extension /opt/stack/cinder/cinder/api/extensions.py:194}}
Mar 11 00:21:29 ubuntu devstack@c-api.service[119641]: DEBUG cinder.api.extensions [-] Calling extension factory cinder.api.contrib.admin_actions.Admin_actions {{(pid=119641) load_extension /opt/stack/cinder/cinder/api/extensions.py:200}}
Mar 11 00:21:29 ubuntu devstack@c-api.service[119641]: DEBUG cinder.api.extensions [-] Ext name: AdminActions {{(pid=119641) _check_extension /opt/stack/cinder/cinder/api/extensions.py:174}}
Mar 11 00:21:29 ubuntu devstack@c-api.service[119641]: DEBUG cinder.api.extensions [-] Ext alias: os-admin-actions {{(pid=119641) _check_extension /opt/stack/cinder/cinder/api/extensions.py:175}}
Mar 11 00:21:29 ubuntu devstack@c-api.service[119641]: DEBUG cinder.api.extensions [-] Ext description: Enable admin actions. {{(pid=119641) _check_extension /opt/stack/cinder/cinder/api/extensions.py:176}}
Mar 11 00:21:29 ubuntu devstack@c-api.service[119641]: DEBUG cinder.api.extensions [-] Ext updated: 2012-08-25T00:00:00+00:00 {{(pid=119641) _check_extension /opt/stack/cinder/cinder/api/extensions.py:178}}
Mar 11 00:21:29 ubuntu devstack@c-api.service[119641]: DEBUG cinder.api.extensions [-] Loaded extension: os-admin-actions {{(pid=119641) register /opt/stack/cinder/cinder/api/extensions.py:135}}
Mar 11 00:21:29 ubuntu devstack@c-api.service[119641]: DEBUG cinder.api.extensions [-] Loading extension cinder.api.contrib.types_manage.Types_manage {{(pid=119641) load_extension /opt/stack/cinder/cinder/api/extensions.py:194}}
Mar 11 00:21:29 ubuntu devstack@c-api.service[119641]: DEBUG cinder.api.extensions [-] Calling extension factory cinder.api.contrib.types_manage.Types_manage {{(pid=119641) load_extension /opt/stack/cinder/cinder/api/extensions.py:200}}
Mar 11 00:21:29 ubuntu devstack@c-api.service[119641]: DEBUG cinder.api.extensions [-] Ext name: TypesManage {{(pid=119641) _check_extension /opt/stack/cinder/cinder/api/extensions.py:174}}
Mar 11 00:21:29 ubuntu devstack@c-api.service[119641]: DEBUG cinder.api.extensions [-] Ext alias: os-types-manage {{(pid=119641) _check_extension /opt/stack/cinder/cinder/api/extensions.py:175}}
Mar 11 00:21:29 ubuntu devstack@c-api.service[119641]: DEBUG cinder.api.extensions [-] Ext description: Types manage support. {{(pid=119641) _check_extension /opt/stack/cinder/cinder/api/extensions.py:176}}
Mar 11 00:21:29 ubuntu devstack@c-api.service[119641]: DEBUG cinder.api.extensions [-] Ext updated: 2011-08-24T00:00:00+00:00 {{(pid=119641) _check_extension /opt/stack/cinder/cinder/api/extensions.py:178}}
Mar 11 00:21:29 ubuntu devstack@c-api.service[119641]: DEBUG cinder.api.extensions [-] Loaded extension: os-types-manage {{(pid=119641) register /opt/stack/cinder/cinder/api/extensions.py:135}}
Mar 11 00:21:29 ubuntu devstack@c-api.service[119641]: DEBUG cinder.api.extensions [-] Loading extension cinder.api.contrib.qos_specs_manage.Qos_specs_manage {{(pid=119641) load_extension /opt/stack/cinder/cinder/api/extensions.py:194}}
Mar 11 00:21:29 ubuntu devstack@c-api.service[119641]: DEBUG cinder.api.extensions [-] Calling extension factory cinder.api.contrib.qos_specs_manage.Qos_specs_manage {{(pid=119641) load_extension /opt/stack/cinder/cinder/api/extensions.py:200}}
Mar 11 00:21:29 ubuntu devstack@c-api.service[119641]: DEBUG cinder.api.extensions [-] Ext name: Qos_specs_manage {{(pid=119641) _check_extension /opt/stack/cinder/cinder/api/extensions.py:174}}
Mar 11 00:21:29 ubuntu devstack@c-api.service[119641]: DEBUG cinder.api.extensions [-] Ext alias: qos-specs {{(pid=119641) _check_extension /opt/stack/cinder/cinder/api/extensions.py:175}}
Mar 11 00:21:29 ubuntu devstack@c-api.service[119641]: DEBUG cinder.api.extensions [-] Ext description: QoS specs support. {{(pid=119641) _check_extension /opt/stack/cinder/cinder/api/extensions.py:176}}
Mar 11 00:21:29 ubuntu devstack@c-api.service[119641]: DEBUG cinder.api.extensions [-] Ext updated: 2013-08-02T00:00:00+00:00 {{(pid=119641) _check_extension /opt/stack/cinder/cinder/api/extensions.py:178}}
Mar 11 00:21:29 ubuntu devstack@c-api.service[119641]: DEBUG cinder.api.extensions [-] Loaded extension: qos-specs {{(pid=119641) register /opt/stack/cinder/cinder/api/extensions.py:135}}
Mar 11 00:21:29 ubuntu devstack@c-api.service[119641]: DEBUG cinder.api.extensions [-] Loading extension cinder.api.contrib.backups.Backups {{(pid=119641) load_extension /opt/stack/cinder/cinder/api/extensions.py:194}}
Mar 11 00:21:29 ubuntu devstack@c-api.service[119641]: DEBUG cinder.api.extensions [-] Calling extension factory cinder.api.contrib.backups.Backups {{(pid=119641) load_extension /opt/stack/cinder/cinder/api/extensions.py:200}}
Mar 11 00:21:29 ubuntu devstack@c-api.service[119641]: DEBUG cinder.api.extensions [-] Ext name: Backups {{(pid=119641) _check_extension /opt/stack/cinder/cinder/api/extensions.py:174}}
Mar 11 00:21:29 ubuntu devstack@c-api.service[119641]: DEBUG cinder.api.extensions [-] Ext alias: backups {{(pid=119641) _check_extension /opt/stack/cinder/cinder/api/extensions.py:175}}
Mar 11 00:21:29 ubuntu devstack@c-api.service[119641]: DEBUG cinder.api.extensions [-] Ext description: Backups support. {{(pid=119641) _check_extension /opt/stack/cinder/cinder/api/extensions.py:176}}
Mar 11 00:21:29 ubuntu devstack@c-api.service[119641]: DEBUG cinder.api.extensions [-] Ext updated: 2012-12-12T00:00:00+00:00 {{(pid=119641) _check_extension /opt/stack/cinder/cinder/api/extensions.py:178}}
Mar 11 00:21:29 ubuntu devstack@c-api.service[119641]: DEBUG cinder.api.extensions [-] Loaded extension: backups {{(pid=119641) register /opt/stack/cinder/cinder/api/extensions.py:135}}
Mar 11 00:21:29 ubuntu devstack@c-api.service[119641]: DEBUG cinder.api.extensions [-] Loading extension cinder.api.contrib.extended_services.Extended_services {{(pid=119641) load_extension /opt/stack/cinder/cinder/api/extensions.py:194}}
Mar 11 00:21:29 ubuntu devstack@c-api.service[119641]: DEBUG cinder.api.extensions [-] Calling extension factory cinder.api.contrib.extended_services.Extended_services {{(pid=119641) load_extension /opt/stack/cinder/cinder/api/extensions.py:200}}
Mar 11 00:21:29 ubuntu devstack@c-api.service[119641]: DEBUG cinder.api.extensions [-] Ext name: ExtendedServices {{(pid=119641) _check_extension /opt/stack/cinder/cinder/api/extensions.py:174}}
Mar 11 00:21:29 ubuntu devstack@c-api.service[119641]: DEBUG cinder.api.extensions [-] Ext alias: os-extended-services {{(pid=119641) _check_extension /opt/stack/cinder/cinder/api/extensions.py:175}}
Mar 11 00:21:29 ubuntu devstack@c-api.service[119641]: DEBUG cinder.api.extensions [-] Ext description: Extended services support. {{(pid=119641) _check_extension /opt/stack/cinder/cinder/api/extensions.py:176}}
Mar 11 00:21:29 ubuntu devstack@c-api.service[119641]: DEBUG cinder.api.extensions [-] Ext updated: 2014-01-10T00:00:00-00:00 {{(pid=119641) _check_extension /opt/stack/cinder/cinder/api/extensions.py:178}}
Mar 11 00:21:29 ubuntu devstack@c-api.service[119641]: DEBUG cinder.api.extensions [-] Loaded extension: os-extended-services {{(pid=119641) register /opt/stack/cinder/cinder/api/extensions.py:135}}
Mar 11 00:21:29 ubuntu devstack@c-api.service[119641]: DEBUG cinder.api.extensions [-] Loading extension cinder.api.contrib.scheduler_hints.Scheduler_hints {{(pid=119641) load_extension /opt/stack/cinder/cinder/api/extensions.py:194}}
Mar 11 00:21:29 ubuntu devstack@c-api.service[119641]: DEBUG cinder.api.extensions [-] Calling extension factory cinder.api.contrib.scheduler_hints.Scheduler_hints {{(pid=119641) load_extension /opt/stack/cinder/cinder/api/extensions.py:200}}
Mar 11 00:21:29 ubuntu devstack@c-api.service[119641]: DEBUG cinder.api.extensions [-] Ext name: SchedulerHints {{(pid=119641) _check_extension /opt/stack/cinder/cinder/api/extensions.py:174}}
Mar 11 00:21:29 ubuntu devstack@c-api.service[119641]: DEBUG cinder.api.extensions [-] Ext alias: OS-SCH-HNT {{(pid=119641) _check_extension /opt/stack/cinder/cinder/api/extensions.py:175}}
Mar 11 00:21:29 ubuntu devstack@c-api.service[119641]: DEBUG cinder.api.extensions [-] Ext description: Pass arbitrary key/value pairs to the scheduler. {{(pid=119641) _check_extension /opt/stack/cinder/cinder/api/extensions.py:176}}
Mar 11 00:21:29 ubuntu devstack@c-api.service[119641]: DEBUG cinder.api.extensions [-] Ext updated: 2013-04-18T00:00:00+00:00 {{(pid=119641) _check_extension /opt/stack/cinder/cinder/api/extensions.py:178}}
Mar 11 00:21:29 ubuntu devstack@c-api.service[119641]: DEBUG cinder.api.extensions [-] Loaded extension: OS-SCH-HNT {{(pid=119641) register /opt/stack/cinder/cinder/api/extensions.py:135}}
Mar 11 00:21:29 ubuntu devstack@c-api.service[119641]: DEBUG cinder.api.extensions [-] Loading extension cinder.api.contrib.snapshot_manage.Snapshot_manage {{(pid=119641) load_extension /opt/stack/cinder/cinder/api/extensions.py:194}}
Mar 11 00:21:29 ubuntu devstack@c-api.service[119641]: DEBUG cinder.api.extensions [-] Calling extension factory cinder.api.contrib.snapshot_manage.Snapshot_manage {{(pid=119641) load_extension /opt/stack/cinder/cinder/api/extensions.py:200}}
Mar 11 00:21:29 ubuntu devstack@c-api.service[119641]: DEBUG cinder.api.extensions [-] Ext name: SnapshotManage {{(pid=119641) _check_extension /opt/stack/cinder/cinder/api/extensions.py:174}}
Mar 11 00:21:29 ubuntu devstack@c-api.service[119641]: DEBUG cinder.api.extensions [-] Ext alias: os-snapshot-manage {{(pid=119641) _check_extension /opt/stack/cinder/cinder/api/extensions.py:175}}
Mar 11 00:21:29 ubuntu devstack@c-api.service[119641]: DEBUG cinder.api.extensions [-] Ext description: Allows existing backend storage to be 'managed' by Cinder. {{(pid=119641) _check_extension /opt/stack/cinder/cinder/api/extensions.py:176}}
Mar 11 00:21:29 ubuntu devstack@c-api.service[119641]: DEBUG cinder.api.extensions [-] Ext updated: 2014-12-31T00:00:00+00:00 {{(pid=119641) _check_extension /opt/stack/cinder/cinder/api/extensions.py:178}}
Mar 11 00:21:29 ubuntu devstack@c-api.service[119641]: DEBUG cinder.api.extensions [-] Loaded extension: os-snapshot-manage {{(pid=119641) register /opt/stack/cinder/cinder/api/extensions.py:135}}
Mar 11 00:21:29 ubuntu devstack@c-api.service[119641]: DEBUG cinder.api.extensions [-] Loading extension cinder.api.contrib.volume_mig_status_attribute.Volume_mig_status_attribute {{(pid=119641) load_extension /opt/stack/cinder/cinder/api/extensions.py:194}}
Mar 11 00:21:29 ubuntu devstack@c-api.service[119641]: DEBUG cinder.api.extensions [-] Calling extension factory cinder.api.contrib.volume_mig_status_attribute.Volume_mig_status_attribute {{(pid=119641) load_extension /opt/stack/cinder/cinder/api/extensions.py:200}}
Mar 11 00:21:29 ubuntu devstack@c-api.service[119641]: DEBUG cinder.api.extensions [-] Ext name: VolumeMigStatusAttribute {{(pid=119641) _check_extension /opt/stack/cinder/cinder/api/extensions.py:174}}
Mar 11 00:21:29 ubuntu devstack@c-api.service[119641]: DEBUG cinder.api.extensions [-] Ext alias: os-vol-mig-status-attr {{(pid=119641) _check_extension /opt/stack/cinder/cinder/api/extensions.py:175}}
Mar 11 00:21:29 ubuntu devstack@c-api.service[119641]: DEBUG cinder.api.extensions [-] Ext description: Expose migration_status as an attribute of a volume. {{(pid=119641) _check_extension /opt/stack/cinder/cinder/api/extensions.py:176}}
Mar 11 00:21:29 ubuntu devstack@c-api.service[119641]: DEBUG cinder.api.extensions [-] Ext updated: 2013-08-08T00:00:00+00:00 {{(pid=119641) _check_extension /opt/stack/cinder/cinder/api/extensions.py:178}}
Mar 11 00:21:29 ubuntu devstack@c-api.service[119641]: DEBUG cinder.api.extensions [-] Loaded extension: os-vol-mig-status-attr {{(pid=119641) register /opt/stack/cinder/cinder/api/extensions.py:135}}
Mar 11 00:21:29 ubuntu devstack@c-api.service[119641]: DEBUG cinder.api.extensions [-] Loading extension cinder.api.contrib.volume_encryption_metadata.Volume_encryption_metadata {{(pid=119641) load_extension /opt/stack/cinder/cinder/api/extensions.py:194}}
Mar 11 00:21:29 ubuntu devstack@c-api.service[119641]: DEBUG cinder.api.extensions [-] Calling extension factory cinder.api.contrib.volume_encryption_metadata.Volume_encryption_metadata {{(pid=119641) load_extension /opt/stack/cinder/cinder/api/extensions.py:200}}
Mar 11 00:21:29 ubuntu devstack@c-api.service[119641]: DEBUG cinder.api.extensions [-] Ext name: VolumeEncryptionMetadata {{(pid=119641) _check_extension /opt/stack/cinder/cinder/api/extensions.py:174}}
Mar 11 00:21:29 ubuntu devstack@c-api.service[119641]: DEBUG cinder.api.extensions [-] Ext alias: os-volume-encryption-metadata {{(pid=119641) _check_extension /opt/stack/cinder/cinder/api/extensions.py:175}}
Mar 11 00:21:29 ubuntu devstack@c-api.service[119641]: DEBUG cinder.api.extensions [-] Ext description: Volume encryption metadata retrieval support. {{(pid=119641) _check_extension /opt/stack/cinder/cinder/api/extensions.py:176}}
Mar 11 00:21:29 ubuntu devstack@c-api.service[119641]: DEBUG cinder.api.extensions [-] Ext updated: 2013-07-10T00:00:00+00:00 {{(pid=119641) _check_extension /opt/stack/cinder/cinder/api/extensions.py:178}}
Mar 11 00:21:29 ubuntu devstack@c-api.service[119641]: DEBUG cinder.api.extensions [-] Loaded extension: os-volume-encryption-metadata {{(pid=119641) register /opt/stack/cinder/cinder/api/extensions.py:135}}
Mar 11 00:21:29 ubuntu devstack@c-api.service[119641]: DEBUG cinder.api.extensions [-] Loading extension cinder.api.contrib.types_extra_specs.Types_extra_specs {{(pid=119641) load_extension /opt/stack/cinder/cinder/api/extensions.py:194}}
Mar 11 00:21:29 ubuntu devstack@c-api.service[119641]: DEBUG cinder.api.extensions [-] Calling extension factory cinder.api.contrib.types_extra_specs.Types_extra_specs {{(pid=119641) load_extension /opt/stack/cinder/cinder/api/extensions.py:200}}
Mar 11 00:21:29 ubuntu devstack@c-api.service[119641]: DEBUG cinder.api.extensions [-] Ext name: TypesExtraSpecs {{(pid=119641) _check_extension /opt/stack/cinder/cinder/api/extensions.py:174}}
Mar 11 00:21:29 ubuntu devstack@c-api.service[119641]: DEBUG cinder.api.extensions [-] Ext alias: os-types-extra-specs {{(pid=119641) _check_extension /opt/stack/cinder/cinder/api/extensions.py:175}}
Mar 11 00:21:29 ubuntu devstack@c-api.service[119641]: DEBUG cinder.api.extensions [-] Ext description: Type extra specs support. {{(pid=119641) _check_extension /opt/stack/cinder/cinder/api/extensions.py:176}}
Mar 11 00:21:29 ubuntu devstack@c-api.service[119641]: DEBUG cinder.api.extensions [-] Ext updated: 2011-08-24T00:00:00+00:00 {{(pid=119641) _check_extension /opt/stack/cinder/cinder/api/extensions.py:178}}
Mar 11 00:21:29 ubuntu devstack@c-api.service[119641]: DEBUG cinder.api.extensions [-] Loaded extension: os-types-extra-specs {{(pid=119641) register /opt/stack/cinder/cinder/api/extensions.py:135}}
Mar 11 00:21:29 ubuntu devstack@c-api.service[119641]: DEBUG cinder.api.extensions [-] Loading extension cinder.api.contrib.scheduler_stats.Scheduler_stats {{(pid=119641) load_extension /opt/stack/cinder/cinder/api/extensions.py:194}}
Mar 11 00:21:29 ubuntu devstack@c-api.service[119641]: DEBUG cinder.api.extensions [-] Calling extension factory cinder.api.contrib.scheduler_stats.Scheduler_stats {{(pid=119641) load_extension /opt/stack/cinder/cinder/api/extensions.py:200}}
Mar 11 00:21:29 ubuntu devstack@c-api.service[119641]: DEBUG cinder.api.extensions [-] Ext name: Scheduler_stats {{(pid=119641) _check_extension /opt/stack/cinder/cinder/api/extensions.py:174}}
Mar 11 00:21:29 ubuntu devstack@c-api.service[119641]: DEBUG cinder.api.extensions [-] Ext alias: scheduler-stats {{(pid=119641) _check_extension /opt/stack/cinder/cinder/api/extensions.py:175}}
Mar 11 00:21:29 ubuntu devstack@c-api.service[119641]: DEBUG cinder.api.extensions [-] Ext description: Scheduler stats support. {{(pid=119641) _check_extension /opt/stack/cinder/cinder/api/extensions.py:176}}
Mar 11 00:21:29 ubuntu devstack@c-api.service[119641]: DEBUG cinder.api.extensions [-] Ext updated: 2014-09-07T00:00:00+00:00 {{(pid=119641) _check_extension /opt/stack/cinder/cinder/api/extensions.py:178}}
Mar 11 00:21:29 ubuntu devstack@c-api.service[119641]: DEBUG cinder.api.extensions [-] Loaded extension: scheduler-stats {{(pid=119641) register /opt/stack/cinder/cinder/api/extensions.py:135}}
Mar 11 00:21:29 ubuntu devstack@c-api.service[119640]: DEBUG oslo_db.sqlalchemy.engines [None req-b7349923-ca1a-484f-8569-1ea0edf98038 None None] MySQL server mode set to STRICT_TRANS_TABLES,STRICT_ALL_TABLES,NO_ZERO_IN_DATE,NO_ZERO_DATE,ERROR_FOR_DIVISION_BY_ZERO,TRADITIONAL,NO_ENGINE_SUBSTITUTION {{(pid=119640) _check_effective_sql_mode /opt/stack/data/venv/lib/python3.12/site-packages/oslo_db/sqlalchemy/engines.py:325}}
Mar 11 00:21:29 ubuntu devstack@c-api.service[119641]: DEBUG oslo_db.sqlalchemy.engines [None req-a6bda1d5-1eaf-4921-9acc-7bd4c66badc6 None None] MySQL server mode set to STRICT_TRANS_TABLES,STRICT_ALL_TABLES,NO_ZERO_IN_DATE,NO_ZERO_DATE,ERROR_FOR_DIVISION_BY_ZERO,TRADITIONAL,NO_ENGINE_SUBSTITUTION {{(pid=119641) _check_effective_sql_mode /opt/stack/data/venv/lib/python3.12/site-packages/oslo_db/sqlalchemy/engines.py:325}}
Mar 11 00:21:29 ubuntu devstack@c-api.service[119640]: INFO cinder.rpc [None req-b7349923-ca1a-484f-8569-1ea0edf98038 None None] Automatically selected cinder-scheduler objects version 1.39 as minimum service version.
Mar 11 00:21:29 ubuntu devstack@c-api.service[119641]: INFO cinder.rpc [None req-a6bda1d5-1eaf-4921-9acc-7bd4c66badc6 None None] Automatically selected cinder-scheduler objects version 1.39 as minimum service version.
Mar 11 00:21:29 ubuntu devstack@c-api.service[119640]: INFO cinder.rpc [None req-b7349923-ca1a-484f-8569-1ea0edf98038 None None] Automatically selected cinder-scheduler RPC version 3.12 as minimum service version.
Mar 11 00:21:29 ubuntu devstack@c-api.service[119641]: INFO cinder.rpc [None req-a6bda1d5-1eaf-4921-9acc-7bd4c66badc6 None None] Automatically selected cinder-scheduler RPC version 3.12 as minimum service version.
Mar 11 00:21:29 ubuntu devstack@c-api.service[119640]: INFO cinder.rpc [None req-b7349923-ca1a-484f-8569-1ea0edf98038 None None] Automatically selected cinder-volume objects version 1.39 as minimum service version.
Mar 11 00:21:29 ubuntu devstack@c-api.service[119641]: INFO cinder.rpc [None req-a6bda1d5-1eaf-4921-9acc-7bd4c66badc6 None None] Automatically selected cinder-volume objects version 1.39 as minimum service version.
Mar 11 00:21:29 ubuntu devstack@c-api.service[119640]: INFO cinder.rpc [None req-b7349923-ca1a-484f-8569-1ea0edf98038 None None] Automatically selected cinder-volume RPC version 3.20 as minimum service version.
Mar 11 00:21:29 ubuntu devstack@c-api.service[119640]: WARNING stevedore.named [None req-b7349923-ca1a-484f-8569-1ea0edf98038 None None] Could not load cinder.keymgr.conf_key_mgr.ConfKeyManager
Mar 11 00:21:29 ubuntu devstack@c-api.service[119641]: INFO cinder.rpc [None req-a6bda1d5-1eaf-4921-9acc-7bd4c66badc6 None None] Automatically selected cinder-volume RPC version 3.20 as minimum service version.
Mar 11 00:21:29 ubuntu devstack@c-api.service[119640]: WARNING castellan.key_manager [None req-b7349923-ca1a-484f-8569-1ea0edf98038 None None] Deprecation Warning : cinder.keymgr.conf_key_mgr.ConfKeyManager is not a stevedore based driver, trying to load it as a class: stevedore.exception.NoMatches: No 'castellan.drivers' driver found, looking for 'cinder.keymgr.conf_key_mgr.ConfKeyManager'
Mar 11 00:21:29 ubuntu devstack@c-api.service[119641]: WARNING stevedore.named [None req-a6bda1d5-1eaf-4921-9acc-7bd4c66badc6 None None] Could not load cinder.keymgr.conf_key_mgr.ConfKeyManager
Mar 11 00:21:29 ubuntu devstack@c-api.service[119641]: WARNING castellan.key_manager [None req-a6bda1d5-1eaf-4921-9acc-7bd4c66badc6 None None] Deprecation Warning : cinder.keymgr.conf_key_mgr.ConfKeyManager is not a stevedore based driver, trying to load it as a class: stevedore.exception.NoMatches: No 'castellan.drivers' driver found, looking for 'cinder.keymgr.conf_key_mgr.ConfKeyManager'
Mar 11 00:21:29 ubuntu devstack@c-api.service[119640]: WARNING cinder.keymgr.conf_key_mgr [None req-b7349923-ca1a-484f-8569-1ea0edf98038 None None] This key manager is insecure and is not recommended for production deployments: stevedore.exception.NoMatches: No 'castellan.drivers' driver found, looking for 'cinder.keymgr.conf_key_mgr.ConfKeyManager'
Mar 11 00:21:29 ubuntu devstack@c-api.service[119641]: WARNING cinder.keymgr.conf_key_mgr [None req-a6bda1d5-1eaf-4921-9acc-7bd4c66badc6 None None] This key manager is insecure and is not recommended for production deployments: stevedore.exception.NoMatches: No 'castellan.drivers' driver found, looking for 'cinder.keymgr.conf_key_mgr.ConfKeyManager'
Mar 11 00:21:29 ubuntu devstack@c-api.service[119640]: WARNING stevedore.named [None req-b7349923-ca1a-484f-8569-1ea0edf98038 None None] Could not load cinder.keymgr.conf_key_mgr.ConfKeyManager
Mar 11 00:21:29 ubuntu devstack@c-api.service[119640]: WARNING castellan.key_manager [None req-b7349923-ca1a-484f-8569-1ea0edf98038 None None] Deprecation Warning : cinder.keymgr.conf_key_mgr.ConfKeyManager is not a stevedore based driver, trying to load it as a class: stevedore.exception.NoMatches: No 'castellan.drivers' driver found, looking for 'cinder.keymgr.conf_key_mgr.ConfKeyManager'
Mar 11 00:21:29 ubuntu devstack@c-api.service[119641]: WARNING stevedore.named [None req-a6bda1d5-1eaf-4921-9acc-7bd4c66badc6 None None] Could not load cinder.keymgr.conf_key_mgr.ConfKeyManager
Mar 11 00:21:29 ubuntu devstack@c-api.service[119641]: WARNING castellan.key_manager [None req-a6bda1d5-1eaf-4921-9acc-7bd4c66badc6 None None] Deprecation Warning : cinder.keymgr.conf_key_mgr.ConfKeyManager is not a stevedore based driver, trying to load it as a class: stevedore.exception.NoMatches: No 'castellan.drivers' driver found, looking for 'cinder.keymgr.conf_key_mgr.ConfKeyManager'
Mar 11 00:21:29 ubuntu devstack@c-api.service[119641]: DEBUG oslo_db.sqlalchemy.engines [None req-a6bda1d5-1eaf-4921-9acc-7bd4c66badc6 None None] MySQL server mode set to STRICT_TRANS_TABLES,STRICT_ALL_TABLES,NO_ZERO_IN_DATE,NO_ZERO_DATE,ERROR_FOR_DIVISION_BY_ZERO,TRADITIONAL,NO_ENGINE_SUBSTITUTION {{(pid=119641) _check_effective_sql_mode /opt/stack/data/venv/lib/python3.12/site-packages/oslo_db/sqlalchemy/engines.py:325}}
Mar 11 00:21:29 ubuntu devstack@c-api.service[119640]: DEBUG oslo_db.sqlalchemy.engines [None req-b7349923-ca1a-484f-8569-1ea0edf98038 None None] MySQL server mode set to STRICT_TRANS_TABLES,STRICT_ALL_TABLES,NO_ZERO_IN_DATE,NO_ZERO_DATE,ERROR_FOR_DIVISION_BY_ZERO,TRADITIONAL,NO_ENGINE_SUBSTITUTION {{(pid=119640) _check_effective_sql_mode /opt/stack/data/venv/lib/python3.12/site-packages/oslo_db/sqlalchemy/engines.py:325}}
Mar 11 00:21:29 ubuntu devstack@c-api.service[119641]: INFO cinder.rpc [None req-a6bda1d5-1eaf-4921-9acc-7bd4c66badc6 None None] Automatically selected cinder-backup objects version 1.39 as minimum service version.
Mar 11 00:21:29 ubuntu devstack@c-api.service[119640]: INFO cinder.rpc [None req-b7349923-ca1a-484f-8569-1ea0edf98038 None None] Automatically selected cinder-backup objects version 1.39 as minimum service version.
Mar 11 00:21:29 ubuntu devstack@c-api.service[119641]: INFO cinder.rpc [None req-a6bda1d5-1eaf-4921-9acc-7bd4c66badc6 None None] Automatically selected cinder-backup RPC version 2.4 as minimum service version.
Mar 11 00:21:29 ubuntu devstack@c-api.service[119641]: WARNING stevedore.named [None req-a6bda1d5-1eaf-4921-9acc-7bd4c66badc6 None None] Could not load cinder.keymgr.conf_key_mgr.ConfKeyManager
Mar 11 00:21:29 ubuntu devstack@c-api.service[119640]: INFO cinder.rpc [None req-b7349923-ca1a-484f-8569-1ea0edf98038 None None] Automatically selected cinder-backup RPC version 2.4 as minimum service version.
Mar 11 00:21:29 ubuntu devstack@c-api.service[119641]: WARNING castellan.key_manager [None req-a6bda1d5-1eaf-4921-9acc-7bd4c66badc6 None None] Deprecation Warning : cinder.keymgr.conf_key_mgr.ConfKeyManager is not a stevedore based driver, trying to load it as a class: stevedore.exception.NoMatches: No 'castellan.drivers' driver found, looking for 'cinder.keymgr.conf_key_mgr.ConfKeyManager'
Mar 11 00:21:29 ubuntu devstack@c-api.service[119640]: WARNING stevedore.named [None req-b7349923-ca1a-484f-8569-1ea0edf98038 None None] Could not load cinder.keymgr.conf_key_mgr.ConfKeyManager
Mar 11 00:21:29 ubuntu devstack@c-api.service[119640]: WARNING castellan.key_manager [None req-b7349923-ca1a-484f-8569-1ea0edf98038 None None] Deprecation Warning : cinder.keymgr.conf_key_mgr.ConfKeyManager is not a stevedore based driver, trying to load it as a class: stevedore.exception.NoMatches: No 'castellan.drivers' driver found, looking for 'cinder.keymgr.conf_key_mgr.ConfKeyManager'
Mar 11 00:21:29 ubuntu devstack@c-api.service[119641]: WARNING stevedore.named [None req-a6bda1d5-1eaf-4921-9acc-7bd4c66badc6 None None] Could not load cinder.keymgr.conf_key_mgr.ConfKeyManager
Mar 11 00:21:29 ubuntu devstack@c-api.service[119641]: WARNING castellan.key_manager [None req-a6bda1d5-1eaf-4921-9acc-7bd4c66badc6 None None] Deprecation Warning : cinder.keymgr.conf_key_mgr.ConfKeyManager is not a stevedore based driver, trying to load it as a class: stevedore.exception.NoMatches: No 'castellan.drivers' driver found, looking for 'cinder.keymgr.conf_key_mgr.ConfKeyManager'
Mar 11 00:21:29 ubuntu devstack@c-api.service[119640]: WARNING stevedore.named [None req-b7349923-ca1a-484f-8569-1ea0edf98038 None None] Could not load cinder.keymgr.conf_key_mgr.ConfKeyManager
Mar 11 00:21:29 ubuntu devstack@c-api.service[119640]: WARNING castellan.key_manager [None req-b7349923-ca1a-484f-8569-1ea0edf98038 None None] Deprecation Warning : cinder.keymgr.conf_key_mgr.ConfKeyManager is not a stevedore based driver, trying to load it as a class: stevedore.exception.NoMatches: No 'castellan.drivers' driver found, looking for 'cinder.keymgr.conf_key_mgr.ConfKeyManager'
Mar 11 00:21:29 ubuntu devstack@c-api.service[119641]: WARNING stevedore.named [None req-a6bda1d5-1eaf-4921-9acc-7bd4c66badc6 None None] Could not load cinder.keymgr.conf_key_mgr.ConfKeyManager
Mar 11 00:21:29 ubuntu devstack@c-api.service[119641]: WARNING castellan.key_manager [None req-a6bda1d5-1eaf-4921-9acc-7bd4c66badc6 None None] Deprecation Warning : cinder.keymgr.conf_key_mgr.ConfKeyManager is not a stevedore based driver, trying to load it as a class: stevedore.exception.NoMatches: No 'castellan.drivers' driver found, looking for 'cinder.keymgr.conf_key_mgr.ConfKeyManager'
Mar 11 00:21:29 ubuntu devstack@c-api.service[119640]: WARNING stevedore.named [None req-b7349923-ca1a-484f-8569-1ea0edf98038 None None] Could not load cinder.keymgr.conf_key_mgr.ConfKeyManager
Mar 11 00:21:29 ubuntu devstack@c-api.service[119640]: WARNING castellan.key_manager [None req-b7349923-ca1a-484f-8569-1ea0edf98038 None None] Deprecation Warning : cinder.keymgr.conf_key_mgr.ConfKeyManager is not a stevedore based driver, trying to load it as a class: stevedore.exception.NoMatches: No 'castellan.drivers' driver found, looking for 'cinder.keymgr.conf_key_mgr.ConfKeyManager'
Mar 11 00:21:29 ubuntu devstack@c-api.service[119641]: WARNING stevedore.named [None req-a6bda1d5-1eaf-4921-9acc-7bd4c66badc6 None None] Could not load cinder.keymgr.conf_key_mgr.ConfKeyManager
Mar 11 00:21:29 ubuntu devstack@c-api.service[119641]: WARNING castellan.key_manager [None req-a6bda1d5-1eaf-4921-9acc-7bd4c66badc6 None None] Deprecation Warning : cinder.keymgr.conf_key_mgr.ConfKeyManager is not a stevedore based driver, trying to load it as a class: stevedore.exception.NoMatches: No 'castellan.drivers' driver found, looking for 'cinder.keymgr.conf_key_mgr.ConfKeyManager'
Mar 11 00:21:29 ubuntu devstack@c-api.service[119640]: WARNING stevedore.named [None req-b7349923-ca1a-484f-8569-1ea0edf98038 None None] Could not load cinder.keymgr.conf_key_mgr.ConfKeyManager
Mar 11 00:21:29 ubuntu devstack@c-api.service[119640]: WARNING castellan.key_manager [None req-b7349923-ca1a-484f-8569-1ea0edf98038 None None] Deprecation Warning : cinder.keymgr.conf_key_mgr.ConfKeyManager is not a stevedore based driver, trying to load it as a class: stevedore.exception.NoMatches: No 'castellan.drivers' driver found, looking for 'cinder.keymgr.conf_key_mgr.ConfKeyManager'
Mar 11 00:21:29 ubuntu devstack@c-api.service[119641]: WARNING stevedore.named [None req-a6bda1d5-1eaf-4921-9acc-7bd4c66badc6 None None] Could not load cinder.keymgr.conf_key_mgr.ConfKeyManager
Mar 11 00:21:29 ubuntu devstack@c-api.service[119641]: WARNING castellan.key_manager [None req-a6bda1d5-1eaf-4921-9acc-7bd4c66badc6 None None] Deprecation Warning : cinder.keymgr.conf_key_mgr.ConfKeyManager is not a stevedore based driver, trying to load it as a class: stevedore.exception.NoMatches: No 'castellan.drivers' driver found, looking for 'cinder.keymgr.conf_key_mgr.ConfKeyManager'
Mar 11 00:21:29 ubuntu devstack@c-api.service[119640]: WARNING stevedore.named [None req-b7349923-ca1a-484f-8569-1ea0edf98038 None None] Could not load cinder.keymgr.conf_key_mgr.ConfKeyManager
Mar 11 00:21:29 ubuntu devstack@c-api.service[119640]: WARNING castellan.key_manager [None req-b7349923-ca1a-484f-8569-1ea0edf98038 None None] Deprecation Warning : cinder.keymgr.conf_key_mgr.ConfKeyManager is not a stevedore based driver, trying to load it as a class: stevedore.exception.NoMatches: No 'castellan.drivers' driver found, looking for 'cinder.keymgr.conf_key_mgr.ConfKeyManager'
Mar 11 00:21:29 ubuntu devstack@c-api.service[119641]: WARNING stevedore.named [None req-a6bda1d5-1eaf-4921-9acc-7bd4c66badc6 None None] Could not load cinder.keymgr.conf_key_mgr.ConfKeyManager
Mar 11 00:21:29 ubuntu devstack@c-api.service[119641]: WARNING castellan.key_manager [None req-a6bda1d5-1eaf-4921-9acc-7bd4c66badc6 None None] Deprecation Warning : cinder.keymgr.conf_key_mgr.ConfKeyManager is not a stevedore based driver, trying to load it as a class: stevedore.exception.NoMatches: No 'castellan.drivers' driver found, looking for 'cinder.keymgr.conf_key_mgr.ConfKeyManager'
Mar 11 00:21:29 ubuntu devstack@c-api.service[119640]: WARNING stevedore.named [None req-b7349923-ca1a-484f-8569-1ea0edf98038 None None] Could not load cinder.keymgr.conf_key_mgr.ConfKeyManager
Mar 11 00:21:29 ubuntu devstack@c-api.service[119640]: WARNING castellan.key_manager [None req-b7349923-ca1a-484f-8569-1ea0edf98038 None None] Deprecation Warning : cinder.keymgr.conf_key_mgr.ConfKeyManager is not a stevedore based driver, trying to load it as a class: stevedore.exception.NoMatches: No 'castellan.drivers' driver found, looking for 'cinder.keymgr.conf_key_mgr.ConfKeyManager'
Mar 11 00:21:30 ubuntu devstack@c-api.service[119641]: WARNING stevedore.named [None req-a6bda1d5-1eaf-4921-9acc-7bd4c66badc6 None None] Could not load cinder.keymgr.conf_key_mgr.ConfKeyManager
Mar 11 00:21:30 ubuntu devstack@c-api.service[119641]: WARNING castellan.key_manager [None req-a6bda1d5-1eaf-4921-9acc-7bd4c66badc6 None None] Deprecation Warning : cinder.keymgr.conf_key_mgr.ConfKeyManager is not a stevedore based driver, trying to load it as a class: stevedore.exception.NoMatches: No 'castellan.drivers' driver found, looking for 'cinder.keymgr.conf_key_mgr.ConfKeyManager'
Mar 11 00:21:30 ubuntu devstack@c-api.service[119640]: WARNING stevedore.named [None req-b7349923-ca1a-484f-8569-1ea0edf98038 None None] Could not load cinder.keymgr.conf_key_mgr.ConfKeyManager
Mar 11 00:21:30 ubuntu devstack@c-api.service[119640]: WARNING castellan.key_manager [None req-b7349923-ca1a-484f-8569-1ea0edf98038 None None] Deprecation Warning : cinder.keymgr.conf_key_mgr.ConfKeyManager is not a stevedore based driver, trying to load it as a class: stevedore.exception.NoMatches: No 'castellan.drivers' driver found, looking for 'cinder.keymgr.conf_key_mgr.ConfKeyManager'
Mar 11 00:21:30 ubuntu devstack@c-api.service[119641]: WARNING stevedore.named [None req-a6bda1d5-1eaf-4921-9acc-7bd4c66badc6 None None] Could not load cinder.keymgr.conf_key_mgr.ConfKeyManager
Mar 11 00:21:30 ubuntu devstack@c-api.service[119641]: WARNING castellan.key_manager [None req-a6bda1d5-1eaf-4921-9acc-7bd4c66badc6 None None] Deprecation Warning : cinder.keymgr.conf_key_mgr.ConfKeyManager is not a stevedore based driver, trying to load it as a class: stevedore.exception.NoMatches: No 'castellan.drivers' driver found, looking for 'cinder.keymgr.conf_key_mgr.ConfKeyManager'
Mar 11 00:21:30 ubuntu devstack@c-api.service[119640]: WARNING stevedore.named [None req-b7349923-ca1a-484f-8569-1ea0edf98038 None None] Could not load cinder.keymgr.conf_key_mgr.ConfKeyManager
Mar 11 00:21:30 ubuntu devstack@c-api.service[119640]: WARNING castellan.key_manager [None req-b7349923-ca1a-484f-8569-1ea0edf98038 None None] Deprecation Warning : cinder.keymgr.conf_key_mgr.ConfKeyManager is not a stevedore based driver, trying to load it as a class: stevedore.exception.NoMatches: No 'castellan.drivers' driver found, looking for 'cinder.keymgr.conf_key_mgr.ConfKeyManager'
Mar 11 00:21:30 ubuntu devstack@c-api.service[119641]: WARNING stevedore.named [None req-a6bda1d5-1eaf-4921-9acc-7bd4c66badc6 None None] Could not load cinder.keymgr.conf_key_mgr.ConfKeyManager
Mar 11 00:21:30 ubuntu devstack@c-api.service[119640]: WARNING stevedore.named [None req-b7349923-ca1a-484f-8569-1ea0edf98038 None None] Could not load cinder.keymgr.conf_key_mgr.ConfKeyManager
Mar 11 00:21:30 ubuntu devstack@c-api.service[119641]: WARNING castellan.key_manager [None req-a6bda1d5-1eaf-4921-9acc-7bd4c66badc6 None None] Deprecation Warning : cinder.keymgr.conf_key_mgr.ConfKeyManager is not a stevedore based driver, trying to load it as a class: stevedore.exception.NoMatches: No 'castellan.drivers' driver found, looking for 'cinder.keymgr.conf_key_mgr.ConfKeyManager'
Mar 11 00:21:30 ubuntu devstack@c-api.service[119640]: WARNING castellan.key_manager [None req-b7349923-ca1a-484f-8569-1ea0edf98038 None None] Deprecation Warning : cinder.keymgr.conf_key_mgr.ConfKeyManager is not a stevedore based driver, trying to load it as a class: stevedore.exception.NoMatches: No 'castellan.drivers' driver found, looking for 'cinder.keymgr.conf_key_mgr.ConfKeyManager'
Mar 11 00:21:30 ubuntu devstack@c-api.service[119641]: WARNING stevedore.named [None req-a6bda1d5-1eaf-4921-9acc-7bd4c66badc6 None None] Could not load cinder.keymgr.conf_key_mgr.ConfKeyManager
Mar 11 00:21:30 ubuntu devstack@c-api.service[119640]: WARNING stevedore.named [None req-b7349923-ca1a-484f-8569-1ea0edf98038 None None] Could not load cinder.keymgr.conf_key_mgr.ConfKeyManager
