Aug 19 07:33:20 jammy-provider-cloud-0000007486 systemd[1]: Starting Devstack devstack@g-api.service...
Aug 19 07:33:20 jammy-provider-cloud-0000007486 devstack@g-api.service[104782]: [uWSGI] getting INI configuration from /etc/glance/glance-uwsgi.ini
Aug 19 07:33:20 jammy-provider-cloud-0000007486 devstack@g-api.service[104782]: *** Starting uWSGI 2.0.20-debian (64bit) on [Mon Aug 19 07:33:20 2024] ***
Aug 19 07:33:20 jammy-provider-cloud-0000007486 devstack@g-api.service[104782]: compiled with version: 11.2.0 on 21 March 2022 11:00:44
Aug 19 07:33:20 jammy-provider-cloud-0000007486 devstack@g-api.service[104782]: os: Linux-5.15.0-107-generic #117-Ubuntu SMP Fri Apr 26 12:26:49 UTC 2024
Aug 19 07:33:20 jammy-provider-cloud-0000007486 devstack@g-api.service[104782]: nodename: jammy-provider-cloud-0000007486
Aug 19 07:33:20 jammy-provider-cloud-0000007486 devstack@g-api.service[104782]: machine: x86_64
Aug 19 07:33:20 jammy-provider-cloud-0000007486 devstack@g-api.service[104782]: clock source: unix
Aug 19 07:33:20 jammy-provider-cloud-0000007486 devstack@g-api.service[104782]: pcre jit disabled
Aug 19 07:33:20 jammy-provider-cloud-0000007486 devstack@g-api.service[104782]: detected number of CPU cores: 4
Aug 19 07:33:20 jammy-provider-cloud-0000007486 devstack@g-api.service[104782]: current working directory: /
Aug 19 07:33:20 jammy-provider-cloud-0000007486 devstack@g-api.service[104782]: detected binary path: /usr/bin/uwsgi-core
Aug 19 07:33:20 jammy-provider-cloud-0000007486 devstack@g-api.service[104782]: your processes number limit is 31298
Aug 19 07:33:20 jammy-provider-cloud-0000007486 devstack@g-api.service[104782]: your memory page size is 4096 bytes
Aug 19 07:33:20 jammy-provider-cloud-0000007486 devstack@g-api.service[104782]: detected max file descriptor number: 2048
Aug 19 07:33:20 jammy-provider-cloud-0000007486 devstack@g-api.service[104782]: lock engine: pthread robust mutexes
Aug 19 07:33:20 jammy-provider-cloud-0000007486 devstack@g-api.service[104782]: thunder lock: enabled
Aug 19 07:33:20 jammy-provider-cloud-0000007486 devstack@g-api.service[104782]: uwsgi socket 0 bound to TCP address 127.0.0.1:60999 fd 4
Aug 19 07:33:20 jammy-provider-cloud-0000007486 devstack@g-api.service[104782]: Python version: 3.10.12 (main, Jul 29 2024, 16:56:48) [GCC 11.4.0]
Aug 19 07:33:20 jammy-provider-cloud-0000007486 devstack@g-api.service[104782]: PEP 405 virtualenv detected: /opt/stack/data/venv
Aug 19 07:33:20 jammy-provider-cloud-0000007486 devstack@g-api.service[104782]: Set PythonHome to /opt/stack/data/venv
Aug 19 07:33:20 jammy-provider-cloud-0000007486 devstack@g-api.service[104782]: Python main interpreter initialized at 0x557fdb438e00
Aug 19 07:33:20 jammy-provider-cloud-0000007486 devstack@g-api.service[104782]: python threads support enabled
Aug 19 07:33:20 jammy-provider-cloud-0000007486 devstack@g-api.service[104782]: your server socket listen backlog is limited to 100 connections
Aug 19 07:33:20 jammy-provider-cloud-0000007486 devstack@g-api.service[104782]: your mercy for graceful operations on workers is 80 seconds
Aug 19 07:33:20 jammy-provider-cloud-0000007486 devstack@g-api.service[104782]: mapped 403077 bytes (393 KB) for 2 cores
Aug 19 07:33:20 jammy-provider-cloud-0000007486 devstack@g-api.service[104782]: *** Operational MODE: preforking ***
Aug 19 07:33:20 jammy-provider-cloud-0000007486 devstack@g-api.service[104782]: *** uWSGI is running in multiple interpreter mode ***
Aug 19 07:33:20 jammy-provider-cloud-0000007486 devstack@g-api.service[104782]: spawned uWSGI master process (pid: 104782)
Aug 19 07:33:20 jammy-provider-cloud-0000007486 systemd[1]: Started Devstack devstack@g-api.service.
Aug 19 07:33:20 jammy-provider-cloud-0000007486 devstack@g-api.service[104782]: spawned uWSGI worker 1 (pid: 104783, cores: 1)
Aug 19 07:33:20 jammy-provider-cloud-0000007486 devstack@g-api.service[104782]: spawned uWSGI worker 2 (pid: 104784, cores: 1)
Aug 19 07:33:20 jammy-provider-cloud-0000007486 devstack@g-api.service[104782]: running "unix_signal:15 gracefully_kill_them_all" (master-start)...
Aug 19 07:33:21 jammy-provider-cloud-0000007486 devstack@g-api.service[104783]: INFO glance.async_ [-] Threadpool model set to 'NativeThreadPoolModel'
Aug 19 07:33:21 jammy-provider-cloud-0000007486 devstack@g-api.service[104784]: INFO glance.async_ [-] Threadpool model set to 'NativeThreadPoolModel'
Aug 19 07:33:21 jammy-provider-cloud-0000007486 devstack@g-api.service[104783]: DEBUG oslo_concurrency.processutils [-] Running cmd (subprocess): grep -F node.session.scan /sbin/iscsiadm {{(pid=104783) execute /opt/stack/data/venv/lib/python3.10/site-packages/oslo_concurrency/processutils.py:390}}
Aug 19 07:33:21 jammy-provider-cloud-0000007486 devstack@g-api.service[104783]: DEBUG oslo_concurrency.processutils [-] CMD "grep -F node.session.scan /sbin/iscsiadm" returned: 0 in 0.008s {{(pid=104783) execute /opt/stack/data/venv/lib/python3.10/site-packages/oslo_concurrency/processutils.py:428}}
Aug 19 07:33:21 jammy-provider-cloud-0000007486 devstack@g-api.service[104784]: DEBUG oslo_concurrency.processutils [-] Running cmd (subprocess): grep -F node.session.scan /sbin/iscsiadm {{(pid=104784) execute /opt/stack/data/venv/lib/python3.10/site-packages/oslo_concurrency/processutils.py:390}}
Aug 19 07:33:21 jammy-provider-cloud-0000007486 devstack@g-api.service[104784]: DEBUG oslo_concurrency.processutils [-] CMD "grep -F node.session.scan /sbin/iscsiadm" returned: 0 in 0.008s {{(pid=104784) execute /opt/stack/data/venv/lib/python3.10/site-packages/oslo_concurrency/processutils.py:428}}
Aug 19 07:33:21 jammy-provider-cloud-0000007486 devstack@g-api.service[104783]: DEBUG glance_store.common.attachment_state_manager [-] Initialising _AttachmentStateManager {{(pid=104783) __init__ /opt/stack/data/venv/lib/python3.10/site-packages/glance_store/common/attachment_state_manager.py:86}}
Aug 19 07:33:21 jammy-provider-cloud-0000007486 devstack@g-api.service[104784]: DEBUG glance_store.common.attachment_state_manager [-] Initialising _AttachmentStateManager {{(pid=104784) __init__ /opt/stack/data/venv/lib/python3.10/site-packages/glance_store/common/attachment_state_manager.py:86}}
Aug 19 07:33:21 jammy-provider-cloud-0000007486 devstack@g-api.service[104783]: DEBUG glance_store.backend [-] Attempting to import store cinder {{(pid=104783) _load_store /opt/stack/data/venv/lib/python3.10/site-packages/glance_store/backend.py:216}}
Aug 19 07:33:21 jammy-provider-cloud-0000007486 devstack@g-api.service[104783]: DEBUG glance_store.backend [-] Attempting to import store file {{(pid=104783) _load_store /opt/stack/data/venv/lib/python3.10/site-packages/glance_store/backend.py:216}}
Aug 19 07:33:21 jammy-provider-cloud-0000007486 devstack@g-api.service[104783]: DEBUG glance_store.backend [-] Attempting to import store glance.store.cinder.Store {{(pid=104783) _load_store /opt/stack/data/venv/lib/python3.10/site-packages/glance_store/backend.py:216}}
Aug 19 07:33:21 jammy-provider-cloud-0000007486 devstack@g-api.service[104783]: DEBUG glance_store.backend [-] Attempting to import store glance.store.filesystem.Store {{(pid=104783) _load_store /opt/stack/data/venv/lib/python3.10/site-packages/glance_store/backend.py:216}}
Aug 19 07:33:21 jammy-provider-cloud-0000007486 devstack@g-api.service[104783]: DEBUG glance_store.backend [-] Attempting to import store glance.store.http.Store {{(pid=104783) _load_store /opt/stack/data/venv/lib/python3.10/site-packages/glance_store/backend.py:216}}
Aug 19 07:33:21 jammy-provider-cloud-0000007486 devstack@g-api.service[104783]: DEBUG glance_store.backend [-] Attempting to import store glance.store.rbd.Store {{(pid=104783) _load_store /opt/stack/data/venv/lib/python3.10/site-packages/glance_store/backend.py:216}}
Aug 19 07:33:21 jammy-provider-cloud-0000007486 devstack@g-api.service[104783]: DEBUG glance_store.backend [-] Attempting to import store glance.store.s3.Store {{(pid=104783) _load_store /opt/stack/data/venv/lib/python3.10/site-packages/glance_store/backend.py:216}}
Aug 19 07:33:21 jammy-provider-cloud-0000007486 devstack@g-api.service[104783]: DEBUG glance_store.backend [-] Attempting to import store glance.store.swift.Store {{(pid=104783) _load_store /opt/stack/data/venv/lib/python3.10/site-packages/glance_store/backend.py:216}}
Aug 19 07:33:21 jammy-provider-cloud-0000007486 devstack@g-api.service[104783]: DEBUG glance_store.backend [-] Attempting to import store glance.store.vmware_datastore.Store {{(pid=104783) _load_store /opt/stack/data/venv/lib/python3.10/site-packages/glance_store/backend.py:216}}
Aug 19 07:33:21 jammy-provider-cloud-0000007486 devstack@g-api.service[104783]: DEBUG glance_store.backend [-] Attempting to import store http {{(pid=104783) _load_store /opt/stack/data/venv/lib/python3.10/site-packages/glance_store/backend.py:216}}
Aug 19 07:33:21 jammy-provider-cloud-0000007486 devstack@g-api.service[104783]: DEBUG glance_store.backend [-] Attempting to import store no_conf {{(pid=104783) _load_store /opt/stack/data/venv/lib/python3.10/site-packages/glance_store/backend.py:216}}
Aug 19 07:33:21 jammy-provider-cloud-0000007486 devstack@g-api.service[104783]: DEBUG glance_store.backend [-] Attempting to import store rbd {{(pid=104783) _load_store /opt/stack/data/venv/lib/python3.10/site-packages/glance_store/backend.py:216}}
Aug 19 07:33:21 jammy-provider-cloud-0000007486 devstack@g-api.service[104783]: DEBUG glance_store.backend [-] Attempting to import store s3 {{(pid=104783) _load_store /opt/stack/data/venv/lib/python3.10/site-packages/glance_store/backend.py:216}}
Aug 19 07:33:21 jammy-provider-cloud-0000007486 devstack@g-api.service[104783]: DEBUG glance_store.backend [-] Attempting to import store swift {{(pid=104783) _load_store /opt/stack/data/venv/lib/python3.10/site-packages/glance_store/backend.py:216}}
Aug 19 07:33:21 jammy-provider-cloud-0000007486 devstack@g-api.service[104783]: DEBUG glance_store.backend [-] Attempting to import store vmware {{(pid=104783) _load_store /opt/stack/data/venv/lib/python3.10/site-packages/glance_store/backend.py:216}}
Aug 19 07:33:21 jammy-provider-cloud-0000007486 devstack@g-api.service[104783]: DEBUG glance_store.backend [-] Registering options for group glance_store {{(pid=104783) register_opts /opt/stack/data/venv/lib/python3.10/site-packages/glance_store/backend.py:145}}
Aug 19 07:33:21 jammy-provider-cloud-0000007486 devstack@g-api.service[104783]: DEBUG glance_store.backend [-] Registering options for group glance_store {{(pid=104783) register_opts /opt/stack/data/venv/lib/python3.10/site-packages/glance_store/backend.py:145}}
Aug 19 07:33:21 jammy-provider-cloud-0000007486 devstack@g-api.service[104783]: DEBUG glance_store.backend [-] Attempting to import store http {{(pid=104783) _load_store /opt/stack/data/venv/lib/python3.10/site-packages/glance_store/backend.py:216}}
Aug 19 07:33:21 jammy-provider-cloud-0000007486 devstack@g-api.service[104783]: DEBUG glance_store.capabilities [-] Store glance_store._drivers.http.Store doesn't support updating dynamic storage capabilities. Please overwrite 'update_capabilities' method of the store to implement updating logics if needed. {{(pid=104783) update_capabilities /opt/stack/data/venv/lib/python3.10/site-packages/glance_store/capabilities.py:91}}
Aug 19 07:33:21 jammy-provider-cloud-0000007486 devstack@g-api.service[104783]: DEBUG glance_store.backend [-] Registering store http with schemes ('http', 'https') {{(pid=104783) create_stores /opt/stack/data/venv/lib/python3.10/site-packages/glance_store/backend.py:262}}
Aug 19 07:33:21 jammy-provider-cloud-0000007486 devstack@g-api.service[104783]: DEBUG glance_store.driver [-] Late loading location class glance_store._drivers.http.StoreLocation {{(pid=104783) get_store_location_class /opt/stack/data/venv/lib/python3.10/site-packages/glance_store/driver.py:133}}
Aug 19 07:33:21 jammy-provider-cloud-0000007486 devstack@g-api.service[104783]: DEBUG glance_store.location [-] Registering scheme http with {'store': <glance_store._drivers.http.Store object at 0x7fc28bf62e60>, 'location_class': <class 'glance_store._drivers.http.StoreLocation'>, 'store_entry': 'http'} {{(pid=104783) register_scheme_map /opt/stack/data/venv/lib/python3.10/site-packages/glance_store/location.py:146}}
Aug 19 07:33:21 jammy-provider-cloud-0000007486 devstack@g-api.service[104783]: DEBUG glance_store.location [-] Registering scheme https with {'store': <glance_store._drivers.http.Store object at 0x7fc28bf62e60>, 'location_class': <class 'glance_store._drivers.http.StoreLocation'>, 'store_entry': 'http'} {{(pid=104783) register_scheme_map /opt/stack/data/venv/lib/python3.10/site-packages/glance_store/location.py:146}}
Aug 19 07:33:21 jammy-provider-cloud-0000007486 devstack@g-api.service[104783]: DEBUG glance_store.backend [-] Attempting to import store file {{(pid=104783) _load_store /opt/stack/data/venv/lib/python3.10/site-packages/glance_store/backend.py:216}}
Aug 19 07:33:21 jammy-provider-cloud-0000007486 devstack@g-api.service[104783]: DEBUG glance_store.capabilities [-] Store glance_store._drivers.filesystem.Store doesn't support updating dynamic storage capabilities. Please overwrite 'update_capabilities' method of the store to implement updating logics if needed. {{(pid=104783) update_capabilities /opt/stack/data/venv/lib/python3.10/site-packages/glance_store/capabilities.py:91}}
Aug 19 07:33:21 jammy-provider-cloud-0000007486 devstack@g-api.service[104783]: DEBUG glance_store.backend [-] Registering store file with schemes ('file', 'filesystem') {{(pid=104783) create_stores /opt/stack/data/venv/lib/python3.10/site-packages/glance_store/backend.py:262}}
Aug 19 07:33:21 jammy-provider-cloud-0000007486 devstack@g-api.service[104783]: DEBUG glance_store.driver [-] Late loading location class glance_store._drivers.filesystem.StoreLocation {{(pid=104783) get_store_location_class /opt/stack/data/venv/lib/python3.10/site-packages/glance_store/driver.py:133}}
Aug 19 07:33:21 jammy-provider-cloud-0000007486 devstack@g-api.service[104783]: DEBUG glance_store.location [-] Registering scheme file with {'store': <glance_store._drivers.filesystem.Store object at 0x7fc28bf63c40>, 'location_class': <class 'glance_store._drivers.filesystem.StoreLocation'>, 'store_entry': 'file'} {{(pid=104783) register_scheme_map /opt/stack/data/venv/lib/python3.10/site-packages/glance_store/location.py:146}}
Aug 19 07:33:21 jammy-provider-cloud-0000007486 devstack@g-api.service[104783]: DEBUG glance_store.location [-] Registering scheme filesystem with {'store': <glance_store._drivers.filesystem.Store object at 0x7fc28bf63c40>, 'location_class': <class 'glance_store._drivers.filesystem.StoreLocation'>, 'store_entry': 'file'} {{(pid=104783) register_scheme_map /opt/stack/data/venv/lib/python3.10/site-packages/glance_store/location.py:146}}
Aug 19 07:33:21 jammy-provider-cloud-0000007486 devstack@g-api.service[104783]: DEBUG glance.sqlite_migration [-] SQLite caching database not located, skipping migration {{(pid=104783) get_db_path /opt/stack/glance/glance/sqlite_migration.py:68}}
Aug 19 07:33:21 jammy-provider-cloud-0000007486 devstack@g-api.service[104783]: WARNING glance.common.wsgi_app [-] Import methods are enabled but staging directory /tmp/staging/ does not exist; Imports will fail!
Aug 19 07:33:21 jammy-provider-cloud-0000007486 devstack@g-api.service[104784]: DEBUG glance_store.backend [-] Attempting to import store cinder {{(pid=104784) _load_store /opt/stack/data/venv/lib/python3.10/site-packages/glance_store/backend.py:216}}
Aug 19 07:33:21 jammy-provider-cloud-0000007486 devstack@g-api.service[104784]: DEBUG glance_store.backend [-] Attempting to import store file {{(pid=104784) _load_store /opt/stack/data/venv/lib/python3.10/site-packages/glance_store/backend.py:216}}
Aug 19 07:33:21 jammy-provider-cloud-0000007486 devstack@g-api.service[104784]: DEBUG glance_store.backend [-] Attempting to import store glance.store.cinder.Store {{(pid=104784) _load_store /opt/stack/data/venv/lib/python3.10/site-packages/glance_store/backend.py:216}}
Aug 19 07:33:21 jammy-provider-cloud-0000007486 devstack@g-api.service[104784]: DEBUG glance_store.backend [-] Attempting to import store glance.store.filesystem.Store {{(pid=104784) _load_store /opt/stack/data/venv/lib/python3.10/site-packages/glance_store/backend.py:216}}
Aug 19 07:33:21 jammy-provider-cloud-0000007486 devstack@g-api.service[104784]: DEBUG glance_store.backend [-] Attempting to import store glance.store.http.Store {{(pid=104784) _load_store /opt/stack/data/venv/lib/python3.10/site-packages/glance_store/backend.py:216}}
Aug 19 07:33:21 jammy-provider-cloud-0000007486 devstack@g-api.service[104784]: DEBUG glance_store.backend [-] Attempting to import store glance.store.rbd.Store {{(pid=104784) _load_store /opt/stack/data/venv/lib/python3.10/site-packages/glance_store/backend.py:216}}
Aug 19 07:33:21 jammy-provider-cloud-0000007486 devstack@g-api.service[104784]: DEBUG glance_store.backend [-] Attempting to import store glance.store.s3.Store {{(pid=104784) _load_store /opt/stack/data/venv/lib/python3.10/site-packages/glance_store/backend.py:216}}
Aug 19 07:33:21 jammy-provider-cloud-0000007486 devstack@g-api.service[104784]: DEBUG glance_store.backend [-] Attempting to import store glance.store.swift.Store {{(pid=104784) _load_store /opt/stack/data/venv/lib/python3.10/site-packages/glance_store/backend.py:216}}
Aug 19 07:33:21 jammy-provider-cloud-0000007486 devstack@g-api.service[104784]: DEBUG glance_store.backend [-] Attempting to import store glance.store.vmware_datastore.Store {{(pid=104784) _load_store /opt/stack/data/venv/lib/python3.10/site-packages/glance_store/backend.py:216}}
Aug 19 07:33:21 jammy-provider-cloud-0000007486 devstack@g-api.service[104784]: DEBUG glance_store.backend [-] Attempting to import store http {{(pid=104784) _load_store /opt/stack/data/venv/lib/python3.10/site-packages/glance_store/backend.py:216}}
Aug 19 07:33:21 jammy-provider-cloud-0000007486 devstack@g-api.service[104784]: DEBUG glance_store.backend [-] Attempting to import store no_conf {{(pid=104784) _load_store /opt/stack/data/venv/lib/python3.10/site-packages/glance_store/backend.py:216}}
Aug 19 07:33:21 jammy-provider-cloud-0000007486 devstack@g-api.service[104784]: DEBUG glance_store.backend [-] Attempting to import store rbd {{(pid=104784) _load_store /opt/stack/data/venv/lib/python3.10/site-packages/glance_store/backend.py:216}}
Aug 19 07:33:21 jammy-provider-cloud-0000007486 devstack@g-api.service[104784]: DEBUG glance_store.backend [-] Attempting to import store s3 {{(pid=104784) _load_store /opt/stack/data/venv/lib/python3.10/site-packages/glance_store/backend.py:216}}
Aug 19 07:33:21 jammy-provider-cloud-0000007486 devstack@g-api.service[104784]: DEBUG glance_store.backend [-] Attempting to import store swift {{(pid=104784) _load_store /opt/stack/data/venv/lib/python3.10/site-packages/glance_store/backend.py:216}}
Aug 19 07:33:21 jammy-provider-cloud-0000007486 devstack@g-api.service[104784]: DEBUG glance_store.backend [-] Attempting to import store vmware {{(pid=104784) _load_store /opt/stack/data/venv/lib/python3.10/site-packages/glance_store/backend.py:216}}
Aug 19 07:33:21 jammy-provider-cloud-0000007486 devstack@g-api.service[104784]: DEBUG glance_store.backend [-] Registering options for group glance_store {{(pid=104784) register_opts /opt/stack/data/venv/lib/python3.10/site-packages/glance_store/backend.py:145}}
Aug 19 07:33:21 jammy-provider-cloud-0000007486 devstack@g-api.service[104784]: DEBUG glance_store.backend [-] Registering options for group glance_store {{(pid=104784) register_opts /opt/stack/data/venv/lib/python3.10/site-packages/glance_store/backend.py:145}}
Aug 19 07:33:21 jammy-provider-cloud-0000007486 devstack@g-api.service[104784]: DEBUG glance_store.backend [-] Attempting to import store http {{(pid=104784) _load_store /opt/stack/data/venv/lib/python3.10/site-packages/glance_store/backend.py:216}}
Aug 19 07:33:21 jammy-provider-cloud-0000007486 devstack@g-api.service[104784]: DEBUG glance_store.capabilities [-] Store glance_store._drivers.http.Store doesn't support updating dynamic storage capabilities. Please overwrite 'update_capabilities' method of the store to implement updating logics if needed. {{(pid=104784) update_capabilities /opt/stack/data/venv/lib/python3.10/site-packages/glance_store/capabilities.py:91}}
Aug 19 07:33:21 jammy-provider-cloud-0000007486 devstack@g-api.service[104784]: DEBUG glance_store.backend [-] Registering store http with schemes ('http', 'https') {{(pid=104784) create_stores /opt/stack/data/venv/lib/python3.10/site-packages/glance_store/backend.py:262}}
Aug 19 07:33:21 jammy-provider-cloud-0000007486 devstack@g-api.service[104784]: DEBUG glance_store.driver [-] Late loading location class glance_store._drivers.http.StoreLocation {{(pid=104784) get_store_location_class /opt/stack/data/venv/lib/python3.10/site-packages/glance_store/driver.py:133}}
Aug 19 07:33:21 jammy-provider-cloud-0000007486 devstack@g-api.service[104784]: DEBUG glance_store.location [-] Registering scheme http with {'store': <glance_store._drivers.http.Store object at 0x7fc28bf5ee60>, 'location_class': <class 'glance_store._drivers.http.StoreLocation'>, 'store_entry': 'http'} {{(pid=104784) register_scheme_map /opt/stack/data/venv/lib/python3.10/site-packages/glance_store/location.py:146}}
Aug 19 07:33:21 jammy-provider-cloud-0000007486 devstack@g-api.service[104784]: DEBUG glance_store.location [-] Registering scheme https with {'store': <glance_store._drivers.http.Store object at 0x7fc28bf5ee60>, 'location_class': <class 'glance_store._drivers.http.StoreLocation'>, 'store_entry': 'http'} {{(pid=104784) register_scheme_map /opt/stack/data/venv/lib/python3.10/site-packages/glance_store/location.py:146}}
Aug 19 07:33:21 jammy-provider-cloud-0000007486 devstack@g-api.service[104784]: DEBUG glance_store.backend [-] Attempting to import store file {{(pid=104784) _load_store /opt/stack/data/venv/lib/python3.10/site-packages/glance_store/backend.py:216}}
Aug 19 07:33:21 jammy-provider-cloud-0000007486 devstack@g-api.service[104784]: DEBUG glance_store.capabilities [-] Store glance_store._drivers.filesystem.Store doesn't support updating dynamic storage capabilities. Please overwrite 'update_capabilities' method of the store to implement updating logics if needed. {{(pid=104784) update_capabilities /opt/stack/data/venv/lib/python3.10/site-packages/glance_store/capabilities.py:91}}
Aug 19 07:33:21 jammy-provider-cloud-0000007486 devstack@g-api.service[104784]: DEBUG glance_store.backend [-] Registering store file with schemes ('file', 'filesystem') {{(pid=104784) create_stores /opt/stack/data/venv/lib/python3.10/site-packages/glance_store/backend.py:262}}
Aug 19 07:33:21 jammy-provider-cloud-0000007486 devstack@g-api.service[104784]: DEBUG glance_store.driver [-] Late loading location class glance_store._drivers.filesystem.StoreLocation {{(pid=104784) get_store_location_class /opt/stack/data/venv/lib/python3.10/site-packages/glance_store/driver.py:133}}
Aug 19 07:33:21 jammy-provider-cloud-0000007486 devstack@g-api.service[104784]: DEBUG glance_store.location [-] Registering scheme file with {'store': <glance_store._drivers.filesystem.Store object at 0x7fc28bf5fc40>, 'location_class': <class 'glance_store._drivers.filesystem.StoreLocation'>, 'store_entry': 'file'} {{(pid=104784) register_scheme_map /opt/stack/data/venv/lib/python3.10/site-packages/glance_store/location.py:146}}
Aug 19 07:33:21 jammy-provider-cloud-0000007486 devstack@g-api.service[104784]: DEBUG glance_store.location [-] Registering scheme filesystem with {'store': <glance_store._drivers.filesystem.Store object at 0x7fc28bf5fc40>, 'location_class': <class 'glance_store._drivers.filesystem.StoreLocation'>, 'store_entry': 'file'} {{(pid=104784) register_scheme_map /opt/stack/data/venv/lib/python3.10/site-packages/glance_store/location.py:146}}
Aug 19 07:33:21 jammy-provider-cloud-0000007486 devstack@g-api.service[104784]: DEBUG glance.sqlite_migration [-] SQLite caching database not located, skipping migration {{(pid=104784) get_db_path /opt/stack/glance/glance/sqlite_migration.py:68}}
Aug 19 07:33:21 jammy-provider-cloud-0000007486 devstack@g-api.service[104784]: WARNING glance.common.wsgi_app [-] Import methods are enabled but staging directory /tmp/staging/ does not exist; Imports will fail!
Aug 19 07:33:21 jammy-provider-cloud-0000007486 devstack@g-api.service[104783]: DEBUG glance.common.config [None req-1c5d3033-0a1f-40d8-9965-7bea08040fba None None] Loading glance-api-keystone+cachemanagement from /etc/glance/glance-api-paste.ini {{(pid=104783) load_paste_app /opt/stack/glance/glance/common/config.py:726}}
Aug 19 07:33:22 jammy-provider-cloud-0000007486 devstack@g-api.service[104784]: DEBUG glance.common.config [None req-a43d4a79-6bd1-4bb3-b9fa-da37c859cfed None None] Loading glance-api-keystone+cachemanagement from /etc/glance/glance-api-paste.ini {{(pid=104784) load_paste_app /opt/stack/glance/glance/common/config.py:726}}
Aug 19 07:33:22 jammy-provider-cloud-0000007486 devstack@g-api.service[104784]: INFO glance.image_cache [None req-a43d4a79-6bd1-4bb3-b9fa-da37c859cfed None None] Image cache loaded driver 'centralized_db'.
Aug 19 07:33:22 jammy-provider-cloud-0000007486 devstack@g-api.service[104783]: INFO glance.image_cache [None req-1c5d3033-0a1f-40d8-9965-7bea08040fba None None] Image cache loaded driver 'centralized_db'.
Aug 19 07:33:22 jammy-provider-cloud-0000007486 devstack@g-api.service[104784]: INFO dbcounter [None req-a43d4a79-6bd1-4bb3-b9fa-da37c859cfed None None] Registered counter for database glance
Aug 19 07:33:22 jammy-provider-cloud-0000007486 devstack@g-api.service[104783]: INFO dbcounter [None req-1c5d3033-0a1f-40d8-9965-7bea08040fba None None] Registered counter for database glance
Aug 19 07:33:22 jammy-provider-cloud-0000007486 devstack@g-api.service[104784]: DEBUG oslo_db.sqlalchemy.engines [None req-a43d4a79-6bd1-4bb3-b9fa-da37c859cfed None None] MySQL server mode set to STRICT_TRANS_TABLES,STRICT_ALL_TABLES,NO_ZERO_IN_DATE,NO_ZERO_DATE,ERROR_FOR_DIVISION_BY_ZERO,TRADITIONAL,NO_ENGINE_SUBSTITUTION {{(pid=104784) _check_effective_sql_mode /opt/stack/data/venv/lib/python3.10/site-packages/oslo_db/sqlalchemy/engines.py:342}}
Aug 19 07:33:22 jammy-provider-cloud-0000007486 devstack@g-api.service[104783]: DEBUG oslo_db.sqlalchemy.engines [None req-1c5d3033-0a1f-40d8-9965-7bea08040fba None None] MySQL server mode set to STRICT_TRANS_TABLES,STRICT_ALL_TABLES,NO_ZERO_IN_DATE,NO_ZERO_DATE,ERROR_FOR_DIVISION_BY_ZERO,TRADITIONAL,NO_ENGINE_SUBSTITUTION {{(pid=104783) _check_effective_sql_mode /opt/stack/data/venv/lib/python3.10/site-packages/oslo_db/sqlalchemy/engines.py:342}}
Aug 19 07:33:22 jammy-provider-cloud-0000007486 devstack@g-api.service[104784]: DEBUG dbcounter [-] [104784] Writer thread running {{(pid=104784) stat_writer /opt/stack/data/venv/lib/python3.10/site-packages/dbcounter.py:102}}
Aug 19 07:33:22 jammy-provider-cloud-0000007486 devstack@g-api.service[104783]: DEBUG dbcounter [-] [104783] Writer thread running {{(pid=104783) stat_writer /opt/stack/data/venv/lib/python3.10/site-packages/dbcounter.py:102}}
Aug 19 07:33:22 jammy-provider-cloud-0000007486 devstack@g-api.service[104783]: DEBUG glance.image_cache.drivers.centralized_db [None req-1c5d3033-0a1f-40d8-9965-7bea08040fba None None] Node reference is already recorded, ignoring it {{(pid=104783) configure /opt/stack/glance/glance/image_cache/drivers/centralized_db.py:71}}
Aug 19 07:33:22 jammy-provider-cloud-0000007486 devstack@g-api.service[104784]: INFO glance.image_cache [None req-a43d4a79-6bd1-4bb3-b9fa-da37c859cfed None None] Image cache loaded driver 'centralized_db'.
Aug 19 07:33:22 jammy-provider-cloud-0000007486 devstack@g-api.service[104783]: INFO glance.image_cache [None req-1c5d3033-0a1f-40d8-9965-7bea08040fba None None] Image cache loaded driver 'centralized_db'.
Aug 19 07:33:22 jammy-provider-cloud-0000007486 devstack@g-api.service[104784]: DEBUG glance.image_cache.drivers.centralized_db [None req-a43d4a79-6bd1-4bb3-b9fa-da37c859cfed None None] Node reference is already recorded, ignoring it {{(pid=104784) configure /opt/stack/glance/glance/image_cache/drivers/centralized_db.py:71}}
Aug 19 07:33:22 jammy-provider-cloud-0000007486 devstack@g-api.service[104783]: DEBUG glance.image_cache.drivers.centralized_db [None req-1c5d3033-0a1f-40d8-9965-7bea08040fba None None] Node reference is already recorded, ignoring it {{(pid=104783) configure /opt/stack/glance/glance/image_cache/drivers/centralized_db.py:71}}
Aug 19 07:33:22 jammy-provider-cloud-0000007486 devstack@g-api.service[104784]: DEBUG glance.api.v2.cached_images [None req-a43d4a79-6bd1-4bb3-b9fa-da37c859cfed None None] Started cache worker thread {{(pid=104784) __init__ /opt/stack/glance/glance/api/v2/cached_images.py:69}}
Aug 19 07:33:22 jammy-provider-cloud-0000007486 devstack@g-api.service[104784]: INFO glance.image_cache [None req-a43d4a79-6bd1-4bb3-b9fa-da37c859cfed None None] Image cache loaded driver 'centralized_db'.
Aug 19 07:33:22 jammy-provider-cloud-0000007486 devstack@g-api.service[104783]: DEBUG glance.api.v2.cached_images [None req-1c5d3033-0a1f-40d8-9965-7bea08040fba None None] Started cache worker thread {{(pid=104783) __init__ /opt/stack/glance/glance/api/v2/cached_images.py:69}}
Aug 19 07:33:22 jammy-provider-cloud-0000007486 devstack@g-api.service[104783]: INFO glance.image_cache [None req-1c5d3033-0a1f-40d8-9965-7bea08040fba None None] Image cache loaded driver 'centralized_db'.
Aug 19 07:33:22 jammy-provider-cloud-0000007486 devstack@g-api.service[104784]: DEBUG glance.image_cache.drivers.centralized_db [None req-a43d4a79-6bd1-4bb3-b9fa-da37c859cfed None None] Node reference is already recorded, ignoring it {{(pid=104784) configure /opt/stack/glance/glance/image_cache/drivers/centralized_db.py:71}}
Aug 19 07:33:22 jammy-provider-cloud-0000007486 devstack@g-api.service[104783]: DEBUG glance.image_cache.drivers.centralized_db [None req-1c5d3033-0a1f-40d8-9965-7bea08040fba None None] Node reference is already recorded, ignoring it {{(pid=104783) configure /opt/stack/glance/glance/image_cache/drivers/centralized_db.py:71}}
Aug 19 07:33:22 jammy-provider-cloud-0000007486 devstack@g-api.service[104784]: INFO glance.api.middleware.cache_manage [None req-a43d4a79-6bd1-4bb3-b9fa-da37c859cfed None None] Initialized image cache management middleware
Aug 19 07:33:22 jammy-provider-cloud-0000007486 devstack@g-api.service[104784]: INFO glance.image_cache [None req-a43d4a79-6bd1-4bb3-b9fa-da37c859cfed None None] Image cache loaded driver 'centralized_db'.
Aug 19 07:33:22 jammy-provider-cloud-0000007486 devstack@g-api.service[104783]: INFO glance.api.middleware.cache_manage [None req-1c5d3033-0a1f-40d8-9965-7bea08040fba None None] Initialized image cache management middleware
Aug 19 07:33:22 jammy-provider-cloud-0000007486 devstack@g-api.service[104783]: INFO glance.image_cache [None req-1c5d3033-0a1f-40d8-9965-7bea08040fba None None] Image cache loaded driver 'centralized_db'.
Aug 19 07:33:22 jammy-provider-cloud-0000007486 devstack@g-api.service[104784]: DEBUG glance.image_cache.drivers.centralized_db [None req-a43d4a79-6bd1-4bb3-b9fa-da37c859cfed None None] Node reference is already recorded, ignoring it {{(pid=104784) configure /opt/stack/glance/glance/image_cache/drivers/centralized_db.py:71}}
Aug 19 07:33:22 jammy-provider-cloud-0000007486 devstack@g-api.service[104783]: DEBUG glance.image_cache.drivers.centralized_db [None req-1c5d3033-0a1f-40d8-9965-7bea08040fba None None] Node reference is already recorded, ignoring it {{(pid=104783) configure /opt/stack/glance/glance/image_cache/drivers/centralized_db.py:71}}
Aug 19 07:33:22 jammy-provider-cloud-0000007486 devstack@g-api.service[104784]: INFO glance.api.middleware.cache [None req-a43d4a79-6bd1-4bb3-b9fa-da37c859cfed None None] Initialized image cache middleware
Aug 19 07:33:22 jammy-provider-cloud-0000007486 devstack@g-api.service[104783]: INFO glance.api.middleware.cache [None req-1c5d3033-0a1f-40d8-9965-7bea08040fba None None] Initialized image cache middleware
Aug 19 07:33:22 jammy-provider-cloud-0000007486 devstack@g-api.service[104784]: WARNING keystonemiddleware.auth_token [None req-a43d4a79-6bd1-4bb3-b9fa-da37c859cfed None None] AuthToken middleware is set with keystone_authtoken.service_token_roles_required set to False. This is backwards compatible but deprecated behaviour. Please set this to True.
Aug 19 07:33:22 jammy-provider-cloud-0000007486 devstack@g-api.service[104784]: WARNING keystonemiddleware.auth_token [None req-a43d4a79-6bd1-4bb3-b9fa-da37c859cfed None None] Configuring www_authenticate_uri to point to the public identity endpoint is required; clients may not be able to authenticate against an admin endpoint
Aug 19 07:33:22 jammy-provider-cloud-0000007486 devstack@g-api.service[104783]: WARNING keystonemiddleware.auth_token [None req-1c5d3033-0a1f-40d8-9965-7bea08040fba None None] AuthToken middleware is set with keystone_authtoken.service_token_roles_required set to False. This is backwards compatible but deprecated behaviour. Please set this to True.
Aug 19 07:33:22 jammy-provider-cloud-0000007486 devstack@g-api.service[104784]: DEBUG glance.common.config [None req-a43d4a79-6bd1-4bb3-b9fa-da37c859cfed None None] ******************************************************************************** {{(pid=104784) log_opt_values /opt/stack/data/venv/lib/python3.10/site-packages/oslo_config/cfg.py:2600}}
Aug 19 07:33:22 jammy-provider-cloud-0000007486 devstack@g-api.service[104784]: DEBUG glance.common.config [None req-a43d4a79-6bd1-4bb3-b9fa-da37c859cfed None None] Configuration options gathered from: {{(pid=104784) log_opt_values /opt/stack/data/venv/lib/python3.10/site-packages/oslo_config/cfg.py:2601}}
Aug 19 07:33:22 jammy-provider-cloud-0000007486 devstack@g-api.service[104784]: DEBUG glance.common.config [None req-a43d4a79-6bd1-4bb3-b9fa-da37c859cfed None None] command line args: [] {{(pid=104784) log_opt_values /opt/stack/data/venv/lib/python3.10/site-packages/oslo_config/cfg.py:2602}}
Aug 19 07:33:22 jammy-provider-cloud-0000007486 devstack@g-api.service[104784]: DEBUG glance.common.config [None req-a43d4a79-6bd1-4bb3-b9fa-da37c859cfed None None] config files: ['/etc/glance/glance-image-import.conf', '/etc/glance/glance-api.conf'] {{(pid=104784) log_opt_values /opt/stack/data/venv/lib/python3.10/site-packages/oslo_config/cfg.py:2603}}
Aug 19 07:33:22 jammy-provider-cloud-0000007486 devstack@g-api.service[104784]: DEBUG glance.common.config [None req-a43d4a79-6bd1-4bb3-b9fa-da37c859cfed None None] ================================================================================ {{(pid=104784) log_opt_values /opt/stack/data/venv/lib/python3.10/site-packages/oslo_config/cfg.py:2605}}
Aug 19 07:33:22 jammy-provider-cloud-0000007486 devstack@g-api.service[104784]: DEBUG glance.common.config [None req-a43d4a79-6bd1-4bb3-b9fa-da37c859cfed None None] allow_anonymous_access         = False {{(pid=104784) log_opt_values /opt/stack/data/venv/lib/python3.10/site-packages/oslo_config/cfg.py:2613}}
Aug 19 07:33:22 jammy-provider-cloud-0000007486 devstack@g-api.service[104784]: DEBUG glance.common.config [None req-a43d4a79-6bd1-4bb3-b9fa-da37c859cfed None None] api_limit_max                  = 1000 {{(pid=104784) log_opt_values /opt/stack/data/venv/lib/python3.10/site-packages/oslo_config/cfg.py:2613}}
Aug 19 07:33:22 jammy-provider-cloud-0000007486 devstack@g-api.service[104784]: DEBUG glance.common.config [None req-a43d4a79-6bd1-4bb3-b9fa-da37c859cfed None None] backlog                        = 4096 {{(pid=104784) log_opt_values /opt/stack/data/venv/lib/python3.10/site-packages/oslo_config/cfg.py:2613}}
Aug 19 07:33:22 jammy-provider-cloud-0000007486 devstack@g-api.service[104784]: DEBUG glance.common.config [None req-a43d4a79-6bd1-4bb3-b9fa-da37c859cfed None None] bind_host                      = 0.0.0.0 {{(pid=104784) log_opt_values /opt/stack/data/venv/lib/python3.10/site-packages/oslo_config/cfg.py:2613}}
Aug 19 07:33:22 jammy-provider-cloud-0000007486 devstack@g-api.service[104784]: DEBUG glance.common.config [None req-a43d4a79-6bd1-4bb3-b9fa-da37c859cfed None None] bind_port                      = None {{(pid=104784) log_opt_values /opt/stack/data/venv/lib/python3.10/site-packages/oslo_config/cfg.py:2613}}
Aug 19 07:33:22 jammy-provider-cloud-0000007486 devstack@g-api.service[104784]: DEBUG glance.common.config [None req-a43d4a79-6bd1-4bb3-b9fa-da37c859cfed None None] client_socket_timeout          = 900 {{(pid=104784) log_opt_values /opt/stack/data/venv/lib/python3.10/site-packages/oslo_config/cfg.py:2613}}
Aug 19 07:33:22 jammy-provider-cloud-0000007486 devstack@g-api.service[104784]: DEBUG glance.common.config [None req-a43d4a79-6bd1-4bb3-b9fa-da37c859cfed None None] config_dir                     = [] {{(pid=104784) log_opt_values /opt/stack/data/venv/lib/python3.10/site-packages/oslo_config/cfg.py:2613}}
Aug 19 07:33:22 jammy-provider-cloud-0000007486 devstack@g-api.service[104784]: DEBUG glance.common.config [None req-a43d4a79-6bd1-4bb3-b9fa-da37c859cfed None None] config_file                    = ['/etc/glance/glance-image-import.conf', '/etc/glance/glance-api.conf'] {{(pid=104784) log_opt_values /opt/stack/data/venv/lib/python3.10/site-packages/oslo_config/cfg.py:2613}}
Aug 19 07:33:22 jammy-provider-cloud-0000007486 devstack@g-api.service[104784]: DEBUG glance.common.config [None req-a43d4a79-6bd1-4bb3-b9fa-da37c859cfed None None] config_source                  = [] {{(pid=104784) log_opt_values /opt/stack/data/venv/lib/python3.10/site-packages/oslo_config/cfg.py:2613}}
Aug 19 07:33:22 jammy-provider-cloud-0000007486 devstack@g-api.service[104784]: DEBUG glance.common.config [None req-a43d4a79-6bd1-4bb3-b9fa-da37c859cfed None None] control_exchange               = glance {{(pid=104784) log_opt_values /opt/stack/data/venv/lib/python3.10/site-packages/oslo_config/cfg.py:2613}}
Aug 19 07:33:22 jammy-provider-cloud-0000007486 devstack@g-api.service[104784]: DEBUG glance.common.config [None req-a43d4a79-6bd1-4bb3-b9fa-da37c859cfed None None] debug                          = True {{(pid=104784) log_opt_values /opt/stack/data/venv/lib/python3.10/site-packages/oslo_config/cfg.py:2613}}
Aug 19 07:33:22 jammy-provider-cloud-0000007486 devstack@g-api.service[104784]: DEBUG glance.common.config [None req-a43d4a79-6bd1-4bb3-b9fa-da37c859cfed None None] default_log_levels             = ['amqp=WARN', 'amqplib=WARN', 'boto=WARN', 'qpid=WARN', 'sqlalchemy=WARN', 'suds=INFO', 'oslo.messaging=INFO', 'oslo_messaging=INFO', 'iso8601=WARN', 'requests.packages.urllib3.connectionpool=WARN', 'urllib3.connectionpool=WARN', 'websocket=WARN', 'requests.packages.urllib3.util.retry=WARN', 'urllib3.util.retry=WARN', 'keystonemiddleware=WARN', 'routes.middleware=WARN', 'stevedore=WARN', 'taskflow=WARN', 'keystoneauth=WARN', 'oslo.cache=INFO', 'oslo_policy=INFO', 'dogpile.core.dogpile=INFO'] {{(pid=104784) log_opt_values /opt/stack/data/venv/lib/python3.10/site-packages/oslo_config/cfg.py:2613}}
Aug 19 07:33:22 jammy-provider-cloud-0000007486 devstack@g-api.service[104784]: DEBUG glance.common.config [None req-a43d4a79-6bd1-4bb3-b9fa-da37c859cfed None None] default_publisher_id           = image.localhost {{(pid=104784) log_opt_values /opt/stack/data/venv/lib/python3.10/site-packages/oslo_config/cfg.py:2613}}
Aug 19 07:33:22 jammy-provider-cloud-0000007486 devstack@g-api.service[104784]: DEBUG glance.common.config [None req-a43d4a79-6bd1-4bb3-b9fa-da37c859cfed None None] delayed_delete                 = False {{(pid=104784) log_opt_values /opt/stack/data/venv/lib/python3.10/site-packages/oslo_config/cfg.py:2613}}
Aug 19 07:33:22 jammy-provider-cloud-0000007486 devstack@g-api.service[104784]: DEBUG glance.common.config [None req-a43d4a79-6bd1-4bb3-b9fa-da37c859cfed None None] digest_algorithm               = sha256 {{(pid=104784) log_opt_values /opt/stack/data/venv/lib/python3.10/site-packages/oslo_config/cfg.py:2613}}
Aug 19 07:33:22 jammy-provider-cloud-0000007486 devstack@g-api.service[104784]: DEBUG glance.common.config [None req-a43d4a79-6bd1-4bb3-b9fa-da37c859cfed None None] disabled_notifications         = [] {{(pid=104784) log_opt_values /opt/stack/data/venv/lib/python3.10/site-packages/oslo_config/cfg.py:2613}}
Aug 19 07:33:22 jammy-provider-cloud-0000007486 devstack@g-api.service[104784]: DEBUG glance.common.config [None req-a43d4a79-6bd1-4bb3-b9fa-da37c859cfed None None] do_secure_hash                 = True {{(pid=104784) log_opt_values /opt/stack/data/venv/lib/python3.10/site-packages/oslo_config/cfg.py:2613}}
Aug 19 07:33:22 jammy-provider-cloud-0000007486 devstack@g-api.service[104784]: DEBUG glance.common.config [None req-a43d4a79-6bd1-4bb3-b9fa-da37c859cfed None None] enabled_backends               = None {{(pid=104784) log_opt_values /opt/stack/data/venv/lib/python3.10/site-packages/oslo_config/cfg.py:2613}}
Aug 19 07:33:22 jammy-provider-cloud-0000007486 devstack@g-api.service[104784]: DEBUG glance.common.config [None req-a43d4a79-6bd1-4bb3-b9fa-da37c859cfed None None] enabled_import_methods         = ['glance-direct', 'web-download', 'copy-image'] {{(pid=104784) log_opt_values /opt/stack/data/venv/lib/python3.10/site-packages/oslo_config/cfg.py:2613}}
Aug 19 07:33:22 jammy-provider-cloud-0000007486 devstack@g-api.service[104784]: DEBUG glance.common.config [None req-a43d4a79-6bd1-4bb3-b9fa-da37c859cfed None None] hashing_algorithm              = sha512 {{(pid=104784) log_opt_values /opt/stack/data/venv/lib/python3.10/site-packages/oslo_config/cfg.py:2613}}
Aug 19 07:33:22 jammy-provider-cloud-0000007486 devstack@g-api.service[104784]: DEBUG glance.common.config [None req-a43d4a79-6bd1-4bb3-b9fa-da37c859cfed None None] http_keepalive                 = True {{(pid=104784) log_opt_values /opt/stack/data/venv/lib/python3.10/site-packages/oslo_config/cfg.py:2613}}
Aug 19 07:33:22 jammy-provider-cloud-0000007486 devstack@g-api.service[104784]: DEBUG glance.common.config [None req-a43d4a79-6bd1-4bb3-b9fa-da37c859cfed None None] http_retries                   = 3 {{(pid=104784) log_opt_values /opt/stack/data/venv/lib/python3.10/site-packages/oslo_config/cfg.py:2613}}
Aug 19 07:33:22 jammy-provider-cloud-0000007486 devstack@g-api.service[104784]: DEBUG glance.common.config [None req-a43d4a79-6bd1-4bb3-b9fa-da37c859cfed None None] image_cache_dir                = /opt/stack/data/glance/cache/ {{(pid=104784) log_opt_values /opt/stack/data/venv/lib/python3.10/site-packages/oslo_config/cfg.py:2613}}
Aug 19 07:33:22 jammy-provider-cloud-0000007486 devstack@g-api.service[104784]: DEBUG glance.common.config [None req-a43d4a79-6bd1-4bb3-b9fa-da37c859cfed None None] image_cache_driver             = centralized_db {{(pid=104784) log_opt_values /opt/stack/data/venv/lib/python3.10/site-packages/oslo_config/cfg.py:2613}}
Aug 19 07:33:22 jammy-provider-cloud-0000007486 devstack@g-api.service[104783]: WARNING keystonemiddleware.auth_token [None req-1c5d3033-0a1f-40d8-9965-7bea08040fba None None] Configuring www_authenticate_uri to point to the public identity endpoint is required; clients may not be able to authenticate against an admin endpoint
Aug 19 07:33:22 jammy-provider-cloud-0000007486 devstack@g-api.service[104784]: DEBUG glance.common.config [None req-a43d4a79-6bd1-4bb3-b9fa-da37c859cfed None None] image_cache_max_size           = 10737418240 {{(pid=104784) log_opt_values /opt/stack/data/venv/lib/python3.10/site-packages/oslo_config/cfg.py:2613}}
Aug 19 07:33:22 jammy-provider-cloud-0000007486 devstack@g-api.service[104784]: DEBUG glance.common.config [None req-a43d4a79-6bd1-4bb3-b9fa-da37c859cfed None None] image_cache_sqlite_db          = cache.db {{(pid=104784) log_opt_values /opt/stack/data/venv/lib/python3.10/site-packages/oslo_config/cfg.py:2613}}
Aug 19 07:33:22 jammy-provider-cloud-0000007486 devstack@g-api.service[104784]: DEBUG glance.common.config [None req-a43d4a79-6bd1-4bb3-b9fa-da37c859cfed None None] image_cache_stall_time         = 86400 {{(pid=104784) log_opt_values /opt/stack/data/venv/lib/python3.10/site-packages/oslo_config/cfg.py:2613}}
Aug 19 07:33:22 jammy-provider-cloud-0000007486 devstack@g-api.service[104784]: DEBUG glance.common.config [None req-a43d4a79-6bd1-4bb3-b9fa-da37c859cfed None None] image_location_quota           = 10 {{(pid=104784) log_opt_values /opt/stack/data/venv/lib/python3.10/site-packages/oslo_config/cfg.py:2613}}
Aug 19 07:33:22 jammy-provider-cloud-0000007486 devstack@g-api.service[104784]: DEBUG glance.common.config [None req-a43d4a79-6bd1-4bb3-b9fa-da37c859cfed None None] image_member_quota             = 128 {{(pid=104784) log_opt_values /opt/stack/data/venv/lib/python3.10/site-packages/oslo_config/cfg.py:2613}}
Aug 19 07:33:22 jammy-provider-cloud-0000007486 devstack@g-api.service[104784]: DEBUG glance.common.config [None req-a43d4a79-6bd1-4bb3-b9fa-da37c859cfed None None] image_property_quota           = 128 {{(pid=104784) log_opt_values /opt/stack/data/venv/lib/python3.10/site-packages/oslo_config/cfg.py:2613}}
Aug 19 07:33:22 jammy-provider-cloud-0000007486 devstack@g-api.service[104784]: DEBUG glance.common.config [None req-a43d4a79-6bd1-4bb3-b9fa-da37c859cfed None None] image_size_cap                 = 1099511627776 {{(pid=104784) log_opt_values /opt/stack/data/venv/lib/python3.10/site-packages/oslo_config/cfg.py:2613}}
Aug 19 07:33:22 jammy-provider-cloud-0000007486 devstack@g-api.service[104784]: DEBUG glance.common.config [None req-a43d4a79-6bd1-4bb3-b9fa-da37c859cfed None None] image_tag_quota                = 128 {{(pid=104784) log_opt_values /opt/stack/data/venv/lib/python3.10/site-packages/oslo_config/cfg.py:2613}}
Aug 19 07:33:22 jammy-provider-cloud-0000007486 devstack@g-api.service[104784]: DEBUG glance.common.config [None req-a43d4a79-6bd1-4bb3-b9fa-da37c859cfed None None] instance_format                = [instance: %(uuid)s]  {{(pid=104784) log_opt_values /opt/stack/data/venv/lib/python3.10/site-packages/oslo_config/cfg.py:2613}}
Aug 19 07:33:22 jammy-provider-cloud-0000007486 devstack@g-api.service[104784]: DEBUG glance.common.config [None req-a43d4a79-6bd1-4bb3-b9fa-da37c859cfed None None] instance_uuid_format           = [instance: %(uuid)s]  {{(pid=104784) log_opt_values /opt/stack/data/venv/lib/python3.10/site-packages/oslo_config/cfg.py:2613}}
Aug 19 07:33:22 jammy-provider-cloud-0000007486 devstack@g-api.service[104784]: DEBUG glance.common.config [None req-a43d4a79-6bd1-4bb3-b9fa-da37c859cfed None None] limit_param_default            = 25 {{(pid=104784) log_opt_values /opt/stack/data/venv/lib/python3.10/site-packages/oslo_config/cfg.py:2613}}
Aug 19 07:33:22 jammy-provider-cloud-0000007486 devstack@g-api.service[104784]: DEBUG glance.common.config [None req-a43d4a79-6bd1-4bb3-b9fa-da37c859cfed None None] log_color                      = True {{(pid=104784) log_opt_values /opt/stack/data/venv/lib/python3.10/site-packages/oslo_config/cfg.py:2613}}
Aug 19 07:33:22 jammy-provider-cloud-0000007486 devstack@g-api.service[104784]: DEBUG glance.common.config [None req-a43d4a79-6bd1-4bb3-b9fa-da37c859cfed None None] log_config_append              = None {{(pid=104784) log_opt_values /opt/stack/data/venv/lib/python3.10/site-packages/oslo_config/cfg.py:2613}}
Aug 19 07:33:22 jammy-provider-cloud-0000007486 devstack@g-api.service[104784]: DEBUG glance.common.config [None req-a43d4a79-6bd1-4bb3-b9fa-da37c859cfed None None] log_date_format                = %Y-%m-%d %H:%M:%S {{(pid=104784) log_opt_values /opt/stack/data/venv/lib/python3.10/site-packages/oslo_config/cfg.py:2613}}
Aug 19 07:33:22 jammy-provider-cloud-0000007486 devstack@g-api.service[104784]: DEBUG glance.common.config [None req-a43d4a79-6bd1-4bb3-b9fa-da37c859cfed None None] log_dir                        = None {{(pid=104784) log_opt_values /opt/stack/data/venv/lib/python3.10/site-packages/oslo_config/cfg.py:2613}}
Aug 19 07:33:22 jammy-provider-cloud-0000007486 devstack@g-api.service[104784]: DEBUG glance.common.config [None req-a43d4a79-6bd1-4bb3-b9fa-da37c859cfed None None] log_file                       = None {{(pid=104784) log_opt_values /opt/stack/data/venv/lib/python3.10/site-packages/oslo_config/cfg.py:2613}}
Aug 19 07:33:22 jammy-provider-cloud-0000007486 devstack@g-api.service[104784]: DEBUG glance.common.config [None req-a43d4a79-6bd1-4bb3-b9fa-da37c859cfed None None] log_rotate_interval            = 1 {{(pid=104784) log_opt_values /opt/stack/data/venv/lib/python3.10/site-packages/oslo_config/cfg.py:2613}}
Aug 19 07:33:22 jammy-provider-cloud-0000007486 devstack@g-api.service[104784]: DEBUG glance.common.config [None req-a43d4a79-6bd1-4bb3-b9fa-da37c859cfed None None] log_rotate_interval_type       = days {{(pid=104784) log_opt_values /opt/stack/data/venv/lib/python3.10/site-packages/oslo_config/cfg.py:2613}}
Aug 19 07:33:22 jammy-provider-cloud-0000007486 devstack@g-api.service[104784]: DEBUG glance.common.config [None req-a43d4a79-6bd1-4bb3-b9fa-da37c859cfed None None] log_rotation_type              = none {{(pid=104784) log_opt_values /opt/stack/data/venv/lib/python3.10/site-packages/oslo_config/cfg.py:2613}}
Aug 19 07:33:22 jammy-provider-cloud-0000007486 devstack@g-api.service[104784]: DEBUG glance.common.config [None req-a43d4a79-6bd1-4bb3-b9fa-da37c859cfed None None] logging_context_format_string  = %(color)s%(levelname)s %(name)s [%(global_request_id)s %(request_id)s %(project_name)s %(user_name)s%(color)s] %(instance)s%(color)s%(message)s {{(pid=104784) log_opt_values /opt/stack/data/venv/lib/python3.10/site-packages/oslo_config/cfg.py:2613}}
