Sep 13 09:00:44 jammy-provider-cloud-0000007621 devstack@keystone.service[61759]: [pid: 61759|app: 0|req: 8/15] 10.201.5.87 () {60 vars in 1137 bytes} [Fri Sep 13 09:00:44 2024] POST /identity/v3/domains => generated 190 bytes in 78 msecs (HTTP/1.1 409) 5 headers in 183 bytes (1 switches on core 0)
Sep 13 09:00:44 jammy-provider-cloud-0000007621 devstack@keystone.service[61759]: DEBUG keystone.server.flask.request_processing.middleware.auth_context [None req-a63eef51-2137-4be6-b88e-03df67b1f693 None admin] Authenticating user token {{(pid=61759) process_request /opt/stack/data/venv/lib/python3.10/site-packages/keystonemiddleware/auth_token/__init__.py:406}}
Sep 13 09:00:44 jammy-provider-cloud-0000007621 devstack@keystone.service[61760]: DEBUG keystone.server.flask.request_processing.middleware.auth_context [None req-3d9ce2e2-d3a8-4f1a-9c37-1de3585e4353 None admin] RBAC: auth_context: {'token': <TokenModel (audit_id=yuvoQzYLQk6UFUdSTsWC9g, audit_chain_id=['yuvoQzYLQk6UFUdSTsWC9g']) at 0x7f53017ed480>, 'domain_id': None, 'trust_id': None, 'trustor_id': None, 'trustee_id': None, 'domain_name': None, 'group_ids': [], 'user_id': '93a844874524417b8df3ce1503f33213', 'user_domain_id': 'default', 'system_scope': 'all', 'project_id': None, 'project_domain_id': None, 'roles': ['admin', 'manager', 'member', 'reader'], 'is_admin_project': True, 'service_user_id': None, 'service_user_domain_id': None, 'service_project_id': None, 'service_project_domain_id': None, 'service_roles': []} {{(pid=61760) fill_context /opt/stack/keystone/keystone/server/flask/request_processing/middleware/auth_context.py:511}}
Sep 13 09:00:44 jammy-provider-cloud-0000007621 devstack@keystone.service[61760]: DEBUG keystone.server.flask.request_processing.req_logging [None req-3d9ce2e2-d3a8-4f1a-9c37-1de3585e4353 None admin] REQUEST_METHOD: `GET` {{(pid=61760) log_request_info /opt/stack/keystone/keystone/server/flask/request_processing/req_logging.py:26}}
Sep 13 09:00:44 jammy-provider-cloud-0000007621 devstack@keystone.service[61760]: DEBUG keystone.server.flask.request_processing.req_logging [None req-3d9ce2e2-d3a8-4f1a-9c37-1de3585e4353 None admin] SCRIPT_NAME: `/identity` {{(pid=61760) log_request_info /opt/stack/keystone/keystone/server/flask/request_processing/req_logging.py:27}}
Sep 13 09:00:44 jammy-provider-cloud-0000007621 devstack@keystone.service[61760]: DEBUG keystone.server.flask.request_processing.req_logging [None req-3d9ce2e2-d3a8-4f1a-9c37-1de3585e4353 None admin] PATH_INFO: `/v3/roles` {{(pid=61760) log_request_info /opt/stack/keystone/keystone/server/flask/request_processing/req_logging.py:28}}
Sep 13 09:00:44 jammy-provider-cloud-0000007621 devstack@keystone.service[61760]: DEBUG keystone.common.rbac_enforcer.enforcer [None req-3d9ce2e2-d3a8-4f1a-9c37-1de3585e4353 None admin] RBAC: Adding query filter params (name=admin) {{(pid=61760) _extract_filter_values /opt/stack/keystone/keystone/common/rbac_enforcer/enforcer.py:184}}
Sep 13 09:00:44 jammy-provider-cloud-0000007621 devstack@keystone.service[61760]: DEBUG keystone.common.rbac_enforcer.enforcer [None req-3d9ce2e2-d3a8-4f1a-9c37-1de3585e4353 None admin] RBAC: Authorizing `identity:list_roles()` {{(pid=61760) enforce_call /opt/stack/keystone/keystone/common/rbac_enforcer/enforcer.py:503}}
Sep 13 09:00:44 jammy-provider-cloud-0000007621 devstack@keystone.service[61760]: DEBUG keystone.common.rbac_enforcer.enforcer [None req-3d9ce2e2-d3a8-4f1a-9c37-1de3585e4353 None admin] RBAC: Authorization granted {{(pid=61760) enforce_call /opt/stack/keystone/keystone/common/rbac_enforcer/enforcer.py:514}}
Sep 13 09:00:44 jammy-provider-cloud-0000007621 devstack@keystone.service[61760]: [pid: 61760|app: 0|req: 8/16] 10.201.5.87 () {56 vars in 1099 bytes} [Fri Sep 13 09:00:44 2024] GET /identity/v3/roles?name=admin => generated 339 bytes in 76 msecs (HTTP/1.1 200) 5 headers in 177 bytes (1 switches on core 0)
Sep 13 09:00:44 jammy-provider-cloud-0000007621 devstack@keystone.service[61760]: DEBUG keystone.server.flask.request_processing.middleware.auth_context [None req-3d9ce2e2-d3a8-4f1a-9c37-1de3585e4353 None admin] Authenticating user token {{(pid=61760) process_request /opt/stack/data/venv/lib/python3.10/site-packages/keystonemiddleware/auth_token/__init__.py:406}}
Sep 13 09:00:44 jammy-provider-cloud-0000007621 devstack@keystone.service[61759]: DEBUG keystone.server.flask.request_processing.middleware.auth_context [None req-a63eef51-2137-4be6-b88e-03df67b1f693 None admin] Validating token access rules against request {{(pid=61759) validate_allowed_request /opt/stack/data/venv/lib/python3.10/site-packages/keystonemiddleware/auth_token/__init__.py:544}}
Sep 13 09:00:44 jammy-provider-cloud-0000007621 devstack@keystone.service[61759]: DEBUG keystone.server.flask.request_processing.middleware.auth_context [None req-a58c5645-7e4f-48c9-ac7e-5ae29611e09b None admin] RBAC: auth_context: {'token': <TokenModel (audit_id=aAx79ZPGSQeIA6_8abAPPg, audit_chain_id=['aAx79ZPGSQeIA6_8abAPPg']) at 0x7f5301a20d30>, 'domain_id': None, 'trust_id': None, 'trustor_id': None, 'trustee_id': None, 'domain_name': None, 'group_ids': [], 'user_id': '93a844874524417b8df3ce1503f33213', 'user_domain_id': 'default', 'system_scope': 'all', 'project_id': None, 'project_domain_id': None, 'roles': ['admin', 'manager', 'member', 'reader'], 'is_admin_project': True, 'service_user_id': None, 'service_user_domain_id': None, 'service_project_id': None, 'service_project_domain_id': None, 'service_roles': []} {{(pid=61759) fill_context /opt/stack/keystone/keystone/server/flask/request_processing/middleware/auth_context.py:511}}
Sep 13 09:00:44 jammy-provider-cloud-0000007621 devstack@keystone.service[61759]: DEBUG keystone.server.flask.request_processing.req_logging [None req-a58c5645-7e4f-48c9-ac7e-5ae29611e09b None admin] REQUEST_METHOD: `GET` {{(pid=61759) log_request_info /opt/stack/keystone/keystone/server/flask/request_processing/req_logging.py:26}}
Sep 13 09:00:44 jammy-provider-cloud-0000007621 devstack@keystone.service[61759]: DEBUG keystone.server.flask.request_processing.req_logging [None req-a58c5645-7e4f-48c9-ac7e-5ae29611e09b None admin] SCRIPT_NAME: `/identity` {{(pid=61759) log_request_info /opt/stack/keystone/keystone/server/flask/request_processing/req_logging.py:27}}
Sep 13 09:00:44 jammy-provider-cloud-0000007621 devstack@keystone.service[61759]: DEBUG keystone.server.flask.request_processing.req_logging [None req-a58c5645-7e4f-48c9-ac7e-5ae29611e09b None admin] PATH_INFO: `/v3/domains/Default` {{(pid=61759) log_request_info /opt/stack/keystone/keystone/server/flask/request_processing/req_logging.py:28}}
Sep 13 09:00:44 jammy-provider-cloud-0000007621 devstack@keystone.service[61759]: DEBUG keystone.common.rbac_enforcer.enforcer [None req-a58c5645-7e4f-48c9-ac7e-5ae29611e09b None admin] RBAC: Authorizing `identity:get_domain(domain_id=Default)` {{(pid=61759) enforce_call /opt/stack/keystone/keystone/common/rbac_enforcer/enforcer.py:503}}
Sep 13 09:00:44 jammy-provider-cloud-0000007621 devstack@keystone.service[61759]: DEBUG keystone.common.rbac_enforcer.enforcer [None req-a58c5645-7e4f-48c9-ac7e-5ae29611e09b None admin] RBAC: Authorization granted {{(pid=61759) enforce_call /opt/stack/keystone/keystone/common/rbac_enforcer/enforcer.py:514}}
Sep 13 09:00:44 jammy-provider-cloud-0000007621 devstack@keystone.service[61760]: DEBUG keystone.server.flask.request_processing.middleware.auth_context [None req-3d9ce2e2-d3a8-4f1a-9c37-1de3585e4353 None admin] Validating token access rules against request {{(pid=61760) validate_allowed_request /opt/stack/data/venv/lib/python3.10/site-packages/keystonemiddleware/auth_token/__init__.py:544}}
Sep 13 09:00:44 jammy-provider-cloud-0000007621 devstack@keystone.service[61759]: DEBUG keystone.server.flask.application [None req-a58c5645-7e4f-48c9-ac7e-5ae29611e09b None admin] Could not find domain: Default. {{(pid=61759) _handle_keystone_exception /opt/stack/keystone/keystone/server/flask/application.py:96}}
Sep 13 09:00:44 jammy-provider-cloud-0000007621 devstack@keystone.service[61759]: [pid: 61759|app: 0|req: 9/17] 10.201.5.87 () {56 vars in 1108 bytes} [Fri Sep 13 09:00:44 2024] GET /identity/v3/domains/Default => generated 87 bytes in 73 msecs (HTTP/1.1 404) 5 headers in 183 bytes (1 switches on core 0)
Sep 13 09:00:44 jammy-provider-cloud-0000007621 devstack@keystone.service[61759]: DEBUG keystone.server.flask.request_processing.middleware.auth_context [None req-a58c5645-7e4f-48c9-ac7e-5ae29611e09b None admin] Authenticating user token {{(pid=61759) process_request /opt/stack/data/venv/lib/python3.10/site-packages/keystonemiddleware/auth_token/__init__.py:406}}
Sep 13 09:00:44 jammy-provider-cloud-0000007621 devstack@keystone.service[61760]: DEBUG keystone.server.flask.request_processing.middleware.auth_context [None req-97633097-d582-43a5-a0c2-93857e4cdc24 None admin] RBAC: auth_context: {'token': <TokenModel (audit_id=yuvoQzYLQk6UFUdSTsWC9g, audit_chain_id=['yuvoQzYLQk6UFUdSTsWC9g']) at 0x7f53017efdc0>, 'domain_id': None, 'trust_id': None, 'trustor_id': None, 'trustee_id': None, 'domain_name': None, 'group_ids': [], 'user_id': '93a844874524417b8df3ce1503f33213', 'user_domain_id': 'default', 'system_scope': 'all', 'project_id': None, 'project_domain_id': None, 'roles': ['admin', 'manager', 'member', 'reader'], 'is_admin_project': True, 'service_user_id': None, 'service_user_domain_id': None, 'service_project_id': None, 'service_project_domain_id': None, 'service_roles': []} {{(pid=61760) fill_context /opt/stack/keystone/keystone/server/flask/request_processing/middleware/auth_context.py:511}}
Sep 13 09:00:44 jammy-provider-cloud-0000007621 devstack@keystone.service[61760]: DEBUG keystone.server.flask.request_processing.req_logging [None req-97633097-d582-43a5-a0c2-93857e4cdc24 None admin] REQUEST_METHOD: `GET` {{(pid=61760) log_request_info /opt/stack/keystone/keystone/server/flask/request_processing/req_logging.py:26}}
Sep 13 09:00:44 jammy-provider-cloud-0000007621 devstack@keystone.service[61760]: DEBUG keystone.server.flask.request_processing.req_logging [None req-97633097-d582-43a5-a0c2-93857e4cdc24 None admin] SCRIPT_NAME: `/identity` {{(pid=61760) log_request_info /opt/stack/keystone/keystone/server/flask/request_processing/req_logging.py:27}}
Sep 13 09:00:44 jammy-provider-cloud-0000007621 devstack@keystone.service[61760]: DEBUG keystone.server.flask.request_processing.req_logging [None req-97633097-d582-43a5-a0c2-93857e4cdc24 None admin] PATH_INFO: `/v3/users/93a844874524417b8df3ce1503f33213` {{(pid=61760) log_request_info /opt/stack/keystone/keystone/server/flask/request_processing/req_logging.py:28}}
Sep 13 09:00:44 jammy-provider-cloud-0000007621 devstack@keystone.service[61760]: DEBUG keystone.common.rbac_enforcer.enforcer [None req-97633097-d582-43a5-a0c2-93857e4cdc24 None admin] RBAC: Authorizing `identity:get_user(user_id=93a844874524417b8df3ce1503f33213)` {{(pid=61760) enforce_call /opt/stack/keystone/keystone/common/rbac_enforcer/enforcer.py:503}}
Sep 13 09:00:44 jammy-provider-cloud-0000007621 devstack@keystone.service[61760]: DEBUG keystone.common.rbac_enforcer.enforcer [None req-97633097-d582-43a5-a0c2-93857e4cdc24 None admin] RBAC: Authorization granted {{(pid=61760) enforce_call /opt/stack/keystone/keystone/common/rbac_enforcer/enforcer.py:514}}
Sep 13 09:00:44 jammy-provider-cloud-0000007621 devstack@keystone.service[61760]: [pid: 61760|app: 0|req: 9/18] 10.201.5.87 () {56 vars in 1177 bytes} [Fri Sep 13 09:00:44 2024] GET /identity/v3/users/93a844874524417b8df3ce1503f33213 => generated 247 bytes in 62 msecs (HTTP/1.1 200) 5 headers in 177 bytes (1 switches on core 0)
Sep 13 09:00:44 jammy-provider-cloud-0000007621 devstack@keystone.service[61760]: DEBUG keystone.server.flask.request_processing.middleware.auth_context [None req-97633097-d582-43a5-a0c2-93857e4cdc24 None admin] Authenticating user token {{(pid=61760) process_request /opt/stack/data/venv/lib/python3.10/site-packages/keystonemiddleware/auth_token/__init__.py:406}}
Sep 13 09:00:44 jammy-provider-cloud-0000007621 devstack@keystone.service[61759]: DEBUG keystone.server.flask.request_processing.middleware.auth_context [None req-a58c5645-7e4f-48c9-ac7e-5ae29611e09b None admin] Validating token access rules against request {{(pid=61759) validate_allowed_request /opt/stack/data/venv/lib/python3.10/site-packages/keystonemiddleware/auth_token/__init__.py:544}}
Sep 13 09:00:44 jammy-provider-cloud-0000007621 devstack@keystone.service[61760]: DEBUG keystone.server.flask.request_processing.middleware.auth_context [None req-97633097-d582-43a5-a0c2-93857e4cdc24 None admin] Validating token access rules against request {{(pid=61760) validate_allowed_request /opt/stack/data/venv/lib/python3.10/site-packages/keystonemiddleware/auth_token/__init__.py:544}}
Sep 13 09:00:44 jammy-provider-cloud-0000007621 devstack@keystone.service[61759]: DEBUG keystone.server.flask.request_processing.middleware.auth_context [None req-5e06b8f4-96c1-4b8f-bad4-8205efca7c7a None admin] RBAC: auth_context: {'token': <TokenModel (audit_id=aAx79ZPGSQeIA6_8abAPPg, audit_chain_id=['aAx79ZPGSQeIA6_8abAPPg']) at 0x7f53015ec670>, 'domain_id': None, 'trust_id': None, 'trustor_id': None, 'trustee_id': None, 'domain_name': None, 'group_ids': [], 'user_id': '93a844874524417b8df3ce1503f33213', 'user_domain_id': 'default', 'system_scope': 'all', 'project_id': None, 'project_domain_id': None, 'roles': ['admin', 'manager', 'member', 'reader'], 'is_admin_project': True, 'service_user_id': None, 'service_user_domain_id': None, 'service_project_id': None, 'service_project_domain_id': None, 'service_roles': []} {{(pid=61759) fill_context /opt/stack/keystone/keystone/server/flask/request_processing/middleware/auth_context.py:511}}
Sep 13 09:00:44 jammy-provider-cloud-0000007621 devstack@keystone.service[61759]: DEBUG keystone.server.flask.request_processing.req_logging [None req-5e06b8f4-96c1-4b8f-bad4-8205efca7c7a None admin] REQUEST_METHOD: `GET` {{(pid=61759) log_request_info /opt/stack/keystone/keystone/server/flask/request_processing/req_logging.py:26}}
Sep 13 09:00:44 jammy-provider-cloud-0000007621 devstack@keystone.service[61759]: DEBUG keystone.server.flask.request_processing.req_logging [None req-5e06b8f4-96c1-4b8f-bad4-8205efca7c7a None admin] SCRIPT_NAME: `/identity` {{(pid=61759) log_request_info /opt/stack/keystone/keystone/server/flask/request_processing/req_logging.py:27}}
Sep 13 09:00:44 jammy-provider-cloud-0000007621 devstack@keystone.service[61759]: DEBUG keystone.server.flask.request_processing.req_logging [None req-5e06b8f4-96c1-4b8f-bad4-8205efca7c7a None admin] PATH_INFO: `/v3/domains` {{(pid=61759) log_request_info /opt/stack/keystone/keystone/server/flask/request_processing/req_logging.py:28}}
Sep 13 09:00:44 jammy-provider-cloud-0000007621 devstack@keystone.service[61759]: DEBUG keystone.common.rbac_enforcer.enforcer [None req-5e06b8f4-96c1-4b8f-bad4-8205efca7c7a None admin] RBAC: Adding query filter params (name=Default) {{(pid=61759) _extract_filter_values /opt/stack/keystone/keystone/common/rbac_enforcer/enforcer.py:184}}
Sep 13 09:00:44 jammy-provider-cloud-0000007621 devstack@keystone.service[61759]: DEBUG keystone.common.rbac_enforcer.enforcer [None req-5e06b8f4-96c1-4b8f-bad4-8205efca7c7a None admin] RBAC: Authorizing `identity:list_domains()` {{(pid=61759) enforce_call /opt/stack/keystone/keystone/common/rbac_enforcer/enforcer.py:503}}
Sep 13 09:00:44 jammy-provider-cloud-0000007621 devstack@keystone.service[61759]: DEBUG keystone.common.rbac_enforcer.enforcer [None req-5e06b8f4-96c1-4b8f-bad4-8205efca7c7a None admin] RBAC: Authorization granted {{(pid=61759) enforce_call /opt/stack/keystone/keystone/common/rbac_enforcer/enforcer.py:514}}
Sep 13 09:00:44 jammy-provider-cloud-0000007621 devstack@keystone.service[61759]: [pid: 61759|app: 0|req: 10/19] 10.201.5.87 () {56 vars in 1109 bytes} [Fri Sep 13 09:00:44 2024] GET /identity/v3/domains?name=Default => generated 308 bytes in 67 msecs (HTTP/1.1 200) 5 headers in 177 bytes (2 switches on core 0)
Sep 13 09:00:44 jammy-provider-cloud-0000007621 devstack@keystone.service[61760]: DEBUG keystone.server.flask.request_processing.middleware.auth_context [None req-9ee06920-0949-4dd4-bb16-00e5b643bd6a None admin] RBAC: auth_context: {'token': <TokenModel (audit_id=yuvoQzYLQk6UFUdSTsWC9g, audit_chain_id=['yuvoQzYLQk6UFUdSTsWC9g']) at 0x7f53017edf30>, 'domain_id': None, 'trust_id': None, 'trustor_id': None, 'trustee_id': None, 'domain_name': None, 'group_ids': [], 'user_id': '93a844874524417b8df3ce1503f33213', 'user_domain_id': 'default', 'system_scope': 'all', 'project_id': None, 'project_domain_id': None, 'roles': ['admin', 'manager', 'member', 'reader'], 'is_admin_project': True, 'service_user_id': None, 'service_user_domain_id': None, 'service_project_id': None, 'service_project_domain_id': None, 'service_roles': []} {{(pid=61760) fill_context /opt/stack/keystone/keystone/server/flask/request_processing/middleware/auth_context.py:511}}
Sep 13 09:00:44 jammy-provider-cloud-0000007621 devstack@keystone.service[61760]: DEBUG keystone.server.flask.request_processing.req_logging [None req-9ee06920-0949-4dd4-bb16-00e5b643bd6a None admin] REQUEST_METHOD: `GET` {{(pid=61760) log_request_info /opt/stack/keystone/keystone/server/flask/request_processing/req_logging.py:26}}
Sep 13 09:00:44 jammy-provider-cloud-0000007621 devstack@keystone.service[61760]: DEBUG keystone.server.flask.request_processing.req_logging [None req-9ee06920-0949-4dd4-bb16-00e5b643bd6a None admin] SCRIPT_NAME: `/identity` {{(pid=61760) log_request_info /opt/stack/keystone/keystone/server/flask/request_processing/req_logging.py:27}}
Sep 13 09:00:44 jammy-provider-cloud-0000007621 devstack@keystone.service[61760]: DEBUG keystone.server.flask.request_processing.req_logging [None req-9ee06920-0949-4dd4-bb16-00e5b643bd6a None admin] PATH_INFO: `/v3/domains/default` {{(pid=61760) log_request_info /opt/stack/keystone/keystone/server/flask/request_processing/req_logging.py:28}}
Sep 13 09:00:44 jammy-provider-cloud-0000007621 devstack@keystone.service[61760]: DEBUG keystone.common.rbac_enforcer.enforcer [None req-9ee06920-0949-4dd4-bb16-00e5b643bd6a None admin] RBAC: Authorizing `identity:get_domain(domain_id=default)` {{(pid=61760) enforce_call /opt/stack/keystone/keystone/common/rbac_enforcer/enforcer.py:503}}
Sep 13 09:00:44 jammy-provider-cloud-0000007621 devstack@keystone.service[61760]: DEBUG keystone.common.rbac_enforcer.enforcer [None req-9ee06920-0949-4dd4-bb16-00e5b643bd6a None admin] RBAC: Authorization granted {{(pid=61760) enforce_call /opt/stack/keystone/keystone/common/rbac_enforcer/enforcer.py:514}}
Sep 13 09:00:44 jammy-provider-cloud-0000007621 devstack@keystone.service[61760]: [pid: 61760|app: 0|req: 10/20] 10.201.5.87 () {56 vars in 1108 bytes} [Fri Sep 13 09:00:44 2024] GET /identity/v3/domains/default => generated 199 bytes in 58 msecs (HTTP/1.1 200) 5 headers in 177 bytes (2 switches on core 0)
Sep 13 09:00:44 jammy-provider-cloud-0000007621 devstack@keystone.service[61759]: DEBUG keystone.server.flask.request_processing.middleware.auth_context [None req-5e06b8f4-96c1-4b8f-bad4-8205efca7c7a None admin] Authenticating user token {{(pid=61759) process_request /opt/stack/data/venv/lib/python3.10/site-packages/keystonemiddleware/auth_token/__init__.py:406}}
Sep 13 09:00:44 jammy-provider-cloud-0000007621 devstack@keystone.service[61759]: DEBUG keystone.server.flask.request_processing.middleware.auth_context [None req-5e06b8f4-96c1-4b8f-bad4-8205efca7c7a None admin] Validating token access rules against request {{(pid=61759) validate_allowed_request /opt/stack/data/venv/lib/python3.10/site-packages/keystonemiddleware/auth_token/__init__.py:544}}
Sep 13 09:00:44 jammy-provider-cloud-0000007621 devstack@keystone.service[61759]: DEBUG keystone.server.flask.request_processing.middleware.auth_context [None req-6ecc46b3-8ca1-47ae-ab0b-21f8350258cd None admin] RBAC: auth_context: {'token': <TokenModel (audit_id=yuvoQzYLQk6UFUdSTsWC9g, audit_chain_id=['yuvoQzYLQk6UFUdSTsWC9g']) at 0x7f53018d9180>, 'domain_id': None, 'trust_id': None, 'trustor_id': None, 'trustee_id': None, 'domain_name': None, 'group_ids': [], 'user_id': '93a844874524417b8df3ce1503f33213', 'user_domain_id': 'default', 'system_scope': 'all', 'project_id': None, 'project_domain_id': None, 'roles': ['admin', 'manager', 'member', 'reader'], 'is_admin_project': True, 'service_user_id': None, 'service_user_domain_id': None, 'service_project_id': None, 'service_project_domain_id': None, 'service_roles': []} {{(pid=61759) fill_context /opt/stack/keystone/keystone/server/flask/request_processing/middleware/auth_context.py:511}}
Sep 13 09:00:44 jammy-provider-cloud-0000007621 devstack@keystone.service[61759]: DEBUG keystone.server.flask.request_processing.req_logging [None req-6ecc46b3-8ca1-47ae-ab0b-21f8350258cd None admin] REQUEST_METHOD: `PUT` {{(pid=61759) log_request_info /opt/stack/keystone/keystone/server/flask/request_processing/req_logging.py:26}}
Sep 13 09:00:44 jammy-provider-cloud-0000007621 devstack@keystone.service[61759]: DEBUG keystone.server.flask.request_processing.req_logging [None req-6ecc46b3-8ca1-47ae-ab0b-21f8350258cd None admin] SCRIPT_NAME: `/identity` {{(pid=61759) log_request_info /opt/stack/keystone/keystone/server/flask/request_processing/req_logging.py:27}}
Sep 13 09:00:44 jammy-provider-cloud-0000007621 devstack@keystone.service[61759]: DEBUG keystone.server.flask.request_processing.req_logging [None req-6ecc46b3-8ca1-47ae-ab0b-21f8350258cd None admin] PATH_INFO: `/v3/domains/default/users/93a844874524417b8df3ce1503f33213/roles/3faeaf88fc9c4aff880e64c530e1608a` {{(pid=61759) log_request_info /opt/stack/keystone/keystone/server/flask/request_processing/req_logging.py:28}}
Sep 13 09:00:44 jammy-provider-cloud-0000007621 devstack@keystone.service[61759]: DEBUG keystone.common.rbac_enforcer.enforcer [None req-6ecc46b3-8ca1-47ae-ab0b-21f8350258cd None admin] RBAC: Authorizing `identity:create_grant(domain_id=default, user_id=93a844874524417b8df3ce1503f33213, role_id=3faeaf88fc9c4aff880e64c530e1608a)` {{(pid=61759) enforce_call /opt/stack/keystone/keystone/common/rbac_enforcer/enforcer.py:503}}
Sep 13 09:00:44 jammy-provider-cloud-0000007621 devstack@keystone.service[61759]: DEBUG keystone.common.rbac_enforcer.enforcer [None req-6ecc46b3-8ca1-47ae-ab0b-21f8350258cd None admin] RBAC: Authorization granted {{(pid=61759) enforce_call /opt/stack/keystone/keystone/common/rbac_enforcer/enforcer.py:514}}
Sep 13 09:00:45 jammy-provider-cloud-0000007621 devstack@keystone.service[61759]: [pid: 61759|app: 0|req: 11/21] 10.201.5.87 () {58 vars in 1361 bytes} [Fri Sep 13 09:00:44 2024] PUT /identity/v3/domains/default/users/93a844874524417b8df3ce1503f33213/roles/3faeaf88fc9c4aff880e64c530e1608a => generated 0 bytes in 125 msecs (HTTP/1.1 204) 3 headers in 132 bytes (0 switches on core 0)
Sep 13 09:00:46 jammy-provider-cloud-0000007621 devstack@keystone.service[61760]: DEBUG keystone.server.flask.request_processing.req_logging [None req-567bd4b0-4f39-42f2-924c-8a19865fae88 None None] REQUEST_METHOD: `GET` {{(pid=61760) log_request_info /opt/stack/keystone/keystone/server/flask/request_processing/req_logging.py:26}}
Sep 13 09:00:46 jammy-provider-cloud-0000007621 devstack@keystone.service[61760]: DEBUG keystone.server.flask.request_processing.req_logging [None req-567bd4b0-4f39-42f2-924c-8a19865fae88 None None] SCRIPT_NAME: `/identity` {{(pid=61760) log_request_info /opt/stack/keystone/keystone/server/flask/request_processing/req_logging.py:27}}
Sep 13 09:00:46 jammy-provider-cloud-0000007621 devstack@keystone.service[61760]: DEBUG keystone.server.flask.request_processing.req_logging [None req-567bd4b0-4f39-42f2-924c-8a19865fae88 None None] PATH_INFO: `/` {{(pid=61760) log_request_info /opt/stack/keystone/keystone/server/flask/request_processing/req_logging.py:28}}
Sep 13 09:00:46 jammy-provider-cloud-0000007621 devstack@keystone.service[61760]: [pid: 61760|app: 0|req: 11/22] 10.201.5.87 () {54 vars in 926 bytes} [Fri Sep 13 09:00:46 2024] GET /identity => generated 270 bytes in 2 msecs (HTTP/1.1 300) 6 headers in 234 bytes (1 switches on core 0)
Sep 13 09:00:46 jammy-provider-cloud-0000007621 devstack@keystone.service[61759]: DEBUG keystone.server.flask.request_processing.req_logging [None req-f73fb7e1-5410-4f27-b249-723fb2e2dfdb None None] REQUEST_METHOD: `POST` {{(pid=61759) log_request_info /opt/stack/keystone/keystone/server/flask/request_processing/req_logging.py:26}}
Sep 13 09:00:46 jammy-provider-cloud-0000007621 devstack@keystone.service[61759]: DEBUG keystone.server.flask.request_processing.req_logging [None req-f73fb7e1-5410-4f27-b249-723fb2e2dfdb None None] SCRIPT_NAME: `/identity` {{(pid=61759) log_request_info /opt/stack/keystone/keystone/server/flask/request_processing/req_logging.py:27}}
Sep 13 09:00:46 jammy-provider-cloud-0000007621 devstack@keystone.service[61759]: DEBUG keystone.server.flask.request_processing.req_logging [None req-f73fb7e1-5410-4f27-b249-723fb2e2dfdb None None] PATH_INFO: `/v3/auth/tokens` {{(pid=61759) log_request_info /opt/stack/keystone/keystone/server/flask/request_processing/req_logging.py:28}}
Sep 13 09:00:46 jammy-provider-cloud-0000007621 devstack@keystone.service[61759]: WARNING keystone.common.password_hashing [None req-f73fb7e1-5410-4f27-b249-723fb2e2dfdb None None] Truncating password to algorithm specific maximum length 72 characters.
Sep 13 09:00:46 jammy-provider-cloud-0000007621 devstack@keystone.service[61759]: DEBUG keystone.auth.core [None req-f73fb7e1-5410-4f27-b249-723fb2e2dfdb None None] MFA Rules not processed for user `93a844874524417b8df3ce1503f33213`. Rule list: `[]` (Enabled: `True`). {{(pid=61759) check_auth_methods_against_rules /opt/stack/keystone/keystone/auth/core.py:476}}
Sep 13 09:00:46 jammy-provider-cloud-0000007621 devstack@keystone.service[61759]: DEBUG keystone.common.fernet_utils [None req-f73fb7e1-5410-4f27-b249-723fb2e2dfdb None None] Loaded 2 Fernet keys from /etc/keystone/fernet-keys/, but `[fernet_tokens] max_active_keys = 3`; perhaps there have not been enough key rotations to reach `max_active_keys` yet? {{(pid=61759) load_keys /opt/stack/keystone/keystone/common/fernet_utils.py:298}}
Sep 13 09:00:46 jammy-provider-cloud-0000007621 devstack@keystone.service[61760]: DEBUG keystone.server.flask.request_processing.req_logging [None req-7f890acb-b694-4501-9327-68aaf5815350 None None] REQUEST_METHOD: `GET` {{(pid=61760) log_request_info /opt/stack/keystone/keystone/server/flask/request_processing/req_logging.py:26}}
Sep 13 09:00:46 jammy-provider-cloud-0000007621 devstack@keystone.service[61760]: DEBUG keystone.server.flask.request_processing.req_logging [None req-7f890acb-b694-4501-9327-68aaf5815350 None None] SCRIPT_NAME: `/identity` {{(pid=61760) log_request_info /opt/stack/keystone/keystone/server/flask/request_processing/req_logging.py:27}}
Sep 13 09:00:46 jammy-provider-cloud-0000007621 devstack@keystone.service[61760]: DEBUG keystone.server.flask.request_processing.req_logging [None req-7f890acb-b694-4501-9327-68aaf5815350 None None] PATH_INFO: `/` {{(pid=61760) log_request_info /opt/stack/keystone/keystone/server/flask/request_processing/req_logging.py:28}}
Sep 13 09:00:46 jammy-provider-cloud-0000007621 devstack@keystone.service[61760]: [pid: 61760|app: 0|req: 12/23] 10.201.5.87 () {54 vars in 926 bytes} [Fri Sep 13 09:00:46 2024] GET /identity => generated 270 bytes in 1 msecs (HTTP/1.1 300) 6 headers in 234 bytes (1 switches on core 0)
Sep 13 09:00:46 jammy-provider-cloud-0000007621 devstack@keystone.service[61760]: DEBUG keystone.server.flask.request_processing.req_logging [None req-7b067673-84eb-471f-87de-810a853da680 None None] REQUEST_METHOD: `POST` {{(pid=61760) log_request_info /opt/stack/keystone/keystone/server/flask/request_processing/req_logging.py:26}}
Sep 13 09:00:46 jammy-provider-cloud-0000007621 devstack@keystone.service[61760]: DEBUG keystone.server.flask.request_processing.req_logging [None req-7b067673-84eb-471f-87de-810a853da680 None None] SCRIPT_NAME: `/identity` {{(pid=61760) log_request_info /opt/stack/keystone/keystone/server/flask/request_processing/req_logging.py:27}}
Sep 13 09:00:46 jammy-provider-cloud-0000007621 devstack@keystone.service[61760]: DEBUG keystone.server.flask.request_processing.req_logging [None req-7b067673-84eb-471f-87de-810a853da680 None None] PATH_INFO: `/v3/auth/tokens` {{(pid=61760) log_request_info /opt/stack/keystone/keystone/server/flask/request_processing/req_logging.py:28}}
Sep 13 09:00:46 jammy-provider-cloud-0000007621 devstack@keystone.service[61759]: [pid: 61759|app: 0|req: 12/24] 10.201.5.87 () {58 vars in 1023 bytes} [Fri Sep 13 09:00:46 2024] POST /identity/v3/auth/tokens => generated 862 bytes in 75 msecs (HTTP/1.1 201) 6 headers in 363 bytes (1 switches on core 0)
Sep 13 09:00:46 jammy-provider-cloud-0000007621 devstack@keystone.service[61760]: WARNING keystone.common.password_hashing [None req-7b067673-84eb-471f-87de-810a853da680 None None] Truncating password to algorithm specific maximum length 72 characters.
Sep 13 09:00:46 jammy-provider-cloud-0000007621 devstack@keystone.service[61760]: DEBUG keystone.auth.core [None req-7b067673-84eb-471f-87de-810a853da680 None None] MFA Rules not processed for user `93a844874524417b8df3ce1503f33213`. Rule list: `[]` (Enabled: `True`). {{(pid=61760) check_auth_methods_against_rules /opt/stack/keystone/keystone/auth/core.py:476}}
Sep 13 09:00:46 jammy-provider-cloud-0000007621 devstack@keystone.service[61760]: DEBUG keystone.common.fernet_utils [None req-7b067673-84eb-471f-87de-810a853da680 None None] Loaded 2 Fernet keys from /etc/keystone/fernet-keys/, but `[fernet_tokens] max_active_keys = 3`; perhaps there have not been enough key rotations to reach `max_active_keys` yet? {{(pid=61760) load_keys /opt/stack/keystone/keystone/common/fernet_utils.py:298}}
Sep 13 09:00:46 jammy-provider-cloud-0000007621 devstack@keystone.service[61760]: [pid: 61760|app: 0|req: 13/25] 10.201.5.87 () {58 vars in 1023 bytes} [Fri Sep 13 09:00:46 2024] POST /identity/v3/auth/tokens => generated 862 bytes in 77 msecs (HTTP/1.1 201) 6 headers in 363 bytes (1 switches on core 0)
Sep 13 09:00:46 jammy-provider-cloud-0000007621 devstack@keystone.service[61759]: DEBUG keystone.server.flask.request_processing.req_logging [None req-be67fc9d-fc1e-45a8-8a22-025a983399da None None] REQUEST_METHOD: `GET` {{(pid=61759) log_request_info /opt/stack/keystone/keystone/server/flask/request_processing/req_logging.py:26}}
Sep 13 09:00:46 jammy-provider-cloud-0000007621 devstack@keystone.service[61759]: DEBUG keystone.server.flask.request_processing.req_logging [None req-be67fc9d-fc1e-45a8-8a22-025a983399da None None] SCRIPT_NAME: `/identity` {{(pid=61759) log_request_info /opt/stack/keystone/keystone/server/flask/request_processing/req_logging.py:27}}
Sep 13 09:00:46 jammy-provider-cloud-0000007621 devstack@keystone.service[61759]: DEBUG keystone.server.flask.request_processing.req_logging [None req-be67fc9d-fc1e-45a8-8a22-025a983399da None None] PATH_INFO: `/` {{(pid=61759) log_request_info /opt/stack/keystone/keystone/server/flask/request_processing/req_logging.py:28}}
Sep 13 09:00:46 jammy-provider-cloud-0000007621 devstack@keystone.service[61759]: [pid: 61759|app: 0|req: 13/26] 10.201.5.87 () {54 vars in 926 bytes} [Fri Sep 13 09:00:46 2024] GET /identity => generated 270 bytes in 2 msecs (HTTP/1.1 300) 6 headers in 234 bytes (1 switches on core 0)
Sep 13 09:00:46 jammy-provider-cloud-0000007621 devstack@keystone.service[61760]: DEBUG keystone.server.flask.request_processing.req_logging [None req-dc035e7b-ce47-48a2-a2e3-2c90a1421ffd None None] REQUEST_METHOD: `POST` {{(pid=61760) log_request_info /opt/stack/keystone/keystone/server/flask/request_processing/req_logging.py:26}}
Sep 13 09:00:46 jammy-provider-cloud-0000007621 devstack@keystone.service[61760]: DEBUG keystone.server.flask.request_processing.req_logging [None req-dc035e7b-ce47-48a2-a2e3-2c90a1421ffd None None] SCRIPT_NAME: `/identity` {{(pid=61760) log_request_info /opt/stack/keystone/keystone/server/flask/request_processing/req_logging.py:27}}
Sep 13 09:00:46 jammy-provider-cloud-0000007621 devstack@keystone.service[61760]: DEBUG keystone.server.flask.request_processing.req_logging [None req-dc035e7b-ce47-48a2-a2e3-2c90a1421ffd None None] PATH_INFO: `/v3/auth/tokens` {{(pid=61760) log_request_info /opt/stack/keystone/keystone/server/flask/request_processing/req_logging.py:28}}
Sep 13 09:00:46 jammy-provider-cloud-0000007621 devstack@keystone.service[61760]: WARNING keystone.common.password_hashing [None req-dc035e7b-ce47-48a2-a2e3-2c90a1421ffd None None] Truncating password to algorithm specific maximum length 72 characters.
Sep 13 09:00:46 jammy-provider-cloud-0000007621 devstack@keystone.service[61760]: DEBUG keystone.auth.core [None req-dc035e7b-ce47-48a2-a2e3-2c90a1421ffd None None] MFA Rules not processed for user `93a844874524417b8df3ce1503f33213`. Rule list: `[]` (Enabled: `True`). {{(pid=61760) check_auth_methods_against_rules /opt/stack/keystone/keystone/auth/core.py:476}}
Sep 13 09:00:46 jammy-provider-cloud-0000007621 devstack@keystone.service[61760]: DEBUG keystone.common.fernet_utils [None req-dc035e7b-ce47-48a2-a2e3-2c90a1421ffd None None] Loaded 2 Fernet keys from /etc/keystone/fernet-keys/, but `[fernet_tokens] max_active_keys = 3`; perhaps there have not been enough key rotations to reach `max_active_keys` yet? {{(pid=61760) load_keys /opt/stack/keystone/keystone/common/fernet_utils.py:298}}
Sep 13 09:00:46 jammy-provider-cloud-0000007621 devstack@keystone.service[61759]: DEBUG keystone.server.flask.request_processing.middleware.auth_context [None req-be67fc9d-fc1e-45a8-8a22-025a983399da None None] Authenticating user token {{(pid=61759) process_request /opt/stack/data/venv/lib/python3.10/site-packages/keystonemiddleware/auth_token/__init__.py:406}}
Sep 13 09:00:46 jammy-provider-cloud-0000007621 devstack@keystone.service[61760]: [pid: 61760|app: 0|req: 14/27] 10.201.5.87 () {58 vars in 1023 bytes} [Fri Sep 13 09:00:46 2024] POST /identity/v3/auth/tokens => generated 862 bytes in 58 msecs (HTTP/1.1 201) 6 headers in 363 bytes (1 switches on core 0)
Sep 13 09:00:46 jammy-provider-cloud-0000007621 devstack@keystone.service[61760]: DEBUG keystone.server.flask.request_processing.middleware.auth_context [None req-dc035e7b-ce47-48a2-a2e3-2c90a1421ffd None None] Authenticating user token {{(pid=61760) process_request /opt/stack/data/venv/lib/python3.10/site-packages/keystonemiddleware/auth_token/__init__.py:406}}
Sep 13 09:00:46 jammy-provider-cloud-0000007621 devstack@keystone.service[61760]: DEBUG keystone.server.flask.request_processing.middleware.auth_context [None req-dc035e7b-ce47-48a2-a2e3-2c90a1421ffd None None] Validating token access rules against request {{(pid=61760) validate_allowed_request /opt/stack/data/venv/lib/python3.10/site-packages/keystonemiddleware/auth_token/__init__.py:544}}
Sep 13 09:00:46 jammy-provider-cloud-0000007621 devstack@keystone.service[61759]: DEBUG keystone.server.flask.request_processing.middleware.auth_context [None req-be67fc9d-fc1e-45a8-8a22-025a983399da None None] Validating token access rules against request {{(pid=61759) validate_allowed_request /opt/stack/data/venv/lib/python3.10/site-packages/keystonemiddleware/auth_token/__init__.py:544}}
Sep 13 09:00:46 jammy-provider-cloud-0000007621 devstack@keystone.service[61760]: DEBUG keystone.server.flask.request_processing.middleware.auth_context [None req-4efa2952-7cb7-4571-b3f2-90657ce45b2b None admin] RBAC: auth_context: {'token': <TokenModel (audit_id=Rb97IkCjSyir1tjNkRMDFg, audit_chain_id=['Rb97IkCjSyir1tjNkRMDFg']) at 0x7f53017c3c70>, 'domain_id': None, 'trust_id': None, 'trustor_id': None, 'trustee_id': None, 'domain_name': None, 'group_ids': [], 'user_id': '93a844874524417b8df3ce1503f33213', 'user_domain_id': 'default', 'system_scope': 'all', 'project_id': None, 'project_domain_id': None, 'roles': ['admin', 'manager', 'member', 'reader'], 'is_admin_project': True, 'service_user_id': None, 'service_user_domain_id': None, 'service_project_id': None, 'service_project_domain_id': None, 'service_roles': []} {{(pid=61760) fill_context /opt/stack/keystone/keystone/server/flask/request_processing/middleware/auth_context.py:511}}
Sep 13 09:00:46 jammy-provider-cloud-0000007621 devstack@keystone.service[61760]: DEBUG keystone.server.flask.request_processing.req_logging [None req-4efa2952-7cb7-4571-b3f2-90657ce45b2b None admin] REQUEST_METHOD: `GET` {{(pid=61760) log_request_info /opt/stack/keystone/keystone/server/flask/request_processing/req_logging.py:26}}
Sep 13 09:00:46 jammy-provider-cloud-0000007621 devstack@keystone.service[61760]: DEBUG keystone.server.flask.request_processing.req_logging [None req-4efa2952-7cb7-4571-b3f2-90657ce45b2b None admin] SCRIPT_NAME: `/identity` {{(pid=61760) log_request_info /opt/stack/keystone/keystone/server/flask/request_processing/req_logging.py:27}}
Sep 13 09:00:46 jammy-provider-cloud-0000007621 devstack@keystone.service[61760]: DEBUG keystone.server.flask.request_processing.req_logging [None req-4efa2952-7cb7-4571-b3f2-90657ce45b2b None admin] PATH_INFO: `/v3/domains/Default` {{(pid=61760) log_request_info /opt/stack/keystone/keystone/server/flask/request_processing/req_logging.py:28}}
Sep 13 09:00:46 jammy-provider-cloud-0000007621 devstack@keystone.service[61760]: DEBUG keystone.common.rbac_enforcer.enforcer [None req-4efa2952-7cb7-4571-b3f2-90657ce45b2b None admin] RBAC: Authorizing `identity:get_domain(domain_id=Default)` {{(pid=61760) enforce_call /opt/stack/keystone/keystone/common/rbac_enforcer/enforcer.py:503}}
Sep 13 09:00:46 jammy-provider-cloud-0000007621 devstack@keystone.service[61760]: DEBUG keystone.common.rbac_enforcer.enforcer [None req-4efa2952-7cb7-4571-b3f2-90657ce45b2b None admin] RBAC: Authorization granted {{(pid=61760) enforce_call /opt/stack/keystone/keystone/common/rbac_enforcer/enforcer.py:514}}
Sep 13 09:00:46 jammy-provider-cloud-0000007621 devstack@keystone.service[61760]: DEBUG keystone.server.flask.application [None req-4efa2952-7cb7-4571-b3f2-90657ce45b2b None admin] Could not find domain: Default. {{(pid=61760) _handle_keystone_exception /opt/stack/keystone/keystone/server/flask/application.py:96}}
Sep 13 09:00:46 jammy-provider-cloud-0000007621 devstack@keystone.service[61760]: [pid: 61760|app: 0|req: 15/28] 10.201.5.87 () {56 vars in 1108 bytes} [Fri Sep 13 09:00:46 2024] GET /identity/v3/domains/Default => generated 87 bytes in 72 msecs (HTTP/1.1 404) 5 headers in 183 bytes (1 switches on core 0)
Sep 13 09:00:46 jammy-provider-cloud-0000007621 devstack@keystone.service[61760]: DEBUG keystone.server.flask.request_processing.middleware.auth_context [None req-4efa2952-7cb7-4571-b3f2-90657ce45b2b None admin] Authenticating user token {{(pid=61760) process_request /opt/stack/data/venv/lib/python3.10/site-packages/keystonemiddleware/auth_token/__init__.py:406}}
Sep 13 09:00:46 jammy-provider-cloud-0000007621 devstack@keystone.service[61759]: DEBUG keystone.server.flask.request_processing.middleware.auth_context [None req-0e54cfcd-8a1d-4e03-8a60-0360593d807d None admin] RBAC: auth_context: {'token': <TokenModel (audit_id=AZjSIRzOQtWNALNANgy3gA, audit_chain_id=['AZjSIRzOQtWNALNANgy3gA']) at 0x7f5301555090>, 'domain_id': None, 'trust_id': None, 'trustor_id': None, 'trustee_id': None, 'domain_name': None, 'group_ids': [], 'user_id': '93a844874524417b8df3ce1503f33213', 'user_domain_id': 'default', 'system_scope': 'all', 'project_id': None, 'project_domain_id': None, 'roles': ['admin', 'manager', 'member', 'reader'], 'is_admin_project': True, 'service_user_id': None, 'service_user_domain_id': None, 'service_project_id': None, 'service_project_domain_id': None, 'service_roles': []} {{(pid=61759) fill_context /opt/stack/keystone/keystone/server/flask/request_processing/middleware/auth_context.py:511}}
Sep 13 09:00:46 jammy-provider-cloud-0000007621 devstack@keystone.service[61759]: DEBUG keystone.server.flask.request_processing.req_logging [None req-0e54cfcd-8a1d-4e03-8a60-0360593d807d None admin] REQUEST_METHOD: `POST` {{(pid=61759) log_request_info /opt/stack/keystone/keystone/server/flask/request_processing/req_logging.py:26}}
Sep 13 09:00:46 jammy-provider-cloud-0000007621 devstack@keystone.service[61759]: DEBUG keystone.server.flask.request_processing.req_logging [None req-0e54cfcd-8a1d-4e03-8a60-0360593d807d None admin] SCRIPT_NAME: `/identity` {{(pid=61759) log_request_info /opt/stack/keystone/keystone/server/flask/request_processing/req_logging.py:27}}
Sep 13 09:00:46 jammy-provider-cloud-0000007621 devstack@keystone.service[61759]: DEBUG keystone.server.flask.request_processing.req_logging [None req-0e54cfcd-8a1d-4e03-8a60-0360593d807d None admin] PATH_INFO: `/v3/roles` {{(pid=61759) log_request_info /opt/stack/keystone/keystone/server/flask/request_processing/req_logging.py:28}}
Sep 13 09:00:46 jammy-provider-cloud-0000007621 devstack@keystone.service[61759]: DEBUG keystone.common.rbac_enforcer.enforcer [None req-0e54cfcd-8a1d-4e03-8a60-0360593d807d None admin] RBAC: Authorizing `identity:create_role()` {{(pid=61759) enforce_call /opt/stack/keystone/keystone/common/rbac_enforcer/enforcer.py:503}}
Sep 13 09:00:46 jammy-provider-cloud-0000007621 devstack@keystone.service[61759]: DEBUG keystone.common.rbac_enforcer.enforcer [None req-0e54cfcd-8a1d-4e03-8a60-0360593d807d None admin] RBAC: Authorization granted {{(pid=61759) enforce_call /opt/stack/keystone/keystone/common/rbac_enforcer/enforcer.py:514}}
Sep 13 09:00:46 jammy-provider-cloud-0000007621 devstack@keystone.service[61760]: DEBUG keystone.server.flask.request_processing.middleware.auth_context [None req-4efa2952-7cb7-4571-b3f2-90657ce45b2b None admin] Validating token access rules against request {{(pid=61760) validate_allowed_request /opt/stack/data/venv/lib/python3.10/site-packages/keystonemiddleware/auth_token/__init__.py:544}}
Sep 13 09:00:46 jammy-provider-cloud-0000007621 devstack@keystone.service[61759]: DEBUG keystone.common.sql.core [None req-0e54cfcd-8a1d-4e03-8a60-0360593d807d None admin] Conflict role: (pymysql.err.IntegrityError) (1062, "Duplicate entry 'service-<<null>>' for key 'role.ixu_role_name_domain_id'")
Sep 13 09:00:46 jammy-provider-cloud-0000007621 devstack@keystone.service[61759]: [SQL: INSERT INTO `role` (id, name, description, extra) VALUES (%(id)s, %(name)s, %(description)s, %(extra)s)]
Sep 13 09:00:46 jammy-provider-cloud-0000007621 devstack@keystone.service[61759]: [parameters: {'id': 'c62eb19261c54926b0282e1edcc75f1e', 'name': 'service', 'description': None, 'extra': '{}'}]
Sep 13 09:00:46 jammy-provider-cloud-0000007621 devstack@keystone.service[61759]: (Background on this error at: https://sqlalche.me/e/20/gkpj) {{(pid=61759) wrapper /opt/stack/keystone/keystone/common/sql/core.py:547}}
Sep 13 09:00:46 jammy-provider-cloud-0000007621 devstack@keystone.service[61759]: ERROR keystone.server.flask.application [None req-0e54cfcd-8a1d-4e03-8a60-0360593d807d None admin] Conflict occurred attempting to store role - Duplicate entry found with name service.: keystone.exception.Conflict: Conflict occurred attempting to store role - Duplicate entry found with name service.
Sep 13 09:00:46 jammy-provider-cloud-0000007621 devstack@keystone.service[61759]: ERROR keystone.server.flask.application Traceback (most recent call last):
Sep 13 09:00:46 jammy-provider-cloud-0000007621 devstack@keystone.service[61759]: ERROR keystone.server.flask.application   File "/opt/stack/data/venv/lib/python3.10/site-packages/sqlalchemy/engine/base.py", line 1967, in _exec_single_context
Sep 13 09:00:46 jammy-provider-cloud-0000007621 devstack@keystone.service[61759]: ERROR keystone.server.flask.application     self.dialect.do_execute(
Sep 13 09:00:46 jammy-provider-cloud-0000007621 devstack@keystone.service[61759]: ERROR keystone.server.flask.application   File "/opt/stack/data/venv/lib/python3.10/site-packages/sqlalchemy/engine/default.py", line 941, in do_execute
Sep 13 09:00:46 jammy-provider-cloud-0000007621 devstack@keystone.service[61759]: ERROR keystone.server.flask.application     cursor.execute(statement, parameters)
Sep 13 09:00:46 jammy-provider-cloud-0000007621 devstack@keystone.service[61759]: ERROR keystone.server.flask.application   File "/opt/stack/data/venv/lib/python3.10/site-packages/pymysql/cursors.py", line 153, in execute
Sep 13 09:00:46 jammy-provider-cloud-0000007621 devstack@keystone.service[61759]: ERROR keystone.server.flask.application     result = self._query(query)
Sep 13 09:00:46 jammy-provider-cloud-0000007621 devstack@keystone.service[61759]: ERROR keystone.server.flask.application   File "/opt/stack/data/venv/lib/python3.10/site-packages/pymysql/cursors.py", line 322, in _query
Sep 13 09:00:46 jammy-provider-cloud-0000007621 devstack@keystone.service[61759]: ERROR keystone.server.flask.application     conn.query(q)
Sep 13 09:00:46 jammy-provider-cloud-0000007621 devstack@keystone.service[61759]: ERROR keystone.server.flask.application   File "/opt/stack/data/venv/lib/python3.10/site-packages/pymysql/connections.py", line 563, in query
Sep 13 09:00:46 jammy-provider-cloud-0000007621 devstack@keystone.service[61759]: ERROR keystone.server.flask.application     self._affected_rows = self._read_query_result(unbuffered=unbuffered)
Sep 13 09:00:46 jammy-provider-cloud-0000007621 devstack@keystone.service[61759]: ERROR keystone.server.flask.application   File "/opt/stack/data/venv/lib/python3.10/site-packages/pymysql/connections.py", line 825, in _read_query_result
Sep 13 09:00:46 jammy-provider-cloud-0000007621 devstack@keystone.service[61759]: ERROR keystone.server.flask.application     result.read()
Sep 13 09:00:46 jammy-provider-cloud-0000007621 devstack@keystone.service[61759]: ERROR keystone.server.flask.application   File "/opt/stack/data/venv/lib/python3.10/site-packages/pymysql/connections.py", line 1199, in read
Sep 13 09:00:46 jammy-provider-cloud-0000007621 devstack@keystone.service[61759]: ERROR keystone.server.flask.application     first_packet = self.connection._read_packet()
Sep 13 09:00:46 jammy-provider-cloud-0000007621 devstack@keystone.service[61759]: ERROR keystone.server.flask.application   File "/opt/stack/data/venv/lib/python3.10/site-packages/pymysql/connections.py", line 775, in _read_packet
Sep 13 09:00:46 jammy-provider-cloud-0000007621 devstack@keystone.service[61759]: ERROR keystone.server.flask.application     packet.raise_for_error()
Sep 13 09:00:46 jammy-provider-cloud-0000007621 devstack@keystone.service[61759]: ERROR keystone.server.flask.application   File "/opt/stack/data/venv/lib/python3.10/site-packages/pymysql/protocol.py", line 219, in raise_for_error
Sep 13 09:00:46 jammy-provider-cloud-0000007621 devstack@keystone.service[61759]: ERROR keystone.server.flask.application     err.raise_mysql_exception(self._data)
Sep 13 09:00:46 jammy-provider-cloud-0000007621 devstack@keystone.service[61759]: ERROR keystone.server.flask.application   File "/opt/stack/data/venv/lib/python3.10/site-packages/pymysql/err.py", line 150, in raise_mysql_exception
Sep 13 09:00:46 jammy-provider-cloud-0000007621 devstack@keystone.service[61759]: ERROR keystone.server.flask.application     raise errorclass(errno, errval)
Sep 13 09:00:46 jammy-provider-cloud-0000007621 devstack@keystone.service[61759]: ERROR keystone.server.flask.application pymysql.err.IntegrityError: (1062, "Duplicate entry 'service-<<null>>' for key 'role.ixu_role_name_domain_id'")
Sep 13 09:00:46 jammy-provider-cloud-0000007621 devstack@keystone.service[61759]: ERROR keystone.server.flask.application 
Sep 13 09:00:46 jammy-provider-cloud-0000007621 devstack@keystone.service[61759]: ERROR keystone.server.flask.application The above exception was the direct cause of the following exception:
Sep 13 09:00:46 jammy-provider-cloud-0000007621 devstack@keystone.service[61759]: ERROR keystone.server.flask.application 
Sep 13 09:00:46 jammy-provider-cloud-0000007621 devstack@keystone.service[61759]: ERROR keystone.server.flask.application Traceback (most recent call last):
Sep 13 09:00:46 jammy-provider-cloud-0000007621 devstack@keystone.service[61759]: ERROR keystone.server.flask.application   File "/opt/stack/keystone/keystone/common/sql/core.py", line 542, in wrapper
Sep 13 09:00:46 jammy-provider-cloud-0000007621 devstack@keystone.service[61759]: ERROR keystone.server.flask.application     return method(*args, **kwargs)
Sep 13 09:00:46 jammy-provider-cloud-0000007621 devstack@keystone.service[61759]: ERROR keystone.server.flask.application   File "/opt/stack/keystone/keystone/assignment/role_backends/sql.py", line 26, in create_role
Sep 13 09:00:46 jammy-provider-cloud-0000007621 devstack@keystone.service[61759]: ERROR keystone.server.flask.application     with sql.session_for_write() as session:
Sep 13 09:00:46 jammy-provider-cloud-0000007621 devstack@keystone.service[61759]: ERROR keystone.server.flask.application   File "/usr/lib/python3.10/contextlib.py", line 142, in __exit__
Sep 13 09:00:46 jammy-provider-cloud-0000007621 devstack@keystone.service[61759]: ERROR keystone.server.flask.application     next(self.gen)
Sep 13 09:00:46 jammy-provider-cloud-0000007621 devstack@keystone.service[61759]: ERROR keystone.server.flask.application   File "/opt/stack/data/venv/lib/python3.10/site-packages/oslo_db/sqlalchemy/enginefacade.py", line 1042, in _transaction_scope
Sep 13 09:00:46 jammy-provider-cloud-0000007621 devstack@keystone.service[61759]: ERROR keystone.server.flask.application     with current._produce_block(
Sep 13 09:00:46 jammy-provider-cloud-0000007621 devstack@keystone.service[61759]: ERROR keystone.server.flask.application   File "/usr/lib/python3.10/contextlib.py", line 142, in __exit__
Sep 13 09:00:46 jammy-provider-cloud-0000007621 devstack@keystone.service[61759]: ERROR keystone.server.flask.application     next(self.gen)
