"pcp-dstat 6.2.0 CSV Output"
"Author:","PCP team <pcp@groups.io> and Dag Wieers <dag@wieers.com>",,,,"URL:","https://pcp.io/ and http://dag.wieers.com/home-made/dstat/"
"Host:","ubuntu",,,,"User:","ubuntu"
"Cmdline:","dstat -tcmndrylpg --tcp --output /tmp/devstack_logs/dstat-csv.log",,,,"Date:","16 Jun 2026 11:25:38 UTC"
"system","total usage",,,,,"memory usage",,,,"net/total",,"dsk/total",,"io/total",,"system",,"load avg",,,"procs",,,"paging",,"tcp sockets",,,,
"time","total usage:usr","total usage:sys","total usage:idl","total usage:wai","total usage:stl","used","free","buf","cach","net/total:recv","net/total:send","dsk/total:read","dsk/total:writ","read","writ","int","csw","1m","5m","15m","run","blk","new","in","out","lis","act","syn","tim","clo"
16-06 11:25:38,,1020460,1398152,168116,5221204,,,,,,,1.510,0.990,0.550,3,0,,,,10,5,0,17,1
16-06 11:25:39,22.748,20.998,53.746,0.500,0.250,1032216,1385840,168208,5221544,21214.383,12201.070,0,1591.879,0,51.996,5518,3960,1.510,0.990,0.550,3,0,352.973,0,0,10,5,0,17,1
16-06 11:25:40,22.469,21.221,54.925,0.749,0,1019912,1397556,168292,5221928,42093.660,13615.453,0,1797.551,0,55.924,5489,3926,1.510,0.990,0.550,2,0,337.540,0,0,10,5,0,17,1
16-06 11:25:41,26.513,19.760,51.526,0.500,0,1026992,1372700,168396,5238912,190311.458,15430.659,0,5502.731,0,69.034,6022,5931,1.550,1.010,0.550,2,0,254.126,0,0,10,4,0,17,2
16-06 11:25:42,39.959,17.019,41.192,0.493,0,1028232,1356264,169056,5251464,5539.965,1438.516,0,1606.244,0,67.091,6367,6589,1.550,1.010,0.550,6,0,191.408,0,0,10,4,0,17,2
16-06 11:25:43,31.380,11.894,55.926,0.253,0,1146744,1217088,169688,5393900,4830.422,1530.511,0,1433.335,0,32.392,4272,3686,1.550,1.010,0.550,2,0,95.151,0,0,11,6,0,17,2
16-06 11:25:44,37.512,13.004,47.765,0.750,0,1164960,1177336,170184,5413180,4099.286,1458.457,0,3201.004,0,148.046,4528,3063,1.550,1.010,0.550,0,1,170.053,0,0,11,8,0,18,2
16-06 11:25:45,40.226,7.745,48.222,1.249,0,1207512,1115532,171344,5428200,4423.399,1607.055,31.981,4569.314,1.999,128.924,3537,2701,1.550,1.010,0.550,2,0,29.982,0,0,11,6,0,19,2
16-06 11:25:46,43.000,6.250,48.500,0.750,0,1239708,1053520,172448,5454048,4309.958,1349.987,0,3547.966,0,81.999,3134,2050,1.590,1.030,0.560,2,0,0,0,0,11,6,0,19,2
16-06 11:25:47,36.089,8.772,45.111,8.020,0,1260468,1038312,173724,5446468,5440.428,2051.062,0,31112.791,0,2515.208,11023,19465,1.590,1.030,0.560,2,0,58.144,0,0,11,6,0,19,0
16-06 11:25:48,33.754,7.251,45.755,11.001,0,1298448,989704,174508,5455460,11422.274,4507.503,0,44985.016,0,3767.420,13194,24640,1.590,1.030,0.560,2,0,60.007,0,0,11,4,0,19,0
16-06 11:25:49,41.002,12.251,45.502,0,0,1249216,1037092,174628,5457000,4630.221,1620.077,0,1036.050,0,32.002,10345,17520,1.590,1.030,0.560,3,0,83.004,0,0,11,4,0,19,0
16-06 11:25:50,43.216,10.492,44.465,0.500,0,1240016,1045156,174708,5457836,4676.368,1618.743,0,9444.665,0,444.655,10373,17340,1.590,1.030,0.560,3,0,12.990,0,0,11,4,0,19,0
16-06 11:25:51,41.857,9.966,47.089,0.249,0,1194976,1097736,174764,5450712,4245.453,1614.468,0,1431.096,0,52.819,3474,2028,1.620,1.040,0.570,6,0,30.894,0,0,11,4,0,19,0
16-06 11:25:52,44.312,6.509,48.067,0,0,1218592,1074440,174768,5450552,4292.965,1664.313,0,360.501,0,20.028,3082,1642,1.620,1.040,0.570,4,0,26.036,0,0,11,4,0,19,0
16-06 11:25:53,28.536,8.010,62.329,0,0,1198644,1094380,174768,5450560,4385.549,1664.105,0,4.005,0,1.001,3678,13051,1.620,1.040,0.570,1,0,118.149,0,0,11,4,0,20,0
16-06 11:25:54,8.007,21.020,69.314,0,0,1171804,1121192,174768,5450584,3861.591,1459.357,0,8.007,0,2.002,4997,3434,1.620,1.040,0.570,1,0,273.254,0,0,11,4,0,19,0
16-06 11:25:55,9.005,21.763,68.040,0,0,1127748,1165100,174768,5450732,4502.676,1620.963,0,472.281,0,78.046,5210,3475,1.620,1.040,0.570,1,0,265.158,0,0,11,4,0,19,0
16-06 11:25:56,15.456,18.946,62.322,0.249,0,1097028,1195768,174768,5451188,4505.116,1453.842,0,23572.585,0,500.568,6839,8030,1.570,1.040,0.570,2,0,229.344,0,0,11,4,0,19,0
16-06 11:25:57,38.735,13.245,47.482,0,0.250,1175788,1116980,174768,5451232,5174.999,1619.374,0,1435.445,0,124.952,3936,2847,1.570,1.040,0.570,4,0,130.949,0,0,11,5,0,19,0
16-06 11:25:58,46.798,4.254,48.550,0.250,0,1211476,1080944,174780,5451748,5303.490,1459.511,0,880.912,0,37.038,2884,1731,1.570,1.040,0.570,3,0,0,0,0,11,5,0,13,0
16-06 11:25:59,42.315,9.264,47.573,0,0,1231084,1059528,174784,5453568,6189.558,1622.505,0,865.336,0,34.053,3072,3178,1.570,1.040,0.570,2,0,0,0,0,11,5,0,13,0
16-06 11:26:00,10.217,8.473,79.745,0,0,1241104,1049008,174784,5454096,5460.558,1453.358,0,2312.613,0,54.825,3185,3164,1.570,1.040,0.570,2,0,117.624,0,0,11,4,0,13,0
16-06 11:26:01,18.785,5.761,75.138,0,0,1302812,987284,174784,5454096,6071.177,1622.988,0,12246.546,0,77.142,2242,1977,1.530,1.040,0.580,4,0,22.041,0,0,11,4,0,13,0
16-06 11:26:02,22.744,2.999,73.232,0,0,1339100,950996,174784,5454096,6513.410,1457.644,0,379.907,0,5.999,1800,1340,1.530,1.040,0.580,4,0,1.000,0,0,11,4,0,13,0
16-06 11:26:03,22.736,2.498,71.955,1.249,0,1369024,920784,174824,5454344,5156.758,1618.982,0,4129.404,0,284.821,3746,5037,1.530,1.040,0.580,2,0,0.999,0,0,11,10,0,13,0
16-06 11:26:04,19.747,6.249,72.740,0,0,1324704,965104,174824,5454344,4767.377,1457.809,0,0,0,0,2250,1570,1.530,1.040,0.580,3,0,41.995,0,0,11,4,0,15,0
16-06 11:26:05,19.509,2.251,78.038,0,0,1358716,930840,174824,5454532,7337.573,4006.951,0,8.004,0,1.000,1693,1162,1.530,1.040,0.580,2,0,0,0,0,11,9,0,15,0
16-06 11:26:06,21.997,3.250,71.742,0.750,0,1360460,928628,174872,5454896,7545.134,3963.545,267.969,35639.908,65.992,324.963,2986,3344,1.480,1.040,0.580,2,0,2.000,0,0,11,27,0,14,0
16-06 11:26:07,19.734,5.496,74.440,0.250,0,1343148,945920,174872,5454916,8975.716,5379.635,0,515.582,0,6.994,2673,2236,1.480,1.040,0.580,4,0,43.964,0,0,11,28,0,15,0
16-06 11:26:08,17.753,3.251,77.514,0,0,1392012,897052,174872,5454920,8872.592,5795.040,0,4.001,0,1.000,1833,1466,1.480,1.040,0.580,3,0,0,0,0,11,29,0,15,0
16-06 11:26:09,19.562,9.530,69.721,0,0,1380636,908396,174880,5454944,7580.997,4364.816,0,132.419,0,9.029,3473,2605,1.480,1.040,0.580,2,0,156.495,0,0,11,28,0,16,0
16-06 11:26:10,42.317,6.970,49.287,0,0,1459944,829084,174880,5454948,5275.184,2350.832,0,67.707,0,3.983,2807,1358,1.480,1.040,0.580,3,0,0,0,0,11,29,0,15,0
16-06 11:26:11,32.131,4.518,63.258,0,0,1470024,818804,174884,5455144,20282.759,16799.546,0,301.229,0,7.029,5151,6319,1.520,1.060,0.590,2,0,0,0,0,11,30,0,15,0
16-06 11:26:12,46.013,22.257,30.259,0.250,0,1428604,860196,174892,5455164,7674.242,4168.218,0,1448.423,0,37.011,6034,5831,1.520,1.060,0.590,6,0,451.132,0,0,11,28,0,16,0
16-06 11:26:13,82.253,16.751,0,0,0,1662104,626624,174892,5455200,4112.161,1512.059,0,12.000,0,3.000,5070,3122,1.520,1.060,0.590,6,0,128.005,0,0,11,28,0,16,0
16-06 11:26:14,81.480,13.497,4.499,0,0,1811904,476736,174896,5455276,27196.287,25053.815,0,331.918,0,13.997,6417,6469,1.520,1.060,0.590,6,0,0,0,0,11,33,0,16,0
16-06 11:26:15,67.600,12.472,18.958,0.249,0,1688956,599468,174912,5455472,27283.541,22487.169,0,554.771,0,55.876,8773,12138,1.520,1.060,0.590,4,0,199.558,0,0,11,29,0,21,0
16-06 11:26:16,20.241,9.745,68.968,0,0,1503444,784964,174912,5455488,6127.166,2458.863,0,2055.049,0,112.948,3491,3123,1.480,1.050,0.590,3,0,109.949,0,0,11,28,0,22,0
16-06 11:26:17,18.763,5.754,74.553,0,0,1500008,788344,174912,5455492,8924.310,5437.845,0,93201.901,0,519.367,3216,2900,1.480,1.050,0.590,3,0,0,0,0,11,29,0,22,0
16-06 11:26:18,16.272,5.507,76.103,0.250,0,1451660,836680,174916,5455500,8279.187,4656.292,0,520.704,0,22.030,3328,3256,1.480,1.050,0.590,1,0,58.078,0,0,11,28,0,23,0
16-06 11:26:19,20.952,4.490,73.084,0,0,1509116,779212,174924,5455504,4529.712,1077.553,0,111.746,0,6.984,1943,1382,1.480,1.050,0.590,3,0,9.977,0,0,11,28,0,23,0
16-06 11:26:20,16.512,2.502,80.307,0.500,0,1505752,782552,174932,5455520,11341.082,7571.396,0,528.377,0,43.031,2751,3174,1.480,1.050,0.590,6,1,0,0,0,11,29,0,23,0
16-06 11:26:21,12.521,16.528,69.117,0,0,1467912,820376,174936,5455532,6171.424,2481.191,0,300.508,0,23.039,4407,3129,1.440,1.050,0.590,1,0,222.376,0,0,11,28,0,24,0
16-06 11:26:22,9.256,26.266,62.288,0,0,1437780,850484,174948,5455544,5344.284,1512.930,0,2593.594,0,24.015,5777,4043,1.440,1.050,0.590,4,0,459.282,0,0,11,28,0,24,0
16-06 11:26:23,71.000,26.000,3.000,0,0,1562220,726012,174964,5455560,5159.999,1620.000,0,804.000,0,55.000,5385,3791,1.440,1.050,0.590,6,0,358.000,0,0,11,28,0,24,0
16-06 11:26:24,80.412,10.239,9.240,0,0,1739008,549168,174964,5455600,23761.036,21007.046,0,79.913,0,5.993,5472,4265,1.440,1.050,0.590,3,0,0,0,0,11,33,0,24,0
16-06 11:26:25,71.917,8.490,18.728,0.250,0,1729696,558188,174988,5455868,36994.224,31251.864,0,639.261,0,71.917,10635,16302,1.440,1.050,0.590,4,0,29.965,0,0,11,29,0,25,0
16-06 11:26:26,79.422,19.793,0,0,0,1590300,697492,174988,5455960,5222.306,1755.801,0,324.703,0,19.041,5552,4079,1.810,1.140,0.620,6,0,280.607,0,0,11,28,0,24,0
16-06 11:26:27,89.238,11.248,0,0,0,1774052,513728,174992,5455968,14350.043,11404.445,0,331.955,0,12.998,5204,3136,1.810,1.140,0.620,6,0,0,0,0,11,31,0,24,0
16-06 11:26:28,80.264,9.752,8.001,0,0.250,1835172,452252,174992,5456320,42008.537,37970.813,0,148.027,0,10.002,9238,13227,1.810,1.140,0.620,8,0,0,0,0,11,32,0,26,0
16-06 11:26:29,66.420,14.732,17.729,0,0,1585204,702012,175000,5456520,22525.958,18189.164,0,483.420,0,35.957,7635,10494,1.810,1.140,0.620,2,0,267.679,0,0,11,28,0,29,0
16-06 11:26:30,40.676,9.982,48.911,0,0,1552040,735172,175000,5456524,4837.165,1605.068,0,183.665,0,8.984,2884,1644,1.810,1.140,0.620,3,0,29.945,0,0,11,28,0,25,0
16-06 11:26:31,32.832,4.261,61.905,0.501,0.251,1573328,713840,175016,5456552,16671.669,14242.598,0,922.305,0,91.228,4234,4771,1.660,1.120,0.620,1,0,0,0,0,11,30,0,25,0
16-06 11:26:32,47.021,20.009,31.514,0,0,1519032,768204,175020,5456572,11985.459,7341.344,0,7643.481,0,511.233,6138,5972,1.660,1.120,0.620,3,0,379.173,0,0,11,28,0,27,0
16-06 11:26:33,54.958,7.744,36.472,0,0,1594092,693112,175020,5456612,15426.342,11806.078,0,107.918,0,5.995,3891,2407,1.660,1.120,0.620,4,0,0,0,0,11,31,0,27,0
16-06 11:26:34,56.033,5.503,37.772,0,0,1537748,749272,175036,5456780,23835.171,19682.702,0,860.512,0,63.037,7682,10230,1.660,1.120,0.620,3,0,21.012,0,0,11,28,0,25,0
16-06 11:26:35,74.603,22.705,1.747,0,0,1562628,724352,175072,5456784,4882.392,1509.030,0,2770.548,0,175.654,5637,4169,1.660,1.120,0.620,5,0,236.535,0,0,11,28,0,25,0
16-06 11:26:36,66.340,7.731,25.439,0,0,1645888,641008,175072,5456868,29610.594,25612.236,0,199.519,0,12.969,6072,6420,1.930,1.180,0.640,4,0,0,0,0,11,32,0,25,0
16-06 11:26:37,54.336,18.529,26.292,0,0,1554280,732436,175072,5457044,22540.674,17884.304,0,821.300,0,45.071,8631,10743,1.930,1.180,0.640,4,0,324.514,0,0,11,28,0,28,0
16-06 11:26:38,64.999,8.500,26.250,0,0,1624324,662360,175072,5457076,6380.897,3477.944,0,4.000,0,1.000,3546,1368,1.930,1.180,0.640,2,0,0,0,0,11,29,0,28,0
16-06 11:26:39,46.628,5.515,46.377,0.251,0,1630344,656248,175092,5457148,31656.937,28043.012,0,1251.437,0,76.209,7896,10611,1.930,1.180,0.640,2,0,0,0,0,11,29,0,30,0
16-06 11:26:40,55.918,19.222,23.965,0,0,1533504,752944,175092,5457292,6373.684,2155.849,0,335.510,0,25.962,5175,3943,1.930,1.180,0.640,3,0,298.564,0,0,11,28,0,30,0
16-06 11:26:41,54.850,6.762,37.569,0,0,1627216,659212,175092,5457312,18216.287,13374.440,0,144.264,0,9.016,4015,2734,2.180,1.250,0.660,3,0,0,0,0,11,31,0,30,0
16-06 11:26:42,56.250,14.250,28.750,0.250,0,1509756,776320,175100,5457648,22905.931,17914.946,0,399.999,0,33.000,7769,9866,2.180,1.250,0.660,6,0,245.999,0,0,11,28,0,33,0
16-06 11:26:43,64.925,9.988,24.721,0,0,1631736,654316,175100,5457672,7576.235,4752.502,0,215.750,0,7.991,3871,1662,2.180,1.250,0.660,1,0,42.950,0,0,11,31,0,33,0
16-06 11:26:44,48.054,5.506,45.051,0.250,0,1623464,662380,175108,5457872,29357.936,23987.911,0,1285.442,0,94.106,7572,9879,2.180,1.250,0.660,3,0,0,0,0,11,28,0,35,0
16-06 11:26:45,60.134,15.221,23.954,0,0.250,1560024,725808,175108,5457884,5269.801,1658.790,0,127.753,0,7.985,4218,2257,2.180,1.250,0.660,3,0,111.784,0,0,11,28,0,35,0
16-06 11:26:46,53.836,6.260,39.062,0,0,1622336,663480,175108,5457900,18228.115,15052.042,0,112.179,0,7.011,4239,3723,2.160,1.260,0.670,2,0,0,0,0,11,31,0,35,0
16-06 11:26:47,48.183,11.234,39.445,0.250,0,1510132,775600,175124,5457964,17429.879,12677.455,0,415.425,0,40.943,6115,7410,2.160,1.260,0.670,2,0,143.801,0,0,11,28,0,35,0
16-06 11:26:48,71.627,25.044,3.256,0,0,1604484,681192,175124,5457988,4688.322,1622.881,0,240.427,0,23.041,5621,4568,2.160,1.260,0.670,7,0,478.850,0,0,11,28,0,35,0
16-06 11:26:49,80.252,19.500,0.250,0.250,0,1762292,523344,175140,5458012,18479.394,15398.329,0,1396.030,0,41.001,6247,5989,2.160,1.260,0.670,10,0,318.007,0,0,11,31,0,35,0
16-06 11:26:50,77.690,20.484,1.998,0,0,1805012,480424,175144,5458196,33816.967,31648.637,0,395.695,0,31.975,7470,8719,2.160,1.260,0.670,4,0,413.682,0,0,11,31,0,36,0
16-06 11:26:51,72.224,25.491,1.749,0,0,1589696,695480,175152,5458448,24297.171,20223.652,0,679.753,0,47.983,7499,8253,2.470,1.340,0.700,7,0,466.830,0,0,11,28,0,36,0
16-06 11:26:52,83.592,13.265,3.254,0,0,1698348,586716,175156,5458516,12020.208,9017.909,0,2686.952,0,104.114,5190,3343,2.470,1.340,0.700,7,0,40.044,0,0,11,30,0,36,0
16-06 11:26:53,78.200,10.493,9.744,0,0,1796980,488032,175156,5462020,31422.817,27804.141,0,139.910,0,8.994,6941,17082,2.470,1.340,0.700,7,0,35.977,0,0,12,32,0,38,0
16-06 11:26:54,63.016,17.755,18.505,0,0,1661668,623120,175160,5458776,28559.305,23954.127,0,160.041,0,11.003,8197,12019,2.470,1.340,0.700,4,0,360.092,0,0,11,28,0,42,0
16-06 11:26:55,15.253,26.505,57.011,0,0,1556056,728708,175160,5458800,4878.926,1458.277,0,180.034,0,12.002,6036,4564,2.470,1.340,0.700,2,0,536.102,0,0,11,28,0,41,0
16-06 11:26:56,57.032,34.618,7.720,0,0,1554984,729756,175164,5458820,5678.297,1613.832,0,199.238,0,20.920,5781,4850,2.670,1.400,0.720,6,0,703.312,0,0,11,28,0,41,0
16-06 11:26:57,72.523,9.285,17.817,0,0,1662620,622072,175164,5458876,21214.922,18371.209,0,220.832,0,14.053,5196,4945,2.670,1.400,0.720,2,0,0,0,0,11,32,0,41,0
16-06 11:26:58,64.010,14.252,21.503,0,0,1571512,712960,175184,5459072,23291.585,17832.745,0,812.125,0,65.010,7368,9912,2.670,1.400,0.720,4,0,184.028,0,0,11,28,0,45,0
16-06 11:26:59,79.227,14.450,5.730,0.249,0,1595984,688460,175192,5459092,9476.310,5543.875,0,211.271,0,10.962,4836,2246,2.670,1.400,0.720,5,0,83.711,0,0,11,30,0,45,0
16-06 11:27:00,66.230,7.526,25.338,0,0,1642836,641404,175192,5459260,32968.666,28604.487,0,184.642,0,10.035,6618,9622,2.670,1.400,0.720,2,0,2.007,0,0,11,32,0,45,0
16-06 11:27:01,50.605,5.983,41.880,0,0,1642584,641404,175204,5459488,41108.108,32856.772,0,251.279,0,21.937,12563,18757,2.860,1.460,0.750,4,0,0,0,0,11,31,0,45,0
16-06 11:27:02,75.715,14.291,9.527,0.251,0,1513664,770260,175228,5459524,18565.642,12814.335,0,425.206,0,46.131,7156,8520,2.860,1.460,0.750,4,0,121.344,0,0,11,28,0,45,0
16-06 11:27:03,77.131,10.983,12.481,0,0,1640652,643232,175232,5459568,14603.550,11852.779,0,2767.745,0,160.753,4635,2715,2.860,1.460,0.750,5,0,0,0,0,11,31,0,45,0
16-06 11:27:04,57.017,7.002,34.010,0,0.250,1666120,617528,175232,5459800,39183.472,34975.240,0,140.041,0,9.003,10351,15629,2.860,1.460,0.750,2,0,0,0,0,11,32,0,45,0
16-06 11:27:05,60.928,11.237,26.719,0,0,1583032,700352,175236,5460048,36899.581,30323.319,0,139.835,0,8.989,10409,16263,2.860,1.460,0.750,4,0,141.833,0,0,11,29,0,48,0
16-06 11:27:06,78.487,14.248,6.499,0,0,1591664,691708,175236,5460060,9521.367,6253.927,0,1787.693,0,147.975,5136,3273,2.950,1.500,0.760,3,0,119.979,0,0,11,29,0,49,0
16-06 11:27:07,68.738,7.999,22.746,0,0,1657448,625720,175240,5460256,30813.451,26630.205,0,255.954,0,26.995,6508,8866,2.950,1.500,0.760,4,0,2.000,0,0,11,36,0,46,0
16-06 11:27:08,67.440,11.031,21.059,0.251,0,1557996,724928,175252,5460484,31552.064,25850.972,0,397.121,0,39.110,10579,15406,2.950,1.500,0.760,4,0,98.277,0,0,11,32,0,48,0
16-06 11:27:09,83.339,13.474,3.743,0,0,1616588,666328,175252,5460492,6972.527,3951.365,0,175.661,0,10.979,4866,2325,2.950,1.500,0.760,4,0,29.942,0,0,11,33,0,48,0
16-06 11:27:10,66.105,8.513,23.788,0,0,1650464,632392,175264,5460536,24764.263,21772.520,0,332.527,0,33.052,5857,6811,2.950,1.500,0.760,7,0,46.073,0,0,11,34,0,50,0
16-06 11:27:11,70.978,12.996,15.995,0,0,1643684,638944,175272,5460752,29701.737,25736.974,0,147.954,0,7.998,8002,11734,3.120,1.560,0.790,3,0,73.977,0,0,11,33,0,50,0
16-06 11:27:12,69.296,14.009,16.011,0,0,1583680,698904,175280,5460788,21952.660,17971.001,0,148.099,0,10.007,6325,6754,3.120,1.560,0.790,4,0,142.095,0,0,11,34,0,51,0
16-06 11:27:13,69.749,13.250,16.000,0,0,1584708,697820,175284,5460832,21497.593,18067.658,0,143.997,0,9.000,6638,6523,3.120,1.560,0.790,4,0,85.998,0,0,11,34,0,53,0
16-06 11:27:14,76.998,12.000,10.500,0,0,1634612,647724,175296,5461012,15052.580,12155.661,0,147.996,0,10.000,5473,5400,3.120,1.560,0.790,5,0,67.998,0,0,11,34,0,55,0
16-06 11:27:15,71.342,8.481,19.457,0.249,0,1706612,575652,175304,5461072,25552.279,21932.315,0,247.451,0,26.940,5117,7716,3.120,1.560,0.790,3,0,0,0,0,11,34,0,50,0
16-06 11:27:16,59.876,14.280,25.303,0,0,1572596,709608,175340,5461096,16967.575,12501.211,0,472.992,0,49.103,5871,5988,3.110,1.580,0.800,3,0,198.416,0,0,11,32,0,53,0
16-06 11:27:17,59.329,11.467,27.421,0.249,0,1597452,684740,175348,5461100,10255.473,6231.060,0,147.575,0,7.977,4109,2222,3.110,1.580,0.800,4,0,59.828,0,0,11,33,0,53,0
16-06 11:27:18,46.619,9.524,43.611,0,0,1591648,690308,175356,5461320,25982.135,21580.932,0,248.633,0,18.046,5934,8069,3.110,1.580,0.800,3,0,96.245,0,0,11,34,0,54,0
16-06 11:27:19,58.263,12.253,28.256,0,0,1543440,738364,175356,5461472,13162.992,8489.930,0,180.041,0,8.002,4704,4622,3.110,1.580,0.800,3,0,86.020,0,0,11,32,0,56,0
16-06 11:27:20,52.996,6.999,39.497,0.500,0,1626772,654900,175412,5461540,18668.553,15973.762,0,3711.712,0,149.988,4788,4825,3.110,1.580,0.800,1,0,0,0,0,11,35,0,54,0
16-06 11:27:21,41.779,7.212,48.493,0.249,0,1601800,679804,175416,5461596,23111.661,18024.589,0,183.031,0,14.921,6320,8276,3.100,1.610,0.810,3,0,85.547,0,0,11,33,0,56,0
16-06 11:27:22,38.342,13.031,48.366,0,0,1502012,779588,175420,5461596,5830.956,2536.070,0,212.509,0,20.048,4443,3434,3.100,1.610,0.810,2,0,136.326,0,0,11,32,0,57,0
16-06 11:27:23,36.713,4.495,57.942,0,0,1526336,755124,175420,5461736,14373.551,11568.371,0,7.992,0,0.999,2903,2156,3.100,1.610,0.810,2,0,0,0,0,11,34,0,57,0
16-06 11:27:24,36.135,9.786,52.947,0,0,1430328,850880,175428,5461976,12977.340,8984.467,0,3095.531,0,147.550,5729,6545,3.100,1.610,0.810,2,0,123.460,0,0,11,32,0,58,0
16-06 11:27:25,39.706,6.743,53.191,0,0,1522792,758404,175436,5461980,6384.899,3804.768,0,135.849,0,10.988,3036,2137,3.100,1.610,0.810,3,0,14.983,0,0,11,33,0,58,0
16-06 11:27:26,34.537,7.258,57.061,0.501,0,1461112,820036,175452,5462012,17487.710,13722.682,0,884.947,0,67.072,4748,5096,2.850,1.580,0.810,2,0,60.064,0,0,11,33,0,59,0
16-06 11:27:27,40.546,7.214,51.491,0,0.249,1461116,820020,175452,5462020,7865.455,4081.480,0,202.979,0,20.895,3333,2492,2.850,1.580,0.810,3,0,4.975,0,0,11,32,0,60,0
16-06 11:27:28,35.661,4.018,59.017,0,0,1523436,757680,175452,5462040,15517.246,12505.613,0,92.418,0,2.009,4055,4157,2.850,1.580,0.810,3,0,0,0,0,11,34,0,59,0
16-06 11:27:29,36.781,6.505,55.546,0,0,1466272,814816,175452,5462072,16855.033,12699.574,0,148.123,0,17.014,4622,5254,2.850,1.580,0.810,2,0,43.036,0,0,11,32,0,61,0
16-06 11:27:30,40.315,6.221,52.261,0,0,1540452,740620,175460,5462080,7230.865,3899.133,0,115.471,0,5.973,2921,1764,2.850,1.580,0.810,3,0,4.977,0,0,11,33,0,61,0
16-06 11:27:31,34.115,5.017,59.199,0.251,0,1548324,732568,175464,5462252,21619.636,17779.735,0,212.715,0,20.067,4858,5989,2.780,1.590,0.810,3,0,0,0,0,11,33,0,62,0
16-06 11:27:32,28.970,16.982,52.696,0,0,1449200,831612,175468,5462324,9083.611,5296.526,0,287.703,0,23.975,5571,4882,2.780,1.590,0.810,2,0,282.708,0,0,11,32,0,57,0
16-06 11:27:33,19.216,2.745,77.112,0.250,0,1495856,784952,175468,5462328,9753.551,6706.003,0,347.379,0,44.920,1983,1658,2.780,1.590,0.810,2,0,0,0,0,11,33,0,57,0
16-06 11:27:34,17.521,2.503,78.346,0,0,1482076,798704,175476,5462352,10706.089,7293.917,0,564.690,0,38.047,3257,3960,2.780,1.590,0.810,2,0,0,0,0,11,32,0,58,0
16-06 11:27:35,11.749,17.749,68.746,0,0,1436416,844356,175476,5462360,4799.690,1619.895,0,27.998,0,7.000,4558,3080,2.780,1.590,0.810,2,0,283.982,0,0,11,32,0,58,0
16-06 11:27:36,21.981,2.748,74.685,0,0,1461104,819668,175476,5462360,5966.786,2370.928,0,0,0,0,1727,1129,2.640,1.580,0.820,2,0,0,0,0,11,33,0,56,0
16-06 11:27:37,17.522,2.753,78.349,0,0,1451860,828876,175480,5462388,14797.769,11233.248,0,312.396,0,19.024,3563,4299,2.640,1.580,0.820,0,0,0,0,0,11,33,0,56,0
16-06 11:27:38,20.753,5.751,73.510,0,0,1469220,811516,175480,5462388,6303.885,1860.261,0,12.002,0,3.000,2318,1551,2.640,1.580,0.820,2,0,46.006,0,0,11,32,0,57,0
16-06 11:27:39,18.748,2.500,77.491,0.250,0,1491724,788996,175480,5462404,9575.890,6543.242,0,1907.779,0,150.982,2123,1984,2.640,1.580,0.820,2,0,0,0,0,11,33,0,57,0
16-06 11:27:40,18.243,2.499,77.470,0.250,0,1477780,802772,175488,5462564,14700.367,10559.954,0,191.926,0,19.992,4628,5971,2.640,1.580,0.820,4,0,0,0,0,11,32,0,52,0
16-06 11:27:41,12.023,17.534,68.632,0.250,0,1441384,839056,175492,5462672,5668.911,1502.893,0,156.301,0,8.015,4440,2862,2.510,1.570,0.820,2,0,247.476,0,0,11,32,0,52,0
16-06 11:27:42,14.017,24.530,59.822,0.250,0,1420732,859644,175496,5462728,6084.372,1621.965,0,380.461,0,26.032,5614,4187,2.510,1.570,0.820,2,0,380.461,0,0,11,32,0,54,0
16-06 11:27:43,44.096,6.726,48.082,0,0,1536196,743612,175508,5463288,4316.906,968.613,0,1032.390,0,31.889,3009,1775,2.510,1.570,0.820,4,0,0,0,0,11,32,0,54,0
16-06 11:27:44,37.706,7.242,45.447,6.992,0,1574496,699884,176100,5467560,3132.324,485.430,0,21574.681,0,1757.937,9112,16493,2.510,1.570,0.820,2,1,67.920,0,0,11,36,0,51,0
16-06 11:27:45,35.396,8.535,40.918,12.803,0,1559896,710132,177056,5470776,4416.168,1464.023,0,44229.958,0,3852.850,15313,30558,2.510,1.570,0.820,2,1,85.351,0,0,11,36,0,51,0
16-06 11:27:46,40.237,7.997,42.986,7.248,0,1535484,734312,177276,5470728,4618.511,1619.478,0,27003.292,0,2252.274,10387,17992,2.470,1.580,0.820,2,0,24.992,0,0,11,32,0,51,0
16-06 11:27:47,44.701,5.993,48.197,0,0.250,1551624,718144,177280,5470748,5009.467,1456.391,0,703.223,0,40.955,2867,1742,2.470,1.580,0.820,3,0,0.999,0,0,11,34,0,51,0
16-06 11:27:48,37.623,7.724,41.859,10.714,0,1584968,683964,177632,5471220,2792.588,161.456,0,21371.971,0,2917.168,14698,28577,2.470,1.580,0.820,3,0,2.990,0,0,11,34,0,47,0
16-06 11:27:49,29.626,9.038,60.758,0.251,0,1452928,815944,177652,5471252,4356.520,1464.225,0,1663.070,0,84.359,3284,2421,2.470,1.580,0.820,1,0,101.431,0,0,11,32,0,47,0
16-06 11:27:50,22.511,3.252,73.036,0,0,1511964,756888,177672,5471252,4160.075,1458.728,0,848.423,0,56.028,2030,1654,2.470,1.580,0.820,1,0,0,0,0,11,32,0,47,0
16-06 11:27:51,22.961,4.243,70.881,0.749,0,1433888,834880,177708,5471276,4312.744,1617.279,0,6904.384,0,328.447,2436,2671,2.350,1.570,0.820,2,0,6.988,0,0,11,32,0,47,0
16-06 11:27:52,22.480,3.247,73.435,0,0,1472796,795972,177708,5471276,4513.012,1618.570,0,0,0,0,1831,1243,2.350,1.570,0.820,2,0,2.997,0,0,11,32,0,46,0
16-06 11:27:53,22.558,2.757,73.689,0,0,1462056,806700,177708,5471288,3970.179,1624.164,0,0,0,0,1721,1165,2.350,1.570,0.820,1,0,1.003,0,0,11,32,0,46,0
16-06 11:27:54,27.110,6.218,65.662,0,0,1497632,771124,177708,5471288,4476.932,1653.480,0,676.514,0,115.405,2925,11980,2.350,1.570,0.820,2,0,35.815,0,0,11,32,0,47,0
16-06 11:27:55,21.808,4.011,73.696,0,0,1527116,741640,177708,5471288,4108.945,1461.894,0,36.096,0,1.003,1753,1146,2.350,1.570,0.820,2,0,2.005,0,0,11,32,0,47,0
16-06 11:27:56,22.424,3.488,73.500,0,0,1470656,798016,177708,5471364,4963.132,1614.513,0,3.986,0,0.997,1700,1064,2.240,1.560,0.830,2,0,0.997,0,0,11,32,0,41,0
16-06 11:27:57,21.584,4.267,73.789,0,0,1511640,757024,177716,5471364,5034.704,1463.729,0,184.723,0,2.008,1690,1047,2.240,1.560,0.830,2,0,2.008,0,0,11,32,0,41,0
16-06 11:27:58,23.720,1.748,72.657,0.250,0,1473672,794976,177724,5471372,5033.563,1617.931,0,411.474,0,31.959,1826,1437,2.240,1.560,0.830,2,0,0.999,0,0,11,32,0,41,0
16-06 11:27:59,22.270,3.253,74.067,0,0,1446432,822100,177724,5471484,4582.146,1459.320,0,0,0,0,1753,1308,2.240,1.560,0.830,5,0,1.001,0,0,11,32,0,41,0
16-06 11:28:00,22.500,3.250,73.251,0,0,1476332,792200,177724,5471484,6540.075,1620.019,0,0,0,0,1798,1239,2.240,1.560,0.830,3,0,0,0,0,11,32,0,37,0
16-06 11:28:01,22.515,3.252,73.550,0,0,1500196,768328,177724,5471488,3818.614,0,0,0,0,0,1706,1110,2.140,1.550,0.830,2,0,2.001,0,0,11,32,0,37,0
16-06 11:28:02,21.966,3.994,73.138,0,0,1469008,799496,177724,5471508,6710.704,1455.766,0,3.994,0,0.998,1858,1331,2.140,1.550,0.830,2,0,1.997,0,0,11,32,0,37,0
16-06 11:28:03,22.715,2.995,73.388,0,0,1457844,810612,177724,5471548,5058.265,1617.526,0,0,0,0,1680,1108,2.140,1.550,0.830,2,0,0.998,0,0,11,32,0,37,0
16-06 11:28:04,22.283,3.505,73.360,0,0,1469824,798632,177724,5471548,4911.370,1460.191,0,296.445,0,8.012,1685,1144,2.140,1.550,0.830,2,0,2.003,0,0,11,32,0,37,0
16-06 11:28:05,21.799,4.510,73.415,0,0,1458548,809808,177724,5471648,5291.877,1623.644,0,0,0,0,2052,1312,2.140,1.550,0.830,1,0,34.076,0,0,11,32,0,37,0
16-06 11:28:06,6.999,21.746,68.238,0,0,1446948,821336,177724,5471712,5219.090,1619.718,0,439.923,0,4.999,5262,3609,2.050,1.540,0.830,1,0,316.945,0,0,11,32,0,37,0
16-06 11:28:07,8.251,21.003,68.511,0,0,1438752,829492,177724,5471732,5479.845,1620.250,0,528.081,0,6.001,5127,3413,2.050,1.540,0.830,4,0,292.045,0,0,11,32,0,37,0
16-06 11:28:08,8.014,21.036,68.616,0,0,1424032,844048,177728,5471892,5190.777,1596.700,0,1005.700,0,49.083,5445,4121,2.050,1.540,0.830,1,0,308.522,0,0,11,32,0,37,0
16-06 11:28:09,7.247,21.989,69.217,0,0,1408344,859712,177728,5471916,4977.597,1619.218,0,1875.095,0,210.898,5465,3857,2.050,1.540,0.830,1,0,342.834,0,0,11,32,0,31,0
16-06 11:28:10,18.663,8.710,72.414,0,0,1431044,837004,177728,5471924,4419.503,1612.521,0,493.710,0,92.571,2652,1822,2.050,1.540,0.830,2,0,74.654,0,0,11,32,0,31,0
16-06 11:28:11,22.009,3.001,73.528,0,0,1495124,772936,177728,5471908,5041.951,1620.627,0,0,0,0,1732,1086,1.960,1.530,0.830,2,0,2.001,0,0,11,32,0,31,0
16-06 11:28:12,23.108,3.014,73.845,0,0,1472940,795112,177728,5471924,4658.795,1627.614,0,16.075,0,1.005,1731,1226,1.960,1.530,0.830,1,0,2.009,0,0,11,32,0,31,0
16-06 11:28:13,22.671,3.239,72.994,0,0,1482864,785208,177728,5471904,4424.502,1614.345,0,0,0,0,1753,1218,1.960,1.530,0.830,2,0,1.993,0,0,11,32,0,27,0
16-06 11:28:14,22.559,3.259,73.694,0,0,1428156,839900,177728,5471924,4409.618,1461.851,0,2185.759,0,18.048,1726,1140,1.960,1.530,0.830,3,0,1.003,0,0,11,32,0,27,0
16-06 11:28:15,22.741,2.749,73.220,0,0,1441224,826844,177728,5471912,4378.190,1619.331,0,0,0,0,1795,1284,1.960,1.530,0.830,2,0,1.999,0,0,11,32,0,27,0
16-06 11:28:16,22.972,2.747,73.660,0,0,1425568,842500,177728,5471912,4931.987,1456.225,0,19.976,0,1.998,1693,1016,1.890,1.520,0.830,3,0,0.999,0,0,11,32,0,27,0
16-06 11:28:17,21.251,4.750,73.503,0,0,1424072,844008,177728,5471900,5297.210,1620.064,0,0,0,0,1790,1197,1.890,1.520,0.830,2,0,2.000,0,0,11,32,0,19,0
16-06 11:28:18,22.741,2.999,72.973,0.250,0,1464636,803436,177732,5471912,5056.099,1457.452,0,595.776,0,40.985,1994,1705,1.890,1.520,0.830,2,0,0,0,0,11,32,0,19,0
16-06 11:28:19,22.768,3.503,73.810,0,0,1417372,850676,177732,5471936,5344.315,1621.309,0,68.055,0,2.002,1768,1189,1.890,1.520,0.830,2,0,1.001,0,0,11,32,0,19,0
16-06 11:28:20,22.478,2.997,73.679,0,0,1452276,815784,177732,5471924,4693.507,1456.606,0,3.996,0,0.999,1744,1119,1.890,1.520,0.830,3,0,1.998,0,0,11,32,0,19,0
16-06 11:28:21,23.278,2.753,73.587,0,0,1440220,827828,177732,5471936,4745.616,1621.919,0,12.014,0,1.001,1745,1095,1.820,1.510,0.830,2,0,1.001,0,0,11,32,0,15,0
16-06 11:28:22,21.970,3.246,73.399,0,0,1493168,774908,177732,5471908,5067.997,1455.988,0,0,0,0,1730,1257,1.820,1.510,0.830,3,0,0.999,0,0,11,32,0,15,0
16-06 11:28:23,23.025,3.003,74.080,0,0,1513696,754380,177732,5471908,4643.001,1459.572,0,28.030,0,1.001,1701,1080,1.820,1.510,0.830,3,0,2.002,0,0,11,32,0,15,0
16-06 11:28:24,21.983,4.247,72.945,0.250,0,1488496,779608,177732,5471880,4676.451,1618.772,0,55.958,0,1.998,1794,1195,1.820,1.510,0.830,2,0,2.998,0,0,11,32,0,15,0
16-06 11:28:25,22.265,3.502,73.548,0,0,1541668,726436,177732,5471880,4422.909,1621.066,0,0,0,0,1721,1196,1.820,1.510,0.830,2,0,0,0,0,11,32,0,11,0
16-06 11:28:26,22.987,2.499,73.460,0,0,1479396,788620,177732,5471968,4917.301,1619.111,0,127.930,0,2.998,1733,1176,1.750,1.500,0.830,2,0,0.999,0,0,11,32,0,11,0
16-06 11:28:27,22.257,3.501,73.772,0,0,1478160,789868,177732,5471956,4878.456,1620.484,0,24.007,0,2.001,1839,1273,1.750,1.500,0.830,3,0,1.000,0,0,11,32,0,11,0
16-06 11:28:28,21.743,3.999,72.977,0,0,1516268,751756,177736,5471956,4798.502,1619.494,0,515.839,0,36.988,2078,1730,1.750,1.500,0.830,2,0,1.999,0,0,11,32,0,11,0
16-06 11:28:29,23.513,2.752,73.791,0,0,1493924,774080,177736,5471976,4580.516,1458.801,0,20.011,0,1.001,1786,1142,1.750,1.500,0.830,2,0,1.001,0,0,11,32,0,8,0
16-06 11:28:30,21.737,3.748,73.706,0,0,1547848,720180,177736,5471952,4377.381,1661.006,0,59.964,0,0.999,1787,1232,1.750,1.500,0.830,3,0,0,0,0,11,32,0,8,0
16-06 11:28:31,23.018,2.752,73.556,0,0,1531944,736056,177736,5471980,4873.726,1621.239,0,24.018,0,1.001,1772,1187,1.690,1.490,0.830,3,0,1.001,0,0,11,32,0,8,0
16-06 11:28:32,21.737,4.247,73.206,0,0.500,1546284,721728,177736,5471968,4652.192,1457.120,0,7.995,0,1.999,1794,1126,1.690,1.490,0.830,2,0,2.998,0,0,11,32,0,8,0
16-06 11:28:33,16.041,12.282,70.432,0.251,0,1500592,767340,177736,5472016,4214.871,1136.932,0,220.569,0,8.021,3941,2811,1.690,1.490,0.830,2,1,231.597,0,0,11,32,0,5,0
16-06 11:28:34,12.464,16.701,68.550,0.499,0,1486040,781872,177744,5472028,4445.035,1453.760,0,3585.542,0,169.506,4549,3701,1.690,1.490,0.830,2,0,228.334,0,0,11,32,0,5,0
16-06 11:28:35,21.507,4.251,73.522,0,0,1497028,770868,177744,5472044,4787.451,1566.475,0,92.028,0,2.001,1760,1139,1.690,1.490,0.830,2,0,0,0,0,11,32,0,5,0
16-06 11:28:36,22.764,3.252,73.044,0,0,1483632,784008,177744,5472292,4774.909,1512.922,0,0,0,0,1818,1039,1.630,1.480,0.830,2,0,9.005,0,0,11,32,0,5,0
16-06 11:28:37,22.187,3.490,73.291,0,0,1473612,794028,177744,5472292,5327.779,1561.539,0,0,0,0,1775,1287,1.630,1.480,0.830,2,0,0,0,0,11,32,0,4,0
16-06 11:28:38,19.082,10.294,69.046,0,0,1457156,810392,177744,5472380,4091.537,1181.062,40.172,506.170,2.009,28.121,3213,2515,1.630,1.480,0.830,2,0,151.650,0,0,11,32,0,4,0
16-06 11:28:39,7.991,21.476,68.922,0,0,1436048,831428,177744,5472452,3534.014,916.966,0,215.757,0,8.990,5491,3891,1.630,1.480,0.830,3,0,354.600,0,0,11,32,0,4,0
16-06 11:28:40,8.508,22.271,67.314,0,0,1422740,844716,177744,5472472,3935.722,1513.431,0,96.091,0,5.005,5360,3794,1.630,1.480,0.830,1,0,341.323,0,0,11,32,0,4,0
16-06 11:28:41,8.005,22.265,68.045,0,0,1411456,855980,177744,5472492,5269.487,1567.037,0,424.281,0,53.035,5513,3846,1.500,1.460,0.830,1,0,352.233,0,0,11,32,0,3,0
16-06 11:28:42,8.246,21.488,68.213,0,0,1398848,868556,177744,5472516,5354.107,1619.125,0,351.810,0,3.998,5282,3657,1.500,1.460,0.830,1,0,314.830,0,0,11,32,0,3,0
16-06 11:28:43,8.250,22.501,67.253,0,0,1392860,874520,177744,5472524,5996.277,1566.072,0,1088.050,0,14.001,5682,4055,1.500,1.460,0.830,1,0,383.018,0,0,11,32,0,3,0
16-06 11:28:44,8.246,22.239,67.968,0,0,1379256,888104,177744,5472544,4603.819,1565.258,0,795.623,0,9.995,5381,3686,1.500,1.460,0.830,2,0,344.837,0,0,11,32,0,3,0
16-06 11:28:45,8.244,22.983,67.951,0,0,1373356,893988,177744,5472560,4676.599,1618.823,0,1063.227,0,51.962,5411,3645,1.500,1.460,0.830,1,0,336.755,0,0,11,32,0,3,0
16-06 11:28:46,7.510,20.276,69.840,0,0,1381704,885616,177744,5472584,5046.535,1622.101,0,84.109,0,3.004,5062,3360,1.460,1.450,0.830,2,0,280.363,0,0,11,32,0,1,0
16-06 11:28:47,7.993,21.480,69.186,0,0,1386696,880604,177744,5472604,4724.614,1510.598,0,463.570,0,65.939,5179,3552,1.460,1.450,0.830,2,0,299.722,0,0,11,32,0,1,0
16-06 11:28:48,8.263,21.283,68.357,0,0,1373588,893692,177744,5472624,4553.095,1568.444,0,368.574,0,9.014,5360,3747,1.460,1.450,0.830,1,0,335.523,0,0,11,32,0,1,0
16-06 11:28:49,8.722,23.174,67.032,0,0,1371672,895584,177744,5472648,4052.795,1560.914,0,43.857,0,10.964,5823,4119,1.460,1.450,0.830,2,0,413.652,0,0,11,32,0,1,0
16-06 11:28:50,8.511,20.777,68.340,0,0,1333180,934048,177748,5472676,4057.352,1513.997,0,20.026,0,5.007,5369,3964,1.460,1.450,0.830,1,0,338.446,0,0,11,32,0,1,0
16-06 11:28:51,23.034,29.794,46.318,0.250,0,1362180,904992,177748,5472728,3983.876,1460.153,0,857.264,0,46.068,6784,5940,1.830,1.530,0.860,3,0,654.966,0,0,11,34,0,4,0
16-06 11:28:52,61.838,15.460,21.444,0.249,0,1540244,726648,177768,5472988,4192.039,1603.806,0,1328.526,0,160.580,4433,3004,1.830,1.530,0.860,5,0,172.549,0,0,11,32,0,7,0
16-06 11:28:53,53.871,13.280,25.307,6.264,0,1647048,611272,178280,5480216,4047.072,1461.276,372.836,29931.092,3.007,2134.785,10355,18386,1.830,1.530,0.860,0,1,61.137,0,0,11,38,0,7,0
16-06 11:28:54,42.498,14.999,29.499,10.500,0,1652764,596040,179236,5488152,4171.816,1511.933,0,65949.091,0,4731.791,19714,45406,1.830,1.530,0.860,6,1,183.992,0,0,11,36,0,8,0
16-06 11:28:55,40.236,10.496,34.738,12.746,0,1646472,591360,179584,5498340,6775.632,3807.669,0,90420.401,0,6432.752,20942,42707,1.830,1.530,0.860,2,3,71.975,0,0,11,37,0,8,0
16-06 11:28:56,42.542,8.759,32.532,13.013,0,1647148,580776,180028,5507452,12267.157,8381.306,0,77937.235,0,5833.781,21082,41299,1.920,1.550,0.870,4,0,42.042,0,0,11,36,0,9,0
16-06 11:28:57,38.001,26.251,26.251,8.000,0,1577144,643744,180520,5514136,4715.095,1458.029,296.006,59609.198,4.000,4063.082,17761,33115,1.920,1.550,0.870,3,0,395.008,0,0,11,34,0,9,0
16-06 11:28:58,45.653,19.209,23.949,8.731,0,1630908,583404,180820,5519704,10043.713,6703.791,930.029,48769.634,14.968,3990.542,16273,33620,1.920,1.550,0.870,3,1,184.609,0,0,11,35,0,9,0
16-06 11:28:59,30.807,11.521,44.082,10.770,0,1631104,579108,180936,5523560,15670.134,11235.890,669.244,46177.855,12.022,3612.717,17775,32876,1.920,1.550,0.870,3,1,149.278,0,0,11,35,0,9,0
16-06 11:29:00,31.670,9.975,43.640,11.720,0,1528596,681844,181052,5523188,11466.975,6451.670,0,58751.289,0,4557.464,18758,35036,1.920,1.550,0.870,4,0,62.841,0,0,11,34,0,9,0
16-06 11:29:01,36.542,7.258,40.296,12.514,0,1586204,622000,181308,5525144,9179.543,3590.123,0,54350.422,0,4400.054,16563,31613,1.930,1.560,0.880,1,0,42.048,0,0,11,35,0,9,0
16-06 11:29:02,30.292,7.761,47.565,11.265,0,1585656,621776,181504,5525664,15690.500,10510.402,0,59934.125,0,4732.485,19373,37122,1.930,1.560,0.880,2,0,31.043,0,0,11,35,0,9,0
16-06 11:29:03,38.014,6.252,43.015,10.004,0,1560032,645452,181576,5527508,15174.459,10796.884,0,31163.210,0,3045.095,15051,27908,1.930,1.560,0.880,3,0,57.021,0,0,11,34,0,10,0
16-06 11:29:04,33.188,10.730,41.173,11.978,0,1615812,587232,181604,5529844,5316.062,1563.078,0,39677.828,0,3519.421,15822,29170,1.930,1.560,0.880,3,0,100.812,0,0,11,36,0,10,0
16-06 11:29:05,30.298,7.762,47.074,12.019,0,1628420,571240,181708,5533024,10594.688,7246.414,0,48368.184,0,4044.370,16247,31559,1.930,1.560,0.880,1,1,54.085,0,0,11,37,0,10,0
16-06 11:29:06,28.729,8.744,48.465,10.992,0.250,1620164,576228,181828,5536092,16306.282,11973.396,0,54756.651,0,4511.758,19807,37656,2.090,1.600,0.890,2,0,80.942,0,0,11,37,0,10,0
16-06 11:29:07,33.786,10.511,42.795,10.261,0,1604024,589940,181904,5538344,8970.453,4813.072,0,53452.329,0,4306.538,17741,34016,2.090,1.600,0.890,5,0,99.104,0,0,11,36,0,10,0
16-06 11:29:08,36.743,10.998,40.242,9.998,0,1664268,534800,181924,5533196,5208.983,1701.668,0,64907.325,0,5178.989,18205,36944,2.090,1.600,0.890,1,1,17.996,0,0,11,36,0,10,0
16-06 11:29:09,32.187,6.986,48.156,8.234,0,1652428,544260,181960,5535524,14085.499,10913.692,0,55256.117,0,4365.477,17104,33120,2.090,1.600,0.890,2,0,41.918,0,0,11,35,0,11,0
16-06 11:29:10,33.014,12.505,53.273,0.250,0,1502544,694076,181964,5535604,16279.978,12447.336,0,1180.506,0,70.030,6504,7823,2.090,1.600,0.890,2,0,185.079,0,0,11,32,0,11,1
16-06 11:29:11,19.433,8.471,70.508,0,0,1499412,697200,181964,5535612,4693.892,1518.788,0,1167.992,0,51.822,2785,1942,2.010,1.590,0.890,1,0,81.720,0,0,11,32,0,12,0
16-06 11:29:12,19.232,2.498,76.926,0.250,0,1525592,671008,181968,5535616,9644.748,6591.677,0,563.459,0,37.964,2127,1853,2.010,1.590,0.890,2,0,0.999,0,0,11,33,0,12,0
16-06 11:29:13,20.072,4.516,74.265,0,0,1493660,702620,181968,5535936,8132.993,5343.047,0,489.746,0,28.100,3432,3510,2.010,1.590,0.890,2,0,34.122,0,0,11,32,0,13,0
16-06 11:29:14,21.743,3.999,73.478,0.250,0,1534028,662252,181968,5535936,4096.749,1457.555,0,455.861,0,31.990,1747,1209,2.010,1.590,0.890,2,0,0,0,0,11,32,0,13,0
16-06 11:29:15,16.239,1.999,80.445,0.250,0,1535456,660724,181968,5536036,11663.063,8324.335,0,1910.700,0,117.920,2578,2823,2.010,1.590,0.890,2,0,0,0,0,11,32,0,14,0
16-06 11:29:16,19.017,7.257,72.816,0,0,1527600,668576,181968,5536040,5585.057,1621.468,0,168.152,0,11.010,2544,1832,1.920,1.580,0.890,3,0,60.054,0,0,11,32,0,14,0
16-06 11:29:17,19.255,2.251,77.522,0,0,1545884,650288,181968,5536044,10553.956,6756.893,0,0,0,0,2041,1652,1.920,1.580,0.890,2,0,0,0,0,11,33,0,14,0
16-06 11:29:18,19.273,4.005,75.590,0.501,0,1434616,761404,181968,5536196,10858.958,7098.470,0,1894.260,0,176.210,3701,4047,1.920,1.580,0.890,3,0,15.018,0,0,11,32,0,15,0
16-06 11:29:19,20.738,5.497,72.957,0,0,1449180,746840,181968,5536196,5346.878,1619.055,0,215.874,0,15.991,2084,1444,1.920,1.580,0.890,2,0,27.984,0,0,11,32,0,15,0
16-06 11:29:20,17.749,2.000,78.998,0,0,1461380,734628,181968,5536208,12041.640,8522.745,0,95.997,0,8.000,2535,2702,1.920,1.580,0.890,2,0,0,0,0,11,33,0,15,0
16-06 11:29:21,13.987,8.992,75.180,0,0,1426992,768960,181968,5536264,9474.213,5469.927,0,559.481,0,61.943,3869,3608,1.850,1.570,0.900,2,0,118.890,0,0,11,32,0,16,0
16-06 11:29:22,7.747,22.992,67.228,0,0,1417024,778804,181968,5536388,4727.445,1511.503,0,135.955,0,9.997,5609,3929,1.850,1.570,0.900,2,0,371.878,0,0,11,32,0,16,0
16-06 11:29:23,44.634,20.311,34.855,0.251,0,1455776,739840,181988,5536580,4694.127,1624.890,0,922.777,0,68.205,5532,4289,1.850,1.570,0.900,3,0,307.927,0,0,11,32,0,22,0
16-06 11:29:24,65.373,10.230,23.454,0,0,1617880,576312,182044,5537948,4062.088,1347.376,0,726.585,0,62.878,4050,1885,1.850,1.570,0.900,4,0,2.994,0,0,11,32,0,22,0
16-06 11:29:25,66.657,9.487,23.467,0,0,1794116,396132,182188,5541324,3443.182,647.095,0,4649.494,0,110.845,4039,1775,1.850,1.570,0.900,4,0,5.992,0,0,11,32,0,22,0
16-06 11:29:26,42.137,8.779,36.870,9.531,0,1798960,380536,182324,5551384,4681.246,1571.117,0,65637.766,0,4398.324,17838,33143,2.180,1.640,0.920,3,0,162.529,0,0,11,38,0,22,0
16-06 11:29:27,30.000,9.750,44.001,13.250,0,1798036,369700,182436,5562588,3817.055,540.008,0,84413.222,0,6454.093,24120,48222,2.180,1.640,0.920,2,3,249.004,0,0,11,38,0,22,0
16-06 11:29:28,28.979,8.244,43.968,14.489,0,1798832,360628,182492,5570552,4394.768,1456.929,0,88814.687,0,6788.008,23985,46774,2.180,1.640,0.920,3,1,143.894,0,0,11,38,0,22,0
16-06 11:29:29,40.613,14.700,31.145,11.710,0,1706388,442556,182588,5580608,4484.864,1614.551,0,79268.480,0,5685.811,21668,41031,2.180,1.640,0.920,6,1,227.233,0,0,11,36,0,22,0
16-06 11:29:30,45.169,10.540,28.356,13.049,0,1759108,380352,182644,5589628,4294.108,1505.648,0,79004.361,0,5405.276,20093,37969,2.180,1.640,0.920,4,0,37.139,0,0,11,36,0,22,0
16-06 11:29:31,39.516,10.004,33.513,14.506,0,1798744,331716,182664,5598292,5102.051,1620.651,0,87223.062,0,6085.446,21871,42287,2.250,1.670,0.930,4,0,50.020,0,0,11,38,0,22,0
16-06 11:29:32,36.851,10.209,39.590,10.209,0.249,1746616,380100,182684,5601872,5353.409,1452.143,0,79240.418,0,5757.778,20157,40534,2.250,1.670,0.930,4,0,171.309,0,0,11,36,0,22,0
16-06 11:29:33,25.010,15.256,56.022,1.250,0,1505036,621584,182684,5601968,5102.021,1620.642,0,11520.564,0,693.275,5715,5856,2.250,1.670,0.930,1,0,249.099,0,0,11,32,0,22,0
16-06 11:29:34,21.515,4.753,73.302,0.250,0,1528844,597776,182684,5601968,5043.570,1621.147,0,1192.844,0,130.092,1860,1362,2.250,1.670,0.930,3,0,1.001,0,0,11,32,0,22,0
16-06 11:29:35,22.518,3.503,72.559,0.500,0,1578524,548092,182684,5601972,4984.062,1621.322,0,5704.650,0,334.272,2317,2486,2.250,1.670,0.930,3,0,2.002,0,0,11,32,0,22,0
16-06 11:29:36,24.699,1.497,72.851,0,0,1581360,545248,182684,5601980,5508.700,1616.684,0,275.435,0,6.986,2273,1867,2.150,1.660,0.930,3,0,0,0,0,11,38,0,22,0
16-06 11:29:37,20.544,5.011,73.158,0.251,0,1488036,638572,182684,5601980,5206.259,1461.160,0,124.269,0,10.022,2196,1448,2.150,1.660,0.930,2,0,27.059,0,0,11,32,0,22,0
16-06 11:29:38,21.680,4.486,73.265,0,0,1522776,603832,182684,5601980,5023.873,1656.682,0,3.987,0,0.997,1814,1238,2.150,1.660,0.930,2,0,0.997,0,0,11,32,0,22,0
16-06 11:29:39,24.043,1.503,73.380,0,0,1540828,585772,182684,5601988,4808.533,1622.880,0,236.420,0,40.071,2000,1470,2.150,1.660,0.930,2,0,2.004,0,0,11,34,0,22,0
16-06 11:29:40,14.544,29.339,54.917,0,0.251,1481728,644840,182688,5602016,4892.840,1462.436,0,409.241,0,29.088,5896,4860,2.150,1.660,0.930,3,0,619.880,0,0,11,32,0,22,0
16-06 11:29:41,11.245,33.236,53.728,0,0,1468864,657652,182688,5602064,6477.318,1619.330,0,287.881,0,19.992,6600,5374,2.060,1.640,0.940,2,0,697.711,0,0,11,32,0,22,0
16-06 11:29:42,7.502,23.257,67.521,0,0,1454328,672128,182688,5602124,4536.438,1458.462,0,28.009,0,7.002,5059,3176,2.060,1.640,0.940,2,0,312.099,0,0,11,32,0,22,0
16-06 11:29:43,8.495,20.738,69.209,0,0.250,1439672,686764,182688,5602144,5396.816,1619.045,0,7.995,0,1.999,5075,3464,2.060,1.640,0.940,2,0,292.827,0,0,11,32,0,22,0
16-06 11:29:44,7.744,20.735,68.201,0,0,1416824,709564,182688,5602168,4394.841,1456.953,0,19.986,0,4.996,5084,3495,2.060,1.640,0.940,1,0,273.803,0,0,11,32,0,22,0
16-06 11:29:45,9.004,22.009,67.277,0.250,0,1404548,721804,182688,5602200,4561.824,1620.648,0,812.325,0,136.054,5454,3642,2.060,1.640,0.940,3,0,284.114,0,0,11,32,0,22,0
16-06 11:29:46,21.012,16.259,61.035,0,0,1406700,719612,182696,5602548,4400.544,1458.843,0,156.090,0,3.002,5781,8049,1.970,1.630,0.940,3,0,170.098,0,0,11,32,0,22,0
16-06 11:29:47,43.209,11.739,44.958,0,0,1509396,616796,182700,5602772,5292.024,1618.478,0,0,0,0,3422,2090,1.970,1.630,0.940,5,0,87.917,0,0,11,33,0,22,0
16-06 11:29:48,49.263,5.251,45.762,0,0,1585968,540188,182700,5602808,4773.270,1512.403,0,0,0,0,3213,1901,1.970,1.630,0.940,3,0,9.002,0,0,11,41,0,22,0
16-06 11:29:49,43.899,7.233,47.142,0,0,1642240,482004,182772,5604296,4356.008,1562.416,0,446.975,0,20.952,3511,2694,1.970,1.630,0.940,3,0,9.977,0,0,11,49,0,22,0
16-06 11:29:50,19.324,18.822,60.481,0.251,0,1657240,464376,182776,5606868,4336.578,1626.217,0,473.811,0,18.069,7775,11042,1.970,1.630,0.940,2,0,260.998,0,0,11,48,0,22,0
16-06 11:29:51,18.992,18.242,60.724,0,0,1661748,459808,182776,5606880,4530.045,1511.348,0,311.865,0,15.993,6160,7587,1.890,1.620,0.940,3,0,226.902,0,0,11,48,0,20,0
16-06 11:29:52,1.247,0.998,96.795,0.249,0,1661740,459808,182776,5606884,4806.804,1562.685,0,2446.810,0,103.780,975,1256,1.890,1.620,0.940,2,0,11.975,0,0,11,48,0,20,0
16-06 11:29:53,0.500,0.500,97.962,0.250,0,1661740,459808,182776,5606884,4304.330,1619.372,0,95.963,0,9.996,846,1176,1.890,1.620,0.940,1,0,2.999,0,0,11,48,0,20,0
16-06 11:29:54,6.497,3.499,88.963,0,0,1673304,448244,182776,5606884,4198.266,1619.331,0,0,0,0,2111,6153,1.890,1.620,0.940,1,0,38.984,0,0,11,48,0,21,0
16-06 11:29:55,0.751,0.501,98.381,0,0,1673304,448244,182776,5606884,4265.689,1622.164,0,44.059,0,2.003,725,988,1.890,1.620,0.940,1,0,1.001,0,0,11,48,0,15,0
16-06 11:29:56,11.991,11.241,74.692,0,0,1620752,500740,182776,5607384,4798.257,1618.737,0,3.997,0,0.999,4259,5179,1.820,1.610,0.940,3,0,199.844,0,0,11,48,0,15,0
16-06 11:29:57,16.264,15.013,67.809,0,0,1625636,495824,182776,5606952,4719.091,1459.265,0,1757.523,0,15.013,4857,5618,1.820,1.610,0.940,2,0,204.177,0,0,11,48,0,15,0
16-06 11:29:58,14.520,22.531,61.335,0,0,1665408,455832,182776,5607128,5223.218,1860.571,0,276.382,0,8.011,5511,4524,1.820,1.610,0.940,5,0,319.441,0,0,12,52,0,15,0
16-06 11:29:59,26.208,16.723,55.412,0,0,1665648,455544,182776,5607120,4570.741,1455.688,0,315.499,0,32.948,6283,8491,1.820,1.610,0.940,2,0,225.642,0,0,12,64,0,14,0
16-06 11:30:00,4.498,6.247,87.708,0.250,0,1653616,467616,182776,5607152,5577.332,1619.225,0,6376.949,0,395.811,2428,2346,1.820,1.610,0.940,3,0,128.938,0,0,12,64,0,14,0
16-06 11:30:01,15.750,19.250,62.750,0,0,1662072,459140,182776,5607608,5104.004,1134.001,0,20.000,0,4.000,5856,8249,1.840,1.620,0.940,2,0,242.000,0,0,14,64,0,14,0
16-06 11:30:02,12.011,16.515,70.563,0,0,1653428,467588,182776,5607332,5581.973,1080.963,0,128.114,0,2.002,4687,3595,1.840,1.620,0.940,2,0,243.217,0,0,14,66,0,14,0
16-06 11:30:03,8.239,20.224,69.161,0,0,1645812,475048,182776,5607488,4178.618,988.726,0,23.969,0,5.992,5083,3417,1.840,1.620,0.940,2,0,260.664,0,0,14,66,0,13,0
16-06 11:30:04,10.029,23.067,64.938,0,0,1660276,460564,182776,5607940,4238.271,1028.979,0,24.070,0,6.017,6404,6185,1.840,1.620,0.940,1,0,295.857,0,0,14,66,0,13,0
16-06 11:30:05,22.480,17.485,59.447,0.250,0,1692480,428320,182776,5607532,4947.618,1510.662,0,131.883,0,6.994,4879,4886,1.840,1.620,0.940,2,0,184.836,0,0,14,66,0,13,0
16-06 11:30:06,27.765,26.014,45.025,0,0,1754876,365868,182788,5607572,4856.659,1134.621,0,384.210,0,8.004,6102,4478,1.850,1.630,0.950,4,0,440.241,0,0,14,66,0,13,0
16-06 11:30:07,29.740,24.492,43.985,0,0,1823212,296316,182844,5608644,4953.293,1457.498,0,207.928,0,1.999,7489,7590,1.850,1.630,0.950,3,0,529.817,0,0,14,66,0,13,0
16-06 11:30:08,28.008,26.257,44.012,0,0,1926188,192848,182864,5609076,4621.240,1752.470,0,48.013,0,12.003,6250,4907,1.850,1.630,0.950,5,0,428.115,0,0,14,70,0,15,0
16-06 11:30:09,46.320,19.175,34.366,0,0.249,1956396,162556,182864,5609448,4785.377,1707.355,0,645.488,0,17.930,5643,8078,1.850,1.630,0.950,4,0,232.097,0,0,14,70,0,15,0
16-06 11:30:10,61.009,27.115,10.796,0.251,0,2041176,199452,175784,5497464,4213.903,1572.682,36.154,13212.132,5.021,828.520,6239,6038,1.850,1.630,0.950,4,0,467.988,0,0,14,70,0,15,0
16-06 11:30:11,61.883,21.459,16.968,0,0,2123404,183192,172856,5435764,4671.145,1616.935,251.523,2283.671,7.985,99.811,6383,9390,2.100,1.680,0.970,4,0,211.599,0,0,14,70,0,15,0
16-06 11:30:12,67.441,29.257,1.984,0.496,0,2254016,219400,169476,5276540,4571.108,1499.569,908.469,2844.421,87.277,79.342,5770,6410,2.100,1.680,0.970,7,0,522.667,0,0,14,70,0,13,0
16-06 11:30:13,76.571,20.654,1.763,0.756,0,2414256,139232,168860,5198776,4594.273,1632.176,253.894,2478.489,13.098,277.067,7638,10033,2.100,1.680,0.970,9,0,205.533,0,0,14,74,0,13,0
16-06 11:30:14,61.219,25.737,8.246,3.248,0,2471596,195516,168544,5087944,4857.557,1619.186,507.745,28897.468,11.994,2019.984,13903,24570,2.100,1.680,0.970,9,0,387.805,0,0,14,76,0,13,0
16-06 11:30:15,71.589,23.198,4.490,0.499,0,2605044,132488,168668,5019604,4908.953,1616.363,427.039,10005.484,24.944,845.098,11406,21014,2.100,1.680,0.970,5,0,273.385,0,0,14,80,0,18,0
16-06 11:30:16,71.610,23.368,4.271,0.251,0,2678440,132324,168676,4947552,4842.360,1465.372,482.427,1161.845,13.066,74.374,7897,11283,2.170,1.700,0.980,4,0,459.311,0,0,14,95,0,23,0
16-06 11:30:17,44.022,26.513,28.514,0,0,2758288,191720,168676,4810992,5045.546,1566.791,0,920.465,0,57.029,7890,10016,2.170,1.700,0.980,2,0,454.229,0,0,14,93,0,25,0
16-06 11:30:18,40.410,16.962,41.407,0.249,0,2816596,131212,168676,4813364,4761.353,1508.627,1971.591,925.930,19.955,44.900,5742,7922,2.170,1.700,0.980,3,0,190.574,0,0,14,95,0,25,0
16-06 11:30:19,61.220,14.493,23.488,0,0.250,2963452,122736,168684,4678420,4617.723,1709.157,1135.440,923.545,13.993,38.981,5697,8270,2.170,1.700,0.980,3,0,128.936,0,0,14,98,0,28,0
16-06 11:30:20,25.053,14.781,58.123,0.501,0,3018108,136712,168704,4611392,4287.066,1461.090,0,8682.362,0,322.682,5430,5409,2.170,1.700,0.980,1,0,162.343,0,0,14,101,0,27,0
16-06 11:30:21,7.495,19.986,69.952,0.250,0,3025720,129000,168704,4611480,4856.687,1618.896,0,851.419,0,47.967,5117,3741,2.080,1.690,0.980,3,0,265.819,0,0,14,101,0,27,0
16-06 11:30:22,8.242,19.481,69.433,0.250,0,3026792,127896,168704,4611512,4830.341,1456.595,3.996,91.911,0.999,10.989,5120,3708,2.080,1.690,0.980,3,0,273.736,0,0,14,101,0,27,0
16-06 11:30:23,7.509,19.775,71.089,0,0,3025160,129488,168704,4611520,4643.803,1459.824,0,36.045,0,4.005,4863,3289,2.080,1.690,0.980,2,0,250.313,0,0,14,101,0,27,0
16-06 11:30:24,19.962,6.987,71.363,0,0,3084140,137120,168708,4545996,4491.395,1616.902,15.969,59.885,3.992,1.996,2326,1596,2.080,1.690,0.980,2,0,39.924,0,0,14,101,0,20,0
16-06 11:30:25,19.749,3.750,75.745,0,0,3102892,118304,168708,4546060,10941.239,7844.454,0,187.987,0,14.999,2560,2549,2.080,1.690,0.980,3,0,1.000,0,0,14,106,0,21,0
16-06 11:30:26,20.533,7.763,70.614,0,0,3067952,221620,168708,4479516,21349.435,18254.443,0,1919.095,0,19.031,2742,1822,2.070,1.700,0.990,2,0,64.103,0,0,14,107,0,22,0
16-06 11:30:27,26.442,3.492,68.599,0.249,0,3139076,150496,168708,4479516,4718.633,1508.685,0,315.307,0,27.939,2110,1558,2.070,1.700,0.990,2,0,2.993,0,0,14,114,0,22,0
16-06 11:30:28,16.479,2.247,79.898,0.499,0,3135524,154036,168716,4479524,11276.670,8153.639,0,275.650,0,24.968,2466,2604,2.070,1.700,0.990,2,0,0,0,0,14,116,0,22,0
16-06 11:30:29,30.331,6.961,60.165,0.746,0,3174892,165416,168720,4429740,4534.781,1700.543,270.496,1471.815,16.906,185.966,5247,7214,2.070,1.700,0.990,4,0,5.967,0,0,14,121,0,22,0
16-06 11:30:30,34.304,7.819,55.491,0.504,0,3153508,202680,168720,4414888,5824.550,2733.190,68.607,1436.716,6.054,139.232,5403,6568,2.070,1.700,0.990,7,0,57.509,0,0,14,126,0,24,0
16-06 11:30:31,20.689,5.982,72.038,0.249,0.249,3206060,150072,168724,4414924,4068.015,1615.241,3.988,10213.908,0.997,609.205,2687,2266,1.990,1.690,0.990,2,0,58.827,0,0,14,126,0,24,0
16-06 11:30:32,18.483,3.497,77.177,0,0,3222320,133796,168724,4414940,11136.501,7941.513,0,403.619,0,23.977,2306,2154,1.990,1.690,0.990,2,0,0.999,0,0,14,127,0,24,0
16-06 11:30:33,20.555,4.011,73.697,0.501,0,3226820,129280,168724,4414956,6890.457,3559.535,48.129,1512.050,3.008,131.352,3999,5239,1.990,1.690,0.990,4,0,0,0,0,14,127,0,24,0
16-06 11:30:34,39.105,13.536,45.873,0.251,0,3278152,144000,168728,4350544,6006.161,2713.301,4.011,1279.443,1.003,109.294,4731,4157,1.990,1.690,0.990,3,0,100.270,0,0,14,128,0,25,0
16-06 11:30:35,40.972,6.246,51.965,0.250,0,3319340,167868,168728,4287064,10424.958,7274.086,0,419.716,0,24.983,2894,1595,1.990,1.690,0.990,5,0,0,0,0,14,129,0,25,0
16-06 11:30:36,20.377,6.710,72.067,0,0,3251020,236168,168728,4287084,22813.823,19018.643,0,322.063,0,16.898,2521,1775,1.910,1.670,0.990,2,0,54.671,0,0,14,128,0,26,0
16-06 11:30:37,22.028,3.004,73.843,0,0,3327588,159600,168728,4287084,6523.248,3071.884,0,300.380,0,15.019,1846,1282,1.910,1.670,0.990,1,0,0,0,0,14,129,0,26,0
16-06 11:30:38,17.288,5.011,76.670,0.251,0,3323588,163576,168728,4287108,28325.805,23480.061,0,264.587,0,16.036,2558,1880,1.910,1.670,0.990,1,0,51.113,0,0,14,128,0,27,0
16-06 11:30:39,29.167,6.232,63.569,0.249,0,3318172,230160,168728,4227160,5430.535,1561.553,11.966,1156.706,2.991,71.796,3195,3097,1.910,1.670,0.990,5,1,5.983,0,0,14,130,0,28,0
16-06 11:30:40,19.603,3.519,75.146,0.503,0,3339172,209072,168728,4227248,11602.078,7971.967,0,711.747,0,84.445,3477,4694,1.910,1.670,0.990,5,0,2.011,0,0,14,131,0,28,0
16-06 11:30:41,19.200,7.979,70.316,0.748,0,3309392,238812,168732,4227284,7245.000,2653.042,0,5457.687,0,489.716,3627,3426,1.830,1.660,0.990,3,0,81.786,0,0,14,130,0,29,0
16-06 11:30:42,18.521,3.754,77.086,0.250,0,3350472,197776,168732,4227288,11579.880,7178.985,0,264.294,0,15.017,1908,1410,1.830,1.660,0.990,4,0,1.001,0,0,14,131,0,29,0
16-06 11:30:43,18.762,6.504,73.046,0.250,0,3346424,201816,168732,4227296,23922.118,19133.091,0,976.617,0,47.030,2780,2032,1.830,1.660,0.990,2,0,55.035,0,0,14,130,0,30,0
16-06 11:30:44,20.233,2.748,76.188,0,0,3409720,138504,168732,4227312,6463.703,3583.064,3.997,123.898,0.999,12.989,1862,1436,1.830,1.660,0.990,3,0,0,0,0,14,131,0,30,0
16-06 11:30:45,19.210,3.493,74.094,1.247,0,3403900,144236,168732,4227400,10132.673,6358.617,0,1468.908,0,225.525,4427,6361,1.830,1.660,0.990,2,0,0.998,0,0,14,132,0,30,0
16-06 11:30:46,27.063,4.009,66.905,1.002,0,3356560,191456,168732,4227520,6619.382,2866.661,48.112,4526.518,3.007,313.729,5502,8102,1.770,1.650,0.990,4,0,6.014,0,0,14,131,0,32,0
16-06 11:30:47,18.963,6.737,73.105,0,0,3422804,125208,168732,4227524,5378.368,1509.017,0,383.242,0,22.955,2354,1814,1.770,1.650,0.990,1,0,46.907,0,0,14,131,0,32,0
16-06 11:30:48,16.759,2.501,79.545,0,0,3389776,209208,168732,4177368,14196.003,11345.396,0,296.167,0,19.011,2047,1755,1.770,1.650,0.990,1,0,0,0,0,14,132,0,32,0
16-06 11:30:49,22.982,4.247,70.195,1.499,0,3390168,208708,168732,4177476,5808.484,1919.508,55.956,2042.412,4.996,180.859,4222,5521,1.770,1.650,0.990,2,0,0,0,0,14,132,0,32,0
16-06 11:30:50,34.362,9.029,54.678,0.502,0,3317464,281336,168736,4177548,5064.503,2331.598,0,1127.675,0,128.418,7227,10128,1.770,1.650,0.990,4,0,54.177,0,0,14,135,0,33,0
16-06 11:30:51,21.658,6.472,71.196,0,0,3382404,216348,168736,4177596,4301.651,1613.119,47.796,852.364,2.987,27.881,2326,1699,1.710,1.640,0.990,2,0,30.868,0,0,14,135,0,33,0
16-06 11:30:52,15.313,2.259,80.835,0.251,0,3394868,203780,168740,4177696,13972.921,10052.671,0,731.030,0,73.304,2583,2913,1.710,1.640,0.990,3,0,1.004,0,0,14,136,0,33,0
16-06 11:30:53,19.462,8.483,70.362,0.499,0,3400676,197952,168740,4177716,5953.312,2815.472,0,3301.518,0,206.594,3944,4186,1.710,1.640,0.990,2,0,146.712,0,0,14,135,0,34,0
16-06 11:30:54,23.497,4.999,69.740,0.250,0,3442484,156120,168740,4177664,10160.511,7167.950,23.996,183.973,2.000,10.998,2915,5773,1.710,1.640,0.990,3,0,35.995,0,0,14,136,0,35,0
16-06 11:30:55,22.725,3.496,72.419,0,0,3442540,155896,168748,4177900,10133.669,7065.100,7.991,707.209,1.998,66.925,3884,4620,1.710,1.640,0.990,5,0,0,0,0,14,136,0,35,0
16-06 11:30:56,24.556,6.014,66.653,1.503,0,3438836,159488,168756,4178004,3850.815,703.611,64.147,5881.464,4.009,397.911,6972,10224,1.650,1.630,0.990,2,0,0,0,0,14,136,0,35,0
16-06 11:30:57,44.100,10.524,42.346,0.501,0,3413636,183992,168772,4178668,7407.763,3217.281,420.953,1479.348,69.156,158.358,12290,18143,1.650,1.630,0.990,4,0,103.234,0,0,14,139,0,35,0
16-06 11:30:58,30.677,11.722,56.365,0.499,0,3447612,149812,168864,4178732,5129.719,2065.056,87.790,993.621,4.988,83.799,5610,7208,1.650,1.630,0.990,2,0,187.551,0,0,14,139,0,35,0
16-06 11:30:59,19.479,3.746,75.919,0.250,0,3469744,127672,168864,4178740,11274.016,8069.423,0,671.286,0,22.976,1962,1562,1.650,1.630,0.990,1,0,0,0,0,14,140,0,35,0
16-06 11:31:00,13.796,14.298,69.733,0,0,3373492,223900,168864,4178764,7965.625,2628.787,0,545.824,0,39.131,4387,3411,1.650,1.630,0.990,2,0,170.570,0,0,14,139,0,36,0
16-06 11:31:01,9.000,20.999,68.497,0,0,3353592,243776,168868,4178796,6327.746,1619.935,0,819.967,0,48.998,5290,3888,1.600,1.620,0.990,1,0,257.990,0,0,14,139,0,36,0
16-06 11:31:02,12.947,20.666,64.487,0.249,0,3351104,246120,168868,4179388,7127.881,1655.238,0,3629.174,0,360.527,6157,5872,1.600,1.620,0.990,2,0,270.893,0,0,14,139,0,36,0
16-06 11:31:03,24.079,17.809,55.934,0,0,3359172,238040,168868,4178952,4815.865,1695.586,0,357.177,0,17.056,5188,4978,1.600,1.620,0.990,2,0,213.704,0,0,14,139,0,36,0
16-06 11:31:04,29.877,23.653,45.065,0.249,0,3418848,178332,168868,4178988,5198.671,1613.381,15.935,1541.675,0.996,93.616,5988,4605,1.600,1.620,0.990,2,0,348.570,0,0,14,139,0,36,0
16-06 11:31:05,24.873,18.592,55.775,0.251,0,3438420,158428,168880,4179312,4990.648,1465.237,4.020,506.502,1.005,32.159,6838,7861,1.600,1.620,0.990,1,0,324.603,0,0,14,145,0,36,0
16-06 11:31:06,42.204,23.225,33.463,0,0,3543728,133432,168892,4100244,4974.557,1618.230,107.882,483.471,7.991,28.968,8778,16017,1.710,1.640,1,4,0,323.646,0,0,16,151,0,36,0
16-06 11:31:07,48.830,29.398,20.678,0.249,0,3654032,176012,168892,3949580,5159.064,1614.388,23.917,713.519,1.993,101.647,6411,5256,1.710,1.640,1,5,0,482.323,0,0,16,151,0,36,0
16-06 11:31:08,55.376,18.793,25.307,0,0,3721636,156380,168892,3902496,4810.912,1755.983,8.018,637.446,2.005,28.064,7589,12962,1.710,1.640,1,4,0,258.587,0,0,16,167,0,36,0
16-06 11:31:09,33.522,23.516,41.528,0,0,3791400,136384,168892,3853284,4705.137,1553.036,4.003,708.472,1.001,29.019,13218,4479,1.710,1.640,1,4,0,364.243,0,0,16,167,0,34,0
16-06 11:31:10,26.036,24.284,48.317,0.250,0,3836760,146472,168892,3798940,4205.861,1692.358,84.117,348.486,4.006,28.039,6154,4833,1.710,1.640,1,1,0,411.574,0,0,17,167,0,34,0
16-06 11:31:11,10.003,21.756,66.769,0,0.250,3825704,157484,168892,3798984,4459.257,1458.411,8.002,364.103,2.001,36.010,5491,4220,1.810,1.660,1.010,2,0,280.079,0,0,17,167,0,34,0
16-06 11:31:12,22.204,16.466,59.625,0,0,3850448,132604,168892,3799124,4852.858,1562.734,0,227.525,0,10.977,6018,7664,1.810,1.660,1.010,4,0,222.535,0,0,17,167,0,34,0
16-06 11:31:13,28.040,26.287,44.813,0,0,3897836,140868,168892,3744892,4145.848,1514.136,0,116.164,0,8.011,6261,4735,1.810,1.660,1.010,2,0,421.595,0,0,17,167,0,34,0
16-06 11:31:14,38.124,19.934,40.367,0,0,3942380,172324,168900,3670960,4383.539,1453.206,0,83.724,0,4.984,7192,8659,1.810,1.660,1.010,2,0,289.046,0,0,17,173,0,34,0
16-06 11:31:15,33.304,22.787,43.070,0.250,0,4000812,150808,168900,3634548,5048.147,1622.619,44.071,340.550,5.008,24.039,6252,6543,1.810,1.660,1.010,5,0,369.596,0,0,17,179,0,34,0
16-06 11:31:16,36.838,28.819,33.079,0.251,0,4100556,156676,168908,3531372,5370.773,1461.476,24.057,765.821,3.007,57.136,7849,12163,1.830,1.670,1.020,2,0,494.175,0,0,17,187,0,34,0
16-06 11:31:17,16.685,23.907,56.779,0,0,4153568,148012,168908,3488036,5055.348,1452.354,3.985,1426.455,0.996,120.531,7550,9752,1.830,1.670,1.020,2,0,371.556,0,0,17,191,0,21,0
16-06 11:31:18,20.067,21.321,56.689,0.251,0,4168760,132784,168908,3488072,5329.736,1607.349,4.013,882.938,1.003,51.170,5578,4531,1.830,1.670,1.020,1,0,319.062,0,0,17,209,0,21,0
16-06 11:31:19,18.746,16.996,62.736,0.250,0,4162512,139028,168908,3488192,5324.833,1565.657,0,211.954,0,12.997,5682,7093,1.830,1.670,1.020,3,0,189.958,0,0,17,209,0,21,0
16-06 11:31:20,38.330,14.436,45.797,0.249,0,4281004,145752,168908,3365120,5555.425,1612.865,852.230,211.066,12.943,9.956,3921,2408,1.830,1.670,1.020,2,0,106.529,0,0,17,209,0,21,0
16-06 11:31:21,46.030,10.007,42.027,0.250,0,4416008,155908,168912,3223356,5283.436,1621.054,224.146,524.341,5.003,42.027,3577,2285,2,1.710,1.040,3,0,4.003,0,0,17,213,0,17,0
16-06 11:31:22,34.018,6.253,59.282,0,0,4449860,121668,168916,3223740,5319.845,1620.867,56.030,19378.362,5.003,854.457,3462,3142,2,1.710,1.040,2,0,13.007,0,0,17,219,0,17,0
16-06 11:31:23,24.340,21.831,52.445,0.251,0,4374396,196372,168924,3224476,5179.232,1626.038,835.101,232.865,12.045,15.056,5605,4778,2,1.710,1.040,2,0,451.677,0,0,17,217,0,17,0
16-06 11:31:24,38.502,30.252,29.752,0.250,0,4431400,136400,168940,3227400,10044.630,7237.454,1000.063,592.037,20.001,30.002,6617,7020,2,1.710,1.040,4,1,486.031,0,0,17,224,0,17,0
16-06 11:31:25,46.446,20.476,31.963,0,0,4398936,211400,168948,3186100,7401.471,4656.634,15.982,1094.738,3.995,30.964,6595,9498,2,1.710,1.040,6,0,235.728,0,0,17,225,0,18,0
16-06 11:31:26,73.099,18.462,7.485,0,0,4569280,162616,168956,3068364,4430.857,1616.664,379.218,550.863,16.965,24.949,5063,3965,2.240,1.760,1.060,6,0,95.802,0,0,17,226,0,18,0
16-06 11:31:27,59.181,13.291,23.321,3.762,0,4645620,153800,169008,3002972,15298.833,11647.656,7033.531,1211.709,393.204,48.147,5438,5446,2.240,1.760,1.060,4,0,29.089,0,0,17,235,0,18,0
16-06 11:31:28,56.767,18.506,24.257,1.250,0,4654940,154164,169052,2993664,5042.510,2341.701,812.243,1664.499,116.035,128.038,6911,8494,2.240,1.760,1.060,3,0,199.060,0,0,17,233,0,24,0
16-06 11:31:29,36.985,26.489,34.735,0,0,4654716,175872,169064,2973404,5926.519,3626.482,7.997,8800.316,1.999,33.986,6638,6389,2.240,1.760,1.060,1,0,390.836,0,0,17,234,0,22,0
16-06 11:31:30,36.446,17.724,44.684,0.250,0,4661152,168144,169064,2974680,13876.504,10417.613,219.676,790.832,10.984,57.914,6869,9285,2.240,1.760,1.060,3,0,210.689,0,0,17,233,0,25,0
16-06 11:31:31,56.578,29.540,12.767,0,0,4714328,150692,169064,2939648,5467.493,1622.223,16.022,4361.978,4.005,234.321,6812,7737,2.540,1.830,1.080,4,0,441.605,0,0,17,237,0,25,0
16-06 11:31:32,54.394,24.951,19.711,0.250,0.250,4799196,150540,169080,2856336,12069.417,9238.948,1049.948,626.775,47.906,37.926,7165,9562,2.540,1.830,1.080,6,0,350.316,0,0,17,242,0,25,0
16-06 11:31:33,56.106,23.545,18.535,0,0,4789932,156788,169084,2859140,8590.281,4434.404,448.851,921.747,27.051,59.112,8023,11424,2.540,1.830,1.080,3,0,346.657,0,0,17,243,0,26,0
16-06 11:31:34,57.331,26.422,15.704,0.249,0.249,4883420,123360,169100,2800236,5933.534,3240.461,167.507,327.037,7.977,20.938,5879,7757,2.540,1.830,1.080,3,0,418.767,0,0,17,246,0,27,0
16-06 11:31:35,46.521,21.259,30.013,0,0,4911716,162048,169104,2734880,14045.248,10479.662,1056.470,1008.449,36.016,56.025,10296,19349,2.540,1.830,1.080,7,0,215.096,0,0,17,251,0,28,0
16-06 11:31:36,63.205,14.989,21.735,0,0,5009396,130316,169104,2670444,4796.610,1618.856,131.907,539.619,4.996,14.989,4910,4140,2.740,1.890,1.100,4,0,52.963,0,0,17,251,0,28,0
16-06 11:31:37,56.161,8.525,35.101,1.003,0,5098604,143224,169108,2571056,19148.056,16058.172,1155.322,457.315,70.202,26.075,4445,3800,2.740,1.890,1.100,2,0,5.014,0,0,17,256,0,30,0
16-06 11:31:38,59.499,11.250,27.250,0.250,0,5086072,173388,169108,2554008,10598.838,6314.904,1179.982,903.986,29.000,83.999,6778,7530,2.740,1.890,1.100,4,0,24.000,0,0,17,264,0,31,0
16-06 11:31:39,50.870,23.939,24.188,0.748,0,5106424,149460,169236,2557456,11299.157,8158.175,4065.622,1427.356,65.832,75.806,7349,8512,2.740,1.890,1.100,3,0,420.926,0,0,17,264,0,32,0
16-06 11:31:40,49.902,27.446,21.707,0,0,5055764,199724,169236,2558176,9845.611,6639.924,766.491,507.002,5.988,33.933,6709,7635,2.740,1.890,1.100,4,0,462.090,0,0,17,263,0,33,0
16-06 11:31:41,66.899,20.295,13.029,0.251,0,5128772,126308,169248,2558576,7191.051,3539.901,1014.264,1138.541,24.054,57.128,6246,7355,3,1.960,1.130,7,0,200.447,0,0,18,269,0,34,0
16-06 11:31:42,76.516,14.753,6.751,1.000,0,5232948,129356,169248,2455584,14538.019,9555.985,2568.533,4208.874,117.024,196.041,6917,7400,3,1.960,1.130,5,0,59.012,0,0,18,270,0,32,0
16-06 11:31:43,83.572,14.012,1.501,0.500,0,5274808,140276,169264,2404760,5274.531,1351.161,1801.548,15056.935,81.070,1180.014,6462,4108,3,1.960,1.130,4,0,21.018,0,0,18,274,0,32,0
16-06 11:31:44,54.847,15.208,29.418,0.249,0,5336380,149148,169292,2336500,14645.252,11878.949,642.213,9210.374,15.956,64.820,6067,7724,3,1.960,1.130,2,0,219.390,0,0,18,279,0,34,0
16-06 11:31:45,41.702,9.044,47.731,1.005,0,5328252,157228,169292,2336540,15090.928,5207.164,771.729,3147.209,6.029,194.942,4135,3656,3,1.960,1.130,3,0,13.063,0,0,18,279,0,35,0
16-06 11:31:46,39.704,9.239,49.692,0,0,5324848,156580,169292,2340592,4248449.151,73297.532,559.348,283.669,6.992,25.970,6991,4767,2.920,1.960,1.140,4,0,7.991,0,0,18,282,0,34,0
16-06 11:31:47,41.950,18.478,37.955,0.499,0,5298868,189880,169292,2333928,12456527.644,215830.153,3052.396,2405.160,32.961,230.728,14945,9773,2.920,1.960,1.140,4,0,268.683,0,0,18,280,0,35,0
16-06 11:31:48,48.818,7.761,42.559,0,0,5400096,152464,169292,2272124,5517.661,2256.132,0,476.662,0,51.071,3706,2603,2.920,1.960,1.140,6,0,2.003,0,0,18,285,0,35,0
16-06 11:31:49,29.404,3.239,64.289,0.498,0,5406304,146328,169292,2272180,23967.442,20639.351,0,2041.309,0,49.837,4134,4400,2.920,1.960,1.140,5,0,0,0,0,18,290,0,37,0
16-06 11:31:50,30.011,6.502,61.522,0.500,0,5405096,146888,169292,2272828,369028.344,15167188.569,480.175,408.149,26.009,40.015,4966,4186,2.920,1.960,1.140,3,0,6.002,0,0,18,288,0,36,0
16-06 11:31:51,28.606,4.768,64.741,0.251,0,5420352,131588,169304,2272868,6932531.099,1296952.434,0,867.225,0,62.231,7724,6340,2.770,1.940,1.140,3,0,7.026,0,0,18,295,0,37,0
16-06 11:31:52,26.723,11.489,58.692,0.999,0,5243640,292232,169304,2288904,9835880.112,182676.512,63.936,3632.391,3.996,242.759,14990,13914,2.770,1.940,1.140,3,0,102.898,0,0,18,290,0,42,0
16-06 11:31:53,9.740,20.729,67.682,0,0,5248800,286916,169304,2289060,4735.228,1618.369,31.968,287.710,2.997,12.987,5974,4704,2.770,1.940,1.140,2,0,399.597,0,0,18,290,0,42,0
16-06 11:31:54,23.801,6.013,68.646,0.251,0,5339112,196448,169304,2290276,5076.805,1623.455,168.358,304.648,7.015,16.034,2393,3484,2.770,1.940,1.140,6,0,34.073,0,0,18,290,0,40,0
16-06 11:31:55,18.696,13.711,65.562,0,0,5317720,217748,169308,2289304,4872.020,1685.164,55.840,1124.772,3.989,63.817,5111,10674,2.770,1.940,1.140,2,0,161.536,0,0,18,290,0,41,0
16-06 11:31:56,8.749,19.749,70.246,0,0,5321464,213972,169308,2289336,4603.733,1457.915,4.000,223.987,1.000,21.999,5354,4056,2.630,1.930,1.130,2,0,290.983,0,0,18,290,0,41,0
16-06 11:31:57,5.747,12.244,80.712,0.250,0,5306792,228576,169316,2289396,5534.368,1619.230,31.985,16528.140,2.999,28.986,3804,3125,2.630,1.930,1.130,1,0,217.896,0,0,18,290,0,41,0
16-06 11:31:58,12.001,3.250,83.257,0.250,0,5302368,232988,169316,2289408,4680.382,1620.132,0,168.014,0,17.001,1822,1720,2.630,1.930,1.130,2,0,11.001,0,0,18,294,0,39,0
16-06 11:31:59,19.203,2.494,76.311,0,0,5333112,202240,169316,2289412,10719.505,7314.920,0,0,0,0,1976,1533,2.630,1.930,1.130,3,0,0,0,0,18,295,0,39,0
16-06 11:32:00,19.336,7.031,73.325,0,0,5299228,236040,169316,2289496,8261.584,4928.826,64.285,128.569,4.018,13.058,3304,2767,2.630,1.930,1.130,2,0,78.347,0,0,18,298,0,40,0
16-06 11:32:01,12.256,16.758,68.785,0.500,0,5303920,231228,169320,2289596,5420.731,1458.735,24.012,384.194,3.002,41.021,5153,4032,2.500,1.910,1.130,3,0,162.082,0,0,18,298,0,40,0
16-06 11:32:02,14.493,17.492,65.470,0,0,5305724,229224,169320,2289816,6314.066,1619.248,0,487.773,0,48.977,5336,4391,2.500,1.910,1.130,3,0,183.915,0,0,18,304,0,39,0
16-06 11:32:03,10.734,17.473,69.643,0,0,5302228,232576,169320,2289960,4570.986,1455.766,3.994,147.773,0.998,9.985,4824,3422,2.500,1.910,1.130,2,0,180.723,0,0,18,304,0,39,0
16-06 11:32:04,22.461,4.492,72.625,0,0,5359408,175396,169320,2289960,5416.696,1659.150,0,5806.027,0,733.740,2276,1505,2.500,1.910,1.130,2,0,0.998,0,0,18,304,0,39,0
16-06 11:32:05,22.219,4.244,71.901,0,0,5409224,125408,169320,2290132,4837.335,1497.936,291.598,307.576,5.992,18.974,2158,1724,2.500,1.910,1.130,2,0,1.997,0,0,18,304,0,39,0
16-06 11:32:06,24.783,2.003,71.345,0.501,0,5380808,173500,169320,2270920,5383.152,1622.155,112.149,560.745,7.009,91.121,2615,2201,2.380,1.890,1.130,2,0,4.005,0,0,18,306,0,39,0
16-06 11:32:07,23.203,3.742,72.103,0.249,0,5326832,227432,169320,2270964,4611.603,1455.035,23.951,423.138,3.992,24.949,2160,1686,2.380,1.890,1.130,2,0,4.990,0,0,18,304,0,39,0
16-06 11:32:08,22.296,4.259,72.150,0.251,0,5369664,184592,169320,2270972,5128.685,1503.132,0,152.317,0,16.033,2325,1924,2.380,1.890,1.130,2,0,5.010,0,0,18,304,0,39,0
16-06 11:32:09,12.540,2.006,84.518,0,0,5374916,179328,169320,2270984,23446.248,20618.293,0,72.229,0,7.022,2477,2397,2.380,1.890,1.130,2,0,1.003,0,0,18,311,0,40,0
16-06 11:32:10,23.911,3.985,70.737,0,0,5309252,244852,169320,2271124,3771.959,1261.305,0,247.080,0,25.904,2310,1770,2.380,1.890,1.130,2,0,14.944,0,0,18,304,0,41,0
16-06 11:32:11,22.781,3.755,72.599,0,0,5341996,212092,169320,2271140,2487.395,324.443,16.022,104.142,1.001,12.016,1942,1569,2.270,1.880,1.130,2,0,0,0,0,18,304,0,41,0
16-06 11:32:12,21.210,7.735,69.369,0.499,0,5281840,272096,169320,2271292,4388.694,1616.940,383.275,455.139,2.994,46.911,3471,3025,2.270,1.880,1.130,2,0,88.832,0,0,18,306,0,41,0
16-06 11:32:13,8.536,21.340,68.789,0,0,5266936,286856,169336,2271448,4338.217,1626.831,44.186,1052.419,6.025,13.055,5580,4117,2.270,1.880,1.130,2,0,340.430,0,0,18,306,0,41,0
16-06 11:32:14,16.269,10.763,72.085,0,0,5314036,239736,169344,2271460,4565.400,1621.919,0,4.005,0,1.001,3665,2675,2.270,1.880,1.130,2,0,172.204,0,0,18,306,0,41,0
16-06 11:32:15,18.387,2.733,77.274,0.248,0,5343436,209244,169388,2272508,11111.582,4467.492,0,564.524,0,25.841,2094,1893,2.270,1.880,1.130,2,0,16.896,0,0,18,307,0,41,0
16-06 11:32:16,22.298,4.009,72.406,0,0,5327512,219100,169988,2277868,5153.096,1797.871,0,1318.840,0,36.078,2395,2053,2.160,1.860,1.130,2,0,7.015,0,0,18,306,0,41,0
16-06 11:32:17,19.250,6.000,72.001,0,0,5342480,203056,170008,2278876,9304.132,2730.039,4.000,452.006,1.000,12.000,9221,17204,2.160,1.860,1.130,1,0,9.000,0,0,18,307,0,41,0
16-06 11:32:18,20.003,6.251,71.511,0.250,0,5352752,192280,170060,2279328,7431.131,3289.501,216.033,17886.723,11.002,122.019,9291,16783,2.160,1.860,1.130,2,0,13.002,0,0,18,307,0,41,0
16-06 11:32:19,21.828,5.018,72.006,0.502,0,5278680,272240,170184,2273352,5238.655,1637.832,4.014,1545.503,1.004,39.139,2456,1891,2.160,1.860,1.130,2,0,29.104,0,0,18,306,0,41,0
16-06 11:32:20,11.216,16.700,69.540,0,0,5302504,248396,170184,2273372,4444.589,1453.614,0,0,0,0,4611,3503,2.160,1.860,1.130,3,0,246.257,0,0,18,306,0,41,0
16-06 11:32:21,23.740,3.249,72.220,0,0.250,5347908,202888,170184,2273476,4798.035,1619.337,31.987,255.895,1.000,8.996,2017,1546,2.070,1.850,1.130,3,0,0,0,0,18,306,0,41,0
16-06 11:32:22,20.491,2.249,75.466,0.250,0,5359656,190856,170184,2273760,15238.065,11785.637,15.993,495.774,1.000,35.984,2527,2330,2.070,1.850,1.130,2,0,1.000,0,0,18,306,0,44,0
16-06 11:32:23,16.270,11.264,70.836,0,0,5368308,182176,170184,2273788,4755.771,1621.968,16.019,144.175,2.002,8.010,3336,2568,2.070,1.850,1.130,2,0,116.141,0,0,18,306,0,44,0
16-06 11:32:24,18.463,2.994,77.345,0,0,5396468,154016,170184,2273788,10375.245,7198.600,0,119.760,0,7.984,1943,1535,2.070,1.850,1.130,2,0,0,0,0,18,307,0,44,0
16-06 11:32:25,21.487,7.745,69.708,0.250,0,5362092,188268,170184,2273912,6726.954,3892.659,79.952,1822.904,4.997,327.803,3141,2593,2.070,1.850,1.130,2,0,69.958,0,0,18,306,0,45,0
16-06 11:32:26,18.963,3.244,76.601,0.499,0,5393048,157308,170184,2273916,9196.146,6534.314,0,131.744,0,15.969,1964,1599,1.900,1.820,1.120,2,0,0,0,0,18,307,0,45,0
16-06 11:32:27,19.848,6.532,73.363,0,0,5377512,172824,170184,2273936,12727.049,8880.996,0,44.219,0,4.020,2910,2243,1.900,1.820,1.120,3,0,56.279,0,0,18,306,0,45,0
16-06 11:32:28,21.968,3.245,73.392,0,0,5370816,194336,170184,2259856,5903.325,3075.481,0,7.988,0,1.997,1878,1326,1.900,1.820,1.120,1,0,0,0,0,18,307,0,45,0
16-06 11:32:29,17.967,4.492,76.358,0,0.250,5350552,214580,170184,2259876,14187.707,10361.797,0,47.911,0,3.993,2570,2005,1.900,1.820,1.120,2,0,31.941,0,0,18,306,0,48,0
16-06 11:32:30,22.321,4.264,72.230,0,0,5401040,164088,170184,2259880,4712.992,1462.653,0,116.370,0,12.038,2129,1760,1.900,1.820,1.120,2,0,0,0,0,18,306,0,48,0
16-06 11:32:31,13.474,2.246,82.589,0,0,5406436,158640,170184,2259932,14151.377,11607.343,31.938,359.299,1.996,42.916,2369,2556,1.830,1.810,1.120,1,0,0,0,0,18,307,0,39,0
16-06 11:32:32,21.802,5.764,70.920,0.501,0,5312876,252188,170184,2259944,6732.157,2559.142,0,372.895,0,38.091,3144,2865,1.830,1.810,1.120,2,0,48.115,0,0,18,306,0,40,0
16-06 11:32:33,18.707,3.741,76.823,0,0,5346784,218272,170184,2259952,10661.382,7423.858,0,179.585,0,9.977,2009,1546,1.830,1.810,1.120,2,0,0,0,0,18,307,0,40,0
16-06 11:32:34,19.726,5.743,73.409,0,0,5342400,222644,170184,2259964,9392.395,5958.638,0,183.773,0,11.985,2515,1905,1.830,1.810,1.120,3,0,31.961,0,0,18,306,0,43,0
16-06 11:32:35,19.854,3.267,75.896,0.251,0,5386496,178544,170184,2259968,10386.251,7371.504,0,213.113,0,16.084,2079,1675,1.830,1.810,1.120,1,0,0,0,0,18,307,0,39,0
16-06 11:32:36,19.487,2.498,76.200,0.500,0,5285612,279408,170184,2259988,10091.336,6661.601,3.997,327.784,0.999,31.979,2584,2551,2.090,1.860,1.140,4,0,5.996,0,0,18,306,0,40,0
16-06 11:32:37,8.235,11.978,77.112,1.497,0,5289604,274176,170724,2260688,9816.379,4074.686,1121.986,171.692,250.550,13.975,4061,3739,2.090,1.860,1.140,3,0,178.679,0,0,18,308,0,40,0
16-06 11:32:38,6.014,7.518,84.196,0,0,5284900,278828,170724,2260740,15137.289,3064.143,0,408.953,0,22.051,2954,2650,2.090,1.860,1.140,7,0,88.206,0,0,18,306,0,41,0
16-06 11:32:39,5.247,6.246,86.948,0,0,5288336,275364,170724,2260768,10686.594,4916.053,0,415.751,0,26.984,2496,2518,2.090,1.860,1.140,2,0,81.951,0,0,18,306,0,35,0
16-06 11:32:40,13.684,13.932,70.408,0,0,5314256,249016,170724,2261196,4390.676,1504.692,234.859,338.357,13.932,16.918,4171,3019,2.090,1.860,1.140,2,0,167.188,0,0,18,306,0,35,0
16-06 11:32:41,19.103,4.022,71.886,3.519,0,5336928,209652,170776,2277752,5606.109,1574.456,6627.595,3201.193,460.473,330.777,2651,2756,2,1.840,1.140,4,0,3.016,0,0,18,306,0,35,0
16-06 11:32:42,16.178,1.991,79.895,0.249,0.249,5332728,209208,170920,2282156,16607.305,5928.692,3.982,1338.062,0.996,51.770,2333,2455,2,1.840,1.140,3,0,16.925,0,0,18,306,0,35,0
16-06 11:32:43,15.272,12.017,69.351,1.753,0,5270928,267720,171064,2285216,4987.252,1622.359,1386.015,5347.776,25.036,233.339,4645,4526,2,1.840,1.140,2,0,149.217,0,0,18,306,0,32,0
16-06 11:32:44,16.009,12.757,70.040,0,0,5309180,229452,171064,2285228,4760.751,1458.843,0,504.291,0,21.012,3613,2849,2,1.840,1.140,3,0,155.090,0,0,18,306,0,32,0
16-06 11:32:45,20.240,2.998,75.212,0.250,0,5345696,192924,171064,2285240,10800.523,7395.250,0,219.888,0,19.990,2226,1943,2,1.840,1.140,2,0,0,0,0,18,307,0,32,0
16-06 11:32:46,21.962,5.740,70.878,0.250,0,5336852,201744,171064,2285264,22657.974,19076.143,0,467.195,0,50.912,3166,2799,1.920,1.830,1.140,2,0,46.919,0,0,18,306,0,34,0
16-06 11:32:47,18.762,3.002,76.299,0,0,5387844,150748,171064,2285268,7475.844,4007.597,0,104.067,0,8.005,1882,1515,1.920,1.830,1.140,1,0,0,0,0,18,307,0,30,0
16-06 11:32:48,20.758,4.752,73.777,0.250,0,5359636,178644,171064,2285580,11555.207,8199.985,304.111,176.064,19.007,14.005,2543,2022,1.920,1.830,1.140,3,0,14.005,0,0,18,306,0,32,0
16-06 11:32:49,23.203,3.243,73.353,0,0,5405188,133092,171064,2285580,5213.526,2966.041,0,1405.177,0,95.808,1914,1391,1.920,1.830,1.140,1,0,0,0,0,18,307,0,32,0
16-06 11:32:50,18.871,3.523,75.231,0.755,0,5397548,139292,171064,2287032,10246.574,6698.870,1433.172,837.359,56.361,110.708,3767,4915,1.920,1.830,1.140,3,0,1.006,0,0,18,307,0,32,0
16-06 11:32:51,24.120,5.471,67.636,0.746,0,5373344,163324,171068,2287200,5898.251,2790.977,95.486,2737.266,4.973,185.004,3790,4376,1.840,1.820,1.140,4,0,10.941,0,0,18,306,0,29,0
16-06 11:32:52,19.428,3.238,76.216,0.249,0,5386380,150276,171068,2287212,9599.243,6660.191,0,251.065,0,22.915,2221,2039,1.840,1.820,1.140,3,0,0.996,0,0,18,307,0,29,0
16-06 11:32:53,19.784,4.007,73.376,0.250,0,5381800,154628,171068,2287440,7929.656,4974.567,192.331,633.090,10.017,79.136,4187,5534,1.840,1.820,1.140,9,0,0,0,0,18,307,0,29,0
16-06 11:32:54,13.297,16.057,68.243,0.502,0,5293460,242936,171068,2287472,5194.463,2260.033,0,2553.075,0,79.282,4885,4174,1.840,1.820,1.140,2,0,228.813,0,0,18,306,0,30,0
16-06 11:32:55,12.738,25.476,59.694,0.250,0,5293860,242516,171068,2287492,4587.688,1580.515,0,551.482,0,33.968,6408,12259,1.840,1.820,1.140,3,0,439.587,0,0,18,306,0,25,0
16-06 11:32:56,8.703,23.126,65.647,0.249,0,5292332,244028,171068,2287508,5550.186,1611.344,0,1909.741,0,109.412,5814,4537,1.780,1.800,1.140,2,0,354.098,0,0,18,306,0,25,0
16-06 11:32:57,8.574,23.199,66.571,0,0,5263456,272880,171068,2287532,5300.501,1470.624,0,1900.313,0,316.719,5936,4610,1.780,1.800,1.140,2,0,383.290,0,0,18,306,0,25,0
16-06 11:32:58,8.251,24.003,65.758,0,0,5266448,269868,171068,2287552,5460.660,1620.196,0,192.023,0,19.002,5656,4207,1.780,1.800,1.140,3,0,363.044,0,0,18,306,0,25,0
16-06 11:32:59,8.240,23.472,66.422,0,0,5263176,273124,171068,2287568,4812.325,1456.283,0,35.958,0,8.989,5615,4038,1.780,1.800,1.140,2,0,358.577,0,0,18,306,0,25,0
16-06 11:33:00,8.759,22.272,66.816,0.250,0,5271572,264708,171068,2287588,6246.139,1621.594,0,232.228,0,23.023,5717,4338,1.780,1.800,1.140,2,0,353.347,0,0,18,306,0,25,0
16-06 11:33:01,8.266,23.294,66.124,0,0,5281380,254892,171068,2287596,6329.886,1502.822,0,408.768,0,29.055,5822,4508,1.710,1.790,1.140,1,0,354.666,0,0,18,306,0,25,0
16-06 11:33:02,8.978,22.444,66.336,0,0,5279152,257088,171068,2287628,6251.538,1616.003,0,478.816,0,36.909,5850,4668,1.710,1.790,1.140,2,0,350.134,0,0,18,306,0,25,0
16-06 11:33:03,8.002,23.257,66.271,0.500,0,5280644,255568,171068,2287656,5101.591,1620.506,0,360.112,0,27.008,5599,4222,1.710,1.790,1.140,2,0,317.099,0,0,18,306,0,25,0
16-06 11:33:04,8.757,21.768,67.805,0,0,5276648,259544,171068,2287676,5584.500,1621.306,16.013,176.142,1.001,14.011,5413,3905,1.710,1.790,1.140,2,0,316.255,0,0,18,306,0,24,0
16-06 11:33:05,14.975,10.982,71.631,0,0,5316004,310808,171304,2207964,5331.157,1617.317,63.894,183.695,15.974,8.985,3170,2678,1.710,1.790,1.140,2,0,93.844,0,0,18,306,0,24,0
16-06 11:33:06,22.473,4.245,72.163,0.250,0,5329640,287376,171540,2217532,4974.011,1618.052,15.981,2600.868,2.996,22.972,2313,1857,1.660,1.780,1.140,2,0,16.980,0,0,18,306,0,24,0
16-06 11:33:07,15.263,1.001,82.570,0.500,0,5344292,271492,171628,2218676,20583.385,10507.875,704.595,1465.238,43.036,27.023,1722,1538,1.660,1.780,1.140,1,0,0,0,0,18,307,0,24,0
16-06 11:33:08,10.998,1.250,85.484,0.500,0,5342104,272784,171748,2219452,23007.757,12785.642,399.926,1491.725,45.992,44.992,1763,1869,1.660,1.780,1.140,1,0,2.000,0,0,18,307,0,24,0
16-06 11:33:09,16.223,1.498,79.869,1.248,0,5360168,252984,171864,2221064,22774.747,12594.399,1257.942,1557.452,71.882,45.925,1911,1746,1.660,1.780,1.140,2,0,0,0,0,18,307,0,24,0
16-06 11:33:10,17.026,1.502,79.621,0.751,0,5367508,244028,171908,2222632,20033.570,12332.819,1185.809,1354.066,60.092,52.079,1886,1691,1.660,1.780,1.140,2,0,0,0,0,18,307,0,24,0
16-06 11:33:11,18.741,2.999,75.962,1.249,0,5371184,207420,171908,2255556,15125.488,7626.213,12481.801,1471.269,145.928,62.969,2296,2257,1.600,1.760,1.140,2,0,1.000,0,0,18,307,0,24,0
16-06 11:33:12,23.479,3.497,71.186,0.500,0,5381780,183968,171908,2268404,4452.971,1660.498,0,1662.496,0,76.930,2656,2653,1.600,1.760,1.140,2,0,0.999,0,0,18,307,0,22,0
16-06 11:33:13,24.541,2.254,71.619,0.250,0,5368544,181104,171908,2284184,4345.242,1460.434,0,1722.871,0,45.075,2494,2318,1.600,1.760,1.140,3,0,0,0,0,18,307,0,22,0
16-06 11:33:14,21.460,3.743,72.117,1.497,0,5378328,148964,171952,2306192,4371.945,1617.021,3.993,17942.939,0.998,210.612,2559,2493,1.600,1.760,1.140,2,0,0,0,0,18,307,0,22,0
16-06 11:33:15,23.850,3.013,71.800,0.753,0,5377300,134080,171952,2321780,4235.720,1464.125,0,2771.595,0,88.370,2608,2604,1.600,1.760,1.140,2,0,0,0,0,18,307,0,22,0
16-06 11:33:16,22.661,3.735,71.220,0.747,0,5376084,130808,172008,2326804,4603.894,1613.654,0,2976.295,0,115.546,2710,2642,1.560,1.750,1.140,2,0,0,0,0,18,307,0,22,0
16-06 11:33:17,21.860,4.774,72.615,0.251,0,5371040,152780,172024,2309700,4961.920,1640.238,0,253.272,0,8.040,2266,1721,1.560,1.750,1.140,2,0,19.096,0,0,18,306,0,22,0
16-06 11:33:18,18.435,3.239,76.731,0,0,5357416,160448,172124,2315592,11906.291,4718.471,0,1618.331,0,17.937,2085,1664,1.560,1.750,1.140,4,0,17.937,0,0,18,306,0,22,0
16-06 11:33:19,23.011,6.003,69.284,0,0,5360956,155448,172152,2316988,4460.179,1458.713,0,504.246,0,15.007,9370,17104,1.560,1.750,1.140,2,0,14.007,0,0,18,306,0,22,0
16-06 11:33:20,23.003,6.251,69.260,0,0,5365088,151164,172156,2317136,4800.727,1620.245,0,88.013,0,1.000,10734,19309,1.560,1.750,1.140,2,0,13.002,0,0,18,306,0,22,0
16-06 11:33:21,22.471,5.743,70.410,0.250,0,5338240,185340,172164,2309816,4673.999,1617.923,0,2416.897,0,33.956,2592,2295,1.510,1.740,1.130,2,0,11.985,0,0,18,306,0,22,0
16-06 11:33:22,23.978,5.745,68.188,0,0,5340456,183116,172164,2309824,4934.542,1618.538,0,415.624,0,30.972,11011,19731,1.510,1.740,1.130,2,0,51.953,0,0,18,306,0,22,0
16-06 11:33:23,19.225,4.494,73.902,0,0,5380184,143352,172164,2309860,8957.121,2888.170,15.979,407.460,0.999,11.984,2553,2287,1.510,1.740,1.130,1,0,34.954,0,0,18,307,0,22,0
16-06 11:33:24,21.072,4.014,73.753,0.502,0,5379172,138092,172164,2316132,7877.998,3246.125,0,1147.934,0,29.100,2206,1892,1.510,1.740,1.130,2,0,4.014,0,0,18,306,0,19,0
16-06 11:33:25,41.256,12.502,44.756,0.250,0,5370860,163740,172164,2299648,4600.654,1620.230,512.073,9789.391,4.001,492.070,11718,19753,1.510,1.740,1.130,3,0,24.003,0,0,18,306,0,19,0
16-06 11:33:26,36.200,9.986,51.428,0.250,0,5383740,150752,172168,2299752,4913.166,1617.750,511.289,1322.161,3.994,51.928,11348,19322,1.550,1.740,1.140,2,0,24.965,0,0,18,306,0,19,0
16-06 11:33:27,23.096,5.272,70.794,0,0,5377812,164152,172168,2292284,4553.933,1464.087,0,690.872,0,23.096,2684,2376,1.550,1.740,1.140,3,0,23.096,0,0,18,306,0,19,0
16-06 11:33:28,20.895,6.219,71.390,0,0,5336108,205848,172168,2292292,4324.193,1611.871,0,1512.373,0,295.510,3249,2574,1.550,1.740,1.140,2,0,93.528,0,0,18,306,0,17,0
16-06 11:33:29,22.983,3.248,72.697,0,0,5349588,182132,172172,2302524,4240.926,1456.944,0,11.991,0,2.998,2064,1660,1.550,1.740,1.140,2,0,2.998,0,0,18,306,0,17,0
16-06 11:33:30,16.265,2.252,80.323,0.500,0,5345756,184948,172192,2303440,16876.421,6617.047,4.004,1569.434,1.001,40.037,2023,1842,1.550,1.740,1.140,2,0,16.015,0,0,18,307,0,17,0
16-06 11:33:31,14.025,2.504,81.144,0.501,0,5361752,168684,172204,2303680,21402.043,12918.964,0,1871.326,0,80.142,2076,2149,1.510,1.730,1.140,2,0,0,0,0,18,307,0,17,0
16-06 11:33:32,7.751,1.500,89.515,0.500,0,5359612,170548,172216,2303944,49125.412,10071.725,0,1120.192,0,46.008,1611,1918,1.510,1.730,1.140,1,0,1.000,0,0,18,308,0,13,0
16-06 11:33:33,8.471,1.495,87.949,0.498,0,5356972,172812,172308,2304212,124765.854,10787.070,31.891,1462.991,0.997,66.771,1736,2045,1.510,1.730,1.140,2,0,0,0,0,18,308,0,13,0
16-06 11:33:34,15.031,1.754,82.170,0.251,0.251,5374372,155140,172360,2304416,19072.498,10642.039,0,1410.922,0,48.100,1669,1553,1.510,1.730,1.140,2,0,0,0,0,18,308,0,13,0
16-06 11:33:35,14.983,0.749,82.156,0.499,0,5386708,142500,172368,2304712,82920.427,10211.354,0,914.956,0,31.964,1860,1704,1.510,1.730,1.140,1,0,0,0,0,18,308,0,13,0
16-06 11:33:36,9.549,1.759,86.949,1.256,0.251,5386276,142300,172540,2305184,305535.133,20586.196,28.145,2766.270,4.021,116.602,2051,2146,1.460,1.720,1.140,3,0,0,0,0,18,308,0,9,0
16-06 11:33:37,9.249,1.250,86.491,1.000,0,5385560,142300,172824,2305616,95856.404,18458.152,103.990,2387.761,5.999,95.990,1708,1879,1.460,1.720,1.140,2,0,0,0,0,18,308,0,9,0
16-06 11:33:38,9.448,1.989,85.530,0.249,0,5376072,140072,172896,2317212,1550896.667,37298.871,0,2243.661,0,27.847,2968,2381,1.460,1.720,1.140,4,0,0.995,0,0,18,308,0,9,0
16-06 11:33:39,5.510,2.004,90.422,0.250,0,5373884,130236,172956,2329176,6488329.675,73596.046,0,4977.472,0,27.051,4011,3254,1.460,1.720,1.140,2,0,3.006,0,0,18,308,0,9,0
16-06 11:33:40,6.990,5.492,84.132,0.499,0,5362880,135436,173052,2334976,10400070.083,96874.536,163.771,24102.297,3.994,132.814,6171,3490,1.460,1.720,1.140,2,0,0.999,0,0,18,308,0,7,0
16-06 11:33:41,22.065,3.009,73.214,0.501,0,5360388,145440,173396,2327008,198751.709,5037.745,0,1881.507,0,72.211,2362,1992,1.430,1.700,1.140,4,0,1.003,0,0,18,308,0,7,0
16-06 11:33:42,22.701,4.490,70.848,0.998,0,5371228,133112,176580,2325200,5078.127,1508.770,0,3971.497,0,78.831,2664,2585,1.430,1.700,1.140,2,0,0.998,0,0,18,308,0,7,0
16-06 11:33:43,24.213,3.245,71.142,0.250,0,5365504,134944,176996,2328508,6216.550,1563.623,0,2220.624,0,62.904,2575,2413,1.430,1.700,1.140,2,1,0,0,0,18,308,0,7,0
16-06 11:33:44,22.161,3.735,72.209,0.747,0,5365808,133052,177908,2329012,5290.698,1505.937,0,2764.868,0,110.555,2407,2261,1.430,1.700,1.140,3,0,0,0,0,18,308,0,7,0
16-06 11:33:45,21.639,8.807,66.679,1.510,0,5368672,140804,178900,2317844,4696.227,1576.145,40.259,172083.615,10.065,1266.150,4965,5099,1.430,1.700,1.140,3,0,0,0,0,18,308,0,7,0
16-06 11:33:46,23.974,3.496,70.924,0.999,0,5382472,126880,180164,2316628,4147.558,970.960,0,2341.492,0,80.913,2487,2391,1.390,1.690,1.140,5,0,0,0,0,18,308,0,7,0
16-06 11:33:47,24.787,3.005,71.107,0,0,5383596,144880,180640,2296704,5184.798,1622.440,0,1422.139,0,18.027,2368,2122,1.390,1.690,1.140,2,0,0,0,0,18,308,0,7,0
16-06 11:33:48,23.807,3.258,70.420,0.752,0,5380504,145636,181604,2297364,4899.814,1461.524,0,2826.816,0,105.254,2886,2985,1.390,1.690,1.140,2,0,1.002,0,0,18,308,0,7,0
16-06 11:33:49,22.502,3.000,72.757,0.250,0,5308644,246756,182112,2267260,4584.439,2010.192,0,2156.206,0,212.020,2318,1986,1.390,1.690,1.140,1,0,2.000,0,0,18,306,0,3,0
16-06 11:33:50,18.465,4.991,74.609,0.499,0,5358868,195648,182120,2268152,10458.189,4324.808,7.985,66086.813,1.996,864.363,3562,3115,1.390,1.690,1.140,2,0,32.938,0,0,18,307,0,3,0
16-06 11:33:51,23.716,5.243,70.151,0.250,0,5344076,204176,182472,2273676,4355.838,1791.466,0,1881.339,0,43.938,5069,7698,1.360,1.680,1.130,3,0,13.980,0,0,18,306,0,3,0
16-06 11:33:52,21.945,6.982,69.326,0.249,0,5378884,168168,182504,2274732,4643.360,1454.354,0,750.120,0,18.952,8323,14293,1.360,1.680,1.130,2,0,8.977,0,0,18,306,0,3,0
16-06 11:33:53,22.051,6.515,68.911,0,0,5361720,185304,182520,2274712,4408.273,1503.504,0,2449.709,0,22.051,7914,15415,1.360,1.680,1.130,2,0,13.030,0,0,18,306,0,2,0
16-06 11:33:54,20.266,5.754,72.557,0,0,5353296,193704,182556,2274700,4983.889,1621.265,0,176.137,0,2.002,2030,1440,1.360,1.680,1.130,3,0,7.005,0,0,18,306,0,2,0
16-06 11:33:55,25.572,7.020,65.935,1.003,0,5363248,189380,182564,2269384,5545.553,1666.674,1167.274,1223.431,130.366,18.051,3389,10502,1.360,1.680,1.130,1,0,42.118,0,0,18,306,0,3,0
16-06 11:33:56,22.485,4.247,70.202,1.999,0,5360516,188796,182564,2272796,5216.444,1618.896,1690.847,2306.428,207.858,84.942,4180,5376,1.250,1.650,1.130,3,0,0,0,0,18,308,0,4,0
16-06 11:33:57,25.949,4.990,64.873,1.996,0,5360260,188040,182564,2273812,5705.847,1616.840,718.595,3197.750,44.912,337.341,7407,10667,1.250,1.650,1.130,2,0,0.998,0,0,18,308,0,6,0
16-06 11:33:58,9.504,20.759,67.280,1.251,0,5326108,222004,182564,2274000,5462.449,1620.727,128.057,5138.304,1.000,298.134,6130,5608,1.250,1.650,1.130,4,0,342.153,0,0,18,308,0,6,0
16-06 11:33:59,11.991,11.241,70.444,3.997,0,5304404,230824,182572,2286876,5187.891,1510.803,12857.816,243.807,684.458,11.991,4114,3930,1.250,1.650,1.130,1,1,105.916,0,0,18,308,0,8,0
16-06 11:34:00,4.504,3.753,83.573,7.256,0,5297008,231780,182580,2293344,5642.904,2583.245,6485.637,3799.302,1343.167,367.319,3169,4795,1.250,1.650,1.130,1,0,6.005,0,0,18,309,0,8,0
16-06 11:34:01,2.498,0.750,94.940,0,0,5295112,233668,182580,2293352,47158.080,4873.908,0,323.795,0,27.982,1222,1683,1.150,1.620,1.120,1,0,0,0,0,18,309,0,8,0
16-06 11:34:02,5.492,2.247,90.623,0.499,0,5279660,248776,182716,2293496,87567.691,126426.416,139.805,631.118,5.992,22.968,1870,2092,1.150,1.620,1.120,1,0,12.982,0,0,18,308,0,8,0
16-06 11:34:03,1.251,0.750,97.551,0,0,5275016,253420,182716,2293496,2743.437,162.085,0,0,0,0,856,1301,1.150,1.620,1.120,1,0,0,0,0,18,308,0,8,0
16-06 11:34:04,0.750,3.500,94.499,0,0,5274804,253632,182716,2293496,4715.968,1295.991,0,4.000,0,1.000,956,1200,1.150,1.620,1.120,1,0,0,0,0,18,308,0,8,0
16-06 11:34:05,1.500,1.250,96.232,0.250,0,5250504,277932,182716,2293496,5518.990,1661.696,0,615.887,0,22.996,1047,1446,1.150,1.620,1.120,1,0,0,0,0,18,308,0,8,0
16-06 11:34:06,2.248,0.749,95.672,0,0,5248648,279784,182716,2293500,5593.415,1456.806,0,99.918,0,11.990,1199,1736,1.060,1.600,1.120,1,0,0,0,0,18,308,0,8,0
16-06 11:34:07,1.751,0.750,95.561,0.250,0,5247112,281312,182716,2293508,6381.091,1621.039,0,448.287,0,50.032,1338,1914,1.060,1.600,1.120,1,0,0,0,0,18,308,0,8,0
16-06 11:34:08,1.501,1.251,96.558,0,0,5246020,282396,182716,2293516,5181.101,1458.873,0,100.060,0,8.005,1086,1483,1.060,1.600,1.120,1,0,2.001,0,0,18,308,0,8,0
16-06 11:34:09,1.251,0.750,97.561,0.250,0,5245312,283104,182716,2293516,3466.171,864.542,0,108.068,0,8.005,882,1292,1.060,1.600,1.120,1,0,0,0,0,18,308,0,8,0
16-06 11:34:10,1.000,0.500,97.525,0,0,5244804,283608,182716,2293520,3418.861,918.231,0,328.083,0,21.005,863,1302,1.060,1.600,1.120,1,0,0,0,0,18,308,0,8,0
16-06 11:34:11,1.494,0.498,96.636,0,0,5244804,283608,182716,2293520,4220.102,1291.136,0,67.745,0,9.962,951,1318,0.970,1.570,1.110,1,0,0,0,0,18,308,0,8,0
16-06 11:34:12,2.005,1.002,95.718,0.251,0,5245292,283108,182716,2293532,4082.315,1298.964,0,104.238,0,12.027,1367,1875,0.970,1.570,1.110,1,0,1.002,0,0,18,308,0,8,0
16-06 11:34:13,0.998,0.748,97.540,0,0,5245292,283108,182716,2293532,4314.727,1400.989,0,179.614,0,10.976,938,1326,0.970,1.570,1.110,1,0,0,0,0,18,308,0,8,0
16-06 11:34:14,0.500,0.250,97.556,0,0,5245292,283108,182716,2293532,4442.559,1620.934,0,32.018,0,4.002,839,1218,0.970,1.570,1.110,1,0,0,0,0,18,308,0,8,0
16-06 11:34:15,1.752,1.001,97.109,0,0,5245292,283108,182716,2293532,4565.132,1621.823,0,84.095,0,12.014,1126,1629,0.970,1.570,1.110,1,0,0,0,0,18,308,0,8,0
16-06 11:34:16,1.501,1.251,95.341,0.250,0,5245260,283136,182716,2293536,5104.857,1621.543,0,26373.095,0,269.256,1767,2342,0.900,1.540,1.100,1,0,0,0,0,18,308,0,8,0
16-06 11:34:17,1.001,0.750,97.060,0,0,5245228,283136,182716,2293568,5152.194,1512.938,32.020,248.154,1.001,12.007,1186,1753,0.900,1.540,1.100,1,0,0,0,0,18,308,0,8,0
16-06 11:34:18,1.750,0.750,96.993,0,0,5245228,283136,182716,2293568,4817.642,1457.892,0,103.992,0,8.999,973,1398,0.900,1.540,1.100,1,0,0,0,0,18,308,0,8,0
16-06 11:34:19,0.999,0.250,97.654,0,0.250,5245228,283136,182716,2293568,3524.548,647.366,0,0,0,0,863,1237,0.900,1.540,1.100,2,0,0,0,0,18,308,0,8,0
16-06 11:34:20,1.753,0.751,96.913,0.250,0,5245228,283136,182716,2293568,4585.736,1460.464,0,332.561,0,23.039,973,1435,0.900,1.540,1.100,1,0,0,0,0,18,308,0,8,0
16-06 11:34:21,1.750,2.750,93.249,0.500,0,5245480,282884,182716,2293568,4859.934,1619.978,0,64915.120,0,654.991,1955,2100,0.820,1.520,1.100,2,0,0,0,0,18,308,0,8,0
16-06 11:34:22,1.998,0.749,95.674,0.250,0,5245708,282884,182716,2293572,4771.213,1456.844,0,1059.159,0,13.989,1310,1804,0.820,1.520,1.100,1,0,0.999,0,0,18,308,0,8,0
16-06 11:34:23,1.249,1.000,96.455,0.250,0,5245708,282884,182716,2293572,4234.040,1295.400,0,175.919,0,10.995,1100,1521,0.820,1.520,1.100,1,0,0,0,0,18,308,0,8,0
16-06 11:34:24,1.499,0.750,97.203,0,0,5245676,282884,182716,2293604,4068.043,1391.331,0,0,0,0,872,1182,0.820,1.520,1.100,1,0,0,0,0,18,308,0,8,0
16-06 11:34:25,17.001,7.000,74.504,0,0,5296260,232292,182716,2293612,4392.214,1512.074,512.025,116.006,4.000,13.001,2378,1803,0.820,1.520,1.100,3,0,8.000,0,0,18,308,0,8,0
16-06 11:34:26,14.737,5.745,77.930,0.500,0,5318508,209904,182716,2293752,4422.016,1564.591,511.539,4008.389,3.996,267.759,2225,1781,0.760,1.490,1.090,1,0,3.996,0,0,18,308,0,8,0
16-06 11:34:27,3.501,0.250,94.785,0,0,5307992,220416,182716,2293756,4350.607,972.359,0,100.037,0,9.003,1396,1872,0.760,1.490,1.090,1,0,1.000,0,0,18,308,0,8,0
16-06 11:34:28,2.761,2.008,94.369,0.251,0,5300268,228112,182716,2293784,3834.996,1084.240,0,289.131,0,19.075,1399,1879,0.760,1.490,1.090,2,0,3.012,0,0,18,308,0,8,0
16-06 11:34:29,3.485,0.996,94.602,0,0,5292028,236348,182716,2293788,4029.059,1021.704,0,0,0,0,1305,1657,0.760,1.490,1.090,1,0,0.996,0,0,18,308,0,10,0
16-06 11:34:30,3.006,0.501,94.939,0.250,0,5283336,245028,182716,2293800,4569.096,1623.231,0,216.431,0,24.048,1466,2134,0.760,1.490,1.090,2,0,1.002,0,0,18,308,0,10,0
16-06 11:34:31,1.250,0.750,96.501,0,0,5277692,250664,182716,2293808,4606.043,1566.014,0,240.002,0,17.000,1116,1672,0.700,1.470,1.080,2,0,0,0,0,18,308,0,10,0
16-06 11:34:32,1.497,0.249,96.289,0,0,5272568,255788,182716,2293808,4257.689,1416.901,0,199.564,0,23.948,1184,1765,0.700,1.470,1.080,2,0,0.998,0,0,18,308,0,10,0
16-06 11:34:33,5.491,1.997,92.605,0.499,0,5266920,261424,182728,2293808,132021.242,1958.932,3.994,127.800,0.998,9.984,1306,1475,0.700,1.470,1.080,1,0,3.994,0,0,18,308,0,10,0
16-06 11:34:34,10.778,4.261,82.712,0,0,5263652,264540,182752,2293936,422619.499,9149.457,120.308,8.021,5.013,2.005,2444,1931,0.700,1.470,1.080,1,0,35.090,0,0,18,308,0,10,0
16-06 11:34:35,14.730,6.741,77.144,0,0.250,5261024,263784,182756,2297316,144979.871,3509.156,79.890,463.360,1.997,21.970,2526,2040,0.700,1.470,1.080,2,0,27.961,0,0,18,308,0,10,0
