Jul 22 14:52:43 jammy-provider-cloud-0000007384 systemd[1]: Starting Devstack devstack@g-api.service...
Jul 22 14:52:43 jammy-provider-cloud-0000007384 devstack@g-api.service[103517]: [uWSGI] getting INI configuration from /etc/glance/glance-uwsgi.ini
Jul 22 14:52:43 jammy-provider-cloud-0000007384 devstack@g-api.service[103517]: *** Starting uWSGI 2.0.20-debian (64bit) on [Mon Jul 22 14:52:43 2024] ***
Jul 22 14:52:43 jammy-provider-cloud-0000007384 devstack@g-api.service[103517]: compiled with version: 11.2.0 on 21 March 2022 11:00:44
Jul 22 14:52:43 jammy-provider-cloud-0000007384 devstack@g-api.service[103517]: os: Linux-5.15.0-107-generic #117-Ubuntu SMP Fri Apr 26 12:26:49 UTC 2024
Jul 22 14:52:43 jammy-provider-cloud-0000007384 devstack@g-api.service[103517]: nodename: jammy-provider-cloud-0000007384
Jul 22 14:52:43 jammy-provider-cloud-0000007384 devstack@g-api.service[103517]: machine: x86_64
Jul 22 14:52:43 jammy-provider-cloud-0000007384 devstack@g-api.service[103517]: clock source: unix
Jul 22 14:52:43 jammy-provider-cloud-0000007384 devstack@g-api.service[103517]: pcre jit disabled
Jul 22 14:52:43 jammy-provider-cloud-0000007384 devstack@g-api.service[103517]: detected number of CPU cores: 4
Jul 22 14:52:43 jammy-provider-cloud-0000007384 devstack@g-api.service[103517]: current working directory: /
Jul 22 14:52:43 jammy-provider-cloud-0000007384 devstack@g-api.service[103517]: detected binary path: /usr/bin/uwsgi-core
Jul 22 14:52:43 jammy-provider-cloud-0000007384 devstack@g-api.service[103517]: your processes number limit is 31298
Jul 22 14:52:43 jammy-provider-cloud-0000007384 devstack@g-api.service[103517]: your memory page size is 4096 bytes
Jul 22 14:52:43 jammy-provider-cloud-0000007384 devstack@g-api.service[103517]: detected max file descriptor number: 2048
Jul 22 14:52:43 jammy-provider-cloud-0000007384 devstack@g-api.service[103517]: lock engine: pthread robust mutexes
Jul 22 14:52:43 jammy-provider-cloud-0000007384 devstack@g-api.service[103517]: thunder lock: enabled
Jul 22 14:52:43 jammy-provider-cloud-0000007384 devstack@g-api.service[103517]: uwsgi socket 0 bound to TCP address 127.0.0.1:60999 fd 4
Jul 22 14:52:43 jammy-provider-cloud-0000007384 devstack@g-api.service[103517]: Python version: 3.10.12 (main, Mar 22 2024, 16:50:05) [GCC 11.4.0]
Jul 22 14:52:43 jammy-provider-cloud-0000007384 devstack@g-api.service[103517]: PEP 405 virtualenv detected: /opt/stack/data/venv
Jul 22 14:52:43 jammy-provider-cloud-0000007384 devstack@g-api.service[103517]: Set PythonHome to /opt/stack/data/venv
Jul 22 14:52:43 jammy-provider-cloud-0000007384 devstack@g-api.service[103517]: Python main interpreter initialized at 0x55a8c44f9e00
Jul 22 14:52:43 jammy-provider-cloud-0000007384 devstack@g-api.service[103517]: python threads support enabled
Jul 22 14:52:43 jammy-provider-cloud-0000007384 devstack@g-api.service[103517]: your server socket listen backlog is limited to 100 connections
Jul 22 14:52:43 jammy-provider-cloud-0000007384 devstack@g-api.service[103517]: your mercy for graceful operations on workers is 80 seconds
Jul 22 14:52:43 jammy-provider-cloud-0000007384 devstack@g-api.service[103517]: mapped 403077 bytes (393 KB) for 2 cores
Jul 22 14:52:43 jammy-provider-cloud-0000007384 devstack@g-api.service[103517]: *** Operational MODE: preforking ***
Jul 22 14:52:43 jammy-provider-cloud-0000007384 devstack@g-api.service[103517]: *** uWSGI is running in multiple interpreter mode ***
Jul 22 14:52:43 jammy-provider-cloud-0000007384 devstack@g-api.service[103517]: spawned uWSGI master process (pid: 103517)
Jul 22 14:52:43 jammy-provider-cloud-0000007384 systemd[1]: Started Devstack devstack@g-api.service.
Jul 22 14:52:43 jammy-provider-cloud-0000007384 devstack@g-api.service[103517]: spawned uWSGI worker 1 (pid: 103518, cores: 1)
Jul 22 14:52:43 jammy-provider-cloud-0000007384 devstack@g-api.service[103517]: spawned uWSGI worker 2 (pid: 103519, cores: 1)
Jul 22 14:52:43 jammy-provider-cloud-0000007384 devstack@g-api.service[103517]: running "unix_signal:15 gracefully_kill_them_all" (master-start)...
Jul 22 14:52:44 jammy-provider-cloud-0000007384 devstack@g-api.service[103519]: INFO glance.async_ [-] Threadpool model set to 'NativeThreadPoolModel'
Jul 22 14:52:44 jammy-provider-cloud-0000007384 devstack@g-api.service[103518]: INFO glance.async_ [-] Threadpool model set to 'NativeThreadPoolModel'
Jul 22 14:52:44 jammy-provider-cloud-0000007384 devstack@g-api.service[103519]: DEBUG oslo_concurrency.processutils [-] Running cmd (subprocess): grep -F node.session.scan /sbin/iscsiadm {{(pid=103519) execute /opt/stack/data/venv/lib/python3.10/site-packages/oslo_concurrency/processutils.py:390}}
Jul 22 14:52:44 jammy-provider-cloud-0000007384 devstack@g-api.service[103519]: DEBUG oslo_concurrency.processutils [-] CMD "grep -F node.session.scan /sbin/iscsiadm" returned: 0 in 0.009s {{(pid=103519) execute /opt/stack/data/venv/lib/python3.10/site-packages/oslo_concurrency/processutils.py:428}}
Jul 22 14:52:44 jammy-provider-cloud-0000007384 devstack@g-api.service[103518]: DEBUG oslo_concurrency.processutils [-] Running cmd (subprocess): grep -F node.session.scan /sbin/iscsiadm {{(pid=103518) execute /opt/stack/data/venv/lib/python3.10/site-packages/oslo_concurrency/processutils.py:390}}
Jul 22 14:52:44 jammy-provider-cloud-0000007384 devstack@g-api.service[103518]: DEBUG oslo_concurrency.processutils [-] CMD "grep -F node.session.scan /sbin/iscsiadm" returned: 0 in 0.007s {{(pid=103518) execute /opt/stack/data/venv/lib/python3.10/site-packages/oslo_concurrency/processutils.py:428}}
Jul 22 14:52:44 jammy-provider-cloud-0000007384 devstack@g-api.service[103519]: DEBUG glance_store.common.attachment_state_manager [-] Initialising _AttachmentStateManager {{(pid=103519) __init__ /opt/stack/data/venv/lib/python3.10/site-packages/glance_store/common/attachment_state_manager.py:86}}
Jul 22 14:52:44 jammy-provider-cloud-0000007384 devstack@g-api.service[103518]: DEBUG glance_store.common.attachment_state_manager [-] Initialising _AttachmentStateManager {{(pid=103518) __init__ /opt/stack/data/venv/lib/python3.10/site-packages/glance_store/common/attachment_state_manager.py:86}}
Jul 22 14:52:44 jammy-provider-cloud-0000007384 devstack@g-api.service[103519]: DEBUG glance_store.backend [-] Attempting to import store cinder {{(pid=103519) _load_store /opt/stack/data/venv/lib/python3.10/site-packages/glance_store/backend.py:216}}
Jul 22 14:52:44 jammy-provider-cloud-0000007384 devstack@g-api.service[103519]: DEBUG glance_store.backend [-] Attempting to import store file {{(pid=103519) _load_store /opt/stack/data/venv/lib/python3.10/site-packages/glance_store/backend.py:216}}
Jul 22 14:52:44 jammy-provider-cloud-0000007384 devstack@g-api.service[103519]: DEBUG glance_store.backend [-] Attempting to import store glance.store.cinder.Store {{(pid=103519) _load_store /opt/stack/data/venv/lib/python3.10/site-packages/glance_store/backend.py:216}}
Jul 22 14:52:44 jammy-provider-cloud-0000007384 devstack@g-api.service[103519]: DEBUG glance_store.backend [-] Attempting to import store glance.store.filesystem.Store {{(pid=103519) _load_store /opt/stack/data/venv/lib/python3.10/site-packages/glance_store/backend.py:216}}
Jul 22 14:52:44 jammy-provider-cloud-0000007384 devstack@g-api.service[103519]: DEBUG glance_store.backend [-] Attempting to import store glance.store.http.Store {{(pid=103519) _load_store /opt/stack/data/venv/lib/python3.10/site-packages/glance_store/backend.py:216}}
Jul 22 14:52:44 jammy-provider-cloud-0000007384 devstack@g-api.service[103519]: DEBUG glance_store.backend [-] Attempting to import store glance.store.rbd.Store {{(pid=103519) _load_store /opt/stack/data/venv/lib/python3.10/site-packages/glance_store/backend.py:216}}
Jul 22 14:52:44 jammy-provider-cloud-0000007384 devstack@g-api.service[103519]: DEBUG glance_store.backend [-] Attempting to import store glance.store.s3.Store {{(pid=103519) _load_store /opt/stack/data/venv/lib/python3.10/site-packages/glance_store/backend.py:216}}
Jul 22 14:52:44 jammy-provider-cloud-0000007384 devstack@g-api.service[103519]: DEBUG glance_store.backend [-] Attempting to import store glance.store.swift.Store {{(pid=103519) _load_store /opt/stack/data/venv/lib/python3.10/site-packages/glance_store/backend.py:216}}
Jul 22 14:52:44 jammy-provider-cloud-0000007384 devstack@g-api.service[103519]: DEBUG glance_store.backend [-] Attempting to import store glance.store.vmware_datastore.Store {{(pid=103519) _load_store /opt/stack/data/venv/lib/python3.10/site-packages/glance_store/backend.py:216}}
Jul 22 14:52:44 jammy-provider-cloud-0000007384 devstack@g-api.service[103519]: DEBUG glance_store.backend [-] Attempting to import store http {{(pid=103519) _load_store /opt/stack/data/venv/lib/python3.10/site-packages/glance_store/backend.py:216}}
Jul 22 14:52:44 jammy-provider-cloud-0000007384 devstack@g-api.service[103519]: DEBUG glance_store.backend [-] Attempting to import store no_conf {{(pid=103519) _load_store /opt/stack/data/venv/lib/python3.10/site-packages/glance_store/backend.py:216}}
Jul 22 14:52:44 jammy-provider-cloud-0000007384 devstack@g-api.service[103519]: DEBUG glance_store.backend [-] Attempting to import store rbd {{(pid=103519) _load_store /opt/stack/data/venv/lib/python3.10/site-packages/glance_store/backend.py:216}}
Jul 22 14:52:44 jammy-provider-cloud-0000007384 devstack@g-api.service[103519]: DEBUG glance_store.backend [-] Attempting to import store s3 {{(pid=103519) _load_store /opt/stack/data/venv/lib/python3.10/site-packages/glance_store/backend.py:216}}
Jul 22 14:52:44 jammy-provider-cloud-0000007384 devstack@g-api.service[103519]: DEBUG glance_store.backend [-] Attempting to import store swift {{(pid=103519) _load_store /opt/stack/data/venv/lib/python3.10/site-packages/glance_store/backend.py:216}}
Jul 22 14:52:44 jammy-provider-cloud-0000007384 devstack@g-api.service[103519]: DEBUG glance_store.backend [-] Attempting to import store vmware {{(pid=103519) _load_store /opt/stack/data/venv/lib/python3.10/site-packages/glance_store/backend.py:216}}
Jul 22 14:52:44 jammy-provider-cloud-0000007384 devstack@g-api.service[103519]: DEBUG glance_store.backend [-] Registering options for group glance_store {{(pid=103519) register_opts /opt/stack/data/venv/lib/python3.10/site-packages/glance_store/backend.py:145}}
Jul 22 14:52:44 jammy-provider-cloud-0000007384 devstack@g-api.service[103519]: DEBUG glance_store.backend [-] Registering options for group glance_store {{(pid=103519) register_opts /opt/stack/data/venv/lib/python3.10/site-packages/glance_store/backend.py:145}}
Jul 22 14:52:44 jammy-provider-cloud-0000007384 devstack@g-api.service[103519]: DEBUG glance_store.backend [-] Attempting to import store file {{(pid=103519) _load_store /opt/stack/data/venv/lib/python3.10/site-packages/glance_store/backend.py:216}}
Jul 22 14:52:44 jammy-provider-cloud-0000007384 devstack@g-api.service[103519]: DEBUG glance_store.capabilities [-] Store glance_store._drivers.filesystem.Store doesn't support updating dynamic storage capabilities. Please overwrite 'update_capabilities' method of the store to implement updating logics if needed. {{(pid=103519) update_capabilities /opt/stack/data/venv/lib/python3.10/site-packages/glance_store/capabilities.py:91}}
Jul 22 14:52:44 jammy-provider-cloud-0000007384 devstack@g-api.service[103519]: DEBUG glance_store.backend [-] Registering store file with schemes ('file', 'filesystem') {{(pid=103519) create_stores /opt/stack/data/venv/lib/python3.10/site-packages/glance_store/backend.py:262}}
Jul 22 14:52:44 jammy-provider-cloud-0000007384 devstack@g-api.service[103519]: DEBUG glance_store.driver [-] Late loading location class glance_store._drivers.filesystem.StoreLocation {{(pid=103519) get_store_location_class /opt/stack/data/venv/lib/python3.10/site-packages/glance_store/driver.py:133}}
Jul 22 14:52:44 jammy-provider-cloud-0000007384 devstack@g-api.service[103519]: DEBUG glance_store.location [-] Registering scheme file with {'store': <glance_store._drivers.filesystem.Store object at 0x7fecaa025510>, 'location_class': <class 'glance_store._drivers.filesystem.StoreLocation'>, 'store_entry': 'file'} {{(pid=103519) register_scheme_map /opt/stack/data/venv/lib/python3.10/site-packages/glance_store/location.py:146}}
Jul 22 14:52:44 jammy-provider-cloud-0000007384 devstack@g-api.service[103519]: DEBUG glance_store.location [-] Registering scheme filesystem with {'store': <glance_store._drivers.filesystem.Store object at 0x7fecaa025510>, 'location_class': <class 'glance_store._drivers.filesystem.StoreLocation'>, 'store_entry': 'file'} {{(pid=103519) register_scheme_map /opt/stack/data/venv/lib/python3.10/site-packages/glance_store/location.py:146}}
Jul 22 14:52:44 jammy-provider-cloud-0000007384 devstack@g-api.service[103519]: DEBUG glance_store.backend [-] Attempting to import store http {{(pid=103519) _load_store /opt/stack/data/venv/lib/python3.10/site-packages/glance_store/backend.py:216}}
Jul 22 14:52:44 jammy-provider-cloud-0000007384 devstack@g-api.service[103519]: DEBUG glance_store.capabilities [-] Store glance_store._drivers.http.Store doesn't support updating dynamic storage capabilities. Please overwrite 'update_capabilities' method of the store to implement updating logics if needed. {{(pid=103519) update_capabilities /opt/stack/data/venv/lib/python3.10/site-packages/glance_store/capabilities.py:91}}
Jul 22 14:52:44 jammy-provider-cloud-0000007384 devstack@g-api.service[103519]: DEBUG glance_store.backend [-] Registering store http with schemes ('http', 'https') {{(pid=103519) create_stores /opt/stack/data/venv/lib/python3.10/site-packages/glance_store/backend.py:262}}
Jul 22 14:52:44 jammy-provider-cloud-0000007384 devstack@g-api.service[103519]: DEBUG glance_store.driver [-] Late loading location class glance_store._drivers.http.StoreLocation {{(pid=103519) get_store_location_class /opt/stack/data/venv/lib/python3.10/site-packages/glance_store/driver.py:133}}
Jul 22 14:52:44 jammy-provider-cloud-0000007384 devstack@g-api.service[103519]: DEBUG glance_store.location [-] Registering scheme http with {'store': <glance_store._drivers.http.Store object at 0x7fecaa590fa0>, 'location_class': <class 'glance_store._drivers.http.StoreLocation'>, 'store_entry': 'http'} {{(pid=103519) register_scheme_map /opt/stack/data/venv/lib/python3.10/site-packages/glance_store/location.py:146}}
Jul 22 14:52:44 jammy-provider-cloud-0000007384 devstack@g-api.service[103519]: DEBUG glance_store.location [-] Registering scheme https with {'store': <glance_store._drivers.http.Store object at 0x7fecaa590fa0>, 'location_class': <class 'glance_store._drivers.http.StoreLocation'>, 'store_entry': 'http'} {{(pid=103519) register_scheme_map /opt/stack/data/venv/lib/python3.10/site-packages/glance_store/location.py:146}}
Jul 22 14:52:44 jammy-provider-cloud-0000007384 devstack@g-api.service[103519]: DEBUG glance.sqlite_migration [-] SQLite caching database not located, skipping migration {{(pid=103519) get_db_path /opt/stack/glance/glance/sqlite_migration.py:68}}
Jul 22 14:52:44 jammy-provider-cloud-0000007384 devstack@g-api.service[103519]: WARNING glance.common.wsgi_app [-] Import methods are enabled but staging directory /tmp/staging/ does not exist; Imports will fail!
Jul 22 14:52:44 jammy-provider-cloud-0000007384 devstack@g-api.service[103518]: DEBUG glance_store.backend [-] Attempting to import store cinder {{(pid=103518) _load_store /opt/stack/data/venv/lib/python3.10/site-packages/glance_store/backend.py:216}}
Jul 22 14:52:44 jammy-provider-cloud-0000007384 devstack@g-api.service[103518]: DEBUG glance_store.backend [-] Attempting to import store file {{(pid=103518) _load_store /opt/stack/data/venv/lib/python3.10/site-packages/glance_store/backend.py:216}}
Jul 22 14:52:44 jammy-provider-cloud-0000007384 devstack@g-api.service[103518]: DEBUG glance_store.backend [-] Attempting to import store glance.store.cinder.Store {{(pid=103518) _load_store /opt/stack/data/venv/lib/python3.10/site-packages/glance_store/backend.py:216}}
Jul 22 14:52:44 jammy-provider-cloud-0000007384 devstack@g-api.service[103518]: DEBUG glance_store.backend [-] Attempting to import store glance.store.filesystem.Store {{(pid=103518) _load_store /opt/stack/data/venv/lib/python3.10/site-packages/glance_store/backend.py:216}}
Jul 22 14:52:44 jammy-provider-cloud-0000007384 devstack@g-api.service[103518]: DEBUG glance_store.backend [-] Attempting to import store glance.store.http.Store {{(pid=103518) _load_store /opt/stack/data/venv/lib/python3.10/site-packages/glance_store/backend.py:216}}
Jul 22 14:52:44 jammy-provider-cloud-0000007384 devstack@g-api.service[103518]: DEBUG glance_store.backend [-] Attempting to import store glance.store.rbd.Store {{(pid=103518) _load_store /opt/stack/data/venv/lib/python3.10/site-packages/glance_store/backend.py:216}}
Jul 22 14:52:44 jammy-provider-cloud-0000007384 devstack@g-api.service[103518]: DEBUG glance_store.backend [-] Attempting to import store glance.store.s3.Store {{(pid=103518) _load_store /opt/stack/data/venv/lib/python3.10/site-packages/glance_store/backend.py:216}}
Jul 22 14:52:44 jammy-provider-cloud-0000007384 devstack@g-api.service[103518]: DEBUG glance_store.backend [-] Attempting to import store glance.store.swift.Store {{(pid=103518) _load_store /opt/stack/data/venv/lib/python3.10/site-packages/glance_store/backend.py:216}}
Jul 22 14:52:44 jammy-provider-cloud-0000007384 devstack@g-api.service[103518]: DEBUG glance_store.backend [-] Attempting to import store glance.store.vmware_datastore.Store {{(pid=103518) _load_store /opt/stack/data/venv/lib/python3.10/site-packages/glance_store/backend.py:216}}
Jul 22 14:52:44 jammy-provider-cloud-0000007384 devstack@g-api.service[103518]: DEBUG glance_store.backend [-] Attempting to import store http {{(pid=103518) _load_store /opt/stack/data/venv/lib/python3.10/site-packages/glance_store/backend.py:216}}
Jul 22 14:52:44 jammy-provider-cloud-0000007384 devstack@g-api.service[103518]: DEBUG glance_store.backend [-] Attempting to import store no_conf {{(pid=103518) _load_store /opt/stack/data/venv/lib/python3.10/site-packages/glance_store/backend.py:216}}
Jul 22 14:52:44 jammy-provider-cloud-0000007384 devstack@g-api.service[103518]: DEBUG glance_store.backend [-] Attempting to import store rbd {{(pid=103518) _load_store /opt/stack/data/venv/lib/python3.10/site-packages/glance_store/backend.py:216}}
Jul 22 14:52:44 jammy-provider-cloud-0000007384 devstack@g-api.service[103518]: DEBUG glance_store.backend [-] Attempting to import store s3 {{(pid=103518) _load_store /opt/stack/data/venv/lib/python3.10/site-packages/glance_store/backend.py:216}}
Jul 22 14:52:44 jammy-provider-cloud-0000007384 devstack@g-api.service[103518]: DEBUG glance_store.backend [-] Attempting to import store swift {{(pid=103518) _load_store /opt/stack/data/venv/lib/python3.10/site-packages/glance_store/backend.py:216}}
Jul 22 14:52:44 jammy-provider-cloud-0000007384 devstack@g-api.service[103518]: DEBUG glance_store.backend [-] Attempting to import store vmware {{(pid=103518) _load_store /opt/stack/data/venv/lib/python3.10/site-packages/glance_store/backend.py:216}}
Jul 22 14:52:44 jammy-provider-cloud-0000007384 devstack@g-api.service[103518]: DEBUG glance_store.backend [-] Registering options for group glance_store {{(pid=103518) register_opts /opt/stack/data/venv/lib/python3.10/site-packages/glance_store/backend.py:145}}
Jul 22 14:52:44 jammy-provider-cloud-0000007384 devstack@g-api.service[103518]: DEBUG glance_store.backend [-] Registering options for group glance_store {{(pid=103518) register_opts /opt/stack/data/venv/lib/python3.10/site-packages/glance_store/backend.py:145}}
Jul 22 14:52:44 jammy-provider-cloud-0000007384 devstack@g-api.service[103518]: DEBUG glance_store.backend [-] Attempting to import store file {{(pid=103518) _load_store /opt/stack/data/venv/lib/python3.10/site-packages/glance_store/backend.py:216}}
Jul 22 14:52:44 jammy-provider-cloud-0000007384 devstack@g-api.service[103518]: DEBUG glance_store.capabilities [-] Store glance_store._drivers.filesystem.Store doesn't support updating dynamic storage capabilities. Please overwrite 'update_capabilities' method of the store to implement updating logics if needed. {{(pid=103518) update_capabilities /opt/stack/data/venv/lib/python3.10/site-packages/glance_store/capabilities.py:91}}
Jul 22 14:52:44 jammy-provider-cloud-0000007384 devstack@g-api.service[103518]: DEBUG glance_store.backend [-] Registering store file with schemes ('file', 'filesystem') {{(pid=103518) create_stores /opt/stack/data/venv/lib/python3.10/site-packages/glance_store/backend.py:262}}
Jul 22 14:52:44 jammy-provider-cloud-0000007384 devstack@g-api.service[103518]: DEBUG glance_store.driver [-] Late loading location class glance_store._drivers.filesystem.StoreLocation {{(pid=103518) get_store_location_class /opt/stack/data/venv/lib/python3.10/site-packages/glance_store/driver.py:133}}
Jul 22 14:52:44 jammy-provider-cloud-0000007384 devstack@g-api.service[103518]: DEBUG glance_store.location [-] Registering scheme file with {'store': <glance_store._drivers.filesystem.Store object at 0x7fecaa025510>, 'location_class': <class 'glance_store._drivers.filesystem.StoreLocation'>, 'store_entry': 'file'} {{(pid=103518) register_scheme_map /opt/stack/data/venv/lib/python3.10/site-packages/glance_store/location.py:146}}
Jul 22 14:52:44 jammy-provider-cloud-0000007384 devstack@g-api.service[103518]: DEBUG glance_store.location [-] Registering scheme filesystem with {'store': <glance_store._drivers.filesystem.Store object at 0x7fecaa025510>, 'location_class': <class 'glance_store._drivers.filesystem.StoreLocation'>, 'store_entry': 'file'} {{(pid=103518) register_scheme_map /opt/stack/data/venv/lib/python3.10/site-packages/glance_store/location.py:146}}
Jul 22 14:52:44 jammy-provider-cloud-0000007384 devstack@g-api.service[103518]: DEBUG glance_store.backend [-] Attempting to import store http {{(pid=103518) _load_store /opt/stack/data/venv/lib/python3.10/site-packages/glance_store/backend.py:216}}
Jul 22 14:52:44 jammy-provider-cloud-0000007384 devstack@g-api.service[103518]: DEBUG glance_store.capabilities [-] Store glance_store._drivers.http.Store doesn't support updating dynamic storage capabilities. Please overwrite 'update_capabilities' method of the store to implement updating logics if needed. {{(pid=103518) update_capabilities /opt/stack/data/venv/lib/python3.10/site-packages/glance_store/capabilities.py:91}}
Jul 22 14:52:44 jammy-provider-cloud-0000007384 devstack@g-api.service[103518]: DEBUG glance_store.backend [-] Registering store http with schemes ('http', 'https') {{(pid=103518) create_stores /opt/stack/data/venv/lib/python3.10/site-packages/glance_store/backend.py:262}}
Jul 22 14:52:44 jammy-provider-cloud-0000007384 devstack@g-api.service[103518]: DEBUG glance_store.driver [-] Late loading location class glance_store._drivers.http.StoreLocation {{(pid=103518) get_store_location_class /opt/stack/data/venv/lib/python3.10/site-packages/glance_store/driver.py:133}}
Jul 22 14:52:44 jammy-provider-cloud-0000007384 devstack@g-api.service[103518]: DEBUG glance_store.location [-] Registering scheme http with {'store': <glance_store._drivers.http.Store object at 0x7fecaa590fa0>, 'location_class': <class 'glance_store._drivers.http.StoreLocation'>, 'store_entry': 'http'} {{(pid=103518) register_scheme_map /opt/stack/data/venv/lib/python3.10/site-packages/glance_store/location.py:146}}
Jul 22 14:52:44 jammy-provider-cloud-0000007384 devstack@g-api.service[103518]: DEBUG glance_store.location [-] Registering scheme https with {'store': <glance_store._drivers.http.Store object at 0x7fecaa590fa0>, 'location_class': <class 'glance_store._drivers.http.StoreLocation'>, 'store_entry': 'http'} {{(pid=103518) register_scheme_map /opt/stack/data/venv/lib/python3.10/site-packages/glance_store/location.py:146}}
Jul 22 14:52:44 jammy-provider-cloud-0000007384 devstack@g-api.service[103518]: DEBUG glance.sqlite_migration [-] SQLite caching database not located, skipping migration {{(pid=103518) get_db_path /opt/stack/glance/glance/sqlite_migration.py:68}}
Jul 22 14:52:44 jammy-provider-cloud-0000007384 devstack@g-api.service[103518]: WARNING glance.common.wsgi_app [-] Import methods are enabled but staging directory /tmp/staging/ does not exist; Imports will fail!
Jul 22 14:52:45 jammy-provider-cloud-0000007384 devstack@g-api.service[103519]: DEBUG glance.common.config [None req-954b47ef-7572-4ab1-bf48-b00f9f3151eb None None] Loading glance-api-keystone+cachemanagement from /etc/glance/glance-api-paste.ini {{(pid=103519) load_paste_app /opt/stack/glance/glance/common/config.py:700}}
Jul 22 14:52:45 jammy-provider-cloud-0000007384 devstack@g-api.service[103518]: DEBUG glance.common.config [None req-48349089-2da0-4c68-af91-54f3a1409d6d None None] Loading glance-api-keystone+cachemanagement from /etc/glance/glance-api-paste.ini {{(pid=103518) load_paste_app /opt/stack/glance/glance/common/config.py:700}}
Jul 22 14:52:45 jammy-provider-cloud-0000007384 devstack@g-api.service[103519]: INFO glance.image_cache [None req-954b47ef-7572-4ab1-bf48-b00f9f3151eb None None] Image cache loaded driver 'centralized_db'.
Jul 22 14:52:45 jammy-provider-cloud-0000007384 devstack@g-api.service[103518]: INFO glance.image_cache [None req-48349089-2da0-4c68-af91-54f3a1409d6d None None] Image cache loaded driver 'centralized_db'.
Jul 22 14:52:45 jammy-provider-cloud-0000007384 devstack@g-api.service[103519]: INFO dbcounter [None req-954b47ef-7572-4ab1-bf48-b00f9f3151eb None None] Registered counter for database glance
Jul 22 14:52:45 jammy-provider-cloud-0000007384 devstack@g-api.service[103518]: INFO dbcounter [None req-48349089-2da0-4c68-af91-54f3a1409d6d None None] Registered counter for database glance
Jul 22 14:52:45 jammy-provider-cloud-0000007384 devstack@g-api.service[103519]: DEBUG oslo_db.sqlalchemy.engines [None req-954b47ef-7572-4ab1-bf48-b00f9f3151eb None None] MySQL server mode set to STRICT_TRANS_TABLES,STRICT_ALL_TABLES,NO_ZERO_IN_DATE,NO_ZERO_DATE,ERROR_FOR_DIVISION_BY_ZERO,TRADITIONAL,NO_ENGINE_SUBSTITUTION {{(pid=103519) _check_effective_sql_mode /opt/stack/data/venv/lib/python3.10/site-packages/oslo_db/sqlalchemy/engines.py:342}}
Jul 22 14:52:45 jammy-provider-cloud-0000007384 devstack@g-api.service[103518]: DEBUG oslo_db.sqlalchemy.engines [None req-48349089-2da0-4c68-af91-54f3a1409d6d None None] MySQL server mode set to STRICT_TRANS_TABLES,STRICT_ALL_TABLES,NO_ZERO_IN_DATE,NO_ZERO_DATE,ERROR_FOR_DIVISION_BY_ZERO,TRADITIONAL,NO_ENGINE_SUBSTITUTION {{(pid=103518) _check_effective_sql_mode /opt/stack/data/venv/lib/python3.10/site-packages/oslo_db/sqlalchemy/engines.py:342}}
Jul 22 14:52:45 jammy-provider-cloud-0000007384 devstack@g-api.service[103519]: DEBUG dbcounter [-] [103519] Writer thread running {{(pid=103519) stat_writer /opt/stack/data/venv/lib/python3.10/site-packages/dbcounter.py:102}}
Jul 22 14:52:45 jammy-provider-cloud-0000007384 devstack@g-api.service[103519]: INFO glance.image_cache [None req-954b47ef-7572-4ab1-bf48-b00f9f3151eb None None] Image cache loaded driver 'centralized_db'.
Jul 22 14:52:45 jammy-provider-cloud-0000007384 devstack@g-api.service[103518]: DEBUG dbcounter [-] [103518] Writer thread running {{(pid=103518) stat_writer /opt/stack/data/venv/lib/python3.10/site-packages/dbcounter.py:102}}
Jul 22 14:52:45 jammy-provider-cloud-0000007384 devstack@g-api.service[103518]: DEBUG glance.image_cache.drivers.centralized_db [None req-48349089-2da0-4c68-af91-54f3a1409d6d None None] Node reference is already recorded, ignoring it {{(pid=103518) configure /opt/stack/glance/glance/image_cache/drivers/centralized_db.py:71}}
Jul 22 14:52:45 jammy-provider-cloud-0000007384 devstack@g-api.service[103519]: DEBUG glance.image_cache.drivers.centralized_db [None req-954b47ef-7572-4ab1-bf48-b00f9f3151eb None None] Node reference is already recorded, ignoring it {{(pid=103519) configure /opt/stack/glance/glance/image_cache/drivers/centralized_db.py:71}}
Jul 22 14:52:45 jammy-provider-cloud-0000007384 devstack@g-api.service[103518]: INFO glance.image_cache [None req-48349089-2da0-4c68-af91-54f3a1409d6d None None] Image cache loaded driver 'centralized_db'.
Jul 22 14:52:45 jammy-provider-cloud-0000007384 devstack@g-api.service[103519]: DEBUG glance.api.v2.cached_images [None req-954b47ef-7572-4ab1-bf48-b00f9f3151eb None None] Started cache worker thread {{(pid=103519) __init__ /opt/stack/glance/glance/api/v2/cached_images.py:69}}
Jul 22 14:52:45 jammy-provider-cloud-0000007384 devstack@g-api.service[103519]: INFO glance.image_cache [None req-954b47ef-7572-4ab1-bf48-b00f9f3151eb None None] Image cache loaded driver 'centralized_db'.
Jul 22 14:52:45 jammy-provider-cloud-0000007384 devstack@g-api.service[103518]: DEBUG glance.image_cache.drivers.centralized_db [None req-48349089-2da0-4c68-af91-54f3a1409d6d None None] Node reference is already recorded, ignoring it {{(pid=103518) configure /opt/stack/glance/glance/image_cache/drivers/centralized_db.py:71}}
Jul 22 14:52:45 jammy-provider-cloud-0000007384 devstack@g-api.service[103519]: DEBUG glance.image_cache.drivers.centralized_db [None req-954b47ef-7572-4ab1-bf48-b00f9f3151eb None None] Node reference is already recorded, ignoring it {{(pid=103519) configure /opt/stack/glance/glance/image_cache/drivers/centralized_db.py:71}}
Jul 22 14:52:45 jammy-provider-cloud-0000007384 devstack@g-api.service[103518]: DEBUG glance.api.v2.cached_images [None req-48349089-2da0-4c68-af91-54f3a1409d6d None None] Started cache worker thread {{(pid=103518) __init__ /opt/stack/glance/glance/api/v2/cached_images.py:69}}
Jul 22 14:52:45 jammy-provider-cloud-0000007384 devstack@g-api.service[103519]: INFO glance.api.middleware.cache_manage [None req-954b47ef-7572-4ab1-bf48-b00f9f3151eb None None] Initialized image cache management middleware
Jul 22 14:52:45 jammy-provider-cloud-0000007384 devstack@g-api.service[103519]: INFO glance.image_cache [None req-954b47ef-7572-4ab1-bf48-b00f9f3151eb None None] Image cache loaded driver 'centralized_db'.
Jul 22 14:52:45 jammy-provider-cloud-0000007384 devstack@g-api.service[103518]: INFO glance.image_cache [None req-48349089-2da0-4c68-af91-54f3a1409d6d None None] Image cache loaded driver 'centralized_db'.
Jul 22 14:52:45 jammy-provider-cloud-0000007384 devstack@g-api.service[103519]: DEBUG glance.image_cache.drivers.centralized_db [None req-954b47ef-7572-4ab1-bf48-b00f9f3151eb None None] Node reference is already recorded, ignoring it {{(pid=103519) configure /opt/stack/glance/glance/image_cache/drivers/centralized_db.py:71}}
Jul 22 14:52:45 jammy-provider-cloud-0000007384 devstack@g-api.service[103518]: DEBUG glance.image_cache.drivers.centralized_db [None req-48349089-2da0-4c68-af91-54f3a1409d6d None None] Node reference is already recorded, ignoring it {{(pid=103518) configure /opt/stack/glance/glance/image_cache/drivers/centralized_db.py:71}}
Jul 22 14:52:45 jammy-provider-cloud-0000007384 devstack@g-api.service[103519]: INFO glance.api.middleware.cache [None req-954b47ef-7572-4ab1-bf48-b00f9f3151eb None None] Initialized image cache middleware
Jul 22 14:52:45 jammy-provider-cloud-0000007384 devstack@g-api.service[103518]: INFO glance.api.middleware.cache_manage [None req-48349089-2da0-4c68-af91-54f3a1409d6d None None] Initialized image cache management middleware
Jul 22 14:52:45 jammy-provider-cloud-0000007384 devstack@g-api.service[103518]: INFO glance.image_cache [None req-48349089-2da0-4c68-af91-54f3a1409d6d None None] Image cache loaded driver 'centralized_db'.
Jul 22 14:52:45 jammy-provider-cloud-0000007384 devstack@g-api.service[103519]: WARNING keystonemiddleware.auth_token [None req-954b47ef-7572-4ab1-bf48-b00f9f3151eb None None] AuthToken middleware is set with keystone_authtoken.service_token_roles_required set to False. This is backwards compatible but deprecated behaviour. Please set this to True.
Jul 22 14:52:45 jammy-provider-cloud-0000007384 devstack@g-api.service[103519]: WARNING keystonemiddleware.auth_token [None req-954b47ef-7572-4ab1-bf48-b00f9f3151eb None None] Configuring www_authenticate_uri to point to the public identity endpoint is required; clients may not be able to authenticate against an admin endpoint
Jul 22 14:52:45 jammy-provider-cloud-0000007384 devstack@g-api.service[103518]: DEBUG glance.image_cache.drivers.centralized_db [None req-48349089-2da0-4c68-af91-54f3a1409d6d None None] Node reference is already recorded, ignoring it {{(pid=103518) configure /opt/stack/glance/glance/image_cache/drivers/centralized_db.py:71}}
Jul 22 14:52:45 jammy-provider-cloud-0000007384 devstack@g-api.service[103519]: DEBUG glance.common.config [None req-954b47ef-7572-4ab1-bf48-b00f9f3151eb None None] ******************************************************************************** {{(pid=103519) log_opt_values /opt/stack/data/venv/lib/python3.10/site-packages/oslo_config/cfg.py:2600}}
Jul 22 14:52:45 jammy-provider-cloud-0000007384 devstack@g-api.service[103519]: DEBUG glance.common.config [None req-954b47ef-7572-4ab1-bf48-b00f9f3151eb None None] Configuration options gathered from: {{(pid=103519) log_opt_values /opt/stack/data/venv/lib/python3.10/site-packages/oslo_config/cfg.py:2601}}
Jul 22 14:52:45 jammy-provider-cloud-0000007384 devstack@g-api.service[103519]: DEBUG glance.common.config [None req-954b47ef-7572-4ab1-bf48-b00f9f3151eb None None] command line args: [] {{(pid=103519) log_opt_values /opt/stack/data/venv/lib/python3.10/site-packages/oslo_config/cfg.py:2602}}
Jul 22 14:52:45 jammy-provider-cloud-0000007384 devstack@g-api.service[103519]: DEBUG glance.common.config [None req-954b47ef-7572-4ab1-bf48-b00f9f3151eb None None] config files: ['/etc/glance/glance-image-import.conf', '/etc/glance/glance-api.conf'] {{(pid=103519) log_opt_values /opt/stack/data/venv/lib/python3.10/site-packages/oslo_config/cfg.py:2603}}
Jul 22 14:52:45 jammy-provider-cloud-0000007384 devstack@g-api.service[103519]: DEBUG glance.common.config [None req-954b47ef-7572-4ab1-bf48-b00f9f3151eb None None] ================================================================================ {{(pid=103519) log_opt_values /opt/stack/data/venv/lib/python3.10/site-packages/oslo_config/cfg.py:2605}}
Jul 22 14:52:45 jammy-provider-cloud-0000007384 devstack@g-api.service[103519]: DEBUG glance.common.config [None req-954b47ef-7572-4ab1-bf48-b00f9f3151eb None None] allow_anonymous_access         = False {{(pid=103519) log_opt_values /opt/stack/data/venv/lib/python3.10/site-packages/oslo_config/cfg.py:2613}}
Jul 22 14:52:45 jammy-provider-cloud-0000007384 devstack@g-api.service[103519]: DEBUG glance.common.config [None req-954b47ef-7572-4ab1-bf48-b00f9f3151eb None None] api_limit_max                  = 1000 {{(pid=103519) log_opt_values /opt/stack/data/venv/lib/python3.10/site-packages/oslo_config/cfg.py:2613}}
Jul 22 14:52:45 jammy-provider-cloud-0000007384 devstack@g-api.service[103519]: DEBUG glance.common.config [None req-954b47ef-7572-4ab1-bf48-b00f9f3151eb None None] backlog                        = 4096 {{(pid=103519) log_opt_values /opt/stack/data/venv/lib/python3.10/site-packages/oslo_config/cfg.py:2613}}
Jul 22 14:52:45 jammy-provider-cloud-0000007384 devstack@g-api.service[103519]: DEBUG glance.common.config [None req-954b47ef-7572-4ab1-bf48-b00f9f3151eb None None] bind_host                      = 0.0.0.0 {{(pid=103519) log_opt_values /opt/stack/data/venv/lib/python3.10/site-packages/oslo_config/cfg.py:2613}}
Jul 22 14:52:45 jammy-provider-cloud-0000007384 devstack@g-api.service[103519]: DEBUG glance.common.config [None req-954b47ef-7572-4ab1-bf48-b00f9f3151eb None None] bind_port                      = None {{(pid=103519) log_opt_values /opt/stack/data/venv/lib/python3.10/site-packages/oslo_config/cfg.py:2613}}
Jul 22 14:52:45 jammy-provider-cloud-0000007384 devstack@g-api.service[103519]: DEBUG glance.common.config [None req-954b47ef-7572-4ab1-bf48-b00f9f3151eb None None] client_socket_timeout          = 900 {{(pid=103519) log_opt_values /opt/stack/data/venv/lib/python3.10/site-packages/oslo_config/cfg.py:2613}}
Jul 22 14:52:45 jammy-provider-cloud-0000007384 devstack@g-api.service[103519]: DEBUG glance.common.config [None req-954b47ef-7572-4ab1-bf48-b00f9f3151eb None None] config_dir                     = [] {{(pid=103519) log_opt_values /opt/stack/data/venv/lib/python3.10/site-packages/oslo_config/cfg.py:2613}}
Jul 22 14:52:45 jammy-provider-cloud-0000007384 devstack@g-api.service[103519]: DEBUG glance.common.config [None req-954b47ef-7572-4ab1-bf48-b00f9f3151eb None None] config_file                    = ['/etc/glance/glance-image-import.conf', '/etc/glance/glance-api.conf'] {{(pid=103519) log_opt_values /opt/stack/data/venv/lib/python3.10/site-packages/oslo_config/cfg.py:2613}}
Jul 22 14:52:45 jammy-provider-cloud-0000007384 devstack@g-api.service[103519]: DEBUG glance.common.config [None req-954b47ef-7572-4ab1-bf48-b00f9f3151eb None None] config_source                  = [] {{(pid=103519) log_opt_values /opt/stack/data/venv/lib/python3.10/site-packages/oslo_config/cfg.py:2613}}
Jul 22 14:52:45 jammy-provider-cloud-0000007384 devstack@g-api.service[103519]: DEBUG glance.common.config [None req-954b47ef-7572-4ab1-bf48-b00f9f3151eb None None] control_exchange               = glance {{(pid=103519) log_opt_values /opt/stack/data/venv/lib/python3.10/site-packages/oslo_config/cfg.py:2613}}
Jul 22 14:52:45 jammy-provider-cloud-0000007384 devstack@g-api.service[103519]: DEBUG glance.common.config [None req-954b47ef-7572-4ab1-bf48-b00f9f3151eb None None] debug                          = True {{(pid=103519) log_opt_values /opt/stack/data/venv/lib/python3.10/site-packages/oslo_config/cfg.py:2613}}
Jul 22 14:52:45 jammy-provider-cloud-0000007384 devstack@g-api.service[103519]: DEBUG glance.common.config [None req-954b47ef-7572-4ab1-bf48-b00f9f3151eb None None] default_log_levels             = ['amqp=WARN', 'amqplib=WARN', 'boto=WARN', 'qpid=WARN', 'sqlalchemy=WARN', 'suds=INFO', 'oslo.messaging=INFO', 'oslo_messaging=INFO', 'iso8601=WARN', 'requests.packages.urllib3.connectionpool=WARN', 'urllib3.connectionpool=WARN', 'websocket=WARN', 'requests.packages.urllib3.util.retry=WARN', 'urllib3.util.retry=WARN', 'keystonemiddleware=WARN', 'routes.middleware=WARN', 'stevedore=WARN', 'taskflow=WARN', 'keystoneauth=WARN', 'oslo.cache=INFO', 'oslo_policy=INFO', 'dogpile.core.dogpile=INFO'] {{(pid=103519) log_opt_values /opt/stack/data/venv/lib/python3.10/site-packages/oslo_config/cfg.py:2613}}
Jul 22 14:52:45 jammy-provider-cloud-0000007384 devstack@g-api.service[103519]: DEBUG glance.common.config [None req-954b47ef-7572-4ab1-bf48-b00f9f3151eb None None] default_publisher_id           = image.localhost {{(pid=103519) log_opt_values /opt/stack/data/venv/lib/python3.10/site-packages/oslo_config/cfg.py:2613}}
Jul 22 14:52:45 jammy-provider-cloud-0000007384 devstack@g-api.service[103519]: DEBUG glance.common.config [None req-954b47ef-7572-4ab1-bf48-b00f9f3151eb None None] delayed_delete                 = False {{(pid=103519) log_opt_values /opt/stack/data/venv/lib/python3.10/site-packages/oslo_config/cfg.py:2613}}
Jul 22 14:52:45 jammy-provider-cloud-0000007384 devstack@g-api.service[103519]: DEBUG glance.common.config [None req-954b47ef-7572-4ab1-bf48-b00f9f3151eb None None] digest_algorithm               = sha256 {{(pid=103519) log_opt_values /opt/stack/data/venv/lib/python3.10/site-packages/oslo_config/cfg.py:2613}}
Jul 22 14:52:45 jammy-provider-cloud-0000007384 devstack@g-api.service[103519]: DEBUG glance.common.config [None req-954b47ef-7572-4ab1-bf48-b00f9f3151eb None None] disabled_notifications         = [] {{(pid=103519) log_opt_values /opt/stack/data/venv/lib/python3.10/site-packages/oslo_config/cfg.py:2613}}
Jul 22 14:52:45 jammy-provider-cloud-0000007384 devstack@g-api.service[103519]: DEBUG glance.common.config [None req-954b47ef-7572-4ab1-bf48-b00f9f3151eb None None] enabled_backends               = None {{(pid=103519) log_opt_values /opt/stack/data/venv/lib/python3.10/site-packages/oslo_config/cfg.py:2613}}
Jul 22 14:52:45 jammy-provider-cloud-0000007384 devstack@g-api.service[103519]: DEBUG glance.common.config [None req-954b47ef-7572-4ab1-bf48-b00f9f3151eb None None] enabled_import_methods         = ['glance-direct', 'web-download', 'copy-image'] {{(pid=103519) log_opt_values /opt/stack/data/venv/lib/python3.10/site-packages/oslo_config/cfg.py:2613}}
Jul 22 14:52:45 jammy-provider-cloud-0000007384 devstack@g-api.service[103519]: DEBUG glance.common.config [None req-954b47ef-7572-4ab1-bf48-b00f9f3151eb None None] hashing_algorithm              = sha512 {{(pid=103519) log_opt_values /opt/stack/data/venv/lib/python3.10/site-packages/oslo_config/cfg.py:2613}}
Jul 22 14:52:45 jammy-provider-cloud-0000007384 devstack@g-api.service[103519]: DEBUG glance.common.config [None req-954b47ef-7572-4ab1-bf48-b00f9f3151eb None None] http_keepalive                 = True {{(pid=103519) log_opt_values /opt/stack/data/venv/lib/python3.10/site-packages/oslo_config/cfg.py:2613}}
Jul 22 14:52:45 jammy-provider-cloud-0000007384 devstack@g-api.service[103519]: DEBUG glance.common.config [None req-954b47ef-7572-4ab1-bf48-b00f9f3151eb None None] image_cache_dir                = /opt/stack/data/glance/cache/ {{(pid=103519) log_opt_values /opt/stack/data/venv/lib/python3.10/site-packages/oslo_config/cfg.py:2613}}
Jul 22 14:52:45 jammy-provider-cloud-0000007384 devstack@g-api.service[103519]: DEBUG glance.common.config [None req-954b47ef-7572-4ab1-bf48-b00f9f3151eb None None] image_cache_driver             = centralized_db {{(pid=103519) log_opt_values /opt/stack/data/venv/lib/python3.10/site-packages/oslo_config/cfg.py:2613}}
Jul 22 14:52:45 jammy-provider-cloud-0000007384 devstack@g-api.service[103519]: DEBUG glance.common.config [None req-954b47ef-7572-4ab1-bf48-b00f9f3151eb None None] image_cache_max_size           = 10737418240 {{(pid=103519) log_opt_values /opt/stack/data/venv/lib/python3.10/site-packages/oslo_config/cfg.py:2613}}
Jul 22 14:52:45 jammy-provider-cloud-0000007384 devstack@g-api.service[103519]: DEBUG glance.common.config [None req-954b47ef-7572-4ab1-bf48-b00f9f3151eb None None] image_cache_sqlite_db          = cache.db {{(pid=103519) log_opt_values /opt/stack/data/venv/lib/python3.10/site-packages/oslo_config/cfg.py:2613}}
Jul 22 14:52:45 jammy-provider-cloud-0000007384 devstack@g-api.service[103519]: DEBUG glance.common.config [None req-954b47ef-7572-4ab1-bf48-b00f9f3151eb None None] image_cache_stall_time         = 86400 {{(pid=103519) log_opt_values /opt/stack/data/venv/lib/python3.10/site-packages/oslo_config/cfg.py:2613}}
Jul 22 14:52:45 jammy-provider-cloud-0000007384 devstack@g-api.service[103519]: DEBUG glance.common.config [None req-954b47ef-7572-4ab1-bf48-b00f9f3151eb None None] image_location_quota           = 10 {{(pid=103519) log_opt_values /opt/stack/data/venv/lib/python3.10/site-packages/oslo_config/cfg.py:2613}}
Jul 22 14:52:45 jammy-provider-cloud-0000007384 devstack@g-api.service[103519]: DEBUG glance.common.config [None req-954b47ef-7572-4ab1-bf48-b00f9f3151eb None None] image_member_quota             = 128 {{(pid=103519) log_opt_values /opt/stack/data/venv/lib/python3.10/site-packages/oslo_config/cfg.py:2613}}
Jul 22 14:52:45 jammy-provider-cloud-0000007384 devstack@g-api.service[103519]: DEBUG glance.common.config [None req-954b47ef-7572-4ab1-bf48-b00f9f3151eb None None] image_property_quota           = 128 {{(pid=103519) log_opt_values /opt/stack/data/venv/lib/python3.10/site-packages/oslo_config/cfg.py:2613}}
Jul 22 14:52:45 jammy-provider-cloud-0000007384 devstack@g-api.service[103519]: DEBUG glance.common.config [None req-954b47ef-7572-4ab1-bf48-b00f9f3151eb None None] image_size_cap                 = 1099511627776 {{(pid=103519) log_opt_values /opt/stack/data/venv/lib/python3.10/site-packages/oslo_config/cfg.py:2613}}
Jul 22 14:52:45 jammy-provider-cloud-0000007384 devstack@g-api.service[103519]: DEBUG glance.common.config [None req-954b47ef-7572-4ab1-bf48-b00f9f3151eb None None] image_tag_quota                = 128 {{(pid=103519) log_opt_values /opt/stack/data/venv/lib/python3.10/site-packages/oslo_config/cfg.py:2613}}
Jul 22 14:52:45 jammy-provider-cloud-0000007384 devstack@g-api.service[103519]: DEBUG glance.common.config [None req-954b47ef-7572-4ab1-bf48-b00f9f3151eb None None] instance_format                = [instance: %(uuid)s]  {{(pid=103519) log_opt_values /opt/stack/data/venv/lib/python3.10/site-packages/oslo_config/cfg.py:2613}}
Jul 22 14:52:45 jammy-provider-cloud-0000007384 devstack@g-api.service[103519]: DEBUG glance.common.config [None req-954b47ef-7572-4ab1-bf48-b00f9f3151eb None None] instance_uuid_format           = [instance: %(uuid)s]  {{(pid=103519) log_opt_values /opt/stack/data/venv/lib/python3.10/site-packages/oslo_config/cfg.py:2613}}
Jul 22 14:52:45 jammy-provider-cloud-0000007384 devstack@g-api.service[103519]: DEBUG glance.common.config [None req-954b47ef-7572-4ab1-bf48-b00f9f3151eb None None] limit_param_default            = 25 {{(pid=103519) log_opt_values /opt/stack/data/venv/lib/python3.10/site-packages/oslo_config/cfg.py:2613}}
Jul 22 14:52:45 jammy-provider-cloud-0000007384 devstack@g-api.service[103518]: INFO glance.api.middleware.cache [None req-48349089-2da0-4c68-af91-54f3a1409d6d None None] Initialized image cache middleware
Jul 22 14:52:45 jammy-provider-cloud-0000007384 devstack@g-api.service[103519]: DEBUG glance.common.config [None req-954b47ef-7572-4ab1-bf48-b00f9f3151eb None None] location_strategy              = location_order {{(pid=103519) log_opt_values /opt/stack/data/venv/lib/python3.10/site-packages/oslo_config/cfg.py:2613}}
Jul 22 14:52:45 jammy-provider-cloud-0000007384 devstack@g-api.service[103519]: DEBUG glance.common.config [None req-954b47ef-7572-4ab1-bf48-b00f9f3151eb None None] log_color                      = False {{(pid=103519) log_opt_values /opt/stack/data/venv/lib/python3.10/site-packages/oslo_config/cfg.py:2613}}
Jul 22 14:52:45 jammy-provider-cloud-0000007384 devstack@g-api.service[103519]: DEBUG glance.common.config [None req-954b47ef-7572-4ab1-bf48-b00f9f3151eb None None] log_config_append              = None {{(pid=103519) log_opt_values /opt/stack/data/venv/lib/python3.10/site-packages/oslo_config/cfg.py:2613}}
Jul 22 14:52:45 jammy-provider-cloud-0000007384 devstack@g-api.service[103519]: DEBUG glance.common.config [None req-954b47ef-7572-4ab1-bf48-b00f9f3151eb None None] log_date_format                = %Y-%m-%d %H:%M:%S {{(pid=103519) log_opt_values /opt/stack/data/venv/lib/python3.10/site-packages/oslo_config/cfg.py:2613}}
Jul 22 14:52:45 jammy-provider-cloud-0000007384 devstack@g-api.service[103519]: DEBUG glance.common.config [None req-954b47ef-7572-4ab1-bf48-b00f9f3151eb None None] log_dir                        = None {{(pid=103519) log_opt_values /opt/stack/data/venv/lib/python3.10/site-packages/oslo_config/cfg.py:2613}}
Jul 22 14:52:45 jammy-provider-cloud-0000007384 devstack@g-api.service[103519]: DEBUG glance.common.config [None req-954b47ef-7572-4ab1-bf48-b00f9f3151eb None None] log_file                       = None {{(pid=103519) log_opt_values /opt/stack/data/venv/lib/python3.10/site-packages/oslo_config/cfg.py:2613}}
Jul 22 14:52:45 jammy-provider-cloud-0000007384 devstack@g-api.service[103519]: DEBUG glance.common.config [None req-954b47ef-7572-4ab1-bf48-b00f9f3151eb None None] log_rotate_interval            = 1 {{(pid=103519) log_opt_values /opt/stack/data/venv/lib/python3.10/site-packages/oslo_config/cfg.py:2613}}
Jul 22 14:52:45 jammy-provider-cloud-0000007384 devstack@g-api.service[103519]: DEBUG glance.common.config [None req-954b47ef-7572-4ab1-bf48-b00f9f3151eb None None] log_rotate_interval_type       = days {{(pid=103519) log_opt_values /opt/stack/data/venv/lib/python3.10/site-packages/oslo_config/cfg.py:2613}}
Jul 22 14:52:45 jammy-provider-cloud-0000007384 devstack@g-api.service[103519]: DEBUG glance.common.config [None req-954b47ef-7572-4ab1-bf48-b00f9f3151eb None None] log_rotation_type              = none {{(pid=103519) log_opt_values /opt/stack/data/venv/lib/python3.10/site-packages/oslo_config/cfg.py:2613}}
Jul 22 14:52:45 jammy-provider-cloud-0000007384 devstack@g-api.service[103519]: DEBUG glance.common.config [None req-954b47ef-7572-4ab1-bf48-b00f9f3151eb None None] logging_context_format_string  = %(color)s%(levelname)s %(name)s [%(global_request_id)s %(request_id)s %(project_name)s %(user_name)s%(color)s] %(instance)s%(color)s%(message)s {{(pid=103519) log_opt_values /opt/stack/data/venv/lib/python3.10/site-packages/oslo_config/cfg.py:2613}}
Jul 22 14:52:45 jammy-provider-cloud-0000007384 devstack@g-api.service[103519]: DEBUG glance.common.config [None req-954b47ef-7572-4ab1-bf48-b00f9f3151eb None None] logging_debug_format_suffix    = {{(pid=%(process)d) %(funcName)s %(pathname)s:%(lineno)d}} {{(pid=103519) log_opt_values /opt/stack/data/venv/lib/python3.10/site-packages/oslo_config/cfg.py:2613}}
Jul 22 14:52:45 jammy-provider-cloud-0000007384 devstack@g-api.service[103519]: DEBUG glance.common.config [None req-954b47ef-7572-4ab1-bf48-b00f9f3151eb None None] logging_default_format_string  = %(color)s%(levelname)s %(name)s [-%(color)s] %(instance)s%(color)s%(message)s {{(pid=103519) log_opt_values /opt/stack/data/venv/lib/python3.10/site-packages/oslo_config/cfg.py:2613}}
Jul 22 14:52:45 jammy-provider-cloud-0000007384 devstack@g-api.service[103519]: DEBUG glance.common.config [None req-954b47ef-7572-4ab1-bf48-b00f9f3151eb None None] logging_exception_prefix       = ERROR %(name)s %(instance)s {{(pid=103519) log_opt_values /opt/stack/data/venv/lib/python3.10/site-packages/oslo_config/cfg.py:2613}}
