Jul 08 12:58:54 jammy-provider-cloud-0000007304 devstack@g-api.service[103583]: DEBUG glance.common.config [None req-ccff531d-dad9-4ddf-b45e-1b9423d32e9d None None] oslo_messaging_rabbit.rabbit_quorum_max_memory_bytes = 0 {{(pid=103583) log_opt_values /opt/stack/data/venv/lib/python3.10/site-packages/oslo_config/cfg.py:2620}}
Jul 08 12:58:54 jammy-provider-cloud-0000007304 devstack@g-api.service[103583]: DEBUG glance.common.config [None req-ccff531d-dad9-4ddf-b45e-1b9423d32e9d None None] oslo_messaging_rabbit.rabbit_quorum_max_memory_length = 0 {{(pid=103583) log_opt_values /opt/stack/data/venv/lib/python3.10/site-packages/oslo_config/cfg.py:2620}}
Jul 08 12:58:54 jammy-provider-cloud-0000007304 devstack@g-api.service[103583]: DEBUG glance.common.config [None req-ccff531d-dad9-4ddf-b45e-1b9423d32e9d None None] oslo_messaging_rabbit.rabbit_quorum_queue = False {{(pid=103583) log_opt_values /opt/stack/data/venv/lib/python3.10/site-packages/oslo_config/cfg.py:2620}}
Jul 08 12:58:54 jammy-provider-cloud-0000007304 devstack@g-api.service[103583]: DEBUG glance.common.config [None req-ccff531d-dad9-4ddf-b45e-1b9423d32e9d None None] oslo_messaging_rabbit.rabbit_retry_backoff = 2 {{(pid=103583) log_opt_values /opt/stack/data/venv/lib/python3.10/site-packages/oslo_config/cfg.py:2620}}
Jul 08 12:58:54 jammy-provider-cloud-0000007304 devstack@g-api.service[103582]: DEBUG glance.api.middleware.version_negotiation [None req-17ee21a6-798d-4a33-bd0a-a98beebaaa65 None None] Determining version of request: GET / Accept: */* {{(pid=103582) process_request /opt/stack/glance/glance/api/middleware/version_negotiation.py:44}}
Jul 08 12:58:54 jammy-provider-cloud-0000007304 devstack@g-api.service[103583]: DEBUG glance.common.config [None req-ccff531d-dad9-4ddf-b45e-1b9423d32e9d None None] oslo_messaging_rabbit.rabbit_retry_interval = 1 {{(pid=103583) log_opt_values /opt/stack/data/venv/lib/python3.10/site-packages/oslo_config/cfg.py:2620}}
Jul 08 12:58:54 jammy-provider-cloud-0000007304 devstack@g-api.service[103583]: DEBUG glance.common.config [None req-ccff531d-dad9-4ddf-b45e-1b9423d32e9d None None] oslo_messaging_rabbit.rabbit_stream_fanout = False {{(pid=103583) log_opt_values /opt/stack/data/venv/lib/python3.10/site-packages/oslo_config/cfg.py:2620}}
Jul 08 12:58:54 jammy-provider-cloud-0000007304 devstack@g-api.service[103583]: DEBUG glance.common.config [None req-ccff531d-dad9-4ddf-b45e-1b9423d32e9d None None] oslo_messaging_rabbit.rabbit_transient_queues_ttl = 1800 {{(pid=103583) log_opt_values /opt/stack/data/venv/lib/python3.10/site-packages/oslo_config/cfg.py:2620}}
Jul 08 12:58:54 jammy-provider-cloud-0000007304 devstack@g-api.service[103583]: DEBUG glance.common.config [None req-ccff531d-dad9-4ddf-b45e-1b9423d32e9d None None] oslo_messaging_rabbit.rabbit_transient_quorum_queue = False {{(pid=103583) log_opt_values /opt/stack/data/venv/lib/python3.10/site-packages/oslo_config/cfg.py:2620}}
Jul 08 12:58:54 jammy-provider-cloud-0000007304 devstack@g-api.service[103583]: DEBUG glance.common.config [None req-ccff531d-dad9-4ddf-b45e-1b9423d32e9d None None] oslo_messaging_rabbit.rpc_conn_pool_size = 30 {{(pid=103583) log_opt_values /opt/stack/data/venv/lib/python3.10/site-packages/oslo_config/cfg.py:2620}}
Jul 08 12:58:54 jammy-provider-cloud-0000007304 devstack@g-api.service[103583]: DEBUG glance.common.config [None req-ccff531d-dad9-4ddf-b45e-1b9423d32e9d None None] oslo_messaging_rabbit.ssl      = False {{(pid=103583) log_opt_values /opt/stack/data/venv/lib/python3.10/site-packages/oslo_config/cfg.py:2620}}
Jul 08 12:58:54 jammy-provider-cloud-0000007304 devstack@g-api.service[103583]: DEBUG glance.common.config [None req-ccff531d-dad9-4ddf-b45e-1b9423d32e9d None None] oslo_messaging_rabbit.ssl_ca_file =  {{(pid=103583) log_opt_values /opt/stack/data/venv/lib/python3.10/site-packages/oslo_config/cfg.py:2620}}
Jul 08 12:58:54 jammy-provider-cloud-0000007304 devstack@g-api.service[103583]: DEBUG glance.common.config [None req-ccff531d-dad9-4ddf-b45e-1b9423d32e9d None None] oslo_messaging_rabbit.ssl_cert_file =  {{(pid=103583) log_opt_values /opt/stack/data/venv/lib/python3.10/site-packages/oslo_config/cfg.py:2620}}
Jul 08 12:58:54 jammy-provider-cloud-0000007304 devstack@g-api.service[103582]: DEBUG glance.api.middleware.version_negotiation [None req-17ee21a6-798d-4a33-bd0a-a98beebaaa65 None None] Using url versioning {{(pid=103582) process_request /opt/stack/glance/glance/api/middleware/version_negotiation.py:57}}
Jul 08 12:58:54 jammy-provider-cloud-0000007304 devstack@g-api.service[103583]: DEBUG glance.common.config [None req-ccff531d-dad9-4ddf-b45e-1b9423d32e9d None None] oslo_messaging_rabbit.ssl_enforce_fips_mode = False {{(pid=103583) log_opt_values /opt/stack/data/venv/lib/python3.10/site-packages/oslo_config/cfg.py:2620}}
Jul 08 12:58:54 jammy-provider-cloud-0000007304 devstack@g-api.service[103583]: DEBUG glance.common.config [None req-ccff531d-dad9-4ddf-b45e-1b9423d32e9d None None] oslo_messaging_rabbit.ssl_key_file =  {{(pid=103583) log_opt_values /opt/stack/data/venv/lib/python3.10/site-packages/oslo_config/cfg.py:2620}}
Jul 08 12:58:54 jammy-provider-cloud-0000007304 devstack@g-api.service[103583]: DEBUG glance.common.config [None req-ccff531d-dad9-4ddf-b45e-1b9423d32e9d None None] oslo_messaging_rabbit.ssl_version =  {{(pid=103583) log_opt_values /opt/stack/data/venv/lib/python3.10/site-packages/oslo_config/cfg.py:2620}}
Jul 08 12:58:54 jammy-provider-cloud-0000007304 devstack@g-api.service[103583]: DEBUG glance.common.config [None req-ccff531d-dad9-4ddf-b45e-1b9423d32e9d None None] oslo_messaging_rabbit.use_queue_manager = False {{(pid=103583) log_opt_values /opt/stack/data/venv/lib/python3.10/site-packages/oslo_config/cfg.py:2620}}
Jul 08 12:58:54 jammy-provider-cloud-0000007304 devstack@g-api.service[103583]: DEBUG glance.common.config [None req-ccff531d-dad9-4ddf-b45e-1b9423d32e9d None None] key_manager.backend            = barbican {{(pid=103583) log_opt_values /opt/stack/data/venv/lib/python3.10/site-packages/oslo_config/cfg.py:2620}}
Jul 08 12:58:54 jammy-provider-cloud-0000007304 devstack@g-api.service[103583]: DEBUG glance.common.config [None req-ccff531d-dad9-4ddf-b45e-1b9423d32e9d None None] key_manager.fixed_key          = None {{(pid=103583) log_opt_values /opt/stack/data/venv/lib/python3.10/site-packages/oslo_config/cfg.py:2620}}
Jul 08 12:58:54 jammy-provider-cloud-0000007304 devstack@g-api.service[103583]: DEBUG glance.common.config [None req-ccff531d-dad9-4ddf-b45e-1b9423d32e9d None None] barbican.auth_endpoint         = http://localhost/identity/v3 {{(pid=103583) log_opt_values /opt/stack/data/venv/lib/python3.10/site-packages/oslo_config/cfg.py:2620}}
Jul 08 12:58:54 jammy-provider-cloud-0000007304 devstack@g-api.service[103582]: DEBUG glance.api.middleware.version_negotiation [None req-17ee21a6-798d-4a33-bd0a-a98beebaaa65 None None] Unknown version. Returning version choices. {{(pid=103582) process_request /opt/stack/glance/glance/api/middleware/version_negotiation.py:64}}
Jul 08 12:58:54 jammy-provider-cloud-0000007304 devstack@g-api.service[103583]: DEBUG glance.common.config [None req-ccff531d-dad9-4ddf-b45e-1b9423d32e9d None None] barbican.barbican_api_version  = None {{(pid=103583) log_opt_values /opt/stack/data/venv/lib/python3.10/site-packages/oslo_config/cfg.py:2620}}
Jul 08 12:58:54 jammy-provider-cloud-0000007304 devstack@g-api.service[103583]: DEBUG glance.common.config [None req-ccff531d-dad9-4ddf-b45e-1b9423d32e9d None None] barbican.barbican_endpoint     = None {{(pid=103583) log_opt_values /opt/stack/data/venv/lib/python3.10/site-packages/oslo_config/cfg.py:2620}}
Jul 08 12:58:54 jammy-provider-cloud-0000007304 devstack@g-api.service[103583]: DEBUG glance.common.config [None req-ccff531d-dad9-4ddf-b45e-1b9423d32e9d None None] barbican.barbican_endpoint_type = public {{(pid=103583) log_opt_values /opt/stack/data/venv/lib/python3.10/site-packages/oslo_config/cfg.py:2620}}
Jul 08 12:58:54 jammy-provider-cloud-0000007304 devstack@g-api.service[103583]: DEBUG glance.common.config [None req-ccff531d-dad9-4ddf-b45e-1b9423d32e9d None None] barbican.barbican_region_name  = None {{(pid=103583) log_opt_values /opt/stack/data/venv/lib/python3.10/site-packages/oslo_config/cfg.py:2620}}
Jul 08 12:58:54 jammy-provider-cloud-0000007304 devstack@g-api.service[103583]: DEBUG glance.common.config [None req-ccff531d-dad9-4ddf-b45e-1b9423d32e9d None None] barbican.cafile                = None {{(pid=103583) log_opt_values /opt/stack/data/venv/lib/python3.10/site-packages/oslo_config/cfg.py:2620}}
Jul 08 12:58:54 jammy-provider-cloud-0000007304 devstack@g-api.service[103583]: DEBUG glance.common.config [None req-ccff531d-dad9-4ddf-b45e-1b9423d32e9d None None] barbican.certfile              = None {{(pid=103583) log_opt_values /opt/stack/data/venv/lib/python3.10/site-packages/oslo_config/cfg.py:2620}}
Jul 08 12:58:54 jammy-provider-cloud-0000007304 devstack@g-api.service[103583]: DEBUG glance.common.config [None req-ccff531d-dad9-4ddf-b45e-1b9423d32e9d None None] barbican.collect_timing        = False {{(pid=103583) log_opt_values /opt/stack/data/venv/lib/python3.10/site-packages/oslo_config/cfg.py:2620}}
Jul 08 12:58:54 jammy-provider-cloud-0000007304 devstack@g-api.service[103583]: DEBUG glance.common.config [None req-ccff531d-dad9-4ddf-b45e-1b9423d32e9d None None] barbican.insecure              = False {{(pid=103583) log_opt_values /opt/stack/data/venv/lib/python3.10/site-packages/oslo_config/cfg.py:2620}}
Jul 08 12:58:54 jammy-provider-cloud-0000007304 devstack@g-api.service[103583]: DEBUG glance.common.config [None req-ccff531d-dad9-4ddf-b45e-1b9423d32e9d None None] barbican.keyfile               = None {{(pid=103583) log_opt_values /opt/stack/data/venv/lib/python3.10/site-packages/oslo_config/cfg.py:2620}}
Jul 08 12:58:54 jammy-provider-cloud-0000007304 devstack@g-api.service[103583]: DEBUG glance.common.config [None req-ccff531d-dad9-4ddf-b45e-1b9423d32e9d None None] barbican.number_of_retries     = 60 {{(pid=103583) log_opt_values /opt/stack/data/venv/lib/python3.10/site-packages/oslo_config/cfg.py:2620}}
Jul 08 12:58:54 jammy-provider-cloud-0000007304 devstack@g-api.service[103583]: DEBUG glance.common.config [None req-ccff531d-dad9-4ddf-b45e-1b9423d32e9d None None] barbican.retry_delay           = 1 {{(pid=103583) log_opt_values /opt/stack/data/venv/lib/python3.10/site-packages/oslo_config/cfg.py:2620}}
Jul 08 12:58:54 jammy-provider-cloud-0000007304 devstack@g-api.service[103583]: DEBUG glance.common.config [None req-ccff531d-dad9-4ddf-b45e-1b9423d32e9d None None] barbican.send_service_user_token = False {{(pid=103583) log_opt_values /opt/stack/data/venv/lib/python3.10/site-packages/oslo_config/cfg.py:2620}}
Jul 08 12:58:54 jammy-provider-cloud-0000007304 devstack@g-api.service[103583]: DEBUG glance.common.config [None req-ccff531d-dad9-4ddf-b45e-1b9423d32e9d None None] barbican.split_loggers         = False {{(pid=103583) log_opt_values /opt/stack/data/venv/lib/python3.10/site-packages/oslo_config/cfg.py:2620}}
Jul 08 12:58:54 jammy-provider-cloud-0000007304 devstack@g-api.service[103583]: DEBUG glance.common.config [None req-ccff531d-dad9-4ddf-b45e-1b9423d32e9d None None] barbican.timeout               = None {{(pid=103583) log_opt_values /opt/stack/data/venv/lib/python3.10/site-packages/oslo_config/cfg.py:2620}}
Jul 08 12:58:54 jammy-provider-cloud-0000007304 devstack@g-api.service[103583]: DEBUG glance.common.config [None req-ccff531d-dad9-4ddf-b45e-1b9423d32e9d None None] barbican.verify_ssl            = True {{(pid=103583) log_opt_values /opt/stack/data/venv/lib/python3.10/site-packages/oslo_config/cfg.py:2620}}
Jul 08 12:58:54 jammy-provider-cloud-0000007304 devstack@g-api.service[103583]: DEBUG glance.common.config [None req-ccff531d-dad9-4ddf-b45e-1b9423d32e9d None None] barbican.verify_ssl_path       = None {{(pid=103583) log_opt_values /opt/stack/data/venv/lib/python3.10/site-packages/oslo_config/cfg.py:2620}}
Jul 08 12:58:54 jammy-provider-cloud-0000007304 devstack@g-api.service[103582]: [pid: 103582|app: 0|req: 1/1] 127.0.0.1 () {32 vars in 411 bytes} [Mon Jul  8 12:58:54 2024] GET / => generated 1299 bytes in 4 msecs (HTTP/1.1 300) 3 headers in 106 bytes (1 switches on core 0)
Jul 08 12:58:54 jammy-provider-cloud-0000007304 devstack@g-api.service[103583]: DEBUG glance.common.config [None req-ccff531d-dad9-4ddf-b45e-1b9423d32e9d None None] barbican_service_user.auth_section = None {{(pid=103583) log_opt_values /opt/stack/data/venv/lib/python3.10/site-packages/oslo_config/cfg.py:2620}}
Jul 08 12:58:54 jammy-provider-cloud-0000007304 devstack@g-api.service[103583]: DEBUG glance.common.config [None req-ccff531d-dad9-4ddf-b45e-1b9423d32e9d None None] barbican_service_user.auth_type = None {{(pid=103583) log_opt_values /opt/stack/data/venv/lib/python3.10/site-packages/oslo_config/cfg.py:2620}}
Jul 08 12:58:54 jammy-provider-cloud-0000007304 devstack@g-api.service[103583]: DEBUG glance.common.config [None req-ccff531d-dad9-4ddf-b45e-1b9423d32e9d None None] barbican_service_user.cafile   = None {{(pid=103583) log_opt_values /opt/stack/data/venv/lib/python3.10/site-packages/oslo_config/cfg.py:2620}}
Jul 08 12:58:54 jammy-provider-cloud-0000007304 devstack@g-api.service[103583]: DEBUG glance.common.config [None req-ccff531d-dad9-4ddf-b45e-1b9423d32e9d None None] barbican_service_user.certfile = None {{(pid=103583) log_opt_values /opt/stack/data/venv/lib/python3.10/site-packages/oslo_config/cfg.py:2620}}
Jul 08 12:58:54 jammy-provider-cloud-0000007304 devstack@g-api.service[103583]: DEBUG glance.common.config [None req-ccff531d-dad9-4ddf-b45e-1b9423d32e9d None None] barbican_service_user.collect_timing = False {{(pid=103583) log_opt_values /opt/stack/data/venv/lib/python3.10/site-packages/oslo_config/cfg.py:2620}}
Jul 08 12:58:54 jammy-provider-cloud-0000007304 devstack@g-api.service[103583]: DEBUG glance.common.config [None req-ccff531d-dad9-4ddf-b45e-1b9423d32e9d None None] barbican_service_user.insecure = False {{(pid=103583) log_opt_values /opt/stack/data/venv/lib/python3.10/site-packages/oslo_config/cfg.py:2620}}
Jul 08 12:58:54 jammy-provider-cloud-0000007304 devstack@g-api.service[103583]: DEBUG glance.common.config [None req-ccff531d-dad9-4ddf-b45e-1b9423d32e9d None None] barbican_service_user.keyfile  = None {{(pid=103583) log_opt_values /opt/stack/data/venv/lib/python3.10/site-packages/oslo_config/cfg.py:2620}}
Jul 08 12:58:54 jammy-provider-cloud-0000007304 devstack@g-api.service[103583]: DEBUG glance.common.config [None req-ccff531d-dad9-4ddf-b45e-1b9423d32e9d None None] barbican_service_user.split_loggers = False {{(pid=103583) log_opt_values /opt/stack/data/venv/lib/python3.10/site-packages/oslo_config/cfg.py:2620}}
Jul 08 12:58:54 jammy-provider-cloud-0000007304 devstack@g-api.service[103583]: DEBUG glance.common.config [None req-ccff531d-dad9-4ddf-b45e-1b9423d32e9d None None] barbican_service_user.timeout  = None {{(pid=103583) log_opt_values /opt/stack/data/venv/lib/python3.10/site-packages/oslo_config/cfg.py:2620}}
Jul 08 12:58:54 jammy-provider-cloud-0000007304 devstack@g-api.service[103583]: DEBUG glance.common.config [None req-ccff531d-dad9-4ddf-b45e-1b9423d32e9d None None] database.backend               = sqlalchemy {{(pid=103583) log_opt_values /opt/stack/data/venv/lib/python3.10/site-packages/oslo_config/cfg.py:2620}}
Jul 08 12:58:54 jammy-provider-cloud-0000007304 devstack@g-api.service[103583]: DEBUG glance.common.config [None req-ccff531d-dad9-4ddf-b45e-1b9423d32e9d None None] database.connection            = **** {{(pid=103583) log_opt_values /opt/stack/data/venv/lib/python3.10/site-packages/oslo_config/cfg.py:2620}}
Jul 08 12:58:54 jammy-provider-cloud-0000007304 devstack@g-api.service[103583]: DEBUG glance.common.config [None req-ccff531d-dad9-4ddf-b45e-1b9423d32e9d None None] database.connection_debug      = 0 {{(pid=103583) log_opt_values /opt/stack/data/venv/lib/python3.10/site-packages/oslo_config/cfg.py:2620}}
Jul 08 12:58:54 jammy-provider-cloud-0000007304 devstack@g-api.service[103583]: DEBUG glance.common.config [None req-ccff531d-dad9-4ddf-b45e-1b9423d32e9d None None] database.connection_parameters =  {{(pid=103583) log_opt_values /opt/stack/data/venv/lib/python3.10/site-packages/oslo_config/cfg.py:2620}}
Jul 08 12:58:54 jammy-provider-cloud-0000007304 devstack@g-api.service[103583]: DEBUG glance.common.config [None req-ccff531d-dad9-4ddf-b45e-1b9423d32e9d None None] database.connection_recycle_time = 3600 {{(pid=103583) log_opt_values /opt/stack/data/venv/lib/python3.10/site-packages/oslo_config/cfg.py:2620}}
Jul 08 12:58:54 jammy-provider-cloud-0000007304 devstack@g-api.service[103583]: DEBUG glance.common.config [None req-ccff531d-dad9-4ddf-b45e-1b9423d32e9d None None] database.connection_trace      = False {{(pid=103583) log_opt_values /opt/stack/data/venv/lib/python3.10/site-packages/oslo_config/cfg.py:2620}}
Jul 08 12:58:54 jammy-provider-cloud-0000007304 devstack@g-api.service[103583]: DEBUG glance.common.config [None req-ccff531d-dad9-4ddf-b45e-1b9423d32e9d None None] database.db_inc_retry_interval = True {{(pid=103583) log_opt_values /opt/stack/data/venv/lib/python3.10/site-packages/oslo_config/cfg.py:2620}}
Jul 08 12:58:54 jammy-provider-cloud-0000007304 devstack@g-api.service[103583]: DEBUG glance.common.config [None req-ccff531d-dad9-4ddf-b45e-1b9423d32e9d None None] database.db_max_retries        = 20 {{(pid=103583) log_opt_values /opt/stack/data/venv/lib/python3.10/site-packages/oslo_config/cfg.py:2620}}
Jul 08 12:58:54 jammy-provider-cloud-0000007304 devstack@g-api.service[103583]: DEBUG glance.common.config [None req-ccff531d-dad9-4ddf-b45e-1b9423d32e9d None None] database.db_max_retry_interval = 10 {{(pid=103583) log_opt_values /opt/stack/data/venv/lib/python3.10/site-packages/oslo_config/cfg.py:2620}}
Jul 08 12:58:54 jammy-provider-cloud-0000007304 devstack@g-api.service[103583]: DEBUG glance.common.config [None req-ccff531d-dad9-4ddf-b45e-1b9423d32e9d None None] database.db_retry_interval     = 1 {{(pid=103583) log_opt_values /opt/stack/data/venv/lib/python3.10/site-packages/oslo_config/cfg.py:2620}}
Jul 08 12:58:54 jammy-provider-cloud-0000007304 devstack@g-api.service[103583]: DEBUG glance.common.config [None req-ccff531d-dad9-4ddf-b45e-1b9423d32e9d None None] database.max_overflow          = 50 {{(pid=103583) log_opt_values /opt/stack/data/venv/lib/python3.10/site-packages/oslo_config/cfg.py:2620}}
Jul 08 12:58:54 jammy-provider-cloud-0000007304 devstack@g-api.service[103583]: DEBUG glance.common.config [None req-ccff531d-dad9-4ddf-b45e-1b9423d32e9d None None] database.max_pool_size         = 5 {{(pid=103583) log_opt_values /opt/stack/data/venv/lib/python3.10/site-packages/oslo_config/cfg.py:2620}}
Jul 08 12:58:54 jammy-provider-cloud-0000007304 devstack@g-api.service[103583]: DEBUG glance.common.config [None req-ccff531d-dad9-4ddf-b45e-1b9423d32e9d None None] database.max_retries           = 10 {{(pid=103583) log_opt_values /opt/stack/data/venv/lib/python3.10/site-packages/oslo_config/cfg.py:2620}}
Jul 08 12:58:54 jammy-provider-cloud-0000007304 devstack@g-api.service[103583]: DEBUG glance.common.config [None req-ccff531d-dad9-4ddf-b45e-1b9423d32e9d None None] database.mysql_sql_mode        = TRADITIONAL {{(pid=103583) log_opt_values /opt/stack/data/venv/lib/python3.10/site-packages/oslo_config/cfg.py:2620}}
Jul 08 12:58:54 jammy-provider-cloud-0000007304 devstack@g-api.service[103583]: DEBUG glance.common.config [None req-ccff531d-dad9-4ddf-b45e-1b9423d32e9d None None] database.mysql_wsrep_sync_wait = None {{(pid=103583) log_opt_values /opt/stack/data/venv/lib/python3.10/site-packages/oslo_config/cfg.py:2620}}
Jul 08 12:58:54 jammy-provider-cloud-0000007304 devstack@g-api.service[103583]: DEBUG glance.common.config [None req-ccff531d-dad9-4ddf-b45e-1b9423d32e9d None None] database.pool_timeout          = None {{(pid=103583) log_opt_values /opt/stack/data/venv/lib/python3.10/site-packages/oslo_config/cfg.py:2620}}
Jul 08 12:58:54 jammy-provider-cloud-0000007304 devstack@g-api.service[103583]: DEBUG glance.common.config [None req-ccff531d-dad9-4ddf-b45e-1b9423d32e9d None None] database.retry_interval        = 10 {{(pid=103583) log_opt_values /opt/stack/data/venv/lib/python3.10/site-packages/oslo_config/cfg.py:2620}}
Jul 08 12:58:54 jammy-provider-cloud-0000007304 devstack@g-api.service[103583]: DEBUG glance.common.config [None req-ccff531d-dad9-4ddf-b45e-1b9423d32e9d None None] database.slave_connection      = **** {{(pid=103583) log_opt_values /opt/stack/data/venv/lib/python3.10/site-packages/oslo_config/cfg.py:2620}}
Jul 08 12:58:54 jammy-provider-cloud-0000007304 devstack@g-api.service[103583]: DEBUG glance.common.config [None req-ccff531d-dad9-4ddf-b45e-1b9423d32e9d None None] database.sqlite_synchronous    = True {{(pid=103583) log_opt_values /opt/stack/data/venv/lib/python3.10/site-packages/oslo_config/cfg.py:2620}}
Jul 08 12:58:54 jammy-provider-cloud-0000007304 devstack@g-api.service[103583]: DEBUG glance.common.config [None req-ccff531d-dad9-4ddf-b45e-1b9423d32e9d None None] database.use_db_reconnect      = False {{(pid=103583) log_opt_values /opt/stack/data/venv/lib/python3.10/site-packages/oslo_config/cfg.py:2620}}
Jul 08 12:58:54 jammy-provider-cloud-0000007304 devstack@g-api.service[103583]: DEBUG glance.common.config [None req-ccff531d-dad9-4ddf-b45e-1b9423d32e9d None None] healthcheck.allowed_source_ranges = [] {{(pid=103583) log_opt_values /opt/stack/data/venv/lib/python3.10/site-packages/oslo_config/cfg.py:2620}}
Jul 08 12:58:54 jammy-provider-cloud-0000007304 devstack@g-api.service[103583]: DEBUG glance.common.config [None req-ccff531d-dad9-4ddf-b45e-1b9423d32e9d None None] healthcheck.backends           = ['disable_by_file'] {{(pid=103583) log_opt_values /opt/stack/data/venv/lib/python3.10/site-packages/oslo_config/cfg.py:2620}}
Jul 08 12:58:54 jammy-provider-cloud-0000007304 devstack@g-api.service[103583]: DEBUG glance.common.config [None req-ccff531d-dad9-4ddf-b45e-1b9423d32e9d None None] healthcheck.detailed           = False {{(pid=103583) log_opt_values /opt/stack/data/venv/lib/python3.10/site-packages/oslo_config/cfg.py:2620}}
Jul 08 12:58:54 jammy-provider-cloud-0000007304 devstack@g-api.service[103583]: DEBUG glance.common.config [None req-ccff531d-dad9-4ddf-b45e-1b9423d32e9d None None] healthcheck.disable_by_file_path = None {{(pid=103583) log_opt_values /opt/stack/data/venv/lib/python3.10/site-packages/oslo_config/cfg.py:2620}}
Jul 08 12:58:54 jammy-provider-cloud-0000007304 devstack@g-api.service[103583]: DEBUG glance.common.config [None req-ccff531d-dad9-4ddf-b45e-1b9423d32e9d None None] healthcheck.ignore_proxied_requests = False {{(pid=103583) log_opt_values /opt/stack/data/venv/lib/python3.10/site-packages/oslo_config/cfg.py:2620}}
Jul 08 12:58:54 jammy-provider-cloud-0000007304 devstack@g-api.service[103583]: DEBUG glance.common.config [None req-ccff531d-dad9-4ddf-b45e-1b9423d32e9d None None] healthcheck.path               = /healthcheck {{(pid=103583) log_opt_values /opt/stack/data/venv/lib/python3.10/site-packages/oslo_config/cfg.py:2620}}
Jul 08 12:58:54 jammy-provider-cloud-0000007304 devstack@g-api.service[103583]: DEBUG glance.common.config [None req-ccff531d-dad9-4ddf-b45e-1b9423d32e9d None None] ******************************************************************************** {{(pid=103583) log_opt_values /opt/stack/data/venv/lib/python3.10/site-packages/oslo_config/cfg.py:2624}}
Jul 08 12:58:54 jammy-provider-cloud-0000007304 devstack@g-api.service[103583]: WSGI app 0 (mountpoint='') ready in 2 seconds on interpreter 0x55d089ca5e00 pid: 103583 (default app)
Jul 08 12:58:59 jammy-provider-cloud-0000007304 devstack@g-api.service[103582]: DEBUG glance.api.middleware.version_negotiation [None req-17ee21a6-798d-4a33-bd0a-a98beebaaa65 None None] Determining version of request: GET / Accept: application/json {{(pid=103582) process_request /opt/stack/glance/glance/api/middleware/version_negotiation.py:44}}
Jul 08 12:58:59 jammy-provider-cloud-0000007304 devstack@g-api.service[103582]: DEBUG glance.api.middleware.version_negotiation [None req-17ee21a6-798d-4a33-bd0a-a98beebaaa65 None None] Using url versioning {{(pid=103582) process_request /opt/stack/glance/glance/api/middleware/version_negotiation.py:57}}
Jul 08 12:58:59 jammy-provider-cloud-0000007304 devstack@g-api.service[103582]: DEBUG glance.api.middleware.version_negotiation [None req-17ee21a6-798d-4a33-bd0a-a98beebaaa65 None None] Unknown version. Returning version choices. {{(pid=103582) process_request /opt/stack/glance/glance/api/middleware/version_negotiation.py:64}}
Jul 08 12:58:59 jammy-provider-cloud-0000007304 devstack@g-api.service[103582]: [pid: 103582|app: 0|req: 2/2] 127.0.0.1 () {34 vars in 527 bytes} [Mon Jul  8 12:58:59 2024] GET / => generated 1299 bytes in 6 msecs (HTTP/1.1 300) 3 headers in 106 bytes (1 switches on core 0)
Jul 08 12:58:59 jammy-provider-cloud-0000007304 devstack@g-api.service[103583]: DEBUG glance.api.middleware.version_negotiation [None req-ccff531d-dad9-4ddf-b45e-1b9423d32e9d None None] Determining version of request: POST /v2/images Accept: */* {{(pid=103583) process_request /opt/stack/glance/glance/api/middleware/version_negotiation.py:44}}
Jul 08 12:58:59 jammy-provider-cloud-0000007304 devstack@g-api.service[103583]: DEBUG glance.api.middleware.version_negotiation [None req-ccff531d-dad9-4ddf-b45e-1b9423d32e9d None None] Using url versioning {{(pid=103583) process_request /opt/stack/glance/glance/api/middleware/version_negotiation.py:57}}
Jul 08 12:58:59 jammy-provider-cloud-0000007304 devstack@g-api.service[103583]: DEBUG glance.api.middleware.version_negotiation [None req-ccff531d-dad9-4ddf-b45e-1b9423d32e9d None None] Matched version: v2 {{(pid=103583) process_request /opt/stack/glance/glance/api/middleware/version_negotiation.py:69}}
Jul 08 12:58:59 jammy-provider-cloud-0000007304 devstack@g-api.service[103583]: DEBUG glance.api.middleware.version_negotiation [None req-ccff531d-dad9-4ddf-b45e-1b9423d32e9d None None] new path /v2/images {{(pid=103583) process_request /opt/stack/glance/glance/api/middleware/version_negotiation.py:70}}
Jul 08 12:58:59 jammy-provider-cloud-0000007304 devstack@g-api.service[103583]: [pid: 103583|app: 0|req: 1/3] 127.0.0.1 () {40 vars in 790 bytes} [Mon Jul  8 12:58:59 2024] POST /v2/images => generated 807 bytes in 557 msecs (HTTP/1.1 201) 6 headers in 314 bytes (1 switches on core 0)
Jul 08 12:58:59 jammy-provider-cloud-0000007304 devstack@g-api.service[103582]: DEBUG glance.api.middleware.version_negotiation [None req-17ee21a6-798d-4a33-bd0a-a98beebaaa65 None None] Determining version of request: PUT /v2/images/d66e186c-3fd4-43dc-ade0-167ddf4abe88/file Accept:  {{(pid=103582) process_request /opt/stack/glance/glance/api/middleware/version_negotiation.py:44}}
Jul 08 12:58:59 jammy-provider-cloud-0000007304 devstack@g-api.service[103582]: DEBUG glance.api.middleware.version_negotiation [None req-17ee21a6-798d-4a33-bd0a-a98beebaaa65 None None] Using url versioning {{(pid=103582) process_request /opt/stack/glance/glance/api/middleware/version_negotiation.py:57}}
Jul 08 12:58:59 jammy-provider-cloud-0000007304 devstack@g-api.service[103582]: DEBUG glance.api.middleware.version_negotiation [None req-17ee21a6-798d-4a33-bd0a-a98beebaaa65 None None] Matched version: v2 {{(pid=103582) process_request /opt/stack/glance/glance/api/middleware/version_negotiation.py:69}}
Jul 08 12:58:59 jammy-provider-cloud-0000007304 devstack@g-api.service[103582]: DEBUG glance.api.middleware.version_negotiation [None req-17ee21a6-798d-4a33-bd0a-a98beebaaa65 None None] new path /v2/images/d66e186c-3fd4-43dc-ade0-167ddf4abe88/file {{(pid=103582) process_request /opt/stack/glance/glance/api/middleware/version_negotiation.py:70}}
Jul 08 12:58:59 jammy-provider-cloud-0000007304 devstack@g-api.service[103582]: INFO glance.api.v2.image_data [None req-44b5f63b-e896-46ec-aa4a-2006d7252b33 admin admin] Unable to create trust: no such option collect_timing in group [keystone_authtoken] Use the existing user token.
Jul 08 12:59:00 jammy-provider-cloud-0000007304 devstack@g-api.service[103582]: DEBUG glance.location [None req-44b5f63b-e896-46ec-aa4a-2006d7252b33 admin admin] Enabling in-flight format inspection for qcow2 {{(pid=103582) set_data /opt/stack/glance/glance/location.py:581}}
Jul 08 12:59:00 jammy-provider-cloud-0000007304 devstack@g-api.service[103582]: DEBUG glance_store._drivers.filesystem [None req-44b5f63b-e896-46ec-aa4a-2006d7252b33 admin admin] Wrote 16338944 bytes to /opt/stack/data/glance/images/d66e186c-3fd4-43dc-ade0-167ddf4abe88 with checksum 1d3062cd89af34e419f7100277f38b2b and multihash 553d220ed58cfee7dafe003c446a9f197ab5edf8ffc09396c74187cf83873c877e7ae041cb80f3b91489acf687183adcd689b53b38e3ddd22e627e7f98a09c46 {{(pid=103582) add /opt/stack/data/venv/lib/python3.10/site-packages/glance_store/_drivers/filesystem.py:773}}
Jul 08 12:59:00 jammy-provider-cloud-0000007304 devstack@g-api.service[103582]: INFO glance.location [None req-44b5f63b-e896-46ec-aa4a-2006d7252b33 admin admin] Image format matched and virtual size computed: 117440512
Jul 08 12:59:00 jammy-provider-cloud-0000007304 devstack@g-api.service[103582]: DEBUG glance_store.backend [None req-44b5f63b-e896-46ec-aa4a-2006d7252b33 admin admin] Skipping store.set_acls... not implemented. {{(pid=103582) set_acls /opt/stack/data/venv/lib/python3.10/site-packages/glance_store/backend.py:508}}
Jul 08 12:59:00 jammy-provider-cloud-0000007304 devstack@g-api.service[103582]: [pid: 103582|app: 0|req: 3/4] 127.0.0.1 () {40 vars in 883 bytes} [Mon Jul  8 12:58:59 2024] PUT /v2/images/d66e186c-3fd4-43dc-ade0-167ddf4abe88/file => generated 0 bytes in 778 msecs (HTTP/1.1 204) 4 headers in 171 bytes (1 switches on core 0)
Jul 08 12:59:09 jammy-provider-cloud-0000007304 devstack@g-api.service[103583]: DEBUG dbcounter [-] [103583] Writing DB stats glance:INSERT=9,glance:SELECT=5 {{(pid=103583) stat_writer /opt/stack/data/venv/lib/python3.10/site-packages/dbcounter.py:115}}
Jul 08 12:59:10 jammy-provider-cloud-0000007304 devstack@g-api.service[103582]: DEBUG dbcounter [-] [103582] Writing DB stats glance:INSERT=5,glance:SELECT=18,glance:UPDATE=2 {{(pid=103582) stat_writer /opt/stack/data/venv/lib/python3.10/site-packages/dbcounter.py:115}}
Jul 08 12:59:22 jammy-provider-cloud-0000007304 devstack@g-api.service[103583]: DEBUG glance.api.middleware.version_negotiation [None req-5bac7538-1595-44fe-97e7-1e7521962bce admin admin] Determining version of request: GET / Accept: application/json {{(pid=103583) process_request /opt/stack/glance/glance/api/middleware/version_negotiation.py:44}}
Jul 08 12:59:22 jammy-provider-cloud-0000007304 devstack@g-api.service[103583]: DEBUG glance.api.middleware.version_negotiation [None req-5bac7538-1595-44fe-97e7-1e7521962bce admin admin] Using url versioning {{(pid=103583) process_request /opt/stack/glance/glance/api/middleware/version_negotiation.py:57}}
Jul 08 12:59:22 jammy-provider-cloud-0000007304 devstack@g-api.service[103583]: DEBUG glance.api.middleware.version_negotiation [None req-5bac7538-1595-44fe-97e7-1e7521962bce admin admin] Unknown version. Returning version choices. {{(pid=103583) process_request /opt/stack/glance/glance/api/middleware/version_negotiation.py:64}}
Jul 08 12:59:22 jammy-provider-cloud-0000007304 devstack@g-api.service[103583]: [pid: 103583|app: 0|req: 2/5] 127.0.0.1 () {34 vars in 527 bytes} [Mon Jul  8 12:59:22 2024] GET / => generated 1299 bytes in 9 msecs (HTTP/1.1 300) 3 headers in 106 bytes (1 switches on core 0)
Jul 08 12:59:22 jammy-provider-cloud-0000007304 devstack@g-api.service[103582]: DEBUG glance.api.middleware.version_negotiation [None req-44b5f63b-e896-46ec-aa4a-2006d7252b33 admin admin] Determining version of request: GET /v2/images Accept: application/json {{(pid=103582) process_request /opt/stack/glance/glance/api/middleware/version_negotiation.py:44}}
Jul 08 12:59:22 jammy-provider-cloud-0000007304 devstack@g-api.service[103582]: DEBUG glance.api.middleware.version_negotiation [None req-44b5f63b-e896-46ec-aa4a-2006d7252b33 admin admin] Using url versioning {{(pid=103582) process_request /opt/stack/glance/glance/api/middleware/version_negotiation.py:57}}
Jul 08 12:59:22 jammy-provider-cloud-0000007304 devstack@g-api.service[103582]: DEBUG glance.api.middleware.version_negotiation [None req-44b5f63b-e896-46ec-aa4a-2006d7252b33 admin admin] Matched version: v2 {{(pid=103582) process_request /opt/stack/glance/glance/api/middleware/version_negotiation.py:69}}
Jul 08 12:59:22 jammy-provider-cloud-0000007304 devstack@g-api.service[103582]: DEBUG glance.api.middleware.version_negotiation [None req-44b5f63b-e896-46ec-aa4a-2006d7252b33 admin admin] new path /v2/images {{(pid=103582) process_request /opt/stack/glance/glance/api/middleware/version_negotiation.py:70}}
Jul 08 12:59:22 jammy-provider-cloud-0000007304 devstack@g-api.service[103582]: [pid: 103582|app: 0|req: 4/6] 127.0.0.1 () {36 vars in 749 bytes} [Mon Jul  8 12:59:22 2024] GET /v2/images => generated 1045 bytes in 174 msecs (HTTP/1.1 200) 4 headers in 158 bytes (1 switches on core 0)
Jul 08 12:59:26 jammy-provider-cloud-0000007304 devstack@g-api.service[103583]: DEBUG glance.api.middleware.version_negotiation [None req-5bac7538-1595-44fe-97e7-1e7521962bce admin admin] Determining version of request: GET / Accept: application/json {{(pid=103583) process_request /opt/stack/glance/glance/api/middleware/version_negotiation.py:44}}
Jul 08 12:59:26 jammy-provider-cloud-0000007304 devstack@g-api.service[103583]: DEBUG glance.api.middleware.version_negotiation [None req-5bac7538-1595-44fe-97e7-1e7521962bce admin admin] Using url versioning {{(pid=103583) process_request /opt/stack/glance/glance/api/middleware/version_negotiation.py:57}}
Jul 08 12:59:26 jammy-provider-cloud-0000007304 devstack@g-api.service[103583]: DEBUG glance.api.middleware.version_negotiation [None req-5bac7538-1595-44fe-97e7-1e7521962bce admin admin] Unknown version. Returning version choices. {{(pid=103583) process_request /opt/stack/glance/glance/api/middleware/version_negotiation.py:64}}
Jul 08 12:59:26 jammy-provider-cloud-0000007304 devstack@g-api.service[103583]: [pid: 103583|app: 0|req: 3/7] 127.0.0.1 () {34 vars in 527 bytes} [Mon Jul  8 12:59:26 2024] GET / => generated 1299 bytes in 1 msecs (HTTP/1.1 300) 3 headers in 106 bytes (1 switches on core 0)
Jul 08 12:59:26 jammy-provider-cloud-0000007304 devstack@g-api.service[103582]: DEBUG glance.api.middleware.version_negotiation [None req-eb8b913b-795e-43e6-b4b9-a890d44a9da8 admin admin] Determining version of request: GET /v2/images/d66e186c-3fd4-43dc-ade0-167ddf4abe88 Accept: */* {{(pid=103582) process_request /opt/stack/glance/glance/api/middleware/version_negotiation.py:44}}
Jul 08 12:59:26 jammy-provider-cloud-0000007304 devstack@g-api.service[103582]: DEBUG glance.api.middleware.version_negotiation [None req-eb8b913b-795e-43e6-b4b9-a890d44a9da8 admin admin] Using url versioning {{(pid=103582) process_request /opt/stack/glance/glance/api/middleware/version_negotiation.py:57}}
Jul 08 12:59:26 jammy-provider-cloud-0000007304 devstack@g-api.service[103582]: DEBUG glance.api.middleware.version_negotiation [None req-eb8b913b-795e-43e6-b4b9-a890d44a9da8 admin admin] Matched version: v2 {{(pid=103582) process_request /opt/stack/glance/glance/api/middleware/version_negotiation.py:69}}
Jul 08 12:59:26 jammy-provider-cloud-0000007304 devstack@g-api.service[103582]: DEBUG glance.api.middleware.version_negotiation [None req-eb8b913b-795e-43e6-b4b9-a890d44a9da8 admin admin] new path /v2/images/d66e186c-3fd4-43dc-ade0-167ddf4abe88 {{(pid=103582) process_request /opt/stack/glance/glance/api/middleware/version_negotiation.py:70}}
Jul 08 12:59:26 jammy-provider-cloud-0000007304 devstack@g-api.service[103582]: [pid: 103582|app: 0|req: 5/8] 127.0.0.1 () {36 vars in 810 bytes} [Mon Jul  8 12:59:26 2024] GET /v2/images/d66e186c-3fd4-43dc-ade0-167ddf4abe88 => generated 976 bytes in 34 msecs (HTTP/1.1 200) 4 headers in 157 bytes (1 switches on core 0)
Jul 08 12:59:28 jammy-provider-cloud-0000007304 devstack@g-api.service[103583]: DEBUG glance.api.middleware.version_negotiation [None req-5bac7538-1595-44fe-97e7-1e7521962bce admin admin] Determining version of request: GET / Accept: application/json {{(pid=103583) process_request /opt/stack/glance/glance/api/middleware/version_negotiation.py:44}}
Jul 08 12:59:28 jammy-provider-cloud-0000007304 devstack@g-api.service[103583]: DEBUG glance.api.middleware.version_negotiation [None req-5bac7538-1595-44fe-97e7-1e7521962bce admin admin] Using url versioning {{(pid=103583) process_request /opt/stack/glance/glance/api/middleware/version_negotiation.py:57}}
Jul 08 12:59:28 jammy-provider-cloud-0000007304 devstack@g-api.service[103583]: DEBUG glance.api.middleware.version_negotiation [None req-5bac7538-1595-44fe-97e7-1e7521962bce admin admin] Unknown version. Returning version choices. {{(pid=103583) process_request /opt/stack/glance/glance/api/middleware/version_negotiation.py:64}}
Jul 08 12:59:28 jammy-provider-cloud-0000007304 devstack@g-api.service[103583]: [pid: 103583|app: 0|req: 4/9] 127.0.0.1 () {34 vars in 527 bytes} [Mon Jul  8 12:59:28 2024] GET / => generated 1299 bytes in 3 msecs (HTTP/1.1 300) 3 headers in 106 bytes (1 switches on core 0)
Jul 08 12:59:28 jammy-provider-cloud-0000007304 devstack@g-api.service[103582]: DEBUG glance.api.middleware.version_negotiation [None req-9beaa41b-3c3c-456b-9bcc-91d6573bb3e3 admin admin] Determining version of request: GET /v2/images/d66e186c-3fd4-43dc-ade0-167ddf4abe88 Accept: */* {{(pid=103582) process_request /opt/stack/glance/glance/api/middleware/version_negotiation.py:44}}
Jul 08 12:59:28 jammy-provider-cloud-0000007304 devstack@g-api.service[103582]: DEBUG glance.api.middleware.version_negotiation [None req-9beaa41b-3c3c-456b-9bcc-91d6573bb3e3 admin admin] Using url versioning {{(pid=103582) process_request /opt/stack/glance/glance/api/middleware/version_negotiation.py:57}}
Jul 08 12:59:28 jammy-provider-cloud-0000007304 devstack@g-api.service[103582]: DEBUG glance.api.middleware.version_negotiation [None req-9beaa41b-3c3c-456b-9bcc-91d6573bb3e3 admin admin] Matched version: v2 {{(pid=103582) process_request /opt/stack/glance/glance/api/middleware/version_negotiation.py:69}}
Jul 08 12:59:28 jammy-provider-cloud-0000007304 devstack@g-api.service[103582]: DEBUG glance.api.middleware.version_negotiation [None req-9beaa41b-3c3c-456b-9bcc-91d6573bb3e3 admin admin] new path /v2/images/d66e186c-3fd4-43dc-ade0-167ddf4abe88 {{(pid=103582) process_request /opt/stack/glance/glance/api/middleware/version_negotiation.py:70}}
Jul 08 12:59:28 jammy-provider-cloud-0000007304 devstack@g-api.service[103582]: [pid: 103582|app: 0|req: 6/10] 127.0.0.1 () {36 vars in 810 bytes} [Mon Jul  8 12:59:28 2024] GET /v2/images/d66e186c-3fd4-43dc-ade0-167ddf4abe88 => generated 976 bytes in 47 msecs (HTTP/1.1 200) 4 headers in 157 bytes (1 switches on core 0)
Jul 08 12:59:38 jammy-provider-cloud-0000007304 devstack@g-api.service[103582]: DEBUG dbcounter [-] [103582] Writing DB stats glance:SELECT=5 {{(pid=103582) stat_writer /opt/stack/data/venv/lib/python3.10/site-packages/dbcounter.py:115}}
Jul 08 13:00:24 jammy-provider-cloud-0000007304 devstack@g-api.service[103583]: DEBUG glance.api.middleware.version_negotiation [None req-5bac7538-1595-44fe-97e7-1e7521962bce admin admin] Determining version of request: GET / Accept: application/json {{(pid=103583) process_request /opt/stack/glance/glance/api/middleware/version_negotiation.py:44}}
Jul 08 13:00:24 jammy-provider-cloud-0000007304 devstack@g-api.service[103583]: DEBUG glance.api.middleware.version_negotiation [None req-5bac7538-1595-44fe-97e7-1e7521962bce admin admin] Using url versioning {{(pid=103583) process_request /opt/stack/glance/glance/api/middleware/version_negotiation.py:57}}
Jul 08 13:00:24 jammy-provider-cloud-0000007304 devstack@g-api.service[103583]: DEBUG glance.api.middleware.version_negotiation [None req-5bac7538-1595-44fe-97e7-1e7521962bce admin admin] Unknown version. Returning version choices. {{(pid=103583) process_request /opt/stack/glance/glance/api/middleware/version_negotiation.py:64}}
Jul 08 13:00:24 jammy-provider-cloud-0000007304 devstack@g-api.service[103583]: [pid: 103583|app: 0|req: 5/11] 127.0.0.1 () {36 vars in 499 bytes} [Mon Jul  8 13:00:24 2024] GET / => generated 1299 bytes in 4 msecs (HTTP/1.1 300) 3 headers in 106 bytes (1 switches on core 0)
Jul 08 13:04:03 jammy-provider-cloud-0000007304 devstack@g-api.service[103582]: DEBUG glance.api.middleware.version_negotiation [None req-8963dd3e-0f05-4576-8b00-a0c19bcad7d2 admin admin] Determining version of request: GET /versions Accept: */* {{(pid=103582) process_request /opt/stack/glance/glance/api/middleware/version_negotiation.py:44}}
Jul 08 13:04:03 jammy-provider-cloud-0000007304 devstack@g-api.service[103582]: [pid: 103582|app: 0|req: 7/12] 127.0.0.1 () {38 vars in 716 bytes} [Mon Jul  8 13:04:03 2024] GET /versions => generated 1299 bytes in 3 msecs (HTTP/1.1 200) 3 headers in 92 bytes (1 switches on core 0)
Jul 08 13:04:03 jammy-provider-cloud-0000007304 devstack@g-api.service[103583]: DEBUG glance.api.middleware.version_negotiation [None req-5bac7538-1595-44fe-97e7-1e7521962bce admin admin] Determining version of request: GET /v2/schemas/image Accept: */* {{(pid=103583) process_request /opt/stack/glance/glance/api/middleware/version_negotiation.py:44}}
Jul 08 13:04:03 jammy-provider-cloud-0000007304 devstack@g-api.service[103583]: DEBUG glance.api.middleware.version_negotiation [None req-5bac7538-1595-44fe-97e7-1e7521962bce admin admin] Using url versioning {{(pid=103583) process_request /opt/stack/glance/glance/api/middleware/version_negotiation.py:57}}
Jul 08 13:04:03 jammy-provider-cloud-0000007304 devstack@g-api.service[103583]: DEBUG glance.api.middleware.version_negotiation [None req-5bac7538-1595-44fe-97e7-1e7521962bce admin admin] Matched version: v2 {{(pid=103583) process_request /opt/stack/glance/glance/api/middleware/version_negotiation.py:69}}
Jul 08 13:04:03 jammy-provider-cloud-0000007304 devstack@g-api.service[103583]: DEBUG glance.api.middleware.version_negotiation [None req-5bac7538-1595-44fe-97e7-1e7521962bce admin admin] new path /v2/schemas/image {{(pid=103583) process_request /opt/stack/glance/glance/api/middleware/version_negotiation.py:70}}
Jul 08 13:04:03 jammy-provider-cloud-0000007304 devstack@g-api.service[103583]: [pid: 103583|app: 0|req: 6/13] 127.0.0.1 () {38 vars in 732 bytes} [Mon Jul  8 13:04:03 2024] GET /v2/schemas/image => generated 6083 bytes in 58 msecs (HTTP/1.1 200) 4 headers in 158 bytes (1 switches on core 0)
Jul 08 13:04:03 jammy-provider-cloud-0000007304 devstack@g-api.service[103582]: DEBUG glance.api.middleware.version_negotiation [None req-8963dd3e-0f05-4576-8b00-a0c19bcad7d2 admin admin] Determining version of request: GET /v2/schemas/metadefs/namespace Accept: */* {{(pid=103582) process_request /opt/stack/glance/glance/api/middleware/version_negotiation.py:44}}
Jul 08 13:04:03 jammy-provider-cloud-0000007304 devstack@g-api.service[103582]: DEBUG glance.api.middleware.version_negotiation [None req-8963dd3e-0f05-4576-8b00-a0c19bcad7d2 admin admin] Using url versioning {{(pid=103582) process_request /opt/stack/glance/glance/api/middleware/version_negotiation.py:57}}
Jul 08 13:04:03 jammy-provider-cloud-0000007304 devstack@g-api.service[103582]: DEBUG glance.api.middleware.version_negotiation [None req-8963dd3e-0f05-4576-8b00-a0c19bcad7d2 admin admin] Matched version: v2 {{(pid=103582) process_request /opt/stack/glance/glance/api/middleware/version_negotiation.py:69}}
Jul 08 13:04:03 jammy-provider-cloud-0000007304 devstack@g-api.service[103582]: DEBUG glance.api.middleware.version_negotiation [None req-8963dd3e-0f05-4576-8b00-a0c19bcad7d2 admin admin] new path /v2/schemas/metadefs/namespace {{(pid=103582) process_request /opt/stack/glance/glance/api/middleware/version_negotiation.py:70}}
Jul 08 13:04:03 jammy-provider-cloud-0000007304 devstack@g-api.service[103582]: [pid: 103582|app: 0|req: 8/14] 127.0.0.1 () {38 vars in 758 bytes} [Mon Jul  8 13:04:03 2024] GET /v2/schemas/metadefs/namespace => generated 3100 bytes in 4 msecs (HTTP/1.1 200) 4 headers in 158 bytes (1 switches on core 0)
Jul 08 13:04:03 jammy-provider-cloud-0000007304 devstack@g-api.service[103583]: DEBUG glance.api.middleware.version_negotiation [None req-1ec9cce7-8726-41c8-995a-bb68381d429e admin admin] Determining version of request: GET /v2/schemas/metadefs/resource_type Accept: */* {{(pid=103583) process_request /opt/stack/glance/glance/api/middleware/version_negotiation.py:44}}
Jul 08 13:04:03 jammy-provider-cloud-0000007304 devstack@g-api.service[103583]: DEBUG glance.api.middleware.version_negotiation [None req-1ec9cce7-8726-41c8-995a-bb68381d429e admin admin] Using url versioning {{(pid=103583) process_request /opt/stack/glance/glance/api/middleware/version_negotiation.py:57}}
Jul 08 13:04:03 jammy-provider-cloud-0000007304 devstack@g-api.service[103583]: DEBUG glance.api.middleware.version_negotiation [None req-1ec9cce7-8726-41c8-995a-bb68381d429e admin admin] Matched version: v2 {{(pid=103583) process_request /opt/stack/glance/glance/api/middleware/version_negotiation.py:69}}
Jul 08 13:04:03 jammy-provider-cloud-0000007304 devstack@g-api.service[103583]: DEBUG glance.api.middleware.version_negotiation [None req-1ec9cce7-8726-41c8-995a-bb68381d429e admin admin] new path /v2/schemas/metadefs/resource_type {{(pid=103583) process_request /opt/stack/glance/glance/api/middleware/version_negotiation.py:70}}
Jul 08 13:04:03 jammy-provider-cloud-0000007304 devstack@g-api.service[103583]: [pid: 103583|app: 0|req: 7/15] 127.0.0.1 () {38 vars in 766 bytes} [Mon Jul  8 13:04:03 2024] GET /v2/schemas/metadefs/resource_type => generated 1260 bytes in 4 msecs (HTTP/1.1 200) 4 headers in 158 bytes (1 switches on core 0)
Jul 08 13:04:03 jammy-provider-cloud-0000007304 devstack@g-api.service[103582]: DEBUG glance.api.middleware.version_negotiation [None req-62b540f6-f7fd-4f63-ab88-7ad35781bb7e admin admin] Determining version of request: GET /v2/images Accept: */* {{(pid=103582) process_request /opt/stack/glance/glance/api/middleware/version_negotiation.py:44}}
Jul 08 13:04:03 jammy-provider-cloud-0000007304 devstack@g-api.service[103582]: DEBUG glance.api.middleware.version_negotiation [None req-62b540f6-f7fd-4f63-ab88-7ad35781bb7e admin admin] Using url versioning {{(pid=103582) process_request /opt/stack/glance/glance/api/middleware/version_negotiation.py:57}}
Jul 08 13:04:03 jammy-provider-cloud-0000007304 devstack@g-api.service[103582]: DEBUG glance.api.middleware.version_negotiation [None req-62b540f6-f7fd-4f63-ab88-7ad35781bb7e admin admin] Matched version: v2 {{(pid=103582) process_request /opt/stack/glance/glance/api/middleware/version_negotiation.py:69}}
Jul 08 13:04:03 jammy-provider-cloud-0000007304 devstack@g-api.service[103582]: DEBUG glance.api.middleware.version_negotiation [None req-62b540f6-f7fd-4f63-ab88-7ad35781bb7e admin admin] new path /v2/images {{(pid=103582) process_request /opt/stack/glance/glance/api/middleware/version_negotiation.py:70}}
Jul 08 13:04:03 jammy-provider-cloud-0000007304 devstack@g-api.service[103582]: [pid: 103582|app: 0|req: 9/16] 127.0.0.1 () {38 vars in 791 bytes} [Mon Jul  8 13:04:03 2024] GET /v2/images?limit=200&sort_key=name&sort_dir=asc => generated 1082 bytes in 52 msecs (HTTP/1.1 200) 4 headers in 158 bytes (1 switches on core 0)
Jul 08 13:04:03 jammy-provider-cloud-0000007304 devstack@g-api.service[103583]: DEBUG glance.api.middleware.version_negotiation [None req-cebc8ef4-e8e7-4adf-bbc9-5770f5388f19 admin admin] Determining version of request: GET /v2/schemas/image Accept: */* {{(pid=103583) process_request /opt/stack/glance/glance/api/middleware/version_negotiation.py:44}}
Jul 08 13:04:03 jammy-provider-cloud-0000007304 devstack@g-api.service[103583]: DEBUG glance.api.middleware.version_negotiation [None req-cebc8ef4-e8e7-4adf-bbc9-5770f5388f19 admin admin] Using url versioning {{(pid=103583) process_request /opt/stack/glance/glance/api/middleware/version_negotiation.py:57}}
Jul 08 13:04:03 jammy-provider-cloud-0000007304 devstack@g-api.service[103583]: DEBUG glance.api.middleware.version_negotiation [None req-cebc8ef4-e8e7-4adf-bbc9-5770f5388f19 admin admin] Matched version: v2 {{(pid=103583) process_request /opt/stack/glance/glance/api/middleware/version_negotiation.py:69}}
Jul 08 13:04:03 jammy-provider-cloud-0000007304 devstack@g-api.service[103583]: DEBUG glance.api.middleware.version_negotiation [None req-cebc8ef4-e8e7-4adf-bbc9-5770f5388f19 admin admin] new path /v2/schemas/image {{(pid=103583) process_request /opt/stack/glance/glance/api/middleware/version_negotiation.py:70}}
Jul 08 13:04:03 jammy-provider-cloud-0000007304 devstack@g-api.service[103583]: [pid: 103583|app: 0|req: 8/17] 127.0.0.1 () {38 vars in 732 bytes} [Mon Jul  8 13:04:03 2024] GET /v2/schemas/image => generated 6083 bytes in 9 msecs (HTTP/1.1 200) 4 headers in 158 bytes (1 switches on core 0)
Jul 08 13:04:13 jammy-provider-cloud-0000007304 devstack@g-api.service[103582]: DEBUG dbcounter [-] [103582] Writing DB stats glance:SELECT=1 {{(pid=103582) stat_writer /opt/stack/data/venv/lib/python3.10/site-packages/dbcounter.py:115}}
Jul 08 13:04:27 jammy-provider-cloud-0000007304 devstack@g-api.service[103582]: DEBUG glance.api.middleware.version_negotiation [None req-70bf0b79-24b9-411d-83d3-69dab1ca177f admin admin] Determining version of request: POST /v2/images Accept: application/json {{(pid=103582) process_request /opt/stack/glance/glance/api/middleware/version_negotiation.py:44}}
