Apr 28 19:12:46 ubuntu devstack@keystone.service[67735]: DEBUG keystone.server.flask.request_processing.req_logging [None req-be34e2a9-eb9d-497f-acb5-c6e1117bfc37 None admin] SCRIPT_NAME: `/identity` {{(pid=67735) log_request_info /opt/stack/keystone/keystone/server/flask/request_processing/req_logging.py:27}}
Apr 28 19:12:46 ubuntu devstack@keystone.service[67735]: DEBUG keystone.server.flask.request_processing.req_logging [None req-be34e2a9-eb9d-497f-acb5-c6e1117bfc37 None admin] PATH_INFO: `/v3/domains` {{(pid=67735) log_request_info /opt/stack/keystone/keystone/server/flask/request_processing/req_logging.py:28}}
Apr 28 19:12:46 ubuntu devstack@keystone.service[67735]: DEBUG keystone.common.rbac_enforcer.enforcer [None req-be34e2a9-eb9d-497f-acb5-c6e1117bfc37 None admin] RBAC: Adding query filter params (name=Default) {{(pid=67735) _extract_filter_values /opt/stack/keystone/keystone/common/rbac_enforcer/enforcer.py:176}}
Apr 28 19:12:46 ubuntu devstack@keystone.service[67735]: DEBUG keystone.common.rbac_enforcer.enforcer [None req-be34e2a9-eb9d-497f-acb5-c6e1117bfc37 None admin] RBAC: Authorizing `identity:list_domains()` {{(pid=67735) enforce_call /opt/stack/keystone/keystone/common/rbac_enforcer/enforcer.py:494}}
Apr 28 19:12:46 ubuntu devstack@keystone.service[67735]: DEBUG keystone.common.rbac_enforcer.enforcer [None req-be34e2a9-eb9d-497f-acb5-c6e1117bfc37 None admin] RBAC: Authorization granted {{(pid=67735) enforce_call /opt/stack/keystone/keystone/common/rbac_enforcer/enforcer.py:505}}
Apr 28 19:12:46 ubuntu devstack@keystone.service[67734]: DEBUG keystone.server.flask.request_processing.middleware.auth_context [None req-c0de914c-c748-45f3-bb76-f76ba2c0de8f None admin] Authenticating user token {{(pid=67734) process_request /opt/stack/data/venv/lib/python3.12/site-packages/keystonemiddleware/auth_token/__init__.py:407}}
Apr 28 19:12:46 ubuntu devstack@keystone.service[67735]: [pid: 67735|app: 0|req: 10/21] 10.120.125.143 () {58 vars in 1190 bytes} [Tue Apr 28 19:12:46 2026] GET /identity/v3/domains?name=Default => generated 310 bytes in 86 msecs (HTTP/1.1 200) 5 headers in 177 bytes (1 switches on core 0)
Apr 28 19:12:46 ubuntu devstack@keystone.service[67734]: DEBUG keystone.server.flask.request_processing.middleware.auth_context [None req-c0de914c-c748-45f3-bb76-f76ba2c0de8f None admin] Validating token access rules against request {{(pid=67734) validate_allowed_request /opt/stack/data/venv/lib/python3.12/site-packages/keystonemiddleware/auth_token/__init__.py:545}}
Apr 28 19:12:46 ubuntu devstack@keystone.service[67734]: DEBUG keystone.server.flask.request_processing.middleware.auth_context [None req-1d95095d-6342-4ec8-b4ea-88e635342e48 None admin] RBAC: auth_context: {'token': <TokenModel (audit_id=LF1c1kU3T7aW5yhZIx7P4w, audit_chain_id=['LF1c1kU3T7aW5yhZIx7P4w']) at 0x708aecd5fd40>, 'domain_id': None, 'trust_id': None, 'trustor_id': None, 'trustee_id': None, 'domain_name': None, 'group_ids': [], 'user_id': '39e3352d11f046d0be48bccd073deea6', 'user_domain_id': 'default', 'system_scope': 'all', 'project_id': None, 'project_domain_id': None, 'roles': ['admin', 'manager', 'member', 'reader'], 'is_admin_project': True, 'service_user_id': None, 'service_user_domain_id': None, 'service_project_id': None, 'service_project_domain_id': None, 'service_roles': []} {{(pid=67734) fill_context /opt/stack/keystone/keystone/server/flask/request_processing/middleware/auth_context.py:509}}
Apr 28 19:12:46 ubuntu devstack@keystone.service[67734]: DEBUG keystone.server.flask.request_processing.req_logging [None req-1d95095d-6342-4ec8-b4ea-88e635342e48 None admin] REQUEST_METHOD: `PUT` {{(pid=67734) log_request_info /opt/stack/keystone/keystone/server/flask/request_processing/req_logging.py:26}}
Apr 28 19:12:46 ubuntu devstack@keystone.service[67734]: DEBUG keystone.server.flask.request_processing.req_logging [None req-1d95095d-6342-4ec8-b4ea-88e635342e48 None admin] SCRIPT_NAME: `/identity` {{(pid=67734) log_request_info /opt/stack/keystone/keystone/server/flask/request_processing/req_logging.py:27}}
Apr 28 19:12:46 ubuntu devstack@keystone.service[67734]: DEBUG keystone.server.flask.request_processing.req_logging [None req-1d95095d-6342-4ec8-b4ea-88e635342e48 None admin] PATH_INFO: `/v3/domains/default/users/39e3352d11f046d0be48bccd073deea6/roles/ba4b283e21b744d885759d5f6822fd89` {{(pid=67734) log_request_info /opt/stack/keystone/keystone/server/flask/request_processing/req_logging.py:28}}
Apr 28 19:12:46 ubuntu devstack@keystone.service[67734]: DEBUG keystone.common.rbac_enforcer.enforcer [None req-1d95095d-6342-4ec8-b4ea-88e635342e48 None admin] RBAC: Authorizing `identity:create_grant(domain_id=default, user_id=39e3352d11f046d0be48bccd073deea6, role_id=ba4b283e21b744d885759d5f6822fd89)` {{(pid=67734) enforce_call /opt/stack/keystone/keystone/common/rbac_enforcer/enforcer.py:494}}
Apr 28 19:12:46 ubuntu devstack@keystone.service[67734]: DEBUG keystone.common.rbac_enforcer.enforcer [None req-1d95095d-6342-4ec8-b4ea-88e635342e48 None admin] RBAC: Authorization granted {{(pid=67734) enforce_call /opt/stack/keystone/keystone/common/rbac_enforcer/enforcer.py:505}}
Apr 28 19:12:46 ubuntu devstack@keystone.service[67734]: [pid: 67734|app: 0|req: 12/22] 10.120.125.143 () {60 vars in 1429 bytes} [Tue Apr 28 19:12:46 2026] PUT /identity/v3/domains/default/users/39e3352d11f046d0be48bccd073deea6/roles/ba4b283e21b744d885759d5f6822fd89 => generated 0 bytes in 142 msecs (HTTP/1.1 204) 3 headers in 132 bytes (0 switches on core 0)
Apr 28 19:12:47 ubuntu devstack@keystone.service[67735]: DEBUG keystone.server.flask.request_processing.req_logging [None req-1e4fe2da-6ac1-4933-a16e-33dce033dadf None None] REQUEST_METHOD: `GET` {{(pid=67735) log_request_info /opt/stack/keystone/keystone/server/flask/request_processing/req_logging.py:26}}
Apr 28 19:12:47 ubuntu devstack@keystone.service[67735]: DEBUG keystone.server.flask.request_processing.req_logging [None req-1e4fe2da-6ac1-4933-a16e-33dce033dadf None None] SCRIPT_NAME: `/identity` {{(pid=67735) log_request_info /opt/stack/keystone/keystone/server/flask/request_processing/req_logging.py:27}}
Apr 28 19:12:47 ubuntu devstack@keystone.service[67735]: DEBUG keystone.server.flask.request_processing.req_logging [None req-1e4fe2da-6ac1-4933-a16e-33dce033dadf None None] PATH_INFO: `/` {{(pid=67735) log_request_info /opt/stack/keystone/keystone/server/flask/request_processing/req_logging.py:28}}
Apr 28 19:12:47 ubuntu devstack@keystone.service[67735]: [pid: 67735|app: 0|req: 11/23] 10.120.125.143 () {56 vars in 951 bytes} [Tue Apr 28 19:12:47 2026] GET /identity => generated 271 bytes in 1 msecs (HTTP/1.1 300) 6 headers in 235 bytes (1 switches on core 0)
Apr 28 19:12:47 ubuntu devstack@keystone.service[67734]: DEBUG keystone.server.flask.request_processing.req_logging [None req-c39ec24a-08a7-41e4-8364-bccc075acded None None] REQUEST_METHOD: `GET` {{(pid=67734) log_request_info /opt/stack/keystone/keystone/server/flask/request_processing/req_logging.py:26}}
Apr 28 19:12:47 ubuntu devstack@keystone.service[67734]: DEBUG keystone.server.flask.request_processing.req_logging [None req-c39ec24a-08a7-41e4-8364-bccc075acded None None] SCRIPT_NAME: `/identity` {{(pid=67734) log_request_info /opt/stack/keystone/keystone/server/flask/request_processing/req_logging.py:27}}
Apr 28 19:12:47 ubuntu devstack@keystone.service[67734]: DEBUG keystone.server.flask.request_processing.req_logging [None req-c39ec24a-08a7-41e4-8364-bccc075acded None None] PATH_INFO: `/` {{(pid=67734) log_request_info /opt/stack/keystone/keystone/server/flask/request_processing/req_logging.py:28}}
Apr 28 19:12:47 ubuntu devstack@keystone.service[67734]: [pid: 67734|app: 0|req: 13/24] 10.120.125.143 () {56 vars in 951 bytes} [Tue Apr 28 19:12:47 2026] GET /identity => generated 271 bytes in 2 msecs (HTTP/1.1 300) 6 headers in 235 bytes (1 switches on core 0)
Apr 28 19:12:48 ubuntu devstack@keystone.service[67735]: DEBUG keystone.server.flask.request_processing.req_logging [None req-815c7d73-7eec-4b5a-8363-343ce1d9e64a None None] REQUEST_METHOD: `POST` {{(pid=67735) log_request_info /opt/stack/keystone/keystone/server/flask/request_processing/req_logging.py:26}}
Apr 28 19:12:48 ubuntu devstack@keystone.service[67735]: DEBUG keystone.server.flask.request_processing.req_logging [None req-815c7d73-7eec-4b5a-8363-343ce1d9e64a None None] SCRIPT_NAME: `/identity` {{(pid=67735) log_request_info /opt/stack/keystone/keystone/server/flask/request_processing/req_logging.py:27}}
Apr 28 19:12:48 ubuntu devstack@keystone.service[67735]: DEBUG keystone.server.flask.request_processing.req_logging [None req-815c7d73-7eec-4b5a-8363-343ce1d9e64a None None] PATH_INFO: `/v3/auth/tokens` {{(pid=67735) log_request_info /opt/stack/keystone/keystone/server/flask/request_processing/req_logging.py:28}}
Apr 28 19:12:48 ubuntu devstack@keystone.service[67735]: WARNING keystone.common.password_hashing [None req-815c7d73-7eec-4b5a-8363-343ce1d9e64a None None] Truncating password to algorithm specific maximum length 72 characters.
Apr 28 19:12:48 ubuntu devstack@keystone.service[67735]: DEBUG keystone.auth.core [None req-815c7d73-7eec-4b5a-8363-343ce1d9e64a None None] MFA Rules not processed for user `39e3352d11f046d0be48bccd073deea6`. Rule list: `[]` (Enabled: `True`). {{(pid=67735) check_auth_methods_against_rules /opt/stack/keystone/keystone/auth/core.py:476}}
Apr 28 19:12:48 ubuntu devstack@keystone.service[67735]: DEBUG keystone.common.fernet_utils [None req-815c7d73-7eec-4b5a-8363-343ce1d9e64a None None] Loaded 2 Fernet keys from /etc/keystone/fernet-keys/, but `[fernet_tokens] max_active_keys = 3`; perhaps there have not been enough key rotations to reach `max_active_keys` yet? {{(pid=67735) load_keys /opt/stack/keystone/keystone/common/fernet_utils.py:297}}
Apr 28 19:12:48 ubuntu devstack@keystone.service[67735]: [pid: 67735|app: 0|req: 12/25] 10.120.125.143 () {60 vars in 1048 bytes} [Tue Apr 28 19:12:48 2026] POST /identity/v3/auth/tokens => generated 863 bytes in 64 msecs (HTTP/1.1 201) 6 headers in 363 bytes (1 switches on core 0)
Apr 28 19:12:48 ubuntu devstack@keystone.service[67734]: DEBUG keystone.server.flask.request_processing.req_logging [None req-f68f51db-fbf3-4dd6-88e6-689e28e2e73c None None] REQUEST_METHOD: `POST` {{(pid=67734) log_request_info /opt/stack/keystone/keystone/server/flask/request_processing/req_logging.py:26}}
Apr 28 19:12:48 ubuntu devstack@keystone.service[67734]: DEBUG keystone.server.flask.request_processing.req_logging [None req-f68f51db-fbf3-4dd6-88e6-689e28e2e73c None None] SCRIPT_NAME: `/identity` {{(pid=67734) log_request_info /opt/stack/keystone/keystone/server/flask/request_processing/req_logging.py:27}}
Apr 28 19:12:48 ubuntu devstack@keystone.service[67734]: DEBUG keystone.server.flask.request_processing.req_logging [None req-f68f51db-fbf3-4dd6-88e6-689e28e2e73c None None] PATH_INFO: `/v3/auth/tokens` {{(pid=67734) log_request_info /opt/stack/keystone/keystone/server/flask/request_processing/req_logging.py:28}}
Apr 28 19:12:48 ubuntu devstack@keystone.service[67734]: WARNING keystone.common.password_hashing [None req-f68f51db-fbf3-4dd6-88e6-689e28e2e73c None None] Truncating password to algorithm specific maximum length 72 characters.
Apr 28 19:12:48 ubuntu devstack@keystone.service[67734]: DEBUG keystone.auth.core [None req-f68f51db-fbf3-4dd6-88e6-689e28e2e73c None None] MFA Rules not processed for user `39e3352d11f046d0be48bccd073deea6`. Rule list: `[]` (Enabled: `True`). {{(pid=67734) check_auth_methods_against_rules /opt/stack/keystone/keystone/auth/core.py:476}}
Apr 28 19:12:48 ubuntu devstack@keystone.service[67734]: DEBUG keystone.common.fernet_utils [None req-f68f51db-fbf3-4dd6-88e6-689e28e2e73c None None] Loaded 2 Fernet keys from /etc/keystone/fernet-keys/, but `[fernet_tokens] max_active_keys = 3`; perhaps there have not been enough key rotations to reach `max_active_keys` yet? {{(pid=67734) load_keys /opt/stack/keystone/keystone/common/fernet_utils.py:297}}
Apr 28 19:12:48 ubuntu devstack@keystone.service[67735]: DEBUG keystone.server.flask.request_processing.req_logging [None req-1bb07466-e835-4623-89da-bc9bac1e3423 None None] REQUEST_METHOD: `GET` {{(pid=67735) log_request_info /opt/stack/keystone/keystone/server/flask/request_processing/req_logging.py:26}}
Apr 28 19:12:48 ubuntu devstack@keystone.service[67735]: DEBUG keystone.server.flask.request_processing.req_logging [None req-1bb07466-e835-4623-89da-bc9bac1e3423 None None] SCRIPT_NAME: `/identity` {{(pid=67735) log_request_info /opt/stack/keystone/keystone/server/flask/request_processing/req_logging.py:27}}
Apr 28 19:12:48 ubuntu devstack@keystone.service[67735]: DEBUG keystone.server.flask.request_processing.req_logging [None req-1bb07466-e835-4623-89da-bc9bac1e3423 None None] PATH_INFO: `/` {{(pid=67735) log_request_info /opt/stack/keystone/keystone/server/flask/request_processing/req_logging.py:28}}
Apr 28 19:12:48 ubuntu devstack@keystone.service[67735]: [pid: 67735|app: 0|req: 13/26] 10.120.125.143 () {56 vars in 951 bytes} [Tue Apr 28 19:12:48 2026] GET /identity => generated 271 bytes in 2 msecs (HTTP/1.1 300) 6 headers in 235 bytes (1 switches on core 0)
Apr 28 19:12:48 ubuntu devstack@keystone.service[67734]: [pid: 67734|app: 0|req: 14/27] 10.120.125.143 () {60 vars in 1048 bytes} [Tue Apr 28 19:12:48 2026] POST /identity/v3/auth/tokens => generated 863 bytes in 68 msecs (HTTP/1.1 201) 6 headers in 363 bytes (1 switches on core 0)
Apr 28 19:12:48 ubuntu devstack@keystone.service[67735]: DEBUG keystone.server.flask.request_processing.req_logging [None req-63eca1d8-ad0a-42b4-a2e3-79bc236ea951 None None] REQUEST_METHOD: `POST` {{(pid=67735) log_request_info /opt/stack/keystone/keystone/server/flask/request_processing/req_logging.py:26}}
Apr 28 19:12:48 ubuntu devstack@keystone.service[67735]: DEBUG keystone.server.flask.request_processing.req_logging [None req-63eca1d8-ad0a-42b4-a2e3-79bc236ea951 None None] SCRIPT_NAME: `/identity` {{(pid=67735) log_request_info /opt/stack/keystone/keystone/server/flask/request_processing/req_logging.py:27}}
Apr 28 19:12:48 ubuntu devstack@keystone.service[67735]: DEBUG keystone.server.flask.request_processing.req_logging [None req-63eca1d8-ad0a-42b4-a2e3-79bc236ea951 None None] PATH_INFO: `/v3/auth/tokens` {{(pid=67735) log_request_info /opt/stack/keystone/keystone/server/flask/request_processing/req_logging.py:28}}
Apr 28 19:12:48 ubuntu devstack@keystone.service[67735]: WARNING keystone.common.password_hashing [None req-63eca1d8-ad0a-42b4-a2e3-79bc236ea951 None None] Truncating password to algorithm specific maximum length 72 characters.
Apr 28 19:12:48 ubuntu devstack@keystone.service[67735]: DEBUG keystone.auth.core [None req-63eca1d8-ad0a-42b4-a2e3-79bc236ea951 None None] MFA Rules not processed for user `39e3352d11f046d0be48bccd073deea6`. Rule list: `[]` (Enabled: `True`). {{(pid=67735) check_auth_methods_against_rules /opt/stack/keystone/keystone/auth/core.py:476}}
Apr 28 19:12:48 ubuntu devstack@keystone.service[67735]: DEBUG keystone.common.fernet_utils [None req-63eca1d8-ad0a-42b4-a2e3-79bc236ea951 None None] Loaded 2 Fernet keys from /etc/keystone/fernet-keys/, but `[fernet_tokens] max_active_keys = 3`; perhaps there have not been enough key rotations to reach `max_active_keys` yet? {{(pid=67735) load_keys /opt/stack/keystone/keystone/common/fernet_utils.py:297}}
Apr 28 19:12:48 ubuntu devstack@keystone.service[67735]: [pid: 67735|app: 0|req: 14/28] 10.120.125.143 () {60 vars in 1048 bytes} [Tue Apr 28 19:12:48 2026] POST /identity/v3/auth/tokens => generated 863 bytes in 60 msecs (HTTP/1.1 201) 6 headers in 363 bytes (1 switches on core 0)
Apr 28 19:12:48 ubuntu devstack@keystone.service[67734]: DEBUG keystone.server.flask.request_processing.middleware.auth_context [None req-f68f51db-fbf3-4dd6-88e6-689e28e2e73c None None] Authenticating user token {{(pid=67734) process_request /opt/stack/data/venv/lib/python3.12/site-packages/keystonemiddleware/auth_token/__init__.py:407}}
Apr 28 19:12:48 ubuntu devstack@keystone.service[67734]: DEBUG keystone.server.flask.request_processing.middleware.auth_context [None req-f68f51db-fbf3-4dd6-88e6-689e28e2e73c None None] Validating token access rules against request {{(pid=67734) validate_allowed_request /opt/stack/data/venv/lib/python3.12/site-packages/keystonemiddleware/auth_token/__init__.py:545}}
Apr 28 19:12:48 ubuntu devstack@keystone.service[67734]: DEBUG keystone.server.flask.request_processing.middleware.auth_context [None req-aa4da9b0-7cae-49d0-88d4-f4b7ebb29bed None admin] RBAC: auth_context: {'token': <TokenModel (audit_id=30zuc9qDS624Q5zHhTgcIw, audit_chain_id=['30zuc9qDS624Q5zHhTgcIw']) at 0x708aecd99430>, 'domain_id': None, 'trust_id': None, 'trustor_id': None, 'trustee_id': None, 'domain_name': None, 'group_ids': [], 'user_id': '39e3352d11f046d0be48bccd073deea6', 'user_domain_id': 'default', 'system_scope': 'all', 'project_id': None, 'project_domain_id': None, 'roles': ['admin', 'manager', 'member', 'reader'], 'is_admin_project': True, 'service_user_id': None, 'service_user_domain_id': None, 'service_project_id': None, 'service_project_domain_id': None, 'service_roles': []} {{(pid=67734) fill_context /opt/stack/keystone/keystone/server/flask/request_processing/middleware/auth_context.py:509}}
Apr 28 19:12:48 ubuntu devstack@keystone.service[67734]: DEBUG keystone.server.flask.request_processing.req_logging [None req-aa4da9b0-7cae-49d0-88d4-f4b7ebb29bed None admin] REQUEST_METHOD: `GET` {{(pid=67734) log_request_info /opt/stack/keystone/keystone/server/flask/request_processing/req_logging.py:26}}
Apr 28 19:12:48 ubuntu devstack@keystone.service[67734]: DEBUG keystone.server.flask.request_processing.req_logging [None req-aa4da9b0-7cae-49d0-88d4-f4b7ebb29bed None admin] SCRIPT_NAME: `/identity` {{(pid=67734) log_request_info /opt/stack/keystone/keystone/server/flask/request_processing/req_logging.py:27}}
Apr 28 19:12:48 ubuntu devstack@keystone.service[67734]: DEBUG keystone.server.flask.request_processing.req_logging [None req-aa4da9b0-7cae-49d0-88d4-f4b7ebb29bed None admin] PATH_INFO: `/v3/domains/Default` {{(pid=67734) log_request_info /opt/stack/keystone/keystone/server/flask/request_processing/req_logging.py:28}}
Apr 28 19:12:48 ubuntu devstack@keystone.service[67734]: DEBUG keystone.common.rbac_enforcer.enforcer [None req-aa4da9b0-7cae-49d0-88d4-f4b7ebb29bed None admin] RBAC: Authorizing `identity:get_domain(domain_id=Default)` {{(pid=67734) enforce_call /opt/stack/keystone/keystone/common/rbac_enforcer/enforcer.py:494}}
Apr 28 19:12:48 ubuntu devstack@keystone.service[67734]: DEBUG keystone.common.rbac_enforcer.enforcer [None req-aa4da9b0-7cae-49d0-88d4-f4b7ebb29bed None admin] RBAC: Authorization granted {{(pid=67734) enforce_call /opt/stack/keystone/keystone/common/rbac_enforcer/enforcer.py:505}}
Apr 28 19:12:48 ubuntu devstack@keystone.service[67734]: DEBUG keystone.server.flask.application [None req-aa4da9b0-7cae-49d0-88d4-f4b7ebb29bed None admin] Could not find domain: Default. {{(pid=67734) _handle_keystone_exception /opt/stack/keystone/keystone/server/flask/application.py:146}}
Apr 28 19:12:48 ubuntu devstack@keystone.service[67734]: [pid: 67734|app: 0|req: 15/29] 10.120.125.143 () {58 vars in 1175 bytes} [Tue Apr 28 19:12:48 2026] GET /identity/v3/domains/Default => generated 87 bytes in 104 msecs (HTTP/1.1 404) 5 headers in 183 bytes (1 switches on core 0)
Apr 28 19:12:48 ubuntu devstack@keystone.service[67735]: DEBUG keystone.server.flask.request_processing.middleware.auth_context [None req-63eca1d8-ad0a-42b4-a2e3-79bc236ea951 None None] Authenticating user token {{(pid=67735) process_request /opt/stack/data/venv/lib/python3.12/site-packages/keystonemiddleware/auth_token/__init__.py:407}}
Apr 28 19:12:48 ubuntu devstack@keystone.service[67734]: DEBUG keystone.server.flask.request_processing.middleware.auth_context [None req-aa4da9b0-7cae-49d0-88d4-f4b7ebb29bed None admin] Authenticating user token {{(pid=67734) process_request /opt/stack/data/venv/lib/python3.12/site-packages/keystonemiddleware/auth_token/__init__.py:407}}
Apr 28 19:12:48 ubuntu devstack@keystone.service[67735]: DEBUG keystone.server.flask.request_processing.middleware.auth_context [None req-63eca1d8-ad0a-42b4-a2e3-79bc236ea951 None None] Validating token access rules against request {{(pid=67735) validate_allowed_request /opt/stack/data/venv/lib/python3.12/site-packages/keystonemiddleware/auth_token/__init__.py:545}}
Apr 28 19:12:48 ubuntu devstack@keystone.service[67735]: DEBUG keystone.server.flask.request_processing.middleware.auth_context [None req-e99c2faa-542c-4f1a-907e-a5b42c197f05 None admin] RBAC: auth_context: {'token': <TokenModel (audit_id=30zuc9qDS624Q5zHhTgcIw, audit_chain_id=['30zuc9qDS624Q5zHhTgcIw']) at 0x708aecda0d70>, 'domain_id': None, 'trust_id': None, 'trustor_id': None, 'trustee_id': None, 'domain_name': None, 'group_ids': [], 'user_id': '39e3352d11f046d0be48bccd073deea6', 'user_domain_id': 'default', 'system_scope': 'all', 'project_id': None, 'project_domain_id': None, 'roles': ['admin', 'manager', 'member', 'reader'], 'is_admin_project': True, 'service_user_id': None, 'service_user_domain_id': None, 'service_project_id': None, 'service_project_domain_id': None, 'service_roles': []} {{(pid=67735) fill_context /opt/stack/keystone/keystone/server/flask/request_processing/middleware/auth_context.py:509}}
Apr 28 19:12:48 ubuntu devstack@keystone.service[67735]: DEBUG keystone.server.flask.request_processing.req_logging [None req-e99c2faa-542c-4f1a-907e-a5b42c197f05 None admin] REQUEST_METHOD: `GET` {{(pid=67735) log_request_info /opt/stack/keystone/keystone/server/flask/request_processing/req_logging.py:26}}
Apr 28 19:12:48 ubuntu devstack@keystone.service[67735]: DEBUG keystone.server.flask.request_processing.req_logging [None req-e99c2faa-542c-4f1a-907e-a5b42c197f05 None admin] SCRIPT_NAME: `/identity` {{(pid=67735) log_request_info /opt/stack/keystone/keystone/server/flask/request_processing/req_logging.py:27}}
Apr 28 19:12:48 ubuntu devstack@keystone.service[67735]: DEBUG keystone.server.flask.request_processing.req_logging [None req-e99c2faa-542c-4f1a-907e-a5b42c197f05 None admin] PATH_INFO: `/v3/domains` {{(pid=67735) log_request_info /opt/stack/keystone/keystone/server/flask/request_processing/req_logging.py:28}}
Apr 28 19:12:48 ubuntu devstack@keystone.service[67735]: DEBUG keystone.common.rbac_enforcer.enforcer [None req-e99c2faa-542c-4f1a-907e-a5b42c197f05 None admin] RBAC: Adding query filter params (name=Default) {{(pid=67735) _extract_filter_values /opt/stack/keystone/keystone/common/rbac_enforcer/enforcer.py:176}}
Apr 28 19:12:48 ubuntu devstack@keystone.service[67735]: DEBUG keystone.common.rbac_enforcer.enforcer [None req-e99c2faa-542c-4f1a-907e-a5b42c197f05 None admin] RBAC: Authorizing `identity:list_domains()` {{(pid=67735) enforce_call /opt/stack/keystone/keystone/common/rbac_enforcer/enforcer.py:494}}
Apr 28 19:12:48 ubuntu devstack@keystone.service[67735]: DEBUG keystone.common.rbac_enforcer.enforcer [None req-e99c2faa-542c-4f1a-907e-a5b42c197f05 None admin] RBAC: Authorization granted {{(pid=67735) enforce_call /opt/stack/keystone/keystone/common/rbac_enforcer/enforcer.py:505}}
Apr 28 19:12:48 ubuntu devstack@keystone.service[67735]: [pid: 67735|app: 0|req: 15/30] 10.120.125.143 () {58 vars in 1190 bytes} [Tue Apr 28 19:12:48 2026] GET /identity/v3/domains?name=Default => generated 310 bytes in 80 msecs (HTTP/1.1 200) 5 headers in 177 bytes (1 switches on core 0)
Apr 28 19:12:48 ubuntu devstack@keystone.service[67734]: DEBUG keystone.server.flask.request_processing.middleware.auth_context [None req-aa4da9b0-7cae-49d0-88d4-f4b7ebb29bed None admin] Validating token access rules against request {{(pid=67734) validate_allowed_request /opt/stack/data/venv/lib/python3.12/site-packages/keystonemiddleware/auth_token/__init__.py:545}}
Apr 28 19:12:48 ubuntu devstack@keystone.service[67734]: DEBUG keystone.server.flask.request_processing.middleware.auth_context [None req-59a410b2-a9f9-4303-a724-9b3418c3a7c2 None admin] RBAC: auth_context: {'token': <TokenModel (audit_id=lqbCjTioT-GC8mSUmd44wA, audit_chain_id=['lqbCjTioT-GC8mSUmd44wA']) at 0x708aeda59640>, 'domain_id': None, 'trust_id': None, 'trustor_id': None, 'trustee_id': None, 'domain_name': None, 'group_ids': [], 'user_id': '39e3352d11f046d0be48bccd073deea6', 'user_domain_id': 'default', 'system_scope': 'all', 'project_id': None, 'project_domain_id': None, 'roles': ['admin', 'manager', 'member', 'reader'], 'is_admin_project': True, 'service_user_id': None, 'service_user_domain_id': None, 'service_project_id': None, 'service_project_domain_id': None, 'service_roles': []} {{(pid=67734) fill_context /opt/stack/keystone/keystone/server/flask/request_processing/middleware/auth_context.py:509}}
Apr 28 19:12:48 ubuntu devstack@keystone.service[67734]: DEBUG keystone.server.flask.request_processing.req_logging [None req-59a410b2-a9f9-4303-a724-9b3418c3a7c2 None admin] REQUEST_METHOD: `GET` {{(pid=67734) log_request_info /opt/stack/keystone/keystone/server/flask/request_processing/req_logging.py:26}}
Apr 28 19:12:48 ubuntu devstack@keystone.service[67734]: DEBUG keystone.server.flask.request_processing.req_logging [None req-59a410b2-a9f9-4303-a724-9b3418c3a7c2 None admin] SCRIPT_NAME: `/identity` {{(pid=67734) log_request_info /opt/stack/keystone/keystone/server/flask/request_processing/req_logging.py:27}}
Apr 28 19:12:48 ubuntu devstack@keystone.service[67734]: DEBUG keystone.server.flask.request_processing.req_logging [None req-59a410b2-a9f9-4303-a724-9b3418c3a7c2 None admin] PATH_INFO: `/v3/roles/admin` {{(pid=67734) log_request_info /opt/stack/keystone/keystone/server/flask/request_processing/req_logging.py:28}}
Apr 28 19:12:48 ubuntu devstack@keystone.service[67734]: DEBUG keystone.common.rbac_enforcer.enforcer [None req-59a410b2-a9f9-4303-a724-9b3418c3a7c2 None admin] Extracting inferred target data resulted in "NOT FOUND (404)". {{(pid=67734) enforce_call /opt/stack/keystone/keystone/common/rbac_enforcer/enforcer.py:445}}
Apr 28 19:12:48 ubuntu devstack@keystone.service[67734]: DEBUG keystone.server.flask.application [None req-59a410b2-a9f9-4303-a724-9b3418c3a7c2 None admin] Could not find role: admin. {{(pid=67734) _handle_keystone_exception /opt/stack/keystone/keystone/server/flask/application.py:146}}
Apr 28 19:12:48 ubuntu devstack@keystone.service[67734]: [pid: 67734|app: 0|req: 16/31] 10.120.125.143 () {58 vars in 1164 bytes} [Tue Apr 28 19:12:48 2026] GET /identity/v3/roles/admin => generated 83 bytes in 128 msecs (HTTP/1.1 404) 5 headers in 183 bytes (1 switches on core 0)
Apr 28 19:12:48 ubuntu devstack@keystone.service[67735]: DEBUG keystone.server.flask.request_processing.req_logging [None req-b71fa034-c7eb-44b2-b9da-70928636dab0 None None] REQUEST_METHOD: `GET` {{(pid=67735) log_request_info /opt/stack/keystone/keystone/server/flask/request_processing/req_logging.py:26}}
Apr 28 19:12:48 ubuntu devstack@keystone.service[67735]: DEBUG keystone.server.flask.request_processing.req_logging [None req-b71fa034-c7eb-44b2-b9da-70928636dab0 None None] SCRIPT_NAME: `/identity` {{(pid=67735) log_request_info /opt/stack/keystone/keystone/server/flask/request_processing/req_logging.py:27}}
Apr 28 19:12:48 ubuntu devstack@keystone.service[67735]: DEBUG keystone.server.flask.request_processing.req_logging [None req-b71fa034-c7eb-44b2-b9da-70928636dab0 None None] PATH_INFO: `/` {{(pid=67735) log_request_info /opt/stack/keystone/keystone/server/flask/request_processing/req_logging.py:28}}
Apr 28 19:12:48 ubuntu devstack@keystone.service[67735]: [pid: 67735|app: 0|req: 16/32] 10.120.125.143 () {56 vars in 951 bytes} [Tue Apr 28 19:12:48 2026] GET /identity => generated 271 bytes in 1 msecs (HTTP/1.1 300) 6 headers in 235 bytes (1 switches on core 0)
Apr 28 19:12:48 ubuntu devstack@keystone.service[67734]: DEBUG keystone.server.flask.request_processing.req_logging [None req-c1a90e87-8518-473c-ae1d-e0d6d857dfba None None] REQUEST_METHOD: `GET` {{(pid=67734) log_request_info /opt/stack/keystone/keystone/server/flask/request_processing/req_logging.py:26}}
Apr 28 19:12:48 ubuntu devstack@keystone.service[67734]: DEBUG keystone.server.flask.request_processing.req_logging [None req-c1a90e87-8518-473c-ae1d-e0d6d857dfba None None] SCRIPT_NAME: `/identity` {{(pid=67734) log_request_info /opt/stack/keystone/keystone/server/flask/request_processing/req_logging.py:27}}
Apr 28 19:12:48 ubuntu devstack@keystone.service[67734]: DEBUG keystone.server.flask.request_processing.req_logging [None req-c1a90e87-8518-473c-ae1d-e0d6d857dfba None None] PATH_INFO: `/` {{(pid=67734) log_request_info /opt/stack/keystone/keystone/server/flask/request_processing/req_logging.py:28}}
Apr 28 19:12:48 ubuntu devstack@keystone.service[67734]: [pid: 67734|app: 0|req: 17/33] 10.120.125.143 () {56 vars in 951 bytes} [Tue Apr 28 19:12:48 2026] GET /identity => generated 271 bytes in 1 msecs (HTTP/1.1 300) 6 headers in 235 bytes (2 switches on core 0)
Apr 28 19:12:48 ubuntu devstack@keystone.service[67735]: DEBUG keystone.server.flask.request_processing.middleware.auth_context [None req-b71fa034-c7eb-44b2-b9da-70928636dab0 None None] Authenticating user token {{(pid=67735) process_request /opt/stack/data/venv/lib/python3.12/site-packages/keystonemiddleware/auth_token/__init__.py:407}}
Apr 28 19:12:48 ubuntu devstack@keystone.service[67734]: DEBUG keystone.server.flask.request_processing.middleware.auth_context [None req-c1a90e87-8518-473c-ae1d-e0d6d857dfba None None] Authenticating user token {{(pid=67734) process_request /opt/stack/data/venv/lib/python3.12/site-packages/keystonemiddleware/auth_token/__init__.py:407}}
Apr 28 19:12:48 ubuntu devstack@keystone.service[67735]: DEBUG keystone.server.flask.request_processing.middleware.auth_context [None req-b71fa034-c7eb-44b2-b9da-70928636dab0 None None] Validating token access rules against request {{(pid=67735) validate_allowed_request /opt/stack/data/venv/lib/python3.12/site-packages/keystonemiddleware/auth_token/__init__.py:545}}
Apr 28 19:12:48 ubuntu devstack@keystone.service[67734]: DEBUG keystone.server.flask.request_processing.middleware.auth_context [None req-c1a90e87-8518-473c-ae1d-e0d6d857dfba None None] Validating token access rules against request {{(pid=67734) validate_allowed_request /opt/stack/data/venv/lib/python3.12/site-packages/keystonemiddleware/auth_token/__init__.py:545}}
Apr 28 19:12:48 ubuntu devstack@keystone.service[67734]: DEBUG keystone.server.flask.request_processing.middleware.auth_context [None req-92c9ba03-fce7-477c-917f-dd6d94926984 None admin] RBAC: auth_context: {'token': <TokenModel (audit_id=lqbCjTioT-GC8mSUmd44wA, audit_chain_id=['lqbCjTioT-GC8mSUmd44wA']) at 0x708aecd5f5c0>, 'domain_id': None, 'trust_id': None, 'trustor_id': None, 'trustee_id': None, 'domain_name': None, 'group_ids': [], 'user_id': '39e3352d11f046d0be48bccd073deea6', 'user_domain_id': 'default', 'system_scope': 'all', 'project_id': None, 'project_domain_id': None, 'roles': ['admin', 'manager', 'member', 'reader'], 'is_admin_project': True, 'service_user_id': None, 'service_user_domain_id': None, 'service_project_id': None, 'service_project_domain_id': None, 'service_roles': []} {{(pid=67734) fill_context /opt/stack/keystone/keystone/server/flask/request_processing/middleware/auth_context.py:509}}
Apr 28 19:12:48 ubuntu devstack@keystone.service[67735]: DEBUG keystone.server.flask.request_processing.middleware.auth_context [None req-31dbe0f2-ae5a-4dac-97f8-f3f6cdd2411a None admin] RBAC: auth_context: {'token': <TokenModel (audit_id=30zuc9qDS624Q5zHhTgcIw, audit_chain_id=['30zuc9qDS624Q5zHhTgcIw']) at 0x708aecda1850>, 'domain_id': None, 'trust_id': None, 'trustor_id': None, 'trustee_id': None, 'domain_name': None, 'group_ids': [], 'user_id': '39e3352d11f046d0be48bccd073deea6', 'user_domain_id': 'default', 'system_scope': 'all', 'project_id': None, 'project_domain_id': None, 'roles': ['admin', 'manager', 'member', 'reader'], 'is_admin_project': True, 'service_user_id': None, 'service_user_domain_id': None, 'service_project_id': None, 'service_project_domain_id': None, 'service_roles': []} {{(pid=67735) fill_context /opt/stack/keystone/keystone/server/flask/request_processing/middleware/auth_context.py:509}}
Apr 28 19:12:48 ubuntu devstack@keystone.service[67735]: DEBUG keystone.server.flask.request_processing.req_logging [None req-31dbe0f2-ae5a-4dac-97f8-f3f6cdd2411a None admin] REQUEST_METHOD: `POST` {{(pid=67735) log_request_info /opt/stack/keystone/keystone/server/flask/request_processing/req_logging.py:26}}
Apr 28 19:12:48 ubuntu devstack@keystone.service[67735]: DEBUG keystone.server.flask.request_processing.req_logging [None req-31dbe0f2-ae5a-4dac-97f8-f3f6cdd2411a None admin] SCRIPT_NAME: `/identity` {{(pid=67735) log_request_info /opt/stack/keystone/keystone/server/flask/request_processing/req_logging.py:27}}
Apr 28 19:12:48 ubuntu devstack@keystone.service[67734]: DEBUG keystone.server.flask.request_processing.req_logging [None req-92c9ba03-fce7-477c-917f-dd6d94926984 None admin] REQUEST_METHOD: `GET` {{(pid=67734) log_request_info /opt/stack/keystone/keystone/server/flask/request_processing/req_logging.py:26}}
Apr 28 19:12:48 ubuntu devstack@keystone.service[67735]: DEBUG keystone.server.flask.request_processing.req_logging [None req-31dbe0f2-ae5a-4dac-97f8-f3f6cdd2411a None admin] PATH_INFO: `/v3/projects` {{(pid=67735) log_request_info /opt/stack/keystone/keystone/server/flask/request_processing/req_logging.py:28}}
Apr 28 19:12:48 ubuntu devstack@keystone.service[67734]: DEBUG keystone.server.flask.request_processing.req_logging [None req-92c9ba03-fce7-477c-917f-dd6d94926984 None admin] SCRIPT_NAME: `/identity` {{(pid=67734) log_request_info /opt/stack/keystone/keystone/server/flask/request_processing/req_logging.py:27}}
Apr 28 19:12:48 ubuntu devstack@keystone.service[67734]: DEBUG keystone.server.flask.request_processing.req_logging [None req-92c9ba03-fce7-477c-917f-dd6d94926984 None admin] PATH_INFO: `/v3/roles` {{(pid=67734) log_request_info /opt/stack/keystone/keystone/server/flask/request_processing/req_logging.py:28}}
Apr 28 19:12:48 ubuntu devstack@keystone.service[67735]: DEBUG keystone.common.rbac_enforcer.enforcer [None req-31dbe0f2-ae5a-4dac-97f8-f3f6cdd2411a None admin] RBAC: Authorizing `identity:create_project()` {{(pid=67735) enforce_call /opt/stack/keystone/keystone/common/rbac_enforcer/enforcer.py:494}}
Apr 28 19:12:48 ubuntu devstack@keystone.service[67734]: DEBUG keystone.common.rbac_enforcer.enforcer [None req-92c9ba03-fce7-477c-917f-dd6d94926984 None admin] RBAC: Adding query filter params (name=admin) {{(pid=67734) _extract_filter_values /opt/stack/keystone/keystone/common/rbac_enforcer/enforcer.py:176}}
Apr 28 19:12:48 ubuntu devstack@keystone.service[67734]: DEBUG keystone.common.rbac_enforcer.enforcer [None req-92c9ba03-fce7-477c-917f-dd6d94926984 None admin] RBAC: Authorizing `identity:list_roles()` {{(pid=67734) enforce_call /opt/stack/keystone/keystone/common/rbac_enforcer/enforcer.py:494}}
Apr 28 19:12:48 ubuntu devstack@keystone.service[67735]: DEBUG keystone.common.rbac_enforcer.enforcer [None req-31dbe0f2-ae5a-4dac-97f8-f3f6cdd2411a None admin] RBAC: Authorization granted {{(pid=67735) enforce_call /opt/stack/keystone/keystone/common/rbac_enforcer/enforcer.py:505}}
Apr 28 19:12:48 ubuntu devstack@keystone.service[67734]: DEBUG keystone.common.rbac_enforcer.enforcer [None req-92c9ba03-fce7-477c-917f-dd6d94926984 None admin] RBAC: Authorization granted {{(pid=67734) enforce_call /opt/stack/keystone/keystone/common/rbac_enforcer/enforcer.py:505}}
Apr 28 19:12:48 ubuntu devstack@keystone.service[67734]: [pid: 67734|app: 0|req: 18/34] 10.120.125.143 () {58 vars in 1180 bytes} [Tue Apr 28 19:12:48 2026] GET /identity/v3/roles?name=admin => generated 341 bytes in 83 msecs (HTTP/1.1 200) 5 headers in 177 bytes (1 switches on core 0)
Apr 28 19:12:48 ubuntu devstack@keystone.service[67734]: DEBUG keystone.server.flask.request_processing.req_logging [None req-7c4e7f65-43e8-4c5d-99c6-cbef14fddb61 None None] REQUEST_METHOD: `GET` {{(pid=67734) log_request_info /opt/stack/keystone/keystone/server/flask/request_processing/req_logging.py:26}}
Apr 28 19:12:48 ubuntu devstack@keystone.service[67734]: DEBUG keystone.server.flask.request_processing.req_logging [None req-7c4e7f65-43e8-4c5d-99c6-cbef14fddb61 None None] SCRIPT_NAME: `/identity` {{(pid=67734) log_request_info /opt/stack/keystone/keystone/server/flask/request_processing/req_logging.py:27}}
Apr 28 19:12:48 ubuntu devstack@keystone.service[67734]: DEBUG keystone.server.flask.request_processing.req_logging [None req-7c4e7f65-43e8-4c5d-99c6-cbef14fddb61 None None] PATH_INFO: `/` {{(pid=67734) log_request_info /opt/stack/keystone/keystone/server/flask/request_processing/req_logging.py:28}}
Apr 28 19:12:48 ubuntu devstack@keystone.service[67734]: [pid: 67734|app: 0|req: 19/35] 10.120.125.143 () {56 vars in 951 bytes} [Tue Apr 28 19:12:48 2026] GET /identity => generated 271 bytes in 1 msecs (HTTP/1.1 300) 6 headers in 235 bytes (1 switches on core 0)
Apr 28 19:12:48 ubuntu devstack@keystone.service[67734]: DEBUG keystone.server.flask.request_processing.middleware.auth_context [None req-7c4e7f65-43e8-4c5d-99c6-cbef14fddb61 None None] Authenticating user token {{(pid=67734) process_request /opt/stack/data/venv/lib/python3.12/site-packages/keystonemiddleware/auth_token/__init__.py:407}}
Apr 28 19:12:48 ubuntu devstack@keystone.service[67734]: DEBUG keystone.server.flask.request_processing.middleware.auth_context [None req-7c4e7f65-43e8-4c5d-99c6-cbef14fddb61 None None] Validating token access rules against request {{(pid=67734) validate_allowed_request /opt/stack/data/venv/lib/python3.12/site-packages/keystonemiddleware/auth_token/__init__.py:545}}
Apr 28 19:12:48 ubuntu devstack@keystone.service[67734]: DEBUG keystone.server.flask.request_processing.middleware.auth_context [None req-c6954bc6-408c-4976-af5f-7d8e772ddd64 None admin] RBAC: auth_context: {'token': <TokenModel (audit_id=Ry3jr7R6QmegKQk69c4wXQ, audit_chain_id=['Ry3jr7R6QmegKQk69c4wXQ']) at 0x708aecb405f0>, 'domain_id': None, 'trust_id': None, 'trustor_id': None, 'trustee_id': None, 'domain_name': None, 'group_ids': [], 'user_id': '39e3352d11f046d0be48bccd073deea6', 'user_domain_id': 'default', 'system_scope': 'all', 'project_id': None, 'project_domain_id': None, 'roles': ['admin', 'manager', 'member', 'reader'], 'is_admin_project': True, 'service_user_id': None, 'service_user_domain_id': None, 'service_project_id': None, 'service_project_domain_id': None, 'service_roles': []} {{(pid=67734) fill_context /opt/stack/keystone/keystone/server/flask/request_processing/middleware/auth_context.py:509}}
Apr 28 19:12:48 ubuntu devstack@keystone.service[67734]: DEBUG keystone.server.flask.request_processing.req_logging [None req-c6954bc6-408c-4976-af5f-7d8e772ddd64 None admin] REQUEST_METHOD: `POST` {{(pid=67734) log_request_info /opt/stack/keystone/keystone/server/flask/request_processing/req_logging.py:26}}
Apr 28 19:12:48 ubuntu devstack@keystone.service[67734]: DEBUG keystone.server.flask.request_processing.req_logging [None req-c6954bc6-408c-4976-af5f-7d8e772ddd64 None admin] SCRIPT_NAME: `/identity` {{(pid=67734) log_request_info /opt/stack/keystone/keystone/server/flask/request_processing/req_logging.py:27}}
Apr 28 19:12:48 ubuntu devstack@keystone.service[67734]: DEBUG keystone.server.flask.request_processing.req_logging [None req-c6954bc6-408c-4976-af5f-7d8e772ddd64 None admin] PATH_INFO: `/v3/roles` {{(pid=67734) log_request_info /opt/stack/keystone/keystone/server/flask/request_processing/req_logging.py:28}}
Apr 28 19:12:48 ubuntu devstack@keystone.service[67734]: DEBUG keystone.common.rbac_enforcer.enforcer [None req-c6954bc6-408c-4976-af5f-7d8e772ddd64 None admin] RBAC: Authorizing `identity:create_role()` {{(pid=67734) enforce_call /opt/stack/keystone/keystone/common/rbac_enforcer/enforcer.py:494}}
Apr 28 19:12:48 ubuntu devstack@keystone.service[67734]: DEBUG keystone.common.rbac_enforcer.enforcer [None req-c6954bc6-408c-4976-af5f-7d8e772ddd64 None admin] RBAC: Authorization granted {{(pid=67734) enforce_call /opt/stack/keystone/keystone/common/rbac_enforcer/enforcer.py:505}}
Apr 28 19:12:48 ubuntu devstack@keystone.service[67734]: DEBUG keystone.common.sql.core [None req-c6954bc6-408c-4976-af5f-7d8e772ddd64 None admin] Conflict role: (pymysql.err.IntegrityError) (1062, "Duplicate entry 'service-<<null>>' for key 'role.ixu_role_name_domain_id'")
Apr 28 19:12:48 ubuntu devstack@keystone.service[67734]: [SQL: INSERT INTO `role` (id, name, description, extra) VALUES (%(id)s, %(name)s, %(description)s, %(extra)s)]
Apr 28 19:12:48 ubuntu devstack@keystone.service[67734]: [parameters: {'id': 'b2c858ebb4cf49d8abee3b6a0967922d', 'name': 'service', 'description': None, 'extra': '{}'}]
Apr 28 19:12:48 ubuntu devstack@keystone.service[67734]: (Background on this error at: https://sqlalche.me/e/20/gkpj) {{(pid=67734) wrapper /opt/stack/keystone/keystone/common/sql/core.py:580}}
Apr 28 19:12:48 ubuntu devstack@keystone.service[67734]: ERROR keystone.server.flask.application [None req-c6954bc6-408c-4976-af5f-7d8e772ddd64 None admin] Conflict occurred attempting to store role - Duplicate entry found with name service.: keystone.exception.Conflict: Conflict occurred attempting to store role - Duplicate entry found with name service.
Apr 28 19:12:48 ubuntu devstack@keystone.service[67734]: ERROR keystone.server.flask.application Traceback (most recent call last):
Apr 28 19:12:48 ubuntu devstack@keystone.service[67734]: ERROR keystone.server.flask.application   File "/opt/stack/data/venv/lib/python3.12/site-packages/sqlalchemy/engine/base.py", line 1967, in _exec_single_context
Apr 28 19:12:48 ubuntu devstack@keystone.service[67734]: ERROR keystone.server.flask.application     self.dialect.do_execute(
Apr 28 19:12:48 ubuntu devstack@keystone.service[67734]: ERROR keystone.server.flask.application   File "/opt/stack/data/venv/lib/python3.12/site-packages/sqlalchemy/engine/default.py", line 952, in do_execute
Apr 28 19:12:48 ubuntu devstack@keystone.service[67734]: ERROR keystone.server.flask.application     cursor.execute(statement, parameters)
Apr 28 19:12:48 ubuntu devstack@keystone.service[67734]: ERROR keystone.server.flask.application   File "/opt/stack/data/venv/lib/python3.12/site-packages/pymysql/cursors.py", line 153, in execute
Apr 28 19:12:48 ubuntu devstack@keystone.service[67734]: ERROR keystone.server.flask.application     result = self._query(query)
Apr 28 19:12:48 ubuntu devstack@keystone.service[67734]: ERROR keystone.server.flask.application              ^^^^^^^^^^^^^^^^^^
Apr 28 19:12:48 ubuntu devstack@keystone.service[67734]: ERROR keystone.server.flask.application   File "/opt/stack/data/venv/lib/python3.12/site-packages/pymysql/cursors.py", line 322, in _query
Apr 28 19:12:48 ubuntu devstack@keystone.service[67734]: ERROR keystone.server.flask.application     conn.query(q)
Apr 28 19:12:48 ubuntu devstack@keystone.service[67734]: ERROR keystone.server.flask.application   File "/opt/stack/data/venv/lib/python3.12/site-packages/pymysql/connections.py", line 575, in query
Apr 28 19:12:48 ubuntu devstack@keystone.service[67734]: ERROR keystone.server.flask.application     self._affected_rows = self._read_query_result(unbuffered=unbuffered)
Apr 28 19:12:48 ubuntu devstack@keystone.service[67734]: ERROR keystone.server.flask.application                           ^^^^^^^^^^^^^^^^^^^^^^^^^^^^^^^^^^^^^^^^^^^^^^
Apr 28 19:12:48 ubuntu devstack@keystone.service[67734]: ERROR keystone.server.flask.application   File "/opt/stack/data/venv/lib/python3.12/site-packages/pymysql/connections.py", line 826, in _read_query_result
Apr 28 19:12:48 ubuntu devstack@keystone.service[67734]: ERROR keystone.server.flask.application     result.read()
Apr 28 19:12:48 ubuntu devstack@keystone.service[67734]: ERROR keystone.server.flask.application   File "/opt/stack/data/venv/lib/python3.12/site-packages/pymysql/connections.py", line 1203, in read
Apr 28 19:12:48 ubuntu devstack@keystone.service[67734]: ERROR keystone.server.flask.application     first_packet = self.connection._read_packet()
Apr 28 19:12:48 ubuntu devstack@keystone.service[67734]: ERROR keystone.server.flask.application                    ^^^^^^^^^^^^^^^^^^^^^^^^^^^^^^
Apr 28 19:12:48 ubuntu devstack@keystone.service[67734]: ERROR keystone.server.flask.application   File "/opt/stack/data/venv/lib/python3.12/site-packages/pymysql/connections.py", line 782, in _read_packet
Apr 28 19:12:48 ubuntu devstack@keystone.service[67734]: ERROR keystone.server.flask.application     packet.raise_for_error()
Apr 28 19:12:48 ubuntu devstack@keystone.service[67734]: ERROR keystone.server.flask.application   File "/opt/stack/data/venv/lib/python3.12/site-packages/pymysql/protocol.py", line 219, in raise_for_error
Apr 28 19:12:48 ubuntu devstack@keystone.service[67734]: ERROR keystone.server.flask.application     err.raise_mysql_exception(self._data)
Apr 28 19:12:48 ubuntu devstack@keystone.service[67734]: ERROR keystone.server.flask.application   File "/opt/stack/data/venv/lib/python3.12/site-packages/pymysql/err.py", line 150, in raise_mysql_exception
Apr 28 19:12:48 ubuntu devstack@keystone.service[67734]: ERROR keystone.server.flask.application     raise errorclass(errno, errval)
Apr 28 19:12:48 ubuntu devstack@keystone.service[67734]: ERROR keystone.server.flask.application pymysql.err.IntegrityError: (1062, "Duplicate entry 'service-<<null>>' for key 'role.ixu_role_name_domain_id'")
Apr 28 19:12:48 ubuntu devstack@keystone.service[67734]: ERROR keystone.server.flask.application 
Apr 28 19:12:48 ubuntu devstack@keystone.service[67734]: ERROR keystone.server.flask.application The above exception was the direct cause of the following exception:
Apr 28 19:12:48 ubuntu devstack@keystone.service[67734]: ERROR keystone.server.flask.application 
Apr 28 19:12:48 ubuntu devstack@keystone.service[67734]: ERROR keystone.server.flask.application Traceback (most recent call last):
Apr 28 19:12:48 ubuntu devstack@keystone.service[67734]: ERROR keystone.server.flask.application   File "/opt/stack/keystone/keystone/common/sql/core.py", line 575, in wrapper
Apr 28 19:12:48 ubuntu devstack@keystone.service[67734]: ERROR keystone.server.flask.application     return method(*args, **kwargs)
Apr 28 19:12:48 ubuntu devstack@keystone.service[67734]: ERROR keystone.server.flask.application            ^^^^^^^^^^^^^^^^^^^^^^^
Apr 28 19:12:48 ubuntu devstack@keystone.service[67734]: ERROR keystone.server.flask.application   File "/opt/stack/keystone/keystone/assignment/role_backends/sql.py", line 25, in create_role
Apr 28 19:12:48 ubuntu devstack@keystone.service[67734]: ERROR keystone.server.flask.application     with sql.session_for_write() as session:
Apr 28 19:12:48 ubuntu devstack@keystone.service[67734]: ERROR keystone.server.flask.application   File "/usr/lib/python3.12/contextlib.py", line 144, in __exit__
Apr 28 19:12:48 ubuntu devstack@keystone.service[67734]: ERROR keystone.server.flask.application     next(self.gen)
Apr 28 19:12:48 ubuntu devstack@keystone.service[67734]: ERROR keystone.server.flask.application   File "/opt/stack/data/venv/lib/python3.12/site-packages/oslo_db/sqlalchemy/enginefacade.py", line 1175, in _transaction_scope
Apr 28 19:12:48 ubuntu devstack@keystone.service[67734]: ERROR keystone.server.flask.application     with current._produce_block(
Apr 28 19:12:48 ubuntu devstack@keystone.service[67734]: ERROR keystone.server.flask.application   File "/usr/lib/python3.12/contextlib.py", line 144, in __exit__
Apr 28 19:12:48 ubuntu devstack@keystone.service[67734]: ERROR keystone.server.flask.application     next(self.gen)
Apr 28 19:12:48 ubuntu devstack@keystone.service[67734]: ERROR keystone.server.flask.application   File "/opt/stack/data/venv/lib/python3.12/site-packages/oslo_db/sqlalchemy/enginefacade.py", line 837, in _session
Apr 28 19:12:48 ubuntu devstack@keystone.service[67734]: ERROR keystone.server.flask.application     with excutils.save_and_reraise_exception():
Apr 28 19:12:48 ubuntu devstack@keystone.service[67734]: ERROR keystone.server.flask.application   File "/opt/stack/data/venv/lib/python3.12/site-packages/oslo_utils/excutils.py", line 271, in __exit__
Apr 28 19:12:48 ubuntu devstack@keystone.service[67734]: ERROR keystone.server.flask.application     self.force_reraise()
Apr 28 19:12:48 ubuntu devstack@keystone.service[67734]: ERROR keystone.server.flask.application   File "/opt/stack/data/venv/lib/python3.12/site-packages/oslo_utils/excutils.py", line 233, in force_reraise
Apr 28 19:12:48 ubuntu devstack@keystone.service[67734]: ERROR keystone.server.flask.application     raise self.value
Apr 28 19:12:48 ubuntu devstack@keystone.service[67734]: ERROR keystone.server.flask.application   File "/opt/stack/data/venv/lib/python3.12/site-packages/oslo_db/sqlalchemy/enginefacade.py", line 835, in _session
Apr 28 19:12:48 ubuntu devstack@keystone.service[67734]: ERROR keystone.server.flask.application     self._end_session_transaction(self.session)
Apr 28 19:12:48 ubuntu devstack@keystone.service[67734]: ERROR keystone.server.flask.application   File "/opt/stack/data/venv/lib/python3.12/site-packages/oslo_db/sqlalchemy/enginefacade.py", line 748, in _end_session_transaction
Apr 28 19:12:48 ubuntu devstack@keystone.service[67734]: ERROR keystone.server.flask.application     session.commit()
Apr 28 19:12:48 ubuntu devstack@keystone.service[67734]: ERROR keystone.server.flask.application   File "/opt/stack/data/venv/lib/python3.12/site-packages/sqlalchemy/orm/session.py", line 2030, in commit
Apr 28 19:12:48 ubuntu devstack@keystone.service[67734]: ERROR keystone.server.flask.application     trans.commit(_to_root=True)
Apr 28 19:12:48 ubuntu devstack@keystone.service[67734]: ERROR keystone.server.flask.application   File "<string>", line 2, in commit
