Jan 03 20:31:17 jammy-provider-cloud-0000007878 neutron-server[90703]: DEBUG neutron.api.extensions [None req-7659e63f-5b18-4d7b-a82a-cc55b4d801e4 None None] Ext name="Trunk port details" alias="trunk-details" description="Expose trunk port details" updated="2016-01-01T10:00:00-00:00" {{(pid=90703) _check_extension /opt/stack/neutron/neutron/api/extensions.py:415}}
Jan 03 20:31:17 jammy-provider-cloud-0000007878 neutron-server[90703]: INFO neutron.api.extensions [None req-7659e63f-5b18-4d7b-a82a-cc55b4d801e4 None None] Extension trunk-details not supported by any of loaded plugins
Jan 03 20:31:17 jammy-provider-cloud-0000007878 neutron-server[90703]: DEBUG neutron.api.extensions [None req-7659e63f-5b18-4d7b-a82a-cc55b4d801e4 None None] Loading extension file: uplink_status_propagation.py {{(pid=90703) _load_all_extensions_from_path /opt/stack/neutron/neutron/api/extensions.py:449}}
Jan 03 20:31:17 jammy-provider-cloud-0000007878 neutron-server[90703]: DEBUG neutron.api.extensions [None req-7659e63f-5b18-4d7b-a82a-cc55b4d801e4 None None] Ext name="Uplink status propagation extension" alias="uplink-status-propagation" description="Provides ability to propagate port uplink status." updated="2018-05-31T18:00:00-00:00" {{(pid=90703) _check_extension /opt/stack/neutron/neutron/api/extensions.py:415}}
Jan 03 20:31:17 jammy-provider-cloud-0000007878 neutron-server[90703]: INFO neutron.api.extensions [None req-7659e63f-5b18-4d7b-a82a-cc55b4d801e4 None None] Extension uplink-status-propagation not supported by any of loaded plugins
Jan 03 20:31:17 jammy-provider-cloud-0000007878 neutron-server[90703]: DEBUG neutron.api.extensions [None req-7659e63f-5b18-4d7b-a82a-cc55b4d801e4 None None] Loading extension file: uplink_status_propagation_updatable.py {{(pid=90703) _load_all_extensions_from_path /opt/stack/neutron/neutron/api/extensions.py:449}}
Jan 03 20:31:17 jammy-provider-cloud-0000007878 neutron-server[90703]: DEBUG neutron.api.extensions [None req-7659e63f-5b18-4d7b-a82a-cc55b4d801e4 None None] Ext name="Uplink status propagation updatable extension" alias="uplink-status-propagation-updatable" description="Provides ability to update the port uplink status." updated="2024-09-03T18:00:00-00:00" {{(pid=90703) _check_extension /opt/stack/neutron/neutron/api/extensions.py:415}}
Jan 03 20:31:17 jammy-provider-cloud-0000007878 neutron-server[90703]: INFO neutron.api.extensions [None req-7659e63f-5b18-4d7b-a82a-cc55b4d801e4 None None] Extension uplink-status-propagation-updatable not supported by any of loaded plugins
Jan 03 20:31:17 jammy-provider-cloud-0000007878 neutron-server[90703]: DEBUG neutron.api.extensions [None req-7659e63f-5b18-4d7b-a82a-cc55b4d801e4 None None] Loading extension file: vlantransparent.py {{(pid=90703) _load_all_extensions_from_path /opt/stack/neutron/neutron/api/extensions.py:449}}
Jan 03 20:31:17 jammy-provider-cloud-0000007878 neutron-server[90703]: DEBUG neutron.api.extensions [None req-7659e63f-5b18-4d7b-a82a-cc55b4d801e4 None None] Ext name="Vlantransparent" alias="vlan-transparent" description="Provides Vlan Transparent Networks" updated="2015-03-23T09:00:00-00:00" {{(pid=90703) _check_extension /opt/stack/neutron/neutron/api/extensions.py:415}}
Jan 03 20:31:17 jammy-provider-cloud-0000007878 neutron-server[90703]: INFO neutron.api.extensions [None req-7659e63f-5b18-4d7b-a82a-cc55b4d801e4 None None] Extension vlan-transparent not supported by any of loaded plugins
Jan 03 20:31:17 jammy-provider-cloud-0000007878 neutron-server[90703]: INFO neutron.quota.resource_registry [None req-7659e63f-5b18-4d7b-a82a-cc55b4d801e4 None None] Creating instance of TrackedResource for resource:network
Jan 03 20:31:17 jammy-provider-cloud-0000007878 neutron-server[90703]: INFO neutron.quota.resource_registry [None req-7659e63f-5b18-4d7b-a82a-cc55b4d801e4 None None] Creating instance of TrackedResource for resource:subnet
Jan 03 20:31:17 jammy-provider-cloud-0000007878 neutron-server[90703]: INFO neutron.quota.resource_registry [None req-7659e63f-5b18-4d7b-a82a-cc55b4d801e4 None None] Creating instance of TrackedResource for resource:subnetpool
Jan 03 20:31:17 jammy-provider-cloud-0000007878 neutron-server[90703]: INFO neutron.quota.resource_registry [None req-7659e63f-5b18-4d7b-a82a-cc55b4d801e4 None None] Creating instance of TrackedResource for resource:port
Jan 03 20:31:17 jammy-provider-cloud-0000007878 neutron-server[90703]: DEBUG neutron.api.v2.resource_helper [None req-7659e63f-5b18-4d7b-a82a-cc55b4d801e4 None None] Service FLAVORS assigned prefix:  {{(pid=90703) build_resource_info /opt/stack/neutron/neutron/api/v2/resource_helper.py:77}}
Jan 03 20:31:17 jammy-provider-cloud-0000007878 neutron-server[90703]: DEBUG neutron.api.v2.resource_helper [None req-7659e63f-5b18-4d7b-a82a-cc55b4d801e4 None None] Service L3_ROUTER_NAT assigned prefix:  {{(pid=90703) build_resource_info /opt/stack/neutron/neutron/api/v2/resource_helper.py:77}}
Jan 03 20:31:17 jammy-provider-cloud-0000007878 neutron-server[90703]: DEBUG neutron.api.v2.resource_helper [None req-7659e63f-5b18-4d7b-a82a-cc55b4d801e4 None None] Service L3_ROUTER_NAT assigned prefix:  {{(pid=90703) build_resource_info /opt/stack/neutron/neutron/api/v2/resource_helper.py:77}}
Jan 03 20:31:17 jammy-provider-cloud-0000007878 neutron-server[90703]: INFO neutron.quota.resource_registry [None req-7659e63f-5b18-4d7b-a82a-cc55b4d801e4 None None] Creating instance of TrackedResource for resource:router
Jan 03 20:31:17 jammy-provider-cloud-0000007878 neutron-server[90703]: INFO neutron.quota.resource_registry [None req-7659e63f-5b18-4d7b-a82a-cc55b4d801e4 None None] Creating instance of TrackedResource for resource:floatingip
Jan 03 20:31:17 jammy-provider-cloud-0000007878 neutron-server[90703]: DEBUG neutron_lib.callbacks.manager [None req-7659e63f-5b18-4d7b-a82a-cc55b4d801e4 None None] Subscribe: <bound method NeutronDbPluginV2.validate_network_rbac_policy_change of <neutron.services.network_ip_availability.plugin.NetworkIPAvailabilityPlugin object at 0x7f7cc38b8dc0>> rbac-policy before_create 55550000, False {{(pid=90703) subscribe /opt/stack/data/venv/lib/python3.10/site-packages/neutron_lib/callbacks/manager.py:52}}
Jan 03 20:31:17 jammy-provider-cloud-0000007878 neutron-server[90703]: DEBUG neutron_lib.callbacks.manager [None req-7659e63f-5b18-4d7b-a82a-cc55b4d801e4 None None] Subscribe: <bound method NeutronDbPluginV2.validate_network_rbac_policy_change of <neutron.services.network_ip_availability.plugin.NetworkIPAvailabilityPlugin object at 0x7f7cc38b8dc0>> rbac-policy before_update 55550000, False {{(pid=90703) subscribe /opt/stack/data/venv/lib/python3.10/site-packages/neutron_lib/callbacks/manager.py:52}}
Jan 03 20:31:17 jammy-provider-cloud-0000007878 neutron-server[90703]: DEBUG neutron_lib.callbacks.manager [None req-7659e63f-5b18-4d7b-a82a-cc55b4d801e4 None None] Subscribe: <bound method NeutronDbPluginV2.validate_network_rbac_policy_change of <neutron.services.network_ip_availability.plugin.NetworkIPAvailabilityPlugin object at 0x7f7cc38b8dc0>> rbac-policy before_delete 55550000, False {{(pid=90703) subscribe /opt/stack/data/venv/lib/python3.10/site-packages/neutron_lib/callbacks/manager.py:52}}
Jan 03 20:31:17 jammy-provider-cloud-0000007878 neutron-server[90703]: INFO neutron.quota.resource_registry [None req-7659e63f-5b18-4d7b-a82a-cc55b4d801e4 None None] Creating instance of CountableResource for resource:rbac_policy
Jan 03 20:31:17 jammy-provider-cloud-0000007878 neutron-server[90703]: INFO neutron.quota.resource_registry [None req-7659e63f-5b18-4d7b-a82a-cc55b4d801e4 None None] Creating instance of TrackedResource for resource:security_group
Jan 03 20:31:17 jammy-provider-cloud-0000007878 neutron-server[90703]: INFO neutron.quota.resource_registry [None req-7659e63f-5b18-4d7b-a82a-cc55b4d801e4 None None] Creating instance of TrackedResource for resource:security_group_rule
Jan 03 20:31:17 jammy-provider-cloud-0000007878 neutron-server[90703]: DEBUG neutron.api.v2.resource_helper [None req-7659e63f-5b18-4d7b-a82a-cc55b4d801e4 None None] Service CORE assigned prefix:  {{(pid=90703) build_resource_info /opt/stack/neutron/neutron/api/v2/resource_helper.py:77}}
Jan 03 20:31:17 jammy-provider-cloud-0000007878 neutron-server[90703]: INFO neutron.quota.resource_registry [None req-7659e63f-5b18-4d7b-a82a-cc55b4d801e4 None None] Creating instance of TrackedResource for resource:subnetpool
Jan 03 20:31:17 jammy-provider-cloud-0000007878 neutron-server[90703]: WARNING neutron.quota.resource_registry [None req-7659e63f-5b18-4d7b-a82a-cc55b4d801e4 None None] subnetpool is already registered
Jan 03 20:31:17 jammy-provider-cloud-0000007878 neutron-server[90703]: DEBUG neutron.api.v2.resource_helper [None req-7659e63f-5b18-4d7b-a82a-cc55b4d801e4 None None] Service FLAVORS assigned prefix:  {{(pid=90703) build_resource_info /opt/stack/neutron/neutron/api/v2/resource_helper.py:77}}
Jan 03 20:31:17 jammy-provider-cloud-0000007878 neutron-server[90703]: DEBUG neutron.api.v2.resource_helper [None req-7659e63f-5b18-4d7b-a82a-cc55b4d801e4 None None] Service L3_ROUTER_NAT assigned prefix:  {{(pid=90703) build_resource_info /opt/stack/neutron/neutron/api/v2/resource_helper.py:77}}
Jan 03 20:31:17 jammy-provider-cloud-0000007878 neutron-server[90703]: DEBUG neutron.api.v2.resource_helper [None req-7659e63f-5b18-4d7b-a82a-cc55b4d801e4 None None] Service L3_ROUTER_NAT assigned prefix:  {{(pid=90703) build_resource_info /opt/stack/neutron/neutron/api/v2/resource_helper.py:77}}
Jan 03 20:31:17 jammy-provider-cloud-0000007878 neutron-server[90703]: INFO neutron.quota.resource_registry [None req-7659e63f-5b18-4d7b-a82a-cc55b4d801e4 None None] Creating instance of TrackedResource for resource:router
Jan 03 20:31:17 jammy-provider-cloud-0000007878 neutron-server[90703]: WARNING neutron.quota.resource_registry [None req-7659e63f-5b18-4d7b-a82a-cc55b4d801e4 None None] router is already registered
Jan 03 20:31:17 jammy-provider-cloud-0000007878 neutron-server[90703]: INFO neutron.quota.resource_registry [None req-7659e63f-5b18-4d7b-a82a-cc55b4d801e4 None None] Creating instance of TrackedResource for resource:floatingip
Jan 03 20:31:17 jammy-provider-cloud-0000007878 neutron-server[90703]: WARNING neutron.quota.resource_registry [None req-7659e63f-5b18-4d7b-a82a-cc55b4d801e4 None None] floatingip is already registered
Jan 03 20:31:17 jammy-provider-cloud-0000007878 neutron-server[90703]: INFO neutron.quota.resource_registry [None req-7659e63f-5b18-4d7b-a82a-cc55b4d801e4 None None] Creating instance of CountableResource for resource:rbac_policy
Jan 03 20:31:17 jammy-provider-cloud-0000007878 neutron-server[90703]: WARNING neutron.quota.resource_registry [None req-7659e63f-5b18-4d7b-a82a-cc55b4d801e4 None None] rbac_policy is already registered
Jan 03 20:31:17 jammy-provider-cloud-0000007878 neutron-server[90703]: INFO neutron.quota.resource_registry [None req-7659e63f-5b18-4d7b-a82a-cc55b4d801e4 None None] Creating instance of TrackedResource for resource:security_group
Jan 03 20:31:17 jammy-provider-cloud-0000007878 neutron-server[90703]: WARNING neutron.quota.resource_registry [None req-7659e63f-5b18-4d7b-a82a-cc55b4d801e4 None None] security_group is already registered
Jan 03 20:31:17 jammy-provider-cloud-0000007878 neutron-server[90703]: INFO neutron.quota.resource_registry [None req-7659e63f-5b18-4d7b-a82a-cc55b4d801e4 None None] Creating instance of TrackedResource for resource:security_group_rule
Jan 03 20:31:17 jammy-provider-cloud-0000007878 neutron-server[90703]: WARNING neutron.quota.resource_registry [None req-7659e63f-5b18-4d7b-a82a-cc55b4d801e4 None None] security_group_rule is already registered
Jan 03 20:31:17 jammy-provider-cloud-0000007878 neutron-server[90703]: DEBUG neutron.api.v2.resource_helper [None req-7659e63f-5b18-4d7b-a82a-cc55b4d801e4 None None] Service CORE assigned prefix:  {{(pid=90703) build_resource_info /opt/stack/neutron/neutron/api/v2/resource_helper.py:77}}
Jan 03 20:31:17 jammy-provider-cloud-0000007878 neutron-server[90703]: INFO neutron.quota.resource_registry [None req-7659e63f-5b18-4d7b-a82a-cc55b4d801e4 None None] Creating instance of TrackedResource for resource:subnetpool
Jan 03 20:31:17 jammy-provider-cloud-0000007878 neutron-server[90703]: WARNING neutron.quota.resource_registry [None req-7659e63f-5b18-4d7b-a82a-cc55b4d801e4 None None] subnetpool is already registered
Jan 03 20:31:17 jammy-provider-cloud-0000007878 neutron-server[90703]: DEBUG neutron.api.extensions [None req-7659e63f-5b18-4d7b-a82a-cc55b4d801e4 None None] Extended resource: extensions {{(pid=90703) __init__ /opt/stack/neutron/neutron/api/extensions.py:156}}
Jan 03 20:31:17 jammy-provider-cloud-0000007878 neutron-server[90703]: DEBUG neutron.api.extensions [None req-7659e63f-5b18-4d7b-a82a-cc55b4d801e4 None None] Extended resource: address-groups {{(pid=90703) __init__ /opt/stack/neutron/neutron/api/extensions.py:156}}
Jan 03 20:31:17 jammy-provider-cloud-0000007878 neutron-server[90703]: DEBUG neutron.api.extensions [None req-7659e63f-5b18-4d7b-a82a-cc55b4d801e4 None None] Extended resource: address-scopes {{(pid=90703) __init__ /opt/stack/neutron/neutron/api/extensions.py:156}}
Jan 03 20:31:17 jammy-provider-cloud-0000007878 neutron-server[90703]: DEBUG neutron.api.extensions [None req-7659e63f-5b18-4d7b-a82a-cc55b4d801e4 None None] Extended resource: agents {{(pid=90703) __init__ /opt/stack/neutron/neutron/api/extensions.py:156}}
Jan 03 20:31:17 jammy-provider-cloud-0000007878 neutron-server[90703]: DEBUG neutron.api.extensions [None req-7659e63f-5b18-4d7b-a82a-cc55b4d801e4 None None] Extended resource: auto-allocated-topology {{(pid=90703) __init__ /opt/stack/neutron/neutron/api/extensions.py:156}}
Jan 03 20:31:17 jammy-provider-cloud-0000007878 neutron-server[90703]: DEBUG neutron.api.extensions [None req-7659e63f-5b18-4d7b-a82a-cc55b4d801e4 None None] Extended resource: availability_zones {{(pid=90703) __init__ /opt/stack/neutron/neutron/api/extensions.py:156}}
Jan 03 20:31:17 jammy-provider-cloud-0000007878 neutron-server[90703]: DEBUG neutron.api.extensions [None req-7659e63f-5b18-4d7b-a82a-cc55b4d801e4 None None] Extended resource: dhcp-networks {{(pid=90703) __init__ /opt/stack/neutron/neutron/api/extensions.py:156}}
Jan 03 20:31:17 jammy-provider-cloud-0000007878 neutron-server[90703]: DEBUG neutron.api.extensions [None req-7659e63f-5b18-4d7b-a82a-cc55b4d801e4 None None] Extended resource: dhcp-agents {{(pid=90703) __init__ /opt/stack/neutron/neutron/api/extensions.py:156}}
Jan 03 20:31:17 jammy-provider-cloud-0000007878 neutron-server[90703]: DEBUG neutron.api.extensions [None req-7659e63f-5b18-4d7b-a82a-cc55b4d801e4 None None] Extended resource: flavors {{(pid=90703) __init__ /opt/stack/neutron/neutron/api/extensions.py:156}}
Jan 03 20:31:17 jammy-provider-cloud-0000007878 neutron-server[90703]: DEBUG neutron.api.extensions [None req-7659e63f-5b18-4d7b-a82a-cc55b4d801e4 None None] Extended resource: service_profiles {{(pid=90703) __init__ /opt/stack/neutron/neutron/api/extensions.py:156}}
Jan 03 20:31:17 jammy-provider-cloud-0000007878 neutron-server[90703]: DEBUG neutron.api.extensions [None req-7659e63f-5b18-4d7b-a82a-cc55b4d801e4 None None] Extended resource: next_providers {{(pid=90703) __init__ /opt/stack/neutron/neutron/api/extensions.py:156}}
Jan 03 20:31:17 jammy-provider-cloud-0000007878 neutron-server[90703]: DEBUG neutron.api.extensions [None req-7659e63f-5b18-4d7b-a82a-cc55b4d801e4 None None] Extended resource: service_profiles {{(pid=90703) __init__ /opt/stack/neutron/neutron/api/extensions.py:156}}
Jan 03 20:31:17 jammy-provider-cloud-0000007878 neutron-server[90703]: DEBUG neutron.api.extensions [None req-7659e63f-5b18-4d7b-a82a-cc55b4d801e4 None None] Extended resource: floatingip-pools {{(pid=90703) __init__ /opt/stack/neutron/neutron/api/extensions.py:156}}
Jan 03 20:31:17 jammy-provider-cloud-0000007878 neutron-server[90703]: DEBUG neutron.api.extensions [None req-7659e63f-5b18-4d7b-a82a-cc55b4d801e4 None None] Extended resource: routers {{(pid=90703) __init__ /opt/stack/neutron/neutron/api/extensions.py:156}}
Jan 03 20:31:17 jammy-provider-cloud-0000007878 neutron-server[90703]: DEBUG neutron.api.extensions [None req-7659e63f-5b18-4d7b-a82a-cc55b4d801e4 None None] Extended resource: floatingips {{(pid=90703) __init__ /opt/stack/neutron/neutron/api/extensions.py:156}}
Jan 03 20:31:17 jammy-provider-cloud-0000007878 neutron-server[90703]: DEBUG neutron.api.extensions [None req-7659e63f-5b18-4d7b-a82a-cc55b4d801e4 None None] Extended resource: network-ip-availabilities {{(pid=90703) __init__ /opt/stack/neutron/neutron/api/extensions.py:156}}
Jan 03 20:31:17 jammy-provider-cloud-0000007878 neutron-server[90703]: DEBUG neutron.api.extensions [None req-7659e63f-5b18-4d7b-a82a-cc55b4d801e4 None None] Extended resource: bindings {{(pid=90703) __init__ /opt/stack/neutron/neutron/api/extensions.py:156}}
Jan 03 20:31:17 jammy-provider-cloud-0000007878 neutron-server[90703]: DEBUG neutron.api.extensions [None req-7659e63f-5b18-4d7b-a82a-cc55b4d801e4 None None] Extended resource: quotas {{(pid=90703) __init__ /opt/stack/neutron/neutron/api/extensions.py:156}}
Jan 03 20:31:17 jammy-provider-cloud-0000007878 neutron-server[90703]: DEBUG neutron.api.extensions [None req-7659e63f-5b18-4d7b-a82a-cc55b4d801e4 None None] Extended resource: quotas {{(pid=90703) __init__ /opt/stack/neutron/neutron/api/extensions.py:156}}
Jan 03 20:31:17 jammy-provider-cloud-0000007878 neutron-server[90703]: DEBUG neutron.api.extensions [None req-7659e63f-5b18-4d7b-a82a-cc55b4d801e4 None None] Extended resource: rbac-policies {{(pid=90703) __init__ /opt/stack/neutron/neutron/api/extensions.py:156}}
Jan 03 20:31:17 jammy-provider-cloud-0000007878 neutron-server[90703]: DEBUG neutron.api.extensions [None req-7659e63f-5b18-4d7b-a82a-cc55b4d801e4 None None] Extended resource: default-security-group-rules {{(pid=90703) __init__ /opt/stack/neutron/neutron/api/extensions.py:156}}
Jan 03 20:31:17 jammy-provider-cloud-0000007878 neutron-server[90703]: DEBUG neutron.api.extensions [None req-7659e63f-5b18-4d7b-a82a-cc55b4d801e4 None None] Extended resource: security-groups {{(pid=90703) __init__ /opt/stack/neutron/neutron/api/extensions.py:156}}
Jan 03 20:31:17 jammy-provider-cloud-0000007878 neutron-server[90703]: DEBUG neutron.api.extensions [None req-7659e63f-5b18-4d7b-a82a-cc55b4d801e4 None None] Extended resource: security-group-rules {{(pid=90703) __init__ /opt/stack/neutron/neutron/api/extensions.py:156}}
Jan 03 20:31:17 jammy-provider-cloud-0000007878 neutron-server[90703]: DEBUG neutron.api.extensions [None req-7659e63f-5b18-4d7b-a82a-cc55b4d801e4 None None] Extended resource: service-providers {{(pid=90703) __init__ /opt/stack/neutron/neutron/api/extensions.py:156}}
Jan 03 20:31:17 jammy-provider-cloud-0000007878 neutron-server[90703]: DEBUG neutron.api.extensions [None req-7659e63f-5b18-4d7b-a82a-cc55b4d801e4 None None] Extended resource: subnetpools {{(pid=90703) __init__ /opt/stack/neutron/neutron/api/extensions.py:156}}
Jan 03 20:31:17 jammy-provider-cloud-0000007878 neutron-server[90703]: DEBUG neutron.api.extensions [None req-7659e63f-5b18-4d7b-a82a-cc55b4d801e4 None None] Extended resource: tags {{(pid=90703) __init__ /opt/stack/neutron/neutron/api/extensions.py:156}}
Jan 03 20:31:17 jammy-provider-cloud-0000007878 neutron-server[90703]: DEBUG neutron.api.extensions [None req-7659e63f-5b18-4d7b-a82a-cc55b4d801e4 None None] Extended resource: tags {{(pid=90703) __init__ /opt/stack/neutron/neutron/api/extensions.py:156}}
Jan 03 20:31:17 jammy-provider-cloud-0000007878 neutron-server[90703]: DEBUG neutron.api.extensions [None req-7659e63f-5b18-4d7b-a82a-cc55b4d801e4 None None] Extended resource: tags {{(pid=90703) __init__ /opt/stack/neutron/neutron/api/extensions.py:156}}
Jan 03 20:31:17 jammy-provider-cloud-0000007878 neutron-server[90703]: DEBUG neutron.api.extensions [None req-7659e63f-5b18-4d7b-a82a-cc55b4d801e4 None None] Extended resource: tags {{(pid=90703) __init__ /opt/stack/neutron/neutron/api/extensions.py:156}}
Jan 03 20:31:17 jammy-provider-cloud-0000007878 neutron-server[90703]: DEBUG neutron.api.extensions [None req-7659e63f-5b18-4d7b-a82a-cc55b4d801e4 None None] Extended resource: tags {{(pid=90703) __init__ /opt/stack/neutron/neutron/api/extensions.py:156}}
Jan 03 20:31:17 jammy-provider-cloud-0000007878 neutron-server[90703]: DEBUG neutron.api.extensions [None req-7659e63f-5b18-4d7b-a82a-cc55b4d801e4 None None] Extended resource: tags {{(pid=90703) __init__ /opt/stack/neutron/neutron/api/extensions.py:156}}
Jan 03 20:31:17 jammy-provider-cloud-0000007878 neutron-server[90703]: DEBUG neutron.api.extensions [None req-7659e63f-5b18-4d7b-a82a-cc55b4d801e4 None None] Extended resource: tags {{(pid=90703) __init__ /opt/stack/neutron/neutron/api/extensions.py:156}}
Jan 03 20:31:17 jammy-provider-cloud-0000007878 neutron-server[90703]: DEBUG neutron.api.extensions [None req-7659e63f-5b18-4d7b-a82a-cc55b4d801e4 None None] Extended resource: tags {{(pid=90703) __init__ /opt/stack/neutron/neutron/api/extensions.py:156}}
Jan 03 20:31:17 jammy-provider-cloud-0000007878 neutron-server[90703]: DEBUG neutron.api.extensions [None req-7659e63f-5b18-4d7b-a82a-cc55b4d801e4 None None] Extended resource: tags {{(pid=90703) __init__ /opt/stack/neutron/neutron/api/extensions.py:156}}
Jan 03 20:31:17 jammy-provider-cloud-0000007878 neutron-server[90703]: DEBUG neutron.api.extensions [None req-7659e63f-5b18-4d7b-a82a-cc55b4d801e4 None None] Extended resource: tags {{(pid=90703) __init__ /opt/stack/neutron/neutron/api/extensions.py:156}}
Jan 03 20:31:17 jammy-provider-cloud-0000007878 neutron-server[90703]: WARNING keystonemiddleware.auth_token [None req-7659e63f-5b18-4d7b-a82a-cc55b4d801e4 None None] AuthToken middleware is set with keystone_authtoken.service_token_roles_required set to False. This is backwards compatible but deprecated behaviour. Please set this to True.
Jan 03 20:31:17 jammy-provider-cloud-0000007878 neutron-server[90703]: WARNING keystonemiddleware.auth_token [None req-7659e63f-5b18-4d7b-a82a-cc55b4d801e4 None None] Configuring www_authenticate_uri to point to the public identity endpoint is required; clients may not be able to authenticate against an admin endpoint
Jan 03 20:31:17 jammy-provider-cloud-0000007878 neutron-server[90703]: DEBUG oslo_concurrency.lockutils [None req-7659e63f-5b18-4d7b-a82a-cc55b4d801e4 None None] Acquiring lock "singleton_lock" {{(pid=90703) lock /opt/stack/data/venv/lib/python3.10/site-packages/oslo_concurrency/lockutils.py:310}}
Jan 03 20:31:17 jammy-provider-cloud-0000007878 neutron-server[90703]: DEBUG oslo_concurrency.lockutils [None req-7659e63f-5b18-4d7b-a82a-cc55b4d801e4 None None] Acquired lock "singleton_lock" {{(pid=90703) lock /opt/stack/data/venv/lib/python3.10/site-packages/oslo_concurrency/lockutils.py:313}}
Jan 03 20:31:17 jammy-provider-cloud-0000007878 neutron-server[90703]: DEBUG oslo_concurrency.lockutils [None req-7659e63f-5b18-4d7b-a82a-cc55b4d801e4 None None] Releasing lock "singleton_lock" {{(pid=90703) lock /opt/stack/data/venv/lib/python3.10/site-packages/oslo_concurrency/lockutils.py:331}}
Jan 03 20:31:17 jammy-provider-cloud-0000007878 neutron-server[90703]: INFO oslo_service.service [None req-7659e63f-5b18-4d7b-a82a-cc55b4d801e4 None None] Starting 2 workers
Jan 03 20:31:17 jammy-provider-cloud-0000007878 neutron-server[90703]: DEBUG oslo_service.service [None req-7659e63f-5b18-4d7b-a82a-cc55b4d801e4 None None] Started child 90895 {{(pid=90703) _start_child /opt/stack/data/venv/lib/python3.10/site-packages/oslo_service/service.py:579}}
Jan 03 20:31:17 jammy-provider-cloud-0000007878 neutron-server[90895]: DEBUG neutron_lib.callbacks.manager [-] Publish callbacks ['neutron.plugins.ml2.drivers.ovn.mech_driver.mech_driver.OVNMechanismDriver.post_fork_initialize-8062654'] for process (None), after_init {{(pid=90895) _notify_loop /opt/stack/data/venv/lib/python3.10/site-packages/neutron_lib/callbacks/manager.py:184}}
Jan 03 20:31:17 jammy-provider-cloud-0000007878 neutron-server[90895]: DEBUG oslo_concurrency.lockutils [-] Acquiring lock "singleton_lock" {{(pid=90895) lock /opt/stack/data/venv/lib/python3.10/site-packages/oslo_concurrency/lockutils.py:310}}
Jan 03 20:31:17 jammy-provider-cloud-0000007878 neutron-server[90895]: DEBUG oslo_concurrency.lockutils [-] Acquired lock "singleton_lock" {{(pid=90895) lock /opt/stack/data/venv/lib/python3.10/site-packages/oslo_concurrency/lockutils.py:313}}
Jan 03 20:31:17 jammy-provider-cloud-0000007878 neutron-server[90895]: DEBUG oslo_concurrency.lockutils [-] Releasing lock "singleton_lock" {{(pid=90895) lock /opt/stack/data/venv/lib/python3.10/site-packages/oslo_concurrency/lockutils.py:331}}
Jan 03 20:31:17 jammy-provider-cloud-0000007878 neutron-server[90703]: DEBUG oslo_service.service [None req-7659e63f-5b18-4d7b-a82a-cc55b4d801e4 None None] Started child 90896 {{(pid=90703) _start_child /opt/stack/data/venv/lib/python3.10/site-packages/oslo_service/service.py:579}}
Jan 03 20:31:17 jammy-provider-cloud-0000007878 neutron-server[90703]: INFO neutron.service [None req-7659e63f-5b18-4d7b-a82a-cc55b4d801e4 None None] Neutron service started, listening on 0.0.0.0:9696
Jan 03 20:31:17 jammy-provider-cloud-0000007878 neutron-server[90895]: DEBUG neutron.plugins.ml2.drivers.ovn.mech_driver.mech_driver [None req-444a6d25-f19e-476b-84fc-f2ce03f2423a None None] Hash Ring setup using multiprocess event lock {{(pid=90895) _setup_hash_ring_event /opt/stack/neutron/neutron/plugins/ml2/drivers/ovn/mech_driver/mech_driver.py:350}}
Jan 03 20:31:17 jammy-provider-cloud-0000007878 neutron-server[90703]: DEBUG neutron_lib.callbacks.manager [None req-7659e63f-5b18-4d7b-a82a-cc55b4d801e4 None None] Publish callbacks ['neutron.plugins.ml2.drivers.ovn.mech_driver.mech_driver.OVNMechanismDriver.pre_fork_initialize-8062593'] for process (None), before_spawn {{(pid=90703) _notify_loop /opt/stack/data/venv/lib/python3.10/site-packages/neutron_lib/callbacks/manager.py:184}}
Jan 03 20:31:17 jammy-provider-cloud-0000007878 neutron-server[90703]: DEBUG oslo_concurrency.processutils [None req-7659e63f-5b18-4d7b-a82a-cc55b4d801e4 None None] Running cmd (subprocess): ovsdb-client transact tcp:10.201.5.87:6641 --timeout 180 ["OVN_Northbound", {"op": "wait", "timeout": 0, "table": "Port_Group", "where": [["name", "==", "neutron_pg_drop"]], "until": "==", "rows": []}, {"op": "insert", "table": "ACL", "row": {"action": "drop", "direction": "to-lport", "match": "outport == @neutron_pg_drop && ip", "priority": 1001}, "uuid-name": "droptoport"}, {"op": "insert", "table": "ACL", "row": {"action": "drop", "direction": "from-lport", "match": "inport == @neutron_pg_drop && ip", "priority": 1001}, "uuid-name": "dropfromport"}, {"op": "insert", "table": "Port_Group", "row": {"name": "neutron_pg_drop", "acls": ["set", [["named-uuid", "droptoport"], ["named-uuid", "dropfromport"]]]}}] {{(pid=90703) execute /opt/stack/data/venv/lib/python3.10/site-packages/oslo_concurrency/processutils.py:383}}
Jan 03 20:31:17 jammy-provider-cloud-0000007878 neutron-server[90896]: DEBUG neutron_lib.callbacks.manager [-] Publish callbacks ['neutron.plugins.ml2.drivers.ovn.mech_driver.mech_driver.OVNMechanismDriver.post_fork_initialize-8062654'] for process (None), after_init {{(pid=90896) _notify_loop /opt/stack/data/venv/lib/python3.10/site-packages/neutron_lib/callbacks/manager.py:184}}
Jan 03 20:31:17 jammy-provider-cloud-0000007878 neutron-server[90896]: DEBUG oslo_concurrency.lockutils [-] Acquiring lock "singleton_lock" {{(pid=90896) lock /opt/stack/data/venv/lib/python3.10/site-packages/oslo_concurrency/lockutils.py:310}}
Jan 03 20:31:17 jammy-provider-cloud-0000007878 neutron-server[90896]: DEBUG oslo_concurrency.lockutils [-] Acquired lock "singleton_lock" {{(pid=90896) lock /opt/stack/data/venv/lib/python3.10/site-packages/oslo_concurrency/lockutils.py:313}}
Jan 03 20:31:17 jammy-provider-cloud-0000007878 neutron-server[90896]: DEBUG oslo_concurrency.lockutils [-] Releasing lock "singleton_lock" {{(pid=90896) lock /opt/stack/data/venv/lib/python3.10/site-packages/oslo_concurrency/lockutils.py:331}}
Jan 03 20:31:17 jammy-provider-cloud-0000007878 neutron-server[90895]: DEBUG dbcounter [-] [90895] Writer thread running {{(pid=90895) stat_writer /opt/stack/data/venv/lib/python3.10/site-packages/dbcounter.py:102}}
Jan 03 20:31:17 jammy-provider-cloud-0000007878 neutron-server[90896]: DEBUG neutron.plugins.ml2.drivers.ovn.mech_driver.mech_driver [None req-808c6897-5f5f-4d12-8365-9e3ccde12a8d None None] Hash Ring setup using multiprocess event lock {{(pid=90896) _setup_hash_ring_event /opt/stack/neutron/neutron/plugins/ml2/drivers/ovn/mech_driver/mech_driver.py:350}}
Jan 03 20:31:17 jammy-provider-cloud-0000007878 neutron-server[90895]: INFO neutron.db.ovn_hash_ring_db [None req-444a6d25-f19e-476b-84fc-f2ce03f2423a None None] Nodes from host "jammy-provider-cloud-0000007878" and group "mechanism_driver" removed from the Hash Ring
Jan 03 20:31:17 jammy-provider-cloud-0000007878 neutron-server[90703]: DEBUG oslo_concurrency.processutils [None req-7659e63f-5b18-4d7b-a82a-cc55b4d801e4 None None] CMD "ovsdb-client transact tcp:10.201.5.87:6641 --timeout 180 ["OVN_Northbound", {"op": "wait", "timeout": 0, "table": "Port_Group", "where": [["name", "==", "neutron_pg_drop"]], "until": "==", "rows": []}, {"op": "insert", "table": "ACL", "row": {"action": "drop", "direction": "to-lport", "match": "outport == @neutron_pg_drop && ip", "priority": 1001}, "uuid-name": "droptoport"}, {"op": "insert", "table": "ACL", "row": {"action": "drop", "direction": "from-lport", "match": "inport == @neutron_pg_drop && ip", "priority": 1001}, "uuid-name": "dropfromport"}, {"op": "insert", "table": "Port_Group", "row": {"name": "neutron_pg_drop", "acls": ["set", [["named-uuid", "droptoport"], ["named-uuid", "dropfromport"]]]}}]" returned: 0 in 0.019s {{(pid=90703) execute /opt/stack/data/venv/lib/python3.10/site-packages/oslo_concurrency/processutils.py:421}}
Jan 03 20:31:17 jammy-provider-cloud-0000007878 neutron-server[90895]: INFO neutron.db.ovn_hash_ring_db [None req-444a6d25-f19e-476b-84fc-f2ce03f2423a None None] Node 3fdb4dbc-fa33-45b8-a1e6-3ce98a20a950 from host "jammy-provider-cloud-0000007878" and group "mechanism_driver" added to the Hash Ring
Jan 03 20:31:17 jammy-provider-cloud-0000007878 neutron-server[90895]: DEBUG neutron.plugins.ml2.drivers.ovn.mech_driver.ovsdb.maintenance [None req-444a6d25-f19e-476b-84fc-f2ce03f2423a None None] Periodic task found: HashRingHealthCheckPeriodics.touch_hash_ring_node {{(pid=90895) add_periodics /opt/stack/neutron/neutron/plugins/ml2/drivers/ovn/mech_driver/ovsdb/maintenance.py:93}}
Jan 03 20:31:17 jammy-provider-cloud-0000007878 neutron-server[90703]: INFO oslo_service.service [None req-7659e63f-5b18-4d7b-a82a-cc55b4d801e4 None None] Starting 1 workers
Jan 03 20:31:17 jammy-provider-cloud-0000007878 neutron-server[90895]: INFO neutron.plugins.ml2.drivers.ovn.mech_driver.mech_driver [None req-444a6d25-f19e-476b-84fc-f2ce03f2423a None None] Hash Ring probing thread for node 3fdb4dbc-fa33-45b8-a1e6-3ce98a20a950 has started
Jan 03 20:31:17 jammy-provider-cloud-0000007878 neutron-server[90895]: INFO neutron.plugins.ml2.drivers.ovn.mech_driver.ovsdb.impl_idl_ovn [None req-444a6d25-f19e-476b-84fc-f2ce03f2423a None None] Getting OvsdbNbOvnIdl for WorkerService with retry
Jan 03 20:31:17 jammy-provider-cloud-0000007878 neutron-server[90896]: DEBUG dbcounter [-] [90896] Writer thread running {{(pid=90896) stat_writer /opt/stack/data/venv/lib/python3.10/site-packages/dbcounter.py:102}}
Jan 03 20:31:17 jammy-provider-cloud-0000007878 neutron-server[90703]: DEBUG oslo_service.service [None req-7659e63f-5b18-4d7b-a82a-cc55b4d801e4 None None] Started child 90899 {{(pid=90703) _start_child /opt/stack/data/venv/lib/python3.10/site-packages/oslo_service/service.py:579}}
Jan 03 20:31:17 jammy-provider-cloud-0000007878 neutron-server[90703]: INFO oslo_service.service [None req-7659e63f-5b18-4d7b-a82a-cc55b4d801e4 None None] Starting 1 workers
Jan 03 20:31:17 jammy-provider-cloud-0000007878 neutron-server[90899]: DEBUG neutron.service [None req-7659e63f-5b18-4d7b-a82a-cc55b4d801e4 None None] calling RpcWorker wait() {{(pid=90899) _wait /opt/stack/neutron/neutron/service.py:132}}
Jan 03 20:31:17 jammy-provider-cloud-0000007878 neutron-server[90899]: DEBUG neutron.service [None req-7659e63f-5b18-4d7b-a82a-cc55b4d801e4 None None] returning from RpcWorker wait() {{(pid=90899) _wait /opt/stack/neutron/neutron/service.py:139}}
Jan 03 20:31:17 jammy-provider-cloud-0000007878 neutron-server[90896]: INFO neutron.db.ovn_hash_ring_db [None req-808c6897-5f5f-4d12-8365-9e3ccde12a8d None None] Node b9896406-7c39-491b-9877-83ec2f73099d from host "jammy-provider-cloud-0000007878" and group "mechanism_driver" added to the Hash Ring
Jan 03 20:31:17 jammy-provider-cloud-0000007878 neutron-server[90899]: DEBUG neutron_lib.callbacks.manager [-] Publish callbacks ['neutron.plugins.ml2.drivers.ovn.mech_driver.mech_driver.OVNMechanismDriver.post_fork_initialize-8062654'] for process (None), after_init {{(pid=90899) _notify_loop /opt/stack/data/venv/lib/python3.10/site-packages/neutron_lib/callbacks/manager.py:184}}
Jan 03 20:31:17 jammy-provider-cloud-0000007878 neutron-server[90896]: DEBUG neutron.plugins.ml2.drivers.ovn.mech_driver.ovsdb.maintenance [None req-808c6897-5f5f-4d12-8365-9e3ccde12a8d None None] Periodic task found: HashRingHealthCheckPeriodics.touch_hash_ring_node {{(pid=90896) add_periodics /opt/stack/neutron/neutron/plugins/ml2/drivers/ovn/mech_driver/ovsdb/maintenance.py:93}}
Jan 03 20:31:17 jammy-provider-cloud-0000007878 neutron-server[90896]: INFO neutron.plugins.ml2.drivers.ovn.mech_driver.mech_driver [None req-808c6897-5f5f-4d12-8365-9e3ccde12a8d None None] Hash Ring probing thread for node b9896406-7c39-491b-9877-83ec2f73099d has started
Jan 03 20:31:17 jammy-provider-cloud-0000007878 neutron-server[90899]: INFO neutron.plugins.ml2.drivers.ovn.mech_driver.ovsdb.impl_idl_ovn [-] Getting OvsdbNbOvnIdl for RpcWorker with retry
Jan 03 20:31:17 jammy-provider-cloud-0000007878 neutron-server[90896]: INFO neutron.plugins.ml2.drivers.ovn.mech_driver.ovsdb.impl_idl_ovn [None req-808c6897-5f5f-4d12-8365-9e3ccde12a8d None None] Getting OvsdbNbOvnIdl for WorkerService with retry
Jan 03 20:31:17 jammy-provider-cloud-0000007878 neutron-server[90703]: DEBUG oslo_service.service [None req-7659e63f-5b18-4d7b-a82a-cc55b4d801e4 None None] Started child 90900 {{(pid=90703) _start_child /opt/stack/data/venv/lib/python3.10/site-packages/oslo_service/service.py:579}}
Jan 03 20:31:17 jammy-provider-cloud-0000007878 neutron-server[90900]: DEBUG neutron_lib.callbacks.manager [-] Publish callbacks ['neutron.plugins.ml2.drivers.ovn.mech_driver.mech_driver.OVNMechanismDriver.post_fork_initialize-8062654'] for process (None), after_init {{(pid=90900) _notify_loop /opt/stack/data/venv/lib/python3.10/site-packages/neutron_lib/callbacks/manager.py:184}}
Jan 03 20:31:17 jammy-provider-cloud-0000007878 neutron-server[90703]: INFO oslo_service.service [None req-7659e63f-5b18-4d7b-a82a-cc55b4d801e4 None None] Starting 1 workers
Jan 03 20:31:17 jammy-provider-cloud-0000007878 neutron-server[90900]: INFO neutron.plugins.ml2.drivers.ovn.mech_driver.ovsdb.impl_idl_ovn [-] Getting OvsdbNbOvnIdl for MaintenanceWorker with retry
Jan 03 20:31:17 jammy-provider-cloud-0000007878 neutron-server[90895]: DEBUG ovsdbapp.backend.ovs_idl [None req-444a6d25-f19e-476b-84fc-f2ce03f2423a None None] Created lookup_table index Logical_Switch.name {{(pid=90895) autocreate_indices /opt/stack/data/venv/lib/python3.10/site-packages/ovsdbapp/backend/ovs_idl/__init__.py:87}}
Jan 03 20:31:17 jammy-provider-cloud-0000007878 neutron-server[90895]: DEBUG ovsdbapp.backend.ovs_idl [None req-444a6d25-f19e-476b-84fc-f2ce03f2423a None None] Created lookup_table index Logical_Router.name {{(pid=90895) autocreate_indices /opt/stack/data/venv/lib/python3.10/site-packages/ovsdbapp/backend/ovs_idl/__init__.py:87}}
Jan 03 20:31:17 jammy-provider-cloud-0000007878 neutron-server[90895]: DEBUG ovsdbapp.backend.ovs_idl [None req-444a6d25-f19e-476b-84fc-f2ce03f2423a None None] Created lookup_table index Load_Balancer.name {{(pid=90895) autocreate_indices /opt/stack/data/venv/lib/python3.10/site-packages/ovsdbapp/backend/ovs_idl/__init__.py:87}}
Jan 03 20:31:17 jammy-provider-cloud-0000007878 neutron-server[90895]: DEBUG ovsdbapp.backend.ovs_idl [None req-444a6d25-f19e-476b-84fc-f2ce03f2423a None None] Created schema index Copp.name {{(pid=90895) autocreate_indices /opt/stack/data/venv/lib/python3.10/site-packages/ovsdbapp/backend/ovs_idl/__init__.py:106}}
Jan 03 20:31:17 jammy-provider-cloud-0000007878 neutron-server[90895]: DEBUG ovsdbapp.backend.ovs_idl [None req-444a6d25-f19e-476b-84fc-f2ce03f2423a None None] Created schema index Meter.name {{(pid=90895) autocreate_indices /opt/stack/data/venv/lib/python3.10/site-packages/ovsdbapp/backend/ovs_idl/__init__.py:106}}
Jan 03 20:31:17 jammy-provider-cloud-0000007878 neutron-server[90895]: DEBUG ovsdbapp.backend.ovs_idl [None req-444a6d25-f19e-476b-84fc-f2ce03f2423a None None] Created schema index Load_Balancer_Group.name {{(pid=90895) autocreate_indices /opt/stack/data/venv/lib/python3.10/site-packages/ovsdbapp/backend/ovs_idl/__init__.py:106}}
Jan 03 20:31:17 jammy-provider-cloud-0000007878 neutron-server[90895]: DEBUG ovsdbapp.backend.ovs_idl [None req-444a6d25-f19e-476b-84fc-f2ce03f2423a None None] Created schema index HA_Chassis_Group.name {{(pid=90895) autocreate_indices /opt/stack/data/venv/lib/python3.10/site-packages/ovsdbapp/backend/ovs_idl/__init__.py:106}}
Jan 03 20:31:17 jammy-provider-cloud-0000007878 neutron-server[90895]: DEBUG ovsdbapp.backend.ovs_idl [None req-444a6d25-f19e-476b-84fc-f2ce03f2423a None None] Created schema index Address_Set.name {{(pid=90895) autocreate_indices /opt/stack/data/venv/lib/python3.10/site-packages/ovsdbapp/backend/ovs_idl/__init__.py:106}}
Jan 03 20:31:17 jammy-provider-cloud-0000007878 neutron-server[90895]: DEBUG ovsdbapp.backend.ovs_idl [None req-444a6d25-f19e-476b-84fc-f2ce03f2423a None None] Created schema index Connection.target {{(pid=90895) autocreate_indices /opt/stack/data/venv/lib/python3.10/site-packages/ovsdbapp/backend/ovs_idl/__init__.py:106}}
Jan 03 20:31:17 jammy-provider-cloud-0000007878 neutron-server[90896]: DEBUG ovsdbapp.backend.ovs_idl [None req-808c6897-5f5f-4d12-8365-9e3ccde12a8d None None] Created lookup_table index Logical_Switch.name {{(pid=90896) autocreate_indices /opt/stack/data/venv/lib/python3.10/site-packages/ovsdbapp/backend/ovs_idl/__init__.py:87}}
Jan 03 20:31:17 jammy-provider-cloud-0000007878 neutron-server[90899]: DEBUG ovsdbapp.backend.ovs_idl [None req-8bfd769b-c593-4ae6-8582-c107e13af4b5 None None] Created lookup_table index Logical_Switch.name {{(pid=90899) autocreate_indices /opt/stack/data/venv/lib/python3.10/site-packages/ovsdbapp/backend/ovs_idl/__init__.py:87}}
Jan 03 20:31:17 jammy-provider-cloud-0000007878 neutron-server[90896]: DEBUG ovsdbapp.backend.ovs_idl [None req-808c6897-5f5f-4d12-8365-9e3ccde12a8d None None] Created lookup_table index Logical_Router.name {{(pid=90896) autocreate_indices /opt/stack/data/venv/lib/python3.10/site-packages/ovsdbapp/backend/ovs_idl/__init__.py:87}}
Jan 03 20:31:17 jammy-provider-cloud-0000007878 neutron-server[90899]: DEBUG ovsdbapp.backend.ovs_idl [None req-8bfd769b-c593-4ae6-8582-c107e13af4b5 None None] Created lookup_table index Logical_Router.name {{(pid=90899) autocreate_indices /opt/stack/data/venv/lib/python3.10/site-packages/ovsdbapp/backend/ovs_idl/__init__.py:87}}
Jan 03 20:31:17 jammy-provider-cloud-0000007878 neutron-server[90899]: DEBUG ovsdbapp.backend.ovs_idl [None req-8bfd769b-c593-4ae6-8582-c107e13af4b5 None None] Created lookup_table index Load_Balancer.name {{(pid=90899) autocreate_indices /opt/stack/data/venv/lib/python3.10/site-packages/ovsdbapp/backend/ovs_idl/__init__.py:87}}
Jan 03 20:31:17 jammy-provider-cloud-0000007878 neutron-server[90896]: DEBUG ovsdbapp.backend.ovs_idl [None req-808c6897-5f5f-4d12-8365-9e3ccde12a8d None None] Created lookup_table index Load_Balancer.name {{(pid=90896) autocreate_indices /opt/stack/data/venv/lib/python3.10/site-packages/ovsdbapp/backend/ovs_idl/__init__.py:87}}
Jan 03 20:31:17 jammy-provider-cloud-0000007878 neutron-server[90899]: DEBUG ovsdbapp.backend.ovs_idl [None req-8bfd769b-c593-4ae6-8582-c107e13af4b5 None None] Created schema index Copp.name {{(pid=90899) autocreate_indices /opt/stack/data/venv/lib/python3.10/site-packages/ovsdbapp/backend/ovs_idl/__init__.py:106}}
Jan 03 20:31:17 jammy-provider-cloud-0000007878 neutron-server[90896]: DEBUG ovsdbapp.backend.ovs_idl [None req-808c6897-5f5f-4d12-8365-9e3ccde12a8d None None] Created schema index Copp.name {{(pid=90896) autocreate_indices /opt/stack/data/venv/lib/python3.10/site-packages/ovsdbapp/backend/ovs_idl/__init__.py:106}}
Jan 03 20:31:17 jammy-provider-cloud-0000007878 neutron-server[90896]: DEBUG ovsdbapp.backend.ovs_idl [None req-808c6897-5f5f-4d12-8365-9e3ccde12a8d None None] Created schema index Meter.name {{(pid=90896) autocreate_indices /opt/stack/data/venv/lib/python3.10/site-packages/ovsdbapp/backend/ovs_idl/__init__.py:106}}
Jan 03 20:31:17 jammy-provider-cloud-0000007878 neutron-server[90899]: DEBUG ovsdbapp.backend.ovs_idl [None req-8bfd769b-c593-4ae6-8582-c107e13af4b5 None None] Created schema index Meter.name {{(pid=90899) autocreate_indices /opt/stack/data/venv/lib/python3.10/site-packages/ovsdbapp/backend/ovs_idl/__init__.py:106}}
Jan 03 20:31:17 jammy-provider-cloud-0000007878 neutron-server[90899]: DEBUG ovsdbapp.backend.ovs_idl [None req-8bfd769b-c593-4ae6-8582-c107e13af4b5 None None] Created schema index Load_Balancer_Group.name {{(pid=90899) autocreate_indices /opt/stack/data/venv/lib/python3.10/site-packages/ovsdbapp/backend/ovs_idl/__init__.py:106}}
Jan 03 20:31:17 jammy-provider-cloud-0000007878 neutron-server[90899]: DEBUG ovsdbapp.backend.ovs_idl [None req-8bfd769b-c593-4ae6-8582-c107e13af4b5 None None] Created schema index HA_Chassis_Group.name {{(pid=90899) autocreate_indices /opt/stack/data/venv/lib/python3.10/site-packages/ovsdbapp/backend/ovs_idl/__init__.py:106}}
Jan 03 20:31:17 jammy-provider-cloud-0000007878 neutron-server[90899]: DEBUG ovsdbapp.backend.ovs_idl [None req-8bfd769b-c593-4ae6-8582-c107e13af4b5 None None] Created schema index Address_Set.name {{(pid=90899) autocreate_indices /opt/stack/data/venv/lib/python3.10/site-packages/ovsdbapp/backend/ovs_idl/__init__.py:106}}
Jan 03 20:31:17 jammy-provider-cloud-0000007878 neutron-server[90896]: DEBUG ovsdbapp.backend.ovs_idl [None req-808c6897-5f5f-4d12-8365-9e3ccde12a8d None None] Created schema index Load_Balancer_Group.name {{(pid=90896) autocreate_indices /opt/stack/data/venv/lib/python3.10/site-packages/ovsdbapp/backend/ovs_idl/__init__.py:106}}
Jan 03 20:31:17 jammy-provider-cloud-0000007878 neutron-server[90899]: DEBUG ovsdbapp.backend.ovs_idl [None req-8bfd769b-c593-4ae6-8582-c107e13af4b5 None None] Created schema index Connection.target {{(pid=90899) autocreate_indices /opt/stack/data/venv/lib/python3.10/site-packages/ovsdbapp/backend/ovs_idl/__init__.py:106}}
Jan 03 20:31:17 jammy-provider-cloud-0000007878 neutron-server[90899]: DEBUG ovsdbapp.backend.ovs_idl [None req-8bfd769b-c593-4ae6-8582-c107e13af4b5 None None] Created schema index Gateway_Chassis.name {{(pid=90899) autocreate_indices /opt/stack/data/venv/lib/python3.10/site-packages/ovsdbapp/backend/ovs_idl/__init__.py:106}}
Jan 03 20:31:17 jammy-provider-cloud-0000007878 neutron-server[90896]: DEBUG ovsdbapp.backend.ovs_idl [None req-808c6897-5f5f-4d12-8365-9e3ccde12a8d None None] Created schema index HA_Chassis_Group.name {{(pid=90896) autocreate_indices /opt/stack/data/venv/lib/python3.10/site-packages/ovsdbapp/backend/ovs_idl/__init__.py:106}}
Jan 03 20:31:17 jammy-provider-cloud-0000007878 neutron-server[90899]: DEBUG ovsdbapp.backend.ovs_idl [None req-8bfd769b-c593-4ae6-8582-c107e13af4b5 None None] Created schema index Logical_Router_Port.name {{(pid=90899) autocreate_indices /opt/stack/data/venv/lib/python3.10/site-packages/ovsdbapp/backend/ovs_idl/__init__.py:106}}
Jan 03 20:31:17 jammy-provider-cloud-0000007878 neutron-server[90899]: DEBUG ovsdbapp.backend.ovs_idl [None req-8bfd769b-c593-4ae6-8582-c107e13af4b5 None None] Created schema index Port_Group.name {{(pid=90899) autocreate_indices /opt/stack/data/venv/lib/python3.10/site-packages/ovsdbapp/backend/ovs_idl/__init__.py:106}}
Jan 03 20:31:17 jammy-provider-cloud-0000007878 neutron-server[90896]: DEBUG ovsdbapp.backend.ovs_idl [None req-808c6897-5f5f-4d12-8365-9e3ccde12a8d None None] Created schema index Address_Set.name {{(pid=90896) autocreate_indices /opt/stack/data/venv/lib/python3.10/site-packages/ovsdbapp/backend/ovs_idl/__init__.py:106}}
Jan 03 20:31:17 jammy-provider-cloud-0000007878 neutron-server[90899]: DEBUG ovsdbapp.backend.ovs_idl [None req-8bfd769b-c593-4ae6-8582-c107e13af4b5 None None] Created schema index Logical_Switch_Port.name {{(pid=90899) autocreate_indices /opt/stack/data/venv/lib/python3.10/site-packages/ovsdbapp/backend/ovs_idl/__init__.py:106}}
Jan 03 20:31:17 jammy-provider-cloud-0000007878 neutron-server[90895]: DEBUG ovsdbapp.backend.ovs_idl [None req-444a6d25-f19e-476b-84fc-f2ce03f2423a None None] Created schema index Gateway_Chassis.name {{(pid=90895) autocreate_indices /opt/stack/data/venv/lib/python3.10/site-packages/ovsdbapp/backend/ovs_idl/__init__.py:106}}
Jan 03 20:31:17 jammy-provider-cloud-0000007878 neutron-server[90895]: DEBUG ovsdbapp.backend.ovs_idl [None req-444a6d25-f19e-476b-84fc-f2ce03f2423a None None] Created schema index Logical_Router_Port.name {{(pid=90895) autocreate_indices /opt/stack/data/venv/lib/python3.10/site-packages/ovsdbapp/backend/ovs_idl/__init__.py:106}}
Jan 03 20:31:17 jammy-provider-cloud-0000007878 neutron-server[90896]: DEBUG ovsdbapp.backend.ovs_idl [None req-808c6897-5f5f-4d12-8365-9e3ccde12a8d None None] Created schema index Connection.target {{(pid=90896) autocreate_indices /opt/stack/data/venv/lib/python3.10/site-packages/ovsdbapp/backend/ovs_idl/__init__.py:106}}
Jan 03 20:31:17 jammy-provider-cloud-0000007878 neutron-server[90895]: DEBUG ovsdbapp.backend.ovs_idl [None req-444a6d25-f19e-476b-84fc-f2ce03f2423a None None] Created schema index Port_Group.name {{(pid=90895) autocreate_indices /opt/stack/data/venv/lib/python3.10/site-packages/ovsdbapp/backend/ovs_idl/__init__.py:106}}
Jan 03 20:31:17 jammy-provider-cloud-0000007878 neutron-server[90895]: DEBUG ovsdbapp.backend.ovs_idl [None req-444a6d25-f19e-476b-84fc-f2ce03f2423a None None] Created schema index Logical_Switch_Port.name {{(pid=90895) autocreate_indices /opt/stack/data/venv/lib/python3.10/site-packages/ovsdbapp/backend/ovs_idl/__init__.py:106}}
Jan 03 20:31:17 jammy-provider-cloud-0000007878 neutron-server[90896]: DEBUG ovsdbapp.backend.ovs_idl [None req-808c6897-5f5f-4d12-8365-9e3ccde12a8d None None] Created schema index Gateway_Chassis.name {{(pid=90896) autocreate_indices /opt/stack/data/venv/lib/python3.10/site-packages/ovsdbapp/backend/ovs_idl/__init__.py:106}}
Jan 03 20:31:17 jammy-provider-cloud-0000007878 neutron-server[90899]: INFO ovsdbapp.backend.ovs_idl.vlog [None req-8bfd769b-c593-4ae6-8582-c107e13af4b5 None None] tcp:10.201.5.87:6641: connecting...
Jan 03 20:31:17 jammy-provider-cloud-0000007878 neutron-server[90896]: DEBUG ovsdbapp.backend.ovs_idl [None req-808c6897-5f5f-4d12-8365-9e3ccde12a8d None None] Created schema index Logical_Router_Port.name {{(pid=90896) autocreate_indices /opt/stack/data/venv/lib/python3.10/site-packages/ovsdbapp/backend/ovs_idl/__init__.py:106}}
Jan 03 20:31:17 jammy-provider-cloud-0000007878 neutron-server[90899]: INFO ovsdbapp.backend.ovs_idl.vlog [None req-8bfd769b-c593-4ae6-8582-c107e13af4b5 None None] tcp:10.201.5.87:6641: connected
Jan 03 20:31:17 jammy-provider-cloud-0000007878 neutron-server[90895]: INFO ovsdbapp.backend.ovs_idl.vlog [None req-444a6d25-f19e-476b-84fc-f2ce03f2423a None None] tcp:10.201.5.87:6641: connecting...
Jan 03 20:31:17 jammy-provider-cloud-0000007878 neutron-server[90896]: DEBUG ovsdbapp.backend.ovs_idl [None req-808c6897-5f5f-4d12-8365-9e3ccde12a8d None None] Created schema index Port_Group.name {{(pid=90896) autocreate_indices /opt/stack/data/venv/lib/python3.10/site-packages/ovsdbapp/backend/ovs_idl/__init__.py:106}}
Jan 03 20:31:17 jammy-provider-cloud-0000007878 neutron-server[90895]: INFO ovsdbapp.backend.ovs_idl.vlog [None req-444a6d25-f19e-476b-84fc-f2ce03f2423a None None] tcp:10.201.5.87:6641: connected
Jan 03 20:31:17 jammy-provider-cloud-0000007878 neutron-server[90896]: DEBUG ovsdbapp.backend.ovs_idl [None req-808c6897-5f5f-4d12-8365-9e3ccde12a8d None None] Created schema index Logical_Switch_Port.name {{(pid=90896) autocreate_indices /opt/stack/data/venv/lib/python3.10/site-packages/ovsdbapp/backend/ovs_idl/__init__.py:106}}
Jan 03 20:31:17 jammy-provider-cloud-0000007878 neutron-server[90896]: INFO ovsdbapp.backend.ovs_idl.vlog [None req-808c6897-5f5f-4d12-8365-9e3ccde12a8d None None] tcp:10.201.5.87:6641: connecting...
Jan 03 20:31:17 jammy-provider-cloud-0000007878 neutron-server[90896]: INFO ovsdbapp.backend.ovs_idl.vlog [None req-808c6897-5f5f-4d12-8365-9e3ccde12a8d None None] tcp:10.201.5.87:6641: connected
Jan 03 20:31:17 jammy-provider-cloud-0000007878 neutron-server[90703]: DEBUG oslo_service.service [None req-7659e63f-5b18-4d7b-a82a-cc55b4d801e4 None None] Started child 90901 {{(pid=90703) _start_child /opt/stack/data/venv/lib/python3.10/site-packages/oslo_service/service.py:579}}
Jan 03 20:31:17 jammy-provider-cloud-0000007878 neutron-server[90703]: DEBUG neutron_lib.callbacks.manager [None req-7659e63f-5b18-4d7b-a82a-cc55b4d801e4 None None] Publish callbacks [] for process (None), after_spawn {{(pid=90703) _notify_loop /opt/stack/data/venv/lib/python3.10/site-packages/neutron_lib/callbacks/manager.py:184}}
