Mar 12 04:34:34 jammy-provider-cloud-0000008057 devstack@keystone.service[72240]: ERROR keystone.server.flask.application During handling of the above exception, another exception occurred:
Mar 12 04:34:34 jammy-provider-cloud-0000008057 devstack@keystone.service[72240]: ERROR keystone.server.flask.application 
Mar 12 04:34:34 jammy-provider-cloud-0000008057 devstack@keystone.service[72240]: ERROR keystone.server.flask.application Traceback (most recent call last):
Mar 12 04:34:34 jammy-provider-cloud-0000008057 devstack@keystone.service[72240]: ERROR keystone.server.flask.application   File "/opt/stack/keystone/keystone/resource/core.py", line 250, in create_project
Mar 12 04:34:34 jammy-provider-cloud-0000008057 devstack@keystone.service[72240]: ERROR keystone.server.flask.application     ret = self.driver.create_project(project_id, project)
Mar 12 04:34:34 jammy-provider-cloud-0000008057 devstack@keystone.service[72240]: ERROR keystone.server.flask.application   File "/opt/stack/keystone/keystone/common/sql/core.py", line 614, in wrapper
Mar 12 04:34:34 jammy-provider-cloud-0000008057 devstack@keystone.service[72240]: ERROR keystone.server.flask.application     raise exception.Conflict(type=conflict_type, details=msg)
Mar 12 04:34:34 jammy-provider-cloud-0000008057 devstack@keystone.service[72240]: ERROR keystone.server.flask.application keystone.exception.Conflict: Conflict occurred attempting to store project - Duplicate entry found with name Default.
Mar 12 04:34:34 jammy-provider-cloud-0000008057 devstack@keystone.service[72240]: ERROR keystone.server.flask.application 
Mar 12 04:34:34 jammy-provider-cloud-0000008057 devstack@keystone.service[72240]: ERROR keystone.server.flask.application During handling of the above exception, another exception occurred:
Mar 12 04:34:34 jammy-provider-cloud-0000008057 devstack@keystone.service[72240]: ERROR keystone.server.flask.application 
Mar 12 04:34:34 jammy-provider-cloud-0000008057 devstack@keystone.service[72240]: ERROR keystone.server.flask.application Traceback (most recent call last):
Mar 12 04:34:34 jammy-provider-cloud-0000008057 devstack@keystone.service[72240]: ERROR keystone.server.flask.application   File "/opt/stack/data/venv/lib/python3.10/site-packages/flask/app.py", line 917, in full_dispatch_request
Mar 12 04:34:34 jammy-provider-cloud-0000008057 devstack@keystone.service[72240]: ERROR keystone.server.flask.application     rv = self.dispatch_request()
Mar 12 04:34:34 jammy-provider-cloud-0000008057 devstack@keystone.service[72240]: ERROR keystone.server.flask.application   File "/opt/stack/data/venv/lib/python3.10/site-packages/flask/app.py", line 902, in dispatch_request
Mar 12 04:34:34 jammy-provider-cloud-0000008057 devstack@keystone.service[72240]: ERROR keystone.server.flask.application     return self.ensure_sync(self.view_functions[rule.endpoint])(**view_args)  # type: ignore[no-any-return]
Mar 12 04:34:34 jammy-provider-cloud-0000008057 devstack@keystone.service[72240]: ERROR keystone.server.flask.application   File "/opt/stack/data/venv/lib/python3.10/site-packages/flask_restful/__init__.py", line 489, in wrapper
Mar 12 04:34:34 jammy-provider-cloud-0000008057 devstack@keystone.service[72240]: ERROR keystone.server.flask.application     resp = resource(*args, **kwargs)
Mar 12 04:34:34 jammy-provider-cloud-0000008057 devstack@keystone.service[72240]: ERROR keystone.server.flask.application   File "/opt/stack/data/venv/lib/python3.10/site-packages/flask/views.py", line 110, in view
Mar 12 04:34:34 jammy-provider-cloud-0000008057 devstack@keystone.service[72240]: ERROR keystone.server.flask.application     return current_app.ensure_sync(self.dispatch_request)(**kwargs)  # type: ignore[no-any-return]
Mar 12 04:34:34 jammy-provider-cloud-0000008057 devstack@keystone.service[72240]: ERROR keystone.server.flask.application   File "/opt/stack/data/venv/lib/python3.10/site-packages/flask_restful/__init__.py", line 604, in dispatch_request
Mar 12 04:34:34 jammy-provider-cloud-0000008057 devstack@keystone.service[72240]: ERROR keystone.server.flask.application     resp = meth(*args, **kwargs)
Mar 12 04:34:34 jammy-provider-cloud-0000008057 devstack@keystone.service[72240]: ERROR keystone.server.flask.application   File "/opt/stack/keystone/keystone/api/validation/__init__.py", line 80, in wrapper
Mar 12 04:34:34 jammy-provider-cloud-0000008057 devstack@keystone.service[72240]: ERROR keystone.server.flask.application     return func(*args, **kwargs)
Mar 12 04:34:34 jammy-provider-cloud-0000008057 devstack@keystone.service[72240]: ERROR keystone.server.flask.application   File "/opt/stack/keystone/keystone/api/validation/__init__.py", line 139, in wrapper
Mar 12 04:34:34 jammy-provider-cloud-0000008057 devstack@keystone.service[72240]: ERROR keystone.server.flask.application     response = func(*args, **kwargs)
Mar 12 04:34:34 jammy-provider-cloud-0000008057 devstack@keystone.service[72240]: ERROR keystone.server.flask.application   File "/opt/stack/keystone/keystone/api/domains.py", line 181, in post
Mar 12 04:34:34 jammy-provider-cloud-0000008057 devstack@keystone.service[72240]: ERROR keystone.server.flask.application     ref = PROVIDERS.resource_api.create_domain(
Mar 12 04:34:34 jammy-provider-cloud-0000008057 devstack@keystone.service[72240]: ERROR keystone.server.flask.application   File "/opt/stack/keystone/keystone/common/manager.py", line 114, in wrapped
Mar 12 04:34:34 jammy-provider-cloud-0000008057 devstack@keystone.service[72240]: ERROR keystone.server.flask.application     __ret_val = __f(*args, **kwargs)
Mar 12 04:34:34 jammy-provider-cloud-0000008057 devstack@keystone.service[72240]: ERROR keystone.server.flask.application   File "/opt/stack/keystone/keystone/resource/core.py", line 867, in create_domain
Mar 12 04:34:34 jammy-provider-cloud-0000008057 devstack@keystone.service[72240]: ERROR keystone.server.flask.application     is_domain_project = self.create_project(
Mar 12 04:34:34 jammy-provider-cloud-0000008057 devstack@keystone.service[72240]: ERROR keystone.server.flask.application   File "/opt/stack/keystone/keystone/common/manager.py", line 114, in wrapped
Mar 12 04:34:34 jammy-provider-cloud-0000008057 devstack@keystone.service[72240]: ERROR keystone.server.flask.application     __ret_val = __f(*args, **kwargs)
Mar 12 04:34:34 jammy-provider-cloud-0000008057 devstack@keystone.service[72240]: ERROR keystone.server.flask.application   File "/opt/stack/keystone/keystone/resource/core.py", line 252, in create_project
Mar 12 04:34:34 jammy-provider-cloud-0000008057 devstack@keystone.service[72240]: ERROR keystone.server.flask.application     raise exception.Conflict(
Mar 12 04:34:34 jammy-provider-cloud-0000008057 devstack@keystone.service[72240]: ERROR keystone.server.flask.application keystone.exception.Conflict: Conflict occurred attempting to store project - it is not permitted to have two projects acting as domains with the same name: Default.
Mar 12 04:34:34 jammy-provider-cloud-0000008057 devstack@keystone.service[72240]: ERROR keystone.server.flask.application 
Mar 12 04:34:34 jammy-provider-cloud-0000008057 devstack@keystone.service[72240]: [pid: 72240|app: 0|req: 8/16] 10.201.5.87 () {60 vars in 1129 bytes} [Wed Mar 12 04:34:34 2025] POST /identity/v3/domains => generated 190 bytes in 87 msecs (HTTP/1.1 409) 5 headers in 183 bytes (1 switches on core 0)
Mar 12 04:34:34 jammy-provider-cloud-0000008057 devstack@keystone.service[72240]: DEBUG keystone.server.flask.request_processing.middleware.auth_context [None req-0eaabf34-f87e-4c58-8969-a268d347160a None admin] Authenticating user token {{(pid=72240) process_request /opt/stack/data/venv/lib/python3.10/site-packages/keystonemiddleware/auth_token/__init__.py:406}}
Mar 12 04:34:34 jammy-provider-cloud-0000008057 devstack@keystone.service[72239]: DEBUG keystone.server.flask.request_processing.middleware.auth_context [None req-4cc48aa0-9f47-479c-bcc8-7ac05fe923c0 None admin] Validating token access rules against request {{(pid=72239) validate_allowed_request /opt/stack/data/venv/lib/python3.10/site-packages/keystonemiddleware/auth_token/__init__.py:544}}
Mar 12 04:34:34 jammy-provider-cloud-0000008057 devstack@keystone.service[72240]: DEBUG keystone.server.flask.request_processing.middleware.auth_context [None req-0eaabf34-f87e-4c58-8969-a268d347160a None admin] Validating token access rules against request {{(pid=72240) validate_allowed_request /opt/stack/data/venv/lib/python3.10/site-packages/keystonemiddleware/auth_token/__init__.py:544}}
Mar 12 04:34:34 jammy-provider-cloud-0000008057 devstack@keystone.service[72239]: DEBUG keystone.server.flask.request_processing.middleware.auth_context [None req-e377c9c8-6258-4c3d-85cc-0dfa619cc1b6 None admin] RBAC: auth_context: {'token': <TokenModel (audit_id=pemDZ1m_RiGd-KY5FsZaRQ, audit_chain_id=['pemDZ1m_RiGd-KY5FsZaRQ']) at 0x7fa9071bb250>, 'domain_id': None, 'trust_id': None, 'trustor_id': None, 'trustee_id': None, 'domain_name': None, 'group_ids': [], 'user_id': 'dd516db3fed24bef967305009f265cfe', 'user_domain_id': 'default', 'system_scope': 'all', 'project_id': None, 'project_domain_id': None, 'roles': ['admin', 'manager', 'member', 'reader'], 'is_admin_project': True, 'service_user_id': None, 'service_user_domain_id': None, 'service_project_id': None, 'service_project_domain_id': None, 'service_roles': []} {{(pid=72239) fill_context /opt/stack/keystone/keystone/server/flask/request_processing/middleware/auth_context.py:506}}
Mar 12 04:34:34 jammy-provider-cloud-0000008057 devstack@keystone.service[72239]: DEBUG keystone.server.flask.request_processing.req_logging [None req-e377c9c8-6258-4c3d-85cc-0dfa619cc1b6 None admin] REQUEST_METHOD: `GET` {{(pid=72239) log_request_info /opt/stack/keystone/keystone/server/flask/request_processing/req_logging.py:26}}
Mar 12 04:34:34 jammy-provider-cloud-0000008057 devstack@keystone.service[72239]: DEBUG keystone.server.flask.request_processing.req_logging [None req-e377c9c8-6258-4c3d-85cc-0dfa619cc1b6 None admin] SCRIPT_NAME: `/identity` {{(pid=72239) log_request_info /opt/stack/keystone/keystone/server/flask/request_processing/req_logging.py:27}}
Mar 12 04:34:34 jammy-provider-cloud-0000008057 devstack@keystone.service[72239]: DEBUG keystone.server.flask.request_processing.req_logging [None req-e377c9c8-6258-4c3d-85cc-0dfa619cc1b6 None admin] PATH_INFO: `/v3/users/dd516db3fed24bef967305009f265cfe` {{(pid=72239) log_request_info /opt/stack/keystone/keystone/server/flask/request_processing/req_logging.py:28}}
Mar 12 04:34:34 jammy-provider-cloud-0000008057 devstack@keystone.service[72239]: DEBUG keystone.common.rbac_enforcer.enforcer [None req-e377c9c8-6258-4c3d-85cc-0dfa619cc1b6 None admin] RBAC: Authorizing `identity:get_user(user_id=dd516db3fed24bef967305009f265cfe)` {{(pid=72239) enforce_call /opt/stack/keystone/keystone/common/rbac_enforcer/enforcer.py:495}}
Mar 12 04:34:34 jammy-provider-cloud-0000008057 devstack@keystone.service[72239]: DEBUG keystone.common.rbac_enforcer.enforcer [None req-e377c9c8-6258-4c3d-85cc-0dfa619cc1b6 None admin] RBAC: Authorization granted {{(pid=72239) enforce_call /opt/stack/keystone/keystone/common/rbac_enforcer/enforcer.py:506}}
Mar 12 04:34:34 jammy-provider-cloud-0000008057 devstack@keystone.service[72239]: [pid: 72239|app: 0|req: 9/17] 10.201.5.87 () {56 vars in 1213 bytes} [Wed Mar 12 04:34:34 2025] GET /identity/v3/users/dd516db3fed24bef967305009f265cfe => generated 247 bytes in 64 msecs (HTTP/1.1 200) 5 headers in 177 bytes (1 switches on core 0)
Mar 12 04:34:34 jammy-provider-cloud-0000008057 devstack@keystone.service[72240]: DEBUG keystone.server.flask.request_processing.middleware.auth_context [None req-eb71323d-b13c-421f-8762-4ec9b9c9d656 None admin] RBAC: auth_context: {'token': <TokenModel (audit_id=fAUA9t5lRGuYujO4hz6mIg, audit_chain_id=['fAUA9t5lRGuYujO4hz6mIg']) at 0x7fa9071148b0>, 'domain_id': None, 'trust_id': None, 'trustor_id': None, 'trustee_id': None, 'domain_name': None, 'group_ids': [], 'user_id': 'dd516db3fed24bef967305009f265cfe', 'user_domain_id': 'default', 'system_scope': 'all', 'project_id': None, 'project_domain_id': None, 'roles': ['admin', 'manager', 'member', 'reader'], 'is_admin_project': True, 'service_user_id': None, 'service_user_domain_id': None, 'service_project_id': None, 'service_project_domain_id': None, 'service_roles': []} {{(pid=72240) fill_context /opt/stack/keystone/keystone/server/flask/request_processing/middleware/auth_context.py:506}}
Mar 12 04:34:34 jammy-provider-cloud-0000008057 devstack@keystone.service[72240]: DEBUG keystone.server.flask.request_processing.req_logging [None req-eb71323d-b13c-421f-8762-4ec9b9c9d656 None admin] REQUEST_METHOD: `GET` {{(pid=72240) log_request_info /opt/stack/keystone/keystone/server/flask/request_processing/req_logging.py:26}}
Mar 12 04:34:34 jammy-provider-cloud-0000008057 devstack@keystone.service[72240]: DEBUG keystone.server.flask.request_processing.req_logging [None req-eb71323d-b13c-421f-8762-4ec9b9c9d656 None admin] SCRIPT_NAME: `/identity` {{(pid=72240) log_request_info /opt/stack/keystone/keystone/server/flask/request_processing/req_logging.py:27}}
Mar 12 04:34:34 jammy-provider-cloud-0000008057 devstack@keystone.service[72240]: DEBUG keystone.server.flask.request_processing.req_logging [None req-eb71323d-b13c-421f-8762-4ec9b9c9d656 None admin] PATH_INFO: `/v3/domains/Default` {{(pid=72240) log_request_info /opt/stack/keystone/keystone/server/flask/request_processing/req_logging.py:28}}
Mar 12 04:34:34 jammy-provider-cloud-0000008057 devstack@keystone.service[72239]: DEBUG keystone.server.flask.request_processing.middleware.auth_context [None req-e377c9c8-6258-4c3d-85cc-0dfa619cc1b6 None admin] Authenticating user token {{(pid=72239) process_request /opt/stack/data/venv/lib/python3.10/site-packages/keystonemiddleware/auth_token/__init__.py:406}}
Mar 12 04:34:34 jammy-provider-cloud-0000008057 devstack@keystone.service[72240]: DEBUG keystone.common.rbac_enforcer.enforcer [None req-eb71323d-b13c-421f-8762-4ec9b9c9d656 None admin] RBAC: Authorizing `identity:get_domain(domain_id=Default)` {{(pid=72240) enforce_call /opt/stack/keystone/keystone/common/rbac_enforcer/enforcer.py:495}}
Mar 12 04:34:34 jammy-provider-cloud-0000008057 devstack@keystone.service[72240]: DEBUG keystone.common.rbac_enforcer.enforcer [None req-eb71323d-b13c-421f-8762-4ec9b9c9d656 None admin] RBAC: Authorization granted {{(pid=72240) enforce_call /opt/stack/keystone/keystone/common/rbac_enforcer/enforcer.py:506}}
Mar 12 04:34:34 jammy-provider-cloud-0000008057 devstack@keystone.service[72240]: DEBUG keystone.server.flask.application [None req-eb71323d-b13c-421f-8762-4ec9b9c9d656 None admin] Could not find domain: Default. {{(pid=72240) _handle_keystone_exception /opt/stack/keystone/keystone/server/flask/application.py:152}}
Mar 12 04:34:34 jammy-provider-cloud-0000008057 devstack@keystone.service[72240]: [pid: 72240|app: 0|req: 9/18] 10.201.5.87 () {56 vars in 1100 bytes} [Wed Mar 12 04:34:34 2025] GET /identity/v3/domains/Default => generated 87 bytes in 70 msecs (HTTP/1.1 404) 5 headers in 183 bytes (2 switches on core 0)
Mar 12 04:34:34 jammy-provider-cloud-0000008057 devstack@keystone.service[72240]: DEBUG keystone.server.flask.request_processing.middleware.auth_context [None req-eb71323d-b13c-421f-8762-4ec9b9c9d656 None admin] Authenticating user token {{(pid=72240) process_request /opt/stack/data/venv/lib/python3.10/site-packages/keystonemiddleware/auth_token/__init__.py:406}}
Mar 12 04:34:34 jammy-provider-cloud-0000008057 devstack@keystone.service[72239]: DEBUG keystone.server.flask.request_processing.middleware.auth_context [None req-e377c9c8-6258-4c3d-85cc-0dfa619cc1b6 None admin] Validating token access rules against request {{(pid=72239) validate_allowed_request /opt/stack/data/venv/lib/python3.10/site-packages/keystonemiddleware/auth_token/__init__.py:544}}
Mar 12 04:34:34 jammy-provider-cloud-0000008057 devstack@keystone.service[72239]: DEBUG keystone.server.flask.request_processing.middleware.auth_context [None req-4e8ea24e-8b77-405e-a7cb-db28a1fc92e9 None admin] RBAC: auth_context: {'token': <TokenModel (audit_id=pemDZ1m_RiGd-KY5FsZaRQ, audit_chain_id=['pemDZ1m_RiGd-KY5FsZaRQ']) at 0x7fa9071ba410>, 'domain_id': None, 'trust_id': None, 'trustor_id': None, 'trustee_id': None, 'domain_name': None, 'group_ids': [], 'user_id': 'dd516db3fed24bef967305009f265cfe', 'user_domain_id': 'default', 'system_scope': 'all', 'project_id': None, 'project_domain_id': None, 'roles': ['admin', 'manager', 'member', 'reader'], 'is_admin_project': True, 'service_user_id': None, 'service_user_domain_id': None, 'service_project_id': None, 'service_project_domain_id': None, 'service_roles': []} {{(pid=72239) fill_context /opt/stack/keystone/keystone/server/flask/request_processing/middleware/auth_context.py:506}}
Mar 12 04:34:34 jammy-provider-cloud-0000008057 devstack@keystone.service[72239]: DEBUG keystone.server.flask.request_processing.req_logging [None req-4e8ea24e-8b77-405e-a7cb-db28a1fc92e9 None admin] REQUEST_METHOD: `GET` {{(pid=72239) log_request_info /opt/stack/keystone/keystone/server/flask/request_processing/req_logging.py:26}}
Mar 12 04:34:34 jammy-provider-cloud-0000008057 devstack@keystone.service[72239]: DEBUG keystone.server.flask.request_processing.req_logging [None req-4e8ea24e-8b77-405e-a7cb-db28a1fc92e9 None admin] SCRIPT_NAME: `/identity` {{(pid=72239) log_request_info /opt/stack/keystone/keystone/server/flask/request_processing/req_logging.py:27}}
Mar 12 04:34:34 jammy-provider-cloud-0000008057 devstack@keystone.service[72239]: DEBUG keystone.server.flask.request_processing.req_logging [None req-4e8ea24e-8b77-405e-a7cb-db28a1fc92e9 None admin] PATH_INFO: `/v3/domains/default` {{(pid=72239) log_request_info /opt/stack/keystone/keystone/server/flask/request_processing/req_logging.py:28}}
Mar 12 04:34:34 jammy-provider-cloud-0000008057 devstack@keystone.service[72239]: DEBUG keystone.common.rbac_enforcer.enforcer [None req-4e8ea24e-8b77-405e-a7cb-db28a1fc92e9 None admin] RBAC: Authorizing `identity:get_domain(domain_id=default)` {{(pid=72239) enforce_call /opt/stack/keystone/keystone/common/rbac_enforcer/enforcer.py:495}}
Mar 12 04:34:34 jammy-provider-cloud-0000008057 devstack@keystone.service[72240]: DEBUG keystone.server.flask.request_processing.middleware.auth_context [None req-eb71323d-b13c-421f-8762-4ec9b9c9d656 None admin] Validating token access rules against request {{(pid=72240) validate_allowed_request /opt/stack/data/venv/lib/python3.10/site-packages/keystonemiddleware/auth_token/__init__.py:544}}
Mar 12 04:34:34 jammy-provider-cloud-0000008057 devstack@keystone.service[72239]: DEBUG keystone.common.rbac_enforcer.enforcer [None req-4e8ea24e-8b77-405e-a7cb-db28a1fc92e9 None admin] RBAC: Authorization granted {{(pid=72239) enforce_call /opt/stack/keystone/keystone/common/rbac_enforcer/enforcer.py:506}}
Mar 12 04:34:34 jammy-provider-cloud-0000008057 devstack@keystone.service[72239]: [pid: 72239|app: 0|req: 10/19] 10.201.5.87 () {56 vars in 1144 bytes} [Wed Mar 12 04:34:34 2025] GET /identity/v3/domains/default => generated 199 bytes in 57 msecs (HTTP/1.1 200) 5 headers in 177 bytes (2 switches on core 0)
Mar 12 04:34:34 jammy-provider-cloud-0000008057 devstack@keystone.service[72239]: DEBUG keystone.server.flask.request_processing.middleware.auth_context [None req-4e8ea24e-8b77-405e-a7cb-db28a1fc92e9 None admin] Authenticating user token {{(pid=72239) process_request /opt/stack/data/venv/lib/python3.10/site-packages/keystonemiddleware/auth_token/__init__.py:406}}
Mar 12 04:34:34 jammy-provider-cloud-0000008057 devstack@keystone.service[72240]: DEBUG keystone.server.flask.request_processing.middleware.auth_context [None req-6e9f21ac-3042-4025-b3f6-952de79fffed None admin] RBAC: auth_context: {'token': <TokenModel (audit_id=fAUA9t5lRGuYujO4hz6mIg, audit_chain_id=['fAUA9t5lRGuYujO4hz6mIg']) at 0x7fa906df55a0>, 'domain_id': None, 'trust_id': None, 'trustor_id': None, 'trustee_id': None, 'domain_name': None, 'group_ids': [], 'user_id': 'dd516db3fed24bef967305009f265cfe', 'user_domain_id': 'default', 'system_scope': 'all', 'project_id': None, 'project_domain_id': None, 'roles': ['admin', 'manager', 'member', 'reader'], 'is_admin_project': True, 'service_user_id': None, 'service_user_domain_id': None, 'service_project_id': None, 'service_project_domain_id': None, 'service_roles': []} {{(pid=72240) fill_context /opt/stack/keystone/keystone/server/flask/request_processing/middleware/auth_context.py:506}}
Mar 12 04:34:34 jammy-provider-cloud-0000008057 devstack@keystone.service[72240]: DEBUG keystone.server.flask.request_processing.req_logging [None req-6e9f21ac-3042-4025-b3f6-952de79fffed None admin] REQUEST_METHOD: `GET` {{(pid=72240) log_request_info /opt/stack/keystone/keystone/server/flask/request_processing/req_logging.py:26}}
Mar 12 04:34:34 jammy-provider-cloud-0000008057 devstack@keystone.service[72240]: DEBUG keystone.server.flask.request_processing.req_logging [None req-6e9f21ac-3042-4025-b3f6-952de79fffed None admin] SCRIPT_NAME: `/identity` {{(pid=72240) log_request_info /opt/stack/keystone/keystone/server/flask/request_processing/req_logging.py:27}}
Mar 12 04:34:34 jammy-provider-cloud-0000008057 devstack@keystone.service[72240]: DEBUG keystone.server.flask.request_processing.req_logging [None req-6e9f21ac-3042-4025-b3f6-952de79fffed None admin] PATH_INFO: `/v3/domains` {{(pid=72240) log_request_info /opt/stack/keystone/keystone/server/flask/request_processing/req_logging.py:28}}
Mar 12 04:34:34 jammy-provider-cloud-0000008057 devstack@keystone.service[72240]: DEBUG keystone.common.rbac_enforcer.enforcer [None req-6e9f21ac-3042-4025-b3f6-952de79fffed None admin] RBAC: Adding query filter params (name=Default) {{(pid=72240) _extract_filter_values /opt/stack/keystone/keystone/common/rbac_enforcer/enforcer.py:176}}
Mar 12 04:34:34 jammy-provider-cloud-0000008057 devstack@keystone.service[72240]: DEBUG keystone.common.rbac_enforcer.enforcer [None req-6e9f21ac-3042-4025-b3f6-952de79fffed None admin] RBAC: Authorizing `identity:list_domains()` {{(pid=72240) enforce_call /opt/stack/keystone/keystone/common/rbac_enforcer/enforcer.py:495}}
Mar 12 04:34:34 jammy-provider-cloud-0000008057 devstack@keystone.service[72240]: DEBUG keystone.common.rbac_enforcer.enforcer [None req-6e9f21ac-3042-4025-b3f6-952de79fffed None admin] RBAC: Authorization granted {{(pid=72240) enforce_call /opt/stack/keystone/keystone/common/rbac_enforcer/enforcer.py:506}}
Mar 12 04:34:34 jammy-provider-cloud-0000008057 devstack@keystone.service[72240]: [pid: 72240|app: 0|req: 10/20] 10.201.5.87 () {56 vars in 1101 bytes} [Wed Mar 12 04:34:34 2025] GET /identity/v3/domains?name=Default => generated 308 bytes in 74 msecs (HTTP/1.1 200) 5 headers in 177 bytes (2 switches on core 0)
Mar 12 04:34:34 jammy-provider-cloud-0000008057 devstack@keystone.service[72239]: DEBUG keystone.server.flask.request_processing.middleware.auth_context [None req-4e8ea24e-8b77-405e-a7cb-db28a1fc92e9 None admin] Validating token access rules against request {{(pid=72239) validate_allowed_request /opt/stack/data/venv/lib/python3.10/site-packages/keystonemiddleware/auth_token/__init__.py:544}}
Mar 12 04:34:34 jammy-provider-cloud-0000008057 devstack@keystone.service[72239]: DEBUG keystone.server.flask.request_processing.middleware.auth_context [None req-0091b04b-20b3-4eb2-a129-7996071d3747 None admin] RBAC: auth_context: {'token': <TokenModel (audit_id=pemDZ1m_RiGd-KY5FsZaRQ, audit_chain_id=['pemDZ1m_RiGd-KY5FsZaRQ']) at 0x7fa90720df30>, 'domain_id': None, 'trust_id': None, 'trustor_id': None, 'trustee_id': None, 'domain_name': None, 'group_ids': [], 'user_id': 'dd516db3fed24bef967305009f265cfe', 'user_domain_id': 'default', 'system_scope': 'all', 'project_id': None, 'project_domain_id': None, 'roles': ['admin', 'manager', 'member', 'reader'], 'is_admin_project': True, 'service_user_id': None, 'service_user_domain_id': None, 'service_project_id': None, 'service_project_domain_id': None, 'service_roles': []} {{(pid=72239) fill_context /opt/stack/keystone/keystone/server/flask/request_processing/middleware/auth_context.py:506}}
Mar 12 04:34:34 jammy-provider-cloud-0000008057 devstack@keystone.service[72239]: DEBUG keystone.server.flask.request_processing.req_logging [None req-0091b04b-20b3-4eb2-a129-7996071d3747 None admin] REQUEST_METHOD: `PUT` {{(pid=72239) log_request_info /opt/stack/keystone/keystone/server/flask/request_processing/req_logging.py:26}}
Mar 12 04:34:34 jammy-provider-cloud-0000008057 devstack@keystone.service[72239]: DEBUG keystone.server.flask.request_processing.req_logging [None req-0091b04b-20b3-4eb2-a129-7996071d3747 None admin] SCRIPT_NAME: `/identity` {{(pid=72239) log_request_info /opt/stack/keystone/keystone/server/flask/request_processing/req_logging.py:27}}
Mar 12 04:34:34 jammy-provider-cloud-0000008057 devstack@keystone.service[72239]: DEBUG keystone.server.flask.request_processing.req_logging [None req-0091b04b-20b3-4eb2-a129-7996071d3747 None admin] PATH_INFO: `/v3/domains/default/users/dd516db3fed24bef967305009f265cfe/roles/fe7e5e7505ee434f803b66acb342beac` {{(pid=72239) log_request_info /opt/stack/keystone/keystone/server/flask/request_processing/req_logging.py:28}}
Mar 12 04:34:34 jammy-provider-cloud-0000008057 devstack@keystone.service[72239]: DEBUG keystone.common.rbac_enforcer.enforcer [None req-0091b04b-20b3-4eb2-a129-7996071d3747 None admin] RBAC: Authorizing `identity:create_grant(domain_id=default, user_id=dd516db3fed24bef967305009f265cfe, role_id=fe7e5e7505ee434f803b66acb342beac)` {{(pid=72239) enforce_call /opt/stack/keystone/keystone/common/rbac_enforcer/enforcer.py:495}}
Mar 12 04:34:34 jammy-provider-cloud-0000008057 devstack@keystone.service[72239]: DEBUG keystone.common.rbac_enforcer.enforcer [None req-0091b04b-20b3-4eb2-a129-7996071d3747 None admin] RBAC: Authorization granted {{(pid=72239) enforce_call /opt/stack/keystone/keystone/common/rbac_enforcer/enforcer.py:506}}
Mar 12 04:34:34 jammy-provider-cloud-0000008057 devstack@keystone.service[72239]: [pid: 72239|app: 0|req: 11/21] 10.201.5.87 () {58 vars in 1397 bytes} [Wed Mar 12 04:34:34 2025] PUT /identity/v3/domains/default/users/dd516db3fed24bef967305009f265cfe/roles/fe7e5e7505ee434f803b66acb342beac => generated 0 bytes in 114 msecs (HTTP/1.1 204) 3 headers in 132 bytes (1 switches on core 0)
Mar 12 04:34:35 jammy-provider-cloud-0000008057 devstack@keystone.service[72240]: DEBUG keystone.server.flask.request_processing.req_logging [None req-30e3480f-79d5-47f0-8af9-035a95584a12 None None] REQUEST_METHOD: `GET` {{(pid=72240) log_request_info /opt/stack/keystone/keystone/server/flask/request_processing/req_logging.py:26}}
Mar 12 04:34:35 jammy-provider-cloud-0000008057 devstack@keystone.service[72240]: DEBUG keystone.server.flask.request_processing.req_logging [None req-30e3480f-79d5-47f0-8af9-035a95584a12 None None] SCRIPT_NAME: `/identity` {{(pid=72240) log_request_info /opt/stack/keystone/keystone/server/flask/request_processing/req_logging.py:27}}
Mar 12 04:34:35 jammy-provider-cloud-0000008057 devstack@keystone.service[72240]: DEBUG keystone.server.flask.request_processing.req_logging [None req-30e3480f-79d5-47f0-8af9-035a95584a12 None None] PATH_INFO: `/` {{(pid=72240) log_request_info /opt/stack/keystone/keystone/server/flask/request_processing/req_logging.py:28}}
Mar 12 04:34:35 jammy-provider-cloud-0000008057 devstack@keystone.service[72240]: [pid: 72240|app: 0|req: 11/22] 10.201.5.87 () {54 vars in 919 bytes} [Wed Mar 12 04:34:35 2025] GET /identity => generated 270 bytes in 1 msecs (HTTP/1.1 300) 6 headers in 234 bytes (1 switches on core 0)
Mar 12 04:34:35 jammy-provider-cloud-0000008057 devstack@keystone.service[72239]: DEBUG keystone.server.flask.request_processing.req_logging [None req-67dbe6f8-a975-4adb-bf58-08ad8078b29d None None] REQUEST_METHOD: `POST` {{(pid=72239) log_request_info /opt/stack/keystone/keystone/server/flask/request_processing/req_logging.py:26}}
Mar 12 04:34:35 jammy-provider-cloud-0000008057 devstack@keystone.service[72239]: DEBUG keystone.server.flask.request_processing.req_logging [None req-67dbe6f8-a975-4adb-bf58-08ad8078b29d None None] SCRIPT_NAME: `/identity` {{(pid=72239) log_request_info /opt/stack/keystone/keystone/server/flask/request_processing/req_logging.py:27}}
Mar 12 04:34:35 jammy-provider-cloud-0000008057 devstack@keystone.service[72239]: DEBUG keystone.server.flask.request_processing.req_logging [None req-67dbe6f8-a975-4adb-bf58-08ad8078b29d None None] PATH_INFO: `/v3/auth/tokens` {{(pid=72239) log_request_info /opt/stack/keystone/keystone/server/flask/request_processing/req_logging.py:28}}
Mar 12 04:34:35 jammy-provider-cloud-0000008057 devstack@keystone.service[72239]: WARNING keystone.common.password_hashing [None req-67dbe6f8-a975-4adb-bf58-08ad8078b29d None None] Truncating password to algorithm specific maximum length 72 characters.
Mar 12 04:34:35 jammy-provider-cloud-0000008057 devstack@keystone.service[72239]: DEBUG keystone.auth.core [None req-67dbe6f8-a975-4adb-bf58-08ad8078b29d None None] MFA Rules not processed for user `dd516db3fed24bef967305009f265cfe`. Rule list: `[]` (Enabled: `True`). {{(pid=72239) check_auth_methods_against_rules /opt/stack/keystone/keystone/auth/core.py:476}}
Mar 12 04:34:35 jammy-provider-cloud-0000008057 devstack@keystone.service[72239]: DEBUG keystone.common.fernet_utils [None req-67dbe6f8-a975-4adb-bf58-08ad8078b29d None None] Loaded 2 Fernet keys from /etc/keystone/fernet-keys/, but `[fernet_tokens] max_active_keys = 3`; perhaps there have not been enough key rotations to reach `max_active_keys` yet? {{(pid=72239) load_keys /opt/stack/keystone/keystone/common/fernet_utils.py:297}}
Mar 12 04:34:35 jammy-provider-cloud-0000008057 devstack@keystone.service[72239]: [pid: 72239|app: 0|req: 12/23] 10.201.5.87 () {58 vars in 1016 bytes} [Wed Mar 12 04:34:35 2025] POST /identity/v3/auth/tokens => generated 862 bytes in 62 msecs (HTTP/1.1 201) 6 headers in 363 bytes (2 switches on core 0)
Mar 12 04:34:35 jammy-provider-cloud-0000008057 devstack@keystone.service[72240]: DEBUG keystone.server.flask.request_processing.req_logging [None req-dc7bafc0-c77b-4670-879e-bc9994338dc1 None None] REQUEST_METHOD: `GET` {{(pid=72240) log_request_info /opt/stack/keystone/keystone/server/flask/request_processing/req_logging.py:26}}
Mar 12 04:34:35 jammy-provider-cloud-0000008057 devstack@keystone.service[72240]: DEBUG keystone.server.flask.request_processing.req_logging [None req-dc7bafc0-c77b-4670-879e-bc9994338dc1 None None] SCRIPT_NAME: `/identity` {{(pid=72240) log_request_info /opt/stack/keystone/keystone/server/flask/request_processing/req_logging.py:27}}
Mar 12 04:34:35 jammy-provider-cloud-0000008057 devstack@keystone.service[72240]: DEBUG keystone.server.flask.request_processing.req_logging [None req-dc7bafc0-c77b-4670-879e-bc9994338dc1 None None] PATH_INFO: `/` {{(pid=72240) log_request_info /opt/stack/keystone/keystone/server/flask/request_processing/req_logging.py:28}}
Mar 12 04:34:35 jammy-provider-cloud-0000008057 devstack@keystone.service[72240]: [pid: 72240|app: 0|req: 12/24] 10.201.5.87 () {54 vars in 919 bytes} [Wed Mar 12 04:34:35 2025] GET /identity => generated 270 bytes in 1 msecs (HTTP/1.1 300) 6 headers in 234 bytes (1 switches on core 0)
Mar 12 04:34:35 jammy-provider-cloud-0000008057 devstack@keystone.service[72239]: DEBUG keystone.server.flask.request_processing.req_logging [None req-e6e65f46-cabb-4c25-8456-ee0d17c29781 None None] REQUEST_METHOD: `POST` {{(pid=72239) log_request_info /opt/stack/keystone/keystone/server/flask/request_processing/req_logging.py:26}}
Mar 12 04:34:35 jammy-provider-cloud-0000008057 devstack@keystone.service[72239]: DEBUG keystone.server.flask.request_processing.req_logging [None req-e6e65f46-cabb-4c25-8456-ee0d17c29781 None None] SCRIPT_NAME: `/identity` {{(pid=72239) log_request_info /opt/stack/keystone/keystone/server/flask/request_processing/req_logging.py:27}}
Mar 12 04:34:35 jammy-provider-cloud-0000008057 devstack@keystone.service[72239]: DEBUG keystone.server.flask.request_processing.req_logging [None req-e6e65f46-cabb-4c25-8456-ee0d17c29781 None None] PATH_INFO: `/v3/auth/tokens` {{(pid=72239) log_request_info /opt/stack/keystone/keystone/server/flask/request_processing/req_logging.py:28}}
Mar 12 04:34:35 jammy-provider-cloud-0000008057 devstack@keystone.service[72239]: WARNING keystone.common.password_hashing [None req-e6e65f46-cabb-4c25-8456-ee0d17c29781 None None] Truncating password to algorithm specific maximum length 72 characters.
Mar 12 04:34:35 jammy-provider-cloud-0000008057 devstack@keystone.service[72239]: DEBUG keystone.auth.core [None req-e6e65f46-cabb-4c25-8456-ee0d17c29781 None None] MFA Rules not processed for user `dd516db3fed24bef967305009f265cfe`. Rule list: `[]` (Enabled: `True`). {{(pid=72239) check_auth_methods_against_rules /opt/stack/keystone/keystone/auth/core.py:476}}
Mar 12 04:34:35 jammy-provider-cloud-0000008057 devstack@keystone.service[72239]: DEBUG keystone.common.fernet_utils [None req-e6e65f46-cabb-4c25-8456-ee0d17c29781 None None] Loaded 2 Fernet keys from /etc/keystone/fernet-keys/, but `[fernet_tokens] max_active_keys = 3`; perhaps there have not been enough key rotations to reach `max_active_keys` yet? {{(pid=72239) load_keys /opt/stack/keystone/keystone/common/fernet_utils.py:297}}
Mar 12 04:34:35 jammy-provider-cloud-0000008057 devstack@keystone.service[72239]: [pid: 72239|app: 0|req: 13/25] 10.201.5.87 () {58 vars in 1016 bytes} [Wed Mar 12 04:34:35 2025] POST /identity/v3/auth/tokens => generated 862 bytes in 55 msecs (HTTP/1.1 201) 6 headers in 363 bytes (1 switches on core 0)
Mar 12 04:34:36 jammy-provider-cloud-0000008057 devstack@keystone.service[72240]: DEBUG keystone.server.flask.request_processing.req_logging [None req-b5f5313e-cf2f-413a-8de6-ffe7cb1136f6 None None] REQUEST_METHOD: `GET` {{(pid=72240) log_request_info /opt/stack/keystone/keystone/server/flask/request_processing/req_logging.py:26}}
Mar 12 04:34:36 jammy-provider-cloud-0000008057 devstack@keystone.service[72240]: DEBUG keystone.server.flask.request_processing.req_logging [None req-b5f5313e-cf2f-413a-8de6-ffe7cb1136f6 None None] SCRIPT_NAME: `/identity` {{(pid=72240) log_request_info /opt/stack/keystone/keystone/server/flask/request_processing/req_logging.py:27}}
Mar 12 04:34:36 jammy-provider-cloud-0000008057 devstack@keystone.service[72240]: DEBUG keystone.server.flask.request_processing.req_logging [None req-b5f5313e-cf2f-413a-8de6-ffe7cb1136f6 None None] PATH_INFO: `/` {{(pid=72240) log_request_info /opt/stack/keystone/keystone/server/flask/request_processing/req_logging.py:28}}
Mar 12 04:34:36 jammy-provider-cloud-0000008057 devstack@keystone.service[72240]: [pid: 72240|app: 0|req: 13/26] 10.201.5.87 () {54 vars in 919 bytes} [Wed Mar 12 04:34:36 2025] GET /identity => generated 270 bytes in 1 msecs (HTTP/1.1 300) 6 headers in 234 bytes (1 switches on core 0)
Mar 12 04:34:36 jammy-provider-cloud-0000008057 devstack@keystone.service[72239]: DEBUG keystone.server.flask.request_processing.req_logging [None req-2b3c5eb5-610b-4d03-b4d3-8fe4546e3fdc None None] REQUEST_METHOD: `POST` {{(pid=72239) log_request_info /opt/stack/keystone/keystone/server/flask/request_processing/req_logging.py:26}}
Mar 12 04:34:36 jammy-provider-cloud-0000008057 devstack@keystone.service[72239]: DEBUG keystone.server.flask.request_processing.req_logging [None req-2b3c5eb5-610b-4d03-b4d3-8fe4546e3fdc None None] SCRIPT_NAME: `/identity` {{(pid=72239) log_request_info /opt/stack/keystone/keystone/server/flask/request_processing/req_logging.py:27}}
Mar 12 04:34:36 jammy-provider-cloud-0000008057 devstack@keystone.service[72239]: DEBUG keystone.server.flask.request_processing.req_logging [None req-2b3c5eb5-610b-4d03-b4d3-8fe4546e3fdc None None] PATH_INFO: `/v3/auth/tokens` {{(pid=72239) log_request_info /opt/stack/keystone/keystone/server/flask/request_processing/req_logging.py:28}}
Mar 12 04:34:36 jammy-provider-cloud-0000008057 devstack@keystone.service[72239]: WARNING keystone.common.password_hashing [None req-2b3c5eb5-610b-4d03-b4d3-8fe4546e3fdc None None] Truncating password to algorithm specific maximum length 72 characters.
Mar 12 04:34:36 jammy-provider-cloud-0000008057 devstack@keystone.service[72240]: DEBUG keystone.server.flask.request_processing.middleware.auth_context [None req-b5f5313e-cf2f-413a-8de6-ffe7cb1136f6 None None] Authenticating user token {{(pid=72240) process_request /opt/stack/data/venv/lib/python3.10/site-packages/keystonemiddleware/auth_token/__init__.py:406}}
Mar 12 04:34:36 jammy-provider-cloud-0000008057 devstack@keystone.service[72239]: DEBUG keystone.auth.core [None req-2b3c5eb5-610b-4d03-b4d3-8fe4546e3fdc None None] MFA Rules not processed for user `dd516db3fed24bef967305009f265cfe`. Rule list: `[]` (Enabled: `True`). {{(pid=72239) check_auth_methods_against_rules /opt/stack/keystone/keystone/auth/core.py:476}}
Mar 12 04:34:36 jammy-provider-cloud-0000008057 devstack@keystone.service[72239]: DEBUG keystone.common.fernet_utils [None req-2b3c5eb5-610b-4d03-b4d3-8fe4546e3fdc None None] Loaded 2 Fernet keys from /etc/keystone/fernet-keys/, but `[fernet_tokens] max_active_keys = 3`; perhaps there have not been enough key rotations to reach `max_active_keys` yet? {{(pid=72239) load_keys /opt/stack/keystone/keystone/common/fernet_utils.py:297}}
Mar 12 04:34:36 jammy-provider-cloud-0000008057 devstack@keystone.service[72239]: [pid: 72239|app: 0|req: 14/27] 10.201.5.87 () {58 vars in 1016 bytes} [Wed Mar 12 04:34:36 2025] POST /identity/v3/auth/tokens => generated 862 bytes in 61 msecs (HTTP/1.1 201) 6 headers in 363 bytes (1 switches on core 0)
Mar 12 04:34:36 jammy-provider-cloud-0000008057 devstack@keystone.service[72240]: DEBUG keystone.server.flask.request_processing.middleware.auth_context [None req-b5f5313e-cf2f-413a-8de6-ffe7cb1136f6 None None] Validating token access rules against request {{(pid=72240) validate_allowed_request /opt/stack/data/venv/lib/python3.10/site-packages/keystonemiddleware/auth_token/__init__.py:544}}
Mar 12 04:34:36 jammy-provider-cloud-0000008057 devstack@keystone.service[72240]: DEBUG keystone.server.flask.request_processing.middleware.auth_context [None req-87b89cf7-a2cd-4ede-a56e-e65d07380745 None admin] RBAC: auth_context: {'token': <TokenModel (audit_id=6AUUG5buSOyX_PE5ZmfSzw, audit_chain_id=['6AUUG5buSOyX_PE5ZmfSzw']) at 0x7fa906df4a30>, 'domain_id': None, 'trust_id': None, 'trustor_id': None, 'trustee_id': None, 'domain_name': None, 'group_ids': [], 'user_id': 'dd516db3fed24bef967305009f265cfe', 'user_domain_id': 'default', 'system_scope': 'all', 'project_id': None, 'project_domain_id': None, 'roles': ['admin', 'manager', 'member', 'reader'], 'is_admin_project': True, 'service_user_id': None, 'service_user_domain_id': None, 'service_project_id': None, 'service_project_domain_id': None, 'service_roles': []} {{(pid=72240) fill_context /opt/stack/keystone/keystone/server/flask/request_processing/middleware/auth_context.py:506}}
Mar 12 04:34:36 jammy-provider-cloud-0000008057 devstack@keystone.service[72240]: DEBUG keystone.server.flask.request_processing.req_logging [None req-87b89cf7-a2cd-4ede-a56e-e65d07380745 None admin] REQUEST_METHOD: `GET` {{(pid=72240) log_request_info /opt/stack/keystone/keystone/server/flask/request_processing/req_logging.py:26}}
Mar 12 04:34:36 jammy-provider-cloud-0000008057 devstack@keystone.service[72240]: DEBUG keystone.server.flask.request_processing.req_logging [None req-87b89cf7-a2cd-4ede-a56e-e65d07380745 None admin] SCRIPT_NAME: `/identity` {{(pid=72240) log_request_info /opt/stack/keystone/keystone/server/flask/request_processing/req_logging.py:27}}
Mar 12 04:34:36 jammy-provider-cloud-0000008057 devstack@keystone.service[72240]: DEBUG keystone.server.flask.request_processing.req_logging [None req-87b89cf7-a2cd-4ede-a56e-e65d07380745 None admin] PATH_INFO: `/v3/roles/admin` {{(pid=72240) log_request_info /opt/stack/keystone/keystone/server/flask/request_processing/req_logging.py:28}}
Mar 12 04:34:36 jammy-provider-cloud-0000008057 devstack@keystone.service[72239]: DEBUG keystone.server.flask.request_processing.middleware.auth_context [None req-2b3c5eb5-610b-4d03-b4d3-8fe4546e3fdc None None] Authenticating user token {{(pid=72239) process_request /opt/stack/data/venv/lib/python3.10/site-packages/keystonemiddleware/auth_token/__init__.py:406}}
Mar 12 04:34:36 jammy-provider-cloud-0000008057 devstack@keystone.service[72240]: DEBUG keystone.common.rbac_enforcer.enforcer [None req-87b89cf7-a2cd-4ede-a56e-e65d07380745 None admin] Extracting inferred target data resulted in "NOT FOUND (404)". {{(pid=72240) enforce_call /opt/stack/keystone/keystone/common/rbac_enforcer/enforcer.py:445}}
Mar 12 04:34:36 jammy-provider-cloud-0000008057 devstack@keystone.service[72240]: DEBUG keystone.server.flask.application [None req-87b89cf7-a2cd-4ede-a56e-e65d07380745 None admin] Could not find role: admin. {{(pid=72240) _handle_keystone_exception /opt/stack/keystone/keystone/server/flask/application.py:152}}
Mar 12 04:34:36 jammy-provider-cloud-0000008057 devstack@keystone.service[72240]: [pid: 72240|app: 0|req: 14/28] 10.201.5.87 () {56 vars in 1132 bytes} [Wed Mar 12 04:34:36 2025] GET /identity/v3/roles/admin => generated 83 bytes in 90 msecs (HTTP/1.1 404) 5 headers in 183 bytes (1 switches on core 0)
Mar 12 04:34:36 jammy-provider-cloud-0000008057 devstack@keystone.service[72240]: DEBUG keystone.server.flask.request_processing.middleware.auth_context [None req-87b89cf7-a2cd-4ede-a56e-e65d07380745 None admin] Authenticating user token {{(pid=72240) process_request /opt/stack/data/venv/lib/python3.10/site-packages/keystonemiddleware/auth_token/__init__.py:406}}
Mar 12 04:34:36 jammy-provider-cloud-0000008057 devstack@keystone.service[72240]: DEBUG keystone.server.flask.request_processing.middleware.auth_context [None req-87b89cf7-a2cd-4ede-a56e-e65d07380745 None admin] Validating token access rules against request {{(pid=72240) validate_allowed_request /opt/stack/data/venv/lib/python3.10/site-packages/keystonemiddleware/auth_token/__init__.py:544}}
Mar 12 04:34:36 jammy-provider-cloud-0000008057 devstack@keystone.service[72239]: DEBUG keystone.server.flask.request_processing.middleware.auth_context [None req-2b3c5eb5-610b-4d03-b4d3-8fe4546e3fdc None None] Validating token access rules against request {{(pid=72239) validate_allowed_request /opt/stack/data/venv/lib/python3.10/site-packages/keystonemiddleware/auth_token/__init__.py:544}}
Mar 12 04:34:36 jammy-provider-cloud-0000008057 devstack@keystone.service[72240]: DEBUG keystone.server.flask.request_processing.middleware.auth_context [None req-3ca2e691-52f3-49d7-a435-9fa0eb80c2de None admin] RBAC: auth_context: {'token': <TokenModel (audit_id=6AUUG5buSOyX_PE5ZmfSzw, audit_chain_id=['6AUUG5buSOyX_PE5ZmfSzw']) at 0x7fa907114fa0>, 'domain_id': None, 'trust_id': None, 'trustor_id': None, 'trustee_id': None, 'domain_name': None, 'group_ids': [], 'user_id': 'dd516db3fed24bef967305009f265cfe', 'user_domain_id': 'default', 'system_scope': 'all', 'project_id': None, 'project_domain_id': None, 'roles': ['admin', 'manager', 'member', 'reader'], 'is_admin_project': True, 'service_user_id': None, 'service_user_domain_id': None, 'service_project_id': None, 'service_project_domain_id': None, 'service_roles': []} {{(pid=72240) fill_context /opt/stack/keystone/keystone/server/flask/request_processing/middleware/auth_context.py:506}}
Mar 12 04:34:36 jammy-provider-cloud-0000008057 devstack@keystone.service[72240]: DEBUG keystone.server.flask.request_processing.req_logging [None req-3ca2e691-52f3-49d7-a435-9fa0eb80c2de None admin] REQUEST_METHOD: `GET` {{(pid=72240) log_request_info /opt/stack/keystone/keystone/server/flask/request_processing/req_logging.py:26}}
Mar 12 04:34:36 jammy-provider-cloud-0000008057 devstack@keystone.service[72240]: DEBUG keystone.server.flask.request_processing.req_logging [None req-3ca2e691-52f3-49d7-a435-9fa0eb80c2de None admin] SCRIPT_NAME: `/identity` {{(pid=72240) log_request_info /opt/stack/keystone/keystone/server/flask/request_processing/req_logging.py:27}}
Mar 12 04:34:36 jammy-provider-cloud-0000008057 devstack@keystone.service[72240]: DEBUG keystone.server.flask.request_processing.req_logging [None req-3ca2e691-52f3-49d7-a435-9fa0eb80c2de None admin] PATH_INFO: `/v3/roles` {{(pid=72240) log_request_info /opt/stack/keystone/keystone/server/flask/request_processing/req_logging.py:28}}
Mar 12 04:34:36 jammy-provider-cloud-0000008057 devstack@keystone.service[72240]: DEBUG keystone.common.rbac_enforcer.enforcer [None req-3ca2e691-52f3-49d7-a435-9fa0eb80c2de None admin] RBAC: Adding query filter params (name=admin) {{(pid=72240) _extract_filter_values /opt/stack/keystone/keystone/common/rbac_enforcer/enforcer.py:176}}
Mar 12 04:34:36 jammy-provider-cloud-0000008057 devstack@keystone.service[72240]: DEBUG keystone.common.rbac_enforcer.enforcer [None req-3ca2e691-52f3-49d7-a435-9fa0eb80c2de None admin] RBAC: Authorizing `identity:list_roles()` {{(pid=72240) enforce_call /opt/stack/keystone/keystone/common/rbac_enforcer/enforcer.py:495}}
Mar 12 04:34:36 jammy-provider-cloud-0000008057 devstack@keystone.service[72240]: DEBUG keystone.common.rbac_enforcer.enforcer [None req-3ca2e691-52f3-49d7-a435-9fa0eb80c2de None admin] RBAC: Authorization granted {{(pid=72240) enforce_call /opt/stack/keystone/keystone/common/rbac_enforcer/enforcer.py:506}}
Mar 12 04:34:36 jammy-provider-cloud-0000008057 devstack@keystone.service[72240]: [pid: 72240|app: 0|req: 15/29] 10.201.5.87 () {56 vars in 1148 bytes} [Wed Mar 12 04:34:36 2025] GET /identity/v3/roles?name=admin => generated 339 bytes in 72 msecs (HTTP/1.1 200) 5 headers in 177 bytes (1 switches on core 0)
Mar 12 04:34:36 jammy-provider-cloud-0000008057 devstack@keystone.service[72240]: DEBUG keystone.server.flask.request_processing.middleware.auth_context [None req-3ca2e691-52f3-49d7-a435-9fa0eb80c2de None admin] Authenticating user token {{(pid=72240) process_request /opt/stack/data/venv/lib/python3.10/site-packages/keystonemiddleware/auth_token/__init__.py:406}}
Mar 12 04:34:36 jammy-provider-cloud-0000008057 devstack@keystone.service[72239]: DEBUG keystone.server.flask.request_processing.middleware.auth_context [None req-c9d4cc39-35f3-42ff-8ac3-c0eb0d142191 None admin] RBAC: auth_context: {'token': <TokenModel (audit_id=ZomelOvpTq-DAKTmtgQV9w, audit_chain_id=['ZomelOvpTq-DAKTmtgQV9w']) at 0x7fa906f655d0>, 'domain_id': None, 'trust_id': None, 'trustor_id': None, 'trustee_id': None, 'domain_name': None, 'group_ids': [], 'user_id': 'dd516db3fed24bef967305009f265cfe', 'user_domain_id': 'default', 'system_scope': 'all', 'project_id': None, 'project_domain_id': None, 'roles': ['admin', 'manager', 'member', 'reader'], 'is_admin_project': True, 'service_user_id': None, 'service_user_domain_id': None, 'service_project_id': None, 'service_project_domain_id': None, 'service_roles': []} {{(pid=72239) fill_context /opt/stack/keystone/keystone/server/flask/request_processing/middleware/auth_context.py:506}}
Mar 12 04:34:36 jammy-provider-cloud-0000008057 devstack@keystone.service[72239]: DEBUG keystone.server.flask.request_processing.req_logging [None req-c9d4cc39-35f3-42ff-8ac3-c0eb0d142191 None admin] REQUEST_METHOD: `GET` {{(pid=72239) log_request_info /opt/stack/keystone/keystone/server/flask/request_processing/req_logging.py:26}}
Mar 12 04:34:36 jammy-provider-cloud-0000008057 devstack@keystone.service[72239]: DEBUG keystone.server.flask.request_processing.req_logging [None req-c9d4cc39-35f3-42ff-8ac3-c0eb0d142191 None admin] SCRIPT_NAME: `/identity` {{(pid=72239) log_request_info /opt/stack/keystone/keystone/server/flask/request_processing/req_logging.py:27}}
Mar 12 04:34:36 jammy-provider-cloud-0000008057 devstack@keystone.service[72239]: DEBUG keystone.server.flask.request_processing.req_logging [None req-c9d4cc39-35f3-42ff-8ac3-c0eb0d142191 None admin] PATH_INFO: `/v3/domains/Default` {{(pid=72239) log_request_info /opt/stack/keystone/keystone/server/flask/request_processing/req_logging.py:28}}
Mar 12 04:34:36 jammy-provider-cloud-0000008057 devstack@keystone.service[72239]: DEBUG keystone.common.rbac_enforcer.enforcer [None req-c9d4cc39-35f3-42ff-8ac3-c0eb0d142191 None admin] RBAC: Authorizing `identity:get_domain(domain_id=Default)` {{(pid=72239) enforce_call /opt/stack/keystone/keystone/common/rbac_enforcer/enforcer.py:495}}
Mar 12 04:34:36 jammy-provider-cloud-0000008057 devstack@keystone.service[72239]: DEBUG keystone.common.rbac_enforcer.enforcer [None req-c9d4cc39-35f3-42ff-8ac3-c0eb0d142191 None admin] RBAC: Authorization granted {{(pid=72239) enforce_call /opt/stack/keystone/keystone/common/rbac_enforcer/enforcer.py:506}}
Mar 12 04:34:36 jammy-provider-cloud-0000008057 devstack@keystone.service[72240]: DEBUG keystone.server.flask.request_processing.middleware.auth_context [None req-3ca2e691-52f3-49d7-a435-9fa0eb80c2de None admin] Validating token access rules against request {{(pid=72240) validate_allowed_request /opt/stack/data/venv/lib/python3.10/site-packages/keystonemiddleware/auth_token/__init__.py:544}}
Mar 12 04:34:36 jammy-provider-cloud-0000008057 devstack@keystone.service[72239]: DEBUG keystone.server.flask.application [None req-c9d4cc39-35f3-42ff-8ac3-c0eb0d142191 None admin] Could not find domain: Default. {{(pid=72239) _handle_keystone_exception /opt/stack/keystone/keystone/server/flask/application.py:152}}
Mar 12 04:34:36 jammy-provider-cloud-0000008057 devstack@keystone.service[72239]: [pid: 72239|app: 0|req: 15/30] 10.201.5.87 () {56 vars in 1100 bytes} [Wed Mar 12 04:34:36 2025] GET /identity/v3/domains/Default => generated 87 bytes in 123 msecs (HTTP/1.1 404) 5 headers in 183 bytes (1 switches on core 0)
