Feb 19 05:37:15 ubuntu devstack@keystone.service[61883]: ERROR keystone.server.flask.application   File "/opt/stack/data/venv/lib/python3.12/site-packages/pymysql/connections.py", line 782, in _read_packet
Feb 19 05:37:15 ubuntu devstack@keystone.service[61883]: ERROR keystone.server.flask.application     packet.raise_for_error()
Feb 19 05:37:15 ubuntu devstack@keystone.service[61883]: ERROR keystone.server.flask.application   File "/opt/stack/data/venv/lib/python3.12/site-packages/pymysql/protocol.py", line 219, in raise_for_error
Feb 19 05:37:15 ubuntu devstack@keystone.service[61883]: ERROR keystone.server.flask.application     err.raise_mysql_exception(self._data)
Feb 19 05:37:15 ubuntu devstack@keystone.service[61883]: ERROR keystone.server.flask.application   File "/opt/stack/data/venv/lib/python3.12/site-packages/pymysql/err.py", line 150, in raise_mysql_exception
Feb 19 05:37:15 ubuntu devstack@keystone.service[61883]: ERROR keystone.server.flask.application     raise errorclass(errno, errval)
Feb 19 05:37:15 ubuntu devstack@keystone.service[61883]: ERROR keystone.server.flask.application oslo_db.exception.DBDuplicateEntry: (pymysql.err.IntegrityError) (1062, "Duplicate entry 'service-<<null>>' for key 'role.ixu_role_name_domain_id'")
Feb 19 05:37:15 ubuntu devstack@keystone.service[61883]: ERROR keystone.server.flask.application [SQL: INSERT INTO `role` (id, name, description, extra) VALUES (%(id)s, %(name)s, %(description)s, %(extra)s)]
Feb 19 05:37:15 ubuntu devstack@keystone.service[61883]: ERROR keystone.server.flask.application [parameters: {'id': '05b2eb9c4cfa4650ab3d934eedd0cf19', 'name': 'service', 'description': None, 'extra': '{}'}]
Feb 19 05:37:15 ubuntu devstack@keystone.service[61883]: ERROR keystone.server.flask.application (Background on this error at: https://sqlalche.me/e/20/gkpj)
Feb 19 05:37:15 ubuntu devstack@keystone.service[61883]: ERROR keystone.server.flask.application 
Feb 19 05:37:15 ubuntu devstack@keystone.service[61883]: ERROR keystone.server.flask.application During handling of the above exception, another exception occurred:
Feb 19 05:37:15 ubuntu devstack@keystone.service[61883]: ERROR keystone.server.flask.application 
Feb 19 05:37:15 ubuntu devstack@keystone.service[61883]: ERROR keystone.server.flask.application Traceback (most recent call last):
Feb 19 05:37:15 ubuntu devstack@keystone.service[61883]: ERROR keystone.server.flask.application   File "/opt/stack/data/venv/lib/python3.12/site-packages/flask_restful/__init__.py", line 295, in error_router
Feb 19 05:37:15 ubuntu devstack@keystone.service[61883]: ERROR keystone.server.flask.application     return self.handle_error(e)
Feb 19 05:37:15 ubuntu devstack@keystone.service[61883]: ERROR keystone.server.flask.application            ^^^^^^^^^^^^^^^^^^^^
Feb 19 05:37:15 ubuntu devstack@keystone.service[61883]: ERROR keystone.server.flask.application   File "/opt/stack/data/venv/lib/python3.12/site-packages/flask_restful/__init__.py", line 310, in handle_error
Feb 19 05:37:15 ubuntu devstack@keystone.service[61883]: ERROR keystone.server.flask.application     _handle_flask_propagate_exceptions_config(current_app, e)
Feb 19 05:37:15 ubuntu devstack@keystone.service[61883]: ERROR keystone.server.flask.application   File "/opt/stack/data/venv/lib/python3.12/site-packages/flask/app.py", line 917, in full_dispatch_request
Feb 19 05:37:15 ubuntu devstack@keystone.service[61883]: ERROR keystone.server.flask.application     rv = self.dispatch_request()
Feb 19 05:37:15 ubuntu devstack@keystone.service[61883]: ERROR keystone.server.flask.application          ^^^^^^^^^^^^^^^^^^^^^^^
Feb 19 05:37:15 ubuntu devstack@keystone.service[61883]: ERROR keystone.server.flask.application   File "/opt/stack/data/venv/lib/python3.12/site-packages/flask/app.py", line 902, in dispatch_request
Feb 19 05:37:15 ubuntu devstack@keystone.service[61883]: ERROR keystone.server.flask.application     return self.ensure_sync(self.view_functions[rule.endpoint])(**view_args)  # type: ignore[no-any-return]
Feb 19 05:37:15 ubuntu devstack@keystone.service[61883]: ERROR keystone.server.flask.application            ^^^^^^^^^^^^^^^^^^^^^^^^^^^^^^^^^^^^^^^^^^^^^^^^^^^^^^^^^^^^^^^^^
Feb 19 05:37:15 ubuntu devstack@keystone.service[61883]: ERROR keystone.server.flask.application   File "/opt/stack/data/venv/lib/python3.12/site-packages/flask_restful/__init__.py", line 489, in wrapper
Feb 19 05:37:15 ubuntu devstack@keystone.service[61883]: ERROR keystone.server.flask.application     resp = resource(*args, **kwargs)
Feb 19 05:37:15 ubuntu devstack@keystone.service[61883]: ERROR keystone.server.flask.application            ^^^^^^^^^^^^^^^^^^^^^^^^^
Feb 19 05:37:15 ubuntu devstack@keystone.service[61883]: ERROR keystone.server.flask.application   File "/opt/stack/data/venv/lib/python3.12/site-packages/flask/views.py", line 110, in view
Feb 19 05:37:15 ubuntu devstack@keystone.service[61883]: ERROR keystone.server.flask.application     return current_app.ensure_sync(self.dispatch_request)(**kwargs)  # type: ignore[no-any-return]
Feb 19 05:37:15 ubuntu devstack@keystone.service[61883]: ERROR keystone.server.flask.application            ^^^^^^^^^^^^^^^^^^^^^^^^^^^^^^^^^^^^^^^^^^^^^^^^^^^^^^^^
Feb 19 05:37:15 ubuntu devstack@keystone.service[61883]: ERROR keystone.server.flask.application   File "/opt/stack/data/venv/lib/python3.12/site-packages/flask_restful/__init__.py", line 604, in dispatch_request
Feb 19 05:37:15 ubuntu devstack@keystone.service[61883]: ERROR keystone.server.flask.application     resp = meth(*args, **kwargs)
Feb 19 05:37:15 ubuntu devstack@keystone.service[61883]: ERROR keystone.server.flask.application            ^^^^^^^^^^^^^^^^^^^^^
Feb 19 05:37:15 ubuntu devstack@keystone.service[61883]: ERROR keystone.server.flask.application   File "/opt/stack/keystone/keystone/api/validation/__init__.py", line 86, in wrapper
Feb 19 05:37:15 ubuntu devstack@keystone.service[61883]: ERROR keystone.server.flask.application     return func(*args, **kwargs)
Feb 19 05:37:15 ubuntu devstack@keystone.service[61883]: ERROR keystone.server.flask.application            ^^^^^^^^^^^^^^^^^^^^^
Feb 19 05:37:15 ubuntu devstack@keystone.service[61883]: ERROR keystone.server.flask.application   File "/opt/stack/keystone/keystone/api/validation/__init__.py", line 145, in wrapper
Feb 19 05:37:15 ubuntu devstack@keystone.service[61883]: ERROR keystone.server.flask.application     response = func(*args, **kwargs)
Feb 19 05:37:15 ubuntu devstack@keystone.service[61883]: ERROR keystone.server.flask.application                ^^^^^^^^^^^^^^^^^^^^^
Feb 19 05:37:15 ubuntu devstack@keystone.service[61883]: ERROR keystone.server.flask.application   File "/opt/stack/keystone/keystone/api/roles.py", line 91, in post
Feb 19 05:37:15 ubuntu devstack@keystone.service[61883]: ERROR keystone.server.flask.application     ref = PROVIDERS.role_api.create_role(
Feb 19 05:37:15 ubuntu devstack@keystone.service[61883]: ERROR keystone.server.flask.application           ^^^^^^^^^^^^^^^^^^^^^^^^^^^^^^^
Feb 19 05:37:15 ubuntu devstack@keystone.service[61883]: ERROR keystone.server.flask.application   File "/opt/stack/keystone/keystone/common/manager.py", line 114, in wrapped
Feb 19 05:37:15 ubuntu devstack@keystone.service[61883]: ERROR keystone.server.flask.application     __ret_val = __f(*args, **kwargs)
Feb 19 05:37:15 ubuntu devstack@keystone.service[61883]: ERROR keystone.server.flask.application                 ^^^^^^^^^^^^^^^^^^^^
Feb 19 05:37:15 ubuntu devstack@keystone.service[61883]: ERROR keystone.server.flask.application   File "/opt/stack/keystone/keystone/assignment/core.py", line 1526, in create_role
Feb 19 05:37:15 ubuntu devstack@keystone.service[61883]: ERROR keystone.server.flask.application     ret = self.driver.create_role(role_id, role)
Feb 19 05:37:15 ubuntu devstack@keystone.service[61883]: ERROR keystone.server.flask.application           ^^^^^^^^^^^^^^^^^^^^^^^^^^^^^^^^^^^^^^
Feb 19 05:37:15 ubuntu devstack@keystone.service[61883]: ERROR keystone.server.flask.application   File "/opt/stack/keystone/keystone/common/sql/core.py", line 614, in wrapper
Feb 19 05:37:15 ubuntu devstack@keystone.service[61883]: ERROR keystone.server.flask.application     raise exception.Conflict(type=conflict_type, details=msg)
Feb 19 05:37:15 ubuntu devstack@keystone.service[61883]: ERROR keystone.server.flask.application keystone.exception.Conflict: Conflict occurred attempting to store role - Duplicate entry found with name service.
Feb 19 05:37:15 ubuntu devstack@keystone.service[61883]: ERROR keystone.server.flask.application 
Feb 19 05:37:15 ubuntu devstack@keystone.service[61883]: [pid: 61883|app: 0|req: 17/35] 10.120.125.137 () {62 vars in 1199 bytes} [Thu Feb 19 05:37:14 2026] POST /identity/v3/roles => generated 140 bytes in 119 msecs (HTTP/1.1 409) 5 headers in 183 bytes (1 switches on core 0)
Feb 19 05:37:15 ubuntu devstack@keystone.service[61883]: DEBUG keystone.server.flask.request_processing.middleware.auth_context [None req-55527dda-3ef5-4b10-ad8f-b8188caf89c8 None admin] Authenticating user token {{(pid=61883) process_request /opt/stack/data/venv/lib/python3.12/site-packages/keystonemiddleware/auth_token/__init__.py:407}}
Feb 19 05:37:15 ubuntu devstack@keystone.service[61884]: DEBUG keystone.server.flask.request_processing.middleware.auth_context [None req-76159967-d63b-4a1d-b544-b6f23ce80b03 None None] Validating token access rules against request {{(pid=61884) validate_allowed_request /opt/stack/data/venv/lib/python3.12/site-packages/keystonemiddleware/auth_token/__init__.py:545}}
Feb 19 05:37:15 ubuntu devstack@keystone.service[61884]: DEBUG keystone.server.flask.request_processing.middleware.auth_context [None req-6f27ad2d-8c78-49ed-ac55-8c172d207ea6 None admin] RBAC: auth_context: {'token': <TokenModel (audit_id=62pZ5-VqRqKqDwsphDbijw, audit_chain_id=['62pZ5-VqRqKqDwsphDbijw']) at 0x7423cda59190>, 'domain_id': None, 'trust_id': None, 'trustor_id': None, 'trustee_id': None, 'domain_name': None, 'group_ids': [], 'user_id': 'd6b30ec4104f4690a0c3e2b251168f54', 'user_domain_id': 'default', 'system_scope': 'all', 'project_id': None, 'project_domain_id': None, 'roles': ['admin', 'manager', 'member', 'reader'], 'is_admin_project': True, 'service_user_id': None, 'service_user_domain_id': None, 'service_project_id': None, 'service_project_domain_id': None, 'service_roles': []} {{(pid=61884) fill_context /opt/stack/keystone/keystone/server/flask/request_processing/middleware/auth_context.py:509}}
Feb 19 05:37:15 ubuntu devstack@keystone.service[61884]: DEBUG keystone.server.flask.request_processing.req_logging [None req-6f27ad2d-8c78-49ed-ac55-8c172d207ea6 None admin] REQUEST_METHOD: `GET` {{(pid=61884) log_request_info /opt/stack/keystone/keystone/server/flask/request_processing/req_logging.py:26}}
Feb 19 05:37:15 ubuntu devstack@keystone.service[61884]: DEBUG keystone.server.flask.request_processing.req_logging [None req-6f27ad2d-8c78-49ed-ac55-8c172d207ea6 None admin] SCRIPT_NAME: `/identity` {{(pid=61884) log_request_info /opt/stack/keystone/keystone/server/flask/request_processing/req_logging.py:27}}
Feb 19 05:37:15 ubuntu devstack@keystone.service[61884]: DEBUG keystone.server.flask.request_processing.req_logging [None req-6f27ad2d-8c78-49ed-ac55-8c172d207ea6 None admin] PATH_INFO: `/v3/roles/admin` {{(pid=61884) log_request_info /opt/stack/keystone/keystone/server/flask/request_processing/req_logging.py:28}}
Feb 19 05:37:15 ubuntu devstack@keystone.service[61883]: DEBUG keystone.server.flask.request_processing.middleware.auth_context [None req-55527dda-3ef5-4b10-ad8f-b8188caf89c8 None admin] Validating token access rules against request {{(pid=61883) validate_allowed_request /opt/stack/data/venv/lib/python3.12/site-packages/keystonemiddleware/auth_token/__init__.py:545}}
Feb 19 05:37:15 ubuntu devstack@keystone.service[61884]: DEBUG keystone.common.rbac_enforcer.enforcer [None req-6f27ad2d-8c78-49ed-ac55-8c172d207ea6 None admin] Extracting inferred target data resulted in "NOT FOUND (404)". {{(pid=61884) enforce_call /opt/stack/keystone/keystone/common/rbac_enforcer/enforcer.py:445}}
Feb 19 05:37:15 ubuntu devstack@keystone.service[61884]: DEBUG keystone.server.flask.application [None req-6f27ad2d-8c78-49ed-ac55-8c172d207ea6 None admin] Could not find role: admin. {{(pid=61884) _handle_keystone_exception /opt/stack/keystone/keystone/server/flask/application.py:146}}
Feb 19 05:37:15 ubuntu devstack@keystone.service[61884]: [pid: 61884|app: 0|req: 19/36] 10.120.125.137 () {58 vars in 1163 bytes} [Thu Feb 19 05:37:15 2026] GET /identity/v3/roles/admin => generated 83 bytes in 70 msecs (HTTP/1.1 404) 5 headers in 183 bytes (1 switches on core 0)
Feb 19 05:37:15 ubuntu devstack@keystone.service[61884]: DEBUG keystone.server.flask.request_processing.middleware.auth_context [None req-6f27ad2d-8c78-49ed-ac55-8c172d207ea6 None admin] Authenticating user token {{(pid=61884) process_request /opt/stack/data/venv/lib/python3.12/site-packages/keystonemiddleware/auth_token/__init__.py:407}}
Feb 19 05:37:15 ubuntu devstack@keystone.service[61883]: DEBUG keystone.server.flask.request_processing.middleware.auth_context [None req-726ebd54-7054-4242-a6c0-a542c0a2a10a None admin] RBAC: auth_context: {'token': <TokenModel (audit_id=4zm-tM1YT1Kd0sL9LhE2dA, audit_chain_id=['4zm-tM1YT1Kd0sL9LhE2dA']) at 0x7423cd9c1280>, 'domain_id': None, 'trust_id': None, 'trustor_id': None, 'trustee_id': None, 'domain_name': None, 'group_ids': [], 'user_id': 'd6b30ec4104f4690a0c3e2b251168f54', 'user_domain_id': 'default', 'system_scope': 'all', 'project_id': None, 'project_domain_id': None, 'roles': ['admin', 'manager', 'member', 'reader'], 'is_admin_project': True, 'service_user_id': None, 'service_user_domain_id': None, 'service_project_id': None, 'service_project_domain_id': None, 'service_roles': []} {{(pid=61883) fill_context /opt/stack/keystone/keystone/server/flask/request_processing/middleware/auth_context.py:509}}
Feb 19 05:37:15 ubuntu devstack@keystone.service[61883]: DEBUG keystone.server.flask.request_processing.req_logging [None req-726ebd54-7054-4242-a6c0-a542c0a2a10a None admin] REQUEST_METHOD: `GET` {{(pid=61883) log_request_info /opt/stack/keystone/keystone/server/flask/request_processing/req_logging.py:26}}
Feb 19 05:37:15 ubuntu devstack@keystone.service[61883]: DEBUG keystone.server.flask.request_processing.req_logging [None req-726ebd54-7054-4242-a6c0-a542c0a2a10a None admin] SCRIPT_NAME: `/identity` {{(pid=61883) log_request_info /opt/stack/keystone/keystone/server/flask/request_processing/req_logging.py:27}}
Feb 19 05:37:15 ubuntu devstack@keystone.service[61883]: DEBUG keystone.server.flask.request_processing.req_logging [None req-726ebd54-7054-4242-a6c0-a542c0a2a10a None admin] PATH_INFO: `/v3/domains` {{(pid=61883) log_request_info /opt/stack/keystone/keystone/server/flask/request_processing/req_logging.py:28}}
Feb 19 05:37:15 ubuntu devstack@keystone.service[61883]: DEBUG keystone.common.rbac_enforcer.enforcer [None req-726ebd54-7054-4242-a6c0-a542c0a2a10a None admin] RBAC: Adding query filter params (name=Default) {{(pid=61883) _extract_filter_values /opt/stack/keystone/keystone/common/rbac_enforcer/enforcer.py:176}}
Feb 19 05:37:15 ubuntu devstack@keystone.service[61883]: DEBUG keystone.common.rbac_enforcer.enforcer [None req-726ebd54-7054-4242-a6c0-a542c0a2a10a None admin] RBAC: Authorizing `identity:list_domains()` {{(pid=61883) enforce_call /opt/stack/keystone/keystone/common/rbac_enforcer/enforcer.py:494}}
Feb 19 05:37:15 ubuntu devstack@keystone.service[61883]: DEBUG keystone.common.rbac_enforcer.enforcer [None req-726ebd54-7054-4242-a6c0-a542c0a2a10a None admin] RBAC: Authorization granted {{(pid=61883) enforce_call /opt/stack/keystone/keystone/common/rbac_enforcer/enforcer.py:505}}
Feb 19 05:37:15 ubuntu devstack@keystone.service[61883]: [pid: 61883|app: 0|req: 18/37] 10.120.125.137 () {58 vars in 1189 bytes} [Thu Feb 19 05:37:15 2026] GET /identity/v3/domains?name=Default => generated 310 bytes in 72 msecs (HTTP/1.1 200) 5 headers in 177 bytes (1 switches on core 0)
Feb 19 05:37:15 ubuntu devstack@keystone.service[61884]: DEBUG keystone.server.flask.request_processing.middleware.auth_context [None req-6f27ad2d-8c78-49ed-ac55-8c172d207ea6 None admin] Validating token access rules against request {{(pid=61884) validate_allowed_request /opt/stack/data/venv/lib/python3.12/site-packages/keystonemiddleware/auth_token/__init__.py:545}}
Feb 19 05:37:15 ubuntu devstack@keystone.service[61883]: DEBUG keystone.server.flask.request_processing.middleware.auth_context [None req-726ebd54-7054-4242-a6c0-a542c0a2a10a None admin] Authenticating user token {{(pid=61883) process_request /opt/stack/data/venv/lib/python3.12/site-packages/keystonemiddleware/auth_token/__init__.py:407}}
Feb 19 05:37:15 ubuntu devstack@keystone.service[61884]: DEBUG keystone.server.flask.request_processing.middleware.auth_context [None req-2254b9f0-9c6f-42d1-ae1e-7c0ad8a4307f None admin] RBAC: auth_context: {'token': <TokenModel (audit_id=PUegPegYRcGdxByf1PADng, audit_chain_id=['PUegPegYRcGdxByf1PADng']) at 0x7423cda81580>, 'domain_id': None, 'trust_id': None, 'trustor_id': None, 'trustee_id': None, 'domain_name': None, 'group_ids': [], 'user_id': 'd6b30ec4104f4690a0c3e2b251168f54', 'user_domain_id': 'default', 'system_scope': 'all', 'project_id': None, 'project_domain_id': None, 'roles': ['admin', 'manager', 'member', 'reader'], 'is_admin_project': True, 'service_user_id': None, 'service_user_domain_id': None, 'service_project_id': None, 'service_project_domain_id': None, 'service_roles': []} {{(pid=61884) fill_context /opt/stack/keystone/keystone/server/flask/request_processing/middleware/auth_context.py:509}}
Feb 19 05:37:15 ubuntu devstack@keystone.service[61884]: DEBUG keystone.server.flask.request_processing.req_logging [None req-2254b9f0-9c6f-42d1-ae1e-7c0ad8a4307f None admin] REQUEST_METHOD: `GET` {{(pid=61884) log_request_info /opt/stack/keystone/keystone/server/flask/request_processing/req_logging.py:26}}
Feb 19 05:37:15 ubuntu devstack@keystone.service[61884]: DEBUG keystone.server.flask.request_processing.req_logging [None req-2254b9f0-9c6f-42d1-ae1e-7c0ad8a4307f None admin] SCRIPT_NAME: `/identity` {{(pid=61884) log_request_info /opt/stack/keystone/keystone/server/flask/request_processing/req_logging.py:27}}
Feb 19 05:37:15 ubuntu devstack@keystone.service[61884]: DEBUG keystone.server.flask.request_processing.req_logging [None req-2254b9f0-9c6f-42d1-ae1e-7c0ad8a4307f None admin] PATH_INFO: `/v3/roles/service` {{(pid=61884) log_request_info /opt/stack/keystone/keystone/server/flask/request_processing/req_logging.py:28}}
Feb 19 05:37:15 ubuntu devstack@keystone.service[61884]: DEBUG keystone.common.rbac_enforcer.enforcer [None req-2254b9f0-9c6f-42d1-ae1e-7c0ad8a4307f None admin] Extracting inferred target data resulted in "NOT FOUND (404)". {{(pid=61884) enforce_call /opt/stack/keystone/keystone/common/rbac_enforcer/enforcer.py:445}}
Feb 19 05:37:15 ubuntu devstack@keystone.service[61884]: DEBUG keystone.server.flask.application [None req-2254b9f0-9c6f-42d1-ae1e-7c0ad8a4307f None admin] Could not find role: service. {{(pid=61884) _handle_keystone_exception /opt/stack/keystone/keystone/server/flask/application.py:146}}
Feb 19 05:37:15 ubuntu devstack@keystone.service[61884]: [pid: 61884|app: 0|req: 20/38] 10.120.125.137 () {58 vars in 1170 bytes} [Thu Feb 19 05:37:15 2026] GET /identity/v3/roles/service => generated 85 bytes in 59 msecs (HTTP/1.1 404) 5 headers in 183 bytes (1 switches on core 0)
Feb 19 05:37:15 ubuntu devstack@keystone.service[61884]: DEBUG keystone.server.flask.request_processing.middleware.auth_context [None req-2254b9f0-9c6f-42d1-ae1e-7c0ad8a4307f None admin] Authenticating user token {{(pid=61884) process_request /opt/stack/data/venv/lib/python3.12/site-packages/keystonemiddleware/auth_token/__init__.py:407}}
Feb 19 05:37:15 ubuntu devstack@keystone.service[61883]: DEBUG keystone.server.flask.request_processing.middleware.auth_context [None req-726ebd54-7054-4242-a6c0-a542c0a2a10a None admin] Validating token access rules against request {{(pid=61883) validate_allowed_request /opt/stack/data/venv/lib/python3.12/site-packages/keystonemiddleware/auth_token/__init__.py:545}}
Feb 19 05:37:15 ubuntu devstack@keystone.service[61883]: DEBUG keystone.server.flask.request_processing.middleware.auth_context [None req-346b1f80-1869-4110-beab-26ee43375b63 None admin] RBAC: auth_context: {'token': <TokenModel (audit_id=EKIIYeuPTqi5YsUWVBRdJA, audit_chain_id=['EKIIYeuPTqi5YsUWVBRdJA']) at 0x7423cdb036b0>, 'domain_id': None, 'trust_id': None, 'trustor_id': None, 'trustee_id': None, 'domain_name': None, 'group_ids': [], 'user_id': 'd6b30ec4104f4690a0c3e2b251168f54', 'user_domain_id': 'default', 'system_scope': 'all', 'project_id': None, 'project_domain_id': None, 'roles': ['admin', 'manager', 'member', 'reader'], 'is_admin_project': True, 'service_user_id': None, 'service_user_domain_id': None, 'service_project_id': None, 'service_project_domain_id': None, 'service_roles': []} {{(pid=61883) fill_context /opt/stack/keystone/keystone/server/flask/request_processing/middleware/auth_context.py:509}}
Feb 19 05:37:15 ubuntu devstack@keystone.service[61883]: DEBUG keystone.server.flask.request_processing.req_logging [None req-346b1f80-1869-4110-beab-26ee43375b63 None admin] REQUEST_METHOD: `POST` {{(pid=61883) log_request_info /opt/stack/keystone/keystone/server/flask/request_processing/req_logging.py:26}}
Feb 19 05:37:15 ubuntu devstack@keystone.service[61883]: DEBUG keystone.server.flask.request_processing.req_logging [None req-346b1f80-1869-4110-beab-26ee43375b63 None admin] SCRIPT_NAME: `/identity` {{(pid=61883) log_request_info /opt/stack/keystone/keystone/server/flask/request_processing/req_logging.py:27}}
Feb 19 05:37:15 ubuntu devstack@keystone.service[61883]: DEBUG keystone.server.flask.request_processing.req_logging [None req-346b1f80-1869-4110-beab-26ee43375b63 None admin] PATH_INFO: `/v3/roles` {{(pid=61883) log_request_info /opt/stack/keystone/keystone/server/flask/request_processing/req_logging.py:28}}
Feb 19 05:37:15 ubuntu devstack@keystone.service[61883]: DEBUG keystone.common.rbac_enforcer.enforcer [None req-346b1f80-1869-4110-beab-26ee43375b63 None admin] RBAC: Authorizing `identity:create_role()` {{(pid=61883) enforce_call /opt/stack/keystone/keystone/common/rbac_enforcer/enforcer.py:494}}
Feb 19 05:37:15 ubuntu devstack@keystone.service[61883]: DEBUG keystone.common.rbac_enforcer.enforcer [None req-346b1f80-1869-4110-beab-26ee43375b63 None admin] RBAC: Authorization granted {{(pid=61883) enforce_call /opt/stack/keystone/keystone/common/rbac_enforcer/enforcer.py:505}}
Feb 19 05:37:15 ubuntu devstack@keystone.service[61884]: DEBUG keystone.server.flask.request_processing.middleware.auth_context [None req-2254b9f0-9c6f-42d1-ae1e-7c0ad8a4307f None admin] Validating token access rules against request {{(pid=61884) validate_allowed_request /opt/stack/data/venv/lib/python3.12/site-packages/keystonemiddleware/auth_token/__init__.py:545}}
Feb 19 05:37:15 ubuntu devstack@keystone.service[61883]: [pid: 61883|app: 0|req: 19/39] 10.120.125.137 () {62 vars in 1199 bytes} [Thu Feb 19 05:37:15 2026] POST /identity/v3/roles => generated 226 bytes in 68 msecs (HTTP/1.1 201) 5 headers in 182 bytes (1 switches on core 0)
Feb 19 05:37:15 ubuntu devstack@keystone.service[61883]: DEBUG keystone.server.flask.request_processing.req_logging [None req-1a67ea84-128d-41dc-94fe-7fd802f01fc8 None None] REQUEST_METHOD: `POST` {{(pid=61883) log_request_info /opt/stack/keystone/keystone/server/flask/request_processing/req_logging.py:26}}
Feb 19 05:37:15 ubuntu devstack@keystone.service[61883]: DEBUG keystone.server.flask.request_processing.req_logging [None req-1a67ea84-128d-41dc-94fe-7fd802f01fc8 None None] SCRIPT_NAME: `/identity` {{(pid=61883) log_request_info /opt/stack/keystone/keystone/server/flask/request_processing/req_logging.py:27}}
Feb 19 05:37:15 ubuntu devstack@keystone.service[61883]: DEBUG keystone.server.flask.request_processing.req_logging [None req-1a67ea84-128d-41dc-94fe-7fd802f01fc8 None None] PATH_INFO: `/v3/auth/tokens` {{(pid=61883) log_request_info /opt/stack/keystone/keystone/server/flask/request_processing/req_logging.py:28}}
Feb 19 05:37:15 ubuntu devstack@keystone.service[61883]: WARNING keystone.common.password_hashing [None req-1a67ea84-128d-41dc-94fe-7fd802f01fc8 None None] Truncating password to algorithm specific maximum length 72 characters.
Feb 19 05:37:15 ubuntu devstack@keystone.service[61884]: DEBUG keystone.server.flask.request_processing.middleware.auth_context [None req-caea4ad2-2ade-4de8-90c1-a063ea378328 None admin] RBAC: auth_context: {'token': <TokenModel (audit_id=62pZ5-VqRqKqDwsphDbijw, audit_chain_id=['62pZ5-VqRqKqDwsphDbijw']) at 0x7423cda5b260>, 'domain_id': None, 'trust_id': None, 'trustor_id': None, 'trustee_id': None, 'domain_name': None, 'group_ids': [], 'user_id': 'd6b30ec4104f4690a0c3e2b251168f54', 'user_domain_id': 'default', 'system_scope': 'all', 'project_id': None, 'project_domain_id': None, 'roles': ['admin', 'manager', 'member', 'reader'], 'is_admin_project': True, 'service_user_id': None, 'service_user_domain_id': None, 'service_project_id': None, 'service_project_domain_id': None, 'service_roles': []} {{(pid=61884) fill_context /opt/stack/keystone/keystone/server/flask/request_processing/middleware/auth_context.py:509}}
Feb 19 05:37:15 ubuntu devstack@keystone.service[61884]: DEBUG keystone.server.flask.request_processing.req_logging [None req-caea4ad2-2ade-4de8-90c1-a063ea378328 None admin] REQUEST_METHOD: `GET` {{(pid=61884) log_request_info /opt/stack/keystone/keystone/server/flask/request_processing/req_logging.py:26}}
Feb 19 05:37:15 ubuntu devstack@keystone.service[61884]: DEBUG keystone.server.flask.request_processing.req_logging [None req-caea4ad2-2ade-4de8-90c1-a063ea378328 None admin] SCRIPT_NAME: `/identity` {{(pid=61884) log_request_info /opt/stack/keystone/keystone/server/flask/request_processing/req_logging.py:27}}
Feb 19 05:37:15 ubuntu devstack@keystone.service[61884]: DEBUG keystone.server.flask.request_processing.req_logging [None req-caea4ad2-2ade-4de8-90c1-a063ea378328 None admin] PATH_INFO: `/v3/roles` {{(pid=61884) log_request_info /opt/stack/keystone/keystone/server/flask/request_processing/req_logging.py:28}}
Feb 19 05:37:15 ubuntu devstack@keystone.service[61884]: DEBUG keystone.common.rbac_enforcer.enforcer [None req-caea4ad2-2ade-4de8-90c1-a063ea378328 None admin] RBAC: Adding query filter params (name=admin) {{(pid=61884) _extract_filter_values /opt/stack/keystone/keystone/common/rbac_enforcer/enforcer.py:176}}
Feb 19 05:37:15 ubuntu devstack@keystone.service[61884]: DEBUG keystone.common.rbac_enforcer.enforcer [None req-caea4ad2-2ade-4de8-90c1-a063ea378328 None admin] RBAC: Authorizing `identity:list_roles()` {{(pid=61884) enforce_call /opt/stack/keystone/keystone/common/rbac_enforcer/enforcer.py:494}}
Feb 19 05:37:15 ubuntu devstack@keystone.service[61884]: DEBUG keystone.common.rbac_enforcer.enforcer [None req-caea4ad2-2ade-4de8-90c1-a063ea378328 None admin] RBAC: Authorization granted {{(pid=61884) enforce_call /opt/stack/keystone/keystone/common/rbac_enforcer/enforcer.py:505}}
Feb 19 05:37:15 ubuntu devstack@keystone.service[61883]: DEBUG keystone.auth.core [None req-1a67ea84-128d-41dc-94fe-7fd802f01fc8 None None] MFA Rules not processed for user `d6b30ec4104f4690a0c3e2b251168f54`. Rule list: `[]` (Enabled: `True`). {{(pid=61883) check_auth_methods_against_rules /opt/stack/keystone/keystone/auth/core.py:476}}
Feb 19 05:37:15 ubuntu devstack@keystone.service[61883]: DEBUG keystone.common.fernet_utils [None req-1a67ea84-128d-41dc-94fe-7fd802f01fc8 None None] Loaded 2 Fernet keys from /etc/keystone/fernet-keys/, but `[fernet_tokens] max_active_keys = 3`; perhaps there have not been enough key rotations to reach `max_active_keys` yet? {{(pid=61883) load_keys /opt/stack/keystone/keystone/common/fernet_utils.py:297}}
Feb 19 05:37:15 ubuntu devstack@keystone.service[61884]: [pid: 61884|app: 0|req: 21/40] 10.120.125.137 () {58 vars in 1180 bytes} [Thu Feb 19 05:37:15 2026] GET /identity/v3/roles?name=admin => generated 341 bytes in 66 msecs (HTTP/1.1 200) 5 headers in 177 bytes (1 switches on core 0)
Feb 19 05:37:15 ubuntu devstack@keystone.service[61884]: DEBUG keystone.server.flask.request_processing.middleware.auth_context [None req-caea4ad2-2ade-4de8-90c1-a063ea378328 None admin] Authenticating user token {{(pid=61884) process_request /opt/stack/data/venv/lib/python3.12/site-packages/keystonemiddleware/auth_token/__init__.py:407}}
Feb 19 05:37:15 ubuntu devstack@keystone.service[61883]: [pid: 61883|app: 0|req: 20/41] 10.120.125.137 () {60 vars in 1048 bytes} [Thu Feb 19 05:37:15 2026] POST /identity/v3/auth/tokens => generated 863 bytes in 46 msecs (HTTP/1.1 201) 6 headers in 363 bytes (1 switches on core 0)
Feb 19 05:37:15 ubuntu devstack@keystone.service[61884]: DEBUG keystone.server.flask.request_processing.middleware.auth_context [None req-caea4ad2-2ade-4de8-90c1-a063ea378328 None admin] Validating token access rules against request {{(pid=61884) validate_allowed_request /opt/stack/data/venv/lib/python3.12/site-packages/keystonemiddleware/auth_token/__init__.py:545}}
Feb 19 05:37:15 ubuntu devstack@keystone.service[61883]: DEBUG keystone.server.flask.request_processing.middleware.auth_context [None req-1a67ea84-128d-41dc-94fe-7fd802f01fc8 None None] Authenticating user token {{(pid=61883) process_request /opt/stack/data/venv/lib/python3.12/site-packages/keystonemiddleware/auth_token/__init__.py:407}}
Feb 19 05:37:15 ubuntu devstack@keystone.service[61884]: DEBUG keystone.server.flask.request_processing.middleware.auth_context [None req-4719a4a1-e0b9-4793-a986-c3d95e056673 None admin] RBAC: auth_context: {'token': <TokenModel (audit_id=PUegPegYRcGdxByf1PADng, audit_chain_id=['PUegPegYRcGdxByf1PADng']) at 0x7423cda5b8c0>, 'domain_id': None, 'trust_id': None, 'trustor_id': None, 'trustee_id': None, 'domain_name': None, 'group_ids': [], 'user_id': 'd6b30ec4104f4690a0c3e2b251168f54', 'user_domain_id': 'default', 'system_scope': 'all', 'project_id': None, 'project_domain_id': None, 'roles': ['admin', 'manager', 'member', 'reader'], 'is_admin_project': True, 'service_user_id': None, 'service_user_domain_id': None, 'service_project_id': None, 'service_project_domain_id': None, 'service_roles': []} {{(pid=61884) fill_context /opt/stack/keystone/keystone/server/flask/request_processing/middleware/auth_context.py:509}}
Feb 19 05:37:15 ubuntu devstack@keystone.service[61884]: DEBUG keystone.server.flask.request_processing.req_logging [None req-4719a4a1-e0b9-4793-a986-c3d95e056673 None admin] REQUEST_METHOD: `GET` {{(pid=61884) log_request_info /opt/stack/keystone/keystone/server/flask/request_processing/req_logging.py:26}}
Feb 19 05:37:15 ubuntu devstack@keystone.service[61884]: DEBUG keystone.server.flask.request_processing.req_logging [None req-4719a4a1-e0b9-4793-a986-c3d95e056673 None admin] SCRIPT_NAME: `/identity` {{(pid=61884) log_request_info /opt/stack/keystone/keystone/server/flask/request_processing/req_logging.py:27}}
Feb 19 05:37:15 ubuntu devstack@keystone.service[61884]: DEBUG keystone.server.flask.request_processing.req_logging [None req-4719a4a1-e0b9-4793-a986-c3d95e056673 None admin] PATH_INFO: `/v3/roles` {{(pid=61884) log_request_info /opt/stack/keystone/keystone/server/flask/request_processing/req_logging.py:28}}
Feb 19 05:37:15 ubuntu devstack@keystone.service[61884]: DEBUG keystone.common.rbac_enforcer.enforcer [None req-4719a4a1-e0b9-4793-a986-c3d95e056673 None admin] RBAC: Adding query filter params (name=service) {{(pid=61884) _extract_filter_values /opt/stack/keystone/keystone/common/rbac_enforcer/enforcer.py:176}}
Feb 19 05:37:15 ubuntu devstack@keystone.service[61884]: DEBUG keystone.common.rbac_enforcer.enforcer [None req-4719a4a1-e0b9-4793-a986-c3d95e056673 None admin] RBAC: Authorizing `identity:list_roles()` {{(pid=61884) enforce_call /opt/stack/keystone/keystone/common/rbac_enforcer/enforcer.py:494}}
Feb 19 05:37:15 ubuntu devstack@keystone.service[61884]: DEBUG keystone.common.rbac_enforcer.enforcer [None req-4719a4a1-e0b9-4793-a986-c3d95e056673 None admin] RBAC: Authorization granted {{(pid=61884) enforce_call /opt/stack/keystone/keystone/common/rbac_enforcer/enforcer.py:505}}
Feb 19 05:37:15 ubuntu devstack@keystone.service[61884]: [pid: 61884|app: 0|req: 22/42] 10.120.125.137 () {58 vars in 1184 bytes} [Thu Feb 19 05:37:15 2026] GET /identity/v3/roles?name=service => generated 345 bytes in 75 msecs (HTTP/1.1 200) 5 headers in 177 bytes (1 switches on core 0)
Feb 19 05:37:15 ubuntu devstack@keystone.service[61884]: DEBUG keystone.server.flask.request_processing.middleware.auth_context [None req-4719a4a1-e0b9-4793-a986-c3d95e056673 None admin] Authenticating user token {{(pid=61884) process_request /opt/stack/data/venv/lib/python3.12/site-packages/keystonemiddleware/auth_token/__init__.py:407}}
Feb 19 05:37:15 ubuntu devstack@keystone.service[61883]: DEBUG keystone.server.flask.request_processing.middleware.auth_context [None req-1a67ea84-128d-41dc-94fe-7fd802f01fc8 None None] Validating token access rules against request {{(pid=61883) validate_allowed_request /opt/stack/data/venv/lib/python3.12/site-packages/keystonemiddleware/auth_token/__init__.py:545}}
Feb 19 05:37:15 ubuntu devstack@keystone.service[61883]: DEBUG keystone.server.flask.request_processing.middleware.auth_context [None req-684370df-7e94-430f-a74e-72ce4a21a1d1 None admin] RBAC: auth_context: {'token': <TokenModel (audit_id=4zm-tM1YT1Kd0sL9LhE2dA, audit_chain_id=['4zm-tM1YT1Kd0sL9LhE2dA']) at 0x7423ce62dc70>, 'domain_id': None, 'trust_id': None, 'trustor_id': None, 'trustee_id': None, 'domain_name': None, 'group_ids': [], 'user_id': 'd6b30ec4104f4690a0c3e2b251168f54', 'user_domain_id': 'default', 'system_scope': 'all', 'project_id': None, 'project_domain_id': None, 'roles': ['admin', 'manager', 'member', 'reader'], 'is_admin_project': True, 'service_user_id': None, 'service_user_domain_id': None, 'service_project_id': None, 'service_project_domain_id': None, 'service_roles': []} {{(pid=61883) fill_context /opt/stack/keystone/keystone/server/flask/request_processing/middleware/auth_context.py:509}}
Feb 19 05:37:15 ubuntu devstack@keystone.service[61883]: DEBUG keystone.server.flask.request_processing.req_logging [None req-684370df-7e94-430f-a74e-72ce4a21a1d1 None admin] REQUEST_METHOD: `POST` {{(pid=61883) log_request_info /opt/stack/keystone/keystone/server/flask/request_processing/req_logging.py:26}}
Feb 19 05:37:15 ubuntu devstack@keystone.service[61883]: DEBUG keystone.server.flask.request_processing.req_logging [None req-684370df-7e94-430f-a74e-72ce4a21a1d1 None admin] SCRIPT_NAME: `/identity` {{(pid=61883) log_request_info /opt/stack/keystone/keystone/server/flask/request_processing/req_logging.py:27}}
Feb 19 05:37:15 ubuntu devstack@keystone.service[61883]: DEBUG keystone.server.flask.request_processing.req_logging [None req-684370df-7e94-430f-a74e-72ce4a21a1d1 None admin] PATH_INFO: `/v3/projects` {{(pid=61883) log_request_info /opt/stack/keystone/keystone/server/flask/request_processing/req_logging.py:28}}
Feb 19 05:37:15 ubuntu devstack@keystone.service[61883]: DEBUG keystone.common.rbac_enforcer.enforcer [None req-684370df-7e94-430f-a74e-72ce4a21a1d1 None admin] RBAC: Authorizing `identity:create_project()` {{(pid=61883) enforce_call /opt/stack/keystone/keystone/common/rbac_enforcer/enforcer.py:494}}
Feb 19 05:37:15 ubuntu devstack@keystone.service[61883]: DEBUG keystone.common.rbac_enforcer.enforcer [None req-684370df-7e94-430f-a74e-72ce4a21a1d1 None admin] RBAC: Authorization granted {{(pid=61883) enforce_call /opt/stack/keystone/keystone/common/rbac_enforcer/enforcer.py:505}}
Feb 19 05:37:15 ubuntu devstack@keystone.service[61883]: [pid: 61883|app: 0|req: 21/43] 10.120.125.137 () {62 vars in 1208 bytes} [Thu Feb 19 05:37:15 2026] POST /identity/v3/projects => generated 302 bytes in 78 msecs (HTTP/1.1 201) 5 headers in 182 bytes (1 switches on core 0)
Feb 19 05:37:15 ubuntu devstack@keystone.service[61883]: DEBUG keystone.server.flask.request_processing.middleware.auth_context [None req-684370df-7e94-430f-a74e-72ce4a21a1d1 None admin] Authenticating user token {{(pid=61883) process_request /opt/stack/data/venv/lib/python3.12/site-packages/keystonemiddleware/auth_token/__init__.py:407}}
Feb 19 05:37:15 ubuntu devstack@keystone.service[61884]: DEBUG keystone.server.flask.request_processing.middleware.auth_context [None req-4719a4a1-e0b9-4793-a986-c3d95e056673 None admin] Validating token access rules against request {{(pid=61884) validate_allowed_request /opt/stack/data/venv/lib/python3.12/site-packages/keystonemiddleware/auth_token/__init__.py:545}}
Feb 19 05:37:15 ubuntu devstack@keystone.service[61883]: DEBUG keystone.server.flask.request_processing.middleware.auth_context [None req-684370df-7e94-430f-a74e-72ce4a21a1d1 None admin] Validating token access rules against request {{(pid=61883) validate_allowed_request /opt/stack/data/venv/lib/python3.12/site-packages/keystonemiddleware/auth_token/__init__.py:545}}
Feb 19 05:37:15 ubuntu devstack@keystone.service[61884]: DEBUG keystone.server.flask.request_processing.middleware.auth_context [None req-09955d53-b3f8-4993-b3b6-4d2cd8cf1466 None admin] RBAC: auth_context: {'token': <TokenModel (audit_id=62pZ5-VqRqKqDwsphDbijw, audit_chain_id=['62pZ5-VqRqKqDwsphDbijw']) at 0x7423cda82540>, 'domain_id': None, 'trust_id': None, 'trustor_id': None, 'trustee_id': None, 'domain_name': None, 'group_ids': [], 'user_id': 'd6b30ec4104f4690a0c3e2b251168f54', 'user_domain_id': 'default', 'system_scope': 'all', 'project_id': None, 'project_domain_id': None, 'roles': ['admin', 'manager', 'member', 'reader'], 'is_admin_project': True, 'service_user_id': None, 'service_user_domain_id': None, 'service_project_id': None, 'service_project_domain_id': None, 'service_roles': []} {{(pid=61884) fill_context /opt/stack/keystone/keystone/server/flask/request_processing/middleware/auth_context.py:509}}
Feb 19 05:37:15 ubuntu devstack@keystone.service[61884]: DEBUG keystone.server.flask.request_processing.req_logging [None req-09955d53-b3f8-4993-b3b6-4d2cd8cf1466 None admin] REQUEST_METHOD: `GET` {{(pid=61884) log_request_info /opt/stack/keystone/keystone/server/flask/request_processing/req_logging.py:26}}
Feb 19 05:37:15 ubuntu devstack@keystone.service[61884]: DEBUG keystone.server.flask.request_processing.req_logging [None req-09955d53-b3f8-4993-b3b6-4d2cd8cf1466 None admin] SCRIPT_NAME: `/identity` {{(pid=61884) log_request_info /opt/stack/keystone/keystone/server/flask/request_processing/req_logging.py:27}}
Feb 19 05:37:15 ubuntu devstack@keystone.service[61884]: DEBUG keystone.server.flask.request_processing.req_logging [None req-09955d53-b3f8-4993-b3b6-4d2cd8cf1466 None admin] PATH_INFO: `/v3/users/d6b30ec4104f4690a0c3e2b251168f54` {{(pid=61884) log_request_info /opt/stack/keystone/keystone/server/flask/request_processing/req_logging.py:28}}
Feb 19 05:37:15 ubuntu devstack@keystone.service[61884]: DEBUG keystone.common.rbac_enforcer.enforcer [None req-09955d53-b3f8-4993-b3b6-4d2cd8cf1466 None admin] RBAC: Authorizing `identity:get_user(user_id=d6b30ec4104f4690a0c3e2b251168f54)` {{(pid=61884) enforce_call /opt/stack/keystone/keystone/common/rbac_enforcer/enforcer.py:494}}
Feb 19 05:37:15 ubuntu devstack@keystone.service[61884]: DEBUG keystone.common.rbac_enforcer.enforcer [None req-09955d53-b3f8-4993-b3b6-4d2cd8cf1466 None admin] RBAC: Authorization granted {{(pid=61884) enforce_call /opt/stack/keystone/keystone/common/rbac_enforcer/enforcer.py:505}}
Feb 19 05:37:15 ubuntu devstack@keystone.service[61883]: DEBUG keystone.server.flask.request_processing.middleware.auth_context [None req-055d81ae-fb1a-4bc9-9333-d18ab6c13098 None admin] RBAC: auth_context: {'token': <TokenModel (audit_id=I3VdzXpqRsiS7fFdpHa9Cg, audit_chain_id=['I3VdzXpqRsiS7fFdpHa9Cg']) at 0x7423cdc016d0>, 'domain_id': None, 'trust_id': None, 'trustor_id': None, 'trustee_id': None, 'domain_name': None, 'group_ids': [], 'user_id': 'd6b30ec4104f4690a0c3e2b251168f54', 'user_domain_id': 'default', 'system_scope': 'all', 'project_id': None, 'project_domain_id': None, 'roles': ['admin', 'manager', 'member', 'reader'], 'is_admin_project': True, 'service_user_id': None, 'service_user_domain_id': None, 'service_project_id': None, 'service_project_domain_id': None, 'service_roles': []} {{(pid=61883) fill_context /opt/stack/keystone/keystone/server/flask/request_processing/middleware/auth_context.py:509}}
Feb 19 05:37:15 ubuntu devstack@keystone.service[61884]: [pid: 61884|app: 0|req: 23/44] 10.120.125.137 () {58 vars in 1245 bytes} [Thu Feb 19 05:37:15 2026] GET /identity/v3/users/d6b30ec4104f4690a0c3e2b251168f54 => generated 248 bytes in 104 msecs (HTTP/1.1 200) 5 headers in 177 bytes (1 switches on core 0)
Feb 19 05:37:15 ubuntu devstack@keystone.service[61883]: DEBUG keystone.server.flask.request_processing.req_logging [None req-055d81ae-fb1a-4bc9-9333-d18ab6c13098 None admin] REQUEST_METHOD: `GET` {{(pid=61883) log_request_info /opt/stack/keystone/keystone/server/flask/request_processing/req_logging.py:26}}
Feb 19 05:37:15 ubuntu devstack@keystone.service[61883]: DEBUG keystone.server.flask.request_processing.req_logging [None req-055d81ae-fb1a-4bc9-9333-d18ab6c13098 None admin] SCRIPT_NAME: `/identity` {{(pid=61883) log_request_info /opt/stack/keystone/keystone/server/flask/request_processing/req_logging.py:27}}
Feb 19 05:37:15 ubuntu devstack@keystone.service[61883]: DEBUG keystone.server.flask.request_processing.req_logging [None req-055d81ae-fb1a-4bc9-9333-d18ab6c13098 None admin] PATH_INFO: `/v3/domains/default` {{(pid=61883) log_request_info /opt/stack/keystone/keystone/server/flask/request_processing/req_logging.py:28}}
Feb 19 05:37:15 ubuntu devstack@keystone.service[61883]: DEBUG keystone.common.rbac_enforcer.enforcer [None req-055d81ae-fb1a-4bc9-9333-d18ab6c13098 None admin] RBAC: Authorizing `identity:get_domain(domain_id=default)` {{(pid=61883) enforce_call /opt/stack/keystone/keystone/common/rbac_enforcer/enforcer.py:494}}
Feb 19 05:37:15 ubuntu devstack@keystone.service[61883]: DEBUG keystone.common.rbac_enforcer.enforcer [None req-055d81ae-fb1a-4bc9-9333-d18ab6c13098 None admin] RBAC: Authorization granted {{(pid=61883) enforce_call /opt/stack/keystone/keystone/common/rbac_enforcer/enforcer.py:505}}
Feb 19 05:37:15 ubuntu devstack@keystone.service[61883]: [pid: 61883|app: 0|req: 22/45] 10.120.125.137 () {58 vars in 1176 bytes} [Thu Feb 19 05:37:15 2026] GET /identity/v3/domains/default => generated 200 bytes in 63 msecs (HTTP/1.1 200) 5 headers in 177 bytes (1 switches on core 0)
Feb 19 05:37:15 ubuntu devstack@keystone.service[61884]: DEBUG keystone.server.flask.request_processing.middleware.auth_context [None req-09955d53-b3f8-4993-b3b6-4d2cd8cf1466 None admin] Authenticating user token {{(pid=61884) process_request /opt/stack/data/venv/lib/python3.12/site-packages/keystonemiddleware/auth_token/__init__.py:407}}
Feb 19 05:37:15 ubuntu devstack@keystone.service[61884]: DEBUG keystone.server.flask.request_processing.middleware.auth_context [None req-09955d53-b3f8-4993-b3b6-4d2cd8cf1466 None admin] Validating token access rules against request {{(pid=61884) validate_allowed_request /opt/stack/data/venv/lib/python3.12/site-packages/keystonemiddleware/auth_token/__init__.py:545}}
Feb 19 05:37:15 ubuntu devstack@keystone.service[61884]: DEBUG keystone.server.flask.request_processing.middleware.auth_context [None req-6335eb61-875d-4616-b3c0-cd9548a1a6cb None admin] RBAC: auth_context: {'token': <TokenModel (audit_id=62pZ5-VqRqKqDwsphDbijw, audit_chain_id=['62pZ5-VqRqKqDwsphDbijw']) at 0x7423cda58290>, 'domain_id': None, 'trust_id': None, 'trustor_id': None, 'trustee_id': None, 'domain_name': None, 'group_ids': [], 'user_id': 'd6b30ec4104f4690a0c3e2b251168f54', 'user_domain_id': 'default', 'system_scope': 'all', 'project_id': None, 'project_domain_id': None, 'roles': ['admin', 'manager', 'member', 'reader'], 'is_admin_project': True, 'service_user_id': None, 'service_user_domain_id': None, 'service_project_id': None, 'service_project_domain_id': None, 'service_roles': []} {{(pid=61884) fill_context /opt/stack/keystone/keystone/server/flask/request_processing/middleware/auth_context.py:509}}
Feb 19 05:37:15 ubuntu devstack@keystone.service[61884]: DEBUG keystone.server.flask.request_processing.req_logging [None req-6335eb61-875d-4616-b3c0-cd9548a1a6cb None admin] REQUEST_METHOD: `GET` {{(pid=61884) log_request_info /opt/stack/keystone/keystone/server/flask/request_processing/req_logging.py:26}}
Feb 19 05:37:15 ubuntu devstack@keystone.service[61884]: DEBUG keystone.server.flask.request_processing.req_logging [None req-6335eb61-875d-4616-b3c0-cd9548a1a6cb None admin] SCRIPT_NAME: `/identity` {{(pid=61884) log_request_info /opt/stack/keystone/keystone/server/flask/request_processing/req_logging.py:27}}
Feb 19 05:37:15 ubuntu devstack@keystone.service[61884]: DEBUG keystone.server.flask.request_processing.req_logging [None req-6335eb61-875d-4616-b3c0-cd9548a1a6cb None admin] PATH_INFO: `/v3/domains/default` {{(pid=61884) log_request_info /opt/stack/keystone/keystone/server/flask/request_processing/req_logging.py:28}}
Feb 19 05:37:15 ubuntu devstack@keystone.service[61884]: DEBUG keystone.common.rbac_enforcer.enforcer [None req-6335eb61-875d-4616-b3c0-cd9548a1a6cb None admin] RBAC: Authorizing `identity:get_domain(domain_id=default)` {{(pid=61884) enforce_call /opt/stack/keystone/keystone/common/rbac_enforcer/enforcer.py:494}}
Feb 19 05:37:15 ubuntu devstack@keystone.service[61884]: DEBUG keystone.common.rbac_enforcer.enforcer [None req-6335eb61-875d-4616-b3c0-cd9548a1a6cb None admin] RBAC: Authorization granted {{(pid=61884) enforce_call /opt/stack/keystone/keystone/common/rbac_enforcer/enforcer.py:505}}
Feb 19 05:37:15 ubuntu devstack@keystone.service[61884]: [pid: 61884|app: 0|req: 24/46] 10.120.125.137 () {58 vars in 1176 bytes} [Thu Feb 19 05:37:15 2026] GET /identity/v3/domains/default => generated 200 bytes in 76 msecs (HTTP/1.1 200) 5 headers in 177 bytes (1 switches on core 0)
Feb 19 05:37:15 ubuntu devstack@keystone.service[61883]: DEBUG keystone.server.flask.request_processing.middleware.auth_context [None req-055d81ae-fb1a-4bc9-9333-d18ab6c13098 None admin] Authenticating user token {{(pid=61883) process_request /opt/stack/data/venv/lib/python3.12/site-packages/keystonemiddleware/auth_token/__init__.py:407}}
Feb 19 05:37:15 ubuntu devstack@keystone.service[61884]: DEBUG keystone.server.flask.request_processing.middleware.auth_context [None req-6335eb61-875d-4616-b3c0-cd9548a1a6cb None admin] Authenticating user token {{(pid=61884) process_request /opt/stack/data/venv/lib/python3.12/site-packages/keystonemiddleware/auth_token/__init__.py:407}}
Feb 19 05:37:15 ubuntu devstack@keystone.service[61883]: DEBUG keystone.server.flask.request_processing.middleware.auth_context [None req-055d81ae-fb1a-4bc9-9333-d18ab6c13098 None admin] Validating token access rules against request {{(pid=61883) validate_allowed_request /opt/stack/data/venv/lib/python3.12/site-packages/keystonemiddleware/auth_token/__init__.py:545}}
Feb 19 05:37:15 ubuntu devstack@keystone.service[61883]: DEBUG keystone.server.flask.request_processing.middleware.auth_context [None req-b76bf8e5-5621-4d4a-b5a3-f427e71d4e4f None admin] RBAC: auth_context: {'token': <TokenModel (audit_id=I3VdzXpqRsiS7fFdpHa9Cg, audit_chain_id=['I3VdzXpqRsiS7fFdpHa9Cg']) at 0x7423cd9c3ef0>, 'domain_id': None, 'trust_id': None, 'trustor_id': None, 'trustee_id': None, 'domain_name': None, 'group_ids': [], 'user_id': 'd6b30ec4104f4690a0c3e2b251168f54', 'user_domain_id': 'default', 'system_scope': 'all', 'project_id': None, 'project_domain_id': None, 'roles': ['admin', 'manager', 'member', 'reader'], 'is_admin_project': True, 'service_user_id': None, 'service_user_domain_id': None, 'service_project_id': None, 'service_project_domain_id': None, 'service_roles': []} {{(pid=61883) fill_context /opt/stack/keystone/keystone/server/flask/request_processing/middleware/auth_context.py:509}}
Feb 19 05:37:15 ubuntu devstack@keystone.service[61883]: DEBUG keystone.server.flask.request_processing.req_logging [None req-b76bf8e5-5621-4d4a-b5a3-f427e71d4e4f None admin] REQUEST_METHOD: `POST` {{(pid=61883) log_request_info /opt/stack/keystone/keystone/server/flask/request_processing/req_logging.py:26}}
Feb 19 05:37:15 ubuntu devstack@keystone.service[61883]: DEBUG keystone.server.flask.request_processing.req_logging [None req-b76bf8e5-5621-4d4a-b5a3-f427e71d4e4f None admin] SCRIPT_NAME: `/identity` {{(pid=61883) log_request_info /opt/stack/keystone/keystone/server/flask/request_processing/req_logging.py:27}}
Feb 19 05:37:15 ubuntu devstack@keystone.service[61883]: DEBUG keystone.server.flask.request_processing.req_logging [None req-b76bf8e5-5621-4d4a-b5a3-f427e71d4e4f None admin] PATH_INFO: `/v3/projects` {{(pid=61883) log_request_info /opt/stack/keystone/keystone/server/flask/request_processing/req_logging.py:28}}
Feb 19 05:37:15 ubuntu devstack@keystone.service[61883]: DEBUG keystone.common.rbac_enforcer.enforcer [None req-b76bf8e5-5621-4d4a-b5a3-f427e71d4e4f None admin] RBAC: Authorizing `identity:create_project()` {{(pid=61883) enforce_call /opt/stack/keystone/keystone/common/rbac_enforcer/enforcer.py:494}}
Feb 19 05:37:15 ubuntu devstack@keystone.service[61883]: DEBUG keystone.common.rbac_enforcer.enforcer [None req-b76bf8e5-5621-4d4a-b5a3-f427e71d4e4f None admin] RBAC: Authorization granted {{(pid=61883) enforce_call /opt/stack/keystone/keystone/common/rbac_enforcer/enforcer.py:505}}
