Apr 01 17:48:03 ubuntu devstack@c-api.service[124849]: DEBUG cinder.api.extensions [-] Ext description: Expose the internal project_id as an attribute of a volume. {{(pid=124849) _check_extension /opt/stack/cinder/cinder/api/extensions.py:176}}
Apr 01 17:48:03 ubuntu devstack@c-api.service[124849]: DEBUG cinder.api.extensions [-] Ext updated: 2011-11-03T00:00:00+00:00 {{(pid=124849) _check_extension /opt/stack/cinder/cinder/api/extensions.py:178}}
Apr 01 17:48:03 ubuntu devstack@c-api.service[124849]: DEBUG cinder.api.extensions [-] Loaded extension: os-vol-tenant-attr {{(pid=124849) register /opt/stack/cinder/cinder/api/extensions.py:135}}
Apr 01 17:48:03 ubuntu devstack@c-api.service[124849]: DEBUG cinder.api.extensions [-] Loading extension cinder.api.contrib.capabilities.Capabilities {{(pid=124849) load_extension /opt/stack/cinder/cinder/api/extensions.py:194}}
Apr 01 17:48:03 ubuntu devstack@c-api.service[124848]: DEBUG cinder.api.extensions [-] Calling extension factory cinder.api.contrib.volume_encryption_metadata.Volume_encryption_metadata {{(pid=124848) load_extension /opt/stack/cinder/cinder/api/extensions.py:200}}
Apr 01 17:48:03 ubuntu devstack@c-api.service[124848]: DEBUG cinder.api.extensions [-] Ext name: VolumeEncryptionMetadata {{(pid=124848) _check_extension /opt/stack/cinder/cinder/api/extensions.py:174}}
Apr 01 17:48:03 ubuntu devstack@c-api.service[124848]: DEBUG cinder.api.extensions [-] Ext alias: os-volume-encryption-metadata {{(pid=124848) _check_extension /opt/stack/cinder/cinder/api/extensions.py:175}}
Apr 01 17:48:03 ubuntu devstack@c-api.service[124848]: DEBUG cinder.api.extensions [-] Ext description: Volume encryption metadata retrieval support. {{(pid=124848) _check_extension /opt/stack/cinder/cinder/api/extensions.py:176}}
Apr 01 17:48:03 ubuntu devstack@c-api.service[124848]: DEBUG cinder.api.extensions [-] Ext updated: 2013-07-10T00:00:00+00:00 {{(pid=124848) _check_extension /opt/stack/cinder/cinder/api/extensions.py:178}}
Apr 01 17:48:03 ubuntu devstack@c-api.service[124848]: DEBUG cinder.api.extensions [-] Loaded extension: os-volume-encryption-metadata {{(pid=124848) register /opt/stack/cinder/cinder/api/extensions.py:135}}
Apr 01 17:48:03 ubuntu devstack@c-api.service[124848]: DEBUG cinder.api.extensions [-] Loading extension cinder.api.contrib.types_extra_specs.Types_extra_specs {{(pid=124848) load_extension /opt/stack/cinder/cinder/api/extensions.py:194}}
Apr 01 17:48:03 ubuntu devstack@c-api.service[124849]: DEBUG cinder.api.extensions [-] Calling extension factory cinder.api.contrib.capabilities.Capabilities {{(pid=124849) load_extension /opt/stack/cinder/cinder/api/extensions.py:200}}
Apr 01 17:48:03 ubuntu devstack@c-api.service[124849]: DEBUG cinder.api.extensions [-] Ext name: Capabilities {{(pid=124849) _check_extension /opt/stack/cinder/cinder/api/extensions.py:174}}
Apr 01 17:48:03 ubuntu devstack@c-api.service[124849]: DEBUG cinder.api.extensions [-] Ext alias: capabilities {{(pid=124849) _check_extension /opt/stack/cinder/cinder/api/extensions.py:175}}
Apr 01 17:48:03 ubuntu devstack@c-api.service[124849]: DEBUG cinder.api.extensions [-] Ext description: Capabilities support. {{(pid=124849) _check_extension /opt/stack/cinder/cinder/api/extensions.py:176}}
Apr 01 17:48:03 ubuntu devstack@c-api.service[124849]: DEBUG cinder.api.extensions [-] Ext updated: 2015-08-31T00:00:00+00:00 {{(pid=124849) _check_extension /opt/stack/cinder/cinder/api/extensions.py:178}}
Apr 01 17:48:03 ubuntu devstack@c-api.service[124849]: DEBUG cinder.api.extensions [-] Loaded extension: capabilities {{(pid=124849) register /opt/stack/cinder/cinder/api/extensions.py:135}}
Apr 01 17:48:03 ubuntu devstack@c-api.service[124849]: DEBUG cinder.api.extensions [-] Loading extension cinder.api.contrib.snapshot_actions.Snapshot_actions {{(pid=124849) load_extension /opt/stack/cinder/cinder/api/extensions.py:194}}
Apr 01 17:48:03 ubuntu devstack@c-api.service[124848]: DEBUG cinder.api.extensions [-] Calling extension factory cinder.api.contrib.types_extra_specs.Types_extra_specs {{(pid=124848) load_extension /opt/stack/cinder/cinder/api/extensions.py:200}}
Apr 01 17:48:03 ubuntu devstack@c-api.service[124848]: DEBUG cinder.api.extensions [-] Ext name: TypesExtraSpecs {{(pid=124848) _check_extension /opt/stack/cinder/cinder/api/extensions.py:174}}
Apr 01 17:48:03 ubuntu devstack@c-api.service[124848]: DEBUG cinder.api.extensions [-] Ext alias: os-types-extra-specs {{(pid=124848) _check_extension /opt/stack/cinder/cinder/api/extensions.py:175}}
Apr 01 17:48:03 ubuntu devstack@c-api.service[124848]: DEBUG cinder.api.extensions [-] Ext description: Type extra specs support. {{(pid=124848) _check_extension /opt/stack/cinder/cinder/api/extensions.py:176}}
Apr 01 17:48:03 ubuntu devstack@c-api.service[124849]: DEBUG cinder.api.extensions [-] Calling extension factory cinder.api.contrib.snapshot_actions.Snapshot_actions {{(pid=124849) load_extension /opt/stack/cinder/cinder/api/extensions.py:200}}
Apr 01 17:48:03 ubuntu devstack@c-api.service[124848]: DEBUG cinder.api.extensions [-] Ext updated: 2011-08-24T00:00:00+00:00 {{(pid=124848) _check_extension /opt/stack/cinder/cinder/api/extensions.py:178}}
Apr 01 17:48:03 ubuntu devstack@c-api.service[124848]: DEBUG cinder.api.extensions [-] Loaded extension: os-types-extra-specs {{(pid=124848) register /opt/stack/cinder/cinder/api/extensions.py:135}}
Apr 01 17:48:03 ubuntu devstack@c-api.service[124849]: DEBUG cinder.api.extensions [-] Ext name: SnapshotActions {{(pid=124849) _check_extension /opt/stack/cinder/cinder/api/extensions.py:174}}
Apr 01 17:48:03 ubuntu devstack@c-api.service[124848]: DEBUG cinder.api.extensions [-] Loading extension cinder.api.contrib.scheduler_stats.Scheduler_stats {{(pid=124848) load_extension /opt/stack/cinder/cinder/api/extensions.py:194}}
Apr 01 17:48:03 ubuntu devstack@c-api.service[124849]: DEBUG cinder.api.extensions [-] Ext alias: os-snapshot-actions {{(pid=124849) _check_extension /opt/stack/cinder/cinder/api/extensions.py:175}}
Apr 01 17:48:03 ubuntu devstack@c-api.service[124849]: DEBUG cinder.api.extensions [-] Ext description: Enable snapshot manager actions. {{(pid=124849) _check_extension /opt/stack/cinder/cinder/api/extensions.py:176}}
Apr 01 17:48:03 ubuntu devstack@c-api.service[124849]: DEBUG cinder.api.extensions [-] Ext updated: 2013-07-16T00:00:00+00:00 {{(pid=124849) _check_extension /opt/stack/cinder/cinder/api/extensions.py:178}}
Apr 01 17:48:03 ubuntu devstack@c-api.service[124849]: DEBUG cinder.api.extensions [-] Loaded extension: os-snapshot-actions {{(pid=124849) register /opt/stack/cinder/cinder/api/extensions.py:135}}
Apr 01 17:48:03 ubuntu devstack@c-api.service[124849]: DEBUG cinder.api.extensions [-] Loading extension cinder.api.contrib.volume_host_attribute.Volume_host_attribute {{(pid=124849) load_extension /opt/stack/cinder/cinder/api/extensions.py:194}}
Apr 01 17:48:03 ubuntu devstack@c-api.service[124848]: DEBUG cinder.api.extensions [-] Calling extension factory cinder.api.contrib.scheduler_stats.Scheduler_stats {{(pid=124848) load_extension /opt/stack/cinder/cinder/api/extensions.py:200}}
Apr 01 17:48:03 ubuntu devstack@c-api.service[124849]: DEBUG cinder.api.extensions [-] Calling extension factory cinder.api.contrib.volume_host_attribute.Volume_host_attribute {{(pid=124849) load_extension /opt/stack/cinder/cinder/api/extensions.py:200}}
Apr 01 17:48:03 ubuntu devstack@c-api.service[124849]: DEBUG cinder.api.extensions [-] Ext name: VolumeHostAttribute {{(pid=124849) _check_extension /opt/stack/cinder/cinder/api/extensions.py:174}}
Apr 01 17:48:03 ubuntu devstack@c-api.service[124848]: DEBUG cinder.api.extensions [-] Ext name: Scheduler_stats {{(pid=124848) _check_extension /opt/stack/cinder/cinder/api/extensions.py:174}}
Apr 01 17:48:03 ubuntu devstack@c-api.service[124849]: DEBUG cinder.api.extensions [-] Ext alias: os-vol-host-attr {{(pid=124849) _check_extension /opt/stack/cinder/cinder/api/extensions.py:175}}
Apr 01 17:48:03 ubuntu devstack@c-api.service[124848]: DEBUG cinder.api.extensions [-] Ext alias: scheduler-stats {{(pid=124848) _check_extension /opt/stack/cinder/cinder/api/extensions.py:175}}
Apr 01 17:48:03 ubuntu devstack@c-api.service[124849]: DEBUG cinder.api.extensions [-] Ext description: Expose host as an attribute of a volume. {{(pid=124849) _check_extension /opt/stack/cinder/cinder/api/extensions.py:176}}
Apr 01 17:48:03 ubuntu devstack@c-api.service[124848]: DEBUG cinder.api.extensions [-] Ext description: Scheduler stats support. {{(pid=124848) _check_extension /opt/stack/cinder/cinder/api/extensions.py:176}}
Apr 01 17:48:03 ubuntu devstack@c-api.service[124849]: DEBUG cinder.api.extensions [-] Ext updated: 2011-11-03T00:00:00+00:00 {{(pid=124849) _check_extension /opt/stack/cinder/cinder/api/extensions.py:178}}
Apr 01 17:48:03 ubuntu devstack@c-api.service[124848]: DEBUG cinder.api.extensions [-] Ext updated: 2014-09-07T00:00:00+00:00 {{(pid=124848) _check_extension /opt/stack/cinder/cinder/api/extensions.py:178}}
Apr 01 17:48:03 ubuntu devstack@c-api.service[124849]: DEBUG cinder.api.extensions [-] Loaded extension: os-vol-host-attr {{(pid=124849) register /opt/stack/cinder/cinder/api/extensions.py:135}}
Apr 01 17:48:03 ubuntu devstack@c-api.service[124848]: DEBUG cinder.api.extensions [-] Loaded extension: scheduler-stats {{(pid=124848) register /opt/stack/cinder/cinder/api/extensions.py:135}}
Apr 01 17:48:03 ubuntu devstack@c-api.service[124849]: DEBUG cinder.api.extensions [-] Loading extension cinder.api.contrib.quota_classes.Quota_classes {{(pid=124849) load_extension /opt/stack/cinder/cinder/api/extensions.py:194}}
Apr 01 17:48:03 ubuntu devstack@c-api.service[124849]: DEBUG cinder.api.extensions [-] Calling extension factory cinder.api.contrib.quota_classes.Quota_classes {{(pid=124849) load_extension /opt/stack/cinder/cinder/api/extensions.py:200}}
Apr 01 17:48:03 ubuntu devstack@c-api.service[124849]: DEBUG cinder.api.extensions [-] Ext name: QuotaClasses {{(pid=124849) _check_extension /opt/stack/cinder/cinder/api/extensions.py:174}}
Apr 01 17:48:03 ubuntu devstack@c-api.service[124849]: DEBUG cinder.api.extensions [-] Ext alias: os-quota-class-sets {{(pid=124849) _check_extension /opt/stack/cinder/cinder/api/extensions.py:175}}
Apr 01 17:48:03 ubuntu devstack@c-api.service[124849]: DEBUG cinder.api.extensions [-] Ext description: Quota classes management support. {{(pid=124849) _check_extension /opt/stack/cinder/cinder/api/extensions.py:176}}
Apr 01 17:48:03 ubuntu devstack@c-api.service[124849]: DEBUG cinder.api.extensions [-] Ext updated: 2012-03-12T00:00:00+00:00 {{(pid=124849) _check_extension /opt/stack/cinder/cinder/api/extensions.py:178}}
Apr 01 17:48:03 ubuntu devstack@c-api.service[124849]: DEBUG cinder.api.extensions [-] Loaded extension: os-quota-class-sets {{(pid=124849) register /opt/stack/cinder/cinder/api/extensions.py:135}}
Apr 01 17:48:03 ubuntu devstack@c-api.service[124849]: DEBUG cinder.api.extensions [-] Loading extension cinder.api.contrib.volume_image_metadata.Volume_image_metadata {{(pid=124849) load_extension /opt/stack/cinder/cinder/api/extensions.py:194}}
Apr 01 17:48:03 ubuntu devstack@c-api.service[124849]: DEBUG cinder.api.extensions [-] Calling extension factory cinder.api.contrib.volume_image_metadata.Volume_image_metadata {{(pid=124849) load_extension /opt/stack/cinder/cinder/api/extensions.py:200}}
Apr 01 17:48:03 ubuntu devstack@c-api.service[124849]: DEBUG cinder.api.extensions [-] Ext name: VolumeImageMetadata {{(pid=124849) _check_extension /opt/stack/cinder/cinder/api/extensions.py:174}}
Apr 01 17:48:03 ubuntu devstack@c-api.service[124849]: DEBUG cinder.api.extensions [-] Ext alias: os-vol-image-meta {{(pid=124849) _check_extension /opt/stack/cinder/cinder/api/extensions.py:175}}
Apr 01 17:48:03 ubuntu devstack@c-api.service[124849]: DEBUG cinder.api.extensions [-] Ext description: Show image metadata associated with the volume. {{(pid=124849) _check_extension /opt/stack/cinder/cinder/api/extensions.py:176}}
Apr 01 17:48:03 ubuntu devstack@c-api.service[124849]: DEBUG cinder.api.extensions [-] Ext updated: 2012-12-07T00:00:00+00:00 {{(pid=124849) _check_extension /opt/stack/cinder/cinder/api/extensions.py:178}}
Apr 01 17:48:03 ubuntu devstack@c-api.service[124849]: DEBUG cinder.api.extensions [-] Loaded extension: os-vol-image-meta {{(pid=124849) register /opt/stack/cinder/cinder/api/extensions.py:135}}
Apr 01 17:48:03 ubuntu devstack@c-api.service[124849]: DEBUG cinder.api.extensions [-] Loading extension cinder.api.contrib.consistencygroups.Consistencygroups {{(pid=124849) load_extension /opt/stack/cinder/cinder/api/extensions.py:194}}
Apr 01 17:48:03 ubuntu devstack@c-api.service[124849]: DEBUG cinder.api.extensions [-] Calling extension factory cinder.api.contrib.consistencygroups.Consistencygroups {{(pid=124849) load_extension /opt/stack/cinder/cinder/api/extensions.py:200}}
Apr 01 17:48:03 ubuntu devstack@c-api.service[124849]: DEBUG cinder.api.extensions [-] Ext name: Consistencygroups {{(pid=124849) _check_extension /opt/stack/cinder/cinder/api/extensions.py:174}}
Apr 01 17:48:03 ubuntu devstack@c-api.service[124849]: DEBUG cinder.api.extensions [-] Ext alias: consistencygroups {{(pid=124849) _check_extension /opt/stack/cinder/cinder/api/extensions.py:175}}
Apr 01 17:48:03 ubuntu devstack@c-api.service[124849]: DEBUG cinder.api.extensions [-] Ext description: consistency groups support. {{(pid=124849) _check_extension /opt/stack/cinder/cinder/api/extensions.py:176}}
Apr 01 17:48:03 ubuntu devstack@c-api.service[124849]: DEBUG cinder.api.extensions [-] Ext updated: 2014-08-18T00:00:00+00:00 {{(pid=124849) _check_extension /opt/stack/cinder/cinder/api/extensions.py:178}}
Apr 01 17:48:03 ubuntu devstack@c-api.service[124849]: DEBUG cinder.api.extensions [-] Loaded extension: consistencygroups {{(pid=124849) register /opt/stack/cinder/cinder/api/extensions.py:135}}
Apr 01 17:48:03 ubuntu devstack@c-api.service[124849]: DEBUG cinder.api.extensions [-] Loading extension cinder.api.contrib.extended_snapshot_attributes.Extended_snapshot_attributes {{(pid=124849) load_extension /opt/stack/cinder/cinder/api/extensions.py:194}}
Apr 01 17:48:03 ubuntu devstack@c-api.service[124849]: DEBUG cinder.api.extensions [-] Calling extension factory cinder.api.contrib.extended_snapshot_attributes.Extended_snapshot_attributes {{(pid=124849) load_extension /opt/stack/cinder/cinder/api/extensions.py:200}}
Apr 01 17:48:03 ubuntu devstack@c-api.service[124849]: DEBUG cinder.api.extensions [-] Ext name: ExtendedSnapshotAttributes {{(pid=124849) _check_extension /opt/stack/cinder/cinder/api/extensions.py:174}}
Apr 01 17:48:03 ubuntu devstack@c-api.service[124849]: DEBUG cinder.api.extensions [-] Ext alias: os-extended-snapshot-attributes {{(pid=124849) _check_extension /opt/stack/cinder/cinder/api/extensions.py:175}}
Apr 01 17:48:03 ubuntu devstack@c-api.service[124849]: DEBUG cinder.api.extensions [-] Ext description: Extended SnapshotAttributes support. {{(pid=124849) _check_extension /opt/stack/cinder/cinder/api/extensions.py:176}}
Apr 01 17:48:03 ubuntu devstack@c-api.service[124849]: DEBUG cinder.api.extensions [-] Ext updated: 2012-06-19T00:00:00+00:00 {{(pid=124849) _check_extension /opt/stack/cinder/cinder/api/extensions.py:178}}
Apr 01 17:48:03 ubuntu devstack@c-api.service[124849]: DEBUG cinder.api.extensions [-] Loaded extension: os-extended-snapshot-attributes {{(pid=124849) register /opt/stack/cinder/cinder/api/extensions.py:135}}
Apr 01 17:48:03 ubuntu devstack@c-api.service[124849]: DEBUG cinder.api.extensions [-] Loading extension cinder.api.contrib.admin_actions.Admin_actions {{(pid=124849) load_extension /opt/stack/cinder/cinder/api/extensions.py:194}}
Apr 01 17:48:03 ubuntu devstack@c-api.service[124849]: DEBUG cinder.api.extensions [-] Calling extension factory cinder.api.contrib.admin_actions.Admin_actions {{(pid=124849) load_extension /opt/stack/cinder/cinder/api/extensions.py:200}}
Apr 01 17:48:03 ubuntu devstack@c-api.service[124849]: DEBUG cinder.api.extensions [-] Ext name: AdminActions {{(pid=124849) _check_extension /opt/stack/cinder/cinder/api/extensions.py:174}}
Apr 01 17:48:03 ubuntu devstack@c-api.service[124849]: DEBUG cinder.api.extensions [-] Ext alias: os-admin-actions {{(pid=124849) _check_extension /opt/stack/cinder/cinder/api/extensions.py:175}}
Apr 01 17:48:03 ubuntu devstack@c-api.service[124849]: DEBUG cinder.api.extensions [-] Ext description: Enable admin actions. {{(pid=124849) _check_extension /opt/stack/cinder/cinder/api/extensions.py:176}}
Apr 01 17:48:03 ubuntu devstack@c-api.service[124849]: DEBUG cinder.api.extensions [-] Ext updated: 2012-08-25T00:00:00+00:00 {{(pid=124849) _check_extension /opt/stack/cinder/cinder/api/extensions.py:178}}
Apr 01 17:48:03 ubuntu devstack@c-api.service[124849]: DEBUG cinder.api.extensions [-] Loaded extension: os-admin-actions {{(pid=124849) register /opt/stack/cinder/cinder/api/extensions.py:135}}
Apr 01 17:48:03 ubuntu devstack@c-api.service[124849]: DEBUG cinder.api.extensions [-] Loading extension cinder.api.contrib.types_manage.Types_manage {{(pid=124849) load_extension /opt/stack/cinder/cinder/api/extensions.py:194}}
Apr 01 17:48:03 ubuntu devstack@c-api.service[124849]: DEBUG cinder.api.extensions [-] Calling extension factory cinder.api.contrib.types_manage.Types_manage {{(pid=124849) load_extension /opt/stack/cinder/cinder/api/extensions.py:200}}
Apr 01 17:48:03 ubuntu devstack@c-api.service[124849]: DEBUG cinder.api.extensions [-] Ext name: TypesManage {{(pid=124849) _check_extension /opt/stack/cinder/cinder/api/extensions.py:174}}
Apr 01 17:48:03 ubuntu devstack@c-api.service[124849]: DEBUG cinder.api.extensions [-] Ext alias: os-types-manage {{(pid=124849) _check_extension /opt/stack/cinder/cinder/api/extensions.py:175}}
Apr 01 17:48:03 ubuntu devstack@c-api.service[124849]: DEBUG cinder.api.extensions [-] Ext description: Types manage support. {{(pid=124849) _check_extension /opt/stack/cinder/cinder/api/extensions.py:176}}
Apr 01 17:48:03 ubuntu devstack@c-api.service[124849]: DEBUG cinder.api.extensions [-] Ext updated: 2011-08-24T00:00:00+00:00 {{(pid=124849) _check_extension /opt/stack/cinder/cinder/api/extensions.py:178}}
Apr 01 17:48:03 ubuntu devstack@c-api.service[124849]: DEBUG cinder.api.extensions [-] Loaded extension: os-types-manage {{(pid=124849) register /opt/stack/cinder/cinder/api/extensions.py:135}}
Apr 01 17:48:03 ubuntu devstack@c-api.service[124849]: DEBUG cinder.api.extensions [-] Loading extension cinder.api.contrib.qos_specs_manage.Qos_specs_manage {{(pid=124849) load_extension /opt/stack/cinder/cinder/api/extensions.py:194}}
Apr 01 17:48:03 ubuntu devstack@c-api.service[124849]: DEBUG cinder.api.extensions [-] Calling extension factory cinder.api.contrib.qos_specs_manage.Qos_specs_manage {{(pid=124849) load_extension /opt/stack/cinder/cinder/api/extensions.py:200}}
Apr 01 17:48:03 ubuntu devstack@c-api.service[124849]: DEBUG cinder.api.extensions [-] Ext name: Qos_specs_manage {{(pid=124849) _check_extension /opt/stack/cinder/cinder/api/extensions.py:174}}
Apr 01 17:48:03 ubuntu devstack@c-api.service[124849]: DEBUG cinder.api.extensions [-] Ext alias: qos-specs {{(pid=124849) _check_extension /opt/stack/cinder/cinder/api/extensions.py:175}}
Apr 01 17:48:03 ubuntu devstack@c-api.service[124849]: DEBUG cinder.api.extensions [-] Ext description: QoS specs support. {{(pid=124849) _check_extension /opt/stack/cinder/cinder/api/extensions.py:176}}
Apr 01 17:48:03 ubuntu devstack@c-api.service[124849]: DEBUG cinder.api.extensions [-] Ext updated: 2013-08-02T00:00:00+00:00 {{(pid=124849) _check_extension /opt/stack/cinder/cinder/api/extensions.py:178}}
Apr 01 17:48:03 ubuntu devstack@c-api.service[124849]: DEBUG cinder.api.extensions [-] Loaded extension: qos-specs {{(pid=124849) register /opt/stack/cinder/cinder/api/extensions.py:135}}
Apr 01 17:48:03 ubuntu devstack@c-api.service[124849]: DEBUG cinder.api.extensions [-] Loading extension cinder.api.contrib.backups.Backups {{(pid=124849) load_extension /opt/stack/cinder/cinder/api/extensions.py:194}}
Apr 01 17:48:03 ubuntu devstack@c-api.service[124849]: DEBUG cinder.api.extensions [-] Calling extension factory cinder.api.contrib.backups.Backups {{(pid=124849) load_extension /opt/stack/cinder/cinder/api/extensions.py:200}}
Apr 01 17:48:03 ubuntu devstack@c-api.service[124849]: DEBUG cinder.api.extensions [-] Ext name: Backups {{(pid=124849) _check_extension /opt/stack/cinder/cinder/api/extensions.py:174}}
Apr 01 17:48:03 ubuntu devstack@c-api.service[124849]: DEBUG cinder.api.extensions [-] Ext alias: backups {{(pid=124849) _check_extension /opt/stack/cinder/cinder/api/extensions.py:175}}
Apr 01 17:48:03 ubuntu devstack@c-api.service[124849]: DEBUG cinder.api.extensions [-] Ext description: Backups support. {{(pid=124849) _check_extension /opt/stack/cinder/cinder/api/extensions.py:176}}
Apr 01 17:48:03 ubuntu devstack@c-api.service[124849]: DEBUG cinder.api.extensions [-] Ext updated: 2012-12-12T00:00:00+00:00 {{(pid=124849) _check_extension /opt/stack/cinder/cinder/api/extensions.py:178}}
Apr 01 17:48:03 ubuntu devstack@c-api.service[124849]: DEBUG cinder.api.extensions [-] Loaded extension: backups {{(pid=124849) register /opt/stack/cinder/cinder/api/extensions.py:135}}
Apr 01 17:48:03 ubuntu devstack@c-api.service[124849]: DEBUG cinder.api.extensions [-] Loading extension cinder.api.contrib.extended_services.Extended_services {{(pid=124849) load_extension /opt/stack/cinder/cinder/api/extensions.py:194}}
Apr 01 17:48:03 ubuntu devstack@c-api.service[124849]: DEBUG cinder.api.extensions [-] Calling extension factory cinder.api.contrib.extended_services.Extended_services {{(pid=124849) load_extension /opt/stack/cinder/cinder/api/extensions.py:200}}
Apr 01 17:48:03 ubuntu devstack@c-api.service[124849]: DEBUG cinder.api.extensions [-] Ext name: ExtendedServices {{(pid=124849) _check_extension /opt/stack/cinder/cinder/api/extensions.py:174}}
Apr 01 17:48:03 ubuntu devstack@c-api.service[124849]: DEBUG cinder.api.extensions [-] Ext alias: os-extended-services {{(pid=124849) _check_extension /opt/stack/cinder/cinder/api/extensions.py:175}}
Apr 01 17:48:03 ubuntu devstack@c-api.service[124849]: DEBUG cinder.api.extensions [-] Ext description: Extended services support. {{(pid=124849) _check_extension /opt/stack/cinder/cinder/api/extensions.py:176}}
Apr 01 17:48:03 ubuntu devstack@c-api.service[124849]: DEBUG cinder.api.extensions [-] Ext updated: 2014-01-10T00:00:00-00:00 {{(pid=124849) _check_extension /opt/stack/cinder/cinder/api/extensions.py:178}}
Apr 01 17:48:03 ubuntu devstack@c-api.service[124849]: DEBUG cinder.api.extensions [-] Loaded extension: os-extended-services {{(pid=124849) register /opt/stack/cinder/cinder/api/extensions.py:135}}
Apr 01 17:48:03 ubuntu devstack@c-api.service[124849]: DEBUG cinder.api.extensions [-] Loading extension cinder.api.contrib.scheduler_hints.Scheduler_hints {{(pid=124849) load_extension /opt/stack/cinder/cinder/api/extensions.py:194}}
Apr 01 17:48:03 ubuntu devstack@c-api.service[124849]: DEBUG cinder.api.extensions [-] Calling extension factory cinder.api.contrib.scheduler_hints.Scheduler_hints {{(pid=124849) load_extension /opt/stack/cinder/cinder/api/extensions.py:200}}
Apr 01 17:48:03 ubuntu devstack@c-api.service[124849]: DEBUG cinder.api.extensions [-] Ext name: SchedulerHints {{(pid=124849) _check_extension /opt/stack/cinder/cinder/api/extensions.py:174}}
Apr 01 17:48:03 ubuntu devstack@c-api.service[124849]: DEBUG cinder.api.extensions [-] Ext alias: OS-SCH-HNT {{(pid=124849) _check_extension /opt/stack/cinder/cinder/api/extensions.py:175}}
Apr 01 17:48:03 ubuntu devstack@c-api.service[124849]: DEBUG cinder.api.extensions [-] Ext description: Pass arbitrary key/value pairs to the scheduler. {{(pid=124849) _check_extension /opt/stack/cinder/cinder/api/extensions.py:176}}
Apr 01 17:48:03 ubuntu devstack@c-api.service[124849]: DEBUG cinder.api.extensions [-] Ext updated: 2013-04-18T00:00:00+00:00 {{(pid=124849) _check_extension /opt/stack/cinder/cinder/api/extensions.py:178}}
Apr 01 17:48:03 ubuntu devstack@c-api.service[124849]: DEBUG cinder.api.extensions [-] Loaded extension: OS-SCH-HNT {{(pid=124849) register /opt/stack/cinder/cinder/api/extensions.py:135}}
Apr 01 17:48:03 ubuntu devstack@c-api.service[124849]: DEBUG cinder.api.extensions [-] Loading extension cinder.api.contrib.snapshot_manage.Snapshot_manage {{(pid=124849) load_extension /opt/stack/cinder/cinder/api/extensions.py:194}}
Apr 01 17:48:03 ubuntu devstack@c-api.service[124849]: DEBUG cinder.api.extensions [-] Calling extension factory cinder.api.contrib.snapshot_manage.Snapshot_manage {{(pid=124849) load_extension /opt/stack/cinder/cinder/api/extensions.py:200}}
Apr 01 17:48:03 ubuntu devstack@c-api.service[124849]: DEBUG cinder.api.extensions [-] Ext name: SnapshotManage {{(pid=124849) _check_extension /opt/stack/cinder/cinder/api/extensions.py:174}}
Apr 01 17:48:03 ubuntu devstack@c-api.service[124849]: DEBUG cinder.api.extensions [-] Ext alias: os-snapshot-manage {{(pid=124849) _check_extension /opt/stack/cinder/cinder/api/extensions.py:175}}
Apr 01 17:48:03 ubuntu devstack@c-api.service[124849]: DEBUG cinder.api.extensions [-] Ext description: Allows existing backend storage to be 'managed' by Cinder. {{(pid=124849) _check_extension /opt/stack/cinder/cinder/api/extensions.py:176}}
Apr 01 17:48:03 ubuntu devstack@c-api.service[124849]: DEBUG cinder.api.extensions [-] Ext updated: 2014-12-31T00:00:00+00:00 {{(pid=124849) _check_extension /opt/stack/cinder/cinder/api/extensions.py:178}}
Apr 01 17:48:03 ubuntu devstack@c-api.service[124849]: DEBUG cinder.api.extensions [-] Loaded extension: os-snapshot-manage {{(pid=124849) register /opt/stack/cinder/cinder/api/extensions.py:135}}
Apr 01 17:48:03 ubuntu devstack@c-api.service[124849]: DEBUG cinder.api.extensions [-] Loading extension cinder.api.contrib.volume_mig_status_attribute.Volume_mig_status_attribute {{(pid=124849) load_extension /opt/stack/cinder/cinder/api/extensions.py:194}}
Apr 01 17:48:03 ubuntu devstack@c-api.service[124849]: DEBUG cinder.api.extensions [-] Calling extension factory cinder.api.contrib.volume_mig_status_attribute.Volume_mig_status_attribute {{(pid=124849) load_extension /opt/stack/cinder/cinder/api/extensions.py:200}}
Apr 01 17:48:03 ubuntu devstack@c-api.service[124849]: DEBUG cinder.api.extensions [-] Ext name: VolumeMigStatusAttribute {{(pid=124849) _check_extension /opt/stack/cinder/cinder/api/extensions.py:174}}
Apr 01 17:48:03 ubuntu devstack@c-api.service[124849]: DEBUG cinder.api.extensions [-] Ext alias: os-vol-mig-status-attr {{(pid=124849) _check_extension /opt/stack/cinder/cinder/api/extensions.py:175}}
Apr 01 17:48:03 ubuntu devstack@c-api.service[124849]: DEBUG cinder.api.extensions [-] Ext description: Expose migration_status as an attribute of a volume. {{(pid=124849) _check_extension /opt/stack/cinder/cinder/api/extensions.py:176}}
Apr 01 17:48:03 ubuntu devstack@c-api.service[124849]: DEBUG cinder.api.extensions [-] Ext updated: 2013-08-08T00:00:00+00:00 {{(pid=124849) _check_extension /opt/stack/cinder/cinder/api/extensions.py:178}}
Apr 01 17:48:03 ubuntu devstack@c-api.service[124849]: DEBUG cinder.api.extensions [-] Loaded extension: os-vol-mig-status-attr {{(pid=124849) register /opt/stack/cinder/cinder/api/extensions.py:135}}
Apr 01 17:48:03 ubuntu devstack@c-api.service[124849]: DEBUG cinder.api.extensions [-] Loading extension cinder.api.contrib.volume_encryption_metadata.Volume_encryption_metadata {{(pid=124849) load_extension /opt/stack/cinder/cinder/api/extensions.py:194}}
Apr 01 17:48:03 ubuntu devstack@c-api.service[124849]: DEBUG cinder.api.extensions [-] Calling extension factory cinder.api.contrib.volume_encryption_metadata.Volume_encryption_metadata {{(pid=124849) load_extension /opt/stack/cinder/cinder/api/extensions.py:200}}
Apr 01 17:48:03 ubuntu devstack@c-api.service[124849]: DEBUG cinder.api.extensions [-] Ext name: VolumeEncryptionMetadata {{(pid=124849) _check_extension /opt/stack/cinder/cinder/api/extensions.py:174}}
Apr 01 17:48:03 ubuntu devstack@c-api.service[124849]: DEBUG cinder.api.extensions [-] Ext alias: os-volume-encryption-metadata {{(pid=124849) _check_extension /opt/stack/cinder/cinder/api/extensions.py:175}}
Apr 01 17:48:03 ubuntu devstack@c-api.service[124849]: DEBUG cinder.api.extensions [-] Ext description: Volume encryption metadata retrieval support. {{(pid=124849) _check_extension /opt/stack/cinder/cinder/api/extensions.py:176}}
Apr 01 17:48:03 ubuntu devstack@c-api.service[124849]: DEBUG cinder.api.extensions [-] Ext updated: 2013-07-10T00:00:00+00:00 {{(pid=124849) _check_extension /opt/stack/cinder/cinder/api/extensions.py:178}}
Apr 01 17:48:03 ubuntu devstack@c-api.service[124849]: DEBUG cinder.api.extensions [-] Loaded extension: os-volume-encryption-metadata {{(pid=124849) register /opt/stack/cinder/cinder/api/extensions.py:135}}
Apr 01 17:48:03 ubuntu devstack@c-api.service[124849]: DEBUG cinder.api.extensions [-] Loading extension cinder.api.contrib.types_extra_specs.Types_extra_specs {{(pid=124849) load_extension /opt/stack/cinder/cinder/api/extensions.py:194}}
Apr 01 17:48:03 ubuntu devstack@c-api.service[124849]: DEBUG cinder.api.extensions [-] Calling extension factory cinder.api.contrib.types_extra_specs.Types_extra_specs {{(pid=124849) load_extension /opt/stack/cinder/cinder/api/extensions.py:200}}
Apr 01 17:48:03 ubuntu devstack@c-api.service[124849]: DEBUG cinder.api.extensions [-] Ext name: TypesExtraSpecs {{(pid=124849) _check_extension /opt/stack/cinder/cinder/api/extensions.py:174}}
Apr 01 17:48:03 ubuntu devstack@c-api.service[124849]: DEBUG cinder.api.extensions [-] Ext alias: os-types-extra-specs {{(pid=124849) _check_extension /opt/stack/cinder/cinder/api/extensions.py:175}}
Apr 01 17:48:03 ubuntu devstack@c-api.service[124849]: DEBUG cinder.api.extensions [-] Ext description: Type extra specs support. {{(pid=124849) _check_extension /opt/stack/cinder/cinder/api/extensions.py:176}}
Apr 01 17:48:03 ubuntu devstack@c-api.service[124849]: DEBUG cinder.api.extensions [-] Ext updated: 2011-08-24T00:00:00+00:00 {{(pid=124849) _check_extension /opt/stack/cinder/cinder/api/extensions.py:178}}
Apr 01 17:48:03 ubuntu devstack@c-api.service[124849]: DEBUG cinder.api.extensions [-] Loaded extension: os-types-extra-specs {{(pid=124849) register /opt/stack/cinder/cinder/api/extensions.py:135}}
Apr 01 17:48:03 ubuntu devstack@c-api.service[124849]: DEBUG cinder.api.extensions [-] Loading extension cinder.api.contrib.scheduler_stats.Scheduler_stats {{(pid=124849) load_extension /opt/stack/cinder/cinder/api/extensions.py:194}}
Apr 01 17:48:03 ubuntu devstack@c-api.service[124849]: DEBUG cinder.api.extensions [-] Calling extension factory cinder.api.contrib.scheduler_stats.Scheduler_stats {{(pid=124849) load_extension /opt/stack/cinder/cinder/api/extensions.py:200}}
Apr 01 17:48:03 ubuntu devstack@c-api.service[124849]: DEBUG cinder.api.extensions [-] Ext name: Scheduler_stats {{(pid=124849) _check_extension /opt/stack/cinder/cinder/api/extensions.py:174}}
Apr 01 17:48:03 ubuntu devstack@c-api.service[124849]: DEBUG cinder.api.extensions [-] Ext alias: scheduler-stats {{(pid=124849) _check_extension /opt/stack/cinder/cinder/api/extensions.py:175}}
Apr 01 17:48:03 ubuntu devstack@c-api.service[124849]: DEBUG cinder.api.extensions [-] Ext description: Scheduler stats support. {{(pid=124849) _check_extension /opt/stack/cinder/cinder/api/extensions.py:176}}
Apr 01 17:48:03 ubuntu devstack@c-api.service[124849]: DEBUG cinder.api.extensions [-] Ext updated: 2014-09-07T00:00:00+00:00 {{(pid=124849) _check_extension /opt/stack/cinder/cinder/api/extensions.py:178}}
Apr 01 17:48:03 ubuntu devstack@c-api.service[124849]: DEBUG cinder.api.extensions [-] Loaded extension: scheduler-stats {{(pid=124849) register /opt/stack/cinder/cinder/api/extensions.py:135}}
Apr 01 17:48:03 ubuntu devstack@c-api.service[124848]: DEBUG oslo_db.sqlalchemy.engines [None req-1ee9b82f-cd17-417e-b8b9-fcc930133e46 None None] MySQL server mode set to STRICT_TRANS_TABLES,STRICT_ALL_TABLES,NO_ZERO_IN_DATE,NO_ZERO_DATE,ERROR_FOR_DIVISION_BY_ZERO,TRADITIONAL,NO_ENGINE_SUBSTITUTION {{(pid=124848) _check_effective_sql_mode /opt/stack/data/venv/lib/python3.12/site-packages/oslo_db/sqlalchemy/engines.py:325}}
Apr 01 17:48:03 ubuntu devstack@c-api.service[124849]: DEBUG oslo_db.sqlalchemy.engines [None req-a8b8be88-7ba1-4ae4-b152-591be3f31281 None None] MySQL server mode set to STRICT_TRANS_TABLES,STRICT_ALL_TABLES,NO_ZERO_IN_DATE,NO_ZERO_DATE,ERROR_FOR_DIVISION_BY_ZERO,TRADITIONAL,NO_ENGINE_SUBSTITUTION {{(pid=124849) _check_effective_sql_mode /opt/stack/data/venv/lib/python3.12/site-packages/oslo_db/sqlalchemy/engines.py:325}}
Apr 01 17:48:03 ubuntu devstack@c-api.service[124848]: INFO cinder.rpc [None req-1ee9b82f-cd17-417e-b8b9-fcc930133e46 None None] Automatically selected cinder-scheduler objects version 1.39 as minimum service version.
Apr 01 17:48:03 ubuntu devstack@c-api.service[124848]: INFO cinder.rpc [None req-1ee9b82f-cd17-417e-b8b9-fcc930133e46 None None] Automatically selected cinder-scheduler RPC version 3.12 as minimum service version.
Apr 01 17:48:03 ubuntu devstack@c-api.service[124848]: INFO cinder.rpc [None req-1ee9b82f-cd17-417e-b8b9-fcc930133e46 None None] Automatically selected cinder-volume objects version 1.39 as minimum service version.
Apr 01 17:48:03 ubuntu devstack@c-api.service[124848]: INFO cinder.rpc [None req-1ee9b82f-cd17-417e-b8b9-fcc930133e46 None None] Automatically selected cinder-volume RPC version 3.20 as minimum service version.
Apr 01 17:48:03 ubuntu devstack@c-api.service[124848]: WARNING stevedore.named [None req-1ee9b82f-cd17-417e-b8b9-fcc930133e46 None None] Could not load cinder.keymgr.conf_key_mgr.ConfKeyManager
Apr 01 17:48:03 ubuntu devstack@c-api.service[124848]: WARNING castellan.key_manager [None req-1ee9b82f-cd17-417e-b8b9-fcc930133e46 None None] Deprecation Warning : cinder.keymgr.conf_key_mgr.ConfKeyManager is not a stevedore based driver, trying to load it as a class: stevedore.exception.NoMatches: No 'castellan.drivers' driver found, looking for 'cinder.keymgr.conf_key_mgr.ConfKeyManager'
Apr 01 17:48:03 ubuntu devstack@c-api.service[124848]: WARNING cinder.keymgr.conf_key_mgr [None req-1ee9b82f-cd17-417e-b8b9-fcc930133e46 None None] This key manager is insecure and is not recommended for production deployments: stevedore.exception.NoMatches: No 'castellan.drivers' driver found, looking for 'cinder.keymgr.conf_key_mgr.ConfKeyManager'
Apr 01 17:48:03 ubuntu devstack@c-api.service[124848]: WARNING stevedore.named [None req-1ee9b82f-cd17-417e-b8b9-fcc930133e46 None None] Could not load cinder.keymgr.conf_key_mgr.ConfKeyManager
Apr 01 17:48:03 ubuntu devstack@c-api.service[124848]: WARNING castellan.key_manager [None req-1ee9b82f-cd17-417e-b8b9-fcc930133e46 None None] Deprecation Warning : cinder.keymgr.conf_key_mgr.ConfKeyManager is not a stevedore based driver, trying to load it as a class: stevedore.exception.NoMatches: No 'castellan.drivers' driver found, looking for 'cinder.keymgr.conf_key_mgr.ConfKeyManager'
Apr 01 17:48:03 ubuntu devstack@c-api.service[124849]: INFO cinder.rpc [None req-a8b8be88-7ba1-4ae4-b152-591be3f31281 None None] Automatically selected cinder-scheduler objects version 1.39 as minimum service version.
Apr 01 17:48:03 ubuntu devstack@c-api.service[124849]: INFO cinder.rpc [None req-a8b8be88-7ba1-4ae4-b152-591be3f31281 None None] Automatically selected cinder-scheduler RPC version 3.12 as minimum service version.
Apr 01 17:48:03 ubuntu devstack@c-api.service[124849]: INFO cinder.rpc [None req-a8b8be88-7ba1-4ae4-b152-591be3f31281 None None] Automatically selected cinder-volume objects version 1.39 as minimum service version.
Apr 01 17:48:03 ubuntu devstack@c-api.service[124848]: DEBUG oslo_db.sqlalchemy.engines [None req-1ee9b82f-cd17-417e-b8b9-fcc930133e46 None None] MySQL server mode set to STRICT_TRANS_TABLES,STRICT_ALL_TABLES,NO_ZERO_IN_DATE,NO_ZERO_DATE,ERROR_FOR_DIVISION_BY_ZERO,TRADITIONAL,NO_ENGINE_SUBSTITUTION {{(pid=124848) _check_effective_sql_mode /opt/stack/data/venv/lib/python3.12/site-packages/oslo_db/sqlalchemy/engines.py:325}}
Apr 01 17:48:03 ubuntu devstack@c-api.service[124849]: INFO cinder.rpc [None req-a8b8be88-7ba1-4ae4-b152-591be3f31281 None None] Automatically selected cinder-volume RPC version 3.20 as minimum service version.
Apr 01 17:48:03 ubuntu devstack@c-api.service[124849]: WARNING stevedore.named [None req-a8b8be88-7ba1-4ae4-b152-591be3f31281 None None] Could not load cinder.keymgr.conf_key_mgr.ConfKeyManager
Apr 01 17:48:03 ubuntu devstack@c-api.service[124849]: WARNING castellan.key_manager [None req-a8b8be88-7ba1-4ae4-b152-591be3f31281 None None] Deprecation Warning : cinder.keymgr.conf_key_mgr.ConfKeyManager is not a stevedore based driver, trying to load it as a class: stevedore.exception.NoMatches: No 'castellan.drivers' driver found, looking for 'cinder.keymgr.conf_key_mgr.ConfKeyManager'
Apr 01 17:48:03 ubuntu devstack@c-api.service[124848]: INFO cinder.rpc [None req-1ee9b82f-cd17-417e-b8b9-fcc930133e46 None None] Automatically selected cinder-backup objects version 1.39 as minimum service version.
Apr 01 17:48:03 ubuntu devstack@c-api.service[124849]: WARNING cinder.keymgr.conf_key_mgr [None req-a8b8be88-7ba1-4ae4-b152-591be3f31281 None None] This key manager is insecure and is not recommended for production deployments: stevedore.exception.NoMatches: No 'castellan.drivers' driver found, looking for 'cinder.keymgr.conf_key_mgr.ConfKeyManager'
Apr 01 17:48:03 ubuntu devstack@c-api.service[124849]: WARNING stevedore.named [None req-a8b8be88-7ba1-4ae4-b152-591be3f31281 None None] Could not load cinder.keymgr.conf_key_mgr.ConfKeyManager
Apr 01 17:48:03 ubuntu devstack@c-api.service[124849]: WARNING castellan.key_manager [None req-a8b8be88-7ba1-4ae4-b152-591be3f31281 None None] Deprecation Warning : cinder.keymgr.conf_key_mgr.ConfKeyManager is not a stevedore based driver, trying to load it as a class: stevedore.exception.NoMatches: No 'castellan.drivers' driver found, looking for 'cinder.keymgr.conf_key_mgr.ConfKeyManager'
Apr 01 17:48:03 ubuntu devstack@c-api.service[124848]: INFO cinder.rpc [None req-1ee9b82f-cd17-417e-b8b9-fcc930133e46 None None] Automatically selected cinder-backup RPC version 2.4 as minimum service version.
Apr 01 17:48:03 ubuntu devstack@c-api.service[124848]: WARNING stevedore.named [None req-1ee9b82f-cd17-417e-b8b9-fcc930133e46 None None] Could not load cinder.keymgr.conf_key_mgr.ConfKeyManager
Apr 01 17:48:03 ubuntu devstack@c-api.service[124848]: WARNING castellan.key_manager [None req-1ee9b82f-cd17-417e-b8b9-fcc930133e46 None None] Deprecation Warning : cinder.keymgr.conf_key_mgr.ConfKeyManager is not a stevedore based driver, trying to load it as a class: stevedore.exception.NoMatches: No 'castellan.drivers' driver found, looking for 'cinder.keymgr.conf_key_mgr.ConfKeyManager'
Apr 01 17:48:03 ubuntu devstack@c-api.service[124849]: DEBUG oslo_db.sqlalchemy.engines [None req-a8b8be88-7ba1-4ae4-b152-591be3f31281 None None] MySQL server mode set to STRICT_TRANS_TABLES,STRICT_ALL_TABLES,NO_ZERO_IN_DATE,NO_ZERO_DATE,ERROR_FOR_DIVISION_BY_ZERO,TRADITIONAL,NO_ENGINE_SUBSTITUTION {{(pid=124849) _check_effective_sql_mode /opt/stack/data/venv/lib/python3.12/site-packages/oslo_db/sqlalchemy/engines.py:325}}
Apr 01 17:48:03 ubuntu devstack@c-api.service[124848]: WARNING stevedore.named [None req-1ee9b82f-cd17-417e-b8b9-fcc930133e46 None None] Could not load cinder.keymgr.conf_key_mgr.ConfKeyManager
Apr 01 17:48:03 ubuntu devstack@c-api.service[124848]: WARNING castellan.key_manager [None req-1ee9b82f-cd17-417e-b8b9-fcc930133e46 None None] Deprecation Warning : cinder.keymgr.conf_key_mgr.ConfKeyManager is not a stevedore based driver, trying to load it as a class: stevedore.exception.NoMatches: No 'castellan.drivers' driver found, looking for 'cinder.keymgr.conf_key_mgr.ConfKeyManager'
Apr 01 17:48:03 ubuntu devstack@c-api.service[124849]: INFO cinder.rpc [None req-a8b8be88-7ba1-4ae4-b152-591be3f31281 None None] Automatically selected cinder-backup objects version 1.39 as minimum service version.
Apr 01 17:48:03 ubuntu devstack@c-api.service[124848]: WARNING stevedore.named [None req-1ee9b82f-cd17-417e-b8b9-fcc930133e46 None None] Could not load cinder.keymgr.conf_key_mgr.ConfKeyManager
Apr 01 17:48:03 ubuntu devstack@c-api.service[124848]: WARNING castellan.key_manager [None req-1ee9b82f-cd17-417e-b8b9-fcc930133e46 None None] Deprecation Warning : cinder.keymgr.conf_key_mgr.ConfKeyManager is not a stevedore based driver, trying to load it as a class: stevedore.exception.NoMatches: No 'castellan.drivers' driver found, looking for 'cinder.keymgr.conf_key_mgr.ConfKeyManager'
Apr 01 17:48:03 ubuntu devstack@c-api.service[124849]: INFO cinder.rpc [None req-a8b8be88-7ba1-4ae4-b152-591be3f31281 None None] Automatically selected cinder-backup RPC version 2.4 as minimum service version.
Apr 01 17:48:03 ubuntu devstack@c-api.service[124849]: WARNING stevedore.named [None req-a8b8be88-7ba1-4ae4-b152-591be3f31281 None None] Could not load cinder.keymgr.conf_key_mgr.ConfKeyManager
Apr 01 17:48:03 ubuntu devstack@c-api.service[124849]: WARNING castellan.key_manager [None req-a8b8be88-7ba1-4ae4-b152-591be3f31281 None None] Deprecation Warning : cinder.keymgr.conf_key_mgr.ConfKeyManager is not a stevedore based driver, trying to load it as a class: stevedore.exception.NoMatches: No 'castellan.drivers' driver found, looking for 'cinder.keymgr.conf_key_mgr.ConfKeyManager'
Apr 01 17:48:03 ubuntu devstack@c-api.service[124848]: WARNING stevedore.named [None req-1ee9b82f-cd17-417e-b8b9-fcc930133e46 None None] Could not load cinder.keymgr.conf_key_mgr.ConfKeyManager
Apr 01 17:48:03 ubuntu devstack@c-api.service[124848]: WARNING castellan.key_manager [None req-1ee9b82f-cd17-417e-b8b9-fcc930133e46 None None] Deprecation Warning : cinder.keymgr.conf_key_mgr.ConfKeyManager is not a stevedore based driver, trying to load it as a class: stevedore.exception.NoMatches: No 'castellan.drivers' driver found, looking for 'cinder.keymgr.conf_key_mgr.ConfKeyManager'
Apr 01 17:48:03 ubuntu devstack@c-api.service[124848]: WARNING stevedore.named [None req-1ee9b82f-cd17-417e-b8b9-fcc930133e46 None None] Could not load cinder.keymgr.conf_key_mgr.ConfKeyManager
Apr 01 17:48:03 ubuntu devstack@c-api.service[124848]: WARNING castellan.key_manager [None req-1ee9b82f-cd17-417e-b8b9-fcc930133e46 None None] Deprecation Warning : cinder.keymgr.conf_key_mgr.ConfKeyManager is not a stevedore based driver, trying to load it as a class: stevedore.exception.NoMatches: No 'castellan.drivers' driver found, looking for 'cinder.keymgr.conf_key_mgr.ConfKeyManager'
Apr 01 17:48:03 ubuntu devstack@c-api.service[124849]: WARNING stevedore.named [None req-a8b8be88-7ba1-4ae4-b152-591be3f31281 None None] Could not load cinder.keymgr.conf_key_mgr.ConfKeyManager
Apr 01 17:48:03 ubuntu devstack@c-api.service[124849]: WARNING castellan.key_manager [None req-a8b8be88-7ba1-4ae4-b152-591be3f31281 None None] Deprecation Warning : cinder.keymgr.conf_key_mgr.ConfKeyManager is not a stevedore based driver, trying to load it as a class: stevedore.exception.NoMatches: No 'castellan.drivers' driver found, looking for 'cinder.keymgr.conf_key_mgr.ConfKeyManager'
Apr 01 17:48:03 ubuntu devstack@c-api.service[124848]: WARNING stevedore.named [None req-1ee9b82f-cd17-417e-b8b9-fcc930133e46 None None] Could not load cinder.keymgr.conf_key_mgr.ConfKeyManager
Apr 01 17:48:03 ubuntu devstack@c-api.service[124848]: WARNING castellan.key_manager [None req-1ee9b82f-cd17-417e-b8b9-fcc930133e46 None None] Deprecation Warning : cinder.keymgr.conf_key_mgr.ConfKeyManager is not a stevedore based driver, trying to load it as a class: stevedore.exception.NoMatches: No 'castellan.drivers' driver found, looking for 'cinder.keymgr.conf_key_mgr.ConfKeyManager'
Apr 01 17:48:03 ubuntu devstack@c-api.service[124848]: WARNING stevedore.named [None req-1ee9b82f-cd17-417e-b8b9-fcc930133e46 None None] Could not load cinder.keymgr.conf_key_mgr.ConfKeyManager
Apr 01 17:48:03 ubuntu devstack@c-api.service[124848]: WARNING castellan.key_manager [None req-1ee9b82f-cd17-417e-b8b9-fcc930133e46 None None] Deprecation Warning : cinder.keymgr.conf_key_mgr.ConfKeyManager is not a stevedore based driver, trying to load it as a class: stevedore.exception.NoMatches: No 'castellan.drivers' driver found, looking for 'cinder.keymgr.conf_key_mgr.ConfKeyManager'
Apr 01 17:48:03 ubuntu devstack@c-api.service[124849]: WARNING stevedore.named [None req-a8b8be88-7ba1-4ae4-b152-591be3f31281 None None] Could not load cinder.keymgr.conf_key_mgr.ConfKeyManager
Apr 01 17:48:03 ubuntu devstack@c-api.service[124849]: WARNING castellan.key_manager [None req-a8b8be88-7ba1-4ae4-b152-591be3f31281 None None] Deprecation Warning : cinder.keymgr.conf_key_mgr.ConfKeyManager is not a stevedore based driver, trying to load it as a class: stevedore.exception.NoMatches: No 'castellan.drivers' driver found, looking for 'cinder.keymgr.conf_key_mgr.ConfKeyManager'
Apr 01 17:48:03 ubuntu devstack@c-api.service[124848]: WARNING stevedore.named [None req-1ee9b82f-cd17-417e-b8b9-fcc930133e46 None None] Could not load cinder.keymgr.conf_key_mgr.ConfKeyManager
Apr 01 17:48:03 ubuntu devstack@c-api.service[124848]: WARNING castellan.key_manager [None req-1ee9b82f-cd17-417e-b8b9-fcc930133e46 None None] Deprecation Warning : cinder.keymgr.conf_key_mgr.ConfKeyManager is not a stevedore based driver, trying to load it as a class: stevedore.exception.NoMatches: No 'castellan.drivers' driver found, looking for 'cinder.keymgr.conf_key_mgr.ConfKeyManager'
Apr 01 17:48:03 ubuntu devstack@c-api.service[124849]: WARNING stevedore.named [None req-a8b8be88-7ba1-4ae4-b152-591be3f31281 None None] Could not load cinder.keymgr.conf_key_mgr.ConfKeyManager
Apr 01 17:48:03 ubuntu devstack@c-api.service[124849]: WARNING castellan.key_manager [None req-a8b8be88-7ba1-4ae4-b152-591be3f31281 None None] Deprecation Warning : cinder.keymgr.conf_key_mgr.ConfKeyManager is not a stevedore based driver, trying to load it as a class: stevedore.exception.NoMatches: No 'castellan.drivers' driver found, looking for 'cinder.keymgr.conf_key_mgr.ConfKeyManager'
Apr 01 17:48:03 ubuntu devstack@c-api.service[124848]: WARNING stevedore.named [None req-1ee9b82f-cd17-417e-b8b9-fcc930133e46 None None] Could not load cinder.keymgr.conf_key_mgr.ConfKeyManager
Apr 01 17:48:03 ubuntu devstack@c-api.service[124848]: WARNING castellan.key_manager [None req-1ee9b82f-cd17-417e-b8b9-fcc930133e46 None None] Deprecation Warning : cinder.keymgr.conf_key_mgr.ConfKeyManager is not a stevedore based driver, trying to load it as a class: stevedore.exception.NoMatches: No 'castellan.drivers' driver found, looking for 'cinder.keymgr.conf_key_mgr.ConfKeyManager'
Apr 01 17:48:03 ubuntu devstack@c-api.service[124848]: WARNING stevedore.named [None req-1ee9b82f-cd17-417e-b8b9-fcc930133e46 None None] Could not load cinder.keymgr.conf_key_mgr.ConfKeyManager
Apr 01 17:48:03 ubuntu devstack@c-api.service[124849]: WARNING stevedore.named [None req-a8b8be88-7ba1-4ae4-b152-591be3f31281 None None] Could not load cinder.keymgr.conf_key_mgr.ConfKeyManager
Apr 01 17:48:03 ubuntu devstack@c-api.service[124848]: WARNING castellan.key_manager [None req-1ee9b82f-cd17-417e-b8b9-fcc930133e46 None None] Deprecation Warning : cinder.keymgr.conf_key_mgr.ConfKeyManager is not a stevedore based driver, trying to load it as a class: stevedore.exception.NoMatches: No 'castellan.drivers' driver found, looking for 'cinder.keymgr.conf_key_mgr.ConfKeyManager'
Apr 01 17:48:03 ubuntu devstack@c-api.service[124849]: WARNING castellan.key_manager [None req-a8b8be88-7ba1-4ae4-b152-591be3f31281 None None] Deprecation Warning : cinder.keymgr.conf_key_mgr.ConfKeyManager is not a stevedore based driver, trying to load it as a class: stevedore.exception.NoMatches: No 'castellan.drivers' driver found, looking for 'cinder.keymgr.conf_key_mgr.ConfKeyManager'
Apr 01 17:48:03 ubuntu devstack@c-api.service[124848]: WARNING stevedore.named [None req-1ee9b82f-cd17-417e-b8b9-fcc930133e46 None None] Could not load cinder.keymgr.conf_key_mgr.ConfKeyManager
Apr 01 17:48:03 ubuntu devstack@c-api.service[124848]: WARNING castellan.key_manager [None req-1ee9b82f-cd17-417e-b8b9-fcc930133e46 None None] Deprecation Warning : cinder.keymgr.conf_key_mgr.ConfKeyManager is not a stevedore based driver, trying to load it as a class: stevedore.exception.NoMatches: No 'castellan.drivers' driver found, looking for 'cinder.keymgr.conf_key_mgr.ConfKeyManager'
Apr 01 17:48:03 ubuntu devstack@c-api.service[124849]: WARNING stevedore.named [None req-a8b8be88-7ba1-4ae4-b152-591be3f31281 None None] Could not load cinder.keymgr.conf_key_mgr.ConfKeyManager
Apr 01 17:48:03 ubuntu devstack@c-api.service[124849]: WARNING castellan.key_manager [None req-a8b8be88-7ba1-4ae4-b152-591be3f31281 None None] Deprecation Warning : cinder.keymgr.conf_key_mgr.ConfKeyManager is not a stevedore based driver, trying to load it as a class: stevedore.exception.NoMatches: No 'castellan.drivers' driver found, looking for 'cinder.keymgr.conf_key_mgr.ConfKeyManager'
Apr 01 17:48:03 ubuntu devstack@c-api.service[124848]: WARNING stevedore.named [None req-1ee9b82f-cd17-417e-b8b9-fcc930133e46 None None] Could not load cinder.keymgr.conf_key_mgr.ConfKeyManager
Apr 01 17:48:03 ubuntu devstack@c-api.service[124848]: WARNING castellan.key_manager [None req-1ee9b82f-cd17-417e-b8b9-fcc930133e46 None None] Deprecation Warning : cinder.keymgr.conf_key_mgr.ConfKeyManager is not a stevedore based driver, trying to load it as a class: stevedore.exception.NoMatches: No 'castellan.drivers' driver found, looking for 'cinder.keymgr.conf_key_mgr.ConfKeyManager'
