Sep 18 17:00:10 jammy-provider-cloud-0000007651 systemd[1]: Starting Devstack devstack@g-api.service...
Sep 18 17:00:10 jammy-provider-cloud-0000007651 devstack@g-api.service[104866]: [uWSGI] getting INI configuration from /etc/glance/glance-uwsgi.ini
Sep 18 17:00:10 jammy-provider-cloud-0000007651 devstack@g-api.service[104866]: *** Starting uWSGI 2.0.20-debian (64bit) on [Wed Sep 18 17:00:10 2024] ***
Sep 18 17:00:10 jammy-provider-cloud-0000007651 devstack@g-api.service[104866]: compiled with version: 11.2.0 on 21 March 2022 11:00:44
Sep 18 17:00:10 jammy-provider-cloud-0000007651 devstack@g-api.service[104866]: os: Linux-5.15.0-107-generic #117-Ubuntu SMP Fri Apr 26 12:26:49 UTC 2024
Sep 18 17:00:10 jammy-provider-cloud-0000007651 devstack@g-api.service[104866]: nodename: jammy-provider-cloud-0000007651
Sep 18 17:00:10 jammy-provider-cloud-0000007651 devstack@g-api.service[104866]: machine: x86_64
Sep 18 17:00:10 jammy-provider-cloud-0000007651 devstack@g-api.service[104866]: clock source: unix
Sep 18 17:00:10 jammy-provider-cloud-0000007651 devstack@g-api.service[104866]: pcre jit disabled
Sep 18 17:00:10 jammy-provider-cloud-0000007651 devstack@g-api.service[104866]: detected number of CPU cores: 4
Sep 18 17:00:10 jammy-provider-cloud-0000007651 devstack@g-api.service[104866]: current working directory: /
Sep 18 17:00:10 jammy-provider-cloud-0000007651 devstack@g-api.service[104866]: detected binary path: /usr/bin/uwsgi-core
Sep 18 17:00:10 jammy-provider-cloud-0000007651 devstack@g-api.service[104866]: your processes number limit is 31298
Sep 18 17:00:10 jammy-provider-cloud-0000007651 devstack@g-api.service[104866]: your memory page size is 4096 bytes
Sep 18 17:00:10 jammy-provider-cloud-0000007651 devstack@g-api.service[104866]: detected max file descriptor number: 2048
Sep 18 17:00:10 jammy-provider-cloud-0000007651 devstack@g-api.service[104866]: lock engine: pthread robust mutexes
Sep 18 17:00:10 jammy-provider-cloud-0000007651 devstack@g-api.service[104866]: thunder lock: enabled
Sep 18 17:00:10 jammy-provider-cloud-0000007651 devstack@g-api.service[104866]: uwsgi socket 0 bound to TCP address 127.0.0.1:60999 fd 4
Sep 18 17:00:10 jammy-provider-cloud-0000007651 devstack@g-api.service[104866]: Python version: 3.10.12 (main, Sep 11 2024, 15:47:36) [GCC 11.4.0]
Sep 18 17:00:10 jammy-provider-cloud-0000007651 devstack@g-api.service[104866]: PEP 405 virtualenv detected: /opt/stack/data/venv
Sep 18 17:00:10 jammy-provider-cloud-0000007651 devstack@g-api.service[104866]: Set PythonHome to /opt/stack/data/venv
Sep 18 17:00:10 jammy-provider-cloud-0000007651 devstack@g-api.service[104866]: Python main interpreter initialized at 0x55b7647c3e00
Sep 18 17:00:10 jammy-provider-cloud-0000007651 devstack@g-api.service[104866]: python threads support enabled
Sep 18 17:00:10 jammy-provider-cloud-0000007651 devstack@g-api.service[104866]: your server socket listen backlog is limited to 100 connections
Sep 18 17:00:10 jammy-provider-cloud-0000007651 devstack@g-api.service[104866]: your mercy for graceful operations on workers is 80 seconds
Sep 18 17:00:10 jammy-provider-cloud-0000007651 devstack@g-api.service[104866]: mapped 403077 bytes (393 KB) for 2 cores
Sep 18 17:00:10 jammy-provider-cloud-0000007651 devstack@g-api.service[104866]: *** Operational MODE: preforking ***
Sep 18 17:00:10 jammy-provider-cloud-0000007651 devstack@g-api.service[104866]: *** uWSGI is running in multiple interpreter mode ***
Sep 18 17:00:10 jammy-provider-cloud-0000007651 devstack@g-api.service[104866]: spawned uWSGI master process (pid: 104866)
Sep 18 17:00:10 jammy-provider-cloud-0000007651 systemd[1]: Started Devstack devstack@g-api.service.
Sep 18 17:00:10 jammy-provider-cloud-0000007651 devstack@g-api.service[104866]: spawned uWSGI worker 1 (pid: 104867, cores: 1)
Sep 18 17:00:10 jammy-provider-cloud-0000007651 devstack@g-api.service[104866]: spawned uWSGI worker 2 (pid: 104868, cores: 1)
Sep 18 17:00:10 jammy-provider-cloud-0000007651 devstack@g-api.service[104866]: running "unix_signal:15 gracefully_kill_them_all" (master-start)...
Sep 18 17:00:11 jammy-provider-cloud-0000007651 devstack@g-api.service[104868]: INFO glance.async_ [-] Threadpool model set to 'NativeThreadPoolModel'
Sep 18 17:00:11 jammy-provider-cloud-0000007651 devstack@g-api.service[104867]: INFO glance.async_ [-] Threadpool model set to 'NativeThreadPoolModel'
Sep 18 17:00:11 jammy-provider-cloud-0000007651 devstack@g-api.service[104868]: DEBUG oslo_concurrency.processutils [-] Running cmd (subprocess): grep -F node.session.scan /sbin/iscsiadm {{(pid=104868) execute /opt/stack/data/venv/lib/python3.10/site-packages/oslo_concurrency/processutils.py:390}}
Sep 18 17:00:11 jammy-provider-cloud-0000007651 devstack@g-api.service[104868]: DEBUG oslo_concurrency.processutils [-] CMD "grep -F node.session.scan /sbin/iscsiadm" returned: 0 in 0.007s {{(pid=104868) execute /opt/stack/data/venv/lib/python3.10/site-packages/oslo_concurrency/processutils.py:428}}
Sep 18 17:00:11 jammy-provider-cloud-0000007651 devstack@g-api.service[104867]: DEBUG oslo_concurrency.processutils [-] Running cmd (subprocess): grep -F node.session.scan /sbin/iscsiadm {{(pid=104867) execute /opt/stack/data/venv/lib/python3.10/site-packages/oslo_concurrency/processutils.py:390}}
Sep 18 17:00:11 jammy-provider-cloud-0000007651 devstack@g-api.service[104867]: DEBUG oslo_concurrency.processutils [-] CMD "grep -F node.session.scan /sbin/iscsiadm" returned: 0 in 0.007s {{(pid=104867) execute /opt/stack/data/venv/lib/python3.10/site-packages/oslo_concurrency/processutils.py:428}}
Sep 18 17:00:11 jammy-provider-cloud-0000007651 devstack@g-api.service[104868]: DEBUG glance_store.common.attachment_state_manager [-] Initialising _AttachmentStateManager {{(pid=104868) __init__ /opt/stack/data/venv/lib/python3.10/site-packages/glance_store/common/attachment_state_manager.py:86}}
Sep 18 17:00:11 jammy-provider-cloud-0000007651 devstack@g-api.service[104867]: DEBUG glance_store.common.attachment_state_manager [-] Initialising _AttachmentStateManager {{(pid=104867) __init__ /opt/stack/data/venv/lib/python3.10/site-packages/glance_store/common/attachment_state_manager.py:86}}
Sep 18 17:00:12 jammy-provider-cloud-0000007651 devstack@g-api.service[104868]: DEBUG glance_store.backend [-] Attempting to import store cinder {{(pid=104868) _load_store /opt/stack/data/venv/lib/python3.10/site-packages/glance_store/backend.py:216}}
Sep 18 17:00:12 jammy-provider-cloud-0000007651 devstack@g-api.service[104868]: DEBUG glance_store.backend [-] Attempting to import store file {{(pid=104868) _load_store /opt/stack/data/venv/lib/python3.10/site-packages/glance_store/backend.py:216}}
Sep 18 17:00:12 jammy-provider-cloud-0000007651 devstack@g-api.service[104868]: DEBUG glance_store.backend [-] Attempting to import store glance.store.cinder.Store {{(pid=104868) _load_store /opt/stack/data/venv/lib/python3.10/site-packages/glance_store/backend.py:216}}
Sep 18 17:00:12 jammy-provider-cloud-0000007651 devstack@g-api.service[104868]: DEBUG glance_store.backend [-] Attempting to import store glance.store.filesystem.Store {{(pid=104868) _load_store /opt/stack/data/venv/lib/python3.10/site-packages/glance_store/backend.py:216}}
Sep 18 17:00:12 jammy-provider-cloud-0000007651 devstack@g-api.service[104868]: DEBUG glance_store.backend [-] Attempting to import store glance.store.http.Store {{(pid=104868) _load_store /opt/stack/data/venv/lib/python3.10/site-packages/glance_store/backend.py:216}}
Sep 18 17:00:12 jammy-provider-cloud-0000007651 devstack@g-api.service[104868]: DEBUG glance_store.backend [-] Attempting to import store glance.store.rbd.Store {{(pid=104868) _load_store /opt/stack/data/venv/lib/python3.10/site-packages/glance_store/backend.py:216}}
Sep 18 17:00:12 jammy-provider-cloud-0000007651 devstack@g-api.service[104868]: DEBUG glance_store.backend [-] Attempting to import store glance.store.s3.Store {{(pid=104868) _load_store /opt/stack/data/venv/lib/python3.10/site-packages/glance_store/backend.py:216}}
Sep 18 17:00:12 jammy-provider-cloud-0000007651 devstack@g-api.service[104868]: DEBUG glance_store.backend [-] Attempting to import store glance.store.swift.Store {{(pid=104868) _load_store /opt/stack/data/venv/lib/python3.10/site-packages/glance_store/backend.py:216}}
Sep 18 17:00:12 jammy-provider-cloud-0000007651 devstack@g-api.service[104868]: DEBUG glance_store.backend [-] Attempting to import store glance.store.vmware_datastore.Store {{(pid=104868) _load_store /opt/stack/data/venv/lib/python3.10/site-packages/glance_store/backend.py:216}}
Sep 18 17:00:12 jammy-provider-cloud-0000007651 devstack@g-api.service[104868]: DEBUG glance_store.backend [-] Attempting to import store http {{(pid=104868) _load_store /opt/stack/data/venv/lib/python3.10/site-packages/glance_store/backend.py:216}}
Sep 18 17:00:12 jammy-provider-cloud-0000007651 devstack@g-api.service[104868]: DEBUG glance_store.backend [-] Attempting to import store no_conf {{(pid=104868) _load_store /opt/stack/data/venv/lib/python3.10/site-packages/glance_store/backend.py:216}}
Sep 18 17:00:12 jammy-provider-cloud-0000007651 devstack@g-api.service[104868]: DEBUG glance_store.backend [-] Attempting to import store rbd {{(pid=104868) _load_store /opt/stack/data/venv/lib/python3.10/site-packages/glance_store/backend.py:216}}
Sep 18 17:00:12 jammy-provider-cloud-0000007651 devstack@g-api.service[104868]: DEBUG glance_store.backend [-] Attempting to import store s3 {{(pid=104868) _load_store /opt/stack/data/venv/lib/python3.10/site-packages/glance_store/backend.py:216}}
Sep 18 17:00:12 jammy-provider-cloud-0000007651 devstack@g-api.service[104868]: DEBUG glance_store.backend [-] Attempting to import store swift {{(pid=104868) _load_store /opt/stack/data/venv/lib/python3.10/site-packages/glance_store/backend.py:216}}
Sep 18 17:00:12 jammy-provider-cloud-0000007651 devstack@g-api.service[104868]: DEBUG glance_store.backend [-] Attempting to import store vmware {{(pid=104868) _load_store /opt/stack/data/venv/lib/python3.10/site-packages/glance_store/backend.py:216}}
Sep 18 17:00:12 jammy-provider-cloud-0000007651 devstack@g-api.service[104868]: DEBUG glance_store.backend [-] Registering options for group glance_store {{(pid=104868) register_opts /opt/stack/data/venv/lib/python3.10/site-packages/glance_store/backend.py:145}}
Sep 18 17:00:12 jammy-provider-cloud-0000007651 devstack@g-api.service[104868]: DEBUG glance_store.backend [-] Registering options for group glance_store {{(pid=104868) register_opts /opt/stack/data/venv/lib/python3.10/site-packages/glance_store/backend.py:145}}
Sep 18 17:00:12 jammy-provider-cloud-0000007651 devstack@g-api.service[104868]: DEBUG glance_store.backend [-] Attempting to import store http {{(pid=104868) _load_store /opt/stack/data/venv/lib/python3.10/site-packages/glance_store/backend.py:216}}
Sep 18 17:00:12 jammy-provider-cloud-0000007651 devstack@g-api.service[104868]: DEBUG glance_store.capabilities [-] Store glance_store._drivers.http.Store doesn't support updating dynamic storage capabilities. Please overwrite 'update_capabilities' method of the store to implement updating logics if needed. {{(pid=104868) update_capabilities /opt/stack/data/venv/lib/python3.10/site-packages/glance_store/capabilities.py:91}}
Sep 18 17:00:12 jammy-provider-cloud-0000007651 devstack@g-api.service[104868]: DEBUG glance_store.backend [-] Registering store http with schemes ('http', 'https') {{(pid=104868) create_stores /opt/stack/data/venv/lib/python3.10/site-packages/glance_store/backend.py:262}}
Sep 18 17:00:12 jammy-provider-cloud-0000007651 devstack@g-api.service[104868]: DEBUG glance_store.driver [-] Late loading location class glance_store._drivers.http.StoreLocation {{(pid=104868) get_store_location_class /opt/stack/data/venv/lib/python3.10/site-packages/glance_store/driver.py:133}}
Sep 18 17:00:12 jammy-provider-cloud-0000007651 devstack@g-api.service[104868]: DEBUG glance_store.location [-] Registering scheme http with {'store': <glance_store._drivers.http.Store object at 0x7efe6cdccf40>, 'location_class': <class 'glance_store._drivers.http.StoreLocation'>, 'store_entry': 'http'} {{(pid=104868) register_scheme_map /opt/stack/data/venv/lib/python3.10/site-packages/glance_store/location.py:146}}
Sep 18 17:00:12 jammy-provider-cloud-0000007651 devstack@g-api.service[104868]: DEBUG glance_store.location [-] Registering scheme https with {'store': <glance_store._drivers.http.Store object at 0x7efe6cdccf40>, 'location_class': <class 'glance_store._drivers.http.StoreLocation'>, 'store_entry': 'http'} {{(pid=104868) register_scheme_map /opt/stack/data/venv/lib/python3.10/site-packages/glance_store/location.py:146}}
Sep 18 17:00:12 jammy-provider-cloud-0000007651 devstack@g-api.service[104868]: DEBUG glance_store.backend [-] Attempting to import store file {{(pid=104868) _load_store /opt/stack/data/venv/lib/python3.10/site-packages/glance_store/backend.py:216}}
Sep 18 17:00:12 jammy-provider-cloud-0000007651 devstack@g-api.service[104868]: DEBUG glance_store.capabilities [-] Store glance_store._drivers.filesystem.Store doesn't support updating dynamic storage capabilities. Please overwrite 'update_capabilities' method of the store to implement updating logics if needed. {{(pid=104868) update_capabilities /opt/stack/data/venv/lib/python3.10/site-packages/glance_store/capabilities.py:91}}
Sep 18 17:00:12 jammy-provider-cloud-0000007651 devstack@g-api.service[104868]: DEBUG glance_store.backend [-] Registering store file with schemes ('file', 'filesystem') {{(pid=104868) create_stores /opt/stack/data/venv/lib/python3.10/site-packages/glance_store/backend.py:262}}
Sep 18 17:00:12 jammy-provider-cloud-0000007651 devstack@g-api.service[104868]: DEBUG glance_store.driver [-] Late loading location class glance_store._drivers.filesystem.StoreLocation {{(pid=104868) get_store_location_class /opt/stack/data/venv/lib/python3.10/site-packages/glance_store/driver.py:133}}
Sep 18 17:00:12 jammy-provider-cloud-0000007651 devstack@g-api.service[104868]: DEBUG glance_store.location [-] Registering scheme file with {'store': <glance_store._drivers.filesystem.Store object at 0x7efe6cdcc0a0>, 'location_class': <class 'glance_store._drivers.filesystem.StoreLocation'>, 'store_entry': 'file'} {{(pid=104868) register_scheme_map /opt/stack/data/venv/lib/python3.10/site-packages/glance_store/location.py:146}}
Sep 18 17:00:12 jammy-provider-cloud-0000007651 devstack@g-api.service[104868]: DEBUG glance_store.location [-] Registering scheme filesystem with {'store': <glance_store._drivers.filesystem.Store object at 0x7efe6cdcc0a0>, 'location_class': <class 'glance_store._drivers.filesystem.StoreLocation'>, 'store_entry': 'file'} {{(pid=104868) register_scheme_map /opt/stack/data/venv/lib/python3.10/site-packages/glance_store/location.py:146}}
Sep 18 17:00:12 jammy-provider-cloud-0000007651 devstack@g-api.service[104868]: DEBUG glance.sqlite_migration [-] SQLite caching database not located, skipping migration {{(pid=104868) get_db_path /opt/stack/glance/glance/sqlite_migration.py:68}}
Sep 18 17:00:12 jammy-provider-cloud-0000007651 devstack@g-api.service[104868]: WARNING glance.common.wsgi_app [-] Import methods are enabled but staging directory /tmp/staging/ does not exist; Imports will fail!
Sep 18 17:00:12 jammy-provider-cloud-0000007651 devstack@g-api.service[104867]: DEBUG glance_store.backend [-] Attempting to import store cinder {{(pid=104867) _load_store /opt/stack/data/venv/lib/python3.10/site-packages/glance_store/backend.py:216}}
Sep 18 17:00:12 jammy-provider-cloud-0000007651 devstack@g-api.service[104867]: DEBUG glance_store.backend [-] Attempting to import store file {{(pid=104867) _load_store /opt/stack/data/venv/lib/python3.10/site-packages/glance_store/backend.py:216}}
Sep 18 17:00:12 jammy-provider-cloud-0000007651 devstack@g-api.service[104867]: DEBUG glance_store.backend [-] Attempting to import store glance.store.cinder.Store {{(pid=104867) _load_store /opt/stack/data/venv/lib/python3.10/site-packages/glance_store/backend.py:216}}
Sep 18 17:00:12 jammy-provider-cloud-0000007651 devstack@g-api.service[104867]: DEBUG glance_store.backend [-] Attempting to import store glance.store.filesystem.Store {{(pid=104867) _load_store /opt/stack/data/venv/lib/python3.10/site-packages/glance_store/backend.py:216}}
Sep 18 17:00:12 jammy-provider-cloud-0000007651 devstack@g-api.service[104867]: DEBUG glance_store.backend [-] Attempting to import store glance.store.http.Store {{(pid=104867) _load_store /opt/stack/data/venv/lib/python3.10/site-packages/glance_store/backend.py:216}}
Sep 18 17:00:12 jammy-provider-cloud-0000007651 devstack@g-api.service[104867]: DEBUG glance_store.backend [-] Attempting to import store glance.store.rbd.Store {{(pid=104867) _load_store /opt/stack/data/venv/lib/python3.10/site-packages/glance_store/backend.py:216}}
Sep 18 17:00:12 jammy-provider-cloud-0000007651 devstack@g-api.service[104867]: DEBUG glance_store.backend [-] Attempting to import store glance.store.s3.Store {{(pid=104867) _load_store /opt/stack/data/venv/lib/python3.10/site-packages/glance_store/backend.py:216}}
Sep 18 17:00:12 jammy-provider-cloud-0000007651 devstack@g-api.service[104867]: DEBUG glance_store.backend [-] Attempting to import store glance.store.swift.Store {{(pid=104867) _load_store /opt/stack/data/venv/lib/python3.10/site-packages/glance_store/backend.py:216}}
Sep 18 17:00:12 jammy-provider-cloud-0000007651 devstack@g-api.service[104867]: DEBUG glance_store.backend [-] Attempting to import store glance.store.vmware_datastore.Store {{(pid=104867) _load_store /opt/stack/data/venv/lib/python3.10/site-packages/glance_store/backend.py:216}}
Sep 18 17:00:12 jammy-provider-cloud-0000007651 devstack@g-api.service[104867]: DEBUG glance_store.backend [-] Attempting to import store http {{(pid=104867) _load_store /opt/stack/data/venv/lib/python3.10/site-packages/glance_store/backend.py:216}}
Sep 18 17:00:12 jammy-provider-cloud-0000007651 devstack@g-api.service[104867]: DEBUG glance_store.backend [-] Attempting to import store no_conf {{(pid=104867) _load_store /opt/stack/data/venv/lib/python3.10/site-packages/glance_store/backend.py:216}}
Sep 18 17:00:12 jammy-provider-cloud-0000007651 devstack@g-api.service[104867]: DEBUG glance_store.backend [-] Attempting to import store rbd {{(pid=104867) _load_store /opt/stack/data/venv/lib/python3.10/site-packages/glance_store/backend.py:216}}
Sep 18 17:00:12 jammy-provider-cloud-0000007651 devstack@g-api.service[104867]: DEBUG glance_store.backend [-] Attempting to import store s3 {{(pid=104867) _load_store /opt/stack/data/venv/lib/python3.10/site-packages/glance_store/backend.py:216}}
Sep 18 17:00:12 jammy-provider-cloud-0000007651 devstack@g-api.service[104867]: DEBUG glance_store.backend [-] Attempting to import store swift {{(pid=104867) _load_store /opt/stack/data/venv/lib/python3.10/site-packages/glance_store/backend.py:216}}
Sep 18 17:00:12 jammy-provider-cloud-0000007651 devstack@g-api.service[104867]: DEBUG glance_store.backend [-] Attempting to import store vmware {{(pid=104867) _load_store /opt/stack/data/venv/lib/python3.10/site-packages/glance_store/backend.py:216}}
Sep 18 17:00:12 jammy-provider-cloud-0000007651 devstack@g-api.service[104867]: DEBUG glance_store.backend [-] Registering options for group glance_store {{(pid=104867) register_opts /opt/stack/data/venv/lib/python3.10/site-packages/glance_store/backend.py:145}}
Sep 18 17:00:12 jammy-provider-cloud-0000007651 devstack@g-api.service[104867]: DEBUG glance_store.backend [-] Registering options for group glance_store {{(pid=104867) register_opts /opt/stack/data/venv/lib/python3.10/site-packages/glance_store/backend.py:145}}
Sep 18 17:00:12 jammy-provider-cloud-0000007651 devstack@g-api.service[104867]: DEBUG glance_store.backend [-] Attempting to import store http {{(pid=104867) _load_store /opt/stack/data/venv/lib/python3.10/site-packages/glance_store/backend.py:216}}
Sep 18 17:00:12 jammy-provider-cloud-0000007651 devstack@g-api.service[104867]: DEBUG glance_store.capabilities [-] Store glance_store._drivers.http.Store doesn't support updating dynamic storage capabilities. Please overwrite 'update_capabilities' method of the store to implement updating logics if needed. {{(pid=104867) update_capabilities /opt/stack/data/venv/lib/python3.10/site-packages/glance_store/capabilities.py:91}}
Sep 18 17:00:12 jammy-provider-cloud-0000007651 devstack@g-api.service[104867]: DEBUG glance_store.backend [-] Registering store http with schemes ('http', 'https') {{(pid=104867) create_stores /opt/stack/data/venv/lib/python3.10/site-packages/glance_store/backend.py:262}}
Sep 18 17:00:12 jammy-provider-cloud-0000007651 devstack@g-api.service[104867]: DEBUG glance_store.driver [-] Late loading location class glance_store._drivers.http.StoreLocation {{(pid=104867) get_store_location_class /opt/stack/data/venv/lib/python3.10/site-packages/glance_store/driver.py:133}}
Sep 18 17:00:12 jammy-provider-cloud-0000007651 devstack@g-api.service[104867]: DEBUG glance_store.location [-] Registering scheme http with {'store': <glance_store._drivers.http.Store object at 0x7efe6cdcf640>, 'location_class': <class 'glance_store._drivers.http.StoreLocation'>, 'store_entry': 'http'} {{(pid=104867) register_scheme_map /opt/stack/data/venv/lib/python3.10/site-packages/glance_store/location.py:146}}
Sep 18 17:00:12 jammy-provider-cloud-0000007651 devstack@g-api.service[104867]: DEBUG glance_store.location [-] Registering scheme https with {'store': <glance_store._drivers.http.Store object at 0x7efe6cdcf640>, 'location_class': <class 'glance_store._drivers.http.StoreLocation'>, 'store_entry': 'http'} {{(pid=104867) register_scheme_map /opt/stack/data/venv/lib/python3.10/site-packages/glance_store/location.py:146}}
Sep 18 17:00:12 jammy-provider-cloud-0000007651 devstack@g-api.service[104867]: DEBUG glance_store.backend [-] Attempting to import store file {{(pid=104867) _load_store /opt/stack/data/venv/lib/python3.10/site-packages/glance_store/backend.py:216}}
Sep 18 17:00:12 jammy-provider-cloud-0000007651 devstack@g-api.service[104867]: DEBUG glance_store.capabilities [-] Store glance_store._drivers.filesystem.Store doesn't support updating dynamic storage capabilities. Please overwrite 'update_capabilities' method of the store to implement updating logics if needed. {{(pid=104867) update_capabilities /opt/stack/data/venv/lib/python3.10/site-packages/glance_store/capabilities.py:91}}
Sep 18 17:00:12 jammy-provider-cloud-0000007651 devstack@g-api.service[104867]: DEBUG glance_store.backend [-] Registering store file with schemes ('file', 'filesystem') {{(pid=104867) create_stores /opt/stack/data/venv/lib/python3.10/site-packages/glance_store/backend.py:262}}
Sep 18 17:00:12 jammy-provider-cloud-0000007651 devstack@g-api.service[104867]: DEBUG glance_store.driver [-] Late loading location class glance_store._drivers.filesystem.StoreLocation {{(pid=104867) get_store_location_class /opt/stack/data/venv/lib/python3.10/site-packages/glance_store/driver.py:133}}
Sep 18 17:00:12 jammy-provider-cloud-0000007651 devstack@g-api.service[104867]: DEBUG glance_store.location [-] Registering scheme file with {'store': <glance_store._drivers.filesystem.Store object at 0x7efe6cdcd780>, 'location_class': <class 'glance_store._drivers.filesystem.StoreLocation'>, 'store_entry': 'file'} {{(pid=104867) register_scheme_map /opt/stack/data/venv/lib/python3.10/site-packages/glance_store/location.py:146}}
Sep 18 17:00:12 jammy-provider-cloud-0000007651 devstack@g-api.service[104867]: DEBUG glance_store.location [-] Registering scheme filesystem with {'store': <glance_store._drivers.filesystem.Store object at 0x7efe6cdcd780>, 'location_class': <class 'glance_store._drivers.filesystem.StoreLocation'>, 'store_entry': 'file'} {{(pid=104867) register_scheme_map /opt/stack/data/venv/lib/python3.10/site-packages/glance_store/location.py:146}}
Sep 18 17:00:12 jammy-provider-cloud-0000007651 devstack@g-api.service[104867]: DEBUG glance.sqlite_migration [-] SQLite caching database not located, skipping migration {{(pid=104867) get_db_path /opt/stack/glance/glance/sqlite_migration.py:68}}
Sep 18 17:00:12 jammy-provider-cloud-0000007651 devstack@g-api.service[104867]: WARNING glance.common.wsgi_app [-] Import methods are enabled but staging directory /tmp/staging/ does not exist; Imports will fail!
Sep 18 17:00:12 jammy-provider-cloud-0000007651 devstack@g-api.service[104868]: DEBUG glance.common.config [None req-1e7c090b-5c3d-4cc3-b4ca-25237136d195 None None] Loading glance-api-keystone+cachemanagement from /etc/glance/glance-api-paste.ini {{(pid=104868) load_paste_app /opt/stack/glance/glance/common/config.py:726}}
Sep 18 17:00:12 jammy-provider-cloud-0000007651 devstack@g-api.service[104867]: DEBUG glance.common.config [None req-b4bd56bf-f1ee-42ef-92fc-fd4e39aa452e None None] Loading glance-api-keystone+cachemanagement from /etc/glance/glance-api-paste.ini {{(pid=104867) load_paste_app /opt/stack/glance/glance/common/config.py:726}}
Sep 18 17:00:12 jammy-provider-cloud-0000007651 devstack@g-api.service[104867]: INFO glance.image_cache [None req-b4bd56bf-f1ee-42ef-92fc-fd4e39aa452e None None] Image cache loaded driver 'centralized_db'.
Sep 18 17:00:12 jammy-provider-cloud-0000007651 devstack@g-api.service[104868]: INFO glance.image_cache [None req-1e7c090b-5c3d-4cc3-b4ca-25237136d195 None None] Image cache loaded driver 'centralized_db'.
Sep 18 17:00:12 jammy-provider-cloud-0000007651 devstack@g-api.service[104867]: INFO dbcounter [None req-b4bd56bf-f1ee-42ef-92fc-fd4e39aa452e None None] Registered counter for database glance
Sep 18 17:00:12 jammy-provider-cloud-0000007651 devstack@g-api.service[104868]: INFO dbcounter [None req-1e7c090b-5c3d-4cc3-b4ca-25237136d195 None None] Registered counter for database glance
Sep 18 17:00:12 jammy-provider-cloud-0000007651 devstack@g-api.service[104868]: DEBUG oslo_db.sqlalchemy.engines [None req-1e7c090b-5c3d-4cc3-b4ca-25237136d195 None None] MySQL server mode set to STRICT_TRANS_TABLES,STRICT_ALL_TABLES,NO_ZERO_IN_DATE,NO_ZERO_DATE,ERROR_FOR_DIVISION_BY_ZERO,TRADITIONAL,NO_ENGINE_SUBSTITUTION {{(pid=104868) _check_effective_sql_mode /opt/stack/data/venv/lib/python3.10/site-packages/oslo_db/sqlalchemy/engines.py:342}}
Sep 18 17:00:12 jammy-provider-cloud-0000007651 devstack@g-api.service[104867]: DEBUG oslo_db.sqlalchemy.engines [None req-b4bd56bf-f1ee-42ef-92fc-fd4e39aa452e None None] MySQL server mode set to STRICT_TRANS_TABLES,STRICT_ALL_TABLES,NO_ZERO_IN_DATE,NO_ZERO_DATE,ERROR_FOR_DIVISION_BY_ZERO,TRADITIONAL,NO_ENGINE_SUBSTITUTION {{(pid=104867) _check_effective_sql_mode /opt/stack/data/venv/lib/python3.10/site-packages/oslo_db/sqlalchemy/engines.py:342}}
Sep 18 17:00:12 jammy-provider-cloud-0000007651 devstack@g-api.service[104868]: DEBUG dbcounter [-] [104868] Writer thread running {{(pid=104868) stat_writer /opt/stack/data/venv/lib/python3.10/site-packages/dbcounter.py:102}}
Sep 18 17:00:12 jammy-provider-cloud-0000007651 devstack@g-api.service[104867]: DEBUG dbcounter [-] [104867] Writer thread running {{(pid=104867) stat_writer /opt/stack/data/venv/lib/python3.10/site-packages/dbcounter.py:102}}
Sep 18 17:00:12 jammy-provider-cloud-0000007651 devstack@g-api.service[104868]: INFO glance.image_cache [None req-1e7c090b-5c3d-4cc3-b4ca-25237136d195 None None] Image cache loaded driver 'centralized_db'.
Sep 18 17:00:12 jammy-provider-cloud-0000007651 devstack@g-api.service[104867]: DEBUG glance.image_cache.drivers.centralized_db [None req-b4bd56bf-f1ee-42ef-92fc-fd4e39aa452e None None] Node reference is already recorded, ignoring it {{(pid=104867) configure /opt/stack/glance/glance/image_cache/drivers/centralized_db.py:71}}
Sep 18 17:00:12 jammy-provider-cloud-0000007651 devstack@g-api.service[104867]: INFO glance.image_cache [None req-b4bd56bf-f1ee-42ef-92fc-fd4e39aa452e None None] Image cache loaded driver 'centralized_db'.
Sep 18 17:00:12 jammy-provider-cloud-0000007651 devstack@g-api.service[104868]: DEBUG glance.image_cache.drivers.centralized_db [None req-1e7c090b-5c3d-4cc3-b4ca-25237136d195 None None] Node reference is already recorded, ignoring it {{(pid=104868) configure /opt/stack/glance/glance/image_cache/drivers/centralized_db.py:71}}
Sep 18 17:00:12 jammy-provider-cloud-0000007651 devstack@g-api.service[104868]: DEBUG glance.api.v2.cached_images [None req-1e7c090b-5c3d-4cc3-b4ca-25237136d195 None None] Started cache worker thread {{(pid=104868) __init__ /opt/stack/glance/glance/api/v2/cached_images.py:69}}
Sep 18 17:00:12 jammy-provider-cloud-0000007651 devstack@g-api.service[104868]: INFO glance.image_cache [None req-1e7c090b-5c3d-4cc3-b4ca-25237136d195 None None] Image cache loaded driver 'centralized_db'.
Sep 18 17:00:12 jammy-provider-cloud-0000007651 devstack@g-api.service[104867]: DEBUG glance.image_cache.drivers.centralized_db [None req-b4bd56bf-f1ee-42ef-92fc-fd4e39aa452e None None] Node reference is already recorded, ignoring it {{(pid=104867) configure /opt/stack/glance/glance/image_cache/drivers/centralized_db.py:71}}
Sep 18 17:00:12 jammy-provider-cloud-0000007651 devstack@g-api.service[104867]: DEBUG glance.api.v2.cached_images [None req-b4bd56bf-f1ee-42ef-92fc-fd4e39aa452e None None] Started cache worker thread {{(pid=104867) __init__ /opt/stack/glance/glance/api/v2/cached_images.py:69}}
Sep 18 17:00:12 jammy-provider-cloud-0000007651 devstack@g-api.service[104867]: INFO glance.image_cache [None req-b4bd56bf-f1ee-42ef-92fc-fd4e39aa452e None None] Image cache loaded driver 'centralized_db'.
Sep 18 17:00:12 jammy-provider-cloud-0000007651 devstack@g-api.service[104868]: DEBUG glance.image_cache.drivers.centralized_db [None req-1e7c090b-5c3d-4cc3-b4ca-25237136d195 None None] Node reference is already recorded, ignoring it {{(pid=104868) configure /opt/stack/glance/glance/image_cache/drivers/centralized_db.py:71}}
Sep 18 17:00:12 jammy-provider-cloud-0000007651 devstack@g-api.service[104868]: INFO glance.api.middleware.cache_manage [None req-1e7c090b-5c3d-4cc3-b4ca-25237136d195 None None] Initialized image cache management middleware
Sep 18 17:00:12 jammy-provider-cloud-0000007651 devstack@g-api.service[104868]: INFO glance.image_cache [None req-1e7c090b-5c3d-4cc3-b4ca-25237136d195 None None] Image cache loaded driver 'centralized_db'.
Sep 18 17:00:13 jammy-provider-cloud-0000007651 devstack@g-api.service[104867]: DEBUG glance.image_cache.drivers.centralized_db [None req-b4bd56bf-f1ee-42ef-92fc-fd4e39aa452e None None] Node reference is already recorded, ignoring it {{(pid=104867) configure /opt/stack/glance/glance/image_cache/drivers/centralized_db.py:71}}
Sep 18 17:00:13 jammy-provider-cloud-0000007651 devstack@g-api.service[104867]: INFO glance.api.middleware.cache_manage [None req-b4bd56bf-f1ee-42ef-92fc-fd4e39aa452e None None] Initialized image cache management middleware
Sep 18 17:00:13 jammy-provider-cloud-0000007651 devstack@g-api.service[104867]: INFO glance.image_cache [None req-b4bd56bf-f1ee-42ef-92fc-fd4e39aa452e None None] Image cache loaded driver 'centralized_db'.
Sep 18 17:00:13 jammy-provider-cloud-0000007651 devstack@g-api.service[104868]: DEBUG glance.image_cache.drivers.centralized_db [None req-1e7c090b-5c3d-4cc3-b4ca-25237136d195 None None] Node reference is already recorded, ignoring it {{(pid=104868) configure /opt/stack/glance/glance/image_cache/drivers/centralized_db.py:71}}
Sep 18 17:00:13 jammy-provider-cloud-0000007651 devstack@g-api.service[104867]: DEBUG glance.image_cache.drivers.centralized_db [None req-b4bd56bf-f1ee-42ef-92fc-fd4e39aa452e None None] Node reference is already recorded, ignoring it {{(pid=104867) configure /opt/stack/glance/glance/image_cache/drivers/centralized_db.py:71}}
Sep 18 17:00:13 jammy-provider-cloud-0000007651 devstack@g-api.service[104868]: INFO glance.api.middleware.cache [None req-1e7c090b-5c3d-4cc3-b4ca-25237136d195 None None] Initialized image cache middleware
Sep 18 17:00:13 jammy-provider-cloud-0000007651 devstack@g-api.service[104868]: WARNING keystonemiddleware.auth_token [None req-1e7c090b-5c3d-4cc3-b4ca-25237136d195 None None] AuthToken middleware is set with keystone_authtoken.service_token_roles_required set to False. This is backwards compatible but deprecated behaviour. Please set this to True.
Sep 18 17:00:13 jammy-provider-cloud-0000007651 devstack@g-api.service[104867]: INFO glance.api.middleware.cache [None req-b4bd56bf-f1ee-42ef-92fc-fd4e39aa452e None None] Initialized image cache middleware
Sep 18 17:00:13 jammy-provider-cloud-0000007651 devstack@g-api.service[104868]: WARNING keystonemiddleware.auth_token [None req-1e7c090b-5c3d-4cc3-b4ca-25237136d195 None None] Configuring www_authenticate_uri to point to the public identity endpoint is required; clients may not be able to authenticate against an admin endpoint
Sep 18 17:00:13 jammy-provider-cloud-0000007651 devstack@g-api.service[104868]: DEBUG glance.common.config [None req-1e7c090b-5c3d-4cc3-b4ca-25237136d195 None None] ******************************************************************************** {{(pid=104868) log_opt_values /opt/stack/data/venv/lib/python3.10/site-packages/oslo_config/cfg.py:2806}}
Sep 18 17:00:13 jammy-provider-cloud-0000007651 devstack@g-api.service[104868]: DEBUG glance.common.config [None req-1e7c090b-5c3d-4cc3-b4ca-25237136d195 None None] Configuration options gathered from: {{(pid=104868) log_opt_values /opt/stack/data/venv/lib/python3.10/site-packages/oslo_config/cfg.py:2807}}
Sep 18 17:00:13 jammy-provider-cloud-0000007651 devstack@g-api.service[104868]: DEBUG glance.common.config [None req-1e7c090b-5c3d-4cc3-b4ca-25237136d195 None None] command line args: [] {{(pid=104868) log_opt_values /opt/stack/data/venv/lib/python3.10/site-packages/oslo_config/cfg.py:2808}}
Sep 18 17:00:13 jammy-provider-cloud-0000007651 devstack@g-api.service[104868]: DEBUG glance.common.config [None req-1e7c090b-5c3d-4cc3-b4ca-25237136d195 None None] config files: ['/etc/glance/glance-image-import.conf', '/etc/glance/glance-api.conf'] {{(pid=104868) log_opt_values /opt/stack/data/venv/lib/python3.10/site-packages/oslo_config/cfg.py:2809}}
Sep 18 17:00:13 jammy-provider-cloud-0000007651 devstack@g-api.service[104868]: DEBUG glance.common.config [None req-1e7c090b-5c3d-4cc3-b4ca-25237136d195 None None] ================================================================================ {{(pid=104868) log_opt_values /opt/stack/data/venv/lib/python3.10/site-packages/oslo_config/cfg.py:2811}}
Sep 18 17:00:13 jammy-provider-cloud-0000007651 devstack@g-api.service[104868]: DEBUG glance.common.config [None req-1e7c090b-5c3d-4cc3-b4ca-25237136d195 None None] allow_anonymous_access         = False {{(pid=104868) log_opt_values /opt/stack/data/venv/lib/python3.10/site-packages/oslo_config/cfg.py:2819}}
Sep 18 17:00:13 jammy-provider-cloud-0000007651 devstack@g-api.service[104868]: DEBUG glance.common.config [None req-1e7c090b-5c3d-4cc3-b4ca-25237136d195 None None] api_limit_max                  = 1000 {{(pid=104868) log_opt_values /opt/stack/data/venv/lib/python3.10/site-packages/oslo_config/cfg.py:2819}}
Sep 18 17:00:13 jammy-provider-cloud-0000007651 devstack@g-api.service[104868]: DEBUG glance.common.config [None req-1e7c090b-5c3d-4cc3-b4ca-25237136d195 None None] backlog                        = 4096 {{(pid=104868) log_opt_values /opt/stack/data/venv/lib/python3.10/site-packages/oslo_config/cfg.py:2819}}
Sep 18 17:00:13 jammy-provider-cloud-0000007651 devstack@g-api.service[104868]: DEBUG glance.common.config [None req-1e7c090b-5c3d-4cc3-b4ca-25237136d195 None None] bind_host                      = 0.0.0.0 {{(pid=104868) log_opt_values /opt/stack/data/venv/lib/python3.10/site-packages/oslo_config/cfg.py:2819}}
Sep 18 17:00:13 jammy-provider-cloud-0000007651 devstack@g-api.service[104868]: DEBUG glance.common.config [None req-1e7c090b-5c3d-4cc3-b4ca-25237136d195 None None] bind_port                      = None {{(pid=104868) log_opt_values /opt/stack/data/venv/lib/python3.10/site-packages/oslo_config/cfg.py:2819}}
Sep 18 17:00:13 jammy-provider-cloud-0000007651 devstack@g-api.service[104868]: DEBUG glance.common.config [None req-1e7c090b-5c3d-4cc3-b4ca-25237136d195 None None] client_socket_timeout          = 900 {{(pid=104868) log_opt_values /opt/stack/data/venv/lib/python3.10/site-packages/oslo_config/cfg.py:2819}}
Sep 18 17:00:13 jammy-provider-cloud-0000007651 devstack@g-api.service[104868]: DEBUG glance.common.config [None req-1e7c090b-5c3d-4cc3-b4ca-25237136d195 None None] config_dir                     = [] {{(pid=104868) log_opt_values /opt/stack/data/venv/lib/python3.10/site-packages/oslo_config/cfg.py:2819}}
Sep 18 17:00:13 jammy-provider-cloud-0000007651 devstack@g-api.service[104868]: DEBUG glance.common.config [None req-1e7c090b-5c3d-4cc3-b4ca-25237136d195 None None] config_file                    = ['/etc/glance/glance-image-import.conf', '/etc/glance/glance-api.conf'] {{(pid=104868) log_opt_values /opt/stack/data/venv/lib/python3.10/site-packages/oslo_config/cfg.py:2819}}
Sep 18 17:00:13 jammy-provider-cloud-0000007651 devstack@g-api.service[104868]: DEBUG glance.common.config [None req-1e7c090b-5c3d-4cc3-b4ca-25237136d195 None None] config_source                  = [] {{(pid=104868) log_opt_values /opt/stack/data/venv/lib/python3.10/site-packages/oslo_config/cfg.py:2819}}
Sep 18 17:00:13 jammy-provider-cloud-0000007651 devstack@g-api.service[104868]: DEBUG glance.common.config [None req-1e7c090b-5c3d-4cc3-b4ca-25237136d195 None None] control_exchange               = glance {{(pid=104868) log_opt_values /opt/stack/data/venv/lib/python3.10/site-packages/oslo_config/cfg.py:2819}}
Sep 18 17:00:13 jammy-provider-cloud-0000007651 devstack@g-api.service[104868]: DEBUG glance.common.config [None req-1e7c090b-5c3d-4cc3-b4ca-25237136d195 None None] debug                          = True {{(pid=104868) log_opt_values /opt/stack/data/venv/lib/python3.10/site-packages/oslo_config/cfg.py:2819}}
Sep 18 17:00:13 jammy-provider-cloud-0000007651 devstack@g-api.service[104868]: DEBUG glance.common.config [None req-1e7c090b-5c3d-4cc3-b4ca-25237136d195 None None] default_log_levels             = ['amqp=WARN', 'amqplib=WARN', 'boto=WARN', 'qpid=WARN', 'sqlalchemy=WARN', 'suds=INFO', 'oslo.messaging=INFO', 'oslo_messaging=INFO', 'iso8601=WARN', 'requests.packages.urllib3.connectionpool=WARN', 'urllib3.connectionpool=WARN', 'websocket=WARN', 'requests.packages.urllib3.util.retry=WARN', 'urllib3.util.retry=WARN', 'keystonemiddleware=WARN', 'routes.middleware=WARN', 'stevedore=WARN', 'taskflow=WARN', 'keystoneauth=WARN', 'oslo.cache=INFO', 'oslo_policy=INFO', 'dogpile.core.dogpile=INFO'] {{(pid=104868) log_opt_values /opt/stack/data/venv/lib/python3.10/site-packages/oslo_config/cfg.py:2819}}
Sep 18 17:00:13 jammy-provider-cloud-0000007651 devstack@g-api.service[104868]: DEBUG glance.common.config [None req-1e7c090b-5c3d-4cc3-b4ca-25237136d195 None None] default_publisher_id           = image.localhost {{(pid=104868) log_opt_values /opt/stack/data/venv/lib/python3.10/site-packages/oslo_config/cfg.py:2819}}
Sep 18 17:00:13 jammy-provider-cloud-0000007651 devstack@g-api.service[104868]: DEBUG glance.common.config [None req-1e7c090b-5c3d-4cc3-b4ca-25237136d195 None None] delayed_delete                 = False {{(pid=104868) log_opt_values /opt/stack/data/venv/lib/python3.10/site-packages/oslo_config/cfg.py:2819}}
Sep 18 17:00:13 jammy-provider-cloud-0000007651 devstack@g-api.service[104868]: DEBUG glance.common.config [None req-1e7c090b-5c3d-4cc3-b4ca-25237136d195 None None] digest_algorithm               = sha256 {{(pid=104868) log_opt_values /opt/stack/data/venv/lib/python3.10/site-packages/oslo_config/cfg.py:2819}}
Sep 18 17:00:13 jammy-provider-cloud-0000007651 devstack@g-api.service[104868]: DEBUG glance.common.config [None req-1e7c090b-5c3d-4cc3-b4ca-25237136d195 None None] disabled_notifications         = [] {{(pid=104868) log_opt_values /opt/stack/data/venv/lib/python3.10/site-packages/oslo_config/cfg.py:2819}}
Sep 18 17:00:13 jammy-provider-cloud-0000007651 devstack@g-api.service[104868]: DEBUG glance.common.config [None req-1e7c090b-5c3d-4cc3-b4ca-25237136d195 None None] do_secure_hash                 = True {{(pid=104868) log_opt_values /opt/stack/data/venv/lib/python3.10/site-packages/oslo_config/cfg.py:2819}}
Sep 18 17:00:13 jammy-provider-cloud-0000007651 devstack@g-api.service[104868]: DEBUG glance.common.config [None req-1e7c090b-5c3d-4cc3-b4ca-25237136d195 None None] enabled_backends               = None {{(pid=104868) log_opt_values /opt/stack/data/venv/lib/python3.10/site-packages/oslo_config/cfg.py:2819}}
Sep 18 17:00:13 jammy-provider-cloud-0000007651 devstack@g-api.service[104868]: DEBUG glance.common.config [None req-1e7c090b-5c3d-4cc3-b4ca-25237136d195 None None] enabled_import_methods         = ['glance-direct', 'web-download', 'copy-image'] {{(pid=104868) log_opt_values /opt/stack/data/venv/lib/python3.10/site-packages/oslo_config/cfg.py:2819}}
Sep 18 17:00:13 jammy-provider-cloud-0000007651 devstack@g-api.service[104868]: DEBUG glance.common.config [None req-1e7c090b-5c3d-4cc3-b4ca-25237136d195 None None] hashing_algorithm              = sha512 {{(pid=104868) log_opt_values /opt/stack/data/venv/lib/python3.10/site-packages/oslo_config/cfg.py:2819}}
Sep 18 17:00:13 jammy-provider-cloud-0000007651 devstack@g-api.service[104868]: DEBUG glance.common.config [None req-1e7c090b-5c3d-4cc3-b4ca-25237136d195 None None] http_keepalive                 = True {{(pid=104868) log_opt_values /opt/stack/data/venv/lib/python3.10/site-packages/oslo_config/cfg.py:2819}}
Sep 18 17:00:13 jammy-provider-cloud-0000007651 devstack@g-api.service[104868]: DEBUG glance.common.config [None req-1e7c090b-5c3d-4cc3-b4ca-25237136d195 None None] http_retries                   = 3 {{(pid=104868) log_opt_values /opt/stack/data/venv/lib/python3.10/site-packages/oslo_config/cfg.py:2819}}
Sep 18 17:00:13 jammy-provider-cloud-0000007651 devstack@g-api.service[104868]: DEBUG glance.common.config [None req-1e7c090b-5c3d-4cc3-b4ca-25237136d195 None None] image_cache_dir                = /opt/stack/data/glance/cache/ {{(pid=104868) log_opt_values /opt/stack/data/venv/lib/python3.10/site-packages/oslo_config/cfg.py:2819}}
Sep 18 17:00:13 jammy-provider-cloud-0000007651 devstack@g-api.service[104868]: DEBUG glance.common.config [None req-1e7c090b-5c3d-4cc3-b4ca-25237136d195 None None] image_cache_driver             = centralized_db {{(pid=104868) log_opt_values /opt/stack/data/venv/lib/python3.10/site-packages/oslo_config/cfg.py:2819}}
Sep 18 17:00:13 jammy-provider-cloud-0000007651 devstack@g-api.service[104868]: DEBUG glance.common.config [None req-1e7c090b-5c3d-4cc3-b4ca-25237136d195 None None] image_cache_max_size           = 10737418240 {{(pid=104868) log_opt_values /opt/stack/data/venv/lib/python3.10/site-packages/oslo_config/cfg.py:2819}}
Sep 18 17:00:13 jammy-provider-cloud-0000007651 devstack@g-api.service[104868]: DEBUG glance.common.config [None req-1e7c090b-5c3d-4cc3-b4ca-25237136d195 None None] image_cache_sqlite_db          = cache.db {{(pid=104868) log_opt_values /opt/stack/data/venv/lib/python3.10/site-packages/oslo_config/cfg.py:2819}}
Sep 18 17:00:13 jammy-provider-cloud-0000007651 devstack@g-api.service[104868]: DEBUG glance.common.config [None req-1e7c090b-5c3d-4cc3-b4ca-25237136d195 None None] image_cache_stall_time         = 86400 {{(pid=104868) log_opt_values /opt/stack/data/venv/lib/python3.10/site-packages/oslo_config/cfg.py:2819}}
Sep 18 17:00:13 jammy-provider-cloud-0000007651 devstack@g-api.service[104868]: DEBUG glance.common.config [None req-1e7c090b-5c3d-4cc3-b4ca-25237136d195 None None] image_location_quota           = 10 {{(pid=104868) log_opt_values /opt/stack/data/venv/lib/python3.10/site-packages/oslo_config/cfg.py:2819}}
Sep 18 17:00:13 jammy-provider-cloud-0000007651 devstack@g-api.service[104868]: DEBUG glance.common.config [None req-1e7c090b-5c3d-4cc3-b4ca-25237136d195 None None] image_member_quota             = 128 {{(pid=104868) log_opt_values /opt/stack/data/venv/lib/python3.10/site-packages/oslo_config/cfg.py:2819}}
Sep 18 17:00:13 jammy-provider-cloud-0000007651 devstack@g-api.service[104868]: DEBUG glance.common.config [None req-1e7c090b-5c3d-4cc3-b4ca-25237136d195 None None] image_property_quota           = 128 {{(pid=104868) log_opt_values /opt/stack/data/venv/lib/python3.10/site-packages/oslo_config/cfg.py:2819}}
Sep 18 17:00:13 jammy-provider-cloud-0000007651 devstack@g-api.service[104868]: DEBUG glance.common.config [None req-1e7c090b-5c3d-4cc3-b4ca-25237136d195 None None] image_size_cap                 = 1099511627776 {{(pid=104868) log_opt_values /opt/stack/data/venv/lib/python3.10/site-packages/oslo_config/cfg.py:2819}}
Sep 18 17:00:13 jammy-provider-cloud-0000007651 devstack@g-api.service[104868]: DEBUG glance.common.config [None req-1e7c090b-5c3d-4cc3-b4ca-25237136d195 None None] image_tag_quota                = 128 {{(pid=104868) log_opt_values /opt/stack/data/venv/lib/python3.10/site-packages/oslo_config/cfg.py:2819}}
Sep 18 17:00:13 jammy-provider-cloud-0000007651 devstack@g-api.service[104868]: DEBUG glance.common.config [None req-1e7c090b-5c3d-4cc3-b4ca-25237136d195 None None] instance_format                = [instance: %(uuid)s]  {{(pid=104868) log_opt_values /opt/stack/data/venv/lib/python3.10/site-packages/oslo_config/cfg.py:2819}}
Sep 18 17:00:13 jammy-provider-cloud-0000007651 devstack@g-api.service[104868]: DEBUG glance.common.config [None req-1e7c090b-5c3d-4cc3-b4ca-25237136d195 None None] instance_uuid_format           = [instance: %(uuid)s]  {{(pid=104868) log_opt_values /opt/stack/data/venv/lib/python3.10/site-packages/oslo_config/cfg.py:2819}}
Sep 18 17:00:13 jammy-provider-cloud-0000007651 devstack@g-api.service[104868]: DEBUG glance.common.config [None req-1e7c090b-5c3d-4cc3-b4ca-25237136d195 None None] limit_param_default            = 25 {{(pid=104868) log_opt_values /opt/stack/data/venv/lib/python3.10/site-packages/oslo_config/cfg.py:2819}}
Sep 18 17:00:13 jammy-provider-cloud-0000007651 devstack@g-api.service[104868]: DEBUG glance.common.config [None req-1e7c090b-5c3d-4cc3-b4ca-25237136d195 None None] log_color                      = True {{(pid=104868) log_opt_values /opt/stack/data/venv/lib/python3.10/site-packages/oslo_config/cfg.py:2819}}
Sep 18 17:00:13 jammy-provider-cloud-0000007651 devstack@g-api.service[104868]: DEBUG glance.common.config [None req-1e7c090b-5c3d-4cc3-b4ca-25237136d195 None None] log_config_append              = None {{(pid=104868) log_opt_values /opt/stack/data/venv/lib/python3.10/site-packages/oslo_config/cfg.py:2819}}
Sep 18 17:00:13 jammy-provider-cloud-0000007651 devstack@g-api.service[104868]: DEBUG glance.common.config [None req-1e7c090b-5c3d-4cc3-b4ca-25237136d195 None None] log_date_format                = %Y-%m-%d %H:%M:%S {{(pid=104868) log_opt_values /opt/stack/data/venv/lib/python3.10/site-packages/oslo_config/cfg.py:2819}}
Sep 18 17:00:13 jammy-provider-cloud-0000007651 devstack@g-api.service[104868]: DEBUG glance.common.config [None req-1e7c090b-5c3d-4cc3-b4ca-25237136d195 None None] log_dir                        = None {{(pid=104868) log_opt_values /opt/stack/data/venv/lib/python3.10/site-packages/oslo_config/cfg.py:2819}}
Sep 18 17:00:13 jammy-provider-cloud-0000007651 devstack@g-api.service[104868]: DEBUG glance.common.config [None req-1e7c090b-5c3d-4cc3-b4ca-25237136d195 None None] log_file                       = None {{(pid=104868) log_opt_values /opt/stack/data/venv/lib/python3.10/site-packages/oslo_config/cfg.py:2819}}
Sep 18 17:00:13 jammy-provider-cloud-0000007651 devstack@g-api.service[104868]: DEBUG glance.common.config [None req-1e7c090b-5c3d-4cc3-b4ca-25237136d195 None None] log_rotate_interval            = 1 {{(pid=104868) log_opt_values /opt/stack/data/venv/lib/python3.10/site-packages/oslo_config/cfg.py:2819}}
Sep 18 17:00:13 jammy-provider-cloud-0000007651 devstack@g-api.service[104868]: DEBUG glance.common.config [None req-1e7c090b-5c3d-4cc3-b4ca-25237136d195 None None] log_rotate_interval_type       = days {{(pid=104868) log_opt_values /opt/stack/data/venv/lib/python3.10/site-packages/oslo_config/cfg.py:2819}}
Sep 18 17:00:13 jammy-provider-cloud-0000007651 devstack@g-api.service[104867]: WARNING keystonemiddleware.auth_token [None req-b4bd56bf-f1ee-42ef-92fc-fd4e39aa452e None None] AuthToken middleware is set with keystone_authtoken.service_token_roles_required set to False. This is backwards compatible but deprecated behaviour. Please set this to True.
Sep 18 17:00:13 jammy-provider-cloud-0000007651 devstack@g-api.service[104868]: DEBUG glance.common.config [None req-1e7c090b-5c3d-4cc3-b4ca-25237136d195 None None] log_rotation_type              = none {{(pid=104868) log_opt_values /opt/stack/data/venv/lib/python3.10/site-packages/oslo_config/cfg.py:2819}}
Sep 18 17:00:13 jammy-provider-cloud-0000007651 devstack@g-api.service[104868]: DEBUG glance.common.config [None req-1e7c090b-5c3d-4cc3-b4ca-25237136d195 None None] logging_context_format_string  = %(color)s%(levelname)s %(name)s [%(global_request_id)s %(request_id)s %(project_name)s %(user_name)s%(color)s] %(instance)s%(color)s%(message)s {{(pid=104868) log_opt_values /opt/stack/data/venv/lib/python3.10/site-packages/oslo_config/cfg.py:2819}}
Sep 18 17:00:13 jammy-provider-cloud-0000007651 devstack@g-api.service[104868]: DEBUG glance.common.config [None req-1e7c090b-5c3d-4cc3-b4ca-25237136d195 None None] logging_debug_format_suffix    = {{(pid=%(process)d) %(funcName)s %(pathname)s:%(lineno)d}} {{(pid=104868) log_opt_values /opt/stack/data/venv/lib/python3.10/site-packages/oslo_config/cfg.py:2819}}
