May 16 20:01:31 ubuntu devstack@c-api.service[127642]: DEBUG cinder.api.extensions [-] Loaded extension: OS-SCH-HNT {{(pid=127642) register /opt/stack/cinder/cinder/api/extensions.py:135}}
May 16 20:01:31 ubuntu devstack@c-api.service[127642]: DEBUG cinder.api.extensions [-] Loading extension cinder.api.contrib.snapshot_manage.Snapshot_manage {{(pid=127642) load_extension /opt/stack/cinder/cinder/api/extensions.py:194}}
May 16 20:01:31 ubuntu devstack@c-api.service[127642]: DEBUG cinder.api.extensions [-] Calling extension factory cinder.api.contrib.snapshot_manage.Snapshot_manage {{(pid=127642) load_extension /opt/stack/cinder/cinder/api/extensions.py:200}}
May 16 20:01:31 ubuntu devstack@c-api.service[127642]: DEBUG cinder.api.extensions [-] Ext name: SnapshotManage {{(pid=127642) _check_extension /opt/stack/cinder/cinder/api/extensions.py:174}}
May 16 20:01:31 ubuntu devstack@c-api.service[127642]: DEBUG cinder.api.extensions [-] Ext alias: os-snapshot-manage {{(pid=127642) _check_extension /opt/stack/cinder/cinder/api/extensions.py:175}}
May 16 20:01:31 ubuntu devstack@c-api.service[127642]: DEBUG cinder.api.extensions [-] Ext description: Allows existing backend storage to be 'managed' by Cinder. {{(pid=127642) _check_extension /opt/stack/cinder/cinder/api/extensions.py:176}}
May 16 20:01:31 ubuntu devstack@c-api.service[127642]: DEBUG cinder.api.extensions [-] Ext updated: 2014-12-31T00:00:00+00:00 {{(pid=127642) _check_extension /opt/stack/cinder/cinder/api/extensions.py:178}}
May 16 20:01:31 ubuntu devstack@c-api.service[127642]: DEBUG cinder.api.extensions [-] Loaded extension: os-snapshot-manage {{(pid=127642) register /opt/stack/cinder/cinder/api/extensions.py:135}}
May 16 20:01:31 ubuntu devstack@c-api.service[127642]: DEBUG cinder.api.extensions [-] Loading extension cinder.api.contrib.volume_mig_status_attribute.Volume_mig_status_attribute {{(pid=127642) load_extension /opt/stack/cinder/cinder/api/extensions.py:194}}
May 16 20:01:31 ubuntu devstack@c-api.service[127642]: DEBUG cinder.api.extensions [-] Calling extension factory cinder.api.contrib.volume_mig_status_attribute.Volume_mig_status_attribute {{(pid=127642) load_extension /opt/stack/cinder/cinder/api/extensions.py:200}}
May 16 20:01:31 ubuntu devstack@c-api.service[127642]: DEBUG cinder.api.extensions [-] Ext name: VolumeMigStatusAttribute {{(pid=127642) _check_extension /opt/stack/cinder/cinder/api/extensions.py:174}}
May 16 20:01:31 ubuntu devstack@c-api.service[127642]: DEBUG cinder.api.extensions [-] Ext alias: os-vol-mig-status-attr {{(pid=127642) _check_extension /opt/stack/cinder/cinder/api/extensions.py:175}}
May 16 20:01:31 ubuntu devstack@c-api.service[127642]: DEBUG cinder.api.extensions [-] Ext description: Expose migration_status as an attribute of a volume. {{(pid=127642) _check_extension /opt/stack/cinder/cinder/api/extensions.py:176}}
May 16 20:01:31 ubuntu devstack@c-api.service[127642]: DEBUG cinder.api.extensions [-] Ext updated: 2013-08-08T00:00:00+00:00 {{(pid=127642) _check_extension /opt/stack/cinder/cinder/api/extensions.py:178}}
May 16 20:01:31 ubuntu devstack@c-api.service[127642]: DEBUG cinder.api.extensions [-] Loaded extension: os-vol-mig-status-attr {{(pid=127642) register /opt/stack/cinder/cinder/api/extensions.py:135}}
May 16 20:01:31 ubuntu devstack@c-api.service[127642]: DEBUG cinder.api.extensions [-] Loading extension cinder.api.contrib.volume_encryption_metadata.Volume_encryption_metadata {{(pid=127642) load_extension /opt/stack/cinder/cinder/api/extensions.py:194}}
May 16 20:01:31 ubuntu devstack@c-api.service[127642]: DEBUG cinder.api.extensions [-] Calling extension factory cinder.api.contrib.volume_encryption_metadata.Volume_encryption_metadata {{(pid=127642) load_extension /opt/stack/cinder/cinder/api/extensions.py:200}}
May 16 20:01:31 ubuntu devstack@c-api.service[127642]: DEBUG cinder.api.extensions [-] Ext name: VolumeEncryptionMetadata {{(pid=127642) _check_extension /opt/stack/cinder/cinder/api/extensions.py:174}}
May 16 20:01:31 ubuntu devstack@c-api.service[127642]: DEBUG cinder.api.extensions [-] Ext alias: os-volume-encryption-metadata {{(pid=127642) _check_extension /opt/stack/cinder/cinder/api/extensions.py:175}}
May 16 20:01:31 ubuntu devstack@c-api.service[127642]: DEBUG cinder.api.extensions [-] Ext description: Volume encryption metadata retrieval support. {{(pid=127642) _check_extension /opt/stack/cinder/cinder/api/extensions.py:176}}
May 16 20:01:31 ubuntu devstack@c-api.service[127642]: DEBUG cinder.api.extensions [-] Ext updated: 2013-07-10T00:00:00+00:00 {{(pid=127642) _check_extension /opt/stack/cinder/cinder/api/extensions.py:178}}
May 16 20:01:31 ubuntu devstack@c-api.service[127642]: DEBUG cinder.api.extensions [-] Loaded extension: os-volume-encryption-metadata {{(pid=127642) register /opt/stack/cinder/cinder/api/extensions.py:135}}
May 16 20:01:31 ubuntu devstack@c-api.service[127642]: DEBUG cinder.api.extensions [-] Loading extension cinder.api.contrib.types_extra_specs.Types_extra_specs {{(pid=127642) load_extension /opt/stack/cinder/cinder/api/extensions.py:194}}
May 16 20:01:31 ubuntu devstack@c-api.service[127642]: DEBUG cinder.api.extensions [-] Calling extension factory cinder.api.contrib.types_extra_specs.Types_extra_specs {{(pid=127642) load_extension /opt/stack/cinder/cinder/api/extensions.py:200}}
May 16 20:01:31 ubuntu devstack@c-api.service[127642]: DEBUG cinder.api.extensions [-] Ext name: TypesExtraSpecs {{(pid=127642) _check_extension /opt/stack/cinder/cinder/api/extensions.py:174}}
May 16 20:01:31 ubuntu devstack@c-api.service[127642]: DEBUG cinder.api.extensions [-] Ext alias: os-types-extra-specs {{(pid=127642) _check_extension /opt/stack/cinder/cinder/api/extensions.py:175}}
May 16 20:01:31 ubuntu devstack@c-api.service[127642]: DEBUG cinder.api.extensions [-] Ext description: Type extra specs support. {{(pid=127642) _check_extension /opt/stack/cinder/cinder/api/extensions.py:176}}
May 16 20:01:31 ubuntu devstack@c-api.service[127642]: DEBUG cinder.api.extensions [-] Ext updated: 2011-08-24T00:00:00+00:00 {{(pid=127642) _check_extension /opt/stack/cinder/cinder/api/extensions.py:178}}
May 16 20:01:31 ubuntu devstack@c-api.service[127642]: DEBUG cinder.api.extensions [-] Loaded extension: os-types-extra-specs {{(pid=127642) register /opt/stack/cinder/cinder/api/extensions.py:135}}
May 16 20:01:31 ubuntu devstack@c-api.service[127642]: DEBUG cinder.api.extensions [-] Loading extension cinder.api.contrib.scheduler_stats.Scheduler_stats {{(pid=127642) load_extension /opt/stack/cinder/cinder/api/extensions.py:194}}
May 16 20:01:31 ubuntu devstack@c-api.service[127642]: DEBUG cinder.api.extensions [-] Calling extension factory cinder.api.contrib.scheduler_stats.Scheduler_stats {{(pid=127642) load_extension /opt/stack/cinder/cinder/api/extensions.py:200}}
May 16 20:01:31 ubuntu devstack@c-api.service[127642]: DEBUG cinder.api.extensions [-] Ext name: Scheduler_stats {{(pid=127642) _check_extension /opt/stack/cinder/cinder/api/extensions.py:174}}
May 16 20:01:31 ubuntu devstack@c-api.service[127642]: DEBUG cinder.api.extensions [-] Ext alias: scheduler-stats {{(pid=127642) _check_extension /opt/stack/cinder/cinder/api/extensions.py:175}}
May 16 20:01:31 ubuntu devstack@c-api.service[127642]: DEBUG cinder.api.extensions [-] Ext description: Scheduler stats support. {{(pid=127642) _check_extension /opt/stack/cinder/cinder/api/extensions.py:176}}
May 16 20:01:31 ubuntu devstack@c-api.service[127642]: DEBUG cinder.api.extensions [-] Ext updated: 2014-09-07T00:00:00+00:00 {{(pid=127642) _check_extension /opt/stack/cinder/cinder/api/extensions.py:178}}
May 16 20:01:31 ubuntu devstack@c-api.service[127642]: DEBUG cinder.api.extensions [-] Loaded extension: scheduler-stats {{(pid=127642) register /opt/stack/cinder/cinder/api/extensions.py:135}}
May 16 20:01:31 ubuntu devstack@c-api.service[127643]: DEBUG oslo_db.sqlalchemy.engines [None req-6f76bf16-d1dc-4fd0-b027-4fb1abb8bce5 None None] MySQL server mode set to STRICT_TRANS_TABLES,STRICT_ALL_TABLES,NO_ZERO_IN_DATE,NO_ZERO_DATE,ERROR_FOR_DIVISION_BY_ZERO,TRADITIONAL,NO_ENGINE_SUBSTITUTION {{(pid=127643) _check_effective_sql_mode /opt/stack/data/venv/lib/python3.12/site-packages/oslo_db/sqlalchemy/engines.py:325}}
May 16 20:01:31 ubuntu devstack@c-api.service[127642]: DEBUG oslo_db.sqlalchemy.engines [None req-d04d866d-b453-4049-b332-e779e5930e5a None None] MySQL server mode set to STRICT_TRANS_TABLES,STRICT_ALL_TABLES,NO_ZERO_IN_DATE,NO_ZERO_DATE,ERROR_FOR_DIVISION_BY_ZERO,TRADITIONAL,NO_ENGINE_SUBSTITUTION {{(pid=127642) _check_effective_sql_mode /opt/stack/data/venv/lib/python3.12/site-packages/oslo_db/sqlalchemy/engines.py:325}}
May 16 20:01:31 ubuntu devstack@c-api.service[127642]: INFO cinder.rpc [None req-d04d866d-b453-4049-b332-e779e5930e5a None None] Automatically selected cinder-scheduler objects version 1.39 as minimum service version.
May 16 20:01:31 ubuntu devstack@c-api.service[127642]: INFO cinder.rpc [None req-d04d866d-b453-4049-b332-e779e5930e5a None None] Automatically selected cinder-scheduler RPC version 3.12 as minimum service version.
May 16 20:01:31 ubuntu devstack@c-api.service[127642]: INFO cinder.rpc [None req-d04d866d-b453-4049-b332-e779e5930e5a None None] Automatically selected cinder-volume objects version 1.39 as minimum service version.
May 16 20:01:31 ubuntu devstack@c-api.service[127642]: INFO cinder.rpc [None req-d04d866d-b453-4049-b332-e779e5930e5a None None] Automatically selected cinder-volume RPC version 3.20 as minimum service version.
May 16 20:01:31 ubuntu devstack@c-api.service[127642]: WARNING stevedore.named [None req-d04d866d-b453-4049-b332-e779e5930e5a None None] Could not load cinder.keymgr.conf_key_mgr.ConfKeyManager
May 16 20:01:31 ubuntu devstack@c-api.service[127642]: WARNING castellan.key_manager [None req-d04d866d-b453-4049-b332-e779e5930e5a None None] Deprecation Warning : cinder.keymgr.conf_key_mgr.ConfKeyManager is not a stevedore based driver, trying to load it as a class: stevedore.exception.NoMatches: No 'castellan.drivers' driver found, looking for 'cinder.keymgr.conf_key_mgr.ConfKeyManager'
May 16 20:01:31 ubuntu devstack@c-api.service[127642]: WARNING cinder.keymgr.conf_key_mgr [None req-d04d866d-b453-4049-b332-e779e5930e5a None None] This key manager is insecure and is not recommended for production deployments: stevedore.exception.NoMatches: No 'castellan.drivers' driver found, looking for 'cinder.keymgr.conf_key_mgr.ConfKeyManager'
May 16 20:01:31 ubuntu devstack@c-api.service[127642]: WARNING stevedore.named [None req-d04d866d-b453-4049-b332-e779e5930e5a None None] Could not load cinder.keymgr.conf_key_mgr.ConfKeyManager
May 16 20:01:31 ubuntu devstack@c-api.service[127642]: WARNING castellan.key_manager [None req-d04d866d-b453-4049-b332-e779e5930e5a None None] Deprecation Warning : cinder.keymgr.conf_key_mgr.ConfKeyManager is not a stevedore based driver, trying to load it as a class: stevedore.exception.NoMatches: No 'castellan.drivers' driver found, looking for 'cinder.keymgr.conf_key_mgr.ConfKeyManager'
May 16 20:01:31 ubuntu devstack@c-api.service[127642]: DEBUG oslo_db.sqlalchemy.engines [None req-d04d866d-b453-4049-b332-e779e5930e5a None None] MySQL server mode set to STRICT_TRANS_TABLES,STRICT_ALL_TABLES,NO_ZERO_IN_DATE,NO_ZERO_DATE,ERROR_FOR_DIVISION_BY_ZERO,TRADITIONAL,NO_ENGINE_SUBSTITUTION {{(pid=127642) _check_effective_sql_mode /opt/stack/data/venv/lib/python3.12/site-packages/oslo_db/sqlalchemy/engines.py:325}}
May 16 20:01:31 ubuntu devstack@c-api.service[127642]: INFO cinder.rpc [None req-d04d866d-b453-4049-b332-e779e5930e5a None None] Automatically selected cinder-backup objects version 1.39 as minimum service version.
May 16 20:01:31 ubuntu devstack@c-api.service[127643]: INFO cinder.rpc [None req-6f76bf16-d1dc-4fd0-b027-4fb1abb8bce5 None None] Automatically selected cinder-scheduler objects version 1.39 as minimum service version.
May 16 20:01:31 ubuntu devstack@c-api.service[127643]: INFO cinder.rpc [None req-6f76bf16-d1dc-4fd0-b027-4fb1abb8bce5 None None] Automatically selected cinder-scheduler RPC version 3.12 as minimum service version.
May 16 20:01:31 ubuntu devstack@c-api.service[127642]: INFO cinder.rpc [None req-d04d866d-b453-4049-b332-e779e5930e5a None None] Automatically selected cinder-backup RPC version 2.4 as minimum service version.
May 16 20:01:31 ubuntu devstack@c-api.service[127642]: WARNING stevedore.named [None req-d04d866d-b453-4049-b332-e779e5930e5a None None] Could not load cinder.keymgr.conf_key_mgr.ConfKeyManager
May 16 20:01:31 ubuntu devstack@c-api.service[127642]: WARNING castellan.key_manager [None req-d04d866d-b453-4049-b332-e779e5930e5a None None] Deprecation Warning : cinder.keymgr.conf_key_mgr.ConfKeyManager is not a stevedore based driver, trying to load it as a class: stevedore.exception.NoMatches: No 'castellan.drivers' driver found, looking for 'cinder.keymgr.conf_key_mgr.ConfKeyManager'
May 16 20:01:31 ubuntu devstack@c-api.service[127643]: INFO cinder.rpc [None req-6f76bf16-d1dc-4fd0-b027-4fb1abb8bce5 None None] Automatically selected cinder-volume objects version 1.39 as minimum service version.
May 16 20:01:31 ubuntu devstack@c-api.service[127643]: INFO cinder.rpc [None req-6f76bf16-d1dc-4fd0-b027-4fb1abb8bce5 None None] Automatically selected cinder-volume RPC version 3.20 as minimum service version.
May 16 20:01:31 ubuntu devstack@c-api.service[127643]: WARNING stevedore.named [None req-6f76bf16-d1dc-4fd0-b027-4fb1abb8bce5 None None] Could not load cinder.keymgr.conf_key_mgr.ConfKeyManager
May 16 20:01:31 ubuntu devstack@c-api.service[127643]: WARNING castellan.key_manager [None req-6f76bf16-d1dc-4fd0-b027-4fb1abb8bce5 None None] Deprecation Warning : cinder.keymgr.conf_key_mgr.ConfKeyManager is not a stevedore based driver, trying to load it as a class: stevedore.exception.NoMatches: No 'castellan.drivers' driver found, looking for 'cinder.keymgr.conf_key_mgr.ConfKeyManager'
May 16 20:01:31 ubuntu devstack@c-api.service[127643]: WARNING cinder.keymgr.conf_key_mgr [None req-6f76bf16-d1dc-4fd0-b027-4fb1abb8bce5 None None] This key manager is insecure and is not recommended for production deployments: stevedore.exception.NoMatches: No 'castellan.drivers' driver found, looking for 'cinder.keymgr.conf_key_mgr.ConfKeyManager'
May 16 20:01:31 ubuntu devstack@c-api.service[127643]: WARNING stevedore.named [None req-6f76bf16-d1dc-4fd0-b027-4fb1abb8bce5 None None] Could not load cinder.keymgr.conf_key_mgr.ConfKeyManager
May 16 20:01:31 ubuntu devstack@c-api.service[127643]: WARNING castellan.key_manager [None req-6f76bf16-d1dc-4fd0-b027-4fb1abb8bce5 None None] Deprecation Warning : cinder.keymgr.conf_key_mgr.ConfKeyManager is not a stevedore based driver, trying to load it as a class: stevedore.exception.NoMatches: No 'castellan.drivers' driver found, looking for 'cinder.keymgr.conf_key_mgr.ConfKeyManager'
May 16 20:01:31 ubuntu devstack@c-api.service[127642]: WARNING stevedore.named [None req-d04d866d-b453-4049-b332-e779e5930e5a None None] Could not load cinder.keymgr.conf_key_mgr.ConfKeyManager
May 16 20:01:31 ubuntu devstack@c-api.service[127642]: WARNING castellan.key_manager [None req-d04d866d-b453-4049-b332-e779e5930e5a None None] Deprecation Warning : cinder.keymgr.conf_key_mgr.ConfKeyManager is not a stevedore based driver, trying to load it as a class: stevedore.exception.NoMatches: No 'castellan.drivers' driver found, looking for 'cinder.keymgr.conf_key_mgr.ConfKeyManager'
May 16 20:01:31 ubuntu devstack@c-api.service[127642]: WARNING stevedore.named [None req-d04d866d-b453-4049-b332-e779e5930e5a None None] Could not load cinder.keymgr.conf_key_mgr.ConfKeyManager
May 16 20:01:31 ubuntu devstack@c-api.service[127642]: WARNING castellan.key_manager [None req-d04d866d-b453-4049-b332-e779e5930e5a None None] Deprecation Warning : cinder.keymgr.conf_key_mgr.ConfKeyManager is not a stevedore based driver, trying to load it as a class: stevedore.exception.NoMatches: No 'castellan.drivers' driver found, looking for 'cinder.keymgr.conf_key_mgr.ConfKeyManager'
May 16 20:01:31 ubuntu devstack@c-api.service[127642]: WARNING stevedore.named [None req-d04d866d-b453-4049-b332-e779e5930e5a None None] Could not load cinder.keymgr.conf_key_mgr.ConfKeyManager
May 16 20:01:31 ubuntu devstack@c-api.service[127642]: WARNING castellan.key_manager [None req-d04d866d-b453-4049-b332-e779e5930e5a None None] Deprecation Warning : cinder.keymgr.conf_key_mgr.ConfKeyManager is not a stevedore based driver, trying to load it as a class: stevedore.exception.NoMatches: No 'castellan.drivers' driver found, looking for 'cinder.keymgr.conf_key_mgr.ConfKeyManager'
May 16 20:01:31 ubuntu devstack@c-api.service[127643]: DEBUG oslo_db.sqlalchemy.engines [None req-6f76bf16-d1dc-4fd0-b027-4fb1abb8bce5 None None] MySQL server mode set to STRICT_TRANS_TABLES,STRICT_ALL_TABLES,NO_ZERO_IN_DATE,NO_ZERO_DATE,ERROR_FOR_DIVISION_BY_ZERO,TRADITIONAL,NO_ENGINE_SUBSTITUTION {{(pid=127643) _check_effective_sql_mode /opt/stack/data/venv/lib/python3.12/site-packages/oslo_db/sqlalchemy/engines.py:325}}
May 16 20:01:31 ubuntu devstack@c-api.service[127642]: WARNING stevedore.named [None req-d04d866d-b453-4049-b332-e779e5930e5a None None] Could not load cinder.keymgr.conf_key_mgr.ConfKeyManager
May 16 20:01:31 ubuntu devstack@c-api.service[127642]: WARNING castellan.key_manager [None req-d04d866d-b453-4049-b332-e779e5930e5a None None] Deprecation Warning : cinder.keymgr.conf_key_mgr.ConfKeyManager is not a stevedore based driver, trying to load it as a class: stevedore.exception.NoMatches: No 'castellan.drivers' driver found, looking for 'cinder.keymgr.conf_key_mgr.ConfKeyManager'
May 16 20:01:31 ubuntu devstack@c-api.service[127642]: WARNING stevedore.named [None req-d04d866d-b453-4049-b332-e779e5930e5a None None] Could not load cinder.keymgr.conf_key_mgr.ConfKeyManager
May 16 20:01:31 ubuntu devstack@c-api.service[127643]: INFO cinder.rpc [None req-6f76bf16-d1dc-4fd0-b027-4fb1abb8bce5 None None] Automatically selected cinder-backup objects version 1.39 as minimum service version.
May 16 20:01:31 ubuntu devstack@c-api.service[127642]: WARNING castellan.key_manager [None req-d04d866d-b453-4049-b332-e779e5930e5a None None] Deprecation Warning : cinder.keymgr.conf_key_mgr.ConfKeyManager is not a stevedore based driver, trying to load it as a class: stevedore.exception.NoMatches: No 'castellan.drivers' driver found, looking for 'cinder.keymgr.conf_key_mgr.ConfKeyManager'
May 16 20:01:31 ubuntu devstack@c-api.service[127642]: WARNING stevedore.named [None req-d04d866d-b453-4049-b332-e779e5930e5a None None] Could not load cinder.keymgr.conf_key_mgr.ConfKeyManager
May 16 20:01:31 ubuntu devstack@c-api.service[127642]: WARNING castellan.key_manager [None req-d04d866d-b453-4049-b332-e779e5930e5a None None] Deprecation Warning : cinder.keymgr.conf_key_mgr.ConfKeyManager is not a stevedore based driver, trying to load it as a class: stevedore.exception.NoMatches: No 'castellan.drivers' driver found, looking for 'cinder.keymgr.conf_key_mgr.ConfKeyManager'
May 16 20:01:31 ubuntu devstack@c-api.service[127643]: INFO cinder.rpc [None req-6f76bf16-d1dc-4fd0-b027-4fb1abb8bce5 None None] Automatically selected cinder-backup RPC version 2.4 as minimum service version.
May 16 20:01:31 ubuntu devstack@c-api.service[127642]: WARNING stevedore.named [None req-d04d866d-b453-4049-b332-e779e5930e5a None None] Could not load cinder.keymgr.conf_key_mgr.ConfKeyManager
May 16 20:01:31 ubuntu devstack@c-api.service[127642]: WARNING castellan.key_manager [None req-d04d866d-b453-4049-b332-e779e5930e5a None None] Deprecation Warning : cinder.keymgr.conf_key_mgr.ConfKeyManager is not a stevedore based driver, trying to load it as a class: stevedore.exception.NoMatches: No 'castellan.drivers' driver found, looking for 'cinder.keymgr.conf_key_mgr.ConfKeyManager'
May 16 20:01:31 ubuntu devstack@c-api.service[127643]: WARNING stevedore.named [None req-6f76bf16-d1dc-4fd0-b027-4fb1abb8bce5 None None] Could not load cinder.keymgr.conf_key_mgr.ConfKeyManager
May 16 20:01:31 ubuntu devstack@c-api.service[127643]: WARNING castellan.key_manager [None req-6f76bf16-d1dc-4fd0-b027-4fb1abb8bce5 None None] Deprecation Warning : cinder.keymgr.conf_key_mgr.ConfKeyManager is not a stevedore based driver, trying to load it as a class: stevedore.exception.NoMatches: No 'castellan.drivers' driver found, looking for 'cinder.keymgr.conf_key_mgr.ConfKeyManager'
May 16 20:01:31 ubuntu devstack@c-api.service[127642]: WARNING stevedore.named [None req-d04d866d-b453-4049-b332-e779e5930e5a None None] Could not load cinder.keymgr.conf_key_mgr.ConfKeyManager
May 16 20:01:31 ubuntu devstack@c-api.service[127642]: WARNING castellan.key_manager [None req-d04d866d-b453-4049-b332-e779e5930e5a None None] Deprecation Warning : cinder.keymgr.conf_key_mgr.ConfKeyManager is not a stevedore based driver, trying to load it as a class: stevedore.exception.NoMatches: No 'castellan.drivers' driver found, looking for 'cinder.keymgr.conf_key_mgr.ConfKeyManager'
May 16 20:01:31 ubuntu devstack@c-api.service[127642]: WARNING stevedore.named [None req-d04d866d-b453-4049-b332-e779e5930e5a None None] Could not load cinder.keymgr.conf_key_mgr.ConfKeyManager
May 16 20:01:31 ubuntu devstack@c-api.service[127642]: WARNING castellan.key_manager [None req-d04d866d-b453-4049-b332-e779e5930e5a None None] Deprecation Warning : cinder.keymgr.conf_key_mgr.ConfKeyManager is not a stevedore based driver, trying to load it as a class: stevedore.exception.NoMatches: No 'castellan.drivers' driver found, looking for 'cinder.keymgr.conf_key_mgr.ConfKeyManager'
May 16 20:01:31 ubuntu devstack@c-api.service[127642]: WARNING stevedore.named [None req-d04d866d-b453-4049-b332-e779e5930e5a None None] Could not load cinder.keymgr.conf_key_mgr.ConfKeyManager
May 16 20:01:31 ubuntu devstack@c-api.service[127642]: WARNING castellan.key_manager [None req-d04d866d-b453-4049-b332-e779e5930e5a None None] Deprecation Warning : cinder.keymgr.conf_key_mgr.ConfKeyManager is not a stevedore based driver, trying to load it as a class: stevedore.exception.NoMatches: No 'castellan.drivers' driver found, looking for 'cinder.keymgr.conf_key_mgr.ConfKeyManager'
May 16 20:01:31 ubuntu devstack@c-api.service[127642]: WARNING stevedore.named [None req-d04d866d-b453-4049-b332-e779e5930e5a None None] Could not load cinder.keymgr.conf_key_mgr.ConfKeyManager
May 16 20:01:31 ubuntu devstack@c-api.service[127642]: WARNING castellan.key_manager [None req-d04d866d-b453-4049-b332-e779e5930e5a None None] Deprecation Warning : cinder.keymgr.conf_key_mgr.ConfKeyManager is not a stevedore based driver, trying to load it as a class: stevedore.exception.NoMatches: No 'castellan.drivers' driver found, looking for 'cinder.keymgr.conf_key_mgr.ConfKeyManager'
May 16 20:01:31 ubuntu devstack@c-api.service[127642]: WARNING stevedore.named [None req-d04d866d-b453-4049-b332-e779e5930e5a None None] Could not load cinder.keymgr.conf_key_mgr.ConfKeyManager
May 16 20:01:31 ubuntu devstack@c-api.service[127642]: WARNING castellan.key_manager [None req-d04d866d-b453-4049-b332-e779e5930e5a None None] Deprecation Warning : cinder.keymgr.conf_key_mgr.ConfKeyManager is not a stevedore based driver, trying to load it as a class: stevedore.exception.NoMatches: No 'castellan.drivers' driver found, looking for 'cinder.keymgr.conf_key_mgr.ConfKeyManager'
May 16 20:01:31 ubuntu devstack@c-api.service[127642]: WARNING stevedore.named [None req-d04d866d-b453-4049-b332-e779e5930e5a None None] Could not load cinder.keymgr.conf_key_mgr.ConfKeyManager
May 16 20:01:31 ubuntu devstack@c-api.service[127642]: WARNING castellan.key_manager [None req-d04d866d-b453-4049-b332-e779e5930e5a None None] Deprecation Warning : cinder.keymgr.conf_key_mgr.ConfKeyManager is not a stevedore based driver, trying to load it as a class: stevedore.exception.NoMatches: No 'castellan.drivers' driver found, looking for 'cinder.keymgr.conf_key_mgr.ConfKeyManager'
May 16 20:01:31 ubuntu devstack@c-api.service[127642]: WARNING stevedore.named [None req-d04d866d-b453-4049-b332-e779e5930e5a None None] Could not load cinder.keymgr.conf_key_mgr.ConfKeyManager
May 16 20:01:31 ubuntu devstack@c-api.service[127642]: WARNING castellan.key_manager [None req-d04d866d-b453-4049-b332-e779e5930e5a None None] Deprecation Warning : cinder.keymgr.conf_key_mgr.ConfKeyManager is not a stevedore based driver, trying to load it as a class: stevedore.exception.NoMatches: No 'castellan.drivers' driver found, looking for 'cinder.keymgr.conf_key_mgr.ConfKeyManager'
May 16 20:01:31 ubuntu devstack@c-api.service[127642]: WARNING stevedore.named [None req-d04d866d-b453-4049-b332-e779e5930e5a None None] Could not load cinder.keymgr.conf_key_mgr.ConfKeyManager
May 16 20:01:31 ubuntu devstack@c-api.service[127642]: WARNING castellan.key_manager [None req-d04d866d-b453-4049-b332-e779e5930e5a None None] Deprecation Warning : cinder.keymgr.conf_key_mgr.ConfKeyManager is not a stevedore based driver, trying to load it as a class: stevedore.exception.NoMatches: No 'castellan.drivers' driver found, looking for 'cinder.keymgr.conf_key_mgr.ConfKeyManager'
May 16 20:01:31 ubuntu devstack@c-api.service[127642]: WARNING cinder.api.contrib.hosts [None req-d04d866d-b453-4049-b332-e779e5930e5a None None] Deprecated: The Host API is deprecated and will be be removed in a future version.
May 16 20:01:31 ubuntu devstack@c-api.service[127642]: WARNING stevedore.named [None req-d04d866d-b453-4049-b332-e779e5930e5a None None] Could not load cinder.keymgr.conf_key_mgr.ConfKeyManager
May 16 20:01:31 ubuntu devstack@c-api.service[127643]: WARNING stevedore.named [None req-6f76bf16-d1dc-4fd0-b027-4fb1abb8bce5 None None] Could not load cinder.keymgr.conf_key_mgr.ConfKeyManager
May 16 20:01:31 ubuntu devstack@c-api.service[127642]: WARNING castellan.key_manager [None req-d04d866d-b453-4049-b332-e779e5930e5a None None] Deprecation Warning : cinder.keymgr.conf_key_mgr.ConfKeyManager is not a stevedore based driver, trying to load it as a class: stevedore.exception.NoMatches: No 'castellan.drivers' driver found, looking for 'cinder.keymgr.conf_key_mgr.ConfKeyManager'
May 16 20:01:31 ubuntu devstack@c-api.service[127643]: WARNING castellan.key_manager [None req-6f76bf16-d1dc-4fd0-b027-4fb1abb8bce5 None None] Deprecation Warning : cinder.keymgr.conf_key_mgr.ConfKeyManager is not a stevedore based driver, trying to load it as a class: stevedore.exception.NoMatches: No 'castellan.drivers' driver found, looking for 'cinder.keymgr.conf_key_mgr.ConfKeyManager'
May 16 20:01:31 ubuntu devstack@c-api.service[127642]: WARNING stevedore.named [None req-d04d866d-b453-4049-b332-e779e5930e5a None None] Could not load cinder.keymgr.conf_key_mgr.ConfKeyManager
May 16 20:01:31 ubuntu devstack@c-api.service[127642]: WARNING castellan.key_manager [None req-d04d866d-b453-4049-b332-e779e5930e5a None None] Deprecation Warning : cinder.keymgr.conf_key_mgr.ConfKeyManager is not a stevedore based driver, trying to load it as a class: stevedore.exception.NoMatches: No 'castellan.drivers' driver found, looking for 'cinder.keymgr.conf_key_mgr.ConfKeyManager'
May 16 20:01:31 ubuntu devstack@c-api.service[127642]: WARNING stevedore.named [None req-d04d866d-b453-4049-b332-e779e5930e5a None None] Could not load cinder.keymgr.conf_key_mgr.ConfKeyManager
May 16 20:01:31 ubuntu devstack@c-api.service[127642]: WARNING castellan.key_manager [None req-d04d866d-b453-4049-b332-e779e5930e5a None None] Deprecation Warning : cinder.keymgr.conf_key_mgr.ConfKeyManager is not a stevedore based driver, trying to load it as a class: stevedore.exception.NoMatches: No 'castellan.drivers' driver found, looking for 'cinder.keymgr.conf_key_mgr.ConfKeyManager'
May 16 20:01:31 ubuntu devstack@c-api.service[127642]: WARNING stevedore.named [None req-d04d866d-b453-4049-b332-e779e5930e5a None None] Could not load cinder.keymgr.conf_key_mgr.ConfKeyManager
May 16 20:01:31 ubuntu devstack@c-api.service[127642]: WARNING castellan.key_manager [None req-d04d866d-b453-4049-b332-e779e5930e5a None None] Deprecation Warning : cinder.keymgr.conf_key_mgr.ConfKeyManager is not a stevedore based driver, trying to load it as a class: stevedore.exception.NoMatches: No 'castellan.drivers' driver found, looking for 'cinder.keymgr.conf_key_mgr.ConfKeyManager'
May 16 20:01:31 ubuntu devstack@c-api.service[127643]: WARNING stevedore.named [None req-6f76bf16-d1dc-4fd0-b027-4fb1abb8bce5 None None] Could not load cinder.keymgr.conf_key_mgr.ConfKeyManager
May 16 20:01:31 ubuntu devstack@c-api.service[127642]: WARNING stevedore.named [None req-d04d866d-b453-4049-b332-e779e5930e5a None None] Could not load cinder.keymgr.conf_key_mgr.ConfKeyManager
May 16 20:01:31 ubuntu devstack@c-api.service[127643]: WARNING castellan.key_manager [None req-6f76bf16-d1dc-4fd0-b027-4fb1abb8bce5 None None] Deprecation Warning : cinder.keymgr.conf_key_mgr.ConfKeyManager is not a stevedore based driver, trying to load it as a class: stevedore.exception.NoMatches: No 'castellan.drivers' driver found, looking for 'cinder.keymgr.conf_key_mgr.ConfKeyManager'
May 16 20:01:31 ubuntu devstack@c-api.service[127642]: WARNING castellan.key_manager [None req-d04d866d-b453-4049-b332-e779e5930e5a None None] Deprecation Warning : cinder.keymgr.conf_key_mgr.ConfKeyManager is not a stevedore based driver, trying to load it as a class: stevedore.exception.NoMatches: No 'castellan.drivers' driver found, looking for 'cinder.keymgr.conf_key_mgr.ConfKeyManager'
May 16 20:01:31 ubuntu devstack@c-api.service[127642]: WARNING stevedore.named [None req-d04d866d-b453-4049-b332-e779e5930e5a None None] Could not load cinder.keymgr.conf_key_mgr.ConfKeyManager
May 16 20:01:31 ubuntu devstack@c-api.service[127642]: WARNING castellan.key_manager [None req-d04d866d-b453-4049-b332-e779e5930e5a None None] Deprecation Warning : cinder.keymgr.conf_key_mgr.ConfKeyManager is not a stevedore based driver, trying to load it as a class: stevedore.exception.NoMatches: No 'castellan.drivers' driver found, looking for 'cinder.keymgr.conf_key_mgr.ConfKeyManager'
May 16 20:01:31 ubuntu devstack@c-api.service[127642]: DEBUG cinder.api.v3.router [None req-d04d866d-b453-4049-b332-e779e5930e5a None None] Extended resource: extensions {{(pid=127642) _setup_ext_routes /opt/stack/cinder/cinder/api/v3/router.py:122}}
May 16 20:01:31 ubuntu devstack@c-api.service[127642]: DEBUG cinder.api.v3.router [None req-d04d866d-b453-4049-b332-e779e5930e5a None None] Extended resource: os-volume-transfer {{(pid=127642) _setup_ext_routes /opt/stack/cinder/cinder/api/v3/router.py:122}}
May 16 20:01:31 ubuntu devstack@c-api.service[127642]: DEBUG cinder.api.v3.router [None req-d04d866d-b453-4049-b332-e779e5930e5a None None] Extended resource: cgsnapshots {{(pid=127642) _setup_ext_routes /opt/stack/cinder/cinder/api/v3/router.py:122}}
May 16 20:01:31 ubuntu devstack@c-api.service[127642]: DEBUG cinder.api.v3.router [None req-d04d866d-b453-4049-b332-e779e5930e5a None None] Extended resource: encryption {{(pid=127642) _setup_ext_routes /opt/stack/cinder/cinder/api/v3/router.py:122}}
May 16 20:01:31 ubuntu devstack@c-api.service[127643]: WARNING stevedore.named [None req-6f76bf16-d1dc-4fd0-b027-4fb1abb8bce5 None None] Could not load cinder.keymgr.conf_key_mgr.ConfKeyManager
May 16 20:01:31 ubuntu devstack@c-api.service[127642]: DEBUG cinder.api.v3.router [None req-d04d866d-b453-4049-b332-e779e5930e5a None None] Extended resource: os-hosts {{(pid=127642) _setup_ext_routes /opt/stack/cinder/cinder/api/v3/router.py:122}}
May 16 20:01:31 ubuntu devstack@c-api.service[127643]: WARNING castellan.key_manager [None req-6f76bf16-d1dc-4fd0-b027-4fb1abb8bce5 None None] Deprecation Warning : cinder.keymgr.conf_key_mgr.ConfKeyManager is not a stevedore based driver, trying to load it as a class: stevedore.exception.NoMatches: No 'castellan.drivers' driver found, looking for 'cinder.keymgr.conf_key_mgr.ConfKeyManager'
May 16 20:01:31 ubuntu devstack@c-api.service[127642]: DEBUG cinder.api.v3.router [None req-d04d866d-b453-4049-b332-e779e5930e5a None None] Extended resource: os-volume-manage {{(pid=127642) _setup_ext_routes /opt/stack/cinder/cinder/api/v3/router.py:122}}
May 16 20:01:31 ubuntu devstack@c-api.service[127642]: DEBUG cinder.api.v3.router [None req-d04d866d-b453-4049-b332-e779e5930e5a None None] Extended resource: os-quota-sets {{(pid=127642) _setup_ext_routes /opt/stack/cinder/cinder/api/v3/router.py:122}}
May 16 20:01:31 ubuntu devstack@c-api.service[127642]: DEBUG cinder.api.v3.router [None req-d04d866d-b453-4049-b332-e779e5930e5a None None] Extended resource: os-volume-type-access {{(pid=127642) _setup_ext_routes /opt/stack/cinder/cinder/api/v3/router.py:122}}
May 16 20:01:31 ubuntu devstack@c-api.service[127642]: DEBUG cinder.api.v3.router [None req-d04d866d-b453-4049-b332-e779e5930e5a None None] Extended resource: os-availability-zone {{(pid=127642) _setup_ext_routes /opt/stack/cinder/cinder/api/v3/router.py:122}}
May 16 20:01:31 ubuntu devstack@c-api.service[127642]: DEBUG cinder.api.v3.router [None req-d04d866d-b453-4049-b332-e779e5930e5a None None] Extended resource: capabilities {{(pid=127642) _setup_ext_routes /opt/stack/cinder/cinder/api/v3/router.py:122}}
May 16 20:01:31 ubuntu devstack@c-api.service[127643]: WARNING stevedore.named [None req-6f76bf16-d1dc-4fd0-b027-4fb1abb8bce5 None None] Could not load cinder.keymgr.conf_key_mgr.ConfKeyManager
May 16 20:01:31 ubuntu devstack@c-api.service[127642]: DEBUG cinder.api.v3.router [None req-d04d866d-b453-4049-b332-e779e5930e5a None None] Extended resource: os-quota-class-sets {{(pid=127642) _setup_ext_routes /opt/stack/cinder/cinder/api/v3/router.py:122}}
May 16 20:01:31 ubuntu devstack@c-api.service[127643]: WARNING castellan.key_manager [None req-6f76bf16-d1dc-4fd0-b027-4fb1abb8bce5 None None] Deprecation Warning : cinder.keymgr.conf_key_mgr.ConfKeyManager is not a stevedore based driver, trying to load it as a class: stevedore.exception.NoMatches: No 'castellan.drivers' driver found, looking for 'cinder.keymgr.conf_key_mgr.ConfKeyManager'
May 16 20:01:31 ubuntu devstack@c-api.service[127642]: DEBUG cinder.api.v3.router [None req-d04d866d-b453-4049-b332-e779e5930e5a None None] Extended resource: consistencygroups {{(pid=127642) _setup_ext_routes /opt/stack/cinder/cinder/api/v3/router.py:122}}
May 16 20:01:31 ubuntu devstack@c-api.service[127642]: DEBUG cinder.api.v3.router [None req-d04d866d-b453-4049-b332-e779e5930e5a None None] Extended resource: qos-specs {{(pid=127642) _setup_ext_routes /opt/stack/cinder/cinder/api/v3/router.py:122}}
May 16 20:01:31 ubuntu devstack@c-api.service[127643]: WARNING stevedore.named [None req-6f76bf16-d1dc-4fd0-b027-4fb1abb8bce5 None None] Could not load cinder.keymgr.conf_key_mgr.ConfKeyManager
May 16 20:01:31 ubuntu devstack@c-api.service[127642]: DEBUG cinder.api.v3.router [None req-d04d866d-b453-4049-b332-e779e5930e5a None None] Extended resource: backups {{(pid=127642) _setup_ext_routes /opt/stack/cinder/cinder/api/v3/router.py:122}}
May 16 20:01:31 ubuntu devstack@c-api.service[127643]: WARNING castellan.key_manager [None req-6f76bf16-d1dc-4fd0-b027-4fb1abb8bce5 None None] Deprecation Warning : cinder.keymgr.conf_key_mgr.ConfKeyManager is not a stevedore based driver, trying to load it as a class: stevedore.exception.NoMatches: No 'castellan.drivers' driver found, looking for 'cinder.keymgr.conf_key_mgr.ConfKeyManager'
May 16 20:01:31 ubuntu devstack@c-api.service[127642]: DEBUG cinder.api.v3.router [None req-d04d866d-b453-4049-b332-e779e5930e5a None None] Extended resource: os-snapshot-manage {{(pid=127642) _setup_ext_routes /opt/stack/cinder/cinder/api/v3/router.py:122}}
May 16 20:01:31 ubuntu devstack@c-api.service[127642]: DEBUG cinder.api.v3.router [None req-d04d866d-b453-4049-b332-e779e5930e5a None None] Extended resource: encryption {{(pid=127642) _setup_ext_routes /opt/stack/cinder/cinder/api/v3/router.py:122}}
May 16 20:01:31 ubuntu devstack@c-api.service[127642]: DEBUG cinder.api.v3.router [None req-d04d866d-b453-4049-b332-e779e5930e5a None None] Extended resource: extra_specs {{(pid=127642) _setup_ext_routes /opt/stack/cinder/cinder/api/v3/router.py:122}}
May 16 20:01:31 ubuntu devstack@c-api.service[127643]: WARNING stevedore.named [None req-6f76bf16-d1dc-4fd0-b027-4fb1abb8bce5 None None] Could not load cinder.keymgr.conf_key_mgr.ConfKeyManager
May 16 20:01:31 ubuntu devstack@c-api.service[127643]: WARNING castellan.key_manager [None req-6f76bf16-d1dc-4fd0-b027-4fb1abb8bce5 None None] Deprecation Warning : cinder.keymgr.conf_key_mgr.ConfKeyManager is not a stevedore based driver, trying to load it as a class: stevedore.exception.NoMatches: No 'castellan.drivers' driver found, looking for 'cinder.keymgr.conf_key_mgr.ConfKeyManager'
May 16 20:01:31 ubuntu devstack@c-api.service[127642]: DEBUG cinder.api.v3.router [None req-d04d866d-b453-4049-b332-e779e5930e5a None None] Extended resource: scheduler-stats {{(pid=127642) _setup_ext_routes /opt/stack/cinder/cinder/api/v3/router.py:122}}
May 16 20:01:32 ubuntu devstack@c-api.service[127642]: WARNING stevedore.named [None req-d04d866d-b453-4049-b332-e779e5930e5a None None] Could not load cinder.keymgr.conf_key_mgr.ConfKeyManager
May 16 20:01:32 ubuntu devstack@c-api.service[127642]: WARNING castellan.key_manager [None req-d04d866d-b453-4049-b332-e779e5930e5a None None] Deprecation Warning : cinder.keymgr.conf_key_mgr.ConfKeyManager is not a stevedore based driver, trying to load it as a class: stevedore.exception.NoMatches: No 'castellan.drivers' driver found, looking for 'cinder.keymgr.conf_key_mgr.ConfKeyManager'
May 16 20:01:32 ubuntu devstack@c-api.service[127642]: WARNING stevedore.named [None req-d04d866d-b453-4049-b332-e779e5930e5a None None] Could not load cinder.keymgr.conf_key_mgr.ConfKeyManager
May 16 20:01:32 ubuntu devstack@c-api.service[127642]: WARNING castellan.key_manager [None req-d04d866d-b453-4049-b332-e779e5930e5a None None] Deprecation Warning : cinder.keymgr.conf_key_mgr.ConfKeyManager is not a stevedore based driver, trying to load it as a class: stevedore.exception.NoMatches: No 'castellan.drivers' driver found, looking for 'cinder.keymgr.conf_key_mgr.ConfKeyManager'
May 16 20:01:32 ubuntu devstack@c-api.service[127643]: WARNING stevedore.named [None req-6f76bf16-d1dc-4fd0-b027-4fb1abb8bce5 None None] Could not load cinder.keymgr.conf_key_mgr.ConfKeyManager
May 16 20:01:32 ubuntu devstack@c-api.service[127642]: WARNING stevedore.named [None req-d04d866d-b453-4049-b332-e779e5930e5a None None] Could not load cinder.keymgr.conf_key_mgr.ConfKeyManager
May 16 20:01:32 ubuntu devstack@c-api.service[127642]: WARNING castellan.key_manager [None req-d04d866d-b453-4049-b332-e779e5930e5a None None] Deprecation Warning : cinder.keymgr.conf_key_mgr.ConfKeyManager is not a stevedore based driver, trying to load it as a class: stevedore.exception.NoMatches: No 'castellan.drivers' driver found, looking for 'cinder.keymgr.conf_key_mgr.ConfKeyManager'
May 16 20:01:32 ubuntu devstack@c-api.service[127643]: WARNING castellan.key_manager [None req-6f76bf16-d1dc-4fd0-b027-4fb1abb8bce5 None None] Deprecation Warning : cinder.keymgr.conf_key_mgr.ConfKeyManager is not a stevedore based driver, trying to load it as a class: stevedore.exception.NoMatches: No 'castellan.drivers' driver found, looking for 'cinder.keymgr.conf_key_mgr.ConfKeyManager'
May 16 20:01:32 ubuntu devstack@c-api.service[127642]: DEBUG cinder.api.contrib.snapshot_actions [None req-d04d866d-b453-4049-b332-e779e5930e5a None None] SnapshotActionsController initialized {{(pid=127642) __init__ /opt/stack/cinder/cinder/api/contrib/snapshot_actions.py:33}}
May 16 20:01:32 ubuntu devstack@c-api.service[127642]: WARNING stevedore.named [None req-d04d866d-b453-4049-b332-e779e5930e5a None None] Could not load cinder.keymgr.conf_key_mgr.ConfKeyManager
May 16 20:01:32 ubuntu devstack@c-api.service[127642]: WARNING castellan.key_manager [None req-d04d866d-b453-4049-b332-e779e5930e5a None None] Deprecation Warning : cinder.keymgr.conf_key_mgr.ConfKeyManager is not a stevedore based driver, trying to load it as a class: stevedore.exception.NoMatches: No 'castellan.drivers' driver found, looking for 'cinder.keymgr.conf_key_mgr.ConfKeyManager'
May 16 20:01:32 ubuntu devstack@c-api.service[127642]: WARNING stevedore.named [None req-d04d866d-b453-4049-b332-e779e5930e5a None None] Could not load cinder.keymgr.conf_key_mgr.ConfKeyManager
May 16 20:01:32 ubuntu devstack@c-api.service[127642]: WARNING castellan.key_manager [None req-d04d866d-b453-4049-b332-e779e5930e5a None None] Deprecation Warning : cinder.keymgr.conf_key_mgr.ConfKeyManager is not a stevedore based driver, trying to load it as a class: stevedore.exception.NoMatches: No 'castellan.drivers' driver found, looking for 'cinder.keymgr.conf_key_mgr.ConfKeyManager'
May 16 20:01:32 ubuntu devstack@c-api.service[127642]: WARNING stevedore.named [None req-d04d866d-b453-4049-b332-e779e5930e5a None None] Could not load cinder.keymgr.conf_key_mgr.ConfKeyManager
May 16 20:01:32 ubuntu devstack@c-api.service[127642]: WARNING castellan.key_manager [None req-d04d866d-b453-4049-b332-e779e5930e5a None None] Deprecation Warning : cinder.keymgr.conf_key_mgr.ConfKeyManager is not a stevedore based driver, trying to load it as a class: stevedore.exception.NoMatches: No 'castellan.drivers' driver found, looking for 'cinder.keymgr.conf_key_mgr.ConfKeyManager'
May 16 20:01:32 ubuntu devstack@c-api.service[127642]: WARNING stevedore.named [None req-d04d866d-b453-4049-b332-e779e5930e5a None None] Could not load cinder.keymgr.conf_key_mgr.ConfKeyManager
May 16 20:01:32 ubuntu devstack@c-api.service[127642]: WARNING castellan.key_manager [None req-d04d866d-b453-4049-b332-e779e5930e5a None None] Deprecation Warning : cinder.keymgr.conf_key_mgr.ConfKeyManager is not a stevedore based driver, trying to load it as a class: stevedore.exception.NoMatches: No 'castellan.drivers' driver found, looking for 'cinder.keymgr.conf_key_mgr.ConfKeyManager'
May 16 20:01:32 ubuntu devstack@c-api.service[127642]: DEBUG cinder.api.v3.router [None req-d04d866d-b453-4049-b332-e779e5930e5a None None] Extension VolumeTypeEncryption extending resource: types {{(pid=127642) _setup_extensions /opt/stack/cinder/cinder/api/v3/router.py:155}}
May 16 20:01:32 ubuntu devstack@c-api.service[127642]: DEBUG cinder.api.v3.router [None req-d04d866d-b453-4049-b332-e779e5930e5a None None] Extension UsedLimits extending resource: limits {{(pid=127642) _setup_extensions /opt/stack/cinder/cinder/api/v3/router.py:155}}
May 16 20:01:32 ubuntu devstack@c-api.service[127642]: DEBUG cinder.api.v3.router [None req-d04d866d-b453-4049-b332-e779e5930e5a None None] Extension SnapshotUnmanage extending resource: snapshots {{(pid=127642) _setup_extensions /opt/stack/cinder/cinder/api/v3/router.py:155}}
May 16 20:01:32 ubuntu devstack@c-api.service[127643]: WARNING stevedore.named [None req-6f76bf16-d1dc-4fd0-b027-4fb1abb8bce5 None None] Could not load cinder.keymgr.conf_key_mgr.ConfKeyManager
May 16 20:01:32 ubuntu devstack@c-api.service[127642]: DEBUG cinder.api.v3.router [None req-d04d866d-b453-4049-b332-e779e5930e5a None None] Extension VolumeActions extending resource: volumes {{(pid=127642) _setup_extensions /opt/stack/cinder/cinder/api/v3/router.py:155}}
May 16 20:01:32 ubuntu devstack@c-api.service[127642]: DEBUG cinder.api.v3.router [None req-d04d866d-b453-4049-b332-e779e5930e5a None None] Extension VolumeTypeAccess extending resource: types {{(pid=127642) _setup_extensions /opt/stack/cinder/cinder/api/v3/router.py:155}}
May 16 20:01:32 ubuntu devstack@c-api.service[127643]: WARNING castellan.key_manager [None req-6f76bf16-d1dc-4fd0-b027-4fb1abb8bce5 None None] Deprecation Warning : cinder.keymgr.conf_key_mgr.ConfKeyManager is not a stevedore based driver, trying to load it as a class: stevedore.exception.NoMatches: No 'castellan.drivers' driver found, looking for 'cinder.keymgr.conf_key_mgr.ConfKeyManager'
May 16 20:01:32 ubuntu devstack@c-api.service[127642]: DEBUG cinder.api.v3.router [None req-d04d866d-b453-4049-b332-e779e5930e5a None None] Extension VolumeUnmanage extending resource: volumes {{(pid=127642) _setup_extensions /opt/stack/cinder/cinder/api/v3/router.py:155}}
May 16 20:01:32 ubuntu devstack@c-api.service[127642]: DEBUG cinder.api.v3.router [None req-d04d866d-b453-4049-b332-e779e5930e5a None None] Extension VolumeTenantAttribute extending resource: volumes {{(pid=127642) _setup_extensions /opt/stack/cinder/cinder/api/v3/router.py:155}}
May 16 20:01:32 ubuntu devstack@c-api.service[127642]: DEBUG cinder.api.v3.router [None req-d04d866d-b453-4049-b332-e779e5930e5a None None] Extension SnapshotActions extending resource: snapshots {{(pid=127642) _setup_extensions /opt/stack/cinder/cinder/api/v3/router.py:155}}
May 16 20:01:32 ubuntu devstack@c-api.service[127642]: DEBUG cinder.api.v3.router [None req-d04d866d-b453-4049-b332-e779e5930e5a None None] Extension VolumeHostAttribute extending resource: volumes {{(pid=127642) _setup_extensions /opt/stack/cinder/cinder/api/v3/router.py:155}}
May 16 20:01:32 ubuntu devstack@c-api.service[127642]: DEBUG cinder.api.v3.router [None req-d04d866d-b453-4049-b332-e779e5930e5a None None] Extension VolumeImageMetadata extending resource: volumes {{(pid=127642) _setup_extensions /opt/stack/cinder/cinder/api/v3/router.py:155}}
May 16 20:01:32 ubuntu devstack@c-api.service[127642]: DEBUG cinder.api.v3.router [None req-d04d866d-b453-4049-b332-e779e5930e5a None None] Extension ExtendedSnapshotAttributes extending resource: snapshots {{(pid=127642) _setup_extensions /opt/stack/cinder/cinder/api/v3/router.py:155}}
May 16 20:01:32 ubuntu devstack@c-api.service[127642]: DEBUG cinder.api.v3.router [None req-d04d866d-b453-4049-b332-e779e5930e5a None None] Extension AdminActions extending resource: volumes {{(pid=127642) _setup_extensions /opt/stack/cinder/cinder/api/v3/router.py:155}}
May 16 20:01:32 ubuntu devstack@c-api.service[127642]: DEBUG cinder.api.v3.router [None req-d04d866d-b453-4049-b332-e779e5930e5a None None] Extension AdminActions extending resource: snapshots {{(pid=127642) _setup_extensions /opt/stack/cinder/cinder/api/v3/router.py:155}}
May 16 20:01:32 ubuntu devstack@c-api.service[127642]: DEBUG cinder.api.v3.router [None req-d04d866d-b453-4049-b332-e779e5930e5a None None] Extension AdminActions extending resource: backups {{(pid=127642) _setup_extensions /opt/stack/cinder/cinder/api/v3/router.py:155}}
May 16 20:01:32 ubuntu devstack@c-api.service[127642]: DEBUG cinder.api.v3.router [None req-d04d866d-b453-4049-b332-e779e5930e5a None None] Extension TypesManage extending resource: types {{(pid=127642) _setup_extensions /opt/stack/cinder/cinder/api/v3/router.py:155}}
May 16 20:01:32 ubuntu devstack@c-api.service[127642]: DEBUG cinder.api.v3.router [None req-d04d866d-b453-4049-b332-e779e5930e5a None None] Extension VolumeMigStatusAttribute extending resource: volumes {{(pid=127642) _setup_extensions /opt/stack/cinder/cinder/api/v3/router.py:155}}
May 16 20:01:32 ubuntu devstack@c-api.service[127643]: WARNING stevedore.named [None req-6f76bf16-d1dc-4fd0-b027-4fb1abb8bce5 None None] Could not load cinder.keymgr.conf_key_mgr.ConfKeyManager
May 16 20:01:32 ubuntu devstack@c-api.service[127642]: WARNING keystonemiddleware.auth_token [None req-d04d866d-b453-4049-b332-e779e5930e5a None None] AuthToken middleware is set with keystone_authtoken.service_token_roles_required set to False. This is backwards compatible but deprecated behaviour. Please set this to True.
May 16 20:01:32 ubuntu devstack@c-api.service[127643]: WARNING castellan.key_manager [None req-6f76bf16-d1dc-4fd0-b027-4fb1abb8bce5 None None] Deprecation Warning : cinder.keymgr.conf_key_mgr.ConfKeyManager is not a stevedore based driver, trying to load it as a class: stevedore.exception.NoMatches: No 'castellan.drivers' driver found, looking for 'cinder.keymgr.conf_key_mgr.ConfKeyManager'
May 16 20:01:32 ubuntu devstack@c-api.service[127643]: WARNING stevedore.named [None req-6f76bf16-d1dc-4fd0-b027-4fb1abb8bce5 None None] Could not load cinder.keymgr.conf_key_mgr.ConfKeyManager
May 16 20:01:32 ubuntu devstack@c-api.service[127642]: WARNING keystonemiddleware.auth_token [None req-d04d866d-b453-4049-b332-e779e5930e5a None None] Configuring www_authenticate_uri to point to the public identity endpoint is required; clients may not be able to authenticate against an admin endpoint
May 16 20:01:32 ubuntu devstack@c-api.service[127643]: WARNING castellan.key_manager [None req-6f76bf16-d1dc-4fd0-b027-4fb1abb8bce5 None None] Deprecation Warning : cinder.keymgr.conf_key_mgr.ConfKeyManager is not a stevedore based driver, trying to load it as a class: stevedore.exception.NoMatches: No 'castellan.drivers' driver found, looking for 'cinder.keymgr.conf_key_mgr.ConfKeyManager'
May 16 20:01:32 ubuntu devstack@c-api.service[127642]: WSGI app 0 (mountpoint='') ready in 3 seconds on interpreter 0x78ea6a4a3668 pid: 127642 (default app)
May 16 20:01:32 ubuntu devstack@c-api.service[127643]: WARNING stevedore.named [None req-6f76bf16-d1dc-4fd0-b027-4fb1abb8bce5 None None] Could not load cinder.keymgr.conf_key_mgr.ConfKeyManager
May 16 20:01:32 ubuntu devstack@c-api.service[127643]: WARNING castellan.key_manager [None req-6f76bf16-d1dc-4fd0-b027-4fb1abb8bce5 None None] Deprecation Warning : cinder.keymgr.conf_key_mgr.ConfKeyManager is not a stevedore based driver, trying to load it as a class: stevedore.exception.NoMatches: No 'castellan.drivers' driver found, looking for 'cinder.keymgr.conf_key_mgr.ConfKeyManager'
May 16 20:01:32 ubuntu devstack@c-api.service[127643]: WARNING stevedore.named [None req-6f76bf16-d1dc-4fd0-b027-4fb1abb8bce5 None None] Could not load cinder.keymgr.conf_key_mgr.ConfKeyManager
