Jun 01 18:46:03 ubuntu cinder-volume[127232]: DEBUG oslo_service.backend._eventlet.service [None req-d12cb5a3-ddce-44a3-b13d-399879bab749 None None] vault.kv_mountpoint            = secret {{(pid=127232) log_opt_values /opt/stack/data/venv/lib/python3.12/site-packages/oslo_config/cfg.py:3256}}
Jun 01 18:46:03 ubuntu cinder-volume[127232]: DEBUG oslo_service.backend._eventlet.service [None req-d12cb5a3-ddce-44a3-b13d-399879bab749 None None] vault.kv_path                  = None {{(pid=127232) log_opt_values /opt/stack/data/venv/lib/python3.12/site-packages/oslo_config/cfg.py:3256}}
Jun 01 18:46:03 ubuntu cinder-volume[127232]: DEBUG oslo_service.backend._eventlet.service [None req-d12cb5a3-ddce-44a3-b13d-399879bab749 None None] vault.kv_version               = 2 {{(pid=127232) log_opt_values /opt/stack/data/venv/lib/python3.12/site-packages/oslo_config/cfg.py:3256}}
Jun 01 18:46:03 ubuntu cinder-volume[127232]: DEBUG oslo_service.backend._eventlet.service [None req-d12cb5a3-ddce-44a3-b13d-399879bab749 None None] vault.namespace                = None {{(pid=127232) log_opt_values /opt/stack/data/venv/lib/python3.12/site-packages/oslo_config/cfg.py:3256}}
Jun 01 18:46:03 ubuntu cinder-volume[127232]: DEBUG oslo_service.backend._eventlet.service [None req-d12cb5a3-ddce-44a3-b13d-399879bab749 None None] vault.root_token_id            = **** {{(pid=127232) log_opt_values /opt/stack/data/venv/lib/python3.12/site-packages/oslo_config/cfg.py:3256}}
Jun 01 18:46:03 ubuntu cinder-volume[127232]: DEBUG oslo_service.backend._eventlet.service [None req-d12cb5a3-ddce-44a3-b13d-399879bab749 None None] vault.ssl_ca_crt_file          = None {{(pid=127232) log_opt_values /opt/stack/data/venv/lib/python3.12/site-packages/oslo_config/cfg.py:3256}}
Jun 01 18:46:03 ubuntu cinder-volume[127232]: DEBUG oslo_service.backend._eventlet.service [None req-d12cb5a3-ddce-44a3-b13d-399879bab749 None None] vault.timeout                  = 60.0 {{(pid=127232) log_opt_values /opt/stack/data/venv/lib/python3.12/site-packages/oslo_config/cfg.py:3256}}
Jun 01 18:46:03 ubuntu cinder-volume[127232]: DEBUG oslo_service.backend._eventlet.service [None req-d12cb5a3-ddce-44a3-b13d-399879bab749 None None] vault.use_ssl                  = False {{(pid=127232) log_opt_values /opt/stack/data/venv/lib/python3.12/site-packages/oslo_config/cfg.py:3256}}
Jun 01 18:46:03 ubuntu cinder-volume[127232]: DEBUG oslo_service.backend._eventlet.service [None req-d12cb5a3-ddce-44a3-b13d-399879bab749 None None] vault.vault_url                = http://127.0.0.1:8200 {{(pid=127232) log_opt_values /opt/stack/data/venv/lib/python3.12/site-packages/oslo_config/cfg.py:3256}}
Jun 01 18:46:03 ubuntu cinder-volume[127232]: DEBUG oslo_service.backend._eventlet.service [None req-d12cb5a3-ddce-44a3-b13d-399879bab749 None None] fc-zone-manager.enable_unsupported_driver = False {{(pid=127232) log_opt_values /opt/stack/data/venv/lib/python3.12/site-packages/oslo_config/cfg.py:3256}}
Jun 01 18:46:03 ubuntu cinder-volume[127232]: DEBUG oslo_service.backend._eventlet.service [None req-d12cb5a3-ddce-44a3-b13d-399879bab749 None None] fc-zone-manager.fc_fabric_names = None {{(pid=127232) log_opt_values /opt/stack/data/venv/lib/python3.12/site-packages/oslo_config/cfg.py:3256}}
Jun 01 18:46:03 ubuntu cinder-volume[127232]: DEBUG oslo_service.backend._eventlet.service [None req-d12cb5a3-ddce-44a3-b13d-399879bab749 None None] fc-zone-manager.fc_san_lookup_service = cinder.zonemanager.drivers.brocade.brcd_fc_san_lookup_service.BrcdFCSanLookupService {{(pid=127232) log_opt_values /opt/stack/data/venv/lib/python3.12/site-packages/oslo_config/cfg.py:3256}}
Jun 01 18:46:03 ubuntu cinder-volume[127232]: DEBUG oslo_service.backend._eventlet.service [None req-d12cb5a3-ddce-44a3-b13d-399879bab749 None None] fc-zone-manager.zone_driver    = cinder.zonemanager.drivers.brocade.brcd_fc_zone_driver.BrcdFCZoneDriver {{(pid=127232) log_opt_values /opt/stack/data/venv/lib/python3.12/site-packages/oslo_config/cfg.py:3256}}
Jun 01 18:46:03 ubuntu cinder-volume[127232]: DEBUG oslo_service.backend._eventlet.service [None req-d12cb5a3-ddce-44a3-b13d-399879bab749 None None] fc-zone-manager.zoning_policy  = initiator-target {{(pid=127232) log_opt_values /opt/stack/data/venv/lib/python3.12/site-packages/oslo_config/cfg.py:3256}}
Jun 01 18:46:03 ubuntu cinder-volume[127232]: DEBUG oslo_service.backend._eventlet.service [None req-d12cb5a3-ddce-44a3-b13d-399879bab749 None None] arcusfc2.backend_availability_zone = None {{(pid=127232) log_opt_values /opt/stack/data/venv/lib/python3.12/site-packages/oslo_config/cfg.py:3256}}
Jun 01 18:46:03 ubuntu cinder-volume[127232]: DEBUG oslo_service.backend._eventlet.service [None req-d12cb5a3-ddce-44a3-b13d-399879bab749 None None] arcusfc2.backend_host          = None {{(pid=127232) log_opt_values /opt/stack/data/venv/lib/python3.12/site-packages/oslo_config/cfg.py:3256}}
Jun 01 18:46:03 ubuntu cinder-volume[127232]: DEBUG oslo_service.backend._eventlet.service [None req-d12cb5a3-ddce-44a3-b13d-399879bab749 None None] arcusfc2.backend_native_threads_pool_size = None {{(pid=127232) log_opt_values /opt/stack/data/venv/lib/python3.12/site-packages/oslo_config/cfg.py:3256}}
Jun 01 18:46:03 ubuntu cinder-volume[127232]: DEBUG oslo_service.backend._eventlet.service [None req-d12cb5a3-ddce-44a3-b13d-399879bab749 None None] arcusfc2.backup_use_temp_snapshot = None {{(pid=127232) log_opt_values /opt/stack/data/venv/lib/python3.12/site-packages/oslo_config/cfg.py:3256}}
Jun 01 18:46:03 ubuntu cinder-volume[127232]: DEBUG oslo_service.backend._eventlet.service [None req-d12cb5a3-ddce-44a3-b13d-399879bab749 None None] arcusfc2.chap_password         = **** {{(pid=127232) log_opt_values /opt/stack/data/venv/lib/python3.12/site-packages/oslo_config/cfg.py:3256}}
Jun 01 18:46:03 ubuntu cinder-volume[127232]: DEBUG oslo_service.backend._eventlet.service [None req-d12cb5a3-ddce-44a3-b13d-399879bab749 None None] arcusfc2.chap_username         = None {{(pid=127232) log_opt_values /opt/stack/data/venv/lib/python3.12/site-packages/oslo_config/cfg.py:3256}}
Jun 01 18:46:03 ubuntu cinder-volume[127232]: DEBUG oslo_service.backend._eventlet.service [None req-d12cb5a3-ddce-44a3-b13d-399879bab749 None None] arcusfc2.chiscsi_conf          = None {{(pid=127232) log_opt_values /opt/stack/data/venv/lib/python3.12/site-packages/oslo_config/cfg.py:3256}}
Jun 01 18:46:03 ubuntu cinder-volume[127232]: DEBUG oslo_service.backend._eventlet.service [None req-d12cb5a3-ddce-44a3-b13d-399879bab749 None None] arcusfc2.disk_geometry         = None {{(pid=127232) log_opt_values /opt/stack/data/venv/lib/python3.12/site-packages/oslo_config/cfg.py:3256}}
Jun 01 18:46:03 ubuntu cinder-volume[127232]: DEBUG oslo_service.backend._eventlet.service [None req-d12cb5a3-ddce-44a3-b13d-399879bab749 None None] arcusfc2.driver_client_cert    = None {{(pid=127232) log_opt_values /opt/stack/data/venv/lib/python3.12/site-packages/oslo_config/cfg.py:3256}}
Jun 01 18:46:03 ubuntu cinder-volume[127232]: DEBUG oslo_service.backend._eventlet.service [None req-d12cb5a3-ddce-44a3-b13d-399879bab749 None None] arcusfc2.driver_client_cert_key = None {{(pid=127232) log_opt_values /opt/stack/data/venv/lib/python3.12/site-packages/oslo_config/cfg.py:3256}}
Jun 01 18:46:03 ubuntu cinder-volume[127232]: DEBUG oslo_service.backend._eventlet.service [None req-d12cb5a3-ddce-44a3-b13d-399879bab749 None None] arcusfc2.driver_data_namespace = None {{(pid=127232) log_opt_values /opt/stack/data/venv/lib/python3.12/site-packages/oslo_config/cfg.py:3256}}
Jun 01 18:46:03 ubuntu cinder-volume[127232]: DEBUG oslo_service.backend._eventlet.service [None req-d12cb5a3-ddce-44a3-b13d-399879bab749 None None] arcusfc2.driver_ssl_cert_path  = None {{(pid=127232) log_opt_values /opt/stack/data/venv/lib/python3.12/site-packages/oslo_config/cfg.py:3256}}
Jun 01 18:46:03 ubuntu cinder-volume[127232]: DEBUG oslo_service.backend._eventlet.service [None req-d12cb5a3-ddce-44a3-b13d-399879bab749 None None] arcusfc2.driver_ssl_cert_verify = None {{(pid=127232) log_opt_values /opt/stack/data/venv/lib/python3.12/site-packages/oslo_config/cfg.py:3256}}
Jun 01 18:46:03 ubuntu cinder-volume[127246]: DEBUG flowkit [None req-334e4762-81c9-464d-9d71-11b7a5bb794c None None] POST response status: 201 {{(pid=127246) post /usr/local/lib/python3.12/dist-packages/hpe_storage_flowkit_py/v3/src/core/rest_client.py:65}}
Jun 01 18:46:03 ubuntu cinder-volume[127232]: DEBUG oslo_service.backend._eventlet.service [None req-d12cb5a3-ddce-44a3-b13d-399879bab749 None None] arcusfc2.driver_use_ssl        = None {{(pid=127232) log_opt_values /opt/stack/data/venv/lib/python3.12/site-packages/oslo_config/cfg.py:3256}}
Jun 01 18:46:03 ubuntu cinder-volume[127246]: DEBUG flowkit [None req-334e4762-81c9-464d-9d71-11b7a5bb794c None None] POST response data: {'key': '********', 'sessionId': '3866066934475552858', 'username': '3paradm', 'arrayPrivileges': [{'domain': 'all', 'domainId': 0, 'role': 'super', 'roleId': 8, 'localizedRole': {'key': '********', 'default': 'super'}}]} {{(pid=127246) post /usr/local/lib/python3.12/dist-packages/hpe_storage_flowkit_py/v3/src/core/rest_client.py:67}}
Jun 01 18:46:03 ubuntu cinder-volume[127232]: DEBUG oslo_service.backend._eventlet.service [None req-d12cb5a3-ddce-44a3-b13d-399879bab749 None None] arcusfc2.enable_unsupported_driver = None {{(pid=127232) log_opt_values /opt/stack/data/venv/lib/python3.12/site-packages/oslo_config/cfg.py:3256}}
Jun 01 18:46:03 ubuntu cinder-volume[127232]: DEBUG oslo_service.backend._eventlet.service [None req-d12cb5a3-ddce-44a3-b13d-399879bab749 None None] arcusfc2.enforce_multipath_for_image_xfer = None {{(pid=127232) log_opt_values /opt/stack/data/venv/lib/python3.12/site-packages/oslo_config/cfg.py:3256}}
Jun 01 18:46:03 ubuntu cinder-volume[127232]: DEBUG oslo_service.backend._eventlet.service [None req-d12cb5a3-ddce-44a3-b13d-399879bab749 None None] arcusfc2.extra_capabilities    = None {{(pid=127232) log_opt_values /opt/stack/data/venv/lib/python3.12/site-packages/oslo_config/cfg.py:3256}}
Jun 01 18:46:03 ubuntu cinder-volume[127232]: DEBUG oslo_service.backend._eventlet.service [None req-d12cb5a3-ddce-44a3-b13d-399879bab749 None None] arcusfc2.filter_function       = None {{(pid=127232) log_opt_values /opt/stack/data/venv/lib/python3.12/site-packages/oslo_config/cfg.py:3256}}
Jun 01 18:46:03 ubuntu cinder-volume[127246]: INFO flowkit [None req-334e4762-81c9-464d-9d71-11b7a5bb794c None None] Successfully created v3 session token
Jun 01 18:46:03 ubuntu cinder-volume[127232]: DEBUG oslo_service.backend._eventlet.service [None req-d12cb5a3-ddce-44a3-b13d-399879bab749 None None] arcusfc2.goodness_function     = None {{(pid=127232) log_opt_values /opt/stack/data/venv/lib/python3.12/site-packages/oslo_config/cfg.py:3256}}
Jun 01 18:46:03 ubuntu cinder-volume[127232]: DEBUG oslo_service.backend._eventlet.service [None req-d12cb5a3-ddce-44a3-b13d-399879bab749 None None] arcusfc2.image_upload_use_cinder_backend = None {{(pid=127232) log_opt_values /opt/stack/data/venv/lib/python3.12/site-packages/oslo_config/cfg.py:3256}}
Jun 01 18:46:03 ubuntu cinder-volume[127232]: DEBUG oslo_service.backend._eventlet.service [None req-d12cb5a3-ddce-44a3-b13d-399879bab749 None None] arcusfc2.image_upload_use_internal_tenant = None {{(pid=127232) log_opt_values /opt/stack/data/venv/lib/python3.12/site-packages/oslo_config/cfg.py:3256}}
Jun 01 18:46:03 ubuntu cinder-volume[127248]: DEBUG flowkit [None req-4a7b19f0-ae18-4b2e-a8da-6b900a3997e9 None None] Ensuring singleton session {{(pid=127248) _ensure_singleton_session /usr/local/lib/python3.12/dist-packages/hpe_storage_flowkit_py/v3/src/core/session.py:46}}
Jun 01 18:46:03 ubuntu cinder-volume[127232]: DEBUG oslo_service.backend._eventlet.service [None req-d12cb5a3-ddce-44a3-b13d-399879bab749 None None] arcusfc2.image_volume_cache_enabled = None {{(pid=127232) log_opt_values /opt/stack/data/venv/lib/python3.12/site-packages/oslo_config/cfg.py:3256}}
Jun 01 18:46:03 ubuntu cinder-volume[127248]: INFO flowkit [None req-4a7b19f0-ae18-4b2e-a8da-6b900a3997e9 None None] Creating new v3 session
Jun 01 18:46:03 ubuntu cinder-volume[127246]: DEBUG cinder.volume.drivers.hpe.alletramp_service [None req-334e4762-81c9-464d-9d71-11b7a5bb794c None None] do_setup - get api version and system info {{(pid=127246) do_setup /opt/stack/cinder/cinder/volume/drivers/hpe/alletramp_service.py:409}}
Jun 01 18:46:03 ubuntu cinder-volume[127232]: DEBUG oslo_service.backend._eventlet.service [None req-d12cb5a3-ddce-44a3-b13d-399879bab749 None None] arcusfc2.image_volume_cache_max_count = None {{(pid=127232) log_opt_values /opt/stack/data/venv/lib/python3.12/site-packages/oslo_config/cfg.py:3256}}
Jun 01 18:46:03 ubuntu cinder-volume[127248]: DEBUG flowkit [None req-4a7b19f0-ae18-4b2e-a8da-6b900a3997e9 None None] Headers are {'User-Agent': 'python-requests/2.34.2', 'Accept-Encoding': 'gzip, deflate', 'Accept': '*/*', 'Connection': 'keep-alive', 'Content-Type': 'application/json'} {{(pid=127248) login /usr/local/lib/python3.12/dist-packages/hpe_storage_flowkit_py/v3/src/core/session.py:90}}
Jun 01 18:46:03 ubuntu cinder-volume[127232]: DEBUG oslo_service.backend._eventlet.service [None req-d12cb5a3-ddce-44a3-b13d-399879bab749 None None] arcusfc2.image_volume_cache_max_size_gb = None {{(pid=127232) log_opt_values /opt/stack/data/venv/lib/python3.12/site-packages/oslo_config/cfg.py:3256}}
Jun 01 18:46:03 ubuntu cinder-volume[127248]: DEBUG flowkit [None req-4a7b19f0-ae18-4b2e-a8da-6b900a3997e9 None None] URL is https://10.201.5.12/api/v3 {{(pid=127248) login /usr/local/lib/python3.12/dist-packages/hpe_storage_flowkit_py/v3/src/core/session.py:91}}
Jun 01 18:46:03 ubuntu cinder-volume[127232]: DEBUG oslo_service.backend._eventlet.service [None req-d12cb5a3-ddce-44a3-b13d-399879bab749 None None] arcusfc2.iscsi_target_flags    = None {{(pid=127232) log_opt_values /opt/stack/data/venv/lib/python3.12/site-packages/oslo_config/cfg.py:3256}}
Jun 01 18:46:03 ubuntu cinder-volume[127248]: DEBUG flowkit [None req-4a7b19f0-ae18-4b2e-a8da-6b900a3997e9 None None] POST request to: https://10.201.5.12/api/v3/credentials {{(pid=127248) post /usr/local/lib/python3.12/dist-packages/hpe_storage_flowkit_py/v3/src/core/rest_client.py:61}}
Jun 01 18:46:03 ubuntu cinder-volume[127232]: DEBUG oslo_service.backend._eventlet.service [None req-d12cb5a3-ddce-44a3-b13d-399879bab749 None None] arcusfc2.iscsi_write_cache     = None {{(pid=127232) log_opt_values /opt/stack/data/venv/lib/python3.12/site-packages/oslo_config/cfg.py:3256}}
Jun 01 18:46:03 ubuntu cinder-volume[127248]: DEBUG flowkit [None req-4a7b19f0-ae18-4b2e-a8da-6b900a3997e9 None None] POST payload: {'user': '3paradm', 'password': '********'} {{(pid=127248) post /usr/local/lib/python3.12/dist-packages/hpe_storage_flowkit_py/v3/src/core/rest_client.py:62}}
Jun 01 18:46:03 ubuntu cinder-volume[127232]: DEBUG oslo_service.backend._eventlet.service [None req-d12cb5a3-ddce-44a3-b13d-399879bab749 None None] arcusfc2.iser_helper           = None {{(pid=127232) log_opt_values /opt/stack/data/venv/lib/python3.12/site-packages/oslo_config/cfg.py:3256}}
Jun 01 18:46:03 ubuntu cinder-volume[127246]: INFO cinder.volume.drivers.hpe.alletramp_service [None req-334e4762-81c9-464d-9d71-11b7a5bb794c None None] Session token 0-1aff314e29828062d9d1531fdbaf44ff-6cd31d6a
Jun 01 18:46:03 ubuntu cinder-volume[127232]: DEBUG oslo_service.backend._eventlet.service [None req-d12cb5a3-ddce-44a3-b13d-399879bab749 None None] arcusfc2.iser_ip_address       = None {{(pid=127232) log_opt_values /opt/stack/data/venv/lib/python3.12/site-packages/oslo_config/cfg.py:3256}}
Jun 01 18:46:03 ubuntu cinder-volume[127232]: DEBUG oslo_service.backend._eventlet.service [None req-d12cb5a3-ddce-44a3-b13d-399879bab749 None None] arcusfc2.iser_port             = None {{(pid=127232) log_opt_values /opt/stack/data/venv/lib/python3.12/site-packages/oslo_config/cfg.py:3256}}
Jun 01 18:46:03 ubuntu cinder-volume[127232]: DEBUG oslo_service.backend._eventlet.service [None req-d12cb5a3-ddce-44a3-b13d-399879bab749 None None] arcusfc2.iser_target_prefix    = None {{(pid=127232) log_opt_values /opt/stack/data/venv/lib/python3.12/site-packages/oslo_config/cfg.py:3256}}
Jun 01 18:46:03 ubuntu cinder-volume[127232]: DEBUG oslo_service.backend._eventlet.service [None req-d12cb5a3-ddce-44a3-b13d-399879bab749 None None] arcusfc2.max_over_subscription_ratio = None {{(pid=127232) log_opt_values /opt/stack/data/venv/lib/python3.12/site-packages/oslo_config/cfg.py:3256}}
Jun 01 18:46:03 ubuntu cinder-volume[127232]: DEBUG oslo_service.backend._eventlet.service [None req-d12cb5a3-ddce-44a3-b13d-399879bab749 None None] arcusfc2.num_iser_scan_tries   = None {{(pid=127232) log_opt_values /opt/stack/data/venv/lib/python3.12/site-packages/oslo_config/cfg.py:3256}}
Jun 01 18:46:03 ubuntu cinder-volume[127232]: DEBUG oslo_service.backend._eventlet.service [None req-d12cb5a3-ddce-44a3-b13d-399879bab749 None None] arcusfc2.num_shell_tries       = None {{(pid=127232) log_opt_values /opt/stack/data/venv/lib/python3.12/site-packages/oslo_config/cfg.py:3256}}
Jun 01 18:46:03 ubuntu cinder-volume[127232]: DEBUG oslo_service.backend._eventlet.service [None req-d12cb5a3-ddce-44a3-b13d-399879bab749 None None] arcusfc2.num_volume_device_scan_tries = None {{(pid=127232) log_opt_values /opt/stack/data/venv/lib/python3.12/site-packages/oslo_config/cfg.py:3256}}
Jun 01 18:46:03 ubuntu cinder-volume[127232]: DEBUG oslo_service.backend._eventlet.service [None req-d12cb5a3-ddce-44a3-b13d-399879bab749 None None] arcusfc2.nvmeof_conn_info_version = None {{(pid=127232) log_opt_values /opt/stack/data/venv/lib/python3.12/site-packages/oslo_config/cfg.py:3256}}
Jun 01 18:46:03 ubuntu cinder-volume[127232]: DEBUG oslo_service.backend._eventlet.service [None req-d12cb5a3-ddce-44a3-b13d-399879bab749 None None] arcusfc2.nvmet_ns_id           = None {{(pid=127232) log_opt_values /opt/stack/data/venv/lib/python3.12/site-packages/oslo_config/cfg.py:3256}}
Jun 01 18:46:03 ubuntu cinder-volume[127246]: WARNING py.warnings [None req-334e4762-81c9-464d-9d71-11b7a5bb794c None None] /opt/stack/data/venv/lib/python3.12/site-packages/urllib3/connectionpool.py:1110: InsecureRequestWarning: Unverified HTTPS request is being made to host '10.201.5.12'. Adding certificate verification is strongly advised. See: https://urllib3.readthedocs.io/en/latest/advanced-usage.html#tls-warnings
Jun 01 18:46:03 ubuntu cinder-volume[127246]:   warnings.warn(
Jun 01 18:46:03 ubuntu cinder-volume[127232]: DEBUG oslo_service.backend._eventlet.service [None req-d12cb5a3-ddce-44a3-b13d-399879bab749 None None] arcusfc2.nvmet_port_id         = None {{(pid=127232) log_opt_values /opt/stack/data/venv/lib/python3.12/site-packages/oslo_config/cfg.py:3256}}
Jun 01 18:46:03 ubuntu cinder-volume[127232]: DEBUG oslo_service.backend._eventlet.service [None req-d12cb5a3-ddce-44a3-b13d-399879bab749 None None] arcusfc2.replication_device    = **** {{(pid=127232) log_opt_values /opt/stack/data/venv/lib/python3.12/site-packages/oslo_config/cfg.py:3256}}
Jun 01 18:46:03 ubuntu cinder-volume[127232]: DEBUG oslo_service.backend._eventlet.service [None req-d12cb5a3-ddce-44a3-b13d-399879bab749 None None] arcusfc2.report_discard_supported = None {{(pid=127232) log_opt_values /opt/stack/data/venv/lib/python3.12/site-packages/oslo_config/cfg.py:3256}}
Jun 01 18:46:03 ubuntu cinder-volume[127232]: DEBUG oslo_service.backend._eventlet.service [None req-d12cb5a3-ddce-44a3-b13d-399879bab749 None None] arcusfc2.reserved_percentage   = None {{(pid=127232) log_opt_values /opt/stack/data/venv/lib/python3.12/site-packages/oslo_config/cfg.py:3256}}
Jun 01 18:46:03 ubuntu cinder-volume[127232]: DEBUG oslo_service.backend._eventlet.service [None req-d12cb5a3-ddce-44a3-b13d-399879bab749 None None] arcusfc2.scst_target_driver    = None {{(pid=127232) log_opt_values /opt/stack/data/venv/lib/python3.12/site-packages/oslo_config/cfg.py:3256}}
Jun 01 18:46:03 ubuntu cinder-volume[127232]: DEBUG oslo_service.backend._eventlet.service [None req-d12cb5a3-ddce-44a3-b13d-399879bab749 None None] arcusfc2.scst_target_iqn_name  = None {{(pid=127232) log_opt_values /opt/stack/data/venv/lib/python3.12/site-packages/oslo_config/cfg.py:3256}}
Jun 01 18:46:03 ubuntu cinder-volume[127232]: DEBUG oslo_service.backend._eventlet.service [None req-d12cb5a3-ddce-44a3-b13d-399879bab749 None None] arcusfc2.storage_protocol      = None {{(pid=127232) log_opt_values /opt/stack/data/venv/lib/python3.12/site-packages/oslo_config/cfg.py:3256}}
Jun 01 18:46:03 ubuntu cinder-volume[127232]: DEBUG oslo_service.backend._eventlet.service [None req-d12cb5a3-ddce-44a3-b13d-399879bab749 None None] arcusfc2.suppress_requests_ssl_warnings = None {{(pid=127232) log_opt_values /opt/stack/data/venv/lib/python3.12/site-packages/oslo_config/cfg.py:3256}}
Jun 01 18:46:03 ubuntu cinder-volume[127232]: DEBUG oslo_service.backend._eventlet.service [None req-d12cb5a3-ddce-44a3-b13d-399879bab749 None None] arcusfc2.target_helper         = None {{(pid=127232) log_opt_values /opt/stack/data/venv/lib/python3.12/site-packages/oslo_config/cfg.py:3256}}
Jun 01 18:46:03 ubuntu cinder-volume[127232]: DEBUG oslo_service.backend._eventlet.service [None req-d12cb5a3-ddce-44a3-b13d-399879bab749 None None] arcusfc2.target_ip_address     = None {{(pid=127232) log_opt_values /opt/stack/data/venv/lib/python3.12/site-packages/oslo_config/cfg.py:3256}}
Jun 01 18:46:03 ubuntu cinder-volume[127232]: DEBUG oslo_service.backend._eventlet.service [None req-d12cb5a3-ddce-44a3-b13d-399879bab749 None None] arcusfc2.target_port           = None {{(pid=127232) log_opt_values /opt/stack/data/venv/lib/python3.12/site-packages/oslo_config/cfg.py:3256}}
Jun 01 18:46:03 ubuntu cinder-volume[127232]: DEBUG oslo_service.backend._eventlet.service [None req-d12cb5a3-ddce-44a3-b13d-399879bab749 None None] arcusfc2.target_prefix         = None {{(pid=127232) log_opt_values /opt/stack/data/venv/lib/python3.12/site-packages/oslo_config/cfg.py:3256}}
Jun 01 18:46:03 ubuntu cinder-volume[127232]: DEBUG oslo_service.backend._eventlet.service [None req-d12cb5a3-ddce-44a3-b13d-399879bab749 None None] arcusfc2.target_protocol       = None {{(pid=127232) log_opt_values /opt/stack/data/venv/lib/python3.12/site-packages/oslo_config/cfg.py:3256}}
Jun 01 18:46:03 ubuntu cinder-volume[127232]: DEBUG oslo_service.backend._eventlet.service [None req-d12cb5a3-ddce-44a3-b13d-399879bab749 None None] arcusfc2.target_secondary_ip_addresses = None {{(pid=127232) log_opt_values /opt/stack/data/venv/lib/python3.12/site-packages/oslo_config/cfg.py:3256}}
Jun 01 18:46:03 ubuntu cinder-volume[127232]: DEBUG oslo_service.backend._eventlet.service [None req-d12cb5a3-ddce-44a3-b13d-399879bab749 None None] arcusfc2.trace_flags           = None {{(pid=127232) log_opt_values /opt/stack/data/venv/lib/python3.12/site-packages/oslo_config/cfg.py:3256}}
Jun 01 18:46:03 ubuntu cinder-volume[127232]: DEBUG oslo_service.backend._eventlet.service [None req-d12cb5a3-ddce-44a3-b13d-399879bab749 None None] arcusfc2.unique_fqdn_network   = None {{(pid=127232) log_opt_values /opt/stack/data/venv/lib/python3.12/site-packages/oslo_config/cfg.py:3256}}
Jun 01 18:46:03 ubuntu cinder-volume[127246]: INFO cinder.volume.drivers.hpe.alletramp_service [None req-334e4762-81c9-464d-9d71-11b7a5bb794c None None] Found storagesystem version 100560036
Jun 01 18:46:03 ubuntu cinder-volume[127232]: DEBUG oslo_service.backend._eventlet.service [None req-d12cb5a3-ddce-44a3-b13d-399879bab749 None None] arcusfc2.use_chap_auth         = None {{(pid=127232) log_opt_values /opt/stack/data/venv/lib/python3.12/site-packages/oslo_config/cfg.py:3256}}
Jun 01 18:46:03 ubuntu cinder-volume[127246]: DEBUG cinder.volume.drivers.hpe.alletramp_service [None req-334e4762-81c9-464d-9d71-11b7a5bb794c None None] Disconnect from array v3 {{(pid=127246) client_logout /opt/stack/cinder/cinder/volume/drivers/hpe/alletramp_service.py:365}}
Jun 01 18:46:03 ubuntu cinder-volume[127232]: DEBUG oslo_service.backend._eventlet.service [None req-d12cb5a3-ddce-44a3-b13d-399879bab749 None None] arcusfc2.use_multipath_for_image_xfer = None {{(pid=127232) log_opt_values /opt/stack/data/venv/lib/python3.12/site-packages/oslo_config/cfg.py:3256}}
Jun 01 18:46:03 ubuntu cinder-volume[127232]: DEBUG oslo_service.backend._eventlet.service [None req-d12cb5a3-ddce-44a3-b13d-399879bab749 None None] arcusfc2.volume_backend_name   = arcusfc2 {{(pid=127232) log_opt_values /opt/stack/data/venv/lib/python3.12/site-packages/oslo_config/cfg.py:3256}}
Jun 01 18:46:03 ubuntu cinder-volume[127232]: DEBUG oslo_service.backend._eventlet.service [None req-d12cb5a3-ddce-44a3-b13d-399879bab749 None None] arcusfc2.volume_clear          = None {{(pid=127232) log_opt_values /opt/stack/data/venv/lib/python3.12/site-packages/oslo_config/cfg.py:3256}}
Jun 01 18:46:03 ubuntu cinder-volume[127232]: DEBUG oslo_service.backend._eventlet.service [None req-d12cb5a3-ddce-44a3-b13d-399879bab749 None None] arcusfc2.volume_clear_ionice   = None {{(pid=127232) log_opt_values /opt/stack/data/venv/lib/python3.12/site-packages/oslo_config/cfg.py:3256}}
Jun 01 18:46:03 ubuntu cinder-volume[127232]: DEBUG oslo_service.backend._eventlet.service [None req-d12cb5a3-ddce-44a3-b13d-399879bab749 None None] arcusfc2.volume_clear_size     = None {{(pid=127232) log_opt_values /opt/stack/data/venv/lib/python3.12/site-packages/oslo_config/cfg.py:3256}}
Jun 01 18:46:03 ubuntu cinder-volume[127232]: DEBUG oslo_service.backend._eventlet.service [None req-d12cb5a3-ddce-44a3-b13d-399879bab749 None None] arcusfc2.volume_copy_blkio_cgroup_name = None {{(pid=127232) log_opt_values /opt/stack/data/venv/lib/python3.12/site-packages/oslo_config/cfg.py:3256}}
Jun 01 18:46:03 ubuntu cinder-volume[127246]: DEBUG flowkit [None req-334e4762-81c9-464d-9d71-11b7a5bb794c None None] DELETE request to: https://10.201.5.12/api/v3/credentials/Z7MY-GPtg14HcK4hb2Q55O4FBFiskzuoMeqR46GscffT9aDCFFpfBJ1t298cOkfvh9cPPTbX8XKI6-EzfTlSlQ {{(pid=127246) delete /usr/local/lib/python3.12/dist-packages/hpe_storage_flowkit_py/v3/src/core/rest_client.py:92}}
Jun 01 18:46:03 ubuntu cinder-volume[127232]: DEBUG oslo_service.backend._eventlet.service [None req-d12cb5a3-ddce-44a3-b13d-399879bab749 None None] arcusfc2.volume_copy_bps_limit = None {{(pid=127232) log_opt_values /opt/stack/data/venv/lib/python3.12/site-packages/oslo_config/cfg.py:3256}}
Jun 01 18:46:03 ubuntu cinder-volume[127232]: DEBUG oslo_service.backend._eventlet.service [None req-d12cb5a3-ddce-44a3-b13d-399879bab749 None None] arcusfc2.volume_dd_blocksize   = None {{(pid=127232) log_opt_values /opt/stack/data/venv/lib/python3.12/site-packages/oslo_config/cfg.py:3256}}
Jun 01 18:46:03 ubuntu cinder-volume[127232]: DEBUG oslo_service.backend._eventlet.service [None req-d12cb5a3-ddce-44a3-b13d-399879bab749 None None] arcusfc2.volume_driver         = cinder.volume.drivers.hpe.alletramp_driver.HPEAlletraMPFCDriver {{(pid=127232) log_opt_values /opt/stack/data/venv/lib/python3.12/site-packages/oslo_config/cfg.py:3256}}
Jun 01 18:46:03 ubuntu cinder-volume[127232]: DEBUG oslo_service.backend._eventlet.service [None req-d12cb5a3-ddce-44a3-b13d-399879bab749 None None] arcusfc2.volumes_dir           = None {{(pid=127232) log_opt_values /opt/stack/data/venv/lib/python3.12/site-packages/oslo_config/cfg.py:3256}}
Jun 01 18:46:03 ubuntu cinder-volume[127232]: DEBUG oslo_service.backend._eventlet.service [None req-d12cb5a3-ddce-44a3-b13d-399879bab749 None None] ******************************************************************************** {{(pid=127232) log_opt_values /opt/stack/data/venv/lib/python3.12/site-packages/oslo_config/cfg.py:3263}}
Jun 01 18:46:03 ubuntu cinder-volume[127246]: WARNING py.warnings [None req-334e4762-81c9-464d-9d71-11b7a5bb794c None None] /opt/stack/data/venv/lib/python3.12/site-packages/urllib3/connectionpool.py:1110: InsecureRequestWarning: Unverified HTTPS request is being made to host '10.201.5.12'. Adding certificate verification is strongly advised. See: https://urllib3.readthedocs.io/en/latest/advanced-usage.html#tls-warnings
Jun 01 18:46:03 ubuntu cinder-volume[127246]:   warnings.warn(
Jun 01 18:46:03 ubuntu cinder-volume[127246]: DEBUG flowkit [None req-334e4762-81c9-464d-9d71-11b7a5bb794c None None] DELETE response status: 200 {{(pid=127246) delete /usr/local/lib/python3.12/dist-packages/hpe_storage_flowkit_py/v3/src/core/rest_client.py:95}}
Jun 01 18:46:03 ubuntu cinder-volume[127246]: DEBUG flowkit [None req-334e4762-81c9-464d-9d71-11b7a5bb794c None None] DELETE response data: None {{(pid=127246) delete /usr/local/lib/python3.12/dist-packages/hpe_storage_flowkit_py/v3/src/core/rest_client.py:97}}
Jun 01 18:46:03 ubuntu cinder-volume[127246]: DEBUG cinder.volume.drivers.hpe.alletramp_service [None req-334e4762-81c9-464d-9d71-11b7a5bb794c None None] Disconnect from array v1 {{(pid=127246) client_logout /opt/stack/cinder/cinder/volume/drivers/hpe/alletramp_service.py:373}}
Jun 01 18:46:03 ubuntu cinder-volume[127246]: INFO cinder.volume.drivers.hpe.alletramp_service [None req-334e4762-81c9-464d-9d71-11b7a5bb794c None None] Session token after finally 0-1aff314e29828062d9d1531fdbaf44ff-6cd31d6a
Jun 01 18:46:03 ubuntu cinder-volume[127246]: WARNING py.warnings [None req-334e4762-81c9-464d-9d71-11b7a5bb794c None None] /opt/stack/data/venv/lib/python3.12/site-packages/urllib3/connectionpool.py:1110: InsecureRequestWarning: Unverified HTTPS request is being made to host '10.201.5.12'. Adding certificate verification is strongly advised. See: https://urllib3.readthedocs.io/en/latest/advanced-usage.html#tls-warnings
Jun 01 18:46:03 ubuntu cinder-volume[127246]:   warnings.warn(
Jun 01 18:46:03 ubuntu cinder-volume[127248]: WARNING py.warnings [None req-4a7b19f0-ae18-4b2e-a8da-6b900a3997e9 None None] /opt/stack/data/venv/lib/python3.12/site-packages/urllib3/connectionpool.py:1110: InsecureRequestWarning: Unverified HTTPS request is being made to host '10.201.5.12'. Adding certificate verification is strongly advised. See: https://urllib3.readthedocs.io/en/latest/advanced-usage.html#tls-warnings
Jun 01 18:46:03 ubuntu cinder-volume[127248]:   warnings.warn(
Jun 01 18:46:03 ubuntu cinder-volume[127246]: INFO cinder.volume.drivers.hpe.alletramp_service [None req-334e4762-81c9-464d-9d71-11b7a5bb794c None None] Found storagesystem id 519749
Jun 01 18:46:03 ubuntu cinder-volume[127246]: DEBUG cinder.volume.drivers.hpe.alletramp_service [None req-334e4762-81c9-464d-9d71-11b7a5bb794c None None] Disconnect from array v3 {{(pid=127246) client_logout /opt/stack/cinder/cinder/volume/drivers/hpe/alletramp_service.py:365}}
Jun 01 18:46:03 ubuntu cinder-volume[127246]: DEBUG cinder.volume.drivers.hpe.alletramp_service [None req-334e4762-81c9-464d-9d71-11b7a5bb794c None None] Disconnect from array v1 {{(pid=127246) client_logout /opt/stack/cinder/cinder/volume/drivers/hpe/alletramp_service.py:373}}
Jun 01 18:46:03 ubuntu cinder-volume[127246]: DEBUG cinder.volume.drivers.hpe.alletramp_driver [None req-334e4762-81c9-464d-9d71-11b7a5bb794c None None] ==> get_volume_stats: call "{'self': <cinder.volume.drivers.hpe.alletramp_driver.HPEAlletraMPFCDriver object at 0x7a63079262a0>, 'refresh': True}" {{(pid=127246) trace_logging_wrapper /opt/stack/cinder/cinder/volume/volume_utils.py:1497}}
Jun 01 18:46:03 ubuntu cinder-volume[127246]: DEBUG cinder.volume.drivers.hpe.alletramp_driver [None req-334e4762-81c9-464d-9d71-11b7a5bb794c None None] get_volume_stats: refresh: True {{(pid=127246) get_volume_stats /opt/stack/cinder/cinder/volume/drivers/hpe/alletramp_driver.py:135}}
Jun 01 18:46:03 ubuntu cinder-volume[127246]: INFO cinder.volume.drivers.hpe.alletramp_service [None req-334e4762-81c9-464d-9d71-11b7a5bb794c None None] Session token in vol stats 0-1aff314e29828062d9d1531fdbaf44ff-6cd31d6a
Jun 01 18:46:03 ubuntu cinder-volume[127246]: WARNING py.warnings [None req-334e4762-81c9-464d-9d71-11b7a5bb794c None None] /opt/stack/data/venv/lib/python3.12/site-packages/urllib3/connectionpool.py:1110: InsecureRequestWarning: Unverified HTTPS request is being made to host '10.201.5.12'. Adding certificate verification is strongly advised. See: https://urllib3.readthedocs.io/en/latest/advanced-usage.html#tls-warnings
Jun 01 18:46:03 ubuntu cinder-volume[127246]:   warnings.warn(
Jun 01 18:46:03 ubuntu cinder-volume[127246]: INFO cinder.volume.drivers.hpe.alletramp_service [None req-334e4762-81c9-464d-9d71-11b7a5bb794c None None] Found storagesystem info {'id': 519749, 'name': 's4090', 'systemVersion': '10.5.60.36', 'IPv4Addr': '10.201.5.12', 'model': 'HPE Alletra Storage MP', 'serialNumber': '4UW0004090', 'totalNodes': 2, 'masterNode': 0, 'onlineNodes': [0, 1], 'clusterNodes': [0, 1], 'chunkletSizeMiB': 1024, 'totalCapacityMiB': 16299745.0, 'allocatedCapacityMiB': 1568063.0, 'freeCapacityMiB': 14731682.0, 'failedCapacityMiB': 0.0, 'readOnlyParameters': {'maxVolumeSizeMiB': 67108864, 'maxReduceVolumeSizeMiB': 67108864}, 'timeZone': 'Asia/Kolkata', 'licenseInfo': {'issueTimeSec': 1733380583, 'issueTime8601': '2024-12-05T12:06:23+05:30', 'diskCount': 0, 'WWNBASE': 519749, 'licenses': [{'name': 'FIPS Encryption'}, {'name': 'Owned'}, {'name': 'Software and Support SaaS'}, {'name': 'Virtual Copy'}, {'name': 'Adaptive Optimization'}, {'name': 'Autonomic Rebalance'}, {'name': 'Cluster Extension'}, {'name': 'Cluster Extension'}, {'name': 'Dynamic Optimization'}, {'name': 'File Persona'}, {'name': 'File Persona Basic'}, {'name': 'Management Plug-In for VMware vCenter'}, {'name': 'Online Import'}, {'name': 'Peer Motion'}, {'name': 'Peer Persistence'}, {'name': 'Peer Persistence'}, {'name': 'Priority Optimization'}, {'name': 'Recovery Manager Central'}, {'name': 'Recovery Manager for Exchange'}, {'name': 'Recovery Manager for Microsoft Hyper-V'}, {'name': 'Recovery Manager for Oracle'}, {'name': 'Recovery Manager for SQL'}, {'name': 'Recovery Manager for VMware vSphere'}, {'name': 'Remote Copy'}, {'name': 'Remote Copy'}, {'name': 'RMC Application Suite'}, {'name': 'Smart SAN'}, {'name': 'Storage Federation'}, {'name': 'System Reporter'}, {'name': 'Thin Conversion'}, {'name': 'Thin Persistence'}, {'name': 'Virtual Copy'}, {'name': 'Virtual Domains'}, {'name': 'Virtual Lock'}, {'name': 'VSS Provider for Microsoft Windows'}], 'licenseState': {'virtualCopy': True, 'remoteCopy': True, 'thinProvisioing': True, 'thinProvisioning': True, 'domains': True, 'dynamicOptimization': True, 'virtualLock': True, 'thinPersistence': True, 'thinConversion': True, 'adaptiveOptimization': True, 'peerVirtualization': True, 'qos': True, 'systemReporter': True, 'darEncryption': True, 'fileServices': True, 'storageFederation': True, 'onlineImport': True, 'rmcApplicationSuite': True, 'smartSAN': True, 'sedEncryption': False}}, 'parameters': {'rawSpaceAlertSSD': 0, 'remoteSyslog': False, 'remoteSyslogHost': '0.0.0.0', 'remoteSyslogSecurityHost': '0.0.0.0', 'sparingAlgorithm': 'Default', 'eventLogsize': 5242880, 'eventLogNum': 10, 'VVRetentionTimeMax': 1209600, 'upgradeNote': '', 'autoExportAfterReboot': True, 'thermalShutdown': True, 'sessionTimeout': 3600, 'overProvRatioLimit': 0.0, 'overProvRatioWarning': 0.0, 'disableChunkletInitUNMAP': False, 'remoteCopyHostThrottling': False, 'autoAdmitTune': True, 'singleLunHost': False, 'allowDomainUsersAffectNoDomain': 2, 'dsccReadOnly': False}}
Jun 01 18:46:03 ubuntu cinder-volume[127246]: WARNING py.warnings [None req-334e4762-81c9-464d-9d71-11b7a5bb794c None None] /opt/stack/data/venv/lib/python3.12/site-packages/urllib3/connectionpool.py:1110: InsecureRequestWarning: Unverified HTTPS request is being made to host '10.201.5.12'. Adding certificate verification is strongly advised. See: https://urllib3.readthedocs.io/en/latest/advanced-usage.html#tls-warnings
Jun 01 18:46:03 ubuntu cinder-volume[127246]:   warnings.warn(
Jun 01 18:46:03 ubuntu cinder-volume[127246]: WARNING py.warnings [None req-334e4762-81c9-464d-9d71-11b7a5bb794c None None] /opt/stack/data/venv/lib/python3.12/site-packages/urllib3/connectionpool.py:1110: InsecureRequestWarning: Unverified HTTPS request is being made to host '10.201.5.12'. Adding certificate verification is strongly advised. See: https://urllib3.readthedocs.io/en/latest/advanced-usage.html#tls-warnings
Jun 01 18:46:03 ubuntu cinder-volume[127246]:   warnings.warn(
Jun 01 18:46:03 ubuntu cinder-volume[127248]: DEBUG flowkit [None req-4a7b19f0-ae18-4b2e-a8da-6b900a3997e9 None None] POST response status: 201 {{(pid=127248) post /usr/local/lib/python3.12/dist-packages/hpe_storage_flowkit_py/v3/src/core/rest_client.py:65}}
Jun 01 18:46:03 ubuntu cinder-volume[127248]: DEBUG flowkit [None req-4a7b19f0-ae18-4b2e-a8da-6b900a3997e9 None None] POST response data: {'key': '********', 'sessionId': '6762777509046353771', 'username': '3paradm', 'arrayPrivileges': [{'domain': 'all', 'domainId': 0, 'role': 'super', 'roleId': 8, 'localizedRole': {'key': '********', 'default': 'super'}}]} {{(pid=127248) post /usr/local/lib/python3.12/dist-packages/hpe_storage_flowkit_py/v3/src/core/rest_client.py:67}}
Jun 01 18:46:03 ubuntu cinder-volume[127248]: INFO flowkit [None req-4a7b19f0-ae18-4b2e-a8da-6b900a3997e9 None None] Successfully created v3 session token
Jun 01 18:46:03 ubuntu cinder-volume[127248]: DEBUG cinder.volume.drivers.hpe.alletramp_service [None req-4a7b19f0-ae18-4b2e-a8da-6b900a3997e9 None None] do_setup - get api version and system info {{(pid=127248) do_setup /opt/stack/cinder/cinder/volume/drivers/hpe/alletramp_service.py:409}}
Jun 01 18:46:03 ubuntu cinder-volume[127248]: INFO cinder.volume.drivers.hpe.alletramp_service [None req-4a7b19f0-ae18-4b2e-a8da-6b900a3997e9 None None] Session token 0-d2d95444f075b7d7fc318a970437ee0c-6cd31d6a
Jun 01 18:46:03 ubuntu cinder-volume[127248]: WARNING py.warnings [None req-4a7b19f0-ae18-4b2e-a8da-6b900a3997e9 None None] /opt/stack/data/venv/lib/python3.12/site-packages/urllib3/connectionpool.py:1110: InsecureRequestWarning: Unverified HTTPS request is being made to host '10.201.5.12'. Adding certificate verification is strongly advised. See: https://urllib3.readthedocs.io/en/latest/advanced-usage.html#tls-warnings
Jun 01 18:46:03 ubuntu cinder-volume[127248]:   warnings.warn(
Jun 01 18:46:03 ubuntu cinder-volume[127248]: INFO cinder.volume.drivers.hpe.alletramp_service [None req-4a7b19f0-ae18-4b2e-a8da-6b900a3997e9 None None] Found storagesystem version 100560036
Jun 01 18:46:03 ubuntu cinder-volume[127248]: DEBUG cinder.volume.drivers.hpe.alletramp_service [None req-4a7b19f0-ae18-4b2e-a8da-6b900a3997e9 None None] Disconnect from array v3 {{(pid=127248) client_logout /opt/stack/cinder/cinder/volume/drivers/hpe/alletramp_service.py:365}}
Jun 01 18:46:03 ubuntu cinder-volume[127248]: DEBUG flowkit [None req-4a7b19f0-ae18-4b2e-a8da-6b900a3997e9 None None] DELETE request to: https://10.201.5.12/api/v3/credentials/6SryFcsNRvEMzoN3zyZ2poRuAUNhTvVIfW3m54VmTM8xj4risFLokhoZLaH9rO5vk5D58JWjGkbMrtwSeBRu-g {{(pid=127248) delete /usr/local/lib/python3.12/dist-packages/hpe_storage_flowkit_py/v3/src/core/rest_client.py:92}}
Jun 01 18:46:03 ubuntu cinder-volume[127248]: WARNING py.warnings [None req-4a7b19f0-ae18-4b2e-a8da-6b900a3997e9 None None] /opt/stack/data/venv/lib/python3.12/site-packages/urllib3/connectionpool.py:1110: InsecureRequestWarning: Unverified HTTPS request is being made to host '10.201.5.12'. Adding certificate verification is strongly advised. See: https://urllib3.readthedocs.io/en/latest/advanced-usage.html#tls-warnings
Jun 01 18:46:03 ubuntu cinder-volume[127248]:   warnings.warn(
Jun 01 18:46:03 ubuntu cinder-volume[127248]: DEBUG flowkit [None req-4a7b19f0-ae18-4b2e-a8da-6b900a3997e9 None None] DELETE response status: 200 {{(pid=127248) delete /usr/local/lib/python3.12/dist-packages/hpe_storage_flowkit_py/v3/src/core/rest_client.py:95}}
Jun 01 18:46:03 ubuntu cinder-volume[127248]: DEBUG flowkit [None req-4a7b19f0-ae18-4b2e-a8da-6b900a3997e9 None None] DELETE response data: None {{(pid=127248) delete /usr/local/lib/python3.12/dist-packages/hpe_storage_flowkit_py/v3/src/core/rest_client.py:97}}
Jun 01 18:46:03 ubuntu cinder-volume[127248]: DEBUG cinder.volume.drivers.hpe.alletramp_service [None req-4a7b19f0-ae18-4b2e-a8da-6b900a3997e9 None None] Disconnect from array v1 {{(pid=127248) client_logout /opt/stack/cinder/cinder/volume/drivers/hpe/alletramp_service.py:373}}
Jun 01 18:46:03 ubuntu cinder-volume[127248]: INFO cinder.volume.drivers.hpe.alletramp_service [None req-4a7b19f0-ae18-4b2e-a8da-6b900a3997e9 None None] Session token after finally 0-d2d95444f075b7d7fc318a970437ee0c-6cd31d6a
Jun 01 18:46:03 ubuntu cinder-volume[127248]: WARNING py.warnings [None req-4a7b19f0-ae18-4b2e-a8da-6b900a3997e9 None None] /opt/stack/data/venv/lib/python3.12/site-packages/urllib3/connectionpool.py:1110: InsecureRequestWarning: Unverified HTTPS request is being made to host '10.201.5.12'. Adding certificate verification is strongly advised. See: https://urllib3.readthedocs.io/en/latest/advanced-usage.html#tls-warnings
Jun 01 18:46:03 ubuntu cinder-volume[127248]:   warnings.warn(
Jun 01 18:46:03 ubuntu cinder-volume[127246]: INFO cinder.volume.drivers.hpe.alletramp_service [None req-334e4762-81c9-464d-9d71-11b7a5bb794c None None] Found cpg_avail_space {'rawFreeMiB': 3599184, 'usableFreeMiB': 2799370, 'overProvisionedVirtualSizeMiB': 16366091, 'overProvisionedUsedMiB': 1098720, 'overProvisionedAllocatedMiB': 1748250, 'overProvisionedFreeMiB': 3599184, 'capacityEfficiency': {'compaction': 21.57, 'compression': 2.02, 'deduplication': 1.03, 'dataReduction': 2.02, 'overProvisioning': 2.5}}
Jun 01 18:46:03 ubuntu cinder-volume[127248]: INFO cinder.volume.drivers.hpe.alletramp_service [None req-4a7b19f0-ae18-4b2e-a8da-6b900a3997e9 None None] Found storagesystem id 519749
Jun 01 18:46:03 ubuntu cinder-volume[127248]: DEBUG cinder.volume.drivers.hpe.alletramp_service [None req-4a7b19f0-ae18-4b2e-a8da-6b900a3997e9 None None] Disconnect from array v3 {{(pid=127248) client_logout /opt/stack/cinder/cinder/volume/drivers/hpe/alletramp_service.py:365}}
Jun 01 18:46:03 ubuntu cinder-volume[127248]: DEBUG cinder.volume.drivers.hpe.alletramp_service [None req-4a7b19f0-ae18-4b2e-a8da-6b900a3997e9 None None] Disconnect from array v1 {{(pid=127248) client_logout /opt/stack/cinder/cinder/volume/drivers/hpe/alletramp_service.py:373}}
Jun 01 18:46:03 ubuntu cinder-volume[127246]: DEBUG cinder.volume.drivers.hpe.alletramp_driver [None req-334e4762-81c9-464d-9d71-11b7a5bb794c None None] <== get_volume_stats: return (164ms) {'driver_version': '1.0', 'storage_protocol': 'FC', 'vendor_name': 'Hewlett Packard Enterprise', 'volume_backend_name': 'arcusfc1', 'array_id': 519749, 'replication_enabled': False, 'replication_targets': [], 'pools': [{'pool_name': 'SSD_r6', 'total_capacity_gb': 3627, 'free_capacity_gb': 684, 'provisioned_capacity_gb': 2943, 'QoS_support': True, 'thin_provisioning_support': True, 'thick_provisioning_support': True, 'max_over_subscription_ratio': '20.0', 'reserved_percentage': 0, 'location_info': 'HPE3PARDriver:4UW0004090:SSD_r6', 'total_volumes': 383, 'capacity_utilization': 81.14143920595534, 'throughput': None, 'bandwidth': None, 'latency': None, 'io_size': None, 'queue_length': None, 'avg_busy_perc': None, 'filter_function': None, 'goodness_function': None, 'multiattach': True, 'consistent_group_snapshot_enabled': True, 'compression': True, 'consistent_group_replication_enabled': False, 'backend_state': 'up', 'replication_enabled': False, 'replication_type': ['sync', 'periodic'], 'replication_count': 0}]} {{(pid=127246) trace_logging_wrapper /opt/stack/cinder/cinder/volume/volume_utils.py:1522}}
Jun 01 18:46:03 ubuntu cinder-volume[127248]: DEBUG cinder.volume.drivers.hpe.alletramp_driver [None req-4a7b19f0-ae18-4b2e-a8da-6b900a3997e9 None None] ==> get_volume_stats: call "{'self': <cinder.volume.drivers.hpe.alletramp_driver.HPEAlletraMPFCDriver object at 0x7a6307836300>, 'refresh': True}" {{(pid=127248) trace_logging_wrapper /opt/stack/cinder/cinder/volume/volume_utils.py:1497}}
Jun 01 18:46:03 ubuntu cinder-volume[127248]: DEBUG cinder.volume.drivers.hpe.alletramp_driver [None req-4a7b19f0-ae18-4b2e-a8da-6b900a3997e9 None None] get_volume_stats: refresh: True {{(pid=127248) get_volume_stats /opt/stack/cinder/cinder/volume/drivers/hpe/alletramp_driver.py:135}}
Jun 01 18:46:03 ubuntu cinder-volume[127246]: DEBUG cinder.volume.drivers.hpe.alletramp_driver [None req-334e4762-81c9-464d-9d71-11b7a5bb794c None None] ==> _init_vendor_properties: call "{'self': <cinder.volume.drivers.hpe.alletramp_driver.HPEAlletraMPFCDriver object at 0x7a63079262a0>}" {{(pid=127246) trace_logging_wrapper /opt/stack/cinder/cinder/volume/volume_utils.py:1497}}
Jun 01 18:46:03 ubuntu cinder-volume[127248]: INFO cinder.volume.drivers.hpe.alletramp_service [None req-4a7b19f0-ae18-4b2e-a8da-6b900a3997e9 None None] Session token in vol stats 0-d2d95444f075b7d7fc318a970437ee0c-6cd31d6a
Jun 01 18:46:03 ubuntu cinder-volume[127246]: DEBUG cinder.volume.drivers.hpe.alletramp_driver [None req-334e4762-81c9-464d-9d71-11b7a5bb794c None None] <== _init_vendor_properties: return (0ms) ({'HPE:AlletraMP:hpe3par:snap_cpg': {'title': 'Snap CPG Extra-specs.', 'description': 'Specifies the Snap CPG for a volume type. It overrides the hpe3par_cpg_snap setting. Defaults to the hpe3par_cpg_snap setting in the cinder.conf file. If hpe3par_cpg_snap is not set, it defaults to the hpe3par_cpg setting.', 'type': 'string'}, 'HPE:AlletraMP:hpe3par:persona': {'title': 'Host Persona Extra-specs.', 'description': 'Specifies the host persona property for a volume type. It overrides the hpe3par_cpg_snap setting. Defaults to the hpe3par_cpg_snap setting in the cinder.conf file. If hpe3par_cpg_snap is not set, it defaults to the hpe3par_cpg setting.', 'type': 'string', 'enum': ['2 - Generic-ALUA', '1 - Generic', '3 - Generic-legacy', '4 - HPEUX-legacy', '5 - AIX-legacy', '6 - EGENERA', '7 - ONTAP-legacy', '8 - VMware', '9 - OpenVMS', '10 - HPEUX', '11 - WindowsServer'], 'default': '2 - Generic-ALUA'}, 'HPE:AlletraMP:hpe3par:vvs': {'title': 'Virtual Volume Set Extra-specs.', 'description': 'The virtual volume set name that has been set up by the administrator that would have predefined QoS rules associated with it. If you specify extra_specs hpe3par:vvs, the qos_specs minIOPS, maxIOPS, minBWS, and maxBWS settings are ignored.', 'type': 'string'}, 'HPE:AlletraMP:hpe3par:flash_cache': {'title': 'Flash cache Extra-specs.', 'description': 'Enables Flash cache setting for a volume type.', 'type': 'boolean', 'default': False}, 'HPE:AlletraMP:hpe3par:provisioning': {'title': 'Storage Provisioning Extra-specs.', 'description': 'Specifies the provisioning for a volume type.', 'type': 'string', 'enum': ['thin', 'full', 'dedup'], 'default': 'thin'}, 'HPE:AlletraMP:hpe3par:compression': {'title': 'Storage Provisioning Extra-specs.', 'description': 'Enables compression for a volume type. Volume size must have > 16 GB to enable compression on volume. A full provisioned volume cannot be compressed.', 'type': 'boolean', 'default': False}, 'HPE:AlletraMP:replication_enabled': {'title': 'Volume Replication Extra-specs.', 'description': 'The valid value is: <is> True If True, the volume is to be replicated, if supported, by the backend driver. If the option is not specified or false, then replication is not enabled. This option is required to enable replication.', 'type': 'string', 'enum': ['<is> True'], 'default': False}, 'HPE:AlletraMP:replication:mode': {'title': 'Replication Mode Extra-specs.', 'description': 'Sets the replication mode for AlletraMP.', 'type': 'string', 'enum': ['sync', 'periodic'], 'default': 'periodic'}, 'HPE:AlletraMP:replication:sync_period': {'title': 'Sync Period for Volume Replication Extra-specs.', 'description': 'Sets the time interval for synchronization. Only needed if replication:mode is periodic.', 'type': 'integer', 'default': 900}, 'HPE:AlletraMP:replication:policy': {'title': 'Replication Policy for Alletra MP.', 'description': "Sets the replication policy for Alletra MP. Currently, only the 'active-active' policy is supported.", 'type': 'string', 'default': 'active-active'}, 'HPE:AlletraMP:replication:retention_count': {'title': 'Retention Count for Replication Extra-specs.', 'description': 'Sets the number of snapshots that will be  saved on the primary array.', 'type': 'integer', 'default': 5}, 'HPE:AlletraMP:replication:remote_retention_count': {'title': 'Remote Retention Count for Replication Extra-specs.', 'description': 'Sets the number of snapshots that will be  saved on the secondary array.', 'type': 'integer', 'default': 5}, 'HPE:AlletraMP:minIOPS': {'title': 'Minimum IOPS QoS.', 'description': 'Sets the QoS, I/O issue count minimum goal. If not specified, there is no limit on I/O issue count.', 'type': 'integer'}, 'HPE:AlletraMP:maxIOPS': {'title': 'Maximum IOPS QoS.', 'description': 'Sets the QoS, I/O issue count rate limit. If not specified, there is no limit on I/O issue count.', 'type': 'integer'}, 'HPE:AlletraMP:minBWS': {'title': 'Minimum Bandwidth QoS.', 'description': 'Sets the QoS, I/O issue bandwidth minimum goal. If not specified, there is no limit on I/O issue bandwidth rate.', 'type': 'integer'}, 'HPE:AlletraMP:maxBWS': {'title': 'Maximum Bandwidth QoS.', 'description': 'Sets the QoS, I/O issue bandwidth rate limit. If not specified, there is no limit on I/O issue bandwidth rate.', 'type': 'integer'}, 'HPE:AlletraMP:latency': {'title': 'Latency QoS.', 'description': 'Sets the latency goal in milliseconds.', 'type': 'integer'}, 'HPE:AlletraMP:priority': {'title': 'Priority QoS.', 'description': 'Sets the priority of the QoS rule over other rules.', 'type': 'string', 'enum': ['low', 'normal', 'high'], 'default': 'normal'}}, 'HPE:AlletraMP') {{(pid=127246) trace_logging_wrapper /opt/stack/cinder/cinder/volume/volume_utils.py:1522}}
