"pcp-dstat 6.2.0 CSV Output"
"Author:","PCP team <pcp@groups.io> and Dag Wieers <dag@wieers.com>",,,,"URL:","https://pcp.io/ and http://dag.wieers.com/home-made/dstat/"
"Host:","ubuntu",,,,"User:","ubuntu"
"Cmdline:","dstat -tcmndrylpg --tcp --output /tmp/devstack_logs/dstat-csv.log",,,,"Date:","23 Jun 2026 11:11:43 UTC"
"system","total usage",,,,,"memory usage",,,,"net/total",,"dsk/total",,"io/total",,"system",,"load avg",,,"procs",,,"paging",,"tcp sockets",,,,
"time","total usage:usr","total usage:sys","total usage:idl","total usage:wai","total usage:stl","used","free","buf","cach","net/total:recv","net/total:send","dsk/total:read","dsk/total:writ","read","writ","int","csw","1m","5m","15m","run","blk","new","in","out","lis","act","syn","tim","clo"
23-06 11:11:43,,1006604,1396448,169120,5235016,,,,,,,1.190,0.990,0.570,2,0,,,,10,5,1,17,0
23-06 11:11:44,14.991,21.487,61.963,0.250,0,1021072,1381632,169208,5235212,32421.770,8544.932,0,867.485,0,33.980,5556,3956,1.190,0.990,0.570,1,0,363.784,0,0,10,6,1,17,0
23-06 11:11:45,19.751,21.251,57.502,0.500,0,1010584,1391184,169404,5235824,26392.927,15108.530,0,1936.068,0,60.002,5393,4005,1.190,0.990,0.570,2,0,344.012,0,0,10,6,1,17,0
23-06 11:11:46,25.755,20.004,52.760,0.250,0,1007648,1393756,169512,5235988,17172.407,9288.843,0,4332.860,0,50.010,5842,5279,1.190,0.990,0.570,2,0,251.050,0,0,10,6,1,17,0
23-06 11:11:47,32.010,16.005,50.015,0.250,0,1013212,1387560,169664,5236336,39657.869,12136.632,0,1628.487,0,47.014,6006,7471,1.180,0.990,0.570,1,0,189.057,0,0,10,5,1,17,1
23-06 11:11:48,27.959,12.731,57.415,0.999,0,1135380,1244216,169904,5381176,180971.389,11679.793,0,2013.034,0,58.913,4627,3833,1.180,0.990,0.570,2,0,99.853,0,0,11,6,1,17,2
23-06 11:11:49,36.282,13.762,47.542,0.751,0,1173268,1189364,170800,5394720,4684.092,1621.416,0,2958.584,0,188.164,4618,3481,1.180,0.990,0.570,2,0,185.162,0,0,11,6,1,19,2
23-06 11:11:50,42.245,6.249,49.244,0.250,0,1229580,1114396,171240,5410860,4319.447,1661.787,31.996,2471.684,2.000,41.995,2689,1715,1.180,0.990,0.570,3,0,0,0,0,11,6,1,19,2
23-06 11:11:51,42.518,5.252,49.021,1.000,0.250,1255880,1062568,171776,5433216,4757.033,1458.623,0,4117.760,0,128.055,2969,2318,1.180,0.990,0.570,2,0,0,0,0,11,6,1,19,2
23-06 11:11:52,33.225,6.995,45.215,11.491,0,1270772,1025956,173388,5450756,4916.243,1618.763,0,44837.734,0,3368.426,13642,25091,1.240,1.010,0.580,4,1,51.960,0,0,11,8,1,19,2
23-06 11:11:53,36.274,9.506,41.778,9.757,0,1240512,1024348,174776,5478612,4881.282,1458.981,0,55957.630,0,3983.679,13309,23137,1.240,1.010,0.580,3,0,94.063,0,0,11,6,1,19,2
23-06 11:11:54,42.993,8.499,47.742,0.500,0,1279120,1000116,175072,5463664,5723.004,2141.627,0,2055.642,0,159.972,3398,2024,1.240,1.010,0.580,4,0,35.994,0,0,11,4,1,19,0
23-06 11:11:55,40.001,5.750,52.251,1.000,0,1287268,986116,175244,5468708,11726.287,4573.112,0,9880.242,0,739.018,3889,3630,1.240,1.010,0.580,3,0,18.000,0,0,11,4,1,19,0
23-06 11:11:56,43.948,7.991,46.196,0.250,0,1306372,964692,175280,5470756,5230.857,1618.100,0,495.418,0,12.985,10817,18016,1.240,1.010,0.580,2,0,16.980,0,0,11,4,1,19,0
23-06 11:11:57,43.801,9.261,45.553,0.250,0,1343316,927280,175296,5471076,5664.647,1459.713,0,5342.269,0,514.604,10947,17632,1.300,1.020,0.590,3,0,17.020,0,0,11,4,1,19,0
23-06 11:11:58,31.019,21.513,46.278,0,0,1239356,1039036,175348,5463900,5943.580,1620.976,0,2145.292,0,29.017,5368,3902,1.300,1.020,0.590,3,0,311.187,0,0,11,4,1,19,0
23-06 11:11:59,30.483,23.987,44.475,0,0,1197432,1080960,175348,5464328,4575.441,1573.120,0,43.975,0,10.994,6259,4904,1.300,1.020,0.590,3,0,424.762,0,0,11,4,1,19,0
23-06 11:12:00,26.492,18.994,54.233,0,0,1197980,1080356,175348,5464328,5218.351,1735.452,0,3.999,0,1.000,5786,7355,1.300,1.020,0.590,3,0,244.923,0,0,11,4,1,15,0
23-06 11:12:01,44.470,7.995,46.219,0,0,1264784,1013528,175348,5464464,5191.513,1530.972,0,35.976,0,2.998,2957,1557,1.300,1.020,0.590,3,0,40.972,0,0,11,5,1,15,0
23-06 11:12:02,44.037,8.007,47.540,0,0,1285268,992520,175352,5465004,5344.459,1695.415,0,15861.235,0,96.080,2960,1515,1.360,1.040,0.600,3,0,0,0,0,11,5,1,15,0
23-06 11:12:03,32.001,12.000,54.751,0.250,0,1309800,965604,175388,5467320,5760.122,1694.036,0,3192.068,0,114.002,4280,4722,1.360,1.040,0.600,1,0,116.002,0,0,11,4,1,16,0
23-06 11:12:04,10.246,4.248,83.969,0,0,1323932,951492,175388,5467332,5278.081,1693.384,0,2219.193,0,58.979,1698,1555,1.360,1.040,0.600,2,0,24.991,0,0,11,4,1,14,0
23-06 11:12:05,21.244,3.999,73.728,0,0.250,1383308,892116,175388,5467332,5518.379,1619.524,0,0,0,0,1765,1377,1.360,1.040,0.600,2,0,0,0,0,11,4,1,14,0
23-06 11:12:06,23.769,2.002,73.808,0,0,1399144,876076,175388,5467536,5131.060,1695.342,0,0,0,0,1745,1120,1.360,1.040,0.600,2,0,0,0,0,11,6,1,14,0
23-06 11:12:07,21.511,6.003,69.286,1.501,0,1355384,919716,175468,5467576,4640.415,1458.759,0,18973.874,0,420.219,4565,5869,1.330,1.040,0.600,1,0,42.022,0,0,11,4,1,16,0
23-06 11:12:08,21.437,3.988,73.534,0.249,0,1411264,863796,175468,5467576,4546.638,1615.253,0,478.593,0,6.979,1887,1397,1.330,1.040,0.600,1,0,1.994,0,0,11,4,1,16,0
23-06 11:12:09,19.538,2.505,76.898,0.501,0,1425604,849208,175480,5467768,7113.658,4078.831,0,745.431,0,22.042,2270,2001,1.330,1.040,0.600,1,0,1.002,0,0,11,13,1,16,0
23-06 11:12:10,20.220,2.247,75.638,0.499,0,1428568,845744,175520,5468140,10190.895,7628.693,267.603,2001.034,65.902,137.796,2454,2232,1.330,1.040,0.600,1,0,1.997,0,0,11,28,1,17,0
23-06 11:12:11,20.523,5.506,72.832,0,0,1438040,836264,175520,5468148,5078.704,1687.896,0,2262.541,0,14.016,2267,1540,1.330,1.040,0.600,1,0,43.048,0,0,11,28,1,17,0
23-06 11:12:12,17.737,4.497,77.693,0,0,1458280,816016,175520,5468156,9296.165,6179.457,0,28383.132,0,281.793,2474,2214,1.300,1.040,0.600,1,0,0,0,0,11,29,1,17,0
23-06 11:12:13,20.993,13.995,62.978,0,0,1445816,828460,175520,5468176,7224.472,3811.666,0,15.994,0,3.999,3903,2734,1.300,1.040,0.600,2,0,155.945,0,0,11,28,1,17,0
23-06 11:12:14,39.484,5.748,53.978,0,0,1500504,773764,175520,5468184,7803.840,4494.180,0,603.756,0,3.998,2692,1315,1.300,1.040,0.600,1,0,0,0,0,11,30,1,17,0
23-06 11:12:15,34.050,4.757,60.338,0,0,1500408,773644,175528,5468392,20398.728,16714.358,0,136.198,0,17.025,6292,8181,1.300,1.040,0.600,2,0,0,0,0,11,30,1,17,0
23-06 11:12:16,52.073,27.038,20.529,0,0,1468280,805732,175532,5468424,8567.984,2190.063,0,200.280,0,20.028,5355,4428,1.300,1.040,0.600,6,0,541.758,0,0,11,28,1,18,0
23-06 11:12:17,81.495,15.749,0,0,0,1723532,550468,175532,5468436,8407.529,4741.735,0,231.987,0,1.000,4900,2615,1.680,1.120,0.630,4,0,36.998,0,0,11,30,1,17,0
23-06 11:12:18,81.257,10.718,5.733,0,0,1841916,431832,175548,5468672,35959.429,30957.392,0,398.807,0,30.908,7752,10343,1.680,1.120,0.630,6,0,0.997,0,0,11,33,1,18,0
23-06 11:12:19,62.676,14.039,23.315,0,0,1621720,651968,175560,5468720,17384.737,13007.465,0,585.642,0,58.163,6843,8571,1.680,1.120,0.630,2,0,250.703,0,0,11,28,1,23,0
23-06 11:12:20,22.947,7.233,67.595,0.499,0,1586256,687400,175588,5468724,4908.757,1616.298,0,5224.035,0,286.344,2769,2611,1.680,1.120,0.630,1,0,59.863,0,0,11,28,1,23,0
23-06 11:12:21,15.483,1.998,81.412,0,0,1572436,701212,175588,5468732,10726.436,7671.729,0,391.578,0,17.981,2223,2386,1.680,1.120,0.630,2,0,0,0,0,11,29,1,23,0
23-06 11:12:22,17.254,10.503,70.018,0.500,0,1517488,756140,175596,5468744,5549.433,2380.615,0,65376.877,0,441.114,4156,3807,1.630,1.120,0.630,1,0,68.018,0,0,11,28,1,24,0
23-06 11:12:23,19.764,3.002,76.302,0,0,1534840,738780,175600,5468748,8953.141,5561.815,0,1436.986,0,17.012,2038,1645,1.630,1.120,0.630,1,0,0,0,0,11,29,1,24,0
23-06 11:12:24,17.275,5.508,75.107,0.501,0,1491892,781676,175632,5468768,7824.143,4747.762,0,2679.817,0,154.220,3490,3870,1.630,1.120,0.630,1,0,68.097,0,0,11,28,1,25,0
23-06 11:12:25,7.754,24.013,67.785,0,0,1475476,798088,175632,5468772,4562.381,1620.846,0,4.002,0,1.001,5550,3687,1.630,1.120,0.630,3,0,394.206,0,0,11,28,1,25,0
23-06 11:12:26,46.025,31.017,21.762,0,0,1495960,777564,175632,5468812,4579.487,1620.880,0,624.339,0,14.008,5791,4512,1.630,1.120,0.630,5,0,576.313,0,0,11,28,1,25,0
23-06 11:12:27,83.899,11.986,3.745,0.250,0,1729728,543800,175632,5468804,14596.396,11710.876,0,29172.817,0,121.853,5426,3494,1.900,1.180,0.660,7,0,0,0,0,11,31,1,25,0
23-06 11:12:28,73.280,8.754,17.507,0,0,1761144,512128,175644,5469048,40695.910,36454.148,0,780.324,0,36.015,9944,15599,1.900,1.180,0.660,5,0,1.000,0,0,11,30,1,25,0
23-06 11:12:29,76.567,22.269,1.001,0,0,1576924,696228,175648,5468996,9334.125,5911.145,0,424.369,0,40.035,6810,17905,1.900,1.180,0.660,6,0,346.301,0,0,11,28,1,27,0
23-06 11:12:30,86.498,13.750,0,0,0.250,1736532,536612,175652,5469152,3797.909,1457.965,0,179.996,0,9.000,4733,2289,1.900,1.180,0.660,6,0,0,0,0,11,28,1,27,0
23-06 11:12:31,81.771,10.969,6.233,0,0.249,1835724,437124,175660,5469432,35605.489,32519.115,0,757.882,0,43.877,6532,7824,1.900,1.180,0.660,5,0,0,0,0,11,34,1,27,0
23-06 11:12:32,72.112,7.261,20.031,0,0,1792744,479848,175676,5469672,38929.418,33414.859,0,244.379,0,31.048,11013,16718,2.070,1.230,0.680,5,0,85.132,0,0,11,28,1,32,0
23-06 11:12:33,47.812,15.270,36.297,0,0,1573108,699540,175680,5469704,4986.517,1622.120,0,5971.805,0,398.521,3830,2650,2.070,1.230,0.680,2,0,215.281,0,0,11,28,1,26,0
23-06 11:12:34,33.412,4.737,60.839,0,0,1601520,671116,175688,5469716,14412.826,11744.892,0,107.715,0,5.984,3318,2748,2.070,1.230,0.680,1,0,0,0,0,11,30,1,26,0
23-06 11:12:35,48.558,17.271,33.290,0,0,1522116,750476,175688,5469760,13966.654,9680.543,0,2250.684,0,115.137,6950,7665,2.070,1.230,0.680,3,0,378.451,0,0,11,28,1,28,0
23-06 11:12:36,60.234,7.248,32.491,0,0,1637724,634852,175688,5469776,10910.035,7738.897,0,159.957,0,7.998,3488,1529,2.070,1.230,0.680,1,0,0,0,0,11,31,1,28,0
23-06 11:12:37,50.518,5.752,42.015,0.250,0,1630528,641836,175708,5469968,27022.600,22796.098,0,648.230,0,50.018,7640,10010,2.220,1.270,0.690,2,1,0,0,0,11,30,1,29,0
23-06 11:12:38,71.842,22.779,5.507,0,0,1539248,733092,175708,5469992,4265.465,1084.389,0,1429.832,0,41.053,5699,4310,2.220,1.270,0.690,4,1,259.332,0,0,11,28,1,29,0
23-06 11:12:39,70.425,9.240,19.479,0,0,1667712,604596,175708,5470020,20999.520,17824.919,0,199.786,0,11.987,5205,3783,2.220,1.270,0.690,6,0,0,0,0,11,32,1,29,0
23-06 11:12:40,63.066,13.014,23.274,0,0,1543980,728116,175716,5470224,30149.609,25791.040,0,364.382,0,36.038,9721,13777,2.220,1.270,0.690,5,0,228.239,0,0,11,28,1,32,0
23-06 11:12:41,65.001,13.500,21.000,0,0,1607384,664692,175716,5470244,4623.061,1566.021,0,204.003,0,12.000,3858,1936,2.220,1.270,0.690,3,0,96.001,0,0,11,28,1,29,0
23-06 11:12:42,45.227,5.497,47.726,0,0,1633648,638376,175716,5470296,28854.391,25097.293,0,0,0,0,6398,7758,2.120,1.270,0.700,2,0,0,0,0,11,31,1,29,0
23-06 11:12:43,54.875,18.458,26.689,0.249,0,1505160,766696,175724,5470456,10413.259,7216.547,0,618.590,0,40.907,6391,6198,2.120,1.270,0.700,3,0,298.320,0,0,11,28,1,31,0
23-06 11:12:44,60.387,8.018,31.321,0.251,0,1600264,671532,175724,5470504,10235.302,7963.129,0,216.493,0,10.023,3698,1635,2.120,1.270,0.700,1,0,0,0,0,11,31,1,31,0
23-06 11:12:45,50.977,4.498,43.230,0.250,0,1599884,671532,175752,5470852,27771.393,23177.479,0,983.554,0,69.968,7170,9895,2.120,1.270,0.700,3,0,0,0,0,11,28,1,34,0
23-06 11:12:46,56.802,19.768,23.271,0,0,1548344,723052,175756,5470868,5121.645,1621.471,0,172.156,0,12.011,4536,2920,2.120,1.270,0.700,3,0,287.261,0,0,11,28,1,34,0
23-06 11:12:47,53.219,6.496,39.477,0,0,1635420,635956,175764,5470880,16641.325,13698.036,0,107.937,0,5.997,3763,2678,2.190,1.300,0.710,4,0,0,0,0,11,31,1,34,0
23-06 11:12:48,54.199,10.240,34.468,0,0,1470256,800900,175796,5471068,17370.777,13985.938,0,1174.903,0,80.924,7278,9273,2.190,1.300,0.710,3,0,112.895,0,0,11,28,1,36,0
23-06 11:12:49,64.027,9.504,26.011,0,0,1583700,687448,175796,5471076,5889.440,3425.419,0,88.036,0,8.003,3857,1690,2.190,1.300,0.710,2,0,0,0,0,11,29,1,34,0
23-06 11:12:50,47.544,6.006,45.542,0,0,1607516,663580,175800,5471124,26202.423,23559.960,0,76.071,0,6.006,5827,7244,2.190,1.300,0.710,1,0,0,0,0,11,30,1,35,0
23-06 11:12:51,56.239,22.995,20.246,0.250,0,1518692,752320,175840,5471164,7832.464,3220.368,0,439.914,0,50.990,6404,5931,2.190,1.300,0.710,6,0,472.907,0,0,11,28,1,36,0
23-06 11:12:52,77.501,22.250,0.250,0,0,1667812,603148,175844,5471212,4112.049,1512.018,0,168.002,0,11.000,5323,4149,2.500,1.380,0.740,8,0,330.004,0,0,11,28,1,36,0
23-06 11:12:53,80.642,18.975,0.499,0,0,1815176,455760,175848,5471232,22178.290,19140.359,0,447.401,0,25.965,6125,5949,2.500,1.380,0.740,8,0,294.605,0,0,11,32,1,36,0
23-06 11:12:54,79.130,18.030,2.254,0,0,1826368,444124,175860,5471640,40531.693,37451.625,0,432.712,0,40.066,7695,10028,2.500,1.380,0.740,6,0,353.582,0,0,11,30,1,37,0
23-06 11:12:55,77.253,22.251,0.750,0,0,1558172,712248,175868,5471700,14545.631,10698.464,0,452.020,0,37.002,6576,6376,2.500,1.380,0.740,6,0,409.018,0,0,11,28,1,37,0
23-06 11:12:56,86.487,11.498,2.000,0,0,1705920,564492,175876,5471700,7279.880,4999.231,0,139.978,0,11.998,4825,2106,2.500,1.380,0.740,3,0,0,0,0,11,30,1,37,0
23-06 11:12:57,73.702,9.244,15.490,0,0,1766176,504024,175880,5471904,40047.956,34799.369,0,171.888,0,8.994,7262,10659,2.700,1.440,0.760,3,0,0,0,0,11,33,1,37,0
23-06 11:12:58,61.023,17.256,21.258,0,0,1563056,707068,175880,5471976,26064.682,20675.680,0,36.013,0,6.002,8075,11014,2.700,1.440,0.760,1,0,402.149,0,0,11,28,1,42,0
23-06 11:12:59,8.254,22.512,67.286,0,0,1544832,725276,175880,5471976,5508.956,1566.841,0,820.440,0,10.005,5529,3734,2.700,1.440,0.760,2,0,376.202,0,0,11,28,0,42,0
23-06 11:13:00,47.246,37.247,14.749,0,0,1536160,733908,175880,5472016,5279.533,1661.853,0,39.996,0,9.999,6002,5371,2.700,1.440,0.760,6,0,803.929,0,0,11,28,0,42,0
23-06 11:13:01,73.337,11.724,13.969,0,0,1655872,614164,175888,5472040,15842.683,13189.598,0,566.737,0,33.924,4809,3655,2.700,1.440,0.760,2,0,22.949,0,0,11,31,0,42,0
23-06 11:13:02,64.547,9.257,25.519,0.250,0,1673588,596196,175940,5472236,26217.045,21785.826,0,488.355,0,52.038,6588,9978,2.640,1.450,0.770,3,0,67.049,0,0,11,29,0,45,0
23-06 11:13:03,80.126,17.528,2.754,0,0,1576372,693376,175944,5472268,6856.765,2997.706,0,632.994,0,99.156,5394,3558,2.640,1.450,0.770,3,0,201.316,0,0,11,28,1,46,0
23-06 11:13:04,67.528,9.469,22.925,0,0,1673072,596660,175944,5472284,27217.459,23289.382,0,155.488,0,6.977,5788,6586,2.640,1.450,0.770,8,0,1.993,0,0,11,32,0,46,0
23-06 11:13:05,51.587,6.010,40.819,0,0,1673048,596436,175944,5472524,38190.182,33494.290,0,152.256,0,8.013,10960,16716,2.640,1.450,0.770,2,0,0,0,0,11,32,0,46,0
23-06 11:13:06,65.602,9.765,23.036,0,0,1626344,642916,175972,5472712,26990.170,21458.527,0,3862.034,0,177.277,9069,13445,2.640,1.450,0.770,4,0,60.094,0,0,11,28,0,45,0
23-06 11:13:07,82.510,13.752,4.000,0,0,1590060,679164,175976,5472744,8796.035,5422.638,0,176.021,0,12.001,4815,2433,2.750,1.490,0.780,4,0,60.007,0,0,11,29,0,45,0
23-06 11:13:08,65.322,7.729,25.680,0,0,1655084,613936,175988,5472932,30535.935,26280.510,0,367.002,0,11.967,6221,8336,2.750,1.490,0.780,1,0,0.997,0,0,11,32,0,45,0
23-06 11:13:09,53.119,6.264,38.586,0.251,0,1655384,613376,175988,5473180,42046.044,38352.783,0,465.040,0,53.119,13171,19944,2.750,1.490,0.780,2,0,1.002,0,0,11,33,0,46,0
23-06 11:13:10,72.771,17.505,10.003,0,0,1535088,733592,176004,5473244,18312.382,12783.757,0,120.035,0,8.002,6704,7265,2.750,1.490,0.780,5,0,260.076,0,0,11,30,0,47,0
23-06 11:13:11,76.757,11.751,10.751,0,0,1649652,618996,176016,5473260,12911.164,10370.935,0,168.015,0,14.001,4949,3240,2.750,1.490,0.780,3,0,1.000,0,0,11,34,0,47,0
23-06 11:13:12,57.200,7.244,34.470,0,0,1671820,596580,176016,5473504,40488.380,36040.294,0,0,0,0,10389,15795,2.770,1.520,0.800,2,0,0,0,0,11,35,0,48,0
23-06 11:13:13,77.010,14.002,8.501,0,0,1538412,729800,176036,5473668,14738.990,9783.321,0,1920.259,0,138.019,6940,7623,2.770,1.520,0.800,5,0,128.017,0,0,11,32,0,49,0
23-06 11:13:14,75.842,10.478,13.222,0,0.249,1664084,604116,176036,5473680,14449.915,11712.614,0,83.825,0,4.990,4723,2712,2.770,1.520,0.800,5,0,0,0,0,11,35,0,47,0
23-06 11:13:15,65.078,12.014,22.277,0.250,0,1593452,674688,176048,5473724,25997.203,22181.623,0,865.038,0,65.078,6855,9696,2.770,1.520,0.800,4,0,120.144,0,0,11,34,0,49,0
23-06 11:13:16,73.849,9.262,17.023,0,0,1633076,634844,176048,5473940,28618.182,23615.508,0,0,0,0,6171,8911,2.770,1.520,0.800,4,0,26.035,0,0,11,34,0,51,0
23-06 11:13:17,71.410,12.484,14.981,0,0.250,1640940,626924,176048,5473996,24781.797,19163.871,0,0,0,0,6914,8502,2.950,1.570,0.820,5,0,114.855,0,0,11,33,0,52,0
23-06 11:13:18,75.062,13.511,11.259,0,0,1680780,587060,176048,5474020,18127.966,13764.363,0,0,0,0,5354,4742,2.950,1.570,0.820,5,0,87.072,0,0,11,34,0,52,0
23-06 11:13:19,73.304,12.259,13.510,0,0,1703476,564180,176048,5474196,19702.462,15535.403,0,12.009,0,2.001,5741,5438,2.950,1.570,0.820,3,0,68.050,0,0,11,34,0,54,0
23-06 11:13:20,68.486,9.748,21.246,0.250,0,1678312,589248,176080,5474260,25900.867,20765.885,0,383.924,0,41.992,6092,8192,2.950,1.570,0.820,3,0,71.986,0,0,11,34,0,56,0
23-06 11:13:21,59.013,12.503,27.756,0.250,0,1549440,718076,176100,5474276,11922.696,7364.665,0,372.084,0,34.008,5025,4378,2.950,1.570,0.820,4,0,136.031,0,0,11,32,0,58,0
23-06 11:13:22,56.135,9.481,33.431,0,0,1615764,651560,176112,5474456,13854.598,10325.832,0,171.648,0,12.973,4424,3650,2.950,1.600,0.830,2,0,49.898,0,0,11,34,0,51,0
23-06 11:13:23,49.946,9.989,39.208,0,0,1596880,670260,176116,5474632,25005.210,20023.547,0,155.833,0,8.990,5437,7666,2.950,1.600,0.830,4,0,95.897,0,0,11,34,0,52,0
23-06 11:13:24,57.419,12.035,30.339,0,0,1530372,736736,176116,5474664,11737.483,8286.344,0,160.471,0,9.027,4409,3919,2.950,1.600,0.830,5,0,86.253,0,0,11,33,0,54,0
23-06 11:13:25,53.933,6.991,38.702,0,0,1584812,682108,176116,5474852,18560.099,14880.639,0,227.719,0,17.978,4300,4215,2.950,1.600,0.830,3,0,0,0,0,11,34,0,55,0
23-06 11:13:26,36.292,7.759,54.063,0.250,0,1526764,740068,176140,5474904,21949.384,17805.592,0,368.426,0,34.039,6631,8644,2.950,1.600,0.830,4,0,104.120,0,0,11,32,0,56,0
23-06 11:13:27,39.157,12.221,47.886,0,0,1528404,738424,176144,5474904,2907.064,592.586,0,143.657,0,9.976,3717,2258,2.880,1.600,0.840,2,0,116.722,0,0,11,32,0,56,0
23-06 11:13:28,35.985,5.248,58.225,0,0,1580556,686252,176144,5474924,16785.922,13923.129,0,111.953,0,7.997,3795,3467,2.880,1.600,0.840,2,0,1.000,0,0,11,34,0,56,0
23-06 11:13:29,40.336,10.021,48.102,0,0,1517680,748928,176152,5478216,10412.164,6507.853,0,184.393,0,13.028,4886,9359,2.880,1.600,0.840,7,0,139.297,0,0,11,32,0,58,0
23-06 11:13:30,38.727,8.745,51.219,0.250,0,1501732,764832,176160,5475132,9614.256,6287.243,0,1535.083,0,24.985,3417,5286,2.880,1.600,0.840,3,0,34.979,0,0,11,33,0,57,0
23-06 11:13:31,34.522,8.255,56.536,0.250,0,1463152,803388,176168,5475148,13330.601,9996.449,0,244.158,0,23.015,4157,4123,2.880,1.600,0.840,4,0,60.039,0,0,11,33,0,58,0
23-06 11:13:32,39.754,5.751,53.506,0,0,1451860,814660,176172,5475164,9307.970,5544.578,0,244.025,0,22.002,3259,2841,2.730,1.590,0.840,2,0,5.001,0,0,11,32,1,59,0
23-06 11:13:33,35.003,4.750,59.256,0,0,1498628,767868,176172,5475188,16586.619,13025.271,0,148.014,0,10.001,3950,4240,2.730,1.590,0.840,2,0,0,0,0,11,34,0,59,0
23-06 11:13:34,37.260,6.752,55.264,0,0,1531860,734588,176176,5475228,15596.010,11791.032,0,376.097,0,28.007,4866,5268,2.730,1.590,0.840,2,0,43.011,0,0,11,32,0,56,0
23-06 11:13:35,39.890,5.734,53.353,0,0,1547712,718724,176180,5475236,8209.315,5507.780,0,139.614,0,8.975,2725,1938,2.730,1.590,0.840,3,0,4.986,0,0,11,33,0,56,0
23-06 11:13:36,34.802,4.256,60.089,0,0,1563264,703008,176180,5475396,19316.764,15176.599,0,216.322,0,18.027,4846,5675,2.730,1.590,0.840,3,0,0,0,0,11,33,0,57,0
23-06 11:13:37,28.001,17.501,53.003,0.250,0,1486488,779692,176196,5475472,8754.434,5410.268,0,3932.195,0,176.009,5996,5451,2.590,1.580,0.840,1,0,282.014,0,0,11,32,0,58,0
23-06 11:13:38,19.255,3.251,76.521,0,0,1508536,757640,176196,5475476,6230.747,3587.006,0,176.049,0,6.002,1725,1239,2.590,1.580,0.840,0,0,1.000,0,0,11,33,0,58,0
23-06 11:13:39,17.514,2.252,79.564,0,0,1495984,770176,176204,5475492,13130.492,9443.546,0,816.653,0,86.069,3380,4197,2.590,1.580,0.840,1,0,0,0,0,11,33,0,55,0
23-06 11:13:40,12.493,16.491,69.213,0.250,0.250,1437324,828812,176212,5475508,5621.997,2533.647,0,283.848,0,27.985,4665,3386,2.590,1.580,0.840,1,0,283.848,0,0,11,32,0,56,0
23-06 11:13:41,21.985,3.997,73.450,0,0,1464848,801288,176212,5475508,4933.616,1618.890,0,0,0,0,1746,1126,2.590,1.580,0.840,1,0,0,0,0,11,32,0,56,0
23-06 11:13:42,17.514,2.752,78.562,0,0,1470280,795836,176212,5475528,13245.481,9853.797,0,216.171,0,8.006,2716,2841,2.380,1.560,0.830,1,0,0,0,0,11,33,0,56,0
23-06 11:13:43,19.742,6.497,72.472,0,0,1430836,835240,176212,5475568,8038.896,4008.452,0,7.997,0,1.999,3128,2759,2.380,1.560,0.830,1,0,45.982,0,0,11,32,0,52,0
23-06 11:13:44,19.764,2.252,77.053,0.250,0,1450236,815828,176212,5475580,6930.810,3961.749,0,232.161,0,21.015,1942,1685,2.380,1.560,0.830,1,0,0,0,0,11,33,0,52,0
23-06 11:13:45,19.501,2.500,75.755,0,0,1442504,823408,176212,5475732,12455.893,9131.655,0,440.032,0,29.002,3794,4551,2.380,1.560,0.830,2,0,0,0,0,11,33,0,52,0
23-06 11:13:46,16.003,10.502,72.013,0,0,1400180,865640,176216,5475816,7940.476,4666.868,0,100.019,0,13.002,4563,4395,2.380,1.560,0.830,1,0,153.028,0,0,11,32,0,52,0
23-06 11:13:47,11.003,24.507,62.767,0,0,1391808,873896,176232,5475908,4339.197,1458.402,0,244.067,0,15.004,6012,4466,2.270,1.550,0.840,2,0,468.129,0,0,11,32,0,51,0
23-06 11:13:48,42.702,8.490,47.946,0.250,0,1522320,743080,176256,5476184,4614.786,1618.172,0,579.345,0,19.977,3090,1845,2.270,1.550,0.840,2,0,5.993,0,0,11,32,0,51,0
23-06 11:13:49,38.996,7.749,46.495,4.999,0,1576284,683920,176636,5480440,4397.494,1499.827,0,13286.470,0,1232.858,8290,12654,2.270,1.550,0.840,2,0,61.993,0,0,11,36,0,51,0
23-06 11:13:50,35.655,8.477,40.642,13.464,0,1580756,675044,177164,5484180,4428.236,1615.708,0,44789.012,0,3926.569,15659,30885,2.270,1.550,0.840,2,1,96.743,0,0,11,36,0,51,0
23-06 11:13:51,39.858,8.523,41.613,8.272,0,1527972,727680,177440,5484008,4761.907,1570.256,0,33181.941,0,2516.822,10119,18856,2.270,1.550,0.840,2,0,19.052,0,0,11,32,0,47,0
23-06 11:13:52,45.039,5.004,48.542,0,0,1507004,748628,177440,5484028,4501.865,1513.299,0,840.722,0,44.038,2867,1527,2.250,1.560,0.840,2,0,1.001,0,0,11,32,0,47,0
23-06 11:13:53,36.750,9.000,43.000,9.500,0,1570824,684044,177828,5484392,5065.945,1619.982,0,18899.795,0,2461.973,13942,24658,2.250,1.560,0.840,1,1,1.000,0,0,11,34,0,47,0
23-06 11:13:54,33.409,8.228,54.102,2.992,0,1527508,726996,178012,5484540,4892.635,1561.734,0,5576.766,0,648.229,6242,8180,2.250,1.560,0.840,1,0,106.709,0,0,11,32,0,47,0
23-06 11:13:55,21.762,4.503,73.042,0.250,0,1518508,735980,178020,5484544,5283.025,1662.952,0,896.513,0,44.025,2006,1596,2.250,1.560,0.840,1,0,2.001,0,0,11,32,0,46,0
23-06 11:13:56,23.196,3.741,71.085,0.748,0,1548040,706380,178088,5484544,5404.462,1616.250,0,7422.779,0,414.039,2612,2943,2.250,1.560,0.840,1,0,0,0,0,11,32,0,46,0
23-06 11:13:57,23.100,3.515,72.565,0.251,0,1497800,756456,178088,5484752,5951.855,1572.833,188.820,321.396,2.009,21.092,2001,1518,2.150,1.550,0.840,1,0,5.022,0,0,11,32,0,46,0
23-06 11:13:58,22.442,3.740,73.310,0,0,1545012,709240,178088,5484756,5910.649,1561.943,0,0,0,0,1881,1223,2.150,1.550,0.840,1,0,2.992,0,0,11,32,0,46,0
23-06 11:13:59,22.777,2.753,73.086,0,0,1500292,753948,178088,5484768,5766.806,1621.914,0,0,0,0,1776,1174,2.150,1.550,0.840,1,0,2.002,0,0,11,32,0,41,0
23-06 11:14:00,22.512,3.752,73.288,0,0,1492640,761600,178088,5484768,5342.798,1662.871,0,0,0,0,1786,1175,2.150,1.550,0.840,1,0,2.001,0,0,11,32,0,41,0
23-06 11:14:01,23.482,2.498,73.195,0,0,1457936,796196,178088,5484844,4485.619,1510.861,0,227.828,0,1.998,1682,1045,2.150,1.550,0.840,1,0,0.999,0,0,11,32,0,41,0
23-06 11:14:02,21.521,4.004,74.072,0,0,1481800,772324,178088,5484848,3823.697,1081.045,0,208.201,0,2.002,1773,1198,2.060,1.540,0.840,3,0,2.002,0,0,11,32,0,41,0
23-06 11:14:03,23.019,3.503,72.061,0.500,0,1522600,731500,178104,5484856,5090.289,1567.321,0,6445.431,0,349.294,2274,2468,2.060,1.540,0.840,2,0,0,0,0,11,32,0,37,0
23-06 11:14:04,23.244,2.749,73.232,0,0,1480456,773556,178104,5484944,5310.659,1511.618,0,75.981,0,3.999,1705,1110,2.060,1.540,0.840,2,0,1.000,0,0,11,32,0,37,0
23-06 11:14:05,22.473,3.496,73.662,0,0,1498324,755664,178104,5484968,5259.729,1564.135,0,23.971,0,3.995,1739,1208,2.060,1.540,0.840,3,0,0.999,0,0,11,32,0,37,0
23-06 11:14:06,22.477,3.247,73.925,0,0,1512676,741312,178104,5484968,5023.886,1510.462,0,0,0,0,1717,1141,2.060,1.540,0.840,3,0,1.998,0,0,11,32,0,37,0
23-06 11:14:07,22.791,2.504,73.632,0,0,1470612,783356,178104,5484988,4854.700,1568.812,0,4.007,0,1.002,1713,1120,1.970,1.530,0.850,2,0,1.002,0,0,11,32,0,37,0
23-06 11:14:08,23.001,3.250,73.502,0.250,0,1504552,749396,178104,5485004,4712.146,1512.047,0,1108.034,0,151.005,1831,1270,1.970,1.530,0.850,2,0,1.000,0,0,11,32,0,37,0
23-06 11:14:09,22.016,3.503,73.304,0,0.250,1479568,774324,178104,5485028,4729.491,1567.157,0,128.095,0,2.001,1717,1165,1.970,1.530,0.850,2,0,1.001,0,0,11,32,0,37,0
23-06 11:14:10,23.212,2.995,73.630,0,0,1532840,721048,178104,5485032,4584.522,1509.538,0,1916.873,0,208.660,1765,1145,1.970,1.530,0.850,2,0,1.997,0,0,11,32,0,37,0
23-06 11:14:11,13.526,14.528,70.636,0,0,1480104,773636,178104,5485176,4631.923,1569.023,0,176.340,0,2.004,4267,2973,1.970,1.530,0.850,4,0,243.469,0,0,11,32,0,33,0
23-06 11:14:12,8.244,20.986,68.454,0,0,1463992,789720,178104,5485200,3651.564,1133.244,0,791.472,0,8.994,5501,3901,1.890,1.520,0.850,2,0,371.752,0,0,11,32,0,33,0
23-06 11:14:13,8.251,20.753,69.008,0.500,0,1449612,804072,178108,5485244,4458.538,1458.176,0,968.117,0,49.006,5440,4121,1.890,1.520,0.850,2,0,304.037,0,0,11,32,0,33,0
23-06 11:14:14,7.235,21.454,68.854,0,0,1446488,807172,178108,5485268,5089.182,1616.564,0,0,0,0,5340,3711,1.890,1.520,0.850,1,0,318.323,0,0,11,32,0,33,0
23-06 11:14:15,15.779,11.271,72.635,0,0,1436288,817380,178108,5485260,5349.959,1623.021,0,4.007,0,1.002,3256,2299,1.890,1.520,0.850,1,0,131.244,0,0,11,32,0,29,0
23-06 11:14:16,21.727,3.996,73.422,0,0,1480256,773408,178108,5485264,6715.898,1564.346,0,0,0,0,1794,1161,1.890,1.520,0.850,1,0,1.998,0,0,11,32,0,29,0
23-06 11:14:17,22.025,3.254,73.835,0,0,1465780,787868,178108,5485280,6367.345,1621.871,0,16.018,0,1.001,1783,1188,1.820,1.510,0.850,1,0,1.001,0,0,11,32,0,29,0
23-06 11:14:18,23.012,3.252,73.289,0,0,1510092,743576,178108,5485260,7323.884,1620.860,0,84.045,0,2.001,1846,1236,1.820,1.510,0.850,1,0,3.002,0,0,11,32,0,29,0
23-06 11:14:19,23.236,2.249,73.957,0,0,1489008,764640,178108,5485280,5069.041,1511.118,0,23.986,0,1.999,1717,1072,1.820,1.510,0.850,1,0,0.999,0,0,11,32,0,29,0
23-06 11:14:20,21.739,3.998,72.962,0,0,1487528,766132,178108,5485268,4737.534,1619.157,0,2110.901,0,13.993,1807,1287,1.820,1.510,0.850,1,0,0,0,0,11,32,0,23,0
23-06 11:14:21,22.760,3.752,73.534,0,0,1510736,742924,178108,5485268,4296.975,1458.670,0,12.006,0,1.000,1698,1081,1.820,1.510,0.850,1,0,2.001,0,0,11,32,0,23,0
23-06 11:14:22,22.244,2.999,73.729,0,0.250,1466168,787504,178108,5485256,4068.828,1349.611,0,7.998,0,1.000,1744,1134,1.760,1.500,0.850,1,0,2.999,0,0,11,32,0,23,0
23-06 11:14:23,22.004,4.001,73.013,0,0,1522612,731056,178108,5485256,4434.818,1444.266,0,952.176,0,115.021,1926,1540,1.760,1.500,0.850,1,0,0,0,0,11,32,0,23,0
23-06 11:14:24,23.007,2.751,73.772,0,0,1472656,780984,178112,5485280,4639.352,1458.425,0,128.037,0,11.003,1704,1125,1.760,1.500,0.850,2,0,1.000,0,0,11,32,0,17,0
23-06 11:14:25,22.496,3.249,73.238,0,0,1498464,755188,178112,5485268,4281.287,1241.793,0,107.982,0,3.000,1717,1146,1.760,1.500,0.850,2,0,0,0,0,11,32,0,17,0
23-06 11:14:26,22.004,3.751,73.512,0,0,1531476,722176,178112,5485268,4447.755,1350.229,0,12.002,0,1.000,1776,1136,1.760,1.500,0.850,2,0,2.000,0,0,11,32,0,17,0
23-06 11:14:27,22.496,3.249,73.236,0,0,1483396,770272,178112,5485252,4485.149,1565.703,0,0,0,0,1759,1242,1.690,1.490,0.850,2,0,1.000,0,0,11,32,0,17,0
23-06 11:14:28,21.744,3.499,73.479,0,0,1512124,741544,178112,5485252,4410.766,1511.577,0,0,0,0,1796,1208,1.690,1.490,0.850,3,0,2.999,0,0,11,32,0,13,0
23-06 11:14:29,24.019,2.752,73.307,0.250,0,1462784,790856,178112,5485280,4549.540,1567.219,0,236.184,0,31.024,1729,1068,1.690,1.490,0.850,2,0,1.001,0,0,11,32,0,13,0
23-06 11:14:30,26.244,7.248,65.484,0,0,1511256,742468,178112,5485196,4350.950,1511.635,0,0,0,0,2759,10480,1.690,1.490,0.850,2,0,37.991,0,0,11,32,0,14,0
23-06 11:14:31,23.754,2.500,73.512,0,0,1535248,718476,178112,5485196,4743.755,1566.249,0,92.015,0,2.000,1643,1020,1.690,1.490,0.850,2,0,0,0,0,11,32,0,14,0
23-06 11:14:32,21.998,4.250,73.494,0,0,1488532,765108,178112,5485276,4619.623,1619.868,0,7.999,0,1.000,1773,1274,1.640,1.480,0.850,2,0,1.000,0,0,11,32,0,10,0
23-06 11:14:33,21.746,3.999,72.986,0,0,1480032,773592,178128,5485276,4979.039,1619.687,0,523.899,0,40.992,1973,1717,1.640,1.480,0.850,3,0,1.000,0,0,11,32,0,10,0
23-06 11:14:34,22.238,4.248,73.710,0,0,1524328,729292,178132,5485276,4677.433,1619.111,0,87.952,0,9.995,1738,1124,1.640,1.480,0.850,1,0,1.999,0,0,11,32,0,10,0
23-06 11:14:35,22.773,3.003,73.325,0,0,1488596,765004,178132,5485296,4897.041,1513.558,0,208.214,0,29.030,1748,1194,1.640,1.480,0.850,2,0,1.001,0,0,11,32,0,10,0
23-06 11:14:36,23.202,1.996,73.596,0,0,1499056,754540,178132,5485300,5106.329,1616.622,0,23.950,0,0.998,1752,1086,1.640,1.480,0.850,1,0,0.998,0,0,11,32,0,7,0
23-06 11:14:37,22.741,3.749,73.222,0,0,1501168,752440,178132,5485288,4918.096,1619.373,0,7.997,0,1.000,1748,1229,1.590,1.480,0.850,1,0,0,0,0,11,32,0,7,0
23-06 11:14:38,22.757,3.501,72.771,0,0,1526684,726932,178132,5485284,5041.442,1620.463,0,12.003,0,1.000,1867,1215,1.590,1.480,0.850,2,0,4.001,0,0,11,32,0,7,0
23-06 11:14:39,10.524,19.795,68.658,0,0,1466796,786768,178132,5485336,5157.844,1569.604,0,280.644,0,10.023,5101,3535,1.590,1.480,0.850,1,0,331.762,0,0,11,32,0,7,0
23-06 11:14:40,16.729,10.737,70.911,0,0,1457572,795984,178132,5485344,4646.196,1510.114,0,47.940,0,1.998,3213,2323,1.590,1.480,0.850,1,0,128.839,0,0,11,32,0,4,0
23-06 11:14:41,22.977,2.747,74.174,0.250,0,1452568,800968,178132,5485364,4558.347,1564.403,0,335.657,0,64.934,1581,1038,1.590,1.480,0.850,1,0,0,0,0,11,32,0,4,0
23-06 11:14:42,22.250,3.500,73.499,0,0,1421412,831880,178132,5485600,4291.954,1511.984,0,0,0,0,1898,1203,1.540,1.470,0.850,1,0,9.000,0,0,11,32,0,4,0
23-06 11:14:43,23.258,3.751,72.026,0,0,1473300,779948,178136,5485640,3789.369,918.332,0,508.184,0,31.011,2006,1627,1.540,1.470,0.850,1,0,0,0,0,11,32,0,4,0
23-06 11:14:44,15.268,15.268,67.581,0,0,1442156,810952,178136,5485776,4485.383,1081.298,40.048,28.034,2.002,1.001,4189,2937,1.540,1.470,0.850,1,0,258.310,0,0,11,32,0,3,0
23-06 11:14:45,8.248,21.496,68.737,0,0,1432712,820368,178140,5485800,4785.068,1565.695,0,343.933,0,15.997,5441,3902,1.540,1.470,0.850,2,0,344.933,0,0,11,32,0,3,0
23-06 11:14:46,7.988,21.966,67.894,0,0,1421596,831444,178140,5485824,4721.634,1509.645,0,487.240,0,48.924,5510,3837,1.540,1.470,0.850,2,0,365.430,0,0,11,32,0,3,0
23-06 11:14:47,7.516,23.050,67.896,0,0,1413776,839240,178140,5485848,4375.439,1569.386,0,4.009,0,1.002,5524,3878,1.580,1.480,0.860,1,0,362.783,0,0,11,32,0,3,0
23-06 11:14:48,7.755,23.015,68.545,0,0,1398460,854536,178140,5485868,4460.958,1458.967,0,880.584,0,10.007,5766,4283,1.580,1.480,0.860,1,0,408.271,0,0,11,32,0,1,0
23-06 11:14:49,8.498,21.744,68.231,0,0,1401600,851372,178140,5485892,4216.855,1457.604,0,923.749,0,12.996,5530,3931,1.580,1.480,0.860,2,0,382.896,0,0,11,32,0,1,0
23-06 11:14:50,8.249,22.247,67.992,0.250,0,1395180,857776,178140,5485908,4351.467,1511.815,0,999.878,0,11.999,5403,3725,1.580,1.480,0.860,2,0,345.958,0,0,11,32,0,1,0
23-06 11:14:51,7.249,20.997,69.739,0,0,1390432,862504,178140,5485928,4616.275,1619.746,0,291.954,0,3.999,4852,3220,1.580,1.480,0.860,1,0,265.958,0,0,11,32,0,1,0
23-06 11:14:52,7.996,21.239,68.965,0,0.250,1388556,864360,178140,5485948,4437.716,1619.167,0,139.928,0,4.997,5131,3434,1.530,1.470,0.860,1,0,299.846,0,0,11,32,0,1,0
23-06 11:14:53,7.245,22.484,68.952,0,0,1383260,869620,178140,5485968,4676.724,1618.866,0,315.779,0,6.995,5567,3861,1.530,1.470,0.860,3,0,356.750,0,0,11,32,0,1,0
23-06 11:14:54,8.509,22.525,67.324,0,0,1364016,888828,178140,5485996,4551.024,1567.731,0,40.044,0,10.011,5725,4112,1.530,1.470,0.860,2,0,407.450,0,0,11,32,0,1,0
23-06 11:14:55,8.250,20.751,69.002,0,0,1352724,900092,178140,5486024,5160.186,1662.060,0,136.005,0,10.000,5532,3948,1.530,1.470,0.860,2,0,360.013,0,0,11,32,0,1,0
23-06 11:14:56,18.241,26.987,53.724,0,0,1351276,901504,178148,5486052,4994.621,1661.209,0,411.804,0,22.989,6662,5675,1.530,1.470,0.860,6,0,603.712,0,0,11,32,0,3,0
23-06 11:14:57,60.276,17.758,21.009,0.250,0,1532368,720212,178180,5486184,6334.726,1512.651,0,984.424,0,55.024,5060,4039,1.730,1.510,0.880,4,0,310.133,0,0,11,32,0,7,0
23-06 11:14:58,57.782,11.757,25.014,4.503,0,1641056,604880,178488,5492060,5809.230,1566.871,372.207,14640.141,3.002,1190.662,8756,12872,1.730,1.510,0.880,4,0,51.028,0,0,11,36,0,7,0
23-06 11:14:59,43.251,14.250,30.501,10.500,0,1644908,590768,179392,5500496,6032.136,1512.034,0,68485.544,0,4886.110,19301,37284,1.730,1.510,0.880,6,0,153.003,0,0,11,36,0,8,0
23-06 11:15:00,38.709,11.488,34.214,13.486,0,1713684,511632,179624,5510232,7287.276,3528.260,0,85061.843,0,5925.719,19905,40581,1.730,1.510,0.880,3,0,71.924,0,0,11,37,0,8,0
23-06 11:15:01,41.038,9.259,33.531,13.012,0,1701584,515820,180096,5517408,13243.171,8952.227,0,72270.419,0,5530.082,19898,39184,1.730,1.510,0.880,4,1,45.041,0,0,11,36,0,9,0
23-06 11:15:02,37.901,24.686,25.932,9.725,0,1629160,581608,180568,5523680,5012.944,1561.932,295.231,56417.061,3.990,4051.448,17273,30900,2.470,1.670,0.930,3,0,390.982,0,0,11,34,0,9,0
23-06 11:15:03,41.305,19.025,26.535,10.013,0,1640548,563724,180832,5529188,10536.947,6552.673,933.235,53131.324,15.020,3767.987,17746,32952,2.470,1.670,0.930,5,2,171.227,0,0,11,35,0,9,0
23-06 11:15:04,33.296,11.766,40.806,11.266,0,1643032,557448,180952,5532744,14705.284,10648.688,668.923,47661.742,12.017,3632.010,17343,32806,2.470,1.670,0.930,1,0,146.202,0,0,11,35,0,9,0
23-06 11:15:05,29.442,9.980,45.909,12.226,0,1560452,636584,181132,5535924,11982.247,7082.959,0,52555.814,0,4049.971,17204,33060,2.470,1.670,0.930,2,1,77.846,0,0,11,34,0,9,0
23-06 11:15:06,37.724,8.494,38.974,13.491,0,1621988,575644,181404,5535076,5365.371,1606.913,0,47655.769,0,4006.290,14541,29735,2.470,1.670,0.930,6,1,17.988,0,0,11,34,0,9,0
23-06 11:15:07,31.791,7.259,45.810,12.266,0,1626380,570076,181632,5535972,13407.474,9781.749,0,47505.915,0,4179.447,16589,31157,2.510,1.690,0.940,3,0,39.051,0,0,11,35,0,9,0
23-06 11:15:08,31.453,6.740,48.428,10.484,0,1615540,579536,181704,5537256,15958.230,12293.688,0,46762.347,0,3791.353,17833,33219,2.510,1.690,0.940,2,0,27.958,0,0,11,35,0,9,0
23-06 11:15:09,39.096,10.025,40.099,8.772,0,1602168,590940,181736,5539152,5740.120,2812.920,0,29340.174,0,2722.698,12511,23586,2.510,1.690,0.940,5,0,110.271,0,0,11,36,0,10,0
23-06 11:15:10,32.748,7.499,44.997,11.999,0,1634748,555856,181836,5541492,9780.287,6651.515,0,48420.468,0,4057.704,14510,29952,2.510,1.690,0.940,2,0,47.996,0,0,11,37,0,10,0
23-06 11:15:11,29.986,7.247,48.228,10.995,0,1623720,563120,182000,5544996,13741.704,9962.436,0,58936.997,0,4707.843,18808,37400,2.510,1.690,0.940,1,1,56.974,0,0,11,37,0,10,0
23-06 11:15:12,31.972,9.242,45.460,11.240,0,1594300,588092,182116,5549136,11745.756,7627.348,0,51626.975,0,4383.177,19073,37055,2.550,1.710,0.950,5,0,122.893,0,0,11,36,0,10,0
23-06 11:15:13,35.051,10.766,40.810,10.515,0,1595372,584716,182168,5551316,4807.053,1622.380,0,53462.440,0,4402.459,16263,32021,2.550,1.710,0.950,3,0,57.084,0,0,11,36,0,10,0
23-06 11:15:14,30.239,9.247,45.983,11.746,0,1610000,575372,182196,5546000,14036.818,9929.335,0,61065.458,0,5089.121,19258,38392,2.550,1.710,0.950,1,0,14.994,0,0,11,37,0,10,0
23-06 11:15:15,30.763,7.003,48.020,10.004,0,1606772,575512,182208,5549096,18173.402,13557.522,0,46963.129,0,3720.515,17676,34188,2.550,1.710,0.950,2,0,33.013,0,0,11,36,0,11,0
23-06 11:15:16,38.502,13.001,45.003,3.000,0,1482628,699768,182216,5548976,6035.354,1458.085,0,13172.772,0,939.055,6746,8480,2.550,1.710,0.950,2,0,211.012,0,0,11,32,0,12,0
23-06 11:15:17,19.237,5.996,73.702,0.250,0,1508992,673392,182216,5548988,11143.752,6647.677,0,1007.345,0,59.961,2827,2512,2.430,1.700,0.950,1,0,64.958,0,0,11,33,0,12,0
23-06 11:15:18,19.740,5.497,73.214,0.500,0.250,1459424,722696,182220,5549248,10272.951,5375.358,0,3490.285,0,205.899,3684,4081,2.430,1.700,0.950,1,0,34.983,0,0,11,32,0,13,0
23-06 11:15:19,21.483,4.746,73.441,0,0,1464352,717768,182220,5549248,4888.067,1510.784,0,43.965,0,4.996,1855,1237,2.430,1.700,0.950,1,0,0,0,0,11,32,0,13,0
23-06 11:15:20,16.024,2.504,80.373,0,0,1477452,704568,182220,5549348,11482.535,8288.657,0,88.135,0,9.014,2203,2269,2.430,1.700,0.950,1,0,0,0,0,11,32,0,13,1
23-06 11:15:21,19.254,6.751,72.515,0.250,0,1451780,730236,182220,5549352,5044.016,1578.318,0,180.036,0,13.003,2581,1810,2.430,1.700,0.950,1,0,60.012,0,0,11,32,0,14,0
23-06 11:15:22,18.733,2.498,77.679,0.250,0,1475364,706648,182220,5549356,10036.802,6694.865,0,255.766,0,36.966,2033,1716,2.310,1.690,0.950,1,0,0,0,0,11,33,0,14,0
23-06 11:15:23,21.004,2.250,75.764,0,0,1471412,710448,182220,5549508,10583.907,7011.263,0,1580.285,0,137.025,3262,3646,2.310,1.690,0.950,1,0,0,0,0,11,32,0,15,0
23-06 11:15:24,19.514,6.755,72.303,0,0,1482224,699632,182220,5549508,4983.632,1621.181,0,276.201,0,23.017,2517,1992,2.310,1.690,0.950,1,0,43.031,0,0,11,32,0,15,0
23-06 11:15:25,20.002,2.250,77.006,0,0,1504400,677444,182220,5549516,9772.804,6593.543,0,164.014,0,12.001,2021,1649,2.310,1.690,0.950,1,0,0,0,0,11,33,0,15,0
23-06 11:15:26,17.504,3.501,78.016,0.250,0,1448172,733652,182220,5549536,11504.394,7298.519,0,252.052,0,22.005,3554,4093,2.310,1.690,0.950,1,0,23.005,0,0,11,32,0,16,0
23-06 11:15:27,7.999,22.748,67.244,0,0,1435416,746252,182220,5549692,4665.570,1607.852,0,203.981,0,15.999,5594,3892,2.210,1.680,0.950,1,0,385.964,0,0,11,32,0,16,0
23-06 11:15:28,30.760,23.507,44.264,0.250,0,1462864,718576,182244,5549896,4293.360,1512.479,0,852.270,0,60.019,5936,4798,2.210,1.680,0.950,3,0,389.123,0,0,11,32,0,22,0
23-06 11:15:29,63.957,11.992,23.984,0,0,1614956,565620,182264,5550728,4916.693,1618.911,0,331.777,0,7.995,3856,1637,2.210,1.680,0.950,3,0,2.998,0,0,11,32,0,22,0
23-06 11:15:30,70.674,10.738,17.731,0.250,0,1755128,422484,182380,5553232,4615.039,1618.260,0,4415.254,0,203.781,4894,11765,2.210,1.680,0.950,3,0,35.961,0,0,11,32,0,23,0
23-06 11:15:31,52.327,8.262,31.547,5.758,0,1840324,328292,182536,5561548,4824.117,1622.394,0,30140.469,0,2038.007,11218,17450,2.210,1.680,0.950,1,1,99.146,0,0,11,38,0,23,0
23-06 11:15:32,24.923,9.471,47.603,14.954,0,1838508,318240,182640,5572868,5144.104,1615.009,0,108660.218,0,7135.948,25975,51957,2.510,1.750,0.980,2,1,215.335,0,0,11,38,0,23,0
23-06 11:15:33,24.309,9.022,47.365,15.538,0,1836560,311196,182712,5581476,4811.664,1623.937,0,93149.802,0,7055.102,23837,48108,2.510,1.750,0.980,1,0,189.459,0,0,11,38,0,22,0
23-06 11:15:34,38.258,10.752,35.007,13.753,0,1690080,449376,182792,5589448,5161.054,1620.331,0,63925.058,0,4948.011,19589,38172,2.510,1.750,0.980,6,1,243.050,0,0,11,36,0,22,0
23-06 11:15:35,42.510,10.502,31.257,12.253,0.250,1750496,380860,182836,5597196,4469.038,1458.339,0,79050.368,0,5316.235,19058,37238,2.510,1.750,0.980,4,1,79.018,0,0,11,36,0,22,0
23-06 11:15:36,38.510,11.003,35.009,12.253,0,1798500,319904,182872,5609624,5358.331,1620.403,0,77211.180,0,5446.353,20336,38322,2.510,1.750,0.980,4,0,0,0,0,11,36,0,22,0
23-06 11:15:37,44.141,10.225,30.923,12.718,0.249,1745708,368692,182888,5613472,4337.252,1454.396,0,69571.599,0,5309.842,20038,38653,2.630,1.790,1,6,0,88.780,0,0,11,36,0,22,0
23-06 11:15:38,38.031,7.756,44.787,7.506,0,1738812,373316,182900,5615632,4683.859,1621.336,0,40141.075,0,3114.566,13696,24419,2.630,1.790,1,3,0,133.110,0,0,11,34,0,22,0
23-06 11:15:39,19.777,17.774,59.832,1.502,0,1452752,659340,182900,5615660,4404.008,1459.992,0,12917.623,0,768.048,5437,6146,2.630,1.790,1,2,0,249.340,0,0,11,32,0,22,0
23-06 11:15:40,22.007,3.751,72.523,0.500,0,1476760,635328,182900,5615664,4561.457,1620.517,0,4657.487,0,275.088,2265,2439,2.630,1.790,1,2,0,1.000,0,0,11,32,0,22,0
23-06 11:15:41,23.214,2.995,73.386,0,0,1523244,588840,182900,5615668,4048.716,1455.740,0,27.957,0,3.994,1792,1252,2.630,1.790,1,2,0,1.997,0,0,11,34,0,22,0
23-06 11:15:42,25.020,1.001,72.558,0.250,0,1534392,577692,182900,5615668,4683.721,1621.288,0,184.146,0,15.012,2288,1962,2.500,1.770,1,2,0,0,0,0,11,34,0,22,0
23-06 11:15:43,20.230,5.994,73.179,0,0,1509880,602160,182900,5615708,5055.125,1456.595,0,47.954,0,4.995,2254,1465,2.500,1.770,1,1,0,27.973,0,0,11,32,0,22,0
23-06 11:15:44,21.972,3.995,73.407,0,0,1559184,552856,182900,5615708,5213.391,1617.949,0,0,0,0,1734,1136,2.500,1.770,1,1,0,0,0,0,11,32,0,22,0
23-06 11:15:45,23.504,2.250,72.512,0.250,0,1570764,541268,182900,5615716,5220.860,1620.267,0,544.090,0,44.007,2073,1652,2.500,1.770,1,1,0,2.000,0,0,11,34,0,22,0
23-06 11:15:46,14.042,32.347,52.658,0,0,1481916,630076,182904,5615752,4729.232,1462.401,0,312.942,0,25.075,6892,6202,2.500,1.770,1,2,0,857.581,0,0,11,32,0,22,0
23-06 11:15:47,9.992,28.978,58.456,0,0,1475124,636824,182904,5615796,4556.565,1618.780,0,151.886,0,14.989,6046,4583,2.380,1.760,1,2,0,573.568,0,0,11,32,0,22,0
23-06 11:15:48,8.255,23.264,67.790,0,0,1461288,650596,182904,5615860,4442.639,1620.963,0,24.014,0,6.004,5310,3569,2.380,1.760,1,1,0,343.204,0,0,11,32,0,22,0
23-06 11:15:49,8.485,19.215,69.873,0,0,1437736,674108,182908,5615888,4372.033,1617.053,0,311.432,0,61.887,5382,3779,2.380,1.760,1,1,0,317.422,0,0,11,32,0,22,0
23-06 11:15:50,10.001,21.503,66.758,0.250,0,1435132,676660,182908,5615932,4440.523,1620.191,0,4436.522,0,210.025,5730,4519,2.380,1.760,1,2,1,293.035,0,0,11,32,0,22,0
23-06 11:15:51,16.025,18.529,62.849,0.501,0,1427940,683784,182908,5616296,4684.403,1622.564,0,6478.238,0,310.491,7053,8715,2.380,1.760,1,1,0,223.353,0,0,11,32,0,22,0
23-06 11:15:52,37.716,14.737,46.458,0,0,1493116,618492,182920,5616512,4196.186,1618.529,0,191.826,0,7.993,3992,2811,2.270,1.750,1,2,0,130.881,0,0,11,33,0,22,0
23-06 11:15:53,44.536,6.505,48.539,0,0,1584584,527016,182920,5616520,4341.505,1459.178,0,0,0,0,2724,1291,2.270,1.750,1,2,0,0,0,0,11,33,0,22,0
23-06 11:15:54,48.963,7.494,43.467,0.250,0,1628672,482188,182968,5617168,4856.361,1618.787,0,1007.245,0,74.944,3994,3158,2.270,1.750,1,2,0,24.981,0,0,11,49,0,22,0
23-06 11:15:55,28.493,14.246,54.986,0.250,0,1656124,450940,182992,5620604,5038.712,1619.586,0,1123.713,0,76.980,5726,9145,2.270,1.750,1,1,0,143.963,0,0,11,48,0,22,0
23-06 11:15:56,12.474,18.462,66.861,0,0,1652520,454504,182996,5620712,5423.713,1496.885,0,163.659,0,12.973,5477,5366,2.270,1.750,1,0,0,257.464,0,0,11,48,0,22,0
23-06 11:15:57,10.516,8.262,80.118,0,0,1653388,453612,182996,5620624,5828.606,1622.395,0,689.017,0,90.133,3536,4544,2.250,1.750,1.010,0,0,90.133,0,0,11,48,0,22,0
23-06 11:15:58,0.749,0.499,97.619,0,0,1653388,453612,182996,5620624,5830.185,1456.048,0,0,0,0,770,972,2.250,1.750,1.010,0,0,3.995,0,0,11,48,0,16,0
23-06 11:15:59,0.750,0.750,97.506,0.250,0,1653388,453612,182996,5620624,5340.342,1620.104,0,4076.261,0,315.020,854,1047,2.250,1.750,1.010,0,0,3.000,0,0,11,48,0,16,0
23-06 11:16:00,0.250,0.500,98.554,0,0,1653384,453612,182996,5620628,4820.640,1500.822,0,0,0,0,695,976,2.250,1.750,1.010,1,0,1.001,0,0,11,48,0,16,0
23-06 11:16:01,2.501,4.002,92.042,0,0,1616664,490272,182996,5620676,4819.205,1620.742,0,4.002,0,1.000,1680,1706,2.250,1.750,1.010,0,0,51.023,0,0,11,48,0,16,0
23-06 11:16:02,19.790,20.040,59.620,0,0,1663448,443448,182996,5620704,4527.137,1460.948,0,1984.004,0,17.034,5716,6989,2.310,1.770,1.020,2,0,260.526,0,0,11,48,0,14,0
23-06 11:16:03,8.736,16.974,71.888,0,0,1694492,412272,182996,5620844,4802.528,1617.483,0,199.689,0,2.995,4689,3813,2.310,1.770,1.020,1,0,252.607,0,0,12,48,0,14,0
23-06 11:16:04,26.256,19.504,52.512,0,0,1692292,414392,182996,5621248,5355.215,1696.385,0,304.069,0,30.007,6725,7937,2.310,1.770,1.020,1,0,290.066,0,0,12,64,0,14,0
23-06 11:16:05,9.485,10.483,78.374,0.250,0,1675252,431428,182996,5620892,5750.744,1617.397,0,842.644,0,49.920,3561,3887,2.310,1.770,1.020,0,0,186.699,0,0,12,64,0,14,0
23-06 11:16:06,7.770,15.290,74.946,0,0,1681892,424632,182996,5621388,5371.080,1624.258,0,906.376,0,9.024,4605,5045,2.310,1.770,1.020,1,0,176.463,0,0,14,64,0,14,0
23-06 11:16:07,17.000,13.750,67.751,0,0,1688844,417672,182996,5621044,5350.046,1620.014,0,668.006,0,10.000,4694,5251,2.200,1.760,1.020,1,0,180.002,0,0,14,66,0,14,0
23-06 11:16:08,8.487,19.969,69.642,0,0,1695516,410924,182996,5621092,4612.872,1659.436,0,307.525,0,2.995,5319,3716,2.200,1.760,1.020,1,0,314.514,0,0,14,66,0,14,0
23-06 11:16:09,8.250,21.999,67.498,0,0,1673400,432848,182996,5621252,4619.849,1703.944,0,39.999,0,10.000,5448,3860,2.200,1.760,1.020,1,0,321.989,0,0,14,66,0,14,0
23-06 11:16:10,21.773,16.017,61.815,0,0,1700620,405604,182996,5621264,4865.149,1621.716,0,4.004,0,1.001,6134,7587,2.200,1.760,1.020,2,0,214.227,0,0,14,66,0,13,0
23-06 11:16:11,29.032,25.028,44.799,0,0,1774580,331568,183004,5621324,4762.245,1621.786,0,632.697,0,12.013,6730,5482,2.200,1.760,1.020,3,0,578.637,0,0,14,66,0,13,0
23-06 11:16:12,30.080,24.859,44.498,0,0,1818904,286048,183064,5622384,3955.581,1449.783,0,19.887,0,4.972,7010,7968,2.190,1.760,1.020,3,0,555.850,0,0,14,66,0,13,0
23-06 11:16:13,31.146,24.364,42.449,0,0,1911052,193432,183084,5622804,4410.654,1627.622,0,64.301,0,13.061,5874,6756,2.190,1.760,1.020,2,0,362.698,0,0,14,70,0,15,0
23-06 11:16:14,54.940,23.974,20.228,0,0,1962960,158376,177964,5611712,4582.986,1546.308,19.978,3.996,2.997,0.999,5867,6026,2.190,1.760,1.020,6,0,385.578,0,0,14,70,0,15,0
23-06 11:16:15,68.717,24.738,6.247,0.250,0,2057756,182676,168724,5504924,5877.188,1619.225,203.902,27.987,5.997,6.997,6044,7738,2.190,1.760,1.020,7,0,367.824,0,0,14,70,0,15,0
23-06 11:16:16,66.667,24.562,8.020,0.501,0,2166592,136652,168040,5443760,6230.629,1461.667,497.247,1876.708,26.065,35.088,5560,5133,2.190,1.760,1.020,4,0,414.039,0,0,14,70,0,15,0
23-06 11:16:17,74.002,23.251,1.750,0.500,0.250,2274704,205916,168648,5270008,6480.171,1620.043,732.019,1588.042,82.002,97.003,7168,8882,2.330,1.800,1.040,4,0,331.009,0,0,14,74,0,15,0
23-06 11:16:18,69.633,24.459,3.744,1.248,0,2452656,153012,168324,5147512,5528.687,1455.548,47.919,14946.822,5.990,1146.069,10383,15181,2.330,1.800,1.040,6,1,271.543,0,0,14,74,0,12,0
23-06 11:16:19,67.274,25.913,4.734,1.744,0,2567484,177640,168340,5012060,5381.920,1614.576,881.040,28843.102,29.900,2085.992,14478,28018,2.330,1.800,1.040,4,0,388.694,0,0,14,76,0,12,0
23-06 11:16:20,71.818,20.770,7.007,0,0.250,2643892,173232,168440,4940812,4544.291,1081.021,456.431,7683.255,7.007,516.488,7590,11737,2.330,1.800,1.040,6,0,215.203,0,0,14,83,0,16,0
23-06 11:16:21,66.013,25.602,7.530,0.251,0,2744496,140256,168448,4874620,4733.862,1463.833,32.128,2815.217,7.028,76.304,8740,14035,2.330,1.800,1.040,3,0,488.948,0,0,14,91,0,24,0
23-06 11:16:22,35.678,26.447,36.676,0.249,0,2810960,142800,168448,4807548,4822.265,1508.954,0,854.275,0,50.897,8355,10674,2.470,1.840,1.050,10,0,403.186,0,0,14,89,0,25,0
23-06 11:16:23,52.027,16.759,29.765,0.500,0,2893684,127016,168452,4742192,4626.397,1714.888,3185.650,3589.860,35.018,167.087,6685,9497,2.470,1.840,1.050,3,1,196.102,0,0,14,90,0,26,0
23-06 11:16:24,48.788,8.507,42.033,0,0,3010484,149448,168468,4606292,5103.998,1711.340,4.003,968.759,1.001,51.040,3441,4150,2.470,1.840,1.050,3,0,9.007,0,0,14,94,0,28,0
23-06 11:16:25,15.762,16.763,66.049,0,0,3022660,136516,168476,4607028,4863.632,1621.211,4.003,1409.052,1.001,96.072,5276,4749,2.470,1.840,1.050,2,0,230.172,0,0,14,97,0,28,0
23-06 11:16:26,7.989,19.474,70.906,0.250,0,3029124,130008,168476,4607056,4976.420,1563.932,0,123.836,0,12.983,5179,3709,2.470,1.840,1.050,1,0,271.641,0,0,14,97,0,28,0
23-06 11:16:27,7.758,20.521,69.820,0,0,3016928,208520,168476,4541808,4504.534,1621.632,4.004,40.040,1.001,4.004,5184,3708,2.350,1.820,1.050,2,0,286.288,0,0,14,97,0,26,0
23-06 11:16:28,11.466,15.953,71.290,0,0,3050396,175040,168476,4541820,4339.198,1507.552,0,3.988,0,0.997,4255,2940,2.350,1.820,1.050,1,0,202.403,0,0,14,97,0,26,0
23-06 11:16:29,19.283,3.005,77.131,0,0,3107712,185752,168480,4475776,7017.929,3903.635,4.007,56.095,1.002,1.002,1607,1116,2.350,1.820,1.050,1,0,0,0,0,14,98,0,26,0
23-06 11:16:30,26.478,5.495,66.944,0.250,0,3123944,169412,168480,4475884,25291.842,21690.855,95.920,8293.063,7.993,535.552,4232,13450,2.350,1.820,1.050,2,0,35.970,0,0,14,100,0,27,0
23-06 11:16:31,23.784,7.010,68.347,0.250,0,3082252,211080,168480,4475908,5108.221,1646.327,4.006,160.226,1.001,23.033,2941,2085,2.350,1.820,1.050,2,0,66.093,0,0,14,105,0,21,0
23-06 11:16:32,18.232,3.496,76.922,0,0,3123060,170268,168480,4475912,10900.017,7210.734,0,271.726,0,22.977,2125,2002,2.240,1.810,1.050,2,0,0,0,0,14,106,0,21,0
23-06 11:16:33,24.278,4.005,70.583,0.751,0,3132500,160524,168492,4476224,5738.732,2336.741,36.042,3580.200,3.004,433.509,3517,4113,2.240,1.810,1.050,1,1,2.002,0,0,14,112,0,21,0
23-06 11:16:34,35.414,7.981,52.872,0.998,0,3219804,139332,168492,4412028,5193.443,1693.905,826.003,1711.861,25.937,164.602,5701,7564,2.240,1.810,1.050,2,0,4.988,0,0,14,117,0,21,0
23-06 11:16:35,23.488,10.495,63.719,0.750,0,3174060,184980,168492,4412108,5876.101,2653.691,0,2726.655,0,104.948,5050,5100,2.240,1.810,1.050,1,0,113.944,0,0,14,118,0,23,0
23-06 11:16:36,22.283,3.255,73.859,0,0,3235252,123784,168492,4412112,6782.014,3537.223,0,524.775,0,42.062,2136,1869,2.240,1.810,1.050,0,0,2.003,0,0,14,121,0,23,0
23-06 11:16:37,17.753,3.000,78.263,0.500,0,3233876,191196,168492,4347740,11656.914,7992.312,72.012,940.154,6.001,65.011,2444,2513,2.140,1.800,1.050,1,0,0,0,0,14,121,0,23,0
23-06 11:16:38,29.227,6.495,61.702,0.749,0,3279984,144856,168500,4347964,5977.362,2649.944,51.960,3201.516,3.997,224.826,5144,6721,2.140,1.800,1.050,3,0,5.995,0,0,14,122,0,24,0
23-06 11:16:39,40.280,12.009,46.785,0.250,0,3293412,196484,168500,4284512,3590.659,648.480,0,1797.331,0,111.082,3874,2850,2.140,1.800,1.050,2,0,95.070,0,0,14,122,0,24,0
23-06 11:16:40,33.459,4.245,61.424,0,0,3359060,130824,168500,4284524,28467.802,24957.143,0,1302.390,0,64.920,2696,1840,2.140,1.800,1.050,1,0,0,0,0,14,123,0,24,0
23-06 11:16:41,20.007,6.752,72.274,0,0,3307060,182808,168500,4284540,5130.738,1752.594,8.003,120.041,2.001,13.004,2507,1786,2.140,1.800,1.050,1,0,55.019,0,0,14,122,0,25,0
23-06 11:16:42,19.292,2.505,76.916,0,0,3352916,136944,168500,4284548,10139.947,7306.815,0,0,0,0,1824,1345,2.050,1.780,1.050,1,0,0,0,0,14,123,0,25,0
23-06 11:16:43,20.249,6.250,72.747,0.250,0,3360864,128916,168500,4284628,22680.110,19352.240,12.000,15.999,3.000,4.000,2574,1843,2.050,1.780,1.050,2,0,50.998,0,0,14,122,0,26,0
23-06 11:16:44,26.970,5.993,65.427,0,0,3408932,141068,168500,4225488,10313.505,7263.904,11.987,603.328,2.997,55.938,3895,4918,2.050,1.780,1.050,2,0,7.991,0,0,14,125,0,27,0
23-06 11:16:45,20.279,4.006,73.355,0.501,0,3338496,211448,168500,4225544,6759.697,3635.215,0,981.408,0,119.171,3400,4016,2.050,1.780,1.050,1,0,14.020,0,0,14,124,0,28,0
23-06 11:16:46,19.441,7.727,72.530,0.249,0.249,3403348,146572,168500,4225552,4744.641,1615.112,3.988,2269.133,0.997,28.913,2638,2041,2.050,1.780,1.050,1,0,67.795,0,0,14,124,0,28,0
23-06 11:16:47,18.564,2.258,77.768,0,0,3415584,134324,168500,4225564,28320.682,25200.921,0,1151.973,0,60.208,2092,1812,1.960,1.770,1.050,1,0,0,0,0,14,124,0,29,0
23-06 11:16:48,19.467,6.988,72.130,0.250,0,3372692,177200,168500,4225580,3647.908,1132.109,0,39.933,0,3.993,2527,1741,1.960,1.770,1.050,1,0,55.907,0,0,14,124,0,29,0
23-06 11:16:49,18.716,2.745,77.860,0,0,3405024,144856,168508,4225584,9882.279,6900.626,7.986,83.850,1.996,8.984,1763,1315,1.960,1.770,1.050,1,0,0,0,0,14,125,0,29,0
23-06 11:16:50,22.825,5.017,68.977,1.756,0,3404588,145008,168508,4225868,5326.535,2459.095,0,3130.305,0,356.173,5989,9318,1.960,1.770,1.050,1,0,1.003,0,0,14,126,0,29,0
23-06 11:16:51,22.981,6.245,68.942,0.500,0,3336544,212988,168508,4225932,6341.637,2869.573,15.986,4484.208,0.999,449.620,4570,5340,1.960,1.770,1.050,1,0,52.955,0,0,14,125,0,31,0
23-06 11:16:52,21.745,3.249,73.232,0,0,3386948,162584,168508,4225932,3907.065,1187.716,0,431.897,0,26.994,1790,1271,2.050,1.790,1.060,1,0,0,0,0,14,125,0,31,0
23-06 11:16:53,15.250,2.750,81.249,0.250,0,3393616,155900,168508,4225948,13910.771,10853.822,0,2431.960,0,141.998,2266,2424,2.050,1.790,1.060,2,0,0,0,0,14,126,0,31,0
23-06 11:16:54,25.999,5.750,66.248,0.750,0,3393780,155576,168508,4226108,4073.899,1133.972,95.998,1135.972,6.000,132.997,4776,6385,2.050,1.790,1.060,1,0,7.000,0,0,14,128,0,31,0
23-06 11:16:55,33.433,9.481,55.140,0.749,0,3353848,195268,168512,4226344,5471.054,2439.120,0,1053.892,0,104.790,6751,9166,2.050,1.790,1.060,1,0,77.844,0,0,14,129,0,32,0
23-06 11:16:56,22.254,2.750,75.013,0,0,3403072,146044,168512,4226344,7013.212,3532.610,0,292.050,0,15.003,1785,1205,2.050,1.790,1.060,0,0,0,0,0,14,130,0,32,0
23-06 11:16:57,16.550,3.009,78.238,0.752,0,3401904,147160,168512,4226396,14355.745,9346.481,0,4084.446,0,291.889,3427,4515,1.960,1.780,1.060,1,1,0,0,0,14,129,0,33,0
23-06 11:16:58,16.981,10.738,70.671,0,0,3342004,207032,168512,4226408,5799.534,1564.256,0,3444.160,0,187.791,3718,3305,1.960,1.780,1.060,1,0,147.835,0,0,14,129,0,33,0
23-06 11:16:59,20.252,3.000,76.259,0,0,3399204,149828,168512,4226412,10919.318,7439.898,0,0,0,0,1970,1394,1.960,1.780,1.060,1,0,2.000,0,0,14,132,0,33,0
23-06 11:17:00,22.773,3.253,72.573,0.501,0,3399176,149828,168512,4226440,11140.192,7404.439,0,696.700,0,77.077,4098,5118,1.960,1.780,1.060,1,0,0,0,0,14,132,0,33,0
23-06 11:17:01,27.720,7.492,61.683,0.749,0,3400228,148100,168536,4227060,5171.411,3006.750,423.542,1078.834,67.927,117.873,6411,9119,1.960,1.780,1.060,2,0,6.992,0,0,14,132,0,33,0
23-06 11:17:02,36.503,15.501,46.503,0.750,0,3354340,193744,168536,4227256,6736.466,2146.148,16.001,1580.109,1.000,148.010,10647,15515,2.530,1.900,1.100,2,0,286.020,0,0,14,131,0,34,0
23-06 11:17:03,20.241,3.748,73.966,0.250,0,3426100,121964,168536,4227276,7087.736,3760.269,0,451.792,0,28.987,2093,1574,2.530,1.900,1.100,0,0,0,0,0,14,132,0,34,0
23-06 11:17:04,18.773,7.008,73.589,0.250,0,3424624,169744,168536,4181704,10788.038,7137.626,0,1766.134,0,123.149,3232,2769,2.530,1.900,1.100,3,1,90.109,0,0,14,131,0,35,0
23-06 11:17:05,8.491,20.478,68.677,0,0,3413428,180776,168536,4181884,5394.230,1600.288,11.987,1238.675,2.997,82.911,5817,4645,2.530,1.900,1.100,2,0,329.647,0,0,14,131,0,35,0
23-06 11:17:06,11.754,20.758,65.274,0,0,3408288,185896,168544,4182332,5044.880,1566.584,0,472.176,0,36.013,6247,6145,2.530,1.900,1.100,1,0,279.104,0,0,14,131,0,35,0
23-06 11:17:07,23.728,18.483,56.948,0,0,3408428,185736,168544,4181920,4855.585,1618.528,0,151.862,0,7.993,5911,6113,2.730,1.950,1.120,2,0,233.787,0,0,14,131,0,35,0
23-06 11:17:08,30.269,23.765,45.028,0.250,0,3423344,170628,168544,4182112,4100.539,1528.947,20.012,92.057,2.001,11.007,5901,4484,2.730,1.950,1.120,2,0,375.232,0,0,14,131,0,35,0
23-06 11:17:09,29.023,19.765,49.789,0,0,3448212,145416,168560,4182848,4903.816,1621.262,0,788.614,0,37.029,7703,10196,2.730,1.950,1.120,1,0,348.271,0,0,14,139,0,35,0
23-06 11:17:10,47.258,23.004,29.005,0.250,0,3555412,176484,168568,4046712,4532.734,1512.245,108.017,448.073,8.001,30.005,7505,11589,2.730,1.950,1.120,3,0,361.058,0,0,16,145,0,35,0
23-06 11:17:11,51.437,27.217,20.475,0.250,0,3665832,161812,168568,3951820,4377.621,1564.078,95.882,251.691,2.996,18.977,6221,5057,2.730,1.950,1.120,3,0,451.445,0,0,16,145,0,35,0
23-06 11:17:12,53.052,19.519,26.526,0.250,0,3738036,136092,168568,3906368,4596.530,1603.580,12.012,7931.817,3.003,750.740,8087,13358,2.750,1.970,1.140,2,0,210.207,0,0,16,161,0,35,0
23-06 11:17:13,32.769,25.265,41.524,0,0,3805748,175472,168568,3800940,4908.876,1566.918,0,560.328,0,11.006,13775,4389,2.750,1.970,1.140,3,0,368.216,0,0,16,161,0,35,0
23-06 11:17:14,27.215,24.468,47.439,0,0.250,3841080,195424,168568,3747032,4705.904,1510.044,3.995,439.431,0.999,22.970,6053,4641,2.750,1.970,1.140,1,0,405.475,0,0,17,161,0,35,0
23-06 11:17:15,9.732,20.961,65.627,0.250,0,3835292,201232,168568,3747064,4956.692,1563.065,11.978,519.025,2.994,46.912,5430,4008,2.750,1.970,1.140,2,0,261.509,0,0,17,161,0,35,0
23-06 11:17:16,22.574,17.307,58.943,0,0,3867760,168764,168572,3747060,6189.259,1587.195,0,272.893,0,21.069,6203,7612,2.750,1.970,1.140,2,0,207.680,0,0,17,161,0,33,0
23-06 11:17:17,29.219,23.974,45.202,0,0,3926116,138876,168572,3719212,4677.016,593.368,3.996,2301.548,0.999,8.990,5875,4345,2.610,1.950,1.130,3,0,363.613,0,0,17,161,0,33,0
23-06 11:17:18,30.748,20.499,47.997,0,0,3944664,197120,168576,3644428,5971.569,1511.891,0,91.993,0,6.999,6434,7073,2.610,1.950,1.130,6,0,292.979,0,0,17,167,0,33,0
23-06 11:17:19,37.896,24.184,36.400,0.249,0,4048560,159256,168584,3579632,4966.345,1615.558,43.879,538.519,4.986,36.899,7516,13966,2.610,1.950,1.130,7,0,410.870,0,0,17,179,0,33,0
23-06 11:17:20,29.864,26.601,42.662,0.251,0,4106884,167424,168584,3514456,4818.318,1626.182,128.488,534.030,6.023,43.164,7066,6821,2.610,1.950,1.130,2,0,528.007,0,0,17,179,0,33,0
23-06 11:17:21,20.689,24.927,52.595,0.249,0,4161824,171020,168584,3457240,4563.547,1615.238,3.988,610.201,0.997,46.862,9233,13218,2.610,1.950,1.130,1,0,383.868,0,0,17,185,0,33,0
23-06 11:17:22,18.010,21.512,59.033,0.250,0,4169764,163008,168588,3457292,4992.749,1620.892,4.002,776.427,1.001,52.029,5720,4635,2.480,1.930,1.130,2,0,333.183,0,0,17,201,0,33,0
23-06 11:17:23,23.053,16.788,58.634,0,0,4203892,128864,168588,3457300,5087.634,1699.887,68.156,517.183,1.002,26.060,6275,8017,2.480,1.930,1.130,2,0,236.541,0,0,17,201,0,33,0
23-06 11:17:24,41.425,10.731,46.666,0.250,0,4317508,134248,168588,3340108,4897.151,1563.175,1058.088,107.805,15.971,12.977,3061,1807,2.480,1.930,1.130,2,0,18.966,0,0,17,201,0,17,0
23-06 11:17:25,43.065,10.015,45.819,0,0,4423432,174740,168596,3197608,4645.011,1460.204,92.139,336.508,3.005,26.039,3629,2554,2.480,1.930,1.130,3,0,9.014,0,0,17,208,0,17,0
23-06 11:17:26,32.984,4.498,61.970,0.250,0,4345232,252856,168596,3197692,4254.966,1079.484,55.973,1171.440,4.998,80.961,3104,2656,2.480,1.930,1.130,3,0,15.992,0,0,17,209,0,17,0
23-06 11:17:27,27.523,28.523,42.785,0.500,0,4424488,171348,168604,3199920,4673.843,1351.111,1997.642,1893.557,27.022,106.087,7020,6444,2.520,1.950,1.140,5,0,632.520,0,0,17,209,0,17,0
23-06 11:17:28,40.222,26.981,31.728,0,0,4428024,165292,168624,3202872,12212.510,9047.710,899.375,1435.002,17.987,41.971,7618,9022,2.520,1.950,1.140,2,0,386.731,0,0,17,218,0,17,0
23-06 11:17:29,54.730,19.243,25.491,0,0,4462028,170532,168632,3164688,4241.485,1358.515,39.986,387.862,4.998,11.996,5649,6605,2.520,1.950,1.140,4,0,224.920,0,0,17,218,0,18,0
23-06 11:17:30,72.033,16.394,10.432,0.248,0,4626940,170360,168632,3005824,7378.213,3871.923,1200.226,619.985,29.807,28.813,5186,14985,2.520,1.950,1.140,4,0,53.653,0,0,17,219,0,19,0
23-06 11:17:31,62.917,13.087,20.637,2.768,0,4664112,161252,168720,2978224,11546.443,8636.176,7094.972,2045.543,483.199,114.760,6422,7378,2.520,1.950,1.140,3,0,27.180,0,0,17,227,0,19,0
23-06 11:17:32,49.015,20.506,29.509,0,0,4657180,166524,168724,2980016,5146.555,2093.633,64.019,1284.388,5.002,147.044,6704,7496,2.560,1.970,1.150,3,0,312.094,0,0,17,225,0,22,0
23-06 11:17:33,35.245,27.996,36.244,0.250,0,4698768,159632,168740,2946260,11330.262,7409.863,11.998,8866.640,3.000,40.994,6917,7937,2.560,1.970,1.150,2,0,399.939,0,0,17,226,0,22,0
23-06 11:17:34,38.724,19.487,39.723,0.250,0,4655336,201864,168740,2947000,9693.397,6087.853,147.899,619.578,8.994,45.969,6096,7969,2.560,1.970,1.150,4,0,259.823,0,0,17,225,0,23,0
23-06 11:17:35,59.565,27.780,12.263,0.501,0,4765040,164676,168740,2875404,5626.165,2650.905,20.022,2146.352,2.002,226.248,6617,6847,2.560,1.970,1.150,6,0,457.501,0,0,17,230,0,23,0
23-06 11:17:36,54.209,19.485,24.232,0.250,0,4785000,171668,168764,2848984,15503.379,11026.734,1135.149,1143.143,54.959,78.941,8276,13484,2.560,1.970,1.150,4,0,212.840,0,0,17,231,0,24,0
23-06 11:17:37,56.186,28.218,14.484,0,0,4820092,210884,168776,2776636,4720.648,1564.227,183.792,15662.243,4.994,902.976,7207,7453,2.680,2,1.170,3,0,491.443,0,0,17,233,0,24,0
23-06 11:17:38,54.856,22.940,21.194,0.499,0,4880380,186428,168788,2742388,10812.682,8766.042,554.548,3494.847,27.927,48.872,8790,13517,2.680,2,1.170,1,0,295.227,0,0,17,240,0,25,0
23-06 11:17:39,56.033,20.919,22.413,0.249,0.249,4937388,154996,168792,2717008,9631.780,5371.244,721.213,701.290,20.919,44.827,8027,11920,2.680,2,1.170,6,1,194.249,0,0,17,239,0,26,0
23-06 11:17:40,61.093,11.314,26.650,0,0,5059296,136004,168796,2616696,12197.507,9706.516,559.140,1142.416,9.051,17.096,7965,9815,2.680,2,1.170,2,1,3.017,0,0,17,243,0,25,0
23-06 11:17:41,54.300,10.461,33.626,0.996,0,5101172,165908,168800,2546912,16171.340,12694.168,1641.943,745.251,87.677,80.702,6133,7800,2.680,2,1.170,4,1,10.960,0,0,17,246,0,31,0
23-06 11:17:42,61.133,15.849,21.887,0.252,0,5052152,239804,168800,2522912,5206.594,2372.855,615.855,10187.778,10.063,907.682,6170,4432,2.780,2.040,1.180,5,0,133.838,0,0,17,251,0,32,0
23-06 11:17:43,43.964,29.476,25.229,0.250,0,5110632,177404,168928,2526588,15578.164,12355.819,4376.394,1525.743,66.945,77.936,8187,8686,2.780,2.040,1.180,5,0,472.611,0,0,17,251,0,33,0
23-06 11:17:44,53.730,26.240,18.993,0,0,5107532,180452,168928,2526996,4870.180,1565.415,767.713,815.695,5.998,25.990,6383,8105,2.780,2.040,1.180,5,0,377.859,0,0,17,251,0,30,0
23-06 11:17:45,68.736,19.246,11.248,0,0.250,5190240,129644,168936,2496548,12147.454,9417.027,823.827,319.933,10.998,22.995,5733,5028,2.780,2.040,1.180,4,2,166.965,0,0,18,260,0,30,0
23-06 11:17:46,79.196,14.943,4.981,0.996,0,5241240,155292,168944,2422832,7070.856,3545.390,3410.906,2036.183,170.346,221.151,7264,8233,2.780,2.040,1.180,5,1,19.924,0,0,18,258,0,33,0
23-06 11:17:47,80.136,12.812,6.280,0.754,0,5316144,152440,168964,2353036,10160.893,7259.934,928.468,1069.145,30.145,76.367,6286,7876,2.880,2.070,1.200,4,0,64.309,0,0,18,264,0,34,0
23-06 11:17:48,38.959,15.484,44.454,0,0,5256392,243920,168980,2323488,15295.001,8329.287,843.118,9414.152,12.986,83.912,5351,4871,2.880,2.070,1.200,3,1,175.816,0,0,18,268,0,33,0
23-06 11:17:49,41.043,10.261,47.300,0.250,0,5361532,138624,168980,2323628,19834.803,5658.935,512.538,444.466,4.004,30.031,3787,3110,2.880,2.070,1.200,4,0,7.007,0,0,18,272,0,33,1
23-06 11:17:50,36.938,20.216,40.432,0.250,0,5360404,133936,168984,2330280,16672400.548,270201.141,3054.857,682.850,32.945,54.908,16916,10121,2.880,2.070,1.200,5,0,263.556,0,0,18,270,0,34,0
23-06 11:17:51,55.377,9.772,34.078,0,0,5353836,159312,168984,2311864,4571.500,1581.633,256.589,617.418,2.005,54.124,4083,2910,2.880,2.070,1.200,3,0,10.023,0,0,18,274,0,34,0
23-06 11:17:52,34.145,6.231,58.569,0.249,0,5408692,146544,168984,2270148,19355.331,16310.717,0,522.390,0,44.862,3276,3137,2.730,2.050,1.200,3,0,0.997,0,0,18,281,0,35,0
23-06 11:17:53,27.797,5.760,63.857,0.501,0,5363760,190956,168984,2270672,245693.776,10106964.114,464.781,2540.268,27.045,77.130,5880,5982,2.730,2.050,1.200,2,0,6.010,0,0,18,278,0,35,0
23-06 11:17:54,29.756,5.001,62.762,0.750,0,5425052,129636,168984,2270700,10226565.099,6349121.133,0,4004.783,0,229.045,10465,5600,2.730,2.050,1.200,2,0,6.001,0,0,18,283,0,35,0
23-06 11:17:55,34.204,7.740,56.174,0.499,0,5330456,216020,169004,2278992,6943936.331,160471.725,67.908,17160.871,4.993,93.873,12455,9886,2.730,2.050,1.200,2,0,66.910,0,0,18,280,0,39,0
23-06 11:17:56,10.272,19.041,67.896,0.501,0,5307576,238804,169004,2279088,4947.626,1623.487,32.069,597.283,3.006,44.095,6041,5276,2.730,2.050,1.200,1,0,408.878,0,0,18,280,0,39,0
23-06 11:17:57,22.232,4.746,72.190,0,0,5323904,222468,169004,2279096,6294.782,1660.624,0,235.805,0,14.988,2155,1729,2.590,2.030,1.200,2,0,27.977,0,0,18,280,0,38,0
23-06 11:17:58,14.509,13.008,70.792,0,0,5255908,290448,169004,2279112,5883.527,1620.972,0,9029.413,0,836.502,4673,3022,2.590,2.030,1.200,1,0,161.097,0,0,18,280,0,38,0
23-06 11:17:59,8.749,19.498,68.994,0.250,0,5261992,284328,169004,2279148,5459.528,1661.856,4.000,971.916,1.000,64.994,5635,4356,2.590,2.030,1.200,4,0,298.974,0,0,18,282,0,38,0
23-06 11:18:00,6.247,12.994,79.215,0,0,5252316,293944,169004,2279208,4935.796,1457.349,27.988,235.895,1.999,17.992,3926,3181,2.590,2.030,1.200,0,0,210.906,0,0,18,282,0,38,0
23-06 11:18:01,8.501,3.500,86.511,0,0,5285072,261184,169004,2279212,5057.631,1620.202,0,112.014,0,13.002,1757,1832,2.590,2.030,1.200,1,0,9.001,0,0,18,282,0,37,0
23-06 11:18:02,20.005,2.751,77.021,0,0,5342484,203752,169004,2279216,6919.864,3844.035,0,0,0,0,1831,1431,2.460,2.020,1.200,1,0,0,0,0,18,283,0,37,0
23-06 11:18:03,19.509,6.003,73.285,0.250,0,5320200,225956,169004,2279296,12028.718,8308.950,64.030,0,4.002,0,3037,2447,2.460,2.020,1.200,1,0,57.027,0,0,18,286,0,38,0
23-06 11:18:04,11.988,16.984,69.933,0,0,5310456,235504,169008,2279472,4959.228,1456.598,7.992,0,1.998,0,5106,3737,2.460,2.020,1.200,1,0,205.802,0,0,18,286,0,38,0
23-06 11:18:05,14.014,17.017,66.819,0.501,0,5305396,240384,169008,2279636,5345.485,1621.664,16.016,2134.190,1.001,209.215,5448,4729,2.460,2.020,1.200,1,0,199.204,0,0,18,290,0,36,0
23-06 11:18:06,17.711,12.223,68.099,0,0,5324208,221376,169012,2279820,4944.034,1454.773,3.991,746.345,0.998,60.865,4340,3817,2.460,2.020,1.200,1,0,141.686,0,0,18,292,0,36,0
23-06 11:18:07,22.287,4.257,72.620,0.250,0,5378648,166936,169012,2279820,5168.543,1664.752,0,160.265,0,11.018,2078,1593,2.270,1.980,1.190,2,0,1.002,0,0,18,292,0,36,0
23-06 11:18:08,23.490,3.748,71.470,0.500,0,5422200,138620,169012,2264880,4728.046,1349.442,387.840,359.851,11.995,32.986,2660,2472,2.270,1.980,1.190,4,0,4.998,0,0,18,296,0,36,0
23-06 11:18:09,23.498,2.750,72.245,0,0,5372652,188204,169012,2264868,4173.685,1187.910,0,539.959,0,31.998,2086,1645,2.270,1.980,1.190,1,0,5.000,0,0,18,292,0,36,0
23-06 11:18:10,22.710,3.743,73.120,0,0,5423376,137440,169012,2264908,4609.797,1509.314,23.957,99.822,3.993,9.982,2022,1660,2.270,1.980,1.190,2,0,0,0,0,18,292,0,36,0
23-06 11:18:11,19.027,6.760,72.853,0,0,5385652,295464,168740,2166692,6913.801,3837.440,272.386,0,6.009,0,2161,1796,2.270,1.980,1.190,2,0,3.004,0,0,18,295,0,36,0
23-06 11:18:12,16.217,1.497,80.336,0,0,5391776,289160,168740,2166872,20834.596,18179.999,31.935,0,1.996,0,2317,2133,2.080,1.950,1.180,1,0,0.998,0,0,18,298,0,38,0
23-06 11:18:13,23.999,5.000,70.746,0.250,0,5326212,354600,168748,2166988,4259.752,1619.906,115.993,163.990,8.999,18.999,2432,1893,2.080,1.950,1.180,1,0,16.999,0,0,18,292,0,38,0
23-06 11:18:14,23.256,3.001,73.018,0,0,5350920,329760,168748,2167120,4861.217,1620.406,0,0,0,0,1787,1185,2.080,1.950,1.180,1,0,0,0,0,18,292,0,38,0
23-06 11:18:15,12.544,21.325,65.732,0.251,0,5296800,383460,168760,2167528,5525.483,1571.541,758.675,397.401,17.060,21.074,5258,4448,2.080,1.950,1.180,1,0,314.108,0,0,18,292,0,38,0
23-06 11:18:16,13.239,15.487,68.192,0.250,0,5315456,364516,168764,2167828,6911.088,1660.580,191.836,1206.968,9.991,41.964,5021,4309,2.080,1.950,1.180,1,0,269.769,0,0,18,292,0,38,0
23-06 11:18:17,17.723,3.994,77.383,0,0,5335056,344860,168796,2167852,12675.832,3717.379,19.970,119.819,2.995,8.986,2129,1612,2,1.930,1.180,1,0,32.950,0,0,18,293,0,38,0
23-06 11:18:18,22.012,3.002,72.789,0.250,0,5305992,367024,169408,2174012,7418.002,2699.456,4.002,1420.767,1.001,30.016,2275,1803,2,1.930,1.180,1,0,4.002,0,0,18,292,0,38,0
23-06 11:18:19,22.033,6.760,70.105,0,0,5322444,349200,169488,2175256,4899.342,1514.269,12.018,96.144,3.005,3.005,10433,18888,2,1.930,1.180,1,0,13.020,0,0,18,292,0,38,0
23-06 11:18:20,18.928,4.981,73.720,0.249,0,5351388,319968,169536,2175496,10465.299,4071.554,51.803,529.989,7.970,17.932,8742,16699,2,1.930,1.180,1,0,9.962,0,0,18,293,0,38,0
23-06 11:18:21,21.571,5.518,71.735,0.251,0,5338212,331536,169644,2176996,4670.317,1462.798,0,17100.084,0,58.191,2481,2118,2,1.930,1.180,1,0,11.036,0,0,18,293,0,37,0
23-06 11:18:22,9.742,19.235,68.946,0.250,0,5313584,363564,169656,2169584,4764.249,1738.631,0,719.434,0,31.975,5137,4037,1.920,1.920,1.180,1,0,267.789,0,0,18,292,0,37,0
23-06 11:18:23,22.241,4.748,71.970,0,0,5357624,319520,169656,2169588,4833.997,1605.335,0,2934.784,0,436.819,2346,1776,1.920,1.920,1.180,1,0,0,0,0,18,292,0,37,0
23-06 11:18:24,18.271,2.503,78.091,0,0,5364096,312856,169656,2169780,13627.913,10242.960,0,0,0,0,2000,1615,1.920,1.920,1.180,1,0,0,0,0,18,295,0,38,0
23-06 11:18:25,18.194,9.471,71.033,0.249,0.249,5350300,326580,169656,2169852,6444.312,3104.516,59.817,159.513,2.991,9.970,3665,3144,1.920,1.920,1.180,1,0,115.647,0,0,18,292,0,40,0
23-06 11:18:26,23.312,4.261,71.188,0.251,0,5407544,269328,169656,2169860,7174.962,3595.502,0,276.731,0,29.077,2392,2095,1.920,1.920,1.180,1,0,0,0,0,18,295,0,40,0
23-06 11:18:27,19.008,5.002,74.282,0,0,5323652,353152,169656,2169928,11500.993,8119.525,48.021,116.050,2.001,8.003,2777,2419,1.840,1.900,1.180,1,0,62.027,0,0,18,294,0,41,0
23-06 11:18:28,23.705,6.488,69.119,0.250,0,5335396,341388,169656,2169948,4477.523,1563.041,95.819,127.758,5.989,7.985,2601,2162,1.840,1.900,1.180,1,0,13.974,0,0,18,294,0,41,0
23-06 11:18:29,20.503,2.750,76.010,0,0,5350600,326072,169656,2170060,18063.291,14539.844,0,236.030,0,10.001,2369,2087,1.840,1.900,1.180,2,0,1.000,0,0,18,294,0,41,0
23-06 11:18:30,20.018,7.757,70.312,0.250,0,5341796,334856,169656,2170080,4896.309,1513.332,0,312.275,0,26.023,3037,2648,1.840,1.900,1.180,3,0,57.050,0,0,18,294,0,41,0
23-06 11:18:31,23.499,5.500,69.748,0,0,5372176,304464,169656,2170092,13406.599,10320.691,0,171.995,0,16.000,3294,12402,1.840,1.900,1.180,1,0,35.999,0,0,18,298,0,43,0
23-06 11:18:32,21.506,5.001,72.269,0,0,5363060,313576,169656,2170096,6237.601,3152.809,0,156.040,0,12.003,2477,1875,1.770,1.890,1.180,1,0,32.008,0,0,18,294,0,45,0
23-06 11:18:33,19.988,2.998,76.456,0,0,5399272,277360,169656,2170100,11093.590,7394.727,0,0,0,0,2030,1584,1.770,1.890,1.180,1,0,0,0,0,18,295,0,45,0
23-06 11:18:34,14.782,5.512,78.420,0.251,0,5381100,295504,169656,2170128,10454.727,6798.780,0,208.453,0,24.052,2839,2811,1.770,1.890,1.180,1,0,47.102,0,0,18,294,0,40,0
23-06 11:18:35,22.191,3.491,72.307,0.249,0,5385416,291156,169656,2170160,5537.205,3071.792,31.915,406.913,0.997,36.901,2397,2359,1.770,1.890,1.180,0,0,0,0,0,18,295,0,40,0
23-06 11:18:36,18.546,4.261,76.690,0,0,5340704,335724,169656,2170304,14069.902,10136.144,0,1090.706,0,122.303,2754,2646,1.770,1.890,1.180,1,0,32.080,0,0,18,294,0,43,0
23-06 11:18:37,21.749,4.250,72.498,0.250,0,5366780,309648,169656,2170304,3939.891,1079.970,0,195.995,0,10.000,2037,1626,1.710,1.870,1.180,1,0,0,0,0,18,294,0,43,0
23-06 11:18:38,14.485,2.248,83.163,0,0,5379056,297356,169656,2170320,13758.616,11499.978,0,235.754,0,21.977,2231,2283,1.710,1.870,1.180,0,0,0.999,0,0,18,295,0,39,0
23-06 11:18:39,11.993,11.493,73.206,0.250,0,5345192,330984,169792,2170420,6953.852,3195.094,135.919,779.535,3.998,56.966,4104,3566,1.710,1.870,1.180,0,0,179.893,0,0,18,295,0,40,0
23-06 11:18:40,2.751,1.751,93.290,1.751,0,5343696,331492,170196,2171004,10799.664,4252.836,988.427,216.093,247.107,10.004,1455,1857,1.710,1.870,1.180,0,0,0,0,0,18,296,0,40,0
23-06 11:18:41,6.493,8.491,83.660,0,0,5340936,334116,170196,2171140,19232.322,4979.646,79.914,479.484,4.995,25.972,3273,3073,1.710,1.870,1.180,0,0,124.866,0,0,18,296,0,41,0
23-06 11:18:42,9.017,13.526,75.143,0.751,0,5322388,352304,170196,2171500,4826.199,1935.689,296.565,2232.255,12.023,112.214,4343,3759,1.740,1.870,1.180,1,0,208.397,0,0,18,294,0,34,0
23-06 11:18:43,21.744,4.499,72.480,0,0,5338940,325868,170584,2180948,4710.671,1553.562,19.994,855.759,3.999,13.996,2274,1825,1.740,1.870,1.180,1,0,5.998,0,0,18,294,0,34,0
23-06 11:18:44,15.988,1.998,80.687,0.500,0,5330432,328960,170760,2186092,16361.228,6016.304,7.994,2953.694,1.998,367.713,2017,1646,1.740,1.870,1.180,1,0,15.988,0,0,18,294,0,34,0
23-06 11:18:45,16.215,10.477,70.598,0.998,0.249,5278316,378036,170772,2189056,5107.019,1454.872,1309.185,3404.680,23.949,118.745,4780,4568,1.740,1.870,1.180,1,0,175.622,0,0,18,294,0,34,0
23-06 11:18:46,19.276,9.763,69.345,0.250,0,5334208,322124,170772,2189076,4735.465,1514.067,0,949.296,0,49.067,3572,3241,1.740,1.870,1.180,3,0,130.178,0,0,18,294,0,30,0
23-06 11:18:47,18.773,2.753,77.346,0,0,5364916,291404,170772,2189088,10831.432,22749.210,0,144.179,0,7.009,2107,1776,1.680,1.860,1.180,0,0,0,0,0,18,295,0,31,0
23-06 11:18:48,21.248,5.000,72.494,0.250,0,5374968,281332,170772,2189108,22645.223,4024.684,0,267.979,0,19.998,2615,2055,1.680,1.860,1.180,1,0,47.996,0,0,18,294,0,32,0
23-06 11:18:49,18.761,3.002,76.793,0,0,5381504,274792,170772,2189112,10205.732,7337.121,0,180.101,0,21.012,2028,1699,1.680,1.860,1.180,1,0,0,0,0,18,295,0,32,0
23-06 11:18:50,21.761,4.502,73.286,0.250,0,5318480,337744,170772,2189184,7662.799,4763.361,64.032,140.069,4.002,16.008,2688,2308,1.680,1.860,1.180,2,0,14.007,0,0,18,294,0,31,0
23-06 11:18:51,20.171,3.237,75.207,0.249,0,5357552,298668,170772,2189188,5829.254,3518.271,0,757.046,0,30.880,2132,1929,1.680,1.860,1.180,1,0,0,0,0,18,295,0,31,0
23-06 11:18:52,21.579,3.764,71.762,0.753,0,5358128,296176,170772,2191104,9723.514,6226.742,1838.716,995.636,70.257,120.440,4660,6583,1.620,1.850,1.180,1,1,1.004,0,0,18,295,0,31,0
23-06 11:18:53,23.442,3.741,71.821,0.499,0,5334232,319868,170772,2191308,5929.262,2922.735,31.921,582.552,0.998,59.851,2659,2678,1.620,1.850,1.180,1,0,4.988,0,0,18,294,0,32,0
23-06 11:18:54,20.032,3.506,75.622,0,0,5359396,294696,170772,2191316,11089.861,8473.648,0,384.619,0,22.035,2298,1919,1.620,1.850,1.180,0,0,6.010,0,0,18,295,0,28,0
23-06 11:18:55,20.245,3.999,73.231,0.750,0,5360464,293464,170776,2191476,9535.536,5495.580,127.967,1019.736,5.998,118.969,4626,6229,1.620,1.850,1.180,1,0,0,0,0,18,294,0,29,0
23-06 11:18:56,9.765,21.784,66.105,0.501,0,5319176,334692,170776,2191536,5077.040,1568.484,0,673.066,0,48.076,6055,5020,1.620,1.850,1.180,1,0,398.631,0,0,18,294,0,29,0
23-06 11:18:57,8.982,22.456,66.370,0,0,5325268,328576,170780,2191552,5541.106,1550.951,3.992,1724.609,0.998,53.894,5799,4362,1.570,1.830,1.180,2,0,372.268,0,0,18,294,0,29,0
23-06 11:18:58,8.014,23.291,67.118,0,0,5330556,323264,170784,2191572,5529.753,1622.862,0,552.975,0,39.069,5688,4450,1.570,1.830,1.180,1,0,383.677,0,0,18,294,0,25,0
23-06 11:18:59,8.248,23.993,65.732,0.250,0.250,5330176,323620,170784,2191596,5624.457,1607.559,0,2747.246,0,160.956,6396,5444,1.570,1.830,1.180,1,0,450.876,0,0,18,294,0,25,0
23-06 11:19:00,7.749,22.998,66.745,0.250,0.250,5319180,334600,170784,2191612,4601.635,1553.877,0,247.980,0,21.998,5825,4380,1.570,1.830,1.180,1,0,384.969,0,0,18,294,0,25,0
23-06 11:19:01,7.997,22.741,66.974,0,0,5303044,350712,170784,2191636,4861.116,1565.393,0,39.985,0,9.996,5850,4456,1.570,1.830,1.180,1,0,383.851,0,0,18,294,0,25,0
23-06 11:19:02,8.749,22.747,66.742,0,0,5300904,352824,170784,2191664,4651.447,1511.820,0,27.997,0,6.999,6041,4706,1.530,1.820,1.180,1,0,428.949,0,0,18,294,0,25,0
23-06 11:19:03,7.732,22.447,67.091,0,0,5297992,355716,170784,2191684,5493.008,1562.305,0,31.924,0,7.981,5598,4155,1.530,1.820,1.180,2,0,354.162,0,0,18,294,0,25,0
23-06 11:19:04,8.740,22.973,66.421,0,0,5300372,353312,170784,2191708,5365.618,1510.204,0,175.791,0,10.987,5723,4257,1.530,1.820,1.180,2,0,366.564,0,0,18,294,0,25,0
23-06 11:19:05,10.533,19.060,68.466,0.502,0,5317700,335912,170788,2191776,4921.491,1570.945,20.063,525.655,2.006,52.164,5524,4779,1.530,1.820,1.180,1,0,308.973,0,0,18,294,0,25,0
23-06 11:19:06,19.944,7.728,70.802,0.249,0.249,5315760,443240,170956,2096332,4861.406,1577.589,47.866,2903.880,11.967,57.838,2965,2921,1.530,1.820,1.180,1,0,42.880,0,0,18,294,0,24,0
23-06 11:19:07,32.320,5.261,61.383,0,0,5357944,397656,171000,2099684,9451.521,2964.436,272.592,4140.991,5.011,159.346,2995,2026,1.480,1.800,1.180,1,0,21.046,0,0,18,295,0,24,0
23-06 11:19:08,30.538,6.758,60.826,0.751,0,5393756,360696,171120,2100728,22752.474,13632.060,1610.015,2074.596,64.080,53.066,3157,2311,1.480,1.800,1.180,1,0,8.010,0,0,18,295,0,24,0
23-06 11:19:09,18.468,1.997,77.615,1.248,0,5402736,350152,171188,2102224,23440.241,13672.226,1078.125,4028.994,62.891,439.236,2292,1912,1.480,1.800,1.180,0,0,0,0,0,18,295,0,24,0
23-06 11:19:10,16.470,1.497,79.355,0.998,0,5408104,342908,171248,2104040,25275.940,13962.556,1465.330,1561.155,68.874,50.907,1876,1669,1.480,1.800,1.180,2,0,0,0,0,18,295,0,24,0
23-06 11:19:11,18.555,2.507,77.481,1.254,0,5400940,320688,171304,2133368,20276.340,11559.399,12605.512,1215.618,153.457,39.116,2092,1902,1.480,1.800,1.180,1,0,1.003,0,0,18,295,0,24,0
23-06 11:19:12,22.699,2.245,72.585,0.499,0,5394992,310592,171436,2149280,4799.123,1616.337,0,1767.993,0,69.842,2310,2095,1.440,1.790,1.180,1,0,0,0,0,18,295,0,24,0
23-06 11:19:13,23.800,3.006,71.902,0.251,0,5393804,295968,171436,2164808,4507.529,1515.203,0,1342.839,0,31.066,2259,1956,1.440,1.790,1.180,2,0,2.004,0,0,18,295,0,24,0
23-06 11:19:14,22.000,3.000,72.999,1.000,0,5396644,271364,171436,2186336,3997.940,971.985,0,2763.958,0,107.998,2407,2366,1.440,1.790,1.180,1,0,0,0,0,18,295,0,22,0
23-06 11:19:15,23.487,2.748,70.960,0.500,0,5390988,263496,171520,2199480,5067.122,1403.203,0,2430.620,0,92.947,2714,2843,1.440,1.790,1.180,1,0,0,0,0,18,295,0,22,0
23-06 11:19:16,23.985,3.248,70.455,0.999,0,5389852,238632,172320,2224276,5817.315,1457.077,0,3337.885,0,140.911,2886,3134,1.440,1.790,1.180,1,0,0,0,0,18,295,0,22,0
23-06 11:19:17,22.769,4.504,72.059,0.250,0,5402672,241092,172508,2208704,6337.155,1525.241,0,15200.365,0,103.084,2406,1905,1.410,1.780,1.170,2,0,19.015,0,0,18,294,0,22,0
23-06 11:19:18,17.751,3.500,77.756,0.250,0,5401992,236408,172592,2213976,12332.989,4639.372,0,2212.177,0,30.002,2106,1731,1.410,1.780,1.170,1,0,19.002,0,0,18,294,0,22,0
23-06 11:19:19,23.511,5.753,69.283,0,0,5416804,219556,172632,2215944,4820.287,1458.692,0,4.002,0,1.000,8684,16398,1.410,1.780,1.170,2,0,11.005,0,0,18,294,0,22,0
23-06 11:19:20,21.472,6.741,69.160,0,0,5408880,227280,172636,2216132,4618.021,1402.185,0,1741.745,0,13.982,10690,19315,1.410,1.780,1.170,1,0,15.979,0,0,18,294,0,22,0
23-06 11:19:21,21.551,5.513,71.919,0.501,0,5374156,269348,172652,2208808,5179.155,1353.176,0,902.117,0,35.082,2495,2216,1.410,1.780,1.170,1,0,12.028,0,0,18,294,0,22,0
23-06 11:19:22,22.486,5.497,69.207,0,0,5353644,289848,172652,2208820,4395.266,1499.068,0,679.577,0,10.993,9902,18480,1.380,1.760,1.170,2,0,50.968,0,0,18,294,0,22,0
23-06 11:19:23,19.236,4.497,75.196,0,0,5380496,262984,172652,2208832,8976.578,2875.942,0,0,0,0,2296,1746,1.380,1.760,1.170,1,0,34.975,0,0,18,295,0,22,0
23-06 11:19:24,21.234,3.497,73.693,0.250,0,5374092,263088,172652,2215080,7157.464,3124.583,0,1662.714,0,29.977,2172,1754,1.380,1.760,1.170,1,0,3.997,0,0,18,294,0,22,0
23-06 11:19:25,23.283,6.509,68.096,0.250,0,5394620,241392,172652,2216248,4644.568,1460.065,16.023,729.031,1.001,44.062,10059,18597,1.380,1.760,1.170,1,0,13.018,0,0,18,294,0,22,0
23-06 11:19:26,21.225,8.740,67.919,0.499,0,5394764,241140,172664,2216344,4811.231,1618.060,0,3651.621,0,172.793,9478,17752,1.380,1.760,1.170,1,0,18.977,0,0,18,294,0,22,0
23-06 11:19:27,22.243,4.249,71.979,0,0,5354348,289072,172664,2208860,4858.579,1619.526,0,447.869,0,23.993,2382,1857,1.430,1.770,1.180,2,0,21.994,0,0,18,294,0,19,0
23-06 11:19:28,21.228,6.493,71.177,0,0,5337924,305484,172664,2208872,4601.261,1564.389,0,583.399,0,10.989,3312,2730,1.430,1.770,1.180,1,0,94.902,0,0,18,294,0,19,0
23-06 11:19:29,24.734,4.497,69.954,0,0,5350008,282580,172676,2219628,4856.828,1618.943,0,147.903,0,8.994,2615,2419,1.430,1.770,1.180,1,0,5.996,0,0,18,294,0,19,0
23-06 11:19:30,15.724,1.747,80.365,0,0,5350452,281628,172700,2220064,19136.863,8212.209,0,2284.164,0,210.646,2133,1968,1.430,1.770,1.180,2,0,17.970,0,0,18,295,0,21,0
23-06 11:19:31,20.861,4.775,72.889,1.257,0,5337216,294284,172864,2220460,24794.176,15053.248,0,2034.848,0,74.397,3290,11819,1.430,1.770,1.180,0,0,37.198,0,0,18,295,0,19,0
23-06 11:19:32,10.734,1.248,86.619,0.499,0,5337992,293024,173036,2220764,161908.019,14936.492,0,1633.538,0,67.898,1722,1829,1.390,1.750,1.180,0,0,0,0,0,18,296,0,19,0
23-06 11:19:33,16.490,1.499,80.200,0.500,0,5362500,268088,173172,2221036,21947.397,12790.073,0,1535.049,0,56.965,1799,1638,1.390,1.750,1.180,0,0,0,0,0,18,296,0,19,0
23-06 11:19:34,13.987,1.499,83.423,0.250,0,5367496,262796,173244,2221260,49777.798,9037.612,0,779.277,0,23.978,1576,1462,1.390,1.750,1.180,1,0,0,0,0,18,296,0,19,0
23-06 11:19:35,9.755,2.251,84.792,1.000,0,5366584,262796,173556,2221832,360200.102,25330.454,60.030,2861.407,5.002,135.066,2576,2981,1.390,1.750,1.180,0,0,0,0,0,18,296,0,15,0
23-06 11:19:36,11.765,1.502,84.361,1.001,0,5365908,262808,173808,2222232,78596.138,17298.700,104.137,2911.821,6.008,141.185,2246,2784,1.390,1.750,1.180,1,0,0,0,0,18,296,0,15,0
23-06 11:19:37,7.733,1.996,88.058,0.499,0,5365836,251228,173880,2233784,1667653.889,45085.534,0,2287.005,0,36.919,3329,2601,1.360,1.740,1.180,1,0,1.996,0,0,18,296,0,15,0
23-06 11:19:38,5.763,4.009,85.938,0.501,0,5360948,240896,173940,2249052,8008483.668,126237.516,0,24629.755,0,545.190,9221,4566,1.360,1.740,1.180,2,0,3.007,0,0,18,296,0,15,0
23-06 11:19:39,7.497,4.498,85.212,1.000,0,5365200,210396,174096,2275064,9477086.111,125988.741,163.927,13581.935,3.998,83.963,8908,4466,1.360,1.740,1.180,1,0,1.000,0,0,18,296,0,11,0
23-06 11:19:40,22.519,3.002,72.310,0.500,0,5363284,200580,175460,2285264,4850.034,1567.304,0,2217.845,0,76.063,2323,2018,1.360,1.740,1.180,1,0,1.001,0,0,18,296,0,11,0
23-06 11:19:41,22.270,3.753,72.314,0.500,0,5375448,172368,177656,2298836,4659.110,1459.287,4.004,4439.917,1.001,211.186,2419,2151,1.360,1.740,1.180,1,0,0,0,0,18,296,0,11,0
23-06 11:19:42,23.214,1.747,72.637,0.250,0,5371752,160284,178044,2313944,4285.345,1509.655,0,910.586,0,29.953,2171,1880,1.330,1.730,1.180,1,0,0,0,0,18,296,0,11,0
23-06 11:19:43,22.519,7.506,68.056,1.251,0,5360860,196588,178624,2288256,4803.968,1621.339,0,19424.046,0,210.174,2774,2482,1.330,1.730,1.180,1,0,0,0,0,18,296,0,9,0
23-06 11:19:44,23.007,3.501,72.521,0.500,0,5352412,172448,179660,2319412,4667.331,1566.447,0,2476.706,0,72.021,2295,2043,1.330,1.730,1.180,2,0,0,0,0,18,296,0,9,0
23-06 11:19:45,23.747,5.249,69.240,0.500,0,5380208,166456,180528,2297136,4919.323,1619.777,19.997,81848.730,4.999,508.930,3497,3379,1.330,1.730,1.180,2,0,0,0,0,18,296,0,9,0
23-06 11:19:46,24.750,3.250,69.750,0.750,0.250,5380456,150188,181128,2312440,4996.968,1619.990,12.000,3319.979,3.000,78.999,2724,2588,1.330,1.730,1.180,2,0,0,0,0,18,296,0,9,0
23-06 11:19:47,23.256,3.251,72.018,0.750,0,5376328,177288,180664,2290116,4953.208,1512.369,0,2508.612,0,87.021,2507,2252,1.300,1.720,1.170,1,0,0,0,0,18,296,0,9,0
23-06 11:19:48,22.248,4.500,71.993,0,0,5332500,256764,180688,2254348,5183.500,1967.810,23.998,871.916,1.000,18.998,2371,1828,1.300,1.720,1.170,2,0,19.998,0,0,18,294,0,9,0
23-06 11:19:49,17.992,3.249,77.467,0.250,0,5342064,240992,181168,2260032,11643.105,4733.010,7.997,1455.388,1.999,23.990,2077,1692,1.300,1.720,1.170,2,0,17.992,0,0,18,294,0,9,0
23-06 11:19:50,24.456,8.485,64.385,0.749,0,5377368,203988,181240,2261624,4731.549,1617.112,15.971,126270.462,3.993,1320.641,11149,19804,1.300,1.720,1.170,1,0,10.980,0,0,18,294,0,9,0
23-06 11:19:51,22.302,5.513,70.915,0.251,0,5369160,212076,181292,2261792,4988.584,1623.771,0,4237.841,0,173.403,3556,4295,1.300,1.720,1.170,1,0,8.019,0,0,18,294,0,5,0
23-06 11:19:52,21.499,7.500,69.497,0.250,0,5366888,214216,181332,2261884,3685.857,1025.960,0,487.981,0,21.999,7787,14709,1.280,1.700,1.170,1,0,15.999,0,0,18,294,0,5,0
23-06 11:19:53,21.733,4.996,72.194,0.250,0,5332880,255644,181336,2254492,4088.807,1013.209,0,511.600,0,19.984,2265,1754,1.280,1.700,1.170,1,0,5.995,0,0,18,294,0,5,0
23-06 11:19:54,22.266,5.254,71.803,0.250,0,5366288,219004,181340,2257724,4729.476,1567.152,760.559,540.397,26.019,8.006,2312,1801,1.280,1.700,1.170,1,0,6.004,0,0,18,295,0,5,0
23-06 11:19:55,26.257,5.001,65.767,1.500,0,5364836,219612,181372,2258536,4233.072,1512.383,384.097,3428.868,26.007,230.058,7720,11425,1.280,1.700,1.170,1,0,1.000,0,0,18,297,0,7,0
23-06 11:19:56,15.507,14.007,67.281,1.000,0,5287656,296012,181384,2259304,4745.213,1566.731,516.241,1472.687,27.013,155.072,6604,7419,1.280,1.700,1.170,1,0,310.145,0,0,18,296,0,7,0
23-06 11:19:57,12.002,11.252,70.010,5.251,0,5282872,294020,181396,2266052,5672.793,1512.211,6900.964,4848.677,786.110,479.067,4925,5267,1.260,1.690,1.170,0,1,138.019,0,0,18,296,0,9,0
23-06 11:19:58,6.971,4.233,72.952,14.192,0,5276056,263100,181396,2303788,6320.155,1559.622,37295.486,454.143,2764.694,6.971,4634,7066,1.260,1.690,1.170,2,0,0.996,0,0,18,296,0,9,0
23-06 11:19:59,4.262,1.755,92.006,0.501,0,5273332,264788,181416,2304804,11684.525,4105.428,1155.216,4167.601,27.075,162.452,1635,2161,1.260,1.690,1.170,1,0,6.017,0,0,18,297,0,9,0
23-06 11:20:00,2.250,0.750,95.491,0.250,0,5271848,266264,181424,2304804,43129.084,5007.545,4.000,191.983,1.000,17.998,1131,1537,1.260,1.690,1.170,0,0,0,0,0,18,297,0,9,0
23-06 11:20:01,5.502,2.001,90.787,0,0,5262912,274868,181516,2305044,65289.610,126551.579,440.179,764.312,13.005,12.005,1722,1901,1.260,1.690,1.170,0,0,12.005,0,0,18,298,0,9,0
23-06 11:20:02,1.250,0.500,97.479,0,0,5261784,275996,181516,2305044,4369.039,1079.762,0,0,0,0,790,1168,1.160,1.660,1.170,0,0,0,0,0,18,298,0,9,0
23-06 11:20:03,0.750,0.750,97.464,0,0,5261564,276216,181516,2305044,4964.151,1565.417,0,0,0,0,879,1279,1.160,1.660,1.170,0,0,0,0,0,18,298,0,9,0
23-06 11:20:04,1.500,0.500,97.483,0,0,5261560,276216,181516,2305044,5159.113,1619.722,0,0,0,0,928,1279,1.160,1.660,1.170,0,0,0,0,0,18,298,0,9,0
23-06 11:20:05,2.495,0.749,94.564,0.250,0,5261544,276216,181516,2305060,4824.520,1509.035,0,235.537,0,29.941,1359,1996,1.160,1.660,1.170,0,0,0,0,0,18,298,0,9,0
23-06 11:20:06,2.506,0.501,95.467,0.501,0,5261524,276216,181520,2305076,5128.682,1623.698,0,320.731,0,48.110,1497,2439,1.160,1.660,1.170,0,0,0,0,0,18,298,0,9,0
23-06 11:20:07,10.997,4.499,83.725,0,0,5277004,260592,181520,2305220,4858.566,1619.522,351.896,335.901,7.998,10.997,1822,1654,1.060,1.640,1.160,2,0,4.999,0,0,18,298,0,9,0
23-06 11:20:08,19.268,6.756,73.068,0,0,5310352,227152,181520,2305312,4804.440,1621.499,768.710,152.141,6.006,10.009,2444,1850,1.060,1.640,1.160,1,0,8.007,0,0,18,298,0,9,0
23-06 11:20:09,2.497,0.999,95.653,0.250,0,5289800,247704,181520,2305312,4435.525,1618.367,0,495.500,0,26.973,1070,1406,1.060,1.640,1.160,2,0,0,0,0,18,298,0,9,0
23-06 11:20:10,0.749,0.250,97.164,0,0,5287780,249720,181520,2305316,4316.192,1618.572,0,0,0,0,809,1198,1.060,1.640,1.160,0,0,0,0,0,18,298,0,9,0
23-06 11:20:11,1.501,0.500,97.546,0,0,5284008,253492,181520,2305316,4204.990,1566.742,0,4.002,0,1.000,918,1288,1.060,1.640,1.160,0,0,0,0,0,18,298,0,9,0
23-06 11:20:12,0.751,0.500,97.571,0,0,5278680,258820,181520,2305316,4415.227,1513.106,0,0,0,0,841,1224,0.980,1.610,1.150,1,0,0,0,0,18,298,0,9,0
23-06 11:20:13,1.250,0.500,96.996,0,0,5274016,263484,181520,2305316,4665.799,1565.933,0,1099.953,0,214.991,1092,1426,0.980,1.610,1.150,0,0,2.000,0,0,18,298,0,9,0
23-06 11:20:14,0.999,0.500,97.667,0,0,5269580,267912,181520,2305324,4468.218,1510.721,0,59.949,0,2.997,870,1264,0.980,1.610,1.150,0,0,0,0,0,18,298,0,9,0
23-06 11:20:15,1.501,0.750,97.038,0.250,0,5267976,269516,181520,2305324,5041.981,1620.637,0,64.025,0,9.004,930,1348,0.980,1.610,1.150,1,0,0,0,0,18,298,0,9,0
23-06 11:20:16,3.000,2.250,93.000,0.500,0,5265256,272168,181536,2305376,6070.990,1133.998,44.000,29023.954,4.000,309.000,2029,2807,0.980,1.610,1.150,0,0,0,0,0,18,298,0,9,0
23-06 11:20:17,0.750,0.500,97.221,0.250,0,5265248,272176,181536,2305376,5882.225,1403.577,0,431.870,0,31.990,923,1310,0.900,1.580,1.150,1,0,0,0,0,18,298,0,9,0
23-06 11:20:18,1.252,1.503,96.162,0,0,5264904,272520,181536,2305376,6028.166,1460.463,0,0,0,0,987,1276,0.900,1.580,1.150,1,0,1.002,0,0,18,298,0,9,0
23-06 11:20:19,1.250,1.500,96.244,0,0.250,5266932,270492,181536,2305376,5219.692,1619.904,0,8.000,0,2.000,919,1235,0.900,1.580,1.150,2,0,0,0,0,18,298,0,9,0
23-06 11:20:20,1.248,0.749,96.580,0.250,0,5266928,270492,181536,2305380,4629.837,1455.434,0,95.831,0,11.979,1139,1720,0.900,1.580,1.150,0,0,0,0,0,18,298,0,9,0
23-06 11:20:21,1.747,1.996,93.825,0.499,0,5267408,270016,181540,2305380,4688.277,1616.992,0,42161.558,0,365.320,1805,2219,0.900,1.580,1.150,0,0,0,0,0,18,298,0,9,0
23-06 11:20:22,2.499,1.250,95.466,0,0,5264628,272672,181544,2305556,4696.325,1457.480,171.939,51.981,10.996,4.998,1207,1610,0.910,1.570,1.150,0,0,1.999,0,0,18,298,0,9,0
23-06 11:20:23,1.252,0.501,97.405,0,0,5264628,272672,181544,2305556,4687.457,1622.581,0,0,0,0,971,1321,0.910,1.570,1.150,0,0,0,0,0,18,298,0,9,0
23-06 11:20:24,1.251,0.751,97.332,0.250,0,5258672,278676,181544,2305556,4864.077,1621.359,0,876.735,0,154.129,1008,1328,0.910,1.570,1.150,0,0,0,0,0,18,298,0,9,0
23-06 11:20:25,1.250,0.750,96.737,0,0,5258752,278596,181544,2305556,4559.368,1619.776,0,3.999,0,1.000,935,1282,0.910,1.570,1.150,0,0,0,0,0,18,298,0,9,0
23-06 11:20:26,1.500,1.000,95.749,0.250,0,5258908,278424,181548,2305568,4636.936,1619.977,0,2835.961,0,42.999,1491,2245,0.910,1.570,1.150,0,0,0,0,0,18,298,0,9,0
23-06 11:20:27,1.501,1.000,97.287,0.250,0,5258908,278424,181548,2305568,4561.723,1620.612,0,680.257,0,32.012,916,1371,0.830,1.550,1.140,1,0,0,0,0,18,298,0,9,0
23-06 11:20:28,0.749,0.500,97.166,0,0,5258908,278424,181548,2305568,4675.972,1618.606,0,0,0,0,933,1313,0.830,1.550,1.140,0,0,0.999,0,0,18,298,0,9,0
23-06 11:20:29,0.749,0.499,97.632,0,0,5258908,278424,181548,2305568,4526.541,1510.179,0,0,0,0,812,1201,0.830,1.550,1.140,0,0,0,0,0,18,298,0,9,0
23-06 11:20:30,1.501,0.250,97.321,0,0,5258904,278424,181548,2305572,4429.212,1567.136,0,48.035,0,6.004,930,1353,0.830,1.550,1.140,0,0,0,0,0,18,298,0,9,0
23-06 11:20:31,7.245,4.247,87.439,0.250,0.250,5236052,301252,181548,2305596,3686.418,971.320,19.986,795.443,0.999,17.987,2435,6451,0.830,1.550,1.140,0,0,36.974,0,0,18,298,0,10,0
23-06 11:20:32,10.249,3.000,84.988,0,0,5261528,275748,181560,2305612,273150.741,3433.532,3.999,107.985,1.000,5.999,1966,2005,0.850,1.540,1.140,1,0,9.999,0,0,18,298,0,7,0
23-06 11:20:33,9.275,4.512,84.733,0.251,0,5267040,270040,181584,2305784,143197.625,8136.365,216.595,192.529,10.028,12.033,2604,2494,0.850,1.540,1.140,0,0,29.080,0,0,18,298,0,9,0
23-06 11:20:34,14.496,6.248,77.477,0,0,5267640,267044,181584,2308180,285605.609,5494.338,151.954,3.999,2.999,1.000,2721,2050,0.850,1.540,1.140,1,0,32.990,0,0,18,298,0,9,0
