Sep 06 07:52:35 jammy-provider-cloud-0000007588 devstack@keystone.service[61556]: ERROR keystone.server.flask.application   File "/opt/stack/data/venv/lib/python3.10/site-packages/flask_restful/__init__.py", line 489, in wrapper
Sep 06 07:52:35 jammy-provider-cloud-0000007588 devstack@keystone.service[61556]: ERROR keystone.server.flask.application     resp = resource(*args, **kwargs)
Sep 06 07:52:35 jammy-provider-cloud-0000007588 devstack@keystone.service[61556]: ERROR keystone.server.flask.application   File "/opt/stack/data/venv/lib/python3.10/site-packages/flask/views.py", line 110, in view
Sep 06 07:52:35 jammy-provider-cloud-0000007588 devstack@keystone.service[61556]: ERROR keystone.server.flask.application     return current_app.ensure_sync(self.dispatch_request)(**kwargs)  # type: ignore[no-any-return]
Sep 06 07:52:35 jammy-provider-cloud-0000007588 devstack@keystone.service[61556]: ERROR keystone.server.flask.application   File "/opt/stack/data/venv/lib/python3.10/site-packages/flask_restful/__init__.py", line 604, in dispatch_request
Sep 06 07:52:35 jammy-provider-cloud-0000007588 devstack@keystone.service[61556]: ERROR keystone.server.flask.application     resp = meth(*args, **kwargs)
Sep 06 07:52:35 jammy-provider-cloud-0000007588 devstack@keystone.service[61556]: ERROR keystone.server.flask.application   File "/opt/stack/keystone/keystone/api/domains.py", line 141, in post
Sep 06 07:52:35 jammy-provider-cloud-0000007588 devstack@keystone.service[61556]: ERROR keystone.server.flask.application     ref = PROVIDERS.resource_api.create_domain(
Sep 06 07:52:35 jammy-provider-cloud-0000007588 devstack@keystone.service[61556]: ERROR keystone.server.flask.application   File "/opt/stack/keystone/keystone/common/manager.py", line 110, in wrapped
Sep 06 07:52:35 jammy-provider-cloud-0000007588 devstack@keystone.service[61556]: ERROR keystone.server.flask.application     __ret_val = __f(*args, **kwargs)
Sep 06 07:52:35 jammy-provider-cloud-0000007588 devstack@keystone.service[61556]: ERROR keystone.server.flask.application   File "/opt/stack/keystone/keystone/resource/core.py", line 867, in create_domain
Sep 06 07:52:35 jammy-provider-cloud-0000007588 devstack@keystone.service[61556]: ERROR keystone.server.flask.application     is_domain_project = self.create_project(
Sep 06 07:52:35 jammy-provider-cloud-0000007588 devstack@keystone.service[61556]: ERROR keystone.server.flask.application   File "/opt/stack/keystone/keystone/common/manager.py", line 110, in wrapped
Sep 06 07:52:35 jammy-provider-cloud-0000007588 devstack@keystone.service[61556]: ERROR keystone.server.flask.application     __ret_val = __f(*args, **kwargs)
Sep 06 07:52:35 jammy-provider-cloud-0000007588 devstack@keystone.service[61556]: ERROR keystone.server.flask.application   File "/opt/stack/keystone/keystone/resource/core.py", line 252, in create_project
Sep 06 07:52:35 jammy-provider-cloud-0000007588 devstack@keystone.service[61556]: ERROR keystone.server.flask.application     raise exception.Conflict(
Sep 06 07:52:35 jammy-provider-cloud-0000007588 devstack@keystone.service[61556]: ERROR keystone.server.flask.application keystone.exception.Conflict: Conflict occurred attempting to store project - it is not permitted to have two projects acting as domains with the same name: Default.
Sep 06 07:52:35 jammy-provider-cloud-0000007588 devstack@keystone.service[61556]: ERROR keystone.server.flask.application 
Sep 06 07:52:35 jammy-provider-cloud-0000007588 devstack@keystone.service[61556]: [pid: 61556|app: 0|req: 8/16] 10.201.5.87 () {60 vars in 1137 bytes} [Fri Sep  6 07:52:35 2024] POST /identity/v3/domains => generated 190 bytes in 88 msecs (HTTP/1.1 409) 5 headers in 183 bytes (2 switches on core 0)
Sep 06 07:52:35 jammy-provider-cloud-0000007588 devstack@keystone.service[61556]: DEBUG keystone.server.flask.request_processing.middleware.auth_context [None req-d24c0fbf-f851-44dd-ad58-85e3e896566a None admin] Authenticating user token {{(pid=61556) process_request /opt/stack/data/venv/lib/python3.10/site-packages/keystonemiddleware/auth_token/__init__.py:406}}
Sep 06 07:52:35 jammy-provider-cloud-0000007588 devstack@keystone.service[61557]: DEBUG keystone.server.flask.request_processing.middleware.auth_context [None req-83498875-d5c0-4f03-8460-ffde59a61070 None admin] RBAC: auth_context: {'token': <TokenModel (audit_id=m9MJz8tzSQaMZvOf4omntA, audit_chain_id=['m9MJz8tzSQaMZvOf4omntA']) at 0x7f83bcaeab30>, 'domain_id': None, 'trust_id': None, 'trustor_id': None, 'trustee_id': None, 'domain_name': None, 'group_ids': [], 'user_id': '09097e16bfda4820a07ef6b45da6d6b8', 'user_domain_id': 'default', 'system_scope': 'all', 'project_id': None, 'project_domain_id': None, 'roles': ['admin', 'manager', 'member', 'reader'], 'is_admin_project': True, 'service_user_id': None, 'service_user_domain_id': None, 'service_project_id': None, 'service_project_domain_id': None, 'service_roles': []} {{(pid=61557) fill_context /opt/stack/keystone/keystone/server/flask/request_processing/middleware/auth_context.py:511}}
Sep 06 07:52:35 jammy-provider-cloud-0000007588 devstack@keystone.service[61557]: DEBUG keystone.server.flask.request_processing.req_logging [None req-83498875-d5c0-4f03-8460-ffde59a61070 None admin] REQUEST_METHOD: `GET` {{(pid=61557) log_request_info /opt/stack/keystone/keystone/server/flask/request_processing/req_logging.py:26}}
Sep 06 07:52:35 jammy-provider-cloud-0000007588 devstack@keystone.service[61557]: DEBUG keystone.server.flask.request_processing.req_logging [None req-83498875-d5c0-4f03-8460-ffde59a61070 None admin] SCRIPT_NAME: `/identity` {{(pid=61557) log_request_info /opt/stack/keystone/keystone/server/flask/request_processing/req_logging.py:27}}
Sep 06 07:52:35 jammy-provider-cloud-0000007588 devstack@keystone.service[61557]: DEBUG keystone.server.flask.request_processing.req_logging [None req-83498875-d5c0-4f03-8460-ffde59a61070 None admin] PATH_INFO: `/v3/users/09097e16bfda4820a07ef6b45da6d6b8` {{(pid=61557) log_request_info /opt/stack/keystone/keystone/server/flask/request_processing/req_logging.py:28}}
Sep 06 07:52:35 jammy-provider-cloud-0000007588 devstack@keystone.service[61557]: DEBUG keystone.common.rbac_enforcer.enforcer [None req-83498875-d5c0-4f03-8460-ffde59a61070 None admin] RBAC: Authorizing `identity:get_user(user_id=09097e16bfda4820a07ef6b45da6d6b8)` {{(pid=61557) enforce_call /opt/stack/keystone/keystone/common/rbac_enforcer/enforcer.py:503}}
Sep 06 07:52:35 jammy-provider-cloud-0000007588 devstack@keystone.service[61557]: DEBUG keystone.common.rbac_enforcer.enforcer [None req-83498875-d5c0-4f03-8460-ffde59a61070 None admin] RBAC: Authorization granted {{(pid=61557) enforce_call /opt/stack/keystone/keystone/common/rbac_enforcer/enforcer.py:514}}
Sep 06 07:52:35 jammy-provider-cloud-0000007588 devstack@keystone.service[61557]: [pid: 61557|app: 0|req: 9/17] 10.201.5.87 () {56 vars in 1177 bytes} [Fri Sep  6 07:52:35 2024] GET /identity/v3/users/09097e16bfda4820a07ef6b45da6d6b8 => generated 247 bytes in 63 msecs (HTTP/1.1 200) 5 headers in 177 bytes (1 switches on core 0)
Sep 06 07:52:35 jammy-provider-cloud-0000007588 devstack@keystone.service[61557]: DEBUG keystone.server.flask.request_processing.middleware.auth_context [None req-83498875-d5c0-4f03-8460-ffde59a61070 None admin] Authenticating user token {{(pid=61557) process_request /opt/stack/data/venv/lib/python3.10/site-packages/keystonemiddleware/auth_token/__init__.py:406}}
Sep 06 07:52:35 jammy-provider-cloud-0000007588 devstack@keystone.service[61556]: DEBUG keystone.server.flask.request_processing.middleware.auth_context [None req-d24c0fbf-f851-44dd-ad58-85e3e896566a None admin] Validating token access rules against request {{(pid=61556) validate_allowed_request /opt/stack/data/venv/lib/python3.10/site-packages/keystonemiddleware/auth_token/__init__.py:544}}
Sep 06 07:52:35 jammy-provider-cloud-0000007588 devstack@keystone.service[61557]: DEBUG keystone.server.flask.request_processing.middleware.auth_context [None req-83498875-d5c0-4f03-8460-ffde59a61070 None admin] Validating token access rules against request {{(pid=61557) validate_allowed_request /opt/stack/data/venv/lib/python3.10/site-packages/keystonemiddleware/auth_token/__init__.py:544}}
Sep 06 07:52:35 jammy-provider-cloud-0000007588 devstack@keystone.service[61557]: DEBUG keystone.server.flask.request_processing.middleware.auth_context [None req-736b3d6f-5b3c-4a52-bd7f-4fd9245b83b6 None admin] RBAC: auth_context: {'token': <TokenModel (audit_id=m9MJz8tzSQaMZvOf4omntA, audit_chain_id=['m9MJz8tzSQaMZvOf4omntA']) at 0x7f83bcaeaec0>, 'domain_id': None, 'trust_id': None, 'trustor_id': None, 'trustee_id': None, 'domain_name': None, 'group_ids': [], 'user_id': '09097e16bfda4820a07ef6b45da6d6b8', 'user_domain_id': 'default', 'system_scope': 'all', 'project_id': None, 'project_domain_id': None, 'roles': ['admin', 'manager', 'member', 'reader'], 'is_admin_project': True, 'service_user_id': None, 'service_user_domain_id': None, 'service_project_id': None, 'service_project_domain_id': None, 'service_roles': []} {{(pid=61557) fill_context /opt/stack/keystone/keystone/server/flask/request_processing/middleware/auth_context.py:511}}
Sep 06 07:52:35 jammy-provider-cloud-0000007588 devstack@keystone.service[61557]: DEBUG keystone.server.flask.request_processing.req_logging [None req-736b3d6f-5b3c-4a52-bd7f-4fd9245b83b6 None admin] REQUEST_METHOD: `GET` {{(pid=61557) log_request_info /opt/stack/keystone/keystone/server/flask/request_processing/req_logging.py:26}}
Sep 06 07:52:35 jammy-provider-cloud-0000007588 devstack@keystone.service[61557]: DEBUG keystone.server.flask.request_processing.req_logging [None req-736b3d6f-5b3c-4a52-bd7f-4fd9245b83b6 None admin] SCRIPT_NAME: `/identity` {{(pid=61557) log_request_info /opt/stack/keystone/keystone/server/flask/request_processing/req_logging.py:27}}
Sep 06 07:52:35 jammy-provider-cloud-0000007588 devstack@keystone.service[61557]: DEBUG keystone.server.flask.request_processing.req_logging [None req-736b3d6f-5b3c-4a52-bd7f-4fd9245b83b6 None admin] PATH_INFO: `/v3/domains/default` {{(pid=61557) log_request_info /opt/stack/keystone/keystone/server/flask/request_processing/req_logging.py:28}}
Sep 06 07:52:35 jammy-provider-cloud-0000007588 devstack@keystone.service[61557]: DEBUG keystone.common.rbac_enforcer.enforcer [None req-736b3d6f-5b3c-4a52-bd7f-4fd9245b83b6 None admin] RBAC: Authorizing `identity:get_domain(domain_id=default)` {{(pid=61557) enforce_call /opt/stack/keystone/keystone/common/rbac_enforcer/enforcer.py:503}}
Sep 06 07:52:35 jammy-provider-cloud-0000007588 devstack@keystone.service[61557]: DEBUG keystone.common.rbac_enforcer.enforcer [None req-736b3d6f-5b3c-4a52-bd7f-4fd9245b83b6 None admin] RBAC: Authorization granted {{(pid=61557) enforce_call /opt/stack/keystone/keystone/common/rbac_enforcer/enforcer.py:514}}
Sep 06 07:52:35 jammy-provider-cloud-0000007588 devstack@keystone.service[61557]: [pid: 61557|app: 0|req: 10/18] 10.201.5.87 () {56 vars in 1108 bytes} [Fri Sep  6 07:52:35 2024] GET /identity/v3/domains/default => generated 199 bytes in 50 msecs (HTTP/1.1 200) 5 headers in 177 bytes (1 switches on core 0)
Sep 06 07:52:35 jammy-provider-cloud-0000007588 devstack@keystone.service[61556]: DEBUG keystone.server.flask.request_processing.middleware.auth_context [None req-e7a47f06-e819-4a33-82b1-91fcb136ea72 None admin] RBAC: auth_context: {'token': <TokenModel (audit_id=FT4XQ3RRSBKnVKJXFz5Xfw, audit_chain_id=['FT4XQ3RRSBKnVKJXFz5Xfw']) at 0x7f83bbdf4b80>, 'domain_id': None, 'trust_id': None, 'trustor_id': None, 'trustee_id': None, 'domain_name': None, 'group_ids': [], 'user_id': '09097e16bfda4820a07ef6b45da6d6b8', 'user_domain_id': 'default', 'system_scope': 'all', 'project_id': None, 'project_domain_id': None, 'roles': ['admin', 'manager', 'member', 'reader'], 'is_admin_project': True, 'service_user_id': None, 'service_user_domain_id': None, 'service_project_id': None, 'service_project_domain_id': None, 'service_roles': []} {{(pid=61556) fill_context /opt/stack/keystone/keystone/server/flask/request_processing/middleware/auth_context.py:511}}
Sep 06 07:52:35 jammy-provider-cloud-0000007588 devstack@keystone.service[61556]: DEBUG keystone.server.flask.request_processing.req_logging [None req-e7a47f06-e819-4a33-82b1-91fcb136ea72 None admin] REQUEST_METHOD: `GET` {{(pid=61556) log_request_info /opt/stack/keystone/keystone/server/flask/request_processing/req_logging.py:26}}
Sep 06 07:52:35 jammy-provider-cloud-0000007588 devstack@keystone.service[61556]: DEBUG keystone.server.flask.request_processing.req_logging [None req-e7a47f06-e819-4a33-82b1-91fcb136ea72 None admin] SCRIPT_NAME: `/identity` {{(pid=61556) log_request_info /opt/stack/keystone/keystone/server/flask/request_processing/req_logging.py:27}}
Sep 06 07:52:35 jammy-provider-cloud-0000007588 devstack@keystone.service[61556]: DEBUG keystone.server.flask.request_processing.req_logging [None req-e7a47f06-e819-4a33-82b1-91fcb136ea72 None admin] PATH_INFO: `/v3/domains/Default` {{(pid=61556) log_request_info /opt/stack/keystone/keystone/server/flask/request_processing/req_logging.py:28}}
Sep 06 07:52:35 jammy-provider-cloud-0000007588 devstack@keystone.service[61557]: DEBUG keystone.server.flask.request_processing.middleware.auth_context [None req-736b3d6f-5b3c-4a52-bd7f-4fd9245b83b6 None admin] Authenticating user token {{(pid=61557) process_request /opt/stack/data/venv/lib/python3.10/site-packages/keystonemiddleware/auth_token/__init__.py:406}}
Sep 06 07:52:35 jammy-provider-cloud-0000007588 devstack@keystone.service[61556]: DEBUG keystone.common.rbac_enforcer.enforcer [None req-e7a47f06-e819-4a33-82b1-91fcb136ea72 None admin] RBAC: Authorizing `identity:get_domain(domain_id=Default)` {{(pid=61556) enforce_call /opt/stack/keystone/keystone/common/rbac_enforcer/enforcer.py:503}}
Sep 06 07:52:35 jammy-provider-cloud-0000007588 devstack@keystone.service[61556]: DEBUG keystone.common.rbac_enforcer.enforcer [None req-e7a47f06-e819-4a33-82b1-91fcb136ea72 None admin] RBAC: Authorization granted {{(pid=61556) enforce_call /opt/stack/keystone/keystone/common/rbac_enforcer/enforcer.py:514}}
Sep 06 07:52:35 jammy-provider-cloud-0000007588 devstack@keystone.service[61556]: DEBUG keystone.server.flask.application [None req-e7a47f06-e819-4a33-82b1-91fcb136ea72 None admin] Could not find domain: Default. {{(pid=61556) _handle_keystone_exception /opt/stack/keystone/keystone/server/flask/application.py:96}}
Sep 06 07:52:35 jammy-provider-cloud-0000007588 devstack@keystone.service[61556]: [pid: 61556|app: 0|req: 9/19] 10.201.5.87 () {56 vars in 1108 bytes} [Fri Sep  6 07:52:35 2024] GET /identity/v3/domains/Default => generated 87 bytes in 73 msecs (HTTP/1.1 404) 5 headers in 183 bytes (2 switches on core 0)
Sep 06 07:52:35 jammy-provider-cloud-0000007588 devstack@keystone.service[61556]: DEBUG keystone.server.flask.request_processing.middleware.auth_context [None req-e7a47f06-e819-4a33-82b1-91fcb136ea72 None admin] Authenticating user token {{(pid=61556) process_request /opt/stack/data/venv/lib/python3.10/site-packages/keystonemiddleware/auth_token/__init__.py:406}}
Sep 06 07:52:35 jammy-provider-cloud-0000007588 devstack@keystone.service[61557]: DEBUG keystone.server.flask.request_processing.middleware.auth_context [None req-736b3d6f-5b3c-4a52-bd7f-4fd9245b83b6 None admin] Validating token access rules against request {{(pid=61557) validate_allowed_request /opt/stack/data/venv/lib/python3.10/site-packages/keystonemiddleware/auth_token/__init__.py:544}}
Sep 06 07:52:35 jammy-provider-cloud-0000007588 devstack@keystone.service[61557]: DEBUG keystone.server.flask.request_processing.middleware.auth_context [None req-36bf2a1f-9558-49ff-9675-a69b6acdcb2f None admin] RBAC: auth_context: {'token': <TokenModel (audit_id=m9MJz8tzSQaMZvOf4omntA, audit_chain_id=['m9MJz8tzSQaMZvOf4omntA']) at 0x7f83bcaeafb0>, 'domain_id': None, 'trust_id': None, 'trustor_id': None, 'trustee_id': None, 'domain_name': None, 'group_ids': [], 'user_id': '09097e16bfda4820a07ef6b45da6d6b8', 'user_domain_id': 'default', 'system_scope': 'all', 'project_id': None, 'project_domain_id': None, 'roles': ['admin', 'manager', 'member', 'reader'], 'is_admin_project': True, 'service_user_id': None, 'service_user_domain_id': None, 'service_project_id': None, 'service_project_domain_id': None, 'service_roles': []} {{(pid=61557) fill_context /opt/stack/keystone/keystone/server/flask/request_processing/middleware/auth_context.py:511}}
Sep 06 07:52:35 jammy-provider-cloud-0000007588 devstack@keystone.service[61557]: DEBUG keystone.server.flask.request_processing.req_logging [None req-36bf2a1f-9558-49ff-9675-a69b6acdcb2f None admin] REQUEST_METHOD: `PUT` {{(pid=61557) log_request_info /opt/stack/keystone/keystone/server/flask/request_processing/req_logging.py:26}}
Sep 06 07:52:35 jammy-provider-cloud-0000007588 devstack@keystone.service[61557]: DEBUG keystone.server.flask.request_processing.req_logging [None req-36bf2a1f-9558-49ff-9675-a69b6acdcb2f None admin] SCRIPT_NAME: `/identity` {{(pid=61557) log_request_info /opt/stack/keystone/keystone/server/flask/request_processing/req_logging.py:27}}
Sep 06 07:52:35 jammy-provider-cloud-0000007588 devstack@keystone.service[61557]: DEBUG keystone.server.flask.request_processing.req_logging [None req-36bf2a1f-9558-49ff-9675-a69b6acdcb2f None admin] PATH_INFO: `/v3/domains/default/users/09097e16bfda4820a07ef6b45da6d6b8/roles/ac95ab2a864d4d5b856e84d65e371e0a` {{(pid=61557) log_request_info /opt/stack/keystone/keystone/server/flask/request_processing/req_logging.py:28}}
Sep 06 07:52:35 jammy-provider-cloud-0000007588 devstack@keystone.service[61557]: DEBUG keystone.common.rbac_enforcer.enforcer [None req-36bf2a1f-9558-49ff-9675-a69b6acdcb2f None admin] RBAC: Authorizing `identity:create_grant(domain_id=default, user_id=09097e16bfda4820a07ef6b45da6d6b8, role_id=ac95ab2a864d4d5b856e84d65e371e0a)` {{(pid=61557) enforce_call /opt/stack/keystone/keystone/common/rbac_enforcer/enforcer.py:503}}
Sep 06 07:52:35 jammy-provider-cloud-0000007588 devstack@keystone.service[61557]: DEBUG keystone.common.rbac_enforcer.enforcer [None req-36bf2a1f-9558-49ff-9675-a69b6acdcb2f None admin] RBAC: Authorization granted {{(pid=61557) enforce_call /opt/stack/keystone/keystone/common/rbac_enforcer/enforcer.py:514}}
Sep 06 07:52:35 jammy-provider-cloud-0000007588 devstack@keystone.service[61556]: DEBUG keystone.server.flask.request_processing.middleware.auth_context [None req-e7a47f06-e819-4a33-82b1-91fcb136ea72 None admin] Validating token access rules against request {{(pid=61556) validate_allowed_request /opt/stack/data/venv/lib/python3.10/site-packages/keystonemiddleware/auth_token/__init__.py:544}}
Sep 06 07:52:35 jammy-provider-cloud-0000007588 devstack@keystone.service[61556]: DEBUG keystone.server.flask.request_processing.middleware.auth_context [None req-7a4e7806-11f3-42c6-a64e-ab208e7b53f0 None admin] RBAC: auth_context: {'token': <TokenModel (audit_id=FT4XQ3RRSBKnVKJXFz5Xfw, audit_chain_id=['FT4XQ3RRSBKnVKJXFz5Xfw']) at 0x7f83bbc38be0>, 'domain_id': None, 'trust_id': None, 'trustor_id': None, 'trustee_id': None, 'domain_name': None, 'group_ids': [], 'user_id': '09097e16bfda4820a07ef6b45da6d6b8', 'user_domain_id': 'default', 'system_scope': 'all', 'project_id': None, 'project_domain_id': None, 'roles': ['admin', 'manager', 'member', 'reader'], 'is_admin_project': True, 'service_user_id': None, 'service_user_domain_id': None, 'service_project_id': None, 'service_project_domain_id': None, 'service_roles': []} {{(pid=61556) fill_context /opt/stack/keystone/keystone/server/flask/request_processing/middleware/auth_context.py:511}}
Sep 06 07:52:35 jammy-provider-cloud-0000007588 devstack@keystone.service[61556]: DEBUG keystone.server.flask.request_processing.req_logging [None req-7a4e7806-11f3-42c6-a64e-ab208e7b53f0 None admin] REQUEST_METHOD: `GET` {{(pid=61556) log_request_info /opt/stack/keystone/keystone/server/flask/request_processing/req_logging.py:26}}
Sep 06 07:52:35 jammy-provider-cloud-0000007588 devstack@keystone.service[61556]: DEBUG keystone.server.flask.request_processing.req_logging [None req-7a4e7806-11f3-42c6-a64e-ab208e7b53f0 None admin] SCRIPT_NAME: `/identity` {{(pid=61556) log_request_info /opt/stack/keystone/keystone/server/flask/request_processing/req_logging.py:27}}
Sep 06 07:52:35 jammy-provider-cloud-0000007588 devstack@keystone.service[61556]: DEBUG keystone.server.flask.request_processing.req_logging [None req-7a4e7806-11f3-42c6-a64e-ab208e7b53f0 None admin] PATH_INFO: `/v3/domains` {{(pid=61556) log_request_info /opt/stack/keystone/keystone/server/flask/request_processing/req_logging.py:28}}
Sep 06 07:52:35 jammy-provider-cloud-0000007588 devstack@keystone.service[61556]: DEBUG keystone.common.rbac_enforcer.enforcer [None req-7a4e7806-11f3-42c6-a64e-ab208e7b53f0 None admin] RBAC: Adding query filter params (name=Default) {{(pid=61556) _extract_filter_values /opt/stack/keystone/keystone/common/rbac_enforcer/enforcer.py:184}}
Sep 06 07:52:35 jammy-provider-cloud-0000007588 devstack@keystone.service[61556]: DEBUG keystone.common.rbac_enforcer.enforcer [None req-7a4e7806-11f3-42c6-a64e-ab208e7b53f0 None admin] RBAC: Authorizing `identity:list_domains()` {{(pid=61556) enforce_call /opt/stack/keystone/keystone/common/rbac_enforcer/enforcer.py:503}}
Sep 06 07:52:35 jammy-provider-cloud-0000007588 devstack@keystone.service[61556]: DEBUG keystone.common.rbac_enforcer.enforcer [None req-7a4e7806-11f3-42c6-a64e-ab208e7b53f0 None admin] RBAC: Authorization granted {{(pid=61556) enforce_call /opt/stack/keystone/keystone/common/rbac_enforcer/enforcer.py:514}}
Sep 06 07:52:35 jammy-provider-cloud-0000007588 devstack@keystone.service[61556]: [pid: 61556|app: 0|req: 10/20] 10.201.5.87 () {56 vars in 1109 bytes} [Fri Sep  6 07:52:35 2024] GET /identity/v3/domains?name=Default => generated 308 bytes in 65 msecs (HTTP/1.1 200) 5 headers in 177 bytes (1 switches on core 0)
Sep 06 07:52:35 jammy-provider-cloud-0000007588 devstack@keystone.service[61557]: [pid: 61557|app: 0|req: 11/21] 10.201.5.87 () {58 vars in 1361 bytes} [Fri Sep  6 07:52:35 2024] PUT /identity/v3/domains/default/users/09097e16bfda4820a07ef6b45da6d6b8/roles/ac95ab2a864d4d5b856e84d65e371e0a => generated 0 bytes in 115 msecs (HTTP/1.1 204) 3 headers in 132 bytes (1 switches on core 0)
Sep 06 07:52:36 jammy-provider-cloud-0000007588 devstack@keystone.service[61556]: DEBUG keystone.server.flask.request_processing.req_logging [None req-2ad475e4-047d-47ef-87d6-6bb608154ce5 None None] REQUEST_METHOD: `GET` {{(pid=61556) log_request_info /opt/stack/keystone/keystone/server/flask/request_processing/req_logging.py:26}}
Sep 06 07:52:36 jammy-provider-cloud-0000007588 devstack@keystone.service[61556]: DEBUG keystone.server.flask.request_processing.req_logging [None req-2ad475e4-047d-47ef-87d6-6bb608154ce5 None None] SCRIPT_NAME: `/identity` {{(pid=61556) log_request_info /opt/stack/keystone/keystone/server/flask/request_processing/req_logging.py:27}}
Sep 06 07:52:36 jammy-provider-cloud-0000007588 devstack@keystone.service[61556]: DEBUG keystone.server.flask.request_processing.req_logging [None req-2ad475e4-047d-47ef-87d6-6bb608154ce5 None None] PATH_INFO: `/` {{(pid=61556) log_request_info /opt/stack/keystone/keystone/server/flask/request_processing/req_logging.py:28}}
Sep 06 07:52:36 jammy-provider-cloud-0000007588 devstack@keystone.service[61556]: [pid: 61556|app: 0|req: 11/22] 10.201.5.87 () {54 vars in 926 bytes} [Fri Sep  6 07:52:36 2024] GET /identity => generated 270 bytes in 1 msecs (HTTP/1.1 300) 6 headers in 234 bytes (1 switches on core 0)
Sep 06 07:52:36 jammy-provider-cloud-0000007588 devstack@keystone.service[61557]: DEBUG keystone.server.flask.request_processing.req_logging [None req-ee6074b2-e693-4bc2-a690-2394359f54d4 None None] REQUEST_METHOD: `POST` {{(pid=61557) log_request_info /opt/stack/keystone/keystone/server/flask/request_processing/req_logging.py:26}}
Sep 06 07:52:36 jammy-provider-cloud-0000007588 devstack@keystone.service[61557]: DEBUG keystone.server.flask.request_processing.req_logging [None req-ee6074b2-e693-4bc2-a690-2394359f54d4 None None] SCRIPT_NAME: `/identity` {{(pid=61557) log_request_info /opt/stack/keystone/keystone/server/flask/request_processing/req_logging.py:27}}
Sep 06 07:52:36 jammy-provider-cloud-0000007588 devstack@keystone.service[61557]: DEBUG keystone.server.flask.request_processing.req_logging [None req-ee6074b2-e693-4bc2-a690-2394359f54d4 None None] PATH_INFO: `/v3/auth/tokens` {{(pid=61557) log_request_info /opt/stack/keystone/keystone/server/flask/request_processing/req_logging.py:28}}
Sep 06 07:52:36 jammy-provider-cloud-0000007588 devstack@keystone.service[61557]: WARNING keystone.common.password_hashing [None req-ee6074b2-e693-4bc2-a690-2394359f54d4 None None] Truncating password to algorithm specific maximum length 72 characters.
Sep 06 07:52:36 jammy-provider-cloud-0000007588 devstack@keystone.service[61557]: DEBUG keystone.auth.core [None req-ee6074b2-e693-4bc2-a690-2394359f54d4 None None] MFA Rules not processed for user `09097e16bfda4820a07ef6b45da6d6b8`. Rule list: `[]` (Enabled: `True`). {{(pid=61557) check_auth_methods_against_rules /opt/stack/keystone/keystone/auth/core.py:476}}
Sep 06 07:52:36 jammy-provider-cloud-0000007588 devstack@keystone.service[61557]: DEBUG keystone.common.fernet_utils [None req-ee6074b2-e693-4bc2-a690-2394359f54d4 None None] Loaded 2 Fernet keys from /etc/keystone/fernet-keys/, but `[fernet_tokens] max_active_keys = 3`; perhaps there have not been enough key rotations to reach `max_active_keys` yet? {{(pid=61557) load_keys /opt/stack/keystone/keystone/common/fernet_utils.py:298}}
Sep 06 07:52:36 jammy-provider-cloud-0000007588 devstack@keystone.service[61557]: [pid: 61557|app: 0|req: 12/23] 10.201.5.87 () {58 vars in 1023 bytes} [Fri Sep  6 07:52:36 2024] POST /identity/v3/auth/tokens => generated 862 bytes in 53 msecs (HTTP/1.1 201) 6 headers in 363 bytes (1 switches on core 0)
Sep 06 07:52:36 jammy-provider-cloud-0000007588 devstack@keystone.service[61556]: DEBUG keystone.server.flask.request_processing.req_logging [None req-255ee751-b39b-44ec-aebc-47b5d09e50c5 None None] REQUEST_METHOD: `GET` {{(pid=61556) log_request_info /opt/stack/keystone/keystone/server/flask/request_processing/req_logging.py:26}}
Sep 06 07:52:36 jammy-provider-cloud-0000007588 devstack@keystone.service[61556]: DEBUG keystone.server.flask.request_processing.req_logging [None req-255ee751-b39b-44ec-aebc-47b5d09e50c5 None None] SCRIPT_NAME: `/identity` {{(pid=61556) log_request_info /opt/stack/keystone/keystone/server/flask/request_processing/req_logging.py:27}}
Sep 06 07:52:36 jammy-provider-cloud-0000007588 devstack@keystone.service[61556]: DEBUG keystone.server.flask.request_processing.req_logging [None req-255ee751-b39b-44ec-aebc-47b5d09e50c5 None None] PATH_INFO: `/` {{(pid=61556) log_request_info /opt/stack/keystone/keystone/server/flask/request_processing/req_logging.py:28}}
Sep 06 07:52:36 jammy-provider-cloud-0000007588 devstack@keystone.service[61556]: [pid: 61556|app: 0|req: 12/24] 10.201.5.87 () {54 vars in 926 bytes} [Fri Sep  6 07:52:36 2024] GET /identity => generated 270 bytes in 1 msecs (HTTP/1.1 300) 6 headers in 234 bytes (1 switches on core 0)
Sep 06 07:52:36 jammy-provider-cloud-0000007588 devstack@keystone.service[61557]: DEBUG keystone.server.flask.request_processing.req_logging [None req-b7b1b8e5-1f87-4eb1-ae7c-a624ac45d461 None None] REQUEST_METHOD: `POST` {{(pid=61557) log_request_info /opt/stack/keystone/keystone/server/flask/request_processing/req_logging.py:26}}
Sep 06 07:52:36 jammy-provider-cloud-0000007588 devstack@keystone.service[61557]: DEBUG keystone.server.flask.request_processing.req_logging [None req-b7b1b8e5-1f87-4eb1-ae7c-a624ac45d461 None None] SCRIPT_NAME: `/identity` {{(pid=61557) log_request_info /opt/stack/keystone/keystone/server/flask/request_processing/req_logging.py:27}}
Sep 06 07:52:36 jammy-provider-cloud-0000007588 devstack@keystone.service[61557]: DEBUG keystone.server.flask.request_processing.req_logging [None req-b7b1b8e5-1f87-4eb1-ae7c-a624ac45d461 None None] PATH_INFO: `/v3/auth/tokens` {{(pid=61557) log_request_info /opt/stack/keystone/keystone/server/flask/request_processing/req_logging.py:28}}
Sep 06 07:52:36 jammy-provider-cloud-0000007588 devstack@keystone.service[61557]: WARNING keystone.common.password_hashing [None req-b7b1b8e5-1f87-4eb1-ae7c-a624ac45d461 None None] Truncating password to algorithm specific maximum length 72 characters.
Sep 06 07:52:36 jammy-provider-cloud-0000007588 devstack@keystone.service[61557]: DEBUG keystone.auth.core [None req-b7b1b8e5-1f87-4eb1-ae7c-a624ac45d461 None None] MFA Rules not processed for user `09097e16bfda4820a07ef6b45da6d6b8`. Rule list: `[]` (Enabled: `True`). {{(pid=61557) check_auth_methods_against_rules /opt/stack/keystone/keystone/auth/core.py:476}}
Sep 06 07:52:36 jammy-provider-cloud-0000007588 devstack@keystone.service[61557]: DEBUG keystone.common.fernet_utils [None req-b7b1b8e5-1f87-4eb1-ae7c-a624ac45d461 None None] Loaded 2 Fernet keys from /etc/keystone/fernet-keys/, but `[fernet_tokens] max_active_keys = 3`; perhaps there have not been enough key rotations to reach `max_active_keys` yet? {{(pid=61557) load_keys /opt/stack/keystone/keystone/common/fernet_utils.py:298}}
Sep 06 07:52:36 jammy-provider-cloud-0000007588 devstack@keystone.service[61557]: [pid: 61557|app: 0|req: 13/25] 10.201.5.87 () {58 vars in 1023 bytes} [Fri Sep  6 07:52:36 2024] POST /identity/v3/auth/tokens => generated 862 bytes in 66 msecs (HTTP/1.1 201) 6 headers in 363 bytes (1 switches on core 0)
Sep 06 07:52:36 jammy-provider-cloud-0000007588 devstack@keystone.service[61556]: DEBUG keystone.server.flask.request_processing.req_logging [None req-c4a41e82-f11a-4a04-a209-a4ef36d27bd4 None None] REQUEST_METHOD: `GET` {{(pid=61556) log_request_info /opt/stack/keystone/keystone/server/flask/request_processing/req_logging.py:26}}
Sep 06 07:52:36 jammy-provider-cloud-0000007588 devstack@keystone.service[61556]: DEBUG keystone.server.flask.request_processing.req_logging [None req-c4a41e82-f11a-4a04-a209-a4ef36d27bd4 None None] SCRIPT_NAME: `/identity` {{(pid=61556) log_request_info /opt/stack/keystone/keystone/server/flask/request_processing/req_logging.py:27}}
Sep 06 07:52:36 jammy-provider-cloud-0000007588 devstack@keystone.service[61556]: DEBUG keystone.server.flask.request_processing.req_logging [None req-c4a41e82-f11a-4a04-a209-a4ef36d27bd4 None None] PATH_INFO: `/` {{(pid=61556) log_request_info /opt/stack/keystone/keystone/server/flask/request_processing/req_logging.py:28}}
Sep 06 07:52:36 jammy-provider-cloud-0000007588 devstack@keystone.service[61556]: [pid: 61556|app: 0|req: 13/26] 10.201.5.87 () {54 vars in 926 bytes} [Fri Sep  6 07:52:36 2024] GET /identity => generated 270 bytes in 1 msecs (HTTP/1.1 300) 6 headers in 234 bytes (1 switches on core 0)
Sep 06 07:52:36 jammy-provider-cloud-0000007588 devstack@keystone.service[61557]: DEBUG keystone.server.flask.request_processing.req_logging [None req-aa98002d-6b27-4cb5-aa26-c2ac68202152 None None] REQUEST_METHOD: `POST` {{(pid=61557) log_request_info /opt/stack/keystone/keystone/server/flask/request_processing/req_logging.py:26}}
Sep 06 07:52:36 jammy-provider-cloud-0000007588 devstack@keystone.service[61557]: DEBUG keystone.server.flask.request_processing.req_logging [None req-aa98002d-6b27-4cb5-aa26-c2ac68202152 None None] SCRIPT_NAME: `/identity` {{(pid=61557) log_request_info /opt/stack/keystone/keystone/server/flask/request_processing/req_logging.py:27}}
Sep 06 07:52:36 jammy-provider-cloud-0000007588 devstack@keystone.service[61557]: DEBUG keystone.server.flask.request_processing.req_logging [None req-aa98002d-6b27-4cb5-aa26-c2ac68202152 None None] PATH_INFO: `/v3/auth/tokens` {{(pid=61557) log_request_info /opt/stack/keystone/keystone/server/flask/request_processing/req_logging.py:28}}
Sep 06 07:52:36 jammy-provider-cloud-0000007588 devstack@keystone.service[61557]: WARNING keystone.common.password_hashing [None req-aa98002d-6b27-4cb5-aa26-c2ac68202152 None None] Truncating password to algorithm specific maximum length 72 characters.
Sep 06 07:52:36 jammy-provider-cloud-0000007588 devstack@keystone.service[61557]: DEBUG keystone.auth.core [None req-aa98002d-6b27-4cb5-aa26-c2ac68202152 None None] MFA Rules not processed for user `09097e16bfda4820a07ef6b45da6d6b8`. Rule list: `[]` (Enabled: `True`). {{(pid=61557) check_auth_methods_against_rules /opt/stack/keystone/keystone/auth/core.py:476}}
Sep 06 07:52:36 jammy-provider-cloud-0000007588 devstack@keystone.service[61557]: DEBUG keystone.common.fernet_utils [None req-aa98002d-6b27-4cb5-aa26-c2ac68202152 None None] Loaded 2 Fernet keys from /etc/keystone/fernet-keys/, but `[fernet_tokens] max_active_keys = 3`; perhaps there have not been enough key rotations to reach `max_active_keys` yet? {{(pid=61557) load_keys /opt/stack/keystone/keystone/common/fernet_utils.py:298}}
Sep 06 07:52:36 jammy-provider-cloud-0000007588 devstack@keystone.service[61557]: [pid: 61557|app: 0|req: 14/27] 10.201.5.87 () {58 vars in 1023 bytes} [Fri Sep  6 07:52:36 2024] POST /identity/v3/auth/tokens => generated 862 bytes in 59 msecs (HTTP/1.1 201) 6 headers in 363 bytes (1 switches on core 0)
Sep 06 07:52:36 jammy-provider-cloud-0000007588 devstack@keystone.service[61556]: DEBUG keystone.server.flask.request_processing.middleware.auth_context [None req-c4a41e82-f11a-4a04-a209-a4ef36d27bd4 None None] Authenticating user token {{(pid=61556) process_request /opt/stack/data/venv/lib/python3.10/site-packages/keystonemiddleware/auth_token/__init__.py:406}}
Sep 06 07:52:36 jammy-provider-cloud-0000007588 devstack@keystone.service[61556]: DEBUG keystone.server.flask.request_processing.middleware.auth_context [None req-c4a41e82-f11a-4a04-a209-a4ef36d27bd4 None None] Validating token access rules against request {{(pid=61556) validate_allowed_request /opt/stack/data/venv/lib/python3.10/site-packages/keystonemiddleware/auth_token/__init__.py:544}}
Sep 06 07:52:36 jammy-provider-cloud-0000007588 devstack@keystone.service[61557]: DEBUG keystone.server.flask.request_processing.middleware.auth_context [None req-aa98002d-6b27-4cb5-aa26-c2ac68202152 None None] Authenticating user token {{(pid=61557) process_request /opt/stack/data/venv/lib/python3.10/site-packages/keystonemiddleware/auth_token/__init__.py:406}}
Sep 06 07:52:36 jammy-provider-cloud-0000007588 devstack@keystone.service[61556]: DEBUG keystone.server.flask.request_processing.middleware.auth_context [None req-f9a0e462-1215-415c-adaa-17754e1c99aa None admin] RBAC: auth_context: {'token': <TokenModel (audit_id=bT20WmIpTIK6Uwcj92InKw, audit_chain_id=['bT20WmIpTIK6Uwcj92InKw']) at 0x7f83bbc39bd0>, 'domain_id': None, 'trust_id': None, 'trustor_id': None, 'trustee_id': None, 'domain_name': None, 'group_ids': [], 'user_id': '09097e16bfda4820a07ef6b45da6d6b8', 'user_domain_id': 'default', 'system_scope': 'all', 'project_id': None, 'project_domain_id': None, 'roles': ['admin', 'manager', 'member', 'reader'], 'is_admin_project': True, 'service_user_id': None, 'service_user_domain_id': None, 'service_project_id': None, 'service_project_domain_id': None, 'service_roles': []} {{(pid=61556) fill_context /opt/stack/keystone/keystone/server/flask/request_processing/middleware/auth_context.py:511}}
Sep 06 07:52:36 jammy-provider-cloud-0000007588 devstack@keystone.service[61556]: DEBUG keystone.server.flask.request_processing.req_logging [None req-f9a0e462-1215-415c-adaa-17754e1c99aa None admin] REQUEST_METHOD: `GET` {{(pid=61556) log_request_info /opt/stack/keystone/keystone/server/flask/request_processing/req_logging.py:26}}
Sep 06 07:52:36 jammy-provider-cloud-0000007588 devstack@keystone.service[61556]: DEBUG keystone.server.flask.request_processing.req_logging [None req-f9a0e462-1215-415c-adaa-17754e1c99aa None admin] SCRIPT_NAME: `/identity` {{(pid=61556) log_request_info /opt/stack/keystone/keystone/server/flask/request_processing/req_logging.py:27}}
Sep 06 07:52:36 jammy-provider-cloud-0000007588 devstack@keystone.service[61556]: DEBUG keystone.server.flask.request_processing.req_logging [None req-f9a0e462-1215-415c-adaa-17754e1c99aa None admin] PATH_INFO: `/v3/roles/admin` {{(pid=61556) log_request_info /opt/stack/keystone/keystone/server/flask/request_processing/req_logging.py:28}}
Sep 06 07:52:36 jammy-provider-cloud-0000007588 devstack@keystone.service[61556]: DEBUG keystone.common.rbac_enforcer.enforcer [None req-f9a0e462-1215-415c-adaa-17754e1c99aa None admin] Extracting inferred target data resulted in "NOT FOUND (404)". {{(pid=61556) enforce_call /opt/stack/keystone/keystone/common/rbac_enforcer/enforcer.py:453}}
Sep 06 07:52:36 jammy-provider-cloud-0000007588 devstack@keystone.service[61556]: DEBUG keystone.server.flask.application [None req-f9a0e462-1215-415c-adaa-17754e1c99aa None admin] Could not find role: admin. {{(pid=61556) _handle_keystone_exception /opt/stack/keystone/keystone/server/flask/application.py:96}}
Sep 06 07:52:36 jammy-provider-cloud-0000007588 devstack@keystone.service[61556]: [pid: 61556|app: 0|req: 14/28] 10.201.5.87 () {56 vars in 1096 bytes} [Fri Sep  6 07:52:36 2024] GET /identity/v3/roles/admin => generated 83 bytes in 102 msecs (HTTP/1.1 404) 5 headers in 183 bytes (1 switches on core 0)
Sep 06 07:52:36 jammy-provider-cloud-0000007588 devstack@keystone.service[61556]: DEBUG keystone.server.flask.request_processing.middleware.auth_context [None req-f9a0e462-1215-415c-adaa-17754e1c99aa None admin] Authenticating user token {{(pid=61556) process_request /opt/stack/data/venv/lib/python3.10/site-packages/keystonemiddleware/auth_token/__init__.py:406}}
Sep 06 07:52:36 jammy-provider-cloud-0000007588 devstack@keystone.service[61557]: DEBUG keystone.server.flask.request_processing.middleware.auth_context [None req-aa98002d-6b27-4cb5-aa26-c2ac68202152 None None] Validating token access rules against request {{(pid=61557) validate_allowed_request /opt/stack/data/venv/lib/python3.10/site-packages/keystonemiddleware/auth_token/__init__.py:544}}
Sep 06 07:52:36 jammy-provider-cloud-0000007588 devstack@keystone.service[61556]: DEBUG keystone.server.flask.request_processing.middleware.auth_context [None req-f9a0e462-1215-415c-adaa-17754e1c99aa None admin] Validating token access rules against request {{(pid=61556) validate_allowed_request /opt/stack/data/venv/lib/python3.10/site-packages/keystonemiddleware/auth_token/__init__.py:544}}
Sep 06 07:52:36 jammy-provider-cloud-0000007588 devstack@keystone.service[61556]: DEBUG keystone.server.flask.request_processing.middleware.auth_context [None req-8cfe69df-19e2-41d8-a7a8-57b50959e239 None admin] RBAC: auth_context: {'token': <TokenModel (audit_id=bT20WmIpTIK6Uwcj92InKw, audit_chain_id=['bT20WmIpTIK6Uwcj92InKw']) at 0x7f83bbdf5bd0>, 'domain_id': None, 'trust_id': None, 'trustor_id': None, 'trustee_id': None, 'domain_name': None, 'group_ids': [], 'user_id': '09097e16bfda4820a07ef6b45da6d6b8', 'user_domain_id': 'default', 'system_scope': 'all', 'project_id': None, 'project_domain_id': None, 'roles': ['admin', 'manager', 'member', 'reader'], 'is_admin_project': True, 'service_user_id': None, 'service_user_domain_id': None, 'service_project_id': None, 'service_project_domain_id': None, 'service_roles': []} {{(pid=61556) fill_context /opt/stack/keystone/keystone/server/flask/request_processing/middleware/auth_context.py:511}}
Sep 06 07:52:36 jammy-provider-cloud-0000007588 devstack@keystone.service[61556]: DEBUG keystone.server.flask.request_processing.req_logging [None req-8cfe69df-19e2-41d8-a7a8-57b50959e239 None admin] REQUEST_METHOD: `GET` {{(pid=61556) log_request_info /opt/stack/keystone/keystone/server/flask/request_processing/req_logging.py:26}}
Sep 06 07:52:36 jammy-provider-cloud-0000007588 devstack@keystone.service[61556]: DEBUG keystone.server.flask.request_processing.req_logging [None req-8cfe69df-19e2-41d8-a7a8-57b50959e239 None admin] SCRIPT_NAME: `/identity` {{(pid=61556) log_request_info /opt/stack/keystone/keystone/server/flask/request_processing/req_logging.py:27}}
Sep 06 07:52:36 jammy-provider-cloud-0000007588 devstack@keystone.service[61556]: DEBUG keystone.server.flask.request_processing.req_logging [None req-8cfe69df-19e2-41d8-a7a8-57b50959e239 None admin] PATH_INFO: `/v3/roles` {{(pid=61556) log_request_info /opt/stack/keystone/keystone/server/flask/request_processing/req_logging.py:28}}
Sep 06 07:52:36 jammy-provider-cloud-0000007588 devstack@keystone.service[61556]: DEBUG keystone.common.rbac_enforcer.enforcer [None req-8cfe69df-19e2-41d8-a7a8-57b50959e239 None admin] RBAC: Adding query filter params (name=admin) {{(pid=61556) _extract_filter_values /opt/stack/keystone/keystone/common/rbac_enforcer/enforcer.py:184}}
Sep 06 07:52:36 jammy-provider-cloud-0000007588 devstack@keystone.service[61556]: DEBUG keystone.common.rbac_enforcer.enforcer [None req-8cfe69df-19e2-41d8-a7a8-57b50959e239 None admin] RBAC: Authorizing `identity:list_roles()` {{(pid=61556) enforce_call /opt/stack/keystone/keystone/common/rbac_enforcer/enforcer.py:503}}
Sep 06 07:52:36 jammy-provider-cloud-0000007588 devstack@keystone.service[61556]: DEBUG keystone.common.rbac_enforcer.enforcer [None req-8cfe69df-19e2-41d8-a7a8-57b50959e239 None admin] RBAC: Authorization granted {{(pid=61556) enforce_call /opt/stack/keystone/keystone/common/rbac_enforcer/enforcer.py:514}}
Sep 06 07:52:36 jammy-provider-cloud-0000007588 devstack@keystone.service[61557]: DEBUG keystone.server.flask.request_processing.middleware.auth_context [None req-2d193110-3dab-469b-9f20-8c1c4b3d2e55 None admin] RBAC: auth_context: {'token': <TokenModel (audit_id=1tq1zuQzR4yyJahLH7tDWg, audit_chain_id=['1tq1zuQzR4yyJahLH7tDWg']) at 0x7f83bcaeb7f0>, 'domain_id': None, 'trust_id': None, 'trustor_id': None, 'trustee_id': None, 'domain_name': None, 'group_ids': [], 'user_id': '09097e16bfda4820a07ef6b45da6d6b8', 'user_domain_id': 'default', 'system_scope': 'all', 'project_id': None, 'project_domain_id': None, 'roles': ['admin', 'manager', 'member', 'reader'], 'is_admin_project': True, 'service_user_id': None, 'service_user_domain_id': None, 'service_project_id': None, 'service_project_domain_id': None, 'service_roles': []} {{(pid=61557) fill_context /opt/stack/keystone/keystone/server/flask/request_processing/middleware/auth_context.py:511}}
Sep 06 07:52:36 jammy-provider-cloud-0000007588 devstack@keystone.service[61557]: DEBUG keystone.server.flask.request_processing.req_logging [None req-2d193110-3dab-469b-9f20-8c1c4b3d2e55 None admin] REQUEST_METHOD: `GET` {{(pid=61557) log_request_info /opt/stack/keystone/keystone/server/flask/request_processing/req_logging.py:26}}
Sep 06 07:52:36 jammy-provider-cloud-0000007588 devstack@keystone.service[61557]: DEBUG keystone.server.flask.request_processing.req_logging [None req-2d193110-3dab-469b-9f20-8c1c4b3d2e55 None admin] SCRIPT_NAME: `/identity` {{(pid=61557) log_request_info /opt/stack/keystone/keystone/server/flask/request_processing/req_logging.py:27}}
Sep 06 07:52:36 jammy-provider-cloud-0000007588 devstack@keystone.service[61557]: DEBUG keystone.server.flask.request_processing.req_logging [None req-2d193110-3dab-469b-9f20-8c1c4b3d2e55 None admin] PATH_INFO: `/v3/domains/Default` {{(pid=61557) log_request_info /opt/stack/keystone/keystone/server/flask/request_processing/req_logging.py:28}}
Sep 06 07:52:36 jammy-provider-cloud-0000007588 devstack@keystone.service[61556]: [pid: 61556|app: 0|req: 15/29] 10.201.5.87 () {56 vars in 1099 bytes} [Fri Sep  6 07:52:36 2024] GET /identity/v3/roles?name=admin => generated 339 bytes in 65 msecs (HTTP/1.1 200) 5 headers in 177 bytes (1 switches on core 0)
Sep 06 07:52:36 jammy-provider-cloud-0000007588 devstack@keystone.service[61556]: DEBUG keystone.server.flask.request_processing.req_logging [None req-867ed0e5-e777-4e8c-869d-f0fcc64354cb None None] REQUEST_METHOD: `GET` {{(pid=61556) log_request_info /opt/stack/keystone/keystone/server/flask/request_processing/req_logging.py:26}}
Sep 06 07:52:36 jammy-provider-cloud-0000007588 devstack@keystone.service[61556]: DEBUG keystone.server.flask.request_processing.req_logging [None req-867ed0e5-e777-4e8c-869d-f0fcc64354cb None None] SCRIPT_NAME: `/identity` {{(pid=61556) log_request_info /opt/stack/keystone/keystone/server/flask/request_processing/req_logging.py:27}}
Sep 06 07:52:36 jammy-provider-cloud-0000007588 devstack@keystone.service[61556]: DEBUG keystone.server.flask.request_processing.req_logging [None req-867ed0e5-e777-4e8c-869d-f0fcc64354cb None None] PATH_INFO: `/` {{(pid=61556) log_request_info /opt/stack/keystone/keystone/server/flask/request_processing/req_logging.py:28}}
Sep 06 07:52:36 jammy-provider-cloud-0000007588 devstack@keystone.service[61556]: [pid: 61556|app: 0|req: 16/30] 10.201.5.87 () {54 vars in 926 bytes} [Fri Sep  6 07:52:36 2024] GET /identity => generated 270 bytes in 1 msecs (HTTP/1.1 300) 6 headers in 234 bytes (1 switches on core 0)
Sep 06 07:52:36 jammy-provider-cloud-0000007588 devstack@keystone.service[61556]: DEBUG keystone.server.flask.request_processing.middleware.auth_context [None req-867ed0e5-e777-4e8c-869d-f0fcc64354cb None None] Authenticating user token {{(pid=61556) process_request /opt/stack/data/venv/lib/python3.10/site-packages/keystonemiddleware/auth_token/__init__.py:406}}
Sep 06 07:52:36 jammy-provider-cloud-0000007588 devstack@keystone.service[61557]: DEBUG keystone.common.rbac_enforcer.enforcer [None req-2d193110-3dab-469b-9f20-8c1c4b3d2e55 None admin] RBAC: Authorizing `identity:get_domain(domain_id=Default)` {{(pid=61557) enforce_call /opt/stack/keystone/keystone/common/rbac_enforcer/enforcer.py:503}}
Sep 06 07:52:36 jammy-provider-cloud-0000007588 devstack@keystone.service[61557]: DEBUG keystone.common.rbac_enforcer.enforcer [None req-2d193110-3dab-469b-9f20-8c1c4b3d2e55 None admin] RBAC: Authorization granted {{(pid=61557) enforce_call /opt/stack/keystone/keystone/common/rbac_enforcer/enforcer.py:514}}
Sep 06 07:52:36 jammy-provider-cloud-0000007588 devstack@keystone.service[61557]: DEBUG keystone.server.flask.application [None req-2d193110-3dab-469b-9f20-8c1c4b3d2e55 None admin] Could not find domain: Default. {{(pid=61557) _handle_keystone_exception /opt/stack/keystone/keystone/server/flask/application.py:96}}
Sep 06 07:52:36 jammy-provider-cloud-0000007588 devstack@keystone.service[61557]: [pid: 61557|app: 0|req: 15/31] 10.201.5.87 () {56 vars in 1108 bytes} [Fri Sep  6 07:52:36 2024] GET /identity/v3/domains/Default => generated 87 bytes in 129 msecs (HTTP/1.1 404) 5 headers in 183 bytes (1 switches on core 0)
Sep 06 07:52:36 jammy-provider-cloud-0000007588 devstack@keystone.service[61557]: DEBUG keystone.server.flask.request_processing.req_logging [None req-ccd3c7de-6915-4d4c-a89c-1ff2c3f645a5 None None] REQUEST_METHOD: `POST` {{(pid=61557) log_request_info /opt/stack/keystone/keystone/server/flask/request_processing/req_logging.py:26}}
Sep 06 07:52:36 jammy-provider-cloud-0000007588 devstack@keystone.service[61557]: DEBUG keystone.server.flask.request_processing.req_logging [None req-ccd3c7de-6915-4d4c-a89c-1ff2c3f645a5 None None] SCRIPT_NAME: `/identity` {{(pid=61557) log_request_info /opt/stack/keystone/keystone/server/flask/request_processing/req_logging.py:27}}
Sep 06 07:52:36 jammy-provider-cloud-0000007588 devstack@keystone.service[61557]: DEBUG keystone.server.flask.request_processing.req_logging [None req-ccd3c7de-6915-4d4c-a89c-1ff2c3f645a5 None None] PATH_INFO: `/v3/auth/tokens` {{(pid=61557) log_request_info /opt/stack/keystone/keystone/server/flask/request_processing/req_logging.py:28}}
Sep 06 07:52:36 jammy-provider-cloud-0000007588 devstack@keystone.service[61557]: WARNING keystone.common.password_hashing [None req-ccd3c7de-6915-4d4c-a89c-1ff2c3f645a5 None None] Truncating password to algorithm specific maximum length 72 characters.
Sep 06 07:52:36 jammy-provider-cloud-0000007588 devstack@keystone.service[61557]: DEBUG keystone.auth.core [None req-ccd3c7de-6915-4d4c-a89c-1ff2c3f645a5 None None] MFA Rules not processed for user `09097e16bfda4820a07ef6b45da6d6b8`. Rule list: `[]` (Enabled: `True`). {{(pid=61557) check_auth_methods_against_rules /opt/stack/keystone/keystone/auth/core.py:476}}
Sep 06 07:52:36 jammy-provider-cloud-0000007588 devstack@keystone.service[61557]: DEBUG keystone.common.fernet_utils [None req-ccd3c7de-6915-4d4c-a89c-1ff2c3f645a5 None None] Loaded 2 Fernet keys from /etc/keystone/fernet-keys/, but `[fernet_tokens] max_active_keys = 3`; perhaps there have not been enough key rotations to reach `max_active_keys` yet? {{(pid=61557) load_keys /opt/stack/keystone/keystone/common/fernet_utils.py:298}}
Sep 06 07:52:36 jammy-provider-cloud-0000007588 devstack@keystone.service[61556]: DEBUG keystone.server.flask.request_processing.middleware.auth_context [None req-867ed0e5-e777-4e8c-869d-f0fcc64354cb None None] Validating token access rules against request {{(pid=61556) validate_allowed_request /opt/stack/data/venv/lib/python3.10/site-packages/keystonemiddleware/auth_token/__init__.py:544}}
