Aug 09 01:41:16 jammy-provider-cloud-0000007452 devstack@keystone.service[60568]: ERROR keystone.server.flask.application keystone.exception.Conflict: Conflict occurred attempting to store project - it is not permitted to have two projects acting as domains with the same name: Default.
Aug 09 01:41:16 jammy-provider-cloud-0000007452 devstack@keystone.service[60568]: ERROR keystone.server.flask.application 
Aug 09 01:41:16 jammy-provider-cloud-0000007452 devstack@keystone.service[60567]: DEBUG keystone.common.rbac_enforcer.enforcer [None req-edb6d54b-07ab-4650-99f4-57b2c8a350e1 None admin] RBAC: Adding query filter params (name=admin) {{(pid=60567) _extract_filter_values /opt/stack/keystone/keystone/common/rbac_enforcer/enforcer.py:185}}
Aug 09 01:41:16 jammy-provider-cloud-0000007452 devstack@keystone.service[60567]: DEBUG keystone.common.rbac_enforcer.enforcer [None req-edb6d54b-07ab-4650-99f4-57b2c8a350e1 None admin] RBAC: Authorizing `identity:list_roles()` {{(pid=60567) enforce_call /opt/stack/keystone/keystone/common/rbac_enforcer/enforcer.py:504}}
Aug 09 01:41:16 jammy-provider-cloud-0000007452 devstack@keystone.service[60567]: DEBUG keystone.common.rbac_enforcer.enforcer [None req-edb6d54b-07ab-4650-99f4-57b2c8a350e1 None admin] RBAC: Authorization granted {{(pid=60567) enforce_call /opt/stack/keystone/keystone/common/rbac_enforcer/enforcer.py:515}}
Aug 09 01:41:16 jammy-provider-cloud-0000007452 devstack@keystone.service[60568]: [pid: 60568|app: 0|req: 9/15] 10.201.5.87 () {60 vars in 1137 bytes} [Fri Aug  9 01:41:16 2024] POST /identity/v3/domains => generated 190 bytes in 88 msecs (HTTP/1.1 409) 5 headers in 183 bytes (2 switches on core 0)
Aug 09 01:41:16 jammy-provider-cloud-0000007452 devstack@keystone.service[60567]: [pid: 60567|app: 0|req: 7/16] 10.201.5.87 () {56 vars in 1099 bytes} [Fri Aug  9 01:41:16 2024] GET /identity/v3/roles?name=admin => generated 339 bytes in 61 msecs (HTTP/1.1 200) 5 headers in 177 bytes (1 switches on core 0)
Aug 09 01:41:16 jammy-provider-cloud-0000007452 devstack@keystone.service[60568]: DEBUG keystone.server.flask.request_processing.middleware.auth_context [None req-3685e932-8713-4202-958b-1e89744a43dd None admin] Authenticating user token {{(pid=60568) process_request /opt/stack/data/venv/lib/python3.10/site-packages/keystonemiddleware/auth_token/__init__.py:406}}
Aug 09 01:41:16 jammy-provider-cloud-0000007452 devstack@keystone.service[60567]: DEBUG keystone.server.flask.request_processing.middleware.auth_context [None req-edb6d54b-07ab-4650-99f4-57b2c8a350e1 None admin] Authenticating user token {{(pid=60567) process_request /opt/stack/data/venv/lib/python3.10/site-packages/keystonemiddleware/auth_token/__init__.py:406}}
Aug 09 01:41:16 jammy-provider-cloud-0000007452 devstack@keystone.service[60568]: DEBUG keystone.server.flask.request_processing.middleware.auth_context [None req-3685e932-8713-4202-958b-1e89744a43dd None admin] Validating token access rules against request {{(pid=60568) validate_allowed_request /opt/stack/data/venv/lib/python3.10/site-packages/keystonemiddleware/auth_token/__init__.py:544}}
Aug 09 01:41:16 jammy-provider-cloud-0000007452 devstack@keystone.service[60567]: DEBUG keystone.server.flask.request_processing.middleware.auth_context [None req-edb6d54b-07ab-4650-99f4-57b2c8a350e1 None admin] Validating token access rules against request {{(pid=60567) validate_allowed_request /opt/stack/data/venv/lib/python3.10/site-packages/keystonemiddleware/auth_token/__init__.py:544}}
Aug 09 01:41:16 jammy-provider-cloud-0000007452 devstack@keystone.service[60568]: DEBUG keystone.server.flask.request_processing.middleware.auth_context [None req-b1e88daf-df96-47e0-b77a-d920d6b88038 None admin] RBAC: auth_context: {'token': <TokenModel (audit_id=Q74TSOAeSg26Psw1lMx00Q, audit_chain_id=['Q74TSOAeSg26Psw1lMx00Q']) at 0x7f182f8ef160>, 'domain_id': None, 'trust_id': None, 'trustor_id': None, 'trustee_id': None, 'domain_name': None, 'group_ids': [], 'user_id': 'a324020494394418bb61b777abccec5c', 'user_domain_id': 'default', 'system_scope': 'all', 'project_id': None, 'project_domain_id': None, 'roles': ['admin', 'manager', 'member', 'reader'], 'is_admin_project': True, 'service_user_id': None, 'service_user_domain_id': None, 'service_project_id': None, 'service_project_domain_id': None, 'service_roles': []} {{(pid=60568) fill_context /opt/stack/keystone/keystone/server/flask/request_processing/middleware/auth_context.py:511}}
Aug 09 01:41:16 jammy-provider-cloud-0000007452 devstack@keystone.service[60568]: DEBUG keystone.server.flask.request_processing.req_logging [None req-b1e88daf-df96-47e0-b77a-d920d6b88038 None admin] REQUEST_METHOD: `GET` {{(pid=60568) log_request_info /opt/stack/keystone/keystone/server/flask/request_processing/req_logging.py:27}}
Aug 09 01:41:16 jammy-provider-cloud-0000007452 devstack@keystone.service[60568]: DEBUG keystone.server.flask.request_processing.req_logging [None req-b1e88daf-df96-47e0-b77a-d920d6b88038 None admin] SCRIPT_NAME: `/identity` {{(pid=60568) log_request_info /opt/stack/keystone/keystone/server/flask/request_processing/req_logging.py:28}}
Aug 09 01:41:16 jammy-provider-cloud-0000007452 devstack@keystone.service[60567]: DEBUG keystone.server.flask.request_processing.middleware.auth_context [None req-c1635447-9731-481a-bb5f-288f65a731b0 None admin] RBAC: auth_context: {'token': <TokenModel (audit_id=3GY5Zn5SRsmXnL-5LRxCIw, audit_chain_id=['3GY5Zn5SRsmXnL-5LRxCIw']) at 0x7f182f7a38b0>, 'domain_id': None, 'trust_id': None, 'trustor_id': None, 'trustee_id': None, 'domain_name': None, 'group_ids': [], 'user_id': 'a324020494394418bb61b777abccec5c', 'user_domain_id': 'default', 'system_scope': 'all', 'project_id': None, 'project_domain_id': None, 'roles': ['admin', 'manager', 'member', 'reader'], 'is_admin_project': True, 'service_user_id': None, 'service_user_domain_id': None, 'service_project_id': None, 'service_project_domain_id': None, 'service_roles': []} {{(pid=60567) fill_context /opt/stack/keystone/keystone/server/flask/request_processing/middleware/auth_context.py:511}}
Aug 09 01:41:16 jammy-provider-cloud-0000007452 devstack@keystone.service[60568]: DEBUG keystone.server.flask.request_processing.req_logging [None req-b1e88daf-df96-47e0-b77a-d920d6b88038 None admin] PATH_INFO: `/v3/domains/Default` {{(pid=60568) log_request_info /opt/stack/keystone/keystone/server/flask/request_processing/req_logging.py:29}}
Aug 09 01:41:16 jammy-provider-cloud-0000007452 devstack@keystone.service[60567]: DEBUG keystone.server.flask.request_processing.req_logging [None req-c1635447-9731-481a-bb5f-288f65a731b0 None admin] REQUEST_METHOD: `GET` {{(pid=60567) log_request_info /opt/stack/keystone/keystone/server/flask/request_processing/req_logging.py:27}}
Aug 09 01:41:16 jammy-provider-cloud-0000007452 devstack@keystone.service[60567]: DEBUG keystone.server.flask.request_processing.req_logging [None req-c1635447-9731-481a-bb5f-288f65a731b0 None admin] SCRIPT_NAME: `/identity` {{(pid=60567) log_request_info /opt/stack/keystone/keystone/server/flask/request_processing/req_logging.py:28}}
Aug 09 01:41:16 jammy-provider-cloud-0000007452 devstack@keystone.service[60567]: DEBUG keystone.server.flask.request_processing.req_logging [None req-c1635447-9731-481a-bb5f-288f65a731b0 None admin] PATH_INFO: `/v3/users/a324020494394418bb61b777abccec5c` {{(pid=60567) log_request_info /opt/stack/keystone/keystone/server/flask/request_processing/req_logging.py:29}}
Aug 09 01:41:16 jammy-provider-cloud-0000007452 devstack@keystone.service[60567]: DEBUG keystone.common.rbac_enforcer.enforcer [None req-c1635447-9731-481a-bb5f-288f65a731b0 None admin] RBAC: Authorizing `identity:get_user(user_id=a324020494394418bb61b777abccec5c)` {{(pid=60567) enforce_call /opt/stack/keystone/keystone/common/rbac_enforcer/enforcer.py:504}}
Aug 09 01:41:16 jammy-provider-cloud-0000007452 devstack@keystone.service[60567]: DEBUG keystone.common.rbac_enforcer.enforcer [None req-c1635447-9731-481a-bb5f-288f65a731b0 None admin] RBAC: Authorization granted {{(pid=60567) enforce_call /opt/stack/keystone/keystone/common/rbac_enforcer/enforcer.py:515}}
Aug 09 01:41:16 jammy-provider-cloud-0000007452 devstack@keystone.service[60567]: [pid: 60567|app: 0|req: 8/17] 10.201.5.87 () {56 vars in 1177 bytes} [Fri Aug  9 01:41:16 2024] GET /identity/v3/users/a324020494394418bb61b777abccec5c => generated 247 bytes in 54 msecs (HTTP/1.1 200) 5 headers in 177 bytes (1 switches on core 0)
Aug 09 01:41:16 jammy-provider-cloud-0000007452 devstack@keystone.service[60567]: DEBUG keystone.server.flask.request_processing.middleware.auth_context [None req-c1635447-9731-481a-bb5f-288f65a731b0 None admin] Authenticating user token {{(pid=60567) process_request /opt/stack/data/venv/lib/python3.10/site-packages/keystonemiddleware/auth_token/__init__.py:406}}
Aug 09 01:41:16 jammy-provider-cloud-0000007452 devstack@keystone.service[60568]: DEBUG keystone.common.rbac_enforcer.enforcer [None req-b1e88daf-df96-47e0-b77a-d920d6b88038 None admin] RBAC: Authorizing `identity:get_domain(domain_id=Default)` {{(pid=60568) enforce_call /opt/stack/keystone/keystone/common/rbac_enforcer/enforcer.py:504}}
Aug 09 01:41:16 jammy-provider-cloud-0000007452 devstack@keystone.service[60568]: DEBUG keystone.common.rbac_enforcer.enforcer [None req-b1e88daf-df96-47e0-b77a-d920d6b88038 None admin] RBAC: Authorization granted {{(pid=60568) enforce_call /opt/stack/keystone/keystone/common/rbac_enforcer/enforcer.py:515}}
Aug 09 01:41:16 jammy-provider-cloud-0000007452 devstack@keystone.service[60568]: DEBUG keystone.server.flask.application [None req-b1e88daf-df96-47e0-b77a-d920d6b88038 None admin] Could not find domain: Default. {{(pid=60568) _handle_keystone_exception /opt/stack/keystone/keystone/server/flask/application.py:96}}
Aug 09 01:41:16 jammy-provider-cloud-0000007452 devstack@keystone.service[60568]: [pid: 60568|app: 0|req: 10/18] 10.201.5.87 () {56 vars in 1108 bytes} [Fri Aug  9 01:41:16 2024] GET /identity/v3/domains/Default => generated 87 bytes in 74 msecs (HTTP/1.1 404) 5 headers in 183 bytes (2 switches on core 0)
Aug 09 01:41:16 jammy-provider-cloud-0000007452 devstack@keystone.service[60568]: DEBUG keystone.server.flask.request_processing.middleware.auth_context [None req-b1e88daf-df96-47e0-b77a-d920d6b88038 None admin] Authenticating user token {{(pid=60568) process_request /opt/stack/data/venv/lib/python3.10/site-packages/keystonemiddleware/auth_token/__init__.py:406}}
Aug 09 01:41:16 jammy-provider-cloud-0000007452 devstack@keystone.service[60567]: DEBUG keystone.server.flask.request_processing.middleware.auth_context [None req-c1635447-9731-481a-bb5f-288f65a731b0 None admin] Validating token access rules against request {{(pid=60567) validate_allowed_request /opt/stack/data/venv/lib/python3.10/site-packages/keystonemiddleware/auth_token/__init__.py:544}}
Aug 09 01:41:16 jammy-provider-cloud-0000007452 devstack@keystone.service[60568]: DEBUG keystone.server.flask.request_processing.middleware.auth_context [None req-b1e88daf-df96-47e0-b77a-d920d6b88038 None admin] Validating token access rules against request {{(pid=60568) validate_allowed_request /opt/stack/data/venv/lib/python3.10/site-packages/keystonemiddleware/auth_token/__init__.py:544}}
Aug 09 01:41:16 jammy-provider-cloud-0000007452 devstack@keystone.service[60567]: DEBUG keystone.server.flask.request_processing.middleware.auth_context [None req-97ca6f20-0d44-41b5-85c1-929d0e41cf73 None admin] RBAC: auth_context: {'token': <TokenModel (audit_id=3GY5Zn5SRsmXnL-5LRxCIw, audit_chain_id=['3GY5Zn5SRsmXnL-5LRxCIw']) at 0x7f182f7a28f0>, 'domain_id': None, 'trust_id': None, 'trustor_id': None, 'trustee_id': None, 'domain_name': None, 'group_ids': [], 'user_id': 'a324020494394418bb61b777abccec5c', 'user_domain_id': 'default', 'system_scope': 'all', 'project_id': None, 'project_domain_id': None, 'roles': ['admin', 'manager', 'member', 'reader'], 'is_admin_project': True, 'service_user_id': None, 'service_user_domain_id': None, 'service_project_id': None, 'service_project_domain_id': None, 'service_roles': []} {{(pid=60567) fill_context /opt/stack/keystone/keystone/server/flask/request_processing/middleware/auth_context.py:511}}
Aug 09 01:41:16 jammy-provider-cloud-0000007452 devstack@keystone.service[60567]: DEBUG keystone.server.flask.request_processing.req_logging [None req-97ca6f20-0d44-41b5-85c1-929d0e41cf73 None admin] REQUEST_METHOD: `GET` {{(pid=60567) log_request_info /opt/stack/keystone/keystone/server/flask/request_processing/req_logging.py:27}}
Aug 09 01:41:16 jammy-provider-cloud-0000007452 devstack@keystone.service[60567]: DEBUG keystone.server.flask.request_processing.req_logging [None req-97ca6f20-0d44-41b5-85c1-929d0e41cf73 None admin] SCRIPT_NAME: `/identity` {{(pid=60567) log_request_info /opt/stack/keystone/keystone/server/flask/request_processing/req_logging.py:28}}
Aug 09 01:41:16 jammy-provider-cloud-0000007452 devstack@keystone.service[60567]: DEBUG keystone.server.flask.request_processing.req_logging [None req-97ca6f20-0d44-41b5-85c1-929d0e41cf73 None admin] PATH_INFO: `/v3/domains/default` {{(pid=60567) log_request_info /opt/stack/keystone/keystone/server/flask/request_processing/req_logging.py:29}}
Aug 09 01:41:16 jammy-provider-cloud-0000007452 devstack@keystone.service[60567]: DEBUG keystone.common.rbac_enforcer.enforcer [None req-97ca6f20-0d44-41b5-85c1-929d0e41cf73 None admin] RBAC: Authorizing `identity:get_domain(domain_id=default)` {{(pid=60567) enforce_call /opt/stack/keystone/keystone/common/rbac_enforcer/enforcer.py:504}}
Aug 09 01:41:16 jammy-provider-cloud-0000007452 devstack@keystone.service[60567]: DEBUG keystone.common.rbac_enforcer.enforcer [None req-97ca6f20-0d44-41b5-85c1-929d0e41cf73 None admin] RBAC: Authorization granted {{(pid=60567) enforce_call /opt/stack/keystone/keystone/common/rbac_enforcer/enforcer.py:515}}
Aug 09 01:41:16 jammy-provider-cloud-0000007452 devstack@keystone.service[60567]: [pid: 60567|app: 0|req: 9/19] 10.201.5.87 () {56 vars in 1108 bytes} [Fri Aug  9 01:41:16 2024] GET /identity/v3/domains/default => generated 199 bytes in 53 msecs (HTTP/1.1 200) 5 headers in 177 bytes (1 switches on core 0)
Aug 09 01:41:16 jammy-provider-cloud-0000007452 devstack@keystone.service[60567]: DEBUG keystone.server.flask.request_processing.middleware.auth_context [None req-97ca6f20-0d44-41b5-85c1-929d0e41cf73 None admin] Authenticating user token {{(pid=60567) process_request /opt/stack/data/venv/lib/python3.10/site-packages/keystonemiddleware/auth_token/__init__.py:406}}
Aug 09 01:41:16 jammy-provider-cloud-0000007452 devstack@keystone.service[60568]: DEBUG keystone.server.flask.request_processing.middleware.auth_context [None req-1cebfb83-7e36-4305-a70e-dff903ac0e7f None admin] RBAC: auth_context: {'token': <TokenModel (audit_id=Q74TSOAeSg26Psw1lMx00Q, audit_chain_id=['Q74TSOAeSg26Psw1lMx00Q']) at 0x7f182f5d8b20>, 'domain_id': None, 'trust_id': None, 'trustor_id': None, 'trustee_id': None, 'domain_name': None, 'group_ids': [], 'user_id': 'a324020494394418bb61b777abccec5c', 'user_domain_id': 'default', 'system_scope': 'all', 'project_id': None, 'project_domain_id': None, 'roles': ['admin', 'manager', 'member', 'reader'], 'is_admin_project': True, 'service_user_id': None, 'service_user_domain_id': None, 'service_project_id': None, 'service_project_domain_id': None, 'service_roles': []} {{(pid=60568) fill_context /opt/stack/keystone/keystone/server/flask/request_processing/middleware/auth_context.py:511}}
Aug 09 01:41:16 jammy-provider-cloud-0000007452 devstack@keystone.service[60568]: DEBUG keystone.server.flask.request_processing.req_logging [None req-1cebfb83-7e36-4305-a70e-dff903ac0e7f None admin] REQUEST_METHOD: `GET` {{(pid=60568) log_request_info /opt/stack/keystone/keystone/server/flask/request_processing/req_logging.py:27}}
Aug 09 01:41:16 jammy-provider-cloud-0000007452 devstack@keystone.service[60568]: DEBUG keystone.server.flask.request_processing.req_logging [None req-1cebfb83-7e36-4305-a70e-dff903ac0e7f None admin] SCRIPT_NAME: `/identity` {{(pid=60568) log_request_info /opt/stack/keystone/keystone/server/flask/request_processing/req_logging.py:28}}
Aug 09 01:41:16 jammy-provider-cloud-0000007452 devstack@keystone.service[60568]: DEBUG keystone.server.flask.request_processing.req_logging [None req-1cebfb83-7e36-4305-a70e-dff903ac0e7f None admin] PATH_INFO: `/v3/domains` {{(pid=60568) log_request_info /opt/stack/keystone/keystone/server/flask/request_processing/req_logging.py:29}}
Aug 09 01:41:16 jammy-provider-cloud-0000007452 devstack@keystone.service[60568]: DEBUG keystone.common.rbac_enforcer.enforcer [None req-1cebfb83-7e36-4305-a70e-dff903ac0e7f None admin] RBAC: Adding query filter params (name=Default) {{(pid=60568) _extract_filter_values /opt/stack/keystone/keystone/common/rbac_enforcer/enforcer.py:185}}
Aug 09 01:41:16 jammy-provider-cloud-0000007452 devstack@keystone.service[60568]: DEBUG keystone.common.rbac_enforcer.enforcer [None req-1cebfb83-7e36-4305-a70e-dff903ac0e7f None admin] RBAC: Authorizing `identity:list_domains()` {{(pid=60568) enforce_call /opt/stack/keystone/keystone/common/rbac_enforcer/enforcer.py:504}}
Aug 09 01:41:16 jammy-provider-cloud-0000007452 devstack@keystone.service[60568]: DEBUG keystone.common.rbac_enforcer.enforcer [None req-1cebfb83-7e36-4305-a70e-dff903ac0e7f None admin] RBAC: Authorization granted {{(pid=60568) enforce_call /opt/stack/keystone/keystone/common/rbac_enforcer/enforcer.py:515}}
Aug 09 01:41:16 jammy-provider-cloud-0000007452 devstack@keystone.service[60568]: [pid: 60568|app: 0|req: 11/20] 10.201.5.87 () {56 vars in 1109 bytes} [Fri Aug  9 01:41:16 2024] GET /identity/v3/domains?name=Default => generated 308 bytes in 64 msecs (HTTP/1.1 200) 5 headers in 177 bytes (1 switches on core 0)
Aug 09 01:41:16 jammy-provider-cloud-0000007452 devstack@keystone.service[60567]: DEBUG keystone.server.flask.request_processing.middleware.auth_context [None req-97ca6f20-0d44-41b5-85c1-929d0e41cf73 None admin] Validating token access rules against request {{(pid=60567) validate_allowed_request /opt/stack/data/venv/lib/python3.10/site-packages/keystonemiddleware/auth_token/__init__.py:544}}
Aug 09 01:41:16 jammy-provider-cloud-0000007452 devstack@keystone.service[60567]: DEBUG keystone.server.flask.request_processing.middleware.auth_context [None req-b6beda91-18f0-4d99-9a4b-8c46e6e5c849 None admin] RBAC: auth_context: {'token': <TokenModel (audit_id=3GY5Zn5SRsmXnL-5LRxCIw, audit_chain_id=['3GY5Zn5SRsmXnL-5LRxCIw']) at 0x7f182f7f2c20>, 'domain_id': None, 'trust_id': None, 'trustor_id': None, 'trustee_id': None, 'domain_name': None, 'group_ids': [], 'user_id': 'a324020494394418bb61b777abccec5c', 'user_domain_id': 'default', 'system_scope': 'all', 'project_id': None, 'project_domain_id': None, 'roles': ['admin', 'manager', 'member', 'reader'], 'is_admin_project': True, 'service_user_id': None, 'service_user_domain_id': None, 'service_project_id': None, 'service_project_domain_id': None, 'service_roles': []} {{(pid=60567) fill_context /opt/stack/keystone/keystone/server/flask/request_processing/middleware/auth_context.py:511}}
Aug 09 01:41:16 jammy-provider-cloud-0000007452 devstack@keystone.service[60567]: DEBUG keystone.server.flask.request_processing.req_logging [None req-b6beda91-18f0-4d99-9a4b-8c46e6e5c849 None admin] REQUEST_METHOD: `PUT` {{(pid=60567) log_request_info /opt/stack/keystone/keystone/server/flask/request_processing/req_logging.py:27}}
Aug 09 01:41:16 jammy-provider-cloud-0000007452 devstack@keystone.service[60567]: DEBUG keystone.server.flask.request_processing.req_logging [None req-b6beda91-18f0-4d99-9a4b-8c46e6e5c849 None admin] SCRIPT_NAME: `/identity` {{(pid=60567) log_request_info /opt/stack/keystone/keystone/server/flask/request_processing/req_logging.py:28}}
Aug 09 01:41:16 jammy-provider-cloud-0000007452 devstack@keystone.service[60567]: DEBUG keystone.server.flask.request_processing.req_logging [None req-b6beda91-18f0-4d99-9a4b-8c46e6e5c849 None admin] PATH_INFO: `/v3/domains/default/users/a324020494394418bb61b777abccec5c/roles/d462278035504308bfef439a28da3a9f` {{(pid=60567) log_request_info /opt/stack/keystone/keystone/server/flask/request_processing/req_logging.py:29}}
Aug 09 01:41:16 jammy-provider-cloud-0000007452 devstack@keystone.service[60567]: DEBUG keystone.common.rbac_enforcer.enforcer [None req-b6beda91-18f0-4d99-9a4b-8c46e6e5c849 None admin] RBAC: Authorizing `identity:create_grant(domain_id=default, user_id=a324020494394418bb61b777abccec5c, role_id=d462278035504308bfef439a28da3a9f)` {{(pid=60567) enforce_call /opt/stack/keystone/keystone/common/rbac_enforcer/enforcer.py:504}}
Aug 09 01:41:16 jammy-provider-cloud-0000007452 devstack@keystone.service[60567]: DEBUG keystone.common.rbac_enforcer.enforcer [None req-b6beda91-18f0-4d99-9a4b-8c46e6e5c849 None admin] RBAC: Authorization granted {{(pid=60567) enforce_call /opt/stack/keystone/keystone/common/rbac_enforcer/enforcer.py:515}}
Aug 09 01:41:16 jammy-provider-cloud-0000007452 devstack@keystone.service[60567]: [pid: 60567|app: 0|req: 10/21] 10.201.5.87 () {58 vars in 1361 bytes} [Fri Aug  9 01:41:16 2024] PUT /identity/v3/domains/default/users/a324020494394418bb61b777abccec5c/roles/d462278035504308bfef439a28da3a9f => generated 0 bytes in 119 msecs (HTTP/1.1 204) 3 headers in 132 bytes (1 switches on core 0)
Aug 09 01:41:17 jammy-provider-cloud-0000007452 devstack@keystone.service[60568]: DEBUG keystone.server.flask.request_processing.req_logging [None req-10fc282f-b28f-4def-9d04-048ae021f354 None None] REQUEST_METHOD: `GET` {{(pid=60568) log_request_info /opt/stack/keystone/keystone/server/flask/request_processing/req_logging.py:27}}
Aug 09 01:41:17 jammy-provider-cloud-0000007452 devstack@keystone.service[60568]: DEBUG keystone.server.flask.request_processing.req_logging [None req-10fc282f-b28f-4def-9d04-048ae021f354 None None] SCRIPT_NAME: `/identity` {{(pid=60568) log_request_info /opt/stack/keystone/keystone/server/flask/request_processing/req_logging.py:28}}
Aug 09 01:41:17 jammy-provider-cloud-0000007452 devstack@keystone.service[60568]: DEBUG keystone.server.flask.request_processing.req_logging [None req-10fc282f-b28f-4def-9d04-048ae021f354 None None] PATH_INFO: `/` {{(pid=60568) log_request_info /opt/stack/keystone/keystone/server/flask/request_processing/req_logging.py:29}}
Aug 09 01:41:17 jammy-provider-cloud-0000007452 devstack@keystone.service[60568]: [pid: 60568|app: 0|req: 12/22] 10.201.5.87 () {54 vars in 926 bytes} [Fri Aug  9 01:41:17 2024] GET /identity => generated 270 bytes in 22 msecs (HTTP/1.1 300) 6 headers in 234 bytes (1 switches on core 0)
Aug 09 01:41:17 jammy-provider-cloud-0000007452 devstack@keystone.service[60567]: DEBUG keystone.server.flask.request_processing.req_logging [None req-9581ee32-882e-40e6-aba4-e8a521e8185c None None] REQUEST_METHOD: `POST` {{(pid=60567) log_request_info /opt/stack/keystone/keystone/server/flask/request_processing/req_logging.py:27}}
Aug 09 01:41:17 jammy-provider-cloud-0000007452 devstack@keystone.service[60567]: DEBUG keystone.server.flask.request_processing.req_logging [None req-9581ee32-882e-40e6-aba4-e8a521e8185c None None] SCRIPT_NAME: `/identity` {{(pid=60567) log_request_info /opt/stack/keystone/keystone/server/flask/request_processing/req_logging.py:28}}
Aug 09 01:41:17 jammy-provider-cloud-0000007452 devstack@keystone.service[60567]: DEBUG keystone.server.flask.request_processing.req_logging [None req-9581ee32-882e-40e6-aba4-e8a521e8185c None None] PATH_INFO: `/v3/auth/tokens` {{(pid=60567) log_request_info /opt/stack/keystone/keystone/server/flask/request_processing/req_logging.py:29}}
Aug 09 01:41:17 jammy-provider-cloud-0000007452 devstack@keystone.service[60568]: DEBUG keystone.server.flask.request_processing.req_logging [None req-65ec3666-73b2-479f-9895-45c36556e932 None None] REQUEST_METHOD: `GET` {{(pid=60568) log_request_info /opt/stack/keystone/keystone/server/flask/request_processing/req_logging.py:27}}
Aug 09 01:41:17 jammy-provider-cloud-0000007452 devstack@keystone.service[60568]: DEBUG keystone.server.flask.request_processing.req_logging [None req-65ec3666-73b2-479f-9895-45c36556e932 None None] SCRIPT_NAME: `/identity` {{(pid=60568) log_request_info /opt/stack/keystone/keystone/server/flask/request_processing/req_logging.py:28}}
Aug 09 01:41:17 jammy-provider-cloud-0000007452 devstack@keystone.service[60568]: DEBUG keystone.server.flask.request_processing.req_logging [None req-65ec3666-73b2-479f-9895-45c36556e932 None None] PATH_INFO: `/` {{(pid=60568) log_request_info /opt/stack/keystone/keystone/server/flask/request_processing/req_logging.py:29}}
Aug 09 01:41:17 jammy-provider-cloud-0000007452 devstack@keystone.service[60568]: [pid: 60568|app: 0|req: 13/23] 10.201.5.87 () {54 vars in 926 bytes} [Fri Aug  9 01:41:17 2024] GET /identity => generated 270 bytes in 1 msecs (HTTP/1.1 300) 6 headers in 234 bytes (1 switches on core 0)
Aug 09 01:41:17 jammy-provider-cloud-0000007452 devstack@keystone.service[60568]: DEBUG keystone.server.flask.request_processing.req_logging [None req-32c21cbd-f1db-419a-988f-9a9987183398 None None] REQUEST_METHOD: `POST` {{(pid=60568) log_request_info /opt/stack/keystone/keystone/server/flask/request_processing/req_logging.py:27}}
Aug 09 01:41:17 jammy-provider-cloud-0000007452 devstack@keystone.service[60568]: DEBUG keystone.server.flask.request_processing.req_logging [None req-32c21cbd-f1db-419a-988f-9a9987183398 None None] SCRIPT_NAME: `/identity` {{(pid=60568) log_request_info /opt/stack/keystone/keystone/server/flask/request_processing/req_logging.py:28}}
Aug 09 01:41:17 jammy-provider-cloud-0000007452 devstack@keystone.service[60568]: DEBUG keystone.server.flask.request_processing.req_logging [None req-32c21cbd-f1db-419a-988f-9a9987183398 None None] PATH_INFO: `/v3/auth/tokens` {{(pid=60568) log_request_info /opt/stack/keystone/keystone/server/flask/request_processing/req_logging.py:29}}
Aug 09 01:41:17 jammy-provider-cloud-0000007452 devstack@keystone.service[60567]: WARNING keystone.common.password_hashing [None req-9581ee32-882e-40e6-aba4-e8a521e8185c None None] Truncating password to algorithm specific maximum length 72 characters.
Aug 09 01:41:17 jammy-provider-cloud-0000007452 devstack@keystone.service[60567]: DEBUG keystone.auth.core [None req-9581ee32-882e-40e6-aba4-e8a521e8185c None None] MFA Rules not processed for user `a324020494394418bb61b777abccec5c`. Rule list: `[]` (Enabled: `True`). {{(pid=60567) check_auth_methods_against_rules /opt/stack/keystone/keystone/auth/core.py:477}}
Aug 09 01:41:17 jammy-provider-cloud-0000007452 devstack@keystone.service[60567]: DEBUG keystone.common.fernet_utils [None req-9581ee32-882e-40e6-aba4-e8a521e8185c None None] Loaded 2 Fernet keys from /etc/keystone/fernet-keys/, but `[fernet_tokens] max_active_keys = 3`; perhaps there have not been enough key rotations to reach `max_active_keys` yet? {{(pid=60567) load_keys /opt/stack/keystone/keystone/common/fernet_utils.py:299}}
Aug 09 01:41:17 jammy-provider-cloud-0000007452 devstack@keystone.service[60568]: WARNING keystone.common.password_hashing [None req-32c21cbd-f1db-419a-988f-9a9987183398 None None] Truncating password to algorithm specific maximum length 72 characters.
Aug 09 01:41:17 jammy-provider-cloud-0000007452 devstack@keystone.service[60568]: DEBUG keystone.auth.core [None req-32c21cbd-f1db-419a-988f-9a9987183398 None None] MFA Rules not processed for user `a324020494394418bb61b777abccec5c`. Rule list: `[]` (Enabled: `True`). {{(pid=60568) check_auth_methods_against_rules /opt/stack/keystone/keystone/auth/core.py:477}}
Aug 09 01:41:17 jammy-provider-cloud-0000007452 devstack@keystone.service[60568]: DEBUG keystone.common.fernet_utils [None req-32c21cbd-f1db-419a-988f-9a9987183398 None None] Loaded 2 Fernet keys from /etc/keystone/fernet-keys/, but `[fernet_tokens] max_active_keys = 3`; perhaps there have not been enough key rotations to reach `max_active_keys` yet? {{(pid=60568) load_keys /opt/stack/keystone/keystone/common/fernet_utils.py:299}}
Aug 09 01:41:17 jammy-provider-cloud-0000007452 devstack@keystone.service[60567]: [pid: 60567|app: 0|req: 11/24] 10.201.5.87 () {58 vars in 1023 bytes} [Fri Aug  9 01:41:17 2024] POST /identity/v3/auth/tokens => generated 862 bytes in 73 msecs (HTTP/1.1 201) 6 headers in 363 bytes (1 switches on core 0)
Aug 09 01:41:18 jammy-provider-cloud-0000007452 devstack@keystone.service[60568]: [pid: 60568|app: 0|req: 14/25] 10.201.5.87 () {58 vars in 1023 bytes} [Fri Aug  9 01:41:17 2024] POST /identity/v3/auth/tokens => generated 862 bytes in 80 msecs (HTTP/1.1 201) 6 headers in 363 bytes (2 switches on core 0)
Aug 09 01:41:18 jammy-provider-cloud-0000007452 devstack@keystone.service[60567]: DEBUG keystone.server.flask.request_processing.req_logging [None req-eb2cd6a4-1903-4290-a726-5a447aedd0aa None None] REQUEST_METHOD: `GET` {{(pid=60567) log_request_info /opt/stack/keystone/keystone/server/flask/request_processing/req_logging.py:27}}
Aug 09 01:41:18 jammy-provider-cloud-0000007452 devstack@keystone.service[60567]: DEBUG keystone.server.flask.request_processing.req_logging [None req-eb2cd6a4-1903-4290-a726-5a447aedd0aa None None] SCRIPT_NAME: `/identity` {{(pid=60567) log_request_info /opt/stack/keystone/keystone/server/flask/request_processing/req_logging.py:28}}
Aug 09 01:41:18 jammy-provider-cloud-0000007452 devstack@keystone.service[60567]: DEBUG keystone.server.flask.request_processing.req_logging [None req-eb2cd6a4-1903-4290-a726-5a447aedd0aa None None] PATH_INFO: `/` {{(pid=60567) log_request_info /opt/stack/keystone/keystone/server/flask/request_processing/req_logging.py:29}}
Aug 09 01:41:18 jammy-provider-cloud-0000007452 devstack@keystone.service[60567]: [pid: 60567|app: 0|req: 12/26] 10.201.5.87 () {54 vars in 926 bytes} [Fri Aug  9 01:41:18 2024] GET /identity => generated 270 bytes in 2 msecs (HTTP/1.1 300) 6 headers in 234 bytes (1 switches on core 0)
Aug 09 01:41:18 jammy-provider-cloud-0000007452 devstack@keystone.service[60568]: DEBUG keystone.server.flask.request_processing.req_logging [None req-35b30d2a-d451-49ad-a748-fb241a5b5317 None None] REQUEST_METHOD: `POST` {{(pid=60568) log_request_info /opt/stack/keystone/keystone/server/flask/request_processing/req_logging.py:27}}
Aug 09 01:41:18 jammy-provider-cloud-0000007452 devstack@keystone.service[60568]: DEBUG keystone.server.flask.request_processing.req_logging [None req-35b30d2a-d451-49ad-a748-fb241a5b5317 None None] SCRIPT_NAME: `/identity` {{(pid=60568) log_request_info /opt/stack/keystone/keystone/server/flask/request_processing/req_logging.py:28}}
Aug 09 01:41:18 jammy-provider-cloud-0000007452 devstack@keystone.service[60568]: DEBUG keystone.server.flask.request_processing.req_logging [None req-35b30d2a-d451-49ad-a748-fb241a5b5317 None None] PATH_INFO: `/v3/auth/tokens` {{(pid=60568) log_request_info /opt/stack/keystone/keystone/server/flask/request_processing/req_logging.py:29}}
Aug 09 01:41:18 jammy-provider-cloud-0000007452 devstack@keystone.service[60568]: WARNING keystone.common.password_hashing [None req-35b30d2a-d451-49ad-a748-fb241a5b5317 None None] Truncating password to algorithm specific maximum length 72 characters.
Aug 09 01:41:18 jammy-provider-cloud-0000007452 devstack@keystone.service[60568]: DEBUG keystone.auth.core [None req-35b30d2a-d451-49ad-a748-fb241a5b5317 None None] MFA Rules not processed for user `a324020494394418bb61b777abccec5c`. Rule list: `[]` (Enabled: `True`). {{(pid=60568) check_auth_methods_against_rules /opt/stack/keystone/keystone/auth/core.py:477}}
Aug 09 01:41:18 jammy-provider-cloud-0000007452 devstack@keystone.service[60568]: DEBUG keystone.common.fernet_utils [None req-35b30d2a-d451-49ad-a748-fb241a5b5317 None None] Loaded 2 Fernet keys from /etc/keystone/fernet-keys/, but `[fernet_tokens] max_active_keys = 3`; perhaps there have not been enough key rotations to reach `max_active_keys` yet? {{(pid=60568) load_keys /opt/stack/keystone/keystone/common/fernet_utils.py:299}}
Aug 09 01:41:18 jammy-provider-cloud-0000007452 devstack@keystone.service[60568]: [pid: 60568|app: 0|req: 15/27] 10.201.5.87 () {58 vars in 1023 bytes} [Fri Aug  9 01:41:18 2024] POST /identity/v3/auth/tokens => generated 862 bytes in 51 msecs (HTTP/1.1 201) 6 headers in 363 bytes (2 switches on core 0)
Aug 09 01:41:18 jammy-provider-cloud-0000007452 devstack@keystone.service[60567]: DEBUG keystone.server.flask.request_processing.middleware.auth_context [None req-eb2cd6a4-1903-4290-a726-5a447aedd0aa None None] Authenticating user token {{(pid=60567) process_request /opt/stack/data/venv/lib/python3.10/site-packages/keystonemiddleware/auth_token/__init__.py:406}}
Aug 09 01:41:18 jammy-provider-cloud-0000007452 devstack@keystone.service[60568]: DEBUG keystone.server.flask.request_processing.middleware.auth_context [None req-35b30d2a-d451-49ad-a748-fb241a5b5317 None None] Authenticating user token {{(pid=60568) process_request /opt/stack/data/venv/lib/python3.10/site-packages/keystonemiddleware/auth_token/__init__.py:406}}
Aug 09 01:41:18 jammy-provider-cloud-0000007452 devstack@keystone.service[60567]: DEBUG keystone.server.flask.request_processing.middleware.auth_context [None req-eb2cd6a4-1903-4290-a726-5a447aedd0aa None None] Validating token access rules against request {{(pid=60567) validate_allowed_request /opt/stack/data/venv/lib/python3.10/site-packages/keystonemiddleware/auth_token/__init__.py:544}}
Aug 09 01:41:18 jammy-provider-cloud-0000007452 devstack@keystone.service[60568]: DEBUG keystone.server.flask.request_processing.middleware.auth_context [None req-35b30d2a-d451-49ad-a748-fb241a5b5317 None None] Validating token access rules against request {{(pid=60568) validate_allowed_request /opt/stack/data/venv/lib/python3.10/site-packages/keystonemiddleware/auth_token/__init__.py:544}}
Aug 09 01:41:18 jammy-provider-cloud-0000007452 devstack@keystone.service[60567]: DEBUG keystone.server.flask.request_processing.middleware.auth_context [None req-88f8e34d-ee40-4857-b4a5-b4be8e9d4595 None admin] RBAC: auth_context: {'token': <TokenModel (audit_id=pZaSgGOBTMa7zkWm3uzH4g, audit_chain_id=['pZaSgGOBTMa7zkWm3uzH4g']) at 0x7f182f5a7430>, 'domain_id': None, 'trust_id': None, 'trustor_id': None, 'trustee_id': None, 'domain_name': None, 'group_ids': [], 'user_id': 'a324020494394418bb61b777abccec5c', 'user_domain_id': 'default', 'system_scope': 'all', 'project_id': None, 'project_domain_id': None, 'roles': ['admin', 'manager', 'member', 'reader'], 'is_admin_project': True, 'service_user_id': None, 'service_user_domain_id': None, 'service_project_id': None, 'service_project_domain_id': None, 'service_roles': []} {{(pid=60567) fill_context /opt/stack/keystone/keystone/server/flask/request_processing/middleware/auth_context.py:511}}
Aug 09 01:41:18 jammy-provider-cloud-0000007452 devstack@keystone.service[60567]: DEBUG keystone.server.flask.request_processing.req_logging [None req-88f8e34d-ee40-4857-b4a5-b4be8e9d4595 None admin] REQUEST_METHOD: `GET` {{(pid=60567) log_request_info /opt/stack/keystone/keystone/server/flask/request_processing/req_logging.py:27}}
Aug 09 01:41:18 jammy-provider-cloud-0000007452 devstack@keystone.service[60567]: DEBUG keystone.server.flask.request_processing.req_logging [None req-88f8e34d-ee40-4857-b4a5-b4be8e9d4595 None admin] SCRIPT_NAME: `/identity` {{(pid=60567) log_request_info /opt/stack/keystone/keystone/server/flask/request_processing/req_logging.py:28}}
Aug 09 01:41:18 jammy-provider-cloud-0000007452 devstack@keystone.service[60567]: DEBUG keystone.server.flask.request_processing.req_logging [None req-88f8e34d-ee40-4857-b4a5-b4be8e9d4595 None admin] PATH_INFO: `/v3/roles/admin` {{(pid=60567) log_request_info /opt/stack/keystone/keystone/server/flask/request_processing/req_logging.py:29}}
Aug 09 01:41:18 jammy-provider-cloud-0000007452 devstack@keystone.service[60568]: DEBUG keystone.server.flask.request_processing.middleware.auth_context [None req-87e068a7-6dc3-4d4d-b7ff-db2ae8810395 None admin] RBAC: auth_context: {'token': <TokenModel (audit_id=d5yIQZGUTCWYefjMP7Mx8Q, audit_chain_id=['d5yIQZGUTCWYefjMP7Mx8Q']) at 0x7f182f8b6a70>, 'domain_id': None, 'trust_id': None, 'trustor_id': None, 'trustee_id': None, 'domain_name': None, 'group_ids': [], 'user_id': 'a324020494394418bb61b777abccec5c', 'user_domain_id': 'default', 'system_scope': 'all', 'project_id': None, 'project_domain_id': None, 'roles': ['admin', 'manager', 'member', 'reader'], 'is_admin_project': True, 'service_user_id': None, 'service_user_domain_id': None, 'service_project_id': None, 'service_project_domain_id': None, 'service_roles': []} {{(pid=60568) fill_context /opt/stack/keystone/keystone/server/flask/request_processing/middleware/auth_context.py:511}}
Aug 09 01:41:18 jammy-provider-cloud-0000007452 devstack@keystone.service[60567]: DEBUG keystone.common.rbac_enforcer.enforcer [None req-88f8e34d-ee40-4857-b4a5-b4be8e9d4595 None admin] Extracting inferred target data resulted in "NOT FOUND (404)". {{(pid=60567) enforce_call /opt/stack/keystone/keystone/common/rbac_enforcer/enforcer.py:454}}
Aug 09 01:41:18 jammy-provider-cloud-0000007452 devstack@keystone.service[60568]: DEBUG keystone.server.flask.request_processing.req_logging [None req-87e068a7-6dc3-4d4d-b7ff-db2ae8810395 None admin] REQUEST_METHOD: `POST` {{(pid=60568) log_request_info /opt/stack/keystone/keystone/server/flask/request_processing/req_logging.py:27}}
Aug 09 01:41:18 jammy-provider-cloud-0000007452 devstack@keystone.service[60568]: DEBUG keystone.server.flask.request_processing.req_logging [None req-87e068a7-6dc3-4d4d-b7ff-db2ae8810395 None admin] SCRIPT_NAME: `/identity` {{(pid=60568) log_request_info /opt/stack/keystone/keystone/server/flask/request_processing/req_logging.py:28}}
Aug 09 01:41:18 jammy-provider-cloud-0000007452 devstack@keystone.service[60568]: DEBUG keystone.server.flask.request_processing.req_logging [None req-87e068a7-6dc3-4d4d-b7ff-db2ae8810395 None admin] PATH_INFO: `/v3/roles` {{(pid=60568) log_request_info /opt/stack/keystone/keystone/server/flask/request_processing/req_logging.py:29}}
Aug 09 01:41:18 jammy-provider-cloud-0000007452 devstack@keystone.service[60568]: DEBUG keystone.common.rbac_enforcer.enforcer [None req-87e068a7-6dc3-4d4d-b7ff-db2ae8810395 None admin] RBAC: Authorizing `identity:create_role()` {{(pid=60568) enforce_call /opt/stack/keystone/keystone/common/rbac_enforcer/enforcer.py:504}}
Aug 09 01:41:18 jammy-provider-cloud-0000007452 devstack@keystone.service[60567]: DEBUG keystone.server.flask.application [None req-88f8e34d-ee40-4857-b4a5-b4be8e9d4595 None admin] Could not find role: admin. {{(pid=60567) _handle_keystone_exception /opt/stack/keystone/keystone/server/flask/application.py:96}}
Aug 09 01:41:18 jammy-provider-cloud-0000007452 devstack@keystone.service[60568]: DEBUG keystone.common.rbac_enforcer.enforcer [None req-87e068a7-6dc3-4d4d-b7ff-db2ae8810395 None admin] RBAC: Authorization granted {{(pid=60568) enforce_call /opt/stack/keystone/keystone/common/rbac_enforcer/enforcer.py:515}}
Aug 09 01:41:18 jammy-provider-cloud-0000007452 devstack@keystone.service[60567]: [pid: 60567|app: 0|req: 13/28] 10.201.5.87 () {56 vars in 1096 bytes} [Fri Aug  9 01:41:18 2024] GET /identity/v3/roles/admin => generated 83 bytes in 86 msecs (HTTP/1.1 404) 5 headers in 183 bytes (1 switches on core 0)
Aug 09 01:41:18 jammy-provider-cloud-0000007452 devstack@keystone.service[60567]: DEBUG keystone.server.flask.request_processing.middleware.auth_context [None req-88f8e34d-ee40-4857-b4a5-b4be8e9d4595 None admin] Authenticating user token {{(pid=60567) process_request /opt/stack/data/venv/lib/python3.10/site-packages/keystonemiddleware/auth_token/__init__.py:406}}
Aug 09 01:41:18 jammy-provider-cloud-0000007452 devstack@keystone.service[60568]: DEBUG keystone.common.sql.core [None req-87e068a7-6dc3-4d4d-b7ff-db2ae8810395 None admin] Conflict role: (pymysql.err.IntegrityError) (1062, "Duplicate entry 'service-<<null>>' for key 'role.ixu_role_name_domain_id'")
Aug 09 01:41:18 jammy-provider-cloud-0000007452 devstack@keystone.service[60568]: [SQL: INSERT INTO `role` (id, name, description, extra) VALUES (%(id)s, %(name)s, %(description)s, %(extra)s)]
Aug 09 01:41:18 jammy-provider-cloud-0000007452 devstack@keystone.service[60568]: [parameters: {'id': 'b8c9a7721d464e11a3bca28b42c02138', 'name': 'service', 'description': None, 'extra': '{}'}]
Aug 09 01:41:18 jammy-provider-cloud-0000007452 devstack@keystone.service[60568]: (Background on this error at: https://sqlalche.me/e/20/gkpj) {{(pid=60568) wrapper /opt/stack/keystone/keystone/common/sql/core.py:547}}
Aug 09 01:41:18 jammy-provider-cloud-0000007452 devstack@keystone.service[60568]: ERROR keystone.server.flask.application [None req-87e068a7-6dc3-4d4d-b7ff-db2ae8810395 None admin] Conflict occurred attempting to store role - Duplicate entry found with name service.: keystone.exception.Conflict: Conflict occurred attempting to store role - Duplicate entry found with name service.
Aug 09 01:41:18 jammy-provider-cloud-0000007452 devstack@keystone.service[60568]: ERROR keystone.server.flask.application Traceback (most recent call last):
Aug 09 01:41:18 jammy-provider-cloud-0000007452 devstack@keystone.service[60568]: ERROR keystone.server.flask.application   File "/opt/stack/data/venv/lib/python3.10/site-packages/sqlalchemy/engine/base.py", line 1967, in _exec_single_context
Aug 09 01:41:18 jammy-provider-cloud-0000007452 devstack@keystone.service[60568]: ERROR keystone.server.flask.application     self.dialect.do_execute(
Aug 09 01:41:18 jammy-provider-cloud-0000007452 devstack@keystone.service[60568]: ERROR keystone.server.flask.application   File "/opt/stack/data/venv/lib/python3.10/site-packages/sqlalchemy/engine/default.py", line 924, in do_execute
Aug 09 01:41:18 jammy-provider-cloud-0000007452 devstack@keystone.service[60568]: ERROR keystone.server.flask.application     cursor.execute(statement, parameters)
Aug 09 01:41:18 jammy-provider-cloud-0000007452 devstack@keystone.service[60568]: ERROR keystone.server.flask.application   File "/opt/stack/data/venv/lib/python3.10/site-packages/pymysql/cursors.py", line 153, in execute
Aug 09 01:41:18 jammy-provider-cloud-0000007452 devstack@keystone.service[60568]: ERROR keystone.server.flask.application     result = self._query(query)
Aug 09 01:41:18 jammy-provider-cloud-0000007452 devstack@keystone.service[60568]: ERROR keystone.server.flask.application   File "/opt/stack/data/venv/lib/python3.10/site-packages/pymysql/cursors.py", line 322, in _query
Aug 09 01:41:18 jammy-provider-cloud-0000007452 devstack@keystone.service[60568]: ERROR keystone.server.flask.application     conn.query(q)
Aug 09 01:41:18 jammy-provider-cloud-0000007452 devstack@keystone.service[60568]: ERROR keystone.server.flask.application   File "/opt/stack/data/venv/lib/python3.10/site-packages/pymysql/connections.py", line 563, in query
Aug 09 01:41:18 jammy-provider-cloud-0000007452 devstack@keystone.service[60568]: ERROR keystone.server.flask.application     self._affected_rows = self._read_query_result(unbuffered=unbuffered)
Aug 09 01:41:18 jammy-provider-cloud-0000007452 devstack@keystone.service[60568]: ERROR keystone.server.flask.application   File "/opt/stack/data/venv/lib/python3.10/site-packages/pymysql/connections.py", line 825, in _read_query_result
Aug 09 01:41:18 jammy-provider-cloud-0000007452 devstack@keystone.service[60568]: ERROR keystone.server.flask.application     result.read()
Aug 09 01:41:18 jammy-provider-cloud-0000007452 devstack@keystone.service[60568]: ERROR keystone.server.flask.application   File "/opt/stack/data/venv/lib/python3.10/site-packages/pymysql/connections.py", line 1199, in read
Aug 09 01:41:18 jammy-provider-cloud-0000007452 devstack@keystone.service[60568]: ERROR keystone.server.flask.application     first_packet = self.connection._read_packet()
Aug 09 01:41:18 jammy-provider-cloud-0000007452 devstack@keystone.service[60568]: ERROR keystone.server.flask.application   File "/opt/stack/data/venv/lib/python3.10/site-packages/pymysql/connections.py", line 775, in _read_packet
Aug 09 01:41:18 jammy-provider-cloud-0000007452 devstack@keystone.service[60568]: ERROR keystone.server.flask.application     packet.raise_for_error()
Aug 09 01:41:18 jammy-provider-cloud-0000007452 devstack@keystone.service[60568]: ERROR keystone.server.flask.application   File "/opt/stack/data/venv/lib/python3.10/site-packages/pymysql/protocol.py", line 219, in raise_for_error
Aug 09 01:41:18 jammy-provider-cloud-0000007452 devstack@keystone.service[60568]: ERROR keystone.server.flask.application     err.raise_mysql_exception(self._data)
Aug 09 01:41:18 jammy-provider-cloud-0000007452 devstack@keystone.service[60568]: ERROR keystone.server.flask.application   File "/opt/stack/data/venv/lib/python3.10/site-packages/pymysql/err.py", line 150, in raise_mysql_exception
Aug 09 01:41:18 jammy-provider-cloud-0000007452 devstack@keystone.service[60568]: ERROR keystone.server.flask.application     raise errorclass(errno, errval)
Aug 09 01:41:18 jammy-provider-cloud-0000007452 devstack@keystone.service[60568]: ERROR keystone.server.flask.application pymysql.err.IntegrityError: (1062, "Duplicate entry 'service-<<null>>' for key 'role.ixu_role_name_domain_id'")
Aug 09 01:41:18 jammy-provider-cloud-0000007452 devstack@keystone.service[60568]: ERROR keystone.server.flask.application 
Aug 09 01:41:18 jammy-provider-cloud-0000007452 devstack@keystone.service[60568]: ERROR keystone.server.flask.application The above exception was the direct cause of the following exception:
Aug 09 01:41:18 jammy-provider-cloud-0000007452 devstack@keystone.service[60568]: ERROR keystone.server.flask.application 
Aug 09 01:41:18 jammy-provider-cloud-0000007452 devstack@keystone.service[60568]: ERROR keystone.server.flask.application Traceback (most recent call last):
Aug 09 01:41:18 jammy-provider-cloud-0000007452 devstack@keystone.service[60568]: ERROR keystone.server.flask.application   File "/opt/stack/keystone/keystone/common/sql/core.py", line 542, in wrapper
Aug 09 01:41:18 jammy-provider-cloud-0000007452 devstack@keystone.service[60568]: ERROR keystone.server.flask.application     return method(*args, **kwargs)
Aug 09 01:41:18 jammy-provider-cloud-0000007452 devstack@keystone.service[60568]: ERROR keystone.server.flask.application   File "/opt/stack/keystone/keystone/assignment/role_backends/sql.py", line 26, in create_role
Aug 09 01:41:18 jammy-provider-cloud-0000007452 devstack@keystone.service[60568]: ERROR keystone.server.flask.application     with sql.session_for_write() as session:
Aug 09 01:41:18 jammy-provider-cloud-0000007452 devstack@keystone.service[60568]: ERROR keystone.server.flask.application   File "/usr/lib/python3.10/contextlib.py", line 142, in __exit__
Aug 09 01:41:18 jammy-provider-cloud-0000007452 devstack@keystone.service[60568]: ERROR keystone.server.flask.application     next(self.gen)
Aug 09 01:41:18 jammy-provider-cloud-0000007452 devstack@keystone.service[60568]: ERROR keystone.server.flask.application   File "/opt/stack/data/venv/lib/python3.10/site-packages/oslo_db/sqlalchemy/enginefacade.py", line 1042, in _transaction_scope
Aug 09 01:41:18 jammy-provider-cloud-0000007452 devstack@keystone.service[60568]: ERROR keystone.server.flask.application     with current._produce_block(
Aug 09 01:41:18 jammy-provider-cloud-0000007452 devstack@keystone.service[60568]: ERROR keystone.server.flask.application   File "/usr/lib/python3.10/contextlib.py", line 142, in __exit__
Aug 09 01:41:18 jammy-provider-cloud-0000007452 devstack@keystone.service[60568]: ERROR keystone.server.flask.application     next(self.gen)
Aug 09 01:41:18 jammy-provider-cloud-0000007452 devstack@keystone.service[60568]: ERROR keystone.server.flask.application   File "/opt/stack/data/venv/lib/python3.10/site-packages/oslo_db/sqlalchemy/enginefacade.py", line 649, in _session
Aug 09 01:41:18 jammy-provider-cloud-0000007452 devstack@keystone.service[60568]: ERROR keystone.server.flask.application     with excutils.save_and_reraise_exception():
Aug 09 01:41:18 jammy-provider-cloud-0000007452 devstack@keystone.service[60568]: ERROR keystone.server.flask.application   File "/opt/stack/data/venv/lib/python3.10/site-packages/oslo_utils/excutils.py", line 227, in __exit__
Aug 09 01:41:18 jammy-provider-cloud-0000007452 devstack@keystone.service[60568]: ERROR keystone.server.flask.application     self.force_reraise()
Aug 09 01:41:18 jammy-provider-cloud-0000007452 devstack@keystone.service[60568]: ERROR keystone.server.flask.application   File "/opt/stack/data/venv/lib/python3.10/site-packages/oslo_utils/excutils.py", line 200, in force_reraise
Aug 09 01:41:18 jammy-provider-cloud-0000007452 devstack@keystone.service[60568]: ERROR keystone.server.flask.application     raise self.value
Aug 09 01:41:18 jammy-provider-cloud-0000007452 devstack@keystone.service[60568]: ERROR keystone.server.flask.application   File "/opt/stack/data/venv/lib/python3.10/site-packages/oslo_db/sqlalchemy/enginefacade.py", line 647, in _session
Aug 09 01:41:18 jammy-provider-cloud-0000007452 devstack@keystone.service[60568]: ERROR keystone.server.flask.application     self._end_session_transaction(self.session)
Aug 09 01:41:18 jammy-provider-cloud-0000007452 devstack@keystone.service[60568]: ERROR keystone.server.flask.application   File "/opt/stack/data/venv/lib/python3.10/site-packages/oslo_db/sqlalchemy/enginefacade.py", line 675, in _end_session_transaction
Aug 09 01:41:18 jammy-provider-cloud-0000007452 devstack@keystone.service[60568]: ERROR keystone.server.flask.application     session.commit()
Aug 09 01:41:18 jammy-provider-cloud-0000007452 devstack@keystone.service[60568]: ERROR keystone.server.flask.application   File "/opt/stack/data/venv/lib/python3.10/site-packages/sqlalchemy/orm/session.py", line 2017, in commit
