Mar 11 22:14:02 jammy-provider-cloud-0000008048 devstack@keystone.service[72152]: ERROR keystone.server.flask.application During handling of the above exception, another exception occurred:
Mar 11 22:14:02 jammy-provider-cloud-0000008048 devstack@keystone.service[72152]: ERROR keystone.server.flask.application 
Mar 11 22:14:02 jammy-provider-cloud-0000008048 devstack@keystone.service[72152]: ERROR keystone.server.flask.application Traceback (most recent call last):
Mar 11 22:14:02 jammy-provider-cloud-0000008048 devstack@keystone.service[72152]: ERROR keystone.server.flask.application   File "/opt/stack/keystone/keystone/resource/core.py", line 250, in create_project
Mar 11 22:14:02 jammy-provider-cloud-0000008048 devstack@keystone.service[72152]: ERROR keystone.server.flask.application     ret = self.driver.create_project(project_id, project)
Mar 11 22:14:02 jammy-provider-cloud-0000008048 devstack@keystone.service[72152]: ERROR keystone.server.flask.application   File "/opt/stack/keystone/keystone/common/sql/core.py", line 614, in wrapper
Mar 11 22:14:02 jammy-provider-cloud-0000008048 devstack@keystone.service[72152]: ERROR keystone.server.flask.application     raise exception.Conflict(type=conflict_type, details=msg)
Mar 11 22:14:02 jammy-provider-cloud-0000008048 devstack@keystone.service[72152]: ERROR keystone.server.flask.application keystone.exception.Conflict: Conflict occurred attempting to store project - Duplicate entry found with name Default.
Mar 11 22:14:02 jammy-provider-cloud-0000008048 devstack@keystone.service[72152]: ERROR keystone.server.flask.application 
Mar 11 22:14:02 jammy-provider-cloud-0000008048 devstack@keystone.service[72152]: ERROR keystone.server.flask.application During handling of the above exception, another exception occurred:
Mar 11 22:14:02 jammy-provider-cloud-0000008048 devstack@keystone.service[72152]: ERROR keystone.server.flask.application 
Mar 11 22:14:02 jammy-provider-cloud-0000008048 devstack@keystone.service[72152]: ERROR keystone.server.flask.application Traceback (most recent call last):
Mar 11 22:14:02 jammy-provider-cloud-0000008048 devstack@keystone.service[72152]: ERROR keystone.server.flask.application   File "/opt/stack/data/venv/lib/python3.10/site-packages/flask/app.py", line 917, in full_dispatch_request
Mar 11 22:14:02 jammy-provider-cloud-0000008048 devstack@keystone.service[72152]: ERROR keystone.server.flask.application     rv = self.dispatch_request()
Mar 11 22:14:02 jammy-provider-cloud-0000008048 devstack@keystone.service[72152]: ERROR keystone.server.flask.application   File "/opt/stack/data/venv/lib/python3.10/site-packages/flask/app.py", line 902, in dispatch_request
Mar 11 22:14:02 jammy-provider-cloud-0000008048 devstack@keystone.service[72152]: ERROR keystone.server.flask.application     return self.ensure_sync(self.view_functions[rule.endpoint])(**view_args)  # type: ignore[no-any-return]
Mar 11 22:14:02 jammy-provider-cloud-0000008048 devstack@keystone.service[72152]: ERROR keystone.server.flask.application   File "/opt/stack/data/venv/lib/python3.10/site-packages/flask_restful/__init__.py", line 489, in wrapper
Mar 11 22:14:02 jammy-provider-cloud-0000008048 devstack@keystone.service[72152]: ERROR keystone.server.flask.application     resp = resource(*args, **kwargs)
Mar 11 22:14:02 jammy-provider-cloud-0000008048 devstack@keystone.service[72152]: ERROR keystone.server.flask.application   File "/opt/stack/data/venv/lib/python3.10/site-packages/flask/views.py", line 110, in view
Mar 11 22:14:02 jammy-provider-cloud-0000008048 devstack@keystone.service[72152]: ERROR keystone.server.flask.application     return current_app.ensure_sync(self.dispatch_request)(**kwargs)  # type: ignore[no-any-return]
Mar 11 22:14:02 jammy-provider-cloud-0000008048 devstack@keystone.service[72152]: ERROR keystone.server.flask.application   File "/opt/stack/data/venv/lib/python3.10/site-packages/flask_restful/__init__.py", line 604, in dispatch_request
Mar 11 22:14:02 jammy-provider-cloud-0000008048 devstack@keystone.service[72152]: ERROR keystone.server.flask.application     resp = meth(*args, **kwargs)
Mar 11 22:14:02 jammy-provider-cloud-0000008048 devstack@keystone.service[72152]: ERROR keystone.server.flask.application   File "/opt/stack/keystone/keystone/api/validation/__init__.py", line 80, in wrapper
Mar 11 22:14:02 jammy-provider-cloud-0000008048 devstack@keystone.service[72152]: ERROR keystone.server.flask.application     return func(*args, **kwargs)
Mar 11 22:14:02 jammy-provider-cloud-0000008048 devstack@keystone.service[72152]: ERROR keystone.server.flask.application   File "/opt/stack/keystone/keystone/api/validation/__init__.py", line 139, in wrapper
Mar 11 22:14:02 jammy-provider-cloud-0000008048 devstack@keystone.service[72152]: ERROR keystone.server.flask.application     response = func(*args, **kwargs)
Mar 11 22:14:02 jammy-provider-cloud-0000008048 devstack@keystone.service[72152]: ERROR keystone.server.flask.application   File "/opt/stack/keystone/keystone/api/domains.py", line 181, in post
Mar 11 22:14:02 jammy-provider-cloud-0000008048 devstack@keystone.service[72152]: ERROR keystone.server.flask.application     ref = PROVIDERS.resource_api.create_domain(
Mar 11 22:14:02 jammy-provider-cloud-0000008048 devstack@keystone.service[72152]: ERROR keystone.server.flask.application   File "/opt/stack/keystone/keystone/common/manager.py", line 114, in wrapped
Mar 11 22:14:02 jammy-provider-cloud-0000008048 devstack@keystone.service[72152]: ERROR keystone.server.flask.application     __ret_val = __f(*args, **kwargs)
Mar 11 22:14:02 jammy-provider-cloud-0000008048 devstack@keystone.service[72152]: ERROR keystone.server.flask.application   File "/opt/stack/keystone/keystone/resource/core.py", line 867, in create_domain
Mar 11 22:14:02 jammy-provider-cloud-0000008048 devstack@keystone.service[72152]: ERROR keystone.server.flask.application     is_domain_project = self.create_project(
Mar 11 22:14:02 jammy-provider-cloud-0000008048 devstack@keystone.service[72152]: ERROR keystone.server.flask.application   File "/opt/stack/keystone/keystone/common/manager.py", line 114, in wrapped
Mar 11 22:14:02 jammy-provider-cloud-0000008048 devstack@keystone.service[72152]: ERROR keystone.server.flask.application     __ret_val = __f(*args, **kwargs)
Mar 11 22:14:02 jammy-provider-cloud-0000008048 devstack@keystone.service[72152]: ERROR keystone.server.flask.application   File "/opt/stack/keystone/keystone/resource/core.py", line 252, in create_project
Mar 11 22:14:02 jammy-provider-cloud-0000008048 devstack@keystone.service[72152]: ERROR keystone.server.flask.application     raise exception.Conflict(
Mar 11 22:14:02 jammy-provider-cloud-0000008048 devstack@keystone.service[72152]: ERROR keystone.server.flask.application keystone.exception.Conflict: Conflict occurred attempting to store project - it is not permitted to have two projects acting as domains with the same name: Default.
Mar 11 22:14:02 jammy-provider-cloud-0000008048 devstack@keystone.service[72152]: ERROR keystone.server.flask.application 
Mar 11 22:14:02 jammy-provider-cloud-0000008048 devstack@keystone.service[72152]: [pid: 72152|app: 0|req: 7/16] 10.201.5.87 () {60 vars in 1129 bytes} [Tue Mar 11 22:14:01 2025] POST /identity/v3/domains => generated 190 bytes in 93 msecs (HTTP/1.1 409) 5 headers in 183 bytes (1 switches on core 0)
Mar 11 22:14:02 jammy-provider-cloud-0000008048 devstack@keystone.service[72152]: DEBUG keystone.server.flask.request_processing.middleware.auth_context [None req-ffe42b18-0cb3-4872-97c2-7398e106f482 None admin] Authenticating user token {{(pid=72152) process_request /opt/stack/data/venv/lib/python3.10/site-packages/keystonemiddleware/auth_token/__init__.py:406}}
Mar 11 22:14:02 jammy-provider-cloud-0000008048 devstack@keystone.service[72151]: DEBUG keystone.server.flask.request_processing.middleware.auth_context [None req-c55da9f8-46a1-4ca1-8047-bcb54bcf55df None admin] Validating token access rules against request {{(pid=72151) validate_allowed_request /opt/stack/data/venv/lib/python3.10/site-packages/keystonemiddleware/auth_token/__init__.py:544}}
Mar 11 22:14:02 jammy-provider-cloud-0000008048 devstack@keystone.service[72151]: DEBUG keystone.server.flask.request_processing.middleware.auth_context [None req-cfda8202-2bd0-445c-8ed0-08e022b83948 None admin] RBAC: auth_context: {'token': <TokenModel (audit_id=geMxWLwGRzSylkrnV6DSRQ, audit_chain_id=['geMxWLwGRzSylkrnV6DSRQ']) at 0x7f9f9159b820>, 'domain_id': None, 'trust_id': None, 'trustor_id': None, 'trustee_id': None, 'domain_name': None, 'group_ids': [], 'user_id': '9d02e59b55214e9c837c54ade9a2a5d8', 'user_domain_id': 'default', 'system_scope': 'all', 'project_id': None, 'project_domain_id': None, 'roles': ['admin', 'manager', 'member', 'reader'], 'is_admin_project': True, 'service_user_id': None, 'service_user_domain_id': None, 'service_project_id': None, 'service_project_domain_id': None, 'service_roles': []} {{(pid=72151) fill_context /opt/stack/keystone/keystone/server/flask/request_processing/middleware/auth_context.py:506}}
Mar 11 22:14:02 jammy-provider-cloud-0000008048 devstack@keystone.service[72151]: DEBUG keystone.server.flask.request_processing.req_logging [None req-cfda8202-2bd0-445c-8ed0-08e022b83948 None admin] REQUEST_METHOD: `GET` {{(pid=72151) log_request_info /opt/stack/keystone/keystone/server/flask/request_processing/req_logging.py:26}}
Mar 11 22:14:02 jammy-provider-cloud-0000008048 devstack@keystone.service[72151]: DEBUG keystone.server.flask.request_processing.req_logging [None req-cfda8202-2bd0-445c-8ed0-08e022b83948 None admin] SCRIPT_NAME: `/identity` {{(pid=72151) log_request_info /opt/stack/keystone/keystone/server/flask/request_processing/req_logging.py:27}}
Mar 11 22:14:02 jammy-provider-cloud-0000008048 devstack@keystone.service[72151]: DEBUG keystone.server.flask.request_processing.req_logging [None req-cfda8202-2bd0-445c-8ed0-08e022b83948 None admin] PATH_INFO: `/v3/users/9d02e59b55214e9c837c54ade9a2a5d8` {{(pid=72151) log_request_info /opt/stack/keystone/keystone/server/flask/request_processing/req_logging.py:28}}
Mar 11 22:14:02 jammy-provider-cloud-0000008048 devstack@keystone.service[72151]: DEBUG keystone.common.rbac_enforcer.enforcer [None req-cfda8202-2bd0-445c-8ed0-08e022b83948 None admin] RBAC: Authorizing `identity:get_user(user_id=9d02e59b55214e9c837c54ade9a2a5d8)` {{(pid=72151) enforce_call /opt/stack/keystone/keystone/common/rbac_enforcer/enforcer.py:495}}
Mar 11 22:14:02 jammy-provider-cloud-0000008048 devstack@keystone.service[72152]: DEBUG keystone.server.flask.request_processing.middleware.auth_context [None req-ffe42b18-0cb3-4872-97c2-7398e106f482 None admin] Validating token access rules against request {{(pid=72152) validate_allowed_request /opt/stack/data/venv/lib/python3.10/site-packages/keystonemiddleware/auth_token/__init__.py:544}}
Mar 11 22:14:02 jammy-provider-cloud-0000008048 devstack@keystone.service[72151]: DEBUG keystone.common.rbac_enforcer.enforcer [None req-cfda8202-2bd0-445c-8ed0-08e022b83948 None admin] RBAC: Authorization granted {{(pid=72151) enforce_call /opt/stack/keystone/keystone/common/rbac_enforcer/enforcer.py:506}}
Mar 11 22:14:02 jammy-provider-cloud-0000008048 devstack@keystone.service[72151]: [pid: 72151|app: 0|req: 10/17] 10.201.5.87 () {56 vars in 1213 bytes} [Tue Mar 11 22:14:02 2025] GET /identity/v3/users/9d02e59b55214e9c837c54ade9a2a5d8 => generated 247 bytes in 69 msecs (HTTP/1.1 200) 5 headers in 177 bytes (2 switches on core 0)
Mar 11 22:14:02 jammy-provider-cloud-0000008048 devstack@keystone.service[72151]: DEBUG keystone.server.flask.request_processing.middleware.auth_context [None req-cfda8202-2bd0-445c-8ed0-08e022b83948 None admin] Authenticating user token {{(pid=72151) process_request /opt/stack/data/venv/lib/python3.10/site-packages/keystonemiddleware/auth_token/__init__.py:406}}
Mar 11 22:14:02 jammy-provider-cloud-0000008048 devstack@keystone.service[72152]: DEBUG keystone.server.flask.request_processing.middleware.auth_context [None req-11030ce6-2ca9-43a4-9505-0add62da9dfd None admin] RBAC: auth_context: {'token': <TokenModel (audit_id=N1TnFEfIQ325HHL07x2jFw, audit_chain_id=['N1TnFEfIQ325HHL07x2jFw']) at 0x7f9f913b1b70>, 'domain_id': None, 'trust_id': None, 'trustor_id': None, 'trustee_id': None, 'domain_name': None, 'group_ids': [], 'user_id': '9d02e59b55214e9c837c54ade9a2a5d8', 'user_domain_id': 'default', 'system_scope': 'all', 'project_id': None, 'project_domain_id': None, 'roles': ['admin', 'manager', 'member', 'reader'], 'is_admin_project': True, 'service_user_id': None, 'service_user_domain_id': None, 'service_project_id': None, 'service_project_domain_id': None, 'service_roles': []} {{(pid=72152) fill_context /opt/stack/keystone/keystone/server/flask/request_processing/middleware/auth_context.py:506}}
Mar 11 22:14:02 jammy-provider-cloud-0000008048 devstack@keystone.service[72152]: DEBUG keystone.server.flask.request_processing.req_logging [None req-11030ce6-2ca9-43a4-9505-0add62da9dfd None admin] REQUEST_METHOD: `GET` {{(pid=72152) log_request_info /opt/stack/keystone/keystone/server/flask/request_processing/req_logging.py:26}}
Mar 11 22:14:02 jammy-provider-cloud-0000008048 devstack@keystone.service[72152]: DEBUG keystone.server.flask.request_processing.req_logging [None req-11030ce6-2ca9-43a4-9505-0add62da9dfd None admin] SCRIPT_NAME: `/identity` {{(pid=72152) log_request_info /opt/stack/keystone/keystone/server/flask/request_processing/req_logging.py:27}}
Mar 11 22:14:02 jammy-provider-cloud-0000008048 devstack@keystone.service[72152]: DEBUG keystone.server.flask.request_processing.req_logging [None req-11030ce6-2ca9-43a4-9505-0add62da9dfd None admin] PATH_INFO: `/v3/domains/Default` {{(pid=72152) log_request_info /opt/stack/keystone/keystone/server/flask/request_processing/req_logging.py:28}}
Mar 11 22:14:02 jammy-provider-cloud-0000008048 devstack@keystone.service[72152]: DEBUG keystone.common.rbac_enforcer.enforcer [None req-11030ce6-2ca9-43a4-9505-0add62da9dfd None admin] RBAC: Authorizing `identity:get_domain(domain_id=Default)` {{(pid=72152) enforce_call /opt/stack/keystone/keystone/common/rbac_enforcer/enforcer.py:495}}
Mar 11 22:14:02 jammy-provider-cloud-0000008048 devstack@keystone.service[72152]: DEBUG keystone.common.rbac_enforcer.enforcer [None req-11030ce6-2ca9-43a4-9505-0add62da9dfd None admin] RBAC: Authorization granted {{(pid=72152) enforce_call /opt/stack/keystone/keystone/common/rbac_enforcer/enforcer.py:506}}
Mar 11 22:14:02 jammy-provider-cloud-0000008048 devstack@keystone.service[72152]: DEBUG keystone.server.flask.application [None req-11030ce6-2ca9-43a4-9505-0add62da9dfd None admin] Could not find domain: Default. {{(pid=72152) _handle_keystone_exception /opt/stack/keystone/keystone/server/flask/application.py:152}}
Mar 11 22:14:02 jammy-provider-cloud-0000008048 devstack@keystone.service[72152]: [pid: 72152|app: 0|req: 8/18] 10.201.5.87 () {56 vars in 1100 bytes} [Tue Mar 11 22:14:02 2025] GET /identity/v3/domains/Default => generated 87 bytes in 69 msecs (HTTP/1.1 404) 5 headers in 183 bytes (2 switches on core 0)
Mar 11 22:14:02 jammy-provider-cloud-0000008048 devstack@keystone.service[72152]: DEBUG keystone.server.flask.request_processing.middleware.auth_context [None req-11030ce6-2ca9-43a4-9505-0add62da9dfd None admin] Authenticating user token {{(pid=72152) process_request /opt/stack/data/venv/lib/python3.10/site-packages/keystonemiddleware/auth_token/__init__.py:406}}
Mar 11 22:14:02 jammy-provider-cloud-0000008048 devstack@keystone.service[72151]: DEBUG keystone.server.flask.request_processing.middleware.auth_context [None req-cfda8202-2bd0-445c-8ed0-08e022b83948 None admin] Validating token access rules against request {{(pid=72151) validate_allowed_request /opt/stack/data/venv/lib/python3.10/site-packages/keystonemiddleware/auth_token/__init__.py:544}}
Mar 11 22:14:02 jammy-provider-cloud-0000008048 devstack@keystone.service[72151]: DEBUG keystone.server.flask.request_processing.middleware.auth_context [None req-51b63ec5-d7dc-4c42-9c21-45da0ada5101 None admin] RBAC: auth_context: {'token': <TokenModel (audit_id=geMxWLwGRzSylkrnV6DSRQ, audit_chain_id=['geMxWLwGRzSylkrnV6DSRQ']) at 0x7f9f9159bb80>, 'domain_id': None, 'trust_id': None, 'trustor_id': None, 'trustee_id': None, 'domain_name': None, 'group_ids': [], 'user_id': '9d02e59b55214e9c837c54ade9a2a5d8', 'user_domain_id': 'default', 'system_scope': 'all', 'project_id': None, 'project_domain_id': None, 'roles': ['admin', 'manager', 'member', 'reader'], 'is_admin_project': True, 'service_user_id': None, 'service_user_domain_id': None, 'service_project_id': None, 'service_project_domain_id': None, 'service_roles': []} {{(pid=72151) fill_context /opt/stack/keystone/keystone/server/flask/request_processing/middleware/auth_context.py:506}}
Mar 11 22:14:02 jammy-provider-cloud-0000008048 devstack@keystone.service[72151]: DEBUG keystone.server.flask.request_processing.req_logging [None req-51b63ec5-d7dc-4c42-9c21-45da0ada5101 None admin] REQUEST_METHOD: `GET` {{(pid=72151) log_request_info /opt/stack/keystone/keystone/server/flask/request_processing/req_logging.py:26}}
Mar 11 22:14:02 jammy-provider-cloud-0000008048 devstack@keystone.service[72151]: DEBUG keystone.server.flask.request_processing.req_logging [None req-51b63ec5-d7dc-4c42-9c21-45da0ada5101 None admin] SCRIPT_NAME: `/identity` {{(pid=72151) log_request_info /opt/stack/keystone/keystone/server/flask/request_processing/req_logging.py:27}}
Mar 11 22:14:02 jammy-provider-cloud-0000008048 devstack@keystone.service[72151]: DEBUG keystone.server.flask.request_processing.req_logging [None req-51b63ec5-d7dc-4c42-9c21-45da0ada5101 None admin] PATH_INFO: `/v3/domains/default` {{(pid=72151) log_request_info /opt/stack/keystone/keystone/server/flask/request_processing/req_logging.py:28}}
Mar 11 22:14:02 jammy-provider-cloud-0000008048 devstack@keystone.service[72151]: DEBUG keystone.common.rbac_enforcer.enforcer [None req-51b63ec5-d7dc-4c42-9c21-45da0ada5101 None admin] RBAC: Authorizing `identity:get_domain(domain_id=default)` {{(pid=72151) enforce_call /opt/stack/keystone/keystone/common/rbac_enforcer/enforcer.py:495}}
Mar 11 22:14:02 jammy-provider-cloud-0000008048 devstack@keystone.service[72152]: DEBUG keystone.server.flask.request_processing.middleware.auth_context [None req-11030ce6-2ca9-43a4-9505-0add62da9dfd None admin] Validating token access rules against request {{(pid=72152) validate_allowed_request /opt/stack/data/venv/lib/python3.10/site-packages/keystonemiddleware/auth_token/__init__.py:544}}
Mar 11 22:14:02 jammy-provider-cloud-0000008048 devstack@keystone.service[72151]: DEBUG keystone.common.rbac_enforcer.enforcer [None req-51b63ec5-d7dc-4c42-9c21-45da0ada5101 None admin] RBAC: Authorization granted {{(pid=72151) enforce_call /opt/stack/keystone/keystone/common/rbac_enforcer/enforcer.py:506}}
Mar 11 22:14:02 jammy-provider-cloud-0000008048 devstack@keystone.service[72151]: [pid: 72151|app: 0|req: 11/19] 10.201.5.87 () {56 vars in 1144 bytes} [Tue Mar 11 22:14:02 2025] GET /identity/v3/domains/default => generated 199 bytes in 61 msecs (HTTP/1.1 200) 5 headers in 177 bytes (1 switches on core 0)
Mar 11 22:14:02 jammy-provider-cloud-0000008048 devstack@keystone.service[72151]: DEBUG keystone.server.flask.request_processing.middleware.auth_context [None req-51b63ec5-d7dc-4c42-9c21-45da0ada5101 None admin] Authenticating user token {{(pid=72151) process_request /opt/stack/data/venv/lib/python3.10/site-packages/keystonemiddleware/auth_token/__init__.py:406}}
Mar 11 22:14:02 jammy-provider-cloud-0000008048 devstack@keystone.service[72152]: DEBUG keystone.server.flask.request_processing.middleware.auth_context [None req-62890d49-16dc-4eaa-80b0-507862525401 None admin] RBAC: auth_context: {'token': <TokenModel (audit_id=N1TnFEfIQ325HHL07x2jFw, audit_chain_id=['N1TnFEfIQ325HHL07x2jFw']) at 0x7f9f913b0040>, 'domain_id': None, 'trust_id': None, 'trustor_id': None, 'trustee_id': None, 'domain_name': None, 'group_ids': [], 'user_id': '9d02e59b55214e9c837c54ade9a2a5d8', 'user_domain_id': 'default', 'system_scope': 'all', 'project_id': None, 'project_domain_id': None, 'roles': ['admin', 'manager', 'member', 'reader'], 'is_admin_project': True, 'service_user_id': None, 'service_user_domain_id': None, 'service_project_id': None, 'service_project_domain_id': None, 'service_roles': []} {{(pid=72152) fill_context /opt/stack/keystone/keystone/server/flask/request_processing/middleware/auth_context.py:506}}
Mar 11 22:14:02 jammy-provider-cloud-0000008048 devstack@keystone.service[72152]: DEBUG keystone.server.flask.request_processing.req_logging [None req-62890d49-16dc-4eaa-80b0-507862525401 None admin] REQUEST_METHOD: `GET` {{(pid=72152) log_request_info /opt/stack/keystone/keystone/server/flask/request_processing/req_logging.py:26}}
Mar 11 22:14:02 jammy-provider-cloud-0000008048 devstack@keystone.service[72152]: DEBUG keystone.server.flask.request_processing.req_logging [None req-62890d49-16dc-4eaa-80b0-507862525401 None admin] SCRIPT_NAME: `/identity` {{(pid=72152) log_request_info /opt/stack/keystone/keystone/server/flask/request_processing/req_logging.py:27}}
Mar 11 22:14:02 jammy-provider-cloud-0000008048 devstack@keystone.service[72152]: DEBUG keystone.server.flask.request_processing.req_logging [None req-62890d49-16dc-4eaa-80b0-507862525401 None admin] PATH_INFO: `/v3/domains` {{(pid=72152) log_request_info /opt/stack/keystone/keystone/server/flask/request_processing/req_logging.py:28}}
Mar 11 22:14:02 jammy-provider-cloud-0000008048 devstack@keystone.service[72152]: DEBUG keystone.common.rbac_enforcer.enforcer [None req-62890d49-16dc-4eaa-80b0-507862525401 None admin] RBAC: Adding query filter params (name=Default) {{(pid=72152) _extract_filter_values /opt/stack/keystone/keystone/common/rbac_enforcer/enforcer.py:176}}
Mar 11 22:14:02 jammy-provider-cloud-0000008048 devstack@keystone.service[72152]: DEBUG keystone.common.rbac_enforcer.enforcer [None req-62890d49-16dc-4eaa-80b0-507862525401 None admin] RBAC: Authorizing `identity:list_domains()` {{(pid=72152) enforce_call /opt/stack/keystone/keystone/common/rbac_enforcer/enforcer.py:495}}
Mar 11 22:14:02 jammy-provider-cloud-0000008048 devstack@keystone.service[72152]: DEBUG keystone.common.rbac_enforcer.enforcer [None req-62890d49-16dc-4eaa-80b0-507862525401 None admin] RBAC: Authorization granted {{(pid=72152) enforce_call /opt/stack/keystone/keystone/common/rbac_enforcer/enforcer.py:506}}
Mar 11 22:14:02 jammy-provider-cloud-0000008048 devstack@keystone.service[72152]: [pid: 72152|app: 0|req: 9/20] 10.201.5.87 () {56 vars in 1101 bytes} [Tue Mar 11 22:14:02 2025] GET /identity/v3/domains?name=Default => generated 308 bytes in 63 msecs (HTTP/1.1 200) 5 headers in 177 bytes (2 switches on core 0)
Mar 11 22:14:02 jammy-provider-cloud-0000008048 devstack@keystone.service[72151]: DEBUG keystone.server.flask.request_processing.middleware.auth_context [None req-51b63ec5-d7dc-4c42-9c21-45da0ada5101 None admin] Validating token access rules against request {{(pid=72151) validate_allowed_request /opt/stack/data/venv/lib/python3.10/site-packages/keystonemiddleware/auth_token/__init__.py:544}}
Mar 11 22:14:02 jammy-provider-cloud-0000008048 devstack@keystone.service[72151]: DEBUG keystone.server.flask.request_processing.middleware.auth_context [None req-4d953829-2055-4e7f-96d4-376a1a272f02 None admin] RBAC: auth_context: {'token': <TokenModel (audit_id=geMxWLwGRzSylkrnV6DSRQ, audit_chain_id=['geMxWLwGRzSylkrnV6DSRQ']) at 0x7f9f913ff3a0>, 'domain_id': None, 'trust_id': None, 'trustor_id': None, 'trustee_id': None, 'domain_name': None, 'group_ids': [], 'user_id': '9d02e59b55214e9c837c54ade9a2a5d8', 'user_domain_id': 'default', 'system_scope': 'all', 'project_id': None, 'project_domain_id': None, 'roles': ['admin', 'manager', 'member', 'reader'], 'is_admin_project': True, 'service_user_id': None, 'service_user_domain_id': None, 'service_project_id': None, 'service_project_domain_id': None, 'service_roles': []} {{(pid=72151) fill_context /opt/stack/keystone/keystone/server/flask/request_processing/middleware/auth_context.py:506}}
Mar 11 22:14:02 jammy-provider-cloud-0000008048 devstack@keystone.service[72151]: DEBUG keystone.server.flask.request_processing.req_logging [None req-4d953829-2055-4e7f-96d4-376a1a272f02 None admin] REQUEST_METHOD: `PUT` {{(pid=72151) log_request_info /opt/stack/keystone/keystone/server/flask/request_processing/req_logging.py:26}}
Mar 11 22:14:02 jammy-provider-cloud-0000008048 devstack@keystone.service[72151]: DEBUG keystone.server.flask.request_processing.req_logging [None req-4d953829-2055-4e7f-96d4-376a1a272f02 None admin] SCRIPT_NAME: `/identity` {{(pid=72151) log_request_info /opt/stack/keystone/keystone/server/flask/request_processing/req_logging.py:27}}
Mar 11 22:14:02 jammy-provider-cloud-0000008048 devstack@keystone.service[72151]: DEBUG keystone.server.flask.request_processing.req_logging [None req-4d953829-2055-4e7f-96d4-376a1a272f02 None admin] PATH_INFO: `/v3/domains/default/users/9d02e59b55214e9c837c54ade9a2a5d8/roles/3a03a40bb8ab40d581b45ab50c75a827` {{(pid=72151) log_request_info /opt/stack/keystone/keystone/server/flask/request_processing/req_logging.py:28}}
Mar 11 22:14:02 jammy-provider-cloud-0000008048 devstack@keystone.service[72151]: DEBUG keystone.common.rbac_enforcer.enforcer [None req-4d953829-2055-4e7f-96d4-376a1a272f02 None admin] RBAC: Authorizing `identity:create_grant(domain_id=default, user_id=9d02e59b55214e9c837c54ade9a2a5d8, role_id=3a03a40bb8ab40d581b45ab50c75a827)` {{(pid=72151) enforce_call /opt/stack/keystone/keystone/common/rbac_enforcer/enforcer.py:495}}
Mar 11 22:14:02 jammy-provider-cloud-0000008048 devstack@keystone.service[72151]: DEBUG keystone.common.rbac_enforcer.enforcer [None req-4d953829-2055-4e7f-96d4-376a1a272f02 None admin] RBAC: Authorization granted {{(pid=72151) enforce_call /opt/stack/keystone/keystone/common/rbac_enforcer/enforcer.py:506}}
Mar 11 22:14:02 jammy-provider-cloud-0000008048 devstack@keystone.service[72151]: [pid: 72151|app: 0|req: 12/21] 10.201.5.87 () {58 vars in 1397 bytes} [Tue Mar 11 22:14:02 2025] PUT /identity/v3/domains/default/users/9d02e59b55214e9c837c54ade9a2a5d8/roles/3a03a40bb8ab40d581b45ab50c75a827 => generated 0 bytes in 124 msecs (HTTP/1.1 204) 3 headers in 132 bytes (1 switches on core 0)
Mar 11 22:14:03 jammy-provider-cloud-0000008048 devstack@keystone.service[72152]: DEBUG keystone.server.flask.request_processing.req_logging [None req-21a53e2b-2570-49d4-9069-b7bdfabffcad None None] REQUEST_METHOD: `GET` {{(pid=72152) log_request_info /opt/stack/keystone/keystone/server/flask/request_processing/req_logging.py:26}}
Mar 11 22:14:03 jammy-provider-cloud-0000008048 devstack@keystone.service[72152]: DEBUG keystone.server.flask.request_processing.req_logging [None req-21a53e2b-2570-49d4-9069-b7bdfabffcad None None] SCRIPT_NAME: `/identity` {{(pid=72152) log_request_info /opt/stack/keystone/keystone/server/flask/request_processing/req_logging.py:27}}
Mar 11 22:14:03 jammy-provider-cloud-0000008048 devstack@keystone.service[72152]: DEBUG keystone.server.flask.request_processing.req_logging [None req-21a53e2b-2570-49d4-9069-b7bdfabffcad None None] PATH_INFO: `/` {{(pid=72152) log_request_info /opt/stack/keystone/keystone/server/flask/request_processing/req_logging.py:28}}
Mar 11 22:14:03 jammy-provider-cloud-0000008048 devstack@keystone.service[72152]: [pid: 72152|app: 0|req: 10/22] 10.201.5.87 () {54 vars in 919 bytes} [Tue Mar 11 22:14:03 2025] GET /identity => generated 270 bytes in 2 msecs (HTTP/1.1 300) 6 headers in 234 bytes (1 switches on core 0)
Mar 11 22:14:03 jammy-provider-cloud-0000008048 devstack@keystone.service[72151]: DEBUG keystone.server.flask.request_processing.req_logging [None req-c4b639d4-61ab-4446-a470-bb5c77b2a409 None None] REQUEST_METHOD: `POST` {{(pid=72151) log_request_info /opt/stack/keystone/keystone/server/flask/request_processing/req_logging.py:26}}
Mar 11 22:14:03 jammy-provider-cloud-0000008048 devstack@keystone.service[72151]: DEBUG keystone.server.flask.request_processing.req_logging [None req-c4b639d4-61ab-4446-a470-bb5c77b2a409 None None] SCRIPT_NAME: `/identity` {{(pid=72151) log_request_info /opt/stack/keystone/keystone/server/flask/request_processing/req_logging.py:27}}
Mar 11 22:14:03 jammy-provider-cloud-0000008048 devstack@keystone.service[72151]: DEBUG keystone.server.flask.request_processing.req_logging [None req-c4b639d4-61ab-4446-a470-bb5c77b2a409 None None] PATH_INFO: `/v3/auth/tokens` {{(pid=72151) log_request_info /opt/stack/keystone/keystone/server/flask/request_processing/req_logging.py:28}}
Mar 11 22:14:03 jammy-provider-cloud-0000008048 devstack@keystone.service[72151]: WARNING keystone.common.password_hashing [None req-c4b639d4-61ab-4446-a470-bb5c77b2a409 None None] Truncating password to algorithm specific maximum length 72 characters.
Mar 11 22:14:03 jammy-provider-cloud-0000008048 devstack@keystone.service[72151]: DEBUG keystone.auth.core [None req-c4b639d4-61ab-4446-a470-bb5c77b2a409 None None] MFA Rules not processed for user `9d02e59b55214e9c837c54ade9a2a5d8`. Rule list: `[]` (Enabled: `True`). {{(pid=72151) check_auth_methods_against_rules /opt/stack/keystone/keystone/auth/core.py:476}}
Mar 11 22:14:03 jammy-provider-cloud-0000008048 devstack@keystone.service[72151]: DEBUG keystone.common.fernet_utils [None req-c4b639d4-61ab-4446-a470-bb5c77b2a409 None None] Loaded 2 Fernet keys from /etc/keystone/fernet-keys/, but `[fernet_tokens] max_active_keys = 3`; perhaps there have not been enough key rotations to reach `max_active_keys` yet? {{(pid=72151) load_keys /opt/stack/keystone/keystone/common/fernet_utils.py:297}}
Mar 11 22:14:03 jammy-provider-cloud-0000008048 devstack@keystone.service[72152]: DEBUG keystone.server.flask.request_processing.req_logging [None req-999e8d43-d58e-4ca5-9e07-13229b65f44f None None] REQUEST_METHOD: `GET` {{(pid=72152) log_request_info /opt/stack/keystone/keystone/server/flask/request_processing/req_logging.py:26}}
Mar 11 22:14:03 jammy-provider-cloud-0000008048 devstack@keystone.service[72152]: DEBUG keystone.server.flask.request_processing.req_logging [None req-999e8d43-d58e-4ca5-9e07-13229b65f44f None None] SCRIPT_NAME: `/identity` {{(pid=72152) log_request_info /opt/stack/keystone/keystone/server/flask/request_processing/req_logging.py:27}}
Mar 11 22:14:03 jammy-provider-cloud-0000008048 devstack@keystone.service[72152]: DEBUG keystone.server.flask.request_processing.req_logging [None req-999e8d43-d58e-4ca5-9e07-13229b65f44f None None] PATH_INFO: `/` {{(pid=72152) log_request_info /opt/stack/keystone/keystone/server/flask/request_processing/req_logging.py:28}}
Mar 11 22:14:03 jammy-provider-cloud-0000008048 devstack@keystone.service[72152]: [pid: 72152|app: 0|req: 11/23] 10.201.5.87 () {54 vars in 919 bytes} [Tue Mar 11 22:14:03 2025] GET /identity => generated 270 bytes in 1 msecs (HTTP/1.1 300) 6 headers in 234 bytes (2 switches on core 0)
Mar 11 22:14:03 jammy-provider-cloud-0000008048 devstack@keystone.service[72151]: [pid: 72151|app: 0|req: 13/24] 10.201.5.87 () {58 vars in 1016 bytes} [Tue Mar 11 22:14:03 2025] POST /identity/v3/auth/tokens => generated 862 bytes in 62 msecs (HTTP/1.1 201) 6 headers in 363 bytes (1 switches on core 0)
Mar 11 22:14:03 jammy-provider-cloud-0000008048 devstack@keystone.service[72152]: DEBUG keystone.server.flask.request_processing.req_logging [None req-be42727e-55a0-4489-88a1-f37ef1b11d62 None None] REQUEST_METHOD: `POST` {{(pid=72152) log_request_info /opt/stack/keystone/keystone/server/flask/request_processing/req_logging.py:26}}
Mar 11 22:14:03 jammy-provider-cloud-0000008048 devstack@keystone.service[72152]: DEBUG keystone.server.flask.request_processing.req_logging [None req-be42727e-55a0-4489-88a1-f37ef1b11d62 None None] SCRIPT_NAME: `/identity` {{(pid=72152) log_request_info /opt/stack/keystone/keystone/server/flask/request_processing/req_logging.py:27}}
Mar 11 22:14:03 jammy-provider-cloud-0000008048 devstack@keystone.service[72152]: DEBUG keystone.server.flask.request_processing.req_logging [None req-be42727e-55a0-4489-88a1-f37ef1b11d62 None None] PATH_INFO: `/v3/auth/tokens` {{(pid=72152) log_request_info /opt/stack/keystone/keystone/server/flask/request_processing/req_logging.py:28}}
Mar 11 22:14:03 jammy-provider-cloud-0000008048 devstack@keystone.service[72152]: WARNING keystone.common.password_hashing [None req-be42727e-55a0-4489-88a1-f37ef1b11d62 None None] Truncating password to algorithm specific maximum length 72 characters.
Mar 11 22:14:03 jammy-provider-cloud-0000008048 devstack@keystone.service[72152]: DEBUG keystone.auth.core [None req-be42727e-55a0-4489-88a1-f37ef1b11d62 None None] MFA Rules not processed for user `9d02e59b55214e9c837c54ade9a2a5d8`. Rule list: `[]` (Enabled: `True`). {{(pid=72152) check_auth_methods_against_rules /opt/stack/keystone/keystone/auth/core.py:476}}
Mar 11 22:14:03 jammy-provider-cloud-0000008048 devstack@keystone.service[72152]: DEBUG keystone.common.fernet_utils [None req-be42727e-55a0-4489-88a1-f37ef1b11d62 None None] Loaded 2 Fernet keys from /etc/keystone/fernet-keys/, but `[fernet_tokens] max_active_keys = 3`; perhaps there have not been enough key rotations to reach `max_active_keys` yet? {{(pid=72152) load_keys /opt/stack/keystone/keystone/common/fernet_utils.py:297}}
Mar 11 22:14:03 jammy-provider-cloud-0000008048 devstack@keystone.service[72152]: [pid: 72152|app: 0|req: 12/25] 10.201.5.87 () {58 vars in 1016 bytes} [Tue Mar 11 22:14:03 2025] POST /identity/v3/auth/tokens => generated 862 bytes in 66 msecs (HTTP/1.1 201) 6 headers in 363 bytes (1 switches on core 0)
Mar 11 22:14:03 jammy-provider-cloud-0000008048 devstack@keystone.service[72151]: DEBUG keystone.server.flask.request_processing.req_logging [None req-730177f9-e447-4d0e-a313-3a0198d878a1 None None] REQUEST_METHOD: `GET` {{(pid=72151) log_request_info /opt/stack/keystone/keystone/server/flask/request_processing/req_logging.py:26}}
Mar 11 22:14:03 jammy-provider-cloud-0000008048 devstack@keystone.service[72151]: DEBUG keystone.server.flask.request_processing.req_logging [None req-730177f9-e447-4d0e-a313-3a0198d878a1 None None] SCRIPT_NAME: `/identity` {{(pid=72151) log_request_info /opt/stack/keystone/keystone/server/flask/request_processing/req_logging.py:27}}
Mar 11 22:14:03 jammy-provider-cloud-0000008048 devstack@keystone.service[72151]: DEBUG keystone.server.flask.request_processing.req_logging [None req-730177f9-e447-4d0e-a313-3a0198d878a1 None None] PATH_INFO: `/` {{(pid=72151) log_request_info /opt/stack/keystone/keystone/server/flask/request_processing/req_logging.py:28}}
Mar 11 22:14:03 jammy-provider-cloud-0000008048 devstack@keystone.service[72151]: [pid: 72151|app: 0|req: 14/26] 10.201.5.87 () {54 vars in 919 bytes} [Tue Mar 11 22:14:03 2025] GET /identity => generated 270 bytes in 2 msecs (HTTP/1.1 300) 6 headers in 234 bytes (1 switches on core 0)
Mar 11 22:14:03 jammy-provider-cloud-0000008048 devstack@keystone.service[72152]: DEBUG keystone.server.flask.request_processing.req_logging [None req-0fbc1ee2-2c49-4ff3-a774-cb2388f9d10f None None] REQUEST_METHOD: `POST` {{(pid=72152) log_request_info /opt/stack/keystone/keystone/server/flask/request_processing/req_logging.py:26}}
Mar 11 22:14:03 jammy-provider-cloud-0000008048 devstack@keystone.service[72152]: DEBUG keystone.server.flask.request_processing.req_logging [None req-0fbc1ee2-2c49-4ff3-a774-cb2388f9d10f None None] SCRIPT_NAME: `/identity` {{(pid=72152) log_request_info /opt/stack/keystone/keystone/server/flask/request_processing/req_logging.py:27}}
Mar 11 22:14:03 jammy-provider-cloud-0000008048 devstack@keystone.service[72152]: DEBUG keystone.server.flask.request_processing.req_logging [None req-0fbc1ee2-2c49-4ff3-a774-cb2388f9d10f None None] PATH_INFO: `/v3/auth/tokens` {{(pid=72152) log_request_info /opt/stack/keystone/keystone/server/flask/request_processing/req_logging.py:28}}
Mar 11 22:14:03 jammy-provider-cloud-0000008048 devstack@keystone.service[72151]: DEBUG keystone.server.flask.request_processing.middleware.auth_context [None req-730177f9-e447-4d0e-a313-3a0198d878a1 None None] Authenticating user token {{(pid=72151) process_request /opt/stack/data/venv/lib/python3.10/site-packages/keystonemiddleware/auth_token/__init__.py:406}}
Mar 11 22:14:03 jammy-provider-cloud-0000008048 devstack@keystone.service[72152]: WARNING keystone.common.password_hashing [None req-0fbc1ee2-2c49-4ff3-a774-cb2388f9d10f None None] Truncating password to algorithm specific maximum length 72 characters.
Mar 11 22:14:03 jammy-provider-cloud-0000008048 devstack@keystone.service[72152]: DEBUG keystone.auth.core [None req-0fbc1ee2-2c49-4ff3-a774-cb2388f9d10f None None] MFA Rules not processed for user `9d02e59b55214e9c837c54ade9a2a5d8`. Rule list: `[]` (Enabled: `True`). {{(pid=72152) check_auth_methods_against_rules /opt/stack/keystone/keystone/auth/core.py:476}}
Mar 11 22:14:03 jammy-provider-cloud-0000008048 devstack@keystone.service[72152]: DEBUG keystone.common.fernet_utils [None req-0fbc1ee2-2c49-4ff3-a774-cb2388f9d10f None None] Loaded 2 Fernet keys from /etc/keystone/fernet-keys/, but `[fernet_tokens] max_active_keys = 3`; perhaps there have not been enough key rotations to reach `max_active_keys` yet? {{(pid=72152) load_keys /opt/stack/keystone/keystone/common/fernet_utils.py:297}}
Mar 11 22:14:03 jammy-provider-cloud-0000008048 devstack@keystone.service[72151]: DEBUG keystone.server.flask.request_processing.middleware.auth_context [None req-730177f9-e447-4d0e-a313-3a0198d878a1 None None] Validating token access rules against request {{(pid=72151) validate_allowed_request /opt/stack/data/venv/lib/python3.10/site-packages/keystonemiddleware/auth_token/__init__.py:544}}
Mar 11 22:14:03 jammy-provider-cloud-0000008048 devstack@keystone.service[72151]: DEBUG keystone.server.flask.request_processing.middleware.auth_context [None req-2ebddfef-78ad-4d2e-bd1d-7dbffeb019aa None admin] RBAC: auth_context: {'token': <TokenModel (audit_id=EHmWuwSBQ9a_r4h0T6rO_Q, audit_chain_id=['EHmWuwSBQ9a_r4h0T6rO_Q']) at 0x7f9f913c5300>, 'domain_id': None, 'trust_id': None, 'trustor_id': None, 'trustee_id': None, 'domain_name': None, 'group_ids': [], 'user_id': '9d02e59b55214e9c837c54ade9a2a5d8', 'user_domain_id': 'default', 'system_scope': 'all', 'project_id': None, 'project_domain_id': None, 'roles': ['admin', 'manager', 'member', 'reader'], 'is_admin_project': True, 'service_user_id': None, 'service_user_domain_id': None, 'service_project_id': None, 'service_project_domain_id': None, 'service_roles': []} {{(pid=72151) fill_context /opt/stack/keystone/keystone/server/flask/request_processing/middleware/auth_context.py:506}}
Mar 11 22:14:03 jammy-provider-cloud-0000008048 devstack@keystone.service[72151]: DEBUG keystone.server.flask.request_processing.req_logging [None req-2ebddfef-78ad-4d2e-bd1d-7dbffeb019aa None admin] REQUEST_METHOD: `GET` {{(pid=72151) log_request_info /opt/stack/keystone/keystone/server/flask/request_processing/req_logging.py:26}}
Mar 11 22:14:03 jammy-provider-cloud-0000008048 devstack@keystone.service[72151]: DEBUG keystone.server.flask.request_processing.req_logging [None req-2ebddfef-78ad-4d2e-bd1d-7dbffeb019aa None admin] SCRIPT_NAME: `/identity` {{(pid=72151) log_request_info /opt/stack/keystone/keystone/server/flask/request_processing/req_logging.py:27}}
Mar 11 22:14:03 jammy-provider-cloud-0000008048 devstack@keystone.service[72152]: [pid: 72152|app: 0|req: 13/27] 10.201.5.87 () {58 vars in 1016 bytes} [Tue Mar 11 22:14:03 2025] POST /identity/v3/auth/tokens => generated 862 bytes in 63 msecs (HTTP/1.1 201) 6 headers in 363 bytes (2 switches on core 0)
Mar 11 22:14:03 jammy-provider-cloud-0000008048 devstack@keystone.service[72151]: DEBUG keystone.server.flask.request_processing.req_logging [None req-2ebddfef-78ad-4d2e-bd1d-7dbffeb019aa None admin] PATH_INFO: `/v3/roles/admin` {{(pid=72151) log_request_info /opt/stack/keystone/keystone/server/flask/request_processing/req_logging.py:28}}
Mar 11 22:14:03 jammy-provider-cloud-0000008048 devstack@keystone.service[72151]: DEBUG keystone.common.rbac_enforcer.enforcer [None req-2ebddfef-78ad-4d2e-bd1d-7dbffeb019aa None admin] Extracting inferred target data resulted in "NOT FOUND (404)". {{(pid=72151) enforce_call /opt/stack/keystone/keystone/common/rbac_enforcer/enforcer.py:445}}
Mar 11 22:14:03 jammy-provider-cloud-0000008048 devstack@keystone.service[72151]: DEBUG keystone.server.flask.application [None req-2ebddfef-78ad-4d2e-bd1d-7dbffeb019aa None admin] Could not find role: admin. {{(pid=72151) _handle_keystone_exception /opt/stack/keystone/keystone/server/flask/application.py:152}}
Mar 11 22:14:03 jammy-provider-cloud-0000008048 devstack@keystone.service[72151]: [pid: 72151|app: 0|req: 15/28] 10.201.5.87 () {56 vars in 1132 bytes} [Tue Mar 11 22:14:03 2025] GET /identity/v3/roles/admin => generated 83 bytes in 70 msecs (HTTP/1.1 404) 5 headers in 183 bytes (1 switches on core 0)
Mar 11 22:14:03 jammy-provider-cloud-0000008048 devstack@keystone.service[72152]: DEBUG keystone.server.flask.request_processing.middleware.auth_context [None req-0fbc1ee2-2c49-4ff3-a774-cb2388f9d10f None None] Authenticating user token {{(pid=72152) process_request /opt/stack/data/venv/lib/python3.10/site-packages/keystonemiddleware/auth_token/__init__.py:406}}
Mar 11 22:14:03 jammy-provider-cloud-0000008048 devstack@keystone.service[72151]: DEBUG keystone.server.flask.request_processing.middleware.auth_context [None req-2ebddfef-78ad-4d2e-bd1d-7dbffeb019aa None admin] Authenticating user token {{(pid=72151) process_request /opt/stack/data/venv/lib/python3.10/site-packages/keystonemiddleware/auth_token/__init__.py:406}}
Mar 11 22:14:03 jammy-provider-cloud-0000008048 devstack@keystone.service[72152]: DEBUG keystone.server.flask.request_processing.middleware.auth_context [None req-0fbc1ee2-2c49-4ff3-a774-cb2388f9d10f None None] Validating token access rules against request {{(pid=72152) validate_allowed_request /opt/stack/data/venv/lib/python3.10/site-packages/keystonemiddleware/auth_token/__init__.py:544}}
Mar 11 22:14:03 jammy-provider-cloud-0000008048 devstack@keystone.service[72151]: DEBUG keystone.server.flask.request_processing.middleware.auth_context [None req-2ebddfef-78ad-4d2e-bd1d-7dbffeb019aa None admin] Validating token access rules against request {{(pid=72151) validate_allowed_request /opt/stack/data/venv/lib/python3.10/site-packages/keystonemiddleware/auth_token/__init__.py:544}}
Mar 11 22:14:03 jammy-provider-cloud-0000008048 devstack@keystone.service[72152]: DEBUG keystone.server.flask.request_processing.middleware.auth_context [None req-547ade08-164e-43a3-8b76-3103c4499410 None admin] RBAC: auth_context: {'token': <TokenModel (audit_id=EHmWuwSBQ9a_r4h0T6rO_Q, audit_chain_id=['EHmWuwSBQ9a_r4h0T6rO_Q']) at 0x7f9f9136ee90>, 'domain_id': None, 'trust_id': None, 'trustor_id': None, 'trustee_id': None, 'domain_name': None, 'group_ids': [], 'user_id': '9d02e59b55214e9c837c54ade9a2a5d8', 'user_domain_id': 'default', 'system_scope': 'all', 'project_id': None, 'project_domain_id': None, 'roles': ['admin', 'manager', 'member', 'reader'], 'is_admin_project': True, 'service_user_id': None, 'service_user_domain_id': None, 'service_project_id': None, 'service_project_domain_id': None, 'service_roles': []} {{(pid=72152) fill_context /opt/stack/keystone/keystone/server/flask/request_processing/middleware/auth_context.py:506}}
Mar 11 22:14:03 jammy-provider-cloud-0000008048 devstack@keystone.service[72152]: DEBUG keystone.server.flask.request_processing.req_logging [None req-547ade08-164e-43a3-8b76-3103c4499410 None admin] REQUEST_METHOD: `GET` {{(pid=72152) log_request_info /opt/stack/keystone/keystone/server/flask/request_processing/req_logging.py:26}}
Mar 11 22:14:03 jammy-provider-cloud-0000008048 devstack@keystone.service[72152]: DEBUG keystone.server.flask.request_processing.req_logging [None req-547ade08-164e-43a3-8b76-3103c4499410 None admin] SCRIPT_NAME: `/identity` {{(pid=72152) log_request_info /opt/stack/keystone/keystone/server/flask/request_processing/req_logging.py:27}}
Mar 11 22:14:03 jammy-provider-cloud-0000008048 devstack@keystone.service[72152]: DEBUG keystone.server.flask.request_processing.req_logging [None req-547ade08-164e-43a3-8b76-3103c4499410 None admin] PATH_INFO: `/v3/roles` {{(pid=72152) log_request_info /opt/stack/keystone/keystone/server/flask/request_processing/req_logging.py:28}}
Mar 11 22:14:03 jammy-provider-cloud-0000008048 devstack@keystone.service[72152]: DEBUG keystone.common.rbac_enforcer.enforcer [None req-547ade08-164e-43a3-8b76-3103c4499410 None admin] RBAC: Adding query filter params (name=admin) {{(pid=72152) _extract_filter_values /opt/stack/keystone/keystone/common/rbac_enforcer/enforcer.py:176}}
Mar 11 22:14:03 jammy-provider-cloud-0000008048 devstack@keystone.service[72152]: DEBUG keystone.common.rbac_enforcer.enforcer [None req-547ade08-164e-43a3-8b76-3103c4499410 None admin] RBAC: Authorizing `identity:list_roles()` {{(pid=72152) enforce_call /opt/stack/keystone/keystone/common/rbac_enforcer/enforcer.py:495}}
Mar 11 22:14:03 jammy-provider-cloud-0000008048 devstack@keystone.service[72152]: DEBUG keystone.common.rbac_enforcer.enforcer [None req-547ade08-164e-43a3-8b76-3103c4499410 None admin] RBAC: Authorization granted {{(pid=72152) enforce_call /opt/stack/keystone/keystone/common/rbac_enforcer/enforcer.py:506}}
Mar 11 22:14:03 jammy-provider-cloud-0000008048 devstack@keystone.service[72152]: [pid: 72152|app: 0|req: 14/29] 10.201.5.87 () {56 vars in 1148 bytes} [Tue Mar 11 22:14:03 2025] GET /identity/v3/roles?name=admin => generated 339 bytes in 101 msecs (HTTP/1.1 200) 5 headers in 177 bytes (1 switches on core 0)
Mar 11 22:14:03 jammy-provider-cloud-0000008048 devstack@keystone.service[72152]: DEBUG keystone.server.flask.request_processing.req_logging [None req-e06b84d3-49fd-49ba-bae3-9cd073f89545 None None] REQUEST_METHOD: `GET` {{(pid=72152) log_request_info /opt/stack/keystone/keystone/server/flask/request_processing/req_logging.py:26}}
Mar 11 22:14:03 jammy-provider-cloud-0000008048 devstack@keystone.service[72152]: DEBUG keystone.server.flask.request_processing.req_logging [None req-e06b84d3-49fd-49ba-bae3-9cd073f89545 None None] SCRIPT_NAME: `/identity` {{(pid=72152) log_request_info /opt/stack/keystone/keystone/server/flask/request_processing/req_logging.py:27}}
Mar 11 22:14:03 jammy-provider-cloud-0000008048 devstack@keystone.service[72152]: DEBUG keystone.server.flask.request_processing.req_logging [None req-e06b84d3-49fd-49ba-bae3-9cd073f89545 None None] PATH_INFO: `/` {{(pid=72152) log_request_info /opt/stack/keystone/keystone/server/flask/request_processing/req_logging.py:28}}
Mar 11 22:14:03 jammy-provider-cloud-0000008048 devstack@keystone.service[72152]: [pid: 72152|app: 0|req: 15/30] 10.201.5.87 () {54 vars in 919 bytes} [Tue Mar 11 22:14:03 2025] GET /identity => generated 270 bytes in 1 msecs (HTTP/1.1 300) 6 headers in 234 bytes (1 switches on core 0)
Mar 11 22:14:03 jammy-provider-cloud-0000008048 devstack@keystone.service[72152]: DEBUG keystone.server.flask.request_processing.middleware.auth_context [None req-e06b84d3-49fd-49ba-bae3-9cd073f89545 None None] Authenticating user token {{(pid=72152) process_request /opt/stack/data/venv/lib/python3.10/site-packages/keystonemiddleware/auth_token/__init__.py:406}}
Mar 11 22:14:03 jammy-provider-cloud-0000008048 devstack@keystone.service[72151]: DEBUG keystone.server.flask.request_processing.middleware.auth_context [None req-d5556a70-c0a6-4fd3-8ed3-609ee00ccb0d None admin] RBAC: auth_context: {'token': <TokenModel (audit_id=XO7Fm0RsT7SrMhS3A6rLUw, audit_chain_id=['XO7Fm0RsT7SrMhS3A6rLUw']) at 0x7f9f912349a0>, 'domain_id': None, 'trust_id': None, 'trustor_id': None, 'trustee_id': None, 'domain_name': None, 'group_ids': [], 'user_id': '9d02e59b55214e9c837c54ade9a2a5d8', 'user_domain_id': 'default', 'system_scope': 'all', 'project_id': None, 'project_domain_id': None, 'roles': ['admin', 'manager', 'member', 'reader'], 'is_admin_project': True, 'service_user_id': None, 'service_user_domain_id': None, 'service_project_id': None, 'service_project_domain_id': None, 'service_roles': []} {{(pid=72151) fill_context /opt/stack/keystone/keystone/server/flask/request_processing/middleware/auth_context.py:506}}
Mar 11 22:14:03 jammy-provider-cloud-0000008048 devstack@keystone.service[72151]: DEBUG keystone.server.flask.request_processing.req_logging [None req-d5556a70-c0a6-4fd3-8ed3-609ee00ccb0d None admin] REQUEST_METHOD: `GET` {{(pid=72151) log_request_info /opt/stack/keystone/keystone/server/flask/request_processing/req_logging.py:26}}
Mar 11 22:14:03 jammy-provider-cloud-0000008048 devstack@keystone.service[72151]: DEBUG keystone.server.flask.request_processing.req_logging [None req-d5556a70-c0a6-4fd3-8ed3-609ee00ccb0d None admin] SCRIPT_NAME: `/identity` {{(pid=72151) log_request_info /opt/stack/keystone/keystone/server/flask/request_processing/req_logging.py:27}}
Mar 11 22:14:03 jammy-provider-cloud-0000008048 devstack@keystone.service[72151]: DEBUG keystone.server.flask.request_processing.req_logging [None req-d5556a70-c0a6-4fd3-8ed3-609ee00ccb0d None admin] PATH_INFO: `/v3/domains/Default` {{(pid=72151) log_request_info /opt/stack/keystone/keystone/server/flask/request_processing/req_logging.py:28}}
Mar 11 22:14:03 jammy-provider-cloud-0000008048 devstack@keystone.service[72151]: DEBUG keystone.common.rbac_enforcer.enforcer [None req-d5556a70-c0a6-4fd3-8ed3-609ee00ccb0d None admin] RBAC: Authorizing `identity:get_domain(domain_id=Default)` {{(pid=72151) enforce_call /opt/stack/keystone/keystone/common/rbac_enforcer/enforcer.py:495}}
