May 06 16:26:32 ubuntu devstack@keystone.service[68191]: ERROR keystone.server.flask.application          ^^^^^^^^^^^^^^^^^^^^^^^
May 06 16:26:32 ubuntu devstack@keystone.service[68191]: ERROR keystone.server.flask.application   File "/opt/stack/data/venv/lib/python3.12/site-packages/flask/app.py", line 902, in dispatch_request
May 06 16:26:32 ubuntu devstack@keystone.service[68191]: ERROR keystone.server.flask.application     return self.ensure_sync(self.view_functions[rule.endpoint])(**view_args)  # type: ignore[no-any-return]
May 06 16:26:32 ubuntu devstack@keystone.service[68191]: ERROR keystone.server.flask.application            ^^^^^^^^^^^^^^^^^^^^^^^^^^^^^^^^^^^^^^^^^^^^^^^^^^^^^^^^^^^^^^^^^
May 06 16:26:32 ubuntu devstack@keystone.service[68191]: ERROR keystone.server.flask.application   File "/opt/stack/data/venv/lib/python3.12/site-packages/flask_restful/__init__.py", line 489, in wrapper
May 06 16:26:32 ubuntu devstack@keystone.service[68191]: ERROR keystone.server.flask.application     resp = resource(*args, **kwargs)
May 06 16:26:32 ubuntu devstack@keystone.service[68191]: ERROR keystone.server.flask.application            ^^^^^^^^^^^^^^^^^^^^^^^^^
May 06 16:26:32 ubuntu devstack@keystone.service[68191]: ERROR keystone.server.flask.application   File "/opt/stack/data/venv/lib/python3.12/site-packages/flask/views.py", line 110, in view
May 06 16:26:32 ubuntu devstack@keystone.service[68191]: ERROR keystone.server.flask.application     return current_app.ensure_sync(self.dispatch_request)(**kwargs)  # type: ignore[no-any-return]
May 06 16:26:32 ubuntu devstack@keystone.service[68191]: ERROR keystone.server.flask.application            ^^^^^^^^^^^^^^^^^^^^^^^^^^^^^^^^^^^^^^^^^^^^^^^^^^^^^^^^
May 06 16:26:32 ubuntu devstack@keystone.service[68191]: ERROR keystone.server.flask.application   File "/opt/stack/data/venv/lib/python3.12/site-packages/flask_restful/__init__.py", line 604, in dispatch_request
May 06 16:26:32 ubuntu devstack@keystone.service[68191]: ERROR keystone.server.flask.application     resp = meth(*args, **kwargs)
May 06 16:26:32 ubuntu devstack@keystone.service[68191]: ERROR keystone.server.flask.application            ^^^^^^^^^^^^^^^^^^^^^
May 06 16:26:32 ubuntu devstack@keystone.service[68191]: ERROR keystone.server.flask.application   File "/opt/stack/keystone/keystone/api/validation/__init__.py", line 86, in wrapper
May 06 16:26:32 ubuntu devstack@keystone.service[68191]: ERROR keystone.server.flask.application     return func(*args, **kwargs)
May 06 16:26:32 ubuntu devstack@keystone.service[68191]: ERROR keystone.server.flask.application            ^^^^^^^^^^^^^^^^^^^^^
May 06 16:26:32 ubuntu devstack@keystone.service[68191]: ERROR keystone.server.flask.application   File "/opt/stack/keystone/keystone/api/validation/__init__.py", line 145, in wrapper
May 06 16:26:32 ubuntu devstack@keystone.service[68191]: ERROR keystone.server.flask.application     response = func(*args, **kwargs)
May 06 16:26:32 ubuntu devstack@keystone.service[68191]: ERROR keystone.server.flask.application                ^^^^^^^^^^^^^^^^^^^^^
May 06 16:26:32 ubuntu devstack@keystone.service[68191]: ERROR keystone.server.flask.application   File "/opt/stack/keystone/keystone/api/roles.py", line 91, in post
May 06 16:26:32 ubuntu devstack@keystone.service[68191]: ERROR keystone.server.flask.application     ref = PROVIDERS.role_api.create_role(
May 06 16:26:32 ubuntu devstack@keystone.service[68191]: ERROR keystone.server.flask.application           ^^^^^^^^^^^^^^^^^^^^^^^^^^^^^^^
May 06 16:26:32 ubuntu devstack@keystone.service[68191]: ERROR keystone.server.flask.application   File "/opt/stack/keystone/keystone/common/manager.py", line 114, in wrapped
May 06 16:26:32 ubuntu devstack@keystone.service[68191]: ERROR keystone.server.flask.application     __ret_val = __f(*args, **kwargs)
May 06 16:26:32 ubuntu devstack@keystone.service[68191]: ERROR keystone.server.flask.application                 ^^^^^^^^^^^^^^^^^^^^
May 06 16:26:32 ubuntu devstack@keystone.service[68191]: ERROR keystone.server.flask.application   File "/opt/stack/keystone/keystone/assignment/core.py", line 1486, in create_role
May 06 16:26:32 ubuntu devstack@keystone.service[68191]: ERROR keystone.server.flask.application     ret = self.driver.create_role(role_id, role)
May 06 16:26:32 ubuntu devstack@keystone.service[68191]: ERROR keystone.server.flask.application           ^^^^^^^^^^^^^^^^^^^^^^^^^^^^^^^^^^^^^^
May 06 16:26:32 ubuntu devstack@keystone.service[68191]: ERROR keystone.server.flask.application   File "/opt/stack/keystone/keystone/common/sql/core.py", line 614, in wrapper
May 06 16:26:32 ubuntu devstack@keystone.service[68191]: ERROR keystone.server.flask.application     raise exception.Conflict(type=conflict_type, details=msg)
May 06 16:26:32 ubuntu devstack@keystone.service[68191]: ERROR keystone.server.flask.application keystone.exception.Conflict: Conflict occurred attempting to store role - Duplicate entry found with name service.
May 06 16:26:32 ubuntu devstack@keystone.service[68191]: ERROR keystone.server.flask.application 
May 06 16:26:32 ubuntu devstack@keystone.service[68191]: [pid: 68191|app: 0|req: 17/32] 10.120.125.137 () {62 vars in 1199 bytes} [Wed May  6 16:26:32 2026] POST /identity/v3/roles => generated 140 bytes in 68 msecs (HTTP/1.1 409) 5 headers in 183 bytes (2 switches on core 0)
May 06 16:26:32 ubuntu devstack@keystone.service[68191]: DEBUG keystone.server.flask.request_processing.middleware.auth_context [None req-844607ec-4615-448e-85df-4fdf05fd84b1 None admin] Authenticating user token {{(pid=68191) process_request /opt/stack/data/venv/lib/python3.12/site-packages/keystonemiddleware/auth_token/__init__.py:407}}
May 06 16:26:32 ubuntu devstack@keystone.service[68192]: DEBUG keystone.server.flask.request_processing.middleware.auth_context [None req-c6387334-824f-4c9b-aab0-a02d7ad78d6a None admin] RBAC: auth_context: {'token': <TokenModel (audit_id=PoaLM7RlS6mlp3WEFXa3DQ, audit_chain_id=['PoaLM7RlS6mlp3WEFXa3DQ']) at 0x7460053bd310>, 'domain_id': None, 'trust_id': None, 'trustor_id': None, 'trustee_id': None, 'domain_name': None, 'group_ids': [], 'user_id': 'b62a7db81dcd4112b0efb8d9d0973f4f', 'user_domain_id': 'default', 'system_scope': 'all', 'project_id': None, 'project_domain_id': None, 'roles': ['admin', 'manager', 'member', 'reader'], 'is_admin_project': True, 'service_user_id': None, 'service_user_domain_id': None, 'service_project_id': None, 'service_project_domain_id': None, 'service_roles': []} {{(pid=68192) fill_context /opt/stack/keystone/keystone/server/flask/request_processing/middleware/auth_context.py:509}}
May 06 16:26:32 ubuntu devstack@keystone.service[68192]: DEBUG keystone.server.flask.request_processing.req_logging [None req-c6387334-824f-4c9b-aab0-a02d7ad78d6a None admin] REQUEST_METHOD: `GET` {{(pid=68192) log_request_info /opt/stack/keystone/keystone/server/flask/request_processing/req_logging.py:26}}
May 06 16:26:32 ubuntu devstack@keystone.service[68192]: DEBUG keystone.server.flask.request_processing.req_logging [None req-c6387334-824f-4c9b-aab0-a02d7ad78d6a None admin] SCRIPT_NAME: `/identity` {{(pid=68192) log_request_info /opt/stack/keystone/keystone/server/flask/request_processing/req_logging.py:27}}
May 06 16:26:32 ubuntu devstack@keystone.service[68192]: DEBUG keystone.server.flask.request_processing.req_logging [None req-c6387334-824f-4c9b-aab0-a02d7ad78d6a None admin] PATH_INFO: `/v3/domains/Default` {{(pid=68192) log_request_info /opt/stack/keystone/keystone/server/flask/request_processing/req_logging.py:28}}
May 06 16:26:32 ubuntu devstack@keystone.service[68192]: DEBUG keystone.common.rbac_enforcer.enforcer [None req-c6387334-824f-4c9b-aab0-a02d7ad78d6a None admin] RBAC: Authorizing `identity:get_domain(domain_id=Default)` {{(pid=68192) enforce_call /opt/stack/keystone/keystone/common/rbac_enforcer/enforcer.py:494}}
May 06 16:26:32 ubuntu devstack@keystone.service[68192]: DEBUG keystone.common.rbac_enforcer.enforcer [None req-c6387334-824f-4c9b-aab0-a02d7ad78d6a None admin] RBAC: Authorization granted {{(pid=68192) enforce_call /opt/stack/keystone/keystone/common/rbac_enforcer/enforcer.py:505}}
May 06 16:26:32 ubuntu devstack@keystone.service[68192]: DEBUG keystone.server.flask.application [None req-c6387334-824f-4c9b-aab0-a02d7ad78d6a None admin] Could not find domain: Default. {{(pid=68192) _handle_keystone_exception /opt/stack/keystone/keystone/server/flask/application.py:146}}
May 06 16:26:32 ubuntu devstack@keystone.service[68192]: [pid: 68192|app: 0|req: 16/33] 10.120.125.137 () {58 vars in 1176 bytes} [Wed May  6 16:26:32 2026] GET /identity/v3/domains/Default => generated 87 bytes in 93 msecs (HTTP/1.1 404) 5 headers in 183 bytes (1 switches on core 0)
May 06 16:26:32 ubuntu devstack@keystone.service[68192]: DEBUG keystone.server.flask.request_processing.req_logging [None req-a0505bea-de38-487e-8536-e616527da7eb None None] REQUEST_METHOD: `GET` {{(pid=68192) log_request_info /opt/stack/keystone/keystone/server/flask/request_processing/req_logging.py:26}}
May 06 16:26:32 ubuntu devstack@keystone.service[68192]: DEBUG keystone.server.flask.request_processing.req_logging [None req-a0505bea-de38-487e-8536-e616527da7eb None None] SCRIPT_NAME: `/identity` {{(pid=68192) log_request_info /opt/stack/keystone/keystone/server/flask/request_processing/req_logging.py:27}}
May 06 16:26:32 ubuntu devstack@keystone.service[68192]: DEBUG keystone.server.flask.request_processing.req_logging [None req-a0505bea-de38-487e-8536-e616527da7eb None None] PATH_INFO: `/` {{(pid=68192) log_request_info /opt/stack/keystone/keystone/server/flask/request_processing/req_logging.py:28}}
May 06 16:26:32 ubuntu devstack@keystone.service[68192]: [pid: 68192|app: 0|req: 17/34] 10.120.125.137 () {56 vars in 951 bytes} [Wed May  6 16:26:32 2026] GET /identity => generated 271 bytes in 2 msecs (HTTP/1.1 300) 6 headers in 235 bytes (1 switches on core 0)
May 06 16:26:32 ubuntu devstack@keystone.service[68191]: DEBUG keystone.server.flask.request_processing.middleware.auth_context [None req-844607ec-4615-448e-85df-4fdf05fd84b1 None admin] Validating token access rules against request {{(pid=68191) validate_allowed_request /opt/stack/data/venv/lib/python3.12/site-packages/keystonemiddleware/auth_token/__init__.py:545}}
May 06 16:26:32 ubuntu devstack@keystone.service[68192]: DEBUG keystone.server.flask.request_processing.middleware.auth_context [None req-a0505bea-de38-487e-8536-e616527da7eb None None] Authenticating user token {{(pid=68192) process_request /opt/stack/data/venv/lib/python3.12/site-packages/keystonemiddleware/auth_token/__init__.py:407}}
May 06 16:26:32 ubuntu devstack@keystone.service[68191]: DEBUG keystone.server.flask.request_processing.middleware.auth_context [None req-45471fe8-0c3b-40f5-845f-d2ac5b57c5f3 None admin] RBAC: auth_context: {'token': <TokenModel (audit_id=JmQPbi-GQxOLDdiHm96dfg, audit_chain_id=['JmQPbi-GQxOLDdiHm96dfg']) at 0x7460054a30e0>, 'domain_id': None, 'trust_id': None, 'trustor_id': None, 'trustee_id': None, 'domain_name': None, 'group_ids': [], 'user_id': 'b62a7db81dcd4112b0efb8d9d0973f4f', 'user_domain_id': 'default', 'system_scope': 'all', 'project_id': None, 'project_domain_id': None, 'roles': ['admin', 'manager', 'member', 'reader'], 'is_admin_project': True, 'service_user_id': None, 'service_user_domain_id': None, 'service_project_id': None, 'service_project_domain_id': None, 'service_roles': []} {{(pid=68191) fill_context /opt/stack/keystone/keystone/server/flask/request_processing/middleware/auth_context.py:509}}
May 06 16:26:32 ubuntu devstack@keystone.service[68191]: DEBUG keystone.server.flask.request_processing.req_logging [None req-45471fe8-0c3b-40f5-845f-d2ac5b57c5f3 None admin] REQUEST_METHOD: `GET` {{(pid=68191) log_request_info /opt/stack/keystone/keystone/server/flask/request_processing/req_logging.py:26}}
May 06 16:26:32 ubuntu devstack@keystone.service[68191]: DEBUG keystone.server.flask.request_processing.req_logging [None req-45471fe8-0c3b-40f5-845f-d2ac5b57c5f3 None admin] SCRIPT_NAME: `/identity` {{(pid=68191) log_request_info /opt/stack/keystone/keystone/server/flask/request_processing/req_logging.py:27}}
May 06 16:26:32 ubuntu devstack@keystone.service[68191]: DEBUG keystone.server.flask.request_processing.req_logging [None req-45471fe8-0c3b-40f5-845f-d2ac5b57c5f3 None admin] PATH_INFO: `/v3/roles` {{(pid=68191) log_request_info /opt/stack/keystone/keystone/server/flask/request_processing/req_logging.py:28}}
May 06 16:26:32 ubuntu devstack@keystone.service[68191]: DEBUG keystone.common.rbac_enforcer.enforcer [None req-45471fe8-0c3b-40f5-845f-d2ac5b57c5f3 None admin] RBAC: Adding query filter params (name=admin) {{(pid=68191) _extract_filter_values /opt/stack/keystone/keystone/common/rbac_enforcer/enforcer.py:176}}
May 06 16:26:32 ubuntu devstack@keystone.service[68191]: DEBUG keystone.common.rbac_enforcer.enforcer [None req-45471fe8-0c3b-40f5-845f-d2ac5b57c5f3 None admin] RBAC: Authorizing `identity:list_roles()` {{(pid=68191) enforce_call /opt/stack/keystone/keystone/common/rbac_enforcer/enforcer.py:494}}
May 06 16:26:32 ubuntu devstack@keystone.service[68191]: DEBUG keystone.common.rbac_enforcer.enforcer [None req-45471fe8-0c3b-40f5-845f-d2ac5b57c5f3 None admin] RBAC: Authorization granted {{(pid=68191) enforce_call /opt/stack/keystone/keystone/common/rbac_enforcer/enforcer.py:505}}
May 06 16:26:32 ubuntu devstack@keystone.service[68191]: [pid: 68191|app: 0|req: 18/35] 10.120.125.137 () {58 vars in 1180 bytes} [Wed May  6 16:26:32 2026] GET /identity/v3/roles?name=admin => generated 341 bytes in 60 msecs (HTTP/1.1 200) 5 headers in 177 bytes (1 switches on core 0)
May 06 16:26:32 ubuntu devstack@keystone.service[68191]: DEBUG keystone.server.flask.request_processing.middleware.auth_context [None req-45471fe8-0c3b-40f5-845f-d2ac5b57c5f3 None admin] Authenticating user token {{(pid=68191) process_request /opt/stack/data/venv/lib/python3.12/site-packages/keystonemiddleware/auth_token/__init__.py:407}}
May 06 16:26:32 ubuntu devstack@keystone.service[68192]: DEBUG keystone.server.flask.request_processing.middleware.auth_context [None req-a0505bea-de38-487e-8536-e616527da7eb None None] Validating token access rules against request {{(pid=68192) validate_allowed_request /opt/stack/data/venv/lib/python3.12/site-packages/keystonemiddleware/auth_token/__init__.py:545}}
May 06 16:26:32 ubuntu devstack@keystone.service[68192]: DEBUG keystone.server.flask.request_processing.middleware.auth_context [None req-e51b0209-e8c3-4caa-80a5-b3f2857e8ccb None admin] RBAC: auth_context: {'token': <TokenModel (audit_id=fHpm7K06QLGdYg46XbdtxQ, audit_chain_id=['fHpm7K06QLGdYg46XbdtxQ']) at 0x74600543d0d0>, 'domain_id': None, 'trust_id': None, 'trustor_id': None, 'trustee_id': None, 'domain_name': None, 'group_ids': [], 'user_id': 'b62a7db81dcd4112b0efb8d9d0973f4f', 'user_domain_id': 'default', 'system_scope': 'all', 'project_id': None, 'project_domain_id': None, 'roles': ['admin', 'manager', 'member', 'reader'], 'is_admin_project': True, 'service_user_id': None, 'service_user_domain_id': None, 'service_project_id': None, 'service_project_domain_id': None, 'service_roles': []} {{(pid=68192) fill_context /opt/stack/keystone/keystone/server/flask/request_processing/middleware/auth_context.py:509}}
May 06 16:26:32 ubuntu devstack@keystone.service[68191]: DEBUG keystone.server.flask.request_processing.middleware.auth_context [None req-45471fe8-0c3b-40f5-845f-d2ac5b57c5f3 None admin] Validating token access rules against request {{(pid=68191) validate_allowed_request /opt/stack/data/venv/lib/python3.12/site-packages/keystonemiddleware/auth_token/__init__.py:545}}
May 06 16:26:32 ubuntu devstack@keystone.service[68192]: DEBUG keystone.server.flask.request_processing.req_logging [None req-e51b0209-e8c3-4caa-80a5-b3f2857e8ccb None admin] REQUEST_METHOD: `GET` {{(pid=68192) log_request_info /opt/stack/keystone/keystone/server/flask/request_processing/req_logging.py:26}}
May 06 16:26:32 ubuntu devstack@keystone.service[68192]: DEBUG keystone.server.flask.request_processing.req_logging [None req-e51b0209-e8c3-4caa-80a5-b3f2857e8ccb None admin] SCRIPT_NAME: `/identity` {{(pid=68192) log_request_info /opt/stack/keystone/keystone/server/flask/request_processing/req_logging.py:27}}
May 06 16:26:32 ubuntu devstack@keystone.service[68192]: DEBUG keystone.server.flask.request_processing.req_logging [None req-e51b0209-e8c3-4caa-80a5-b3f2857e8ccb None admin] PATH_INFO: `/v3/roles/service` {{(pid=68192) log_request_info /opt/stack/keystone/keystone/server/flask/request_processing/req_logging.py:28}}
May 06 16:26:32 ubuntu devstack@keystone.service[68192]: DEBUG keystone.common.rbac_enforcer.enforcer [None req-e51b0209-e8c3-4caa-80a5-b3f2857e8ccb None admin] Extracting inferred target data resulted in "NOT FOUND (404)". {{(pid=68192) enforce_call /opt/stack/keystone/keystone/common/rbac_enforcer/enforcer.py:445}}
May 06 16:26:32 ubuntu devstack@keystone.service[68192]: DEBUG keystone.server.flask.application [None req-e51b0209-e8c3-4caa-80a5-b3f2857e8ccb None admin] Could not find role: service. {{(pid=68192) _handle_keystone_exception /opt/stack/keystone/keystone/server/flask/application.py:146}}
May 06 16:26:32 ubuntu devstack@keystone.service[68192]: [pid: 68192|app: 0|req: 18/36] 10.120.125.137 () {58 vars in 1170 bytes} [Wed May  6 16:26:32 2026] GET /identity/v3/roles/service => generated 85 bytes in 61 msecs (HTTP/1.1 404) 5 headers in 183 bytes (1 switches on core 0)
May 06 16:26:32 ubuntu devstack@keystone.service[68192]: DEBUG keystone.server.flask.request_processing.middleware.auth_context [None req-e51b0209-e8c3-4caa-80a5-b3f2857e8ccb None admin] Authenticating user token {{(pid=68192) process_request /opt/stack/data/venv/lib/python3.12/site-packages/keystonemiddleware/auth_token/__init__.py:407}}
May 06 16:26:32 ubuntu devstack@keystone.service[68191]: DEBUG keystone.server.flask.request_processing.middleware.auth_context [None req-5b04054e-4e22-4505-a2a6-263869121ec9 None admin] RBAC: auth_context: {'token': <TokenModel (audit_id=PoaLM7RlS6mlp3WEFXa3DQ, audit_chain_id=['PoaLM7RlS6mlp3WEFXa3DQ']) at 0x74600535e9f0>, 'domain_id': None, 'trust_id': None, 'trustor_id': None, 'trustee_id': None, 'domain_name': None, 'group_ids': [], 'user_id': 'b62a7db81dcd4112b0efb8d9d0973f4f', 'user_domain_id': 'default', 'system_scope': 'all', 'project_id': None, 'project_domain_id': None, 'roles': ['admin', 'manager', 'member', 'reader'], 'is_admin_project': True, 'service_user_id': None, 'service_user_domain_id': None, 'service_project_id': None, 'service_project_domain_id': None, 'service_roles': []} {{(pid=68191) fill_context /opt/stack/keystone/keystone/server/flask/request_processing/middleware/auth_context.py:509}}
May 06 16:26:32 ubuntu devstack@keystone.service[68191]: DEBUG keystone.server.flask.request_processing.req_logging [None req-5b04054e-4e22-4505-a2a6-263869121ec9 None admin] REQUEST_METHOD: `GET` {{(pid=68191) log_request_info /opt/stack/keystone/keystone/server/flask/request_processing/req_logging.py:26}}
May 06 16:26:32 ubuntu devstack@keystone.service[68191]: DEBUG keystone.server.flask.request_processing.req_logging [None req-5b04054e-4e22-4505-a2a6-263869121ec9 None admin] SCRIPT_NAME: `/identity` {{(pid=68191) log_request_info /opt/stack/keystone/keystone/server/flask/request_processing/req_logging.py:27}}
May 06 16:26:32 ubuntu devstack@keystone.service[68191]: DEBUG keystone.server.flask.request_processing.req_logging [None req-5b04054e-4e22-4505-a2a6-263869121ec9 None admin] PATH_INFO: `/v3/domains` {{(pid=68191) log_request_info /opt/stack/keystone/keystone/server/flask/request_processing/req_logging.py:28}}
May 06 16:26:32 ubuntu devstack@keystone.service[68191]: DEBUG keystone.common.rbac_enforcer.enforcer [None req-5b04054e-4e22-4505-a2a6-263869121ec9 None admin] RBAC: Adding query filter params (name=Default) {{(pid=68191) _extract_filter_values /opt/stack/keystone/keystone/common/rbac_enforcer/enforcer.py:176}}
May 06 16:26:32 ubuntu devstack@keystone.service[68191]: DEBUG keystone.common.rbac_enforcer.enforcer [None req-5b04054e-4e22-4505-a2a6-263869121ec9 None admin] RBAC: Authorizing `identity:list_domains()` {{(pid=68191) enforce_call /opt/stack/keystone/keystone/common/rbac_enforcer/enforcer.py:494}}
May 06 16:26:32 ubuntu devstack@keystone.service[68191]: DEBUG keystone.common.rbac_enforcer.enforcer [None req-5b04054e-4e22-4505-a2a6-263869121ec9 None admin] RBAC: Authorization granted {{(pid=68191) enforce_call /opt/stack/keystone/keystone/common/rbac_enforcer/enforcer.py:505}}
May 06 16:26:32 ubuntu devstack@keystone.service[68191]: [pid: 68191|app: 0|req: 19/37] 10.120.125.137 () {58 vars in 1190 bytes} [Wed May  6 16:26:32 2026] GET /identity/v3/domains?name=Default => generated 310 bytes in 55 msecs (HTTP/1.1 200) 5 headers in 177 bytes (1 switches on core 0)
May 06 16:26:32 ubuntu devstack@keystone.service[68192]: DEBUG keystone.server.flask.request_processing.middleware.auth_context [None req-e51b0209-e8c3-4caa-80a5-b3f2857e8ccb None admin] Validating token access rules against request {{(pid=68192) validate_allowed_request /opt/stack/data/venv/lib/python3.12/site-packages/keystonemiddleware/auth_token/__init__.py:545}}
May 06 16:26:32 ubuntu devstack@keystone.service[68191]: DEBUG keystone.server.flask.request_processing.middleware.auth_context [None req-5b04054e-4e22-4505-a2a6-263869121ec9 None admin] Authenticating user token {{(pid=68191) process_request /opt/stack/data/venv/lib/python3.12/site-packages/keystonemiddleware/auth_token/__init__.py:407}}
May 06 16:26:32 ubuntu devstack@keystone.service[68192]: DEBUG keystone.server.flask.request_processing.middleware.auth_context [None req-0c146b71-ce85-45ca-a570-23a3529c9f6f None admin] RBAC: auth_context: {'token': <TokenModel (audit_id=JmQPbi-GQxOLDdiHm96dfg, audit_chain_id=['JmQPbi-GQxOLDdiHm96dfg']) at 0x74600542acf0>, 'domain_id': None, 'trust_id': None, 'trustor_id': None, 'trustee_id': None, 'domain_name': None, 'group_ids': [], 'user_id': 'b62a7db81dcd4112b0efb8d9d0973f4f', 'user_domain_id': 'default', 'system_scope': 'all', 'project_id': None, 'project_domain_id': None, 'roles': ['admin', 'manager', 'member', 'reader'], 'is_admin_project': True, 'service_user_id': None, 'service_user_domain_id': None, 'service_project_id': None, 'service_project_domain_id': None, 'service_roles': []} {{(pid=68192) fill_context /opt/stack/keystone/keystone/server/flask/request_processing/middleware/auth_context.py:509}}
May 06 16:26:32 ubuntu devstack@keystone.service[68192]: DEBUG keystone.server.flask.request_processing.req_logging [None req-0c146b71-ce85-45ca-a570-23a3529c9f6f None admin] REQUEST_METHOD: `GET` {{(pid=68192) log_request_info /opt/stack/keystone/keystone/server/flask/request_processing/req_logging.py:26}}
May 06 16:26:32 ubuntu devstack@keystone.service[68192]: DEBUG keystone.server.flask.request_processing.req_logging [None req-0c146b71-ce85-45ca-a570-23a3529c9f6f None admin] SCRIPT_NAME: `/identity` {{(pid=68192) log_request_info /opt/stack/keystone/keystone/server/flask/request_processing/req_logging.py:27}}
May 06 16:26:32 ubuntu devstack@keystone.service[68192]: DEBUG keystone.server.flask.request_processing.req_logging [None req-0c146b71-ce85-45ca-a570-23a3529c9f6f None admin] PATH_INFO: `/v3/users/b62a7db81dcd4112b0efb8d9d0973f4f` {{(pid=68192) log_request_info /opt/stack/keystone/keystone/server/flask/request_processing/req_logging.py:28}}
May 06 16:26:32 ubuntu devstack@keystone.service[68192]: DEBUG keystone.common.rbac_enforcer.enforcer [None req-0c146b71-ce85-45ca-a570-23a3529c9f6f None admin] RBAC: Authorizing `identity:get_user(user_id=b62a7db81dcd4112b0efb8d9d0973f4f)` {{(pid=68192) enforce_call /opt/stack/keystone/keystone/common/rbac_enforcer/enforcer.py:494}}
May 06 16:26:32 ubuntu devstack@keystone.service[68192]: DEBUG keystone.common.rbac_enforcer.enforcer [None req-0c146b71-ce85-45ca-a570-23a3529c9f6f None admin] RBAC: Authorization granted {{(pid=68192) enforce_call /opt/stack/keystone/keystone/common/rbac_enforcer/enforcer.py:505}}
May 06 16:26:32 ubuntu devstack@keystone.service[68192]: [pid: 68192|app: 0|req: 19/38] 10.120.125.137 () {58 vars in 1245 bytes} [Wed May  6 16:26:32 2026] GET /identity/v3/users/b62a7db81dcd4112b0efb8d9d0973f4f => generated 248 bytes in 54 msecs (HTTP/1.1 200) 5 headers in 177 bytes (1 switches on core 0)
May 06 16:26:32 ubuntu devstack@keystone.service[68192]: DEBUG keystone.server.flask.request_processing.req_logging [None req-8cd280e4-39ce-4aab-a3f5-833523341f56 None None] REQUEST_METHOD: `POST` {{(pid=68192) log_request_info /opt/stack/keystone/keystone/server/flask/request_processing/req_logging.py:26}}
May 06 16:26:32 ubuntu devstack@keystone.service[68192]: DEBUG keystone.server.flask.request_processing.req_logging [None req-8cd280e4-39ce-4aab-a3f5-833523341f56 None None] SCRIPT_NAME: `/identity` {{(pid=68192) log_request_info /opt/stack/keystone/keystone/server/flask/request_processing/req_logging.py:27}}
May 06 16:26:32 ubuntu devstack@keystone.service[68192]: DEBUG keystone.server.flask.request_processing.req_logging [None req-8cd280e4-39ce-4aab-a3f5-833523341f56 None None] PATH_INFO: `/v3/auth/tokens` {{(pid=68192) log_request_info /opt/stack/keystone/keystone/server/flask/request_processing/req_logging.py:28}}
May 06 16:26:32 ubuntu devstack@keystone.service[68192]: WARNING keystone.common.password_hashing [None req-8cd280e4-39ce-4aab-a3f5-833523341f56 None None] Truncating password to algorithm specific maximum length 72 characters.
May 06 16:26:32 ubuntu devstack@keystone.service[68191]: DEBUG keystone.server.flask.request_processing.middleware.auth_context [None req-5b04054e-4e22-4505-a2a6-263869121ec9 None admin] Validating token access rules against request {{(pid=68191) validate_allowed_request /opt/stack/data/venv/lib/python3.12/site-packages/keystonemiddleware/auth_token/__init__.py:545}}
May 06 16:26:32 ubuntu devstack@keystone.service[68192]: DEBUG keystone.auth.core [None req-8cd280e4-39ce-4aab-a3f5-833523341f56 None None] MFA Rules not processed for user `b62a7db81dcd4112b0efb8d9d0973f4f`. Rule list: `[]` (Enabled: `True`). {{(pid=68192) check_auth_methods_against_rules /opt/stack/keystone/keystone/auth/core.py:476}}
May 06 16:26:32 ubuntu devstack@keystone.service[68192]: DEBUG keystone.common.fernet_utils [None req-8cd280e4-39ce-4aab-a3f5-833523341f56 None None] Loaded 2 Fernet keys from /etc/keystone/fernet-keys/, but `[fernet_tokens] max_active_keys = 3`; perhaps there have not been enough key rotations to reach `max_active_keys` yet? {{(pid=68192) load_keys /opt/stack/keystone/keystone/common/fernet_utils.py:297}}
May 06 16:26:32 ubuntu devstack@keystone.service[68191]: DEBUG keystone.server.flask.request_processing.middleware.auth_context [None req-b198cce5-8989-4ab0-a8a7-95d521374b99 None admin] RBAC: auth_context: {'token': <TokenModel (audit_id=fHpm7K06QLGdYg46XbdtxQ, audit_chain_id=['fHpm7K06QLGdYg46XbdtxQ']) at 0x74600535e510>, 'domain_id': None, 'trust_id': None, 'trustor_id': None, 'trustee_id': None, 'domain_name': None, 'group_ids': [], 'user_id': 'b62a7db81dcd4112b0efb8d9d0973f4f', 'user_domain_id': 'default', 'system_scope': 'all', 'project_id': None, 'project_domain_id': None, 'roles': ['admin', 'manager', 'member', 'reader'], 'is_admin_project': True, 'service_user_id': None, 'service_user_domain_id': None, 'service_project_id': None, 'service_project_domain_id': None, 'service_roles': []} {{(pid=68191) fill_context /opt/stack/keystone/keystone/server/flask/request_processing/middleware/auth_context.py:509}}
May 06 16:26:32 ubuntu devstack@keystone.service[68191]: DEBUG keystone.server.flask.request_processing.req_logging [None req-b198cce5-8989-4ab0-a8a7-95d521374b99 None admin] REQUEST_METHOD: `GET` {{(pid=68191) log_request_info /opt/stack/keystone/keystone/server/flask/request_processing/req_logging.py:26}}
May 06 16:26:32 ubuntu devstack@keystone.service[68191]: DEBUG keystone.server.flask.request_processing.req_logging [None req-b198cce5-8989-4ab0-a8a7-95d521374b99 None admin] SCRIPT_NAME: `/identity` {{(pid=68191) log_request_info /opt/stack/keystone/keystone/server/flask/request_processing/req_logging.py:27}}
May 06 16:26:32 ubuntu devstack@keystone.service[68191]: DEBUG keystone.server.flask.request_processing.req_logging [None req-b198cce5-8989-4ab0-a8a7-95d521374b99 None admin] PATH_INFO: `/v3/roles` {{(pid=68191) log_request_info /opt/stack/keystone/keystone/server/flask/request_processing/req_logging.py:28}}
May 06 16:26:32 ubuntu devstack@keystone.service[68191]: DEBUG keystone.common.rbac_enforcer.enforcer [None req-b198cce5-8989-4ab0-a8a7-95d521374b99 None admin] RBAC: Adding query filter params (name=service) {{(pid=68191) _extract_filter_values /opt/stack/keystone/keystone/common/rbac_enforcer/enforcer.py:176}}
May 06 16:26:32 ubuntu devstack@keystone.service[68191]: DEBUG keystone.common.rbac_enforcer.enforcer [None req-b198cce5-8989-4ab0-a8a7-95d521374b99 None admin] RBAC: Authorizing `identity:list_roles()` {{(pid=68191) enforce_call /opt/stack/keystone/keystone/common/rbac_enforcer/enforcer.py:494}}
May 06 16:26:32 ubuntu devstack@keystone.service[68191]: DEBUG keystone.common.rbac_enforcer.enforcer [None req-b198cce5-8989-4ab0-a8a7-95d521374b99 None admin] RBAC: Authorization granted {{(pid=68191) enforce_call /opt/stack/keystone/keystone/common/rbac_enforcer/enforcer.py:505}}
May 06 16:26:32 ubuntu devstack@keystone.service[68191]: [pid: 68191|app: 0|req: 20/39] 10.120.125.137 () {58 vars in 1184 bytes} [Wed May  6 16:26:32 2026] GET /identity/v3/roles?name=service => generated 345 bytes in 62 msecs (HTTP/1.1 200) 5 headers in 177 bytes (1 switches on core 0)
May 06 16:26:32 ubuntu devstack@keystone.service[68191]: DEBUG keystone.server.flask.request_processing.middleware.auth_context [None req-b198cce5-8989-4ab0-a8a7-95d521374b99 None admin] Authenticating user token {{(pid=68191) process_request /opt/stack/data/venv/lib/python3.12/site-packages/keystonemiddleware/auth_token/__init__.py:407}}
May 06 16:26:32 ubuntu devstack@keystone.service[68192]: [pid: 68192|app: 0|req: 20/40] 10.120.125.137 () {60 vars in 1048 bytes} [Wed May  6 16:26:32 2026] POST /identity/v3/auth/tokens => generated 863 bytes in 58 msecs (HTTP/1.1 201) 6 headers in 363 bytes (1 switches on core 0)
May 06 16:26:32 ubuntu devstack@keystone.service[68192]: DEBUG keystone.server.flask.request_processing.middleware.auth_context [None req-8cd280e4-39ce-4aab-a3f5-833523341f56 None None] Authenticating user token {{(pid=68192) process_request /opt/stack/data/venv/lib/python3.12/site-packages/keystonemiddleware/auth_token/__init__.py:407}}
May 06 16:26:32 ubuntu devstack@keystone.service[68191]: DEBUG keystone.server.flask.request_processing.middleware.auth_context [None req-b198cce5-8989-4ab0-a8a7-95d521374b99 None admin] Validating token access rules against request {{(pid=68191) validate_allowed_request /opt/stack/data/venv/lib/python3.12/site-packages/keystonemiddleware/auth_token/__init__.py:545}}
May 06 16:26:32 ubuntu devstack@keystone.service[68191]: DEBUG keystone.server.flask.request_processing.middleware.auth_context [None req-e164e6f6-f416-4e9c-8229-ab6c9a33b969 None admin] RBAC: auth_context: {'token': <TokenModel (audit_id=JmQPbi-GQxOLDdiHm96dfg, audit_chain_id=['JmQPbi-GQxOLDdiHm96dfg']) at 0x74600535c320>, 'domain_id': None, 'trust_id': None, 'trustor_id': None, 'trustee_id': None, 'domain_name': None, 'group_ids': [], 'user_id': 'b62a7db81dcd4112b0efb8d9d0973f4f', 'user_domain_id': 'default', 'system_scope': 'all', 'project_id': None, 'project_domain_id': None, 'roles': ['admin', 'manager', 'member', 'reader'], 'is_admin_project': True, 'service_user_id': None, 'service_user_domain_id': None, 'service_project_id': None, 'service_project_domain_id': None, 'service_roles': []} {{(pid=68191) fill_context /opt/stack/keystone/keystone/server/flask/request_processing/middleware/auth_context.py:509}}
May 06 16:26:32 ubuntu devstack@keystone.service[68191]: DEBUG keystone.server.flask.request_processing.req_logging [None req-e164e6f6-f416-4e9c-8229-ab6c9a33b969 None admin] REQUEST_METHOD: `GET` {{(pid=68191) log_request_info /opt/stack/keystone/keystone/server/flask/request_processing/req_logging.py:26}}
May 06 16:26:32 ubuntu devstack@keystone.service[68191]: DEBUG keystone.server.flask.request_processing.req_logging [None req-e164e6f6-f416-4e9c-8229-ab6c9a33b969 None admin] SCRIPT_NAME: `/identity` {{(pid=68191) log_request_info /opt/stack/keystone/keystone/server/flask/request_processing/req_logging.py:27}}
May 06 16:26:32 ubuntu devstack@keystone.service[68191]: DEBUG keystone.server.flask.request_processing.req_logging [None req-e164e6f6-f416-4e9c-8229-ab6c9a33b969 None admin] PATH_INFO: `/v3/domains/default` {{(pid=68191) log_request_info /opt/stack/keystone/keystone/server/flask/request_processing/req_logging.py:28}}
May 06 16:26:32 ubuntu devstack@keystone.service[68191]: DEBUG keystone.common.rbac_enforcer.enforcer [None req-e164e6f6-f416-4e9c-8229-ab6c9a33b969 None admin] RBAC: Authorizing `identity:get_domain(domain_id=default)` {{(pid=68191) enforce_call /opt/stack/keystone/keystone/common/rbac_enforcer/enforcer.py:494}}
May 06 16:26:32 ubuntu devstack@keystone.service[68191]: DEBUG keystone.common.rbac_enforcer.enforcer [None req-e164e6f6-f416-4e9c-8229-ab6c9a33b969 None admin] RBAC: Authorization granted {{(pid=68191) enforce_call /opt/stack/keystone/keystone/common/rbac_enforcer/enforcer.py:505}}
May 06 16:26:32 ubuntu devstack@keystone.service[68191]: [pid: 68191|app: 0|req: 21/41] 10.120.125.137 () {58 vars in 1176 bytes} [Wed May  6 16:26:32 2026] GET /identity/v3/domains/default => generated 200 bytes in 58 msecs (HTTP/1.1 200) 5 headers in 177 bytes (1 switches on core 0)
May 06 16:26:32 ubuntu devstack@keystone.service[68191]: DEBUG keystone.server.flask.request_processing.req_logging [None req-a3822f23-7cb9-4991-a193-686c3a1e3899 None None] REQUEST_METHOD: `GET` {{(pid=68191) log_request_info /opt/stack/keystone/keystone/server/flask/request_processing/req_logging.py:26}}
May 06 16:26:32 ubuntu devstack@keystone.service[68191]: DEBUG keystone.server.flask.request_processing.req_logging [None req-a3822f23-7cb9-4991-a193-686c3a1e3899 None None] SCRIPT_NAME: `/identity` {{(pid=68191) log_request_info /opt/stack/keystone/keystone/server/flask/request_processing/req_logging.py:27}}
May 06 16:26:32 ubuntu devstack@keystone.service[68191]: DEBUG keystone.server.flask.request_processing.req_logging [None req-a3822f23-7cb9-4991-a193-686c3a1e3899 None None] PATH_INFO: `/` {{(pid=68191) log_request_info /opt/stack/keystone/keystone/server/flask/request_processing/req_logging.py:28}}
May 06 16:26:32 ubuntu devstack@keystone.service[68191]: [pid: 68191|app: 0|req: 22/42] 10.120.125.137 () {56 vars in 951 bytes} [Wed May  6 16:26:32 2026] GET /identity => generated 271 bytes in 1 msecs (HTTP/1.1 300) 6 headers in 235 bytes (1 switches on core 0)
May 06 16:26:32 ubuntu devstack@keystone.service[68191]: DEBUG keystone.server.flask.request_processing.middleware.auth_context [None req-a3822f23-7cb9-4991-a193-686c3a1e3899 None None] Authenticating user token {{(pid=68191) process_request /opt/stack/data/venv/lib/python3.12/site-packages/keystonemiddleware/auth_token/__init__.py:407}}
May 06 16:26:32 ubuntu devstack@keystone.service[68192]: DEBUG keystone.server.flask.request_processing.middleware.auth_context [None req-8cd280e4-39ce-4aab-a3f5-833523341f56 None None] Validating token access rules against request {{(pid=68192) validate_allowed_request /opt/stack/data/venv/lib/python3.12/site-packages/keystonemiddleware/auth_token/__init__.py:545}}
May 06 16:26:32 ubuntu devstack@keystone.service[68191]: DEBUG keystone.server.flask.request_processing.middleware.auth_context [None req-a3822f23-7cb9-4991-a193-686c3a1e3899 None None] Validating token access rules against request {{(pid=68191) validate_allowed_request /opt/stack/data/venv/lib/python3.12/site-packages/keystonemiddleware/auth_token/__init__.py:545}}
May 06 16:26:32 ubuntu devstack@keystone.service[68192]: DEBUG keystone.server.flask.request_processing.middleware.auth_context [None req-1d62f0b8-9762-40a2-9104-866d20fe5bad None admin] RBAC: auth_context: {'token': <TokenModel (audit_id=YaBUH-dHQDSfJxm7cGaacA, audit_chain_id=['YaBUH-dHQDSfJxm7cGaacA']) at 0x7460054578c0>, 'domain_id': None, 'trust_id': None, 'trustor_id': None, 'trustee_id': None, 'domain_name': None, 'group_ids': [], 'user_id': 'b62a7db81dcd4112b0efb8d9d0973f4f', 'user_domain_id': 'default', 'system_scope': 'all', 'project_id': None, 'project_domain_id': None, 'roles': ['admin', 'manager', 'member', 'reader'], 'is_admin_project': True, 'service_user_id': None, 'service_user_domain_id': None, 'service_project_id': None, 'service_project_domain_id': None, 'service_roles': []} {{(pid=68192) fill_context /opt/stack/keystone/keystone/server/flask/request_processing/middleware/auth_context.py:509}}
May 06 16:26:32 ubuntu devstack@keystone.service[68192]: DEBUG keystone.server.flask.request_processing.req_logging [None req-1d62f0b8-9762-40a2-9104-866d20fe5bad None admin] REQUEST_METHOD: `POST` {{(pid=68192) log_request_info /opt/stack/keystone/keystone/server/flask/request_processing/req_logging.py:26}}
May 06 16:26:32 ubuntu devstack@keystone.service[68192]: DEBUG keystone.server.flask.request_processing.req_logging [None req-1d62f0b8-9762-40a2-9104-866d20fe5bad None admin] SCRIPT_NAME: `/identity` {{(pid=68192) log_request_info /opt/stack/keystone/keystone/server/flask/request_processing/req_logging.py:27}}
May 06 16:26:32 ubuntu devstack@keystone.service[68192]: DEBUG keystone.server.flask.request_processing.req_logging [None req-1d62f0b8-9762-40a2-9104-866d20fe5bad None admin] PATH_INFO: `/v3/roles` {{(pid=68192) log_request_info /opt/stack/keystone/keystone/server/flask/request_processing/req_logging.py:28}}
May 06 16:26:32 ubuntu devstack@keystone.service[68192]: DEBUG keystone.common.rbac_enforcer.enforcer [None req-1d62f0b8-9762-40a2-9104-866d20fe5bad None admin] RBAC: Authorizing `identity:create_role()` {{(pid=68192) enforce_call /opt/stack/keystone/keystone/common/rbac_enforcer/enforcer.py:494}}
May 06 16:26:32 ubuntu devstack@keystone.service[68192]: DEBUG keystone.common.rbac_enforcer.enforcer [None req-1d62f0b8-9762-40a2-9104-866d20fe5bad None admin] RBAC: Authorization granted {{(pid=68192) enforce_call /opt/stack/keystone/keystone/common/rbac_enforcer/enforcer.py:505}}
May 06 16:26:32 ubuntu devstack@keystone.service[68191]: DEBUG keystone.server.flask.request_processing.middleware.auth_context [None req-551bfd19-f131-43d3-b607-726ae40722db None admin] RBAC: auth_context: {'token': <TokenModel (audit_id=PoaLM7RlS6mlp3WEFXa3DQ, audit_chain_id=['PoaLM7RlS6mlp3WEFXa3DQ']) at 0x746005378140>, 'domain_id': None, 'trust_id': None, 'trustor_id': None, 'trustee_id': None, 'domain_name': None, 'group_ids': [], 'user_id': 'b62a7db81dcd4112b0efb8d9d0973f4f', 'user_domain_id': 'default', 'system_scope': 'all', 'project_id': None, 'project_domain_id': None, 'roles': ['admin', 'manager', 'member', 'reader'], 'is_admin_project': True, 'service_user_id': None, 'service_user_domain_id': None, 'service_project_id': None, 'service_project_domain_id': None, 'service_roles': []} {{(pid=68191) fill_context /opt/stack/keystone/keystone/server/flask/request_processing/middleware/auth_context.py:509}}
May 06 16:26:32 ubuntu devstack@keystone.service[68191]: DEBUG keystone.server.flask.request_processing.req_logging [None req-551bfd19-f131-43d3-b607-726ae40722db None admin] REQUEST_METHOD: `POST` {{(pid=68191) log_request_info /opt/stack/keystone/keystone/server/flask/request_processing/req_logging.py:26}}
May 06 16:26:32 ubuntu devstack@keystone.service[68191]: DEBUG keystone.server.flask.request_processing.req_logging [None req-551bfd19-f131-43d3-b607-726ae40722db None admin] SCRIPT_NAME: `/identity` {{(pid=68191) log_request_info /opt/stack/keystone/keystone/server/flask/request_processing/req_logging.py:27}}
May 06 16:26:32 ubuntu devstack@keystone.service[68191]: DEBUG keystone.server.flask.request_processing.req_logging [None req-551bfd19-f131-43d3-b607-726ae40722db None admin] PATH_INFO: `/v3/projects` {{(pid=68191) log_request_info /opt/stack/keystone/keystone/server/flask/request_processing/req_logging.py:28}}
May 06 16:26:32 ubuntu devstack@keystone.service[68191]: DEBUG keystone.common.rbac_enforcer.enforcer [None req-551bfd19-f131-43d3-b607-726ae40722db None admin] RBAC: Authorizing `identity:create_project()` {{(pid=68191) enforce_call /opt/stack/keystone/keystone/common/rbac_enforcer/enforcer.py:494}}
May 06 16:26:32 ubuntu devstack@keystone.service[68191]: DEBUG keystone.common.rbac_enforcer.enforcer [None req-551bfd19-f131-43d3-b607-726ae40722db None admin] RBAC: Authorization granted {{(pid=68191) enforce_call /opt/stack/keystone/keystone/common/rbac_enforcer/enforcer.py:505}}
May 06 16:26:32 ubuntu devstack@keystone.service[68192]: [pid: 68192|app: 0|req: 21/43] 10.120.125.137 () {62 vars in 1199 bytes} [Wed May  6 16:26:32 2026] POST /identity/v3/roles => generated 226 bytes in 107 msecs (HTTP/1.1 201) 5 headers in 182 bytes (1 switches on core 0)
May 06 16:26:32 ubuntu devstack@keystone.service[68192]: DEBUG keystone.server.flask.request_processing.middleware.auth_context [None req-1d62f0b8-9762-40a2-9104-866d20fe5bad None admin] Authenticating user token {{(pid=68192) process_request /opt/stack/data/venv/lib/python3.12/site-packages/keystonemiddleware/auth_token/__init__.py:407}}
May 06 16:26:32 ubuntu devstack@keystone.service[68192]: DEBUG keystone.server.flask.request_processing.middleware.auth_context [None req-1d62f0b8-9762-40a2-9104-866d20fe5bad None admin] Validating token access rules against request {{(pid=68192) validate_allowed_request /opt/stack/data/venv/lib/python3.12/site-packages/keystonemiddleware/auth_token/__init__.py:545}}
May 06 16:26:32 ubuntu devstack@keystone.service[68192]: DEBUG keystone.server.flask.request_processing.middleware.auth_context [None req-d3aaa2e1-ceef-49fd-b4d5-0a11584368a7 None admin] RBAC: auth_context: {'token': <TokenModel (audit_id=JmQPbi-GQxOLDdiHm96dfg, audit_chain_id=['JmQPbi-GQxOLDdiHm96dfg']) at 0x74600542bf50>, 'domain_id': None, 'trust_id': None, 'trustor_id': None, 'trustee_id': None, 'domain_name': None, 'group_ids': [], 'user_id': 'b62a7db81dcd4112b0efb8d9d0973f4f', 'user_domain_id': 'default', 'system_scope': 'all', 'project_id': None, 'project_domain_id': None, 'roles': ['admin', 'manager', 'member', 'reader'], 'is_admin_project': True, 'service_user_id': None, 'service_user_domain_id': None, 'service_project_id': None, 'service_project_domain_id': None, 'service_roles': []} {{(pid=68192) fill_context /opt/stack/keystone/keystone/server/flask/request_processing/middleware/auth_context.py:509}}
May 06 16:26:32 ubuntu devstack@keystone.service[68192]: DEBUG keystone.server.flask.request_processing.req_logging [None req-d3aaa2e1-ceef-49fd-b4d5-0a11584368a7 None admin] REQUEST_METHOD: `GET` {{(pid=68192) log_request_info /opt/stack/keystone/keystone/server/flask/request_processing/req_logging.py:26}}
May 06 16:26:32 ubuntu devstack@keystone.service[68192]: DEBUG keystone.server.flask.request_processing.req_logging [None req-d3aaa2e1-ceef-49fd-b4d5-0a11584368a7 None admin] SCRIPT_NAME: `/identity` {{(pid=68192) log_request_info /opt/stack/keystone/keystone/server/flask/request_processing/req_logging.py:27}}
May 06 16:26:32 ubuntu devstack@keystone.service[68192]: DEBUG keystone.server.flask.request_processing.req_logging [None req-d3aaa2e1-ceef-49fd-b4d5-0a11584368a7 None admin] PATH_INFO: `/v3/role_assignments` {{(pid=68192) log_request_info /opt/stack/keystone/keystone/server/flask/request_processing/req_logging.py:28}}
May 06 16:26:32 ubuntu devstack@keystone.service[68192]: DEBUG keystone.common.rbac_enforcer.enforcer [None req-d3aaa2e1-ceef-49fd-b4d5-0a11584368a7 None admin] RBAC: Adding query filter params (role.id=d4c17cd1de544fd58e7d4b473ebf787e, scope.domain.id=default, user.id=b62a7db81dcd4112b0efb8d9d0973f4f) {{(pid=68192) _extract_filter_values /opt/stack/keystone/keystone/common/rbac_enforcer/enforcer.py:176}}
May 06 16:26:32 ubuntu devstack@keystone.service[68192]: DEBUG keystone.common.rbac_enforcer.enforcer [None req-d3aaa2e1-ceef-49fd-b4d5-0a11584368a7 None admin] RBAC: Authorizing `identity:list_role_assignments()` {{(pid=68192) enforce_call /opt/stack/keystone/keystone/common/rbac_enforcer/enforcer.py:494}}
May 06 16:26:32 ubuntu devstack@keystone.service[68192]: DEBUG keystone.common.rbac_enforcer.enforcer [None req-d3aaa2e1-ceef-49fd-b4d5-0a11584368a7 None admin] RBAC: Authorization granted {{(pid=68192) enforce_call /opt/stack/keystone/keystone/common/rbac_enforcer/enforcer.py:505}}
May 06 16:26:32 ubuntu devstack@keystone.service[68192]: [pid: 68192|app: 0|req: 22/44] 10.120.125.137 () {58 vars in 1403 bytes} [Wed May  6 16:26:32 2026] GET /identity/v3/role_assignments?role.id=d4c17cd1de544fd58e7d4b473ebf787e&scope.domain.id=default&user.id=b62a7db81dcd4112b0efb8d9d0973f4f => generated 532 bytes in 103 msecs (HTTP/1.1 200) 5 headers in 177 bytes (1 switches on core 0)
May 06 16:26:32 ubuntu devstack@keystone.service[68192]: DEBUG keystone.server.flask.request_processing.req_logging [None req-b952a253-2758-4fbf-ac9b-53f7fe7166b3 None None] REQUEST_METHOD: `POST` {{(pid=68192) log_request_info /opt/stack/keystone/keystone/server/flask/request_processing/req_logging.py:26}}
May 06 16:26:32 ubuntu devstack@keystone.service[68192]: DEBUG keystone.server.flask.request_processing.req_logging [None req-b952a253-2758-4fbf-ac9b-53f7fe7166b3 None None] SCRIPT_NAME: `/identity` {{(pid=68192) log_request_info /opt/stack/keystone/keystone/server/flask/request_processing/req_logging.py:27}}
May 06 16:26:32 ubuntu devstack@keystone.service[68192]: DEBUG keystone.server.flask.request_processing.req_logging [None req-b952a253-2758-4fbf-ac9b-53f7fe7166b3 None None] PATH_INFO: `/v3/auth/tokens` {{(pid=68192) log_request_info /opt/stack/keystone/keystone/server/flask/request_processing/req_logging.py:28}}
May 06 16:26:32 ubuntu devstack@keystone.service[68191]: [pid: 68191|app: 0|req: 23/45] 10.120.125.137 () {62 vars in 1208 bytes} [Wed May  6 16:26:32 2026] POST /identity/v3/projects => generated 302 bytes in 175 msecs (HTTP/1.1 201) 5 headers in 182 bytes (1 switches on core 0)
May 06 16:26:32 ubuntu devstack@keystone.service[68192]: WARNING keystone.common.password_hashing [None req-b952a253-2758-4fbf-ac9b-53f7fe7166b3 None None] Truncating password to algorithm specific maximum length 72 characters.
May 06 16:26:32 ubuntu devstack@keystone.service[68192]: DEBUG keystone.auth.core [None req-b952a253-2758-4fbf-ac9b-53f7fe7166b3 None None] MFA Rules not processed for user `b62a7db81dcd4112b0efb8d9d0973f4f`. Rule list: `[]` (Enabled: `True`). {{(pid=68192) check_auth_methods_against_rules /opt/stack/keystone/keystone/auth/core.py:476}}
May 06 16:26:32 ubuntu devstack@keystone.service[68192]: DEBUG keystone.common.fernet_utils [None req-b952a253-2758-4fbf-ac9b-53f7fe7166b3 None None] Loaded 2 Fernet keys from /etc/keystone/fernet-keys/, but `[fernet_tokens] max_active_keys = 3`; perhaps there have not been enough key rotations to reach `max_active_keys` yet? {{(pid=68192) load_keys /opt/stack/keystone/keystone/common/fernet_utils.py:297}}
May 06 16:26:32 ubuntu devstack@keystone.service[68192]: [pid: 68192|app: 0|req: 23/46] 10.120.125.137 () {60 vars in 1048 bytes} [Wed May  6 16:26:32 2026] POST /identity/v3/auth/tokens => generated 863 bytes in 57 msecs (HTTP/1.1 201) 6 headers in 363 bytes (1 switches on core 0)
May 06 16:26:33 ubuntu devstack@keystone.service[68191]: DEBUG keystone.server.flask.request_processing.middleware.auth_context [None req-551bfd19-f131-43d3-b607-726ae40722db None admin] Authenticating user token {{(pid=68191) process_request /opt/stack/data/venv/lib/python3.12/site-packages/keystonemiddleware/auth_token/__init__.py:407}}
May 06 16:26:33 ubuntu devstack@keystone.service[68191]: DEBUG keystone.server.flask.request_processing.middleware.auth_context [None req-551bfd19-f131-43d3-b607-726ae40722db None admin] Validating token access rules against request {{(pid=68191) validate_allowed_request /opt/stack/data/venv/lib/python3.12/site-packages/keystonemiddleware/auth_token/__init__.py:545}}
May 06 16:26:33 ubuntu devstack@keystone.service[68191]: DEBUG keystone.server.flask.request_processing.middleware.auth_context [None req-a0559fa4-99cf-4f48-925d-bbaa106f5793 None admin] RBAC: auth_context: {'token': <TokenModel (audit_id=DxpyIkldQZC1dkk72Fd24g, audit_chain_id=['DxpyIkldQZC1dkk72Fd24g']) at 0x74600535f6e0>, 'domain_id': None, 'trust_id': None, 'trustor_id': None, 'trustee_id': None, 'domain_name': None, 'group_ids': [], 'user_id': 'b62a7db81dcd4112b0efb8d9d0973f4f', 'user_domain_id': 'default', 'system_scope': 'all', 'project_id': None, 'project_domain_id': None, 'roles': ['admin', 'manager', 'member', 'reader'], 'is_admin_project': True, 'service_user_id': None, 'service_user_domain_id': None, 'service_project_id': None, 'service_project_domain_id': None, 'service_roles': []} {{(pid=68191) fill_context /opt/stack/keystone/keystone/server/flask/request_processing/middleware/auth_context.py:509}}
May 06 16:26:33 ubuntu devstack@keystone.service[68191]: DEBUG keystone.server.flask.request_processing.req_logging [None req-a0559fa4-99cf-4f48-925d-bbaa106f5793 None admin] REQUEST_METHOD: `POST` {{(pid=68191) log_request_info /opt/stack/keystone/keystone/server/flask/request_processing/req_logging.py:26}}
