Jun 14 16:41:52 jammy-provider-cloud-0000007225 systemd[1]: Starting Devstack devstack@g-api.service...
Jun 14 16:41:52 jammy-provider-cloud-0000007225 devstack@g-api.service[102954]: [uWSGI] getting INI configuration from /etc/glance/glance-uwsgi.ini
Jun 14 16:41:52 jammy-provider-cloud-0000007225 devstack@g-api.service[102954]: *** Starting uWSGI 2.0.20-debian (64bit) on [Fri Jun 14 16:41:52 2024] ***
Jun 14 16:41:52 jammy-provider-cloud-0000007225 devstack@g-api.service[102954]: compiled with version: 11.2.0 on 21 March 2022 11:00:44
Jun 14 16:41:52 jammy-provider-cloud-0000007225 devstack@g-api.service[102954]: os: Linux-5.15.0-107-generic #117-Ubuntu SMP Fri Apr 26 12:26:49 UTC 2024
Jun 14 16:41:52 jammy-provider-cloud-0000007225 devstack@g-api.service[102954]: nodename: jammy-provider-cloud-0000007225
Jun 14 16:41:52 jammy-provider-cloud-0000007225 devstack@g-api.service[102954]: machine: x86_64
Jun 14 16:41:52 jammy-provider-cloud-0000007225 devstack@g-api.service[102954]: clock source: unix
Jun 14 16:41:52 jammy-provider-cloud-0000007225 devstack@g-api.service[102954]: pcre jit disabled
Jun 14 16:41:52 jammy-provider-cloud-0000007225 devstack@g-api.service[102954]: detected number of CPU cores: 4
Jun 14 16:41:52 jammy-provider-cloud-0000007225 devstack@g-api.service[102954]: current working directory: /
Jun 14 16:41:52 jammy-provider-cloud-0000007225 devstack@g-api.service[102954]: detected binary path: /usr/bin/uwsgi-core
Jun 14 16:41:52 jammy-provider-cloud-0000007225 devstack@g-api.service[102954]: your processes number limit is 31298
Jun 14 16:41:52 jammy-provider-cloud-0000007225 devstack@g-api.service[102954]: your memory page size is 4096 bytes
Jun 14 16:41:52 jammy-provider-cloud-0000007225 devstack@g-api.service[102954]: detected max file descriptor number: 2048
Jun 14 16:41:52 jammy-provider-cloud-0000007225 devstack@g-api.service[102954]: lock engine: pthread robust mutexes
Jun 14 16:41:52 jammy-provider-cloud-0000007225 devstack@g-api.service[102954]: thunder lock: enabled
Jun 14 16:41:52 jammy-provider-cloud-0000007225 devstack@g-api.service[102954]: uwsgi socket 0 bound to TCP address 127.0.0.1:60999 fd 4
Jun 14 16:41:52 jammy-provider-cloud-0000007225 devstack@g-api.service[102954]: Python version: 3.10.12 (main, Nov 20 2023, 15:14:05) [GCC 11.4.0]
Jun 14 16:41:52 jammy-provider-cloud-0000007225 devstack@g-api.service[102954]: PEP 405 virtualenv detected: /opt/stack/data/venv
Jun 14 16:41:52 jammy-provider-cloud-0000007225 devstack@g-api.service[102954]: Set PythonHome to /opt/stack/data/venv
Jun 14 16:41:52 jammy-provider-cloud-0000007225 devstack@g-api.service[102954]: Python main interpreter initialized at 0x560514a75e00
Jun 14 16:41:52 jammy-provider-cloud-0000007225 devstack@g-api.service[102954]: python threads support enabled
Jun 14 16:41:52 jammy-provider-cloud-0000007225 devstack@g-api.service[102954]: your server socket listen backlog is limited to 100 connections
Jun 14 16:41:52 jammy-provider-cloud-0000007225 devstack@g-api.service[102954]: your mercy for graceful operations on workers is 80 seconds
Jun 14 16:41:52 jammy-provider-cloud-0000007225 devstack@g-api.service[102954]: mapped 403077 bytes (393 KB) for 2 cores
Jun 14 16:41:52 jammy-provider-cloud-0000007225 devstack@g-api.service[102954]: *** Operational MODE: preforking ***
Jun 14 16:41:52 jammy-provider-cloud-0000007225 devstack@g-api.service[102954]: *** uWSGI is running in multiple interpreter mode ***
Jun 14 16:41:52 jammy-provider-cloud-0000007225 devstack@g-api.service[102954]: spawned uWSGI master process (pid: 102954)
Jun 14 16:41:52 jammy-provider-cloud-0000007225 systemd[1]: Started Devstack devstack@g-api.service.
Jun 14 16:41:52 jammy-provider-cloud-0000007225 devstack@g-api.service[102954]: spawned uWSGI worker 1 (pid: 102955, cores: 1)
Jun 14 16:41:52 jammy-provider-cloud-0000007225 devstack@g-api.service[102954]: spawned uWSGI worker 2 (pid: 102956, cores: 1)
Jun 14 16:41:52 jammy-provider-cloud-0000007225 devstack@g-api.service[102954]: running "unix_signal:15 gracefully_kill_them_all" (master-start)...
Jun 14 16:41:53 jammy-provider-cloud-0000007225 devstack@g-api.service[102955]: INFO glance.async_ [-] Threadpool model set to 'NativeThreadPoolModel'
Jun 14 16:41:53 jammy-provider-cloud-0000007225 devstack@g-api.service[102956]: INFO glance.async_ [-] Threadpool model set to 'NativeThreadPoolModel'
Jun 14 16:41:53 jammy-provider-cloud-0000007225 devstack@g-api.service[102955]: DEBUG oslo_concurrency.processutils [-] Running cmd (subprocess): grep -F node.session.scan /sbin/iscsiadm {{(pid=102955) execute /opt/stack/data/venv/lib/python3.10/site-packages/oslo_concurrency/processutils.py:390}}
Jun 14 16:41:53 jammy-provider-cloud-0000007225 devstack@g-api.service[102955]: DEBUG oslo_concurrency.processutils [-] CMD "grep -F node.session.scan /sbin/iscsiadm" returned: 0 in 0.009s {{(pid=102955) execute /opt/stack/data/venv/lib/python3.10/site-packages/oslo_concurrency/processutils.py:428}}
Jun 14 16:41:53 jammy-provider-cloud-0000007225 devstack@g-api.service[102956]: DEBUG oslo_concurrency.processutils [-] Running cmd (subprocess): grep -F node.session.scan /sbin/iscsiadm {{(pid=102956) execute /opt/stack/data/venv/lib/python3.10/site-packages/oslo_concurrency/processutils.py:390}}
Jun 14 16:41:53 jammy-provider-cloud-0000007225 devstack@g-api.service[102956]: DEBUG oslo_concurrency.processutils [-] CMD "grep -F node.session.scan /sbin/iscsiadm" returned: 0 in 0.014s {{(pid=102956) execute /opt/stack/data/venv/lib/python3.10/site-packages/oslo_concurrency/processutils.py:428}}
Jun 14 16:41:53 jammy-provider-cloud-0000007225 devstack@g-api.service[102955]: DEBUG glance_store.common.attachment_state_manager [-] Initialising _AttachmentStateManager {{(pid=102955) __init__ /opt/stack/data/venv/lib/python3.10/site-packages/glance_store/common/attachment_state_manager.py:86}}
Jun 14 16:41:53 jammy-provider-cloud-0000007225 devstack@g-api.service[102956]: DEBUG glance_store.common.attachment_state_manager [-] Initialising _AttachmentStateManager {{(pid=102956) __init__ /opt/stack/data/venv/lib/python3.10/site-packages/glance_store/common/attachment_state_manager.py:86}}
Jun 14 16:41:53 jammy-provider-cloud-0000007225 devstack@g-api.service[102955]: DEBUG glance_store.backend [-] Attempting to import store cinder {{(pid=102955) _load_store /opt/stack/data/venv/lib/python3.10/site-packages/glance_store/backend.py:216}}
Jun 14 16:41:53 jammy-provider-cloud-0000007225 devstack@g-api.service[102955]: DEBUG glance_store.backend [-] Attempting to import store file {{(pid=102955) _load_store /opt/stack/data/venv/lib/python3.10/site-packages/glance_store/backend.py:216}}
Jun 14 16:41:53 jammy-provider-cloud-0000007225 devstack@g-api.service[102955]: DEBUG glance_store.backend [-] Attempting to import store glance.store.cinder.Store {{(pid=102955) _load_store /opt/stack/data/venv/lib/python3.10/site-packages/glance_store/backend.py:216}}
Jun 14 16:41:53 jammy-provider-cloud-0000007225 devstack@g-api.service[102955]: DEBUG glance_store.backend [-] Attempting to import store glance.store.filesystem.Store {{(pid=102955) _load_store /opt/stack/data/venv/lib/python3.10/site-packages/glance_store/backend.py:216}}
Jun 14 16:41:53 jammy-provider-cloud-0000007225 devstack@g-api.service[102955]: DEBUG glance_store.backend [-] Attempting to import store glance.store.http.Store {{(pid=102955) _load_store /opt/stack/data/venv/lib/python3.10/site-packages/glance_store/backend.py:216}}
Jun 14 16:41:53 jammy-provider-cloud-0000007225 devstack@g-api.service[102955]: DEBUG glance_store.backend [-] Attempting to import store glance.store.rbd.Store {{(pid=102955) _load_store /opt/stack/data/venv/lib/python3.10/site-packages/glance_store/backend.py:216}}
Jun 14 16:41:53 jammy-provider-cloud-0000007225 devstack@g-api.service[102955]: DEBUG glance_store.backend [-] Attempting to import store glance.store.s3.Store {{(pid=102955) _load_store /opt/stack/data/venv/lib/python3.10/site-packages/glance_store/backend.py:216}}
Jun 14 16:41:53 jammy-provider-cloud-0000007225 devstack@g-api.service[102955]: DEBUG glance_store.backend [-] Attempting to import store glance.store.swift.Store {{(pid=102955) _load_store /opt/stack/data/venv/lib/python3.10/site-packages/glance_store/backend.py:216}}
Jun 14 16:41:53 jammy-provider-cloud-0000007225 devstack@g-api.service[102955]: DEBUG glance_store.backend [-] Attempting to import store glance.store.vmware_datastore.Store {{(pid=102955) _load_store /opt/stack/data/venv/lib/python3.10/site-packages/glance_store/backend.py:216}}
Jun 14 16:41:53 jammy-provider-cloud-0000007225 devstack@g-api.service[102955]: DEBUG glance_store.backend [-] Attempting to import store http {{(pid=102955) _load_store /opt/stack/data/venv/lib/python3.10/site-packages/glance_store/backend.py:216}}
Jun 14 16:41:53 jammy-provider-cloud-0000007225 devstack@g-api.service[102955]: DEBUG glance_store.backend [-] Attempting to import store no_conf {{(pid=102955) _load_store /opt/stack/data/venv/lib/python3.10/site-packages/glance_store/backend.py:216}}
Jun 14 16:41:53 jammy-provider-cloud-0000007225 devstack@g-api.service[102955]: DEBUG glance_store.backend [-] Attempting to import store rbd {{(pid=102955) _load_store /opt/stack/data/venv/lib/python3.10/site-packages/glance_store/backend.py:216}}
Jun 14 16:41:53 jammy-provider-cloud-0000007225 devstack@g-api.service[102955]: DEBUG glance_store.backend [-] Attempting to import store s3 {{(pid=102955) _load_store /opt/stack/data/venv/lib/python3.10/site-packages/glance_store/backend.py:216}}
Jun 14 16:41:53 jammy-provider-cloud-0000007225 devstack@g-api.service[102955]: DEBUG glance_store.backend [-] Attempting to import store swift {{(pid=102955) _load_store /opt/stack/data/venv/lib/python3.10/site-packages/glance_store/backend.py:216}}
Jun 14 16:41:53 jammy-provider-cloud-0000007225 devstack@g-api.service[102955]: DEBUG glance_store.backend [-] Attempting to import store vmware {{(pid=102955) _load_store /opt/stack/data/venv/lib/python3.10/site-packages/glance_store/backend.py:216}}
Jun 14 16:41:53 jammy-provider-cloud-0000007225 devstack@g-api.service[102955]: DEBUG glance_store.backend [-] Registering options for group glance_store {{(pid=102955) register_opts /opt/stack/data/venv/lib/python3.10/site-packages/glance_store/backend.py:145}}
Jun 14 16:41:53 jammy-provider-cloud-0000007225 devstack@g-api.service[102955]: DEBUG glance_store.backend [-] Registering options for group glance_store {{(pid=102955) register_opts /opt/stack/data/venv/lib/python3.10/site-packages/glance_store/backend.py:145}}
Jun 14 16:41:53 jammy-provider-cloud-0000007225 devstack@g-api.service[102955]: DEBUG glance_store.backend [-] Attempting to import store http {{(pid=102955) _load_store /opt/stack/data/venv/lib/python3.10/site-packages/glance_store/backend.py:216}}
Jun 14 16:41:53 jammy-provider-cloud-0000007225 devstack@g-api.service[102955]: DEBUG glance_store.capabilities [-] Store glance_store._drivers.http.Store doesn't support updating dynamic storage capabilities. Please overwrite 'update_capabilities' method of the store to implement updating logics if needed. {{(pid=102955) update_capabilities /opt/stack/data/venv/lib/python3.10/site-packages/glance_store/capabilities.py:91}}
Jun 14 16:41:53 jammy-provider-cloud-0000007225 devstack@g-api.service[102955]: DEBUG glance_store.backend [-] Registering store http with schemes ('http', 'https') {{(pid=102955) create_stores /opt/stack/data/venv/lib/python3.10/site-packages/glance_store/backend.py:262}}
Jun 14 16:41:53 jammy-provider-cloud-0000007225 devstack@g-api.service[102955]: DEBUG glance_store.driver [-] Late loading location class glance_store._drivers.http.StoreLocation {{(pid=102955) get_store_location_class /opt/stack/data/venv/lib/python3.10/site-packages/glance_store/driver.py:133}}
Jun 14 16:41:53 jammy-provider-cloud-0000007225 devstack@g-api.service[102955]: DEBUG glance_store.location [-] Registering scheme http with {'store': <glance_store._drivers.http.Store object at 0x7fe3f6158f10>, 'location_class': <class 'glance_store._drivers.http.StoreLocation'>, 'store_entry': 'http'} {{(pid=102955) register_scheme_map /opt/stack/data/venv/lib/python3.10/site-packages/glance_store/location.py:146}}
Jun 14 16:41:53 jammy-provider-cloud-0000007225 devstack@g-api.service[102955]: DEBUG glance_store.location [-] Registering scheme https with {'store': <glance_store._drivers.http.Store object at 0x7fe3f6158f10>, 'location_class': <class 'glance_store._drivers.http.StoreLocation'>, 'store_entry': 'http'} {{(pid=102955) register_scheme_map /opt/stack/data/venv/lib/python3.10/site-packages/glance_store/location.py:146}}
Jun 14 16:41:53 jammy-provider-cloud-0000007225 devstack@g-api.service[102955]: DEBUG glance_store.backend [-] Attempting to import store file {{(pid=102955) _load_store /opt/stack/data/venv/lib/python3.10/site-packages/glance_store/backend.py:216}}
Jun 14 16:41:53 jammy-provider-cloud-0000007225 devstack@g-api.service[102955]: DEBUG glance_store.capabilities [-] Store glance_store._drivers.filesystem.Store doesn't support updating dynamic storage capabilities. Please overwrite 'update_capabilities' method of the store to implement updating logics if needed. {{(pid=102955) update_capabilities /opt/stack/data/venv/lib/python3.10/site-packages/glance_store/capabilities.py:91}}
Jun 14 16:41:53 jammy-provider-cloud-0000007225 devstack@g-api.service[102955]: DEBUG glance_store.backend [-] Registering store file with schemes ('file', 'filesystem') {{(pid=102955) create_stores /opt/stack/data/venv/lib/python3.10/site-packages/glance_store/backend.py:262}}
Jun 14 16:41:53 jammy-provider-cloud-0000007225 devstack@g-api.service[102955]: DEBUG glance_store.driver [-] Late loading location class glance_store._drivers.filesystem.StoreLocation {{(pid=102955) get_store_location_class /opt/stack/data/venv/lib/python3.10/site-packages/glance_store/driver.py:133}}
Jun 14 16:41:53 jammy-provider-cloud-0000007225 devstack@g-api.service[102955]: DEBUG glance_store.location [-] Registering scheme file with {'store': <glance_store._drivers.filesystem.Store object at 0x7fe3f6158370>, 'location_class': <class 'glance_store._drivers.filesystem.StoreLocation'>, 'store_entry': 'file'} {{(pid=102955) register_scheme_map /opt/stack/data/venv/lib/python3.10/site-packages/glance_store/location.py:146}}
Jun 14 16:41:53 jammy-provider-cloud-0000007225 devstack@g-api.service[102955]: DEBUG glance_store.location [-] Registering scheme filesystem with {'store': <glance_store._drivers.filesystem.Store object at 0x7fe3f6158370>, 'location_class': <class 'glance_store._drivers.filesystem.StoreLocation'>, 'store_entry': 'file'} {{(pid=102955) register_scheme_map /opt/stack/data/venv/lib/python3.10/site-packages/glance_store/location.py:146}}
Jun 14 16:41:53 jammy-provider-cloud-0000007225 devstack@g-api.service[102955]: DEBUG glance.sqlite_migration [-] SQLite caching database not located, skipping migration {{(pid=102955) get_db_path /opt/stack/glance/glance/sqlite_migration.py:68}}
Jun 14 16:41:53 jammy-provider-cloud-0000007225 devstack@g-api.service[102955]: WARNING glance.common.wsgi_app [-] Import methods are enabled but staging directory /tmp/staging/ does not exist; Imports will fail!
Jun 14 16:41:53 jammy-provider-cloud-0000007225 devstack@g-api.service[102956]: DEBUG glance_store.backend [-] Attempting to import store cinder {{(pid=102956) _load_store /opt/stack/data/venv/lib/python3.10/site-packages/glance_store/backend.py:216}}
Jun 14 16:41:53 jammy-provider-cloud-0000007225 devstack@g-api.service[102956]: DEBUG glance_store.backend [-] Attempting to import store file {{(pid=102956) _load_store /opt/stack/data/venv/lib/python3.10/site-packages/glance_store/backend.py:216}}
Jun 14 16:41:53 jammy-provider-cloud-0000007225 devstack@g-api.service[102956]: DEBUG glance_store.backend [-] Attempting to import store glance.store.cinder.Store {{(pid=102956) _load_store /opt/stack/data/venv/lib/python3.10/site-packages/glance_store/backend.py:216}}
Jun 14 16:41:53 jammy-provider-cloud-0000007225 devstack@g-api.service[102956]: DEBUG glance_store.backend [-] Attempting to import store glance.store.filesystem.Store {{(pid=102956) _load_store /opt/stack/data/venv/lib/python3.10/site-packages/glance_store/backend.py:216}}
Jun 14 16:41:53 jammy-provider-cloud-0000007225 devstack@g-api.service[102956]: DEBUG glance_store.backend [-] Attempting to import store glance.store.http.Store {{(pid=102956) _load_store /opt/stack/data/venv/lib/python3.10/site-packages/glance_store/backend.py:216}}
Jun 14 16:41:53 jammy-provider-cloud-0000007225 devstack@g-api.service[102956]: DEBUG glance_store.backend [-] Attempting to import store glance.store.rbd.Store {{(pid=102956) _load_store /opt/stack/data/venv/lib/python3.10/site-packages/glance_store/backend.py:216}}
Jun 14 16:41:53 jammy-provider-cloud-0000007225 devstack@g-api.service[102956]: DEBUG glance_store.backend [-] Attempting to import store glance.store.s3.Store {{(pid=102956) _load_store /opt/stack/data/venv/lib/python3.10/site-packages/glance_store/backend.py:216}}
Jun 14 16:41:53 jammy-provider-cloud-0000007225 devstack@g-api.service[102956]: DEBUG glance_store.backend [-] Attempting to import store glance.store.swift.Store {{(pid=102956) _load_store /opt/stack/data/venv/lib/python3.10/site-packages/glance_store/backend.py:216}}
Jun 14 16:41:53 jammy-provider-cloud-0000007225 devstack@g-api.service[102956]: DEBUG glance_store.backend [-] Attempting to import store glance.store.vmware_datastore.Store {{(pid=102956) _load_store /opt/stack/data/venv/lib/python3.10/site-packages/glance_store/backend.py:216}}
Jun 14 16:41:53 jammy-provider-cloud-0000007225 devstack@g-api.service[102956]: DEBUG glance_store.backend [-] Attempting to import store http {{(pid=102956) _load_store /opt/stack/data/venv/lib/python3.10/site-packages/glance_store/backend.py:216}}
Jun 14 16:41:53 jammy-provider-cloud-0000007225 devstack@g-api.service[102956]: DEBUG glance_store.backend [-] Attempting to import store no_conf {{(pid=102956) _load_store /opt/stack/data/venv/lib/python3.10/site-packages/glance_store/backend.py:216}}
Jun 14 16:41:53 jammy-provider-cloud-0000007225 devstack@g-api.service[102956]: DEBUG glance_store.backend [-] Attempting to import store rbd {{(pid=102956) _load_store /opt/stack/data/venv/lib/python3.10/site-packages/glance_store/backend.py:216}}
Jun 14 16:41:53 jammy-provider-cloud-0000007225 devstack@g-api.service[102956]: DEBUG glance_store.backend [-] Attempting to import store s3 {{(pid=102956) _load_store /opt/stack/data/venv/lib/python3.10/site-packages/glance_store/backend.py:216}}
Jun 14 16:41:53 jammy-provider-cloud-0000007225 devstack@g-api.service[102956]: DEBUG glance_store.backend [-] Attempting to import store swift {{(pid=102956) _load_store /opt/stack/data/venv/lib/python3.10/site-packages/glance_store/backend.py:216}}
Jun 14 16:41:53 jammy-provider-cloud-0000007225 devstack@g-api.service[102956]: DEBUG glance_store.backend [-] Attempting to import store vmware {{(pid=102956) _load_store /opt/stack/data/venv/lib/python3.10/site-packages/glance_store/backend.py:216}}
Jun 14 16:41:53 jammy-provider-cloud-0000007225 devstack@g-api.service[102956]: DEBUG glance_store.backend [-] Registering options for group glance_store {{(pid=102956) register_opts /opt/stack/data/venv/lib/python3.10/site-packages/glance_store/backend.py:145}}
Jun 14 16:41:53 jammy-provider-cloud-0000007225 devstack@g-api.service[102956]: DEBUG glance_store.backend [-] Registering options for group glance_store {{(pid=102956) register_opts /opt/stack/data/venv/lib/python3.10/site-packages/glance_store/backend.py:145}}
Jun 14 16:41:53 jammy-provider-cloud-0000007225 devstack@g-api.service[102956]: DEBUG glance_store.backend [-] Attempting to import store http {{(pid=102956) _load_store /opt/stack/data/venv/lib/python3.10/site-packages/glance_store/backend.py:216}}
Jun 14 16:41:53 jammy-provider-cloud-0000007225 devstack@g-api.service[102956]: DEBUG glance_store.capabilities [-] Store glance_store._drivers.http.Store doesn't support updating dynamic storage capabilities. Please overwrite 'update_capabilities' method of the store to implement updating logics if needed. {{(pid=102956) update_capabilities /opt/stack/data/venv/lib/python3.10/site-packages/glance_store/capabilities.py:91}}
Jun 14 16:41:53 jammy-provider-cloud-0000007225 devstack@g-api.service[102956]: DEBUG glance_store.backend [-] Registering store http with schemes ('http', 'https') {{(pid=102956) create_stores /opt/stack/data/venv/lib/python3.10/site-packages/glance_store/backend.py:262}}
Jun 14 16:41:53 jammy-provider-cloud-0000007225 devstack@g-api.service[102956]: DEBUG glance_store.driver [-] Late loading location class glance_store._drivers.http.StoreLocation {{(pid=102956) get_store_location_class /opt/stack/data/venv/lib/python3.10/site-packages/glance_store/driver.py:133}}
Jun 14 16:41:53 jammy-provider-cloud-0000007225 devstack@g-api.service[102956]: DEBUG glance_store.location [-] Registering scheme http with {'store': <glance_store._drivers.http.Store object at 0x7fe3f615c5e0>, 'location_class': <class 'glance_store._drivers.http.StoreLocation'>, 'store_entry': 'http'} {{(pid=102956) register_scheme_map /opt/stack/data/venv/lib/python3.10/site-packages/glance_store/location.py:146}}
Jun 14 16:41:53 jammy-provider-cloud-0000007225 devstack@g-api.service[102956]: DEBUG glance_store.location [-] Registering scheme https with {'store': <glance_store._drivers.http.Store object at 0x7fe3f615c5e0>, 'location_class': <class 'glance_store._drivers.http.StoreLocation'>, 'store_entry': 'http'} {{(pid=102956) register_scheme_map /opt/stack/data/venv/lib/python3.10/site-packages/glance_store/location.py:146}}
Jun 14 16:41:53 jammy-provider-cloud-0000007225 devstack@g-api.service[102956]: DEBUG glance_store.backend [-] Attempting to import store file {{(pid=102956) _load_store /opt/stack/data/venv/lib/python3.10/site-packages/glance_store/backend.py:216}}
Jun 14 16:41:53 jammy-provider-cloud-0000007225 devstack@g-api.service[102956]: DEBUG glance_store.capabilities [-] Store glance_store._drivers.filesystem.Store doesn't support updating dynamic storage capabilities. Please overwrite 'update_capabilities' method of the store to implement updating logics if needed. {{(pid=102956) update_capabilities /opt/stack/data/venv/lib/python3.10/site-packages/glance_store/capabilities.py:91}}
Jun 14 16:41:53 jammy-provider-cloud-0000007225 devstack@g-api.service[102956]: DEBUG glance_store.backend [-] Registering store file with schemes ('file', 'filesystem') {{(pid=102956) create_stores /opt/stack/data/venv/lib/python3.10/site-packages/glance_store/backend.py:262}}
Jun 14 16:41:53 jammy-provider-cloud-0000007225 devstack@g-api.service[102956]: DEBUG glance_store.driver [-] Late loading location class glance_store._drivers.filesystem.StoreLocation {{(pid=102956) get_store_location_class /opt/stack/data/venv/lib/python3.10/site-packages/glance_store/driver.py:133}}
Jun 14 16:41:53 jammy-provider-cloud-0000007225 devstack@g-api.service[102956]: DEBUG glance_store.location [-] Registering scheme file with {'store': <glance_store._drivers.filesystem.Store object at 0x7fe3f615f0d0>, 'location_class': <class 'glance_store._drivers.filesystem.StoreLocation'>, 'store_entry': 'file'} {{(pid=102956) register_scheme_map /opt/stack/data/venv/lib/python3.10/site-packages/glance_store/location.py:146}}
Jun 14 16:41:53 jammy-provider-cloud-0000007225 devstack@g-api.service[102956]: DEBUG glance_store.location [-] Registering scheme filesystem with {'store': <glance_store._drivers.filesystem.Store object at 0x7fe3f615f0d0>, 'location_class': <class 'glance_store._drivers.filesystem.StoreLocation'>, 'store_entry': 'file'} {{(pid=102956) register_scheme_map /opt/stack/data/venv/lib/python3.10/site-packages/glance_store/location.py:146}}
Jun 14 16:41:53 jammy-provider-cloud-0000007225 devstack@g-api.service[102956]: DEBUG glance.sqlite_migration [-] SQLite caching database not located, skipping migration {{(pid=102956) get_db_path /opt/stack/glance/glance/sqlite_migration.py:68}}
Jun 14 16:41:53 jammy-provider-cloud-0000007225 devstack@g-api.service[102956]: WARNING glance.common.wsgi_app [-] Import methods are enabled but staging directory /tmp/staging/ does not exist; Imports will fail!
Jun 14 16:41:54 jammy-provider-cloud-0000007225 devstack@g-api.service[102955]: DEBUG glance.common.config [None req-cab37139-80f6-4d58-838b-0654a2cb050f None None] Loading glance-api-keystone+cachemanagement from /etc/glance/glance-api-paste.ini {{(pid=102955) load_paste_app /opt/stack/glance/glance/common/config.py:700}}
Jun 14 16:41:54 jammy-provider-cloud-0000007225 devstack@g-api.service[102956]: DEBUG glance.common.config [None req-67d65953-2e2c-4155-941a-40591d190705 None None] Loading glance-api-keystone+cachemanagement from /etc/glance/glance-api-paste.ini {{(pid=102956) load_paste_app /opt/stack/glance/glance/common/config.py:700}}
Jun 14 16:41:54 jammy-provider-cloud-0000007225 devstack@g-api.service[102955]: INFO glance.image_cache [None req-cab37139-80f6-4d58-838b-0654a2cb050f None None] Image cache loaded driver 'centralized_db'.
Jun 14 16:41:54 jammy-provider-cloud-0000007225 devstack@g-api.service[102956]: INFO glance.image_cache [None req-67d65953-2e2c-4155-941a-40591d190705 None None] Image cache loaded driver 'centralized_db'.
Jun 14 16:41:54 jammy-provider-cloud-0000007225 devstack@g-api.service[102955]: INFO dbcounter [None req-cab37139-80f6-4d58-838b-0654a2cb050f None None] Registered counter for database glance
Jun 14 16:41:54 jammy-provider-cloud-0000007225 devstack@g-api.service[102956]: INFO dbcounter [None req-67d65953-2e2c-4155-941a-40591d190705 None None] Registered counter for database glance
Jun 14 16:41:54 jammy-provider-cloud-0000007225 devstack@g-api.service[102955]: DEBUG oslo_db.sqlalchemy.engines [None req-cab37139-80f6-4d58-838b-0654a2cb050f None None] MySQL server mode set to STRICT_TRANS_TABLES,STRICT_ALL_TABLES,NO_ZERO_IN_DATE,NO_ZERO_DATE,ERROR_FOR_DIVISION_BY_ZERO,TRADITIONAL,NO_ENGINE_SUBSTITUTION {{(pid=102955) _check_effective_sql_mode /opt/stack/data/venv/lib/python3.10/site-packages/oslo_db/sqlalchemy/engines.py:342}}
Jun 14 16:41:54 jammy-provider-cloud-0000007225 devstack@g-api.service[102956]: DEBUG oslo_db.sqlalchemy.engines [None req-67d65953-2e2c-4155-941a-40591d190705 None None] MySQL server mode set to STRICT_TRANS_TABLES,STRICT_ALL_TABLES,NO_ZERO_IN_DATE,NO_ZERO_DATE,ERROR_FOR_DIVISION_BY_ZERO,TRADITIONAL,NO_ENGINE_SUBSTITUTION {{(pid=102956) _check_effective_sql_mode /opt/stack/data/venv/lib/python3.10/site-packages/oslo_db/sqlalchemy/engines.py:342}}
Jun 14 16:41:54 jammy-provider-cloud-0000007225 devstack@g-api.service[102955]: DEBUG dbcounter [-] [102955] Writer thread running {{(pid=102955) stat_writer /opt/stack/data/venv/lib/python3.10/site-packages/dbcounter.py:102}}
Jun 14 16:41:54 jammy-provider-cloud-0000007225 devstack@g-api.service[102956]: DEBUG dbcounter [-] [102956] Writer thread running {{(pid=102956) stat_writer /opt/stack/data/venv/lib/python3.10/site-packages/dbcounter.py:102}}
Jun 14 16:41:54 jammy-provider-cloud-0000007225 devstack@g-api.service[102955]: INFO glance.image_cache [None req-cab37139-80f6-4d58-838b-0654a2cb050f None None] Image cache loaded driver 'centralized_db'.
Jun 14 16:41:54 jammy-provider-cloud-0000007225 devstack@g-api.service[102956]: DEBUG glance.image_cache.drivers.centralized_db [None req-67d65953-2e2c-4155-941a-40591d190705 None None] Node reference is already recorded, ignoring it {{(pid=102956) configure /opt/stack/glance/glance/image_cache/drivers/centralized_db.py:71}}
Jun 14 16:41:54 jammy-provider-cloud-0000007225 devstack@g-api.service[102956]: INFO glance.image_cache [None req-67d65953-2e2c-4155-941a-40591d190705 None None] Image cache loaded driver 'centralized_db'.
Jun 14 16:41:54 jammy-provider-cloud-0000007225 devstack@g-api.service[102955]: DEBUG glance.image_cache.drivers.centralized_db [None req-cab37139-80f6-4d58-838b-0654a2cb050f None None] Node reference is already recorded, ignoring it {{(pid=102955) configure /opt/stack/glance/glance/image_cache/drivers/centralized_db.py:71}}
Jun 14 16:41:54 jammy-provider-cloud-0000007225 devstack@g-api.service[102955]: DEBUG glance.api.v2.cached_images [None req-cab37139-80f6-4d58-838b-0654a2cb050f None None] Started cache worker thread {{(pid=102955) __init__ /opt/stack/glance/glance/api/v2/cached_images.py:69}}
Jun 14 16:41:54 jammy-provider-cloud-0000007225 devstack@g-api.service[102955]: INFO glance.image_cache [None req-cab37139-80f6-4d58-838b-0654a2cb050f None None] Image cache loaded driver 'centralized_db'.
Jun 14 16:41:54 jammy-provider-cloud-0000007225 devstack@g-api.service[102956]: DEBUG glance.image_cache.drivers.centralized_db [None req-67d65953-2e2c-4155-941a-40591d190705 None None] Node reference is already recorded, ignoring it {{(pid=102956) configure /opt/stack/glance/glance/image_cache/drivers/centralized_db.py:71}}
Jun 14 16:41:54 jammy-provider-cloud-0000007225 devstack@g-api.service[102956]: DEBUG glance.api.v2.cached_images [None req-67d65953-2e2c-4155-941a-40591d190705 None None] Started cache worker thread {{(pid=102956) __init__ /opt/stack/glance/glance/api/v2/cached_images.py:69}}
Jun 14 16:41:54 jammy-provider-cloud-0000007225 devstack@g-api.service[102955]: DEBUG glance.image_cache.drivers.centralized_db [None req-cab37139-80f6-4d58-838b-0654a2cb050f None None] Node reference is already recorded, ignoring it {{(pid=102955) configure /opt/stack/glance/glance/image_cache/drivers/centralized_db.py:71}}
Jun 14 16:41:54 jammy-provider-cloud-0000007225 devstack@g-api.service[102956]: INFO glance.image_cache [None req-67d65953-2e2c-4155-941a-40591d190705 None None] Image cache loaded driver 'centralized_db'.
Jun 14 16:41:54 jammy-provider-cloud-0000007225 devstack@g-api.service[102955]: INFO glance.api.middleware.cache_manage [None req-cab37139-80f6-4d58-838b-0654a2cb050f None None] Initialized image cache management middleware
Jun 14 16:41:54 jammy-provider-cloud-0000007225 devstack@g-api.service[102955]: INFO glance.image_cache [None req-cab37139-80f6-4d58-838b-0654a2cb050f None None] Image cache loaded driver 'centralized_db'.
Jun 14 16:41:54 jammy-provider-cloud-0000007225 devstack@g-api.service[102956]: DEBUG glance.image_cache.drivers.centralized_db [None req-67d65953-2e2c-4155-941a-40591d190705 None None] Node reference is already recorded, ignoring it {{(pid=102956) configure /opt/stack/glance/glance/image_cache/drivers/centralized_db.py:71}}
Jun 14 16:41:54 jammy-provider-cloud-0000007225 devstack@g-api.service[102955]: DEBUG glance.image_cache.drivers.centralized_db [None req-cab37139-80f6-4d58-838b-0654a2cb050f None None] Node reference is already recorded, ignoring it {{(pid=102955) configure /opt/stack/glance/glance/image_cache/drivers/centralized_db.py:71}}
Jun 14 16:41:54 jammy-provider-cloud-0000007225 devstack@g-api.service[102956]: INFO glance.api.middleware.cache_manage [None req-67d65953-2e2c-4155-941a-40591d190705 None None] Initialized image cache management middleware
Jun 14 16:41:54 jammy-provider-cloud-0000007225 devstack@g-api.service[102956]: INFO glance.image_cache [None req-67d65953-2e2c-4155-941a-40591d190705 None None] Image cache loaded driver 'centralized_db'.
Jun 14 16:41:54 jammy-provider-cloud-0000007225 devstack@g-api.service[102955]: INFO glance.api.middleware.cache [None req-cab37139-80f6-4d58-838b-0654a2cb050f None None] Initialized image cache middleware
Jun 14 16:41:54 jammy-provider-cloud-0000007225 devstack@g-api.service[102956]: DEBUG glance.image_cache.drivers.centralized_db [None req-67d65953-2e2c-4155-941a-40591d190705 None None] Node reference is already recorded, ignoring it {{(pid=102956) configure /opt/stack/glance/glance/image_cache/drivers/centralized_db.py:71}}
Jun 14 16:41:54 jammy-provider-cloud-0000007225 devstack@g-api.service[102955]: WARNING keystonemiddleware.auth_token [None req-cab37139-80f6-4d58-838b-0654a2cb050f None None] AuthToken middleware is set with keystone_authtoken.service_token_roles_required set to False. This is backwards compatible but deprecated behaviour. Please set this to True.
Jun 14 16:41:54 jammy-provider-cloud-0000007225 devstack@g-api.service[102956]: INFO glance.api.middleware.cache [None req-67d65953-2e2c-4155-941a-40591d190705 None None] Initialized image cache middleware
Jun 14 16:41:54 jammy-provider-cloud-0000007225 devstack@g-api.service[102955]: WARNING keystonemiddleware.auth_token [None req-cab37139-80f6-4d58-838b-0654a2cb050f None None] Configuring www_authenticate_uri to point to the public identity endpoint is required; clients may not be able to authenticate against an admin endpoint
Jun 14 16:41:54 jammy-provider-cloud-0000007225 devstack@g-api.service[102955]: DEBUG glance.common.config [None req-cab37139-80f6-4d58-838b-0654a2cb050f None None] ******************************************************************************** {{(pid=102955) log_opt_values /opt/stack/data/venv/lib/python3.10/site-packages/oslo_config/cfg.py:2600}}
Jun 14 16:41:54 jammy-provider-cloud-0000007225 devstack@g-api.service[102955]: DEBUG glance.common.config [None req-cab37139-80f6-4d58-838b-0654a2cb050f None None] Configuration options gathered from: {{(pid=102955) log_opt_values /opt/stack/data/venv/lib/python3.10/site-packages/oslo_config/cfg.py:2601}}
Jun 14 16:41:54 jammy-provider-cloud-0000007225 devstack@g-api.service[102955]: DEBUG glance.common.config [None req-cab37139-80f6-4d58-838b-0654a2cb050f None None] command line args: [] {{(pid=102955) log_opt_values /opt/stack/data/venv/lib/python3.10/site-packages/oslo_config/cfg.py:2602}}
Jun 14 16:41:54 jammy-provider-cloud-0000007225 devstack@g-api.service[102955]: DEBUG glance.common.config [None req-cab37139-80f6-4d58-838b-0654a2cb050f None None] config files: ['/etc/glance/glance-image-import.conf', '/etc/glance/glance-api.conf'] {{(pid=102955) log_opt_values /opt/stack/data/venv/lib/python3.10/site-packages/oslo_config/cfg.py:2603}}
Jun 14 16:41:54 jammy-provider-cloud-0000007225 devstack@g-api.service[102955]: DEBUG glance.common.config [None req-cab37139-80f6-4d58-838b-0654a2cb050f None None] ================================================================================ {{(pid=102955) log_opt_values /opt/stack/data/venv/lib/python3.10/site-packages/oslo_config/cfg.py:2605}}
Jun 14 16:41:54 jammy-provider-cloud-0000007225 devstack@g-api.service[102955]: DEBUG glance.common.config [None req-cab37139-80f6-4d58-838b-0654a2cb050f None None] allow_anonymous_access         = False {{(pid=102955) log_opt_values /opt/stack/data/venv/lib/python3.10/site-packages/oslo_config/cfg.py:2613}}
Jun 14 16:41:54 jammy-provider-cloud-0000007225 devstack@g-api.service[102955]: DEBUG glance.common.config [None req-cab37139-80f6-4d58-838b-0654a2cb050f None None] api_limit_max                  = 1000 {{(pid=102955) log_opt_values /opt/stack/data/venv/lib/python3.10/site-packages/oslo_config/cfg.py:2613}}
Jun 14 16:41:54 jammy-provider-cloud-0000007225 devstack@g-api.service[102955]: DEBUG glance.common.config [None req-cab37139-80f6-4d58-838b-0654a2cb050f None None] backlog                        = 4096 {{(pid=102955) log_opt_values /opt/stack/data/venv/lib/python3.10/site-packages/oslo_config/cfg.py:2613}}
Jun 14 16:41:54 jammy-provider-cloud-0000007225 devstack@g-api.service[102955]: DEBUG glance.common.config [None req-cab37139-80f6-4d58-838b-0654a2cb050f None None] bind_host                      = 0.0.0.0 {{(pid=102955) log_opt_values /opt/stack/data/venv/lib/python3.10/site-packages/oslo_config/cfg.py:2613}}
Jun 14 16:41:54 jammy-provider-cloud-0000007225 devstack@g-api.service[102955]: DEBUG glance.common.config [None req-cab37139-80f6-4d58-838b-0654a2cb050f None None] bind_port                      = None {{(pid=102955) log_opt_values /opt/stack/data/venv/lib/python3.10/site-packages/oslo_config/cfg.py:2613}}
Jun 14 16:41:54 jammy-provider-cloud-0000007225 devstack@g-api.service[102955]: DEBUG glance.common.config [None req-cab37139-80f6-4d58-838b-0654a2cb050f None None] client_socket_timeout          = 900 {{(pid=102955) log_opt_values /opt/stack/data/venv/lib/python3.10/site-packages/oslo_config/cfg.py:2613}}
Jun 14 16:41:54 jammy-provider-cloud-0000007225 devstack@g-api.service[102956]: WARNING keystonemiddleware.auth_token [None req-67d65953-2e2c-4155-941a-40591d190705 None None] AuthToken middleware is set with keystone_authtoken.service_token_roles_required set to False. This is backwards compatible but deprecated behaviour. Please set this to True.
Jun 14 16:41:54 jammy-provider-cloud-0000007225 devstack@g-api.service[102955]: DEBUG glance.common.config [None req-cab37139-80f6-4d58-838b-0654a2cb050f None None] config_dir                     = [] {{(pid=102955) log_opt_values /opt/stack/data/venv/lib/python3.10/site-packages/oslo_config/cfg.py:2613}}
Jun 14 16:41:54 jammy-provider-cloud-0000007225 devstack@g-api.service[102955]: DEBUG glance.common.config [None req-cab37139-80f6-4d58-838b-0654a2cb050f None None] config_file                    = ['/etc/glance/glance-image-import.conf', '/etc/glance/glance-api.conf'] {{(pid=102955) log_opt_values /opt/stack/data/venv/lib/python3.10/site-packages/oslo_config/cfg.py:2613}}
Jun 14 16:41:54 jammy-provider-cloud-0000007225 devstack@g-api.service[102955]: DEBUG glance.common.config [None req-cab37139-80f6-4d58-838b-0654a2cb050f None None] config_source                  = [] {{(pid=102955) log_opt_values /opt/stack/data/venv/lib/python3.10/site-packages/oslo_config/cfg.py:2613}}
Jun 14 16:41:54 jammy-provider-cloud-0000007225 devstack@g-api.service[102955]: DEBUG glance.common.config [None req-cab37139-80f6-4d58-838b-0654a2cb050f None None] control_exchange               = glance {{(pid=102955) log_opt_values /opt/stack/data/venv/lib/python3.10/site-packages/oslo_config/cfg.py:2613}}
Jun 14 16:41:54 jammy-provider-cloud-0000007225 devstack@g-api.service[102955]: DEBUG glance.common.config [None req-cab37139-80f6-4d58-838b-0654a2cb050f None None] debug                          = True {{(pid=102955) log_opt_values /opt/stack/data/venv/lib/python3.10/site-packages/oslo_config/cfg.py:2613}}
Jun 14 16:41:54 jammy-provider-cloud-0000007225 devstack@g-api.service[102955]: DEBUG glance.common.config [None req-cab37139-80f6-4d58-838b-0654a2cb050f None None] default_log_levels             = ['amqp=WARN', 'amqplib=WARN', 'boto=WARN', 'qpid=WARN', 'sqlalchemy=WARN', 'suds=INFO', 'oslo.messaging=INFO', 'oslo_messaging=INFO', 'iso8601=WARN', 'requests.packages.urllib3.connectionpool=WARN', 'urllib3.connectionpool=WARN', 'websocket=WARN', 'requests.packages.urllib3.util.retry=WARN', 'urllib3.util.retry=WARN', 'keystonemiddleware=WARN', 'routes.middleware=WARN', 'stevedore=WARN', 'taskflow=WARN', 'keystoneauth=WARN', 'oslo.cache=INFO', 'oslo_policy=INFO', 'dogpile.core.dogpile=INFO'] {{(pid=102955) log_opt_values /opt/stack/data/venv/lib/python3.10/site-packages/oslo_config/cfg.py:2613}}
Jun 14 16:41:54 jammy-provider-cloud-0000007225 devstack@g-api.service[102955]: DEBUG glance.common.config [None req-cab37139-80f6-4d58-838b-0654a2cb050f None None] default_publisher_id           = image.localhost {{(pid=102955) log_opt_values /opt/stack/data/venv/lib/python3.10/site-packages/oslo_config/cfg.py:2613}}
Jun 14 16:41:54 jammy-provider-cloud-0000007225 devstack@g-api.service[102955]: DEBUG glance.common.config [None req-cab37139-80f6-4d58-838b-0654a2cb050f None None] delayed_delete                 = False {{(pid=102955) log_opt_values /opt/stack/data/venv/lib/python3.10/site-packages/oslo_config/cfg.py:2613}}
Jun 14 16:41:54 jammy-provider-cloud-0000007225 devstack@g-api.service[102955]: DEBUG glance.common.config [None req-cab37139-80f6-4d58-838b-0654a2cb050f None None] digest_algorithm               = sha256 {{(pid=102955) log_opt_values /opt/stack/data/venv/lib/python3.10/site-packages/oslo_config/cfg.py:2613}}
Jun 14 16:41:54 jammy-provider-cloud-0000007225 devstack@g-api.service[102955]: DEBUG glance.common.config [None req-cab37139-80f6-4d58-838b-0654a2cb050f None None] disabled_notifications         = [] {{(pid=102955) log_opt_values /opt/stack/data/venv/lib/python3.10/site-packages/oslo_config/cfg.py:2613}}
Jun 14 16:41:54 jammy-provider-cloud-0000007225 devstack@g-api.service[102955]: DEBUG glance.common.config [None req-cab37139-80f6-4d58-838b-0654a2cb050f None None] enabled_backends               = None {{(pid=102955) log_opt_values /opt/stack/data/venv/lib/python3.10/site-packages/oslo_config/cfg.py:2613}}
Jun 14 16:41:54 jammy-provider-cloud-0000007225 devstack@g-api.service[102955]: DEBUG glance.common.config [None req-cab37139-80f6-4d58-838b-0654a2cb050f None None] enabled_import_methods         = ['glance-direct', 'web-download', 'copy-image'] {{(pid=102955) log_opt_values /opt/stack/data/venv/lib/python3.10/site-packages/oslo_config/cfg.py:2613}}
Jun 14 16:41:54 jammy-provider-cloud-0000007225 devstack@g-api.service[102955]: DEBUG glance.common.config [None req-cab37139-80f6-4d58-838b-0654a2cb050f None None] hashing_algorithm              = sha512 {{(pid=102955) log_opt_values /opt/stack/data/venv/lib/python3.10/site-packages/oslo_config/cfg.py:2613}}
Jun 14 16:41:54 jammy-provider-cloud-0000007225 devstack@g-api.service[102955]: DEBUG glance.common.config [None req-cab37139-80f6-4d58-838b-0654a2cb050f None None] http_keepalive                 = True {{(pid=102955) log_opt_values /opt/stack/data/venv/lib/python3.10/site-packages/oslo_config/cfg.py:2613}}
Jun 14 16:41:54 jammy-provider-cloud-0000007225 devstack@g-api.service[102955]: DEBUG glance.common.config [None req-cab37139-80f6-4d58-838b-0654a2cb050f None None] image_cache_dir                = /opt/stack/data/glance/cache/ {{(pid=102955) log_opt_values /opt/stack/data/venv/lib/python3.10/site-packages/oslo_config/cfg.py:2613}}
Jun 14 16:41:54 jammy-provider-cloud-0000007225 devstack@g-api.service[102955]: DEBUG glance.common.config [None req-cab37139-80f6-4d58-838b-0654a2cb050f None None] image_cache_driver             = centralized_db {{(pid=102955) log_opt_values /opt/stack/data/venv/lib/python3.10/site-packages/oslo_config/cfg.py:2613}}
Jun 14 16:41:54 jammy-provider-cloud-0000007225 devstack@g-api.service[102955]: DEBUG glance.common.config [None req-cab37139-80f6-4d58-838b-0654a2cb050f None None] image_cache_max_size           = 10737418240 {{(pid=102955) log_opt_values /opt/stack/data/venv/lib/python3.10/site-packages/oslo_config/cfg.py:2613}}
Jun 14 16:41:54 jammy-provider-cloud-0000007225 devstack@g-api.service[102955]: DEBUG glance.common.config [None req-cab37139-80f6-4d58-838b-0654a2cb050f None None] image_cache_sqlite_db          = cache.db {{(pid=102955) log_opt_values /opt/stack/data/venv/lib/python3.10/site-packages/oslo_config/cfg.py:2613}}
Jun 14 16:41:54 jammy-provider-cloud-0000007225 devstack@g-api.service[102955]: DEBUG glance.common.config [None req-cab37139-80f6-4d58-838b-0654a2cb050f None None] image_cache_stall_time         = 86400 {{(pid=102955) log_opt_values /opt/stack/data/venv/lib/python3.10/site-packages/oslo_config/cfg.py:2613}}
Jun 14 16:41:54 jammy-provider-cloud-0000007225 devstack@g-api.service[102956]: WARNING keystonemiddleware.auth_token [None req-67d65953-2e2c-4155-941a-40591d190705 None None] Configuring www_authenticate_uri to point to the public identity endpoint is required; clients may not be able to authenticate against an admin endpoint
Jun 14 16:41:54 jammy-provider-cloud-0000007225 devstack@g-api.service[102955]: DEBUG glance.common.config [None req-cab37139-80f6-4d58-838b-0654a2cb050f None None] image_location_quota           = 10 {{(pid=102955) log_opt_values /opt/stack/data/venv/lib/python3.10/site-packages/oslo_config/cfg.py:2613}}
Jun 14 16:41:54 jammy-provider-cloud-0000007225 devstack@g-api.service[102955]: DEBUG glance.common.config [None req-cab37139-80f6-4d58-838b-0654a2cb050f None None] image_member_quota             = 128 {{(pid=102955) log_opt_values /opt/stack/data/venv/lib/python3.10/site-packages/oslo_config/cfg.py:2613}}
Jun 14 16:41:54 jammy-provider-cloud-0000007225 devstack@g-api.service[102955]: DEBUG glance.common.config [None req-cab37139-80f6-4d58-838b-0654a2cb050f None None] image_property_quota           = 128 {{(pid=102955) log_opt_values /opt/stack/data/venv/lib/python3.10/site-packages/oslo_config/cfg.py:2613}}
Jun 14 16:41:54 jammy-provider-cloud-0000007225 devstack@g-api.service[102955]: DEBUG glance.common.config [None req-cab37139-80f6-4d58-838b-0654a2cb050f None None] image_size_cap                 = 1099511627776 {{(pid=102955) log_opt_values /opt/stack/data/venv/lib/python3.10/site-packages/oslo_config/cfg.py:2613}}
Jun 14 16:41:54 jammy-provider-cloud-0000007225 devstack@g-api.service[102955]: DEBUG glance.common.config [None req-cab37139-80f6-4d58-838b-0654a2cb050f None None] image_tag_quota                = 128 {{(pid=102955) log_opt_values /opt/stack/data/venv/lib/python3.10/site-packages/oslo_config/cfg.py:2613}}
Jun 14 16:41:54 jammy-provider-cloud-0000007225 devstack@g-api.service[102955]: DEBUG glance.common.config [None req-cab37139-80f6-4d58-838b-0654a2cb050f None None] instance_format                = [instance: %(uuid)s]  {{(pid=102955) log_opt_values /opt/stack/data/venv/lib/python3.10/site-packages/oslo_config/cfg.py:2613}}
Jun 14 16:41:54 jammy-provider-cloud-0000007225 devstack@g-api.service[102955]: DEBUG glance.common.config [None req-cab37139-80f6-4d58-838b-0654a2cb050f None None] instance_uuid_format           = [instance: %(uuid)s]  {{(pid=102955) log_opt_values /opt/stack/data/venv/lib/python3.10/site-packages/oslo_config/cfg.py:2613}}
Jun 14 16:41:54 jammy-provider-cloud-0000007225 devstack@g-api.service[102955]: DEBUG glance.common.config [None req-cab37139-80f6-4d58-838b-0654a2cb050f None None] limit_param_default            = 25 {{(pid=102955) log_opt_values /opt/stack/data/venv/lib/python3.10/site-packages/oslo_config/cfg.py:2613}}
Jun 14 16:41:54 jammy-provider-cloud-0000007225 devstack@g-api.service[102955]: DEBUG glance.common.config [None req-cab37139-80f6-4d58-838b-0654a2cb050f None None] location_strategy              = location_order {{(pid=102955) log_opt_values /opt/stack/data/venv/lib/python3.10/site-packages/oslo_config/cfg.py:2613}}
Jun 14 16:41:54 jammy-provider-cloud-0000007225 devstack@g-api.service[102955]: DEBUG glance.common.config [None req-cab37139-80f6-4d58-838b-0654a2cb050f None None] log_config_append              = None {{(pid=102955) log_opt_values /opt/stack/data/venv/lib/python3.10/site-packages/oslo_config/cfg.py:2613}}
Jun 14 16:41:54 jammy-provider-cloud-0000007225 devstack@g-api.service[102955]: DEBUG glance.common.config [None req-cab37139-80f6-4d58-838b-0654a2cb050f None None] log_date_format                = %Y-%m-%d %H:%M:%S {{(pid=102955) log_opt_values /opt/stack/data/venv/lib/python3.10/site-packages/oslo_config/cfg.py:2613}}
Jun 14 16:41:54 jammy-provider-cloud-0000007225 devstack@g-api.service[102955]: DEBUG glance.common.config [None req-cab37139-80f6-4d58-838b-0654a2cb050f None None] log_dir                        = None {{(pid=102955) log_opt_values /opt/stack/data/venv/lib/python3.10/site-packages/oslo_config/cfg.py:2613}}
Jun 14 16:41:54 jammy-provider-cloud-0000007225 devstack@g-api.service[102955]: DEBUG glance.common.config [None req-cab37139-80f6-4d58-838b-0654a2cb050f None None] log_file                       = None {{(pid=102955) log_opt_values /opt/stack/data/venv/lib/python3.10/site-packages/oslo_config/cfg.py:2613}}
Jun 14 16:41:54 jammy-provider-cloud-0000007225 devstack@g-api.service[102955]: DEBUG glance.common.config [None req-cab37139-80f6-4d58-838b-0654a2cb050f None None] log_rotate_interval            = 1 {{(pid=102955) log_opt_values /opt/stack/data/venv/lib/python3.10/site-packages/oslo_config/cfg.py:2613}}
Jun 14 16:41:54 jammy-provider-cloud-0000007225 devstack@g-api.service[102955]: DEBUG glance.common.config [None req-cab37139-80f6-4d58-838b-0654a2cb050f None None] log_rotate_interval_type       = days {{(pid=102955) log_opt_values /opt/stack/data/venv/lib/python3.10/site-packages/oslo_config/cfg.py:2613}}
Jun 14 16:41:54 jammy-provider-cloud-0000007225 devstack@g-api.service[102955]: DEBUG glance.common.config [None req-cab37139-80f6-4d58-838b-0654a2cb050f None None] log_rotation_type              = none {{(pid=102955) log_opt_values /opt/stack/data/venv/lib/python3.10/site-packages/oslo_config/cfg.py:2613}}
Jun 14 16:41:54 jammy-provider-cloud-0000007225 devstack@g-api.service[102955]: DEBUG glance.common.config [None req-cab37139-80f6-4d58-838b-0654a2cb050f None None] logging_context_format_string  = %(color)s%(levelname)s %(name)s [%(global_request_id)s %(request_id)s %(project_name)s %(user_name)s%(color)s] %(instance)s%(color)s%(message)s {{(pid=102955) log_opt_values /opt/stack/data/venv/lib/python3.10/site-packages/oslo_config/cfg.py:2613}}
Jun 14 16:41:54 jammy-provider-cloud-0000007225 devstack@g-api.service[102955]: DEBUG glance.common.config [None req-cab37139-80f6-4d58-838b-0654a2cb050f None None] logging_debug_format_suffix    = {{(pid=%(process)d) %(funcName)s %(pathname)s:%(lineno)d}} {{(pid=102955) log_opt_values /opt/stack/data/venv/lib/python3.10/site-packages/oslo_config/cfg.py:2613}}
Jun 14 16:41:54 jammy-provider-cloud-0000007225 devstack@g-api.service[102956]: DEBUG glance.common.config [None req-67d65953-2e2c-4155-941a-40591d190705 None None] ******************************************************************************** {{(pid=102956) log_opt_values /opt/stack/data/venv/lib/python3.10/site-packages/oslo_config/cfg.py:2600}}
