Mar 11 13:45:20 jammy-provider-cloud-0000008035 devstack@keystone.service[72109]: ERROR keystone.server.flask.application     raise exception.Conflict(type=conflict_type, details=msg)
Mar 11 13:45:20 jammy-provider-cloud-0000008035 devstack@keystone.service[72109]: ERROR keystone.server.flask.application keystone.exception.Conflict: Conflict occurred attempting to store project - Duplicate entry found with name Default.
Mar 11 13:45:20 jammy-provider-cloud-0000008035 devstack@keystone.service[72109]: ERROR keystone.server.flask.application 
Mar 11 13:45:20 jammy-provider-cloud-0000008035 devstack@keystone.service[72109]: ERROR keystone.server.flask.application During handling of the above exception, another exception occurred:
Mar 11 13:45:20 jammy-provider-cloud-0000008035 devstack@keystone.service[72109]: ERROR keystone.server.flask.application 
Mar 11 13:45:20 jammy-provider-cloud-0000008035 devstack@keystone.service[72109]: ERROR keystone.server.flask.application Traceback (most recent call last):
Mar 11 13:45:20 jammy-provider-cloud-0000008035 devstack@keystone.service[72109]: ERROR keystone.server.flask.application   File "/opt/stack/data/venv/lib/python3.10/site-packages/flask/app.py", line 917, in full_dispatch_request
Mar 11 13:45:20 jammy-provider-cloud-0000008035 devstack@keystone.service[72109]: ERROR keystone.server.flask.application     rv = self.dispatch_request()
Mar 11 13:45:20 jammy-provider-cloud-0000008035 devstack@keystone.service[72109]: ERROR keystone.server.flask.application   File "/opt/stack/data/venv/lib/python3.10/site-packages/flask/app.py", line 902, in dispatch_request
Mar 11 13:45:20 jammy-provider-cloud-0000008035 devstack@keystone.service[72109]: ERROR keystone.server.flask.application     return self.ensure_sync(self.view_functions[rule.endpoint])(**view_args)  # type: ignore[no-any-return]
Mar 11 13:45:20 jammy-provider-cloud-0000008035 devstack@keystone.service[72109]: ERROR keystone.server.flask.application   File "/opt/stack/data/venv/lib/python3.10/site-packages/flask_restful/__init__.py", line 489, in wrapper
Mar 11 13:45:20 jammy-provider-cloud-0000008035 devstack@keystone.service[72109]: ERROR keystone.server.flask.application     resp = resource(*args, **kwargs)
Mar 11 13:45:20 jammy-provider-cloud-0000008035 devstack@keystone.service[72109]: ERROR keystone.server.flask.application   File "/opt/stack/data/venv/lib/python3.10/site-packages/flask/views.py", line 110, in view
Mar 11 13:45:20 jammy-provider-cloud-0000008035 devstack@keystone.service[72109]: ERROR keystone.server.flask.application     return current_app.ensure_sync(self.dispatch_request)(**kwargs)  # type: ignore[no-any-return]
Mar 11 13:45:20 jammy-provider-cloud-0000008035 devstack@keystone.service[72109]: ERROR keystone.server.flask.application   File "/opt/stack/data/venv/lib/python3.10/site-packages/flask_restful/__init__.py", line 604, in dispatch_request
Mar 11 13:45:20 jammy-provider-cloud-0000008035 devstack@keystone.service[72109]: ERROR keystone.server.flask.application     resp = meth(*args, **kwargs)
Mar 11 13:45:20 jammy-provider-cloud-0000008035 devstack@keystone.service[72109]: ERROR keystone.server.flask.application   File "/opt/stack/keystone/keystone/api/validation/__init__.py", line 80, in wrapper
Mar 11 13:45:20 jammy-provider-cloud-0000008035 devstack@keystone.service[72109]: ERROR keystone.server.flask.application     return func(*args, **kwargs)
Mar 11 13:45:20 jammy-provider-cloud-0000008035 devstack@keystone.service[72109]: ERROR keystone.server.flask.application   File "/opt/stack/keystone/keystone/api/validation/__init__.py", line 139, in wrapper
Mar 11 13:45:20 jammy-provider-cloud-0000008035 devstack@keystone.service[72109]: ERROR keystone.server.flask.application     response = func(*args, **kwargs)
Mar 11 13:45:20 jammy-provider-cloud-0000008035 devstack@keystone.service[72109]: ERROR keystone.server.flask.application   File "/opt/stack/keystone/keystone/api/domains.py", line 181, in post
Mar 11 13:45:20 jammy-provider-cloud-0000008035 devstack@keystone.service[72109]: ERROR keystone.server.flask.application     ref = PROVIDERS.resource_api.create_domain(
Mar 11 13:45:20 jammy-provider-cloud-0000008035 devstack@keystone.service[72109]: ERROR keystone.server.flask.application   File "/opt/stack/keystone/keystone/common/manager.py", line 114, in wrapped
Mar 11 13:45:20 jammy-provider-cloud-0000008035 devstack@keystone.service[72109]: ERROR keystone.server.flask.application     __ret_val = __f(*args, **kwargs)
Mar 11 13:45:20 jammy-provider-cloud-0000008035 devstack@keystone.service[72109]: ERROR keystone.server.flask.application   File "/opt/stack/keystone/keystone/resource/core.py", line 867, in create_domain
Mar 11 13:45:20 jammy-provider-cloud-0000008035 devstack@keystone.service[72109]: ERROR keystone.server.flask.application     is_domain_project = self.create_project(
Mar 11 13:45:20 jammy-provider-cloud-0000008035 devstack@keystone.service[72109]: ERROR keystone.server.flask.application   File "/opt/stack/keystone/keystone/common/manager.py", line 114, in wrapped
Mar 11 13:45:20 jammy-provider-cloud-0000008035 devstack@keystone.service[72109]: ERROR keystone.server.flask.application     __ret_val = __f(*args, **kwargs)
Mar 11 13:45:20 jammy-provider-cloud-0000008035 devstack@keystone.service[72109]: ERROR keystone.server.flask.application   File "/opt/stack/keystone/keystone/resource/core.py", line 252, in create_project
Mar 11 13:45:20 jammy-provider-cloud-0000008035 devstack@keystone.service[72109]: ERROR keystone.server.flask.application     raise exception.Conflict(
Mar 11 13:45:20 jammy-provider-cloud-0000008035 devstack@keystone.service[72109]: ERROR keystone.server.flask.application keystone.exception.Conflict: Conflict occurred attempting to store project - it is not permitted to have two projects acting as domains with the same name: Default.
Mar 11 13:45:20 jammy-provider-cloud-0000008035 devstack@keystone.service[72109]: ERROR keystone.server.flask.application 
Mar 11 13:45:20 jammy-provider-cloud-0000008035 devstack@keystone.service[72108]: [pid: 72108|app: 0|req: 8/15] 10.201.5.87 () {56 vars in 1148 bytes} [Tue Mar 11 13:45:20 2025] GET /identity/v3/roles?name=admin => generated 339 bytes in 64 msecs (HTTP/1.1 200) 5 headers in 177 bytes (1 switches on core 0)
Mar 11 13:45:20 jammy-provider-cloud-0000008035 devstack@keystone.service[72109]: [pid: 72109|app: 0|req: 8/16] 10.201.5.87 () {60 vars in 1129 bytes} [Tue Mar 11 13:45:20 2025] POST /identity/v3/domains => generated 190 bytes in 81 msecs (HTTP/1.1 409) 5 headers in 183 bytes (1 switches on core 0)
Mar 11 13:45:20 jammy-provider-cloud-0000008035 devstack@keystone.service[72108]: DEBUG keystone.server.flask.request_processing.middleware.auth_context [None req-f1747c76-f897-4f97-920a-9e0c212dddbd None admin] Authenticating user token {{(pid=72108) process_request /opt/stack/data/venv/lib/python3.10/site-packages/keystonemiddleware/auth_token/__init__.py:406}}
Mar 11 13:45:20 jammy-provider-cloud-0000008035 devstack@keystone.service[72109]: DEBUG keystone.server.flask.request_processing.middleware.auth_context [None req-5ee9beef-c078-442e-810b-548cbcd660b9 None admin] Authenticating user token {{(pid=72109) process_request /opt/stack/data/venv/lib/python3.10/site-packages/keystonemiddleware/auth_token/__init__.py:406}}
Mar 11 13:45:20 jammy-provider-cloud-0000008035 devstack@keystone.service[72108]: DEBUG keystone.server.flask.request_processing.middleware.auth_context [None req-f1747c76-f897-4f97-920a-9e0c212dddbd None admin] Validating token access rules against request {{(pid=72108) validate_allowed_request /opt/stack/data/venv/lib/python3.10/site-packages/keystonemiddleware/auth_token/__init__.py:544}}
Mar 11 13:45:20 jammy-provider-cloud-0000008035 devstack@keystone.service[72109]: DEBUG keystone.server.flask.request_processing.middleware.auth_context [None req-5ee9beef-c078-442e-810b-548cbcd660b9 None admin] Validating token access rules against request {{(pid=72109) validate_allowed_request /opt/stack/data/venv/lib/python3.10/site-packages/keystonemiddleware/auth_token/__init__.py:544}}
Mar 11 13:45:20 jammy-provider-cloud-0000008035 devstack@keystone.service[72108]: DEBUG keystone.server.flask.request_processing.middleware.auth_context [None req-0466fc14-07b8-43c9-817f-726dd48c77b0 None admin] RBAC: auth_context: {'token': <TokenModel (audit_id=dU9IYB3YRtyx2q8cn1xLrw, audit_chain_id=['dU9IYB3YRtyx2q8cn1xLrw']) at 0x7f0e3cdf21a0>, 'domain_id': None, 'trust_id': None, 'trustor_id': None, 'trustee_id': None, 'domain_name': None, 'group_ids': [], 'user_id': 'bc5b2baa7e354fea8494175abba90903', 'user_domain_id': 'default', 'system_scope': 'all', 'project_id': None, 'project_domain_id': None, 'roles': ['admin', 'manager', 'member', 'reader'], 'is_admin_project': True, 'service_user_id': None, 'service_user_domain_id': None, 'service_project_id': None, 'service_project_domain_id': None, 'service_roles': []} {{(pid=72108) fill_context /opt/stack/keystone/keystone/server/flask/request_processing/middleware/auth_context.py:506}}
Mar 11 13:45:20 jammy-provider-cloud-0000008035 devstack@keystone.service[72108]: DEBUG keystone.server.flask.request_processing.req_logging [None req-0466fc14-07b8-43c9-817f-726dd48c77b0 None admin] REQUEST_METHOD: `GET` {{(pid=72108) log_request_info /opt/stack/keystone/keystone/server/flask/request_processing/req_logging.py:26}}
Mar 11 13:45:20 jammy-provider-cloud-0000008035 devstack@keystone.service[72108]: DEBUG keystone.server.flask.request_processing.req_logging [None req-0466fc14-07b8-43c9-817f-726dd48c77b0 None admin] SCRIPT_NAME: `/identity` {{(pid=72108) log_request_info /opt/stack/keystone/keystone/server/flask/request_processing/req_logging.py:27}}
Mar 11 13:45:20 jammy-provider-cloud-0000008035 devstack@keystone.service[72108]: DEBUG keystone.server.flask.request_processing.req_logging [None req-0466fc14-07b8-43c9-817f-726dd48c77b0 None admin] PATH_INFO: `/v3/domains/Default` {{(pid=72108) log_request_info /opt/stack/keystone/keystone/server/flask/request_processing/req_logging.py:28}}
Mar 11 13:45:20 jammy-provider-cloud-0000008035 devstack@keystone.service[72108]: DEBUG keystone.common.rbac_enforcer.enforcer [None req-0466fc14-07b8-43c9-817f-726dd48c77b0 None admin] RBAC: Authorizing `identity:get_domain(domain_id=Default)` {{(pid=72108) enforce_call /opt/stack/keystone/keystone/common/rbac_enforcer/enforcer.py:495}}
Mar 11 13:45:20 jammy-provider-cloud-0000008035 devstack@keystone.service[72108]: DEBUG keystone.common.rbac_enforcer.enforcer [None req-0466fc14-07b8-43c9-817f-726dd48c77b0 None admin] RBAC: Authorization granted {{(pid=72108) enforce_call /opt/stack/keystone/keystone/common/rbac_enforcer/enforcer.py:506}}
Mar 11 13:45:20 jammy-provider-cloud-0000008035 devstack@keystone.service[72109]: DEBUG keystone.server.flask.request_processing.middleware.auth_context [None req-b18436fc-4f43-48f9-a519-380eef706d9e None admin] RBAC: auth_context: {'token': <TokenModel (audit_id=moWy3X4lTn2lldo_yLUITA, audit_chain_id=['moWy3X4lTn2lldo_yLUITA']) at 0x7f0e3cf01e10>, 'domain_id': None, 'trust_id': None, 'trustor_id': None, 'trustee_id': None, 'domain_name': None, 'group_ids': [], 'user_id': 'bc5b2baa7e354fea8494175abba90903', 'user_domain_id': 'default', 'system_scope': 'all', 'project_id': None, 'project_domain_id': None, 'roles': ['admin', 'manager', 'member', 'reader'], 'is_admin_project': True, 'service_user_id': None, 'service_user_domain_id': None, 'service_project_id': None, 'service_project_domain_id': None, 'service_roles': []} {{(pid=72109) fill_context /opt/stack/keystone/keystone/server/flask/request_processing/middleware/auth_context.py:506}}
Mar 11 13:45:20 jammy-provider-cloud-0000008035 devstack@keystone.service[72109]: DEBUG keystone.server.flask.request_processing.req_logging [None req-b18436fc-4f43-48f9-a519-380eef706d9e None admin] REQUEST_METHOD: `GET` {{(pid=72109) log_request_info /opt/stack/keystone/keystone/server/flask/request_processing/req_logging.py:26}}
Mar 11 13:45:20 jammy-provider-cloud-0000008035 devstack@keystone.service[72109]: DEBUG keystone.server.flask.request_processing.req_logging [None req-b18436fc-4f43-48f9-a519-380eef706d9e None admin] SCRIPT_NAME: `/identity` {{(pid=72109) log_request_info /opt/stack/keystone/keystone/server/flask/request_processing/req_logging.py:27}}
Mar 11 13:45:20 jammy-provider-cloud-0000008035 devstack@keystone.service[72109]: DEBUG keystone.server.flask.request_processing.req_logging [None req-b18436fc-4f43-48f9-a519-380eef706d9e None admin] PATH_INFO: `/v3/users/bc5b2baa7e354fea8494175abba90903` {{(pid=72109) log_request_info /opt/stack/keystone/keystone/server/flask/request_processing/req_logging.py:28}}
Mar 11 13:45:20 jammy-provider-cloud-0000008035 devstack@keystone.service[72109]: DEBUG keystone.common.rbac_enforcer.enforcer [None req-b18436fc-4f43-48f9-a519-380eef706d9e None admin] RBAC: Authorizing `identity:get_user(user_id=bc5b2baa7e354fea8494175abba90903)` {{(pid=72109) enforce_call /opt/stack/keystone/keystone/common/rbac_enforcer/enforcer.py:495}}
Mar 11 13:45:20 jammy-provider-cloud-0000008035 devstack@keystone.service[72109]: DEBUG keystone.common.rbac_enforcer.enforcer [None req-b18436fc-4f43-48f9-a519-380eef706d9e None admin] RBAC: Authorization granted {{(pid=72109) enforce_call /opt/stack/keystone/keystone/common/rbac_enforcer/enforcer.py:506}}
Mar 11 13:45:20 jammy-provider-cloud-0000008035 devstack@keystone.service[72109]: [pid: 72109|app: 0|req: 9/17] 10.201.5.87 () {56 vars in 1213 bytes} [Tue Mar 11 13:45:20 2025] GET /identity/v3/users/bc5b2baa7e354fea8494175abba90903 => generated 247 bytes in 57 msecs (HTTP/1.1 200) 5 headers in 177 bytes (1 switches on core 0)
Mar 11 13:45:20 jammy-provider-cloud-0000008035 devstack@keystone.service[72108]: DEBUG keystone.server.flask.application [None req-0466fc14-07b8-43c9-817f-726dd48c77b0 None admin] Could not find domain: Default. {{(pid=72108) _handle_keystone_exception /opt/stack/keystone/keystone/server/flask/application.py:152}}
Mar 11 13:45:20 jammy-provider-cloud-0000008035 devstack@keystone.service[72108]: [pid: 72108|app: 0|req: 9/18] 10.201.5.87 () {56 vars in 1100 bytes} [Tue Mar 11 13:45:20 2025] GET /identity/v3/domains/Default => generated 87 bytes in 64 msecs (HTTP/1.1 404) 5 headers in 183 bytes (1 switches on core 0)
Mar 11 13:45:20 jammy-provider-cloud-0000008035 devstack@keystone.service[72109]: DEBUG keystone.server.flask.request_processing.middleware.auth_context [None req-b18436fc-4f43-48f9-a519-380eef706d9e None admin] Authenticating user token {{(pid=72109) process_request /opt/stack/data/venv/lib/python3.10/site-packages/keystonemiddleware/auth_token/__init__.py:406}}
Mar 11 13:45:20 jammy-provider-cloud-0000008035 devstack@keystone.service[72108]: DEBUG keystone.server.flask.request_processing.middleware.auth_context [None req-0466fc14-07b8-43c9-817f-726dd48c77b0 None admin] Authenticating user token {{(pid=72108) process_request /opt/stack/data/venv/lib/python3.10/site-packages/keystonemiddleware/auth_token/__init__.py:406}}
Mar 11 13:45:20 jammy-provider-cloud-0000008035 devstack@keystone.service[72109]: DEBUG keystone.server.flask.request_processing.middleware.auth_context [None req-b18436fc-4f43-48f9-a519-380eef706d9e None admin] Validating token access rules against request {{(pid=72109) validate_allowed_request /opt/stack/data/venv/lib/python3.10/site-packages/keystonemiddleware/auth_token/__init__.py:544}}
Mar 11 13:45:20 jammy-provider-cloud-0000008035 devstack@keystone.service[72108]: DEBUG keystone.server.flask.request_processing.middleware.auth_context [None req-0466fc14-07b8-43c9-817f-726dd48c77b0 None admin] Validating token access rules against request {{(pid=72108) validate_allowed_request /opt/stack/data/venv/lib/python3.10/site-packages/keystonemiddleware/auth_token/__init__.py:544}}
Mar 11 13:45:20 jammy-provider-cloud-0000008035 devstack@keystone.service[72109]: DEBUG keystone.server.flask.request_processing.middleware.auth_context [None req-f5ef662d-63da-477d-beed-b7cc613baff8 None admin] RBAC: auth_context: {'token': <TokenModel (audit_id=dU9IYB3YRtyx2q8cn1xLrw, audit_chain_id=['dU9IYB3YRtyx2q8cn1xLrw']) at 0x7f0e3ce87760>, 'domain_id': None, 'trust_id': None, 'trustor_id': None, 'trustee_id': None, 'domain_name': None, 'group_ids': [], 'user_id': 'bc5b2baa7e354fea8494175abba90903', 'user_domain_id': 'default', 'system_scope': 'all', 'project_id': None, 'project_domain_id': None, 'roles': ['admin', 'manager', 'member', 'reader'], 'is_admin_project': True, 'service_user_id': None, 'service_user_domain_id': None, 'service_project_id': None, 'service_project_domain_id': None, 'service_roles': []} {{(pid=72109) fill_context /opt/stack/keystone/keystone/server/flask/request_processing/middleware/auth_context.py:506}}
Mar 11 13:45:20 jammy-provider-cloud-0000008035 devstack@keystone.service[72109]: DEBUG keystone.server.flask.request_processing.req_logging [None req-f5ef662d-63da-477d-beed-b7cc613baff8 None admin] REQUEST_METHOD: `GET` {{(pid=72109) log_request_info /opt/stack/keystone/keystone/server/flask/request_processing/req_logging.py:26}}
Mar 11 13:45:20 jammy-provider-cloud-0000008035 devstack@keystone.service[72109]: DEBUG keystone.server.flask.request_processing.req_logging [None req-f5ef662d-63da-477d-beed-b7cc613baff8 None admin] SCRIPT_NAME: `/identity` {{(pid=72109) log_request_info /opt/stack/keystone/keystone/server/flask/request_processing/req_logging.py:27}}
Mar 11 13:45:20 jammy-provider-cloud-0000008035 devstack@keystone.service[72109]: DEBUG keystone.server.flask.request_processing.req_logging [None req-f5ef662d-63da-477d-beed-b7cc613baff8 None admin] PATH_INFO: `/v3/domains` {{(pid=72109) log_request_info /opt/stack/keystone/keystone/server/flask/request_processing/req_logging.py:28}}
Mar 11 13:45:20 jammy-provider-cloud-0000008035 devstack@keystone.service[72108]: DEBUG keystone.server.flask.request_processing.middleware.auth_context [None req-ec77a35b-d2c8-4118-9a9d-7a0811ff9c52 None admin] RBAC: auth_context: {'token': <TokenModel (audit_id=moWy3X4lTn2lldo_yLUITA, audit_chain_id=['moWy3X4lTn2lldo_yLUITA']) at 0x7f0e3ce2d210>, 'domain_id': None, 'trust_id': None, 'trustor_id': None, 'trustee_id': None, 'domain_name': None, 'group_ids': [], 'user_id': 'bc5b2baa7e354fea8494175abba90903', 'user_domain_id': 'default', 'system_scope': 'all', 'project_id': None, 'project_domain_id': None, 'roles': ['admin', 'manager', 'member', 'reader'], 'is_admin_project': True, 'service_user_id': None, 'service_user_domain_id': None, 'service_project_id': None, 'service_project_domain_id': None, 'service_roles': []} {{(pid=72108) fill_context /opt/stack/keystone/keystone/server/flask/request_processing/middleware/auth_context.py:506}}
Mar 11 13:45:20 jammy-provider-cloud-0000008035 devstack@keystone.service[72108]: DEBUG keystone.server.flask.request_processing.req_logging [None req-ec77a35b-d2c8-4118-9a9d-7a0811ff9c52 None admin] REQUEST_METHOD: `GET` {{(pid=72108) log_request_info /opt/stack/keystone/keystone/server/flask/request_processing/req_logging.py:26}}
Mar 11 13:45:20 jammy-provider-cloud-0000008035 devstack@keystone.service[72109]: DEBUG keystone.common.rbac_enforcer.enforcer [None req-f5ef662d-63da-477d-beed-b7cc613baff8 None admin] RBAC: Adding query filter params (name=Default) {{(pid=72109) _extract_filter_values /opt/stack/keystone/keystone/common/rbac_enforcer/enforcer.py:176}}
Mar 11 13:45:20 jammy-provider-cloud-0000008035 devstack@keystone.service[72108]: DEBUG keystone.server.flask.request_processing.req_logging [None req-ec77a35b-d2c8-4118-9a9d-7a0811ff9c52 None admin] SCRIPT_NAME: `/identity` {{(pid=72108) log_request_info /opt/stack/keystone/keystone/server/flask/request_processing/req_logging.py:27}}
Mar 11 13:45:20 jammy-provider-cloud-0000008035 devstack@keystone.service[72109]: DEBUG keystone.common.rbac_enforcer.enforcer [None req-f5ef662d-63da-477d-beed-b7cc613baff8 None admin] RBAC: Authorizing `identity:list_domains()` {{(pid=72109) enforce_call /opt/stack/keystone/keystone/common/rbac_enforcer/enforcer.py:495}}
Mar 11 13:45:20 jammy-provider-cloud-0000008035 devstack@keystone.service[72108]: DEBUG keystone.server.flask.request_processing.req_logging [None req-ec77a35b-d2c8-4118-9a9d-7a0811ff9c52 None admin] PATH_INFO: `/v3/domains/default` {{(pid=72108) log_request_info /opt/stack/keystone/keystone/server/flask/request_processing/req_logging.py:28}}
Mar 11 13:45:20 jammy-provider-cloud-0000008035 devstack@keystone.service[72108]: DEBUG keystone.common.rbac_enforcer.enforcer [None req-ec77a35b-d2c8-4118-9a9d-7a0811ff9c52 None admin] RBAC: Authorizing `identity:get_domain(domain_id=default)` {{(pid=72108) enforce_call /opt/stack/keystone/keystone/common/rbac_enforcer/enforcer.py:495}}
Mar 11 13:45:20 jammy-provider-cloud-0000008035 devstack@keystone.service[72109]: DEBUG keystone.common.rbac_enforcer.enforcer [None req-f5ef662d-63da-477d-beed-b7cc613baff8 None admin] RBAC: Authorization granted {{(pid=72109) enforce_call /opt/stack/keystone/keystone/common/rbac_enforcer/enforcer.py:506}}
Mar 11 13:45:20 jammy-provider-cloud-0000008035 devstack@keystone.service[72108]: DEBUG keystone.common.rbac_enforcer.enforcer [None req-ec77a35b-d2c8-4118-9a9d-7a0811ff9c52 None admin] RBAC: Authorization granted {{(pid=72108) enforce_call /opt/stack/keystone/keystone/common/rbac_enforcer/enforcer.py:506}}
Mar 11 13:45:20 jammy-provider-cloud-0000008035 devstack@keystone.service[72108]: [pid: 72108|app: 0|req: 10/19] 10.201.5.87 () {56 vars in 1144 bytes} [Tue Mar 11 13:45:20 2025] GET /identity/v3/domains/default => generated 199 bytes in 53 msecs (HTTP/1.1 200) 5 headers in 177 bytes (1 switches on core 0)
Mar 11 13:45:20 jammy-provider-cloud-0000008035 devstack@keystone.service[72108]: DEBUG keystone.server.flask.request_processing.middleware.auth_context [None req-ec77a35b-d2c8-4118-9a9d-7a0811ff9c52 None admin] Authenticating user token {{(pid=72108) process_request /opt/stack/data/venv/lib/python3.10/site-packages/keystonemiddleware/auth_token/__init__.py:406}}
Mar 11 13:45:20 jammy-provider-cloud-0000008035 devstack@keystone.service[72109]: [pid: 72109|app: 0|req: 10/20] 10.201.5.87 () {56 vars in 1101 bytes} [Tue Mar 11 13:45:20 2025] GET /identity/v3/domains?name=Default => generated 308 bytes in 71 msecs (HTTP/1.1 200) 5 headers in 177 bytes (1 switches on core 0)
Mar 11 13:45:20 jammy-provider-cloud-0000008035 devstack@keystone.service[72108]: DEBUG keystone.server.flask.request_processing.middleware.auth_context [None req-ec77a35b-d2c8-4118-9a9d-7a0811ff9c52 None admin] Validating token access rules against request {{(pid=72108) validate_allowed_request /opt/stack/data/venv/lib/python3.10/site-packages/keystonemiddleware/auth_token/__init__.py:544}}
Mar 11 13:45:20 jammy-provider-cloud-0000008035 devstack@keystone.service[72108]: DEBUG keystone.server.flask.request_processing.middleware.auth_context [None req-fd4c382e-8384-4bf7-b4cf-51b9341b79d4 None admin] RBAC: auth_context: {'token': <TokenModel (audit_id=moWy3X4lTn2lldo_yLUITA, audit_chain_id=['moWy3X4lTn2lldo_yLUITA']) at 0x7f0e3ce2cf70>, 'domain_id': None, 'trust_id': None, 'trustor_id': None, 'trustee_id': None, 'domain_name': None, 'group_ids': [], 'user_id': 'bc5b2baa7e354fea8494175abba90903', 'user_domain_id': 'default', 'system_scope': 'all', 'project_id': None, 'project_domain_id': None, 'roles': ['admin', 'manager', 'member', 'reader'], 'is_admin_project': True, 'service_user_id': None, 'service_user_domain_id': None, 'service_project_id': None, 'service_project_domain_id': None, 'service_roles': []} {{(pid=72108) fill_context /opt/stack/keystone/keystone/server/flask/request_processing/middleware/auth_context.py:506}}
Mar 11 13:45:20 jammy-provider-cloud-0000008035 devstack@keystone.service[72108]: DEBUG keystone.server.flask.request_processing.req_logging [None req-fd4c382e-8384-4bf7-b4cf-51b9341b79d4 None admin] REQUEST_METHOD: `PUT` {{(pid=72108) log_request_info /opt/stack/keystone/keystone/server/flask/request_processing/req_logging.py:26}}
Mar 11 13:45:20 jammy-provider-cloud-0000008035 devstack@keystone.service[72108]: DEBUG keystone.server.flask.request_processing.req_logging [None req-fd4c382e-8384-4bf7-b4cf-51b9341b79d4 None admin] SCRIPT_NAME: `/identity` {{(pid=72108) log_request_info /opt/stack/keystone/keystone/server/flask/request_processing/req_logging.py:27}}
Mar 11 13:45:20 jammy-provider-cloud-0000008035 devstack@keystone.service[72108]: DEBUG keystone.server.flask.request_processing.req_logging [None req-fd4c382e-8384-4bf7-b4cf-51b9341b79d4 None admin] PATH_INFO: `/v3/domains/default/users/bc5b2baa7e354fea8494175abba90903/roles/03c1db4b3f5b42f0a443b4699ea35957` {{(pid=72108) log_request_info /opt/stack/keystone/keystone/server/flask/request_processing/req_logging.py:28}}
Mar 11 13:45:20 jammy-provider-cloud-0000008035 devstack@keystone.service[72108]: DEBUG keystone.common.rbac_enforcer.enforcer [None req-fd4c382e-8384-4bf7-b4cf-51b9341b79d4 None admin] RBAC: Authorizing `identity:create_grant(domain_id=default, user_id=bc5b2baa7e354fea8494175abba90903, role_id=03c1db4b3f5b42f0a443b4699ea35957)` {{(pid=72108) enforce_call /opt/stack/keystone/keystone/common/rbac_enforcer/enforcer.py:495}}
Mar 11 13:45:20 jammy-provider-cloud-0000008035 devstack@keystone.service[72108]: DEBUG keystone.common.rbac_enforcer.enforcer [None req-fd4c382e-8384-4bf7-b4cf-51b9341b79d4 None admin] RBAC: Authorization granted {{(pid=72108) enforce_call /opt/stack/keystone/keystone/common/rbac_enforcer/enforcer.py:506}}
Mar 11 13:45:20 jammy-provider-cloud-0000008035 devstack@keystone.service[72108]: [pid: 72108|app: 0|req: 11/21] 10.201.5.87 () {58 vars in 1397 bytes} [Tue Mar 11 13:45:20 2025] PUT /identity/v3/domains/default/users/bc5b2baa7e354fea8494175abba90903/roles/03c1db4b3f5b42f0a443b4699ea35957 => generated 0 bytes in 111 msecs (HTTP/1.1 204) 3 headers in 132 bytes (1 switches on core 0)
Mar 11 13:45:21 jammy-provider-cloud-0000008035 devstack@keystone.service[72109]: DEBUG keystone.server.flask.request_processing.req_logging [None req-d7c22ee3-4093-4419-803f-5f90a542975a None None] REQUEST_METHOD: `GET` {{(pid=72109) log_request_info /opt/stack/keystone/keystone/server/flask/request_processing/req_logging.py:26}}
Mar 11 13:45:21 jammy-provider-cloud-0000008035 devstack@keystone.service[72109]: DEBUG keystone.server.flask.request_processing.req_logging [None req-d7c22ee3-4093-4419-803f-5f90a542975a None None] SCRIPT_NAME: `/identity` {{(pid=72109) log_request_info /opt/stack/keystone/keystone/server/flask/request_processing/req_logging.py:27}}
Mar 11 13:45:21 jammy-provider-cloud-0000008035 devstack@keystone.service[72109]: DEBUG keystone.server.flask.request_processing.req_logging [None req-d7c22ee3-4093-4419-803f-5f90a542975a None None] PATH_INFO: `/` {{(pid=72109) log_request_info /opt/stack/keystone/keystone/server/flask/request_processing/req_logging.py:28}}
Mar 11 13:45:21 jammy-provider-cloud-0000008035 devstack@keystone.service[72109]: [pid: 72109|app: 0|req: 11/22] 10.201.5.87 () {54 vars in 919 bytes} [Tue Mar 11 13:45:21 2025] GET /identity => generated 270 bytes in 1 msecs (HTTP/1.1 300) 6 headers in 234 bytes (1 switches on core 0)
Mar 11 13:45:21 jammy-provider-cloud-0000008035 devstack@keystone.service[72108]: DEBUG keystone.server.flask.request_processing.req_logging [None req-200083d9-8832-439c-b29e-b1985d8afa45 None None] REQUEST_METHOD: `POST` {{(pid=72108) log_request_info /opt/stack/keystone/keystone/server/flask/request_processing/req_logging.py:26}}
Mar 11 13:45:21 jammy-provider-cloud-0000008035 devstack@keystone.service[72108]: DEBUG keystone.server.flask.request_processing.req_logging [None req-200083d9-8832-439c-b29e-b1985d8afa45 None None] SCRIPT_NAME: `/identity` {{(pid=72108) log_request_info /opt/stack/keystone/keystone/server/flask/request_processing/req_logging.py:27}}
Mar 11 13:45:21 jammy-provider-cloud-0000008035 devstack@keystone.service[72108]: DEBUG keystone.server.flask.request_processing.req_logging [None req-200083d9-8832-439c-b29e-b1985d8afa45 None None] PATH_INFO: `/v3/auth/tokens` {{(pid=72108) log_request_info /opt/stack/keystone/keystone/server/flask/request_processing/req_logging.py:28}}
Mar 11 13:45:21 jammy-provider-cloud-0000008035 devstack@keystone.service[72109]: DEBUG keystone.server.flask.request_processing.req_logging [None req-5d6d7231-4908-41eb-9aa9-b206647d5033 None None] REQUEST_METHOD: `GET` {{(pid=72109) log_request_info /opt/stack/keystone/keystone/server/flask/request_processing/req_logging.py:26}}
Mar 11 13:45:21 jammy-provider-cloud-0000008035 devstack@keystone.service[72109]: DEBUG keystone.server.flask.request_processing.req_logging [None req-5d6d7231-4908-41eb-9aa9-b206647d5033 None None] SCRIPT_NAME: `/identity` {{(pid=72109) log_request_info /opt/stack/keystone/keystone/server/flask/request_processing/req_logging.py:27}}
Mar 11 13:45:21 jammy-provider-cloud-0000008035 devstack@keystone.service[72109]: DEBUG keystone.server.flask.request_processing.req_logging [None req-5d6d7231-4908-41eb-9aa9-b206647d5033 None None] PATH_INFO: `/` {{(pid=72109) log_request_info /opt/stack/keystone/keystone/server/flask/request_processing/req_logging.py:28}}
Mar 11 13:45:21 jammy-provider-cloud-0000008035 devstack@keystone.service[72109]: [pid: 72109|app: 0|req: 12/23] 10.201.5.87 () {54 vars in 919 bytes} [Tue Mar 11 13:45:21 2025] GET /identity => generated 270 bytes in 1 msecs (HTTP/1.1 300) 6 headers in 234 bytes (1 switches on core 0)
Mar 11 13:45:21 jammy-provider-cloud-0000008035 devstack@keystone.service[72108]: WARNING keystone.common.password_hashing [None req-200083d9-8832-439c-b29e-b1985d8afa45 None None] Truncating password to algorithm specific maximum length 72 characters.
Mar 11 13:45:21 jammy-provider-cloud-0000008035 devstack@keystone.service[72109]: DEBUG keystone.server.flask.request_processing.req_logging [None req-654a08c9-2994-4980-9ca9-fdbf0b243e81 None None] REQUEST_METHOD: `POST` {{(pid=72109) log_request_info /opt/stack/keystone/keystone/server/flask/request_processing/req_logging.py:26}}
Mar 11 13:45:21 jammy-provider-cloud-0000008035 devstack@keystone.service[72109]: DEBUG keystone.server.flask.request_processing.req_logging [None req-654a08c9-2994-4980-9ca9-fdbf0b243e81 None None] SCRIPT_NAME: `/identity` {{(pid=72109) log_request_info /opt/stack/keystone/keystone/server/flask/request_processing/req_logging.py:27}}
Mar 11 13:45:21 jammy-provider-cloud-0000008035 devstack@keystone.service[72109]: DEBUG keystone.server.flask.request_processing.req_logging [None req-654a08c9-2994-4980-9ca9-fdbf0b243e81 None None] PATH_INFO: `/v3/auth/tokens` {{(pid=72109) log_request_info /opt/stack/keystone/keystone/server/flask/request_processing/req_logging.py:28}}
Mar 11 13:45:21 jammy-provider-cloud-0000008035 devstack@keystone.service[72108]: DEBUG keystone.auth.core [None req-200083d9-8832-439c-b29e-b1985d8afa45 None None] MFA Rules not processed for user `bc5b2baa7e354fea8494175abba90903`. Rule list: `[]` (Enabled: `True`). {{(pid=72108) check_auth_methods_against_rules /opt/stack/keystone/keystone/auth/core.py:476}}
Mar 11 13:45:21 jammy-provider-cloud-0000008035 devstack@keystone.service[72108]: DEBUG keystone.common.fernet_utils [None req-200083d9-8832-439c-b29e-b1985d8afa45 None None] Loaded 2 Fernet keys from /etc/keystone/fernet-keys/, but `[fernet_tokens] max_active_keys = 3`; perhaps there have not been enough key rotations to reach `max_active_keys` yet? {{(pid=72108) load_keys /opt/stack/keystone/keystone/common/fernet_utils.py:297}}
Mar 11 13:45:21 jammy-provider-cloud-0000008035 devstack@keystone.service[72109]: WARNING keystone.common.password_hashing [None req-654a08c9-2994-4980-9ca9-fdbf0b243e81 None None] Truncating password to algorithm specific maximum length 72 characters.
Mar 11 13:45:21 jammy-provider-cloud-0000008035 devstack@keystone.service[72109]: DEBUG keystone.auth.core [None req-654a08c9-2994-4980-9ca9-fdbf0b243e81 None None] MFA Rules not processed for user `bc5b2baa7e354fea8494175abba90903`. Rule list: `[]` (Enabled: `True`). {{(pid=72109) check_auth_methods_against_rules /opt/stack/keystone/keystone/auth/core.py:476}}
Mar 11 13:45:21 jammy-provider-cloud-0000008035 devstack@keystone.service[72109]: DEBUG keystone.common.fernet_utils [None req-654a08c9-2994-4980-9ca9-fdbf0b243e81 None None] Loaded 2 Fernet keys from /etc/keystone/fernet-keys/, but `[fernet_tokens] max_active_keys = 3`; perhaps there have not been enough key rotations to reach `max_active_keys` yet? {{(pid=72109) load_keys /opt/stack/keystone/keystone/common/fernet_utils.py:297}}
Mar 11 13:45:21 jammy-provider-cloud-0000008035 devstack@keystone.service[72108]: [pid: 72108|app: 0|req: 12/24] 10.201.5.87 () {58 vars in 1016 bytes} [Tue Mar 11 13:45:21 2025] POST /identity/v3/auth/tokens => generated 862 bytes in 72 msecs (HTTP/1.1 201) 6 headers in 363 bytes (1 switches on core 0)
Mar 11 13:45:21 jammy-provider-cloud-0000008035 devstack@keystone.service[72109]: [pid: 72109|app: 0|req: 13/25] 10.201.5.87 () {58 vars in 1016 bytes} [Tue Mar 11 13:45:21 2025] POST /identity/v3/auth/tokens => generated 862 bytes in 81 msecs (HTTP/1.1 201) 6 headers in 363 bytes (2 switches on core 0)
Mar 11 13:45:21 jammy-provider-cloud-0000008035 devstack@keystone.service[72108]: DEBUG keystone.server.flask.request_processing.req_logging [None req-64e955ce-903e-47e1-af8a-6c132c3fb7ae None None] REQUEST_METHOD: `GET` {{(pid=72108) log_request_info /opt/stack/keystone/keystone/server/flask/request_processing/req_logging.py:26}}
Mar 11 13:45:21 jammy-provider-cloud-0000008035 devstack@keystone.service[72108]: DEBUG keystone.server.flask.request_processing.req_logging [None req-64e955ce-903e-47e1-af8a-6c132c3fb7ae None None] SCRIPT_NAME: `/identity` {{(pid=72108) log_request_info /opt/stack/keystone/keystone/server/flask/request_processing/req_logging.py:27}}
Mar 11 13:45:21 jammy-provider-cloud-0000008035 devstack@keystone.service[72108]: DEBUG keystone.server.flask.request_processing.req_logging [None req-64e955ce-903e-47e1-af8a-6c132c3fb7ae None None] PATH_INFO: `/` {{(pid=72108) log_request_info /opt/stack/keystone/keystone/server/flask/request_processing/req_logging.py:28}}
Mar 11 13:45:21 jammy-provider-cloud-0000008035 devstack@keystone.service[72108]: [pid: 72108|app: 0|req: 13/26] 10.201.5.87 () {54 vars in 919 bytes} [Tue Mar 11 13:45:21 2025] GET /identity => generated 270 bytes in 2 msecs (HTTP/1.1 300) 6 headers in 234 bytes (1 switches on core 0)
Mar 11 13:45:21 jammy-provider-cloud-0000008035 devstack@keystone.service[72109]: DEBUG keystone.server.flask.request_processing.req_logging [None req-bb0a4fe2-f934-48e2-bedd-64db90ecc2ad None None] REQUEST_METHOD: `POST` {{(pid=72109) log_request_info /opt/stack/keystone/keystone/server/flask/request_processing/req_logging.py:26}}
Mar 11 13:45:21 jammy-provider-cloud-0000008035 devstack@keystone.service[72109]: DEBUG keystone.server.flask.request_processing.req_logging [None req-bb0a4fe2-f934-48e2-bedd-64db90ecc2ad None None] SCRIPT_NAME: `/identity` {{(pid=72109) log_request_info /opt/stack/keystone/keystone/server/flask/request_processing/req_logging.py:27}}
Mar 11 13:45:21 jammy-provider-cloud-0000008035 devstack@keystone.service[72109]: DEBUG keystone.server.flask.request_processing.req_logging [None req-bb0a4fe2-f934-48e2-bedd-64db90ecc2ad None None] PATH_INFO: `/v3/auth/tokens` {{(pid=72109) log_request_info /opt/stack/keystone/keystone/server/flask/request_processing/req_logging.py:28}}
Mar 11 13:45:21 jammy-provider-cloud-0000008035 devstack@keystone.service[72109]: WARNING keystone.common.password_hashing [None req-bb0a4fe2-f934-48e2-bedd-64db90ecc2ad None None] Truncating password to algorithm specific maximum length 72 characters.
Mar 11 13:45:21 jammy-provider-cloud-0000008035 devstack@keystone.service[72109]: DEBUG keystone.auth.core [None req-bb0a4fe2-f934-48e2-bedd-64db90ecc2ad None None] MFA Rules not processed for user `bc5b2baa7e354fea8494175abba90903`. Rule list: `[]` (Enabled: `True`). {{(pid=72109) check_auth_methods_against_rules /opt/stack/keystone/keystone/auth/core.py:476}}
Mar 11 13:45:21 jammy-provider-cloud-0000008035 devstack@keystone.service[72109]: DEBUG keystone.common.fernet_utils [None req-bb0a4fe2-f934-48e2-bedd-64db90ecc2ad None None] Loaded 2 Fernet keys from /etc/keystone/fernet-keys/, but `[fernet_tokens] max_active_keys = 3`; perhaps there have not been enough key rotations to reach `max_active_keys` yet? {{(pid=72109) load_keys /opt/stack/keystone/keystone/common/fernet_utils.py:297}}
Mar 11 13:45:21 jammy-provider-cloud-0000008035 devstack@keystone.service[72109]: [pid: 72109|app: 0|req: 14/27] 10.201.5.87 () {58 vars in 1016 bytes} [Tue Mar 11 13:45:21 2025] POST /identity/v3/auth/tokens => generated 862 bytes in 51 msecs (HTTP/1.1 201) 6 headers in 363 bytes (1 switches on core 0)
Mar 11 13:45:21 jammy-provider-cloud-0000008035 devstack@keystone.service[72108]: DEBUG keystone.server.flask.request_processing.middleware.auth_context [None req-64e955ce-903e-47e1-af8a-6c132c3fb7ae None None] Authenticating user token {{(pid=72108) process_request /opt/stack/data/venv/lib/python3.10/site-packages/keystonemiddleware/auth_token/__init__.py:406}}
Mar 11 13:45:21 jammy-provider-cloud-0000008035 devstack@keystone.service[72108]: DEBUG keystone.server.flask.request_processing.middleware.auth_context [None req-64e955ce-903e-47e1-af8a-6c132c3fb7ae None None] Validating token access rules against request {{(pid=72108) validate_allowed_request /opt/stack/data/venv/lib/python3.10/site-packages/keystonemiddleware/auth_token/__init__.py:544}}
Mar 11 13:45:21 jammy-provider-cloud-0000008035 devstack@keystone.service[72109]: DEBUG keystone.server.flask.request_processing.middleware.auth_context [None req-bb0a4fe2-f934-48e2-bedd-64db90ecc2ad None None] Authenticating user token {{(pid=72109) process_request /opt/stack/data/venv/lib/python3.10/site-packages/keystonemiddleware/auth_token/__init__.py:406}}
Mar 11 13:45:21 jammy-provider-cloud-0000008035 devstack@keystone.service[72108]: DEBUG keystone.server.flask.request_processing.middleware.auth_context [None req-3c4cd527-5490-4ce2-b7de-48a580031a6e None admin] RBAC: auth_context: {'token': <TokenModel (audit_id=2unfWgWMRtGi-5cNZnVOuQ, audit_chain_id=['2unfWgWMRtGi-5cNZnVOuQ']) at 0x7f0e3cb57610>, 'domain_id': None, 'trust_id': None, 'trustor_id': None, 'trustee_id': None, 'domain_name': None, 'group_ids': [], 'user_id': 'bc5b2baa7e354fea8494175abba90903', 'user_domain_id': 'default', 'system_scope': 'all', 'project_id': None, 'project_domain_id': None, 'roles': ['admin', 'manager', 'member', 'reader'], 'is_admin_project': True, 'service_user_id': None, 'service_user_domain_id': None, 'service_project_id': None, 'service_project_domain_id': None, 'service_roles': []} {{(pid=72108) fill_context /opt/stack/keystone/keystone/server/flask/request_processing/middleware/auth_context.py:506}}
Mar 11 13:45:21 jammy-provider-cloud-0000008035 devstack@keystone.service[72108]: DEBUG keystone.server.flask.request_processing.req_logging [None req-3c4cd527-5490-4ce2-b7de-48a580031a6e None admin] REQUEST_METHOD: `GET` {{(pid=72108) log_request_info /opt/stack/keystone/keystone/server/flask/request_processing/req_logging.py:26}}
Mar 11 13:45:21 jammy-provider-cloud-0000008035 devstack@keystone.service[72108]: DEBUG keystone.server.flask.request_processing.req_logging [None req-3c4cd527-5490-4ce2-b7de-48a580031a6e None admin] SCRIPT_NAME: `/identity` {{(pid=72108) log_request_info /opt/stack/keystone/keystone/server/flask/request_processing/req_logging.py:27}}
Mar 11 13:45:21 jammy-provider-cloud-0000008035 devstack@keystone.service[72108]: DEBUG keystone.server.flask.request_processing.req_logging [None req-3c4cd527-5490-4ce2-b7de-48a580031a6e None admin] PATH_INFO: `/v3/roles/admin` {{(pid=72108) log_request_info /opt/stack/keystone/keystone/server/flask/request_processing/req_logging.py:28}}
Mar 11 13:45:21 jammy-provider-cloud-0000008035 devstack@keystone.service[72108]: DEBUG keystone.common.rbac_enforcer.enforcer [None req-3c4cd527-5490-4ce2-b7de-48a580031a6e None admin] Extracting inferred target data resulted in "NOT FOUND (404)". {{(pid=72108) enforce_call /opt/stack/keystone/keystone/common/rbac_enforcer/enforcer.py:445}}
Mar 11 13:45:21 jammy-provider-cloud-0000008035 devstack@keystone.service[72108]: DEBUG keystone.server.flask.application [None req-3c4cd527-5490-4ce2-b7de-48a580031a6e None admin] Could not find role: admin. {{(pid=72108) _handle_keystone_exception /opt/stack/keystone/keystone/server/flask/application.py:152}}
Mar 11 13:45:21 jammy-provider-cloud-0000008035 devstack@keystone.service[72108]: [pid: 72108|app: 0|req: 14/28] 10.201.5.87 () {56 vars in 1132 bytes} [Tue Mar 11 13:45:21 2025] GET /identity/v3/roles/admin => generated 83 bytes in 76 msecs (HTTP/1.1 404) 5 headers in 183 bytes (1 switches on core 0)
Mar 11 13:45:21 jammy-provider-cloud-0000008035 devstack@keystone.service[72108]: DEBUG keystone.server.flask.request_processing.middleware.auth_context [None req-3c4cd527-5490-4ce2-b7de-48a580031a6e None admin] Authenticating user token {{(pid=72108) process_request /opt/stack/data/venv/lib/python3.10/site-packages/keystonemiddleware/auth_token/__init__.py:406}}
Mar 11 13:45:21 jammy-provider-cloud-0000008035 devstack@keystone.service[72109]: DEBUG keystone.server.flask.request_processing.middleware.auth_context [None req-bb0a4fe2-f934-48e2-bedd-64db90ecc2ad None None] Validating token access rules against request {{(pid=72109) validate_allowed_request /opt/stack/data/venv/lib/python3.10/site-packages/keystonemiddleware/auth_token/__init__.py:544}}
Mar 11 13:45:21 jammy-provider-cloud-0000008035 devstack@keystone.service[72109]: DEBUG keystone.server.flask.request_processing.middleware.auth_context [None req-45e73c47-52ae-4f4b-aebc-8dacf577fb24 None admin] RBAC: auth_context: {'token': <TokenModel (audit_id=Jl8ICET4Tce9TOIM6vAAmA, audit_chain_id=['Jl8ICET4Tce9TOIM6vAAmA']) at 0x7f0e3ce867d0>, 'domain_id': None, 'trust_id': None, 'trustor_id': None, 'trustee_id': None, 'domain_name': None, 'group_ids': [], 'user_id': 'bc5b2baa7e354fea8494175abba90903', 'user_domain_id': 'default', 'system_scope': 'all', 'project_id': None, 'project_domain_id': None, 'roles': ['admin', 'manager', 'member', 'reader'], 'is_admin_project': True, 'service_user_id': None, 'service_user_domain_id': None, 'service_project_id': None, 'service_project_domain_id': None, 'service_roles': []} {{(pid=72109) fill_context /opt/stack/keystone/keystone/server/flask/request_processing/middleware/auth_context.py:506}}
Mar 11 13:45:21 jammy-provider-cloud-0000008035 devstack@keystone.service[72109]: DEBUG keystone.server.flask.request_processing.req_logging [None req-45e73c47-52ae-4f4b-aebc-8dacf577fb24 None admin] REQUEST_METHOD: `GET` {{(pid=72109) log_request_info /opt/stack/keystone/keystone/server/flask/request_processing/req_logging.py:26}}
Mar 11 13:45:21 jammy-provider-cloud-0000008035 devstack@keystone.service[72109]: DEBUG keystone.server.flask.request_processing.req_logging [None req-45e73c47-52ae-4f4b-aebc-8dacf577fb24 None admin] SCRIPT_NAME: `/identity` {{(pid=72109) log_request_info /opt/stack/keystone/keystone/server/flask/request_processing/req_logging.py:27}}
Mar 11 13:45:21 jammy-provider-cloud-0000008035 devstack@keystone.service[72109]: DEBUG keystone.server.flask.request_processing.req_logging [None req-45e73c47-52ae-4f4b-aebc-8dacf577fb24 None admin] PATH_INFO: `/v3/domains/Default` {{(pid=72109) log_request_info /opt/stack/keystone/keystone/server/flask/request_processing/req_logging.py:28}}
Mar 11 13:45:21 jammy-provider-cloud-0000008035 devstack@keystone.service[72108]: DEBUG keystone.server.flask.request_processing.middleware.auth_context [None req-3c4cd527-5490-4ce2-b7de-48a580031a6e None admin] Validating token access rules against request {{(pid=72108) validate_allowed_request /opt/stack/data/venv/lib/python3.10/site-packages/keystonemiddleware/auth_token/__init__.py:544}}
Mar 11 13:45:21 jammy-provider-cloud-0000008035 devstack@keystone.service[72109]: DEBUG keystone.common.rbac_enforcer.enforcer [None req-45e73c47-52ae-4f4b-aebc-8dacf577fb24 None admin] RBAC: Authorizing `identity:get_domain(domain_id=Default)` {{(pid=72109) enforce_call /opt/stack/keystone/keystone/common/rbac_enforcer/enforcer.py:495}}
Mar 11 13:45:21 jammy-provider-cloud-0000008035 devstack@keystone.service[72109]: DEBUG keystone.common.rbac_enforcer.enforcer [None req-45e73c47-52ae-4f4b-aebc-8dacf577fb24 None admin] RBAC: Authorization granted {{(pid=72109) enforce_call /opt/stack/keystone/keystone/common/rbac_enforcer/enforcer.py:506}}
Mar 11 13:45:21 jammy-provider-cloud-0000008035 devstack@keystone.service[72109]: DEBUG keystone.server.flask.application [None req-45e73c47-52ae-4f4b-aebc-8dacf577fb24 None admin] Could not find domain: Default. {{(pid=72109) _handle_keystone_exception /opt/stack/keystone/keystone/server/flask/application.py:152}}
Mar 11 13:45:21 jammy-provider-cloud-0000008035 devstack@keystone.service[72109]: [pid: 72109|app: 0|req: 15/29] 10.201.5.87 () {56 vars in 1100 bytes} [Tue Mar 11 13:45:21 2025] GET /identity/v3/domains/Default => generated 87 bytes in 81 msecs (HTTP/1.1 404) 5 headers in 183 bytes (1 switches on core 0)
Mar 11 13:45:21 jammy-provider-cloud-0000008035 devstack@keystone.service[72109]: DEBUG keystone.server.flask.request_processing.middleware.auth_context [None req-45e73c47-52ae-4f4b-aebc-8dacf577fb24 None admin] Authenticating user token {{(pid=72109) process_request /opt/stack/data/venv/lib/python3.10/site-packages/keystonemiddleware/auth_token/__init__.py:406}}
Mar 11 13:45:21 jammy-provider-cloud-0000008035 devstack@keystone.service[72108]: DEBUG keystone.server.flask.request_processing.middleware.auth_context [None req-693ed1c8-1cd3-47cc-9ac7-0fec750bf157 None admin] RBAC: auth_context: {'token': <TokenModel (audit_id=SRGhScM5R5yRRxdbLlaaHw, audit_chain_id=['SRGhScM5R5yRRxdbLlaaHw']) at 0x7f0e3cdc7b50>, 'domain_id': None, 'trust_id': None, 'trustor_id': None, 'trustee_id': None, 'domain_name': None, 'group_ids': [], 'user_id': 'bc5b2baa7e354fea8494175abba90903', 'user_domain_id': 'default', 'system_scope': 'all', 'project_id': None, 'project_domain_id': None, 'roles': ['admin', 'manager', 'member', 'reader'], 'is_admin_project': True, 'service_user_id': None, 'service_user_domain_id': None, 'service_project_id': None, 'service_project_domain_id': None, 'service_roles': []} {{(pid=72108) fill_context /opt/stack/keystone/keystone/server/flask/request_processing/middleware/auth_context.py:506}}
Mar 11 13:45:21 jammy-provider-cloud-0000008035 devstack@keystone.service[72108]: DEBUG keystone.server.flask.request_processing.req_logging [None req-693ed1c8-1cd3-47cc-9ac7-0fec750bf157 None admin] REQUEST_METHOD: `POST` {{(pid=72108) log_request_info /opt/stack/keystone/keystone/server/flask/request_processing/req_logging.py:26}}
Mar 11 13:45:21 jammy-provider-cloud-0000008035 devstack@keystone.service[72108]: DEBUG keystone.server.flask.request_processing.req_logging [None req-693ed1c8-1cd3-47cc-9ac7-0fec750bf157 None admin] SCRIPT_NAME: `/identity` {{(pid=72108) log_request_info /opt/stack/keystone/keystone/server/flask/request_processing/req_logging.py:27}}
Mar 11 13:45:21 jammy-provider-cloud-0000008035 devstack@keystone.service[72108]: DEBUG keystone.server.flask.request_processing.req_logging [None req-693ed1c8-1cd3-47cc-9ac7-0fec750bf157 None admin] PATH_INFO: `/v3/roles` {{(pid=72108) log_request_info /opt/stack/keystone/keystone/server/flask/request_processing/req_logging.py:28}}
Mar 11 13:45:21 jammy-provider-cloud-0000008035 devstack@keystone.service[72108]: DEBUG keystone.common.rbac_enforcer.enforcer [None req-693ed1c8-1cd3-47cc-9ac7-0fec750bf157 None admin] RBAC: Authorizing `identity:create_role()` {{(pid=72108) enforce_call /opt/stack/keystone/keystone/common/rbac_enforcer/enforcer.py:495}}
Mar 11 13:45:21 jammy-provider-cloud-0000008035 devstack@keystone.service[72108]: DEBUG keystone.common.rbac_enforcer.enforcer [None req-693ed1c8-1cd3-47cc-9ac7-0fec750bf157 None admin] RBAC: Authorization granted {{(pid=72108) enforce_call /opt/stack/keystone/keystone/common/rbac_enforcer/enforcer.py:506}}
Mar 11 13:45:21 jammy-provider-cloud-0000008035 devstack@keystone.service[72108]: DEBUG keystone.common.sql.core [None req-693ed1c8-1cd3-47cc-9ac7-0fec750bf157 None admin] Conflict role: (pymysql.err.IntegrityError) (1062, "Duplicate entry 'service-<<null>>' for key 'role.ixu_role_name_domain_id'")
Mar 11 13:45:21 jammy-provider-cloud-0000008035 devstack@keystone.service[72108]: [SQL: INSERT INTO `role` (id, name, description, extra) VALUES (%(id)s, %(name)s, %(description)s, %(extra)s)]
Mar 11 13:45:21 jammy-provider-cloud-0000008035 devstack@keystone.service[72108]: [parameters: {'id': 'f65ede7457b54fdebd4d9db507c1de1b', 'name': 'service', 'description': None, 'extra': '{}'}]
Mar 11 13:45:21 jammy-provider-cloud-0000008035 devstack@keystone.service[72108]: (Background on this error at: https://sqlalche.me/e/20/gkpj) {{(pid=72108) wrapper /opt/stack/keystone/keystone/common/sql/core.py:580}}
Mar 11 13:45:21 jammy-provider-cloud-0000008035 devstack@keystone.service[72108]: ERROR keystone.server.flask.application [None req-693ed1c8-1cd3-47cc-9ac7-0fec750bf157 None admin] Conflict occurred attempting to store role - Duplicate entry found with name service.: keystone.exception.Conflict: Conflict occurred attempting to store role - Duplicate entry found with name service.
Mar 11 13:45:21 jammy-provider-cloud-0000008035 devstack@keystone.service[72108]: ERROR keystone.server.flask.application Traceback (most recent call last):
