Apr 24 02:21:01 ubuntu devstack@keystone.service[67686]: ERROR keystone.server.flask.application   File "/opt/stack/data/venv/lib/python3.12/site-packages/sqlalchemy/engine/base.py", line 1641, in _execute_clauseelement
Apr 24 02:21:01 ubuntu devstack@keystone.service[67686]: ERROR keystone.server.flask.application     ret = self._execute_context(
Apr 24 02:21:01 ubuntu devstack@keystone.service[67686]: ERROR keystone.server.flask.application           ^^^^^^^^^^^^^^^^^^^^^^
Apr 24 02:21:01 ubuntu devstack@keystone.service[67686]: ERROR keystone.server.flask.application   File "/opt/stack/data/venv/lib/python3.12/site-packages/sqlalchemy/engine/base.py", line 1846, in _execute_context
Apr 24 02:21:01 ubuntu devstack@keystone.service[67686]: ERROR keystone.server.flask.application     return self._exec_single_context(
Apr 24 02:21:01 ubuntu devstack@keystone.service[67686]: ERROR keystone.server.flask.application            ^^^^^^^^^^^^^^^^^^^^^^^^^^
Apr 24 02:21:01 ubuntu devstack@keystone.service[67686]: ERROR keystone.server.flask.application   File "/opt/stack/data/venv/lib/python3.12/site-packages/sqlalchemy/engine/base.py", line 1986, in _exec_single_context
Apr 24 02:21:01 ubuntu devstack@keystone.service[67686]: ERROR keystone.server.flask.application     self._handle_dbapi_exception(
Apr 24 02:21:01 ubuntu devstack@keystone.service[67686]: ERROR keystone.server.flask.application   File "/opt/stack/data/venv/lib/python3.12/site-packages/sqlalchemy/engine/base.py", line 2360, in _handle_dbapi_exception
Apr 24 02:21:01 ubuntu devstack@keystone.service[67686]: ERROR keystone.server.flask.application     raise newraise.with_traceback(exc_info[2]) from e
Apr 24 02:21:01 ubuntu devstack@keystone.service[67686]: ERROR keystone.server.flask.application   File "/opt/stack/data/venv/lib/python3.12/site-packages/sqlalchemy/engine/base.py", line 1967, in _exec_single_context
Apr 24 02:21:01 ubuntu devstack@keystone.service[67686]: ERROR keystone.server.flask.application     self.dialect.do_execute(
Apr 24 02:21:01 ubuntu devstack@keystone.service[67686]: ERROR keystone.server.flask.application   File "/opt/stack/data/venv/lib/python3.12/site-packages/sqlalchemy/engine/default.py", line 952, in do_execute
Apr 24 02:21:01 ubuntu devstack@keystone.service[67686]: ERROR keystone.server.flask.application     cursor.execute(statement, parameters)
Apr 24 02:21:01 ubuntu devstack@keystone.service[67686]: ERROR keystone.server.flask.application   File "/opt/stack/data/venv/lib/python3.12/site-packages/pymysql/cursors.py", line 153, in execute
Apr 24 02:21:01 ubuntu devstack@keystone.service[67686]: ERROR keystone.server.flask.application     result = self._query(query)
Apr 24 02:21:01 ubuntu devstack@keystone.service[67686]: ERROR keystone.server.flask.application              ^^^^^^^^^^^^^^^^^^
Apr 24 02:21:01 ubuntu devstack@keystone.service[67686]: ERROR keystone.server.flask.application   File "/opt/stack/data/venv/lib/python3.12/site-packages/pymysql/cursors.py", line 322, in _query
Apr 24 02:21:01 ubuntu devstack@keystone.service[67686]: ERROR keystone.server.flask.application     conn.query(q)
Apr 24 02:21:01 ubuntu devstack@keystone.service[67686]: ERROR keystone.server.flask.application   File "/opt/stack/data/venv/lib/python3.12/site-packages/pymysql/connections.py", line 575, in query
Apr 24 02:21:01 ubuntu devstack@keystone.service[67686]: ERROR keystone.server.flask.application     self._affected_rows = self._read_query_result(unbuffered=unbuffered)
Apr 24 02:21:01 ubuntu devstack@keystone.service[67686]: ERROR keystone.server.flask.application                           ^^^^^^^^^^^^^^^^^^^^^^^^^^^^^^^^^^^^^^^^^^^^^^
Apr 24 02:21:01 ubuntu devstack@keystone.service[67686]: ERROR keystone.server.flask.application   File "/opt/stack/data/venv/lib/python3.12/site-packages/pymysql/connections.py", line 826, in _read_query_result
Apr 24 02:21:01 ubuntu devstack@keystone.service[67686]: ERROR keystone.server.flask.application     result.read()
Apr 24 02:21:01 ubuntu devstack@keystone.service[67686]: ERROR keystone.server.flask.application   File "/opt/stack/data/venv/lib/python3.12/site-packages/pymysql/connections.py", line 1203, in read
Apr 24 02:21:01 ubuntu devstack@keystone.service[67686]: ERROR keystone.server.flask.application     first_packet = self.connection._read_packet()
Apr 24 02:21:01 ubuntu devstack@keystone.service[67686]: ERROR keystone.server.flask.application                    ^^^^^^^^^^^^^^^^^^^^^^^^^^^^^^
Apr 24 02:21:01 ubuntu devstack@keystone.service[67686]: ERROR keystone.server.flask.application   File "/opt/stack/data/venv/lib/python3.12/site-packages/pymysql/connections.py", line 782, in _read_packet
Apr 24 02:21:01 ubuntu devstack@keystone.service[67686]: ERROR keystone.server.flask.application     packet.raise_for_error()
Apr 24 02:21:01 ubuntu devstack@keystone.service[67686]: ERROR keystone.server.flask.application   File "/opt/stack/data/venv/lib/python3.12/site-packages/pymysql/protocol.py", line 219, in raise_for_error
Apr 24 02:21:01 ubuntu devstack@keystone.service[67686]: ERROR keystone.server.flask.application     err.raise_mysql_exception(self._data)
Apr 24 02:21:01 ubuntu devstack@keystone.service[67686]: ERROR keystone.server.flask.application   File "/opt/stack/data/venv/lib/python3.12/site-packages/pymysql/err.py", line 150, in raise_mysql_exception
Apr 24 02:21:01 ubuntu devstack@keystone.service[67686]: ERROR keystone.server.flask.application     raise errorclass(errno, errval)
Apr 24 02:21:01 ubuntu devstack@keystone.service[67686]: ERROR keystone.server.flask.application oslo_db.exception.DBDuplicateEntry: (pymysql.err.IntegrityError) (1062, "Duplicate entry 'service-<<null>>' for key 'role.ixu_role_name_domain_id'")
Apr 24 02:21:01 ubuntu devstack@keystone.service[67686]: ERROR keystone.server.flask.application [SQL: INSERT INTO `role` (id, name, description, extra) VALUES (%(id)s, %(name)s, %(description)s, %(extra)s)]
Apr 24 02:21:01 ubuntu devstack@keystone.service[67686]: ERROR keystone.server.flask.application [parameters: {'id': 'e63a528760e0416e8c3eba0973ec1d9a', 'name': 'service', 'description': None, 'extra': '{}'}]
Apr 24 02:21:01 ubuntu devstack@keystone.service[67686]: ERROR keystone.server.flask.application (Background on this error at: https://sqlalche.me/e/20/gkpj)
Apr 24 02:21:01 ubuntu devstack@keystone.service[67686]: ERROR keystone.server.flask.application 
Apr 24 02:21:01 ubuntu devstack@keystone.service[67686]: ERROR keystone.server.flask.application During handling of the above exception, another exception occurred:
Apr 24 02:21:01 ubuntu devstack@keystone.service[67686]: ERROR keystone.server.flask.application 
Apr 24 02:21:01 ubuntu devstack@keystone.service[67686]: ERROR keystone.server.flask.application Traceback (most recent call last):
Apr 24 02:21:01 ubuntu devstack@keystone.service[67686]: ERROR keystone.server.flask.application   File "/opt/stack/data/venv/lib/python3.12/site-packages/flask_restful/__init__.py", line 295, in error_router
Apr 24 02:21:01 ubuntu devstack@keystone.service[67686]: ERROR keystone.server.flask.application     return self.handle_error(e)
Apr 24 02:21:01 ubuntu devstack@keystone.service[67686]: ERROR keystone.server.flask.application            ^^^^^^^^^^^^^^^^^^^^
Apr 24 02:21:01 ubuntu devstack@keystone.service[67686]: ERROR keystone.server.flask.application   File "/opt/stack/data/venv/lib/python3.12/site-packages/flask_restful/__init__.py", line 310, in handle_error
Apr 24 02:21:01 ubuntu devstack@keystone.service[67686]: ERROR keystone.server.flask.application     _handle_flask_propagate_exceptions_config(current_app, e)
Apr 24 02:21:01 ubuntu devstack@keystone.service[67686]: ERROR keystone.server.flask.application   File "/opt/stack/data/venv/lib/python3.12/site-packages/flask/app.py", line 917, in full_dispatch_request
Apr 24 02:21:01 ubuntu devstack@keystone.service[67686]: ERROR keystone.server.flask.application     rv = self.dispatch_request()
Apr 24 02:21:01 ubuntu devstack@keystone.service[67686]: ERROR keystone.server.flask.application          ^^^^^^^^^^^^^^^^^^^^^^^
Apr 24 02:21:01 ubuntu devstack@keystone.service[67686]: ERROR keystone.server.flask.application   File "/opt/stack/data/venv/lib/python3.12/site-packages/flask/app.py", line 902, in dispatch_request
Apr 24 02:21:01 ubuntu devstack@keystone.service[67686]: ERROR keystone.server.flask.application     return self.ensure_sync(self.view_functions[rule.endpoint])(**view_args)  # type: ignore[no-any-return]
Apr 24 02:21:01 ubuntu devstack@keystone.service[67686]: ERROR keystone.server.flask.application            ^^^^^^^^^^^^^^^^^^^^^^^^^^^^^^^^^^^^^^^^^^^^^^^^^^^^^^^^^^^^^^^^^
Apr 24 02:21:01 ubuntu devstack@keystone.service[67686]: ERROR keystone.server.flask.application   File "/opt/stack/data/venv/lib/python3.12/site-packages/flask_restful/__init__.py", line 489, in wrapper
Apr 24 02:21:01 ubuntu devstack@keystone.service[67686]: ERROR keystone.server.flask.application     resp = resource(*args, **kwargs)
Apr 24 02:21:01 ubuntu devstack@keystone.service[67686]: ERROR keystone.server.flask.application            ^^^^^^^^^^^^^^^^^^^^^^^^^
Apr 24 02:21:01 ubuntu devstack@keystone.service[67686]: ERROR keystone.server.flask.application   File "/opt/stack/data/venv/lib/python3.12/site-packages/flask/views.py", line 110, in view
Apr 24 02:21:01 ubuntu devstack@keystone.service[67686]: ERROR keystone.server.flask.application     return current_app.ensure_sync(self.dispatch_request)(**kwargs)  # type: ignore[no-any-return]
Apr 24 02:21:01 ubuntu devstack@keystone.service[67686]: ERROR keystone.server.flask.application            ^^^^^^^^^^^^^^^^^^^^^^^^^^^^^^^^^^^^^^^^^^^^^^^^^^^^^^^^
Apr 24 02:21:01 ubuntu devstack@keystone.service[67686]: ERROR keystone.server.flask.application   File "/opt/stack/data/venv/lib/python3.12/site-packages/flask_restful/__init__.py", line 604, in dispatch_request
Apr 24 02:21:01 ubuntu devstack@keystone.service[67686]: ERROR keystone.server.flask.application     resp = meth(*args, **kwargs)
Apr 24 02:21:01 ubuntu devstack@keystone.service[67686]: ERROR keystone.server.flask.application            ^^^^^^^^^^^^^^^^^^^^^
Apr 24 02:21:01 ubuntu devstack@keystone.service[67686]: ERROR keystone.server.flask.application   File "/opt/stack/keystone/keystone/api/validation/__init__.py", line 86, in wrapper
Apr 24 02:21:01 ubuntu devstack@keystone.service[67686]: ERROR keystone.server.flask.application     return func(*args, **kwargs)
Apr 24 02:21:01 ubuntu devstack@keystone.service[67686]: ERROR keystone.server.flask.application            ^^^^^^^^^^^^^^^^^^^^^
Apr 24 02:21:01 ubuntu devstack@keystone.service[67686]: ERROR keystone.server.flask.application   File "/opt/stack/keystone/keystone/api/validation/__init__.py", line 145, in wrapper
Apr 24 02:21:01 ubuntu devstack@keystone.service[67686]: ERROR keystone.server.flask.application     response = func(*args, **kwargs)
Apr 24 02:21:01 ubuntu devstack@keystone.service[67686]: ERROR keystone.server.flask.application                ^^^^^^^^^^^^^^^^^^^^^
Apr 24 02:21:01 ubuntu devstack@keystone.service[67686]: ERROR keystone.server.flask.application   File "/opt/stack/keystone/keystone/api/roles.py", line 91, in post
Apr 24 02:21:01 ubuntu devstack@keystone.service[67686]: ERROR keystone.server.flask.application     ref = PROVIDERS.role_api.create_role(
Apr 24 02:21:01 ubuntu devstack@keystone.service[67686]: ERROR keystone.server.flask.application           ^^^^^^^^^^^^^^^^^^^^^^^^^^^^^^^
Apr 24 02:21:01 ubuntu devstack@keystone.service[67686]: ERROR keystone.server.flask.application   File "/opt/stack/keystone/keystone/common/manager.py", line 114, in wrapped
Apr 24 02:21:01 ubuntu devstack@keystone.service[67686]: ERROR keystone.server.flask.application     __ret_val = __f(*args, **kwargs)
Apr 24 02:21:01 ubuntu devstack@keystone.service[67686]: ERROR keystone.server.flask.application                 ^^^^^^^^^^^^^^^^^^^^
Apr 24 02:21:01 ubuntu devstack@keystone.service[67686]: ERROR keystone.server.flask.application   File "/opt/stack/keystone/keystone/assignment/core.py", line 1486, in create_role
Apr 24 02:21:01 ubuntu devstack@keystone.service[67686]: ERROR keystone.server.flask.application     ret = self.driver.create_role(role_id, role)
Apr 24 02:21:01 ubuntu devstack@keystone.service[67686]: ERROR keystone.server.flask.application           ^^^^^^^^^^^^^^^^^^^^^^^^^^^^^^^^^^^^^^
Apr 24 02:21:01 ubuntu devstack@keystone.service[67686]: ERROR keystone.server.flask.application   File "/opt/stack/keystone/keystone/common/sql/core.py", line 614, in wrapper
Apr 24 02:21:01 ubuntu devstack@keystone.service[67686]: ERROR keystone.server.flask.application     raise exception.Conflict(type=conflict_type, details=msg)
Apr 24 02:21:01 ubuntu devstack@keystone.service[67686]: ERROR keystone.server.flask.application keystone.exception.Conflict: Conflict occurred attempting to store role - Duplicate entry found with name service.
Apr 24 02:21:01 ubuntu devstack@keystone.service[67686]: ERROR keystone.server.flask.application 
Apr 24 02:21:01 ubuntu devstack@keystone.service[67687]: DEBUG keystone.server.flask.request_processing.req_logging [None req-935579a5-6be3-49ea-b78d-b197eaf0423d None None] PATH_INFO: `/` {{(pid=67687) log_request_info /opt/stack/keystone/keystone/server/flask/request_processing/req_logging.py:28}}
Apr 24 02:21:01 ubuntu devstack@keystone.service[67686]: [pid: 67686|app: 0|req: 17/35] 10.120.125.137 () {62 vars in 1199 bytes} [Fri Apr 24 02:21:01 2026] POST /identity/v3/roles => generated 140 bytes in 106 msecs (HTTP/1.1 409) 5 headers in 183 bytes (1 switches on core 0)
Apr 24 02:21:01 ubuntu devstack@keystone.service[67687]: [pid: 67687|app: 0|req: 19/36] 10.120.125.137 () {56 vars in 951 bytes} [Fri Apr 24 02:21:01 2026] GET /identity => generated 271 bytes in 1 msecs (HTTP/1.1 300) 6 headers in 235 bytes (1 switches on core 0)
Apr 24 02:21:01 ubuntu devstack@keystone.service[67686]: DEBUG keystone.server.flask.request_processing.middleware.auth_context [None req-01c968dd-9c5c-480b-b9a2-db48aae179e5 None admin] Authenticating user token {{(pid=67686) process_request /opt/stack/data/venv/lib/python3.12/site-packages/keystonemiddleware/auth_token/__init__.py:407}}
Apr 24 02:21:01 ubuntu devstack@keystone.service[67687]: DEBUG keystone.server.flask.request_processing.middleware.auth_context [None req-935579a5-6be3-49ea-b78d-b197eaf0423d None None] Authenticating user token {{(pid=67687) process_request /opt/stack/data/venv/lib/python3.12/site-packages/keystonemiddleware/auth_token/__init__.py:407}}
Apr 24 02:21:01 ubuntu devstack@keystone.service[67686]: DEBUG keystone.server.flask.request_processing.middleware.auth_context [None req-01c968dd-9c5c-480b-b9a2-db48aae179e5 None admin] Validating token access rules against request {{(pid=67686) validate_allowed_request /opt/stack/data/venv/lib/python3.12/site-packages/keystonemiddleware/auth_token/__init__.py:545}}
Apr 24 02:21:01 ubuntu devstack@keystone.service[67687]: DEBUG keystone.server.flask.request_processing.middleware.auth_context [None req-935579a5-6be3-49ea-b78d-b197eaf0423d None None] Validating token access rules against request {{(pid=67687) validate_allowed_request /opt/stack/data/venv/lib/python3.12/site-packages/keystonemiddleware/auth_token/__init__.py:545}}
Apr 24 02:21:01 ubuntu devstack@keystone.service[67686]: DEBUG keystone.server.flask.request_processing.middleware.auth_context [None req-39862403-870e-4ab9-82c4-c20e2c4a5d37 None admin] RBAC: auth_context: {'token': <TokenModel (audit_id=A3FLYu4ORB6N5qzZNJxCYQ, audit_chain_id=['A3FLYu4ORB6N5qzZNJxCYQ']) at 0x76d48cde96d0>, 'domain_id': None, 'trust_id': None, 'trustor_id': None, 'trustee_id': None, 'domain_name': None, 'group_ids': [], 'user_id': '26bd18f5ca7547b68edef7125a997789', 'user_domain_id': 'default', 'system_scope': 'all', 'project_id': None, 'project_domain_id': None, 'roles': ['admin', 'manager', 'member', 'reader'], 'is_admin_project': True, 'service_user_id': None, 'service_user_domain_id': None, 'service_project_id': None, 'service_project_domain_id': None, 'service_roles': []} {{(pid=67686) fill_context /opt/stack/keystone/keystone/server/flask/request_processing/middleware/auth_context.py:509}}
Apr 24 02:21:01 ubuntu devstack@keystone.service[67686]: DEBUG keystone.server.flask.request_processing.req_logging [None req-39862403-870e-4ab9-82c4-c20e2c4a5d37 None admin] REQUEST_METHOD: `GET` {{(pid=67686) log_request_info /opt/stack/keystone/keystone/server/flask/request_processing/req_logging.py:26}}
Apr 24 02:21:01 ubuntu devstack@keystone.service[67686]: DEBUG keystone.server.flask.request_processing.req_logging [None req-39862403-870e-4ab9-82c4-c20e2c4a5d37 None admin] SCRIPT_NAME: `/identity` {{(pid=67686) log_request_info /opt/stack/keystone/keystone/server/flask/request_processing/req_logging.py:27}}
Apr 24 02:21:01 ubuntu devstack@keystone.service[67686]: DEBUG keystone.server.flask.request_processing.req_logging [None req-39862403-870e-4ab9-82c4-c20e2c4a5d37 None admin] PATH_INFO: `/v3/roles/admin` {{(pid=67686) log_request_info /opt/stack/keystone/keystone/server/flask/request_processing/req_logging.py:28}}
Apr 24 02:21:01 ubuntu devstack@keystone.service[67687]: DEBUG keystone.server.flask.request_processing.middleware.auth_context [None req-096c5d8e-1cd2-46db-a9c3-39afd2674562 None admin] RBAC: auth_context: {'token': <TokenModel (audit_id=aJMO_cRdTeqlRLbQntgBxQ, audit_chain_id=['aJMO_cRdTeqlRLbQntgBxQ']) at 0x76d48cf59760>, 'domain_id': None, 'trust_id': None, 'trustor_id': None, 'trustee_id': None, 'domain_name': None, 'group_ids': [], 'user_id': '26bd18f5ca7547b68edef7125a997789', 'user_domain_id': 'default', 'system_scope': 'all', 'project_id': None, 'project_domain_id': None, 'roles': ['admin', 'manager', 'member', 'reader'], 'is_admin_project': True, 'service_user_id': None, 'service_user_domain_id': None, 'service_project_id': None, 'service_project_domain_id': None, 'service_roles': []} {{(pid=67687) fill_context /opt/stack/keystone/keystone/server/flask/request_processing/middleware/auth_context.py:509}}
Apr 24 02:21:01 ubuntu devstack@keystone.service[67687]: DEBUG keystone.server.flask.request_processing.req_logging [None req-096c5d8e-1cd2-46db-a9c3-39afd2674562 None admin] REQUEST_METHOD: `POST` {{(pid=67687) log_request_info /opt/stack/keystone/keystone/server/flask/request_processing/req_logging.py:26}}
Apr 24 02:21:01 ubuntu devstack@keystone.service[67687]: DEBUG keystone.server.flask.request_processing.req_logging [None req-096c5d8e-1cd2-46db-a9c3-39afd2674562 None admin] SCRIPT_NAME: `/identity` {{(pid=67687) log_request_info /opt/stack/keystone/keystone/server/flask/request_processing/req_logging.py:27}}
Apr 24 02:21:01 ubuntu devstack@keystone.service[67687]: DEBUG keystone.server.flask.request_processing.req_logging [None req-096c5d8e-1cd2-46db-a9c3-39afd2674562 None admin] PATH_INFO: `/v3/projects` {{(pid=67687) log_request_info /opt/stack/keystone/keystone/server/flask/request_processing/req_logging.py:28}}
Apr 24 02:21:01 ubuntu devstack@keystone.service[67686]: DEBUG keystone.common.rbac_enforcer.enforcer [None req-39862403-870e-4ab9-82c4-c20e2c4a5d37 None admin] Extracting inferred target data resulted in "NOT FOUND (404)". {{(pid=67686) enforce_call /opt/stack/keystone/keystone/common/rbac_enforcer/enforcer.py:445}}
Apr 24 02:21:01 ubuntu devstack@keystone.service[67687]: DEBUG keystone.common.rbac_enforcer.enforcer [None req-096c5d8e-1cd2-46db-a9c3-39afd2674562 None admin] RBAC: Authorizing `identity:create_project()` {{(pid=67687) enforce_call /opt/stack/keystone/keystone/common/rbac_enforcer/enforcer.py:494}}
Apr 24 02:21:01 ubuntu devstack@keystone.service[67686]: DEBUG keystone.server.flask.application [None req-39862403-870e-4ab9-82c4-c20e2c4a5d37 None admin] Could not find role: admin. {{(pid=67686) _handle_keystone_exception /opt/stack/keystone/keystone/server/flask/application.py:146}}
Apr 24 02:21:01 ubuntu devstack@keystone.service[67686]: [pid: 67686|app: 0|req: 18/37] 10.120.125.137 () {58 vars in 1164 bytes} [Fri Apr 24 02:21:01 2026] GET /identity/v3/roles/admin => generated 83 bytes in 66 msecs (HTTP/1.1 404) 5 headers in 183 bytes (1 switches on core 0)
Apr 24 02:21:01 ubuntu devstack@keystone.service[67687]: DEBUG keystone.common.rbac_enforcer.enforcer [None req-096c5d8e-1cd2-46db-a9c3-39afd2674562 None admin] RBAC: Authorization granted {{(pid=67687) enforce_call /opt/stack/keystone/keystone/common/rbac_enforcer/enforcer.py:505}}
Apr 24 02:21:01 ubuntu devstack@keystone.service[67686]: DEBUG keystone.server.flask.request_processing.middleware.auth_context [None req-39862403-870e-4ab9-82c4-c20e2c4a5d37 None admin] Authenticating user token {{(pid=67686) process_request /opt/stack/data/venv/lib/python3.12/site-packages/keystonemiddleware/auth_token/__init__.py:407}}
Apr 24 02:21:01 ubuntu devstack@keystone.service[67687]: [pid: 67687|app: 0|req: 20/38] 10.120.125.137 () {62 vars in 1208 bytes} [Fri Apr 24 02:21:01 2026] POST /identity/v3/projects => generated 302 bytes in 81 msecs (HTTP/1.1 201) 5 headers in 182 bytes (2 switches on core 0)
Apr 24 02:21:01 ubuntu devstack@keystone.service[67687]: DEBUG keystone.server.flask.request_processing.middleware.auth_context [None req-096c5d8e-1cd2-46db-a9c3-39afd2674562 None admin] Authenticating user token {{(pid=67687) process_request /opt/stack/data/venv/lib/python3.12/site-packages/keystonemiddleware/auth_token/__init__.py:407}}
Apr 24 02:21:01 ubuntu devstack@keystone.service[67686]: DEBUG keystone.server.flask.request_processing.middleware.auth_context [None req-39862403-870e-4ab9-82c4-c20e2c4a5d37 None admin] Validating token access rules against request {{(pid=67686) validate_allowed_request /opt/stack/data/venv/lib/python3.12/site-packages/keystonemiddleware/auth_token/__init__.py:545}}
Apr 24 02:21:01 ubuntu devstack@keystone.service[67686]: DEBUG keystone.server.flask.request_processing.middleware.auth_context [None req-2488bf6e-ae92-4650-8244-e907276b3878 None admin] RBAC: auth_context: {'token': <TokenModel (audit_id=aB-U4u7GQj24x1i2AWExMg, audit_chain_id=['aB-U4u7GQj24x1i2AWExMg']) at 0x76d48cc65700>, 'domain_id': None, 'trust_id': None, 'trustor_id': None, 'trustee_id': None, 'domain_name': None, 'group_ids': [], 'user_id': '26bd18f5ca7547b68edef7125a997789', 'user_domain_id': 'default', 'system_scope': 'all', 'project_id': None, 'project_domain_id': None, 'roles': ['admin', 'manager', 'member', 'reader'], 'is_admin_project': True, 'service_user_id': None, 'service_user_domain_id': None, 'service_project_id': None, 'service_project_domain_id': None, 'service_roles': []} {{(pid=67686) fill_context /opt/stack/keystone/keystone/server/flask/request_processing/middleware/auth_context.py:509}}
Apr 24 02:21:01 ubuntu devstack@keystone.service[67686]: DEBUG keystone.server.flask.request_processing.req_logging [None req-2488bf6e-ae92-4650-8244-e907276b3878 None admin] REQUEST_METHOD: `GET` {{(pid=67686) log_request_info /opt/stack/keystone/keystone/server/flask/request_processing/req_logging.py:26}}
Apr 24 02:21:01 ubuntu devstack@keystone.service[67686]: DEBUG keystone.server.flask.request_processing.req_logging [None req-2488bf6e-ae92-4650-8244-e907276b3878 None admin] SCRIPT_NAME: `/identity` {{(pid=67686) log_request_info /opt/stack/keystone/keystone/server/flask/request_processing/req_logging.py:27}}
Apr 24 02:21:01 ubuntu devstack@keystone.service[67686]: DEBUG keystone.server.flask.request_processing.req_logging [None req-2488bf6e-ae92-4650-8244-e907276b3878 None admin] PATH_INFO: `/v3/roles/service` {{(pid=67686) log_request_info /opt/stack/keystone/keystone/server/flask/request_processing/req_logging.py:28}}
Apr 24 02:21:01 ubuntu devstack@keystone.service[67686]: DEBUG keystone.common.rbac_enforcer.enforcer [None req-2488bf6e-ae92-4650-8244-e907276b3878 None admin] Extracting inferred target data resulted in "NOT FOUND (404)". {{(pid=67686) enforce_call /opt/stack/keystone/keystone/common/rbac_enforcer/enforcer.py:445}}
Apr 24 02:21:01 ubuntu devstack@keystone.service[67686]: DEBUG keystone.server.flask.application [None req-2488bf6e-ae92-4650-8244-e907276b3878 None admin] Could not find role: service. {{(pid=67686) _handle_keystone_exception /opt/stack/keystone/keystone/server/flask/application.py:146}}
Apr 24 02:21:01 ubuntu devstack@keystone.service[67686]: [pid: 67686|app: 0|req: 19/39] 10.120.125.137 () {58 vars in 1170 bytes} [Fri Apr 24 02:21:01 2026] GET /identity/v3/roles/service => generated 85 bytes in 57 msecs (HTTP/1.1 404) 5 headers in 183 bytes (1 switches on core 0)
Apr 24 02:21:01 ubuntu devstack@keystone.service[67686]: DEBUG keystone.server.flask.request_processing.middleware.auth_context [None req-2488bf6e-ae92-4650-8244-e907276b3878 None admin] Authenticating user token {{(pid=67686) process_request /opt/stack/data/venv/lib/python3.12/site-packages/keystonemiddleware/auth_token/__init__.py:407}}
Apr 24 02:21:01 ubuntu devstack@keystone.service[67687]: DEBUG keystone.server.flask.request_processing.middleware.auth_context [None req-096c5d8e-1cd2-46db-a9c3-39afd2674562 None admin] Validating token access rules against request {{(pid=67687) validate_allowed_request /opt/stack/data/venv/lib/python3.12/site-packages/keystonemiddleware/auth_token/__init__.py:545}}
Apr 24 02:21:01 ubuntu devstack@keystone.service[67687]: DEBUG keystone.server.flask.request_processing.middleware.auth_context [None req-0c1c5c53-9b51-4a08-8a7a-88514972a2f6 None admin] RBAC: auth_context: {'token': <TokenModel (audit_id=A3FLYu4ORB6N5qzZNJxCYQ, audit_chain_id=['A3FLYu4ORB6N5qzZNJxCYQ']) at 0x76d48cea3200>, 'domain_id': None, 'trust_id': None, 'trustor_id': None, 'trustee_id': None, 'domain_name': None, 'group_ids': [], 'user_id': '26bd18f5ca7547b68edef7125a997789', 'user_domain_id': 'default', 'system_scope': 'all', 'project_id': None, 'project_domain_id': None, 'roles': ['admin', 'manager', 'member', 'reader'], 'is_admin_project': True, 'service_user_id': None, 'service_user_domain_id': None, 'service_project_id': None, 'service_project_domain_id': None, 'service_roles': []} {{(pid=67687) fill_context /opt/stack/keystone/keystone/server/flask/request_processing/middleware/auth_context.py:509}}
Apr 24 02:21:01 ubuntu devstack@keystone.service[67687]: DEBUG keystone.server.flask.request_processing.req_logging [None req-0c1c5c53-9b51-4a08-8a7a-88514972a2f6 None admin] REQUEST_METHOD: `GET` {{(pid=67687) log_request_info /opt/stack/keystone/keystone/server/flask/request_processing/req_logging.py:26}}
Apr 24 02:21:01 ubuntu devstack@keystone.service[67687]: DEBUG keystone.server.flask.request_processing.req_logging [None req-0c1c5c53-9b51-4a08-8a7a-88514972a2f6 None admin] SCRIPT_NAME: `/identity` {{(pid=67687) log_request_info /opt/stack/keystone/keystone/server/flask/request_processing/req_logging.py:27}}
Apr 24 02:21:01 ubuntu devstack@keystone.service[67687]: DEBUG keystone.server.flask.request_processing.req_logging [None req-0c1c5c53-9b51-4a08-8a7a-88514972a2f6 None admin] PATH_INFO: `/v3/roles` {{(pid=67687) log_request_info /opt/stack/keystone/keystone/server/flask/request_processing/req_logging.py:28}}
Apr 24 02:21:01 ubuntu devstack@keystone.service[67687]: DEBUG keystone.common.rbac_enforcer.enforcer [None req-0c1c5c53-9b51-4a08-8a7a-88514972a2f6 None admin] RBAC: Adding query filter params (name=admin) {{(pid=67687) _extract_filter_values /opt/stack/keystone/keystone/common/rbac_enforcer/enforcer.py:176}}
Apr 24 02:21:01 ubuntu devstack@keystone.service[67687]: DEBUG keystone.common.rbac_enforcer.enforcer [None req-0c1c5c53-9b51-4a08-8a7a-88514972a2f6 None admin] RBAC: Authorizing `identity:list_roles()` {{(pid=67687) enforce_call /opt/stack/keystone/keystone/common/rbac_enforcer/enforcer.py:494}}
Apr 24 02:21:01 ubuntu devstack@keystone.service[67687]: DEBUG keystone.common.rbac_enforcer.enforcer [None req-0c1c5c53-9b51-4a08-8a7a-88514972a2f6 None admin] RBAC: Authorization granted {{(pid=67687) enforce_call /opt/stack/keystone/keystone/common/rbac_enforcer/enforcer.py:505}}
Apr 24 02:21:01 ubuntu devstack@keystone.service[67686]: DEBUG keystone.server.flask.request_processing.middleware.auth_context [None req-2488bf6e-ae92-4650-8244-e907276b3878 None admin] Validating token access rules against request {{(pid=67686) validate_allowed_request /opt/stack/data/venv/lib/python3.12/site-packages/keystonemiddleware/auth_token/__init__.py:545}}
Apr 24 02:21:01 ubuntu devstack@keystone.service[67687]: [pid: 67687|app: 0|req: 21/40] 10.120.125.137 () {58 vars in 1180 bytes} [Fri Apr 24 02:21:01 2026] GET /identity/v3/roles?name=admin => generated 341 bytes in 64 msecs (HTTP/1.1 200) 5 headers in 177 bytes (1 switches on core 0)
Apr 24 02:21:01 ubuntu devstack@keystone.service[67687]: DEBUG keystone.server.flask.request_processing.req_logging [None req-c45daec4-190e-4d79-992d-32eea0ca8117 None None] REQUEST_METHOD: `POST` {{(pid=67687) log_request_info /opt/stack/keystone/keystone/server/flask/request_processing/req_logging.py:26}}
Apr 24 02:21:01 ubuntu devstack@keystone.service[67687]: DEBUG keystone.server.flask.request_processing.req_logging [None req-c45daec4-190e-4d79-992d-32eea0ca8117 None None] SCRIPT_NAME: `/identity` {{(pid=67687) log_request_info /opt/stack/keystone/keystone/server/flask/request_processing/req_logging.py:27}}
Apr 24 02:21:01 ubuntu devstack@keystone.service[67687]: DEBUG keystone.server.flask.request_processing.req_logging [None req-c45daec4-190e-4d79-992d-32eea0ca8117 None None] PATH_INFO: `/v3/auth/tokens` {{(pid=67687) log_request_info /opt/stack/keystone/keystone/server/flask/request_processing/req_logging.py:28}}
Apr 24 02:21:01 ubuntu devstack@keystone.service[67687]: WARNING keystone.common.password_hashing [None req-c45daec4-190e-4d79-992d-32eea0ca8117 None None] Truncating password to algorithm specific maximum length 72 characters.
Apr 24 02:21:01 ubuntu devstack@keystone.service[67686]: DEBUG keystone.server.flask.request_processing.middleware.auth_context [None req-3e123f5b-c240-4aaf-96a2-ded0aca50bf8 None admin] RBAC: auth_context: {'token': <TokenModel (audit_id=wx6YoFhAQYSrMdkwosWFsA, audit_chain_id=['wx6YoFhAQYSrMdkwosWFsA']) at 0x76d48cfae0f0>, 'domain_id': None, 'trust_id': None, 'trustor_id': None, 'trustee_id': None, 'domain_name': None, 'group_ids': [], 'user_id': '26bd18f5ca7547b68edef7125a997789', 'user_domain_id': 'default', 'system_scope': 'all', 'project_id': None, 'project_domain_id': None, 'roles': ['admin', 'manager', 'member', 'reader'], 'is_admin_project': True, 'service_user_id': None, 'service_user_domain_id': None, 'service_project_id': None, 'service_project_domain_id': None, 'service_roles': []} {{(pid=67686) fill_context /opt/stack/keystone/keystone/server/flask/request_processing/middleware/auth_context.py:509}}
Apr 24 02:21:01 ubuntu devstack@keystone.service[67686]: DEBUG keystone.server.flask.request_processing.req_logging [None req-3e123f5b-c240-4aaf-96a2-ded0aca50bf8 None admin] REQUEST_METHOD: `POST` {{(pid=67686) log_request_info /opt/stack/keystone/keystone/server/flask/request_processing/req_logging.py:26}}
Apr 24 02:21:01 ubuntu devstack@keystone.service[67687]: DEBUG keystone.auth.core [None req-c45daec4-190e-4d79-992d-32eea0ca8117 None None] MFA Rules not processed for user `26bd18f5ca7547b68edef7125a997789`. Rule list: `[]` (Enabled: `True`). {{(pid=67687) check_auth_methods_against_rules /opt/stack/keystone/keystone/auth/core.py:476}}
Apr 24 02:21:01 ubuntu devstack@keystone.service[67686]: DEBUG keystone.server.flask.request_processing.req_logging [None req-3e123f5b-c240-4aaf-96a2-ded0aca50bf8 None admin] SCRIPT_NAME: `/identity` {{(pid=67686) log_request_info /opt/stack/keystone/keystone/server/flask/request_processing/req_logging.py:27}}
Apr 24 02:21:01 ubuntu devstack@keystone.service[67686]: DEBUG keystone.server.flask.request_processing.req_logging [None req-3e123f5b-c240-4aaf-96a2-ded0aca50bf8 None admin] PATH_INFO: `/v3/roles` {{(pid=67686) log_request_info /opt/stack/keystone/keystone/server/flask/request_processing/req_logging.py:28}}
Apr 24 02:21:01 ubuntu devstack@keystone.service[67687]: DEBUG keystone.common.fernet_utils [None req-c45daec4-190e-4d79-992d-32eea0ca8117 None None] Loaded 2 Fernet keys from /etc/keystone/fernet-keys/, but `[fernet_tokens] max_active_keys = 3`; perhaps there have not been enough key rotations to reach `max_active_keys` yet? {{(pid=67687) load_keys /opt/stack/keystone/keystone/common/fernet_utils.py:297}}
Apr 24 02:21:01 ubuntu devstack@keystone.service[67686]: DEBUG keystone.common.rbac_enforcer.enforcer [None req-3e123f5b-c240-4aaf-96a2-ded0aca50bf8 None admin] RBAC: Authorizing `identity:create_role()` {{(pid=67686) enforce_call /opt/stack/keystone/keystone/common/rbac_enforcer/enforcer.py:494}}
Apr 24 02:21:01 ubuntu devstack@keystone.service[67686]: DEBUG keystone.common.rbac_enforcer.enforcer [None req-3e123f5b-c240-4aaf-96a2-ded0aca50bf8 None admin] RBAC: Authorization granted {{(pid=67686) enforce_call /opt/stack/keystone/keystone/common/rbac_enforcer/enforcer.py:505}}
Apr 24 02:21:01 ubuntu devstack@keystone.service[67687]: [pid: 67687|app: 0|req: 22/41] 10.120.125.137 () {60 vars in 1048 bytes} [Fri Apr 24 02:21:01 2026] POST /identity/v3/auth/tokens => generated 863 bytes in 50 msecs (HTTP/1.1 201) 6 headers in 363 bytes (1 switches on core 0)
Apr 24 02:21:01 ubuntu devstack@keystone.service[67687]: DEBUG keystone.server.flask.request_processing.middleware.auth_context [None req-c45daec4-190e-4d79-992d-32eea0ca8117 None None] Authenticating user token {{(pid=67687) process_request /opt/stack/data/venv/lib/python3.12/site-packages/keystonemiddleware/auth_token/__init__.py:407}}
Apr 24 02:21:01 ubuntu devstack@keystone.service[67687]: DEBUG keystone.server.flask.request_processing.middleware.auth_context [None req-c45daec4-190e-4d79-992d-32eea0ca8117 None None] Validating token access rules against request {{(pid=67687) validate_allowed_request /opt/stack/data/venv/lib/python3.12/site-packages/keystonemiddleware/auth_token/__init__.py:545}}
Apr 24 02:21:01 ubuntu devstack@keystone.service[67687]: DEBUG keystone.server.flask.request_processing.middleware.auth_context [None req-6e955174-c9df-4962-8d01-867ae2411198 None admin] RBAC: auth_context: {'token': <TokenModel (audit_id=aB-U4u7GQj24x1i2AWExMg, audit_chain_id=['aB-U4u7GQj24x1i2AWExMg']) at 0x76d48cea2ab0>, 'domain_id': None, 'trust_id': None, 'trustor_id': None, 'trustee_id': None, 'domain_name': None, 'group_ids': [], 'user_id': '26bd18f5ca7547b68edef7125a997789', 'user_domain_id': 'default', 'system_scope': 'all', 'project_id': None, 'project_domain_id': None, 'roles': ['admin', 'manager', 'member', 'reader'], 'is_admin_project': True, 'service_user_id': None, 'service_user_domain_id': None, 'service_project_id': None, 'service_project_domain_id': None, 'service_roles': []} {{(pid=67687) fill_context /opt/stack/keystone/keystone/server/flask/request_processing/middleware/auth_context.py:509}}
Apr 24 02:21:01 ubuntu devstack@keystone.service[67687]: DEBUG keystone.server.flask.request_processing.req_logging [None req-6e955174-c9df-4962-8d01-867ae2411198 None admin] REQUEST_METHOD: `GET` {{(pid=67687) log_request_info /opt/stack/keystone/keystone/server/flask/request_processing/req_logging.py:26}}
Apr 24 02:21:01 ubuntu devstack@keystone.service[67687]: DEBUG keystone.server.flask.request_processing.req_logging [None req-6e955174-c9df-4962-8d01-867ae2411198 None admin] SCRIPT_NAME: `/identity` {{(pid=67687) log_request_info /opt/stack/keystone/keystone/server/flask/request_processing/req_logging.py:27}}
Apr 24 02:21:01 ubuntu devstack@keystone.service[67687]: DEBUG keystone.server.flask.request_processing.req_logging [None req-6e955174-c9df-4962-8d01-867ae2411198 None admin] PATH_INFO: `/v3/roles` {{(pid=67687) log_request_info /opt/stack/keystone/keystone/server/flask/request_processing/req_logging.py:28}}
Apr 24 02:21:01 ubuntu devstack@keystone.service[67686]: [pid: 67686|app: 0|req: 20/42] 10.120.125.137 () {62 vars in 1199 bytes} [Fri Apr 24 02:21:01 2026] POST /identity/v3/roles => generated 226 bytes in 142 msecs (HTTP/1.1 201) 5 headers in 182 bytes (1 switches on core 0)
Apr 24 02:21:01 ubuntu devstack@keystone.service[67687]: DEBUG keystone.common.rbac_enforcer.enforcer [None req-6e955174-c9df-4962-8d01-867ae2411198 None admin] RBAC: Adding query filter params (name=service) {{(pid=67687) _extract_filter_values /opt/stack/keystone/keystone/common/rbac_enforcer/enforcer.py:176}}
Apr 24 02:21:01 ubuntu devstack@keystone.service[67687]: DEBUG keystone.common.rbac_enforcer.enforcer [None req-6e955174-c9df-4962-8d01-867ae2411198 None admin] RBAC: Authorizing `identity:list_roles()` {{(pid=67687) enforce_call /opt/stack/keystone/keystone/common/rbac_enforcer/enforcer.py:494}}
Apr 24 02:21:01 ubuntu devstack@keystone.service[67687]: DEBUG keystone.common.rbac_enforcer.enforcer [None req-6e955174-c9df-4962-8d01-867ae2411198 None admin] RBAC: Authorization granted {{(pid=67687) enforce_call /opt/stack/keystone/keystone/common/rbac_enforcer/enforcer.py:505}}
Apr 24 02:21:01 ubuntu devstack@keystone.service[67686]: DEBUG keystone.server.flask.request_processing.middleware.auth_context [None req-3e123f5b-c240-4aaf-96a2-ded0aca50bf8 None admin] Authenticating user token {{(pid=67686) process_request /opt/stack/data/venv/lib/python3.12/site-packages/keystonemiddleware/auth_token/__init__.py:407}}
Apr 24 02:21:01 ubuntu devstack@keystone.service[67687]: [pid: 67687|app: 0|req: 23/43] 10.120.125.137 () {58 vars in 1184 bytes} [Fri Apr 24 02:21:01 2026] GET /identity/v3/roles?name=service => generated 345 bytes in 64 msecs (HTTP/1.1 200) 5 headers in 177 bytes (1 switches on core 0)
Apr 24 02:21:02 ubuntu devstack@keystone.service[67686]: DEBUG keystone.server.flask.request_processing.middleware.auth_context [None req-3e123f5b-c240-4aaf-96a2-ded0aca50bf8 None admin] Validating token access rules against request {{(pid=67686) validate_allowed_request /opt/stack/data/venv/lib/python3.12/site-packages/keystonemiddleware/auth_token/__init__.py:545}}
Apr 24 02:21:02 ubuntu devstack@keystone.service[67687]: DEBUG keystone.server.flask.request_processing.middleware.auth_context [None req-6e955174-c9df-4962-8d01-867ae2411198 None admin] Authenticating user token {{(pid=67687) process_request /opt/stack/data/venv/lib/python3.12/site-packages/keystonemiddleware/auth_token/__init__.py:407}}
Apr 24 02:21:02 ubuntu devstack@keystone.service[67686]: DEBUG keystone.server.flask.request_processing.middleware.auth_context [None req-c4630213-303f-4b11-939b-afb8cc83cdc7 None admin] RBAC: auth_context: {'token': <TokenModel (audit_id=A3FLYu4ORB6N5qzZNJxCYQ, audit_chain_id=['A3FLYu4ORB6N5qzZNJxCYQ']) at 0x76d48cbbbe60>, 'domain_id': None, 'trust_id': None, 'trustor_id': None, 'trustee_id': None, 'domain_name': None, 'group_ids': [], 'user_id': '26bd18f5ca7547b68edef7125a997789', 'user_domain_id': 'default', 'system_scope': 'all', 'project_id': None, 'project_domain_id': None, 'roles': ['admin', 'manager', 'member', 'reader'], 'is_admin_project': True, 'service_user_id': None, 'service_user_domain_id': None, 'service_project_id': None, 'service_project_domain_id': None, 'service_roles': []} {{(pid=67686) fill_context /opt/stack/keystone/keystone/server/flask/request_processing/middleware/auth_context.py:509}}
Apr 24 02:21:02 ubuntu devstack@keystone.service[67686]: DEBUG keystone.server.flask.request_processing.req_logging [None req-c4630213-303f-4b11-939b-afb8cc83cdc7 None admin] REQUEST_METHOD: `GET` {{(pid=67686) log_request_info /opt/stack/keystone/keystone/server/flask/request_processing/req_logging.py:26}}
Apr 24 02:21:02 ubuntu devstack@keystone.service[67686]: DEBUG keystone.server.flask.request_processing.req_logging [None req-c4630213-303f-4b11-939b-afb8cc83cdc7 None admin] SCRIPT_NAME: `/identity` {{(pid=67686) log_request_info /opt/stack/keystone/keystone/server/flask/request_processing/req_logging.py:27}}
Apr 24 02:21:02 ubuntu devstack@keystone.service[67686]: DEBUG keystone.server.flask.request_processing.req_logging [None req-c4630213-303f-4b11-939b-afb8cc83cdc7 None admin] PATH_INFO: `/v3/users/26bd18f5ca7547b68edef7125a997789` {{(pid=67686) log_request_info /opt/stack/keystone/keystone/server/flask/request_processing/req_logging.py:28}}
Apr 24 02:21:02 ubuntu devstack@keystone.service[67686]: DEBUG keystone.common.rbac_enforcer.enforcer [None req-c4630213-303f-4b11-939b-afb8cc83cdc7 None admin] RBAC: Authorizing `identity:get_user(user_id=26bd18f5ca7547b68edef7125a997789)` {{(pid=67686) enforce_call /opt/stack/keystone/keystone/common/rbac_enforcer/enforcer.py:494}}
Apr 24 02:21:02 ubuntu devstack@keystone.service[67686]: DEBUG keystone.common.rbac_enforcer.enforcer [None req-c4630213-303f-4b11-939b-afb8cc83cdc7 None admin] RBAC: Authorization granted {{(pid=67686) enforce_call /opt/stack/keystone/keystone/common/rbac_enforcer/enforcer.py:505}}
Apr 24 02:21:02 ubuntu devstack@keystone.service[67686]: [pid: 67686|app: 0|req: 21/44] 10.120.125.137 () {58 vars in 1245 bytes} [Fri Apr 24 02:21:01 2026] GET /identity/v3/users/26bd18f5ca7547b68edef7125a997789 => generated 248 bytes in 75 msecs (HTTP/1.1 200) 5 headers in 177 bytes (1 switches on core 0)
Apr 24 02:21:02 ubuntu devstack@keystone.service[67686]: DEBUG keystone.server.flask.request_processing.middleware.auth_context [None req-c4630213-303f-4b11-939b-afb8cc83cdc7 None admin] Authenticating user token {{(pid=67686) process_request /opt/stack/data/venv/lib/python3.12/site-packages/keystonemiddleware/auth_token/__init__.py:407}}
Apr 24 02:21:02 ubuntu devstack@keystone.service[67687]: DEBUG keystone.server.flask.request_processing.middleware.auth_context [None req-6e955174-c9df-4962-8d01-867ae2411198 None admin] Validating token access rules against request {{(pid=67687) validate_allowed_request /opt/stack/data/venv/lib/python3.12/site-packages/keystonemiddleware/auth_token/__init__.py:545}}
Apr 24 02:21:02 ubuntu devstack@keystone.service[67687]: DEBUG keystone.server.flask.request_processing.middleware.auth_context [None req-6e95c756-dc96-45af-9dde-cfdc5cde3b06 None admin] RBAC: auth_context: {'token': <TokenModel (audit_id=4OaCEESvQRqh9htYswlaGQ, audit_chain_id=['4OaCEESvQRqh9htYswlaGQ']) at 0x76d48cea2750>, 'domain_id': None, 'trust_id': None, 'trustor_id': None, 'trustee_id': None, 'domain_name': None, 'group_ids': [], 'user_id': '26bd18f5ca7547b68edef7125a997789', 'user_domain_id': 'default', 'system_scope': 'all', 'project_id': None, 'project_domain_id': None, 'roles': ['admin', 'manager', 'member', 'reader'], 'is_admin_project': True, 'service_user_id': None, 'service_user_domain_id': None, 'service_project_id': None, 'service_project_domain_id': None, 'service_roles': []} {{(pid=67687) fill_context /opt/stack/keystone/keystone/server/flask/request_processing/middleware/auth_context.py:509}}
Apr 24 02:21:02 ubuntu devstack@keystone.service[67687]: DEBUG keystone.server.flask.request_processing.req_logging [None req-6e95c756-dc96-45af-9dde-cfdc5cde3b06 None admin] REQUEST_METHOD: `GET` {{(pid=67687) log_request_info /opt/stack/keystone/keystone/server/flask/request_processing/req_logging.py:26}}
Apr 24 02:21:02 ubuntu devstack@keystone.service[67687]: DEBUG keystone.server.flask.request_processing.req_logging [None req-6e95c756-dc96-45af-9dde-cfdc5cde3b06 None admin] SCRIPT_NAME: `/identity` {{(pid=67687) log_request_info /opt/stack/keystone/keystone/server/flask/request_processing/req_logging.py:27}}
Apr 24 02:21:02 ubuntu devstack@keystone.service[67687]: DEBUG keystone.server.flask.request_processing.req_logging [None req-6e95c756-dc96-45af-9dde-cfdc5cde3b06 None admin] PATH_INFO: `/v3/domains/default` {{(pid=67687) log_request_info /opt/stack/keystone/keystone/server/flask/request_processing/req_logging.py:28}}
Apr 24 02:21:02 ubuntu devstack@keystone.service[67687]: DEBUG keystone.common.rbac_enforcer.enforcer [None req-6e95c756-dc96-45af-9dde-cfdc5cde3b06 None admin] RBAC: Authorizing `identity:get_domain(domain_id=default)` {{(pid=67687) enforce_call /opt/stack/keystone/keystone/common/rbac_enforcer/enforcer.py:494}}
Apr 24 02:21:02 ubuntu devstack@keystone.service[67687]: DEBUG keystone.common.rbac_enforcer.enforcer [None req-6e95c756-dc96-45af-9dde-cfdc5cde3b06 None admin] RBAC: Authorization granted {{(pid=67687) enforce_call /opt/stack/keystone/keystone/common/rbac_enforcer/enforcer.py:505}}
Apr 24 02:21:02 ubuntu devstack@keystone.service[67687]: [pid: 67687|app: 0|req: 24/45] 10.120.125.137 () {58 vars in 1176 bytes} [Fri Apr 24 02:21:02 2026] GET /identity/v3/domains/default => generated 200 bytes in 79 msecs (HTTP/1.1 200) 5 headers in 177 bytes (1 switches on core 0)
Apr 24 02:21:02 ubuntu devstack@keystone.service[67686]: DEBUG keystone.server.flask.request_processing.middleware.auth_context [None req-c4630213-303f-4b11-939b-afb8cc83cdc7 None admin] Validating token access rules against request {{(pid=67686) validate_allowed_request /opt/stack/data/venv/lib/python3.12/site-packages/keystonemiddleware/auth_token/__init__.py:545}}
Apr 24 02:21:02 ubuntu devstack@keystone.service[67686]: DEBUG keystone.server.flask.request_processing.middleware.auth_context [None req-e26c79bc-a4ad-47ca-bb77-a758c5ecc61f None admin] RBAC: auth_context: {'token': <TokenModel (audit_id=A3FLYu4ORB6N5qzZNJxCYQ, audit_chain_id=['A3FLYu4ORB6N5qzZNJxCYQ']) at 0x76d48cf8b3e0>, 'domain_id': None, 'trust_id': None, 'trustor_id': None, 'trustee_id': None, 'domain_name': None, 'group_ids': [], 'user_id': '26bd18f5ca7547b68edef7125a997789', 'user_domain_id': 'default', 'system_scope': 'all', 'project_id': None, 'project_domain_id': None, 'roles': ['admin', 'manager', 'member', 'reader'], 'is_admin_project': True, 'service_user_id': None, 'service_user_domain_id': None, 'service_project_id': None, 'service_project_domain_id': None, 'service_roles': []} {{(pid=67686) fill_context /opt/stack/keystone/keystone/server/flask/request_processing/middleware/auth_context.py:509}}
Apr 24 02:21:02 ubuntu devstack@keystone.service[67686]: DEBUG keystone.server.flask.request_processing.req_logging [None req-e26c79bc-a4ad-47ca-bb77-a758c5ecc61f None admin] REQUEST_METHOD: `GET` {{(pid=67686) log_request_info /opt/stack/keystone/keystone/server/flask/request_processing/req_logging.py:26}}
Apr 24 02:21:02 ubuntu devstack@keystone.service[67686]: DEBUG keystone.server.flask.request_processing.req_logging [None req-e26c79bc-a4ad-47ca-bb77-a758c5ecc61f None admin] SCRIPT_NAME: `/identity` {{(pid=67686) log_request_info /opt/stack/keystone/keystone/server/flask/request_processing/req_logging.py:27}}
Apr 24 02:21:02 ubuntu devstack@keystone.service[67686]: DEBUG keystone.server.flask.request_processing.req_logging [None req-e26c79bc-a4ad-47ca-bb77-a758c5ecc61f None admin] PATH_INFO: `/v3/domains/default` {{(pid=67686) log_request_info /opt/stack/keystone/keystone/server/flask/request_processing/req_logging.py:28}}
Apr 24 02:21:02 ubuntu devstack@keystone.service[67686]: DEBUG keystone.common.rbac_enforcer.enforcer [None req-e26c79bc-a4ad-47ca-bb77-a758c5ecc61f None admin] RBAC: Authorizing `identity:get_domain(domain_id=default)` {{(pid=67686) enforce_call /opt/stack/keystone/keystone/common/rbac_enforcer/enforcer.py:494}}
Apr 24 02:21:02 ubuntu devstack@keystone.service[67686]: DEBUG keystone.common.rbac_enforcer.enforcer [None req-e26c79bc-a4ad-47ca-bb77-a758c5ecc61f None admin] RBAC: Authorization granted {{(pid=67686) enforce_call /opt/stack/keystone/keystone/common/rbac_enforcer/enforcer.py:505}}
Apr 24 02:21:02 ubuntu devstack@keystone.service[67686]: [pid: 67686|app: 0|req: 22/46] 10.120.125.137 () {58 vars in 1176 bytes} [Fri Apr 24 02:21:02 2026] GET /identity/v3/domains/default => generated 200 bytes in 73 msecs (HTTP/1.1 200) 5 headers in 177 bytes (1 switches on core 0)
Apr 24 02:21:02 ubuntu devstack@keystone.service[67687]: DEBUG keystone.server.flask.request_processing.middleware.auth_context [None req-6e95c756-dc96-45af-9dde-cfdc5cde3b06 None admin] Authenticating user token {{(pid=67687) process_request /opt/stack/data/venv/lib/python3.12/site-packages/keystonemiddleware/auth_token/__init__.py:407}}
Apr 24 02:21:02 ubuntu devstack@keystone.service[67687]: DEBUG keystone.server.flask.request_processing.middleware.auth_context [None req-6e95c756-dc96-45af-9dde-cfdc5cde3b06 None admin] Validating token access rules against request {{(pid=67687) validate_allowed_request /opt/stack/data/venv/lib/python3.12/site-packages/keystonemiddleware/auth_token/__init__.py:545}}
Apr 24 02:21:02 ubuntu devstack@keystone.service[67686]: DEBUG keystone.server.flask.request_processing.middleware.auth_context [None req-e26c79bc-a4ad-47ca-bb77-a758c5ecc61f None admin] Authenticating user token {{(pid=67686) process_request /opt/stack/data/venv/lib/python3.12/site-packages/keystonemiddleware/auth_token/__init__.py:407}}
Apr 24 02:21:02 ubuntu devstack@keystone.service[67687]: DEBUG keystone.server.flask.request_processing.middleware.auth_context [None req-48e6fb52-05e8-479d-9d36-466d9fa1245d None admin] RBAC: auth_context: {'token': <TokenModel (audit_id=A3FLYu4ORB6N5qzZNJxCYQ, audit_chain_id=['A3FLYu4ORB6N5qzZNJxCYQ']) at 0x76d48ce7ef30>, 'domain_id': None, 'trust_id': None, 'trustor_id': None, 'trustee_id': None, 'domain_name': None, 'group_ids': [], 'user_id': '26bd18f5ca7547b68edef7125a997789', 'user_domain_id': 'default', 'system_scope': 'all', 'project_id': None, 'project_domain_id': None, 'roles': ['admin', 'manager', 'member', 'reader'], 'is_admin_project': True, 'service_user_id': None, 'service_user_domain_id': None, 'service_project_id': None, 'service_project_domain_id': None, 'service_roles': []} {{(pid=67687) fill_context /opt/stack/keystone/keystone/server/flask/request_processing/middleware/auth_context.py:509}}
