Feb 23 23:07:22 ubuntu devstack@keystone.service[61730]: DEBUG keystone.common.rbac_enforcer.enforcer [None req-770d1758-9acd-4df3-bbd2-f08f39a86bf5 None admin] RBAC: Authorization granted {{(pid=61730) enforce_call /opt/stack/keystone/keystone/common/rbac_enforcer/enforcer.py:505}}
Feb 23 23:07:22 ubuntu devstack@keystone.service[61731]: DEBUG keystone.server.flask.request_processing.middleware.auth_context [None req-63a56e49-7791-4dda-9d7c-52361d46d9f1 None admin] Authenticating user token {{(pid=61731) process_request /opt/stack/data/venv/lib/python3.12/site-packages/keystonemiddleware/auth_token/__init__.py:407}}
Feb 23 23:07:22 ubuntu devstack@keystone.service[61730]: [pid: 61730|app: 0|req: 10/21] 10.120.125.137 () {58 vars in 1190 bytes} [Mon Feb 23 23:07:22 2026] GET /identity/v3/domains?name=Default => generated 310 bytes in 69 msecs (HTTP/1.1 200) 5 headers in 177 bytes (1 switches on core 0)
Feb 23 23:07:22 ubuntu devstack@keystone.service[61731]: DEBUG keystone.server.flask.request_processing.middleware.auth_context [None req-63a56e49-7791-4dda-9d7c-52361d46d9f1 None admin] Validating token access rules against request {{(pid=61731) validate_allowed_request /opt/stack/data/venv/lib/python3.12/site-packages/keystonemiddleware/auth_token/__init__.py:545}}
Feb 23 23:07:22 ubuntu devstack@keystone.service[61731]: DEBUG keystone.server.flask.request_processing.middleware.auth_context [None req-07124969-686c-47f9-954f-1ca57af6c4f2 None admin] RBAC: auth_context: {'token': <TokenModel (audit_id=0GtOiB7dQQi33E8Ze_sIXQ, audit_chain_id=['0GtOiB7dQQi33E8Ze_sIXQ']) at 0x7ac36c03b500>, 'domain_id': None, 'trust_id': None, 'trustor_id': None, 'trustee_id': None, 'domain_name': None, 'group_ids': [], 'user_id': 'b4837543232a4a6a84d42b288cd675a9', 'user_domain_id': 'default', 'system_scope': 'all', 'project_id': None, 'project_domain_id': None, 'roles': ['admin', 'manager', 'member', 'reader'], 'is_admin_project': True, 'service_user_id': None, 'service_user_domain_id': None, 'service_project_id': None, 'service_project_domain_id': None, 'service_roles': []} {{(pid=61731) fill_context /opt/stack/keystone/keystone/server/flask/request_processing/middleware/auth_context.py:509}}
Feb 23 23:07:22 ubuntu devstack@keystone.service[61731]: DEBUG keystone.server.flask.request_processing.req_logging [None req-07124969-686c-47f9-954f-1ca57af6c4f2 None admin] REQUEST_METHOD: `PUT` {{(pid=61731) log_request_info /opt/stack/keystone/keystone/server/flask/request_processing/req_logging.py:26}}
Feb 23 23:07:22 ubuntu devstack@keystone.service[61731]: DEBUG keystone.server.flask.request_processing.req_logging [None req-07124969-686c-47f9-954f-1ca57af6c4f2 None admin] SCRIPT_NAME: `/identity` {{(pid=61731) log_request_info /opt/stack/keystone/keystone/server/flask/request_processing/req_logging.py:27}}
Feb 23 23:07:22 ubuntu devstack@keystone.service[61731]: DEBUG keystone.server.flask.request_processing.req_logging [None req-07124969-686c-47f9-954f-1ca57af6c4f2 None admin] PATH_INFO: `/v3/domains/default/users/b4837543232a4a6a84d42b288cd675a9/roles/95844761ace74d44bf7c4ced3b1245e4` {{(pid=61731) log_request_info /opt/stack/keystone/keystone/server/flask/request_processing/req_logging.py:28}}
Feb 23 23:07:22 ubuntu devstack@keystone.service[61731]: DEBUG keystone.common.rbac_enforcer.enforcer [None req-07124969-686c-47f9-954f-1ca57af6c4f2 None admin] RBAC: Authorizing `identity:create_grant(domain_id=default, user_id=b4837543232a4a6a84d42b288cd675a9, role_id=95844761ace74d44bf7c4ced3b1245e4)` {{(pid=61731) enforce_call /opt/stack/keystone/keystone/common/rbac_enforcer/enforcer.py:494}}
Feb 23 23:07:22 ubuntu devstack@keystone.service[61731]: DEBUG keystone.common.rbac_enforcer.enforcer [None req-07124969-686c-47f9-954f-1ca57af6c4f2 None admin] RBAC: Authorization granted {{(pid=61731) enforce_call /opt/stack/keystone/keystone/common/rbac_enforcer/enforcer.py:505}}
Feb 23 23:07:22 ubuntu devstack@keystone.service[61731]: [pid: 61731|app: 0|req: 12/22] 10.120.125.137 () {60 vars in 1428 bytes} [Mon Feb 23 23:07:22 2026] PUT /identity/v3/domains/default/users/b4837543232a4a6a84d42b288cd675a9/roles/95844761ace74d44bf7c4ced3b1245e4 => generated 0 bytes in 136 msecs (HTTP/1.1 204) 3 headers in 132 bytes (1 switches on core 0)
Feb 23 23:07:24 ubuntu devstack@keystone.service[61730]: DEBUG keystone.server.flask.request_processing.req_logging [None req-f8ca51c7-b47a-4823-8494-eb2917446846 None None] REQUEST_METHOD: `GET` {{(pid=61730) log_request_info /opt/stack/keystone/keystone/server/flask/request_processing/req_logging.py:26}}
Feb 23 23:07:24 ubuntu devstack@keystone.service[61730]: DEBUG keystone.server.flask.request_processing.req_logging [None req-f8ca51c7-b47a-4823-8494-eb2917446846 None None] SCRIPT_NAME: `/identity` {{(pid=61730) log_request_info /opt/stack/keystone/keystone/server/flask/request_processing/req_logging.py:27}}
Feb 23 23:07:24 ubuntu devstack@keystone.service[61730]: DEBUG keystone.server.flask.request_processing.req_logging [None req-f8ca51c7-b47a-4823-8494-eb2917446846 None None] PATH_INFO: `/` {{(pid=61730) log_request_info /opt/stack/keystone/keystone/server/flask/request_processing/req_logging.py:28}}
Feb 23 23:07:24 ubuntu devstack@keystone.service[61730]: [pid: 61730|app: 0|req: 11/23] 10.120.125.137 () {56 vars in 951 bytes} [Mon Feb 23 23:07:24 2026] GET /identity => generated 271 bytes in 2 msecs (HTTP/1.1 300) 6 headers in 235 bytes (2 switches on core 0)
Feb 23 23:07:24 ubuntu devstack@keystone.service[61731]: DEBUG keystone.server.flask.request_processing.req_logging [None req-fa710da5-f52a-4710-9b96-4995a6439e4e None None] REQUEST_METHOD: `POST` {{(pid=61731) log_request_info /opt/stack/keystone/keystone/server/flask/request_processing/req_logging.py:26}}
Feb 23 23:07:24 ubuntu devstack@keystone.service[61731]: DEBUG keystone.server.flask.request_processing.req_logging [None req-fa710da5-f52a-4710-9b96-4995a6439e4e None None] SCRIPT_NAME: `/identity` {{(pid=61731) log_request_info /opt/stack/keystone/keystone/server/flask/request_processing/req_logging.py:27}}
Feb 23 23:07:24 ubuntu devstack@keystone.service[61731]: DEBUG keystone.server.flask.request_processing.req_logging [None req-fa710da5-f52a-4710-9b96-4995a6439e4e None None] PATH_INFO: `/v3/auth/tokens` {{(pid=61731) log_request_info /opt/stack/keystone/keystone/server/flask/request_processing/req_logging.py:28}}
Feb 23 23:07:24 ubuntu devstack@keystone.service[61731]: WARNING keystone.common.password_hashing [None req-fa710da5-f52a-4710-9b96-4995a6439e4e None None] Truncating password to algorithm specific maximum length 72 characters.
Feb 23 23:07:24 ubuntu devstack@keystone.service[61731]: DEBUG keystone.auth.core [None req-fa710da5-f52a-4710-9b96-4995a6439e4e None None] MFA Rules not processed for user `b4837543232a4a6a84d42b288cd675a9`. Rule list: `[]` (Enabled: `True`). {{(pid=61731) check_auth_methods_against_rules /opt/stack/keystone/keystone/auth/core.py:476}}
Feb 23 23:07:24 ubuntu devstack@keystone.service[61731]: DEBUG keystone.common.fernet_utils [None req-fa710da5-f52a-4710-9b96-4995a6439e4e None None] Loaded 2 Fernet keys from /etc/keystone/fernet-keys/, but `[fernet_tokens] max_active_keys = 3`; perhaps there have not been enough key rotations to reach `max_active_keys` yet? {{(pid=61731) load_keys /opt/stack/keystone/keystone/common/fernet_utils.py:297}}
Feb 23 23:07:24 ubuntu devstack@keystone.service[61731]: [pid: 61731|app: 0|req: 13/24] 10.120.125.137 () {60 vars in 1048 bytes} [Mon Feb 23 23:07:24 2026] POST /identity/v3/auth/tokens => generated 863 bytes in 60 msecs (HTTP/1.1 201) 6 headers in 363 bytes (1 switches on core 0)
Feb 23 23:07:24 ubuntu devstack@keystone.service[61730]: DEBUG keystone.server.flask.request_processing.req_logging [None req-740c7075-617e-43d5-af1c-60bf022db17d None None] REQUEST_METHOD: `GET` {{(pid=61730) log_request_info /opt/stack/keystone/keystone/server/flask/request_processing/req_logging.py:26}}
Feb 23 23:07:24 ubuntu devstack@keystone.service[61731]: DEBUG keystone.server.flask.request_processing.req_logging [None req-3ef86cfc-a238-4419-8725-58ddc914fe7a None None] REQUEST_METHOD: `GET` {{(pid=61731) log_request_info /opt/stack/keystone/keystone/server/flask/request_processing/req_logging.py:26}}
Feb 23 23:07:24 ubuntu devstack@keystone.service[61730]: DEBUG keystone.server.flask.request_processing.req_logging [None req-740c7075-617e-43d5-af1c-60bf022db17d None None] SCRIPT_NAME: `/identity` {{(pid=61730) log_request_info /opt/stack/keystone/keystone/server/flask/request_processing/req_logging.py:27}}
Feb 23 23:07:24 ubuntu devstack@keystone.service[61731]: DEBUG keystone.server.flask.request_processing.req_logging [None req-3ef86cfc-a238-4419-8725-58ddc914fe7a None None] SCRIPT_NAME: `/identity` {{(pid=61731) log_request_info /opt/stack/keystone/keystone/server/flask/request_processing/req_logging.py:27}}
Feb 23 23:07:24 ubuntu devstack@keystone.service[61730]: DEBUG keystone.server.flask.request_processing.req_logging [None req-740c7075-617e-43d5-af1c-60bf022db17d None None] PATH_INFO: `/` {{(pid=61730) log_request_info /opt/stack/keystone/keystone/server/flask/request_processing/req_logging.py:28}}
Feb 23 23:07:24 ubuntu devstack@keystone.service[61731]: DEBUG keystone.server.flask.request_processing.req_logging [None req-3ef86cfc-a238-4419-8725-58ddc914fe7a None None] PATH_INFO: `/` {{(pid=61731) log_request_info /opt/stack/keystone/keystone/server/flask/request_processing/req_logging.py:28}}
Feb 23 23:07:24 ubuntu devstack@keystone.service[61730]: [pid: 61730|app: 0|req: 12/25] 10.120.125.137 () {56 vars in 951 bytes} [Mon Feb 23 23:07:24 2026] GET /identity => generated 271 bytes in 1 msecs (HTTP/1.1 300) 6 headers in 235 bytes (1 switches on core 0)
Feb 23 23:07:24 ubuntu devstack@keystone.service[61731]: [pid: 61731|app: 0|req: 14/26] 10.120.125.137 () {56 vars in 951 bytes} [Mon Feb 23 23:07:24 2026] GET /identity => generated 271 bytes in 1 msecs (HTTP/1.1 300) 6 headers in 235 bytes (2 switches on core 0)
Feb 23 23:07:24 ubuntu devstack@keystone.service[61731]: DEBUG keystone.server.flask.request_processing.req_logging [None req-beb8fc64-2eb6-4249-8982-e66ae10aebe1 None None] REQUEST_METHOD: `POST` {{(pid=61731) log_request_info /opt/stack/keystone/keystone/server/flask/request_processing/req_logging.py:26}}
Feb 23 23:07:24 ubuntu devstack@keystone.service[61730]: DEBUG keystone.server.flask.request_processing.req_logging [None req-0728a295-0633-433d-9754-e9be8d3405a7 None None] REQUEST_METHOD: `POST` {{(pid=61730) log_request_info /opt/stack/keystone/keystone/server/flask/request_processing/req_logging.py:26}}
Feb 23 23:07:24 ubuntu devstack@keystone.service[61731]: DEBUG keystone.server.flask.request_processing.req_logging [None req-beb8fc64-2eb6-4249-8982-e66ae10aebe1 None None] SCRIPT_NAME: `/identity` {{(pid=61731) log_request_info /opt/stack/keystone/keystone/server/flask/request_processing/req_logging.py:27}}
Feb 23 23:07:24 ubuntu devstack@keystone.service[61730]: DEBUG keystone.server.flask.request_processing.req_logging [None req-0728a295-0633-433d-9754-e9be8d3405a7 None None] SCRIPT_NAME: `/identity` {{(pid=61730) log_request_info /opt/stack/keystone/keystone/server/flask/request_processing/req_logging.py:27}}
Feb 23 23:07:24 ubuntu devstack@keystone.service[61731]: DEBUG keystone.server.flask.request_processing.req_logging [None req-beb8fc64-2eb6-4249-8982-e66ae10aebe1 None None] PATH_INFO: `/v3/auth/tokens` {{(pid=61731) log_request_info /opt/stack/keystone/keystone/server/flask/request_processing/req_logging.py:28}}
Feb 23 23:07:24 ubuntu devstack@keystone.service[61730]: DEBUG keystone.server.flask.request_processing.req_logging [None req-0728a295-0633-433d-9754-e9be8d3405a7 None None] PATH_INFO: `/v3/auth/tokens` {{(pid=61730) log_request_info /opt/stack/keystone/keystone/server/flask/request_processing/req_logging.py:28}}
Feb 23 23:07:24 ubuntu devstack@keystone.service[61731]: WARNING keystone.common.password_hashing [None req-beb8fc64-2eb6-4249-8982-e66ae10aebe1 None None] Truncating password to algorithm specific maximum length 72 characters.
Feb 23 23:07:24 ubuntu devstack@keystone.service[61730]: WARNING keystone.common.password_hashing [None req-0728a295-0633-433d-9754-e9be8d3405a7 None None] Truncating password to algorithm specific maximum length 72 characters.
Feb 23 23:07:24 ubuntu devstack@keystone.service[61731]: DEBUG keystone.auth.core [None req-beb8fc64-2eb6-4249-8982-e66ae10aebe1 None None] MFA Rules not processed for user `b4837543232a4a6a84d42b288cd675a9`. Rule list: `[]` (Enabled: `True`). {{(pid=61731) check_auth_methods_against_rules /opt/stack/keystone/keystone/auth/core.py:476}}
Feb 23 23:07:24 ubuntu devstack@keystone.service[61731]: DEBUG keystone.common.fernet_utils [None req-beb8fc64-2eb6-4249-8982-e66ae10aebe1 None None] Loaded 2 Fernet keys from /etc/keystone/fernet-keys/, but `[fernet_tokens] max_active_keys = 3`; perhaps there have not been enough key rotations to reach `max_active_keys` yet? {{(pid=61731) load_keys /opt/stack/keystone/keystone/common/fernet_utils.py:297}}
Feb 23 23:07:24 ubuntu devstack@keystone.service[61730]: DEBUG keystone.auth.core [None req-0728a295-0633-433d-9754-e9be8d3405a7 None None] MFA Rules not processed for user `b4837543232a4a6a84d42b288cd675a9`. Rule list: `[]` (Enabled: `True`). {{(pid=61730) check_auth_methods_against_rules /opt/stack/keystone/keystone/auth/core.py:476}}
Feb 23 23:07:24 ubuntu devstack@keystone.service[61730]: DEBUG keystone.common.fernet_utils [None req-0728a295-0633-433d-9754-e9be8d3405a7 None None] Loaded 2 Fernet keys from /etc/keystone/fernet-keys/, but `[fernet_tokens] max_active_keys = 3`; perhaps there have not been enough key rotations to reach `max_active_keys` yet? {{(pid=61730) load_keys /opt/stack/keystone/keystone/common/fernet_utils.py:297}}
Feb 23 23:07:24 ubuntu devstack@keystone.service[61730]: [pid: 61730|app: 0|req: 13/27] 10.120.125.137 () {60 vars in 1047 bytes} [Mon Feb 23 23:07:24 2026] POST /identity/v3/auth/tokens => generated 863 bytes in 85 msecs (HTTP/1.1 201) 6 headers in 363 bytes (1 switches on core 0)
Feb 23 23:07:24 ubuntu devstack@keystone.service[61731]: [pid: 61731|app: 0|req: 15/28] 10.120.125.137 () {60 vars in 1047 bytes} [Mon Feb 23 23:07:24 2026] POST /identity/v3/auth/tokens => generated 863 bytes in 87 msecs (HTTP/1.1 201) 6 headers in 363 bytes (1 switches on core 0)
Feb 23 23:07:24 ubuntu devstack@keystone.service[61730]: DEBUG keystone.server.flask.request_processing.middleware.auth_context [None req-0728a295-0633-433d-9754-e9be8d3405a7 None None] Authenticating user token {{(pid=61730) process_request /opt/stack/data/venv/lib/python3.12/site-packages/keystonemiddleware/auth_token/__init__.py:407}}
Feb 23 23:07:24 ubuntu devstack@keystone.service[61730]: DEBUG keystone.server.flask.request_processing.middleware.auth_context [None req-0728a295-0633-433d-9754-e9be8d3405a7 None None] Validating token access rules against request {{(pid=61730) validate_allowed_request /opt/stack/data/venv/lib/python3.12/site-packages/keystonemiddleware/auth_token/__init__.py:545}}
Feb 23 23:07:24 ubuntu devstack@keystone.service[61730]: DEBUG keystone.server.flask.request_processing.middleware.auth_context [None req-793e6f01-e12c-4b32-b6be-88c86a1dfb7d None admin] RBAC: auth_context: {'token': <TokenModel (audit_id=70RoSs_uQdS6I_sf9ZanTw, audit_chain_id=['70RoSs_uQdS6I_sf9ZanTw']) at 0x7ac36c0328d0>, 'domain_id': None, 'trust_id': None, 'trustor_id': None, 'trustee_id': None, 'domain_name': None, 'group_ids': [], 'user_id': 'b4837543232a4a6a84d42b288cd675a9', 'user_domain_id': 'default', 'system_scope': 'all', 'project_id': None, 'project_domain_id': None, 'roles': ['admin', 'manager', 'member', 'reader'], 'is_admin_project': True, 'service_user_id': None, 'service_user_domain_id': None, 'service_project_id': None, 'service_project_domain_id': None, 'service_roles': []} {{(pid=61730) fill_context /opt/stack/keystone/keystone/server/flask/request_processing/middleware/auth_context.py:509}}
Feb 23 23:07:24 ubuntu devstack@keystone.service[61730]: DEBUG keystone.server.flask.request_processing.req_logging [None req-793e6f01-e12c-4b32-b6be-88c86a1dfb7d None admin] REQUEST_METHOD: `GET` {{(pid=61730) log_request_info /opt/stack/keystone/keystone/server/flask/request_processing/req_logging.py:26}}
Feb 23 23:07:24 ubuntu devstack@keystone.service[61730]: DEBUG keystone.server.flask.request_processing.req_logging [None req-793e6f01-e12c-4b32-b6be-88c86a1dfb7d None admin] SCRIPT_NAME: `/identity` {{(pid=61730) log_request_info /opt/stack/keystone/keystone/server/flask/request_processing/req_logging.py:27}}
Feb 23 23:07:24 ubuntu devstack@keystone.service[61730]: DEBUG keystone.server.flask.request_processing.req_logging [None req-793e6f01-e12c-4b32-b6be-88c86a1dfb7d None admin] PATH_INFO: `/v3/domains/Default` {{(pid=61730) log_request_info /opt/stack/keystone/keystone/server/flask/request_processing/req_logging.py:28}}
Feb 23 23:07:24 ubuntu devstack@keystone.service[61730]: DEBUG keystone.common.rbac_enforcer.enforcer [None req-793e6f01-e12c-4b32-b6be-88c86a1dfb7d None admin] RBAC: Authorizing `identity:get_domain(domain_id=Default)` {{(pid=61730) enforce_call /opt/stack/keystone/keystone/common/rbac_enforcer/enforcer.py:494}}
Feb 23 23:07:24 ubuntu devstack@keystone.service[61730]: DEBUG keystone.common.rbac_enforcer.enforcer [None req-793e6f01-e12c-4b32-b6be-88c86a1dfb7d None admin] RBAC: Authorization granted {{(pid=61730) enforce_call /opt/stack/keystone/keystone/common/rbac_enforcer/enforcer.py:505}}
Feb 23 23:07:24 ubuntu devstack@keystone.service[61730]: DEBUG keystone.server.flask.application [None req-793e6f01-e12c-4b32-b6be-88c86a1dfb7d None admin] Could not find domain: Default. {{(pid=61730) _handle_keystone_exception /opt/stack/keystone/keystone/server/flask/application.py:146}}
Feb 23 23:07:24 ubuntu devstack@keystone.service[61730]: [pid: 61730|app: 0|req: 14/29] 10.120.125.137 () {58 vars in 1175 bytes} [Mon Feb 23 23:07:24 2026] GET /identity/v3/domains/Default => generated 87 bytes in 90 msecs (HTTP/1.1 404) 5 headers in 183 bytes (1 switches on core 0)
Feb 23 23:07:24 ubuntu devstack@keystone.service[61731]: DEBUG keystone.server.flask.request_processing.req_logging [None req-2056774f-4e74-48b4-a105-1647d71a8c14 None None] REQUEST_METHOD: `GET` {{(pid=61731) log_request_info /opt/stack/keystone/keystone/server/flask/request_processing/req_logging.py:26}}
Feb 23 23:07:24 ubuntu devstack@keystone.service[61731]: DEBUG keystone.server.flask.request_processing.req_logging [None req-2056774f-4e74-48b4-a105-1647d71a8c14 None None] SCRIPT_NAME: `/identity` {{(pid=61731) log_request_info /opt/stack/keystone/keystone/server/flask/request_processing/req_logging.py:27}}
Feb 23 23:07:24 ubuntu devstack@keystone.service[61731]: DEBUG keystone.server.flask.request_processing.req_logging [None req-2056774f-4e74-48b4-a105-1647d71a8c14 None None] PATH_INFO: `/` {{(pid=61731) log_request_info /opt/stack/keystone/keystone/server/flask/request_processing/req_logging.py:28}}
Feb 23 23:07:24 ubuntu devstack@keystone.service[61731]: [pid: 61731|app: 0|req: 16/30] 10.120.125.137 () {56 vars in 951 bytes} [Mon Feb 23 23:07:24 2026] GET /identity => generated 271 bytes in 1 msecs (HTTP/1.1 300) 6 headers in 235 bytes (1 switches on core 0)
Feb 23 23:07:24 ubuntu devstack@keystone.service[61730]: DEBUG keystone.server.flask.request_processing.req_logging [None req-a972f754-cfd0-4efb-9d50-72b251ea9d94 None None] REQUEST_METHOD: `GET` {{(pid=61730) log_request_info /opt/stack/keystone/keystone/server/flask/request_processing/req_logging.py:26}}
Feb 23 23:07:24 ubuntu devstack@keystone.service[61730]: DEBUG keystone.server.flask.request_processing.req_logging [None req-a972f754-cfd0-4efb-9d50-72b251ea9d94 None None] SCRIPT_NAME: `/identity` {{(pid=61730) log_request_info /opt/stack/keystone/keystone/server/flask/request_processing/req_logging.py:27}}
Feb 23 23:07:24 ubuntu devstack@keystone.service[61730]: DEBUG keystone.server.flask.request_processing.req_logging [None req-a972f754-cfd0-4efb-9d50-72b251ea9d94 None None] PATH_INFO: `/` {{(pid=61730) log_request_info /opt/stack/keystone/keystone/server/flask/request_processing/req_logging.py:28}}
Feb 23 23:07:24 ubuntu devstack@keystone.service[61730]: [pid: 61730|app: 0|req: 15/31] 10.120.125.137 () {56 vars in 951 bytes} [Mon Feb 23 23:07:24 2026] GET /identity => generated 271 bytes in 1 msecs (HTTP/1.1 300) 6 headers in 235 bytes (1 switches on core 0)
Feb 23 23:07:24 ubuntu devstack@keystone.service[61731]: DEBUG keystone.server.flask.request_processing.middleware.auth_context [None req-2056774f-4e74-48b4-a105-1647d71a8c14 None None] Authenticating user token {{(pid=61731) process_request /opt/stack/data/venv/lib/python3.12/site-packages/keystonemiddleware/auth_token/__init__.py:407}}
Feb 23 23:07:24 ubuntu devstack@keystone.service[61731]: DEBUG keystone.server.flask.request_processing.middleware.auth_context [None req-2056774f-4e74-48b4-a105-1647d71a8c14 None None] Validating token access rules against request {{(pid=61731) validate_allowed_request /opt/stack/data/venv/lib/python3.12/site-packages/keystonemiddleware/auth_token/__init__.py:545}}
Feb 23 23:07:24 ubuntu devstack@keystone.service[61731]: DEBUG keystone.server.flask.request_processing.middleware.auth_context [None req-a0752993-773f-4c53-9ca4-69501c592347 None admin] RBAC: auth_context: {'token': <TokenModel (audit_id=70RoSs_uQdS6I_sf9ZanTw, audit_chain_id=['70RoSs_uQdS6I_sf9ZanTw']) at 0x7ac36bea1040>, 'domain_id': None, 'trust_id': None, 'trustor_id': None, 'trustee_id': None, 'domain_name': None, 'group_ids': [], 'user_id': 'b4837543232a4a6a84d42b288cd675a9', 'user_domain_id': 'default', 'system_scope': 'all', 'project_id': None, 'project_domain_id': None, 'roles': ['admin', 'manager', 'member', 'reader'], 'is_admin_project': True, 'service_user_id': None, 'service_user_domain_id': None, 'service_project_id': None, 'service_project_domain_id': None, 'service_roles': []} {{(pid=61731) fill_context /opt/stack/keystone/keystone/server/flask/request_processing/middleware/auth_context.py:509}}
Feb 23 23:07:24 ubuntu devstack@keystone.service[61731]: DEBUG keystone.server.flask.request_processing.req_logging [None req-a0752993-773f-4c53-9ca4-69501c592347 None admin] REQUEST_METHOD: `GET` {{(pid=61731) log_request_info /opt/stack/keystone/keystone/server/flask/request_processing/req_logging.py:26}}
Feb 23 23:07:24 ubuntu devstack@keystone.service[61731]: DEBUG keystone.server.flask.request_processing.req_logging [None req-a0752993-773f-4c53-9ca4-69501c592347 None admin] SCRIPT_NAME: `/identity` {{(pid=61731) log_request_info /opt/stack/keystone/keystone/server/flask/request_processing/req_logging.py:27}}
Feb 23 23:07:24 ubuntu devstack@keystone.service[61731]: DEBUG keystone.server.flask.request_processing.req_logging [None req-a0752993-773f-4c53-9ca4-69501c592347 None admin] PATH_INFO: `/v3/domains` {{(pid=61731) log_request_info /opt/stack/keystone/keystone/server/flask/request_processing/req_logging.py:28}}
Feb 23 23:07:24 ubuntu devstack@keystone.service[61731]: DEBUG keystone.common.rbac_enforcer.enforcer [None req-a0752993-773f-4c53-9ca4-69501c592347 None admin] RBAC: Adding query filter params (name=Default) {{(pid=61731) _extract_filter_values /opt/stack/keystone/keystone/common/rbac_enforcer/enforcer.py:176}}
Feb 23 23:07:24 ubuntu devstack@keystone.service[61731]: DEBUG keystone.common.rbac_enforcer.enforcer [None req-a0752993-773f-4c53-9ca4-69501c592347 None admin] RBAC: Authorizing `identity:list_domains()` {{(pid=61731) enforce_call /opt/stack/keystone/keystone/common/rbac_enforcer/enforcer.py:494}}
Feb 23 23:07:24 ubuntu devstack@keystone.service[61731]: DEBUG keystone.common.rbac_enforcer.enforcer [None req-a0752993-773f-4c53-9ca4-69501c592347 None admin] RBAC: Authorization granted {{(pid=61731) enforce_call /opt/stack/keystone/keystone/common/rbac_enforcer/enforcer.py:505}}
Feb 23 23:07:24 ubuntu devstack@keystone.service[61731]: [pid: 61731|app: 0|req: 17/32] 10.120.125.137 () {58 vars in 1190 bytes} [Mon Feb 23 23:07:24 2026] GET /identity/v3/domains?name=Default => generated 310 bytes in 67 msecs (HTTP/1.1 200) 5 headers in 177 bytes (2 switches on core 0)
Feb 23 23:07:25 ubuntu devstack@keystone.service[61730]: DEBUG keystone.server.flask.request_processing.req_logging [None req-04c60e0c-84a5-4090-ac82-19819b36e4f9 None None] REQUEST_METHOD: `POST` {{(pid=61730) log_request_info /opt/stack/keystone/keystone/server/flask/request_processing/req_logging.py:26}}
Feb 23 23:07:25 ubuntu devstack@keystone.service[61730]: DEBUG keystone.server.flask.request_processing.req_logging [None req-04c60e0c-84a5-4090-ac82-19819b36e4f9 None None] SCRIPT_NAME: `/identity` {{(pid=61730) log_request_info /opt/stack/keystone/keystone/server/flask/request_processing/req_logging.py:27}}
Feb 23 23:07:25 ubuntu devstack@keystone.service[61730]: DEBUG keystone.server.flask.request_processing.req_logging [None req-04c60e0c-84a5-4090-ac82-19819b36e4f9 None None] PATH_INFO: `/v3/auth/tokens` {{(pid=61730) log_request_info /opt/stack/keystone/keystone/server/flask/request_processing/req_logging.py:28}}
Feb 23 23:07:25 ubuntu devstack@keystone.service[61730]: WARNING keystone.common.password_hashing [None req-04c60e0c-84a5-4090-ac82-19819b36e4f9 None None] Truncating password to algorithm specific maximum length 72 characters.
Feb 23 23:07:25 ubuntu devstack@keystone.service[61730]: DEBUG keystone.auth.core [None req-04c60e0c-84a5-4090-ac82-19819b36e4f9 None None] MFA Rules not processed for user `b4837543232a4a6a84d42b288cd675a9`. Rule list: `[]` (Enabled: `True`). {{(pid=61730) check_auth_methods_against_rules /opt/stack/keystone/keystone/auth/core.py:476}}
Feb 23 23:07:25 ubuntu devstack@keystone.service[61730]: DEBUG keystone.common.fernet_utils [None req-04c60e0c-84a5-4090-ac82-19819b36e4f9 None None] Loaded 2 Fernet keys from /etc/keystone/fernet-keys/, but `[fernet_tokens] max_active_keys = 3`; perhaps there have not been enough key rotations to reach `max_active_keys` yet? {{(pid=61730) load_keys /opt/stack/keystone/keystone/common/fernet_utils.py:297}}
Feb 23 23:07:25 ubuntu devstack@keystone.service[61731]: DEBUG keystone.server.flask.request_processing.req_logging [None req-a21c824c-815e-4b7c-a29b-7f097ffd1019 None None] REQUEST_METHOD: `POST` {{(pid=61731) log_request_info /opt/stack/keystone/keystone/server/flask/request_processing/req_logging.py:26}}
Feb 23 23:07:25 ubuntu devstack@keystone.service[61731]: DEBUG keystone.server.flask.request_processing.req_logging [None req-a21c824c-815e-4b7c-a29b-7f097ffd1019 None None] SCRIPT_NAME: `/identity` {{(pid=61731) log_request_info /opt/stack/keystone/keystone/server/flask/request_processing/req_logging.py:27}}
Feb 23 23:07:25 ubuntu devstack@keystone.service[61731]: DEBUG keystone.server.flask.request_processing.req_logging [None req-a21c824c-815e-4b7c-a29b-7f097ffd1019 None None] PATH_INFO: `/v3/auth/tokens` {{(pid=61731) log_request_info /opt/stack/keystone/keystone/server/flask/request_processing/req_logging.py:28}}
Feb 23 23:07:25 ubuntu devstack@keystone.service[61731]: WARNING keystone.common.password_hashing [None req-a21c824c-815e-4b7c-a29b-7f097ffd1019 None None] Truncating password to algorithm specific maximum length 72 characters.
Feb 23 23:07:25 ubuntu devstack@keystone.service[61731]: DEBUG keystone.auth.core [None req-a21c824c-815e-4b7c-a29b-7f097ffd1019 None None] MFA Rules not processed for user `b4837543232a4a6a84d42b288cd675a9`. Rule list: `[]` (Enabled: `True`). {{(pid=61731) check_auth_methods_against_rules /opt/stack/keystone/keystone/auth/core.py:476}}
Feb 23 23:07:25 ubuntu devstack@keystone.service[61731]: DEBUG keystone.common.fernet_utils [None req-a21c824c-815e-4b7c-a29b-7f097ffd1019 None None] Loaded 2 Fernet keys from /etc/keystone/fernet-keys/, but `[fernet_tokens] max_active_keys = 3`; perhaps there have not been enough key rotations to reach `max_active_keys` yet? {{(pid=61731) load_keys /opt/stack/keystone/keystone/common/fernet_utils.py:297}}
Feb 23 23:07:25 ubuntu devstack@keystone.service[61730]: [pid: 61730|app: 0|req: 16/33] 10.120.125.137 () {60 vars in 1048 bytes} [Mon Feb 23 23:07:25 2026] POST /identity/v3/auth/tokens => generated 863 bytes in 72 msecs (HTTP/1.1 201) 6 headers in 363 bytes (1 switches on core 0)
Feb 23 23:07:25 ubuntu devstack@keystone.service[61730]: DEBUG keystone.server.flask.request_processing.middleware.auth_context [None req-04c60e0c-84a5-4090-ac82-19819b36e4f9 None None] Authenticating user token {{(pid=61730) process_request /opt/stack/data/venv/lib/python3.12/site-packages/keystonemiddleware/auth_token/__init__.py:407}}
Feb 23 23:07:25 ubuntu devstack@keystone.service[61731]: [pid: 61731|app: 0|req: 18/34] 10.120.125.137 () {60 vars in 1048 bytes} [Mon Feb 23 23:07:25 2026] POST /identity/v3/auth/tokens => generated 863 bytes in 67 msecs (HTTP/1.1 201) 6 headers in 363 bytes (1 switches on core 0)
Feb 23 23:07:25 ubuntu devstack@keystone.service[61731]: DEBUG keystone.server.flask.request_processing.middleware.auth_context [None req-a21c824c-815e-4b7c-a29b-7f097ffd1019 None None] Authenticating user token {{(pid=61731) process_request /opt/stack/data/venv/lib/python3.12/site-packages/keystonemiddleware/auth_token/__init__.py:407}}
Feb 23 23:07:25 ubuntu devstack@keystone.service[61730]: DEBUG keystone.server.flask.request_processing.middleware.auth_context [None req-04c60e0c-84a5-4090-ac82-19819b36e4f9 None None] Validating token access rules against request {{(pid=61730) validate_allowed_request /opt/stack/data/venv/lib/python3.12/site-packages/keystonemiddleware/auth_token/__init__.py:545}}
Feb 23 23:07:25 ubuntu devstack@keystone.service[61731]: DEBUG keystone.server.flask.request_processing.middleware.auth_context [None req-a21c824c-815e-4b7c-a29b-7f097ffd1019 None None] Validating token access rules against request {{(pid=61731) validate_allowed_request /opt/stack/data/venv/lib/python3.12/site-packages/keystonemiddleware/auth_token/__init__.py:545}}
Feb 23 23:07:25 ubuntu devstack@keystone.service[61730]: DEBUG keystone.server.flask.request_processing.middleware.auth_context [None req-e891a880-0f49-45fe-9d24-d81cf920e50c None admin] RBAC: auth_context: {'token': <TokenModel (audit_id=4yq2tK3ZQRyJV9lsLvTQrw, audit_chain_id=['4yq2tK3ZQRyJV9lsLvTQrw']) at 0x7ac36be795e0>, 'domain_id': None, 'trust_id': None, 'trustor_id': None, 'trustee_id': None, 'domain_name': None, 'group_ids': [], 'user_id': 'b4837543232a4a6a84d42b288cd675a9', 'user_domain_id': 'default', 'system_scope': 'all', 'project_id': None, 'project_domain_id': None, 'roles': ['admin', 'manager', 'member', 'reader'], 'is_admin_project': True, 'service_user_id': None, 'service_user_domain_id': None, 'service_project_id': None, 'service_project_domain_id': None, 'service_roles': []} {{(pid=61730) fill_context /opt/stack/keystone/keystone/server/flask/request_processing/middleware/auth_context.py:509}}
Feb 23 23:07:25 ubuntu devstack@keystone.service[61730]: DEBUG keystone.server.flask.request_processing.req_logging [None req-e891a880-0f49-45fe-9d24-d81cf920e50c None admin] REQUEST_METHOD: `GET` {{(pid=61730) log_request_info /opt/stack/keystone/keystone/server/flask/request_processing/req_logging.py:26}}
Feb 23 23:07:25 ubuntu devstack@keystone.service[61730]: DEBUG keystone.server.flask.request_processing.req_logging [None req-e891a880-0f49-45fe-9d24-d81cf920e50c None admin] SCRIPT_NAME: `/identity` {{(pid=61730) log_request_info /opt/stack/keystone/keystone/server/flask/request_processing/req_logging.py:27}}
Feb 23 23:07:25 ubuntu devstack@keystone.service[61730]: DEBUG keystone.server.flask.request_processing.req_logging [None req-e891a880-0f49-45fe-9d24-d81cf920e50c None admin] PATH_INFO: `/v3/roles/admin` {{(pid=61730) log_request_info /opt/stack/keystone/keystone/server/flask/request_processing/req_logging.py:28}}
Feb 23 23:07:25 ubuntu devstack@keystone.service[61730]: DEBUG keystone.common.rbac_enforcer.enforcer [None req-e891a880-0f49-45fe-9d24-d81cf920e50c None admin] Extracting inferred target data resulted in "NOT FOUND (404)". {{(pid=61730) enforce_call /opt/stack/keystone/keystone/common/rbac_enforcer/enforcer.py:445}}
Feb 23 23:07:25 ubuntu devstack@keystone.service[61730]: DEBUG keystone.server.flask.application [None req-e891a880-0f49-45fe-9d24-d81cf920e50c None admin] Could not find role: admin. {{(pid=61730) _handle_keystone_exception /opt/stack/keystone/keystone/server/flask/application.py:146}}
Feb 23 23:07:25 ubuntu devstack@keystone.service[61730]: [pid: 61730|app: 0|req: 17/35] 10.120.125.137 () {58 vars in 1164 bytes} [Mon Feb 23 23:07:25 2026] GET /identity/v3/roles/admin => generated 83 bytes in 61 msecs (HTTP/1.1 404) 5 headers in 183 bytes (1 switches on core 0)
Feb 23 23:07:25 ubuntu devstack@keystone.service[61731]: DEBUG keystone.server.flask.request_processing.middleware.auth_context [None req-e65b64eb-85a5-4a62-8fa4-8e82d8f67d7d None admin] RBAC: auth_context: {'token': <TokenModel (audit_id=70RoSs_uQdS6I_sf9ZanTw, audit_chain_id=['70RoSs_uQdS6I_sf9ZanTw']) at 0x7ac36bf5f7d0>, 'domain_id': None, 'trust_id': None, 'trustor_id': None, 'trustee_id': None, 'domain_name': None, 'group_ids': [], 'user_id': 'b4837543232a4a6a84d42b288cd675a9', 'user_domain_id': 'default', 'system_scope': 'all', 'project_id': None, 'project_domain_id': None, 'roles': ['admin', 'manager', 'member', 'reader'], 'is_admin_project': True, 'service_user_id': None, 'service_user_domain_id': None, 'service_project_id': None, 'service_project_domain_id': None, 'service_roles': []} {{(pid=61731) fill_context /opt/stack/keystone/keystone/server/flask/request_processing/middleware/auth_context.py:509}}
Feb 23 23:07:25 ubuntu devstack@keystone.service[61731]: DEBUG keystone.server.flask.request_processing.req_logging [None req-e65b64eb-85a5-4a62-8fa4-8e82d8f67d7d None admin] REQUEST_METHOD: `POST` {{(pid=61731) log_request_info /opt/stack/keystone/keystone/server/flask/request_processing/req_logging.py:26}}
Feb 23 23:07:25 ubuntu devstack@keystone.service[61731]: DEBUG keystone.server.flask.request_processing.req_logging [None req-e65b64eb-85a5-4a62-8fa4-8e82d8f67d7d None admin] SCRIPT_NAME: `/identity` {{(pid=61731) log_request_info /opt/stack/keystone/keystone/server/flask/request_processing/req_logging.py:27}}
Feb 23 23:07:25 ubuntu devstack@keystone.service[61731]: DEBUG keystone.server.flask.request_processing.req_logging [None req-e65b64eb-85a5-4a62-8fa4-8e82d8f67d7d None admin] PATH_INFO: `/v3/projects` {{(pid=61731) log_request_info /opt/stack/keystone/keystone/server/flask/request_processing/req_logging.py:28}}
Feb 23 23:07:25 ubuntu devstack@keystone.service[61731]: DEBUG keystone.common.rbac_enforcer.enforcer [None req-e65b64eb-85a5-4a62-8fa4-8e82d8f67d7d None admin] RBAC: Authorizing `identity:create_project()` {{(pid=61731) enforce_call /opt/stack/keystone/keystone/common/rbac_enforcer/enforcer.py:494}}
Feb 23 23:07:25 ubuntu devstack@keystone.service[61731]: DEBUG keystone.common.rbac_enforcer.enforcer [None req-e65b64eb-85a5-4a62-8fa4-8e82d8f67d7d None admin] RBAC: Authorization granted {{(pid=61731) enforce_call /opt/stack/keystone/keystone/common/rbac_enforcer/enforcer.py:505}}
Feb 23 23:07:25 ubuntu devstack@keystone.service[61731]: [pid: 61731|app: 0|req: 19/36] 10.120.125.137 () {62 vars in 1208 bytes} [Mon Feb 23 23:07:25 2026] POST /identity/v3/projects => generated 302 bytes in 71 msecs (HTTP/1.1 201) 5 headers in 182 bytes (1 switches on core 0)
Feb 23 23:07:25 ubuntu devstack@keystone.service[61730]: DEBUG keystone.server.flask.request_processing.middleware.auth_context [None req-e891a880-0f49-45fe-9d24-d81cf920e50c None admin] Authenticating user token {{(pid=61730) process_request /opt/stack/data/venv/lib/python3.12/site-packages/keystonemiddleware/auth_token/__init__.py:407}}
Feb 23 23:07:25 ubuntu devstack@keystone.service[61731]: DEBUG keystone.server.flask.request_processing.middleware.auth_context [None req-e65b64eb-85a5-4a62-8fa4-8e82d8f67d7d None admin] Authenticating user token {{(pid=61731) process_request /opt/stack/data/venv/lib/python3.12/site-packages/keystonemiddleware/auth_token/__init__.py:407}}
Feb 23 23:07:25 ubuntu devstack@keystone.service[61730]: DEBUG keystone.server.flask.request_processing.middleware.auth_context [None req-e891a880-0f49-45fe-9d24-d81cf920e50c None admin] Validating token access rules against request {{(pid=61730) validate_allowed_request /opt/stack/data/venv/lib/python3.12/site-packages/keystonemiddleware/auth_token/__init__.py:545}}
Feb 23 23:07:25 ubuntu devstack@keystone.service[61730]: DEBUG keystone.server.flask.request_processing.middleware.auth_context [None req-8dc1731d-a7f0-4993-bce6-1ae87f9752f2 None admin] RBAC: auth_context: {'token': <TokenModel (audit_id=4yq2tK3ZQRyJV9lsLvTQrw, audit_chain_id=['4yq2tK3ZQRyJV9lsLvTQrw']) at 0x7ac36c01fb90>, 'domain_id': None, 'trust_id': None, 'trustor_id': None, 'trustee_id': None, 'domain_name': None, 'group_ids': [], 'user_id': 'b4837543232a4a6a84d42b288cd675a9', 'user_domain_id': 'default', 'system_scope': 'all', 'project_id': None, 'project_domain_id': None, 'roles': ['admin', 'manager', 'member', 'reader'], 'is_admin_project': True, 'service_user_id': None, 'service_user_domain_id': None, 'service_project_id': None, 'service_project_domain_id': None, 'service_roles': []} {{(pid=61730) fill_context /opt/stack/keystone/keystone/server/flask/request_processing/middleware/auth_context.py:509}}
Feb 23 23:07:25 ubuntu devstack@keystone.service[61730]: DEBUG keystone.server.flask.request_processing.req_logging [None req-8dc1731d-a7f0-4993-bce6-1ae87f9752f2 None admin] REQUEST_METHOD: `GET` {{(pid=61730) log_request_info /opt/stack/keystone/keystone/server/flask/request_processing/req_logging.py:26}}
Feb 23 23:07:25 ubuntu devstack@keystone.service[61730]: DEBUG keystone.server.flask.request_processing.req_logging [None req-8dc1731d-a7f0-4993-bce6-1ae87f9752f2 None admin] SCRIPT_NAME: `/identity` {{(pid=61730) log_request_info /opt/stack/keystone/keystone/server/flask/request_processing/req_logging.py:27}}
Feb 23 23:07:25 ubuntu devstack@keystone.service[61730]: DEBUG keystone.server.flask.request_processing.req_logging [None req-8dc1731d-a7f0-4993-bce6-1ae87f9752f2 None admin] PATH_INFO: `/v3/roles` {{(pid=61730) log_request_info /opt/stack/keystone/keystone/server/flask/request_processing/req_logging.py:28}}
Feb 23 23:07:25 ubuntu devstack@keystone.service[61730]: DEBUG keystone.common.rbac_enforcer.enforcer [None req-8dc1731d-a7f0-4993-bce6-1ae87f9752f2 None admin] RBAC: Adding query filter params (name=admin) {{(pid=61730) _extract_filter_values /opt/stack/keystone/keystone/common/rbac_enforcer/enforcer.py:176}}
Feb 23 23:07:25 ubuntu devstack@keystone.service[61730]: DEBUG keystone.common.rbac_enforcer.enforcer [None req-8dc1731d-a7f0-4993-bce6-1ae87f9752f2 None admin] RBAC: Authorizing `identity:list_roles()` {{(pid=61730) enforce_call /opt/stack/keystone/keystone/common/rbac_enforcer/enforcer.py:494}}
Feb 23 23:07:25 ubuntu devstack@keystone.service[61730]: DEBUG keystone.common.rbac_enforcer.enforcer [None req-8dc1731d-a7f0-4993-bce6-1ae87f9752f2 None admin] RBAC: Authorization granted {{(pid=61730) enforce_call /opt/stack/keystone/keystone/common/rbac_enforcer/enforcer.py:505}}
Feb 23 23:07:25 ubuntu devstack@keystone.service[61730]: [pid: 61730|app: 0|req: 18/37] 10.120.125.137 () {58 vars in 1180 bytes} [Mon Feb 23 23:07:25 2026] GET /identity/v3/roles?name=admin => generated 341 bytes in 71 msecs (HTTP/1.1 200) 5 headers in 177 bytes (1 switches on core 0)
Feb 23 23:07:25 ubuntu devstack@keystone.service[61731]: DEBUG keystone.server.flask.request_processing.middleware.auth_context [None req-e65b64eb-85a5-4a62-8fa4-8e82d8f67d7d None admin] Validating token access rules against request {{(pid=61731) validate_allowed_request /opt/stack/data/venv/lib/python3.12/site-packages/keystonemiddleware/auth_token/__init__.py:545}}
Feb 23 23:07:25 ubuntu devstack@keystone.service[61731]: DEBUG keystone.server.flask.request_processing.middleware.auth_context [None req-d5e2dedb-e3b2-4017-bd36-8b5ee4e37e16 None admin] RBAC: auth_context: {'token': <TokenModel (audit_id=2jaqxTWFT6mKt1-wvI1TQA, audit_chain_id=['2jaqxTWFT6mKt1-wvI1TQA']) at 0x7ac36bf153d0>, 'domain_id': None, 'trust_id': None, 'trustor_id': None, 'trustee_id': None, 'domain_name': None, 'group_ids': [], 'user_id': 'b4837543232a4a6a84d42b288cd675a9', 'user_domain_id': 'default', 'system_scope': 'all', 'project_id': None, 'project_domain_id': None, 'roles': ['admin', 'manager', 'member', 'reader'], 'is_admin_project': True, 'service_user_id': None, 'service_user_domain_id': None, 'service_project_id': None, 'service_project_domain_id': None, 'service_roles': []} {{(pid=61731) fill_context /opt/stack/keystone/keystone/server/flask/request_processing/middleware/auth_context.py:509}}
Feb 23 23:07:25 ubuntu devstack@keystone.service[61731]: DEBUG keystone.server.flask.request_processing.req_logging [None req-d5e2dedb-e3b2-4017-bd36-8b5ee4e37e16 None admin] REQUEST_METHOD: `POST` {{(pid=61731) log_request_info /opt/stack/keystone/keystone/server/flask/request_processing/req_logging.py:26}}
Feb 23 23:07:25 ubuntu devstack@keystone.service[61731]: DEBUG keystone.server.flask.request_processing.req_logging [None req-d5e2dedb-e3b2-4017-bd36-8b5ee4e37e16 None admin] SCRIPT_NAME: `/identity` {{(pid=61731) log_request_info /opt/stack/keystone/keystone/server/flask/request_processing/req_logging.py:27}}
Feb 23 23:07:25 ubuntu devstack@keystone.service[61731]: DEBUG keystone.server.flask.request_processing.req_logging [None req-d5e2dedb-e3b2-4017-bd36-8b5ee4e37e16 None admin] PATH_INFO: `/v3/roles` {{(pid=61731) log_request_info /opt/stack/keystone/keystone/server/flask/request_processing/req_logging.py:28}}
Feb 23 23:07:25 ubuntu devstack@keystone.service[61731]: DEBUG keystone.common.rbac_enforcer.enforcer [None req-d5e2dedb-e3b2-4017-bd36-8b5ee4e37e16 None admin] RBAC: Authorizing `identity:create_role()` {{(pid=61731) enforce_call /opt/stack/keystone/keystone/common/rbac_enforcer/enforcer.py:494}}
Feb 23 23:07:25 ubuntu devstack@keystone.service[61731]: DEBUG keystone.common.rbac_enforcer.enforcer [None req-d5e2dedb-e3b2-4017-bd36-8b5ee4e37e16 None admin] RBAC: Authorization granted {{(pid=61731) enforce_call /opt/stack/keystone/keystone/common/rbac_enforcer/enforcer.py:505}}
Feb 23 23:07:25 ubuntu devstack@keystone.service[61731]: DEBUG keystone.common.sql.core [None req-d5e2dedb-e3b2-4017-bd36-8b5ee4e37e16 None admin] Conflict role: (pymysql.err.IntegrityError) (1062, "Duplicate entry 'service-<<null>>' for key 'role.ixu_role_name_domain_id'")
Feb 23 23:07:25 ubuntu devstack@keystone.service[61731]: [SQL: INSERT INTO `role` (id, name, description, extra) VALUES (%(id)s, %(name)s, %(description)s, %(extra)s)]
Feb 23 23:07:25 ubuntu devstack@keystone.service[61731]: [parameters: {'id': '3615f1838c00440c8ae424b88ab3799a', 'name': 'service', 'description': None, 'extra': '{}'}]
Feb 23 23:07:25 ubuntu devstack@keystone.service[61731]: (Background on this error at: https://sqlalche.me/e/20/gkpj) {{(pid=61731) wrapper /opt/stack/keystone/keystone/common/sql/core.py:580}}
Feb 23 23:07:25 ubuntu devstack@keystone.service[61730]: DEBUG keystone.server.flask.request_processing.middleware.auth_context [None req-8dc1731d-a7f0-4993-bce6-1ae87f9752f2 None admin] Authenticating user token {{(pid=61730) process_request /opt/stack/data/venv/lib/python3.12/site-packages/keystonemiddleware/auth_token/__init__.py:407}}
Feb 23 23:07:25 ubuntu devstack@keystone.service[61731]: ERROR keystone.server.flask.application [None req-d5e2dedb-e3b2-4017-bd36-8b5ee4e37e16 None admin] Conflict occurred attempting to store role - Duplicate entry found with name service.: keystone.exception.Conflict: Conflict occurred attempting to store role - Duplicate entry found with name service.
Feb 23 23:07:25 ubuntu devstack@keystone.service[61731]: ERROR keystone.server.flask.application Traceback (most recent call last):
Feb 23 23:07:25 ubuntu devstack@keystone.service[61731]: ERROR keystone.server.flask.application   File "/opt/stack/data/venv/lib/python3.12/site-packages/sqlalchemy/engine/base.py", line 1967, in _exec_single_context
Feb 23 23:07:25 ubuntu devstack@keystone.service[61731]: ERROR keystone.server.flask.application     self.dialect.do_execute(
Feb 23 23:07:25 ubuntu devstack@keystone.service[61731]: ERROR keystone.server.flask.application   File "/opt/stack/data/venv/lib/python3.12/site-packages/sqlalchemy/engine/default.py", line 952, in do_execute
Feb 23 23:07:25 ubuntu devstack@keystone.service[61731]: ERROR keystone.server.flask.application     cursor.execute(statement, parameters)
Feb 23 23:07:25 ubuntu devstack@keystone.service[61731]: ERROR keystone.server.flask.application   File "/opt/stack/data/venv/lib/python3.12/site-packages/pymysql/cursors.py", line 153, in execute
Feb 23 23:07:25 ubuntu devstack@keystone.service[61731]: ERROR keystone.server.flask.application     result = self._query(query)
Feb 23 23:07:25 ubuntu devstack@keystone.service[61731]: ERROR keystone.server.flask.application              ^^^^^^^^^^^^^^^^^^
Feb 23 23:07:25 ubuntu devstack@keystone.service[61731]: ERROR keystone.server.flask.application   File "/opt/stack/data/venv/lib/python3.12/site-packages/pymysql/cursors.py", line 322, in _query
Feb 23 23:07:25 ubuntu devstack@keystone.service[61731]: ERROR keystone.server.flask.application     conn.query(q)
Feb 23 23:07:25 ubuntu devstack@keystone.service[61731]: ERROR keystone.server.flask.application   File "/opt/stack/data/venv/lib/python3.12/site-packages/pymysql/connections.py", line 575, in query
Feb 23 23:07:25 ubuntu devstack@keystone.service[61731]: ERROR keystone.server.flask.application     self._affected_rows = self._read_query_result(unbuffered=unbuffered)
Feb 23 23:07:25 ubuntu devstack@keystone.service[61731]: ERROR keystone.server.flask.application                           ^^^^^^^^^^^^^^^^^^^^^^^^^^^^^^^^^^^^^^^^^^^^^^
Feb 23 23:07:25 ubuntu devstack@keystone.service[61731]: ERROR keystone.server.flask.application   File "/opt/stack/data/venv/lib/python3.12/site-packages/pymysql/connections.py", line 826, in _read_query_result
Feb 23 23:07:25 ubuntu devstack@keystone.service[61731]: ERROR keystone.server.flask.application     result.read()
Feb 23 23:07:25 ubuntu devstack@keystone.service[61731]: ERROR keystone.server.flask.application   File "/opt/stack/data/venv/lib/python3.12/site-packages/pymysql/connections.py", line 1203, in read
Feb 23 23:07:25 ubuntu devstack@keystone.service[61731]: ERROR keystone.server.flask.application     first_packet = self.connection._read_packet()
Feb 23 23:07:25 ubuntu devstack@keystone.service[61731]: ERROR keystone.server.flask.application                    ^^^^^^^^^^^^^^^^^^^^^^^^^^^^^^
Feb 23 23:07:25 ubuntu devstack@keystone.service[61731]: ERROR keystone.server.flask.application   File "/opt/stack/data/venv/lib/python3.12/site-packages/pymysql/connections.py", line 782, in _read_packet
Feb 23 23:07:25 ubuntu devstack@keystone.service[61731]: ERROR keystone.server.flask.application     packet.raise_for_error()
Feb 23 23:07:25 ubuntu devstack@keystone.service[61731]: ERROR keystone.server.flask.application   File "/opt/stack/data/venv/lib/python3.12/site-packages/pymysql/protocol.py", line 219, in raise_for_error
Feb 23 23:07:25 ubuntu devstack@keystone.service[61731]: ERROR keystone.server.flask.application     err.raise_mysql_exception(self._data)
Feb 23 23:07:25 ubuntu devstack@keystone.service[61731]: ERROR keystone.server.flask.application   File "/opt/stack/data/venv/lib/python3.12/site-packages/pymysql/err.py", line 150, in raise_mysql_exception
Feb 23 23:07:25 ubuntu devstack@keystone.service[61731]: ERROR keystone.server.flask.application     raise errorclass(errno, errval)
Feb 23 23:07:25 ubuntu devstack@keystone.service[61731]: ERROR keystone.server.flask.application pymysql.err.IntegrityError: (1062, "Duplicate entry 'service-<<null>>' for key 'role.ixu_role_name_domain_id'")
Feb 23 23:07:25 ubuntu devstack@keystone.service[61731]: ERROR keystone.server.flask.application 
Feb 23 23:07:25 ubuntu devstack@keystone.service[61731]: ERROR keystone.server.flask.application The above exception was the direct cause of the following exception:
Feb 23 23:07:25 ubuntu devstack@keystone.service[61731]: ERROR keystone.server.flask.application 
Feb 23 23:07:25 ubuntu devstack@keystone.service[61731]: ERROR keystone.server.flask.application Traceback (most recent call last):
Feb 23 23:07:25 ubuntu devstack@keystone.service[61731]: ERROR keystone.server.flask.application   File "/opt/stack/keystone/keystone/common/sql/core.py", line 575, in wrapper
Feb 23 23:07:25 ubuntu devstack@keystone.service[61731]: ERROR keystone.server.flask.application     return method(*args, **kwargs)
Feb 23 23:07:25 ubuntu devstack@keystone.service[61731]: ERROR keystone.server.flask.application            ^^^^^^^^^^^^^^^^^^^^^^^
Feb 23 23:07:25 ubuntu devstack@keystone.service[61731]: ERROR keystone.server.flask.application   File "/opt/stack/keystone/keystone/assignment/role_backends/sql.py", line 25, in create_role
Feb 23 23:07:25 ubuntu devstack@keystone.service[61731]: ERROR keystone.server.flask.application     with sql.session_for_write() as session:
Feb 23 23:07:25 ubuntu devstack@keystone.service[61731]: ERROR keystone.server.flask.application   File "/usr/lib/python3.12/contextlib.py", line 144, in __exit__
Feb 23 23:07:25 ubuntu devstack@keystone.service[61731]: ERROR keystone.server.flask.application     next(self.gen)
Feb 23 23:07:25 ubuntu devstack@keystone.service[61731]: ERROR keystone.server.flask.application   File "/opt/stack/data/venv/lib/python3.12/site-packages/oslo_db/sqlalchemy/enginefacade.py", line 1175, in _transaction_scope
