Jun 24 14:06:17 jammy-provider-cloud-0000007255 systemd[1]: Starting Devstack devstack@g-api.service...
Jun 24 14:06:17 jammy-provider-cloud-0000007255 devstack@g-api.service[105133]: [uWSGI] getting INI configuration from /etc/glance/glance-uwsgi.ini
Jun 24 14:06:17 jammy-provider-cloud-0000007255 devstack@g-api.service[105133]: *** Starting uWSGI 2.0.20-debian (64bit) on [Mon Jun 24 14:06:17 2024] ***
Jun 24 14:06:17 jammy-provider-cloud-0000007255 devstack@g-api.service[105133]: compiled with version: 11.2.0 on 21 March 2022 11:00:44
Jun 24 14:06:17 jammy-provider-cloud-0000007255 devstack@g-api.service[105133]: os: Linux-5.15.0-107-generic #117-Ubuntu SMP Fri Apr 26 12:26:49 UTC 2024
Jun 24 14:06:17 jammy-provider-cloud-0000007255 devstack@g-api.service[105133]: nodename: jammy-provider-cloud-0000007255
Jun 24 14:06:17 jammy-provider-cloud-0000007255 devstack@g-api.service[105133]: machine: x86_64
Jun 24 14:06:17 jammy-provider-cloud-0000007255 devstack@g-api.service[105133]: clock source: unix
Jun 24 14:06:17 jammy-provider-cloud-0000007255 devstack@g-api.service[105133]: pcre jit disabled
Jun 24 14:06:17 jammy-provider-cloud-0000007255 devstack@g-api.service[105133]: detected number of CPU cores: 4
Jun 24 14:06:17 jammy-provider-cloud-0000007255 devstack@g-api.service[105133]: current working directory: /
Jun 24 14:06:17 jammy-provider-cloud-0000007255 devstack@g-api.service[105133]: detected binary path: /usr/bin/uwsgi-core
Jun 24 14:06:17 jammy-provider-cloud-0000007255 devstack@g-api.service[105133]: your processes number limit is 31298
Jun 24 14:06:17 jammy-provider-cloud-0000007255 devstack@g-api.service[105133]: your memory page size is 4096 bytes
Jun 24 14:06:17 jammy-provider-cloud-0000007255 devstack@g-api.service[105133]: detected max file descriptor number: 2048
Jun 24 14:06:17 jammy-provider-cloud-0000007255 devstack@g-api.service[105133]: lock engine: pthread robust mutexes
Jun 24 14:06:17 jammy-provider-cloud-0000007255 devstack@g-api.service[105133]: thunder lock: enabled
Jun 24 14:06:17 jammy-provider-cloud-0000007255 devstack@g-api.service[105133]: uwsgi socket 0 bound to TCP address 127.0.0.1:60999 fd 4
Jun 24 14:06:17 jammy-provider-cloud-0000007255 devstack@g-api.service[105133]: Python version: 3.10.12 (main, Nov 20 2023, 15:14:05) [GCC 11.4.0]
Jun 24 14:06:17 jammy-provider-cloud-0000007255 devstack@g-api.service[105133]: PEP 405 virtualenv detected: /opt/stack/data/venv
Jun 24 14:06:17 jammy-provider-cloud-0000007255 devstack@g-api.service[105133]: Set PythonHome to /opt/stack/data/venv
Jun 24 14:06:17 jammy-provider-cloud-0000007255 devstack@g-api.service[105133]: Python main interpreter initialized at 0x5558bdd74e00
Jun 24 14:06:17 jammy-provider-cloud-0000007255 devstack@g-api.service[105133]: python threads support enabled
Jun 24 14:06:17 jammy-provider-cloud-0000007255 devstack@g-api.service[105133]: your server socket listen backlog is limited to 100 connections
Jun 24 14:06:17 jammy-provider-cloud-0000007255 devstack@g-api.service[105133]: your mercy for graceful operations on workers is 80 seconds
Jun 24 14:06:17 jammy-provider-cloud-0000007255 devstack@g-api.service[105133]: mapped 403077 bytes (393 KB) for 2 cores
Jun 24 14:06:17 jammy-provider-cloud-0000007255 devstack@g-api.service[105133]: *** Operational MODE: preforking ***
Jun 24 14:06:17 jammy-provider-cloud-0000007255 devstack@g-api.service[105133]: *** uWSGI is running in multiple interpreter mode ***
Jun 24 14:06:17 jammy-provider-cloud-0000007255 devstack@g-api.service[105133]: spawned uWSGI master process (pid: 105133)
Jun 24 14:06:17 jammy-provider-cloud-0000007255 systemd[1]: Started Devstack devstack@g-api.service.
Jun 24 14:06:17 jammy-provider-cloud-0000007255 devstack@g-api.service[105133]: spawned uWSGI worker 1 (pid: 105134, cores: 1)
Jun 24 14:06:17 jammy-provider-cloud-0000007255 devstack@g-api.service[105133]: spawned uWSGI worker 2 (pid: 105135, cores: 1)
Jun 24 14:06:17 jammy-provider-cloud-0000007255 devstack@g-api.service[105133]: running "unix_signal:15 gracefully_kill_them_all" (master-start)...
Jun 24 14:06:18 jammy-provider-cloud-0000007255 devstack@g-api.service[105134]: INFO glance.async_ [-] Threadpool model set to 'NativeThreadPoolModel'
Jun 24 14:06:18 jammy-provider-cloud-0000007255 devstack@g-api.service[105135]: INFO glance.async_ [-] Threadpool model set to 'NativeThreadPoolModel'
Jun 24 14:06:18 jammy-provider-cloud-0000007255 devstack@g-api.service[105134]: DEBUG oslo_concurrency.processutils [-] Running cmd (subprocess): grep -F node.session.scan /sbin/iscsiadm {{(pid=105134) execute /opt/stack/data/venv/lib/python3.10/site-packages/oslo_concurrency/processutils.py:390}}
Jun 24 14:06:18 jammy-provider-cloud-0000007255 devstack@g-api.service[105134]: DEBUG oslo_concurrency.processutils [-] CMD "grep -F node.session.scan /sbin/iscsiadm" returned: 0 in 0.006s {{(pid=105134) execute /opt/stack/data/venv/lib/python3.10/site-packages/oslo_concurrency/processutils.py:428}}
Jun 24 14:06:18 jammy-provider-cloud-0000007255 devstack@g-api.service[105134]: DEBUG glance_store.common.attachment_state_manager [-] Initialising _AttachmentStateManager {{(pid=105134) __init__ /opt/stack/data/venv/lib/python3.10/site-packages/glance_store/common/attachment_state_manager.py:86}}
Jun 24 14:06:18 jammy-provider-cloud-0000007255 devstack@g-api.service[105135]: DEBUG oslo_concurrency.processutils [-] Running cmd (subprocess): grep -F node.session.scan /sbin/iscsiadm {{(pid=105135) execute /opt/stack/data/venv/lib/python3.10/site-packages/oslo_concurrency/processutils.py:390}}
Jun 24 14:06:18 jammy-provider-cloud-0000007255 devstack@g-api.service[105135]: DEBUG oslo_concurrency.processutils [-] CMD "grep -F node.session.scan /sbin/iscsiadm" returned: 0 in 0.007s {{(pid=105135) execute /opt/stack/data/venv/lib/python3.10/site-packages/oslo_concurrency/processutils.py:428}}
Jun 24 14:06:19 jammy-provider-cloud-0000007255 devstack@g-api.service[105135]: DEBUG glance_store.common.attachment_state_manager [-] Initialising _AttachmentStateManager {{(pid=105135) __init__ /opt/stack/data/venv/lib/python3.10/site-packages/glance_store/common/attachment_state_manager.py:86}}
Jun 24 14:06:19 jammy-provider-cloud-0000007255 devstack@g-api.service[105134]: DEBUG glance_store.backend [-] Attempting to import store cinder {{(pid=105134) _load_store /opt/stack/data/venv/lib/python3.10/site-packages/glance_store/backend.py:216}}
Jun 24 14:06:19 jammy-provider-cloud-0000007255 devstack@g-api.service[105134]: DEBUG glance_store.backend [-] Attempting to import store file {{(pid=105134) _load_store /opt/stack/data/venv/lib/python3.10/site-packages/glance_store/backend.py:216}}
Jun 24 14:06:19 jammy-provider-cloud-0000007255 devstack@g-api.service[105134]: DEBUG glance_store.backend [-] Attempting to import store glance.store.cinder.Store {{(pid=105134) _load_store /opt/stack/data/venv/lib/python3.10/site-packages/glance_store/backend.py:216}}
Jun 24 14:06:19 jammy-provider-cloud-0000007255 devstack@g-api.service[105134]: DEBUG glance_store.backend [-] Attempting to import store glance.store.filesystem.Store {{(pid=105134) _load_store /opt/stack/data/venv/lib/python3.10/site-packages/glance_store/backend.py:216}}
Jun 24 14:06:19 jammy-provider-cloud-0000007255 devstack@g-api.service[105134]: DEBUG glance_store.backend [-] Attempting to import store glance.store.http.Store {{(pid=105134) _load_store /opt/stack/data/venv/lib/python3.10/site-packages/glance_store/backend.py:216}}
Jun 24 14:06:19 jammy-provider-cloud-0000007255 devstack@g-api.service[105134]: DEBUG glance_store.backend [-] Attempting to import store glance.store.rbd.Store {{(pid=105134) _load_store /opt/stack/data/venv/lib/python3.10/site-packages/glance_store/backend.py:216}}
Jun 24 14:06:19 jammy-provider-cloud-0000007255 devstack@g-api.service[105134]: DEBUG glance_store.backend [-] Attempting to import store glance.store.s3.Store {{(pid=105134) _load_store /opt/stack/data/venv/lib/python3.10/site-packages/glance_store/backend.py:216}}
Jun 24 14:06:19 jammy-provider-cloud-0000007255 devstack@g-api.service[105134]: DEBUG glance_store.backend [-] Attempting to import store glance.store.swift.Store {{(pid=105134) _load_store /opt/stack/data/venv/lib/python3.10/site-packages/glance_store/backend.py:216}}
Jun 24 14:06:19 jammy-provider-cloud-0000007255 devstack@g-api.service[105134]: DEBUG glance_store.backend [-] Attempting to import store glance.store.vmware_datastore.Store {{(pid=105134) _load_store /opt/stack/data/venv/lib/python3.10/site-packages/glance_store/backend.py:216}}
Jun 24 14:06:19 jammy-provider-cloud-0000007255 devstack@g-api.service[105134]: DEBUG glance_store.backend [-] Attempting to import store http {{(pid=105134) _load_store /opt/stack/data/venv/lib/python3.10/site-packages/glance_store/backend.py:216}}
Jun 24 14:06:19 jammy-provider-cloud-0000007255 devstack@g-api.service[105134]: DEBUG glance_store.backend [-] Attempting to import store no_conf {{(pid=105134) _load_store /opt/stack/data/venv/lib/python3.10/site-packages/glance_store/backend.py:216}}
Jun 24 14:06:19 jammy-provider-cloud-0000007255 devstack@g-api.service[105134]: DEBUG glance_store.backend [-] Attempting to import store rbd {{(pid=105134) _load_store /opt/stack/data/venv/lib/python3.10/site-packages/glance_store/backend.py:216}}
Jun 24 14:06:19 jammy-provider-cloud-0000007255 devstack@g-api.service[105134]: DEBUG glance_store.backend [-] Attempting to import store s3 {{(pid=105134) _load_store /opt/stack/data/venv/lib/python3.10/site-packages/glance_store/backend.py:216}}
Jun 24 14:06:19 jammy-provider-cloud-0000007255 devstack@g-api.service[105134]: DEBUG glance_store.backend [-] Attempting to import store swift {{(pid=105134) _load_store /opt/stack/data/venv/lib/python3.10/site-packages/glance_store/backend.py:216}}
Jun 24 14:06:19 jammy-provider-cloud-0000007255 devstack@g-api.service[105134]: DEBUG glance_store.backend [-] Attempting to import store vmware {{(pid=105134) _load_store /opt/stack/data/venv/lib/python3.10/site-packages/glance_store/backend.py:216}}
Jun 24 14:06:19 jammy-provider-cloud-0000007255 devstack@g-api.service[105134]: DEBUG glance_store.backend [-] Registering options for group glance_store {{(pid=105134) register_opts /opt/stack/data/venv/lib/python3.10/site-packages/glance_store/backend.py:145}}
Jun 24 14:06:19 jammy-provider-cloud-0000007255 devstack@g-api.service[105134]: DEBUG glance_store.backend [-] Registering options for group glance_store {{(pid=105134) register_opts /opt/stack/data/venv/lib/python3.10/site-packages/glance_store/backend.py:145}}
Jun 24 14:06:19 jammy-provider-cloud-0000007255 devstack@g-api.service[105134]: DEBUG glance_store.backend [-] Attempting to import store http {{(pid=105134) _load_store /opt/stack/data/venv/lib/python3.10/site-packages/glance_store/backend.py:216}}
Jun 24 14:06:19 jammy-provider-cloud-0000007255 devstack@g-api.service[105134]: DEBUG glance_store.capabilities [-] Store glance_store._drivers.http.Store doesn't support updating dynamic storage capabilities. Please overwrite 'update_capabilities' method of the store to implement updating logics if needed. {{(pid=105134) update_capabilities /opt/stack/data/venv/lib/python3.10/site-packages/glance_store/capabilities.py:91}}
Jun 24 14:06:19 jammy-provider-cloud-0000007255 devstack@g-api.service[105134]: DEBUG glance_store.backend [-] Registering store http with schemes ('http', 'https') {{(pid=105134) create_stores /opt/stack/data/venv/lib/python3.10/site-packages/glance_store/backend.py:262}}
Jun 24 14:06:19 jammy-provider-cloud-0000007255 devstack@g-api.service[105134]: DEBUG glance_store.driver [-] Late loading location class glance_store._drivers.http.StoreLocation {{(pid=105134) get_store_location_class /opt/stack/data/venv/lib/python3.10/site-packages/glance_store/driver.py:133}}
Jun 24 14:06:19 jammy-provider-cloud-0000007255 devstack@g-api.service[105134]: DEBUG glance_store.location [-] Registering scheme http with {'store': <glance_store._drivers.http.Store object at 0x7efd4dde6f80>, 'location_class': <class 'glance_store._drivers.http.StoreLocation'>, 'store_entry': 'http'} {{(pid=105134) register_scheme_map /opt/stack/data/venv/lib/python3.10/site-packages/glance_store/location.py:146}}
Jun 24 14:06:19 jammy-provider-cloud-0000007255 devstack@g-api.service[105134]: DEBUG glance_store.location [-] Registering scheme https with {'store': <glance_store._drivers.http.Store object at 0x7efd4dde6f80>, 'location_class': <class 'glance_store._drivers.http.StoreLocation'>, 'store_entry': 'http'} {{(pid=105134) register_scheme_map /opt/stack/data/venv/lib/python3.10/site-packages/glance_store/location.py:146}}
Jun 24 14:06:19 jammy-provider-cloud-0000007255 devstack@g-api.service[105134]: DEBUG glance_store.backend [-] Attempting to import store file {{(pid=105134) _load_store /opt/stack/data/venv/lib/python3.10/site-packages/glance_store/backend.py:216}}
Jun 24 14:06:19 jammy-provider-cloud-0000007255 devstack@g-api.service[105134]: DEBUG glance_store.capabilities [-] Store glance_store._drivers.filesystem.Store doesn't support updating dynamic storage capabilities. Please overwrite 'update_capabilities' method of the store to implement updating logics if needed. {{(pid=105134) update_capabilities /opt/stack/data/venv/lib/python3.10/site-packages/glance_store/capabilities.py:91}}
Jun 24 14:06:19 jammy-provider-cloud-0000007255 devstack@g-api.service[105134]: DEBUG glance_store.backend [-] Registering store file with schemes ('file', 'filesystem') {{(pid=105134) create_stores /opt/stack/data/venv/lib/python3.10/site-packages/glance_store/backend.py:262}}
Jun 24 14:06:19 jammy-provider-cloud-0000007255 devstack@g-api.service[105134]: DEBUG glance_store.driver [-] Late loading location class glance_store._drivers.filesystem.StoreLocation {{(pid=105134) get_store_location_class /opt/stack/data/venv/lib/python3.10/site-packages/glance_store/driver.py:133}}
Jun 24 14:06:19 jammy-provider-cloud-0000007255 devstack@g-api.service[105134]: DEBUG glance_store.location [-] Registering scheme file with {'store': <glance_store._drivers.filesystem.Store object at 0x7efd4dde7250>, 'location_class': <class 'glance_store._drivers.filesystem.StoreLocation'>, 'store_entry': 'file'} {{(pid=105134) register_scheme_map /opt/stack/data/venv/lib/python3.10/site-packages/glance_store/location.py:146}}
Jun 24 14:06:19 jammy-provider-cloud-0000007255 devstack@g-api.service[105134]: DEBUG glance_store.location [-] Registering scheme filesystem with {'store': <glance_store._drivers.filesystem.Store object at 0x7efd4dde7250>, 'location_class': <class 'glance_store._drivers.filesystem.StoreLocation'>, 'store_entry': 'file'} {{(pid=105134) register_scheme_map /opt/stack/data/venv/lib/python3.10/site-packages/glance_store/location.py:146}}
Jun 24 14:06:19 jammy-provider-cloud-0000007255 devstack@g-api.service[105134]: DEBUG glance.sqlite_migration [-] SQLite caching database not located, skipping migration {{(pid=105134) get_db_path /opt/stack/glance/glance/sqlite_migration.py:68}}
Jun 24 14:06:19 jammy-provider-cloud-0000007255 devstack@g-api.service[105134]: WARNING glance.common.wsgi_app [-] Import methods are enabled but staging directory /tmp/staging/ does not exist; Imports will fail!
Jun 24 14:06:19 jammy-provider-cloud-0000007255 devstack@g-api.service[105135]: DEBUG glance_store.backend [-] Attempting to import store cinder {{(pid=105135) _load_store /opt/stack/data/venv/lib/python3.10/site-packages/glance_store/backend.py:216}}
Jun 24 14:06:19 jammy-provider-cloud-0000007255 devstack@g-api.service[105135]: DEBUG glance_store.backend [-] Attempting to import store file {{(pid=105135) _load_store /opt/stack/data/venv/lib/python3.10/site-packages/glance_store/backend.py:216}}
Jun 24 14:06:19 jammy-provider-cloud-0000007255 devstack@g-api.service[105135]: DEBUG glance_store.backend [-] Attempting to import store glance.store.cinder.Store {{(pid=105135) _load_store /opt/stack/data/venv/lib/python3.10/site-packages/glance_store/backend.py:216}}
Jun 24 14:06:19 jammy-provider-cloud-0000007255 devstack@g-api.service[105135]: DEBUG glance_store.backend [-] Attempting to import store glance.store.filesystem.Store {{(pid=105135) _load_store /opt/stack/data/venv/lib/python3.10/site-packages/glance_store/backend.py:216}}
Jun 24 14:06:19 jammy-provider-cloud-0000007255 devstack@g-api.service[105135]: DEBUG glance_store.backend [-] Attempting to import store glance.store.http.Store {{(pid=105135) _load_store /opt/stack/data/venv/lib/python3.10/site-packages/glance_store/backend.py:216}}
Jun 24 14:06:19 jammy-provider-cloud-0000007255 devstack@g-api.service[105135]: DEBUG glance_store.backend [-] Attempting to import store glance.store.rbd.Store {{(pid=105135) _load_store /opt/stack/data/venv/lib/python3.10/site-packages/glance_store/backend.py:216}}
Jun 24 14:06:19 jammy-provider-cloud-0000007255 devstack@g-api.service[105135]: DEBUG glance_store.backend [-] Attempting to import store glance.store.s3.Store {{(pid=105135) _load_store /opt/stack/data/venv/lib/python3.10/site-packages/glance_store/backend.py:216}}
Jun 24 14:06:19 jammy-provider-cloud-0000007255 devstack@g-api.service[105135]: DEBUG glance_store.backend [-] Attempting to import store glance.store.swift.Store {{(pid=105135) _load_store /opt/stack/data/venv/lib/python3.10/site-packages/glance_store/backend.py:216}}
Jun 24 14:06:19 jammy-provider-cloud-0000007255 devstack@g-api.service[105135]: DEBUG glance_store.backend [-] Attempting to import store glance.store.vmware_datastore.Store {{(pid=105135) _load_store /opt/stack/data/venv/lib/python3.10/site-packages/glance_store/backend.py:216}}
Jun 24 14:06:19 jammy-provider-cloud-0000007255 devstack@g-api.service[105135]: DEBUG glance_store.backend [-] Attempting to import store http {{(pid=105135) _load_store /opt/stack/data/venv/lib/python3.10/site-packages/glance_store/backend.py:216}}
Jun 24 14:06:19 jammy-provider-cloud-0000007255 devstack@g-api.service[105135]: DEBUG glance_store.backend [-] Attempting to import store no_conf {{(pid=105135) _load_store /opt/stack/data/venv/lib/python3.10/site-packages/glance_store/backend.py:216}}
Jun 24 14:06:19 jammy-provider-cloud-0000007255 devstack@g-api.service[105135]: DEBUG glance_store.backend [-] Attempting to import store rbd {{(pid=105135) _load_store /opt/stack/data/venv/lib/python3.10/site-packages/glance_store/backend.py:216}}
Jun 24 14:06:19 jammy-provider-cloud-0000007255 devstack@g-api.service[105135]: DEBUG glance_store.backend [-] Attempting to import store s3 {{(pid=105135) _load_store /opt/stack/data/venv/lib/python3.10/site-packages/glance_store/backend.py:216}}
Jun 24 14:06:19 jammy-provider-cloud-0000007255 devstack@g-api.service[105135]: DEBUG glance_store.backend [-] Attempting to import store swift {{(pid=105135) _load_store /opt/stack/data/venv/lib/python3.10/site-packages/glance_store/backend.py:216}}
Jun 24 14:06:19 jammy-provider-cloud-0000007255 devstack@g-api.service[105135]: DEBUG glance_store.backend [-] Attempting to import store vmware {{(pid=105135) _load_store /opt/stack/data/venv/lib/python3.10/site-packages/glance_store/backend.py:216}}
Jun 24 14:06:19 jammy-provider-cloud-0000007255 devstack@g-api.service[105135]: DEBUG glance_store.backend [-] Registering options for group glance_store {{(pid=105135) register_opts /opt/stack/data/venv/lib/python3.10/site-packages/glance_store/backend.py:145}}
Jun 24 14:06:19 jammy-provider-cloud-0000007255 devstack@g-api.service[105135]: DEBUG glance_store.backend [-] Registering options for group glance_store {{(pid=105135) register_opts /opt/stack/data/venv/lib/python3.10/site-packages/glance_store/backend.py:145}}
Jun 24 14:06:19 jammy-provider-cloud-0000007255 devstack@g-api.service[105135]: DEBUG glance_store.backend [-] Attempting to import store http {{(pid=105135) _load_store /opt/stack/data/venv/lib/python3.10/site-packages/glance_store/backend.py:216}}
Jun 24 14:06:19 jammy-provider-cloud-0000007255 devstack@g-api.service[105135]: DEBUG glance_store.capabilities [-] Store glance_store._drivers.http.Store doesn't support updating dynamic storage capabilities. Please overwrite 'update_capabilities' method of the store to implement updating logics if needed. {{(pid=105135) update_capabilities /opt/stack/data/venv/lib/python3.10/site-packages/glance_store/capabilities.py:91}}
Jun 24 14:06:19 jammy-provider-cloud-0000007255 devstack@g-api.service[105135]: DEBUG glance_store.backend [-] Registering store http with schemes ('http', 'https') {{(pid=105135) create_stores /opt/stack/data/venv/lib/python3.10/site-packages/glance_store/backend.py:262}}
Jun 24 14:06:19 jammy-provider-cloud-0000007255 devstack@g-api.service[105135]: DEBUG glance_store.driver [-] Late loading location class glance_store._drivers.http.StoreLocation {{(pid=105135) get_store_location_class /opt/stack/data/venv/lib/python3.10/site-packages/glance_store/driver.py:133}}
Jun 24 14:06:19 jammy-provider-cloud-0000007255 devstack@g-api.service[105135]: DEBUG glance_store.location [-] Registering scheme http with {'store': <glance_store._drivers.http.Store object at 0x7efd4e08a8f0>, 'location_class': <class 'glance_store._drivers.http.StoreLocation'>, 'store_entry': 'http'} {{(pid=105135) register_scheme_map /opt/stack/data/venv/lib/python3.10/site-packages/glance_store/location.py:146}}
Jun 24 14:06:19 jammy-provider-cloud-0000007255 devstack@g-api.service[105135]: DEBUG glance_store.location [-] Registering scheme https with {'store': <glance_store._drivers.http.Store object at 0x7efd4e08a8f0>, 'location_class': <class 'glance_store._drivers.http.StoreLocation'>, 'store_entry': 'http'} {{(pid=105135) register_scheme_map /opt/stack/data/venv/lib/python3.10/site-packages/glance_store/location.py:146}}
Jun 24 14:06:19 jammy-provider-cloud-0000007255 devstack@g-api.service[105135]: DEBUG glance_store.backend [-] Attempting to import store file {{(pid=105135) _load_store /opt/stack/data/venv/lib/python3.10/site-packages/glance_store/backend.py:216}}
Jun 24 14:06:19 jammy-provider-cloud-0000007255 devstack@g-api.service[105135]: DEBUG glance_store.capabilities [-] Store glance_store._drivers.filesystem.Store doesn't support updating dynamic storage capabilities. Please overwrite 'update_capabilities' method of the store to implement updating logics if needed. {{(pid=105135) update_capabilities /opt/stack/data/venv/lib/python3.10/site-packages/glance_store/capabilities.py:91}}
Jun 24 14:06:19 jammy-provider-cloud-0000007255 devstack@g-api.service[105135]: DEBUG glance_store.backend [-] Registering store file with schemes ('file', 'filesystem') {{(pid=105135) create_stores /opt/stack/data/venv/lib/python3.10/site-packages/glance_store/backend.py:262}}
Jun 24 14:06:19 jammy-provider-cloud-0000007255 devstack@g-api.service[105135]: DEBUG glance_store.driver [-] Late loading location class glance_store._drivers.filesystem.StoreLocation {{(pid=105135) get_store_location_class /opt/stack/data/venv/lib/python3.10/site-packages/glance_store/driver.py:133}}
Jun 24 14:06:19 jammy-provider-cloud-0000007255 devstack@g-api.service[105135]: DEBUG glance_store.location [-] Registering scheme file with {'store': <glance_store._drivers.filesystem.Store object at 0x7efd4e089ba0>, 'location_class': <class 'glance_store._drivers.filesystem.StoreLocation'>, 'store_entry': 'file'} {{(pid=105135) register_scheme_map /opt/stack/data/venv/lib/python3.10/site-packages/glance_store/location.py:146}}
Jun 24 14:06:19 jammy-provider-cloud-0000007255 devstack@g-api.service[105135]: DEBUG glance_store.location [-] Registering scheme filesystem with {'store': <glance_store._drivers.filesystem.Store object at 0x7efd4e089ba0>, 'location_class': <class 'glance_store._drivers.filesystem.StoreLocation'>, 'store_entry': 'file'} {{(pid=105135) register_scheme_map /opt/stack/data/venv/lib/python3.10/site-packages/glance_store/location.py:146}}
Jun 24 14:06:19 jammy-provider-cloud-0000007255 devstack@g-api.service[105135]: DEBUG glance.sqlite_migration [-] SQLite caching database not located, skipping migration {{(pid=105135) get_db_path /opt/stack/glance/glance/sqlite_migration.py:68}}
Jun 24 14:06:19 jammy-provider-cloud-0000007255 devstack@g-api.service[105135]: WARNING glance.common.wsgi_app [-] Import methods are enabled but staging directory /tmp/staging/ does not exist; Imports will fail!
Jun 24 14:06:19 jammy-provider-cloud-0000007255 devstack@g-api.service[105134]: DEBUG glance.common.config [None req-8f29a755-91f3-4c97-bca6-263cfb7fdb3d None None] Loading glance-api-keystone+cachemanagement from /etc/glance/glance-api-paste.ini {{(pid=105134) load_paste_app /opt/stack/glance/glance/common/config.py:700}}
Jun 24 14:06:19 jammy-provider-cloud-0000007255 devstack@g-api.service[105135]: DEBUG glance.common.config [None req-385f76c1-f6d3-4173-9603-5a9d7b843f75 None None] Loading glance-api-keystone+cachemanagement from /etc/glance/glance-api-paste.ini {{(pid=105135) load_paste_app /opt/stack/glance/glance/common/config.py:700}}
Jun 24 14:06:19 jammy-provider-cloud-0000007255 devstack@g-api.service[105134]: INFO glance.image_cache [None req-8f29a755-91f3-4c97-bca6-263cfb7fdb3d None None] Image cache loaded driver 'centralized_db'.
Jun 24 14:06:19 jammy-provider-cloud-0000007255 devstack@g-api.service[105135]: INFO glance.image_cache [None req-385f76c1-f6d3-4173-9603-5a9d7b843f75 None None] Image cache loaded driver 'centralized_db'.
Jun 24 14:06:19 jammy-provider-cloud-0000007255 devstack@g-api.service[105134]: INFO dbcounter [None req-8f29a755-91f3-4c97-bca6-263cfb7fdb3d None None] Registered counter for database glance
Jun 24 14:06:19 jammy-provider-cloud-0000007255 devstack@g-api.service[105134]: DEBUG oslo_db.sqlalchemy.engines [None req-8f29a755-91f3-4c97-bca6-263cfb7fdb3d None None] MySQL server mode set to STRICT_TRANS_TABLES,STRICT_ALL_TABLES,NO_ZERO_IN_DATE,NO_ZERO_DATE,ERROR_FOR_DIVISION_BY_ZERO,TRADITIONAL,NO_ENGINE_SUBSTITUTION {{(pid=105134) _check_effective_sql_mode /opt/stack/data/venv/lib/python3.10/site-packages/oslo_db/sqlalchemy/engines.py:342}}
Jun 24 14:06:19 jammy-provider-cloud-0000007255 devstack@g-api.service[105135]: INFO dbcounter [None req-385f76c1-f6d3-4173-9603-5a9d7b843f75 None None] Registered counter for database glance
Jun 24 14:06:19 jammy-provider-cloud-0000007255 devstack@g-api.service[105134]: DEBUG dbcounter [-] [105134] Writer thread running {{(pid=105134) stat_writer /opt/stack/data/venv/lib/python3.10/site-packages/dbcounter.py:102}}
Jun 24 14:06:19 jammy-provider-cloud-0000007255 devstack@g-api.service[105135]: DEBUG oslo_db.sqlalchemy.engines [None req-385f76c1-f6d3-4173-9603-5a9d7b843f75 None None] MySQL server mode set to STRICT_TRANS_TABLES,STRICT_ALL_TABLES,NO_ZERO_IN_DATE,NO_ZERO_DATE,ERROR_FOR_DIVISION_BY_ZERO,TRADITIONAL,NO_ENGINE_SUBSTITUTION {{(pid=105135) _check_effective_sql_mode /opt/stack/data/venv/lib/python3.10/site-packages/oslo_db/sqlalchemy/engines.py:342}}
Jun 24 14:06:20 jammy-provider-cloud-0000007255 devstack@g-api.service[105134]: INFO glance.image_cache [None req-8f29a755-91f3-4c97-bca6-263cfb7fdb3d None None] Image cache loaded driver 'centralized_db'.
Jun 24 14:06:20 jammy-provider-cloud-0000007255 devstack@g-api.service[105134]: DEBUG glance.image_cache.drivers.centralized_db [None req-8f29a755-91f3-4c97-bca6-263cfb7fdb3d None None] Node reference is already recorded, ignoring it {{(pid=105134) configure /opt/stack/glance/glance/image_cache/drivers/centralized_db.py:71}}
Jun 24 14:06:20 jammy-provider-cloud-0000007255 devstack@g-api.service[105135]: DEBUG dbcounter [-] [105135] Writer thread running {{(pid=105135) stat_writer /opt/stack/data/venv/lib/python3.10/site-packages/dbcounter.py:102}}
Jun 24 14:06:20 jammy-provider-cloud-0000007255 devstack@g-api.service[105134]: DEBUG glance.api.v2.cached_images [None req-8f29a755-91f3-4c97-bca6-263cfb7fdb3d None None] Started cache worker thread {{(pid=105134) __init__ /opt/stack/glance/glance/api/v2/cached_images.py:69}}
Jun 24 14:06:20 jammy-provider-cloud-0000007255 devstack@g-api.service[105134]: INFO glance.image_cache [None req-8f29a755-91f3-4c97-bca6-263cfb7fdb3d None None] Image cache loaded driver 'centralized_db'.
Jun 24 14:06:20 jammy-provider-cloud-0000007255 devstack@g-api.service[105135]: DEBUG glance.image_cache.drivers.centralized_db [None req-385f76c1-f6d3-4173-9603-5a9d7b843f75 None None] Node reference is already recorded, ignoring it {{(pid=105135) configure /opt/stack/glance/glance/image_cache/drivers/centralized_db.py:71}}
Jun 24 14:06:20 jammy-provider-cloud-0000007255 devstack@g-api.service[105135]: INFO glance.image_cache [None req-385f76c1-f6d3-4173-9603-5a9d7b843f75 None None] Image cache loaded driver 'centralized_db'.
Jun 24 14:06:20 jammy-provider-cloud-0000007255 devstack@g-api.service[105134]: DEBUG glance.image_cache.drivers.centralized_db [None req-8f29a755-91f3-4c97-bca6-263cfb7fdb3d None None] Node reference is already recorded, ignoring it {{(pid=105134) configure /opt/stack/glance/glance/image_cache/drivers/centralized_db.py:71}}
Jun 24 14:06:20 jammy-provider-cloud-0000007255 devstack@g-api.service[105134]: INFO glance.api.middleware.cache_manage [None req-8f29a755-91f3-4c97-bca6-263cfb7fdb3d None None] Initialized image cache management middleware
Jun 24 14:06:20 jammy-provider-cloud-0000007255 devstack@g-api.service[105134]: INFO glance.image_cache [None req-8f29a755-91f3-4c97-bca6-263cfb7fdb3d None None] Image cache loaded driver 'centralized_db'.
Jun 24 14:06:20 jammy-provider-cloud-0000007255 devstack@g-api.service[105135]: DEBUG glance.image_cache.drivers.centralized_db [None req-385f76c1-f6d3-4173-9603-5a9d7b843f75 None None] Node reference is already recorded, ignoring it {{(pid=105135) configure /opt/stack/glance/glance/image_cache/drivers/centralized_db.py:71}}
Jun 24 14:06:20 jammy-provider-cloud-0000007255 devstack@g-api.service[105135]: DEBUG glance.api.v2.cached_images [None req-385f76c1-f6d3-4173-9603-5a9d7b843f75 None None] Started cache worker thread {{(pid=105135) __init__ /opt/stack/glance/glance/api/v2/cached_images.py:69}}
Jun 24 14:06:20 jammy-provider-cloud-0000007255 devstack@g-api.service[105135]: INFO glance.image_cache [None req-385f76c1-f6d3-4173-9603-5a9d7b843f75 None None] Image cache loaded driver 'centralized_db'.
Jun 24 14:06:20 jammy-provider-cloud-0000007255 devstack@g-api.service[105134]: DEBUG glance.image_cache.drivers.centralized_db [None req-8f29a755-91f3-4c97-bca6-263cfb7fdb3d None None] Node reference is already recorded, ignoring it {{(pid=105134) configure /opt/stack/glance/glance/image_cache/drivers/centralized_db.py:71}}
Jun 24 14:06:20 jammy-provider-cloud-0000007255 devstack@g-api.service[105134]: INFO glance.api.middleware.cache [None req-8f29a755-91f3-4c97-bca6-263cfb7fdb3d None None] Initialized image cache middleware
Jun 24 14:06:20 jammy-provider-cloud-0000007255 devstack@g-api.service[105135]: DEBUG glance.image_cache.drivers.centralized_db [None req-385f76c1-f6d3-4173-9603-5a9d7b843f75 None None] Node reference is already recorded, ignoring it {{(pid=105135) configure /opt/stack/glance/glance/image_cache/drivers/centralized_db.py:71}}
Jun 24 14:06:20 jammy-provider-cloud-0000007255 devstack@g-api.service[105135]: INFO glance.api.middleware.cache_manage [None req-385f76c1-f6d3-4173-9603-5a9d7b843f75 None None] Initialized image cache management middleware
Jun 24 14:06:20 jammy-provider-cloud-0000007255 devstack@g-api.service[105135]: INFO glance.image_cache [None req-385f76c1-f6d3-4173-9603-5a9d7b843f75 None None] Image cache loaded driver 'centralized_db'.
Jun 24 14:06:20 jammy-provider-cloud-0000007255 devstack@g-api.service[105134]: WARNING keystonemiddleware.auth_token [None req-8f29a755-91f3-4c97-bca6-263cfb7fdb3d None None] AuthToken middleware is set with keystone_authtoken.service_token_roles_required set to False. This is backwards compatible but deprecated behaviour. Please set this to True.
Jun 24 14:06:20 jammy-provider-cloud-0000007255 devstack@g-api.service[105134]: WARNING keystonemiddleware.auth_token [None req-8f29a755-91f3-4c97-bca6-263cfb7fdb3d None None] Configuring www_authenticate_uri to point to the public identity endpoint is required; clients may not be able to authenticate against an admin endpoint
Jun 24 14:06:20 jammy-provider-cloud-0000007255 devstack@g-api.service[105134]: DEBUG glance.common.config [None req-8f29a755-91f3-4c97-bca6-263cfb7fdb3d None None] ******************************************************************************** {{(pid=105134) log_opt_values /opt/stack/data/venv/lib/python3.10/site-packages/oslo_config/cfg.py:2600}}
Jun 24 14:06:20 jammy-provider-cloud-0000007255 devstack@g-api.service[105135]: DEBUG glance.image_cache.drivers.centralized_db [None req-385f76c1-f6d3-4173-9603-5a9d7b843f75 None None] Node reference is already recorded, ignoring it {{(pid=105135) configure /opt/stack/glance/glance/image_cache/drivers/centralized_db.py:71}}
Jun 24 14:06:20 jammy-provider-cloud-0000007255 devstack@g-api.service[105134]: DEBUG glance.common.config [None req-8f29a755-91f3-4c97-bca6-263cfb7fdb3d None None] Configuration options gathered from: {{(pid=105134) log_opt_values /opt/stack/data/venv/lib/python3.10/site-packages/oslo_config/cfg.py:2601}}
Jun 24 14:06:20 jammy-provider-cloud-0000007255 devstack@g-api.service[105134]: DEBUG glance.common.config [None req-8f29a755-91f3-4c97-bca6-263cfb7fdb3d None None] command line args: [] {{(pid=105134) log_opt_values /opt/stack/data/venv/lib/python3.10/site-packages/oslo_config/cfg.py:2602}}
Jun 24 14:06:20 jammy-provider-cloud-0000007255 devstack@g-api.service[105134]: DEBUG glance.common.config [None req-8f29a755-91f3-4c97-bca6-263cfb7fdb3d None None] config files: ['/etc/glance/glance-image-import.conf', '/etc/glance/glance-api.conf'] {{(pid=105134) log_opt_values /opt/stack/data/venv/lib/python3.10/site-packages/oslo_config/cfg.py:2603}}
Jun 24 14:06:20 jammy-provider-cloud-0000007255 devstack@g-api.service[105134]: DEBUG glance.common.config [None req-8f29a755-91f3-4c97-bca6-263cfb7fdb3d None None] ================================================================================ {{(pid=105134) log_opt_values /opt/stack/data/venv/lib/python3.10/site-packages/oslo_config/cfg.py:2605}}
Jun 24 14:06:20 jammy-provider-cloud-0000007255 devstack@g-api.service[105134]: DEBUG glance.common.config [None req-8f29a755-91f3-4c97-bca6-263cfb7fdb3d None None] allow_anonymous_access         = False {{(pid=105134) log_opt_values /opt/stack/data/venv/lib/python3.10/site-packages/oslo_config/cfg.py:2613}}
Jun 24 14:06:20 jammy-provider-cloud-0000007255 devstack@g-api.service[105134]: DEBUG glance.common.config [None req-8f29a755-91f3-4c97-bca6-263cfb7fdb3d None None] api_limit_max                  = 1000 {{(pid=105134) log_opt_values /opt/stack/data/venv/lib/python3.10/site-packages/oslo_config/cfg.py:2613}}
Jun 24 14:06:20 jammy-provider-cloud-0000007255 devstack@g-api.service[105134]: DEBUG glance.common.config [None req-8f29a755-91f3-4c97-bca6-263cfb7fdb3d None None] backlog                        = 4096 {{(pid=105134) log_opt_values /opt/stack/data/venv/lib/python3.10/site-packages/oslo_config/cfg.py:2613}}
Jun 24 14:06:20 jammy-provider-cloud-0000007255 devstack@g-api.service[105134]: DEBUG glance.common.config [None req-8f29a755-91f3-4c97-bca6-263cfb7fdb3d None None] bind_host                      = 0.0.0.0 {{(pid=105134) log_opt_values /opt/stack/data/venv/lib/python3.10/site-packages/oslo_config/cfg.py:2613}}
Jun 24 14:06:20 jammy-provider-cloud-0000007255 devstack@g-api.service[105134]: DEBUG glance.common.config [None req-8f29a755-91f3-4c97-bca6-263cfb7fdb3d None None] bind_port                      = None {{(pid=105134) log_opt_values /opt/stack/data/venv/lib/python3.10/site-packages/oslo_config/cfg.py:2613}}
Jun 24 14:06:20 jammy-provider-cloud-0000007255 devstack@g-api.service[105134]: DEBUG glance.common.config [None req-8f29a755-91f3-4c97-bca6-263cfb7fdb3d None None] client_socket_timeout          = 900 {{(pid=105134) log_opt_values /opt/stack/data/venv/lib/python3.10/site-packages/oslo_config/cfg.py:2613}}
Jun 24 14:06:20 jammy-provider-cloud-0000007255 devstack@g-api.service[105134]: DEBUG glance.common.config [None req-8f29a755-91f3-4c97-bca6-263cfb7fdb3d None None] config_dir                     = [] {{(pid=105134) log_opt_values /opt/stack/data/venv/lib/python3.10/site-packages/oslo_config/cfg.py:2613}}
Jun 24 14:06:20 jammy-provider-cloud-0000007255 devstack@g-api.service[105134]: DEBUG glance.common.config [None req-8f29a755-91f3-4c97-bca6-263cfb7fdb3d None None] config_file                    = ['/etc/glance/glance-image-import.conf', '/etc/glance/glance-api.conf'] {{(pid=105134) log_opt_values /opt/stack/data/venv/lib/python3.10/site-packages/oslo_config/cfg.py:2613}}
Jun 24 14:06:20 jammy-provider-cloud-0000007255 devstack@g-api.service[105134]: DEBUG glance.common.config [None req-8f29a755-91f3-4c97-bca6-263cfb7fdb3d None None] config_source                  = [] {{(pid=105134) log_opt_values /opt/stack/data/venv/lib/python3.10/site-packages/oslo_config/cfg.py:2613}}
Jun 24 14:06:20 jammy-provider-cloud-0000007255 devstack@g-api.service[105134]: DEBUG glance.common.config [None req-8f29a755-91f3-4c97-bca6-263cfb7fdb3d None None] control_exchange               = glance {{(pid=105134) log_opt_values /opt/stack/data/venv/lib/python3.10/site-packages/oslo_config/cfg.py:2613}}
Jun 24 14:06:20 jammy-provider-cloud-0000007255 devstack@g-api.service[105134]: DEBUG glance.common.config [None req-8f29a755-91f3-4c97-bca6-263cfb7fdb3d None None] debug                          = True {{(pid=105134) log_opt_values /opt/stack/data/venv/lib/python3.10/site-packages/oslo_config/cfg.py:2613}}
Jun 24 14:06:20 jammy-provider-cloud-0000007255 devstack@g-api.service[105134]: DEBUG glance.common.config [None req-8f29a755-91f3-4c97-bca6-263cfb7fdb3d None None] default_log_levels             = ['amqp=WARN', 'amqplib=WARN', 'boto=WARN', 'qpid=WARN', 'sqlalchemy=WARN', 'suds=INFO', 'oslo.messaging=INFO', 'oslo_messaging=INFO', 'iso8601=WARN', 'requests.packages.urllib3.connectionpool=WARN', 'urllib3.connectionpool=WARN', 'websocket=WARN', 'requests.packages.urllib3.util.retry=WARN', 'urllib3.util.retry=WARN', 'keystonemiddleware=WARN', 'routes.middleware=WARN', 'stevedore=WARN', 'taskflow=WARN', 'keystoneauth=WARN', 'oslo.cache=INFO', 'oslo_policy=INFO', 'dogpile.core.dogpile=INFO'] {{(pid=105134) log_opt_values /opt/stack/data/venv/lib/python3.10/site-packages/oslo_config/cfg.py:2613}}
Jun 24 14:06:20 jammy-provider-cloud-0000007255 devstack@g-api.service[105134]: DEBUG glance.common.config [None req-8f29a755-91f3-4c97-bca6-263cfb7fdb3d None None] default_publisher_id           = image.localhost {{(pid=105134) log_opt_values /opt/stack/data/venv/lib/python3.10/site-packages/oslo_config/cfg.py:2613}}
Jun 24 14:06:20 jammy-provider-cloud-0000007255 devstack@g-api.service[105134]: DEBUG glance.common.config [None req-8f29a755-91f3-4c97-bca6-263cfb7fdb3d None None] delayed_delete                 = False {{(pid=105134) log_opt_values /opt/stack/data/venv/lib/python3.10/site-packages/oslo_config/cfg.py:2613}}
Jun 24 14:06:20 jammy-provider-cloud-0000007255 devstack@g-api.service[105134]: DEBUG glance.common.config [None req-8f29a755-91f3-4c97-bca6-263cfb7fdb3d None None] digest_algorithm               = sha256 {{(pid=105134) log_opt_values /opt/stack/data/venv/lib/python3.10/site-packages/oslo_config/cfg.py:2613}}
Jun 24 14:06:20 jammy-provider-cloud-0000007255 devstack@g-api.service[105135]: INFO glance.api.middleware.cache [None req-385f76c1-f6d3-4173-9603-5a9d7b843f75 None None] Initialized image cache middleware
Jun 24 14:06:20 jammy-provider-cloud-0000007255 devstack@g-api.service[105134]: DEBUG glance.common.config [None req-8f29a755-91f3-4c97-bca6-263cfb7fdb3d None None] disabled_notifications         = [] {{(pid=105134) log_opt_values /opt/stack/data/venv/lib/python3.10/site-packages/oslo_config/cfg.py:2613}}
Jun 24 14:06:20 jammy-provider-cloud-0000007255 devstack@g-api.service[105134]: DEBUG glance.common.config [None req-8f29a755-91f3-4c97-bca6-263cfb7fdb3d None None] enabled_backends               = None {{(pid=105134) log_opt_values /opt/stack/data/venv/lib/python3.10/site-packages/oslo_config/cfg.py:2613}}
Jun 24 14:06:20 jammy-provider-cloud-0000007255 devstack@g-api.service[105134]: DEBUG glance.common.config [None req-8f29a755-91f3-4c97-bca6-263cfb7fdb3d None None] enabled_import_methods         = ['glance-direct', 'web-download', 'copy-image'] {{(pid=105134) log_opt_values /opt/stack/data/venv/lib/python3.10/site-packages/oslo_config/cfg.py:2613}}
Jun 24 14:06:20 jammy-provider-cloud-0000007255 devstack@g-api.service[105134]: DEBUG glance.common.config [None req-8f29a755-91f3-4c97-bca6-263cfb7fdb3d None None] hashing_algorithm              = sha512 {{(pid=105134) log_opt_values /opt/stack/data/venv/lib/python3.10/site-packages/oslo_config/cfg.py:2613}}
Jun 24 14:06:20 jammy-provider-cloud-0000007255 devstack@g-api.service[105134]: DEBUG glance.common.config [None req-8f29a755-91f3-4c97-bca6-263cfb7fdb3d None None] http_keepalive                 = True {{(pid=105134) log_opt_values /opt/stack/data/venv/lib/python3.10/site-packages/oslo_config/cfg.py:2613}}
Jun 24 14:06:20 jammy-provider-cloud-0000007255 devstack@g-api.service[105134]: DEBUG glance.common.config [None req-8f29a755-91f3-4c97-bca6-263cfb7fdb3d None None] image_cache_dir                = /opt/stack/data/glance/cache/ {{(pid=105134) log_opt_values /opt/stack/data/venv/lib/python3.10/site-packages/oslo_config/cfg.py:2613}}
Jun 24 14:06:20 jammy-provider-cloud-0000007255 devstack@g-api.service[105134]: DEBUG glance.common.config [None req-8f29a755-91f3-4c97-bca6-263cfb7fdb3d None None] image_cache_driver             = centralized_db {{(pid=105134) log_opt_values /opt/stack/data/venv/lib/python3.10/site-packages/oslo_config/cfg.py:2613}}
Jun 24 14:06:20 jammy-provider-cloud-0000007255 devstack@g-api.service[105134]: DEBUG glance.common.config [None req-8f29a755-91f3-4c97-bca6-263cfb7fdb3d None None] image_cache_max_size           = 10737418240 {{(pid=105134) log_opt_values /opt/stack/data/venv/lib/python3.10/site-packages/oslo_config/cfg.py:2613}}
Jun 24 14:06:20 jammy-provider-cloud-0000007255 devstack@g-api.service[105134]: DEBUG glance.common.config [None req-8f29a755-91f3-4c97-bca6-263cfb7fdb3d None None] image_cache_sqlite_db          = cache.db {{(pid=105134) log_opt_values /opt/stack/data/venv/lib/python3.10/site-packages/oslo_config/cfg.py:2613}}
Jun 24 14:06:20 jammy-provider-cloud-0000007255 devstack@g-api.service[105134]: DEBUG glance.common.config [None req-8f29a755-91f3-4c97-bca6-263cfb7fdb3d None None] image_cache_stall_time         = 86400 {{(pid=105134) log_opt_values /opt/stack/data/venv/lib/python3.10/site-packages/oslo_config/cfg.py:2613}}
Jun 24 14:06:20 jammy-provider-cloud-0000007255 devstack@g-api.service[105134]: DEBUG glance.common.config [None req-8f29a755-91f3-4c97-bca6-263cfb7fdb3d None None] image_location_quota           = 10 {{(pid=105134) log_opt_values /opt/stack/data/venv/lib/python3.10/site-packages/oslo_config/cfg.py:2613}}
Jun 24 14:06:20 jammy-provider-cloud-0000007255 devstack@g-api.service[105134]: DEBUG glance.common.config [None req-8f29a755-91f3-4c97-bca6-263cfb7fdb3d None None] image_member_quota             = 128 {{(pid=105134) log_opt_values /opt/stack/data/venv/lib/python3.10/site-packages/oslo_config/cfg.py:2613}}
Jun 24 14:06:20 jammy-provider-cloud-0000007255 devstack@g-api.service[105134]: DEBUG glance.common.config [None req-8f29a755-91f3-4c97-bca6-263cfb7fdb3d None None] image_property_quota           = 128 {{(pid=105134) log_opt_values /opt/stack/data/venv/lib/python3.10/site-packages/oslo_config/cfg.py:2613}}
Jun 24 14:06:20 jammy-provider-cloud-0000007255 devstack@g-api.service[105134]: DEBUG glance.common.config [None req-8f29a755-91f3-4c97-bca6-263cfb7fdb3d None None] image_size_cap                 = 1099511627776 {{(pid=105134) log_opt_values /opt/stack/data/venv/lib/python3.10/site-packages/oslo_config/cfg.py:2613}}
Jun 24 14:06:20 jammy-provider-cloud-0000007255 devstack@g-api.service[105134]: DEBUG glance.common.config [None req-8f29a755-91f3-4c97-bca6-263cfb7fdb3d None None] image_tag_quota                = 128 {{(pid=105134) log_opt_values /opt/stack/data/venv/lib/python3.10/site-packages/oslo_config/cfg.py:2613}}
Jun 24 14:06:20 jammy-provider-cloud-0000007255 devstack@g-api.service[105134]: DEBUG glance.common.config [None req-8f29a755-91f3-4c97-bca6-263cfb7fdb3d None None] instance_format                = [instance: %(uuid)s]  {{(pid=105134) log_opt_values /opt/stack/data/venv/lib/python3.10/site-packages/oslo_config/cfg.py:2613}}
Jun 24 14:06:20 jammy-provider-cloud-0000007255 devstack@g-api.service[105134]: DEBUG glance.common.config [None req-8f29a755-91f3-4c97-bca6-263cfb7fdb3d None None] instance_uuid_format           = [instance: %(uuid)s]  {{(pid=105134) log_opt_values /opt/stack/data/venv/lib/python3.10/site-packages/oslo_config/cfg.py:2613}}
Jun 24 14:06:20 jammy-provider-cloud-0000007255 devstack@g-api.service[105134]: DEBUG glance.common.config [None req-8f29a755-91f3-4c97-bca6-263cfb7fdb3d None None] limit_param_default            = 25 {{(pid=105134) log_opt_values /opt/stack/data/venv/lib/python3.10/site-packages/oslo_config/cfg.py:2613}}
Jun 24 14:06:20 jammy-provider-cloud-0000007255 devstack@g-api.service[105134]: DEBUG glance.common.config [None req-8f29a755-91f3-4c97-bca6-263cfb7fdb3d None None] location_strategy              = location_order {{(pid=105134) log_opt_values /opt/stack/data/venv/lib/python3.10/site-packages/oslo_config/cfg.py:2613}}
Jun 24 14:06:20 jammy-provider-cloud-0000007255 devstack@g-api.service[105134]: DEBUG glance.common.config [None req-8f29a755-91f3-4c97-bca6-263cfb7fdb3d None None] log_config_append              = None {{(pid=105134) log_opt_values /opt/stack/data/venv/lib/python3.10/site-packages/oslo_config/cfg.py:2613}}
Jun 24 14:06:20 jammy-provider-cloud-0000007255 devstack@g-api.service[105134]: DEBUG glance.common.config [None req-8f29a755-91f3-4c97-bca6-263cfb7fdb3d None None] log_date_format                = %Y-%m-%d %H:%M:%S {{(pid=105134) log_opt_values /opt/stack/data/venv/lib/python3.10/site-packages/oslo_config/cfg.py:2613}}
Jun 24 14:06:20 jammy-provider-cloud-0000007255 devstack@g-api.service[105134]: DEBUG glance.common.config [None req-8f29a755-91f3-4c97-bca6-263cfb7fdb3d None None] log_dir                        = None {{(pid=105134) log_opt_values /opt/stack/data/venv/lib/python3.10/site-packages/oslo_config/cfg.py:2613}}
Jun 24 14:06:20 jammy-provider-cloud-0000007255 devstack@g-api.service[105134]: DEBUG glance.common.config [None req-8f29a755-91f3-4c97-bca6-263cfb7fdb3d None None] log_file                       = None {{(pid=105134) log_opt_values /opt/stack/data/venv/lib/python3.10/site-packages/oslo_config/cfg.py:2613}}
Jun 24 14:06:20 jammy-provider-cloud-0000007255 devstack@g-api.service[105134]: DEBUG glance.common.config [None req-8f29a755-91f3-4c97-bca6-263cfb7fdb3d None None] log_rotate_interval            = 1 {{(pid=105134) log_opt_values /opt/stack/data/venv/lib/python3.10/site-packages/oslo_config/cfg.py:2613}}
Jun 24 14:06:20 jammy-provider-cloud-0000007255 devstack@g-api.service[105135]: WARNING keystonemiddleware.auth_token [None req-385f76c1-f6d3-4173-9603-5a9d7b843f75 None None] AuthToken middleware is set with keystone_authtoken.service_token_roles_required set to False. This is backwards compatible but deprecated behaviour. Please set this to True.
Jun 24 14:06:20 jammy-provider-cloud-0000007255 devstack@g-api.service[105134]: DEBUG glance.common.config [None req-8f29a755-91f3-4c97-bca6-263cfb7fdb3d None None] log_rotate_interval_type       = days {{(pid=105134) log_opt_values /opt/stack/data/venv/lib/python3.10/site-packages/oslo_config/cfg.py:2613}}
Jun 24 14:06:20 jammy-provider-cloud-0000007255 devstack@g-api.service[105134]: DEBUG glance.common.config [None req-8f29a755-91f3-4c97-bca6-263cfb7fdb3d None None] log_rotation_type              = none {{(pid=105134) log_opt_values /opt/stack/data/venv/lib/python3.10/site-packages/oslo_config/cfg.py:2613}}
Jun 24 14:06:20 jammy-provider-cloud-0000007255 devstack@g-api.service[105134]: DEBUG glance.common.config [None req-8f29a755-91f3-4c97-bca6-263cfb7fdb3d None None] logging_context_format_string  = %(color)s%(levelname)s %(name)s [%(global_request_id)s %(request_id)s %(project_name)s %(user_name)s%(color)s] %(instance)s%(color)s%(message)s {{(pid=105134) log_opt_values /opt/stack/data/venv/lib/python3.10/site-packages/oslo_config/cfg.py:2613}}
Jun 24 14:06:20 jammy-provider-cloud-0000007255 devstack@g-api.service[105134]: DEBUG glance.common.config [None req-8f29a755-91f3-4c97-bca6-263cfb7fdb3d None None] logging_debug_format_suffix    = {{(pid=%(process)d) %(funcName)s %(pathname)s:%(lineno)d}} {{(pid=105134) log_opt_values /opt/stack/data/venv/lib/python3.10/site-packages/oslo_config/cfg.py:2613}}
Jun 24 14:06:20 jammy-provider-cloud-0000007255 devstack@g-api.service[105134]: DEBUG glance.common.config [None req-8f29a755-91f3-4c97-bca6-263cfb7fdb3d None None] logging_default_format_string  = %(color)s%(levelname)s %(name)s [-%(color)s] %(instance)s%(color)s%(message)s {{(pid=105134) log_opt_values /opt/stack/data/venv/lib/python3.10/site-packages/oslo_config/cfg.py:2613}}
Jun 24 14:06:20 jammy-provider-cloud-0000007255 devstack@g-api.service[105134]: DEBUG glance.common.config [None req-8f29a755-91f3-4c97-bca6-263cfb7fdb3d None None] logging_exception_prefix       = ERROR %(name)s %(instance)s {{(pid=105134) log_opt_values /opt/stack/data/venv/lib/python3.10/site-packages/oslo_config/cfg.py:2613}}
