Sep 02 12:55:48 jammy-provider-cloud-0000007564 neutron-server[90968]: DEBUG oslo_service.service [-] max_dns_nameservers            = 5 {{(pid=90968) log_opt_values /opt/stack/data/venv/lib/python3.10/site-packages/oslo_config/cfg.py:2819}}
Sep 02 12:55:48 jammy-provider-cloud-0000007564 neutron-server[90968]: DEBUG oslo_service.service [-] max_header_line                = 16384 {{(pid=90968) log_opt_values /opt/stack/data/venv/lib/python3.10/site-packages/oslo_config/cfg.py:2819}}
Sep 02 12:55:48 jammy-provider-cloud-0000007564 neutron-server[90968]: DEBUG oslo_service.service [-] max_l3_agents_per_router       = 3 {{(pid=90968) log_opt_values /opt/stack/data/venv/lib/python3.10/site-packages/oslo_config/cfg.py:2819}}
Sep 02 12:55:48 jammy-provider-cloud-0000007564 neutron-server[90968]: DEBUG oslo_service.service [-] max_logfile_count              = 30 {{(pid=90968) log_opt_values /opt/stack/data/venv/lib/python3.10/site-packages/oslo_config/cfg.py:2819}}
Sep 02 12:55:48 jammy-provider-cloud-0000007564 neutron-server[90968]: DEBUG oslo_service.service [-] max_logfile_size_mb            = 200 {{(pid=90968) log_opt_values /opt/stack/data/venv/lib/python3.10/site-packages/oslo_config/cfg.py:2819}}
Sep 02 12:55:48 jammy-provider-cloud-0000007564 neutron-server[90968]: DEBUG oslo_service.service [-] max_routes                     = 30 {{(pid=90968) log_opt_values /opt/stack/data/venv/lib/python3.10/site-packages/oslo_config/cfg.py:2819}}
Sep 02 12:55:48 jammy-provider-cloud-0000007564 neutron-server[90968]: DEBUG oslo_service.service [-] max_subnet_host_routes         = 20 {{(pid=90968) log_opt_values /opt/stack/data/venv/lib/python3.10/site-packages/oslo_config/cfg.py:2819}}
Sep 02 12:55:48 jammy-provider-cloud-0000007564 neutron-server[90968]: DEBUG oslo_service.service [-] my_ip                          = 10.201.5.87 {{(pid=90968) log_opt_values /opt/stack/data/venv/lib/python3.10/site-packages/oslo_config/cfg.py:2819}}
Sep 02 12:55:48 jammy-provider-cloud-0000007564 neutron-server[90968]: DEBUG oslo_service.service [-] my_ipv6                        = fd71:395:eb6a:0:f816:3eff:fecf:a94a {{(pid=90968) log_opt_values /opt/stack/data/venv/lib/python3.10/site-packages/oslo_config/cfg.py:2819}}
Sep 02 12:55:48 jammy-provider-cloud-0000007564 neutron-server[90968]: DEBUG oslo_service.service [-] network_auto_schedule          = True {{(pid=90968) log_opt_values /opt/stack/data/venv/lib/python3.10/site-packages/oslo_config/cfg.py:2819}}
Sep 02 12:55:48 jammy-provider-cloud-0000007564 neutron-server[90968]: DEBUG oslo_service.service [-] network_link_prefix            = None {{(pid=90968) log_opt_values /opt/stack/data/venv/lib/python3.10/site-packages/oslo_config/cfg.py:2819}}
Sep 02 12:55:48 jammy-provider-cloud-0000007564 neutron-server[90968]: DEBUG oslo_service.service [-] network_scheduler_driver       = neutron.scheduler.dhcp_agent_scheduler.WeightScheduler {{(pid=90968) log_opt_values /opt/stack/data/venv/lib/python3.10/site-packages/oslo_config/cfg.py:2819}}
Sep 02 12:55:48 jammy-provider-cloud-0000007564 neutron-server[90968]: DEBUG oslo_service.service [-] notify_nova_on_port_data_changes = True {{(pid=90968) log_opt_values /opt/stack/data/venv/lib/python3.10/site-packages/oslo_config/cfg.py:2819}}
Sep 02 12:55:48 jammy-provider-cloud-0000007564 neutron-server[90968]: DEBUG oslo_service.service [-] notify_nova_on_port_status_changes = True {{(pid=90968) log_opt_values /opt/stack/data/venv/lib/python3.10/site-packages/oslo_config/cfg.py:2819}}
Sep 02 12:55:48 jammy-provider-cloud-0000007564 neutron-server[90968]: DEBUG oslo_service.service [-] pagination_max_limit           = -1 {{(pid=90968) log_opt_values /opt/stack/data/venv/lib/python3.10/site-packages/oslo_config/cfg.py:2819}}
Sep 02 12:55:48 jammy-provider-cloud-0000007564 neutron-server[90968]: DEBUG oslo_service.service [-] periodic_fuzzy_delay           = 5 {{(pid=90968) log_opt_values /opt/stack/data/venv/lib/python3.10/site-packages/oslo_config/cfg.py:2819}}
Sep 02 12:55:48 jammy-provider-cloud-0000007564 neutron-server[90968]: DEBUG oslo_service.service [-] periodic_interval              = 40 {{(pid=90968) log_opt_values /opt/stack/data/venv/lib/python3.10/site-packages/oslo_config/cfg.py:2819}}
Sep 02 12:55:48 jammy-provider-cloud-0000007564 neutron-server[90968]: DEBUG oslo_service.service [-] publish_errors                 = False {{(pid=90968) log_opt_values /opt/stack/data/venv/lib/python3.10/site-packages/oslo_config/cfg.py:2819}}
Sep 02 12:55:48 jammy-provider-cloud-0000007564 neutron-server[90968]: DEBUG oslo_service.service [-] rate_limit_burst               = 0 {{(pid=90968) log_opt_values /opt/stack/data/venv/lib/python3.10/site-packages/oslo_config/cfg.py:2819}}
Sep 02 12:55:48 jammy-provider-cloud-0000007564 neutron-server[90968]: DEBUG oslo_service.service [-] rate_limit_except_level        = CRITICAL {{(pid=90968) log_opt_values /opt/stack/data/venv/lib/python3.10/site-packages/oslo_config/cfg.py:2819}}
Sep 02 12:55:48 jammy-provider-cloud-0000007564 neutron-server[90968]: DEBUG oslo_service.service [-] rate_limit_interval            = 0 {{(pid=90968) log_opt_values /opt/stack/data/venv/lib/python3.10/site-packages/oslo_config/cfg.py:2819}}
Sep 02 12:55:48 jammy-provider-cloud-0000007564 neutron-server[91154]: DEBUG ovsdbapp.backend.ovs_idl [None req-c9742a90-ff36-49f2-b7f7-a9dbd4c7bdce None None] Created lookup_table index Logical_Switch.name {{(pid=91154) autocreate_indices /opt/stack/data/venv/lib/python3.10/site-packages/ovsdbapp/backend/ovs_idl/__init__.py:87}}
Sep 02 12:55:48 jammy-provider-cloud-0000007564 neutron-server[90968]: DEBUG oslo_service.service [-] retry_until_window             = 30 {{(pid=90968) log_opt_values /opt/stack/data/venv/lib/python3.10/site-packages/oslo_config/cfg.py:2819}}
Sep 02 12:55:48 jammy-provider-cloud-0000007564 neutron-server[91154]: DEBUG ovsdbapp.backend.ovs_idl [None req-c9742a90-ff36-49f2-b7f7-a9dbd4c7bdce None None] Created lookup_table index Logical_Router.name {{(pid=91154) autocreate_indices /opt/stack/data/venv/lib/python3.10/site-packages/ovsdbapp/backend/ovs_idl/__init__.py:87}}
Sep 02 12:55:48 jammy-provider-cloud-0000007564 neutron-server[91154]: DEBUG ovsdbapp.backend.ovs_idl [None req-c9742a90-ff36-49f2-b7f7-a9dbd4c7bdce None None] Created lookup_table index Load_Balancer.name {{(pid=91154) autocreate_indices /opt/stack/data/venv/lib/python3.10/site-packages/ovsdbapp/backend/ovs_idl/__init__.py:87}}
Sep 02 12:55:48 jammy-provider-cloud-0000007564 neutron-server[90968]: DEBUG oslo_service.service [-] router_distributed             = False {{(pid=90968) log_opt_values /opt/stack/data/venv/lib/python3.10/site-packages/oslo_config/cfg.py:2819}}
Sep 02 12:55:48 jammy-provider-cloud-0000007564 neutron-server[91154]: DEBUG ovsdbapp.backend.ovs_idl [None req-c9742a90-ff36-49f2-b7f7-a9dbd4c7bdce None None] Created schema index Copp.name {{(pid=91154) autocreate_indices /opt/stack/data/venv/lib/python3.10/site-packages/ovsdbapp/backend/ovs_idl/__init__.py:106}}
Sep 02 12:55:48 jammy-provider-cloud-0000007564 neutron-server[91154]: DEBUG ovsdbapp.backend.ovs_idl [None req-c9742a90-ff36-49f2-b7f7-a9dbd4c7bdce None None] Created schema index Meter.name {{(pid=91154) autocreate_indices /opt/stack/data/venv/lib/python3.10/site-packages/ovsdbapp/backend/ovs_idl/__init__.py:106}}
Sep 02 12:55:48 jammy-provider-cloud-0000007564 neutron-server[91154]: DEBUG ovsdbapp.backend.ovs_idl [None req-c9742a90-ff36-49f2-b7f7-a9dbd4c7bdce None None] Created schema index Load_Balancer_Group.name {{(pid=91154) autocreate_indices /opt/stack/data/venv/lib/python3.10/site-packages/ovsdbapp/backend/ovs_idl/__init__.py:106}}
Sep 02 12:55:48 jammy-provider-cloud-0000007564 neutron-server[91154]: DEBUG ovsdbapp.backend.ovs_idl [None req-c9742a90-ff36-49f2-b7f7-a9dbd4c7bdce None None] Created schema index HA_Chassis_Group.name {{(pid=91154) autocreate_indices /opt/stack/data/venv/lib/python3.10/site-packages/ovsdbapp/backend/ovs_idl/__init__.py:106}}
Sep 02 12:55:48 jammy-provider-cloud-0000007564 neutron-server[91154]: DEBUG ovsdbapp.backend.ovs_idl [None req-c9742a90-ff36-49f2-b7f7-a9dbd4c7bdce None None] Created schema index Address_Set.name {{(pid=91154) autocreate_indices /opt/stack/data/venv/lib/python3.10/site-packages/ovsdbapp/backend/ovs_idl/__init__.py:106}}
Sep 02 12:55:48 jammy-provider-cloud-0000007564 neutron-server[90968]: DEBUG oslo_service.service [-] rpc_resources_processing_step  = 20 {{(pid=90968) log_opt_values /opt/stack/data/venv/lib/python3.10/site-packages/oslo_config/cfg.py:2819}}
Sep 02 12:55:48 jammy-provider-cloud-0000007564 neutron-server[91157]: DEBUG ovsdbapp.backend.ovs_idl [None req-9c932309-3d06-4e79-b29a-f49bc1383d77 None None] Created lookup_table index Logical_Switch.name {{(pid=91157) autocreate_indices /opt/stack/data/venv/lib/python3.10/site-packages/ovsdbapp/backend/ovs_idl/__init__.py:87}}
Sep 02 12:55:48 jammy-provider-cloud-0000007564 neutron-server[91154]: DEBUG ovsdbapp.backend.ovs_idl [None req-c9742a90-ff36-49f2-b7f7-a9dbd4c7bdce None None] Created schema index Connection.target {{(pid=91154) autocreate_indices /opt/stack/data/venv/lib/python3.10/site-packages/ovsdbapp/backend/ovs_idl/__init__.py:106}}
Sep 02 12:55:48 jammy-provider-cloud-0000007564 neutron-server[91157]: DEBUG ovsdbapp.backend.ovs_idl [None req-9c932309-3d06-4e79-b29a-f49bc1383d77 None None] Created lookup_table index Logical_Router.name {{(pid=91157) autocreate_indices /opt/stack/data/venv/lib/python3.10/site-packages/ovsdbapp/backend/ovs_idl/__init__.py:87}}
Sep 02 12:55:48 jammy-provider-cloud-0000007564 neutron-server[91154]: DEBUG ovsdbapp.backend.ovs_idl [None req-c9742a90-ff36-49f2-b7f7-a9dbd4c7bdce None None] Created schema index Gateway_Chassis.name {{(pid=91154) autocreate_indices /opt/stack/data/venv/lib/python3.10/site-packages/ovsdbapp/backend/ovs_idl/__init__.py:106}}
Sep 02 12:55:48 jammy-provider-cloud-0000007564 neutron-server[91157]: DEBUG ovsdbapp.backend.ovs_idl [None req-9c932309-3d06-4e79-b29a-f49bc1383d77 None None] Created lookup_table index Load_Balancer.name {{(pid=91157) autocreate_indices /opt/stack/data/venv/lib/python3.10/site-packages/ovsdbapp/backend/ovs_idl/__init__.py:87}}
Sep 02 12:55:48 jammy-provider-cloud-0000007564 neutron-server[91154]: DEBUG ovsdbapp.backend.ovs_idl [None req-c9742a90-ff36-49f2-b7f7-a9dbd4c7bdce None None] Created schema index Logical_Router_Port.name {{(pid=91154) autocreate_indices /opt/stack/data/venv/lib/python3.10/site-packages/ovsdbapp/backend/ovs_idl/__init__.py:106}}
Sep 02 12:55:48 jammy-provider-cloud-0000007564 neutron-server[91154]: DEBUG ovsdbapp.backend.ovs_idl [None req-c9742a90-ff36-49f2-b7f7-a9dbd4c7bdce None None] Created schema index Port_Group.name {{(pid=91154) autocreate_indices /opt/stack/data/venv/lib/python3.10/site-packages/ovsdbapp/backend/ovs_idl/__init__.py:106}}
Sep 02 12:55:48 jammy-provider-cloud-0000007564 neutron-server[91157]: DEBUG ovsdbapp.backend.ovs_idl [None req-9c932309-3d06-4e79-b29a-f49bc1383d77 None None] Created schema index Copp.name {{(pid=91157) autocreate_indices /opt/stack/data/venv/lib/python3.10/site-packages/ovsdbapp/backend/ovs_idl/__init__.py:106}}
Sep 02 12:55:48 jammy-provider-cloud-0000007564 neutron-server[91157]: DEBUG ovsdbapp.backend.ovs_idl [None req-9c932309-3d06-4e79-b29a-f49bc1383d77 None None] Created schema index Meter.name {{(pid=91157) autocreate_indices /opt/stack/data/venv/lib/python3.10/site-packages/ovsdbapp/backend/ovs_idl/__init__.py:106}}
Sep 02 12:55:48 jammy-provider-cloud-0000007564 neutron-server[91154]: DEBUG ovsdbapp.backend.ovs_idl [None req-c9742a90-ff36-49f2-b7f7-a9dbd4c7bdce None None] Created schema index Logical_Switch_Port.name {{(pid=91154) autocreate_indices /opt/stack/data/venv/lib/python3.10/site-packages/ovsdbapp/backend/ovs_idl/__init__.py:106}}
Sep 02 12:55:48 jammy-provider-cloud-0000007564 neutron-server[91157]: DEBUG ovsdbapp.backend.ovs_idl [None req-9c932309-3d06-4e79-b29a-f49bc1383d77 None None] Created schema index Load_Balancer_Group.name {{(pid=91157) autocreate_indices /opt/stack/data/venv/lib/python3.10/site-packages/ovsdbapp/backend/ovs_idl/__init__.py:106}}
Sep 02 12:55:48 jammy-provider-cloud-0000007564 neutron-server[91157]: DEBUG ovsdbapp.backend.ovs_idl [None req-9c932309-3d06-4e79-b29a-f49bc1383d77 None None] Created schema index HA_Chassis_Group.name {{(pid=91157) autocreate_indices /opt/stack/data/venv/lib/python3.10/site-packages/ovsdbapp/backend/ovs_idl/__init__.py:106}}
Sep 02 12:55:48 jammy-provider-cloud-0000007564 neutron-server[91157]: DEBUG ovsdbapp.backend.ovs_idl [None req-9c932309-3d06-4e79-b29a-f49bc1383d77 None None] Created schema index Address_Set.name {{(pid=91157) autocreate_indices /opt/stack/data/venv/lib/python3.10/site-packages/ovsdbapp/backend/ovs_idl/__init__.py:106}}
Sep 02 12:55:48 jammy-provider-cloud-0000007564 neutron-server[91157]: DEBUG ovsdbapp.backend.ovs_idl [None req-9c932309-3d06-4e79-b29a-f49bc1383d77 None None] Created schema index Connection.target {{(pid=91157) autocreate_indices /opt/stack/data/venv/lib/python3.10/site-packages/ovsdbapp/backend/ovs_idl/__init__.py:106}}
Sep 02 12:55:48 jammy-provider-cloud-0000007564 neutron-server[91157]: DEBUG ovsdbapp.backend.ovs_idl [None req-9c932309-3d06-4e79-b29a-f49bc1383d77 None None] Created schema index Gateway_Chassis.name {{(pid=91157) autocreate_indices /opt/stack/data/venv/lib/python3.10/site-packages/ovsdbapp/backend/ovs_idl/__init__.py:106}}
Sep 02 12:55:48 jammy-provider-cloud-0000007564 neutron-server[90968]: DEBUG oslo_service.service [-] rpc_response_max_timeout       = 600 {{(pid=90968) log_opt_values /opt/stack/data/venv/lib/python3.10/site-packages/oslo_config/cfg.py:2819}}
Sep 02 12:55:48 jammy-provider-cloud-0000007564 neutron-server[91157]: DEBUG ovsdbapp.backend.ovs_idl [None req-9c932309-3d06-4e79-b29a-f49bc1383d77 None None] Created schema index Logical_Router_Port.name {{(pid=91157) autocreate_indices /opt/stack/data/venv/lib/python3.10/site-packages/ovsdbapp/backend/ovs_idl/__init__.py:106}}
Sep 02 12:55:48 jammy-provider-cloud-0000007564 neutron-server[91157]: DEBUG ovsdbapp.backend.ovs_idl [None req-9c932309-3d06-4e79-b29a-f49bc1383d77 None None] Created schema index Port_Group.name {{(pid=91157) autocreate_indices /opt/stack/data/venv/lib/python3.10/site-packages/ovsdbapp/backend/ovs_idl/__init__.py:106}}
Sep 02 12:55:48 jammy-provider-cloud-0000007564 neutron-server[91157]: DEBUG ovsdbapp.backend.ovs_idl [None req-9c932309-3d06-4e79-b29a-f49bc1383d77 None None] Created schema index Logical_Switch_Port.name {{(pid=91157) autocreate_indices /opt/stack/data/venv/lib/python3.10/site-packages/ovsdbapp/backend/ovs_idl/__init__.py:106}}
Sep 02 12:55:48 jammy-provider-cloud-0000007564 neutron-server[91154]: INFO ovsdbapp.backend.ovs_idl.vlog [None req-c9742a90-ff36-49f2-b7f7-a9dbd4c7bdce None None] tcp:10.201.5.87:6641: connecting...
Sep 02 12:55:48 jammy-provider-cloud-0000007564 neutron-server[90968]: DEBUG oslo_service.service [-] rpc_response_timeout           = 60 {{(pid=90968) log_opt_values /opt/stack/data/venv/lib/python3.10/site-packages/oslo_config/cfg.py:2819}}
Sep 02 12:55:48 jammy-provider-cloud-0000007564 neutron-server[91157]: INFO ovsdbapp.backend.ovs_idl.vlog [None req-9c932309-3d06-4e79-b29a-f49bc1383d77 None None] tcp:10.201.5.87:6641: connecting...
Sep 02 12:55:48 jammy-provider-cloud-0000007564 neutron-server[91154]: INFO ovsdbapp.backend.ovs_idl.vlog [None req-c9742a90-ff36-49f2-b7f7-a9dbd4c7bdce None None] tcp:10.201.5.87:6641: connected
Sep 02 12:55:48 jammy-provider-cloud-0000007564 neutron-server[90968]: DEBUG oslo_service.service [-] rpc_state_report_workers       = 0 {{(pid=90968) log_opt_values /opt/stack/data/venv/lib/python3.10/site-packages/oslo_config/cfg.py:2819}}
Sep 02 12:55:48 jammy-provider-cloud-0000007564 neutron-server[90968]: DEBUG oslo_service.service [-] rpc_workers                    = None {{(pid=90968) log_opt_values /opt/stack/data/venv/lib/python3.10/site-packages/oslo_config/cfg.py:2819}}
Sep 02 12:55:48 jammy-provider-cloud-0000007564 neutron-server[91157]: INFO ovsdbapp.backend.ovs_idl.vlog [None req-9c932309-3d06-4e79-b29a-f49bc1383d77 None None] tcp:10.201.5.87:6641: connected
Sep 02 12:55:48 jammy-provider-cloud-0000007564 neutron-server[90968]: DEBUG oslo_service.service [-] send_events_interval           = 2 {{(pid=90968) log_opt_values /opt/stack/data/venv/lib/python3.10/site-packages/oslo_config/cfg.py:2819}}
Sep 02 12:55:48 jammy-provider-cloud-0000007564 neutron-server[90968]: DEBUG oslo_service.service [-] service_plugins                = ['ovn-router'] {{(pid=90968) log_opt_values /opt/stack/data/venv/lib/python3.10/site-packages/oslo_config/cfg.py:2819}}
Sep 02 12:55:48 jammy-provider-cloud-0000007564 neutron-server[90968]: DEBUG oslo_service.service [-] setproctitle                   = on {{(pid=90968) log_opt_values /opt/stack/data/venv/lib/python3.10/site-packages/oslo_config/cfg.py:2819}}
Sep 02 12:55:48 jammy-provider-cloud-0000007564 neutron-server[90968]: DEBUG oslo_service.service [-] shell_completion               = None {{(pid=90968) log_opt_values /opt/stack/data/venv/lib/python3.10/site-packages/oslo_config/cfg.py:2819}}
Sep 02 12:55:48 jammy-provider-cloud-0000007564 neutron-server[90968]: DEBUG oslo_service.service [-] state_path                     = /opt/stack/data/neutron {{(pid=90968) log_opt_values /opt/stack/data/venv/lib/python3.10/site-packages/oslo_config/cfg.py:2819}}
Sep 02 12:55:48 jammy-provider-cloud-0000007564 neutron-server[90968]: DEBUG oslo_service.service [-] syslog_log_facility            = LOG_USER {{(pid=90968) log_opt_values /opt/stack/data/venv/lib/python3.10/site-packages/oslo_config/cfg.py:2819}}
Sep 02 12:55:48 jammy-provider-cloud-0000007564 neutron-server[90968]: DEBUG oslo_service.service [-] tcp_keepidle                   = 600 {{(pid=90968) log_opt_values /opt/stack/data/venv/lib/python3.10/site-packages/oslo_config/cfg.py:2819}}
Sep 02 12:55:48 jammy-provider-cloud-0000007564 neutron-server[90968]: DEBUG oslo_service.service [-] transport_url                  = **** {{(pid=90968) log_opt_values /opt/stack/data/venv/lib/python3.10/site-packages/oslo_config/cfg.py:2819}}
Sep 02 12:55:48 jammy-provider-cloud-0000007564 neutron-server[90968]: DEBUG oslo_service.service [-] use_eventlog                   = False {{(pid=90968) log_opt_values /opt/stack/data/venv/lib/python3.10/site-packages/oslo_config/cfg.py:2819}}
Sep 02 12:55:48 jammy-provider-cloud-0000007564 neutron-server[91155]: DEBUG dbcounter [-] [91155] Writer thread running {{(pid=91155) stat_writer /opt/stack/data/venv/lib/python3.10/site-packages/dbcounter.py:102}}
Sep 02 12:55:48 jammy-provider-cloud-0000007564 neutron-server[90968]: DEBUG oslo_service.service [-] use_journal                    = False {{(pid=90968) log_opt_values /opt/stack/data/venv/lib/python3.10/site-packages/oslo_config/cfg.py:2819}}
Sep 02 12:55:48 jammy-provider-cloud-0000007564 neutron-server[90968]: DEBUG oslo_service.service [-] use_json                       = False {{(pid=90968) log_opt_values /opt/stack/data/venv/lib/python3.10/site-packages/oslo_config/cfg.py:2819}}
Sep 02 12:55:48 jammy-provider-cloud-0000007564 neutron-server[90968]: DEBUG oslo_service.service [-] use_ssl                        = False {{(pid=90968) log_opt_values /opt/stack/data/venv/lib/python3.10/site-packages/oslo_config/cfg.py:2819}}
Sep 02 12:55:48 jammy-provider-cloud-0000007564 neutron-server[90968]: DEBUG oslo_service.service [-] use_stderr                     = False {{(pid=90968) log_opt_values /opt/stack/data/venv/lib/python3.10/site-packages/oslo_config/cfg.py:2819}}
Sep 02 12:55:48 jammy-provider-cloud-0000007564 neutron-server[90968]: DEBUG oslo_service.service [-] use_syslog                     = False {{(pid=90968) log_opt_values /opt/stack/data/venv/lib/python3.10/site-packages/oslo_config/cfg.py:2819}}
Sep 02 12:55:48 jammy-provider-cloud-0000007564 neutron-server[90968]: DEBUG oslo_service.service [-] vlan_transparent               = False {{(pid=90968) log_opt_values /opt/stack/data/venv/lib/python3.10/site-packages/oslo_config/cfg.py:2819}}
Sep 02 12:55:48 jammy-provider-cloud-0000007564 neutron-server[91155]: INFO neutron.db.ovn_hash_ring_db [None req-e1a740e8-3c63-483d-88f2-bd0bcbaaf613 None None] Node e09679fd-cdca-4f36-9511-7d35d72b142a from host "jammy-provider-cloud-0000007564" and group "mechanism_driver" added to the Hash Ring
Sep 02 12:55:48 jammy-provider-cloud-0000007564 neutron-server[91155]: DEBUG oslo_concurrency.lockutils [None req-e1a740e8-3c63-483d-88f2-bd0bcbaaf613 None None] Lock "hash_ring_probe_lock" "released" by "neutron.plugins.ml2.drivers.ovn.mech_driver.mech_driver.OVNMechanismDriver._setup_hash_ring" :: held 0.035s {{(pid=91155) inner /opt/stack/data/venv/lib/python3.10/site-packages/oslo_concurrency/lockutils.py:421}}
Sep 02 12:55:48 jammy-provider-cloud-0000007564 neutron-server[91155]: INFO neutron.plugins.ml2.drivers.ovn.mech_driver.ovsdb.impl_idl_ovn [None req-e1a740e8-3c63-483d-88f2-bd0bcbaaf613 None None] Getting OvsdbNbOvnIdl for WorkerService with retry
Sep 02 12:55:48 jammy-provider-cloud-0000007564 neutron-server[90968]: DEBUG oslo_service.service [-] watch_log_file                 = False {{(pid=90968) log_opt_values /opt/stack/data/venv/lib/python3.10/site-packages/oslo_config/cfg.py:2819}}
Sep 02 12:55:48 jammy-provider-cloud-0000007564 neutron-server[90968]: DEBUG oslo_service.service [-] wsgi_default_pool_size         = 100 {{(pid=90968) log_opt_values /opt/stack/data/venv/lib/python3.10/site-packages/oslo_config/cfg.py:2819}}
Sep 02 12:55:48 jammy-provider-cloud-0000007564 neutron-server[90968]: DEBUG oslo_service.service [-] wsgi_keep_alive                = True {{(pid=90968) log_opt_values /opt/stack/data/venv/lib/python3.10/site-packages/oslo_config/cfg.py:2819}}
Sep 02 12:55:48 jammy-provider-cloud-0000007564 neutron-server[90968]: DEBUG oslo_service.service [-] wsgi_log_format                = %(client_ip)s "%(request_line)s" status: %(status_code)s  len: %(body_length)s time: %(wall_seconds).7f {{(pid=90968) log_opt_values /opt/stack/data/venv/lib/python3.10/site-packages/oslo_config/cfg.py:2819}}
Sep 02 12:55:48 jammy-provider-cloud-0000007564 neutron-server[90968]: DEBUG oslo_service.service [-] wsgi_server_debug              = False {{(pid=90968) log_opt_values /opt/stack/data/venv/lib/python3.10/site-packages/oslo_config/cfg.py:2819}}
Sep 02 12:55:48 jammy-provider-cloud-0000007564 neutron-server[90968]: DEBUG oslo_service.service [-] oslo_concurrency.disable_process_locking = False {{(pid=90968) log_opt_values /opt/stack/data/venv/lib/python3.10/site-packages/oslo_config/cfg.py:2826}}
Sep 02 12:55:48 jammy-provider-cloud-0000007564 neutron-server[90968]: DEBUG oslo_service.service [-] oslo_concurrency.lock_path     = /opt/stack/data/neutron/lock {{(pid=90968) log_opt_values /opt/stack/data/venv/lib/python3.10/site-packages/oslo_config/cfg.py:2826}}
Sep 02 12:55:48 jammy-provider-cloud-0000007564 neutron-server[90968]: DEBUG oslo_service.service [-] profiler.connection_string     = messaging:// {{(pid=90968) log_opt_values /opt/stack/data/venv/lib/python3.10/site-packages/oslo_config/cfg.py:2826}}
Sep 02 12:55:48 jammy-provider-cloud-0000007564 neutron-server[90968]: DEBUG oslo_service.service [-] profiler.enabled               = False {{(pid=90968) log_opt_values /opt/stack/data/venv/lib/python3.10/site-packages/oslo_config/cfg.py:2826}}
Sep 02 12:55:48 jammy-provider-cloud-0000007564 neutron-server[90968]: DEBUG oslo_service.service [-] profiler.es_doc_type           = notification {{(pid=90968) log_opt_values /opt/stack/data/venv/lib/python3.10/site-packages/oslo_config/cfg.py:2826}}
Sep 02 12:55:48 jammy-provider-cloud-0000007564 neutron-server[91154]: DEBUG neutron.common.ovn.hash_ring_manager [None req-c9742a90-ff36-49f2-b7f7-a9dbd4c7bdce None None] Allow caching, nodes 2>=2 {{(pid=91154) _wait_startup_before_caching /opt/stack/neutron/neutron/common/ovn/hash_ring_manager.py:64}}
Sep 02 12:55:48 jammy-provider-cloud-0000007564 neutron-server[90968]: DEBUG oslo_service.service [-] profiler.es_scroll_size        = 10000 {{(pid=90968) log_opt_values /opt/stack/data/venv/lib/python3.10/site-packages/oslo_config/cfg.py:2826}}
Sep 02 12:55:48 jammy-provider-cloud-0000007564 neutron-server[90968]: DEBUG oslo_service.service [-] profiler.es_scroll_time        = 2m {{(pid=90968) log_opt_values /opt/stack/data/venv/lib/python3.10/site-packages/oslo_config/cfg.py:2826}}
Sep 02 12:55:48 jammy-provider-cloud-0000007564 neutron-server[90968]: DEBUG oslo_service.service [-] profiler.filter_error_trace    = False {{(pid=90968) log_opt_values /opt/stack/data/venv/lib/python3.10/site-packages/oslo_config/cfg.py:2826}}
Sep 02 12:55:48 jammy-provider-cloud-0000007564 neutron-server[90968]: DEBUG oslo_service.service [-] profiler.hmac_keys             = **** {{(pid=90968) log_opt_values /opt/stack/data/venv/lib/python3.10/site-packages/oslo_config/cfg.py:2826}}
Sep 02 12:55:48 jammy-provider-cloud-0000007564 neutron-server[90968]: DEBUG oslo_service.service [-] profiler.sentinel_service_name = mymaster {{(pid=90968) log_opt_values /opt/stack/data/venv/lib/python3.10/site-packages/oslo_config/cfg.py:2826}}
Sep 02 12:55:48 jammy-provider-cloud-0000007564 neutron-server[90968]: DEBUG oslo_service.service [-] profiler.socket_timeout        = 0.1 {{(pid=90968) log_opt_values /opt/stack/data/venv/lib/python3.10/site-packages/oslo_config/cfg.py:2826}}
Sep 02 12:55:48 jammy-provider-cloud-0000007564 neutron-server[90968]: DEBUG oslo_service.service [-] profiler.trace_requests        = False {{(pid=90968) log_opt_values /opt/stack/data/venv/lib/python3.10/site-packages/oslo_config/cfg.py:2826}}
Sep 02 12:55:48 jammy-provider-cloud-0000007564 neutron-server[90968]: DEBUG oslo_service.service [-] profiler.trace_sqlalchemy      = False {{(pid=90968) log_opt_values /opt/stack/data/venv/lib/python3.10/site-packages/oslo_config/cfg.py:2826}}
Sep 02 12:55:48 jammy-provider-cloud-0000007564 neutron-server[90968]: DEBUG oslo_service.service [-] profiler_jaeger.process_tags   = {} {{(pid=90968) log_opt_values /opt/stack/data/venv/lib/python3.10/site-packages/oslo_config/cfg.py:2826}}
Sep 02 12:55:48 jammy-provider-cloud-0000007564 neutron-server[90968]: DEBUG oslo_service.service [-] profiler_jaeger.service_name_prefix = None {{(pid=90968) log_opt_values /opt/stack/data/venv/lib/python3.10/site-packages/oslo_config/cfg.py:2826}}
Sep 02 12:55:48 jammy-provider-cloud-0000007564 neutron-server[90968]: DEBUG oslo_service.service [-] profiler_otlp.service_name_prefix = None {{(pid=90968) log_opt_values /opt/stack/data/venv/lib/python3.10/site-packages/oslo_config/cfg.py:2826}}
Sep 02 12:55:48 jammy-provider-cloud-0000007564 neutron-server[90968]: DEBUG oslo_service.service [-] oslo_policy.enforce_new_defaults = True {{(pid=90968) log_opt_values /opt/stack/data/venv/lib/python3.10/site-packages/oslo_config/cfg.py:2826}}
Sep 02 12:55:48 jammy-provider-cloud-0000007564 neutron-server[90968]: DEBUG oslo_service.service [-] oslo_policy.enforce_scope      = True {{(pid=90968) log_opt_values /opt/stack/data/venv/lib/python3.10/site-packages/oslo_config/cfg.py:2826}}
Sep 02 12:55:48 jammy-provider-cloud-0000007564 neutron-server[90968]: DEBUG oslo_service.service [-] oslo_policy.policy_default_rule = default {{(pid=90968) log_opt_values /opt/stack/data/venv/lib/python3.10/site-packages/oslo_config/cfg.py:2826}}
Sep 02 12:55:48 jammy-provider-cloud-0000007564 neutron-server[90968]: DEBUG oslo_service.service [-] oslo_policy.policy_dirs        = ['policy.d'] {{(pid=90968) log_opt_values /opt/stack/data/venv/lib/python3.10/site-packages/oslo_config/cfg.py:2826}}
Sep 02 12:55:48 jammy-provider-cloud-0000007564 neutron-server[90968]: DEBUG oslo_service.service [-] oslo_policy.policy_file        = /etc/neutron/policy.json {{(pid=90968) log_opt_values /opt/stack/data/venv/lib/python3.10/site-packages/oslo_config/cfg.py:2826}}
Sep 02 12:55:48 jammy-provider-cloud-0000007564 neutron-server[91154]: DEBUG neutron.common.ovn.hash_ring_manager [None req-c9742a90-ff36-49f2-b7f7-a9dbd4c7bdce None None] Hash Ring loaded. 2 active nodes. 0 offline nodes {{(pid=91154) _load_hash_ring /opt/stack/neutron/neutron/common/ovn/hash_ring_manager.py:99}}
Sep 02 12:55:48 jammy-provider-cloud-0000007564 neutron-server[90968]: DEBUG oslo_service.service [-] oslo_policy.remote_content_type = application/x-www-form-urlencoded {{(pid=90968) log_opt_values /opt/stack/data/venv/lib/python3.10/site-packages/oslo_config/cfg.py:2826}}
Sep 02 12:55:48 jammy-provider-cloud-0000007564 neutron-server[90968]: DEBUG oslo_service.service [-] oslo_policy.remote_ssl_ca_crt_file = None {{(pid=90968) log_opt_values /opt/stack/data/venv/lib/python3.10/site-packages/oslo_config/cfg.py:2826}}
Sep 02 12:55:48 jammy-provider-cloud-0000007564 neutron-server[91155]: DEBUG ovsdbapp.backend.ovs_idl [None req-e1a740e8-3c63-483d-88f2-bd0bcbaaf613 None None] Created lookup_table index Logical_Switch.name {{(pid=91155) autocreate_indices /opt/stack/data/venv/lib/python3.10/site-packages/ovsdbapp/backend/ovs_idl/__init__.py:87}}
Sep 02 12:55:48 jammy-provider-cloud-0000007564 neutron-server[91155]: DEBUG ovsdbapp.backend.ovs_idl [None req-e1a740e8-3c63-483d-88f2-bd0bcbaaf613 None None] Created lookup_table index Logical_Router.name {{(pid=91155) autocreate_indices /opt/stack/data/venv/lib/python3.10/site-packages/ovsdbapp/backend/ovs_idl/__init__.py:87}}
Sep 02 12:55:48 jammy-provider-cloud-0000007564 neutron-server[90968]: DEBUG oslo_service.service [-] oslo_policy.remote_ssl_client_crt_file = None {{(pid=90968) log_opt_values /opt/stack/data/venv/lib/python3.10/site-packages/oslo_config/cfg.py:2826}}
Sep 02 12:55:48 jammy-provider-cloud-0000007564 neutron-server[91155]: DEBUG ovsdbapp.backend.ovs_idl [None req-e1a740e8-3c63-483d-88f2-bd0bcbaaf613 None None] Created lookup_table index Load_Balancer.name {{(pid=91155) autocreate_indices /opt/stack/data/venv/lib/python3.10/site-packages/ovsdbapp/backend/ovs_idl/__init__.py:87}}
Sep 02 12:55:48 jammy-provider-cloud-0000007564 neutron-server[90968]: DEBUG oslo_service.service [-] oslo_policy.remote_ssl_client_key_file = None {{(pid=90968) log_opt_values /opt/stack/data/venv/lib/python3.10/site-packages/oslo_config/cfg.py:2826}}
Sep 02 12:55:48 jammy-provider-cloud-0000007564 neutron-server[91155]: DEBUG ovsdbapp.backend.ovs_idl [None req-e1a740e8-3c63-483d-88f2-bd0bcbaaf613 None None] Created schema index Copp.name {{(pid=91155) autocreate_indices /opt/stack/data/venv/lib/python3.10/site-packages/ovsdbapp/backend/ovs_idl/__init__.py:106}}
Sep 02 12:55:48 jammy-provider-cloud-0000007564 neutron-server[91155]: DEBUG ovsdbapp.backend.ovs_idl [None req-e1a740e8-3c63-483d-88f2-bd0bcbaaf613 None None] Created schema index Meter.name {{(pid=91155) autocreate_indices /opt/stack/data/venv/lib/python3.10/site-packages/ovsdbapp/backend/ovs_idl/__init__.py:106}}
Sep 02 12:55:48 jammy-provider-cloud-0000007564 neutron-server[90968]: DEBUG oslo_service.service [-] oslo_policy.remote_ssl_verify_server_crt = False {{(pid=90968) log_opt_values /opt/stack/data/venv/lib/python3.10/site-packages/oslo_config/cfg.py:2826}}
Sep 02 12:55:48 jammy-provider-cloud-0000007564 neutron-server[91155]: DEBUG ovsdbapp.backend.ovs_idl [None req-e1a740e8-3c63-483d-88f2-bd0bcbaaf613 None None] Created schema index Load_Balancer_Group.name {{(pid=91155) autocreate_indices /opt/stack/data/venv/lib/python3.10/site-packages/ovsdbapp/backend/ovs_idl/__init__.py:106}}
Sep 02 12:55:48 jammy-provider-cloud-0000007564 neutron-server[91155]: DEBUG ovsdbapp.backend.ovs_idl [None req-e1a740e8-3c63-483d-88f2-bd0bcbaaf613 None None] Created schema index HA_Chassis_Group.name {{(pid=91155) autocreate_indices /opt/stack/data/venv/lib/python3.10/site-packages/ovsdbapp/backend/ovs_idl/__init__.py:106}}
Sep 02 12:55:48 jammy-provider-cloud-0000007564 neutron-server[90968]: DEBUG oslo_service.service [-] oslo_messaging_metrics.metrics_buffer_size = 1000 {{(pid=90968) log_opt_values /opt/stack/data/venv/lib/python3.10/site-packages/oslo_config/cfg.py:2826}}
Sep 02 12:55:48 jammy-provider-cloud-0000007564 neutron-server[91155]: DEBUG ovsdbapp.backend.ovs_idl [None req-e1a740e8-3c63-483d-88f2-bd0bcbaaf613 None None] Created schema index Address_Set.name {{(pid=91155) autocreate_indices /opt/stack/data/venv/lib/python3.10/site-packages/ovsdbapp/backend/ovs_idl/__init__.py:106}}
Sep 02 12:55:48 jammy-provider-cloud-0000007564 neutron-server[91155]: DEBUG ovsdbapp.backend.ovs_idl [None req-e1a740e8-3c63-483d-88f2-bd0bcbaaf613 None None] Created schema index Connection.target {{(pid=91155) autocreate_indices /opt/stack/data/venv/lib/python3.10/site-packages/ovsdbapp/backend/ovs_idl/__init__.py:106}}
Sep 02 12:55:48 jammy-provider-cloud-0000007564 neutron-server[90968]: DEBUG oslo_service.service [-] oslo_messaging_metrics.metrics_enabled = False {{(pid=90968) log_opt_values /opt/stack/data/venv/lib/python3.10/site-packages/oslo_config/cfg.py:2826}}
Sep 02 12:55:48 jammy-provider-cloud-0000007564 neutron-server[91155]: DEBUG ovsdbapp.backend.ovs_idl [None req-e1a740e8-3c63-483d-88f2-bd0bcbaaf613 None None] Created schema index Gateway_Chassis.name {{(pid=91155) autocreate_indices /opt/stack/data/venv/lib/python3.10/site-packages/ovsdbapp/backend/ovs_idl/__init__.py:106}}
Sep 02 12:55:48 jammy-provider-cloud-0000007564 neutron-server[90968]: DEBUG oslo_service.service [-] oslo_messaging_metrics.metrics_process_name =  {{(pid=90968) log_opt_values /opt/stack/data/venv/lib/python3.10/site-packages/oslo_config/cfg.py:2826}}
Sep 02 12:55:48 jammy-provider-cloud-0000007564 neutron-server[91155]: DEBUG ovsdbapp.backend.ovs_idl [None req-e1a740e8-3c63-483d-88f2-bd0bcbaaf613 None None] Created schema index Logical_Router_Port.name {{(pid=91155) autocreate_indices /opt/stack/data/venv/lib/python3.10/site-packages/ovsdbapp/backend/ovs_idl/__init__.py:106}}
Sep 02 12:55:48 jammy-provider-cloud-0000007564 neutron-server[90968]: DEBUG oslo_service.service [-] oslo_messaging_metrics.metrics_socket_file = /var/tmp/metrics_collector.sock {{(pid=90968) log_opt_values /opt/stack/data/venv/lib/python3.10/site-packages/oslo_config/cfg.py:2826}}
Sep 02 12:55:48 jammy-provider-cloud-0000007564 neutron-server[91155]: DEBUG ovsdbapp.backend.ovs_idl [None req-e1a740e8-3c63-483d-88f2-bd0bcbaaf613 None None] Created schema index Port_Group.name {{(pid=91155) autocreate_indices /opt/stack/data/venv/lib/python3.10/site-packages/ovsdbapp/backend/ovs_idl/__init__.py:106}}
Sep 02 12:55:48 jammy-provider-cloud-0000007564 neutron-server[91155]: DEBUG ovsdbapp.backend.ovs_idl [None req-e1a740e8-3c63-483d-88f2-bd0bcbaaf613 None None] Created schema index Logical_Switch_Port.name {{(pid=91155) autocreate_indices /opt/stack/data/venv/lib/python3.10/site-packages/ovsdbapp/backend/ovs_idl/__init__.py:106}}
Sep 02 12:55:48 jammy-provider-cloud-0000007564 neutron-server[91154]: DEBUG neutron.plugins.ml2.drivers.ovn.mech_driver.ovsdb.ovsdb_monitor [None req-c9742a90-ff36-49f2-b7f7-a9dbd4c7bdce None None] Hash Ring: Node 6f94c8b7-af94-480a-9a71-8eb044d97f23 (host: jammy-provider-cloud-0000007564) handling event "create" for row 81862cb1-c68e-4a8c-a016-e7ee61f5f672 (table: Database) {{(pid=91154) notify /opt/stack/neutron/neutron/plugins/ml2/drivers/ovn/mech_driver/ovsdb/ovsdb_monitor.py:855}}
Sep 02 12:55:48 jammy-provider-cloud-0000007564 neutron-server[91155]: INFO ovsdbapp.backend.ovs_idl.vlog [None req-e1a740e8-3c63-483d-88f2-bd0bcbaaf613 None None] tcp:10.201.5.87:6641: connecting...
Sep 02 12:55:48 jammy-provider-cloud-0000007564 neutron-server[90968]: DEBUG oslo_service.service [-] oslo_messaging_metrics.metrics_thread_stop_timeout = 10 {{(pid=90968) log_opt_values /opt/stack/data/venv/lib/python3.10/site-packages/oslo_config/cfg.py:2826}}
Sep 02 12:55:48 jammy-provider-cloud-0000007564 neutron-server[90968]: DEBUG oslo_service.service [-] oslo_middleware.enable_proxy_headers_parsing = False {{(pid=90968) log_opt_values /opt/stack/data/venv/lib/python3.10/site-packages/oslo_config/cfg.py:2826}}
Sep 02 12:55:48 jammy-provider-cloud-0000007564 neutron-server[91155]: INFO ovsdbapp.backend.ovs_idl.vlog [None req-e1a740e8-3c63-483d-88f2-bd0bcbaaf613 None None] tcp:10.201.5.87:6641: connected
Sep 02 12:55:48 jammy-provider-cloud-0000007564 neutron-server[91154]: DEBUG neutron.plugins.ml2.drivers.ovn.mech_driver.ovsdb.ovsdb_monitor [None req-c9742a90-ff36-49f2-b7f7-a9dbd4c7bdce None None] Hash Ring: Node 6f94c8b7-af94-480a-9a71-8eb044d97f23 (host: jammy-provider-cloud-0000007564) handling event "create" for row 0a8e8b4a-c665-481f-bc07-6b9914f6bddb (table: ACL) {{(pid=91154) notify /opt/stack/neutron/neutron/plugins/ml2/drivers/ovn/mech_driver/ovsdb/ovsdb_monitor.py:855}}
Sep 02 12:55:48 jammy-provider-cloud-0000007564 neutron-server[91154]: DEBUG neutron.plugins.ml2.drivers.ovn.mech_driver.ovsdb.ovsdb_monitor [None req-c9742a90-ff36-49f2-b7f7-a9dbd4c7bdce None None] Hash Ring: Node 6f94c8b7-af94-480a-9a71-8eb044d97f23 (host: jammy-provider-cloud-0000007564) handling event "create" for row 84f1da80-b6ec-4849-af39-1ab08561292d (table: NB_Global) {{(pid=91154) notify /opt/stack/neutron/neutron/plugins/ml2/drivers/ovn/mech_driver/ovsdb/ovsdb_monitor.py:855}}
Sep 02 12:55:48 jammy-provider-cloud-0000007564 neutron-server[90968]: DEBUG oslo_service.service [-] oslo_middleware.http_basic_auth_user_file = /etc/htpasswd {{(pid=90968) log_opt_values /opt/stack/data/venv/lib/python3.10/site-packages/oslo_config/cfg.py:2826}}
Sep 02 12:55:48 jammy-provider-cloud-0000007564 neutron-server[90968]: DEBUG oslo_service.service [-] service_providers.service_provider = [] {{(pid=90968) log_opt_values /opt/stack/data/venv/lib/python3.10/site-packages/oslo_config/cfg.py:2826}}
Sep 02 12:55:48 jammy-provider-cloud-0000007564 neutron-server[90968]: DEBUG oslo_service.service [-] nova.auth_section              = None {{(pid=90968) log_opt_values /opt/stack/data/venv/lib/python3.10/site-packages/oslo_config/cfg.py:2826}}
Sep 02 12:55:48 jammy-provider-cloud-0000007564 neutron-server[91154]: INFO neutron.plugins.ml2.drivers.ovn.mech_driver.ovsdb.impl_idl_ovn [None req-c9742a90-ff36-49f2-b7f7-a9dbd4c7bdce None None] Getting OvsdbSbOvnIdl for WorkerService with retry
Sep 02 12:55:48 jammy-provider-cloud-0000007564 neutron-server[90968]: DEBUG oslo_service.service [-] nova.auth_type                 = password {{(pid=90968) log_opt_values /opt/stack/data/venv/lib/python3.10/site-packages/oslo_config/cfg.py:2826}}
Sep 02 12:55:48 jammy-provider-cloud-0000007564 neutron-server[91158]: DEBUG ovsdbapp.backend.ovs_idl [-] Created lookup_table index Logical_Switch.name {{(pid=91158) autocreate_indices /opt/stack/data/venv/lib/python3.10/site-packages/ovsdbapp/backend/ovs_idl/__init__.py:87}}
Sep 02 12:55:48 jammy-provider-cloud-0000007564 neutron-server[91158]: DEBUG ovsdbapp.backend.ovs_idl [-] Created lookup_table index Logical_Router.name {{(pid=91158) autocreate_indices /opt/stack/data/venv/lib/python3.10/site-packages/ovsdbapp/backend/ovs_idl/__init__.py:87}}
Sep 02 12:55:48 jammy-provider-cloud-0000007564 neutron-server[91158]: DEBUG ovsdbapp.backend.ovs_idl [-] Created lookup_table index Load_Balancer.name {{(pid=91158) autocreate_indices /opt/stack/data/venv/lib/python3.10/site-packages/ovsdbapp/backend/ovs_idl/__init__.py:87}}
Sep 02 12:55:48 jammy-provider-cloud-0000007564 neutron-server[91158]: DEBUG ovsdbapp.backend.ovs_idl [-] Created schema index Copp.name {{(pid=91158) autocreate_indices /opt/stack/data/venv/lib/python3.10/site-packages/ovsdbapp/backend/ovs_idl/__init__.py:106}}
Sep 02 12:55:48 jammy-provider-cloud-0000007564 neutron-server[91158]: DEBUG ovsdbapp.backend.ovs_idl [-] Created schema index Meter.name {{(pid=91158) autocreate_indices /opt/stack/data/venv/lib/python3.10/site-packages/ovsdbapp/backend/ovs_idl/__init__.py:106}}
Sep 02 12:55:48 jammy-provider-cloud-0000007564 neutron-server[91158]: DEBUG ovsdbapp.backend.ovs_idl [-] Created schema index Load_Balancer_Group.name {{(pid=91158) autocreate_indices /opt/stack/data/venv/lib/python3.10/site-packages/ovsdbapp/backend/ovs_idl/__init__.py:106}}
Sep 02 12:55:48 jammy-provider-cloud-0000007564 neutron-server[91158]: DEBUG ovsdbapp.backend.ovs_idl [-] Created schema index HA_Chassis_Group.name {{(pid=91158) autocreate_indices /opt/stack/data/venv/lib/python3.10/site-packages/ovsdbapp/backend/ovs_idl/__init__.py:106}}
Sep 02 12:55:48 jammy-provider-cloud-0000007564 neutron-server[91158]: DEBUG ovsdbapp.backend.ovs_idl [-] Created schema index Address_Set.name {{(pid=91158) autocreate_indices /opt/stack/data/venv/lib/python3.10/site-packages/ovsdbapp/backend/ovs_idl/__init__.py:106}}
Sep 02 12:55:48 jammy-provider-cloud-0000007564 neutron-server[91158]: DEBUG ovsdbapp.backend.ovs_idl [-] Created schema index Connection.target {{(pid=91158) autocreate_indices /opt/stack/data/venv/lib/python3.10/site-packages/ovsdbapp/backend/ovs_idl/__init__.py:106}}
Sep 02 12:55:48 jammy-provider-cloud-0000007564 neutron-server[91158]: DEBUG ovsdbapp.backend.ovs_idl [-] Created schema index Gateway_Chassis.name {{(pid=91158) autocreate_indices /opt/stack/data/venv/lib/python3.10/site-packages/ovsdbapp/backend/ovs_idl/__init__.py:106}}
Sep 02 12:55:48 jammy-provider-cloud-0000007564 neutron-server[91158]: DEBUG ovsdbapp.backend.ovs_idl [-] Created schema index Logical_Router_Port.name {{(pid=91158) autocreate_indices /opt/stack/data/venv/lib/python3.10/site-packages/ovsdbapp/backend/ovs_idl/__init__.py:106}}
Sep 02 12:55:48 jammy-provider-cloud-0000007564 neutron-server[91158]: DEBUG ovsdbapp.backend.ovs_idl [-] Created schema index Port_Group.name {{(pid=91158) autocreate_indices /opt/stack/data/venv/lib/python3.10/site-packages/ovsdbapp/backend/ovs_idl/__init__.py:106}}
Sep 02 12:55:48 jammy-provider-cloud-0000007564 neutron-server[91158]: DEBUG ovsdbapp.backend.ovs_idl [-] Created schema index Logical_Switch_Port.name {{(pid=91158) autocreate_indices /opt/stack/data/venv/lib/python3.10/site-packages/ovsdbapp/backend/ovs_idl/__init__.py:106}}
Sep 02 12:55:48 jammy-provider-cloud-0000007564 neutron-server[90968]: DEBUG oslo_service.service [-] nova.auth_url                  = http://10.201.5.87/identity {{(pid=90968) log_opt_values /opt/stack/data/venv/lib/python3.10/site-packages/oslo_config/cfg.py:2826}}
Sep 02 12:55:48 jammy-provider-cloud-0000007564 neutron-server[90968]: DEBUG oslo_service.service [-] nova.cafile                    = /opt/stack/data/ca-bundle.pem {{(pid=90968) log_opt_values /opt/stack/data/venv/lib/python3.10/site-packages/oslo_config/cfg.py:2826}}
Sep 02 12:55:48 jammy-provider-cloud-0000007564 neutron-server[91158]: INFO ovsdbapp.backend.ovs_idl.vlog [-] tcp:10.201.5.87:6641: connecting...
Sep 02 12:55:48 jammy-provider-cloud-0000007564 neutron-server[90968]: DEBUG oslo_service.service [-] nova.certfile                  = None {{(pid=90968) log_opt_values /opt/stack/data/venv/lib/python3.10/site-packages/oslo_config/cfg.py:2826}}
Sep 02 12:55:48 jammy-provider-cloud-0000007564 neutron-server[91158]: INFO ovsdbapp.backend.ovs_idl.vlog [-] tcp:10.201.5.87:6641: connected
Sep 02 12:55:48 jammy-provider-cloud-0000007564 neutron-server[90968]: DEBUG oslo_service.service [-] nova.collect_timing            = False {{(pid=90968) log_opt_values /opt/stack/data/venv/lib/python3.10/site-packages/oslo_config/cfg.py:2826}}
Sep 02 12:55:48 jammy-provider-cloud-0000007564 neutron-server[90968]: DEBUG oslo_service.service [-] nova.default_domain_id         = None {{(pid=90968) log_opt_values /opt/stack/data/venv/lib/python3.10/site-packages/oslo_config/cfg.py:2826}}
Sep 02 12:55:48 jammy-provider-cloud-0000007564 neutron-server[90968]: DEBUG oslo_service.service [-] nova.default_domain_name       = None {{(pid=90968) log_opt_values /opt/stack/data/venv/lib/python3.10/site-packages/oslo_config/cfg.py:2826}}
Sep 02 12:55:48 jammy-provider-cloud-0000007564 neutron-server[90968]: DEBUG oslo_service.service [-] nova.domain_id                 = None {{(pid=90968) log_opt_values /opt/stack/data/venv/lib/python3.10/site-packages/oslo_config/cfg.py:2826}}
Sep 02 12:55:48 jammy-provider-cloud-0000007564 neutron-server[90968]: DEBUG oslo_service.service [-] nova.domain_name               = None {{(pid=90968) log_opt_values /opt/stack/data/venv/lib/python3.10/site-packages/oslo_config/cfg.py:2826}}
Sep 02 12:55:48 jammy-provider-cloud-0000007564 neutron-server[91157]: DEBUG dbcounter [-] [91157] Writer thread running {{(pid=91157) stat_writer /opt/stack/data/venv/lib/python3.10/site-packages/dbcounter.py:102}}
Sep 02 12:55:48 jammy-provider-cloud-0000007564 neutron-server[90968]: DEBUG oslo_service.service [-] nova.endpoint_type             = public {{(pid=90968) log_opt_values /opt/stack/data/venv/lib/python3.10/site-packages/oslo_config/cfg.py:2826}}
Sep 02 12:55:48 jammy-provider-cloud-0000007564 neutron-server[90968]: DEBUG oslo_service.service [-] nova.insecure                  = False {{(pid=90968) log_opt_values /opt/stack/data/venv/lib/python3.10/site-packages/oslo_config/cfg.py:2826}}
Sep 02 12:55:48 jammy-provider-cloud-0000007564 neutron-server[90968]: DEBUG oslo_service.service [-] nova.keyfile                   = None {{(pid=90968) log_opt_values /opt/stack/data/venv/lib/python3.10/site-packages/oslo_config/cfg.py:2826}}
Sep 02 12:55:48 jammy-provider-cloud-0000007564 neutron-server[90968]: DEBUG oslo_service.service [-] nova.password                  = **** {{(pid=90968) log_opt_values /opt/stack/data/venv/lib/python3.10/site-packages/oslo_config/cfg.py:2826}}
Sep 02 12:55:48 jammy-provider-cloud-0000007564 neutron-server[90968]: DEBUG oslo_service.service [-] nova.project_domain_id         = None {{(pid=90968) log_opt_values /opt/stack/data/venv/lib/python3.10/site-packages/oslo_config/cfg.py:2826}}
Sep 02 12:55:48 jammy-provider-cloud-0000007564 neutron-server[90968]: DEBUG oslo_service.service [-] nova.project_domain_name       = Default {{(pid=90968) log_opt_values /opt/stack/data/venv/lib/python3.10/site-packages/oslo_config/cfg.py:2826}}
Sep 02 12:55:48 jammy-provider-cloud-0000007564 neutron-server[90968]: DEBUG oslo_service.service [-] nova.project_id                = None {{(pid=90968) log_opt_values /opt/stack/data/venv/lib/python3.10/site-packages/oslo_config/cfg.py:2826}}
Sep 02 12:55:48 jammy-provider-cloud-0000007564 neutron-server[90968]: DEBUG oslo_service.service [-] nova.project_name              = service {{(pid=90968) log_opt_values /opt/stack/data/venv/lib/python3.10/site-packages/oslo_config/cfg.py:2826}}
Sep 02 12:55:48 jammy-provider-cloud-0000007564 neutron-server[90968]: DEBUG oslo_service.service [-] nova.region_name               = RegionOne {{(pid=90968) log_opt_values /opt/stack/data/venv/lib/python3.10/site-packages/oslo_config/cfg.py:2826}}
Sep 02 12:55:48 jammy-provider-cloud-0000007564 neutron-server[90968]: DEBUG oslo_service.service [-] nova.split_loggers             = False {{(pid=90968) log_opt_values /opt/stack/data/venv/lib/python3.10/site-packages/oslo_config/cfg.py:2826}}
Sep 02 12:55:48 jammy-provider-cloud-0000007564 neutron-server[90968]: DEBUG oslo_service.service [-] nova.system_scope              = None {{(pid=90968) log_opt_values /opt/stack/data/venv/lib/python3.10/site-packages/oslo_config/cfg.py:2826}}
Sep 02 12:55:48 jammy-provider-cloud-0000007564 neutron-server[90968]: DEBUG oslo_service.service [-] nova.timeout                   = None {{(pid=90968) log_opt_values /opt/stack/data/venv/lib/python3.10/site-packages/oslo_config/cfg.py:2826}}
Sep 02 12:55:48 jammy-provider-cloud-0000007564 neutron-server[90968]: DEBUG oslo_service.service [-] nova.trust_id                  = None {{(pid=90968) log_opt_values /opt/stack/data/venv/lib/python3.10/site-packages/oslo_config/cfg.py:2826}}
Sep 02 12:55:48 jammy-provider-cloud-0000007564 neutron-server[90968]: DEBUG oslo_service.service [-] nova.user_domain_id            = None {{(pid=90968) log_opt_values /opt/stack/data/venv/lib/python3.10/site-packages/oslo_config/cfg.py:2826}}
Sep 02 12:55:48 jammy-provider-cloud-0000007564 neutron-server[90968]: DEBUG oslo_service.service [-] nova.user_domain_name          = Default {{(pid=90968) log_opt_values /opt/stack/data/venv/lib/python3.10/site-packages/oslo_config/cfg.py:2826}}
Sep 02 12:55:48 jammy-provider-cloud-0000007564 neutron-server[91154]: DEBUG ovsdbapp.backend.ovs_idl [None req-c9742a90-ff36-49f2-b7f7-a9dbd4c7bdce None None] Created lookup_table index Chassis.name {{(pid=91154) autocreate_indices /opt/stack/data/venv/lib/python3.10/site-packages/ovsdbapp/backend/ovs_idl/__init__.py:87}}
Sep 02 12:55:48 jammy-provider-cloud-0000007564 neutron-server[91154]: DEBUG ovsdbapp.backend.ovs_idl [None req-c9742a90-ff36-49f2-b7f7-a9dbd4c7bdce None None] Created lookup_table index Port_Binding.logical_port {{(pid=91154) autocreate_indices /opt/stack/data/venv/lib/python3.10/site-packages/ovsdbapp/backend/ovs_idl/__init__.py:87}}
Sep 02 12:55:48 jammy-provider-cloud-0000007564 neutron-server[91154]: DEBUG ovsdbapp.backend.ovs_idl [None req-c9742a90-ff36-49f2-b7f7-a9dbd4c7bdce None None] Created schema index Chassis_Private.name {{(pid=91154) autocreate_indices /opt/stack/data/venv/lib/python3.10/site-packages/ovsdbapp/backend/ovs_idl/__init__.py:106}}
Sep 02 12:55:48 jammy-provider-cloud-0000007564 neutron-server[91154]: DEBUG ovsdbapp.backend.ovs_idl [None req-c9742a90-ff36-49f2-b7f7-a9dbd4c7bdce None None] Created schema index Datapath_Binding.tunnel_key {{(pid=91154) autocreate_indices /opt/stack/data/venv/lib/python3.10/site-packages/ovsdbapp/backend/ovs_idl/__init__.py:106}}
Sep 02 12:55:48 jammy-provider-cloud-0000007564 neutron-server[90968]: DEBUG oslo_service.service [-] nova.user_id                   = None {{(pid=90968) log_opt_values /opt/stack/data/venv/lib/python3.10/site-packages/oslo_config/cfg.py:2826}}
