Jul 31 06:28:20 jammy-provider-cloud-0000007434 systemd[1]: Starting Devstack devstack@g-api.service...
Jul 31 06:28:20 jammy-provider-cloud-0000007434 devstack@g-api.service[103885]: [uWSGI] getting INI configuration from /etc/glance/glance-uwsgi.ini
Jul 31 06:28:20 jammy-provider-cloud-0000007434 devstack@g-api.service[103885]: *** Starting uWSGI 2.0.20-debian (64bit) on [Wed Jul 31 06:28:20 2024] ***
Jul 31 06:28:20 jammy-provider-cloud-0000007434 devstack@g-api.service[103885]: compiled with version: 11.2.0 on 21 March 2022 11:00:44
Jul 31 06:28:20 jammy-provider-cloud-0000007434 devstack@g-api.service[103885]: os: Linux-5.15.0-107-generic #117-Ubuntu SMP Fri Apr 26 12:26:49 UTC 2024
Jul 31 06:28:20 jammy-provider-cloud-0000007434 devstack@g-api.service[103885]: nodename: jammy-provider-cloud-0000007434
Jul 31 06:28:20 jammy-provider-cloud-0000007434 devstack@g-api.service[103885]: machine: x86_64
Jul 31 06:28:20 jammy-provider-cloud-0000007434 devstack@g-api.service[103885]: clock source: unix
Jul 31 06:28:20 jammy-provider-cloud-0000007434 devstack@g-api.service[103885]: pcre jit disabled
Jul 31 06:28:20 jammy-provider-cloud-0000007434 devstack@g-api.service[103885]: detected number of CPU cores: 4
Jul 31 06:28:20 jammy-provider-cloud-0000007434 devstack@g-api.service[103885]: current working directory: /
Jul 31 06:28:20 jammy-provider-cloud-0000007434 devstack@g-api.service[103885]: detected binary path: /usr/bin/uwsgi-core
Jul 31 06:28:20 jammy-provider-cloud-0000007434 devstack@g-api.service[103885]: your processes number limit is 31298
Jul 31 06:28:20 jammy-provider-cloud-0000007434 devstack@g-api.service[103885]: your memory page size is 4096 bytes
Jul 31 06:28:20 jammy-provider-cloud-0000007434 devstack@g-api.service[103885]: detected max file descriptor number: 2048
Jul 31 06:28:20 jammy-provider-cloud-0000007434 devstack@g-api.service[103885]: lock engine: pthread robust mutexes
Jul 31 06:28:20 jammy-provider-cloud-0000007434 devstack@g-api.service[103885]: thunder lock: enabled
Jul 31 06:28:20 jammy-provider-cloud-0000007434 devstack@g-api.service[103885]: uwsgi socket 0 bound to TCP address 127.0.0.1:60999 fd 4
Jul 31 06:28:20 jammy-provider-cloud-0000007434 devstack@g-api.service[103885]: Python version: 3.10.12 (main, Jul 29 2024, 16:56:48) [GCC 11.4.0]
Jul 31 06:28:20 jammy-provider-cloud-0000007434 devstack@g-api.service[103885]: PEP 405 virtualenv detected: /opt/stack/data/venv
Jul 31 06:28:20 jammy-provider-cloud-0000007434 devstack@g-api.service[103885]: Set PythonHome to /opt/stack/data/venv
Jul 31 06:28:20 jammy-provider-cloud-0000007434 devstack@g-api.service[103885]: Python main interpreter initialized at 0x55894cc21e00
Jul 31 06:28:20 jammy-provider-cloud-0000007434 devstack@g-api.service[103885]: python threads support enabled
Jul 31 06:28:20 jammy-provider-cloud-0000007434 devstack@g-api.service[103885]: your server socket listen backlog is limited to 100 connections
Jul 31 06:28:20 jammy-provider-cloud-0000007434 devstack@g-api.service[103885]: your mercy for graceful operations on workers is 80 seconds
Jul 31 06:28:20 jammy-provider-cloud-0000007434 devstack@g-api.service[103885]: mapped 403077 bytes (393 KB) for 2 cores
Jul 31 06:28:20 jammy-provider-cloud-0000007434 devstack@g-api.service[103885]: *** Operational MODE: preforking ***
Jul 31 06:28:20 jammy-provider-cloud-0000007434 devstack@g-api.service[103885]: *** uWSGI is running in multiple interpreter mode ***
Jul 31 06:28:20 jammy-provider-cloud-0000007434 devstack@g-api.service[103885]: spawned uWSGI master process (pid: 103885)
Jul 31 06:28:20 jammy-provider-cloud-0000007434 systemd[1]: Started Devstack devstack@g-api.service.
Jul 31 06:28:20 jammy-provider-cloud-0000007434 devstack@g-api.service[103885]: spawned uWSGI worker 1 (pid: 103887, cores: 1)
Jul 31 06:28:20 jammy-provider-cloud-0000007434 devstack@g-api.service[103885]: spawned uWSGI worker 2 (pid: 103888, cores: 1)
Jul 31 06:28:20 jammy-provider-cloud-0000007434 devstack@g-api.service[103885]: running "unix_signal:15 gracefully_kill_them_all" (master-start)...
Jul 31 06:28:21 jammy-provider-cloud-0000007434 devstack@g-api.service[103887]: INFO glance.async_ [-] Threadpool model set to 'NativeThreadPoolModel'
Jul 31 06:28:21 jammy-provider-cloud-0000007434 devstack@g-api.service[103888]: INFO glance.async_ [-] Threadpool model set to 'NativeThreadPoolModel'
Jul 31 06:28:21 jammy-provider-cloud-0000007434 devstack@g-api.service[103887]: DEBUG oslo_concurrency.processutils [-] Running cmd (subprocess): grep -F node.session.scan /sbin/iscsiadm {{(pid=103887) execute /opt/stack/data/venv/lib/python3.10/site-packages/oslo_concurrency/processutils.py:390}}
Jul 31 06:28:21 jammy-provider-cloud-0000007434 devstack@g-api.service[103888]: DEBUG oslo_concurrency.processutils [-] Running cmd (subprocess): grep -F node.session.scan /sbin/iscsiadm {{(pid=103888) execute /opt/stack/data/venv/lib/python3.10/site-packages/oslo_concurrency/processutils.py:390}}
Jul 31 06:28:21 jammy-provider-cloud-0000007434 devstack@g-api.service[103887]: DEBUG oslo_concurrency.processutils [-] CMD "grep -F node.session.scan /sbin/iscsiadm" returned: 0 in 0.011s {{(pid=103887) execute /opt/stack/data/venv/lib/python3.10/site-packages/oslo_concurrency/processutils.py:428}}
Jul 31 06:28:21 jammy-provider-cloud-0000007434 devstack@g-api.service[103888]: DEBUG oslo_concurrency.processutils [-] CMD "grep -F node.session.scan /sbin/iscsiadm" returned: 0 in 0.008s {{(pid=103888) execute /opt/stack/data/venv/lib/python3.10/site-packages/oslo_concurrency/processutils.py:428}}
Jul 31 06:28:21 jammy-provider-cloud-0000007434 devstack@g-api.service[103887]: DEBUG glance_store.common.attachment_state_manager [-] Initialising _AttachmentStateManager {{(pid=103887) __init__ /opt/stack/data/venv/lib/python3.10/site-packages/glance_store/common/attachment_state_manager.py:86}}
Jul 31 06:28:21 jammy-provider-cloud-0000007434 devstack@g-api.service[103888]: DEBUG glance_store.common.attachment_state_manager [-] Initialising _AttachmentStateManager {{(pid=103888) __init__ /opt/stack/data/venv/lib/python3.10/site-packages/glance_store/common/attachment_state_manager.py:86}}
Jul 31 06:28:21 jammy-provider-cloud-0000007434 devstack@g-api.service[103887]: DEBUG glance_store.backend [-] Attempting to import store cinder {{(pid=103887) _load_store /opt/stack/data/venv/lib/python3.10/site-packages/glance_store/backend.py:216}}
Jul 31 06:28:21 jammy-provider-cloud-0000007434 devstack@g-api.service[103887]: DEBUG glance_store.backend [-] Attempting to import store file {{(pid=103887) _load_store /opt/stack/data/venv/lib/python3.10/site-packages/glance_store/backend.py:216}}
Jul 31 06:28:21 jammy-provider-cloud-0000007434 devstack@g-api.service[103887]: DEBUG glance_store.backend [-] Attempting to import store glance.store.cinder.Store {{(pid=103887) _load_store /opt/stack/data/venv/lib/python3.10/site-packages/glance_store/backend.py:216}}
Jul 31 06:28:21 jammy-provider-cloud-0000007434 devstack@g-api.service[103887]: DEBUG glance_store.backend [-] Attempting to import store glance.store.filesystem.Store {{(pid=103887) _load_store /opt/stack/data/venv/lib/python3.10/site-packages/glance_store/backend.py:216}}
Jul 31 06:28:21 jammy-provider-cloud-0000007434 devstack@g-api.service[103887]: DEBUG glance_store.backend [-] Attempting to import store glance.store.http.Store {{(pid=103887) _load_store /opt/stack/data/venv/lib/python3.10/site-packages/glance_store/backend.py:216}}
Jul 31 06:28:21 jammy-provider-cloud-0000007434 devstack@g-api.service[103887]: DEBUG glance_store.backend [-] Attempting to import store glance.store.rbd.Store {{(pid=103887) _load_store /opt/stack/data/venv/lib/python3.10/site-packages/glance_store/backend.py:216}}
Jul 31 06:28:21 jammy-provider-cloud-0000007434 devstack@g-api.service[103887]: DEBUG glance_store.backend [-] Attempting to import store glance.store.s3.Store {{(pid=103887) _load_store /opt/stack/data/venv/lib/python3.10/site-packages/glance_store/backend.py:216}}
Jul 31 06:28:21 jammy-provider-cloud-0000007434 devstack@g-api.service[103887]: DEBUG glance_store.backend [-] Attempting to import store glance.store.swift.Store {{(pid=103887) _load_store /opt/stack/data/venv/lib/python3.10/site-packages/glance_store/backend.py:216}}
Jul 31 06:28:21 jammy-provider-cloud-0000007434 devstack@g-api.service[103887]: DEBUG glance_store.backend [-] Attempting to import store glance.store.vmware_datastore.Store {{(pid=103887) _load_store /opt/stack/data/venv/lib/python3.10/site-packages/glance_store/backend.py:216}}
Jul 31 06:28:21 jammy-provider-cloud-0000007434 devstack@g-api.service[103887]: DEBUG glance_store.backend [-] Attempting to import store http {{(pid=103887) _load_store /opt/stack/data/venv/lib/python3.10/site-packages/glance_store/backend.py:216}}
Jul 31 06:28:21 jammy-provider-cloud-0000007434 devstack@g-api.service[103887]: DEBUG glance_store.backend [-] Attempting to import store no_conf {{(pid=103887) _load_store /opt/stack/data/venv/lib/python3.10/site-packages/glance_store/backend.py:216}}
Jul 31 06:28:21 jammy-provider-cloud-0000007434 devstack@g-api.service[103887]: DEBUG glance_store.backend [-] Attempting to import store rbd {{(pid=103887) _load_store /opt/stack/data/venv/lib/python3.10/site-packages/glance_store/backend.py:216}}
Jul 31 06:28:21 jammy-provider-cloud-0000007434 devstack@g-api.service[103887]: DEBUG glance_store.backend [-] Attempting to import store s3 {{(pid=103887) _load_store /opt/stack/data/venv/lib/python3.10/site-packages/glance_store/backend.py:216}}
Jul 31 06:28:21 jammy-provider-cloud-0000007434 devstack@g-api.service[103887]: DEBUG glance_store.backend [-] Attempting to import store swift {{(pid=103887) _load_store /opt/stack/data/venv/lib/python3.10/site-packages/glance_store/backend.py:216}}
Jul 31 06:28:21 jammy-provider-cloud-0000007434 devstack@g-api.service[103887]: DEBUG glance_store.backend [-] Attempting to import store vmware {{(pid=103887) _load_store /opt/stack/data/venv/lib/python3.10/site-packages/glance_store/backend.py:216}}
Jul 31 06:28:21 jammy-provider-cloud-0000007434 devstack@g-api.service[103887]: DEBUG glance_store.backend [-] Registering options for group glance_store {{(pid=103887) register_opts /opt/stack/data/venv/lib/python3.10/site-packages/glance_store/backend.py:145}}
Jul 31 06:28:21 jammy-provider-cloud-0000007434 devstack@g-api.service[103887]: DEBUG glance_store.backend [-] Registering options for group glance_store {{(pid=103887) register_opts /opt/stack/data/venv/lib/python3.10/site-packages/glance_store/backend.py:145}}
Jul 31 06:28:21 jammy-provider-cloud-0000007434 devstack@g-api.service[103887]: DEBUG glance_store.backend [-] Attempting to import store http {{(pid=103887) _load_store /opt/stack/data/venv/lib/python3.10/site-packages/glance_store/backend.py:216}}
Jul 31 06:28:21 jammy-provider-cloud-0000007434 devstack@g-api.service[103887]: DEBUG glance_store.capabilities [-] Store glance_store._drivers.http.Store doesn't support updating dynamic storage capabilities. Please overwrite 'update_capabilities' method of the store to implement updating logics if needed. {{(pid=103887) update_capabilities /opt/stack/data/venv/lib/python3.10/site-packages/glance_store/capabilities.py:91}}
Jul 31 06:28:21 jammy-provider-cloud-0000007434 devstack@g-api.service[103887]: DEBUG glance_store.backend [-] Registering store http with schemes ('http', 'https') {{(pid=103887) create_stores /opt/stack/data/venv/lib/python3.10/site-packages/glance_store/backend.py:262}}
Jul 31 06:28:21 jammy-provider-cloud-0000007434 devstack@g-api.service[103887]: DEBUG glance_store.driver [-] Late loading location class glance_store._drivers.http.StoreLocation {{(pid=103887) get_store_location_class /opt/stack/data/venv/lib/python3.10/site-packages/glance_store/driver.py:133}}
Jul 31 06:28:21 jammy-provider-cloud-0000007434 devstack@g-api.service[103887]: DEBUG glance_store.location [-] Registering scheme http with {'store': <glance_store._drivers.http.Store object at 0x7f92567db460>, 'location_class': <class 'glance_store._drivers.http.StoreLocation'>, 'store_entry': 'http'} {{(pid=103887) register_scheme_map /opt/stack/data/venv/lib/python3.10/site-packages/glance_store/location.py:146}}
Jul 31 06:28:21 jammy-provider-cloud-0000007434 devstack@g-api.service[103887]: DEBUG glance_store.location [-] Registering scheme https with {'store': <glance_store._drivers.http.Store object at 0x7f92567db460>, 'location_class': <class 'glance_store._drivers.http.StoreLocation'>, 'store_entry': 'http'} {{(pid=103887) register_scheme_map /opt/stack/data/venv/lib/python3.10/site-packages/glance_store/location.py:146}}
Jul 31 06:28:21 jammy-provider-cloud-0000007434 devstack@g-api.service[103887]: DEBUG glance_store.backend [-] Attempting to import store file {{(pid=103887) _load_store /opt/stack/data/venv/lib/python3.10/site-packages/glance_store/backend.py:216}}
Jul 31 06:28:21 jammy-provider-cloud-0000007434 devstack@g-api.service[103887]: DEBUG glance_store.capabilities [-] Store glance_store._drivers.filesystem.Store doesn't support updating dynamic storage capabilities. Please overwrite 'update_capabilities' method of the store to implement updating logics if needed. {{(pid=103887) update_capabilities /opt/stack/data/venv/lib/python3.10/site-packages/glance_store/capabilities.py:91}}
Jul 31 06:28:21 jammy-provider-cloud-0000007434 devstack@g-api.service[103887]: DEBUG glance_store.backend [-] Registering store file with schemes ('file', 'filesystem') {{(pid=103887) create_stores /opt/stack/data/venv/lib/python3.10/site-packages/glance_store/backend.py:262}}
Jul 31 06:28:21 jammy-provider-cloud-0000007434 devstack@g-api.service[103887]: DEBUG glance_store.driver [-] Late loading location class glance_store._drivers.filesystem.StoreLocation {{(pid=103887) get_store_location_class /opt/stack/data/venv/lib/python3.10/site-packages/glance_store/driver.py:133}}
Jul 31 06:28:21 jammy-provider-cloud-0000007434 devstack@g-api.service[103887]: DEBUG glance_store.location [-] Registering scheme file with {'store': <glance_store._drivers.filesystem.Store object at 0x7f92567db700>, 'location_class': <class 'glance_store._drivers.filesystem.StoreLocation'>, 'store_entry': 'file'} {{(pid=103887) register_scheme_map /opt/stack/data/venv/lib/python3.10/site-packages/glance_store/location.py:146}}
Jul 31 06:28:21 jammy-provider-cloud-0000007434 devstack@g-api.service[103887]: DEBUG glance_store.location [-] Registering scheme filesystem with {'store': <glance_store._drivers.filesystem.Store object at 0x7f92567db700>, 'location_class': <class 'glance_store._drivers.filesystem.StoreLocation'>, 'store_entry': 'file'} {{(pid=103887) register_scheme_map /opt/stack/data/venv/lib/python3.10/site-packages/glance_store/location.py:146}}
Jul 31 06:28:21 jammy-provider-cloud-0000007434 devstack@g-api.service[103887]: DEBUG glance.sqlite_migration [-] SQLite caching database not located, skipping migration {{(pid=103887) get_db_path /opt/stack/glance/glance/sqlite_migration.py:68}}
Jul 31 06:28:21 jammy-provider-cloud-0000007434 devstack@g-api.service[103887]: WARNING glance.common.wsgi_app [-] Import methods are enabled but staging directory /tmp/staging/ does not exist; Imports will fail!
Jul 31 06:28:21 jammy-provider-cloud-0000007434 devstack@g-api.service[103888]: DEBUG glance_store.backend [-] Attempting to import store cinder {{(pid=103888) _load_store /opt/stack/data/venv/lib/python3.10/site-packages/glance_store/backend.py:216}}
Jul 31 06:28:21 jammy-provider-cloud-0000007434 devstack@g-api.service[103888]: DEBUG glance_store.backend [-] Attempting to import store file {{(pid=103888) _load_store /opt/stack/data/venv/lib/python3.10/site-packages/glance_store/backend.py:216}}
Jul 31 06:28:21 jammy-provider-cloud-0000007434 devstack@g-api.service[103888]: DEBUG glance_store.backend [-] Attempting to import store glance.store.cinder.Store {{(pid=103888) _load_store /opt/stack/data/venv/lib/python3.10/site-packages/glance_store/backend.py:216}}
Jul 31 06:28:21 jammy-provider-cloud-0000007434 devstack@g-api.service[103888]: DEBUG glance_store.backend [-] Attempting to import store glance.store.filesystem.Store {{(pid=103888) _load_store /opt/stack/data/venv/lib/python3.10/site-packages/glance_store/backend.py:216}}
Jul 31 06:28:21 jammy-provider-cloud-0000007434 devstack@g-api.service[103888]: DEBUG glance_store.backend [-] Attempting to import store glance.store.http.Store {{(pid=103888) _load_store /opt/stack/data/venv/lib/python3.10/site-packages/glance_store/backend.py:216}}
Jul 31 06:28:21 jammy-provider-cloud-0000007434 devstack@g-api.service[103888]: DEBUG glance_store.backend [-] Attempting to import store glance.store.rbd.Store {{(pid=103888) _load_store /opt/stack/data/venv/lib/python3.10/site-packages/glance_store/backend.py:216}}
Jul 31 06:28:21 jammy-provider-cloud-0000007434 devstack@g-api.service[103888]: DEBUG glance_store.backend [-] Attempting to import store glance.store.s3.Store {{(pid=103888) _load_store /opt/stack/data/venv/lib/python3.10/site-packages/glance_store/backend.py:216}}
Jul 31 06:28:21 jammy-provider-cloud-0000007434 devstack@g-api.service[103888]: DEBUG glance_store.backend [-] Attempting to import store glance.store.swift.Store {{(pid=103888) _load_store /opt/stack/data/venv/lib/python3.10/site-packages/glance_store/backend.py:216}}
Jul 31 06:28:21 jammy-provider-cloud-0000007434 devstack@g-api.service[103888]: DEBUG glance_store.backend [-] Attempting to import store glance.store.vmware_datastore.Store {{(pid=103888) _load_store /opt/stack/data/venv/lib/python3.10/site-packages/glance_store/backend.py:216}}
Jul 31 06:28:21 jammy-provider-cloud-0000007434 devstack@g-api.service[103888]: DEBUG glance_store.backend [-] Attempting to import store http {{(pid=103888) _load_store /opt/stack/data/venv/lib/python3.10/site-packages/glance_store/backend.py:216}}
Jul 31 06:28:21 jammy-provider-cloud-0000007434 devstack@g-api.service[103888]: DEBUG glance_store.backend [-] Attempting to import store no_conf {{(pid=103888) _load_store /opt/stack/data/venv/lib/python3.10/site-packages/glance_store/backend.py:216}}
Jul 31 06:28:21 jammy-provider-cloud-0000007434 devstack@g-api.service[103888]: DEBUG glance_store.backend [-] Attempting to import store rbd {{(pid=103888) _load_store /opt/stack/data/venv/lib/python3.10/site-packages/glance_store/backend.py:216}}
Jul 31 06:28:21 jammy-provider-cloud-0000007434 devstack@g-api.service[103888]: DEBUG glance_store.backend [-] Attempting to import store s3 {{(pid=103888) _load_store /opt/stack/data/venv/lib/python3.10/site-packages/glance_store/backend.py:216}}
Jul 31 06:28:21 jammy-provider-cloud-0000007434 devstack@g-api.service[103888]: DEBUG glance_store.backend [-] Attempting to import store swift {{(pid=103888) _load_store /opt/stack/data/venv/lib/python3.10/site-packages/glance_store/backend.py:216}}
Jul 31 06:28:21 jammy-provider-cloud-0000007434 devstack@g-api.service[103888]: DEBUG glance_store.backend [-] Attempting to import store vmware {{(pid=103888) _load_store /opt/stack/data/venv/lib/python3.10/site-packages/glance_store/backend.py:216}}
Jul 31 06:28:21 jammy-provider-cloud-0000007434 devstack@g-api.service[103888]: DEBUG glance_store.backend [-] Registering options for group glance_store {{(pid=103888) register_opts /opt/stack/data/venv/lib/python3.10/site-packages/glance_store/backend.py:145}}
Jul 31 06:28:21 jammy-provider-cloud-0000007434 devstack@g-api.service[103888]: DEBUG glance_store.backend [-] Registering options for group glance_store {{(pid=103888) register_opts /opt/stack/data/venv/lib/python3.10/site-packages/glance_store/backend.py:145}}
Jul 31 06:28:21 jammy-provider-cloud-0000007434 devstack@g-api.service[103888]: DEBUG glance_store.backend [-] Attempting to import store http {{(pid=103888) _load_store /opt/stack/data/venv/lib/python3.10/site-packages/glance_store/backend.py:216}}
Jul 31 06:28:21 jammy-provider-cloud-0000007434 devstack@g-api.service[103888]: DEBUG glance_store.capabilities [-] Store glance_store._drivers.http.Store doesn't support updating dynamic storage capabilities. Please overwrite 'update_capabilities' method of the store to implement updating logics if needed. {{(pid=103888) update_capabilities /opt/stack/data/venv/lib/python3.10/site-packages/glance_store/capabilities.py:91}}
Jul 31 06:28:21 jammy-provider-cloud-0000007434 devstack@g-api.service[103888]: DEBUG glance_store.backend [-] Registering store http with schemes ('http', 'https') {{(pid=103888) create_stores /opt/stack/data/venv/lib/python3.10/site-packages/glance_store/backend.py:262}}
Jul 31 06:28:21 jammy-provider-cloud-0000007434 devstack@g-api.service[103888]: DEBUG glance_store.driver [-] Late loading location class glance_store._drivers.http.StoreLocation {{(pid=103888) get_store_location_class /opt/stack/data/venv/lib/python3.10/site-packages/glance_store/driver.py:133}}
Jul 31 06:28:21 jammy-provider-cloud-0000007434 devstack@g-api.service[103888]: DEBUG glance_store.location [-] Registering scheme http with {'store': <glance_store._drivers.http.Store object at 0x7f9256816710>, 'location_class': <class 'glance_store._drivers.http.StoreLocation'>, 'store_entry': 'http'} {{(pid=103888) register_scheme_map /opt/stack/data/venv/lib/python3.10/site-packages/glance_store/location.py:146}}
Jul 31 06:28:21 jammy-provider-cloud-0000007434 devstack@g-api.service[103888]: DEBUG glance_store.location [-] Registering scheme https with {'store': <glance_store._drivers.http.Store object at 0x7f9256816710>, 'location_class': <class 'glance_store._drivers.http.StoreLocation'>, 'store_entry': 'http'} {{(pid=103888) register_scheme_map /opt/stack/data/venv/lib/python3.10/site-packages/glance_store/location.py:146}}
Jul 31 06:28:21 jammy-provider-cloud-0000007434 devstack@g-api.service[103888]: DEBUG glance_store.backend [-] Attempting to import store file {{(pid=103888) _load_store /opt/stack/data/venv/lib/python3.10/site-packages/glance_store/backend.py:216}}
Jul 31 06:28:21 jammy-provider-cloud-0000007434 devstack@g-api.service[103888]: DEBUG glance_store.capabilities [-] Store glance_store._drivers.filesystem.Store doesn't support updating dynamic storage capabilities. Please overwrite 'update_capabilities' method of the store to implement updating logics if needed. {{(pid=103888) update_capabilities /opt/stack/data/venv/lib/python3.10/site-packages/glance_store/capabilities.py:91}}
Jul 31 06:28:21 jammy-provider-cloud-0000007434 devstack@g-api.service[103888]: DEBUG glance_store.backend [-] Registering store file with schemes ('file', 'filesystem') {{(pid=103888) create_stores /opt/stack/data/venv/lib/python3.10/site-packages/glance_store/backend.py:262}}
Jul 31 06:28:21 jammy-provider-cloud-0000007434 devstack@g-api.service[103888]: DEBUG glance_store.driver [-] Late loading location class glance_store._drivers.filesystem.StoreLocation {{(pid=103888) get_store_location_class /opt/stack/data/venv/lib/python3.10/site-packages/glance_store/driver.py:133}}
Jul 31 06:28:21 jammy-provider-cloud-0000007434 devstack@g-api.service[103888]: DEBUG glance_store.location [-] Registering scheme file with {'store': <glance_store._drivers.filesystem.Store object at 0x7f9256814d90>, 'location_class': <class 'glance_store._drivers.filesystem.StoreLocation'>, 'store_entry': 'file'} {{(pid=103888) register_scheme_map /opt/stack/data/venv/lib/python3.10/site-packages/glance_store/location.py:146}}
Jul 31 06:28:21 jammy-provider-cloud-0000007434 devstack@g-api.service[103888]: DEBUG glance_store.location [-] Registering scheme filesystem with {'store': <glance_store._drivers.filesystem.Store object at 0x7f9256814d90>, 'location_class': <class 'glance_store._drivers.filesystem.StoreLocation'>, 'store_entry': 'file'} {{(pid=103888) register_scheme_map /opt/stack/data/venv/lib/python3.10/site-packages/glance_store/location.py:146}}
Jul 31 06:28:21 jammy-provider-cloud-0000007434 devstack@g-api.service[103888]: DEBUG glance.sqlite_migration [-] SQLite caching database not located, skipping migration {{(pid=103888) get_db_path /opt/stack/glance/glance/sqlite_migration.py:68}}
Jul 31 06:28:21 jammy-provider-cloud-0000007434 devstack@g-api.service[103888]: WARNING glance.common.wsgi_app [-] Import methods are enabled but staging directory /tmp/staging/ does not exist; Imports will fail!
Jul 31 06:28:21 jammy-provider-cloud-0000007434 devstack@g-api.service[103887]: DEBUG glance.common.config [None req-86b5bf40-7073-4914-8de8-d93dc5a397d6 None None] Loading glance-api-keystone+cachemanagement from /etc/glance/glance-api-paste.ini {{(pid=103887) load_paste_app /opt/stack/glance/glance/common/config.py:716}}
Jul 31 06:28:21 jammy-provider-cloud-0000007434 devstack@g-api.service[103888]: DEBUG glance.common.config [None req-b526bfe5-dd22-47bd-bca5-c707c57e399c None None] Loading glance-api-keystone+cachemanagement from /etc/glance/glance-api-paste.ini {{(pid=103888) load_paste_app /opt/stack/glance/glance/common/config.py:716}}
Jul 31 06:28:22 jammy-provider-cloud-0000007434 devstack@g-api.service[103888]: INFO glance.image_cache [None req-b526bfe5-dd22-47bd-bca5-c707c57e399c None None] Image cache loaded driver 'centralized_db'.
Jul 31 06:28:22 jammy-provider-cloud-0000007434 devstack@g-api.service[103887]: INFO glance.image_cache [None req-86b5bf40-7073-4914-8de8-d93dc5a397d6 None None] Image cache loaded driver 'centralized_db'.
Jul 31 06:28:22 jammy-provider-cloud-0000007434 devstack@g-api.service[103887]: INFO dbcounter [None req-86b5bf40-7073-4914-8de8-d93dc5a397d6 None None] Registered counter for database glance
Jul 31 06:28:22 jammy-provider-cloud-0000007434 devstack@g-api.service[103888]: INFO dbcounter [None req-b526bfe5-dd22-47bd-bca5-c707c57e399c None None] Registered counter for database glance
Jul 31 06:28:22 jammy-provider-cloud-0000007434 devstack@g-api.service[103888]: DEBUG oslo_db.sqlalchemy.engines [None req-b526bfe5-dd22-47bd-bca5-c707c57e399c None None] MySQL server mode set to STRICT_TRANS_TABLES,STRICT_ALL_TABLES,NO_ZERO_IN_DATE,NO_ZERO_DATE,ERROR_FOR_DIVISION_BY_ZERO,TRADITIONAL,NO_ENGINE_SUBSTITUTION {{(pid=103888) _check_effective_sql_mode /opt/stack/data/venv/lib/python3.10/site-packages/oslo_db/sqlalchemy/engines.py:342}}
Jul 31 06:28:22 jammy-provider-cloud-0000007434 devstack@g-api.service[103887]: DEBUG oslo_db.sqlalchemy.engines [None req-86b5bf40-7073-4914-8de8-d93dc5a397d6 None None] MySQL server mode set to STRICT_TRANS_TABLES,STRICT_ALL_TABLES,NO_ZERO_IN_DATE,NO_ZERO_DATE,ERROR_FOR_DIVISION_BY_ZERO,TRADITIONAL,NO_ENGINE_SUBSTITUTION {{(pid=103887) _check_effective_sql_mode /opt/stack/data/venv/lib/python3.10/site-packages/oslo_db/sqlalchemy/engines.py:342}}
Jul 31 06:28:22 jammy-provider-cloud-0000007434 devstack@g-api.service[103888]: DEBUG dbcounter [-] [103888] Writer thread running {{(pid=103888) stat_writer /opt/stack/data/venv/lib/python3.10/site-packages/dbcounter.py:102}}
Jul 31 06:28:22 jammy-provider-cloud-0000007434 devstack@g-api.service[103887]: DEBUG dbcounter [-] [103887] Writer thread running {{(pid=103887) stat_writer /opt/stack/data/venv/lib/python3.10/site-packages/dbcounter.py:102}}
Jul 31 06:28:22 jammy-provider-cloud-0000007434 devstack@g-api.service[103887]: DEBUG glance.image_cache.drivers.centralized_db [None req-86b5bf40-7073-4914-8de8-d93dc5a397d6 None None] Node reference is already recorded, ignoring it {{(pid=103887) configure /opt/stack/glance/glance/image_cache/drivers/centralized_db.py:71}}
Jul 31 06:28:22 jammy-provider-cloud-0000007434 devstack@g-api.service[103888]: INFO glance.image_cache [None req-b526bfe5-dd22-47bd-bca5-c707c57e399c None None] Image cache loaded driver 'centralized_db'.
Jul 31 06:28:22 jammy-provider-cloud-0000007434 devstack@g-api.service[103887]: INFO glance.image_cache [None req-86b5bf40-7073-4914-8de8-d93dc5a397d6 None None] Image cache loaded driver 'centralized_db'.
Jul 31 06:28:22 jammy-provider-cloud-0000007434 devstack@g-api.service[103888]: DEBUG glance.image_cache.drivers.centralized_db [None req-b526bfe5-dd22-47bd-bca5-c707c57e399c None None] Node reference is already recorded, ignoring it {{(pid=103888) configure /opt/stack/glance/glance/image_cache/drivers/centralized_db.py:71}}
Jul 31 06:28:22 jammy-provider-cloud-0000007434 devstack@g-api.service[103887]: DEBUG glance.image_cache.drivers.centralized_db [None req-86b5bf40-7073-4914-8de8-d93dc5a397d6 None None] Node reference is already recorded, ignoring it {{(pid=103887) configure /opt/stack/glance/glance/image_cache/drivers/centralized_db.py:71}}
Jul 31 06:28:22 jammy-provider-cloud-0000007434 devstack@g-api.service[103888]: DEBUG glance.api.v2.cached_images [None req-b526bfe5-dd22-47bd-bca5-c707c57e399c None None] Started cache worker thread {{(pid=103888) __init__ /opt/stack/glance/glance/api/v2/cached_images.py:69}}
Jul 31 06:28:22 jammy-provider-cloud-0000007434 devstack@g-api.service[103888]: INFO glance.image_cache [None req-b526bfe5-dd22-47bd-bca5-c707c57e399c None None] Image cache loaded driver 'centralized_db'.
Jul 31 06:28:22 jammy-provider-cloud-0000007434 devstack@g-api.service[103887]: DEBUG glance.api.v2.cached_images [None req-86b5bf40-7073-4914-8de8-d93dc5a397d6 None None] Started cache worker thread {{(pid=103887) __init__ /opt/stack/glance/glance/api/v2/cached_images.py:69}}
Jul 31 06:28:22 jammy-provider-cloud-0000007434 devstack@g-api.service[103887]: INFO glance.image_cache [None req-86b5bf40-7073-4914-8de8-d93dc5a397d6 None None] Image cache loaded driver 'centralized_db'.
Jul 31 06:28:22 jammy-provider-cloud-0000007434 devstack@g-api.service[103888]: DEBUG glance.image_cache.drivers.centralized_db [None req-b526bfe5-dd22-47bd-bca5-c707c57e399c None None] Node reference is already recorded, ignoring it {{(pid=103888) configure /opt/stack/glance/glance/image_cache/drivers/centralized_db.py:71}}
Jul 31 06:28:22 jammy-provider-cloud-0000007434 devstack@g-api.service[103887]: DEBUG glance.image_cache.drivers.centralized_db [None req-86b5bf40-7073-4914-8de8-d93dc5a397d6 None None] Node reference is already recorded, ignoring it {{(pid=103887) configure /opt/stack/glance/glance/image_cache/drivers/centralized_db.py:71}}
Jul 31 06:28:22 jammy-provider-cloud-0000007434 devstack@g-api.service[103888]: INFO glance.api.middleware.cache_manage [None req-b526bfe5-dd22-47bd-bca5-c707c57e399c None None] Initialized image cache management middleware
Jul 31 06:28:22 jammy-provider-cloud-0000007434 devstack@g-api.service[103887]: INFO glance.api.middleware.cache_manage [None req-86b5bf40-7073-4914-8de8-d93dc5a397d6 None None] Initialized image cache management middleware
Jul 31 06:28:22 jammy-provider-cloud-0000007434 devstack@g-api.service[103887]: INFO glance.image_cache [None req-86b5bf40-7073-4914-8de8-d93dc5a397d6 None None] Image cache loaded driver 'centralized_db'.
Jul 31 06:28:22 jammy-provider-cloud-0000007434 devstack@g-api.service[103888]: INFO glance.image_cache [None req-b526bfe5-dd22-47bd-bca5-c707c57e399c None None] Image cache loaded driver 'centralized_db'.
Jul 31 06:28:22 jammy-provider-cloud-0000007434 devstack@g-api.service[103887]: DEBUG glance.image_cache.drivers.centralized_db [None req-86b5bf40-7073-4914-8de8-d93dc5a397d6 None None] Node reference is already recorded, ignoring it {{(pid=103887) configure /opt/stack/glance/glance/image_cache/drivers/centralized_db.py:71}}
Jul 31 06:28:22 jammy-provider-cloud-0000007434 devstack@g-api.service[103888]: DEBUG glance.image_cache.drivers.centralized_db [None req-b526bfe5-dd22-47bd-bca5-c707c57e399c None None] Node reference is already recorded, ignoring it {{(pid=103888) configure /opt/stack/glance/glance/image_cache/drivers/centralized_db.py:71}}
Jul 31 06:28:22 jammy-provider-cloud-0000007434 devstack@g-api.service[103887]: INFO glance.api.middleware.cache [None req-86b5bf40-7073-4914-8de8-d93dc5a397d6 None None] Initialized image cache middleware
Jul 31 06:28:22 jammy-provider-cloud-0000007434 devstack@g-api.service[103888]: INFO glance.api.middleware.cache [None req-b526bfe5-dd22-47bd-bca5-c707c57e399c None None] Initialized image cache middleware
Jul 31 06:28:22 jammy-provider-cloud-0000007434 devstack@g-api.service[103887]: WARNING keystonemiddleware.auth_token [None req-86b5bf40-7073-4914-8de8-d93dc5a397d6 None None] AuthToken middleware is set with keystone_authtoken.service_token_roles_required set to False. This is backwards compatible but deprecated behaviour. Please set this to True.
Jul 31 06:28:22 jammy-provider-cloud-0000007434 devstack@g-api.service[103888]: WARNING keystonemiddleware.auth_token [None req-b526bfe5-dd22-47bd-bca5-c707c57e399c None None] AuthToken middleware is set with keystone_authtoken.service_token_roles_required set to False. This is backwards compatible but deprecated behaviour. Please set this to True.
Jul 31 06:28:22 jammy-provider-cloud-0000007434 devstack@g-api.service[103887]: WARNING keystonemiddleware.auth_token [None req-86b5bf40-7073-4914-8de8-d93dc5a397d6 None None] Configuring www_authenticate_uri to point to the public identity endpoint is required; clients may not be able to authenticate against an admin endpoint
Jul 31 06:28:22 jammy-provider-cloud-0000007434 devstack@g-api.service[103888]: WARNING keystonemiddleware.auth_token [None req-b526bfe5-dd22-47bd-bca5-c707c57e399c None None] Configuring www_authenticate_uri to point to the public identity endpoint is required; clients may not be able to authenticate against an admin endpoint
Jul 31 06:28:22 jammy-provider-cloud-0000007434 devstack@g-api.service[103887]: DEBUG glance.common.config [None req-86b5bf40-7073-4914-8de8-d93dc5a397d6 None None] ******************************************************************************** {{(pid=103887) log_opt_values /opt/stack/data/venv/lib/python3.10/site-packages/oslo_config/cfg.py:2600}}
Jul 31 06:28:22 jammy-provider-cloud-0000007434 devstack@g-api.service[103887]: DEBUG glance.common.config [None req-86b5bf40-7073-4914-8de8-d93dc5a397d6 None None] Configuration options gathered from: {{(pid=103887) log_opt_values /opt/stack/data/venv/lib/python3.10/site-packages/oslo_config/cfg.py:2601}}
Jul 31 06:28:22 jammy-provider-cloud-0000007434 devstack@g-api.service[103887]: DEBUG glance.common.config [None req-86b5bf40-7073-4914-8de8-d93dc5a397d6 None None] command line args: [] {{(pid=103887) log_opt_values /opt/stack/data/venv/lib/python3.10/site-packages/oslo_config/cfg.py:2602}}
Jul 31 06:28:22 jammy-provider-cloud-0000007434 devstack@g-api.service[103887]: DEBUG glance.common.config [None req-86b5bf40-7073-4914-8de8-d93dc5a397d6 None None] config files: ['/etc/glance/glance-image-import.conf', '/etc/glance/glance-api.conf'] {{(pid=103887) log_opt_values /opt/stack/data/venv/lib/python3.10/site-packages/oslo_config/cfg.py:2603}}
Jul 31 06:28:22 jammy-provider-cloud-0000007434 devstack@g-api.service[103887]: DEBUG glance.common.config [None req-86b5bf40-7073-4914-8de8-d93dc5a397d6 None None] ================================================================================ {{(pid=103887) log_opt_values /opt/stack/data/venv/lib/python3.10/site-packages/oslo_config/cfg.py:2605}}
Jul 31 06:28:22 jammy-provider-cloud-0000007434 devstack@g-api.service[103887]: DEBUG glance.common.config [None req-86b5bf40-7073-4914-8de8-d93dc5a397d6 None None] allow_anonymous_access         = False {{(pid=103887) log_opt_values /opt/stack/data/venv/lib/python3.10/site-packages/oslo_config/cfg.py:2613}}
Jul 31 06:28:22 jammy-provider-cloud-0000007434 devstack@g-api.service[103887]: DEBUG glance.common.config [None req-86b5bf40-7073-4914-8de8-d93dc5a397d6 None None] api_limit_max                  = 1000 {{(pid=103887) log_opt_values /opt/stack/data/venv/lib/python3.10/site-packages/oslo_config/cfg.py:2613}}
Jul 31 06:28:22 jammy-provider-cloud-0000007434 devstack@g-api.service[103887]: DEBUG glance.common.config [None req-86b5bf40-7073-4914-8de8-d93dc5a397d6 None None] backlog                        = 4096 {{(pid=103887) log_opt_values /opt/stack/data/venv/lib/python3.10/site-packages/oslo_config/cfg.py:2613}}
Jul 31 06:28:22 jammy-provider-cloud-0000007434 devstack@g-api.service[103887]: DEBUG glance.common.config [None req-86b5bf40-7073-4914-8de8-d93dc5a397d6 None None] bind_host                      = 0.0.0.0 {{(pid=103887) log_opt_values /opt/stack/data/venv/lib/python3.10/site-packages/oslo_config/cfg.py:2613}}
Jul 31 06:28:22 jammy-provider-cloud-0000007434 devstack@g-api.service[103887]: DEBUG glance.common.config [None req-86b5bf40-7073-4914-8de8-d93dc5a397d6 None None] bind_port                      = None {{(pid=103887) log_opt_values /opt/stack/data/venv/lib/python3.10/site-packages/oslo_config/cfg.py:2613}}
Jul 31 06:28:22 jammy-provider-cloud-0000007434 devstack@g-api.service[103887]: DEBUG glance.common.config [None req-86b5bf40-7073-4914-8de8-d93dc5a397d6 None None] client_socket_timeout          = 900 {{(pid=103887) log_opt_values /opt/stack/data/venv/lib/python3.10/site-packages/oslo_config/cfg.py:2613}}
Jul 31 06:28:22 jammy-provider-cloud-0000007434 devstack@g-api.service[103887]: DEBUG glance.common.config [None req-86b5bf40-7073-4914-8de8-d93dc5a397d6 None None] config_dir                     = [] {{(pid=103887) log_opt_values /opt/stack/data/venv/lib/python3.10/site-packages/oslo_config/cfg.py:2613}}
Jul 31 06:28:22 jammy-provider-cloud-0000007434 devstack@g-api.service[103887]: DEBUG glance.common.config [None req-86b5bf40-7073-4914-8de8-d93dc5a397d6 None None] config_file                    = ['/etc/glance/glance-image-import.conf', '/etc/glance/glance-api.conf'] {{(pid=103887) log_opt_values /opt/stack/data/venv/lib/python3.10/site-packages/oslo_config/cfg.py:2613}}
Jul 31 06:28:22 jammy-provider-cloud-0000007434 devstack@g-api.service[103887]: DEBUG glance.common.config [None req-86b5bf40-7073-4914-8de8-d93dc5a397d6 None None] config_source                  = [] {{(pid=103887) log_opt_values /opt/stack/data/venv/lib/python3.10/site-packages/oslo_config/cfg.py:2613}}
Jul 31 06:28:22 jammy-provider-cloud-0000007434 devstack@g-api.service[103887]: DEBUG glance.common.config [None req-86b5bf40-7073-4914-8de8-d93dc5a397d6 None None] control_exchange               = glance {{(pid=103887) log_opt_values /opt/stack/data/venv/lib/python3.10/site-packages/oslo_config/cfg.py:2613}}
Jul 31 06:28:22 jammy-provider-cloud-0000007434 devstack@g-api.service[103887]: DEBUG glance.common.config [None req-86b5bf40-7073-4914-8de8-d93dc5a397d6 None None] debug                          = True {{(pid=103887) log_opt_values /opt/stack/data/venv/lib/python3.10/site-packages/oslo_config/cfg.py:2613}}
Jul 31 06:28:22 jammy-provider-cloud-0000007434 devstack@g-api.service[103887]: DEBUG glance.common.config [None req-86b5bf40-7073-4914-8de8-d93dc5a397d6 None None] default_log_levels             = ['amqp=WARN', 'amqplib=WARN', 'boto=WARN', 'qpid=WARN', 'sqlalchemy=WARN', 'suds=INFO', 'oslo.messaging=INFO', 'oslo_messaging=INFO', 'iso8601=WARN', 'requests.packages.urllib3.connectionpool=WARN', 'urllib3.connectionpool=WARN', 'websocket=WARN', 'requests.packages.urllib3.util.retry=WARN', 'urllib3.util.retry=WARN', 'keystonemiddleware=WARN', 'routes.middleware=WARN', 'stevedore=WARN', 'taskflow=WARN', 'keystoneauth=WARN', 'oslo.cache=INFO', 'oslo_policy=INFO', 'dogpile.core.dogpile=INFO'] {{(pid=103887) log_opt_values /opt/stack/data/venv/lib/python3.10/site-packages/oslo_config/cfg.py:2613}}
Jul 31 06:28:22 jammy-provider-cloud-0000007434 devstack@g-api.service[103887]: DEBUG glance.common.config [None req-86b5bf40-7073-4914-8de8-d93dc5a397d6 None None] default_publisher_id           = image.localhost {{(pid=103887) log_opt_values /opt/stack/data/venv/lib/python3.10/site-packages/oslo_config/cfg.py:2613}}
Jul 31 06:28:22 jammy-provider-cloud-0000007434 devstack@g-api.service[103887]: DEBUG glance.common.config [None req-86b5bf40-7073-4914-8de8-d93dc5a397d6 None None] delayed_delete                 = False {{(pid=103887) log_opt_values /opt/stack/data/venv/lib/python3.10/site-packages/oslo_config/cfg.py:2613}}
Jul 31 06:28:22 jammy-provider-cloud-0000007434 devstack@g-api.service[103887]: DEBUG glance.common.config [None req-86b5bf40-7073-4914-8de8-d93dc5a397d6 None None] digest_algorithm               = sha256 {{(pid=103887) log_opt_values /opt/stack/data/venv/lib/python3.10/site-packages/oslo_config/cfg.py:2613}}
Jul 31 06:28:22 jammy-provider-cloud-0000007434 devstack@g-api.service[103887]: DEBUG glance.common.config [None req-86b5bf40-7073-4914-8de8-d93dc5a397d6 None None] disabled_notifications         = [] {{(pid=103887) log_opt_values /opt/stack/data/venv/lib/python3.10/site-packages/oslo_config/cfg.py:2613}}
Jul 31 06:28:22 jammy-provider-cloud-0000007434 devstack@g-api.service[103887]: DEBUG glance.common.config [None req-86b5bf40-7073-4914-8de8-d93dc5a397d6 None None] do_secure_hash                 = True {{(pid=103887) log_opt_values /opt/stack/data/venv/lib/python3.10/site-packages/oslo_config/cfg.py:2613}}
Jul 31 06:28:22 jammy-provider-cloud-0000007434 devstack@g-api.service[103887]: DEBUG glance.common.config [None req-86b5bf40-7073-4914-8de8-d93dc5a397d6 None None] enabled_backends               = None {{(pid=103887) log_opt_values /opt/stack/data/venv/lib/python3.10/site-packages/oslo_config/cfg.py:2613}}
Jul 31 06:28:22 jammy-provider-cloud-0000007434 devstack@g-api.service[103887]: DEBUG glance.common.config [None req-86b5bf40-7073-4914-8de8-d93dc5a397d6 None None] enabled_import_methods         = ['glance-direct', 'web-download', 'copy-image'] {{(pid=103887) log_opt_values /opt/stack/data/venv/lib/python3.10/site-packages/oslo_config/cfg.py:2613}}
Jul 31 06:28:22 jammy-provider-cloud-0000007434 devstack@g-api.service[103887]: DEBUG glance.common.config [None req-86b5bf40-7073-4914-8de8-d93dc5a397d6 None None] hashing_algorithm              = sha512 {{(pid=103887) log_opt_values /opt/stack/data/venv/lib/python3.10/site-packages/oslo_config/cfg.py:2613}}
Jul 31 06:28:22 jammy-provider-cloud-0000007434 devstack@g-api.service[103887]: DEBUG glance.common.config [None req-86b5bf40-7073-4914-8de8-d93dc5a397d6 None None] http_keepalive                 = True {{(pid=103887) log_opt_values /opt/stack/data/venv/lib/python3.10/site-packages/oslo_config/cfg.py:2613}}
Jul 31 06:28:22 jammy-provider-cloud-0000007434 devstack@g-api.service[103887]: DEBUG glance.common.config [None req-86b5bf40-7073-4914-8de8-d93dc5a397d6 None None] http_retries                   = 3 {{(pid=103887) log_opt_values /opt/stack/data/venv/lib/python3.10/site-packages/oslo_config/cfg.py:2613}}
Jul 31 06:28:22 jammy-provider-cloud-0000007434 devstack@g-api.service[103887]: DEBUG glance.common.config [None req-86b5bf40-7073-4914-8de8-d93dc5a397d6 None None] image_cache_dir                = /opt/stack/data/glance/cache/ {{(pid=103887) log_opt_values /opt/stack/data/venv/lib/python3.10/site-packages/oslo_config/cfg.py:2613}}
Jul 31 06:28:22 jammy-provider-cloud-0000007434 devstack@g-api.service[103887]: DEBUG glance.common.config [None req-86b5bf40-7073-4914-8de8-d93dc5a397d6 None None] image_cache_driver             = centralized_db {{(pid=103887) log_opt_values /opt/stack/data/venv/lib/python3.10/site-packages/oslo_config/cfg.py:2613}}
Jul 31 06:28:22 jammy-provider-cloud-0000007434 devstack@g-api.service[103887]: DEBUG glance.common.config [None req-86b5bf40-7073-4914-8de8-d93dc5a397d6 None None] image_cache_max_size           = 10737418240 {{(pid=103887) log_opt_values /opt/stack/data/venv/lib/python3.10/site-packages/oslo_config/cfg.py:2613}}
Jul 31 06:28:22 jammy-provider-cloud-0000007434 devstack@g-api.service[103887]: DEBUG glance.common.config [None req-86b5bf40-7073-4914-8de8-d93dc5a397d6 None None] image_cache_sqlite_db          = cache.db {{(pid=103887) log_opt_values /opt/stack/data/venv/lib/python3.10/site-packages/oslo_config/cfg.py:2613}}
Jul 31 06:28:22 jammy-provider-cloud-0000007434 devstack@g-api.service[103887]: DEBUG glance.common.config [None req-86b5bf40-7073-4914-8de8-d93dc5a397d6 None None] image_cache_stall_time         = 86400 {{(pid=103887) log_opt_values /opt/stack/data/venv/lib/python3.10/site-packages/oslo_config/cfg.py:2613}}
Jul 31 06:28:22 jammy-provider-cloud-0000007434 devstack@g-api.service[103887]: DEBUG glance.common.config [None req-86b5bf40-7073-4914-8de8-d93dc5a397d6 None None] image_location_quota           = 10 {{(pid=103887) log_opt_values /opt/stack/data/venv/lib/python3.10/site-packages/oslo_config/cfg.py:2613}}
Jul 31 06:28:22 jammy-provider-cloud-0000007434 devstack@g-api.service[103887]: DEBUG glance.common.config [None req-86b5bf40-7073-4914-8de8-d93dc5a397d6 None None] image_member_quota             = 128 {{(pid=103887) log_opt_values /opt/stack/data/venv/lib/python3.10/site-packages/oslo_config/cfg.py:2613}}
Jul 31 06:28:22 jammy-provider-cloud-0000007434 devstack@g-api.service[103888]: DEBUG glance.common.config [None req-b526bfe5-dd22-47bd-bca5-c707c57e399c None None] ******************************************************************************** {{(pid=103888) log_opt_values /opt/stack/data/venv/lib/python3.10/site-packages/oslo_config/cfg.py:2600}}
Jul 31 06:28:22 jammy-provider-cloud-0000007434 devstack@g-api.service[103887]: DEBUG glance.common.config [None req-86b5bf40-7073-4914-8de8-d93dc5a397d6 None None] image_property_quota           = 128 {{(pid=103887) log_opt_values /opt/stack/data/venv/lib/python3.10/site-packages/oslo_config/cfg.py:2613}}
Jul 31 06:28:22 jammy-provider-cloud-0000007434 devstack@g-api.service[103887]: DEBUG glance.common.config [None req-86b5bf40-7073-4914-8de8-d93dc5a397d6 None None] image_size_cap                 = 1099511627776 {{(pid=103887) log_opt_values /opt/stack/data/venv/lib/python3.10/site-packages/oslo_config/cfg.py:2613}}
Jul 31 06:28:22 jammy-provider-cloud-0000007434 devstack@g-api.service[103887]: DEBUG glance.common.config [None req-86b5bf40-7073-4914-8de8-d93dc5a397d6 None None] image_tag_quota                = 128 {{(pid=103887) log_opt_values /opt/stack/data/venv/lib/python3.10/site-packages/oslo_config/cfg.py:2613}}
Jul 31 06:28:22 jammy-provider-cloud-0000007434 devstack@g-api.service[103887]: DEBUG glance.common.config [None req-86b5bf40-7073-4914-8de8-d93dc5a397d6 None None] instance_format                = [instance: %(uuid)s]  {{(pid=103887) log_opt_values /opt/stack/data/venv/lib/python3.10/site-packages/oslo_config/cfg.py:2613}}
Jul 31 06:28:22 jammy-provider-cloud-0000007434 devstack@g-api.service[103888]: DEBUG glance.common.config [None req-b526bfe5-dd22-47bd-bca5-c707c57e399c None None] Configuration options gathered from: {{(pid=103888) log_opt_values /opt/stack/data/venv/lib/python3.10/site-packages/oslo_config/cfg.py:2601}}
Jul 31 06:28:22 jammy-provider-cloud-0000007434 devstack@g-api.service[103887]: DEBUG glance.common.config [None req-86b5bf40-7073-4914-8de8-d93dc5a397d6 None None] instance_uuid_format           = [instance: %(uuid)s]  {{(pid=103887) log_opt_values /opt/stack/data/venv/lib/python3.10/site-packages/oslo_config/cfg.py:2613}}
Jul 31 06:28:22 jammy-provider-cloud-0000007434 devstack@g-api.service[103887]: DEBUG glance.common.config [None req-86b5bf40-7073-4914-8de8-d93dc5a397d6 None None] limit_param_default            = 25 {{(pid=103887) log_opt_values /opt/stack/data/venv/lib/python3.10/site-packages/oslo_config/cfg.py:2613}}
Jul 31 06:28:22 jammy-provider-cloud-0000007434 devstack@g-api.service[103887]: DEBUG glance.common.config [None req-86b5bf40-7073-4914-8de8-d93dc5a397d6 None None] location_strategy              = location_order {{(pid=103887) log_opt_values /opt/stack/data/venv/lib/python3.10/site-packages/oslo_config/cfg.py:2613}}
Jul 31 06:28:22 jammy-provider-cloud-0000007434 devstack@g-api.service[103887]: DEBUG glance.common.config [None req-86b5bf40-7073-4914-8de8-d93dc5a397d6 None None] log_color                      = False {{(pid=103887) log_opt_values /opt/stack/data/venv/lib/python3.10/site-packages/oslo_config/cfg.py:2613}}
Jul 31 06:28:22 jammy-provider-cloud-0000007434 devstack@g-api.service[103887]: DEBUG glance.common.config [None req-86b5bf40-7073-4914-8de8-d93dc5a397d6 None None] log_config_append              = None {{(pid=103887) log_opt_values /opt/stack/data/venv/lib/python3.10/site-packages/oslo_config/cfg.py:2613}}
Jul 31 06:28:22 jammy-provider-cloud-0000007434 devstack@g-api.service[103887]: DEBUG glance.common.config [None req-86b5bf40-7073-4914-8de8-d93dc5a397d6 None None] log_date_format                = %Y-%m-%d %H:%M:%S {{(pid=103887) log_opt_values /opt/stack/data/venv/lib/python3.10/site-packages/oslo_config/cfg.py:2613}}
Jul 31 06:28:22 jammy-provider-cloud-0000007434 devstack@g-api.service[103888]: DEBUG glance.common.config [None req-b526bfe5-dd22-47bd-bca5-c707c57e399c None None] command line args: [] {{(pid=103888) log_opt_values /opt/stack/data/venv/lib/python3.10/site-packages/oslo_config/cfg.py:2602}}
Jul 31 06:28:22 jammy-provider-cloud-0000007434 devstack@g-api.service[103887]: DEBUG glance.common.config [None req-86b5bf40-7073-4914-8de8-d93dc5a397d6 None None] log_dir                        = None {{(pid=103887) log_opt_values /opt/stack/data/venv/lib/python3.10/site-packages/oslo_config/cfg.py:2613}}
Jul 31 06:28:22 jammy-provider-cloud-0000007434 devstack@g-api.service[103887]: DEBUG glance.common.config [None req-86b5bf40-7073-4914-8de8-d93dc5a397d6 None None] log_file                       = None {{(pid=103887) log_opt_values /opt/stack/data/venv/lib/python3.10/site-packages/oslo_config/cfg.py:2613}}
Jul 31 06:28:22 jammy-provider-cloud-0000007434 devstack@g-api.service[103887]: DEBUG glance.common.config [None req-86b5bf40-7073-4914-8de8-d93dc5a397d6 None None] log_rotate_interval            = 1 {{(pid=103887) log_opt_values /opt/stack/data/venv/lib/python3.10/site-packages/oslo_config/cfg.py:2613}}
