May 13 00:06:00 ubuntu devstack@keystone.service[67583]: DEBUG keystone.server.flask.request_processing.middleware.auth_context [None req-3866b095-b34b-4ca9-a857-72f3461e9aba None admin] RBAC: auth_context: {'token': <TokenModel (audit_id=q-82m6R7RM2Gc5x9Nz_-WA, audit_chain_id=['q-82m6R7RM2Gc5x9Nz_-WA']) at 0x7a7ba559cec0>, 'domain_id': None, 'trust_id': None, 'trustor_id': None, 'trustee_id': None, 'domain_name': None, 'group_ids': [], 'user_id': '84db11eab3ec42cc8010876b31327204', 'user_domain_id': 'default', 'system_scope': 'all', 'project_id': None, 'project_domain_id': None, 'roles': ['admin', 'manager', 'member', 'reader'], 'is_admin_project': True, 'service_user_id': None, 'service_user_domain_id': None, 'service_project_id': None, 'service_project_domain_id': None, 'service_roles': []} {{(pid=67583) fill_context /opt/stack/keystone/keystone/server/flask/request_processing/middleware/auth_context.py:509}}
May 13 00:06:00 ubuntu devstack@keystone.service[67583]: DEBUG keystone.server.flask.request_processing.req_logging [None req-3866b095-b34b-4ca9-a857-72f3461e9aba None admin] REQUEST_METHOD: `GET` {{(pid=67583) log_request_info /opt/stack/keystone/keystone/server/flask/request_processing/req_logging.py:26}}
May 13 00:06:00 ubuntu devstack@keystone.service[67583]: DEBUG keystone.server.flask.request_processing.req_logging [None req-3866b095-b34b-4ca9-a857-72f3461e9aba None admin] SCRIPT_NAME: `/identity` {{(pid=67583) log_request_info /opt/stack/keystone/keystone/server/flask/request_processing/req_logging.py:27}}
May 13 00:06:00 ubuntu devstack@keystone.service[67583]: DEBUG keystone.server.flask.request_processing.req_logging [None req-3866b095-b34b-4ca9-a857-72f3461e9aba None admin] PATH_INFO: `/v3/domains` {{(pid=67583) log_request_info /opt/stack/keystone/keystone/server/flask/request_processing/req_logging.py:28}}
May 13 00:06:00 ubuntu devstack@keystone.service[67583]: DEBUG keystone.common.rbac_enforcer.enforcer [None req-3866b095-b34b-4ca9-a857-72f3461e9aba None admin] RBAC: Adding query filter params (name=Default) {{(pid=67583) _extract_filter_values /opt/stack/keystone/keystone/common/rbac_enforcer/enforcer.py:176}}
May 13 00:06:00 ubuntu devstack@keystone.service[67583]: DEBUG keystone.common.rbac_enforcer.enforcer [None req-3866b095-b34b-4ca9-a857-72f3461e9aba None admin] RBAC: Authorizing `identity:list_domains()` {{(pid=67583) enforce_call /opt/stack/keystone/keystone/common/rbac_enforcer/enforcer.py:494}}
May 13 00:06:00 ubuntu devstack@keystone.service[67582]: DEBUG keystone.server.flask.request_processing.middleware.auth_context [None req-91bcbd2b-da47-4826-b7bb-0dc9e3f0eca6 None admin] RBAC: auth_context: {'token': <TokenModel (audit_id=XSrzLKmcTIKRSJy1wXjoYA, audit_chain_id=['XSrzLKmcTIKRSJy1wXjoYA']) at 0x7a7ba62b7020>, 'domain_id': None, 'trust_id': None, 'trustor_id': None, 'trustee_id': None, 'domain_name': None, 'group_ids': [], 'user_id': '84db11eab3ec42cc8010876b31327204', 'user_domain_id': 'default', 'system_scope': 'all', 'project_id': None, 'project_domain_id': None, 'roles': ['admin', 'manager', 'member', 'reader'], 'is_admin_project': True, 'service_user_id': None, 'service_user_domain_id': None, 'service_project_id': None, 'service_project_domain_id': None, 'service_roles': []} {{(pid=67582) fill_context /opt/stack/keystone/keystone/server/flask/request_processing/middleware/auth_context.py:509}}
May 13 00:06:00 ubuntu devstack@keystone.service[67582]: DEBUG keystone.server.flask.request_processing.req_logging [None req-91bcbd2b-da47-4826-b7bb-0dc9e3f0eca6 None admin] REQUEST_METHOD: `PUT` {{(pid=67582) log_request_info /opt/stack/keystone/keystone/server/flask/request_processing/req_logging.py:26}}
May 13 00:06:00 ubuntu devstack@keystone.service[67582]: DEBUG keystone.server.flask.request_processing.req_logging [None req-91bcbd2b-da47-4826-b7bb-0dc9e3f0eca6 None admin] SCRIPT_NAME: `/identity` {{(pid=67582) log_request_info /opt/stack/keystone/keystone/server/flask/request_processing/req_logging.py:27}}
May 13 00:06:00 ubuntu devstack@keystone.service[67582]: DEBUG keystone.server.flask.request_processing.req_logging [None req-91bcbd2b-da47-4826-b7bb-0dc9e3f0eca6 None admin] PATH_INFO: `/v3/domains/default/users/84db11eab3ec42cc8010876b31327204/roles/2f17e6220e0c4404a8e79340ee41c698` {{(pid=67582) log_request_info /opt/stack/keystone/keystone/server/flask/request_processing/req_logging.py:28}}
May 13 00:06:00 ubuntu devstack@keystone.service[67583]: DEBUG keystone.common.rbac_enforcer.enforcer [None req-3866b095-b34b-4ca9-a857-72f3461e9aba None admin] RBAC: Authorization granted {{(pid=67583) enforce_call /opt/stack/keystone/keystone/common/rbac_enforcer/enforcer.py:505}}
May 13 00:06:00 ubuntu devstack@keystone.service[67582]: DEBUG keystone.common.rbac_enforcer.enforcer [None req-91bcbd2b-da47-4826-b7bb-0dc9e3f0eca6 None admin] RBAC: Authorizing `identity:create_grant(domain_id=default, user_id=84db11eab3ec42cc8010876b31327204, role_id=2f17e6220e0c4404a8e79340ee41c698)` {{(pid=67582) enforce_call /opt/stack/keystone/keystone/common/rbac_enforcer/enforcer.py:494}}
May 13 00:06:00 ubuntu devstack@keystone.service[67582]: DEBUG keystone.common.rbac_enforcer.enforcer [None req-91bcbd2b-da47-4826-b7bb-0dc9e3f0eca6 None admin] RBAC: Authorization granted {{(pid=67582) enforce_call /opt/stack/keystone/keystone/common/rbac_enforcer/enforcer.py:505}}
May 13 00:06:00 ubuntu devstack@keystone.service[67583]: [pid: 67583|app: 0|req: 10/21] 10.120.125.143 () {58 vars in 1190 bytes} [Wed May 13 00:06:00 2026] GET /identity/v3/domains?name=Default => generated 310 bytes in 84 msecs (HTTP/1.1 200) 5 headers in 177 bytes (1 switches on core 0)
May 13 00:06:00 ubuntu devstack@keystone.service[67582]: [pid: 67582|app: 0|req: 12/22] 10.120.125.143 () {60 vars in 1429 bytes} [Wed May 13 00:06:00 2026] PUT /identity/v3/domains/default/users/84db11eab3ec42cc8010876b31327204/roles/2f17e6220e0c4404a8e79340ee41c698 => generated 0 bytes in 141 msecs (HTTP/1.1 204) 3 headers in 132 bytes (0 switches on core 0)
May 13 00:06:02 ubuntu devstack@keystone.service[67583]: DEBUG keystone.server.flask.request_processing.req_logging [None req-0bd7786d-8c3d-43d0-bc09-d51afee887ff None None] REQUEST_METHOD: `GET` {{(pid=67583) log_request_info /opt/stack/keystone/keystone/server/flask/request_processing/req_logging.py:26}}
May 13 00:06:02 ubuntu devstack@keystone.service[67583]: DEBUG keystone.server.flask.request_processing.req_logging [None req-0bd7786d-8c3d-43d0-bc09-d51afee887ff None None] SCRIPT_NAME: `/identity` {{(pid=67583) log_request_info /opt/stack/keystone/keystone/server/flask/request_processing/req_logging.py:27}}
May 13 00:06:02 ubuntu devstack@keystone.service[67583]: DEBUG keystone.server.flask.request_processing.req_logging [None req-0bd7786d-8c3d-43d0-bc09-d51afee887ff None None] PATH_INFO: `/` {{(pid=67583) log_request_info /opt/stack/keystone/keystone/server/flask/request_processing/req_logging.py:28}}
May 13 00:06:02 ubuntu devstack@keystone.service[67583]: [pid: 67583|app: 0|req: 11/23] 10.120.125.143 () {56 vars in 951 bytes} [Wed May 13 00:06:02 2026] GET /identity => generated 271 bytes in 2 msecs (HTTP/1.1 300) 6 headers in 235 bytes (1 switches on core 0)
May 13 00:06:02 ubuntu devstack@keystone.service[67582]: DEBUG keystone.server.flask.request_processing.req_logging [None req-575b3f83-e62d-4034-8e28-f7d93469fac9 None None] REQUEST_METHOD: `POST` {{(pid=67582) log_request_info /opt/stack/keystone/keystone/server/flask/request_processing/req_logging.py:26}}
May 13 00:06:02 ubuntu devstack@keystone.service[67582]: DEBUG keystone.server.flask.request_processing.req_logging [None req-575b3f83-e62d-4034-8e28-f7d93469fac9 None None] SCRIPT_NAME: `/identity` {{(pid=67582) log_request_info /opt/stack/keystone/keystone/server/flask/request_processing/req_logging.py:27}}
May 13 00:06:02 ubuntu devstack@keystone.service[67582]: DEBUG keystone.server.flask.request_processing.req_logging [None req-575b3f83-e62d-4034-8e28-f7d93469fac9 None None] PATH_INFO: `/v3/auth/tokens` {{(pid=67582) log_request_info /opt/stack/keystone/keystone/server/flask/request_processing/req_logging.py:28}}
May 13 00:06:02 ubuntu devstack@keystone.service[67582]: WARNING keystone.common.password_hashing [None req-575b3f83-e62d-4034-8e28-f7d93469fac9 None None] Truncating password to algorithm specific maximum length 72 characters.
May 13 00:06:02 ubuntu devstack@keystone.service[67582]: DEBUG keystone.auth.core [None req-575b3f83-e62d-4034-8e28-f7d93469fac9 None None] MFA Rules not processed for user `84db11eab3ec42cc8010876b31327204`. Rule list: `[]` (Enabled: `True`). {{(pid=67582) check_auth_methods_against_rules /opt/stack/keystone/keystone/auth/core.py:476}}
May 13 00:06:02 ubuntu devstack@keystone.service[67582]: DEBUG keystone.common.fernet_utils [None req-575b3f83-e62d-4034-8e28-f7d93469fac9 None None] Loaded 2 Fernet keys from /etc/keystone/fernet-keys/, but `[fernet_tokens] max_active_keys = 3`; perhaps there have not been enough key rotations to reach `max_active_keys` yet? {{(pid=67582) load_keys /opt/stack/keystone/keystone/common/fernet_utils.py:297}}
May 13 00:06:02 ubuntu devstack@keystone.service[67582]: [pid: 67582|app: 0|req: 13/24] 10.120.125.143 () {60 vars in 1048 bytes} [Wed May 13 00:06:02 2026] POST /identity/v3/auth/tokens => generated 863 bytes in 69 msecs (HTTP/1.1 201) 6 headers in 363 bytes (2 switches on core 0)
May 13 00:06:02 ubuntu devstack@keystone.service[67583]: DEBUG keystone.server.flask.request_processing.req_logging [None req-aceba969-0eda-4197-a87f-1fe73649d524 None None] REQUEST_METHOD: `GET` {{(pid=67583) log_request_info /opt/stack/keystone/keystone/server/flask/request_processing/req_logging.py:26}}
May 13 00:06:02 ubuntu devstack@keystone.service[67583]: DEBUG keystone.server.flask.request_processing.req_logging [None req-aceba969-0eda-4197-a87f-1fe73649d524 None None] SCRIPT_NAME: `/identity` {{(pid=67583) log_request_info /opt/stack/keystone/keystone/server/flask/request_processing/req_logging.py:27}}
May 13 00:06:02 ubuntu devstack@keystone.service[67583]: DEBUG keystone.server.flask.request_processing.req_logging [None req-aceba969-0eda-4197-a87f-1fe73649d524 None None] PATH_INFO: `/` {{(pid=67583) log_request_info /opt/stack/keystone/keystone/server/flask/request_processing/req_logging.py:28}}
May 13 00:06:02 ubuntu devstack@keystone.service[67583]: [pid: 67583|app: 0|req: 12/25] 10.120.125.143 () {56 vars in 951 bytes} [Wed May 13 00:06:02 2026] GET /identity => generated 271 bytes in 2 msecs (HTTP/1.1 300) 6 headers in 235 bytes (1 switches on core 0)
May 13 00:06:02 ubuntu devstack@keystone.service[67582]: DEBUG keystone.server.flask.request_processing.req_logging [None req-fa63b5f7-fd30-482b-94cc-f2322a0d179f None None] REQUEST_METHOD: `GET` {{(pid=67582) log_request_info /opt/stack/keystone/keystone/server/flask/request_processing/req_logging.py:26}}
May 13 00:06:02 ubuntu devstack@keystone.service[67582]: DEBUG keystone.server.flask.request_processing.req_logging [None req-fa63b5f7-fd30-482b-94cc-f2322a0d179f None None] SCRIPT_NAME: `/identity` {{(pid=67582) log_request_info /opt/stack/keystone/keystone/server/flask/request_processing/req_logging.py:27}}
May 13 00:06:02 ubuntu devstack@keystone.service[67582]: DEBUG keystone.server.flask.request_processing.req_logging [None req-fa63b5f7-fd30-482b-94cc-f2322a0d179f None None] PATH_INFO: `/` {{(pid=67582) log_request_info /opt/stack/keystone/keystone/server/flask/request_processing/req_logging.py:28}}
May 13 00:06:02 ubuntu devstack@keystone.service[67582]: [pid: 67582|app: 0|req: 14/26] 10.120.125.143 () {56 vars in 951 bytes} [Wed May 13 00:06:02 2026] GET /identity => generated 271 bytes in 2 msecs (HTTP/1.1 300) 6 headers in 235 bytes (1 switches on core 0)
May 13 00:06:02 ubuntu devstack@keystone.service[67583]: DEBUG keystone.server.flask.request_processing.req_logging [None req-18129944-2686-4aa2-b19a-b4c964e60170 None None] REQUEST_METHOD: `POST` {{(pid=67583) log_request_info /opt/stack/keystone/keystone/server/flask/request_processing/req_logging.py:26}}
May 13 00:06:02 ubuntu devstack@keystone.service[67583]: DEBUG keystone.server.flask.request_processing.req_logging [None req-18129944-2686-4aa2-b19a-b4c964e60170 None None] SCRIPT_NAME: `/identity` {{(pid=67583) log_request_info /opt/stack/keystone/keystone/server/flask/request_processing/req_logging.py:27}}
May 13 00:06:02 ubuntu devstack@keystone.service[67583]: DEBUG keystone.server.flask.request_processing.req_logging [None req-18129944-2686-4aa2-b19a-b4c964e60170 None None] PATH_INFO: `/v3/auth/tokens` {{(pid=67583) log_request_info /opt/stack/keystone/keystone/server/flask/request_processing/req_logging.py:28}}
May 13 00:06:02 ubuntu devstack@keystone.service[67583]: WARNING keystone.common.password_hashing [None req-18129944-2686-4aa2-b19a-b4c964e60170 None None] Truncating password to algorithm specific maximum length 72 characters.
May 13 00:06:02 ubuntu devstack@keystone.service[67583]: DEBUG keystone.auth.core [None req-18129944-2686-4aa2-b19a-b4c964e60170 None None] MFA Rules not processed for user `84db11eab3ec42cc8010876b31327204`. Rule list: `[]` (Enabled: `True`). {{(pid=67583) check_auth_methods_against_rules /opt/stack/keystone/keystone/auth/core.py:476}}
May 13 00:06:02 ubuntu devstack@keystone.service[67583]: DEBUG keystone.common.fernet_utils [None req-18129944-2686-4aa2-b19a-b4c964e60170 None None] Loaded 2 Fernet keys from /etc/keystone/fernet-keys/, but `[fernet_tokens] max_active_keys = 3`; perhaps there have not been enough key rotations to reach `max_active_keys` yet? {{(pid=67583) load_keys /opt/stack/keystone/keystone/common/fernet_utils.py:297}}
May 13 00:06:02 ubuntu devstack@keystone.service[67582]: DEBUG keystone.server.flask.request_processing.req_logging [None req-17585e1d-f1e4-4c49-88ca-bb34532ddaf8 None None] REQUEST_METHOD: `POST` {{(pid=67582) log_request_info /opt/stack/keystone/keystone/server/flask/request_processing/req_logging.py:26}}
May 13 00:06:02 ubuntu devstack@keystone.service[67582]: DEBUG keystone.server.flask.request_processing.req_logging [None req-17585e1d-f1e4-4c49-88ca-bb34532ddaf8 None None] SCRIPT_NAME: `/identity` {{(pid=67582) log_request_info /opt/stack/keystone/keystone/server/flask/request_processing/req_logging.py:27}}
May 13 00:06:02 ubuntu devstack@keystone.service[67582]: DEBUG keystone.server.flask.request_processing.req_logging [None req-17585e1d-f1e4-4c49-88ca-bb34532ddaf8 None None] PATH_INFO: `/v3/auth/tokens` {{(pid=67582) log_request_info /opt/stack/keystone/keystone/server/flask/request_processing/req_logging.py:28}}
May 13 00:06:02 ubuntu devstack@keystone.service[67583]: [pid: 67583|app: 0|req: 13/27] 10.120.125.143 () {60 vars in 1048 bytes} [Wed May 13 00:06:02 2026] POST /identity/v3/auth/tokens => generated 863 bytes in 60 msecs (HTTP/1.1 201) 6 headers in 363 bytes (1 switches on core 0)
May 13 00:06:02 ubuntu devstack@keystone.service[67583]: DEBUG keystone.server.flask.request_processing.req_logging [None req-285c1c81-6050-4143-845e-543b9e64c802 None None] REQUEST_METHOD: `GET` {{(pid=67583) log_request_info /opt/stack/keystone/keystone/server/flask/request_processing/req_logging.py:26}}
May 13 00:06:02 ubuntu devstack@keystone.service[67583]: DEBUG keystone.server.flask.request_processing.req_logging [None req-285c1c81-6050-4143-845e-543b9e64c802 None None] SCRIPT_NAME: `/identity` {{(pid=67583) log_request_info /opt/stack/keystone/keystone/server/flask/request_processing/req_logging.py:27}}
May 13 00:06:02 ubuntu devstack@keystone.service[67583]: DEBUG keystone.server.flask.request_processing.req_logging [None req-285c1c81-6050-4143-845e-543b9e64c802 None None] PATH_INFO: `/` {{(pid=67583) log_request_info /opt/stack/keystone/keystone/server/flask/request_processing/req_logging.py:28}}
May 13 00:06:02 ubuntu devstack@keystone.service[67582]: WARNING keystone.common.password_hashing [None req-17585e1d-f1e4-4c49-88ca-bb34532ddaf8 None None] Truncating password to algorithm specific maximum length 72 characters.
May 13 00:06:02 ubuntu devstack@keystone.service[67583]: [pid: 67583|app: 0|req: 14/28] 10.120.125.143 () {56 vars in 951 bytes} [Wed May 13 00:06:02 2026] GET /identity => generated 271 bytes in 1 msecs (HTTP/1.1 300) 6 headers in 235 bytes (1 switches on core 0)
May 13 00:06:02 ubuntu devstack@keystone.service[67582]: DEBUG keystone.auth.core [None req-17585e1d-f1e4-4c49-88ca-bb34532ddaf8 None None] MFA Rules not processed for user `84db11eab3ec42cc8010876b31327204`. Rule list: `[]` (Enabled: `True`). {{(pid=67582) check_auth_methods_against_rules /opt/stack/keystone/keystone/auth/core.py:476}}
May 13 00:06:02 ubuntu devstack@keystone.service[67582]: DEBUG keystone.common.fernet_utils [None req-17585e1d-f1e4-4c49-88ca-bb34532ddaf8 None None] Loaded 2 Fernet keys from /etc/keystone/fernet-keys/, but `[fernet_tokens] max_active_keys = 3`; perhaps there have not been enough key rotations to reach `max_active_keys` yet? {{(pid=67582) load_keys /opt/stack/keystone/keystone/common/fernet_utils.py:297}}
May 13 00:06:02 ubuntu devstack@keystone.service[67582]: [pid: 67582|app: 0|req: 15/29] 10.120.125.143 () {60 vars in 1048 bytes} [Wed May 13 00:06:02 2026] POST /identity/v3/auth/tokens => generated 863 bytes in 79 msecs (HTTP/1.1 201) 6 headers in 363 bytes (1 switches on core 0)
May 13 00:06:02 ubuntu devstack@keystone.service[67583]: DEBUG keystone.server.flask.request_processing.middleware.auth_context [None req-285c1c81-6050-4143-845e-543b9e64c802 None None] Authenticating user token {{(pid=67583) process_request /opt/stack/data/venv/lib/python3.12/site-packages/keystonemiddleware/auth_token/__init__.py:407}}
May 13 00:06:02 ubuntu devstack@keystone.service[67582]: DEBUG keystone.server.flask.request_processing.req_logging [None req-f3e93cee-40ab-40a9-b880-6fab7664b179 None None] REQUEST_METHOD: `POST` {{(pid=67582) log_request_info /opt/stack/keystone/keystone/server/flask/request_processing/req_logging.py:26}}
May 13 00:06:02 ubuntu devstack@keystone.service[67582]: DEBUG keystone.server.flask.request_processing.req_logging [None req-f3e93cee-40ab-40a9-b880-6fab7664b179 None None] SCRIPT_NAME: `/identity` {{(pid=67582) log_request_info /opt/stack/keystone/keystone/server/flask/request_processing/req_logging.py:27}}
May 13 00:06:02 ubuntu devstack@keystone.service[67582]: DEBUG keystone.server.flask.request_processing.req_logging [None req-f3e93cee-40ab-40a9-b880-6fab7664b179 None None] PATH_INFO: `/v3/auth/tokens` {{(pid=67582) log_request_info /opt/stack/keystone/keystone/server/flask/request_processing/req_logging.py:28}}
May 13 00:06:02 ubuntu devstack@keystone.service[67582]: WARNING keystone.common.password_hashing [None req-f3e93cee-40ab-40a9-b880-6fab7664b179 None None] Truncating password to algorithm specific maximum length 72 characters.
May 13 00:06:02 ubuntu devstack@keystone.service[67582]: DEBUG keystone.auth.core [None req-f3e93cee-40ab-40a9-b880-6fab7664b179 None None] MFA Rules not processed for user `84db11eab3ec42cc8010876b31327204`. Rule list: `[]` (Enabled: `True`). {{(pid=67582) check_auth_methods_against_rules /opt/stack/keystone/keystone/auth/core.py:476}}
May 13 00:06:02 ubuntu devstack@keystone.service[67582]: DEBUG keystone.common.fernet_utils [None req-f3e93cee-40ab-40a9-b880-6fab7664b179 None None] Loaded 2 Fernet keys from /etc/keystone/fernet-keys/, but `[fernet_tokens] max_active_keys = 3`; perhaps there have not been enough key rotations to reach `max_active_keys` yet? {{(pid=67582) load_keys /opt/stack/keystone/keystone/common/fernet_utils.py:297}}
May 13 00:06:02 ubuntu devstack@keystone.service[67583]: DEBUG keystone.server.flask.request_processing.middleware.auth_context [None req-285c1c81-6050-4143-845e-543b9e64c802 None None] Validating token access rules against request {{(pid=67583) validate_allowed_request /opt/stack/data/venv/lib/python3.12/site-packages/keystonemiddleware/auth_token/__init__.py:545}}
May 13 00:06:03 ubuntu devstack@keystone.service[67583]: DEBUG keystone.server.flask.request_processing.middleware.auth_context [None req-9b260a58-429f-4e43-b43b-c6848185d811 None admin] RBAC: auth_context: {'token': <TokenModel (audit_id=UZm2Kp3pRKSiHiZjLe9otA, audit_chain_id=['UZm2Kp3pRKSiHiZjLe9otA']) at 0x7a7ba55c8ef0>, 'domain_id': None, 'trust_id': None, 'trustor_id': None, 'trustee_id': None, 'domain_name': None, 'group_ids': [], 'user_id': '84db11eab3ec42cc8010876b31327204', 'user_domain_id': 'default', 'system_scope': 'all', 'project_id': None, 'project_domain_id': None, 'roles': ['admin', 'manager', 'member', 'reader'], 'is_admin_project': True, 'service_user_id': None, 'service_user_domain_id': None, 'service_project_id': None, 'service_project_domain_id': None, 'service_roles': []} {{(pid=67583) fill_context /opt/stack/keystone/keystone/server/flask/request_processing/middleware/auth_context.py:509}}
May 13 00:06:03 ubuntu devstack@keystone.service[67583]: DEBUG keystone.server.flask.request_processing.req_logging [None req-9b260a58-429f-4e43-b43b-c6848185d811 None admin] REQUEST_METHOD: `GET` {{(pid=67583) log_request_info /opt/stack/keystone/keystone/server/flask/request_processing/req_logging.py:26}}
May 13 00:06:03 ubuntu devstack@keystone.service[67583]: DEBUG keystone.server.flask.request_processing.req_logging [None req-9b260a58-429f-4e43-b43b-c6848185d811 None admin] SCRIPT_NAME: `/identity` {{(pid=67583) log_request_info /opt/stack/keystone/keystone/server/flask/request_processing/req_logging.py:27}}
May 13 00:06:03 ubuntu devstack@keystone.service[67583]: DEBUG keystone.server.flask.request_processing.req_logging [None req-9b260a58-429f-4e43-b43b-c6848185d811 None admin] PATH_INFO: `/v3/domains/Default` {{(pid=67583) log_request_info /opt/stack/keystone/keystone/server/flask/request_processing/req_logging.py:28}}
May 13 00:06:03 ubuntu devstack@keystone.service[67582]: [pid: 67582|app: 0|req: 16/30] 10.120.125.143 () {60 vars in 1047 bytes} [Wed May 13 00:06:02 2026] POST /identity/v3/auth/tokens => generated 863 bytes in 81 msecs (HTTP/1.1 201) 6 headers in 363 bytes (2 switches on core 0)
May 13 00:06:03 ubuntu devstack@keystone.service[67583]: DEBUG keystone.common.rbac_enforcer.enforcer [None req-9b260a58-429f-4e43-b43b-c6848185d811 None admin] RBAC: Authorizing `identity:get_domain(domain_id=Default)` {{(pid=67583) enforce_call /opt/stack/keystone/keystone/common/rbac_enforcer/enforcer.py:494}}
May 13 00:06:03 ubuntu devstack@keystone.service[67583]: DEBUG keystone.common.rbac_enforcer.enforcer [None req-9b260a58-429f-4e43-b43b-c6848185d811 None admin] RBAC: Authorization granted {{(pid=67583) enforce_call /opt/stack/keystone/keystone/common/rbac_enforcer/enforcer.py:505}}
May 13 00:06:03 ubuntu devstack@keystone.service[67583]: DEBUG keystone.server.flask.application [None req-9b260a58-429f-4e43-b43b-c6848185d811 None admin] Could not find domain: Default. {{(pid=67583) _handle_keystone_exception /opt/stack/keystone/keystone/server/flask/application.py:146}}
May 13 00:06:03 ubuntu devstack@keystone.service[67583]: [pid: 67583|app: 0|req: 15/31] 10.120.125.143 () {58 vars in 1175 bytes} [Wed May 13 00:06:02 2026] GET /identity/v3/domains/Default => generated 87 bytes in 104 msecs (HTTP/1.1 404) 5 headers in 183 bytes (1 switches on core 0)
May 13 00:06:03 ubuntu devstack@keystone.service[67582]: DEBUG keystone.server.flask.request_processing.middleware.auth_context [None req-f3e93cee-40ab-40a9-b880-6fab7664b179 None None] Authenticating user token {{(pid=67582) process_request /opt/stack/data/venv/lib/python3.12/site-packages/keystonemiddleware/auth_token/__init__.py:407}}
May 13 00:06:03 ubuntu devstack@keystone.service[67583]: DEBUG keystone.server.flask.request_processing.req_logging [None req-7b6d0923-3bf6-456d-a6cb-03f13795210d None None] REQUEST_METHOD: `GET` {{(pid=67583) log_request_info /opt/stack/keystone/keystone/server/flask/request_processing/req_logging.py:26}}
May 13 00:06:03 ubuntu devstack@keystone.service[67583]: DEBUG keystone.server.flask.request_processing.req_logging [None req-7b6d0923-3bf6-456d-a6cb-03f13795210d None None] SCRIPT_NAME: `/identity` {{(pid=67583) log_request_info /opt/stack/keystone/keystone/server/flask/request_processing/req_logging.py:27}}
May 13 00:06:03 ubuntu devstack@keystone.service[67583]: DEBUG keystone.server.flask.request_processing.req_logging [None req-7b6d0923-3bf6-456d-a6cb-03f13795210d None None] PATH_INFO: `/` {{(pid=67583) log_request_info /opt/stack/keystone/keystone/server/flask/request_processing/req_logging.py:28}}
May 13 00:06:03 ubuntu devstack@keystone.service[67583]: [pid: 67583|app: 0|req: 16/32] 10.120.125.143 () {56 vars in 951 bytes} [Wed May 13 00:06:03 2026] GET /identity => generated 271 bytes in 1 msecs (HTTP/1.1 300) 6 headers in 235 bytes (1 switches on core 0)
May 13 00:06:03 ubuntu devstack@keystone.service[67582]: DEBUG keystone.server.flask.request_processing.middleware.auth_context [None req-f3e93cee-40ab-40a9-b880-6fab7664b179 None None] Validating token access rules against request {{(pid=67582) validate_allowed_request /opt/stack/data/venv/lib/python3.12/site-packages/keystonemiddleware/auth_token/__init__.py:545}}
May 13 00:06:03 ubuntu devstack@keystone.service[67582]: DEBUG keystone.server.flask.request_processing.middleware.auth_context [None req-24488d22-4e0a-4429-b12f-f7783e05266f None admin] RBAC: auth_context: {'token': <TokenModel (audit_id=UZm2Kp3pRKSiHiZjLe9otA, audit_chain_id=['UZm2Kp3pRKSiHiZjLe9otA']) at 0x7a7ba605e0f0>, 'domain_id': None, 'trust_id': None, 'trustor_id': None, 'trustee_id': None, 'domain_name': None, 'group_ids': [], 'user_id': '84db11eab3ec42cc8010876b31327204', 'user_domain_id': 'default', 'system_scope': 'all', 'project_id': None, 'project_domain_id': None, 'roles': ['admin', 'manager', 'member', 'reader'], 'is_admin_project': True, 'service_user_id': None, 'service_user_domain_id': None, 'service_project_id': None, 'service_project_domain_id': None, 'service_roles': []} {{(pid=67582) fill_context /opt/stack/keystone/keystone/server/flask/request_processing/middleware/auth_context.py:509}}
May 13 00:06:03 ubuntu devstack@keystone.service[67582]: DEBUG keystone.server.flask.request_processing.req_logging [None req-24488d22-4e0a-4429-b12f-f7783e05266f None admin] REQUEST_METHOD: `GET` {{(pid=67582) log_request_info /opt/stack/keystone/keystone/server/flask/request_processing/req_logging.py:26}}
May 13 00:06:03 ubuntu devstack@keystone.service[67582]: DEBUG keystone.server.flask.request_processing.req_logging [None req-24488d22-4e0a-4429-b12f-f7783e05266f None admin] SCRIPT_NAME: `/identity` {{(pid=67582) log_request_info /opt/stack/keystone/keystone/server/flask/request_processing/req_logging.py:27}}
May 13 00:06:03 ubuntu devstack@keystone.service[67582]: DEBUG keystone.server.flask.request_processing.req_logging [None req-24488d22-4e0a-4429-b12f-f7783e05266f None admin] PATH_INFO: `/v3/domains` {{(pid=67582) log_request_info /opt/stack/keystone/keystone/server/flask/request_processing/req_logging.py:28}}
May 13 00:06:03 ubuntu devstack@keystone.service[67582]: DEBUG keystone.common.rbac_enforcer.enforcer [None req-24488d22-4e0a-4429-b12f-f7783e05266f None admin] RBAC: Adding query filter params (name=Default) {{(pid=67582) _extract_filter_values /opt/stack/keystone/keystone/common/rbac_enforcer/enforcer.py:176}}
May 13 00:06:03 ubuntu devstack@keystone.service[67582]: DEBUG keystone.common.rbac_enforcer.enforcer [None req-24488d22-4e0a-4429-b12f-f7783e05266f None admin] RBAC: Authorizing `identity:list_domains()` {{(pid=67582) enforce_call /opt/stack/keystone/keystone/common/rbac_enforcer/enforcer.py:494}}
May 13 00:06:03 ubuntu devstack@keystone.service[67582]: DEBUG keystone.common.rbac_enforcer.enforcer [None req-24488d22-4e0a-4429-b12f-f7783e05266f None admin] RBAC: Authorization granted {{(pid=67582) enforce_call /opt/stack/keystone/keystone/common/rbac_enforcer/enforcer.py:505}}
May 13 00:06:03 ubuntu devstack@keystone.service[67582]: [pid: 67582|app: 0|req: 17/33] 10.120.125.143 () {58 vars in 1190 bytes} [Wed May 13 00:06:03 2026] GET /identity/v3/domains?name=Default => generated 310 bytes in 98 msecs (HTTP/1.1 200) 5 headers in 177 bytes (1 switches on core 0)
May 13 00:06:03 ubuntu devstack@keystone.service[67583]: DEBUG keystone.server.flask.request_processing.middleware.auth_context [None req-7b6d0923-3bf6-456d-a6cb-03f13795210d None None] Authenticating user token {{(pid=67583) process_request /opt/stack/data/venv/lib/python3.12/site-packages/keystonemiddleware/auth_token/__init__.py:407}}
May 13 00:06:03 ubuntu devstack@keystone.service[67582]: DEBUG keystone.server.flask.request_processing.req_logging [None req-6bd0faf4-0095-426b-be79-c87b2a0fb562 None None] REQUEST_METHOD: `POST` {{(pid=67582) log_request_info /opt/stack/keystone/keystone/server/flask/request_processing/req_logging.py:26}}
May 13 00:06:03 ubuntu devstack@keystone.service[67582]: DEBUG keystone.server.flask.request_processing.req_logging [None req-6bd0faf4-0095-426b-be79-c87b2a0fb562 None None] SCRIPT_NAME: `/identity` {{(pid=67582) log_request_info /opt/stack/keystone/keystone/server/flask/request_processing/req_logging.py:27}}
May 13 00:06:03 ubuntu devstack@keystone.service[67582]: DEBUG keystone.server.flask.request_processing.req_logging [None req-6bd0faf4-0095-426b-be79-c87b2a0fb562 None None] PATH_INFO: `/v3/auth/tokens` {{(pid=67582) log_request_info /opt/stack/keystone/keystone/server/flask/request_processing/req_logging.py:28}}
May 13 00:06:03 ubuntu devstack@keystone.service[67583]: DEBUG keystone.server.flask.request_processing.middleware.auth_context [None req-7b6d0923-3bf6-456d-a6cb-03f13795210d None None] Validating token access rules against request {{(pid=67583) validate_allowed_request /opt/stack/data/venv/lib/python3.12/site-packages/keystonemiddleware/auth_token/__init__.py:545}}
May 13 00:06:03 ubuntu devstack@keystone.service[67582]: WARNING keystone.common.password_hashing [None req-6bd0faf4-0095-426b-be79-c87b2a0fb562 None None] Truncating password to algorithm specific maximum length 72 characters.
May 13 00:06:03 ubuntu devstack@keystone.service[67583]: DEBUG keystone.server.flask.request_processing.middleware.auth_context [None req-dc15f1c2-2298-4bbd-95f7-a9388a8c3007 None admin] RBAC: auth_context: {'token': <TokenModel (audit_id=Jl4XSnmoQY-roI514yE4HQ, audit_chain_id=['Jl4XSnmoQY-roI514yE4HQ']) at 0x7a7ba55c80b0>, 'domain_id': None, 'trust_id': None, 'trustor_id': None, 'trustee_id': None, 'domain_name': None, 'group_ids': [], 'user_id': '84db11eab3ec42cc8010876b31327204', 'user_domain_id': 'default', 'system_scope': 'all', 'project_id': None, 'project_domain_id': None, 'roles': ['admin', 'manager', 'member', 'reader'], 'is_admin_project': True, 'service_user_id': None, 'service_user_domain_id': None, 'service_project_id': None, 'service_project_domain_id': None, 'service_roles': []} {{(pid=67583) fill_context /opt/stack/keystone/keystone/server/flask/request_processing/middleware/auth_context.py:509}}
May 13 00:06:03 ubuntu devstack@keystone.service[67582]: DEBUG keystone.auth.core [None req-6bd0faf4-0095-426b-be79-c87b2a0fb562 None None] MFA Rules not processed for user `84db11eab3ec42cc8010876b31327204`. Rule list: `[]` (Enabled: `True`). {{(pid=67582) check_auth_methods_against_rules /opt/stack/keystone/keystone/auth/core.py:476}}
May 13 00:06:03 ubuntu devstack@keystone.service[67583]: DEBUG keystone.server.flask.request_processing.req_logging [None req-dc15f1c2-2298-4bbd-95f7-a9388a8c3007 None admin] REQUEST_METHOD: `GET` {{(pid=67583) log_request_info /opt/stack/keystone/keystone/server/flask/request_processing/req_logging.py:26}}
May 13 00:06:03 ubuntu devstack@keystone.service[67583]: DEBUG keystone.server.flask.request_processing.req_logging [None req-dc15f1c2-2298-4bbd-95f7-a9388a8c3007 None admin] SCRIPT_NAME: `/identity` {{(pid=67583) log_request_info /opt/stack/keystone/keystone/server/flask/request_processing/req_logging.py:27}}
May 13 00:06:03 ubuntu devstack@keystone.service[67583]: DEBUG keystone.server.flask.request_processing.req_logging [None req-dc15f1c2-2298-4bbd-95f7-a9388a8c3007 None admin] PATH_INFO: `/v3/roles/admin` {{(pid=67583) log_request_info /opt/stack/keystone/keystone/server/flask/request_processing/req_logging.py:28}}
May 13 00:06:03 ubuntu devstack@keystone.service[67582]: DEBUG keystone.common.fernet_utils [None req-6bd0faf4-0095-426b-be79-c87b2a0fb562 None None] Loaded 2 Fernet keys from /etc/keystone/fernet-keys/, but `[fernet_tokens] max_active_keys = 3`; perhaps there have not been enough key rotations to reach `max_active_keys` yet? {{(pid=67582) load_keys /opt/stack/keystone/keystone/common/fernet_utils.py:297}}
May 13 00:06:03 ubuntu devstack@keystone.service[67583]: DEBUG keystone.common.rbac_enforcer.enforcer [None req-dc15f1c2-2298-4bbd-95f7-a9388a8c3007 None admin] Extracting inferred target data resulted in "NOT FOUND (404)". {{(pid=67583) enforce_call /opt/stack/keystone/keystone/common/rbac_enforcer/enforcer.py:445}}
May 13 00:06:03 ubuntu devstack@keystone.service[67583]: DEBUG keystone.server.flask.application [None req-dc15f1c2-2298-4bbd-95f7-a9388a8c3007 None admin] Could not find role: admin. {{(pid=67583) _handle_keystone_exception /opt/stack/keystone/keystone/server/flask/application.py:146}}
May 13 00:06:03 ubuntu devstack@keystone.service[67583]: [pid: 67583|app: 0|req: 17/34] 10.120.125.143 () {58 vars in 1164 bytes} [Wed May 13 00:06:03 2026] GET /identity/v3/roles/admin => generated 83 bytes in 63 msecs (HTTP/1.1 404) 5 headers in 183 bytes (1 switches on core 0)
May 13 00:06:03 ubuntu devstack@keystone.service[67582]: [pid: 67582|app: 0|req: 18/35] 10.120.125.143 () {60 vars in 1048 bytes} [Wed May 13 00:06:03 2026] POST /identity/v3/auth/tokens => generated 863 bytes in 56 msecs (HTTP/1.1 201) 6 headers in 363 bytes (1 switches on core 0)
May 13 00:06:03 ubuntu devstack@keystone.service[67583]: DEBUG keystone.server.flask.request_processing.middleware.auth_context [None req-dc15f1c2-2298-4bbd-95f7-a9388a8c3007 None admin] Authenticating user token {{(pid=67583) process_request /opt/stack/data/venv/lib/python3.12/site-packages/keystonemiddleware/auth_token/__init__.py:407}}
May 13 00:06:03 ubuntu devstack@keystone.service[67582]: DEBUG keystone.server.flask.request_processing.middleware.auth_context [None req-6bd0faf4-0095-426b-be79-c87b2a0fb562 None None] Authenticating user token {{(pid=67582) process_request /opt/stack/data/venv/lib/python3.12/site-packages/keystonemiddleware/auth_token/__init__.py:407}}
May 13 00:06:03 ubuntu devstack@keystone.service[67582]: DEBUG keystone.server.flask.request_processing.middleware.auth_context [None req-6bd0faf4-0095-426b-be79-c87b2a0fb562 None None] Validating token access rules against request {{(pid=67582) validate_allowed_request /opt/stack/data/venv/lib/python3.12/site-packages/keystonemiddleware/auth_token/__init__.py:545}}
May 13 00:06:03 ubuntu devstack@keystone.service[67583]: DEBUG keystone.server.flask.request_processing.middleware.auth_context [None req-dc15f1c2-2298-4bbd-95f7-a9388a8c3007 None admin] Validating token access rules against request {{(pid=67583) validate_allowed_request /opt/stack/data/venv/lib/python3.12/site-packages/keystonemiddleware/auth_token/__init__.py:545}}
May 13 00:06:03 ubuntu devstack@keystone.service[67582]: DEBUG keystone.server.flask.request_processing.middleware.auth_context [None req-8ddf0ce4-c266-4c2b-8ea3-0908e19121f6 None admin] RBAC: auth_context: {'token': <TokenModel (audit_id=fGM4aEg5QGy8UTma9fUlLg, audit_chain_id=['fGM4aEg5QGy8UTma9fUlLg']) at 0x7a7ba56aa960>, 'domain_id': None, 'trust_id': None, 'trustor_id': None, 'trustee_id': None, 'domain_name': None, 'group_ids': [], 'user_id': '84db11eab3ec42cc8010876b31327204', 'user_domain_id': 'default', 'system_scope': 'all', 'project_id': None, 'project_domain_id': None, 'roles': ['admin', 'manager', 'member', 'reader'], 'is_admin_project': True, 'service_user_id': None, 'service_user_domain_id': None, 'service_project_id': None, 'service_project_domain_id': None, 'service_roles': []} {{(pid=67582) fill_context /opt/stack/keystone/keystone/server/flask/request_processing/middleware/auth_context.py:509}}
May 13 00:06:03 ubuntu devstack@keystone.service[67582]: DEBUG keystone.server.flask.request_processing.req_logging [None req-8ddf0ce4-c266-4c2b-8ea3-0908e19121f6 None admin] REQUEST_METHOD: `POST` {{(pid=67582) log_request_info /opt/stack/keystone/keystone/server/flask/request_processing/req_logging.py:26}}
May 13 00:06:03 ubuntu devstack@keystone.service[67582]: DEBUG keystone.server.flask.request_processing.req_logging [None req-8ddf0ce4-c266-4c2b-8ea3-0908e19121f6 None admin] SCRIPT_NAME: `/identity` {{(pid=67582) log_request_info /opt/stack/keystone/keystone/server/flask/request_processing/req_logging.py:27}}
May 13 00:06:03 ubuntu devstack@keystone.service[67582]: DEBUG keystone.server.flask.request_processing.req_logging [None req-8ddf0ce4-c266-4c2b-8ea3-0908e19121f6 None admin] PATH_INFO: `/v3/roles` {{(pid=67582) log_request_info /opt/stack/keystone/keystone/server/flask/request_processing/req_logging.py:28}}
May 13 00:06:03 ubuntu devstack@keystone.service[67582]: DEBUG keystone.common.rbac_enforcer.enforcer [None req-8ddf0ce4-c266-4c2b-8ea3-0908e19121f6 None admin] RBAC: Authorizing `identity:create_role()` {{(pid=67582) enforce_call /opt/stack/keystone/keystone/common/rbac_enforcer/enforcer.py:494}}
May 13 00:06:03 ubuntu devstack@keystone.service[67582]: DEBUG keystone.common.rbac_enforcer.enforcer [None req-8ddf0ce4-c266-4c2b-8ea3-0908e19121f6 None admin] RBAC: Authorization granted {{(pid=67582) enforce_call /opt/stack/keystone/keystone/common/rbac_enforcer/enforcer.py:505}}
May 13 00:06:03 ubuntu devstack@keystone.service[67583]: DEBUG keystone.server.flask.request_processing.middleware.auth_context [None req-97442cee-c672-46d1-84a2-11821e64ae15 None admin] RBAC: auth_context: {'token': <TokenModel (audit_id=Jl4XSnmoQY-roI514yE4HQ, audit_chain_id=['Jl4XSnmoQY-roI514yE4HQ']) at 0x7a7ba55cbe90>, 'domain_id': None, 'trust_id': None, 'trustor_id': None, 'trustee_id': None, 'domain_name': None, 'group_ids': [], 'user_id': '84db11eab3ec42cc8010876b31327204', 'user_domain_id': 'default', 'system_scope': 'all', 'project_id': None, 'project_domain_id': None, 'roles': ['admin', 'manager', 'member', 'reader'], 'is_admin_project': True, 'service_user_id': None, 'service_user_domain_id': None, 'service_project_id': None, 'service_project_domain_id': None, 'service_roles': []} {{(pid=67583) fill_context /opt/stack/keystone/keystone/server/flask/request_processing/middleware/auth_context.py:509}}
May 13 00:06:03 ubuntu devstack@keystone.service[67583]: DEBUG keystone.server.flask.request_processing.req_logging [None req-97442cee-c672-46d1-84a2-11821e64ae15 None admin] REQUEST_METHOD: `GET` {{(pid=67583) log_request_info /opt/stack/keystone/keystone/server/flask/request_processing/req_logging.py:26}}
May 13 00:06:03 ubuntu devstack@keystone.service[67583]: DEBUG keystone.server.flask.request_processing.req_logging [None req-97442cee-c672-46d1-84a2-11821e64ae15 None admin] SCRIPT_NAME: `/identity` {{(pid=67583) log_request_info /opt/stack/keystone/keystone/server/flask/request_processing/req_logging.py:27}}
May 13 00:06:03 ubuntu devstack@keystone.service[67583]: DEBUG keystone.server.flask.request_processing.req_logging [None req-97442cee-c672-46d1-84a2-11821e64ae15 None admin] PATH_INFO: `/v3/roles` {{(pid=67583) log_request_info /opt/stack/keystone/keystone/server/flask/request_processing/req_logging.py:28}}
May 13 00:06:03 ubuntu devstack@keystone.service[67583]: DEBUG keystone.common.rbac_enforcer.enforcer [None req-97442cee-c672-46d1-84a2-11821e64ae15 None admin] RBAC: Adding query filter params (name=admin) {{(pid=67583) _extract_filter_values /opt/stack/keystone/keystone/common/rbac_enforcer/enforcer.py:176}}
May 13 00:06:03 ubuntu devstack@keystone.service[67583]: DEBUG keystone.common.rbac_enforcer.enforcer [None req-97442cee-c672-46d1-84a2-11821e64ae15 None admin] RBAC: Authorizing `identity:list_roles()` {{(pid=67583) enforce_call /opt/stack/keystone/keystone/common/rbac_enforcer/enforcer.py:494}}
May 13 00:06:03 ubuntu devstack@keystone.service[67583]: DEBUG keystone.common.rbac_enforcer.enforcer [None req-97442cee-c672-46d1-84a2-11821e64ae15 None admin] RBAC: Authorization granted {{(pid=67583) enforce_call /opt/stack/keystone/keystone/common/rbac_enforcer/enforcer.py:505}}
May 13 00:06:03 ubuntu devstack@keystone.service[67582]: DEBUG keystone.common.sql.core [None req-8ddf0ce4-c266-4c2b-8ea3-0908e19121f6 None admin] Conflict role: (pymysql.err.IntegrityError) (1062, "Duplicate entry 'service-<<null>>' for key 'role.ixu_role_name_domain_id'")
May 13 00:06:03 ubuntu devstack@keystone.service[67582]: [SQL: INSERT INTO `role` (id, name, description, extra) VALUES (%(id)s, %(name)s, %(description)s, %(extra)s)]
May 13 00:06:03 ubuntu devstack@keystone.service[67582]: [parameters: {'id': 'ebf50b98e170430786f0e9e24b556fba', 'name': 'service', 'description': None, 'extra': '{}'}]
May 13 00:06:03 ubuntu devstack@keystone.service[67582]: (Background on this error at: https://sqlalche.me/e/20/gkpj) {{(pid=67582) wrapper /opt/stack/keystone/keystone/common/sql/core.py:580}}
May 13 00:06:03 ubuntu devstack@keystone.service[67583]: [pid: 67583|app: 0|req: 18/36] 10.120.125.143 () {58 vars in 1180 bytes} [Wed May 13 00:06:03 2026] GET /identity/v3/roles?name=admin => generated 341 bytes in 66 msecs (HTTP/1.1 200) 5 headers in 177 bytes (1 switches on core 0)
May 13 00:06:03 ubuntu devstack@keystone.service[67583]: DEBUG keystone.server.flask.request_processing.middleware.auth_context [None req-97442cee-c672-46d1-84a2-11821e64ae15 None admin] Authenticating user token {{(pid=67583) process_request /opt/stack/data/venv/lib/python3.12/site-packages/keystonemiddleware/auth_token/__init__.py:407}}
May 13 00:06:03 ubuntu devstack@keystone.service[67582]: ERROR keystone.server.flask.application [None req-8ddf0ce4-c266-4c2b-8ea3-0908e19121f6 None admin] Conflict occurred attempting to store role - Duplicate entry found with name service.: keystone.exception.Conflict: Conflict occurred attempting to store role - Duplicate entry found with name service.
May 13 00:06:03 ubuntu devstack@keystone.service[67582]: ERROR keystone.server.flask.application Traceback (most recent call last):
May 13 00:06:03 ubuntu devstack@keystone.service[67582]: ERROR keystone.server.flask.application   File "/opt/stack/data/venv/lib/python3.12/site-packages/sqlalchemy/engine/base.py", line 1967, in _exec_single_context
May 13 00:06:03 ubuntu devstack@keystone.service[67582]: ERROR keystone.server.flask.application     self.dialect.do_execute(
May 13 00:06:03 ubuntu devstack@keystone.service[67582]: ERROR keystone.server.flask.application   File "/opt/stack/data/venv/lib/python3.12/site-packages/sqlalchemy/engine/default.py", line 952, in do_execute
May 13 00:06:03 ubuntu devstack@keystone.service[67582]: ERROR keystone.server.flask.application     cursor.execute(statement, parameters)
May 13 00:06:03 ubuntu devstack@keystone.service[67582]: ERROR keystone.server.flask.application   File "/opt/stack/data/venv/lib/python3.12/site-packages/pymysql/cursors.py", line 157, in execute
May 13 00:06:03 ubuntu devstack@keystone.service[67582]: ERROR keystone.server.flask.application     result = self._query(query)
May 13 00:06:03 ubuntu devstack@keystone.service[67582]: ERROR keystone.server.flask.application              ^^^^^^^^^^^^^^^^^^
May 13 00:06:03 ubuntu devstack@keystone.service[67582]: ERROR keystone.server.flask.application   File "/opt/stack/data/venv/lib/python3.12/site-packages/pymysql/cursors.py", line 328, in _query
May 13 00:06:03 ubuntu devstack@keystone.service[67582]: ERROR keystone.server.flask.application     conn.query(q)
May 13 00:06:03 ubuntu devstack@keystone.service[67582]: ERROR keystone.server.flask.application   File "/opt/stack/data/venv/lib/python3.12/site-packages/pymysql/connections.py", line 575, in query
May 13 00:06:03 ubuntu devstack@keystone.service[67582]: ERROR keystone.server.flask.application     self._affected_rows = self._read_query_result(unbuffered=unbuffered)
May 13 00:06:03 ubuntu devstack@keystone.service[67582]: ERROR keystone.server.flask.application                           ^^^^^^^^^^^^^^^^^^^^^^^^^^^^^^^^^^^^^^^^^^^^^^
May 13 00:06:03 ubuntu devstack@keystone.service[67582]: ERROR keystone.server.flask.application   File "/opt/stack/data/venv/lib/python3.12/site-packages/pymysql/connections.py", line 826, in _read_query_result
May 13 00:06:03 ubuntu devstack@keystone.service[67582]: ERROR keystone.server.flask.application     result.read()
May 13 00:06:03 ubuntu devstack@keystone.service[67582]: ERROR keystone.server.flask.application   File "/opt/stack/data/venv/lib/python3.12/site-packages/pymysql/connections.py", line 1203, in read
May 13 00:06:03 ubuntu devstack@keystone.service[67582]: ERROR keystone.server.flask.application     first_packet = self.connection._read_packet()
May 13 00:06:03 ubuntu devstack@keystone.service[67582]: ERROR keystone.server.flask.application                    ^^^^^^^^^^^^^^^^^^^^^^^^^^^^^^
May 13 00:06:03 ubuntu devstack@keystone.service[67582]: ERROR keystone.server.flask.application   File "/opt/stack/data/venv/lib/python3.12/site-packages/pymysql/connections.py", line 782, in _read_packet
May 13 00:06:03 ubuntu devstack@keystone.service[67582]: ERROR keystone.server.flask.application     packet.raise_for_error()
May 13 00:06:03 ubuntu devstack@keystone.service[67582]: ERROR keystone.server.flask.application   File "/opt/stack/data/venv/lib/python3.12/site-packages/pymysql/protocol.py", line 219, in raise_for_error
May 13 00:06:03 ubuntu devstack@keystone.service[67582]: ERROR keystone.server.flask.application     err.raise_mysql_exception(self._data)
May 13 00:06:03 ubuntu devstack@keystone.service[67582]: ERROR keystone.server.flask.application   File "/opt/stack/data/venv/lib/python3.12/site-packages/pymysql/err.py", line 150, in raise_mysql_exception
May 13 00:06:03 ubuntu devstack@keystone.service[67582]: ERROR keystone.server.flask.application     raise errorclass(errno, errval)
May 13 00:06:03 ubuntu devstack@keystone.service[67582]: ERROR keystone.server.flask.application pymysql.err.IntegrityError: (1062, "Duplicate entry 'service-<<null>>' for key 'role.ixu_role_name_domain_id'")
May 13 00:06:03 ubuntu devstack@keystone.service[67582]: ERROR keystone.server.flask.application 
May 13 00:06:03 ubuntu devstack@keystone.service[67582]: ERROR keystone.server.flask.application The above exception was the direct cause of the following exception:
May 13 00:06:03 ubuntu devstack@keystone.service[67582]: ERROR keystone.server.flask.application 
May 13 00:06:03 ubuntu devstack@keystone.service[67582]: ERROR keystone.server.flask.application Traceback (most recent call last):
May 13 00:06:03 ubuntu devstack@keystone.service[67582]: ERROR keystone.server.flask.application   File "/opt/stack/keystone/keystone/common/sql/core.py", line 575, in wrapper
May 13 00:06:03 ubuntu devstack@keystone.service[67582]: ERROR keystone.server.flask.application     return method(*args, **kwargs)
May 13 00:06:03 ubuntu devstack@keystone.service[67582]: ERROR keystone.server.flask.application            ^^^^^^^^^^^^^^^^^^^^^^^
May 13 00:06:03 ubuntu devstack@keystone.service[67582]: ERROR keystone.server.flask.application   File "/opt/stack/keystone/keystone/assignment/role_backends/sql.py", line 25, in create_role
May 13 00:06:03 ubuntu devstack@keystone.service[67582]: ERROR keystone.server.flask.application     with sql.session_for_write() as session:
May 13 00:06:03 ubuntu devstack@keystone.service[67582]: ERROR keystone.server.flask.application   File "/usr/lib/python3.12/contextlib.py", line 144, in __exit__
May 13 00:06:03 ubuntu devstack@keystone.service[67582]: ERROR keystone.server.flask.application     next(self.gen)
May 13 00:06:03 ubuntu devstack@keystone.service[67582]: ERROR keystone.server.flask.application   File "/opt/stack/data/venv/lib/python3.12/site-packages/oslo_db/sqlalchemy/enginefacade.py", line 1175, in _transaction_scope
May 13 00:06:03 ubuntu devstack@keystone.service[67582]: ERROR keystone.server.flask.application     with current._produce_block(
May 13 00:06:03 ubuntu devstack@keystone.service[67582]: ERROR keystone.server.flask.application   File "/usr/lib/python3.12/contextlib.py", line 144, in __exit__
May 13 00:06:03 ubuntu devstack@keystone.service[67582]: ERROR keystone.server.flask.application     next(self.gen)
May 13 00:06:03 ubuntu devstack@keystone.service[67582]: ERROR keystone.server.flask.application   File "/opt/stack/data/venv/lib/python3.12/site-packages/oslo_db/sqlalchemy/enginefacade.py", line 837, in _session
May 13 00:06:03 ubuntu devstack@keystone.service[67582]: ERROR keystone.server.flask.application     with excutils.save_and_reraise_exception():
May 13 00:06:03 ubuntu devstack@keystone.service[67582]: ERROR keystone.server.flask.application   File "/opt/stack/data/venv/lib/python3.12/site-packages/oslo_utils/excutils.py", line 271, in __exit__
May 13 00:06:03 ubuntu devstack@keystone.service[67582]: ERROR keystone.server.flask.application     self.force_reraise()
May 13 00:06:03 ubuntu devstack@keystone.service[67582]: ERROR keystone.server.flask.application   File "/opt/stack/data/venv/lib/python3.12/site-packages/oslo_utils/excutils.py", line 233, in force_reraise
May 13 00:06:03 ubuntu devstack@keystone.service[67582]: ERROR keystone.server.flask.application     raise self.value
May 13 00:06:03 ubuntu devstack@keystone.service[67582]: ERROR keystone.server.flask.application   File "/opt/stack/data/venv/lib/python3.12/site-packages/oslo_db/sqlalchemy/enginefacade.py", line 835, in _session
