Jun 04 04:49:29 ubuntu devstack@keystone.service[67493]: DEBUG keystone.common.rbac_enforcer.enforcer [None req-d428601a-623a-4a84-88c8-19cad8d68394 None admin] RBAC: Adding query filter params (name=Default) {{(pid=67493) _extract_filter_values /opt/stack/keystone/keystone/common/rbac_enforcer/enforcer.py:176}}
Jun 04 04:49:29 ubuntu devstack@keystone.service[67493]: DEBUG keystone.common.rbac_enforcer.enforcer [None req-d428601a-623a-4a84-88c8-19cad8d68394 None admin] RBAC: Authorizing `identity:list_domains()` {{(pid=67493) enforce_call /opt/stack/keystone/keystone/common/rbac_enforcer/enforcer.py:501}}
Jun 04 04:49:29 ubuntu devstack@keystone.service[67493]: DEBUG keystone.common.rbac_enforcer.enforcer [None req-d428601a-623a-4a84-88c8-19cad8d68394 None admin] RBAC: Authorization granted {{(pid=67493) enforce_call /opt/stack/keystone/keystone/common/rbac_enforcer/enforcer.py:512}}
Jun 04 04:49:29 ubuntu devstack@keystone.service[67493]: [pid: 67493|app: 0|req: 11/21] 10.120.125.137 () {58 vars in 1190 bytes} [Thu Jun  4 04:49:28 2026] GET /identity/v3/domains?name=Default => generated 310 bytes in 77 msecs (HTTP/1.1 200) 5 headers in 177 bytes (2 switches on core 0)
Jun 04 04:49:29 ubuntu devstack@keystone.service[67494]: [pid: 67494|app: 0|req: 11/22] 10.120.125.137 () {60 vars in 1429 bytes} [Thu Jun  4 04:49:28 2026] PUT /identity/v3/domains/default/users/4a4022b49a50474eb9fc9404917c398d/roles/3176ad3aaa2f436f92b85e96c78bbe2f => generated 0 bytes in 140 msecs (HTTP/1.1 204) 3 headers in 132 bytes (0 switches on core 0)
Jun 04 04:49:30 ubuntu devstack@keystone.service[67493]: DEBUG keystone.server.flask.request_processing.req_logging [None req-958821b6-50bb-4243-a8e5-c9211bbced48 None None] REQUEST_METHOD: `GET` {{(pid=67493) log_request_info /opt/stack/keystone/keystone/server/flask/request_processing/req_logging.py:26}}
Jun 04 04:49:30 ubuntu devstack@keystone.service[67493]: DEBUG keystone.server.flask.request_processing.req_logging [None req-958821b6-50bb-4243-a8e5-c9211bbced48 None None] SCRIPT_NAME: `/identity` {{(pid=67493) log_request_info /opt/stack/keystone/keystone/server/flask/request_processing/req_logging.py:27}}
Jun 04 04:49:30 ubuntu devstack@keystone.service[67493]: DEBUG keystone.server.flask.request_processing.req_logging [None req-958821b6-50bb-4243-a8e5-c9211bbced48 None None] PATH_INFO: `/` {{(pid=67493) log_request_info /opt/stack/keystone/keystone/server/flask/request_processing/req_logging.py:28}}
Jun 04 04:49:30 ubuntu devstack@keystone.service[67493]: [pid: 67493|app: 0|req: 12/23] 10.120.125.137 () {56 vars in 951 bytes} [Thu Jun  4 04:49:30 2026] GET /identity => generated 271 bytes in 3 msecs (HTTP/1.1 300) 6 headers in 235 bytes (1 switches on core 0)
Jun 04 04:49:30 ubuntu devstack@keystone.service[67494]: DEBUG keystone.server.flask.request_processing.req_logging [None req-ddf428dc-e1d0-43e5-b726-2087e86c3752 None None] REQUEST_METHOD: `GET` {{(pid=67494) log_request_info /opt/stack/keystone/keystone/server/flask/request_processing/req_logging.py:26}}
Jun 04 04:49:30 ubuntu devstack@keystone.service[67494]: DEBUG keystone.server.flask.request_processing.req_logging [None req-ddf428dc-e1d0-43e5-b726-2087e86c3752 None None] SCRIPT_NAME: `/identity` {{(pid=67494) log_request_info /opt/stack/keystone/keystone/server/flask/request_processing/req_logging.py:27}}
Jun 04 04:49:30 ubuntu devstack@keystone.service[67494]: DEBUG keystone.server.flask.request_processing.req_logging [None req-ddf428dc-e1d0-43e5-b726-2087e86c3752 None None] PATH_INFO: `/` {{(pid=67494) log_request_info /opt/stack/keystone/keystone/server/flask/request_processing/req_logging.py:28}}
Jun 04 04:49:30 ubuntu devstack@keystone.service[67494]: [pid: 67494|app: 0|req: 12/24] 10.120.125.137 () {56 vars in 951 bytes} [Thu Jun  4 04:49:30 2026] GET /identity => generated 271 bytes in 2 msecs (HTTP/1.1 300) 6 headers in 235 bytes (1 switches on core 0)
Jun 04 04:49:30 ubuntu devstack@keystone.service[67493]: DEBUG keystone.server.flask.request_processing.req_logging [None req-94d212dd-9247-4b64-9fbf-c743ca05dba6 None None] REQUEST_METHOD: `POST` {{(pid=67493) log_request_info /opt/stack/keystone/keystone/server/flask/request_processing/req_logging.py:26}}
Jun 04 04:49:30 ubuntu devstack@keystone.service[67493]: DEBUG keystone.server.flask.request_processing.req_logging [None req-94d212dd-9247-4b64-9fbf-c743ca05dba6 None None] SCRIPT_NAME: `/identity` {{(pid=67493) log_request_info /opt/stack/keystone/keystone/server/flask/request_processing/req_logging.py:27}}
Jun 04 04:49:30 ubuntu devstack@keystone.service[67493]: DEBUG keystone.server.flask.request_processing.req_logging [None req-94d212dd-9247-4b64-9fbf-c743ca05dba6 None None] PATH_INFO: `/v3/auth/tokens` {{(pid=67493) log_request_info /opt/stack/keystone/keystone/server/flask/request_processing/req_logging.py:28}}
Jun 04 04:49:30 ubuntu devstack@keystone.service[67493]: WARNING keystone.common.password_hashing [None req-94d212dd-9247-4b64-9fbf-c743ca05dba6 None None] Truncating password to algorithm specific maximum length 72 characters.
Jun 04 04:49:30 ubuntu devstack@keystone.service[67493]: DEBUG keystone.auth.core [None req-94d212dd-9247-4b64-9fbf-c743ca05dba6 None None] MFA Rules not processed for user `4a4022b49a50474eb9fc9404917c398d`. Rule list: `[]` (Enabled: `True`). {{(pid=67493) check_auth_methods_against_rules /opt/stack/keystone/keystone/auth/core.py:476}}
Jun 04 04:49:30 ubuntu devstack@keystone.service[67493]: DEBUG keystone.common.fernet_utils [None req-94d212dd-9247-4b64-9fbf-c743ca05dba6 None None] Loaded 2 Fernet keys from /etc/keystone/fernet-keys/, but `[fernet_tokens] max_active_keys = 3`; perhaps there have not been enough key rotations to reach `max_active_keys` yet? {{(pid=67493) load_keys /opt/stack/keystone/keystone/common/fernet_utils.py:297}}
Jun 04 04:49:31 ubuntu devstack@keystone.service[67493]: [pid: 67493|app: 0|req: 13/25] 10.120.125.137 () {60 vars in 1048 bytes} [Thu Jun  4 04:49:30 2026] POST /identity/v3/auth/tokens => generated 863 bytes in 80 msecs (HTTP/1.1 201) 6 headers in 363 bytes (1 switches on core 0)
Jun 04 04:49:31 ubuntu devstack@keystone.service[67494]: DEBUG keystone.server.flask.request_processing.req_logging [None req-390e97e8-0025-45e5-ad4e-caea01d46227 None None] REQUEST_METHOD: `GET` {{(pid=67494) log_request_info /opt/stack/keystone/keystone/server/flask/request_processing/req_logging.py:26}}
Jun 04 04:49:31 ubuntu devstack@keystone.service[67494]: DEBUG keystone.server.flask.request_processing.req_logging [None req-390e97e8-0025-45e5-ad4e-caea01d46227 None None] SCRIPT_NAME: `/identity` {{(pid=67494) log_request_info /opt/stack/keystone/keystone/server/flask/request_processing/req_logging.py:27}}
Jun 04 04:49:31 ubuntu devstack@keystone.service[67494]: DEBUG keystone.server.flask.request_processing.req_logging [None req-390e97e8-0025-45e5-ad4e-caea01d46227 None None] PATH_INFO: `/` {{(pid=67494) log_request_info /opt/stack/keystone/keystone/server/flask/request_processing/req_logging.py:28}}
Jun 04 04:49:31 ubuntu devstack@keystone.service[67494]: [pid: 67494|app: 0|req: 13/26] 10.120.125.137 () {56 vars in 951 bytes} [Thu Jun  4 04:49:31 2026] GET /identity => generated 271 bytes in 1 msecs (HTTP/1.1 300) 6 headers in 235 bytes (1 switches on core 0)
Jun 04 04:49:31 ubuntu devstack@keystone.service[67493]: DEBUG keystone.server.flask.request_processing.req_logging [None req-62b8a8a7-437f-4f12-8ab6-dfd122957127 None None] REQUEST_METHOD: `POST` {{(pid=67493) log_request_info /opt/stack/keystone/keystone/server/flask/request_processing/req_logging.py:26}}
Jun 04 04:49:31 ubuntu devstack@keystone.service[67493]: DEBUG keystone.server.flask.request_processing.req_logging [None req-62b8a8a7-437f-4f12-8ab6-dfd122957127 None None] SCRIPT_NAME: `/identity` {{(pid=67493) log_request_info /opt/stack/keystone/keystone/server/flask/request_processing/req_logging.py:27}}
Jun 04 04:49:31 ubuntu devstack@keystone.service[67493]: DEBUG keystone.server.flask.request_processing.req_logging [None req-62b8a8a7-437f-4f12-8ab6-dfd122957127 None None] PATH_INFO: `/v3/auth/tokens` {{(pid=67493) log_request_info /opt/stack/keystone/keystone/server/flask/request_processing/req_logging.py:28}}
Jun 04 04:49:31 ubuntu devstack@keystone.service[67493]: WARNING keystone.common.password_hashing [None req-62b8a8a7-437f-4f12-8ab6-dfd122957127 None None] Truncating password to algorithm specific maximum length 72 characters.
Jun 04 04:49:31 ubuntu devstack@keystone.service[67493]: DEBUG keystone.auth.core [None req-62b8a8a7-437f-4f12-8ab6-dfd122957127 None None] MFA Rules not processed for user `4a4022b49a50474eb9fc9404917c398d`. Rule list: `[]` (Enabled: `True`). {{(pid=67493) check_auth_methods_against_rules /opt/stack/keystone/keystone/auth/core.py:476}}
Jun 04 04:49:31 ubuntu devstack@keystone.service[67493]: DEBUG keystone.common.fernet_utils [None req-62b8a8a7-437f-4f12-8ab6-dfd122957127 None None] Loaded 2 Fernet keys from /etc/keystone/fernet-keys/, but `[fernet_tokens] max_active_keys = 3`; perhaps there have not been enough key rotations to reach `max_active_keys` yet? {{(pid=67493) load_keys /opt/stack/keystone/keystone/common/fernet_utils.py:297}}
Jun 04 04:49:31 ubuntu devstack@keystone.service[67493]: [pid: 67493|app: 0|req: 14/27] 10.120.125.137 () {60 vars in 1048 bytes} [Thu Jun  4 04:49:31 2026] POST /identity/v3/auth/tokens => generated 863 bytes in 78 msecs (HTTP/1.1 201) 6 headers in 363 bytes (1 switches on core 0)
Jun 04 04:49:31 ubuntu devstack@keystone.service[67494]: DEBUG keystone.server.flask.request_processing.req_logging [None req-7692ae76-19b8-4eb0-af18-39d595f103c4 None None] REQUEST_METHOD: `POST` {{(pid=67494) log_request_info /opt/stack/keystone/keystone/server/flask/request_processing/req_logging.py:26}}
Jun 04 04:49:31 ubuntu devstack@keystone.service[67494]: DEBUG keystone.server.flask.request_processing.req_logging [None req-7692ae76-19b8-4eb0-af18-39d595f103c4 None None] SCRIPT_NAME: `/identity` {{(pid=67494) log_request_info /opt/stack/keystone/keystone/server/flask/request_processing/req_logging.py:27}}
Jun 04 04:49:31 ubuntu devstack@keystone.service[67494]: DEBUG keystone.server.flask.request_processing.req_logging [None req-7692ae76-19b8-4eb0-af18-39d595f103c4 None None] PATH_INFO: `/v3/auth/tokens` {{(pid=67494) log_request_info /opt/stack/keystone/keystone/server/flask/request_processing/req_logging.py:28}}
Jun 04 04:49:31 ubuntu devstack@keystone.service[67494]: WARNING keystone.common.password_hashing [None req-7692ae76-19b8-4eb0-af18-39d595f103c4 None None] Truncating password to algorithm specific maximum length 72 characters.
Jun 04 04:49:31 ubuntu devstack@keystone.service[67494]: DEBUG keystone.auth.core [None req-7692ae76-19b8-4eb0-af18-39d595f103c4 None None] MFA Rules not processed for user `4a4022b49a50474eb9fc9404917c398d`. Rule list: `[]` (Enabled: `True`). {{(pid=67494) check_auth_methods_against_rules /opt/stack/keystone/keystone/auth/core.py:476}}
Jun 04 04:49:31 ubuntu devstack@keystone.service[67494]: DEBUG keystone.common.fernet_utils [None req-7692ae76-19b8-4eb0-af18-39d595f103c4 None None] Loaded 2 Fernet keys from /etc/keystone/fernet-keys/, but `[fernet_tokens] max_active_keys = 3`; perhaps there have not been enough key rotations to reach `max_active_keys` yet? {{(pid=67494) load_keys /opt/stack/keystone/keystone/common/fernet_utils.py:297}}
Jun 04 04:49:31 ubuntu devstack@keystone.service[67494]: [pid: 67494|app: 0|req: 14/28] 10.120.125.137 () {60 vars in 1048 bytes} [Thu Jun  4 04:49:31 2026] POST /identity/v3/auth/tokens => generated 863 bytes in 69 msecs (HTTP/1.1 201) 6 headers in 363 bytes (1 switches on core 0)
Jun 04 04:49:31 ubuntu devstack@keystone.service[67493]: DEBUG keystone.server.flask.request_processing.middleware.auth_context [None req-62b8a8a7-437f-4f12-8ab6-dfd122957127 None None] Authenticating user token {{(pid=67493) process_request /opt/stack/data/venv/lib/python3.12/site-packages/keystonemiddleware/auth_token/__init__.py:406}}
Jun 04 04:49:31 ubuntu devstack@keystone.service[67494]: DEBUG keystone.server.flask.request_processing.middleware.auth_context [None req-7692ae76-19b8-4eb0-af18-39d595f103c4 None None] Authenticating user token {{(pid=67494) process_request /opt/stack/data/venv/lib/python3.12/site-packages/keystonemiddleware/auth_token/__init__.py:406}}
Jun 04 04:49:31 ubuntu devstack@keystone.service[67493]: DEBUG keystone.server.flask.request_processing.middleware.auth_context [None req-62b8a8a7-437f-4f12-8ab6-dfd122957127 None None] Validating token access rules against request {{(pid=67493) validate_allowed_request /opt/stack/data/venv/lib/python3.12/site-packages/keystonemiddleware/auth_token/__init__.py:544}}
Jun 04 04:49:31 ubuntu devstack@keystone.service[67494]: DEBUG keystone.server.flask.request_processing.middleware.auth_context [None req-7692ae76-19b8-4eb0-af18-39d595f103c4 None None] Validating token access rules against request {{(pid=67494) validate_allowed_request /opt/stack/data/venv/lib/python3.12/site-packages/keystonemiddleware/auth_token/__init__.py:544}}
Jun 04 04:49:31 ubuntu devstack@keystone.service[67493]: DEBUG keystone.server.flask.request_processing.middleware.auth_context [None req-329895b7-d30f-47bd-8dd4-0751404edc28 None admin] RBAC: auth_context: {'token': <TokenModel (audit_id=MsPhF2RkQpObqYDYUA-9xg, audit_chain_id=['MsPhF2RkQpObqYDYUA-9xg']) at 0x7916a770bda0>, 'domain_id': None, 'trust_id': None, 'trustor_id': None, 'trustee_id': None, 'domain_name': None, 'group_ids': [], 'user_id': '4a4022b49a50474eb9fc9404917c398d', 'user_domain_id': 'default', 'system_scope': 'all', 'project_id': None, 'project_domain_id': None, 'roles': ['admin', 'manager', 'member', 'reader'], 'is_admin_project': True, 'service_user_id': None, 'service_user_domain_id': None, 'service_project_id': None, 'service_project_domain_id': None, 'service_roles': []} {{(pid=67493) fill_context /opt/stack/keystone/keystone/server/flask/request_processing/middleware/auth_context.py:509}}
Jun 04 04:49:31 ubuntu devstack@keystone.service[67493]: DEBUG keystone.server.flask.request_processing.req_logging [None req-329895b7-d30f-47bd-8dd4-0751404edc28 None admin] REQUEST_METHOD: `GET` {{(pid=67493) log_request_info /opt/stack/keystone/keystone/server/flask/request_processing/req_logging.py:26}}
Jun 04 04:49:31 ubuntu devstack@keystone.service[67493]: DEBUG keystone.server.flask.request_processing.req_logging [None req-329895b7-d30f-47bd-8dd4-0751404edc28 None admin] SCRIPT_NAME: `/identity` {{(pid=67493) log_request_info /opt/stack/keystone/keystone/server/flask/request_processing/req_logging.py:27}}
Jun 04 04:49:31 ubuntu devstack@keystone.service[67493]: DEBUG keystone.server.flask.request_processing.req_logging [None req-329895b7-d30f-47bd-8dd4-0751404edc28 None admin] PATH_INFO: `/v3/domains/Default` {{(pid=67493) log_request_info /opt/stack/keystone/keystone/server/flask/request_processing/req_logging.py:28}}
Jun 04 04:49:31 ubuntu devstack@keystone.service[67493]: DEBUG keystone.common.rbac_enforcer.enforcer [None req-329895b7-d30f-47bd-8dd4-0751404edc28 None admin] RBAC: Authorizing `identity:get_domain(domain_id=Default)` {{(pid=67493) enforce_call /opt/stack/keystone/keystone/common/rbac_enforcer/enforcer.py:501}}
Jun 04 04:49:31 ubuntu devstack@keystone.service[67493]: DEBUG keystone.common.rbac_enforcer.enforcer [None req-329895b7-d30f-47bd-8dd4-0751404edc28 None admin] RBAC: Authorization granted {{(pid=67493) enforce_call /opt/stack/keystone/keystone/common/rbac_enforcer/enforcer.py:512}}
Jun 04 04:49:31 ubuntu devstack@keystone.service[67494]: DEBUG keystone.server.flask.request_processing.middleware.auth_context [None req-e61ac6e6-0f73-42aa-8b0b-17b95fc6ad01 None admin] RBAC: auth_context: {'token': <TokenModel (audit_id=cXXUY7eLSPSZ_7Q4g3lpDQ, audit_chain_id=['cXXUY7eLSPSZ_7Q4g3lpDQ']) at 0x7916a6c8d670>, 'domain_id': None, 'trust_id': None, 'trustor_id': None, 'trustee_id': None, 'domain_name': None, 'group_ids': [], 'user_id': '4a4022b49a50474eb9fc9404917c398d', 'user_domain_id': 'default', 'system_scope': 'all', 'project_id': None, 'project_domain_id': None, 'roles': ['admin', 'manager', 'member', 'reader'], 'is_admin_project': True, 'service_user_id': None, 'service_user_domain_id': None, 'service_project_id': None, 'service_project_domain_id': None, 'service_roles': []} {{(pid=67494) fill_context /opt/stack/keystone/keystone/server/flask/request_processing/middleware/auth_context.py:509}}
Jun 04 04:49:31 ubuntu devstack@keystone.service[67494]: DEBUG keystone.server.flask.request_processing.req_logging [None req-e61ac6e6-0f73-42aa-8b0b-17b95fc6ad01 None admin] REQUEST_METHOD: `GET` {{(pid=67494) log_request_info /opt/stack/keystone/keystone/server/flask/request_processing/req_logging.py:26}}
Jun 04 04:49:31 ubuntu devstack@keystone.service[67494]: DEBUG keystone.server.flask.request_processing.req_logging [None req-e61ac6e6-0f73-42aa-8b0b-17b95fc6ad01 None admin] SCRIPT_NAME: `/identity` {{(pid=67494) log_request_info /opt/stack/keystone/keystone/server/flask/request_processing/req_logging.py:27}}
Jun 04 04:49:31 ubuntu devstack@keystone.service[67494]: DEBUG keystone.server.flask.request_processing.req_logging [None req-e61ac6e6-0f73-42aa-8b0b-17b95fc6ad01 None admin] PATH_INFO: `/v3/roles/admin` {{(pid=67494) log_request_info /opt/stack/keystone/keystone/server/flask/request_processing/req_logging.py:28}}
Jun 04 04:49:31 ubuntu devstack@keystone.service[67494]: DEBUG keystone.common.rbac_enforcer.enforcer [None req-e61ac6e6-0f73-42aa-8b0b-17b95fc6ad01 None admin] Extracting inferred target data resulted in "NOT FOUND (404)". {{(pid=67494) enforce_call /opt/stack/keystone/keystone/common/rbac_enforcer/enforcer.py:445}}
Jun 04 04:49:31 ubuntu devstack@keystone.service[67494]: DEBUG keystone.server.flask.application [None req-e61ac6e6-0f73-42aa-8b0b-17b95fc6ad01 None admin] Could not find role: admin. {{(pid=67494) _handle_keystone_exception /opt/stack/keystone/keystone/server/flask/application.py:146}}
Jun 04 04:49:31 ubuntu devstack@keystone.service[67494]: [pid: 67494|app: 0|req: 15/29] 10.120.125.137 () {58 vars in 1164 bytes} [Thu Jun  4 04:49:31 2026] GET /identity/v3/roles/admin => generated 83 bytes in 97 msecs (HTTP/1.1 404) 5 headers in 183 bytes (1 switches on core 0)
Jun 04 04:49:31 ubuntu devstack@keystone.service[67493]: DEBUG keystone.server.flask.application [None req-329895b7-d30f-47bd-8dd4-0751404edc28 None admin] Could not find domain: Default. {{(pid=67493) _handle_keystone_exception /opt/stack/keystone/keystone/server/flask/application.py:146}}
Jun 04 04:49:31 ubuntu devstack@keystone.service[67493]: [pid: 67493|app: 0|req: 15/30] 10.120.125.137 () {58 vars in 1176 bytes} [Thu Jun  4 04:49:31 2026] GET /identity/v3/domains/Default => generated 87 bytes in 115 msecs (HTTP/1.1 404) 5 headers in 183 bytes (1 switches on core 0)
Jun 04 04:49:31 ubuntu devstack@keystone.service[67494]: DEBUG keystone.server.flask.request_processing.req_logging [None req-6b80ac19-9fe3-4ec8-830b-5c58ecc06397 None None] REQUEST_METHOD: `GET` {{(pid=67494) log_request_info /opt/stack/keystone/keystone/server/flask/request_processing/req_logging.py:26}}
Jun 04 04:49:31 ubuntu devstack@keystone.service[67494]: DEBUG keystone.server.flask.request_processing.req_logging [None req-6b80ac19-9fe3-4ec8-830b-5c58ecc06397 None None] SCRIPT_NAME: `/identity` {{(pid=67494) log_request_info /opt/stack/keystone/keystone/server/flask/request_processing/req_logging.py:27}}
Jun 04 04:49:31 ubuntu devstack@keystone.service[67494]: DEBUG keystone.server.flask.request_processing.req_logging [None req-6b80ac19-9fe3-4ec8-830b-5c58ecc06397 None None] PATH_INFO: `/` {{(pid=67494) log_request_info /opt/stack/keystone/keystone/server/flask/request_processing/req_logging.py:28}}
Jun 04 04:49:31 ubuntu devstack@keystone.service[67494]: [pid: 67494|app: 0|req: 16/31] 10.120.125.137 () {56 vars in 951 bytes} [Thu Jun  4 04:49:31 2026] GET /identity => generated 271 bytes in 1 msecs (HTTP/1.1 300) 6 headers in 235 bytes (1 switches on core 0)
Jun 04 04:49:31 ubuntu devstack@keystone.service[67493]: DEBUG keystone.server.flask.request_processing.middleware.auth_context [None req-329895b7-d30f-47bd-8dd4-0751404edc28 None admin] Authenticating user token {{(pid=67493) process_request /opt/stack/data/venv/lib/python3.12/site-packages/keystonemiddleware/auth_token/__init__.py:406}}
Jun 04 04:49:31 ubuntu devstack@keystone.service[67494]: DEBUG keystone.server.flask.request_processing.middleware.auth_context [None req-6b80ac19-9fe3-4ec8-830b-5c58ecc06397 None None] Authenticating user token {{(pid=67494) process_request /opt/stack/data/venv/lib/python3.12/site-packages/keystonemiddleware/auth_token/__init__.py:406}}
Jun 04 04:49:31 ubuntu devstack@keystone.service[67493]: DEBUG keystone.server.flask.request_processing.middleware.auth_context [None req-329895b7-d30f-47bd-8dd4-0751404edc28 None admin] Validating token access rules against request {{(pid=67493) validate_allowed_request /opt/stack/data/venv/lib/python3.12/site-packages/keystonemiddleware/auth_token/__init__.py:544}}
Jun 04 04:49:31 ubuntu devstack@keystone.service[67494]: DEBUG keystone.server.flask.request_processing.middleware.auth_context [None req-6b80ac19-9fe3-4ec8-830b-5c58ecc06397 None None] Validating token access rules against request {{(pid=67494) validate_allowed_request /opt/stack/data/venv/lib/python3.12/site-packages/keystonemiddleware/auth_token/__init__.py:544}}
Jun 04 04:49:31 ubuntu devstack@keystone.service[67493]: DEBUG keystone.server.flask.request_processing.middleware.auth_context [None req-1de8445e-a0c4-416e-abde-1c72e6a37cf0 None admin] RBAC: auth_context: {'token': <TokenModel (audit_id=MsPhF2RkQpObqYDYUA-9xg, audit_chain_id=['MsPhF2RkQpObqYDYUA-9xg']) at 0x7916a6c77da0>, 'domain_id': None, 'trust_id': None, 'trustor_id': None, 'trustee_id': None, 'domain_name': None, 'group_ids': [], 'user_id': '4a4022b49a50474eb9fc9404917c398d', 'user_domain_id': 'default', 'system_scope': 'all', 'project_id': None, 'project_domain_id': None, 'roles': ['admin', 'manager', 'member', 'reader'], 'is_admin_project': True, 'service_user_id': None, 'service_user_domain_id': None, 'service_project_id': None, 'service_project_domain_id': None, 'service_roles': []} {{(pid=67493) fill_context /opt/stack/keystone/keystone/server/flask/request_processing/middleware/auth_context.py:509}}
Jun 04 04:49:31 ubuntu devstack@keystone.service[67493]: DEBUG keystone.server.flask.request_processing.req_logging [None req-1de8445e-a0c4-416e-abde-1c72e6a37cf0 None admin] REQUEST_METHOD: `GET` {{(pid=67493) log_request_info /opt/stack/keystone/keystone/server/flask/request_processing/req_logging.py:26}}
Jun 04 04:49:31 ubuntu devstack@keystone.service[67494]: DEBUG keystone.server.flask.request_processing.middleware.auth_context [None req-1d513506-7568-463a-bfe1-32f5dc8b4ad4 None admin] RBAC: auth_context: {'token': <TokenModel (audit_id=cXXUY7eLSPSZ_7Q4g3lpDQ, audit_chain_id=['cXXUY7eLSPSZ_7Q4g3lpDQ']) at 0x7916a68cf260>, 'domain_id': None, 'trust_id': None, 'trustor_id': None, 'trustee_id': None, 'domain_name': None, 'group_ids': [], 'user_id': '4a4022b49a50474eb9fc9404917c398d', 'user_domain_id': 'default', 'system_scope': 'all', 'project_id': None, 'project_domain_id': None, 'roles': ['admin', 'manager', 'member', 'reader'], 'is_admin_project': True, 'service_user_id': None, 'service_user_domain_id': None, 'service_project_id': None, 'service_project_domain_id': None, 'service_roles': []} {{(pid=67494) fill_context /opt/stack/keystone/keystone/server/flask/request_processing/middleware/auth_context.py:509}}
Jun 04 04:49:31 ubuntu devstack@keystone.service[67493]: DEBUG keystone.server.flask.request_processing.req_logging [None req-1de8445e-a0c4-416e-abde-1c72e6a37cf0 None admin] SCRIPT_NAME: `/identity` {{(pid=67493) log_request_info /opt/stack/keystone/keystone/server/flask/request_processing/req_logging.py:27}}
Jun 04 04:49:31 ubuntu devstack@keystone.service[67493]: DEBUG keystone.server.flask.request_processing.req_logging [None req-1de8445e-a0c4-416e-abde-1c72e6a37cf0 None admin] PATH_INFO: `/v3/domains` {{(pid=67493) log_request_info /opt/stack/keystone/keystone/server/flask/request_processing/req_logging.py:28}}
Jun 04 04:49:31 ubuntu devstack@keystone.service[67494]: DEBUG keystone.server.flask.request_processing.req_logging [None req-1d513506-7568-463a-bfe1-32f5dc8b4ad4 None admin] REQUEST_METHOD: `GET` {{(pid=67494) log_request_info /opt/stack/keystone/keystone/server/flask/request_processing/req_logging.py:26}}
Jun 04 04:49:31 ubuntu devstack@keystone.service[67494]: DEBUG keystone.server.flask.request_processing.req_logging [None req-1d513506-7568-463a-bfe1-32f5dc8b4ad4 None admin] SCRIPT_NAME: `/identity` {{(pid=67494) log_request_info /opt/stack/keystone/keystone/server/flask/request_processing/req_logging.py:27}}
Jun 04 04:49:31 ubuntu devstack@keystone.service[67494]: DEBUG keystone.server.flask.request_processing.req_logging [None req-1d513506-7568-463a-bfe1-32f5dc8b4ad4 None admin] PATH_INFO: `/v3/roles` {{(pid=67494) log_request_info /opt/stack/keystone/keystone/server/flask/request_processing/req_logging.py:28}}
Jun 04 04:49:31 ubuntu devstack@keystone.service[67493]: DEBUG keystone.common.rbac_enforcer.enforcer [None req-1de8445e-a0c4-416e-abde-1c72e6a37cf0 None admin] RBAC: Adding query filter params (name=Default) {{(pid=67493) _extract_filter_values /opt/stack/keystone/keystone/common/rbac_enforcer/enforcer.py:176}}
Jun 04 04:49:31 ubuntu devstack@keystone.service[67494]: DEBUG keystone.common.rbac_enforcer.enforcer [None req-1d513506-7568-463a-bfe1-32f5dc8b4ad4 None admin] RBAC: Adding query filter params (name=admin) {{(pid=67494) _extract_filter_values /opt/stack/keystone/keystone/common/rbac_enforcer/enforcer.py:176}}
Jun 04 04:49:31 ubuntu devstack@keystone.service[67494]: DEBUG keystone.common.rbac_enforcer.enforcer [None req-1d513506-7568-463a-bfe1-32f5dc8b4ad4 None admin] RBAC: Authorizing `identity:list_roles()` {{(pid=67494) enforce_call /opt/stack/keystone/keystone/common/rbac_enforcer/enforcer.py:501}}
Jun 04 04:49:31 ubuntu devstack@keystone.service[67493]: DEBUG keystone.common.rbac_enforcer.enforcer [None req-1de8445e-a0c4-416e-abde-1c72e6a37cf0 None admin] RBAC: Authorizing `identity:list_domains()` {{(pid=67493) enforce_call /opt/stack/keystone/keystone/common/rbac_enforcer/enforcer.py:501}}
Jun 04 04:49:31 ubuntu devstack@keystone.service[67494]: DEBUG keystone.common.rbac_enforcer.enforcer [None req-1d513506-7568-463a-bfe1-32f5dc8b4ad4 None admin] RBAC: Authorization granted {{(pid=67494) enforce_call /opt/stack/keystone/keystone/common/rbac_enforcer/enforcer.py:512}}
Jun 04 04:49:31 ubuntu devstack@keystone.service[67493]: DEBUG keystone.common.rbac_enforcer.enforcer [None req-1de8445e-a0c4-416e-abde-1c72e6a37cf0 None admin] RBAC: Authorization granted {{(pid=67493) enforce_call /opt/stack/keystone/keystone/common/rbac_enforcer/enforcer.py:512}}
Jun 04 04:49:31 ubuntu devstack@keystone.service[67494]: [pid: 67494|app: 0|req: 17/32] 10.120.125.137 () {58 vars in 1180 bytes} [Thu Jun  4 04:49:31 2026] GET /identity/v3/roles?name=admin => generated 341 bytes in 79 msecs (HTTP/1.1 200) 5 headers in 177 bytes (1 switches on core 0)
Jun 04 04:49:31 ubuntu devstack@keystone.service[67494]: DEBUG keystone.server.flask.request_processing.req_logging [None req-4c0792b5-bbf3-42c5-a19c-7ce0cb7764e9 None None] REQUEST_METHOD: `GET` {{(pid=67494) log_request_info /opt/stack/keystone/keystone/server/flask/request_processing/req_logging.py:26}}
Jun 04 04:49:31 ubuntu devstack@keystone.service[67494]: DEBUG keystone.server.flask.request_processing.req_logging [None req-4c0792b5-bbf3-42c5-a19c-7ce0cb7764e9 None None] SCRIPT_NAME: `/identity` {{(pid=67494) log_request_info /opt/stack/keystone/keystone/server/flask/request_processing/req_logging.py:27}}
Jun 04 04:49:31 ubuntu devstack@keystone.service[67494]: DEBUG keystone.server.flask.request_processing.req_logging [None req-4c0792b5-bbf3-42c5-a19c-7ce0cb7764e9 None None] PATH_INFO: `/` {{(pid=67494) log_request_info /opt/stack/keystone/keystone/server/flask/request_processing/req_logging.py:28}}
Jun 04 04:49:31 ubuntu devstack@keystone.service[67493]: [pid: 67493|app: 0|req: 16/33] 10.120.125.137 () {58 vars in 1190 bytes} [Thu Jun  4 04:49:31 2026] GET /identity/v3/domains?name=Default => generated 310 bytes in 88 msecs (HTTP/1.1 200) 5 headers in 177 bytes (1 switches on core 0)
Jun 04 04:49:31 ubuntu devstack@keystone.service[67494]: [pid: 67494|app: 0|req: 18/34] 10.120.125.137 () {56 vars in 951 bytes} [Thu Jun  4 04:49:31 2026] GET /identity => generated 271 bytes in 1 msecs (HTTP/1.1 300) 6 headers in 235 bytes (1 switches on core 0)
Jun 04 04:49:31 ubuntu devstack@keystone.service[67493]: DEBUG keystone.server.flask.request_processing.middleware.auth_context [None req-1de8445e-a0c4-416e-abde-1c72e6a37cf0 None admin] Authenticating user token {{(pid=67493) process_request /opt/stack/data/venv/lib/python3.12/site-packages/keystonemiddleware/auth_token/__init__.py:406}}
Jun 04 04:49:31 ubuntu devstack@keystone.service[67494]: DEBUG keystone.server.flask.request_processing.middleware.auth_context [None req-4c0792b5-bbf3-42c5-a19c-7ce0cb7764e9 None None] Authenticating user token {{(pid=67494) process_request /opt/stack/data/venv/lib/python3.12/site-packages/keystonemiddleware/auth_token/__init__.py:406}}
Jun 04 04:49:31 ubuntu devstack@keystone.service[67493]: DEBUG keystone.server.flask.request_processing.middleware.auth_context [None req-1de8445e-a0c4-416e-abde-1c72e6a37cf0 None admin] Validating token access rules against request {{(pid=67493) validate_allowed_request /opt/stack/data/venv/lib/python3.12/site-packages/keystonemiddleware/auth_token/__init__.py:544}}
Jun 04 04:49:31 ubuntu devstack@keystone.service[67494]: DEBUG keystone.server.flask.request_processing.middleware.auth_context [None req-4c0792b5-bbf3-42c5-a19c-7ce0cb7764e9 None None] Validating token access rules against request {{(pid=67494) validate_allowed_request /opt/stack/data/venv/lib/python3.12/site-packages/keystonemiddleware/auth_token/__init__.py:544}}
Jun 04 04:49:31 ubuntu devstack@keystone.service[67493]: DEBUG keystone.server.flask.request_processing.middleware.auth_context [None req-4c3814fd-9708-4eec-bdec-74e9862751e9 None admin] RBAC: auth_context: {'token': <TokenModel (audit_id=IBFRHPGaSg-qRHZ2hxUM6Q, audit_chain_id=['IBFRHPGaSg-qRHZ2hxUM6Q']) at 0x7916a6c75c70>, 'domain_id': None, 'trust_id': None, 'trustor_id': None, 'trustee_id': None, 'domain_name': None, 'group_ids': [], 'user_id': '4a4022b49a50474eb9fc9404917c398d', 'user_domain_id': 'default', 'system_scope': 'all', 'project_id': None, 'project_domain_id': None, 'roles': ['admin', 'manager', 'member', 'reader'], 'is_admin_project': True, 'service_user_id': None, 'service_user_domain_id': None, 'service_project_id': None, 'service_project_domain_id': None, 'service_roles': []} {{(pid=67493) fill_context /opt/stack/keystone/keystone/server/flask/request_processing/middleware/auth_context.py:509}}
Jun 04 04:49:31 ubuntu devstack@keystone.service[67493]: DEBUG keystone.server.flask.request_processing.req_logging [None req-4c3814fd-9708-4eec-bdec-74e9862751e9 None admin] REQUEST_METHOD: `POST` {{(pid=67493) log_request_info /opt/stack/keystone/keystone/server/flask/request_processing/req_logging.py:26}}
Jun 04 04:49:31 ubuntu devstack@keystone.service[67493]: DEBUG keystone.server.flask.request_processing.req_logging [None req-4c3814fd-9708-4eec-bdec-74e9862751e9 None admin] SCRIPT_NAME: `/identity` {{(pid=67493) log_request_info /opt/stack/keystone/keystone/server/flask/request_processing/req_logging.py:27}}
Jun 04 04:49:31 ubuntu devstack@keystone.service[67493]: DEBUG keystone.server.flask.request_processing.req_logging [None req-4c3814fd-9708-4eec-bdec-74e9862751e9 None admin] PATH_INFO: `/v3/roles` {{(pid=67493) log_request_info /opt/stack/keystone/keystone/server/flask/request_processing/req_logging.py:28}}
Jun 04 04:49:31 ubuntu devstack@keystone.service[67493]: DEBUG keystone.common.rbac_enforcer.enforcer [None req-4c3814fd-9708-4eec-bdec-74e9862751e9 None admin] RBAC: Authorizing `identity:create_role()` {{(pid=67493) enforce_call /opt/stack/keystone/keystone/common/rbac_enforcer/enforcer.py:501}}
Jun 04 04:49:31 ubuntu devstack@keystone.service[67493]: DEBUG keystone.common.rbac_enforcer.enforcer [None req-4c3814fd-9708-4eec-bdec-74e9862751e9 None admin] RBAC: Authorization granted {{(pid=67493) enforce_call /opt/stack/keystone/keystone/common/rbac_enforcer/enforcer.py:512}}
Jun 04 04:49:31 ubuntu devstack@keystone.service[67494]: DEBUG keystone.server.flask.request_processing.middleware.auth_context [None req-d0de6bf3-cc59-47f2-bfa3-03a0fcf1a892 None admin] RBAC: auth_context: {'token': <TokenModel (audit_id=cXXUY7eLSPSZ_7Q4g3lpDQ, audit_chain_id=['cXXUY7eLSPSZ_7Q4g3lpDQ']) at 0x7916a6c8fb30>, 'domain_id': None, 'trust_id': None, 'trustor_id': None, 'trustee_id': None, 'domain_name': None, 'group_ids': [], 'user_id': '4a4022b49a50474eb9fc9404917c398d', 'user_domain_id': 'default', 'system_scope': 'all', 'project_id': None, 'project_domain_id': None, 'roles': ['admin', 'manager', 'member', 'reader'], 'is_admin_project': True, 'service_user_id': None, 'service_user_domain_id': None, 'service_project_id': None, 'service_project_domain_id': None, 'service_roles': []} {{(pid=67494) fill_context /opt/stack/keystone/keystone/server/flask/request_processing/middleware/auth_context.py:509}}
Jun 04 04:49:31 ubuntu devstack@keystone.service[67494]: DEBUG keystone.server.flask.request_processing.req_logging [None req-d0de6bf3-cc59-47f2-bfa3-03a0fcf1a892 None admin] REQUEST_METHOD: `GET` {{(pid=67494) log_request_info /opt/stack/keystone/keystone/server/flask/request_processing/req_logging.py:26}}
Jun 04 04:49:31 ubuntu devstack@keystone.service[67494]: DEBUG keystone.server.flask.request_processing.req_logging [None req-d0de6bf3-cc59-47f2-bfa3-03a0fcf1a892 None admin] SCRIPT_NAME: `/identity` {{(pid=67494) log_request_info /opt/stack/keystone/keystone/server/flask/request_processing/req_logging.py:27}}
Jun 04 04:49:31 ubuntu devstack@keystone.service[67494]: DEBUG keystone.server.flask.request_processing.req_logging [None req-d0de6bf3-cc59-47f2-bfa3-03a0fcf1a892 None admin] PATH_INFO: `/v3/users/4a4022b49a50474eb9fc9404917c398d` {{(pid=67494) log_request_info /opt/stack/keystone/keystone/server/flask/request_processing/req_logging.py:28}}
Jun 04 04:49:31 ubuntu devstack@keystone.service[67493]: DEBUG keystone.common.sql.core [None req-4c3814fd-9708-4eec-bdec-74e9862751e9 None admin] Conflict role: (pymysql.err.IntegrityError) (1062, "Duplicate entry 'service-<<null>>' for key 'role.ixu_role_name_domain_id'")
Jun 04 04:49:31 ubuntu devstack@keystone.service[67493]: [SQL: INSERT INTO `role` (id, name, description, extra) VALUES (%(id)s, %(name)s, %(description)s, %(extra)s)]
Jun 04 04:49:31 ubuntu devstack@keystone.service[67493]: [parameters: {'id': '2793d3d98d3045e2903a8d213c972716', 'name': 'service', 'description': None, 'extra': '{}'}]
Jun 04 04:49:31 ubuntu devstack@keystone.service[67493]: (Background on this error at: https://sqlalche.me/e/20/gkpj) {{(pid=67493) wrapper /opt/stack/keystone/keystone/common/sql/core.py:580}}
Jun 04 04:49:31 ubuntu devstack@keystone.service[67494]: DEBUG keystone.common.rbac_enforcer.enforcer [None req-d0de6bf3-cc59-47f2-bfa3-03a0fcf1a892 None admin] RBAC: Authorizing `identity:get_user(user_id=4a4022b49a50474eb9fc9404917c398d)` {{(pid=67494) enforce_call /opt/stack/keystone/keystone/common/rbac_enforcer/enforcer.py:501}}
Jun 04 04:49:31 ubuntu devstack@keystone.service[67494]: DEBUG keystone.common.rbac_enforcer.enforcer [None req-d0de6bf3-cc59-47f2-bfa3-03a0fcf1a892 None admin] RBAC: Authorization granted {{(pid=67494) enforce_call /opt/stack/keystone/keystone/common/rbac_enforcer/enforcer.py:512}}
Jun 04 04:49:31 ubuntu devstack@keystone.service[67494]: [pid: 67494|app: 0|req: 19/35] 10.120.125.137 () {58 vars in 1245 bytes} [Thu Jun  4 04:49:31 2026] GET /identity/v3/users/4a4022b49a50474eb9fc9404917c398d => generated 248 bytes in 66 msecs (HTTP/1.1 200) 5 headers in 177 bytes (1 switches on core 0)
Jun 04 04:49:31 ubuntu devstack@keystone.service[67494]: DEBUG keystone.server.flask.request_processing.req_logging [None req-d3971d44-0efa-4fc0-8b04-2650812d9732 None None] REQUEST_METHOD: `POST` {{(pid=67494) log_request_info /opt/stack/keystone/keystone/server/flask/request_processing/req_logging.py:26}}
Jun 04 04:49:31 ubuntu devstack@keystone.service[67494]: DEBUG keystone.server.flask.request_processing.req_logging [None req-d3971d44-0efa-4fc0-8b04-2650812d9732 None None] SCRIPT_NAME: `/identity` {{(pid=67494) log_request_info /opt/stack/keystone/keystone/server/flask/request_processing/req_logging.py:27}}
Jun 04 04:49:31 ubuntu devstack@keystone.service[67494]: DEBUG keystone.server.flask.request_processing.req_logging [None req-d3971d44-0efa-4fc0-8b04-2650812d9732 None None] PATH_INFO: `/v3/auth/tokens` {{(pid=67494) log_request_info /opt/stack/keystone/keystone/server/flask/request_processing/req_logging.py:28}}
Jun 04 04:49:31 ubuntu devstack@keystone.service[67494]: WARNING keystone.common.password_hashing [None req-d3971d44-0efa-4fc0-8b04-2650812d9732 None None] Truncating password to algorithm specific maximum length 72 characters.
Jun 04 04:49:31 ubuntu devstack@keystone.service[67493]: ERROR keystone.server.flask.application [None req-4c3814fd-9708-4eec-bdec-74e9862751e9 None admin] Conflict occurred attempting to store role - Duplicate entry found with name service.: keystone.exception.Conflict: Conflict occurred attempting to store role - Duplicate entry found with name service.
Jun 04 04:49:31 ubuntu devstack@keystone.service[67493]: ERROR keystone.server.flask.application Traceback (most recent call last):
Jun 04 04:49:31 ubuntu devstack@keystone.service[67493]: ERROR keystone.server.flask.application   File "/opt/stack/data/venv/lib/python3.12/site-packages/sqlalchemy/engine/base.py", line 1969, in _exec_single_context
Jun 04 04:49:31 ubuntu devstack@keystone.service[67493]: ERROR keystone.server.flask.application     self.dialect.do_execute(
Jun 04 04:49:31 ubuntu devstack@keystone.service[67493]: ERROR keystone.server.flask.application   File "/opt/stack/data/venv/lib/python3.12/site-packages/sqlalchemy/engine/default.py", line 952, in do_execute
Jun 04 04:49:31 ubuntu devstack@keystone.service[67493]: ERROR keystone.server.flask.application     cursor.execute(statement, parameters)
Jun 04 04:49:31 ubuntu devstack@keystone.service[67493]: ERROR keystone.server.flask.application   File "/opt/stack/data/venv/lib/python3.12/site-packages/pymysql/cursors.py", line 159, in execute
Jun 04 04:49:31 ubuntu devstack@keystone.service[67493]: ERROR keystone.server.flask.application     result = self._query(query)
Jun 04 04:49:31 ubuntu devstack@keystone.service[67493]: ERROR keystone.server.flask.application              ^^^^^^^^^^^^^^^^^^
Jun 04 04:49:31 ubuntu devstack@keystone.service[67493]: ERROR keystone.server.flask.application   File "/opt/stack/data/venv/lib/python3.12/site-packages/pymysql/cursors.py", line 330, in _query
Jun 04 04:49:31 ubuntu devstack@keystone.service[67493]: ERROR keystone.server.flask.application     conn.query(q)
Jun 04 04:49:31 ubuntu devstack@keystone.service[67493]: ERROR keystone.server.flask.application   File "/opt/stack/data/venv/lib/python3.12/site-packages/pymysql/connections.py", line 582, in query
Jun 04 04:49:31 ubuntu devstack@keystone.service[67493]: ERROR keystone.server.flask.application     self._affected_rows = self._read_query_result(unbuffered=unbuffered)
Jun 04 04:49:31 ubuntu devstack@keystone.service[67493]: ERROR keystone.server.flask.application                           ^^^^^^^^^^^^^^^^^^^^^^^^^^^^^^^^^^^^^^^^^^^^^^
Jun 04 04:49:31 ubuntu devstack@keystone.service[67493]: ERROR keystone.server.flask.application   File "/opt/stack/data/venv/lib/python3.12/site-packages/pymysql/connections.py", line 847, in _read_query_result
Jun 04 04:49:31 ubuntu devstack@keystone.service[67493]: ERROR keystone.server.flask.application     result.read()
Jun 04 04:49:31 ubuntu devstack@keystone.service[67493]: ERROR keystone.server.flask.application   File "/opt/stack/data/venv/lib/python3.12/site-packages/pymysql/connections.py", line 1245, in read
Jun 04 04:49:31 ubuntu devstack@keystone.service[67493]: ERROR keystone.server.flask.application     first_packet = self.connection._read_packet()
Jun 04 04:49:31 ubuntu devstack@keystone.service[67493]: ERROR keystone.server.flask.application                    ^^^^^^^^^^^^^^^^^^^^^^^^^^^^^^
Jun 04 04:49:31 ubuntu devstack@keystone.service[67493]: ERROR keystone.server.flask.application   File "/opt/stack/data/venv/lib/python3.12/site-packages/pymysql/connections.py", line 803, in _read_packet
Jun 04 04:49:31 ubuntu devstack@keystone.service[67493]: ERROR keystone.server.flask.application     packet.raise_for_error()
Jun 04 04:49:31 ubuntu devstack@keystone.service[67493]: ERROR keystone.server.flask.application   File "/opt/stack/data/venv/lib/python3.12/site-packages/pymysql/protocol.py", line 219, in raise_for_error
Jun 04 04:49:31 ubuntu devstack@keystone.service[67493]: ERROR keystone.server.flask.application     err.raise_mysql_exception(self._data)
Jun 04 04:49:31 ubuntu devstack@keystone.service[67493]: ERROR keystone.server.flask.application   File "/opt/stack/data/venv/lib/python3.12/site-packages/pymysql/err.py", line 154, in raise_mysql_exception
Jun 04 04:49:31 ubuntu devstack@keystone.service[67493]: ERROR keystone.server.flask.application     raise errorclass(errno, errval, sqlstate=sqlstate)
Jun 04 04:49:31 ubuntu devstack@keystone.service[67493]: ERROR keystone.server.flask.application pymysql.err.IntegrityError: (1062, "Duplicate entry 'service-<<null>>' for key 'role.ixu_role_name_domain_id'")
Jun 04 04:49:31 ubuntu devstack@keystone.service[67493]: ERROR keystone.server.flask.application 
Jun 04 04:49:31 ubuntu devstack@keystone.service[67493]: ERROR keystone.server.flask.application The above exception was the direct cause of the following exception:
Jun 04 04:49:31 ubuntu devstack@keystone.service[67493]: ERROR keystone.server.flask.application 
Jun 04 04:49:31 ubuntu devstack@keystone.service[67493]: ERROR keystone.server.flask.application Traceback (most recent call last):
Jun 04 04:49:31 ubuntu devstack@keystone.service[67493]: ERROR keystone.server.flask.application   File "/opt/stack/keystone/keystone/common/sql/core.py", line 575, in wrapper
Jun 04 04:49:31 ubuntu devstack@keystone.service[67493]: ERROR keystone.server.flask.application     return method(*args, **kwargs)
Jun 04 04:49:31 ubuntu devstack@keystone.service[67493]: ERROR keystone.server.flask.application            ^^^^^^^^^^^^^^^^^^^^^^^
Jun 04 04:49:31 ubuntu devstack@keystone.service[67493]: ERROR keystone.server.flask.application   File "/opt/stack/keystone/keystone/assignment/role_backends/sql.py", line 25, in create_role
Jun 04 04:49:31 ubuntu devstack@keystone.service[67493]: ERROR keystone.server.flask.application     with sql.session_for_write() as session:
Jun 04 04:49:31 ubuntu devstack@keystone.service[67493]: ERROR keystone.server.flask.application   File "/usr/lib/python3.12/contextlib.py", line 144, in __exit__
Jun 04 04:49:31 ubuntu devstack@keystone.service[67493]: ERROR keystone.server.flask.application     next(self.gen)
Jun 04 04:49:31 ubuntu devstack@keystone.service[67493]: ERROR keystone.server.flask.application   File "/opt/stack/data/venv/lib/python3.12/site-packages/oslo_db/sqlalchemy/enginefacade.py", line 1175, in _transaction_scope
Jun 04 04:49:31 ubuntu devstack@keystone.service[67493]: ERROR keystone.server.flask.application     with current._produce_block(
Jun 04 04:49:31 ubuntu devstack@keystone.service[67493]: ERROR keystone.server.flask.application   File "/usr/lib/python3.12/contextlib.py", line 144, in __exit__
Jun 04 04:49:31 ubuntu devstack@keystone.service[67493]: ERROR keystone.server.flask.application     next(self.gen)
Jun 04 04:49:31 ubuntu devstack@keystone.service[67493]: ERROR keystone.server.flask.application   File "/opt/stack/data/venv/lib/python3.12/site-packages/oslo_db/sqlalchemy/enginefacade.py", line 837, in _session
Jun 04 04:49:31 ubuntu devstack@keystone.service[67493]: ERROR keystone.server.flask.application     with excutils.save_and_reraise_exception():
Jun 04 04:49:31 ubuntu devstack@keystone.service[67493]: ERROR keystone.server.flask.application   File "/opt/stack/data/venv/lib/python3.12/site-packages/oslo_utils/excutils.py", line 266, in __exit__
Jun 04 04:49:31 ubuntu devstack@keystone.service[67493]: ERROR keystone.server.flask.application     self.force_reraise()
Jun 04 04:49:31 ubuntu devstack@keystone.service[67493]: ERROR keystone.server.flask.application   File "/opt/stack/data/venv/lib/python3.12/site-packages/oslo_utils/excutils.py", line 232, in force_reraise
Jun 04 04:49:31 ubuntu devstack@keystone.service[67493]: ERROR keystone.server.flask.application     raise self.value
Jun 04 04:49:31 ubuntu devstack@keystone.service[67493]: ERROR keystone.server.flask.application   File "/opt/stack/data/venv/lib/python3.12/site-packages/oslo_db/sqlalchemy/enginefacade.py", line 835, in _session
Jun 04 04:49:31 ubuntu devstack@keystone.service[67493]: ERROR keystone.server.flask.application     self._end_session_transaction(self.session)
Jun 04 04:49:31 ubuntu devstack@keystone.service[67493]: ERROR keystone.server.flask.application   File "/opt/stack/data/venv/lib/python3.12/site-packages/oslo_db/sqlalchemy/enginefacade.py", line 748, in _end_session_transaction
Jun 04 04:49:31 ubuntu devstack@keystone.service[67493]: ERROR keystone.server.flask.application     session.commit()
Jun 04 04:49:31 ubuntu devstack@keystone.service[67493]: ERROR keystone.server.flask.application   File "/opt/stack/data/venv/lib/python3.12/site-packages/sqlalchemy/orm/session.py", line 2034, in commit
Jun 04 04:49:31 ubuntu devstack@keystone.service[67493]: ERROR keystone.server.flask.application     trans.commit(_to_root=True)
Jun 04 04:49:31 ubuntu devstack@keystone.service[67493]: ERROR keystone.server.flask.application   File "<string>", line 2, in commit
Jun 04 04:49:31 ubuntu devstack@keystone.service[67493]: ERROR keystone.server.flask.application   File "/opt/stack/data/venv/lib/python3.12/site-packages/sqlalchemy/orm/state_changes.py", line 137, in _go
Jun 04 04:49:31 ubuntu devstack@keystone.service[67493]: ERROR keystone.server.flask.application     ret_value = fn(self, *arg, **kw)
Jun 04 04:49:31 ubuntu devstack@keystone.service[67493]: ERROR keystone.server.flask.application                 ^^^^^^^^^^^^^^^^^^^^
Jun 04 04:49:31 ubuntu devstack@keystone.service[67493]: ERROR keystone.server.flask.application   File "/opt/stack/data/venv/lib/python3.12/site-packages/sqlalchemy/orm/session.py", line 1315, in commit
Jun 04 04:49:31 ubuntu devstack@keystone.service[67493]: ERROR keystone.server.flask.application     self._prepare_impl()
Jun 04 04:49:31 ubuntu devstack@keystone.service[67493]: ERROR keystone.server.flask.application   File "<string>", line 2, in _prepare_impl
Jun 04 04:49:31 ubuntu devstack@keystone.service[67493]: ERROR keystone.server.flask.application   File "/opt/stack/data/venv/lib/python3.12/site-packages/sqlalchemy/orm/state_changes.py", line 137, in _go
Jun 04 04:49:31 ubuntu devstack@keystone.service[67493]: ERROR keystone.server.flask.application     ret_value = fn(self, *arg, **kw)
Jun 04 04:49:31 ubuntu devstack@keystone.service[67493]: ERROR keystone.server.flask.application                 ^^^^^^^^^^^^^^^^^^^^
Jun 04 04:49:31 ubuntu devstack@keystone.service[67493]: ERROR keystone.server.flask.application   File "/opt/stack/data/venv/lib/python3.12/site-packages/sqlalchemy/orm/session.py", line 1290, in _prepare_impl
Jun 04 04:49:31 ubuntu devstack@keystone.service[67493]: ERROR keystone.server.flask.application     self.session.flush()
Jun 04 04:49:31 ubuntu devstack@keystone.service[67493]: ERROR keystone.server.flask.application   File "/opt/stack/data/venv/lib/python3.12/site-packages/sqlalchemy/orm/session.py", line 4352, in flush
Jun 04 04:49:31 ubuntu devstack@keystone.service[67493]: ERROR keystone.server.flask.application     self._flush(objects)
Jun 04 04:49:31 ubuntu devstack@keystone.service[67493]: ERROR keystone.server.flask.application   File "/opt/stack/data/venv/lib/python3.12/site-packages/sqlalchemy/orm/session.py", line 4487, in _flush
Jun 04 04:49:31 ubuntu devstack@keystone.service[67493]: ERROR keystone.server.flask.application     with util.safe_reraise():
Jun 04 04:49:31 ubuntu devstack@keystone.service[67493]: ERROR keystone.server.flask.application   File "/opt/stack/data/venv/lib/python3.12/site-packages/sqlalchemy/util/langhelpers.py", line 122, in __exit__
Jun 04 04:49:31 ubuntu devstack@keystone.service[67493]: ERROR keystone.server.flask.application     raise exc_value.with_traceback(exc_tb)
Jun 04 04:49:31 ubuntu devstack@keystone.service[67493]: ERROR keystone.server.flask.application   File "/opt/stack/data/venv/lib/python3.12/site-packages/sqlalchemy/orm/session.py", line 4448, in _flush
Jun 04 04:49:31 ubuntu devstack@keystone.service[67493]: ERROR keystone.server.flask.application     flush_context.execute()
Jun 04 04:49:31 ubuntu devstack@keystone.service[67493]: ERROR keystone.server.flask.application   File "/opt/stack/data/venv/lib/python3.12/site-packages/sqlalchemy/orm/unitofwork.py", line 465, in execute
Jun 04 04:49:31 ubuntu devstack@keystone.service[67493]: ERROR keystone.server.flask.application     rec.execute(self)
Jun 04 04:49:31 ubuntu devstack@keystone.service[67493]: ERROR keystone.server.flask.application   File "/opt/stack/data/venv/lib/python3.12/site-packages/sqlalchemy/orm/unitofwork.py", line 641, in execute
