Jul 29 02:42:58 jammy-provider-cloud-0000007423 systemd[1]: Starting Devstack devstack@g-api.service...
Jul 29 02:42:58 jammy-provider-cloud-0000007423 devstack@g-api.service[103560]: [uWSGI] getting INI configuration from /etc/glance/glance-uwsgi.ini
Jul 29 02:42:58 jammy-provider-cloud-0000007423 devstack@g-api.service[103560]: *** Starting uWSGI 2.0.20-debian (64bit) on [Mon Jul 29 02:42:58 2024] ***
Jul 29 02:42:58 jammy-provider-cloud-0000007423 devstack@g-api.service[103560]: compiled with version: 11.2.0 on 21 March 2022 11:00:44
Jul 29 02:42:58 jammy-provider-cloud-0000007423 devstack@g-api.service[103560]: os: Linux-5.15.0-107-generic #117-Ubuntu SMP Fri Apr 26 12:26:49 UTC 2024
Jul 29 02:42:58 jammy-provider-cloud-0000007423 devstack@g-api.service[103560]: nodename: jammy-provider-cloud-0000007423
Jul 29 02:42:58 jammy-provider-cloud-0000007423 devstack@g-api.service[103560]: machine: x86_64
Jul 29 02:42:58 jammy-provider-cloud-0000007423 devstack@g-api.service[103560]: clock source: unix
Jul 29 02:42:58 jammy-provider-cloud-0000007423 devstack@g-api.service[103560]: pcre jit disabled
Jul 29 02:42:58 jammy-provider-cloud-0000007423 devstack@g-api.service[103560]: detected number of CPU cores: 4
Jul 29 02:42:58 jammy-provider-cloud-0000007423 devstack@g-api.service[103560]: current working directory: /
Jul 29 02:42:58 jammy-provider-cloud-0000007423 devstack@g-api.service[103560]: detected binary path: /usr/bin/uwsgi-core
Jul 29 02:42:58 jammy-provider-cloud-0000007423 devstack@g-api.service[103560]: your processes number limit is 31298
Jul 29 02:42:58 jammy-provider-cloud-0000007423 devstack@g-api.service[103560]: your memory page size is 4096 bytes
Jul 29 02:42:58 jammy-provider-cloud-0000007423 devstack@g-api.service[103560]: detected max file descriptor number: 2048
Jul 29 02:42:58 jammy-provider-cloud-0000007423 devstack@g-api.service[103560]: lock engine: pthread robust mutexes
Jul 29 02:42:58 jammy-provider-cloud-0000007423 devstack@g-api.service[103560]: thunder lock: enabled
Jul 29 02:42:58 jammy-provider-cloud-0000007423 devstack@g-api.service[103560]: uwsgi socket 0 bound to TCP address 127.0.0.1:60999 fd 4
Jul 29 02:42:58 jammy-provider-cloud-0000007423 devstack@g-api.service[103560]: Python version: 3.10.12 (main, Mar 22 2024, 16:50:05) [GCC 11.4.0]
Jul 29 02:42:58 jammy-provider-cloud-0000007423 devstack@g-api.service[103560]: PEP 405 virtualenv detected: /opt/stack/data/venv
Jul 29 02:42:58 jammy-provider-cloud-0000007423 devstack@g-api.service[103560]: Set PythonHome to /opt/stack/data/venv
Jul 29 02:42:58 jammy-provider-cloud-0000007423 devstack@g-api.service[103560]: Python main interpreter initialized at 0x55b131ba6e00
Jul 29 02:42:58 jammy-provider-cloud-0000007423 devstack@g-api.service[103560]: python threads support enabled
Jul 29 02:42:58 jammy-provider-cloud-0000007423 devstack@g-api.service[103560]: your server socket listen backlog is limited to 100 connections
Jul 29 02:42:58 jammy-provider-cloud-0000007423 devstack@g-api.service[103560]: your mercy for graceful operations on workers is 80 seconds
Jul 29 02:42:58 jammy-provider-cloud-0000007423 devstack@g-api.service[103560]: mapped 403077 bytes (393 KB) for 2 cores
Jul 29 02:42:58 jammy-provider-cloud-0000007423 devstack@g-api.service[103560]: *** Operational MODE: preforking ***
Jul 29 02:42:58 jammy-provider-cloud-0000007423 devstack@g-api.service[103560]: *** uWSGI is running in multiple interpreter mode ***
Jul 29 02:42:58 jammy-provider-cloud-0000007423 devstack@g-api.service[103560]: spawned uWSGI master process (pid: 103560)
Jul 29 02:42:58 jammy-provider-cloud-0000007423 systemd[1]: Started Devstack devstack@g-api.service.
Jul 29 02:42:58 jammy-provider-cloud-0000007423 devstack@g-api.service[103560]: spawned uWSGI worker 1 (pid: 103561, cores: 1)
Jul 29 02:42:58 jammy-provider-cloud-0000007423 devstack@g-api.service[103560]: spawned uWSGI worker 2 (pid: 103562, cores: 1)
Jul 29 02:42:58 jammy-provider-cloud-0000007423 devstack@g-api.service[103560]: running "unix_signal:15 gracefully_kill_them_all" (master-start)...
Jul 29 02:42:59 jammy-provider-cloud-0000007423 devstack@g-api.service[103562]: INFO glance.async_ [-] Threadpool model set to 'NativeThreadPoolModel'
Jul 29 02:42:59 jammy-provider-cloud-0000007423 devstack@g-api.service[103561]: INFO glance.async_ [-] Threadpool model set to 'NativeThreadPoolModel'
Jul 29 02:42:59 jammy-provider-cloud-0000007423 devstack@g-api.service[103562]: DEBUG oslo_concurrency.processutils [-] Running cmd (subprocess): grep -F node.session.scan /sbin/iscsiadm {{(pid=103562) execute /opt/stack/data/venv/lib/python3.10/site-packages/oslo_concurrency/processutils.py:390}}
Jul 29 02:42:59 jammy-provider-cloud-0000007423 devstack@g-api.service[103562]: DEBUG oslo_concurrency.processutils [-] CMD "grep -F node.session.scan /sbin/iscsiadm" returned: 0 in 0.008s {{(pid=103562) execute /opt/stack/data/venv/lib/python3.10/site-packages/oslo_concurrency/processutils.py:428}}
Jul 29 02:42:59 jammy-provider-cloud-0000007423 devstack@g-api.service[103561]: DEBUG oslo_concurrency.processutils [-] Running cmd (subprocess): grep -F node.session.scan /sbin/iscsiadm {{(pid=103561) execute /opt/stack/data/venv/lib/python3.10/site-packages/oslo_concurrency/processutils.py:390}}
Jul 29 02:42:59 jammy-provider-cloud-0000007423 devstack@g-api.service[103561]: DEBUG oslo_concurrency.processutils [-] CMD "grep -F node.session.scan /sbin/iscsiadm" returned: 0 in 0.007s {{(pid=103561) execute /opt/stack/data/venv/lib/python3.10/site-packages/oslo_concurrency/processutils.py:428}}
Jul 29 02:42:59 jammy-provider-cloud-0000007423 devstack@g-api.service[103562]: DEBUG glance_store.common.attachment_state_manager [-] Initialising _AttachmentStateManager {{(pid=103562) __init__ /opt/stack/data/venv/lib/python3.10/site-packages/glance_store/common/attachment_state_manager.py:86}}
Jul 29 02:42:59 jammy-provider-cloud-0000007423 devstack@g-api.service[103561]: DEBUG glance_store.common.attachment_state_manager [-] Initialising _AttachmentStateManager {{(pid=103561) __init__ /opt/stack/data/venv/lib/python3.10/site-packages/glance_store/common/attachment_state_manager.py:86}}
Jul 29 02:42:59 jammy-provider-cloud-0000007423 devstack@g-api.service[103562]: DEBUG glance_store.backend [-] Attempting to import store cinder {{(pid=103562) _load_store /opt/stack/data/venv/lib/python3.10/site-packages/glance_store/backend.py:216}}
Jul 29 02:42:59 jammy-provider-cloud-0000007423 devstack@g-api.service[103562]: DEBUG glance_store.backend [-] Attempting to import store file {{(pid=103562) _load_store /opt/stack/data/venv/lib/python3.10/site-packages/glance_store/backend.py:216}}
Jul 29 02:42:59 jammy-provider-cloud-0000007423 devstack@g-api.service[103562]: DEBUG glance_store.backend [-] Attempting to import store glance.store.cinder.Store {{(pid=103562) _load_store /opt/stack/data/venv/lib/python3.10/site-packages/glance_store/backend.py:216}}
Jul 29 02:42:59 jammy-provider-cloud-0000007423 devstack@g-api.service[103562]: DEBUG glance_store.backend [-] Attempting to import store glance.store.filesystem.Store {{(pid=103562) _load_store /opt/stack/data/venv/lib/python3.10/site-packages/glance_store/backend.py:216}}
Jul 29 02:42:59 jammy-provider-cloud-0000007423 devstack@g-api.service[103562]: DEBUG glance_store.backend [-] Attempting to import store glance.store.http.Store {{(pid=103562) _load_store /opt/stack/data/venv/lib/python3.10/site-packages/glance_store/backend.py:216}}
Jul 29 02:42:59 jammy-provider-cloud-0000007423 devstack@g-api.service[103562]: DEBUG glance_store.backend [-] Attempting to import store glance.store.rbd.Store {{(pid=103562) _load_store /opt/stack/data/venv/lib/python3.10/site-packages/glance_store/backend.py:216}}
Jul 29 02:42:59 jammy-provider-cloud-0000007423 devstack@g-api.service[103562]: DEBUG glance_store.backend [-] Attempting to import store glance.store.s3.Store {{(pid=103562) _load_store /opt/stack/data/venv/lib/python3.10/site-packages/glance_store/backend.py:216}}
Jul 29 02:42:59 jammy-provider-cloud-0000007423 devstack@g-api.service[103562]: DEBUG glance_store.backend [-] Attempting to import store glance.store.swift.Store {{(pid=103562) _load_store /opt/stack/data/venv/lib/python3.10/site-packages/glance_store/backend.py:216}}
Jul 29 02:42:59 jammy-provider-cloud-0000007423 devstack@g-api.service[103562]: DEBUG glance_store.backend [-] Attempting to import store glance.store.vmware_datastore.Store {{(pid=103562) _load_store /opt/stack/data/venv/lib/python3.10/site-packages/glance_store/backend.py:216}}
Jul 29 02:42:59 jammy-provider-cloud-0000007423 devstack@g-api.service[103562]: DEBUG glance_store.backend [-] Attempting to import store http {{(pid=103562) _load_store /opt/stack/data/venv/lib/python3.10/site-packages/glance_store/backend.py:216}}
Jul 29 02:42:59 jammy-provider-cloud-0000007423 devstack@g-api.service[103562]: DEBUG glance_store.backend [-] Attempting to import store no_conf {{(pid=103562) _load_store /opt/stack/data/venv/lib/python3.10/site-packages/glance_store/backend.py:216}}
Jul 29 02:42:59 jammy-provider-cloud-0000007423 devstack@g-api.service[103562]: DEBUG glance_store.backend [-] Attempting to import store rbd {{(pid=103562) _load_store /opt/stack/data/venv/lib/python3.10/site-packages/glance_store/backend.py:216}}
Jul 29 02:42:59 jammy-provider-cloud-0000007423 devstack@g-api.service[103562]: DEBUG glance_store.backend [-] Attempting to import store s3 {{(pid=103562) _load_store /opt/stack/data/venv/lib/python3.10/site-packages/glance_store/backend.py:216}}
Jul 29 02:42:59 jammy-provider-cloud-0000007423 devstack@g-api.service[103562]: DEBUG glance_store.backend [-] Attempting to import store swift {{(pid=103562) _load_store /opt/stack/data/venv/lib/python3.10/site-packages/glance_store/backend.py:216}}
Jul 29 02:42:59 jammy-provider-cloud-0000007423 devstack@g-api.service[103562]: DEBUG glance_store.backend [-] Attempting to import store vmware {{(pid=103562) _load_store /opt/stack/data/venv/lib/python3.10/site-packages/glance_store/backend.py:216}}
Jul 29 02:42:59 jammy-provider-cloud-0000007423 devstack@g-api.service[103562]: DEBUG glance_store.backend [-] Registering options for group glance_store {{(pid=103562) register_opts /opt/stack/data/venv/lib/python3.10/site-packages/glance_store/backend.py:145}}
Jul 29 02:42:59 jammy-provider-cloud-0000007423 devstack@g-api.service[103562]: DEBUG glance_store.backend [-] Registering options for group glance_store {{(pid=103562) register_opts /opt/stack/data/venv/lib/python3.10/site-packages/glance_store/backend.py:145}}
Jul 29 02:42:59 jammy-provider-cloud-0000007423 devstack@g-api.service[103562]: DEBUG glance_store.backend [-] Attempting to import store file {{(pid=103562) _load_store /opt/stack/data/venv/lib/python3.10/site-packages/glance_store/backend.py:216}}
Jul 29 02:42:59 jammy-provider-cloud-0000007423 devstack@g-api.service[103562]: DEBUG glance_store.capabilities [-] Store glance_store._drivers.filesystem.Store doesn't support updating dynamic storage capabilities. Please overwrite 'update_capabilities' method of the store to implement updating logics if needed. {{(pid=103562) update_capabilities /opt/stack/data/venv/lib/python3.10/site-packages/glance_store/capabilities.py:91}}
Jul 29 02:42:59 jammy-provider-cloud-0000007423 devstack@g-api.service[103562]: DEBUG glance_store.backend [-] Registering store file with schemes ('file', 'filesystem') {{(pid=103562) create_stores /opt/stack/data/venv/lib/python3.10/site-packages/glance_store/backend.py:262}}
Jul 29 02:42:59 jammy-provider-cloud-0000007423 devstack@g-api.service[103562]: DEBUG glance_store.driver [-] Late loading location class glance_store._drivers.filesystem.StoreLocation {{(pid=103562) get_store_location_class /opt/stack/data/venv/lib/python3.10/site-packages/glance_store/driver.py:133}}
Jul 29 02:42:59 jammy-provider-cloud-0000007423 devstack@g-api.service[103562]: DEBUG glance_store.location [-] Registering scheme file with {'store': <glance_store._drivers.filesystem.Store object at 0x7f5865255540>, 'location_class': <class 'glance_store._drivers.filesystem.StoreLocation'>, 'store_entry': 'file'} {{(pid=103562) register_scheme_map /opt/stack/data/venv/lib/python3.10/site-packages/glance_store/location.py:146}}
Jul 29 02:42:59 jammy-provider-cloud-0000007423 devstack@g-api.service[103562]: DEBUG glance_store.location [-] Registering scheme filesystem with {'store': <glance_store._drivers.filesystem.Store object at 0x7f5865255540>, 'location_class': <class 'glance_store._drivers.filesystem.StoreLocation'>, 'store_entry': 'file'} {{(pid=103562) register_scheme_map /opt/stack/data/venv/lib/python3.10/site-packages/glance_store/location.py:146}}
Jul 29 02:42:59 jammy-provider-cloud-0000007423 devstack@g-api.service[103562]: DEBUG glance_store.backend [-] Attempting to import store http {{(pid=103562) _load_store /opt/stack/data/venv/lib/python3.10/site-packages/glance_store/backend.py:216}}
Jul 29 02:42:59 jammy-provider-cloud-0000007423 devstack@g-api.service[103562]: DEBUG glance_store.capabilities [-] Store glance_store._drivers.http.Store doesn't support updating dynamic storage capabilities. Please overwrite 'update_capabilities' method of the store to implement updating logics if needed. {{(pid=103562) update_capabilities /opt/stack/data/venv/lib/python3.10/site-packages/glance_store/capabilities.py:91}}
Jul 29 02:42:59 jammy-provider-cloud-0000007423 devstack@g-api.service[103562]: DEBUG glance_store.backend [-] Registering store http with schemes ('http', 'https') {{(pid=103562) create_stores /opt/stack/data/venv/lib/python3.10/site-packages/glance_store/backend.py:262}}
Jul 29 02:42:59 jammy-provider-cloud-0000007423 devstack@g-api.service[103562]: DEBUG glance_store.driver [-] Late loading location class glance_store._drivers.http.StoreLocation {{(pid=103562) get_store_location_class /opt/stack/data/venv/lib/python3.10/site-packages/glance_store/driver.py:133}}
Jul 29 02:42:59 jammy-provider-cloud-0000007423 devstack@g-api.service[103562]: DEBUG glance_store.location [-] Registering scheme http with {'store': <glance_store._drivers.http.Store object at 0x7f58657b8fa0>, 'location_class': <class 'glance_store._drivers.http.StoreLocation'>, 'store_entry': 'http'} {{(pid=103562) register_scheme_map /opt/stack/data/venv/lib/python3.10/site-packages/glance_store/location.py:146}}
Jul 29 02:42:59 jammy-provider-cloud-0000007423 devstack@g-api.service[103562]: DEBUG glance_store.location [-] Registering scheme https with {'store': <glance_store._drivers.http.Store object at 0x7f58657b8fa0>, 'location_class': <class 'glance_store._drivers.http.StoreLocation'>, 'store_entry': 'http'} {{(pid=103562) register_scheme_map /opt/stack/data/venv/lib/python3.10/site-packages/glance_store/location.py:146}}
Jul 29 02:42:59 jammy-provider-cloud-0000007423 devstack@g-api.service[103562]: DEBUG glance.sqlite_migration [-] SQLite caching database not located, skipping migration {{(pid=103562) get_db_path /opt/stack/glance/glance/sqlite_migration.py:68}}
Jul 29 02:42:59 jammy-provider-cloud-0000007423 devstack@g-api.service[103562]: WARNING glance.common.wsgi_app [-] Import methods are enabled but staging directory /tmp/staging/ does not exist; Imports will fail!
Jul 29 02:42:59 jammy-provider-cloud-0000007423 devstack@g-api.service[103561]: DEBUG glance_store.backend [-] Attempting to import store cinder {{(pid=103561) _load_store /opt/stack/data/venv/lib/python3.10/site-packages/glance_store/backend.py:216}}
Jul 29 02:42:59 jammy-provider-cloud-0000007423 devstack@g-api.service[103561]: DEBUG glance_store.backend [-] Attempting to import store file {{(pid=103561) _load_store /opt/stack/data/venv/lib/python3.10/site-packages/glance_store/backend.py:216}}
Jul 29 02:42:59 jammy-provider-cloud-0000007423 devstack@g-api.service[103561]: DEBUG glance_store.backend [-] Attempting to import store glance.store.cinder.Store {{(pid=103561) _load_store /opt/stack/data/venv/lib/python3.10/site-packages/glance_store/backend.py:216}}
Jul 29 02:42:59 jammy-provider-cloud-0000007423 devstack@g-api.service[103561]: DEBUG glance_store.backend [-] Attempting to import store glance.store.filesystem.Store {{(pid=103561) _load_store /opt/stack/data/venv/lib/python3.10/site-packages/glance_store/backend.py:216}}
Jul 29 02:42:59 jammy-provider-cloud-0000007423 devstack@g-api.service[103561]: DEBUG glance_store.backend [-] Attempting to import store glance.store.http.Store {{(pid=103561) _load_store /opt/stack/data/venv/lib/python3.10/site-packages/glance_store/backend.py:216}}
Jul 29 02:42:59 jammy-provider-cloud-0000007423 devstack@g-api.service[103561]: DEBUG glance_store.backend [-] Attempting to import store glance.store.rbd.Store {{(pid=103561) _load_store /opt/stack/data/venv/lib/python3.10/site-packages/glance_store/backend.py:216}}
Jul 29 02:42:59 jammy-provider-cloud-0000007423 devstack@g-api.service[103561]: DEBUG glance_store.backend [-] Attempting to import store glance.store.s3.Store {{(pid=103561) _load_store /opt/stack/data/venv/lib/python3.10/site-packages/glance_store/backend.py:216}}
Jul 29 02:42:59 jammy-provider-cloud-0000007423 devstack@g-api.service[103561]: DEBUG glance_store.backend [-] Attempting to import store glance.store.swift.Store {{(pid=103561) _load_store /opt/stack/data/venv/lib/python3.10/site-packages/glance_store/backend.py:216}}
Jul 29 02:42:59 jammy-provider-cloud-0000007423 devstack@g-api.service[103561]: DEBUG glance_store.backend [-] Attempting to import store glance.store.vmware_datastore.Store {{(pid=103561) _load_store /opt/stack/data/venv/lib/python3.10/site-packages/glance_store/backend.py:216}}
Jul 29 02:42:59 jammy-provider-cloud-0000007423 devstack@g-api.service[103561]: DEBUG glance_store.backend [-] Attempting to import store http {{(pid=103561) _load_store /opt/stack/data/venv/lib/python3.10/site-packages/glance_store/backend.py:216}}
Jul 29 02:42:59 jammy-provider-cloud-0000007423 devstack@g-api.service[103561]: DEBUG glance_store.backend [-] Attempting to import store no_conf {{(pid=103561) _load_store /opt/stack/data/venv/lib/python3.10/site-packages/glance_store/backend.py:216}}
Jul 29 02:42:59 jammy-provider-cloud-0000007423 devstack@g-api.service[103561]: DEBUG glance_store.backend [-] Attempting to import store rbd {{(pid=103561) _load_store /opt/stack/data/venv/lib/python3.10/site-packages/glance_store/backend.py:216}}
Jul 29 02:42:59 jammy-provider-cloud-0000007423 devstack@g-api.service[103561]: DEBUG glance_store.backend [-] Attempting to import store s3 {{(pid=103561) _load_store /opt/stack/data/venv/lib/python3.10/site-packages/glance_store/backend.py:216}}
Jul 29 02:42:59 jammy-provider-cloud-0000007423 devstack@g-api.service[103561]: DEBUG glance_store.backend [-] Attempting to import store swift {{(pid=103561) _load_store /opt/stack/data/venv/lib/python3.10/site-packages/glance_store/backend.py:216}}
Jul 29 02:42:59 jammy-provider-cloud-0000007423 devstack@g-api.service[103561]: DEBUG glance_store.backend [-] Attempting to import store vmware {{(pid=103561) _load_store /opt/stack/data/venv/lib/python3.10/site-packages/glance_store/backend.py:216}}
Jul 29 02:42:59 jammy-provider-cloud-0000007423 devstack@g-api.service[103561]: DEBUG glance_store.backend [-] Registering options for group glance_store {{(pid=103561) register_opts /opt/stack/data/venv/lib/python3.10/site-packages/glance_store/backend.py:145}}
Jul 29 02:42:59 jammy-provider-cloud-0000007423 devstack@g-api.service[103561]: DEBUG glance_store.backend [-] Registering options for group glance_store {{(pid=103561) register_opts /opt/stack/data/venv/lib/python3.10/site-packages/glance_store/backend.py:145}}
Jul 29 02:42:59 jammy-provider-cloud-0000007423 devstack@g-api.service[103561]: DEBUG glance_store.backend [-] Attempting to import store file {{(pid=103561) _load_store /opt/stack/data/venv/lib/python3.10/site-packages/glance_store/backend.py:216}}
Jul 29 02:42:59 jammy-provider-cloud-0000007423 devstack@g-api.service[103561]: DEBUG glance_store.capabilities [-] Store glance_store._drivers.filesystem.Store doesn't support updating dynamic storage capabilities. Please overwrite 'update_capabilities' method of the store to implement updating logics if needed. {{(pid=103561) update_capabilities /opt/stack/data/venv/lib/python3.10/site-packages/glance_store/capabilities.py:91}}
Jul 29 02:42:59 jammy-provider-cloud-0000007423 devstack@g-api.service[103561]: DEBUG glance_store.backend [-] Registering store file with schemes ('file', 'filesystem') {{(pid=103561) create_stores /opt/stack/data/venv/lib/python3.10/site-packages/glance_store/backend.py:262}}
Jul 29 02:42:59 jammy-provider-cloud-0000007423 devstack@g-api.service[103561]: DEBUG glance_store.driver [-] Late loading location class glance_store._drivers.filesystem.StoreLocation {{(pid=103561) get_store_location_class /opt/stack/data/venv/lib/python3.10/site-packages/glance_store/driver.py:133}}
Jul 29 02:42:59 jammy-provider-cloud-0000007423 devstack@g-api.service[103561]: DEBUG glance_store.location [-] Registering scheme file with {'store': <glance_store._drivers.filesystem.Store object at 0x7f58657db880>, 'location_class': <class 'glance_store._drivers.filesystem.StoreLocation'>, 'store_entry': 'file'} {{(pid=103561) register_scheme_map /opt/stack/data/venv/lib/python3.10/site-packages/glance_store/location.py:146}}
Jul 29 02:42:59 jammy-provider-cloud-0000007423 devstack@g-api.service[103561]: DEBUG glance_store.location [-] Registering scheme filesystem with {'store': <glance_store._drivers.filesystem.Store object at 0x7f58657db880>, 'location_class': <class 'glance_store._drivers.filesystem.StoreLocation'>, 'store_entry': 'file'} {{(pid=103561) register_scheme_map /opt/stack/data/venv/lib/python3.10/site-packages/glance_store/location.py:146}}
Jul 29 02:42:59 jammy-provider-cloud-0000007423 devstack@g-api.service[103561]: DEBUG glance_store.backend [-] Attempting to import store http {{(pid=103561) _load_store /opt/stack/data/venv/lib/python3.10/site-packages/glance_store/backend.py:216}}
Jul 29 02:42:59 jammy-provider-cloud-0000007423 devstack@g-api.service[103561]: DEBUG glance_store.capabilities [-] Store glance_store._drivers.http.Store doesn't support updating dynamic storage capabilities. Please overwrite 'update_capabilities' method of the store to implement updating logics if needed. {{(pid=103561) update_capabilities /opt/stack/data/venv/lib/python3.10/site-packages/glance_store/capabilities.py:91}}
Jul 29 02:42:59 jammy-provider-cloud-0000007423 devstack@g-api.service[103561]: DEBUG glance_store.backend [-] Registering store http with schemes ('http', 'https') {{(pid=103561) create_stores /opt/stack/data/venv/lib/python3.10/site-packages/glance_store/backend.py:262}}
Jul 29 02:42:59 jammy-provider-cloud-0000007423 devstack@g-api.service[103561]: DEBUG glance_store.driver [-] Late loading location class glance_store._drivers.http.StoreLocation {{(pid=103561) get_store_location_class /opt/stack/data/venv/lib/python3.10/site-packages/glance_store/driver.py:133}}
Jul 29 02:42:59 jammy-provider-cloud-0000007423 devstack@g-api.service[103561]: DEBUG glance_store.location [-] Registering scheme http with {'store': <glance_store._drivers.http.Store object at 0x7f58657da320>, 'location_class': <class 'glance_store._drivers.http.StoreLocation'>, 'store_entry': 'http'} {{(pid=103561) register_scheme_map /opt/stack/data/venv/lib/python3.10/site-packages/glance_store/location.py:146}}
Jul 29 02:42:59 jammy-provider-cloud-0000007423 devstack@g-api.service[103561]: DEBUG glance_store.location [-] Registering scheme https with {'store': <glance_store._drivers.http.Store object at 0x7f58657da320>, 'location_class': <class 'glance_store._drivers.http.StoreLocation'>, 'store_entry': 'http'} {{(pid=103561) register_scheme_map /opt/stack/data/venv/lib/python3.10/site-packages/glance_store/location.py:146}}
Jul 29 02:42:59 jammy-provider-cloud-0000007423 devstack@g-api.service[103561]: DEBUG glance.sqlite_migration [-] SQLite caching database not located, skipping migration {{(pid=103561) get_db_path /opt/stack/glance/glance/sqlite_migration.py:68}}
Jul 29 02:42:59 jammy-provider-cloud-0000007423 devstack@g-api.service[103561]: WARNING glance.common.wsgi_app [-] Import methods are enabled but staging directory /tmp/staging/ does not exist; Imports will fail!
Jul 29 02:42:59 jammy-provider-cloud-0000007423 devstack@g-api.service[103562]: DEBUG glance.common.config [None req-bbe46e03-4d1e-43f8-9b23-7f993146b49f None None] Loading glance-api-keystone+cachemanagement from /etc/glance/glance-api-paste.ini {{(pid=103562) load_paste_app /opt/stack/glance/glance/common/config.py:700}}
Jul 29 02:42:59 jammy-provider-cloud-0000007423 devstack@g-api.service[103561]: DEBUG glance.common.config [None req-a1fa0d4a-da7d-4574-b2da-9a3a94681a7d None None] Loading glance-api-keystone+cachemanagement from /etc/glance/glance-api-paste.ini {{(pid=103561) load_paste_app /opt/stack/glance/glance/common/config.py:700}}
Jul 29 02:43:00 jammy-provider-cloud-0000007423 devstack@g-api.service[103562]: INFO glance.image_cache [None req-bbe46e03-4d1e-43f8-9b23-7f993146b49f None None] Image cache loaded driver 'centralized_db'.
Jul 29 02:43:00 jammy-provider-cloud-0000007423 devstack@g-api.service[103561]: INFO glance.image_cache [None req-a1fa0d4a-da7d-4574-b2da-9a3a94681a7d None None] Image cache loaded driver 'centralized_db'.
Jul 29 02:43:00 jammy-provider-cloud-0000007423 devstack@g-api.service[103562]: INFO dbcounter [None req-bbe46e03-4d1e-43f8-9b23-7f993146b49f None None] Registered counter for database glance
Jul 29 02:43:00 jammy-provider-cloud-0000007423 devstack@g-api.service[103562]: DEBUG oslo_db.sqlalchemy.engines [None req-bbe46e03-4d1e-43f8-9b23-7f993146b49f None None] MySQL server mode set to STRICT_TRANS_TABLES,STRICT_ALL_TABLES,NO_ZERO_IN_DATE,NO_ZERO_DATE,ERROR_FOR_DIVISION_BY_ZERO,TRADITIONAL,NO_ENGINE_SUBSTITUTION {{(pid=103562) _check_effective_sql_mode /opt/stack/data/venv/lib/python3.10/site-packages/oslo_db/sqlalchemy/engines.py:342}}
Jul 29 02:43:00 jammy-provider-cloud-0000007423 devstack@g-api.service[103561]: INFO dbcounter [None req-a1fa0d4a-da7d-4574-b2da-9a3a94681a7d None None] Registered counter for database glance
Jul 29 02:43:00 jammy-provider-cloud-0000007423 devstack@g-api.service[103561]: DEBUG oslo_db.sqlalchemy.engines [None req-a1fa0d4a-da7d-4574-b2da-9a3a94681a7d None None] MySQL server mode set to STRICT_TRANS_TABLES,STRICT_ALL_TABLES,NO_ZERO_IN_DATE,NO_ZERO_DATE,ERROR_FOR_DIVISION_BY_ZERO,TRADITIONAL,NO_ENGINE_SUBSTITUTION {{(pid=103561) _check_effective_sql_mode /opt/stack/data/venv/lib/python3.10/site-packages/oslo_db/sqlalchemy/engines.py:342}}
Jul 29 02:43:00 jammy-provider-cloud-0000007423 devstack@g-api.service[103562]: DEBUG dbcounter [-] [103562] Writer thread running {{(pid=103562) stat_writer /opt/stack/data/venv/lib/python3.10/site-packages/dbcounter.py:102}}
Jul 29 02:43:00 jammy-provider-cloud-0000007423 devstack@g-api.service[103562]: INFO glance.image_cache [None req-bbe46e03-4d1e-43f8-9b23-7f993146b49f None None] Image cache loaded driver 'centralized_db'.
Jul 29 02:43:00 jammy-provider-cloud-0000007423 devstack@g-api.service[103561]: DEBUG dbcounter [-] [103561] Writer thread running {{(pid=103561) stat_writer /opt/stack/data/venv/lib/python3.10/site-packages/dbcounter.py:102}}
Jul 29 02:43:00 jammy-provider-cloud-0000007423 devstack@g-api.service[103562]: DEBUG glance.image_cache.drivers.centralized_db [None req-bbe46e03-4d1e-43f8-9b23-7f993146b49f None None] Node reference is already recorded, ignoring it {{(pid=103562) configure /opt/stack/glance/glance/image_cache/drivers/centralized_db.py:71}}
Jul 29 02:43:00 jammy-provider-cloud-0000007423 devstack@g-api.service[103561]: DEBUG glance.image_cache.drivers.centralized_db [None req-a1fa0d4a-da7d-4574-b2da-9a3a94681a7d None None] Node reference is already recorded, ignoring it {{(pid=103561) configure /opt/stack/glance/glance/image_cache/drivers/centralized_db.py:71}}
Jul 29 02:43:00 jammy-provider-cloud-0000007423 devstack@g-api.service[103562]: DEBUG glance.api.v2.cached_images [None req-bbe46e03-4d1e-43f8-9b23-7f993146b49f None None] Started cache worker thread {{(pid=103562) __init__ /opt/stack/glance/glance/api/v2/cached_images.py:69}}
Jul 29 02:43:00 jammy-provider-cloud-0000007423 devstack@g-api.service[103562]: INFO glance.image_cache [None req-bbe46e03-4d1e-43f8-9b23-7f993146b49f None None] Image cache loaded driver 'centralized_db'.
Jul 29 02:43:00 jammy-provider-cloud-0000007423 devstack@g-api.service[103562]: DEBUG glance.image_cache.drivers.centralized_db [None req-bbe46e03-4d1e-43f8-9b23-7f993146b49f None None] Node reference is already recorded, ignoring it {{(pid=103562) configure /opt/stack/glance/glance/image_cache/drivers/centralized_db.py:71}}
Jul 29 02:43:00 jammy-provider-cloud-0000007423 devstack@g-api.service[103561]: INFO glance.image_cache [None req-a1fa0d4a-da7d-4574-b2da-9a3a94681a7d None None] Image cache loaded driver 'centralized_db'.
Jul 29 02:43:00 jammy-provider-cloud-0000007423 devstack@g-api.service[103562]: INFO glance.api.middleware.cache_manage [None req-bbe46e03-4d1e-43f8-9b23-7f993146b49f None None] Initialized image cache management middleware
Jul 29 02:43:00 jammy-provider-cloud-0000007423 devstack@g-api.service[103562]: INFO glance.image_cache [None req-bbe46e03-4d1e-43f8-9b23-7f993146b49f None None] Image cache loaded driver 'centralized_db'.
Jul 29 02:43:00 jammy-provider-cloud-0000007423 devstack@g-api.service[103561]: DEBUG glance.image_cache.drivers.centralized_db [None req-a1fa0d4a-da7d-4574-b2da-9a3a94681a7d None None] Node reference is already recorded, ignoring it {{(pid=103561) configure /opt/stack/glance/glance/image_cache/drivers/centralized_db.py:71}}
Jul 29 02:43:00 jammy-provider-cloud-0000007423 devstack@g-api.service[103562]: DEBUG glance.image_cache.drivers.centralized_db [None req-bbe46e03-4d1e-43f8-9b23-7f993146b49f None None] Node reference is already recorded, ignoring it {{(pid=103562) configure /opt/stack/glance/glance/image_cache/drivers/centralized_db.py:71}}
Jul 29 02:43:00 jammy-provider-cloud-0000007423 devstack@g-api.service[103561]: DEBUG glance.api.v2.cached_images [None req-a1fa0d4a-da7d-4574-b2da-9a3a94681a7d None None] Started cache worker thread {{(pid=103561) __init__ /opt/stack/glance/glance/api/v2/cached_images.py:69}}
Jul 29 02:43:00 jammy-provider-cloud-0000007423 devstack@g-api.service[103561]: INFO glance.image_cache [None req-a1fa0d4a-da7d-4574-b2da-9a3a94681a7d None None] Image cache loaded driver 'centralized_db'.
Jul 29 02:43:00 jammy-provider-cloud-0000007423 devstack@g-api.service[103562]: INFO glance.api.middleware.cache [None req-bbe46e03-4d1e-43f8-9b23-7f993146b49f None None] Initialized image cache middleware
Jul 29 02:43:00 jammy-provider-cloud-0000007423 devstack@g-api.service[103562]: WARNING keystonemiddleware.auth_token [None req-bbe46e03-4d1e-43f8-9b23-7f993146b49f None None] AuthToken middleware is set with keystone_authtoken.service_token_roles_required set to False. This is backwards compatible but deprecated behaviour. Please set this to True.
Jul 29 02:43:00 jammy-provider-cloud-0000007423 devstack@g-api.service[103561]: DEBUG glance.image_cache.drivers.centralized_db [None req-a1fa0d4a-da7d-4574-b2da-9a3a94681a7d None None] Node reference is already recorded, ignoring it {{(pid=103561) configure /opt/stack/glance/glance/image_cache/drivers/centralized_db.py:71}}
Jul 29 02:43:00 jammy-provider-cloud-0000007423 devstack@g-api.service[103562]: WARNING keystonemiddleware.auth_token [None req-bbe46e03-4d1e-43f8-9b23-7f993146b49f None None] Configuring www_authenticate_uri to point to the public identity endpoint is required; clients may not be able to authenticate against an admin endpoint
Jul 29 02:43:00 jammy-provider-cloud-0000007423 devstack@g-api.service[103561]: INFO glance.api.middleware.cache_manage [None req-a1fa0d4a-da7d-4574-b2da-9a3a94681a7d None None] Initialized image cache management middleware
Jul 29 02:43:00 jammy-provider-cloud-0000007423 devstack@g-api.service[103561]: INFO glance.image_cache [None req-a1fa0d4a-da7d-4574-b2da-9a3a94681a7d None None] Image cache loaded driver 'centralized_db'.
Jul 29 02:43:00 jammy-provider-cloud-0000007423 devstack@g-api.service[103562]: DEBUG glance.common.config [None req-bbe46e03-4d1e-43f8-9b23-7f993146b49f None None] ******************************************************************************** {{(pid=103562) log_opt_values /opt/stack/data/venv/lib/python3.10/site-packages/oslo_config/cfg.py:2600}}
Jul 29 02:43:00 jammy-provider-cloud-0000007423 devstack@g-api.service[103562]: DEBUG glance.common.config [None req-bbe46e03-4d1e-43f8-9b23-7f993146b49f None None] Configuration options gathered from: {{(pid=103562) log_opt_values /opt/stack/data/venv/lib/python3.10/site-packages/oslo_config/cfg.py:2601}}
Jul 29 02:43:00 jammy-provider-cloud-0000007423 devstack@g-api.service[103562]: DEBUG glance.common.config [None req-bbe46e03-4d1e-43f8-9b23-7f993146b49f None None] command line args: [] {{(pid=103562) log_opt_values /opt/stack/data/venv/lib/python3.10/site-packages/oslo_config/cfg.py:2602}}
Jul 29 02:43:00 jammy-provider-cloud-0000007423 devstack@g-api.service[103562]: DEBUG glance.common.config [None req-bbe46e03-4d1e-43f8-9b23-7f993146b49f None None] config files: ['/etc/glance/glance-image-import.conf', '/etc/glance/glance-api.conf'] {{(pid=103562) log_opt_values /opt/stack/data/venv/lib/python3.10/site-packages/oslo_config/cfg.py:2603}}
Jul 29 02:43:00 jammy-provider-cloud-0000007423 devstack@g-api.service[103562]: DEBUG glance.common.config [None req-bbe46e03-4d1e-43f8-9b23-7f993146b49f None None] ================================================================================ {{(pid=103562) log_opt_values /opt/stack/data/venv/lib/python3.10/site-packages/oslo_config/cfg.py:2605}}
Jul 29 02:43:00 jammy-provider-cloud-0000007423 devstack@g-api.service[103562]: DEBUG glance.common.config [None req-bbe46e03-4d1e-43f8-9b23-7f993146b49f None None] allow_anonymous_access         = False {{(pid=103562) log_opt_values /opt/stack/data/venv/lib/python3.10/site-packages/oslo_config/cfg.py:2613}}
Jul 29 02:43:00 jammy-provider-cloud-0000007423 devstack@g-api.service[103562]: DEBUG glance.common.config [None req-bbe46e03-4d1e-43f8-9b23-7f993146b49f None None] api_limit_max                  = 1000 {{(pid=103562) log_opt_values /opt/stack/data/venv/lib/python3.10/site-packages/oslo_config/cfg.py:2613}}
Jul 29 02:43:00 jammy-provider-cloud-0000007423 devstack@g-api.service[103562]: DEBUG glance.common.config [None req-bbe46e03-4d1e-43f8-9b23-7f993146b49f None None] backlog                        = 4096 {{(pid=103562) log_opt_values /opt/stack/data/venv/lib/python3.10/site-packages/oslo_config/cfg.py:2613}}
Jul 29 02:43:00 jammy-provider-cloud-0000007423 devstack@g-api.service[103562]: DEBUG glance.common.config [None req-bbe46e03-4d1e-43f8-9b23-7f993146b49f None None] bind_host                      = 0.0.0.0 {{(pid=103562) log_opt_values /opt/stack/data/venv/lib/python3.10/site-packages/oslo_config/cfg.py:2613}}
Jul 29 02:43:00 jammy-provider-cloud-0000007423 devstack@g-api.service[103562]: DEBUG glance.common.config [None req-bbe46e03-4d1e-43f8-9b23-7f993146b49f None None] bind_port                      = None {{(pid=103562) log_opt_values /opt/stack/data/venv/lib/python3.10/site-packages/oslo_config/cfg.py:2613}}
Jul 29 02:43:00 jammy-provider-cloud-0000007423 devstack@g-api.service[103562]: DEBUG glance.common.config [None req-bbe46e03-4d1e-43f8-9b23-7f993146b49f None None] client_socket_timeout          = 900 {{(pid=103562) log_opt_values /opt/stack/data/venv/lib/python3.10/site-packages/oslo_config/cfg.py:2613}}
Jul 29 02:43:00 jammy-provider-cloud-0000007423 devstack@g-api.service[103562]: DEBUG glance.common.config [None req-bbe46e03-4d1e-43f8-9b23-7f993146b49f None None] config_dir                     = [] {{(pid=103562) log_opt_values /opt/stack/data/venv/lib/python3.10/site-packages/oslo_config/cfg.py:2613}}
Jul 29 02:43:00 jammy-provider-cloud-0000007423 devstack@g-api.service[103562]: DEBUG glance.common.config [None req-bbe46e03-4d1e-43f8-9b23-7f993146b49f None None] config_file                    = ['/etc/glance/glance-image-import.conf', '/etc/glance/glance-api.conf'] {{(pid=103562) log_opt_values /opt/stack/data/venv/lib/python3.10/site-packages/oslo_config/cfg.py:2613}}
Jul 29 02:43:00 jammy-provider-cloud-0000007423 devstack@g-api.service[103562]: DEBUG glance.common.config [None req-bbe46e03-4d1e-43f8-9b23-7f993146b49f None None] config_source                  = [] {{(pid=103562) log_opt_values /opt/stack/data/venv/lib/python3.10/site-packages/oslo_config/cfg.py:2613}}
Jul 29 02:43:00 jammy-provider-cloud-0000007423 devstack@g-api.service[103562]: DEBUG glance.common.config [None req-bbe46e03-4d1e-43f8-9b23-7f993146b49f None None] control_exchange               = glance {{(pid=103562) log_opt_values /opt/stack/data/venv/lib/python3.10/site-packages/oslo_config/cfg.py:2613}}
Jul 29 02:43:00 jammy-provider-cloud-0000007423 devstack@g-api.service[103562]: DEBUG glance.common.config [None req-bbe46e03-4d1e-43f8-9b23-7f993146b49f None None] debug                          = True {{(pid=103562) log_opt_values /opt/stack/data/venv/lib/python3.10/site-packages/oslo_config/cfg.py:2613}}
Jul 29 02:43:00 jammy-provider-cloud-0000007423 devstack@g-api.service[103562]: DEBUG glance.common.config [None req-bbe46e03-4d1e-43f8-9b23-7f993146b49f None None] default_log_levels             = ['amqp=WARN', 'amqplib=WARN', 'boto=WARN', 'qpid=WARN', 'sqlalchemy=WARN', 'suds=INFO', 'oslo.messaging=INFO', 'oslo_messaging=INFO', 'iso8601=WARN', 'requests.packages.urllib3.connectionpool=WARN', 'urllib3.connectionpool=WARN', 'websocket=WARN', 'requests.packages.urllib3.util.retry=WARN', 'urllib3.util.retry=WARN', 'keystonemiddleware=WARN', 'routes.middleware=WARN', 'stevedore=WARN', 'taskflow=WARN', 'keystoneauth=WARN', 'oslo.cache=INFO', 'oslo_policy=INFO', 'dogpile.core.dogpile=INFO'] {{(pid=103562) log_opt_values /opt/stack/data/venv/lib/python3.10/site-packages/oslo_config/cfg.py:2613}}
Jul 29 02:43:00 jammy-provider-cloud-0000007423 devstack@g-api.service[103562]: DEBUG glance.common.config [None req-bbe46e03-4d1e-43f8-9b23-7f993146b49f None None] default_publisher_id           = image.localhost {{(pid=103562) log_opt_values /opt/stack/data/venv/lib/python3.10/site-packages/oslo_config/cfg.py:2613}}
Jul 29 02:43:00 jammy-provider-cloud-0000007423 devstack@g-api.service[103562]: DEBUG glance.common.config [None req-bbe46e03-4d1e-43f8-9b23-7f993146b49f None None] delayed_delete                 = False {{(pid=103562) log_opt_values /opt/stack/data/venv/lib/python3.10/site-packages/oslo_config/cfg.py:2613}}
Jul 29 02:43:00 jammy-provider-cloud-0000007423 devstack@g-api.service[103562]: DEBUG glance.common.config [None req-bbe46e03-4d1e-43f8-9b23-7f993146b49f None None] digest_algorithm               = sha256 {{(pid=103562) log_opt_values /opt/stack/data/venv/lib/python3.10/site-packages/oslo_config/cfg.py:2613}}
Jul 29 02:43:00 jammy-provider-cloud-0000007423 devstack@g-api.service[103562]: DEBUG glance.common.config [None req-bbe46e03-4d1e-43f8-9b23-7f993146b49f None None] disabled_notifications         = [] {{(pid=103562) log_opt_values /opt/stack/data/venv/lib/python3.10/site-packages/oslo_config/cfg.py:2613}}
Jul 29 02:43:00 jammy-provider-cloud-0000007423 devstack@g-api.service[103562]: DEBUG glance.common.config [None req-bbe46e03-4d1e-43f8-9b23-7f993146b49f None None] enabled_backends               = None {{(pid=103562) log_opt_values /opt/stack/data/venv/lib/python3.10/site-packages/oslo_config/cfg.py:2613}}
Jul 29 02:43:00 jammy-provider-cloud-0000007423 devstack@g-api.service[103562]: DEBUG glance.common.config [None req-bbe46e03-4d1e-43f8-9b23-7f993146b49f None None] enabled_import_methods         = ['glance-direct', 'web-download', 'copy-image'] {{(pid=103562) log_opt_values /opt/stack/data/venv/lib/python3.10/site-packages/oslo_config/cfg.py:2613}}
Jul 29 02:43:00 jammy-provider-cloud-0000007423 devstack@g-api.service[103562]: DEBUG glance.common.config [None req-bbe46e03-4d1e-43f8-9b23-7f993146b49f None None] hashing_algorithm              = sha512 {{(pid=103562) log_opt_values /opt/stack/data/venv/lib/python3.10/site-packages/oslo_config/cfg.py:2613}}
Jul 29 02:43:00 jammy-provider-cloud-0000007423 devstack@g-api.service[103562]: DEBUG glance.common.config [None req-bbe46e03-4d1e-43f8-9b23-7f993146b49f None None] http_keepalive                 = True {{(pid=103562) log_opt_values /opt/stack/data/venv/lib/python3.10/site-packages/oslo_config/cfg.py:2613}}
Jul 29 02:43:00 jammy-provider-cloud-0000007423 devstack@g-api.service[103562]: DEBUG glance.common.config [None req-bbe46e03-4d1e-43f8-9b23-7f993146b49f None None] image_cache_dir                = /opt/stack/data/glance/cache/ {{(pid=103562) log_opt_values /opt/stack/data/venv/lib/python3.10/site-packages/oslo_config/cfg.py:2613}}
Jul 29 02:43:00 jammy-provider-cloud-0000007423 devstack@g-api.service[103562]: DEBUG glance.common.config [None req-bbe46e03-4d1e-43f8-9b23-7f993146b49f None None] image_cache_driver             = centralized_db {{(pid=103562) log_opt_values /opt/stack/data/venv/lib/python3.10/site-packages/oslo_config/cfg.py:2613}}
Jul 29 02:43:00 jammy-provider-cloud-0000007423 devstack@g-api.service[103562]: DEBUG glance.common.config [None req-bbe46e03-4d1e-43f8-9b23-7f993146b49f None None] image_cache_max_size           = 10737418240 {{(pid=103562) log_opt_values /opt/stack/data/venv/lib/python3.10/site-packages/oslo_config/cfg.py:2613}}
Jul 29 02:43:00 jammy-provider-cloud-0000007423 devstack@g-api.service[103562]: DEBUG glance.common.config [None req-bbe46e03-4d1e-43f8-9b23-7f993146b49f None None] image_cache_sqlite_db          = cache.db {{(pid=103562) log_opt_values /opt/stack/data/venv/lib/python3.10/site-packages/oslo_config/cfg.py:2613}}
Jul 29 02:43:00 jammy-provider-cloud-0000007423 devstack@g-api.service[103562]: DEBUG glance.common.config [None req-bbe46e03-4d1e-43f8-9b23-7f993146b49f None None] image_cache_stall_time         = 86400 {{(pid=103562) log_opt_values /opt/stack/data/venv/lib/python3.10/site-packages/oslo_config/cfg.py:2613}}
Jul 29 02:43:00 jammy-provider-cloud-0000007423 devstack@g-api.service[103562]: DEBUG glance.common.config [None req-bbe46e03-4d1e-43f8-9b23-7f993146b49f None None] image_location_quota           = 10 {{(pid=103562) log_opt_values /opt/stack/data/venv/lib/python3.10/site-packages/oslo_config/cfg.py:2613}}
Jul 29 02:43:00 jammy-provider-cloud-0000007423 devstack@g-api.service[103562]: DEBUG glance.common.config [None req-bbe46e03-4d1e-43f8-9b23-7f993146b49f None None] image_member_quota             = 128 {{(pid=103562) log_opt_values /opt/stack/data/venv/lib/python3.10/site-packages/oslo_config/cfg.py:2613}}
Jul 29 02:43:00 jammy-provider-cloud-0000007423 devstack@g-api.service[103562]: DEBUG glance.common.config [None req-bbe46e03-4d1e-43f8-9b23-7f993146b49f None None] image_property_quota           = 128 {{(pid=103562) log_opt_values /opt/stack/data/venv/lib/python3.10/site-packages/oslo_config/cfg.py:2613}}
Jul 29 02:43:00 jammy-provider-cloud-0000007423 devstack@g-api.service[103562]: DEBUG glance.common.config [None req-bbe46e03-4d1e-43f8-9b23-7f993146b49f None None] image_size_cap                 = 1099511627776 {{(pid=103562) log_opt_values /opt/stack/data/venv/lib/python3.10/site-packages/oslo_config/cfg.py:2613}}
Jul 29 02:43:00 jammy-provider-cloud-0000007423 devstack@g-api.service[103561]: DEBUG glance.image_cache.drivers.centralized_db [None req-a1fa0d4a-da7d-4574-b2da-9a3a94681a7d None None] Node reference is already recorded, ignoring it {{(pid=103561) configure /opt/stack/glance/glance/image_cache/drivers/centralized_db.py:71}}
Jul 29 02:43:00 jammy-provider-cloud-0000007423 devstack@g-api.service[103562]: DEBUG glance.common.config [None req-bbe46e03-4d1e-43f8-9b23-7f993146b49f None None] image_tag_quota                = 128 {{(pid=103562) log_opt_values /opt/stack/data/venv/lib/python3.10/site-packages/oslo_config/cfg.py:2613}}
Jul 29 02:43:00 jammy-provider-cloud-0000007423 devstack@g-api.service[103562]: DEBUG glance.common.config [None req-bbe46e03-4d1e-43f8-9b23-7f993146b49f None None] instance_format                = [instance: %(uuid)s]  {{(pid=103562) log_opt_values /opt/stack/data/venv/lib/python3.10/site-packages/oslo_config/cfg.py:2613}}
Jul 29 02:43:00 jammy-provider-cloud-0000007423 devstack@g-api.service[103562]: DEBUG glance.common.config [None req-bbe46e03-4d1e-43f8-9b23-7f993146b49f None None] instance_uuid_format           = [instance: %(uuid)s]  {{(pid=103562) log_opt_values /opt/stack/data/venv/lib/python3.10/site-packages/oslo_config/cfg.py:2613}}
Jul 29 02:43:00 jammy-provider-cloud-0000007423 devstack@g-api.service[103562]: DEBUG glance.common.config [None req-bbe46e03-4d1e-43f8-9b23-7f993146b49f None None] limit_param_default            = 25 {{(pid=103562) log_opt_values /opt/stack/data/venv/lib/python3.10/site-packages/oslo_config/cfg.py:2613}}
Jul 29 02:43:00 jammy-provider-cloud-0000007423 devstack@g-api.service[103562]: DEBUG glance.common.config [None req-bbe46e03-4d1e-43f8-9b23-7f993146b49f None None] location_strategy              = location_order {{(pid=103562) log_opt_values /opt/stack/data/venv/lib/python3.10/site-packages/oslo_config/cfg.py:2613}}
Jul 29 02:43:00 jammy-provider-cloud-0000007423 devstack@g-api.service[103562]: DEBUG glance.common.config [None req-bbe46e03-4d1e-43f8-9b23-7f993146b49f None None] log_color                      = False {{(pid=103562) log_opt_values /opt/stack/data/venv/lib/python3.10/site-packages/oslo_config/cfg.py:2613}}
Jul 29 02:43:00 jammy-provider-cloud-0000007423 devstack@g-api.service[103562]: DEBUG glance.common.config [None req-bbe46e03-4d1e-43f8-9b23-7f993146b49f None None] log_config_append              = None {{(pid=103562) log_opt_values /opt/stack/data/venv/lib/python3.10/site-packages/oslo_config/cfg.py:2613}}
Jul 29 02:43:00 jammy-provider-cloud-0000007423 devstack@g-api.service[103562]: DEBUG glance.common.config [None req-bbe46e03-4d1e-43f8-9b23-7f993146b49f None None] log_date_format                = %Y-%m-%d %H:%M:%S {{(pid=103562) log_opt_values /opt/stack/data/venv/lib/python3.10/site-packages/oslo_config/cfg.py:2613}}
Jul 29 02:43:00 jammy-provider-cloud-0000007423 devstack@g-api.service[103562]: DEBUG glance.common.config [None req-bbe46e03-4d1e-43f8-9b23-7f993146b49f None None] log_dir                        = None {{(pid=103562) log_opt_values /opt/stack/data/venv/lib/python3.10/site-packages/oslo_config/cfg.py:2613}}
Jul 29 02:43:00 jammy-provider-cloud-0000007423 devstack@g-api.service[103562]: DEBUG glance.common.config [None req-bbe46e03-4d1e-43f8-9b23-7f993146b49f None None] log_file                       = None {{(pid=103562) log_opt_values /opt/stack/data/venv/lib/python3.10/site-packages/oslo_config/cfg.py:2613}}
Jul 29 02:43:00 jammy-provider-cloud-0000007423 devstack@g-api.service[103562]: DEBUG glance.common.config [None req-bbe46e03-4d1e-43f8-9b23-7f993146b49f None None] log_rotate_interval            = 1 {{(pid=103562) log_opt_values /opt/stack/data/venv/lib/python3.10/site-packages/oslo_config/cfg.py:2613}}
Jul 29 02:43:00 jammy-provider-cloud-0000007423 devstack@g-api.service[103562]: DEBUG glance.common.config [None req-bbe46e03-4d1e-43f8-9b23-7f993146b49f None None] log_rotate_interval_type       = days {{(pid=103562) log_opt_values /opt/stack/data/venv/lib/python3.10/site-packages/oslo_config/cfg.py:2613}}
Jul 29 02:43:00 jammy-provider-cloud-0000007423 devstack@g-api.service[103562]: DEBUG glance.common.config [None req-bbe46e03-4d1e-43f8-9b23-7f993146b49f None None] log_rotation_type              = none {{(pid=103562) log_opt_values /opt/stack/data/venv/lib/python3.10/site-packages/oslo_config/cfg.py:2613}}
Jul 29 02:43:00 jammy-provider-cloud-0000007423 devstack@g-api.service[103562]: DEBUG glance.common.config [None req-bbe46e03-4d1e-43f8-9b23-7f993146b49f None None] logging_context_format_string  = %(color)s%(levelname)s %(name)s [%(global_request_id)s %(request_id)s %(project_name)s %(user_name)s%(color)s] %(instance)s%(color)s%(message)s {{(pid=103562) log_opt_values /opt/stack/data/venv/lib/python3.10/site-packages/oslo_config/cfg.py:2613}}
Jul 29 02:43:00 jammy-provider-cloud-0000007423 devstack@g-api.service[103562]: DEBUG glance.common.config [None req-bbe46e03-4d1e-43f8-9b23-7f993146b49f None None] logging_debug_format_suffix    = {{(pid=%(process)d) %(funcName)s %(pathname)s:%(lineno)d}} {{(pid=103562) log_opt_values /opt/stack/data/venv/lib/python3.10/site-packages/oslo_config/cfg.py:2613}}
Jul 29 02:43:00 jammy-provider-cloud-0000007423 devstack@g-api.service[103562]: DEBUG glance.common.config [None req-bbe46e03-4d1e-43f8-9b23-7f993146b49f None None] logging_default_format_string  = %(color)s%(levelname)s %(name)s [-%(color)s] %(instance)s%(color)s%(message)s {{(pid=103562) log_opt_values /opt/stack/data/venv/lib/python3.10/site-packages/oslo_config/cfg.py:2613}}
Jul 29 02:43:00 jammy-provider-cloud-0000007423 devstack@g-api.service[103562]: DEBUG glance.common.config [None req-bbe46e03-4d1e-43f8-9b23-7f993146b49f None None] logging_exception_prefix       = ERROR %(name)s %(instance)s {{(pid=103562) log_opt_values /opt/stack/data/venv/lib/python3.10/site-packages/oslo_config/cfg.py:2613}}
Jul 29 02:43:00 jammy-provider-cloud-0000007423 devstack@g-api.service[103562]: DEBUG glance.common.config [None req-bbe46e03-4d1e-43f8-9b23-7f993146b49f None None] logging_user_identity_format   = %(user)s %(project)s %(domain)s %(system_scope)s %(user_domain)s %(project_domain)s {{(pid=103562) log_opt_values /opt/stack/data/venv/lib/python3.10/site-packages/oslo_config/cfg.py:2613}}
