"pcp-dstat 6.2.0 CSV Output"
"Author:","PCP team <pcp@groups.io> and Dag Wieers <dag@wieers.com>",,,,"URL:","https://pcp.io/ and http://dag.wieers.com/home-made/dstat/"
"Host:","ubuntu",,,,"User:","ubuntu"
"Cmdline:","dstat -tcmndrylpg --tcp --output /tmp/devstack_logs/dstat-csv.log",,,,"Date:","23 Jun 2026 08:33:20 UTC"
"system","total usage",,,,,"memory usage",,,,"net/total",,"dsk/total",,"io/total",,"system",,"load avg",,,"procs",,,"paging",,"tcp sockets",,,,
"time","total usage:usr","total usage:sys","total usage:idl","total usage:wai","total usage:stl","used","free","buf","cach","net/total:recv","net/total:send","dsk/total:read","dsk/total:writ","read","writ","int","csw","1m","5m","15m","run","blk","new","in","out","lis","act","syn","tim","clo"
23-06 08:33:20,,1040728,1372760,168468,5225892,,,,,,,1.360,0.840,0.500,3,1,,,,10,3,0,18,0
23-06 08:33:21,18.987,21.235,58.210,0,0,1001320,1412236,168492,5225756,238264.908,10099.045,0,1007.306,0,50.965,5677,4105,1.360,0.840,0.500,1,0,368.746,0,0,10,3,0,18,0
23-06 08:33:22,10.502,20.254,67.012,0,0,949384,1464100,168496,5225784,10487.912,3805.694,0,140.026,0,14.003,5129,3344,1.360,0.840,0.500,1,0,284.052,0,0,10,4,0,17,0
23-06 08:33:23,28.224,19.233,51.204,0,0,971068,1441684,168596,5226272,23755.457,8911.918,0,11169.870,0,355.677,5854,5131,1.360,0.840,0.500,1,0,291.735,0,0,10,5,0,17,0
23-06 08:33:24,26.486,15.741,55.220,0.999,0,994748,1417380,168796,5226636,46528.649,15892.341,0,1986.917,0,65.964,5940,5862,1.360,0.840,0.500,3,0,189.897,0,0,10,6,0,17,0
23-06 08:33:25,27.284,10.513,61.077,0.250,0,1122700,1288632,168936,5351948,19910.030,11652.649,0,1329.672,0,45.057,4070,3563,1.330,0.840,0.500,2,0,98.123,0,0,11,8,0,17,0
23-06 08:33:26,29.257,12.503,57.014,1.000,0,1144872,1265816,169108,5352316,39569.658,12013.932,0,2064.504,0,76.019,4445,3426,1.330,0.840,0.500,2,0,185.045,0,0,11,8,0,19,0
23-06 08:33:27,35.758,5.251,57.263,0.500,0,1201396,1188760,169480,5371424,185759.069,14955.467,32.007,3708.860,2.000,60.014,2886,1859,1.330,0.840,0.500,2,0,2.000,0,0,11,7,0,19,1
23-06 08:33:28,43.915,5.240,48.656,0.749,0,1233940,1137292,170500,5386732,5185.932,1682.733,0,3756.707,0,134.738,3454,2662,1.330,0.840,0.500,2,1,0.998,0,0,11,8,0,19,2
23-06 08:33:29,32.332,7.268,45.616,12.031,0,1249236,1095360,171856,5409672,4812.234,1624.129,0,36047.644,0,2549.482,13096,23290,1.330,0.840,0.500,7,0,54.138,0,0,11,8,0,19,2
23-06 08:33:30,37.505,9.501,43.006,8.001,0,1236640,1081184,172872,5433088,4218.546,1458.189,0,43285.598,0,2542.329,11760,19323,1.380,0.860,0.510,3,1,95.012,0,0,11,6,0,19,2
23-06 08:33:31,43.429,7.238,45.924,2.246,0,1236252,1062000,173820,5449148,4868.985,1617.338,0,18194.050,0,992.366,4971,5966,1.380,0.860,0.510,1,2,6.988,0,0,11,6,0,19,2
23-06 08:33:32,44.491,4.749,48.490,1.500,0,1264360,1007456,174968,5471808,4397.114,1457.706,0,3975.199,0,297.940,3308,2265,1.380,0.860,0.510,2,1,0,0,0,11,6,0,19,2
23-06 08:33:33,42.766,8.003,47.268,0.500,0,1304384,983448,175152,5455548,5486.044,2100.783,0,8179.047,0,542.202,3774,2838,1.380,0.860,0.510,5,1,29.011,0,0,11,4,0,19,0
23-06 08:33:34,39.703,4.495,54.436,0.250,0,1286696,994832,175288,5461092,11478.434,4567.602,0,2009.625,0,179.788,2956,1793,1.380,0.860,0.510,3,0,17.979,0,0,11,4,0,19,0
23-06 08:33:35,35.815,18.534,44.581,0,0,1227224,1052104,175340,5462876,2704.901,0,0,16.029,0,3.005,12549,20155,1.350,0.860,0.510,3,0,294.534,0,0,11,4,0,19,0
23-06 08:33:36,30.741,27.742,39.489,0,0,1154828,1124124,175348,5463544,4607.694,1511.572,0,127.964,0,10.997,14513,22542,1.350,0.860,0.510,4,0,471.866,0,0,11,4,0,19,0
23-06 08:33:37,51.469,17.489,31.231,0.500,0,1216260,1070500,175352,5456204,3391.940,593.639,0,3214.048,0,235.857,5434,4733,1.350,0.860,0.510,3,0,209.873,0,0,11,5,0,19,0
23-06 08:33:38,62.480,8.247,28.491,0,0,1291444,995404,175360,5456336,4770.460,1553.499,0,3.999,0,1.000,3760,1754,1.350,0.860,0.510,4,0,65.979,0,0,11,5,0,17,0
23-06 08:33:39,42.735,8.247,48.233,0,0,1300248,986084,175360,5456884,4724.378,1565.463,0,15634.632,0,98.966,2887,1666,1.350,0.860,0.510,3,0,0,0,0,11,5,0,17,0
23-06 08:33:40,27.232,12.991,57.711,0,0,1298916,985000,175408,5459208,4289.107,1510.981,0,3325.757,0,162.890,5129,5857,1.320,0.870,0.510,1,0,117.920,0,0,11,4,0,18,0
23-06 08:33:41,12.758,4.003,82.302,0.500,0,1326424,957492,175408,5459216,3967.527,648.413,0,776.495,0,52.033,1675,1604,1.320,0.870,0.510,1,0,22.014,0,0,11,4,0,18,0
23-06 08:33:42,22.532,3.255,73.605,0,0.250,1380900,903012,175408,5459216,4764.807,1502.146,0,0,0,0,1798,1251,1.320,0.870,0.510,1,0,0,0,0,11,4,0,14,0
23-06 08:33:43,23.984,1.999,73.200,0,0,1393556,890140,175412,5459428,5216.435,1618.894,0,519.645,0,32.977,2000,1461,1.320,0.870,0.510,6,0,0.999,0,0,11,6,0,14,0
23-06 08:33:44,20.778,5.257,71.596,1.001,0,1321876,961736,175464,5459460,4806.412,1622.164,0,1986.650,0,224.299,4038,4958,1.320,0.870,0.510,2,0,42.056,0,0,11,4,0,16,0
23-06 08:33:45,22.713,2.995,73.880,0,0,1354632,928976,175464,5459464,4612.488,1617.366,0,0,0,0,1731,1080,1.300,0.870,0.520,2,0,0,0,0,11,4,0,16,0
23-06 08:33:46,18.506,2.751,77.276,0.500,0,1379272,904064,175468,5459656,9163.125,5687.940,0,1612.550,0,40.014,2451,2440,1.300,0.870,0.520,2,1,1.000,0,0,11,17,0,16,0
23-06 08:33:47,22.000,4.250,71.750,0.750,0,1351572,931184,175572,5460044,9072.960,6110.973,267.999,3267.985,66.000,169.999,3000,3089,1.300,0.870,0.520,1,0,17.000,0,0,11,28,0,17,0
23-06 08:33:48,21.242,4.748,72.971,0.250,0,1365016,917732,175572,5460052,4650.176,1511.407,0,143.944,0,8.996,2227,1685,1.300,0.870,0.520,2,1,34.986,0,0,11,28,0,17,0
23-06 08:33:49,17.737,4.247,76.942,0,0,1384116,898596,175584,5460068,11455.299,8412.610,0,27842.852,0,246.813,2439,2106,1.300,0.870,0.520,1,0,0,0,0,11,28,0,18,0
23-06 08:33:50,30.890,11.957,55.553,0,0,1432808,849896,175584,5460076,4575.733,1506.644,0,11.957,0,2.989,3621,2325,1.350,0.890,0.520,2,0,155.447,0,0,11,28,0,17,0
23-06 08:33:51,35.407,5.022,57.755,0,0,1470804,811884,175584,5460092,12745.340,9493.967,0,56.249,0,2.009,3026,2256,1.350,0.890,0.520,2,0,0,0,0,11,30,0,17,0
23-06 08:33:52,35.799,7.260,55.075,0,0,1424564,857920,175584,5460296,16607.601,12455.951,0,1542.099,0,37.050,6337,8002,1.350,0.890,0.520,3,1,72.098,0,0,11,28,0,18,0
23-06 08:33:53,68.533,28.014,2.501,0,0,1531824,750652,175584,5460316,4750.308,1512.735,0,268.130,0,18.009,5589,4530,1.350,0.890,0.520,6,0,506.246,0,0,11,28,0,18,0
23-06 08:33:54,82.079,12.474,1.996,0,0.249,1750736,531712,175588,5460340,14787.244,11712.639,0,26836.183,0,546.863,5330,3446,1.350,0.890,0.520,7,0,0,0,0,11,31,0,18,0
23-06 08:33:55,76.409,10.021,11.023,0.251,0,1813024,469284,175620,5460564,34362.448,31123.714,0,805.675,0,42.088,7755,11496,1.570,0.940,0.540,6,0,0,0,0,11,31,0,20,0
23-06 08:33:56,57.843,14.959,26.677,0,0,1565316,716908,175640,5460628,11439.879,7372.942,0,490.665,0,45.875,6591,6790,1.570,0.940,0.540,1,0,309.159,0,0,11,28,0,23,0
23-06 08:33:57,22.287,4.007,72.872,0,0,1561172,721052,175640,5460628,5320.939,1514.544,0,216.363,0,8.013,1902,1398,1.570,0.940,0.540,1,0,1.002,0,0,11,28,0,23,0
23-06 08:33:58,15.489,2.248,80.692,0,0,1538336,743864,175652,5460640,12881.737,8619.802,0,227.836,0,20.985,2871,3255,1.570,0.940,0.540,2,0,0,0,0,11,28,0,24,0
23-06 08:33:59,19.779,8.012,71.854,0.501,0,1437912,844272,175660,5460648,5347.710,1568.261,0,31505.421,0,314.453,3059,2778,1.570,0.940,0.540,1,0,68.098,0,0,11,28,0,24,0
23-06 08:34:00,18.464,1.996,78.096,0,0,1428908,853272,175660,5460652,8492.220,6007.130,0,0,0,0,1978,1565,1.520,0.940,0.550,0,0,0,0,0,11,29,0,24,0
23-06 08:34:01,13.277,10.522,74.654,0.251,0,1350636,931524,175668,5460664,8216.955,4260.792,0,725.497,0,17.035,4340,4092,1.520,0.940,0.550,1,0,192.397,0,0,11,28,0,25,0
23-06 08:34:02,18.999,29.749,50.498,0,0,1362296,919860,175672,5460664,4559.834,1619.941,0,223.992,0,18.999,6328,5291,1.520,0.940,0.550,6,0,739.973,0,0,11,28,0,25,0
23-06 08:34:03,86.234,13.747,0.250,0,0,1627840,654264,175676,5460712,5467.957,2306.560,0,219.958,0,9.998,4835,2581,1.520,0.940,0.550,4,0,105.980,0,0,11,29,0,25,0
23-06 08:34:04,74.232,12.247,12.747,0,0,1735216,546696,175684,5460892,33962.713,29786.732,0,65264.075,0,411.899,7582,9128,1.520,0.940,0.550,5,0,0,0,0,11,33,0,25,0
23-06 08:34:05,78.722,10.996,9.746,0,0,1626400,655432,175704,5460952,27829.000,22410.947,0,1555.441,0,75.973,8710,12810,1.800,1.010,0.570,5,0,108.961,0,0,11,28,0,26,0
23-06 08:34:06,79.841,19.522,0,0,0,1641760,639948,175704,5461060,7448.455,3590.075,0,204.232,0,13.015,5146,3443,1.800,1.010,0.570,6,0,201.228,0,0,11,29,0,26,0
23-06 08:34:07,84.859,11.231,2.995,0,0.250,1830044,451504,175704,5461220,24642.994,21507.212,0,215.641,0,11.980,6102,5713,1.800,1.010,0.570,5,0,0.998,0,0,11,33,1,26,0
23-06 08:34:08,78.082,11.512,10.010,0,0,1809592,471712,175708,5461460,44864.010,38723.576,0,868.910,0,56.059,9148,15461,1.800,1.010,0.570,6,0,81.085,0,0,11,29,0,31,0
23-06 08:34:09,44.417,15.221,39.177,0,0.250,1570184,710968,175712,5461608,8099.806,4690.202,0,411.229,0,24.953,4920,4780,1.800,1.010,0.570,2,0,216.594,0,0,11,28,0,31,0
23-06 08:34:10,36.666,5.238,57.119,0,0,1602208,678928,175712,5461624,11906.671,9418.382,0,135.689,0,5.986,2791,1983,1.730,1.010,0.570,2,0,0,0,0,11,30,0,31,0
23-06 08:34:11,35.671,13.565,49.487,0.502,0,1509080,772008,175720,5461664,15433.824,12120.978,0,245.173,0,26.125,5742,6913,1.730,1.010,0.570,5,0,275.317,0,0,11,28,0,30,0
23-06 08:34:12,66.250,14.000,19.750,0,0,1565856,715208,175720,5461688,4528.006,1458.002,0,300.000,0,15.000,4151,2240,1.730,1.010,0.570,3,0,104.000,0,0,11,28,0,30,0
23-06 08:34:13,45.983,5.998,46.733,0.250,0,1589832,691032,175744,5461860,27005.291,23469.562,0,3166.861,0,177.936,6478,7868,1.730,1.010,0.570,1,0,0,0,0,11,31,0,30,0
23-06 08:34:14,67.521,18.256,13.504,0,0,1487844,792976,175756,5461892,11119.525,7956.523,0,736.233,0,62.020,6745,7100,1.730,1.010,0.570,4,0,258.082,0,0,11,28,0,31,0
23-06 08:34:15,73.190,10.207,16.679,0,0,1655260,625512,175760,5461936,18532.566,15407.791,0,641.286,0,20.911,5007,3576,1.680,1.010,0.570,4,0,0,0,0,11,32,0,26,0
23-06 08:34:16,65.108,7.512,26.043,0,0,1635216,645340,175772,5462140,34472.957,27766.877,0,360.596,0,33.055,9876,13464,1.680,1.010,0.570,4,0,48.079,0,0,11,28,0,29,0
23-06 08:34:17,62.534,19.260,17.760,0,0,1566468,714060,175776,5462164,6843.692,1620.874,0,224.121,0,14.008,4327,2735,1.680,1.010,0.570,4,0,277.150,0,0,11,28,0,29,0
23-06 08:34:18,52.288,6.004,41.030,0,0,1619724,660772,175776,5462196,22982.671,17731.862,0,224.163,0,10.007,4720,4829,1.680,1.010,0.570,2,0,0,0,0,11,31,0,29,0
23-06 08:34:19,51.818,19.776,27.286,0.250,0,1514524,765928,175788,5462744,19056.967,14390.854,0,985.291,0,78.102,7405,9177,1.680,1.010,0.570,4,0,332.436,0,0,11,28,0,31,0
23-06 08:34:20,65.330,11.470,23.190,0,0,1638956,641344,175788,5462324,7031.697,3818.062,0,2720.918,0,95.751,4379,8742,1.780,1.040,0.590,2,0,2.992,0,0,11,29,1,32,0
23-06 08:34:21,46.869,5.263,46.619,0.251,0,1632460,647496,175796,5462716,31281.715,27001.809,0,112.286,0,12.031,7928,10244,1.780,1.040,0.590,2,0,0,0,0,11,29,0,34,0
23-06 08:34:22,57.743,19.748,22.497,0,0.250,1526308,753620,175800,5462740,5938.283,1967.762,0,1463.823,0,41.995,4478,2816,1.780,1.040,0.590,3,0,286.965,0,0,11,28,0,35,0
23-06 08:34:23,52.750,7.500,38.750,0,0,1594828,685084,175800,5462756,16555.118,13362.095,0,100.001,0,7.000,4107,2901,1.780,1.040,0.590,3,0,0,0,0,11,31,0,34,0
23-06 08:34:24,54.955,8.743,35.471,0,0,1506356,773348,175808,5462956,18817.688,15434.441,0,335.727,0,36.970,7567,9331,1.780,1.040,0.590,3,0,105.914,0,0,11,28,0,36,0
23-06 08:34:25,64.811,10.760,24.273,0.250,0,1602080,677620,175812,5462956,4744.479,1621.531,0,3351.164,0,187.177,4019,1567,1.880,1.070,0.600,3,0,6.006,0,0,11,28,0,36,0
23-06 08:34:26,45.734,5.748,46.984,0,0,1636548,643148,175816,5462992,24573.618,21892.532,0,127.956,0,8.997,5826,6745,1.880,1.070,0.600,2,0,0,0,0,11,31,0,36,0
23-06 08:34:27,57.227,23.740,18.742,0,0,1513744,765888,175836,5463032,11226.409,6834.205,0,995.593,0,87.964,6551,7053,1.880,1.070,0.600,8,0,448.816,0,0,11,28,0,36,0
23-06 08:34:28,79.818,20.267,0,0,0,1665196,614392,175840,5463072,4942.237,1459.251,0,204.175,0,12.010,5307,4336,1.880,1.070,0.600,7,0,372.319,0,0,11,28,0,36,0
23-06 08:34:29,78.619,19.717,0.998,0,0,1810036,469500,175840,5463124,24772.744,22005.353,0,187.687,0,9.983,6118,5982,1.880,1.070,0.600,7,0,423.295,0,0,11,32,0,36,0
23-06 08:34:30,78.316,18.265,3.503,0,0,1829652,449628,175848,5463364,34503.860,30418.443,0,444.372,0,36.030,8371,10568,2.290,1.170,0.640,7,0,346.290,0,0,11,30,0,37,0
23-06 08:34:31,81.058,17.012,1.251,0,0,1697844,581220,175856,5463568,18708.488,15036.841,0,384.277,0,32.023,5996,5427,2.290,1.170,0.640,5,0,234.169,0,0,11,28,0,37,0
23-06 08:34:32,80.186,13.239,6.745,0,0,1715588,563448,175860,5463592,17104.257,13861.862,0,111.910,0,7.994,5040,3456,2.290,1.170,0.640,5,0,29.976,0,0,11,31,0,37,0
23-06 08:34:33,76.303,9.507,13.259,0,0,1699876,578948,175860,5463800,36546.428,32275.456,0,452.315,0,10.007,9075,12496,2.290,1.170,0.640,4,0,50.035,0,0,11,30,0,40,0
23-06 08:34:34,36.190,23.211,38.935,0,0,1387108,891660,175860,5463852,18988.346,15148.747,0,171.714,0,11.980,7168,9333,2.290,1.170,0.640,1,0,521.131,0,0,11,28,0,42,0
23-06 08:34:35,18.783,30.303,49.837,0,0,1429356,849384,175860,5463880,4567.961,1622.828,0,184.321,0,16.028,6070,4818,2.430,1.220,0.650,6,0,616.074,0,0,11,28,0,42,0
23-06 08:34:36,72.760,23.503,3.751,0,0,1581764,696952,175864,5463900,6778.947,3797.530,0,88.012,0,7.001,4781,3450,2.430,1.220,0.650,4,0,415.058,0,0,11,29,0,42,0
23-06 08:34:37,65.963,7.746,25.735,0,0,1660924,617596,175868,5464092,26877.800,23045.967,0,247.860,0,24.986,6908,7909,2.430,1.220,0.650,3,0,0,0,0,11,31,0,43,0
23-06 08:34:38,71.031,17.007,11.005,0.250,0,1498088,780376,175896,5464120,15658.850,10780.716,0,1264.553,0,92.040,6234,7727,2.430,1.220,0.650,4,0,246.108,0,0,11,28,0,46,0
23-06 08:34:39,79.247,11.713,9.221,0,0,1633160,645252,175900,5464164,12038.557,9091.967,0,187.402,0,7.975,4569,2417,2.430,1.220,0.650,5,0,22.927,0,0,11,31,0,46,0
23-06 08:34:40,58.392,7.769,32.329,0,0,1652828,625356,175904,5464380,38339.427,33511.663,0,152.371,0,9.022,8798,13299,2.390,1.230,0.660,2,0,0,0,0,11,32,0,46,0
23-06 08:34:41,56.784,8.005,33.270,0.250,0,1639188,638736,175916,5464628,35308.387,30434.435,0,360.218,0,33.020,11194,16958,2.390,1.230,0.660,3,0,30.018,0,0,11,30,0,46,0
23-06 08:34:42,81.513,14.502,4.001,0.250,0,1577792,700096,175932,5464648,11331.759,7149.110,0,364.057,0,38.006,5773,5957,2.390,1.230,0.660,4,0,92.014,0,0,11,28,0,46,0
23-06 08:34:43,66.933,7.742,24.226,0,0.250,1672392,605432,175932,5464664,24090.992,21196.876,0,187.813,0,11.988,5287,5375,2.390,1.230,0.660,4,0,0,0,0,11,32,0,46,0
23-06 08:34:44,55.912,6.240,36.193,0,0,1672132,605432,175936,5464916,42432.882,37807.199,0,143.773,0,7.987,11842,18534,2.390,1.230,0.660,5,0,0,0,0,11,31,0,46,0
23-06 08:34:45,67.674,15.540,16.793,0,0,1442788,834564,175944,5465120,27346.189,22389.467,0,336.865,0,14.036,8821,11366,2.600,1.300,0.680,4,0,193.497,0,0,11,28,0,49,0
23-06 08:34:46,78.148,13.732,7.490,0,0,1617828,659496,175948,5465140,10653.087,7472.241,0,283.630,0,20.973,4968,2683,2.600,1.300,0.680,3,0,67.911,0,0,11,32,0,49,0
23-06 08:34:47,60.127,8.233,31.186,0,0,1659092,617956,175964,5465392,36048.235,31860.804,0,175.641,0,14.969,8245,12422,2.600,1.300,0.680,2,0,6.986,0,0,11,36,0,49,0
23-06 08:34:48,72.243,11.037,15.803,0,0.251,1591956,684876,175980,5465584,22766.622,17617.292,0,341.148,0,31.105,8177,11159,2.600,1.300,0.680,5,0,99.334,0,0,11,32,0,48,0
23-06 08:34:49,75.223,12.952,11.209,0,0,1615644,661176,175984,5465592,12982.271,10752.469,0,99.634,0,8.967,4857,2885,2.600,1.300,0.680,3,0,29.890,0,0,11,35,0,48,0
23-06 08:34:50,65.238,11.793,22.332,0.251,0,1593424,683332,175992,5465640,22235.176,18300.812,0,433.583,0,37.136,6370,7687,2.790,1.360,0.710,5,0,120.440,0,0,11,34,0,50,0
23-06 08:34:51,74.246,11.249,13.749,0,0,1673880,602668,175992,5465848,26259.642,21722.877,0,179.991,0,9.999,5647,10270,2.790,1.360,0.710,3,0,0,0,0,11,33,0,51,0
23-06 08:34:52,65.239,15.747,18.747,0,0,1608832,667656,175996,5465904,27589.166,23580.868,0,143.975,0,7.999,6623,8289,2.790,1.360,0.710,3,0,140.975,0,0,11,34,0,51,0
23-06 08:34:53,77.249,13.000,9.500,0,0,1596156,680304,175996,5465932,14325.842,10996.879,0,1083.988,0,9.000,5134,4050,2.790,1.360,0.710,3,0,85.999,0,0,11,34,0,53,0
23-06 08:34:54,71.628,11.730,16.721,0,0,1634768,641520,175996,5466104,23009.677,18609.197,0,139.761,0,6.988,5759,6558,2.790,1.360,0.710,4,0,66.886,0,0,11,34,0,55,0
23-06 08:34:55,73.111,9.232,17.217,0.250,0,1643048,633028,175996,5466304,21749.622,17824.090,0,327.377,0,35.932,5739,7526,2.890,1.400,0.730,5,0,0.998,0,0,11,33,0,57,0
23-06 08:34:56,57.434,13.794,28.341,0,0,1576168,699876,176008,5466324,15528.810,11612.247,0,2243.195,0,130.418,5187,4899,2.890,1.400,0.730,4,0,198.637,0,0,11,32,0,52,0
23-06 08:34:57,57.730,9.996,31.239,0,0,1574144,701888,176008,5466336,11066.116,7036.530,0,2055.279,0,45.984,3947,2389,2.890,1.400,0.730,4,0,59.979,0,0,11,33,0,52,0
23-06 08:34:58,52.541,10.258,36.278,0,0,1583640,692320,176012,5466400,24140.647,18898.598,0,212.164,0,17.013,4982,6703,2.890,1.400,0.730,3,0,97.075,0,0,11,34,0,53,0
23-06 08:34:59,60.509,9.001,29.754,0,0,1607552,668228,176020,5466572,13912.032,9909.447,0,192.028,0,9.001,4834,5133,2.890,1.400,0.730,3,0,43.006,0,0,11,32,0,55,0
23-06 08:35:00,53.158,9.484,37.186,0,0,1612820,662892,176020,5466640,15526.124,13541.560,0,183.682,0,13.976,4392,4468,2.900,1.430,0.740,2,0,42.926,0,0,11,34,0,54,0
23-06 08:35:01,41.506,9.001,47.757,0.250,0,1539428,736228,176024,5466680,21122.913,15836.184,0,548.076,0,66.009,5932,6391,2.900,1.430,0.740,0,0,89.012,0,0,11,34,0,55,0
23-06 08:35:02,34.794,10.764,53.317,0.250,0,1419612,855896,176024,5466828,12133.346,6988.840,0,240.304,0,22.028,5134,5073,2.900,1.430,0.740,2,0,135.171,0,0,11,32,0,57,0
23-06 08:35:03,40.204,6.493,52.439,0,0,1522928,752576,176024,5466832,10004.448,6229.806,0,147.829,0,9.988,2840,1898,2.900,1.430,0.740,2,0,0,0,0,11,33,0,57,0
23-06 08:35:04,34.729,6.746,57.465,0.250,0,1517320,758124,176024,5466892,17438.343,13345.844,0,183.888,0,13.991,5400,6082,2.900,1.430,0.740,2,0,33.979,0,0,11,33,0,57,0
23-06 08:35:05,39.220,10.742,49.212,0,0,1538428,736964,176040,5466924,8190.753,4402.642,0,295.774,0,29.977,4170,3076,2.830,1.440,0.750,1,0,103.921,0,0,11,33,0,58,0
23-06 08:35:06,36.066,4.508,57.856,0.501,0,1552648,722704,176068,5466936,15211.776,10968.027,0,2324.244,0,145.265,3933,4181,2.830,1.440,0.750,3,0,7.013,0,0,11,33,0,59,0
23-06 08:35:07,39.171,7.235,52.394,0,0,1542872,732324,176068,5467092,10860.994,7100.613,0,123.749,0,12.974,4653,4424,2.830,1.440,0.750,2,0,52.893,0,0,11,32,0,60,0
23-06 08:35:08,39.097,6.015,54.386,0,0,1526360,748824,176068,5467104,12025.975,8223.497,0,104.260,0,8.020,3500,2742,2.830,1.440,0.750,2,0,6.015,0,0,11,33,0,57,0
23-06 08:35:09,34.490,6.748,57.233,0,0,1491524,783624,176068,5467140,18294.698,14536.787,0,115.966,0,7.998,5171,5644,2.830,1.440,0.750,2,0,42.988,0,0,11,33,0,58,0
23-06 08:35:10,40.424,6.488,52.401,0.250,0,1497104,778024,176080,5467148,8762.450,6058.557,0,127.759,0,16.968,3618,3025,2.760,1.450,0.750,1,0,4.991,0,0,11,33,0,59,0
23-06 08:35:11,34.503,4.500,60.506,0,0,1517000,758096,176080,5467180,18720.743,14997.397,0,148.014,0,8.001,3955,4506,2.760,1.450,0.750,1,0,0,0,0,11,34,0,59,0
23-06 08:35:12,30.582,13.787,53.393,0,0,1486912,788072,176088,5467272,13074.902,8595.946,0,320.856,0,33.088,5441,6072,2.760,1.450,0.750,3,0,233.624,0,0,11,32,0,56,0
23-06 08:35:13,22.183,6.481,70.539,0,0,1513340,761644,176092,5467268,5443.681,1615.158,0,442.673,0,55.833,2279,1595,2.760,1.450,0.750,2,0,48.854,0,0,11,32,0,56,0
23-06 08:35:14,17.995,2.249,77.977,0,0,1500996,773976,176096,5467276,11652.598,8342.564,0,159.953,0,9.997,2483,2611,2.760,1.450,0.750,1,0,0,0,0,11,33,0,56,0
23-06 08:35:15,14.293,9.278,75.226,0.251,0,1393968,880976,176100,5467300,9334.049,5554.692,0,706.122,0,55.166,4219,4354,2.700,1.460,0.760,1,0,133.401,0,0,11,32,0,57,0
23-06 08:35:16,15.994,12.495,70.722,0.250,0,1395024,879912,176104,5467304,6314.544,1619.370,0,203.921,0,12.995,3296,2231,2.700,1.460,0.760,1,0,150.941,0,0,11,32,0,53,0
23-06 08:35:17,18.980,2.497,77.920,0,0,1429452,845476,176104,5467312,12038.590,6711.082,0,0,0,0,2080,1692,2.700,1.460,0.760,1,0,0,0,0,11,33,0,53,0
23-06 08:35:18,18.501,4.250,75.003,0,0,1403404,871500,176104,5467332,12346.499,7204.291,0,272.011,0,9.000,3636,3935,2.700,1.460,0.760,2,0,38.002,0,0,11,32,0,54,0
23-06 08:35:19,20.735,4.996,73.695,0,0,1440092,834812,176104,5467332,5216.136,1660.770,0,7.994,0,1.999,1919,1296,2.700,1.460,0.760,3,0,8.993,0,0,11,32,0,54,0
23-06 08:35:20,22.042,5.761,71.136,0,0,1439664,835148,176116,5467412,11909.738,8309.865,0,204.390,0,18.034,3536,8888,2.560,1.450,0.760,1,0,36.069,0,0,11,33,0,55,0
23-06 08:35:21,19.986,2.248,75.698,0.250,0,1439488,835148,176132,5467572,12438.494,8831.960,0,587.598,0,40.972,4087,5260,2.560,1.450,0.760,1,0,0,0,0,11,32,0,52,0
23-06 08:35:22,7.998,23.244,67.481,0,0,1384712,889780,176132,5467716,3896.911,959.732,0,3.999,0,1.000,5113,3347,2.560,1.450,0.760,1,0,319.911,0,0,11,32,0,52,0
23-06 08:35:23,20.247,21.747,55.991,0.250,0,1388840,885628,176160,5467712,4195.329,1133.819,0,227.964,0,17.997,5033,3753,2.560,1.450,0.760,2,0,305.951,0,0,11,32,0,54,0
23-06 08:35:24,43.805,7.259,49.062,0,0,1519576,753704,176168,5468800,4477.648,1513.910,0,1029.298,0,18.023,2921,1526,2.560,1.450,0.760,2,0,2.003,0,0,11,32,0,54,0
23-06 08:35:25,38.602,6.973,44.828,7.471,0,1540156,727268,176752,5473608,4694.040,1506.237,0,18381.670,0,1920.651,10118,18293,2.600,1.470,0.770,6,1,92.646,0,0,11,36,0,49,0
23-06 08:35:26,35.620,10.285,38.379,12.291,0,1504768,759048,177324,5476456,4865.402,1517.114,0,45035.824,0,3837.938,16052,29616,2.600,1.470,0.770,2,0,70.237,0,0,11,36,0,49,0
23-06 08:35:27,41.738,8.248,43.987,4.749,0,1505068,759048,177456,5476004,4424.739,1565.554,0,21161.971,0,1631.535,8226,12871,2.600,1.470,0.770,2,0,12.996,0,0,11,32,0,49,0
23-06 08:35:28,45.225,6.247,46.974,1.249,0,1523104,740932,177516,5476024,4843.335,1565.139,0,14420.065,0,788.566,4140,4546,2.600,1.470,0.770,2,0,1.999,0,0,11,32,0,49,0
23-06 08:35:29,35.805,8.763,42.064,10.015,0,1545532,717844,177808,5476384,4566.969,1622.476,0,12330.816,0,2131.252,14425,24414,2.600,1.470,0.770,1,1,3.005,0,0,11,34,0,47,0
23-06 08:35:30,34.404,9.723,51.357,2.742,0,1512832,750192,177996,5476540,4593.246,1561.664,0,9972.310,0,876.566,6934,9107,2.470,1.470,0.770,2,0,98.726,0,0,11,32,0,47,0
23-06 08:35:31,22.790,4.508,72.126,0.250,0.250,1572620,690364,178032,5476540,4765.322,1622.834,0,3542.186,0,201.352,2341,2290,2.470,1.470,0.770,1,0,2.003,0,0,11,32,0,47,0
23-06 08:35:32,23.453,1.996,72.855,0.250,0,1539740,723236,178036,5476540,4670.705,1616.783,0,610.785,0,37.925,1914,1404,2.470,1.470,0.770,1,0,0.998,0,0,11,32,0,47,0
23-06 08:35:33,22.544,3.757,72.390,0.751,0,1523364,739540,178084,5476564,4737.156,1569.033,0,5410.458,0,306.593,2412,2586,2.470,1.470,0.770,2,0,0,0,0,11,32,0,46,0
23-06 08:35:34,22.480,3.247,73.683,0,0,1513136,749756,178084,5476576,4661.759,1564.577,0,3.996,0,0.999,1756,1082,2.470,1.470,0.770,2,0,2.997,0,0,11,32,0,46,0
23-06 08:35:35,22.006,4.001,73.521,0,0,1533840,729052,178084,5476576,4739.340,1512.428,0,0,0,0,1771,1294,2.350,1.460,0.780,1,0,0,0,0,11,32,0,46,0
23-06 08:35:36,22.755,4.001,72.767,0.250,0,1561144,701756,178084,5476572,4298.004,1134.265,0,1752.409,0,213.050,1836,1286,2.350,1.460,0.780,1,0,3.001,0,0,11,32,0,46,0
23-06 08:35:37,22.752,2.250,74.007,0,0,1505808,756980,178084,5476652,4710.470,1404.140,0,4.000,0,1.000,1727,1118,2.350,1.460,0.780,1,0,1.000,0,0,11,32,0,41,0
23-06 08:35:38,23.006,3.751,73.270,0,0,1525244,737540,178084,5476652,4873.319,1566.424,0,180.049,0,2.001,1795,1174,2.350,1.460,0.780,1,0,3.001,0,0,11,32,0,41,0
23-06 08:35:39,23.261,2.501,73.284,0,0,1489320,773356,178100,5476748,4654.180,1512.708,0,124.058,0,13.006,1914,1452,2.350,1.460,0.780,2,0,1.000,0,0,11,32,0,41,0
23-06 08:35:40,21.719,3.994,73.145,0,0,1491764,770904,178108,5476748,4479.555,1563.750,0,439.368,0,30.955,1879,1448,2.240,1.450,0.780,2,0,0.999,0,0,11,32,0,41,0
23-06 08:35:41,22.761,3.252,73.537,0,0,1497596,765044,178108,5476776,4911.459,1512.757,0,192.096,0,37.019,1814,1278,2.240,1.450,0.780,1,0,0,0,0,11,32,0,37,0
23-06 08:35:42,22.966,2.496,73.390,0,0,1523804,738836,178108,5476776,4419.406,1563.667,0,27.958,0,3.994,1763,1103,2.240,1.450,0.780,3,0,1.997,0,0,11,32,0,37,0
23-06 08:35:43,21.516,4.503,73.554,0,0,1472188,790432,178108,5476796,4295.143,1284.940,0,4.003,0,1.001,1838,1371,2.240,1.450,0.780,3,0,1.001,0,0,11,32,0,37,0
23-06 08:35:44,23.011,3.502,73.284,0,0,1462508,800096,178108,5476812,3803.757,1242.574,0,0,0,0,1746,1165,2.240,1.450,0.780,2,0,1.000,0,0,11,32,0,37,0
23-06 08:35:45,21.977,3.496,73.424,0,0,1469096,793480,178112,5476836,4495.327,1618.318,0,115.880,0,2.997,1815,1219,2.140,1.440,0.780,1,0,1.998,0,0,11,32,0,35,0
23-06 08:35:46,19.807,6.017,73.711,0,0,1447140,815328,178112,5476944,5075.525,1718.919,0,0,0,0,2446,1609,2.140,1.440,0.780,1,0,64.184,0,0,11,32,0,35,0
23-06 08:35:47,8.500,23.001,66.752,0,0,1437792,824576,178112,5477032,4260.107,1620.041,0,640.016,0,7.000,5419,3817,2.140,1.440,0.780,1,0,360.009,0,0,11,32,0,35,0
23-06 08:35:48,7.749,20.748,69.744,0,0,1406116,856056,178112,5477184,4585.631,1619.870,0,451.964,0,7.999,5253,3600,2.140,1.440,0.780,1,0,301.976,0,0,11,32,0,35,0
23-06 08:35:49,8.748,21.494,68.232,0.250,0,1404064,858064,178112,5477224,4212.907,1565.594,0,527.863,0,16.996,5849,4414,2.140,1.440,0.780,1,0,374.903,0,0,11,32,0,31,0
23-06 08:35:50,10.988,17.231,70.421,0.250,0,1394520,867584,178112,5477244,4626.807,1564.244,0,503.435,0,29.966,4818,3547,2.050,1.440,0.780,1,0,274.692,0,0,11,32,0,31,0
23-06 08:35:51,22.236,3.998,73.205,0,0,1455028,807092,178112,5477228,4480.253,1619.007,0,0,0,0,1864,1314,2.050,1.440,0.780,4,0,0,0,0,11,32,0,31,0
23-06 08:35:52,21.992,3.499,73.475,0,0.250,1444564,817540,178112,5477244,4704.372,1565.458,0,19.993,0,1.999,1820,1133,2.050,1.440,0.780,2,0,2.999,0,0,11,32,0,31,0
23-06 08:35:53,21.000,4.750,73.252,0,0,1478856,783268,178112,5477224,4666.103,1566.035,0,0,0,0,1804,1274,2.050,1.440,0.780,1,0,0,0,0,11,32,0,25,0
23-06 08:35:54,21.744,4.249,73.728,0,0,1524204,737920,178112,5477224,4916.543,1511.552,0,19.994,0,1.000,1761,1094,2.050,1.440,0.780,1,0,1.999,0,0,11,32,0,25,0
23-06 08:35:55,22.003,4.000,73.509,0,0,1475864,786240,178112,5477244,5352.625,1566.183,0,76.009,0,4.000,1866,1334,1.970,1.430,0.780,1,0,1.000,0,0,11,32,0,25,0
23-06 08:35:56,22.257,3.251,73.274,0,0,1498604,763512,178112,5477232,5056.660,1512.496,0,12.004,0,1.000,1797,1124,1.970,1.430,0.780,2,0,2.001,0,0,11,32,0,25,0
23-06 08:35:57,23.258,3.001,73.275,0,0,1456584,805516,178112,5477248,5487.874,1620.553,0,2112.721,0,10.003,1800,1135,1.970,1.430,0.780,1,0,1.000,0,0,11,32,0,19,0
23-06 08:35:58,22.494,3.999,72.982,0,0,1492840,769280,178112,5477224,6800.295,1241.689,0,623.844,0,117.970,1913,1251,1.970,1.430,0.780,1,0,2.999,0,0,11,32,0,19,0
23-06 08:35:59,22.479,3.247,72.683,0,0.250,1466492,795596,178116,5477248,5089.307,1132.955,0,239.779,0,9.991,1969,1514,1.970,1.430,0.780,2,0,1.998,0,0,11,32,0,19,0
23-06 08:36:00,22.511,4.252,73.786,0,0,1486860,775240,178116,5477236,3835.872,1134.554,0,304.148,0,22.011,1789,1362,1.890,1.420,0.780,1,0,0,0,0,11,32,0,19,0
23-06 08:36:01,22.248,3.000,72.994,0,0,1512704,749396,178116,5477236,5208.574,1511.876,0,15.999,0,2.000,1755,1115,1.890,1.420,0.780,1,0,2.000,0,0,11,32,0,19,0
23-06 08:36:02,22.005,4.001,73.765,0,0,1477688,784400,178116,5477248,4426.927,1636.343,0,44.009,0,1.000,1846,1314,1.890,1.420,0.780,1,0,1.000,0,0,11,32,0,15,0
23-06 08:36:03,22.490,3.499,73.219,0,0,1506064,756052,178116,5477220,4636.023,1457.378,0,0,0,0,1768,1165,1.890,1.420,0.780,3,0,1.999,0,0,11,32,0,15,0
23-06 08:36:04,22.503,3.500,73.510,0,0,1464876,797208,178116,5477252,5160.727,1620.228,0,28.004,0,1.000,1741,1082,1.890,1.420,0.780,1,0,1.000,0,0,11,32,0,15,0
23-06 08:36:05,21.997,3.750,73.741,0,0,1480900,781272,178116,5477164,5759.293,1619.801,0,55.993,0,2.000,1742,1102,1.820,1.410,0.790,2,0,2.000,0,0,11,32,0,15,0
23-06 08:36:06,24.258,2.251,73.525,0,0,1505256,756916,178116,5477164,5478.834,1620.542,0,88.029,0,1.000,1671,1024,1.820,1.410,0.790,1,0,0,0,0,11,32,0,11,0
23-06 08:36:07,21.506,4.251,73.271,0,0,1471904,790180,178116,5477252,5367.566,1620.473,0,64.019,0,3.001,1911,1501,1.820,1.410,0.790,1,0,1.000,0,0,11,32,0,11,0
23-06 08:36:08,21.998,4.000,73.243,0,0,1441888,820196,178116,5477252,5065.522,1619.847,0,0,0,0,1838,1323,1.820,1.410,0.790,1,0,2.000,0,0,11,32,0,11,0
23-06 08:36:09,22.991,3.499,73.222,0.500,0,1476548,785548,178116,5477240,4690.236,1565.411,0,283.893,0,42.984,2028,1642,1.820,1.410,0.790,1,0,1.999,0,0,11,32,0,11,0
23-06 08:36:10,23.257,2.501,73.273,0,0,1431092,830984,178116,5477260,4351.363,1404.440,0,452.142,0,29.009,1860,1412,1.750,1.410,0.790,1,0,1.000,0,0,11,32,0,8,0
23-06 08:36:11,22.751,3.250,73.254,0,0,1427252,834824,178116,5477260,3839.201,1080.056,0,24.001,0,1.000,1755,1141,1.750,1.410,0.790,1,0,1.000,0,0,11,32,0,8,0
23-06 08:36:12,22.760,2.751,73.783,0,0,1468916,793168,178116,5477252,4473.981,1512.670,0,408.181,0,65.029,1727,1217,1.750,1.410,0.790,1,0,0,0,0,11,32,0,8,0
23-06 08:36:13,22.751,3.250,73.254,0,0,1503188,758896,178116,5477252,4786.242,1566.079,0,20.001,0,3.000,1812,1191,1.750,1.410,0.790,1,0,2.000,0,0,11,32,0,8,0
23-06 08:36:14,13.779,15.032,69.897,0,0,1454248,807764,178116,5477308,4467.417,1503.169,0,264.558,0,34.072,4195,2836,1.750,1.410,0.790,1,0,238.503,0,0,11,32,0,5,0
23-06 08:36:15,12.468,16.458,70.070,0,0,1448920,813092,178120,5477316,4745.775,1454.254,0,199.486,0,8.977,4204,3163,1.690,1.400,0.790,1,0,221.430,0,0,11,32,0,5,0
23-06 08:36:16,22.785,3.505,72.862,0.250,0,1505460,756532,178128,5477328,5864.050,1460.253,0,2788.303,0,128.198,2087,1774,1.690,1.400,0.790,1,0,0,0,0,11,32,0,5,0
23-06 08:36:17,22.703,3.243,73.347,0,0,1479820,781924,178128,5477572,6378.694,1508.853,0,119.750,0,1.996,1910,1182,1.690,1.400,0.790,1,0,8.981,0,0,11,32,0,5,0
23-06 08:36:18,22.783,3.255,73.357,0,0,1491536,770208,178128,5477572,6807.888,1460.121,0,0,0,0,1883,1284,1.690,1.400,0.790,2,0,1.001,0,0,11,32,0,4,0
23-06 08:36:19,16.759,13.257,68.536,0,0,1474440,787208,178128,5477664,4820.521,1458.763,40.021,232.121,2.001,15.008,3872,2948,1.690,1.400,0.790,1,0,221.116,0,0,11,32,0,4,0
23-06 08:36:20,12.751,23.502,61.506,0.250,0.250,1433452,828120,178128,5477660,5012.484,1512.146,0,704.068,0,55.005,5916,11396,1.720,1.410,0.790,1,0,382.037,0,0,11,32,0,5,0
23-06 08:36:21,8.008,22.524,68.072,0,0,1434268,827276,178128,5477760,4733.981,1555.637,0,192.202,0,6.006,5360,3696,1.720,1.410,0.790,1,0,332.350,0,0,11,32,0,5,0
23-06 08:36:22,7.994,22.233,67.699,0,0,1435792,825736,178128,5477776,5455.913,1618.787,0,91.931,0,1.999,5233,3545,1.720,1.410,0.790,1,0,310.767,0,0,11,32,0,3,0
23-06 08:36:23,7.756,22.267,68.552,0,0,1419908,841596,178128,5477796,5284.037,1621.239,0,360.275,0,6.005,5264,3596,1.720,1.410,0.790,0,0,318.243,0,0,11,32,0,3,0
23-06 08:36:24,8.745,22.487,67.712,0,0,1412516,848964,178128,5477816,4557.451,1619.095,0,967.459,0,10.994,5657,4014,1.720,1.410,0.790,4,0,397.778,0,0,11,32,0,3,0
23-06 08:36:25,8.239,22.471,67.661,0,0,1408684,852772,178128,5477836,5093.332,1617.882,0,882.844,0,10.986,5634,4025,1.740,1.420,0.800,1,0,387.493,0,0,11,32,0,3,0
23-06 08:36:26,8.004,21.512,69.289,0.250,0,1404748,856688,178128,5477856,4819.697,1620.907,0,936.524,0,40.022,5497,3891,1.740,1.420,0.800,2,0,369.207,0,0,11,32,0,1,0
23-06 08:36:27,7.248,21.245,69.735,0,0,1396732,864676,178128,5477884,4978.943,1619.656,0,167.964,0,5.999,5380,3732,1.740,1.420,0.800,3,0,334.929,0,0,11,32,0,1,0
23-06 08:36:28,7.753,22.008,68.775,0,0,1387144,874244,178128,5477904,4879.782,1458.533,0,140.051,0,5.002,5114,3476,1.740,1.420,0.800,1,0,295.108,0,0,11,32,0,1,0
23-06 08:36:29,8.501,21.752,68.007,0,0,1375352,886008,178128,5477924,5100.522,1620.166,0,196.020,0,7.001,5193,3430,1.740,1.420,0.800,2,0,294.030,0,0,11,32,0,1,0
23-06 08:36:30,7.757,23.021,67.560,0,0,1367804,893540,178128,5477940,4582.091,1459.303,0,40.036,0,10.009,5454,3720,1.760,1.430,0.810,1,0,356.318,0,0,11,32,0,1,0
23-06 08:36:31,8.747,20.492,68.223,0,0,1330132,931168,178136,5477972,5234.919,1619.356,0,83.967,0,4.998,5416,3944,1.760,1.430,0.810,1,0,327.870,0,0,11,32,0,1,0
23-06 08:36:32,24.256,31.257,43.260,0,0,1371860,889408,178144,5477996,4357.033,1296.307,0,564.134,0,26.006,6568,5405,1.760,1.430,0.810,3,0,593.141,0,0,11,34,0,4,0
23-06 08:36:33,61.779,16.508,21.260,0.250,0,1545696,715192,178152,5478368,4344.042,1242.584,0,644.303,0,41.019,4393,3059,1.760,1.430,0.810,3,0,181.085,0,0,11,32,0,7,0
23-06 08:36:34,54.720,11.993,26.985,5.747,0,1623392,629048,178616,5485516,4949.284,1511.171,371.796,17946.152,2.998,1309.282,8888,13372,1.760,1.430,0.810,2,1,57.968,0,0,11,38,0,7,0
23-06 08:36:35,36.246,12.249,33.746,14.748,0.250,1591324,651260,179412,5493972,4845.485,1565.833,0,80763.411,0,5682.396,20432,40954,1.860,1.460,0.820,4,0,153.984,0,0,11,36,0,8,0
23-06 08:36:36,41.648,10.225,31.423,14.215,0,1664660,568500,179672,5502776,5205.291,2193.644,0,74557.958,0,5624.268,18408,38434,1.860,1.460,0.820,2,0,68.832,0,0,11,37,0,8,0
23-06 08:36:37,37.611,9.027,35.856,14.041,0,1661176,564732,180120,5509348,12961.276,9297.457,0,78804.721,0,5952.579,20315,40616,1.860,1.460,0.820,4,0,36.107,0,0,11,37,0,8,0
23-06 08:36:38,37.990,20.995,30.242,9.248,0,1540368,678748,180468,5515884,6173.425,2344.402,295.925,26021.361,3.999,2109.462,12713,20986,1.860,1.460,0.820,8,0,338.914,0,0,11,34,0,9,0
23-06 08:36:39,43.744,21.497,21.997,9.749,0,1570376,641844,180828,5521808,7165.073,3916.493,931.879,48598.710,14.998,3552.540,15947,31880,1.860,1.460,0.820,5,0,198.974,0,0,11,35,0,9,0
23-06 08:36:40,34.975,15.489,36.973,10.243,0,1581336,625972,180992,5526356,15259.990,11316.835,667.518,70249.313,11.991,4652.643,18754,36877,2.190,1.530,0.850,4,0,149.892,0,0,11,35,0,9,0
23-06 08:36:41,29.504,7.251,47.757,12.002,0,1530568,673868,181108,5529024,12855.891,9130.343,0,31452.625,0,3006.442,16121,29471,2.190,1.530,0.850,3,1,72.011,0,0,11,34,0,9,0
23-06 08:36:42,34.515,10.505,40.018,12.505,0,1577492,627100,181352,5528600,4682.056,1662.730,0,56484.802,0,4487.971,16922,32221,2.190,1.530,0.850,2,1,36.016,0,0,11,34,0,9,0
23-06 08:36:43,32.456,7.490,45.688,12.233,0,1593636,608584,181588,5530692,11889.752,8567.292,0,40560.571,0,3656.004,15525,29655,2.190,1.530,0.850,5,0,41.943,0,0,11,35,0,9,0
23-06 08:36:44,32.294,6.509,48.065,10.514,0,1589312,612240,181708,5531212,18026.379,13802.667,0,49470.904,0,4183.658,19321,36288,2.190,1.530,0.850,2,0,30.041,0,0,11,35,0,9,0
23-06 08:36:45,39.700,10.237,40.199,8.240,0,1528920,670268,181748,5533484,5754.750,2748.537,0,21373.073,0,2310.090,12559,21903,2.500,1.610,0.880,3,0,112.858,0,0,11,36,0,10,0
23-06 08:36:46,33.535,8.259,44.296,11.262,0,1575668,619964,181804,5536876,10034.388,6698.935,0,55129.074,0,4524.684,17318,33635,2.500,1.610,0.880,3,0,51.053,0,0,11,37,0,10,0
23-06 08:36:47,29.755,9.502,46.757,11.002,0,1570028,622432,181928,5539808,12914.050,10100.603,0,62209.875,0,4874.774,20098,38819,2.500,1.610,0.880,0,1,66.010,0,0,11,37,0,10,0
23-06 08:36:48,31.750,8.500,45.000,11.250,0,1480192,709144,182092,5542688,11332.978,7537.986,0,45191.914,0,4068.992,18490,35072,2.500,1.610,0.880,2,2,130.000,0,0,11,36,0,10,0
23-06 08:36:49,35.995,10.248,38.744,12.248,0,1543904,642688,182152,5545284,3907.422,1187.824,0,56843.594,0,4663.310,18155,34336,2.500,1.610,0.880,1,1,50.992,0,0,11,36,0,10,0
23-06 08:36:50,28.513,8.254,48.271,12.005,0,1564708,627172,182168,5539992,12875.681,9709.284,0,44599.677,0,4018.773,18076,34675,2.620,1.650,0.890,1,1,12.005,0,0,11,37,0,10,0
23-06 08:36:51,30.945,7.487,49.911,9.483,0,1561144,628596,182200,5542092,16076.230,12236.102,0,34422.397,0,2915.782,15941,29356,2.620,1.650,0.890,3,0,35.936,0,0,11,35,0,11,0
23-06 08:36:52,37.332,16.035,43.846,2.004,0,1400328,789376,182220,5542108,5995.160,2758.054,0,19250.258,0,1120.460,6825,8342,2.620,1.650,0.890,3,0,215.473,0,0,11,32,0,12,0
23-06 08:36:53,18.952,4.987,74.313,0.249,0,1430140,759520,182220,5542152,10263.166,6593.403,0,973.549,0,57.854,2605,2372,2.620,1.650,0.890,1,0,51.869,0,0,11,33,0,12,0
23-06 08:36:54,19.003,4.751,74.511,0.250,0,1409396,780004,182224,5542408,8751.321,5270.796,0,3884.586,0,276.042,3613,3859,2.620,1.650,0.890,1,0,34.005,0,0,11,32,0,13,0
23-06 08:36:55,22.003,3.500,73.509,0,0,1435084,754312,182224,5542412,4999.607,1626.198,0,4.000,0,1.000,1792,1180,2.490,1.640,0.890,0,0,0,0,0,11,32,0,13,0
23-06 08:36:56,16.995,1.500,80.726,0.250,0,1435208,754088,182224,5542512,11701.578,8063.642,0,159.953,0,15.995,2470,2581,2.490,1.640,0.890,1,0,0,0,0,11,32,0,14,0
23-06 08:36:57,17.766,8.258,73.067,0,0,1452208,737080,182228,5542516,5294.874,1621.493,0,440.405,0,11.010,2486,1749,2.490,1.640,0.890,1,0,60.055,0,0,11,32,0,14,0
23-06 08:36:58,18.769,3.504,76.829,0,0,1477396,711880,182228,5542528,10751.111,6761.989,0,136.141,0,17.018,2232,2047,2.490,1.640,0.890,2,0,1.001,0,0,11,33,0,14,0
23-06 08:36:59,18.697,4.737,73.541,0.499,0,1449404,739840,182236,5542552,11365.760,6950.285,0,7071.940,0,333.055,4360,5219,2.490,1.640,0.890,3,0,42.878,0,0,11,32,0,15,0
23-06 08:37:00,21.524,5.256,73.080,0.250,0,1447840,741276,182236,5542680,5191.716,1621.786,0,1157.274,0,77.085,2123,1880,2.370,1.620,0.900,1,0,0,0,0,11,32,0,15,0
23-06 08:37:01,16.996,2.499,79.231,0,0,1462432,726672,182236,5542692,12329.969,8574.892,0,39.990,0,5.999,2537,2674,2.370,1.620,0.900,1,0,0,0,0,11,33,0,15,0
23-06 08:37:02,13.764,7.508,76.078,0,0,1425920,763120,182240,5542752,9470.728,5438.586,0,140.144,0,14.014,3812,3714,2.370,1.620,0.900,2,0,89.092,0,0,11,32,0,16,0
23-06 08:37:03,8.252,23.007,68.021,0,0,1413716,775204,182240,5542872,5461.649,1620.489,0,708.214,0,15.005,5342,3520,2.370,1.620,0.900,1,0,324.098,0,0,11,32,0,16,0
23-06 08:37:04,24.980,24.980,47.711,0.500,0.250,1410248,778472,182256,5543056,5163.797,1187.034,0,803.346,0,60.950,5988,4729,2.370,1.620,0.900,3,0,383.688,0,0,11,32,0,22,0
23-06 08:37:05,63.036,12.757,23.513,0,0,1570124,617724,182276,5543908,4912.795,1350.768,0,300.171,0,17.010,3951,1756,2.420,1.650,0.910,3,0,3.002,0,0,11,32,0,22,0
23-06 08:37:06,65.749,10.000,23.750,0.250,0.250,1702952,481924,182392,5546392,5314.909,1457.975,0,2727.953,0,99.998,4028,1788,2.420,1.650,0.910,3,0,0,0,0,11,32,0,22,0
23-06 08:37:07,51.064,8.260,33.792,6.258,0,1794220,381180,182544,5555156,4703.876,1459.823,0,22708.365,0,1639.047,10983,16491,2.420,1.650,0.910,3,0,111.139,0,0,11,38,0,22,0
23-06 08:37:08,26.751,9.250,45.502,14.251,0,1793552,370148,182644,5566296,4726.242,1566.080,0,93792.805,0,6855.351,24545,48860,2.420,1.650,0.910,5,1,232.012,0,0,11,38,0,22,0
23-06 08:37:09,23.995,10.748,46.741,15.497,0,1792652,362112,182692,5574932,4301.190,1511.715,0,111243.053,0,7841.523,26014,51392,2.420,1.650,0.910,1,1,161.970,0,0,11,38,0,22,0
23-06 08:37:10,36.510,11.253,37.260,12.503,0,1713748,431916,182824,5583560,4185.159,1458.404,0,53186.725,0,4372.211,18465,35183,2.870,1.750,0.950,2,2,255.071,0,0,11,36,0,22,0
23-06 08:37:11,46.188,10.236,29.461,11.984,0,1771488,365692,182872,5591692,4315.222,1456.050,0,74895.709,0,5116.149,17625,35899,2.870,1.750,0.950,2,1,66.910,0,0,11,36,0,22,0
23-06 08:37:12,38.224,10.993,34.227,13.241,0,1822412,302588,182896,5603352,4121.198,1457.009,0,89163.372,0,6039.893,17658,40194,2.870,1.750,0.950,4,1,19.986,0,0,11,36,0,22,0
23-06 08:37:13,42.297,10.011,32.787,13.265,0,1771588,349392,182928,5607220,4729.301,1459.636,0,70138.621,0,5583.259,19720,40074,2.870,1.750,0.950,9,0,128.144,0,0,11,36,0,22,0
23-06 08:37:14,37.699,10.985,43.441,5.992,0,1609208,510552,182936,5608400,4418.035,1497.977,0,40061.909,0,2906.076,11193,20075,2.870,1.750,0.950,1,0,227.693,0,0,11,32,0,22,0
23-06 08:37:15,17.718,8.734,72.120,0.250,0,1486940,632800,182936,5608416,5160.677,1617.079,0,898.377,0,46.915,2835,1991,2.720,1.740,0.950,2,0,94.829,0,0,11,32,0,22,0
23-06 08:37:16,23.032,3.505,72.099,0.250,0,1538444,581288,182940,5608420,5905.104,1622.226,0,5086.982,0,295.405,2290,2543,2.720,1.740,0.950,1,0,0,0,0,11,32,0,22,0
23-06 08:37:17,24.265,2.502,73.046,0.250,0,1558924,560804,182940,5608424,6193.873,1621.014,0,108.068,0,10.006,2345,1981,2.720,1.740,0.950,1,0,2.001,0,0,11,38,0,22,0
23-06 08:37:18,20.998,4.500,72.994,0,0,1418872,700848,182940,5608432,6797.407,1457.873,0,79.993,0,5.999,2233,1464,2.720,1.740,0.950,1,0,27.998,0,0,11,32,0,22,0
23-06 08:37:19,22.253,3.750,73.009,0,0,1479388,640332,182940,5608432,5640.691,1620.199,0,508.062,0,43.005,1878,1270,2.720,1.740,0.950,1,0,1.000,0,0,11,32,0,22,0
23-06 08:37:20,29.500,5.250,64.251,0,0,1512868,606852,182940,5608432,4860.063,1620.021,0,340.004,0,63.001,3093,8521,2.820,1.780,0.960,1,0,38.000,0,0,11,34,0,23,0
23-06 08:37:21,14.273,27.544,57.843,0,0,1460708,658980,182940,5608464,5065.136,1622.606,0,312.502,0,21.034,5485,4418,2.820,1.780,0.960,3,0,559.899,0,0,11,32,0,23,0
23-06 08:37:22,10.746,35.238,52.233,0.250,0,1452244,667396,182940,5608508,4234.588,1337.554,0,287.904,0,23.992,6742,5690,2.820,1.780,0.960,1,0,752.749,0,0,11,32,0,23,0
23-06 08:37:23,7.499,22.998,67.993,0,0,1449084,670548,182940,5608516,2923.693,161.983,0,135.986,0,10.999,4920,3240,2.820,1.780,0.960,2,0,303.968,0,0,11,32,0,22,0
23-06 08:37:24,7.749,20.997,68.491,0,0,1448444,671112,182940,5608588,4697.351,1457.799,0,7.999,0,2.000,5173,3595,2.820,1.780,0.960,1,0,302.958,0,0,11,32,0,22,0
23-06 08:37:25,8.750,21.250,68.749,0,0,1420508,699024,182940,5608612,4559.937,1619.978,0,20.000,0,5.000,5206,3540,2.670,1.760,0.960,1,0,274.996,0,0,11,32,0,22,0
23-06 08:37:26,9.727,20.700,67.338,0,0,1394408,725092,182940,5608984,4823.417,1454.507,0,31.923,0,7.981,5736,4655,2.670,1.760,0.960,4,0,297.286,0,0,11,32,0,22,0
23-06 08:37:27,27.344,17.560,54.687,0,0.251,1422308,697120,182948,5609096,5015.173,1463.010,0,4.014,0,1.003,5239,5819,2.670,1.760,0.960,3,0,237.814,0,0,11,32,0,22,0
23-06 08:37:28,43.410,7.235,47.901,0,0,1523244,596068,182948,5609216,4849.942,1616.647,0,255.470,0,3.992,2959,1544,2.670,1.760,0.960,4,0,7.983,0,0,11,33,0,22,0
23-06 08:37:29,50.309,3.754,45.303,0,0,1593960,525312,182964,5609240,4042.715,1459.702,0,344.402,0,19.022,3886,2953,2.670,1.760,0.960,3,0,17.020,0,0,11,49,0,22,0
23-06 08:37:30,41.787,8.758,48.793,0.250,0,1645880,468864,183024,5613304,4043.602,1459.300,0,1641.462,0,132.118,4664,7522,2.620,1.770,0.970,2,0,47.042,0,0,11,48,0,22,0
23-06 08:37:31,8.494,21.235,67.704,0,0,1645016,469688,183028,5613672,4661.813,1457.004,0,4309.054,0,295.798,6309,6088,2.620,1.770,0.970,10,0,346.763,0,0,11,48,0,22,0
23-06 08:37:32,14.715,8.979,74.573,0.249,0,1655892,458616,183028,5613464,4267.884,1454.552,0,171.593,0,9.976,3882,4959,2.620,1.770,0.970,0,0,98.766,0,0,11,48,0,22,0
23-06 08:37:33,0.751,0.501,97.668,0,0,1655892,458616,183028,5613464,4567.835,1622.784,0,124.213,0,13.022,839,1221,2.620,1.770,0.970,0,0,3.005,0,0,11,48,0,22,0
23-06 08:37:34,0.999,0.250,98.432,0.250,0,1655892,458616,183028,5613464,4556.842,1618.878,0,63.956,0,5.996,749,994,2.620,1.770,0.970,0,0,1.999,0,0,11,48,0,22,0
23-06 08:37:35,0.250,0.750,98.519,0,0,1655892,458616,183028,5613464,5581.069,1620.310,0,0,0,0,660,911,2.410,1.740,0.960,0,0,2.000,0,0,11,48,0,22,0
23-06 08:37:36,1.251,2.503,95.846,0,0,1647436,467104,183028,5613456,5602.639,1621.632,0,0,0,0,1277,1425,2.410,1.740,0.960,0,0,27.027,0,0,11,48,0,15,0
23-06 08:37:37,18.390,15.408,64.862,0.249,0,1675016,439484,183028,5613464,5010.039,1610.370,0,1184.914,0,200.799,5629,6856,2.410,1.740,0.960,4,0,251.496,0,0,11,48,0,15,0
23-06 08:37:38,10.813,17.603,70.159,0,0,1655276,459192,183028,5613492,4906.575,1466.541,0,4.023,0,1.006,5235,4552,2.410,1.740,0.960,3,0,281.640,0,0,12,48,0,15,0
23-06 08:37:39,24.259,18.507,55.520,0.250,0,1684544,429856,183028,5613536,5133.873,1534.560,0,3013.099,0,52.019,5884,6078,2.410,1.740,0.960,1,0,244.089,0,0,12,64,0,15,0
23-06 08:37:40,16.234,15.984,66.184,0,0,1679076,435320,183028,5613532,2759.228,161.837,0,315.683,0,20.979,5068,5701,2.300,1.730,0.960,0,0,248.750,0,0,12,64,0,14,0
23-06 08:37:41,4.505,9.511,84.597,0,0,1671880,442500,183028,5613548,4524.170,1621.854,0,316.362,0,20.023,2723,2249,2.300,1.730,0.960,1,0,106.121,0,0,14,64,0,14,0
23-06 08:37:42,17.961,14.468,65.855,0,0,1674140,440224,183028,5613556,4310.541,1616.453,0,87.807,0,11.974,5361,6204,2.300,1.730,0.960,2,0,186.591,0,0,14,64,0,14,0
23-06 08:37:43,9.016,20.787,69.374,0,0,1677376,436944,183028,5613600,4465.970,1502.682,0,20.036,0,5.009,5199,3598,2.300,1.730,0.960,1,0,289.517,0,0,14,66,0,14,0
23-06 08:37:44,8.241,21.726,68.175,0,0,1647620,466548,183028,5613752,4213.369,1540.307,0,151.833,0,4.995,5176,3593,2.300,1.730,0.960,1,0,278.694,0,0,14,66,0,14,0
23-06 08:37:45,13.476,18.468,65.884,0,0,1657380,456740,183028,5614116,4851.466,1617.155,0,31.944,0,5.989,5577,5502,2.270,1.730,0.970,3,0,206.637,0,0,14,66,0,14,0
23-06 08:37:46,25.076,22.318,51.156,0,0,1713840,400252,183036,5613788,4793.581,1556.735,0,96.293,0,4.012,6030,5644,2.270,1.730,0.970,3,0,356.083,0,0,14,66,0,14,0
23-06 08:37:47,29.738,24.990,44.482,0,0,1783692,330308,183060,5613844,5115.922,1457.408,0,463.812,0,6.997,6006,4303,2.270,1.730,0.970,5,0,398.838,0,0,14,66,0,14,0
23-06 08:37:48,29.448,24.706,44.671,0,0,1840208,272164,183116,5615304,4801.540,1617.151,0,39.930,0,6.988,6630,7366,2.270,1.730,0.970,2,0,421.258,0,0,14,70,0,15,0
23-06 08:37:49,27.051,26.550,43.582,0,0,1910372,201932,183116,5615344,4466.453,1550.935,0,44.083,0,11.021,5884,4352,2.270,1.730,0.970,2,0,361.685,0,0,14,70,0,15,0
23-06 08:37:50,39.694,18.973,40.193,0.250,0,1949544,162536,183120,5615976,4793.188,1617.701,0,790.876,0,12.982,6010,6882,2.250,1.740,0.980,4,0,200.715,0,0,14,70,0,15,0
23-06 08:37:51,48.113,30.321,20.548,0.501,0,2042496,137264,179092,5553568,4768.229,1623.824,4.009,481.133,1.002,31.073,6243,5084,2.250,1.740,0.980,3,0,471.109,0,0,14,70,0,15,0
23-06 08:37:52,60.197,20.981,17.734,0,0,2107936,194396,174796,5438176,4955.598,1618.562,191.830,863.233,2.997,10.990,5635,7726,2.250,1.740,0.980,5,0,231.794,0,0,14,70,0,13,0
23-06 08:37:53,68.808,28.524,2.252,0.250,0,2242016,157324,174892,5342760,4383.690,1621.365,960.809,728.613,89.075,33.028,5520,5930,2.250,1.740,0.980,4,0,547.461,0,0,14,70,0,13,0
23-06 08:37:54,74.621,21.962,2.496,0,0,2423432,131052,174008,5191860,4851.632,1659.138,283.511,4196.761,11.979,273.528,8140,10696,2.250,1.740,0.980,6,1,197.659,0,0,14,74,0,13,0
23-06 08:37:55,63.251,27.500,6.500,2.000,0,2485972,185036,173768,5078076,4458.066,1458.022,508.008,34328.507,12.000,2606.039,14421,26852,2.470,1.790,1,5,1,408.006,0,0,14,76,0,13,0
23-06 08:37:56,70.899,23.966,3.245,0.749,0,2612716,128872,173876,5009600,4810.133,1617.691,443.367,8136.385,23.966,622.112,10474,20030,2.470,1.790,1,5,0,289.587,0,0,14,80,0,17,0
23-06 08:37:57,65.378,26.051,7.765,0,0,2671320,143288,173884,4937652,5049.874,1623.174,212.415,9149.891,9.018,599.172,7679,11875,2.470,1.790,1,3,0,446.874,0,0,14,91,0,24,0
23-06 08:37:58,51.036,27.520,21.015,0,0.250,2761616,121148,173884,4870828,6364.529,1621.154,0,1260.897,0,48.034,7842,10289,2.470,1.790,1,4,0,512.365,0,0,14,89,0,26,0
23-06 08:37:59,43.974,17.240,37.478,0.250,0,2825084,125928,173896,4804328,5115.032,1547.102,2050.810,3933.717,21.987,39.977,5359,7095,2.470,1.790,1,5,0,182.894,0,0,14,91,0,26,0
23-06 08:38:00,62.207,12.491,24.483,0.250,0,2947516,141956,173904,4669232,4976.591,1618.891,1135.222,3881.341,13.990,200.862,5739,8677,2.430,1.790,1,2,0,87.940,0,0,14,94,0,27,0
23-06 08:38:01,27.009,16.005,55.518,0.250,0,2996896,161876,173920,4601612,4716.517,1458.469,12.004,3901.255,3.001,133.043,5188,4686,2.430,1.790,1,1,0,202.065,0,0,14,97,0,28,0
23-06 08:38:02,7.251,19.752,70.507,0.250,0,2997040,161708,173920,4601636,4518.453,1458.146,0,6028.604,0,485.049,5250,3464,2.430,1.790,1,1,0,257.026,0,0,14,97,0,28,0
23-06 08:38:03,7.756,20.014,70.550,0,0,3009720,149004,173920,4601660,4863.451,1621.150,0,132.094,0,13.009,5131,3649,2.430,1.790,1,1,0,268.190,0,0,14,97,0,28,0
23-06 08:38:04,7.745,19.988,70.209,0,0,3010056,148632,173920,4601680,4695.244,1457.145,0,35.979,0,3.998,4952,3398,2.430,1.790,1,1,0,263.845,0,0,14,97,0,21,0
23-06 08:38:05,21.637,5.471,71.128,0.746,0,3067924,156872,173924,4536664,5091.382,1450.417,3.979,4225.907,0.995,180.059,2308,2109,2.320,1.780,1,3,0,0,0,0,14,97,0,21,0
23-06 08:38:06,19.082,4.017,76.077,0,0,3084212,140532,173924,4536716,11510.465,7933.092,44.190,184.794,5.022,19.082,2594,2714,2.320,1.780,1,1,0,1.004,0,0,14,102,0,21,0
23-06 08:38:07,21.224,6.492,71.161,0.250,0,3033360,191360,173924,4536740,22467.010,18757.632,0,259.676,0,21.973,2782,1936,2.320,1.780,1,1,0,63.920,0,0,14,103,0,22,0
23-06 08:38:08,23.523,4.254,71.570,0,0,3102712,122000,173924,4536748,6313.173,3427.351,0,180.176,0,20.020,2163,1540,2.320,1.780,1,0,0,3.003,0,0,14,108,0,22,0
23-06 08:38:09,17.501,3.000,78.252,0.250,0,3102524,122000,173936,4536928,9796.307,6128.192,0,440.014,0,35.001,2564,2786,2.320,1.780,1,1,0,0,0,0,14,110,0,22,0
23-06 08:38:10,30.307,6.763,60.113,1.252,0.250,3174996,116120,173940,4472300,4448.383,1713.229,1334.515,1603.021,67.127,200.378,5184,6938,2.290,1.780,1.010,3,0,6.011,0,0,14,115,0,22,0
23-06 08:38:11,32.445,9.983,54.908,0.998,0,3118020,239856,173940,4407452,5794.249,2758.358,91.845,2200.297,6.988,190.679,5617,6786,2.290,1.780,1.010,1,0,113.808,0,0,14,118,0,24,0
23-06 08:38:12,23.023,3.754,72.573,0.250,0,3192352,165516,173940,4407460,4204.247,1621.638,0,400.404,0,30.030,2020,1665,2.290,1.780,1.010,1,0,1.001,0,0,14,118,0,24,0
23-06 08:38:13,17.752,2.250,79.007,0,0,3197808,159984,173940,4407536,11855.006,8939.759,32.003,484.041,2.000,26.002,2210,2195,2.290,1.780,1.010,1,0,0,0,0,14,119,0,24,0
23-06 08:38:14,23.205,4.990,68.367,0.499,0,3222824,134796,173944,4407704,6722.900,3638.909,0,1269.526,0,137.732,4552,6317,2.290,1.780,1.010,4,0,4.990,0,0,14,122,0,24,1
23-06 08:38:15,40.257,12.002,47.508,0.250,0,3280548,142964,173944,4343476,3906.689,780.138,0,732.129,0,39.007,3706,2603,2.270,1.790,1.010,2,0,96.017,0,0,14,122,0,25,0
23-06 08:38:16,38.477,5.996,53.718,0,0,3339388,149188,173944,4279996,10480.744,6627.044,0,419.749,0,22.986,2682,1611,2.270,1.790,1.010,1,0,0,0,0,14,123,0,25,0
23-06 08:38:17,19.524,6.007,73.589,0.250,0,3288944,199608,173948,4280016,24638.826,19628.762,4.005,1802.182,1.001,102.124,2760,2285,2.270,1.790,1.010,1,0,55.067,0,0,14,122,0,26,0
23-06 08:38:18,19.505,3.251,76.768,0.250,0,3338948,149596,173948,4280024,12746.963,7172.667,8.002,124.029,2.000,13.003,2010,1605,2.270,1.790,1.010,1,0,1.000,0,0,14,123,0,26,0
23-06 08:38:19,18.999,6.000,73.996,0,0,3323804,164712,173948,4280052,24067.824,19472.049,0,931.954,0,4.000,2539,1774,2.270,1.790,1.010,1,0,50.998,0,0,14,122,0,27,0
23-06 08:38:20,31.006,7.251,61.012,0,0,3383780,165384,173948,4223104,6610.302,3424.674,28.006,708.139,5.001,24.005,4297,6289,2.330,1.810,1.020,8,0,40.008,0,0,14,125,0,28,0
23-06 08:38:21,21.233,3.747,71.941,0.999,0,3355940,192984,173948,4220728,11213.788,7268.029,0,1426.828,0,143.882,4356,8469,2.330,1.810,1.020,3,0,3.997,0,0,14,124,0,29,0
23-06 08:38:22,18.507,7.753,72.527,0,0,3330288,218632,173948,4220732,4579.735,1458.552,0,316.120,0,22.008,2756,2043,2.330,1.810,1.020,2,0,82.031,0,0,14,124,0,29,0
23-06 08:38:23,18.510,3.252,77.541,0.250,0,3365572,183344,173948,4220736,10169.313,7174.748,4.002,3169.656,1.001,328.171,2055,1583,2.330,1.810,1.020,2,0,0,0,0,14,125,0,29,0
23-06 08:38:24,18.759,6.753,73.786,0,0.250,3308276,240612,173948,4220764,22796.058,19320.372,0,852.413,0,50.024,2619,2056,2.330,1.810,1.020,2,0,55.027,0,0,14,124,0,30,0
23-06 08:38:25,19.233,2.498,76.932,0,0,3358860,190024,173948,4220768,10730.498,7326.512,0,947.161,0,106.905,1903,1328,2.140,1.780,1.020,1,0,0,0,0,14,125,0,30,0
23-06 08:38:26,22.231,3.997,70.689,1.748,0,3355052,193584,173952,4221012,5487.238,2394.922,0,2733.628,0,292.746,5245,7913,2.140,1.780,1.020,1,0,0.999,0,0,14,126,0,30,0
23-06 08:38:27,23.748,7.499,66.244,1.000,0,3335544,212992,173952,4221112,6243.477,2925.755,0,6803.430,0,451.962,5905,8242,2.140,1.780,1.020,2,0,52.996,0,0,14,125,0,32,0
23-06 08:38:28,21.787,4.508,73.374,0.250,0,3410416,138120,173952,4221112,4808.131,1664.815,0,288.488,0,15.025,1907,1374,2.140,1.780,1.020,2,0,1.002,0,0,14,125,0,32,0
23-06 08:38:29,13.473,1.248,83.335,0,0,3401140,147364,173952,4221144,15538.282,11629.010,15.968,251.503,0.998,12.974,1922,1729,2.140,1.780,1.020,1,0,0,0,0,14,126,0,32,0
23-06 08:38:30,25.056,5.011,68.403,0.501,0,3395404,153040,173952,4221204,4870.905,1623.635,0,1170.621,0,123.276,4649,6401,2.050,1.770,1.020,1,0,0,0,0,14,126,0,32,0
23-06 08:38:31,33.473,8.493,55.954,0.500,0,3390360,157876,173952,4221412,6421.743,2483.967,0,1075.120,0,119.902,6993,9053,2.050,1.770,1.020,1,0,78.935,0,0,14,129,0,33,0
23-06 08:38:32,21.222,4.993,72.654,0.250,0,3379076,215168,173956,4176092,4613.897,1617.860,0,471.377,0,27.963,1777,1290,2.050,1.770,1.020,1,0,0,0,0,14,129,0,33,0
23-06 08:38:33,16.034,2.756,79.667,0.251,0,3383444,210760,173956,4176132,13368.054,9965.915,12.025,797.674,3.006,88.185,3074,3735,2.050,1.770,1.020,1,1,0,0,0,14,130,0,33,0
23-06 08:38:34,17.501,10.001,71.004,0.250,0,3332956,261228,173956,4176152,5845.358,2821.173,0,568.035,0,38.002,3529,2865,2.050,1.770,1.020,1,0,147.009,0,0,14,129,0,34,0
23-06 08:38:35,18.237,2.248,78.194,0,0,3388076,206108,173956,4176152,7105.884,7031.938,0,451.675,0,25.981,1733,1398,1.880,1.740,1.010,2,0,0,0,0,14,130,0,34,0
23-06 08:38:36,21.978,3.247,72.679,0.999,0,3385336,208812,173956,4176188,14063.208,7563.582,0,2801.253,0,188.815,3943,5119,1.880,1.740,1.010,1,0,0.999,0,0,14,132,0,35,0
23-06 08:38:37,23.737,6.496,67.463,0,0,3381268,212840,173956,4176228,4635.456,1457.200,0,971.467,0,123.932,5956,8601,1.880,1.740,1.010,1,0,0,0,0,14,132,0,35,0
23-06 08:38:38,40.380,12.791,44.393,1.003,0,3333804,259500,173972,4176968,7036.700,3262.525,401.295,1396.505,65.210,152.492,11048,16515,1.880,1.740,1.010,2,0,145.469,0,0,14,131,0,36,0
23-06 08:38:39,23.201,10.228,65.112,0.499,0,3393144,199940,173972,4177140,4346.765,1490.833,0,3304.978,0,323.313,4409,4802,1.880,1.740,1.010,1,0,144.693,0,0,14,131,0,36,0
23-06 08:38:40,18.529,3.255,77.372,0,0,3423024,170052,173972,4177148,11168.546,8291.025,0,1085.706,0,28.044,1946,1607,1.890,1.740,1.020,3,0,0,0,0,14,133,0,36,0
23-06 08:38:41,14.231,13.982,69.159,0.749,0,3336968,256076,173972,4177180,5465.794,2063.280,3.995,2508.693,0.999,150.801,4524,3834,1.890,1.740,1.020,2,0,179.763,0,0,14,131,0,37,0
23-06 08:38:42,7.737,21.216,68.389,0,0,3309048,283964,173976,4177208,4243.123,1239.990,0,359.417,0,29.951,5368,3968,1.890,1.740,1.020,1,0,284.539,0,0,14,131,0,37,0
23-06 08:38:43,14.039,18.802,65.431,0.251,0,3290540,302432,173980,4177572,4785.213,1516.187,0,268.742,0,21.058,6034,6352,1.890,1.740,1.020,4,0,242.670,0,0,14,131,0,37,0
23-06 08:38:44,25.984,19.988,52.967,0,0,3356432,236516,173980,4177260,4783.017,1634.980,0,143.910,0,5.996,5537,4815,1.890,1.740,1.020,3,0,310.806,0,0,14,131,0,37,0
23-06 08:38:45,31.537,23.778,43.050,0.501,0,3402300,190480,173996,4177408,4865.675,1621.892,4.005,5133.988,1.001,252.294,6419,5619,1.900,1.740,1.020,3,0,366.427,0,0,14,134,0,37,0
23-06 08:38:46,24.459,18.220,55.657,0,0.250,3410480,182088,173996,4177620,5232.266,1603.323,31.947,531.113,1.997,29.950,6746,8452,1.900,1.740,1.020,4,0,269.550,0,0,14,137,0,37,0
23-06 08:38:47,53.032,26.766,19.512,0.250,0,3555464,124384,174004,4092036,4562.733,1620.971,56.034,336.201,5.003,25.015,7871,13079,1.900,1.740,1.020,3,0,512.307,0,0,16,143,0,37,0
23-06 08:38:48,57.072,23.780,19.525,0,0,3651064,123988,174004,3998392,4265.386,1664.101,0,688.870,0,43.054,6672,6925,1.900,1.740,1.020,3,0,403.510,0,0,16,143,0,37,0
23-06 08:38:49,47.989,22.745,27.743,0,0,3732908,142000,174004,3899524,4498.928,1709.593,15.996,631.849,2.999,21.995,8338,11868,1.900,1.740,1.020,2,0,307.927,0,0,16,159,0,35,0
23-06 08:38:50,33.659,24.434,40.641,0.249,0,3789864,136704,174008,3848288,4234.594,1561.793,75.796,363.022,1.995,14.960,13925,4410,1.990,1.770,1.030,3,0,379.977,0,0,16,159,0,35,0
23-06 08:38:51,20.775,23.028,55.066,0.250,0,3808972,173216,174012,3793924,4734.697,1513.821,12.014,668.805,3.004,32.039,6031,4541,1.990,1.770,1.030,1,0,330.398,0,0,17,163,0,35,0
23-06 08:38:52,16.244,19.492,61.226,0,0,3818804,163240,174012,3794520,4704.187,1565.397,0,275.894,0,28.989,6775,7802,1.990,1.770,1.030,1,0,267.897,0,0,17,163,0,35,0
23-06 08:38:53,25.760,20.758,52.770,0,0,3860040,177220,174012,3740316,3747.410,1096.413,0,252.095,0,10.004,5004,3659,1.990,1.770,1.030,4,0,248.093,0,0,17,163,0,35,0
23-06 08:38:54,31.015,24.012,44.022,0,0,3914136,151364,174020,3712700,4696.305,1566.769,4.002,9512.670,1.000,809.397,6419,4612,1.990,1.770,1.030,3,0,355.174,0,0,17,165,0,35,0
23-06 08:38:55,23.014,17.010,58.285,0,0,3938880,126600,174020,3712728,4640.808,1458.883,0,184.111,0,8.005,6604,8530,2.230,1.820,1.060,2,0,231.140,0,0,17,169,0,35,0
23-06 08:38:56,41.270,28.263,29.764,0.250,0,4047080,159676,174024,3574756,5137.449,1458.695,56.027,1280.610,8.004,138.066,7776,11809,2.230,1.820,1.060,3,0,462.220,0,0,17,181,0,35,0
23-06 08:38:57,32.471,27.226,38.716,0.250,0,4126512,143764,174028,3512444,5275.305,1618.560,27.975,775.310,3.996,61.945,9231,13301,2.230,1.820,1.060,1,0,511.545,0,0,17,187,0,35,0
23-06 08:38:58,9.501,20.251,68.755,0.500,0.250,4130584,139652,174028,3512468,6138.416,1458.099,0,528.036,0,26.002,5238,3859,2.230,1.820,1.060,2,0,281.019,0,0,17,187,0,23,0
23-06 08:38:59,20.269,22.771,54.802,0,0,4149148,120924,174028,3512988,5164.856,1711.609,4.004,556.523,1.001,46.043,6432,6185,2.230,1.820,1.060,6,0,361.340,0,0,17,203,0,23,0
23-06 08:39:00,22.974,15.732,60.183,0,0,4158468,174780,174028,3450628,4754.669,1456.367,267.700,567.364,3.996,29.966,4921,4971,2.130,1.810,1.060,4,0,163.816,0,0,17,203,0,23,0
23-06 08:39:01,41.546,12.013,45.050,0,0,4285760,168960,174032,3331304,3280.671,540.605,816.914,224.251,15.017,26.029,3482,2398,2.130,1.810,1.060,3,0,28.031,0,0,17,203,0,23,0
23-06 08:39:02,42.160,9.480,46.900,0.748,0,4406988,155268,174032,3226748,4909.514,1616.547,11.974,558.806,2.994,47.898,3544,2519,2.130,1.810,1.060,2,0,9.979,0,0,17,212,0,17,0
23-06 08:39:03,30.010,4.001,64.521,0,0,4294368,267992,174036,3226808,5207.656,1566.498,60.019,308.098,4.001,21.007,2812,2164,2.130,1.810,1.060,1,0,13.004,0,0,17,213,0,17,0
23-06 08:39:04,27.476,30.223,40.714,0.500,0,4386576,172860,174048,3229728,5335.272,1618.566,2977.362,163.855,41.963,10.990,6481,5426,2.130,1.810,1.060,6,0,521.538,0,0,17,213,0,17,0
23-06 08:39:05,37.100,28.326,33.841,0,0,4399700,201028,174056,3189412,13695.754,9565.671,124.334,962.583,4.011,26.070,6869,7084,2.280,1.840,1.070,2,0,412.106,0,0,17,223,0,17,0
23-06 08:39:06,44.414,17.466,36.928,0,0,4361888,238220,174060,3190376,6597.225,2338.472,55.892,371.281,2.994,16.967,5814,8262,2.280,1.840,1.070,6,0,229.555,0,0,17,221,0,18,0
23-06 08:39:07,69.808,17.264,12.510,0.250,0,4530724,145740,174060,3116524,6714.559,3588.971,332.275,412.341,18.015,31.026,4998,4261,2.280,1.840,1.070,4,0,108.089,0,0,17,225,0,18,0
23-06 08:39:08,59.649,13.477,22.213,3.245,0,4621788,134712,174112,3039008,13698.879,9725.585,7299.680,1209.958,403.319,58.901,5897,5855,2.280,1.840,1.070,3,0,20.965,0,0,17,231,0,18,0
23-06 08:39:09,56.656,18.050,23.314,1.253,0,4618760,165604,174152,3011940,5151.207,2580.116,726.002,21415.063,107.296,1022.821,7597,8547,2.280,1.840,1.070,2,0,230.636,0,0,17,229,0,23,0
23-06 08:39:10,32.683,25.947,40.168,0,0,4656316,139540,174160,3000688,9801.989,7060.586,0,4363.093,0,27.943,6509,6253,2.340,1.860,1.080,3,0,411.161,0,0,17,230,0,22,0
23-06 08:39:11,44.071,19.782,34.055,0.250,0,4576876,259008,174160,2962168,9770.850,6414.405,244.396,1217.976,14.023,90.146,6423,9977,2.340,1.860,1.080,3,0,262.426,0,0,17,233,0,23,0
23-06 08:39:12,57.319,30.653,12.211,0,0,4717232,180612,174164,2901984,4264.527,1495.276,11.962,677.858,2.991,40.871,6058,6340,2.340,1.860,1.080,4,0,447.586,0,0,17,233,0,23,0
23-06 08:39:13,53.445,22.582,22.582,0.502,0,4783504,144456,174180,2872416,13927.880,11604.392,1140.165,702.567,55.202,46.169,8477,12713,2.340,1.860,1.080,3,0,266.975,0,0,17,236,0,26,0
23-06 08:39:14,57.566,28.658,13.457,0,0,4772256,188896,174180,2839572,5977.846,2383.363,187.400,633.969,5.981,39.872,6801,7784,2.340,1.860,1.080,4,0,479.464,0,0,17,237,0,25,0
23-06 08:39:15,56.665,26.076,16.047,0.251,0.251,4845516,183504,174192,2773848,10903.659,7354.354,581.689,665.934,32.093,33.096,8631,14144,2.950,2,1.130,4,0,343.999,0,0,17,245,0,26,0
23-06 08:39:16,51.379,19.454,27.685,0,0,4887148,177256,174196,2739216,12008.639,6712.148,750.228,1556.324,15.962,80.809,8170,18759,2.950,2,1.130,3,0,180.574,0,0,17,243,0,28,0
23-06 08:39:17,62.056,11.010,26.274,0.250,0,5025148,127944,174196,2652580,8019.251,7045.370,348.315,548.496,5.005,13.012,4140,2327,2.950,2,1.130,2,0,3.003,0,0,17,246,0,28,0
23-06 08:39:18,54.580,10.265,34.300,0.501,0,5088376,132144,174204,2586876,20785.285,12417.092,1037.512,684.998,80.117,68.099,5764,7602,2.950,2,1.130,1,1,11.016,0,0,17,251,0,30,0
23-06 08:39:19,62.210,11.992,24.734,0,0,5022240,197764,174204,2587436,8840.252,4985.758,1235.197,699.545,17.988,57.962,5685,5135,2.950,2,1.130,3,0,67.956,0,0,17,255,0,32,0
23-06 08:39:20,44.728,29.236,24.738,0.750,0,5080268,136004,174328,2590896,10261.003,7395.398,4297.907,1362.337,63.969,68.966,7399,7365,3.040,2.030,1.150,3,0,496.758,0,0,17,256,0,32,0
23-06 08:39:21,56.664,24.962,16.974,0.499,0.250,5016956,220848,174332,2570244,9781.094,6816.612,938.570,3259.033,14.977,179.726,7474,14639,3.040,2.030,1.150,6,0,382.417,0,0,17,255,0,34,0
23-06 08:39:22,69.851,22.282,6.509,0,0,5118772,147412,174340,2542672,5655.188,3428.965,953.380,1782.581,33.048,92.133,6730,7092,3.040,2.030,1.150,4,0,240.348,0,0,18,264,0,31,0
23-06 08:39:23,74.278,15.006,10.004,1.000,0,5239196,140100,174340,2434360,13923.342,10530.040,3009.155,1564.600,142.055,182.070,7047,7785,3.040,2.030,1.150,6,0,14.005,0,0,18,264,0,32,0
23-06 08:39:24,83.884,13.000,1.962,0.491,0,5267956,156380,174376,2390568,4591.546,1589.381,1365.691,1244.034,47.093,73.582,5585,3631,3.040,2.030,1.150,10,0,22.565,0,0,18,270,0,32,0
23-06 08:39:25,42.516,17.057,39.461,0.255,0,5333380,140060,174380,2343320,12774.276,10647.946,574.354,1539.756,8.147,163.956,5800,5969,2.950,2.030,1.150,3,0,217.928,0,0,18,271,0,34,0
23-06 08:39:26,37.327,8.768,52.859,0,0,5289120,184308,174380,2343332,20294.839,6946.320,769.587,3338.883,6.012,66.136,3949,3300,2.950,2.030,1.150,3,0,13.027,0,0,18,273,0,34,0
23-06 08:39:27,45.470,17.488,34.727,0.500,0,5328724,158880,174384,2330248,17087047.185,265935.703,2834.111,2134.577,32.978,230.846,20481,11888,2.950,2.030,1.150,4,0,238.841,0,0,18,275,0,34,0
23-06 08:39:28,51.953,10.491,36.467,0.500,0,5309504,210060,174384,2299228,10253.721,6780.864,575.479,659.403,6.994,73.933,4681,3916,2.950,2.030,1.150,2,0,37.966,0,0,18,276,0,35,0
23-06 08:39:29,39.515,5.252,54.520,0,0,5383120,136424,174384,2299252,12457.658,9775.655,0,496.186,0,44.016,3388,3113,2.950,2.030,1.150,3,0,1.000,0,0,18,284,0,36,0
23-06 08:39:30,25.250,4.750,66.999,0.500,0,5404484,133460,174384,2281204,355228.401,14664788.572,463.991,9283.828,26.999,83.998,5771,5806,2.720,2,1.140,1,0,1.000,0,0,18,283,0,36,0
23-06 08:39:31,34.034,6.256,58.059,0.501,0,5363368,174568,174392,2281204,7303984.293,1818456.949,16.016,684.692,1.001,54.055,11290,7146,2.720,2,1.140,4,0,6.006,0,0,18,288,0,37,0
23-06 08:39:32,34.004,9.501,54.756,0.250,0,5308124,213680,174392,2297320,9852363.085,203614.619,48.005,16889.793,3.000,74.008,16539,10604,2.720,2,1.140,1,0,66.007,0,0,18,285,0,40,0
23-06 08:39:33,17.978,3.246,77.156,0.250,0,5229460,292336,174392,2297328,9431.526,6686.865,0,679.174,0,61.925,3007,3232,2.720,2,1.140,3,0,8.989,0,0,18,284,0,41,0
23-06 08:39:34,9.496,20.242,67.475,0.250,0,5248752,272944,174392,2297428,4336.378,1457.455,31.988,407.847,2.999,21.992,5929,4803,2.720,2,1.140,2,0,427.840,0,0,18,284,0,41,0
23-06 08:39:35,22.187,4.238,72.544,0,0,5307064,214620,174396,2297436,4684.716,1453.877,0,16680.699,0,1151.734,2602,1619,2.580,1.980,1.140,1,0,0,0,0,18,284,0,39,0
23-06 08:39:36,14.539,13.035,70.940,0.501,0,5267656,254004,174396,2297460,4968.326,1504.034,0,1796.819,0,111.299,4356,3407,2.580,1.980,1.140,1,0,182.489,0,0,18,284,0,39,0
23-06 08:39:37,7.502,19.756,69.770,0.500,0,5270704,250924,174396,2297492,4999.399,1458.408,4.001,244.068,1.000,24.007,5508,4193,2.580,1.980,1.140,2,0,287.080,0,0,18,284,0,39,0
23-06 08:39:38,8.485,14.225,75.116,0.250,0,5270908,250676,174396,2297536,4791.450,1617.114,11.979,171.694,0.998,18.966,4176,3413,2.580,1.980,1.140,2,0,202.638,0,0,18,288,0,39,0
23-06 08:39:39,7.259,3.004,88.614,0,0,5295148,226308,174396,2297664,4686.036,1622.089,0,0,0,0,1419,1474,2.580,1.980,1.140,3,0,9.012,0,0,18,288,0,37,0
23-06 08:39:40,19.765,2.752,76.559,0,0,5348948,172508,174396,2297664,7213.544,4008.080,0,0,0,0,1888,1545,2.370,1.950,1.140,2,0,0,0,0,18,289,0,37,0
23-06 08:39:41,19.754,7.001,73.015,0,0,5316692,204656,174396,2297772,11716.463,8236.732,80.017,368.077,5.001,21.004,3475,3027,2.370,1.950,1.140,2,0,70.015,0,0,18,292,0,38,0
23-06 08:39:42,14.765,17.267,65.566,0.250,0,5310540,210608,174400,2297960,4624.626,1621.622,8.008,492.493,2.002,50.050,5638,4774,2.370,1.950,1.140,2,0,201.201,0,0,18,298,0,38,0
23-06 08:39:43,11.251,16.752,69.507,0.250,0,5309944,211000,174400,2298164,4680.465,1690.168,0,296.029,0,28.003,5041,3886,2.370,1.950,1.140,1,0,193.019,0,0,18,298,0,37,0
23-06 08:39:44,13.726,14.475,70.129,0,0,5315312,205576,174400,2298220,4090.915,1455.479,3.993,143.751,0.998,8.984,4045,2968,2.370,1.950,1.140,2,0,139.758,0,0,18,298,0,37,0
23-06 08:39:45,21.985,4.247,72.202,0,0,5373320,147568,174400,2298220,4694.853,1457.023,0,387.740,0,24.983,2125,1783,2.260,1.930,1.140,1,0,0.999,0,0,18,298,0,37,0
23-06 08:39:46,23.237,3.748,71.711,0.250,0,5399272,135340,174400,2285040,3241.216,255.859,387.787,119.934,11.993,13.992,2199,1794,2.260,1.930,1.140,1,0,3.998,0,0,18,302,0,37,0
23-06 08:39:47,24.754,4.251,70.762,0,0,5287588,247032,174400,2285052,4938.864,1458.255,0,472.083,0,33.006,2408,1901,2.260,1.930,1.140,1,0,11.002,0,0,18,298,0,37,0
23-06 08:39:48,23.273,3.253,71.319,0.250,0,5343220,191344,174400,2285108,4804.673,1621.577,24.023,144.140,4.004,13.013,2251,1934,2.260,1.930,1.140,2,0,3.003,0,0,18,298,0,37,0
23-06 08:39:49,19.755,3.751,75.769,0,0,5378604,155936,174400,2285132,5806.485,6283.607,0,40.010,0,5.001,2131,1866,2.260,1.930,1.140,0,0,3.001,0,0,18,301,0,37,0
23-06 08:39:50,15.720,1.248,81.344,0,0,5384856,149536,174400,2285280,20254.156,14251.668,0,0,0,0,2147,1980,2.160,1.910,1.140,1,0,0.998,0,0,18,304,0,39,0
23-06 08:39:51,22.800,6.013,70.656,0.251,0,5373624,160760,174400,2285316,4725.450,1461.231,16.035,344.762,1.002,35.078,2438,2092,2.160,1.910,1.140,4,0,15.033,0,0,18,298,0,39,0
23-06 08:39:52,23.993,2.999,71.480,0,0,5399588,134796,174400,2285316,4256.792,1457.586,0,771.781,0,31.991,2077,1717,2.160,1.910,1.140,1,0,0,0,0,18,298,0,39,0
23-06 08:39:53,15.012,13.010,70.306,0.500,0,5367752,166448,174412,2285472,4383.504,1621.296,392.314,396.317,5.004,13.010,4057,3122,2.160,1.910,1.140,1,0,165.132,0,0,18,298,0,39,0
23-06 08:39:54,8.501,20.752,68.756,0,0,5341812,192248,174412,2285612,4158.376,1458.132,32.003,4.000,4.000,1.000,5439,3823,2.160,1.910,1.140,1,0,317.029,0,0,18,298,0,39,0
23-06 08:39:55,17.734,9.741,70.935,0.250,0,5328036,205964,174436,2285632,4394.001,1456.674,0,339.691,0,18.983,3255,2411,2.070,1.900,1.130,1,0,117.893,0,0,18,298,0,39,0
23-06 08:39:56,19.003,3.251,76.763,0,0,5327448,205488,174468,2286664,11565.000,4561.789,0,372.064,0,22.004,2145,1892,2.070,1.900,1.130,2,0,16.003,0,0,18,299,0,39,0
23-06 08:39:57,23.529,4.255,70.086,0.250,0,5331164,195672,175052,2292036,5809.126,1796.203,0,1545.896,0,45.055,5433,8514,2.070,1.900,1.130,3,0,8.010,0,0,18,298,0,39,0
23-06 08:39:58,18.917,5.476,73.178,0.498,0,5351572,174192,175088,2293064,11281.336,3614.090,23.895,19450.373,3.982,255.874,6475,10890,2.070,1.900,1.130,3,0,8.961,0,0,18,299,0,39,0
23-06 08:39:59,21.088,7.531,69.792,0.251,0,5351804,173556,175176,2293380,6740.170,2465.304,28.118,486.031,4.017,15.063,10705,18917,2.070,1.900,1.130,1,0,20.084,0,0,18,299,0,39,0
23-06 08:40:00,19.482,7.493,71.433,0.250,0,5285624,245672,175272,2287348,5137.166,1834.274,11.989,1490.597,2.997,60.943,3013,2459,1.900,1.870,1.130,1,0,73.930,0,0,18,298,0,39,0
23-06 08:40:01,15.490,12.742,70.456,0,0,5328328,202892,175272,2287424,5473.555,1618.981,47.970,3229.967,1.999,440.723,4074,3406,1.900,1.870,1.130,1,0,194.877,0,0,18,298,0,39,0
23-06 08:40:02,22.283,3.004,73.108,0,0,5372164,158848,175272,2287632,6845.084,3870.702,16.024,448.661,1.001,30.044,2196,1861,1.900,1.870,1.130,2,0,1.001,0,0,18,301,0,39,0
23-06 08:40:03,21.208,7.485,70.113,0.250,0,5342492,188472,175272,2287680,12340.830,8653.052,31.937,223.562,2.994,19.961,3670,3459,1.900,1.870,1.130,1,0,69.863,0,0,18,300,0,43,0
23-06 08:40:04,23.010,7.003,68.531,0,0,5349796,181140,175276,2287704,3821.743,810.370,0,232.106,0,17.008,2856,2386,1.900,1.870,1.130,2,0,51.023,0,0,18,300,0,43,0
23-06 08:40:05,19.258,2.501,77.530,0.250,0,5365112,165804,175276,2287724,13890.461,10085.965,0,132.052,0,11.004,2287,2181,1.830,1.850,1.130,2,0,0,0,0,18,300,0,44,0
23-06 08:40:06,20.008,7.753,71.277,0,0,5349228,181684,175276,2287728,5299.012,1620.615,0,200.076,0,15.006,2889,2191,1.830,1.850,1.130,5,0,70.027,0,0,18,300,0,44,0
23-06 08:40:07,18.432,2.242,77.464,0,0,5349108,181796,175276,2287736,10612.781,7526.187,0,155.426,0,12.952,2002,1631,1.830,1.850,1.130,3,0,0,0,0,18,301,0,43,0
23-06 08:40:08,19.334,7.030,72.564,0,0,5318120,212764,175276,2287756,12665.814,8587.163,0,12.052,0,2.009,2978,2491,1.830,1.850,1.130,1,0,57.248,0,0,18,300,0,44,0
23-06 08:40:09,19.002,2.750,77.509,0,0,5356624,174256,175276,2287760,10279.181,7171.824,0,0,0,0,1922,1570,1.830,1.850,1.130,1,0,0,0,0,18,301,0,44,0
23-06 08:40:10,20.483,4.996,73.439,0,0,5274548,256324,175276,2287768,9018.529,6122.928,0,0,0,0,2600,1986,1.760,1.840,1.130,1,0,31.974,0,0,18,300,0,47,0
23-06 08:40:11,22.966,2.247,72.391,0.250,0,5335384,195380,175276,2287876,6074.888,3418.872,95.856,271.593,5.991,29.955,2415,2475,1.760,1.840,1.130,0,0,0,0,0,18,301,0,41,0
23-06 08:40:12,16.519,2.503,80.091,1.001,0,5337252,193364,175276,2288024,14269.221,10380.801,0,800.910,0,74.084,2769,3198,1.760,1.840,1.130,3,0,0,0,0,18,300,0,42,0
23-06 08:40:13,20.212,6.488,72.113,0,0,5345060,185552,175276,2288028,4611.218,1616.921,0,171.673,0,11.977,2553,2129,1.760,1.840,1.130,3,0,46.911,0,0,18,300,0,42,0
23-06 08:40:14,18.789,2.756,77.661,0,0,5372312,158288,175276,2288040,13678.410,10330.456,0,192.400,0,17.035,2096,1825,1.760,1.840,1.130,1,0,0,0,0,18,304,0,43,0
23-06 08:40:15,21.477,5.244,71.922,0.250,0,5340164,190424,175276,2288052,6409.031,3148.577,0,495.461,0,28.969,2610,2068,1.700,1.820,1.120,3,0,31.965,0,0,18,300,0,40,0
23-06 08:40:16,18.516,3.503,76.817,0,0,5366816,163768,175276,2288056,12824.128,7405.426,0,112.097,0,13.011,2090,1905,1.700,1.820,1.120,1,0,0,0,0,18,301,0,40,0
23-06 08:40:17,13.511,5.755,79.562,0.250,0,5339644,190924,175276,2288072,10586.301,6629.198,0,556.436,0,46.036,3300,3199,1.700,1.820,1.120,2,0,76.060,0,0,18,300,0,41,0
23-06 08:40:18,4.496,6.994,85.678,0.999,0,5325876,203560,175800,2288680,11627.280,4569.180,1043.128,195.836,230.807,10.991,2949,2916,1.700,1.820,1.120,1,0,104.912,0,0,18,302,0,41,0
23-06 08:40:19,5.508,8.512,83.868,0.250,0.250,5318320,210992,175804,2288800,15760.140,4318.066,64.090,360.506,8.011,31.044,3177,2907,1.700,1.820,1.120,0,0,127.179,0,0,18,302,0,42,0
23-06 08:40:20,3.997,8.243,86.430,0,0,5301532,227768,175804,2288812,10431.584,3428.234,0,75.939,0,4.996,2693,2303,1.640,1.810,1.120,1,0,108.912,0,0,18,300,0,35,0
23-06 08:40:21,21.413,13.944,61.999,0.996,0,5309248,212396,175808,2296384,4217.924,1452.121,876.452,948.161,80.673,24.899,4632,12397,1.640,1.810,1.120,1,0,140.431,0,0,18,300,0,36,0
23-06 08:40:22,22.278,3.004,73.090,0.250,0,5334344,182796,175920,2300664,8625.680,2961.667,4.005,1229.522,1.001,33.041,2382,2087,1.640,1.810,1.120,0,0,16.020,0,0,18,301,0,36,0
23-06 08:40:23,17.518,3.003,78.078,0,0,5339808,173768,176008,2304132,11670.681,4753.758,4.004,1025.026,1.001,34.034,2223,2060,1.640,1.810,1.120,2,0,3.003,0,0,18,300,0,36,0
23-06 08:40:24,10.008,17.764,69.305,1.501,0,5275096,235292,176012,2307268,4429.515,1567.244,1309.039,3182.525,21.017,99.079,5734,5032,1.640,1.810,1.120,1,0,301.239,0,0,18,300,0,32,0
23-06 08:40:25,22.513,4.503,72.792,0,0,5343892,166492,176012,2307272,4834.793,1512.874,0,184.106,0,12.007,1988,1542,1.590,1.800,1.120,2,0,0,0,0,18,300,0,32,0
23-06 08:40:26,19.217,1.997,77.618,0,0,5349540,160832,176012,2307284,28651.330,25047.452,0,103.824,0,14.975,2349,2123,1.590,1.800,1.120,1,0,0,0,0,18,300,0,34,0
23-06 08:40:27,20.218,7.238,70.138,0.250,0,5376460,133892,176012,2307304,4912.168,1617.421,0,2751.613,0,425.322,3130,2633,1.590,1.800,1.120,1,0,46.925,0,0,18,300,0,34,0
23-06 08:40:28,19.297,4.762,75.433,0.501,0,5338576,191832,176008,2288336,11228.183,8959.691,32.078,1547.747,2.005,136.330,2349,1853,1.590,1.800,1.120,2,0,1.002,0,0,18,301,0,32,0
23-06 08:40:29,21.264,4.253,73.048,0.250,0,5284764,245172,176008,2288820,6800.492,3104.051,480.317,148.098,29.019,9.006,2409,1928,1.590,1.800,1.120,1,0,14.009,0,0,18,300,0,33,0
23-06 08:40:30,19.993,3.249,75.975,0,0,5327056,202876,176008,2288824,9854.716,7168.611,0,71.976,0,5.998,2066,1683,1.550,1.780,1.120,1,0,0,0,0,18,301,0,33,0
23-06 08:40:31,23.260,3.752,68.778,1.501,0,5326632,201112,176008,2291016,6878.842,3698.528,2096.866,2485.027,99.041,225.093,5398,7491,1.550,1.780,1.120,1,0,1.000,0,0,18,300,0,34,0
23-06 08:40:32,22.997,4.249,71.490,0.250,0,5318908,208676,176008,2291176,4439.384,1619.775,0,371.948,0,29.996,2250,1912,1.550,1.780,1.120,1,0,4.999,0,0,18,300,0,28,0
23-06 08:40:33,15.750,2.500,81.001,0.250,0,5335256,192324,176008,2291180,14290.105,11285.083,0,2068.015,0,28.000,2335,2349,1.550,1.780,1.120,0,2,0,0,0,18,301,0,28,0
23-06 08:40:34,21.490,7.746,67.469,0.750,0,5297500,229876,176008,2291384,6233.153,2790.725,159.927,1207.449,7.996,133.939,5257,6529,1.550,1.780,1.120,1,0,65.970,0,0,18,300,0,29,0
23-06 08:40:35,8.264,23.539,66.110,0.751,0,5299332,228000,176008,2291428,4285.105,1514.511,0,3129.188,0,192.319,6336,5336,1.420,1.750,1.120,1,0,431.716,0,0,18,300,0,29,0
23-06 08:40:36,8.003,23.260,66.778,0,0,5296248,231060,176008,2291452,4939.047,1662.689,0,360.149,0,26.011,6022,4893,1.420,1.750,1.120,2,0,445.185,0,0,18,300,0,26,0
23-06 08:40:37,8.998,22.996,66.489,0.250,0,5297008,230280,176008,2291472,4801.198,1619.730,0,1255.790,0,63.989,5892,4570,1.420,1.750,1.120,2,0,391.935,0,0,18,300,0,26,0
23-06 08:40:38,8.498,22.745,66.736,0,0,5293380,233884,176008,2291496,4577.072,1457.704,0,215.956,0,19.996,5836,4619,1.420,1.750,1.120,3,0,366.926,0,0,18,300,0,26,0
23-06 08:40:39,7.741,23.721,66.170,0,0,5293252,233992,176008,2291516,2508.955,161.804,0,115.859,0,13.983,5671,4260,1.420,1.750,1.120,3,0,385.532,0,0,18,300,0,26,0
23-06 08:40:40,8.015,22.292,67.626,0,0,5292936,234288,176008,2291536,4304.024,1298.421,0,32.060,0,8.015,5576,4074,1.470,1.760,1.120,1,0,358.669,0,0,18,300,0,26,0
23-06 08:40:41,9.491,21.979,65.687,0.250,0.250,5283932,243268,176008,2291560,4992.221,1618.451,0,203.805,0,17.983,5686,4475,1.470,1.760,1.120,1,0,334.680,0,0,18,300,0,26,0
23-06 08:40:42,9.756,22.513,65.787,0.250,0,5282116,245076,176008,2291568,4580.584,1458.823,0,580.327,0,43.024,6026,5005,1.470,1.760,1.120,1,0,364.205,0,0,18,300,0,26,0
23-06 08:40:43,7.482,23.195,66.592,0.249,0,5261268,265888,176008,2291604,4387.606,1454.554,0,2130.952,0,298.293,5883,4408,1.470,1.760,1.120,2,0,361.144,0,0,18,300,0,26,0
23-06 08:40:44,7.484,21.953,67.604,0,0,5261852,265244,176008,2291664,4430.416,1616.503,31.931,303.344,1.996,24.946,5579,4335,1.470,1.760,1.120,1,0,317.314,0,0,18,300,0,25,0
23-06 08:40:45,17.810,8.779,72.744,0,0,5283592,352632,176032,2194212,4352.590,1462.904,0,1509.058,0,11.037,2605,2139,1.430,1.740,1.120,2,0,52.175,0,0,18,300,0,25,0
23-06 08:40:46,24.000,3.500,71.999,0,0,5303824,328128,176064,2198448,5070.965,1713.988,16.000,1871.987,3.000,19.000,2340,1899,1.430,1.740,1.120,2,0,16.000,0,0,18,300,0,25,0
23-06 08:40:47,14.976,2.496,80.121,0.749,0,5319844,310896,176096,2199624,20886.379,11057.201,746.798,1381.776,46.924,33.945,1952,1705,1.430,1.740,1.120,0,0,5.990,0,0,18,301,0,25,0
23-06 08:40:48,13.502,1.750,83.014,1.250,0,5319584,310140,176148,2200580,27319.741,15145.628,508.088,1820.316,57.010,57.010,1954,1896,1.430,1.740,1.120,2,0,3.001,0,0,18,301,0,25,0
23-06 08:40:49,15.734,1.249,80.169,0.749,0,5341996,286200,176172,2202076,20086.732,12308.581,1254.734,1294.694,52.947,40.959,1863,1628,1.430,1.740,1.120,0,0,0,0,0,18,301,0,25,0
23-06 08:40:50,17.013,1.501,80.311,0.751,0,5348452,278388,176188,2203412,21404.156,11663.804,1008.761,1300.982,48.036,42.032,1797,1596,1.320,1.710,1.110,2,0,0,0,0,18,301,0,25,0
23-06 08:40:51,19.763,2.752,74.549,1.501,0,5353636,238332,176272,2238192,10610.940,5495.594,12420.123,1056.691,132.086,46.030,2255,1916,1.320,1.710,1.110,1,0,1.001,0,0,18,301,0,25,0
23-06 08:40:52,24.514,3.502,69.789,0.750,0.250,5363816,213928,176584,2251812,4122.277,1690.934,0,2737.512,0,114.063,2838,2930,1.320,1.710,1.110,1,0,0,0,0,18,301,0,23,0
23-06 08:40:53,24.256,3.001,71.517,0.250,0,5354168,208144,176716,2266900,4200.984,1620.380,0,1328.311,0,48.011,2480,2273,1.320,1.710,1.110,2,0,0,0,0,18,301,0,23,0
23-06 08:40:54,23.032,3.505,71.599,1.252,0,5359676,178704,176740,2290444,4626.381,1622.238,0,17880.664,0,231.319,2796,2906,1.320,1.710,1.110,2,0,0,0,0,18,301,0,23,0
23-06 08:40:55,22.999,2.500,72.498,0.750,0.250,5361008,151260,176948,2316056,4757.872,1457.961,0,2443.934,0,78.998,2320,2150,1.290,1.700,1.110,1,0,0,0,0,18,301,0,23,0
23-06 08:40:56,24.247,2.750,71.491,0.750,0,5304864,214816,177516,2307740,5278.327,1793.771,0,2327.703,0,86.989,2632,2546,1.290,1.700,1.110,1,0,1.000,0,0,18,300,0,23,0
23-06 08:40:57,21.448,3.741,73.071,0,0,5332696,186964,177516,2307760,9928.725,2789.181,0,602.527,0,24.939,2698,2244,1.290,1.700,1.110,3,0,33.917,0,0,18,301,0,23,0
23-06 08:40:58,21.281,3.505,73.856,0.250,0,5319020,194300,177616,2313980,10367.896,3401.888,0,2203.165,0,201.289,2285,1810,1.290,1.700,1.110,1,0,5.007,0,0,18,300,0,23,0
23-06 08:40:59,22.205,5.988,69.109,0,0,5345232,166832,177640,2315160,5287.181,1455.023,0,562.848,0,8.982,8234,16279,1.290,1.700,1.110,2,0,11.975,0,0,18,300,0,23,0
23-06 08:41:00,21.987,7.246,68.959,0,0,5345356,166580,177676,2315252,5156.934,1619.037,0,1495.111,0,5.996,9414,16854,1.270,1.690,1.110,2,0,19.988,0,0,18,300,0,23,0
23-06 08:41:01,23.043,4.008,71.635,0.250,0,5280868,238344,177684,2307968,5024.462,1460.751,0,777.464,0,26.049,2843,2612,1.270,1.690,1.110,1,0,28.053,0,0,18,300,0,23,0
23-06 08:41:02,24.275,6.257,67.570,0.501,0,5289960,229388,177684,2307880,4925.121,1621.686,0,680.708,0,38.040,9823,17930,1.270,1.690,1.110,1,0,30.031,0,0,18,300,0,23,0
23-06 08:41:03,17.479,3.746,77.159,0,0,5332808,184284,177684,2310136,11130.900,4393.829,0,339.600,0,16.980,2299,1976,1.270,1.690,1.110,2,0,33.960,0,0,18,301,0,23,0
23-06 08:41:04,23.553,4.761,69.907,0.251,0,5324272,188612,177684,2314312,5111.490,1635.677,16.036,8010.005,1.002,253.570,6172,11815,1.270,1.690,1.110,2,0,7.016,0,0,18,300,0,23,0
23-06 08:41:05,23.756,6.502,67.768,0,0,5327628,184340,177688,2315304,5461.441,1620.427,0,456.120,0,11.003,8952,16757,1.330,1.700,1.120,3,0,14.004,0,0,18,300,0,19,0
23-06 08:41:06,27.433,8.978,62.596,0.249,0,5333316,185972,177732,2307940,5361.844,1454.431,0,825.973,0,28.929,5719,8301,1.330,1.700,1.120,2,0,19.951,0,0,18,300,0,19,0
23-06 08:41:07,40.590,11.025,47.606,0,0,5363004,156288,177732,2307976,5111.380,1623.615,769.714,589.312,6.013,26.058,3891,2821,1.330,1.700,1.120,6,0,33.074,0,0,18,300,0,21,0
23-06 08:41:08,27.434,7.731,62.849,0,0,5345832,166848,177732,2314572,5027.923,1993.212,255.387,187.549,1.995,9.976,3603,3041,1.330,1.700,1.120,1,0,97.765,0,0,18,300,0,21,0
23-06 08:41:09,22.208,3.493,72.861,0,0,5322644,185624,177744,2318876,5275.912,2858.534,0,842.389,0,8.983,2209,1832,1.330,1.700,1.120,1,0,16.968,0,0,18,301,0,19,0
23-06 08:41:10,14.038,1.504,84.230,0.251,0,5342960,164960,177796,2319172,20998.300,8741.855,0,1135.097,0,28.077,1566,1480,1.220,1.670,1.110,1,0,0,0,0,18,301,0,19,0
23-06 08:41:11,10.989,1.249,85.915,0.749,0,5342572,164960,177880,2319460,19907.328,11904.236,0,1470.547,0,59.941,1774,2034,1.220,1.670,1.110,2,0,0,0,0,18,301,0,19,0
23-06 08:41:12,8.014,1.503,89.159,0.250,0,5342188,164960,178000,2319724,143520.181,12545.393,0,1486.654,0,75.134,1886,2319,1.220,1.670,1.110,1,0,0,0,0,18,302,0,19,0
23-06 08:41:13,12.485,1.498,84.896,0.499,0,5361528,145304,178112,2319912,30828.102,9643.145,0,1206.517,0,49.939,1724,1842,1.220,1.670,1.110,3,0,0,0,0,18,302,0,15,0
23-06 08:41:14,15.232,3.496,78.658,1.249,0,5358308,147968,178264,2320248,23317.846,14643.947,31.963,99280.388,0.999,865.992,3227,3457,1.220,1.670,1.110,1,0,0,0,0,18,302,0,15,0
23-06 08:41:15,12.006,2.001,85.292,0.250,0,5366656,139064,178360,2320704,334447.041,15371.539,0,1592.781,0,38.019,1961,1906,1.280,1.670,1.110,2,0,0,0,0,18,302,0,15,0
23-06 08:41:16,8.006,1.751,87.815,1.251,0,5364016,140988,178740,2321024,123055.607,20996.460,28.021,2950.172,4.003,144.106,2077,2352,1.280,1.670,1.110,2,0,0,0,0,18,302,0,15,0
23-06 08:41:17,14.746,1.250,82.479,0.500,0,5356896,138956,178900,2329956,48965.329,14332.291,103.973,1575.592,5.998,60.984,1909,1806,1.280,1.670,1.110,1,0,1.000,0,0,18,302,0,12,0
23-06 08:41:18,4.252,2.251,90.537,0,0,5352408,135836,178920,2337508,4297196.480,82503.800,0,1752.718,0,13.005,5330,3726,1.280,1.670,1.110,0,0,2.001,0,0,18,302,0,12,0
23-06 08:41:19,5.257,4.256,87.115,0.250,0,5348720,137788,178980,2339868,11782375.028,184482.519,0,29935.353,0,398.524,12760,6498,1.280,1.670,1.110,0,0,2.003,0,0,18,302,0,12,0
23-06 08:41:20,15.462,3.741,77.807,0.998,0,5353064,134968,179232,2338012,3053616.515,51930.170,163.594,13997.275,3.990,94.765,4746,3044,1.260,1.660,1.110,2,0,1.995,0,0,18,302,0,12,0
23-06 08:41:21,27.066,7.769,63.906,0.752,0,5346412,153244,182420,2323204,4796.683,1461.560,0,4406.733,0,102.249,3555,8602,1.260,1.660,1.110,3,0,36.088,0,0,18,302,0,10,0
23-06 08:41:22,24.208,3.244,70.627,0.749,0,5350272,132724,182932,2339180,4450.246,1455.464,0,1744.960,0,50.911,2440,2170,1.260,1.660,1.110,2,0,0,0,0,18,302,0,10,0
23-06 08:41:23,24.000,3.500,70.749,0.500,0,5353316,142040,183432,2326600,4277.938,1499.978,0,1815.974,0,79.999,2645,2563,1.260,1.660,1.110,2,0,0,0,0,18,302,0,10,0
23-06 08:41:24,21.532,4.507,72.108,1.002,0,5360904,145264,184388,2315268,4224.353,1502.259,0,2655.994,0,95.143,2560,2510,1.260,1.660,1.110,1,0,0,0,0,18,302,0,10,0
23-06 08:41:25,23.707,2.246,72.369,0.499,0,5358048,131920,185156,2330384,4262.257,1617.063,0,1465.338,0,50.908,2248,2057,1.240,1.650,1.110,2,0,0,0,0,18,302,0,9,0
23-06 08:41:26,23.988,3.498,70.964,0.250,0,5363972,128704,186524,2325704,4172.896,1457.265,0,2210.885,0,45.977,2480,2294,1.240,1.650,1.110,1,0,0,0,0,18,302,0,9,0
23-06 08:41:27,24.044,3.256,70.378,0.751,0,5361820,132340,187404,2322796,4808.756,1622.955,0,2620.772,0,109.199,2835,2971,1.240,1.650,1.110,1,0,0,0,0,18,302,0,9,0
23-06 08:41:28,24.180,3.739,70.047,0.748,0,5331816,214192,188100,2270264,5228.840,1962.310,0,2257.455,0,86.748,2678,2564,1.240,1.650,1.110,1,0,2.991,0,0,18,300,0,9,0
23-06 08:41:29,19.548,4.762,74.682,0.501,0,5335496,210476,188100,2270180,8810.453,2899.059,0,2919.108,0,151.369,2535,2380,1.240,1.650,1.110,0,0,34.083,0,0,18,301,0,5,0
23-06 08:41:30,21.230,3.497,74.179,0.250,0,5329912,209316,188216,2276524,7465.827,3393.739,0,2058.023,0,179.827,2173,1723,1.220,1.640,1.110,2,0,3.996,0,0,18,300,0,5,0
23-06 08:41:31,21.474,7.491,69.416,0,0,5347976,189912,188236,2277588,5008.957,1456.243,0,7.990,0,1.998,9250,17075,1.220,1.640,1.110,1,0,11.986,0,0,18,300,0,5,0
23-06 08:41:32,22.551,6.515,69.156,0,0,5348740,188932,188240,2277736,4510.195,1623.670,0,2609.899,0,14.032,10790,19399,1.220,1.640,1.110,1,0,13.029,0,0,18,300,0,5,0
23-06 08:41:33,21.023,5.506,72.331,0,0,5348928,188708,188248,2277724,4583.115,1459.629,0,468.523,0,16.018,2256,1794,1.220,1.640,1.110,3,0,7.008,0,0,18,300,0,4,0
23-06 08:41:34,22.228,4.246,71.930,0.250,0,5299668,244412,188260,2271772,4495.605,1702.336,247.758,887.133,3.996,30.970,2372,2217,1.220,1.640,1.110,1,0,5.994,0,0,18,300,0,4,0
23-06 08:41:35,22.770,4.504,70.563,0.500,0,5311292,230832,188280,2273656,4461.994,1459.306,436.391,2017.806,12.011,59.053,4341,5619,1.200,1.630,1.110,1,0,0,0,0,18,301,0,8,0
23-06 08:41:36,24.772,6.005,65.307,2.002,0,5251536,289388,188280,2274852,5181.525,1663.453,816.713,2009.755,44.038,273.239,7088,10186,1.200,1.630,1.110,2,0,28.024,0,0,18,302,0,9,0
23-06 08:41:37,8.725,21.189,67.804,0.499,0,5260036,280808,188280,2274932,4983.622,1453.806,0,1711.064,0,105.695,5575,4527,1.200,1.630,1.110,2,0,333.039,0,0,18,302,0,8,0
23-06 08:41:38,12.006,10.005,70.033,5.503,0,5257940,277340,188280,2280492,5642.696,1620.774,5546.650,460.220,1062.508,20.010,4351,4671,1.200,1.630,1.110,0,1,88.042,0,0,18,302,0,10,0
23-06 08:41:39,3.248,1.999,91.932,1.749,0,5260024,273308,188280,2282436,10430.244,4036.998,1954.547,3649.287,210.843,167.875,1729,2469,1.200,1.630,1.110,2,0,5.996,0,0,18,303,0,10,0
23-06 08:41:40,1.749,0.750,96.214,0.250,0,5252616,280716,188280,2282436,42774.870,5048.096,0,115.956,0,13.995,1125,1573,1.100,1.600,1.100,1,0,0,0,0,18,303,0,10,0
23-06 08:41:41,4.507,3.005,90.887,0.501,0,5230772,302736,188296,2282248,81900.622,126573.051,208.314,2824.263,10.015,325.491,1945,2104,1.100,1.600,1.100,1,0,27.041,0,0,18,302,0,10,0
23-06 08:41:42,3.248,1.000,94.454,0,0,5230520,302736,188296,2282500,4857.620,1619.207,0,339.833,0,34.983,1414,2078,1.100,1.600,1.100,0,0,0,0,0,18,302,0,10,0
23-06 08:41:43,0.751,0.751,97.339,0,0,5230520,302736,188296,2282500,4624.228,1621.483,0,112.103,0,9.008,1010,1424,1.100,1.600,1.100,2,0,0,0,0,18,302,0,10,0
23-06 08:41:44,1.499,0.999,97.410,0,0,5230520,302736,188296,2282500,4865.518,1618.509,0,183.831,0,0.999,839,1208,1.100,1.600,1.100,2,0,0,0,0,18,302,0,10,0
23-06 08:41:45,0.749,2.746,94.372,0.250,0.250,5230576,302672,188296,2282508,4765.537,1509.952,0,64772.157,0,522.292,1913,2304,1.020,1.580,1.100,0,0,0,0,0,18,302,0,10,0
23-06 08:41:46,2.243,0.748,96.200,0.498,0,5229256,303980,188296,2282520,4967.497,1561.128,0,1423.557,0,37.882,1339,1975,1.020,1.580,1.100,0,0,0,0,0,18,302,0,10,0
23-06 08:41:47,2.010,1.759,95.220,0.251,0,5219976,313260,188296,2282520,4763.496,1628.030,0,321.586,0,21.104,1158,1460,1.020,1.580,1.100,2,0,6.030,0,0,18,302,0,10,0
23-06 08:41:48,1.249,0.250,97.142,0,0,5219932,313260,188296,2282564,5154.248,1618.194,0,35.960,0,3.996,1056,1410,1.020,1.580,1.100,0,0,2.997,0,0,18,302,0,10,0
23-06 08:41:49,1.001,0.500,97.580,0,0,5219932,313260,188296,2282564,4693.870,1621.337,0,4.003,0,1.001,837,1226,1.020,1.580,1.100,1,0,0,0,0,18,302,0,10,0
23-06 08:41:50,1.000,3.752,94.290,0,0,5212780,320412,188296,2282564,4219.812,1458.626,0,119831.462,0,1250.537,3339,4202,0.930,1.550,1.090,0,0,1.000,0,0,18,302,0,10,0
23-06 08:41:51,1.248,0.499,96.833,0,0,5212808,320412,188296,2282564,4646.983,1455.489,0,1740.996,0,10.981,982,1353,0.930,1.550,1.090,2,0,0,0,0,18,302,0,10,0
23-06 08:41:52,2.005,0.752,95.979,0.251,0,5213016,320188,188296,2282580,4911.725,1623.876,0,902.154,0,172.412,1145,1542,0.930,1.550,1.090,0,0,0,0,0,18,302,0,10,0
23-06 08:41:53,1.500,0.500,96.236,0.250,0,5213012,320188,188296,2282584,4457.329,1457.781,0,347.948,0,20.997,1181,1645,0.930,1.550,1.090,1,0,0,0,0,18,302,0,10,0
23-06 08:41:54,1.248,0.999,97.114,0,0,5213012,320188,188296,2282584,4511.681,1455.961,0,35.950,0,3.994,887,1229,0.930,1.550,1.090,0,0,0,0,0,18,302,0,10,0
23-06 08:41:55,0.750,3.250,94.996,0,0,5212732,320468,188296,2282584,4817.817,1457.945,0,8.000,0,2.000,1008,1237,0.940,1.540,1.090,1,0,0,0,0,18,302,0,10,0
23-06 08:41:56,3.004,1.001,94.619,0.250,0,5213008,320188,188296,2282588,4943.194,1622.032,16.020,152.191,1.001,20.025,1509,2178,0.940,1.540,1.090,0,0,0,0,0,18,302,0,10,0
23-06 08:41:57,2.745,0.998,94.839,0,0,5212992,320188,188296,2282604,5348.897,1455.523,0,543.076,0,42.927,1488,1895,0.940,1.540,1.090,1,0,0,0,0,18,302,0,10,0
23-06 08:41:58,1.249,0.999,96.683,0,0,5213240,319936,188296,2282608,5963.866,1456.990,0,31.978,0,2.998,1132,1498,0.940,1.540,1.090,2,0,0.999,0,0,18,302,0,10,0
23-06 08:41:59,1.002,0.251,97.719,0,0,5213240,319936,188296,2282608,5953.316,1623.632,0,0,0,0,899,1308,0.940,1.540,1.090,1,0,0,0,0,18,302,0,10,0
23-06 08:42:00,1.000,0.750,97.217,0,0,5213240,319936,188296,2282608,4696.383,1457.498,0,179.938,0,10.996,926,1308,0.860,1.510,1.080,1,0,0,0,0,18,302,0,10,0
23-06 08:42:01,0.998,0.499,97.071,0,0,5213236,319936,188300,2282608,5407.024,1617.017,0,39.926,0,4.991,992,1346,0.860,1.510,1.080,0,0,0,0,0,18,302,0,10,0
23-06 08:42:02,1.253,1.002,96.739,0.251,0,5213236,319936,188300,2282608,4932.203,1624.018,0,745.845,0,152.377,1113,1553,0.860,1.510,1.080,1,0,0,0,0,18,302,0,10,0
23-06 08:42:03,1.249,0.999,97.163,0,0,5213228,319936,188300,2282616,5035.494,1618.551,0,275.753,0,17.984,1099,1593,0.860,1.510,1.080,2,0,0,0,0,18,302,0,10,0
23-06 08:42:04,0.749,0.749,96.585,0.499,0,5213228,319936,188300,2282616,5450.699,1617.240,0,1992.600,0,117.799,1279,1956,0.860,1.510,1.080,2,0,0,0,0,18,302,0,10,0
23-06 08:42:05,1.502,0.501,96.632,0.250,0,5213228,319936,188300,2282616,5245.185,1460.000,0,1417.942,0,65.089,975,1433,0.790,1.490,1.080,1,0,0,0,0,18,302,0,10,0
23-06 08:42:06,6.253,2.501,89.545,0.500,0,5233124,300028,188300,2282628,5841.930,1620.813,0,176.088,0,22.011,1545,1813,0.790,1.490,1.080,1,0,3.002,0,0,18,302,0,10,0
23-06 08:42:07,19.532,7.011,72.869,0,0,5272148,260996,188300,2282636,5066.291,1460.390,769.259,344.564,6.010,26.043,2533,1898,0.790,1.490,1.080,1,0,9.015,0,0,18,302,0,10,0
23-06 08:42:08,10.968,3.988,84.003,0.249,0,5270356,262760,188300,2282664,5274.493,1615.251,255.250,139.590,1.994,15.953,2202,2368,0.790,1.490,1.080,2,0,4.985,0,0,18,302,0,10,0
23-06 08:42:09,4.507,0.751,94.140,0,0,5270576,262536,188300,2282668,4284.351,1460.164,0,0,0,0,1329,1651,0.790,1.490,1.080,1,0,2.003,0,0,18,302,0,12,0
23-06 08:42:10,2.500,0.750,95.259,0,0,5265444,267664,188300,2282672,4320.418,1620.157,0,116.011,0,13.001,1192,1732,0.730,1.460,1.070,2,0,1.000,0,0,18,302,0,10,0
23-06 08:42:11,1.748,0.250,96.637,0,0,5259152,273948,188300,2282680,3462.967,809.058,0,103.879,0,11.986,1140,1719,0.730,1.460,1.070,1,0,0,0,0,18,302,0,10,0
23-06 08:42:12,9.505,3.001,86.293,0.250,0,5266388,266708,188304,2282680,272087.461,2709.349,0,548.273,0,40.020,1811,2132,0.730,1.460,1.070,1,0,7.003,0,0,18,302,0,10,0
23-06 08:42:13,9.250,5.000,83.754,0.250,0,5262188,270780,188316,2282796,282004.915,8548.391,112.005,240.011,5.000,12.001,2517,2245,0.730,1.460,1.070,1,0,32.001,0,0,18,302,0,10,0
23-06 08:42:14,14.531,6.013,78.417,0,0,5253360,275764,188316,2286640,145455.753,3274.974,80.171,180.384,2.004,10.021,2500,1925,0.730,1.460,1.070,2,0,31.066,0,0,18,302,0,10,0
