Oct 07 18:44:42 jammy-provider-cloud-0000007695 devstack@keystone.service[61710]: ERROR keystone.server.flask.application     return current_app.ensure_sync(self.dispatch_request)(**kwargs)  # type: ignore[no-any-return]
Oct 07 18:44:42 jammy-provider-cloud-0000007695 devstack@keystone.service[61710]: ERROR keystone.server.flask.application   File "/opt/stack/data/venv/lib/python3.10/site-packages/flask_restful/__init__.py", line 604, in dispatch_request
Oct 07 18:44:42 jammy-provider-cloud-0000007695 devstack@keystone.service[61710]: ERROR keystone.server.flask.application     resp = meth(*args, **kwargs)
Oct 07 18:44:42 jammy-provider-cloud-0000007695 devstack@keystone.service[61710]: ERROR keystone.server.flask.application   File "/opt/stack/keystone/keystone/api/domains.py", line 141, in post
Oct 07 18:44:42 jammy-provider-cloud-0000007695 devstack@keystone.service[61710]: ERROR keystone.server.flask.application     ref = PROVIDERS.resource_api.create_domain(
Oct 07 18:44:42 jammy-provider-cloud-0000007695 devstack@keystone.service[61710]: ERROR keystone.server.flask.application   File "/opt/stack/keystone/keystone/common/manager.py", line 110, in wrapped
Oct 07 18:44:42 jammy-provider-cloud-0000007695 devstack@keystone.service[61710]: ERROR keystone.server.flask.application     __ret_val = __f(*args, **kwargs)
Oct 07 18:44:42 jammy-provider-cloud-0000007695 devstack@keystone.service[61710]: ERROR keystone.server.flask.application   File "/opt/stack/keystone/keystone/resource/core.py", line 867, in create_domain
Oct 07 18:44:42 jammy-provider-cloud-0000007695 devstack@keystone.service[61710]: ERROR keystone.server.flask.application     is_domain_project = self.create_project(
Oct 07 18:44:42 jammy-provider-cloud-0000007695 devstack@keystone.service[61710]: ERROR keystone.server.flask.application   File "/opt/stack/keystone/keystone/common/manager.py", line 110, in wrapped
Oct 07 18:44:42 jammy-provider-cloud-0000007695 devstack@keystone.service[61710]: ERROR keystone.server.flask.application     __ret_val = __f(*args, **kwargs)
Oct 07 18:44:42 jammy-provider-cloud-0000007695 devstack@keystone.service[61710]: ERROR keystone.server.flask.application   File "/opt/stack/keystone/keystone/resource/core.py", line 252, in create_project
Oct 07 18:44:42 jammy-provider-cloud-0000007695 devstack@keystone.service[61710]: ERROR keystone.server.flask.application     raise exception.Conflict(
Oct 07 18:44:42 jammy-provider-cloud-0000007695 devstack@keystone.service[61710]: ERROR keystone.server.flask.application keystone.exception.Conflict: Conflict occurred attempting to store project - it is not permitted to have two projects acting as domains with the same name: Default.
Oct 07 18:44:42 jammy-provider-cloud-0000007695 devstack@keystone.service[61710]: ERROR keystone.server.flask.application 
Oct 07 18:44:42 jammy-provider-cloud-0000007695 devstack@keystone.service[61710]: [pid: 61710|app: 0|req: 8/15] 10.201.5.87 () {60 vars in 1137 bytes} [Mon Oct  7 18:44:42 2024] POST /identity/v3/domains => generated 190 bytes in 82 msecs (HTTP/1.1 409) 5 headers in 183 bytes (2 switches on core 0)
Oct 07 18:44:42 jammy-provider-cloud-0000007695 devstack@keystone.service[61710]: DEBUG keystone.server.flask.request_processing.middleware.auth_context [None req-ba80a096-538c-4a5d-9643-730d3f6a3687 None admin] Authenticating user token {{(pid=61710) process_request /opt/stack/data/venv/lib/python3.10/site-packages/keystonemiddleware/auth_token/__init__.py:406}}
Oct 07 18:44:42 jammy-provider-cloud-0000007695 devstack@keystone.service[61711]: [pid: 61711|app: 0|req: 8/16] 10.201.5.87 () {56 vars in 1099 bytes} [Mon Oct  7 18:44:42 2024] GET /identity/v3/roles?name=admin => generated 339 bytes in 63 msecs (HTTP/1.1 200) 5 headers in 177 bytes (2 switches on core 0)
Oct 07 18:44:42 jammy-provider-cloud-0000007695 devstack@keystone.service[61711]: DEBUG keystone.server.flask.request_processing.middleware.auth_context [None req-b325c888-8632-4434-8205-e0e564ab594f None admin] Authenticating user token {{(pid=61711) process_request /opt/stack/data/venv/lib/python3.10/site-packages/keystonemiddleware/auth_token/__init__.py:406}}
Oct 07 18:44:42 jammy-provider-cloud-0000007695 devstack@keystone.service[61710]: DEBUG keystone.server.flask.request_processing.middleware.auth_context [None req-ba80a096-538c-4a5d-9643-730d3f6a3687 None admin] Validating token access rules against request {{(pid=61710) validate_allowed_request /opt/stack/data/venv/lib/python3.10/site-packages/keystonemiddleware/auth_token/__init__.py:544}}
Oct 07 18:44:42 jammy-provider-cloud-0000007695 devstack@keystone.service[61711]: DEBUG keystone.server.flask.request_processing.middleware.auth_context [None req-b325c888-8632-4434-8205-e0e564ab594f None admin] Validating token access rules against request {{(pid=61711) validate_allowed_request /opt/stack/data/venv/lib/python3.10/site-packages/keystonemiddleware/auth_token/__init__.py:544}}
Oct 07 18:44:42 jammy-provider-cloud-0000007695 devstack@keystone.service[61710]: DEBUG keystone.server.flask.request_processing.middleware.auth_context [None req-4f6c0952-59e2-4f49-ac55-81a5c2d0d03f None admin] RBAC: auth_context: {'token': <TokenModel (audit_id=HmjiJvAhQmituq5SAmv8PQ, audit_chain_id=['HmjiJvAhQmituq5SAmv8PQ']) at 0x7faf1b7d5510>, 'domain_id': None, 'trust_id': None, 'trustor_id': None, 'trustee_id': None, 'domain_name': None, 'group_ids': [], 'user_id': '002c19adbf064739af5e887985295583', 'user_domain_id': 'default', 'system_scope': 'all', 'project_id': None, 'project_domain_id': None, 'roles': ['admin', 'manager', 'member', 'reader'], 'is_admin_project': True, 'service_user_id': None, 'service_user_domain_id': None, 'service_project_id': None, 'service_project_domain_id': None, 'service_roles': []} {{(pid=61710) fill_context /opt/stack/keystone/keystone/server/flask/request_processing/middleware/auth_context.py:511}}
Oct 07 18:44:42 jammy-provider-cloud-0000007695 devstack@keystone.service[61710]: DEBUG keystone.server.flask.request_processing.req_logging [None req-4f6c0952-59e2-4f49-ac55-81a5c2d0d03f None admin] REQUEST_METHOD: `GET` {{(pid=61710) log_request_info /opt/stack/keystone/keystone/server/flask/request_processing/req_logging.py:26}}
Oct 07 18:44:42 jammy-provider-cloud-0000007695 devstack@keystone.service[61710]: DEBUG keystone.server.flask.request_processing.req_logging [None req-4f6c0952-59e2-4f49-ac55-81a5c2d0d03f None admin] SCRIPT_NAME: `/identity` {{(pid=61710) log_request_info /opt/stack/keystone/keystone/server/flask/request_processing/req_logging.py:27}}
Oct 07 18:44:42 jammy-provider-cloud-0000007695 devstack@keystone.service[61710]: DEBUG keystone.server.flask.request_processing.req_logging [None req-4f6c0952-59e2-4f49-ac55-81a5c2d0d03f None admin] PATH_INFO: `/v3/domains/Default` {{(pid=61710) log_request_info /opt/stack/keystone/keystone/server/flask/request_processing/req_logging.py:28}}
Oct 07 18:44:42 jammy-provider-cloud-0000007695 devstack@keystone.service[61711]: DEBUG keystone.server.flask.request_processing.middleware.auth_context [None req-ad6eeef3-ba3e-4255-970b-68e3a2ddd0f6 None admin] RBAC: auth_context: {'token': <TokenModel (audit_id=B_xdE-xTQTy8NiBbbBv7EA, audit_chain_id=['B_xdE-xTQTy8NiBbbBv7EA']) at 0x7faf1b706170>, 'domain_id': None, 'trust_id': None, 'trustor_id': None, 'trustee_id': None, 'domain_name': None, 'group_ids': [], 'user_id': '002c19adbf064739af5e887985295583', 'user_domain_id': 'default', 'system_scope': 'all', 'project_id': None, 'project_domain_id': None, 'roles': ['admin', 'manager', 'member', 'reader'], 'is_admin_project': True, 'service_user_id': None, 'service_user_domain_id': None, 'service_project_id': None, 'service_project_domain_id': None, 'service_roles': []} {{(pid=61711) fill_context /opt/stack/keystone/keystone/server/flask/request_processing/middleware/auth_context.py:511}}
Oct 07 18:44:42 jammy-provider-cloud-0000007695 devstack@keystone.service[61711]: DEBUG keystone.server.flask.request_processing.req_logging [None req-ad6eeef3-ba3e-4255-970b-68e3a2ddd0f6 None admin] REQUEST_METHOD: `GET` {{(pid=61711) log_request_info /opt/stack/keystone/keystone/server/flask/request_processing/req_logging.py:26}}
Oct 07 18:44:42 jammy-provider-cloud-0000007695 devstack@keystone.service[61711]: DEBUG keystone.server.flask.request_processing.req_logging [None req-ad6eeef3-ba3e-4255-970b-68e3a2ddd0f6 None admin] SCRIPT_NAME: `/identity` {{(pid=61711) log_request_info /opt/stack/keystone/keystone/server/flask/request_processing/req_logging.py:27}}
Oct 07 18:44:42 jammy-provider-cloud-0000007695 devstack@keystone.service[61711]: DEBUG keystone.server.flask.request_processing.req_logging [None req-ad6eeef3-ba3e-4255-970b-68e3a2ddd0f6 None admin] PATH_INFO: `/v3/users/002c19adbf064739af5e887985295583` {{(pid=61711) log_request_info /opt/stack/keystone/keystone/server/flask/request_processing/req_logging.py:28}}
Oct 07 18:44:42 jammy-provider-cloud-0000007695 devstack@keystone.service[61711]: DEBUG keystone.common.rbac_enforcer.enforcer [None req-ad6eeef3-ba3e-4255-970b-68e3a2ddd0f6 None admin] RBAC: Authorizing `identity:get_user(user_id=002c19adbf064739af5e887985295583)` {{(pid=61711) enforce_call /opt/stack/keystone/keystone/common/rbac_enforcer/enforcer.py:503}}
Oct 07 18:44:42 jammy-provider-cloud-0000007695 devstack@keystone.service[61711]: DEBUG keystone.common.rbac_enforcer.enforcer [None req-ad6eeef3-ba3e-4255-970b-68e3a2ddd0f6 None admin] RBAC: Authorization granted {{(pid=61711) enforce_call /opt/stack/keystone/keystone/common/rbac_enforcer/enforcer.py:514}}
Oct 07 18:44:42 jammy-provider-cloud-0000007695 devstack@keystone.service[61711]: [pid: 61711|app: 0|req: 9/17] 10.201.5.87 () {56 vars in 1177 bytes} [Mon Oct  7 18:44:42 2024] GET /identity/v3/users/002c19adbf064739af5e887985295583 => generated 247 bytes in 54 msecs (HTTP/1.1 200) 5 headers in 177 bytes (1 switches on core 0)
Oct 07 18:44:42 jammy-provider-cloud-0000007695 devstack@keystone.service[61710]: DEBUG keystone.common.rbac_enforcer.enforcer [None req-4f6c0952-59e2-4f49-ac55-81a5c2d0d03f None admin] RBAC: Authorizing `identity:get_domain(domain_id=Default)` {{(pid=61710) enforce_call /opt/stack/keystone/keystone/common/rbac_enforcer/enforcer.py:503}}
Oct 07 18:44:42 jammy-provider-cloud-0000007695 devstack@keystone.service[61710]: DEBUG keystone.common.rbac_enforcer.enforcer [None req-4f6c0952-59e2-4f49-ac55-81a5c2d0d03f None admin] RBAC: Authorization granted {{(pid=61710) enforce_call /opt/stack/keystone/keystone/common/rbac_enforcer/enforcer.py:514}}
Oct 07 18:44:42 jammy-provider-cloud-0000007695 devstack@keystone.service[61711]: DEBUG keystone.server.flask.request_processing.middleware.auth_context [None req-ad6eeef3-ba3e-4255-970b-68e3a2ddd0f6 None admin] Authenticating user token {{(pid=61711) process_request /opt/stack/data/venv/lib/python3.10/site-packages/keystonemiddleware/auth_token/__init__.py:406}}
Oct 07 18:44:42 jammy-provider-cloud-0000007695 devstack@keystone.service[61710]: DEBUG keystone.server.flask.application [None req-4f6c0952-59e2-4f49-ac55-81a5c2d0d03f None admin] Could not find domain: Default. {{(pid=61710) _handle_keystone_exception /opt/stack/keystone/keystone/server/flask/application.py:152}}
Oct 07 18:44:42 jammy-provider-cloud-0000007695 devstack@keystone.service[61710]: [pid: 61710|app: 0|req: 9/18] 10.201.5.87 () {56 vars in 1108 bytes} [Mon Oct  7 18:44:42 2024] GET /identity/v3/domains/Default => generated 87 bytes in 72 msecs (HTTP/1.1 404) 5 headers in 183 bytes (1 switches on core 0)
Oct 07 18:44:42 jammy-provider-cloud-0000007695 devstack@keystone.service[61710]: DEBUG keystone.server.flask.request_processing.middleware.auth_context [None req-4f6c0952-59e2-4f49-ac55-81a5c2d0d03f None admin] Authenticating user token {{(pid=61710) process_request /opt/stack/data/venv/lib/python3.10/site-packages/keystonemiddleware/auth_token/__init__.py:406}}
Oct 07 18:44:42 jammy-provider-cloud-0000007695 devstack@keystone.service[61711]: DEBUG keystone.server.flask.request_processing.middleware.auth_context [None req-ad6eeef3-ba3e-4255-970b-68e3a2ddd0f6 None admin] Validating token access rules against request {{(pid=61711) validate_allowed_request /opt/stack/data/venv/lib/python3.10/site-packages/keystonemiddleware/auth_token/__init__.py:544}}
Oct 07 18:44:42 jammy-provider-cloud-0000007695 devstack@keystone.service[61710]: DEBUG keystone.server.flask.request_processing.middleware.auth_context [None req-4f6c0952-59e2-4f49-ac55-81a5c2d0d03f None admin] Validating token access rules against request {{(pid=61710) validate_allowed_request /opt/stack/data/venv/lib/python3.10/site-packages/keystonemiddleware/auth_token/__init__.py:544}}
Oct 07 18:44:42 jammy-provider-cloud-0000007695 devstack@keystone.service[61711]: DEBUG keystone.server.flask.request_processing.middleware.auth_context [None req-22d25c69-d270-4770-add4-6006e6095994 None admin] RBAC: auth_context: {'token': <TokenModel (audit_id=B_xdE-xTQTy8NiBbbBv7EA, audit_chain_id=['B_xdE-xTQTy8NiBbbBv7EA']) at 0x7faf1b706770>, 'domain_id': None, 'trust_id': None, 'trustor_id': None, 'trustee_id': None, 'domain_name': None, 'group_ids': [], 'user_id': '002c19adbf064739af5e887985295583', 'user_domain_id': 'default', 'system_scope': 'all', 'project_id': None, 'project_domain_id': None, 'roles': ['admin', 'manager', 'member', 'reader'], 'is_admin_project': True, 'service_user_id': None, 'service_user_domain_id': None, 'service_project_id': None, 'service_project_domain_id': None, 'service_roles': []} {{(pid=61711) fill_context /opt/stack/keystone/keystone/server/flask/request_processing/middleware/auth_context.py:511}}
Oct 07 18:44:42 jammy-provider-cloud-0000007695 devstack@keystone.service[61711]: DEBUG keystone.server.flask.request_processing.req_logging [None req-22d25c69-d270-4770-add4-6006e6095994 None admin] REQUEST_METHOD: `GET` {{(pid=61711) log_request_info /opt/stack/keystone/keystone/server/flask/request_processing/req_logging.py:26}}
Oct 07 18:44:42 jammy-provider-cloud-0000007695 devstack@keystone.service[61711]: DEBUG keystone.server.flask.request_processing.req_logging [None req-22d25c69-d270-4770-add4-6006e6095994 None admin] SCRIPT_NAME: `/identity` {{(pid=61711) log_request_info /opt/stack/keystone/keystone/server/flask/request_processing/req_logging.py:27}}
Oct 07 18:44:42 jammy-provider-cloud-0000007695 devstack@keystone.service[61711]: DEBUG keystone.server.flask.request_processing.req_logging [None req-22d25c69-d270-4770-add4-6006e6095994 None admin] PATH_INFO: `/v3/domains/default` {{(pid=61711) log_request_info /opt/stack/keystone/keystone/server/flask/request_processing/req_logging.py:28}}
Oct 07 18:44:42 jammy-provider-cloud-0000007695 devstack@keystone.service[61711]: DEBUG keystone.common.rbac_enforcer.enforcer [None req-22d25c69-d270-4770-add4-6006e6095994 None admin] RBAC: Authorizing `identity:get_domain(domain_id=default)` {{(pid=61711) enforce_call /opt/stack/keystone/keystone/common/rbac_enforcer/enforcer.py:503}}
Oct 07 18:44:42 jammy-provider-cloud-0000007695 devstack@keystone.service[61711]: DEBUG keystone.common.rbac_enforcer.enforcer [None req-22d25c69-d270-4770-add4-6006e6095994 None admin] RBAC: Authorization granted {{(pid=61711) enforce_call /opt/stack/keystone/keystone/common/rbac_enforcer/enforcer.py:514}}
Oct 07 18:44:42 jammy-provider-cloud-0000007695 devstack@keystone.service[61711]: [pid: 61711|app: 0|req: 10/19] 10.201.5.87 () {56 vars in 1108 bytes} [Mon Oct  7 18:44:42 2024] GET /identity/v3/domains/default => generated 199 bytes in 56 msecs (HTTP/1.1 200) 5 headers in 177 bytes (2 switches on core 0)
Oct 07 18:44:42 jammy-provider-cloud-0000007695 devstack@keystone.service[61710]: DEBUG keystone.server.flask.request_processing.middleware.auth_context [None req-73145768-45fd-41cc-9c3d-fb13312b3f83 None admin] RBAC: auth_context: {'token': <TokenModel (audit_id=HmjiJvAhQmituq5SAmv8PQ, audit_chain_id=['HmjiJvAhQmituq5SAmv8PQ']) at 0x7faf1b818a00>, 'domain_id': None, 'trust_id': None, 'trustor_id': None, 'trustee_id': None, 'domain_name': None, 'group_ids': [], 'user_id': '002c19adbf064739af5e887985295583', 'user_domain_id': 'default', 'system_scope': 'all', 'project_id': None, 'project_domain_id': None, 'roles': ['admin', 'manager', 'member', 'reader'], 'is_admin_project': True, 'service_user_id': None, 'service_user_domain_id': None, 'service_project_id': None, 'service_project_domain_id': None, 'service_roles': []} {{(pid=61710) fill_context /opt/stack/keystone/keystone/server/flask/request_processing/middleware/auth_context.py:511}}
Oct 07 18:44:42 jammy-provider-cloud-0000007695 devstack@keystone.service[61710]: DEBUG keystone.server.flask.request_processing.req_logging [None req-73145768-45fd-41cc-9c3d-fb13312b3f83 None admin] REQUEST_METHOD: `GET` {{(pid=61710) log_request_info /opt/stack/keystone/keystone/server/flask/request_processing/req_logging.py:26}}
Oct 07 18:44:42 jammy-provider-cloud-0000007695 devstack@keystone.service[61710]: DEBUG keystone.server.flask.request_processing.req_logging [None req-73145768-45fd-41cc-9c3d-fb13312b3f83 None admin] SCRIPT_NAME: `/identity` {{(pid=61710) log_request_info /opt/stack/keystone/keystone/server/flask/request_processing/req_logging.py:27}}
Oct 07 18:44:42 jammy-provider-cloud-0000007695 devstack@keystone.service[61710]: DEBUG keystone.server.flask.request_processing.req_logging [None req-73145768-45fd-41cc-9c3d-fb13312b3f83 None admin] PATH_INFO: `/v3/domains` {{(pid=61710) log_request_info /opt/stack/keystone/keystone/server/flask/request_processing/req_logging.py:28}}
Oct 07 18:44:42 jammy-provider-cloud-0000007695 devstack@keystone.service[61711]: DEBUG keystone.server.flask.request_processing.middleware.auth_context [None req-22d25c69-d270-4770-add4-6006e6095994 None admin] Authenticating user token {{(pid=61711) process_request /opt/stack/data/venv/lib/python3.10/site-packages/keystonemiddleware/auth_token/__init__.py:406}}
Oct 07 18:44:42 jammy-provider-cloud-0000007695 devstack@keystone.service[61710]: DEBUG keystone.common.rbac_enforcer.enforcer [None req-73145768-45fd-41cc-9c3d-fb13312b3f83 None admin] RBAC: Adding query filter params (name=Default) {{(pid=61710) _extract_filter_values /opt/stack/keystone/keystone/common/rbac_enforcer/enforcer.py:184}}
Oct 07 18:44:42 jammy-provider-cloud-0000007695 devstack@keystone.service[61710]: DEBUG keystone.common.rbac_enforcer.enforcer [None req-73145768-45fd-41cc-9c3d-fb13312b3f83 None admin] RBAC: Authorizing `identity:list_domains()` {{(pid=61710) enforce_call /opt/stack/keystone/keystone/common/rbac_enforcer/enforcer.py:503}}
Oct 07 18:44:42 jammy-provider-cloud-0000007695 devstack@keystone.service[61710]: DEBUG keystone.common.rbac_enforcer.enforcer [None req-73145768-45fd-41cc-9c3d-fb13312b3f83 None admin] RBAC: Authorization granted {{(pid=61710) enforce_call /opt/stack/keystone/keystone/common/rbac_enforcer/enforcer.py:514}}
Oct 07 18:44:42 jammy-provider-cloud-0000007695 devstack@keystone.service[61710]: [pid: 61710|app: 0|req: 10/20] 10.201.5.87 () {56 vars in 1109 bytes} [Mon Oct  7 18:44:42 2024] GET /identity/v3/domains?name=Default => generated 308 bytes in 60 msecs (HTTP/1.1 200) 5 headers in 177 bytes (2 switches on core 0)
Oct 07 18:44:42 jammy-provider-cloud-0000007695 devstack@keystone.service[61711]: DEBUG keystone.server.flask.request_processing.middleware.auth_context [None req-22d25c69-d270-4770-add4-6006e6095994 None admin] Validating token access rules against request {{(pid=61711) validate_allowed_request /opt/stack/data/venv/lib/python3.10/site-packages/keystonemiddleware/auth_token/__init__.py:544}}
Oct 07 18:44:42 jammy-provider-cloud-0000007695 devstack@keystone.service[61711]: DEBUG keystone.server.flask.request_processing.middleware.auth_context [None req-c686d95d-6cb7-410c-a88a-be8b9795f741 None admin] RBAC: auth_context: {'token': <TokenModel (audit_id=B_xdE-xTQTy8NiBbbBv7EA, audit_chain_id=['B_xdE-xTQTy8NiBbbBv7EA']) at 0x7faf1b7060b0>, 'domain_id': None, 'trust_id': None, 'trustor_id': None, 'trustee_id': None, 'domain_name': None, 'group_ids': [], 'user_id': '002c19adbf064739af5e887985295583', 'user_domain_id': 'default', 'system_scope': 'all', 'project_id': None, 'project_domain_id': None, 'roles': ['admin', 'manager', 'member', 'reader'], 'is_admin_project': True, 'service_user_id': None, 'service_user_domain_id': None, 'service_project_id': None, 'service_project_domain_id': None, 'service_roles': []} {{(pid=61711) fill_context /opt/stack/keystone/keystone/server/flask/request_processing/middleware/auth_context.py:511}}
Oct 07 18:44:42 jammy-provider-cloud-0000007695 devstack@keystone.service[61711]: DEBUG keystone.server.flask.request_processing.req_logging [None req-c686d95d-6cb7-410c-a88a-be8b9795f741 None admin] REQUEST_METHOD: `PUT` {{(pid=61711) log_request_info /opt/stack/keystone/keystone/server/flask/request_processing/req_logging.py:26}}
Oct 07 18:44:42 jammy-provider-cloud-0000007695 devstack@keystone.service[61711]: DEBUG keystone.server.flask.request_processing.req_logging [None req-c686d95d-6cb7-410c-a88a-be8b9795f741 None admin] SCRIPT_NAME: `/identity` {{(pid=61711) log_request_info /opt/stack/keystone/keystone/server/flask/request_processing/req_logging.py:27}}
Oct 07 18:44:42 jammy-provider-cloud-0000007695 devstack@keystone.service[61711]: DEBUG keystone.server.flask.request_processing.req_logging [None req-c686d95d-6cb7-410c-a88a-be8b9795f741 None admin] PATH_INFO: `/v3/domains/default/users/002c19adbf064739af5e887985295583/roles/88acb762a5bb4c5d81f883205c3ccc34` {{(pid=61711) log_request_info /opt/stack/keystone/keystone/server/flask/request_processing/req_logging.py:28}}
Oct 07 18:44:42 jammy-provider-cloud-0000007695 devstack@keystone.service[61711]: DEBUG keystone.common.rbac_enforcer.enforcer [None req-c686d95d-6cb7-410c-a88a-be8b9795f741 None admin] RBAC: Authorizing `identity:create_grant(domain_id=default, user_id=002c19adbf064739af5e887985295583, role_id=88acb762a5bb4c5d81f883205c3ccc34)` {{(pid=61711) enforce_call /opt/stack/keystone/keystone/common/rbac_enforcer/enforcer.py:503}}
Oct 07 18:44:42 jammy-provider-cloud-0000007695 devstack@keystone.service[61711]: DEBUG keystone.common.rbac_enforcer.enforcer [None req-c686d95d-6cb7-410c-a88a-be8b9795f741 None admin] RBAC: Authorization granted {{(pid=61711) enforce_call /opt/stack/keystone/keystone/common/rbac_enforcer/enforcer.py:514}}
Oct 07 18:44:42 jammy-provider-cloud-0000007695 devstack@keystone.service[61711]: [pid: 61711|app: 0|req: 11/21] 10.201.5.87 () {58 vars in 1361 bytes} [Mon Oct  7 18:44:42 2024] PUT /identity/v3/domains/default/users/002c19adbf064739af5e887985295583/roles/88acb762a5bb4c5d81f883205c3ccc34 => generated 0 bytes in 122 msecs (HTTP/1.1 204) 3 headers in 132 bytes (1 switches on core 0)
Oct 07 18:44:43 jammy-provider-cloud-0000007695 devstack@keystone.service[61710]: DEBUG keystone.server.flask.request_processing.req_logging [None req-85813e3c-cf97-4c7c-be0e-4f7a00fc1baf None None] REQUEST_METHOD: `GET` {{(pid=61710) log_request_info /opt/stack/keystone/keystone/server/flask/request_processing/req_logging.py:26}}
Oct 07 18:44:43 jammy-provider-cloud-0000007695 devstack@keystone.service[61710]: DEBUG keystone.server.flask.request_processing.req_logging [None req-85813e3c-cf97-4c7c-be0e-4f7a00fc1baf None None] SCRIPT_NAME: `/identity` {{(pid=61710) log_request_info /opt/stack/keystone/keystone/server/flask/request_processing/req_logging.py:27}}
Oct 07 18:44:43 jammy-provider-cloud-0000007695 devstack@keystone.service[61710]: DEBUG keystone.server.flask.request_processing.req_logging [None req-85813e3c-cf97-4c7c-be0e-4f7a00fc1baf None None] PATH_INFO: `/` {{(pid=61710) log_request_info /opt/stack/keystone/keystone/server/flask/request_processing/req_logging.py:28}}
Oct 07 18:44:43 jammy-provider-cloud-0000007695 devstack@keystone.service[61710]: [pid: 61710|app: 0|req: 11/22] 10.201.5.87 () {54 vars in 926 bytes} [Mon Oct  7 18:44:43 2024] GET /identity => generated 270 bytes in 1 msecs (HTTP/1.1 300) 6 headers in 234 bytes (1 switches on core 0)
Oct 07 18:44:43 jammy-provider-cloud-0000007695 devstack@keystone.service[61711]: DEBUG keystone.server.flask.request_processing.req_logging [None req-1a3b88ad-8afe-4edb-aeb7-bc502cbd6e17 None None] REQUEST_METHOD: `POST` {{(pid=61711) log_request_info /opt/stack/keystone/keystone/server/flask/request_processing/req_logging.py:26}}
Oct 07 18:44:43 jammy-provider-cloud-0000007695 devstack@keystone.service[61711]: DEBUG keystone.server.flask.request_processing.req_logging [None req-1a3b88ad-8afe-4edb-aeb7-bc502cbd6e17 None None] SCRIPT_NAME: `/identity` {{(pid=61711) log_request_info /opt/stack/keystone/keystone/server/flask/request_processing/req_logging.py:27}}
Oct 07 18:44:43 jammy-provider-cloud-0000007695 devstack@keystone.service[61711]: DEBUG keystone.server.flask.request_processing.req_logging [None req-1a3b88ad-8afe-4edb-aeb7-bc502cbd6e17 None None] PATH_INFO: `/v3/auth/tokens` {{(pid=61711) log_request_info /opt/stack/keystone/keystone/server/flask/request_processing/req_logging.py:28}}
Oct 07 18:44:43 jammy-provider-cloud-0000007695 devstack@keystone.service[61711]: WARNING keystone.common.password_hashing [None req-1a3b88ad-8afe-4edb-aeb7-bc502cbd6e17 None None] Truncating password to algorithm specific maximum length 72 characters.
Oct 07 18:44:43 jammy-provider-cloud-0000007695 devstack@keystone.service[61711]: DEBUG keystone.auth.core [None req-1a3b88ad-8afe-4edb-aeb7-bc502cbd6e17 None None] MFA Rules not processed for user `002c19adbf064739af5e887985295583`. Rule list: `[]` (Enabled: `True`). {{(pid=61711) check_auth_methods_against_rules /opt/stack/keystone/keystone/auth/core.py:476}}
Oct 07 18:44:43 jammy-provider-cloud-0000007695 devstack@keystone.service[61711]: DEBUG keystone.common.fernet_utils [None req-1a3b88ad-8afe-4edb-aeb7-bc502cbd6e17 None None] Loaded 2 Fernet keys from /etc/keystone/fernet-keys/, but `[fernet_tokens] max_active_keys = 3`; perhaps there have not been enough key rotations to reach `max_active_keys` yet? {{(pid=61711) load_keys /opt/stack/keystone/keystone/common/fernet_utils.py:298}}
Oct 07 18:44:43 jammy-provider-cloud-0000007695 devstack@keystone.service[61711]: [pid: 61711|app: 0|req: 12/23] 10.201.5.87 () {58 vars in 1023 bytes} [Mon Oct  7 18:44:43 2024] POST /identity/v3/auth/tokens => generated 862 bytes in 56 msecs (HTTP/1.1 201) 6 headers in 363 bytes (1 switches on core 0)
Oct 07 18:44:43 jammy-provider-cloud-0000007695 devstack@keystone.service[61710]: DEBUG keystone.server.flask.request_processing.req_logging [None req-6aca713e-36a7-4d38-9619-6d58ef61eb62 None None] REQUEST_METHOD: `GET` {{(pid=61710) log_request_info /opt/stack/keystone/keystone/server/flask/request_processing/req_logging.py:26}}
Oct 07 18:44:43 jammy-provider-cloud-0000007695 devstack@keystone.service[61710]: DEBUG keystone.server.flask.request_processing.req_logging [None req-6aca713e-36a7-4d38-9619-6d58ef61eb62 None None] SCRIPT_NAME: `/identity` {{(pid=61710) log_request_info /opt/stack/keystone/keystone/server/flask/request_processing/req_logging.py:27}}
Oct 07 18:44:43 jammy-provider-cloud-0000007695 devstack@keystone.service[61710]: DEBUG keystone.server.flask.request_processing.req_logging [None req-6aca713e-36a7-4d38-9619-6d58ef61eb62 None None] PATH_INFO: `/` {{(pid=61710) log_request_info /opt/stack/keystone/keystone/server/flask/request_processing/req_logging.py:28}}
Oct 07 18:44:43 jammy-provider-cloud-0000007695 devstack@keystone.service[61710]: [pid: 61710|app: 0|req: 12/24] 10.201.5.87 () {54 vars in 926 bytes} [Mon Oct  7 18:44:43 2024] GET /identity => generated 270 bytes in 1 msecs (HTTP/1.1 300) 6 headers in 234 bytes (1 switches on core 0)
Oct 07 18:44:43 jammy-provider-cloud-0000007695 devstack@keystone.service[61711]: DEBUG keystone.server.flask.request_processing.req_logging [None req-ca77ced9-8fe0-4920-a64c-358191d72a19 None None] REQUEST_METHOD: `POST` {{(pid=61711) log_request_info /opt/stack/keystone/keystone/server/flask/request_processing/req_logging.py:26}}
Oct 07 18:44:43 jammy-provider-cloud-0000007695 devstack@keystone.service[61711]: DEBUG keystone.server.flask.request_processing.req_logging [None req-ca77ced9-8fe0-4920-a64c-358191d72a19 None None] SCRIPT_NAME: `/identity` {{(pid=61711) log_request_info /opt/stack/keystone/keystone/server/flask/request_processing/req_logging.py:27}}
Oct 07 18:44:43 jammy-provider-cloud-0000007695 devstack@keystone.service[61711]: DEBUG keystone.server.flask.request_processing.req_logging [None req-ca77ced9-8fe0-4920-a64c-358191d72a19 None None] PATH_INFO: `/v3/auth/tokens` {{(pid=61711) log_request_info /opt/stack/keystone/keystone/server/flask/request_processing/req_logging.py:28}}
Oct 07 18:44:43 jammy-provider-cloud-0000007695 devstack@keystone.service[61711]: WARNING keystone.common.password_hashing [None req-ca77ced9-8fe0-4920-a64c-358191d72a19 None None] Truncating password to algorithm specific maximum length 72 characters.
Oct 07 18:44:43 jammy-provider-cloud-0000007695 devstack@keystone.service[61711]: DEBUG keystone.auth.core [None req-ca77ced9-8fe0-4920-a64c-358191d72a19 None None] MFA Rules not processed for user `002c19adbf064739af5e887985295583`. Rule list: `[]` (Enabled: `True`). {{(pid=61711) check_auth_methods_against_rules /opt/stack/keystone/keystone/auth/core.py:476}}
Oct 07 18:44:43 jammy-provider-cloud-0000007695 devstack@keystone.service[61711]: DEBUG keystone.common.fernet_utils [None req-ca77ced9-8fe0-4920-a64c-358191d72a19 None None] Loaded 2 Fernet keys from /etc/keystone/fernet-keys/, but `[fernet_tokens] max_active_keys = 3`; perhaps there have not been enough key rotations to reach `max_active_keys` yet? {{(pid=61711) load_keys /opt/stack/keystone/keystone/common/fernet_utils.py:298}}
Oct 07 18:44:43 jammy-provider-cloud-0000007695 devstack@keystone.service[61710]: DEBUG keystone.server.flask.request_processing.req_logging [None req-130ca65d-6374-4d9b-bfa2-dc1536be1785 None None] REQUEST_METHOD: `GET` {{(pid=61710) log_request_info /opt/stack/keystone/keystone/server/flask/request_processing/req_logging.py:26}}
Oct 07 18:44:43 jammy-provider-cloud-0000007695 devstack@keystone.service[61710]: DEBUG keystone.server.flask.request_processing.req_logging [None req-130ca65d-6374-4d9b-bfa2-dc1536be1785 None None] SCRIPT_NAME: `/identity` {{(pid=61710) log_request_info /opt/stack/keystone/keystone/server/flask/request_processing/req_logging.py:27}}
Oct 07 18:44:43 jammy-provider-cloud-0000007695 devstack@keystone.service[61710]: DEBUG keystone.server.flask.request_processing.req_logging [None req-130ca65d-6374-4d9b-bfa2-dc1536be1785 None None] PATH_INFO: `/` {{(pid=61710) log_request_info /opt/stack/keystone/keystone/server/flask/request_processing/req_logging.py:28}}
Oct 07 18:44:43 jammy-provider-cloud-0000007695 devstack@keystone.service[61710]: [pid: 61710|app: 0|req: 13/25] 10.201.5.87 () {54 vars in 926 bytes} [Mon Oct  7 18:44:43 2024] GET /identity => generated 270 bytes in 1 msecs (HTTP/1.1 300) 6 headers in 234 bytes (1 switches on core 0)
Oct 07 18:44:43 jammy-provider-cloud-0000007695 devstack@keystone.service[61710]: DEBUG keystone.server.flask.request_processing.req_logging [None req-603349bf-feba-41f6-aa4f-209fa187a588 None None] REQUEST_METHOD: `POST` {{(pid=61710) log_request_info /opt/stack/keystone/keystone/server/flask/request_processing/req_logging.py:26}}
Oct 07 18:44:43 jammy-provider-cloud-0000007695 devstack@keystone.service[61710]: DEBUG keystone.server.flask.request_processing.req_logging [None req-603349bf-feba-41f6-aa4f-209fa187a588 None None] SCRIPT_NAME: `/identity` {{(pid=61710) log_request_info /opt/stack/keystone/keystone/server/flask/request_processing/req_logging.py:27}}
Oct 07 18:44:43 jammy-provider-cloud-0000007695 devstack@keystone.service[61710]: DEBUG keystone.server.flask.request_processing.req_logging [None req-603349bf-feba-41f6-aa4f-209fa187a588 None None] PATH_INFO: `/v3/auth/tokens` {{(pid=61710) log_request_info /opt/stack/keystone/keystone/server/flask/request_processing/req_logging.py:28}}
Oct 07 18:44:43 jammy-provider-cloud-0000007695 devstack@keystone.service[61710]: WARNING keystone.common.password_hashing [None req-603349bf-feba-41f6-aa4f-209fa187a588 None None] Truncating password to algorithm specific maximum length 72 characters.
Oct 07 18:44:43 jammy-provider-cloud-0000007695 devstack@keystone.service[61710]: DEBUG keystone.auth.core [None req-603349bf-feba-41f6-aa4f-209fa187a588 None None] MFA Rules not processed for user `002c19adbf064739af5e887985295583`. Rule list: `[]` (Enabled: `True`). {{(pid=61710) check_auth_methods_against_rules /opt/stack/keystone/keystone/auth/core.py:476}}
Oct 07 18:44:43 jammy-provider-cloud-0000007695 devstack@keystone.service[61710]: DEBUG keystone.common.fernet_utils [None req-603349bf-feba-41f6-aa4f-209fa187a588 None None] Loaded 2 Fernet keys from /etc/keystone/fernet-keys/, but `[fernet_tokens] max_active_keys = 3`; perhaps there have not been enough key rotations to reach `max_active_keys` yet? {{(pid=61710) load_keys /opt/stack/keystone/keystone/common/fernet_utils.py:298}}
Oct 07 18:44:43 jammy-provider-cloud-0000007695 devstack@keystone.service[61711]: [pid: 61711|app: 0|req: 13/26] 10.201.5.87 () {58 vars in 1023 bytes} [Mon Oct  7 18:44:43 2024] POST /identity/v3/auth/tokens => generated 862 bytes in 56 msecs (HTTP/1.1 201) 6 headers in 363 bytes (1 switches on core 0)
Oct 07 18:44:43 jammy-provider-cloud-0000007695 devstack@keystone.service[61710]: [pid: 61710|app: 0|req: 14/27] 10.201.5.87 () {58 vars in 1023 bytes} [Mon Oct  7 18:44:43 2024] POST /identity/v3/auth/tokens => generated 862 bytes in 56 msecs (HTTP/1.1 201) 6 headers in 363 bytes (1 switches on core 0)
Oct 07 18:44:43 jammy-provider-cloud-0000007695 devstack@keystone.service[61711]: DEBUG keystone.server.flask.request_processing.middleware.auth_context [None req-ca77ced9-8fe0-4920-a64c-358191d72a19 None None] Authenticating user token {{(pid=61711) process_request /opt/stack/data/venv/lib/python3.10/site-packages/keystonemiddleware/auth_token/__init__.py:406}}
Oct 07 18:44:43 jammy-provider-cloud-0000007695 devstack@keystone.service[61711]: DEBUG keystone.server.flask.request_processing.middleware.auth_context [None req-ca77ced9-8fe0-4920-a64c-358191d72a19 None None] Validating token access rules against request {{(pid=61711) validate_allowed_request /opt/stack/data/venv/lib/python3.10/site-packages/keystonemiddleware/auth_token/__init__.py:544}}
Oct 07 18:44:43 jammy-provider-cloud-0000007695 devstack@keystone.service[61711]: DEBUG keystone.server.flask.request_processing.middleware.auth_context [None req-cd632506-e31e-43f0-93ef-3c4e3a602770 None admin] RBAC: auth_context: {'token': <TokenModel (audit_id=ZUSIo84YTtGhugX9FQ5v1g, audit_chain_id=['ZUSIo84YTtGhugX9FQ5v1g']) at 0x7faf1b4dd4e0>, 'domain_id': None, 'trust_id': None, 'trustor_id': None, 'trustee_id': None, 'domain_name': None, 'group_ids': [], 'user_id': '002c19adbf064739af5e887985295583', 'user_domain_id': 'default', 'system_scope': 'all', 'project_id': None, 'project_domain_id': None, 'roles': ['admin', 'manager', 'member', 'reader'], 'is_admin_project': True, 'service_user_id': None, 'service_user_domain_id': None, 'service_project_id': None, 'service_project_domain_id': None, 'service_roles': []} {{(pid=61711) fill_context /opt/stack/keystone/keystone/server/flask/request_processing/middleware/auth_context.py:511}}
Oct 07 18:44:43 jammy-provider-cloud-0000007695 devstack@keystone.service[61711]: DEBUG keystone.server.flask.request_processing.req_logging [None req-cd632506-e31e-43f0-93ef-3c4e3a602770 None admin] REQUEST_METHOD: `GET` {{(pid=61711) log_request_info /opt/stack/keystone/keystone/server/flask/request_processing/req_logging.py:26}}
Oct 07 18:44:43 jammy-provider-cloud-0000007695 devstack@keystone.service[61711]: DEBUG keystone.server.flask.request_processing.req_logging [None req-cd632506-e31e-43f0-93ef-3c4e3a602770 None admin] SCRIPT_NAME: `/identity` {{(pid=61711) log_request_info /opt/stack/keystone/keystone/server/flask/request_processing/req_logging.py:27}}
Oct 07 18:44:43 jammy-provider-cloud-0000007695 devstack@keystone.service[61711]: DEBUG keystone.server.flask.request_processing.req_logging [None req-cd632506-e31e-43f0-93ef-3c4e3a602770 None admin] PATH_INFO: `/v3/roles/admin` {{(pid=61711) log_request_info /opt/stack/keystone/keystone/server/flask/request_processing/req_logging.py:28}}
Oct 07 18:44:44 jammy-provider-cloud-0000007695 devstack@keystone.service[61711]: DEBUG keystone.common.rbac_enforcer.enforcer [None req-cd632506-e31e-43f0-93ef-3c4e3a602770 None admin] Extracting inferred target data resulted in "NOT FOUND (404)". {{(pid=61711) enforce_call /opt/stack/keystone/keystone/common/rbac_enforcer/enforcer.py:453}}
Oct 07 18:44:44 jammy-provider-cloud-0000007695 devstack@keystone.service[61711]: DEBUG keystone.server.flask.application [None req-cd632506-e31e-43f0-93ef-3c4e3a602770 None admin] Could not find role: admin. {{(pid=61711) _handle_keystone_exception /opt/stack/keystone/keystone/server/flask/application.py:152}}
Oct 07 18:44:44 jammy-provider-cloud-0000007695 devstack@keystone.service[61711]: [pid: 61711|app: 0|req: 14/28] 10.201.5.87 () {56 vars in 1139 bytes} [Mon Oct  7 18:44:43 2024] GET /identity/v3/roles/admin => generated 83 bytes in 72 msecs (HTTP/1.1 404) 5 headers in 183 bytes (1 switches on core 0)
Oct 07 18:44:44 jammy-provider-cloud-0000007695 devstack@keystone.service[61710]: DEBUG keystone.server.flask.request_processing.middleware.auth_context [None req-603349bf-feba-41f6-aa4f-209fa187a588 None None] Authenticating user token {{(pid=61710) process_request /opt/stack/data/venv/lib/python3.10/site-packages/keystonemiddleware/auth_token/__init__.py:406}}
Oct 07 18:44:44 jammy-provider-cloud-0000007695 devstack@keystone.service[61711]: DEBUG keystone.server.flask.request_processing.middleware.auth_context [None req-cd632506-e31e-43f0-93ef-3c4e3a602770 None admin] Authenticating user token {{(pid=61711) process_request /opt/stack/data/venv/lib/python3.10/site-packages/keystonemiddleware/auth_token/__init__.py:406}}
Oct 07 18:44:44 jammy-provider-cloud-0000007695 devstack@keystone.service[61710]: DEBUG keystone.server.flask.request_processing.middleware.auth_context [None req-603349bf-feba-41f6-aa4f-209fa187a588 None None] Validating token access rules against request {{(pid=61710) validate_allowed_request /opt/stack/data/venv/lib/python3.10/site-packages/keystonemiddleware/auth_token/__init__.py:544}}
Oct 07 18:44:44 jammy-provider-cloud-0000007695 devstack@keystone.service[61710]: DEBUG keystone.server.flask.request_processing.middleware.auth_context [None req-35d7886e-1932-4ebe-9f2b-1d2d3d307ed5 None admin] RBAC: auth_context: {'token': <TokenModel (audit_id=ZUSIo84YTtGhugX9FQ5v1g, audit_chain_id=['ZUSIo84YTtGhugX9FQ5v1g']) at 0x7faf1b7d56f0>, 'domain_id': None, 'trust_id': None, 'trustor_id': None, 'trustee_id': None, 'domain_name': None, 'group_ids': [], 'user_id': '002c19adbf064739af5e887985295583', 'user_domain_id': 'default', 'system_scope': 'all', 'project_id': None, 'project_domain_id': None, 'roles': ['admin', 'manager', 'member', 'reader'], 'is_admin_project': True, 'service_user_id': None, 'service_user_domain_id': None, 'service_project_id': None, 'service_project_domain_id': None, 'service_roles': []} {{(pid=61710) fill_context /opt/stack/keystone/keystone/server/flask/request_processing/middleware/auth_context.py:511}}
Oct 07 18:44:44 jammy-provider-cloud-0000007695 devstack@keystone.service[61710]: DEBUG keystone.server.flask.request_processing.req_logging [None req-35d7886e-1932-4ebe-9f2b-1d2d3d307ed5 None admin] REQUEST_METHOD: `GET` {{(pid=61710) log_request_info /opt/stack/keystone/keystone/server/flask/request_processing/req_logging.py:26}}
Oct 07 18:44:44 jammy-provider-cloud-0000007695 devstack@keystone.service[61710]: DEBUG keystone.server.flask.request_processing.req_logging [None req-35d7886e-1932-4ebe-9f2b-1d2d3d307ed5 None admin] SCRIPT_NAME: `/identity` {{(pid=61710) log_request_info /opt/stack/keystone/keystone/server/flask/request_processing/req_logging.py:27}}
Oct 07 18:44:44 jammy-provider-cloud-0000007695 devstack@keystone.service[61710]: DEBUG keystone.server.flask.request_processing.req_logging [None req-35d7886e-1932-4ebe-9f2b-1d2d3d307ed5 None admin] PATH_INFO: `/v3/roles` {{(pid=61710) log_request_info /opt/stack/keystone/keystone/server/flask/request_processing/req_logging.py:28}}
Oct 07 18:44:44 jammy-provider-cloud-0000007695 devstack@keystone.service[61710]: DEBUG keystone.common.rbac_enforcer.enforcer [None req-35d7886e-1932-4ebe-9f2b-1d2d3d307ed5 None admin] RBAC: Adding query filter params (name=admin) {{(pid=61710) _extract_filter_values /opt/stack/keystone/keystone/common/rbac_enforcer/enforcer.py:184}}
Oct 07 18:44:44 jammy-provider-cloud-0000007695 devstack@keystone.service[61710]: DEBUG keystone.common.rbac_enforcer.enforcer [None req-35d7886e-1932-4ebe-9f2b-1d2d3d307ed5 None admin] RBAC: Authorizing `identity:list_roles()` {{(pid=61710) enforce_call /opt/stack/keystone/keystone/common/rbac_enforcer/enforcer.py:503}}
Oct 07 18:44:44 jammy-provider-cloud-0000007695 devstack@keystone.service[61710]: DEBUG keystone.common.rbac_enforcer.enforcer [None req-35d7886e-1932-4ebe-9f2b-1d2d3d307ed5 None admin] RBAC: Authorization granted {{(pid=61710) enforce_call /opt/stack/keystone/keystone/common/rbac_enforcer/enforcer.py:514}}
Oct 07 18:44:44 jammy-provider-cloud-0000007695 devstack@keystone.service[61711]: DEBUG keystone.server.flask.request_processing.middleware.auth_context [None req-cd632506-e31e-43f0-93ef-3c4e3a602770 None admin] Validating token access rules against request {{(pid=61711) validate_allowed_request /opt/stack/data/venv/lib/python3.10/site-packages/keystonemiddleware/auth_token/__init__.py:544}}
Oct 07 18:44:44 jammy-provider-cloud-0000007695 devstack@keystone.service[61710]: [pid: 61710|app: 0|req: 15/29] 10.201.5.87 () {56 vars in 1155 bytes} [Mon Oct  7 18:44:44 2024] GET /identity/v3/roles?name=admin => generated 339 bytes in 67 msecs (HTTP/1.1 200) 5 headers in 177 bytes (1 switches on core 0)
Oct 07 18:44:44 jammy-provider-cloud-0000007695 devstack@keystone.service[61710]: DEBUG keystone.server.flask.request_processing.middleware.auth_context [None req-35d7886e-1932-4ebe-9f2b-1d2d3d307ed5 None admin] Authenticating user token {{(pid=61710) process_request /opt/stack/data/venv/lib/python3.10/site-packages/keystonemiddleware/auth_token/__init__.py:406}}
Oct 07 18:44:44 jammy-provider-cloud-0000007695 devstack@keystone.service[61711]: DEBUG keystone.server.flask.request_processing.middleware.auth_context [None req-af36ab4f-e2a9-49eb-a603-03517326f425 None admin] RBAC: auth_context: {'token': <TokenModel (audit_id=CvI0U9VTTWiP9VOh_mtq_g, audit_chain_id=['CvI0U9VTTWiP9VOh_mtq_g']) at 0x7faf1b503b20>, 'domain_id': None, 'trust_id': None, 'trustor_id': None, 'trustee_id': None, 'domain_name': None, 'group_ids': [], 'user_id': '002c19adbf064739af5e887985295583', 'user_domain_id': 'default', 'system_scope': 'all', 'project_id': None, 'project_domain_id': None, 'roles': ['admin', 'manager', 'member', 'reader'], 'is_admin_project': True, 'service_user_id': None, 'service_user_domain_id': None, 'service_project_id': None, 'service_project_domain_id': None, 'service_roles': []} {{(pid=61711) fill_context /opt/stack/keystone/keystone/server/flask/request_processing/middleware/auth_context.py:511}}
Oct 07 18:44:44 jammy-provider-cloud-0000007695 devstack@keystone.service[61711]: DEBUG keystone.server.flask.request_processing.req_logging [None req-af36ab4f-e2a9-49eb-a603-03517326f425 None admin] REQUEST_METHOD: `POST` {{(pid=61711) log_request_info /opt/stack/keystone/keystone/server/flask/request_processing/req_logging.py:26}}
Oct 07 18:44:44 jammy-provider-cloud-0000007695 devstack@keystone.service[61711]: DEBUG keystone.server.flask.request_processing.req_logging [None req-af36ab4f-e2a9-49eb-a603-03517326f425 None admin] SCRIPT_NAME: `/identity` {{(pid=61711) log_request_info /opt/stack/keystone/keystone/server/flask/request_processing/req_logging.py:27}}
Oct 07 18:44:44 jammy-provider-cloud-0000007695 devstack@keystone.service[61711]: DEBUG keystone.server.flask.request_processing.req_logging [None req-af36ab4f-e2a9-49eb-a603-03517326f425 None admin] PATH_INFO: `/v3/roles` {{(pid=61711) log_request_info /opt/stack/keystone/keystone/server/flask/request_processing/req_logging.py:28}}
Oct 07 18:44:44 jammy-provider-cloud-0000007695 devstack@keystone.service[61711]: DEBUG keystone.common.rbac_enforcer.enforcer [None req-af36ab4f-e2a9-49eb-a603-03517326f425 None admin] RBAC: Authorizing `identity:create_role()` {{(pid=61711) enforce_call /opt/stack/keystone/keystone/common/rbac_enforcer/enforcer.py:503}}
Oct 07 18:44:44 jammy-provider-cloud-0000007695 devstack@keystone.service[61711]: DEBUG keystone.common.rbac_enforcer.enforcer [None req-af36ab4f-e2a9-49eb-a603-03517326f425 None admin] RBAC: Authorization granted {{(pid=61711) enforce_call /opt/stack/keystone/keystone/common/rbac_enforcer/enforcer.py:514}}
Oct 07 18:44:44 jammy-provider-cloud-0000007695 devstack@keystone.service[61711]: DEBUG keystone.common.sql.core [None req-af36ab4f-e2a9-49eb-a603-03517326f425 None admin] Conflict role: (pymysql.err.IntegrityError) (1062, "Duplicate entry 'service-<<null>>' for key 'role.ixu_role_name_domain_id'")
Oct 07 18:44:44 jammy-provider-cloud-0000007695 devstack@keystone.service[61711]: [SQL: INSERT INTO `role` (id, name, description, extra) VALUES (%(id)s, %(name)s, %(description)s, %(extra)s)]
Oct 07 18:44:44 jammy-provider-cloud-0000007695 devstack@keystone.service[61711]: [parameters: {'id': '8b1f5f26d8fc4e28946b73a8c03db22b', 'name': 'service', 'description': None, 'extra': '{}'}]
Oct 07 18:44:44 jammy-provider-cloud-0000007695 devstack@keystone.service[61711]: (Background on this error at: https://sqlalche.me/e/20/gkpj) {{(pid=61711) wrapper /opt/stack/keystone/keystone/common/sql/core.py:547}}
Oct 07 18:44:44 jammy-provider-cloud-0000007695 devstack@keystone.service[61711]: ERROR keystone.server.flask.application [None req-af36ab4f-e2a9-49eb-a603-03517326f425 None admin] Conflict occurred attempting to store role - Duplicate entry found with name service.: keystone.exception.Conflict: Conflict occurred attempting to store role - Duplicate entry found with name service.
Oct 07 18:44:44 jammy-provider-cloud-0000007695 devstack@keystone.service[61711]: ERROR keystone.server.flask.application Traceback (most recent call last):
Oct 07 18:44:44 jammy-provider-cloud-0000007695 devstack@keystone.service[61711]: ERROR keystone.server.flask.application   File "/opt/stack/data/venv/lib/python3.10/site-packages/sqlalchemy/engine/base.py", line 1967, in _exec_single_context
Oct 07 18:44:44 jammy-provider-cloud-0000007695 devstack@keystone.service[61711]: ERROR keystone.server.flask.application     self.dialect.do_execute(
Oct 07 18:44:44 jammy-provider-cloud-0000007695 devstack@keystone.service[61711]: ERROR keystone.server.flask.application   File "/opt/stack/data/venv/lib/python3.10/site-packages/sqlalchemy/engine/default.py", line 941, in do_execute
Oct 07 18:44:44 jammy-provider-cloud-0000007695 devstack@keystone.service[61711]: ERROR keystone.server.flask.application     cursor.execute(statement, parameters)
Oct 07 18:44:44 jammy-provider-cloud-0000007695 devstack@keystone.service[61711]: ERROR keystone.server.flask.application   File "/opt/stack/data/venv/lib/python3.10/site-packages/pymysql/cursors.py", line 153, in execute
Oct 07 18:44:44 jammy-provider-cloud-0000007695 devstack@keystone.service[61711]: ERROR keystone.server.flask.application     result = self._query(query)
Oct 07 18:44:44 jammy-provider-cloud-0000007695 devstack@keystone.service[61711]: ERROR keystone.server.flask.application   File "/opt/stack/data/venv/lib/python3.10/site-packages/pymysql/cursors.py", line 322, in _query
Oct 07 18:44:44 jammy-provider-cloud-0000007695 devstack@keystone.service[61711]: ERROR keystone.server.flask.application     conn.query(q)
Oct 07 18:44:44 jammy-provider-cloud-0000007695 devstack@keystone.service[61711]: ERROR keystone.server.flask.application   File "/opt/stack/data/venv/lib/python3.10/site-packages/pymysql/connections.py", line 563, in query
Oct 07 18:44:44 jammy-provider-cloud-0000007695 devstack@keystone.service[61711]: ERROR keystone.server.flask.application     self._affected_rows = self._read_query_result(unbuffered=unbuffered)
Oct 07 18:44:44 jammy-provider-cloud-0000007695 devstack@keystone.service[61711]: ERROR keystone.server.flask.application   File "/opt/stack/data/venv/lib/python3.10/site-packages/pymysql/connections.py", line 825, in _read_query_result
Oct 07 18:44:44 jammy-provider-cloud-0000007695 devstack@keystone.service[61711]: ERROR keystone.server.flask.application     result.read()
Oct 07 18:44:44 jammy-provider-cloud-0000007695 devstack@keystone.service[61711]: ERROR keystone.server.flask.application   File "/opt/stack/data/venv/lib/python3.10/site-packages/pymysql/connections.py", line 1199, in read
Oct 07 18:44:44 jammy-provider-cloud-0000007695 devstack@keystone.service[61711]: ERROR keystone.server.flask.application     first_packet = self.connection._read_packet()
Oct 07 18:44:44 jammy-provider-cloud-0000007695 devstack@keystone.service[61711]: ERROR keystone.server.flask.application   File "/opt/stack/data/venv/lib/python3.10/site-packages/pymysql/connections.py", line 775, in _read_packet
Oct 07 18:44:44 jammy-provider-cloud-0000007695 devstack@keystone.service[61711]: ERROR keystone.server.flask.application     packet.raise_for_error()
Oct 07 18:44:44 jammy-provider-cloud-0000007695 devstack@keystone.service[61711]: ERROR keystone.server.flask.application   File "/opt/stack/data/venv/lib/python3.10/site-packages/pymysql/protocol.py", line 219, in raise_for_error
