Jun 08 12:26:17 jammy-provider-cloud-0000007190 cinder-volume[103063]: DEBUG oslo_concurrency.processutils [None req-d6c5587e-1584-40d7-98f3-047306fd1d28 None None] CMD "sudo cinder-rootwrap /etc/cinder/rootwrap.conf env LC_ALL=C lvs --noheadings --unit=g -o vg_name,name,size --nosuffix --readonly stack-volumes-lvmdriver-1" returned: 0 in 0.330s {{(pid=103063) execute /opt/stack/data/venv/lib/python3.10/site-packages/oslo_concurrency/processutils.py:428}}
Jun 08 12:26:17 jammy-provider-cloud-0000007190 cinder-volume[103063]: DEBUG cinder.manager [None req-d6c5587e-1584-40d7-98f3-047306fd1d28 None None] Notifying Schedulers of capabilities ... {{(pid=103063) _publish_service_capabilities /opt/stack/cinder/cinder/manager.py:202}}
Jun 08 12:26:24 jammy-provider-cloud-0000007190 systemd[1]: Stopping Devstack devstack@c-vol.service...
Jun 08 12:26:24 jammy-provider-cloud-0000007190 cinder-volume[102878]: INFO oslo_service.service [None req-199e7ffe-a004-4c12-bb10-4a3560ee9640 None None] Caught SIGTERM, stopping children
Jun 08 12:26:24 jammy-provider-cloud-0000007190 cinder-volume[102878]: DEBUG oslo_concurrency.lockutils [None req-199e7ffe-a004-4c12-bb10-4a3560ee9640 None None] Acquiring lock "singleton_lock" {{(pid=102878) lock /opt/stack/data/venv/lib/python3.10/site-packages/oslo_concurrency/lockutils.py:310}}
Jun 08 12:26:24 jammy-provider-cloud-0000007190 cinder-volume[102878]: DEBUG oslo_concurrency.lockutils [None req-199e7ffe-a004-4c12-bb10-4a3560ee9640 None None] Acquired lock "singleton_lock" {{(pid=102878) lock /opt/stack/data/venv/lib/python3.10/site-packages/oslo_concurrency/lockutils.py:313}}
Jun 08 12:26:24 jammy-provider-cloud-0000007190 cinder-volume[102878]: DEBUG oslo_concurrency.lockutils [None req-199e7ffe-a004-4c12-bb10-4a3560ee9640 None None] Releasing lock "singleton_lock" {{(pid=102878) lock /opt/stack/data/venv/lib/python3.10/site-packages/oslo_concurrency/lockutils.py:331}}
Jun 08 12:26:24 jammy-provider-cloud-0000007190 cinder-volume[102878]: DEBUG oslo_service.service [None req-199e7ffe-a004-4c12-bb10-4a3560ee9640 None None] Stop services. {{(pid=102878) stop /opt/stack/data/venv/lib/python3.10/site-packages/oslo_service/service.py:699}}
Jun 08 12:26:24 jammy-provider-cloud-0000007190 cinder-volume[102878]: DEBUG oslo_service.service [None req-199e7ffe-a004-4c12-bb10-4a3560ee9640 None None] Killing children. {{(pid=102878) stop /opt/stack/data/venv/lib/python3.10/site-packages/oslo_service/service.py:704}}
Jun 08 12:26:24 jammy-provider-cloud-0000007190 cinder-volume[102878]: INFO oslo_service.service [None req-199e7ffe-a004-4c12-bb10-4a3560ee9640 None None] Waiting on 1 children to exit
Jun 08 12:26:27 jammy-provider-cloud-0000007190 cinder-volume[103063]: DEBUG cinder.volume.drivers.lvm [None req-9955d462-417f-4c2e-8b05-fb7750837ea5 None None] Updating volume stats {{(pid=103063) _update_volume_stats /opt/stack/cinder/cinder/volume/drivers/lvm.py:227}}
Jun 08 12:26:27 jammy-provider-cloud-0000007190 cinder-volume[103063]: DEBUG oslo_concurrency.processutils [None req-9955d462-417f-4c2e-8b05-fb7750837ea5 None None] Running cmd (subprocess): sudo cinder-rootwrap /etc/cinder/rootwrap.conf env LC_ALL=C vgs --noheadings --unit=g -o name,size,free,lv_count,uuid --separator : --nosuffix stack-volumes-lvmdriver-1 {{(pid=103063) execute /opt/stack/data/venv/lib/python3.10/site-packages/oslo_concurrency/processutils.py:390}}
Jun 08 12:26:27 jammy-provider-cloud-0000007190 sudo[112982]:   ubuntu : PWD=/ ; USER=root ; COMMAND=/usr/local/bin/cinder-rootwrap /etc/cinder/rootwrap.conf env LC_ALL=C vgs --noheadings --unit=g -o name,size,free,lv_count,uuid --separator : --nosuffix stack-volumes-lvmdriver-1
Jun 08 12:26:27 jammy-provider-cloud-0000007190 sudo[112982]: pam_unix(sudo:session): session opened for user root(uid=0) by (uid=1000)
Jun 08 12:26:27 jammy-provider-cloud-0000007190 sudo[112982]: pam_unix(sudo:session): session closed for user root
Jun 08 12:26:27 jammy-provider-cloud-0000007190 cinder-volume[103063]: DEBUG oslo_concurrency.processutils [None req-9955d462-417f-4c2e-8b05-fb7750837ea5 None None] CMD "sudo cinder-rootwrap /etc/cinder/rootwrap.conf env LC_ALL=C vgs --noheadings --unit=g -o name,size,free,lv_count,uuid --separator : --nosuffix stack-volumes-lvmdriver-1" returned: 0 in 0.421s {{(pid=103063) execute /opt/stack/data/venv/lib/python3.10/site-packages/oslo_concurrency/processutils.py:428}}
Jun 08 12:26:27 jammy-provider-cloud-0000007190 cinder-volume[103063]: DEBUG oslo_concurrency.processutils [None req-9955d462-417f-4c2e-8b05-fb7750837ea5 None None] Running cmd (subprocess): sudo cinder-rootwrap /etc/cinder/rootwrap.conf env LC_ALL=C lvs --noheadings --unit=g -o vg_name,name,size --nosuffix --readonly stack-volumes-lvmdriver-1 {{(pid=103063) execute /opt/stack/data/venv/lib/python3.10/site-packages/oslo_concurrency/processutils.py:390}}
Jun 08 12:26:27 jammy-provider-cloud-0000007190 sudo[112986]:   ubuntu : PWD=/ ; USER=root ; COMMAND=/usr/local/bin/cinder-rootwrap /etc/cinder/rootwrap.conf env LC_ALL=C lvs --noheadings --unit=g -o vg_name,name,size --nosuffix --readonly stack-volumes-lvmdriver-1
Jun 08 12:26:27 jammy-provider-cloud-0000007190 sudo[112986]: pam_unix(sudo:session): session opened for user root(uid=0) by (uid=1000)
Jun 08 12:26:28 jammy-provider-cloud-0000007190 sudo[112986]: pam_unix(sudo:session): session closed for user root
Jun 08 12:26:28 jammy-provider-cloud-0000007190 cinder-volume[103063]: DEBUG oslo_concurrency.processutils [None req-9955d462-417f-4c2e-8b05-fb7750837ea5 None None] CMD "sudo cinder-rootwrap /etc/cinder/rootwrap.conf env LC_ALL=C lvs --noheadings --unit=g -o vg_name,name,size --nosuffix --readonly stack-volumes-lvmdriver-1" returned: 0 in 0.409s {{(pid=103063) execute /opt/stack/data/venv/lib/python3.10/site-packages/oslo_concurrency/processutils.py:428}}
Jun 08 12:26:28 jammy-provider-cloud-0000007190 cinder-volume[103063]: DEBUG oslo_concurrency.processutils [None req-9955d462-417f-4c2e-8b05-fb7750837ea5 None None] Running cmd (subprocess): sudo cinder-rootwrap /etc/cinder/rootwrap.conf env LC_ALL=C lvs --noheadings --unit=g -o size,data_percent --separator : --nosuffix /dev/stack-volumes-lvmdriver-1/stack-volumes-lvmdriver-1-pool {{(pid=103063) execute /opt/stack/data/venv/lib/python3.10/site-packages/oslo_concurrency/processutils.py:390}}
Jun 08 12:26:28 jammy-provider-cloud-0000007190 sudo[112989]:   ubuntu : PWD=/ ; USER=root ; COMMAND=/usr/local/bin/cinder-rootwrap /etc/cinder/rootwrap.conf env LC_ALL=C lvs --noheadings --unit=g -o size,data_percent --separator : --nosuffix /dev/stack-volumes-lvmdriver-1/stack-volumes-lvmdriver-1-pool
Jun 08 12:26:28 jammy-provider-cloud-0000007190 sudo[112989]: pam_unix(sudo:session): session opened for user root(uid=0) by (uid=1000)
Jun 08 12:26:28 jammy-provider-cloud-0000007190 sudo[112989]: pam_unix(sudo:session): session closed for user root
Jun 08 12:26:28 jammy-provider-cloud-0000007190 cinder-volume[103063]: DEBUG oslo_concurrency.processutils [None req-9955d462-417f-4c2e-8b05-fb7750837ea5 None None] CMD "sudo cinder-rootwrap /etc/cinder/rootwrap.conf env LC_ALL=C lvs --noheadings --unit=g -o size,data_percent --separator : --nosuffix /dev/stack-volumes-lvmdriver-1/stack-volumes-lvmdriver-1-pool" returned: 0 in 0.352s {{(pid=103063) execute /opt/stack/data/venv/lib/python3.10/site-packages/oslo_concurrency/processutils.py:428}}
Jun 08 12:26:28 jammy-provider-cloud-0000007190 cinder-volume[103063]: DEBUG oslo_concurrency.processutils [None req-9955d462-417f-4c2e-8b05-fb7750837ea5 None None] Running cmd (subprocess): sudo cinder-rootwrap /etc/cinder/rootwrap.conf env LC_ALL=C lvs --noheadings --unit=g -o vg_name,name,size --nosuffix --readonly stack-volumes-lvmdriver-1 {{(pid=103063) execute /opt/stack/data/venv/lib/python3.10/site-packages/oslo_concurrency/processutils.py:390}}
Jun 08 12:26:28 jammy-provider-cloud-0000007190 sudo[112993]:   ubuntu : PWD=/ ; USER=root ; COMMAND=/usr/local/bin/cinder-rootwrap /etc/cinder/rootwrap.conf env LC_ALL=C lvs --noheadings --unit=g -o vg_name,name,size --nosuffix --readonly stack-volumes-lvmdriver-1
Jun 08 12:26:28 jammy-provider-cloud-0000007190 sudo[112993]: pam_unix(sudo:session): session opened for user root(uid=0) by (uid=1000)
Jun 08 12:26:28 jammy-provider-cloud-0000007190 sudo[112993]: pam_unix(sudo:session): session closed for user root
Jun 08 12:26:28 jammy-provider-cloud-0000007190 cinder-volume[103063]: DEBUG oslo_concurrency.processutils [None req-9955d462-417f-4c2e-8b05-fb7750837ea5 None None] CMD "sudo cinder-rootwrap /etc/cinder/rootwrap.conf env LC_ALL=C lvs --noheadings --unit=g -o vg_name,name,size --nosuffix --readonly stack-volumes-lvmdriver-1" returned: 0 in 0.331s {{(pid=103063) execute /opt/stack/data/venv/lib/python3.10/site-packages/oslo_concurrency/processutils.py:428}}
Jun 08 12:26:28 jammy-provider-cloud-0000007190 cinder-volume[103063]: DEBUG cinder.manager [None req-9955d462-417f-4c2e-8b05-fb7750837ea5 None None] Notifying Schedulers of capabilities ... {{(pid=103063) _publish_service_capabilities /opt/stack/cinder/cinder/manager.py:202}}
Jun 08 12:26:29 jammy-provider-cloud-0000007190 systemd[1]: devstack@c-vol.service: Main process exited, code=killed, status=14/ALRM
Jun 08 12:26:29 jammy-provider-cloud-0000007190 systemd[1]: devstack@c-vol.service: Failed with result 'signal'.
Jun 08 12:26:29 jammy-provider-cloud-0000007190 cinder-volume[103063]: INFO oslo_service.service [-] Parent process has died unexpectedly, exiting
Jun 08 12:26:29 jammy-provider-cloud-0000007190 systemd[1]: devstack@c-vol.service: Unit process 103063 (cinder-volume) remains running after unit stopped.
Jun 08 12:26:29 jammy-provider-cloud-0000007190 systemd[1]: Stopped Devstack devstack@c-vol.service.
Jun 08 12:26:29 jammy-provider-cloud-0000007190 systemd[1]: devstack@c-vol.service: Consumed 19.534s CPU time.
Jun 08 12:26:29 jammy-provider-cloud-0000007190 systemd[1]: devstack@c-vol.service: Found left-over process 103063 (cinder-volume) in control group while starting unit. Ignoring.
Jun 08 12:26:29 jammy-provider-cloud-0000007190 systemd[1]: This usually indicates unclean termination of a previous run, or service implementation deficiencies.
Jun 08 12:26:29 jammy-provider-cloud-0000007190 systemd[1]: Started Devstack devstack@c-vol.service.
Jun 08 12:26:30 jammy-provider-cloud-0000007190 cinder-volume[103063]: DEBUG oslo_concurrency.lockutils [None req-199e7ffe-a004-4c12-bb10-4a3560ee9640 None None] Acquiring lock "singleton_lock" {{(pid=103063) lock /opt/stack/data/venv/lib/python3.10/site-packages/oslo_concurrency/lockutils.py:310}}
Jun 08 12:26:30 jammy-provider-cloud-0000007190 cinder-volume[103063]: DEBUG oslo_concurrency.lockutils [None req-199e7ffe-a004-4c12-bb10-4a3560ee9640 None None] Acquired lock "singleton_lock" {{(pid=103063) lock /opt/stack/data/venv/lib/python3.10/site-packages/oslo_concurrency/lockutils.py:313}}
Jun 08 12:26:30 jammy-provider-cloud-0000007190 cinder-volume[103063]: DEBUG oslo_concurrency.lockutils [None req-199e7ffe-a004-4c12-bb10-4a3560ee9640 None None] Releasing lock "singleton_lock" {{(pid=103063) lock /opt/stack/data/venv/lib/python3.10/site-packages/oslo_concurrency/lockutils.py:331}}
Jun 08 12:26:30 jammy-provider-cloud-0000007190 cinder-volume[103063]: WARNING amqp [None req-199e7ffe-a004-4c12-bb10-4a3560ee9640 None None] Received method (60, 30) during closing channel 1. This method will be ignored
Jun 08 12:26:30 jammy-provider-cloud-0000007190 cinder-volume[103063]: WARNING amqp [None req-199e7ffe-a004-4c12-bb10-4a3560ee9640 None None] Received method (60, 30) during closing channel 1. This method will be ignored
Jun 08 12:26:30 jammy-provider-cloud-0000007190 cinder-volume[112996]: DEBUG oslo_concurrency.lockutils [-] Acquiring lock "singleton_lock" {{(pid=112996) lock /opt/stack/data/venv/lib/python3.10/site-packages/oslo_concurrency/lockutils.py:310}}
Jun 08 12:26:30 jammy-provider-cloud-0000007190 cinder-volume[112996]: DEBUG oslo_concurrency.lockutils [-] Acquired lock "singleton_lock" {{(pid=112996) lock /opt/stack/data/venv/lib/python3.10/site-packages/oslo_concurrency/lockutils.py:313}}
Jun 08 12:26:30 jammy-provider-cloud-0000007190 cinder-volume[112996]: DEBUG oslo_concurrency.lockutils [-] Releasing lock "singleton_lock" {{(pid=112996) lock /opt/stack/data/venv/lib/python3.10/site-packages/oslo_concurrency/lockutils.py:331}}
Jun 08 12:26:30 jammy-provider-cloud-0000007190 cinder-volume[112996]: DEBUG oslo_db.sqlalchemy.engines [None req-e94786ea-7161-4a94-99e5-2e48831464fe None None] MySQL server mode set to STRICT_TRANS_TABLES,STRICT_ALL_TABLES,NO_ZERO_IN_DATE,NO_ZERO_DATE,ERROR_FOR_DIVISION_BY_ZERO,TRADITIONAL,NO_ENGINE_SUBSTITUTION {{(pid=112996) _check_effective_sql_mode /opt/stack/data/venv/lib/python3.10/site-packages/oslo_db/sqlalchemy/engines.py:342}}
Jun 08 12:26:30 jammy-provider-cloud-0000007190 cinder-volume[112996]: INFO cinder.rpc [None req-e94786ea-7161-4a94-99e5-2e48831464fe None None] Automatically selected cinder-scheduler objects version 1.39 as minimum service version.
Jun 08 12:26:30 jammy-provider-cloud-0000007190 cinder-volume[112996]: INFO cinder.rpc [None req-e94786ea-7161-4a94-99e5-2e48831464fe None None] Automatically selected cinder-scheduler RPC version 3.12 as minimum service version.
Jun 08 12:26:30 jammy-provider-cloud-0000007190 cinder-volume[112996]: DEBUG oslo_db.sqlalchemy.engines [None req-e94786ea-7161-4a94-99e5-2e48831464fe None None] MySQL server mode set to STRICT_TRANS_TABLES,STRICT_ALL_TABLES,NO_ZERO_IN_DATE,NO_ZERO_DATE,ERROR_FOR_DIVISION_BY_ZERO,TRADITIONAL,NO_ENGINE_SUBSTITUTION {{(pid=112996) _check_effective_sql_mode /opt/stack/data/venv/lib/python3.10/site-packages/oslo_db/sqlalchemy/engines.py:342}}
Jun 08 12:26:30 jammy-provider-cloud-0000007190 cinder-volume[112996]: INFO cinder.volume.manager [None req-e94786ea-7161-4a94-99e5-2e48831464fe None None] Determined volume DB was empty at startup.
Jun 08 12:26:30 jammy-provider-cloud-0000007190 cinder-volume[112996]: DEBUG cinder.volume.manager [None req-e94786ea-7161-4a94-99e5-2e48831464fe None None] Cinder Volume DB check: vol_db_empty=True {{(pid=112996) __init__ /opt/stack/cinder/cinder/volume/manager.py:290}}
Jun 08 12:26:30 jammy-provider-cloud-0000007190 cinder-volume[112996]: INFO cinder.volume.manager [None req-e94786ea-7161-4a94-99e5-2e48831464fe None None] Service not found for updating active_backend_id, assuming default for driver init.
Jun 08 12:26:30 jammy-provider-cloud-0000007190 cinder-volume[112996]: WARNING stevedore.named [None req-e94786ea-7161-4a94-99e5-2e48831464fe None None] Could not load cinder.keymgr.conf_key_mgr.ConfKeyManager
Jun 08 12:26:30 jammy-provider-cloud-0000007190 cinder-volume[112996]: WARNING castellan.key_manager [None req-e94786ea-7161-4a94-99e5-2e48831464fe None None] Deprecation Warning : cinder.keymgr.conf_key_mgr.ConfKeyManager is not a stevedore based driver, trying to load it as a class: stevedore.exception.NoMatches: No 'castellan.drivers' driver found, looking for 'cinder.keymgr.conf_key_mgr.ConfKeyManager'
Jun 08 12:26:30 jammy-provider-cloud-0000007190 cinder-volume[112996]: WARNING cinder.keymgr.conf_key_mgr [None req-e94786ea-7161-4a94-99e5-2e48831464fe None None] This key manager is insecure and is not recommended for production deployments: stevedore.exception.NoMatches: No 'castellan.drivers' driver found, looking for 'cinder.keymgr.conf_key_mgr.ConfKeyManager'
Jun 08 12:26:30 jammy-provider-cloud-0000007190 cinder-volume[112996]: DEBUG cinder.zonemanager.utils [None req-e94786ea-7161-4a94-99e5-2e48831464fe None None] Zoning mode: None. {{(pid=112996) create_lookup_service /opt/stack/cinder/cinder/zonemanager/utils.py:56}}
Jun 08 12:26:30 jammy-provider-cloud-0000007190 cinder-volume[112996]: DEBUG cinder.zonemanager.utils [None req-e94786ea-7161-4a94-99e5-2e48831464fe None None] FC Lookup Service not enabled in cinder.conf. {{(pid=112996) create_lookup_service /opt/stack/cinder/cinder/zonemanager/utils.py:63}}
Jun 08 12:26:30 jammy-provider-cloud-0000007190 cinder-volume[112996]: INFO cinder.volume.manager [None req-e94786ea-7161-4a94-99e5-2e48831464fe None None] Image-volume cache disabled for host jammy-provider-cloud-0000007190@arcusfc1.
Jun 08 12:26:30 jammy-provider-cloud-0000007190 cinder-volume[112996]: DEBUG oslo_db.sqlalchemy.engines [None req-e94786ea-7161-4a94-99e5-2e48831464fe None None] MySQL server mode set to STRICT_TRANS_TABLES,STRICT_ALL_TABLES,NO_ZERO_IN_DATE,NO_ZERO_DATE,ERROR_FOR_DIVISION_BY_ZERO,TRADITIONAL,NO_ENGINE_SUBSTITUTION {{(pid=112996) _check_effective_sql_mode /opt/stack/data/venv/lib/python3.10/site-packages/oslo_db/sqlalchemy/engines.py:342}}
Jun 08 12:26:30 jammy-provider-cloud-0000007190 cinder-volume[112996]: INFO oslo_service.service [None req-e94786ea-7161-4a94-99e5-2e48831464fe None None] Starting 1 workers
Jun 08 12:26:30 jammy-provider-cloud-0000007190 cinder-volume[112996]: DEBUG oslo_service.service [None req-e94786ea-7161-4a94-99e5-2e48831464fe None None] Started child 112999 {{(pid=112996) _start_child /opt/stack/data/venv/lib/python3.10/site-packages/oslo_service/service.py:579}}
Jun 08 12:26:30 jammy-provider-cloud-0000007190 cinder-volume[112999]: INFO cinder.service [-] Starting cinder-volume node (version 24.1.0)
Jun 08 12:26:30 jammy-provider-cloud-0000007190 cinder-volume[112996]: DEBUG oslo_db.sqlalchemy.engines [None req-e94786ea-7161-4a94-99e5-2e48831464fe None None] MySQL server mode set to STRICT_TRANS_TABLES,STRICT_ALL_TABLES,NO_ZERO_IN_DATE,NO_ZERO_DATE,ERROR_FOR_DIVISION_BY_ZERO,TRADITIONAL,NO_ENGINE_SUBSTITUTION {{(pid=112996) _check_effective_sql_mode /opt/stack/data/venv/lib/python3.10/site-packages/oslo_db/sqlalchemy/engines.py:342}}
Jun 08 12:26:30 jammy-provider-cloud-0000007190 cinder-volume[112999]: INFO cinder.volume.manager [None req-64366377-e38b-43c5-bd98-3b6fe30f78c8 None None] Starting volume driver HPE3PARFCDriver (4.0.7)
Jun 08 12:26:30 jammy-provider-cloud-0000007190 cinder-volume[112996]: INFO cinder.volume.manager [None req-e94786ea-7161-4a94-99e5-2e48831464fe None None] Determined volume DB was empty at startup.
Jun 08 12:26:30 jammy-provider-cloud-0000007190 cinder-volume[112996]: DEBUG cinder.volume.manager [None req-e94786ea-7161-4a94-99e5-2e48831464fe None None] Cinder Volume DB check: vol_db_empty=True {{(pid=112996) __init__ /opt/stack/cinder/cinder/volume/manager.py:290}}
Jun 08 12:26:30 jammy-provider-cloud-0000007190 cinder-volume[112999]: DEBUG cinder.volume.drivers.hpe.hpe_3par_common [None req-64366377-e38b-43c5-bd98-3b6fe30f78c8 None None] Connecting to 3PAR {{(pid=112999) client_login /opt/stack/cinder/cinder/volume/drivers/hpe/hpe_3par_common.py:425}}
Jun 08 12:26:30 jammy-provider-cloud-0000007190 cinder-volume[112996]: INFO cinder.volume.manager [None req-e94786ea-7161-4a94-99e5-2e48831464fe None None] Service not found for updating active_backend_id, assuming default for driver init.
Jun 08 12:26:30 jammy-provider-cloud-0000007190 cinder-volume[112996]: WARNING stevedore.named [None req-e94786ea-7161-4a94-99e5-2e48831464fe None None] Could not load cinder.keymgr.conf_key_mgr.ConfKeyManager
Jun 08 12:26:30 jammy-provider-cloud-0000007190 cinder-volume[112996]: WARNING castellan.key_manager [None req-e94786ea-7161-4a94-99e5-2e48831464fe None None] Deprecation Warning : cinder.keymgr.conf_key_mgr.ConfKeyManager is not a stevedore based driver, trying to load it as a class: stevedore.exception.NoMatches: No 'castellan.drivers' driver found, looking for 'cinder.keymgr.conf_key_mgr.ConfKeyManager'
Jun 08 12:26:30 jammy-provider-cloud-0000007190 cinder-volume[112996]: DEBUG cinder.zonemanager.utils [None req-e94786ea-7161-4a94-99e5-2e48831464fe None None] Zoning mode: None. {{(pid=112996) create_lookup_service /opt/stack/cinder/cinder/zonemanager/utils.py:56}}
Jun 08 12:26:30 jammy-provider-cloud-0000007190 cinder-volume[112996]: DEBUG cinder.zonemanager.utils [None req-e94786ea-7161-4a94-99e5-2e48831464fe None None] FC Lookup Service not enabled in cinder.conf. {{(pid=112996) create_lookup_service /opt/stack/cinder/cinder/zonemanager/utils.py:63}}
Jun 08 12:26:30 jammy-provider-cloud-0000007190 cinder-volume[112996]: INFO cinder.volume.manager [None req-e94786ea-7161-4a94-99e5-2e48831464fe None None] Image-volume cache disabled for host jammy-provider-cloud-0000007190@arcusfc2.
Jun 08 12:26:30 jammy-provider-cloud-0000007190 cinder-volume[112996]: DEBUG oslo_db.sqlalchemy.engines [None req-e94786ea-7161-4a94-99e5-2e48831464fe None None] MySQL server mode set to STRICT_TRANS_TABLES,STRICT_ALL_TABLES,NO_ZERO_IN_DATE,NO_ZERO_DATE,ERROR_FOR_DIVISION_BY_ZERO,TRADITIONAL,NO_ENGINE_SUBSTITUTION {{(pid=112996) _check_effective_sql_mode /opt/stack/data/venv/lib/python3.10/site-packages/oslo_db/sqlalchemy/engines.py:342}}
Jun 08 12:26:30 jammy-provider-cloud-0000007190 cinder-volume[112996]: INFO oslo_service.service [None req-e94786ea-7161-4a94-99e5-2e48831464fe None None] Starting 1 workers
Jun 08 12:26:30 jammy-provider-cloud-0000007190 cinder-volume[112999]: WARNING py.warnings [None req-64366377-e38b-43c5-bd98-3b6fe30f78c8 None None] /opt/stack/data/venv/lib/python3.10/site-packages/urllib3/connectionpool.py:1061: InsecureRequestWarning: Unverified HTTPS request is being made to host '10.201.5.12'. Adding certificate verification is strongly advised. See: https://urllib3.readthedocs.io/en/1.26.x/advanced-usage.html#ssl-warnings
Jun 08 12:26:30 jammy-provider-cloud-0000007190 cinder-volume[112999]:   warnings.warn(
Jun 08 12:26:30 jammy-provider-cloud-0000007190 cinder-volume[112999]: 
Jun 08 12:26:30 jammy-provider-cloud-0000007190 cinder-volume[112996]: DEBUG oslo_service.service [None req-e94786ea-7161-4a94-99e5-2e48831464fe None None] Started child 113000 {{(pid=112996) _start_child /opt/stack/data/venv/lib/python3.10/site-packages/oslo_service/service.py:579}}
Jun 08 12:26:30 jammy-provider-cloud-0000007190 cinder-volume[112996]: DEBUG oslo_service.service [None req-e94786ea-7161-4a94-99e5-2e48831464fe None None] Full set of CONF: {{(pid=112996) wait /opt/stack/data/venv/lib/python3.10/site-packages/oslo_service/service.py:653}}
Jun 08 12:26:30 jammy-provider-cloud-0000007190 cinder-volume[112996]: DEBUG oslo_service.service [None req-e94786ea-7161-4a94-99e5-2e48831464fe None None] ******************************************************************************** {{(pid=112996) log_opt_values /opt/stack/data/venv/lib/python3.10/site-packages/oslo_config/cfg.py:2600}}
Jun 08 12:26:30 jammy-provider-cloud-0000007190 cinder-volume[112996]: DEBUG oslo_service.service [None req-e94786ea-7161-4a94-99e5-2e48831464fe None None] Configuration options gathered from: {{(pid=112996) log_opt_values /opt/stack/data/venv/lib/python3.10/site-packages/oslo_config/cfg.py:2601}}
Jun 08 12:26:30 jammy-provider-cloud-0000007190 cinder-volume[112996]: DEBUG oslo_service.service [None req-e94786ea-7161-4a94-99e5-2e48831464fe None None] command line args: ['--config-file', '/etc/cinder/cinder.conf'] {{(pid=112996) log_opt_values /opt/stack/data/venv/lib/python3.10/site-packages/oslo_config/cfg.py:2602}}
Jun 08 12:26:30 jammy-provider-cloud-0000007190 cinder-volume[112996]: DEBUG oslo_service.service [None req-e94786ea-7161-4a94-99e5-2e48831464fe None None] config files: ['/etc/cinder/cinder.conf'] {{(pid=112996) log_opt_values /opt/stack/data/venv/lib/python3.10/site-packages/oslo_config/cfg.py:2603}}
Jun 08 12:26:30 jammy-provider-cloud-0000007190 cinder-volume[112996]: DEBUG oslo_service.service [None req-e94786ea-7161-4a94-99e5-2e48831464fe None None] ================================================================================ {{(pid=112996) log_opt_values /opt/stack/data/venv/lib/python3.10/site-packages/oslo_config/cfg.py:2605}}
Jun 08 12:26:30 jammy-provider-cloud-0000007190 cinder-volume[112996]: DEBUG oslo_service.service [None req-e94786ea-7161-4a94-99e5-2e48831464fe None None] allow_availability_zone_fallback = False {{(pid=112996) log_opt_values /opt/stack/data/venv/lib/python3.10/site-packages/oslo_config/cfg.py:2613}}
Jun 08 12:26:30 jammy-provider-cloud-0000007190 cinder-volume[112996]: DEBUG oslo_service.service [None req-e94786ea-7161-4a94-99e5-2e48831464fe None None] allow_compression_on_image_upload = False {{(pid=112996) log_opt_values /opt/stack/data/venv/lib/python3.10/site-packages/oslo_config/cfg.py:2613}}
Jun 08 12:26:30 jammy-provider-cloud-0000007190 cinder-volume[112996]: DEBUG oslo_service.service [None req-e94786ea-7161-4a94-99e5-2e48831464fe None None] allowed_direct_url_schemes     = [] {{(pid=112996) log_opt_values /opt/stack/data/venv/lib/python3.10/site-packages/oslo_config/cfg.py:2613}}
Jun 08 12:26:30 jammy-provider-cloud-0000007190 cinder-volume[112996]: DEBUG oslo_service.service [None req-e94786ea-7161-4a94-99e5-2e48831464fe None None] api_rate_limit                 = True {{(pid=112996) log_opt_values /opt/stack/data/venv/lib/python3.10/site-packages/oslo_config/cfg.py:2613}}
Jun 08 12:26:30 jammy-provider-cloud-0000007190 cinder-volume[112996]: DEBUG oslo_service.service [None req-e94786ea-7161-4a94-99e5-2e48831464fe None None] auth_strategy                  = keystone {{(pid=112996) log_opt_values /opt/stack/data/venv/lib/python3.10/site-packages/oslo_config/cfg.py:2613}}
Jun 08 12:26:30 jammy-provider-cloud-0000007190 cinder-volume[112996]: DEBUG oslo_service.service [None req-e94786ea-7161-4a94-99e5-2e48831464fe None None] backend_availability_zone      = None {{(pid=112996) log_opt_values /opt/stack/data/venv/lib/python3.10/site-packages/oslo_config/cfg.py:2613}}
Jun 08 12:26:30 jammy-provider-cloud-0000007190 cinder-volume[112996]: DEBUG oslo_service.service [None req-e94786ea-7161-4a94-99e5-2e48831464fe None None] backend_host                   = None {{(pid=112996) log_opt_values /opt/stack/data/venv/lib/python3.10/site-packages/oslo_config/cfg.py:2613}}
Jun 08 12:26:30 jammy-provider-cloud-0000007190 cinder-volume[112996]: DEBUG oslo_service.service [None req-e94786ea-7161-4a94-99e5-2e48831464fe None None] backend_name                   = None {{(pid=112996) log_opt_values /opt/stack/data/venv/lib/python3.10/site-packages/oslo_config/cfg.py:2613}}
Jun 08 12:26:30 jammy-provider-cloud-0000007190 cinder-volume[113000]: INFO cinder.service [-] Starting cinder-volume node (version 24.1.0)
Jun 08 12:26:30 jammy-provider-cloud-0000007190 cinder-volume[112996]: DEBUG oslo_service.service [None req-e94786ea-7161-4a94-99e5-2e48831464fe None None] backend_stats_polling_interval = 60 {{(pid=112996) log_opt_values /opt/stack/data/venv/lib/python3.10/site-packages/oslo_config/cfg.py:2613}}
Jun 08 12:26:30 jammy-provider-cloud-0000007190 cinder-volume[112996]: DEBUG oslo_service.service [None req-e94786ea-7161-4a94-99e5-2e48831464fe None None] backup_api_class               = cinder.backup.api.API {{(pid=112996) log_opt_values /opt/stack/data/venv/lib/python3.10/site-packages/oslo_config/cfg.py:2613}}
Jun 08 12:26:30 jammy-provider-cloud-0000007190 cinder-volume[112996]: DEBUG oslo_service.service [None req-e94786ea-7161-4a94-99e5-2e48831464fe None None] backup_manager                 = cinder.backup.manager.BackupManager {{(pid=112996) log_opt_values /opt/stack/data/venv/lib/python3.10/site-packages/oslo_config/cfg.py:2613}}
Jun 08 12:26:30 jammy-provider-cloud-0000007190 cinder-volume[112996]: DEBUG oslo_service.service [None req-e94786ea-7161-4a94-99e5-2e48831464fe None None] backup_name_template           = backup-%s {{(pid=112996) log_opt_values /opt/stack/data/venv/lib/python3.10/site-packages/oslo_config/cfg.py:2613}}
Jun 08 12:26:30 jammy-provider-cloud-0000007190 cinder-volume[112996]: DEBUG oslo_service.service [None req-e94786ea-7161-4a94-99e5-2e48831464fe None None] backup_use_same_host           = False {{(pid=112996) log_opt_values /opt/stack/data/venv/lib/python3.10/site-packages/oslo_config/cfg.py:2613}}
Jun 08 12:26:30 jammy-provider-cloud-0000007190 cinder-volume[112996]: DEBUG oslo_service.service [None req-e94786ea-7161-4a94-99e5-2e48831464fe None None] backup_use_temp_snapshot       = False {{(pid=112996) log_opt_values /opt/stack/data/venv/lib/python3.10/site-packages/oslo_config/cfg.py:2613}}
Jun 08 12:26:30 jammy-provider-cloud-0000007190 cinder-volume[112996]: DEBUG oslo_service.service [None req-e94786ea-7161-4a94-99e5-2e48831464fe None None] chap_password                  = **** {{(pid=112996) log_opt_values /opt/stack/data/venv/lib/python3.10/site-packages/oslo_config/cfg.py:2613}}
Jun 08 12:26:30 jammy-provider-cloud-0000007190 cinder-volume[112996]: DEBUG oslo_service.service [None req-e94786ea-7161-4a94-99e5-2e48831464fe None None] chap_username                  =  {{(pid=112996) log_opt_values /opt/stack/data/venv/lib/python3.10/site-packages/oslo_config/cfg.py:2613}}
Jun 08 12:26:30 jammy-provider-cloud-0000007190 cinder-volume[112996]: DEBUG oslo_service.service [None req-e94786ea-7161-4a94-99e5-2e48831464fe None None] chiscsi_conf                   = /etc/chelsio-iscsi/chiscsi.conf {{(pid=112996) log_opt_values /opt/stack/data/venv/lib/python3.10/site-packages/oslo_config/cfg.py:2613}}
Jun 08 12:26:30 jammy-provider-cloud-0000007190 cinder-volume[112996]: DEBUG oslo_service.service [None req-e94786ea-7161-4a94-99e5-2e48831464fe None None] cinder_internal_tenant_project_id = af17d0f7a36a4b53a1cd25eed81e68cc {{(pid=112996) log_opt_values /opt/stack/data/venv/lib/python3.10/site-packages/oslo_config/cfg.py:2613}}
Jun 08 12:26:30 jammy-provider-cloud-0000007190 cinder-volume[112996]: DEBUG oslo_service.service [None req-e94786ea-7161-4a94-99e5-2e48831464fe None None] cinder_internal_tenant_user_id = 7c685994be3f45f89243758e76ffddfb {{(pid=112996) log_opt_values /opt/stack/data/venv/lib/python3.10/site-packages/oslo_config/cfg.py:2613}}
Jun 08 12:26:30 jammy-provider-cloud-0000007190 cinder-volume[112996]: DEBUG oslo_service.service [None req-e94786ea-7161-4a94-99e5-2e48831464fe None None] cluster                        = None {{(pid=112996) log_opt_values /opt/stack/data/venv/lib/python3.10/site-packages/oslo_config/cfg.py:2613}}
Jun 08 12:26:30 jammy-provider-cloud-0000007190 cinder-volume[112996]: DEBUG oslo_service.service [None req-e94786ea-7161-4a94-99e5-2e48831464fe None None] compression_format             = gzip {{(pid=112996) log_opt_values /opt/stack/data/venv/lib/python3.10/site-packages/oslo_config/cfg.py:2613}}
Jun 08 12:26:30 jammy-provider-cloud-0000007190 cinder-volume[112996]: DEBUG oslo_service.service [None req-e94786ea-7161-4a94-99e5-2e48831464fe None None] compute_api_class              = cinder.compute.nova.API {{(pid=112996) log_opt_values /opt/stack/data/venv/lib/python3.10/site-packages/oslo_config/cfg.py:2613}}
Jun 08 12:26:30 jammy-provider-cloud-0000007190 cinder-volume[112996]: DEBUG oslo_service.service [None req-e94786ea-7161-4a94-99e5-2e48831464fe None None] config_dir                     = [] {{(pid=112996) log_opt_values /opt/stack/data/venv/lib/python3.10/site-packages/oslo_config/cfg.py:2613}}
Jun 08 12:26:30 jammy-provider-cloud-0000007190 cinder-volume[112996]: DEBUG oslo_service.service [None req-e94786ea-7161-4a94-99e5-2e48831464fe None None] config_file                    = ['/etc/cinder/cinder.conf'] {{(pid=112996) log_opt_values /opt/stack/data/venv/lib/python3.10/site-packages/oslo_config/cfg.py:2613}}
Jun 08 12:26:30 jammy-provider-cloud-0000007190 cinder-volume[112996]: DEBUG oslo_service.service [None req-e94786ea-7161-4a94-99e5-2e48831464fe None None] config_source                  = [] {{(pid=112996) log_opt_values /opt/stack/data/venv/lib/python3.10/site-packages/oslo_config/cfg.py:2613}}
Jun 08 12:26:30 jammy-provider-cloud-0000007190 cinder-volume[112996]: DEBUG oslo_service.service [None req-e94786ea-7161-4a94-99e5-2e48831464fe None None] consistencygroup_api_class     = cinder.consistencygroup.api.API {{(pid=112996) log_opt_values /opt/stack/data/venv/lib/python3.10/site-packages/oslo_config/cfg.py:2613}}
Jun 08 12:26:30 jammy-provider-cloud-0000007190 cinder-volume[112996]: DEBUG oslo_service.service [None req-e94786ea-7161-4a94-99e5-2e48831464fe None None] control_exchange               = openstack {{(pid=112996) log_opt_values /opt/stack/data/venv/lib/python3.10/site-packages/oslo_config/cfg.py:2613}}
Jun 08 12:26:30 jammy-provider-cloud-0000007190 cinder-volume[112996]: DEBUG oslo_service.service [None req-e94786ea-7161-4a94-99e5-2e48831464fe None None] debug                          = True {{(pid=112996) log_opt_values /opt/stack/data/venv/lib/python3.10/site-packages/oslo_config/cfg.py:2613}}
Jun 08 12:26:30 jammy-provider-cloud-0000007190 cinder-volume[112996]: DEBUG oslo_service.service [None req-e94786ea-7161-4a94-99e5-2e48831464fe None None] default_availability_zone      = None {{(pid=112996) log_opt_values /opt/stack/data/venv/lib/python3.10/site-packages/oslo_config/cfg.py:2613}}
Jun 08 12:26:30 jammy-provider-cloud-0000007190 cinder-volume[112996]: DEBUG oslo_service.service [None req-e94786ea-7161-4a94-99e5-2e48831464fe None None] default_group_type             = None {{(pid=112996) log_opt_values /opt/stack/data/venv/lib/python3.10/site-packages/oslo_config/cfg.py:2613}}
Jun 08 12:26:30 jammy-provider-cloud-0000007190 cinder-volume[112996]: DEBUG oslo_service.service [None req-e94786ea-7161-4a94-99e5-2e48831464fe None None] default_log_levels             = ['amqp=WARN', 'amqplib=WARN', 'boto=WARN', 'qpid=WARN', 'sqlalchemy=WARN', 'suds=INFO', 'oslo.messaging=INFO', 'oslo_messaging=INFO', 'iso8601=WARN', 'requests.packages.urllib3.connectionpool=WARN', 'urllib3.connectionpool=WARN', 'websocket=WARN', 'requests.packages.urllib3.util.retry=WARN', 'urllib3.util.retry=WARN', 'keystonemiddleware=WARN', 'routes.middleware=WARN', 'stevedore=WARN', 'taskflow=WARN', 'keystoneauth=WARN', 'oslo.cache=INFO', 'oslo_policy=INFO', 'dogpile.core.dogpile=INFO'] {{(pid=112996) log_opt_values /opt/stack/data/venv/lib/python3.10/site-packages/oslo_config/cfg.py:2613}}
Jun 08 12:26:30 jammy-provider-cloud-0000007190 cinder-volume[112996]: DEBUG oslo_service.service [None req-e94786ea-7161-4a94-99e5-2e48831464fe None None] default_volume_type            = arcusfc1 {{(pid=112996) log_opt_values /opt/stack/data/venv/lib/python3.10/site-packages/oslo_config/cfg.py:2613}}
Jun 08 12:26:30 jammy-provider-cloud-0000007190 cinder-volume[112996]: DEBUG oslo_service.service [None req-e94786ea-7161-4a94-99e5-2e48831464fe None None] driver_client_cert             = None {{(pid=112996) log_opt_values /opt/stack/data/venv/lib/python3.10/site-packages/oslo_config/cfg.py:2613}}
Jun 08 12:26:30 jammy-provider-cloud-0000007190 cinder-volume[112996]: DEBUG oslo_service.service [None req-e94786ea-7161-4a94-99e5-2e48831464fe None None] driver_client_cert_key         = None {{(pid=112996) log_opt_values /opt/stack/data/venv/lib/python3.10/site-packages/oslo_config/cfg.py:2613}}
Jun 08 12:26:30 jammy-provider-cloud-0000007190 cinder-volume[112996]: DEBUG oslo_service.service [None req-e94786ea-7161-4a94-99e5-2e48831464fe None None] driver_data_namespace          = None {{(pid=112996) log_opt_values /opt/stack/data/venv/lib/python3.10/site-packages/oslo_config/cfg.py:2613}}
Jun 08 12:26:30 jammy-provider-cloud-0000007190 cinder-volume[112996]: DEBUG oslo_service.service [None req-e94786ea-7161-4a94-99e5-2e48831464fe None None] driver_ssl_cert_path           = None {{(pid=112996) log_opt_values /opt/stack/data/venv/lib/python3.10/site-packages/oslo_config/cfg.py:2613}}
Jun 08 12:26:30 jammy-provider-cloud-0000007190 cinder-volume[112996]: DEBUG oslo_service.service [None req-e94786ea-7161-4a94-99e5-2e48831464fe None None] driver_ssl_cert_verify         = False {{(pid=112996) log_opt_values /opt/stack/data/venv/lib/python3.10/site-packages/oslo_config/cfg.py:2613}}
Jun 08 12:26:30 jammy-provider-cloud-0000007190 cinder-volume[112996]: DEBUG oslo_service.service [None req-e94786ea-7161-4a94-99e5-2e48831464fe None None] driver_use_ssl                 = False {{(pid=112996) log_opt_values /opt/stack/data/venv/lib/python3.10/site-packages/oslo_config/cfg.py:2613}}
Jun 08 12:26:30 jammy-provider-cloud-0000007190 cinder-volume[112996]: DEBUG oslo_service.service [None req-e94786ea-7161-4a94-99e5-2e48831464fe None None] enable_new_services            = True {{(pid=112996) log_opt_values /opt/stack/data/venv/lib/python3.10/site-packages/oslo_config/cfg.py:2613}}
Jun 08 12:26:30 jammy-provider-cloud-0000007190 cinder-volume[112996]: DEBUG oslo_service.service [None req-e94786ea-7161-4a94-99e5-2e48831464fe None None] enable_unsupported_driver      = False {{(pid=112996) log_opt_values /opt/stack/data/venv/lib/python3.10/site-packages/oslo_config/cfg.py:2613}}
Jun 08 12:26:30 jammy-provider-cloud-0000007190 cinder-volume[112996]: DEBUG oslo_service.service [None req-e94786ea-7161-4a94-99e5-2e48831464fe None None] enabled_backends               = ['arcusfc1', 'arcusfc2'] {{(pid=112996) log_opt_values /opt/stack/data/venv/lib/python3.10/site-packages/oslo_config/cfg.py:2613}}
Jun 08 12:26:30 jammy-provider-cloud-0000007190 cinder-volume[112996]: DEBUG oslo_service.service [None req-e94786ea-7161-4a94-99e5-2e48831464fe None None] enforce_multipath_for_image_xfer = False {{(pid=112996) log_opt_values /opt/stack/data/venv/lib/python3.10/site-packages/oslo_config/cfg.py:2613}}
Jun 08 12:26:30 jammy-provider-cloud-0000007190 cinder-volume[112996]: DEBUG oslo_service.service [None req-e94786ea-7161-4a94-99e5-2e48831464fe None None] filter_function                = None {{(pid=112996) log_opt_values /opt/stack/data/venv/lib/python3.10/site-packages/oslo_config/cfg.py:2613}}
Jun 08 12:26:30 jammy-provider-cloud-0000007190 cinder-volume[112996]: DEBUG oslo_service.service [None req-e94786ea-7161-4a94-99e5-2e48831464fe None None] glance_api_insecure            = False {{(pid=112996) log_opt_values /opt/stack/data/venv/lib/python3.10/site-packages/oslo_config/cfg.py:2613}}
Jun 08 12:26:30 jammy-provider-cloud-0000007190 cinder-volume[112996]: DEBUG oslo_service.service [None req-e94786ea-7161-4a94-99e5-2e48831464fe None None] glance_api_servers             = ['http://10.201.5.87/image'] {{(pid=112996) log_opt_values /opt/stack/data/venv/lib/python3.10/site-packages/oslo_config/cfg.py:2613}}
Jun 08 12:26:30 jammy-provider-cloud-0000007190 cinder-volume[112996]: DEBUG oslo_service.service [None req-e94786ea-7161-4a94-99e5-2e48831464fe None None] glance_api_ssl_compression     = False {{(pid=112996) log_opt_values /opt/stack/data/venv/lib/python3.10/site-packages/oslo_config/cfg.py:2613}}
Jun 08 12:26:30 jammy-provider-cloud-0000007190 cinder-volume[112996]: DEBUG oslo_service.service [None req-e94786ea-7161-4a94-99e5-2e48831464fe None None] glance_ca_certificates_file    = None {{(pid=112996) log_opt_values /opt/stack/data/venv/lib/python3.10/site-packages/oslo_config/cfg.py:2613}}
Jun 08 12:26:30 jammy-provider-cloud-0000007190 cinder-volume[112999]: WARNING py.warnings [None req-64366377-e38b-43c5-bd98-3b6fe30f78c8 None None] /opt/stack/data/venv/lib/python3.10/site-packages/urllib3/connectionpool.py:1061: InsecureRequestWarning: Unverified HTTPS request is being made to host '10.201.5.12'. Adding certificate verification is strongly advised. See: https://urllib3.readthedocs.io/en/1.26.x/advanced-usage.html#ssl-warnings
Jun 08 12:26:30 jammy-provider-cloud-0000007190 cinder-volume[112999]:   warnings.warn(
Jun 08 12:26:30 jammy-provider-cloud-0000007190 cinder-volume[112999]: 
Jun 08 12:26:30 jammy-provider-cloud-0000007190 cinder-volume[112996]: DEBUG oslo_service.service [None req-e94786ea-7161-4a94-99e5-2e48831464fe None None] glance_catalog_info            = image:glance:publicURL {{(pid=112996) log_opt_values /opt/stack/data/venv/lib/python3.10/site-packages/oslo_config/cfg.py:2613}}
Jun 08 12:26:30 jammy-provider-cloud-0000007190 cinder-volume[112996]: DEBUG oslo_service.service [None req-e94786ea-7161-4a94-99e5-2e48831464fe None None] glance_certfile                = None {{(pid=112996) log_opt_values /opt/stack/data/venv/lib/python3.10/site-packages/oslo_config/cfg.py:2613}}
Jun 08 12:26:30 jammy-provider-cloud-0000007190 cinder-volume[112996]: DEBUG oslo_service.service [None req-e94786ea-7161-4a94-99e5-2e48831464fe None None] glance_core_properties         = ['checksum', 'container_format', 'disk_format', 'image_name', 'image_id', 'min_disk', 'min_ram', 'name', 'size'] {{(pid=112996) log_opt_values /opt/stack/data/venv/lib/python3.10/site-packages/oslo_config/cfg.py:2613}}
Jun 08 12:26:30 jammy-provider-cloud-0000007190 cinder-volume[112996]: DEBUG oslo_service.service [None req-e94786ea-7161-4a94-99e5-2e48831464fe None None] glance_keyfile                 = None {{(pid=112996) log_opt_values /opt/stack/data/venv/lib/python3.10/site-packages/oslo_config/cfg.py:2613}}
Jun 08 12:26:30 jammy-provider-cloud-0000007190 cinder-volume[112996]: DEBUG oslo_service.service [None req-e94786ea-7161-4a94-99e5-2e48831464fe None None] glance_num_retries             = 3 {{(pid=112996) log_opt_values /opt/stack/data/venv/lib/python3.10/site-packages/oslo_config/cfg.py:2613}}
Jun 08 12:26:30 jammy-provider-cloud-0000007190 cinder-volume[112996]: DEBUG oslo_service.service [None req-e94786ea-7161-4a94-99e5-2e48831464fe None None] glance_request_timeout         = None {{(pid=112996) log_opt_values /opt/stack/data/venv/lib/python3.10/site-packages/oslo_config/cfg.py:2613}}
Jun 08 12:26:30 jammy-provider-cloud-0000007190 cinder-volume[112996]: DEBUG oslo_service.service [None req-e94786ea-7161-4a94-99e5-2e48831464fe None None] goodness_function              = None {{(pid=112996) log_opt_values /opt/stack/data/venv/lib/python3.10/site-packages/oslo_config/cfg.py:2613}}
Jun 08 12:26:30 jammy-provider-cloud-0000007190 cinder-volume[112996]: DEBUG oslo_service.service [None req-e94786ea-7161-4a94-99e5-2e48831464fe None None] graceful_shutdown_timeout      = 5 {{(pid=112996) log_opt_values /opt/stack/data/venv/lib/python3.10/site-packages/oslo_config/cfg.py:2613}}
Jun 08 12:26:30 jammy-provider-cloud-0000007190 cinder-volume[112999]: INFO cinder.volume.drivers.hpe.hpe_3par_common [None req-64366377-e38b-43c5-bd98-3b6fe30f78c8 None None] HPE3PARCommon 4.0.22,hpe3parclient 4.2.13
Jun 08 12:26:30 jammy-provider-cloud-0000007190 cinder-volume[112996]: DEBUG oslo_service.service [None req-e94786ea-7161-4a94-99e5-2e48831464fe None None] group_api_class                = cinder.group.api.API {{(pid=112996) log_opt_values /opt/stack/data/venv/lib/python3.10/site-packages/oslo_config/cfg.py:2613}}
Jun 08 12:26:30 jammy-provider-cloud-0000007190 cinder-volume[112999]: DEBUG cinder.volume.drivers.hpe.hpe_3par_common [None req-64366377-e38b-43c5-bd98-3b6fe30f78c8 None None] Connecting to 3PAR {{(pid=112999) client_login /opt/stack/cinder/cinder/volume/drivers/hpe/hpe_3par_common.py:425}}
Jun 08 12:26:30 jammy-provider-cloud-0000007190 cinder-volume[112996]: DEBUG oslo_service.service [None req-e94786ea-7161-4a94-99e5-2e48831464fe None None] host                           = jammy-provider-cloud-0000007190 {{(pid=112996) log_opt_values /opt/stack/data/venv/lib/python3.10/site-packages/oslo_config/cfg.py:2613}}
Jun 08 12:26:30 jammy-provider-cloud-0000007190 cinder-volume[112996]: DEBUG oslo_service.service [None req-e94786ea-7161-4a94-99e5-2e48831464fe None None] iet_conf                       = /etc/iet/ietd.conf {{(pid=112996) log_opt_values /opt/stack/data/venv/lib/python3.10/site-packages/oslo_config/cfg.py:2613}}
Jun 08 12:26:30 jammy-provider-cloud-0000007190 cinder-volume[112996]: DEBUG oslo_service.service [None req-e94786ea-7161-4a94-99e5-2e48831464fe None None] image_compress_on_upload       = True {{(pid=112996) log_opt_values /opt/stack/data/venv/lib/python3.10/site-packages/oslo_config/cfg.py:2613}}
Jun 08 12:26:30 jammy-provider-cloud-0000007190 cinder-volume[112996]: DEBUG oslo_service.service [None req-e94786ea-7161-4a94-99e5-2e48831464fe None None] image_conversion_address_space_limit = 1 {{(pid=112996) log_opt_values /opt/stack/data/venv/lib/python3.10/site-packages/oslo_config/cfg.py:2613}}
Jun 08 12:26:30 jammy-provider-cloud-0000007190 cinder-volume[112996]: DEBUG oslo_service.service [None req-e94786ea-7161-4a94-99e5-2e48831464fe None None] image_conversion_cpu_limit     = 60 {{(pid=112996) log_opt_values /opt/stack/data/venv/lib/python3.10/site-packages/oslo_config/cfg.py:2613}}
Jun 08 12:26:30 jammy-provider-cloud-0000007190 cinder-volume[112996]: DEBUG oslo_service.service [None req-e94786ea-7161-4a94-99e5-2e48831464fe None None] image_conversion_dir           = /opt/stack/data/cinder/conversion {{(pid=112996) log_opt_values /opt/stack/data/venv/lib/python3.10/site-packages/oslo_config/cfg.py:2613}}
Jun 08 12:26:30 jammy-provider-cloud-0000007190 cinder-volume[112996]: DEBUG oslo_service.service [None req-e94786ea-7161-4a94-99e5-2e48831464fe None None] image_conversion_disable       = False {{(pid=112996) log_opt_values /opt/stack/data/venv/lib/python3.10/site-packages/oslo_config/cfg.py:2613}}
Jun 08 12:26:30 jammy-provider-cloud-0000007190 cinder-volume[112996]: DEBUG oslo_service.service [None req-e94786ea-7161-4a94-99e5-2e48831464fe None None] image_upload_use_cinder_backend = False {{(pid=112996) log_opt_values /opt/stack/data/venv/lib/python3.10/site-packages/oslo_config/cfg.py:2613}}
Jun 08 12:26:30 jammy-provider-cloud-0000007190 cinder-volume[112996]: DEBUG oslo_service.service [None req-e94786ea-7161-4a94-99e5-2e48831464fe None None] image_upload_use_internal_tenant = False {{(pid=112996) log_opt_values /opt/stack/data/venv/lib/python3.10/site-packages/oslo_config/cfg.py:2613}}
Jun 08 12:26:30 jammy-provider-cloud-0000007190 cinder-volume[112996]: DEBUG oslo_service.service [None req-e94786ea-7161-4a94-99e5-2e48831464fe None None] image_volume_cache_enabled     = False {{(pid=112996) log_opt_values /opt/stack/data/venv/lib/python3.10/site-packages/oslo_config/cfg.py:2613}}
Jun 08 12:26:30 jammy-provider-cloud-0000007190 cinder-volume[112996]: DEBUG oslo_service.service [None req-e94786ea-7161-4a94-99e5-2e48831464fe None None] image_volume_cache_max_count   = 0 {{(pid=112996) log_opt_values /opt/stack/data/venv/lib/python3.10/site-packages/oslo_config/cfg.py:2613}}
Jun 08 12:26:30 jammy-provider-cloud-0000007190 cinder-volume[112996]: DEBUG oslo_service.service [None req-e94786ea-7161-4a94-99e5-2e48831464fe None None] image_volume_cache_max_size_gb = 0 {{(pid=112996) log_opt_values /opt/stack/data/venv/lib/python3.10/site-packages/oslo_config/cfg.py:2613}}
Jun 08 12:26:30 jammy-provider-cloud-0000007190 cinder-volume[112996]: DEBUG oslo_service.service [None req-e94786ea-7161-4a94-99e5-2e48831464fe None None] init_host_max_objects_retrieval = 0 {{(pid=112996) log_opt_values /opt/stack/data/venv/lib/python3.10/site-packages/oslo_config/cfg.py:2613}}
Jun 08 12:26:30 jammy-provider-cloud-0000007190 cinder-volume[112996]: DEBUG oslo_service.service [None req-e94786ea-7161-4a94-99e5-2e48831464fe None None] instance_format                = [instance: %(uuid)s]  {{(pid=112996) log_opt_values /opt/stack/data/venv/lib/python3.10/site-packages/oslo_config/cfg.py:2613}}
Jun 08 12:26:30 jammy-provider-cloud-0000007190 cinder-volume[113000]: INFO cinder.volume.manager [None req-287f2b90-d8f0-480e-a710-dedbfacf020b None None] Starting volume driver HPE3PARFCDriver (4.0.7)
Jun 08 12:26:30 jammy-provider-cloud-0000007190 cinder-volume[112996]: DEBUG oslo_service.service [None req-e94786ea-7161-4a94-99e5-2e48831464fe None None] instance_uuid_format           = [instance: %(uuid)s]  {{(pid=112996) log_opt_values /opt/stack/data/venv/lib/python3.10/site-packages/oslo_config/cfg.py:2613}}
Jun 08 12:26:30 jammy-provider-cloud-0000007190 cinder-volume[112996]: DEBUG oslo_service.service [None req-e94786ea-7161-4a94-99e5-2e48831464fe None None] iscsi_iotype                   = fileio {{(pid=112996) log_opt_values /opt/stack/data/venv/lib/python3.10/site-packages/oslo_config/cfg.py:2613}}
Jun 08 12:26:30 jammy-provider-cloud-0000007190 cinder-volume[112996]: DEBUG oslo_service.service [None req-e94786ea-7161-4a94-99e5-2e48831464fe None None] iscsi_target_flags             =  {{(pid=112996) log_opt_values /opt/stack/data/venv/lib/python3.10/site-packages/oslo_config/cfg.py:2613}}
Jun 08 12:26:30 jammy-provider-cloud-0000007190 cinder-volume[112996]: DEBUG oslo_service.service [None req-e94786ea-7161-4a94-99e5-2e48831464fe None None] iscsi_write_cache              = on {{(pid=112996) log_opt_values /opt/stack/data/venv/lib/python3.10/site-packages/oslo_config/cfg.py:2613}}
Jun 08 12:26:30 jammy-provider-cloud-0000007190 cinder-volume[112996]: DEBUG oslo_service.service [None req-e94786ea-7161-4a94-99e5-2e48831464fe None None] iser_helper                    = tgtadm {{(pid=112996) log_opt_values /opt/stack/data/venv/lib/python3.10/site-packages/oslo_config/cfg.py:2613}}
Jun 08 12:26:30 jammy-provider-cloud-0000007190 cinder-volume[113000]: DEBUG cinder.volume.drivers.hpe.hpe_3par_common [None req-287f2b90-d8f0-480e-a710-dedbfacf020b None None] Connecting to 3PAR {{(pid=113000) client_login /opt/stack/cinder/cinder/volume/drivers/hpe/hpe_3par_common.py:425}}
Jun 08 12:26:30 jammy-provider-cloud-0000007190 cinder-volume[112996]: DEBUG oslo_service.service [None req-e94786ea-7161-4a94-99e5-2e48831464fe None None] iser_ip_address                = 10.201.5.87 {{(pid=112996) log_opt_values /opt/stack/data/venv/lib/python3.10/site-packages/oslo_config/cfg.py:2613}}
Jun 08 12:26:30 jammy-provider-cloud-0000007190 cinder-volume[112996]: DEBUG oslo_service.service [None req-e94786ea-7161-4a94-99e5-2e48831464fe None None] iser_port                      = 3260 {{(pid=112996) log_opt_values /opt/stack/data/venv/lib/python3.10/site-packages/oslo_config/cfg.py:2613}}
Jun 08 12:26:30 jammy-provider-cloud-0000007190 cinder-volume[112996]: DEBUG oslo_service.service [None req-e94786ea-7161-4a94-99e5-2e48831464fe None None] iser_target_prefix             = iqn.2010-10.org.openstack: {{(pid=112996) log_opt_values /opt/stack/data/venv/lib/python3.10/site-packages/oslo_config/cfg.py:2613}}
