Mar 17 09:06:34 jammy-provider-cloud-0000008123 systemd[1]: Starting Devstack devstack@g-api.service...
Mar 17 09:06:34 jammy-provider-cloud-0000008123 devstack@g-api.service[115075]: [uWSGI] getting INI configuration from /etc/glance/glance-uwsgi.ini
Mar 17 09:06:34 jammy-provider-cloud-0000008123 devstack@g-api.service[115075]: *** Starting uWSGI 2.0.20-debian (64bit) on [Mon Mar 17 09:06:34 2025] ***
Mar 17 09:06:34 jammy-provider-cloud-0000008123 devstack@g-api.service[115075]: compiled with version: 11.2.0 on 21 March 2022 11:00:44
Mar 17 09:06:34 jammy-provider-cloud-0000008123 devstack@g-api.service[115075]: os: Linux-5.15.0-107-generic #117-Ubuntu SMP Fri Apr 26 12:26:49 UTC 2024
Mar 17 09:06:34 jammy-provider-cloud-0000008123 devstack@g-api.service[115075]: nodename: jammy-provider-cloud-0000008123
Mar 17 09:06:34 jammy-provider-cloud-0000008123 devstack@g-api.service[115075]: machine: x86_64
Mar 17 09:06:34 jammy-provider-cloud-0000008123 devstack@g-api.service[115075]: clock source: unix
Mar 17 09:06:34 jammy-provider-cloud-0000008123 devstack@g-api.service[115075]: pcre jit disabled
Mar 17 09:06:34 jammy-provider-cloud-0000008123 devstack@g-api.service[115075]: detected number of CPU cores: 4
Mar 17 09:06:34 jammy-provider-cloud-0000008123 devstack@g-api.service[115075]: current working directory: /
Mar 17 09:06:34 jammy-provider-cloud-0000008123 devstack@g-api.service[115075]: detected binary path: /usr/bin/uwsgi-core
Mar 17 09:06:34 jammy-provider-cloud-0000008123 devstack@g-api.service[115075]: your processes number limit is 31298
Mar 17 09:06:34 jammy-provider-cloud-0000008123 devstack@g-api.service[115075]: your memory page size is 4096 bytes
Mar 17 09:06:34 jammy-provider-cloud-0000008123 devstack@g-api.service[115075]: detected max file descriptor number: 2048
Mar 17 09:06:34 jammy-provider-cloud-0000008123 devstack@g-api.service[115075]: lock engine: pthread robust mutexes
Mar 17 09:06:34 jammy-provider-cloud-0000008123 devstack@g-api.service[115075]: thunder lock: enabled
Mar 17 09:06:34 jammy-provider-cloud-0000008123 devstack@g-api.service[115075]: uwsgi socket 0 bound to TCP address 127.0.0.1:60999 fd 4
Mar 17 09:06:34 jammy-provider-cloud-0000008123 devstack@g-api.service[115075]: Python version: 3.10.12 (main, Feb  4 2025, 14:57:36) [GCC 11.4.0]
Mar 17 09:06:34 jammy-provider-cloud-0000008123 devstack@g-api.service[115075]: PEP 405 virtualenv detected: /opt/stack/data/venv
Mar 17 09:06:34 jammy-provider-cloud-0000008123 devstack@g-api.service[115075]: Set PythonHome to /opt/stack/data/venv
Mar 17 09:06:34 jammy-provider-cloud-0000008123 devstack@g-api.service[115075]: Python main interpreter initialized at 0x561c1e138280
Mar 17 09:06:34 jammy-provider-cloud-0000008123 devstack@g-api.service[115075]: python threads support enabled
Mar 17 09:06:34 jammy-provider-cloud-0000008123 devstack@g-api.service[115075]: your server socket listen backlog is limited to 100 connections
Mar 17 09:06:34 jammy-provider-cloud-0000008123 devstack@g-api.service[115075]: your mercy for graceful operations on workers is 80 seconds
Mar 17 09:06:34 jammy-provider-cloud-0000008123 devstack@g-api.service[115075]: mapped 403077 bytes (393 KB) for 2 cores
Mar 17 09:06:34 jammy-provider-cloud-0000008123 devstack@g-api.service[115075]: *** Operational MODE: preforking ***
Mar 17 09:06:34 jammy-provider-cloud-0000008123 devstack@g-api.service[115075]: *** uWSGI is running in multiple interpreter mode ***
Mar 17 09:06:34 jammy-provider-cloud-0000008123 devstack@g-api.service[115075]: spawned uWSGI master process (pid: 115075)
Mar 17 09:06:34 jammy-provider-cloud-0000008123 devstack@g-api.service[115075]: spawned uWSGI worker 1 (pid: 115076, cores: 1)
Mar 17 09:06:34 jammy-provider-cloud-0000008123 devstack@g-api.service[115075]: spawned uWSGI worker 2 (pid: 115077, cores: 1)
Mar 17 09:06:34 jammy-provider-cloud-0000008123 devstack@g-api.service[115075]: running "unix_signal:15 gracefully_kill_them_all" (master-start)...
Mar 17 09:06:34 jammy-provider-cloud-0000008123 systemd[1]: Started Devstack devstack@g-api.service.
Mar 17 09:06:35 jammy-provider-cloud-0000008123 devstack@g-api.service[115076]: INFO glance.async_ [-] Threadpool model set to 'NativeThreadPoolModel'
Mar 17 09:06:35 jammy-provider-cloud-0000008123 devstack@g-api.service[115077]: INFO glance.async_ [-] Threadpool model set to 'NativeThreadPoolModel'
Mar 17 09:06:35 jammy-provider-cloud-0000008123 devstack@g-api.service[115076]: DEBUG oslo_concurrency.processutils [-] Running cmd (subprocess): grep -F node.session.scan /sbin/iscsiadm {{(pid=115076) execute /opt/stack/data/venv/lib/python3.10/site-packages/oslo_concurrency/processutils.py:349}}
Mar 17 09:06:35 jammy-provider-cloud-0000008123 devstack@g-api.service[115077]: DEBUG oslo_concurrency.processutils [-] Running cmd (subprocess): grep -F node.session.scan /sbin/iscsiadm {{(pid=115077) execute /opt/stack/data/venv/lib/python3.10/site-packages/oslo_concurrency/processutils.py:349}}
Mar 17 09:06:35 jammy-provider-cloud-0000008123 devstack@g-api.service[115076]: DEBUG oslo_concurrency.processutils [-] CMD "grep -F node.session.scan /sbin/iscsiadm" returned: 0 in 0.007s {{(pid=115076) execute /opt/stack/data/venv/lib/python3.10/site-packages/oslo_concurrency/processutils.py:372}}
Mar 17 09:06:35 jammy-provider-cloud-0000008123 devstack@g-api.service[115077]: DEBUG oslo_concurrency.processutils [-] CMD "grep -F node.session.scan /sbin/iscsiadm" returned: 0 in 0.007s {{(pid=115077) execute /opt/stack/data/venv/lib/python3.10/site-packages/oslo_concurrency/processutils.py:372}}
Mar 17 09:06:35 jammy-provider-cloud-0000008123 devstack@g-api.service[115076]: DEBUG glance_store.common.attachment_state_manager [-] Initialising _AttachmentStateManager {{(pid=115076) __init__ /opt/stack/data/venv/lib/python3.10/site-packages/glance_store/common/attachment_state_manager.py:86}}
Mar 17 09:06:35 jammy-provider-cloud-0000008123 devstack@g-api.service[115077]: DEBUG glance_store.common.attachment_state_manager [-] Initialising _AttachmentStateManager {{(pid=115077) __init__ /opt/stack/data/venv/lib/python3.10/site-packages/glance_store/common/attachment_state_manager.py:86}}
Mar 17 09:06:35 jammy-provider-cloud-0000008123 devstack@g-api.service[115076]: DEBUG glance_store.backend [-] Attempting to import store cinder {{(pid=115076) _load_store /opt/stack/data/venv/lib/python3.10/site-packages/glance_store/backend.py:216}}
Mar 17 09:06:35 jammy-provider-cloud-0000008123 devstack@g-api.service[115076]: DEBUG glance_store.backend [-] Attempting to import store file {{(pid=115076) _load_store /opt/stack/data/venv/lib/python3.10/site-packages/glance_store/backend.py:216}}
Mar 17 09:06:35 jammy-provider-cloud-0000008123 devstack@g-api.service[115076]: DEBUG glance_store.backend [-] Attempting to import store glance.store.cinder.Store {{(pid=115076) _load_store /opt/stack/data/venv/lib/python3.10/site-packages/glance_store/backend.py:216}}
Mar 17 09:06:35 jammy-provider-cloud-0000008123 devstack@g-api.service[115076]: DEBUG glance_store.backend [-] Attempting to import store glance.store.filesystem.Store {{(pid=115076) _load_store /opt/stack/data/venv/lib/python3.10/site-packages/glance_store/backend.py:216}}
Mar 17 09:06:35 jammy-provider-cloud-0000008123 devstack@g-api.service[115076]: DEBUG glance_store.backend [-] Attempting to import store glance.store.http.Store {{(pid=115076) _load_store /opt/stack/data/venv/lib/python3.10/site-packages/glance_store/backend.py:216}}
Mar 17 09:06:35 jammy-provider-cloud-0000008123 devstack@g-api.service[115076]: DEBUG glance_store.backend [-] Attempting to import store glance.store.rbd.Store {{(pid=115076) _load_store /opt/stack/data/venv/lib/python3.10/site-packages/glance_store/backend.py:216}}
Mar 17 09:06:35 jammy-provider-cloud-0000008123 devstack@g-api.service[115076]: DEBUG glance_store.backend [-] Attempting to import store glance.store.s3.Store {{(pid=115076) _load_store /opt/stack/data/venv/lib/python3.10/site-packages/glance_store/backend.py:216}}
Mar 17 09:06:35 jammy-provider-cloud-0000008123 devstack@g-api.service[115076]: DEBUG glance_store.backend [-] Attempting to import store glance.store.swift.Store {{(pid=115076) _load_store /opt/stack/data/venv/lib/python3.10/site-packages/glance_store/backend.py:216}}
Mar 17 09:06:35 jammy-provider-cloud-0000008123 devstack@g-api.service[115076]: DEBUG glance_store.backend [-] Attempting to import store glance.store.vmware_datastore.Store {{(pid=115076) _load_store /opt/stack/data/venv/lib/python3.10/site-packages/glance_store/backend.py:216}}
Mar 17 09:06:35 jammy-provider-cloud-0000008123 devstack@g-api.service[115076]: DEBUG glance_store.backend [-] Attempting to import store http {{(pid=115076) _load_store /opt/stack/data/venv/lib/python3.10/site-packages/glance_store/backend.py:216}}
Mar 17 09:06:35 jammy-provider-cloud-0000008123 devstack@g-api.service[115076]: DEBUG glance_store.backend [-] Attempting to import store no_conf {{(pid=115076) _load_store /opt/stack/data/venv/lib/python3.10/site-packages/glance_store/backend.py:216}}
Mar 17 09:06:35 jammy-provider-cloud-0000008123 devstack@g-api.service[115076]: DEBUG glance_store.backend [-] Attempting to import store rbd {{(pid=115076) _load_store /opt/stack/data/venv/lib/python3.10/site-packages/glance_store/backend.py:216}}
Mar 17 09:06:35 jammy-provider-cloud-0000008123 devstack@g-api.service[115076]: DEBUG glance_store.backend [-] Attempting to import store s3 {{(pid=115076) _load_store /opt/stack/data/venv/lib/python3.10/site-packages/glance_store/backend.py:216}}
Mar 17 09:06:35 jammy-provider-cloud-0000008123 devstack@g-api.service[115076]: DEBUG glance_store.backend [-] Attempting to import store swift {{(pid=115076) _load_store /opt/stack/data/venv/lib/python3.10/site-packages/glance_store/backend.py:216}}
Mar 17 09:06:35 jammy-provider-cloud-0000008123 devstack@g-api.service[115076]: DEBUG glance_store.backend [-] Attempting to import store vmware {{(pid=115076) _load_store /opt/stack/data/venv/lib/python3.10/site-packages/glance_store/backend.py:216}}
Mar 17 09:06:35 jammy-provider-cloud-0000008123 devstack@g-api.service[115076]: DEBUG glance_store.backend [-] Registering options for group glance_store {{(pid=115076) register_opts /opt/stack/data/venv/lib/python3.10/site-packages/glance_store/backend.py:145}}
Mar 17 09:06:35 jammy-provider-cloud-0000008123 devstack@g-api.service[115076]: DEBUG glance_store.backend [-] Registering options for group glance_store {{(pid=115076) register_opts /opt/stack/data/venv/lib/python3.10/site-packages/glance_store/backend.py:145}}
Mar 17 09:06:35 jammy-provider-cloud-0000008123 devstack@g-api.service[115076]: DEBUG glance_store.backend [-] Attempting to import store http {{(pid=115076) _load_store /opt/stack/data/venv/lib/python3.10/site-packages/glance_store/backend.py:216}}
Mar 17 09:06:35 jammy-provider-cloud-0000008123 devstack@g-api.service[115076]: DEBUG glance_store.capabilities [-] Store glance_store._drivers.http.Store doesn't support updating dynamic storage capabilities. Please overwrite 'update_capabilities' method of the store to implement updating logics if needed. {{(pid=115076) update_capabilities /opt/stack/data/venv/lib/python3.10/site-packages/glance_store/capabilities.py:91}}
Mar 17 09:06:35 jammy-provider-cloud-0000008123 devstack@g-api.service[115076]: DEBUG glance_store.backend [-] Registering store http with schemes ('http', 'https') {{(pid=115076) create_stores /opt/stack/data/venv/lib/python3.10/site-packages/glance_store/backend.py:262}}
Mar 17 09:06:35 jammy-provider-cloud-0000008123 devstack@g-api.service[115076]: DEBUG glance_store.driver [-] Late loading location class glance_store._drivers.http.StoreLocation {{(pid=115076) get_store_location_class /opt/stack/data/venv/lib/python3.10/site-packages/glance_store/driver.py:133}}
Mar 17 09:06:35 jammy-provider-cloud-0000008123 devstack@g-api.service[115076]: DEBUG glance_store.location [-] Registering scheme http with {'store': <glance_store._drivers.http.Store object at 0x7f930f10ba00>, 'location_class': <class 'glance_store._drivers.http.StoreLocation'>, 'store_entry': 'http'} {{(pid=115076) register_scheme_map /opt/stack/data/venv/lib/python3.10/site-packages/glance_store/location.py:146}}
Mar 17 09:06:35 jammy-provider-cloud-0000008123 devstack@g-api.service[115076]: DEBUG glance_store.location [-] Registering scheme https with {'store': <glance_store._drivers.http.Store object at 0x7f930f10ba00>, 'location_class': <class 'glance_store._drivers.http.StoreLocation'>, 'store_entry': 'http'} {{(pid=115076) register_scheme_map /opt/stack/data/venv/lib/python3.10/site-packages/glance_store/location.py:146}}
Mar 17 09:06:35 jammy-provider-cloud-0000008123 devstack@g-api.service[115076]: DEBUG glance_store.backend [-] Attempting to import store file {{(pid=115076) _load_store /opt/stack/data/venv/lib/python3.10/site-packages/glance_store/backend.py:216}}
Mar 17 09:06:35 jammy-provider-cloud-0000008123 devstack@g-api.service[115076]: DEBUG glance_store.capabilities [-] Store glance_store._drivers.filesystem.Store doesn't support updating dynamic storage capabilities. Please overwrite 'update_capabilities' method of the store to implement updating logics if needed. {{(pid=115076) update_capabilities /opt/stack/data/venv/lib/python3.10/site-packages/glance_store/capabilities.py:91}}
Mar 17 09:06:35 jammy-provider-cloud-0000008123 devstack@g-api.service[115076]: DEBUG glance_store.backend [-] Registering store file with schemes ('file', 'filesystem') {{(pid=115076) create_stores /opt/stack/data/venv/lib/python3.10/site-packages/glance_store/backend.py:262}}
Mar 17 09:06:35 jammy-provider-cloud-0000008123 devstack@g-api.service[115076]: DEBUG glance_store.driver [-] Late loading location class glance_store._drivers.filesystem.StoreLocation {{(pid=115076) get_store_location_class /opt/stack/data/venv/lib/python3.10/site-packages/glance_store/driver.py:133}}
Mar 17 09:06:35 jammy-provider-cloud-0000008123 devstack@g-api.service[115076]: DEBUG glance_store.location [-] Registering scheme file with {'store': <glance_store._drivers.filesystem.Store object at 0x7f930f10b610>, 'location_class': <class 'glance_store._drivers.filesystem.StoreLocation'>, 'store_entry': 'file'} {{(pid=115076) register_scheme_map /opt/stack/data/venv/lib/python3.10/site-packages/glance_store/location.py:146}}
Mar 17 09:06:35 jammy-provider-cloud-0000008123 devstack@g-api.service[115076]: DEBUG glance_store.location [-] Registering scheme filesystem with {'store': <glance_store._drivers.filesystem.Store object at 0x7f930f10b610>, 'location_class': <class 'glance_store._drivers.filesystem.StoreLocation'>, 'store_entry': 'file'} {{(pid=115076) register_scheme_map /opt/stack/data/venv/lib/python3.10/site-packages/glance_store/location.py:146}}
Mar 17 09:06:35 jammy-provider-cloud-0000008123 devstack@g-api.service[115077]: DEBUG glance_store.backend [-] Attempting to import store cinder {{(pid=115077) _load_store /opt/stack/data/venv/lib/python3.10/site-packages/glance_store/backend.py:216}}
Mar 17 09:06:35 jammy-provider-cloud-0000008123 devstack@g-api.service[115076]: DEBUG glance.sqlite_migration [-] SQLite caching database not located, skipping migration {{(pid=115076) get_db_path /opt/stack/glance/glance/sqlite_migration.py:68}}
Mar 17 09:06:35 jammy-provider-cloud-0000008123 devstack@g-api.service[115077]: DEBUG glance_store.backend [-] Attempting to import store file {{(pid=115077) _load_store /opt/stack/data/venv/lib/python3.10/site-packages/glance_store/backend.py:216}}
Mar 17 09:06:35 jammy-provider-cloud-0000008123 devstack@g-api.service[115077]: DEBUG glance_store.backend [-] Attempting to import store glance.store.cinder.Store {{(pid=115077) _load_store /opt/stack/data/venv/lib/python3.10/site-packages/glance_store/backend.py:216}}
Mar 17 09:06:35 jammy-provider-cloud-0000008123 devstack@g-api.service[115076]: WARNING glance.common.wsgi_app [-] Import methods are enabled but staging directory /tmp/staging/ does not exist; Imports will fail!
Mar 17 09:06:35 jammy-provider-cloud-0000008123 devstack@g-api.service[115077]: DEBUG glance_store.backend [-] Attempting to import store glance.store.filesystem.Store {{(pid=115077) _load_store /opt/stack/data/venv/lib/python3.10/site-packages/glance_store/backend.py:216}}
Mar 17 09:06:35 jammy-provider-cloud-0000008123 devstack@g-api.service[115077]: DEBUG glance_store.backend [-] Attempting to import store glance.store.http.Store {{(pid=115077) _load_store /opt/stack/data/venv/lib/python3.10/site-packages/glance_store/backend.py:216}}
Mar 17 09:06:35 jammy-provider-cloud-0000008123 devstack@g-api.service[115077]: DEBUG glance_store.backend [-] Attempting to import store glance.store.rbd.Store {{(pid=115077) _load_store /opt/stack/data/venv/lib/python3.10/site-packages/glance_store/backend.py:216}}
Mar 17 09:06:35 jammy-provider-cloud-0000008123 devstack@g-api.service[115077]: DEBUG glance_store.backend [-] Attempting to import store glance.store.s3.Store {{(pid=115077) _load_store /opt/stack/data/venv/lib/python3.10/site-packages/glance_store/backend.py:216}}
Mar 17 09:06:35 jammy-provider-cloud-0000008123 devstack@g-api.service[115077]: DEBUG glance_store.backend [-] Attempting to import store glance.store.swift.Store {{(pid=115077) _load_store /opt/stack/data/venv/lib/python3.10/site-packages/glance_store/backend.py:216}}
Mar 17 09:06:35 jammy-provider-cloud-0000008123 devstack@g-api.service[115077]: DEBUG glance_store.backend [-] Attempting to import store glance.store.vmware_datastore.Store {{(pid=115077) _load_store /opt/stack/data/venv/lib/python3.10/site-packages/glance_store/backend.py:216}}
Mar 17 09:06:35 jammy-provider-cloud-0000008123 devstack@g-api.service[115077]: DEBUG glance_store.backend [-] Attempting to import store http {{(pid=115077) _load_store /opt/stack/data/venv/lib/python3.10/site-packages/glance_store/backend.py:216}}
Mar 17 09:06:35 jammy-provider-cloud-0000008123 devstack@g-api.service[115077]: DEBUG glance_store.backend [-] Attempting to import store no_conf {{(pid=115077) _load_store /opt/stack/data/venv/lib/python3.10/site-packages/glance_store/backend.py:216}}
Mar 17 09:06:35 jammy-provider-cloud-0000008123 devstack@g-api.service[115077]: DEBUG glance_store.backend [-] Attempting to import store rbd {{(pid=115077) _load_store /opt/stack/data/venv/lib/python3.10/site-packages/glance_store/backend.py:216}}
Mar 17 09:06:35 jammy-provider-cloud-0000008123 devstack@g-api.service[115077]: DEBUG glance_store.backend [-] Attempting to import store s3 {{(pid=115077) _load_store /opt/stack/data/venv/lib/python3.10/site-packages/glance_store/backend.py:216}}
Mar 17 09:06:35 jammy-provider-cloud-0000008123 devstack@g-api.service[115077]: DEBUG glance_store.backend [-] Attempting to import store swift {{(pid=115077) _load_store /opt/stack/data/venv/lib/python3.10/site-packages/glance_store/backend.py:216}}
Mar 17 09:06:35 jammy-provider-cloud-0000008123 devstack@g-api.service[115077]: DEBUG glance_store.backend [-] Attempting to import store vmware {{(pid=115077) _load_store /opt/stack/data/venv/lib/python3.10/site-packages/glance_store/backend.py:216}}
Mar 17 09:06:35 jammy-provider-cloud-0000008123 devstack@g-api.service[115077]: DEBUG glance_store.backend [-] Registering options for group glance_store {{(pid=115077) register_opts /opt/stack/data/venv/lib/python3.10/site-packages/glance_store/backend.py:145}}
Mar 17 09:06:35 jammy-provider-cloud-0000008123 devstack@g-api.service[115077]: DEBUG glance_store.backend [-] Registering options for group glance_store {{(pid=115077) register_opts /opt/stack/data/venv/lib/python3.10/site-packages/glance_store/backend.py:145}}
Mar 17 09:06:35 jammy-provider-cloud-0000008123 devstack@g-api.service[115077]: DEBUG glance_store.backend [-] Attempting to import store http {{(pid=115077) _load_store /opt/stack/data/venv/lib/python3.10/site-packages/glance_store/backend.py:216}}
Mar 17 09:06:35 jammy-provider-cloud-0000008123 devstack@g-api.service[115077]: DEBUG glance_store.capabilities [-] Store glance_store._drivers.http.Store doesn't support updating dynamic storage capabilities. Please overwrite 'update_capabilities' method of the store to implement updating logics if needed. {{(pid=115077) update_capabilities /opt/stack/data/venv/lib/python3.10/site-packages/glance_store/capabilities.py:91}}
Mar 17 09:06:35 jammy-provider-cloud-0000008123 devstack@g-api.service[115077]: DEBUG glance_store.backend [-] Registering store http with schemes ('http', 'https') {{(pid=115077) create_stores /opt/stack/data/venv/lib/python3.10/site-packages/glance_store/backend.py:262}}
Mar 17 09:06:35 jammy-provider-cloud-0000008123 devstack@g-api.service[115077]: DEBUG glance_store.driver [-] Late loading location class glance_store._drivers.http.StoreLocation {{(pid=115077) get_store_location_class /opt/stack/data/venv/lib/python3.10/site-packages/glance_store/driver.py:133}}
Mar 17 09:06:35 jammy-provider-cloud-0000008123 devstack@g-api.service[115077]: DEBUG glance_store.location [-] Registering scheme http with {'store': <glance_store._drivers.http.Store object at 0x7f930f10bbe0>, 'location_class': <class 'glance_store._drivers.http.StoreLocation'>, 'store_entry': 'http'} {{(pid=115077) register_scheme_map /opt/stack/data/venv/lib/python3.10/site-packages/glance_store/location.py:146}}
Mar 17 09:06:35 jammy-provider-cloud-0000008123 devstack@g-api.service[115077]: DEBUG glance_store.location [-] Registering scheme https with {'store': <glance_store._drivers.http.Store object at 0x7f930f10bbe0>, 'location_class': <class 'glance_store._drivers.http.StoreLocation'>, 'store_entry': 'http'} {{(pid=115077) register_scheme_map /opt/stack/data/venv/lib/python3.10/site-packages/glance_store/location.py:146}}
Mar 17 09:06:35 jammy-provider-cloud-0000008123 devstack@g-api.service[115077]: DEBUG glance_store.backend [-] Attempting to import store file {{(pid=115077) _load_store /opt/stack/data/venv/lib/python3.10/site-packages/glance_store/backend.py:216}}
Mar 17 09:06:35 jammy-provider-cloud-0000008123 devstack@g-api.service[115077]: DEBUG glance_store.capabilities [-] Store glance_store._drivers.filesystem.Store doesn't support updating dynamic storage capabilities. Please overwrite 'update_capabilities' method of the store to implement updating logics if needed. {{(pid=115077) update_capabilities /opt/stack/data/venv/lib/python3.10/site-packages/glance_store/capabilities.py:91}}
Mar 17 09:06:35 jammy-provider-cloud-0000008123 devstack@g-api.service[115077]: DEBUG glance_store.backend [-] Registering store file with schemes ('file', 'filesystem') {{(pid=115077) create_stores /opt/stack/data/venv/lib/python3.10/site-packages/glance_store/backend.py:262}}
Mar 17 09:06:35 jammy-provider-cloud-0000008123 devstack@g-api.service[115077]: DEBUG glance_store.driver [-] Late loading location class glance_store._drivers.filesystem.StoreLocation {{(pid=115077) get_store_location_class /opt/stack/data/venv/lib/python3.10/site-packages/glance_store/driver.py:133}}
Mar 17 09:06:35 jammy-provider-cloud-0000008123 devstack@g-api.service[115077]: DEBUG glance_store.location [-] Registering scheme file with {'store': <glance_store._drivers.filesystem.Store object at 0x7f930f109840>, 'location_class': <class 'glance_store._drivers.filesystem.StoreLocation'>, 'store_entry': 'file'} {{(pid=115077) register_scheme_map /opt/stack/data/venv/lib/python3.10/site-packages/glance_store/location.py:146}}
Mar 17 09:06:35 jammy-provider-cloud-0000008123 devstack@g-api.service[115077]: DEBUG glance_store.location [-] Registering scheme filesystem with {'store': <glance_store._drivers.filesystem.Store object at 0x7f930f109840>, 'location_class': <class 'glance_store._drivers.filesystem.StoreLocation'>, 'store_entry': 'file'} {{(pid=115077) register_scheme_map /opt/stack/data/venv/lib/python3.10/site-packages/glance_store/location.py:146}}
Mar 17 09:06:35 jammy-provider-cloud-0000008123 devstack@g-api.service[115077]: DEBUG glance.sqlite_migration [-] SQLite caching database not located, skipping migration {{(pid=115077) get_db_path /opt/stack/glance/glance/sqlite_migration.py:68}}
Mar 17 09:06:35 jammy-provider-cloud-0000008123 devstack@g-api.service[115077]: WARNING glance.common.wsgi_app [-] Import methods are enabled but staging directory /tmp/staging/ does not exist; Imports will fail!
Mar 17 09:06:36 jammy-provider-cloud-0000008123 devstack@g-api.service[115076]: DEBUG glance.common.config [None req-66ad98b0-57f8-487a-9e2f-e04b1d59462c None None] Loading glance-api-keystone+cachemanagement from /etc/glance/glance-api-paste.ini {{(pid=115076) load_paste_app /opt/stack/glance/glance/common/config.py:750}}
Mar 17 09:06:36 jammy-provider-cloud-0000008123 devstack@g-api.service[115077]: DEBUG glance.common.config [None req-c78dba23-8d55-4670-b2e2-7553289d8b68 None None] Loading glance-api-keystone+cachemanagement from /etc/glance/glance-api-paste.ini {{(pid=115077) load_paste_app /opt/stack/glance/glance/common/config.py:750}}
Mar 17 09:06:36 jammy-provider-cloud-0000008123 devstack@g-api.service[115076]: INFO glance.image_cache [None req-66ad98b0-57f8-487a-9e2f-e04b1d59462c None None] Image cache loaded driver 'centralized_db'.
Mar 17 09:06:36 jammy-provider-cloud-0000008123 devstack@g-api.service[115077]: INFO glance.image_cache [None req-c78dba23-8d55-4670-b2e2-7553289d8b68 None None] Image cache loaded driver 'centralized_db'.
Mar 17 09:06:36 jammy-provider-cloud-0000008123 devstack@g-api.service[115077]: INFO dbcounter [None req-c78dba23-8d55-4670-b2e2-7553289d8b68 None None] Registered counter for database glance
Mar 17 09:06:36 jammy-provider-cloud-0000008123 devstack@g-api.service[115076]: INFO dbcounter [None req-66ad98b0-57f8-487a-9e2f-e04b1d59462c None None] Registered counter for database glance
Mar 17 09:06:36 jammy-provider-cloud-0000008123 devstack@g-api.service[115076]: DEBUG oslo_db.sqlalchemy.engines [None req-66ad98b0-57f8-487a-9e2f-e04b1d59462c None None] MySQL server mode set to STRICT_TRANS_TABLES,STRICT_ALL_TABLES,NO_ZERO_IN_DATE,NO_ZERO_DATE,ERROR_FOR_DIVISION_BY_ZERO,TRADITIONAL,NO_ENGINE_SUBSTITUTION {{(pid=115076) _check_effective_sql_mode /opt/stack/data/venv/lib/python3.10/site-packages/oslo_db/sqlalchemy/engines.py:397}}
Mar 17 09:06:36 jammy-provider-cloud-0000008123 devstack@g-api.service[115077]: DEBUG oslo_db.sqlalchemy.engines [None req-c78dba23-8d55-4670-b2e2-7553289d8b68 None None] MySQL server mode set to STRICT_TRANS_TABLES,STRICT_ALL_TABLES,NO_ZERO_IN_DATE,NO_ZERO_DATE,ERROR_FOR_DIVISION_BY_ZERO,TRADITIONAL,NO_ENGINE_SUBSTITUTION {{(pid=115077) _check_effective_sql_mode /opt/stack/data/venv/lib/python3.10/site-packages/oslo_db/sqlalchemy/engines.py:397}}
Mar 17 09:06:36 jammy-provider-cloud-0000008123 devstack@g-api.service[115076]: DEBUG dbcounter [-] [115076] Writer thread running {{(pid=115076) stat_writer /opt/stack/data/venv/lib/python3.10/site-packages/dbcounter.py:102}}
Mar 17 09:06:36 jammy-provider-cloud-0000008123 devstack@g-api.service[115077]: DEBUG dbcounter [-] [115077] Writer thread running {{(pid=115077) stat_writer /opt/stack/data/venv/lib/python3.10/site-packages/dbcounter.py:102}}
Mar 17 09:06:36 jammy-provider-cloud-0000008123 devstack@g-api.service[115077]: DEBUG glance.image_cache.drivers.centralized_db [None req-c78dba23-8d55-4670-b2e2-7553289d8b68 None None] Node reference is already recorded, ignoring it {{(pid=115077) configure /opt/stack/glance/glance/image_cache/drivers/centralized_db.py:71}}
Mar 17 09:06:36 jammy-provider-cloud-0000008123 devstack@g-api.service[115076]: INFO glance.image_cache [None req-66ad98b0-57f8-487a-9e2f-e04b1d59462c None None] Image cache loaded driver 'centralized_db'.
Mar 17 09:06:36 jammy-provider-cloud-0000008123 devstack@g-api.service[115077]: INFO glance.image_cache [None req-c78dba23-8d55-4670-b2e2-7553289d8b68 None None] Image cache loaded driver 'centralized_db'.
Mar 17 09:06:36 jammy-provider-cloud-0000008123 devstack@g-api.service[115076]: DEBUG glance.image_cache.drivers.centralized_db [None req-66ad98b0-57f8-487a-9e2f-e04b1d59462c None None] Node reference is already recorded, ignoring it {{(pid=115076) configure /opt/stack/glance/glance/image_cache/drivers/centralized_db.py:71}}
Mar 17 09:06:36 jammy-provider-cloud-0000008123 devstack@g-api.service[115076]: DEBUG glance.api.v2.cached_images [None req-66ad98b0-57f8-487a-9e2f-e04b1d59462c None None] Started cache worker thread {{(pid=115076) __init__ /opt/stack/glance/glance/api/v2/cached_images.py:69}}
Mar 17 09:06:36 jammy-provider-cloud-0000008123 devstack@g-api.service[115076]: INFO glance.image_cache [None req-66ad98b0-57f8-487a-9e2f-e04b1d59462c None None] Image cache loaded driver 'centralized_db'.
Mar 17 09:06:36 jammy-provider-cloud-0000008123 devstack@g-api.service[115077]: DEBUG glance.image_cache.drivers.centralized_db [None req-c78dba23-8d55-4670-b2e2-7553289d8b68 None None] Node reference is already recorded, ignoring it {{(pid=115077) configure /opt/stack/glance/glance/image_cache/drivers/centralized_db.py:71}}
Mar 17 09:06:36 jammy-provider-cloud-0000008123 devstack@g-api.service[115076]: DEBUG glance.image_cache.drivers.centralized_db [None req-66ad98b0-57f8-487a-9e2f-e04b1d59462c None None] Node reference is already recorded, ignoring it {{(pid=115076) configure /opt/stack/glance/glance/image_cache/drivers/centralized_db.py:71}}
Mar 17 09:06:36 jammy-provider-cloud-0000008123 devstack@g-api.service[115077]: DEBUG glance.api.v2.cached_images [None req-c78dba23-8d55-4670-b2e2-7553289d8b68 None None] Started cache worker thread {{(pid=115077) __init__ /opt/stack/glance/glance/api/v2/cached_images.py:69}}
Mar 17 09:06:36 jammy-provider-cloud-0000008123 devstack@g-api.service[115077]: INFO glance.image_cache [None req-c78dba23-8d55-4670-b2e2-7553289d8b68 None None] Image cache loaded driver 'centralized_db'.
Mar 17 09:06:36 jammy-provider-cloud-0000008123 devstack@g-api.service[115076]: INFO glance.api.middleware.cache_manage [None req-66ad98b0-57f8-487a-9e2f-e04b1d59462c None None] Initialized image cache management middleware
Mar 17 09:06:36 jammy-provider-cloud-0000008123 devstack@g-api.service[115076]: INFO glance.image_cache [None req-66ad98b0-57f8-487a-9e2f-e04b1d59462c None None] Image cache loaded driver 'centralized_db'.
Mar 17 09:06:36 jammy-provider-cloud-0000008123 devstack@g-api.service[115077]: DEBUG glance.image_cache.drivers.centralized_db [None req-c78dba23-8d55-4670-b2e2-7553289d8b68 None None] Node reference is already recorded, ignoring it {{(pid=115077) configure /opt/stack/glance/glance/image_cache/drivers/centralized_db.py:71}}
Mar 17 09:06:36 jammy-provider-cloud-0000008123 devstack@g-api.service[115076]: DEBUG glance.image_cache.drivers.centralized_db [None req-66ad98b0-57f8-487a-9e2f-e04b1d59462c None None] Node reference is already recorded, ignoring it {{(pid=115076) configure /opt/stack/glance/glance/image_cache/drivers/centralized_db.py:71}}
Mar 17 09:06:36 jammy-provider-cloud-0000008123 devstack@g-api.service[115077]: INFO glance.api.middleware.cache_manage [None req-c78dba23-8d55-4670-b2e2-7553289d8b68 None None] Initialized image cache management middleware
Mar 17 09:06:36 jammy-provider-cloud-0000008123 devstack@g-api.service[115077]: INFO glance.image_cache [None req-c78dba23-8d55-4670-b2e2-7553289d8b68 None None] Image cache loaded driver 'centralized_db'.
Mar 17 09:06:36 jammy-provider-cloud-0000008123 devstack@g-api.service[115076]: INFO glance.api.middleware.cache [None req-66ad98b0-57f8-487a-9e2f-e04b1d59462c None None] Initialized image cache middleware
Mar 17 09:06:36 jammy-provider-cloud-0000008123 devstack@g-api.service[115076]: WARNING keystonemiddleware.auth_token [None req-66ad98b0-57f8-487a-9e2f-e04b1d59462c None None] AuthToken middleware is set with keystone_authtoken.service_token_roles_required set to False. This is backwards compatible but deprecated behaviour. Please set this to True.
Mar 17 09:06:36 jammy-provider-cloud-0000008123 devstack@g-api.service[115077]: DEBUG glance.image_cache.drivers.centralized_db [None req-c78dba23-8d55-4670-b2e2-7553289d8b68 None None] Node reference is already recorded, ignoring it {{(pid=115077) configure /opt/stack/glance/glance/image_cache/drivers/centralized_db.py:71}}
Mar 17 09:06:36 jammy-provider-cloud-0000008123 devstack@g-api.service[115076]: WARNING keystonemiddleware.auth_token [None req-66ad98b0-57f8-487a-9e2f-e04b1d59462c None None] Configuring www_authenticate_uri to point to the public identity endpoint is required; clients may not be able to authenticate against an admin endpoint
Mar 17 09:06:36 jammy-provider-cloud-0000008123 devstack@g-api.service[115077]: INFO glance.api.middleware.cache [None req-c78dba23-8d55-4670-b2e2-7553289d8b68 None None] Initialized image cache middleware
Mar 17 09:06:36 jammy-provider-cloud-0000008123 devstack@g-api.service[115076]: DEBUG glance.common.config [None req-66ad98b0-57f8-487a-9e2f-e04b1d59462c None None] ******************************************************************************** {{(pid=115076) log_opt_values /opt/stack/data/venv/lib/python3.10/site-packages/oslo_config/cfg.py:2804}}
Mar 17 09:06:36 jammy-provider-cloud-0000008123 devstack@g-api.service[115076]: DEBUG glance.common.config [None req-66ad98b0-57f8-487a-9e2f-e04b1d59462c None None] Configuration options gathered from: {{(pid=115076) log_opt_values /opt/stack/data/venv/lib/python3.10/site-packages/oslo_config/cfg.py:2805}}
Mar 17 09:06:36 jammy-provider-cloud-0000008123 devstack@g-api.service[115076]: DEBUG glance.common.config [None req-66ad98b0-57f8-487a-9e2f-e04b1d59462c None None] command line args: [] {{(pid=115076) log_opt_values /opt/stack/data/venv/lib/python3.10/site-packages/oslo_config/cfg.py:2806}}
Mar 17 09:06:36 jammy-provider-cloud-0000008123 devstack@g-api.service[115076]: DEBUG glance.common.config [None req-66ad98b0-57f8-487a-9e2f-e04b1d59462c None None] config files: ['/etc/glance/glance-image-import.conf', '/etc/glance/glance-api.conf'] {{(pid=115076) log_opt_values /opt/stack/data/venv/lib/python3.10/site-packages/oslo_config/cfg.py:2807}}
Mar 17 09:06:36 jammy-provider-cloud-0000008123 devstack@g-api.service[115076]: DEBUG glance.common.config [None req-66ad98b0-57f8-487a-9e2f-e04b1d59462c None None] ================================================================================ {{(pid=115076) log_opt_values /opt/stack/data/venv/lib/python3.10/site-packages/oslo_config/cfg.py:2809}}
Mar 17 09:06:36 jammy-provider-cloud-0000008123 devstack@g-api.service[115076]: DEBUG glance.common.config [None req-66ad98b0-57f8-487a-9e2f-e04b1d59462c None None] allow_anonymous_access         = False {{(pid=115076) log_opt_values /opt/stack/data/venv/lib/python3.10/site-packages/oslo_config/cfg.py:2817}}
Mar 17 09:06:36 jammy-provider-cloud-0000008123 devstack@g-api.service[115076]: DEBUG glance.common.config [None req-66ad98b0-57f8-487a-9e2f-e04b1d59462c None None] api_limit_max                  = 1000 {{(pid=115076) log_opt_values /opt/stack/data/venv/lib/python3.10/site-packages/oslo_config/cfg.py:2817}}
Mar 17 09:06:36 jammy-provider-cloud-0000008123 devstack@g-api.service[115076]: DEBUG glance.common.config [None req-66ad98b0-57f8-487a-9e2f-e04b1d59462c None None] backlog                        = 4096 {{(pid=115076) log_opt_values /opt/stack/data/venv/lib/python3.10/site-packages/oslo_config/cfg.py:2817}}
Mar 17 09:06:36 jammy-provider-cloud-0000008123 devstack@g-api.service[115076]: DEBUG glance.common.config [None req-66ad98b0-57f8-487a-9e2f-e04b1d59462c None None] bind_host                      = 0.0.0.0 {{(pid=115076) log_opt_values /opt/stack/data/venv/lib/python3.10/site-packages/oslo_config/cfg.py:2817}}
Mar 17 09:06:36 jammy-provider-cloud-0000008123 devstack@g-api.service[115076]: DEBUG glance.common.config [None req-66ad98b0-57f8-487a-9e2f-e04b1d59462c None None] bind_port                      = None {{(pid=115076) log_opt_values /opt/stack/data/venv/lib/python3.10/site-packages/oslo_config/cfg.py:2817}}
Mar 17 09:06:36 jammy-provider-cloud-0000008123 devstack@g-api.service[115076]: DEBUG glance.common.config [None req-66ad98b0-57f8-487a-9e2f-e04b1d59462c None None] client_socket_timeout          = 900 {{(pid=115076) log_opt_values /opt/stack/data/venv/lib/python3.10/site-packages/oslo_config/cfg.py:2817}}
Mar 17 09:06:36 jammy-provider-cloud-0000008123 devstack@g-api.service[115076]: DEBUG glance.common.config [None req-66ad98b0-57f8-487a-9e2f-e04b1d59462c None None] config_dir                     = [] {{(pid=115076) log_opt_values /opt/stack/data/venv/lib/python3.10/site-packages/oslo_config/cfg.py:2817}}
Mar 17 09:06:36 jammy-provider-cloud-0000008123 devstack@g-api.service[115076]: DEBUG glance.common.config [None req-66ad98b0-57f8-487a-9e2f-e04b1d59462c None None] config_file                    = ['/etc/glance/glance-image-import.conf', '/etc/glance/glance-api.conf'] {{(pid=115076) log_opt_values /opt/stack/data/venv/lib/python3.10/site-packages/oslo_config/cfg.py:2817}}
Mar 17 09:06:36 jammy-provider-cloud-0000008123 devstack@g-api.service[115076]: DEBUG glance.common.config [None req-66ad98b0-57f8-487a-9e2f-e04b1d59462c None None] config_source                  = [] {{(pid=115076) log_opt_values /opt/stack/data/venv/lib/python3.10/site-packages/oslo_config/cfg.py:2817}}
Mar 17 09:06:36 jammy-provider-cloud-0000008123 devstack@g-api.service[115076]: DEBUG glance.common.config [None req-66ad98b0-57f8-487a-9e2f-e04b1d59462c None None] control_exchange               = glance {{(pid=115076) log_opt_values /opt/stack/data/venv/lib/python3.10/site-packages/oslo_config/cfg.py:2817}}
Mar 17 09:06:36 jammy-provider-cloud-0000008123 devstack@g-api.service[115076]: DEBUG glance.common.config [None req-66ad98b0-57f8-487a-9e2f-e04b1d59462c None None] debug                          = True {{(pid=115076) log_opt_values /opt/stack/data/venv/lib/python3.10/site-packages/oslo_config/cfg.py:2817}}
Mar 17 09:06:36 jammy-provider-cloud-0000008123 devstack@g-api.service[115076]: DEBUG glance.common.config [None req-66ad98b0-57f8-487a-9e2f-e04b1d59462c None None] default_log_levels             = ['amqp=WARN', 'amqplib=WARN', 'boto=WARN', 'qpid=WARN', 'sqlalchemy=WARN', 'suds=INFO', 'oslo.messaging=INFO', 'oslo_messaging=INFO', 'iso8601=WARN', 'requests.packages.urllib3.connectionpool=WARN', 'urllib3.connectionpool=WARN', 'websocket=WARN', 'requests.packages.urllib3.util.retry=WARN', 'urllib3.util.retry=WARN', 'keystonemiddleware=WARN', 'routes.middleware=WARN', 'stevedore=WARN', 'taskflow=WARN', 'keystoneauth=WARN', 'oslo.cache=INFO', 'oslo_policy=INFO', 'dogpile.core.dogpile=INFO'] {{(pid=115076) log_opt_values /opt/stack/data/venv/lib/python3.10/site-packages/oslo_config/cfg.py:2817}}
Mar 17 09:06:36 jammy-provider-cloud-0000008123 devstack@g-api.service[115076]: DEBUG glance.common.config [None req-66ad98b0-57f8-487a-9e2f-e04b1d59462c None None] default_publisher_id           = image.localhost {{(pid=115076) log_opt_values /opt/stack/data/venv/lib/python3.10/site-packages/oslo_config/cfg.py:2817}}
Mar 17 09:06:36 jammy-provider-cloud-0000008123 devstack@g-api.service[115076]: DEBUG glance.common.config [None req-66ad98b0-57f8-487a-9e2f-e04b1d59462c None None] delayed_delete                 = False {{(pid=115076) log_opt_values /opt/stack/data/venv/lib/python3.10/site-packages/oslo_config/cfg.py:2817}}
Mar 17 09:06:36 jammy-provider-cloud-0000008123 devstack@g-api.service[115076]: DEBUG glance.common.config [None req-66ad98b0-57f8-487a-9e2f-e04b1d59462c None None] digest_algorithm               = sha256 {{(pid=115076) log_opt_values /opt/stack/data/venv/lib/python3.10/site-packages/oslo_config/cfg.py:2817}}
Mar 17 09:06:36 jammy-provider-cloud-0000008123 devstack@g-api.service[115076]: DEBUG glance.common.config [None req-66ad98b0-57f8-487a-9e2f-e04b1d59462c None None] disabled_notifications         = [] {{(pid=115076) log_opt_values /opt/stack/data/venv/lib/python3.10/site-packages/oslo_config/cfg.py:2817}}
Mar 17 09:06:36 jammy-provider-cloud-0000008123 devstack@g-api.service[115076]: DEBUG glance.common.config [None req-66ad98b0-57f8-487a-9e2f-e04b1d59462c None None] do_secure_hash                 = True {{(pid=115076) log_opt_values /opt/stack/data/venv/lib/python3.10/site-packages/oslo_config/cfg.py:2817}}
Mar 17 09:06:36 jammy-provider-cloud-0000008123 devstack@g-api.service[115076]: DEBUG glance.common.config [None req-66ad98b0-57f8-487a-9e2f-e04b1d59462c None None] enabled_backends               = None {{(pid=115076) log_opt_values /opt/stack/data/venv/lib/python3.10/site-packages/oslo_config/cfg.py:2817}}
Mar 17 09:06:36 jammy-provider-cloud-0000008123 devstack@g-api.service[115076]: DEBUG glance.common.config [None req-66ad98b0-57f8-487a-9e2f-e04b1d59462c None None] enabled_import_methods         = ['glance-direct', 'web-download', 'copy-image'] {{(pid=115076) log_opt_values /opt/stack/data/venv/lib/python3.10/site-packages/oslo_config/cfg.py:2817}}
Mar 17 09:06:36 jammy-provider-cloud-0000008123 devstack@g-api.service[115076]: DEBUG glance.common.config [None req-66ad98b0-57f8-487a-9e2f-e04b1d59462c None None] hashing_algorithm              = sha512 {{(pid=115076) log_opt_values /opt/stack/data/venv/lib/python3.10/site-packages/oslo_config/cfg.py:2817}}
Mar 17 09:06:36 jammy-provider-cloud-0000008123 devstack@g-api.service[115076]: DEBUG glance.common.config [None req-66ad98b0-57f8-487a-9e2f-e04b1d59462c None None] http_keepalive                 = True {{(pid=115076) log_opt_values /opt/stack/data/venv/lib/python3.10/site-packages/oslo_config/cfg.py:2817}}
Mar 17 09:06:36 jammy-provider-cloud-0000008123 devstack@g-api.service[115076]: DEBUG glance.common.config [None req-66ad98b0-57f8-487a-9e2f-e04b1d59462c None None] http_retries                   = 3 {{(pid=115076) log_opt_values /opt/stack/data/venv/lib/python3.10/site-packages/oslo_config/cfg.py:2817}}
Mar 17 09:06:36 jammy-provider-cloud-0000008123 devstack@g-api.service[115076]: DEBUG glance.common.config [None req-66ad98b0-57f8-487a-9e2f-e04b1d59462c None None] image_cache_dir                = /opt/stack/data/glance/cache/ {{(pid=115076) log_opt_values /opt/stack/data/venv/lib/python3.10/site-packages/oslo_config/cfg.py:2817}}
Mar 17 09:06:36 jammy-provider-cloud-0000008123 devstack@g-api.service[115076]: DEBUG glance.common.config [None req-66ad98b0-57f8-487a-9e2f-e04b1d59462c None None] image_cache_driver             = centralized_db {{(pid=115076) log_opt_values /opt/stack/data/venv/lib/python3.10/site-packages/oslo_config/cfg.py:2817}}
Mar 17 09:06:36 jammy-provider-cloud-0000008123 devstack@g-api.service[115076]: DEBUG glance.common.config [None req-66ad98b0-57f8-487a-9e2f-e04b1d59462c None None] image_cache_max_size           = 10737418240 {{(pid=115076) log_opt_values /opt/stack/data/venv/lib/python3.10/site-packages/oslo_config/cfg.py:2817}}
Mar 17 09:06:36 jammy-provider-cloud-0000008123 devstack@g-api.service[115076]: DEBUG glance.common.config [None req-66ad98b0-57f8-487a-9e2f-e04b1d59462c None None] image_cache_sqlite_db          = cache.db {{(pid=115076) log_opt_values /opt/stack/data/venv/lib/python3.10/site-packages/oslo_config/cfg.py:2817}}
Mar 17 09:06:36 jammy-provider-cloud-0000008123 devstack@g-api.service[115076]: DEBUG glance.common.config [None req-66ad98b0-57f8-487a-9e2f-e04b1d59462c None None] image_cache_stall_time         = 86400 {{(pid=115076) log_opt_values /opt/stack/data/venv/lib/python3.10/site-packages/oslo_config/cfg.py:2817}}
Mar 17 09:06:36 jammy-provider-cloud-0000008123 devstack@g-api.service[115076]: DEBUG glance.common.config [None req-66ad98b0-57f8-487a-9e2f-e04b1d59462c None None] image_location_quota           = 10 {{(pid=115076) log_opt_values /opt/stack/data/venv/lib/python3.10/site-packages/oslo_config/cfg.py:2817}}
Mar 17 09:06:36 jammy-provider-cloud-0000008123 devstack@g-api.service[115076]: DEBUG glance.common.config [None req-66ad98b0-57f8-487a-9e2f-e04b1d59462c None None] image_member_quota             = 128 {{(pid=115076) log_opt_values /opt/stack/data/venv/lib/python3.10/site-packages/oslo_config/cfg.py:2817}}
Mar 17 09:06:36 jammy-provider-cloud-0000008123 devstack@g-api.service[115077]: WARNING keystonemiddleware.auth_token [None req-c78dba23-8d55-4670-b2e2-7553289d8b68 None None] AuthToken middleware is set with keystone_authtoken.service_token_roles_required set to False. This is backwards compatible but deprecated behaviour. Please set this to True.
Mar 17 09:06:36 jammy-provider-cloud-0000008123 devstack@g-api.service[115076]: DEBUG glance.common.config [None req-66ad98b0-57f8-487a-9e2f-e04b1d59462c None None] image_property_quota           = 128 {{(pid=115076) log_opt_values /opt/stack/data/venv/lib/python3.10/site-packages/oslo_config/cfg.py:2817}}
Mar 17 09:06:36 jammy-provider-cloud-0000008123 devstack@g-api.service[115076]: DEBUG glance.common.config [None req-66ad98b0-57f8-487a-9e2f-e04b1d59462c None None] image_size_cap                 = 1099511627776 {{(pid=115076) log_opt_values /opt/stack/data/venv/lib/python3.10/site-packages/oslo_config/cfg.py:2817}}
Mar 17 09:06:36 jammy-provider-cloud-0000008123 devstack@g-api.service[115076]: DEBUG glance.common.config [None req-66ad98b0-57f8-487a-9e2f-e04b1d59462c None None] image_tag_quota                = 128 {{(pid=115076) log_opt_values /opt/stack/data/venv/lib/python3.10/site-packages/oslo_config/cfg.py:2817}}
Mar 17 09:06:36 jammy-provider-cloud-0000008123 devstack@g-api.service[115076]: DEBUG glance.common.config [None req-66ad98b0-57f8-487a-9e2f-e04b1d59462c None None] instance_format                = [instance: %(uuid)s]  {{(pid=115076) log_opt_values /opt/stack/data/venv/lib/python3.10/site-packages/oslo_config/cfg.py:2817}}
Mar 17 09:06:36 jammy-provider-cloud-0000008123 devstack@g-api.service[115076]: DEBUG glance.common.config [None req-66ad98b0-57f8-487a-9e2f-e04b1d59462c None None] instance_uuid_format           = [instance: %(uuid)s]  {{(pid=115076) log_opt_values /opt/stack/data/venv/lib/python3.10/site-packages/oslo_config/cfg.py:2817}}
Mar 17 09:06:36 jammy-provider-cloud-0000008123 devstack@g-api.service[115076]: DEBUG glance.common.config [None req-66ad98b0-57f8-487a-9e2f-e04b1d59462c None None] limit_param_default            = 25 {{(pid=115076) log_opt_values /opt/stack/data/venv/lib/python3.10/site-packages/oslo_config/cfg.py:2817}}
Mar 17 09:06:36 jammy-provider-cloud-0000008123 devstack@g-api.service[115076]: DEBUG glance.common.config [None req-66ad98b0-57f8-487a-9e2f-e04b1d59462c None None] log_color                      = True {{(pid=115076) log_opt_values /opt/stack/data/venv/lib/python3.10/site-packages/oslo_config/cfg.py:2817}}
Mar 17 09:06:36 jammy-provider-cloud-0000008123 devstack@g-api.service[115076]: DEBUG glance.common.config [None req-66ad98b0-57f8-487a-9e2f-e04b1d59462c None None] log_config_append              = None {{(pid=115076) log_opt_values /opt/stack/data/venv/lib/python3.10/site-packages/oslo_config/cfg.py:2817}}
Mar 17 09:06:36 jammy-provider-cloud-0000008123 devstack@g-api.service[115076]: DEBUG glance.common.config [None req-66ad98b0-57f8-487a-9e2f-e04b1d59462c None None] log_date_format                = %Y-%m-%d %H:%M:%S {{(pid=115076) log_opt_values /opt/stack/data/venv/lib/python3.10/site-packages/oslo_config/cfg.py:2817}}
Mar 17 09:06:36 jammy-provider-cloud-0000008123 devstack@g-api.service[115076]: DEBUG glance.common.config [None req-66ad98b0-57f8-487a-9e2f-e04b1d59462c None None] log_dir                        = None {{(pid=115076) log_opt_values /opt/stack/data/venv/lib/python3.10/site-packages/oslo_config/cfg.py:2817}}
Mar 17 09:06:36 jammy-provider-cloud-0000008123 devstack@g-api.service[115076]: DEBUG glance.common.config [None req-66ad98b0-57f8-487a-9e2f-e04b1d59462c None None] log_file                       = None {{(pid=115076) log_opt_values /opt/stack/data/venv/lib/python3.10/site-packages/oslo_config/cfg.py:2817}}
Mar 17 09:06:36 jammy-provider-cloud-0000008123 devstack@g-api.service[115076]: DEBUG glance.common.config [None req-66ad98b0-57f8-487a-9e2f-e04b1d59462c None None] log_rotate_interval            = 1 {{(pid=115076) log_opt_values /opt/stack/data/venv/lib/python3.10/site-packages/oslo_config/cfg.py:2817}}
Mar 17 09:06:36 jammy-provider-cloud-0000008123 devstack@g-api.service[115076]: DEBUG glance.common.config [None req-66ad98b0-57f8-487a-9e2f-e04b1d59462c None None] log_rotate_interval_type       = days {{(pid=115076) log_opt_values /opt/stack/data/venv/lib/python3.10/site-packages/oslo_config/cfg.py:2817}}
Mar 17 09:06:36 jammy-provider-cloud-0000008123 devstack@g-api.service[115076]: DEBUG glance.common.config [None req-66ad98b0-57f8-487a-9e2f-e04b1d59462c None None] log_rotation_type              = none {{(pid=115076) log_opt_values /opt/stack/data/venv/lib/python3.10/site-packages/oslo_config/cfg.py:2817}}
Mar 17 09:06:36 jammy-provider-cloud-0000008123 devstack@g-api.service[115076]: DEBUG glance.common.config [None req-66ad98b0-57f8-487a-9e2f-e04b1d59462c None None] logging_context_format_string  = %(color)s%(levelname)s %(name)s [%(global_request_id)s %(request_id)s %(project_name)s %(user_name)s%(color)s] %(instance)s%(color)s%(message)s {{(pid=115076) log_opt_values /opt/stack/data/venv/lib/python3.10/site-packages/oslo_config/cfg.py:2817}}
Mar 17 09:06:36 jammy-provider-cloud-0000008123 devstack@g-api.service[115076]: DEBUG glance.common.config [None req-66ad98b0-57f8-487a-9e2f-e04b1d59462c None None] logging_debug_format_suffix    = {{(pid=%(process)d) %(funcName)s %(pathname)s:%(lineno)d}} {{(pid=115076) log_opt_values /opt/stack/data/venv/lib/python3.10/site-packages/oslo_config/cfg.py:2817}}
