"pcp-dstat 6.2.0 CSV Output"
"Author:","PCP team <pcp@groups.io> and Dag Wieers <dag@wieers.com>",,,,"URL:","https://pcp.io/ and http://dag.wieers.com/home-made/dstat/"
"Host:","ubuntu",,,,"User:","ubuntu"
"Cmdline:","dstat -tcmndrylpg --tcp --output /tmp/devstack_logs/dstat-csv.log",,,,"Date:","25 Jun 2026 23:19:10 UTC"
"system","total usage",,,,,"memory usage",,,,"net/total",,"dsk/total",,"io/total",,"system",,"load avg",,,"procs",,,"paging",,"tcp sockets",,,,
"time","total usage:usr","total usage:sys","total usage:idl","total usage:wai","total usage:stl","used","free","buf","cach","net/total:recv","net/total:send","dsk/total:read","dsk/total:writ","read","writ","int","csw","1m","5m","15m","run","blk","new","in","out","lis","act","syn","tim","clo"
25-06 23:19:10,,992396,1422020,168104,5225140,,,,,,,1.670,1.010,0.600,1,0,,,,10,4,0,17,0
25-06 23:19:11,7.996,19.990,70.215,0,0,1009212,1405172,168108,5225168,4576.733,1037.486,0,199.901,0,11.994,4670,2996,1.670,1.010,0.600,2,0,251.875,0,0,10,4,0,17,0
25-06 23:19:12,21.749,21.499,54.247,0,0,1012908,1401036,168184,5225492,22798.646,7648.546,0,815.952,0,25.998,5489,3699,1.670,1.010,0.600,2,0,329.980,0,0,10,5,0,17,0
25-06 23:19:13,14.469,22.701,61.367,0.249,0,1016428,1397148,168252,5226144,22614.161,6742.439,0,654.586,0,23.948,5631,4484,1.670,1.010,0.600,2,0,277.401,0,0,10,6,0,17,0
25-06 23:19:14,26.494,17.996,53.738,0.750,0,1019644,1393104,168464,5226632,36761.949,16969.284,0,12093.351,0,426.907,5420,4675,1.670,1.010,0.600,3,0,228.950,0,0,10,5,0,17,1
25-06 23:19:15,30.298,12.770,55.588,0.501,0,1174976,1236812,168640,5351568,42268.903,14238.537,32.051,1590.517,3.005,52.082,4738,4782,1.610,1.010,0.600,0,0,106.168,0,0,11,5,1,17,1
25-06 23:19:16,28.702,10.982,58.651,0.250,0,1190736,1220460,168772,5351948,19213.653,9828.453,0,1313.788,0,43.926,3733,2565,1.610,1.010,0.600,2,0,106.820,0,0,11,7,1,17,1
25-06 23:19:17,32.076,14.033,52.124,0.752,0,1192284,1194220,169112,5375128,180717.913,12914.651,16.038,2481.890,1.002,83.197,4863,3593,1.610,1.010,0.600,2,0,176.419,0,0,11,6,1,19,2
25-06 23:19:18,42.173,6.488,48.661,0.499,0.250,1243916,1120816,170236,5392812,5450.070,1690.919,15.971,3856.973,0.998,73.865,3119,2042,1.610,1.010,0.600,2,0,0,0,0,11,6,1,19,2
25-06 23:19:19,44.055,5.006,48.060,1.001,0,1275264,1067824,170716,5411740,5947.388,1696.107,0,3548.408,0,183.228,3346,2425,1.610,1.010,0.600,2,1,1.001,0,0,11,8,1,19,2
25-06 23:19:20,31.534,7.258,44.798,13.264,0,1271968,1041572,172844,5436188,5045.457,1695.834,0,43539.089,0,2904.141,13845,25215,1.730,1.040,0.610,1,1,51.055,0,0,11,8,1,19,2
25-06 23:19:21,38.717,7.993,42.214,8.743,0.250,1208800,1071756,174256,5464812,5292.476,1618.617,0,45940.734,0,2955.474,11906,21061,1.730,1.040,0.610,3,0,41.964,0,0,11,6,1,19,2
25-06 23:19:22,40.541,9.259,48.549,1.001,0,1282920,1005584,174856,5455048,4995.067,2164.196,0,2858.900,0,204.207,3844,2627,1.730,1.040,0.610,2,0,65.066,0,0,11,4,1,19,0
25-06 23:19:23,39.887,6.232,50.856,0.997,0,1356332,932096,174932,5455064,11571.294,4482.331,0,8551.828,0,553.436,3685,3504,1.730,1.040,0.610,3,0,32.907,0,0,11,5,1,19,0
25-06 23:19:24,43.828,7.012,48.587,0.250,0,1307972,973212,175064,5461340,4652.290,1731.085,0,2067.685,0,153.273,3093,1646,1.730,1.040,0.610,2,0,14.025,0,0,11,4,1,19,0
25-06 23:19:25,44.978,8.246,44.978,0,0,1332852,946908,175108,5462472,4797.701,1619.224,0,87.958,0,1.000,8877,15265,1.750,1.060,0.620,4,0,12.994,0,0,11,4,1,19,0
25-06 23:19:26,39.057,14.271,45.566,0,0,1297896,981712,175116,5462580,4809.991,1642.387,0,176.256,0,2.003,12714,20116,1.750,1.060,0.620,3,0,164.239,0,0,11,4,1,19,0
25-06 23:19:27,28.487,25.988,43.980,0.250,0,1226888,1060820,175124,5455228,5909.364,1511.326,0,3246.552,0,245.890,6152,4641,1.750,1.060,0.620,3,0,413.815,0,0,11,4,1,19,0
25-06 23:19:28,26.010,21.008,52.271,0,0,1188308,1099204,175124,5455800,6440.578,1500.601,0,24.010,0,6.002,6531,7107,1.750,1.060,0.620,3,0,320.128,0,0,11,4,1,19,0
25-06 23:19:29,39.345,13.198,46.317,0,0,1212036,1075436,175124,5455856,5199.456,1613.624,0,2645.547,0,17.929,4026,2919,1.750,1.060,0.620,3,0,130.484,0,0,11,5,1,13,0
25-06 23:19:30,47.597,4.509,47.597,0,0,1274660,1012376,175144,5456272,4226.593,1460.970,0,13407.257,0,87.177,2906,1415,1.770,1.070,0.630,2,0,0,0,0,11,5,1,13,0
25-06 23:19:31,44.020,8.754,45.771,1.000,0,1294716,990228,175180,5458320,4777.177,1458.665,0,3389.545,0,231.105,3588,3676,1.770,1.070,0.630,3,0,0,0,0,11,5,1,13,0
25-06 23:19:32,6.749,7.499,84.986,0,0,1300860,983664,175180,5458720,4619.248,1619.736,0,0,0,0,2888,2765,1.770,1.070,0.630,0,0,117.981,0,0,11,4,1,14,0
25-06 23:19:33,16.977,5.742,76.644,0,0,1346716,937800,175192,5458724,4272.102,1455.990,0,0,0,0,1911,1566,1.770,1.070,0.630,1,0,21.970,0,0,11,4,1,14,0
25-06 23:19:34,22.985,2.748,73.204,0,0,1386228,898288,175192,5458724,4317.268,1618.976,0,375.762,0,4.997,1763,1230,1.770,1.070,0.630,1,0,0,0,0,11,4,1,14,0
25-06 23:19:35,23.817,3.510,71.452,0.752,0,1407804,876468,175208,5458952,4530.836,1536.353,0,16683.265,0,247.702,2967,3070,1.710,1.070,0.630,2,1,2.006,0,0,11,10,1,14,0
25-06 23:19:36,19.214,7.237,70.119,0.998,0,1318736,965492,175224,5458980,4987.707,1616.987,0,3325.804,0,270.496,3670,4203,1.710,1.070,0.630,1,0,42.920,0,0,11,4,1,16,0
25-06 23:19:37,23.012,2.751,73.540,0.250,0,1376840,907192,175224,5459164,5052.740,1620.879,0,672.365,0,23.012,1768,1233,1.710,1.070,0.630,1,0,0,0,0,11,4,1,16,0
25-06 23:19:38,18.511,2.501,77.046,0.750,0,1381272,902208,175268,5459532,9719.773,6352.773,268.159,3866.296,66.039,137.081,2685,2785,1.710,1.070,0.630,1,0,1.001,0,0,11,25,1,16,0
25-06 23:19:39,19.496,4.999,73.985,0,0,1382480,900976,175268,5459552,8686.189,5154.925,0,7.998,0,1.000,2650,2063,1.710,1.070,0.630,1,0,44.991,0,0,11,28,1,17,0
25-06 23:19:40,20.485,3.997,74.197,0.500,0,1449968,833488,175268,5459552,6218.585,3583.456,0,27632.383,0,218.845,2313,1905,1.650,1.070,0.630,0,0,0,0,0,11,29,1,17,0
25-06 23:19:41,16.525,6.009,76.614,0,0,1428592,854848,175268,5459568,10681.929,6648.915,0,0,0,0,2719,2117,1.650,1.070,0.630,1,0,62.093,0,0,11,28,1,16,0
25-06 23:19:42,38.502,11.501,49.003,0,0,1505212,778216,175268,5459580,4758.256,1500.081,0,12.001,0,3.000,3385,1932,1.650,1.070,0.630,2,0,94.005,0,0,11,28,1,16,0
25-06 23:19:43,32.752,4.250,61.503,0,0,1532876,750532,175268,5459600,15160.704,11946.555,0,0,0,0,3900,4141,1.650,1.070,0.630,2,0,0,0,0,11,30,1,16,0
25-06 23:19:44,38.037,17.267,43.292,0,0,1438708,844500,175276,5459792,11570.197,8188.925,0,228.221,0,24.023,6322,7145,1.650,1.070,0.630,4,0,307.297,0,0,11,28,1,17,0
25-06 23:19:45,79.250,20.500,0.500,0,0,1623496,659664,175276,5459836,4740.019,1620.007,0,7288.029,0,393.002,5349,3622,2,1.150,0.660,6,0,271.001,0,0,11,28,1,17,0
25-06 23:19:46,82.647,12.734,2.747,0,0,1818244,465068,175288,5459836,22474.059,19685.526,0,595.260,0,29.963,6378,5599,2,1.150,0.660,6,0,0.999,0,0,11,33,1,17,0
25-06 23:19:47,76.829,12.263,9.260,0,0,1721416,561648,175296,5460076,32365.283,28032.828,0,636.655,0,64.066,9391,13026,2,1.150,0.660,4,0,158.163,0,0,11,29,1,22,0
25-06 23:19:48,40.963,12.489,45.959,0,0,1576516,706520,175300,5460100,5810.788,2392.854,0,339.695,0,23.978,4266,9904,2,1.150,0.660,2,0,187.832,0,0,11,28,1,24,0
25-06 23:19:49,18.516,2.752,77.817,0,0,1584288,698744,175300,5460104,9354.017,6164.283,0,1072.920,0,12.010,2185,2016,2,1.150,0.660,2,0,0,0,0,11,29,1,23,0
25-06 23:19:50,15.457,8.227,73.794,0.499,0,1480448,802556,175312,5460120,6965.513,3848.234,0,55014.091,0,360.990,4164,4137,1.920,1.150,0.660,1,0,67.810,0,0,11,28,1,24,0
25-06 23:19:51,21.259,3.251,74.533,0.250,0,1487164,795840,175312,5460120,6668.979,3661.636,0,1828.817,0,90.040,1850,1274,1.920,1.150,0.660,0,0,0,0,0,11,29,1,24,0
25-06 23:19:52,17.251,2.000,79.757,0.250,0,1474728,808244,175324,5460140,10065.825,6457.529,0,724.059,0,52.004,2748,3266,1.920,1.150,0.660,2,0,0,0,0,11,28,1,25,0
25-06 23:19:53,9.261,21.026,67.582,0,0,1426656,856304,175324,5460152,4865.917,1621.972,0,192.234,0,8.010,4868,3073,1.920,1.150,0.660,1,0,278.338,0,0,11,28,1,25,0
25-06 23:19:54,11.007,26.767,60.788,0,0,1411872,871084,175324,5460156,4442.782,1621.015,0,176.110,0,13.008,5548,3833,1.920,1.150,0.660,7,0,452.283,0,0,11,28,1,25,0
25-06 23:19:55,71.799,26.268,2.001,0,0,1600596,682324,175332,5460184,4683.203,1621.109,0,41016.051,0,214.146,5493,3968,2.170,1.210,0.690,5,0,308.211,0,0,11,28,1,25,0
25-06 23:19:56,79.214,10.462,9.715,0.249,0,1764300,518564,175336,5460232,27208.598,23460.154,0,446.386,0,76.723,6041,5635,2.170,1.210,0.690,5,0,2.989,0,0,11,33,1,25,0
25-06 23:19:57,76.772,11.290,10.788,0.251,0.251,1712076,570552,175360,5460444,33812.977,29128.355,0,642.279,0,73.260,10273,15390,2.170,1.210,0.690,5,0,61.217,0,0,11,28,1,26,0
25-06 23:19:58,79.718,19.992,0.250,0,0,1614388,668132,175364,5460548,4678.134,1619.354,0,207.917,0,14.994,5239,3507,2.170,1.210,0.690,6,0,248.901,0,0,11,28,1,26,0
25-06 23:19:59,87.307,11.475,0.998,0,0,1815136,467248,175368,5460680,15830.021,13314.579,0,139.691,0,7.982,5555,3713,2.170,1.210,0.690,4,0,0,0,0,11,32,1,26,0
25-06 23:20:00,81.642,9.517,8.014,0,0,1808540,473648,175376,5460864,44187.785,39554.734,0,352.613,0,23.040,9335,14213,2.390,1.280,0.710,6,0,39.068,0,0,11,31,1,29,0
25-06 23:20:01,65.518,17.255,16.505,0,0,1577580,704384,175380,5461084,19973.459,14574.983,0,404.110,0,30.008,7185,8735,2.390,1.280,0.710,2,0,261.071,0,0,11,28,1,31,0
25-06 23:20:02,36.906,5.237,56.606,0,0,1610144,671792,175384,5461108,11704.319,8123.400,0,179.545,0,6.982,3059,2275,2.390,1.280,0.710,2,0,0,0,0,11,30,1,26,0
25-06 23:20:03,36.612,12.288,50.153,0.251,0,1582288,699588,175416,5461136,14168.310,10571.315,0,4730.460,0,238.730,6643,8116,2.390,1.280,0.710,4,0,221.678,0,0,11,28,1,28,0
25-06 23:20:04,63.377,15.470,19.961,0,0,1575204,706640,175416,5461168,5267.745,1455.167,0,11.977,0,2.994,3949,2189,2.390,1.280,0.710,3,0,156.695,0,0,11,28,1,28,0
25-06 23:20:05,49.823,6.760,43.564,0,0,1629248,652428,175416,5461336,26596.770,22057.152,0,981.431,0,5.007,4600,5828,2.600,1.340,0.730,3,0,0,0,0,11,31,1,28,0
25-06 23:20:06,55.527,18.259,24.762,0,0,1488492,793140,175416,5461380,14561.160,9243.545,0,488.240,0,47.023,6712,7211,2.600,1.340,0.730,4,0,259.127,0,0,11,28,1,26,0
25-06 23:20:07,80.085,11.476,7.984,0,0,1649824,631784,175420,5461400,12113.036,9003.445,0,223.539,0,16.965,4945,2549,2.600,1.340,0.730,2,0,0,0,0,11,31,1,26,0
25-06 23:20:08,63.613,7.012,29.051,0,0,1666492,614900,175420,5461616,37390.131,32916.218,0,144.255,0,8.014,7838,12208,2.600,1.340,0.730,6,0,0,0,0,11,31,1,27,0
25-06 23:20:09,54.479,20.492,24.740,0.250,0,1519580,761784,175432,5461632,7818.943,3226.739,0,431.831,0,37.985,5567,4572,2.600,1.340,0.730,3,0,323.873,0,0,11,28,1,29,0
25-06 23:20:10,56.005,7.501,35.003,0,0,1588440,692880,175432,5461644,11561.932,9641.777,0,192.015,0,3.000,3716,1920,2.470,1.330,0.740,1,0,0,0,0,11,31,1,29,0
25-06 23:20:11,52.444,5.244,40.956,0.250,0,1589996,691116,175440,5461844,26608.539,21985.484,0,1182.735,0,75.919,7409,9638,2.470,1.330,0.740,3,0,0,0,0,11,29,1,31,0
25-06 23:20:12,57.337,19.780,22.785,0,0,1498548,782540,175444,5461864,5411.222,2196.337,0,88.134,0,13.020,4983,3633,2.470,1.330,0.740,3,0,299.455,0,0,11,28,1,31,0
25-06 23:20:13,54.699,7.743,36.466,0,0.250,1584388,696688,175444,5461876,17430.836,14430.618,0,0,0,0,4426,3398,2.470,1.330,0.740,2,0,0,0,0,11,31,1,31,0
25-06 23:20:14,53.051,16.266,29.779,0,0,1501816,778920,175448,5462212,20754.865,16596.885,0,320.307,0,23.022,7707,9418,2.470,1.330,0.740,4,0,277.265,0,0,11,28,1,34,0
25-06 23:20:15,61.915,10.486,26.713,0,0,1639008,641676,175448,5462232,7275.960,3985.500,0,151.791,0,6.990,3796,1742,2.430,1.350,0.740,3,0,15.978,0,0,11,29,1,34,0
25-06 23:20:16,48.532,5.504,45.280,0.250,0,1639260,641196,175456,5462452,28713.161,24287.207,0,776.518,0,61.041,6687,9048,2.430,1.350,0.740,4,0,1.001,0,0,11,29,1,35,0
25-06 23:20:17,60.029,15.007,24.262,0,0,1554012,726424,175456,5462472,6302.057,2564.244,0,128.062,0,8.004,4514,2836,2.430,1.350,0.740,3,0,112.054,0,0,11,28,1,36,0
25-06 23:20:18,52.959,6.495,39.720,0,0,1625944,654468,175460,5462492,17927.248,16005.722,0,163.874,0,7.994,4072,3759,2.430,1.350,0.740,1,0,0,0,0,11,31,1,34,0
25-06 23:20:19,50.056,17.269,32.036,0.501,0,1553024,727308,175464,5462536,17382.571,12208.746,0,452.509,0,48.054,7284,8649,2.430,1.350,0.740,5,0,378.426,0,0,11,28,1,36,0
25-06 23:20:20,78.002,22.001,0,0,0,1640048,640232,175468,5462584,5012.125,1586.040,0,208.005,0,16.000,5547,4476,2.880,1.460,0.780,7,0,381.009,0,0,11,28,1,36,0
25-06 23:20:21,77.996,19.249,2.500,0,0,1815928,464180,175480,5462744,21218.020,17847.176,0,2447.887,0,77.996,6110,5665,2.880,1.460,0.780,7,0,391.982,0,0,11,32,1,36,0
25-06 23:20:22,75.243,18.498,5.499,0,0,1854332,425632,175500,5462868,42663.750,38300.185,0,3607.641,0,150.985,8729,10814,2.880,1.460,0.780,8,0,342.966,0,0,11,30,1,37,0
25-06 23:20:23,78.502,21.001,0,0,0,1567256,712508,175500,5463064,15651.402,12199.313,0,328.008,0,26.001,6309,6046,2.880,1.460,0.780,5,0,336.009,0,0,11,28,1,37,0
25-06 23:20:24,83.117,11.731,4.742,0,0,1725484,554256,175500,5463092,14292.113,11267.955,0,0,0,0,5134,3005,2.880,1.460,0.780,4,0,23.962,0,0,11,31,1,37,0
25-06 23:20:25,73.986,8.998,16.497,0,0,1766612,512924,175500,5463308,40217.449,35456.343,0,315.941,0,13.997,8965,12887,3.370,1.580,0.830,6,0,0,0,0,11,31,1,39,0
25-06 23:20:26,52.476,21.490,23.989,0,0,1656404,623076,175500,5463368,18277.673,14066.592,0,31.985,0,4.998,7911,9418,3.370,1.580,0.830,1,0,532.757,0,0,11,28,1,42,0
25-06 23:20:27,13.030,26.562,59.639,0,0,1535164,744300,175500,5463384,5536.946,1581.698,0,336.787,0,48.112,5720,4290,3.370,1.580,0.830,3,0,484.132,0,0,11,28,1,42,0
25-06 23:20:28,65.072,31.663,3.490,0,0,1585228,694204,175500,5463416,6446.359,1454.021,0,27.924,0,6.981,5547,4206,3.370,1.580,0.830,4,0,585.398,0,0,11,28,1,42,0
25-06 23:20:29,67.742,7.749,23.497,0,0,1681860,597364,175512,5463600,25544.040,20973.570,0,647.925,0,40.995,5929,6242,3.370,1.580,0.830,4,0,0,0,0,11,32,1,42,0
25-06 23:20:30,66.399,16.036,16.287,0,0,1593292,685872,175544,5463632,19160.100,15178.143,0,537.208,0,52.117,7204,9311,3.420,1.620,0.840,4,0,201.453,0,0,11,28,1,46,0
25-06 23:20:31,78.918,13.486,7.492,0,0,1630872,648248,175544,5463676,10372.247,7488.237,0,163.830,0,9.990,4795,2456,3.420,1.620,0.840,4,0,66.931,0,0,11,30,1,46,0
25-06 23:20:32,59.331,6.259,33.045,0,0,1662892,616016,175544,5463888,35469.706,31441.174,0,140.193,0,7.010,8622,12515,3.420,1.620,0.840,2,0,0,0,0,11,32,1,46,0
25-06 23:20:33,54.827,8.224,36.884,0.249,0,1636328,642296,175552,5464112,40978.898,35054.562,0,315.008,0,26.915,12492,18942,3.420,1.620,0.840,5,0,31.900,0,0,11,31,1,46,0
25-06 23:20:34,81.015,14.297,4.013,0,0,1537320,741264,175556,5464144,9410.817,5865.207,0,393.288,0,41.135,6122,5438,3.420,1.620,0.840,4,0,90.296,0,0,11,28,1,46,0
25-06 23:20:35,68.447,8.993,21.483,0,0,1674344,604216,175556,5464168,24502.954,21586.221,0,139.891,0,8.993,5818,5377,3.390,1.640,0.850,3,0,0,0,0,11,32,1,45,0
25-06 23:20:36,53.467,6.996,38.226,0,0,1674284,604012,175556,5464428,42335.748,36532.346,0,1315.184,0,14.991,11984,19050,3.390,1.640,0.850,2,0,0.999,0,0,11,32,1,45,0
25-06 23:20:37,65.850,16.024,16.776,0,0,1478600,799492,175556,5464632,28815.819,23050.051,0,120.183,0,8.012,9075,11781,3.390,1.640,0.850,5,0,252.384,0,0,11,28,1,49,0
25-06 23:20:38,80.494,14.749,5.000,0,0,1638728,639332,175568,5464648,8600.372,5367.608,0,239.982,0,21.998,4767,2250,3.390,1.640,0.850,4,0,8.999,0,0,11,31,1,49,0
25-06 23:20:39,61.452,7.994,30.476,0.250,0,1670472,607340,175592,5464868,35644.439,31887.344,0,619.521,0,44.965,8276,11411,3.390,1.640,0.850,3,0,0.999,0,0,11,36,1,47,0
25-06 23:20:40,68.553,13.510,17.263,0,0.250,1572416,705332,175592,5464928,24884.167,19673.153,0,224.173,0,26.020,8252,11473,3.440,1.680,0.870,4,0,98.076,0,0,11,32,1,49,0
25-06 23:20:41,78.227,11.996,8.997,0,0,1647712,629884,175592,5465080,10067.012,6770.991,0,227.932,0,2.999,4640,2225,3.440,1.680,0.870,6,0,29.991,0,0,11,35,1,49,0
25-06 23:20:42,66.523,10.253,22.758,0.250,0,1601352,676208,175604,5465100,25612.724,23149.885,0,368.125,0,35.012,6247,7487,3.440,1.680,0.870,4,0,120.041,0,0,11,34,1,51,0
25-06 23:20:43,73.247,11.749,14.499,0,0,1665688,611636,175604,5465328,26213.858,21960.043,0,3479.848,0,163.993,7002,10083,3.440,1.680,0.870,4,0,0,0,0,11,33,1,50,0
25-06 23:20:44,67.300,14.208,18.445,0,0,1615700,661596,175604,5465356,25634.784,21347.530,0,119.644,0,7.976,6329,7980,3.440,1.680,0.870,5,0,140.582,0,0,11,34,1,51,0
25-06 23:20:45,73.715,12.537,13.038,0,0,1600104,677124,175604,5465424,18514.923,15781.963,0,124.362,0,8.023,5393,6047,3.320,1.690,0.880,2,0,86.251,0,0,11,34,1,53,0
25-06 23:20:46,74.011,12.002,13.752,0,0,1635608,641448,175608,5465588,18800.832,15103.275,0,164.025,0,11.002,5254,5001,3.320,1.690,0.880,3,0,64.010,0,0,11,34,1,55,0
25-06 23:20:47,70.313,9.724,18.950,0,0,1686520,590464,175608,5465656,26172.517,20373.911,0,143.619,0,15.958,6435,8323,3.320,1.690,0.880,6,0,4.987,0,0,11,34,1,55,0
25-06 23:20:48,58.288,18.012,23.015,0.250,0,1620364,656584,175624,5465672,13817.020,10467.833,0,488.319,0,45.029,6201,11047,3.320,1.690,0.880,3,0,234.153,0,0,11,32,1,59,0
25-06 23:20:49,58.849,12.020,28.799,0.250,0,1621852,655084,175624,5465684,9298.713,6501.987,0,176.298,0,11.019,4052,2384,3.320,1.690,0.880,2,0,60.102,0,0,11,34,1,59,0
25-06 23:20:50,51.179,6.990,40.943,0,0,1554264,722448,175632,5465892,24734.661,20952.911,0,203.717,0,15.978,5442,6905,3.220,1.700,0.880,5,0,31.956,0,0,11,34,1,60,0
25-06 23:20:51,58.270,12.004,29.010,0,0,1511852,764700,175632,5466052,12711.255,8999.012,0,372.125,0,52.017,5656,5281,3.220,1.700,0.880,3,0,108.036,0,0,11,32,1,54,0
25-06 23:20:52,54.057,10.010,35.287,0,0,1602220,674304,175636,5466072,14359.017,11421.945,0,140.147,0,9.009,3822,2628,3.220,1.700,0.880,2,0,42.044,0,0,11,34,1,54,0
25-06 23:20:53,47.991,8.998,41.742,0.250,0,1590104,686188,175644,5466292,24136.561,19612.393,0,367.932,0,27.995,6687,9002,3.220,1.700,0.880,1,0,85.984,0,0,11,33,1,56,0
25-06 23:20:54,34.763,12.755,52.269,0,0,1467072,809196,175648,5466312,9774.596,5601.060,0,268.099,0,21.008,5058,4476,3.220,1.700,0.880,2,0,135.050,0,0,11,32,1,57,0
25-06 23:20:55,39.840,5.478,53.037,0,0,1553980,722284,175648,5466316,10274.692,6277.761,0,147.407,0,9.960,2823,1763,3.120,1.700,0.890,2,0,0,0,0,11,33,1,56,0
25-06 23:20:56,33.090,7.270,58.659,0,0,1503528,772536,175656,5466508,17647.883,13510.657,0,180.490,0,14.038,4993,6191,3.120,1.700,0.890,2,0,35.095,0,0,11,33,1,57,0
25-06 23:20:57,37.384,10.966,49.596,0,0,1546620,729412,175660,5466536,7858.536,4296.624,0,275.143,0,26.916,3916,2832,3.120,1.700,0.890,1,0,103.677,0,0,11,33,1,58,0
25-06 23:20:58,35.354,5.015,58.923,0.501,0,1577600,698380,175696,5466548,12409.436,10877.939,0,2334.855,0,159.468,3936,4073,3.120,1.700,0.890,1,0,9.027,0,0,11,33,1,59,0
25-06 23:20:59,31.758,8.002,59.515,0,0,1566116,709848,175696,5466564,10968.692,6655.633,0,0,0,0,4011,3581,3.120,1.700,0.890,1,0,51.013,0,0,11,33,1,58,0
25-06 23:21:00,38.032,5.755,55.047,0,0,1568220,707712,175708,5466580,13166.136,9175.761,0,116.098,0,13.011,3988,3557,2.950,1.690,0.890,1,0,5.004,0,0,11,33,1,59,0
25-06 23:21:01,35.997,7.249,55.246,0,0,1513216,762692,175708,5466600,15976.728,11199.108,0,0,0,0,4587,4538,2.950,1.690,0.890,2,0,42.997,0,0,11,33,1,60,0
25-06 23:21:02,37.982,5.497,55.223,0.250,0,1521772,754088,175720,5466636,11705.373,8626.853,0,331.840,0,24.988,4196,4214,2.950,1.690,0.890,1,0,4.998,0,0,11,33,1,61,0
25-06 23:21:03,38.179,5.739,55.896,0,0,1572820,702888,175720,5466788,14583.958,10623.302,0,111.793,0,5.989,4553,4491,2.950,1.690,0.890,1,0,0,0,0,11,33,1,55,0
25-06 23:21:04,28.274,14.012,57.300,0,0.250,1488156,787456,175728,5466872,16352.149,12229.582,0,228.197,0,22.019,6012,6416,2.950,1.690,0.890,0,0,277.240,0,0,11,33,1,56,0
25-06 23:21:05,20.004,4.001,74.014,0.250,0,1477688,797908,175740,5466876,7206.405,2898.565,0,272.053,0,21.004,2360,2148,2.790,1.680,0.890,1,0,5.001,0,0,11,32,1,57,0
25-06 23:21:06,19.731,2.498,76.926,0,0,1505432,770152,175748,5466880,11636.770,6645.587,0,107.896,0,6.993,2072,1704,2.790,1.680,0.890,1,0,0.999,0,0,11,33,1,57,0
25-06 23:21:07,17.781,3.506,77.383,0.501,0,1462928,812620,175760,5466900,12981.359,7243.476,0,1835.161,0,55.095,3629,4272,2.790,1.680,0.890,1,0,28.048,0,0,11,32,1,56,0
25-06 23:21:08,13.240,15.488,69.946,0,0,1454916,820620,175760,5466912,5635.625,1618.743,0,2941.716,0,142.889,4215,2909,2.790,1.680,0.890,1,0,255.801,0,0,11,32,1,56,0
25-06 23:21:09,18.989,2.249,77.703,0,0,1487932,787596,175760,5466920,9825.086,6647.998,0,159.904,0,12.992,2059,1806,2.790,1.680,0.890,1,0,0,0,0,11,33,1,56,0
25-06 23:21:10,20.511,2.501,75.789,0,0,1452188,823324,175760,5466936,10833.613,7303.784,0,80.041,0,7.004,3329,3649,2.650,1.670,0.890,2,0,5.003,0,0,11,32,1,57,0
25-06 23:21:11,20.227,6.243,72.916,0,0,1452948,822548,175768,5466944,4991.259,1618.139,0,75.913,0,4.994,2296,1555,2.650,1.670,0.890,2,0,40.953,0,0,11,32,1,52,0
25-06 23:21:12,18.514,2.752,77.309,0.250,0,1462672,812676,175772,5467088,11609.816,8354.344,0,468.356,0,33.025,2722,2968,2.650,1.670,0.890,1,0,0,0,0,11,33,1,52,0
25-06 23:21:13,18.758,2.251,76.782,0,0,1456168,819152,175772,5467116,12329.124,8961.724,0,112.047,0,12.005,3919,5021,2.650,1.670,0.890,1,0,0,0,0,11,32,1,52,0
25-06 23:21:14,8.255,23.265,67.545,0,0,1415176,860000,175772,5467256,4641.080,1500.996,0,4.003,0,1.001,5150,3187,2.650,1.670,0.890,2,0,302.201,0,0,11,32,1,52,0
25-06 23:21:15,18.242,22.740,55.976,0.500,0,1425804,849340,175792,5467268,3790.385,1045.555,0,551.765,0,34.985,5325,3976,2.600,1.670,0.900,3,0,329.859,0,0,11,32,1,51,0
25-06 23:21:16,45.105,6.230,48.843,0,0,1523932,750228,175832,5468208,4468.620,1096.472,0,7.974,0,1.994,2916,1453,2.600,1.670,0.900,4,0,1.994,0,0,11,32,1,51,0
25-06 23:21:17,37.106,7.772,44.126,9.026,0,1560288,708120,176516,5472684,5234.943,1698.849,0,24000.508,0,2071.914,10502,17708,2.600,1.670,0.900,4,0,73.209,0,0,11,36,1,51,0
25-06 23:21:18,34.318,8.266,40.831,13.777,0,1529676,735088,177160,5475572,4901.713,1589.149,0,42135.494,0,3559.052,14143,27890,2.600,1.670,0.900,2,1,85.169,0,0,11,36,1,51,0
25-06 23:21:19,39.732,7.996,43.481,6.497,0,1569712,695024,177368,5475368,3932.262,667.705,0,22394.105,0,1835.189,9052,15667,2.600,1.670,0.900,2,0,18.992,0,0,11,32,1,51,0
25-06 23:21:20,44.251,5.500,48.751,0.250,0,1586784,677932,177368,5475388,4592.127,1586.044,0,744.021,0,37.001,3035,1774,2.550,1.680,0.910,2,0,2.000,0,0,11,34,1,47,0
25-06 23:21:21,36.481,8.745,41.478,10.744,0,1611944,651692,177928,5475904,4832.450,1457.231,0,21428.691,0,2905.467,15458,28646,2.550,1.680,0.910,3,0,1.999,0,0,11,34,1,47,0
25-06 23:21:22,30.271,10.257,57.289,1.501,0,1535020,728516,178016,5475916,5043.473,1737.196,0,13265.134,0,683.471,4484,5450,2.550,1.680,0.910,1,0,99.068,0,0,11,32,1,47,0
25-06 23:21:23,22.965,3.495,72.640,0,0,1551368,712156,178024,5475920,5289.988,1455.795,0,239.637,0,26.959,1894,1433,2.550,1.680,0.910,1,0,1.997,0,0,11,32,1,47,0
25-06 23:21:24,22.998,2.250,73.245,0.250,0,1560280,703212,178052,5475920,5039.627,1661.877,0,2511.814,0,220.984,1763,1329,2.550,1.680,0.910,1,0,0,0,0,11,32,1,46,0
25-06 23:21:25,21.727,4.495,73.672,0,0,1507900,755564,178052,5475944,5214.472,1618.284,0,0,0,0,1796,1301,2.420,1.670,0.910,2,0,0.999,0,0,11,32,1,46,0
25-06 23:21:26,22.270,3.753,73.315,0,0,1541692,721768,178052,5475944,6262.557,1695.504,0,0,0,0,1786,1175,2.420,1.670,0.910,1,0,3.003,0,0,11,32,1,46,0
25-06 23:21:27,21.288,3.757,73.381,0,0,1517196,746220,178052,5475956,5830.439,1622.906,0,1775.178,0,213.382,1841,1244,2.420,1.670,0.910,3,0,1.002,0,0,11,32,1,46,0
25-06 23:21:28,21.716,4.243,73.636,0,0,1537228,726188,178052,5475956,5211.949,1617.501,0,3.994,0,0.998,1775,1150,2.420,1.670,0.910,1,0,1.997,0,0,11,32,1,41,0
25-06 23:21:29,23.485,2.498,73.205,0,0,1463344,799980,178060,5476032,5552.558,1295.197,0,171.893,0,1.999,1674,1055,2.420,1.670,0.910,1,0,0.999,0,0,11,32,1,41,0
25-06 23:21:30,22.014,3.502,73.797,0,0.250,1493860,769460,178060,5476032,4891.127,1458.933,0,0,0,0,1730,1156,2.310,1.650,0.910,1,0,2.001,0,0,11,32,1,41,0
25-06 23:21:31,22.222,3.995,72.910,0.250,0,1512652,750664,178072,5476032,4593.315,1240.465,0,491.392,0,40.949,1928,1479,2.310,1.650,0.910,1,0,0,0,0,11,32,1,41,0
25-06 23:21:32,22.524,3.003,73.828,0,0,1488356,774872,178076,5476116,4660.921,1297.370,0,16.017,0,2.002,1745,1174,2.310,1.650,0.910,1,0,1.001,0,0,11,32,1,37,0
25-06 23:21:33,21.760,4.002,73.532,0,0,1507784,755428,178076,5476132,4714.082,1512.668,0,0,0,0,1766,1248,2.310,1.650,0.910,1,0,1.000,0,0,11,32,1,37,0
25-06 23:21:34,21.491,3.998,73.468,0,0,1506960,756240,178076,5476144,5203.766,1639.296,0,3.998,0,1.000,1855,1230,2.310,1.650,0.910,1,0,1.999,0,0,11,32,1,37,0
25-06 23:21:35,23.027,3.254,73.585,0,0.250,1482204,780996,178076,5476144,5137.948,1513.752,0,0,0,0,1689,1042,2.200,1.640,0.910,1,0,1.001,0,0,11,32,1,37,0
25-06 23:21:36,22.015,3.502,73.551,0,0,1483728,779436,178076,5476172,5286.639,1567.079,0,152.105,0,2.001,1791,1299,2.200,1.640,0.910,3,0,1.001,0,0,11,32,1,37,0
25-06 23:21:37,22.234,3.248,73.447,0,0,1487780,775344,178076,5476208,4588.716,1510.919,0,99.928,0,3.997,1764,1237,2.200,1.640,0.910,2,0,0.999,0,0,11,32,1,37,0
25-06 23:21:38,22.490,3.748,73.717,0,0,1529592,733528,178076,5476212,4484.018,1565.308,0,0,0,0,1752,1113,2.200,1.640,0.910,2,0,1.999,0,0,11,32,1,37,0
25-06 23:21:39,15.503,11.752,71.515,0,0,1475256,787716,178076,5476360,4772.999,1512.316,0,0,0,0,3524,2330,2.200,1.640,0.910,1,0,154.032,0,0,11,32,1,37,0
25-06 23:21:40,7.725,22.925,67.279,0,0,1466240,796704,178076,5476376,4770.298,1560.862,0,901.034,0,49.836,5423,3801,2.030,1.620,0.900,1,0,347.855,0,0,11,32,1,31,0
25-06 23:21:41,8.511,20.776,68.087,0.250,0,1459400,803368,178076,5476548,5544.064,1622.067,0,1217.551,0,50.064,5429,4069,2.030,1.620,0.900,1,0,308.393,0,0,11,32,1,31,0
25-06 23:21:42,8.486,21.714,67.387,0,0,1453616,809132,178076,5476568,5031.545,1617.282,0,87.852,0,0.998,5263,3607,2.030,1.620,0.900,1,0,315.470,0,0,11,32,1,31,0
25-06 23:21:43,11.272,17.284,70.637,0,0.250,1445600,817120,178076,5476588,5290.265,1623.149,0,0,0,0,4549,3111,2.030,1.620,0.900,1,0,242.470,0,0,11,32,1,31,0
25-06 23:21:44,21.791,3.757,73.389,0,0,1498660,764076,178076,5476572,4781.077,1514.876,0,0,0,0,1828,1288,2.030,1.620,0.900,1,0,2.004,0,0,11,32,1,27,0
25-06 23:21:45,22.209,3.244,73.365,0,0,1486612,776108,178076,5476588,4970.839,1617.020,0,15.971,0,0.998,1795,1150,1.950,1.610,0.900,1,0,0.998,0,0,11,32,1,27,0
25-06 23:21:46,21.528,4.756,73.096,0,0,1551048,711692,178076,5476568,5488.186,1716.247,0,560.734,0,94.123,1924,1388,1.950,1.610,0.900,1,0,1.001,0,0,11,32,1,27,0
25-06 23:21:47,22.244,3.249,73.230,0,0,1567184,695556,178076,5476568,4964.643,1565.572,0,55.985,0,1.999,1743,1117,1.950,1.610,0.900,1,0,1.999,0,0,11,32,1,27,0
25-06 23:21:48,26.519,7.005,65.548,0,0,1523832,738900,178076,5476576,4775.501,1513.109,0,2117.553,0,14.010,2917,11600,1.950,1.610,0.900,2,0,37.027,0,0,11,32,1,20,0
25-06 23:21:49,22.250,3.750,73.500,0,0,1558384,704348,178076,5476576,4718.000,1566.000,0,12.000,0,1.000,1727,1085,1.950,1.610,0.900,2,0,2.000,0,0,11,32,1,20,0
25-06 23:21:50,22.999,2.750,73.496,0,0,1519252,743464,178076,5476588,4797.751,1511.922,0,0,0,0,1760,1116,1.870,1.600,0.910,1,0,1.000,0,0,11,32,1,20,0
25-06 23:21:51,22.505,3.501,72.767,0.250,0,1542760,719948,178096,5476572,4143.982,614.146,0,500.119,0,34.008,2022,1662,1.870,1.600,0.910,2,0,2.000,0,0,11,32,1,20,0
25-06 23:21:52,23.474,2.497,73.419,0,0,1444720,817988,178096,5476572,4876.588,1240.623,0,27.969,0,1.998,1703,1042,1.870,1.600,0.910,1,0,0.999,0,0,11,32,1,16,0
25-06 23:21:53,22.523,3.003,73.576,0,0,1481412,781284,178096,5476584,3980.104,756.780,0,100.103,0,2.002,1786,1286,1.870,1.600,0.910,2,0,0,0,0,11,32,1,16,0
25-06 23:21:54,22.497,3.250,73.740,0,0,1522260,740436,178096,5476584,5085.343,1565.798,0,11.998,0,1.000,1747,1065,1.870,1.600,0.910,2,0,2.000,0,0,11,32,1,16,0
25-06 23:21:55,21.701,4.240,73.084,0,0,1538556,724152,178096,5476572,5120.345,1508.566,0,0,0,0,1846,1299,1.800,1.580,0.910,1,0,0.998,0,0,11,32,1,16,0
25-06 23:21:56,22.260,3.251,73.533,0,0,1572052,690656,178096,5476572,5225.363,1608.727,0,92.042,0,3.001,1820,1220,1.800,1.580,0.910,2,0,3.001,0,0,11,32,1,12,0
25-06 23:21:57,23.023,2.503,73.824,0,0,1528688,733992,178096,5476600,4716.737,1513.520,0,0,0,0,1753,1133,1.800,1.580,0.910,2,0,1.001,0,0,11,32,1,12,0
25-06 23:21:58,22.003,3.751,73.261,0,0,1549024,713744,178096,5476512,4966.715,1566.226,0,4.001,0,1.000,1729,1115,1.800,1.580,0.910,3,0,2.000,0,0,11,32,1,12,0
25-06 23:21:59,23.762,2.251,73.786,0,0,1509620,753060,178096,5476600,5162.529,1620.794,0,88.043,0,1.000,1686,957,1.800,1.580,0.910,2,0,1.000,0,0,11,32,1,12,0
25-06 23:22:00,22.228,3.497,73.179,0,0,1528512,734180,178096,5476588,4975.174,1618.430,0,11.988,0,0.999,1840,1343,1.740,1.580,0.910,1,0,0,0,0,11,32,1,12,0
25-06 23:22:01,22.028,3.504,72.843,0.501,0,1511824,750876,178096,5476580,5123.543,1622.072,0,532.680,0,36.046,2009,1793,1.740,1.580,0.910,1,0,1.001,0,0,11,32,1,9,0
25-06 23:22:02,22.453,3.243,73.597,0,0,1547796,714904,178096,5476580,4822.001,1508.871,0,19.959,0,0.998,1751,1097,1.740,1.580,0.910,3,0,1.996,0,0,11,32,1,9,0
25-06 23:22:03,22.039,4.007,73.129,0.250,0,1505760,756940,178096,5476580,5589.836,1622.856,0,464.818,0,68.120,1812,1283,1.740,1.580,0.910,1,0,2.004,0,0,11,32,1,9,0
25-06 23:22:04,23.259,2.751,73.529,0,0,1481824,780852,178096,5476604,5788.295,1566.621,0,32.013,0,3.001,1785,1144,1.740,1.580,0.910,1,0,1.000,0,0,11,32,1,9,0
25-06 23:22:05,22.246,3.499,73.738,0,0,1535576,727112,178096,5476592,6298.997,1619.742,0,0,0,0,1847,1238,1.680,1.570,0.910,1,0,2.000,0,0,11,32,1,6,0
25-06 23:22:06,21.508,5.002,73.026,0,0,1507880,754780,178096,5476620,7717.776,1458.525,0,108.039,0,4.001,2309,1548,1.680,1.570,0.910,2,0,53.019,0,0,11,32,1,6,0
25-06 23:22:07,10.498,18.996,69.486,0,0,1505440,757172,178096,5476656,6058.746,1619.665,0,215.955,0,8.998,5255,4157,1.680,1.570,0.910,1,0,407.916,0,0,11,32,1,6,0
25-06 23:22:08,22.235,3.248,73.700,0,0,1562396,700204,178096,5476668,5894.032,1457.019,0,27.981,0,2.998,1709,1095,1.680,1.570,0.910,2,0,0,0,0,11,32,1,6,0
25-06 23:22:09,23.279,2.753,73.090,0,0,1543920,718496,178096,5476852,4597.631,1513.854,0,0,0,0,1770,1064,1.680,1.570,0.910,3,0,9.011,0,0,11,32,1,4,0
25-06 23:22:10,23.231,3.497,72.941,0,0,1531112,731240,178096,5476912,4122.654,1564.730,0,3.997,0,0.999,1866,1334,1.620,1.560,0.910,3,0,0.999,0,0,11,32,1,4,0
25-06 23:22:11,19.024,9.762,70.088,0,0,1493936,768264,178116,5477044,4642.819,1622.033,40.050,596.748,2.003,35.044,3618,3073,1.620,1.560,0.910,2,0,215.270,0,0,11,32,1,4,0
25-06 23:22:12,8.750,21.500,68.999,0,0,1467592,794560,178116,5477088,4287.936,1457.978,0,195.997,0,7.000,6335,5077,1.620,1.560,0.910,1,0,523.992,0,0,11,32,1,4,0
25-06 23:22:13,7.750,22.250,68.250,0,0,1459192,802912,178116,5477120,4919.996,1619.999,0,220.000,0,6.000,6334,5136,1.620,1.560,0.910,1,0,538.000,0,0,11,32,1,3,0
25-06 23:22:14,7.993,22.230,68.188,0,0,1441676,820400,178116,5477144,5053.393,1456.672,0,615.439,0,6.994,5528,3957,1.620,1.560,0.910,3,0,372.660,0,0,11,32,1,3,0
25-06 23:22:15,8.501,23.253,67.508,0,0.250,1433472,828568,178116,5477164,5340.595,1694.189,0,1144.127,0,13.001,6034,4601,1.650,1.560,0.920,3,0,475.053,0,0,11,32,1,3,0
25-06 23:22:16,8.483,21.706,67.864,0,0,1416148,845832,178120,5477220,5258.440,1582.821,0,1313.362,0,66.866,5834,4251,1.650,1.560,0.920,1,0,404.188,0,0,11,32,1,3,0
25-06 23:22:17,8.015,21.540,69.881,0,0,1406376,855576,178120,5477248,5530.367,1697.182,0,260.488,0,5.009,5571,3918,1.650,1.560,0.920,2,0,359.674,0,0,11,32,1,1,0
25-06 23:22:18,7.506,21.268,68.807,0,0,1393540,868384,178120,5477276,5790.811,1695.409,0,236.196,0,8.007,5824,4229,1.650,1.560,0.920,1,0,396.329,0,0,11,32,1,1,0
25-06 23:22:19,8.249,22.248,68.994,0,0,1389464,872432,178120,5477304,5531.505,1639.853,0,239.979,0,11.999,6246,4883,1.650,1.560,0.920,1,0,502.955,0,0,11,32,1,1,0
25-06 23:22:20,8.749,20.498,68.993,0,0,1349108,912756,178128,5476980,5545.477,1693.840,0,35.997,0,8.999,5919,4456,1.600,1.550,0.920,1,0,399.962,0,0,11,32,1,1,0
25-06 23:22:21,24.991,31.239,43.484,0.500,0,1372228,889600,178128,5477364,5355.069,1619.416,0,887.680,0,49.982,7165,6570,1.600,1.550,0.920,4,0,846.695,0,0,11,34,1,5,0
25-06 23:22:22,64.730,11.996,22.493,0,0.250,1564896,696376,178164,5477852,4558.560,1735.452,0,1171.630,0,164.948,4264,2311,1.600,1.550,0.920,4,0,53.983,0,0,11,32,1,7,0
25-06 23:22:23,54.547,12.010,26.022,6.756,0,1641476,611268,178776,5484976,4581.956,1459.260,372.321,38184.968,3.003,2632.273,12999,21773,1.600,1.550,0.920,2,1,65.056,0,0,11,36,1,7,0
25-06 23:22:24,41.236,12.496,29.990,13.245,0,1675996,565400,179560,5494752,4678.390,1661.428,0,62794.384,0,4833.336,18561,36390,1.600,1.550,0.920,3,2,164.943,0,0,11,36,1,8,0
25-06 23:22:25,40.766,11.254,30.762,13.005,0,1715100,517084,179876,5503312,7030.699,3810.463,0,82299.593,0,6033.316,21073,40912,1.790,1.590,0.930,6,0,63.024,0,0,11,37,1,8,0
25-06 23:22:26,44.751,12.500,31.000,10.000,0,1621744,601892,180284,5511184,12556.162,8741.113,0,69684.898,0,5314.068,19078,36683,1.790,1.590,0.930,6,0,110.001,0,0,11,34,1,9,0
25-06 23:22:27,37.752,27.002,25.001,7.750,0,1624740,591832,180692,5517824,5552.312,1512.085,296.017,40354.271,4.000,3108.175,16754,29501,1.790,1.590,0.930,17,0,376.021,0,0,11,34,1,9,0
25-06 23:22:28,41.714,20.982,25.977,9.492,0,1648540,562336,180984,5522676,10699.725,6538.332,1598.614,63889.615,26.977,4386.198,18295,35293,1.790,1.590,0.930,5,0,211.816,0,0,11,35,1,9,0
25-06 23:22:29,30.253,8.001,47.504,11.501,0,1639768,567532,181092,5526048,15290.330,10981.955,0,45671.972,0,3729.324,18066,33631,1.790,1.590,0.930,2,0,57.005,0,0,11,35,1,9,0
25-06 23:22:30,29.722,8.492,45.458,12.738,0,1580420,623996,181228,5528720,9465.218,6192.255,0,44862.377,0,3897.384,16315,31510,1.890,1.620,0.940,1,1,65.939,0,0,11,34,1,9,0
25-06 23:22:31,37.010,7.502,41.261,12.253,0,1612188,591608,181448,5529096,6667.740,3628.947,0,46724.192,0,4265.113,14911,30063,1.890,1.620,0.940,1,1,30.008,0,0,11,35,1,9,0
25-06 23:22:32,30.258,8.252,45.512,13.003,0,1604756,598128,181648,5529780,15782.031,11592.961,0,54229.853,0,4615.179,18218,35534,1.890,1.620,0.940,2,0,33.008,0,0,11,35,1,9,0
25-06 23:22:33,35.502,6.750,45.252,9.000,0,1576940,624460,181724,5531148,13465.692,9711.499,0,31281.609,0,2745.141,14059,25378,1.890,1.620,0.940,3,1,58.003,0,0,11,34,1,10,0
25-06 23:22:34,36.655,11.720,39.398,10.722,0,1576228,622508,181772,5533704,4727.741,1689.619,0,46395.701,0,4011.598,14746,30158,1.890,1.620,0.940,3,0,105.726,0,0,11,36,1,10,0
25-06 23:22:35,31.113,8.029,45.415,12.546,0,1591504,604044,181848,5536704,11820.973,8375.448,0,55794.833,0,4475.269,16979,32768,1.980,1.640,0.950,3,0,45.164,0,0,11,37,1,10,0
25-06 23:22:36,28.203,8.735,48.420,11.231,0,1587236,605192,182008,5539544,18075.984,13668.303,0,56817.652,0,4513.505,20609,38648,1.980,1.640,0.950,4,1,60.899,0,0,11,37,1,10,0
25-06 23:22:37,33.026,10.258,40.783,12.760,0,1574268,614916,182128,5542592,5881.710,2086.671,0,56793.478,0,4516.617,17607,35977,1.980,1.640,0.950,2,0,129.103,0,0,11,36,1,10,0
25-06 23:22:38,32.882,7.224,44.839,10.961,0,1613832,576828,182168,5541024,10154.628,6628.259,0,51682.883,0,4292.625,16875,33258,1.980,1.640,0.950,3,0,23.914,0,0,11,37,1,10,0
25-06 23:22:39,31.370,7.027,47.933,11.544,0,1605692,585724,182200,5540260,15028.453,11248.000,0,50264.156,0,4061.527,18864,35719,1.980,1.640,0.950,2,1,21.081,0,0,11,37,1,10,0
25-06 23:22:40,39.030,7.256,47.036,5.504,0,1593040,597988,182232,5540616,10766.186,7133.424,0,26524.168,0,2083.584,10667,17935,1.980,1.650,0.960,2,0,76.058,0,0,11,34,1,12,0
25-06 23:22:41,25.429,14.958,58.586,0.249,0,1531828,659152,182232,5540660,6320.348,3468.314,0,702.039,0,40.886,4126,2886,1.980,1.650,0.960,0,0,211.410,0,0,11,33,1,12,0
25-06 23:22:42,20.005,2.251,76.521,0.500,0,1518660,671984,182240,5540988,12023.282,8380.287,0,6421.753,0,359.098,3594,4772,1.980,1.650,0.960,1,0,0,0,0,11,32,1,13,0
25-06 23:22:43,20.291,5.762,73.149,0,0,1519636,671004,182240,5540988,4481.101,1515.077,0,1531.110,0,146.297,2160,1462,1.980,1.650,0.960,1,0,34.069,0,0,11,32,1,13,0
25-06 23:22:44,15.221,2.246,81.595,0,0,1509856,680780,182240,5540992,10664.697,7433.848,0,35.932,0,0.998,1720,1455,1.980,1.650,0.960,1,0,0,0,0,11,33,1,13,0
25-06 23:22:45,18.749,7.250,72.497,0.250,0,1435720,754820,182240,5541088,5417.804,2447.911,0,275.990,0,21.999,3021,2579,1.900,1.640,0.960,1,0,59.998,0,0,11,32,1,14,0
25-06 23:22:46,19.765,3.252,76.307,0,0,1488368,702168,182240,5541092,6539.865,3581.665,0,44.033,0,5.004,1779,1271,1.900,1.640,0.960,1,0,1.001,0,0,11,33,1,14,0
25-06 23:22:47,20.255,2.251,75.769,0,0,1480552,709832,182240,5541244,12093.073,8988.284,0,0,0,0,3509,3969,1.900,1.640,0.960,1,0,0,0,0,11,32,1,15,0
25-06 23:22:48,25.275,9.510,63.814,0,0,1487084,703300,182240,5541244,4402.420,1459.465,0,248.249,0,22.022,3573,12020,1.900,1.640,0.960,1,0,79.079,0,0,11,32,1,16,0
25-06 23:22:49,18.967,2.995,77.863,0,0,1509036,681336,182240,5541252,10559.381,7373.998,0,163.711,0,9.982,2079,1797,1.900,1.640,0.960,1,0,0,0,0,11,33,1,16,0
25-06 23:22:50,16.774,4.256,76.858,0.250,0,1477804,712544,182240,5541276,9987.013,6632.306,0,272.382,0,23.032,3668,3993,1.830,1.630,0.960,2,0,41.058,0,0,11,32,1,16,0
25-06 23:22:51,7.501,23.254,67.760,0,0,1446260,743928,182240,5541436,3591.550,668.102,0,176.027,0,11.002,5279,3477,1.830,1.630,0.960,1,0,328.050,0,0,11,32,1,16,0
25-06 23:22:52,26.513,24.512,47.773,0.250,0,1457412,732556,182264,5541632,4834.329,1512.729,0,892.430,0,68.033,6187,5124,1.830,1.630,0.960,3,0,428.206,0,0,11,32,1,22,0
25-06 23:22:53,63.424,11.486,23.971,0,0.250,1614548,574548,182284,5542484,5093.918,1618.068,0,315.623,0,7.990,3826,1673,1.830,1.630,0.960,3,0,2.996,0,0,11,32,1,22,0
25-06 23:22:54,65.969,9.496,23.739,0.250,0,1739672,446532,182396,5545060,4977.685,1619.247,0,7608.462,0,132.938,4060,1784,1.830,1.630,0.960,3,0,0,0,0,11,32,1,22,0
25-06 23:22:55,53.333,8.513,31.299,4.757,0,1823016,355112,182544,5552312,5228.125,1622.522,0,29245.452,0,1982.080,10922,16813,1.840,1.630,0.970,1,1,93.145,0,0,11,38,1,22,0
25-06 23:22:56,25.992,8.247,47.235,13.746,0,1818992,346040,182676,5564832,5355.352,1619.502,0,102560.447,0,7351.738,26085,52890,1.840,1.630,0.970,0,1,237.927,0,0,11,38,1,22,0
25-06 23:22:57,25.229,9.742,45.961,16.236,0,1817772,338508,182736,5573212,5335.467,1618.625,0,95942.490,0,7235.853,26363,52528,1.840,1.630,0.970,3,0,179.847,0,0,11,38,1,22,0
25-06 23:22:58,40.040,10.260,32.282,14.765,0,1743292,404844,182832,5580992,4762.704,1459.441,0,77376.419,0,5745.675,20290,40308,1.840,1.630,0.970,2,2,234.231,0,0,11,36,1,22,0
25-06 23:22:59,44.988,9.497,30.991,12.996,0,1801780,336804,182896,5590176,4618.729,1619.554,0,79654.075,0,5608.456,20068,39314,1.840,1.630,0.970,2,1,81.977,0,0,11,36,1,22,0
25-06 23:23:00,40.766,11.254,31.012,14.006,0,1856776,268564,182920,5602852,4279.699,1458.579,0,89971.723,0,5912.347,19404,39695,1.940,1.650,0.980,7,0,17.007,0,0,11,36,1,22,0
25-06 23:23:01,36.503,11.751,36.503,12.751,0,1785696,336784,182936,5605608,5299.501,1620.153,0,80351.593,0,5930.560,21120,41571,1.940,1.650,0.980,1,1,150.014,0,0,11,36,1,22,0
25-06 23:23:02,36.739,8.248,45.986,7.748,0,1654252,466564,182944,5607220,4636.609,1457.563,0,42283.311,0,3117.065,12098,22182,1.940,1.650,0.980,2,0,115.965,0,0,11,32,1,22,0
25-06 23:23:03,18.209,13.220,66.850,0.249,0,1502020,618744,182944,5607272,5447.767,1616.370,0,1325.025,0,74.832,3548,2695,1.940,1.650,0.980,2,0,186.581,0,0,11,32,1,22,0
25-06 23:23:04,22.018,4.253,72.058,0.500,0,1549376,571388,182944,5607272,5162.182,1459.182,0,4948.008,0,294.238,2284,2407,1.940,1.650,0.980,2,0,1.001,0,0,11,32,1,22,0
25-06 23:23:05,23.740,2.499,72.970,0,0,1575544,545216,182944,5607272,5577.734,1619.342,0,107.956,0,8.996,2133,1653,1.860,1.640,0.980,1,0,1.999,0,0,11,38,1,22,0
25-06 23:23:06,22.227,3.996,72.925,0,0,1445880,674872,182944,5607280,6208.620,1456.503,0,107.889,0,8.991,2305,1611,1.860,1.640,0.980,1,0,27.971,0,0,11,32,1,22,0
25-06 23:23:07,21.730,4.496,72.934,0.250,0,1505248,615504,182944,5607280,5694.830,1618.531,0,35.967,0,3.996,1823,1257,1.860,1.640,0.980,1,0,0.999,0,0,11,32,1,22,0
25-06 23:23:08,23.542,2.505,73.382,0,0,1553300,567448,182944,5607284,5007.019,1460.631,0,0,0,0,1825,1228,1.860,1.640,0.980,1,0,2.004,0,0,11,34,1,22,0
25-06 23:23:09,19.299,12.782,66.920,0,0.251,1477040,643692,182944,5607300,4752.042,1624.116,0,649.646,0,48.122,3632,2925,1.860,1.640,0.980,2,0,208.528,0,0,11,32,1,22,0
25-06 23:23:10,12.726,43.419,42.421,0,0,1469972,650704,182944,5607356,4791.080,1616.990,0,550.974,0,45.915,7451,6492,1.870,1.650,0.990,6,0,941.248,0,0,11,32,1,22,0
25-06 23:23:11,7.498,22.493,66.980,0.250,0,1454580,666072,182944,5607372,4293.716,1457.564,0,195.941,0,17.995,5103,3372,1.870,1.650,0.990,1,0,295.911,0,0,11,32,1,22,0
25-06 23:23:12,6.500,23.252,67.755,0,0,1456612,663976,182944,5607436,4800.336,1620.114,0,24.002,0,6.000,5117,3396,1.870,1.650,0.990,4,0,322.023,0,0,11,32,1,22,0
25-06 23:23:13,8.268,19.792,70.900,0,0,1456664,663896,182944,5607464,4509.547,1623.437,0,0,0,0,5052,3463,1.870,1.650,0.990,1,0,266.564,0,0,11,32,1,22,0
25-06 23:23:14,9.718,20.433,67.779,0,0,1419460,701064,182944,5607492,4365.760,1614.733,0,566.153,0,117.616,5373,3629,1.870,1.650,0.990,1,0,286.067,0,0,11,32,1,22,0
25-06 23:23:15,14.038,19.302,65.678,0,0.501,1417368,703084,182944,5607504,5234.205,1698.610,0,469.274,0,7.019,5189,5311,1.800,1.640,0.990,1,0,237.645,0,0,11,32,1,22,0
25-06 23:23:16,35.923,15.217,48.396,0,0,1486976,633252,182952,5608068,5165.934,1690.379,0,191.590,0,2.994,5036,5112,1.800,1.640,0.990,2,0,185.602,0,0,11,33,1,22,0
25-06 23:23:17,45.498,5.500,48.497,0,0,1603620,516656,182952,5608120,5357.717,1531.919,0,0,0,0,2774,1400,1.800,1.640,0.990,2,0,0,0,0,11,33,1,22,0
25-06 23:23:18,48.780,5.503,44.777,0.250,0,1663980,455728,182996,5608600,4682.841,1695.028,0,704.427,0,42.025,3934,3076,1.800,1.640,0.990,2,0,19.012,0,0,11,49,1,22,0
25-06 23:23:19,31.063,12.024,55.362,0,0.251,1692448,423204,183028,5612200,5439.025,1535.112,0,1086.202,0,77.156,7518,11008,1.800,1.640,0.990,1,0,146.297,0,0,11,48,1,22,0
25-06 23:23:20,15.999,17.499,64.746,0,0,1696056,419532,183032,5612652,5219.672,1693.894,0,823.948,0,5.000,6325,7643,1.740,1.630,0.990,1,0,318.980,0,0,11,48,1,22,0
25-06 23:23:21,5.490,2.995,90.834,0.250,0,1692848,422732,183032,5612224,3694.244,323.409,0,315.423,0,15.971,1554,1863,1.740,1.630,0.990,0,0,27.949,0,0,11,48,1,22,0
25-06 23:23:22,0.751,0.500,98.328,0,0,1691876,423716,183032,5612224,4017.198,1250.996,0,8.006,0,2.002,731,1001,1.740,1.630,0.990,0,0,3.002,0,0,11,48,1,16,0
25-06 23:23:23,0.250,0.750,97.996,0,0,1688232,427356,183032,5612228,5039.817,1661.940,0,0,0,0,795,1032,1.740,1.630,0.990,0,0,3.000,0,0,11,48,1,16,0
25-06 23:23:24,0.499,0.250,98.315,0,0,1685348,430240,183032,5612228,4329.852,1455.261,0,0,0,0,664,954,1.740,1.630,0.990,0,0,0.998,0,0,11,48,1,16,0
25-06 23:23:25,6.517,10.027,82.220,0,0,1663544,451928,183032,5612784,3338.954,541.452,0,2242.012,0,19.051,4182,5173,1.920,1.670,1,1,0,201.540,0,0,11,48,1,16,0
25-06 23:23:26,16.709,11.721,70.076,0,0,1676700,438736,183032,5612348,5224.037,1420.475,0,187.535,0,2.993,4396,4975,1.920,1.670,1,1,0,161.599,0,0,11,48,1,16,0
25-06 23:23:27,13.270,20.280,65.346,0,0,1696260,419084,183032,5612756,5952.775,1428.105,0,4.006,0,1.001,6666,6831,1.920,1.670,1,2,0,399.589,0,0,12,48,1,14,0
25-06 23:23:28,27.258,13.254,57.266,0,0,1693048,422292,183032,5612392,6181.772,1662.477,0,288.083,0,29.008,5948,6985,1.920,1.670,1,2,0,212.061,0,0,12,64,1,14,0
25-06 23:23:29,6.245,9.243,84.933,0.749,0,1708160,407148,183032,5612436,4916.148,1618.732,0,5699.534,0,407.681,3089,3097,1.920,1.670,1,2,0,169.867,0,0,12,64,1,14,0
25-06 23:23:30,18.030,15.275,64.606,0,0,1696056,419232,183032,5612452,4747.804,1622.667,0,152.250,0,6.010,5979,7003,1.850,1.660,1,1,0,197.324,0,0,14,64,1,14,0
25-06 23:23:31,9.244,18.238,70.954,0,0,1703088,412144,183032,5612488,5053.711,1618.946,0,15.990,0,3.997,5071,3842,1.850,1.660,1,1,0,316.794,0,0,14,66,1,14,0
25-06 23:23:32,8.504,20.759,69.030,0,0,1675196,439872,183036,5612648,4922.136,1662.721,0,920.399,0,14.006,5222,3635,1.850,1.660,1,1,0,290.126,0,0,14,66,1,14,0
25-06 23:23:33,16.231,18.229,64.175,0,0,1680064,434976,183036,5613100,4512.751,1498.257,0,11.986,0,2.997,5900,6271,1.850,1.660,1,2,0,245.714,0,0,14,66,1,14,0
25-06 23:23:34,25.284,22.280,51.319,0,0,1739296,375724,183044,5612676,5529.446,1696.284,0,148.200,0,11.015,5306,3892,1.850,1.660,1,2,0,316.426,0,0,14,66,1,14,0
25-06 23:23:35,29.508,24.506,45.262,0,0,1800332,314496,183068,5612800,4819.232,1458.373,0,496.127,0,5.001,5902,4150,1.860,1.660,1.010,2,0,380.097,0,0,14,66,1,13,0
25-06 23:23:36,30.186,24.199,43.657,0,0,1846936,266392,183124,5614164,5525.278,1616.570,0,35.924,0,5.987,6385,7330,1.860,1.660,1.010,2,0,421.107,0,0,14,70,1,15,0
25-06 23:23:37,28.962,26.465,43.942,0,0,1936428,176832,183124,5614204,4571.957,1545.956,0,39.947,0,9.987,5811,4391,1.860,1.660,1.010,2,0,356.529,0,0,14,70,1,15,0
25-06 23:23:38,36.588,17.041,46.111,0,0,1937196,175784,183128,5614580,4931.916,1623.924,0,4.010,0,1.002,5790,6667,1.860,1.660,1.010,2,0,184.446,0,0,14,70,1,15,0
25-06 23:23:39,49.018,28.760,21.758,0,0,2046184,139620,174964,5551632,4819.751,1458.530,32.012,764.278,6.002,6.002,5891,4232,1.860,1.660,1.010,5,0,372.135,0,0,14,70,1,15,0
25-06 23:23:40,57.632,23.203,18.712,0,0,2137400,172060,168644,5437380,4628.534,1455.024,199.592,1289.363,3.992,19.959,5884,6970,2.110,1.720,1.030,5,0,279.429,0,0,14,70,1,15,0
25-06 23:23:41,65.918,26.317,7.018,0,0,2212820,195236,168800,5340540,5310.537,1624.140,517.319,1531.905,28.072,92.235,5787,5355,2.110,1.720,1.030,4,1,459.170,0,0,14,70,1,15,0
25-06 23:23:42,71.749,23.750,3.000,0.500,0,2363948,200756,168808,5187544,4517.931,1457.978,607.991,35.999,71.999,9.000,7064,7372,2.110,1.720,1.030,6,0,319.995,0,0,14,74,1,15,0
25-06 23:23:43,59.385,26.199,8.983,4.242,0,2458680,141924,168820,5152068,4758.776,1455.179,515.002,34097.906,12.975,2312.518,14389,26269,2.110,1.720,1.030,6,0,324.371,0,0,14,74,1,12,0
25-06 23:23:44,72.146,24.049,3.257,0.501,0,2592396,156296,168928,5007484,4809.749,1623.290,404.821,11655.624,21.043,912.850,11503,18454,2.110,1.720,1.030,4,0,345.701,0,0,14,80,1,16,0
25-06 23:23:45,69.431,25.225,4.496,0,0,2658144,162244,168932,4937140,4873.148,1456.550,455.546,10525.520,8.991,846.157,10640,16538,2.260,1.760,1.050,3,0,329.672,0,0,14,89,1,24,0
25-06 23:23:46,51.263,26.507,21.256,0,0,2748572,140448,168940,4869876,5242.363,1714.446,12.003,648.169,3.001,36.009,7695,8727,2.260,1.760,1.050,6,0,464.121,0,0,14,89,1,25,0
25-06 23:23:47,33.508,22.005,43.260,0,0,2789436,169364,168940,4801564,4501.007,1620.363,0,624.140,0,35.008,5647,6010,2.260,1.760,1.050,3,0,306.069,0,0,14,91,1,25,0
25-06 23:23:48,55.526,19.259,25.012,0,0,2907724,187228,169024,4669140,4382.062,1710.805,3257.533,2825.330,44.021,149.070,7011,12265,2.260,1.760,1.050,4,0,218.103,0,0,14,94,1,28,0
25-06 23:23:49,47.247,8.499,42.997,0.250,0,2989024,175312,169040,4601268,4679.711,1619.900,11.999,799.951,3.000,52.997,4155,16717,2.260,1.760,1.050,2,0,35.998,0,0,14,97,1,29,0
25-06 23:23:50,7.489,19.970,70.895,0.250,0,3007628,156680,169040,4601296,4373.512,1617.600,0,770.856,0,48.927,5416,4080,2.160,1.740,1.040,2,0,290.569,0,0,14,97,1,29,0
25-06 23:23:51,7.510,20.276,70.590,0,0,3004036,160236,169040,4601332,4702.964,1696.151,4.005,2727.459,1.001,21.027,5451,3979,2.160,1.740,1.040,1,0,316.401,0,0,14,97,1,26,0
25-06 23:23:52,7.496,19.990,70.464,0,0,3009244,155004,169040,4601356,5097.374,1619.166,0,31.984,0,4.997,5212,3694,2.160,1.740,1.040,1,0,298.846,0,0,14,97,1,26,0
25-06 23:23:53,17.230,9.988,71.916,0,0,3056356,174220,169040,4536084,4692.505,1456.295,0,0,0,0,2766,1868,2.160,1.740,1.040,1,0,70.917,0,0,14,97,1,26,0
25-06 23:23:54,19.284,3.005,76.887,0,0,3080748,149788,169044,4536120,11686.759,8009.227,36.064,56.100,3.005,1.002,2007,1661,2.160,1.740,1.040,3,0,0,0,0,14,101,1,26,0
25-06 23:23:55,20.711,6.737,70.615,0.499,0,3028916,201572,169044,4536168,22631.860,18613.520,23.954,291.444,2.994,23.954,3121,2717,2.070,1.730,1.040,2,0,63.878,0,0,14,101,1,21,0
25-06 23:23:56,25.508,4.251,69.773,0.250,0,3082340,148148,169044,4536168,5658.873,1620.536,0,196.065,0,27.009,2214,1666,2.070,1.730,1.040,1,0,4.001,0,0,14,107,1,21,0
25-06 23:23:57,15.722,2.745,80.358,0,0,3092616,137856,169044,4536188,11468.784,7918.043,3.993,311.451,0.998,31.944,2328,2491,2.070,1.730,1.040,1,0,0,0,0,14,110,1,21,0
25-06 23:23:58,25.295,6.512,64.615,1.753,0,3106040,123772,169064,4536828,4748.450,1713.048,128.228,5557.890,7.012,407.726,5823,8496,2.070,1.730,1.040,2,0,4.007,0,0,14,113,1,21,0
25-06 23:23:59,39.009,9.502,50.762,0.250,0,3170220,194740,169064,4405636,5746.319,2601.597,60.014,1412.324,5.001,139.032,5310,5692,2.070,1.730,1.040,3,0,57.013,0,0,14,118,1,23,0
25-06 23:24:00,18.732,7.992,70.930,0.250,0,3235336,129552,169064,4405708,4925.161,1618.410,0,7424.705,0,537.472,3028,2410,1.980,1.720,1.040,1,0,59.941,0,0,14,118,1,23,0
25-06 23:24:01,18.260,3.252,77.292,0.500,0,3251216,179520,169068,4341524,11187.141,7965.373,68.037,1620.890,5.003,90.049,2114,2045,1.980,1.720,1.040,1,0,0,0,0,14,120,1,23,0
25-06 23:24:02,19.508,4.002,74.532,0.250,0,3251848,178872,169068,4341540,7014.984,3605.534,16.007,688.293,4.002,79.034,3489,4439,1.980,1.720,1.040,2,0,0,0,0,14,119,1,23,0
25-06 23:24:03,37.302,12.267,49.068,0,0,3264316,166196,169072,4341744,5924.185,2655.669,0,933.290,0,74.102,4629,4262,1.980,1.720,1.040,2,0,98.136,0,0,14,120,1,24,0
25-06 23:24:04,39.993,6.999,52.991,0.250,0,3320048,175200,169072,4278592,7972.601,4004.297,0,339.940,0,15.997,2730,1469,1.980,1.720,1.040,3,0,2.000,0,0,14,121,1,24,0
25-06 23:24:05,20.214,6.489,72.123,0.749,0,3253724,241600,169072,4278536,26594.195,22695.057,0,1265.772,0,68.879,2781,2260,1.900,1.710,1.040,3,0,54.903,0,0,14,120,1,25,0
25-06 23:24:06,21.779,3.505,74.097,0,0,3327800,167512,169072,4278548,6898.047,2376.116,8.011,112.147,2.003,13.017,1986,1526,1.900,1.710,1.040,3,0,1.001,0,0,14,121,1,25,0
25-06 23:24:07,16.960,4.739,77.069,0,0,3284560,210728,169072,4278572,29260.243,24309.876,0,267.372,0,5.986,2524,1929,1.900,1.710,1.040,1,0,50.880,0,0,14,120,1,26,0
25-06 23:24:08,22.528,3.755,73.090,0,0,3359196,136080,169072,4278584,5655.945,2309.836,0,0,0,0,2027,1685,1.900,1.710,1.040,1,0,3.004,0,0,14,121,1,26,0
25-06 23:24:09,25.516,5.003,66.541,0.500,0,3355160,139848,169072,4278852,11991.478,8396.236,8.005,2349.465,2.001,202.126,4956,6623,1.900,1.710,1.040,1,0,6.004,0,0,14,124,1,28,0
25-06 23:24:10,18.254,8.752,71.766,0.250,0,3374424,181344,169072,4219236,4014.922,1134.260,0,260.060,0,21.005,2851,2149,1.830,1.690,1.040,2,0,82.019,0,0,14,124,1,28,0
25-06 23:24:11,18.240,2.748,78.456,0,0,3414264,141500,169072,4219240,9959.400,6519.334,0,139.921,0,7.996,1755,1312,1.830,1.690,1.040,2,0,0,0,0,14,125,1,28,0
25-06 23:24:12,18.708,5.987,73.586,0,0,3403008,152736,169072,4219260,22195.495,18944.745,0,151.662,0,7.982,2526,1806,1.830,1.690,1.040,2,0,54.878,0,0,14,124,1,29,0
25-06 23:24:13,18.551,3.510,77.465,0,0,3441476,162844,169072,4171340,5958.518,6246.316,0,76.211,0,6.017,1756,1323,1.830,1.690,1.040,0,0,0,0,0,14,125,1,29,0
25-06 23:24:14,22.244,4.249,69.481,1.750,0,3429888,174572,169072,4171340,8730.643,2420.347,15.996,5026.643,3.999,440.881,5538,8494,1.830,1.690,1.040,1,0,1.000,0,0,14,126,1,29,0
25-06 23:24:15,25.685,7.730,64.337,1.247,0,3357244,247120,169084,4171416,6228.213,2852.769,75.808,7121.948,5.985,393.004,6105,8406,1.680,1.670,1.040,1,0,60.846,0,0,14,125,0,31,0
25-06 23:24:16,22.307,4.511,72.434,0,0,3418840,185436,169084,4171504,5148.110,1461.722,8.020,978.492,2.005,89.227,1940,1420,1.680,1.670,1.040,1,0,1.003,0,0,14,125,0,31,0
25-06 23:24:17,14.011,1.501,82.562,0.250,0,3414048,190216,169084,4171516,15592.727,11660.770,0,380.286,0,19.014,2104,1909,1.680,1.670,1.040,1,0,0,0,0,14,126,0,31,0
25-06 23:24:18,25.138,4.978,67.948,0.747,0,3407900,196224,169084,4171656,4736.967,1451.555,3.982,1318.147,0.996,132.412,5544,7805,1.680,1.670,1.040,2,0,0,0,0,14,126,0,31,0
25-06 23:24:19,35.139,8.785,53.964,0.251,0,3381384,222364,169084,4172032,6013.817,2495.885,0,1192.724,0,132.525,8179,11521,1.680,1.670,1.040,1,0,78.310,0,0,14,127,0,32,0
25-06 23:24:20,22.234,3.747,73.198,0,0,3404304,199432,169092,4172036,5466.111,1618.848,3.997,459.673,0.999,30.978,1871,1344,1.630,1.650,1.040,1,0,0,0,0,14,127,0,32,0
25-06 23:24:21,17.723,2.746,78.379,0.499,0,3406832,196868,169092,4172072,14984.873,11224.676,0,1637.473,0,185.713,3298,3888,1.630,1.650,1.040,1,0,0,0,0,14,127,0,33,0
25-06 23:24:22,16.270,12.766,69.337,0.250,0,3398932,204768,169092,4172088,4505.639,1664.083,0,520.652,0,32.040,3641,2810,1.630,1.650,1.040,1,0,147.184,0,0,14,127,0,33,0
25-06 23:24:23,22.715,3.744,72.388,0.250,0,3447272,156400,169096,4172112,10260.124,7157.924,0,571.116,0,44.930,2547,2457,1.630,1.650,1.040,2,0,0,0,0,14,128,0,33,0
25-06 23:24:24,19.277,3.505,74.606,0.751,0,3442056,161608,169096,4172120,10784.368,7539.744,0,2828.030,0,176.251,3521,4258,1.630,1.650,1.040,1,0,2.003,0,0,14,130,0,33,0
25-06 23:24:25,24.229,5.995,66.942,0.500,0,3437184,166396,169096,4172188,4675.973,1660.570,0,999.140,0,115.900,6973,10352,1.580,1.640,1.040,1,0,0,0,0,14,130,0,33,0
25-06 23:24:26,44.876,11.282,42.369,0.501,0,3336072,266768,169112,4172864,6870.286,3219.036,397.115,1436.031,64.180,150.422,11070,15417,1.580,1.640,1.040,2,0,116.327,0,0,14,133,0,34,0
25-06 23:24:27,35.428,11.726,50.648,0.748,0,3376172,226528,169112,4172956,6403.045,2033.885,0,5556.758,0,359.273,6865,10042,1.580,1.640,1.040,1,0,176.643,0,0,14,135,0,34,0
25-06 23:24:28,19.510,2.501,77.792,0,0,3405620,197072,169112,4172964,12197.534,8214.400,0,184.099,0,11.006,1814,1416,1.580,1.640,1.040,1,0,0,0,0,14,137,0,34,0
25-06 23:24:29,13.224,15.220,69.364,0.250,0,3387508,215164,169112,4172984,8090.081,2491.098,0,311.387,0,19.961,4722,3678,1.580,1.640,1.040,1,0,235.537,0,0,14,135,0,35,0
25-06 23:24:30,8.776,21.314,68.205,0,0,3314096,288404,169116,4173152,4439.370,1552.676,0,694.090,0,27.082,5688,4474,1.610,1.650,1.040,2,0,346.042,0,0,14,135,0,35,0
25-06 23:24:31,19.748,15.998,62.743,0.250,0,3320224,282248,169116,4173164,5056.400,1661.803,0,4087.515,0,340.960,6813,8623,1.610,1.650,1.040,1,0,194.977,0,0,14,135,0,35,0
25-06 23:24:32,28.937,23.698,45.650,0,0,3392608,209820,169116,4173212,4268.681,1454.824,0,191.582,0,14.967,5958,4412,1.610,1.650,1.040,2,0,339.259,0,0,14,135,0,35,0
25-06 23:24:33,30.793,22.782,44.812,0,0,3415456,186448,169128,4173728,4223.886,1530.132,80.112,628.876,5.007,38.053,6536,5777,1.610,1.650,1.040,1,0,350.488,0,0,14,141,0,35,0
25-06 23:24:34,20.730,17.233,59.942,0,0,3432644,169032,169128,4173956,4463.671,1660.390,0,103.899,0,6.993,7133,9276,1.610,1.650,1.040,3,0,194.811,0,0,14,143,0,35,0
25-06 23:24:35,53.610,29.060,16.785,0,0,3588108,153164,169128,4036972,4230.718,1244.565,116.240,569.173,9.019,39.081,7596,10083,1.640,1.660,1.050,3,0,462.954,0,0,16,149,0,35,0
25-06 23:24:36,53.632,27.439,18.709,0,0,3689776,146852,169128,3942804,4722.584,1293.148,15.965,211.533,0.998,16.963,6734,6922,1.640,1.660,1.050,4,0,442.025,0,0,16,157,0,33,0
25-06 23:24:37,41.275,18.511,38.273,0.500,0,3740252,142788,169128,3897048,5089.112,1657.013,8.005,1016.622,2.001,53.032,8793,13822,1.640,1.660,1.050,2,0,201.123,0,0,16,165,0,33,0
25-06 23:24:38,32.035,27.030,41.045,0,0,3793608,140972,169132,3845920,4777.256,1513.665,76.084,2594.855,2.002,9.010,10180,4640,1.640,1.660,1.050,2,0,416.458,0,0,16,165,0,33,0
25-06 23:24:39,21.721,24.718,51.932,0,0,3813900,175660,169136,3792060,4811.684,1456.089,11.984,303.601,2.996,27.963,5975,4737,1.640,1.660,1.050,1,0,356.532,0,0,17,165,0,33,0
25-06 23:24:40,15.530,18.536,64.875,0.250,0,3820344,169160,169140,3792100,5109.833,1623.123,12.023,605.164,3.006,49.094,5782,6011,1.590,1.640,1.050,3,0,239.461,0,0,17,165,0,33,0
25-06 23:24:41,23.983,20.486,54.212,0,0,3869540,119940,169140,3792136,5413.194,1618.862,0,0,0,0,6073,5930,1.590,1.640,1.050,4,0,320.774,0,0,17,165,0,33,0
25-06 23:24:42,30.006,24.255,44.259,0,0,3918636,125660,169148,3738752,4708.913,1690.328,4.001,188.036,1.000,12.002,6169,4708,1.590,1.640,1.050,2,0,388.075,0,0,17,165,0,33,1
25-06 23:24:43,35.265,16.507,47.771,0,0,3951396,164120,169148,3669060,4982.182,1620.710,4.002,132.058,1.000,4.002,6086,7405,1.590,1.640,1.050,4,0,244.107,0,0,17,177,0,33,0
25-06 23:24:44,39.257,28.255,31.005,0.250,0,4072308,144816,169156,3569972,4906.840,1566.268,68.012,600.103,8.001,49.008,8764,13506,1.590,1.640,1.050,2,0,501.086,0,0,17,183,0,31,0
25-06 23:24:45,27.974,26.975,42.461,0.500,0,4137288,143196,169164,3507864,4647.722,1510.610,131.879,739.320,9.991,60.944,9273,12774,1.540,1.630,1.050,1,0,455.581,0,0,17,189,0,32,0
25-06 23:24:46,10.505,21.010,66.783,0.250,0,4145296,135132,169164,3507904,5183.532,1714.838,0,528.258,0,24.012,5274,3944,1.540,1.630,1.050,3,0,280.137,0,0,17,191,0,32,0
25-06 23:24:47,19.476,22.472,55.182,0,0.250,4158996,121280,169164,3508508,4642.283,1546.096,0,555.316,0,41.948,6404,6231,1.540,1.630,1.050,2,0,329.594,0,0,17,205,0,32,0
25-06 23:24:48,23.244,18.245,57.736,0,0.250,4176444,166496,169164,3446752,4738.819,1619.596,235.941,439.890,2.999,22.994,5004,5282,1.540,1.630,1.050,2,0,188.953,0,0,17,205,0,17,0
25-06 23:24:49,48.286,10.703,39.326,0.249,0,4308104,123844,169164,3359224,4199.387,1451.566,983.640,414.164,22.899,37.832,4343,12255,1.540,1.630,1.050,3,0,36.837,0,0,17,205,0,18,0
25-06 23:24:50,41.442,9.293,49.228,0.251,0,4405596,157568,169168,3231144,4942.917,1627.546,44.205,401.863,4.019,41.191,3404,2530,1.500,1.620,1.050,1,0,9.042,0,0,17,212,0,18,0
25-06 23:24:51,28.237,5.997,63.720,0,0,4315176,248128,169172,3231108,4980.655,1565.263,79.962,191.910,4.998,14.993,3118,2284,1.500,1.620,1.050,1,0,52.975,0,0,17,213,0,18,0
25-06 23:24:52,29.679,30.926,38.408,0.748,0,4380540,179988,169184,3233888,4700.727,1508.383,2956.909,16324.852,40.902,927.775,7020,5720,1.500,1.620,1.050,5,0,528.732,0,0,17,213,0,18,0
25-06 23:24:53,37.674,28.130,32.651,0,0,4417004,184140,169184,3194468,12806.139,9530.010,24.111,409.893,2.009,22.102,7085,9104,1.500,1.620,1.050,3,0,434.004,0,0,17,222,0,17,0
25-06 23:24:54,50.201,17.982,30.970,0,0,4425604,175092,169184,3195024,5195.927,2274.779,23.977,1054.970,4.995,20.980,5679,5648,1.500,1.620,1.050,3,0,243.762,0,0,17,222,0,18,0
25-06 23:24:55,71.233,15.140,13.155,0.248,0,4578044,187912,169188,3034252,10656.707,7280.197,369.321,476.544,15.885,30.777,4751,3702,1.700,1.660,1.060,5,0,24.820,0,0,17,225,0,18,0
25-06 23:24:56,60.364,11.821,22.385,4.527,0,4620692,134256,169284,3045388,10454.099,6841.293,8024.434,3227.480,510.079,251.518,6449,7404,1.700,1.660,1.060,4,1,27.164,0,0,17,230,0,19,0
25-06 23:24:57,50.390,21.204,26.941,0,0,4663192,130896,169292,3007320,5513.913,1772.115,67.851,8194.038,5.987,29.934,6447,6982,1.700,1.660,1.060,3,0,290.363,0,0,17,229,0,23,0
25-06 23:24:58,32.125,27.105,41.160,0,0,4687056,140244,169296,2975368,12904.052,9710.666,88.343,285.106,5.019,21.082,6325,6225,1.700,1.660,1.060,6,0,350.359,0,0,17,230,0,23,0
25-06 23:24:59,45.983,20.492,31.738,0.250,0,4635012,190584,169296,2977088,7571.209,4332.403,139.948,1095.596,7.997,73.973,6873,9472,1.700,1.660,1.060,3,0,275.898,0,0,17,233,0,24,0
25-06 23:25:00,52.215,29.837,16.410,0.249,0,4735884,147560,169308,2920404,10621.964,7362.771,31.826,684.261,4.973,49.728,6894,7389,2.040,1.730,1.090,6,0,503.250,0,0,17,234,0,24,0
25-06 23:25:01,55.851,28.429,14.592,0.503,0,4688088,247336,169336,2869248,11304.001,6824.867,1340.419,1074.751,71.449,67.423,7733,10795,2.040,1.730,1.090,7,0,532.344,0,0,17,235,0,25,0
25-06 23:25:02,59.112,27.935,11.723,0.249,0,4837612,130080,169340,2837532,5507.102,1658.116,191.551,570.663,6.984,30.928,7348,10263,2.040,1.730,1.090,4,0,476.883,0,0,17,237,0,25,0
25-06 23:25:03,51.298,23.272,24.523,0.250,0,4861580,134628,169348,2809940,16139.014,12374.512,568.529,836.778,32.030,55.051,8464,13872,2.040,1.730,1.090,4,0,337.314,0,0,17,244,0,27,0
25-06 23:25:04,61.987,21.496,14.997,0.250,0,4914196,156324,169352,2737568,5616.851,1697.653,559.885,3699.243,11.998,32.993,6829,13773,2.040,1.730,1.090,3,0,187.962,0,0,17,243,0,28,0
25-06 23:25:05,56.784,10.506,32.269,0,0,5049312,132932,169352,2628456,18887.351,15099.074,348.209,588.354,5.003,19.011,4139,2434,2.040,1.740,1.090,2,0,3.002,0,0,17,245,0,27,0
25-06 23:25:06,56.874,9.728,31.181,0.748,0,5042360,161252,169360,2607620,11708.988,6798.896,1085.588,3711.754,83.814,263.415,6427,8809,2.040,1.740,1.090,2,0,20.953,0,0,17,250,0,33,0
25-06 23:25:07,57.180,15.298,27.336,0,0,5050280,172320,169360,2589104,8915.991,4770.978,1312.119,581.827,21.066,31.098,5185,4867,2.040,1.740,1.090,3,0,124.391,0,0,17,256,0,34,0
25-06 23:25:08,44.999,30.999,22.999,0.750,0,5010572,208140,169484,2592772,14943.527,10228.676,4359.862,1422.955,65.998,66.998,7632,7934,2.040,1.740,1.090,3,0,513.984,0,0,17,255,0,35,0
25-06 23:25:09,55.133,23.450,20.207,0,0,5090268,128384,169484,2593160,5498.372,2911.842,510.920,714.489,3.992,22.951,6474,7786,2.040,1.740,1.090,2,0,335.291,0,0,17,256,0,32,0
25-06 23:25:10,66.779,19.258,13.756,0,0,5165428,131664,169488,2517196,15033.557,11144.861,1136.496,1172.511,31.014,102.045,6711,7050,2.200,1.780,1.110,4,0,166.072,0,0,18,262,0,34,0
25-06 23:25:11,82.631,15.525,1.252,1.002,0.250,5231228,118244,169500,2467028,4662.389,1460.314,3257.162,1630.584,161.256,195.310,6570,6098,2.200,1.780,1.110,4,0,20.032,0,0,18,262,0,34,0
25-06 23:25:12,77.710,13.993,7.246,0.500,0,5290696,135908,169544,2392472,10514.603,7712.041,1047.462,15404.093,39.979,1270.348,7209,9037,2.200,1.780,1.110,2,0,133.931,0,0,18,268,0,35,0
25-06 23:25:13,37.002,16.001,45.252,0.250,0,5290544,159004,169544,2370324,9527.487,6899.353,820.042,9276.474,10.001,62.003,5263,4613,2.200,1.780,1.110,2,0,189.010,0,0,18,270,0,34,0
25-06 23:25:14,39.510,10.003,49.263,0.250,0,5336640,139240,169544,2344624,21569.731,7003.861,512.136,476.127,4.001,36.010,3572,2553,2.200,1.780,1.110,3,0,9.002,0,0,18,274,0,34,1
25-06 23:25:15,40.721,14.739,41.470,0.250,0,5267600,208272,169544,2345632,17085813.109,282779.811,3085.783,683.509,33.976,54.961,23809,14159,2.420,1.830,1.130,5,0,138.900,0,0,18,274,0,35,0
25-06 23:25:16,56.750,17.750,25.000,0.250,0,5341540,134180,169544,2345768,6183.007,1566.002,528.001,476.001,5.000,41.000,5064,3803,2.420,1.830,1.130,2,0,145.000,0,0,18,278,0,35,0
25-06 23:25:17,32.257,5.501,60.262,0.250,0,5392476,135712,169544,2294724,22510.621,19540.012,0,532.109,0,50.010,3512,3004,2.420,1.830,1.130,1,0,1.000,0,0,18,280,0,34,0
25-06 23:25:18,35.219,6.494,56.200,0.250,0,5398620,128992,169548,2295300,152244.181,6116726.171,527.529,2981.340,30.972,70.937,6080,6505,2.420,1.830,1.130,2,0,5.995,0,0,18,282,0,38,0
25-06 23:25:19,25.672,4.985,68.044,0,0,5422452,126772,169548,2274600,8386760.385,10276563.244,0,323.021,0,14.955,5555,3893,2.420,1.830,1.130,2,0,0,0,0,18,288,0,38,0
25-06 23:25:20,32.574,9.020,55.376,1.253,0,5333372,199568,169556,2290836,8674369.992,199383.109,32.073,17411.569,2.005,126.287,16638,12959,2.310,1.820,1.130,1,0,38.087,0,0,18,284,0,42,0
25-06 23:25:21,9.503,23.507,64.768,0.250,0,5247968,284880,169556,2290928,5256.499,1458.416,48.014,576.164,4.001,36.010,5781,4715,2.310,1.820,1.130,1,0,372.106,0,0,18,284,0,41,0
25-06 23:25:22,19.997,7.749,70.238,0.500,0,5311216,221612,169556,2290948,3865.360,1025.830,0,6858.864,0,706.883,3176,2698,2.310,1.820,1.130,1,0,92.985,0,0,18,284,0,41,0
25-06 23:25:23,17.279,10.768,70.367,0.250,0,5240880,291928,169556,2290976,4673.784,1568.613,4.007,2183.637,1.002,214.357,3636,2813,2.310,1.820,1.130,1,0,116.194,0,0,18,284,0,41,0
25-06 23:25:24,7.996,20.240,69.214,0,0,5237972,294808,169556,2291004,4339.750,1283.334,0,1970.978,0,9.995,5057,3585,2.310,1.820,1.130,1,0,246.872,0,0,18,284,0,41,0
25-06 23:25:25,10.481,19.963,67.624,0,0,5238640,294012,169556,2291132,4172.253,1077.998,95.822,255.526,5.989,21.959,5341,4003,2.200,1.800,1.130,1,0,282.475,0,0,18,284,0,40,0
25-06 23:25:26,4.753,3.002,91.056,0,0,5238756,293888,169556,2291140,4962.058,1242.766,0,128.079,0,16.010,1715,1942,2.200,1.800,1.130,0,0,27.017,0,0,18,288,0,40,0
25-06 23:25:27,20.488,4.497,74.205,0,0,5299236,233408,169556,2291140,5658.559,1241.245,0,0,0,0,2085,1557,2.200,1.800,1.130,1,0,8.995,0,0,18,288,0,40,0
25-06 23:25:28,17.771,2.253,78.091,0,0,5318812,213752,169556,2291220,14645.997,9581.119,64.074,4.005,4.005,1.001,2281,2025,2.200,1.800,1.130,1,0,3.003,0,0,18,292,0,40,1
25-06 23:25:29,14.756,13.506,69.780,0,0,5293948,238560,169560,2291276,4027.737,780.336,8.003,232.100,2.001,23.010,4288,3232,2.200,1.800,1.130,1,0,154.066,0,0,18,292,0,39,0
25-06 23:25:30,13.474,18.714,65.872,0.749,0,5281168,251116,169560,2291500,4329.574,1455.168,15.969,698.640,0.998,73.856,5655,4980,2.030,1.770,1.120,1,0,185.639,0,0,18,296,0,39,0
25-06 23:25:31,10.774,17.790,69.656,0,0,5270952,261228,169560,2291588,4424.928,1461.278,0,140.315,0,10.022,5038,3639,2.030,1.770,1.120,1,0,173.389,0,0,18,296,0,39,0
25-06 23:25:32,17.743,8.996,71.721,0,0,5282952,249200,169560,2291616,5037.946,1661.323,3.998,143.941,1.000,9.996,3020,2328,2.030,1.770,1.120,1,0,87.964,0,0,18,296,0,39,0
25-06 23:25:33,22.273,4.505,72.326,0,0,5352252,179900,169560,2291616,4564.778,1621.697,104.109,296.310,1.001,18.019,2009,1660,2.030,1.770,1.120,1,0,0,0,0,18,296,0,39,0
25-06 23:25:34,23.708,2.745,72.123,0.499,0,5386848,144900,169564,2292016,4791.589,1617.161,283.502,606.935,10.981,54.904,2491,2294,2.030,1.770,1.120,1,0,3.993,0,0,18,300,0,39,0
25-06 23:25:35,22.773,4.004,72.573,0,0,5366728,164980,169564,2292056,4984.990,1663.665,24.024,48.048,4.004,6.006,2110,1597,1.940,1.760,1.120,2,0,5.005,0,0,18,296,0,39,0
25-06 23:25:36,22.744,4.749,70.982,0.500,0,5405284,145708,169564,2273120,5115.677,1619.581,0,2675.308,0,134.965,2541,2433,1.940,1.760,1.120,1,0,3.999,0,0,18,296,0,39,0
25-06 23:25:37,12.003,2.251,84.523,0,0,5409280,141700,169564,2273132,17765.915,14738.077,0,28.008,0,4.001,2075,1952,1.940,1.760,1.120,1,0,2.001,0,0,18,299,0,40,0
25-06 23:25:38,22.994,3.499,72.482,0.250,0,5332500,218416,169564,2273196,11014.275,7479.150,47.988,183.954,2.000,18.995,2470,2050,1.940,1.760,1.120,1,0,15.996,0,0,18,296,0,41,0
25-06 23:25:39,22.727,3.746,72.675,0,0,5359176,191740,169564,2273196,4453.433,1456.506,0,47.951,0,5.994,1943,1434,1.940,1.760,1.120,1,0,0,0,0,18,296,0,41,0
25-06 23:25:40,24.772,5.004,68.810,0.500,0.250,5267992,282752,169564,2273368,4864.273,1621.424,32.028,984.865,1.001,84.074,3011,2844,1.870,1.750,1.120,1,0,52.046,0,0,18,300,0,41,0
25-06 23:25:41,7.740,20.723,68.911,0,0,5266304,284404,169576,2273412,5110.434,1617.921,395.492,231.702,5.992,2.996,5191,3818,1.870,1.750,1.120,1,0,264.660,0,0,18,300,0,41,0
25-06 23:25:42,10.516,17.777,69.604,0,0,5265760,284808,169576,2273552,4644.946,1460.184,28.042,88.132,2.003,4.006,4978,3533,1.870,1.750,1.120,1,0,266.398,0,0,18,300,0,41,0
25-06 23:25:43,20.500,5.000,73.251,0,0,5327604,222924,169608,2273560,5346.053,2113.021,0,2852.028,0,423.004,2593,1811,1.870,1.750,1.120,1,0,33.000,0,0,18,301,0,41,0
25-06 23:25:44,19.503,3.000,76.011,0.250,0,5329564,214336,170168,2279500,11001.645,4080.610,4.001,1416.212,1.000,40.006,2132,1926,1.870,1.750,1.120,2,0,2.000,0,0,18,300,0,41,0
25-06 23:25:45,22.234,6.995,68.700,0.250,0,5333188,209176,170240,2280916,5096.269,1618.815,0,607.555,0,19.985,10341,18430,1.800,1.730,1.120,2,0,13.990,0,0,18,300,0,41,0
25-06 23:25:46,18.532,4.508,75.631,0,0,5332768,209204,170300,2281232,11724.318,4566.915,0,609.056,0,20.035,6207,10217,1.800,1.730,1.120,1,0,6.010,0,0,18,301,0,40,0
25-06 23:25:47,21.654,5.974,69.941,0.249,0,5289816,252096,170340,2281252,5077.548,1612.868,0,469.922,0,16.925,6849,10983,1.800,1.730,1.120,2,0,14.934,0,0,18,301,0,40,0
25-06 23:25:48,13.058,14.313,70.310,0.251,0,5244980,302800,170428,2275308,4519.918,1639.224,0,16721.690,0,51.226,4452,3511,1.800,1.730,1.120,1,0,204.903,0,0,18,300,0,40,0
25-06 23:25:49,25.945,10.727,63.115,0,0,5310560,237196,170428,2275316,4909.512,1616.546,0,0,0,0,3579,7888,1.800,1.730,1.120,1,0,100.785,0,0,18,300,0,41,0
25-06 23:25:50,21.523,2.503,74.328,0.501,0,5330460,217076,170428,2275540,10414.991,7178.576,32.034,920.972,1.001,50.053,2622,2618,1.730,1.720,1.120,1,0,1.001,0,0,18,301,0,40,0
25-06 23:25:51,18.743,9.996,68.975,0,0,5310636,236716,170428,2275724,9625.568,6171.800,15.994,123.956,1.000,5.998,4097,3421,1.730,1.720,1.120,1,0,118.958,0,0,18,300,0,43,0
25-06 23:25:52,24.992,4.249,70.227,0,0,5379052,168260,170428,2275764,5310.288,2372.235,31.990,127.959,1.999,12.996,2494,2116,1.730,1.720,1.120,1,0,1.999,0,0,18,301,0,43,0
25-06 23:25:53,18.025,5.257,75.105,0,0,5357124,190184,170428,2275768,12778.901,9504.314,0,1349.891,0,101.142,2954,2479,1.730,1.720,1.120,1,0,70.098,0,0,18,300,0,44,0
25-06 23:25:54,22.233,4.247,72.443,0,0.250,5359868,187440,170428,2275780,4856.209,1618.736,0,175.863,0,14.988,2027,1591,1.730,1.720,1.120,1,0,0,0,0,18,300,0,43,0
25-06 23:25:55,18.754,2.000,78.265,0.250,0,5362864,184300,170428,2275924,17960.507,14714.873,0,96.019,0,10.002,2110,1850,1.680,1.710,1.120,1,0,0,0,0,18,300,0,44,0
25-06 23:25:56,20.218,7.488,71.139,0,0,5313716,233440,170428,2275932,4827.472,1455.730,0,47.925,0,1.997,2825,2225,1.680,1.710,1.120,3,0,56.911,0,0,18,300,0,44,0
25-06 23:25:57,18.274,2.003,78.353,0,0,5336856,210288,170428,2275944,14805.550,11370.013,0,72.095,0,6.008,2157,1896,1.680,1.710,1.120,1,0,0,0,0,18,300,0,47,0
25-06 23:25:58,20.498,5.999,71.994,0,0,5316200,230936,170428,2275952,4017.640,917.918,0,4.000,0,1.000,2384,1774,1.680,1.710,1.120,1,0,31.997,0,0,18,300,0,41,0
25-06 23:25:59,20.482,2.997,75.932,0.250,0,5334364,212768,170428,2275956,10228.808,7284.454,0,1922.273,0,343.691,2454,2040,1.680,1.710,1.120,3,0,0,0,0,18,301,0,41,0
25-06 23:26:00,14.739,4.996,77.943,0.500,0,5279388,267680,170428,2276020,10036.666,6779.047,31.977,619.547,1.999,69.949,3214,3750,1.620,1.700,1.120,1,0,46.966,0,0,18,300,0,42,0
25-06 23:26:01,23.024,3.504,72.577,0,0,5325436,221632,170428,2276020,5209.522,2169.300,0,216.229,0,12.013,2011,1539,1.620,1.700,1.120,0,0,0,0,0,18,301,0,42,0
25-06 23:26:02,18.190,3.738,77.245,0,0,5289884,257168,170428,2276036,14951.604,11161.126,0,199.341,0,13.954,2482,2055,1.620,1.700,1.120,1,0,24.918,0,0,18,300,0,41,0
25-06 23:26:03,22.817,4.012,72.463,0,0,5313064,233984,170428,2276040,5147.142,1516.461,0,148.437,0,10.030,2095,1700,1.620,1.700,1.120,2,0,7.021,0,0,18,300,0,41,0
25-06 23:26:04,13.510,2.502,82.060,0.500,0,5329388,217644,170428,2276056,14569.643,11357.296,0,540.395,0,38.028,2091,2140,1.620,1.700,1.120,0,0,0,0,0,18,301,0,41,0
25-06 23:26:05,12.757,13.507,72.289,0.250,0,5296844,249956,170564,2276152,7469.986,3349.787,136.073,260.139,4.002,30.016,4257,3453,1.570,1.690,1.120,0,0,180.096,0,0,18,301,0,42,0
25-06 23:26:06,2.497,1.249,92.891,1.498,0,5294684,251124,170968,2276740,12159.787,4192.100,986.847,211.752,246.712,7.991,1607,2028,1.570,1.690,1.120,0,0,0.999,0,0,18,302,0,33,0
25-06 23:26:07,5.238,10.476,81.813,0,0,5297912,247844,170968,2276792,20074.179,5027.524,0,458.952,0,25.941,3220,2580,1.570,1.690,1.120,0,0,124.715,0,0,18,302,0,34,0
25-06 23:26:08,7.530,15.311,74.799,0.251,0,5273188,272488,170968,2276872,6200.756,2102.393,12.048,176.705,1.004,15.060,4350,3434,1.570,1.690,1.120,1,0,208.834,0,0,18,300,0,35,0
25-06 23:26:09,21.214,5.241,72.379,0.250,0,5304252,232148,170976,2286044,4911.768,1617.289,515.137,802.655,45.923,13.977,2318,1847,1.570,1.690,1.120,1,0,5.990,0,0,18,300,0,35,0
25-06 23:26:10,17.276,2.253,78.368,0.501,0,5312108,221560,171108,2288576,15646.528,5831.769,40.060,1586.385,3.005,68.102,2427,2531,1.450,1.660,1.110,1,0,16.024,0,0,18,301,0,32,0
25-06 23:26:11,17.998,7.749,70.991,1.250,0,5251980,275300,171168,2294856,4918.397,1859.772,1271.844,3343.590,20.997,104.987,4077,3804,1.450,1.660,1.110,1,0,100.988,0,0,18,300,0,32,0
25-06 23:26:12,14.501,14.001,70.005,0,0,5284600,242644,171168,2294892,4380.308,1620.114,0,140.010,0,10.001,4024,3138,1.450,1.660,1.110,1,0,203.014,0,0,18,300,0,32,0
25-06 23:26:13,19.732,2.997,77.181,0,0,5330268,196968,171168,2294900,10372.792,7272.544,0,11.989,0,1.998,1942,1573,1.450,1.660,1.110,1,0,0,0,0,18,301,0,32,0
25-06 23:26:14,20.212,5.490,71.616,0,0,5316496,210716,171168,2294924,22413.209,19370.882,0,467.129,0,37.929,2951,2548,1.450,1.660,1.110,1,0,46.913,0,0,18,300,0,31,0
25-06 23:26:15,23.262,3.752,72.037,0.250,0,5371116,156092,171168,2294928,6798.500,3479.791,0,264.136,0,32.016,2465,2144,1.330,1.630,1.100,0,0,6.003,0,0,18,301,0,31,0
25-06 23:26:16,20.721,3.745,74.147,0,0,5350456,176568,171168,2295112,13246.624,8578.100,175.756,123.828,9.986,8.988,2803,2275,1.330,1.630,1.100,1,0,14.979,0,0,18,300,0,33,0
25-06 23:26:17,23.056,4.260,72.425,0.251,0,5382420,144568,171168,2295148,5695.764,1515.663,0,116.281,0,8.019,2012,1539,1.330,1.630,1.100,1,0,0,0,0,18,300,0,33,0
25-06 23:26:18,18.035,3.006,76.146,1.252,0,5380036,145340,171168,2296760,11789.666,8131.633,1571.020,1715.298,51.098,146.281,3658,4916,1.330,1.630,1.100,1,0,1.002,0,0,18,301,0,33,0
25-06 23:26:19,22.951,4.740,69.101,0.499,0,5380672,143760,171168,2297704,5999.104,2422.792,718.456,2782.020,41.910,119.743,3615,4348,1.330,1.630,1.100,1,0,5.987,0,0,18,300,0,28,0
25-06 23:26:20,19.271,4.255,75.081,0.250,0,5373748,166648,171168,2281832,10581.402,7124.677,0,2594.796,0,389.420,2464,2181,1.380,1.640,1.110,1,0,0,0,0,18,301,0,28,0
25-06 23:26:21,19.193,3.490,75.027,1.246,0,5367412,172780,171168,2282036,9217.651,5555.517,163.515,2723.918,7.976,204.394,4109,5431,1.380,1.640,1.110,2,0,0,0,0,18,301,0,28,0
25-06 23:26:22,16.283,13.527,67.637,0.501,0.251,5301256,238892,171168,2282080,6290.778,2797.683,0,1491.029,0,99.201,4996,4748,1.380,1.640,1.110,1,0,183.372,0,0,18,300,0,29,0
25-06 23:26:23,7.258,23.776,67.073,0,0,5301436,238696,171168,2282096,5017.483,1513.654,0,356.389,0,25.027,5600,4276,1.380,1.640,1.110,2,0,379.415,0,0,18,300,0,25,0
25-06 23:26:24,7.999,23.997,65.742,0.250,0,5300196,239912,171172,2282116,4725.420,1565.808,0,2143.737,0,111.986,5885,4667,1.380,1.640,1.110,1,0,388.952,0,0,18,300,0,25,0
25-06 23:26:25,7.975,22.678,66.290,0,0,5290516,249568,171176,2282136,4697.118,1507.225,0,263.166,0,24.921,5637,4326,1.350,1.620,1.110,1,0,341.917,0,0,18,300,0,25,0
25-06 23:26:26,9.278,22.317,66.449,0,0,5278188,261880,171176,2282152,5840.505,1570.708,0,92.277,0,12.036,5599,4183,1.350,1.620,1.110,1,0,353.058,0,0,18,300,0,25,0
25-06 23:26:27,8.255,22.765,67.294,0,0,5270500,269544,171176,2282176,6184.048,1621.061,0,36.024,0,9.006,5966,4559,1.350,1.620,1.110,2,0,410.269,0,0,18,300,0,25,0
25-06 23:26:28,8.990,22.226,67.176,0,0,5269296,270732,171176,2282192,6414.968,1618.226,0,39.956,0,9.989,5889,4427,1.350,1.620,1.110,1,0,392.570,0,0,18,300,0,25,0
25-06 23:26:29,8.514,22.036,66.609,0.250,0,5267420,272572,171176,2282228,5468.931,1622.650,0,1939.167,0,130.213,6010,4746,1.350,1.620,1.110,1,0,395.646,0,0,18,300,0,25,0
25-06 23:26:30,8.749,22.998,66.994,0.250,0,5263352,276612,171176,2282256,5221.513,1619.849,0,335.969,0,35.997,6296,5301,1.320,1.610,1.110,2,0,427.960,0,0,18,300,0,25,0
25-06 23:26:31,7.749,22.998,66.745,0,0,5261580,278332,171176,2282308,4714.679,1457.901,15.999,351.976,1.000,28.998,6093,4861,1.320,1.610,1.110,1,0,378.974,0,0,18,300,0,24,0
25-06 23:26:32,12.197,14.686,70.941,0,0,5249960,368512,171176,2209252,5316.863,1612.981,15.931,215.064,0.996,10.952,4247,3376,1.320,1.610,1.110,1,0,220.042,0,0,18,300,0,24,0
25-06 23:26:33,21.583,7.278,70.773,0.502,0,5312264,333660,171556,2187448,4065.677,855.298,0,2722.498,0,32.124,2329,1834,1.320,1.610,1.110,1,0,4.015,0,0,18,300,0,24,0
25-06 23:26:34,17.492,1.749,79.213,0.250,0,5310344,333592,171580,2189412,13210.782,5478.422,115.945,1003.528,13.993,17.992,1928,1599,1.320,1.610,1.110,1,0,15.992,0,0,18,301,0,24,0
25-06 23:26:35,13.496,1.999,81.974,1.000,0,5318504,324180,171616,2190628,24155.433,14443.475,883.723,2715.149,60.981,271.915,1860,1749,1.220,1.590,1.100,0,0,0,0,0,18,301,0,24,0
25-06 23:26:36,15.982,1.998,80.160,0.749,0,5340024,301372,171616,2191916,21820.457,11459.111,1034.836,1346.486,51.942,41.953,1945,1766,1.220,1.590,1.100,1,0,2.997,0,0,18,301,0,24,0
25-06 23:26:37,16.256,1.250,81.279,0.750,0,5339548,300128,171656,2193596,21547.729,12398.447,1308.469,1360.488,50.018,42.015,1802,1623,1.220,1.590,1.100,1,0,0,0,0,18,301,0,24,0
25-06 23:26:38,14.761,2.001,80.560,1.251,0,5338452,274104,171764,2220596,19930.743,11425.451,11972.856,1260.933,140.104,39.029,1882,1708,1.220,1.590,1.100,1,0,0,0,0,18,301,0,24,0
25-06 23:26:39,22.740,2.749,72.719,0.750,0,5344188,251668,172024,2236928,5263.733,1607.308,595.743,1575.322,10.995,75.967,2248,1982,1.220,1.590,1.100,1,0,1.000,0,0,18,301,0,22,0
25-06 23:26:40,23.743,3.749,70.229,1.000,0,5344424,234944,172128,2252924,4590.601,1511.539,0,11816.400,0,149.954,2781,2931,1.200,1.580,1.100,1,0,0,0,0,18,301,0,22,0
25-06 23:26:41,23.701,2.744,71.354,0.499,0,5348004,212072,172192,2271940,4986.783,1616.688,0,1760.393,0,72.851,2526,2538,1.200,1.580,1.100,1,0,0,0,0,18,301,0,22,0
25-06 23:26:42,21.835,3.263,73.036,1.004,0,5349060,197332,172704,2284792,4875.059,1572.146,0,2919.413,0,116.455,2500,2359,1.200,1.580,1.100,1,0,0,0,0,18,301,0,22,0
25-06 23:26:43,22.721,3.246,71.908,0.749,0,5349652,170088,172960,2310880,4526.214,1510.070,0,2173.222,0,80.897,2227,2011,1.200,1.580,1.100,1,0,0,0,0,18,301,0,22,0
25-06 23:26:44,23.285,3.005,72.359,0.501,0,5345596,186540,173048,2298240,4969.496,1796.710,0,1770.671,0,69.104,2390,2249,1.200,1.580,1.100,1,0,2.003,0,0,18,300,0,22,0
25-06 23:26:45,18.748,4.000,75.742,0.250,0,5373664,154924,173048,2301788,11538.771,4494.521,0,6463.311,0,41.996,2416,2145,1.180,1.570,1.100,1,0,33.996,0,0,18,301,0,22,0
25-06 23:26:46,23.164,5.231,69.741,0,0,5351632,173904,173156,2304644,5861.202,1881.005,0,1187.583,0,150.441,7051,13933,1.180,1.570,1.100,2,0,7.970,0,0,18,300,0,22,0
25-06 23:26:47,21.268,5.755,71.810,0,0,5372472,151972,173212,2305648,4743.961,1691.412,0,88.074,0,1.001,4791,7384,1.180,1.570,1.100,2,0,13.011,0,0,18,300,0,22,0
25-06 23:26:48,22.046,6.764,69.395,0,0,5339988,184396,173256,2305664,4399.219,1623.402,0,2044.284,0,14.029,8937,15791,1.180,1.570,1.100,3,0,15.031,0,0,18,300,0,22,0
25-06 23:26:49,27.243,7.248,64.233,0,0,5289004,242804,173256,2298352,4738.744,1619.571,0,895.763,0,37.990,4015,10047,1.180,1.570,1.100,2,0,86.977,0,0,18,300,0,23,0
25-06 23:26:50,25.009,5.752,66.523,0.500,0,5309636,222140,173256,2298380,5027.715,1608.549,0,504.172,0,26.009,10722,19574,1.170,1.560,1.100,2,0,24.008,0,0,18,300,0,23,0
25-06 23:26:51,19.233,3.747,76.182,0.250,0,5325432,201240,173256,2303436,11671.590,4568.925,15.986,1198.931,0.999,34.969,2289,2146,1.170,1.560,1.100,2,0,17.984,0,0,18,300,0,19,0
25-06 23:26:52,24.003,4.501,69.010,0,0,5367692,156900,173256,2305480,4490.631,1350.190,0,16.002,0,2.000,10598,19376,1.170,1.560,1.100,4,0,7.001,0,0,18,300,0,19,0
25-06 23:26:53,23.201,7.983,66.858,0,0,5367928,156168,173256,2305960,4568.315,1454.916,0,87.814,0,0.998,10670,18961,1.170,1.560,1.100,2,0,22.951,0,0,18,300,0,19,0
25-06 23:26:54,22.077,5.018,72.001,0.251,0,5309348,222212,173268,2298548,4877.029,1625.676,0,1433.004,0,38.133,2440,1926,1.170,1.560,1.100,2,0,13.046,0,0,18,301,0,19,0
25-06 23:26:55,25.252,6.000,67.755,0,0,5275544,255988,173268,2298576,4578.337,1458.107,0,300.022,0,19.001,3192,2840,1.240,1.570,1.100,1,0,66.005,0,0,18,300,0,19,0
25-06 23:26:56,21.935,4.736,71.538,0,0,5301272,222564,173268,2306240,5161.707,1615.215,0,11.965,0,2.991,2972,2617,1.240,1.570,1.100,1,0,50.849,0,0,18,300,0,19,0
25-06 23:26:57,21.225,2.247,75.410,0,0,5312880,207624,173284,2309476,10521.396,3766.488,0,1126.650,0,17.978,2072,1752,1.240,1.570,1.100,1,0,15.981,0,0,18,300,0,19,0
25-06 23:26:58,15.241,1.499,80.700,0.500,0,5327088,192964,173348,2309844,23269.644,12655.193,0,1315.189,0,41.974,1729,1567,1.240,1.570,1.100,0,0,0,0,0,18,301,0,19,0
25-06 23:26:59,11.779,2.005,84.961,1.002,0.251,5325384,194016,173516,2310308,138594.725,16935.123,0,2065.137,0,87.217,2159,2298,1.240,1.570,1.100,0,0,0,0,0,18,302,0,19,0
25-06 23:27:00,17.784,1.753,77.650,0.501,0,5331248,187876,173672,2310584,49619.656,13290.622,0,9097.538,0,323.624,2377,2419,1.220,1.560,1.100,1,0,0,0,0,18,302,0,16,0
25-06 23:27:01,14.975,1.747,82.115,0.998,0,5331504,187140,173800,2310936,22158.490,12134.007,15.974,1545.454,0.998,60.900,1960,2018,1.220,1.560,1.100,1,0,0,0,0,18,302,0,16,0
25-06 23:27:02,9.501,1.000,87.013,0.500,0,5337004,181092,173948,2311336,346203.039,16824.432,0,1468.212,0,59.009,1986,1903,1.220,1.560,1.100,0,0,0,0,0,18,302,0,16,0
25-06 23:27:03,10.009,3.253,85.076,0.751,0,5348344,169008,174328,2311684,116510.503,21598.187,28.025,3074.731,4.004,146.130,2141,2381,1.220,1.560,1.100,1,0,2.002,0,0,18,302,0,16,0
25-06 23:27:04,28.966,7.241,62.426,0.250,0,5389968,130508,174432,2308520,389984.070,19062.518,870.973,1090.714,11.986,36.956,3467,2391,1.220,1.560,1.100,1,0,7.991,0,0,18,302,0,12,0
25-06 23:27:05,12.759,5.754,79.059,0.250,0,5379484,146272,174448,2303280,4509970.575,68661.071,256.191,12945.629,2.001,88.066,5125,3850,1.120,1.530,1.090,1,0,4.003,0,0,18,302,0,12,0
25-06 23:27:06,5.748,3.499,87.470,0,0,5367904,145192,174508,2315848,6557427.694,92959.617,0,6489.739,0,275.904,6564,3920,1.120,1.530,1.090,0,0,2.999,0,0,18,302,0,12,0
25-06 23:27:07,6.250,3.250,86.248,1.000,0.250,5347344,145064,174636,2336324,7384954.029,105579.184,163.996,12943.655,4.000,69.998,7116,3886,1.120,1.530,1.090,1,0,1.000,0,0,18,302,0,12,0
25-06 23:27:08,22.042,2.505,74.392,0.501,0.250,5340100,141536,174948,2346664,196902.901,4042.718,0,1378.632,0,54.103,2168,1864,1.120,1.530,1.090,2,0,1.002,0,0,18,302,0,10,0
25-06 23:27:09,22.455,3.493,71.856,0.749,0,5340632,142432,178120,2341880,4628.746,1455.091,0,4371.260,0,73.852,2424,2102,1.120,1.530,1.090,2,0,0,0,0,18,302,0,10,0
25-06 23:27:10,24.281,3.755,70.340,0.501,0,5344936,138832,178532,2340848,4405.638,1459.868,0,30783.397,0,214.274,2768,2660,1.110,1.520,1.090,3,0,0,0,0,18,302,0,10,0
25-06 23:27:11,22.993,4.499,70.479,1.500,0,5352828,150164,179320,2321360,4053.800,1457.569,0,5098.491,0,241.928,2998,3492,1.110,1.520,1.090,2,0,0,0,0,18,302,0,10,0
25-06 23:27:12,20.026,5.006,72.843,0.501,0,5353512,134864,180272,2335308,4043.189,1459.874,0,2062.647,0,78.100,2322,2040,1.110,1.520,1.090,2,0,0,0,0,18,302,0,9,0
25-06 23:27:13,23.687,2.743,71.808,0.499,0,5349856,151648,180788,2321720,4326.437,1454.114,3.989,15067.728,0.997,117.685,2266,2002,1.110,1.520,1.090,4,0,0,0,0,18,302,0,9,0
25-06 23:27:14,23.298,7.515,68.389,0.501,0,5341980,165488,182160,2314844,4477.129,1460.979,0,145204.089,0,989.017,3718,3863,1.110,1.520,1.090,2,0,0,0,0,18,302,0,9,0
25-06 23:27:15,23.710,4.243,69.882,0.998,0,5344124,135792,183048,2340344,4630.183,1455.543,0,2312.097,0,84.857,2676,2499,1.100,1.510,1.090,1,0,5.990,0,0,18,302,0,9,0
25-06 23:27:16,24.735,3.998,68.959,0.500,0,5268424,256456,183648,2294480,5755.595,1804.932,0,2222.685,0,93.944,2908,2854,1.100,1.510,1.090,1,0,2.998,0,0,18,300,0,7,0
25-06 23:27:17,17.510,4.753,76.041,0.250,0,5322744,202084,183648,2294532,12091.565,4497.442,0,1080.587,0,130.071,2491,2267,1.100,1.510,1.090,1,0,34.018,0,0,18,301,0,7,0
25-06 23:27:18,22.492,4.248,72.724,0,0,5311568,206472,183728,2300776,5218.113,1697.386,0,1207.563,0,15.994,2228,1714,1.100,1.510,1.090,4,0,3.999,0,0,18,300,0,7,0
25-06 23:27:19,22.008,8.003,67.526,0.250,0,5354956,161908,183756,2301816,5161.981,1620.622,0,79870.655,0,745.286,10750,19227,1.100,1.510,1.090,2,0,12.005,0,0,18,300,0,7,0
25-06 23:27:20,22.201,7.733,68.099,0.249,0,5339144,177532,183764,2301964,5268.329,1616.419,0,590.691,0,28.936,9186,17283,1.090,1.500,1.090,2,0,12.971,0,0,18,300,0,4,0
25-06 23:27:21,20.797,6.014,71.914,0.251,0,5328356,193600,183796,2296616,5094.612,1665.797,0,653.490,0,28.064,2419,2151,1.090,1.500,1.090,3,0,7.016,0,0,18,300,0,4,0
25-06 23:27:22,22.249,4.500,71.998,0,0,5321328,201468,183932,2296052,4783.850,1499.953,247.992,59.998,4.000,5.000,2140,1702,1.090,1.500,1.090,1,0,6.000,0,0,18,300,0,4,0
25-06 23:27:23,23.212,4.493,71.133,0.749,0,5332284,188392,184020,2298064,4698.290,1617.346,626.971,2372.107,18.969,70.884,4215,5187,1.090,1.500,1.090,1,0,0,0,0,18,302,0,5,0
25-06 23:27:24,26.298,5.009,64.869,1.753,0,5332484,187068,184020,2299172,4586.407,1460.677,673.234,3474.369,42.077,336.617,7316,10725,1.090,1.500,1.090,1,0,1.002,0,0,18,302,0,8,0
25-06 23:27:25,9.266,20.536,67.870,0,0,5298168,221092,184020,2299464,4706.290,1460.573,128.226,168.296,1.002,10.018,5237,3907,1.080,1.490,1.090,1,0,294.519,0,0,18,302,0,8,0
25-06 23:27:26,13.746,14.746,69.229,0.750,0,5278448,239180,184028,2301100,6215.146,1457.565,1775.470,547.837,117.965,21.993,4467,3412,1.080,1.490,1.090,0,1,154.954,0,0,18,302,0,10,0
25-06 23:27:27,2.495,2.246,90.076,3.244,0,5276868,237244,184040,2304608,10022.678,3302.633,3365.512,3621.019,563.913,173.665,2130,3262,1.080,1.490,1.090,1,0,5.988,0,0,18,303,0,10,0
25-06 23:27:28,1.000,0.750,96.720,0,0,5273268,240844,184040,2304608,7353.744,2416.259,0,2079.362,0,324.900,1131,1538,1.080,1.490,1.090,0,0,0,0,0,18,303,0,10,0
25-06 23:27:29,2.504,1.502,94.884,0,0,5269672,244440,184040,2304608,66203.194,4089.757,0,280.395,0,27.038,1264,1768,1.080,1.490,1.090,2,0,2.003,0,0,18,303,0,10,0
25-06 23:27:30,5.500,2.500,91.255,0.250,0,5259108,254116,184044,2305492,254937.695,21243.058,292.015,1272.063,12.001,38.002,1885,2230,1.080,1.490,1.090,1,1,13.001,0,0,18,302,0,10,1
25-06 23:27:31,1.248,0.749,96.594,0.250,0,5241672,271940,184052,2305096,5935.384,111479.391,11.981,0,2.995,0,1103,1423,1.080,1.490,1.090,0,0,0,0,0,18,302,0,10,0
25-06 23:27:32,0.750,0.250,97.988,0,0,5233328,280284,184052,2305096,4397.472,1457.825,0,0,0,0,881,1252,1.080,1.490,1.090,1,0,0,0,0,18,302,0,10,0
25-06 23:27:33,1.251,0.751,96.861,0.250,0,5230584,283028,184052,2305096,5175.957,1621.867,0,396.456,0,19.022,896,1325,1.080,1.490,1.090,0,0,0,0,0,18,302,0,10,0
25-06 23:27:34,3.000,1.000,94.243,0.500,0,5226852,286744,184052,2305112,4397.687,1457.896,0,531.962,0,63.995,1613,2411,1.080,1.490,1.090,0,0,0,0,0,18,302,0,10,0
25-06 23:27:35,0.750,0.500,96.962,0,0,5225780,287808,184052,2305120,4858.086,1619.362,0,0,0,0,949,1369,0.990,1.460,1.080,1,0,0,0,0,18,302,0,10,0
25-06 23:27:36,1.500,1.000,96.512,0,0,5226000,287584,184052,2305124,4877.606,1620.201,0,20.002,0,1.000,1036,1367,0.990,1.460,1.080,0,0,3.000,0,0,18,302,0,10,0
25-06 23:27:37,1.250,0.500,97.501,0.250,0,5226064,287520,184052,2305124,4560.031,1620.011,0,300.002,0,18.000,866,1296,0.990,1.460,1.080,0,0,0,0,0,18,302,0,10,0
25-06 23:27:38,0.997,0.249,97.506,0,0,5225968,287616,184052,2305124,4668.296,1615.949,0,27.930,0,3.990,800,1217,0.990,1.460,1.080,0,0,0,0,0,18,302,0,10,0
25-06 23:27:39,1.504,3.759,93.986,0,0,5231992,281588,184052,2305128,4872.209,1624.070,0,112.281,0,13.033,1159,1416,0.990,1.460,1.080,0,0,0,0,0,18,302,0,10,0
25-06 23:27:40,1.497,0.998,96.528,0,0,5236464,277116,184052,2305128,4669.284,1616.290,0,255.414,0,23.945,1113,1628,0.910,1.440,1.080,1,0,0,0,0,18,302,0,10,0
25-06 23:27:41,1.003,0.502,97.326,0,0,5236460,277116,184052,2305132,4592.393,1625.448,0,8.027,0,1.003,970,1417,0.910,1.440,1.080,0,0,0,0,0,18,302,0,10,0
25-06 23:27:42,1.000,0.500,97.734,0,0,5236460,277116,184052,2305132,4397.262,1457.755,0,47.992,0,3.999,858,1246,0.910,1.440,1.080,0,0,0,0,0,18,302,0,10,0
25-06 23:27:43,1.250,0.250,97.969,0,0,5236456,277116,184052,2305136,4678.526,1619.490,0,851.732,0,174.945,902,1206,0.910,1.440,1.080,0,0,0,0,0,18,302,0,10,0
25-06 23:27:44,1.998,1.249,95.169,0.500,0,5236448,277116,184052,2305144,4034.581,1456.766,15.986,367.688,0.999,45.961,1348,1951,0.910,1.440,1.080,0,0,0,0,0,18,302,0,10,0
25-06 23:27:45,1.000,2.250,94.262,0.250,0,5236180,277368,184052,2305160,3432.436,972.124,0,25355.223,0,342.043,1797,2548,0.840,1.410,1.070,0,0,0,0,0,18,302,0,10,0
25-06 23:27:46,1.247,0.499,97.302,0,0,5236180,277368,184052,2305160,4132.589,862.245,0,299.391,0,15.968,951,1376,0.840,1.410,1.070,0,0,0.998,0,0,18,302,0,10,0
25-06 23:27:47,1.249,0.750,96.950,0,0,5236176,277368,184052,2305164,4039.916,1241.360,0,327.831,0,16.991,1047,1564,0.840,1.410,1.070,0,0,0,0,0,18,302,0,10,0
25-06 23:27:48,1.253,0.501,96.719,0.501,0,5236176,277368,184052,2305164,4389.931,1623.673,0,1808.090,0,85.193,1116,1630,0.840,1.410,1.070,0,0,0,0,0,18,302,0,10,0
25-06 23:27:49,5.513,3.759,89.965,0,0,5248524,265020,184052,2307868,4348.401,1461.496,0,36.086,0,4.010,1773,3842,0.840,1.410,1.070,2,0,36.086,0,0,18,302,0,10,0
25-06 23:27:50,3.745,3.245,92.115,0.250,0,5217340,296436,184052,2305168,4733.061,1617.628,0,38511.537,0,332.512,2130,3533,0.770,1.390,1.070,0,0,0,0,0,18,302,0,11,0
25-06 23:27:51,1.250,0.250,97.519,0,0,5217340,296436,184052,2305168,5118.018,1620.322,0,0,0,0,988,1342,0.770,1.390,1.070,0,0,0,0,0,18,302,0,11,0
25-06 23:27:52,0.500,0.500,97.002,0,0,5217340,296436,184052,2305168,4878.084,1458.025,0,40.001,0,5.000,924,1298,0.770,1.390,1.070,0,0,0,0,0,18,302,0,11,0
25-06 23:27:53,1.000,0.250,98.021,0,0,5210860,302916,184052,2305168,5341.118,1620.339,0,8.002,0,1.000,790,1163,0.770,1.390,1.070,0,0,0,0,0,18,302,0,10,0
25-06 23:27:54,1.498,0.749,96.649,0,0,5210840,302924,184052,2305180,4992.788,1456.480,0,163.829,0,17.981,1127,1654,0.770,1.390,1.070,0,0,0,0,0,18,302,0,10,0
25-06 23:27:55,1.251,1.001,96.603,0.250,0,5210840,302924,184052,2305180,5405.755,1621.727,0,3139.342,0,38.040,1087,1488,0.710,1.370,1.060,0,0,0,0,0,18,302,0,10,0
25-06 23:27:56,3.499,1.749,93.218,0.250,0,5212060,301688,184052,2305196,5175.224,1661.430,0,67.977,0,9.997,1502,2029,0.710,1.370,1.060,0,0,3.999,0,0,18,302,0,10,0
25-06 23:27:57,3.498,1.000,94.457,0.250,0,5212304,301436,184052,2305204,5397.538,1619.261,0,39.982,0,2.999,1381,1751,0.710,1.370,1.060,0,0,1.999,0,0,18,302,0,10,0
25-06 23:27:58,2.500,0.750,96.252,0,0.250,5212288,301436,184052,2305220,5160.105,1620.033,0,128.003,0,13.000,1207,1730,0.710,1.370,1.060,0,0,1.000,0,0,18,302,0,10,0
25-06 23:27:59,2.249,0.250,95.725,0,0,5212288,301436,184052,2305220,4126.904,647.828,0,1051.721,0,194.948,1239,1715,0.710,1.370,1.060,0,0,0,0,0,18,302,0,10,0
25-06 23:28:00,2.503,1.001,95.617,0.250,0,5212268,301436,184060,2305232,3754.593,810.992,4.005,316.387,1.001,38.047,1301,2039,0.650,1.340,1.050,0,0,0,0,0,18,302,0,10,0
25-06 23:28:01,0.750,0.500,97.228,0,0,5213024,300680,184064,2305228,18654.758,835.810,3.999,107.975,1.000,7.998,913,1364,0.650,1.340,1.050,1,0,1.000,0,0,18,302,0,10,0
25-06 23:28:02,12.262,4.254,82.581,0,0,5246172,267428,184064,2305332,395518.578,7409.242,0,0,0,0,2213,1847,0.650,1.340,1.050,2,0,24.023,0,0,18,302,0,10,0
25-06 23:28:03,12.730,5.491,80.126,0.250,0,5252224,261348,184064,2305360,290227.556,8702.493,119.814,407.368,4.992,18.971,2488,2007,0.650,1.340,1.050,3,0,23.963,0,0,18,302,0,10,0
