Jul 03 11:17:19 jammy-provider-cloud-0000007292 systemd[1]: Starting Devstack devstack@g-api.service...
Jul 03 11:17:19 jammy-provider-cloud-0000007292 devstack@g-api.service[103240]: [uWSGI] getting INI configuration from /etc/glance/glance-uwsgi.ini
Jul 03 11:17:19 jammy-provider-cloud-0000007292 devstack@g-api.service[103240]: *** Starting uWSGI 2.0.20-debian (64bit) on [Wed Jul  3 11:17:19 2024] ***
Jul 03 11:17:19 jammy-provider-cloud-0000007292 devstack@g-api.service[103240]: compiled with version: 11.2.0 on 21 March 2022 11:00:44
Jul 03 11:17:19 jammy-provider-cloud-0000007292 devstack@g-api.service[103240]: os: Linux-5.15.0-107-generic #117-Ubuntu SMP Fri Apr 26 12:26:49 UTC 2024
Jul 03 11:17:19 jammy-provider-cloud-0000007292 devstack@g-api.service[103240]: nodename: jammy-provider-cloud-0000007292
Jul 03 11:17:19 jammy-provider-cloud-0000007292 devstack@g-api.service[103240]: machine: x86_64
Jul 03 11:17:19 jammy-provider-cloud-0000007292 devstack@g-api.service[103240]: clock source: unix
Jul 03 11:17:19 jammy-provider-cloud-0000007292 devstack@g-api.service[103240]: pcre jit disabled
Jul 03 11:17:19 jammy-provider-cloud-0000007292 devstack@g-api.service[103240]: detected number of CPU cores: 4
Jul 03 11:17:19 jammy-provider-cloud-0000007292 devstack@g-api.service[103240]: current working directory: /
Jul 03 11:17:19 jammy-provider-cloud-0000007292 devstack@g-api.service[103240]: detected binary path: /usr/bin/uwsgi-core
Jul 03 11:17:19 jammy-provider-cloud-0000007292 devstack@g-api.service[103240]: your processes number limit is 31298
Jul 03 11:17:19 jammy-provider-cloud-0000007292 devstack@g-api.service[103240]: your memory page size is 4096 bytes
Jul 03 11:17:19 jammy-provider-cloud-0000007292 devstack@g-api.service[103240]: detected max file descriptor number: 2048
Jul 03 11:17:19 jammy-provider-cloud-0000007292 devstack@g-api.service[103240]: lock engine: pthread robust mutexes
Jul 03 11:17:19 jammy-provider-cloud-0000007292 devstack@g-api.service[103240]: thunder lock: enabled
Jul 03 11:17:19 jammy-provider-cloud-0000007292 devstack@g-api.service[103240]: uwsgi socket 0 bound to TCP address 127.0.0.1:60999 fd 4
Jul 03 11:17:19 jammy-provider-cloud-0000007292 devstack@g-api.service[103240]: Python version: 3.10.12 (main, Nov 20 2023, 15:14:05) [GCC 11.4.0]
Jul 03 11:17:19 jammy-provider-cloud-0000007292 devstack@g-api.service[103240]: PEP 405 virtualenv detected: /opt/stack/data/venv
Jul 03 11:17:19 jammy-provider-cloud-0000007292 devstack@g-api.service[103240]: Set PythonHome to /opt/stack/data/venv
Jul 03 11:17:19 jammy-provider-cloud-0000007292 devstack@g-api.service[103240]: Python main interpreter initialized at 0x55c946fd2e00
Jul 03 11:17:19 jammy-provider-cloud-0000007292 devstack@g-api.service[103240]: python threads support enabled
Jul 03 11:17:19 jammy-provider-cloud-0000007292 devstack@g-api.service[103240]: your server socket listen backlog is limited to 100 connections
Jul 03 11:17:19 jammy-provider-cloud-0000007292 devstack@g-api.service[103240]: your mercy for graceful operations on workers is 80 seconds
Jul 03 11:17:19 jammy-provider-cloud-0000007292 devstack@g-api.service[103240]: mapped 403077 bytes (393 KB) for 2 cores
Jul 03 11:17:19 jammy-provider-cloud-0000007292 devstack@g-api.service[103240]: *** Operational MODE: preforking ***
Jul 03 11:17:19 jammy-provider-cloud-0000007292 devstack@g-api.service[103240]: *** uWSGI is running in multiple interpreter mode ***
Jul 03 11:17:19 jammy-provider-cloud-0000007292 devstack@g-api.service[103240]: spawned uWSGI master process (pid: 103240)
Jul 03 11:17:19 jammy-provider-cloud-0000007292 devstack@g-api.service[103240]: spawned uWSGI worker 1 (pid: 103241, cores: 1)
Jul 03 11:17:19 jammy-provider-cloud-0000007292 devstack@g-api.service[103240]: spawned uWSGI worker 2 (pid: 103242, cores: 1)
Jul 03 11:17:19 jammy-provider-cloud-0000007292 devstack@g-api.service[103240]: running "unix_signal:15 gracefully_kill_them_all" (master-start)...
Jul 03 11:17:19 jammy-provider-cloud-0000007292 systemd[1]: Started Devstack devstack@g-api.service.
Jul 03 11:17:20 jammy-provider-cloud-0000007292 devstack@g-api.service[103241]: INFO glance.async_ [-] Threadpool model set to 'NativeThreadPoolModel'
Jul 03 11:17:20 jammy-provider-cloud-0000007292 devstack@g-api.service[103242]: INFO glance.async_ [-] Threadpool model set to 'NativeThreadPoolModel'
Jul 03 11:17:20 jammy-provider-cloud-0000007292 devstack@g-api.service[103241]: DEBUG oslo_concurrency.processutils [-] Running cmd (subprocess): grep -F node.session.scan /sbin/iscsiadm {{(pid=103241) execute /opt/stack/data/venv/lib/python3.10/site-packages/oslo_concurrency/processutils.py:390}}
Jul 03 11:17:20 jammy-provider-cloud-0000007292 devstack@g-api.service[103241]: DEBUG oslo_concurrency.processutils [-] CMD "grep -F node.session.scan /sbin/iscsiadm" returned: 0 in 0.014s {{(pid=103241) execute /opt/stack/data/venv/lib/python3.10/site-packages/oslo_concurrency/processutils.py:428}}
Jul 03 11:17:20 jammy-provider-cloud-0000007292 devstack@g-api.service[103242]: DEBUG oslo_concurrency.processutils [-] Running cmd (subprocess): grep -F node.session.scan /sbin/iscsiadm {{(pid=103242) execute /opt/stack/data/venv/lib/python3.10/site-packages/oslo_concurrency/processutils.py:390}}
Jul 03 11:17:20 jammy-provider-cloud-0000007292 devstack@g-api.service[103241]: DEBUG glance_store.common.attachment_state_manager [-] Initialising _AttachmentStateManager {{(pid=103241) __init__ /opt/stack/data/venv/lib/python3.10/site-packages/glance_store/common/attachment_state_manager.py:86}}
Jul 03 11:17:20 jammy-provider-cloud-0000007292 devstack@g-api.service[103242]: DEBUG oslo_concurrency.processutils [-] CMD "grep -F node.session.scan /sbin/iscsiadm" returned: 0 in 0.014s {{(pid=103242) execute /opt/stack/data/venv/lib/python3.10/site-packages/oslo_concurrency/processutils.py:428}}
Jul 03 11:17:20 jammy-provider-cloud-0000007292 devstack@g-api.service[103242]: DEBUG glance_store.common.attachment_state_manager [-] Initialising _AttachmentStateManager {{(pid=103242) __init__ /opt/stack/data/venv/lib/python3.10/site-packages/glance_store/common/attachment_state_manager.py:86}}
Jul 03 11:17:20 jammy-provider-cloud-0000007292 devstack@g-api.service[103241]: DEBUG glance_store.backend [-] Attempting to import store cinder {{(pid=103241) _load_store /opt/stack/data/venv/lib/python3.10/site-packages/glance_store/backend.py:216}}
Jul 03 11:17:20 jammy-provider-cloud-0000007292 devstack@g-api.service[103241]: DEBUG glance_store.backend [-] Attempting to import store file {{(pid=103241) _load_store /opt/stack/data/venv/lib/python3.10/site-packages/glance_store/backend.py:216}}
Jul 03 11:17:20 jammy-provider-cloud-0000007292 devstack@g-api.service[103241]: DEBUG glance_store.backend [-] Attempting to import store glance.store.cinder.Store {{(pid=103241) _load_store /opt/stack/data/venv/lib/python3.10/site-packages/glance_store/backend.py:216}}
Jul 03 11:17:20 jammy-provider-cloud-0000007292 devstack@g-api.service[103241]: DEBUG glance_store.backend [-] Attempting to import store glance.store.filesystem.Store {{(pid=103241) _load_store /opt/stack/data/venv/lib/python3.10/site-packages/glance_store/backend.py:216}}
Jul 03 11:17:20 jammy-provider-cloud-0000007292 devstack@g-api.service[103241]: DEBUG glance_store.backend [-] Attempting to import store glance.store.http.Store {{(pid=103241) _load_store /opt/stack/data/venv/lib/python3.10/site-packages/glance_store/backend.py:216}}
Jul 03 11:17:20 jammy-provider-cloud-0000007292 devstack@g-api.service[103241]: DEBUG glance_store.backend [-] Attempting to import store glance.store.rbd.Store {{(pid=103241) _load_store /opt/stack/data/venv/lib/python3.10/site-packages/glance_store/backend.py:216}}
Jul 03 11:17:20 jammy-provider-cloud-0000007292 devstack@g-api.service[103241]: DEBUG glance_store.backend [-] Attempting to import store glance.store.s3.Store {{(pid=103241) _load_store /opt/stack/data/venv/lib/python3.10/site-packages/glance_store/backend.py:216}}
Jul 03 11:17:20 jammy-provider-cloud-0000007292 devstack@g-api.service[103241]: DEBUG glance_store.backend [-] Attempting to import store glance.store.swift.Store {{(pid=103241) _load_store /opt/stack/data/venv/lib/python3.10/site-packages/glance_store/backend.py:216}}
Jul 03 11:17:20 jammy-provider-cloud-0000007292 devstack@g-api.service[103241]: DEBUG glance_store.backend [-] Attempting to import store glance.store.vmware_datastore.Store {{(pid=103241) _load_store /opt/stack/data/venv/lib/python3.10/site-packages/glance_store/backend.py:216}}
Jul 03 11:17:20 jammy-provider-cloud-0000007292 devstack@g-api.service[103241]: DEBUG glance_store.backend [-] Attempting to import store http {{(pid=103241) _load_store /opt/stack/data/venv/lib/python3.10/site-packages/glance_store/backend.py:216}}
Jul 03 11:17:20 jammy-provider-cloud-0000007292 devstack@g-api.service[103241]: DEBUG glance_store.backend [-] Attempting to import store no_conf {{(pid=103241) _load_store /opt/stack/data/venv/lib/python3.10/site-packages/glance_store/backend.py:216}}
Jul 03 11:17:20 jammy-provider-cloud-0000007292 devstack@g-api.service[103241]: DEBUG glance_store.backend [-] Attempting to import store rbd {{(pid=103241) _load_store /opt/stack/data/venv/lib/python3.10/site-packages/glance_store/backend.py:216}}
Jul 03 11:17:20 jammy-provider-cloud-0000007292 devstack@g-api.service[103241]: DEBUG glance_store.backend [-] Attempting to import store s3 {{(pid=103241) _load_store /opt/stack/data/venv/lib/python3.10/site-packages/glance_store/backend.py:216}}
Jul 03 11:17:20 jammy-provider-cloud-0000007292 devstack@g-api.service[103241]: DEBUG glance_store.backend [-] Attempting to import store swift {{(pid=103241) _load_store /opt/stack/data/venv/lib/python3.10/site-packages/glance_store/backend.py:216}}
Jul 03 11:17:20 jammy-provider-cloud-0000007292 devstack@g-api.service[103241]: DEBUG glance_store.backend [-] Attempting to import store vmware {{(pid=103241) _load_store /opt/stack/data/venv/lib/python3.10/site-packages/glance_store/backend.py:216}}
Jul 03 11:17:20 jammy-provider-cloud-0000007292 devstack@g-api.service[103241]: DEBUG glance_store.backend [-] Registering options for group glance_store {{(pid=103241) register_opts /opt/stack/data/venv/lib/python3.10/site-packages/glance_store/backend.py:145}}
Jul 03 11:17:20 jammy-provider-cloud-0000007292 devstack@g-api.service[103241]: DEBUG glance_store.backend [-] Registering options for group glance_store {{(pid=103241) register_opts /opt/stack/data/venv/lib/python3.10/site-packages/glance_store/backend.py:145}}
Jul 03 11:17:20 jammy-provider-cloud-0000007292 devstack@g-api.service[103241]: DEBUG glance_store.backend [-] Attempting to import store http {{(pid=103241) _load_store /opt/stack/data/venv/lib/python3.10/site-packages/glance_store/backend.py:216}}
Jul 03 11:17:20 jammy-provider-cloud-0000007292 devstack@g-api.service[103241]: DEBUG glance_store.capabilities [-] Store glance_store._drivers.http.Store doesn't support updating dynamic storage capabilities. Please overwrite 'update_capabilities' method of the store to implement updating logics if needed. {{(pid=103241) update_capabilities /opt/stack/data/venv/lib/python3.10/site-packages/glance_store/capabilities.py:91}}
Jul 03 11:17:20 jammy-provider-cloud-0000007292 devstack@g-api.service[103241]: DEBUG glance_store.backend [-] Registering store http with schemes ('http', 'https') {{(pid=103241) create_stores /opt/stack/data/venv/lib/python3.10/site-packages/glance_store/backend.py:262}}
Jul 03 11:17:20 jammy-provider-cloud-0000007292 devstack@g-api.service[103241]: DEBUG glance_store.driver [-] Late loading location class glance_store._drivers.http.StoreLocation {{(pid=103241) get_store_location_class /opt/stack/data/venv/lib/python3.10/site-packages/glance_store/driver.py:133}}
Jul 03 11:17:20 jammy-provider-cloud-0000007292 devstack@g-api.service[103241]: DEBUG glance_store.location [-] Registering scheme http with {'store': <glance_store._drivers.http.Store object at 0x7f4383813760>, 'location_class': <class 'glance_store._drivers.http.StoreLocation'>, 'store_entry': 'http'} {{(pid=103241) register_scheme_map /opt/stack/data/venv/lib/python3.10/site-packages/glance_store/location.py:146}}
Jul 03 11:17:20 jammy-provider-cloud-0000007292 devstack@g-api.service[103241]: DEBUG glance_store.location [-] Registering scheme https with {'store': <glance_store._drivers.http.Store object at 0x7f4383813760>, 'location_class': <class 'glance_store._drivers.http.StoreLocation'>, 'store_entry': 'http'} {{(pid=103241) register_scheme_map /opt/stack/data/venv/lib/python3.10/site-packages/glance_store/location.py:146}}
Jul 03 11:17:20 jammy-provider-cloud-0000007292 devstack@g-api.service[103241]: DEBUG glance_store.backend [-] Attempting to import store file {{(pid=103241) _load_store /opt/stack/data/venv/lib/python3.10/site-packages/glance_store/backend.py:216}}
Jul 03 11:17:20 jammy-provider-cloud-0000007292 devstack@g-api.service[103241]: DEBUG glance_store.capabilities [-] Store glance_store._drivers.filesystem.Store doesn't support updating dynamic storage capabilities. Please overwrite 'update_capabilities' method of the store to implement updating logics if needed. {{(pid=103241) update_capabilities /opt/stack/data/venv/lib/python3.10/site-packages/glance_store/capabilities.py:91}}
Jul 03 11:17:20 jammy-provider-cloud-0000007292 devstack@g-api.service[103241]: DEBUG glance_store.backend [-] Registering store file with schemes ('file', 'filesystem') {{(pid=103241) create_stores /opt/stack/data/venv/lib/python3.10/site-packages/glance_store/backend.py:262}}
Jul 03 11:17:20 jammy-provider-cloud-0000007292 devstack@g-api.service[103241]: DEBUG glance_store.driver [-] Late loading location class glance_store._drivers.filesystem.StoreLocation {{(pid=103241) get_store_location_class /opt/stack/data/venv/lib/python3.10/site-packages/glance_store/driver.py:133}}
Jul 03 11:17:20 jammy-provider-cloud-0000007292 devstack@g-api.service[103241]: DEBUG glance_store.location [-] Registering scheme file with {'store': <glance_store._drivers.filesystem.Store object at 0x7f4383811d80>, 'location_class': <class 'glance_store._drivers.filesystem.StoreLocation'>, 'store_entry': 'file'} {{(pid=103241) register_scheme_map /opt/stack/data/venv/lib/python3.10/site-packages/glance_store/location.py:146}}
Jul 03 11:17:20 jammy-provider-cloud-0000007292 devstack@g-api.service[103241]: DEBUG glance_store.location [-] Registering scheme filesystem with {'store': <glance_store._drivers.filesystem.Store object at 0x7f4383811d80>, 'location_class': <class 'glance_store._drivers.filesystem.StoreLocation'>, 'store_entry': 'file'} {{(pid=103241) register_scheme_map /opt/stack/data/venv/lib/python3.10/site-packages/glance_store/location.py:146}}
Jul 03 11:17:20 jammy-provider-cloud-0000007292 devstack@g-api.service[103241]: DEBUG glance.sqlite_migration [-] SQLite caching database not located, skipping migration {{(pid=103241) get_db_path /opt/stack/glance/glance/sqlite_migration.py:68}}
Jul 03 11:17:20 jammy-provider-cloud-0000007292 devstack@g-api.service[103241]: WARNING glance.common.wsgi_app [-] Import methods are enabled but staging directory /tmp/staging/ does not exist; Imports will fail!
Jul 03 11:17:20 jammy-provider-cloud-0000007292 devstack@g-api.service[103242]: DEBUG glance_store.backend [-] Attempting to import store cinder {{(pid=103242) _load_store /opt/stack/data/venv/lib/python3.10/site-packages/glance_store/backend.py:216}}
Jul 03 11:17:20 jammy-provider-cloud-0000007292 devstack@g-api.service[103242]: DEBUG glance_store.backend [-] Attempting to import store file {{(pid=103242) _load_store /opt/stack/data/venv/lib/python3.10/site-packages/glance_store/backend.py:216}}
Jul 03 11:17:20 jammy-provider-cloud-0000007292 devstack@g-api.service[103242]: DEBUG glance_store.backend [-] Attempting to import store glance.store.cinder.Store {{(pid=103242) _load_store /opt/stack/data/venv/lib/python3.10/site-packages/glance_store/backend.py:216}}
Jul 03 11:17:20 jammy-provider-cloud-0000007292 devstack@g-api.service[103242]: DEBUG glance_store.backend [-] Attempting to import store glance.store.filesystem.Store {{(pid=103242) _load_store /opt/stack/data/venv/lib/python3.10/site-packages/glance_store/backend.py:216}}
Jul 03 11:17:20 jammy-provider-cloud-0000007292 devstack@g-api.service[103242]: DEBUG glance_store.backend [-] Attempting to import store glance.store.http.Store {{(pid=103242) _load_store /opt/stack/data/venv/lib/python3.10/site-packages/glance_store/backend.py:216}}
Jul 03 11:17:20 jammy-provider-cloud-0000007292 devstack@g-api.service[103242]: DEBUG glance_store.backend [-] Attempting to import store glance.store.rbd.Store {{(pid=103242) _load_store /opt/stack/data/venv/lib/python3.10/site-packages/glance_store/backend.py:216}}
Jul 03 11:17:20 jammy-provider-cloud-0000007292 devstack@g-api.service[103242]: DEBUG glance_store.backend [-] Attempting to import store glance.store.s3.Store {{(pid=103242) _load_store /opt/stack/data/venv/lib/python3.10/site-packages/glance_store/backend.py:216}}
Jul 03 11:17:20 jammy-provider-cloud-0000007292 devstack@g-api.service[103242]: DEBUG glance_store.backend [-] Attempting to import store glance.store.swift.Store {{(pid=103242) _load_store /opt/stack/data/venv/lib/python3.10/site-packages/glance_store/backend.py:216}}
Jul 03 11:17:20 jammy-provider-cloud-0000007292 devstack@g-api.service[103242]: DEBUG glance_store.backend [-] Attempting to import store glance.store.vmware_datastore.Store {{(pid=103242) _load_store /opt/stack/data/venv/lib/python3.10/site-packages/glance_store/backend.py:216}}
Jul 03 11:17:20 jammy-provider-cloud-0000007292 devstack@g-api.service[103242]: DEBUG glance_store.backend [-] Attempting to import store http {{(pid=103242) _load_store /opt/stack/data/venv/lib/python3.10/site-packages/glance_store/backend.py:216}}
Jul 03 11:17:20 jammy-provider-cloud-0000007292 devstack@g-api.service[103242]: DEBUG glance_store.backend [-] Attempting to import store no_conf {{(pid=103242) _load_store /opt/stack/data/venv/lib/python3.10/site-packages/glance_store/backend.py:216}}
Jul 03 11:17:20 jammy-provider-cloud-0000007292 devstack@g-api.service[103242]: DEBUG glance_store.backend [-] Attempting to import store rbd {{(pid=103242) _load_store /opt/stack/data/venv/lib/python3.10/site-packages/glance_store/backend.py:216}}
Jul 03 11:17:20 jammy-provider-cloud-0000007292 devstack@g-api.service[103242]: DEBUG glance_store.backend [-] Attempting to import store s3 {{(pid=103242) _load_store /opt/stack/data/venv/lib/python3.10/site-packages/glance_store/backend.py:216}}
Jul 03 11:17:20 jammy-provider-cloud-0000007292 devstack@g-api.service[103242]: DEBUG glance_store.backend [-] Attempting to import store swift {{(pid=103242) _load_store /opt/stack/data/venv/lib/python3.10/site-packages/glance_store/backend.py:216}}
Jul 03 11:17:20 jammy-provider-cloud-0000007292 devstack@g-api.service[103242]: DEBUG glance_store.backend [-] Attempting to import store vmware {{(pid=103242) _load_store /opt/stack/data/venv/lib/python3.10/site-packages/glance_store/backend.py:216}}
Jul 03 11:17:20 jammy-provider-cloud-0000007292 devstack@g-api.service[103242]: DEBUG glance_store.backend [-] Registering options for group glance_store {{(pid=103242) register_opts /opt/stack/data/venv/lib/python3.10/site-packages/glance_store/backend.py:145}}
Jul 03 11:17:20 jammy-provider-cloud-0000007292 devstack@g-api.service[103242]: DEBUG glance_store.backend [-] Registering options for group glance_store {{(pid=103242) register_opts /opt/stack/data/venv/lib/python3.10/site-packages/glance_store/backend.py:145}}
Jul 03 11:17:20 jammy-provider-cloud-0000007292 devstack@g-api.service[103242]: DEBUG glance_store.backend [-] Attempting to import store http {{(pid=103242) _load_store /opt/stack/data/venv/lib/python3.10/site-packages/glance_store/backend.py:216}}
Jul 03 11:17:20 jammy-provider-cloud-0000007292 devstack@g-api.service[103242]: DEBUG glance_store.capabilities [-] Store glance_store._drivers.http.Store doesn't support updating dynamic storage capabilities. Please overwrite 'update_capabilities' method of the store to implement updating logics if needed. {{(pid=103242) update_capabilities /opt/stack/data/venv/lib/python3.10/site-packages/glance_store/capabilities.py:91}}
Jul 03 11:17:20 jammy-provider-cloud-0000007292 devstack@g-api.service[103242]: DEBUG glance_store.backend [-] Registering store http with schemes ('http', 'https') {{(pid=103242) create_stores /opt/stack/data/venv/lib/python3.10/site-packages/glance_store/backend.py:262}}
Jul 03 11:17:20 jammy-provider-cloud-0000007292 devstack@g-api.service[103242]: DEBUG glance_store.driver [-] Late loading location class glance_store._drivers.http.StoreLocation {{(pid=103242) get_store_location_class /opt/stack/data/venv/lib/python3.10/site-packages/glance_store/driver.py:133}}
Jul 03 11:17:20 jammy-provider-cloud-0000007292 devstack@g-api.service[103242]: DEBUG glance_store.location [-] Registering scheme http with {'store': <glance_store._drivers.http.Store object at 0x7f438381f3d0>, 'location_class': <class 'glance_store._drivers.http.StoreLocation'>, 'store_entry': 'http'} {{(pid=103242) register_scheme_map /opt/stack/data/venv/lib/python3.10/site-packages/glance_store/location.py:146}}
Jul 03 11:17:20 jammy-provider-cloud-0000007292 devstack@g-api.service[103242]: DEBUG glance_store.location [-] Registering scheme https with {'store': <glance_store._drivers.http.Store object at 0x7f438381f3d0>, 'location_class': <class 'glance_store._drivers.http.StoreLocation'>, 'store_entry': 'http'} {{(pid=103242) register_scheme_map /opt/stack/data/venv/lib/python3.10/site-packages/glance_store/location.py:146}}
Jul 03 11:17:20 jammy-provider-cloud-0000007292 devstack@g-api.service[103242]: DEBUG glance_store.backend [-] Attempting to import store file {{(pid=103242) _load_store /opt/stack/data/venv/lib/python3.10/site-packages/glance_store/backend.py:216}}
Jul 03 11:17:20 jammy-provider-cloud-0000007292 devstack@g-api.service[103242]: DEBUG glance_store.capabilities [-] Store glance_store._drivers.filesystem.Store doesn't support updating dynamic storage capabilities. Please overwrite 'update_capabilities' method of the store to implement updating logics if needed. {{(pid=103242) update_capabilities /opt/stack/data/venv/lib/python3.10/site-packages/glance_store/capabilities.py:91}}
Jul 03 11:17:20 jammy-provider-cloud-0000007292 devstack@g-api.service[103242]: DEBUG glance_store.backend [-] Registering store file with schemes ('file', 'filesystem') {{(pid=103242) create_stores /opt/stack/data/venv/lib/python3.10/site-packages/glance_store/backend.py:262}}
Jul 03 11:17:20 jammy-provider-cloud-0000007292 devstack@g-api.service[103242]: DEBUG glance_store.driver [-] Late loading location class glance_store._drivers.filesystem.StoreLocation {{(pid=103242) get_store_location_class /opt/stack/data/venv/lib/python3.10/site-packages/glance_store/driver.py:133}}
Jul 03 11:17:20 jammy-provider-cloud-0000007292 devstack@g-api.service[103242]: DEBUG glance_store.location [-] Registering scheme file with {'store': <glance_store._drivers.filesystem.Store object at 0x7f438381f430>, 'location_class': <class 'glance_store._drivers.filesystem.StoreLocation'>, 'store_entry': 'file'} {{(pid=103242) register_scheme_map /opt/stack/data/venv/lib/python3.10/site-packages/glance_store/location.py:146}}
Jul 03 11:17:20 jammy-provider-cloud-0000007292 devstack@g-api.service[103242]: DEBUG glance_store.location [-] Registering scheme filesystem with {'store': <glance_store._drivers.filesystem.Store object at 0x7f438381f430>, 'location_class': <class 'glance_store._drivers.filesystem.StoreLocation'>, 'store_entry': 'file'} {{(pid=103242) register_scheme_map /opt/stack/data/venv/lib/python3.10/site-packages/glance_store/location.py:146}}
Jul 03 11:17:20 jammy-provider-cloud-0000007292 devstack@g-api.service[103242]: DEBUG glance.sqlite_migration [-] SQLite caching database not located, skipping migration {{(pid=103242) get_db_path /opt/stack/glance/glance/sqlite_migration.py:68}}
Jul 03 11:17:20 jammy-provider-cloud-0000007292 devstack@g-api.service[103242]: WARNING glance.common.wsgi_app [-] Import methods are enabled but staging directory /tmp/staging/ does not exist; Imports will fail!
Jul 03 11:17:20 jammy-provider-cloud-0000007292 devstack@g-api.service[103241]: DEBUG glance.common.config [None req-1e0c1bbe-9efe-4b8f-be24-0eedc7091f86 None None] Loading glance-api-keystone+cachemanagement from /etc/glance/glance-api-paste.ini {{(pid=103241) load_paste_app /opt/stack/glance/glance/common/config.py:700}}
Jul 03 11:17:20 jammy-provider-cloud-0000007292 devstack@g-api.service[103242]: DEBUG glance.common.config [None req-5aafb14e-2947-4f4f-87e8-0e17d38737b8 None None] Loading glance-api-keystone+cachemanagement from /etc/glance/glance-api-paste.ini {{(pid=103242) load_paste_app /opt/stack/glance/glance/common/config.py:700}}
Jul 03 11:17:21 jammy-provider-cloud-0000007292 devstack@g-api.service[103241]: INFO glance.image_cache [None req-1e0c1bbe-9efe-4b8f-be24-0eedc7091f86 None None] Image cache loaded driver 'centralized_db'.
Jul 03 11:17:21 jammy-provider-cloud-0000007292 devstack@g-api.service[103241]: INFO dbcounter [None req-1e0c1bbe-9efe-4b8f-be24-0eedc7091f86 None None] Registered counter for database glance
Jul 03 11:17:21 jammy-provider-cloud-0000007292 devstack@g-api.service[103242]: INFO glance.image_cache [None req-5aafb14e-2947-4f4f-87e8-0e17d38737b8 None None] Image cache loaded driver 'centralized_db'.
Jul 03 11:17:21 jammy-provider-cloud-0000007292 devstack@g-api.service[103241]: DEBUG oslo_db.sqlalchemy.engines [None req-1e0c1bbe-9efe-4b8f-be24-0eedc7091f86 None None] MySQL server mode set to STRICT_TRANS_TABLES,STRICT_ALL_TABLES,NO_ZERO_IN_DATE,NO_ZERO_DATE,ERROR_FOR_DIVISION_BY_ZERO,TRADITIONAL,NO_ENGINE_SUBSTITUTION {{(pid=103241) _check_effective_sql_mode /opt/stack/data/venv/lib/python3.10/site-packages/oslo_db/sqlalchemy/engines.py:342}}
Jul 03 11:17:21 jammy-provider-cloud-0000007292 devstack@g-api.service[103241]: DEBUG dbcounter [-] [103241] Writer thread running {{(pid=103241) stat_writer /opt/stack/data/venv/lib/python3.10/site-packages/dbcounter.py:102}}
Jul 03 11:17:21 jammy-provider-cloud-0000007292 devstack@g-api.service[103242]: INFO dbcounter [None req-5aafb14e-2947-4f4f-87e8-0e17d38737b8 None None] Registered counter for database glance
Jul 03 11:17:21 jammy-provider-cloud-0000007292 devstack@g-api.service[103241]: INFO glance.image_cache [None req-1e0c1bbe-9efe-4b8f-be24-0eedc7091f86 None None] Image cache loaded driver 'centralized_db'.
Jul 03 11:17:21 jammy-provider-cloud-0000007292 devstack@g-api.service[103242]: DEBUG oslo_db.sqlalchemy.engines [None req-5aafb14e-2947-4f4f-87e8-0e17d38737b8 None None] MySQL server mode set to STRICT_TRANS_TABLES,STRICT_ALL_TABLES,NO_ZERO_IN_DATE,NO_ZERO_DATE,ERROR_FOR_DIVISION_BY_ZERO,TRADITIONAL,NO_ENGINE_SUBSTITUTION {{(pid=103242) _check_effective_sql_mode /opt/stack/data/venv/lib/python3.10/site-packages/oslo_db/sqlalchemy/engines.py:342}}
Jul 03 11:17:21 jammy-provider-cloud-0000007292 devstack@g-api.service[103241]: DEBUG glance.image_cache.drivers.centralized_db [None req-1e0c1bbe-9efe-4b8f-be24-0eedc7091f86 None None] Node reference is already recorded, ignoring it {{(pid=103241) configure /opt/stack/glance/glance/image_cache/drivers/centralized_db.py:71}}
Jul 03 11:17:21 jammy-provider-cloud-0000007292 devstack@g-api.service[103241]: DEBUG glance.api.v2.cached_images [None req-1e0c1bbe-9efe-4b8f-be24-0eedc7091f86 None None] Started cache worker thread {{(pid=103241) __init__ /opt/stack/glance/glance/api/v2/cached_images.py:69}}
Jul 03 11:17:21 jammy-provider-cloud-0000007292 devstack@g-api.service[103241]: INFO glance.image_cache [None req-1e0c1bbe-9efe-4b8f-be24-0eedc7091f86 None None] Image cache loaded driver 'centralized_db'.
Jul 03 11:17:21 jammy-provider-cloud-0000007292 devstack@g-api.service[103241]: DEBUG glance.image_cache.drivers.centralized_db [None req-1e0c1bbe-9efe-4b8f-be24-0eedc7091f86 None None] Node reference is already recorded, ignoring it {{(pid=103241) configure /opt/stack/glance/glance/image_cache/drivers/centralized_db.py:71}}
Jul 03 11:17:21 jammy-provider-cloud-0000007292 devstack@g-api.service[103241]: INFO glance.api.middleware.cache_manage [None req-1e0c1bbe-9efe-4b8f-be24-0eedc7091f86 None None] Initialized image cache management middleware
Jul 03 11:17:21 jammy-provider-cloud-0000007292 devstack@g-api.service[103241]: INFO glance.image_cache [None req-1e0c1bbe-9efe-4b8f-be24-0eedc7091f86 None None] Image cache loaded driver 'centralized_db'.
Jul 03 11:17:21 jammy-provider-cloud-0000007292 devstack@g-api.service[103242]: DEBUG dbcounter [-] [103242] Writer thread running {{(pid=103242) stat_writer /opt/stack/data/venv/lib/python3.10/site-packages/dbcounter.py:102}}
Jul 03 11:17:21 jammy-provider-cloud-0000007292 devstack@g-api.service[103241]: DEBUG glance.image_cache.drivers.centralized_db [None req-1e0c1bbe-9efe-4b8f-be24-0eedc7091f86 None None] Node reference is already recorded, ignoring it {{(pid=103241) configure /opt/stack/glance/glance/image_cache/drivers/centralized_db.py:71}}
Jul 03 11:17:21 jammy-provider-cloud-0000007292 devstack@g-api.service[103242]: DEBUG glance.image_cache.drivers.centralized_db [None req-5aafb14e-2947-4f4f-87e8-0e17d38737b8 None None] Node reference is already recorded, ignoring it {{(pid=103242) configure /opt/stack/glance/glance/image_cache/drivers/centralized_db.py:71}}
Jul 03 11:17:21 jammy-provider-cloud-0000007292 devstack@g-api.service[103241]: INFO glance.api.middleware.cache [None req-1e0c1bbe-9efe-4b8f-be24-0eedc7091f86 None None] Initialized image cache middleware
Jul 03 11:17:21 jammy-provider-cloud-0000007292 devstack@g-api.service[103242]: INFO glance.image_cache [None req-5aafb14e-2947-4f4f-87e8-0e17d38737b8 None None] Image cache loaded driver 'centralized_db'.
Jul 03 11:17:21 jammy-provider-cloud-0000007292 devstack@g-api.service[103241]: WARNING keystonemiddleware.auth_token [None req-1e0c1bbe-9efe-4b8f-be24-0eedc7091f86 None None] AuthToken middleware is set with keystone_authtoken.service_token_roles_required set to False. This is backwards compatible but deprecated behaviour. Please set this to True.
Jul 03 11:17:21 jammy-provider-cloud-0000007292 devstack@g-api.service[103242]: DEBUG glance.image_cache.drivers.centralized_db [None req-5aafb14e-2947-4f4f-87e8-0e17d38737b8 None None] Node reference is already recorded, ignoring it {{(pid=103242) configure /opt/stack/glance/glance/image_cache/drivers/centralized_db.py:71}}
Jul 03 11:17:21 jammy-provider-cloud-0000007292 devstack@g-api.service[103241]: WARNING keystonemiddleware.auth_token [None req-1e0c1bbe-9efe-4b8f-be24-0eedc7091f86 None None] Configuring www_authenticate_uri to point to the public identity endpoint is required; clients may not be able to authenticate against an admin endpoint
Jul 03 11:17:21 jammy-provider-cloud-0000007292 devstack@g-api.service[103242]: DEBUG glance.api.v2.cached_images [None req-5aafb14e-2947-4f4f-87e8-0e17d38737b8 None None] Started cache worker thread {{(pid=103242) __init__ /opt/stack/glance/glance/api/v2/cached_images.py:69}}
Jul 03 11:17:21 jammy-provider-cloud-0000007292 devstack@g-api.service[103241]: DEBUG glance.common.config [None req-1e0c1bbe-9efe-4b8f-be24-0eedc7091f86 None None] ******************************************************************************** {{(pid=103241) log_opt_values /opt/stack/data/venv/lib/python3.10/site-packages/oslo_config/cfg.py:2600}}
Jul 03 11:17:21 jammy-provider-cloud-0000007292 devstack@g-api.service[103241]: DEBUG glance.common.config [None req-1e0c1bbe-9efe-4b8f-be24-0eedc7091f86 None None] Configuration options gathered from: {{(pid=103241) log_opt_values /opt/stack/data/venv/lib/python3.10/site-packages/oslo_config/cfg.py:2601}}
Jul 03 11:17:21 jammy-provider-cloud-0000007292 devstack@g-api.service[103242]: INFO glance.image_cache [None req-5aafb14e-2947-4f4f-87e8-0e17d38737b8 None None] Image cache loaded driver 'centralized_db'.
Jul 03 11:17:21 jammy-provider-cloud-0000007292 devstack@g-api.service[103241]: DEBUG glance.common.config [None req-1e0c1bbe-9efe-4b8f-be24-0eedc7091f86 None None] command line args: [] {{(pid=103241) log_opt_values /opt/stack/data/venv/lib/python3.10/site-packages/oslo_config/cfg.py:2602}}
Jul 03 11:17:21 jammy-provider-cloud-0000007292 devstack@g-api.service[103241]: DEBUG glance.common.config [None req-1e0c1bbe-9efe-4b8f-be24-0eedc7091f86 None None] config files: ['/etc/glance/glance-image-import.conf', '/etc/glance/glance-api.conf'] {{(pid=103241) log_opt_values /opt/stack/data/venv/lib/python3.10/site-packages/oslo_config/cfg.py:2603}}
Jul 03 11:17:21 jammy-provider-cloud-0000007292 devstack@g-api.service[103241]: DEBUG glance.common.config [None req-1e0c1bbe-9efe-4b8f-be24-0eedc7091f86 None None] ================================================================================ {{(pid=103241) log_opt_values /opt/stack/data/venv/lib/python3.10/site-packages/oslo_config/cfg.py:2605}}
Jul 03 11:17:21 jammy-provider-cloud-0000007292 devstack@g-api.service[103241]: DEBUG glance.common.config [None req-1e0c1bbe-9efe-4b8f-be24-0eedc7091f86 None None] allow_anonymous_access         = False {{(pid=103241) log_opt_values /opt/stack/data/venv/lib/python3.10/site-packages/oslo_config/cfg.py:2613}}
Jul 03 11:17:21 jammy-provider-cloud-0000007292 devstack@g-api.service[103241]: DEBUG glance.common.config [None req-1e0c1bbe-9efe-4b8f-be24-0eedc7091f86 None None] api_limit_max                  = 1000 {{(pid=103241) log_opt_values /opt/stack/data/venv/lib/python3.10/site-packages/oslo_config/cfg.py:2613}}
Jul 03 11:17:21 jammy-provider-cloud-0000007292 devstack@g-api.service[103241]: DEBUG glance.common.config [None req-1e0c1bbe-9efe-4b8f-be24-0eedc7091f86 None None] backlog                        = 4096 {{(pid=103241) log_opt_values /opt/stack/data/venv/lib/python3.10/site-packages/oslo_config/cfg.py:2613}}
Jul 03 11:17:21 jammy-provider-cloud-0000007292 devstack@g-api.service[103241]: DEBUG glance.common.config [None req-1e0c1bbe-9efe-4b8f-be24-0eedc7091f86 None None] bind_host                      = 0.0.0.0 {{(pid=103241) log_opt_values /opt/stack/data/venv/lib/python3.10/site-packages/oslo_config/cfg.py:2613}}
Jul 03 11:17:21 jammy-provider-cloud-0000007292 devstack@g-api.service[103241]: DEBUG glance.common.config [None req-1e0c1bbe-9efe-4b8f-be24-0eedc7091f86 None None] bind_port                      = None {{(pid=103241) log_opt_values /opt/stack/data/venv/lib/python3.10/site-packages/oslo_config/cfg.py:2613}}
Jul 03 11:17:21 jammy-provider-cloud-0000007292 devstack@g-api.service[103241]: DEBUG glance.common.config [None req-1e0c1bbe-9efe-4b8f-be24-0eedc7091f86 None None] client_socket_timeout          = 900 {{(pid=103241) log_opt_values /opt/stack/data/venv/lib/python3.10/site-packages/oslo_config/cfg.py:2613}}
Jul 03 11:17:21 jammy-provider-cloud-0000007292 devstack@g-api.service[103241]: DEBUG glance.common.config [None req-1e0c1bbe-9efe-4b8f-be24-0eedc7091f86 None None] config_dir                     = [] {{(pid=103241) log_opt_values /opt/stack/data/venv/lib/python3.10/site-packages/oslo_config/cfg.py:2613}}
Jul 03 11:17:21 jammy-provider-cloud-0000007292 devstack@g-api.service[103241]: DEBUG glance.common.config [None req-1e0c1bbe-9efe-4b8f-be24-0eedc7091f86 None None] config_file                    = ['/etc/glance/glance-image-import.conf', '/etc/glance/glance-api.conf'] {{(pid=103241) log_opt_values /opt/stack/data/venv/lib/python3.10/site-packages/oslo_config/cfg.py:2613}}
Jul 03 11:17:21 jammy-provider-cloud-0000007292 devstack@g-api.service[103241]: DEBUG glance.common.config [None req-1e0c1bbe-9efe-4b8f-be24-0eedc7091f86 None None] config_source                  = [] {{(pid=103241) log_opt_values /opt/stack/data/venv/lib/python3.10/site-packages/oslo_config/cfg.py:2613}}
Jul 03 11:17:21 jammy-provider-cloud-0000007292 devstack@g-api.service[103241]: DEBUG glance.common.config [None req-1e0c1bbe-9efe-4b8f-be24-0eedc7091f86 None None] control_exchange               = glance {{(pid=103241) log_opt_values /opt/stack/data/venv/lib/python3.10/site-packages/oslo_config/cfg.py:2613}}
Jul 03 11:17:21 jammy-provider-cloud-0000007292 devstack@g-api.service[103241]: DEBUG glance.common.config [None req-1e0c1bbe-9efe-4b8f-be24-0eedc7091f86 None None] debug                          = True {{(pid=103241) log_opt_values /opt/stack/data/venv/lib/python3.10/site-packages/oslo_config/cfg.py:2613}}
Jul 03 11:17:21 jammy-provider-cloud-0000007292 devstack@g-api.service[103241]: DEBUG glance.common.config [None req-1e0c1bbe-9efe-4b8f-be24-0eedc7091f86 None None] default_log_levels             = ['amqp=WARN', 'amqplib=WARN', 'boto=WARN', 'qpid=WARN', 'sqlalchemy=WARN', 'suds=INFO', 'oslo.messaging=INFO', 'oslo_messaging=INFO', 'iso8601=WARN', 'requests.packages.urllib3.connectionpool=WARN', 'urllib3.connectionpool=WARN', 'websocket=WARN', 'requests.packages.urllib3.util.retry=WARN', 'urllib3.util.retry=WARN', 'keystonemiddleware=WARN', 'routes.middleware=WARN', 'stevedore=WARN', 'taskflow=WARN', 'keystoneauth=WARN', 'oslo.cache=INFO', 'oslo_policy=INFO', 'dogpile.core.dogpile=INFO'] {{(pid=103241) log_opt_values /opt/stack/data/venv/lib/python3.10/site-packages/oslo_config/cfg.py:2613}}
Jul 03 11:17:21 jammy-provider-cloud-0000007292 devstack@g-api.service[103241]: DEBUG glance.common.config [None req-1e0c1bbe-9efe-4b8f-be24-0eedc7091f86 None None] default_publisher_id           = image.localhost {{(pid=103241) log_opt_values /opt/stack/data/venv/lib/python3.10/site-packages/oslo_config/cfg.py:2613}}
Jul 03 11:17:21 jammy-provider-cloud-0000007292 devstack@g-api.service[103241]: DEBUG glance.common.config [None req-1e0c1bbe-9efe-4b8f-be24-0eedc7091f86 None None] delayed_delete                 = False {{(pid=103241) log_opt_values /opt/stack/data/venv/lib/python3.10/site-packages/oslo_config/cfg.py:2613}}
Jul 03 11:17:21 jammy-provider-cloud-0000007292 devstack@g-api.service[103241]: DEBUG glance.common.config [None req-1e0c1bbe-9efe-4b8f-be24-0eedc7091f86 None None] digest_algorithm               = sha256 {{(pid=103241) log_opt_values /opt/stack/data/venv/lib/python3.10/site-packages/oslo_config/cfg.py:2613}}
Jul 03 11:17:21 jammy-provider-cloud-0000007292 devstack@g-api.service[103241]: DEBUG glance.common.config [None req-1e0c1bbe-9efe-4b8f-be24-0eedc7091f86 None None] disabled_notifications         = [] {{(pid=103241) log_opt_values /opt/stack/data/venv/lib/python3.10/site-packages/oslo_config/cfg.py:2613}}
Jul 03 11:17:21 jammy-provider-cloud-0000007292 devstack@g-api.service[103241]: DEBUG glance.common.config [None req-1e0c1bbe-9efe-4b8f-be24-0eedc7091f86 None None] enabled_backends               = None {{(pid=103241) log_opt_values /opt/stack/data/venv/lib/python3.10/site-packages/oslo_config/cfg.py:2613}}
Jul 03 11:17:21 jammy-provider-cloud-0000007292 devstack@g-api.service[103241]: DEBUG glance.common.config [None req-1e0c1bbe-9efe-4b8f-be24-0eedc7091f86 None None] enabled_import_methods         = ['glance-direct', 'web-download', 'copy-image'] {{(pid=103241) log_opt_values /opt/stack/data/venv/lib/python3.10/site-packages/oslo_config/cfg.py:2613}}
Jul 03 11:17:21 jammy-provider-cloud-0000007292 devstack@g-api.service[103241]: DEBUG glance.common.config [None req-1e0c1bbe-9efe-4b8f-be24-0eedc7091f86 None None] hashing_algorithm              = sha512 {{(pid=103241) log_opt_values /opt/stack/data/venv/lib/python3.10/site-packages/oslo_config/cfg.py:2613}}
Jul 03 11:17:21 jammy-provider-cloud-0000007292 devstack@g-api.service[103241]: DEBUG glance.common.config [None req-1e0c1bbe-9efe-4b8f-be24-0eedc7091f86 None None] http_keepalive                 = True {{(pid=103241) log_opt_values /opt/stack/data/venv/lib/python3.10/site-packages/oslo_config/cfg.py:2613}}
Jul 03 11:17:21 jammy-provider-cloud-0000007292 devstack@g-api.service[103241]: DEBUG glance.common.config [None req-1e0c1bbe-9efe-4b8f-be24-0eedc7091f86 None None] image_cache_dir                = /opt/stack/data/glance/cache/ {{(pid=103241) log_opt_values /opt/stack/data/venv/lib/python3.10/site-packages/oslo_config/cfg.py:2613}}
Jul 03 11:17:21 jammy-provider-cloud-0000007292 devstack@g-api.service[103241]: DEBUG glance.common.config [None req-1e0c1bbe-9efe-4b8f-be24-0eedc7091f86 None None] image_cache_driver             = centralized_db {{(pid=103241) log_opt_values /opt/stack/data/venv/lib/python3.10/site-packages/oslo_config/cfg.py:2613}}
Jul 03 11:17:21 jammy-provider-cloud-0000007292 devstack@g-api.service[103241]: DEBUG glance.common.config [None req-1e0c1bbe-9efe-4b8f-be24-0eedc7091f86 None None] image_cache_max_size           = 10737418240 {{(pid=103241) log_opt_values /opt/stack/data/venv/lib/python3.10/site-packages/oslo_config/cfg.py:2613}}
Jul 03 11:17:21 jammy-provider-cloud-0000007292 devstack@g-api.service[103241]: DEBUG glance.common.config [None req-1e0c1bbe-9efe-4b8f-be24-0eedc7091f86 None None] image_cache_sqlite_db          = cache.db {{(pid=103241) log_opt_values /opt/stack/data/venv/lib/python3.10/site-packages/oslo_config/cfg.py:2613}}
Jul 03 11:17:21 jammy-provider-cloud-0000007292 devstack@g-api.service[103241]: DEBUG glance.common.config [None req-1e0c1bbe-9efe-4b8f-be24-0eedc7091f86 None None] image_cache_stall_time         = 86400 {{(pid=103241) log_opt_values /opt/stack/data/venv/lib/python3.10/site-packages/oslo_config/cfg.py:2613}}
Jul 03 11:17:21 jammy-provider-cloud-0000007292 devstack@g-api.service[103241]: DEBUG glance.common.config [None req-1e0c1bbe-9efe-4b8f-be24-0eedc7091f86 None None] image_location_quota           = 10 {{(pid=103241) log_opt_values /opt/stack/data/venv/lib/python3.10/site-packages/oslo_config/cfg.py:2613}}
Jul 03 11:17:21 jammy-provider-cloud-0000007292 devstack@g-api.service[103241]: DEBUG glance.common.config [None req-1e0c1bbe-9efe-4b8f-be24-0eedc7091f86 None None] image_member_quota             = 128 {{(pid=103241) log_opt_values /opt/stack/data/venv/lib/python3.10/site-packages/oslo_config/cfg.py:2613}}
Jul 03 11:17:21 jammy-provider-cloud-0000007292 devstack@g-api.service[103241]: DEBUG glance.common.config [None req-1e0c1bbe-9efe-4b8f-be24-0eedc7091f86 None None] image_property_quota           = 128 {{(pid=103241) log_opt_values /opt/stack/data/venv/lib/python3.10/site-packages/oslo_config/cfg.py:2613}}
Jul 03 11:17:21 jammy-provider-cloud-0000007292 devstack@g-api.service[103241]: DEBUG glance.common.config [None req-1e0c1bbe-9efe-4b8f-be24-0eedc7091f86 None None] image_size_cap                 = 1099511627776 {{(pid=103241) log_opt_values /opt/stack/data/venv/lib/python3.10/site-packages/oslo_config/cfg.py:2613}}
Jul 03 11:17:21 jammy-provider-cloud-0000007292 devstack@g-api.service[103241]: DEBUG glance.common.config [None req-1e0c1bbe-9efe-4b8f-be24-0eedc7091f86 None None] image_tag_quota                = 128 {{(pid=103241) log_opt_values /opt/stack/data/venv/lib/python3.10/site-packages/oslo_config/cfg.py:2613}}
Jul 03 11:17:21 jammy-provider-cloud-0000007292 devstack@g-api.service[103241]: DEBUG glance.common.config [None req-1e0c1bbe-9efe-4b8f-be24-0eedc7091f86 None None] instance_format                = [instance: %(uuid)s]  {{(pid=103241) log_opt_values /opt/stack/data/venv/lib/python3.10/site-packages/oslo_config/cfg.py:2613}}
Jul 03 11:17:21 jammy-provider-cloud-0000007292 devstack@g-api.service[103241]: DEBUG glance.common.config [None req-1e0c1bbe-9efe-4b8f-be24-0eedc7091f86 None None] instance_uuid_format           = [instance: %(uuid)s]  {{(pid=103241) log_opt_values /opt/stack/data/venv/lib/python3.10/site-packages/oslo_config/cfg.py:2613}}
Jul 03 11:17:21 jammy-provider-cloud-0000007292 devstack@g-api.service[103241]: DEBUG glance.common.config [None req-1e0c1bbe-9efe-4b8f-be24-0eedc7091f86 None None] limit_param_default            = 25 {{(pid=103241) log_opt_values /opt/stack/data/venv/lib/python3.10/site-packages/oslo_config/cfg.py:2613}}
Jul 03 11:17:21 jammy-provider-cloud-0000007292 devstack@g-api.service[103241]: DEBUG glance.common.config [None req-1e0c1bbe-9efe-4b8f-be24-0eedc7091f86 None None] location_strategy              = location_order {{(pid=103241) log_opt_values /opt/stack/data/venv/lib/python3.10/site-packages/oslo_config/cfg.py:2613}}
Jul 03 11:17:21 jammy-provider-cloud-0000007292 devstack@g-api.service[103241]: DEBUG glance.common.config [None req-1e0c1bbe-9efe-4b8f-be24-0eedc7091f86 None None] log_config_append              = None {{(pid=103241) log_opt_values /opt/stack/data/venv/lib/python3.10/site-packages/oslo_config/cfg.py:2613}}
Jul 03 11:17:21 jammy-provider-cloud-0000007292 devstack@g-api.service[103241]: DEBUG glance.common.config [None req-1e0c1bbe-9efe-4b8f-be24-0eedc7091f86 None None] log_date_format                = %Y-%m-%d %H:%M:%S {{(pid=103241) log_opt_values /opt/stack/data/venv/lib/python3.10/site-packages/oslo_config/cfg.py:2613}}
Jul 03 11:17:21 jammy-provider-cloud-0000007292 devstack@g-api.service[103241]: DEBUG glance.common.config [None req-1e0c1bbe-9efe-4b8f-be24-0eedc7091f86 None None] log_dir                        = None {{(pid=103241) log_opt_values /opt/stack/data/venv/lib/python3.10/site-packages/oslo_config/cfg.py:2613}}
Jul 03 11:17:21 jammy-provider-cloud-0000007292 devstack@g-api.service[103241]: DEBUG glance.common.config [None req-1e0c1bbe-9efe-4b8f-be24-0eedc7091f86 None None] log_file                       = None {{(pid=103241) log_opt_values /opt/stack/data/venv/lib/python3.10/site-packages/oslo_config/cfg.py:2613}}
Jul 03 11:17:21 jammy-provider-cloud-0000007292 devstack@g-api.service[103241]: DEBUG glance.common.config [None req-1e0c1bbe-9efe-4b8f-be24-0eedc7091f86 None None] log_rotate_interval            = 1 {{(pid=103241) log_opt_values /opt/stack/data/venv/lib/python3.10/site-packages/oslo_config/cfg.py:2613}}
Jul 03 11:17:21 jammy-provider-cloud-0000007292 devstack@g-api.service[103241]: DEBUG glance.common.config [None req-1e0c1bbe-9efe-4b8f-be24-0eedc7091f86 None None] log_rotate_interval_type       = days {{(pid=103241) log_opt_values /opt/stack/data/venv/lib/python3.10/site-packages/oslo_config/cfg.py:2613}}
Jul 03 11:17:21 jammy-provider-cloud-0000007292 devstack@g-api.service[103241]: DEBUG glance.common.config [None req-1e0c1bbe-9efe-4b8f-be24-0eedc7091f86 None None] log_rotation_type              = none {{(pid=103241) log_opt_values /opt/stack/data/venv/lib/python3.10/site-packages/oslo_config/cfg.py:2613}}
Jul 03 11:17:21 jammy-provider-cloud-0000007292 devstack@g-api.service[103241]: DEBUG glance.common.config [None req-1e0c1bbe-9efe-4b8f-be24-0eedc7091f86 None None] logging_context_format_string  = %(color)s%(levelname)s %(name)s [%(global_request_id)s %(request_id)s %(project_name)s %(user_name)s%(color)s] %(instance)s%(color)s%(message)s {{(pid=103241) log_opt_values /opt/stack/data/venv/lib/python3.10/site-packages/oslo_config/cfg.py:2613}}
Jul 03 11:17:21 jammy-provider-cloud-0000007292 devstack@g-api.service[103241]: DEBUG glance.common.config [None req-1e0c1bbe-9efe-4b8f-be24-0eedc7091f86 None None] logging_debug_format_suffix    = {{(pid=%(process)d) %(funcName)s %(pathname)s:%(lineno)d}} {{(pid=103241) log_opt_values /opt/stack/data/venv/lib/python3.10/site-packages/oslo_config/cfg.py:2613}}
Jul 03 11:17:21 jammy-provider-cloud-0000007292 devstack@g-api.service[103241]: DEBUG glance.common.config [None req-1e0c1bbe-9efe-4b8f-be24-0eedc7091f86 None None] logging_default_format_string  = %(color)s%(levelname)s %(name)s [-%(color)s] %(instance)s%(color)s%(message)s {{(pid=103241) log_opt_values /opt/stack/data/venv/lib/python3.10/site-packages/oslo_config/cfg.py:2613}}
Jul 03 11:17:21 jammy-provider-cloud-0000007292 devstack@g-api.service[103241]: DEBUG glance.common.config [None req-1e0c1bbe-9efe-4b8f-be24-0eedc7091f86 None None] logging_exception_prefix       = ERROR %(name)s %(instance)s {{(pid=103241) log_opt_values /opt/stack/data/venv/lib/python3.10/site-packages/oslo_config/cfg.py:2613}}
Jul 03 11:17:21 jammy-provider-cloud-0000007292 devstack@g-api.service[103241]: DEBUG glance.common.config [None req-1e0c1bbe-9efe-4b8f-be24-0eedc7091f86 None None] logging_user_identity_format   = %(user)s %(project)s %(domain)s %(system_scope)s %(user_domain)s %(project_domain)s {{(pid=103241) log_opt_values /opt/stack/data/venv/lib/python3.10/site-packages/oslo_config/cfg.py:2613}}
Jul 03 11:17:21 jammy-provider-cloud-0000007292 devstack@g-api.service[103241]: DEBUG glance.common.config [None req-1e0c1bbe-9efe-4b8f-be24-0eedc7091f86 None None] max_header_line                = 16384 {{(pid=103241) log_opt_values /opt/stack/data/venv/lib/python3.10/site-packages/oslo_config/cfg.py:2613}}
Jul 03 11:17:21 jammy-provider-cloud-0000007292 devstack@g-api.service[103241]: DEBUG glance.common.config [None req-1e0c1bbe-9efe-4b8f-be24-0eedc7091f86 None None] max_logfile_count              = 30 {{(pid=103241) log_opt_values /opt/stack/data/venv/lib/python3.10/site-packages/oslo_config/cfg.py:2613}}
Jul 03 11:17:21 jammy-provider-cloud-0000007292 devstack@g-api.service[103241]: DEBUG glance.common.config [None req-1e0c1bbe-9efe-4b8f-be24-0eedc7091f86 None None] max_logfile_size_mb            = 200 {{(pid=103241) log_opt_values /opt/stack/data/venv/lib/python3.10/site-packages/oslo_config/cfg.py:2613}}
Jul 03 11:17:21 jammy-provider-cloud-0000007292 devstack@g-api.service[103241]: DEBUG glance.common.config [None req-1e0c1bbe-9efe-4b8f-be24-0eedc7091f86 None None] max_request_id_length          = 64 {{(pid=103241) log_opt_values /opt/stack/data/venv/lib/python3.10/site-packages/oslo_config/cfg.py:2613}}
