Jun 10 14:02:28 ubuntu cinder-volume[127832]: INFO cinder.volume.drivers.hpe.alletramp_service [None req-af700eca-0afd-4a99-ab8a-6e6427552fe9 None None] Session token 0-eae657a0050b280d3d3760c930ba959e-746e296a
Jun 10 14:02:28 ubuntu cinder-volume[127813]: DEBUG oslo_service.backend._eventlet.service [None req-f7e6962f-49a2-429c-b7c3-275a76d7e3b8 None None] barbican.barbican_region_name  = None {{(pid=127813) log_opt_values /opt/stack/data/venv/lib/python3.12/site-packages/oslo_config/cfg.py:3256}}
Jun 10 14:02:28 ubuntu cinder-volume[127813]: DEBUG oslo_service.backend._eventlet.service [None req-f7e6962f-49a2-429c-b7c3-275a76d7e3b8 None None] barbican.cafile                = None {{(pid=127813) log_opt_values /opt/stack/data/venv/lib/python3.12/site-packages/oslo_config/cfg.py:3256}}
Jun 10 14:02:28 ubuntu cinder-volume[127813]: DEBUG oslo_service.backend._eventlet.service [None req-f7e6962f-49a2-429c-b7c3-275a76d7e3b8 None None] barbican.certfile              = None {{(pid=127813) log_opt_values /opt/stack/data/venv/lib/python3.12/site-packages/oslo_config/cfg.py:3256}}
Jun 10 14:02:28 ubuntu cinder-volume[127813]: DEBUG oslo_service.backend._eventlet.service [None req-f7e6962f-49a2-429c-b7c3-275a76d7e3b8 None None] barbican.collect_timing        = False {{(pid=127813) log_opt_values /opt/stack/data/venv/lib/python3.12/site-packages/oslo_config/cfg.py:3256}}
Jun 10 14:02:28 ubuntu cinder-volume[127813]: DEBUG oslo_service.backend._eventlet.service [None req-f7e6962f-49a2-429c-b7c3-275a76d7e3b8 None None] barbican.insecure              = False {{(pid=127813) log_opt_values /opt/stack/data/venv/lib/python3.12/site-packages/oslo_config/cfg.py:3256}}
Jun 10 14:02:28 ubuntu cinder-volume[127813]: DEBUG oslo_service.backend._eventlet.service [None req-f7e6962f-49a2-429c-b7c3-275a76d7e3b8 None None] barbican.keyfile               = None {{(pid=127813) log_opt_values /opt/stack/data/venv/lib/python3.12/site-packages/oslo_config/cfg.py:3256}}
Jun 10 14:02:28 ubuntu cinder-volume[127832]: WARNING py.warnings [None req-af700eca-0afd-4a99-ab8a-6e6427552fe9 None None] /opt/stack/data/venv/lib/python3.12/site-packages/urllib3/connectionpool.py:1110: InsecureRequestWarning: Unverified HTTPS request is being made to host '10.201.5.12'. Adding certificate verification is strongly advised. See: https://urllib3.readthedocs.io/en/latest/advanced-usage.html#tls-warnings
Jun 10 14:02:28 ubuntu cinder-volume[127832]:   warnings.warn(
Jun 10 14:02:28 ubuntu cinder-volume[127813]: DEBUG oslo_service.backend._eventlet.service [None req-f7e6962f-49a2-429c-b7c3-275a76d7e3b8 None None] barbican.number_of_retries     = 60 {{(pid=127813) log_opt_values /opt/stack/data/venv/lib/python3.12/site-packages/oslo_config/cfg.py:3256}}
Jun 10 14:02:28 ubuntu cinder-volume[127813]: DEBUG oslo_service.backend._eventlet.service [None req-f7e6962f-49a2-429c-b7c3-275a76d7e3b8 None None] barbican.retry_delay           = 1 {{(pid=127813) log_opt_values /opt/stack/data/venv/lib/python3.12/site-packages/oslo_config/cfg.py:3256}}
Jun 10 14:02:28 ubuntu cinder-volume[127813]: DEBUG oslo_service.backend._eventlet.service [None req-f7e6962f-49a2-429c-b7c3-275a76d7e3b8 None None] barbican.send_service_user_token = False {{(pid=127813) log_opt_values /opt/stack/data/venv/lib/python3.12/site-packages/oslo_config/cfg.py:3256}}
Jun 10 14:02:28 ubuntu cinder-volume[127813]: DEBUG oslo_service.backend._eventlet.service [None req-f7e6962f-49a2-429c-b7c3-275a76d7e3b8 None None] barbican.split_loggers         = False {{(pid=127813) log_opt_values /opt/stack/data/venv/lib/python3.12/site-packages/oslo_config/cfg.py:3256}}
Jun 10 14:02:28 ubuntu cinder-volume[127813]: DEBUG oslo_service.backend._eventlet.service [None req-f7e6962f-49a2-429c-b7c3-275a76d7e3b8 None None] barbican.timeout               = None {{(pid=127813) log_opt_values /opt/stack/data/venv/lib/python3.12/site-packages/oslo_config/cfg.py:3256}}
Jun 10 14:02:28 ubuntu cinder-volume[127813]: DEBUG oslo_service.backend._eventlet.service [None req-f7e6962f-49a2-429c-b7c3-275a76d7e3b8 None None] barbican.verify_ssl            = True {{(pid=127813) log_opt_values /opt/stack/data/venv/lib/python3.12/site-packages/oslo_config/cfg.py:3256}}
Jun 10 14:02:28 ubuntu cinder-volume[127813]: DEBUG oslo_service.backend._eventlet.service [None req-f7e6962f-49a2-429c-b7c3-275a76d7e3b8 None None] barbican.verify_ssl_path       = None {{(pid=127813) log_opt_values /opt/stack/data/venv/lib/python3.12/site-packages/oslo_config/cfg.py:3256}}
Jun 10 14:02:28 ubuntu cinder-volume[127813]: DEBUG oslo_service.backend._eventlet.service [None req-f7e6962f-49a2-429c-b7c3-275a76d7e3b8 None None] barbican_service_user.auth_section = None {{(pid=127813) log_opt_values /opt/stack/data/venv/lib/python3.12/site-packages/oslo_config/cfg.py:3256}}
Jun 10 14:02:28 ubuntu cinder-volume[127813]: DEBUG oslo_service.backend._eventlet.service [None req-f7e6962f-49a2-429c-b7c3-275a76d7e3b8 None None] barbican_service_user.auth_type = None {{(pid=127813) log_opt_values /opt/stack/data/venv/lib/python3.12/site-packages/oslo_config/cfg.py:3256}}
Jun 10 14:02:28 ubuntu cinder-volume[127813]: DEBUG oslo_service.backend._eventlet.service [None req-f7e6962f-49a2-429c-b7c3-275a76d7e3b8 None None] barbican_service_user.cafile   = None {{(pid=127813) log_opt_values /opt/stack/data/venv/lib/python3.12/site-packages/oslo_config/cfg.py:3256}}
Jun 10 14:02:28 ubuntu cinder-volume[127813]: DEBUG oslo_service.backend._eventlet.service [None req-f7e6962f-49a2-429c-b7c3-275a76d7e3b8 None None] barbican_service_user.certfile = None {{(pid=127813) log_opt_values /opt/stack/data/venv/lib/python3.12/site-packages/oslo_config/cfg.py:3256}}
Jun 10 14:02:28 ubuntu cinder-volume[127813]: DEBUG oslo_service.backend._eventlet.service [None req-f7e6962f-49a2-429c-b7c3-275a76d7e3b8 None None] barbican_service_user.collect_timing = False {{(pid=127813) log_opt_values /opt/stack/data/venv/lib/python3.12/site-packages/oslo_config/cfg.py:3256}}
Jun 10 14:02:28 ubuntu cinder-volume[127813]: DEBUG oslo_service.backend._eventlet.service [None req-f7e6962f-49a2-429c-b7c3-275a76d7e3b8 None None] barbican_service_user.insecure = False {{(pid=127813) log_opt_values /opt/stack/data/venv/lib/python3.12/site-packages/oslo_config/cfg.py:3256}}
Jun 10 14:02:28 ubuntu cinder-volume[127813]: DEBUG oslo_service.backend._eventlet.service [None req-f7e6962f-49a2-429c-b7c3-275a76d7e3b8 None None] barbican_service_user.keyfile  = None {{(pid=127813) log_opt_values /opt/stack/data/venv/lib/python3.12/site-packages/oslo_config/cfg.py:3256}}
Jun 10 14:02:28 ubuntu cinder-volume[127813]: DEBUG oslo_service.backend._eventlet.service [None req-f7e6962f-49a2-429c-b7c3-275a76d7e3b8 None None] barbican_service_user.split_loggers = False {{(pid=127813) log_opt_values /opt/stack/data/venv/lib/python3.12/site-packages/oslo_config/cfg.py:3256}}
Jun 10 14:02:28 ubuntu cinder-volume[127813]: DEBUG oslo_service.backend._eventlet.service [None req-f7e6962f-49a2-429c-b7c3-275a76d7e3b8 None None] barbican_service_user.timeout  = None {{(pid=127813) log_opt_values /opt/stack/data/venv/lib/python3.12/site-packages/oslo_config/cfg.py:3256}}
Jun 10 14:02:28 ubuntu cinder-volume[127813]: DEBUG oslo_service.backend._eventlet.service [None req-f7e6962f-49a2-429c-b7c3-275a76d7e3b8 None None] vault.approle_role_id          = **** {{(pid=127813) log_opt_values /opt/stack/data/venv/lib/python3.12/site-packages/oslo_config/cfg.py:3256}}
Jun 10 14:02:28 ubuntu cinder-volume[127813]: DEBUG oslo_service.backend._eventlet.service [None req-f7e6962f-49a2-429c-b7c3-275a76d7e3b8 None None] vault.approle_secret_id        = **** {{(pid=127813) log_opt_values /opt/stack/data/venv/lib/python3.12/site-packages/oslo_config/cfg.py:3256}}
Jun 10 14:02:28 ubuntu cinder-volume[127832]: INFO cinder.volume.drivers.hpe.alletramp_service [None req-af700eca-0afd-4a99-ab8a-6e6427552fe9 None None] Found storagesystem version 100560036
Jun 10 14:02:28 ubuntu cinder-volume[127813]: DEBUG oslo_service.backend._eventlet.service [None req-f7e6962f-49a2-429c-b7c3-275a76d7e3b8 None None] vault.kv_mountpoint            = secret {{(pid=127813) log_opt_values /opt/stack/data/venv/lib/python3.12/site-packages/oslo_config/cfg.py:3256}}
Jun 10 14:02:28 ubuntu cinder-volume[127832]: DEBUG cinder.volume.drivers.hpe.alletramp_service [None req-af700eca-0afd-4a99-ab8a-6e6427552fe9 None None] Disconnect from array v3 {{(pid=127832) client_logout /opt/stack/cinder/cinder/volume/drivers/hpe/alletramp_service.py:365}}
Jun 10 14:02:28 ubuntu cinder-volume[127813]: DEBUG oslo_service.backend._eventlet.service [None req-f7e6962f-49a2-429c-b7c3-275a76d7e3b8 None None] vault.kv_path                  = None {{(pid=127813) log_opt_values /opt/stack/data/venv/lib/python3.12/site-packages/oslo_config/cfg.py:3256}}
Jun 10 14:02:28 ubuntu cinder-volume[127832]: DEBUG flowkit [None req-af700eca-0afd-4a99-ab8a-6e6427552fe9 None None] DELETE request to: https://10.201.5.12/api/v3/credentials/vTEevyA2cT3snbECqTrXQHdUixlEVhoUhPSBzNc5fljjlFFEUgrwgN1On3NxPyCwy38UmCl5IIkcVJMSycrTVw {{(pid=127832) delete /usr/local/lib/python3.12/dist-packages/hpe_storage_flowkit_py/v3/src/core/rest_client.py:92}}
Jun 10 14:02:28 ubuntu cinder-volume[127813]: DEBUG oslo_service.backend._eventlet.service [None req-f7e6962f-49a2-429c-b7c3-275a76d7e3b8 None None] vault.kv_version               = 2 {{(pid=127813) log_opt_values /opt/stack/data/venv/lib/python3.12/site-packages/oslo_config/cfg.py:3256}}
Jun 10 14:02:28 ubuntu cinder-volume[127813]: DEBUG oslo_service.backend._eventlet.service [None req-f7e6962f-49a2-429c-b7c3-275a76d7e3b8 None None] vault.namespace                = None {{(pid=127813) log_opt_values /opt/stack/data/venv/lib/python3.12/site-packages/oslo_config/cfg.py:3256}}
Jun 10 14:02:28 ubuntu cinder-volume[127813]: DEBUG oslo_service.backend._eventlet.service [None req-f7e6962f-49a2-429c-b7c3-275a76d7e3b8 None None] vault.root_token_id            = **** {{(pid=127813) log_opt_values /opt/stack/data/venv/lib/python3.12/site-packages/oslo_config/cfg.py:3256}}
Jun 10 14:02:28 ubuntu cinder-volume[127813]: DEBUG oslo_service.backend._eventlet.service [None req-f7e6962f-49a2-429c-b7c3-275a76d7e3b8 None None] vault.ssl_ca_crt_file          = None {{(pid=127813) log_opt_values /opt/stack/data/venv/lib/python3.12/site-packages/oslo_config/cfg.py:3256}}
Jun 10 14:02:28 ubuntu cinder-volume[127813]: DEBUG oslo_service.backend._eventlet.service [None req-f7e6962f-49a2-429c-b7c3-275a76d7e3b8 None None] vault.timeout                  = 60.0 {{(pid=127813) log_opt_values /opt/stack/data/venv/lib/python3.12/site-packages/oslo_config/cfg.py:3256}}
Jun 10 14:02:28 ubuntu cinder-volume[127832]: WARNING py.warnings [None req-af700eca-0afd-4a99-ab8a-6e6427552fe9 None None] /opt/stack/data/venv/lib/python3.12/site-packages/urllib3/connectionpool.py:1110: InsecureRequestWarning: Unverified HTTPS request is being made to host '10.201.5.12'. Adding certificate verification is strongly advised. See: https://urllib3.readthedocs.io/en/latest/advanced-usage.html#tls-warnings
Jun 10 14:02:28 ubuntu cinder-volume[127832]:   warnings.warn(
Jun 10 14:02:28 ubuntu cinder-volume[127813]: DEBUG oslo_service.backend._eventlet.service [None req-f7e6962f-49a2-429c-b7c3-275a76d7e3b8 None None] vault.use_ssl                  = False {{(pid=127813) log_opt_values /opt/stack/data/venv/lib/python3.12/site-packages/oslo_config/cfg.py:3256}}
Jun 10 14:02:28 ubuntu cinder-volume[127833]: WARNING py.warnings [None req-b52b2ba2-a161-4df7-8394-01b33e19679d None None] /opt/stack/data/venv/lib/python3.12/site-packages/urllib3/connectionpool.py:1110: InsecureRequestWarning: Unverified HTTPS request is being made to host '10.201.5.12'. Adding certificate verification is strongly advised. See: https://urllib3.readthedocs.io/en/latest/advanced-usage.html#tls-warnings
Jun 10 14:02:28 ubuntu cinder-volume[127833]:   warnings.warn(
Jun 10 14:02:28 ubuntu cinder-volume[127813]: DEBUG oslo_service.backend._eventlet.service [None req-f7e6962f-49a2-429c-b7c3-275a76d7e3b8 None None] vault.vault_url                = http://127.0.0.1:8200 {{(pid=127813) log_opt_values /opt/stack/data/venv/lib/python3.12/site-packages/oslo_config/cfg.py:3256}}
Jun 10 14:02:28 ubuntu cinder-volume[127813]: DEBUG oslo_service.backend._eventlet.service [None req-f7e6962f-49a2-429c-b7c3-275a76d7e3b8 None None] fc-zone-manager.enable_unsupported_driver = False {{(pid=127813) log_opt_values /opt/stack/data/venv/lib/python3.12/site-packages/oslo_config/cfg.py:3256}}
Jun 10 14:02:28 ubuntu cinder-volume[127813]: DEBUG oslo_service.backend._eventlet.service [None req-f7e6962f-49a2-429c-b7c3-275a76d7e3b8 None None] fc-zone-manager.fc_fabric_names = None {{(pid=127813) log_opt_values /opt/stack/data/venv/lib/python3.12/site-packages/oslo_config/cfg.py:3256}}
Jun 10 14:02:28 ubuntu cinder-volume[127813]: DEBUG oslo_service.backend._eventlet.service [None req-f7e6962f-49a2-429c-b7c3-275a76d7e3b8 None None] fc-zone-manager.fc_san_lookup_service = cinder.zonemanager.drivers.brocade.brcd_fc_san_lookup_service.BrcdFCSanLookupService {{(pid=127813) log_opt_values /opt/stack/data/venv/lib/python3.12/site-packages/oslo_config/cfg.py:3256}}
Jun 10 14:02:28 ubuntu cinder-volume[127813]: DEBUG oslo_service.backend._eventlet.service [None req-f7e6962f-49a2-429c-b7c3-275a76d7e3b8 None None] fc-zone-manager.zone_driver    = cinder.zonemanager.drivers.brocade.brcd_fc_zone_driver.BrcdFCZoneDriver {{(pid=127813) log_opt_values /opt/stack/data/venv/lib/python3.12/site-packages/oslo_config/cfg.py:3256}}
Jun 10 14:02:28 ubuntu cinder-volume[127813]: DEBUG oslo_service.backend._eventlet.service [None req-f7e6962f-49a2-429c-b7c3-275a76d7e3b8 None None] fc-zone-manager.zoning_policy  = initiator-target {{(pid=127813) log_opt_values /opt/stack/data/venv/lib/python3.12/site-packages/oslo_config/cfg.py:3256}}
Jun 10 14:02:28 ubuntu cinder-volume[127832]: DEBUG flowkit [None req-af700eca-0afd-4a99-ab8a-6e6427552fe9 None None] DELETE response status: 200 {{(pid=127832) delete /usr/local/lib/python3.12/dist-packages/hpe_storage_flowkit_py/v3/src/core/rest_client.py:95}}
Jun 10 14:02:28 ubuntu cinder-volume[127813]: DEBUG oslo_service.backend._eventlet.service [None req-f7e6962f-49a2-429c-b7c3-275a76d7e3b8 None None] arcusfc2.backend_availability_zone = None {{(pid=127813) log_opt_values /opt/stack/data/venv/lib/python3.12/site-packages/oslo_config/cfg.py:3256}}
Jun 10 14:02:28 ubuntu cinder-volume[127832]: DEBUG flowkit [None req-af700eca-0afd-4a99-ab8a-6e6427552fe9 None None] DELETE response data: None {{(pid=127832) delete /usr/local/lib/python3.12/dist-packages/hpe_storage_flowkit_py/v3/src/core/rest_client.py:97}}
Jun 10 14:02:28 ubuntu cinder-volume[127813]: DEBUG oslo_service.backend._eventlet.service [None req-f7e6962f-49a2-429c-b7c3-275a76d7e3b8 None None] arcusfc2.backend_host          = None {{(pid=127813) log_opt_values /opt/stack/data/venv/lib/python3.12/site-packages/oslo_config/cfg.py:3256}}
Jun 10 14:02:28 ubuntu cinder-volume[127832]: DEBUG cinder.volume.drivers.hpe.alletramp_service [None req-af700eca-0afd-4a99-ab8a-6e6427552fe9 None None] Disconnect from array v1 {{(pid=127832) client_logout /opt/stack/cinder/cinder/volume/drivers/hpe/alletramp_service.py:373}}
Jun 10 14:02:28 ubuntu cinder-volume[127813]: DEBUG oslo_service.backend._eventlet.service [None req-f7e6962f-49a2-429c-b7c3-275a76d7e3b8 None None] arcusfc2.backend_native_threads_pool_size = None {{(pid=127813) log_opt_values /opt/stack/data/venv/lib/python3.12/site-packages/oslo_config/cfg.py:3256}}
Jun 10 14:02:28 ubuntu cinder-volume[127832]: INFO cinder.volume.drivers.hpe.alletramp_service [None req-af700eca-0afd-4a99-ab8a-6e6427552fe9 None None] Session token after finally 0-eae657a0050b280d3d3760c930ba959e-746e296a
Jun 10 14:02:28 ubuntu cinder-volume[127813]: DEBUG oslo_service.backend._eventlet.service [None req-f7e6962f-49a2-429c-b7c3-275a76d7e3b8 None None] arcusfc2.backup_use_temp_snapshot = None {{(pid=127813) log_opt_values /opt/stack/data/venv/lib/python3.12/site-packages/oslo_config/cfg.py:3256}}
Jun 10 14:02:28 ubuntu cinder-volume[127813]: DEBUG oslo_service.backend._eventlet.service [None req-f7e6962f-49a2-429c-b7c3-275a76d7e3b8 None None] arcusfc2.chap_password         = **** {{(pid=127813) log_opt_values /opt/stack/data/venv/lib/python3.12/site-packages/oslo_config/cfg.py:3256}}
Jun 10 14:02:28 ubuntu cinder-volume[127813]: DEBUG oslo_service.backend._eventlet.service [None req-f7e6962f-49a2-429c-b7c3-275a76d7e3b8 None None] arcusfc2.chap_username         = None {{(pid=127813) log_opt_values /opt/stack/data/venv/lib/python3.12/site-packages/oslo_config/cfg.py:3256}}
Jun 10 14:02:28 ubuntu cinder-volume[127813]: DEBUG oslo_service.backend._eventlet.service [None req-f7e6962f-49a2-429c-b7c3-275a76d7e3b8 None None] arcusfc2.chiscsi_conf          = None {{(pid=127813) log_opt_values /opt/stack/data/venv/lib/python3.12/site-packages/oslo_config/cfg.py:3256}}
Jun 10 14:02:28 ubuntu cinder-volume[127832]: WARNING py.warnings [None req-af700eca-0afd-4a99-ab8a-6e6427552fe9 None None] /opt/stack/data/venv/lib/python3.12/site-packages/urllib3/connectionpool.py:1110: InsecureRequestWarning: Unverified HTTPS request is being made to host '10.201.5.12'. Adding certificate verification is strongly advised. See: https://urllib3.readthedocs.io/en/latest/advanced-usage.html#tls-warnings
Jun 10 14:02:28 ubuntu cinder-volume[127832]:   warnings.warn(
Jun 10 14:02:28 ubuntu cinder-volume[127813]: DEBUG oslo_service.backend._eventlet.service [None req-f7e6962f-49a2-429c-b7c3-275a76d7e3b8 None None] arcusfc2.disk_geometry         = None {{(pid=127813) log_opt_values /opt/stack/data/venv/lib/python3.12/site-packages/oslo_config/cfg.py:3256}}
Jun 10 14:02:28 ubuntu cinder-volume[127813]: DEBUG oslo_service.backend._eventlet.service [None req-f7e6962f-49a2-429c-b7c3-275a76d7e3b8 None None] arcusfc2.driver_client_cert    = None {{(pid=127813) log_opt_values /opt/stack/data/venv/lib/python3.12/site-packages/oslo_config/cfg.py:3256}}
Jun 10 14:02:28 ubuntu cinder-volume[127813]: DEBUG oslo_service.backend._eventlet.service [None req-f7e6962f-49a2-429c-b7c3-275a76d7e3b8 None None] arcusfc2.driver_client_cert_key = None {{(pid=127813) log_opt_values /opt/stack/data/venv/lib/python3.12/site-packages/oslo_config/cfg.py:3256}}
Jun 10 14:02:28 ubuntu cinder-volume[127813]: DEBUG oslo_service.backend._eventlet.service [None req-f7e6962f-49a2-429c-b7c3-275a76d7e3b8 None None] arcusfc2.driver_data_namespace = None {{(pid=127813) log_opt_values /opt/stack/data/venv/lib/python3.12/site-packages/oslo_config/cfg.py:3256}}
Jun 10 14:02:28 ubuntu cinder-volume[127813]: DEBUG oslo_service.backend._eventlet.service [None req-f7e6962f-49a2-429c-b7c3-275a76d7e3b8 None None] arcusfc2.driver_ssl_cert_path  = None {{(pid=127813) log_opt_values /opt/stack/data/venv/lib/python3.12/site-packages/oslo_config/cfg.py:3256}}
Jun 10 14:02:28 ubuntu cinder-volume[127813]: DEBUG oslo_service.backend._eventlet.service [None req-f7e6962f-49a2-429c-b7c3-275a76d7e3b8 None None] arcusfc2.driver_ssl_cert_verify = None {{(pid=127813) log_opt_values /opt/stack/data/venv/lib/python3.12/site-packages/oslo_config/cfg.py:3256}}
Jun 10 14:02:28 ubuntu cinder-volume[127813]: DEBUG oslo_service.backend._eventlet.service [None req-f7e6962f-49a2-429c-b7c3-275a76d7e3b8 None None] arcusfc2.driver_use_ssl        = None {{(pid=127813) log_opt_values /opt/stack/data/venv/lib/python3.12/site-packages/oslo_config/cfg.py:3256}}
Jun 10 14:02:28 ubuntu cinder-volume[127813]: DEBUG oslo_service.backend._eventlet.service [None req-f7e6962f-49a2-429c-b7c3-275a76d7e3b8 None None] arcusfc2.enable_unsupported_driver = None {{(pid=127813) log_opt_values /opt/stack/data/venv/lib/python3.12/site-packages/oslo_config/cfg.py:3256}}
Jun 10 14:02:28 ubuntu cinder-volume[127813]: DEBUG oslo_service.backend._eventlet.service [None req-f7e6962f-49a2-429c-b7c3-275a76d7e3b8 None None] arcusfc2.enforce_multipath_for_image_xfer = None {{(pid=127813) log_opt_values /opt/stack/data/venv/lib/python3.12/site-packages/oslo_config/cfg.py:3256}}
Jun 10 14:02:28 ubuntu cinder-volume[127813]: DEBUG oslo_service.backend._eventlet.service [None req-f7e6962f-49a2-429c-b7c3-275a76d7e3b8 None None] arcusfc2.extra_capabilities    = None {{(pid=127813) log_opt_values /opt/stack/data/venv/lib/python3.12/site-packages/oslo_config/cfg.py:3256}}
Jun 10 14:02:28 ubuntu cinder-volume[127813]: DEBUG oslo_service.backend._eventlet.service [None req-f7e6962f-49a2-429c-b7c3-275a76d7e3b8 None None] arcusfc2.filter_function       = None {{(pid=127813) log_opt_values /opt/stack/data/venv/lib/python3.12/site-packages/oslo_config/cfg.py:3256}}
Jun 10 14:02:28 ubuntu cinder-volume[127813]: DEBUG oslo_service.backend._eventlet.service [None req-f7e6962f-49a2-429c-b7c3-275a76d7e3b8 None None] arcusfc2.goodness_function     = None {{(pid=127813) log_opt_values /opt/stack/data/venv/lib/python3.12/site-packages/oslo_config/cfg.py:3256}}
Jun 10 14:02:28 ubuntu cinder-volume[127813]: DEBUG oslo_service.backend._eventlet.service [None req-f7e6962f-49a2-429c-b7c3-275a76d7e3b8 None None] arcusfc2.image_upload_use_cinder_backend = None {{(pid=127813) log_opt_values /opt/stack/data/venv/lib/python3.12/site-packages/oslo_config/cfg.py:3256}}
Jun 10 14:02:28 ubuntu cinder-volume[127813]: DEBUG oslo_service.backend._eventlet.service [None req-f7e6962f-49a2-429c-b7c3-275a76d7e3b8 None None] arcusfc2.image_upload_use_internal_tenant = None {{(pid=127813) log_opt_values /opt/stack/data/venv/lib/python3.12/site-packages/oslo_config/cfg.py:3256}}
Jun 10 14:02:28 ubuntu cinder-volume[127813]: DEBUG oslo_service.backend._eventlet.service [None req-f7e6962f-49a2-429c-b7c3-275a76d7e3b8 None None] arcusfc2.image_volume_cache_enabled = None {{(pid=127813) log_opt_values /opt/stack/data/venv/lib/python3.12/site-packages/oslo_config/cfg.py:3256}}
Jun 10 14:02:28 ubuntu cinder-volume[127813]: DEBUG oslo_service.backend._eventlet.service [None req-f7e6962f-49a2-429c-b7c3-275a76d7e3b8 None None] arcusfc2.image_volume_cache_max_count = None {{(pid=127813) log_opt_values /opt/stack/data/venv/lib/python3.12/site-packages/oslo_config/cfg.py:3256}}
Jun 10 14:02:28 ubuntu cinder-volume[127813]: DEBUG oslo_service.backend._eventlet.service [None req-f7e6962f-49a2-429c-b7c3-275a76d7e3b8 None None] arcusfc2.image_volume_cache_max_size_gb = None {{(pid=127813) log_opt_values /opt/stack/data/venv/lib/python3.12/site-packages/oslo_config/cfg.py:3256}}
Jun 10 14:02:28 ubuntu cinder-volume[127813]: DEBUG oslo_service.backend._eventlet.service [None req-f7e6962f-49a2-429c-b7c3-275a76d7e3b8 None None] arcusfc2.iscsi_target_flags    = None {{(pid=127813) log_opt_values /opt/stack/data/venv/lib/python3.12/site-packages/oslo_config/cfg.py:3256}}
Jun 10 14:02:28 ubuntu cinder-volume[127813]: DEBUG oslo_service.backend._eventlet.service [None req-f7e6962f-49a2-429c-b7c3-275a76d7e3b8 None None] arcusfc2.iscsi_write_cache     = None {{(pid=127813) log_opt_values /opt/stack/data/venv/lib/python3.12/site-packages/oslo_config/cfg.py:3256}}
Jun 10 14:02:28 ubuntu cinder-volume[127813]: DEBUG oslo_service.backend._eventlet.service [None req-f7e6962f-49a2-429c-b7c3-275a76d7e3b8 None None] arcusfc2.iser_helper           = None {{(pid=127813) log_opt_values /opt/stack/data/venv/lib/python3.12/site-packages/oslo_config/cfg.py:3256}}
Jun 10 14:02:28 ubuntu cinder-volume[127813]: DEBUG oslo_service.backend._eventlet.service [None req-f7e6962f-49a2-429c-b7c3-275a76d7e3b8 None None] arcusfc2.iser_ip_address       = None {{(pid=127813) log_opt_values /opt/stack/data/venv/lib/python3.12/site-packages/oslo_config/cfg.py:3256}}
Jun 10 14:02:28 ubuntu cinder-volume[127813]: DEBUG oslo_service.backend._eventlet.service [None req-f7e6962f-49a2-429c-b7c3-275a76d7e3b8 None None] arcusfc2.iser_port             = None {{(pid=127813) log_opt_values /opt/stack/data/venv/lib/python3.12/site-packages/oslo_config/cfg.py:3256}}
Jun 10 14:02:28 ubuntu cinder-volume[127813]: DEBUG oslo_service.backend._eventlet.service [None req-f7e6962f-49a2-429c-b7c3-275a76d7e3b8 None None] arcusfc2.iser_target_prefix    = None {{(pid=127813) log_opt_values /opt/stack/data/venv/lib/python3.12/site-packages/oslo_config/cfg.py:3256}}
Jun 10 14:02:28 ubuntu cinder-volume[127813]: DEBUG oslo_service.backend._eventlet.service [None req-f7e6962f-49a2-429c-b7c3-275a76d7e3b8 None None] arcusfc2.max_over_subscription_ratio = None {{(pid=127813) log_opt_values /opt/stack/data/venv/lib/python3.12/site-packages/oslo_config/cfg.py:3256}}
Jun 10 14:02:28 ubuntu cinder-volume[127813]: DEBUG oslo_service.backend._eventlet.service [None req-f7e6962f-49a2-429c-b7c3-275a76d7e3b8 None None] arcusfc2.num_iser_scan_tries   = None {{(pid=127813) log_opt_values /opt/stack/data/venv/lib/python3.12/site-packages/oslo_config/cfg.py:3256}}
Jun 10 14:02:28 ubuntu cinder-volume[127813]: DEBUG oslo_service.backend._eventlet.service [None req-f7e6962f-49a2-429c-b7c3-275a76d7e3b8 None None] arcusfc2.num_shell_tries       = None {{(pid=127813) log_opt_values /opt/stack/data/venv/lib/python3.12/site-packages/oslo_config/cfg.py:3256}}
Jun 10 14:02:28 ubuntu cinder-volume[127813]: DEBUG oslo_service.backend._eventlet.service [None req-f7e6962f-49a2-429c-b7c3-275a76d7e3b8 None None] arcusfc2.num_volume_device_scan_tries = None {{(pid=127813) log_opt_values /opt/stack/data/venv/lib/python3.12/site-packages/oslo_config/cfg.py:3256}}
Jun 10 14:02:28 ubuntu cinder-volume[127813]: DEBUG oslo_service.backend._eventlet.service [None req-f7e6962f-49a2-429c-b7c3-275a76d7e3b8 None None] arcusfc2.nvmeof_conn_info_version = None {{(pid=127813) log_opt_values /opt/stack/data/venv/lib/python3.12/site-packages/oslo_config/cfg.py:3256}}
Jun 10 14:02:28 ubuntu cinder-volume[127813]: DEBUG oslo_service.backend._eventlet.service [None req-f7e6962f-49a2-429c-b7c3-275a76d7e3b8 None None] arcusfc2.nvmet_ns_id           = None {{(pid=127813) log_opt_values /opt/stack/data/venv/lib/python3.12/site-packages/oslo_config/cfg.py:3256}}
Jun 10 14:02:28 ubuntu cinder-volume[127813]: DEBUG oslo_service.backend._eventlet.service [None req-f7e6962f-49a2-429c-b7c3-275a76d7e3b8 None None] arcusfc2.nvmet_port_id         = None {{(pid=127813) log_opt_values /opt/stack/data/venv/lib/python3.12/site-packages/oslo_config/cfg.py:3256}}
Jun 10 14:02:28 ubuntu cinder-volume[127813]: DEBUG oslo_service.backend._eventlet.service [None req-f7e6962f-49a2-429c-b7c3-275a76d7e3b8 None None] arcusfc2.replication_device    = **** {{(pid=127813) log_opt_values /opt/stack/data/venv/lib/python3.12/site-packages/oslo_config/cfg.py:3256}}
Jun 10 14:02:28 ubuntu cinder-volume[127813]: DEBUG oslo_service.backend._eventlet.service [None req-f7e6962f-49a2-429c-b7c3-275a76d7e3b8 None None] arcusfc2.report_discard_supported = None {{(pid=127813) log_opt_values /opt/stack/data/venv/lib/python3.12/site-packages/oslo_config/cfg.py:3256}}
Jun 10 14:02:28 ubuntu cinder-volume[127833]: DEBUG flowkit [None req-b52b2ba2-a161-4df7-8394-01b33e19679d None None] Ensuring singleton session {{(pid=127833) _ensure_singleton_session /usr/local/lib/python3.12/dist-packages/hpe_storage_flowkit_py/v3/src/core/session.py:46}}
Jun 10 14:02:28 ubuntu cinder-volume[127813]: DEBUG oslo_service.backend._eventlet.service [None req-f7e6962f-49a2-429c-b7c3-275a76d7e3b8 None None] arcusfc2.reserved_percentage   = None {{(pid=127813) log_opt_values /opt/stack/data/venv/lib/python3.12/site-packages/oslo_config/cfg.py:3256}}
Jun 10 14:02:28 ubuntu cinder-volume[127833]: INFO flowkit [None req-b52b2ba2-a161-4df7-8394-01b33e19679d None None] Creating new v3 session
Jun 10 14:02:28 ubuntu cinder-volume[127813]: DEBUG oslo_service.backend._eventlet.service [None req-f7e6962f-49a2-429c-b7c3-275a76d7e3b8 None None] arcusfc2.scst_target_driver    = None {{(pid=127813) log_opt_values /opt/stack/data/venv/lib/python3.12/site-packages/oslo_config/cfg.py:3256}}
Jun 10 14:02:28 ubuntu cinder-volume[127833]: DEBUG flowkit [None req-b52b2ba2-a161-4df7-8394-01b33e19679d None None] Headers are {'User-Agent': 'python-requests/2.34.2', 'Accept-Encoding': 'gzip, deflate', 'Accept': '*/*', 'Connection': 'keep-alive', 'Content-Type': 'application/json'} {{(pid=127833) login /usr/local/lib/python3.12/dist-packages/hpe_storage_flowkit_py/v3/src/core/session.py:90}}
Jun 10 14:02:28 ubuntu cinder-volume[127813]: DEBUG oslo_service.backend._eventlet.service [None req-f7e6962f-49a2-429c-b7c3-275a76d7e3b8 None None] arcusfc2.scst_target_iqn_name  = None {{(pid=127813) log_opt_values /opt/stack/data/venv/lib/python3.12/site-packages/oslo_config/cfg.py:3256}}
Jun 10 14:02:28 ubuntu cinder-volume[127833]: DEBUG flowkit [None req-b52b2ba2-a161-4df7-8394-01b33e19679d None None] URL is https://10.201.5.12/api/v3 {{(pid=127833) login /usr/local/lib/python3.12/dist-packages/hpe_storage_flowkit_py/v3/src/core/session.py:91}}
Jun 10 14:02:28 ubuntu cinder-volume[127813]: DEBUG oslo_service.backend._eventlet.service [None req-f7e6962f-49a2-429c-b7c3-275a76d7e3b8 None None] arcusfc2.storage_protocol      = None {{(pid=127813) log_opt_values /opt/stack/data/venv/lib/python3.12/site-packages/oslo_config/cfg.py:3256}}
Jun 10 14:02:28 ubuntu cinder-volume[127833]: DEBUG flowkit [None req-b52b2ba2-a161-4df7-8394-01b33e19679d None None] POST request to: https://10.201.5.12/api/v3/credentials {{(pid=127833) post /usr/local/lib/python3.12/dist-packages/hpe_storage_flowkit_py/v3/src/core/rest_client.py:61}}
Jun 10 14:02:28 ubuntu cinder-volume[127813]: DEBUG oslo_service.backend._eventlet.service [None req-f7e6962f-49a2-429c-b7c3-275a76d7e3b8 None None] arcusfc2.suppress_requests_ssl_warnings = None {{(pid=127813) log_opt_values /opt/stack/data/venv/lib/python3.12/site-packages/oslo_config/cfg.py:3256}}
Jun 10 14:02:28 ubuntu cinder-volume[127833]: DEBUG flowkit [None req-b52b2ba2-a161-4df7-8394-01b33e19679d None None] POST payload: {'user': '3paradm', 'password': '********'} {{(pid=127833) post /usr/local/lib/python3.12/dist-packages/hpe_storage_flowkit_py/v3/src/core/rest_client.py:62}}
Jun 10 14:02:28 ubuntu cinder-volume[127813]: DEBUG oslo_service.backend._eventlet.service [None req-f7e6962f-49a2-429c-b7c3-275a76d7e3b8 None None] arcusfc2.target_helper         = None {{(pid=127813) log_opt_values /opt/stack/data/venv/lib/python3.12/site-packages/oslo_config/cfg.py:3256}}
Jun 10 14:02:28 ubuntu cinder-volume[127813]: DEBUG oslo_service.backend._eventlet.service [None req-f7e6962f-49a2-429c-b7c3-275a76d7e3b8 None None] arcusfc2.target_ip_address     = None {{(pid=127813) log_opt_values /opt/stack/data/venv/lib/python3.12/site-packages/oslo_config/cfg.py:3256}}
Jun 10 14:02:28 ubuntu cinder-volume[127813]: DEBUG oslo_service.backend._eventlet.service [None req-f7e6962f-49a2-429c-b7c3-275a76d7e3b8 None None] arcusfc2.target_port           = None {{(pid=127813) log_opt_values /opt/stack/data/venv/lib/python3.12/site-packages/oslo_config/cfg.py:3256}}
Jun 10 14:02:28 ubuntu cinder-volume[127813]: DEBUG oslo_service.backend._eventlet.service [None req-f7e6962f-49a2-429c-b7c3-275a76d7e3b8 None None] arcusfc2.target_prefix         = None {{(pid=127813) log_opt_values /opt/stack/data/venv/lib/python3.12/site-packages/oslo_config/cfg.py:3256}}
Jun 10 14:02:28 ubuntu cinder-volume[127813]: DEBUG oslo_service.backend._eventlet.service [None req-f7e6962f-49a2-429c-b7c3-275a76d7e3b8 None None] arcusfc2.target_protocol       = None {{(pid=127813) log_opt_values /opt/stack/data/venv/lib/python3.12/site-packages/oslo_config/cfg.py:3256}}
Jun 10 14:02:28 ubuntu cinder-volume[127813]: DEBUG oslo_service.backend._eventlet.service [None req-f7e6962f-49a2-429c-b7c3-275a76d7e3b8 None None] arcusfc2.target_secondary_ip_addresses = None {{(pid=127813) log_opt_values /opt/stack/data/venv/lib/python3.12/site-packages/oslo_config/cfg.py:3256}}
Jun 10 14:02:28 ubuntu cinder-volume[127813]: DEBUG oslo_service.backend._eventlet.service [None req-f7e6962f-49a2-429c-b7c3-275a76d7e3b8 None None] arcusfc2.trace_flags           = None {{(pid=127813) log_opt_values /opt/stack/data/venv/lib/python3.12/site-packages/oslo_config/cfg.py:3256}}
Jun 10 14:02:28 ubuntu cinder-volume[127813]: DEBUG oslo_service.backend._eventlet.service [None req-f7e6962f-49a2-429c-b7c3-275a76d7e3b8 None None] arcusfc2.unique_fqdn_network   = None {{(pid=127813) log_opt_values /opt/stack/data/venv/lib/python3.12/site-packages/oslo_config/cfg.py:3256}}
Jun 10 14:02:28 ubuntu cinder-volume[127813]: DEBUG oslo_service.backend._eventlet.service [None req-f7e6962f-49a2-429c-b7c3-275a76d7e3b8 None None] arcusfc2.use_chap_auth         = None {{(pid=127813) log_opt_values /opt/stack/data/venv/lib/python3.12/site-packages/oslo_config/cfg.py:3256}}
Jun 10 14:02:28 ubuntu cinder-volume[127813]: DEBUG oslo_service.backend._eventlet.service [None req-f7e6962f-49a2-429c-b7c3-275a76d7e3b8 None None] arcusfc2.use_multipath_for_image_xfer = None {{(pid=127813) log_opt_values /opt/stack/data/venv/lib/python3.12/site-packages/oslo_config/cfg.py:3256}}
Jun 10 14:02:28 ubuntu cinder-volume[127813]: DEBUG oslo_service.backend._eventlet.service [None req-f7e6962f-49a2-429c-b7c3-275a76d7e3b8 None None] arcusfc2.volume_backend_name   = arcusfc2 {{(pid=127813) log_opt_values /opt/stack/data/venv/lib/python3.12/site-packages/oslo_config/cfg.py:3256}}
Jun 10 14:02:28 ubuntu cinder-volume[127813]: DEBUG oslo_service.backend._eventlet.service [None req-f7e6962f-49a2-429c-b7c3-275a76d7e3b8 None None] arcusfc2.volume_clear          = None {{(pid=127813) log_opt_values /opt/stack/data/venv/lib/python3.12/site-packages/oslo_config/cfg.py:3256}}
Jun 10 14:02:28 ubuntu cinder-volume[127813]: DEBUG oslo_service.backend._eventlet.service [None req-f7e6962f-49a2-429c-b7c3-275a76d7e3b8 None None] arcusfc2.volume_clear_ionice   = None {{(pid=127813) log_opt_values /opt/stack/data/venv/lib/python3.12/site-packages/oslo_config/cfg.py:3256}}
Jun 10 14:02:28 ubuntu cinder-volume[127813]: DEBUG oslo_service.backend._eventlet.service [None req-f7e6962f-49a2-429c-b7c3-275a76d7e3b8 None None] arcusfc2.volume_clear_size     = None {{(pid=127813) log_opt_values /opt/stack/data/venv/lib/python3.12/site-packages/oslo_config/cfg.py:3256}}
Jun 10 14:02:28 ubuntu cinder-volume[127813]: DEBUG oslo_service.backend._eventlet.service [None req-f7e6962f-49a2-429c-b7c3-275a76d7e3b8 None None] arcusfc2.volume_copy_blkio_cgroup_name = None {{(pid=127813) log_opt_values /opt/stack/data/venv/lib/python3.12/site-packages/oslo_config/cfg.py:3256}}
Jun 10 14:02:28 ubuntu cinder-volume[127813]: DEBUG oslo_service.backend._eventlet.service [None req-f7e6962f-49a2-429c-b7c3-275a76d7e3b8 None None] arcusfc2.volume_copy_bps_limit = None {{(pid=127813) log_opt_values /opt/stack/data/venv/lib/python3.12/site-packages/oslo_config/cfg.py:3256}}
Jun 10 14:02:28 ubuntu cinder-volume[127813]: DEBUG oslo_service.backend._eventlet.service [None req-f7e6962f-49a2-429c-b7c3-275a76d7e3b8 None None] arcusfc2.volume_dd_blocksize   = None {{(pid=127813) log_opt_values /opt/stack/data/venv/lib/python3.12/site-packages/oslo_config/cfg.py:3256}}
Jun 10 14:02:28 ubuntu cinder-volume[127813]: DEBUG oslo_service.backend._eventlet.service [None req-f7e6962f-49a2-429c-b7c3-275a76d7e3b8 None None] arcusfc2.volume_driver         = cinder.volume.drivers.hpe.alletramp_driver.HPEAlletraMPFCDriver {{(pid=127813) log_opt_values /opt/stack/data/venv/lib/python3.12/site-packages/oslo_config/cfg.py:3256}}
Jun 10 14:02:28 ubuntu cinder-volume[127813]: DEBUG oslo_service.backend._eventlet.service [None req-f7e6962f-49a2-429c-b7c3-275a76d7e3b8 None None] arcusfc2.volumes_dir           = None {{(pid=127813) log_opt_values /opt/stack/data/venv/lib/python3.12/site-packages/oslo_config/cfg.py:3256}}
Jun 10 14:02:28 ubuntu cinder-volume[127813]: DEBUG oslo_service.backend._eventlet.service [None req-f7e6962f-49a2-429c-b7c3-275a76d7e3b8 None None] ******************************************************************************** {{(pid=127813) log_opt_values /opt/stack/data/venv/lib/python3.12/site-packages/oslo_config/cfg.py:3263}}
Jun 10 14:02:28 ubuntu cinder-volume[127832]: INFO cinder.volume.drivers.hpe.alletramp_service [None req-af700eca-0afd-4a99-ab8a-6e6427552fe9 None None] Found storagesystem id 519749
Jun 10 14:02:28 ubuntu cinder-volume[127832]: DEBUG cinder.volume.drivers.hpe.alletramp_service [None req-af700eca-0afd-4a99-ab8a-6e6427552fe9 None None] Disconnect from array v3 {{(pid=127832) client_logout /opt/stack/cinder/cinder/volume/drivers/hpe/alletramp_service.py:365}}
Jun 10 14:02:28 ubuntu cinder-volume[127832]: DEBUG cinder.volume.drivers.hpe.alletramp_service [None req-af700eca-0afd-4a99-ab8a-6e6427552fe9 None None] Disconnect from array v1 {{(pid=127832) client_logout /opt/stack/cinder/cinder/volume/drivers/hpe/alletramp_service.py:373}}
Jun 10 14:02:28 ubuntu cinder-volume[127833]: WARNING py.warnings [None req-b52b2ba2-a161-4df7-8394-01b33e19679d None None] /opt/stack/data/venv/lib/python3.12/site-packages/urllib3/connectionpool.py:1110: InsecureRequestWarning: Unverified HTTPS request is being made to host '10.201.5.12'. Adding certificate verification is strongly advised. See: https://urllib3.readthedocs.io/en/latest/advanced-usage.html#tls-warnings
Jun 10 14:02:28 ubuntu cinder-volume[127833]:   warnings.warn(
Jun 10 14:02:28 ubuntu cinder-volume[127832]: DEBUG cinder.volume.drivers.hpe.alletramp_driver [None req-af700eca-0afd-4a99-ab8a-6e6427552fe9 None None] ==> get_volume_stats: call "{'self': <cinder.volume.drivers.hpe.alletramp_driver.HPEAlletraMPFCDriver object at 0x7832b158a420>, 'refresh': True}" {{(pid=127832) trace_logging_wrapper /opt/stack/cinder/cinder/volume/volume_utils.py:1497}}
Jun 10 14:02:28 ubuntu cinder-volume[127832]: DEBUG cinder.volume.drivers.hpe.alletramp_driver [None req-af700eca-0afd-4a99-ab8a-6e6427552fe9 None None] get_volume_stats: refresh: True {{(pid=127832) get_volume_stats /opt/stack/cinder/cinder/volume/drivers/hpe/alletramp_driver.py:135}}
Jun 10 14:02:28 ubuntu cinder-volume[127832]: INFO cinder.volume.drivers.hpe.alletramp_service [None req-af700eca-0afd-4a99-ab8a-6e6427552fe9 None None] Session token in vol stats 0-eae657a0050b280d3d3760c930ba959e-746e296a
Jun 10 14:02:28 ubuntu cinder-volume[127832]: WARNING py.warnings [None req-af700eca-0afd-4a99-ab8a-6e6427552fe9 None None] /opt/stack/data/venv/lib/python3.12/site-packages/urllib3/connectionpool.py:1110: InsecureRequestWarning: Unverified HTTPS request is being made to host '10.201.5.12'. Adding certificate verification is strongly advised. See: https://urllib3.readthedocs.io/en/latest/advanced-usage.html#tls-warnings
Jun 10 14:02:28 ubuntu cinder-volume[127832]:   warnings.warn(
Jun 10 14:02:28 ubuntu cinder-volume[127832]: INFO cinder.volume.drivers.hpe.alletramp_service [None req-af700eca-0afd-4a99-ab8a-6e6427552fe9 None None] Found storagesystem info {'id': 519749, 'name': 's4090', 'systemVersion': '10.5.60.36', 'IPv4Addr': '10.201.5.12', 'model': 'HPE Alletra Storage MP', 'serialNumber': '4UW0004090', 'totalNodes': 2, 'masterNode': 0, 'onlineNodes': [0, 1], 'clusterNodes': [0, 1], 'chunkletSizeMiB': 1024, 'totalCapacityMiB': 15666700.0, 'allocatedCapacityMiB': 1734204.0, 'freeCapacityMiB': 13932496.0, 'failedCapacityMiB': 0.0, 'readOnlyParameters': {'maxVolumeSizeMiB': 67108864, 'maxReduceVolumeSizeMiB': 67108864}, 'timeZone': 'Asia/Kolkata', 'licenseInfo': {'issueTimeSec': 1733380583, 'issueTime8601': '2024-12-05T12:06:23+05:30', 'diskCount': 0, 'WWNBASE': 519749, 'licenses': [{'name': 'FIPS Encryption'}, {'name': 'Owned'}, {'name': 'Software and Support SaaS'}, {'name': 'Virtual Copy'}, {'name': 'Adaptive Optimization'}, {'name': 'Autonomic Rebalance'}, {'name': 'Cluster Extension'}, {'name': 'Cluster Extension'}, {'name': 'Dynamic Optimization'}, {'name': 'File Persona'}, {'name': 'File Persona Basic'}, {'name': 'Management Plug-In for VMware vCenter'}, {'name': 'Online Import'}, {'name': 'Peer Motion'}, {'name': 'Peer Persistence'}, {'name': 'Peer Persistence'}, {'name': 'Priority Optimization'}, {'name': 'Recovery Manager Central'}, {'name': 'Recovery Manager for Exchange'}, {'name': 'Recovery Manager for Microsoft Hyper-V'}, {'name': 'Recovery Manager for Oracle'}, {'name': 'Recovery Manager for SQL'}, {'name': 'Recovery Manager for VMware vSphere'}, {'name': 'Remote Copy'}, {'name': 'Remote Copy'}, {'name': 'RMC Application Suite'}, {'name': 'Smart SAN'}, {'name': 'Storage Federation'}, {'name': 'System Reporter'}, {'name': 'Thin Conversion'}, {'name': 'Thin Persistence'}, {'name': 'Virtual Copy'}, {'name': 'Virtual Domains'}, {'name': 'Virtual Lock'}, {'name': 'VSS Provider for Microsoft Windows'}], 'licenseState': {'virtualCopy': True, 'remoteCopy': True, 'thinProvisioing': True, 'thinProvisioning': True, 'domains': True, 'dynamicOptimization': True, 'virtualLock': True, 'thinPersistence': True, 'thinConversion': True, 'adaptiveOptimization': True, 'peerVirtualization': True, 'qos': True, 'systemReporter': True, 'darEncryption': True, 'fileServices': True, 'storageFederation': True, 'onlineImport': True, 'rmcApplicationSuite': True, 'smartSAN': True, 'sedEncryption': False}}, 'parameters': {'rawSpaceAlertSSD': 0, 'remoteSyslog': False, 'remoteSyslogHost': '0.0.0.0', 'remoteSyslogSecurityHost': '0.0.0.0', 'sparingAlgorithm': 'Default', 'eventLogsize': 5242880, 'eventLogNum': 10, 'VVRetentionTimeMax': 1209600, 'upgradeNote': '', 'autoExportAfterReboot': True, 'thermalShutdown': True, 'sessionTimeout': 3600, 'overProvRatioLimit': 0.0, 'overProvRatioWarning': 0.0, 'disableChunkletInitUNMAP': False, 'remoteCopyHostThrottling': False, 'autoAdmitTune': True, 'singleLunHost': False, 'allowDomainUsersAffectNoDomain': 2, 'dsccReadOnly': False}}
Jun 10 14:02:28 ubuntu cinder-volume[127832]: WARNING py.warnings [None req-af700eca-0afd-4a99-ab8a-6e6427552fe9 None None] /opt/stack/data/venv/lib/python3.12/site-packages/urllib3/connectionpool.py:1110: InsecureRequestWarning: Unverified HTTPS request is being made to host '10.201.5.12'. Adding certificate verification is strongly advised. See: https://urllib3.readthedocs.io/en/latest/advanced-usage.html#tls-warnings
Jun 10 14:02:28 ubuntu cinder-volume[127832]:   warnings.warn(
Jun 10 14:02:28 ubuntu cinder-volume[127832]: WARNING py.warnings [None req-af700eca-0afd-4a99-ab8a-6e6427552fe9 None None] /opt/stack/data/venv/lib/python3.12/site-packages/urllib3/connectionpool.py:1110: InsecureRequestWarning: Unverified HTTPS request is being made to host '10.201.5.12'. Adding certificate verification is strongly advised. See: https://urllib3.readthedocs.io/en/latest/advanced-usage.html#tls-warnings
Jun 10 14:02:28 ubuntu cinder-volume[127832]:   warnings.warn(
Jun 10 14:02:28 ubuntu cinder-volume[127833]: DEBUG flowkit [None req-b52b2ba2-a161-4df7-8394-01b33e19679d None None] POST response status: 201 {{(pid=127833) post /usr/local/lib/python3.12/dist-packages/hpe_storage_flowkit_py/v3/src/core/rest_client.py:65}}
Jun 10 14:02:28 ubuntu cinder-volume[127833]: DEBUG flowkit [None req-b52b2ba2-a161-4df7-8394-01b33e19679d None None] POST response data: {'key': '********', 'sessionId': '5957334294234294121', 'username': '3paradm', 'arrayPrivileges': [{'domain': 'all', 'domainId': 0, 'role': 'super', 'roleId': 8, 'localizedRole': {'key': '********', 'default': 'super'}}]} {{(pid=127833) post /usr/local/lib/python3.12/dist-packages/hpe_storage_flowkit_py/v3/src/core/rest_client.py:67}}
Jun 10 14:02:28 ubuntu cinder-volume[127833]: INFO flowkit [None req-b52b2ba2-a161-4df7-8394-01b33e19679d None None] Successfully created v3 session token
Jun 10 14:02:28 ubuntu cinder-volume[127833]: DEBUG cinder.volume.drivers.hpe.alletramp_service [None req-b52b2ba2-a161-4df7-8394-01b33e19679d None None] do_setup - get api version and system info {{(pid=127833) do_setup /opt/stack/cinder/cinder/volume/drivers/hpe/alletramp_service.py:409}}
Jun 10 14:02:28 ubuntu cinder-volume[127833]: INFO cinder.volume.drivers.hpe.alletramp_service [None req-b52b2ba2-a161-4df7-8394-01b33e19679d None None] Session token 0-7a024dc65bd48312712973bbddb76c3e-746e296a
Jun 10 14:02:28 ubuntu cinder-volume[127833]: WARNING py.warnings [None req-b52b2ba2-a161-4df7-8394-01b33e19679d None None] /opt/stack/data/venv/lib/python3.12/site-packages/urllib3/connectionpool.py:1110: InsecureRequestWarning: Unverified HTTPS request is being made to host '10.201.5.12'. Adding certificate verification is strongly advised. See: https://urllib3.readthedocs.io/en/latest/advanced-usage.html#tls-warnings
Jun 10 14:02:28 ubuntu cinder-volume[127833]:   warnings.warn(
Jun 10 14:02:28 ubuntu cinder-volume[127833]: INFO cinder.volume.drivers.hpe.alletramp_service [None req-b52b2ba2-a161-4df7-8394-01b33e19679d None None] Found storagesystem version 100560036
Jun 10 14:02:28 ubuntu cinder-volume[127833]: DEBUG cinder.volume.drivers.hpe.alletramp_service [None req-b52b2ba2-a161-4df7-8394-01b33e19679d None None] Disconnect from array v3 {{(pid=127833) client_logout /opt/stack/cinder/cinder/volume/drivers/hpe/alletramp_service.py:365}}
Jun 10 14:02:28 ubuntu cinder-volume[127833]: DEBUG flowkit [None req-b52b2ba2-a161-4df7-8394-01b33e19679d None None] DELETE request to: https://10.201.5.12/api/v3/credentials/6C3kYkW5xB-voySFp_ZMA4w3LyLI8kYAP8ODUW6p92ikXJAj3AV3rJana7COSaMDTaOACgs1yVgH0fMgKtSnSA {{(pid=127833) delete /usr/local/lib/python3.12/dist-packages/hpe_storage_flowkit_py/v3/src/core/rest_client.py:92}}
Jun 10 14:02:28 ubuntu cinder-volume[127833]: WARNING py.warnings [None req-b52b2ba2-a161-4df7-8394-01b33e19679d None None] /opt/stack/data/venv/lib/python3.12/site-packages/urllib3/connectionpool.py:1110: InsecureRequestWarning: Unverified HTTPS request is being made to host '10.201.5.12'. Adding certificate verification is strongly advised. See: https://urllib3.readthedocs.io/en/latest/advanced-usage.html#tls-warnings
Jun 10 14:02:28 ubuntu cinder-volume[127833]:   warnings.warn(
Jun 10 14:02:28 ubuntu cinder-volume[127833]: DEBUG flowkit [None req-b52b2ba2-a161-4df7-8394-01b33e19679d None None] DELETE response status: 200 {{(pid=127833) delete /usr/local/lib/python3.12/dist-packages/hpe_storage_flowkit_py/v3/src/core/rest_client.py:95}}
Jun 10 14:02:28 ubuntu cinder-volume[127833]: DEBUG flowkit [None req-b52b2ba2-a161-4df7-8394-01b33e19679d None None] DELETE response data: None {{(pid=127833) delete /usr/local/lib/python3.12/dist-packages/hpe_storage_flowkit_py/v3/src/core/rest_client.py:97}}
Jun 10 14:02:28 ubuntu cinder-volume[127833]: DEBUG cinder.volume.drivers.hpe.alletramp_service [None req-b52b2ba2-a161-4df7-8394-01b33e19679d None None] Disconnect from array v1 {{(pid=127833) client_logout /opt/stack/cinder/cinder/volume/drivers/hpe/alletramp_service.py:373}}
Jun 10 14:02:28 ubuntu cinder-volume[127833]: INFO cinder.volume.drivers.hpe.alletramp_service [None req-b52b2ba2-a161-4df7-8394-01b33e19679d None None] Session token after finally 0-7a024dc65bd48312712973bbddb76c3e-746e296a
Jun 10 14:02:28 ubuntu cinder-volume[127833]: WARNING py.warnings [None req-b52b2ba2-a161-4df7-8394-01b33e19679d None None] /opt/stack/data/venv/lib/python3.12/site-packages/urllib3/connectionpool.py:1110: InsecureRequestWarning: Unverified HTTPS request is being made to host '10.201.5.12'. Adding certificate verification is strongly advised. See: https://urllib3.readthedocs.io/en/latest/advanced-usage.html#tls-warnings
Jun 10 14:02:28 ubuntu cinder-volume[127833]:   warnings.warn(
Jun 10 14:02:28 ubuntu cinder-volume[127832]: INFO cinder.volume.drivers.hpe.alletramp_service [None req-af700eca-0afd-4a99-ab8a-6e6427552fe9 None None] Found cpg_avail_space {'rawFreeMiB': 2075844, 'usableFreeMiB': 1614550, 'overProvisionedVirtualSizeMiB': 17449797, 'overProvisionedUsedMiB': 1295910, 'overProvisionedAllocatedMiB': 1855980, 'overProvisionedFreeMiB': 2075844, 'capacityEfficiency': {'compaction': 19.76, 'compression': 2.12, 'deduplication': 1.01, 'dataReduction': 2.12, 'overProvisioning': 3.3}}
Jun 10 14:02:28 ubuntu cinder-volume[127832]: DEBUG cinder.volume.drivers.hpe.alletramp_driver [None req-af700eca-0afd-4a99-ab8a-6e6427552fe9 None None] <== get_volume_stats: return (161ms) {'driver_version': '1.0', 'storage_protocol': 'FC', 'vendor_name': 'Hewlett Packard Enterprise', 'volume_backend_name': 'arcusfc1', 'array_id': 519749, 'replication_enabled': False, 'replication_targets': [], 'pools': [{'pool_name': 'SSD_r6', 'total_capacity_gb': 2631, 'free_capacity_gb': -672, 'provisioned_capacity_gb': 3303, 'QoS_support': True, 'thin_provisioning_support': True, 'thick_provisioning_support': True, 'max_over_subscription_ratio': '20.0', 'reserved_percentage': 0, 'location_info': 'HPE3PARDriver:4UW0004090:SSD_r6', 'total_volumes': 447, 'capacity_utilization': 125.54161915621435, 'throughput': None, 'bandwidth': None, 'latency': None, 'io_size': None, 'queue_length': None, 'avg_busy_perc': None, 'filter_function': None, 'goodness_function': None, 'multiattach': True, 'consistent_group_snapshot_enabled': True, 'compression': True, 'consistent_group_replication_enabled': False, 'backend_state': 'up', 'replication_enabled': False, 'replication_type': ['sync', 'periodic'], 'replication_count': 0}]} {{(pid=127832) trace_logging_wrapper /opt/stack/cinder/cinder/volume/volume_utils.py:1522}}
Jun 10 14:02:28 ubuntu cinder-volume[127832]: DEBUG cinder.volume.drivers.hpe.alletramp_driver [None req-af700eca-0afd-4a99-ab8a-6e6427552fe9 None None] ==> _init_vendor_properties: call "{'self': <cinder.volume.drivers.hpe.alletramp_driver.HPEAlletraMPFCDriver object at 0x7832b158a420>}" {{(pid=127832) trace_logging_wrapper /opt/stack/cinder/cinder/volume/volume_utils.py:1497}}
