Apr 06 08:22:34 ubuntu systemd[1]: Starting devstack@g-api.service - Devstack devstack@g-api.service...
Apr 06 08:22:34 ubuntu devstack@g-api.service[121953]: [uWSGI] getting INI configuration from /etc/glance/glance-uwsgi.ini
Apr 06 08:22:34 ubuntu devstack@g-api.service[121953]: *** Starting uWSGI 2.0.24-debian (64bit) on [Mon Apr  6 08:22:34 2026] ***
Apr 06 08:22:34 ubuntu devstack@g-api.service[121953]: compiled with version: 13.2.0 on 17 April 2024 16:23:48
Apr 06 08:22:34 ubuntu devstack@g-api.service[121953]: os: Linux-6.8.0-100-generic #100-Ubuntu SMP PREEMPT_DYNAMIC Tue Jan 13 16:40:06 UTC 2026
Apr 06 08:22:34 ubuntu devstack@g-api.service[121953]: nodename: ubuntu
Apr 06 08:22:34 ubuntu devstack@g-api.service[121953]: machine: x86_64
Apr 06 08:22:34 ubuntu devstack@g-api.service[121953]: clock source: unix
Apr 06 08:22:34 ubuntu devstack@g-api.service[121953]: pcre jit disabled
Apr 06 08:22:34 ubuntu devstack@g-api.service[121953]: detected number of CPU cores: 4
Apr 06 08:22:34 ubuntu devstack@g-api.service[121953]: current working directory: /
Apr 06 08:22:34 ubuntu devstack@g-api.service[121953]: detected binary path: /usr/bin/uwsgi-core
Apr 06 08:22:34 ubuntu devstack@g-api.service[121953]: your processes number limit is 31446
Apr 06 08:22:34 ubuntu devstack@g-api.service[121953]: your memory page size is 4096 bytes
Apr 06 08:22:34 ubuntu devstack@g-api.service[121953]: detected max file descriptor number: 2048
Apr 06 08:22:34 ubuntu devstack@g-api.service[121953]: lock engine: pthread robust mutexes
Apr 06 08:22:34 ubuntu devstack@g-api.service[121953]: thunder lock: enabled
Apr 06 08:22:34 ubuntu devstack@g-api.service[121953]: uwsgi socket 0 bound to TCP address 127.0.0.1:60999 fd 4
Apr 06 08:22:34 ubuntu devstack@g-api.service[121953]: Python version: 3.12.3 (main, Mar  3 2026, 12:15:18) [GCC 13.3.0]
Apr 06 08:22:34 ubuntu devstack@g-api.service[121953]: PEP 405 virtualenv detected: /opt/stack/data/venv
Apr 06 08:22:34 ubuntu devstack@g-api.service[121953]: Set PythonHome to /opt/stack/data/venv
Apr 06 08:22:34 ubuntu devstack@g-api.service[121953]: Python main interpreter initialized at 0x7d217a4a3668
Apr 06 08:22:34 ubuntu devstack@g-api.service[121953]: python threads support enabled
Apr 06 08:22:34 ubuntu devstack@g-api.service[121953]: your server socket listen backlog is limited to 100 connections
Apr 06 08:22:34 ubuntu devstack@g-api.service[121953]: your mercy for graceful operations on workers is 80 seconds
Apr 06 08:22:34 ubuntu devstack@g-api.service[121953]: mapped 403077 bytes (393 KB) for 2 cores
Apr 06 08:22:34 ubuntu devstack@g-api.service[121953]: *** Operational MODE: preforking ***
Apr 06 08:22:34 ubuntu devstack@g-api.service[121953]: *** uWSGI is running in multiple interpreter mode ***
Apr 06 08:22:34 ubuntu devstack@g-api.service[121953]: spawned uWSGI master process (pid: 121953)
Apr 06 08:22:34 ubuntu systemd[1]: Started devstack@g-api.service - Devstack devstack@g-api.service.
Apr 06 08:22:34 ubuntu devstack@g-api.service[121953]: spawned uWSGI worker 1 (pid: 121955, cores: 1)
Apr 06 08:22:34 ubuntu devstack@g-api.service[121953]: spawned uWSGI worker 2 (pid: 121956, cores: 1)
Apr 06 08:22:34 ubuntu devstack@g-api.service[121953]: running "unix_signal:15 gracefully_kill_them_all" (master-start)...
Apr 06 08:22:35 ubuntu devstack@g-api.service[121955]: INFO glance.async_ [-] Threadpool model set to 'NativeThreadPoolModel'
Apr 06 08:22:35 ubuntu devstack@g-api.service[121956]: INFO glance.async_ [-] Threadpool model set to 'NativeThreadPoolModel'
Apr 06 08:22:35 ubuntu devstack@g-api.service[121955]: DEBUG oslo_concurrency.processutils [-] Running cmd (subprocess): grep -F node.session.scan /sbin/iscsiadm {{(pid=121955) execute /opt/stack/data/venv/lib/python3.12/site-packages/oslo_concurrency/processutils.py:440}}
Apr 06 08:22:35 ubuntu devstack@g-api.service[121955]: DEBUG oslo_concurrency.processutils [-] CMD "grep -F node.session.scan /sbin/iscsiadm" returned: 0 in 0.008s {{(pid=121955) execute /opt/stack/data/venv/lib/python3.12/site-packages/oslo_concurrency/processutils.py:468}}
Apr 06 08:22:35 ubuntu devstack@g-api.service[121956]: DEBUG oslo_concurrency.processutils [-] Running cmd (subprocess): grep -F node.session.scan /sbin/iscsiadm {{(pid=121956) execute /opt/stack/data/venv/lib/python3.12/site-packages/oslo_concurrency/processutils.py:440}}
Apr 06 08:22:35 ubuntu devstack@g-api.service[121956]: DEBUG oslo_concurrency.processutils [-] CMD "grep -F node.session.scan /sbin/iscsiadm" returned: 0 in 0.015s {{(pid=121956) execute /opt/stack/data/venv/lib/python3.12/site-packages/oslo_concurrency/processutils.py:468}}
Apr 06 08:22:35 ubuntu devstack@g-api.service[121955]: DEBUG glance_store.backend [-] Attempting to import store cinder {{(pid=121955) _load_store /opt/stack/data/venv/lib/python3.12/site-packages/glance_store/backend.py:215}}
Apr 06 08:22:35 ubuntu devstack@g-api.service[121955]: DEBUG glance_store.backend [-] Attempting to import store file {{(pid=121955) _load_store /opt/stack/data/venv/lib/python3.12/site-packages/glance_store/backend.py:215}}
Apr 06 08:22:35 ubuntu devstack@g-api.service[121955]: DEBUG glance_store.backend [-] Attempting to import store glance.store.cinder.Store {{(pid=121955) _load_store /opt/stack/data/venv/lib/python3.12/site-packages/glance_store/backend.py:215}}
Apr 06 08:22:35 ubuntu devstack@g-api.service[121955]: DEBUG glance_store.backend [-] Attempting to import store glance.store.filesystem.Store {{(pid=121955) _load_store /opt/stack/data/venv/lib/python3.12/site-packages/glance_store/backend.py:215}}
Apr 06 08:22:35 ubuntu devstack@g-api.service[121955]: DEBUG glance_store.backend [-] Attempting to import store glance.store.http.Store {{(pid=121955) _load_store /opt/stack/data/venv/lib/python3.12/site-packages/glance_store/backend.py:215}}
Apr 06 08:22:35 ubuntu devstack@g-api.service[121955]: DEBUG glance_store.backend [-] Attempting to import store glance.store.rbd.Store {{(pid=121955) _load_store /opt/stack/data/venv/lib/python3.12/site-packages/glance_store/backend.py:215}}
Apr 06 08:22:35 ubuntu devstack@g-api.service[121955]: DEBUG glance_store.backend [-] Attempting to import store glance.store.s3.Store {{(pid=121955) _load_store /opt/stack/data/venv/lib/python3.12/site-packages/glance_store/backend.py:215}}
Apr 06 08:22:35 ubuntu devstack@g-api.service[121955]: DEBUG glance_store.backend [-] Attempting to import store glance.store.swift.Store {{(pid=121955) _load_store /opt/stack/data/venv/lib/python3.12/site-packages/glance_store/backend.py:215}}
Apr 06 08:22:35 ubuntu devstack@g-api.service[121955]: DEBUG glance_store.backend [-] Attempting to import store glance.store.vmware_datastore.Store {{(pid=121955) _load_store /opt/stack/data/venv/lib/python3.12/site-packages/glance_store/backend.py:215}}
Apr 06 08:22:35 ubuntu devstack@g-api.service[121955]: DEBUG glance_store.backend [-] Attempting to import store http {{(pid=121955) _load_store /opt/stack/data/venv/lib/python3.12/site-packages/glance_store/backend.py:215}}
Apr 06 08:22:35 ubuntu devstack@g-api.service[121955]: DEBUG glance_store.backend [-] Attempting to import store no_conf {{(pid=121955) _load_store /opt/stack/data/venv/lib/python3.12/site-packages/glance_store/backend.py:215}}
Apr 06 08:22:35 ubuntu devstack@g-api.service[121955]: DEBUG glance_store.backend [-] Attempting to import store rbd {{(pid=121955) _load_store /opt/stack/data/venv/lib/python3.12/site-packages/glance_store/backend.py:215}}
Apr 06 08:22:35 ubuntu devstack@g-api.service[121955]: DEBUG glance_store.backend [-] Attempting to import store s3 {{(pid=121955) _load_store /opt/stack/data/venv/lib/python3.12/site-packages/glance_store/backend.py:215}}
Apr 06 08:22:35 ubuntu devstack@g-api.service[121955]: DEBUG glance_store.backend [-] Attempting to import store swift {{(pid=121955) _load_store /opt/stack/data/venv/lib/python3.12/site-packages/glance_store/backend.py:215}}
Apr 06 08:22:35 ubuntu devstack@g-api.service[121955]: DEBUG glance_store.backend [-] Attempting to import store vmware {{(pid=121955) _load_store /opt/stack/data/venv/lib/python3.12/site-packages/glance_store/backend.py:215}}
Apr 06 08:22:35 ubuntu devstack@g-api.service[121955]: DEBUG glance_store.backend [-] Registering options for group glance_store {{(pid=121955) register_opts /opt/stack/data/venv/lib/python3.12/site-packages/glance_store/backend.py:144}}
Apr 06 08:22:35 ubuntu devstack@g-api.service[121955]: DEBUG glance_store.backend [-] Registering options for group glance_store {{(pid=121955) register_opts /opt/stack/data/venv/lib/python3.12/site-packages/glance_store/backend.py:144}}
Apr 06 08:22:35 ubuntu devstack@g-api.service[121955]: DEBUG glance_store.backend [-] Attempting to import store http {{(pid=121955) _load_store /opt/stack/data/venv/lib/python3.12/site-packages/glance_store/backend.py:215}}
Apr 06 08:22:35 ubuntu devstack@g-api.service[121955]: DEBUG glance_store.capabilities [-] Store glance_store._drivers.http.Store doesn't support updating dynamic storage capabilities. Please overwrite 'update_capabilities' method of the store to implement updating logics if needed. {{(pid=121955) update_capabilities /opt/stack/data/venv/lib/python3.12/site-packages/glance_store/capabilities.py:91}}
Apr 06 08:22:35 ubuntu devstack@g-api.service[121955]: DEBUG glance_store.backend [-] Registering store http with schemes ('http', 'https') {{(pid=121955) create_stores /opt/stack/data/venv/lib/python3.12/site-packages/glance_store/backend.py:261}}
Apr 06 08:22:35 ubuntu devstack@g-api.service[121955]: DEBUG glance_store.driver [-] Late loading location class glance_store._drivers.http.StoreLocation {{(pid=121955) get_store_location_class /opt/stack/data/venv/lib/python3.12/site-packages/glance_store/driver.py:134}}
Apr 06 08:22:35 ubuntu devstack@g-api.service[121955]: DEBUG glance_store.location [-] Registering scheme http with {'store': <glance_store._drivers.http.Store object at 0x7d2176702b70>, 'location_class': <class 'glance_store._drivers.http.StoreLocation'>, 'store_entry': 'http'} {{(pid=121955) register_scheme_map /opt/stack/data/venv/lib/python3.12/site-packages/glance_store/location.py:146}}
Apr 06 08:22:35 ubuntu devstack@g-api.service[121955]: DEBUG glance_store.location [-] Registering scheme https with {'store': <glance_store._drivers.http.Store object at 0x7d2176702b70>, 'location_class': <class 'glance_store._drivers.http.StoreLocation'>, 'store_entry': 'http'} {{(pid=121955) register_scheme_map /opt/stack/data/venv/lib/python3.12/site-packages/glance_store/location.py:146}}
Apr 06 08:22:35 ubuntu devstack@g-api.service[121955]: DEBUG glance_store.backend [-] Attempting to import store file {{(pid=121955) _load_store /opt/stack/data/venv/lib/python3.12/site-packages/glance_store/backend.py:215}}
Apr 06 08:22:35 ubuntu devstack@g-api.service[121955]: DEBUG glance_store.capabilities [-] Store glance_store._drivers.filesystem.Store doesn't support updating dynamic storage capabilities. Please overwrite 'update_capabilities' method of the store to implement updating logics if needed. {{(pid=121955) update_capabilities /opt/stack/data/venv/lib/python3.12/site-packages/glance_store/capabilities.py:91}}
Apr 06 08:22:35 ubuntu devstack@g-api.service[121955]: DEBUG glance_store.backend [-] Registering store file with schemes ('file', 'filesystem') {{(pid=121955) create_stores /opt/stack/data/venv/lib/python3.12/site-packages/glance_store/backend.py:261}}
Apr 06 08:22:35 ubuntu devstack@g-api.service[121955]: DEBUG glance_store.driver [-] Late loading location class glance_store._drivers.filesystem.StoreLocation {{(pid=121955) get_store_location_class /opt/stack/data/venv/lib/python3.12/site-packages/glance_store/driver.py:134}}
Apr 06 08:22:35 ubuntu devstack@g-api.service[121955]: DEBUG glance_store.location [-] Registering scheme file with {'store': <glance_store._drivers.filesystem.Store object at 0x7d217563d940>, 'location_class': <class 'glance_store._drivers.filesystem.StoreLocation'>, 'store_entry': 'file'} {{(pid=121955) register_scheme_map /opt/stack/data/venv/lib/python3.12/site-packages/glance_store/location.py:146}}
Apr 06 08:22:35 ubuntu devstack@g-api.service[121955]: DEBUG glance_store.location [-] Registering scheme filesystem with {'store': <glance_store._drivers.filesystem.Store object at 0x7d217563d940>, 'location_class': <class 'glance_store._drivers.filesystem.StoreLocation'>, 'store_entry': 'file'} {{(pid=121955) register_scheme_map /opt/stack/data/venv/lib/python3.12/site-packages/glance_store/location.py:146}}
Apr 06 08:22:35 ubuntu devstack@g-api.service[121955]: DEBUG glance.sqlite_migration [-] SQLite caching database not located, skipping migration {{(pid=121955) get_db_path /opt/stack/glance/glance/sqlite_migration.py:68}}
Apr 06 08:22:35 ubuntu devstack@g-api.service[121955]: WARNING glance.common.wsgi_app [-] Import methods are enabled but staging directory /tmp/staging/ does not exist; Imports will fail!
Apr 06 08:22:35 ubuntu devstack@g-api.service[121956]: DEBUG glance_store.backend [-] Attempting to import store cinder {{(pid=121956) _load_store /opt/stack/data/venv/lib/python3.12/site-packages/glance_store/backend.py:215}}
Apr 06 08:22:35 ubuntu devstack@g-api.service[121956]: DEBUG glance_store.backend [-] Attempting to import store file {{(pid=121956) _load_store /opt/stack/data/venv/lib/python3.12/site-packages/glance_store/backend.py:215}}
Apr 06 08:22:35 ubuntu devstack@g-api.service[121956]: DEBUG glance_store.backend [-] Attempting to import store glance.store.cinder.Store {{(pid=121956) _load_store /opt/stack/data/venv/lib/python3.12/site-packages/glance_store/backend.py:215}}
Apr 06 08:22:35 ubuntu devstack@g-api.service[121956]: DEBUG glance_store.backend [-] Attempting to import store glance.store.filesystem.Store {{(pid=121956) _load_store /opt/stack/data/venv/lib/python3.12/site-packages/glance_store/backend.py:215}}
Apr 06 08:22:35 ubuntu devstack@g-api.service[121956]: DEBUG glance_store.backend [-] Attempting to import store glance.store.http.Store {{(pid=121956) _load_store /opt/stack/data/venv/lib/python3.12/site-packages/glance_store/backend.py:215}}
Apr 06 08:22:35 ubuntu devstack@g-api.service[121956]: DEBUG glance_store.backend [-] Attempting to import store glance.store.rbd.Store {{(pid=121956) _load_store /opt/stack/data/venv/lib/python3.12/site-packages/glance_store/backend.py:215}}
Apr 06 08:22:35 ubuntu devstack@g-api.service[121956]: DEBUG glance_store.backend [-] Attempting to import store glance.store.s3.Store {{(pid=121956) _load_store /opt/stack/data/venv/lib/python3.12/site-packages/glance_store/backend.py:215}}
Apr 06 08:22:35 ubuntu devstack@g-api.service[121956]: DEBUG glance_store.backend [-] Attempting to import store glance.store.swift.Store {{(pid=121956) _load_store /opt/stack/data/venv/lib/python3.12/site-packages/glance_store/backend.py:215}}
Apr 06 08:22:35 ubuntu devstack@g-api.service[121956]: DEBUG glance_store.backend [-] Attempting to import store glance.store.vmware_datastore.Store {{(pid=121956) _load_store /opt/stack/data/venv/lib/python3.12/site-packages/glance_store/backend.py:215}}
Apr 06 08:22:35 ubuntu devstack@g-api.service[121956]: DEBUG glance_store.backend [-] Attempting to import store http {{(pid=121956) _load_store /opt/stack/data/venv/lib/python3.12/site-packages/glance_store/backend.py:215}}
Apr 06 08:22:35 ubuntu devstack@g-api.service[121956]: DEBUG glance_store.backend [-] Attempting to import store no_conf {{(pid=121956) _load_store /opt/stack/data/venv/lib/python3.12/site-packages/glance_store/backend.py:215}}
Apr 06 08:22:35 ubuntu devstack@g-api.service[121956]: DEBUG glance_store.backend [-] Attempting to import store rbd {{(pid=121956) _load_store /opt/stack/data/venv/lib/python3.12/site-packages/glance_store/backend.py:215}}
Apr 06 08:22:35 ubuntu devstack@g-api.service[121956]: DEBUG glance_store.backend [-] Attempting to import store s3 {{(pid=121956) _load_store /opt/stack/data/venv/lib/python3.12/site-packages/glance_store/backend.py:215}}
Apr 06 08:22:35 ubuntu devstack@g-api.service[121956]: DEBUG glance_store.backend [-] Attempting to import store swift {{(pid=121956) _load_store /opt/stack/data/venv/lib/python3.12/site-packages/glance_store/backend.py:215}}
Apr 06 08:22:35 ubuntu devstack@g-api.service[121956]: DEBUG glance_store.backend [-] Attempting to import store vmware {{(pid=121956) _load_store /opt/stack/data/venv/lib/python3.12/site-packages/glance_store/backend.py:215}}
Apr 06 08:22:35 ubuntu devstack@g-api.service[121956]: DEBUG glance_store.backend [-] Registering options for group glance_store {{(pid=121956) register_opts /opt/stack/data/venv/lib/python3.12/site-packages/glance_store/backend.py:144}}
Apr 06 08:22:35 ubuntu devstack@g-api.service[121956]: DEBUG glance_store.backend [-] Registering options for group glance_store {{(pid=121956) register_opts /opt/stack/data/venv/lib/python3.12/site-packages/glance_store/backend.py:144}}
Apr 06 08:22:35 ubuntu devstack@g-api.service[121956]: DEBUG glance_store.backend [-] Attempting to import store http {{(pid=121956) _load_store /opt/stack/data/venv/lib/python3.12/site-packages/glance_store/backend.py:215}}
Apr 06 08:22:35 ubuntu devstack@g-api.service[121956]: DEBUG glance_store.capabilities [-] Store glance_store._drivers.http.Store doesn't support updating dynamic storage capabilities. Please overwrite 'update_capabilities' method of the store to implement updating logics if needed. {{(pid=121956) update_capabilities /opt/stack/data/venv/lib/python3.12/site-packages/glance_store/capabilities.py:91}}
Apr 06 08:22:35 ubuntu devstack@g-api.service[121956]: DEBUG glance_store.backend [-] Registering store http with schemes ('http', 'https') {{(pid=121956) create_stores /opt/stack/data/venv/lib/python3.12/site-packages/glance_store/backend.py:261}}
Apr 06 08:22:35 ubuntu devstack@g-api.service[121956]: DEBUG glance_store.driver [-] Late loading location class glance_store._drivers.http.StoreLocation {{(pid=121956) get_store_location_class /opt/stack/data/venv/lib/python3.12/site-packages/glance_store/driver.py:134}}
Apr 06 08:22:35 ubuntu devstack@g-api.service[121956]: DEBUG glance_store.location [-] Registering scheme http with {'store': <glance_store._drivers.http.Store object at 0x7d2175d00b00>, 'location_class': <class 'glance_store._drivers.http.StoreLocation'>, 'store_entry': 'http'} {{(pid=121956) register_scheme_map /opt/stack/data/venv/lib/python3.12/site-packages/glance_store/location.py:146}}
Apr 06 08:22:35 ubuntu devstack@g-api.service[121956]: DEBUG glance_store.location [-] Registering scheme https with {'store': <glance_store._drivers.http.Store object at 0x7d2175d00b00>, 'location_class': <class 'glance_store._drivers.http.StoreLocation'>, 'store_entry': 'http'} {{(pid=121956) register_scheme_map /opt/stack/data/venv/lib/python3.12/site-packages/glance_store/location.py:146}}
Apr 06 08:22:35 ubuntu devstack@g-api.service[121956]: DEBUG glance_store.backend [-] Attempting to import store file {{(pid=121956) _load_store /opt/stack/data/venv/lib/python3.12/site-packages/glance_store/backend.py:215}}
Apr 06 08:22:35 ubuntu devstack@g-api.service[121956]: DEBUG glance_store.capabilities [-] Store glance_store._drivers.filesystem.Store doesn't support updating dynamic storage capabilities. Please overwrite 'update_capabilities' method of the store to implement updating logics if needed. {{(pid=121956) update_capabilities /opt/stack/data/venv/lib/python3.12/site-packages/glance_store/capabilities.py:91}}
Apr 06 08:22:35 ubuntu devstack@g-api.service[121956]: DEBUG glance_store.backend [-] Registering store file with schemes ('file', 'filesystem') {{(pid=121956) create_stores /opt/stack/data/venv/lib/python3.12/site-packages/glance_store/backend.py:261}}
Apr 06 08:22:35 ubuntu devstack@g-api.service[121956]: DEBUG glance_store.driver [-] Late loading location class glance_store._drivers.filesystem.StoreLocation {{(pid=121956) get_store_location_class /opt/stack/data/venv/lib/python3.12/site-packages/glance_store/driver.py:134}}
Apr 06 08:22:35 ubuntu devstack@g-api.service[121956]: DEBUG glance_store.location [-] Registering scheme file with {'store': <glance_store._drivers.filesystem.Store object at 0x7d2175bd9ac0>, 'location_class': <class 'glance_store._drivers.filesystem.StoreLocation'>, 'store_entry': 'file'} {{(pid=121956) register_scheme_map /opt/stack/data/venv/lib/python3.12/site-packages/glance_store/location.py:146}}
Apr 06 08:22:35 ubuntu devstack@g-api.service[121956]: DEBUG glance_store.location [-] Registering scheme filesystem with {'store': <glance_store._drivers.filesystem.Store object at 0x7d2175bd9ac0>, 'location_class': <class 'glance_store._drivers.filesystem.StoreLocation'>, 'store_entry': 'file'} {{(pid=121956) register_scheme_map /opt/stack/data/venv/lib/python3.12/site-packages/glance_store/location.py:146}}
Apr 06 08:22:35 ubuntu devstack@g-api.service[121956]: DEBUG glance.sqlite_migration [-] SQLite caching database not located, skipping migration {{(pid=121956) get_db_path /opt/stack/glance/glance/sqlite_migration.py:68}}
Apr 06 08:22:35 ubuntu devstack@g-api.service[121956]: WARNING glance.common.wsgi_app [-] Import methods are enabled but staging directory /tmp/staging/ does not exist; Imports will fail!
Apr 06 08:22:35 ubuntu devstack@g-api.service[121956]: DEBUG glance.common.config [None req-2e2a35be-be9d-4dd3-93b9-36aefd4a2132 None None] Loading glance-api-keystone+cachemanagement from /etc/glance/glance-api-paste.ini {{(pid=121956) load_paste_app /opt/stack/glance/glance/common/config.py:758}}
Apr 06 08:22:35 ubuntu devstack@g-api.service[121955]: DEBUG glance.common.config [None req-3bf7db4c-52ab-4f5e-8741-f9ddbf29a6e6 None None] Loading glance-api-keystone+cachemanagement from /etc/glance/glance-api-paste.ini {{(pid=121955) load_paste_app /opt/stack/glance/glance/common/config.py:758}}
Apr 06 08:22:36 ubuntu devstack@g-api.service[121955]: INFO glance.image_cache [None req-3bf7db4c-52ab-4f5e-8741-f9ddbf29a6e6 None None] Image cache loaded driver 'centralized_db'.
Apr 06 08:22:36 ubuntu devstack@g-api.service[121956]: INFO glance.image_cache [None req-2e2a35be-be9d-4dd3-93b9-36aefd4a2132 None None] Image cache loaded driver 'centralized_db'.
Apr 06 08:22:36 ubuntu devstack@g-api.service[121956]: INFO dbcounter [None req-2e2a35be-be9d-4dd3-93b9-36aefd4a2132 None None] Registered counter for database glance
Apr 06 08:22:36 ubuntu devstack@g-api.service[121955]: INFO dbcounter [None req-3bf7db4c-52ab-4f5e-8741-f9ddbf29a6e6 None None] Registered counter for database glance
Apr 06 08:22:36 ubuntu devstack@g-api.service[121956]: DEBUG oslo_db.sqlalchemy.engines [None req-2e2a35be-be9d-4dd3-93b9-36aefd4a2132 None None] MySQL server mode set to STRICT_TRANS_TABLES,STRICT_ALL_TABLES,NO_ZERO_IN_DATE,NO_ZERO_DATE,ERROR_FOR_DIVISION_BY_ZERO,TRADITIONAL,NO_ENGINE_SUBSTITUTION {{(pid=121956) _check_effective_sql_mode /opt/stack/data/venv/lib/python3.12/site-packages/oslo_db/sqlalchemy/engines.py:325}}
Apr 06 08:22:36 ubuntu devstack@g-api.service[121955]: DEBUG oslo_db.sqlalchemy.engines [None req-3bf7db4c-52ab-4f5e-8741-f9ddbf29a6e6 None None] MySQL server mode set to STRICT_TRANS_TABLES,STRICT_ALL_TABLES,NO_ZERO_IN_DATE,NO_ZERO_DATE,ERROR_FOR_DIVISION_BY_ZERO,TRADITIONAL,NO_ENGINE_SUBSTITUTION {{(pid=121955) _check_effective_sql_mode /opt/stack/data/venv/lib/python3.12/site-packages/oslo_db/sqlalchemy/engines.py:325}}
Apr 06 08:22:36 ubuntu devstack@g-api.service[121956]: DEBUG dbcounter [-] [121956] Writer thread running {{(pid=121956) stat_writer /opt/stack/data/venv/lib/python3.12/site-packages/dbcounter.py:102}}
Apr 06 08:22:36 ubuntu devstack@g-api.service[121955]: DEBUG dbcounter [-] [121955] Writer thread running {{(pid=121955) stat_writer /opt/stack/data/venv/lib/python3.12/site-packages/dbcounter.py:102}}
Apr 06 08:22:36 ubuntu devstack@g-api.service[121955]: DEBUG glance.image_cache.drivers.centralized_db [None req-3bf7db4c-52ab-4f5e-8741-f9ddbf29a6e6 None None] Node reference is already recorded, ignoring it {{(pid=121955) configure /opt/stack/glance/glance/image_cache/drivers/centralized_db.py:71}}
Apr 06 08:22:36 ubuntu devstack@g-api.service[121956]: INFO glance.image_cache [None req-2e2a35be-be9d-4dd3-93b9-36aefd4a2132 None None] Image cache loaded driver 'centralized_db'.
Apr 06 08:22:36 ubuntu devstack@g-api.service[121955]: INFO glance.image_cache [None req-3bf7db4c-52ab-4f5e-8741-f9ddbf29a6e6 None None] Image cache loaded driver 'centralized_db'.
Apr 06 08:22:36 ubuntu devstack@g-api.service[121956]: DEBUG glance.image_cache.drivers.centralized_db [None req-2e2a35be-be9d-4dd3-93b9-36aefd4a2132 None None] Node reference is already recorded, ignoring it {{(pid=121956) configure /opt/stack/glance/glance/image_cache/drivers/centralized_db.py:71}}
Apr 06 08:22:36 ubuntu devstack@g-api.service[121955]: DEBUG glance.image_cache.drivers.centralized_db [None req-3bf7db4c-52ab-4f5e-8741-f9ddbf29a6e6 None None] Node reference is already recorded, ignoring it {{(pid=121955) configure /opt/stack/glance/glance/image_cache/drivers/centralized_db.py:71}}
Apr 06 08:22:36 ubuntu devstack@g-api.service[121956]: DEBUG glance.api.v2.cached_images [None req-2e2a35be-be9d-4dd3-93b9-36aefd4a2132 None None] Started cache worker thread {{(pid=121956) __init__ /opt/stack/glance/glance/api/v2/cached_images.py:69}}
Apr 06 08:22:36 ubuntu devstack@g-api.service[121955]: DEBUG glance.api.v2.cached_images [None req-3bf7db4c-52ab-4f5e-8741-f9ddbf29a6e6 None None] Started cache worker thread {{(pid=121955) __init__ /opt/stack/glance/glance/api/v2/cached_images.py:69}}
Apr 06 08:22:36 ubuntu devstack@g-api.service[121956]: INFO glance.image_cache [None req-2e2a35be-be9d-4dd3-93b9-36aefd4a2132 None None] Image cache loaded driver 'centralized_db'.
Apr 06 08:22:36 ubuntu devstack@g-api.service[121955]: INFO glance.image_cache [None req-3bf7db4c-52ab-4f5e-8741-f9ddbf29a6e6 None None] Image cache loaded driver 'centralized_db'.
Apr 06 08:22:36 ubuntu devstack@g-api.service[121956]: DEBUG glance.image_cache.drivers.centralized_db [None req-2e2a35be-be9d-4dd3-93b9-36aefd4a2132 None None] Node reference is already recorded, ignoring it {{(pid=121956) configure /opt/stack/glance/glance/image_cache/drivers/centralized_db.py:71}}
Apr 06 08:22:36 ubuntu devstack@g-api.service[121955]: DEBUG glance.image_cache.drivers.centralized_db [None req-3bf7db4c-52ab-4f5e-8741-f9ddbf29a6e6 None None] Node reference is already recorded, ignoring it {{(pid=121955) configure /opt/stack/glance/glance/image_cache/drivers/centralized_db.py:71}}
Apr 06 08:22:36 ubuntu devstack@g-api.service[121956]: INFO glance.api.middleware.cache_manage [None req-2e2a35be-be9d-4dd3-93b9-36aefd4a2132 None None] Initialized image cache management middleware
Apr 06 08:22:36 ubuntu devstack@g-api.service[121955]: INFO glance.api.middleware.cache_manage [None req-3bf7db4c-52ab-4f5e-8741-f9ddbf29a6e6 None None] Initialized image cache management middleware
Apr 06 08:22:36 ubuntu devstack@g-api.service[121955]: INFO glance.image_cache [None req-3bf7db4c-52ab-4f5e-8741-f9ddbf29a6e6 None None] Image cache loaded driver 'centralized_db'.
Apr 06 08:22:36 ubuntu devstack@g-api.service[121956]: INFO glance.image_cache [None req-2e2a35be-be9d-4dd3-93b9-36aefd4a2132 None None] Image cache loaded driver 'centralized_db'.
Apr 06 08:22:36 ubuntu devstack@g-api.service[121955]: DEBUG glance.image_cache.drivers.centralized_db [None req-3bf7db4c-52ab-4f5e-8741-f9ddbf29a6e6 None None] Node reference is already recorded, ignoring it {{(pid=121955) configure /opt/stack/glance/glance/image_cache/drivers/centralized_db.py:71}}
Apr 06 08:22:36 ubuntu devstack@g-api.service[121956]: DEBUG glance.image_cache.drivers.centralized_db [None req-2e2a35be-be9d-4dd3-93b9-36aefd4a2132 None None] Node reference is already recorded, ignoring it {{(pid=121956) configure /opt/stack/glance/glance/image_cache/drivers/centralized_db.py:71}}
Apr 06 08:22:36 ubuntu devstack@g-api.service[121955]: INFO glance.api.middleware.cache [None req-3bf7db4c-52ab-4f5e-8741-f9ddbf29a6e6 None None] Initialized image cache middleware
Apr 06 08:22:36 ubuntu devstack@g-api.service[121956]: INFO glance.api.middleware.cache [None req-2e2a35be-be9d-4dd3-93b9-36aefd4a2132 None None] Initialized image cache middleware
Apr 06 08:22:36 ubuntu devstack@g-api.service[121955]: WARNING keystonemiddleware.auth_token [None req-3bf7db4c-52ab-4f5e-8741-f9ddbf29a6e6 None None] AuthToken middleware is set with keystone_authtoken.service_token_roles_required set to False. This is backwards compatible but deprecated behaviour. Please set this to True.
Apr 06 08:22:36 ubuntu devstack@g-api.service[121955]: DEBUG glance.common.config [None req-3bf7db4c-52ab-4f5e-8741-f9ddbf29a6e6 None None] ******************************************************************************** {{(pid=121955) log_opt_values /opt/stack/data/venv/lib/python3.12/site-packages/oslo_config/cfg.py:2979}}
Apr 06 08:22:36 ubuntu devstack@g-api.service[121955]: DEBUG glance.common.config [None req-3bf7db4c-52ab-4f5e-8741-f9ddbf29a6e6 None None] Configuration options gathered from: {{(pid=121955) log_opt_values /opt/stack/data/venv/lib/python3.12/site-packages/oslo_config/cfg.py:2980}}
Apr 06 08:22:36 ubuntu devstack@g-api.service[121955]: DEBUG glance.common.config [None req-3bf7db4c-52ab-4f5e-8741-f9ddbf29a6e6 None None] command line args: [] {{(pid=121955) log_opt_values /opt/stack/data/venv/lib/python3.12/site-packages/oslo_config/cfg.py:2981}}
Apr 06 08:22:36 ubuntu devstack@g-api.service[121955]: DEBUG glance.common.config [None req-3bf7db4c-52ab-4f5e-8741-f9ddbf29a6e6 None None] config files: ['/etc/glance/glance-image-import.conf', '/etc/glance/glance-api.conf'] {{(pid=121955) log_opt_values /opt/stack/data/venv/lib/python3.12/site-packages/oslo_config/cfg.py:2982}}
Apr 06 08:22:36 ubuntu devstack@g-api.service[121955]: DEBUG glance.common.config [None req-3bf7db4c-52ab-4f5e-8741-f9ddbf29a6e6 None None] ================================================================================ {{(pid=121955) log_opt_values /opt/stack/data/venv/lib/python3.12/site-packages/oslo_config/cfg.py:2987}}
Apr 06 08:22:36 ubuntu devstack@g-api.service[121955]: DEBUG glance.common.config [None req-3bf7db4c-52ab-4f5e-8741-f9ddbf29a6e6 None None] allow_anonymous_access         = False {{(pid=121955) log_opt_values /opt/stack/data/venv/lib/python3.12/site-packages/oslo_config/cfg.py:2995}}
Apr 06 08:22:36 ubuntu devstack@g-api.service[121955]: DEBUG glance.common.config [None req-3bf7db4c-52ab-4f5e-8741-f9ddbf29a6e6 None None] api_limit_max                  = 1000 {{(pid=121955) log_opt_values /opt/stack/data/venv/lib/python3.12/site-packages/oslo_config/cfg.py:2995}}
Apr 06 08:22:36 ubuntu devstack@g-api.service[121955]: DEBUG glance.common.config [None req-3bf7db4c-52ab-4f5e-8741-f9ddbf29a6e6 None None] backlog                        = 4096 {{(pid=121955) log_opt_values /opt/stack/data/venv/lib/python3.12/site-packages/oslo_config/cfg.py:2995}}
Apr 06 08:22:36 ubuntu devstack@g-api.service[121955]: DEBUG glance.common.config [None req-3bf7db4c-52ab-4f5e-8741-f9ddbf29a6e6 None None] bind_host                      = 0.0.0.0 {{(pid=121955) log_opt_values /opt/stack/data/venv/lib/python3.12/site-packages/oslo_config/cfg.py:2995}}
Apr 06 08:22:36 ubuntu devstack@g-api.service[121955]: DEBUG glance.common.config [None req-3bf7db4c-52ab-4f5e-8741-f9ddbf29a6e6 None None] bind_port                      = None {{(pid=121955) log_opt_values /opt/stack/data/venv/lib/python3.12/site-packages/oslo_config/cfg.py:2995}}
Apr 06 08:22:36 ubuntu devstack@g-api.service[121955]: DEBUG glance.common.config [None req-3bf7db4c-52ab-4f5e-8741-f9ddbf29a6e6 None None] client_socket_timeout          = 900 {{(pid=121955) log_opt_values /opt/stack/data/venv/lib/python3.12/site-packages/oslo_config/cfg.py:2995}}
Apr 06 08:22:36 ubuntu devstack@g-api.service[121955]: DEBUG glance.common.config [None req-3bf7db4c-52ab-4f5e-8741-f9ddbf29a6e6 None None] config_dir                     = [] {{(pid=121955) log_opt_values /opt/stack/data/venv/lib/python3.12/site-packages/oslo_config/cfg.py:2995}}
Apr 06 08:22:36 ubuntu devstack@g-api.service[121955]: DEBUG glance.common.config [None req-3bf7db4c-52ab-4f5e-8741-f9ddbf29a6e6 None None] config_file                    = ['/etc/glance/glance-image-import.conf', '/etc/glance/glance-api.conf'] {{(pid=121955) log_opt_values /opt/stack/data/venv/lib/python3.12/site-packages/oslo_config/cfg.py:2995}}
Apr 06 08:22:36 ubuntu devstack@g-api.service[121955]: DEBUG glance.common.config [None req-3bf7db4c-52ab-4f5e-8741-f9ddbf29a6e6 None None] config_source                  = [] {{(pid=121955) log_opt_values /opt/stack/data/venv/lib/python3.12/site-packages/oslo_config/cfg.py:2995}}
Apr 06 08:22:36 ubuntu devstack@g-api.service[121955]: DEBUG glance.common.config [None req-3bf7db4c-52ab-4f5e-8741-f9ddbf29a6e6 None None] control_exchange               = glance {{(pid=121955) log_opt_values /opt/stack/data/venv/lib/python3.12/site-packages/oslo_config/cfg.py:2995}}
Apr 06 08:22:36 ubuntu devstack@g-api.service[121955]: DEBUG glance.common.config [None req-3bf7db4c-52ab-4f5e-8741-f9ddbf29a6e6 None None] debug                          = True {{(pid=121955) log_opt_values /opt/stack/data/venv/lib/python3.12/site-packages/oslo_config/cfg.py:2995}}
Apr 06 08:22:36 ubuntu devstack@g-api.service[121955]: DEBUG glance.common.config [None req-3bf7db4c-52ab-4f5e-8741-f9ddbf29a6e6 None None] default_log_levels             = ['amqp=WARN', 'boto=WARN', 'sqlalchemy=WARN', 'suds=INFO', 'oslo.messaging=INFO', 'oslo_messaging=INFO', 'iso8601=WARN', 'requests.packages.urllib3.connectionpool=WARN', 'urllib3.connectionpool=WARN', 'websocket=WARN', 'requests.packages.urllib3.util.retry=WARN', 'urllib3.util.retry=WARN', 'keystonemiddleware=WARN', 'routes.middleware=WARN', 'stevedore=WARN', 'taskflow=WARN', 'keystoneauth=WARN', 'oslo.cache=INFO', 'oslo_policy=INFO', 'dogpile.core.dogpile=INFO'] {{(pid=121955) log_opt_values /opt/stack/data/venv/lib/python3.12/site-packages/oslo_config/cfg.py:2995}}
Apr 06 08:22:36 ubuntu devstack@g-api.service[121955]: DEBUG glance.common.config [None req-3bf7db4c-52ab-4f5e-8741-f9ddbf29a6e6 None None] default_publisher_id           = image.localhost {{(pid=121955) log_opt_values /opt/stack/data/venv/lib/python3.12/site-packages/oslo_config/cfg.py:2995}}
Apr 06 08:22:36 ubuntu devstack@g-api.service[121955]: DEBUG glance.common.config [None req-3bf7db4c-52ab-4f5e-8741-f9ddbf29a6e6 None None] delayed_delete                 = False {{(pid=121955) log_opt_values /opt/stack/data/venv/lib/python3.12/site-packages/oslo_config/cfg.py:2995}}
Apr 06 08:22:36 ubuntu devstack@g-api.service[121955]: DEBUG glance.common.config [None req-3bf7db4c-52ab-4f5e-8741-f9ddbf29a6e6 None None] digest_algorithm               = sha256 {{(pid=121955) log_opt_values /opt/stack/data/venv/lib/python3.12/site-packages/oslo_config/cfg.py:2995}}
Apr 06 08:22:36 ubuntu devstack@g-api.service[121955]: DEBUG glance.common.config [None req-3bf7db4c-52ab-4f5e-8741-f9ddbf29a6e6 None None] disabled_notifications         = [] {{(pid=121955) log_opt_values /opt/stack/data/venv/lib/python3.12/site-packages/oslo_config/cfg.py:2995}}
Apr 06 08:22:36 ubuntu devstack@g-api.service[121955]: DEBUG glance.common.config [None req-3bf7db4c-52ab-4f5e-8741-f9ddbf29a6e6 None None] do_secure_hash                 = True {{(pid=121955) log_opt_values /opt/stack/data/venv/lib/python3.12/site-packages/oslo_config/cfg.py:2995}}
Apr 06 08:22:36 ubuntu devstack@g-api.service[121955]: DEBUG glance.common.config [None req-3bf7db4c-52ab-4f5e-8741-f9ddbf29a6e6 None None] enabled_backends               = None {{(pid=121955) log_opt_values /opt/stack/data/venv/lib/python3.12/site-packages/oslo_config/cfg.py:2995}}
Apr 06 08:22:36 ubuntu devstack@g-api.service[121955]: DEBUG glance.common.config [None req-3bf7db4c-52ab-4f5e-8741-f9ddbf29a6e6 None None] enabled_import_methods         = ['glance-direct', 'web-download', 'copy-image'] {{(pid=121955) log_opt_values /opt/stack/data/venv/lib/python3.12/site-packages/oslo_config/cfg.py:2995}}
Apr 06 08:22:36 ubuntu devstack@g-api.service[121955]: DEBUG glance.common.config [None req-3bf7db4c-52ab-4f5e-8741-f9ddbf29a6e6 None None] hashing_algorithm              = sha512 {{(pid=121955) log_opt_values /opt/stack/data/venv/lib/python3.12/site-packages/oslo_config/cfg.py:2995}}
Apr 06 08:22:36 ubuntu devstack@g-api.service[121955]: DEBUG glance.common.config [None req-3bf7db4c-52ab-4f5e-8741-f9ddbf29a6e6 None None] http_keepalive                 = True {{(pid=121955) log_opt_values /opt/stack/data/venv/lib/python3.12/site-packages/oslo_config/cfg.py:2995}}
Apr 06 08:22:36 ubuntu devstack@g-api.service[121955]: DEBUG glance.common.config [None req-3bf7db4c-52ab-4f5e-8741-f9ddbf29a6e6 None None] http_retries                   = 3 {{(pid=121955) log_opt_values /opt/stack/data/venv/lib/python3.12/site-packages/oslo_config/cfg.py:2995}}
Apr 06 08:22:36 ubuntu devstack@g-api.service[121955]: DEBUG glance.common.config [None req-3bf7db4c-52ab-4f5e-8741-f9ddbf29a6e6 None None] image_cache_dir                = /opt/stack/data/glance/cache/ {{(pid=121955) log_opt_values /opt/stack/data/venv/lib/python3.12/site-packages/oslo_config/cfg.py:2995}}
Apr 06 08:22:36 ubuntu devstack@g-api.service[121955]: DEBUG glance.common.config [None req-3bf7db4c-52ab-4f5e-8741-f9ddbf29a6e6 None None] image_cache_driver             = centralized_db {{(pid=121955) log_opt_values /opt/stack/data/venv/lib/python3.12/site-packages/oslo_config/cfg.py:2995}}
Apr 06 08:22:36 ubuntu devstack@g-api.service[121955]: DEBUG glance.common.config [None req-3bf7db4c-52ab-4f5e-8741-f9ddbf29a6e6 None None] image_cache_max_size           = 10737418240 {{(pid=121955) log_opt_values /opt/stack/data/venv/lib/python3.12/site-packages/oslo_config/cfg.py:2995}}
Apr 06 08:22:36 ubuntu devstack@g-api.service[121955]: DEBUG glance.common.config [None req-3bf7db4c-52ab-4f5e-8741-f9ddbf29a6e6 None None] image_cache_sqlite_db          = cache.db {{(pid=121955) log_opt_values /opt/stack/data/venv/lib/python3.12/site-packages/oslo_config/cfg.py:2995}}
Apr 06 08:22:36 ubuntu devstack@g-api.service[121955]: DEBUG glance.common.config [None req-3bf7db4c-52ab-4f5e-8741-f9ddbf29a6e6 None None] image_cache_stall_time         = 86400 {{(pid=121955) log_opt_values /opt/stack/data/venv/lib/python3.12/site-packages/oslo_config/cfg.py:2995}}
Apr 06 08:22:36 ubuntu devstack@g-api.service[121955]: DEBUG glance.common.config [None req-3bf7db4c-52ab-4f5e-8741-f9ddbf29a6e6 None None] image_location_quota           = 10 {{(pid=121955) log_opt_values /opt/stack/data/venv/lib/python3.12/site-packages/oslo_config/cfg.py:2995}}
Apr 06 08:22:36 ubuntu devstack@g-api.service[121955]: DEBUG glance.common.config [None req-3bf7db4c-52ab-4f5e-8741-f9ddbf29a6e6 None None] image_member_quota             = 128 {{(pid=121955) log_opt_values /opt/stack/data/venv/lib/python3.12/site-packages/oslo_config/cfg.py:2995}}
Apr 06 08:22:36 ubuntu devstack@g-api.service[121955]: DEBUG glance.common.config [None req-3bf7db4c-52ab-4f5e-8741-f9ddbf29a6e6 None None] image_property_quota           = 128 {{(pid=121955) log_opt_values /opt/stack/data/venv/lib/python3.12/site-packages/oslo_config/cfg.py:2995}}
Apr 06 08:22:36 ubuntu devstack@g-api.service[121955]: DEBUG glance.common.config [None req-3bf7db4c-52ab-4f5e-8741-f9ddbf29a6e6 None None] image_size_cap                 = 1099511627776 {{(pid=121955) log_opt_values /opt/stack/data/venv/lib/python3.12/site-packages/oslo_config/cfg.py:2995}}
Apr 06 08:22:36 ubuntu devstack@g-api.service[121955]: DEBUG glance.common.config [None req-3bf7db4c-52ab-4f5e-8741-f9ddbf29a6e6 None None] image_tag_quota                = 128 {{(pid=121955) log_opt_values /opt/stack/data/venv/lib/python3.12/site-packages/oslo_config/cfg.py:2995}}
Apr 06 08:22:36 ubuntu devstack@g-api.service[121955]: DEBUG glance.common.config [None req-3bf7db4c-52ab-4f5e-8741-f9ddbf29a6e6 None None] instance_format                = [instance: %(uuid)s]  {{(pid=121955) log_opt_values /opt/stack/data/venv/lib/python3.12/site-packages/oslo_config/cfg.py:2995}}
Apr 06 08:22:36 ubuntu devstack@g-api.service[121955]: DEBUG glance.common.config [None req-3bf7db4c-52ab-4f5e-8741-f9ddbf29a6e6 None None] instance_uuid_format           = [instance: %(uuid)s]  {{(pid=121955) log_opt_values /opt/stack/data/venv/lib/python3.12/site-packages/oslo_config/cfg.py:2995}}
Apr 06 08:22:36 ubuntu devstack@g-api.service[121955]: DEBUG glance.common.config [None req-3bf7db4c-52ab-4f5e-8741-f9ddbf29a6e6 None None] limit_param_default            = 25 {{(pid=121955) log_opt_values /opt/stack/data/venv/lib/python3.12/site-packages/oslo_config/cfg.py:2995}}
Apr 06 08:22:36 ubuntu devstack@g-api.service[121955]: DEBUG glance.common.config [None req-3bf7db4c-52ab-4f5e-8741-f9ddbf29a6e6 None None] log_color                      = True {{(pid=121955) log_opt_values /opt/stack/data/venv/lib/python3.12/site-packages/oslo_config/cfg.py:2995}}
Apr 06 08:22:36 ubuntu devstack@g-api.service[121955]: DEBUG glance.common.config [None req-3bf7db4c-52ab-4f5e-8741-f9ddbf29a6e6 None None] log_config_append              = None {{(pid=121955) log_opt_values /opt/stack/data/venv/lib/python3.12/site-packages/oslo_config/cfg.py:2995}}
Apr 06 08:22:36 ubuntu devstack@g-api.service[121955]: DEBUG glance.common.config [None req-3bf7db4c-52ab-4f5e-8741-f9ddbf29a6e6 None None] log_date_format                = %Y-%m-%d %H:%M:%S {{(pid=121955) log_opt_values /opt/stack/data/venv/lib/python3.12/site-packages/oslo_config/cfg.py:2995}}
Apr 06 08:22:36 ubuntu devstack@g-api.service[121955]: DEBUG glance.common.config [None req-3bf7db4c-52ab-4f5e-8741-f9ddbf29a6e6 None None] log_dir                        = None {{(pid=121955) log_opt_values /opt/stack/data/venv/lib/python3.12/site-packages/oslo_config/cfg.py:2995}}
Apr 06 08:22:36 ubuntu devstack@g-api.service[121955]: DEBUG glance.common.config [None req-3bf7db4c-52ab-4f5e-8741-f9ddbf29a6e6 None None] log_file                       = None {{(pid=121955) log_opt_values /opt/stack/data/venv/lib/python3.12/site-packages/oslo_config/cfg.py:2995}}
Apr 06 08:22:36 ubuntu devstack@g-api.service[121955]: DEBUG glance.common.config [None req-3bf7db4c-52ab-4f5e-8741-f9ddbf29a6e6 None None] log_rotate_interval            = 1 {{(pid=121955) log_opt_values /opt/stack/data/venv/lib/python3.12/site-packages/oslo_config/cfg.py:2995}}
Apr 06 08:22:36 ubuntu devstack@g-api.service[121955]: DEBUG glance.common.config [None req-3bf7db4c-52ab-4f5e-8741-f9ddbf29a6e6 None None] log_rotate_interval_type       = days {{(pid=121955) log_opt_values /opt/stack/data/venv/lib/python3.12/site-packages/oslo_config/cfg.py:2995}}
Apr 06 08:22:36 ubuntu devstack@g-api.service[121955]: DEBUG glance.common.config [None req-3bf7db4c-52ab-4f5e-8741-f9ddbf29a6e6 None None] log_rotation_type              = none {{(pid=121955) log_opt_values /opt/stack/data/venv/lib/python3.12/site-packages/oslo_config/cfg.py:2995}}
Apr 06 08:22:36 ubuntu devstack@g-api.service[121955]: DEBUG glance.common.config [None req-3bf7db4c-52ab-4f5e-8741-f9ddbf29a6e6 None None] logging_context_format_string  = %(color)s%(levelname)s %(name)s [%(global_request_id)s %(request_id)s %(project_name)s %(user_name)s%(color)s] %(instance)s%(color)s%(message)s {{(pid=121955) log_opt_values /opt/stack/data/venv/lib/python3.12/site-packages/oslo_config/cfg.py:2995}}
Apr 06 08:22:36 ubuntu devstack@g-api.service[121955]: DEBUG glance.common.config [None req-3bf7db4c-52ab-4f5e-8741-f9ddbf29a6e6 None None] logging_debug_format_suffix    = {{(pid=%(process)d) %(funcName)s %(pathname)s:%(lineno)d}} {{(pid=121955) log_opt_values /opt/stack/data/venv/lib/python3.12/site-packages/oslo_config/cfg.py:2995}}
Apr 06 08:22:36 ubuntu devstack@g-api.service[121955]: DEBUG glance.common.config [None req-3bf7db4c-52ab-4f5e-8741-f9ddbf29a6e6 None None] logging_default_format_string  = %(color)s%(levelname)s %(name)s [-%(color)s] %(instance)s%(color)s%(message)s {{(pid=121955) log_opt_values /opt/stack/data/venv/lib/python3.12/site-packages/oslo_config/cfg.py:2995}}
Apr 06 08:22:36 ubuntu devstack@g-api.service[121955]: DEBUG glance.common.config [None req-3bf7db4c-52ab-4f5e-8741-f9ddbf29a6e6 None None] logging_exception_prefix       = ERROR %(name)s %(instance)s {{(pid=121955) log_opt_values /opt/stack/data/venv/lib/python3.12/site-packages/oslo_config/cfg.py:2995}}
Apr 06 08:22:36 ubuntu devstack@g-api.service[121956]: WARNING keystonemiddleware.auth_token [None req-2e2a35be-be9d-4dd3-93b9-36aefd4a2132 None None] AuthToken middleware is set with keystone_authtoken.service_token_roles_required set to False. This is backwards compatible but deprecated behaviour. Please set this to True.
Apr 06 08:22:36 ubuntu devstack@g-api.service[121955]: DEBUG glance.common.config [None req-3bf7db4c-52ab-4f5e-8741-f9ddbf29a6e6 None None] logging_user_identity_format   = %(user)s %(project)s %(domain)s %(system_scope)s %(user_domain)s %(project_domain)s {{(pid=121955) log_opt_values /opt/stack/data/venv/lib/python3.12/site-packages/oslo_config/cfg.py:2995}}
Apr 06 08:22:36 ubuntu devstack@g-api.service[121955]: DEBUG glance.common.config [None req-3bf7db4c-52ab-4f5e-8741-f9ddbf29a6e6 None None] max_header_line                = 16384 {{(pid=121955) log_opt_values /opt/stack/data/venv/lib/python3.12/site-packages/oslo_config/cfg.py:2995}}
Apr 06 08:22:36 ubuntu devstack@g-api.service[121955]: DEBUG glance.common.config [None req-3bf7db4c-52ab-4f5e-8741-f9ddbf29a6e6 None None] max_logfile_count              = 30 {{(pid=121955) log_opt_values /opt/stack/data/venv/lib/python3.12/site-packages/oslo_config/cfg.py:2995}}
Apr 06 08:22:36 ubuntu devstack@g-api.service[121955]: DEBUG glance.common.config [None req-3bf7db4c-52ab-4f5e-8741-f9ddbf29a6e6 None None] max_logfile_size_mb            = 200 {{(pid=121955) log_opt_values /opt/stack/data/venv/lib/python3.12/site-packages/oslo_config/cfg.py:2995}}
Apr 06 08:22:36 ubuntu devstack@g-api.service[121955]: DEBUG glance.common.config [None req-3bf7db4c-52ab-4f5e-8741-f9ddbf29a6e6 None None] max_request_id_length          = 64 {{(pid=121955) log_opt_values /opt/stack/data/venv/lib/python3.12/site-packages/oslo_config/cfg.py:2995}}
Apr 06 08:22:36 ubuntu devstack@g-api.service[121955]: DEBUG glance.common.config [None req-3bf7db4c-52ab-4f5e-8741-f9ddbf29a6e6 None None] metadata_encryption_key        = **** {{(pid=121955) log_opt_values /opt/stack/data/venv/lib/python3.12/site-packages/oslo_config/cfg.py:2995}}
Apr 06 08:22:36 ubuntu devstack@g-api.service[121955]: DEBUG glance.common.config [None req-3bf7db4c-52ab-4f5e-8741-f9ddbf29a6e6 None None] node_staging_uri               = file:///tmp/staging/ {{(pid=121955) log_opt_values /opt/stack/data/venv/lib/python3.12/site-packages/oslo_config/cfg.py:2995}}
Apr 06 08:22:36 ubuntu devstack@g-api.service[121955]: DEBUG glance.common.config [None req-3bf7db4c-52ab-4f5e-8741-f9ddbf29a6e6 None None] property_protection_file       = None {{(pid=121955) log_opt_values /opt/stack/data/venv/lib/python3.12/site-packages/oslo_config/cfg.py:2995}}
Apr 06 08:22:36 ubuntu devstack@g-api.service[121955]: DEBUG glance.common.config [None req-3bf7db4c-52ab-4f5e-8741-f9ddbf29a6e6 None None] property_protection_rule_format = roles {{(pid=121955) log_opt_values /opt/stack/data/venv/lib/python3.12/site-packages/oslo_config/cfg.py:2995}}
Apr 06 08:22:36 ubuntu devstack@g-api.service[121955]: DEBUG glance.common.config [None req-3bf7db4c-52ab-4f5e-8741-f9ddbf29a6e6 None None] public_endpoint                = http://10.201.5.127/image {{(pid=121955) log_opt_values /opt/stack/data/venv/lib/python3.12/site-packages/oslo_config/cfg.py:2995}}
Apr 06 08:22:36 ubuntu devstack@g-api.service[121955]: DEBUG glance.common.config [None req-3bf7db4c-52ab-4f5e-8741-f9ddbf29a6e6 None None] publish_errors                 = False {{(pid=121955) log_opt_values /opt/stack/data/venv/lib/python3.12/site-packages/oslo_config/cfg.py:2995}}
Apr 06 08:22:36 ubuntu devstack@g-api.service[121955]: DEBUG glance.common.config [None req-3bf7db4c-52ab-4f5e-8741-f9ddbf29a6e6 None None] pydev_worker_debug_host        = None {{(pid=121955) log_opt_values /opt/stack/data/venv/lib/python3.12/site-packages/oslo_config/cfg.py:2995}}
Apr 06 08:22:36 ubuntu devstack@g-api.service[121955]: DEBUG glance.common.config [None req-3bf7db4c-52ab-4f5e-8741-f9ddbf29a6e6 None None] pydev_worker_debug_port        = 5678 {{(pid=121955) log_opt_values /opt/stack/data/venv/lib/python3.12/site-packages/oslo_config/cfg.py:2995}}
Apr 06 08:22:36 ubuntu devstack@g-api.service[121955]: DEBUG glance.common.config [None req-3bf7db4c-52ab-4f5e-8741-f9ddbf29a6e6 None None] rate_limit_burst               = 0 {{(pid=121955) log_opt_values /opt/stack/data/venv/lib/python3.12/site-packages/oslo_config/cfg.py:2995}}
Apr 06 08:22:36 ubuntu devstack@g-api.service[121955]: DEBUG glance.common.config [None req-3bf7db4c-52ab-4f5e-8741-f9ddbf29a6e6 None None] rate_limit_except_level        = CRITICAL {{(pid=121955) log_opt_values /opt/stack/data/venv/lib/python3.12/site-packages/oslo_config/cfg.py:2995}}
Apr 06 08:22:36 ubuntu devstack@g-api.service[121955]: DEBUG glance.common.config [None req-3bf7db4c-52ab-4f5e-8741-f9ddbf29a6e6 None None] rate_limit_interval            = 0 {{(pid=121955) log_opt_values /opt/stack/data/venv/lib/python3.12/site-packages/oslo_config/cfg.py:2995}}
Apr 06 08:22:36 ubuntu devstack@g-api.service[121955]: DEBUG glance.common.config [None req-3bf7db4c-52ab-4f5e-8741-f9ddbf29a6e6 None None] scrub_pool_size                = 1 {{(pid=121955) log_opt_values /opt/stack/data/venv/lib/python3.12/site-packages/oslo_config/cfg.py:2995}}
