"pcp-dstat 6.2.0 CSV Output"
"Author:","PCP team <pcp@groups.io> and Dag Wieers <dag@wieers.com>",,,,"URL:","https://pcp.io/ and http://dag.wieers.com/home-made/dstat/"
"Host:","ubuntu",,,,"User:","ubuntu"
"Cmdline:","dstat -tcmndrylpg --tcp --output /tmp/devstack_logs/dstat-csv.log",,,,"Date:","30 Jun 2026 09:37:59 UTC"
"system","total usage",,,,,"memory usage",,,,"net/total",,"dsk/total",,"io/total",,"system",,"load avg",,,"procs",,,"paging",,"tcp sockets",,,,
"time","total usage:usr","total usage:sys","total usage:idl","total usage:wai","total usage:stl","used","free","buf","cach","net/total:recv","net/total:send","dsk/total:read","dsk/total:writ","read","writ","int","csw","1m","5m","15m","run","blk","new","in","out","lis","act","syn","tim","clo"
30-06 09:37:59,,970244,1443156,168300,5225688,,,,,,,1.130,0.660,0.390,1,0,,,,10,6,0,18,0
30-06 09:38:00,24.234,20.737,52.716,0.500,0,998584,1414076,168488,5226088,26847.550,15408.985,0,2106.631,0,71.953,6802,6043,1.130,0.660,0.390,1,0,574.627,0,0,10,6,0,18,0
30-06 09:38:01,28.014,17.759,52.777,0.250,0.250,1002700,1408960,168680,5226680,44704.061,15226.855,0,2097.082,0,68.035,6493,6499,1.130,0.660,0.390,1,0,371.191,0,0,10,6,0,18,0
30-06 09:38:02,32.961,15.731,49.192,0.749,0,1115088,1273528,168940,5373156,180619.637,11664.157,0,1901.743,0,52.937,6934,7945,1.130,0.660,0.390,1,0,193.770,0,0,11,5,0,18,1
30-06 09:38:03,25.500,5.250,68.999,0.250,0,1131400,1241100,169868,5386024,5985.902,1751.971,0,1155.981,0,53.999,2752,2439,1.120,0.660,0.390,5,0,66.999,0,0,11,6,0,18,2
30-06 09:38:04,39.297,12.265,47.056,0.501,0,1132692,1221400,170284,5401916,4883.863,1459.752,0,5742.894,0,68.082,4325,2757,1.120,0.660,0.390,3,0,153.184,0,0,11,6,0,18,2
30-06 09:38:05,40.250,9.000,48.500,1.000,0,1187092,1138480,171384,5426424,5460.026,1620.008,32.000,6120.029,2.000,219.001,4116,3265,1.120,0.660,0.390,3,0,69.000,0,0,11,6,0,20,2
30-06 09:38:06,45.372,4.737,48.612,0.748,0,1232740,1062080,172568,5452840,4941.007,1453.883,0,3573.879,0,77.780,3061,1876,1.120,0.660,0.390,3,0,0,0,0,11,6,0,20,2
30-06 09:38:07,37.310,5.759,46.074,9.265,0,1268704,1023956,174260,5451524,5673.096,2103.372,0,42640.366,0,3329.338,14223,24885,1.120,0.660,0.390,1,1,52.084,0,0,11,6,0,20,0
30-06 09:38:08,38.285,10.009,45.041,5.755,0,1266620,1023244,174656,5453892,5308.824,2536.305,0,39143.568,0,3076.796,12086,20454,1.190,0.690,0.400,2,1,140.127,0,0,11,5,0,20,0
30-06 09:38:09,40.894,6.483,51.118,0.499,0.249,1330192,952192,174872,5460188,11322.660,3649.543,0,7201.340,0,384.005,3513,3029,1.190,0.690,0.400,2,0,3.990,0,0,11,4,0,20,0
30-06 09:38:10,44.616,8.271,45.117,0.752,0,1303480,977436,174928,5461348,4204.913,1136.951,0,8121.077,0,453.176,12334,20975,1.190,0.690,0.400,2,0,15.039,0,0,11,4,0,20,0
30-06 09:38:11,42.389,10.223,45.879,0.249,0,1294820,985952,174936,5461448,4987.896,1400.321,0,466.774,0,27.927,11971,19851,1.190,0.690,0.400,2,0,26.929,0,0,11,4,0,20,0
30-06 09:38:12,45.225,5.497,48.973,0,0,1227168,1061840,174936,5454068,4797.386,1619.118,0,367.800,0,27.985,2983,1631,1.190,0.690,0.400,2,0,11.993,0,0,11,4,0,20,0
30-06 09:38:13,22.578,21.073,55.442,0,0,1135504,1153464,174936,5454100,4714.368,1505.226,0,36.125,0,8.028,6280,5187,1.090,0.670,0.400,3,0,519.805,0,0,11,4,0,20,0
30-06 09:38:14,14.748,17.497,65.990,0,0,1106328,1182476,174936,5454596,4979.217,1619.745,0,31.995,0,6.999,6321,6540,1.090,0.670,0.400,2,0,318.950,0,0,11,4,0,20,0
30-06 09:38:15,37.487,12.996,49.733,0,0,1188664,1100100,174936,5454740,5398.157,1619.447,0,7353.489,0,297.898,4687,3784,1.090,0.670,0.400,2,0,158.946,0,0,11,5,0,20,0
30-06 09:38:16,46.141,3.991,48.884,0,0,1267044,1021224,174936,5455236,5938.926,1562.298,0,498.818,0,44.894,2788,1214,1.090,0.670,0.400,3,0,0,0,0,11,5,0,20,0
30-06 09:38:17,44.253,8.000,47.503,0,0,1282160,1004276,174964,5457040,6000.364,1620.098,0,1748.106,0,94.006,3060,3089,1.090,0.670,0.400,3,0,0,0,0,11,5,0,20,0
30-06 09:38:18,9.242,6.994,82.928,0,0,1285868,1000080,174976,5457612,6440.390,1564.637,0,1310.858,0,50.956,2771,3161,1.010,0.660,0.400,1,0,117.897,0,0,11,4,0,20,0
30-06 09:38:19,17.055,4.013,77.498,0,0,1331596,954220,174980,5457736,6426.583,1571.032,0,24.077,0,4.013,1967,1648,1.010,0.660,0.400,1,0,22.071,0,0,11,4,0,20,0
30-06 09:38:20,23.190,3.740,73.061,0,0.249,1362040,923772,174980,5457744,6706.620,1709.570,0,15404.082,0,72.811,2011,1387,1.010,0.660,0.400,1,0,0,0,0,11,4,0,20,0
30-06 09:38:21,23.527,2.503,71.331,1.502,0,1384908,900600,175040,5457988,5843.616,1621.836,0,6543.408,0,384.435,3705,5004,1.010,0.660,0.400,1,0,1.001,0,0,11,10,0,20,0
30-06 09:38:22,20.766,5.004,73.806,0,0,1346056,939448,175040,5457992,5043.848,1621.237,0,8.006,0,2.002,2233,1535,1.010,0.660,0.400,1,0,42.032,0,0,11,4,0,16,0
30-06 09:38:23,20.206,1.996,76.582,0,0,1350440,934792,175040,5458184,7573.344,3996.211,0,1488.726,0,15.965,1804,1381,0.920,0.650,0.400,1,0,0,0,0,11,11,0,16,0
30-06 09:38:24,21.255,2.501,75.267,0.500,0,1365716,918944,175092,5458556,10676.441,7663.752,268.061,1452.332,66.015,27.006,2725,2852,0.920,0.650,0.400,1,0,3.001,0,0,11,28,0,17,0
30-06 09:38:25,20.539,7.013,71.635,0,0,1389432,895224,175092,5458560,4512.507,1406.652,0,36352.531,0,226.427,2912,2390,0.920,0.650,0.400,1,0,44.083,0,0,11,28,0,17,0
30-06 09:38:26,17.714,2.495,78.590,0,0,1412588,872056,175096,5458576,11359.914,8156.425,0,1896.147,0,123.749,2026,1684,0.920,0.650,0.400,1,0,0,0,0,11,28,0,18,0
30-06 09:38:27,31.318,12.277,55.621,0,0,1474084,810548,175096,5458588,4874.570,1407.051,0,2276.937,0,17.037,3612,2377,0.920,0.650,0.400,2,0,156.339,0,0,11,28,0,18,0
30-06 09:38:28,37.033,4.754,58.051,0,0,1513884,770736,175096,5458600,12925.379,9587.441,0,52.046,0,2.002,3161,2328,1.010,0.670,0.410,1,0,0,0,0,11,30,0,18,0
30-06 09:38:29,35.509,8.252,54.514,0.250,0,1445144,839268,175100,5458804,16323.225,11751.041,0,236.061,0,21.005,6859,8348,1.010,0.670,0.410,3,0,140.036,0,0,11,28,0,19,0
30-06 09:38:30,74.741,23.747,1.750,0,0,1576396,708004,175100,5458816,4253.476,1133.860,0,2987.632,0,24.997,5487,4254,1.010,0.670,0.410,6,0,437.946,0,0,11,28,0,19,0
30-06 09:38:31,86.391,11.735,1.748,0,0,1800268,484044,175100,5458860,17223.216,14328.877,0,379.520,0,15.980,5558,3441,1.010,0.670,0.410,4,0,0,0,0,11,33,0,18,0
30-06 09:38:32,81.037,9.504,9.254,0.250,0,1776240,507808,175120,5459104,36234.626,31402.409,0,324.149,0,36.017,8905,13452,1.010,0.670,0.410,4,0,51.023,0,0,11,31,0,21,0
30-06 09:38:33,36.766,11.755,50.022,0.250,0,1551152,732828,175160,5459132,7890.420,3945.710,0,3909.694,0,226.098,4779,5517,1.010,0.680,0.410,1,0,259.112,0,0,11,28,0,24,0
30-06 09:38:34,19.190,2.243,77.510,0,0,1528800,755172,175164,5459136,8321.200,5297.575,0,554.281,0,15.951,1896,1619,1.010,0.680,0.410,1,0,0,0,0,11,29,0,24,0
30-06 09:38:35,16.760,6.504,75.295,0.250,0,1502120,781836,175172,5459144,8290.931,4490.671,0,53936.080,0,319.190,3543,3795,1.010,0.680,0.410,1,0,69.041,0,0,11,28,0,24,0
30-06 09:38:36,19.250,2.750,77.749,0,0,1503176,780772,175176,5459148,8096.918,3970.960,0,251.997,0,13.000,1660,1155,1.010,0.680,0.410,1,0,0,0,0,11,29,0,24,0
30-06 09:38:37,17.552,4.764,76.475,0.251,0,1476524,807388,175212,5459148,10312.309,6264.412,0,4497.218,0,260.766,3710,4285,1.010,0.680,0.410,3,0,64.189,0,0,11,28,0,25,0
30-06 09:38:38,11.719,25.434,61.340,0.249,0,1456748,827132,175216,5459176,5621.367,1561.934,0,103.730,0,12.966,6664,5534,0.930,0.670,0.410,3,0,704.167,0,0,11,28,0,25,0
30-06 09:38:39,80.952,18.797,0.501,0,0,1606396,677440,175216,5459220,5533.812,1624.054,0,176.440,0,13.033,5066,3116,0.930,0.670,0.410,5,0,268.671,0,0,11,28,0,25,0
30-06 09:38:40,78.079,10.444,11.190,0,0,1731416,552260,175216,5459392,32403.420,28068.774,0,41094.594,0,225.784,6835,7540,0.930,0.670,0.410,5,0,0,0,0,11,33,0,25,0
30-06 09:38:41,77.667,11.059,9.803,0.251,0,1607956,675596,175248,5459476,31354.183,24493.382,0,1492.003,0,71.383,9304,13873,0.930,0.670,0.410,5,0,148.798,0,0,11,28,0,26,0
30-06 09:38:42,83.261,16.752,0,0,0,1669384,614064,175248,5459580,8510.102,3586.464,0,188.024,0,13.002,5190,3221,0.930,0.670,0.410,6,0,162.021,0,0,11,29,0,26,0
30-06 09:38:43,82.580,10.977,5.738,0,0,1818224,465076,175248,5459720,28016.299,25391.704,0,1876.136,0,170.649,6725,6371,1.180,0.720,0.430,5,0,0,0,0,11,34,0,26,0
30-06 09:38:44,77.336,9.511,13.515,0,0,1706680,576220,175252,5460112,44028.161,38236.694,0,140.156,0,13.015,9408,16031,1.180,0.720,0.430,7,0,82.092,0,0,11,29,0,31,0
30-06 09:38:45,50.285,12.509,35.775,0.250,0,1538052,744844,175252,5460116,6271.415,2152.515,0,804.566,0,30.021,4469,4019,1.180,0.720,0.430,4,0,217.153,0,0,11,28,0,31,0
30-06 09:38:46,33.657,4.238,61.330,0,0,1557560,725324,175252,5460128,14014.219,10752.246,0,15.956,0,2.992,3142,2818,1.180,0.720,0.430,4,0,0,0,0,11,30,0,31,0
30-06 09:38:47,53.299,17.266,28.776,0,0,1481628,801192,175260,5460184,13022.972,9517.750,0,388.357,0,27.025,6651,7347,1.180,0.720,0.430,5,0,381.351,0,0,11,28,0,33,0
30-06 09:38:48,59.341,10.015,30.547,0,0,1630400,652392,175260,5460196,14391.148,11719.036,0,116.179,0,8.012,4558,13684,1.320,0.760,0.440,3,0,33.051,0,0,11,31,0,34,0
30-06 09:38:49,54.243,5.749,39.495,0,0,1604584,678020,175264,5460384,25498.564,19626.356,0,427.942,0,45.994,8009,10567,1.320,0.760,0.440,5,0,23.997,0,0,11,28,0,35,0
30-06 09:38:50,79.044,18.761,1.751,0,0,1575688,706896,175264,5460404,4682.623,1662.931,0,5959.338,0,401.225,5183,2830,1.320,0.760,0.440,5,0,234.131,0,0,11,28,0,35,0
30-06 09:38:51,65.242,7.749,26.747,0.500,0,1663380,619264,175284,5460452,27667.676,25249.966,0,1267.848,0,67.992,6615,7467,1.320,0.760,0.440,2,0,0,0,0,11,32,0,29,0
30-06 09:38:52,64.266,14.754,20.005,0,0,1539488,742960,175284,5460648,24307.978,18173.470,0,460.113,0,46.011,8221,11005,1.320,0.760,0.440,4,0,324.080,0,0,11,28,0,32,0
30-06 09:38:53,60.161,6.990,32.452,0,0,1612668,669752,175288,5460668,9772.463,7630.649,0,107.840,0,5.991,3566,1641,1.460,0.800,0.450,2,0,0,0,0,11,31,0,32,0
30-06 09:38:54,52.794,6.756,39.783,0,0,1602160,680192,175320,5460704,28572.998,23372.630,0,3294.767,0,181.152,8198,11015,1.460,0.800,0.450,6,0,66.055,0,0,11,29,0,33,0
30-06 09:38:55,68.778,14.006,16.757,0,0,1555644,726532,175320,5460880,5790.338,2158.872,0,12.005,0,3.001,4663,3150,1.460,0.800,0.450,4,0,234.095,0,0,11,28,0,30,0
30-06 09:38:56,50.720,5.996,42.725,0,0,1598704,683440,175320,5460908,21286.339,18045.267,0,467.722,0,8.995,5722,5897,1.460,0.800,0.450,2,0,0,0,0,11,31,0,30,0
30-06 09:38:57,54.324,15.201,28.906,0.498,0,1498860,782944,175320,5461248,17104.543,11904.403,0,358.837,0,29.903,6435,7468,1.460,0.800,0.450,3,0,286.072,0,0,11,28,0,33,0
30-06 09:38:58,58.559,7.007,34.535,0,0,1584344,697452,175320,5461256,12467.667,9537.690,0,4.004,0,1.001,3477,1757,1.580,0.840,0.470,2,0,0,0,0,11,31,0,33,0
30-06 09:38:59,54.659,7.522,37.860,0.251,0,1545932,735660,175328,5461448,24727.121,19367.488,0,445.299,0,40.117,7068,9351,1.580,0.840,0.470,5,0,52.152,0,0,11,28,0,35,0
30-06 09:39:00,63.999,11.500,24.250,0,0,1556580,724996,175328,5461464,5039.913,1619.972,0,187.997,0,9.000,3935,1917,1.580,0.840,0.470,3,0,59.999,0,0,11,28,0,35,0
30-06 09:39:01,47.459,4.996,46.210,0,0,1601040,680484,175340,5461504,27218.667,23002.282,0,883.243,0,52.955,4476,6305,1.580,0.840,0.470,5,0,0,0,0,11,30,0,36,0
30-06 09:39:02,56.554,21.020,21.520,0.250,0,1499836,781632,175360,5461536,9702.231,5792.511,0,472.450,0,48.046,6575,7053,1.580,0.840,0.470,6,0,511.487,0,0,11,28,0,37,0
30-06 09:39:03,80.502,19.251,0,0,0,1692180,589216,175360,5461604,5649.164,2307.067,0,172.005,0,11.000,5473,4564,2.090,0.950,0.510,6,0,401.012,0,0,11,29,0,37,0
30-06 09:39:04,77.251,20.000,2.250,0,0,1829532,451668,175360,5461796,25578.442,23094.400,0,368.006,0,21.000,6331,6073,2.090,0.950,0.510,4,0,490.008,0,0,11,34,0,37,0
30-06 09:39:05,71.658,11.735,16.978,0,0,1794524,486360,175368,5461992,45501.556,39163.696,0,671.138,0,68.911,7798,10717,2.090,0.950,0.510,5,0,200.742,0,0,11,29,1,38,0
30-06 09:39:06,82.852,16.520,0.501,0,0,1601496,679324,175372,5462080,10559.008,5832.185,0,572.706,0,28.035,5703,4466,2.090,0.950,0.510,5,0,258.318,0,0,11,29,0,38,0
30-06 09:39:07,69.548,8.475,20.939,0,0,1728660,552156,175372,5462084,16023.541,13063.124,0,107.688,0,7.977,4282,2756,2.090,0.950,0.510,2,0,0,0,0,11,32,0,36,0
30-06 09:39:08,47.480,5.498,46.231,0,0,1730228,550392,175372,5462280,27703.382,24426.756,0,107.955,0,7.997,6862,9027,2.330,1.020,0.530,1,0,0,0,0,11,33,0,36,0
30-06 09:39:09,42.864,9.024,48.128,0.251,0,1655520,624988,175376,5462384,28385.691,21539.435,0,2586.898,0,112.299,7693,10347,2.330,1.020,0.530,3,0,147.393,0,0,11,29,0,40,0
30-06 09:39:10,22.265,24.266,52.535,0,0,1396060,884452,175376,5462412,7291.855,3021.012,0,196.131,0,16.011,6482,5721,2.330,1.020,0.530,4,0,640.426,0,0,11,28,0,41,0
30-06 09:39:11,59.501,30.001,9.500,0,0,1506852,773624,175376,5462460,5255.092,1458.026,0,52.001,0,10.000,6046,5476,2.330,1.020,0.530,5,0,815.014,0,0,11,28,0,41,0
30-06 09:39:12,57.300,7.442,34.231,0,0,1667596,612872,175376,5462468,16324.814,12380.784,0,222.255,0,11.907,4194,2573,2.330,1.020,0.530,7,0,0,0,0,11,32,0,41,0
30-06 09:39:13,44.913,4.516,50.935,0.251,0,1667396,612872,175384,5462660,22427.486,19129.503,0,301.094,0,29.106,5650,8259,2.220,1.020,0.540,3,0,0,0,0,11,31,0,42,0
30-06 09:39:14,67.030,15.816,16.569,0.251,0,1597072,683128,175408,5462704,10627.336,5999.027,0,530.212,0,50.209,5869,5979,2.220,1.020,0.540,5,0,269.123,0,0,11,28,0,45,0
30-06 09:39:15,72.606,9.731,17.964,0,0,1653456,626736,175408,5462708,11840.578,9901.414,0,171.660,0,8.982,4469,2519,2.220,1.020,0.540,2,0,0.998,0,0,11,31,0,45,0
30-06 09:39:16,49.347,5.260,44.337,0,0,1655880,624092,175412,5462916,32751.574,27600.418,0,160.316,0,10.020,8142,11456,2.220,1.020,0.540,3,0,0,0,0,11,32,0,45,0
30-06 09:39:17,45.381,4.987,47.375,0,0,1656120,623588,175424,5463164,41040.116,34342.721,0,1160.948,0,24.934,11800,18262,2.220,1.020,0.540,2,0,0,0,0,11,31,0,45,0
30-06 09:39:18,74.116,13.772,11.768,0,0,1503300,776376,175436,5463180,13626.347,7656.996,0,396.621,0,42.066,6422,6747,2.360,1.070,0.560,4,0,120.188,0,0,11,28,0,45,0
30-06 09:39:19,73.582,8.509,17.520,0.250,0,1649224,630428,175440,5463208,15512.302,11034.307,0,144.161,0,10.011,4686,2629,2.360,1.070,0.560,2,0,0,0,0,11,31,1,45,0
30-06 09:39:20,50.972,5.747,42.976,0,0,1649508,629932,175440,5463416,34326.811,28584.021,0,143.920,0,7.996,8712,12448,2.360,1.070,0.560,3,0,0,0,0,11,32,0,45,0
30-06 09:39:21,50.240,4.749,42.242,0,0,1649236,629932,175440,5463676,43422.663,36940.908,0,379.927,0,39.992,13157,19788,2.360,1.070,0.560,3,0,0,0,0,11,30,0,47,0
30-06 09:39:22,76.738,18.247,4.999,0,0,1510608,768540,175440,5463704,10968.318,6482.006,0,123.981,0,7.999,5750,4315,2.360,1.070,0.560,5,0,259.960,0,0,11,28,0,49,0
30-06 09:39:23,66.060,7.507,25.523,0,0,1648848,630268,175444,5463732,21734.599,18434.623,0,108.097,0,8.007,4711,3773,2.410,1.100,0.570,4,0,0,0,0,11,32,0,49,0
30-06 09:39:24,61.213,7.745,29.732,0.250,0,1614696,664164,175472,5463920,32681.059,27703.096,0,5296.768,0,277.830,10343,15453,2.410,1.100,0.570,5,0,50.969,0,0,11,34,0,49,0
30-06 09:39:25,80.124,12.980,6.989,0,0,1556932,721724,175488,5464104,15549.582,10986.747,0,439.310,0,46.926,6490,7086,2.410,1.100,0.570,4,0,81.871,0,0,11,32,0,49,0
30-06 09:39:26,72.252,7.000,19.751,0,0,1657100,621520,175492,5464132,19876.597,17081.513,0,380.011,0,39.001,5122,4680,2.410,1.100,0.570,3,0,0,0,0,11,34,0,51,0
30-06 09:39:27,72.332,13.265,14.016,0,0,1683040,595516,175492,5464192,24393.637,19640.252,0,160.181,0,10.011,5753,8577,2.410,1.100,0.570,2,0,120.136,0,0,11,34,0,51,0
30-06 09:39:28,68.289,8.755,23.013,0,0,1702876,575472,175492,5464392,34142.368,28351.082,0,4.002,0,1.001,6823,10456,2.460,1.140,0.580,4,0,59.033,0,0,11,34,0,51,0
30-06 09:39:29,77.282,14.256,8.003,0,0,1561928,716372,175492,5464440,17100.152,12368.173,0,0,0,0,6164,6901,2.460,1.140,0.580,4,0,168.070,0,0,11,32,0,53,0
30-06 09:39:30,75.969,8.497,15.244,0,0,1686736,591400,175492,5464600,19664.074,16684.275,0,0,0,0,5069,4128,2.460,1.140,0.580,1,0,0,0,0,11,35,0,54,0
30-06 09:39:31,67.009,11.501,21.003,0,0,1673260,604820,175492,5464656,26651.390,21947.792,0,12.002,0,2.000,6708,8958,2.460,1.140,0.580,2,0,68.009,0,0,11,34,0,55,0
30-06 09:39:32,61.835,10.971,27.178,0.249,0,1572280,705624,175496,5464824,15520.706,11367.755,0,402.928,0,30.918,5371,5002,2.460,1.140,0.580,5,0,137.634,0,0,11,34,0,56,0
30-06 09:39:33,55.907,10.530,32.341,0.251,0,1549832,728044,175504,5464844,12332.657,10718.120,0,340.958,0,36.101,5696,4999,2.510,1.170,0.590,2,0,120.338,0,0,11,33,0,58,0
30-06 09:39:34,58.748,6.750,33.999,0,0,1625596,652220,175508,5464900,16503.499,10929.668,0,203.994,0,15.000,4784,4131,2.510,1.170,0.590,2,0,12.000,0,0,11,33,1,59,0
30-06 09:39:35,54.693,8.741,36.462,0,0,1619200,658432,175508,5465080,22964.894,18491.589,0,195.794,0,10.988,5531,7190,2.510,1.170,0.590,5,0,84.911,0,0,11,33,0,60,0
30-06 09:39:36,56.793,10.258,32.024,0,0,1575352,702228,175516,5465124,12262.281,8817.674,0,212.161,0,15.011,4574,3845,2.510,1.170,0.590,2,0,86.065,0,0,11,33,0,54,0
30-06 09:39:37,46.704,7.701,44.965,0,0,1593580,683816,175524,5465296,20496.018,16020.402,0,246.437,0,11.924,4996,5190,2.510,1.170,0.590,2,0,85.458,0,0,11,34,0,55,0
30-06 09:39:38,34.198,7.292,58.087,0.251,0,1522700,754636,175536,5465340,16669.605,12306.319,0,346.005,0,33.192,6473,7928,2.380,1.160,0.600,2,0,84.490,0,0,11,32,0,57,0
30-06 09:39:39,41.767,7.503,49.770,0,0,1559476,717848,175544,5465344,6091.503,3047.252,0,148.061,0,10.004,3023,1748,2.380,1.160,0.600,1,0,51.021,0,0,11,33,0,57,0
30-06 09:39:40,32.200,4.243,62.153,0.250,0,1543208,733916,175548,5465536,19734.117,14211.759,0,714.881,0,41.934,4737,5581,2.380,1.160,0.600,1,0,0,0,0,11,33,0,57,0
30-06 09:39:41,38.704,11.736,49.192,0,0,1468924,808180,175548,5465556,10032.108,4325.872,0,7.991,0,1.998,4623,3825,2.380,1.160,0.600,2,0,137.837,0,0,11,32,0,58,0
30-06 09:39:42,34.721,4.496,60.200,0.250,0,1524772,752308,175556,5465572,14184.209,9653.975,0,447.628,0,24.979,2997,2486,2.380,1.160,0.600,2,0,0,0,0,11,34,0,58,0
30-06 09:39:43,36.522,8.755,53.283,0,0,1542392,734652,175564,5465600,15230.372,10697.583,0,324.199,0,33.020,4852,5311,2.350,1.180,0.600,3,0,60.037,0,0,11,32,0,60,0
30-06 09:39:44,40.482,5.248,53.726,0,0,1548384,728656,175564,5465604,10337.319,6558.030,0,143.935,0,7.996,3025,1991,2.350,1.180,0.600,2,0,4.998,0,0,11,33,0,57,0
30-06 09:39:45,35.625,5.519,57.953,0.251,0,1544964,732032,175564,5465644,21513.221,16336.119,0,3138.975,0,162.568,5212,6170,2.350,1.180,0.600,3,0,43.151,0,0,11,33,0,58,0
30-06 09:39:46,41.332,5.727,51.790,0,0,1518176,758804,175564,5465660,8054.292,4021.668,0,270.900,0,25.895,3694,3225,2.350,1.180,0.600,2,0,5.976,0,0,11,32,0,59,0
30-06 09:39:47,35.328,4.510,59.632,0,0,1541672,735156,175564,5465808,19107.215,15618.507,0,1379.047,0,11.024,4171,4268,2.350,1.180,0.600,2,0,0,0,0,11,34,0,59,0
30-06 09:39:48,34.327,13.280,51.366,0.501,0,1444176,832544,175568,5465904,14023.651,9931.415,0,416.941,0,33.075,7258,17403,2.250,1.170,0.610,2,0,284.642,0,0,11,32,0,56,0
30-06 09:39:49,22.107,4.471,71.787,0,0.248,1478876,797844,175568,5465904,4973.894,1609.610,0,143.076,0,7.949,2101,1486,2.250,1.170,0.610,1,0,33.782,0,0,11,32,0,56,0
30-06 09:39:50,17.804,2.758,79.743,0.251,0,1494436,782260,175572,5465924,14446.950,11160.953,0,485.477,0,30.092,3003,3544,2.250,1.170,0.610,0,0,0,0,0,11,33,0,56,0
30-06 09:39:51,13.244,11.995,72.469,0,0,1466244,810424,175584,5465940,7166.944,2904.761,0,315.865,0,33.986,4727,4139,2.250,1.170,0.610,2,0,283.879,0,0,11,32,0,57,0
30-06 09:39:52,22.513,4.002,73.794,0,0,1458232,818436,175584,5465940,4338.574,756.449,0,236.140,0,41.024,1790,1213,2.250,1.170,0.610,1,0,0,0,0,11,32,0,53,0
30-06 09:39:53,18.247,2.000,77.988,0,0,1458088,818572,175584,5465956,11898.186,8151.757,0,183.972,0,7.999,2407,2431,2.140,1.170,0.610,1,0,0,0,0,11,33,0,53,0
30-06 09:39:54,19.808,6.018,74.219,0,0,1417904,858744,175584,5465968,9529.116,5503.238,0,4.012,0,1.003,3288,3194,2.140,1.170,0.610,1,0,46.136,0,0,11,32,0,54,0
30-06 09:39:55,19.198,2.743,76.794,0,0,1437768,838876,175584,5465972,10069.941,6526.463,0,0,0,0,1972,1623,2.140,1.170,0.610,1,0,0,0,0,11,33,0,54,0
30-06 09:39:56,19.242,2.499,76.968,0.250,0,1427940,848536,175584,5466136,14853.788,10160.751,0,259.891,0,16.993,4367,5656,2.140,1.170,0.610,1,0,1.000,0,0,11,33,0,54,0
30-06 09:39:57,13.262,16.264,69.311,0.250,0,1385944,890376,175588,5466284,5942.253,2086.845,0,244.216,0,20.018,5109,4180,2.140,1.170,0.610,2,0,330.292,0,0,11,32,0,52,0
30-06 09:39:58,29.229,15.989,53.462,0,0,1433148,843116,175628,5466296,5174.298,1456.958,0,555.602,0,34.975,4960,3943,2.130,1.190,0.620,2,0,295.788,0,0,11,32,0,54,0
30-06 09:39:59,44.398,6.271,48.662,0.753,0,1522348,751556,175816,5468136,5478.232,1625.409,0,2504.335,0,131.437,3471,2733,2.130,1.190,0.620,4,0,11.037,0,0,11,36,0,54,0
30-06 09:40:00,35.220,5.246,43.713,13.988,0,1526460,740788,176952,5473292,5173.586,1498.721,0,26449.436,0,2535.837,12057,21721,2.130,1.190,0.620,6,2,111.905,0,0,11,36,0,54,0
30-06 09:40:01,34.513,9.504,39.015,14.756,0,1596140,668504,177692,5475044,6105.334,1662.636,0,58638.414,0,4531.732,15587,31905,2.130,1.190,0.620,4,0,50.019,0,0,11,36,0,49,0
30-06 09:40:02,43.868,5.733,46.859,1.745,0,1540244,724956,177732,5474452,5529.355,1615.138,0,5148.501,0,439.676,4447,4891,2.130,1.190,0.620,4,1,7.976,0,0,11,32,0,49,0
30-06 09:40:03,42.772,5.753,46.024,4.002,0,1574760,690180,177848,5474596,4992.624,1458.767,0,9192.831,0,1175.618,7436,11791,2.120,1.200,0.630,2,1,1.001,0,0,11,34,0,49,0
30-06 09:40:04,37.361,9.278,44.633,7.021,0,1509220,755084,178088,5474952,5622.762,1624.844,0,12216.418,0,1770.277,9805,18363,2.120,1.200,0.630,3,0,69.206,0,0,11,32,0,49,0
30-06 09:40:05,22.928,4.486,71.524,0.748,0,1463124,801156,178100,5474964,5349.107,1614.900,0,2731.374,0,147.534,2455,2221,2.120,1.200,0.630,1,0,37.880,0,0,11,32,0,47,0
30-06 09:40:06,22.003,4.501,71.759,0.750,0,1495896,768372,178112,5474964,6039.720,1620.193,0,4004.477,0,216.026,2399,2337,2.120,1.200,0.630,1,1,3.000,0,0,11,32,0,47,0
30-06 09:40:07,22.220,3.246,72.402,0.499,0,1471336,792876,178136,5474988,5488.558,1617.806,0,3878.741,0,207.718,2283,2228,2.120,1.200,0.630,1,0,0.999,0,0,11,32,0,47,0
30-06 09:40:08,22.764,3.252,73.796,0.250,0,1523288,740924,178136,5474988,5249.268,1621.009,0,24.015,0,4.002,1732,1183,2.030,1.200,0.630,1,0,2.001,0,0,11,32,0,47,0
30-06 09:40:09,23.750,3.000,72.749,0,0,1479640,784520,178136,5475036,5305.897,1619.969,0,0,0,0,1806,1197,2.030,1.200,0.630,1,0,1.000,0,0,11,32,0,45,0
30-06 09:40:10,22.765,3.252,73.800,0,0.250,1516776,747384,178136,5475036,4487.054,1458.993,0,4.003,0,1.001,1727,1090,2.030,1.200,0.630,2,0,2.001,0,0,11,32,0,45,0
30-06 09:40:11,23.488,2.499,73.712,0,0,1496020,768048,178144,5475112,5260.306,1619.171,0,0,0,0,1736,1122,2.030,1.200,0.630,1,0,0.999,0,0,11,32,0,45,0
30-06 09:40:12,22.259,3.251,73.529,0,0,1508932,755132,178144,5475116,4179.676,972.390,0,0,0,0,1802,1267,2.030,1.200,0.630,2,0,2.001,0,0,11,32,0,45,0
30-06 09:40:13,23.815,3.008,72.449,0.501,0,1537792,726152,178164,5475212,3778.374,649.784,0,4977.667,0,242.666,2297,2330,1.950,1.190,0.630,3,0,0,0,0,11,32,0,41,0
30-06 09:40:14,22.442,3.740,73.061,0,0,1477056,786884,178180,5475200,4685.894,1454.243,0,1763.444,0,84.781,2045,1704,1.950,1.190,0.630,1,0,0.997,0,0,11,32,0,41,0
30-06 09:40:15,21.999,4.250,73.498,0.250,0,1476180,787700,178180,5475236,5279.854,1619.955,0,111.997,0,4.000,1873,1316,1.950,1.190,0.630,2,0,1.000,0,0,11,32,0,41,0
30-06 09:40:16,22.495,3.249,73.235,0,0,1525616,738264,178180,5475236,5133.939,1457.699,0,3.999,0,1.000,1864,1222,1.950,1.190,0.630,2,0,2.999,0,0,11,32,0,41,0
30-06 09:40:17,22.501,3.250,73.504,0,0,1483644,780212,178184,5475252,5520.316,1620.093,0,0,0,0,1836,1263,1.950,1.190,0.630,2,0,1.000,0,0,11,32,0,37,0
30-06 09:40:18,23.062,3.509,72.947,0,0,1435132,828628,178188,5475300,5416.640,1245.366,0,264.715,0,10.027,1892,1310,1.870,1.190,0.630,1,0,3.008,0,0,11,32,0,37,0
30-06 09:40:19,21.931,3.489,73.268,0,0,1489312,774448,178188,5475300,5658.114,1291.916,0,0,0,0,1823,1211,1.870,1.190,0.630,1,0,1.994,0,0,11,32,0,37,0
30-06 09:40:20,20.508,5.752,73.529,0,0,1464472,799160,178188,5475412,5886.333,1714.679,0,0,0,0,2461,1599,1.870,1.190,0.630,2,0,62.025,0,0,11,32,0,37,0
30-06 09:40:21,8.503,21.507,67.523,0,0,1460272,803292,178196,5475460,5450.867,1512.518,0,528.181,0,6.002,5469,3880,1.870,1.190,0.630,1,0,358.123,0,0,11,32,0,37,0
30-06 09:40:22,7.742,21.477,68.678,0,0,1446604,816912,178204,5475496,5226.508,1564.356,0,455.521,0,8.991,5126,3486,1.870,1.190,0.630,1,0,292.692,0,0,11,32,0,37,0
30-06 09:40:23,8.259,21.773,67.823,0,0,1426280,837216,178204,5475516,5353.767,1513.630,0,1149.238,0,35.038,5437,3986,1.800,1.190,0.640,2,0,313.338,0,0,11,32,0,37,0
30-06 09:40:24,8.263,21.034,69.112,0,0,1424772,838704,178204,5475536,5134.336,1622.634,0,0,0,0,5385,3764,1.800,1.190,0.640,2,0,321.522,0,0,11,32,0,37,0
30-06 09:40:25,20.214,5.490,73.620,0,0,1476784,786688,178204,5475540,5043.118,1563.247,0,95.831,0,5.989,2108,1547,1.800,1.190,0.640,2,0,21.961,0,0,11,32,0,31,0
30-06 09:40:26,22.497,3.250,72.990,0,0,1502628,760840,178204,5475544,5538.258,1619.783,0,43.994,0,4.999,1832,1191,1.800,1.190,0.640,2,0,3.000,0,0,11,32,0,31,0
30-06 09:40:27,21.745,4.499,73.735,0,0,1528076,735388,178204,5475548,5158.927,1619.663,0,0,0,0,1859,1353,1.800,1.190,0.640,2,0,1.000,0,0,11,32,0,31,0
30-06 09:40:28,22.248,3.500,73.494,0.250,0,1558132,705332,178204,5475548,5219.597,1619.875,0,1975.847,0,188.985,1897,1292,1.740,1.180,0.640,1,0,2.000,0,0,11,32,0,31,0
30-06 09:40:29,22.733,2.998,73.446,0,0,1507560,755916,178204,5475536,4916.407,1618.817,0,11.991,0,1.999,1781,1183,1.740,1.180,0.640,3,0,0.999,0,0,11,32,0,25,0
30-06 09:40:30,22.767,3.503,73.554,0,0,1548308,715168,178204,5475536,4535.299,1513.101,0,0,0,0,1819,1203,1.740,1.180,0.640,1,0,2.001,0,0,11,32,0,25,0
30-06 09:40:31,22.998,2.750,73.245,0,0,1498516,764968,178204,5475524,5176.643,1619.888,0,691.952,0,114.992,1820,1241,1.740,1.180,0.640,2,0,1.000,0,0,11,32,0,25,0
30-06 09:40:32,22.262,3.252,73.540,0,0,1546280,717204,178204,5475524,4742.558,1620.874,0,0,0,0,1825,1189,1.740,1.180,0.640,1,0,2.001,0,0,11,32,0,25,0
30-06 09:40:33,23.536,2.754,72.863,0.250,0,1507676,755784,178208,5475556,4567.064,1622.510,0,2600.022,0,37.057,1959,1397,1.680,1.180,0.640,1,0,1.002,0,0,11,32,0,19,0
30-06 09:40:34,22.505,3.751,73.765,0,0,1522900,740564,178216,5475544,4426.927,1566.328,0,100.021,0,11.002,1884,1487,1.680,1.180,0.640,1,0,0,0,0,11,32,0,19,0
30-06 09:40:35,23.005,3.001,73.515,0,0,1543060,720404,178216,5475544,4342.863,1242.247,0,40.008,0,5.001,1778,1160,1.680,1.180,0.640,1,0,2.000,0,0,11,32,0,19,0
30-06 09:40:36,21.688,3.739,73.540,0,0,1511588,751892,178216,5475528,4599.865,1292.310,0,191.453,0,37.892,1926,1438,1.680,1.180,0.640,1,0,1.994,0,0,11,32,0,19,0
30-06 09:40:37,22.259,3.251,73.278,0,0,1533852,729600,178216,5475556,4967.917,1566.605,0,28.011,0,1.000,1818,1188,1.680,1.180,0.640,2,0,2.001,0,0,11,32,0,15,0
30-06 09:40:38,23.247,2.500,73.741,0,0,1493532,769920,178216,5475556,4831.422,1511.819,0,0,0,0,1772,1168,1.620,1.180,0.640,1,0,1.000,0,0,11,32,0,15,0
30-06 09:40:39,22.251,3.250,73.755,0,0,1550128,713412,178216,5475468,5222.350,1620.109,0,0,0,0,1781,1172,1.620,1.180,0.640,2,0,2.000,0,0,11,32,0,15,0
30-06 09:40:40,24.005,2.250,73.764,0.250,0,1509448,754004,178216,5475556,6213.190,1512.290,0,148.028,0,5.001,1717,1010,1.620,1.180,0.640,1,0,1.000,0,0,11,32,0,15,0
30-06 09:40:41,22.009,3.752,73.780,0,0,1508564,754888,178216,5475556,6051.434,1512.608,0,12.005,0,1.000,1847,1351,1.620,1.180,0.640,2,0,0,0,0,11,32,0,15,0
30-06 09:40:42,21.761,3.752,73.537,0,0,1541508,721964,178216,5475536,6523.256,1080.539,0,0,0,0,1850,1339,1.620,1.180,0.640,2,0,1.000,0,0,11,32,0,11,0
30-06 09:40:43,21.994,3.249,73.481,0,0,1576232,687236,178220,5475536,5790.521,1511.614,0,459.883,0,25.993,1817,1360,1.570,1.170,0.640,1,0,1.999,0,0,11,32,0,11,0
30-06 09:40:44,21.502,4.250,73.506,0,0,1540644,722824,178220,5475536,4306.324,1566.118,0,104.008,0,9.001,1904,1537,1.570,1.170,0.640,2,0,1.000,0,0,11,32,0,11,0
30-06 09:40:45,22.508,3.251,73.525,0,0,1540428,723028,178220,5475548,4677.587,1566.532,0,60.020,0,5.002,1758,1189,1.570,1.170,0.640,2,0,1.000,0,0,11,32,0,11,0
30-06 09:40:46,22.235,3.248,73.700,0,0,1561680,701776,178220,5475548,4979.642,1564.945,0,11.992,0,1.999,1792,1217,1.570,1.170,0.640,1,0,2.998,0,0,11,32,0,8,0
30-06 09:40:47,17.756,10.254,71.525,0,0,1506588,756820,178220,5475596,4801.698,1620.573,0,132.047,0,6.002,3517,2582,1.570,1.170,0.640,2,0,204.072,0,0,11,32,0,8,0
30-06 09:40:48,20.016,15.762,63.801,0,0,1519280,744096,178220,5475612,5104.042,1621.284,0,148.117,0,6.005,4911,12043,1.530,1.170,0.650,1,0,292.231,0,0,11,32,0,9,0
30-06 09:40:49,22.978,2.498,73.680,0,0,1513680,749684,178220,5475624,5021.232,1564.514,0,0,0,0,1737,1114,1.530,1.170,0.650,1,0,0,0,0,11,32,0,9,0
30-06 09:40:50,21.998,3.750,73.494,0,0,1450824,812304,178220,5475864,5649.523,1619.863,0,167.986,0,2.000,1975,1335,1.530,1.170,0.650,1,0,8.999,0,0,11,32,0,5,0
30-06 09:40:51,22.250,3.250,73.750,0,0,1499612,763516,178220,5475864,5237.022,1662.007,0,4.000,0,1.000,1712,1063,1.530,1.170,0.650,2,0,0,0,0,11,32,0,5,0
30-06 09:40:52,11.277,20.048,67.411,0,0,1453340,809632,178220,5476020,5158.286,1569.739,40.096,92.220,2.005,5.012,5434,3978,1.530,1.170,0.650,1,0,397.948,0,0,11,32,0,5,0
30-06 09:40:53,8.505,22.264,68.293,0.250,0,1455104,807828,178220,5476056,5163.264,1621.025,0,796.503,0,36.023,6265,4894,1.480,1.170,0.650,2,0,454.287,0,0,11,32,0,5,0
30-06 09:40:54,8.250,22.751,68.252,0,0.250,1443124,819784,178220,5476080,5340.132,1620.040,0,240.006,0,7.000,6083,4637,1.480,1.170,0.650,1,0,464.011,0,0,11,32,0,3,0
30-06 09:40:55,8.247,22.243,68.227,0,0,1422792,840080,178220,5476112,5338.235,1619.464,0,1055.651,0,11.996,6267,4898,1.480,1.170,0.650,1,0,514.830,0,0,11,32,0,3,0
30-06 09:40:56,9.230,21.703,68.600,0,0,1418384,844460,178220,5476136,4740.635,1131.526,0,1141.504,0,12.972,6041,4644,1.480,1.170,0.650,1,0,473.964,0,0,11,32,0,3,0
30-06 09:40:57,8.499,20.749,68.496,0,0,1406316,856504,178220,5476160,5583.651,1403.912,0,735.954,0,9.999,5842,4290,1.480,1.170,0.650,1,0,416.974,0,0,11,32,0,3,0
30-06 09:40:58,8.266,21.292,69.639,0,0,1387424,875364,178220,5476192,5396.751,1569.126,0,200.399,0,8.016,6063,4688,1.450,1.160,0.650,2,0,464.926,0,0,11,32,0,1,0
30-06 09:40:59,8.254,21.509,68.529,0,0,1384584,878168,178220,5476224,5218.227,1566.668,0,384.164,0,13.006,6116,4667,1.450,1.160,0.650,2,0,481.205,0,0,11,32,0,1,0
30-06 09:41:00,8.744,21.485,69.202,0,0,1378012,884700,178220,5476264,5202.416,1564.922,0,43.970,0,10.992,6126,4859,1.450,1.160,0.650,1,0,496.658,0,0,11,32,0,1,0
30-06 09:41:01,20.761,27.265,49.777,0,0,1365952,896696,178244,5476296,5752.100,1554.838,0,816.440,0,38.020,7140,6571,1.450,1.160,0.650,3,0,724.390,0,0,11,32,0,4,0
30-06 09:41:02,61.911,15.977,20.970,0.250,0,1549736,712192,178328,5476932,5799.652,1563.749,0,1170.315,0,129.813,4378,3037,1.450,1.160,0.650,3,0,193.721,0,0,11,32,0,7,0
30-06 09:41:03,54.541,12.259,26.020,6.755,0,1645176,608632,178876,5483756,5496.135,1513.138,372.280,21059.844,3.002,1657.247,8951,15306,1.570,1.190,0.660,4,0,59.044,0,0,11,36,0,7,0
30-06 09:41:04,37.885,10.717,35.393,13.708,0,1592856,651960,179704,5491212,5443.469,1656.968,0,49896.475,0,3720.701,16046,29626,1.570,1.190,0.660,1,1,152.537,0,0,11,36,0,8,0
30-06 09:41:05,39.105,8.773,36.097,14.539,0,1646348,588972,180140,5499968,7675.530,3541.473,0,78209.190,0,5387.410,17840,37058,1.570,1.190,0.660,1,1,66.177,0,0,11,37,0,8,0
30-06 09:41:06,35.960,8.491,37.708,14.983,0.250,1647700,579900,180392,5507188,13510.011,8872.157,0,64120.861,0,4608.887,18905,37116,1.570,1.190,0.660,1,1,45.949,0,0,11,36,0,9,0
30-06 09:41:07,40.596,21.050,23.806,12.529,0,1608728,613020,180728,5512848,5284.437,1635.850,296.698,54608.526,4.009,3952.302,16729,30770,1.570,1.190,0.660,3,1,392.925,0,0,11,34,0,9,0
30-06 09:41:08,44.004,17.002,25.002,12.001,0,1641032,573456,181104,5519048,10245.938,6718.615,1188.109,51837.744,17.002,3692.338,16511,32573,1.680,1.220,0.670,3,1,165.015,0,0,11,35,0,9,0
30-06 09:41:09,30.235,11.494,42.728,13.243,0,1630028,581296,181364,5521808,15293.261,11461.200,667.662,49203.102,11.994,3743.106,17746,33882,1.680,1.220,0.670,3,1,142.928,0,0,11,35,0,9,0
30-06 09:41:10,30.023,8.684,43.174,14.391,0,1559412,647172,181488,5526304,9855.558,6270.636,0,53233.907,0,4124.844,17277,32835,1.680,1.220,0.670,3,0,83.370,0,0,11,34,0,9,0
30-06 09:41:11,34.193,8.800,41.987,12.822,0,1609784,597396,181728,5525456,7698.374,3927.126,0,55046.140,0,4344.478,17066,31735,1.680,1.220,0.670,3,1,21.119,0,0,11,35,0,9,0
30-06 09:41:12,30.828,7.268,46.868,11.529,0,1607548,597172,181944,5527620,16810.426,12798.300,0,43646.153,0,3987.062,17278,32419,1.680,1.220,0.670,2,0,39.099,0,0,11,35,0,9,0
30-06 09:41:13,29.228,10.492,45.466,11.741,0,1578804,624864,182072,5528528,11915.010,8239.783,0,43135.452,0,3701.207,16789,31259,1.790,1.250,0.690,2,0,97.926,0,0,11,34,0,10,0
30-06 09:41:14,43.275,7.254,40.273,7.755,0,1585676,616288,182104,5530160,4802.791,1620.942,0,26175.212,0,2533.472,11808,21508,1.790,1.250,0.690,2,0,36.021,0,0,11,36,0,10,0
30-06 09:41:15,31.001,7.250,48.002,12.250,0,1591020,608000,182160,5532976,15148.501,11739.389,0,46365.535,0,3926.130,17376,33683,1.790,1.250,0.690,1,1,51.002,0,0,11,37,0,10,0
30-06 09:41:16,30.207,6.491,47.682,11.484,0,1582800,613264,182252,5535764,15738.405,10800.494,0,45314.942,0,3877.433,17824,34195,1.790,1.250,0.690,3,1,54.921,0,0,11,36,0,10,0
30-06 09:41:17,34.043,9.262,41.052,13.517,0,1547200,645808,182368,5538604,5346.784,1622.058,0,46715.270,0,4013.092,16424,31190,1.790,1.250,0.690,2,0,108.137,0,0,11,36,0,10,0
30-06 09:41:18,31.650,9.221,45.606,11.962,0,1564392,626152,182444,5540908,13846.156,9459.048,0,56014.629,0,4625.354,18624,36548,1.890,1.280,0.700,3,0,68.782,0,0,11,37,0,10,0
30-06 09:41:19,30.074,8.020,47.116,10.776,0,1563008,629520,182460,5538868,17675.454,13050.083,0,49521.747,0,4137.171,19390,37069,1.890,1.280,0.700,2,0,21.052,0,0,11,37,0,10,0
30-06 09:41:20,32.923,10.725,42.152,11.972,0,1581504,611296,182472,5538604,8107.151,1853.690,0,48323.648,0,3993.715,16168,30406,1.890,1.280,0.700,2,0,78.817,0,0,11,36,0,11,0
30-06 09:41:21,36.357,7.773,49.396,5.516,0,1495212,697448,182492,5538720,11449.803,6563.377,0,26153.211,0,2010.937,9184,15192,1.890,1.280,0.700,2,0,88.261,0,0,11,33,0,12,0
30-06 09:41:22,21.439,10.221,66.809,0.249,0,1452036,740572,182492,5538768,9317.334,5362.652,0,1898.566,0,115.669,4551,4789,1.890,1.280,0.700,1,0,175.498,0,0,11,32,0,13,0
30-06 09:41:23,20.749,2.250,75.745,0,0,1513228,679376,182492,5538772,6466.563,3477.765,0,1979.866,0,154.990,1829,1298,1.820,1.280,0.700,0,0,0,0,0,11,33,0,13,0
30-06 09:41:24,17.508,4.002,76.784,0.750,0,1466056,726288,182492,5539032,10126.484,6366.819,0,5302.348,0,275.122,3371,3877,1.820,1.280,0.700,2,0,21.009,0,0,11,32,0,14,0
30-06 09:41:25,19.491,6.497,72.965,0,0,1530728,661612,182492,5539036,4875.659,1457.300,0,115.944,0,7.996,2245,1580,1.820,1.280,0.700,2,0,38.981,0,0,11,32,0,14,0
30-06 09:41:26,17.239,1.999,78.950,0.250,0,1538928,653316,182492,5539132,11779.569,8085.899,0,107.932,0,9.994,2316,2352,1.820,1.280,0.700,2,0,0.999,0,0,11,33,0,14,0
30-06 09:41:27,19.304,5.766,74.711,0,0,1432788,759436,182492,5539152,8993.378,5042.229,0,0,0,0,3319,3427,1.820,1.280,0.700,1,0,43.122,0,0,11,32,0,15,0
30-06 09:41:28,18.958,2.495,77.580,0,0,1472312,719780,182492,5539284,7282.054,3854.559,0,3.991,0,0.998,1698,1145,1.750,1.270,0.700,2,0,0,0,0,11,33,0,15,0
30-06 09:41:29,18.239,2.748,77.951,0,0,1465040,727036,182492,5539300,13138.764,9161.257,0,103.935,0,10.993,3576,4303,1.750,1.270,0.700,1,0,0,0,0,11,33,0,15,0
30-06 09:41:30,13.272,15.025,69.866,0.250,0,1405896,786080,182492,5539400,5733.531,2484.129,0,236.393,0,21.035,4190,2817,1.750,1.270,0.700,1,0,202.336,0,0,11,32,0,16,0
30-06 09:41:31,7.506,23.019,67.555,0,0,1402616,789304,182492,5539468,5541.482,1621.311,0,204.165,0,13.011,5417,3693,1.750,1.270,0.700,1,0,341.276,0,0,11,32,0,16,0
30-06 09:41:32,51.574,18.276,28.791,0,0,1511904,679796,182512,5539668,5393.749,1568.253,0,1129.623,0,82.118,5451,4108,1.750,1.270,0.700,4,0,255.367,0,0,11,32,0,22,0
30-06 09:41:33,64.900,10.733,24.462,0,0,1681536,507532,182596,5541940,5377.699,1563.587,0,291.550,0,7.988,3806,1509,1.850,1.300,0.720,5,0,1.997,0,0,11,32,0,22,0
30-06 09:41:34,66.558,8.507,24.021,0.500,0,1804156,381064,182732,5545260,4994.352,1621.413,0,11822.302,0,374.326,4546,2365,1.850,1.300,0.720,3,0,6.005,0,0,11,34,0,24,0
30-06 09:41:35,30.273,6.004,46.285,14.010,0,1807320,364192,182856,5558372,4863.628,1621.209,0,68350.983,0,5208.885,21917,41766,1.850,1.300,0.720,2,1,234.175,0,0,11,38,0,22,0
30-06 09:41:36,24.714,7.739,48.679,15.977,0,1804340,356184,182924,5568872,5409.148,1617.652,0,99767.171,0,7149.621,26385,52466,1.850,1.300,0.720,3,1,216.685,0,0,11,38,0,22,0
30-06 09:41:37,32.766,7.754,41.771,16.258,0,1657136,495024,182972,5576948,5102.537,1620.806,0,86515.016,0,6321.143,22315,44766,1.850,1.300,0.720,2,1,169.084,0,0,11,36,0,22,0
30-06 09:41:38,40.472,11.242,30.229,15.739,0,1716380,426680,183068,5585632,4740.679,1403.017,0,74112.089,0,5390.224,20741,38725,2.260,1.400,0.750,3,0,200.859,0,0,11,36,0,22,0
30-06 09:41:39,41.804,10.013,31.791,15.520,0,1774192,355616,183116,5598340,4387.648,702.905,0,92983.697,0,6058.799,21118,40510,2.260,1.400,0.750,3,1,0,0,0,11,36,0,22,0
30-06 09:41:40,39.758,12.003,33.757,13.253,0,1735580,388820,183136,5603524,5553.180,1512.321,0,85446.161,0,6373.355,21957,43772,2.260,1.400,0.750,6,0,164.035,0,0,11,36,0,22,0
30-06 09:41:41,37.425,7.236,44.411,8.483,0,1626944,495704,183152,5605200,6589.854,1562.882,0,39437.326,0,3072.870,12570,22115,2.260,1.400,0.750,3,0,137.725,0,0,11,32,0,22,0
30-06 09:41:42,18.232,11.988,69.182,0,0,1505768,616848,183152,5605216,6565.594,1510.526,0,791.228,0,36.964,3165,2450,2.260,1.400,0.750,1,0,168.835,0,0,11,32,0,22,0
30-06 09:41:43,22.219,3.745,71.899,0.749,0,1548176,574440,183152,5605216,5618.126,1563.808,0,6466.937,0,381.465,2341,2781,2.160,1.390,0.750,2,0,0,0,0,11,32,0,22,0
30-06 09:41:44,24.021,3.003,72.812,0,0,1578324,544288,183152,5605220,5524.735,1621.389,0,84.072,0,7.006,2146,1662,2.160,1.390,0.750,1,0,2.002,0,0,11,38,0,22,0
30-06 09:41:45,22.010,3.752,73.035,0.250,0,1451460,671144,183152,5605228,5014.392,1554.742,0,108.052,0,9.004,2241,1575,2.160,1.390,0.750,1,0,27.013,0,0,11,32,0,22,0
30-06 09:41:46,21.747,4.499,72.990,0,0,1492624,629976,183152,5605228,5522.271,1565.793,0,39.995,0,4.999,1835,1263,2.160,1.390,0.750,1,0,2.000,0,0,11,32,0,22,0
30-06 09:41:47,23.004,2.751,73.264,0,0,1537728,584868,183152,5605232,4832.908,1512.284,0,120.023,0,17.003,2006,1608,2.160,1.390,0.750,1,0,2.000,0,0,11,34,0,22,0
30-06 09:41:48,22.315,20.309,57.165,0,0,1464768,657656,183152,5605352,4619.368,1570.545,0,561.625,0,31.090,5034,8609,2.390,1.450,0.780,3,0,465.347,0,0,11,32,0,23,0
30-06 09:41:49,11.988,37.464,48.953,0.250,0,1466124,656244,183152,5605436,4647.502,1510.538,0,303.706,0,24.976,7186,6242,2.390,1.450,0.780,2,0,859.168,0,0,11,32,0,23,0
30-06 09:41:50,7.498,21.993,68.230,0,0,1467104,655260,183152,5605440,5338.412,1619.518,0,111.967,0,11.996,5104,3290,2.390,1.450,0.780,1,0,325.903,0,0,11,32,0,23,0
30-06 09:41:51,7.741,21.476,69.172,0,0,1443728,678560,183152,5605512,5097.246,1606.187,0,7.991,0,1.998,5080,3386,2.390,1.450,0.780,2,0,285.678,0,0,11,32,0,22,0
30-06 09:41:52,7.742,21.227,69.176,0,0,1420228,702028,183152,5605536,5034.602,1618.265,0,19.979,0,4.995,5057,3424,2.390,1.450,0.780,1,0,262.718,0,0,11,32,0,22,0
30-06 09:41:53,9.269,21.043,68.140,0,0,1404352,717856,183152,5605564,5170.651,1623.344,0,28.058,0,7.014,5278,3663,2.280,1.440,0.780,2,0,286.590,0,0,11,32,0,22,0
30-06 09:41:54,19.741,15.743,62.471,0,0,1399236,722936,183156,5606036,5577.440,1619.257,0,1235.433,0,176.919,5802,6940,2.280,1.440,0.780,3,0,171.921,0,0,11,32,0,22,0
30-06 09:41:55,44.665,13.225,41.421,0,0,1522552,599604,183164,5606040,5629.250,1616.912,0,215.588,0,3.992,3656,2248,2.280,1.440,0.780,2,0,115.779,0,0,11,33,0,22,0
30-06 09:41:56,49.176,5.018,46.166,0.251,0,1606884,515120,183180,5606172,5858.009,1625.831,0,301.080,0,17.061,3741,2866,2.280,1.440,0.780,2,0,18.065,0,0,11,49,0,22,0
30-06 09:41:57,46.254,6.001,46.504,0.500,0,1661056,457664,183236,5609032,5672.488,1512.130,0,1924.166,0,173.015,5194,6030,2.280,1.440,0.780,6,0,2.000,0,0,11,49,0,22,0
30-06 09:41:58,10.482,20.216,67.636,0,0,1645320,472164,183240,5610232,5271.118,1617.275,0,291.509,0,15.973,6613,7380,2.180,1.440,0.780,2,0,307.482,0,0,11,48,0,22,0
30-06 09:41:59,17.478,13.732,67.414,0,0,1642252,475168,183240,5610248,5572.869,1617.930,0,119.847,0,7.990,5797,8285,2.180,1.440,0.780,0,0,182.766,0,0,11,48,0,22,0
30-06 09:42:00,0.500,1.000,97.225,0,0,1642252,475168,183240,5610248,5564.569,1565.597,0,123.968,0,12.997,909,1252,2.180,1.440,0.780,0,0,2.999,0,0,11,48,0,22,0
30-06 09:42:01,0.750,0.500,97.988,0,0,1642252,475168,183240,5610248,5836.312,1619.809,0,27.997,0,4.000,748,971,2.180,1.440,0.780,0,0,1.000,0,0,11,48,0,22,0
30-06 09:42:02,0.500,0.250,98.519,0,0,1642252,475168,183240,5610248,5673.076,1512.287,0,0,0,0,820,1021,2.180,1.440,0.780,0,0,3.001,0,0,11,48,0,22,0
30-06 09:42:03,0.500,0.750,97.735,0,0,1642272,475168,183240,5610244,5515.136,1565.755,0,0,0,0,738,956,2,1.410,0.770,0,0,1.000,0,0,11,48,0,22,0
30-06 09:42:04,15.253,17.003,66.263,0,0,1614744,502528,183240,5610800,5313.013,1512.288,0,4.001,0,1.000,6406,7873,2,1.410,0.770,1,0,265.051,0,0,11,48,0,16,0
30-06 09:42:05,12.960,20.187,64.799,0,0,1665000,452204,183240,5610408,4751.262,1022.827,0,3525.066,0,88.725,4970,3958,2,1.410,0.770,1,0,234.273,0,0,12,48,0,16,0
30-06 09:42:06,26.633,18.844,54.019,0,0,1670364,446768,183240,5610776,6103.390,1867.298,0,353.761,0,19.095,6627,7099,2,1.410,0.770,5,0,253.261,0,0,12,60,0,16,0
30-06 09:42:07,11.475,10.228,76.832,0.249,0,1654852,462244,183240,5610452,5300.433,1508.708,0,455.007,0,35.922,3717,3981,2,1.410,0.770,0,0,188.588,0,0,12,64,0,16,0
30-06 09:42:08,9.754,15.256,72.779,0,0,1673724,443320,183240,5610928,5268.078,1566.618,0,312.123,0,21.008,4988,5081,1.920,1.400,0.780,1,0,203.080,0,0,14,66,0,14,0
30-06 09:42:09,15.508,14.257,68.535,0,0,1662088,454904,183240,5610544,4968.513,1608.814,0,932.472,0,15.008,5071,5368,1.920,1.400,0.780,1,0,198.100,0,0,14,66,0,15,0
30-06 09:42:10,7.761,20.530,69.852,0,0.250,1670840,446128,183240,5610564,4899.172,1556.278,0,20.029,0,5.007,5248,3664,1.920,1.400,0.780,1,0,305.447,0,0,14,66,0,15,0
30-06 09:42:11,9.253,21.258,67.775,0,0,1637496,479320,183240,5610716,5659.066,1704.622,0,28.010,0,7.003,5259,3578,1.920,1.400,0.780,1,0,279.102,0,0,14,66,0,15,0
30-06 09:42:12,20.700,16.211,61.603,0,0,1662256,454536,183240,5610732,4834.438,1562.264,0,23.943,0,2.993,5775,6534,1.920,1.400,0.780,2,0,185.556,0,0,14,66,0,15,0
30-06 09:42:13,28.272,25.770,45.285,0,0,1739612,377120,183252,5610776,4791.662,1567.198,0,208.159,0,6.005,5996,4375,1.930,1.410,0.780,3,0,403.308,0,0,14,66,0,15,0
30-06 09:42:14,29.036,26.533,43.554,0,0,1784056,331072,183320,5612200,4625.776,1622.025,0,424.530,0,8.010,6732,7743,1.930,1.410,0.780,2,0,469.586,0,0,14,69,0,17,0
30-06 09:42:15,27.753,26.503,44.755,0,0,1906468,208576,183328,5612252,4786.504,1566.165,0,44.005,0,11.001,6063,4512,1.930,1.410,0.780,2,0,387.041,0,0,14,70,0,17,0
30-06 09:42:16,36.021,21.262,41.524,0,0,1952344,162472,183332,5612788,5059.970,1711.004,0,28.016,0,7.004,6359,7461,1.930,1.410,0.780,3,0,318.187,0,0,14,70,0,16,0
30-06 09:42:17,41.498,23.499,33.748,0.250,0,1982444,216088,172724,5541184,5219.706,1619.909,23.999,555.969,4.000,9.999,5492,4656,1.930,1.410,0.780,5,0,298.983,0,0,14,70,0,16,0
30-06 09:42:18,55.851,23.936,19.199,0.249,0,2076748,181616,167544,5488252,5547.197,1615.688,227.393,1248.668,13.963,34.907,6466,7359,2.010,1.440,0.790,3,0,376.994,0,0,14,70,0,16,0
30-06 09:42:19,64.941,23.068,11.785,0,0,2172644,148216,166912,5427328,6318.599,1666.907,236.697,930.740,35.103,40.118,5434,6516,2.010,1.440,0.790,5,0,381.122,0,0,14,70,0,16,0
30-06 09:42:20,73.241,23.497,2.250,1.000,0,2327748,171156,168820,5251184,6063.280,1659.803,3351.602,8363.007,171.980,489.942,6220,7703,2.010,1.440,0.790,4,0,343.959,0,0,14,74,0,15,0
30-06 09:42:21,62.644,28.202,6.239,2.496,0,2441764,171552,168400,5139832,5932.951,1617.261,1860.848,28459.796,73.875,1937.718,12902,24744,2.010,1.440,0.790,5,0,362.386,0,0,14,74,0,15,0
30-06 09:42:22,71.886,23.962,2.496,0.998,0,2579632,180332,167996,4997128,5483.336,1509.615,531.161,16114.538,34.945,1326.903,12057,22439,2.010,1.440,0.790,8,0,359.432,0,0,14,78,0,17,0
30-06 09:42:23,73.898,23.547,3.006,0,0,2656972,174904,167744,4927048,5110.238,1623.252,589.180,998.000,13.026,47.094,9678,16534,2.170,1.480,0.810,6,0,379.761,0,0,14,85,0,24,0
30-06 09:42:24,55.489,24.745,17.746,0,0,2745908,155584,167496,4858964,4545.072,1565.680,7.998,1059.784,2.000,67.986,8519,10033,2.170,1.480,0.810,4,0,546.888,0,0,14,89,0,27,0
30-06 09:42:25,40.532,18.765,40.032,0.250,0,2777008,191852,167240,4793304,4715.763,1513.207,2049.635,836.668,21.017,43.034,6271,9482,2.170,1.480,0.810,2,0,249.199,0,0,14,91,0,28,0
30-06 09:42:26,64.816,14.765,20.271,0,0,2939360,168216,167248,4658228,5348.465,1657.694,1125.150,652.667,14.014,35.036,6444,8418,2.170,1.480,0.810,3,0,130.133,0,0,14,94,0,31,0
30-06 09:42:27,26.893,12.949,57.273,0.747,0,2992348,183064,167272,4591952,4992.207,1506.029,191.242,4553.945,4.980,258.973,5020,4860,2.170,1.480,0.810,1,0,143.431,0,0,14,97,0,31,0
30-06 09:42:28,8.762,19.277,70.347,0,0,3004768,170664,167272,4591968,5227.221,1622.241,0,20.028,0,5.007,5178,3617,2,1.460,0.810,1,0,280.387,0,0,14,97,0,29,0
30-06 09:42:29,7.759,19.273,70.583,0,0,3005316,170084,167272,4592000,4457.236,973.143,4.005,152.179,1.001,13.015,5038,3517,2,1.460,0.810,1,0,260.306,0,0,14,97,0,29,0
30-06 09:42:30,7.992,20.231,70.183,0,0,2996216,179140,167272,4592028,5021.187,1564.500,3.996,3097.032,0.999,10.989,5089,3436,2,1.460,0.810,2,0,268.742,0,0,14,97,0,29,0
30-06 09:42:31,21.725,5.993,70.919,0,0,3070476,170968,167276,4527008,5396.860,1564.220,3.995,115.868,0.999,9.989,2362,1809,2,1.460,0.810,1,0,39.955,0,0,14,99,0,29,0
30-06 09:42:32,20.055,3.510,75.707,0.501,0,3092360,149072,167280,4527016,11375.145,7908.654,48.132,216.593,6.016,17.047,2813,2819,2,1.460,0.810,2,0,1.003,0,0,14,104,0,22,0
30-06 09:42:33,19.586,6.198,73.386,0,0,3080952,160416,167280,4527080,22318.236,18666.792,0,210.241,0,13.884,2673,1917,1.920,1.450,0.810,1,0,62.477,0,0,14,103,0,23,0
30-06 09:42:34,24.392,3.520,71.917,0.251,0,3086432,222892,167280,4461288,6748.148,3606.925,0,136.794,0,18.105,2101,1468,1.920,1.450,0.810,0,0,2.012,0,0,14,108,0,23,0
30-06 09:42:35,19.739,3.248,75.208,0.250,0,3089464,219644,167292,4461496,10096.307,6190.509,43.975,511.711,4.997,49.972,2901,3217,1.920,1.450,0.810,1,0,0.999,0,0,14,112,0,23,0
30-06 09:42:36,28.583,5.767,61.679,1.755,0.251,3112796,195712,167292,4462100,5298.362,1660.815,288.837,6222.040,18.052,425.233,5564,8166,1.920,1.450,0.810,3,1,7.020,0,0,14,117,0,23,0
30-06 09:42:37,32.158,12.464,53.845,0.997,0,3201440,173588,167292,4397344,5995.758,2743.112,91.736,2444.969,6.980,184.470,5871,6833,1.920,1.450,0.810,1,0,112.676,0,0,14,118,0,25,0
30-06 09:42:38,22.798,4.509,71.650,0,0,3273364,167308,167296,4333344,5591.682,1623.392,4.008,316.662,1.002,22.046,2035,1527,1.840,1.440,0.810,1,0,1.002,0,0,14,120,0,25,0
30-06 09:42:39,18.712,1.996,77.591,0.249,0,3263896,176692,167296,4333428,12955.384,9641.193,67.861,347.287,4.990,28.941,2486,2475,1.840,1.440,0.810,0,0,0.998,0,0,14,121,0,25,0
30-06 09:42:40,26.742,5.248,66.481,0.750,0,3291304,149224,167300,4333484,8791.441,3151.083,3.999,10732.876,1.000,687.800,5460,6750,1.840,1.440,0.810,2,0,4.999,0,0,14,124,0,26,0
30-06 09:42:41,40.878,10.784,47.650,0,0,3292408,147976,167300,4333628,7239.723,1751.497,0,2792.766,0,324.017,3847,2541,1.840,1.440,0.810,2,0,96.302,0,0,14,124,0,26,0
30-06 09:42:42,34.655,4.986,59.836,0,0,3347940,157240,167300,4270408,30571.294,25266.818,0,327.104,0,17.951,2761,1748,1.840,1.440,0.810,1,0,0,0,0,14,125,0,26,0
30-06 09:42:43,19.794,6.264,72.663,0,0,3323708,181472,167300,4270408,5424.175,1924.319,0,2341.255,0,22.049,2462,1751,1.780,1.440,0.810,1,0,55.124,0,0,14,124,0,27,0
30-06 09:42:44,19.002,2.250,78.506,0,0,3352908,152252,167300,4270428,28441.353,24990.068,0,260.022,0,14.001,2045,1556,1.780,1.440,0.810,1,0,0,0,0,14,125,0,27,0
30-06 09:42:45,21.698,4.240,72.826,0.249,0,3330084,175064,167300,4270440,4301.713,1209.109,0,267.361,0,13.967,2267,1654,1.780,1.440,0.810,1,0,50.878,0,0,14,124,0,28,0
30-06 09:42:46,19.529,3.255,76.613,0,0,3333564,171544,167300,4270480,11783.436,8049.911,0,224.332,0,12.018,3099,2569,1.780,1.440,0.810,2,0,6.009,0,0,14,128,0,29,0
30-06 09:42:47,24.217,7.490,66.409,0.749,0,3319624,185204,167300,4270760,6361.286,2698.304,11.984,1102.490,2.996,121.833,4840,6568,1.780,1.440,0.810,1,0,84.884,0,0,14,126,0,30,0
30-06 09:42:48,24.069,4.764,70.453,0,0,3372724,132072,167300,4273996,10542.333,7396.281,24.069,288.831,2.006,17.049,2681,6163,1.710,1.430,0.810,4,0,36.104,0,0,14,127,0,30,0
30-06 09:42:49,20.477,6.243,72.669,0.250,0,3311696,193080,167300,4270812,22587.885,19343.493,0,1174.694,0,68.923,2886,4965,1.710,1.430,0.810,1,0,54.939,0,0,14,126,0,31,0
30-06 09:42:50,18.961,2.245,78.089,0,0,3332092,172676,167300,4270820,6885.774,3942.854,3.992,107.777,0.998,12.973,1782,1450,1.710,1.430,0.810,1,0,0,0,0,14,127,0,31,0
30-06 09:42:51,22.264,4.753,69.795,1.751,0,3337780,166640,167300,4271168,9297.944,5836.731,80.051,4122.635,6.004,365.233,5418,8569,1.710,1.430,0.810,1,0,2.001,0,0,14,130,0,31,0
30-06 09:42:52,23.773,5.755,68.315,1.251,0,3262144,242248,167300,4271196,6041.773,2754.632,16.015,6330.049,1.001,445.426,5379,7610,1.710,1.430,0.810,1,0,53.051,0,0,14,129,0,33,0
30-06 09:42:53,22.211,3.743,73.120,0.250,0,3336920,167404,167300,4271264,5076.978,1563.222,0,311.447,0,19.965,1917,1459,1.660,1.420,0.810,1,0,0,0,0,14,129,0,33,0
30-06 09:42:54,16.506,2.751,80.030,0,0,3344968,159340,167300,4271280,15392.801,11602.372,0,600.226,0,36.014,2661,2733,1.660,1.420,0.810,3,0,0,0,0,14,130,0,33,0
30-06 09:42:55,24.256,5.001,68.268,0.750,0,3349180,155056,167300,4271352,5087.350,1566.416,0,1160.308,0,134.036,5531,8095,1.660,1.420,0.810,1,0,0,0,0,14,130,0,33,0
30-06 09:42:56,35.992,8.498,53.738,0.500,0,3375676,128352,167304,4271556,6661.568,2473.468,0,1267.728,0,101.978,7885,10765,1.660,1.420,0.810,1,0,79.983,0,0,14,133,0,34,0
30-06 09:42:57,20.992,3.499,75.220,0.250,0,3427004,137496,167308,4212208,7186.161,3626.567,3.998,507.799,1.000,35.986,1897,1409,1.660,1.420,0.810,1,0,1.000,0,0,14,136,0,34,0
30-06 09:42:58,19.014,2.502,76.308,0.751,0,3399736,164716,167308,4212256,13606.310,9271.025,8.006,1156.877,2.002,125.095,3302,3998,1.600,1.410,0.820,1,0,0,0,0,14,135,0,35,0
30-06 09:42:59,19.304,8.524,71.451,0.251,0,3396748,167688,167308,4212272,4873.730,1624.577,48.136,501.413,3.008,28.079,3082,2526,1.600,1.410,0.820,2,0,147.415,0,0,14,135,0,35,0
30-06 09:43:00,18.479,2.497,78.912,0,0,3415060,149320,167308,4212328,12783.706,9590.277,0,407.544,0,24.972,2066,1714,1.600,1.410,0.820,0,0,0,0,0,14,136,0,35,0
30-06 09:43:01,23.015,4.753,69.546,0.250,0,3412156,152148,167312,4212400,10110.630,5208.415,0,1364.895,0,140.092,5638,7937,1.600,1.410,0.820,1,0,0,0,0,14,136,0,35,0
30-06 09:43:02,41.782,7.506,48.287,0.751,0,3391596,172076,167328,4213016,6899.341,3254.519,396.307,1697.314,64.050,148.115,11832,18390,1.600,1.410,0.820,3,0,14.011,0,0,14,137,0,36,0
30-06 09:43:03,32.349,13.189,52.257,0.995,0,3429608,133704,167328,4213312,5996.078,1938.971,15.926,6768.481,0.995,427.012,7499,10758,1.560,1.410,0.820,2,0,274.721,0,0,14,137,0,36,0
30-06 09:43:04,18.775,4.005,76.350,0.250,0,3433032,179220,167328,4165168,11194.662,7530.863,0,228.299,0,13.017,1948,1449,1.560,1.410,0.820,2,0,6.008,0,0,14,138,0,36,0
30-06 09:43:05,13.792,14.043,71.218,0,0,3350968,261248,167328,4165204,6721.607,3104.518,0,485.488,0,23.071,4866,3847,1.560,1.410,0.820,1,0,266.818,0,0,14,137,0,37,0
30-06 09:43:06,9.967,20.184,68.028,0.498,0,3302556,309620,167328,4165588,5237.905,1345.608,7.974,3951.105,1.993,368.796,6044,4683,1.560,1.410,0.820,3,0,372.783,0,0,14,137,0,37,0
30-06 09:43:07,24.768,16.262,57.792,0,0,3342888,269284,167328,4165240,5269.795,1567.128,4.003,244.176,1.001,18.013,6530,8197,1.560,1.410,0.820,2,0,300.216,0,0,14,137,0,37,0
30-06 09:43:08,31.067,22.799,44.847,0,0,3388564,223524,167328,4165336,5383.591,1515.262,16.035,292.630,1.002,26.056,6453,5455,1.590,1.420,0.820,2,0,490.055,0,0,14,137,0,37,0
30-06 09:43:09,33.656,15.207,49.362,0.249,0,3417176,194468,167344,4165920,5550.433,1603.503,75.787,574.389,6.980,36.897,7049,8922,1.590,1.420,0.820,1,0,232.348,0,0,16,143,0,37,0
30-06 09:43:10,58.205,27.848,13.548,0,0,3584096,163944,167352,4031852,5011.632,1641.776,56.198,297.045,4.014,22.078,7399,12157,1.590,1.420,0.820,4,0,565.991,0,0,16,149,0,37,0
30-06 09:43:11,57.482,22.743,18.744,0,0.250,3691808,151608,167352,3937824,5281.319,1565.502,15.995,707.775,1.000,41.987,6875,8655,1.590,1.420,0.820,3,0,407.870,0,0,16,161,0,37,0
30-06 09:43:12,49.270,23.260,25.510,1.501,0,3748848,188568,167544,3844584,5328.178,1716.702,3509.434,2188.895,220.090,86.035,8253,11796,1.590,1.420,0.820,3,0,435.178,0,0,16,165,0,37,0
30-06 09:43:13,34.478,24.485,40.475,0,0,3807488,185692,167456,3790216,4948.903,1600.998,71.955,599.625,0.999,13.991,14597,5502,1.620,1.430,0.830,3,0,528.669,0,0,16,165,0,36,0
30-06 09:43:14,22.184,15.205,60.569,0,0,3825840,167160,167468,3790368,5011.010,1561.329,11.964,378.867,2.991,26.919,6520,8194,1.620,1.430,0.830,1,0,274.180,0,0,17,165,0,36,0
30-06 09:43:15,28.308,23.799,46.846,0,0,3885296,163320,167468,3736232,5082.430,1515.109,8.016,244.502,2.004,20.041,6508,5375,1.620,1.430,0.830,2,0,443.911,0,0,17,165,0,36,0
30-06 09:43:16,38.807,20.530,40.810,0.250,0,3928924,149208,167464,3707728,5711.419,1568.312,0,280.413,0,17.025,6311,8615,1.620,1.430,0.830,1,0,353.521,0,0,17,171,0,36,0
30-06 09:43:17,28.744,22.495,47.990,0.250,0,4000792,158348,167464,3628164,5588.797,1811.610,39.991,275.941,3.999,19.996,6487,6515,1.620,1.430,0.830,4,0,491.894,0,0,17,171,0,34,0
30-06 09:43:18,39.745,27.573,30.802,0,0,4113588,149800,167452,3526364,6148.541,1609.670,23.847,512.710,2.981,32.790,10088,17647,1.570,1.420,0.830,6,0,623.995,0,0,17,177,0,34,2
30-06 09:43:19,17.315,22.585,57.466,0.502,0,4146280,144976,167448,3499080,6273.623,1696.388,16.060,694.616,4.015,55.208,6411,6391,1.570,1.420,0.830,3,0,363.368,0,0,17,189,0,34,0
30-06 09:43:20,17.041,18.043,63.652,0,0,4152968,138136,167448,3499672,6619.832,1718.109,124.297,617.477,8.019,28.067,6166,7135,1.570,1.420,0.830,1,0,242.580,0,0,17,189,0,34,0
30-06 09:43:21,35.873,15.445,46.834,0,0,4252228,181800,167440,3359336,5935.981,1614.284,422.504,470.335,7.972,34.877,4444,3334,1.570,1.420,0.830,2,0,118.580,0,0,17,193,0,34,0
30-06 09:43:22,50.484,9.747,38.988,0.500,0,4353340,137056,167440,3303872,5250.371,1511.531,615.809,331.897,12.996,41.987,3551,2399,1.570,1.420,0.830,2,0,10.997,0,0,17,205,0,34,0
30-06 09:43:23,34.012,7.002,58.020,0.250,0,4429752,144044,167432,3222544,5521.948,1710.603,80.028,572.202,7.002,44.016,3446,3119,1.530,1.410,0.830,4,0,10.004,0,0,17,210,0,35,0
30-06 09:43:24,24.578,20.315,53.420,0.251,0,4361548,211500,167440,3223356,4694.917,1625.164,874.779,477.517,12.038,42.134,5679,4814,1.530,1.410,0.830,2,0,354.125,0,0,17,209,0,35,0
30-06 09:43:25,34.960,31.214,32.213,0.250,0,4433648,135416,167460,3227296,10989.427,7476.446,2313.353,295.662,38.955,18.978,6930,7212,1.530,1.410,0.830,4,0,509.417,0,0,17,212,0,20,0
30-06 09:43:26,44.156,19.101,34.977,0.248,0,4334204,277556,167464,3185576,8282.388,4556.455,11.907,16773.151,2.977,895.018,7008,7668,1.530,1.410,0.830,7,0,253.026,0,0,17,217,0,21,0
30-06 09:43:27,71.880,18.664,9.332,0,0,4563976,125580,167476,3110808,5852.324,2218.456,282.477,2941.799,12.106,16.142,5005,4126,1.530,1.410,0.830,3,0,156.371,0,0,17,223,0,21,0
30-06 09:43:28,59.974,12.245,24.739,2.999,0,4633188,136284,167516,3033180,15361.369,10962.268,6321.271,1123.515,339.853,38.983,5271,5220,1.730,1.450,0.850,4,0,29.987,0,0,17,231,0,21,0
30-06 09:43:29,58.000,16.750,22.250,1.500,0,4632332,174124,167568,2997340,5416.980,1914.993,1563.994,1899.993,169.999,145.999,6557,8044,1.730,1.450,0.850,3,0,178.999,0,0,17,229,0,27,0
30-06 09:43:30,35.034,26.776,37.537,0,0,4646420,169936,167572,2987624,10308.130,7274.149,44.043,9509.345,4.004,43.042,7118,7186,1.730,1.450,0.850,2,0,434.427,0,0,17,230,0,24,0
30-06 09:43:31,41.242,20.746,36.243,0.750,0,4638996,175764,167572,2989212,10528.980,6618.730,183.965,1591.695,9.998,105.980,7904,10390,1.730,1.450,0.850,6,0,289.944,0,0,17,229,0,25,0
30-06 09:43:32,55.220,28.984,14.742,0,0,4745380,118100,167580,2942368,6145.675,3044.353,3.998,219.881,0.999,16.991,6480,6605,1.730,1.450,0.850,3,0,542.706,0,0,17,230,0,25,0
30-06 09:43:33,56.885,19.710,20.708,0.499,0,4789160,151552,168256,2865620,14377.824,10507.677,1812.322,902.169,89.818,63.870,7044,10336,1.830,1.480,0.860,6,0,246.500,0,0,17,235,0,28,0
30-06 09:43:34,58.620,29.310,12.275,0.251,0,4820548,150196,168256,2835932,4930.122,1713.518,252.518,605.243,7.014,39.080,6830,9663,1.830,1.480,0.860,4,0,453.932,0,0,17,237,0,27,0
30-06 09:43:35,56.329,23.180,19.192,0,0,4874380,170696,168264,2764320,12589.856,9647.769,554.321,646.043,28.912,39.879,8146,14447,1.830,1.480,0.860,1,0,287.130,0,0,17,244,0,28,0
30-06 09:43:36,58.741,19.997,20.247,0.250,0,4916844,162900,168272,2730232,9675.511,4543.301,787.879,763.882,16.997,50.992,6606,13694,1.830,1.480,0.860,5,0,189.971,0,0,17,243,0,29,0
30-06 09:43:37,60.601,9.766,29.549,0.250,0,5057964,130776,168276,2623848,13404.265,12839.327,380.632,697.158,7.012,37.062,4174,2622,1.830,1.480,0.860,3,0,3.005,0,0,17,245,0,30,0
30-06 09:43:38,52.794,11.760,33.528,1.001,0,5053016,203024,168276,2558448,16216.524,9288.746,1729.442,1036.865,92.077,117.098,7003,8450,1.920,1.510,0.870,5,0,23.019,0,0,17,252,0,32,0
30-06 09:43:39,57.590,18.278,23.036,0.250,0,5085744,170080,168280,2558660,5630.766,2361.677,657.023,3833.969,10.016,236.368,6619,6849,1.920,1.510,0.870,9,0,274.427,0,0,17,253,0,33,0
30-06 09:43:40,44.439,27.712,25.964,0.250,0,5121872,130008,168408,2562364,16356.510,12456.872,4581.700,1301.211,67.907,68.905,7271,7722,1.920,1.510,0.870,3,0,484.334,0,0,17,253,0,34,0
30-06 09:43:41,57.318,22.276,20.274,0,0,5078596,173240,168408,2562380,8066.562,1621.923,512.608,700.831,4.005,16.019,6197,7385,1.920,1.510,0.870,4,0,221.262,0,0,17,253,0,34,0
30-06 09:43:42,75.909,17.229,6.492,0,0,5185732,120140,168416,2510596,14370.776,9673.406,807.033,2812.629,23.971,236.716,6070,5593,1.920,1.510,0.870,6,0,157.811,0,0,18,262,0,33,0
30-06 09:43:43,79.342,14.267,5.006,0.751,0,5246488,141036,168428,2432308,7766.038,4402.123,3608.199,4837.630,168.196,252.294,7012,7916,2.090,1.550,0.890,5,0,19.022,0,0,18,261,0,34,0
30-06 09:43:44,70.253,17.251,12.000,0.750,0,5314332,121392,168468,2385504,10626.413,7375.287,888.035,1208.047,30.001,86.003,6977,7748,2.090,1.550,0.890,6,0,208.008,0,0,18,266,0,35,0
30-06 09:43:45,37.379,8.971,52.082,0.249,0,5299340,159568,168468,2363124,15457.043,8139.693,625.977,657.874,11.961,53.826,4042,3417,2.090,1.550,0.890,2,0,29.903,0,0,18,270,0,36,0
30-06 09:43:46,38.376,9.782,50.917,0,0,5360612,124072,168468,2338140,1318173.240,20706.051,818.691,321.055,9.030,19.063,4498,3433,2.090,1.550,0.890,3,0,9.030,0,0,18,274,0,34,0
30-06 09:43:47,47.485,18.244,32.990,1.000,0,5289616,181944,168472,2351640,15260013.679,138220.145,2803.131,17634.532,30.990,1368.576,11910,7546,2.090,1.550,0.890,3,0,268.917,0,0,18,272,0,35,0
30-06 09:43:48,52.276,9.708,37.091,0,0,5384764,132108,168472,2307448,7143.412,3868.435,513.800,338.550,4.979,41.821,3995,2762,2.080,1.560,0.900,2,0,5.974,0,0,18,277,0,35,0
30-06 09:43:49,36.795,7.759,53.315,0.250,0,5418772,135896,168472,2271032,21163.828,17866.805,412.503,672.821,19.023,76.093,6420,14733,2.080,1.560,0.900,3,0,38.046,0,0,18,283,0,39,0
30-06 09:43:50,24.229,5.245,68.191,0.250,0,5372408,181904,168472,2271388,411579.322,16382104.520,319.721,395.655,16.985,36.968,4353,2517,2.080,1.560,0.900,1,0,5.995,0,0,18,282,0,36,0
30-06 09:43:51,36.472,4.466,55.825,0.248,0,5401472,151552,168480,2272668,8459034.356,91387.258,0,9043.153,0,59.547,13003,8041,2.080,1.560,0.900,2,0,0.992,0,0,18,288,0,36,0
30-06 09:43:52,24.181,17.380,56.675,0.756,0,5234604,303504,168480,2287552,8629641.083,201775.917,64.483,17450.847,4.030,85.642,16074,10638,2.080,1.560,0.900,2,0,214.609,0,0,18,284,0,40,0
30-06 09:43:53,13.750,15.001,69.002,0.500,0,5265480,272592,168480,2287596,5520.184,1620.054,16.001,5208.174,2.000,113.004,4794,4180,1.990,1.550,0.900,1,0,289.010,0,0,18,284,0,40,0
30-06 09:43:54,23.591,3.514,72.279,0,0,5301720,236344,168480,2287604,4776.458,1463.656,0,425.645,0,38.147,2493,2219,1.990,1.550,0.900,1,0,14.054,0,0,18,284,0,38,0
30-06 09:43:55,7.982,19.457,70.096,0,0,5304256,233772,168484,2287636,5448.015,1616.444,3.991,271.403,0.998,17.960,5538,4056,1.990,1.550,0.900,2,0,308.322,0,0,18,284,0,38,0
30-06 09:43:56,8.269,20.798,68.910,0.251,0,5287616,250364,168484,2287684,5549.877,1665.865,12.028,2213.135,1.002,72.167,5259,3835,1.990,1.550,0.900,1,0,266.619,0,0,18,284,0,38,0
30-06 09:43:57,2.737,5.722,89.813,0.249,0,5277856,260104,168484,2287704,5570.873,1450.935,15.922,2225.165,0.995,331.386,2321,2195,1.990,1.550,0.900,0,0,80.607,0,0,18,284,0,38,0
30-06 09:43:58,18.769,4.004,76.076,0.501,0,5331016,206936,168484,2287712,5165.170,1621.623,0,12664.676,0,40.040,2261,1978,1.910,1.540,0.900,1,0,11.011,0,0,18,288,0,37,0
30-06 09:43:59,18.980,1.998,77.919,0,0,5353600,184336,168484,2287728,13079.388,9382.236,0,51.946,0,2.997,2062,1675,1.910,1.540,0.900,1,0,0,0,0,18,290,0,37,0
30-06 09:44:00,15.543,12.535,71.196,0,0,5332208,205492,168488,2287960,6327.463,2627.251,72.199,0,6.017,0,4348,3118,1.910,1.540,0.900,2,0,156.432,0,0,18,292,0,38,0
30-06 09:44:01,10.988,15.982,69.672,0,0,5329160,208148,168488,2288320,5650.650,1618.181,15.982,271.695,0.999,17.980,4812,3548,1.910,1.540,0.900,1,0,147.834,0,0,18,292,0,38,0
30-06 09:44:02,15.522,16.273,66.844,0,0,5286732,250520,168488,2288392,5587.831,1622.274,0,396.556,0,41.058,5048,3808,1.910,1.540,0.900,1,0,176.247,0,0,18,296,0,36,0
30-06 09:44:03,14.970,12.974,70.358,0,0,5313060,224144,168488,2288440,5209.465,1616.731,3.992,119.758,0.998,7.984,3798,2757,1.840,1.530,0.900,1,0,122.752,0,0,18,296,0,36,0
30-06 09:44:04,22.750,4.750,71.001,0.500,0,5370132,167068,168488,2288444,5058.105,1500.031,0,340.007,0,32.001,2355,2025,1.840,1.530,0.900,1,0,7.000,0,0,18,296,0,36,0
30-06 09:44:05,23.243,3.999,71.727,0.250,0,5408260,149752,168488,2268372,5698.184,1619.484,387.876,219.930,10.996,24.992,2390,2083,1.840,1.530,0.900,1,0,3.999,0,0,18,300,0,36,0
30-06 09:44:06,24.090,2.760,72.522,0,0,5334012,224140,168488,2268360,6039.670,1626.104,0,437.643,0,27.102,2198,1700,1.840,1.530,0.900,1,0,6.023,0,0,18,296,0,35,0
30-06 09:44:07,22.415,3.487,72.476,0.249,0,5377540,180556,168488,2268416,5140.593,1613.907,23.910,179.323,3.985,21.917,2177,1920,1.840,1.530,0.900,2,0,0,0,0,18,296,0,35,0
30-06 09:44:08,17.748,4.500,76.993,0,0,5397708,160384,168488,2268420,12991.834,8885.203,0,203.982,0,13.999,2323,2091,1.770,1.520,0.900,0,0,3.000,0,0,18,298,1,36,0
30-06 09:44:09,17.502,1.500,79.509,0,0,5401928,156116,168488,2268468,16976.837,13302.439,0,212.023,0,20.002,2449,2299,1.770,1.520,0.900,1,0,1.000,0,0,18,296,0,37,0
30-06 09:44:10,22.255,5.251,71.517,0.500,0,5342128,215912,168488,2268472,4861.168,1620.389,0,144.035,0,19.005,2284,1757,1.770,1.520,0.900,1,0,15.004,0,0,18,296,0,37,0
30-06 09:44:11,24.737,2.749,71.712,0.750,0,5358380,199532,168488,2268600,5072.287,1457.221,15.991,2834.484,0.999,145.922,2274,2078,1.770,1.520,0.900,1,0,0,0,0,18,296,0,37,0
30-06 09:44:12,9.002,19.504,69.266,0,0.250,5326264,231576,168496,2268664,5401.224,1620.367,392.089,232.053,5.001,3.001,5135,3693,1.770,1.520,0.900,1,0,264.060,0,0,18,296,0,37,0
30-06 09:44:13,10.024,20.298,68.914,0,0,5333324,224296,168500,2268880,5023.970,1515.611,104.248,96.229,6.014,4.010,5253,3899,1.710,1.510,0.900,1,0,303.724,0,0,18,296,0,37,0
30-06 09:44:14,21.960,4.991,70.871,0,0,5365672,191792,168648,2268888,4477.863,1563.159,115.790,399.274,3.993,23.956,2773,2416,1.710,1.510,0.900,1,0,51.906,0,0,18,296,0,37,0
30-06 09:44:15,19.223,2.497,77.392,0.250,0,5314416,236520,169344,2274584,11937.365,4864.222,119.833,1030.564,3.994,24.965,1957,1564,1.710,1.510,0.900,2,0,1.997,0,0,18,296,0,37,0
30-06 09:44:16,22.849,6.528,69.552,0,0,5349712,199516,169428,2276172,5217.683,1506.549,0,4.017,0,1.004,9691,17959,1.710,1.510,0.900,1,0,13.057,0,0,18,296,0,37,0
30-06 09:44:17,18.756,4.251,75.024,0.250,0,5328748,219952,169460,2276668,12088.814,4628.460,176.056,800.252,11.003,13.004,5869,10003,1.710,1.510,0.900,3,0,7.002,0,0,18,297,0,37,0
30-06 09:44:18,20.922,6.725,70.986,0,0,5310160,238484,169504,2276680,5617.079,1452.590,0,2869.313,0,406.486,5439,8234,1.740,1.520,0.910,1,0,14.944,0,0,18,297,0,37,0
30-06 09:44:19,12.531,15.538,69.921,0.501,0,5277664,276852,169592,2270736,6548.027,1798.402,4.010,1006.463,1.002,36.088,4802,3696,1.740,1.520,0.910,3,0,253.621,0,0,18,296,0,37,0
30-06 09:44:20,22.456,4.491,72.108,0,0.250,5348440,206064,169592,2270748,5650.882,1548.952,0,0,0,0,2160,1655,1.740,1.520,0.910,1,0,15.969,0,0,18,296,0,37,0
30-06 09:44:21,18.741,1.749,78.460,0.250,0,5362436,191820,169592,2270996,15397.196,10411.723,47.976,435.779,1.999,28.985,2198,2002,1.740,1.520,0.910,1,0,0,0,0,18,300,0,38,0
30-06 09:44:22,17.822,9.538,71.288,0,0,5369200,185012,169592,2271040,6638.784,3277.222,28.113,188.762,2.008,17.069,3424,2738,1.740,1.520,0.910,1,0,116.470,0,0,18,296,0,40,0
30-06 09:44:23,23.940,3.242,71.321,0.249,0,5390200,163860,169596,2271196,7495.156,7182.941,0,1540.128,0,112.717,2833,2682,1.680,1.510,0.910,0,0,2.992,0,0,18,301,0,40,0
30-06 09:44:24,22.335,6.949,68.743,0,0,5336944,217064,169596,2271248,11255.920,4628.834,31.766,270.007,1.985,28.788,3393,3025,1.680,1.510,0.910,1,0,71.472,0,0,18,300,0,41,0
30-06 09:44:25,23.643,3.521,71.433,0,0,5382808,171188,169596,2271260,5093.847,2083.618,0,285.730,0,25.152,2416,2158,1.680,1.510,0.910,0,0,1.006,0,0,18,301,0,41,0
30-06 09:44:26,17.781,3.757,77.134,0.250,0,5312448,241528,169596,2271280,17956.084,14123.449,0,120.208,0,9.016,2554,2109,1.680,1.510,0.910,1,0,35.061,0,0,18,300,0,42,0
30-06 09:44:27,22.200,4.240,72.587,0,0.249,5387292,166684,169596,2271280,5098.536,1616.365,0,131.704,0,7.982,2136,1642,1.680,1.510,0.910,1,0,21.951,0,0,18,300,0,40,0
30-06 09:44:28,18.984,2.498,77.685,0,0,5374108,179848,169596,2271300,15612.998,11831.147,0,179.850,0,11.990,2276,1977,1.620,1.500,0.910,2,0,3.997,0,0,18,300,0,43,0
30-06 09:44:29,21.531,5.007,71.855,0,0,5371336,182600,169596,2271320,4806.998,1622.362,12.017,172.251,1.001,5.007,2243,1680,1.620,1.500,0.910,1,0,28.041,0,0,18,300,0,43,0
30-06 09:44:30,14.526,3.256,82.650,0.250,0,5366424,187500,169596,2271332,14258.809,10827.598,0,84.152,0,9.016,1951,1815,1.620,1.500,0.910,1,0,0,0,0,18,301,0,43,0
30-06 09:44:31,18.462,6.237,73.347,0.249,0,5310268,243612,169596,2271376,5779.954,2493.803,31.933,327.318,0.998,33.929,3054,2960,1.620,1.500,0.910,1,0,46.902,0,0,18,300,0,38,0
30-06 09:44:32,19.254,2.000,77.015,0.250,0,5350056,203820,169596,2271380,9901.882,6362.209,0,188.036,0,16.003,1987,1689,1.620,1.500,0.910,2,0,0,0,0,18,301,0,38,0
30-06 09:44:33,20.004,6.001,73.516,0,0,5265816,288048,169596,2271392,9322.034,6129.337,0,456.100,0,26.006,2643,2121,1.570,1.490,0.910,1,0,32.007,0,0,18,300,0,41,0
30-06 09:44:34,23.730,2.748,71.439,0.500,0,5335520,218256,169596,2271480,6541.455,3487.044,79.932,319.729,4.996,35.970,2388,2168,1.570,1.490,0.910,2,0,0,0,0,18,301,0,41,0
30-06 09:44:35,14.513,2.252,81.574,0.250,0,5335504,218256,169596,2271496,15018.657,10608.647,0,340.309,0,36.033,2491,2569,1.570,1.490,0.910,1,0,0,0,0,18,300,0,37,0
30-06 09:44:36,9.236,11.232,76.131,1.747,0,5312640,239908,170136,2272168,9709.809,3913.877,1122.244,283.556,250.608,17.972,4011,3445,1.570,1.490,0.910,0,0,180.717,0,0,18,302,0,37,0
30-06 09:44:37,3.265,4.270,91.429,0.251,0,5302832,249660,170136,2272224,15472.533,3179.907,0,397.865,0,31.146,1928,2058,1.570,1.490,0.910,1,0,66.311,0,0,18,300,0,38,0
30-06 09:44:38,5.000,5.250,88.494,0.250,0,5291948,260536,170136,2272232,11106.223,4918.656,0,391.973,0,20.999,2228,2218,1.450,1.470,0.900,2,0,68.995,0,0,18,300,0,39,0
30-06 09:44:39,13.197,13.944,70.963,0,0,5317036,235148,170136,2272532,4848.417,1225.052,235.051,2262.860,13.944,379.467,4473,3525,1.450,1.470,0.900,2,0,200.191,0,0,18,300,0,32,0
30-06 09:44:40,22.747,3.999,72.741,0,0,5309320,232064,170228,2283208,6063.216,1403.819,11.998,15.998,2.000,3.999,2138,1665,1.450,1.470,0.900,1,0,3.000,0,0,18,300,0,32,0
30-06 09:44:41,14.766,2.252,81.337,0.250,0,5283620,253780,170328,2286996,17880.203,6267.731,8.009,1853.991,2.002,56.060,2062,2083,1.450,1.470,0.900,1,0,18.019,0,0,18,300,0,32,0
30-06 09:44:42,13.297,13.799,70.752,1.004,0,5259860,274412,170336,2290052,7235.818,1625.801,1316.698,3159.273,21.075,99.355,5206,4628,1.450,1.470,0.900,1,0,244.874,0,0,18,300,0,32,0
30-06 09:44:43,20.248,6.999,71.992,0,0,5313020,221244,170336,2290060,5131.416,1511.828,0,151.983,0,9.999,2595,2137,1.410,1.460,0.910,1,0,56.994,0,0,18,300,0,30,0
30-06 09:44:44,19.430,1.993,76.723,0,0,5337156,197092,170336,2290076,28717.152,25095.249,0,581.896,0,35.870,2352,2262,1.410,1.460,0.910,1,0,0,0,0,18,300,0,32,0
30-06 09:44:45,22.218,5.242,70.897,0.499,0,5305380,228848,170336,2290096,5152.495,1659.583,0,243.645,0,31.953,2812,2263,1.410,1.460,0.910,3,0,46.932,0,0,18,300,0,32,0
30-06 09:44:46,18.763,2.752,78.056,0.250,0,5335932,198144,170336,2290248,13031.302,9150.532,16.011,4.003,1.001,1.001,2121,1811,1.410,1.460,0.910,1,0,1.001,0,0,18,301,0,33,0
30-06 09:44:47,22.257,4.001,72.272,0,0,5304216,229396,170336,2290712,6401.906,2896.863,464.138,0,27.008,0,2341,1774,1.410,1.460,0.910,2,0,14.004,0,0,18,300,0,31,0
30-06 09:44:48,17.747,2.500,79.236,0,0,5335672,197936,170336,2290716,10384.160,7933.594,0,0,0,0,1803,1420,1.380,1.450,0.910,0,0,0,0,0,18,301,0,31,0
30-06 09:44:49,29.503,7.251,60.006,1.250,0,5340708,190404,170336,2293196,6618.695,3178.334,2352.247,3308.347,98.010,202.021,6517,15451,1.380,1.450,0.910,1,0,42.004,0,0,18,300,0,33,0
30-06 09:44:50,22.516,4.253,72.301,0,0,5403120,127992,170336,2293196,4803.372,1621.138,0,324.228,0,18.013,2044,1490,1.380,1.450,0.910,1,0,0,0,0,18,300,0,33,0
30-06 09:44:51,16.489,2.998,78.696,0.749,0,5395900,135088,170336,2293320,14793.818,11276.239,79.945,2342.388,2.998,161.889,3300,4006,1.380,1.450,0.910,2,0,0,0,0,18,301,0,28,0
30-06 09:44:52,18.334,12.558,68.063,0.753,0,5353324,177540,170336,2293444,6542.056,2750.637,80.369,819.766,4.018,84.388,5392,5877,1.380,1.450,0.910,1,1,174.803,0,0,18,300,0,29,0
30-06 09:44:53,8.250,22.749,66.747,0,0,5348108,182736,170336,2293464,4915.810,1565.940,0,363.986,0,27.999,5761,4414,1.350,1.440,0.910,1,0,381.985,0,0,18,300,0,29,0
30-06 09:44:54,8.481,23.697,64.355,0.748,0,5338664,192144,170344,2293504,5387.876,1616.363,3.991,4577.699,0.998,290.347,6361,5658,1.350,1.440,0.910,1,0,390.122,0,0,18,300,0,29,0
30-06 09:44:55,8.486,22.213,67.636,0.250,0,5328560,202228,170344,2293524,5183.251,1509.452,0,291.508,0,21.963,5570,4035,1.350,1.440,0.910,2,0,351.407,0,0,18,300,0,29,0
30-06 09:44:56,8.250,23.000,66.251,0,0,5332136,198636,170344,2293540,6003.050,1566.013,0,1340.011,0,67.001,5724,4320,1.350,1.440,0.910,1,0,358.003,0,0,18,300,0,25,0
30-06 09:44:57,8.268,23.552,66.898,0,0,5327900,202852,170344,2293560,5564.327,1515.357,0,224.497,0,21.047,5759,4298,1.350,1.440,0.910,1,0,363.806,0,0,18,300,0,25,0
30-06 09:44:58,7.501,23.255,66.263,0,0,5316092,214636,170344,2293584,5387.067,1566.310,0,108.021,0,14.003,5836,4436,1.320,1.440,0.910,2,0,387.077,0,0,18,300,0,25,0
30-06 09:44:59,8.754,22.260,66.281,0.500,0,5312408,218172,170344,2293732,4954.305,1512.704,0,568.264,0,35.016,5958,4641,1.320,1.440,0.910,2,0,378.176,0,0,18,300,0,25,0
30-06 09:45:00,8.737,21.968,67.152,0,0,5300756,229800,170344,2293756,4779.004,1563.711,0,299.561,0,11.982,5526,4056,1.320,1.440,0.910,1,0,346.493,0,0,18,300,0,24,0
30-06 09:45:01,9.235,22.463,65.892,0,0,5298436,232076,170344,2293800,6009.171,1617.355,15.974,327.464,0.998,23.961,5803,4418,1.320,1.440,0.910,2,0,356.417,0,0,18,300,0,24,0
30-06 09:45:02,9.003,21.758,68.025,0,0,5298288,232184,170344,2293840,5179.886,1458.531,20.007,396.144,2.001,24.009,5388,3941,1.320,1.440,0.910,1,0,305.111,0,0,18,300,0,24,0
30-06 09:45:03,15.720,10.979,71.364,0.499,0,5282988,355220,170752,2197232,5629.240,1616.909,71.863,2247.704,17.966,359.313,3201,2442,1.290,1.430,0.910,1,0,85.836,0,0,18,300,0,24,0
30-06 09:45:04,24.269,4.754,69.555,0,0,5315032,316416,171132,2203612,5496.343,1513.196,12.009,3514.777,2.002,37.029,2756,2355,1.290,1.430,0.910,1,0,23.018,0,0,18,300,0,24,0
30-06 09:45:05,16.754,2.000,80.018,1.000,0,5331456,298776,171236,2204716,21490.752,10381.295,740.164,1276.282,45.010,37.008,1910,1589,1.290,1.430,0.910,1,0,0,0,0,18,301,0,24,0
30-06 09:45:06,11.256,1.251,85.046,0.750,0,5330208,299100,171376,2205492,23560.731,13023.037,368.199,1632.882,46.025,56.030,1702,1686,1.290,1.430,0.910,1,0,1.001,0,0,18,301,0,24,0
30-06 09:45:07,16.993,1.499,79.466,1.249,0,5352628,274908,171516,2207116,24231.771,13798.176,1319.443,1671.295,74.968,59.975,2022,1850,1.290,1.430,0.910,0,1,0,0,0,18,301,0,24,0
30-06 09:45:08,18.480,1.748,78.166,0.749,0,5348120,277748,171648,2208652,21956.316,12369.657,1194.711,1566.310,60.934,56.939,2112,1929,1.190,1.400,0.900,1,0,0,0,0,18,301,0,24,0
30-06 09:45:09,20.512,3.502,73.294,1.251,0,5352544,238948,171820,2242800,12446.432,6311.769,12443.430,1140.681,138.082,43.026,2498,2214,1.190,1.400,0.900,1,0,1.001,0,0,18,301,0,24,0
30-06 09:45:10,22.498,3.000,72.495,0.750,0,5358124,219052,172740,2255864,4885.656,1619.886,0,2263.841,0,140.990,2313,1991,1.190,1.400,0.900,2,1,0,0,0,18,301,0,24,0
30-06 09:45:11,24.258,2.251,71.775,0.750,0,5352200,207976,173172,2272132,5144.788,1620.563,0,1600.556,0,65.023,2458,2381,1.190,1.400,0.900,2,0,0,0,0,18,301,0,24,0
30-06 09:45:12,22.258,3.501,72.277,1.000,0,5349648,185560,174152,2295784,4947.834,1620.601,0,2837.052,0,138.051,2585,2513,1.190,1.400,0.900,2,0,0,0,0,18,301,0,22,0
30-06 09:45:13,23.258,3.001,71.525,1.250,0,5346308,161840,175148,2321564,4893.711,1512.529,0,2500.875,0,85.030,2506,2392,1.170,1.400,0.910,2,0,0,0,0,18,301,0,22,0
30-06 09:45:14,24.847,2.510,71.530,0.502,0,5260736,254940,175856,2313048,5644.115,1801.057,0,3666.365,0,101.397,2692,2666,1.170,1.400,0.910,2,0,3.012,0,0,18,300,0,22,0
30-06 09:45:15,19.917,3.734,74.439,0.249,0.249,5323208,192444,175856,2313064,9515.190,2826.176,0,13734.537,0,109.542,2487,2021,1.170,1.400,0.910,1,0,33.858,0,0,18,301,0,22,0
30-06 09:45:16,22.753,3.250,73.511,0.250,0,5321800,187432,175956,2319316,7739.135,2965.435,0,1632.239,0,34.005,2408,2049,1.170,1.400,0.910,2,0,5.001,0,0,18,300,0,22,0
30-06 09:45:17,23.006,6.252,69.517,0.250,0,5340000,168028,175984,2320472,5017.218,1296.315,0,1768.429,0,18.004,10496,19398,1.170,1.400,0.910,3,0,13.003,0,0,18,300,0,22,0
30-06 09:45:18,21.245,6.998,69.483,0,0,5340360,167524,176020,2320564,5432.677,1175.714,0,175.957,0,2.000,9925,18218,1.160,1.390,0.910,2,0,18.995,0,0,18,300,0,22,0
30-06 09:45:19,21.763,5.003,72.045,0.250,0,5318460,196876,176020,2313176,6169.814,1566.969,0,340.210,0,17.011,2874,2422,1.160,1.390,0.910,1,0,49.030,0,0,18,300,0,22,0
30-06 09:45:20,23.248,5.999,69.243,0,0,5318636,196680,176020,2313196,5915.425,1647.840,0,547.947,0,116.989,8551,16052,1.160,1.390,0.910,1,0,25.997,0,0,18,300,0,22,0
30-06 09:45:21,18.241,2.999,77.462,0.250,0,5343176,167196,176020,2318124,12664.763,4720.675,15.992,1667.179,1.000,26.987,2176,1905,1.160,1.390,0.910,1,0,17.991,0,0,18,300,0,22,0
30-06 09:45:22,23.555,5.764,68.661,0,0,5361008,147552,176020,2319884,4903.534,1515.565,0,757.782,0,28.066,9448,17342,1.160,1.390,0.910,2,0,7.017,0,0,18,300,0,22,0
30-06 09:45:23,22.528,6.758,68.586,0.250,0,5360032,147808,176020,2320604,4745.928,1622.026,0,604.755,0,26.033,10271,17875,1.150,1.380,0.910,1,0,19.024,0,0,18,300,0,22,0
30-06 09:45:24,21.155,5.973,71.180,0.249,0,5307332,207896,176056,2313212,4760.591,1574.917,0,760.580,0,43.803,2591,2384,1.150,1.380,0.910,1,0,8.960,0,0,18,300,0,18,0
30-06 09:45:25,24.780,3.755,70.335,0.250,0,5327352,188004,176056,2313244,5152.227,1567.895,0,8442.203,0,205.248,2533,1933,1.150,1.380,0.910,2,0,22.027,0,0,18,300,0,18,0
30-06 09:45:26,22.808,9.775,65.666,0.251,0,5368844,146504,176056,2313252,5041.725,1515.826,0,449.134,0,20.051,10033,17545,1.150,1.380,0.910,1,0,104.263,0,0,18,300,0,18,0
30-06 09:45:27,23.436,4.239,71.307,0,0,5345500,169824,176056,2313276,9409.476,2830.323,0,67.816,0,4.986,2570,2090,1.150,1.380,0.910,2,0,36.900,0,0,18,301,0,20,0
30-06 09:45:28,29.013,6.503,62.528,0.250,0,5372284,136764,176056,2319536,8376.712,3398.506,256.113,1112.493,2.001,31.014,3028,2373,1.210,1.390,0.910,3,0,9.004,0,0,18,300,0,16,0
30-06 09:45:29,39.142,12.796,46.669,0,0,5374328,153628,176072,2300716,5299.230,1625.900,513.865,88.320,4.015,1.004,11524,18958,1.210,1.390,0.910,2,0,19.069,0,0,18,300,0,16,0
30-06 09:45:30,22.990,8.247,66.972,0,0,5353528,174276,176112,2300812,5517.664,1619.315,255.892,907.616,1.999,13.994,9784,17357,1.210,1.390,0.910,1,0,19.992,0,0,18,300,0,16,0
30-06 09:45:31,21.911,4.731,71.460,0.249,0,5331884,202276,176112,2294456,5524.553,1613.444,278.867,2426.142,4.980,245.005,2475,2087,1.210,1.390,0.910,1,0,5.976,0,0,18,300,0,16,0
30-06 09:45:32,22.786,4.507,69.609,0.751,0,5341260,190824,176112,2296532,4987.782,1622.532,388.606,2820.401,9.014,136.213,4212,5231,1.210,1.390,0.910,1,0,0,0,0,18,302,0,16,0
30-06 09:45:33,25.467,5.243,65.414,2.497,0,5320812,210156,176112,2297648,4973.473,1617.877,782.972,6395.606,40.946,528.307,7600,11563,1.520,1.450,0.940,3,0,0,0,0,18,302,0,17,0
30-06 09:45:34,9.041,21.597,67.805,0,0,5310284,220664,176116,2297664,4942.201,1627.310,0,425.913,0,32.144,5770,4649,1.520,1.450,0.940,1,0,343.543,0,0,18,302,0,17,0
30-06 09:45:35,12.221,11.223,69.583,5.487,0,5297744,226356,176124,2304508,4714.718,1562.262,6775.787,11823.708,873.909,129.690,4481,4608,1.520,1.450,0.940,1,0,105.747,0,0,18,302,0,19,0
30-06 09:45:36,7.233,2.993,72.083,14.716,0,5290784,196620,176128,2341196,5079.261,1508.513,36475.697,2430.383,2616.952,78.818,4526,7036,1.520,1.450,0.940,1,0,0.998,0,0,18,302,0,19,0
30-06 09:45:37,3.998,1.999,92.960,0.250,0,5285464,202048,176140,2341076,9324.020,3234.619,11.995,839.642,2.999,30.987,1460,1911,1.520,1.450,0.940,1,0,5.997,0,0,18,303,0,15,0
30-06 09:45:38,3.001,1.000,95.021,0.250,0,5272128,215144,176140,2341316,91447.171,3544.782,92.020,232.051,1.000,18.004,1247,1807,1.400,1.430,0.930,0,0,2.000,0,0,18,303,0,15,0
30-06 09:45:39,5.250,2.250,90.994,0.250,0,5253176,232540,176256,2342756,205021.864,128741.751,723.954,799.949,30.998,12.999,1809,1939,1.400,1.430,0.930,0,0,9.999,0,0,18,302,0,15,0
30-06 09:45:40,1.003,1.254,97.023,0,0,5247972,237780,176256,2342708,6077.125,1624.578,0,15126.627,0,118.333,1257,1580,1.400,1.430,0.930,0,0,0,0,0,18,302,0,15,0
30-06 09:45:41,1.245,0.249,97.083,0,0,5244592,241160,176256,2342708,7186.127,1613.070,0,0,0,0,837,1161,1.400,1.430,0.930,0,0,0,0,0,18,302,0,13,0
30-06 09:45:42,0.997,1.246,96.917,0,0,5242464,243288,176256,2342708,5698.396,1453.001,0,2886.071,0,343.817,996,1377,1.400,1.430,0.930,0,0,0,0,0,18,302,0,13,0
30-06 09:45:43,3.266,0.754,95.717,0.754,0,5237164,248572,176256,2342724,5064.709,1627.942,0,261.275,0,34.167,1388,1983,1.280,1.410,0.920,0,0,0,0,0,18,302,0,13,0
30-06 09:45:44,1.501,0.750,96.291,0,0,5237164,248572,176256,2342724,4459.910,1458.625,0,488.209,0,40.017,1180,1777,1.280,1.410,0.920,1,0,0,0,0,18,302,0,13,0
30-06 09:45:45,1.250,3.249,93.975,0,0,5235668,250036,176260,2342732,4678.741,1619.564,0,77247.208,0,387.896,1795,2069,1.280,1.410,0.920,0,0,0,0,0,18,302,0,11,0
30-06 09:45:46,1.250,0.750,97.256,0,0,5234740,250964,176260,2342732,5159.330,1512.097,0,4.000,0,1.000,915,1261,1.280,1.410,0.920,1,0,1.000,0,0,18,302,0,11,0
30-06 09:45:47,2.005,0.501,95.723,0.251,0,5234592,251112,176260,2342732,5228.206,1569.665,0,1447.379,0,31.073,1204,1685,1.280,1.410,0.920,0,1,0,0,0,18,302,0,11,0
30-06 09:45:48,1.746,0.998,95.767,0.249,0,5234648,251052,176260,2342736,4848.202,1616.067,0,123.699,0,17.956,1149,1595,1.180,1.380,0.920,0,0,0,0,0,18,302,0,11,0
30-06 09:45:49,7.999,4.250,87.242,0,0,5232540,253156,176264,2342736,4817.550,1457.864,0,239.978,0,28.997,2462,10592,1.180,1.380,0.920,1,0,36.997,0,0,18,302,0,10,0
30-06 09:45:50,1.001,0.750,96.802,0.250,0,5232516,253176,176264,2342740,4502.422,1620.872,0,152.082,0,12.006,948,1281,1.180,1.380,0.920,0,0,0,0,0,18,302,0,10,0
30-06 09:45:51,1.500,0.250,97.749,0,0,5232516,253176,176264,2342740,4946.966,1619.989,0,235.998,0,13.000,850,1244,1.180,1.380,0.920,1,0,0,0,0,18,302,0,10,0
30-06 09:45:52,1.250,0.750,96.745,0.250,0,5232516,253176,176264,2342740,5099.754,1619.922,0,95.995,0,14.999,979,1357,1.180,1.380,0.920,1,0,0,0,0,18,302,0,10,0
30-06 09:45:53,1.750,0.500,96.494,0.250,0,5232492,253176,176264,2342764,5099.661,1619.892,15.999,291.981,1.000,25.998,1291,1942,1.090,1.360,0.910,0,0,0,0,0,18,302,0,7,0
30-06 09:45:54,1.750,0.750,95.734,0,0,5232484,253176,176264,2342772,5159.127,1619.726,0,299.949,0,32.994,1297,2009,1.090,1.360,0.910,0,0,0,0,0,18,302,0,7,0
30-06 09:45:55,1.000,1.000,97.794,0.250,0,5232484,253176,176268,2342768,5162.346,1620.736,0,4718.144,0,169.077,894,1251,1.090,1.360,0.910,1,0,0,0,0,18,302,0,7,0
30-06 09:45:56,1.250,0.500,97.264,0.500,0,5232332,253324,176268,2342772,5477.782,1620.231,0,456.065,0,30.004,1026,1427,1.090,1.360,0.910,0,0,1.000,0,0,18,302,0,7,0
30-06 09:45:57,0.750,1.000,97.461,0,0,5232300,253428,176268,2342772,5175.948,1457.422,0,79.968,0,9.996,933,1320,1.090,1.360,0.910,0,0,0,0,0,18,302,0,7,0
30-06 09:45:58,1.999,0.500,96.199,0,0.250,5232300,253428,176268,2342772,5157.249,1619.136,0,771.588,0,154.917,1156,1595,1,1.340,0.910,0,0,0,0,0,18,302,0,7,0
30-06 09:45:59,0.750,0.500,97.498,0,0,5232296,253428,176268,2342776,5581.873,1619.963,0,0,0,0,861,1252,1,1.340,0.910,1,0,0,0,0,18,302,0,7,0
30-06 09:46:00,1.251,2.251,95.557,0,0,5226176,259548,176268,2342776,5363.225,1458.877,0,0,0,0,1029,1290,1,1.340,0.910,0,0,0,0,0,18,302,0,7,0
30-06 09:46:01,1.250,0.500,97.230,0,0,5226364,259360,176268,2342776,5855.798,1619.668,0,0,0,0,895,1233,1,1.340,0.910,0,0,0,0,0,18,302,0,7,0
30-06 09:46:02,1.750,0.500,97.018,0,0,5226364,259360,176268,2342776,5549.029,1458.270,0,240.045,0,8.001,957,1326,1,1.340,0.910,0,0,0,0,0,18,302,0,7,0
30-06 09:46:03,1.500,1.000,96.484,0,0,5226340,259360,176268,2342800,5579.073,1619.731,15.997,103.983,1.000,11.998,1183,1671,0.920,1.310,0.900,0,0,0,0,0,18,302,0,7,0
30-06 09:46:04,2.251,1.500,95.274,0.250,0,5226340,259360,176268,2342800,5599.407,1500.377,0,216.054,0,27.007,1413,1906,0.920,1.310,0.900,0,0,6.002,0,0,18,302,0,7,0
30-06 09:46:05,1.000,0.750,97.211,0,0,5226336,259360,176268,2342804,4798.074,1619.350,0,103.958,0,7.997,970,1315,0.920,1.310,0.900,1,0,0,0,0,18,302,0,7,0
30-06 09:46:06,1.251,1.000,96.539,0.250,0,5226332,259360,176272,2342804,5419.182,1620.653,4.002,3089.244,1.000,40.016,1057,1444,0.920,1.310,0.900,0,0,1.000,0,0,18,302,0,7,0
30-06 09:46:07,0.999,0.750,97.188,0.250,0.250,5226324,259360,176272,2342812,4814.935,1457.072,0,107.931,0,12.992,1050,1479,0.920,1.310,0.900,2,0,0,0,0,18,302,0,7,0
30-06 09:46:08,1.750,0.250,96.738,0,0,5226324,259360,176272,2342812,5279.353,1619.801,0,839.897,0,133.984,1133,1633,0.850,1.290,0.900,0,0,0,0,0,18,302,0,7,0
30-06 09:46:09,2.001,0.750,96.286,0,0,5226288,259360,176272,2342848,4375.647,1176.443,0,92.035,0,13.005,1201,1705,0.850,1.290,0.900,0,0,0,0,0,18,302,0,7,0
30-06 09:46:10,5.498,2.499,91.459,0,0,5222804,262836,176280,2342848,272052.695,1813.192,3.998,7.996,1.000,1.999,1325,1429,0.850,1.290,0.900,1,0,6.997,0,0,18,302,0,7,0
30-06 09:46:11,11.751,5.501,81.008,0.250,0,5246208,239300,176304,2342956,283163.428,8650.807,120.011,2208.206,5.000,23.002,2536,1990,0.850,1.290,0.900,2,0,32.003,0,0,18,302,0,7,0
30-06 09:46:12,15.512,6.505,77.059,0.250,0,5243456,237804,176304,2347204,145663.302,2808.146,80.061,84.064,2.002,5.004,2631,1989,0.850,1.290,0.900,1,0,34.026,0,0,18,302,0,7,0
