Jun 06 18:37:33 jammy-provider-cloud-0000007189 cinder-volume[112092]: DEBUG oslo_service.service [None req-2c2fe875-9d90-4561-b6ad-7ade77866dd1 None None] vault.approle_secret_id        = None {{(pid=112092) log_opt_values /opt/stack/data/venv/lib/python3.10/site-packages/oslo_config/cfg.py:2620}}
Jun 06 18:37:33 jammy-provider-cloud-0000007189 cinder-volume[112092]: DEBUG oslo_service.service [None req-2c2fe875-9d90-4561-b6ad-7ade77866dd1 None None] vault.cafile                   = None {{(pid=112092) log_opt_values /opt/stack/data/venv/lib/python3.10/site-packages/oslo_config/cfg.py:2620}}
Jun 06 18:37:33 jammy-provider-cloud-0000007189 cinder-volume[112092]: DEBUG oslo_service.service [None req-2c2fe875-9d90-4561-b6ad-7ade77866dd1 None None] vault.certfile                 = None {{(pid=112092) log_opt_values /opt/stack/data/venv/lib/python3.10/site-packages/oslo_config/cfg.py:2620}}
Jun 06 18:37:33 jammy-provider-cloud-0000007189 cinder-volume[112092]: DEBUG oslo_service.service [None req-2c2fe875-9d90-4561-b6ad-7ade77866dd1 None None] vault.collect_timing           = False {{(pid=112092) log_opt_values /opt/stack/data/venv/lib/python3.10/site-packages/oslo_config/cfg.py:2620}}
Jun 06 18:37:33 jammy-provider-cloud-0000007189 cinder-volume[112092]: DEBUG oslo_service.service [None req-2c2fe875-9d90-4561-b6ad-7ade77866dd1 None None] vault.insecure                 = False {{(pid=112092) log_opt_values /opt/stack/data/venv/lib/python3.10/site-packages/oslo_config/cfg.py:2620}}
Jun 06 18:37:33 jammy-provider-cloud-0000007189 cinder-volume[112092]: DEBUG oslo_service.service [None req-2c2fe875-9d90-4561-b6ad-7ade77866dd1 None None] vault.keyfile                  = None {{(pid=112092) log_opt_values /opt/stack/data/venv/lib/python3.10/site-packages/oslo_config/cfg.py:2620}}
Jun 06 18:37:33 jammy-provider-cloud-0000007189 cinder-volume[112092]: DEBUG oslo_service.service [None req-2c2fe875-9d90-4561-b6ad-7ade77866dd1 None None] vault.kv_mountpoint            = secret {{(pid=112092) log_opt_values /opt/stack/data/venv/lib/python3.10/site-packages/oslo_config/cfg.py:2620}}
Jun 06 18:37:33 jammy-provider-cloud-0000007189 cinder-volume[112092]: DEBUG oslo_service.service [None req-2c2fe875-9d90-4561-b6ad-7ade77866dd1 None None] vault.kv_path                  = None {{(pid=112092) log_opt_values /opt/stack/data/venv/lib/python3.10/site-packages/oslo_config/cfg.py:2620}}
Jun 06 18:37:33 jammy-provider-cloud-0000007189 cinder-volume[112092]: DEBUG oslo_service.service [None req-2c2fe875-9d90-4561-b6ad-7ade77866dd1 None None] vault.kv_version               = 2 {{(pid=112092) log_opt_values /opt/stack/data/venv/lib/python3.10/site-packages/oslo_config/cfg.py:2620}}
Jun 06 18:37:33 jammy-provider-cloud-0000007189 cinder-volume[112092]: DEBUG oslo_service.service [None req-2c2fe875-9d90-4561-b6ad-7ade77866dd1 None None] vault.namespace                = None {{(pid=112092) log_opt_values /opt/stack/data/venv/lib/python3.10/site-packages/oslo_config/cfg.py:2620}}
Jun 06 18:37:33 jammy-provider-cloud-0000007189 cinder-volume[112092]: DEBUG oslo_service.service [None req-2c2fe875-9d90-4561-b6ad-7ade77866dd1 None None] vault.root_token_id            = None {{(pid=112092) log_opt_values /opt/stack/data/venv/lib/python3.10/site-packages/oslo_config/cfg.py:2620}}
Jun 06 18:37:33 jammy-provider-cloud-0000007189 cinder-volume[112092]: DEBUG oslo_service.service [None req-2c2fe875-9d90-4561-b6ad-7ade77866dd1 None None] vault.split_loggers            = False {{(pid=112092) log_opt_values /opt/stack/data/venv/lib/python3.10/site-packages/oslo_config/cfg.py:2620}}
Jun 06 18:37:33 jammy-provider-cloud-0000007189 cinder-volume[112092]: DEBUG oslo_service.service [None req-2c2fe875-9d90-4561-b6ad-7ade77866dd1 None None] vault.ssl_ca_crt_file          = None {{(pid=112092) log_opt_values /opt/stack/data/venv/lib/python3.10/site-packages/oslo_config/cfg.py:2620}}
Jun 06 18:37:33 jammy-provider-cloud-0000007189 cinder-volume[112092]: DEBUG oslo_service.service [None req-2c2fe875-9d90-4561-b6ad-7ade77866dd1 None None] vault.timeout                  = None {{(pid=112092) log_opt_values /opt/stack/data/venv/lib/python3.10/site-packages/oslo_config/cfg.py:2620}}
Jun 06 18:37:33 jammy-provider-cloud-0000007189 cinder-volume[112092]: DEBUG oslo_service.service [None req-2c2fe875-9d90-4561-b6ad-7ade77866dd1 None None] vault.use_ssl                  = False {{(pid=112092) log_opt_values /opt/stack/data/venv/lib/python3.10/site-packages/oslo_config/cfg.py:2620}}
Jun 06 18:37:33 jammy-provider-cloud-0000007189 cinder-volume[112092]: DEBUG oslo_service.service [None req-2c2fe875-9d90-4561-b6ad-7ade77866dd1 None None] vault.vault_url                = http://127.0.0.1:8200 {{(pid=112092) log_opt_values /opt/stack/data/venv/lib/python3.10/site-packages/oslo_config/cfg.py:2620}}
Jun 06 18:37:33 jammy-provider-cloud-0000007189 cinder-volume[112092]: DEBUG oslo_service.service [None req-2c2fe875-9d90-4561-b6ad-7ade77866dd1 None None] fc-zone-manager.enable_unsupported_driver = False {{(pid=112092) log_opt_values /opt/stack/data/venv/lib/python3.10/site-packages/oslo_config/cfg.py:2620}}
Jun 06 18:37:33 jammy-provider-cloud-0000007189 cinder-volume[112092]: DEBUG oslo_service.service [None req-2c2fe875-9d90-4561-b6ad-7ade77866dd1 None None] fc-zone-manager.fc_fabric_names = None {{(pid=112092) log_opt_values /opt/stack/data/venv/lib/python3.10/site-packages/oslo_config/cfg.py:2620}}
Jun 06 18:37:33 jammy-provider-cloud-0000007189 cinder-volume[112092]: DEBUG oslo_service.service [None req-2c2fe875-9d90-4561-b6ad-7ade77866dd1 None None] fc-zone-manager.fc_san_lookup_service = cinder.zonemanager.drivers.brocade.brcd_fc_san_lookup_service.BrcdFCSanLookupService {{(pid=112092) log_opt_values /opt/stack/data/venv/lib/python3.10/site-packages/oslo_config/cfg.py:2620}}
Jun 06 18:37:33 jammy-provider-cloud-0000007189 cinder-volume[112092]: DEBUG oslo_service.service [None req-2c2fe875-9d90-4561-b6ad-7ade77866dd1 None None] fc-zone-manager.zone_driver    = cinder.zonemanager.drivers.brocade.brcd_fc_zone_driver.BrcdFCZoneDriver {{(pid=112092) log_opt_values /opt/stack/data/venv/lib/python3.10/site-packages/oslo_config/cfg.py:2620}}
Jun 06 18:37:33 jammy-provider-cloud-0000007189 cinder-volume[112092]: DEBUG oslo_service.service [None req-2c2fe875-9d90-4561-b6ad-7ade77866dd1 None None] fc-zone-manager.zoning_policy  = initiator-target {{(pid=112092) log_opt_values /opt/stack/data/venv/lib/python3.10/site-packages/oslo_config/cfg.py:2620}}
Jun 06 18:37:33 jammy-provider-cloud-0000007189 cinder-volume[112092]: DEBUG oslo_service.service [None req-2c2fe875-9d90-4561-b6ad-7ade77866dd1 None None] arcusfc2.backend_availability_zone = None {{(pid=112092) log_opt_values /opt/stack/data/venv/lib/python3.10/site-packages/oslo_config/cfg.py:2620}}
Jun 06 18:37:33 jammy-provider-cloud-0000007189 cinder-volume[112092]: DEBUG oslo_service.service [None req-2c2fe875-9d90-4561-b6ad-7ade77866dd1 None None] arcusfc2.backend_host          = None {{(pid=112092) log_opt_values /opt/stack/data/venv/lib/python3.10/site-packages/oslo_config/cfg.py:2620}}
Jun 06 18:37:33 jammy-provider-cloud-0000007189 cinder-volume[112092]: DEBUG oslo_service.service [None req-2c2fe875-9d90-4561-b6ad-7ade77866dd1 None None] arcusfc2.backend_native_threads_pool_size = None {{(pid=112092) log_opt_values /opt/stack/data/venv/lib/python3.10/site-packages/oslo_config/cfg.py:2620}}
Jun 06 18:37:33 jammy-provider-cloud-0000007189 cinder-volume[112092]: DEBUG oslo_service.service [None req-2c2fe875-9d90-4561-b6ad-7ade77866dd1 None None] arcusfc2.backup_use_temp_snapshot = None {{(pid=112092) log_opt_values /opt/stack/data/venv/lib/python3.10/site-packages/oslo_config/cfg.py:2620}}
Jun 06 18:37:33 jammy-provider-cloud-0000007189 cinder-volume[112092]: DEBUG oslo_service.service [None req-2c2fe875-9d90-4561-b6ad-7ade77866dd1 None None] arcusfc2.chap_password         = **** {{(pid=112092) log_opt_values /opt/stack/data/venv/lib/python3.10/site-packages/oslo_config/cfg.py:2620}}
Jun 06 18:37:33 jammy-provider-cloud-0000007189 cinder-volume[112092]: DEBUG oslo_service.service [None req-2c2fe875-9d90-4561-b6ad-7ade77866dd1 None None] arcusfc2.chap_username         = None {{(pid=112092) log_opt_values /opt/stack/data/venv/lib/python3.10/site-packages/oslo_config/cfg.py:2620}}
Jun 06 18:37:33 jammy-provider-cloud-0000007189 cinder-volume[112092]: DEBUG oslo_service.service [None req-2c2fe875-9d90-4561-b6ad-7ade77866dd1 None None] arcusfc2.chiscsi_conf          = None {{(pid=112092) log_opt_values /opt/stack/data/venv/lib/python3.10/site-packages/oslo_config/cfg.py:2620}}
Jun 06 18:37:33 jammy-provider-cloud-0000007189 cinder-volume[112092]: DEBUG oslo_service.service [None req-2c2fe875-9d90-4561-b6ad-7ade77866dd1 None None] arcusfc2.driver_client_cert    = None {{(pid=112092) log_opt_values /opt/stack/data/venv/lib/python3.10/site-packages/oslo_config/cfg.py:2620}}
Jun 06 18:37:33 jammy-provider-cloud-0000007189 cinder-volume[112092]: DEBUG oslo_service.service [None req-2c2fe875-9d90-4561-b6ad-7ade77866dd1 None None] arcusfc2.driver_client_cert_key = None {{(pid=112092) log_opt_values /opt/stack/data/venv/lib/python3.10/site-packages/oslo_config/cfg.py:2620}}
Jun 06 18:37:33 jammy-provider-cloud-0000007189 cinder-volume[112092]: DEBUG oslo_service.service [None req-2c2fe875-9d90-4561-b6ad-7ade77866dd1 None None] arcusfc2.driver_data_namespace = None {{(pid=112092) log_opt_values /opt/stack/data/venv/lib/python3.10/site-packages/oslo_config/cfg.py:2620}}
Jun 06 18:37:33 jammy-provider-cloud-0000007189 cinder-volume[112092]: DEBUG oslo_service.service [None req-2c2fe875-9d90-4561-b6ad-7ade77866dd1 None None] arcusfc2.driver_ssl_cert_path  = None {{(pid=112092) log_opt_values /opt/stack/data/venv/lib/python3.10/site-packages/oslo_config/cfg.py:2620}}
Jun 06 18:37:33 jammy-provider-cloud-0000007189 cinder-volume[112092]: DEBUG oslo_service.service [None req-2c2fe875-9d90-4561-b6ad-7ade77866dd1 None None] arcusfc2.driver_ssl_cert_verify = None {{(pid=112092) log_opt_values /opt/stack/data/venv/lib/python3.10/site-packages/oslo_config/cfg.py:2620}}
Jun 06 18:37:33 jammy-provider-cloud-0000007189 cinder-volume[112092]: DEBUG oslo_service.service [None req-2c2fe875-9d90-4561-b6ad-7ade77866dd1 None None] arcusfc2.driver_use_ssl        = None {{(pid=112092) log_opt_values /opt/stack/data/venv/lib/python3.10/site-packages/oslo_config/cfg.py:2620}}
Jun 06 18:37:33 jammy-provider-cloud-0000007189 cinder-volume[112092]: DEBUG oslo_service.service [None req-2c2fe875-9d90-4561-b6ad-7ade77866dd1 None None] arcusfc2.enable_unsupported_driver = None {{(pid=112092) log_opt_values /opt/stack/data/venv/lib/python3.10/site-packages/oslo_config/cfg.py:2620}}
Jun 06 18:37:33 jammy-provider-cloud-0000007189 cinder-volume[112092]: DEBUG oslo_service.service [None req-2c2fe875-9d90-4561-b6ad-7ade77866dd1 None None] arcusfc2.enforce_multipath_for_image_xfer = None {{(pid=112092) log_opt_values /opt/stack/data/venv/lib/python3.10/site-packages/oslo_config/cfg.py:2620}}
Jun 06 18:37:33 jammy-provider-cloud-0000007189 cinder-volume[112092]: DEBUG oslo_service.service [None req-2c2fe875-9d90-4561-b6ad-7ade77866dd1 None None] arcusfc2.extra_capabilities    = None {{(pid=112092) log_opt_values /opt/stack/data/venv/lib/python3.10/site-packages/oslo_config/cfg.py:2620}}
Jun 06 18:37:33 jammy-provider-cloud-0000007189 cinder-volume[112100]: WARNING py.warnings [None req-f44262f7-db2c-4e3a-bc5c-abf1a7c0a89c None None] /opt/stack/data/venv/lib/python3.10/site-packages/urllib3/connectionpool.py:1061: InsecureRequestWarning: Unverified HTTPS request is being made to host '10.201.5.12'. Adding certificate verification is strongly advised. See: https://urllib3.readthedocs.io/en/1.26.x/advanced-usage.html#ssl-warnings
Jun 06 18:37:33 jammy-provider-cloud-0000007189 cinder-volume[112100]:   warnings.warn(
Jun 06 18:37:33 jammy-provider-cloud-0000007189 cinder-volume[112100]: 
Jun 06 18:37:33 jammy-provider-cloud-0000007189 cinder-volume[112092]: DEBUG oslo_service.service [None req-2c2fe875-9d90-4561-b6ad-7ade77866dd1 None None] arcusfc2.filter_function       = None {{(pid=112092) log_opt_values /opt/stack/data/venv/lib/python3.10/site-packages/oslo_config/cfg.py:2620}}
Jun 06 18:37:33 jammy-provider-cloud-0000007189 cinder-volume[112092]: DEBUG oslo_service.service [None req-2c2fe875-9d90-4561-b6ad-7ade77866dd1 None None] arcusfc2.goodness_function     = None {{(pid=112092) log_opt_values /opt/stack/data/venv/lib/python3.10/site-packages/oslo_config/cfg.py:2620}}
Jun 06 18:37:33 jammy-provider-cloud-0000007189 cinder-volume[112092]: DEBUG oslo_service.service [None req-2c2fe875-9d90-4561-b6ad-7ade77866dd1 None None] arcusfc2.hpe3par_api_url       = https://10.201.5.12/api/v1 {{(pid=112092) log_opt_values /opt/stack/data/venv/lib/python3.10/site-packages/oslo_config/cfg.py:2620}}
Jun 06 18:37:33 jammy-provider-cloud-0000007189 cinder-volume[112092]: DEBUG oslo_service.service [None req-2c2fe875-9d90-4561-b6ad-7ade77866dd1 None None] arcusfc2.hpe3par_cpg           = ['SSD_r6'] {{(pid=112092) log_opt_values /opt/stack/data/venv/lib/python3.10/site-packages/oslo_config/cfg.py:2620}}
Jun 06 18:37:33 jammy-provider-cloud-0000007189 cinder-volume[112092]: DEBUG oslo_service.service [None req-2c2fe875-9d90-4561-b6ad-7ade77866dd1 None None] arcusfc2.hpe3par_cpg_snap      = None {{(pid=112092) log_opt_values /opt/stack/data/venv/lib/python3.10/site-packages/oslo_config/cfg.py:2620}}
Jun 06 18:37:33 jammy-provider-cloud-0000007189 cinder-volume[112092]: DEBUG oslo_service.service [None req-2c2fe875-9d90-4561-b6ad-7ade77866dd1 None None] arcusfc2.hpe3par_debug         = None {{(pid=112092) log_opt_values /opt/stack/data/venv/lib/python3.10/site-packages/oslo_config/cfg.py:2620}}
Jun 06 18:37:33 jammy-provider-cloud-0000007189 cinder-volume[112092]: DEBUG oslo_service.service [None req-2c2fe875-9d90-4561-b6ad-7ade77866dd1 None None] arcusfc2.hpe3par_iscsi_chap_enabled = None {{(pid=112092) log_opt_values /opt/stack/data/venv/lib/python3.10/site-packages/oslo_config/cfg.py:2620}}
Jun 06 18:37:33 jammy-provider-cloud-0000007189 cinder-volume[112092]: DEBUG oslo_service.service [None req-2c2fe875-9d90-4561-b6ad-7ade77866dd1 None None] arcusfc2.hpe3par_iscsi_ips     = None {{(pid=112092) log_opt_values /opt/stack/data/venv/lib/python3.10/site-packages/oslo_config/cfg.py:2620}}
Jun 06 18:37:33 jammy-provider-cloud-0000007189 cinder-volume[112092]: DEBUG oslo_service.service [None req-2c2fe875-9d90-4561-b6ad-7ade77866dd1 None None] arcusfc2.hpe3par_password      = **** {{(pid=112092) log_opt_values /opt/stack/data/venv/lib/python3.10/site-packages/oslo_config/cfg.py:2620}}
Jun 06 18:37:33 jammy-provider-cloud-0000007189 cinder-volume[112092]: DEBUG oslo_service.service [None req-2c2fe875-9d90-4561-b6ad-7ade77866dd1 None None] arcusfc2.hpe3par_snapshot_expiration = None {{(pid=112092) log_opt_values /opt/stack/data/venv/lib/python3.10/site-packages/oslo_config/cfg.py:2620}}
Jun 06 18:37:33 jammy-provider-cloud-0000007189 cinder-volume[112092]: DEBUG oslo_service.service [None req-2c2fe875-9d90-4561-b6ad-7ade77866dd1 None None] arcusfc2.hpe3par_snapshot_retention = None {{(pid=112092) log_opt_values /opt/stack/data/venv/lib/python3.10/site-packages/oslo_config/cfg.py:2620}}
Jun 06 18:37:33 jammy-provider-cloud-0000007189 cinder-volume[112092]: DEBUG oslo_service.service [None req-2c2fe875-9d90-4561-b6ad-7ade77866dd1 None None] arcusfc2.hpe3par_target_nsp    = None {{(pid=112092) log_opt_values /opt/stack/data/venv/lib/python3.10/site-packages/oslo_config/cfg.py:2620}}
Jun 06 18:37:33 jammy-provider-cloud-0000007189 cinder-volume[112092]: DEBUG oslo_service.service [None req-2c2fe875-9d90-4561-b6ad-7ade77866dd1 None None] arcusfc2.hpe3par_username      = 3paradm {{(pid=112092) log_opt_values /opt/stack/data/venv/lib/python3.10/site-packages/oslo_config/cfg.py:2620}}
Jun 06 18:37:33 jammy-provider-cloud-0000007189 cinder-volume[112092]: DEBUG oslo_service.service [None req-2c2fe875-9d90-4561-b6ad-7ade77866dd1 None None] arcusfc2.iet_conf              = None {{(pid=112092) log_opt_values /opt/stack/data/venv/lib/python3.10/site-packages/oslo_config/cfg.py:2620}}
Jun 06 18:37:33 jammy-provider-cloud-0000007189 cinder-volume[112092]: DEBUG oslo_service.service [None req-2c2fe875-9d90-4561-b6ad-7ade77866dd1 None None] arcusfc2.image_upload_use_cinder_backend = None {{(pid=112092) log_opt_values /opt/stack/data/venv/lib/python3.10/site-packages/oslo_config/cfg.py:2620}}
Jun 06 18:37:33 jammy-provider-cloud-0000007189 cinder-volume[112092]: DEBUG oslo_service.service [None req-2c2fe875-9d90-4561-b6ad-7ade77866dd1 None None] arcusfc2.image_upload_use_internal_tenant = None {{(pid=112092) log_opt_values /opt/stack/data/venv/lib/python3.10/site-packages/oslo_config/cfg.py:2620}}
Jun 06 18:37:33 jammy-provider-cloud-0000007189 cinder-volume[112092]: DEBUG oslo_service.service [None req-2c2fe875-9d90-4561-b6ad-7ade77866dd1 None None] arcusfc2.image_volume_cache_enabled = None {{(pid=112092) log_opt_values /opt/stack/data/venv/lib/python3.10/site-packages/oslo_config/cfg.py:2620}}
Jun 06 18:37:33 jammy-provider-cloud-0000007189 cinder-volume[112092]: DEBUG oslo_service.service [None req-2c2fe875-9d90-4561-b6ad-7ade77866dd1 None None] arcusfc2.image_volume_cache_max_count = None {{(pid=112092) log_opt_values /opt/stack/data/venv/lib/python3.10/site-packages/oslo_config/cfg.py:2620}}
Jun 06 18:37:33 jammy-provider-cloud-0000007189 cinder-volume[112092]: DEBUG oslo_service.service [None req-2c2fe875-9d90-4561-b6ad-7ade77866dd1 None None] arcusfc2.image_volume_cache_max_size_gb = None {{(pid=112092) log_opt_values /opt/stack/data/venv/lib/python3.10/site-packages/oslo_config/cfg.py:2620}}
Jun 06 18:37:33 jammy-provider-cloud-0000007189 cinder-volume[112092]: DEBUG oslo_service.service [None req-2c2fe875-9d90-4561-b6ad-7ade77866dd1 None None] arcusfc2.iscsi_iotype          = None {{(pid=112092) log_opt_values /opt/stack/data/venv/lib/python3.10/site-packages/oslo_config/cfg.py:2620}}
Jun 06 18:37:33 jammy-provider-cloud-0000007189 cinder-volume[112092]: DEBUG oslo_service.service [None req-2c2fe875-9d90-4561-b6ad-7ade77866dd1 None None] arcusfc2.iscsi_target_flags    = None {{(pid=112092) log_opt_values /opt/stack/data/venv/lib/python3.10/site-packages/oslo_config/cfg.py:2620}}
Jun 06 18:37:33 jammy-provider-cloud-0000007189 cinder-volume[112092]: DEBUG oslo_service.service [None req-2c2fe875-9d90-4561-b6ad-7ade77866dd1 None None] arcusfc2.iscsi_write_cache     = None {{(pid=112092) log_opt_values /opt/stack/data/venv/lib/python3.10/site-packages/oslo_config/cfg.py:2620}}
Jun 06 18:37:33 jammy-provider-cloud-0000007189 cinder-volume[112092]: DEBUG oslo_service.service [None req-2c2fe875-9d90-4561-b6ad-7ade77866dd1 None None] arcusfc2.iser_helper           = None {{(pid=112092) log_opt_values /opt/stack/data/venv/lib/python3.10/site-packages/oslo_config/cfg.py:2620}}
Jun 06 18:37:33 jammy-provider-cloud-0000007189 cinder-volume[112092]: DEBUG oslo_service.service [None req-2c2fe875-9d90-4561-b6ad-7ade77866dd1 None None] arcusfc2.iser_ip_address       = None {{(pid=112092) log_opt_values /opt/stack/data/venv/lib/python3.10/site-packages/oslo_config/cfg.py:2620}}
Jun 06 18:37:33 jammy-provider-cloud-0000007189 cinder-volume[112092]: DEBUG oslo_service.service [None req-2c2fe875-9d90-4561-b6ad-7ade77866dd1 None None] arcusfc2.iser_port             = None {{(pid=112092) log_opt_values /opt/stack/data/venv/lib/python3.10/site-packages/oslo_config/cfg.py:2620}}
Jun 06 18:37:33 jammy-provider-cloud-0000007189 cinder-volume[112092]: DEBUG oslo_service.service [None req-2c2fe875-9d90-4561-b6ad-7ade77866dd1 None None] arcusfc2.iser_target_prefix    = None {{(pid=112092) log_opt_values /opt/stack/data/venv/lib/python3.10/site-packages/oslo_config/cfg.py:2620}}
Jun 06 18:37:33 jammy-provider-cloud-0000007189 cinder-volume[112092]: DEBUG oslo_service.service [None req-2c2fe875-9d90-4561-b6ad-7ade77866dd1 None None] arcusfc2.max_over_subscription_ratio = None {{(pid=112092) log_opt_values /opt/stack/data/venv/lib/python3.10/site-packages/oslo_config/cfg.py:2620}}
Jun 06 18:37:33 jammy-provider-cloud-0000007189 cinder-volume[112092]: DEBUG oslo_service.service [None req-2c2fe875-9d90-4561-b6ad-7ade77866dd1 None None] arcusfc2.num_iser_scan_tries   = None {{(pid=112092) log_opt_values /opt/stack/data/venv/lib/python3.10/site-packages/oslo_config/cfg.py:2620}}
Jun 06 18:37:33 jammy-provider-cloud-0000007189 cinder-volume[112092]: DEBUG oslo_service.service [None req-2c2fe875-9d90-4561-b6ad-7ade77866dd1 None None] arcusfc2.num_shell_tries       = None {{(pid=112092) log_opt_values /opt/stack/data/venv/lib/python3.10/site-packages/oslo_config/cfg.py:2620}}
Jun 06 18:37:33 jammy-provider-cloud-0000007189 cinder-volume[112092]: DEBUG oslo_service.service [None req-2c2fe875-9d90-4561-b6ad-7ade77866dd1 None None] arcusfc2.num_volume_device_scan_tries = None {{(pid=112092) log_opt_values /opt/stack/data/venv/lib/python3.10/site-packages/oslo_config/cfg.py:2620}}
Jun 06 18:37:33 jammy-provider-cloud-0000007189 cinder-volume[112100]: INFO cinder.volume.drivers.hpe.hpe_3par_common [None req-f44262f7-db2c-4e3a-bc5c-abf1a7c0a89c None None] HPE3PARCommon 4.0.22,hpe3parclient 4.2.13
Jun 06 18:37:33 jammy-provider-cloud-0000007189 cinder-volume[112092]: DEBUG oslo_service.service [None req-2c2fe875-9d90-4561-b6ad-7ade77866dd1 None None] arcusfc2.nvmeof_conn_info_version = None {{(pid=112092) log_opt_values /opt/stack/data/venv/lib/python3.10/site-packages/oslo_config/cfg.py:2620}}
Jun 06 18:37:33 jammy-provider-cloud-0000007189 cinder-volume[112100]: DEBUG cinder.volume.drivers.hpe.hpe_3par_common [None req-f44262f7-db2c-4e3a-bc5c-abf1a7c0a89c None None] Connecting to 3PAR {{(pid=112100) client_login /opt/stack/cinder/cinder/volume/drivers/hpe/hpe_3par_common.py:425}}
Jun 06 18:37:33 jammy-provider-cloud-0000007189 cinder-volume[112092]: DEBUG oslo_service.service [None req-2c2fe875-9d90-4561-b6ad-7ade77866dd1 None None] arcusfc2.nvmet_ns_id           = None {{(pid=112092) log_opt_values /opt/stack/data/venv/lib/python3.10/site-packages/oslo_config/cfg.py:2620}}
Jun 06 18:37:33 jammy-provider-cloud-0000007189 cinder-volume[112092]: DEBUG oslo_service.service [None req-2c2fe875-9d90-4561-b6ad-7ade77866dd1 None None] arcusfc2.nvmet_port_id         = None {{(pid=112092) log_opt_values /opt/stack/data/venv/lib/python3.10/site-packages/oslo_config/cfg.py:2620}}
Jun 06 18:37:33 jammy-provider-cloud-0000007189 cinder-volume[112092]: DEBUG oslo_service.service [None req-2c2fe875-9d90-4561-b6ad-7ade77866dd1 None None] arcusfc2.replication_device    = **** {{(pid=112092) log_opt_values /opt/stack/data/venv/lib/python3.10/site-packages/oslo_config/cfg.py:2620}}
Jun 06 18:37:33 jammy-provider-cloud-0000007189 cinder-volume[112092]: DEBUG oslo_service.service [None req-2c2fe875-9d90-4561-b6ad-7ade77866dd1 None None] arcusfc2.report_discard_supported = None {{(pid=112092) log_opt_values /opt/stack/data/venv/lib/python3.10/site-packages/oslo_config/cfg.py:2620}}
Jun 06 18:37:33 jammy-provider-cloud-0000007189 cinder-volume[112092]: DEBUG oslo_service.service [None req-2c2fe875-9d90-4561-b6ad-7ade77866dd1 None None] arcusfc2.reserved_percentage   = None {{(pid=112092) log_opt_values /opt/stack/data/venv/lib/python3.10/site-packages/oslo_config/cfg.py:2620}}
Jun 06 18:37:33 jammy-provider-cloud-0000007189 cinder-volume[112092]: DEBUG oslo_service.service [None req-2c2fe875-9d90-4561-b6ad-7ade77866dd1 None None] arcusfc2.san_api_port          = None {{(pid=112092) log_opt_values /opt/stack/data/venv/lib/python3.10/site-packages/oslo_config/cfg.py:2620}}
Jun 06 18:37:33 jammy-provider-cloud-0000007189 cinder-volume[112092]: DEBUG oslo_service.service [None req-2c2fe875-9d90-4561-b6ad-7ade77866dd1 None None] arcusfc2.san_clustername       = None {{(pid=112092) log_opt_values /opt/stack/data/venv/lib/python3.10/site-packages/oslo_config/cfg.py:2620}}
Jun 06 18:37:33 jammy-provider-cloud-0000007189 cinder-volume[112092]: DEBUG oslo_service.service [None req-2c2fe875-9d90-4561-b6ad-7ade77866dd1 None None] arcusfc2.san_ip                = 10.201.5.12 {{(pid=112092) log_opt_values /opt/stack/data/venv/lib/python3.10/site-packages/oslo_config/cfg.py:2620}}
Jun 06 18:37:33 jammy-provider-cloud-0000007189 cinder-volume[112092]: DEBUG oslo_service.service [None req-2c2fe875-9d90-4561-b6ad-7ade77866dd1 None None] arcusfc2.san_is_local          = None {{(pid=112092) log_opt_values /opt/stack/data/venv/lib/python3.10/site-packages/oslo_config/cfg.py:2620}}
Jun 06 18:37:33 jammy-provider-cloud-0000007189 cinder-volume[112092]: DEBUG oslo_service.service [None req-2c2fe875-9d90-4561-b6ad-7ade77866dd1 None None] arcusfc2.san_login             = 3paradm {{(pid=112092) log_opt_values /opt/stack/data/venv/lib/python3.10/site-packages/oslo_config/cfg.py:2620}}
Jun 06 18:37:33 jammy-provider-cloud-0000007189 cinder-volume[112092]: DEBUG oslo_service.service [None req-2c2fe875-9d90-4561-b6ad-7ade77866dd1 None None] arcusfc2.san_password          = **** {{(pid=112092) log_opt_values /opt/stack/data/venv/lib/python3.10/site-packages/oslo_config/cfg.py:2620}}
Jun 06 18:37:33 jammy-provider-cloud-0000007189 cinder-volume[112092]: DEBUG oslo_service.service [None req-2c2fe875-9d90-4561-b6ad-7ade77866dd1 None None] arcusfc2.san_private_key       = None {{(pid=112092) log_opt_values /opt/stack/data/venv/lib/python3.10/site-packages/oslo_config/cfg.py:2620}}
Jun 06 18:37:33 jammy-provider-cloud-0000007189 cinder-volume[112092]: DEBUG oslo_service.service [None req-2c2fe875-9d90-4561-b6ad-7ade77866dd1 None None] arcusfc2.san_ssh_port          = None {{(pid=112092) log_opt_values /opt/stack/data/venv/lib/python3.10/site-packages/oslo_config/cfg.py:2620}}
Jun 06 18:37:33 jammy-provider-cloud-0000007189 cinder-volume[112092]: DEBUG oslo_service.service [None req-2c2fe875-9d90-4561-b6ad-7ade77866dd1 None None] arcusfc2.san_thin_provision    = None {{(pid=112092) log_opt_values /opt/stack/data/venv/lib/python3.10/site-packages/oslo_config/cfg.py:2620}}
Jun 06 18:37:33 jammy-provider-cloud-0000007189 cinder-volume[112092]: DEBUG oslo_service.service [None req-2c2fe875-9d90-4561-b6ad-7ade77866dd1 None None] arcusfc2.scst_target_driver    = None {{(pid=112092) log_opt_values /opt/stack/data/venv/lib/python3.10/site-packages/oslo_config/cfg.py:2620}}
Jun 06 18:37:33 jammy-provider-cloud-0000007189 cinder-volume[112092]: DEBUG oslo_service.service [None req-2c2fe875-9d90-4561-b6ad-7ade77866dd1 None None] arcusfc2.scst_target_iqn_name  = None {{(pid=112092) log_opt_values /opt/stack/data/venv/lib/python3.10/site-packages/oslo_config/cfg.py:2620}}
Jun 06 18:37:33 jammy-provider-cloud-0000007189 cinder-volume[112092]: DEBUG oslo_service.service [None req-2c2fe875-9d90-4561-b6ad-7ade77866dd1 None None] arcusfc2.ssh_conn_timeout      = 45 {{(pid=112092) log_opt_values /opt/stack/data/venv/lib/python3.10/site-packages/oslo_config/cfg.py:2620}}
Jun 06 18:37:33 jammy-provider-cloud-0000007189 cinder-volume[112092]: DEBUG oslo_service.service [None req-2c2fe875-9d90-4561-b6ad-7ade77866dd1 None None] arcusfc2.ssh_max_pool_conn     = None {{(pid=112092) log_opt_values /opt/stack/data/venv/lib/python3.10/site-packages/oslo_config/cfg.py:2620}}
Jun 06 18:37:33 jammy-provider-cloud-0000007189 cinder-volume[112092]: DEBUG oslo_service.service [None req-2c2fe875-9d90-4561-b6ad-7ade77866dd1 None None] arcusfc2.ssh_min_pool_conn     = None {{(pid=112092) log_opt_values /opt/stack/data/venv/lib/python3.10/site-packages/oslo_config/cfg.py:2620}}
Jun 06 18:37:33 jammy-provider-cloud-0000007189 cinder-volume[112092]: DEBUG oslo_service.service [None req-2c2fe875-9d90-4561-b6ad-7ade77866dd1 None None] arcusfc2.storage_protocol      = None {{(pid=112092) log_opt_values /opt/stack/data/venv/lib/python3.10/site-packages/oslo_config/cfg.py:2620}}
Jun 06 18:37:33 jammy-provider-cloud-0000007189 cinder-volume[112092]: DEBUG oslo_service.service [None req-2c2fe875-9d90-4561-b6ad-7ade77866dd1 None None] arcusfc2.suppress_requests_ssl_warnings = None {{(pid=112092) log_opt_values /opt/stack/data/venv/lib/python3.10/site-packages/oslo_config/cfg.py:2620}}
Jun 06 18:37:33 jammy-provider-cloud-0000007189 cinder-volume[112092]: DEBUG oslo_service.service [None req-2c2fe875-9d90-4561-b6ad-7ade77866dd1 None None] arcusfc2.target_helper         = None {{(pid=112092) log_opt_values /opt/stack/data/venv/lib/python3.10/site-packages/oslo_config/cfg.py:2620}}
Jun 06 18:37:33 jammy-provider-cloud-0000007189 cinder-volume[112092]: DEBUG oslo_service.service [None req-2c2fe875-9d90-4561-b6ad-7ade77866dd1 None None] arcusfc2.target_ip_address     = None {{(pid=112092) log_opt_values /opt/stack/data/venv/lib/python3.10/site-packages/oslo_config/cfg.py:2620}}
Jun 06 18:37:33 jammy-provider-cloud-0000007189 cinder-volume[112092]: DEBUG oslo_service.service [None req-2c2fe875-9d90-4561-b6ad-7ade77866dd1 None None] arcusfc2.target_port           = None {{(pid=112092) log_opt_values /opt/stack/data/venv/lib/python3.10/site-packages/oslo_config/cfg.py:2620}}
Jun 06 18:37:33 jammy-provider-cloud-0000007189 cinder-volume[112092]: DEBUG oslo_service.service [None req-2c2fe875-9d90-4561-b6ad-7ade77866dd1 None None] arcusfc2.target_prefix         = None {{(pid=112092) log_opt_values /opt/stack/data/venv/lib/python3.10/site-packages/oslo_config/cfg.py:2620}}
Jun 06 18:37:33 jammy-provider-cloud-0000007189 cinder-volume[112092]: DEBUG oslo_service.service [None req-2c2fe875-9d90-4561-b6ad-7ade77866dd1 None None] arcusfc2.target_protocol       = None {{(pid=112092) log_opt_values /opt/stack/data/venv/lib/python3.10/site-packages/oslo_config/cfg.py:2620}}
Jun 06 18:37:33 jammy-provider-cloud-0000007189 cinder-volume[112092]: DEBUG oslo_service.service [None req-2c2fe875-9d90-4561-b6ad-7ade77866dd1 None None] arcusfc2.target_secondary_ip_addresses = None {{(pid=112092) log_opt_values /opt/stack/data/venv/lib/python3.10/site-packages/oslo_config/cfg.py:2620}}
Jun 06 18:37:33 jammy-provider-cloud-0000007189 cinder-volume[112092]: DEBUG oslo_service.service [None req-2c2fe875-9d90-4561-b6ad-7ade77866dd1 None None] arcusfc2.trace_flags           = None {{(pid=112092) log_opt_values /opt/stack/data/venv/lib/python3.10/site-packages/oslo_config/cfg.py:2620}}
Jun 06 18:37:33 jammy-provider-cloud-0000007189 cinder-volume[112092]: DEBUG oslo_service.service [None req-2c2fe875-9d90-4561-b6ad-7ade77866dd1 None None] arcusfc2.unique_fqdn_network   = None {{(pid=112092) log_opt_values /opt/stack/data/venv/lib/python3.10/site-packages/oslo_config/cfg.py:2620}}
Jun 06 18:37:33 jammy-provider-cloud-0000007189 cinder-volume[112092]: DEBUG oslo_service.service [None req-2c2fe875-9d90-4561-b6ad-7ade77866dd1 None None] arcusfc2.use_chap_auth         = None {{(pid=112092) log_opt_values /opt/stack/data/venv/lib/python3.10/site-packages/oslo_config/cfg.py:2620}}
Jun 06 18:37:33 jammy-provider-cloud-0000007189 cinder-volume[112092]: DEBUG oslo_service.service [None req-2c2fe875-9d90-4561-b6ad-7ade77866dd1 None None] arcusfc2.use_multipath_for_image_xfer = None {{(pid=112092) log_opt_values /opt/stack/data/venv/lib/python3.10/site-packages/oslo_config/cfg.py:2620}}
Jun 06 18:37:33 jammy-provider-cloud-0000007189 cinder-volume[112092]: DEBUG oslo_service.service [None req-2c2fe875-9d90-4561-b6ad-7ade77866dd1 None None] arcusfc2.volume_backend_name   = arcusfc2 {{(pid=112092) log_opt_values /opt/stack/data/venv/lib/python3.10/site-packages/oslo_config/cfg.py:2620}}
Jun 06 18:37:33 jammy-provider-cloud-0000007189 cinder-volume[112092]: DEBUG oslo_service.service [None req-2c2fe875-9d90-4561-b6ad-7ade77866dd1 None None] arcusfc2.volume_clear          = None {{(pid=112092) log_opt_values /opt/stack/data/venv/lib/python3.10/site-packages/oslo_config/cfg.py:2620}}
Jun 06 18:37:33 jammy-provider-cloud-0000007189 cinder-volume[112092]: DEBUG oslo_service.service [None req-2c2fe875-9d90-4561-b6ad-7ade77866dd1 None None] arcusfc2.volume_clear_ionice   = None {{(pid=112092) log_opt_values /opt/stack/data/venv/lib/python3.10/site-packages/oslo_config/cfg.py:2620}}
Jun 06 18:37:33 jammy-provider-cloud-0000007189 cinder-volume[112092]: DEBUG oslo_service.service [None req-2c2fe875-9d90-4561-b6ad-7ade77866dd1 None None] arcusfc2.volume_clear_size     = None {{(pid=112092) log_opt_values /opt/stack/data/venv/lib/python3.10/site-packages/oslo_config/cfg.py:2620}}
Jun 06 18:37:33 jammy-provider-cloud-0000007189 cinder-volume[112092]: DEBUG oslo_service.service [None req-2c2fe875-9d90-4561-b6ad-7ade77866dd1 None None] arcusfc2.volume_copy_blkio_cgroup_name = None {{(pid=112092) log_opt_values /opt/stack/data/venv/lib/python3.10/site-packages/oslo_config/cfg.py:2620}}
Jun 06 18:37:33 jammy-provider-cloud-0000007189 cinder-volume[112092]: DEBUG oslo_service.service [None req-2c2fe875-9d90-4561-b6ad-7ade77866dd1 None None] arcusfc2.volume_copy_bps_limit = None {{(pid=112092) log_opt_values /opt/stack/data/venv/lib/python3.10/site-packages/oslo_config/cfg.py:2620}}
Jun 06 18:37:33 jammy-provider-cloud-0000007189 cinder-volume[112092]: DEBUG oslo_service.service [None req-2c2fe875-9d90-4561-b6ad-7ade77866dd1 None None] arcusfc2.volume_dd_blocksize   = None {{(pid=112092) log_opt_values /opt/stack/data/venv/lib/python3.10/site-packages/oslo_config/cfg.py:2620}}
Jun 06 18:37:33 jammy-provider-cloud-0000007189 cinder-volume[112092]: DEBUG oslo_service.service [None req-2c2fe875-9d90-4561-b6ad-7ade77866dd1 None None] arcusfc2.volume_driver         = cinder.volume.drivers.hpe.hpe_3par_fc.HPE3PARFCDriver {{(pid=112092) log_opt_values /opt/stack/data/venv/lib/python3.10/site-packages/oslo_config/cfg.py:2620}}
Jun 06 18:37:33 jammy-provider-cloud-0000007189 cinder-volume[112092]: DEBUG oslo_service.service [None req-2c2fe875-9d90-4561-b6ad-7ade77866dd1 None None] arcusfc2.volumes_dir           = None {{(pid=112092) log_opt_values /opt/stack/data/venv/lib/python3.10/site-packages/oslo_config/cfg.py:2620}}
Jun 06 18:37:33 jammy-provider-cloud-0000007189 cinder-volume[112092]: DEBUG oslo_service.service [None req-2c2fe875-9d90-4561-b6ad-7ade77866dd1 None None] ******************************************************************************** {{(pid=112092) log_opt_values /opt/stack/data/venv/lib/python3.10/site-packages/oslo_config/cfg.py:2624}}
Jun 06 18:37:33 jammy-provider-cloud-0000007189 cinder-volume[112100]: WARNING py.warnings [None req-f44262f7-db2c-4e3a-bc5c-abf1a7c0a89c None None] /opt/stack/data/venv/lib/python3.10/site-packages/urllib3/connectionpool.py:1061: InsecureRequestWarning: Unverified HTTPS request is being made to host '10.201.5.12'. Adding certificate verification is strongly advised. See: https://urllib3.readthedocs.io/en/1.26.x/advanced-usage.html#ssl-warnings
Jun 06 18:37:33 jammy-provider-cloud-0000007189 cinder-volume[112100]:   warnings.warn(
Jun 06 18:37:33 jammy-provider-cloud-0000007189 cinder-volume[112100]: 
Jun 06 18:37:33 jammy-provider-cloud-0000007189 cinder-volume[112099]: WARNING py.warnings [None req-edd5c7fa-bb5d-47cc-8d56-638e08a001c0 None None] /opt/stack/data/venv/lib/python3.10/site-packages/urllib3/connectionpool.py:1061: InsecureRequestWarning: Unverified HTTPS request is being made to host '10.201.5.12'. Adding certificate verification is strongly advised. See: https://urllib3.readthedocs.io/en/1.26.x/advanced-usage.html#ssl-warnings
Jun 06 18:37:33 jammy-provider-cloud-0000007189 cinder-volume[112099]:   warnings.warn(
Jun 06 18:37:33 jammy-provider-cloud-0000007189 cinder-volume[112099]: 
Jun 06 18:37:33 jammy-provider-cloud-0000007189 cinder-volume[112100]: WARNING py.warnings [None req-f44262f7-db2c-4e3a-bc5c-abf1a7c0a89c None None] /opt/stack/data/venv/lib/python3.10/site-packages/urllib3/connectionpool.py:1061: InsecureRequestWarning: Unverified HTTPS request is being made to host '10.201.5.12'. Adding certificate verification is strongly advised. See: https://urllib3.readthedocs.io/en/1.26.x/advanced-usage.html#ssl-warnings
Jun 06 18:37:33 jammy-provider-cloud-0000007189 cinder-volume[112100]:   warnings.warn(
Jun 06 18:37:33 jammy-provider-cloud-0000007189 cinder-volume[112100]: 
Jun 06 18:37:33 jammy-provider-cloud-0000007189 cinder-volume[112099]: DEBUG cinder.volume.drivers.hpe.hpe_3par_common [None req-edd5c7fa-bb5d-47cc-8d56-638e08a001c0 None None] Disconnect from 3PAR REST and SSH 68504cad-a7d7-4a92-ad0a-084ff3ea4c4f {{(pid=112099) client_logout /opt/stack/cinder/cinder/volume/drivers/hpe/hpe_3par_common.py:435}}
Jun 06 18:37:33 jammy-provider-cloud-0000007189 cinder-volume[112099]: WARNING py.warnings [None req-edd5c7fa-bb5d-47cc-8d56-638e08a001c0 None None] /opt/stack/data/venv/lib/python3.10/site-packages/urllib3/connectionpool.py:1061: InsecureRequestWarning: Unverified HTTPS request is being made to host '10.201.5.12'. Adding certificate verification is strongly advised. See: https://urllib3.readthedocs.io/en/1.26.x/advanced-usage.html#ssl-warnings
Jun 06 18:37:33 jammy-provider-cloud-0000007189 cinder-volume[112099]:   warnings.warn(
Jun 06 18:37:33 jammy-provider-cloud-0000007189 cinder-volume[112099]: 
Jun 06 18:37:33 jammy-provider-cloud-0000007189 cinder-volume[112100]: DEBUG cinder.volume.drivers.hpe.hpe_3par_common [None req-f44262f7-db2c-4e3a-bc5c-abf1a7c0a89c None None] Disconnect from 3PAR REST and SSH a6386900-240a-4041-9769-2bb8f85096fb {{(pid=112100) client_logout /opt/stack/cinder/cinder/volume/drivers/hpe/hpe_3par_common.py:435}}
Jun 06 18:37:33 jammy-provider-cloud-0000007189 cinder-volume[112099]: DEBUG cinder.volume.drivers.hpe.hpe_3par_common [None req-edd5c7fa-bb5d-47cc-8d56-638e08a001c0 None None] Connecting to 3PAR {{(pid=112099) client_login /opt/stack/cinder/cinder/volume/drivers/hpe/hpe_3par_common.py:425}}
Jun 06 18:37:33 jammy-provider-cloud-0000007189 cinder-volume[102382]: DEBUG cinder.volume.drivers.lvm [None req-0fe27343-ad04-4329-87a4-9238c9e78cc7 None None] Updating volume stats {{(pid=102382) _update_volume_stats /opt/stack/cinder/cinder/volume/drivers/lvm.py:227}}
Jun 06 18:37:33 jammy-provider-cloud-0000007189 cinder-volume[102382]: DEBUG oslo_concurrency.processutils [None req-0fe27343-ad04-4329-87a4-9238c9e78cc7 None None] Running cmd (subprocess): sudo cinder-rootwrap /etc/cinder/rootwrap.conf env LC_ALL=C vgs --noheadings --unit=g -o name,size,free,lv_count,uuid --separator : --nosuffix stack-volumes-lvmdriver-1 {{(pid=102382) execute /opt/stack/data/venv/lib/python3.10/site-packages/oslo_concurrency/processutils.py:390}}
Jun 06 18:37:33 jammy-provider-cloud-0000007189 sudo[112102]:   ubuntu : PWD=/ ; USER=root ; COMMAND=/usr/local/bin/cinder-rootwrap /etc/cinder/rootwrap.conf env LC_ALL=C vgs --noheadings --unit=g -o name,size,free,lv_count,uuid --separator : --nosuffix stack-volumes-lvmdriver-1
Jun 06 18:37:33 jammy-provider-cloud-0000007189 sudo[112102]: pam_unix(sudo:session): session opened for user root(uid=0) by (uid=1000)
Jun 06 18:37:33 jammy-provider-cloud-0000007189 cinder-volume[112100]: WARNING py.warnings [None req-f44262f7-db2c-4e3a-bc5c-abf1a7c0a89c None None] /opt/stack/data/venv/lib/python3.10/site-packages/urllib3/connectionpool.py:1061: InsecureRequestWarning: Unverified HTTPS request is being made to host '10.201.5.12'. Adding certificate verification is strongly advised. See: https://urllib3.readthedocs.io/en/1.26.x/advanced-usage.html#ssl-warnings
Jun 06 18:37:33 jammy-provider-cloud-0000007189 cinder-volume[112100]:   warnings.warn(
Jun 06 18:37:33 jammy-provider-cloud-0000007189 cinder-volume[112100]: 
Jun 06 18:37:33 jammy-provider-cloud-0000007189 cinder-volume[112100]: DEBUG cinder.volume.drivers.hpe.hpe_3par_common [None req-f44262f7-db2c-4e3a-bc5c-abf1a7c0a89c None None] Connecting to 3PAR {{(pid=112100) client_login /opt/stack/cinder/cinder/volume/drivers/hpe/hpe_3par_common.py:425}}
Jun 06 18:37:33 jammy-provider-cloud-0000007189 cinder-volume[112099]: WARNING py.warnings [None req-edd5c7fa-bb5d-47cc-8d56-638e08a001c0 None None] /opt/stack/data/venv/lib/python3.10/site-packages/urllib3/connectionpool.py:1061: InsecureRequestWarning: Unverified HTTPS request is being made to host '10.201.5.12'. Adding certificate verification is strongly advised. See: https://urllib3.readthedocs.io/en/1.26.x/advanced-usage.html#ssl-warnings
Jun 06 18:37:33 jammy-provider-cloud-0000007189 cinder-volume[112099]:   warnings.warn(
Jun 06 18:37:33 jammy-provider-cloud-0000007189 cinder-volume[112099]: 
Jun 06 18:37:33 jammy-provider-cloud-0000007189 cinder-volume[112100]: WARNING py.warnings [None req-f44262f7-db2c-4e3a-bc5c-abf1a7c0a89c None None] /opt/stack/data/venv/lib/python3.10/site-packages/urllib3/connectionpool.py:1061: InsecureRequestWarning: Unverified HTTPS request is being made to host '10.201.5.12'. Adding certificate verification is strongly advised. See: https://urllib3.readthedocs.io/en/1.26.x/advanced-usage.html#ssl-warnings
Jun 06 18:37:33 jammy-provider-cloud-0000007189 cinder-volume[112100]:   warnings.warn(
Jun 06 18:37:33 jammy-provider-cloud-0000007189 cinder-volume[112100]: 
Jun 06 18:37:33 jammy-provider-cloud-0000007189 cinder-volume[112099]: WARNING py.warnings [None req-edd5c7fa-bb5d-47cc-8d56-638e08a001c0 None None] /opt/stack/data/venv/lib/python3.10/site-packages/urllib3/connectionpool.py:1061: InsecureRequestWarning: Unverified HTTPS request is being made to host '10.201.5.12'. Adding certificate verification is strongly advised. See: https://urllib3.readthedocs.io/en/1.26.x/advanced-usage.html#ssl-warnings
Jun 06 18:37:33 jammy-provider-cloud-0000007189 cinder-volume[112099]:   warnings.warn(
Jun 06 18:37:33 jammy-provider-cloud-0000007189 cinder-volume[112099]: 
Jun 06 18:37:33 jammy-provider-cloud-0000007189 cinder-volume[112100]: WARNING py.warnings [None req-f44262f7-db2c-4e3a-bc5c-abf1a7c0a89c None None] /opt/stack/data/venv/lib/python3.10/site-packages/urllib3/connectionpool.py:1061: InsecureRequestWarning: Unverified HTTPS request is being made to host '10.201.5.12'. Adding certificate verification is strongly advised. See: https://urllib3.readthedocs.io/en/1.26.x/advanced-usage.html#ssl-warnings
Jun 06 18:37:33 jammy-provider-cloud-0000007189 cinder-volume[112100]:   warnings.warn(
Jun 06 18:37:33 jammy-provider-cloud-0000007189 cinder-volume[112100]: 
Jun 06 18:37:33 jammy-provider-cloud-0000007189 cinder-volume[112099]: DEBUG cinder.volume.drivers.hpe.hpe_3par_common [None req-edd5c7fa-bb5d-47cc-8d56-638e08a001c0 None None] Disconnect from 3PAR REST and SSH 68504cad-a7d7-4a92-ad0a-084ff3ea4c4f {{(pid=112099) client_logout /opt/stack/cinder/cinder/volume/drivers/hpe/hpe_3par_common.py:435}}
Jun 06 18:37:33 jammy-provider-cloud-0000007189 cinder-volume[112100]: DEBUG cinder.volume.drivers.hpe.hpe_3par_common [None req-f44262f7-db2c-4e3a-bc5c-abf1a7c0a89c None None] Disconnect from 3PAR REST and SSH a6386900-240a-4041-9769-2bb8f85096fb {{(pid=112100) client_logout /opt/stack/cinder/cinder/volume/drivers/hpe/hpe_3par_common.py:435}}
Jun 06 18:37:33 jammy-provider-cloud-0000007189 cinder-volume[112099]: WARNING py.warnings [None req-edd5c7fa-bb5d-47cc-8d56-638e08a001c0 None None] /opt/stack/data/venv/lib/python3.10/site-packages/urllib3/connectionpool.py:1061: InsecureRequestWarning: Unverified HTTPS request is being made to host '10.201.5.12'. Adding certificate verification is strongly advised. See: https://urllib3.readthedocs.io/en/1.26.x/advanced-usage.html#ssl-warnings
Jun 06 18:37:33 jammy-provider-cloud-0000007189 cinder-volume[112099]:   warnings.warn(
Jun 06 18:37:33 jammy-provider-cloud-0000007189 cinder-volume[112099]: 
Jun 06 18:37:33 jammy-provider-cloud-0000007189 cinder-volume[112100]: WARNING py.warnings [None req-f44262f7-db2c-4e3a-bc5c-abf1a7c0a89c None None] /opt/stack/data/venv/lib/python3.10/site-packages/urllib3/connectionpool.py:1061: InsecureRequestWarning: Unverified HTTPS request is being made to host '10.201.5.12'. Adding certificate verification is strongly advised. See: https://urllib3.readthedocs.io/en/1.26.x/advanced-usage.html#ssl-warnings
Jun 06 18:37:33 jammy-provider-cloud-0000007189 cinder-volume[112100]:   warnings.warn(
Jun 06 18:37:33 jammy-provider-cloud-0000007189 cinder-volume[112100]: 
Jun 06 18:37:33 jammy-provider-cloud-0000007189 cinder-volume[112099]: DEBUG cinder.volume.drivers.hpe.hpe_3par_fc [None req-edd5c7fa-bb5d-47cc-8d56-638e08a001c0 None None] ==> get_volume_stats: call "{'self': <cinder.volume.drivers.hpe.hpe_3par_fc.HPE3PARFCDriver object at 0x7f23eded1210>, 'refresh': True}" {{(pid=112099) trace_logging_wrapper /opt/stack/cinder/cinder/volume/volume_utils.py:1497}}
Jun 06 18:37:33 jammy-provider-cloud-0000007189 cinder-volume[112100]: DEBUG cinder.volume.drivers.hpe.hpe_3par_fc [None req-f44262f7-db2c-4e3a-bc5c-abf1a7c0a89c None None] ==> get_volume_stats: call "{'self': <cinder.volume.drivers.hpe.hpe_3par_fc.HPE3PARFCDriver object at 0x7f23ee1d6e30>, 'refresh': True}" {{(pid=112100) trace_logging_wrapper /opt/stack/cinder/cinder/volume/volume_utils.py:1497}}
Jun 06 18:37:33 jammy-provider-cloud-0000007189 cinder-volume[112099]: WARNING py.warnings [None req-edd5c7fa-bb5d-47cc-8d56-638e08a001c0 None None] /opt/stack/data/venv/lib/python3.10/site-packages/urllib3/connectionpool.py:1061: InsecureRequestWarning: Unverified HTTPS request is being made to host '10.201.5.12'. Adding certificate verification is strongly advised. See: https://urllib3.readthedocs.io/en/1.26.x/advanced-usage.html#ssl-warnings
Jun 06 18:37:33 jammy-provider-cloud-0000007189 cinder-volume[112099]:   warnings.warn(
Jun 06 18:37:33 jammy-provider-cloud-0000007189 cinder-volume[112099]: 
Jun 06 18:37:33 jammy-provider-cloud-0000007189 cinder-volume[112100]: WARNING py.warnings [None req-f44262f7-db2c-4e3a-bc5c-abf1a7c0a89c None None] /opt/stack/data/venv/lib/python3.10/site-packages/urllib3/connectionpool.py:1061: InsecureRequestWarning: Unverified HTTPS request is being made to host '10.201.5.12'. Adding certificate verification is strongly advised. See: https://urllib3.readthedocs.io/en/1.26.x/advanced-usage.html#ssl-warnings
Jun 06 18:37:33 jammy-provider-cloud-0000007189 cinder-volume[112100]:   warnings.warn(
Jun 06 18:37:33 jammy-provider-cloud-0000007189 cinder-volume[112100]: 
Jun 06 18:37:33 jammy-provider-cloud-0000007189 cinder-volume[112099]: WARNING py.warnings [None req-edd5c7fa-bb5d-47cc-8d56-638e08a001c0 None None] /opt/stack/data/venv/lib/python3.10/site-packages/urllib3/connectionpool.py:1061: InsecureRequestWarning: Unverified HTTPS request is being made to host '10.201.5.12'. Adding certificate verification is strongly advised. See: https://urllib3.readthedocs.io/en/1.26.x/advanced-usage.html#ssl-warnings
Jun 06 18:37:33 jammy-provider-cloud-0000007189 cinder-volume[112099]:   warnings.warn(
Jun 06 18:37:33 jammy-provider-cloud-0000007189 cinder-volume[112099]: : hpe3parclient.exceptions.HTTPForbidden: Forbidden (HTTP 403) 6 - invalid session key
Jun 06 18:37:33 jammy-provider-cloud-0000007189 cinder-volume[112100]: WARNING py.warnings [None req-f44262f7-db2c-4e3a-bc5c-abf1a7c0a89c None None] /opt/stack/data/venv/lib/python3.10/site-packages/urllib3/connectionpool.py:1061: InsecureRequestWarning: Unverified HTTPS request is being made to host '10.201.5.12'. Adding certificate verification is strongly advised. See: https://urllib3.readthedocs.io/en/1.26.x/advanced-usage.html#ssl-warnings
Jun 06 18:37:33 jammy-provider-cloud-0000007189 cinder-volume[112100]:   warnings.warn(
Jun 06 18:37:33 jammy-provider-cloud-0000007189 cinder-volume[112100]: : hpe3parclient.exceptions.HTTPForbidden: Forbidden (HTTP 403) 6 - invalid session key
Jun 06 18:37:33 jammy-provider-cloud-0000007189 cinder-volume[112099]: WARNING py.warnings [None req-edd5c7fa-bb5d-47cc-8d56-638e08a001c0 None None] /opt/stack/data/venv/lib/python3.10/site-packages/urllib3/connectionpool.py:1061: InsecureRequestWarning: Unverified HTTPS request is being made to host '10.201.5.12'. Adding certificate verification is strongly advised. See: https://urllib3.readthedocs.io/en/1.26.x/advanced-usage.html#ssl-warnings
Jun 06 18:37:33 jammy-provider-cloud-0000007189 cinder-volume[112099]:   warnings.warn(
Jun 06 18:37:33 jammy-provider-cloud-0000007189 cinder-volume[112099]: : hpe3parclient.exceptions.HTTPForbidden: Forbidden (HTTP 403) 6 - invalid session key
Jun 06 18:37:33 jammy-provider-cloud-0000007189 cinder-volume[112100]: WARNING py.warnings [None req-f44262f7-db2c-4e3a-bc5c-abf1a7c0a89c None None] /opt/stack/data/venv/lib/python3.10/site-packages/urllib3/connectionpool.py:1061: InsecureRequestWarning: Unverified HTTPS request is being made to host '10.201.5.12'. Adding certificate verification is strongly advised. See: https://urllib3.readthedocs.io/en/1.26.x/advanced-usage.html#ssl-warnings
Jun 06 18:37:33 jammy-provider-cloud-0000007189 cinder-volume[112100]:   warnings.warn(
Jun 06 18:37:33 jammy-provider-cloud-0000007189 cinder-volume[112100]: : hpe3parclient.exceptions.HTTPForbidden: Forbidden (HTTP 403) 6 - invalid session key
Jun 06 18:37:33 jammy-provider-cloud-0000007189 cinder-volume[112099]: WARNING py.warnings [None req-edd5c7fa-bb5d-47cc-8d56-638e08a001c0 None None] /opt/stack/data/venv/lib/python3.10/site-packages/urllib3/connectionpool.py:1061: InsecureRequestWarning: Unverified HTTPS request is being made to host '10.201.5.12'. Adding certificate verification is strongly advised. See: https://urllib3.readthedocs.io/en/1.26.x/advanced-usage.html#ssl-warnings
Jun 06 18:37:33 jammy-provider-cloud-0000007189 cinder-volume[112099]:   warnings.warn(
Jun 06 18:37:33 jammy-provider-cloud-0000007189 cinder-volume[112099]: 
Jun 06 18:37:33 jammy-provider-cloud-0000007189 cinder-volume[112100]: WARNING py.warnings [None req-f44262f7-db2c-4e3a-bc5c-abf1a7c0a89c None None] /opt/stack/data/venv/lib/python3.10/site-packages/urllib3/connectionpool.py:1061: InsecureRequestWarning: Unverified HTTPS request is being made to host '10.201.5.12'. Adding certificate verification is strongly advised. See: https://urllib3.readthedocs.io/en/1.26.x/advanced-usage.html#ssl-warnings
