Jul 26 23:12:18 jammy-provider-cloud-0000007420 neutron-server[89871]: DEBUG oslo_service.service [-] logging_default_format_string  = %(color)s%(levelname)s %(name)s [-%(color)s] %(instance)s%(color)s%(message)s {{(pid=89871) log_opt_values /opt/stack/data/venv/lib/python3.10/site-packages/oslo_config/cfg.py:2613}}
Jul 26 23:12:18 jammy-provider-cloud-0000007420 neutron-server[89871]: DEBUG oslo_service.service [-] logging_exception_prefix       = ERROR %(name)s %(instance)s {{(pid=89871) log_opt_values /opt/stack/data/venv/lib/python3.10/site-packages/oslo_config/cfg.py:2613}}
Jul 26 23:12:18 jammy-provider-cloud-0000007420 neutron-server[89871]: DEBUG oslo_service.service [-] logging_user_identity_format   = %(user)s %(project)s %(domain)s %(system_scope)s %(user_domain)s %(project_domain)s {{(pid=89871) log_opt_values /opt/stack/data/venv/lib/python3.10/site-packages/oslo_config/cfg.py:2613}}
Jul 26 23:12:18 jammy-provider-cloud-0000007420 neutron-server[89871]: DEBUG oslo_service.service [-] max_allowed_address_pair       = 10 {{(pid=89871) log_opt_values /opt/stack/data/venv/lib/python3.10/site-packages/oslo_config/cfg.py:2613}}
Jul 26 23:12:18 jammy-provider-cloud-0000007420 neutron-server[89871]: DEBUG oslo_service.service [-] max_dns_nameservers            = 5 {{(pid=89871) log_opt_values /opt/stack/data/venv/lib/python3.10/site-packages/oslo_config/cfg.py:2613}}
Jul 26 23:12:18 jammy-provider-cloud-0000007420 neutron-server[89871]: DEBUG oslo_service.service [-] max_header_line                = 16384 {{(pid=89871) log_opt_values /opt/stack/data/venv/lib/python3.10/site-packages/oslo_config/cfg.py:2613}}
Jul 26 23:12:18 jammy-provider-cloud-0000007420 neutron-server[89871]: DEBUG oslo_service.service [-] max_l3_agents_per_router       = 3 {{(pid=89871) log_opt_values /opt/stack/data/venv/lib/python3.10/site-packages/oslo_config/cfg.py:2613}}
Jul 26 23:12:18 jammy-provider-cloud-0000007420 neutron-server[89871]: DEBUG oslo_service.service [-] max_logfile_count              = 30 {{(pid=89871) log_opt_values /opt/stack/data/venv/lib/python3.10/site-packages/oslo_config/cfg.py:2613}}
Jul 26 23:12:18 jammy-provider-cloud-0000007420 neutron-server[89871]: DEBUG oslo_service.service [-] max_logfile_size_mb            = 200 {{(pid=89871) log_opt_values /opt/stack/data/venv/lib/python3.10/site-packages/oslo_config/cfg.py:2613}}
Jul 26 23:12:18 jammy-provider-cloud-0000007420 neutron-server[90063]: DEBUG neutron_lib.callbacks.manager [-] Publish callbacks ['neutron.plugins.ml2.drivers.ovn.mech_driver.mech_driver.OVNMechanismDriver.post_fork_initialize-1036373'] for process (None), after_init {{(pid=90063) _notify_loop /opt/stack/data/venv/lib/python3.10/site-packages/neutron_lib/callbacks/manager.py:184}}
Jul 26 23:12:18 jammy-provider-cloud-0000007420 neutron-server[89871]: DEBUG oslo_service.service [-] max_routes                     = 30 {{(pid=89871) log_opt_values /opt/stack/data/venv/lib/python3.10/site-packages/oslo_config/cfg.py:2613}}
Jul 26 23:12:18 jammy-provider-cloud-0000007420 neutron-server[89871]: DEBUG oslo_service.service [-] max_subnet_host_routes         = 20 {{(pid=89871) log_opt_values /opt/stack/data/venv/lib/python3.10/site-packages/oslo_config/cfg.py:2613}}
Jul 26 23:12:18 jammy-provider-cloud-0000007420 neutron-server[89871]: DEBUG oslo_service.service [-] my_ip                          = 10.201.5.87 {{(pid=89871) log_opt_values /opt/stack/data/venv/lib/python3.10/site-packages/oslo_config/cfg.py:2613}}
Jul 26 23:12:18 jammy-provider-cloud-0000007420 neutron-server[89871]: DEBUG oslo_service.service [-] my_ipv6                        = fd71:395:eb6a:0:f816:3eff:fe09:c6eb {{(pid=89871) log_opt_values /opt/stack/data/venv/lib/python3.10/site-packages/oslo_config/cfg.py:2613}}
Jul 26 23:12:18 jammy-provider-cloud-0000007420 neutron-server[89871]: DEBUG oslo_service.service [-] network_auto_schedule          = True {{(pid=89871) log_opt_values /opt/stack/data/venv/lib/python3.10/site-packages/oslo_config/cfg.py:2613}}
Jul 26 23:12:18 jammy-provider-cloud-0000007420 neutron-server[89871]: DEBUG oslo_service.service [-] network_link_prefix            = None {{(pid=89871) log_opt_values /opt/stack/data/venv/lib/python3.10/site-packages/oslo_config/cfg.py:2613}}
Jul 26 23:12:18 jammy-provider-cloud-0000007420 neutron-server[89871]: DEBUG oslo_service.service [-] network_scheduler_driver       = neutron.scheduler.dhcp_agent_scheduler.WeightScheduler {{(pid=89871) log_opt_values /opt/stack/data/venv/lib/python3.10/site-packages/oslo_config/cfg.py:2613}}
Jul 26 23:12:18 jammy-provider-cloud-0000007420 neutron-server[89871]: DEBUG oslo_service.service [-] notify_nova_on_port_data_changes = True {{(pid=89871) log_opt_values /opt/stack/data/venv/lib/python3.10/site-packages/oslo_config/cfg.py:2613}}
Jul 26 23:12:18 jammy-provider-cloud-0000007420 neutron-server[89871]: DEBUG oslo_service.service [-] notify_nova_on_port_status_changes = True {{(pid=89871) log_opt_values /opt/stack/data/venv/lib/python3.10/site-packages/oslo_config/cfg.py:2613}}
Jul 26 23:12:18 jammy-provider-cloud-0000007420 neutron-server[90058]: DEBUG dbcounter [-] [90058] Writer thread running {{(pid=90058) stat_writer /opt/stack/data/venv/lib/python3.10/site-packages/dbcounter.py:102}}
Jul 26 23:12:18 jammy-provider-cloud-0000007420 neutron-server[89871]: DEBUG oslo_service.service [-] pagination_max_limit           = -1 {{(pid=89871) log_opt_values /opt/stack/data/venv/lib/python3.10/site-packages/oslo_config/cfg.py:2613}}
Jul 26 23:12:18 jammy-provider-cloud-0000007420 neutron-server[89871]: DEBUG oslo_service.service [-] periodic_fuzzy_delay           = 5 {{(pid=89871) log_opt_values /opt/stack/data/venv/lib/python3.10/site-packages/oslo_config/cfg.py:2613}}
Jul 26 23:12:18 jammy-provider-cloud-0000007420 neutron-server[89871]: DEBUG oslo_service.service [-] periodic_interval              = 40 {{(pid=89871) log_opt_values /opt/stack/data/venv/lib/python3.10/site-packages/oslo_config/cfg.py:2613}}
Jul 26 23:12:18 jammy-provider-cloud-0000007420 neutron-server[89871]: DEBUG oslo_service.service [-] publish_errors                 = False {{(pid=89871) log_opt_values /opt/stack/data/venv/lib/python3.10/site-packages/oslo_config/cfg.py:2613}}
Jul 26 23:12:18 jammy-provider-cloud-0000007420 neutron-server[90059]: DEBUG ovsdbapp.backend.ovs_idl [None req-f3bc846c-36d4-4fc4-8173-a8a01687e08b None None] Created lookup_table index Logical_Switch.name {{(pid=90059) autocreate_indices /opt/stack/data/venv/lib/python3.10/site-packages/ovsdbapp/backend/ovs_idl/__init__.py:87}}
Jul 26 23:12:18 jammy-provider-cloud-0000007420 neutron-server[89871]: DEBUG oslo_service.service [-] rate_limit_burst               = 0 {{(pid=89871) log_opt_values /opt/stack/data/venv/lib/python3.10/site-packages/oslo_config/cfg.py:2613}}
Jul 26 23:12:18 jammy-provider-cloud-0000007420 neutron-server[90061]: DEBUG ovsdbapp.backend.ovs_idl [None req-d1752ec6-e0f5-479d-b797-ebc311fb4474 None None] Created lookup_table index Logical_Switch.name {{(pid=90061) autocreate_indices /opt/stack/data/venv/lib/python3.10/site-packages/ovsdbapp/backend/ovs_idl/__init__.py:87}}
Jul 26 23:12:18 jammy-provider-cloud-0000007420 neutron-server[90061]: DEBUG ovsdbapp.backend.ovs_idl [None req-d1752ec6-e0f5-479d-b797-ebc311fb4474 None None] Created lookup_table index Logical_Router.name {{(pid=90061) autocreate_indices /opt/stack/data/venv/lib/python3.10/site-packages/ovsdbapp/backend/ovs_idl/__init__.py:87}}
Jul 26 23:12:18 jammy-provider-cloud-0000007420 neutron-server[90061]: DEBUG ovsdbapp.backend.ovs_idl [None req-d1752ec6-e0f5-479d-b797-ebc311fb4474 None None] Created lookup_table index Load_Balancer.name {{(pid=90061) autocreate_indices /opt/stack/data/venv/lib/python3.10/site-packages/ovsdbapp/backend/ovs_idl/__init__.py:87}}
Jul 26 23:12:18 jammy-provider-cloud-0000007420 neutron-server[90061]: DEBUG ovsdbapp.backend.ovs_idl [None req-d1752ec6-e0f5-479d-b797-ebc311fb4474 None None] Created schema index Copp.name {{(pid=90061) autocreate_indices /opt/stack/data/venv/lib/python3.10/site-packages/ovsdbapp/backend/ovs_idl/__init__.py:106}}
Jul 26 23:12:18 jammy-provider-cloud-0000007420 neutron-server[90061]: DEBUG ovsdbapp.backend.ovs_idl [None req-d1752ec6-e0f5-479d-b797-ebc311fb4474 None None] Created schema index Meter.name {{(pid=90061) autocreate_indices /opt/stack/data/venv/lib/python3.10/site-packages/ovsdbapp/backend/ovs_idl/__init__.py:106}}
Jul 26 23:12:18 jammy-provider-cloud-0000007420 neutron-server[89871]: DEBUG oslo_service.service [-] rate_limit_except_level        = CRITICAL {{(pid=89871) log_opt_values /opt/stack/data/venv/lib/python3.10/site-packages/oslo_config/cfg.py:2613}}
Jul 26 23:12:18 jammy-provider-cloud-0000007420 neutron-server[90059]: DEBUG ovsdbapp.backend.ovs_idl [None req-f3bc846c-36d4-4fc4-8173-a8a01687e08b None None] Created lookup_table index Logical_Router.name {{(pid=90059) autocreate_indices /opt/stack/data/venv/lib/python3.10/site-packages/ovsdbapp/backend/ovs_idl/__init__.py:87}}
Jul 26 23:12:18 jammy-provider-cloud-0000007420 neutron-server[90059]: DEBUG ovsdbapp.backend.ovs_idl [None req-f3bc846c-36d4-4fc4-8173-a8a01687e08b None None] Created lookup_table index Load_Balancer.name {{(pid=90059) autocreate_indices /opt/stack/data/venv/lib/python3.10/site-packages/ovsdbapp/backend/ovs_idl/__init__.py:87}}
Jul 26 23:12:18 jammy-provider-cloud-0000007420 neutron-server[90059]: DEBUG ovsdbapp.backend.ovs_idl [None req-f3bc846c-36d4-4fc4-8173-a8a01687e08b None None] Created schema index Copp.name {{(pid=90059) autocreate_indices /opt/stack/data/venv/lib/python3.10/site-packages/ovsdbapp/backend/ovs_idl/__init__.py:106}}
Jul 26 23:12:18 jammy-provider-cloud-0000007420 neutron-server[90059]: DEBUG ovsdbapp.backend.ovs_idl [None req-f3bc846c-36d4-4fc4-8173-a8a01687e08b None None] Created schema index Meter.name {{(pid=90059) autocreate_indices /opt/stack/data/venv/lib/python3.10/site-packages/ovsdbapp/backend/ovs_idl/__init__.py:106}}
Jul 26 23:12:18 jammy-provider-cloud-0000007420 neutron-server[90059]: DEBUG ovsdbapp.backend.ovs_idl [None req-f3bc846c-36d4-4fc4-8173-a8a01687e08b None None] Created schema index Load_Balancer_Group.name {{(pid=90059) autocreate_indices /opt/stack/data/venv/lib/python3.10/site-packages/ovsdbapp/backend/ovs_idl/__init__.py:106}}
Jul 26 23:12:18 jammy-provider-cloud-0000007420 neutron-server[90059]: DEBUG ovsdbapp.backend.ovs_idl [None req-f3bc846c-36d4-4fc4-8173-a8a01687e08b None None] Created schema index HA_Chassis_Group.name {{(pid=90059) autocreate_indices /opt/stack/data/venv/lib/python3.10/site-packages/ovsdbapp/backend/ovs_idl/__init__.py:106}}
Jul 26 23:12:18 jammy-provider-cloud-0000007420 neutron-server[90059]: DEBUG ovsdbapp.backend.ovs_idl [None req-f3bc846c-36d4-4fc4-8173-a8a01687e08b None None] Created schema index Address_Set.name {{(pid=90059) autocreate_indices /opt/stack/data/venv/lib/python3.10/site-packages/ovsdbapp/backend/ovs_idl/__init__.py:106}}
Jul 26 23:12:18 jammy-provider-cloud-0000007420 neutron-server[90059]: DEBUG ovsdbapp.backend.ovs_idl [None req-f3bc846c-36d4-4fc4-8173-a8a01687e08b None None] Created schema index Connection.target {{(pid=90059) autocreate_indices /opt/stack/data/venv/lib/python3.10/site-packages/ovsdbapp/backend/ovs_idl/__init__.py:106}}
Jul 26 23:12:18 jammy-provider-cloud-0000007420 neutron-server[90059]: DEBUG ovsdbapp.backend.ovs_idl [None req-f3bc846c-36d4-4fc4-8173-a8a01687e08b None None] Created schema index Gateway_Chassis.name {{(pid=90059) autocreate_indices /opt/stack/data/venv/lib/python3.10/site-packages/ovsdbapp/backend/ovs_idl/__init__.py:106}}
Jul 26 23:12:18 jammy-provider-cloud-0000007420 neutron-server[90061]: DEBUG ovsdbapp.backend.ovs_idl [None req-d1752ec6-e0f5-479d-b797-ebc311fb4474 None None] Created schema index Load_Balancer_Group.name {{(pid=90061) autocreate_indices /opt/stack/data/venv/lib/python3.10/site-packages/ovsdbapp/backend/ovs_idl/__init__.py:106}}
Jul 26 23:12:18 jammy-provider-cloud-0000007420 neutron-server[90061]: DEBUG ovsdbapp.backend.ovs_idl [None req-d1752ec6-e0f5-479d-b797-ebc311fb4474 None None] Created schema index HA_Chassis_Group.name {{(pid=90061) autocreate_indices /opt/stack/data/venv/lib/python3.10/site-packages/ovsdbapp/backend/ovs_idl/__init__.py:106}}
Jul 26 23:12:18 jammy-provider-cloud-0000007420 neutron-server[90061]: DEBUG ovsdbapp.backend.ovs_idl [None req-d1752ec6-e0f5-479d-b797-ebc311fb4474 None None] Created schema index Address_Set.name {{(pid=90061) autocreate_indices /opt/stack/data/venv/lib/python3.10/site-packages/ovsdbapp/backend/ovs_idl/__init__.py:106}}
Jul 26 23:12:18 jammy-provider-cloud-0000007420 neutron-server[90061]: DEBUG ovsdbapp.backend.ovs_idl [None req-d1752ec6-e0f5-479d-b797-ebc311fb4474 None None] Created schema index Connection.target {{(pid=90061) autocreate_indices /opt/stack/data/venv/lib/python3.10/site-packages/ovsdbapp/backend/ovs_idl/__init__.py:106}}
Jul 26 23:12:18 jammy-provider-cloud-0000007420 neutron-server[90061]: DEBUG ovsdbapp.backend.ovs_idl [None req-d1752ec6-e0f5-479d-b797-ebc311fb4474 None None] Created schema index Gateway_Chassis.name {{(pid=90061) autocreate_indices /opt/stack/data/venv/lib/python3.10/site-packages/ovsdbapp/backend/ovs_idl/__init__.py:106}}
Jul 26 23:12:18 jammy-provider-cloud-0000007420 neutron-server[90061]: DEBUG ovsdbapp.backend.ovs_idl [None req-d1752ec6-e0f5-479d-b797-ebc311fb4474 None None] Created schema index Logical_Router_Port.name {{(pid=90061) autocreate_indices /opt/stack/data/venv/lib/python3.10/site-packages/ovsdbapp/backend/ovs_idl/__init__.py:106}}
Jul 26 23:12:18 jammy-provider-cloud-0000007420 neutron-server[90061]: DEBUG ovsdbapp.backend.ovs_idl [None req-d1752ec6-e0f5-479d-b797-ebc311fb4474 None None] Created schema index Port_Group.name {{(pid=90061) autocreate_indices /opt/stack/data/venv/lib/python3.10/site-packages/ovsdbapp/backend/ovs_idl/__init__.py:106}}
Jul 26 23:12:18 jammy-provider-cloud-0000007420 neutron-server[90059]: DEBUG ovsdbapp.backend.ovs_idl [None req-f3bc846c-36d4-4fc4-8173-a8a01687e08b None None] Created schema index Logical_Router_Port.name {{(pid=90059) autocreate_indices /opt/stack/data/venv/lib/python3.10/site-packages/ovsdbapp/backend/ovs_idl/__init__.py:106}}
Jul 26 23:12:18 jammy-provider-cloud-0000007420 neutron-server[90061]: DEBUG ovsdbapp.backend.ovs_idl [None req-d1752ec6-e0f5-479d-b797-ebc311fb4474 None None] Created schema index Logical_Switch_Port.name {{(pid=90061) autocreate_indices /opt/stack/data/venv/lib/python3.10/site-packages/ovsdbapp/backend/ovs_idl/__init__.py:106}}
Jul 26 23:12:18 jammy-provider-cloud-0000007420 neutron-server[90061]: INFO ovsdbapp.backend.ovs_idl.vlog [None req-d1752ec6-e0f5-479d-b797-ebc311fb4474 None None] tcp:10.201.5.87:6641: connecting...
Jul 26 23:12:18 jammy-provider-cloud-0000007420 neutron-server[90059]: DEBUG ovsdbapp.backend.ovs_idl [None req-f3bc846c-36d4-4fc4-8173-a8a01687e08b None None] Created schema index Port_Group.name {{(pid=90059) autocreate_indices /opt/stack/data/venv/lib/python3.10/site-packages/ovsdbapp/backend/ovs_idl/__init__.py:106}}
Jul 26 23:12:18 jammy-provider-cloud-0000007420 neutron-server[90059]: DEBUG ovsdbapp.backend.ovs_idl [None req-f3bc846c-36d4-4fc4-8173-a8a01687e08b None None] Created schema index Logical_Switch_Port.name {{(pid=90059) autocreate_indices /opt/stack/data/venv/lib/python3.10/site-packages/ovsdbapp/backend/ovs_idl/__init__.py:106}}
Jul 26 23:12:18 jammy-provider-cloud-0000007420 neutron-server[90058]: INFO neutron.db.ovn_hash_ring_db [None req-62e21357-f7b3-4f93-bc23-f6f35cea324f None None] Node 7523e90a-0b4a-4a8e-a2df-780f0611fd94 from host "jammy-provider-cloud-0000007420" and group "mechanism_driver" added to the Hash Ring
Jul 26 23:12:18 jammy-provider-cloud-0000007420 neutron-server[90059]: INFO ovsdbapp.backend.ovs_idl.vlog [None req-f3bc846c-36d4-4fc4-8173-a8a01687e08b None None] tcp:10.201.5.87:6641: connecting...
Jul 26 23:12:18 jammy-provider-cloud-0000007420 neutron-server[90058]: DEBUG oslo_concurrency.lockutils [None req-62e21357-f7b3-4f93-bc23-f6f35cea324f None None] Lock "hash_ring_probe_lock" "released" by "neutron.plugins.ml2.drivers.ovn.mech_driver.mech_driver.OVNMechanismDriver._setup_hash_ring" :: held 0.041s {{(pid=90058) inner /opt/stack/data/venv/lib/python3.10/site-packages/oslo_concurrency/lockutils.py:421}}
Jul 26 23:12:18 jammy-provider-cloud-0000007420 neutron-server[90061]: INFO ovsdbapp.backend.ovs_idl.vlog [None req-d1752ec6-e0f5-479d-b797-ebc311fb4474 None None] tcp:10.201.5.87:6641: connected
Jul 26 23:12:18 jammy-provider-cloud-0000007420 neutron-server[90059]: INFO ovsdbapp.backend.ovs_idl.vlog [None req-f3bc846c-36d4-4fc4-8173-a8a01687e08b None None] tcp:10.201.5.87:6641: connected
Jul 26 23:12:18 jammy-provider-cloud-0000007420 neutron-server[90058]: INFO neutron.plugins.ml2.drivers.ovn.mech_driver.ovsdb.impl_idl_ovn [None req-62e21357-f7b3-4f93-bc23-f6f35cea324f None None] Getting OvsdbNbOvnIdl for WorkerService with retry
Jul 26 23:12:18 jammy-provider-cloud-0000007420 neutron-server[89871]: DEBUG oslo_service.service [-] rate_limit_interval            = 0 {{(pid=89871) log_opt_values /opt/stack/data/venv/lib/python3.10/site-packages/oslo_config/cfg.py:2613}}
Jul 26 23:12:18 jammy-provider-cloud-0000007420 neutron-server[89871]: DEBUG oslo_service.service [-] retry_until_window             = 30 {{(pid=89871) log_opt_values /opt/stack/data/venv/lib/python3.10/site-packages/oslo_config/cfg.py:2613}}
Jul 26 23:12:18 jammy-provider-cloud-0000007420 neutron-server[89871]: DEBUG oslo_service.service [-] router_distributed             = False {{(pid=89871) log_opt_values /opt/stack/data/venv/lib/python3.10/site-packages/oslo_config/cfg.py:2613}}
Jul 26 23:12:18 jammy-provider-cloud-0000007420 neutron-server[89871]: DEBUG oslo_service.service [-] rpc_resources_processing_step  = 20 {{(pid=89871) log_opt_values /opt/stack/data/venv/lib/python3.10/site-packages/oslo_config/cfg.py:2613}}
Jul 26 23:12:18 jammy-provider-cloud-0000007420 neutron-server[89871]: DEBUG oslo_service.service [-] rpc_response_max_timeout       = 600 {{(pid=89871) log_opt_values /opt/stack/data/venv/lib/python3.10/site-packages/oslo_config/cfg.py:2613}}
Jul 26 23:12:18 jammy-provider-cloud-0000007420 neutron-server[89871]: DEBUG oslo_service.service [-] rpc_response_timeout           = 60 {{(pid=89871) log_opt_values /opt/stack/data/venv/lib/python3.10/site-packages/oslo_config/cfg.py:2613}}
Jul 26 23:12:18 jammy-provider-cloud-0000007420 neutron-server[89871]: DEBUG oslo_service.service [-] rpc_state_report_workers       = 0 {{(pid=89871) log_opt_values /opt/stack/data/venv/lib/python3.10/site-packages/oslo_config/cfg.py:2613}}
Jul 26 23:12:18 jammy-provider-cloud-0000007420 neutron-server[89871]: DEBUG oslo_service.service [-] rpc_workers                    = None {{(pid=89871) log_opt_values /opt/stack/data/venv/lib/python3.10/site-packages/oslo_config/cfg.py:2613}}
Jul 26 23:12:18 jammy-provider-cloud-0000007420 neutron-server[89871]: DEBUG oslo_service.service [-] send_events_interval           = 2 {{(pid=89871) log_opt_values /opt/stack/data/venv/lib/python3.10/site-packages/oslo_config/cfg.py:2613}}
Jul 26 23:12:18 jammy-provider-cloud-0000007420 neutron-server[89871]: DEBUG oslo_service.service [-] service_plugins                = ['ovn-router'] {{(pid=89871) log_opt_values /opt/stack/data/venv/lib/python3.10/site-packages/oslo_config/cfg.py:2613}}
Jul 26 23:12:18 jammy-provider-cloud-0000007420 neutron-server[89871]: DEBUG oslo_service.service [-] setproctitle                   = on {{(pid=89871) log_opt_values /opt/stack/data/venv/lib/python3.10/site-packages/oslo_config/cfg.py:2613}}
Jul 26 23:12:18 jammy-provider-cloud-0000007420 neutron-server[89871]: DEBUG oslo_service.service [-] state_path                     = /opt/stack/data/neutron {{(pid=89871) log_opt_values /opt/stack/data/venv/lib/python3.10/site-packages/oslo_config/cfg.py:2613}}
Jul 26 23:12:18 jammy-provider-cloud-0000007420 neutron-server[89871]: DEBUG oslo_service.service [-] syslog_log_facility            = LOG_USER {{(pid=89871) log_opt_values /opt/stack/data/venv/lib/python3.10/site-packages/oslo_config/cfg.py:2613}}
Jul 26 23:12:18 jammy-provider-cloud-0000007420 neutron-server[89871]: DEBUG oslo_service.service [-] tcp_keepidle                   = 600 {{(pid=89871) log_opt_values /opt/stack/data/venv/lib/python3.10/site-packages/oslo_config/cfg.py:2613}}
Jul 26 23:12:18 jammy-provider-cloud-0000007420 neutron-server[89871]: DEBUG oslo_service.service [-] transport_url                  = **** {{(pid=89871) log_opt_values /opt/stack/data/venv/lib/python3.10/site-packages/oslo_config/cfg.py:2613}}
Jul 26 23:12:18 jammy-provider-cloud-0000007420 neutron-server[89871]: DEBUG oslo_service.service [-] use_eventlog                   = False {{(pid=89871) log_opt_values /opt/stack/data/venv/lib/python3.10/site-packages/oslo_config/cfg.py:2613}}
Jul 26 23:12:18 jammy-provider-cloud-0000007420 neutron-server[89871]: DEBUG oslo_service.service [-] use_journal                    = False {{(pid=89871) log_opt_values /opt/stack/data/venv/lib/python3.10/site-packages/oslo_config/cfg.py:2613}}
Jul 26 23:12:18 jammy-provider-cloud-0000007420 neutron-server[89871]: DEBUG oslo_service.service [-] use_json                       = False {{(pid=89871) log_opt_values /opt/stack/data/venv/lib/python3.10/site-packages/oslo_config/cfg.py:2613}}
Jul 26 23:12:18 jammy-provider-cloud-0000007420 neutron-server[89871]: DEBUG oslo_service.service [-] use_ssl                        = False {{(pid=89871) log_opt_values /opt/stack/data/venv/lib/python3.10/site-packages/oslo_config/cfg.py:2613}}
Jul 26 23:12:18 jammy-provider-cloud-0000007420 neutron-server[89871]: DEBUG oslo_service.service [-] use_stderr                     = False {{(pid=89871) log_opt_values /opt/stack/data/venv/lib/python3.10/site-packages/oslo_config/cfg.py:2613}}
Jul 26 23:12:18 jammy-provider-cloud-0000007420 neutron-server[89871]: DEBUG oslo_service.service [-] use_syslog                     = False {{(pid=89871) log_opt_values /opt/stack/data/venv/lib/python3.10/site-packages/oslo_config/cfg.py:2613}}
Jul 26 23:12:18 jammy-provider-cloud-0000007420 neutron-server[89871]: DEBUG oslo_service.service [-] vlan_transparent               = False {{(pid=89871) log_opt_values /opt/stack/data/venv/lib/python3.10/site-packages/oslo_config/cfg.py:2613}}
Jul 26 23:12:18 jammy-provider-cloud-0000007420 neutron-server[89871]: DEBUG oslo_service.service [-] watch_log_file                 = False {{(pid=89871) log_opt_values /opt/stack/data/venv/lib/python3.10/site-packages/oslo_config/cfg.py:2613}}
Jul 26 23:12:18 jammy-provider-cloud-0000007420 neutron-server[89871]: DEBUG oslo_service.service [-] wsgi_default_pool_size         = 100 {{(pid=89871) log_opt_values /opt/stack/data/venv/lib/python3.10/site-packages/oslo_config/cfg.py:2613}}
Jul 26 23:12:18 jammy-provider-cloud-0000007420 neutron-server[89871]: DEBUG oslo_service.service [-] wsgi_keep_alive                = True {{(pid=89871) log_opt_values /opt/stack/data/venv/lib/python3.10/site-packages/oslo_config/cfg.py:2613}}
Jul 26 23:12:18 jammy-provider-cloud-0000007420 neutron-server[89871]: DEBUG oslo_service.service [-] wsgi_log_format                = %(client_ip)s "%(request_line)s" status: %(status_code)s  len: %(body_length)s time: %(wall_seconds).7f {{(pid=89871) log_opt_values /opt/stack/data/venv/lib/python3.10/site-packages/oslo_config/cfg.py:2613}}
Jul 26 23:12:18 jammy-provider-cloud-0000007420 neutron-server[89871]: DEBUG oslo_service.service [-] wsgi_server_debug              = False {{(pid=89871) log_opt_values /opt/stack/data/venv/lib/python3.10/site-packages/oslo_config/cfg.py:2613}}
Jul 26 23:12:18 jammy-provider-cloud-0000007420 neutron-server[89871]: DEBUG oslo_service.service [-] oslo_concurrency.disable_process_locking = False {{(pid=89871) log_opt_values /opt/stack/data/venv/lib/python3.10/site-packages/oslo_config/cfg.py:2620}}
Jul 26 23:12:18 jammy-provider-cloud-0000007420 neutron-server[89871]: DEBUG oslo_service.service [-] oslo_concurrency.lock_path     = /opt/stack/data/neutron/lock {{(pid=89871) log_opt_values /opt/stack/data/venv/lib/python3.10/site-packages/oslo_config/cfg.py:2620}}
Jul 26 23:12:18 jammy-provider-cloud-0000007420 neutron-server[89871]: DEBUG oslo_service.service [-] profiler.connection_string     = messaging:// {{(pid=89871) log_opt_values /opt/stack/data/venv/lib/python3.10/site-packages/oslo_config/cfg.py:2620}}
Jul 26 23:12:18 jammy-provider-cloud-0000007420 neutron-server[89871]: DEBUG oslo_service.service [-] profiler.enabled               = False {{(pid=89871) log_opt_values /opt/stack/data/venv/lib/python3.10/site-packages/oslo_config/cfg.py:2620}}
Jul 26 23:12:18 jammy-provider-cloud-0000007420 neutron-server[89871]: DEBUG oslo_service.service [-] profiler.es_doc_type           = notification {{(pid=89871) log_opt_values /opt/stack/data/venv/lib/python3.10/site-packages/oslo_config/cfg.py:2620}}
Jul 26 23:12:18 jammy-provider-cloud-0000007420 neutron-server[89871]: DEBUG oslo_service.service [-] profiler.es_scroll_size        = 10000 {{(pid=89871) log_opt_values /opt/stack/data/venv/lib/python3.10/site-packages/oslo_config/cfg.py:2620}}
Jul 26 23:12:18 jammy-provider-cloud-0000007420 neutron-server[89871]: DEBUG oslo_service.service [-] profiler.es_scroll_time        = 2m {{(pid=89871) log_opt_values /opt/stack/data/venv/lib/python3.10/site-packages/oslo_config/cfg.py:2620}}
Jul 26 23:12:18 jammy-provider-cloud-0000007420 neutron-server[89871]: DEBUG oslo_service.service [-] profiler.filter_error_trace    = False {{(pid=89871) log_opt_values /opt/stack/data/venv/lib/python3.10/site-packages/oslo_config/cfg.py:2620}}
Jul 26 23:12:18 jammy-provider-cloud-0000007420 neutron-server[89871]: DEBUG oslo_service.service [-] profiler.hmac_keys             = **** {{(pid=89871) log_opt_values /opt/stack/data/venv/lib/python3.10/site-packages/oslo_config/cfg.py:2620}}
Jul 26 23:12:18 jammy-provider-cloud-0000007420 neutron-server[89871]: DEBUG oslo_service.service [-] profiler.sentinel_service_name = mymaster {{(pid=89871) log_opt_values /opt/stack/data/venv/lib/python3.10/site-packages/oslo_config/cfg.py:2620}}
Jul 26 23:12:18 jammy-provider-cloud-0000007420 neutron-server[89871]: DEBUG oslo_service.service [-] profiler.socket_timeout        = 0.1 {{(pid=89871) log_opt_values /opt/stack/data/venv/lib/python3.10/site-packages/oslo_config/cfg.py:2620}}
Jul 26 23:12:18 jammy-provider-cloud-0000007420 neutron-server[89871]: DEBUG oslo_service.service [-] profiler.trace_requests        = False {{(pid=89871) log_opt_values /opt/stack/data/venv/lib/python3.10/site-packages/oslo_config/cfg.py:2620}}
Jul 26 23:12:18 jammy-provider-cloud-0000007420 neutron-server[89871]: DEBUG oslo_service.service [-] profiler.trace_sqlalchemy      = False {{(pid=89871) log_opt_values /opt/stack/data/venv/lib/python3.10/site-packages/oslo_config/cfg.py:2620}}
Jul 26 23:12:18 jammy-provider-cloud-0000007420 neutron-server[89871]: DEBUG oslo_service.service [-] profiler_jaeger.process_tags   = {} {{(pid=89871) log_opt_values /opt/stack/data/venv/lib/python3.10/site-packages/oslo_config/cfg.py:2620}}
Jul 26 23:12:18 jammy-provider-cloud-0000007420 neutron-server[90059]: DEBUG neutron.common.ovn.hash_ring_manager [None req-f3bc846c-36d4-4fc4-8173-a8a01687e08b None None] Allow caching, nodes 2>=2 {{(pid=90059) _wait_startup_before_caching /opt/stack/neutron/neutron/common/ovn/hash_ring_manager.py:64}}
Jul 26 23:12:18 jammy-provider-cloud-0000007420 neutron-server[89871]: DEBUG oslo_service.service [-] profiler_jaeger.service_name_prefix = None {{(pid=89871) log_opt_values /opt/stack/data/venv/lib/python3.10/site-packages/oslo_config/cfg.py:2620}}
Jul 26 23:12:18 jammy-provider-cloud-0000007420 neutron-server[89871]: DEBUG oslo_service.service [-] profiler_otlp.service_name_prefix = None {{(pid=89871) log_opt_values /opt/stack/data/venv/lib/python3.10/site-packages/oslo_config/cfg.py:2620}}
Jul 26 23:12:18 jammy-provider-cloud-0000007420 neutron-server[89871]: DEBUG oslo_service.service [-] oslo_policy.enforce_new_defaults = True {{(pid=89871) log_opt_values /opt/stack/data/venv/lib/python3.10/site-packages/oslo_config/cfg.py:2620}}
Jul 26 23:12:18 jammy-provider-cloud-0000007420 neutron-server[89871]: DEBUG oslo_service.service [-] oslo_policy.enforce_scope      = True {{(pid=89871) log_opt_values /opt/stack/data/venv/lib/python3.10/site-packages/oslo_config/cfg.py:2620}}
Jul 26 23:12:18 jammy-provider-cloud-0000007420 neutron-server[89871]: DEBUG oslo_service.service [-] oslo_policy.policy_default_rule = default {{(pid=89871) log_opt_values /opt/stack/data/venv/lib/python3.10/site-packages/oslo_config/cfg.py:2620}}
Jul 26 23:12:18 jammy-provider-cloud-0000007420 neutron-server[89871]: DEBUG oslo_service.service [-] oslo_policy.policy_dirs        = ['policy.d'] {{(pid=89871) log_opt_values /opt/stack/data/venv/lib/python3.10/site-packages/oslo_config/cfg.py:2620}}
Jul 26 23:12:18 jammy-provider-cloud-0000007420 neutron-server[89871]: DEBUG oslo_service.service [-] oslo_policy.policy_file        = /etc/neutron/policy.json {{(pid=89871) log_opt_values /opt/stack/data/venv/lib/python3.10/site-packages/oslo_config/cfg.py:2620}}
Jul 26 23:12:18 jammy-provider-cloud-0000007420 neutron-server[89871]: DEBUG oslo_service.service [-] oslo_policy.remote_content_type = application/x-www-form-urlencoded {{(pid=89871) log_opt_values /opt/stack/data/venv/lib/python3.10/site-packages/oslo_config/cfg.py:2620}}
Jul 26 23:12:18 jammy-provider-cloud-0000007420 neutron-server[89871]: DEBUG oslo_service.service [-] oslo_policy.remote_ssl_ca_crt_file = None {{(pid=89871) log_opt_values /opt/stack/data/venv/lib/python3.10/site-packages/oslo_config/cfg.py:2620}}
Jul 26 23:12:18 jammy-provider-cloud-0000007420 neutron-server[89871]: DEBUG oslo_service.service [-] oslo_policy.remote_ssl_client_crt_file = None {{(pid=89871) log_opt_values /opt/stack/data/venv/lib/python3.10/site-packages/oslo_config/cfg.py:2620}}
Jul 26 23:12:18 jammy-provider-cloud-0000007420 neutron-server[89871]: DEBUG oslo_service.service [-] oslo_policy.remote_ssl_client_key_file = None {{(pid=89871) log_opt_values /opt/stack/data/venv/lib/python3.10/site-packages/oslo_config/cfg.py:2620}}
Jul 26 23:12:18 jammy-provider-cloud-0000007420 neutron-server[89871]: DEBUG oslo_service.service [-] oslo_policy.remote_ssl_verify_server_crt = False {{(pid=89871) log_opt_values /opt/stack/data/venv/lib/python3.10/site-packages/oslo_config/cfg.py:2620}}
Jul 26 23:12:18 jammy-provider-cloud-0000007420 neutron-server[89871]: DEBUG oslo_service.service [-] oslo_messaging_metrics.metrics_buffer_size = 1000 {{(pid=89871) log_opt_values /opt/stack/data/venv/lib/python3.10/site-packages/oslo_config/cfg.py:2620}}
Jul 26 23:12:18 jammy-provider-cloud-0000007420 neutron-server[89871]: DEBUG oslo_service.service [-] oslo_messaging_metrics.metrics_enabled = False {{(pid=89871) log_opt_values /opt/stack/data/venv/lib/python3.10/site-packages/oslo_config/cfg.py:2620}}
Jul 26 23:12:18 jammy-provider-cloud-0000007420 neutron-server[90062]: DEBUG ovsdbapp.backend.ovs_idl [-] Created lookup_table index Logical_Switch.name {{(pid=90062) autocreate_indices /opt/stack/data/venv/lib/python3.10/site-packages/ovsdbapp/backend/ovs_idl/__init__.py:87}}
Jul 26 23:12:18 jammy-provider-cloud-0000007420 neutron-server[90062]: DEBUG ovsdbapp.backend.ovs_idl [-] Created lookup_table index Logical_Router.name {{(pid=90062) autocreate_indices /opt/stack/data/venv/lib/python3.10/site-packages/ovsdbapp/backend/ovs_idl/__init__.py:87}}
Jul 26 23:12:18 jammy-provider-cloud-0000007420 neutron-server[90062]: DEBUG ovsdbapp.backend.ovs_idl [-] Created lookup_table index Load_Balancer.name {{(pid=90062) autocreate_indices /opt/stack/data/venv/lib/python3.10/site-packages/ovsdbapp/backend/ovs_idl/__init__.py:87}}
Jul 26 23:12:18 jammy-provider-cloud-0000007420 neutron-server[89871]: DEBUG oslo_service.service [-] oslo_messaging_metrics.metrics_process_name =  {{(pid=89871) log_opt_values /opt/stack/data/venv/lib/python3.10/site-packages/oslo_config/cfg.py:2620}}
Jul 26 23:12:18 jammy-provider-cloud-0000007420 neutron-server[90062]: DEBUG ovsdbapp.backend.ovs_idl [-] Created schema index Copp.name {{(pid=90062) autocreate_indices /opt/stack/data/venv/lib/python3.10/site-packages/ovsdbapp/backend/ovs_idl/__init__.py:106}}
Jul 26 23:12:18 jammy-provider-cloud-0000007420 neutron-server[90062]: DEBUG ovsdbapp.backend.ovs_idl [-] Created schema index Meter.name {{(pid=90062) autocreate_indices /opt/stack/data/venv/lib/python3.10/site-packages/ovsdbapp/backend/ovs_idl/__init__.py:106}}
Jul 26 23:12:18 jammy-provider-cloud-0000007420 neutron-server[90062]: DEBUG ovsdbapp.backend.ovs_idl [-] Created schema index Load_Balancer_Group.name {{(pid=90062) autocreate_indices /opt/stack/data/venv/lib/python3.10/site-packages/ovsdbapp/backend/ovs_idl/__init__.py:106}}
Jul 26 23:12:18 jammy-provider-cloud-0000007420 neutron-server[90062]: DEBUG ovsdbapp.backend.ovs_idl [-] Created schema index HA_Chassis_Group.name {{(pid=90062) autocreate_indices /opt/stack/data/venv/lib/python3.10/site-packages/ovsdbapp/backend/ovs_idl/__init__.py:106}}
Jul 26 23:12:18 jammy-provider-cloud-0000007420 neutron-server[90062]: DEBUG ovsdbapp.backend.ovs_idl [-] Created schema index Address_Set.name {{(pid=90062) autocreate_indices /opt/stack/data/venv/lib/python3.10/site-packages/ovsdbapp/backend/ovs_idl/__init__.py:106}}
Jul 26 23:12:18 jammy-provider-cloud-0000007420 neutron-server[90062]: DEBUG ovsdbapp.backend.ovs_idl [-] Created schema index Connection.target {{(pid=90062) autocreate_indices /opt/stack/data/venv/lib/python3.10/site-packages/ovsdbapp/backend/ovs_idl/__init__.py:106}}
Jul 26 23:12:18 jammy-provider-cloud-0000007420 neutron-server[90062]: DEBUG ovsdbapp.backend.ovs_idl [-] Created schema index Gateway_Chassis.name {{(pid=90062) autocreate_indices /opt/stack/data/venv/lib/python3.10/site-packages/ovsdbapp/backend/ovs_idl/__init__.py:106}}
Jul 26 23:12:18 jammy-provider-cloud-0000007420 neutron-server[89871]: DEBUG oslo_service.service [-] oslo_messaging_metrics.metrics_socket_file = /var/tmp/metrics_collector.sock {{(pid=89871) log_opt_values /opt/stack/data/venv/lib/python3.10/site-packages/oslo_config/cfg.py:2620}}
Jul 26 23:12:18 jammy-provider-cloud-0000007420 neutron-server[90062]: DEBUG ovsdbapp.backend.ovs_idl [-] Created schema index Logical_Router_Port.name {{(pid=90062) autocreate_indices /opt/stack/data/venv/lib/python3.10/site-packages/ovsdbapp/backend/ovs_idl/__init__.py:106}}
Jul 26 23:12:18 jammy-provider-cloud-0000007420 neutron-server[90062]: DEBUG ovsdbapp.backend.ovs_idl [-] Created schema index Port_Group.name {{(pid=90062) autocreate_indices /opt/stack/data/venv/lib/python3.10/site-packages/ovsdbapp/backend/ovs_idl/__init__.py:106}}
Jul 26 23:12:18 jammy-provider-cloud-0000007420 neutron-server[90062]: DEBUG ovsdbapp.backend.ovs_idl [-] Created schema index Logical_Switch_Port.name {{(pid=90062) autocreate_indices /opt/stack/data/venv/lib/python3.10/site-packages/ovsdbapp/backend/ovs_idl/__init__.py:106}}
Jul 26 23:12:18 jammy-provider-cloud-0000007420 neutron-server[89871]: DEBUG oslo_service.service [-] oslo_messaging_metrics.metrics_thread_stop_timeout = 10 {{(pid=89871) log_opt_values /opt/stack/data/venv/lib/python3.10/site-packages/oslo_config/cfg.py:2620}}
Jul 26 23:12:18 jammy-provider-cloud-0000007420 neutron-server[89871]: DEBUG oslo_service.service [-] oslo_middleware.enable_proxy_headers_parsing = False {{(pid=89871) log_opt_values /opt/stack/data/venv/lib/python3.10/site-packages/oslo_config/cfg.py:2620}}
Jul 26 23:12:18 jammy-provider-cloud-0000007420 neutron-server[90062]: INFO ovsdbapp.backend.ovs_idl.vlog [-] tcp:10.201.5.87:6641: connecting...
Jul 26 23:12:18 jammy-provider-cloud-0000007420 neutron-server[89871]: DEBUG oslo_service.service [-] oslo_middleware.http_basic_auth_user_file = /etc/htpasswd {{(pid=89871) log_opt_values /opt/stack/data/venv/lib/python3.10/site-packages/oslo_config/cfg.py:2620}}
Jul 26 23:12:18 jammy-provider-cloud-0000007420 neutron-server[90062]: INFO ovsdbapp.backend.ovs_idl.vlog [-] tcp:10.201.5.87:6641: connected
Jul 26 23:12:18 jammy-provider-cloud-0000007420 neutron-server[90059]: DEBUG neutron.common.ovn.hash_ring_manager [None req-f3bc846c-36d4-4fc4-8173-a8a01687e08b None None] Hash Ring loaded. 2 active nodes. 0 offline nodes {{(pid=90059) _load_hash_ring /opt/stack/neutron/neutron/common/ovn/hash_ring_manager.py:99}}
Jul 26 23:12:18 jammy-provider-cloud-0000007420 neutron-server[89871]: DEBUG oslo_service.service [-] service_providers.service_provider = [] {{(pid=89871) log_opt_values /opt/stack/data/venv/lib/python3.10/site-packages/oslo_config/cfg.py:2620}}
Jul 26 23:12:18 jammy-provider-cloud-0000007420 neutron-server[89871]: DEBUG oslo_service.service [-] nova.auth_section              = None {{(pid=89871) log_opt_values /opt/stack/data/venv/lib/python3.10/site-packages/oslo_config/cfg.py:2620}}
Jul 26 23:12:18 jammy-provider-cloud-0000007420 neutron-server[89871]: DEBUG oslo_service.service [-] nova.auth_type                 = password {{(pid=89871) log_opt_values /opt/stack/data/venv/lib/python3.10/site-packages/oslo_config/cfg.py:2620}}
Jul 26 23:12:18 jammy-provider-cloud-0000007420 neutron-server[89871]: DEBUG oslo_service.service [-] nova.auth_url                  = http://10.201.5.87/identity {{(pid=89871) log_opt_values /opt/stack/data/venv/lib/python3.10/site-packages/oslo_config/cfg.py:2620}}
Jul 26 23:12:18 jammy-provider-cloud-0000007420 neutron-server[89871]: DEBUG oslo_service.service [-] nova.cafile                    = /opt/stack/data/ca-bundle.pem {{(pid=89871) log_opt_values /opt/stack/data/venv/lib/python3.10/site-packages/oslo_config/cfg.py:2620}}
Jul 26 23:12:18 jammy-provider-cloud-0000007420 neutron-server[89871]: DEBUG oslo_service.service [-] nova.certfile                  = None {{(pid=89871) log_opt_values /opt/stack/data/venv/lib/python3.10/site-packages/oslo_config/cfg.py:2620}}
Jul 26 23:12:18 jammy-provider-cloud-0000007420 neutron-server[90058]: DEBUG ovsdbapp.backend.ovs_idl [None req-62e21357-f7b3-4f93-bc23-f6f35cea324f None None] Created lookup_table index Logical_Switch.name {{(pid=90058) autocreate_indices /opt/stack/data/venv/lib/python3.10/site-packages/ovsdbapp/backend/ovs_idl/__init__.py:87}}
Jul 26 23:12:18 jammy-provider-cloud-0000007420 neutron-server[90058]: DEBUG ovsdbapp.backend.ovs_idl [None req-62e21357-f7b3-4f93-bc23-f6f35cea324f None None] Created lookup_table index Logical_Router.name {{(pid=90058) autocreate_indices /opt/stack/data/venv/lib/python3.10/site-packages/ovsdbapp/backend/ovs_idl/__init__.py:87}}
Jul 26 23:12:18 jammy-provider-cloud-0000007420 neutron-server[89871]: DEBUG oslo_service.service [-] nova.collect_timing            = False {{(pid=89871) log_opt_values /opt/stack/data/venv/lib/python3.10/site-packages/oslo_config/cfg.py:2620}}
Jul 26 23:12:18 jammy-provider-cloud-0000007420 neutron-server[90058]: DEBUG ovsdbapp.backend.ovs_idl [None req-62e21357-f7b3-4f93-bc23-f6f35cea324f None None] Created lookup_table index Load_Balancer.name {{(pid=90058) autocreate_indices /opt/stack/data/venv/lib/python3.10/site-packages/ovsdbapp/backend/ovs_idl/__init__.py:87}}
Jul 26 23:12:18 jammy-provider-cloud-0000007420 neutron-server[90058]: DEBUG ovsdbapp.backend.ovs_idl [None req-62e21357-f7b3-4f93-bc23-f6f35cea324f None None] Created schema index Copp.name {{(pid=90058) autocreate_indices /opt/stack/data/venv/lib/python3.10/site-packages/ovsdbapp/backend/ovs_idl/__init__.py:106}}
Jul 26 23:12:18 jammy-provider-cloud-0000007420 neutron-server[90058]: DEBUG ovsdbapp.backend.ovs_idl [None req-62e21357-f7b3-4f93-bc23-f6f35cea324f None None] Created schema index Meter.name {{(pid=90058) autocreate_indices /opt/stack/data/venv/lib/python3.10/site-packages/ovsdbapp/backend/ovs_idl/__init__.py:106}}
Jul 26 23:12:18 jammy-provider-cloud-0000007420 neutron-server[89871]: DEBUG oslo_service.service [-] nova.default_domain_id         = None {{(pid=89871) log_opt_values /opt/stack/data/venv/lib/python3.10/site-packages/oslo_config/cfg.py:2620}}
Jul 26 23:12:18 jammy-provider-cloud-0000007420 neutron-server[90058]: DEBUG ovsdbapp.backend.ovs_idl [None req-62e21357-f7b3-4f93-bc23-f6f35cea324f None None] Created schema index Load_Balancer_Group.name {{(pid=90058) autocreate_indices /opt/stack/data/venv/lib/python3.10/site-packages/ovsdbapp/backend/ovs_idl/__init__.py:106}}
Jul 26 23:12:18 jammy-provider-cloud-0000007420 neutron-server[90058]: DEBUG ovsdbapp.backend.ovs_idl [None req-62e21357-f7b3-4f93-bc23-f6f35cea324f None None] Created schema index HA_Chassis_Group.name {{(pid=90058) autocreate_indices /opt/stack/data/venv/lib/python3.10/site-packages/ovsdbapp/backend/ovs_idl/__init__.py:106}}
Jul 26 23:12:18 jammy-provider-cloud-0000007420 neutron-server[90058]: DEBUG ovsdbapp.backend.ovs_idl [None req-62e21357-f7b3-4f93-bc23-f6f35cea324f None None] Created schema index Address_Set.name {{(pid=90058) autocreate_indices /opt/stack/data/venv/lib/python3.10/site-packages/ovsdbapp/backend/ovs_idl/__init__.py:106}}
Jul 26 23:12:18 jammy-provider-cloud-0000007420 neutron-server[90058]: DEBUG ovsdbapp.backend.ovs_idl [None req-62e21357-f7b3-4f93-bc23-f6f35cea324f None None] Created schema index Connection.target {{(pid=90058) autocreate_indices /opt/stack/data/venv/lib/python3.10/site-packages/ovsdbapp/backend/ovs_idl/__init__.py:106}}
Jul 26 23:12:18 jammy-provider-cloud-0000007420 neutron-server[90058]: DEBUG ovsdbapp.backend.ovs_idl [None req-62e21357-f7b3-4f93-bc23-f6f35cea324f None None] Created schema index Gateway_Chassis.name {{(pid=90058) autocreate_indices /opt/stack/data/venv/lib/python3.10/site-packages/ovsdbapp/backend/ovs_idl/__init__.py:106}}
Jul 26 23:12:18 jammy-provider-cloud-0000007420 neutron-server[90058]: DEBUG ovsdbapp.backend.ovs_idl [None req-62e21357-f7b3-4f93-bc23-f6f35cea324f None None] Created schema index Logical_Router_Port.name {{(pid=90058) autocreate_indices /opt/stack/data/venv/lib/python3.10/site-packages/ovsdbapp/backend/ovs_idl/__init__.py:106}}
Jul 26 23:12:18 jammy-provider-cloud-0000007420 neutron-server[90058]: DEBUG ovsdbapp.backend.ovs_idl [None req-62e21357-f7b3-4f93-bc23-f6f35cea324f None None] Created schema index Port_Group.name {{(pid=90058) autocreate_indices /opt/stack/data/venv/lib/python3.10/site-packages/ovsdbapp/backend/ovs_idl/__init__.py:106}}
Jul 26 23:12:18 jammy-provider-cloud-0000007420 neutron-server[90058]: DEBUG ovsdbapp.backend.ovs_idl [None req-62e21357-f7b3-4f93-bc23-f6f35cea324f None None] Created schema index Logical_Switch_Port.name {{(pid=90058) autocreate_indices /opt/stack/data/venv/lib/python3.10/site-packages/ovsdbapp/backend/ovs_idl/__init__.py:106}}
Jul 26 23:12:18 jammy-provider-cloud-0000007420 neutron-server[90061]: DEBUG dbcounter [-] [90061] Writer thread running {{(pid=90061) stat_writer /opt/stack/data/venv/lib/python3.10/site-packages/dbcounter.py:102}}
Jul 26 23:12:18 jammy-provider-cloud-0000007420 neutron-server[90058]: INFO ovsdbapp.backend.ovs_idl.vlog [None req-62e21357-f7b3-4f93-bc23-f6f35cea324f None None] tcp:10.201.5.87:6641: connecting...
Jul 26 23:12:18 jammy-provider-cloud-0000007420 neutron-server[89871]: DEBUG oslo_service.service [-] nova.default_domain_name       = None {{(pid=89871) log_opt_values /opt/stack/data/venv/lib/python3.10/site-packages/oslo_config/cfg.py:2620}}
Jul 26 23:12:18 jammy-provider-cloud-0000007420 neutron-server[90058]: INFO ovsdbapp.backend.ovs_idl.vlog [None req-62e21357-f7b3-4f93-bc23-f6f35cea324f None None] tcp:10.201.5.87:6641: connected
Jul 26 23:12:18 jammy-provider-cloud-0000007420 neutron-server[89871]: DEBUG oslo_service.service [-] nova.domain_id                 = None {{(pid=89871) log_opt_values /opt/stack/data/venv/lib/python3.10/site-packages/oslo_config/cfg.py:2620}}
Jul 26 23:12:18 jammy-provider-cloud-0000007420 neutron-server[89871]: DEBUG oslo_service.service [-] nova.domain_name               = None {{(pid=89871) log_opt_values /opt/stack/data/venv/lib/python3.10/site-packages/oslo_config/cfg.py:2620}}
Jul 26 23:12:18 jammy-provider-cloud-0000007420 neutron-server[90059]: DEBUG neutron.plugins.ml2.drivers.ovn.mech_driver.ovsdb.ovsdb_monitor [None req-f3bc846c-36d4-4fc4-8173-a8a01687e08b None None] Hash Ring: Node 7a6c5f5d-638b-494b-9912-1d90b76cd817 (host: jammy-provider-cloud-0000007420) handling event "create" for row 7292ba8f-1d7e-4afc-991d-fd98ad4de236 (table: Database) {{(pid=90059) notify /opt/stack/neutron/neutron/plugins/ml2/drivers/ovn/mech_driver/ovsdb/ovsdb_monitor.py:839}}
Jul 26 23:12:18 jammy-provider-cloud-0000007420 neutron-server[89871]: DEBUG oslo_service.service [-] nova.endpoint_type             = public {{(pid=89871) log_opt_values /opt/stack/data/venv/lib/python3.10/site-packages/oslo_config/cfg.py:2620}}
Jul 26 23:12:18 jammy-provider-cloud-0000007420 neutron-server[89871]: DEBUG oslo_service.service [-] nova.insecure                  = False {{(pid=89871) log_opt_values /opt/stack/data/venv/lib/python3.10/site-packages/oslo_config/cfg.py:2620}}
Jul 26 23:12:18 jammy-provider-cloud-0000007420 neutron-server[89871]: DEBUG oslo_service.service [-] nova.keyfile                   = None {{(pid=89871) log_opt_values /opt/stack/data/venv/lib/python3.10/site-packages/oslo_config/cfg.py:2620}}
Jul 26 23:12:18 jammy-provider-cloud-0000007420 neutron-server[89871]: DEBUG oslo_service.service [-] nova.password                  = **** {{(pid=89871) log_opt_values /opt/stack/data/venv/lib/python3.10/site-packages/oslo_config/cfg.py:2620}}
Jul 26 23:12:18 jammy-provider-cloud-0000007420 neutron-server[89871]: DEBUG oslo_service.service [-] nova.project_domain_id         = None {{(pid=89871) log_opt_values /opt/stack/data/venv/lib/python3.10/site-packages/oslo_config/cfg.py:2620}}
Jul 26 23:12:18 jammy-provider-cloud-0000007420 neutron-server[89871]: DEBUG oslo_service.service [-] nova.project_domain_name       = Default {{(pid=89871) log_opt_values /opt/stack/data/venv/lib/python3.10/site-packages/oslo_config/cfg.py:2620}}
Jul 26 23:12:18 jammy-provider-cloud-0000007420 neutron-server[89871]: DEBUG oslo_service.service [-] nova.project_id                = None {{(pid=89871) log_opt_values /opt/stack/data/venv/lib/python3.10/site-packages/oslo_config/cfg.py:2620}}
Jul 26 23:12:18 jammy-provider-cloud-0000007420 neutron-server[90059]: DEBUG neutron.plugins.ml2.drivers.ovn.mech_driver.ovsdb.ovsdb_monitor [None req-f3bc846c-36d4-4fc4-8173-a8a01687e08b None None] Hash Ring: Node 7a6c5f5d-638b-494b-9912-1d90b76cd817 (host: jammy-provider-cloud-0000007420) handling event "create" for row fa032235-f7a1-42a0-adec-e9b8f1e3828e (table: ACL) {{(pid=90059) notify /opt/stack/neutron/neutron/plugins/ml2/drivers/ovn/mech_driver/ovsdb/ovsdb_monitor.py:839}}
Jul 26 23:12:18 jammy-provider-cloud-0000007420 neutron-server[89871]: DEBUG oslo_service.service [-] nova.project_name              = service {{(pid=89871) log_opt_values /opt/stack/data/venv/lib/python3.10/site-packages/oslo_config/cfg.py:2620}}
Jul 26 23:12:18 jammy-provider-cloud-0000007420 neutron-server[90059]: DEBUG neutron.plugins.ml2.drivers.ovn.mech_driver.ovsdb.ovsdb_monitor [None req-f3bc846c-36d4-4fc4-8173-a8a01687e08b None None] Hash Ring: Node 7a6c5f5d-638b-494b-9912-1d90b76cd817 (host: jammy-provider-cloud-0000007420) handling event "create" for row fa9502f7-5187-4162-8fdc-1dada4deab3f (table: ACL) {{(pid=90059) notify /opt/stack/neutron/neutron/plugins/ml2/drivers/ovn/mech_driver/ovsdb/ovsdb_monitor.py:839}}
Jul 26 23:12:18 jammy-provider-cloud-0000007420 neutron-server[89871]: DEBUG oslo_service.service [-] nova.region_name               = RegionOne {{(pid=89871) log_opt_values /opt/stack/data/venv/lib/python3.10/site-packages/oslo_config/cfg.py:2620}}
Jul 26 23:12:18 jammy-provider-cloud-0000007420 neutron-server[90059]: DEBUG neutron.plugins.ml2.drivers.ovn.mech_driver.ovsdb.ovsdb_monitor [None req-f3bc846c-36d4-4fc4-8173-a8a01687e08b None None] Hash Ring: Node 7a6c5f5d-638b-494b-9912-1d90b76cd817 (host: jammy-provider-cloud-0000007420) handling event "create" for row 4bc85c7d-8473-4429-974c-89c693833347 (table: Connection) {{(pid=90059) notify /opt/stack/neutron/neutron/plugins/ml2/drivers/ovn/mech_driver/ovsdb/ovsdb_monitor.py:839}}
Jul 26 23:12:18 jammy-provider-cloud-0000007420 neutron-server[89871]: DEBUG oslo_service.service [-] nova.split_loggers             = False {{(pid=89871) log_opt_values /opt/stack/data/venv/lib/python3.10/site-packages/oslo_config/cfg.py:2620}}
Jul 26 23:12:18 jammy-provider-cloud-0000007420 neutron-server[90059]: DEBUG neutron.plugins.ml2.drivers.ovn.mech_driver.ovsdb.ovsdb_monitor [None req-f3bc846c-36d4-4fc4-8173-a8a01687e08b None None] Hash Ring: Node 7a6c5f5d-638b-494b-9912-1d90b76cd817 (host: jammy-provider-cloud-0000007420) handling event "create" for row 0b856a78-c39a-49cb-bbdb-6967206fce49 (table: Port_Group) {{(pid=90059) notify /opt/stack/neutron/neutron/plugins/ml2/drivers/ovn/mech_driver/ovsdb/ovsdb_monitor.py:839}}
Jul 26 23:12:18 jammy-provider-cloud-0000007420 neutron-server[89871]: DEBUG oslo_service.service [-] nova.system_scope              = None {{(pid=89871) log_opt_values /opt/stack/data/venv/lib/python3.10/site-packages/oslo_config/cfg.py:2620}}
Jul 26 23:12:18 jammy-provider-cloud-0000007420 neutron-server[89871]: DEBUG oslo_service.service [-] nova.timeout                   = None {{(pid=89871) log_opt_values /opt/stack/data/venv/lib/python3.10/site-packages/oslo_config/cfg.py:2620}}
Jul 26 23:12:18 jammy-provider-cloud-0000007420 neutron-server[89871]: DEBUG oslo_service.service [-] nova.trust_id                  = None {{(pid=89871) log_opt_values /opt/stack/data/venv/lib/python3.10/site-packages/oslo_config/cfg.py:2620}}
