Apr 16 14:35:59 ubuntu systemd[1]: Starting devstack@g-api.service - Devstack devstack@g-api.service...
Apr 16 14:35:59 ubuntu devstack@g-api.service[115950]: [uWSGI] getting INI configuration from /etc/glance/glance-uwsgi.ini
Apr 16 14:35:59 ubuntu devstack@g-api.service[115950]: *** Starting uWSGI 2.0.24-debian (64bit) on [Thu Apr 16 14:35:59 2026] ***
Apr 16 14:35:59 ubuntu devstack@g-api.service[115950]: compiled with version: 13.2.0 on 17 April 2024 16:23:48
Apr 16 14:35:59 ubuntu devstack@g-api.service[115950]: os: Linux-6.8.0-100-generic #100-Ubuntu SMP PREEMPT_DYNAMIC Tue Jan 13 16:40:06 UTC 2026
Apr 16 14:35:59 ubuntu devstack@g-api.service[115950]: nodename: ubuntu
Apr 16 14:35:59 ubuntu devstack@g-api.service[115950]: machine: x86_64
Apr 16 14:35:59 ubuntu devstack@g-api.service[115950]: clock source: unix
Apr 16 14:35:59 ubuntu devstack@g-api.service[115950]: pcre jit disabled
Apr 16 14:35:59 ubuntu devstack@g-api.service[115950]: detected number of CPU cores: 4
Apr 16 14:35:59 ubuntu devstack@g-api.service[115950]: current working directory: /
Apr 16 14:35:59 ubuntu devstack@g-api.service[115950]: detected binary path: /usr/bin/uwsgi-core
Apr 16 14:35:59 ubuntu devstack@g-api.service[115950]: your processes number limit is 31446
Apr 16 14:35:59 ubuntu devstack@g-api.service[115950]: your memory page size is 4096 bytes
Apr 16 14:35:59 ubuntu devstack@g-api.service[115950]: detected max file descriptor number: 2048
Apr 16 14:35:59 ubuntu devstack@g-api.service[115950]: lock engine: pthread robust mutexes
Apr 16 14:35:59 ubuntu devstack@g-api.service[115950]: thunder lock: enabled
Apr 16 14:35:59 ubuntu devstack@g-api.service[115950]: uwsgi socket 0 bound to TCP address 127.0.0.1:60999 fd 4
Apr 16 14:35:59 ubuntu devstack@g-api.service[115950]: Python version: 3.12.3 (main, Mar  3 2026, 12:15:18) [GCC 13.3.0]
Apr 16 14:35:59 ubuntu devstack@g-api.service[115950]: PEP 405 virtualenv detected: /opt/stack/data/venv
Apr 16 14:35:59 ubuntu devstack@g-api.service[115950]: Set PythonHome to /opt/stack/data/venv
Apr 16 14:35:59 ubuntu devstack@g-api.service[115950]: Python main interpreter initialized at 0x76bc25aa3668
Apr 16 14:35:59 ubuntu devstack@g-api.service[115950]: python threads support enabled
Apr 16 14:35:59 ubuntu devstack@g-api.service[115950]: your server socket listen backlog is limited to 100 connections
Apr 16 14:35:59 ubuntu devstack@g-api.service[115950]: your mercy for graceful operations on workers is 80 seconds
Apr 16 14:35:59 ubuntu devstack@g-api.service[115950]: mapped 403077 bytes (393 KB) for 2 cores
Apr 16 14:35:59 ubuntu devstack@g-api.service[115950]: *** Operational MODE: preforking ***
Apr 16 14:35:59 ubuntu devstack@g-api.service[115950]: *** uWSGI is running in multiple interpreter mode ***
Apr 16 14:35:59 ubuntu devstack@g-api.service[115950]: spawned uWSGI master process (pid: 115950)
Apr 16 14:35:59 ubuntu devstack@g-api.service[115950]: spawned uWSGI worker 1 (pid: 115952, cores: 1)
Apr 16 14:35:59 ubuntu systemd[1]: Started devstack@g-api.service - Devstack devstack@g-api.service.
Apr 16 14:35:59 ubuntu devstack@g-api.service[115950]: spawned uWSGI worker 2 (pid: 115953, cores: 1)
Apr 16 14:35:59 ubuntu devstack@g-api.service[115950]: running "unix_signal:15 gracefully_kill_them_all" (master-start)...
Apr 16 14:35:59 ubuntu devstack@g-api.service[115952]: /opt/stack/data/venv/lib/python3.12/site-packages/oslo_utils/importutils.py:77: EventletDeprecationWarning:
Apr 16 14:35:59 ubuntu devstack@g-api.service[115952]: Eventlet is deprecated. It is currently being maintained in bugfix mode, and
Apr 16 14:35:59 ubuntu devstack@g-api.service[115952]: we strongly recommend against using it for new projects.
Apr 16 14:35:59 ubuntu devstack@g-api.service[115952]: If you are already using Eventlet, we recommend migrating to a different
Apr 16 14:35:59 ubuntu devstack@g-api.service[115952]: framework.  For more detail see
Apr 16 14:35:59 ubuntu devstack@g-api.service[115952]: https://eventlet.readthedocs.io/en/latest/asyncio/migration.html
Apr 16 14:35:59 ubuntu devstack@g-api.service[115952]:   __import__(import_str)
Apr 16 14:35:59 ubuntu devstack@g-api.service[115953]: /opt/stack/data/venv/lib/python3.12/site-packages/oslo_utils/importutils.py:77: EventletDeprecationWarning:
Apr 16 14:35:59 ubuntu devstack@g-api.service[115953]: Eventlet is deprecated. It is currently being maintained in bugfix mode, and
Apr 16 14:35:59 ubuntu devstack@g-api.service[115953]: we strongly recommend against using it for new projects.
Apr 16 14:35:59 ubuntu devstack@g-api.service[115953]: If you are already using Eventlet, we recommend migrating to a different
Apr 16 14:35:59 ubuntu devstack@g-api.service[115953]: framework.  For more detail see
Apr 16 14:35:59 ubuntu devstack@g-api.service[115953]: https://eventlet.readthedocs.io/en/latest/asyncio/migration.html
Apr 16 14:35:59 ubuntu devstack@g-api.service[115953]:   __import__(import_str)
Apr 16 14:36:00 ubuntu devstack@g-api.service[115953]: INFO glance.async_ [-] Threadpool model set to 'NativeThreadPoolModel'
Apr 16 14:36:00 ubuntu devstack@g-api.service[115952]: INFO glance.async_ [-] Threadpool model set to 'NativeThreadPoolModel'
Apr 16 14:36:00 ubuntu devstack@g-api.service[115953]: DEBUG oslo_concurrency.processutils [-] Running cmd (subprocess): grep -F node.session.scan /sbin/iscsiadm {{(pid=115953) execute /opt/stack/data/venv/lib/python3.12/site-packages/oslo_concurrency/processutils.py:440}}
Apr 16 14:36:00 ubuntu devstack@g-api.service[115953]: DEBUG oslo_concurrency.processutils [-] CMD "grep -F node.session.scan /sbin/iscsiadm" returned: 0 in 0.016s {{(pid=115953) execute /opt/stack/data/venv/lib/python3.12/site-packages/oslo_concurrency/processutils.py:468}}
Apr 16 14:36:00 ubuntu devstack@g-api.service[115952]: DEBUG oslo_concurrency.processutils [-] Running cmd (subprocess): grep -F node.session.scan /sbin/iscsiadm {{(pid=115952) execute /opt/stack/data/venv/lib/python3.12/site-packages/oslo_concurrency/processutils.py:440}}
Apr 16 14:36:00 ubuntu devstack@g-api.service[115952]: DEBUG oslo_concurrency.processutils [-] CMD "grep -F node.session.scan /sbin/iscsiadm" returned: 0 in 0.009s {{(pid=115952) execute /opt/stack/data/venv/lib/python3.12/site-packages/oslo_concurrency/processutils.py:468}}
Apr 16 14:36:00 ubuntu devstack@g-api.service[115952]: DEBUG glance_store.backend [-] Attempting to import store cinder {{(pid=115952) _load_store /opt/stack/data/venv/lib/python3.12/site-packages/glance_store/backend.py:215}}
Apr 16 14:36:00 ubuntu devstack@g-api.service[115953]: DEBUG glance_store.backend [-] Attempting to import store cinder {{(pid=115953) _load_store /opt/stack/data/venv/lib/python3.12/site-packages/glance_store/backend.py:215}}
Apr 16 14:36:00 ubuntu devstack@g-api.service[115952]: DEBUG glance_store.backend [-] Attempting to import store file {{(pid=115952) _load_store /opt/stack/data/venv/lib/python3.12/site-packages/glance_store/backend.py:215}}
Apr 16 14:36:00 ubuntu devstack@g-api.service[115953]: DEBUG glance_store.backend [-] Attempting to import store file {{(pid=115953) _load_store /opt/stack/data/venv/lib/python3.12/site-packages/glance_store/backend.py:215}}
Apr 16 14:36:00 ubuntu devstack@g-api.service[115952]: DEBUG glance_store.backend [-] Attempting to import store glance.store.cinder.Store {{(pid=115952) _load_store /opt/stack/data/venv/lib/python3.12/site-packages/glance_store/backend.py:215}}
Apr 16 14:36:00 ubuntu devstack@g-api.service[115953]: DEBUG glance_store.backend [-] Attempting to import store glance.store.cinder.Store {{(pid=115953) _load_store /opt/stack/data/venv/lib/python3.12/site-packages/glance_store/backend.py:215}}
Apr 16 14:36:00 ubuntu devstack@g-api.service[115952]: DEBUG glance_store.backend [-] Attempting to import store glance.store.filesystem.Store {{(pid=115952) _load_store /opt/stack/data/venv/lib/python3.12/site-packages/glance_store/backend.py:215}}
Apr 16 14:36:00 ubuntu devstack@g-api.service[115953]: DEBUG glance_store.backend [-] Attempting to import store glance.store.filesystem.Store {{(pid=115953) _load_store /opt/stack/data/venv/lib/python3.12/site-packages/glance_store/backend.py:215}}
Apr 16 14:36:00 ubuntu devstack@g-api.service[115952]: DEBUG glance_store.backend [-] Attempting to import store glance.store.http.Store {{(pid=115952) _load_store /opt/stack/data/venv/lib/python3.12/site-packages/glance_store/backend.py:215}}
Apr 16 14:36:00 ubuntu devstack@g-api.service[115953]: DEBUG glance_store.backend [-] Attempting to import store glance.store.http.Store {{(pid=115953) _load_store /opt/stack/data/venv/lib/python3.12/site-packages/glance_store/backend.py:215}}
Apr 16 14:36:00 ubuntu devstack@g-api.service[115952]: DEBUG glance_store.backend [-] Attempting to import store glance.store.rbd.Store {{(pid=115952) _load_store /opt/stack/data/venv/lib/python3.12/site-packages/glance_store/backend.py:215}}
Apr 16 14:36:00 ubuntu devstack@g-api.service[115953]: DEBUG glance_store.backend [-] Attempting to import store glance.store.rbd.Store {{(pid=115953) _load_store /opt/stack/data/venv/lib/python3.12/site-packages/glance_store/backend.py:215}}
Apr 16 14:36:00 ubuntu devstack@g-api.service[115952]: DEBUG glance_store.backend [-] Attempting to import store glance.store.s3.Store {{(pid=115952) _load_store /opt/stack/data/venv/lib/python3.12/site-packages/glance_store/backend.py:215}}
Apr 16 14:36:00 ubuntu devstack@g-api.service[115953]: DEBUG glance_store.backend [-] Attempting to import store glance.store.s3.Store {{(pid=115953) _load_store /opt/stack/data/venv/lib/python3.12/site-packages/glance_store/backend.py:215}}
Apr 16 14:36:00 ubuntu devstack@g-api.service[115952]: DEBUG glance_store.backend [-] Attempting to import store glance.store.swift.Store {{(pid=115952) _load_store /opt/stack/data/venv/lib/python3.12/site-packages/glance_store/backend.py:215}}
Apr 16 14:36:00 ubuntu devstack@g-api.service[115953]: DEBUG glance_store.backend [-] Attempting to import store glance.store.swift.Store {{(pid=115953) _load_store /opt/stack/data/venv/lib/python3.12/site-packages/glance_store/backend.py:215}}
Apr 16 14:36:00 ubuntu devstack@g-api.service[115952]: DEBUG glance_store.backend [-] Attempting to import store glance.store.vmware_datastore.Store {{(pid=115952) _load_store /opt/stack/data/venv/lib/python3.12/site-packages/glance_store/backend.py:215}}
Apr 16 14:36:00 ubuntu devstack@g-api.service[115953]: DEBUG glance_store.backend [-] Attempting to import store glance.store.vmware_datastore.Store {{(pid=115953) _load_store /opt/stack/data/venv/lib/python3.12/site-packages/glance_store/backend.py:215}}
Apr 16 14:36:00 ubuntu devstack@g-api.service[115952]: DEBUG glance_store.backend [-] Attempting to import store http {{(pid=115952) _load_store /opt/stack/data/venv/lib/python3.12/site-packages/glance_store/backend.py:215}}
Apr 16 14:36:00 ubuntu devstack@g-api.service[115953]: DEBUG glance_store.backend [-] Attempting to import store http {{(pid=115953) _load_store /opt/stack/data/venv/lib/python3.12/site-packages/glance_store/backend.py:215}}
Apr 16 14:36:00 ubuntu devstack@g-api.service[115952]: DEBUG glance_store.backend [-] Attempting to import store no_conf {{(pid=115952) _load_store /opt/stack/data/venv/lib/python3.12/site-packages/glance_store/backend.py:215}}
Apr 16 14:36:00 ubuntu devstack@g-api.service[115953]: DEBUG glance_store.backend [-] Attempting to import store no_conf {{(pid=115953) _load_store /opt/stack/data/venv/lib/python3.12/site-packages/glance_store/backend.py:215}}
Apr 16 14:36:00 ubuntu devstack@g-api.service[115952]: DEBUG glance_store.backend [-] Attempting to import store rbd {{(pid=115952) _load_store /opt/stack/data/venv/lib/python3.12/site-packages/glance_store/backend.py:215}}
Apr 16 14:36:00 ubuntu devstack@g-api.service[115953]: DEBUG glance_store.backend [-] Attempting to import store rbd {{(pid=115953) _load_store /opt/stack/data/venv/lib/python3.12/site-packages/glance_store/backend.py:215}}
Apr 16 14:36:00 ubuntu devstack@g-api.service[115953]: DEBUG glance_store.backend [-] Attempting to import store s3 {{(pid=115953) _load_store /opt/stack/data/venv/lib/python3.12/site-packages/glance_store/backend.py:215}}
Apr 16 14:36:00 ubuntu devstack@g-api.service[115952]: DEBUG glance_store.backend [-] Attempting to import store s3 {{(pid=115952) _load_store /opt/stack/data/venv/lib/python3.12/site-packages/glance_store/backend.py:215}}
Apr 16 14:36:00 ubuntu devstack@g-api.service[115953]: DEBUG glance_store.backend [-] Attempting to import store swift {{(pid=115953) _load_store /opt/stack/data/venv/lib/python3.12/site-packages/glance_store/backend.py:215}}
Apr 16 14:36:00 ubuntu devstack@g-api.service[115953]: DEBUG glance_store.backend [-] Attempting to import store vmware {{(pid=115953) _load_store /opt/stack/data/venv/lib/python3.12/site-packages/glance_store/backend.py:215}}
Apr 16 14:36:00 ubuntu devstack@g-api.service[115952]: DEBUG glance_store.backend [-] Attempting to import store swift {{(pid=115952) _load_store /opt/stack/data/venv/lib/python3.12/site-packages/glance_store/backend.py:215}}
Apr 16 14:36:00 ubuntu devstack@g-api.service[115953]: DEBUG glance_store.backend [-] Registering options for group glance_store {{(pid=115953) register_opts /opt/stack/data/venv/lib/python3.12/site-packages/glance_store/backend.py:144}}
Apr 16 14:36:00 ubuntu devstack@g-api.service[115952]: DEBUG glance_store.backend [-] Attempting to import store vmware {{(pid=115952) _load_store /opt/stack/data/venv/lib/python3.12/site-packages/glance_store/backend.py:215}}
Apr 16 14:36:00 ubuntu devstack@g-api.service[115952]: DEBUG glance_store.backend [-] Registering options for group glance_store {{(pid=115952) register_opts /opt/stack/data/venv/lib/python3.12/site-packages/glance_store/backend.py:144}}
Apr 16 14:36:00 ubuntu devstack@g-api.service[115953]: DEBUG glance_store.backend [-] Registering options for group glance_store {{(pid=115953) register_opts /opt/stack/data/venv/lib/python3.12/site-packages/glance_store/backend.py:144}}
Apr 16 14:36:00 ubuntu devstack@g-api.service[115952]: DEBUG glance_store.backend [-] Registering options for group glance_store {{(pid=115952) register_opts /opt/stack/data/venv/lib/python3.12/site-packages/glance_store/backend.py:144}}
Apr 16 14:36:00 ubuntu devstack@g-api.service[115953]: DEBUG glance_store.backend [-] Attempting to import store file {{(pid=115953) _load_store /opt/stack/data/venv/lib/python3.12/site-packages/glance_store/backend.py:215}}
Apr 16 14:36:00 ubuntu devstack@g-api.service[115952]: DEBUG glance_store.backend [-] Attempting to import store file {{(pid=115952) _load_store /opt/stack/data/venv/lib/python3.12/site-packages/glance_store/backend.py:215}}
Apr 16 14:36:00 ubuntu devstack@g-api.service[115953]: DEBUG glance_store.capabilities [-] Store glance_store._drivers.filesystem.Store doesn't support updating dynamic storage capabilities. Please overwrite 'update_capabilities' method of the store to implement updating logics if needed. {{(pid=115953) update_capabilities /opt/stack/data/venv/lib/python3.12/site-packages/glance_store/capabilities.py:91}}
Apr 16 14:36:00 ubuntu devstack@g-api.service[115953]: DEBUG glance_store.backend [-] Registering store file with schemes ('file', 'filesystem') {{(pid=115953) create_stores /opt/stack/data/venv/lib/python3.12/site-packages/glance_store/backend.py:261}}
Apr 16 14:36:00 ubuntu devstack@g-api.service[115952]: DEBUG glance_store.capabilities [-] Store glance_store._drivers.filesystem.Store doesn't support updating dynamic storage capabilities. Please overwrite 'update_capabilities' method of the store to implement updating logics if needed. {{(pid=115952) update_capabilities /opt/stack/data/venv/lib/python3.12/site-packages/glance_store/capabilities.py:91}}
Apr 16 14:36:00 ubuntu devstack@g-api.service[115953]: DEBUG glance_store.driver [-] Late loading location class glance_store._drivers.filesystem.StoreLocation {{(pid=115953) get_store_location_class /opt/stack/data/venv/lib/python3.12/site-packages/glance_store/driver.py:134}}
Apr 16 14:36:00 ubuntu devstack@g-api.service[115952]: DEBUG glance_store.backend [-] Registering store file with schemes ('file', 'filesystem') {{(pid=115952) create_stores /opt/stack/data/venv/lib/python3.12/site-packages/glance_store/backend.py:261}}
Apr 16 14:36:00 ubuntu devstack@g-api.service[115953]: DEBUG glance_store.location [-] Registering scheme file with {'store': <glance_store._drivers.filesystem.Store object at 0x76bc211eade0>, 'location_class': <class 'glance_store._drivers.filesystem.StoreLocation'>, 'store_entry': 'file'} {{(pid=115953) register_scheme_map /opt/stack/data/venv/lib/python3.12/site-packages/glance_store/location.py:146}}
Apr 16 14:36:00 ubuntu devstack@g-api.service[115953]: DEBUG glance_store.location [-] Registering scheme filesystem with {'store': <glance_store._drivers.filesystem.Store object at 0x76bc211eade0>, 'location_class': <class 'glance_store._drivers.filesystem.StoreLocation'>, 'store_entry': 'file'} {{(pid=115953) register_scheme_map /opt/stack/data/venv/lib/python3.12/site-packages/glance_store/location.py:146}}
Apr 16 14:36:00 ubuntu devstack@g-api.service[115952]: DEBUG glance_store.driver [-] Late loading location class glance_store._drivers.filesystem.StoreLocation {{(pid=115952) get_store_location_class /opt/stack/data/venv/lib/python3.12/site-packages/glance_store/driver.py:134}}
Apr 16 14:36:00 ubuntu devstack@g-api.service[115953]: DEBUG glance_store.backend [-] Attempting to import store http {{(pid=115953) _load_store /opt/stack/data/venv/lib/python3.12/site-packages/glance_store/backend.py:215}}
Apr 16 14:36:00 ubuntu devstack@g-api.service[115952]: DEBUG glance_store.location [-] Registering scheme file with {'store': <glance_store._drivers.filesystem.Store object at 0x76bc211f2120>, 'location_class': <class 'glance_store._drivers.filesystem.StoreLocation'>, 'store_entry': 'file'} {{(pid=115952) register_scheme_map /opt/stack/data/venv/lib/python3.12/site-packages/glance_store/location.py:146}}
Apr 16 14:36:00 ubuntu devstack@g-api.service[115952]: DEBUG glance_store.location [-] Registering scheme filesystem with {'store': <glance_store._drivers.filesystem.Store object at 0x76bc211f2120>, 'location_class': <class 'glance_store._drivers.filesystem.StoreLocation'>, 'store_entry': 'file'} {{(pid=115952) register_scheme_map /opt/stack/data/venv/lib/python3.12/site-packages/glance_store/location.py:146}}
Apr 16 14:36:00 ubuntu devstack@g-api.service[115952]: DEBUG glance_store.backend [-] Attempting to import store http {{(pid=115952) _load_store /opt/stack/data/venv/lib/python3.12/site-packages/glance_store/backend.py:215}}
Apr 16 14:36:00 ubuntu devstack@g-api.service[115953]: DEBUG glance_store.capabilities [-] Store glance_store._drivers.http.Store doesn't support updating dynamic storage capabilities. Please overwrite 'update_capabilities' method of the store to implement updating logics if needed. {{(pid=115953) update_capabilities /opt/stack/data/venv/lib/python3.12/site-packages/glance_store/capabilities.py:91}}
Apr 16 14:36:00 ubuntu devstack@g-api.service[115953]: DEBUG glance_store.backend [-] Registering store http with schemes ('http', 'https') {{(pid=115953) create_stores /opt/stack/data/venv/lib/python3.12/site-packages/glance_store/backend.py:261}}
Apr 16 14:36:00 ubuntu devstack@g-api.service[115953]: DEBUG glance_store.driver [-] Late loading location class glance_store._drivers.http.StoreLocation {{(pid=115953) get_store_location_class /opt/stack/data/venv/lib/python3.12/site-packages/glance_store/driver.py:134}}
Apr 16 14:36:00 ubuntu devstack@g-api.service[115952]: DEBUG glance_store.capabilities [-] Store glance_store._drivers.http.Store doesn't support updating dynamic storage capabilities. Please overwrite 'update_capabilities' method of the store to implement updating logics if needed. {{(pid=115952) update_capabilities /opt/stack/data/venv/lib/python3.12/site-packages/glance_store/capabilities.py:91}}
Apr 16 14:36:00 ubuntu devstack@g-api.service[115953]: DEBUG glance_store.location [-] Registering scheme http with {'store': <glance_store._drivers.http.Store object at 0x76bc210960f0>, 'location_class': <class 'glance_store._drivers.http.StoreLocation'>, 'store_entry': 'http'} {{(pid=115953) register_scheme_map /opt/stack/data/venv/lib/python3.12/site-packages/glance_store/location.py:146}}
Apr 16 14:36:00 ubuntu devstack@g-api.service[115952]: DEBUG glance_store.backend [-] Registering store http with schemes ('http', 'https') {{(pid=115952) create_stores /opt/stack/data/venv/lib/python3.12/site-packages/glance_store/backend.py:261}}
Apr 16 14:36:00 ubuntu devstack@g-api.service[115953]: DEBUG glance_store.location [-] Registering scheme https with {'store': <glance_store._drivers.http.Store object at 0x76bc210960f0>, 'location_class': <class 'glance_store._drivers.http.StoreLocation'>, 'store_entry': 'http'} {{(pid=115953) register_scheme_map /opt/stack/data/venv/lib/python3.12/site-packages/glance_store/location.py:146}}
Apr 16 14:36:00 ubuntu devstack@g-api.service[115952]: DEBUG glance_store.driver [-] Late loading location class glance_store._drivers.http.StoreLocation {{(pid=115952) get_store_location_class /opt/stack/data/venv/lib/python3.12/site-packages/glance_store/driver.py:134}}
Apr 16 14:36:00 ubuntu devstack@g-api.service[115952]: DEBUG glance_store.location [-] Registering scheme http with {'store': <glance_store._drivers.http.Store object at 0x76bc210aba70>, 'location_class': <class 'glance_store._drivers.http.StoreLocation'>, 'store_entry': 'http'} {{(pid=115952) register_scheme_map /opt/stack/data/venv/lib/python3.12/site-packages/glance_store/location.py:146}}
Apr 16 14:36:00 ubuntu devstack@g-api.service[115952]: DEBUG glance_store.location [-] Registering scheme https with {'store': <glance_store._drivers.http.Store object at 0x76bc210aba70>, 'location_class': <class 'glance_store._drivers.http.StoreLocation'>, 'store_entry': 'http'} {{(pid=115952) register_scheme_map /opt/stack/data/venv/lib/python3.12/site-packages/glance_store/location.py:146}}
Apr 16 14:36:00 ubuntu devstack@g-api.service[115953]: DEBUG glance.sqlite_migration [-] SQLite caching database not located, skipping migration {{(pid=115953) get_db_path /opt/stack/glance/glance/sqlite_migration.py:68}}
Apr 16 14:36:00 ubuntu devstack@g-api.service[115952]: DEBUG glance.sqlite_migration [-] SQLite caching database not located, skipping migration {{(pid=115952) get_db_path /opt/stack/glance/glance/sqlite_migration.py:68}}
Apr 16 14:36:00 ubuntu devstack@g-api.service[115953]: WARNING glance.common.wsgi_app [-] Import methods are enabled but staging directory /tmp/staging/ does not exist; Imports will fail!
Apr 16 14:36:00 ubuntu devstack@g-api.service[115952]: WARNING glance.common.wsgi_app [-] Import methods are enabled but staging directory /tmp/staging/ does not exist; Imports will fail!
Apr 16 14:36:01 ubuntu devstack@g-api.service[115953]: DEBUG glance.common.config [None req-18457a9f-3876-4859-9c26-dbb6212ef68d None None] Loading glance-api-keystone+cachemanagement from /etc/glance/glance-api-paste.ini {{(pid=115953) load_paste_app /opt/stack/glance/glance/common/config.py:758}}
Apr 16 14:36:01 ubuntu devstack@g-api.service[115952]: DEBUG glance.common.config [None req-d10b864d-fe1f-4e5d-a4e8-47492e36675f None None] Loading glance-api-keystone+cachemanagement from /etc/glance/glance-api-paste.ini {{(pid=115952) load_paste_app /opt/stack/glance/glance/common/config.py:758}}
Apr 16 14:36:01 ubuntu devstack@g-api.service[115952]: INFO glance.image_cache [None req-d10b864d-fe1f-4e5d-a4e8-47492e36675f None None] Image cache loaded driver 'centralized_db'.
Apr 16 14:36:01 ubuntu devstack@g-api.service[115953]: INFO glance.image_cache [None req-18457a9f-3876-4859-9c26-dbb6212ef68d None None] Image cache loaded driver 'centralized_db'.
Apr 16 14:36:01 ubuntu devstack@g-api.service[115952]: INFO dbcounter [None req-d10b864d-fe1f-4e5d-a4e8-47492e36675f None None] Registered counter for database glance
Apr 16 14:36:01 ubuntu devstack@g-api.service[115953]: INFO dbcounter [None req-18457a9f-3876-4859-9c26-dbb6212ef68d None None] Registered counter for database glance
Apr 16 14:36:01 ubuntu devstack@g-api.service[115952]: DEBUG oslo_db.sqlalchemy.engines [None req-d10b864d-fe1f-4e5d-a4e8-47492e36675f None None] MySQL server mode set to STRICT_TRANS_TABLES,STRICT_ALL_TABLES,NO_ZERO_IN_DATE,NO_ZERO_DATE,ERROR_FOR_DIVISION_BY_ZERO,TRADITIONAL,NO_ENGINE_SUBSTITUTION {{(pid=115952) _check_effective_sql_mode /opt/stack/data/venv/lib/python3.12/site-packages/oslo_db/sqlalchemy/engines.py:325}}
Apr 16 14:36:01 ubuntu devstack@g-api.service[115953]: DEBUG oslo_db.sqlalchemy.engines [None req-18457a9f-3876-4859-9c26-dbb6212ef68d None None] MySQL server mode set to STRICT_TRANS_TABLES,STRICT_ALL_TABLES,NO_ZERO_IN_DATE,NO_ZERO_DATE,ERROR_FOR_DIVISION_BY_ZERO,TRADITIONAL,NO_ENGINE_SUBSTITUTION {{(pid=115953) _check_effective_sql_mode /opt/stack/data/venv/lib/python3.12/site-packages/oslo_db/sqlalchemy/engines.py:325}}
Apr 16 14:36:01 ubuntu devstack@g-api.service[115952]: DEBUG dbcounter [-] [115952] Writer thread running {{(pid=115952) stat_writer /opt/stack/data/venv/lib/python3.12/site-packages/dbcounter.py:102}}
Apr 16 14:36:01 ubuntu devstack@g-api.service[115953]: DEBUG dbcounter [-] [115953] Writer thread running {{(pid=115953) stat_writer /opt/stack/data/venv/lib/python3.12/site-packages/dbcounter.py:102}}
Apr 16 14:36:01 ubuntu devstack@g-api.service[115953]: DEBUG glance.image_cache.drivers.centralized_db [None req-18457a9f-3876-4859-9c26-dbb6212ef68d None None] Node reference is already recorded, ignoring it {{(pid=115953) configure /opt/stack/glance/glance/image_cache/drivers/centralized_db.py:71}}
Apr 16 14:36:01 ubuntu devstack@g-api.service[115953]: INFO glance.image_cache [None req-18457a9f-3876-4859-9c26-dbb6212ef68d None None] Image cache loaded driver 'centralized_db'.
Apr 16 14:36:01 ubuntu devstack@g-api.service[115952]: INFO glance.image_cache [None req-d10b864d-fe1f-4e5d-a4e8-47492e36675f None None] Image cache loaded driver 'centralized_db'.
Apr 16 14:36:01 ubuntu devstack@g-api.service[115952]: DEBUG glance.image_cache.drivers.centralized_db [None req-d10b864d-fe1f-4e5d-a4e8-47492e36675f None None] Node reference is already recorded, ignoring it {{(pid=115952) configure /opt/stack/glance/glance/image_cache/drivers/centralized_db.py:71}}
Apr 16 14:36:01 ubuntu devstack@g-api.service[115953]: DEBUG glance.image_cache.drivers.centralized_db [None req-18457a9f-3876-4859-9c26-dbb6212ef68d None None] Node reference is already recorded, ignoring it {{(pid=115953) configure /opt/stack/glance/glance/image_cache/drivers/centralized_db.py:71}}
Apr 16 14:36:01 ubuntu devstack@g-api.service[115952]: DEBUG glance.api.v2.cached_images [None req-d10b864d-fe1f-4e5d-a4e8-47492e36675f None None] Started cache worker thread {{(pid=115952) __init__ /opt/stack/glance/glance/api/v2/cached_images.py:69}}
Apr 16 14:36:01 ubuntu devstack@g-api.service[115953]: DEBUG glance.api.v2.cached_images [None req-18457a9f-3876-4859-9c26-dbb6212ef68d None None] Started cache worker thread {{(pid=115953) __init__ /opt/stack/glance/glance/api/v2/cached_images.py:69}}
Apr 16 14:36:01 ubuntu devstack@g-api.service[115952]: INFO glance.image_cache [None req-d10b864d-fe1f-4e5d-a4e8-47492e36675f None None] Image cache loaded driver 'centralized_db'.
Apr 16 14:36:01 ubuntu devstack@g-api.service[115953]: INFO glance.image_cache [None req-18457a9f-3876-4859-9c26-dbb6212ef68d None None] Image cache loaded driver 'centralized_db'.
Apr 16 14:36:01 ubuntu devstack@g-api.service[115953]: DEBUG glance.image_cache.drivers.centralized_db [None req-18457a9f-3876-4859-9c26-dbb6212ef68d None None] Node reference is already recorded, ignoring it {{(pid=115953) configure /opt/stack/glance/glance/image_cache/drivers/centralized_db.py:71}}
Apr 16 14:36:01 ubuntu devstack@g-api.service[115952]: DEBUG glance.image_cache.drivers.centralized_db [None req-d10b864d-fe1f-4e5d-a4e8-47492e36675f None None] Node reference is already recorded, ignoring it {{(pid=115952) configure /opt/stack/glance/glance/image_cache/drivers/centralized_db.py:71}}
Apr 16 14:36:01 ubuntu devstack@g-api.service[115953]: INFO glance.api.middleware.cache_manage [None req-18457a9f-3876-4859-9c26-dbb6212ef68d None None] Initialized image cache management middleware
Apr 16 14:36:01 ubuntu devstack@g-api.service[115953]: INFO glance.image_cache [None req-18457a9f-3876-4859-9c26-dbb6212ef68d None None] Image cache loaded driver 'centralized_db'.
Apr 16 14:36:01 ubuntu devstack@g-api.service[115953]: DEBUG glance.image_cache.drivers.centralized_db [None req-18457a9f-3876-4859-9c26-dbb6212ef68d None None] Node reference is already recorded, ignoring it {{(pid=115953) configure /opt/stack/glance/glance/image_cache/drivers/centralized_db.py:71}}
Apr 16 14:36:01 ubuntu devstack@g-api.service[115953]: INFO glance.api.middleware.cache [None req-18457a9f-3876-4859-9c26-dbb6212ef68d None None] Initialized image cache middleware
Apr 16 14:36:01 ubuntu devstack@g-api.service[115952]: INFO glance.api.middleware.cache_manage [None req-d10b864d-fe1f-4e5d-a4e8-47492e36675f None None] Initialized image cache management middleware
Apr 16 14:36:01 ubuntu devstack@g-api.service[115952]: INFO glance.image_cache [None req-d10b864d-fe1f-4e5d-a4e8-47492e36675f None None] Image cache loaded driver 'centralized_db'.
Apr 16 14:36:01 ubuntu devstack@g-api.service[115953]: WARNING keystonemiddleware.auth_token [None req-18457a9f-3876-4859-9c26-dbb6212ef68d None None] AuthToken middleware is set with keystone_authtoken.service_token_roles_required set to False. This is backwards compatible but deprecated behaviour. Please set this to True.
Apr 16 14:36:01 ubuntu devstack@g-api.service[115952]: DEBUG glance.image_cache.drivers.centralized_db [None req-d10b864d-fe1f-4e5d-a4e8-47492e36675f None None] Node reference is already recorded, ignoring it {{(pid=115952) configure /opt/stack/glance/glance/image_cache/drivers/centralized_db.py:71}}
Apr 16 14:36:01 ubuntu devstack@g-api.service[115953]: DEBUG glance.common.config [None req-18457a9f-3876-4859-9c26-dbb6212ef68d None None] ******************************************************************************** {{(pid=115953) log_opt_values /opt/stack/data/venv/lib/python3.12/site-packages/oslo_config/cfg.py:2979}}
Apr 16 14:36:01 ubuntu devstack@g-api.service[115953]: DEBUG glance.common.config [None req-18457a9f-3876-4859-9c26-dbb6212ef68d None None] Configuration options gathered from: {{(pid=115953) log_opt_values /opt/stack/data/venv/lib/python3.12/site-packages/oslo_config/cfg.py:2980}}
Apr 16 14:36:01 ubuntu devstack@g-api.service[115953]: DEBUG glance.common.config [None req-18457a9f-3876-4859-9c26-dbb6212ef68d None None] command line args: [] {{(pid=115953) log_opt_values /opt/stack/data/venv/lib/python3.12/site-packages/oslo_config/cfg.py:2981}}
Apr 16 14:36:01 ubuntu devstack@g-api.service[115953]: DEBUG glance.common.config [None req-18457a9f-3876-4859-9c26-dbb6212ef68d None None] config files: ['/etc/glance/glance-image-import.conf', '/etc/glance/glance-api.conf'] {{(pid=115953) log_opt_values /opt/stack/data/venv/lib/python3.12/site-packages/oslo_config/cfg.py:2982}}
Apr 16 14:36:01 ubuntu devstack@g-api.service[115953]: DEBUG glance.common.config [None req-18457a9f-3876-4859-9c26-dbb6212ef68d None None] ================================================================================ {{(pid=115953) log_opt_values /opt/stack/data/venv/lib/python3.12/site-packages/oslo_config/cfg.py:2987}}
Apr 16 14:36:01 ubuntu devstack@g-api.service[115953]: DEBUG glance.common.config [None req-18457a9f-3876-4859-9c26-dbb6212ef68d None None] allow_anonymous_access         = False {{(pid=115953) log_opt_values /opt/stack/data/venv/lib/python3.12/site-packages/oslo_config/cfg.py:2995}}
Apr 16 14:36:01 ubuntu devstack@g-api.service[115953]: DEBUG glance.common.config [None req-18457a9f-3876-4859-9c26-dbb6212ef68d None None] api_limit_max                  = 1000 {{(pid=115953) log_opt_values /opt/stack/data/venv/lib/python3.12/site-packages/oslo_config/cfg.py:2995}}
Apr 16 14:36:01 ubuntu devstack@g-api.service[115953]: DEBUG glance.common.config [None req-18457a9f-3876-4859-9c26-dbb6212ef68d None None] backlog                        = 4096 {{(pid=115953) log_opt_values /opt/stack/data/venv/lib/python3.12/site-packages/oslo_config/cfg.py:2995}}
Apr 16 14:36:01 ubuntu devstack@g-api.service[115953]: DEBUG glance.common.config [None req-18457a9f-3876-4859-9c26-dbb6212ef68d None None] bind_host                      = 0.0.0.0 {{(pid=115953) log_opt_values /opt/stack/data/venv/lib/python3.12/site-packages/oslo_config/cfg.py:2995}}
Apr 16 14:36:01 ubuntu devstack@g-api.service[115953]: DEBUG glance.common.config [None req-18457a9f-3876-4859-9c26-dbb6212ef68d None None] bind_port                      = None {{(pid=115953) log_opt_values /opt/stack/data/venv/lib/python3.12/site-packages/oslo_config/cfg.py:2995}}
Apr 16 14:36:01 ubuntu devstack@g-api.service[115953]: DEBUG glance.common.config [None req-18457a9f-3876-4859-9c26-dbb6212ef68d None None] client_socket_timeout          = 900 {{(pid=115953) log_opt_values /opt/stack/data/venv/lib/python3.12/site-packages/oslo_config/cfg.py:2995}}
Apr 16 14:36:01 ubuntu devstack@g-api.service[115953]: DEBUG glance.common.config [None req-18457a9f-3876-4859-9c26-dbb6212ef68d None None] config_dir                     = [] {{(pid=115953) log_opt_values /opt/stack/data/venv/lib/python3.12/site-packages/oslo_config/cfg.py:2995}}
Apr 16 14:36:01 ubuntu devstack@g-api.service[115953]: DEBUG glance.common.config [None req-18457a9f-3876-4859-9c26-dbb6212ef68d None None] config_file                    = ['/etc/glance/glance-image-import.conf', '/etc/glance/glance-api.conf'] {{(pid=115953) log_opt_values /opt/stack/data/venv/lib/python3.12/site-packages/oslo_config/cfg.py:2995}}
Apr 16 14:36:01 ubuntu devstack@g-api.service[115953]: DEBUG glance.common.config [None req-18457a9f-3876-4859-9c26-dbb6212ef68d None None] config_source                  = [] {{(pid=115953) log_opt_values /opt/stack/data/venv/lib/python3.12/site-packages/oslo_config/cfg.py:2995}}
Apr 16 14:36:01 ubuntu devstack@g-api.service[115953]: DEBUG glance.common.config [None req-18457a9f-3876-4859-9c26-dbb6212ef68d None None] control_exchange               = glance {{(pid=115953) log_opt_values /opt/stack/data/venv/lib/python3.12/site-packages/oslo_config/cfg.py:2995}}
Apr 16 14:36:01 ubuntu devstack@g-api.service[115953]: DEBUG glance.common.config [None req-18457a9f-3876-4859-9c26-dbb6212ef68d None None] debug                          = True {{(pid=115953) log_opt_values /opt/stack/data/venv/lib/python3.12/site-packages/oslo_config/cfg.py:2995}}
Apr 16 14:36:01 ubuntu devstack@g-api.service[115953]: DEBUG glance.common.config [None req-18457a9f-3876-4859-9c26-dbb6212ef68d None None] default_log_levels             = ['amqp=WARN', 'boto=WARN', 'sqlalchemy=WARN', 'suds=INFO', 'oslo.messaging=INFO', 'oslo_messaging=INFO', 'iso8601=WARN', 'requests.packages.urllib3.connectionpool=WARN', 'urllib3.connectionpool=WARN', 'websocket=WARN', 'requests.packages.urllib3.util.retry=WARN', 'urllib3.util.retry=WARN', 'keystonemiddleware=WARN', 'routes.middleware=WARN', 'stevedore=WARN', 'taskflow=WARN', 'keystoneauth=WARN', 'oslo.cache=INFO', 'oslo_policy=INFO', 'dogpile.core.dogpile=INFO'] {{(pid=115953) log_opt_values /opt/stack/data/venv/lib/python3.12/site-packages/oslo_config/cfg.py:2995}}
Apr 16 14:36:01 ubuntu devstack@g-api.service[115953]: DEBUG glance.common.config [None req-18457a9f-3876-4859-9c26-dbb6212ef68d None None] default_publisher_id           = image.localhost {{(pid=115953) log_opt_values /opt/stack/data/venv/lib/python3.12/site-packages/oslo_config/cfg.py:2995}}
Apr 16 14:36:01 ubuntu devstack@g-api.service[115953]: DEBUG glance.common.config [None req-18457a9f-3876-4859-9c26-dbb6212ef68d None None] delayed_delete                 = False {{(pid=115953) log_opt_values /opt/stack/data/venv/lib/python3.12/site-packages/oslo_config/cfg.py:2995}}
Apr 16 14:36:01 ubuntu devstack@g-api.service[115953]: DEBUG glance.common.config [None req-18457a9f-3876-4859-9c26-dbb6212ef68d None None] digest_algorithm               = sha256 {{(pid=115953) log_opt_values /opt/stack/data/venv/lib/python3.12/site-packages/oslo_config/cfg.py:2995}}
Apr 16 14:36:01 ubuntu devstack@g-api.service[115953]: DEBUG glance.common.config [None req-18457a9f-3876-4859-9c26-dbb6212ef68d None None] disabled_notifications         = [] {{(pid=115953) log_opt_values /opt/stack/data/venv/lib/python3.12/site-packages/oslo_config/cfg.py:2995}}
Apr 16 14:36:01 ubuntu devstack@g-api.service[115953]: DEBUG glance.common.config [None req-18457a9f-3876-4859-9c26-dbb6212ef68d None None] do_secure_hash                 = True {{(pid=115953) log_opt_values /opt/stack/data/venv/lib/python3.12/site-packages/oslo_config/cfg.py:2995}}
Apr 16 14:36:01 ubuntu devstack@g-api.service[115953]: DEBUG glance.common.config [None req-18457a9f-3876-4859-9c26-dbb6212ef68d None None] enabled_backends               = None {{(pid=115953) log_opt_values /opt/stack/data/venv/lib/python3.12/site-packages/oslo_config/cfg.py:2995}}
Apr 16 14:36:01 ubuntu devstack@g-api.service[115953]: DEBUG glance.common.config [None req-18457a9f-3876-4859-9c26-dbb6212ef68d None None] enabled_import_methods         = ['glance-direct', 'web-download', 'copy-image'] {{(pid=115953) log_opt_values /opt/stack/data/venv/lib/python3.12/site-packages/oslo_config/cfg.py:2995}}
Apr 16 14:36:01 ubuntu devstack@g-api.service[115953]: DEBUG glance.common.config [None req-18457a9f-3876-4859-9c26-dbb6212ef68d None None] hashing_algorithm              = sha512 {{(pid=115953) log_opt_values /opt/stack/data/venv/lib/python3.12/site-packages/oslo_config/cfg.py:2995}}
Apr 16 14:36:01 ubuntu devstack@g-api.service[115953]: DEBUG glance.common.config [None req-18457a9f-3876-4859-9c26-dbb6212ef68d None None] http_keepalive                 = True {{(pid=115953) log_opt_values /opt/stack/data/venv/lib/python3.12/site-packages/oslo_config/cfg.py:2995}}
Apr 16 14:36:01 ubuntu devstack@g-api.service[115953]: DEBUG glance.common.config [None req-18457a9f-3876-4859-9c26-dbb6212ef68d None None] http_retries                   = 3 {{(pid=115953) log_opt_values /opt/stack/data/venv/lib/python3.12/site-packages/oslo_config/cfg.py:2995}}
Apr 16 14:36:01 ubuntu devstack@g-api.service[115953]: DEBUG glance.common.config [None req-18457a9f-3876-4859-9c26-dbb6212ef68d None None] image_cache_dir                = /opt/stack/data/glance/cache/ {{(pid=115953) log_opt_values /opt/stack/data/venv/lib/python3.12/site-packages/oslo_config/cfg.py:2995}}
Apr 16 14:36:01 ubuntu devstack@g-api.service[115953]: DEBUG glance.common.config [None req-18457a9f-3876-4859-9c26-dbb6212ef68d None None] image_cache_driver             = centralized_db {{(pid=115953) log_opt_values /opt/stack/data/venv/lib/python3.12/site-packages/oslo_config/cfg.py:2995}}
Apr 16 14:36:01 ubuntu devstack@g-api.service[115953]: DEBUG glance.common.config [None req-18457a9f-3876-4859-9c26-dbb6212ef68d None None] image_cache_max_size           = 10737418240 {{(pid=115953) log_opt_values /opt/stack/data/venv/lib/python3.12/site-packages/oslo_config/cfg.py:2995}}
Apr 16 14:36:01 ubuntu devstack@g-api.service[115953]: DEBUG glance.common.config [None req-18457a9f-3876-4859-9c26-dbb6212ef68d None None] image_cache_sqlite_db          = cache.db {{(pid=115953) log_opt_values /opt/stack/data/venv/lib/python3.12/site-packages/oslo_config/cfg.py:2995}}
Apr 16 14:36:01 ubuntu devstack@g-api.service[115953]: DEBUG glance.common.config [None req-18457a9f-3876-4859-9c26-dbb6212ef68d None None] image_cache_stall_time         = 86400 {{(pid=115953) log_opt_values /opt/stack/data/venv/lib/python3.12/site-packages/oslo_config/cfg.py:2995}}
Apr 16 14:36:01 ubuntu devstack@g-api.service[115953]: DEBUG glance.common.config [None req-18457a9f-3876-4859-9c26-dbb6212ef68d None None] image_location_quota           = 10 {{(pid=115953) log_opt_values /opt/stack/data/venv/lib/python3.12/site-packages/oslo_config/cfg.py:2995}}
Apr 16 14:36:01 ubuntu devstack@g-api.service[115953]: DEBUG glance.common.config [None req-18457a9f-3876-4859-9c26-dbb6212ef68d None None] image_member_quota             = 128 {{(pid=115953) log_opt_values /opt/stack/data/venv/lib/python3.12/site-packages/oslo_config/cfg.py:2995}}
Apr 16 14:36:01 ubuntu devstack@g-api.service[115953]: DEBUG glance.common.config [None req-18457a9f-3876-4859-9c26-dbb6212ef68d None None] image_property_quota           = 128 {{(pid=115953) log_opt_values /opt/stack/data/venv/lib/python3.12/site-packages/oslo_config/cfg.py:2995}}
Apr 16 14:36:01 ubuntu devstack@g-api.service[115953]: DEBUG glance.common.config [None req-18457a9f-3876-4859-9c26-dbb6212ef68d None None] image_size_cap                 = 1099511627776 {{(pid=115953) log_opt_values /opt/stack/data/venv/lib/python3.12/site-packages/oslo_config/cfg.py:2995}}
Apr 16 14:36:01 ubuntu devstack@g-api.service[115953]: DEBUG glance.common.config [None req-18457a9f-3876-4859-9c26-dbb6212ef68d None None] image_tag_quota                = 128 {{(pid=115953) log_opt_values /opt/stack/data/venv/lib/python3.12/site-packages/oslo_config/cfg.py:2995}}
Apr 16 14:36:01 ubuntu devstack@g-api.service[115953]: DEBUG glance.common.config [None req-18457a9f-3876-4859-9c26-dbb6212ef68d None None] instance_format                = [instance: %(uuid)s]  {{(pid=115953) log_opt_values /opt/stack/data/venv/lib/python3.12/site-packages/oslo_config/cfg.py:2995}}
Apr 16 14:36:01 ubuntu devstack@g-api.service[115953]: DEBUG glance.common.config [None req-18457a9f-3876-4859-9c26-dbb6212ef68d None None] instance_uuid_format           = [instance: %(uuid)s]  {{(pid=115953) log_opt_values /opt/stack/data/venv/lib/python3.12/site-packages/oslo_config/cfg.py:2995}}
Apr 16 14:36:01 ubuntu devstack@g-api.service[115953]: DEBUG glance.common.config [None req-18457a9f-3876-4859-9c26-dbb6212ef68d None None] limit_param_default            = 25 {{(pid=115953) log_opt_values /opt/stack/data/venv/lib/python3.12/site-packages/oslo_config/cfg.py:2995}}
Apr 16 14:36:01 ubuntu devstack@g-api.service[115953]: DEBUG glance.common.config [None req-18457a9f-3876-4859-9c26-dbb6212ef68d None None] log_color                      = True {{(pid=115953) log_opt_values /opt/stack/data/venv/lib/python3.12/site-packages/oslo_config/cfg.py:2995}}
Apr 16 14:36:01 ubuntu devstack@g-api.service[115953]: DEBUG glance.common.config [None req-18457a9f-3876-4859-9c26-dbb6212ef68d None None] log_config_append              = None {{(pid=115953) log_opt_values /opt/stack/data/venv/lib/python3.12/site-packages/oslo_config/cfg.py:2995}}
Apr 16 14:36:01 ubuntu devstack@g-api.service[115953]: DEBUG glance.common.config [None req-18457a9f-3876-4859-9c26-dbb6212ef68d None None] log_date_format                = %Y-%m-%d %H:%M:%S {{(pid=115953) log_opt_values /opt/stack/data/venv/lib/python3.12/site-packages/oslo_config/cfg.py:2995}}
Apr 16 14:36:01 ubuntu devstack@g-api.service[115953]: DEBUG glance.common.config [None req-18457a9f-3876-4859-9c26-dbb6212ef68d None None] log_dir                        = None {{(pid=115953) log_opt_values /opt/stack/data/venv/lib/python3.12/site-packages/oslo_config/cfg.py:2995}}
Apr 16 14:36:01 ubuntu devstack@g-api.service[115953]: DEBUG glance.common.config [None req-18457a9f-3876-4859-9c26-dbb6212ef68d None None] log_file                       = None {{(pid=115953) log_opt_values /opt/stack/data/venv/lib/python3.12/site-packages/oslo_config/cfg.py:2995}}
Apr 16 14:36:01 ubuntu devstack@g-api.service[115953]: DEBUG glance.common.config [None req-18457a9f-3876-4859-9c26-dbb6212ef68d None None] log_rotate_interval            = 1 {{(pid=115953) log_opt_values /opt/stack/data/venv/lib/python3.12/site-packages/oslo_config/cfg.py:2995}}
Apr 16 14:36:01 ubuntu devstack@g-api.service[115953]: DEBUG glance.common.config [None req-18457a9f-3876-4859-9c26-dbb6212ef68d None None] log_rotate_interval_type       = days {{(pid=115953) log_opt_values /opt/stack/data/venv/lib/python3.12/site-packages/oslo_config/cfg.py:2995}}
Apr 16 14:36:01 ubuntu devstack@g-api.service[115953]: DEBUG glance.common.config [None req-18457a9f-3876-4859-9c26-dbb6212ef68d None None] log_rotation_type              = none {{(pid=115953) log_opt_values /opt/stack/data/venv/lib/python3.12/site-packages/oslo_config/cfg.py:2995}}
Apr 16 14:36:01 ubuntu devstack@g-api.service[115953]: DEBUG glance.common.config [None req-18457a9f-3876-4859-9c26-dbb6212ef68d None None] logging_context_format_string  = %(color)s%(levelname)s %(name)s [%(global_request_id)s %(request_id)s %(project_name)s %(user_name)s%(color)s] %(instance)s%(color)s%(message)s {{(pid=115953) log_opt_values /opt/stack/data/venv/lib/python3.12/site-packages/oslo_config/cfg.py:2995}}
Apr 16 14:36:01 ubuntu devstack@g-api.service[115953]: DEBUG glance.common.config [None req-18457a9f-3876-4859-9c26-dbb6212ef68d None None] logging_debug_format_suffix    = {{(pid=%(process)d) %(funcName)s %(pathname)s:%(lineno)d}} {{(pid=115953) log_opt_values /opt/stack/data/venv/lib/python3.12/site-packages/oslo_config/cfg.py:2995}}
Apr 16 14:36:01 ubuntu devstack@g-api.service[115953]: DEBUG glance.common.config [None req-18457a9f-3876-4859-9c26-dbb6212ef68d None None] logging_default_format_string  = %(color)s%(levelname)s %(name)s [-%(color)s] %(instance)s%(color)s%(message)s {{(pid=115953) log_opt_values /opt/stack/data/venv/lib/python3.12/site-packages/oslo_config/cfg.py:2995}}
Apr 16 14:36:01 ubuntu devstack@g-api.service[115953]: DEBUG glance.common.config [None req-18457a9f-3876-4859-9c26-dbb6212ef68d None None] logging_exception_prefix       = ERROR %(name)s %(instance)s {{(pid=115953) log_opt_values /opt/stack/data/venv/lib/python3.12/site-packages/oslo_config/cfg.py:2995}}
Apr 16 14:36:01 ubuntu devstack@g-api.service[115952]: INFO glance.api.middleware.cache [None req-d10b864d-fe1f-4e5d-a4e8-47492e36675f None None] Initialized image cache middleware
Apr 16 14:36:01 ubuntu devstack@g-api.service[115953]: DEBUG glance.common.config [None req-18457a9f-3876-4859-9c26-dbb6212ef68d None None] logging_user_identity_format   = %(user)s %(project)s %(domain)s %(system_scope)s %(user_domain)s %(project_domain)s {{(pid=115953) log_opt_values /opt/stack/data/venv/lib/python3.12/site-packages/oslo_config/cfg.py:2995}}
Apr 16 14:36:01 ubuntu devstack@g-api.service[115953]: DEBUG glance.common.config [None req-18457a9f-3876-4859-9c26-dbb6212ef68d None None] max_header_line                = 16384 {{(pid=115953) log_opt_values /opt/stack/data/venv/lib/python3.12/site-packages/oslo_config/cfg.py:2995}}
Apr 16 14:36:01 ubuntu devstack@g-api.service[115953]: DEBUG glance.common.config [None req-18457a9f-3876-4859-9c26-dbb6212ef68d None None] max_logfile_count              = 30 {{(pid=115953) log_opt_values /opt/stack/data/venv/lib/python3.12/site-packages/oslo_config/cfg.py:2995}}
Apr 16 14:36:01 ubuntu devstack@g-api.service[115953]: DEBUG glance.common.config [None req-18457a9f-3876-4859-9c26-dbb6212ef68d None None] max_logfile_size_mb            = 200 {{(pid=115953) log_opt_values /opt/stack/data/venv/lib/python3.12/site-packages/oslo_config/cfg.py:2995}}
Apr 16 14:36:01 ubuntu devstack@g-api.service[115953]: DEBUG glance.common.config [None req-18457a9f-3876-4859-9c26-dbb6212ef68d None None] max_request_id_length          = 64 {{(pid=115953) log_opt_values /opt/stack/data/venv/lib/python3.12/site-packages/oslo_config/cfg.py:2995}}
Apr 16 14:36:01 ubuntu devstack@g-api.service[115953]: DEBUG glance.common.config [None req-18457a9f-3876-4859-9c26-dbb6212ef68d None None] metadata_encryption_key        = **** {{(pid=115953) log_opt_values /opt/stack/data/venv/lib/python3.12/site-packages/oslo_config/cfg.py:2995}}
Apr 16 14:36:01 ubuntu devstack@g-api.service[115953]: DEBUG glance.common.config [None req-18457a9f-3876-4859-9c26-dbb6212ef68d None None] node_staging_uri               = file:///tmp/staging/ {{(pid=115953) log_opt_values /opt/stack/data/venv/lib/python3.12/site-packages/oslo_config/cfg.py:2995}}
Apr 16 14:36:01 ubuntu devstack@g-api.service[115953]: DEBUG glance.common.config [None req-18457a9f-3876-4859-9c26-dbb6212ef68d None None] property_protection_file       = None {{(pid=115953) log_opt_values /opt/stack/data/venv/lib/python3.12/site-packages/oslo_config/cfg.py:2995}}
Apr 16 14:36:01 ubuntu devstack@g-api.service[115953]: DEBUG glance.common.config [None req-18457a9f-3876-4859-9c26-dbb6212ef68d None None] property_protection_rule_format = roles {{(pid=115953) log_opt_values /opt/stack/data/venv/lib/python3.12/site-packages/oslo_config/cfg.py:2995}}
Apr 16 14:36:01 ubuntu devstack@g-api.service[115953]: DEBUG glance.common.config [None req-18457a9f-3876-4859-9c26-dbb6212ef68d None None] public_endpoint                = http://10.201.5.127/image {{(pid=115953) log_opt_values /opt/stack/data/venv/lib/python3.12/site-packages/oslo_config/cfg.py:2995}}
Apr 16 14:36:01 ubuntu devstack@g-api.service[115953]: DEBUG glance.common.config [None req-18457a9f-3876-4859-9c26-dbb6212ef68d None None] publish_errors                 = False {{(pid=115953) log_opt_values /opt/stack/data/venv/lib/python3.12/site-packages/oslo_config/cfg.py:2995}}
Apr 16 14:36:01 ubuntu devstack@g-api.service[115953]: DEBUG glance.common.config [None req-18457a9f-3876-4859-9c26-dbb6212ef68d None None] pydev_worker_debug_host        = None {{(pid=115953) log_opt_values /opt/stack/data/venv/lib/python3.12/site-packages/oslo_config/cfg.py:2995}}
