Mar 08 11:02:19 ubuntu devstack@keystone.service[62854]: ERROR keystone.server.flask.application     return self._exec_single_context(
Mar 08 11:02:19 ubuntu devstack@keystone.service[62854]: ERROR keystone.server.flask.application            ^^^^^^^^^^^^^^^^^^^^^^^^^^
Mar 08 11:02:19 ubuntu devstack@keystone.service[62854]: ERROR keystone.server.flask.application   File "/opt/stack/data/venv/lib/python3.12/site-packages/sqlalchemy/engine/base.py", line 1986, in _exec_single_context
Mar 08 11:02:19 ubuntu devstack@keystone.service[62854]: ERROR keystone.server.flask.application     self._handle_dbapi_exception(
Mar 08 11:02:19 ubuntu devstack@keystone.service[62854]: ERROR keystone.server.flask.application   File "/opt/stack/data/venv/lib/python3.12/site-packages/sqlalchemy/engine/base.py", line 2360, in _handle_dbapi_exception
Mar 08 11:02:19 ubuntu devstack@keystone.service[62854]: ERROR keystone.server.flask.application     raise newraise.with_traceback(exc_info[2]) from e
Mar 08 11:02:19 ubuntu devstack@keystone.service[62854]: ERROR keystone.server.flask.application   File "/opt/stack/data/venv/lib/python3.12/site-packages/sqlalchemy/engine/base.py", line 1967, in _exec_single_context
Mar 08 11:02:19 ubuntu devstack@keystone.service[62854]: ERROR keystone.server.flask.application     self.dialect.do_execute(
Mar 08 11:02:19 ubuntu devstack@keystone.service[62854]: ERROR keystone.server.flask.application   File "/opt/stack/data/venv/lib/python3.12/site-packages/sqlalchemy/engine/default.py", line 952, in do_execute
Mar 08 11:02:19 ubuntu devstack@keystone.service[62854]: ERROR keystone.server.flask.application     cursor.execute(statement, parameters)
Mar 08 11:02:19 ubuntu devstack@keystone.service[62854]: ERROR keystone.server.flask.application   File "/opt/stack/data/venv/lib/python3.12/site-packages/pymysql/cursors.py", line 153, in execute
Mar 08 11:02:19 ubuntu devstack@keystone.service[62854]: ERROR keystone.server.flask.application     result = self._query(query)
Mar 08 11:02:19 ubuntu devstack@keystone.service[62854]: ERROR keystone.server.flask.application              ^^^^^^^^^^^^^^^^^^
Mar 08 11:02:19 ubuntu devstack@keystone.service[62854]: ERROR keystone.server.flask.application   File "/opt/stack/data/venv/lib/python3.12/site-packages/pymysql/cursors.py", line 322, in _query
Mar 08 11:02:19 ubuntu devstack@keystone.service[62854]: ERROR keystone.server.flask.application     conn.query(q)
Mar 08 11:02:19 ubuntu devstack@keystone.service[62854]: ERROR keystone.server.flask.application   File "/opt/stack/data/venv/lib/python3.12/site-packages/pymysql/connections.py", line 575, in query
Mar 08 11:02:19 ubuntu devstack@keystone.service[62854]: ERROR keystone.server.flask.application     self._affected_rows = self._read_query_result(unbuffered=unbuffered)
Mar 08 11:02:19 ubuntu devstack@keystone.service[62854]: ERROR keystone.server.flask.application                           ^^^^^^^^^^^^^^^^^^^^^^^^^^^^^^^^^^^^^^^^^^^^^^
Mar 08 11:02:19 ubuntu devstack@keystone.service[62854]: ERROR keystone.server.flask.application   File "/opt/stack/data/venv/lib/python3.12/site-packages/pymysql/connections.py", line 826, in _read_query_result
Mar 08 11:02:19 ubuntu devstack@keystone.service[62854]: ERROR keystone.server.flask.application     result.read()
Mar 08 11:02:19 ubuntu devstack@keystone.service[62854]: ERROR keystone.server.flask.application   File "/opt/stack/data/venv/lib/python3.12/site-packages/pymysql/connections.py", line 1203, in read
Mar 08 11:02:19 ubuntu devstack@keystone.service[62854]: ERROR keystone.server.flask.application     first_packet = self.connection._read_packet()
Mar 08 11:02:19 ubuntu devstack@keystone.service[62854]: ERROR keystone.server.flask.application                    ^^^^^^^^^^^^^^^^^^^^^^^^^^^^^^
Mar 08 11:02:19 ubuntu devstack@keystone.service[62854]: ERROR keystone.server.flask.application   File "/opt/stack/data/venv/lib/python3.12/site-packages/pymysql/connections.py", line 782, in _read_packet
Mar 08 11:02:19 ubuntu devstack@keystone.service[62854]: ERROR keystone.server.flask.application     packet.raise_for_error()
Mar 08 11:02:19 ubuntu devstack@keystone.service[62854]: ERROR keystone.server.flask.application   File "/opt/stack/data/venv/lib/python3.12/site-packages/pymysql/protocol.py", line 219, in raise_for_error
Mar 08 11:02:19 ubuntu devstack@keystone.service[62854]: ERROR keystone.server.flask.application     err.raise_mysql_exception(self._data)
Mar 08 11:02:19 ubuntu devstack@keystone.service[62854]: ERROR keystone.server.flask.application   File "/opt/stack/data/venv/lib/python3.12/site-packages/pymysql/err.py", line 150, in raise_mysql_exception
Mar 08 11:02:19 ubuntu devstack@keystone.service[62854]: ERROR keystone.server.flask.application     raise errorclass(errno, errval)
Mar 08 11:02:19 ubuntu devstack@keystone.service[62854]: ERROR keystone.server.flask.application oslo_db.exception.DBDuplicateEntry: (pymysql.err.IntegrityError) (1062, "Duplicate entry 'service-<<null>>' for key 'role.ixu_role_name_domain_id'")
Mar 08 11:02:19 ubuntu devstack@keystone.service[62854]: ERROR keystone.server.flask.application [SQL: INSERT INTO `role` (id, name, description, extra) VALUES (%(id)s, %(name)s, %(description)s, %(extra)s)]
Mar 08 11:02:19 ubuntu devstack@keystone.service[62854]: ERROR keystone.server.flask.application [parameters: {'id': 'b62d824a44704f26be50525717174bde', 'name': 'service', 'description': None, 'extra': '{}'}]
Mar 08 11:02:19 ubuntu devstack@keystone.service[62854]: ERROR keystone.server.flask.application (Background on this error at: https://sqlalche.me/e/20/gkpj)
Mar 08 11:02:19 ubuntu devstack@keystone.service[62854]: ERROR keystone.server.flask.application 
Mar 08 11:02:19 ubuntu devstack@keystone.service[62854]: ERROR keystone.server.flask.application During handling of the above exception, another exception occurred:
Mar 08 11:02:19 ubuntu devstack@keystone.service[62854]: ERROR keystone.server.flask.application 
Mar 08 11:02:19 ubuntu devstack@keystone.service[62854]: ERROR keystone.server.flask.application Traceback (most recent call last):
Mar 08 11:02:19 ubuntu devstack@keystone.service[62854]: ERROR keystone.server.flask.application   File "/opt/stack/data/venv/lib/python3.12/site-packages/flask_restful/__init__.py", line 295, in error_router
Mar 08 11:02:19 ubuntu devstack@keystone.service[62854]: ERROR keystone.server.flask.application     return self.handle_error(e)
Mar 08 11:02:19 ubuntu devstack@keystone.service[62854]: ERROR keystone.server.flask.application            ^^^^^^^^^^^^^^^^^^^^
Mar 08 11:02:19 ubuntu devstack@keystone.service[62854]: ERROR keystone.server.flask.application   File "/opt/stack/data/venv/lib/python3.12/site-packages/flask_restful/__init__.py", line 310, in handle_error
Mar 08 11:02:19 ubuntu devstack@keystone.service[62854]: ERROR keystone.server.flask.application     _handle_flask_propagate_exceptions_config(current_app, e)
Mar 08 11:02:19 ubuntu devstack@keystone.service[62854]: ERROR keystone.server.flask.application   File "/opt/stack/data/venv/lib/python3.12/site-packages/flask/app.py", line 917, in full_dispatch_request
Mar 08 11:02:19 ubuntu devstack@keystone.service[62854]: ERROR keystone.server.flask.application     rv = self.dispatch_request()
Mar 08 11:02:19 ubuntu devstack@keystone.service[62854]: ERROR keystone.server.flask.application          ^^^^^^^^^^^^^^^^^^^^^^^
Mar 08 11:02:19 ubuntu devstack@keystone.service[62854]: ERROR keystone.server.flask.application   File "/opt/stack/data/venv/lib/python3.12/site-packages/flask/app.py", line 902, in dispatch_request
Mar 08 11:02:19 ubuntu devstack@keystone.service[62854]: ERROR keystone.server.flask.application     return self.ensure_sync(self.view_functions[rule.endpoint])(**view_args)  # type: ignore[no-any-return]
Mar 08 11:02:19 ubuntu devstack@keystone.service[62854]: ERROR keystone.server.flask.application            ^^^^^^^^^^^^^^^^^^^^^^^^^^^^^^^^^^^^^^^^^^^^^^^^^^^^^^^^^^^^^^^^^
Mar 08 11:02:19 ubuntu devstack@keystone.service[62854]: ERROR keystone.server.flask.application   File "/opt/stack/data/venv/lib/python3.12/site-packages/flask_restful/__init__.py", line 489, in wrapper
Mar 08 11:02:19 ubuntu devstack@keystone.service[62854]: ERROR keystone.server.flask.application     resp = resource(*args, **kwargs)
Mar 08 11:02:19 ubuntu devstack@keystone.service[62854]: ERROR keystone.server.flask.application            ^^^^^^^^^^^^^^^^^^^^^^^^^
Mar 08 11:02:19 ubuntu devstack@keystone.service[62854]: ERROR keystone.server.flask.application   File "/opt/stack/data/venv/lib/python3.12/site-packages/flask/views.py", line 110, in view
Mar 08 11:02:19 ubuntu devstack@keystone.service[62854]: ERROR keystone.server.flask.application     return current_app.ensure_sync(self.dispatch_request)(**kwargs)  # type: ignore[no-any-return]
Mar 08 11:02:19 ubuntu devstack@keystone.service[62854]: ERROR keystone.server.flask.application            ^^^^^^^^^^^^^^^^^^^^^^^^^^^^^^^^^^^^^^^^^^^^^^^^^^^^^^^^
Mar 08 11:02:19 ubuntu devstack@keystone.service[62854]: ERROR keystone.server.flask.application   File "/opt/stack/data/venv/lib/python3.12/site-packages/flask_restful/__init__.py", line 604, in dispatch_request
Mar 08 11:02:19 ubuntu devstack@keystone.service[62854]: ERROR keystone.server.flask.application     resp = meth(*args, **kwargs)
Mar 08 11:02:19 ubuntu devstack@keystone.service[62854]: ERROR keystone.server.flask.application            ^^^^^^^^^^^^^^^^^^^^^
Mar 08 11:02:19 ubuntu devstack@keystone.service[62854]: ERROR keystone.server.flask.application   File "/opt/stack/keystone/keystone/api/validation/__init__.py", line 86, in wrapper
Mar 08 11:02:19 ubuntu devstack@keystone.service[62854]: ERROR keystone.server.flask.application     return func(*args, **kwargs)
Mar 08 11:02:19 ubuntu devstack@keystone.service[62854]: ERROR keystone.server.flask.application            ^^^^^^^^^^^^^^^^^^^^^
Mar 08 11:02:19 ubuntu devstack@keystone.service[62854]: ERROR keystone.server.flask.application   File "/opt/stack/keystone/keystone/api/validation/__init__.py", line 145, in wrapper
Mar 08 11:02:19 ubuntu devstack@keystone.service[62854]: ERROR keystone.server.flask.application     response = func(*args, **kwargs)
Mar 08 11:02:19 ubuntu devstack@keystone.service[62854]: ERROR keystone.server.flask.application                ^^^^^^^^^^^^^^^^^^^^^
Mar 08 11:02:19 ubuntu devstack@keystone.service[62854]: ERROR keystone.server.flask.application   File "/opt/stack/keystone/keystone/api/roles.py", line 91, in post
Mar 08 11:02:19 ubuntu devstack@keystone.service[62854]: ERROR keystone.server.flask.application     ref = PROVIDERS.role_api.create_role(
Mar 08 11:02:19 ubuntu devstack@keystone.service[62854]: ERROR keystone.server.flask.application           ^^^^^^^^^^^^^^^^^^^^^^^^^^^^^^^
Mar 08 11:02:19 ubuntu devstack@keystone.service[62854]: ERROR keystone.server.flask.application   File "/opt/stack/keystone/keystone/common/manager.py", line 114, in wrapped
Mar 08 11:02:19 ubuntu devstack@keystone.service[62854]: ERROR keystone.server.flask.application     __ret_val = __f(*args, **kwargs)
Mar 08 11:02:19 ubuntu devstack@keystone.service[62854]: ERROR keystone.server.flask.application                 ^^^^^^^^^^^^^^^^^^^^
Mar 08 11:02:19 ubuntu devstack@keystone.service[62854]: ERROR keystone.server.flask.application   File "/opt/stack/keystone/keystone/assignment/core.py", line 1526, in create_role
Mar 08 11:02:19 ubuntu devstack@keystone.service[62854]: ERROR keystone.server.flask.application     ret = self.driver.create_role(role_id, role)
Mar 08 11:02:19 ubuntu devstack@keystone.service[62854]: ERROR keystone.server.flask.application           ^^^^^^^^^^^^^^^^^^^^^^^^^^^^^^^^^^^^^^
Mar 08 11:02:19 ubuntu devstack@keystone.service[62854]: ERROR keystone.server.flask.application   File "/opt/stack/keystone/keystone/common/sql/core.py", line 614, in wrapper
Mar 08 11:02:19 ubuntu devstack@keystone.service[62854]: ERROR keystone.server.flask.application     raise exception.Conflict(type=conflict_type, details=msg)
Mar 08 11:02:19 ubuntu devstack@keystone.service[62854]: ERROR keystone.server.flask.application keystone.exception.Conflict: Conflict occurred attempting to store role - Duplicate entry found with name service.
Mar 08 11:02:19 ubuntu devstack@keystone.service[62854]: ERROR keystone.server.flask.application 
Mar 08 11:02:19 ubuntu devstack@keystone.service[62854]: [pid: 62854|app: 0|req: 18/36] 10.120.125.143 () {62 vars in 1199 bytes} [Sun Mar  8 11:02:19 2026] POST /identity/v3/roles => generated 140 bytes in 96 msecs (HTTP/1.1 409) 5 headers in 183 bytes (1 switches on core 0)
Mar 08 11:02:19 ubuntu devstack@keystone.service[62854]: DEBUG keystone.server.flask.request_processing.middleware.auth_context [None req-682f6557-e897-4cb1-a935-285d722db49b None admin] Authenticating user token {{(pid=62854) process_request /opt/stack/data/venv/lib/python3.12/site-packages/keystonemiddleware/auth_token/__init__.py:407}}
Mar 08 11:02:19 ubuntu devstack@keystone.service[62853]: [pid: 62853|app: 0|req: 19/37] 10.120.125.143 () {60 vars in 1048 bytes} [Sun Mar  8 11:02:19 2026] POST /identity/v3/auth/tokens => generated 863 bytes in 58 msecs (HTTP/1.1 201) 6 headers in 363 bytes (1 switches on core 0)
Mar 08 11:02:19 ubuntu devstack@keystone.service[62853]: DEBUG keystone.server.flask.request_processing.middleware.auth_context [None req-0bbe5854-9452-4f00-bfd5-ec9c266ca187 None None] Authenticating user token {{(pid=62853) process_request /opt/stack/data/venv/lib/python3.12/site-packages/keystonemiddleware/auth_token/__init__.py:407}}
Mar 08 11:02:19 ubuntu devstack@keystone.service[62854]: DEBUG keystone.server.flask.request_processing.middleware.auth_context [None req-682f6557-e897-4cb1-a935-285d722db49b None admin] Validating token access rules against request {{(pid=62854) validate_allowed_request /opt/stack/data/venv/lib/python3.12/site-packages/keystonemiddleware/auth_token/__init__.py:545}}
Mar 08 11:02:19 ubuntu devstack@keystone.service[62853]: DEBUG keystone.server.flask.request_processing.middleware.auth_context [None req-0bbe5854-9452-4f00-bfd5-ec9c266ca187 None None] Validating token access rules against request {{(pid=62853) validate_allowed_request /opt/stack/data/venv/lib/python3.12/site-packages/keystonemiddleware/auth_token/__init__.py:545}}
Mar 08 11:02:19 ubuntu devstack@keystone.service[62854]: DEBUG keystone.server.flask.request_processing.middleware.auth_context [None req-7cdadeb6-f3fe-4fa6-a246-fe590b0280d2 None admin] RBAC: auth_context: {'token': <TokenModel (audit_id=EWEM-urtTW63_tSAGWaa5g, audit_chain_id=['EWEM-urtTW63_tSAGWaa5g']) at 0x7d7c8894bb90>, 'domain_id': None, 'trust_id': None, 'trustor_id': None, 'trustee_id': None, 'domain_name': None, 'group_ids': [], 'user_id': 'b176357a9d0f4787a561556d95360851', 'user_domain_id': 'default', 'system_scope': 'all', 'project_id': None, 'project_domain_id': None, 'roles': ['admin', 'manager', 'member', 'reader'], 'is_admin_project': True, 'service_user_id': None, 'service_user_domain_id': None, 'service_project_id': None, 'service_project_domain_id': None, 'service_roles': []} {{(pid=62854) fill_context /opt/stack/keystone/keystone/server/flask/request_processing/middleware/auth_context.py:509}}
Mar 08 11:02:19 ubuntu devstack@keystone.service[62854]: DEBUG keystone.server.flask.request_processing.req_logging [None req-7cdadeb6-f3fe-4fa6-a246-fe590b0280d2 None admin] REQUEST_METHOD: `GET` {{(pid=62854) log_request_info /opt/stack/keystone/keystone/server/flask/request_processing/req_logging.py:26}}
Mar 08 11:02:19 ubuntu devstack@keystone.service[62854]: DEBUG keystone.server.flask.request_processing.req_logging [None req-7cdadeb6-f3fe-4fa6-a246-fe590b0280d2 None admin] SCRIPT_NAME: `/identity` {{(pid=62854) log_request_info /opt/stack/keystone/keystone/server/flask/request_processing/req_logging.py:27}}
Mar 08 11:02:19 ubuntu devstack@keystone.service[62854]: DEBUG keystone.server.flask.request_processing.req_logging [None req-7cdadeb6-f3fe-4fa6-a246-fe590b0280d2 None admin] PATH_INFO: `/v3/roles/admin` {{(pid=62854) log_request_info /opt/stack/keystone/keystone/server/flask/request_processing/req_logging.py:28}}
Mar 08 11:02:19 ubuntu devstack@keystone.service[62853]: DEBUG keystone.server.flask.request_processing.middleware.auth_context [None req-8a53c5f0-d40b-4502-a5c2-7aa50ac066e5 None admin] RBAC: auth_context: {'token': <TokenModel (audit_id=bsbVGrZISW2EYQew-9AZ9Q, audit_chain_id=['bsbVGrZISW2EYQew-9AZ9Q']) at 0x7d7c88a038f0>, 'domain_id': None, 'trust_id': None, 'trustor_id': None, 'trustee_id': None, 'domain_name': None, 'group_ids': [], 'user_id': 'b176357a9d0f4787a561556d95360851', 'user_domain_id': 'default', 'system_scope': 'all', 'project_id': None, 'project_domain_id': None, 'roles': ['admin', 'manager', 'member', 'reader'], 'is_admin_project': True, 'service_user_id': None, 'service_user_domain_id': None, 'service_project_id': None, 'service_project_domain_id': None, 'service_roles': []} {{(pid=62853) fill_context /opt/stack/keystone/keystone/server/flask/request_processing/middleware/auth_context.py:509}}
Mar 08 11:02:19 ubuntu devstack@keystone.service[62853]: DEBUG keystone.server.flask.request_processing.req_logging [None req-8a53c5f0-d40b-4502-a5c2-7aa50ac066e5 None admin] REQUEST_METHOD: `POST` {{(pid=62853) log_request_info /opt/stack/keystone/keystone/server/flask/request_processing/req_logging.py:26}}
Mar 08 11:02:19 ubuntu devstack@keystone.service[62853]: DEBUG keystone.server.flask.request_processing.req_logging [None req-8a53c5f0-d40b-4502-a5c2-7aa50ac066e5 None admin] SCRIPT_NAME: `/identity` {{(pid=62853) log_request_info /opt/stack/keystone/keystone/server/flask/request_processing/req_logging.py:27}}
Mar 08 11:02:19 ubuntu devstack@keystone.service[62853]: DEBUG keystone.server.flask.request_processing.req_logging [None req-8a53c5f0-d40b-4502-a5c2-7aa50ac066e5 None admin] PATH_INFO: `/v3/projects` {{(pid=62853) log_request_info /opt/stack/keystone/keystone/server/flask/request_processing/req_logging.py:28}}
Mar 08 11:02:19 ubuntu devstack@keystone.service[62853]: DEBUG keystone.common.rbac_enforcer.enforcer [None req-8a53c5f0-d40b-4502-a5c2-7aa50ac066e5 None admin] RBAC: Authorizing `identity:create_project()` {{(pid=62853) enforce_call /opt/stack/keystone/keystone/common/rbac_enforcer/enforcer.py:494}}
Mar 08 11:02:19 ubuntu devstack@keystone.service[62853]: DEBUG keystone.common.rbac_enforcer.enforcer [None req-8a53c5f0-d40b-4502-a5c2-7aa50ac066e5 None admin] RBAC: Authorization granted {{(pid=62853) enforce_call /opt/stack/keystone/keystone/common/rbac_enforcer/enforcer.py:505}}
Mar 08 11:02:19 ubuntu devstack@keystone.service[62854]: DEBUG keystone.common.rbac_enforcer.enforcer [None req-7cdadeb6-f3fe-4fa6-a246-fe590b0280d2 None admin] Extracting inferred target data resulted in "NOT FOUND (404)". {{(pid=62854) enforce_call /opt/stack/keystone/keystone/common/rbac_enforcer/enforcer.py:445}}
Mar 08 11:02:19 ubuntu devstack@keystone.service[62854]: DEBUG keystone.server.flask.application [None req-7cdadeb6-f3fe-4fa6-a246-fe590b0280d2 None admin] Could not find role: admin. {{(pid=62854) _handle_keystone_exception /opt/stack/keystone/keystone/server/flask/application.py:146}}
Mar 08 11:02:19 ubuntu devstack@keystone.service[62854]: [pid: 62854|app: 0|req: 19/38] 10.120.125.143 () {58 vars in 1164 bytes} [Sun Mar  8 11:02:19 2026] GET /identity/v3/roles/admin => generated 83 bytes in 62 msecs (HTTP/1.1 404) 5 headers in 183 bytes (1 switches on core 0)
Mar 08 11:02:19 ubuntu devstack@keystone.service[62854]: DEBUG keystone.server.flask.request_processing.middleware.auth_context [None req-7cdadeb6-f3fe-4fa6-a246-fe590b0280d2 None admin] Authenticating user token {{(pid=62854) process_request /opt/stack/data/venv/lib/python3.12/site-packages/keystonemiddleware/auth_token/__init__.py:407}}
Mar 08 11:02:19 ubuntu devstack@keystone.service[62854]: DEBUG keystone.server.flask.request_processing.middleware.auth_context [None req-7cdadeb6-f3fe-4fa6-a246-fe590b0280d2 None admin] Validating token access rules against request {{(pid=62854) validate_allowed_request /opt/stack/data/venv/lib/python3.12/site-packages/keystonemiddleware/auth_token/__init__.py:545}}
Mar 08 11:02:19 ubuntu devstack@keystone.service[62854]: DEBUG keystone.server.flask.request_processing.middleware.auth_context [None req-68cc4217-2032-4831-81c6-fab51979edbc None admin] RBAC: auth_context: {'token': <TokenModel (audit_id=w3E6efBxTlesuUkrbKATlA, audit_chain_id=['w3E6efBxTlesuUkrbKATlA']) at 0x7d7c888ffe60>, 'domain_id': None, 'trust_id': None, 'trustor_id': None, 'trustee_id': None, 'domain_name': None, 'group_ids': [], 'user_id': 'b176357a9d0f4787a561556d95360851', 'user_domain_id': 'default', 'system_scope': 'all', 'project_id': None, 'project_domain_id': None, 'roles': ['admin', 'manager', 'member', 'reader'], 'is_admin_project': True, 'service_user_id': None, 'service_user_domain_id': None, 'service_project_id': None, 'service_project_domain_id': None, 'service_roles': []} {{(pid=62854) fill_context /opt/stack/keystone/keystone/server/flask/request_processing/middleware/auth_context.py:509}}
Mar 08 11:02:19 ubuntu devstack@keystone.service[62854]: DEBUG keystone.server.flask.request_processing.req_logging [None req-68cc4217-2032-4831-81c6-fab51979edbc None admin] REQUEST_METHOD: `GET` {{(pid=62854) log_request_info /opt/stack/keystone/keystone/server/flask/request_processing/req_logging.py:26}}
Mar 08 11:02:19 ubuntu devstack@keystone.service[62854]: DEBUG keystone.server.flask.request_processing.req_logging [None req-68cc4217-2032-4831-81c6-fab51979edbc None admin] SCRIPT_NAME: `/identity` {{(pid=62854) log_request_info /opt/stack/keystone/keystone/server/flask/request_processing/req_logging.py:27}}
Mar 08 11:02:19 ubuntu devstack@keystone.service[62854]: DEBUG keystone.server.flask.request_processing.req_logging [None req-68cc4217-2032-4831-81c6-fab51979edbc None admin] PATH_INFO: `/v3/roles/service` {{(pid=62854) log_request_info /opt/stack/keystone/keystone/server/flask/request_processing/req_logging.py:28}}
Mar 08 11:02:19 ubuntu devstack@keystone.service[62854]: DEBUG keystone.common.rbac_enforcer.enforcer [None req-68cc4217-2032-4831-81c6-fab51979edbc None admin] Extracting inferred target data resulted in "NOT FOUND (404)". {{(pid=62854) enforce_call /opt/stack/keystone/keystone/common/rbac_enforcer/enforcer.py:445}}
Mar 08 11:02:19 ubuntu devstack@keystone.service[62854]: DEBUG keystone.server.flask.application [None req-68cc4217-2032-4831-81c6-fab51979edbc None admin] Could not find role: service. {{(pid=62854) _handle_keystone_exception /opt/stack/keystone/keystone/server/flask/application.py:146}}
Mar 08 11:02:19 ubuntu devstack@keystone.service[62854]: [pid: 62854|app: 0|req: 20/39] 10.120.125.143 () {58 vars in 1170 bytes} [Sun Mar  8 11:02:19 2026] GET /identity/v3/roles/service => generated 85 bytes in 57 msecs (HTTP/1.1 404) 5 headers in 183 bytes (1 switches on core 0)
Mar 08 11:02:19 ubuntu devstack@keystone.service[62854]: DEBUG keystone.server.flask.request_processing.middleware.auth_context [None req-68cc4217-2032-4831-81c6-fab51979edbc None admin] Authenticating user token {{(pid=62854) process_request /opt/stack/data/venv/lib/python3.12/site-packages/keystonemiddleware/auth_token/__init__.py:407}}
Mar 08 11:02:19 ubuntu devstack@keystone.service[62853]: [pid: 62853|app: 0|req: 20/40] 10.120.125.143 () {62 vars in 1208 bytes} [Sun Mar  8 11:02:19 2026] POST /identity/v3/projects => generated 302 bytes in 135 msecs (HTTP/1.1 201) 5 headers in 182 bytes (1 switches on core 0)
Mar 08 11:02:19 ubuntu devstack@keystone.service[62853]: DEBUG keystone.server.flask.request_processing.middleware.auth_context [None req-8a53c5f0-d40b-4502-a5c2-7aa50ac066e5 None admin] Authenticating user token {{(pid=62853) process_request /opt/stack/data/venv/lib/python3.12/site-packages/keystonemiddleware/auth_token/__init__.py:407}}
Mar 08 11:02:19 ubuntu devstack@keystone.service[62854]: DEBUG keystone.server.flask.request_processing.middleware.auth_context [None req-68cc4217-2032-4831-81c6-fab51979edbc None admin] Validating token access rules against request {{(pid=62854) validate_allowed_request /opt/stack/data/venv/lib/python3.12/site-packages/keystonemiddleware/auth_token/__init__.py:545}}
Mar 08 11:02:19 ubuntu devstack@keystone.service[62854]: DEBUG keystone.server.flask.request_processing.middleware.auth_context [None req-624051d5-7c5b-422e-ad3a-258a0e8e27be None admin] RBAC: auth_context: {'token': <TokenModel (audit_id=2_bbLpbHQE6EN7utaTpNpQ, audit_chain_id=['2_bbLpbHQE6EN7utaTpNpQ']) at 0x7d7c88895d30>, 'domain_id': None, 'trust_id': None, 'trustor_id': None, 'trustee_id': None, 'domain_name': None, 'group_ids': [], 'user_id': 'b176357a9d0f4787a561556d95360851', 'user_domain_id': 'default', 'system_scope': 'all', 'project_id': None, 'project_domain_id': None, 'roles': ['admin', 'manager', 'member', 'reader'], 'is_admin_project': True, 'service_user_id': None, 'service_user_domain_id': None, 'service_project_id': None, 'service_project_domain_id': None, 'service_roles': []} {{(pid=62854) fill_context /opt/stack/keystone/keystone/server/flask/request_processing/middleware/auth_context.py:509}}
Mar 08 11:02:19 ubuntu devstack@keystone.service[62854]: DEBUG keystone.server.flask.request_processing.req_logging [None req-624051d5-7c5b-422e-ad3a-258a0e8e27be None admin] REQUEST_METHOD: `POST` {{(pid=62854) log_request_info /opt/stack/keystone/keystone/server/flask/request_processing/req_logging.py:26}}
Mar 08 11:02:19 ubuntu devstack@keystone.service[62854]: DEBUG keystone.server.flask.request_processing.req_logging [None req-624051d5-7c5b-422e-ad3a-258a0e8e27be None admin] SCRIPT_NAME: `/identity` {{(pid=62854) log_request_info /opt/stack/keystone/keystone/server/flask/request_processing/req_logging.py:27}}
Mar 08 11:02:19 ubuntu devstack@keystone.service[62854]: DEBUG keystone.server.flask.request_processing.req_logging [None req-624051d5-7c5b-422e-ad3a-258a0e8e27be None admin] PATH_INFO: `/v3/roles` {{(pid=62854) log_request_info /opt/stack/keystone/keystone/server/flask/request_processing/req_logging.py:28}}
Mar 08 11:02:19 ubuntu devstack@keystone.service[62854]: DEBUG keystone.common.rbac_enforcer.enforcer [None req-624051d5-7c5b-422e-ad3a-258a0e8e27be None admin] RBAC: Authorizing `identity:create_role()` {{(pid=62854) enforce_call /opt/stack/keystone/keystone/common/rbac_enforcer/enforcer.py:494}}
Mar 08 11:02:19 ubuntu devstack@keystone.service[62854]: DEBUG keystone.common.rbac_enforcer.enforcer [None req-624051d5-7c5b-422e-ad3a-258a0e8e27be None admin] RBAC: Authorization granted {{(pid=62854) enforce_call /opt/stack/keystone/keystone/common/rbac_enforcer/enforcer.py:505}}
Mar 08 11:02:19 ubuntu devstack@keystone.service[62853]: DEBUG keystone.server.flask.request_processing.middleware.auth_context [None req-8a53c5f0-d40b-4502-a5c2-7aa50ac066e5 None admin] Validating token access rules against request {{(pid=62853) validate_allowed_request /opt/stack/data/venv/lib/python3.12/site-packages/keystonemiddleware/auth_token/__init__.py:545}}
Mar 08 11:02:19 ubuntu devstack@keystone.service[62854]: [pid: 62854|app: 0|req: 21/41] 10.120.125.143 () {62 vars in 1199 bytes} [Sun Mar  8 11:02:19 2026] POST /identity/v3/roles => generated 226 bytes in 61 msecs (HTTP/1.1 201) 5 headers in 182 bytes (1 switches on core 0)
Mar 08 11:02:19 ubuntu devstack@keystone.service[62854]: DEBUG keystone.server.flask.request_processing.middleware.auth_context [None req-624051d5-7c5b-422e-ad3a-258a0e8e27be None admin] Authenticating user token {{(pid=62854) process_request /opt/stack/data/venv/lib/python3.12/site-packages/keystonemiddleware/auth_token/__init__.py:407}}
Mar 08 11:02:19 ubuntu devstack@keystone.service[62853]: DEBUG keystone.server.flask.request_processing.middleware.auth_context [None req-f268eda4-0344-483e-89f4-62b1059d0e4e None admin] RBAC: auth_context: {'token': <TokenModel (audit_id=EWEM-urtTW63_tSAGWaa5g, audit_chain_id=['EWEM-urtTW63_tSAGWaa5g']) at 0x7d7c889dc4a0>, 'domain_id': None, 'trust_id': None, 'trustor_id': None, 'trustee_id': None, 'domain_name': None, 'group_ids': [], 'user_id': 'b176357a9d0f4787a561556d95360851', 'user_domain_id': 'default', 'system_scope': 'all', 'project_id': None, 'project_domain_id': None, 'roles': ['admin', 'manager', 'member', 'reader'], 'is_admin_project': True, 'service_user_id': None, 'service_user_domain_id': None, 'service_project_id': None, 'service_project_domain_id': None, 'service_roles': []} {{(pid=62853) fill_context /opt/stack/keystone/keystone/server/flask/request_processing/middleware/auth_context.py:509}}
Mar 08 11:02:19 ubuntu devstack@keystone.service[62853]: DEBUG keystone.server.flask.request_processing.req_logging [None req-f268eda4-0344-483e-89f4-62b1059d0e4e None admin] REQUEST_METHOD: `GET` {{(pid=62853) log_request_info /opt/stack/keystone/keystone/server/flask/request_processing/req_logging.py:26}}
Mar 08 11:02:19 ubuntu devstack@keystone.service[62853]: DEBUG keystone.server.flask.request_processing.req_logging [None req-f268eda4-0344-483e-89f4-62b1059d0e4e None admin] SCRIPT_NAME: `/identity` {{(pid=62853) log_request_info /opt/stack/keystone/keystone/server/flask/request_processing/req_logging.py:27}}
Mar 08 11:02:19 ubuntu devstack@keystone.service[62853]: DEBUG keystone.server.flask.request_processing.req_logging [None req-f268eda4-0344-483e-89f4-62b1059d0e4e None admin] PATH_INFO: `/v3/roles` {{(pid=62853) log_request_info /opt/stack/keystone/keystone/server/flask/request_processing/req_logging.py:28}}
Mar 08 11:02:19 ubuntu devstack@keystone.service[62853]: DEBUG keystone.common.rbac_enforcer.enforcer [None req-f268eda4-0344-483e-89f4-62b1059d0e4e None admin] RBAC: Adding query filter params (name=admin) {{(pid=62853) _extract_filter_values /opt/stack/keystone/keystone/common/rbac_enforcer/enforcer.py:176}}
Mar 08 11:02:19 ubuntu devstack@keystone.service[62853]: DEBUG keystone.common.rbac_enforcer.enforcer [None req-f268eda4-0344-483e-89f4-62b1059d0e4e None admin] RBAC: Authorizing `identity:list_roles()` {{(pid=62853) enforce_call /opt/stack/keystone/keystone/common/rbac_enforcer/enforcer.py:494}}
Mar 08 11:02:19 ubuntu devstack@keystone.service[62853]: DEBUG keystone.common.rbac_enforcer.enforcer [None req-f268eda4-0344-483e-89f4-62b1059d0e4e None admin] RBAC: Authorization granted {{(pid=62853) enforce_call /opt/stack/keystone/keystone/common/rbac_enforcer/enforcer.py:505}}
Mar 08 11:02:19 ubuntu devstack@keystone.service[62853]: [pid: 62853|app: 0|req: 21/42] 10.120.125.143 () {58 vars in 1180 bytes} [Sun Mar  8 11:02:19 2026] GET /identity/v3/roles?name=admin => generated 341 bytes in 62 msecs (HTTP/1.1 200) 5 headers in 177 bytes (1 switches on core 0)
Mar 08 11:02:19 ubuntu devstack@keystone.service[62853]: DEBUG keystone.server.flask.request_processing.middleware.auth_context [None req-f268eda4-0344-483e-89f4-62b1059d0e4e None admin] Authenticating user token {{(pid=62853) process_request /opt/stack/data/venv/lib/python3.12/site-packages/keystonemiddleware/auth_token/__init__.py:407}}
Mar 08 11:02:19 ubuntu devstack@keystone.service[62854]: DEBUG keystone.server.flask.request_processing.middleware.auth_context [None req-624051d5-7c5b-422e-ad3a-258a0e8e27be None admin] Validating token access rules against request {{(pid=62854) validate_allowed_request /opt/stack/data/venv/lib/python3.12/site-packages/keystonemiddleware/auth_token/__init__.py:545}}
Mar 08 11:02:19 ubuntu devstack@keystone.service[62853]: DEBUG keystone.server.flask.request_processing.middleware.auth_context [None req-f268eda4-0344-483e-89f4-62b1059d0e4e None admin] Validating token access rules against request {{(pid=62853) validate_allowed_request /opt/stack/data/venv/lib/python3.12/site-packages/keystonemiddleware/auth_token/__init__.py:545}}
Mar 08 11:02:19 ubuntu devstack@keystone.service[62854]: DEBUG keystone.server.flask.request_processing.middleware.auth_context [None req-f4f24289-a120-4908-aa66-1e6cafaadd03 None admin] RBAC: auth_context: {'token': <TokenModel (audit_id=zc6JJ3gcTBSA3a4BEdJQ3Q, audit_chain_id=['zc6JJ3gcTBSA3a4BEdJQ3Q']) at 0x7d7c88895f10>, 'domain_id': None, 'trust_id': None, 'trustor_id': None, 'trustee_id': None, 'domain_name': None, 'group_ids': [], 'user_id': 'b176357a9d0f4787a561556d95360851', 'user_domain_id': 'default', 'system_scope': 'all', 'project_id': None, 'project_domain_id': None, 'roles': ['admin', 'manager', 'member', 'reader'], 'is_admin_project': True, 'service_user_id': None, 'service_user_domain_id': None, 'service_project_id': None, 'service_project_domain_id': None, 'service_roles': []} {{(pid=62854) fill_context /opt/stack/keystone/keystone/server/flask/request_processing/middleware/auth_context.py:509}}
Mar 08 11:02:19 ubuntu devstack@keystone.service[62854]: DEBUG keystone.server.flask.request_processing.req_logging [None req-f4f24289-a120-4908-aa66-1e6cafaadd03 None admin] REQUEST_METHOD: `POST` {{(pid=62854) log_request_info /opt/stack/keystone/keystone/server/flask/request_processing/req_logging.py:26}}
Mar 08 11:02:19 ubuntu devstack@keystone.service[62854]: DEBUG keystone.server.flask.request_processing.req_logging [None req-f4f24289-a120-4908-aa66-1e6cafaadd03 None admin] SCRIPT_NAME: `/identity` {{(pid=62854) log_request_info /opt/stack/keystone/keystone/server/flask/request_processing/req_logging.py:27}}
Mar 08 11:02:19 ubuntu devstack@keystone.service[62854]: DEBUG keystone.server.flask.request_processing.req_logging [None req-f4f24289-a120-4908-aa66-1e6cafaadd03 None admin] PATH_INFO: `/v3/roles` {{(pid=62854) log_request_info /opt/stack/keystone/keystone/server/flask/request_processing/req_logging.py:28}}
Mar 08 11:02:19 ubuntu devstack@keystone.service[62854]: DEBUG keystone.common.rbac_enforcer.enforcer [None req-f4f24289-a120-4908-aa66-1e6cafaadd03 None admin] RBAC: Authorizing `identity:create_role()` {{(pid=62854) enforce_call /opt/stack/keystone/keystone/common/rbac_enforcer/enforcer.py:494}}
Mar 08 11:02:19 ubuntu devstack@keystone.service[62853]: DEBUG keystone.server.flask.request_processing.middleware.auth_context [None req-6a271d15-ac44-4dff-9eb9-02238f8e48b5 None admin] RBAC: auth_context: {'token': <TokenModel (audit_id=w3E6efBxTlesuUkrbKATlA, audit_chain_id=['w3E6efBxTlesuUkrbKATlA']) at 0x7d7c88a02030>, 'domain_id': None, 'trust_id': None, 'trustor_id': None, 'trustee_id': None, 'domain_name': None, 'group_ids': [], 'user_id': 'b176357a9d0f4787a561556d95360851', 'user_domain_id': 'default', 'system_scope': 'all', 'project_id': None, 'project_domain_id': None, 'roles': ['admin', 'manager', 'member', 'reader'], 'is_admin_project': True, 'service_user_id': None, 'service_user_domain_id': None, 'service_project_id': None, 'service_project_domain_id': None, 'service_roles': []} {{(pid=62853) fill_context /opt/stack/keystone/keystone/server/flask/request_processing/middleware/auth_context.py:509}}
Mar 08 11:02:19 ubuntu devstack@keystone.service[62853]: DEBUG keystone.server.flask.request_processing.req_logging [None req-6a271d15-ac44-4dff-9eb9-02238f8e48b5 None admin] REQUEST_METHOD: `GET` {{(pid=62853) log_request_info /opt/stack/keystone/keystone/server/flask/request_processing/req_logging.py:26}}
Mar 08 11:02:19 ubuntu devstack@keystone.service[62854]: DEBUG keystone.common.rbac_enforcer.enforcer [None req-f4f24289-a120-4908-aa66-1e6cafaadd03 None admin] RBAC: Authorization granted {{(pid=62854) enforce_call /opt/stack/keystone/keystone/common/rbac_enforcer/enforcer.py:505}}
Mar 08 11:02:19 ubuntu devstack@keystone.service[62853]: DEBUG keystone.server.flask.request_processing.req_logging [None req-6a271d15-ac44-4dff-9eb9-02238f8e48b5 None admin] SCRIPT_NAME: `/identity` {{(pid=62853) log_request_info /opt/stack/keystone/keystone/server/flask/request_processing/req_logging.py:27}}
Mar 08 11:02:19 ubuntu devstack@keystone.service[62853]: DEBUG keystone.server.flask.request_processing.req_logging [None req-6a271d15-ac44-4dff-9eb9-02238f8e48b5 None admin] PATH_INFO: `/v3/roles` {{(pid=62853) log_request_info /opt/stack/keystone/keystone/server/flask/request_processing/req_logging.py:28}}
Mar 08 11:02:19 ubuntu devstack@keystone.service[62853]: DEBUG keystone.common.rbac_enforcer.enforcer [None req-6a271d15-ac44-4dff-9eb9-02238f8e48b5 None admin] RBAC: Adding query filter params (name=service) {{(pid=62853) _extract_filter_values /opt/stack/keystone/keystone/common/rbac_enforcer/enforcer.py:176}}
Mar 08 11:02:19 ubuntu devstack@keystone.service[62853]: DEBUG keystone.common.rbac_enforcer.enforcer [None req-6a271d15-ac44-4dff-9eb9-02238f8e48b5 None admin] RBAC: Authorizing `identity:list_roles()` {{(pid=62853) enforce_call /opt/stack/keystone/keystone/common/rbac_enforcer/enforcer.py:494}}
Mar 08 11:02:19 ubuntu devstack@keystone.service[62853]: DEBUG keystone.common.rbac_enforcer.enforcer [None req-6a271d15-ac44-4dff-9eb9-02238f8e48b5 None admin] RBAC: Authorization granted {{(pid=62853) enforce_call /opt/stack/keystone/keystone/common/rbac_enforcer/enforcer.py:505}}
Mar 08 11:02:19 ubuntu devstack@keystone.service[62853]: [pid: 62853|app: 0|req: 22/43] 10.120.125.143 () {58 vars in 1184 bytes} [Sun Mar  8 11:02:19 2026] GET /identity/v3/roles?name=service => generated 345 bytes in 59 msecs (HTTP/1.1 200) 5 headers in 177 bytes (1 switches on core 0)
Mar 08 11:02:19 ubuntu devstack@keystone.service[62853]: DEBUG keystone.server.flask.request_processing.middleware.auth_context [None req-6a271d15-ac44-4dff-9eb9-02238f8e48b5 None admin] Authenticating user token {{(pid=62853) process_request /opt/stack/data/venv/lib/python3.12/site-packages/keystonemiddleware/auth_token/__init__.py:407}}
Mar 08 11:02:19 ubuntu devstack@keystone.service[62854]: [pid: 62854|app: 0|req: 22/44] 10.120.125.143 () {62 vars in 1199 bytes} [Sun Mar  8 11:02:19 2026] POST /identity/v3/roles => generated 224 bytes in 84 msecs (HTTP/1.1 201) 5 headers in 182 bytes (1 switches on core 0)
Mar 08 11:02:19 ubuntu devstack@keystone.service[62853]: DEBUG keystone.server.flask.request_processing.middleware.auth_context [None req-6a271d15-ac44-4dff-9eb9-02238f8e48b5 None admin] Validating token access rules against request {{(pid=62853) validate_allowed_request /opt/stack/data/venv/lib/python3.12/site-packages/keystonemiddleware/auth_token/__init__.py:545}}
Mar 08 11:02:19 ubuntu devstack@keystone.service[62854]: DEBUG keystone.server.flask.request_processing.middleware.auth_context [None req-f4f24289-a120-4908-aa66-1e6cafaadd03 None admin] Authenticating user token {{(pid=62854) process_request /opt/stack/data/venv/lib/python3.12/site-packages/keystonemiddleware/auth_token/__init__.py:407}}
Mar 08 11:02:19 ubuntu devstack@keystone.service[62853]: DEBUG keystone.server.flask.request_processing.middleware.auth_context [None req-b1b43762-f2c3-46a5-be94-2884c11f9e30 None admin] RBAC: auth_context: {'token': <TokenModel (audit_id=EWEM-urtTW63_tSAGWaa5g, audit_chain_id=['EWEM-urtTW63_tSAGWaa5g']) at 0x7d7c886200e0>, 'domain_id': None, 'trust_id': None, 'trustor_id': None, 'trustee_id': None, 'domain_name': None, 'group_ids': [], 'user_id': 'b176357a9d0f4787a561556d95360851', 'user_domain_id': 'default', 'system_scope': 'all', 'project_id': None, 'project_domain_id': None, 'roles': ['admin', 'manager', 'member', 'reader'], 'is_admin_project': True, 'service_user_id': None, 'service_user_domain_id': None, 'service_project_id': None, 'service_project_domain_id': None, 'service_roles': []} {{(pid=62853) fill_context /opt/stack/keystone/keystone/server/flask/request_processing/middleware/auth_context.py:509}}
Mar 08 11:02:19 ubuntu devstack@keystone.service[62853]: DEBUG keystone.server.flask.request_processing.req_logging [None req-b1b43762-f2c3-46a5-be94-2884c11f9e30 None admin] REQUEST_METHOD: `GET` {{(pid=62853) log_request_info /opt/stack/keystone/keystone/server/flask/request_processing/req_logging.py:26}}
Mar 08 11:02:19 ubuntu devstack@keystone.service[62853]: DEBUG keystone.server.flask.request_processing.req_logging [None req-b1b43762-f2c3-46a5-be94-2884c11f9e30 None admin] SCRIPT_NAME: `/identity` {{(pid=62853) log_request_info /opt/stack/keystone/keystone/server/flask/request_processing/req_logging.py:27}}
Mar 08 11:02:19 ubuntu devstack@keystone.service[62853]: DEBUG keystone.server.flask.request_processing.req_logging [None req-b1b43762-f2c3-46a5-be94-2884c11f9e30 None admin] PATH_INFO: `/v3/users/b176357a9d0f4787a561556d95360851` {{(pid=62853) log_request_info /opt/stack/keystone/keystone/server/flask/request_processing/req_logging.py:28}}
Mar 08 11:02:19 ubuntu devstack@keystone.service[62853]: DEBUG keystone.common.rbac_enforcer.enforcer [None req-b1b43762-f2c3-46a5-be94-2884c11f9e30 None admin] RBAC: Authorizing `identity:get_user(user_id=b176357a9d0f4787a561556d95360851)` {{(pid=62853) enforce_call /opt/stack/keystone/keystone/common/rbac_enforcer/enforcer.py:494}}
Mar 08 11:02:19 ubuntu devstack@keystone.service[62853]: DEBUG keystone.common.rbac_enforcer.enforcer [None req-b1b43762-f2c3-46a5-be94-2884c11f9e30 None admin] RBAC: Authorization granted {{(pid=62853) enforce_call /opt/stack/keystone/keystone/common/rbac_enforcer/enforcer.py:505}}
Mar 08 11:02:19 ubuntu devstack@keystone.service[62853]: [pid: 62853|app: 0|req: 23/45] 10.120.125.143 () {58 vars in 1245 bytes} [Sun Mar  8 11:02:19 2026] GET /identity/v3/users/b176357a9d0f4787a561556d95360851 => generated 248 bytes in 55 msecs (HTTP/1.1 200) 5 headers in 177 bytes (1 switches on core 0)
Mar 08 11:02:19 ubuntu devstack@keystone.service[62854]: DEBUG keystone.server.flask.request_processing.middleware.auth_context [None req-f4f24289-a120-4908-aa66-1e6cafaadd03 None admin] Validating token access rules against request {{(pid=62854) validate_allowed_request /opt/stack/data/venv/lib/python3.12/site-packages/keystonemiddleware/auth_token/__init__.py:545}}
Mar 08 11:02:19 ubuntu devstack@keystone.service[62853]: DEBUG keystone.server.flask.request_processing.middleware.auth_context [None req-b1b43762-f2c3-46a5-be94-2884c11f9e30 None admin] Authenticating user token {{(pid=62853) process_request /opt/stack/data/venv/lib/python3.12/site-packages/keystonemiddleware/auth_token/__init__.py:407}}
Mar 08 11:02:19 ubuntu devstack@keystone.service[62854]: DEBUG keystone.server.flask.request_processing.middleware.auth_context [None req-80771657-1573-4942-a6a7-0db3834e0b61 None admin] RBAC: auth_context: {'token': <TokenModel (audit_id=8g5CUwblSeWrVAETOzJIUQ, audit_chain_id=['8g5CUwblSeWrVAETOzJIUQ']) at 0x7d7c888ff3b0>, 'domain_id': None, 'trust_id': None, 'trustor_id': None, 'trustee_id': None, 'domain_name': None, 'group_ids': [], 'user_id': 'b176357a9d0f4787a561556d95360851', 'user_domain_id': 'default', 'system_scope': 'all', 'project_id': None, 'project_domain_id': None, 'roles': ['admin', 'manager', 'member', 'reader'], 'is_admin_project': True, 'service_user_id': None, 'service_user_domain_id': None, 'service_project_id': None, 'service_project_domain_id': None, 'service_roles': []} {{(pid=62854) fill_context /opt/stack/keystone/keystone/server/flask/request_processing/middleware/auth_context.py:509}}
Mar 08 11:02:19 ubuntu devstack@keystone.service[62854]: DEBUG keystone.server.flask.request_processing.req_logging [None req-80771657-1573-4942-a6a7-0db3834e0b61 None admin] REQUEST_METHOD: `GET` {{(pid=62854) log_request_info /opt/stack/keystone/keystone/server/flask/request_processing/req_logging.py:26}}
Mar 08 11:02:19 ubuntu devstack@keystone.service[62854]: DEBUG keystone.server.flask.request_processing.req_logging [None req-80771657-1573-4942-a6a7-0db3834e0b61 None admin] SCRIPT_NAME: `/identity` {{(pid=62854) log_request_info /opt/stack/keystone/keystone/server/flask/request_processing/req_logging.py:27}}
Mar 08 11:02:19 ubuntu devstack@keystone.service[62854]: DEBUG keystone.server.flask.request_processing.req_logging [None req-80771657-1573-4942-a6a7-0db3834e0b61 None admin] PATH_INFO: `/v3/domains/default` {{(pid=62854) log_request_info /opt/stack/keystone/keystone/server/flask/request_processing/req_logging.py:28}}
Mar 08 11:02:19 ubuntu devstack@keystone.service[62854]: DEBUG keystone.common.rbac_enforcer.enforcer [None req-80771657-1573-4942-a6a7-0db3834e0b61 None admin] RBAC: Authorizing `identity:get_domain(domain_id=default)` {{(pid=62854) enforce_call /opt/stack/keystone/keystone/common/rbac_enforcer/enforcer.py:494}}
Mar 08 11:02:19 ubuntu devstack@keystone.service[62854]: DEBUG keystone.common.rbac_enforcer.enforcer [None req-80771657-1573-4942-a6a7-0db3834e0b61 None admin] RBAC: Authorization granted {{(pid=62854) enforce_call /opt/stack/keystone/keystone/common/rbac_enforcer/enforcer.py:505}}
Mar 08 11:02:19 ubuntu devstack@keystone.service[62854]: [pid: 62854|app: 0|req: 23/46] 10.120.125.143 () {58 vars in 1176 bytes} [Sun Mar  8 11:02:19 2026] GET /identity/v3/domains/default => generated 200 bytes in 89 msecs (HTTP/1.1 200) 5 headers in 177 bytes (1 switches on core 0)
Mar 08 11:02:19 ubuntu devstack@keystone.service[62853]: DEBUG keystone.server.flask.request_processing.middleware.auth_context [None req-b1b43762-f2c3-46a5-be94-2884c11f9e30 None admin] Validating token access rules against request {{(pid=62853) validate_allowed_request /opt/stack/data/venv/lib/python3.12/site-packages/keystonemiddleware/auth_token/__init__.py:545}}
Mar 08 11:02:19 ubuntu devstack@keystone.service[62853]: DEBUG keystone.server.flask.request_processing.middleware.auth_context [None req-f1b05cef-e0d8-4d38-a925-ab7859507582 None admin] RBAC: auth_context: {'token': <TokenModel (audit_id=EWEM-urtTW63_tSAGWaa5g, audit_chain_id=['EWEM-urtTW63_tSAGWaa5g']) at 0x7d7c889dc890>, 'domain_id': None, 'trust_id': None, 'trustor_id': None, 'trustee_id': None, 'domain_name': None, 'group_ids': [], 'user_id': 'b176357a9d0f4787a561556d95360851', 'user_domain_id': 'default', 'system_scope': 'all', 'project_id': None, 'project_domain_id': None, 'roles': ['admin', 'manager', 'member', 'reader'], 'is_admin_project': True, 'service_user_id': None, 'service_user_domain_id': None, 'service_project_id': None, 'service_project_domain_id': None, 'service_roles': []} {{(pid=62853) fill_context /opt/stack/keystone/keystone/server/flask/request_processing/middleware/auth_context.py:509}}
Mar 08 11:02:19 ubuntu devstack@keystone.service[62853]: DEBUG keystone.server.flask.request_processing.req_logging [None req-f1b05cef-e0d8-4d38-a925-ab7859507582 None admin] REQUEST_METHOD: `GET` {{(pid=62853) log_request_info /opt/stack/keystone/keystone/server/flask/request_processing/req_logging.py:26}}
Mar 08 11:02:19 ubuntu devstack@keystone.service[62853]: DEBUG keystone.server.flask.request_processing.req_logging [None req-f1b05cef-e0d8-4d38-a925-ab7859507582 None admin] SCRIPT_NAME: `/identity` {{(pid=62853) log_request_info /opt/stack/keystone/keystone/server/flask/request_processing/req_logging.py:27}}
Mar 08 11:02:19 ubuntu devstack@keystone.service[62853]: DEBUG keystone.server.flask.request_processing.req_logging [None req-f1b05cef-e0d8-4d38-a925-ab7859507582 None admin] PATH_INFO: `/v3/domains/default` {{(pid=62853) log_request_info /opt/stack/keystone/keystone/server/flask/request_processing/req_logging.py:28}}
Mar 08 11:02:19 ubuntu devstack@keystone.service[62853]: DEBUG keystone.common.rbac_enforcer.enforcer [None req-f1b05cef-e0d8-4d38-a925-ab7859507582 None admin] RBAC: Authorizing `identity:get_domain(domain_id=default)` {{(pid=62853) enforce_call /opt/stack/keystone/keystone/common/rbac_enforcer/enforcer.py:494}}
Mar 08 11:02:19 ubuntu devstack@keystone.service[62853]: DEBUG keystone.common.rbac_enforcer.enforcer [None req-f1b05cef-e0d8-4d38-a925-ab7859507582 None admin] RBAC: Authorization granted {{(pid=62853) enforce_call /opt/stack/keystone/keystone/common/rbac_enforcer/enforcer.py:505}}
Mar 08 11:02:19 ubuntu devstack@keystone.service[62853]: [pid: 62853|app: 0|req: 24/47] 10.120.125.143 () {58 vars in 1176 bytes} [Sun Mar  8 11:02:19 2026] GET /identity/v3/domains/default => generated 200 bytes in 77 msecs (HTTP/1.1 200) 5 headers in 177 bytes (1 switches on core 0)
Mar 08 11:02:19 ubuntu devstack@keystone.service[62854]: DEBUG keystone.server.flask.request_processing.middleware.auth_context [None req-80771657-1573-4942-a6a7-0db3834e0b61 None admin] Authenticating user token {{(pid=62854) process_request /opt/stack/data/venv/lib/python3.12/site-packages/keystonemiddleware/auth_token/__init__.py:407}}
Mar 08 11:02:19 ubuntu devstack@keystone.service[62854]: DEBUG keystone.server.flask.request_processing.middleware.auth_context [None req-80771657-1573-4942-a6a7-0db3834e0b61 None admin] Validating token access rules against request {{(pid=62854) validate_allowed_request /opt/stack/data/venv/lib/python3.12/site-packages/keystonemiddleware/auth_token/__init__.py:545}}
Mar 08 11:02:19 ubuntu devstack@keystone.service[62853]: DEBUG keystone.server.flask.request_processing.middleware.auth_context [None req-f1b05cef-e0d8-4d38-a925-ab7859507582 None admin] Authenticating user token {{(pid=62853) process_request /opt/stack/data/venv/lib/python3.12/site-packages/keystonemiddleware/auth_token/__init__.py:407}}
