Apr 22 23:40:13 ubuntu systemd[1]: Starting Devstack devstack@g-api.service...
Apr 22 23:40:13 ubuntu devstack@g-api.service[114824]: [uWSGI] getting INI configuration from /etc/glance/glance-uwsgi.ini
Apr 22 23:40:13 ubuntu devstack@g-api.service[114824]: *** Starting uWSGI 2.0.20-debian (64bit) on [Tue Apr 22 23:40:13 2025] ***
Apr 22 23:40:13 ubuntu devstack@g-api.service[114824]: compiled with version: 11.2.0 on 21 March 2022 11:00:44
Apr 22 23:40:13 ubuntu devstack@g-api.service[114824]: os: Linux-5.15.0-113-generic #123-Ubuntu SMP Mon Jun 10 08:16:17 UTC 2024
Apr 22 23:40:13 ubuntu devstack@g-api.service[114824]: nodename: ubuntu
Apr 22 23:40:13 ubuntu devstack@g-api.service[114824]: machine: x86_64
Apr 22 23:40:13 ubuntu devstack@g-api.service[114824]: clock source: unix
Apr 22 23:40:13 ubuntu devstack@g-api.service[114824]: pcre jit disabled
Apr 22 23:40:13 ubuntu devstack@g-api.service[114824]: detected number of CPU cores: 4
Apr 22 23:40:13 ubuntu devstack@g-api.service[114824]: current working directory: /
Apr 22 23:40:13 ubuntu devstack@g-api.service[114824]: detected binary path: /usr/bin/uwsgi-core
Apr 22 23:40:13 ubuntu devstack@g-api.service[114824]: your processes number limit is 31293
Apr 22 23:40:13 ubuntu devstack@g-api.service[114824]: your memory page size is 4096 bytes
Apr 22 23:40:13 ubuntu devstack@g-api.service[114824]: detected max file descriptor number: 2048
Apr 22 23:40:13 ubuntu devstack@g-api.service[114824]: lock engine: pthread robust mutexes
Apr 22 23:40:13 ubuntu devstack@g-api.service[114824]: thunder lock: enabled
Apr 22 23:40:13 ubuntu devstack@g-api.service[114824]: uwsgi socket 0 bound to TCP address 127.0.0.1:60999 fd 4
Apr 22 23:40:13 ubuntu devstack@g-api.service[114824]: Python version: 3.10.12 (main, Feb  4 2025, 14:57:36) [GCC 11.4.0]
Apr 22 23:40:13 ubuntu devstack@g-api.service[114824]: PEP 405 virtualenv detected: /opt/stack/data/venv
Apr 22 23:40:13 ubuntu devstack@g-api.service[114824]: Set PythonHome to /opt/stack/data/venv
Apr 22 23:40:13 ubuntu devstack@g-api.service[114824]: Python main interpreter initialized at 0x563709bce280
Apr 22 23:40:13 ubuntu devstack@g-api.service[114824]: python threads support enabled
Apr 22 23:40:13 ubuntu devstack@g-api.service[114824]: your server socket listen backlog is limited to 100 connections
Apr 22 23:40:13 ubuntu devstack@g-api.service[114824]: your mercy for graceful operations on workers is 80 seconds
Apr 22 23:40:13 ubuntu devstack@g-api.service[114824]: mapped 403077 bytes (393 KB) for 2 cores
Apr 22 23:40:13 ubuntu devstack@g-api.service[114824]: *** Operational MODE: preforking ***
Apr 22 23:40:13 ubuntu devstack@g-api.service[114824]: *** uWSGI is running in multiple interpreter mode ***
Apr 22 23:40:13 ubuntu devstack@g-api.service[114824]: spawned uWSGI master process (pid: 114824)
Apr 22 23:40:13 ubuntu devstack@g-api.service[114824]: spawned uWSGI worker 1 (pid: 114826, cores: 1)
Apr 22 23:40:13 ubuntu systemd[1]: Started Devstack devstack@g-api.service.
Apr 22 23:40:13 ubuntu devstack@g-api.service[114824]: spawned uWSGI worker 2 (pid: 114829, cores: 1)
Apr 22 23:40:13 ubuntu devstack@g-api.service[114824]: running "unix_signal:15 gracefully_kill_them_all" (master-start)...
Apr 22 23:40:13 ubuntu devstack@g-api.service[114829]: INFO glance.async_ [-] Threadpool model set to 'NativeThreadPoolModel'
Apr 22 23:40:13 ubuntu devstack@g-api.service[114826]: INFO glance.async_ [-] Threadpool model set to 'NativeThreadPoolModel'
Apr 22 23:40:14 ubuntu devstack@g-api.service[114829]: DEBUG oslo_concurrency.processutils [-] Running cmd (subprocess): grep -F node.session.scan /sbin/iscsiadm {{(pid=114829) execute /opt/stack/data/venv/lib/python3.10/site-packages/oslo_concurrency/processutils.py:349}}
Apr 22 23:40:14 ubuntu devstack@g-api.service[114826]: DEBUG oslo_concurrency.processutils [-] Running cmd (subprocess): grep -F node.session.scan /sbin/iscsiadm {{(pid=114826) execute /opt/stack/data/venv/lib/python3.10/site-packages/oslo_concurrency/processutils.py:349}}
Apr 22 23:40:14 ubuntu devstack@g-api.service[114829]: DEBUG oslo_concurrency.processutils [-] CMD "grep -F node.session.scan /sbin/iscsiadm" returned: 0 in 0.014s {{(pid=114829) execute /opt/stack/data/venv/lib/python3.10/site-packages/oslo_concurrency/processutils.py:372}}
Apr 22 23:40:14 ubuntu devstack@g-api.service[114826]: DEBUG oslo_concurrency.processutils [-] CMD "grep -F node.session.scan /sbin/iscsiadm" returned: 0 in 0.011s {{(pid=114826) execute /opt/stack/data/venv/lib/python3.10/site-packages/oslo_concurrency/processutils.py:372}}
Apr 22 23:40:14 ubuntu devstack@g-api.service[114826]: DEBUG glance_store.common.attachment_state_manager [-] Initialising _AttachmentStateManager {{(pid=114826) __init__ /opt/stack/data/venv/lib/python3.10/site-packages/glance_store/common/attachment_state_manager.py:86}}
Apr 22 23:40:14 ubuntu devstack@g-api.service[114829]: DEBUG glance_store.common.attachment_state_manager [-] Initialising _AttachmentStateManager {{(pid=114829) __init__ /opt/stack/data/venv/lib/python3.10/site-packages/glance_store/common/attachment_state_manager.py:86}}
Apr 22 23:40:14 ubuntu devstack@g-api.service[114826]: DEBUG glance_store.backend [-] Attempting to import store cinder {{(pid=114826) _load_store /opt/stack/data/venv/lib/python3.10/site-packages/glance_store/backend.py:216}}
Apr 22 23:40:14 ubuntu devstack@g-api.service[114826]: DEBUG glance_store.backend [-] Attempting to import store file {{(pid=114826) _load_store /opt/stack/data/venv/lib/python3.10/site-packages/glance_store/backend.py:216}}
Apr 22 23:40:14 ubuntu devstack@g-api.service[114826]: DEBUG glance_store.backend [-] Attempting to import store glance.store.cinder.Store {{(pid=114826) _load_store /opt/stack/data/venv/lib/python3.10/site-packages/glance_store/backend.py:216}}
Apr 22 23:40:14 ubuntu devstack@g-api.service[114826]: DEBUG glance_store.backend [-] Attempting to import store glance.store.filesystem.Store {{(pid=114826) _load_store /opt/stack/data/venv/lib/python3.10/site-packages/glance_store/backend.py:216}}
Apr 22 23:40:14 ubuntu devstack@g-api.service[114826]: DEBUG glance_store.backend [-] Attempting to import store glance.store.http.Store {{(pid=114826) _load_store /opt/stack/data/venv/lib/python3.10/site-packages/glance_store/backend.py:216}}
Apr 22 23:40:14 ubuntu devstack@g-api.service[114826]: DEBUG glance_store.backend [-] Attempting to import store glance.store.rbd.Store {{(pid=114826) _load_store /opt/stack/data/venv/lib/python3.10/site-packages/glance_store/backend.py:216}}
Apr 22 23:40:14 ubuntu devstack@g-api.service[114826]: DEBUG glance_store.backend [-] Attempting to import store glance.store.s3.Store {{(pid=114826) _load_store /opt/stack/data/venv/lib/python3.10/site-packages/glance_store/backend.py:216}}
Apr 22 23:40:14 ubuntu devstack@g-api.service[114826]: DEBUG glance_store.backend [-] Attempting to import store glance.store.swift.Store {{(pid=114826) _load_store /opt/stack/data/venv/lib/python3.10/site-packages/glance_store/backend.py:216}}
Apr 22 23:40:14 ubuntu devstack@g-api.service[114826]: DEBUG glance_store.backend [-] Attempting to import store glance.store.vmware_datastore.Store {{(pid=114826) _load_store /opt/stack/data/venv/lib/python3.10/site-packages/glance_store/backend.py:216}}
Apr 22 23:40:14 ubuntu devstack@g-api.service[114826]: DEBUG glance_store.backend [-] Attempting to import store http {{(pid=114826) _load_store /opt/stack/data/venv/lib/python3.10/site-packages/glance_store/backend.py:216}}
Apr 22 23:40:14 ubuntu devstack@g-api.service[114826]: DEBUG glance_store.backend [-] Attempting to import store no_conf {{(pid=114826) _load_store /opt/stack/data/venv/lib/python3.10/site-packages/glance_store/backend.py:216}}
Apr 22 23:40:14 ubuntu devstack@g-api.service[114826]: DEBUG glance_store.backend [-] Attempting to import store rbd {{(pid=114826) _load_store /opt/stack/data/venv/lib/python3.10/site-packages/glance_store/backend.py:216}}
Apr 22 23:40:14 ubuntu devstack@g-api.service[114826]: DEBUG glance_store.backend [-] Attempting to import store s3 {{(pid=114826) _load_store /opt/stack/data/venv/lib/python3.10/site-packages/glance_store/backend.py:216}}
Apr 22 23:40:14 ubuntu devstack@g-api.service[114826]: DEBUG glance_store.backend [-] Attempting to import store swift {{(pid=114826) _load_store /opt/stack/data/venv/lib/python3.10/site-packages/glance_store/backend.py:216}}
Apr 22 23:40:14 ubuntu devstack@g-api.service[114826]: DEBUG glance_store.backend [-] Attempting to import store vmware {{(pid=114826) _load_store /opt/stack/data/venv/lib/python3.10/site-packages/glance_store/backend.py:216}}
Apr 22 23:40:14 ubuntu devstack@g-api.service[114826]: DEBUG glance_store.backend [-] Registering options for group glance_store {{(pid=114826) register_opts /opt/stack/data/venv/lib/python3.10/site-packages/glance_store/backend.py:145}}
Apr 22 23:40:14 ubuntu devstack@g-api.service[114826]: DEBUG glance_store.backend [-] Registering options for group glance_store {{(pid=114826) register_opts /opt/stack/data/venv/lib/python3.10/site-packages/glance_store/backend.py:145}}
Apr 22 23:40:14 ubuntu devstack@g-api.service[114826]: DEBUG glance_store.backend [-] Attempting to import store http {{(pid=114826) _load_store /opt/stack/data/venv/lib/python3.10/site-packages/glance_store/backend.py:216}}
Apr 22 23:40:14 ubuntu devstack@g-api.service[114826]: DEBUG glance_store.capabilities [-] Store glance_store._drivers.http.Store doesn't support updating dynamic storage capabilities. Please overwrite 'update_capabilities' method of the store to implement updating logics if needed. {{(pid=114826) update_capabilities /opt/stack/data/venv/lib/python3.10/site-packages/glance_store/capabilities.py:91}}
Apr 22 23:40:14 ubuntu devstack@g-api.service[114826]: DEBUG glance_store.backend [-] Registering store http with schemes ('http', 'https') {{(pid=114826) create_stores /opt/stack/data/venv/lib/python3.10/site-packages/glance_store/backend.py:262}}
Apr 22 23:40:14 ubuntu devstack@g-api.service[114826]: DEBUG glance_store.driver [-] Late loading location class glance_store._drivers.http.StoreLocation {{(pid=114826) get_store_location_class /opt/stack/data/venv/lib/python3.10/site-packages/glance_store/driver.py:133}}
Apr 22 23:40:14 ubuntu devstack@g-api.service[114826]: DEBUG glance_store.location [-] Registering scheme http with {'store': <glance_store._drivers.http.Store object at 0x7f935e9aa560>, 'location_class': <class 'glance_store._drivers.http.StoreLocation'>, 'store_entry': 'http'} {{(pid=114826) register_scheme_map /opt/stack/data/venv/lib/python3.10/site-packages/glance_store/location.py:146}}
Apr 22 23:40:14 ubuntu devstack@g-api.service[114826]: DEBUG glance_store.location [-] Registering scheme https with {'store': <glance_store._drivers.http.Store object at 0x7f935e9aa560>, 'location_class': <class 'glance_store._drivers.http.StoreLocation'>, 'store_entry': 'http'} {{(pid=114826) register_scheme_map /opt/stack/data/venv/lib/python3.10/site-packages/glance_store/location.py:146}}
Apr 22 23:40:14 ubuntu devstack@g-api.service[114826]: DEBUG glance_store.backend [-] Attempting to import store file {{(pid=114826) _load_store /opt/stack/data/venv/lib/python3.10/site-packages/glance_store/backend.py:216}}
Apr 22 23:40:14 ubuntu devstack@g-api.service[114826]: DEBUG glance_store.capabilities [-] Store glance_store._drivers.filesystem.Store doesn't support updating dynamic storage capabilities. Please overwrite 'update_capabilities' method of the store to implement updating logics if needed. {{(pid=114826) update_capabilities /opt/stack/data/venv/lib/python3.10/site-packages/glance_store/capabilities.py:91}}
Apr 22 23:40:14 ubuntu devstack@g-api.service[114826]: DEBUG glance_store.backend [-] Registering store file with schemes ('file', 'filesystem') {{(pid=114826) create_stores /opt/stack/data/venv/lib/python3.10/site-packages/glance_store/backend.py:262}}
Apr 22 23:40:14 ubuntu devstack@g-api.service[114826]: DEBUG glance_store.driver [-] Late loading location class glance_store._drivers.filesystem.StoreLocation {{(pid=114826) get_store_location_class /opt/stack/data/venv/lib/python3.10/site-packages/glance_store/driver.py:133}}
Apr 22 23:40:14 ubuntu devstack@g-api.service[114826]: DEBUG glance_store.location [-] Registering scheme file with {'store': <glance_store._drivers.filesystem.Store object at 0x7f935e9ab2e0>, 'location_class': <class 'glance_store._drivers.filesystem.StoreLocation'>, 'store_entry': 'file'} {{(pid=114826) register_scheme_map /opt/stack/data/venv/lib/python3.10/site-packages/glance_store/location.py:146}}
Apr 22 23:40:14 ubuntu devstack@g-api.service[114826]: DEBUG glance_store.location [-] Registering scheme filesystem with {'store': <glance_store._drivers.filesystem.Store object at 0x7f935e9ab2e0>, 'location_class': <class 'glance_store._drivers.filesystem.StoreLocation'>, 'store_entry': 'file'} {{(pid=114826) register_scheme_map /opt/stack/data/venv/lib/python3.10/site-packages/glance_store/location.py:146}}
Apr 22 23:40:14 ubuntu devstack@g-api.service[114826]: DEBUG glance.sqlite_migration [-] SQLite caching database not located, skipping migration {{(pid=114826) get_db_path /opt/stack/glance/glance/sqlite_migration.py:68}}
Apr 22 23:40:14 ubuntu devstack@g-api.service[114826]: WARNING glance.common.wsgi_app [-] Import methods are enabled but staging directory /tmp/staging/ does not exist; Imports will fail!
Apr 22 23:40:14 ubuntu devstack@g-api.service[114829]: DEBUG glance_store.backend [-] Attempting to import store cinder {{(pid=114829) _load_store /opt/stack/data/venv/lib/python3.10/site-packages/glance_store/backend.py:216}}
Apr 22 23:40:14 ubuntu devstack@g-api.service[114829]: DEBUG glance_store.backend [-] Attempting to import store file {{(pid=114829) _load_store /opt/stack/data/venv/lib/python3.10/site-packages/glance_store/backend.py:216}}
Apr 22 23:40:14 ubuntu devstack@g-api.service[114829]: DEBUG glance_store.backend [-] Attempting to import store glance.store.cinder.Store {{(pid=114829) _load_store /opt/stack/data/venv/lib/python3.10/site-packages/glance_store/backend.py:216}}
Apr 22 23:40:14 ubuntu devstack@g-api.service[114829]: DEBUG glance_store.backend [-] Attempting to import store glance.store.filesystem.Store {{(pid=114829) _load_store /opt/stack/data/venv/lib/python3.10/site-packages/glance_store/backend.py:216}}
Apr 22 23:40:14 ubuntu devstack@g-api.service[114829]: DEBUG glance_store.backend [-] Attempting to import store glance.store.http.Store {{(pid=114829) _load_store /opt/stack/data/venv/lib/python3.10/site-packages/glance_store/backend.py:216}}
Apr 22 23:40:14 ubuntu devstack@g-api.service[114829]: DEBUG glance_store.backend [-] Attempting to import store glance.store.rbd.Store {{(pid=114829) _load_store /opt/stack/data/venv/lib/python3.10/site-packages/glance_store/backend.py:216}}
Apr 22 23:40:14 ubuntu devstack@g-api.service[114829]: DEBUG glance_store.backend [-] Attempting to import store glance.store.s3.Store {{(pid=114829) _load_store /opt/stack/data/venv/lib/python3.10/site-packages/glance_store/backend.py:216}}
Apr 22 23:40:14 ubuntu devstack@g-api.service[114829]: DEBUG glance_store.backend [-] Attempting to import store glance.store.swift.Store {{(pid=114829) _load_store /opt/stack/data/venv/lib/python3.10/site-packages/glance_store/backend.py:216}}
Apr 22 23:40:14 ubuntu devstack@g-api.service[114829]: DEBUG glance_store.backend [-] Attempting to import store glance.store.vmware_datastore.Store {{(pid=114829) _load_store /opt/stack/data/venv/lib/python3.10/site-packages/glance_store/backend.py:216}}
Apr 22 23:40:14 ubuntu devstack@g-api.service[114829]: DEBUG glance_store.backend [-] Attempting to import store http {{(pid=114829) _load_store /opt/stack/data/venv/lib/python3.10/site-packages/glance_store/backend.py:216}}
Apr 22 23:40:14 ubuntu devstack@g-api.service[114829]: DEBUG glance_store.backend [-] Attempting to import store no_conf {{(pid=114829) _load_store /opt/stack/data/venv/lib/python3.10/site-packages/glance_store/backend.py:216}}
Apr 22 23:40:14 ubuntu devstack@g-api.service[114829]: DEBUG glance_store.backend [-] Attempting to import store rbd {{(pid=114829) _load_store /opt/stack/data/venv/lib/python3.10/site-packages/glance_store/backend.py:216}}
Apr 22 23:40:14 ubuntu devstack@g-api.service[114829]: DEBUG glance_store.backend [-] Attempting to import store s3 {{(pid=114829) _load_store /opt/stack/data/venv/lib/python3.10/site-packages/glance_store/backend.py:216}}
Apr 22 23:40:14 ubuntu devstack@g-api.service[114829]: DEBUG glance_store.backend [-] Attempting to import store swift {{(pid=114829) _load_store /opt/stack/data/venv/lib/python3.10/site-packages/glance_store/backend.py:216}}
Apr 22 23:40:14 ubuntu devstack@g-api.service[114829]: DEBUG glance_store.backend [-] Attempting to import store vmware {{(pid=114829) _load_store /opt/stack/data/venv/lib/python3.10/site-packages/glance_store/backend.py:216}}
Apr 22 23:40:14 ubuntu devstack@g-api.service[114829]: DEBUG glance_store.backend [-] Registering options for group glance_store {{(pid=114829) register_opts /opt/stack/data/venv/lib/python3.10/site-packages/glance_store/backend.py:145}}
Apr 22 23:40:14 ubuntu devstack@g-api.service[114829]: DEBUG glance_store.backend [-] Registering options for group glance_store {{(pid=114829) register_opts /opt/stack/data/venv/lib/python3.10/site-packages/glance_store/backend.py:145}}
Apr 22 23:40:14 ubuntu devstack@g-api.service[114829]: DEBUG glance_store.backend [-] Attempting to import store http {{(pid=114829) _load_store /opt/stack/data/venv/lib/python3.10/site-packages/glance_store/backend.py:216}}
Apr 22 23:40:14 ubuntu devstack@g-api.service[114829]: DEBUG glance_store.capabilities [-] Store glance_store._drivers.http.Store doesn't support updating dynamic storage capabilities. Please overwrite 'update_capabilities' method of the store to implement updating logics if needed. {{(pid=114829) update_capabilities /opt/stack/data/venv/lib/python3.10/site-packages/glance_store/capabilities.py:91}}
Apr 22 23:40:14 ubuntu devstack@g-api.service[114829]: DEBUG glance_store.backend [-] Registering store http with schemes ('http', 'https') {{(pid=114829) create_stores /opt/stack/data/venv/lib/python3.10/site-packages/glance_store/backend.py:262}}
Apr 22 23:40:14 ubuntu devstack@g-api.service[114829]: DEBUG glance_store.driver [-] Late loading location class glance_store._drivers.http.StoreLocation {{(pid=114829) get_store_location_class /opt/stack/data/venv/lib/python3.10/site-packages/glance_store/driver.py:133}}
Apr 22 23:40:14 ubuntu devstack@g-api.service[114829]: DEBUG glance_store.location [-] Registering scheme http with {'store': <glance_store._drivers.http.Store object at 0x7f935e9abaf0>, 'location_class': <class 'glance_store._drivers.http.StoreLocation'>, 'store_entry': 'http'} {{(pid=114829) register_scheme_map /opt/stack/data/venv/lib/python3.10/site-packages/glance_store/location.py:146}}
Apr 22 23:40:14 ubuntu devstack@g-api.service[114829]: DEBUG glance_store.location [-] Registering scheme https with {'store': <glance_store._drivers.http.Store object at 0x7f935e9abaf0>, 'location_class': <class 'glance_store._drivers.http.StoreLocation'>, 'store_entry': 'http'} {{(pid=114829) register_scheme_map /opt/stack/data/venv/lib/python3.10/site-packages/glance_store/location.py:146}}
Apr 22 23:40:14 ubuntu devstack@g-api.service[114829]: DEBUG glance_store.backend [-] Attempting to import store file {{(pid=114829) _load_store /opt/stack/data/venv/lib/python3.10/site-packages/glance_store/backend.py:216}}
Apr 22 23:40:14 ubuntu devstack@g-api.service[114829]: DEBUG glance_store.capabilities [-] Store glance_store._drivers.filesystem.Store doesn't support updating dynamic storage capabilities. Please overwrite 'update_capabilities' method of the store to implement updating logics if needed. {{(pid=114829) update_capabilities /opt/stack/data/venv/lib/python3.10/site-packages/glance_store/capabilities.py:91}}
Apr 22 23:40:14 ubuntu devstack@g-api.service[114829]: DEBUG glance_store.backend [-] Registering store file with schemes ('file', 'filesystem') {{(pid=114829) create_stores /opt/stack/data/venv/lib/python3.10/site-packages/glance_store/backend.py:262}}
Apr 22 23:40:14 ubuntu devstack@g-api.service[114829]: DEBUG glance_store.driver [-] Late loading location class glance_store._drivers.filesystem.StoreLocation {{(pid=114829) get_store_location_class /opt/stack/data/venv/lib/python3.10/site-packages/glance_store/driver.py:133}}
Apr 22 23:40:14 ubuntu devstack@g-api.service[114829]: DEBUG glance_store.location [-] Registering scheme file with {'store': <glance_store._drivers.filesystem.Store object at 0x7f935e9a98a0>, 'location_class': <class 'glance_store._drivers.filesystem.StoreLocation'>, 'store_entry': 'file'} {{(pid=114829) register_scheme_map /opt/stack/data/venv/lib/python3.10/site-packages/glance_store/location.py:146}}
Apr 22 23:40:14 ubuntu devstack@g-api.service[114829]: DEBUG glance_store.location [-] Registering scheme filesystem with {'store': <glance_store._drivers.filesystem.Store object at 0x7f935e9a98a0>, 'location_class': <class 'glance_store._drivers.filesystem.StoreLocation'>, 'store_entry': 'file'} {{(pid=114829) register_scheme_map /opt/stack/data/venv/lib/python3.10/site-packages/glance_store/location.py:146}}
Apr 22 23:40:14 ubuntu devstack@g-api.service[114829]: DEBUG glance.sqlite_migration [-] SQLite caching database not located, skipping migration {{(pid=114829) get_db_path /opt/stack/glance/glance/sqlite_migration.py:68}}
Apr 22 23:40:14 ubuntu devstack@g-api.service[114829]: WARNING glance.common.wsgi_app [-] Import methods are enabled but staging directory /tmp/staging/ does not exist; Imports will fail!
Apr 22 23:40:14 ubuntu devstack@g-api.service[114826]: DEBUG glance.common.config [None req-0f530333-2a5e-41c5-9c75-d2dc0924ca01 None None] Loading glance-api-keystone+cachemanagement from /etc/glance/glance-api-paste.ini {{(pid=114826) load_paste_app /opt/stack/glance/glance/common/config.py:750}}
Apr 22 23:40:14 ubuntu devstack@g-api.service[114829]: DEBUG glance.common.config [None req-f7b371d3-936a-4f14-82e0-3dbbff6c5919 None None] Loading glance-api-keystone+cachemanagement from /etc/glance/glance-api-paste.ini {{(pid=114829) load_paste_app /opt/stack/glance/glance/common/config.py:750}}
Apr 22 23:40:15 ubuntu devstack@g-api.service[114829]: INFO glance.image_cache [None req-f7b371d3-936a-4f14-82e0-3dbbff6c5919 None None] Image cache loaded driver 'centralized_db'.
Apr 22 23:40:15 ubuntu devstack@g-api.service[114826]: INFO glance.image_cache [None req-0f530333-2a5e-41c5-9c75-d2dc0924ca01 None None] Image cache loaded driver 'centralized_db'.
Apr 22 23:40:15 ubuntu devstack@g-api.service[114829]: INFO dbcounter [None req-f7b371d3-936a-4f14-82e0-3dbbff6c5919 None None] Registered counter for database glance
Apr 22 23:40:15 ubuntu devstack@g-api.service[114829]: DEBUG oslo_db.sqlalchemy.engines [None req-f7b371d3-936a-4f14-82e0-3dbbff6c5919 None None] MySQL server mode set to STRICT_TRANS_TABLES,STRICT_ALL_TABLES,NO_ZERO_IN_DATE,NO_ZERO_DATE,ERROR_FOR_DIVISION_BY_ZERO,TRADITIONAL,NO_ENGINE_SUBSTITUTION {{(pid=114829) _check_effective_sql_mode /opt/stack/data/venv/lib/python3.10/site-packages/oslo_db/sqlalchemy/engines.py:397}}
Apr 22 23:40:15 ubuntu devstack@g-api.service[114826]: INFO dbcounter [None req-0f530333-2a5e-41c5-9c75-d2dc0924ca01 None None] Registered counter for database glance
Apr 22 23:40:15 ubuntu devstack@g-api.service[114826]: DEBUG oslo_db.sqlalchemy.engines [None req-0f530333-2a5e-41c5-9c75-d2dc0924ca01 None None] MySQL server mode set to STRICT_TRANS_TABLES,STRICT_ALL_TABLES,NO_ZERO_IN_DATE,NO_ZERO_DATE,ERROR_FOR_DIVISION_BY_ZERO,TRADITIONAL,NO_ENGINE_SUBSTITUTION {{(pid=114826) _check_effective_sql_mode /opt/stack/data/venv/lib/python3.10/site-packages/oslo_db/sqlalchemy/engines.py:397}}
Apr 22 23:40:15 ubuntu devstack@g-api.service[114829]: DEBUG dbcounter [-] [114829] Writer thread running {{(pid=114829) stat_writer /opt/stack/data/venv/lib/python3.10/site-packages/dbcounter.py:102}}
Apr 22 23:40:15 ubuntu devstack@g-api.service[114829]: INFO glance.image_cache [None req-f7b371d3-936a-4f14-82e0-3dbbff6c5919 None None] Image cache loaded driver 'centralized_db'.
Apr 22 23:40:15 ubuntu devstack@g-api.service[114826]: DEBUG dbcounter [-] [114826] Writer thread running {{(pid=114826) stat_writer /opt/stack/data/venv/lib/python3.10/site-packages/dbcounter.py:102}}
Apr 22 23:40:15 ubuntu devstack@g-api.service[114829]: DEBUG glance.image_cache.drivers.centralized_db [None req-f7b371d3-936a-4f14-82e0-3dbbff6c5919 None None] Node reference is already recorded, ignoring it {{(pid=114829) configure /opt/stack/glance/glance/image_cache/drivers/centralized_db.py:71}}
Apr 22 23:40:15 ubuntu devstack@g-api.service[114826]: DEBUG glance.image_cache.drivers.centralized_db [None req-0f530333-2a5e-41c5-9c75-d2dc0924ca01 None None] Node reference is already recorded, ignoring it {{(pid=114826) configure /opt/stack/glance/glance/image_cache/drivers/centralized_db.py:71}}
Apr 22 23:40:15 ubuntu devstack@g-api.service[114829]: DEBUG glance.api.v2.cached_images [None req-f7b371d3-936a-4f14-82e0-3dbbff6c5919 None None] Started cache worker thread {{(pid=114829) __init__ /opt/stack/glance/glance/api/v2/cached_images.py:69}}
Apr 22 23:40:15 ubuntu devstack@g-api.service[114829]: INFO glance.image_cache [None req-f7b371d3-936a-4f14-82e0-3dbbff6c5919 None None] Image cache loaded driver 'centralized_db'.
Apr 22 23:40:15 ubuntu devstack@g-api.service[114826]: INFO glance.image_cache [None req-0f530333-2a5e-41c5-9c75-d2dc0924ca01 None None] Image cache loaded driver 'centralized_db'.
Apr 22 23:40:15 ubuntu devstack@g-api.service[114829]: DEBUG glance.image_cache.drivers.centralized_db [None req-f7b371d3-936a-4f14-82e0-3dbbff6c5919 None None] Node reference is already recorded, ignoring it {{(pid=114829) configure /opt/stack/glance/glance/image_cache/drivers/centralized_db.py:71}}
Apr 22 23:40:15 ubuntu devstack@g-api.service[114826]: DEBUG glance.image_cache.drivers.centralized_db [None req-0f530333-2a5e-41c5-9c75-d2dc0924ca01 None None] Node reference is already recorded, ignoring it {{(pid=114826) configure /opt/stack/glance/glance/image_cache/drivers/centralized_db.py:71}}
Apr 22 23:40:15 ubuntu devstack@g-api.service[114829]: INFO glance.api.middleware.cache_manage [None req-f7b371d3-936a-4f14-82e0-3dbbff6c5919 None None] Initialized image cache management middleware
Apr 22 23:40:15 ubuntu devstack@g-api.service[114829]: INFO glance.image_cache [None req-f7b371d3-936a-4f14-82e0-3dbbff6c5919 None None] Image cache loaded driver 'centralized_db'.
Apr 22 23:40:15 ubuntu devstack@g-api.service[114826]: DEBUG glance.api.v2.cached_images [None req-0f530333-2a5e-41c5-9c75-d2dc0924ca01 None None] Started cache worker thread {{(pid=114826) __init__ /opt/stack/glance/glance/api/v2/cached_images.py:69}}
Apr 22 23:40:15 ubuntu devstack@g-api.service[114826]: INFO glance.image_cache [None req-0f530333-2a5e-41c5-9c75-d2dc0924ca01 None None] Image cache loaded driver 'centralized_db'.
Apr 22 23:40:15 ubuntu devstack@g-api.service[114829]: DEBUG glance.image_cache.drivers.centralized_db [None req-f7b371d3-936a-4f14-82e0-3dbbff6c5919 None None] Node reference is already recorded, ignoring it {{(pid=114829) configure /opt/stack/glance/glance/image_cache/drivers/centralized_db.py:71}}
Apr 22 23:40:15 ubuntu devstack@g-api.service[114829]: INFO glance.api.middleware.cache [None req-f7b371d3-936a-4f14-82e0-3dbbff6c5919 None None] Initialized image cache middleware
Apr 22 23:40:15 ubuntu devstack@g-api.service[114826]: DEBUG glance.image_cache.drivers.centralized_db [None req-0f530333-2a5e-41c5-9c75-d2dc0924ca01 None None] Node reference is already recorded, ignoring it {{(pid=114826) configure /opt/stack/glance/glance/image_cache/drivers/centralized_db.py:71}}
Apr 22 23:40:15 ubuntu devstack@g-api.service[114829]: WARNING keystonemiddleware.auth_token [None req-f7b371d3-936a-4f14-82e0-3dbbff6c5919 None None] AuthToken middleware is set with keystone_authtoken.service_token_roles_required set to False. This is backwards compatible but deprecated behaviour. Please set this to True.
Apr 22 23:40:15 ubuntu devstack@g-api.service[114826]: INFO glance.api.middleware.cache_manage [None req-0f530333-2a5e-41c5-9c75-d2dc0924ca01 None None] Initialized image cache management middleware
Apr 22 23:40:15 ubuntu devstack@g-api.service[114826]: INFO glance.image_cache [None req-0f530333-2a5e-41c5-9c75-d2dc0924ca01 None None] Image cache loaded driver 'centralized_db'.
Apr 22 23:40:15 ubuntu devstack@g-api.service[114829]: WARNING keystonemiddleware.auth_token [None req-f7b371d3-936a-4f14-82e0-3dbbff6c5919 None None] Configuring www_authenticate_uri to point to the public identity endpoint is required; clients may not be able to authenticate against an admin endpoint
Apr 22 23:40:15 ubuntu devstack@g-api.service[114829]: DEBUG glance.common.config [None req-f7b371d3-936a-4f14-82e0-3dbbff6c5919 None None] ******************************************************************************** {{(pid=114829) log_opt_values /opt/stack/data/venv/lib/python3.10/site-packages/oslo_config/cfg.py:2804}}
Apr 22 23:40:15 ubuntu devstack@g-api.service[114829]: DEBUG glance.common.config [None req-f7b371d3-936a-4f14-82e0-3dbbff6c5919 None None] Configuration options gathered from: {{(pid=114829) log_opt_values /opt/stack/data/venv/lib/python3.10/site-packages/oslo_config/cfg.py:2805}}
Apr 22 23:40:15 ubuntu devstack@g-api.service[114829]: DEBUG glance.common.config [None req-f7b371d3-936a-4f14-82e0-3dbbff6c5919 None None] command line args: [] {{(pid=114829) log_opt_values /opt/stack/data/venv/lib/python3.10/site-packages/oslo_config/cfg.py:2806}}
Apr 22 23:40:15 ubuntu devstack@g-api.service[114829]: DEBUG glance.common.config [None req-f7b371d3-936a-4f14-82e0-3dbbff6c5919 None None] config files: ['/etc/glance/glance-image-import.conf', '/etc/glance/glance-api.conf'] {{(pid=114829) log_opt_values /opt/stack/data/venv/lib/python3.10/site-packages/oslo_config/cfg.py:2807}}
Apr 22 23:40:15 ubuntu devstack@g-api.service[114829]: DEBUG glance.common.config [None req-f7b371d3-936a-4f14-82e0-3dbbff6c5919 None None] ================================================================================ {{(pid=114829) log_opt_values /opt/stack/data/venv/lib/python3.10/site-packages/oslo_config/cfg.py:2809}}
Apr 22 23:40:15 ubuntu devstack@g-api.service[114829]: DEBUG glance.common.config [None req-f7b371d3-936a-4f14-82e0-3dbbff6c5919 None None] allow_anonymous_access         = False {{(pid=114829) log_opt_values /opt/stack/data/venv/lib/python3.10/site-packages/oslo_config/cfg.py:2817}}
Apr 22 23:40:15 ubuntu devstack@g-api.service[114829]: DEBUG glance.common.config [None req-f7b371d3-936a-4f14-82e0-3dbbff6c5919 None None] api_limit_max                  = 1000 {{(pid=114829) log_opt_values /opt/stack/data/venv/lib/python3.10/site-packages/oslo_config/cfg.py:2817}}
Apr 22 23:40:15 ubuntu devstack@g-api.service[114829]: DEBUG glance.common.config [None req-f7b371d3-936a-4f14-82e0-3dbbff6c5919 None None] backlog                        = 4096 {{(pid=114829) log_opt_values /opt/stack/data/venv/lib/python3.10/site-packages/oslo_config/cfg.py:2817}}
Apr 22 23:40:15 ubuntu devstack@g-api.service[114829]: DEBUG glance.common.config [None req-f7b371d3-936a-4f14-82e0-3dbbff6c5919 None None] bind_host                      = 0.0.0.0 {{(pid=114829) log_opt_values /opt/stack/data/venv/lib/python3.10/site-packages/oslo_config/cfg.py:2817}}
Apr 22 23:40:15 ubuntu devstack@g-api.service[114829]: DEBUG glance.common.config [None req-f7b371d3-936a-4f14-82e0-3dbbff6c5919 None None] bind_port                      = None {{(pid=114829) log_opt_values /opt/stack/data/venv/lib/python3.10/site-packages/oslo_config/cfg.py:2817}}
Apr 22 23:40:15 ubuntu devstack@g-api.service[114829]: DEBUG glance.common.config [None req-f7b371d3-936a-4f14-82e0-3dbbff6c5919 None None] client_socket_timeout          = 900 {{(pid=114829) log_opt_values /opt/stack/data/venv/lib/python3.10/site-packages/oslo_config/cfg.py:2817}}
Apr 22 23:40:15 ubuntu devstack@g-api.service[114829]: DEBUG glance.common.config [None req-f7b371d3-936a-4f14-82e0-3dbbff6c5919 None None] config_dir                     = [] {{(pid=114829) log_opt_values /opt/stack/data/venv/lib/python3.10/site-packages/oslo_config/cfg.py:2817}}
Apr 22 23:40:15 ubuntu devstack@g-api.service[114829]: DEBUG glance.common.config [None req-f7b371d3-936a-4f14-82e0-3dbbff6c5919 None None] config_file                    = ['/etc/glance/glance-image-import.conf', '/etc/glance/glance-api.conf'] {{(pid=114829) log_opt_values /opt/stack/data/venv/lib/python3.10/site-packages/oslo_config/cfg.py:2817}}
Apr 22 23:40:15 ubuntu devstack@g-api.service[114829]: DEBUG glance.common.config [None req-f7b371d3-936a-4f14-82e0-3dbbff6c5919 None None] config_source                  = [] {{(pid=114829) log_opt_values /opt/stack/data/venv/lib/python3.10/site-packages/oslo_config/cfg.py:2817}}
Apr 22 23:40:15 ubuntu devstack@g-api.service[114829]: DEBUG glance.common.config [None req-f7b371d3-936a-4f14-82e0-3dbbff6c5919 None None] control_exchange               = glance {{(pid=114829) log_opt_values /opt/stack/data/venv/lib/python3.10/site-packages/oslo_config/cfg.py:2817}}
Apr 22 23:40:15 ubuntu devstack@g-api.service[114829]: DEBUG glance.common.config [None req-f7b371d3-936a-4f14-82e0-3dbbff6c5919 None None] debug                          = True {{(pid=114829) log_opt_values /opt/stack/data/venv/lib/python3.10/site-packages/oslo_config/cfg.py:2817}}
Apr 22 23:40:15 ubuntu devstack@g-api.service[114829]: DEBUG glance.common.config [None req-f7b371d3-936a-4f14-82e0-3dbbff6c5919 None None] default_log_levels             = ['amqp=WARN', 'amqplib=WARN', 'boto=WARN', 'qpid=WARN', 'sqlalchemy=WARN', 'suds=INFO', 'oslo.messaging=INFO', 'oslo_messaging=INFO', 'iso8601=WARN', 'requests.packages.urllib3.connectionpool=WARN', 'urllib3.connectionpool=WARN', 'websocket=WARN', 'requests.packages.urllib3.util.retry=WARN', 'urllib3.util.retry=WARN', 'keystonemiddleware=WARN', 'routes.middleware=WARN', 'stevedore=WARN', 'taskflow=WARN', 'keystoneauth=WARN', 'oslo.cache=INFO', 'oslo_policy=INFO', 'dogpile.core.dogpile=INFO'] {{(pid=114829) log_opt_values /opt/stack/data/venv/lib/python3.10/site-packages/oslo_config/cfg.py:2817}}
Apr 22 23:40:15 ubuntu devstack@g-api.service[114829]: DEBUG glance.common.config [None req-f7b371d3-936a-4f14-82e0-3dbbff6c5919 None None] default_publisher_id           = image.localhost {{(pid=114829) log_opt_values /opt/stack/data/venv/lib/python3.10/site-packages/oslo_config/cfg.py:2817}}
Apr 22 23:40:15 ubuntu devstack@g-api.service[114829]: DEBUG glance.common.config [None req-f7b371d3-936a-4f14-82e0-3dbbff6c5919 None None] delayed_delete                 = False {{(pid=114829) log_opt_values /opt/stack/data/venv/lib/python3.10/site-packages/oslo_config/cfg.py:2817}}
Apr 22 23:40:15 ubuntu devstack@g-api.service[114829]: DEBUG glance.common.config [None req-f7b371d3-936a-4f14-82e0-3dbbff6c5919 None None] digest_algorithm               = sha256 {{(pid=114829) log_opt_values /opt/stack/data/venv/lib/python3.10/site-packages/oslo_config/cfg.py:2817}}
Apr 22 23:40:15 ubuntu devstack@g-api.service[114829]: DEBUG glance.common.config [None req-f7b371d3-936a-4f14-82e0-3dbbff6c5919 None None] disabled_notifications         = [] {{(pid=114829) log_opt_values /opt/stack/data/venv/lib/python3.10/site-packages/oslo_config/cfg.py:2817}}
Apr 22 23:40:15 ubuntu devstack@g-api.service[114829]: DEBUG glance.common.config [None req-f7b371d3-936a-4f14-82e0-3dbbff6c5919 None None] do_secure_hash                 = True {{(pid=114829) log_opt_values /opt/stack/data/venv/lib/python3.10/site-packages/oslo_config/cfg.py:2817}}
Apr 22 23:40:15 ubuntu devstack@g-api.service[114829]: DEBUG glance.common.config [None req-f7b371d3-936a-4f14-82e0-3dbbff6c5919 None None] enabled_backends               = None {{(pid=114829) log_opt_values /opt/stack/data/venv/lib/python3.10/site-packages/oslo_config/cfg.py:2817}}
Apr 22 23:40:15 ubuntu devstack@g-api.service[114829]: DEBUG glance.common.config [None req-f7b371d3-936a-4f14-82e0-3dbbff6c5919 None None] enabled_import_methods         = ['glance-direct', 'web-download', 'copy-image'] {{(pid=114829) log_opt_values /opt/stack/data/venv/lib/python3.10/site-packages/oslo_config/cfg.py:2817}}
Apr 22 23:40:15 ubuntu devstack@g-api.service[114829]: DEBUG glance.common.config [None req-f7b371d3-936a-4f14-82e0-3dbbff6c5919 None None] hashing_algorithm              = sha512 {{(pid=114829) log_opt_values /opt/stack/data/venv/lib/python3.10/site-packages/oslo_config/cfg.py:2817}}
Apr 22 23:40:15 ubuntu devstack@g-api.service[114829]: DEBUG glance.common.config [None req-f7b371d3-936a-4f14-82e0-3dbbff6c5919 None None] http_keepalive                 = True {{(pid=114829) log_opt_values /opt/stack/data/venv/lib/python3.10/site-packages/oslo_config/cfg.py:2817}}
Apr 22 23:40:15 ubuntu devstack@g-api.service[114829]: DEBUG glance.common.config [None req-f7b371d3-936a-4f14-82e0-3dbbff6c5919 None None] http_retries                   = 3 {{(pid=114829) log_opt_values /opt/stack/data/venv/lib/python3.10/site-packages/oslo_config/cfg.py:2817}}
Apr 22 23:40:15 ubuntu devstack@g-api.service[114829]: DEBUG glance.common.config [None req-f7b371d3-936a-4f14-82e0-3dbbff6c5919 None None] image_cache_dir                = /opt/stack/data/glance/cache/ {{(pid=114829) log_opt_values /opt/stack/data/venv/lib/python3.10/site-packages/oslo_config/cfg.py:2817}}
Apr 22 23:40:15 ubuntu devstack@g-api.service[114829]: DEBUG glance.common.config [None req-f7b371d3-936a-4f14-82e0-3dbbff6c5919 None None] image_cache_driver             = centralized_db {{(pid=114829) log_opt_values /opt/stack/data/venv/lib/python3.10/site-packages/oslo_config/cfg.py:2817}}
Apr 22 23:40:15 ubuntu devstack@g-api.service[114829]: DEBUG glance.common.config [None req-f7b371d3-936a-4f14-82e0-3dbbff6c5919 None None] image_cache_max_size           = 10737418240 {{(pid=114829) log_opt_values /opt/stack/data/venv/lib/python3.10/site-packages/oslo_config/cfg.py:2817}}
Apr 22 23:40:15 ubuntu devstack@g-api.service[114829]: DEBUG glance.common.config [None req-f7b371d3-936a-4f14-82e0-3dbbff6c5919 None None] image_cache_sqlite_db          = cache.db {{(pid=114829) log_opt_values /opt/stack/data/venv/lib/python3.10/site-packages/oslo_config/cfg.py:2817}}
Apr 22 23:40:15 ubuntu devstack@g-api.service[114829]: DEBUG glance.common.config [None req-f7b371d3-936a-4f14-82e0-3dbbff6c5919 None None] image_cache_stall_time         = 86400 {{(pid=114829) log_opt_values /opt/stack/data/venv/lib/python3.10/site-packages/oslo_config/cfg.py:2817}}
Apr 22 23:40:15 ubuntu devstack@g-api.service[114829]: DEBUG glance.common.config [None req-f7b371d3-936a-4f14-82e0-3dbbff6c5919 None None] image_location_quota           = 10 {{(pid=114829) log_opt_values /opt/stack/data/venv/lib/python3.10/site-packages/oslo_config/cfg.py:2817}}
Apr 22 23:40:15 ubuntu devstack@g-api.service[114829]: DEBUG glance.common.config [None req-f7b371d3-936a-4f14-82e0-3dbbff6c5919 None None] image_member_quota             = 128 {{(pid=114829) log_opt_values /opt/stack/data/venv/lib/python3.10/site-packages/oslo_config/cfg.py:2817}}
Apr 22 23:40:15 ubuntu devstack@g-api.service[114829]: DEBUG glance.common.config [None req-f7b371d3-936a-4f14-82e0-3dbbff6c5919 None None] image_property_quota           = 128 {{(pid=114829) log_opt_values /opt/stack/data/venv/lib/python3.10/site-packages/oslo_config/cfg.py:2817}}
Apr 22 23:40:15 ubuntu devstack@g-api.service[114826]: DEBUG glance.image_cache.drivers.centralized_db [None req-0f530333-2a5e-41c5-9c75-d2dc0924ca01 None None] Node reference is already recorded, ignoring it {{(pid=114826) configure /opt/stack/glance/glance/image_cache/drivers/centralized_db.py:71}}
Apr 22 23:40:15 ubuntu devstack@g-api.service[114829]: DEBUG glance.common.config [None req-f7b371d3-936a-4f14-82e0-3dbbff6c5919 None None] image_size_cap                 = 1099511627776 {{(pid=114829) log_opt_values /opt/stack/data/venv/lib/python3.10/site-packages/oslo_config/cfg.py:2817}}
Apr 22 23:40:15 ubuntu devstack@g-api.service[114829]: DEBUG glance.common.config [None req-f7b371d3-936a-4f14-82e0-3dbbff6c5919 None None] image_tag_quota                = 128 {{(pid=114829) log_opt_values /opt/stack/data/venv/lib/python3.10/site-packages/oslo_config/cfg.py:2817}}
Apr 22 23:40:15 ubuntu devstack@g-api.service[114829]: DEBUG glance.common.config [None req-f7b371d3-936a-4f14-82e0-3dbbff6c5919 None None] instance_format                = [instance: %(uuid)s]  {{(pid=114829) log_opt_values /opt/stack/data/venv/lib/python3.10/site-packages/oslo_config/cfg.py:2817}}
Apr 22 23:40:15 ubuntu devstack@g-api.service[114829]: DEBUG glance.common.config [None req-f7b371d3-936a-4f14-82e0-3dbbff6c5919 None None] instance_uuid_format           = [instance: %(uuid)s]  {{(pid=114829) log_opt_values /opt/stack/data/venv/lib/python3.10/site-packages/oslo_config/cfg.py:2817}}
Apr 22 23:40:15 ubuntu devstack@g-api.service[114829]: DEBUG glance.common.config [None req-f7b371d3-936a-4f14-82e0-3dbbff6c5919 None None] limit_param_default            = 25 {{(pid=114829) log_opt_values /opt/stack/data/venv/lib/python3.10/site-packages/oslo_config/cfg.py:2817}}
Apr 22 23:40:15 ubuntu devstack@g-api.service[114829]: DEBUG glance.common.config [None req-f7b371d3-936a-4f14-82e0-3dbbff6c5919 None None] log_color                      = True {{(pid=114829) log_opt_values /opt/stack/data/venv/lib/python3.10/site-packages/oslo_config/cfg.py:2817}}
Apr 22 23:40:15 ubuntu devstack@g-api.service[114829]: DEBUG glance.common.config [None req-f7b371d3-936a-4f14-82e0-3dbbff6c5919 None None] log_config_append              = None {{(pid=114829) log_opt_values /opt/stack/data/venv/lib/python3.10/site-packages/oslo_config/cfg.py:2817}}
Apr 22 23:40:15 ubuntu devstack@g-api.service[114829]: DEBUG glance.common.config [None req-f7b371d3-936a-4f14-82e0-3dbbff6c5919 None None] log_date_format                = %Y-%m-%d %H:%M:%S {{(pid=114829) log_opt_values /opt/stack/data/venv/lib/python3.10/site-packages/oslo_config/cfg.py:2817}}
Apr 22 23:40:15 ubuntu devstack@g-api.service[114829]: DEBUG glance.common.config [None req-f7b371d3-936a-4f14-82e0-3dbbff6c5919 None None] log_dir                        = None {{(pid=114829) log_opt_values /opt/stack/data/venv/lib/python3.10/site-packages/oslo_config/cfg.py:2817}}
Apr 22 23:40:15 ubuntu devstack@g-api.service[114829]: DEBUG glance.common.config [None req-f7b371d3-936a-4f14-82e0-3dbbff6c5919 None None] log_file                       = None {{(pid=114829) log_opt_values /opt/stack/data/venv/lib/python3.10/site-packages/oslo_config/cfg.py:2817}}
Apr 22 23:40:15 ubuntu devstack@g-api.service[114829]: DEBUG glance.common.config [None req-f7b371d3-936a-4f14-82e0-3dbbff6c5919 None None] log_rotate_interval            = 1 {{(pid=114829) log_opt_values /opt/stack/data/venv/lib/python3.10/site-packages/oslo_config/cfg.py:2817}}
Apr 22 23:40:15 ubuntu devstack@g-api.service[114829]: DEBUG glance.common.config [None req-f7b371d3-936a-4f14-82e0-3dbbff6c5919 None None] log_rotate_interval_type       = days {{(pid=114829) log_opt_values /opt/stack/data/venv/lib/python3.10/site-packages/oslo_config/cfg.py:2817}}
Apr 22 23:40:15 ubuntu devstack@g-api.service[114829]: DEBUG glance.common.config [None req-f7b371d3-936a-4f14-82e0-3dbbff6c5919 None None] log_rotation_type              = none {{(pid=114829) log_opt_values /opt/stack/data/venv/lib/python3.10/site-packages/oslo_config/cfg.py:2817}}
Apr 22 23:40:15 ubuntu devstack@g-api.service[114829]: DEBUG glance.common.config [None req-f7b371d3-936a-4f14-82e0-3dbbff6c5919 None None] logging_context_format_string  = %(color)s%(levelname)s %(name)s [%(global_request_id)s %(request_id)s %(project_name)s %(user_name)s%(color)s] %(instance)s%(color)s%(message)s {{(pid=114829) log_opt_values /opt/stack/data/venv/lib/python3.10/site-packages/oslo_config/cfg.py:2817}}
Apr 22 23:40:15 ubuntu devstack@g-api.service[114829]: DEBUG glance.common.config [None req-f7b371d3-936a-4f14-82e0-3dbbff6c5919 None None] logging_debug_format_suffix    = {{(pid=%(process)d) %(funcName)s %(pathname)s:%(lineno)d}} {{(pid=114829) log_opt_values /opt/stack/data/venv/lib/python3.10/site-packages/oslo_config/cfg.py:2817}}
Apr 22 23:40:15 ubuntu devstack@g-api.service[114829]: DEBUG glance.common.config [None req-f7b371d3-936a-4f14-82e0-3dbbff6c5919 None None] logging_default_format_string  = %(color)s%(levelname)s %(name)s [-%(color)s] %(instance)s%(color)s%(message)s {{(pid=114829) log_opt_values /opt/stack/data/venv/lib/python3.10/site-packages/oslo_config/cfg.py:2817}}
Apr 22 23:40:15 ubuntu devstack@g-api.service[114829]: DEBUG glance.common.config [None req-f7b371d3-936a-4f14-82e0-3dbbff6c5919 None None] logging_exception_prefix       = ERROR %(name)s %(instance)s {{(pid=114829) log_opt_values /opt/stack/data/venv/lib/python3.10/site-packages/oslo_config/cfg.py:2817}}
Apr 22 23:40:15 ubuntu devstack@g-api.service[114829]: DEBUG glance.common.config [None req-f7b371d3-936a-4f14-82e0-3dbbff6c5919 None None] logging_user_identity_format   = %(user)s %(project)s %(domain)s %(system_scope)s %(user_domain)s %(project_domain)s {{(pid=114829) log_opt_values /opt/stack/data/venv/lib/python3.10/site-packages/oslo_config/cfg.py:2817}}
Apr 22 23:40:15 ubuntu devstack@g-api.service[114829]: DEBUG glance.common.config [None req-f7b371d3-936a-4f14-82e0-3dbbff6c5919 None None] max_header_line                = 16384 {{(pid=114829) log_opt_values /opt/stack/data/venv/lib/python3.10/site-packages/oslo_config/cfg.py:2817}}
Apr 22 23:40:15 ubuntu devstack@g-api.service[114829]: DEBUG glance.common.config [None req-f7b371d3-936a-4f14-82e0-3dbbff6c5919 None None] max_logfile_count              = 30 {{(pid=114829) log_opt_values /opt/stack/data/venv/lib/python3.10/site-packages/oslo_config/cfg.py:2817}}
Apr 22 23:40:15 ubuntu devstack@g-api.service[114829]: DEBUG glance.common.config [None req-f7b371d3-936a-4f14-82e0-3dbbff6c5919 None None] max_logfile_size_mb            = 200 {{(pid=114829) log_opt_values /opt/stack/data/venv/lib/python3.10/site-packages/oslo_config/cfg.py:2817}}
Apr 22 23:40:15 ubuntu devstack@g-api.service[114829]: DEBUG glance.common.config [None req-f7b371d3-936a-4f14-82e0-3dbbff6c5919 None None] max_request_id_length          = 64 {{(pid=114829) log_opt_values /opt/stack/data/venv/lib/python3.10/site-packages/oslo_config/cfg.py:2817}}
Apr 22 23:40:15 ubuntu devstack@g-api.service[114829]: DEBUG glance.common.config [None req-f7b371d3-936a-4f14-82e0-3dbbff6c5919 None None] metadata_encryption_key        = **** {{(pid=114829) log_opt_values /opt/stack/data/venv/lib/python3.10/site-packages/oslo_config/cfg.py:2817}}
Apr 22 23:40:15 ubuntu devstack@g-api.service[114829]: DEBUG glance.common.config [None req-f7b371d3-936a-4f14-82e0-3dbbff6c5919 None None] node_staging_uri               = file:///tmp/staging/ {{(pid=114829) log_opt_values /opt/stack/data/venv/lib/python3.10/site-packages/oslo_config/cfg.py:2817}}
Apr 22 23:40:15 ubuntu devstack@g-api.service[114829]: DEBUG glance.common.config [None req-f7b371d3-936a-4f14-82e0-3dbbff6c5919 None None] property_protection_file       = None {{(pid=114829) log_opt_values /opt/stack/data/venv/lib/python3.10/site-packages/oslo_config/cfg.py:2817}}
Apr 22 23:40:15 ubuntu devstack@g-api.service[114829]: DEBUG glance.common.config [None req-f7b371d3-936a-4f14-82e0-3dbbff6c5919 None None] property_protection_rule_format = roles {{(pid=114829) log_opt_values /opt/stack/data/venv/lib/python3.10/site-packages/oslo_config/cfg.py:2817}}
Apr 22 23:40:15 ubuntu devstack@g-api.service[114829]: DEBUG glance.common.config [None req-f7b371d3-936a-4f14-82e0-3dbbff6c5919 None None] public_endpoint                = http://10.201.5.87/image {{(pid=114829) log_opt_values /opt/stack/data/venv/lib/python3.10/site-packages/oslo_config/cfg.py:2817}}
Apr 22 23:40:15 ubuntu devstack@g-api.service[114829]: DEBUG glance.common.config [None req-f7b371d3-936a-4f14-82e0-3dbbff6c5919 None None] publish_errors                 = False {{(pid=114829) log_opt_values /opt/stack/data/venv/lib/python3.10/site-packages/oslo_config/cfg.py:2817}}
Apr 22 23:40:15 ubuntu devstack@g-api.service[114829]: DEBUG glance.common.config [None req-f7b371d3-936a-4f14-82e0-3dbbff6c5919 None None] pydev_worker_debug_host        = None {{(pid=114829) log_opt_values /opt/stack/data/venv/lib/python3.10/site-packages/oslo_config/cfg.py:2817}}
Apr 22 23:40:15 ubuntu devstack@g-api.service[114829]: DEBUG glance.common.config [None req-f7b371d3-936a-4f14-82e0-3dbbff6c5919 None None] pydev_worker_debug_port        = 5678 {{(pid=114829) log_opt_values /opt/stack/data/venv/lib/python3.10/site-packages/oslo_config/cfg.py:2817}}
Apr 22 23:40:15 ubuntu devstack@g-api.service[114829]: DEBUG glance.common.config [None req-f7b371d3-936a-4f14-82e0-3dbbff6c5919 None None] rate_limit_burst               = 0 {{(pid=114829) log_opt_values /opt/stack/data/venv/lib/python3.10/site-packages/oslo_config/cfg.py:2817}}
Apr 22 23:40:15 ubuntu devstack@g-api.service[114829]: DEBUG glance.common.config [None req-f7b371d3-936a-4f14-82e0-3dbbff6c5919 None None] rate_limit_except_level        = CRITICAL {{(pid=114829) log_opt_values /opt/stack/data/venv/lib/python3.10/site-packages/oslo_config/cfg.py:2817}}
Apr 22 23:40:15 ubuntu devstack@g-api.service[114829]: DEBUG glance.common.config [None req-f7b371d3-936a-4f14-82e0-3dbbff6c5919 None None] rate_limit_interval            = 0 {{(pid=114829) log_opt_values /opt/stack/data/venv/lib/python3.10/site-packages/oslo_config/cfg.py:2817}}
