Apr 18 14:41:38 ubuntu devstack@keystone.service[72146]: ERROR keystone.server.flask.application   File "/opt/stack/data/venv/lib/python3.10/site-packages/sqlalchemy/util/langhelpers.py", line 146, in __exit__
Apr 18 14:41:38 ubuntu devstack@keystone.service[72146]: ERROR keystone.server.flask.application     raise exc_value.with_traceback(exc_tb)
Apr 18 14:41:38 ubuntu devstack@keystone.service[72146]: ERROR keystone.server.flask.application   File "/opt/stack/data/venv/lib/python3.10/site-packages/sqlalchemy/orm/session.py", line 4449, in _flush
Apr 18 14:41:38 ubuntu devstack@keystone.service[72146]: ERROR keystone.server.flask.application     flush_context.execute()
Apr 18 14:41:38 ubuntu devstack@keystone.service[72146]: ERROR keystone.server.flask.application   File "/opt/stack/data/venv/lib/python3.10/site-packages/sqlalchemy/orm/unitofwork.py", line 466, in execute
Apr 18 14:41:38 ubuntu devstack@keystone.service[72146]: ERROR keystone.server.flask.application     rec.execute(self)
Apr 18 14:41:38 ubuntu devstack@keystone.service[72146]: ERROR keystone.server.flask.application   File "/opt/stack/data/venv/lib/python3.10/site-packages/sqlalchemy/orm/unitofwork.py", line 642, in execute
Apr 18 14:41:38 ubuntu devstack@keystone.service[72146]: ERROR keystone.server.flask.application     util.preloaded.orm_persistence.save_obj(
Apr 18 14:41:38 ubuntu devstack@keystone.service[72146]: ERROR keystone.server.flask.application   File "/opt/stack/data/venv/lib/python3.10/site-packages/sqlalchemy/orm/persistence.py", line 93, in save_obj
Apr 18 14:41:38 ubuntu devstack@keystone.service[72146]: ERROR keystone.server.flask.application     _emit_insert_statements(
Apr 18 14:41:38 ubuntu devstack@keystone.service[72146]: ERROR keystone.server.flask.application   File "/opt/stack/data/venv/lib/python3.10/site-packages/sqlalchemy/orm/persistence.py", line 1048, in _emit_insert_statements
Apr 18 14:41:38 ubuntu devstack@keystone.service[72146]: ERROR keystone.server.flask.application     result = connection.execute(
Apr 18 14:41:38 ubuntu devstack@keystone.service[72146]: ERROR keystone.server.flask.application   File "/opt/stack/data/venv/lib/python3.10/site-packages/sqlalchemy/engine/base.py", line 1416, in execute
Apr 18 14:41:38 ubuntu devstack@keystone.service[72146]: ERROR keystone.server.flask.application     return meth(
Apr 18 14:41:38 ubuntu devstack@keystone.service[72146]: ERROR keystone.server.flask.application   File "/opt/stack/data/venv/lib/python3.10/site-packages/sqlalchemy/sql/elements.py", line 516, in _execute_on_connection
Apr 18 14:41:38 ubuntu devstack@keystone.service[72146]: ERROR keystone.server.flask.application     return connection._execute_clauseelement(
Apr 18 14:41:38 ubuntu devstack@keystone.service[72146]: ERROR keystone.server.flask.application   File "/opt/stack/data/venv/lib/python3.10/site-packages/sqlalchemy/engine/base.py", line 1638, in _execute_clauseelement
Apr 18 14:41:38 ubuntu devstack@keystone.service[72146]: ERROR keystone.server.flask.application     ret = self._execute_context(
Apr 18 14:41:38 ubuntu devstack@keystone.service[72146]: ERROR keystone.server.flask.application   File "/opt/stack/data/venv/lib/python3.10/site-packages/sqlalchemy/engine/base.py", line 1843, in _execute_context
Apr 18 14:41:38 ubuntu devstack@keystone.service[72146]: ERROR keystone.server.flask.application     return self._exec_single_context(
Apr 18 14:41:38 ubuntu devstack@keystone.service[72146]: ERROR keystone.server.flask.application   File "/opt/stack/data/venv/lib/python3.10/site-packages/sqlalchemy/engine/base.py", line 1983, in _exec_single_context
Apr 18 14:41:38 ubuntu devstack@keystone.service[72146]: ERROR keystone.server.flask.application     self._handle_dbapi_exception(
Apr 18 14:41:38 ubuntu devstack@keystone.service[72146]: ERROR keystone.server.flask.application   File "/opt/stack/data/venv/lib/python3.10/site-packages/sqlalchemy/engine/base.py", line 2349, in _handle_dbapi_exception
Apr 18 14:41:38 ubuntu devstack@keystone.service[72146]: ERROR keystone.server.flask.application     raise newraise.with_traceback(exc_info[2]) from e
Apr 18 14:41:38 ubuntu devstack@keystone.service[72146]: ERROR keystone.server.flask.application   File "/opt/stack/data/venv/lib/python3.10/site-packages/sqlalchemy/engine/base.py", line 1964, in _exec_single_context
Apr 18 14:41:38 ubuntu devstack@keystone.service[72146]: ERROR keystone.server.flask.application     self.dialect.do_execute(
Apr 18 14:41:38 ubuntu devstack@keystone.service[72146]: ERROR keystone.server.flask.application   File "/opt/stack/data/venv/lib/python3.10/site-packages/sqlalchemy/engine/default.py", line 942, in do_execute
Apr 18 14:41:38 ubuntu devstack@keystone.service[72146]: ERROR keystone.server.flask.application     cursor.execute(statement, parameters)
Apr 18 14:41:38 ubuntu devstack@keystone.service[72146]: ERROR keystone.server.flask.application   File "/opt/stack/data/venv/lib/python3.10/site-packages/pymysql/cursors.py", line 153, in execute
Apr 18 14:41:38 ubuntu devstack@keystone.service[72146]: ERROR keystone.server.flask.application     result = self._query(query)
Apr 18 14:41:38 ubuntu devstack@keystone.service[72146]: ERROR keystone.server.flask.application   File "/opt/stack/data/venv/lib/python3.10/site-packages/pymysql/cursors.py", line 322, in _query
Apr 18 14:41:38 ubuntu devstack@keystone.service[72146]: ERROR keystone.server.flask.application     conn.query(q)
Apr 18 14:41:38 ubuntu devstack@keystone.service[72146]: ERROR keystone.server.flask.application   File "/opt/stack/data/venv/lib/python3.10/site-packages/pymysql/connections.py", line 563, in query
Apr 18 14:41:38 ubuntu devstack@keystone.service[72146]: ERROR keystone.server.flask.application     self._affected_rows = self._read_query_result(unbuffered=unbuffered)
Apr 18 14:41:38 ubuntu devstack@keystone.service[72146]: ERROR keystone.server.flask.application   File "/opt/stack/data/venv/lib/python3.10/site-packages/pymysql/connections.py", line 825, in _read_query_result
Apr 18 14:41:38 ubuntu devstack@keystone.service[72146]: ERROR keystone.server.flask.application     result.read()
Apr 18 14:41:38 ubuntu devstack@keystone.service[72146]: ERROR keystone.server.flask.application   File "/opt/stack/data/venv/lib/python3.10/site-packages/pymysql/connections.py", line 1199, in read
Apr 18 14:41:38 ubuntu devstack@keystone.service[72146]: ERROR keystone.server.flask.application     first_packet = self.connection._read_packet()
Apr 18 14:41:38 ubuntu devstack@keystone.service[72146]: ERROR keystone.server.flask.application   File "/opt/stack/data/venv/lib/python3.10/site-packages/pymysql/connections.py", line 775, in _read_packet
Apr 18 14:41:38 ubuntu devstack@keystone.service[72146]: ERROR keystone.server.flask.application     packet.raise_for_error()
Apr 18 14:41:38 ubuntu devstack@keystone.service[72146]: ERROR keystone.server.flask.application   File "/opt/stack/data/venv/lib/python3.10/site-packages/pymysql/protocol.py", line 219, in raise_for_error
Apr 18 14:41:38 ubuntu devstack@keystone.service[72146]: ERROR keystone.server.flask.application     err.raise_mysql_exception(self._data)
Apr 18 14:41:38 ubuntu devstack@keystone.service[72146]: ERROR keystone.server.flask.application   File "/opt/stack/data/venv/lib/python3.10/site-packages/pymysql/err.py", line 150, in raise_mysql_exception
Apr 18 14:41:38 ubuntu devstack@keystone.service[72146]: ERROR keystone.server.flask.application     raise errorclass(errno, errval)
Apr 18 14:41:38 ubuntu devstack@keystone.service[72146]: ERROR keystone.server.flask.application oslo_db.exception.DBDuplicateEntry: (pymysql.err.IntegrityError) (1062, "Duplicate entry 'service-<<null>>' for key 'role.ixu_role_name_domain_id'")
Apr 18 14:41:38 ubuntu devstack@keystone.service[72146]: ERROR keystone.server.flask.application [SQL: INSERT INTO `role` (id, name, description, extra) VALUES (%(id)s, %(name)s, %(description)s, %(extra)s)]
Apr 18 14:41:38 ubuntu devstack@keystone.service[72146]: ERROR keystone.server.flask.application [parameters: {'id': '33a900047ead4068b3e192917b067fae', 'name': 'service', 'description': None, 'extra': '{}'}]
Apr 18 14:41:38 ubuntu devstack@keystone.service[72146]: ERROR keystone.server.flask.application (Background on this error at: https://sqlalche.me/e/20/gkpj)
Apr 18 14:41:38 ubuntu devstack@keystone.service[72146]: ERROR keystone.server.flask.application 
Apr 18 14:41:38 ubuntu devstack@keystone.service[72146]: ERROR keystone.server.flask.application During handling of the above exception, another exception occurred:
Apr 18 14:41:38 ubuntu devstack@keystone.service[72146]: ERROR keystone.server.flask.application 
Apr 18 14:41:38 ubuntu devstack@keystone.service[72146]: ERROR keystone.server.flask.application Traceback (most recent call last):
Apr 18 14:41:38 ubuntu devstack@keystone.service[72146]: ERROR keystone.server.flask.application   File "/opt/stack/data/venv/lib/python3.10/site-packages/flask/app.py", line 917, in full_dispatch_request
Apr 18 14:41:38 ubuntu devstack@keystone.service[72146]: ERROR keystone.server.flask.application     rv = self.dispatch_request()
Apr 18 14:41:38 ubuntu devstack@keystone.service[72146]: ERROR keystone.server.flask.application   File "/opt/stack/data/venv/lib/python3.10/site-packages/flask/app.py", line 902, in dispatch_request
Apr 18 14:41:38 ubuntu devstack@keystone.service[72146]: ERROR keystone.server.flask.application     return self.ensure_sync(self.view_functions[rule.endpoint])(**view_args)  # type: ignore[no-any-return]
Apr 18 14:41:38 ubuntu devstack@keystone.service[72146]: ERROR keystone.server.flask.application   File "/opt/stack/data/venv/lib/python3.10/site-packages/flask_restful/__init__.py", line 489, in wrapper
Apr 18 14:41:38 ubuntu devstack@keystone.service[72146]: ERROR keystone.server.flask.application     resp = resource(*args, **kwargs)
Apr 18 14:41:38 ubuntu devstack@keystone.service[72146]: ERROR keystone.server.flask.application   File "/opt/stack/data/venv/lib/python3.10/site-packages/flask/views.py", line 110, in view
Apr 18 14:41:38 ubuntu devstack@keystone.service[72146]: ERROR keystone.server.flask.application     return current_app.ensure_sync(self.dispatch_request)(**kwargs)  # type: ignore[no-any-return]
Apr 18 14:41:38 ubuntu devstack@keystone.service[72146]: ERROR keystone.server.flask.application   File "/opt/stack/data/venv/lib/python3.10/site-packages/flask_restful/__init__.py", line 604, in dispatch_request
Apr 18 14:41:38 ubuntu devstack@keystone.service[72146]: ERROR keystone.server.flask.application     resp = meth(*args, **kwargs)
Apr 18 14:41:38 ubuntu devstack@keystone.service[72146]: ERROR keystone.server.flask.application   File "/opt/stack/keystone/keystone/api/validation/__init__.py", line 80, in wrapper
Apr 18 14:41:38 ubuntu devstack@keystone.service[72146]: ERROR keystone.server.flask.application     return func(*args, **kwargs)
Apr 18 14:41:38 ubuntu devstack@keystone.service[72146]: ERROR keystone.server.flask.application   File "/opt/stack/keystone/keystone/api/validation/__init__.py", line 139, in wrapper
Apr 18 14:41:38 ubuntu devstack@keystone.service[72146]: ERROR keystone.server.flask.application     response = func(*args, **kwargs)
Apr 18 14:41:38 ubuntu devstack@keystone.service[72146]: ERROR keystone.server.flask.application   File "/opt/stack/keystone/keystone/api/roles.py", line 91, in post
Apr 18 14:41:38 ubuntu devstack@keystone.service[72146]: ERROR keystone.server.flask.application     ref = PROVIDERS.role_api.create_role(
Apr 18 14:41:38 ubuntu devstack@keystone.service[72146]: ERROR keystone.server.flask.application   File "/opt/stack/keystone/keystone/common/manager.py", line 114, in wrapped
Apr 18 14:41:38 ubuntu devstack@keystone.service[72146]: ERROR keystone.server.flask.application     __ret_val = __f(*args, **kwargs)
Apr 18 14:41:38 ubuntu devstack@keystone.service[72146]: ERROR keystone.server.flask.application   File "/opt/stack/keystone/keystone/assignment/core.py", line 1496, in create_role
Apr 18 14:41:38 ubuntu devstack@keystone.service[72146]: ERROR keystone.server.flask.application     ret = self.driver.create_role(role_id, role)
Apr 18 14:41:38 ubuntu devstack@keystone.service[72146]: ERROR keystone.server.flask.application   File "/opt/stack/keystone/keystone/common/sql/core.py", line 614, in wrapper
Apr 18 14:41:38 ubuntu devstack@keystone.service[72146]: ERROR keystone.server.flask.application     raise exception.Conflict(type=conflict_type, details=msg)
Apr 18 14:41:38 ubuntu devstack@keystone.service[72146]: ERROR keystone.server.flask.application keystone.exception.Conflict: Conflict occurred attempting to store role - Duplicate entry found with name service.
Apr 18 14:41:38 ubuntu devstack@keystone.service[72146]: ERROR keystone.server.flask.application 
Apr 18 14:41:38 ubuntu devstack@keystone.service[72146]: [pid: 72146|app: 0|req: 19/38] 10.201.5.87 () {60 vars in 1167 bytes} [Fri Apr 18 14:41:38 2025] POST /identity/v3/roles => generated 140 bytes in 114 msecs (HTTP/1.1 409) 5 headers in 183 bytes (1 switches on core 0)
Apr 18 14:41:38 ubuntu devstack@keystone.service[72147]: DEBUG keystone.server.flask.request_processing.middleware.auth_context [None req-aa948e12-7cd0-4263-9d12-43463d3af3fc None None] Authenticating user token {{(pid=72147) process_request /opt/stack/data/venv/lib/python3.10/site-packages/keystonemiddleware/auth_token/__init__.py:406}}
Apr 18 14:41:38 ubuntu devstack@keystone.service[72147]: DEBUG keystone.server.flask.request_processing.middleware.auth_context [None req-aa948e12-7cd0-4263-9d12-43463d3af3fc None None] Validating token access rules against request {{(pid=72147) validate_allowed_request /opt/stack/data/venv/lib/python3.10/site-packages/keystonemiddleware/auth_token/__init__.py:544}}
Apr 18 14:41:38 ubuntu devstack@keystone.service[72147]: DEBUG keystone.server.flask.request_processing.middleware.auth_context [None req-a8075689-ac96-4fc8-a3a7-c7cec1c4e574 None admin] RBAC: auth_context: {'token': <TokenModel (audit_id=wvkaaUw6ThyUijGladywzQ, audit_chain_id=['wvkaaUw6ThyUijGladywzQ']) at 0x7fb291b6f280>, 'domain_id': None, 'trust_id': None, 'trustor_id': None, 'trustee_id': None, 'domain_name': None, 'group_ids': [], 'user_id': '8ea80ff069f840caac00a8147c123b7c', 'user_domain_id': 'default', 'system_scope': 'all', 'project_id': None, 'project_domain_id': None, 'roles': ['admin', 'manager', 'member', 'reader'], 'is_admin_project': True, 'service_user_id': None, 'service_user_domain_id': None, 'service_project_id': None, 'service_project_domain_id': None, 'service_roles': []} {{(pid=72147) fill_context /opt/stack/keystone/keystone/server/flask/request_processing/middleware/auth_context.py:506}}
Apr 18 14:41:38 ubuntu devstack@keystone.service[72147]: DEBUG keystone.server.flask.request_processing.req_logging [None req-a8075689-ac96-4fc8-a3a7-c7cec1c4e574 None admin] REQUEST_METHOD: `GET` {{(pid=72147) log_request_info /opt/stack/keystone/keystone/server/flask/request_processing/req_logging.py:26}}
Apr 18 14:41:38 ubuntu devstack@keystone.service[72147]: DEBUG keystone.server.flask.request_processing.req_logging [None req-a8075689-ac96-4fc8-a3a7-c7cec1c4e574 None admin] SCRIPT_NAME: `/identity` {{(pid=72147) log_request_info /opt/stack/keystone/keystone/server/flask/request_processing/req_logging.py:27}}
Apr 18 14:41:38 ubuntu devstack@keystone.service[72147]: DEBUG keystone.server.flask.request_processing.req_logging [None req-a8075689-ac96-4fc8-a3a7-c7cec1c4e574 None admin] PATH_INFO: `/v3/roles/service` {{(pid=72147) log_request_info /opt/stack/keystone/keystone/server/flask/request_processing/req_logging.py:28}}
Apr 18 14:41:38 ubuntu devstack@keystone.service[72147]: DEBUG keystone.common.rbac_enforcer.enforcer [None req-a8075689-ac96-4fc8-a3a7-c7cec1c4e574 None admin] Extracting inferred target data resulted in "NOT FOUND (404)". {{(pid=72147) enforce_call /opt/stack/keystone/keystone/common/rbac_enforcer/enforcer.py:445}}
Apr 18 14:41:38 ubuntu devstack@keystone.service[72147]: DEBUG keystone.server.flask.application [None req-a8075689-ac96-4fc8-a3a7-c7cec1c4e574 None admin] Could not find role: service. {{(pid=72147) _handle_keystone_exception /opt/stack/keystone/keystone/server/flask/application.py:146}}
Apr 18 14:41:38 ubuntu devstack@keystone.service[72146]: DEBUG keystone.server.flask.request_processing.middleware.auth_context [None req-fc24c1d5-1d12-46f3-9627-ac89ff1a34dc None admin] Authenticating user token {{(pid=72146) process_request /opt/stack/data/venv/lib/python3.10/site-packages/keystonemiddleware/auth_token/__init__.py:406}}
Apr 18 14:41:38 ubuntu devstack@keystone.service[72147]: [pid: 72147|app: 0|req: 20/39] 10.201.5.87 () {56 vars in 1138 bytes} [Fri Apr 18 14:41:38 2025] GET /identity/v3/roles/service => generated 85 bytes in 84 msecs (HTTP/1.1 404) 5 headers in 183 bytes (1 switches on core 0)
Apr 18 14:41:38 ubuntu devstack@keystone.service[72147]: DEBUG keystone.server.flask.request_processing.middleware.auth_context [None req-a8075689-ac96-4fc8-a3a7-c7cec1c4e574 None admin] Authenticating user token {{(pid=72147) process_request /opt/stack/data/venv/lib/python3.10/site-packages/keystonemiddleware/auth_token/__init__.py:406}}
Apr 18 14:41:38 ubuntu devstack@keystone.service[72147]: DEBUG keystone.server.flask.request_processing.middleware.auth_context [None req-a8075689-ac96-4fc8-a3a7-c7cec1c4e574 None admin] Validating token access rules against request {{(pid=72147) validate_allowed_request /opt/stack/data/venv/lib/python3.10/site-packages/keystonemiddleware/auth_token/__init__.py:544}}
Apr 18 14:41:38 ubuntu devstack@keystone.service[72146]: DEBUG keystone.server.flask.request_processing.middleware.auth_context [None req-fc24c1d5-1d12-46f3-9627-ac89ff1a34dc None admin] Validating token access rules against request {{(pid=72146) validate_allowed_request /opt/stack/data/venv/lib/python3.10/site-packages/keystonemiddleware/auth_token/__init__.py:544}}
Apr 18 14:41:38 ubuntu devstack@keystone.service[72146]: DEBUG keystone.server.flask.request_processing.middleware.auth_context [None req-95e50e07-5287-4e9d-9e3a-cc65c3175bdd None admin] RBAC: auth_context: {'token': <TokenModel (audit_id=6VKq87UzSv-3RKIJ1ead3Q, audit_chain_id=['6VKq87UzSv-3RKIJ1ead3Q']) at 0x7fb291a0f700>, 'domain_id': None, 'trust_id': None, 'trustor_id': None, 'trustee_id': None, 'domain_name': None, 'group_ids': [], 'user_id': '8ea80ff069f840caac00a8147c123b7c', 'user_domain_id': 'default', 'system_scope': 'all', 'project_id': None, 'project_domain_id': None, 'roles': ['admin', 'manager', 'member', 'reader'], 'is_admin_project': True, 'service_user_id': None, 'service_user_domain_id': None, 'service_project_id': None, 'service_project_domain_id': None, 'service_roles': []} {{(pid=72146) fill_context /opt/stack/keystone/keystone/server/flask/request_processing/middleware/auth_context.py:506}}
Apr 18 14:41:38 ubuntu devstack@keystone.service[72146]: DEBUG keystone.server.flask.request_processing.req_logging [None req-95e50e07-5287-4e9d-9e3a-cc65c3175bdd None admin] REQUEST_METHOD: `POST` {{(pid=72146) log_request_info /opt/stack/keystone/keystone/server/flask/request_processing/req_logging.py:26}}
Apr 18 14:41:38 ubuntu devstack@keystone.service[72147]: DEBUG keystone.server.flask.request_processing.middleware.auth_context [None req-8edf708f-e000-4883-87fa-ae149b2662ce None admin] RBAC: auth_context: {'token': <TokenModel (audit_id=wvkaaUw6ThyUijGladywzQ, audit_chain_id=['wvkaaUw6ThyUijGladywzQ']) at 0x7fb29186e5f0>, 'domain_id': None, 'trust_id': None, 'trustor_id': None, 'trustee_id': None, 'domain_name': None, 'group_ids': [], 'user_id': '8ea80ff069f840caac00a8147c123b7c', 'user_domain_id': 'default', 'system_scope': 'all', 'project_id': None, 'project_domain_id': None, 'roles': ['admin', 'manager', 'member', 'reader'], 'is_admin_project': True, 'service_user_id': None, 'service_user_domain_id': None, 'service_project_id': None, 'service_project_domain_id': None, 'service_roles': []} {{(pid=72147) fill_context /opt/stack/keystone/keystone/server/flask/request_processing/middleware/auth_context.py:506}}
Apr 18 14:41:38 ubuntu devstack@keystone.service[72147]: DEBUG keystone.server.flask.request_processing.req_logging [None req-8edf708f-e000-4883-87fa-ae149b2662ce None admin] REQUEST_METHOD: `GET` {{(pid=72147) log_request_info /opt/stack/keystone/keystone/server/flask/request_processing/req_logging.py:26}}
Apr 18 14:41:38 ubuntu devstack@keystone.service[72146]: DEBUG keystone.server.flask.request_processing.req_logging [None req-95e50e07-5287-4e9d-9e3a-cc65c3175bdd None admin] SCRIPT_NAME: `/identity` {{(pid=72146) log_request_info /opt/stack/keystone/keystone/server/flask/request_processing/req_logging.py:27}}
Apr 18 14:41:38 ubuntu devstack@keystone.service[72147]: DEBUG keystone.server.flask.request_processing.req_logging [None req-8edf708f-e000-4883-87fa-ae149b2662ce None admin] SCRIPT_NAME: `/identity` {{(pid=72147) log_request_info /opt/stack/keystone/keystone/server/flask/request_processing/req_logging.py:27}}
Apr 18 14:41:38 ubuntu devstack@keystone.service[72147]: DEBUG keystone.server.flask.request_processing.req_logging [None req-8edf708f-e000-4883-87fa-ae149b2662ce None admin] PATH_INFO: `/v3/roles` {{(pid=72147) log_request_info /opt/stack/keystone/keystone/server/flask/request_processing/req_logging.py:28}}
Apr 18 14:41:38 ubuntu devstack@keystone.service[72146]: DEBUG keystone.server.flask.request_processing.req_logging [None req-95e50e07-5287-4e9d-9e3a-cc65c3175bdd None admin] PATH_INFO: `/v3/roles` {{(pid=72146) log_request_info /opt/stack/keystone/keystone/server/flask/request_processing/req_logging.py:28}}
Apr 18 14:41:38 ubuntu devstack@keystone.service[72147]: DEBUG keystone.common.rbac_enforcer.enforcer [None req-8edf708f-e000-4883-87fa-ae149b2662ce None admin] RBAC: Adding query filter params (name=service) {{(pid=72147) _extract_filter_values /opt/stack/keystone/keystone/common/rbac_enforcer/enforcer.py:176}}
Apr 18 14:41:38 ubuntu devstack@keystone.service[72147]: DEBUG keystone.common.rbac_enforcer.enforcer [None req-8edf708f-e000-4883-87fa-ae149b2662ce None admin] RBAC: Authorizing `identity:list_roles()` {{(pid=72147) enforce_call /opt/stack/keystone/keystone/common/rbac_enforcer/enforcer.py:495}}
Apr 18 14:41:38 ubuntu devstack@keystone.service[72146]: DEBUG keystone.common.rbac_enforcer.enforcer [None req-95e50e07-5287-4e9d-9e3a-cc65c3175bdd None admin] RBAC: Authorizing `identity:create_role()` {{(pid=72146) enforce_call /opt/stack/keystone/keystone/common/rbac_enforcer/enforcer.py:495}}
Apr 18 14:41:38 ubuntu devstack@keystone.service[72147]: DEBUG keystone.common.rbac_enforcer.enforcer [None req-8edf708f-e000-4883-87fa-ae149b2662ce None admin] RBAC: Authorization granted {{(pid=72147) enforce_call /opt/stack/keystone/keystone/common/rbac_enforcer/enforcer.py:506}}
Apr 18 14:41:38 ubuntu devstack@keystone.service[72146]: DEBUG keystone.common.rbac_enforcer.enforcer [None req-95e50e07-5287-4e9d-9e3a-cc65c3175bdd None admin] RBAC: Authorization granted {{(pid=72146) enforce_call /opt/stack/keystone/keystone/common/rbac_enforcer/enforcer.py:506}}
Apr 18 14:41:38 ubuntu devstack@keystone.service[72147]: [pid: 72147|app: 0|req: 21/40] 10.201.5.87 () {56 vars in 1152 bytes} [Fri Apr 18 14:41:38 2025] GET /identity/v3/roles?name=service => generated 343 bytes in 80 msecs (HTTP/1.1 200) 5 headers in 177 bytes (2 switches on core 0)
Apr 18 14:41:38 ubuntu devstack@keystone.service[72146]: [pid: 72146|app: 0|req: 20/41] 10.201.5.87 () {60 vars in 1167 bytes} [Fri Apr 18 14:41:38 2025] POST /identity/v3/roles => generated 225 bytes in 85 msecs (HTTP/1.1 201) 5 headers in 182 bytes (1 switches on core 0)
Apr 18 14:41:39 ubuntu devstack@keystone.service[72147]: DEBUG keystone.server.flask.request_processing.req_logging [None req-2b00dec1-6152-437f-b893-23d832188d24 None None] REQUEST_METHOD: `GET` {{(pid=72147) log_request_info /opt/stack/keystone/keystone/server/flask/request_processing/req_logging.py:26}}
Apr 18 14:41:39 ubuntu devstack@keystone.service[72147]: DEBUG keystone.server.flask.request_processing.req_logging [None req-2b00dec1-6152-437f-b893-23d832188d24 None None] SCRIPT_NAME: `/identity` {{(pid=72147) log_request_info /opt/stack/keystone/keystone/server/flask/request_processing/req_logging.py:27}}
Apr 18 14:41:39 ubuntu devstack@keystone.service[72147]: DEBUG keystone.server.flask.request_processing.req_logging [None req-2b00dec1-6152-437f-b893-23d832188d24 None None] PATH_INFO: `/` {{(pid=72147) log_request_info /opt/stack/keystone/keystone/server/flask/request_processing/req_logging.py:28}}
Apr 18 14:41:39 ubuntu devstack@keystone.service[72147]: [pid: 72147|app: 0|req: 22/42] 10.201.5.87 () {54 vars in 919 bytes} [Fri Apr 18 14:41:39 2025] GET /identity => generated 270 bytes in 5 msecs (HTTP/1.1 300) 6 headers in 234 bytes (1 switches on core 0)
Apr 18 14:41:39 ubuntu devstack@keystone.service[72146]: DEBUG keystone.server.flask.request_processing.req_logging [None req-b7ec0acf-cf6c-4a69-be55-07bee224412d None None] REQUEST_METHOD: `POST` {{(pid=72146) log_request_info /opt/stack/keystone/keystone/server/flask/request_processing/req_logging.py:26}}
Apr 18 14:41:39 ubuntu devstack@keystone.service[72146]: DEBUG keystone.server.flask.request_processing.req_logging [None req-b7ec0acf-cf6c-4a69-be55-07bee224412d None None] SCRIPT_NAME: `/identity` {{(pid=72146) log_request_info /opt/stack/keystone/keystone/server/flask/request_processing/req_logging.py:27}}
Apr 18 14:41:39 ubuntu devstack@keystone.service[72146]: DEBUG keystone.server.flask.request_processing.req_logging [None req-b7ec0acf-cf6c-4a69-be55-07bee224412d None None] PATH_INFO: `/v3/auth/tokens` {{(pid=72146) log_request_info /opt/stack/keystone/keystone/server/flask/request_processing/req_logging.py:28}}
Apr 18 14:41:39 ubuntu devstack@keystone.service[72146]: WARNING keystone.common.password_hashing [None req-b7ec0acf-cf6c-4a69-be55-07bee224412d None None] Truncating password to algorithm specific maximum length 72 characters.
Apr 18 14:41:39 ubuntu devstack@keystone.service[72146]: DEBUG keystone.auth.core [None req-b7ec0acf-cf6c-4a69-be55-07bee224412d None None] MFA Rules not processed for user `8ea80ff069f840caac00a8147c123b7c`. Rule list: `[]` (Enabled: `True`). {{(pid=72146) check_auth_methods_against_rules /opt/stack/keystone/keystone/auth/core.py:476}}
Apr 18 14:41:39 ubuntu devstack@keystone.service[72146]: DEBUG keystone.common.fernet_utils [None req-b7ec0acf-cf6c-4a69-be55-07bee224412d None None] Loaded 2 Fernet keys from /etc/keystone/fernet-keys/, but `[fernet_tokens] max_active_keys = 3`; perhaps there have not been enough key rotations to reach `max_active_keys` yet? {{(pid=72146) load_keys /opt/stack/keystone/keystone/common/fernet_utils.py:297}}
Apr 18 14:41:39 ubuntu devstack@keystone.service[72146]: [pid: 72146|app: 0|req: 21/43] 10.201.5.87 () {58 vars in 1016 bytes} [Fri Apr 18 14:41:39 2025] POST /identity/v3/auth/tokens => generated 862 bytes in 70 msecs (HTTP/1.1 201) 6 headers in 363 bytes (1 switches on core 0)
Apr 18 14:41:39 ubuntu devstack@keystone.service[72147]: DEBUG keystone.server.flask.request_processing.req_logging [None req-9061433a-1045-48d1-a3e6-c4e87c371fc7 None None] REQUEST_METHOD: `GET` {{(pid=72147) log_request_info /opt/stack/keystone/keystone/server/flask/request_processing/req_logging.py:26}}
Apr 18 14:41:39 ubuntu devstack@keystone.service[72147]: DEBUG keystone.server.flask.request_processing.req_logging [None req-9061433a-1045-48d1-a3e6-c4e87c371fc7 None None] SCRIPT_NAME: `/identity` {{(pid=72147) log_request_info /opt/stack/keystone/keystone/server/flask/request_processing/req_logging.py:27}}
Apr 18 14:41:39 ubuntu devstack@keystone.service[72147]: DEBUG keystone.server.flask.request_processing.req_logging [None req-9061433a-1045-48d1-a3e6-c4e87c371fc7 None None] PATH_INFO: `/` {{(pid=72147) log_request_info /opt/stack/keystone/keystone/server/flask/request_processing/req_logging.py:28}}
Apr 18 14:41:39 ubuntu devstack@keystone.service[72147]: [pid: 72147|app: 0|req: 23/44] 10.201.5.87 () {54 vars in 919 bytes} [Fri Apr 18 14:41:39 2025] GET /identity => generated 270 bytes in 4 msecs (HTTP/1.1 300) 6 headers in 234 bytes (1 switches on core 0)
Apr 18 14:41:39 ubuntu devstack@keystone.service[72146]: DEBUG keystone.server.flask.request_processing.req_logging [None req-9b1e0f5f-ec3d-4f74-ab8e-30e534c14b23 None None] REQUEST_METHOD: `POST` {{(pid=72146) log_request_info /opt/stack/keystone/keystone/server/flask/request_processing/req_logging.py:26}}
Apr 18 14:41:39 ubuntu devstack@keystone.service[72146]: DEBUG keystone.server.flask.request_processing.req_logging [None req-9b1e0f5f-ec3d-4f74-ab8e-30e534c14b23 None None] SCRIPT_NAME: `/identity` {{(pid=72146) log_request_info /opt/stack/keystone/keystone/server/flask/request_processing/req_logging.py:27}}
Apr 18 14:41:39 ubuntu devstack@keystone.service[72146]: DEBUG keystone.server.flask.request_processing.req_logging [None req-9b1e0f5f-ec3d-4f74-ab8e-30e534c14b23 None None] PATH_INFO: `/v3/auth/tokens` {{(pid=72146) log_request_info /opt/stack/keystone/keystone/server/flask/request_processing/req_logging.py:28}}
Apr 18 14:41:39 ubuntu devstack@keystone.service[72146]: WARNING keystone.common.password_hashing [None req-9b1e0f5f-ec3d-4f74-ab8e-30e534c14b23 None None] Truncating password to algorithm specific maximum length 72 characters.
Apr 18 14:41:39 ubuntu devstack@keystone.service[72146]: DEBUG keystone.auth.core [None req-9b1e0f5f-ec3d-4f74-ab8e-30e534c14b23 None None] MFA Rules not processed for user `8ea80ff069f840caac00a8147c123b7c`. Rule list: `[]` (Enabled: `True`). {{(pid=72146) check_auth_methods_against_rules /opt/stack/keystone/keystone/auth/core.py:476}}
Apr 18 14:41:39 ubuntu devstack@keystone.service[72146]: DEBUG keystone.common.fernet_utils [None req-9b1e0f5f-ec3d-4f74-ab8e-30e534c14b23 None None] Loaded 2 Fernet keys from /etc/keystone/fernet-keys/, but `[fernet_tokens] max_active_keys = 3`; perhaps there have not been enough key rotations to reach `max_active_keys` yet? {{(pid=72146) load_keys /opt/stack/keystone/keystone/common/fernet_utils.py:297}}
Apr 18 14:41:39 ubuntu devstack@keystone.service[72147]: DEBUG keystone.server.flask.request_processing.middleware.auth_context [None req-9061433a-1045-48d1-a3e6-c4e87c371fc7 None None] Authenticating user token {{(pid=72147) process_request /opt/stack/data/venv/lib/python3.10/site-packages/keystonemiddleware/auth_token/__init__.py:406}}
Apr 18 14:41:39 ubuntu devstack@keystone.service[72146]: [pid: 72146|app: 0|req: 22/45] 10.201.5.87 () {58 vars in 1016 bytes} [Fri Apr 18 14:41:39 2025] POST /identity/v3/auth/tokens => generated 862 bytes in 60 msecs (HTTP/1.1 201) 6 headers in 363 bytes (1 switches on core 0)
Apr 18 14:41:39 ubuntu devstack@keystone.service[72147]: DEBUG keystone.server.flask.request_processing.middleware.auth_context [None req-9061433a-1045-48d1-a3e6-c4e87c371fc7 None None] Validating token access rules against request {{(pid=72147) validate_allowed_request /opt/stack/data/venv/lib/python3.10/site-packages/keystonemiddleware/auth_token/__init__.py:544}}
Apr 18 14:41:39 ubuntu devstack@keystone.service[72147]: DEBUG keystone.server.flask.request_processing.middleware.auth_context [None req-600d0aad-6336-4229-9247-7cdfa8db8cef None admin] RBAC: auth_context: {'token': <TokenModel (audit_id=sBzkEE2IRSaCLz4xgpME3w, audit_chain_id=['sBzkEE2IRSaCLz4xgpME3w']) at 0x7fb291ba51b0>, 'domain_id': None, 'trust_id': None, 'trustor_id': None, 'trustee_id': None, 'domain_name': None, 'group_ids': [], 'user_id': '8ea80ff069f840caac00a8147c123b7c', 'user_domain_id': 'default', 'system_scope': 'all', 'project_id': None, 'project_domain_id': None, 'roles': ['admin', 'manager', 'member', 'reader'], 'is_admin_project': True, 'service_user_id': None, 'service_user_domain_id': None, 'service_project_id': None, 'service_project_domain_id': None, 'service_roles': []} {{(pid=72147) fill_context /opt/stack/keystone/keystone/server/flask/request_processing/middleware/auth_context.py:506}}
Apr 18 14:41:39 ubuntu devstack@keystone.service[72147]: DEBUG keystone.server.flask.request_processing.req_logging [None req-600d0aad-6336-4229-9247-7cdfa8db8cef None admin] REQUEST_METHOD: `GET` {{(pid=72147) log_request_info /opt/stack/keystone/keystone/server/flask/request_processing/req_logging.py:26}}
Apr 18 14:41:39 ubuntu devstack@keystone.service[72147]: DEBUG keystone.server.flask.request_processing.req_logging [None req-600d0aad-6336-4229-9247-7cdfa8db8cef None admin] SCRIPT_NAME: `/identity` {{(pid=72147) log_request_info /opt/stack/keystone/keystone/server/flask/request_processing/req_logging.py:27}}
Apr 18 14:41:39 ubuntu devstack@keystone.service[72147]: DEBUG keystone.server.flask.request_processing.req_logging [None req-600d0aad-6336-4229-9247-7cdfa8db8cef None admin] PATH_INFO: `/v3/domains/default` {{(pid=72147) log_request_info /opt/stack/keystone/keystone/server/flask/request_processing/req_logging.py:28}}
Apr 18 14:41:39 ubuntu devstack@keystone.service[72147]: DEBUG keystone.common.rbac_enforcer.enforcer [None req-600d0aad-6336-4229-9247-7cdfa8db8cef None admin] RBAC: Authorizing `identity:get_domain(domain_id=default)` {{(pid=72147) enforce_call /opt/stack/keystone/keystone/common/rbac_enforcer/enforcer.py:495}}
Apr 18 14:41:39 ubuntu devstack@keystone.service[72147]: DEBUG keystone.common.rbac_enforcer.enforcer [None req-600d0aad-6336-4229-9247-7cdfa8db8cef None admin] RBAC: Authorization granted {{(pid=72147) enforce_call /opt/stack/keystone/keystone/common/rbac_enforcer/enforcer.py:506}}
Apr 18 14:41:39 ubuntu devstack@keystone.service[72147]: [pid: 72147|app: 0|req: 24/46] 10.201.5.87 () {56 vars in 1100 bytes} [Fri Apr 18 14:41:39 2025] GET /identity/v3/domains/default => generated 199 bytes in 77 msecs (HTTP/1.1 200) 5 headers in 177 bytes (1 switches on core 0)
Apr 18 14:41:39 ubuntu devstack@keystone.service[72146]: DEBUG keystone.server.flask.request_processing.middleware.auth_context [None req-9b1e0f5f-ec3d-4f74-ab8e-30e534c14b23 None None] Authenticating user token {{(pid=72146) process_request /opt/stack/data/venv/lib/python3.10/site-packages/keystonemiddleware/auth_token/__init__.py:406}}
Apr 18 14:41:39 ubuntu devstack@keystone.service[72147]: DEBUG keystone.server.flask.request_processing.middleware.auth_context [None req-600d0aad-6336-4229-9247-7cdfa8db8cef None admin] Authenticating user token {{(pid=72147) process_request /opt/stack/data/venv/lib/python3.10/site-packages/keystonemiddleware/auth_token/__init__.py:406}}
Apr 18 14:41:39 ubuntu devstack@keystone.service[72146]: DEBUG keystone.server.flask.request_processing.middleware.auth_context [None req-9b1e0f5f-ec3d-4f74-ab8e-30e534c14b23 None None] Validating token access rules against request {{(pid=72146) validate_allowed_request /opt/stack/data/venv/lib/python3.10/site-packages/keystonemiddleware/auth_token/__init__.py:544}}
Apr 18 14:41:39 ubuntu devstack@keystone.service[72146]: DEBUG keystone.server.flask.request_processing.middleware.auth_context [None req-fc1d370c-b427-462a-9ed7-ac133fb9dcca None admin] RBAC: auth_context: {'token': <TokenModel (audit_id=sBzkEE2IRSaCLz4xgpME3w, audit_chain_id=['sBzkEE2IRSaCLz4xgpME3w']) at 0x7fb291d9ea70>, 'domain_id': None, 'trust_id': None, 'trustor_id': None, 'trustee_id': None, 'domain_name': None, 'group_ids': [], 'user_id': '8ea80ff069f840caac00a8147c123b7c', 'user_domain_id': 'default', 'system_scope': 'all', 'project_id': None, 'project_domain_id': None, 'roles': ['admin', 'manager', 'member', 'reader'], 'is_admin_project': True, 'service_user_id': None, 'service_user_domain_id': None, 'service_project_id': None, 'service_project_domain_id': None, 'service_roles': []} {{(pid=72146) fill_context /opt/stack/keystone/keystone/server/flask/request_processing/middleware/auth_context.py:506}}
Apr 18 14:41:39 ubuntu devstack@keystone.service[72146]: DEBUG keystone.server.flask.request_processing.req_logging [None req-fc1d370c-b427-462a-9ed7-ac133fb9dcca None admin] REQUEST_METHOD: `POST` {{(pid=72146) log_request_info /opt/stack/keystone/keystone/server/flask/request_processing/req_logging.py:26}}
Apr 18 14:41:39 ubuntu devstack@keystone.service[72146]: DEBUG keystone.server.flask.request_processing.req_logging [None req-fc1d370c-b427-462a-9ed7-ac133fb9dcca None admin] SCRIPT_NAME: `/identity` {{(pid=72146) log_request_info /opt/stack/keystone/keystone/server/flask/request_processing/req_logging.py:27}}
Apr 18 14:41:39 ubuntu devstack@keystone.service[72146]: DEBUG keystone.server.flask.request_processing.req_logging [None req-fc1d370c-b427-462a-9ed7-ac133fb9dcca None admin] PATH_INFO: `/v3/projects` {{(pid=72146) log_request_info /opt/stack/keystone/keystone/server/flask/request_processing/req_logging.py:28}}
Apr 18 14:41:39 ubuntu devstack@keystone.service[72146]: DEBUG keystone.common.rbac_enforcer.enforcer [None req-fc1d370c-b427-462a-9ed7-ac133fb9dcca None admin] RBAC: Authorizing `identity:create_project()` {{(pid=72146) enforce_call /opt/stack/keystone/keystone/common/rbac_enforcer/enforcer.py:495}}
Apr 18 14:41:39 ubuntu devstack@keystone.service[72146]: DEBUG keystone.common.rbac_enforcer.enforcer [None req-fc1d370c-b427-462a-9ed7-ac133fb9dcca None admin] RBAC: Authorization granted {{(pid=72146) enforce_call /opt/stack/keystone/keystone/common/rbac_enforcer/enforcer.py:506}}
Apr 18 14:41:39 ubuntu devstack@keystone.service[72146]: [pid: 72146|app: 0|req: 23/47] 10.201.5.87 () {60 vars in 1133 bytes} [Fri Apr 18 14:41:39 2025] POST /identity/v3/projects => generated 312 bytes in 94 msecs (HTTP/1.1 201) 5 headers in 182 bytes (1 switches on core 0)
Apr 18 14:41:39 ubuntu devstack@keystone.service[72147]: DEBUG keystone.server.flask.request_processing.middleware.auth_context [None req-600d0aad-6336-4229-9247-7cdfa8db8cef None admin] Validating token access rules against request {{(pid=72147) validate_allowed_request /opt/stack/data/venv/lib/python3.10/site-packages/keystonemiddleware/auth_token/__init__.py:544}}
Apr 18 14:41:39 ubuntu devstack@keystone.service[72147]: DEBUG keystone.server.flask.request_processing.middleware.auth_context [None req-cb1bc6a2-5607-4050-a517-322fa21d5e9b None admin] RBAC: auth_context: {'token': <TokenModel (audit_id=vEYAumYjSXalVL6iyxvtQw, audit_chain_id=['vEYAumYjSXalVL6iyxvtQw']) at 0x7fb291ba7c10>, 'domain_id': None, 'trust_id': None, 'trustor_id': None, 'trustee_id': None, 'domain_name': None, 'group_ids': [], 'user_id': '8ea80ff069f840caac00a8147c123b7c', 'user_domain_id': 'default', 'system_scope': 'all', 'project_id': None, 'project_domain_id': None, 'roles': ['admin', 'manager', 'member', 'reader'], 'is_admin_project': True, 'service_user_id': None, 'service_user_domain_id': None, 'service_project_id': None, 'service_project_domain_id': None, 'service_roles': []} {{(pid=72147) fill_context /opt/stack/keystone/keystone/server/flask/request_processing/middleware/auth_context.py:506}}
Apr 18 14:41:39 ubuntu devstack@keystone.service[72147]: DEBUG keystone.server.flask.request_processing.req_logging [None req-cb1bc6a2-5607-4050-a517-322fa21d5e9b None admin] REQUEST_METHOD: `POST` {{(pid=72147) log_request_info /opt/stack/keystone/keystone/server/flask/request_processing/req_logging.py:26}}
Apr 18 14:41:39 ubuntu devstack@keystone.service[72147]: DEBUG keystone.server.flask.request_processing.req_logging [None req-cb1bc6a2-5607-4050-a517-322fa21d5e9b None admin] SCRIPT_NAME: `/identity` {{(pid=72147) log_request_info /opt/stack/keystone/keystone/server/flask/request_processing/req_logging.py:27}}
Apr 18 14:41:39 ubuntu devstack@keystone.service[72147]: DEBUG keystone.server.flask.request_processing.req_logging [None req-cb1bc6a2-5607-4050-a517-322fa21d5e9b None admin] PATH_INFO: `/v3/roles` {{(pid=72147) log_request_info /opt/stack/keystone/keystone/server/flask/request_processing/req_logging.py:28}}
Apr 18 14:41:39 ubuntu devstack@keystone.service[72147]: DEBUG keystone.common.rbac_enforcer.enforcer [None req-cb1bc6a2-5607-4050-a517-322fa21d5e9b None admin] RBAC: Authorizing `identity:create_role()` {{(pid=72147) enforce_call /opt/stack/keystone/keystone/common/rbac_enforcer/enforcer.py:495}}
Apr 18 14:41:39 ubuntu devstack@keystone.service[72147]: DEBUG keystone.common.rbac_enforcer.enforcer [None req-cb1bc6a2-5607-4050-a517-322fa21d5e9b None admin] RBAC: Authorization granted {{(pid=72147) enforce_call /opt/stack/keystone/keystone/common/rbac_enforcer/enforcer.py:506}}
Apr 18 14:41:39 ubuntu devstack@keystone.service[72147]: [pid: 72147|app: 0|req: 25/48] 10.201.5.87 () {60 vars in 1167 bytes} [Fri Apr 18 14:41:39 2025] POST /identity/v3/roles => generated 223 bytes in 247 msecs (HTTP/1.1 201) 5 headers in 182 bytes (2 switches on core 0)
Apr 18 14:41:40 ubuntu devstack@keystone.service[72146]: DEBUG keystone.server.flask.request_processing.req_logging [None req-f11394cd-dbe6-47d6-8e8a-ee4ffb3ccbb2 None None] REQUEST_METHOD: `GET` {{(pid=72146) log_request_info /opt/stack/keystone/keystone/server/flask/request_processing/req_logging.py:26}}
Apr 18 14:41:40 ubuntu devstack@keystone.service[72146]: DEBUG keystone.server.flask.request_processing.req_logging [None req-f11394cd-dbe6-47d6-8e8a-ee4ffb3ccbb2 None None] SCRIPT_NAME: `/identity` {{(pid=72146) log_request_info /opt/stack/keystone/keystone/server/flask/request_processing/req_logging.py:27}}
Apr 18 14:41:40 ubuntu devstack@keystone.service[72146]: DEBUG keystone.server.flask.request_processing.req_logging [None req-f11394cd-dbe6-47d6-8e8a-ee4ffb3ccbb2 None None] PATH_INFO: `/` {{(pid=72146) log_request_info /opt/stack/keystone/keystone/server/flask/request_processing/req_logging.py:28}}
Apr 18 14:41:40 ubuntu devstack@keystone.service[72146]: [pid: 72146|app: 0|req: 24/49] 10.201.5.87 () {54 vars in 919 bytes} [Fri Apr 18 14:41:40 2025] GET /identity => generated 270 bytes in 6 msecs (HTTP/1.1 300) 6 headers in 234 bytes (1 switches on core 0)
Apr 18 14:41:40 ubuntu devstack@keystone.service[72147]: DEBUG keystone.server.flask.request_processing.req_logging [None req-8ecfbf47-81ad-4dc7-8c09-8d677e97ffc6 None None] REQUEST_METHOD: `POST` {{(pid=72147) log_request_info /opt/stack/keystone/keystone/server/flask/request_processing/req_logging.py:26}}
Apr 18 14:41:40 ubuntu devstack@keystone.service[72147]: DEBUG keystone.server.flask.request_processing.req_logging [None req-8ecfbf47-81ad-4dc7-8c09-8d677e97ffc6 None None] SCRIPT_NAME: `/identity` {{(pid=72147) log_request_info /opt/stack/keystone/keystone/server/flask/request_processing/req_logging.py:27}}
Apr 18 14:41:40 ubuntu devstack@keystone.service[72147]: DEBUG keystone.server.flask.request_processing.req_logging [None req-8ecfbf47-81ad-4dc7-8c09-8d677e97ffc6 None None] PATH_INFO: `/v3/auth/tokens` {{(pid=72147) log_request_info /opt/stack/keystone/keystone/server/flask/request_processing/req_logging.py:28}}
Apr 18 14:41:40 ubuntu devstack@keystone.service[72147]: WARNING keystone.common.password_hashing [None req-8ecfbf47-81ad-4dc7-8c09-8d677e97ffc6 None None] Truncating password to algorithm specific maximum length 72 characters.
Apr 18 14:41:40 ubuntu devstack@keystone.service[72147]: DEBUG keystone.auth.core [None req-8ecfbf47-81ad-4dc7-8c09-8d677e97ffc6 None None] MFA Rules not processed for user `8ea80ff069f840caac00a8147c123b7c`. Rule list: `[]` (Enabled: `True`). {{(pid=72147) check_auth_methods_against_rules /opt/stack/keystone/keystone/auth/core.py:476}}
Apr 18 14:41:40 ubuntu devstack@keystone.service[72147]: DEBUG keystone.common.fernet_utils [None req-8ecfbf47-81ad-4dc7-8c09-8d677e97ffc6 None None] Loaded 2 Fernet keys from /etc/keystone/fernet-keys/, but `[fernet_tokens] max_active_keys = 3`; perhaps there have not been enough key rotations to reach `max_active_keys` yet? {{(pid=72147) load_keys /opt/stack/keystone/keystone/common/fernet_utils.py:297}}
Apr 18 14:41:40 ubuntu devstack@keystone.service[72147]: [pid: 72147|app: 0|req: 26/50] 10.201.5.87 () {58 vars in 1016 bytes} [Fri Apr 18 14:41:40 2025] POST /identity/v3/auth/tokens => generated 862 bytes in 87 msecs (HTTP/1.1 201) 6 headers in 363 bytes (2 switches on core 0)
Apr 18 14:41:40 ubuntu devstack@keystone.service[72146]: DEBUG keystone.server.flask.request_processing.middleware.auth_context [None req-f11394cd-dbe6-47d6-8e8a-ee4ffb3ccbb2 None None] Authenticating user token {{(pid=72146) process_request /opt/stack/data/venv/lib/python3.10/site-packages/keystonemiddleware/auth_token/__init__.py:406}}
Apr 18 14:41:40 ubuntu devstack@keystone.service[72146]: DEBUG keystone.server.flask.request_processing.middleware.auth_context [None req-f11394cd-dbe6-47d6-8e8a-ee4ffb3ccbb2 None None] Validating token access rules against request {{(pid=72146) validate_allowed_request /opt/stack/data/venv/lib/python3.10/site-packages/keystonemiddleware/auth_token/__init__.py:544}}
Apr 18 14:41:40 ubuntu devstack@keystone.service[72146]: DEBUG keystone.server.flask.request_processing.middleware.auth_context [None req-f21180cb-2754-4e5e-9197-95d2a58e19ca None admin] RBAC: auth_context: {'token': <TokenModel (audit_id=not7FoAKSpCTtjrLQgZfgg, audit_chain_id=['not7FoAKSpCTtjrLQgZfgg']) at 0x7fb291b2f820>, 'domain_id': None, 'trust_id': None, 'trustor_id': None, 'trustee_id': None, 'domain_name': None, 'group_ids': [], 'user_id': '8ea80ff069f840caac00a8147c123b7c', 'user_domain_id': 'default', 'system_scope': 'all', 'project_id': None, 'project_domain_id': None, 'roles': ['admin', 'manager', 'member', 'reader'], 'is_admin_project': True, 'service_user_id': None, 'service_user_domain_id': None, 'service_project_id': None, 'service_project_domain_id': None, 'service_roles': []} {{(pid=72146) fill_context /opt/stack/keystone/keystone/server/flask/request_processing/middleware/auth_context.py:506}}
Apr 18 14:41:40 ubuntu devstack@keystone.service[72146]: DEBUG keystone.server.flask.request_processing.req_logging [None req-f21180cb-2754-4e5e-9197-95d2a58e19ca None admin] REQUEST_METHOD: `GET` {{(pid=72146) log_request_info /opt/stack/keystone/keystone/server/flask/request_processing/req_logging.py:26}}
Apr 18 14:41:40 ubuntu devstack@keystone.service[72146]: DEBUG keystone.server.flask.request_processing.req_logging [None req-f21180cb-2754-4e5e-9197-95d2a58e19ca None admin] SCRIPT_NAME: `/identity` {{(pid=72146) log_request_info /opt/stack/keystone/keystone/server/flask/request_processing/req_logging.py:27}}
Apr 18 14:41:40 ubuntu devstack@keystone.service[72146]: DEBUG keystone.server.flask.request_processing.req_logging [None req-f21180cb-2754-4e5e-9197-95d2a58e19ca None admin] PATH_INFO: `/v3/domains/default` {{(pid=72146) log_request_info /opt/stack/keystone/keystone/server/flask/request_processing/req_logging.py:28}}
Apr 18 14:41:40 ubuntu devstack@keystone.service[72146]: DEBUG keystone.common.rbac_enforcer.enforcer [None req-f21180cb-2754-4e5e-9197-95d2a58e19ca None admin] RBAC: Authorizing `identity:get_domain(domain_id=default)` {{(pid=72146) enforce_call /opt/stack/keystone/keystone/common/rbac_enforcer/enforcer.py:495}}
Apr 18 14:41:40 ubuntu devstack@keystone.service[72146]: DEBUG keystone.common.rbac_enforcer.enforcer [None req-f21180cb-2754-4e5e-9197-95d2a58e19ca None admin] RBAC: Authorization granted {{(pid=72146) enforce_call /opt/stack/keystone/keystone/common/rbac_enforcer/enforcer.py:506}}
Apr 18 14:41:40 ubuntu devstack@keystone.service[72146]: [pid: 72146|app: 0|req: 25/51] 10.201.5.87 () {56 vars in 1100 bytes} [Fri Apr 18 14:41:40 2025] GET /identity/v3/domains/default => generated 199 bytes in 100 msecs (HTTP/1.1 200) 5 headers in 177 bytes (1 switches on core 0)
Apr 18 14:41:40 ubuntu devstack@keystone.service[72147]: DEBUG keystone.server.flask.request_processing.middleware.auth_context [None req-8ecfbf47-81ad-4dc7-8c09-8d677e97ffc6 None None] Authenticating user token {{(pid=72147) process_request /opt/stack/data/venv/lib/python3.10/site-packages/keystonemiddleware/auth_token/__init__.py:406}}
Apr 18 14:41:41 ubuntu devstack@keystone.service[72147]: DEBUG keystone.server.flask.request_processing.middleware.auth_context [None req-8ecfbf47-81ad-4dc7-8c09-8d677e97ffc6 None None] Validating token access rules against request {{(pid=72147) validate_allowed_request /opt/stack/data/venv/lib/python3.10/site-packages/keystonemiddleware/auth_token/__init__.py:544}}
Apr 18 14:41:41 ubuntu devstack@keystone.service[72147]: DEBUG keystone.server.flask.request_processing.middleware.auth_context [None req-757cc067-d271-47e5-b412-50fef79ce2d0 None admin] RBAC: auth_context: {'token': <TokenModel (audit_id=not7FoAKSpCTtjrLQgZfgg, audit_chain_id=['not7FoAKSpCTtjrLQgZfgg']) at 0x7fb291b3d210>, 'domain_id': None, 'trust_id': None, 'trustor_id': None, 'trustee_id': None, 'domain_name': None, 'group_ids': [], 'user_id': '8ea80ff069f840caac00a8147c123b7c', 'user_domain_id': 'default', 'system_scope': 'all', 'project_id': None, 'project_domain_id': None, 'roles': ['admin', 'manager', 'member', 'reader'], 'is_admin_project': True, 'service_user_id': None, 'service_user_domain_id': None, 'service_project_id': None, 'service_project_domain_id': None, 'service_roles': []} {{(pid=72147) fill_context /opt/stack/keystone/keystone/server/flask/request_processing/middleware/auth_context.py:506}}
Apr 18 14:41:41 ubuntu devstack@keystone.service[72147]: DEBUG keystone.server.flask.request_processing.req_logging [None req-757cc067-d271-47e5-b412-50fef79ce2d0 None admin] REQUEST_METHOD: `POST` {{(pid=72147) log_request_info /opt/stack/keystone/keystone/server/flask/request_processing/req_logging.py:26}}
Apr 18 14:41:41 ubuntu devstack@keystone.service[72147]: DEBUG keystone.server.flask.request_processing.req_logging [None req-757cc067-d271-47e5-b412-50fef79ce2d0 None admin] SCRIPT_NAME: `/identity` {{(pid=72147) log_request_info /opt/stack/keystone/keystone/server/flask/request_processing/req_logging.py:27}}
