Oct 07 09:47:42 jammy-provider-cloud-0000007687 devstack@keystone.service[61453]: ERROR keystone.server.flask.application     resp = resource(*args, **kwargs)
Oct 07 09:47:42 jammy-provider-cloud-0000007687 devstack@keystone.service[61453]: ERROR keystone.server.flask.application   File "/opt/stack/data/venv/lib/python3.10/site-packages/flask/views.py", line 110, in view
Oct 07 09:47:42 jammy-provider-cloud-0000007687 devstack@keystone.service[61453]: ERROR keystone.server.flask.application     return current_app.ensure_sync(self.dispatch_request)(**kwargs)  # type: ignore[no-any-return]
Oct 07 09:47:42 jammy-provider-cloud-0000007687 devstack@keystone.service[61453]: ERROR keystone.server.flask.application   File "/opt/stack/data/venv/lib/python3.10/site-packages/flask_restful/__init__.py", line 604, in dispatch_request
Oct 07 09:47:42 jammy-provider-cloud-0000007687 devstack@keystone.service[61453]: ERROR keystone.server.flask.application     resp = meth(*args, **kwargs)
Oct 07 09:47:42 jammy-provider-cloud-0000007687 devstack@keystone.service[61453]: ERROR keystone.server.flask.application   File "/opt/stack/keystone/keystone/api/domains.py", line 141, in post
Oct 07 09:47:42 jammy-provider-cloud-0000007687 devstack@keystone.service[61453]: ERROR keystone.server.flask.application     ref = PROVIDERS.resource_api.create_domain(
Oct 07 09:47:42 jammy-provider-cloud-0000007687 devstack@keystone.service[61453]: ERROR keystone.server.flask.application   File "/opt/stack/keystone/keystone/common/manager.py", line 110, in wrapped
Oct 07 09:47:42 jammy-provider-cloud-0000007687 devstack@keystone.service[61453]: ERROR keystone.server.flask.application     __ret_val = __f(*args, **kwargs)
Oct 07 09:47:42 jammy-provider-cloud-0000007687 devstack@keystone.service[61453]: ERROR keystone.server.flask.application   File "/opt/stack/keystone/keystone/resource/core.py", line 867, in create_domain
Oct 07 09:47:42 jammy-provider-cloud-0000007687 devstack@keystone.service[61453]: ERROR keystone.server.flask.application     is_domain_project = self.create_project(
Oct 07 09:47:42 jammy-provider-cloud-0000007687 devstack@keystone.service[61453]: ERROR keystone.server.flask.application   File "/opt/stack/keystone/keystone/common/manager.py", line 110, in wrapped
Oct 07 09:47:42 jammy-provider-cloud-0000007687 devstack@keystone.service[61453]: ERROR keystone.server.flask.application     __ret_val = __f(*args, **kwargs)
Oct 07 09:47:42 jammy-provider-cloud-0000007687 devstack@keystone.service[61453]: ERROR keystone.server.flask.application   File "/opt/stack/keystone/keystone/resource/core.py", line 252, in create_project
Oct 07 09:47:42 jammy-provider-cloud-0000007687 devstack@keystone.service[61453]: ERROR keystone.server.flask.application     raise exception.Conflict(
Oct 07 09:47:42 jammy-provider-cloud-0000007687 devstack@keystone.service[61453]: ERROR keystone.server.flask.application keystone.exception.Conflict: Conflict occurred attempting to store project - it is not permitted to have two projects acting as domains with the same name: Default.
Oct 07 09:47:42 jammy-provider-cloud-0000007687 devstack@keystone.service[61453]: ERROR keystone.server.flask.application 
Oct 07 09:47:42 jammy-provider-cloud-0000007687 devstack@keystone.service[61453]: [pid: 61453|app: 0|req: 8/16] 10.201.5.87 () {60 vars in 1137 bytes} [Mon Oct  7 09:47:42 2024] POST /identity/v3/domains => generated 190 bytes in 84 msecs (HTTP/1.1 409) 5 headers in 183 bytes (1 switches on core 0)
Oct 07 09:47:42 jammy-provider-cloud-0000007687 devstack@keystone.service[61453]: DEBUG keystone.server.flask.request_processing.middleware.auth_context [None req-61585824-0492-4a68-82f1-66816e232320 None admin] Authenticating user token {{(pid=61453) process_request /opt/stack/data/venv/lib/python3.10/site-packages/keystonemiddleware/auth_token/__init__.py:406}}
Oct 07 09:47:42 jammy-provider-cloud-0000007687 devstack@keystone.service[61454]: DEBUG keystone.server.flask.request_processing.middleware.auth_context [None req-2f976cee-3da1-4556-b6e3-abfb02e1efd4 None admin] Validating token access rules against request {{(pid=61454) validate_allowed_request /opt/stack/data/venv/lib/python3.10/site-packages/keystonemiddleware/auth_token/__init__.py:544}}
Oct 07 09:47:42 jammy-provider-cloud-0000007687 devstack@keystone.service[61454]: DEBUG keystone.server.flask.request_processing.middleware.auth_context [None req-f2c3e04a-338d-40c1-b056-0fe9dd205568 None admin] RBAC: auth_context: {'token': <TokenModel (audit_id=3cuDdERPQHm935mhZjsfeg, audit_chain_id=['3cuDdERPQHm935mhZjsfeg']) at 0x7fbe565ebc40>, 'domain_id': None, 'trust_id': None, 'trustor_id': None, 'trustee_id': None, 'domain_name': None, 'group_ids': [], 'user_id': '5bfc667e1a34454ca3c3d357dacff31b', 'user_domain_id': 'default', 'system_scope': 'all', 'project_id': None, 'project_domain_id': None, 'roles': ['admin', 'manager', 'member', 'reader'], 'is_admin_project': True, 'service_user_id': None, 'service_user_domain_id': None, 'service_project_id': None, 'service_project_domain_id': None, 'service_roles': []} {{(pid=61454) fill_context /opt/stack/keystone/keystone/server/flask/request_processing/middleware/auth_context.py:511}}
Oct 07 09:47:42 jammy-provider-cloud-0000007687 devstack@keystone.service[61454]: DEBUG keystone.server.flask.request_processing.req_logging [None req-f2c3e04a-338d-40c1-b056-0fe9dd205568 None admin] REQUEST_METHOD: `GET` {{(pid=61454) log_request_info /opt/stack/keystone/keystone/server/flask/request_processing/req_logging.py:26}}
Oct 07 09:47:42 jammy-provider-cloud-0000007687 devstack@keystone.service[61454]: DEBUG keystone.server.flask.request_processing.req_logging [None req-f2c3e04a-338d-40c1-b056-0fe9dd205568 None admin] SCRIPT_NAME: `/identity` {{(pid=61454) log_request_info /opt/stack/keystone/keystone/server/flask/request_processing/req_logging.py:27}}
Oct 07 09:47:42 jammy-provider-cloud-0000007687 devstack@keystone.service[61454]: DEBUG keystone.server.flask.request_processing.req_logging [None req-f2c3e04a-338d-40c1-b056-0fe9dd205568 None admin] PATH_INFO: `/v3/users/5bfc667e1a34454ca3c3d357dacff31b` {{(pid=61454) log_request_info /opt/stack/keystone/keystone/server/flask/request_processing/req_logging.py:28}}
Oct 07 09:47:42 jammy-provider-cloud-0000007687 devstack@keystone.service[61453]: DEBUG keystone.server.flask.request_processing.middleware.auth_context [None req-61585824-0492-4a68-82f1-66816e232320 None admin] Validating token access rules against request {{(pid=61453) validate_allowed_request /opt/stack/data/venv/lib/python3.10/site-packages/keystonemiddleware/auth_token/__init__.py:544}}
Oct 07 09:47:42 jammy-provider-cloud-0000007687 devstack@keystone.service[61454]: DEBUG keystone.common.rbac_enforcer.enforcer [None req-f2c3e04a-338d-40c1-b056-0fe9dd205568 None admin] RBAC: Authorizing `identity:get_user(user_id=5bfc667e1a34454ca3c3d357dacff31b)` {{(pid=61454) enforce_call /opt/stack/keystone/keystone/common/rbac_enforcer/enforcer.py:503}}
Oct 07 09:47:42 jammy-provider-cloud-0000007687 devstack@keystone.service[61454]: DEBUG keystone.common.rbac_enforcer.enforcer [None req-f2c3e04a-338d-40c1-b056-0fe9dd205568 None admin] RBAC: Authorization granted {{(pid=61454) enforce_call /opt/stack/keystone/keystone/common/rbac_enforcer/enforcer.py:514}}
Oct 07 09:47:42 jammy-provider-cloud-0000007687 devstack@keystone.service[61454]: [pid: 61454|app: 0|req: 9/17] 10.201.5.87 () {56 vars in 1177 bytes} [Mon Oct  7 09:47:42 2024] GET /identity/v3/users/5bfc667e1a34454ca3c3d357dacff31b => generated 247 bytes in 63 msecs (HTTP/1.1 200) 5 headers in 177 bytes (2 switches on core 0)
Oct 07 09:47:42 jammy-provider-cloud-0000007687 devstack@keystone.service[61454]: DEBUG keystone.server.flask.request_processing.middleware.auth_context [None req-f2c3e04a-338d-40c1-b056-0fe9dd205568 None admin] Authenticating user token {{(pid=61454) process_request /opt/stack/data/venv/lib/python3.10/site-packages/keystonemiddleware/auth_token/__init__.py:406}}
Oct 07 09:47:42 jammy-provider-cloud-0000007687 devstack@keystone.service[61453]: DEBUG keystone.server.flask.request_processing.middleware.auth_context [None req-057e9b8c-5c0b-46a9-a22d-5db60240466e None admin] RBAC: auth_context: {'token': <TokenModel (audit_id=0cHKR_10TFe0fLA3psRn8g, audit_chain_id=['0cHKR_10TFe0fLA3psRn8g']) at 0x7fbe572acf40>, 'domain_id': None, 'trust_id': None, 'trustor_id': None, 'trustee_id': None, 'domain_name': None, 'group_ids': [], 'user_id': '5bfc667e1a34454ca3c3d357dacff31b', 'user_domain_id': 'default', 'system_scope': 'all', 'project_id': None, 'project_domain_id': None, 'roles': ['admin', 'manager', 'member', 'reader'], 'is_admin_project': True, 'service_user_id': None, 'service_user_domain_id': None, 'service_project_id': None, 'service_project_domain_id': None, 'service_roles': []} {{(pid=61453) fill_context /opt/stack/keystone/keystone/server/flask/request_processing/middleware/auth_context.py:511}}
Oct 07 09:47:42 jammy-provider-cloud-0000007687 devstack@keystone.service[61453]: DEBUG keystone.server.flask.request_processing.req_logging [None req-057e9b8c-5c0b-46a9-a22d-5db60240466e None admin] REQUEST_METHOD: `GET` {{(pid=61453) log_request_info /opt/stack/keystone/keystone/server/flask/request_processing/req_logging.py:26}}
Oct 07 09:47:42 jammy-provider-cloud-0000007687 devstack@keystone.service[61453]: DEBUG keystone.server.flask.request_processing.req_logging [None req-057e9b8c-5c0b-46a9-a22d-5db60240466e None admin] SCRIPT_NAME: `/identity` {{(pid=61453) log_request_info /opt/stack/keystone/keystone/server/flask/request_processing/req_logging.py:27}}
Oct 07 09:47:42 jammy-provider-cloud-0000007687 devstack@keystone.service[61453]: DEBUG keystone.server.flask.request_processing.req_logging [None req-057e9b8c-5c0b-46a9-a22d-5db60240466e None admin] PATH_INFO: `/v3/domains/Default` {{(pid=61453) log_request_info /opt/stack/keystone/keystone/server/flask/request_processing/req_logging.py:28}}
Oct 07 09:47:42 jammy-provider-cloud-0000007687 devstack@keystone.service[61453]: DEBUG keystone.common.rbac_enforcer.enforcer [None req-057e9b8c-5c0b-46a9-a22d-5db60240466e None admin] RBAC: Authorizing `identity:get_domain(domain_id=Default)` {{(pid=61453) enforce_call /opt/stack/keystone/keystone/common/rbac_enforcer/enforcer.py:503}}
Oct 07 09:47:42 jammy-provider-cloud-0000007687 devstack@keystone.service[61453]: DEBUG keystone.common.rbac_enforcer.enforcer [None req-057e9b8c-5c0b-46a9-a22d-5db60240466e None admin] RBAC: Authorization granted {{(pid=61453) enforce_call /opt/stack/keystone/keystone/common/rbac_enforcer/enforcer.py:514}}
Oct 07 09:47:42 jammy-provider-cloud-0000007687 devstack@keystone.service[61453]: DEBUG keystone.server.flask.application [None req-057e9b8c-5c0b-46a9-a22d-5db60240466e None admin] Could not find domain: Default. {{(pid=61453) _handle_keystone_exception /opt/stack/keystone/keystone/server/flask/application.py:152}}
Oct 07 09:47:42 jammy-provider-cloud-0000007687 devstack@keystone.service[61453]: [pid: 61453|app: 0|req: 9/18] 10.201.5.87 () {56 vars in 1108 bytes} [Mon Oct  7 09:47:42 2024] GET /identity/v3/domains/Default => generated 87 bytes in 71 msecs (HTTP/1.1 404) 5 headers in 183 bytes (2 switches on core 0)
Oct 07 09:47:42 jammy-provider-cloud-0000007687 devstack@keystone.service[61453]: DEBUG keystone.server.flask.request_processing.middleware.auth_context [None req-057e9b8c-5c0b-46a9-a22d-5db60240466e None admin] Authenticating user token {{(pid=61453) process_request /opt/stack/data/venv/lib/python3.10/site-packages/keystonemiddleware/auth_token/__init__.py:406}}
Oct 07 09:47:42 jammy-provider-cloud-0000007687 devstack@keystone.service[61454]: DEBUG keystone.server.flask.request_processing.middleware.auth_context [None req-f2c3e04a-338d-40c1-b056-0fe9dd205568 None admin] Validating token access rules against request {{(pid=61454) validate_allowed_request /opt/stack/data/venv/lib/python3.10/site-packages/keystonemiddleware/auth_token/__init__.py:544}}
Oct 07 09:47:42 jammy-provider-cloud-0000007687 devstack@keystone.service[61454]: DEBUG keystone.server.flask.request_processing.middleware.auth_context [None req-76bfb762-4379-4702-ae47-26b679bcf7a8 None admin] RBAC: auth_context: {'token': <TokenModel (audit_id=3cuDdERPQHm935mhZjsfeg, audit_chain_id=['3cuDdERPQHm935mhZjsfeg']) at 0x7fbe565ebee0>, 'domain_id': None, 'trust_id': None, 'trustor_id': None, 'trustee_id': None, 'domain_name': None, 'group_ids': [], 'user_id': '5bfc667e1a34454ca3c3d357dacff31b', 'user_domain_id': 'default', 'system_scope': 'all', 'project_id': None, 'project_domain_id': None, 'roles': ['admin', 'manager', 'member', 'reader'], 'is_admin_project': True, 'service_user_id': None, 'service_user_domain_id': None, 'service_project_id': None, 'service_project_domain_id': None, 'service_roles': []} {{(pid=61454) fill_context /opt/stack/keystone/keystone/server/flask/request_processing/middleware/auth_context.py:511}}
Oct 07 09:47:42 jammy-provider-cloud-0000007687 devstack@keystone.service[61454]: DEBUG keystone.server.flask.request_processing.req_logging [None req-76bfb762-4379-4702-ae47-26b679bcf7a8 None admin] REQUEST_METHOD: `GET` {{(pid=61454) log_request_info /opt/stack/keystone/keystone/server/flask/request_processing/req_logging.py:26}}
Oct 07 09:47:42 jammy-provider-cloud-0000007687 devstack@keystone.service[61454]: DEBUG keystone.server.flask.request_processing.req_logging [None req-76bfb762-4379-4702-ae47-26b679bcf7a8 None admin] SCRIPT_NAME: `/identity` {{(pid=61454) log_request_info /opt/stack/keystone/keystone/server/flask/request_processing/req_logging.py:27}}
Oct 07 09:47:42 jammy-provider-cloud-0000007687 devstack@keystone.service[61454]: DEBUG keystone.server.flask.request_processing.req_logging [None req-76bfb762-4379-4702-ae47-26b679bcf7a8 None admin] PATH_INFO: `/v3/domains/default` {{(pid=61454) log_request_info /opt/stack/keystone/keystone/server/flask/request_processing/req_logging.py:28}}
Oct 07 09:47:42 jammy-provider-cloud-0000007687 devstack@keystone.service[61454]: DEBUG keystone.common.rbac_enforcer.enforcer [None req-76bfb762-4379-4702-ae47-26b679bcf7a8 None admin] RBAC: Authorizing `identity:get_domain(domain_id=default)` {{(pid=61454) enforce_call /opt/stack/keystone/keystone/common/rbac_enforcer/enforcer.py:503}}
Oct 07 09:47:42 jammy-provider-cloud-0000007687 devstack@keystone.service[61454]: DEBUG keystone.common.rbac_enforcer.enforcer [None req-76bfb762-4379-4702-ae47-26b679bcf7a8 None admin] RBAC: Authorization granted {{(pid=61454) enforce_call /opt/stack/keystone/keystone/common/rbac_enforcer/enforcer.py:514}}
Oct 07 09:47:42 jammy-provider-cloud-0000007687 devstack@keystone.service[61454]: [pid: 61454|app: 0|req: 10/19] 10.201.5.87 () {56 vars in 1108 bytes} [Mon Oct  7 09:47:42 2024] GET /identity/v3/domains/default => generated 199 bytes in 59 msecs (HTTP/1.1 200) 5 headers in 177 bytes (1 switches on core 0)
Oct 07 09:47:42 jammy-provider-cloud-0000007687 devstack@keystone.service[61454]: DEBUG keystone.server.flask.request_processing.middleware.auth_context [None req-76bfb762-4379-4702-ae47-26b679bcf7a8 None admin] Authenticating user token {{(pid=61454) process_request /opt/stack/data/venv/lib/python3.10/site-packages/keystonemiddleware/auth_token/__init__.py:406}}
Oct 07 09:47:42 jammy-provider-cloud-0000007687 devstack@keystone.service[61453]: DEBUG keystone.server.flask.request_processing.middleware.auth_context [None req-057e9b8c-5c0b-46a9-a22d-5db60240466e None admin] Validating token access rules against request {{(pid=61453) validate_allowed_request /opt/stack/data/venv/lib/python3.10/site-packages/keystonemiddleware/auth_token/__init__.py:544}}
Oct 07 09:47:42 jammy-provider-cloud-0000007687 devstack@keystone.service[61453]: DEBUG keystone.server.flask.request_processing.middleware.auth_context [None req-571163d1-f68f-4124-bc87-a37bc1db014f None admin] RBAC: auth_context: {'token': <TokenModel (audit_id=0cHKR_10TFe0fLA3psRn8g, audit_chain_id=['0cHKR_10TFe0fLA3psRn8g']) at 0x7fbe565355d0>, 'domain_id': None, 'trust_id': None, 'trustor_id': None, 'trustee_id': None, 'domain_name': None, 'group_ids': [], 'user_id': '5bfc667e1a34454ca3c3d357dacff31b', 'user_domain_id': 'default', 'system_scope': 'all', 'project_id': None, 'project_domain_id': None, 'roles': ['admin', 'manager', 'member', 'reader'], 'is_admin_project': True, 'service_user_id': None, 'service_user_domain_id': None, 'service_project_id': None, 'service_project_domain_id': None, 'service_roles': []} {{(pid=61453) fill_context /opt/stack/keystone/keystone/server/flask/request_processing/middleware/auth_context.py:511}}
Oct 07 09:47:42 jammy-provider-cloud-0000007687 devstack@keystone.service[61453]: DEBUG keystone.server.flask.request_processing.req_logging [None req-571163d1-f68f-4124-bc87-a37bc1db014f None admin] REQUEST_METHOD: `GET` {{(pid=61453) log_request_info /opt/stack/keystone/keystone/server/flask/request_processing/req_logging.py:26}}
Oct 07 09:47:42 jammy-provider-cloud-0000007687 devstack@keystone.service[61453]: DEBUG keystone.server.flask.request_processing.req_logging [None req-571163d1-f68f-4124-bc87-a37bc1db014f None admin] SCRIPT_NAME: `/identity` {{(pid=61453) log_request_info /opt/stack/keystone/keystone/server/flask/request_processing/req_logging.py:27}}
Oct 07 09:47:42 jammy-provider-cloud-0000007687 devstack@keystone.service[61453]: DEBUG keystone.server.flask.request_processing.req_logging [None req-571163d1-f68f-4124-bc87-a37bc1db014f None admin] PATH_INFO: `/v3/domains` {{(pid=61453) log_request_info /opt/stack/keystone/keystone/server/flask/request_processing/req_logging.py:28}}
Oct 07 09:47:42 jammy-provider-cloud-0000007687 devstack@keystone.service[61453]: DEBUG keystone.common.rbac_enforcer.enforcer [None req-571163d1-f68f-4124-bc87-a37bc1db014f None admin] RBAC: Adding query filter params (name=Default) {{(pid=61453) _extract_filter_values /opt/stack/keystone/keystone/common/rbac_enforcer/enforcer.py:184}}
Oct 07 09:47:42 jammy-provider-cloud-0000007687 devstack@keystone.service[61453]: DEBUG keystone.common.rbac_enforcer.enforcer [None req-571163d1-f68f-4124-bc87-a37bc1db014f None admin] RBAC: Authorizing `identity:list_domains()` {{(pid=61453) enforce_call /opt/stack/keystone/keystone/common/rbac_enforcer/enforcer.py:503}}
Oct 07 09:47:42 jammy-provider-cloud-0000007687 devstack@keystone.service[61453]: DEBUG keystone.common.rbac_enforcer.enforcer [None req-571163d1-f68f-4124-bc87-a37bc1db014f None admin] RBAC: Authorization granted {{(pid=61453) enforce_call /opt/stack/keystone/keystone/common/rbac_enforcer/enforcer.py:514}}
Oct 07 09:47:42 jammy-provider-cloud-0000007687 devstack@keystone.service[61454]: DEBUG keystone.server.flask.request_processing.middleware.auth_context [None req-76bfb762-4379-4702-ae47-26b679bcf7a8 None admin] Validating token access rules against request {{(pid=61454) validate_allowed_request /opt/stack/data/venv/lib/python3.10/site-packages/keystonemiddleware/auth_token/__init__.py:544}}
Oct 07 09:47:42 jammy-provider-cloud-0000007687 devstack@keystone.service[61453]: [pid: 61453|app: 0|req: 10/20] 10.201.5.87 () {56 vars in 1109 bytes} [Mon Oct  7 09:47:42 2024] GET /identity/v3/domains?name=Default => generated 308 bytes in 63 msecs (HTTP/1.1 200) 5 headers in 177 bytes (2 switches on core 0)
Oct 07 09:47:42 jammy-provider-cloud-0000007687 devstack@keystone.service[61454]: DEBUG keystone.server.flask.request_processing.middleware.auth_context [None req-576c1edb-7439-43cf-9588-b9e9659f11d8 None admin] RBAC: auth_context: {'token': <TokenModel (audit_id=3cuDdERPQHm935mhZjsfeg, audit_chain_id=['3cuDdERPQHm935mhZjsfeg']) at 0x7fbe565eb5b0>, 'domain_id': None, 'trust_id': None, 'trustor_id': None, 'trustee_id': None, 'domain_name': None, 'group_ids': [], 'user_id': '5bfc667e1a34454ca3c3d357dacff31b', 'user_domain_id': 'default', 'system_scope': 'all', 'project_id': None, 'project_domain_id': None, 'roles': ['admin', 'manager', 'member', 'reader'], 'is_admin_project': True, 'service_user_id': None, 'service_user_domain_id': None, 'service_project_id': None, 'service_project_domain_id': None, 'service_roles': []} {{(pid=61454) fill_context /opt/stack/keystone/keystone/server/flask/request_processing/middleware/auth_context.py:511}}
Oct 07 09:47:42 jammy-provider-cloud-0000007687 devstack@keystone.service[61454]: DEBUG keystone.server.flask.request_processing.req_logging [None req-576c1edb-7439-43cf-9588-b9e9659f11d8 None admin] REQUEST_METHOD: `PUT` {{(pid=61454) log_request_info /opt/stack/keystone/keystone/server/flask/request_processing/req_logging.py:26}}
Oct 07 09:47:42 jammy-provider-cloud-0000007687 devstack@keystone.service[61454]: DEBUG keystone.server.flask.request_processing.req_logging [None req-576c1edb-7439-43cf-9588-b9e9659f11d8 None admin] SCRIPT_NAME: `/identity` {{(pid=61454) log_request_info /opt/stack/keystone/keystone/server/flask/request_processing/req_logging.py:27}}
Oct 07 09:47:42 jammy-provider-cloud-0000007687 devstack@keystone.service[61454]: DEBUG keystone.server.flask.request_processing.req_logging [None req-576c1edb-7439-43cf-9588-b9e9659f11d8 None admin] PATH_INFO: `/v3/domains/default/users/5bfc667e1a34454ca3c3d357dacff31b/roles/d7d20b65b70040e0b69fe95821c8a0d2` {{(pid=61454) log_request_info /opt/stack/keystone/keystone/server/flask/request_processing/req_logging.py:28}}
Oct 07 09:47:42 jammy-provider-cloud-0000007687 devstack@keystone.service[61454]: DEBUG keystone.common.rbac_enforcer.enforcer [None req-576c1edb-7439-43cf-9588-b9e9659f11d8 None admin] RBAC: Authorizing `identity:create_grant(domain_id=default, user_id=5bfc667e1a34454ca3c3d357dacff31b, role_id=d7d20b65b70040e0b69fe95821c8a0d2)` {{(pid=61454) enforce_call /opt/stack/keystone/keystone/common/rbac_enforcer/enforcer.py:503}}
Oct 07 09:47:42 jammy-provider-cloud-0000007687 devstack@keystone.service[61454]: DEBUG keystone.common.rbac_enforcer.enforcer [None req-576c1edb-7439-43cf-9588-b9e9659f11d8 None admin] RBAC: Authorization granted {{(pid=61454) enforce_call /opt/stack/keystone/keystone/common/rbac_enforcer/enforcer.py:514}}
Oct 07 09:47:43 jammy-provider-cloud-0000007687 devstack@keystone.service[61454]: [pid: 61454|app: 0|req: 11/21] 10.201.5.87 () {58 vars in 1361 bytes} [Mon Oct  7 09:47:42 2024] PUT /identity/v3/domains/default/users/5bfc667e1a34454ca3c3d357dacff31b/roles/d7d20b65b70040e0b69fe95821c8a0d2 => generated 0 bytes in 122 msecs (HTTP/1.1 204) 3 headers in 132 bytes (0 switches on core 0)
Oct 07 09:47:44 jammy-provider-cloud-0000007687 devstack@keystone.service[61453]: DEBUG keystone.server.flask.request_processing.req_logging [None req-a47418a6-1666-4cf4-85c9-f35019750352 None None] REQUEST_METHOD: `GET` {{(pid=61453) log_request_info /opt/stack/keystone/keystone/server/flask/request_processing/req_logging.py:26}}
Oct 07 09:47:44 jammy-provider-cloud-0000007687 devstack@keystone.service[61453]: DEBUG keystone.server.flask.request_processing.req_logging [None req-a47418a6-1666-4cf4-85c9-f35019750352 None None] SCRIPT_NAME: `/identity` {{(pid=61453) log_request_info /opt/stack/keystone/keystone/server/flask/request_processing/req_logging.py:27}}
Oct 07 09:47:44 jammy-provider-cloud-0000007687 devstack@keystone.service[61453]: DEBUG keystone.server.flask.request_processing.req_logging [None req-a47418a6-1666-4cf4-85c9-f35019750352 None None] PATH_INFO: `/` {{(pid=61453) log_request_info /opt/stack/keystone/keystone/server/flask/request_processing/req_logging.py:28}}
Oct 07 09:47:44 jammy-provider-cloud-0000007687 devstack@keystone.service[61453]: [pid: 61453|app: 0|req: 11/22] 10.201.5.87 () {54 vars in 926 bytes} [Mon Oct  7 09:47:44 2024] GET /identity => generated 270 bytes in 2 msecs (HTTP/1.1 300) 6 headers in 234 bytes (1 switches on core 0)
Oct 07 09:47:44 jammy-provider-cloud-0000007687 devstack@keystone.service[61454]: DEBUG keystone.server.flask.request_processing.req_logging [None req-5d8ea023-909a-4bbd-890d-b5e6e4c89fa5 None None] REQUEST_METHOD: `POST` {{(pid=61454) log_request_info /opt/stack/keystone/keystone/server/flask/request_processing/req_logging.py:26}}
Oct 07 09:47:44 jammy-provider-cloud-0000007687 devstack@keystone.service[61454]: DEBUG keystone.server.flask.request_processing.req_logging [None req-5d8ea023-909a-4bbd-890d-b5e6e4c89fa5 None None] SCRIPT_NAME: `/identity` {{(pid=61454) log_request_info /opt/stack/keystone/keystone/server/flask/request_processing/req_logging.py:27}}
Oct 07 09:47:44 jammy-provider-cloud-0000007687 devstack@keystone.service[61454]: DEBUG keystone.server.flask.request_processing.req_logging [None req-5d8ea023-909a-4bbd-890d-b5e6e4c89fa5 None None] PATH_INFO: `/v3/auth/tokens` {{(pid=61454) log_request_info /opt/stack/keystone/keystone/server/flask/request_processing/req_logging.py:28}}
Oct 07 09:47:44 jammy-provider-cloud-0000007687 devstack@keystone.service[61454]: WARNING keystone.common.password_hashing [None req-5d8ea023-909a-4bbd-890d-b5e6e4c89fa5 None None] Truncating password to algorithm specific maximum length 72 characters.
Oct 07 09:47:44 jammy-provider-cloud-0000007687 devstack@keystone.service[61454]: DEBUG keystone.auth.core [None req-5d8ea023-909a-4bbd-890d-b5e6e4c89fa5 None None] MFA Rules not processed for user `5bfc667e1a34454ca3c3d357dacff31b`. Rule list: `[]` (Enabled: `True`). {{(pid=61454) check_auth_methods_against_rules /opt/stack/keystone/keystone/auth/core.py:476}}
Oct 07 09:47:44 jammy-provider-cloud-0000007687 devstack@keystone.service[61454]: DEBUG keystone.common.fernet_utils [None req-5d8ea023-909a-4bbd-890d-b5e6e4c89fa5 None None] Loaded 2 Fernet keys from /etc/keystone/fernet-keys/, but `[fernet_tokens] max_active_keys = 3`; perhaps there have not been enough key rotations to reach `max_active_keys` yet? {{(pid=61454) load_keys /opt/stack/keystone/keystone/common/fernet_utils.py:298}}
Oct 07 09:47:44 jammy-provider-cloud-0000007687 devstack@keystone.service[61454]: [pid: 61454|app: 0|req: 12/23] 10.201.5.87 () {58 vars in 1023 bytes} [Mon Oct  7 09:47:44 2024] POST /identity/v3/auth/tokens => generated 862 bytes in 67 msecs (HTTP/1.1 201) 6 headers in 363 bytes (1 switches on core 0)
Oct 07 09:47:44 jammy-provider-cloud-0000007687 devstack@keystone.service[61453]: DEBUG keystone.server.flask.request_processing.req_logging [None req-3813500f-1eea-46a6-aebe-d6d2fb86977d None None] REQUEST_METHOD: `GET` {{(pid=61453) log_request_info /opt/stack/keystone/keystone/server/flask/request_processing/req_logging.py:26}}
Oct 07 09:47:44 jammy-provider-cloud-0000007687 devstack@keystone.service[61453]: DEBUG keystone.server.flask.request_processing.req_logging [None req-3813500f-1eea-46a6-aebe-d6d2fb86977d None None] SCRIPT_NAME: `/identity` {{(pid=61453) log_request_info /opt/stack/keystone/keystone/server/flask/request_processing/req_logging.py:27}}
Oct 07 09:47:44 jammy-provider-cloud-0000007687 devstack@keystone.service[61453]: DEBUG keystone.server.flask.request_processing.req_logging [None req-3813500f-1eea-46a6-aebe-d6d2fb86977d None None] PATH_INFO: `/` {{(pid=61453) log_request_info /opt/stack/keystone/keystone/server/flask/request_processing/req_logging.py:28}}
Oct 07 09:47:44 jammy-provider-cloud-0000007687 devstack@keystone.service[61453]: [pid: 61453|app: 0|req: 12/24] 10.201.5.87 () {54 vars in 926 bytes} [Mon Oct  7 09:47:44 2024] GET /identity => generated 270 bytes in 2 msecs (HTTP/1.1 300) 6 headers in 234 bytes (1 switches on core 0)
Oct 07 09:47:44 jammy-provider-cloud-0000007687 devstack@keystone.service[61454]: DEBUG keystone.server.flask.request_processing.req_logging [None req-48a6377f-7891-4a97-9479-3c967b92cb83 None None] REQUEST_METHOD: `POST` {{(pid=61454) log_request_info /opt/stack/keystone/keystone/server/flask/request_processing/req_logging.py:26}}
Oct 07 09:47:44 jammy-provider-cloud-0000007687 devstack@keystone.service[61454]: DEBUG keystone.server.flask.request_processing.req_logging [None req-48a6377f-7891-4a97-9479-3c967b92cb83 None None] SCRIPT_NAME: `/identity` {{(pid=61454) log_request_info /opt/stack/keystone/keystone/server/flask/request_processing/req_logging.py:27}}
Oct 07 09:47:44 jammy-provider-cloud-0000007687 devstack@keystone.service[61454]: DEBUG keystone.server.flask.request_processing.req_logging [None req-48a6377f-7891-4a97-9479-3c967b92cb83 None None] PATH_INFO: `/v3/auth/tokens` {{(pid=61454) log_request_info /opt/stack/keystone/keystone/server/flask/request_processing/req_logging.py:28}}
Oct 07 09:47:44 jammy-provider-cloud-0000007687 devstack@keystone.service[61453]: DEBUG keystone.server.flask.request_processing.req_logging [None req-63edad0d-8d8d-4c29-ab0d-1f3c55c67419 None None] REQUEST_METHOD: `GET` {{(pid=61453) log_request_info /opt/stack/keystone/keystone/server/flask/request_processing/req_logging.py:26}}
Oct 07 09:47:44 jammy-provider-cloud-0000007687 devstack@keystone.service[61453]: DEBUG keystone.server.flask.request_processing.req_logging [None req-63edad0d-8d8d-4c29-ab0d-1f3c55c67419 None None] SCRIPT_NAME: `/identity` {{(pid=61453) log_request_info /opt/stack/keystone/keystone/server/flask/request_processing/req_logging.py:27}}
Oct 07 09:47:44 jammy-provider-cloud-0000007687 devstack@keystone.service[61453]: DEBUG keystone.server.flask.request_processing.req_logging [None req-63edad0d-8d8d-4c29-ab0d-1f3c55c67419 None None] PATH_INFO: `/` {{(pid=61453) log_request_info /opt/stack/keystone/keystone/server/flask/request_processing/req_logging.py:28}}
Oct 07 09:47:44 jammy-provider-cloud-0000007687 devstack@keystone.service[61453]: [pid: 61453|app: 0|req: 13/25] 10.201.5.87 () {54 vars in 926 bytes} [Mon Oct  7 09:47:44 2024] GET /identity => generated 270 bytes in 1 msecs (HTTP/1.1 300) 6 headers in 234 bytes (1 switches on core 0)
Oct 07 09:47:44 jammy-provider-cloud-0000007687 devstack@keystone.service[61453]: DEBUG keystone.server.flask.request_processing.req_logging [None req-60ac295e-0775-46f8-897c-61eb257902cc None None] REQUEST_METHOD: `POST` {{(pid=61453) log_request_info /opt/stack/keystone/keystone/server/flask/request_processing/req_logging.py:26}}
Oct 07 09:47:44 jammy-provider-cloud-0000007687 devstack@keystone.service[61453]: DEBUG keystone.server.flask.request_processing.req_logging [None req-60ac295e-0775-46f8-897c-61eb257902cc None None] SCRIPT_NAME: `/identity` {{(pid=61453) log_request_info /opt/stack/keystone/keystone/server/flask/request_processing/req_logging.py:27}}
Oct 07 09:47:44 jammy-provider-cloud-0000007687 devstack@keystone.service[61453]: DEBUG keystone.server.flask.request_processing.req_logging [None req-60ac295e-0775-46f8-897c-61eb257902cc None None] PATH_INFO: `/v3/auth/tokens` {{(pid=61453) log_request_info /opt/stack/keystone/keystone/server/flask/request_processing/req_logging.py:28}}
Oct 07 09:47:44 jammy-provider-cloud-0000007687 devstack@keystone.service[61454]: WARNING keystone.common.password_hashing [None req-48a6377f-7891-4a97-9479-3c967b92cb83 None None] Truncating password to algorithm specific maximum length 72 characters.
Oct 07 09:47:44 jammy-provider-cloud-0000007687 devstack@keystone.service[61453]: WARNING keystone.common.password_hashing [None req-60ac295e-0775-46f8-897c-61eb257902cc None None] Truncating password to algorithm specific maximum length 72 characters.
Oct 07 09:47:44 jammy-provider-cloud-0000007687 devstack@keystone.service[61454]: DEBUG keystone.auth.core [None req-48a6377f-7891-4a97-9479-3c967b92cb83 None None] MFA Rules not processed for user `5bfc667e1a34454ca3c3d357dacff31b`. Rule list: `[]` (Enabled: `True`). {{(pid=61454) check_auth_methods_against_rules /opt/stack/keystone/keystone/auth/core.py:476}}
Oct 07 09:47:44 jammy-provider-cloud-0000007687 devstack@keystone.service[61454]: DEBUG keystone.common.fernet_utils [None req-48a6377f-7891-4a97-9479-3c967b92cb83 None None] Loaded 2 Fernet keys from /etc/keystone/fernet-keys/, but `[fernet_tokens] max_active_keys = 3`; perhaps there have not been enough key rotations to reach `max_active_keys` yet? {{(pid=61454) load_keys /opt/stack/keystone/keystone/common/fernet_utils.py:298}}
Oct 07 09:47:44 jammy-provider-cloud-0000007687 devstack@keystone.service[61453]: DEBUG keystone.auth.core [None req-60ac295e-0775-46f8-897c-61eb257902cc None None] MFA Rules not processed for user `5bfc667e1a34454ca3c3d357dacff31b`. Rule list: `[]` (Enabled: `True`). {{(pid=61453) check_auth_methods_against_rules /opt/stack/keystone/keystone/auth/core.py:476}}
Oct 07 09:47:44 jammy-provider-cloud-0000007687 devstack@keystone.service[61453]: DEBUG keystone.common.fernet_utils [None req-60ac295e-0775-46f8-897c-61eb257902cc None None] Loaded 2 Fernet keys from /etc/keystone/fernet-keys/, but `[fernet_tokens] max_active_keys = 3`; perhaps there have not been enough key rotations to reach `max_active_keys` yet? {{(pid=61453) load_keys /opt/stack/keystone/keystone/common/fernet_utils.py:298}}
Oct 07 09:47:44 jammy-provider-cloud-0000007687 devstack@keystone.service[61454]: [pid: 61454|app: 0|req: 13/26] 10.201.5.87 () {58 vars in 1023 bytes} [Mon Oct  7 09:47:44 2024] POST /identity/v3/auth/tokens => generated 862 bytes in 60 msecs (HTTP/1.1 201) 6 headers in 363 bytes (1 switches on core 0)
Oct 07 09:47:44 jammy-provider-cloud-0000007687 devstack@keystone.service[61453]: [pid: 61453|app: 0|req: 14/27] 10.201.5.87 () {58 vars in 1023 bytes} [Mon Oct  7 09:47:44 2024] POST /identity/v3/auth/tokens => generated 862 bytes in 57 msecs (HTTP/1.1 201) 6 headers in 363 bytes (1 switches on core 0)
Oct 07 09:47:44 jammy-provider-cloud-0000007687 devstack@keystone.service[61454]: DEBUG keystone.server.flask.request_processing.middleware.auth_context [None req-48a6377f-7891-4a97-9479-3c967b92cb83 None None] Authenticating user token {{(pid=61454) process_request /opt/stack/data/venv/lib/python3.10/site-packages/keystonemiddleware/auth_token/__init__.py:406}}
Oct 07 09:47:44 jammy-provider-cloud-0000007687 devstack@keystone.service[61453]: DEBUG keystone.server.flask.request_processing.middleware.auth_context [None req-60ac295e-0775-46f8-897c-61eb257902cc None None] Authenticating user token {{(pid=61453) process_request /opt/stack/data/venv/lib/python3.10/site-packages/keystonemiddleware/auth_token/__init__.py:406}}
Oct 07 09:47:44 jammy-provider-cloud-0000007687 devstack@keystone.service[61454]: DEBUG keystone.server.flask.request_processing.middleware.auth_context [None req-48a6377f-7891-4a97-9479-3c967b92cb83 None None] Validating token access rules against request {{(pid=61454) validate_allowed_request /opt/stack/data/venv/lib/python3.10/site-packages/keystonemiddleware/auth_token/__init__.py:544}}
Oct 07 09:47:44 jammy-provider-cloud-0000007687 devstack@keystone.service[61454]: DEBUG keystone.server.flask.request_processing.middleware.auth_context [None req-9131f3b1-d750-402d-ba6a-166bcf25c38d None admin] RBAC: auth_context: {'token': <TokenModel (audit_id=a_n96S1FSu6O6W7Hf9Fgpg, audit_chain_id=['a_n96S1FSu6O6W7Hf9Fgpg']) at 0x7fbe563fe6b0>, 'domain_id': None, 'trust_id': None, 'trustor_id': None, 'trustee_id': None, 'domain_name': None, 'group_ids': [], 'user_id': '5bfc667e1a34454ca3c3d357dacff31b', 'user_domain_id': 'default', 'system_scope': 'all', 'project_id': None, 'project_domain_id': None, 'roles': ['admin', 'manager', 'member', 'reader'], 'is_admin_project': True, 'service_user_id': None, 'service_user_domain_id': None, 'service_project_id': None, 'service_project_domain_id': None, 'service_roles': []} {{(pid=61454) fill_context /opt/stack/keystone/keystone/server/flask/request_processing/middleware/auth_context.py:511}}
Oct 07 09:47:44 jammy-provider-cloud-0000007687 devstack@keystone.service[61454]: DEBUG keystone.server.flask.request_processing.req_logging [None req-9131f3b1-d750-402d-ba6a-166bcf25c38d None admin] REQUEST_METHOD: `GET` {{(pid=61454) log_request_info /opt/stack/keystone/keystone/server/flask/request_processing/req_logging.py:26}}
Oct 07 09:47:44 jammy-provider-cloud-0000007687 devstack@keystone.service[61454]: DEBUG keystone.server.flask.request_processing.req_logging [None req-9131f3b1-d750-402d-ba6a-166bcf25c38d None admin] SCRIPT_NAME: `/identity` {{(pid=61454) log_request_info /opt/stack/keystone/keystone/server/flask/request_processing/req_logging.py:27}}
Oct 07 09:47:44 jammy-provider-cloud-0000007687 devstack@keystone.service[61454]: DEBUG keystone.server.flask.request_processing.req_logging [None req-9131f3b1-d750-402d-ba6a-166bcf25c38d None admin] PATH_INFO: `/v3/roles/admin` {{(pid=61454) log_request_info /opt/stack/keystone/keystone/server/flask/request_processing/req_logging.py:28}}
Oct 07 09:47:44 jammy-provider-cloud-0000007687 devstack@keystone.service[61453]: DEBUG keystone.server.flask.request_processing.middleware.auth_context [None req-60ac295e-0775-46f8-897c-61eb257902cc None None] Validating token access rules against request {{(pid=61453) validate_allowed_request /opt/stack/data/venv/lib/python3.10/site-packages/keystonemiddleware/auth_token/__init__.py:544}}
Oct 07 09:47:44 jammy-provider-cloud-0000007687 devstack@keystone.service[61454]: DEBUG keystone.common.rbac_enforcer.enforcer [None req-9131f3b1-d750-402d-ba6a-166bcf25c38d None admin] Extracting inferred target data resulted in "NOT FOUND (404)". {{(pid=61454) enforce_call /opt/stack/keystone/keystone/common/rbac_enforcer/enforcer.py:453}}
Oct 07 09:47:44 jammy-provider-cloud-0000007687 devstack@keystone.service[61454]: DEBUG keystone.server.flask.application [None req-9131f3b1-d750-402d-ba6a-166bcf25c38d None admin] Could not find role: admin. {{(pid=61454) _handle_keystone_exception /opt/stack/keystone/keystone/server/flask/application.py:152}}
Oct 07 09:47:44 jammy-provider-cloud-0000007687 devstack@keystone.service[61454]: [pid: 61454|app: 0|req: 14/28] 10.201.5.87 () {56 vars in 1139 bytes} [Mon Oct  7 09:47:44 2024] GET /identity/v3/roles/admin => generated 83 bytes in 83 msecs (HTTP/1.1 404) 5 headers in 183 bytes (1 switches on core 0)
Oct 07 09:47:44 jammy-provider-cloud-0000007687 devstack@keystone.service[61454]: DEBUG keystone.server.flask.request_processing.req_logging [None req-e7183041-afb4-4842-a6f7-65bfee1a273c None None] REQUEST_METHOD: `GET` {{(pid=61454) log_request_info /opt/stack/keystone/keystone/server/flask/request_processing/req_logging.py:26}}
Oct 07 09:47:44 jammy-provider-cloud-0000007687 devstack@keystone.service[61454]: DEBUG keystone.server.flask.request_processing.req_logging [None req-e7183041-afb4-4842-a6f7-65bfee1a273c None None] SCRIPT_NAME: `/identity` {{(pid=61454) log_request_info /opt/stack/keystone/keystone/server/flask/request_processing/req_logging.py:27}}
Oct 07 09:47:44 jammy-provider-cloud-0000007687 devstack@keystone.service[61454]: DEBUG keystone.server.flask.request_processing.req_logging [None req-e7183041-afb4-4842-a6f7-65bfee1a273c None None] PATH_INFO: `/` {{(pid=61454) log_request_info /opt/stack/keystone/keystone/server/flask/request_processing/req_logging.py:28}}
Oct 07 09:47:44 jammy-provider-cloud-0000007687 devstack@keystone.service[61454]: [pid: 61454|app: 0|req: 15/29] 10.201.5.87 () {54 vars in 926 bytes} [Mon Oct  7 09:47:44 2024] GET /identity => generated 270 bytes in 4 msecs (HTTP/1.1 300) 6 headers in 234 bytes (1 switches on core 0)
Oct 07 09:47:44 jammy-provider-cloud-0000007687 devstack@keystone.service[61454]: DEBUG keystone.server.flask.request_processing.middleware.auth_context [None req-e7183041-afb4-4842-a6f7-65bfee1a273c None None] Authenticating user token {{(pid=61454) process_request /opt/stack/data/venv/lib/python3.10/site-packages/keystonemiddleware/auth_token/__init__.py:406}}
Oct 07 09:47:44 jammy-provider-cloud-0000007687 devstack@keystone.service[61453]: DEBUG keystone.server.flask.request_processing.middleware.auth_context [None req-7bc3d034-df1f-4746-ab4a-c4e9d507d1b9 None admin] RBAC: auth_context: {'token': <TokenModel (audit_id=xn9wxt1YS5GJ_fzfeu_xvQ, audit_chain_id=['xn9wxt1YS5GJ_fzfeu_xvQ']) at 0x7fbe566a3760>, 'domain_id': None, 'trust_id': None, 'trustor_id': None, 'trustee_id': None, 'domain_name': None, 'group_ids': [], 'user_id': '5bfc667e1a34454ca3c3d357dacff31b', 'user_domain_id': 'default', 'system_scope': 'all', 'project_id': None, 'project_domain_id': None, 'roles': ['admin', 'manager', 'member', 'reader'], 'is_admin_project': True, 'service_user_id': None, 'service_user_domain_id': None, 'service_project_id': None, 'service_project_domain_id': None, 'service_roles': []} {{(pid=61453) fill_context /opt/stack/keystone/keystone/server/flask/request_processing/middleware/auth_context.py:511}}
Oct 07 09:47:44 jammy-provider-cloud-0000007687 devstack@keystone.service[61453]: DEBUG keystone.server.flask.request_processing.req_logging [None req-7bc3d034-df1f-4746-ab4a-c4e9d507d1b9 None admin] REQUEST_METHOD: `POST` {{(pid=61453) log_request_info /opt/stack/keystone/keystone/server/flask/request_processing/req_logging.py:26}}
Oct 07 09:47:44 jammy-provider-cloud-0000007687 devstack@keystone.service[61453]: DEBUG keystone.server.flask.request_processing.req_logging [None req-7bc3d034-df1f-4746-ab4a-c4e9d507d1b9 None admin] SCRIPT_NAME: `/identity` {{(pid=61453) log_request_info /opt/stack/keystone/keystone/server/flask/request_processing/req_logging.py:27}}
Oct 07 09:47:44 jammy-provider-cloud-0000007687 devstack@keystone.service[61453]: DEBUG keystone.server.flask.request_processing.req_logging [None req-7bc3d034-df1f-4746-ab4a-c4e9d507d1b9 None admin] PATH_INFO: `/v3/roles` {{(pid=61453) log_request_info /opt/stack/keystone/keystone/server/flask/request_processing/req_logging.py:28}}
Oct 07 09:47:44 jammy-provider-cloud-0000007687 devstack@keystone.service[61453]: DEBUG keystone.common.rbac_enforcer.enforcer [None req-7bc3d034-df1f-4746-ab4a-c4e9d507d1b9 None admin] RBAC: Authorizing `identity:create_role()` {{(pid=61453) enforce_call /opt/stack/keystone/keystone/common/rbac_enforcer/enforcer.py:503}}
Oct 07 09:47:44 jammy-provider-cloud-0000007687 devstack@keystone.service[61453]: DEBUG keystone.common.rbac_enforcer.enforcer [None req-7bc3d034-df1f-4746-ab4a-c4e9d507d1b9 None admin] RBAC: Authorization granted {{(pid=61453) enforce_call /opt/stack/keystone/keystone/common/rbac_enforcer/enforcer.py:514}}
Oct 07 09:47:44 jammy-provider-cloud-0000007687 devstack@keystone.service[61453]: DEBUG keystone.common.sql.core [None req-7bc3d034-df1f-4746-ab4a-c4e9d507d1b9 None admin] Conflict role: (pymysql.err.IntegrityError) (1062, "Duplicate entry 'service-<<null>>' for key 'role.ixu_role_name_domain_id'")
Oct 07 09:47:44 jammy-provider-cloud-0000007687 devstack@keystone.service[61453]: [SQL: INSERT INTO `role` (id, name, description, extra) VALUES (%(id)s, %(name)s, %(description)s, %(extra)s)]
Oct 07 09:47:44 jammy-provider-cloud-0000007687 devstack@keystone.service[61453]: [parameters: {'id': '15e20d3d55ec461db60359d7ba6dd1c0', 'name': 'service', 'description': None, 'extra': '{}'}]
Oct 07 09:47:44 jammy-provider-cloud-0000007687 devstack@keystone.service[61453]: (Background on this error at: https://sqlalche.me/e/20/gkpj) {{(pid=61453) wrapper /opt/stack/keystone/keystone/common/sql/core.py:547}}
Oct 07 09:47:44 jammy-provider-cloud-0000007687 devstack@keystone.service[61453]: ERROR keystone.server.flask.application [None req-7bc3d034-df1f-4746-ab4a-c4e9d507d1b9 None admin] Conflict occurred attempting to store role - Duplicate entry found with name service.: keystone.exception.Conflict: Conflict occurred attempting to store role - Duplicate entry found with name service.
Oct 07 09:47:44 jammy-provider-cloud-0000007687 devstack@keystone.service[61453]: ERROR keystone.server.flask.application Traceback (most recent call last):
Oct 07 09:47:44 jammy-provider-cloud-0000007687 devstack@keystone.service[61453]: ERROR keystone.server.flask.application   File "/opt/stack/data/venv/lib/python3.10/site-packages/sqlalchemy/engine/base.py", line 1967, in _exec_single_context
Oct 07 09:47:44 jammy-provider-cloud-0000007687 devstack@keystone.service[61453]: ERROR keystone.server.flask.application     self.dialect.do_execute(
Oct 07 09:47:44 jammy-provider-cloud-0000007687 devstack@keystone.service[61453]: ERROR keystone.server.flask.application   File "/opt/stack/data/venv/lib/python3.10/site-packages/sqlalchemy/engine/default.py", line 941, in do_execute
Oct 07 09:47:44 jammy-provider-cloud-0000007687 devstack@keystone.service[61453]: ERROR keystone.server.flask.application     cursor.execute(statement, parameters)
Oct 07 09:47:44 jammy-provider-cloud-0000007687 devstack@keystone.service[61453]: ERROR keystone.server.flask.application   File "/opt/stack/data/venv/lib/python3.10/site-packages/pymysql/cursors.py", line 153, in execute
Oct 07 09:47:44 jammy-provider-cloud-0000007687 devstack@keystone.service[61453]: ERROR keystone.server.flask.application     result = self._query(query)
Oct 07 09:47:44 jammy-provider-cloud-0000007687 devstack@keystone.service[61453]: ERROR keystone.server.flask.application   File "/opt/stack/data/venv/lib/python3.10/site-packages/pymysql/cursors.py", line 322, in _query
Oct 07 09:47:44 jammy-provider-cloud-0000007687 devstack@keystone.service[61453]: ERROR keystone.server.flask.application     conn.query(q)
Oct 07 09:47:44 jammy-provider-cloud-0000007687 devstack@keystone.service[61453]: ERROR keystone.server.flask.application   File "/opt/stack/data/venv/lib/python3.10/site-packages/pymysql/connections.py", line 563, in query
Oct 07 09:47:44 jammy-provider-cloud-0000007687 devstack@keystone.service[61453]: ERROR keystone.server.flask.application     self._affected_rows = self._read_query_result(unbuffered=unbuffered)
Oct 07 09:47:44 jammy-provider-cloud-0000007687 devstack@keystone.service[61453]: ERROR keystone.server.flask.application   File "/opt/stack/data/venv/lib/python3.10/site-packages/pymysql/connections.py", line 825, in _read_query_result
Oct 07 09:47:44 jammy-provider-cloud-0000007687 devstack@keystone.service[61453]: ERROR keystone.server.flask.application     result.read()
Oct 07 09:47:44 jammy-provider-cloud-0000007687 devstack@keystone.service[61453]: ERROR keystone.server.flask.application   File "/opt/stack/data/venv/lib/python3.10/site-packages/pymysql/connections.py", line 1199, in read
Oct 07 09:47:44 jammy-provider-cloud-0000007687 devstack@keystone.service[61453]: ERROR keystone.server.flask.application     first_packet = self.connection._read_packet()
Oct 07 09:47:44 jammy-provider-cloud-0000007687 devstack@keystone.service[61453]: ERROR keystone.server.flask.application   File "/opt/stack/data/venv/lib/python3.10/site-packages/pymysql/connections.py", line 775, in _read_packet
Oct 07 09:47:44 jammy-provider-cloud-0000007687 devstack@keystone.service[61453]: ERROR keystone.server.flask.application     packet.raise_for_error()
Oct 07 09:47:44 jammy-provider-cloud-0000007687 devstack@keystone.service[61453]: ERROR keystone.server.flask.application   File "/opt/stack/data/venv/lib/python3.10/site-packages/pymysql/protocol.py", line 219, in raise_for_error
Oct 07 09:47:44 jammy-provider-cloud-0000007687 devstack@keystone.service[61453]: ERROR keystone.server.flask.application     err.raise_mysql_exception(self._data)
Oct 07 09:47:44 jammy-provider-cloud-0000007687 devstack@keystone.service[61453]: ERROR keystone.server.flask.application   File "/opt/stack/data/venv/lib/python3.10/site-packages/pymysql/err.py", line 150, in raise_mysql_exception
Oct 07 09:47:44 jammy-provider-cloud-0000007687 devstack@keystone.service[61453]: ERROR keystone.server.flask.application     raise errorclass(errno, errval)
Oct 07 09:47:44 jammy-provider-cloud-0000007687 devstack@keystone.service[61453]: ERROR keystone.server.flask.application pymysql.err.IntegrityError: (1062, "Duplicate entry 'service-<<null>>' for key 'role.ixu_role_name_domain_id'")
Oct 07 09:47:44 jammy-provider-cloud-0000007687 devstack@keystone.service[61453]: ERROR keystone.server.flask.application 
Oct 07 09:47:44 jammy-provider-cloud-0000007687 devstack@keystone.service[61453]: ERROR keystone.server.flask.application The above exception was the direct cause of the following exception:
Oct 07 09:47:44 jammy-provider-cloud-0000007687 devstack@keystone.service[61453]: ERROR keystone.server.flask.application 
Oct 07 09:47:44 jammy-provider-cloud-0000007687 devstack@keystone.service[61453]: ERROR keystone.server.flask.application Traceback (most recent call last):
Oct 07 09:47:44 jammy-provider-cloud-0000007687 devstack@keystone.service[61453]: ERROR keystone.server.flask.application   File "/opt/stack/keystone/keystone/common/sql/core.py", line 542, in wrapper
Oct 07 09:47:44 jammy-provider-cloud-0000007687 devstack@keystone.service[61453]: ERROR keystone.server.flask.application     return method(*args, **kwargs)
Oct 07 09:47:44 jammy-provider-cloud-0000007687 devstack@keystone.service[61453]: ERROR keystone.server.flask.application   File "/opt/stack/keystone/keystone/assignment/role_backends/sql.py", line 26, in create_role
Oct 07 09:47:44 jammy-provider-cloud-0000007687 devstack@keystone.service[61453]: ERROR keystone.server.flask.application     with sql.session_for_write() as session:
Oct 07 09:47:44 jammy-provider-cloud-0000007687 devstack@keystone.service[61453]: ERROR keystone.server.flask.application   File "/usr/lib/python3.10/contextlib.py", line 142, in __exit__
Oct 07 09:47:44 jammy-provider-cloud-0000007687 devstack@keystone.service[61453]: ERROR keystone.server.flask.application     next(self.gen)
Oct 07 09:47:44 jammy-provider-cloud-0000007687 devstack@keystone.service[61453]: ERROR keystone.server.flask.application   File "/opt/stack/data/venv/lib/python3.10/site-packages/oslo_db/sqlalchemy/enginefacade.py", line 1042, in _transaction_scope
Oct 07 09:47:44 jammy-provider-cloud-0000007687 devstack@keystone.service[61453]: ERROR keystone.server.flask.application     with current._produce_block(
Oct 07 09:47:44 jammy-provider-cloud-0000007687 devstack@keystone.service[61453]: ERROR keystone.server.flask.application   File "/usr/lib/python3.10/contextlib.py", line 142, in __exit__
