Apr 07 10:03:39 ubuntu devstack@c-api.service[111624]: DEBUG cinder.api.v3.router [None req-2b023fe5-9203-4397-968f-1d3f541da9ea None None] Extended resource: extra_specs {{(pid=111624) _setup_ext_routes /opt/stack/cinder/cinder/api/v3/router.py:122}}
Apr 07 10:03:39 ubuntu devstack@c-api.service[111625]: WARNING stevedore.named [None req-cde26ff7-fafa-465d-82b5-db9e9ef7a361 None None] Could not load cinder.keymgr.conf_key_mgr.ConfKeyManager
Apr 07 10:03:39 ubuntu devstack@c-api.service[111625]: WARNING castellan.key_manager [None req-cde26ff7-fafa-465d-82b5-db9e9ef7a361 None None] Deprecation Warning : cinder.keymgr.conf_key_mgr.ConfKeyManager is not a stevedore based driver, trying to load it as a class: stevedore.exception.NoMatches: No 'castellan.drivers' driver found, looking for 'cinder.keymgr.conf_key_mgr.ConfKeyManager'
Apr 07 10:03:39 ubuntu devstack@c-api.service[111625]: WARNING stevedore.named [None req-cde26ff7-fafa-465d-82b5-db9e9ef7a361 None None] Could not load cinder.keymgr.conf_key_mgr.ConfKeyManager
Apr 07 10:03:39 ubuntu devstack@c-api.service[111624]: DEBUG cinder.api.v3.router [None req-2b023fe5-9203-4397-968f-1d3f541da9ea None None] Extended resource: scheduler-stats {{(pid=111624) _setup_ext_routes /opt/stack/cinder/cinder/api/v3/router.py:122}}
Apr 07 10:03:39 ubuntu devstack@c-api.service[111625]: WARNING castellan.key_manager [None req-cde26ff7-fafa-465d-82b5-db9e9ef7a361 None None] Deprecation Warning : cinder.keymgr.conf_key_mgr.ConfKeyManager is not a stevedore based driver, trying to load it as a class: stevedore.exception.NoMatches: No 'castellan.drivers' driver found, looking for 'cinder.keymgr.conf_key_mgr.ConfKeyManager'
Apr 07 10:03:39 ubuntu devstack@c-api.service[111625]: WARNING stevedore.named [None req-cde26ff7-fafa-465d-82b5-db9e9ef7a361 None None] Could not load cinder.keymgr.conf_key_mgr.ConfKeyManager
Apr 07 10:03:39 ubuntu devstack@c-api.service[111625]: WARNING castellan.key_manager [None req-cde26ff7-fafa-465d-82b5-db9e9ef7a361 None None] Deprecation Warning : cinder.keymgr.conf_key_mgr.ConfKeyManager is not a stevedore based driver, trying to load it as a class: stevedore.exception.NoMatches: No 'castellan.drivers' driver found, looking for 'cinder.keymgr.conf_key_mgr.ConfKeyManager'
Apr 07 10:03:39 ubuntu devstack@c-api.service[111625]: DEBUG cinder.api.contrib.snapshot_actions [None req-cde26ff7-fafa-465d-82b5-db9e9ef7a361 None None] SnapshotActionsController initialized {{(pid=111625) __init__ /opt/stack/cinder/cinder/api/contrib/snapshot_actions.py:33}}
Apr 07 10:03:39 ubuntu devstack@c-api.service[111624]: WARNING stevedore.named [None req-2b023fe5-9203-4397-968f-1d3f541da9ea None None] Could not load cinder.keymgr.conf_key_mgr.ConfKeyManager
Apr 07 10:03:39 ubuntu devstack@c-api.service[111624]: WARNING castellan.key_manager [None req-2b023fe5-9203-4397-968f-1d3f541da9ea None None] Deprecation Warning : cinder.keymgr.conf_key_mgr.ConfKeyManager is not a stevedore based driver, trying to load it as a class: stevedore.exception.NoMatches: No 'castellan.drivers' driver found, looking for 'cinder.keymgr.conf_key_mgr.ConfKeyManager'
Apr 07 10:03:39 ubuntu devstack@c-api.service[111625]: WARNING stevedore.named [None req-cde26ff7-fafa-465d-82b5-db9e9ef7a361 None None] Could not load cinder.keymgr.conf_key_mgr.ConfKeyManager
Apr 07 10:03:39 ubuntu devstack@c-api.service[111625]: WARNING castellan.key_manager [None req-cde26ff7-fafa-465d-82b5-db9e9ef7a361 None None] Deprecation Warning : cinder.keymgr.conf_key_mgr.ConfKeyManager is not a stevedore based driver, trying to load it as a class: stevedore.exception.NoMatches: No 'castellan.drivers' driver found, looking for 'cinder.keymgr.conf_key_mgr.ConfKeyManager'
Apr 07 10:03:39 ubuntu devstack@c-api.service[111624]: WARNING stevedore.named [None req-2b023fe5-9203-4397-968f-1d3f541da9ea None None] Could not load cinder.keymgr.conf_key_mgr.ConfKeyManager
Apr 07 10:03:39 ubuntu devstack@c-api.service[111625]: WARNING stevedore.named [None req-cde26ff7-fafa-465d-82b5-db9e9ef7a361 None None] Could not load cinder.keymgr.conf_key_mgr.ConfKeyManager
Apr 07 10:03:39 ubuntu devstack@c-api.service[111624]: WARNING castellan.key_manager [None req-2b023fe5-9203-4397-968f-1d3f541da9ea None None] Deprecation Warning : cinder.keymgr.conf_key_mgr.ConfKeyManager is not a stevedore based driver, trying to load it as a class: stevedore.exception.NoMatches: No 'castellan.drivers' driver found, looking for 'cinder.keymgr.conf_key_mgr.ConfKeyManager'
Apr 07 10:03:39 ubuntu devstack@c-api.service[111625]: WARNING castellan.key_manager [None req-cde26ff7-fafa-465d-82b5-db9e9ef7a361 None None] Deprecation Warning : cinder.keymgr.conf_key_mgr.ConfKeyManager is not a stevedore based driver, trying to load it as a class: stevedore.exception.NoMatches: No 'castellan.drivers' driver found, looking for 'cinder.keymgr.conf_key_mgr.ConfKeyManager'
Apr 07 10:03:39 ubuntu devstack@c-api.service[111625]: WARNING stevedore.named [None req-cde26ff7-fafa-465d-82b5-db9e9ef7a361 None None] Could not load cinder.keymgr.conf_key_mgr.ConfKeyManager
Apr 07 10:03:39 ubuntu devstack@c-api.service[111624]: WARNING stevedore.named [None req-2b023fe5-9203-4397-968f-1d3f541da9ea None None] Could not load cinder.keymgr.conf_key_mgr.ConfKeyManager
Apr 07 10:03:39 ubuntu devstack@c-api.service[111625]: WARNING castellan.key_manager [None req-cde26ff7-fafa-465d-82b5-db9e9ef7a361 None None] Deprecation Warning : cinder.keymgr.conf_key_mgr.ConfKeyManager is not a stevedore based driver, trying to load it as a class: stevedore.exception.NoMatches: No 'castellan.drivers' driver found, looking for 'cinder.keymgr.conf_key_mgr.ConfKeyManager'
Apr 07 10:03:39 ubuntu devstack@c-api.service[111624]: WARNING castellan.key_manager [None req-2b023fe5-9203-4397-968f-1d3f541da9ea None None] Deprecation Warning : cinder.keymgr.conf_key_mgr.ConfKeyManager is not a stevedore based driver, trying to load it as a class: stevedore.exception.NoMatches: No 'castellan.drivers' driver found, looking for 'cinder.keymgr.conf_key_mgr.ConfKeyManager'
Apr 07 10:03:39 ubuntu devstack@c-api.service[111624]: DEBUG cinder.api.contrib.snapshot_actions [None req-2b023fe5-9203-4397-968f-1d3f541da9ea None None] SnapshotActionsController initialized {{(pid=111624) __init__ /opt/stack/cinder/cinder/api/contrib/snapshot_actions.py:33}}
Apr 07 10:03:39 ubuntu devstack@c-api.service[111625]: WARNING stevedore.named [None req-cde26ff7-fafa-465d-82b5-db9e9ef7a361 None None] Could not load cinder.keymgr.conf_key_mgr.ConfKeyManager
Apr 07 10:03:39 ubuntu devstack@c-api.service[111625]: WARNING castellan.key_manager [None req-cde26ff7-fafa-465d-82b5-db9e9ef7a361 None None] Deprecation Warning : cinder.keymgr.conf_key_mgr.ConfKeyManager is not a stevedore based driver, trying to load it as a class: stevedore.exception.NoMatches: No 'castellan.drivers' driver found, looking for 'cinder.keymgr.conf_key_mgr.ConfKeyManager'
Apr 07 10:03:39 ubuntu devstack@c-api.service[111624]: WARNING stevedore.named [None req-2b023fe5-9203-4397-968f-1d3f541da9ea None None] Could not load cinder.keymgr.conf_key_mgr.ConfKeyManager
Apr 07 10:03:39 ubuntu devstack@c-api.service[111624]: WARNING castellan.key_manager [None req-2b023fe5-9203-4397-968f-1d3f541da9ea None None] Deprecation Warning : cinder.keymgr.conf_key_mgr.ConfKeyManager is not a stevedore based driver, trying to load it as a class: stevedore.exception.NoMatches: No 'castellan.drivers' driver found, looking for 'cinder.keymgr.conf_key_mgr.ConfKeyManager'
Apr 07 10:03:39 ubuntu devstack@c-api.service[111625]: DEBUG cinder.api.v3.router [None req-cde26ff7-fafa-465d-82b5-db9e9ef7a361 None None] Extension VolumeTypeEncryption extending resource: types {{(pid=111625) _setup_extensions /opt/stack/cinder/cinder/api/v3/router.py:155}}
Apr 07 10:03:39 ubuntu devstack@c-api.service[111625]: DEBUG cinder.api.v3.router [None req-cde26ff7-fafa-465d-82b5-db9e9ef7a361 None None] Extension UsedLimits extending resource: limits {{(pid=111625) _setup_extensions /opt/stack/cinder/cinder/api/v3/router.py:155}}
Apr 07 10:03:39 ubuntu devstack@c-api.service[111624]: WARNING stevedore.named [None req-2b023fe5-9203-4397-968f-1d3f541da9ea None None] Could not load cinder.keymgr.conf_key_mgr.ConfKeyManager
Apr 07 10:03:39 ubuntu devstack@c-api.service[111625]: DEBUG cinder.api.v3.router [None req-cde26ff7-fafa-465d-82b5-db9e9ef7a361 None None] Extension SnapshotUnmanage extending resource: snapshots {{(pid=111625) _setup_extensions /opt/stack/cinder/cinder/api/v3/router.py:155}}
Apr 07 10:03:39 ubuntu devstack@c-api.service[111624]: WARNING castellan.key_manager [None req-2b023fe5-9203-4397-968f-1d3f541da9ea None None] Deprecation Warning : cinder.keymgr.conf_key_mgr.ConfKeyManager is not a stevedore based driver, trying to load it as a class: stevedore.exception.NoMatches: No 'castellan.drivers' driver found, looking for 'cinder.keymgr.conf_key_mgr.ConfKeyManager'
Apr 07 10:03:39 ubuntu devstack@c-api.service[111625]: DEBUG cinder.api.v3.router [None req-cde26ff7-fafa-465d-82b5-db9e9ef7a361 None None] Extension VolumeActions extending resource: volumes {{(pid=111625) _setup_extensions /opt/stack/cinder/cinder/api/v3/router.py:155}}
Apr 07 10:03:39 ubuntu devstack@c-api.service[111625]: DEBUG cinder.api.v3.router [None req-cde26ff7-fafa-465d-82b5-db9e9ef7a361 None None] Extension VolumeTypeAccess extending resource: types {{(pid=111625) _setup_extensions /opt/stack/cinder/cinder/api/v3/router.py:155}}
Apr 07 10:03:39 ubuntu devstack@c-api.service[111625]: DEBUG cinder.api.v3.router [None req-cde26ff7-fafa-465d-82b5-db9e9ef7a361 None None] Extension VolumeUnmanage extending resource: volumes {{(pid=111625) _setup_extensions /opt/stack/cinder/cinder/api/v3/router.py:155}}
Apr 07 10:03:39 ubuntu devstack@c-api.service[111625]: DEBUG cinder.api.v3.router [None req-cde26ff7-fafa-465d-82b5-db9e9ef7a361 None None] Extension VolumeTenantAttribute extending resource: volumes {{(pid=111625) _setup_extensions /opt/stack/cinder/cinder/api/v3/router.py:155}}
Apr 07 10:03:39 ubuntu devstack@c-api.service[111625]: DEBUG cinder.api.v3.router [None req-cde26ff7-fafa-465d-82b5-db9e9ef7a361 None None] Extension SnapshotActions extending resource: snapshots {{(pid=111625) _setup_extensions /opt/stack/cinder/cinder/api/v3/router.py:155}}
Apr 07 10:03:39 ubuntu devstack@c-api.service[111625]: DEBUG cinder.api.v3.router [None req-cde26ff7-fafa-465d-82b5-db9e9ef7a361 None None] Extension VolumeHostAttribute extending resource: volumes {{(pid=111625) _setup_extensions /opt/stack/cinder/cinder/api/v3/router.py:155}}
Apr 07 10:03:39 ubuntu devstack@c-api.service[111624]: WARNING stevedore.named [None req-2b023fe5-9203-4397-968f-1d3f541da9ea None None] Could not load cinder.keymgr.conf_key_mgr.ConfKeyManager
Apr 07 10:03:39 ubuntu devstack@c-api.service[111625]: DEBUG cinder.api.v3.router [None req-cde26ff7-fafa-465d-82b5-db9e9ef7a361 None None] Extension VolumeImageMetadata extending resource: volumes {{(pid=111625) _setup_extensions /opt/stack/cinder/cinder/api/v3/router.py:155}}
Apr 07 10:03:39 ubuntu devstack@c-api.service[111624]: WARNING castellan.key_manager [None req-2b023fe5-9203-4397-968f-1d3f541da9ea None None] Deprecation Warning : cinder.keymgr.conf_key_mgr.ConfKeyManager is not a stevedore based driver, trying to load it as a class: stevedore.exception.NoMatches: No 'castellan.drivers' driver found, looking for 'cinder.keymgr.conf_key_mgr.ConfKeyManager'
Apr 07 10:03:39 ubuntu devstack@c-api.service[111625]: DEBUG cinder.api.v3.router [None req-cde26ff7-fafa-465d-82b5-db9e9ef7a361 None None] Extension ExtendedSnapshotAttributes extending resource: snapshots {{(pid=111625) _setup_extensions /opt/stack/cinder/cinder/api/v3/router.py:155}}
Apr 07 10:03:39 ubuntu devstack@c-api.service[111625]: DEBUG cinder.api.v3.router [None req-cde26ff7-fafa-465d-82b5-db9e9ef7a361 None None] Extension AdminActions extending resource: volumes {{(pid=111625) _setup_extensions /opt/stack/cinder/cinder/api/v3/router.py:155}}
Apr 07 10:03:39 ubuntu devstack@c-api.service[111625]: DEBUG cinder.api.v3.router [None req-cde26ff7-fafa-465d-82b5-db9e9ef7a361 None None] Extension AdminActions extending resource: snapshots {{(pid=111625) _setup_extensions /opt/stack/cinder/cinder/api/v3/router.py:155}}
Apr 07 10:03:39 ubuntu devstack@c-api.service[111625]: DEBUG cinder.api.v3.router [None req-cde26ff7-fafa-465d-82b5-db9e9ef7a361 None None] Extension AdminActions extending resource: backups {{(pid=111625) _setup_extensions /opt/stack/cinder/cinder/api/v3/router.py:155}}
Apr 07 10:03:39 ubuntu devstack@c-api.service[111625]: DEBUG cinder.api.v3.router [None req-cde26ff7-fafa-465d-82b5-db9e9ef7a361 None None] Extension TypesManage extending resource: types {{(pid=111625) _setup_extensions /opt/stack/cinder/cinder/api/v3/router.py:155}}
Apr 07 10:03:39 ubuntu devstack@c-api.service[111624]: WARNING stevedore.named [None req-2b023fe5-9203-4397-968f-1d3f541da9ea None None] Could not load cinder.keymgr.conf_key_mgr.ConfKeyManager
Apr 07 10:03:39 ubuntu devstack@c-api.service[111625]: DEBUG cinder.api.v3.router [None req-cde26ff7-fafa-465d-82b5-db9e9ef7a361 None None] Extension VolumeMigStatusAttribute extending resource: volumes {{(pid=111625) _setup_extensions /opt/stack/cinder/cinder/api/v3/router.py:155}}
Apr 07 10:03:39 ubuntu devstack@c-api.service[111624]: WARNING castellan.key_manager [None req-2b023fe5-9203-4397-968f-1d3f541da9ea None None] Deprecation Warning : cinder.keymgr.conf_key_mgr.ConfKeyManager is not a stevedore based driver, trying to load it as a class: stevedore.exception.NoMatches: No 'castellan.drivers' driver found, looking for 'cinder.keymgr.conf_key_mgr.ConfKeyManager'
Apr 07 10:03:39 ubuntu devstack@c-api.service[111624]: DEBUG cinder.api.v3.router [None req-2b023fe5-9203-4397-968f-1d3f541da9ea None None] Extension VolumeTypeEncryption extending resource: types {{(pid=111624) _setup_extensions /opt/stack/cinder/cinder/api/v3/router.py:155}}
Apr 07 10:03:39 ubuntu devstack@c-api.service[111624]: DEBUG cinder.api.v3.router [None req-2b023fe5-9203-4397-968f-1d3f541da9ea None None] Extension UsedLimits extending resource: limits {{(pid=111624) _setup_extensions /opt/stack/cinder/cinder/api/v3/router.py:155}}
Apr 07 10:03:39 ubuntu devstack@c-api.service[111624]: DEBUG cinder.api.v3.router [None req-2b023fe5-9203-4397-968f-1d3f541da9ea None None] Extension SnapshotUnmanage extending resource: snapshots {{(pid=111624) _setup_extensions /opt/stack/cinder/cinder/api/v3/router.py:155}}
Apr 07 10:03:39 ubuntu devstack@c-api.service[111624]: DEBUG cinder.api.v3.router [None req-2b023fe5-9203-4397-968f-1d3f541da9ea None None] Extension VolumeActions extending resource: volumes {{(pid=111624) _setup_extensions /opt/stack/cinder/cinder/api/v3/router.py:155}}
Apr 07 10:03:39 ubuntu devstack@c-api.service[111624]: DEBUG cinder.api.v3.router [None req-2b023fe5-9203-4397-968f-1d3f541da9ea None None] Extension VolumeTypeAccess extending resource: types {{(pid=111624) _setup_extensions /opt/stack/cinder/cinder/api/v3/router.py:155}}
Apr 07 10:03:39 ubuntu devstack@c-api.service[111624]: DEBUG cinder.api.v3.router [None req-2b023fe5-9203-4397-968f-1d3f541da9ea None None] Extension VolumeUnmanage extending resource: volumes {{(pid=111624) _setup_extensions /opt/stack/cinder/cinder/api/v3/router.py:155}}
Apr 07 10:03:39 ubuntu devstack@c-api.service[111624]: DEBUG cinder.api.v3.router [None req-2b023fe5-9203-4397-968f-1d3f541da9ea None None] Extension VolumeTenantAttribute extending resource: volumes {{(pid=111624) _setup_extensions /opt/stack/cinder/cinder/api/v3/router.py:155}}
Apr 07 10:03:39 ubuntu devstack@c-api.service[111624]: DEBUG cinder.api.v3.router [None req-2b023fe5-9203-4397-968f-1d3f541da9ea None None] Extension SnapshotActions extending resource: snapshots {{(pid=111624) _setup_extensions /opt/stack/cinder/cinder/api/v3/router.py:155}}
Apr 07 10:03:39 ubuntu devstack@c-api.service[111624]: DEBUG cinder.api.v3.router [None req-2b023fe5-9203-4397-968f-1d3f541da9ea None None] Extension VolumeHostAttribute extending resource: volumes {{(pid=111624) _setup_extensions /opt/stack/cinder/cinder/api/v3/router.py:155}}
Apr 07 10:03:39 ubuntu devstack@c-api.service[111624]: DEBUG cinder.api.v3.router [None req-2b023fe5-9203-4397-968f-1d3f541da9ea None None] Extension VolumeImageMetadata extending resource: volumes {{(pid=111624) _setup_extensions /opt/stack/cinder/cinder/api/v3/router.py:155}}
Apr 07 10:03:39 ubuntu devstack@c-api.service[111624]: DEBUG cinder.api.v3.router [None req-2b023fe5-9203-4397-968f-1d3f541da9ea None None] Extension ExtendedSnapshotAttributes extending resource: snapshots {{(pid=111624) _setup_extensions /opt/stack/cinder/cinder/api/v3/router.py:155}}
Apr 07 10:03:39 ubuntu devstack@c-api.service[111624]: DEBUG cinder.api.v3.router [None req-2b023fe5-9203-4397-968f-1d3f541da9ea None None] Extension AdminActions extending resource: volumes {{(pid=111624) _setup_extensions /opt/stack/cinder/cinder/api/v3/router.py:155}}
Apr 07 10:03:39 ubuntu devstack@c-api.service[111624]: DEBUG cinder.api.v3.router [None req-2b023fe5-9203-4397-968f-1d3f541da9ea None None] Extension AdminActions extending resource: snapshots {{(pid=111624) _setup_extensions /opt/stack/cinder/cinder/api/v3/router.py:155}}
Apr 07 10:03:39 ubuntu devstack@c-api.service[111624]: DEBUG cinder.api.v3.router [None req-2b023fe5-9203-4397-968f-1d3f541da9ea None None] Extension AdminActions extending resource: backups {{(pid=111624) _setup_extensions /opt/stack/cinder/cinder/api/v3/router.py:155}}
Apr 07 10:03:39 ubuntu devstack@c-api.service[111624]: DEBUG cinder.api.v3.router [None req-2b023fe5-9203-4397-968f-1d3f541da9ea None None] Extension TypesManage extending resource: types {{(pid=111624) _setup_extensions /opt/stack/cinder/cinder/api/v3/router.py:155}}
Apr 07 10:03:39 ubuntu devstack@c-api.service[111625]: WARNING keystonemiddleware.auth_token [None req-cde26ff7-fafa-465d-82b5-db9e9ef7a361 None None] AuthToken middleware is set with keystone_authtoken.service_token_roles_required set to False. This is backwards compatible but deprecated behaviour. Please set this to True.
Apr 07 10:03:39 ubuntu devstack@c-api.service[111624]: DEBUG cinder.api.v3.router [None req-2b023fe5-9203-4397-968f-1d3f541da9ea None None] Extension VolumeMigStatusAttribute extending resource: volumes {{(pid=111624) _setup_extensions /opt/stack/cinder/cinder/api/v3/router.py:155}}
Apr 07 10:03:39 ubuntu devstack@c-api.service[111624]: WARNING keystonemiddleware.auth_token [None req-2b023fe5-9203-4397-968f-1d3f541da9ea None None] AuthToken middleware is set with keystone_authtoken.service_token_roles_required set to False. This is backwards compatible but deprecated behaviour. Please set this to True.
Apr 07 10:03:39 ubuntu devstack@c-api.service[111625]: WSGI app 0 (mountpoint='') ready in 2 seconds on interpreter 0x701a1e8a3668 pid: 111625 (default app)
Apr 07 10:03:39 ubuntu devstack@c-api.service[111625]: /opt/stack/data/venv/lib/python3.12/site-packages/oslo_policy/policy.py:505: DeprecationWarning: fallback_to_json_file is deprecated and has no effect.
Apr 07 10:03:39 ubuntu devstack@c-api.service[111625]:   warnings.warn(
Apr 07 10:03:39 ubuntu devstack@c-api.service[111624]: WSGI app 0 (mountpoint='') ready in 3 seconds on interpreter 0x701a1e8a3668 pid: 111624 (default app)
Apr 07 10:03:39 ubuntu devstack@c-api.service[111625]: /opt/stack/data/venv/lib/python3.12/site-packages/oslo_policy/policy.py:806: UserWarning: Policy "volume:attachment_create":"" was deprecated in X in favor of "volume:attachment_create":"rule:xena_system_admin_or_project_member". Reason: Default policies now support the three Keystone default roles, namely 'admin', 'member', and 'reader' to implement three Cinder "personas".  See "Policy Personas and Permissions" in the "Cinder Service Configuration" documentation (Xena release) for details.. Either ensure your deployment is ready for the new default or copy/paste the deprecated policy into your policy file and maintain it manually.
Apr 07 10:03:39 ubuntu devstack@c-api.service[111625]:   warnings.warn(deprecated_msg)
Apr 07 10:03:39 ubuntu devstack@c-api.service[111625]: /opt/stack/data/venv/lib/python3.12/site-packages/oslo_policy/policy.py:806: UserWarning: Policy "volume:attachment_update":"rule:admin_or_owner" was deprecated in X in favor of "volume:attachment_update":"rule:xena_system_admin_or_project_member". Reason: Default policies now support the three Keystone default roles, namely 'admin', 'member', and 'reader' to implement three Cinder "personas".  See "Policy Personas and Permissions" in the "Cinder Service Configuration" documentation (Xena release) for details.. Either ensure your deployment is ready for the new default or copy/paste the deprecated policy into your policy file and maintain it manually.
Apr 07 10:03:39 ubuntu devstack@c-api.service[111625]:   warnings.warn(deprecated_msg)
Apr 07 10:03:39 ubuntu devstack@c-api.service[111625]: /opt/stack/data/venv/lib/python3.12/site-packages/oslo_policy/policy.py:806: UserWarning: Policy "volume:attachment_delete":"rule:admin_or_owner" was deprecated in X in favor of "volume:attachment_delete":"rule:xena_system_admin_or_project_member". Reason: Default policies now support the three Keystone default roles, namely 'admin', 'member', and 'reader' to implement three Cinder "personas".  See "Policy Personas and Permissions" in the "Cinder Service Configuration" documentation (Xena release) for details.. Either ensure your deployment is ready for the new default or copy/paste the deprecated policy into your policy file and maintain it manually.
Apr 07 10:03:39 ubuntu devstack@c-api.service[111625]:   warnings.warn(deprecated_msg)
Apr 07 10:03:39 ubuntu devstack@c-api.service[111625]: /opt/stack/data/venv/lib/python3.12/site-packages/oslo_policy/policy.py:806: UserWarning: Policy "volume:attachment_complete":"rule:admin_or_owner" was deprecated in X in favor of "volume:attachment_complete":"rule:xena_system_admin_or_project_member". Reason: Default policies now support the three Keystone default roles, namely 'admin', 'member', and 'reader' to implement three Cinder "personas".  See "Policy Personas and Permissions" in the "Cinder Service Configuration" documentation (Xena release) for details.. Either ensure your deployment is ready for the new default or copy/paste the deprecated policy into your policy file and maintain it manually.
Apr 07 10:03:39 ubuntu devstack@c-api.service[111625]:   warnings.warn(deprecated_msg)
Apr 07 10:03:39 ubuntu devstack@c-api.service[111625]: /opt/stack/data/venv/lib/python3.12/site-packages/oslo_policy/policy.py:806: UserWarning: Policy "volume:multiattach_bootable_volume":"rule:admin_or_owner" was deprecated in X in favor of "volume:multiattach_bootable_volume":"rule:xena_system_admin_or_project_member". Reason: Default policies now support the three Keystone default roles, namely 'admin', 'member', and 'reader' to implement three Cinder "personas".  See "Policy Personas and Permissions" in the "Cinder Service Configuration" documentation (Xena release) for details.. Either ensure your deployment is ready for the new default or copy/paste the deprecated policy into your policy file and maintain it manually.
Apr 07 10:03:39 ubuntu devstack@c-api.service[111625]:   warnings.warn(deprecated_msg)
Apr 07 10:03:39 ubuntu devstack@c-api.service[111625]: /opt/stack/data/venv/lib/python3.12/site-packages/oslo_policy/policy.py:806: UserWarning: Policy "message:get_all":"rule:admin_or_owner" was deprecated in X in favor of "message:get_all":"rule:xena_system_admin_or_project_reader". Reason: Default policies now support the three Keystone default roles, namely 'admin', 'member', and 'reader' to implement three Cinder "personas".  See "Policy Personas and Permissions" in the "Cinder Service Configuration" documentation (Xena release) for details.. Either ensure your deployment is ready for the new default or copy/paste the deprecated policy into your policy file and maintain it manually.
Apr 07 10:03:39 ubuntu devstack@c-api.service[111625]:   warnings.warn(deprecated_msg)
Apr 07 10:03:39 ubuntu devstack@c-api.service[111625]: /opt/stack/data/venv/lib/python3.12/site-packages/oslo_policy/policy.py:806: UserWarning: Policy "message:get":"rule:admin_or_owner" was deprecated in X in favor of "message:get":"rule:xena_system_admin_or_project_reader". Reason: Default policies now support the three Keystone default roles, namely 'admin', 'member', and 'reader' to implement three Cinder "personas".  See "Policy Personas and Permissions" in the "Cinder Service Configuration" documentation (Xena release) for details.. Either ensure your deployment is ready for the new default or copy/paste the deprecated policy into your policy file and maintain it manually.
Apr 07 10:03:39 ubuntu devstack@c-api.service[111625]:   warnings.warn(deprecated_msg)
Apr 07 10:03:39 ubuntu devstack@c-api.service[111625]: /opt/stack/data/venv/lib/python3.12/site-packages/oslo_policy/policy.py:806: UserWarning: Policy "message:delete":"rule:admin_or_owner" was deprecated in X in favor of "message:delete":"rule:xena_system_admin_or_project_member". Reason: Default policies now support the three Keystone default roles, namely 'admin', 'member', and 'reader' to implement three Cinder "personas".  See "Policy Personas and Permissions" in the "Cinder Service Configuration" documentation (Xena release) for details.. Either ensure your deployment is ready for the new default or copy/paste the deprecated policy into your policy file and maintain it manually.
Apr 07 10:03:39 ubuntu devstack@c-api.service[111625]:   warnings.warn(deprecated_msg)
Apr 07 10:03:39 ubuntu devstack@c-api.service[111625]: /opt/stack/data/venv/lib/python3.12/site-packages/oslo_policy/policy.py:806: UserWarning: Policy "volume:get_snapshot_metadata":"rule:admin_or_owner" was deprecated in X in favor of "volume:get_snapshot_metadata":"rule:xena_system_admin_or_project_reader". Reason: Default policies now support the three Keystone default roles, namely 'admin', 'member', and 'reader' to implement three Cinder "personas".  See "Policy Personas and Permissions" in the "Cinder Service Configuration" documentation (Xena release) for details.. Either ensure your deployment is ready for the new default or copy/paste the deprecated policy into your policy file and maintain it manually.
Apr 07 10:03:39 ubuntu devstack@c-api.service[111625]:   warnings.warn(deprecated_msg)
Apr 07 10:03:39 ubuntu devstack@c-api.service[111625]: /opt/stack/data/venv/lib/python3.12/site-packages/oslo_policy/policy.py:806: UserWarning: Policy "volume:update_snapshot_metadata":"rule:admin_or_owner" was deprecated in X in favor of "volume:update_snapshot_metadata":"rule:xena_system_admin_or_project_member". Reason: Default policies now support the three Keystone default roles, namely 'admin', 'member', and 'reader' to implement three Cinder "personas".  See "Policy Personas and Permissions" in the "Cinder Service Configuration" documentation (Xena release) for details.. Either ensure your deployment is ready for the new default or copy/paste the deprecated policy into your policy file and maintain it manually.
Apr 07 10:03:39 ubuntu devstack@c-api.service[111625]:   warnings.warn(deprecated_msg)
Apr 07 10:03:39 ubuntu devstack@c-api.service[111625]: /opt/stack/data/venv/lib/python3.12/site-packages/oslo_policy/policy.py:806: UserWarning: Policy "volume:delete_snapshot_metadata":"rule:admin_or_owner" was deprecated in X in favor of "volume:delete_snapshot_metadata":"rule:xena_system_admin_or_project_member". Reason: Default policies now support the three Keystone default roles, namely 'admin', 'member', and 'reader' to implement three Cinder "personas".  See "Policy Personas and Permissions" in the "Cinder Service Configuration" documentation (Xena release) for details.. Either ensure your deployment is ready for the new default or copy/paste the deprecated policy into your policy file and maintain it manually.
Apr 07 10:03:39 ubuntu devstack@c-api.service[111625]:   warnings.warn(deprecated_msg)
Apr 07 10:03:39 ubuntu devstack@c-api.service[111625]: /opt/stack/data/venv/lib/python3.12/site-packages/oslo_policy/policy.py:806: UserWarning: Policy "volume:get_all_snapshots":"rule:admin_or_owner" was deprecated in X in favor of "volume:get_all_snapshots":"rule:xena_system_admin_or_project_reader". Reason: Default policies now support the three Keystone default roles, namely 'admin', 'member', and 'reader' to implement three Cinder "personas".  See "Policy Personas and Permissions" in the "Cinder Service Configuration" documentation (Xena release) for details.. Either ensure your deployment is ready for the new default or copy/paste the deprecated policy into your policy file and maintain it manually.
Apr 07 10:03:39 ubuntu devstack@c-api.service[111625]:   warnings.warn(deprecated_msg)
Apr 07 10:03:39 ubuntu devstack@c-api.service[111625]: /opt/stack/data/venv/lib/python3.12/site-packages/oslo_policy/policy.py:806: UserWarning: Policy "volume_extension:extended_snapshot_attributes":"rule:admin_or_owner" was deprecated in X in favor of "volume_extension:extended_snapshot_attributes":"rule:xena_system_admin_or_project_reader". Reason: Default policies now support the three Keystone default roles, namely 'admin', 'member', and 'reader' to implement three Cinder "personas".  See "Policy Personas and Permissions" in the "Cinder Service Configuration" documentation (Xena release) for details.. Either ensure your deployment is ready for the new default or copy/paste the deprecated policy into your policy file and maintain it manually.
Apr 07 10:03:39 ubuntu devstack@c-api.service[111625]:   warnings.warn(deprecated_msg)
Apr 07 10:03:39 ubuntu devstack@c-api.service[111625]: /opt/stack/data/venv/lib/python3.12/site-packages/oslo_policy/policy.py:806: UserWarning: Policy "volume:create_snapshot":"rule:admin_or_owner" was deprecated in X in favor of "volume:create_snapshot":"rule:xena_system_admin_or_project_member". Reason: Default policies now support the three Keystone default roles, namely 'admin', 'member', and 'reader' to implement three Cinder "personas".  See "Policy Personas and Permissions" in the "Cinder Service Configuration" documentation (Xena release) for details.. Either ensure your deployment is ready for the new default or copy/paste the deprecated policy into your policy file and maintain it manually.
Apr 07 10:03:39 ubuntu devstack@c-api.service[111625]:   warnings.warn(deprecated_msg)
Apr 07 10:03:39 ubuntu devstack@c-api.service[111625]: /opt/stack/data/venv/lib/python3.12/site-packages/oslo_policy/policy.py:806: UserWarning: Policy "volume:get_snapshot":"rule:admin_or_owner" was deprecated in X in favor of "volume:get_snapshot":"rule:xena_system_admin_or_project_reader". Reason: Default policies now support the three Keystone default roles, namely 'admin', 'member', and 'reader' to implement three Cinder "personas".  See "Policy Personas and Permissions" in the "Cinder Service Configuration" documentation (Xena release) for details.. Either ensure your deployment is ready for the new default or copy/paste the deprecated policy into your policy file and maintain it manually.
Apr 07 10:03:39 ubuntu devstack@c-api.service[111625]:   warnings.warn(deprecated_msg)
Apr 07 10:03:39 ubuntu devstack@c-api.service[111625]: /opt/stack/data/venv/lib/python3.12/site-packages/oslo_policy/policy.py:806: UserWarning: Policy "volume:update_snapshot":"rule:admin_or_owner" was deprecated in X in favor of "volume:update_snapshot":"rule:xena_system_admin_or_project_member". Reason: Default policies now support the three Keystone default roles, namely 'admin', 'member', and 'reader' to implement three Cinder "personas".  See "Policy Personas and Permissions" in the "Cinder Service Configuration" documentation (Xena release) for details.. Either ensure your deployment is ready for the new default or copy/paste the deprecated policy into your policy file and maintain it manually.
Apr 07 10:03:39 ubuntu devstack@c-api.service[111625]:   warnings.warn(deprecated_msg)
Apr 07 10:03:39 ubuntu devstack@c-api.service[111625]: /opt/stack/data/venv/lib/python3.12/site-packages/oslo_policy/policy.py:806: UserWarning: Policy "volume:delete_snapshot":"rule:admin_or_owner" was deprecated in X in favor of "volume:delete_snapshot":"rule:xena_system_admin_or_project_member". Reason: Default policies now support the three Keystone default roles, namely 'admin', 'member', and 'reader' to implement three Cinder "personas".  See "Policy Personas and Permissions" in the "Cinder Service Configuration" documentation (Xena release) for details.. Either ensure your deployment is ready for the new default or copy/paste the deprecated policy into your policy file and maintain it manually.
Apr 07 10:03:39 ubuntu devstack@c-api.service[111625]:   warnings.warn(deprecated_msg)
Apr 07 10:03:39 ubuntu devstack@c-api.service[111625]: /opt/stack/data/venv/lib/python3.12/site-packages/oslo_policy/policy.py:806: UserWarning: Policy "snapshot_extension:snapshot_actions:update_snapshot_status":"" was deprecated in X in favor of "snapshot_extension:snapshot_actions:update_snapshot_status":"rule:xena_system_admin_or_project_member". Reason: Default policies now support the three Keystone default roles, namely 'admin', 'member', and 'reader' to implement three Cinder "personas".  See "Policy Personas and Permissions" in the "Cinder Service Configuration" documentation (Xena release) for details.. Either ensure your deployment is ready for the new default or copy/paste the deprecated policy into your policy file and maintain it manually.
Apr 07 10:03:39 ubuntu devstack@c-api.service[111625]:   warnings.warn(deprecated_msg)
Apr 07 10:03:39 ubuntu devstack@c-api.service[111625]: /opt/stack/data/venv/lib/python3.12/site-packages/oslo_policy/policy.py:806: UserWarning: Policy "backup:get_all":"rule:admin_or_owner" was deprecated in X in favor of "backup:get_all":"rule:xena_system_admin_or_project_reader". Reason: Default policies now support the three Keystone default roles, namely 'admin', 'member', and 'reader' to implement three Cinder "personas".  See "Policy Personas and Permissions" in the "Cinder Service Configuration" documentation (Xena release) for details.. Either ensure your deployment is ready for the new default or copy/paste the deprecated policy into your policy file and maintain it manually.
Apr 07 10:03:39 ubuntu devstack@c-api.service[111625]:   warnings.warn(deprecated_msg)
Apr 07 10:03:39 ubuntu devstack@c-api.service[111625]: /opt/stack/data/venv/lib/python3.12/site-packages/oslo_policy/policy.py:806: UserWarning: Policy "backup:create":"" was deprecated in X in favor of "backup:create":"rule:xena_system_admin_or_project_member". Reason: Default policies now support the three Keystone default roles, namely 'admin', 'member', and 'reader' to implement three Cinder "personas".  See "Policy Personas and Permissions" in the "Cinder Service Configuration" documentation (Xena release) for details.. Either ensure your deployment is ready for the new default or copy/paste the deprecated policy into your policy file and maintain it manually.
Apr 07 10:03:39 ubuntu devstack@c-api.service[111625]:   warnings.warn(deprecated_msg)
Apr 07 10:03:39 ubuntu devstack@c-api.service[111625]: /opt/stack/data/venv/lib/python3.12/site-packages/oslo_policy/policy.py:806: UserWarning: Policy "backup:get":"rule:admin_or_owner" was deprecated in X in favor of "backup:get":"rule:xena_system_admin_or_project_reader". Reason: Default policies now support the three Keystone default roles, namely 'admin', 'member', and 'reader' to implement three Cinder "personas".  See "Policy Personas and Permissions" in the "Cinder Service Configuration" documentation (Xena release) for details.. Either ensure your deployment is ready for the new default or copy/paste the deprecated policy into your policy file and maintain it manually.
Apr 07 10:03:39 ubuntu devstack@c-api.service[111625]:   warnings.warn(deprecated_msg)
Apr 07 10:03:39 ubuntu devstack@c-api.service[111625]: /opt/stack/data/venv/lib/python3.12/site-packages/oslo_policy/policy.py:806: UserWarning: Policy "backup:update":"rule:admin_or_owner" was deprecated in X in favor of "backup:update":"rule:xena_system_admin_or_project_member". Reason: Default policies now support the three Keystone default roles, namely 'admin', 'member', and 'reader' to implement three Cinder "personas".  See "Policy Personas and Permissions" in the "Cinder Service Configuration" documentation (Xena release) for details.. Either ensure your deployment is ready for the new default or copy/paste the deprecated policy into your policy file and maintain it manually.
Apr 07 10:03:39 ubuntu devstack@c-api.service[111625]:   warnings.warn(deprecated_msg)
Apr 07 10:03:39 ubuntu devstack@c-api.service[111625]: /opt/stack/data/venv/lib/python3.12/site-packages/oslo_policy/policy.py:806: UserWarning: Policy "backup:delete":"rule:admin_or_owner" was deprecated in X in favor of "backup:delete":"rule:xena_system_admin_or_project_member". Reason: Default policies now support the three Keystone default roles, namely 'admin', 'member', and 'reader' to implement three Cinder "personas".  See "Policy Personas and Permissions" in the "Cinder Service Configuration" documentation (Xena release) for details.. Either ensure your deployment is ready for the new default or copy/paste the deprecated policy into your policy file and maintain it manually.
Apr 07 10:03:39 ubuntu devstack@c-api.service[111625]:   warnings.warn(deprecated_msg)
Apr 07 10:03:39 ubuntu devstack@c-api.service[111625]: /opt/stack/data/venv/lib/python3.12/site-packages/oslo_policy/policy.py:806: UserWarning: Policy "backup:restore":"rule:admin_or_owner" was deprecated in X in favor of "backup:restore":"rule:xena_system_admin_or_project_member". Reason: Default policies now support the three Keystone default roles, namely 'admin', 'member', and 'reader' to implement three Cinder "personas".  See "Policy Personas and Permissions" in the "Cinder Service Configuration" documentation (Xena release) for details.. Either ensure your deployment is ready for the new default or copy/paste the deprecated policy into your policy file and maintain it manually.
Apr 07 10:03:39 ubuntu devstack@c-api.service[111625]:   warnings.warn(deprecated_msg)
Apr 07 10:03:39 ubuntu devstack@c-api.service[111625]: /opt/stack/data/venv/lib/python3.12/site-packages/oslo_policy/policy.py:806: UserWarning: Policy "group:get_all":"rule:admin_or_owner" was deprecated in X in favor of "group:get_all":"rule:xena_system_admin_or_project_reader". Reason: Default policies now support the three Keystone default roles, namely 'admin', 'member', and 'reader' to implement three Cinder "personas".  See "Policy Personas and Permissions" in the "Cinder Service Configuration" documentation (Xena release) for details.. Either ensure your deployment is ready for the new default or copy/paste the deprecated policy into your policy file and maintain it manually.
Apr 07 10:03:39 ubuntu devstack@c-api.service[111625]:   warnings.warn(deprecated_msg)
Apr 07 10:03:39 ubuntu devstack@c-api.service[111625]: /opt/stack/data/venv/lib/python3.12/site-packages/oslo_policy/policy.py:806: UserWarning: Policy "group:create":"" was deprecated in X in favor of "group:create":"rule:xena_system_admin_or_project_member". Reason: Default policies now support the three Keystone default roles, namely 'admin', 'member', and 'reader' to implement three Cinder "personas".  See "Policy Personas and Permissions" in the "Cinder Service Configuration" documentation (Xena release) for details.. Either ensure your deployment is ready for the new default or copy/paste the deprecated policy into your policy file and maintain it manually.
Apr 07 10:03:39 ubuntu devstack@c-api.service[111625]:   warnings.warn(deprecated_msg)
Apr 07 10:03:39 ubuntu devstack@c-api.service[111625]: /opt/stack/data/venv/lib/python3.12/site-packages/oslo_policy/policy.py:806: UserWarning: Policy "group:get":"rule:admin_or_owner" was deprecated in X in favor of "group:get":"rule:xena_system_admin_or_project_reader". Reason: Default policies now support the three Keystone default roles, namely 'admin', 'member', and 'reader' to implement three Cinder "personas".  See "Policy Personas and Permissions" in the "Cinder Service Configuration" documentation (Xena release) for details.. Either ensure your deployment is ready for the new default or copy/paste the deprecated policy into your policy file and maintain it manually.
Apr 07 10:03:39 ubuntu devstack@c-api.service[111625]:   warnings.warn(deprecated_msg)
Apr 07 10:03:39 ubuntu devstack@c-api.service[111625]: /opt/stack/data/venv/lib/python3.12/site-packages/oslo_policy/policy.py:806: UserWarning: Policy "group:update":"rule:admin_or_owner" was deprecated in X in favor of "group:update":"rule:xena_system_admin_or_project_member". Reason: Default policies now support the three Keystone default roles, namely 'admin', 'member', and 'reader' to implement three Cinder "personas".  See "Policy Personas and Permissions" in the "Cinder Service Configuration" documentation (Xena release) for details.. Either ensure your deployment is ready for the new default or copy/paste the deprecated policy into your policy file and maintain it manually.
Apr 07 10:03:39 ubuntu devstack@c-api.service[111625]:   warnings.warn(deprecated_msg)
Apr 07 10:03:39 ubuntu devstack@c-api.service[111625]: /opt/stack/data/venv/lib/python3.12/site-packages/oslo_policy/policy.py:806: UserWarning: Policy "group:get_all_group_snapshots":"rule:admin_or_owner" was deprecated in X in favor of "group:get_all_group_snapshots":"rule:xena_system_admin_or_project_reader". Reason: Default policies now support the three Keystone default roles, namely 'admin', 'member', and 'reader' to implement three Cinder "personas".  See "Policy Personas and Permissions" in the "Cinder Service Configuration" documentation (Xena release) for details.. Either ensure your deployment is ready for the new default or copy/paste the deprecated policy into your policy file and maintain it manually.
Apr 07 10:03:39 ubuntu devstack@c-api.service[111625]:   warnings.warn(deprecated_msg)
Apr 07 10:03:39 ubuntu devstack@c-api.service[111625]: /opt/stack/data/venv/lib/python3.12/site-packages/oslo_policy/policy.py:806: UserWarning: Policy "group:create_group_snapshot":"" was deprecated in X in favor of "group:create_group_snapshot":"rule:xena_system_admin_or_project_member". Reason: Default policies now support the three Keystone default roles, namely 'admin', 'member', and 'reader' to implement three Cinder "personas".  See "Policy Personas and Permissions" in the "Cinder Service Configuration" documentation (Xena release) for details.. Either ensure your deployment is ready for the new default or copy/paste the deprecated policy into your policy file and maintain it manually.
Apr 07 10:03:39 ubuntu devstack@c-api.service[111625]:   warnings.warn(deprecated_msg)
Apr 07 10:03:39 ubuntu devstack@c-api.service[111625]: /opt/stack/data/venv/lib/python3.12/site-packages/oslo_policy/policy.py:806: UserWarning: Policy "group:get_group_snapshot":"rule:admin_or_owner" was deprecated in X in favor of "group:get_group_snapshot":"rule:xena_system_admin_or_project_reader". Reason: Default policies now support the three Keystone default roles, namely 'admin', 'member', and 'reader' to implement three Cinder "personas".  See "Policy Personas and Permissions" in the "Cinder Service Configuration" documentation (Xena release) for details.. Either ensure your deployment is ready for the new default or copy/paste the deprecated policy into your policy file and maintain it manually.
Apr 07 10:03:39 ubuntu devstack@c-api.service[111625]:   warnings.warn(deprecated_msg)
Apr 07 10:03:39 ubuntu devstack@c-api.service[111625]: /opt/stack/data/venv/lib/python3.12/site-packages/oslo_policy/policy.py:806: UserWarning: Policy "group:delete_group_snapshot":"rule:admin_or_owner" was deprecated in X in favor of "group:delete_group_snapshot":"rule:xena_system_admin_or_project_member". Reason: Default policies now support the three Keystone default roles, namely 'admin', 'member', and 'reader' to implement three Cinder "personas".  See "Policy Personas and Permissions" in the "Cinder Service Configuration" documentation (Xena release) for details.. Either ensure your deployment is ready for the new default or copy/paste the deprecated policy into your policy file and maintain it manually.
Apr 07 10:03:39 ubuntu devstack@c-api.service[111625]:   warnings.warn(deprecated_msg)
Apr 07 10:03:39 ubuntu devstack@c-api.service[111625]: /opt/stack/data/venv/lib/python3.12/site-packages/oslo_policy/policy.py:806: UserWarning: Policy "group:update_group_snapshot":"rule:admin_or_owner" was deprecated in X in favor of "group:update_group_snapshot":"rule:xena_system_admin_or_project_member". Reason: Default policies now support the three Keystone default roles, namely 'admin', 'member', and 'reader' to implement three Cinder "personas".  See "Policy Personas and Permissions" in the "Cinder Service Configuration" documentation (Xena release) for details.. Either ensure your deployment is ready for the new default or copy/paste the deprecated policy into your policy file and maintain it manually.
Apr 07 10:03:39 ubuntu devstack@c-api.service[111625]:   warnings.warn(deprecated_msg)
Apr 07 10:03:39 ubuntu devstack@c-api.service[111625]: /opt/stack/data/venv/lib/python3.12/site-packages/oslo_policy/policy.py:806: UserWarning: Policy "group:delete":"rule:admin_or_owner" was deprecated in X in favor of "group:delete":"rule:xena_system_admin_or_project_member". Reason: Default policies now support the three Keystone default roles, namely 'admin', 'member', and 'reader' to implement three Cinder "personas".  See "Policy Personas and Permissions" in the "Cinder Service Configuration" documentation (Xena release) for details.. Either ensure your deployment is ready for the new default or copy/paste the deprecated policy into your policy file and maintain it manually.
Apr 07 10:03:39 ubuntu devstack@c-api.service[111625]:   warnings.warn(deprecated_msg)
Apr 07 10:03:39 ubuntu devstack@c-api.service[111625]: /opt/stack/data/venv/lib/python3.12/site-packages/oslo_policy/policy.py:806: UserWarning: Policy "group:enable_replication":"rule:admin_or_owner" was deprecated in X in favor of "group:enable_replication":"rule:xena_system_admin_or_project_member". Reason: Default policies now support the three Keystone default roles, namely 'admin', 'member', and 'reader' to implement three Cinder "personas".  See "Policy Personas and Permissions" in the "Cinder Service Configuration" documentation (Xena release) for details.. Either ensure your deployment is ready for the new default or copy/paste the deprecated policy into your policy file and maintain it manually.
Apr 07 10:03:39 ubuntu devstack@c-api.service[111625]:   warnings.warn(deprecated_msg)
Apr 07 10:03:39 ubuntu devstack@c-api.service[111625]: /opt/stack/data/venv/lib/python3.12/site-packages/oslo_policy/policy.py:806: UserWarning: Policy "group:disable_replication":"rule:admin_or_owner" was deprecated in X in favor of "group:disable_replication":"rule:xena_system_admin_or_project_member". Reason: Default policies now support the three Keystone default roles, namely 'admin', 'member', and 'reader' to implement three Cinder "personas".  See "Policy Personas and Permissions" in the "Cinder Service Configuration" documentation (Xena release) for details.. Either ensure your deployment is ready for the new default or copy/paste the deprecated policy into your policy file and maintain it manually.
Apr 07 10:03:39 ubuntu devstack@c-api.service[111625]:   warnings.warn(deprecated_msg)
Apr 07 10:03:39 ubuntu devstack@c-api.service[111625]: /opt/stack/data/venv/lib/python3.12/site-packages/oslo_policy/policy.py:806: UserWarning: Policy "group:failover_replication":"rule:admin_or_owner" was deprecated in X in favor of "group:failover_replication":"rule:xena_system_admin_or_project_member". Reason: Default policies now support the three Keystone default roles, namely 'admin', 'member', and 'reader' to implement three Cinder "personas".  See "Policy Personas and Permissions" in the "Cinder Service Configuration" documentation (Xena release) for details.. Either ensure your deployment is ready for the new default or copy/paste the deprecated policy into your policy file and maintain it manually.
Apr 07 10:03:39 ubuntu devstack@c-api.service[111625]:   warnings.warn(deprecated_msg)
Apr 07 10:03:39 ubuntu devstack@c-api.service[111625]: /opt/stack/data/venv/lib/python3.12/site-packages/oslo_policy/policy.py:806: UserWarning: Policy "group:list_replication_targets":"rule:admin_or_owner" was deprecated in X in favor of "group:list_replication_targets":"rule:xena_system_admin_or_project_member". Reason: Default policies now support the three Keystone default roles, namely 'admin', 'member', and 'reader' to implement three Cinder "personas".  See "Policy Personas and Permissions" in the "Cinder Service Configuration" documentation (Xena release) for details.. Either ensure your deployment is ready for the new default or copy/paste the deprecated policy into your policy file and maintain it manually.
Apr 07 10:03:39 ubuntu devstack@c-api.service[111625]:   warnings.warn(deprecated_msg)
