"pcp-dstat 6.2.0 CSV Output"
"Author:","PCP team <pcp@groups.io> and Dag Wieers <dag@wieers.com>",,,,"URL:","https://pcp.io/ and http://dag.wieers.com/home-made/dstat/"
"Host:","ubuntu",,,,"User:","ubuntu"
"Cmdline:","dstat -tcmndrylpg --tcp --output /tmp/devstack_logs/dstat-csv.log",,,,"Date:","30 Jun 2026 10:06:35 UTC"
"system","total usage",,,,,"memory usage",,,,"net/total",,"dsk/total",,"io/total",,"system",,"load avg",,,"procs",,,"paging",,"tcp sockets",,,,
"time","total usage:usr","total usage:sys","total usage:idl","total usage:wai","total usage:stl","used","free","buf","cach","net/total:recv","net/total:send","dsk/total:read","dsk/total:writ","read","writ","int","csw","1m","5m","15m","run","blk","new","in","out","lis","act","syn","tim","clo"
30-06 10:06:35,,988740,1419792,168628,5229920,,,,,,,1.680,1.010,0.530,1,0,,,,10,5,0,18,0
30-06 10:06:36,17.490,20.988,60.465,0.250,0,1014480,1393708,168756,5230088,30561.151,11481.294,0,3525.941,0,96.943,6427,5514,1.680,1.010,0.530,2,0,497.709,0,0,10,6,0,17,0
30-06 10:06:37,25.519,19.765,53.540,0.751,0,1019136,1387988,168956,5230724,36884.505,16591.372,0,2593.934,0,144.107,6038,6422,1.680,1.010,0.530,2,0,351.262,0,0,10,6,0,17,0
30-06 10:06:38,31.749,14.749,51.498,0.500,0,1010400,1396108,169148,5231028,45155.993,15029.332,0,1815.919,0,60.997,6687,7641,1.620,1.010,0.540,4,0,257.989,0,0,10,6,0,17,0
30-06 10:06:39,16.452,4.238,78.521,0.499,0,1131864,1264896,169328,5365032,147797.019,14556.454,0,1667.127,0,50.851,2563,2843,1.620,1.010,0.540,5,0,12.962,0,0,11,5,0,17,1
30-06 10:06:40,39.344,10.525,47.865,0.752,0,1137904,1236352,169964,5384872,51185.488,3428.204,0,1892.529,0,82.197,4271,2848,1.620,1.010,0.540,4,0,126.302,0,0,11,6,0,17,2
30-06 10:06:41,40.197,11.735,47.688,0.499,0,1190660,1161700,170756,5403348,6557.415,1617.882,31.958,7186.592,1.997,120.842,4417,3316,1.620,1.010,0.540,5,0,155.796,0,0,11,6,0,19,2
30-06 10:06:42,45.223,4.997,47.722,0.750,0,1249756,1079460,171388,5423616,5440.802,1457.144,0,4137.568,0,181.893,3200,2021,1.620,1.010,0.540,6,0,0.999,0,0,11,6,0,19,2
30-06 10:06:43,37.050,6.509,47.063,7.260,0,1279636,1027504,173084,5441108,3949.304,865.162,4.005,22394.077,1.001,1476.984,8177,12671,1.650,1.030,0.550,7,0,16.022,0,0,11,8,0,19,2
30-06 10:06:44,32.524,7.505,42.531,16.012,0,1284312,988152,174864,5471432,4239.096,1296.947,0,67621.383,0,4939.607,16391,32142,1.650,1.030,0.550,3,1,66.048,0,0,11,8,0,19,2
30-06 10:06:45,40.693,8.738,47.683,0.749,0,1236204,1046684,175388,5459644,5912.720,2166.965,0,2656.280,0,182.744,3918,2924,1.650,1.030,0.550,3,0,76.892,0,0,11,4,0,19,0
30-06 10:06:46,39.767,6.503,53.023,0,0,1301288,975468,175488,5465208,12391.298,4562.951,0,2336.999,0,104.044,2921,1963,1.650,1.030,0.550,1,3,34.015,0,0,11,5,0,19,0
30-06 10:06:47,44.154,8.232,44.154,1.247,0,1226264,1049160,175580,5466068,5388.291,1628.461,0,7930.765,0,470.977,11117,18648,1.650,1.030,0.550,4,0,17.961,0,0,11,4,0,19,0
30-06 10:06:48,43.097,9.522,47.106,0.501,0,1278256,995948,175600,5467072,5171.684,1623.668,0,1892.275,0,108.245,7534,11149,1.680,1.040,0.550,3,0,12.027,0,0,11,4,0,19,0
30-06 10:06:49,40.469,10.742,47.214,0.250,0,1237688,1044432,175624,5459772,5353.884,1456.880,0,1550.808,0,65.949,7194,9431,1.680,1.040,0.550,3,0,86.933,0,0,11,4,0,19,0
30-06 10:06:50,31.043,23.532,44.812,0,0,1198208,1083892,175628,5459836,5124.046,1622.231,0,56.077,0,12.017,6608,5458,1.680,1.040,0.550,3,0,547.753,0,0,11,4,0,19,0
30-06 10:06:51,23.161,16.437,58.773,0,0,1158152,1123772,175628,5460320,5319.480,1655.613,0,6251.883,0,234.097,6611,8183,1.680,1.040,0.550,8,0,267.966,0,0,11,4,0,19,0
30-06 10:06:52,45.886,11.283,42.376,0,0.251,1218684,1063216,175628,5460456,4892.522,1462.340,0,4.012,0,1.003,3762,2254,1.680,1.040,0.550,3,0,122.363,0,0,11,5,0,19,0
30-06 10:06:53,44.685,6.241,48.928,0,0,1257244,1024100,175644,5460996,5452.017,1617.631,0,443.351,0,31.953,2726,1341,1.710,1.060,0.560,4,0,0,0,0,11,5,0,19,0
30-06 10:06:54,44.322,11.268,43.070,0,0,1272260,1006776,175704,5463300,4645.584,1460.384,0,2251.676,0,98.160,4753,15290,1.710,1.060,0.560,2,0,90.147,0,0,11,4,0,21,0
30-06 10:06:55,13.972,7.485,77.844,0.250,0,1323780,955232,175708,5463320,5466.052,1616.762,0,383.232,0,25.948,2673,2242,1.710,1.060,0.560,1,0,87.824,0,0,11,4,0,21,0
30-06 10:06:56,23.026,3.254,73.081,0,0,1373364,905644,175708,5463324,5123.694,1459.622,0,15461.182,0,107.119,1855,1507,1.710,1.060,0.560,2,0,0,0,0,11,4,0,21,0
30-06 10:06:57,23.286,2.504,73.114,0.501,0,1391508,887268,175716,5463548,5408.466,1622.540,0,3301.168,0,118.185,2456,2469,1.710,1.060,0.560,1,1,1.002,0,0,11,10,0,20,0
30-06 10:06:58,20.268,5.755,71.314,1.001,0,1363296,915400,175772,5463572,5104.546,1621.444,0,3375.006,0,271.242,3645,4377,1.650,1.060,0.560,1,0,42.037,0,0,11,4,0,22,0
30-06 10:06:59,22.195,2.494,74.816,0.249,0,1364248,914184,175772,5463756,4449.048,2102.823,0,973.603,0,9.975,1807,1302,1.650,1.060,0.560,1,0,0,0,0,11,5,0,22,0
30-06 10:07:00,18.268,2.502,77.076,0.751,0,1380608,897300,175812,5464124,8243.100,4083.012,268.264,644.633,66.065,18.018,2425,2518,1.650,1.060,0.560,2,0,2.002,0,0,11,27,0,22,0
30-06 10:07:01,19.465,5.740,73.618,0,0,1329152,948740,175812,5464140,8997.915,5374.393,0,21409.728,0,207.629,2759,2400,1.650,1.060,0.560,1,0,43.921,0,0,11,28,0,17,0
30-06 10:07:02,19.289,2.756,77.408,0.251,0,1381016,896868,175812,5464144,9682.756,5711.654,0,737.505,0,4.008,1875,1409,1.650,1.060,0.560,3,0,1.002,0,0,11,29,0,17,0
30-06 10:07:03,21.210,9.482,68.871,0,0,1380920,896948,175812,5464164,8169.639,4384.756,0,11.977,0,2.994,3439,2573,1.520,1.040,0.560,3,0,155.707,0,0,11,28,0,18,0
30-06 10:07:04,43.302,6.508,49.810,0,0,1479028,798832,175812,5464172,7437.915,3215.855,0,2266.717,0,15.018,2777,1320,1.520,1.040,0.560,2,0,0,0,0,11,29,0,18,0
30-06 10:07:05,32.762,4.252,62.523,0,0,1480792,796856,175816,5464380,22150.150,18046.640,0,160.059,0,7.003,6250,8157,1.520,1.040,0.560,3,0,0,0,0,11,29,0,19,0
30-06 10:07:06,57.079,24.283,18.025,0,0,1477204,800396,175820,5464424,6005.283,2087.880,0,132.182,0,25.035,5653,5072,1.520,1.040,0.560,6,0,578.798,0,0,11,28,0,19,0
30-06 10:07:07,86.754,13.251,0.250,0,0,1740776,536816,175820,5464428,7916.403,5390.274,0,19677.002,0,103.005,5066,2567,1.520,1.040,0.560,4,0,0,0,0,11,30,0,19,0
30-06 10:07:08,80.423,10.240,8.742,0,0,1837588,439760,175828,5464656,37533.032,32812.556,0,775.257,0,21.979,9112,10905,1.800,1.110,0.580,3,0,0,0,0,11,34,0,19,0
30-06 10:07:09,64.911,12.732,21.970,0,0,1595696,681592,175836,5464708,15798.244,11896.617,0,571.213,0,62.913,7956,9487,1.800,1.110,0.580,2,0,259.642,0,0,11,28,0,24,0
30-06 10:07:10,22.279,5.507,71.592,0,0,1582124,695160,175836,5464712,5178.689,2235.888,0,404.523,0,13.017,2113,1539,1.800,1.110,0.580,1,0,50.065,0,0,11,29,0,24,0
30-06 10:07:11,16.004,1.750,81.018,0.250,0,1558516,718756,175836,5464724,11518.554,7948.762,0,204.045,0,20.004,2585,3099,1.800,1.110,0.580,1,0,0,0,0,11,28,0,25,0
30-06 10:07:12,20.700,5.985,71.826,0,0,1505584,771688,175836,5464724,5235.309,1454.474,0,31527.575,0,209.492,2820,2325,1.800,1.110,0.580,1,0,68.833,0,0,11,28,0,25,0
30-06 10:07:13,18.530,2.254,79.128,0,0,1511172,766092,175836,5464732,10454.878,7413.969,0,1786.885,0,87.141,2372,2332,1.730,1.100,0.590,1,0,0,0,0,11,29,0,24,0
30-06 10:07:14,12.509,13.759,71.299,0.500,0,1468424,808796,175856,5464756,6520.485,2642.818,0,1360.936,0,97.067,5267,4955,1.730,1.100,0.590,2,0,349.240,0,0,11,28,0,25,0
30-06 10:07:15,39.787,29.027,31.029,0,0,1500480,776696,175856,5464800,5542.159,1621.509,0,48.045,0,12.011,6096,5077,1.730,1.100,0.590,5,0,689.642,0,0,11,28,0,25,0
30-06 10:07:16,86.997,11.500,1.500,0,0,1718724,558416,175856,5464808,11501.648,8793.731,0,167.995,0,12.000,5196,2702,1.730,1.100,0.590,3,0,6.000,0,0,11,31,0,25,0
30-06 10:07:17,70.989,8.499,18.747,0,0,1760856,516080,175856,5465012,42873.089,37233.998,0,64185.653,0,375.939,9148,14049,1.730,1.100,0.590,5,0,0,0,0,11,32,0,25,0
30-06 10:07:18,78.444,17.987,3.997,0.250,0,1611496,665292,175876,5465144,14178.854,7922.331,0,1750.747,0,183.868,6631,7860,1.990,1.170,0.610,7,0,309.778,0,0,11,28,0,26,0
30-06 10:07:19,87.010,12.501,0.250,0,0,1751348,525432,175876,5465152,13186.460,7947.880,0,188.021,0,10.001,4990,2760,1.990,1.170,0.610,6,0,0,0,0,11,30,0,26,0
30-06 10:07:20,82.067,10.008,7.006,0,0,1837688,438764,175884,5465472,39648.548,35012.742,0,712.585,0,41.034,8166,10958,1.990,1.170,0.610,6,0,29.024,0,0,11,33,0,27,0
30-06 10:07:21,71.419,13.235,14.733,0.250,0,1637096,639120,175888,5465704,31479.191,25011.549,0,271.691,0,26.969,8524,12999,1.990,1.170,0.610,5,0,196.776,0,0,11,28,0,31,0
30-06 10:07:22,41.251,8.000,50.501,0,0,1598616,677596,175888,5465708,9357.200,5530.118,0,112.002,0,4.000,3259,2271,1.990,1.170,0.610,2,0,73.002,0,0,11,29,0,31,0
30-06 10:07:23,32.787,12.264,53.060,0,0,1558952,717236,175892,5465728,15748.870,11989.605,0,184.209,0,18.020,5531,6471,1.990,1.180,0.620,5,0,284.323,0,0,11,29,0,32,0
30-06 10:07:24,72.852,12.974,14.471,0,0,1587948,688196,175892,5465772,8886.945,5539.745,0,195.603,0,8.982,4858,3416,1.990,1.180,0.620,3,0,93.809,0,0,11,28,0,33,0
30-06 10:07:25,46.336,5.510,46.837,0,0,1611920,664004,175892,5465992,28600.378,25045.744,0,156.292,0,8.015,6588,8309,1.990,1.180,0.620,4,0,0,0,0,11,31,0,32,0
30-06 10:07:26,69.097,17.711,12.472,0.249,0,1546224,729640,175912,5466032,10040.702,6316.971,0,403.105,0,46.896,6183,5696,1.990,1.180,0.620,5,0,257.428,0,0,11,28,0,33,0
30-06 10:07:27,71.921,8.019,19.547,0,0,1665592,610256,175912,5466048,20941.905,17343.330,0,5962.208,0,360.860,5071,3445,1.990,1.180,0.620,4,0,0,0,0,11,32,0,33,0
30-06 10:07:28,66.494,8.749,23.498,0,0,1612224,663488,175928,5466264,30959.299,26093.724,0,1215.894,0,92.992,9707,14067,2,1.200,0.630,5,0,123.989,0,0,11,28,0,36,0
30-06 10:07:29,61.503,15.501,22.501,0,0,1581376,694276,175932,5466288,4870.260,1620.086,0,156.008,0,10.001,3878,2277,2,1.200,0.630,3,0,200.011,0,0,11,28,0,36,0
30-06 10:07:30,15.205,1.994,82.257,0.249,0,1620920,654724,175940,5466288,5341.206,2117.738,0,99.705,0,5.982,1349,1024,2,1.200,0.630,1,0,0,0,0,11,28,0,32,0
30-06 10:07:31,0.751,0.250,98.349,0,0,1620904,654724,175956,5466288,4822.850,1459.468,0,572.576,0,36.036,762,1200,2,1.200,0.630,1,0,0,0,0,11,28,0,32,0
30-06 10:07:32,0.500,0.750,98.230,0.250,0,1615720,659896,175968,5466288,4919.017,1619.676,0,771.846,0,13.997,660,972,2,1.200,0.630,1,0,1.000,0,0,11,28,0,32,0
30-06 10:07:33,0.250,0.250,98.393,0,0,1610476,665140,175968,5466288,4872.699,1456.416,0,0,0,0,568,857,1.830,1.180,0.620,1,0,0,0,0,11,28,0,32,0
30-06 10:07:34,0.250,0.250,98.410,0,0,1605888,669728,175968,5466288,5285.150,1618.515,0,3.996,0,0.999,577,832,1.830,1.180,0.620,1,0,0,0,0,11,28,0,29,0
30-06 10:07:35,0.751,0.501,98.149,0,0,1601880,673724,175972,5466296,5623.538,1964.983,0,56.085,0,3.005,729,1046,1.830,1.180,0.620,1,0,0,0,0,11,28,0,29,0
30-06 10:07:36,0.500,0.500,97.241,0.500,0,1598320,677236,176020,5466296,5699.479,1619.852,0,3603.671,0,165.985,990,1579,1.830,1.180,0.620,1,0,0,0,0,11,28,0,29,0
30-06 10:07:37,0,0.250,98.823,0,0,1595244,680308,176020,5466300,5163.800,1621.193,0,84.062,0,2.001,642,903,1.830,1.180,0.620,0,0,0,0,0,11,28,0,29,0
30-06 10:07:38,3.997,0.999,95.177,0.250,0,1592764,682760,176048,5466300,5275.949,1618.757,0,559.570,0,49.962,1115,1581,1.690,1.160,0.620,1,0,1.998,0,0,11,32,0,29,0
30-06 10:07:39,0.500,0.250,98.574,0,0,1590424,685100,176048,5466300,5888.443,1715.294,0,28.021,0,4.003,650,900,1.690,1.160,0.620,3,0,0,0,0,11,32,0,29,0
30-06 10:07:40,32.475,3.747,61.952,0,0,1590188,685296,176048,5466340,26351.687,22166.913,0,3.997,0,0.999,4958,6199,1.690,1.160,0.620,3,0,0,0,0,11,35,0,29,0
30-06 10:07:41,59.310,16.517,24.024,0.250,0,1462152,813128,176064,5466528,15684.870,9874.991,0,848.859,0,60.061,6794,7444,1.690,1.160,0.620,5,0,299.303,0,0,11,32,0,31,0
30-06 10:07:42,53.962,6.745,38.223,0,0,1601684,673584,176064,5466540,17348.850,13610.468,0,47.966,0,0.999,4198,2856,1.690,1.160,0.620,4,0,1.999,0,0,11,35,0,29,0
30-06 10:07:43,53.382,10.777,34.586,0.251,0,1444036,830880,176072,5466884,20968.846,17394.007,0,216.535,0,22.055,7456,9431,2.030,1.240,0.650,5,0,197.488,0,0,11,32,0,32,0
30-06 10:07:44,64.501,13.000,22.750,0,0,1603228,671676,176072,5466896,4430.066,1350.020,0,2540.038,0,100.001,3968,1845,2.030,1.240,0.650,3,0,90.001,0,0,11,32,0,32,0
30-06 10:07:45,44.912,5.489,48.156,0,0,1644536,630196,176072,5467068,26964.398,24110.965,0,139.727,0,6.986,6138,7478,2.030,1.240,0.650,2,0,0,0,0,11,35,0,32,0
30-06 10:07:46,62.371,11.522,25.299,0.250,0,1556148,718544,176080,5467100,9781.029,4798.335,0,1278.487,0,90.175,5449,4615,2.030,1.240,0.650,3,0,112.218,0,0,11,32,0,34,0
30-06 10:07:47,52.876,7.233,38.908,0,0,1629744,644932,176080,5467116,16889.275,13318.673,0,15.962,0,0.998,3923,2596,2.030,1.240,0.650,3,0,0,0,0,11,35,0,34,0
30-06 10:07:48,52.371,15.787,31.824,0,0,1511076,763524,176100,5467172,19219.554,15344.571,0,320.744,0,43.100,8100,10122,1.950,1.230,0.650,4,0,334.776,0,0,11,32,0,36,0
30-06 10:07:49,78.999,21.000,0,0,0.250,1646696,627812,176100,5467232,4675.964,1565.988,0,191.999,0,16.000,5551,4538,1.950,1.230,0.650,9,0,428.997,0,0,11,32,0,36,0
30-06 10:07:50,82.491,16.248,0.750,0,0,1820872,453468,176100,5467400,18561.900,15450.252,0,163.981,0,7.999,6150,6042,1.950,1.230,0.650,9,0,402.954,0,0,11,35,0,36,0
30-06 10:07:51,77.451,18.738,3.498,0,0,1762452,511756,176108,5467520,42096.520,38181.983,0,795.500,0,58.963,8664,11091,1.950,1.230,0.650,9,0,481.697,0,0,11,34,0,37,0
30-06 10:07:52,79.871,18.470,1.997,0,0,1645020,628976,176112,5467720,17423.793,13693.831,0,367.405,0,33.945,6362,5598,1.950,1.230,0.650,5,0,206.665,0,0,11,32,0,37,0
30-06 10:07:53,83.839,10.511,5.256,0,0,1775860,498116,176112,5467736,19556.656,16775.719,0,124.131,0,9.010,5371,3413,2.200,1.300,0.670,3,0,0,0,0,11,37,0,37,0
30-06 10:07:54,75.664,10.988,12.736,0,0,1755608,518108,176120,5467980,45308.759,39226.638,0,539.390,0,38.956,10406,24287,2.200,1.300,0.670,6,0,115.869,0,0,11,34,0,40,0
30-06 10:07:55,27.817,25.561,45.609,0,0,1520636,753040,176120,5468020,9119.843,5458.073,0,28.067,0,7.017,7044,6616,2.200,1.300,0.670,3,0,762.827,0,0,11,32,0,42,0
30-06 10:07:56,61.100,29.428,8.479,0,0,1571080,702548,176120,5468068,5157.332,1616.031,0,35.912,0,8.978,5935,5030,2.200,1.300,0.670,4,0,759.135,0,0,11,32,0,42,0
30-06 10:07:57,71.967,7.746,20.241,0,0,1694508,579092,176120,5468096,21859.939,19292.121,0,0,0,0,5628,4531,2.200,1.300,0.670,6,0,0,0,0,11,36,0,42,0
30-06 10:07:58,67.446,13.289,19.055,0.501,0,1613612,659760,176152,5468292,22154.347,16693.486,0,1560.533,0,144.419,8364,10974,2.180,1.310,0.680,5,0,201.586,0,0,11,32,0,43,0
30-06 10:07:59,81.483,12.747,5.249,0,0,1627308,646040,176152,5468316,9110.078,6161.700,0,147.969,0,7.998,4782,2380,2.180,1.310,0.680,4,0,66.986,0,0,11,34,0,43,0
30-06 10:08:00,62.764,7.252,29.006,0,0,1667140,606012,176152,5468512,34172.655,29482.605,0,140.031,0,9.002,8007,10669,2.180,1.310,0.680,4,0,0,0,0,11,36,0,43,0
30-06 10:08:01,55.991,6.749,36.244,0,0,1650152,622744,176160,5468752,39704.814,33824.730,0,283.956,0,30.995,12990,19662,2.180,1.310,0.680,3,0,29.995,0,0,11,34,0,43,0
30-06 10:08:02,79.497,13.499,6.250,0,0,1575612,697204,176176,5468776,15645.370,10339.583,0,3899.843,0,138.994,6942,7287,2.180,1.310,0.680,4,0,94.996,0,0,11,32,0,42,0
30-06 10:08:03,76.697,8.244,15.489,0,0,1680656,592132,176180,5468800,20850.617,18267.399,0,147.898,0,8.994,5140,4198,2.250,1.340,0.690,1,0,0,0,0,11,36,0,42,0
30-06 10:08:04,52.125,6.235,38.906,0,0,1680420,592132,176184,5469040,40565.486,34375.366,0,119.712,0,7.981,11014,16961,2.250,1.340,0.690,4,0,0,0,0,11,36,0,42,0
30-06 10:08:05,69.803,10.758,19.015,0,0,1610688,661624,176184,5469276,34746.560,28304.636,0,104.080,0,7.005,8381,13934,2.250,1.340,0.690,5,0,142.109,0,0,11,32,0,46,0
30-06 10:08:06,79.263,14.752,6.501,0,0,1615996,656296,176188,5469288,11079.835,7443.233,0,116.019,0,8.001,4992,2795,2.250,1.340,0.690,3,0,118.020,0,0,11,34,0,44,0
30-06 10:08:07,66.753,7.250,25.501,0,0,1678764,593336,176188,5469480,31154.596,26392.352,0,116.006,0,9.000,8023,10364,2.250,1.340,0.690,3,0,0,0,0,11,36,0,44,0
30-06 10:08:08,65.898,10.524,22.050,0.251,0,1626352,645516,176196,5469700,28461.027,23090.946,0,420.947,0,35.079,9573,13444,2.220,1.350,0.700,4,0,98.221,0,0,11,32,0,46,0
30-06 10:08:09,84.253,12.000,3.750,0,0,1640700,631164,176196,5469704,7878.312,5012.199,0,140.006,0,10.000,4833,2011,2.220,1.350,0.700,2,0,30.001,0,0,11,34,0,46,0
30-06 10:08:10,64.497,7.250,27.249,0,0,1638264,633520,176216,5469760,27342.850,23079.030,0,215.991,0,28.999,6329,7721,2.220,1.350,0.700,5,0,52.998,0,0,11,34,0,48,0
30-06 10:08:11,70.944,12.240,16.487,0,0,1696828,574736,176220,5469968,29020.942,23628.227,0,151.879,0,9.992,7140,11391,2.220,1.350,0.700,5,0,66.947,0,0,11,33,0,43,0
30-06 10:08:12,69.797,13.509,16.511,0,0,1644964,626568,176220,5470000,20899.945,16753.178,0,140.093,0,10.007,6173,6194,2.220,1.350,0.700,5,0,142.095,0,0,11,34,0,44,0
30-06 10:08:13,71.439,11.740,16.486,0,0,1644796,626668,176220,5470064,22641.610,18677.005,0,123.894,0,9.991,6437,7027,2.370,1.390,0.720,6,0,85.926,0,0,11,34,0,46,0
30-06 10:08:14,76.850,11.478,11.478,0,0.250,1641612,629676,176224,5470232,15716.375,12333.966,0,131.743,0,6.986,5456,5603,2.370,1.390,0.720,5,0,67.868,0,0,11,34,0,48,0
30-06 10:08:15,69.921,9.273,20.300,0,0,1718900,552328,176228,5470284,25496.179,21212.733,0,2983.275,0,146.357,5979,7429,2.370,1.390,0.720,4,0,0,0,0,11,34,1,47,0
30-06 10:08:16,55.275,13.506,30.013,0.250,0,1479628,791560,176244,5470304,17077.655,12474.592,0,504.226,0,52.023,6064,6494,2.370,1.390,0.720,4,0,247.111,0,0,11,32,0,50,0
30-06 10:08:17,62.251,9.250,28.250,0,0,1577916,693252,176248,5470320,10300.172,6207.104,0,140.002,0,10.000,3788,2085,2.370,1.390,0.720,4,0,17.000,0,0,11,33,0,50,0
30-06 10:08:18,49.718,6.246,42.723,0.250,0,1568940,701868,176252,5470672,28798.560,23926.680,0,279.821,0,17.988,6011,8757,2.260,1.380,0.720,1,0,38.975,0,0,11,34,0,51,0
30-06 10:08:19,60.295,12.760,26.770,0,0,1564148,706628,176256,5470696,12232.205,5968.491,0,208.157,0,10.008,5097,3941,2.260,1.380,0.720,3,0,143.108,0,0,11,32,0,52,0
30-06 10:08:20,51.976,6.247,41.231,0,0,1622368,648216,176264,5470880,21743.907,17228.003,0,199.907,0,13.994,4501,3946,2.260,1.380,0.720,3,0,0,0,0,11,35,0,52,0
30-06 10:08:21,41.495,6.499,50.743,0.500,0,1594844,675648,176292,5470940,22304.078,17412.719,0,1135.851,0,84.989,7318,10159,2.260,1.380,0.720,3,0,85.989,0,0,11,32,0,55,0
30-06 10:08:22,39.769,10.755,49.023,0,0,1538748,731744,176292,5470940,4534.121,1554.727,0,4.002,0,1.000,3447,2199,2.260,1.380,0.720,2,0,136.064,0,0,11,32,0,55,0
30-06 10:08:23,35.158,4.239,59.344,0,0,1562716,707764,176292,5470952,15184.165,12255.847,0,19.948,0,0.997,3227,2661,2.240,1.390,0.730,2,0,0,0,0,11,34,0,50,0
30-06 10:08:24,37.421,10.228,51.142,0,0,1442072,828188,176300,5471156,12490.553,8225.584,0,467.011,0,32.930,5789,6242,2.240,1.390,0.730,6,0,137.708,0,0,11,32,0,52,0
30-06 10:08:25,39.378,4.766,55.180,0,0,1548780,721420,176312,5471204,11467.384,8380.320,0,152.497,0,13.043,3029,2105,2.240,1.390,0.730,3,0,0,0,0,11,34,0,52,0
30-06 10:08:26,32.435,6.237,59.880,0,0,1519932,750224,176328,5471232,16153.518,11496.881,0,291.414,0,33.932,4290,5355,2.240,1.390,0.730,3,0,59.880,0,0,11,33,0,53,0
30-06 10:08:27,42.354,6.015,51.126,0.251,0,1502940,767192,176348,5471236,6843.819,3673.027,0,2061.065,0,128.315,3065,2144,2.240,1.390,0.730,2,0,5.012,0,0,11,33,0,51,0
30-06 10:08:28,37.413,4.240,57.367,0,0,1531104,738996,176348,5471264,20418.617,15910.079,0,319.259,0,39.907,5043,5678,2.220,1.410,0.740,3,0,0,0,0,11,33,0,52,0
30-06 10:08:29,37.127,7.526,54.436,0,0,1489996,780064,176348,5471300,11500.355,7303.995,0,168.577,0,16.055,4487,4627,2.220,1.410,0.740,2,0,48.165,0,0,11,32,0,53,0
30-06 10:08:30,39.486,4.748,55.230,0,0,1522252,747676,176348,5471432,12117.660,9087.745,0,143.948,0,8.997,2724,1723,2.220,1.410,0.740,2,0,0,0,0,11,34,0,53,0
30-06 10:08:31,31.010,5.752,61.769,0.250,0,1491120,778764,176352,5471472,20944.606,16449.188,0,288.091,0,29.009,6701,8683,2.220,1.410,0.740,4,0,71.022,0,0,11,32,0,52,0
30-06 10:08:32,24.945,10.976,63.110,0.249,0,1448772,821036,176356,5471540,4849.270,1616.423,0,247.452,0,18.958,3660,2989,2.220,1.410,0.740,2,0,211.532,0,0,11,32,0,52,0
30-06 10:08:33,18.727,2.497,77.904,0,0,1466372,803428,176356,5471548,12254.838,8412.592,0,1210.502,0,8.989,2527,2493,2.120,1.400,0.740,3,0,0,0,0,11,33,0,52,0
30-06 10:08:34,13.798,9.282,75.010,0,0,1428236,841536,176364,5471568,9490.948,5448.916,0,742.578,0,55.192,4697,4703,2.120,1.400,0.740,1,0,208.725,0,0,11,32,0,53,0
30-06 10:08:35,18.939,7.476,72.517,0,0,1477252,792516,176364,5471572,4137.688,1130.363,0,7.974,0,1.994,2512,1760,2.120,1.400,0.740,2,0,75.756,0,0,11,32,0,53,0
30-06 10:08:36,17.504,2.250,79.266,0,0,1489700,780056,176364,5471584,11112.273,7174.468,0,156.032,0,28.006,2295,2184,2.120,1.400,0.740,1,0,0,0,0,11,33,0,53,0
30-06 10:08:37,18.995,4.999,74.982,0,0,1451264,818460,176376,5471604,10828.329,6681.352,0,279.931,0,12.997,3403,3461,2.120,1.400,0.740,2,0,45.989,0,0,11,32,0,54,0
30-06 10:08:38,19.754,2.500,76.764,0,0,1501480,768232,176384,5471608,6748.242,3723.685,0,92.017,0,7.001,1734,1273,2.030,1.390,0.740,1,0,0,0,0,11,33,0,54,0
30-06 10:08:39,19.287,2.755,77.400,0.501,0,1488676,780860,176396,5471772,15798.693,10826.033,0,240.467,0,22.043,4285,5569,2.030,1.390,0.740,0,0,0,0,0,11,33,0,54,0
30-06 10:08:40,14.511,12.010,71.557,0,0,1442276,827120,176412,5471892,10229.094,4189.315,0,196.155,0,21.017,5047,4621,2.030,1.390,0.740,2,0,282.223,0,0,11,32,0,54,0
30-06 10:08:41,26.009,17.256,55.270,0,0,1468852,800428,176432,5471988,6242.263,1662.603,0,380.138,0,25.009,5130,4034,2.030,1.390,0.740,6,0,344.125,0,0,11,32,0,56,0
30-06 10:08:42,45.236,5.748,47.985,0.750,0,1562592,704940,176532,5473388,5084.396,1565.506,0,2247.291,0,70.978,3284,2098,2.030,1.390,0.740,2,0,5.998,0,0,11,36,0,56,0
30-06 10:08:43,34.012,6.752,43.015,13.505,0,1553148,707696,177540,5478680,4173.418,1512.514,0,25388.624,0,2555.868,13254,23539,2.190,1.430,0.760,5,0,115.039,0,0,11,36,0,51,0
30-06 10:08:44,35.240,9.497,41.239,11.997,0,1607968,650464,178344,5480176,4964.650,1565.574,0,44987.765,0,4153.870,16704,31759,2.190,1.430,0.760,3,0,52.986,0,0,11,36,0,51,0
30-06 10:08:45,44.932,6.989,46.180,1.248,0,1503772,754548,178436,5480196,4482.228,1509.719,0,13363.808,0,741.879,4143,4782,2.190,1.430,0.760,3,0,5.991,0,0,11,32,0,51,0
30-06 10:08:46,39.381,6.730,44.865,6.480,0,1524272,733632,178604,5480432,4735.750,1615.140,0,10803.492,0,1469.578,9781,15519,2.190,1.430,0.760,6,0,0.997,0,0,11,34,0,51,0
30-06 10:08:47,36.839,10.275,45.359,6.014,0,1445232,812128,178864,5480708,4813.589,1623.910,0,14198.182,0,1641.953,9571,15511,2.190,1.430,0.760,3,0,101.244,0,0,11,32,0,49,0
30-06 10:08:48,22.729,3.996,70.934,1.249,0,1459236,798080,178908,5480708,5095.253,1618.492,0,11908.905,0,604.437,3033,4334,2.090,1.430,0.760,5,0,0,0,0,11,32,0,49,0
30-06 10:08:49,21.773,4.254,73.327,0,0,1489468,767840,178916,5480708,4805.017,1621.693,0,244.255,0,19.020,1895,1428,2.090,1.430,0.760,5,0,2.002,0,0,11,32,0,49,0
30-06 10:08:50,22.227,3.996,73.176,0.250,0,1490560,766700,178932,5480740,4558.370,1564.411,0,1854.117,0,101.896,2012,1698,2.090,1.430,0.760,6,0,0.999,0,0,11,32,0,49,0
30-06 10:08:51,23.011,2.751,73.535,0,0,1532896,724364,178932,5480740,4520.155,1458.695,0,0,0,0,1717,1094,2.090,1.430,0.760,3,0,2.001,0,0,11,32,0,46,0
30-06 10:08:52,22.507,3.501,73.023,0,0,1482168,775080,178932,5480752,4435.410,1134.360,0,4.001,0,1.000,1792,1228,2.090,1.430,0.760,4,0,2.001,0,0,11,32,0,46,0
30-06 10:08:53,22.235,3.248,73.452,0,0,1512860,744388,178936,5480748,5142.633,1564.975,0,0,0,0,1735,1156,2.010,1.420,0.760,6,0,1.999,0,0,11,32,0,46,0
30-06 10:08:54,27.786,5.507,65.584,0,0,1459280,797856,178940,5480828,4780.137,1513.944,0,96.123,0,1.001,2539,14343,2.010,1.420,0.760,6,0,37.048,0,0,11,32,0,47,0
30-06 10:08:55,22.494,3.749,73.481,0,0,1531796,725340,178940,5480828,5341.645,1565.603,0,191.951,0,1.999,1799,1194,2.010,1.420,0.760,6,0,1.999,0,0,11,32,0,47,0
30-06 10:08:56,23.217,2.496,73.647,0.250,0,1487456,769580,178940,5480924,5378.460,1563.808,0,83.882,0,5.992,1782,1210,2.010,1.420,0.760,4,0,0.999,0,0,11,32,0,41,0
30-06 10:08:57,21.782,3.756,73.109,0,0,1468528,788464,178956,5480948,5273.851,1568.335,0,352.525,0,22.033,1855,1447,2.010,1.420,0.760,1,0,1.001,0,0,11,32,0,41,0
30-06 10:08:58,21.726,3.996,73.168,0,0,1498076,758916,178956,5480948,5605.704,1510.304,0,3.996,0,0.999,1795,1251,1.920,1.410,0.760,2,0,0,0,0,11,32,0,41,0
30-06 10:08:59,22.937,2.992,73.299,0,0,1520500,736472,178956,5480968,5550.806,1561.725,0,1854.923,0,215.410,1804,1098,1.920,1.410,0.760,2,0,1.995,0,0,11,32,0,41,0
30-06 10:09:00,22.049,4.009,73.414,0,0,1483640,773288,178964,5480972,6253.008,1557.489,0,0,0,0,1832,1354,1.920,1.410,0.760,2,0,1.002,0,0,11,32,0,37,0
30-06 10:09:01,21.489,3.498,73.211,0,0,1478564,778328,178964,5481008,4777.466,1079.427,0,0,0,0,1728,1176,1.920,1.410,0.760,2,0,0.999,0,0,11,32,0,37,0
30-06 10:09:02,22.513,3.502,73.542,0,0,1510760,746128,178964,5481012,5569.162,1566.890,0,116.066,0,2.001,1834,1204,1.920,1.410,0.760,2,0,3.002,0,0,11,32,0,37,0
30-06 10:09:03,16.795,9.275,72.443,0,0,1462076,794656,178972,5481156,5626.976,1516.035,0,0,0,0,3230,2072,1.850,1.410,0.760,2,0,127.339,0,0,11,32,0,37,0
30-06 10:09:04,8.000,22.251,67.503,0,0,1443832,812880,178972,5481176,5820.301,1620.084,0,624.032,0,9.000,5342,3707,1.850,1.410,0.760,3,0,330.017,0,0,11,32,0,37,0
30-06 10:09:05,8.750,21.250,69.001,0,0,1428872,827780,178976,5481212,5897.128,1620.035,0,452.010,0,8.000,5111,3456,1.850,1.410,0.760,1,0,277.006,0,0,11,32,0,37,0
30-06 10:09:06,7.993,21.981,68.441,0.500,0,1411728,844900,178976,5481240,5395.315,1618.595,0,467.594,0,12.989,5988,4543,1.850,1.410,0.760,3,0,400.652,0,0,11,32,0,37,0
30-06 10:09:07,13.731,13.731,71.649,0,0,1434008,822612,178980,5481240,5452.330,1617.724,0,359.494,0,22.968,4075,3168,1.850,1.410,0.760,2,0,233.671,0,0,11,32,0,37,0
30-06 10:09:08,21.503,4.251,73.759,0,0,1476644,779976,178980,5481240,5220.664,1620.206,0,0,0,0,1843,1361,1.780,1.400,0.760,2,0,2.000,0,0,11,32,0,32,0
30-06 10:09:09,22.980,3.497,73.438,0,0,1460756,795848,178980,5481256,4735.972,1618.623,0,191.837,0,3.997,1765,1270,1.780,1.400,0.760,2,0,0.999,0,0,11,32,0,32,0
30-06 10:09:10,21.290,4.008,73.389,0,0,1506048,750576,178980,5481236,5112.664,1568.966,0,4.008,0,1.002,1764,1150,1.780,1.400,0.760,2,0,2.004,0,0,11,32,0,32,0
30-06 10:09:11,22.223,3.246,73.661,0,0,1482832,773772,178980,5481256,4706.303,1510.172,0,19.976,0,0.999,1732,1174,1.780,1.400,0.760,3,0,0.999,0,0,11,32,0,32,0
30-06 10:09:12,22.255,4.251,73.267,0,0,1497084,759532,178980,5481244,5401.277,1620.383,0,68.016,0,2.000,1840,1284,1.780,1.400,0.760,2,0,3.001,0,0,11,32,0,27,0
30-06 10:09:13,23.261,2.501,73.786,0,0,1473636,782968,178980,5481256,5180.495,1458.703,0,12.006,0,1.000,1688,1093,1.720,1.390,0.770,2,0,1.000,0,0,11,32,0,27,0
30-06 10:09:14,22.471,3.745,73.155,0,0,1498280,758348,178980,5481232,5452.888,1617.890,0,3.995,0,0.999,1761,1218,1.720,1.390,0.770,3,0,1.997,0,0,11,32,0,27,0
30-06 10:09:15,21.755,4.001,73.268,0,0,1514792,741836,178980,5481232,4656.116,1458.350,0,2132.511,0,12.003,1684,1016,1.720,1.390,0.770,3,0,0,0,0,11,32,0,27,0
30-06 10:09:16,22.823,3.762,72.732,0,0,1458508,798096,178984,5481252,5597.872,1625.189,0,216.692,0,13.042,1973,1635,1.720,1.390,0.770,3,0,4.013,0,0,11,32,0,21,0
30-06 10:09:17,22.924,3.239,73.258,0.249,0,1509136,747436,178996,5481252,5880.577,1453.200,0,1020.629,0,138.542,1968,1280,1.720,1.390,0.770,2,0,4.984,0,0,11,32,0,21,0
30-06 10:09:18,22.776,3.003,73.833,0,0,1459896,796692,178996,5481236,6106.857,1621.821,0,0,0,0,1828,1245,1.660,1.390,0.770,3,0,1.001,0,0,11,32,0,21,0
30-06 10:09:19,21.730,3.747,73.432,0,0,1489628,766960,178996,5481236,6414.067,1618.503,0,0,0,0,1776,1159,1.660,1.390,0.770,2,0,1.998,0,0,11,32,0,21,0
30-06 10:09:20,23.276,2.503,73.583,0,0,1464736,791908,178996,5481180,5741.464,1459.643,0,32.036,0,2.002,1719,1111,1.660,1.390,0.770,5,0,1.001,0,0,11,32,0,16,0
30-06 10:09:21,22.484,3.498,73.198,0,0,1526476,730168,178996,5481180,5036.419,1618.849,0,0,0,0,1759,1215,1.660,1.390,0.770,2,0,1.999,0,0,11,32,0,16,0
30-06 10:09:22,23.276,2.753,74.083,0,0,1482128,774424,178996,5481272,4763.362,1501.690,0,140.158,0,4.005,1690,1055,1.660,1.390,0.770,3,0,2.002,0,0,11,32,0,16,0
30-06 10:09:23,22.732,3.497,73.690,0,0,1471740,784824,178996,5481260,4616.245,1618.683,0,11.990,0,0.999,1765,1297,1.610,1.380,0.770,2,0,0,0,0,11,32,0,16,0
30-06 10:09:24,21.499,3.250,72.998,0,0,1481756,774816,178996,5481252,4559.856,1619.949,0,0,0,0,1790,1299,1.610,1.380,0.770,1,0,1.000,0,0,11,32,0,11,0
30-06 10:09:25,22.769,3.753,73.312,0,0,1513288,743232,178996,5481304,4821.089,1663.411,0,112.095,0,3.003,1762,1149,1.610,1.380,0.770,2,0,2.002,0,0,11,32,0,11,0
30-06 10:09:26,22.231,3.747,73.188,0,0,1499732,756800,179000,5481288,4556.164,1618.637,0,147.876,0,11.990,1987,1635,1.610,1.380,0.770,2,0,0.999,0,0,11,32,0,11,0
30-06 10:09:27,22.764,3.752,73.297,0.250,0,1473436,783068,179004,5481312,5043.200,1621.029,0,496.315,0,33.021,1819,1317,1.610,1.380,0.770,2,0,1.001,0,0,11,32,0,11,0
30-06 10:09:28,22.234,3.497,73.946,0,0,1515352,741160,179004,5481304,5174.251,1456.944,0,7.994,0,1.999,1744,1124,1.560,1.370,0.770,2,0,1.999,0,0,11,32,0,9,0
30-06 10:09:29,15.283,13.028,70.153,0,0.251,1467212,789252,179004,5481352,4930.740,1623.536,0,204.445,0,9.020,4373,3332,1.560,1.370,0.770,1,0,314.685,0,0,11,32,0,9,0
30-06 10:09:30,17.216,9.731,72.107,0,0,1465520,790904,179004,5481376,4945.179,1455.110,0,59.881,0,2.994,3132,2393,1.560,1.370,0.770,2,0,145.711,0,0,11,32,0,9,0
30-06 10:09:31,23.253,2.250,73.758,0,0,1505612,750632,179004,5481556,4800.531,1620.179,0,40.004,0,2.000,1665,1012,1.560,1.370,0.770,2,0,0,0,0,11,32,0,9,0
30-06 10:09:32,22.270,3.753,73.316,0,0,1479892,776280,179004,5481620,4313.908,1351.224,0,156.141,0,2.002,1956,1392,1.560,1.370,0.770,1,0,10.009,0,0,11,32,0,5,0
30-06 10:09:33,23.724,1.998,73.669,0,0,1479492,776680,179004,5481620,3903.718,1186.698,0,0,0,0,1627,981,1.510,1.370,0.770,3,0,0,0,0,11,32,0,5,0
30-06 10:09:34,10.277,21.557,67.176,0,0,1455372,800648,179004,5481768,4632.165,1666.376,40.105,116.305,2.005,5.013,6022,4561,1.510,1.370,0.770,2,0,471.238,0,0,11,32,0,5,0
30-06 10:09:35,7.747,21.990,68.970,0,0,1434748,821236,179004,5481800,4533.028,1499.348,0,523.772,0,57.975,6109,4727,1.510,1.370,0.770,1,0,459.800,0,0,11,32,0,5,0
30-06 10:09:36,8.003,22.758,67.775,0,0,1429352,826584,179012,5481832,5221.925,1620.597,0,536.198,0,14.005,6529,5405,1.510,1.370,0.770,1,0,529.195,0,0,11,32,0,5,0
30-06 10:09:37,8.500,22.251,68.002,0.250,0,1420292,835612,179016,5481860,5308.169,1512.048,0,1532.049,0,36.001,6231,4937,1.510,1.370,0.770,2,0,521.017,0,0,11,32,0,4,0
30-06 10:09:38,8.748,21.746,68.488,0,0,1388440,867444,179016,5481880,5445.015,1565.717,0,1143.793,0,12.998,6062,4558,1.470,1.360,0.770,1,0,469.915,0,0,11,32,0,4,0
30-06 10:09:39,8.244,20.235,69.198,0,0,1396160,859684,179016,5481916,6209.337,1712.714,0,435.673,0,6.995,5834,4353,1.470,1.360,0.770,2,0,406.695,0,0,11,32,0,4,0
30-06 10:09:40,8.253,20.757,69.774,0,0,1392996,862812,179016,5481952,6481.188,1512.511,0,596.201,0,14.005,6510,5313,1.470,1.360,0.770,1,0,563.190,0,0,11,32,0,4,0
30-06 10:09:41,8.757,22.017,68.051,0,0,1378808,876952,179016,5481980,5344.029,1621.222,0,56.042,0,14.011,6256,4919,1.470,1.360,0.770,1,0,522.394,0,0,11,32,0,3,0
30-06 10:09:42,11.240,21.981,65.444,0,0,1356980,898708,179048,5482016,4735.966,1618.621,0,271.768,0,10.991,6348,5320,1.470,1.360,0.770,3,0,544.536,0,0,11,34,0,4,0
30-06 10:09:43,43.292,26.276,29.028,0,0,1483220,772384,179072,5482040,4744.617,1621.578,0,948.923,0,64.062,6508,5795,1.520,1.370,0.780,3,0,597.581,0,0,11,32,0,9,0
30-06 10:09:44,63.498,12.000,24.249,0.250,0,1644984,608960,179112,5483520,4615.855,1565.951,0,1319.959,0,51.998,4041,2141,1.520,1.370,0.780,5,0,3.000,0,0,11,34,0,9,0
30-06 10:09:45,45.431,9.985,29.206,12.980,0,1605824,635704,180000,5493972,4989.409,1617.539,371.435,52548.055,2.995,3878.100,17061,32465,1.520,1.370,0.780,3,1,167.745,0,0,11,36,0,8,0
30-06 10:09:46,38.802,11.015,32.544,14.520,0,1670124,559920,180732,5504272,5166.944,1622.180,0,86239.897,0,5977.032,20835,41938,1.520,1.370,0.780,2,1,92.124,0,0,11,36,0,8,0
30-06 10:09:47,38.234,8.247,35.985,15.244,0,1687732,534748,180908,5511440,12868.752,9639.069,0,73366.083,0,5689.680,19947,39691,1.520,1.370,0.780,5,1,44.982,0,0,11,37,0,8,0
30-06 10:09:48,38.015,18.507,28.261,12.505,0,1613340,601656,181332,5518208,6547.595,2161.857,296.117,54133.452,4.002,3926.556,16989,29735,1.630,1.400,0.790,3,0,344.136,0,0,11,34,0,9,0
30-06 10:09:49,43.151,19.206,26.439,8.481,0,1630256,578036,181664,5524296,6734.589,3692.550,933.863,47628.013,15.963,3449.107,17315,32760,1.630,1.400,0.790,4,1,195.553,0,0,11,35,0,9,0
30-06 10:09:50,33.976,10.743,39.473,12.991,0,1622916,580008,181892,5529212,15687.138,11816.818,667.538,53458.984,11.992,3920.285,18237,34275,1.630,1.400,0.790,3,0,156.891,0,0,11,35,0,9,0
30-06 10:09:51,30.578,7.519,45.616,13.534,0,1582612,616240,182044,5532996,11772.921,8217.886,0,49862.727,0,4095.409,18207,34332,1.630,1.400,0.790,1,1,87.222,0,0,11,34,0,9,0
30-06 10:09:52,33.889,8.472,41.863,13.456,0,1633180,565824,182220,5532620,4783.388,1778.197,0,49215.376,0,4154.441,15378,31306,1.630,1.400,0.790,4,0,24.919,0,0,11,34,1,9,0
30-06 10:09:53,30.304,6.512,47.335,13.274,0,1617124,579580,182448,5534648,15812.309,12241.917,0,50406.243,0,4234.581,17190,32492,1.740,1.420,0.800,5,0,36.065,0,0,11,35,0,9,0
30-06 10:09:54,35.491,8.498,42.239,12.497,0,1601664,594056,182640,5535408,14391.412,10856.293,0,46780.336,0,3870.035,18421,42996,1.740,1.420,0.800,6,0,65.984,0,0,11,34,0,11,0
30-06 10:09:55,37.977,11.493,38.727,9.744,0,1532580,661580,182708,5536844,4560.294,1565.071,0,38061.413,0,3166.121,12925,24915,1.740,1.420,0.800,3,1,106.937,0,0,11,36,0,11,0
30-06 10:09:56,32.766,6.503,44.521,13.506,0,1558852,632388,182776,5539624,10645.068,7226.440,0,58960.069,0,4744.259,17310,35565,1.740,1.420,0.800,3,0,57.027,0,0,11,37,0,11,0
30-06 10:09:57,27.810,6.263,50.609,13.028,0,1555640,632164,182880,5542868,17515.736,13160.353,0,52028.091,0,4314.295,19676,36966,1.740,1.420,0.800,3,1,51.110,0,0,11,37,0,10,0
30-06 10:09:58,32.470,8.992,42.710,13.737,0,1553128,631812,183008,5545532,7479.069,3708.563,0,44179.059,0,3847.435,16183,31307,1.840,1.450,0.820,3,0,104.903,0,0,11,36,0,10,0
30-06 10:09:59,32.772,8.005,45.030,11.758,0,1593372,588060,183088,5548844,10197.757,6656.411,0,52694.917,0,4352.884,16589,33067,1.840,1.450,0.820,1,1,72.048,0,0,11,37,0,10,0
30-06 10:10:00,33.497,7.499,45.996,11.749,0,1593320,589616,183120,5547280,14870.624,10116.064,0,57790.652,0,4572.577,19455,38191,1.840,1.450,0.820,2,1,23.998,0,0,11,37,0,10,0
30-06 10:10:01,30.996,8.999,46.245,9.999,0,1572784,611416,183160,5545980,12482.554,8137.058,0,41455.199,0,3597.583,16377,31037,1.840,1.450,0.820,6,0,71.992,0,0,11,36,0,11,0
30-06 10:10:02,40.273,8.505,43.275,6.003,0,1496212,687364,183200,5546564,5463.152,1620.935,0,28432.403,0,2272.311,10177,17635,1.840,1.450,0.820,2,0,39.023,0,0,11,32,0,12,0
30-06 10:10:03,19.456,11.474,67.348,0.499,0,1502464,681052,183204,5546620,13938.594,9619.326,0,1652.277,0,99.775,4856,4878,1.780,1.440,0.820,2,0,200.548,0,0,11,33,0,12,0
30-06 10:10:04,20.298,5.012,72.674,0.251,0,1506672,676592,183204,5546872,6628.838,2328.564,0,2101.020,0,211.505,2348,1774,1.780,1.440,0.820,1,0,34.081,0,0,11,32,0,13,0
30-06 10:10:05,18.200,2.992,77.037,0.249,0,1523928,659332,183204,5546876,10556.780,6472.086,0,941.394,0,56.843,2023,1796,1.780,1.440,0.820,1,0,0,0,0,11,33,0,13,0
30-06 10:10:06,16.498,6.999,75.739,0.250,0,1497196,686056,183204,5546884,7418.947,3297.532,0,1191.831,0,67.990,3004,2671,1.780,1.440,0.820,4,0,59.991,0,0,11,32,0,14,0
30-06 10:10:07,21.740,3.248,73.965,0.250,0,1510808,672444,183204,5546884,6121.139,2970.611,0,743.652,0,47.978,1805,1292,1.780,1.440,0.820,0,0,0,0,0,11,33,0,14,0
30-06 10:10:08,18.302,2.507,77.721,0.251,0,1500500,682640,183204,5546996,16521.065,10741.600,0,2499.119,0,140.400,3741,4569,1.710,1.430,0.820,1,0,0,0,0,11,32,0,15,0
30-06 10:10:09,20.723,5.743,72.907,0,0,1499904,683236,183204,5546996,5964.353,1510.064,0,0,0,0,2246,1489,1.710,1.430,0.820,2,0,42.945,0,0,11,32,0,15,0
30-06 10:10:10,18.726,2.247,77.651,0.250,0,1518264,664744,183204,5547128,11775.922,7323.622,0,211.729,0,24.968,2171,1974,1.710,1.430,0.820,2,0,0,0,0,11,33,0,15,0
30-06 10:10:11,16.028,5.510,77.134,0,0,1473316,709664,183204,5547156,10425.163,6754.769,0,528.922,0,56.098,3800,4145,1.710,1.430,0.820,2,0,52.091,0,0,11,32,0,16,0
30-06 10:10:12,7.994,22.982,66.947,0,0,1459096,723728,183204,5547312,4648.293,1510.795,0,163.869,0,8.993,5448,3663,1.710,1.430,0.820,1,0,345.724,0,0,11,32,0,16,0
30-06 10:10:13,29.007,23.506,46.511,0.500,0,1456892,725708,183224,5547516,5461.342,1620.398,0,1032.254,0,78.019,5993,4900,1.660,1.430,0.820,3,0,400.098,0,0,11,32,0,22,0
30-06 10:10:14,64.509,10.461,24.160,0,0,1608516,572876,183264,5548664,4680.548,1452.584,0,0,0,0,3683,1524,1.660,1.430,0.820,3,0,2.989,0,0,11,32,0,22,0
30-06 10:10:15,66.029,9.791,24.353,0,0,1782352,396228,183364,5550944,5622.797,1626.885,0,2751.645,0,81.344,3973,1717,1.660,1.430,0.820,3,0,0,0,0,11,32,0,22,0
30-06 10:10:16,46.017,8.003,36.013,7.503,0,1799900,368036,183532,5560824,6244.264,1620.587,0,46937.014,0,2874.042,13739,23568,1.660,1.430,0.820,6,1,123.045,0,0,11,38,0,22,0
30-06 10:10:17,25.502,8.001,46.503,15.501,0,1798676,357240,183624,5572348,6060.397,1620.106,0,72600.751,0,5580.365,22817,44547,1.660,1.430,0.820,2,2,261.017,0,0,11,38,0,22,0
30-06 10:10:18,27.762,10.505,45.270,13.506,0,1798976,348168,183676,5580784,6943.107,1620.725,0,107740.210,0,7843.510,27355,54948,1.600,1.420,0.820,3,2,156.070,0,0,11,38,0,22,0
30-06 10:10:19,38.522,12.757,32.519,13.758,0,1721528,415200,183760,5590736,6063.484,1620.931,0,82615.472,0,5932.409,21662,42685,1.600,1.420,0.820,2,0,231.133,0,0,11,36,0,22,0
30-06 10:10:20,45.109,10.467,29.657,12.461,0,1750640,376140,183796,5600284,5910.559,1507.297,0,73522.604,0,5379.216,20093,37734,1.600,1.420,0.820,3,2,60.810,0,0,11,36,0,22,0
30-06 10:10:21,41.854,9.524,31.579,14.286,0,1792952,322816,183824,5610916,4978.406,1569.912,188.470,98685.918,2.005,7009.467,23859,46463,1.600,1.420,0.820,2,1,56.140,0,0,11,38,0,22,0
30-06 10:10:22,38.769,9.755,37.768,11.756,0,1728288,383960,183836,5614328,5282.540,1662.800,0,81623.249,0,6166.965,20767,41560,1.600,1.420,0.820,2,0,169.081,0,0,11,36,0,22,0
30-06 10:10:23,25.447,13.971,58.379,0,0,1483168,629048,183836,5614356,4540.586,1347.207,0,950.030,0,49.897,4161,2959,1.800,1.460,0.840,2,0,248.485,0,0,11,32,0,22,0
30-06 10:10:24,21.696,3.990,73.317,0.249,0,1503132,609080,183836,5614360,3529.174,646.383,0,1651.869,0,88.778,2054,1815,1.800,1.460,0.840,2,0,0.998,0,0,11,32,0,22,0
30-06 10:10:25,24.041,3.256,70.872,1.002,0,1529628,582544,183836,5614400,4837.310,1610.767,0,5773.918,0,335.576,2688,2908,1.800,1.460,0.840,3,0,2.003,0,0,11,36,0,22,0
30-06 10:10:26,22.523,3.253,73.074,0.250,0,1415456,696712,183836,5614404,4922.966,1513.527,0,144.145,0,12.012,2446,1857,1.800,1.460,0.840,3,0,27.027,0,0,11,32,0,22,0
30-06 10:10:27,21.747,3.750,73.240,0,0,1449800,662364,183836,5614408,5171.315,1565.793,0,35.995,0,3.999,1841,1286,1.800,1.460,0.840,2,0,1.000,0,0,11,32,0,22,0
30-06 10:10:28,22.751,3.500,73.255,0,0,1503904,608260,183836,5614408,4652.300,1512.097,0,4.000,0,1.000,1876,1348,1.730,1.460,0.840,3,0,2.000,0,0,11,34,0,22,0
30-06 10:10:29,17.523,15.019,65.585,0.250,0,1451020,661132,183836,5614420,4926.393,1622.105,0,544.707,0,48.062,4128,3309,1.730,1.460,0.840,3,0,278.361,0,0,11,32,0,22,0
30-06 10:10:30,12.760,40.033,46.038,0,0,1439128,672960,183836,5614480,4112.383,972.800,0,684.563,0,119.098,7612,6759,1.730,1.460,0.840,5,0,953.785,0,0,11,32,0,22,0
30-06 10:10:31,6.995,22.732,67.947,0.250,0,1439828,672248,183836,5614492,3123.569,485.622,0,235.816,0,17.986,5155,3342,1.730,1.460,0.840,1,0,333.740,0,0,11,32,0,22,0
30-06 10:10:32,8.255,21.263,68.540,0,0,1423896,688116,183836,5614556,4802.829,1620.955,0,12.007,0,3.002,5172,3448,1.730,1.460,0.840,1,0,304.179,0,0,11,32,0,22,0
30-06 10:10:33,7.736,20.713,69.128,0,0,1404260,707720,183836,5614588,4597.857,1563.231,0,11.979,0,2.995,5066,3466,1.670,1.450,0.840,3,0,272.517,0,0,11,32,0,22,0
30-06 10:10:34,8.763,21.533,68.105,0,0.250,1401508,710456,183836,5614604,4358.704,1514.329,0,32.049,0,8.012,5148,3442,1.670,1.450,0.840,2,0,261.402,0,0,11,32,0,22,0
30-06 10:10:35,16.971,16.971,64.638,0,0,1395936,716000,183836,5615048,4928.438,1617.191,0,7.986,0,1.997,6058,7408,1.670,1.450,0.840,2,0,203.646,0,0,11,32,0,22,0
30-06 10:10:36,42.083,13.026,44.337,0,0,1480576,631236,183840,5615188,5230.283,1623.191,0,376.741,0,4.008,4083,2986,1.670,1.450,0.840,5,0,131.258,0,0,11,33,0,22,0
30-06 10:10:37,48.666,4.742,45.921,0,0.250,1573532,538248,183840,5615220,5330.810,1617.212,0,0,0,0,3017,1886,1.670,1.450,0.840,4,0,6.988,0,0,11,41,0,22,0
30-06 10:10:38,46.001,5.250,47.251,0,0,1644144,465992,183908,5616576,4800.115,1620.039,0,1180.028,0,85.002,3731,2891,1.700,1.460,0.850,4,0,12.000,0,0,11,49,0,22,0
30-06 10:10:39,18.458,17.211,62.608,0,0,1657328,449912,183912,5619280,6060.271,1710.126,0,514.834,0,23.946,7729,10206,1.700,1.460,0.850,3,0,248.437,0,0,11,48,0,22,0
30-06 10:10:40,19.014,15.762,64.049,0,0,1656084,451088,183912,5619292,6940.286,1459.111,0,248.189,0,16.012,6203,7989,1.700,1.460,0.850,2,0,216.165,0,0,11,48,0,22,0
30-06 10:10:41,1.251,1.501,96.078,0.250,0,1657044,450132,183912,5619296,7325.959,1621.319,0,4095.331,0,309.252,1139,1266,1.700,1.460,0.850,1,0,26.021,0,0,11,48,0,22,0
30-06 10:10:42,0.999,0.749,97.433,0,0,1657040,450132,183912,5619300,7195.056,1618.888,0,863.407,0,75.948,874,1035,1.700,1.460,0.850,1,0,3.997,0,0,11,48,0,22,0
30-06 10:10:43,0.250,0.750,97.757,0,0,1657040,450132,183912,5619300,4818.351,1458.106,0,0,0,0,719,959,1.560,1.430,0.840,1,0,3.000,0,0,11,48,0,22,0
30-06 10:10:44,0.500,0,98.759,0,0,1657040,450132,183912,5619300,4810.421,1620.142,0,0,0,0,604,916,1.560,1.430,0.840,2,0,1.000,0,0,11,48,0,22,0
30-06 10:10:45,9.999,12.999,75.744,0,0,1656848,450200,183912,5619776,4844.637,1457.891,0,111.992,0,5.000,4473,5043,1.560,1.430,0.840,2,0,197.985,0,0,11,48,0,22,0
30-06 10:10:46,15.796,13.539,69.200,0,0,1644652,462376,183912,5619428,5535.990,1624.693,0,4.012,0,1.003,4669,5758,1.560,1.430,0.840,2,0,200.579,0,0,11,48,0,15,0
30-06 10:10:47,13.753,22.254,62.012,0,0.250,1714760,392184,183912,5619480,4860.979,1768.356,0,2844.573,0,29.006,5627,4638,1.560,1.430,0.840,4,0,340.068,0,0,12,52,0,15,0
30-06 10:10:48,25.910,15.696,56.803,0.249,0,1702460,404444,183912,5619500,5040.534,1452.965,0,179.378,0,20.927,5765,8162,1.520,1.430,0.840,0,0,191.337,0,0,12,64,0,15,0
30-06 10:10:49,5.749,7.749,85.490,0.250,0,1698092,408848,183912,5619504,5229.382,1619.809,0,1515.821,0,45.995,2744,2928,1.520,1.430,0.840,2,0,145.983,0,0,12,64,0,15,0
30-06 10:10:50,15.029,19.537,63.621,0,0,1681808,425108,183912,5619872,5084.643,1460.770,0,32.061,0,7.013,6340,7381,1.520,1.430,0.840,3,0,249.473,0,0,14,64,0,14,0
30-06 10:10:51,11.741,15.488,70.697,0,0,1682708,424152,183912,5619560,4894.323,1618.784,0,1027.228,0,6.995,4605,3715,1.520,1.430,0.840,1,0,245.815,0,0,14,66,0,14,0
30-06 10:10:52,9.015,19.532,69.362,0,0,1655348,451352,183912,5619720,5825.437,1945.151,0,24.039,0,6.010,5227,3586,1.520,1.430,0.840,3,0,278.451,0,0,14,66,0,14,0
30-06 10:10:53,11.973,20.205,66.351,0,0,1654228,452428,183912,5620172,5208.294,1616.367,0,23.946,0,5.987,6071,5971,1.480,1.420,0.840,2,0,274.383,0,0,14,66,0,14,0
30-06 10:10:54,24.790,17.278,56.342,0,0,1708760,397884,183920,5619752,5649.191,1622.640,0,236.385,0,9.015,6090,6665,1.480,1.420,0.840,4,0,285.464,0,0,14,66,0,13,0
30-06 10:10:55,34.046,26.786,39.303,0,0,1779132,327456,183920,5619804,5063.889,1622.207,0,340.463,0,7.010,6784,13954,1.480,1.420,0.840,4,0,528.719,0,0,14,66,0,14,0
30-06 10:10:56,29.757,25.006,44.510,0,0,1838796,266120,184000,5621252,5059.163,1458.335,0,92.021,0,11.003,7482,8261,1.480,1.420,0.840,3,0,540.124,0,0,14,70,0,16,0
30-06 10:10:57,33.950,22.467,42.188,0,0,1923432,181384,184000,5621628,3780.412,485.283,0,31.953,0,7.988,6816,8412,1.480,1.420,0.840,6,0,363.463,0,0,14,70,0,16,0
30-06 10:10:58,60.084,22.782,16.773,0,0,1990380,239604,175212,5507916,4768.628,1343.868,28.039,8.011,5.007,2.003,4920,4523,1.680,1.460,0.860,4,0,403.561,0,0,14,70,0,15,0
30-06 10:10:59,58.757,21.162,18.922,0,0,2096764,132684,175224,5508792,4618.902,1451.996,207.143,1888.193,6.971,44.815,6541,8747,1.680,1.460,0.860,4,0,337.604,0,0,14,70,0,15,0
30-06 10:11:00,68.732,25.837,5.268,0.502,0,2200868,131644,169808,5413680,5375.118,1625.479,513.732,878.963,26.088,65.220,5279,5298,1.680,1.460,0.860,6,0,496.674,0,0,14,70,0,15,0
30-06 10:11:01,77.991,19.498,1.750,0.750,0,2348688,131280,169720,5269364,4877.459,1499.834,723.920,6303.301,77.991,454.950,7342,7937,1.680,1.460,0.860,5,0,246.973,0,0,14,74,0,15,0
30-06 10:11:02,66.050,26.020,4.503,3.252,0,2489836,184124,169536,5079872,4563.448,1188.898,552.417,24498.510,16.012,1564.182,12165,20070,1.680,1.460,0.860,6,1,431.326,0,0,14,76,0,15,0
30-06 10:11:03,71.495,20.249,6.000,1.000,0,2579256,162716,169656,5013816,5913.621,1061.932,491.968,16626.934,24.998,1431.908,12409,24022,2.100,1.550,0.890,5,0,274.982,0,0,14,76,0,14,2
30-06 10:11:04,76.031,20.192,3.241,0,0,2693000,120756,169664,4943168,5713.547,1561.504,450.702,1136.727,9.971,62.819,7513,12596,2.100,1.550,0.890,4,0,416.800,0,0,14,87,0,21,0
30-06 10:11:05,51.052,25.526,22.773,0,0,2753900,128148,169664,4876184,6597.731,1513.544,4.004,3135.198,1.001,89.091,9556,13312,2.100,1.550,0.890,3,0,552.564,0,0,14,89,0,27,0
30-06 10:11:06,48.130,16.210,34.664,0.249,0,2844576,176668,169668,4740296,5552.172,1562.109,2046.902,1057.367,21.945,56.858,6153,8595,2.100,1.550,0.890,4,0,238.406,0,0,14,91,0,27,0
30-06 10:11:07,58.352,10.268,30.553,0.250,0,2977072,181640,169672,4606292,5321.285,1514.643,1137.986,973.699,14.024,45.079,5649,7634,2.100,1.550,0.890,6,0,32.056,0,0,14,94,0,28,0
30-06 10:11:08,19.240,16.241,63.716,0,0,3010300,147376,169692,4607248,5577.062,1619.147,7.996,1495.212,1.999,84.955,5678,5183,2.100,1.560,0.900,2,0,268.858,0,0,14,97,0,28,0
30-06 10:11:09,8.764,18.779,70.859,0.250,0,3019368,138044,169692,4607512,4793.395,1568.420,4.006,937.446,1.002,56.087,5959,4640,2.100,1.560,0.900,1,0,354.547,0,0,14,97,0,28,0
30-06 10:11:10,8.011,19.777,70.347,0.250,0,3024712,132508,169692,4607704,4883.701,1622.226,0,869.193,0,51.070,5776,4377,2.100,1.560,0.900,2,0,363.499,0,0,14,97,0,28,0
30-06 10:11:11,22.405,4.481,71.696,0.249,0,3084160,138832,169696,4543000,4885.308,1505.623,7.966,3393.626,1.992,187.207,2170,2012,2.100,1.560,0.900,1,0,4.979,0,0,14,97,0,27,0
30-06 10:11:12,18.241,2.999,78.462,0.250,0,3098176,124760,169696,4543056,11586.432,7991.159,39.981,951.543,3.998,16.992,2716,2893,2.100,1.560,0.900,1,0,1.000,0,0,14,100,0,27,0
30-06 10:11:13,19.277,6.008,73.854,0.250,0,3049068,173844,169700,4543076,22592.918,18927.740,4.006,176.249,1.001,11.016,2450,1805,2.010,1.550,0.900,2,0,63.089,0,0,14,99,0,28,0
30-06 10:11:14,20.532,3.255,75.117,0,0,3100976,121932,169700,4543080,11002.164,7283.362,0,168.262,0,22.034,2361,2153,2.010,1.550,0.900,1,0,1.002,0,0,14,102,0,28,0
30-06 10:11:15,23.516,3.502,71.550,0.500,0,3106216,184512,169712,4477200,6081.216,2443.694,308.214,904.627,20.014,103.071,3000,3468,2.010,1.550,0.900,2,0,2.001,0,0,14,108,0,21,0
30-06 10:11:16,24.241,4.998,66.976,1.749,0,3113236,177048,169712,4477628,5697.989,1619.428,63.977,14586.852,2.999,971.657,5926,8660,2.010,1.550,0.900,2,0,1.999,0,0,14,109,0,21,0
30-06 10:11:17,32.491,11.997,53.985,0.750,0,3180380,176676,169720,4412800,6283.201,2600.256,47.986,3483.003,2.999,366.895,5242,4757,2.010,1.550,0.900,2,0,121.965,0,0,14,114,0,23,0
30-06 10:11:18,26.494,2.999,69.235,0,0,3207052,149996,169720,4412824,8817.132,4003.152,7.998,523.889,2.000,44.990,2776,2527,2.170,1.590,0.920,1,1,2.999,0,0,14,119,0,23,0
30-06 10:11:19,20.723,2.746,75.151,0.749,0,3210500,146468,169720,4412904,12620.343,7509.089,63.916,2528.663,3.995,79.895,3093,3522,2.170,1.590,0.920,3,0,0,0,0,14,119,0,23,0
30-06 10:11:20,31.593,8.024,57.920,0.501,0,3182724,239980,169724,4348832,7075.810,2888.495,0,2547.492,0,111.327,5168,6174,2.170,1.590,0.920,3,0,78.230,0,0,14,120,0,24,0
30-06 10:11:21,41.595,10.461,46.825,0,0,3317712,170048,169724,4285356,5007.300,1560.173,0,478.214,0,34.870,3095,1951,2.170,1.590,0.920,3,0,22.914,0,0,14,120,0,24,0
30-06 10:11:22,29.105,3.513,67.243,0,0,3353188,134560,169724,4285368,29389.083,25277.240,0,361.304,0,20.072,2499,1725,2.170,1.590,0.920,2,0,1.004,0,0,14,120,0,25,0
30-06 10:11:23,19.997,6.749,71.738,0.250,0,3375176,173092,169728,4225876,4965.186,1655.729,7.999,1411.769,2.000,76.987,2631,2189,2.070,1.580,0.920,2,0,54.991,0,0,14,120,0,25,0
30-06 10:11:24,18.757,1.751,78.531,0,0.250,3390784,157728,169728,4225752,28510.190,25219.899,0,72.028,0,6.002,1928,1476,2.070,1.580,0.920,2,0,0,0,0,14,120,0,26,0
30-06 10:11:25,20.167,6.473,72.204,0,0,3348840,199600,169728,4225824,5335.150,1613.393,11.951,3.984,2.988,0.996,2409,1639,2.070,1.580,0.920,2,0,50.792,0,0,14,120,0,26,0
30-06 10:11:26,16.548,1.755,80.735,0,0,3372460,175976,169728,4225828,11817.445,7995.304,0,0,0,0,1843,1538,2.070,1.580,0.920,2,0,0,0,0,14,121,0,26,0
30-06 10:11:27,28.666,8.974,59.575,1.246,0,3332232,215752,169732,4226276,6369.279,2490.679,151.555,2257.365,9.971,199.414,6573,8182,2.070,1.580,0.920,2,0,89.736,0,0,14,122,0,28,0
30-06 10:11:28,20.290,2.755,76.900,0,0,3385908,162076,169732,4226276,10390.261,7076.799,0,216.422,0,14.027,1907,1458,1.990,1.570,0.920,2,0,0,0,0,14,123,0,28,0
30-06 10:11:29,18.756,6.002,73.524,0,0,3352264,195680,169732,4226300,23122.454,19455.272,0,176.057,0,11.004,2555,1845,1.990,1.570,0.920,4,0,55.018,0,0,14,122,0,29,0
30-06 10:11:30,18.718,3.494,76.869,0,0,3394976,152948,169732,4226320,7468.267,3998.183,3.993,131.775,0.998,13.976,1726,1363,1.990,1.570,0.920,2,0,0,0,0,14,123,0,29,0
30-06 10:11:31,22.271,4.004,71.569,1.501,0,3393052,154688,169736,4226500,9089.718,5784.548,36.035,1709.640,3.003,253.243,5147,7872,1.990,1.570,0.920,2,0,1.001,0,0,14,124,0,29,0
30-06 10:11:32,22.567,6.269,68.704,0.501,0,3380500,167140,169736,4226600,6128.190,2814.354,32.095,2326.907,2.006,197.586,4994,6768,1.990,1.570,0.920,2,0,54.161,0,0,14,123,0,31,0
30-06 10:11:33,21.721,2.996,73.903,0.999,0,3407244,140376,169736,4226604,6154.909,3581.292,0,4689.835,0,264.652,2412,2470,2.150,1.610,0.940,3,0,0,0,0,14,124,0,31,0
30-06 10:11:34,16.723,2.496,78.874,0,0,3402156,145448,169736,4226620,13454.421,9694.452,0,483.225,0,31.949,2299,2196,2.150,1.610,0.940,2,0,0,0,0,14,124,0,31,0
30-06 10:11:35,25.238,5.247,66.968,0.750,0,3400092,147384,169740,4226744,4980.615,1565.251,0,1539.263,0,147.929,6127,8960,2.150,1.610,0.940,4,0,0,0,0,14,124,0,31,0
30-06 10:11:36,35.240,9.497,53.984,0.500,0,3362396,184692,169740,4227132,5188.497,2011.417,0,1311.620,0,122.964,8500,12314,2.150,1.610,0.940,2,0,78.977,0,0,14,127,0,32,0
30-06 10:11:37,24.022,3.503,71.566,0.250,0,3405952,141136,169752,4227120,4083.765,918.847,4.004,3495.222,1.001,337.311,2060,1512,2.150,1.610,0.940,4,0,1.001,0,0,14,129,0,32,0
30-06 10:11:38,15.990,2.748,78.200,0.500,0,3401680,145356,169756,4227168,14897.549,11168.914,0,911.422,0,110.930,3272,3958,2.060,1.600,0.940,3,0,0,0,0,14,130,0,32,0
30-06 10:11:39,17.987,10.992,69.951,0.250,0,3375432,171592,169756,4227180,5757.981,1790.750,0,563.607,0,34.976,3544,2762,2.060,1.600,0.940,5,0,146.897,0,0,14,129,0,33,0
30-06 10:11:40,19.002,3.000,77.259,0.250,0,3396220,150800,169756,4227184,12054.366,7223.819,0,440.050,0,27.003,1838,1411,2.060,1.600,0.940,4,0,0,0,0,14,130,0,33,0
30-06 10:11:41,21.586,3.012,74.046,0.251,0,3394756,152232,169756,4227216,11286.157,7372.498,0,742.973,0,70.281,3594,4745,2.060,1.600,0.940,2,0,0,0,0,14,130,0,33,0
30-06 10:11:42,24.997,5.499,66.993,0.250,0.250,3395004,151928,169760,4227268,5191.462,1511.843,0,1095.886,0,120.987,6504,8982,2.060,1.600,0.940,3,0,1.000,0,0,14,130,0,33,0
30-06 10:11:43,42.974,13.991,39.726,1.499,0,3361024,185160,169776,4227984,6647.907,3248.000,395.756,2078.720,63.961,206.873,13393,20350,2.050,1.610,0.940,2,0,204.874,0,0,14,131,0,34,0
30-06 10:11:44,39.056,7.960,51.743,0,0,3415308,130824,169776,4228036,4909.580,1866.715,0,1190.081,0,74.629,4391,4935,2.050,1.610,0.940,2,0,84.579,0,0,14,131,0,34,0
30-06 10:11:45,18.519,2.753,77.081,0.250,0,3429808,165716,169776,4179448,12502.152,9030.500,0,524.552,0,33.035,2096,1715,2.050,1.610,0.940,2,0,0,0,0,14,131,0,35,0
30-06 10:11:46,12.542,16.304,68.979,0.251,0,3352124,243384,169776,4179480,5183.239,1942.460,4.013,461.535,1.003,26.087,4824,3413,2.050,1.610,0.940,3,0,251.838,0,0,14,131,0,35,0
30-06 10:11:47,8.746,21.739,67.716,0,0,3305116,290240,169776,4179632,5245.355,1619.183,0,435.780,0,30.984,5462,3873,2.050,1.610,0.940,2,0,309.844,0,0,14,131,0,35,0
30-06 10:11:48,18.208,15.714,64.103,0.499,0,3324248,271084,169780,4179776,5028.497,1616.302,11.973,2418.467,2.993,176.596,6697,8834,2.290,1.670,0.960,5,0,205.530,0,0,14,131,0,35,0
30-06 10:11:49,27.802,23.043,46.837,0,0,3389732,205564,169780,4179696,4989.301,1623.026,4.007,376.702,1.002,27.050,6127,4645,2.290,1.670,0.960,2,0,299.558,0,0,14,131,0,35,0
30-06 10:11:50,33.068,23.298,42.839,0,0,3420248,174528,169792,4180192,5067.482,1693.503,48.099,629.302,3.006,49.102,6771,6457,2.290,1.670,0.960,2,0,390.808,0,0,14,139,0,35,0
30-06 10:11:51,20.168,16.433,61.500,0.747,0,3437696,156828,169792,4180552,4734.788,1559.671,0,4740.764,0,225.087,7039,9811,2.290,1.670,0.960,3,0,199.192,0,0,14,139,0,35,0
30-06 10:11:52,54.227,27.867,17.574,0,0,3580576,152428,169804,4044528,4792.080,1518.362,124.522,461.936,11.046,34.143,7965,12441,2.290,1.670,0.960,4,0,508.129,0,0,16,145,0,35,0
30-06 10:11:53,53.242,26.996,18.997,0,0,3691328,137192,169804,3950080,5529.124,1619.743,15.997,7494.813,1.000,707.888,6887,6608,2.430,1.700,0.980,4,0,398.937,0,0,16,149,0,35,0
30-06 10:11:54,44.570,18.924,35.606,0,0.498,3747072,127384,169804,3904696,5396.212,1541.775,7.968,685.233,1.992,31.871,8503,13516,2.430,1.700,0.980,4,0,195.212,0,0,16,161,0,35,0
30-06 10:11:55,36.120,27.090,35.869,0,0,3794416,187144,169804,3799124,5254.480,1625.407,268.895,445.482,12.040,18.060,8627,16060,2.430,1.700,0.980,2,0,450.499,0,0,16,161,0,36,0
30-06 10:11:56,20.504,23.504,54.010,0,0,3826912,154568,169804,3799276,5178.920,1458.259,0,212.038,0,14.002,5853,4377,2.430,1.700,0.980,1,0,357.063,0,0,17,161,0,35,0
30-06 10:11:57,12.971,19.207,65.106,0.499,0,3847276,134184,169808,3799748,5268.310,1616.413,7.982,458.982,1.996,31.929,5726,6335,2.430,1.700,0.980,3,0,252.440,0,0,17,161,0,35,0
30-06 10:11:58,24.558,19.295,54.879,0.251,0,3870776,166296,169808,3745188,4977.693,1639.852,4.009,312.735,1.002,18.042,6382,7016,2.310,1.690,0.980,4,0,305.718,0,0,17,161,0,35,0
30-06 10:11:59,34.335,22.890,41.052,0,0,3943620,122680,169808,3717080,4777.004,1504.756,7.962,362.256,1.990,30.851,7090,7434,2.310,1.690,0.980,4,0,477.700,0,0,17,163,0,35,0
30-06 10:12:00,37.666,17.326,45.199,0,0,3988296,120980,169816,3674568,4456.588,1126.953,36.159,220.971,3.013,16.071,5709,6454,2.310,1.690,0.980,5,0,226.998,0,0,17,171,0,33,0
30-06 10:12:01,40.228,27.985,30.983,0,0,4095344,156412,169824,3535320,4575.505,1457.205,27.985,335.817,3.998,32.982,8655,13545,2.310,1.690,0.980,3,0,468.744,0,0,17,181,0,33,0
30-06 10:12:02,23.705,26.200,47.659,0,0,4148004,148040,169824,3492292,5868.818,1616.919,47.909,594.867,4.990,40.922,9454,13403,2.310,1.690,0.980,2,0,453.137,0,0,17,187,0,33,0
30-06 10:12:03,10.032,21.569,67.465,0.251,0,4149716,146280,169824,3492324,5557.697,1462.658,8.026,638.032,2.006,35.112,5506,4035,2.210,1.680,0.980,3,0,307.981,0,0,17,189,0,33,0
30-06 10:12:04,25.201,18.464,53.894,0,0,4166316,129616,169824,3492700,5449.327,1706.657,0,678.671,0,51.898,7002,8355,2.210,1.680,0.980,4,0,290.431,0,0,17,205,0,29,0
30-06 10:12:05,30.987,16.493,51.728,0.500,0,4244856,151680,169824,3393560,5114.823,1619.311,859.634,275.883,15.993,20.991,4597,4110,2.210,1.680,0.980,3,0,181.923,0,0,17,205,0,29,0
30-06 10:12:06,42.224,9.494,45.972,0,0,4360724,127520,169824,3304188,5516.637,1619.013,311.810,315.807,5.996,26.984,3305,2019,2.210,1.680,0.980,3,0,0.999,0,0,17,205,0,29,0
30-06 10:12:07,36.721,7.744,55.955,0.250,0,4447064,120516,169832,3226572,5095.911,1618.701,67.945,555.554,7.994,51.958,3662,3276,2.210,1.680,0.980,4,0,11.990,0,0,17,214,0,29,0
30-06 10:12:08,26.354,15.060,56.724,0.251,0,4357748,209764,169840,3226632,5481.658,1626.426,20.079,244.968,2.008,16.063,4463,3443,2.110,1.670,0.980,3,0,284.123,0,0,17,213,0,16,0
30-06 10:12:09,35.956,29.214,33.958,0.250,0,4437024,170172,169856,3187844,6395.134,3581.594,2932.393,283.651,43.946,22.972,7076,7041,2.110,1.670,0.980,2,0,586.279,0,0,17,214,0,16,0
30-06 10:12:10,47.042,15.764,36.032,0,0,4451440,154372,169864,3189212,12899.526,8250.372,24.021,980.876,3.003,20.018,7258,9282,2.110,1.670,0.980,2,0,251.224,0,0,17,221,0,17,0
30-06 10:12:11,73.198,18.487,7.994,0,0,4550356,131864,169880,3115652,5276.261,1618.853,79.943,163.884,8.994,8.994,4878,3937,2.110,1.670,0.980,6,0,151.892,0,0,17,222,0,17,0
30-06 10:12:12,61.935,12.934,21.640,2.736,0,4654660,139760,169908,3006888,13309.370,9573.354,7199.417,1026.783,372.109,25.869,5275,5180,2.110,1.670,0.980,2,2,29.848,0,0,17,229,0,17,0
30-06 10:12:13,56.284,16.332,25.880,0.754,0,4614608,189100,169964,2998000,8115.920,4600.194,892.500,16032.837,126.639,1157.838,7735,9222,2.260,1.710,1,3,0,267.348,0,0,17,229,0,22,0
30-06 10:12:14,38.485,24.240,36.735,0,0,4655244,152396,169968,2994700,6484.426,3554.589,11.995,9600.189,2.999,44.982,7103,8637,2.260,1.710,1,1,0,443.824,0,0,17,230,0,22,0
30-06 10:12:15,38.487,17.994,41.736,0.500,0,4701840,175892,169972,2926276,14779.079,10637.458,231.923,655.782,14.995,45.985,6364,8024,2.260,1.710,1,4,0,273.909,0,0,17,229,0,24,0
30-06 10:12:16,59.941,27.223,12.238,0,0,4736508,138944,169972,2928904,5570.519,1564.461,31.969,4751.325,0.999,49.951,6407,7963,2.260,1.710,1,8,0,471.536,0,0,17,233,0,23,0
30-06 10:12:17,61.123,21.042,17.034,0.251,0,4814260,150032,169996,2840760,13076.301,9329.766,1306.628,817.645,60.121,47.095,7449,11497,2.260,1.710,1,3,0,262.528,0,0,17,238,0,25,0
30-06 10:12:18,52.252,27.001,19.751,0.250,0,4839664,161700,170000,2804848,11084.368,4696.156,8.000,1136.038,2.000,81.003,7043,7584,2.400,1.750,1.020,6,0,540.018,0,0,17,237,0,26,0
30-06 10:12:19,59.571,19.940,18.943,0.249,0,4906168,131716,170008,2769528,7963.008,3413.715,634.090,2336.959,32.901,216.348,8790,15441,2.400,1.750,1.020,4,0,253.237,0,0,17,244,0,28,0
30-06 10:12:20,62.197,15.298,21.568,0.251,0,5013480,115872,170012,2680364,16040.718,10562.397,573.814,862.728,12.038,50.159,10126,21088,2.400,1.750,1.020,3,0,114.362,0,0,17,243,0,26,0
30-06 10:12:21,59.712,8.495,30.231,0.500,0,5080072,142800,170020,2589256,12284.211,8141.837,791.498,1135.280,49.968,28.982,4197,2655,2.400,1.750,1.020,4,2,7.995,0,0,17,249,0,27,0
30-06 10:12:22,53.398,10.680,34.522,0.745,0,5149860,126604,170020,2537256,16681.876,13564.456,1593.481,782.832,52.652,91.397,6534,8709,2.400,1.750,1.020,3,0,14.902,0,0,17,255,0,30,0
30-06 10:12:23,51.314,25.909,22.136,0.503,0,5064648,208036,170144,2540856,7356.030,2781.024,4145.376,1463.962,64.394,69.425,7568,8313,2.530,1.780,1.030,5,0,477.926,0,0,17,253,0,32,0
30-06 10:12:24,50.095,23.178,24.923,0,0,5116636,155980,170144,2540928,10679.031,7310.431,1036.799,554.289,8.972,36.886,6856,7511,2.530,1.780,1.030,4,0,412.726,0,0,17,254,0,30,0
30-06 10:12:25,68.203,20.986,11.492,0,0,5145612,126760,170148,2541632,10474.776,6756.341,599.587,831.427,10.992,22.984,7091,7214,2.530,1.780,1.030,5,0,251.826,0,0,18,256,0,31,0
30-06 10:12:26,79.921,12.818,5.780,1.005,0,5257224,123472,170148,2437708,10768.755,7371.852,2939.492,2545.415,138.731,174.922,6058,5788,2.530,1.780,1.030,5,0,11.058,0,0,18,261,0,31,0
30-06 10:12:27,78.990,11.249,8.249,0.750,0,5255312,196704,170200,2368500,9945.755,6844.143,1823.772,2931.633,75.990,300.962,7185,8804,2.530,1.780,1.030,4,0,23.997,0,0,18,268,0,32,0
30-06 10:12:28,52.729,14.675,31.339,0,0,5312012,162084,170208,2347280,5324.628,2643.411,565.095,696.420,8.954,53.724,5946,5999,2.570,1.810,1.040,3,0,216.885,0,0,18,268,0,33,0
30-06 10:12:29,32.370,7.528,58.969,0.502,0,5341948,133212,170208,2346532,25576.997,14424.575,770.863,654.431,6.022,66.246,3659,3331,2.570,1.810,1.040,3,0,8.030,0,0,18,271,0,32,0
30-06 10:12:30,43.674,9.983,45.920,0.250,0,5340404,126904,170208,2354368,8088183.348,139277.258,511.109,419.269,3.993,29.948,9693,6109,2.570,1.810,1.040,4,0,12.977,0,0,18,273,0,32,0
30-06 10:12:31,41.099,16.540,41.350,0.251,0,5348860,152560,170208,2320972,8634462.515,149418.352,3079.447,368.892,33.080,21.051,10980,6890,2.570,1.810,1.040,2,0,264.640,0,0,18,273,0,32,0
30-06 10:12:32,44.593,6.975,46.835,0.249,0,5351280,150332,170212,2321028,9017.234,4451.319,0,741.388,0,83.705,4014,3628,2.570,1.810,1.040,4,0,8.968,0,0,18,276,0,33,0
30-06 10:12:33,36.343,5.476,56.755,0,0,5399828,121876,170212,2301616,19646.121,16320.489,3.983,442.090,0.996,40.824,4074,4071,2.520,1.810,1.050,4,0,0.996,0,0,18,284,0,31,0
30-06 10:12:34,24.355,4.771,67.794,1.004,0,5344476,198696,170212,2281072,415211.212,16464402.644,417.809,24224.914,24.104,1328.755,6086,5557,2.520,1.810,1.050,2,0,6.026,0,0,18,282,0,33,0
30-06 10:12:35,37.600,7.269,53.643,0.501,0,5406432,152888,170220,2265588,11726491.620,129035.633,4.011,1143.044,1.003,57.152,14805,8546,2.520,1.810,1.050,5,0,1.003,0,0,18,288,0,34,0
30-06 10:12:36,24.642,6.223,66.459,0,0,5269936,275808,170220,2279148,5359177.655,122136.401,47.790,752.699,2.987,62.725,10995,8443,2.520,1.810,1.050,1,0,65.712,0,0,18,284,0,38,0
30-06 10:12:37,13.242,17.490,67.712,0.750,0,5265040,280576,170224,2279240,5782.725,1619.083,31.982,3545.992,2.998,58.967,5812,5505,2.520,1.810,1.050,2,0,435.753,0,0,18,284,0,37,0
30-06 10:12:38,23.999,3.000,72.497,0,0,5319432,226184,170224,2279240,5557.803,1457.948,0,331.988,0,18.999,2010,1453,2.400,1.790,1.050,2,0,0,0,0,18,284,0,37,0
30-06 10:12:39,7.797,19.367,71.180,0,0,5299384,246188,170228,2279280,5446.882,1724.410,4.024,1931.661,1.006,18.109,5713,4368,2.400,1.790,1.050,1,0,344.077,0,0,18,284,0,37,0
30-06 10:12:40,6.982,16.209,74.312,0.499,0,5288924,256576,170228,2279352,6181.331,1615.904,31.919,1576.005,2.992,95.757,5213,4423,2.400,1.790,1.050,1,0,326.173,0,0,18,284,0,37,0
30-06 10:12:41,4.500,2.250,92.258,0,0,5300580,244908,170228,2279364,6738.551,1458.119,0,16109.318,0,34.003,1287,1425,2.400,1.790,1.050,4,0,9.001,0,0,18,284,0,36,0
30-06 10:12:42,24.760,3.752,71.029,0,0,5341908,203580,170228,2279364,6574.710,3081.270,0,84.035,0,12.005,2301,1779,2.400,1.790,1.050,2,0,3.001,0,0,18,289,0,36,0
30-06 10:12:43,17.716,5.240,75.355,0,0,5264196,281204,170228,2279452,13503.032,9142.418,63.877,0,3.992,0,2956,2411,2.290,1.780,1.050,2,0,58.887,0,0,18,292,0,37,0
30-06 10:12:44,12.037,17.053,70.217,0.251,0,5271256,273864,170232,2279696,4840.960,1625.022,8.025,7422.939,2.006,457.414,5550,3906,2.290,1.780,1.050,2,0,216.670,0,0,18,292,0,37,0
30-06 10:12:45,12.499,15.749,69.994,0.250,0,5265412,279624,170232,2279780,5056.574,1619.864,15.999,215.982,1.000,19.998,5499,4197,2.290,1.780,1.050,1,0,208.982,0,0,18,292,0,36,0
30-06 10:12:46,20.777,9.512,69.089,0.250,0,5310148,234816,170232,2279836,4704.083,1459.888,4.005,600.777,1.001,52.067,3677,2996,2.290,1.780,1.050,2,0,119.154,0,0,18,296,0,36,0
30-06 10:12:47,23.898,3.485,70.200,0.249,0,5375596,169360,170232,2279844,4771.590,1613.100,103.557,171.267,0.996,24.894,2352,2121,2.290,1.780,1.050,2,0,1.991,0,0,18,298,0,36,0
30-06 10:12:48,23.957,3.244,72.370,0,0,5409296,135264,170232,2280240,4997.049,1659.028,283.492,387.306,10.980,35.936,2452,2248,2.180,1.770,1.050,7,0,3.993,0,0,18,302,0,36,0
30-06 10:12:49,24.043,3.256,71.378,0.501,0,5365036,179496,170232,2280268,4466.013,1530.746,24.043,260.467,4.007,20.036,2398,2210,2.180,1.770,1.050,2,0,5.009,0,0,18,298,0,35,0
30-06 10:12:50,21.992,4.748,72.223,0,0,5410968,133540,170232,2280292,5295.040,1619.401,0,12091.525,0,39.985,2280,1995,2.180,1.770,1.050,2,0,2.999,0,0,18,298,0,35,0
30-06 10:12:51,12.026,2.004,84.680,0,0,5414680,129816,170232,2280304,23620.233,20340.258,0,4.009,0,1.002,2206,2128,2.180,1.770,1.050,2,0,0,0,0,18,303,0,36,0
30-06 10:12:52,24.547,3.757,70.634,0,0,5319788,224604,170232,2280408,5308.090,1821.462,96.183,0,6.011,0,2477,1955,2.180,1.770,1.050,1,0,17.032,0,0,18,298,0,37,0
30-06 10:12:53,23.666,3.239,71.746,0.249,0,5357584,186804,170232,2280412,4920.582,1452.857,0,330.829,0,30.891,2108,1699,2.090,1.750,1.050,5,0,0,0,0,18,298,0,37,0
30-06 10:12:54,17.567,10.540,71.525,0,0,5273812,270392,170244,2280568,4999.192,1626.243,393.511,505.942,5.019,25.096,3897,3135,2.090,1.750,1.050,2,0,173.667,0,0,18,298,0,37,0
30-06 10:12:55,13.983,20.724,63.421,0.499,0,5289980,254052,170244,2280744,5308.378,1456.183,51.935,259.676,3.995,20.974,6846,14374,2.090,1.750,1.050,1,0,445.444,0,0,18,298,0,38,0
30-06 10:12:56,21.674,3.986,72.496,0,0,5330512,213476,170276,2280756,5925.210,2147.465,0,398.601,0,26.906,2341,1808,2.090,1.750,1.050,2,0,34.878,0,0,18,299,0,38,0
30-06 10:12:57,20.519,3.003,75.069,0.500,0,5317004,220320,170836,2286748,11953.014,4311.973,4.004,1341.236,1.001,35.032,2313,2160,2.090,1.750,1.050,2,0,2.002,0,0,18,298,0,37,0
30-06 10:12:58,23.874,5.968,68.388,0.249,0,5337764,198092,170904,2288100,5132.848,1611.476,0,2964.319,0,127.326,9968,18411,2.320,1.810,1.070,2,0,13.926,0,0,18,298,0,37,0
30-06 10:12:59,19.101,3.770,75.146,0,0,5340580,194868,170968,2288444,11600.110,4585.155,24.127,2967.634,4.021,392.065,7774,14298,2.320,1.810,1.070,3,0,5.026,0,0,18,299,0,37,0
30-06 10:13:00,21.579,5.520,72.012,0,0,5324316,211068,171012,2288464,5276.194,1463.323,0,393.431,0,8.029,4114,5614,2.320,1.810,1.070,2,0,15.055,0,0,18,299,0,37,0
30-06 10:13:01,12.751,14.752,70.508,0.500,0,5292020,249300,171096,2282524,5382.622,1794.207,0,956.110,0,33.004,4554,3641,2.320,1.810,1.070,4,0,240.028,0,0,18,298,0,37,0
30-06 10:13:02,22.175,4.485,72.005,0,0,5332704,208612,171096,2282528,4604.348,1614.511,0,366.753,0,70.759,2256,1791,2.320,1.810,1.070,1,0,31.892,0,0,18,298,0,37,0
30-06 10:13:03,20.480,1.748,77.423,0,0,5350836,190284,171096,2282724,14038.110,10274.834,0,87.913,0,2.997,2131,1717,2.220,1.800,1.070,2,0,0,0,0,18,301,0,38,0
30-06 10:13:04,17.999,10.000,70.247,0.250,0,5331528,209552,171096,2282764,6343.768,3113.886,27.999,387.986,2.000,25.999,3644,3079,2.220,1.800,1.070,2,0,115.996,0,0,18,298,0,40,0
30-06 10:13:05,19.794,3.508,75.918,0,0,5379412,161612,171096,2282820,10766.762,7295.100,48.106,288.637,2.004,31.069,2420,2500,2.220,1.800,1.070,2,0,0,0,0,18,299,0,40,0
30-06 10:13:06,20.219,5.741,72.139,0,0.250,5374340,166544,171096,2282960,7916.801,4524.029,0,139.785,0,8.986,2781,2226,2.220,1.800,1.070,2,0,69.892,0,0,18,298,0,41,0
30-06 10:13:07,21.788,4.257,73.379,0.250,0,5357420,194768,171096,2271704,5957.452,3430.018,0,304.534,0,31.054,2457,2291,2.220,1.800,1.070,1,0,1.002,0,0,18,301,0,41,0
30-06 10:13:08,20.302,5.514,72.434,0.251,0,5277016,275132,171096,2271744,16636.358,12754.474,0,192.490,0,12.031,3237,2978,2.120,1.780,1.070,1,0,59.151,0,0,18,300,0,42,0
30-06 10:13:09,25.642,3.734,70.453,0,0,5353236,198776,171096,2271880,4150.501,1451.879,0,179.244,0,10.954,2299,1924,2.120,1.780,1.070,2,0,1.992,0,0,18,300,0,42,0
30-06 10:13:10,17.762,4.003,76.553,0.250,0,5319192,232800,171096,2271900,15227.508,11849.176,0,184.127,0,19.013,2762,2545,2.120,1.780,1.070,1,0,33.023,0,0,18,300,0,45,0
30-06 10:13:11,23.001,5.000,71.503,0,0,5389236,162748,171096,2271908,2964.131,324.014,0,156.007,0,9.000,2084,1563,2.120,1.780,1.070,2,0,0,0,0,18,300,0,45,0
30-06 10:13:12,14.765,2.252,81.834,0.250,0,5396552,155344,171096,2271996,15109.481,11957.251,64.066,264.271,1.001,32.033,2451,2671,2.120,1.780,1.070,3,0,1.001,0,0,18,300,0,45,1
30-06 10:13:13,20.713,5.740,71.871,0.250,0,5397892,153996,171096,2272004,4863.260,1682.975,0,195.648,0,11.978,2522,2082,2.030,1.770,1.070,1,0,46.916,0,0,18,300,0,46,0
30-06 10:13:14,18.716,4.741,75.362,0,0,5355000,209020,171096,2259976,10979.948,7694.947,0,247.548,0,16.969,2036,1586,2.030,1.770,1.070,1,0,0,0,0,18,301,0,40,0
30-06 10:13:15,20.805,5.013,72.693,0.251,0,5364916,199044,171096,2260036,9367.857,5604.872,48.128,1379.661,2.005,106.282,2737,2502,2.030,1.770,1.070,2,0,32.085,0,0,18,300,0,43,0
30-06 10:13:16,18.719,3.245,77.120,0,0,5391448,172508,171096,2260040,11386.848,7320.687,0,127.785,0,8.985,1924,1585,2.030,1.770,1.070,2,0,0,0,0,18,301,0,43,0
30-06 10:13:17,13.570,8.293,76.144,0,0,5299724,264208,171096,2260064,10799.881,6863.513,0,394.039,0,49.255,3925,3943,2.030,1.770,1.070,4,0,143.744,0,0,18,300,0,44,0
30-06 10:13:18,3.490,3.490,89.746,1.496,0,5298344,264368,171644,2260736,12171.619,4452.423,1120.834,323.087,250.293,19.944,2059,2266,1.950,1.760,1.060,1,0,42.879,0,0,18,302,0,40,0
30-06 10:13:19,5.245,7.493,85.923,0.250,0.250,5304704,257960,171644,2260784,19791.193,4987.512,0,551.504,0,42.961,3128,3076,1.950,1.760,1.060,1,0,124.888,0,0,18,302,0,41,0
30-06 10:13:20,7.992,8.492,81.421,0.749,0,5292208,269944,171644,2261296,7708.523,2658.421,443.570,2305.764,42.958,364.646,3809,3602,1.950,1.760,1.060,2,0,207.798,0,0,18,300,0,42,0
30-06 10:13:21,21.794,4.259,73.149,0.501,0,5313020,239460,171680,2270804,5232.667,1623.309,116.237,16.033,13.027,4.008,2123,1659,1.950,1.760,1.060,3,0,6.012,0,0,18,300,0,42,0
30-06 10:13:22,15.467,2.495,81.329,0.249,0,5319084,227676,171824,2276300,16107.049,5768.840,7.983,1476.887,1.996,31.933,2028,1944,1.950,1.760,1.060,3,0,16.964,0,0,18,301,0,34,0
30-06 10:13:23,16.328,10.048,71.843,0.754,0,5305128,238948,171836,2278924,5468.071,1802.594,1334.362,3589.112,22.105,117.561,4697,4526,1.870,1.740,1.060,1,0,231.102,0,0,18,300,0,34,0
30-06 10:13:24,20.191,5.982,72.536,0,0,5370596,173472,171836,2278932,4444.907,1453.718,0,3.988,0,0.997,2520,1962,1.870,1.740,1.060,2,0,74.780,0,0,18,300,0,34,0
30-06 10:13:25,19.698,2.992,76.048,0,0,5390436,153576,171836,2278988,29785.019,25185.216,0,355.058,0,19.947,2367,2178,1.870,1.740,1.060,2,0,0,0,0,18,300,0,36,0
30-06 10:13:26,20.996,5.499,71.985,0.250,0,5390684,153308,171836,2279008,4996.953,1457.694,0,323.932,0,17.996,2437,1830,1.870,1.740,1.060,3,0,46.990,0,0,18,300,0,33,0
30-06 10:13:27,19.301,2.757,76.701,0.251,0,5407776,136204,171836,2279020,12321.283,9222.163,0,244.641,0,37.097,2580,2541,1.870,1.740,1.060,1,0,0,0,0,18,301,0,34,0
30-06 10:13:28,21.466,4.243,72.886,0,0,5362812,181020,171836,2279168,6805.341,2903.452,143.775,199.687,7.987,10.983,2305,1799,1.880,1.750,1.070,3,0,13.978,0,0,18,300,0,35,0
30-06 10:13:29,20.039,2.254,77.148,0,0,5388068,155756,171836,2279176,11039.239,7866.134,0,40.077,0,4.008,1906,1513,1.880,1.750,1.070,1,0,0,0,0,18,301,0,35,0
30-06 10:13:30,23.007,5.002,69.772,1.500,0,5350424,191316,171840,2281256,7728.488,3204.031,1824.587,2572.828,68.022,239.077,6015,8801,1.880,1.750,1.070,3,0,6.002,0,0,18,300,0,33,0
30-06 10:13:31,22.698,3.243,73.333,0.249,0,5373456,168276,171840,2281264,5856.631,2205.964,0,391.107,0,27.936,1989,1551,1.880,1.750,1.070,2,0,0,0,0,18,301,0,33,0
30-06 10:13:32,15.771,2.003,80.355,0.250,0,5370704,170956,171844,2281332,14240.622,10587.846,80.105,560.733,3.004,58.076,2849,3356,1.880,1.750,1.070,2,0,1.001,0,0,18,301,0,33,0
30-06 10:13:33,18.812,11.037,67.976,0.502,0,5335480,206020,171844,2281492,6268.812,2692.940,80.266,834.771,3.010,94.313,5384,6019,1.970,1.770,1.080,2,0,183.610,0,0,18,300,0,34,0
30-06 10:13:34,8.968,22.420,67.012,0.249,0,5328848,212616,171844,2281528,4902.589,1614.267,0,629.763,0,52.812,6999,6252,1.970,1.770,1.080,5,0,597.877,0,0,18,300,0,30,0
30-06 10:13:35,9.273,22.806,65.912,0,0,5333428,208004,171848,2281556,4949.130,1623.980,0,669.641,0,54.133,6368,5457,1.970,1.770,1.080,2,0,440.079,0,0,18,300,0,30,0
30-06 10:13:36,8.751,22.753,66.009,1.000,0,5319876,221520,171852,2281588,4980.694,1620.226,4.001,6688.932,1.000,523.073,6583,5563,1.970,1.770,1.080,1,0,463.064,0,0,18,300,0,30,0
30-06 10:13:37,9.470,23.176,65.043,0.249,0,5303396,237964,171852,2281624,5143.640,1656.731,0,1706.572,0,94.699,6712,6105,1.970,1.770,1.080,4,0,484.459,0,0,18,300,0,30,0
30-06 10:13:38,9.038,22.344,67.534,0,0,5293872,247468,171852,2281644,5603.529,1626.831,0,184.776,0,16.067,5877,4362,1.890,1.750,1.080,1,0,403.695,0,0,18,300,0,25,0
30-06 10:13:39,7.987,22.963,67.141,0,0,5297016,244300,171852,2281668,5754.690,1711.232,0,183.703,0,17.971,6092,4727,1.890,1.750,1.080,4,0,435.296,0,0,18,300,0,25,0
30-06 10:13:40,8.512,23.034,66.597,0.250,0,5294976,246316,171856,2281688,6043.837,1460.135,0,292.428,0,23.034,5984,4614,1.890,1.750,1.080,1,0,407.596,0,0,18,300,0,25,0
30-06 10:13:41,29.791,21.599,47.666,0,0,5336708,204500,171856,2281756,7030.717,1608.723,524.325,154.914,4.965,12.910,6064,4871,1.890,1.750,1.080,3,0,458.784,0,0,18,300,0,25,0
30-06 10:13:42,30.684,11.821,56.337,0.503,0,5319476,328688,172180,2185892,5219.227,1466.776,535.202,3267.550,6.036,27.163,3523,2588,1.890,1.750,1.080,2,0,10.060,0,0,18,300,0,25,0
30-06 10:13:43,19.681,1.993,76.981,0.249,0,5322660,322652,172248,2188676,8943.706,3614.354,15.944,562.033,2.990,7.972,1943,1586,1.820,1.740,1.080,1,0,15.944,0,0,18,301,0,25,0
30-06 10:13:44,13.014,1.752,83.090,0.751,0,5328888,315248,172320,2189780,23638.611,13527.656,856.928,1862.017,56.061,58.063,1771,1706,1.820,1.740,1.080,1,0,0,0,0,18,301,0,25,0
30-06 10:13:45,16.767,1.502,80.082,1.001,0,5358680,284100,172364,2191084,22832.306,12229.483,1025.046,1733.770,54.055,74.076,1934,1818,1.820,1.740,1.080,2,0,0,0,0,18,301,0,25,0
30-06 10:13:46,14.480,1.248,82.384,1.248,0,5355180,286204,172436,2192472,23562.939,14639.460,938.683,5644.081,56.920,230.676,1781,1620,1.820,1.740,1.080,1,0,0,0,0,18,301,0,24,0
30-06 10:13:47,16.759,1.751,79.292,1.251,0,5359188,263288,172540,2211276,21412.226,11434.995,9048.744,1524.799,106.056,66.035,2215,2224,1.820,1.740,1.080,3,0,0,0,0,18,301,0,24,0
30-06 10:13:48,22.155,3.485,71.692,1.245,0,5350668,248284,172620,2234616,4632.078,1547.345,4018.716,1752.463,51.777,80.653,2307,2035,1.750,1.730,1.080,2,0,0.996,0,0,18,301,0,24,0
30-06 10:13:49,24.333,2.759,71.745,0.753,0,5350672,230268,172840,2252084,4922.788,1571.359,0,1914.529,0,50.171,2452,2292,1.750,1.730,1.080,2,0,0,0,0,18,301,0,24,0
30-06 10:13:50,23.540,2.254,71.872,0.751,0,5357892,203256,172840,2271504,4981.476,1298.209,0,2027.450,0,80.136,2556,2550,1.750,1.730,1.080,2,0,0,0,0,18,301,0,24,0
30-06 10:13:51,22.491,3.499,71.720,0.750,0,5356232,189692,173060,2286276,4640.072,1241.484,0,10075.813,0,148.938,2429,2263,1.750,1.730,1.080,2,0,0,0,0,18,301,0,24,0
30-06 10:13:52,24.000,2.750,71.251,1.000,0,5356544,163076,173060,2312212,4800.059,1620.020,0,3844.048,0,332.004,2771,2688,1.750,1.730,1.080,3,0,1.000,0,0,18,301,0,24,0
30-06 10:13:53,21.998,4.500,72.493,0.250,0,5377140,156664,173284,2297644,5227.486,1793.823,0,1159.886,0,43.996,2313,1840,1.690,1.720,1.080,3,0,18.998,0,0,18,300,0,24,0
30-06 10:13:54,17.480,3.246,77.913,0.250,0,5395676,132980,173400,2302668,11720.913,4729.719,0,1474.354,0,21.975,1987,1560,1.690,1.720,1.080,3,0,17.980,0,0,18,300,0,24,0
30-06 10:13:55,28.285,7.760,62.827,0,0.250,5373016,153704,173444,2304544,5269.468,1621.991,0,332.408,0,3.004,9603,24720,1.690,1.720,1.080,2,0,43.053,0,0,18,300,0,23,0
30-06 10:13:56,22.810,5.765,69.432,0,0,5371696,154504,173456,2305044,5594.699,1624.267,0,7852.631,0,35.092,10169,17765,1.690,1.720,1.080,1,0,19.050,0,0,18,300,0,23,0
30-06 10:13:57,22.169,5.978,70.243,0.249,0,5310204,223308,173484,2297736,5406.222,1614.095,0,2626.391,0,52.807,2881,2876,1.690,1.720,1.080,2,0,10.960,0,0,18,300,0,23,0
30-06 10:13:58,22.817,5.516,69.957,0,0,5314884,218596,173484,2297764,5099.082,1462.325,0,718.124,0,28.083,10472,19281,1.640,1.700,1.080,3,0,55.163,0,0,18,300,0,23,0
30-06 10:13:59,21.438,3.490,73.788,0,0,5345832,187632,173484,2297780,9507.699,2953.519,0,191.450,0,5.983,2369,1818,1.640,1.700,1.080,1,0,34.900,0,0,18,301,0,22,0
30-06 10:14:00,20.260,2.751,75.536,0.250,0,5344320,183008,173484,2303916,8411.959,3236.523,0,1108.522,0,24.011,2059,1675,1.640,1.700,1.080,2,0,4.002,0,0,18,300,0,22,0
30-06 10:14:01,22.276,6.007,70.331,0,0,5354024,172000,173516,2305172,5226.016,1621.867,0,196.226,0,2.002,10345,18892,1.640,1.700,1.080,4,0,13.015,0,0,18,300,0,22,0
30-06 10:14:02,22.031,6.759,69.346,0,0,5352768,173000,173520,2305408,5463.577,1568.175,16.022,753.044,1.001,12.017,11069,19793,1.640,1.700,1.080,7,0,20.028,0,0,18,300,0,22,0
30-06 10:14:03,21.951,4.739,72.339,0.249,0,5333028,200260,173520,2297920,5419.925,1508.639,0,782.257,0,30.931,2379,1874,1.590,1.690,1.080,2,0,21.951,0,0,18,300,0,22,0
30-06 10:14:04,21.981,5.495,71.187,0.250,0,5298776,234500,173520,2297932,5515.137,1618.573,0,311.725,0,20.982,3350,3177,1.590,1.690,1.080,3,0,94.916,0,0,18,300,0,22,0
30-06 10:14:05,23.802,5.512,69.150,0,0,5326580,206676,173520,2297952,5567.094,1461.174,0,264.575,0,21.046,10054,17929,1.590,1.690,1.080,3,0,24.052,0,0,18,300,0,22,0
30-06 10:14:06,19.231,2.498,76.923,0.500,0,5346496,181740,173524,2303000,12658.400,4730.291,0,1254.751,0,36.963,2269,2007,1.590,1.690,1.080,2,0,17.982,0,0,18,300,0,22,0
30-06 10:14:07,23.465,5.991,68.148,0.250,0,5385188,141168,173524,2304880,5350.032,1455.832,0,866.709,0,41.938,10151,18823,1.590,1.690,1.080,3,0,6.990,0,0,18,300,0,18,0
30-06 10:14:08,21.733,6.495,69.695,0,0,5378080,147768,173524,2305388,5515.673,1660.697,0,371.708,0,9.992,9711,18057,1.540,1.680,1.080,3,0,19.984,0,0,18,300,0,18,0
30-06 10:14:09,20.795,6.013,73.158,0,0,5348728,184560,173524,2297964,5050.893,1623.501,0,1006.170,0,25.054,2209,1616,1.540,1.680,1.080,2,0,12.026,0,0,18,300,0,18,0
30-06 10:14:10,22.570,4.765,71.220,0,0,5347496,182660,173524,2301076,4998.434,1570.851,637.970,4.012,13.040,1.003,2395,2228,1.540,1.680,1.080,2,0,2.006,0,0,18,301,0,18,0
30-06 10:14:11,25.155,5.230,66.498,1.743,0,5348220,181188,173524,2301828,4873.508,1548.126,557.883,4020.743,32.875,291.892,7701,11348,1.540,1.680,1.080,4,0,2.989,0,0,18,303,0,16,0
30-06 10:14:12,14.792,17.300,64.686,2.006,0,5287736,240764,173524,2302736,5305.235,1624.666,545.567,6129.602,27.078,421.210,7779,9418,1.540,1.680,1.080,2,0,373.071,0,0,18,302,0,18,0
30-06 10:14:13,11.217,8.475,70.542,7.478,0,5284100,230228,173532,2316908,5144.801,1615.228,14233.950,251.258,1268.253,13.959,4251,4828,1.500,1.670,1.080,2,0,78.767,0,0,18,302,0,20,0
30-06 10:14:14,8.510,3.504,74.584,11.513,0,5275052,210068,173544,2346088,4931.533,2637.960,29124.676,1401.572,2233.506,11.012,4016,5957,1.500,1.670,1.080,1,0,6.007,0,0,18,303,0,20,0
30-06 10:14:15,1.250,2.499,95.721,0.250,0,5266952,218168,173544,2346088,24574.649,3258.025,0,1315.606,0,49.985,1130,1549,1.500,1.670,1.080,2,0,0,0,0,18,303,0,16,0
30-06 10:14:16,2.498,1.249,95.413,0,0,5267348,217664,173544,2346196,142351.621,4925.523,0,195.822,0,19.982,1181,1461,1.500,1.670,1.080,1,0,1.998,0,0,18,303,0,16,0
30-06 10:14:17,5.495,3.247,88.926,0.500,0,5248888,235540,173560,2346908,172806.768,129669.772,731.390,19795.478,32.972,284.762,2372,2466,1.500,1.670,1.080,1,0,18.984,0,0,18,302,0,16,0
30-06 10:14:18,1.253,0.752,97.249,0.251,0,5249112,235316,173560,2346908,6614.941,1461.744,0,2438.244,0,379.973,986,1280,1.380,1.640,1.070,1,0,0,0,0,18,302,0,16,0
30-06 10:14:19,1.497,0.748,96.046,0,0,5238432,245996,173560,2346908,6166.933,1616.575,0,175.628,0,19.958,1245,1816,1.380,1.640,1.070,1,0,0,0,0,18,302,0,14,0
30-06 10:14:20,2.004,0.752,96.206,0,0,5238428,245996,173560,2346912,5927.720,1503.226,0,84.181,0,12.026,1218,1667,1.380,1.640,1.070,1,0,0,0,0,18,302,0,14,0
30-06 10:14:21,1.248,0.499,97.120,0,0,5238428,245996,173560,2346912,5332.870,1617.837,0,79.893,0,10.985,931,1232,1.380,1.640,1.070,2,0,0,0,0,18,302,0,14,0
30-06 10:14:22,2.749,3.748,92.450,0.750,0,5233112,251272,173564,2346944,5277.125,1619.118,19.989,82143.241,1.999,411.776,2210,2793,1.380,1.640,1.070,2,0,0.999,0,0,18,302,0,14,0
30-06 10:14:23,0.251,0.251,97.951,0,0,5233112,251272,173564,2346944,5068.410,1461.001,0,32.066,0,4.008,804,1152,1.270,1.610,1.060,1,0,0,0,0,18,302,0,13,0
30-06 10:14:24,1.498,0.499,97.104,0,0,5232108,252276,173564,2346944,5152.228,1617.560,0,0,0,0,874,1180,1.270,1.610,1.060,2,0,0,0,0,18,302,0,13,0
30-06 10:14:25,1.249,0.749,97.180,0,0,5230832,253552,173564,2346944,4651.657,1456.953,0,0,0,0,885,1185,1.270,1.610,1.060,1,0,0,0,0,18,302,0,13,0
30-06 10:14:26,0.751,0.751,97.900,0,0,5229180,255172,173564,2346976,5468.392,1622.490,0,0,0,0,814,1157,1.270,1.610,1.060,1,0,0,0,0,18,302,0,13,0
30-06 10:14:27,2.502,1.251,94.574,0.250,0,5229172,255172,173564,2346976,4983.904,1621.270,0,12557.838,0,91.071,1559,2109,1.270,1.610,1.060,1,0,0,0,0,18,302,0,11,0
30-06 10:14:28,1.250,0.750,97.495,0,0,5229172,255172,173564,2346976,4817.764,1457.928,0,275.986,0,18.999,838,1240,1.160,1.590,1.060,2,0,0,0,0,18,302,0,11,0
30-06 10:14:29,0.998,0.499,97.102,0,0,5229168,255172,173564,2346980,5271.986,1617.541,0,55.915,0,8.986,935,1295,1.160,1.590,1.060,1,0,0,0,0,18,302,0,11,0
30-06 10:14:30,2.000,0.500,96.247,0.250,0,5229168,255172,173564,2346980,6316.825,1619.955,0,135.996,0,18.000,1106,1507,1.160,1.590,1.060,2,0,0,0,0,18,302,0,11,0
30-06 10:14:31,1.002,0.501,97.665,0,0,5229164,255172,173564,2346984,5589.444,1622.742,0,188.318,0,14.024,925,1413,1.160,1.590,1.060,1,0,0,0,0,18,302,0,8,0
30-06 10:14:32,2.245,0.748,94.284,0.249,0,5229148,255172,173564,2347000,5088.328,1616.292,15.963,375.139,0.998,47.890,1631,2476,1.160,1.590,1.060,1,0,1.995,0,0,18,302,0,8,0
30-06 10:14:33,1.249,0.999,97.440,0,0,5229148,255172,173564,2347000,5638.556,1619.011,0,899.451,0,172.894,930,1278,1.070,1.560,1.050,1,0,0,0,0,18,302,0,8,0
30-06 10:14:34,1.504,0.501,96.478,0.251,0,5229136,255172,173564,2347012,4889.547,1461.451,0,188.445,0,20.047,1256,1826,1.070,1.560,1.050,1,0,0,0,0,18,302,0,8,0
30-06 10:14:35,1.247,0.998,96.270,0,0,5229136,255172,173564,2347012,6062.503,1616.135,0,199.523,0,21.948,1080,1608,1.070,1.560,1.050,2,0,0,0,0,18,302,0,8,0
30-06 10:14:36,1.254,0.501,98.041,0.251,0,5229136,255172,173564,2347012,4832.360,1462.345,0,100.298,0,8.024,821,1175,1.070,1.560,1.050,1,0,0,0,0,18,302,0,7,0
30-06 10:14:37,1.998,0.749,95.882,0,0,5229132,255172,173564,2347016,5213.596,1618.013,0,687.156,0,39.951,1384,1984,1.070,1.560,1.050,2,0,0,0,0,18,302,0,7,0
30-06 10:14:38,0.999,0.499,97.648,0.250,0,5229132,255172,173564,2347016,4992.783,1456.478,0,195.795,0,14.984,845,1241,0.980,1.540,1.050,1,0,0,0,0,18,302,0,7,0
30-06 10:14:39,1.253,0.752,97.479,0,0,5229132,255172,173564,2347016,5352.548,1623.807,0,4.009,0,1.002,883,1210,0.980,1.540,1.050,2,0,0,0,0,18,302,0,7,0
30-06 10:14:40,0.999,0.749,97.683,0,0,5229132,255172,173564,2347016,6570.518,1457.006,0,43.970,0,5.996,936,1257,0.980,1.540,1.050,1,0,0,0,0,18,302,0,7,0
30-06 10:14:41,17.959,5.986,74.080,0,0,5226084,258212,173564,2347024,5539.258,1508.530,510.825,0,3.991,0,2235,1630,0.980,1.540,1.050,2,0,7.982,0,0,18,302,0,7,0
30-06 10:14:42,15.527,5.009,78.636,0.250,0.250,5224692,259468,173564,2347160,4994.621,486.840,512.885,3005.187,4.007,49.085,2521,2544,0.980,1.540,1.050,1,0,5.009,0,0,18,302,0,7,0
30-06 10:14:43,0.750,0.250,97.783,0,0,5224688,259468,173564,2347164,4501.539,1620.554,0,208.071,0,4.001,866,1229,0.910,1.510,1.040,1,0,0,0,0,18,302,0,7,0
30-06 10:14:44,1.746,0.748,96.547,0.249,0,5224688,259468,173564,2347164,4416.723,1562.718,0,39.916,0,5.987,967,1310,0.910,1.510,1.040,2,0,0,0,0,18,302,0,7,0
30-06 10:14:45,1.250,0.750,97.277,0,0,5224684,259468,173564,2347168,4490.235,1554.427,0,64.018,0,8.002,940,1322,0.910,1.510,1.040,1,0,0,0,0,18,302,0,7,0
30-06 10:14:46,1.252,0.501,96.664,0,0,5224684,259468,173564,2347168,4868.236,1692.864,0,0,0,0,931,1250,0.910,1.510,1.040,1,0,0,0,0,18,302,0,7,0
30-06 10:14:47,1.248,1.747,95.575,0,0,5223928,260212,173572,2347172,3323.906,808.518,7.985,2874.729,1.996,107.802,1250,1786,0.910,1.510,1.040,1,0,0,0,0,18,302,0,7,0
30-06 10:14:48,9.467,3.239,86.700,0,0,5248104,236056,173576,2347184,272753.218,4287.150,3.986,342.813,0.997,14.948,1907,1738,0.910,1.500,1.040,2,0,17.938,0,0,18,302,0,7,0
30-06 10:14:49,11.058,4.272,83.188,0,0,5240352,243680,173576,2347312,283321.210,8134.816,120.635,1174.180,5.026,217.143,2619,2359,0.910,1.500,1.040,1,0,26.138,0,0,18,302,0,7,0
