Feb 20 11:38:32 ubuntu devstack@keystone.service[61905]: DEBUG keystone.server.flask.request_processing.req_logging [None req-6fee96f0-6b96-4424-b5ee-8b0629a62572 None admin] PATH_INFO: `/v3/domains/default/users/e5424a9370874148aa2c4d26b7936c07/roles/5d61f12dc9de4c9b84c49dfd6924f55e` {{(pid=61905) log_request_info /opt/stack/keystone/keystone/server/flask/request_processing/req_logging.py:28}}
Feb 20 11:38:32 ubuntu devstack@keystone.service[61905]: DEBUG keystone.common.rbac_enforcer.enforcer [None req-6fee96f0-6b96-4424-b5ee-8b0629a62572 None admin] RBAC: Authorizing `identity:create_grant(domain_id=default, user_id=e5424a9370874148aa2c4d26b7936c07, role_id=5d61f12dc9de4c9b84c49dfd6924f55e)` {{(pid=61905) enforce_call /opt/stack/keystone/keystone/common/rbac_enforcer/enforcer.py:494}}
Feb 20 11:38:32 ubuntu devstack@keystone.service[61905]: DEBUG keystone.common.rbac_enforcer.enforcer [None req-6fee96f0-6b96-4424-b5ee-8b0629a62572 None admin] RBAC: Authorization granted {{(pid=61905) enforce_call /opt/stack/keystone/keystone/common/rbac_enforcer/enforcer.py:505}}
Feb 20 11:38:32 ubuntu devstack@keystone.service[61904]: DEBUG keystone.server.flask.request_processing.middleware.auth_context [None req-52c14d15-fb95-4836-8fb9-ba0373cdb24e None admin] RBAC: auth_context: {'token': <TokenModel (audit_id=PS1FRHuJS86e065A3CwwjQ, audit_chain_id=['PS1FRHuJS86e065A3CwwjQ']) at 0x7082c3d385c0>, 'domain_id': None, 'trust_id': None, 'trustor_id': None, 'trustee_id': None, 'domain_name': None, 'group_ids': [], 'user_id': 'e5424a9370874148aa2c4d26b7936c07', 'user_domain_id': 'default', 'system_scope': 'all', 'project_id': None, 'project_domain_id': None, 'roles': ['admin', 'manager', 'member', 'reader'], 'is_admin_project': True, 'service_user_id': None, 'service_user_domain_id': None, 'service_project_id': None, 'service_project_domain_id': None, 'service_roles': []} {{(pid=61904) fill_context /opt/stack/keystone/keystone/server/flask/request_processing/middleware/auth_context.py:509}}
Feb 20 11:38:32 ubuntu devstack@keystone.service[61904]: DEBUG keystone.server.flask.request_processing.req_logging [None req-52c14d15-fb95-4836-8fb9-ba0373cdb24e None admin] REQUEST_METHOD: `GET` {{(pid=61904) log_request_info /opt/stack/keystone/keystone/server/flask/request_processing/req_logging.py:26}}
Feb 20 11:38:32 ubuntu devstack@keystone.service[61904]: DEBUG keystone.server.flask.request_processing.req_logging [None req-52c14d15-fb95-4836-8fb9-ba0373cdb24e None admin] SCRIPT_NAME: `/identity` {{(pid=61904) log_request_info /opt/stack/keystone/keystone/server/flask/request_processing/req_logging.py:27}}
Feb 20 11:38:32 ubuntu devstack@keystone.service[61904]: DEBUG keystone.server.flask.request_processing.req_logging [None req-52c14d15-fb95-4836-8fb9-ba0373cdb24e None admin] PATH_INFO: `/v3/domains` {{(pid=61904) log_request_info /opt/stack/keystone/keystone/server/flask/request_processing/req_logging.py:28}}
Feb 20 11:38:32 ubuntu devstack@keystone.service[61904]: DEBUG keystone.common.rbac_enforcer.enforcer [None req-52c14d15-fb95-4836-8fb9-ba0373cdb24e None admin] RBAC: Adding query filter params (name=Default) {{(pid=61904) _extract_filter_values /opt/stack/keystone/keystone/common/rbac_enforcer/enforcer.py:176}}
Feb 20 11:38:32 ubuntu devstack@keystone.service[61904]: DEBUG keystone.common.rbac_enforcer.enforcer [None req-52c14d15-fb95-4836-8fb9-ba0373cdb24e None admin] RBAC: Authorizing `identity:list_domains()` {{(pid=61904) enforce_call /opt/stack/keystone/keystone/common/rbac_enforcer/enforcer.py:494}}
Feb 20 11:38:32 ubuntu devstack@keystone.service[61904]: DEBUG keystone.common.rbac_enforcer.enforcer [None req-52c14d15-fb95-4836-8fb9-ba0373cdb24e None admin] RBAC: Authorization granted {{(pid=61904) enforce_call /opt/stack/keystone/keystone/common/rbac_enforcer/enforcer.py:505}}
Feb 20 11:38:32 ubuntu devstack@keystone.service[61904]: [pid: 61904|app: 0|req: 10/21] 10.120.125.137 () {58 vars in 1190 bytes} [Fri Feb 20 11:38:31 2026] GET /identity/v3/domains?name=Default => generated 310 bytes in 89 msecs (HTTP/1.1 200) 5 headers in 177 bytes (1 switches on core 0)
Feb 20 11:38:32 ubuntu devstack@keystone.service[61905]: [pid: 61905|app: 0|req: 12/22] 10.120.125.137 () {60 vars in 1429 bytes} [Fri Feb 20 11:38:31 2026] PUT /identity/v3/domains/default/users/e5424a9370874148aa2c4d26b7936c07/roles/5d61f12dc9de4c9b84c49dfd6924f55e => generated 0 bytes in 165 msecs (HTTP/1.1 204) 3 headers in 132 bytes (0 switches on core 0)
Feb 20 11:38:33 ubuntu devstack@keystone.service[61904]: DEBUG keystone.server.flask.request_processing.req_logging [None req-ec121470-041e-4ad9-98af-088a81f08006 None None] REQUEST_METHOD: `GET` {{(pid=61904) log_request_info /opt/stack/keystone/keystone/server/flask/request_processing/req_logging.py:26}}
Feb 20 11:38:33 ubuntu devstack@keystone.service[61904]: DEBUG keystone.server.flask.request_processing.req_logging [None req-ec121470-041e-4ad9-98af-088a81f08006 None None] SCRIPT_NAME: `/identity` {{(pid=61904) log_request_info /opt/stack/keystone/keystone/server/flask/request_processing/req_logging.py:27}}
Feb 20 11:38:33 ubuntu devstack@keystone.service[61904]: DEBUG keystone.server.flask.request_processing.req_logging [None req-ec121470-041e-4ad9-98af-088a81f08006 None None] PATH_INFO: `/` {{(pid=61904) log_request_info /opt/stack/keystone/keystone/server/flask/request_processing/req_logging.py:28}}
Feb 20 11:38:33 ubuntu devstack@keystone.service[61904]: [pid: 61904|app: 0|req: 11/23] 10.120.125.137 () {56 vars in 951 bytes} [Fri Feb 20 11:38:33 2026] GET /identity => generated 271 bytes in 13 msecs (HTTP/1.1 300) 6 headers in 235 bytes (1 switches on core 0)
Feb 20 11:38:34 ubuntu devstack@keystone.service[61905]: DEBUG keystone.server.flask.request_processing.req_logging [None req-816acccd-11b4-4973-850a-20eafbf12d17 None None] REQUEST_METHOD: `POST` {{(pid=61905) log_request_info /opt/stack/keystone/keystone/server/flask/request_processing/req_logging.py:26}}
Feb 20 11:38:34 ubuntu devstack@keystone.service[61905]: DEBUG keystone.server.flask.request_processing.req_logging [None req-816acccd-11b4-4973-850a-20eafbf12d17 None None] SCRIPT_NAME: `/identity` {{(pid=61905) log_request_info /opt/stack/keystone/keystone/server/flask/request_processing/req_logging.py:27}}
Feb 20 11:38:34 ubuntu devstack@keystone.service[61905]: DEBUG keystone.server.flask.request_processing.req_logging [None req-816acccd-11b4-4973-850a-20eafbf12d17 None None] PATH_INFO: `/v3/auth/tokens` {{(pid=61905) log_request_info /opt/stack/keystone/keystone/server/flask/request_processing/req_logging.py:28}}
Feb 20 11:38:34 ubuntu devstack@keystone.service[61904]: DEBUG keystone.server.flask.request_processing.req_logging [None req-999906d7-33cb-405c-99c5-e60b8ad6dfd9 None None] REQUEST_METHOD: `GET` {{(pid=61904) log_request_info /opt/stack/keystone/keystone/server/flask/request_processing/req_logging.py:26}}
Feb 20 11:38:34 ubuntu devstack@keystone.service[61904]: DEBUG keystone.server.flask.request_processing.req_logging [None req-999906d7-33cb-405c-99c5-e60b8ad6dfd9 None None] SCRIPT_NAME: `/identity` {{(pid=61904) log_request_info /opt/stack/keystone/keystone/server/flask/request_processing/req_logging.py:27}}
Feb 20 11:38:34 ubuntu devstack@keystone.service[61904]: DEBUG keystone.server.flask.request_processing.req_logging [None req-999906d7-33cb-405c-99c5-e60b8ad6dfd9 None None] PATH_INFO: `/` {{(pid=61904) log_request_info /opt/stack/keystone/keystone/server/flask/request_processing/req_logging.py:28}}
Feb 20 11:38:34 ubuntu devstack@keystone.service[61904]: [pid: 61904|app: 0|req: 12/24] 10.120.125.137 () {56 vars in 951 bytes} [Fri Feb 20 11:38:34 2026] GET /identity => generated 271 bytes in 1 msecs (HTTP/1.1 300) 6 headers in 235 bytes (1 switches on core 0)
Feb 20 11:38:34 ubuntu devstack@keystone.service[61905]: WARNING keystone.common.password_hashing [None req-816acccd-11b4-4973-850a-20eafbf12d17 None None] Truncating password to algorithm specific maximum length 72 characters.
Feb 20 11:38:34 ubuntu devstack@keystone.service[61905]: DEBUG keystone.auth.core [None req-816acccd-11b4-4973-850a-20eafbf12d17 None None] MFA Rules not processed for user `e5424a9370874148aa2c4d26b7936c07`. Rule list: `[]` (Enabled: `True`). {{(pid=61905) check_auth_methods_against_rules /opt/stack/keystone/keystone/auth/core.py:476}}
Feb 20 11:38:34 ubuntu devstack@keystone.service[61905]: DEBUG keystone.common.fernet_utils [None req-816acccd-11b4-4973-850a-20eafbf12d17 None None] Loaded 2 Fernet keys from /etc/keystone/fernet-keys/, but `[fernet_tokens] max_active_keys = 3`; perhaps there have not been enough key rotations to reach `max_active_keys` yet? {{(pid=61905) load_keys /opt/stack/keystone/keystone/common/fernet_utils.py:297}}
Feb 20 11:38:34 ubuntu devstack@keystone.service[61904]: DEBUG keystone.server.flask.request_processing.req_logging [None req-a6a5db11-c560-406b-8f69-60c68c24b548 None None] REQUEST_METHOD: `GET` {{(pid=61904) log_request_info /opt/stack/keystone/keystone/server/flask/request_processing/req_logging.py:26}}
Feb 20 11:38:34 ubuntu devstack@keystone.service[61904]: DEBUG keystone.server.flask.request_processing.req_logging [None req-a6a5db11-c560-406b-8f69-60c68c24b548 None None] SCRIPT_NAME: `/identity` {{(pid=61904) log_request_info /opt/stack/keystone/keystone/server/flask/request_processing/req_logging.py:27}}
Feb 20 11:38:34 ubuntu devstack@keystone.service[61904]: DEBUG keystone.server.flask.request_processing.req_logging [None req-a6a5db11-c560-406b-8f69-60c68c24b548 None None] PATH_INFO: `/` {{(pid=61904) log_request_info /opt/stack/keystone/keystone/server/flask/request_processing/req_logging.py:28}}
Feb 20 11:38:34 ubuntu devstack@keystone.service[61904]: [pid: 61904|app: 0|req: 13/25] 10.120.125.137 () {56 vars in 951 bytes} [Fri Feb 20 11:38:34 2026] GET /identity => generated 271 bytes in 1 msecs (HTTP/1.1 300) 6 headers in 235 bytes (1 switches on core 0)
Feb 20 11:38:34 ubuntu devstack@keystone.service[61905]: [pid: 61905|app: 0|req: 13/26] 10.120.125.137 () {60 vars in 1048 bytes} [Fri Feb 20 11:38:34 2026] POST /identity/v3/auth/tokens => generated 863 bytes in 59 msecs (HTTP/1.1 201) 6 headers in 363 bytes (1 switches on core 0)
Feb 20 11:38:34 ubuntu devstack@keystone.service[61904]: DEBUG keystone.server.flask.request_processing.req_logging [None req-c10d3dcc-3a67-495a-af98-df3283ad351f None None] REQUEST_METHOD: `POST` {{(pid=61904) log_request_info /opt/stack/keystone/keystone/server/flask/request_processing/req_logging.py:26}}
Feb 20 11:38:34 ubuntu devstack@keystone.service[61904]: DEBUG keystone.server.flask.request_processing.req_logging [None req-c10d3dcc-3a67-495a-af98-df3283ad351f None None] SCRIPT_NAME: `/identity` {{(pid=61904) log_request_info /opt/stack/keystone/keystone/server/flask/request_processing/req_logging.py:27}}
Feb 20 11:38:34 ubuntu devstack@keystone.service[61904]: DEBUG keystone.server.flask.request_processing.req_logging [None req-c10d3dcc-3a67-495a-af98-df3283ad351f None None] PATH_INFO: `/v3/auth/tokens` {{(pid=61904) log_request_info /opt/stack/keystone/keystone/server/flask/request_processing/req_logging.py:28}}
Feb 20 11:38:34 ubuntu devstack@keystone.service[61904]: WARNING keystone.common.password_hashing [None req-c10d3dcc-3a67-495a-af98-df3283ad351f None None] Truncating password to algorithm specific maximum length 72 characters.
Feb 20 11:38:34 ubuntu devstack@keystone.service[61905]: DEBUG keystone.server.flask.request_processing.req_logging [None req-683dcede-24ff-485a-8888-fcf720a0df9a None None] REQUEST_METHOD: `GET` {{(pid=61905) log_request_info /opt/stack/keystone/keystone/server/flask/request_processing/req_logging.py:26}}
Feb 20 11:38:34 ubuntu devstack@keystone.service[61905]: DEBUG keystone.server.flask.request_processing.req_logging [None req-683dcede-24ff-485a-8888-fcf720a0df9a None None] SCRIPT_NAME: `/identity` {{(pid=61905) log_request_info /opt/stack/keystone/keystone/server/flask/request_processing/req_logging.py:27}}
Feb 20 11:38:34 ubuntu devstack@keystone.service[61905]: DEBUG keystone.server.flask.request_processing.req_logging [None req-683dcede-24ff-485a-8888-fcf720a0df9a None None] PATH_INFO: `/` {{(pid=61905) log_request_info /opt/stack/keystone/keystone/server/flask/request_processing/req_logging.py:28}}
Feb 20 11:38:34 ubuntu devstack@keystone.service[61905]: [pid: 61905|app: 0|req: 14/27] 10.120.125.137 () {56 vars in 951 bytes} [Fri Feb 20 11:38:34 2026] GET /identity => generated 271 bytes in 2 msecs (HTTP/1.1 300) 6 headers in 235 bytes (1 switches on core 0)
Feb 20 11:38:34 ubuntu devstack@keystone.service[61904]: DEBUG keystone.auth.core [None req-c10d3dcc-3a67-495a-af98-df3283ad351f None None] MFA Rules not processed for user `e5424a9370874148aa2c4d26b7936c07`. Rule list: `[]` (Enabled: `True`). {{(pid=61904) check_auth_methods_against_rules /opt/stack/keystone/keystone/auth/core.py:476}}
Feb 20 11:38:34 ubuntu devstack@keystone.service[61904]: DEBUG keystone.common.fernet_utils [None req-c10d3dcc-3a67-495a-af98-df3283ad351f None None] Loaded 2 Fernet keys from /etc/keystone/fernet-keys/, but `[fernet_tokens] max_active_keys = 3`; perhaps there have not been enough key rotations to reach `max_active_keys` yet? {{(pid=61904) load_keys /opt/stack/keystone/keystone/common/fernet_utils.py:297}}
Feb 20 11:38:34 ubuntu devstack@keystone.service[61905]: DEBUG keystone.server.flask.request_processing.req_logging [None req-177b15be-058e-4f3b-a47e-20e5d0e8751f None None] REQUEST_METHOD: `POST` {{(pid=61905) log_request_info /opt/stack/keystone/keystone/server/flask/request_processing/req_logging.py:26}}
Feb 20 11:38:34 ubuntu devstack@keystone.service[61905]: DEBUG keystone.server.flask.request_processing.req_logging [None req-177b15be-058e-4f3b-a47e-20e5d0e8751f None None] SCRIPT_NAME: `/identity` {{(pid=61905) log_request_info /opt/stack/keystone/keystone/server/flask/request_processing/req_logging.py:27}}
Feb 20 11:38:34 ubuntu devstack@keystone.service[61905]: DEBUG keystone.server.flask.request_processing.req_logging [None req-177b15be-058e-4f3b-a47e-20e5d0e8751f None None] PATH_INFO: `/v3/auth/tokens` {{(pid=61905) log_request_info /opt/stack/keystone/keystone/server/flask/request_processing/req_logging.py:28}}
Feb 20 11:38:34 ubuntu devstack@keystone.service[61905]: WARNING keystone.common.password_hashing [None req-177b15be-058e-4f3b-a47e-20e5d0e8751f None None] Truncating password to algorithm specific maximum length 72 characters.
Feb 20 11:38:34 ubuntu devstack@keystone.service[61904]: [pid: 61904|app: 0|req: 14/28] 10.120.125.137 () {60 vars in 1048 bytes} [Fri Feb 20 11:38:34 2026] POST /identity/v3/auth/tokens => generated 863 bytes in 66 msecs (HTTP/1.1 201) 6 headers in 363 bytes (1 switches on core 0)
Feb 20 11:38:34 ubuntu devstack@keystone.service[61905]: DEBUG keystone.auth.core [None req-177b15be-058e-4f3b-a47e-20e5d0e8751f None None] MFA Rules not processed for user `e5424a9370874148aa2c4d26b7936c07`. Rule list: `[]` (Enabled: `True`). {{(pid=61905) check_auth_methods_against_rules /opt/stack/keystone/keystone/auth/core.py:476}}
Feb 20 11:38:34 ubuntu devstack@keystone.service[61905]: DEBUG keystone.common.fernet_utils [None req-177b15be-058e-4f3b-a47e-20e5d0e8751f None None] Loaded 2 Fernet keys from /etc/keystone/fernet-keys/, but `[fernet_tokens] max_active_keys = 3`; perhaps there have not been enough key rotations to reach `max_active_keys` yet? {{(pid=61905) load_keys /opt/stack/keystone/keystone/common/fernet_utils.py:297}}
Feb 20 11:38:34 ubuntu devstack@keystone.service[61905]: [pid: 61905|app: 0|req: 15/29] 10.120.125.137 () {60 vars in 1048 bytes} [Fri Feb 20 11:38:34 2026] POST /identity/v3/auth/tokens => generated 863 bytes in 72 msecs (HTTP/1.1 201) 6 headers in 363 bytes (1 switches on core 0)
Feb 20 11:38:34 ubuntu devstack@keystone.service[61904]: DEBUG keystone.server.flask.request_processing.req_logging [None req-704cf127-e884-4d28-8fe3-4013f9c8505f None None] REQUEST_METHOD: `POST` {{(pid=61904) log_request_info /opt/stack/keystone/keystone/server/flask/request_processing/req_logging.py:26}}
Feb 20 11:38:34 ubuntu devstack@keystone.service[61904]: DEBUG keystone.server.flask.request_processing.req_logging [None req-704cf127-e884-4d28-8fe3-4013f9c8505f None None] SCRIPT_NAME: `/identity` {{(pid=61904) log_request_info /opt/stack/keystone/keystone/server/flask/request_processing/req_logging.py:27}}
Feb 20 11:38:34 ubuntu devstack@keystone.service[61904]: DEBUG keystone.server.flask.request_processing.req_logging [None req-704cf127-e884-4d28-8fe3-4013f9c8505f None None] PATH_INFO: `/v3/auth/tokens` {{(pid=61904) log_request_info /opt/stack/keystone/keystone/server/flask/request_processing/req_logging.py:28}}
Feb 20 11:38:34 ubuntu devstack@keystone.service[61904]: WARNING keystone.common.password_hashing [None req-704cf127-e884-4d28-8fe3-4013f9c8505f None None] Truncating password to algorithm specific maximum length 72 characters.
Feb 20 11:38:34 ubuntu devstack@keystone.service[61904]: DEBUG keystone.auth.core [None req-704cf127-e884-4d28-8fe3-4013f9c8505f None None] MFA Rules not processed for user `e5424a9370874148aa2c4d26b7936c07`. Rule list: `[]` (Enabled: `True`). {{(pid=61904) check_auth_methods_against_rules /opt/stack/keystone/keystone/auth/core.py:476}}
Feb 20 11:38:34 ubuntu devstack@keystone.service[61904]: DEBUG keystone.common.fernet_utils [None req-704cf127-e884-4d28-8fe3-4013f9c8505f None None] Loaded 2 Fernet keys from /etc/keystone/fernet-keys/, but `[fernet_tokens] max_active_keys = 3`; perhaps there have not been enough key rotations to reach `max_active_keys` yet? {{(pid=61904) load_keys /opt/stack/keystone/keystone/common/fernet_utils.py:297}}
Feb 20 11:38:34 ubuntu devstack@keystone.service[61905]: DEBUG keystone.server.flask.request_processing.middleware.auth_context [None req-177b15be-058e-4f3b-a47e-20e5d0e8751f None None] Authenticating user token {{(pid=61905) process_request /opt/stack/data/venv/lib/python3.12/site-packages/keystonemiddleware/auth_token/__init__.py:407}}
Feb 20 11:38:34 ubuntu devstack@keystone.service[61904]: [pid: 61904|app: 0|req: 15/30] 10.120.125.137 () {60 vars in 1048 bytes} [Fri Feb 20 11:38:34 2026] POST /identity/v3/auth/tokens => generated 863 bytes in 65 msecs (HTTP/1.1 201) 6 headers in 363 bytes (1 switches on core 0)
Feb 20 11:38:34 ubuntu devstack@keystone.service[61904]: DEBUG keystone.server.flask.request_processing.req_logging [None req-2da3a6a0-6d90-4a8f-8040-719cee686bb0 None None] REQUEST_METHOD: `GET` {{(pid=61904) log_request_info /opt/stack/keystone/keystone/server/flask/request_processing/req_logging.py:26}}
Feb 20 11:38:34 ubuntu devstack@keystone.service[61905]: DEBUG keystone.server.flask.request_processing.middleware.auth_context [None req-177b15be-058e-4f3b-a47e-20e5d0e8751f None None] Validating token access rules against request {{(pid=61905) validate_allowed_request /opt/stack/data/venv/lib/python3.12/site-packages/keystonemiddleware/auth_token/__init__.py:545}}
Feb 20 11:38:34 ubuntu devstack@keystone.service[61904]: DEBUG keystone.server.flask.request_processing.req_logging [None req-2da3a6a0-6d90-4a8f-8040-719cee686bb0 None None] SCRIPT_NAME: `/identity` {{(pid=61904) log_request_info /opt/stack/keystone/keystone/server/flask/request_processing/req_logging.py:27}}
Feb 20 11:38:34 ubuntu devstack@keystone.service[61904]: DEBUG keystone.server.flask.request_processing.req_logging [None req-2da3a6a0-6d90-4a8f-8040-719cee686bb0 None None] PATH_INFO: `/` {{(pid=61904) log_request_info /opt/stack/keystone/keystone/server/flask/request_processing/req_logging.py:28}}
Feb 20 11:38:34 ubuntu devstack@keystone.service[61904]: [pid: 61904|app: 0|req: 16/31] 10.120.125.137 () {56 vars in 951 bytes} [Fri Feb 20 11:38:34 2026] GET /identity => generated 271 bytes in 1 msecs (HTTP/1.1 300) 6 headers in 235 bytes (1 switches on core 0)
Feb 20 11:38:34 ubuntu devstack@keystone.service[61905]: DEBUG keystone.server.flask.request_processing.middleware.auth_context [None req-8da404f5-b99c-4d54-b95f-8cda43720b80 None admin] RBAC: auth_context: {'token': <TokenModel (audit_id=cqkr9ofNRQeCgvx8Z47p-g, audit_chain_id=['cqkr9ofNRQeCgvx8Z47p-g']) at 0x7082c3febec0>, 'domain_id': None, 'trust_id': None, 'trustor_id': None, 'trustee_id': None, 'domain_name': None, 'group_ids': [], 'user_id': 'e5424a9370874148aa2c4d26b7936c07', 'user_domain_id': 'default', 'system_scope': 'all', 'project_id': None, 'project_domain_id': None, 'roles': ['admin', 'manager', 'member', 'reader'], 'is_admin_project': True, 'service_user_id': None, 'service_user_domain_id': None, 'service_project_id': None, 'service_project_domain_id': None, 'service_roles': []} {{(pid=61905) fill_context /opt/stack/keystone/keystone/server/flask/request_processing/middleware/auth_context.py:509}}
Feb 20 11:38:34 ubuntu devstack@keystone.service[61905]: DEBUG keystone.server.flask.request_processing.req_logging [None req-8da404f5-b99c-4d54-b95f-8cda43720b80 None admin] REQUEST_METHOD: `GET` {{(pid=61905) log_request_info /opt/stack/keystone/keystone/server/flask/request_processing/req_logging.py:26}}
Feb 20 11:38:34 ubuntu devstack@keystone.service[61905]: DEBUG keystone.server.flask.request_processing.req_logging [None req-8da404f5-b99c-4d54-b95f-8cda43720b80 None admin] SCRIPT_NAME: `/identity` {{(pid=61905) log_request_info /opt/stack/keystone/keystone/server/flask/request_processing/req_logging.py:27}}
Feb 20 11:38:34 ubuntu devstack@keystone.service[61905]: DEBUG keystone.server.flask.request_processing.req_logging [None req-8da404f5-b99c-4d54-b95f-8cda43720b80 None admin] PATH_INFO: `/v3/domains/Default` {{(pid=61905) log_request_info /opt/stack/keystone/keystone/server/flask/request_processing/req_logging.py:28}}
Feb 20 11:38:34 ubuntu devstack@keystone.service[61905]: DEBUG keystone.common.rbac_enforcer.enforcer [None req-8da404f5-b99c-4d54-b95f-8cda43720b80 None admin] RBAC: Authorizing `identity:get_domain(domain_id=Default)` {{(pid=61905) enforce_call /opt/stack/keystone/keystone/common/rbac_enforcer/enforcer.py:494}}
Feb 20 11:38:34 ubuntu devstack@keystone.service[61905]: DEBUG keystone.common.rbac_enforcer.enforcer [None req-8da404f5-b99c-4d54-b95f-8cda43720b80 None admin] RBAC: Authorization granted {{(pid=61905) enforce_call /opt/stack/keystone/keystone/common/rbac_enforcer/enforcer.py:505}}
Feb 20 11:38:34 ubuntu devstack@keystone.service[61905]: DEBUG keystone.server.flask.application [None req-8da404f5-b99c-4d54-b95f-8cda43720b80 None admin] Could not find domain: Default. {{(pid=61905) _handle_keystone_exception /opt/stack/keystone/keystone/server/flask/application.py:146}}
Feb 20 11:38:34 ubuntu devstack@keystone.service[61905]: [pid: 61905|app: 0|req: 16/32] 10.120.125.137 () {58 vars in 1176 bytes} [Fri Feb 20 11:38:34 2026] GET /identity/v3/domains/Default => generated 87 bytes in 83 msecs (HTTP/1.1 404) 5 headers in 183 bytes (1 switches on core 0)
Feb 20 11:38:34 ubuntu devstack@keystone.service[61904]: DEBUG keystone.server.flask.request_processing.middleware.auth_context [None req-2da3a6a0-6d90-4a8f-8040-719cee686bb0 None None] Authenticating user token {{(pid=61904) process_request /opt/stack/data/venv/lib/python3.12/site-packages/keystonemiddleware/auth_token/__init__.py:407}}
Feb 20 11:38:34 ubuntu devstack@keystone.service[61904]: DEBUG keystone.server.flask.request_processing.middleware.auth_context [None req-2da3a6a0-6d90-4a8f-8040-719cee686bb0 None None] Validating token access rules against request {{(pid=61904) validate_allowed_request /opt/stack/data/venv/lib/python3.12/site-packages/keystonemiddleware/auth_token/__init__.py:545}}
Feb 20 11:38:34 ubuntu devstack@keystone.service[61905]: DEBUG keystone.server.flask.request_processing.req_logging [None req-519ffe48-c7d2-42a1-a915-1da5c18f20ff None None] REQUEST_METHOD: `POST` {{(pid=61905) log_request_info /opt/stack/keystone/keystone/server/flask/request_processing/req_logging.py:26}}
Feb 20 11:38:34 ubuntu devstack@keystone.service[61905]: DEBUG keystone.server.flask.request_processing.req_logging [None req-519ffe48-c7d2-42a1-a915-1da5c18f20ff None None] SCRIPT_NAME: `/identity` {{(pid=61905) log_request_info /opt/stack/keystone/keystone/server/flask/request_processing/req_logging.py:27}}
Feb 20 11:38:34 ubuntu devstack@keystone.service[61905]: DEBUG keystone.server.flask.request_processing.req_logging [None req-519ffe48-c7d2-42a1-a915-1da5c18f20ff None None] PATH_INFO: `/v3/auth/tokens` {{(pid=61905) log_request_info /opt/stack/keystone/keystone/server/flask/request_processing/req_logging.py:28}}
Feb 20 11:38:34 ubuntu devstack@keystone.service[61904]: DEBUG keystone.server.flask.request_processing.middleware.auth_context [None req-61d5c7a5-6a1c-4be5-a97e-81bc0fefccde None admin] RBAC: auth_context: {'token': <TokenModel (audit_id=cqkr9ofNRQeCgvx8Z47p-g, audit_chain_id=['cqkr9ofNRQeCgvx8Z47p-g']) at 0x7082c3d3a900>, 'domain_id': None, 'trust_id': None, 'trustor_id': None, 'trustee_id': None, 'domain_name': None, 'group_ids': [], 'user_id': 'e5424a9370874148aa2c4d26b7936c07', 'user_domain_id': 'default', 'system_scope': 'all', 'project_id': None, 'project_domain_id': None, 'roles': ['admin', 'manager', 'member', 'reader'], 'is_admin_project': True, 'service_user_id': None, 'service_user_domain_id': None, 'service_project_id': None, 'service_project_domain_id': None, 'service_roles': []} {{(pid=61904) fill_context /opt/stack/keystone/keystone/server/flask/request_processing/middleware/auth_context.py:509}}
Feb 20 11:38:34 ubuntu devstack@keystone.service[61904]: DEBUG keystone.server.flask.request_processing.req_logging [None req-61d5c7a5-6a1c-4be5-a97e-81bc0fefccde None admin] REQUEST_METHOD: `GET` {{(pid=61904) log_request_info /opt/stack/keystone/keystone/server/flask/request_processing/req_logging.py:26}}
Feb 20 11:38:34 ubuntu devstack@keystone.service[61905]: WARNING keystone.common.password_hashing [None req-519ffe48-c7d2-42a1-a915-1da5c18f20ff None None] Truncating password to algorithm specific maximum length 72 characters.
Feb 20 11:38:34 ubuntu devstack@keystone.service[61904]: DEBUG keystone.server.flask.request_processing.req_logging [None req-61d5c7a5-6a1c-4be5-a97e-81bc0fefccde None admin] SCRIPT_NAME: `/identity` {{(pid=61904) log_request_info /opt/stack/keystone/keystone/server/flask/request_processing/req_logging.py:27}}
Feb 20 11:38:34 ubuntu devstack@keystone.service[61904]: DEBUG keystone.server.flask.request_processing.req_logging [None req-61d5c7a5-6a1c-4be5-a97e-81bc0fefccde None admin] PATH_INFO: `/v3/domains` {{(pid=61904) log_request_info /opt/stack/keystone/keystone/server/flask/request_processing/req_logging.py:28}}
Feb 20 11:38:34 ubuntu devstack@keystone.service[61904]: DEBUG keystone.common.rbac_enforcer.enforcer [None req-61d5c7a5-6a1c-4be5-a97e-81bc0fefccde None admin] RBAC: Adding query filter params (name=Default) {{(pid=61904) _extract_filter_values /opt/stack/keystone/keystone/common/rbac_enforcer/enforcer.py:176}}
Feb 20 11:38:34 ubuntu devstack@keystone.service[61904]: DEBUG keystone.common.rbac_enforcer.enforcer [None req-61d5c7a5-6a1c-4be5-a97e-81bc0fefccde None admin] RBAC: Authorizing `identity:list_domains()` {{(pid=61904) enforce_call /opt/stack/keystone/keystone/common/rbac_enforcer/enforcer.py:494}}
Feb 20 11:38:34 ubuntu devstack@keystone.service[61904]: DEBUG keystone.common.rbac_enforcer.enforcer [None req-61d5c7a5-6a1c-4be5-a97e-81bc0fefccde None admin] RBAC: Authorization granted {{(pid=61904) enforce_call /opt/stack/keystone/keystone/common/rbac_enforcer/enforcer.py:505}}
Feb 20 11:38:34 ubuntu devstack@keystone.service[61905]: DEBUG keystone.auth.core [None req-519ffe48-c7d2-42a1-a915-1da5c18f20ff None None] MFA Rules not processed for user `e5424a9370874148aa2c4d26b7936c07`. Rule list: `[]` (Enabled: `True`). {{(pid=61905) check_auth_methods_against_rules /opt/stack/keystone/keystone/auth/core.py:476}}
Feb 20 11:38:34 ubuntu devstack@keystone.service[61905]: DEBUG keystone.common.fernet_utils [None req-519ffe48-c7d2-42a1-a915-1da5c18f20ff None None] Loaded 2 Fernet keys from /etc/keystone/fernet-keys/, but `[fernet_tokens] max_active_keys = 3`; perhaps there have not been enough key rotations to reach `max_active_keys` yet? {{(pid=61905) load_keys /opt/stack/keystone/keystone/common/fernet_utils.py:297}}
Feb 20 11:38:34 ubuntu devstack@keystone.service[61904]: [pid: 61904|app: 0|req: 17/33] 10.120.125.137 () {58 vars in 1190 bytes} [Fri Feb 20 11:38:34 2026] GET /identity/v3/domains?name=Default => generated 310 bytes in 98 msecs (HTTP/1.1 200) 5 headers in 177 bytes (1 switches on core 0)
Feb 20 11:38:34 ubuntu devstack@keystone.service[61904]: DEBUG keystone.server.flask.request_processing.middleware.auth_context [None req-61d5c7a5-6a1c-4be5-a97e-81bc0fefccde None admin] Authenticating user token {{(pid=61904) process_request /opt/stack/data/venv/lib/python3.12/site-packages/keystonemiddleware/auth_token/__init__.py:407}}
Feb 20 11:38:34 ubuntu devstack@keystone.service[61905]: [pid: 61905|app: 0|req: 17/34] 10.120.125.137 () {60 vars in 1048 bytes} [Fri Feb 20 11:38:34 2026] POST /identity/v3/auth/tokens => generated 863 bytes in 82 msecs (HTTP/1.1 201) 6 headers in 363 bytes (1 switches on core 0)
Feb 20 11:38:34 ubuntu devstack@keystone.service[61904]: DEBUG keystone.server.flask.request_processing.middleware.auth_context [None req-61d5c7a5-6a1c-4be5-a97e-81bc0fefccde None admin] Validating token access rules against request {{(pid=61904) validate_allowed_request /opt/stack/data/venv/lib/python3.12/site-packages/keystonemiddleware/auth_token/__init__.py:545}}
Feb 20 11:38:34 ubuntu devstack@keystone.service[61904]: DEBUG keystone.server.flask.request_processing.middleware.auth_context [None req-b3abc08a-a306-4e50-83ca-816278b5c56e None admin] RBAC: auth_context: {'token': <TokenModel (audit_id=FLw2wY8AQcWR-A0jF1mBVA, audit_chain_id=['FLw2wY8AQcWR-A0jF1mBVA']) at 0x7082c3d39cd0>, 'domain_id': None, 'trust_id': None, 'trustor_id': None, 'trustee_id': None, 'domain_name': None, 'group_ids': [], 'user_id': 'e5424a9370874148aa2c4d26b7936c07', 'user_domain_id': 'default', 'system_scope': 'all', 'project_id': None, 'project_domain_id': None, 'roles': ['admin', 'manager', 'member', 'reader'], 'is_admin_project': True, 'service_user_id': None, 'service_user_domain_id': None, 'service_project_id': None, 'service_project_domain_id': None, 'service_roles': []} {{(pid=61904) fill_context /opt/stack/keystone/keystone/server/flask/request_processing/middleware/auth_context.py:509}}
Feb 20 11:38:34 ubuntu devstack@keystone.service[61904]: DEBUG keystone.server.flask.request_processing.req_logging [None req-b3abc08a-a306-4e50-83ca-816278b5c56e None admin] REQUEST_METHOD: `GET` {{(pid=61904) log_request_info /opt/stack/keystone/keystone/server/flask/request_processing/req_logging.py:26}}
Feb 20 11:38:34 ubuntu devstack@keystone.service[61904]: DEBUG keystone.server.flask.request_processing.req_logging [None req-b3abc08a-a306-4e50-83ca-816278b5c56e None admin] SCRIPT_NAME: `/identity` {{(pid=61904) log_request_info /opt/stack/keystone/keystone/server/flask/request_processing/req_logging.py:27}}
Feb 20 11:38:34 ubuntu devstack@keystone.service[61904]: DEBUG keystone.server.flask.request_processing.req_logging [None req-b3abc08a-a306-4e50-83ca-816278b5c56e None admin] PATH_INFO: `/v3/roles/admin` {{(pid=61904) log_request_info /opt/stack/keystone/keystone/server/flask/request_processing/req_logging.py:28}}
Feb 20 11:38:34 ubuntu devstack@keystone.service[61904]: DEBUG keystone.common.rbac_enforcer.enforcer [None req-b3abc08a-a306-4e50-83ca-816278b5c56e None admin] Extracting inferred target data resulted in "NOT FOUND (404)". {{(pid=61904) enforce_call /opt/stack/keystone/keystone/common/rbac_enforcer/enforcer.py:445}}
Feb 20 11:38:34 ubuntu devstack@keystone.service[61904]: DEBUG keystone.server.flask.application [None req-b3abc08a-a306-4e50-83ca-816278b5c56e None admin] Could not find role: admin. {{(pid=61904) _handle_keystone_exception /opt/stack/keystone/keystone/server/flask/application.py:146}}
Feb 20 11:38:34 ubuntu devstack@keystone.service[61904]: [pid: 61904|app: 0|req: 18/35] 10.120.125.137 () {58 vars in 1164 bytes} [Fri Feb 20 11:38:34 2026] GET /identity/v3/roles/admin => generated 83 bytes in 78 msecs (HTTP/1.1 404) 5 headers in 183 bytes (2 switches on core 0)
Feb 20 11:38:34 ubuntu devstack@keystone.service[61905]: DEBUG keystone.server.flask.request_processing.middleware.auth_context [None req-519ffe48-c7d2-42a1-a915-1da5c18f20ff None None] Authenticating user token {{(pid=61905) process_request /opt/stack/data/venv/lib/python3.12/site-packages/keystonemiddleware/auth_token/__init__.py:407}}
Feb 20 11:38:34 ubuntu devstack@keystone.service[61904]: DEBUG keystone.server.flask.request_processing.req_logging [None req-521643e4-3dcd-4a29-8fe6-b7b2b1d4bc86 None None] REQUEST_METHOD: `GET` {{(pid=61904) log_request_info /opt/stack/keystone/keystone/server/flask/request_processing/req_logging.py:26}}
Feb 20 11:38:34 ubuntu devstack@keystone.service[61904]: DEBUG keystone.server.flask.request_processing.req_logging [None req-521643e4-3dcd-4a29-8fe6-b7b2b1d4bc86 None None] SCRIPT_NAME: `/identity` {{(pid=61904) log_request_info /opt/stack/keystone/keystone/server/flask/request_processing/req_logging.py:27}}
Feb 20 11:38:34 ubuntu devstack@keystone.service[61904]: DEBUG keystone.server.flask.request_processing.req_logging [None req-521643e4-3dcd-4a29-8fe6-b7b2b1d4bc86 None None] PATH_INFO: `/` {{(pid=61904) log_request_info /opt/stack/keystone/keystone/server/flask/request_processing/req_logging.py:28}}
Feb 20 11:38:34 ubuntu devstack@keystone.service[61904]: [pid: 61904|app: 0|req: 19/36] 10.120.125.137 () {56 vars in 951 bytes} [Fri Feb 20 11:38:34 2026] GET /identity => generated 271 bytes in 4 msecs (HTTP/1.1 300) 6 headers in 235 bytes (1 switches on core 0)
Feb 20 11:38:34 ubuntu devstack@keystone.service[61904]: DEBUG keystone.server.flask.request_processing.middleware.auth_context [None req-521643e4-3dcd-4a29-8fe6-b7b2b1d4bc86 None None] Authenticating user token {{(pid=61904) process_request /opt/stack/data/venv/lib/python3.12/site-packages/keystonemiddleware/auth_token/__init__.py:407}}
Feb 20 11:38:34 ubuntu devstack@keystone.service[61905]: DEBUG keystone.server.flask.request_processing.middleware.auth_context [None req-519ffe48-c7d2-42a1-a915-1da5c18f20ff None None] Validating token access rules against request {{(pid=61905) validate_allowed_request /opt/stack/data/venv/lib/python3.12/site-packages/keystonemiddleware/auth_token/__init__.py:545}}
Feb 20 11:38:34 ubuntu devstack@keystone.service[61904]: DEBUG keystone.server.flask.request_processing.middleware.auth_context [None req-521643e4-3dcd-4a29-8fe6-b7b2b1d4bc86 None None] Validating token access rules against request {{(pid=61904) validate_allowed_request /opt/stack/data/venv/lib/python3.12/site-packages/keystonemiddleware/auth_token/__init__.py:545}}
Feb 20 11:38:34 ubuntu devstack@keystone.service[61905]: DEBUG keystone.server.flask.request_processing.middleware.auth_context [None req-64e88239-ebdf-49cf-884c-f6cef274835d None admin] RBAC: auth_context: {'token': <TokenModel (audit_id=FLw2wY8AQcWR-A0jF1mBVA, audit_chain_id=['FLw2wY8AQcWR-A0jF1mBVA']) at 0x7082c3daac00>, 'domain_id': None, 'trust_id': None, 'trustor_id': None, 'trustee_id': None, 'domain_name': None, 'group_ids': [], 'user_id': 'e5424a9370874148aa2c4d26b7936c07', 'user_domain_id': 'default', 'system_scope': 'all', 'project_id': None, 'project_domain_id': None, 'roles': ['admin', 'manager', 'member', 'reader'], 'is_admin_project': True, 'service_user_id': None, 'service_user_domain_id': None, 'service_project_id': None, 'service_project_domain_id': None, 'service_roles': []} {{(pid=61905) fill_context /opt/stack/keystone/keystone/server/flask/request_processing/middleware/auth_context.py:509}}
Feb 20 11:38:34 ubuntu devstack@keystone.service[61905]: DEBUG keystone.server.flask.request_processing.req_logging [None req-64e88239-ebdf-49cf-884c-f6cef274835d None admin] REQUEST_METHOD: `GET` {{(pid=61905) log_request_info /opt/stack/keystone/keystone/server/flask/request_processing/req_logging.py:26}}
Feb 20 11:38:34 ubuntu devstack@keystone.service[61905]: DEBUG keystone.server.flask.request_processing.req_logging [None req-64e88239-ebdf-49cf-884c-f6cef274835d None admin] SCRIPT_NAME: `/identity` {{(pid=61905) log_request_info /opt/stack/keystone/keystone/server/flask/request_processing/req_logging.py:27}}
Feb 20 11:38:34 ubuntu devstack@keystone.service[61905]: DEBUG keystone.server.flask.request_processing.req_logging [None req-64e88239-ebdf-49cf-884c-f6cef274835d None admin] PATH_INFO: `/v3/roles` {{(pid=61905) log_request_info /opt/stack/keystone/keystone/server/flask/request_processing/req_logging.py:28}}
Feb 20 11:38:34 ubuntu devstack@keystone.service[61905]: DEBUG keystone.common.rbac_enforcer.enforcer [None req-64e88239-ebdf-49cf-884c-f6cef274835d None admin] RBAC: Adding query filter params (name=admin) {{(pid=61905) _extract_filter_values /opt/stack/keystone/keystone/common/rbac_enforcer/enforcer.py:176}}
Feb 20 11:38:34 ubuntu devstack@keystone.service[61905]: DEBUG keystone.common.rbac_enforcer.enforcer [None req-64e88239-ebdf-49cf-884c-f6cef274835d None admin] RBAC: Authorizing `identity:list_roles()` {{(pid=61905) enforce_call /opt/stack/keystone/keystone/common/rbac_enforcer/enforcer.py:494}}
Feb 20 11:38:34 ubuntu devstack@keystone.service[61905]: DEBUG keystone.common.rbac_enforcer.enforcer [None req-64e88239-ebdf-49cf-884c-f6cef274835d None admin] RBAC: Authorization granted {{(pid=61905) enforce_call /opt/stack/keystone/keystone/common/rbac_enforcer/enforcer.py:505}}
Feb 20 11:38:34 ubuntu devstack@keystone.service[61905]: [pid: 61905|app: 0|req: 18/37] 10.120.125.137 () {58 vars in 1180 bytes} [Fri Feb 20 11:38:34 2026] GET /identity/v3/roles?name=admin => generated 341 bytes in 76 msecs (HTTP/1.1 200) 5 headers in 177 bytes (2 switches on core 0)
Feb 20 11:38:34 ubuntu devstack@keystone.service[61905]: DEBUG keystone.server.flask.request_processing.middleware.auth_context [None req-64e88239-ebdf-49cf-884c-f6cef274835d None admin] Authenticating user token {{(pid=61905) process_request /opt/stack/data/venv/lib/python3.12/site-packages/keystonemiddleware/auth_token/__init__.py:407}}
Feb 20 11:38:34 ubuntu devstack@keystone.service[61904]: DEBUG keystone.server.flask.request_processing.middleware.auth_context [None req-53f877ec-e139-47e3-9804-c542400cf591 None admin] RBAC: auth_context: {'token': <TokenModel (audit_id=KI1SbynqSZOjyvAIThZ5kg, audit_chain_id=['KI1SbynqSZOjyvAIThZ5kg']) at 0x7082c404f110>, 'domain_id': None, 'trust_id': None, 'trustor_id': None, 'trustee_id': None, 'domain_name': None, 'group_ids': [], 'user_id': 'e5424a9370874148aa2c4d26b7936c07', 'user_domain_id': 'default', 'system_scope': 'all', 'project_id': None, 'project_domain_id': None, 'roles': ['admin', 'manager', 'member', 'reader'], 'is_admin_project': True, 'service_user_id': None, 'service_user_domain_id': None, 'service_project_id': None, 'service_project_domain_id': None, 'service_roles': []} {{(pid=61904) fill_context /opt/stack/keystone/keystone/server/flask/request_processing/middleware/auth_context.py:509}}
Feb 20 11:38:34 ubuntu devstack@keystone.service[61904]: DEBUG keystone.server.flask.request_processing.req_logging [None req-53f877ec-e139-47e3-9804-c542400cf591 None admin] REQUEST_METHOD: `POST` {{(pid=61904) log_request_info /opt/stack/keystone/keystone/server/flask/request_processing/req_logging.py:26}}
Feb 20 11:38:34 ubuntu devstack@keystone.service[61904]: DEBUG keystone.server.flask.request_processing.req_logging [None req-53f877ec-e139-47e3-9804-c542400cf591 None admin] SCRIPT_NAME: `/identity` {{(pid=61904) log_request_info /opt/stack/keystone/keystone/server/flask/request_processing/req_logging.py:27}}
Feb 20 11:38:34 ubuntu devstack@keystone.service[61904]: DEBUG keystone.server.flask.request_processing.req_logging [None req-53f877ec-e139-47e3-9804-c542400cf591 None admin] PATH_INFO: `/v3/roles` {{(pid=61904) log_request_info /opt/stack/keystone/keystone/server/flask/request_processing/req_logging.py:28}}
Feb 20 11:38:34 ubuntu devstack@keystone.service[61904]: DEBUG keystone.common.rbac_enforcer.enforcer [None req-53f877ec-e139-47e3-9804-c542400cf591 None admin] RBAC: Authorizing `identity:create_role()` {{(pid=61904) enforce_call /opt/stack/keystone/keystone/common/rbac_enforcer/enforcer.py:494}}
Feb 20 11:38:34 ubuntu devstack@keystone.service[61904]: DEBUG keystone.common.rbac_enforcer.enforcer [None req-53f877ec-e139-47e3-9804-c542400cf591 None admin] RBAC: Authorization granted {{(pid=61904) enforce_call /opt/stack/keystone/keystone/common/rbac_enforcer/enforcer.py:505}}
Feb 20 11:38:34 ubuntu devstack@keystone.service[61904]: DEBUG keystone.common.sql.core [None req-53f877ec-e139-47e3-9804-c542400cf591 None admin] Conflict role: (pymysql.err.IntegrityError) (1062, "Duplicate entry 'service-<<null>>' for key 'role.ixu_role_name_domain_id'")
Feb 20 11:38:34 ubuntu devstack@keystone.service[61904]: [SQL: INSERT INTO `role` (id, name, description, extra) VALUES (%(id)s, %(name)s, %(description)s, %(extra)s)]
Feb 20 11:38:34 ubuntu devstack@keystone.service[61904]: [parameters: {'id': '58ddd8b3b17e48ba8be9f6dfbbe36e10', 'name': 'service', 'description': None, 'extra': '{}'}]
Feb 20 11:38:34 ubuntu devstack@keystone.service[61904]: (Background on this error at: https://sqlalche.me/e/20/gkpj) {{(pid=61904) wrapper /opt/stack/keystone/keystone/common/sql/core.py:580}}
Feb 20 11:38:34 ubuntu devstack@keystone.service[61904]: ERROR keystone.server.flask.application [None req-53f877ec-e139-47e3-9804-c542400cf591 None admin] Conflict occurred attempting to store role - Duplicate entry found with name service.: keystone.exception.Conflict: Conflict occurred attempting to store role - Duplicate entry found with name service.
Feb 20 11:38:34 ubuntu devstack@keystone.service[61904]: ERROR keystone.server.flask.application Traceback (most recent call last):
Feb 20 11:38:34 ubuntu devstack@keystone.service[61904]: ERROR keystone.server.flask.application   File "/opt/stack/data/venv/lib/python3.12/site-packages/sqlalchemy/engine/base.py", line 1967, in _exec_single_context
Feb 20 11:38:34 ubuntu devstack@keystone.service[61904]: ERROR keystone.server.flask.application     self.dialect.do_execute(
Feb 20 11:38:34 ubuntu devstack@keystone.service[61904]: ERROR keystone.server.flask.application   File "/opt/stack/data/venv/lib/python3.12/site-packages/sqlalchemy/engine/default.py", line 951, in do_execute
Feb 20 11:38:34 ubuntu devstack@keystone.service[61904]: ERROR keystone.server.flask.application     cursor.execute(statement, parameters)
Feb 20 11:38:34 ubuntu devstack@keystone.service[61904]: ERROR keystone.server.flask.application   File "/opt/stack/data/venv/lib/python3.12/site-packages/pymysql/cursors.py", line 153, in execute
Feb 20 11:38:34 ubuntu devstack@keystone.service[61904]: ERROR keystone.server.flask.application     result = self._query(query)
Feb 20 11:38:34 ubuntu devstack@keystone.service[61904]: ERROR keystone.server.flask.application              ^^^^^^^^^^^^^^^^^^
Feb 20 11:38:34 ubuntu devstack@keystone.service[61904]: ERROR keystone.server.flask.application   File "/opt/stack/data/venv/lib/python3.12/site-packages/pymysql/cursors.py", line 322, in _query
Feb 20 11:38:34 ubuntu devstack@keystone.service[61904]: ERROR keystone.server.flask.application     conn.query(q)
Feb 20 11:38:34 ubuntu devstack@keystone.service[61904]: ERROR keystone.server.flask.application   File "/opt/stack/data/venv/lib/python3.12/site-packages/pymysql/connections.py", line 575, in query
Feb 20 11:38:34 ubuntu devstack@keystone.service[61904]: ERROR keystone.server.flask.application     self._affected_rows = self._read_query_result(unbuffered=unbuffered)
Feb 20 11:38:34 ubuntu devstack@keystone.service[61904]: ERROR keystone.server.flask.application                           ^^^^^^^^^^^^^^^^^^^^^^^^^^^^^^^^^^^^^^^^^^^^^^
Feb 20 11:38:34 ubuntu devstack@keystone.service[61904]: ERROR keystone.server.flask.application   File "/opt/stack/data/venv/lib/python3.12/site-packages/pymysql/connections.py", line 826, in _read_query_result
Feb 20 11:38:34 ubuntu devstack@keystone.service[61904]: ERROR keystone.server.flask.application     result.read()
Feb 20 11:38:34 ubuntu devstack@keystone.service[61904]: ERROR keystone.server.flask.application   File "/opt/stack/data/venv/lib/python3.12/site-packages/pymysql/connections.py", line 1203, in read
Feb 20 11:38:34 ubuntu devstack@keystone.service[61904]: ERROR keystone.server.flask.application     first_packet = self.connection._read_packet()
Feb 20 11:38:34 ubuntu devstack@keystone.service[61904]: ERROR keystone.server.flask.application                    ^^^^^^^^^^^^^^^^^^^^^^^^^^^^^^
Feb 20 11:38:34 ubuntu devstack@keystone.service[61904]: ERROR keystone.server.flask.application   File "/opt/stack/data/venv/lib/python3.12/site-packages/pymysql/connections.py", line 782, in _read_packet
Feb 20 11:38:34 ubuntu devstack@keystone.service[61904]: ERROR keystone.server.flask.application     packet.raise_for_error()
Feb 20 11:38:34 ubuntu devstack@keystone.service[61904]: ERROR keystone.server.flask.application   File "/opt/stack/data/venv/lib/python3.12/site-packages/pymysql/protocol.py", line 219, in raise_for_error
Feb 20 11:38:34 ubuntu devstack@keystone.service[61904]: ERROR keystone.server.flask.application     err.raise_mysql_exception(self._data)
Feb 20 11:38:34 ubuntu devstack@keystone.service[61904]: ERROR keystone.server.flask.application   File "/opt/stack/data/venv/lib/python3.12/site-packages/pymysql/err.py", line 150, in raise_mysql_exception
Feb 20 11:38:34 ubuntu devstack@keystone.service[61904]: ERROR keystone.server.flask.application     raise errorclass(errno, errval)
Feb 20 11:38:34 ubuntu devstack@keystone.service[61904]: ERROR keystone.server.flask.application pymysql.err.IntegrityError: (1062, "Duplicate entry 'service-<<null>>' for key 'role.ixu_role_name_domain_id'")
Feb 20 11:38:34 ubuntu devstack@keystone.service[61904]: ERROR keystone.server.flask.application 
Feb 20 11:38:34 ubuntu devstack@keystone.service[61904]: ERROR keystone.server.flask.application The above exception was the direct cause of the following exception:
Feb 20 11:38:34 ubuntu devstack@keystone.service[61904]: ERROR keystone.server.flask.application 
Feb 20 11:38:34 ubuntu devstack@keystone.service[61904]: ERROR keystone.server.flask.application Traceback (most recent call last):
Feb 20 11:38:34 ubuntu devstack@keystone.service[61904]: ERROR keystone.server.flask.application   File "/opt/stack/keystone/keystone/common/sql/core.py", line 575, in wrapper
Feb 20 11:38:34 ubuntu devstack@keystone.service[61904]: ERROR keystone.server.flask.application     return method(*args, **kwargs)
Feb 20 11:38:34 ubuntu devstack@keystone.service[61904]: ERROR keystone.server.flask.application            ^^^^^^^^^^^^^^^^^^^^^^^
Feb 20 11:38:34 ubuntu devstack@keystone.service[61904]: ERROR keystone.server.flask.application   File "/opt/stack/keystone/keystone/assignment/role_backends/sql.py", line 25, in create_role
Feb 20 11:38:34 ubuntu devstack@keystone.service[61904]: ERROR keystone.server.flask.application     with sql.session_for_write() as session:
Feb 20 11:38:34 ubuntu devstack@keystone.service[61904]: ERROR keystone.server.flask.application   File "/usr/lib/python3.12/contextlib.py", line 144, in __exit__
Feb 20 11:38:34 ubuntu devstack@keystone.service[61904]: ERROR keystone.server.flask.application     next(self.gen)
Feb 20 11:38:34 ubuntu devstack@keystone.service[61904]: ERROR keystone.server.flask.application   File "/opt/stack/data/venv/lib/python3.12/site-packages/oslo_db/sqlalchemy/enginefacade.py", line 1175, in _transaction_scope
Feb 20 11:38:34 ubuntu devstack@keystone.service[61904]: ERROR keystone.server.flask.application     with current._produce_block(
Feb 20 11:38:34 ubuntu devstack@keystone.service[61904]: ERROR keystone.server.flask.application   File "/usr/lib/python3.12/contextlib.py", line 144, in __exit__
Feb 20 11:38:34 ubuntu devstack@keystone.service[61904]: ERROR keystone.server.flask.application     next(self.gen)
Feb 20 11:38:34 ubuntu devstack@keystone.service[61904]: ERROR keystone.server.flask.application   File "/opt/stack/data/venv/lib/python3.12/site-packages/oslo_db/sqlalchemy/enginefacade.py", line 837, in _session
Feb 20 11:38:34 ubuntu devstack@keystone.service[61904]: ERROR keystone.server.flask.application     with excutils.save_and_reraise_exception():
Feb 20 11:38:34 ubuntu devstack@keystone.service[61904]: ERROR keystone.server.flask.application   File "/opt/stack/data/venv/lib/python3.12/site-packages/oslo_utils/excutils.py", line 256, in __exit__
Feb 20 11:38:34 ubuntu devstack@keystone.service[61904]: ERROR keystone.server.flask.application     self.force_reraise()
Feb 20 11:38:34 ubuntu devstack@keystone.service[61904]: ERROR keystone.server.flask.application   File "/opt/stack/data/venv/lib/python3.12/site-packages/oslo_utils/excutils.py", line 222, in force_reraise
Feb 20 11:38:34 ubuntu devstack@keystone.service[61904]: ERROR keystone.server.flask.application     raise self.value
Feb 20 11:38:34 ubuntu devstack@keystone.service[61904]: ERROR keystone.server.flask.application   File "/opt/stack/data/venv/lib/python3.12/site-packages/oslo_db/sqlalchemy/enginefacade.py", line 835, in _session
Feb 20 11:38:34 ubuntu devstack@keystone.service[61904]: ERROR keystone.server.flask.application     self._end_session_transaction(self.session)
Feb 20 11:38:34 ubuntu devstack@keystone.service[61904]: ERROR keystone.server.flask.application   File "/opt/stack/data/venv/lib/python3.12/site-packages/oslo_db/sqlalchemy/enginefacade.py", line 748, in _end_session_transaction
