Mar 31 12:10:59 ubuntu devstack@keystone.service[67706]: ERROR keystone.server.flask.application   File "/opt/stack/data/venv/lib/python3.12/site-packages/pymysql/cursors.py", line 322, in _query
Mar 31 12:10:59 ubuntu devstack@keystone.service[67706]: ERROR keystone.server.flask.application     conn.query(q)
Mar 31 12:10:59 ubuntu devstack@keystone.service[67706]: ERROR keystone.server.flask.application   File "/opt/stack/data/venv/lib/python3.12/site-packages/pymysql/connections.py", line 575, in query
Mar 31 12:10:59 ubuntu devstack@keystone.service[67706]: ERROR keystone.server.flask.application     self._affected_rows = self._read_query_result(unbuffered=unbuffered)
Mar 31 12:10:59 ubuntu devstack@keystone.service[67706]: ERROR keystone.server.flask.application                           ^^^^^^^^^^^^^^^^^^^^^^^^^^^^^^^^^^^^^^^^^^^^^^
Mar 31 12:10:59 ubuntu devstack@keystone.service[67706]: ERROR keystone.server.flask.application   File "/opt/stack/data/venv/lib/python3.12/site-packages/pymysql/connections.py", line 826, in _read_query_result
Mar 31 12:10:59 ubuntu devstack@keystone.service[67706]: ERROR keystone.server.flask.application     result.read()
Mar 31 12:10:59 ubuntu devstack@keystone.service[67706]: ERROR keystone.server.flask.application   File "/opt/stack/data/venv/lib/python3.12/site-packages/pymysql/connections.py", line 1203, in read
Mar 31 12:10:59 ubuntu devstack@keystone.service[67706]: ERROR keystone.server.flask.application     first_packet = self.connection._read_packet()
Mar 31 12:10:59 ubuntu devstack@keystone.service[67706]: ERROR keystone.server.flask.application                    ^^^^^^^^^^^^^^^^^^^^^^^^^^^^^^
Mar 31 12:10:59 ubuntu devstack@keystone.service[67706]: ERROR keystone.server.flask.application   File "/opt/stack/data/venv/lib/python3.12/site-packages/pymysql/connections.py", line 782, in _read_packet
Mar 31 12:10:59 ubuntu devstack@keystone.service[67706]: ERROR keystone.server.flask.application     packet.raise_for_error()
Mar 31 12:10:59 ubuntu devstack@keystone.service[67706]: ERROR keystone.server.flask.application   File "/opt/stack/data/venv/lib/python3.12/site-packages/pymysql/protocol.py", line 219, in raise_for_error
Mar 31 12:10:59 ubuntu devstack@keystone.service[67706]: ERROR keystone.server.flask.application     err.raise_mysql_exception(self._data)
Mar 31 12:10:59 ubuntu devstack@keystone.service[67706]: ERROR keystone.server.flask.application   File "/opt/stack/data/venv/lib/python3.12/site-packages/pymysql/err.py", line 150, in raise_mysql_exception
Mar 31 12:10:59 ubuntu devstack@keystone.service[67706]: ERROR keystone.server.flask.application     raise errorclass(errno, errval)
Mar 31 12:10:59 ubuntu devstack@keystone.service[67706]: ERROR keystone.server.flask.application oslo_db.exception.DBDuplicateEntry: (pymysql.err.IntegrityError) (1062, "Duplicate entry 'service-<<null>>' for key 'role.ixu_role_name_domain_id'")
Mar 31 12:10:59 ubuntu devstack@keystone.service[67706]: ERROR keystone.server.flask.application [SQL: INSERT INTO `role` (id, name, description, extra) VALUES (%(id)s, %(name)s, %(description)s, %(extra)s)]
Mar 31 12:10:59 ubuntu devstack@keystone.service[67706]: ERROR keystone.server.flask.application [parameters: {'id': '69a97f312658417daba2cc756eb51627', 'name': 'service', 'description': None, 'extra': '{}'}]
Mar 31 12:10:59 ubuntu devstack@keystone.service[67706]: ERROR keystone.server.flask.application (Background on this error at: https://sqlalche.me/e/20/gkpj)
Mar 31 12:10:59 ubuntu devstack@keystone.service[67706]: ERROR keystone.server.flask.application 
Mar 31 12:10:59 ubuntu devstack@keystone.service[67706]: ERROR keystone.server.flask.application During handling of the above exception, another exception occurred:
Mar 31 12:10:59 ubuntu devstack@keystone.service[67706]: ERROR keystone.server.flask.application 
Mar 31 12:10:59 ubuntu devstack@keystone.service[67706]: ERROR keystone.server.flask.application Traceback (most recent call last):
Mar 31 12:10:59 ubuntu devstack@keystone.service[67706]: ERROR keystone.server.flask.application   File "/opt/stack/data/venv/lib/python3.12/site-packages/flask_restful/__init__.py", line 295, in error_router
Mar 31 12:10:59 ubuntu devstack@keystone.service[67706]: ERROR keystone.server.flask.application     return self.handle_error(e)
Mar 31 12:10:59 ubuntu devstack@keystone.service[67706]: ERROR keystone.server.flask.application            ^^^^^^^^^^^^^^^^^^^^
Mar 31 12:10:59 ubuntu devstack@keystone.service[67706]: ERROR keystone.server.flask.application   File "/opt/stack/data/venv/lib/python3.12/site-packages/flask_restful/__init__.py", line 310, in handle_error
Mar 31 12:10:59 ubuntu devstack@keystone.service[67706]: ERROR keystone.server.flask.application     _handle_flask_propagate_exceptions_config(current_app, e)
Mar 31 12:10:59 ubuntu devstack@keystone.service[67706]: ERROR keystone.server.flask.application   File "/opt/stack/data/venv/lib/python3.12/site-packages/flask/app.py", line 917, in full_dispatch_request
Mar 31 12:10:59 ubuntu devstack@keystone.service[67706]: ERROR keystone.server.flask.application     rv = self.dispatch_request()
Mar 31 12:10:59 ubuntu devstack@keystone.service[67706]: ERROR keystone.server.flask.application          ^^^^^^^^^^^^^^^^^^^^^^^
Mar 31 12:10:59 ubuntu devstack@keystone.service[67706]: ERROR keystone.server.flask.application   File "/opt/stack/data/venv/lib/python3.12/site-packages/flask/app.py", line 902, in dispatch_request
Mar 31 12:10:59 ubuntu devstack@keystone.service[67706]: ERROR keystone.server.flask.application     return self.ensure_sync(self.view_functions[rule.endpoint])(**view_args)  # type: ignore[no-any-return]
Mar 31 12:10:59 ubuntu devstack@keystone.service[67706]: ERROR keystone.server.flask.application            ^^^^^^^^^^^^^^^^^^^^^^^^^^^^^^^^^^^^^^^^^^^^^^^^^^^^^^^^^^^^^^^^^
Mar 31 12:10:59 ubuntu devstack@keystone.service[67706]: ERROR keystone.server.flask.application   File "/opt/stack/data/venv/lib/python3.12/site-packages/flask_restful/__init__.py", line 489, in wrapper
Mar 31 12:10:59 ubuntu devstack@keystone.service[67706]: ERROR keystone.server.flask.application     resp = resource(*args, **kwargs)
Mar 31 12:10:59 ubuntu devstack@keystone.service[67706]: ERROR keystone.server.flask.application            ^^^^^^^^^^^^^^^^^^^^^^^^^
Mar 31 12:10:59 ubuntu devstack@keystone.service[67706]: ERROR keystone.server.flask.application   File "/opt/stack/data/venv/lib/python3.12/site-packages/flask/views.py", line 110, in view
Mar 31 12:10:59 ubuntu devstack@keystone.service[67706]: ERROR keystone.server.flask.application     return current_app.ensure_sync(self.dispatch_request)(**kwargs)  # type: ignore[no-any-return]
Mar 31 12:10:59 ubuntu devstack@keystone.service[67706]: ERROR keystone.server.flask.application            ^^^^^^^^^^^^^^^^^^^^^^^^^^^^^^^^^^^^^^^^^^^^^^^^^^^^^^^^
Mar 31 12:10:59 ubuntu devstack@keystone.service[67706]: ERROR keystone.server.flask.application   File "/opt/stack/data/venv/lib/python3.12/site-packages/flask_restful/__init__.py", line 604, in dispatch_request
Mar 31 12:10:59 ubuntu devstack@keystone.service[67706]: ERROR keystone.server.flask.application     resp = meth(*args, **kwargs)
Mar 31 12:10:59 ubuntu devstack@keystone.service[67706]: ERROR keystone.server.flask.application            ^^^^^^^^^^^^^^^^^^^^^
Mar 31 12:10:59 ubuntu devstack@keystone.service[67706]: ERROR keystone.server.flask.application   File "/opt/stack/keystone/keystone/api/validation/__init__.py", line 86, in wrapper
Mar 31 12:10:59 ubuntu devstack@keystone.service[67706]: ERROR keystone.server.flask.application     return func(*args, **kwargs)
Mar 31 12:10:59 ubuntu devstack@keystone.service[67706]: ERROR keystone.server.flask.application            ^^^^^^^^^^^^^^^^^^^^^
Mar 31 12:10:59 ubuntu devstack@keystone.service[67706]: ERROR keystone.server.flask.application   File "/opt/stack/keystone/keystone/api/validation/__init__.py", line 145, in wrapper
Mar 31 12:10:59 ubuntu devstack@keystone.service[67706]: ERROR keystone.server.flask.application     response = func(*args, **kwargs)
Mar 31 12:10:59 ubuntu devstack@keystone.service[67706]: ERROR keystone.server.flask.application                ^^^^^^^^^^^^^^^^^^^^^
Mar 31 12:10:59 ubuntu devstack@keystone.service[67706]: ERROR keystone.server.flask.application   File "/opt/stack/keystone/keystone/api/roles.py", line 91, in post
Mar 31 12:10:59 ubuntu devstack@keystone.service[67706]: ERROR keystone.server.flask.application     ref = PROVIDERS.role_api.create_role(
Mar 31 12:10:59 ubuntu devstack@keystone.service[67706]: ERROR keystone.server.flask.application           ^^^^^^^^^^^^^^^^^^^^^^^^^^^^^^^
Mar 31 12:10:59 ubuntu devstack@keystone.service[67706]: ERROR keystone.server.flask.application   File "/opt/stack/keystone/keystone/common/manager.py", line 114, in wrapped
Mar 31 12:10:59 ubuntu devstack@keystone.service[67706]: ERROR keystone.server.flask.application     __ret_val = __f(*args, **kwargs)
Mar 31 12:10:59 ubuntu devstack@keystone.service[67706]: ERROR keystone.server.flask.application                 ^^^^^^^^^^^^^^^^^^^^
Mar 31 12:10:59 ubuntu devstack@keystone.service[67706]: ERROR keystone.server.flask.application   File "/opt/stack/keystone/keystone/assignment/core.py", line 1526, in create_role
Mar 31 12:10:59 ubuntu devstack@keystone.service[67706]: ERROR keystone.server.flask.application     ret = self.driver.create_role(role_id, role)
Mar 31 12:10:59 ubuntu devstack@keystone.service[67706]: ERROR keystone.server.flask.application           ^^^^^^^^^^^^^^^^^^^^^^^^^^^^^^^^^^^^^^
Mar 31 12:10:59 ubuntu devstack@keystone.service[67706]: ERROR keystone.server.flask.application   File "/opt/stack/keystone/keystone/common/sql/core.py", line 614, in wrapper
Mar 31 12:10:59 ubuntu devstack@keystone.service[67706]: ERROR keystone.server.flask.application     raise exception.Conflict(type=conflict_type, details=msg)
Mar 31 12:10:59 ubuntu devstack@keystone.service[67706]: ERROR keystone.server.flask.application keystone.exception.Conflict: Conflict occurred attempting to store role - Duplicate entry found with name service.
Mar 31 12:10:59 ubuntu devstack@keystone.service[67706]: ERROR keystone.server.flask.application 
Mar 31 12:10:59 ubuntu devstack@keystone.service[67706]: [pid: 67706|app: 0|req: 18/35] 10.120.125.144 () {62 vars in 1199 bytes} [Tue Mar 31 12:10:59 2026] POST /identity/v3/roles => generated 140 bytes in 93 msecs (HTTP/1.1 409) 5 headers in 183 bytes (1 switches on core 0)
Mar 31 12:10:59 ubuntu devstack@keystone.service[67706]: DEBUG keystone.server.flask.request_processing.middleware.auth_context [None req-c819f064-2527-44af-a1ca-d0138988e612 None admin] Authenticating user token {{(pid=67706) process_request /opt/stack/data/venv/lib/python3.12/site-packages/keystonemiddleware/auth_token/__init__.py:407}}
Mar 31 12:10:59 ubuntu devstack@keystone.service[67707]: [pid: 67707|app: 0|req: 18/36] 10.120.125.144 () {60 vars in 1048 bytes} [Tue Mar 31 12:10:59 2026] POST /identity/v3/auth/tokens => generated 863 bytes in 57 msecs (HTTP/1.1 201) 6 headers in 363 bytes (1 switches on core 0)
Mar 31 12:10:59 ubuntu devstack@keystone.service[67707]: DEBUG keystone.server.flask.request_processing.req_logging [None req-aedc16d6-f91e-48ea-b4af-13ed6a2821e8 None None] REQUEST_METHOD: `POST` {{(pid=67707) log_request_info /opt/stack/keystone/keystone/server/flask/request_processing/req_logging.py:26}}
Mar 31 12:10:59 ubuntu devstack@keystone.service[67707]: DEBUG keystone.server.flask.request_processing.req_logging [None req-aedc16d6-f91e-48ea-b4af-13ed6a2821e8 None None] SCRIPT_NAME: `/identity` {{(pid=67707) log_request_info /opt/stack/keystone/keystone/server/flask/request_processing/req_logging.py:27}}
Mar 31 12:10:59 ubuntu devstack@keystone.service[67707]: DEBUG keystone.server.flask.request_processing.req_logging [None req-aedc16d6-f91e-48ea-b4af-13ed6a2821e8 None None] PATH_INFO: `/v3/auth/tokens` {{(pid=67707) log_request_info /opt/stack/keystone/keystone/server/flask/request_processing/req_logging.py:28}}
Mar 31 12:10:59 ubuntu devstack@keystone.service[67707]: WARNING keystone.common.password_hashing [None req-aedc16d6-f91e-48ea-b4af-13ed6a2821e8 None None] Truncating password to algorithm specific maximum length 72 characters.
Mar 31 12:10:59 ubuntu devstack@keystone.service[67707]: DEBUG keystone.auth.core [None req-aedc16d6-f91e-48ea-b4af-13ed6a2821e8 None None] MFA Rules not processed for user `7639bd7faae94ccaa837f939db1cc499`. Rule list: `[]` (Enabled: `True`). {{(pid=67707) check_auth_methods_against_rules /opt/stack/keystone/keystone/auth/core.py:476}}
Mar 31 12:10:59 ubuntu devstack@keystone.service[67707]: DEBUG keystone.common.fernet_utils [None req-aedc16d6-f91e-48ea-b4af-13ed6a2821e8 None None] Loaded 2 Fernet keys from /etc/keystone/fernet-keys/, but `[fernet_tokens] max_active_keys = 3`; perhaps there have not been enough key rotations to reach `max_active_keys` yet? {{(pid=67707) load_keys /opt/stack/keystone/keystone/common/fernet_utils.py:297}}
Mar 31 12:10:59 ubuntu devstack@keystone.service[67706]: DEBUG keystone.server.flask.request_processing.middleware.auth_context [None req-c819f064-2527-44af-a1ca-d0138988e612 None admin] Validating token access rules against request {{(pid=67706) validate_allowed_request /opt/stack/data/venv/lib/python3.12/site-packages/keystonemiddleware/auth_token/__init__.py:545}}
Mar 31 12:10:59 ubuntu devstack@keystone.service[67706]: DEBUG keystone.server.flask.request_processing.middleware.auth_context [None req-954ee4bc-937e-4688-9484-1b24aa519553 None admin] RBAC: auth_context: {'token': <TokenModel (audit_id=X1lolMZcR_O0MfRXOydOTQ, audit_chain_id=['X1lolMZcR_O0MfRXOydOTQ']) at 0x77a50129d6d0>, 'domain_id': None, 'trust_id': None, 'trustor_id': None, 'trustee_id': None, 'domain_name': None, 'group_ids': [], 'user_id': '7639bd7faae94ccaa837f939db1cc499', 'user_domain_id': 'default', 'system_scope': 'all', 'project_id': None, 'project_domain_id': None, 'roles': ['admin', 'manager', 'member', 'reader'], 'is_admin_project': True, 'service_user_id': None, 'service_user_domain_id': None, 'service_project_id': None, 'service_project_domain_id': None, 'service_roles': []} {{(pid=67706) fill_context /opt/stack/keystone/keystone/server/flask/request_processing/middleware/auth_context.py:509}}
Mar 31 12:10:59 ubuntu devstack@keystone.service[67706]: DEBUG keystone.server.flask.request_processing.req_logging [None req-954ee4bc-937e-4688-9484-1b24aa519553 None admin] REQUEST_METHOD: `GET` {{(pid=67706) log_request_info /opt/stack/keystone/keystone/server/flask/request_processing/req_logging.py:26}}
Mar 31 12:10:59 ubuntu devstack@keystone.service[67706]: DEBUG keystone.server.flask.request_processing.req_logging [None req-954ee4bc-937e-4688-9484-1b24aa519553 None admin] SCRIPT_NAME: `/identity` {{(pid=67706) log_request_info /opt/stack/keystone/keystone/server/flask/request_processing/req_logging.py:27}}
Mar 31 12:10:59 ubuntu devstack@keystone.service[67706]: DEBUG keystone.server.flask.request_processing.req_logging [None req-954ee4bc-937e-4688-9484-1b24aa519553 None admin] PATH_INFO: `/v3/roles/admin` {{(pid=67706) log_request_info /opt/stack/keystone/keystone/server/flask/request_processing/req_logging.py:28}}
Mar 31 12:10:59 ubuntu devstack@keystone.service[67706]: DEBUG keystone.common.rbac_enforcer.enforcer [None req-954ee4bc-937e-4688-9484-1b24aa519553 None admin] Extracting inferred target data resulted in "NOT FOUND (404)". {{(pid=67706) enforce_call /opt/stack/keystone/keystone/common/rbac_enforcer/enforcer.py:445}}
Mar 31 12:10:59 ubuntu devstack@keystone.service[67706]: DEBUG keystone.server.flask.application [None req-954ee4bc-937e-4688-9484-1b24aa519553 None admin] Could not find role: admin. {{(pid=67706) _handle_keystone_exception /opt/stack/keystone/keystone/server/flask/application.py:146}}
Mar 31 12:10:59 ubuntu devstack@keystone.service[67706]: [pid: 67706|app: 0|req: 19/37] 10.120.125.144 () {58 vars in 1164 bytes} [Tue Mar 31 12:10:59 2026] GET /identity/v3/roles/admin => generated 83 bytes in 76 msecs (HTTP/1.1 404) 5 headers in 183 bytes (1 switches on core 0)
Mar 31 12:10:59 ubuntu devstack@keystone.service[67706]: DEBUG keystone.server.flask.request_processing.middleware.auth_context [None req-954ee4bc-937e-4688-9484-1b24aa519553 None admin] Authenticating user token {{(pid=67706) process_request /opt/stack/data/venv/lib/python3.12/site-packages/keystonemiddleware/auth_token/__init__.py:407}}
Mar 31 12:10:59 ubuntu devstack@keystone.service[67707]: [pid: 67707|app: 0|req: 19/38] 10.120.125.144 () {60 vars in 1048 bytes} [Tue Mar 31 12:10:59 2026] POST /identity/v3/auth/tokens => generated 863 bytes in 51 msecs (HTTP/1.1 201) 6 headers in 363 bytes (2 switches on core 0)
Mar 31 12:10:59 ubuntu devstack@keystone.service[67707]: DEBUG keystone.server.flask.request_processing.middleware.auth_context [None req-aedc16d6-f91e-48ea-b4af-13ed6a2821e8 None None] Authenticating user token {{(pid=67707) process_request /opt/stack/data/venv/lib/python3.12/site-packages/keystonemiddleware/auth_token/__init__.py:407}}
Mar 31 12:10:59 ubuntu devstack@keystone.service[67706]: DEBUG keystone.server.flask.request_processing.middleware.auth_context [None req-954ee4bc-937e-4688-9484-1b24aa519553 None admin] Validating token access rules against request {{(pid=67706) validate_allowed_request /opt/stack/data/venv/lib/python3.12/site-packages/keystonemiddleware/auth_token/__init__.py:545}}
Mar 31 12:10:59 ubuntu devstack@keystone.service[67707]: DEBUG keystone.server.flask.request_processing.middleware.auth_context [None req-aedc16d6-f91e-48ea-b4af-13ed6a2821e8 None None] Validating token access rules against request {{(pid=67707) validate_allowed_request /opt/stack/data/venv/lib/python3.12/site-packages/keystonemiddleware/auth_token/__init__.py:545}}
Mar 31 12:10:59 ubuntu devstack@keystone.service[67706]: DEBUG keystone.server.flask.request_processing.middleware.auth_context [None req-3e630aff-19db-4421-b216-7410ebf50a19 None admin] RBAC: auth_context: {'token': <TokenModel (audit_id=PpFCdWhpRF2dm4AjuOucuA, audit_chain_id=['PpFCdWhpRF2dm4AjuOucuA']) at 0x77a500fb9580>, 'domain_id': None, 'trust_id': None, 'trustor_id': None, 'trustee_id': None, 'domain_name': None, 'group_ids': [], 'user_id': '7639bd7faae94ccaa837f939db1cc499', 'user_domain_id': 'default', 'system_scope': 'all', 'project_id': None, 'project_domain_id': None, 'roles': ['admin', 'manager', 'member', 'reader'], 'is_admin_project': True, 'service_user_id': None, 'service_user_domain_id': None, 'service_project_id': None, 'service_project_domain_id': None, 'service_roles': []} {{(pid=67706) fill_context /opt/stack/keystone/keystone/server/flask/request_processing/middleware/auth_context.py:509}}
Mar 31 12:10:59 ubuntu devstack@keystone.service[67706]: DEBUG keystone.server.flask.request_processing.req_logging [None req-3e630aff-19db-4421-b216-7410ebf50a19 None admin] REQUEST_METHOD: `POST` {{(pid=67706) log_request_info /opt/stack/keystone/keystone/server/flask/request_processing/req_logging.py:26}}
Mar 31 12:10:59 ubuntu devstack@keystone.service[67706]: DEBUG keystone.server.flask.request_processing.req_logging [None req-3e630aff-19db-4421-b216-7410ebf50a19 None admin] SCRIPT_NAME: `/identity` {{(pid=67706) log_request_info /opt/stack/keystone/keystone/server/flask/request_processing/req_logging.py:27}}
Mar 31 12:10:59 ubuntu devstack@keystone.service[67706]: DEBUG keystone.server.flask.request_processing.req_logging [None req-3e630aff-19db-4421-b216-7410ebf50a19 None admin] PATH_INFO: `/v3/roles` {{(pid=67706) log_request_info /opt/stack/keystone/keystone/server/flask/request_processing/req_logging.py:28}}
Mar 31 12:10:59 ubuntu devstack@keystone.service[67706]: DEBUG keystone.common.rbac_enforcer.enforcer [None req-3e630aff-19db-4421-b216-7410ebf50a19 None admin] RBAC: Authorizing `identity:create_role()` {{(pid=67706) enforce_call /opt/stack/keystone/keystone/common/rbac_enforcer/enforcer.py:494}}
Mar 31 12:10:59 ubuntu devstack@keystone.service[67706]: DEBUG keystone.common.rbac_enforcer.enforcer [None req-3e630aff-19db-4421-b216-7410ebf50a19 None admin] RBAC: Authorization granted {{(pid=67706) enforce_call /opt/stack/keystone/keystone/common/rbac_enforcer/enforcer.py:505}}
Mar 31 12:10:59 ubuntu devstack@keystone.service[67707]: DEBUG keystone.server.flask.request_processing.middleware.auth_context [None req-ea832b7e-b0f2-491c-ba4b-4392a35aa365 None admin] RBAC: auth_context: {'token': <TokenModel (audit_id=m4-4PzrgSHew6OV8Y3pfRA, audit_chain_id=['m4-4PzrgSHew6OV8Y3pfRA']) at 0x77a50112f560>, 'domain_id': None, 'trust_id': None, 'trustor_id': None, 'trustee_id': None, 'domain_name': None, 'group_ids': [], 'user_id': '7639bd7faae94ccaa837f939db1cc499', 'user_domain_id': 'default', 'system_scope': 'all', 'project_id': None, 'project_domain_id': None, 'roles': ['admin', 'manager', 'member', 'reader'], 'is_admin_project': True, 'service_user_id': None, 'service_user_domain_id': None, 'service_project_id': None, 'service_project_domain_id': None, 'service_roles': []} {{(pid=67707) fill_context /opt/stack/keystone/keystone/server/flask/request_processing/middleware/auth_context.py:509}}
Mar 31 12:10:59 ubuntu devstack@keystone.service[67707]: DEBUG keystone.server.flask.request_processing.req_logging [None req-ea832b7e-b0f2-491c-ba4b-4392a35aa365 None admin] REQUEST_METHOD: `GET` {{(pid=67707) log_request_info /opt/stack/keystone/keystone/server/flask/request_processing/req_logging.py:26}}
Mar 31 12:10:59 ubuntu devstack@keystone.service[67707]: DEBUG keystone.server.flask.request_processing.req_logging [None req-ea832b7e-b0f2-491c-ba4b-4392a35aa365 None admin] SCRIPT_NAME: `/identity` {{(pid=67707) log_request_info /opt/stack/keystone/keystone/server/flask/request_processing/req_logging.py:27}}
Mar 31 12:10:59 ubuntu devstack@keystone.service[67707]: DEBUG keystone.server.flask.request_processing.req_logging [None req-ea832b7e-b0f2-491c-ba4b-4392a35aa365 None admin] PATH_INFO: `/v3/roles/service` {{(pid=67707) log_request_info /opt/stack/keystone/keystone/server/flask/request_processing/req_logging.py:28}}
Mar 31 12:10:59 ubuntu devstack@keystone.service[67707]: DEBUG keystone.common.rbac_enforcer.enforcer [None req-ea832b7e-b0f2-491c-ba4b-4392a35aa365 None admin] Extracting inferred target data resulted in "NOT FOUND (404)". {{(pid=67707) enforce_call /opt/stack/keystone/keystone/common/rbac_enforcer/enforcer.py:445}}
Mar 31 12:10:59 ubuntu devstack@keystone.service[67706]: [pid: 67706|app: 0|req: 20/39] 10.120.125.144 () {62 vars in 1199 bytes} [Tue Mar 31 12:10:59 2026] POST /identity/v3/roles => generated 226 bytes in 69 msecs (HTTP/1.1 201) 5 headers in 182 bytes (1 switches on core 0)
Mar 31 12:10:59 ubuntu devstack@keystone.service[67706]: DEBUG keystone.server.flask.request_processing.middleware.auth_context [None req-3e630aff-19db-4421-b216-7410ebf50a19 None admin] Authenticating user token {{(pid=67706) process_request /opt/stack/data/venv/lib/python3.12/site-packages/keystonemiddleware/auth_token/__init__.py:407}}
Mar 31 12:10:59 ubuntu devstack@keystone.service[67707]: DEBUG keystone.server.flask.application [None req-ea832b7e-b0f2-491c-ba4b-4392a35aa365 None admin] Could not find role: service. {{(pid=67707) _handle_keystone_exception /opt/stack/keystone/keystone/server/flask/application.py:146}}
Mar 31 12:10:59 ubuntu devstack@keystone.service[67707]: [pid: 67707|app: 0|req: 20/40] 10.120.125.144 () {58 vars in 1170 bytes} [Tue Mar 31 12:10:59 2026] GET /identity/v3/roles/service => generated 85 bytes in 70 msecs (HTTP/1.1 404) 5 headers in 183 bytes (1 switches on core 0)
Mar 31 12:10:59 ubuntu devstack@keystone.service[67707]: DEBUG keystone.server.flask.request_processing.middleware.auth_context [None req-ea832b7e-b0f2-491c-ba4b-4392a35aa365 None admin] Authenticating user token {{(pid=67707) process_request /opt/stack/data/venv/lib/python3.12/site-packages/keystonemiddleware/auth_token/__init__.py:407}}
Mar 31 12:10:59 ubuntu devstack@keystone.service[67707]: DEBUG keystone.server.flask.request_processing.middleware.auth_context [None req-ea832b7e-b0f2-491c-ba4b-4392a35aa365 None admin] Validating token access rules against request {{(pid=67707) validate_allowed_request /opt/stack/data/venv/lib/python3.12/site-packages/keystonemiddleware/auth_token/__init__.py:545}}
Mar 31 12:10:59 ubuntu devstack@keystone.service[67707]: DEBUG keystone.server.flask.request_processing.middleware.auth_context [None req-43fdb0b9-e043-48fd-9675-98b068152734 None admin] RBAC: auth_context: {'token': <TokenModel (audit_id=X1lolMZcR_O0MfRXOydOTQ, audit_chain_id=['X1lolMZcR_O0MfRXOydOTQ']) at 0x77a50112f080>, 'domain_id': None, 'trust_id': None, 'trustor_id': None, 'trustee_id': None, 'domain_name': None, 'group_ids': [], 'user_id': '7639bd7faae94ccaa837f939db1cc499', 'user_domain_id': 'default', 'system_scope': 'all', 'project_id': None, 'project_domain_id': None, 'roles': ['admin', 'manager', 'member', 'reader'], 'is_admin_project': True, 'service_user_id': None, 'service_user_domain_id': None, 'service_project_id': None, 'service_project_domain_id': None, 'service_roles': []} {{(pid=67707) fill_context /opt/stack/keystone/keystone/server/flask/request_processing/middleware/auth_context.py:509}}
Mar 31 12:10:59 ubuntu devstack@keystone.service[67707]: DEBUG keystone.server.flask.request_processing.req_logging [None req-43fdb0b9-e043-48fd-9675-98b068152734 None admin] REQUEST_METHOD: `GET` {{(pid=67707) log_request_info /opt/stack/keystone/keystone/server/flask/request_processing/req_logging.py:26}}
Mar 31 12:10:59 ubuntu devstack@keystone.service[67707]: DEBUG keystone.server.flask.request_processing.req_logging [None req-43fdb0b9-e043-48fd-9675-98b068152734 None admin] SCRIPT_NAME: `/identity` {{(pid=67707) log_request_info /opt/stack/keystone/keystone/server/flask/request_processing/req_logging.py:27}}
Mar 31 12:10:59 ubuntu devstack@keystone.service[67707]: DEBUG keystone.server.flask.request_processing.req_logging [None req-43fdb0b9-e043-48fd-9675-98b068152734 None admin] PATH_INFO: `/v3/roles` {{(pid=67707) log_request_info /opt/stack/keystone/keystone/server/flask/request_processing/req_logging.py:28}}
Mar 31 12:10:59 ubuntu devstack@keystone.service[67707]: DEBUG keystone.common.rbac_enforcer.enforcer [None req-43fdb0b9-e043-48fd-9675-98b068152734 None admin] RBAC: Adding query filter params (name=admin) {{(pid=67707) _extract_filter_values /opt/stack/keystone/keystone/common/rbac_enforcer/enforcer.py:176}}
Mar 31 12:10:59 ubuntu devstack@keystone.service[67707]: DEBUG keystone.common.rbac_enforcer.enforcer [None req-43fdb0b9-e043-48fd-9675-98b068152734 None admin] RBAC: Authorizing `identity:list_roles()` {{(pid=67707) enforce_call /opt/stack/keystone/keystone/common/rbac_enforcer/enforcer.py:494}}
Mar 31 12:10:59 ubuntu devstack@keystone.service[67706]: DEBUG keystone.server.flask.request_processing.middleware.auth_context [None req-3e630aff-19db-4421-b216-7410ebf50a19 None admin] Validating token access rules against request {{(pid=67706) validate_allowed_request /opt/stack/data/venv/lib/python3.12/site-packages/keystonemiddleware/auth_token/__init__.py:545}}
Mar 31 12:10:59 ubuntu devstack@keystone.service[67707]: DEBUG keystone.common.rbac_enforcer.enforcer [None req-43fdb0b9-e043-48fd-9675-98b068152734 None admin] RBAC: Authorization granted {{(pid=67707) enforce_call /opt/stack/keystone/keystone/common/rbac_enforcer/enforcer.py:505}}
Mar 31 12:10:59 ubuntu devstack@keystone.service[67707]: [pid: 67707|app: 0|req: 21/41] 10.120.125.144 () {58 vars in 1179 bytes} [Tue Mar 31 12:10:59 2026] GET /identity/v3/roles?name=admin => generated 341 bytes in 61 msecs (HTTP/1.1 200) 5 headers in 177 bytes (1 switches on core 0)
Mar 31 12:10:59 ubuntu devstack@keystone.service[67707]: DEBUG keystone.server.flask.request_processing.middleware.auth_context [None req-43fdb0b9-e043-48fd-9675-98b068152734 None admin] Authenticating user token {{(pid=67707) process_request /opt/stack/data/venv/lib/python3.12/site-packages/keystonemiddleware/auth_token/__init__.py:407}}
Mar 31 12:11:00 ubuntu devstack@keystone.service[67706]: DEBUG keystone.server.flask.request_processing.middleware.auth_context [None req-41e70516-7fd5-40bc-9767-67224e78e2d9 None admin] RBAC: auth_context: {'token': <TokenModel (audit_id=Cep7lWu_TSWJHPH2e_8ihw, audit_chain_id=['Cep7lWu_TSWJHPH2e_8ihw']) at 0x77a501031190>, 'domain_id': None, 'trust_id': None, 'trustor_id': None, 'trustee_id': None, 'domain_name': None, 'group_ids': [], 'user_id': '7639bd7faae94ccaa837f939db1cc499', 'user_domain_id': 'default', 'system_scope': 'all', 'project_id': None, 'project_domain_id': None, 'roles': ['admin', 'manager', 'member', 'reader'], 'is_admin_project': True, 'service_user_id': None, 'service_user_domain_id': None, 'service_project_id': None, 'service_project_domain_id': None, 'service_roles': []} {{(pid=67706) fill_context /opt/stack/keystone/keystone/server/flask/request_processing/middleware/auth_context.py:509}}
Mar 31 12:11:00 ubuntu devstack@keystone.service[67706]: DEBUG keystone.server.flask.request_processing.req_logging [None req-41e70516-7fd5-40bc-9767-67224e78e2d9 None admin] REQUEST_METHOD: `POST` {{(pid=67706) log_request_info /opt/stack/keystone/keystone/server/flask/request_processing/req_logging.py:26}}
Mar 31 12:11:00 ubuntu devstack@keystone.service[67706]: DEBUG keystone.server.flask.request_processing.req_logging [None req-41e70516-7fd5-40bc-9767-67224e78e2d9 None admin] SCRIPT_NAME: `/identity` {{(pid=67706) log_request_info /opt/stack/keystone/keystone/server/flask/request_processing/req_logging.py:27}}
Mar 31 12:11:00 ubuntu devstack@keystone.service[67706]: DEBUG keystone.server.flask.request_processing.req_logging [None req-41e70516-7fd5-40bc-9767-67224e78e2d9 None admin] PATH_INFO: `/v3/projects` {{(pid=67706) log_request_info /opt/stack/keystone/keystone/server/flask/request_processing/req_logging.py:28}}
Mar 31 12:11:00 ubuntu devstack@keystone.service[67706]: DEBUG keystone.common.rbac_enforcer.enforcer [None req-41e70516-7fd5-40bc-9767-67224e78e2d9 None admin] RBAC: Authorizing `identity:create_project()` {{(pid=67706) enforce_call /opt/stack/keystone/keystone/common/rbac_enforcer/enforcer.py:494}}
Mar 31 12:11:00 ubuntu devstack@keystone.service[67706]: DEBUG keystone.common.rbac_enforcer.enforcer [None req-41e70516-7fd5-40bc-9767-67224e78e2d9 None admin] RBAC: Authorization granted {{(pid=67706) enforce_call /opt/stack/keystone/keystone/common/rbac_enforcer/enforcer.py:505}}
Mar 31 12:11:00 ubuntu devstack@keystone.service[67707]: DEBUG keystone.server.flask.request_processing.middleware.auth_context [None req-43fdb0b9-e043-48fd-9675-98b068152734 None admin] Validating token access rules against request {{(pid=67707) validate_allowed_request /opt/stack/data/venv/lib/python3.12/site-packages/keystonemiddleware/auth_token/__init__.py:545}}
Mar 31 12:11:00 ubuntu devstack@keystone.service[67707]: DEBUG keystone.server.flask.request_processing.middleware.auth_context [None req-c65bdd05-b571-4a3f-9cb6-d128bbfa4211 None admin] RBAC: auth_context: {'token': <TokenModel (audit_id=m4-4PzrgSHew6OV8Y3pfRA, audit_chain_id=['m4-4PzrgSHew6OV8Y3pfRA']) at 0x77a500dd84a0>, 'domain_id': None, 'trust_id': None, 'trustor_id': None, 'trustee_id': None, 'domain_name': None, 'group_ids': [], 'user_id': '7639bd7faae94ccaa837f939db1cc499', 'user_domain_id': 'default', 'system_scope': 'all', 'project_id': None, 'project_domain_id': None, 'roles': ['admin', 'manager', 'member', 'reader'], 'is_admin_project': True, 'service_user_id': None, 'service_user_domain_id': None, 'service_project_id': None, 'service_project_domain_id': None, 'service_roles': []} {{(pid=67707) fill_context /opt/stack/keystone/keystone/server/flask/request_processing/middleware/auth_context.py:509}}
Mar 31 12:11:00 ubuntu devstack@keystone.service[67707]: DEBUG keystone.server.flask.request_processing.req_logging [None req-c65bdd05-b571-4a3f-9cb6-d128bbfa4211 None admin] REQUEST_METHOD: `GET` {{(pid=67707) log_request_info /opt/stack/keystone/keystone/server/flask/request_processing/req_logging.py:26}}
Mar 31 12:11:00 ubuntu devstack@keystone.service[67707]: DEBUG keystone.server.flask.request_processing.req_logging [None req-c65bdd05-b571-4a3f-9cb6-d128bbfa4211 None admin] SCRIPT_NAME: `/identity` {{(pid=67707) log_request_info /opt/stack/keystone/keystone/server/flask/request_processing/req_logging.py:27}}
Mar 31 12:11:00 ubuntu devstack@keystone.service[67707]: DEBUG keystone.server.flask.request_processing.req_logging [None req-c65bdd05-b571-4a3f-9cb6-d128bbfa4211 None admin] PATH_INFO: `/v3/roles` {{(pid=67707) log_request_info /opt/stack/keystone/keystone/server/flask/request_processing/req_logging.py:28}}
Mar 31 12:11:00 ubuntu devstack@keystone.service[67707]: DEBUG keystone.common.rbac_enforcer.enforcer [None req-c65bdd05-b571-4a3f-9cb6-d128bbfa4211 None admin] RBAC: Adding query filter params (name=service) {{(pid=67707) _extract_filter_values /opt/stack/keystone/keystone/common/rbac_enforcer/enforcer.py:176}}
Mar 31 12:11:00 ubuntu devstack@keystone.service[67707]: DEBUG keystone.common.rbac_enforcer.enforcer [None req-c65bdd05-b571-4a3f-9cb6-d128bbfa4211 None admin] RBAC: Authorizing `identity:list_roles()` {{(pid=67707) enforce_call /opt/stack/keystone/keystone/common/rbac_enforcer/enforcer.py:494}}
Mar 31 12:11:00 ubuntu devstack@keystone.service[67707]: DEBUG keystone.common.rbac_enforcer.enforcer [None req-c65bdd05-b571-4a3f-9cb6-d128bbfa4211 None admin] RBAC: Authorization granted {{(pid=67707) enforce_call /opt/stack/keystone/keystone/common/rbac_enforcer/enforcer.py:505}}
Mar 31 12:11:00 ubuntu devstack@keystone.service[67707]: [pid: 67707|app: 0|req: 22/42] 10.120.125.144 () {58 vars in 1183 bytes} [Tue Mar 31 12:10:59 2026] GET /identity/v3/roles?name=service => generated 345 bytes in 55 msecs (HTTP/1.1 200) 5 headers in 177 bytes (1 switches on core 0)
Mar 31 12:11:00 ubuntu devstack@keystone.service[67707]: DEBUG keystone.server.flask.request_processing.middleware.auth_context [None req-c65bdd05-b571-4a3f-9cb6-d128bbfa4211 None admin] Authenticating user token {{(pid=67707) process_request /opt/stack/data/venv/lib/python3.12/site-packages/keystonemiddleware/auth_token/__init__.py:407}}
Mar 31 12:11:00 ubuntu devstack@keystone.service[67706]: [pid: 67706|app: 0|req: 21/43] 10.120.125.144 () {62 vars in 1208 bytes} [Tue Mar 31 12:10:59 2026] POST /identity/v3/projects => generated 302 bytes in 124 msecs (HTTP/1.1 201) 5 headers in 182 bytes (1 switches on core 0)
Mar 31 12:11:00 ubuntu devstack@keystone.service[67707]: DEBUG keystone.server.flask.request_processing.middleware.auth_context [None req-c65bdd05-b571-4a3f-9cb6-d128bbfa4211 None admin] Validating token access rules against request {{(pid=67707) validate_allowed_request /opt/stack/data/venv/lib/python3.12/site-packages/keystonemiddleware/auth_token/__init__.py:545}}
Mar 31 12:11:00 ubuntu devstack@keystone.service[67706]: DEBUG keystone.server.flask.request_processing.middleware.auth_context [None req-41e70516-7fd5-40bc-9767-67224e78e2d9 None admin] Authenticating user token {{(pid=67706) process_request /opt/stack/data/venv/lib/python3.12/site-packages/keystonemiddleware/auth_token/__init__.py:407}}
Mar 31 12:11:00 ubuntu devstack@keystone.service[67707]: DEBUG keystone.server.flask.request_processing.middleware.auth_context [None req-30f567e4-3723-44c6-9bd2-640709c42ce6 None admin] RBAC: auth_context: {'token': <TokenModel (audit_id=X1lolMZcR_O0MfRXOydOTQ, audit_chain_id=['X1lolMZcR_O0MfRXOydOTQ']) at 0x77a500dd8680>, 'domain_id': None, 'trust_id': None, 'trustor_id': None, 'trustee_id': None, 'domain_name': None, 'group_ids': [], 'user_id': '7639bd7faae94ccaa837f939db1cc499', 'user_domain_id': 'default', 'system_scope': 'all', 'project_id': None, 'project_domain_id': None, 'roles': ['admin', 'manager', 'member', 'reader'], 'is_admin_project': True, 'service_user_id': None, 'service_user_domain_id': None, 'service_project_id': None, 'service_project_domain_id': None, 'service_roles': []} {{(pid=67707) fill_context /opt/stack/keystone/keystone/server/flask/request_processing/middleware/auth_context.py:509}}
Mar 31 12:11:00 ubuntu devstack@keystone.service[67707]: DEBUG keystone.server.flask.request_processing.req_logging [None req-30f567e4-3723-44c6-9bd2-640709c42ce6 None admin] REQUEST_METHOD: `GET` {{(pid=67707) log_request_info /opt/stack/keystone/keystone/server/flask/request_processing/req_logging.py:26}}
Mar 31 12:11:00 ubuntu devstack@keystone.service[67707]: DEBUG keystone.server.flask.request_processing.req_logging [None req-30f567e4-3723-44c6-9bd2-640709c42ce6 None admin] SCRIPT_NAME: `/identity` {{(pid=67707) log_request_info /opt/stack/keystone/keystone/server/flask/request_processing/req_logging.py:27}}
Mar 31 12:11:00 ubuntu devstack@keystone.service[67707]: DEBUG keystone.server.flask.request_processing.req_logging [None req-30f567e4-3723-44c6-9bd2-640709c42ce6 None admin] PATH_INFO: `/v3/users/7639bd7faae94ccaa837f939db1cc499` {{(pid=67707) log_request_info /opt/stack/keystone/keystone/server/flask/request_processing/req_logging.py:28}}
Mar 31 12:11:00 ubuntu devstack@keystone.service[67707]: DEBUG keystone.common.rbac_enforcer.enforcer [None req-30f567e4-3723-44c6-9bd2-640709c42ce6 None admin] RBAC: Authorizing `identity:get_user(user_id=7639bd7faae94ccaa837f939db1cc499)` {{(pid=67707) enforce_call /opt/stack/keystone/keystone/common/rbac_enforcer/enforcer.py:494}}
Mar 31 12:11:00 ubuntu devstack@keystone.service[67707]: DEBUG keystone.common.rbac_enforcer.enforcer [None req-30f567e4-3723-44c6-9bd2-640709c42ce6 None admin] RBAC: Authorization granted {{(pid=67707) enforce_call /opt/stack/keystone/keystone/common/rbac_enforcer/enforcer.py:505}}
Mar 31 12:11:00 ubuntu devstack@keystone.service[67707]: [pid: 67707|app: 0|req: 23/44] 10.120.125.144 () {58 vars in 1245 bytes} [Tue Mar 31 12:11:00 2026] GET /identity/v3/users/7639bd7faae94ccaa837f939db1cc499 => generated 248 bytes in 71 msecs (HTTP/1.1 200) 5 headers in 177 bytes (2 switches on core 0)
Mar 31 12:11:00 ubuntu devstack@keystone.service[67706]: DEBUG keystone.server.flask.request_processing.middleware.auth_context [None req-41e70516-7fd5-40bc-9767-67224e78e2d9 None admin] Validating token access rules against request {{(pid=67706) validate_allowed_request /opt/stack/data/venv/lib/python3.12/site-packages/keystonemiddleware/auth_token/__init__.py:545}}
Mar 31 12:11:00 ubuntu devstack@keystone.service[67707]: DEBUG keystone.server.flask.request_processing.middleware.auth_context [None req-30f567e4-3723-44c6-9bd2-640709c42ce6 None admin] Authenticating user token {{(pid=67707) process_request /opt/stack/data/venv/lib/python3.12/site-packages/keystonemiddleware/auth_token/__init__.py:407}}
Mar 31 12:11:00 ubuntu devstack@keystone.service[67706]: DEBUG keystone.server.flask.request_processing.middleware.auth_context [None req-bc33a343-a55a-4116-a8fc-c047c6f7690f None admin] RBAC: auth_context: {'token': <TokenModel (audit_id=Q3F2IinhSr-MyN7HtSWLJw, audit_chain_id=['Q3F2IinhSr-MyN7HtSWLJw']) at 0x77a5010e2b70>, 'domain_id': None, 'trust_id': None, 'trustor_id': None, 'trustee_id': None, 'domain_name': None, 'group_ids': [], 'user_id': '7639bd7faae94ccaa837f939db1cc499', 'user_domain_id': 'default', 'system_scope': 'all', 'project_id': None, 'project_domain_id': None, 'roles': ['admin', 'manager', 'member', 'reader'], 'is_admin_project': True, 'service_user_id': None, 'service_user_domain_id': None, 'service_project_id': None, 'service_project_domain_id': None, 'service_roles': []} {{(pid=67706) fill_context /opt/stack/keystone/keystone/server/flask/request_processing/middleware/auth_context.py:509}}
Mar 31 12:11:00 ubuntu devstack@keystone.service[67706]: DEBUG keystone.server.flask.request_processing.req_logging [None req-bc33a343-a55a-4116-a8fc-c047c6f7690f None admin] REQUEST_METHOD: `GET` {{(pid=67706) log_request_info /opt/stack/keystone/keystone/server/flask/request_processing/req_logging.py:26}}
Mar 31 12:11:00 ubuntu devstack@keystone.service[67706]: DEBUG keystone.server.flask.request_processing.req_logging [None req-bc33a343-a55a-4116-a8fc-c047c6f7690f None admin] SCRIPT_NAME: `/identity` {{(pid=67706) log_request_info /opt/stack/keystone/keystone/server/flask/request_processing/req_logging.py:27}}
Mar 31 12:11:00 ubuntu devstack@keystone.service[67706]: DEBUG keystone.server.flask.request_processing.req_logging [None req-bc33a343-a55a-4116-a8fc-c047c6f7690f None admin] PATH_INFO: `/v3/domains/default` {{(pid=67706) log_request_info /opt/stack/keystone/keystone/server/flask/request_processing/req_logging.py:28}}
Mar 31 12:11:00 ubuntu devstack@keystone.service[67706]: DEBUG keystone.common.rbac_enforcer.enforcer [None req-bc33a343-a55a-4116-a8fc-c047c6f7690f None admin] RBAC: Authorizing `identity:get_domain(domain_id=default)` {{(pid=67706) enforce_call /opt/stack/keystone/keystone/common/rbac_enforcer/enforcer.py:494}}
Mar 31 12:11:00 ubuntu devstack@keystone.service[67706]: DEBUG keystone.common.rbac_enforcer.enforcer [None req-bc33a343-a55a-4116-a8fc-c047c6f7690f None admin] RBAC: Authorization granted {{(pid=67706) enforce_call /opt/stack/keystone/keystone/common/rbac_enforcer/enforcer.py:505}}
Mar 31 12:11:00 ubuntu devstack@keystone.service[67706]: [pid: 67706|app: 0|req: 22/45] 10.120.125.144 () {58 vars in 1176 bytes} [Tue Mar 31 12:11:00 2026] GET /identity/v3/domains/default => generated 200 bytes in 88 msecs (HTTP/1.1 200) 5 headers in 177 bytes (1 switches on core 0)
Mar 31 12:11:00 ubuntu devstack@keystone.service[67707]: DEBUG keystone.server.flask.request_processing.middleware.auth_context [None req-30f567e4-3723-44c6-9bd2-640709c42ce6 None admin] Validating token access rules against request {{(pid=67707) validate_allowed_request /opt/stack/data/venv/lib/python3.12/site-packages/keystonemiddleware/auth_token/__init__.py:545}}
Mar 31 12:11:00 ubuntu devstack@keystone.service[67707]: DEBUG keystone.server.flask.request_processing.middleware.auth_context [None req-fd890fbc-cb53-4214-8c04-76711a8d40f5 None admin] RBAC: auth_context: {'token': <TokenModel (audit_id=X1lolMZcR_O0MfRXOydOTQ, audit_chain_id=['X1lolMZcR_O0MfRXOydOTQ']) at 0x77a500dd8860>, 'domain_id': None, 'trust_id': None, 'trustor_id': None, 'trustee_id': None, 'domain_name': None, 'group_ids': [], 'user_id': '7639bd7faae94ccaa837f939db1cc499', 'user_domain_id': 'default', 'system_scope': 'all', 'project_id': None, 'project_domain_id': None, 'roles': ['admin', 'manager', 'member', 'reader'], 'is_admin_project': True, 'service_user_id': None, 'service_user_domain_id': None, 'service_project_id': None, 'service_project_domain_id': None, 'service_roles': []} {{(pid=67707) fill_context /opt/stack/keystone/keystone/server/flask/request_processing/middleware/auth_context.py:509}}
Mar 31 12:11:00 ubuntu devstack@keystone.service[67707]: DEBUG keystone.server.flask.request_processing.req_logging [None req-fd890fbc-cb53-4214-8c04-76711a8d40f5 None admin] REQUEST_METHOD: `GET` {{(pid=67707) log_request_info /opt/stack/keystone/keystone/server/flask/request_processing/req_logging.py:26}}
Mar 31 12:11:00 ubuntu devstack@keystone.service[67707]: DEBUG keystone.server.flask.request_processing.req_logging [None req-fd890fbc-cb53-4214-8c04-76711a8d40f5 None admin] SCRIPT_NAME: `/identity` {{(pid=67707) log_request_info /opt/stack/keystone/keystone/server/flask/request_processing/req_logging.py:27}}
Mar 31 12:11:00 ubuntu devstack@keystone.service[67707]: DEBUG keystone.server.flask.request_processing.req_logging [None req-fd890fbc-cb53-4214-8c04-76711a8d40f5 None admin] PATH_INFO: `/v3/domains/default` {{(pid=67707) log_request_info /opt/stack/keystone/keystone/server/flask/request_processing/req_logging.py:28}}
Mar 31 12:11:00 ubuntu devstack@keystone.service[67707]: DEBUG keystone.common.rbac_enforcer.enforcer [None req-fd890fbc-cb53-4214-8c04-76711a8d40f5 None admin] RBAC: Authorizing `identity:get_domain(domain_id=default)` {{(pid=67707) enforce_call /opt/stack/keystone/keystone/common/rbac_enforcer/enforcer.py:494}}
Mar 31 12:11:00 ubuntu devstack@keystone.service[67707]: DEBUG keystone.common.rbac_enforcer.enforcer [None req-fd890fbc-cb53-4214-8c04-76711a8d40f5 None admin] RBAC: Authorization granted {{(pid=67707) enforce_call /opt/stack/keystone/keystone/common/rbac_enforcer/enforcer.py:505}}
Mar 31 12:11:00 ubuntu devstack@keystone.service[67707]: [pid: 67707|app: 0|req: 24/46] 10.120.125.144 () {58 vars in 1176 bytes} [Tue Mar 31 12:11:00 2026] GET /identity/v3/domains/default => generated 200 bytes in 57 msecs (HTTP/1.1 200) 5 headers in 177 bytes (2 switches on core 0)
Mar 31 12:11:00 ubuntu devstack@keystone.service[67706]: DEBUG keystone.server.flask.request_processing.middleware.auth_context [None req-bc33a343-a55a-4116-a8fc-c047c6f7690f None admin] Authenticating user token {{(pid=67706) process_request /opt/stack/data/venv/lib/python3.12/site-packages/keystonemiddleware/auth_token/__init__.py:407}}
Mar 31 12:11:00 ubuntu devstack@keystone.service[67707]: DEBUG keystone.server.flask.request_processing.middleware.auth_context [None req-fd890fbc-cb53-4214-8c04-76711a8d40f5 None admin] Authenticating user token {{(pid=67707) process_request /opt/stack/data/venv/lib/python3.12/site-packages/keystonemiddleware/auth_token/__init__.py:407}}
Mar 31 12:11:00 ubuntu devstack@keystone.service[67706]: DEBUG keystone.server.flask.request_processing.middleware.auth_context [None req-bc33a343-a55a-4116-a8fc-c047c6f7690f None admin] Validating token access rules against request {{(pid=67706) validate_allowed_request /opt/stack/data/venv/lib/python3.12/site-packages/keystonemiddleware/auth_token/__init__.py:545}}
Mar 31 12:11:00 ubuntu devstack@keystone.service[67707]: DEBUG keystone.server.flask.request_processing.middleware.auth_context [None req-fd890fbc-cb53-4214-8c04-76711a8d40f5 None admin] Validating token access rules against request {{(pid=67707) validate_allowed_request /opt/stack/data/venv/lib/python3.12/site-packages/keystonemiddleware/auth_token/__init__.py:545}}
Mar 31 12:11:00 ubuntu devstack@keystone.service[67706]: DEBUG keystone.server.flask.request_processing.middleware.auth_context [None req-ec6892ad-2984-4af1-83d8-6ed4e3cc07cb None admin] RBAC: auth_context: {'token': <TokenModel (audit_id=X1lolMZcR_O0MfRXOydOTQ, audit_chain_id=['X1lolMZcR_O0MfRXOydOTQ']) at 0x77a501030d70>, 'domain_id': None, 'trust_id': None, 'trustor_id': None, 'trustee_id': None, 'domain_name': None, 'group_ids': [], 'user_id': '7639bd7faae94ccaa837f939db1cc499', 'user_domain_id': 'default', 'system_scope': 'all', 'project_id': None, 'project_domain_id': None, 'roles': ['admin', 'manager', 'member', 'reader'], 'is_admin_project': True, 'service_user_id': None, 'service_user_domain_id': None, 'service_project_id': None, 'service_project_domain_id': None, 'service_roles': []} {{(pid=67706) fill_context /opt/stack/keystone/keystone/server/flask/request_processing/middleware/auth_context.py:509}}
Mar 31 12:11:00 ubuntu devstack@keystone.service[67706]: DEBUG keystone.server.flask.request_processing.req_logging [None req-ec6892ad-2984-4af1-83d8-6ed4e3cc07cb None admin] REQUEST_METHOD: `GET` {{(pid=67706) log_request_info /opt/stack/keystone/keystone/server/flask/request_processing/req_logging.py:26}}
Mar 31 12:11:00 ubuntu devstack@keystone.service[67706]: DEBUG keystone.server.flask.request_processing.req_logging [None req-ec6892ad-2984-4af1-83d8-6ed4e3cc07cb None admin] SCRIPT_NAME: `/identity` {{(pid=67706) log_request_info /opt/stack/keystone/keystone/server/flask/request_processing/req_logging.py:27}}
Mar 31 12:11:00 ubuntu devstack@keystone.service[67706]: DEBUG keystone.server.flask.request_processing.req_logging [None req-ec6892ad-2984-4af1-83d8-6ed4e3cc07cb None admin] PATH_INFO: `/v3/role_assignments` {{(pid=67706) log_request_info /opt/stack/keystone/keystone/server/flask/request_processing/req_logging.py:28}}
Mar 31 12:11:00 ubuntu devstack@keystone.service[67706]: DEBUG keystone.common.rbac_enforcer.enforcer [None req-ec6892ad-2984-4af1-83d8-6ed4e3cc07cb None admin] RBAC: Adding query filter params (role.id=c9746ca814374c869df350e8de8a7069, scope.domain.id=default, user.id=7639bd7faae94ccaa837f939db1cc499) {{(pid=67706) _extract_filter_values /opt/stack/keystone/keystone/common/rbac_enforcer/enforcer.py:176}}
Mar 31 12:11:00 ubuntu devstack@keystone.service[67706]: DEBUG keystone.common.rbac_enforcer.enforcer [None req-ec6892ad-2984-4af1-83d8-6ed4e3cc07cb None admin] RBAC: Authorizing `identity:list_role_assignments()` {{(pid=67706) enforce_call /opt/stack/keystone/keystone/common/rbac_enforcer/enforcer.py:494}}
Mar 31 12:11:00 ubuntu devstack@keystone.service[67706]: DEBUG keystone.common.rbac_enforcer.enforcer [None req-ec6892ad-2984-4af1-83d8-6ed4e3cc07cb None admin] RBAC: Authorization granted {{(pid=67706) enforce_call /opt/stack/keystone/keystone/common/rbac_enforcer/enforcer.py:505}}
