"pcp-dstat 6.2.0 CSV Output"
"Author:","PCP team <pcp@groups.io> and Dag Wieers <dag@wieers.com>",,,,"URL:","https://pcp.io/ and http://dag.wieers.com/home-made/dstat/"
"Host:","ubuntu",,,,"User:","ubuntu"
"Cmdline:","dstat -tcmndrylpg --tcp --output /tmp/devstack_logs/dstat-csv.log",,,,"Date:","26 Jun 2026 03:39:50 UTC"
"system","total usage",,,,,"memory usage",,,,"net/total",,"dsk/total",,"io/total",,"system",,"load avg",,,"procs",,,"paging",,"tcp sockets",,,,
"time","total usage:usr","total usage:sys","total usage:idl","total usage:wai","total usage:stl","used","free","buf","cach","net/total:recv","net/total:send","dsk/total:read","dsk/total:writ","read","writ","int","csw","1m","5m","15m","run","blk","new","in","out","lis","act","syn","tim","clo"
26-06 03:39:50,,1015524,1401580,169024,5221528,,,,,,,1.330,0.630,0.360,3,0,,,,10,4,0,17,0
26-06 03:39:51,13.209,20.187,65.046,0.498,0.249,1016812,1400028,169052,5221764,11394.341,1746.534,0,299.064,0,15.950,5234,3494,1.330,0.630,0.360,4,0,310.030,0,0,10,4,0,17,0
26-06 03:39:52,19.798,21.552,56.636,0.251,0,991252,1425108,169112,5222028,30232.632,11913.622,0,1383.323,0,41.099,5629,4214,1.330,0.630,0.360,4,0,397.956,0,0,10,5,0,17,1
26-06 03:39:53,23.741,18.743,56.230,0.500,0,994204,1421404,169168,5222604,35906.042,15275.487,0,1799.351,0,56.979,5950,5951,1.460,0.670,0.370,1,0,296.893,0,0,10,5,0,17,1
26-06 03:39:54,30.903,16.448,51.089,0.249,0.249,1109720,1305264,169276,5347900,20843.508,12090.012,0,11579.616,0,421.675,6274,7703,1.460,0.670,0.370,1,0,160.496,0,0,11,5,0,17,1
26-06 03:39:55,27.854,9.285,61.730,0.502,0,1120784,1293684,169424,5348224,38666.926,11345.229,0,1393.186,0,47.176,3683,2546,1.460,0.670,0.370,2,0,97.362,0,0,11,7,0,17,1
26-06 03:39:56,27.722,14.735,55.693,0.749,0,1128288,1265100,169696,5368156,186746.852,14424.313,0,2233.726,0,76.922,4815,3553,1.460,0.670,0.370,2,0,185.811,0,0,11,7,0,19,1
26-06 03:39:57,48.505,8.955,41.043,0.249,0,1215548,1159712,170704,5382536,4931.113,1743.202,31.839,2567.044,1.990,65.669,3865,14523,1.460,0.670,0.370,4,0,35.819,0,0,11,6,0,20,2
26-06 03:39:58,45.237,4.749,48.237,0.750,0.250,1259516,1096388,171276,5399112,4524.742,1025.715,0,3287.086,0,77.978,3202,2170,1.510,0.700,0.380,7,0,1.000,0,0,11,8,0,20,2
26-06 03:39:59,30.957,8.809,44.799,13.339,0,1260296,1058796,173236,5430796,4320.872,1522.171,0,45745.669,0,3056.423,14776,26084,1.510,0.700,0.380,3,0,54.363,0,0,11,8,0,20,2
26-06 03:40:00,38.098,9.462,42.829,7.719,0,1160192,1127504,174728,5457800,4858.556,1452.188,0,44446.123,0,2822.703,11772,20178,1.510,0.700,0.380,3,0,101.593,0,0,11,6,0,20,2
26-06 03:40:01,43.919,5.019,48.688,1.255,0,1247960,1043492,175540,5451488,6064.369,2108.124,0,3473.385,0,252.975,3262,2310,1.510,0.700,0.380,2,0,0,0,0,11,4,0,19,0
26-06 03:40:02,43.751,6.215,47.729,0.746,0,1280836,1010720,175568,5451420,5333.704,2519.688,0,11025.375,0,805.425,4090,3669,1.510,0.700,0.380,2,0,36.791,0,0,11,5,0,19,0
26-06 03:40:03,39.978,7.292,51.544,0.503,0,1268148,1016204,175700,5457676,11439.228,3571.364,0,3359.154,0,385.196,3217,1956,1.550,0.720,0.390,3,0,15.086,0,0,11,4,0,19,0
26-06 03:40:04,44.704,7.992,45.453,0,0,1297588,985340,175748,5458820,5448.405,1564.394,0,195.799,0,3.996,11421,19336,1.550,0.720,0.390,3,0,12.987,0,0,11,4,0,19,0
26-06 03:40:05,33.016,21.511,43.771,0,0,1238404,1044268,175764,5458960,5728.814,1620.796,0,100.049,0,4.002,13546,20833,1.550,0.720,0.390,5,0,350.172,0,0,11,4,0,19,0
26-06 03:40:06,29.955,25.961,43.185,0.250,0,1199056,1091508,175768,5452160,5614.565,1617.570,0,2408.382,0,79.880,6782,6116,1.550,0.720,0.390,2,0,419.370,0,0,11,4,0,19,0
26-06 03:40:07,40.651,17.956,40.402,0,0,1200292,1090280,175772,5452192,5327.034,1616.066,0,7.981,0,1.995,5563,5764,1.550,0.720,0.390,3,0,257.374,0,0,11,5,0,19,0
26-06 03:40:08,46.191,4.245,48.938,0,0,1269748,1020708,175776,5452308,5223.367,1617.946,0,131.833,0,11.985,2696,1151,1.580,0.740,0.400,4,0,0,0,0,11,5,0,19,0
26-06 03:40:09,43.571,7.512,48.329,0,0,1304468,985644,175784,5452644,4266.995,1622.660,0,15914.088,0,135.222,2914,1625,1.580,0.740,0.400,3,0,0,0,0,11,5,0,13,0
26-06 03:40:10,26.247,11.749,59.493,1.000,0,1317480,970112,175828,5455068,4241.533,1511.834,0,3543.610,0,227.975,4296,4901,1.580,0.740,0.400,1,0,117.987,0,0,11,4,0,13,0
26-06 03:40:11,10.749,4.250,84.494,0,0,1352356,935276,175828,5455076,4862.635,1607.879,0,0,0,0,1504,1379,1.580,0.740,0.400,2,0,21.998,0,0,11,4,0,13,0
26-06 03:40:12,22.472,2.996,73.160,0,0,1406908,880724,175828,5455076,4646.281,1510.141,0,0,0,0,1831,1244,1.580,0.740,0.400,2,0,0,0,0,11,4,0,13,0
26-06 03:40:13,23.278,2.253,72.837,0.250,0,1423332,864072,175836,5455292,4791.703,1567.866,0,624.744,0,52.062,2253,1947,1.540,0.740,0.400,4,0,1.001,0,0,11,10,0,13,0
26-06 03:40:14,19.683,6.727,70.759,1.246,0,1371204,916140,175864,5455324,4484.701,1614.492,0,3986.401,0,327.881,3998,4982,1.540,0.740,0.400,2,0,41.857,0,0,11,4,0,15,0
26-06 03:40:15,22.802,4.009,72.417,0,0,1415232,871936,175868,5455496,4949.387,1461.362,0,36792.650,0,264.609,2162,1952,1.540,0.740,0.400,2,0,1.002,0,0,11,4,0,15,0
26-06 03:40:16,19.751,3.250,75.253,0.750,0,1412592,874116,175916,5455748,9582.347,6167.224,268.010,1040.038,66.002,30.001,2722,2655,1.540,0.740,0.400,1,0,7.000,0,0,11,17,0,15,0
26-06 03:40:17,20.255,5.001,74.268,0,0,1401708,884848,175920,5455896,9909.410,5537.347,0,936.228,0,17.004,2756,2115,1.540,0.740,0.400,2,0,45.011,0,0,11,28,0,16,0
26-06 03:40:18,20.512,4.503,73.792,0,0,1455384,831172,175920,5455896,5129.953,2126.224,0,2653.527,0,85.049,1823,1248,1.490,0.750,0.410,2,0,0,0,0,11,29,0,16,0
26-06 03:40:19,16.305,4.264,78.015,0,0,1418068,868472,175920,5455912,11321.451,7898.827,0,2279.743,0,53.181,2499,1945,1.490,0.750,0.410,2,0,26.089,0,0,11,28,0,17,0
26-06 03:40:20,35.357,13.599,50.440,0,0,1520388,766144,175920,5455920,5016.304,1536.936,0,4209.265,0,24.725,3594,2192,1.490,0.750,0.410,3,0,128.572,0,0,11,28,0,17,0
26-06 03:40:21,34.325,4.795,60.322,0,0,1555836,730680,175920,5455936,14116.791,10305.672,0,0,0,0,2942,2358,1.490,0.750,0.410,3,0,0,0,0,11,30,0,15,0
26-06 03:40:22,39.062,16.777,42.818,0.501,0,1433680,852608,175928,5456156,15457.658,11503.350,0,536.856,0,50.080,7521,9188,1.490,0.750,0.410,5,0,340.543,0,0,11,28,0,16,0
26-06 03:40:23,77.860,22.031,0,0,0,1606340,679936,175928,5456168,4548.419,1514.137,0,20.028,0,5.007,5245,3598,1.850,0.840,0.440,6,0,238.336,0,0,11,28,0,16,0
26-06 03:40:24,84.908,12.486,2.248,0,0,1807508,478700,175928,5456204,21415.772,18562.866,0,0,0,0,5654,3866,1.850,0.840,0.440,6,0,0,0,0,11,33,0,16,0
26-06 03:40:25,79.500,11.750,7.750,0,0,1723584,562532,175952,5456436,31353.914,27679.924,0,8603.976,0,488.999,8404,13210,1.850,0.840,0.440,2,0,151.000,0,0,11,30,0,20,0
26-06 03:40:26,28.358,11.194,59.452,0,0,1479904,806180,175960,5456460,8838.680,4043.724,0,290.543,0,22.885,4141,3902,1.850,0.840,0.440,2,0,159.202,0,0,11,28,0,22,0
26-06 03:40:27,18.955,2.743,77.067,0,0,1479848,806232,175960,5456464,9290.924,5582.735,0,107.744,0,5.986,1870,1516,1.850,0.840,0.440,2,0,0,0,0,11,29,0,22,0
26-06 03:40:28,16.835,5.277,76.635,0.251,0,1454960,831096,175968,5456480,8040.438,4564.959,0,269.355,0,20.101,3186,3177,1.790,0.840,0.440,3,0,52.263,0,0,11,28,0,23,0
26-06 03:40:29,20.205,5.488,73.086,0,0,1482836,803220,175968,5456480,4835.179,1562.503,0,0,0,0,2037,1443,1.790,0.840,0.440,2,0,15.964,0,0,11,28,0,23,0
26-06 03:40:30,15.014,4.004,80.075,0,0,1477196,808852,175968,5456488,10384.668,7627.101,0,61717.461,0,406.378,2881,3128,1.790,0.840,0.440,5,0,0,0,0,11,29,0,23,0
26-06 03:40:31,12.530,15.788,69.666,0.251,0,1467600,818420,175976,5456508,5402.865,2470.884,0,1411.361,0,27.064,4608,3538,1.790,0.840,0.440,4,0,217.518,0,0,11,28,0,24,0
26-06 03:40:32,7.761,24.035,65.847,0,0,1433076,852932,175980,5456516,4298.320,1514.227,0,200.295,0,14.021,5316,3429,1.790,0.840,0.440,3,0,348.512,0,0,11,28,0,24,0
26-06 03:40:33,61.545,29.772,9.007,0,0,1526660,759340,175992,5456512,4489.260,1609.168,0,808.587,0,55.040,5768,4394,2.040,0.910,0.460,5,0,473.344,0,0,11,28,0,24,0
26-06 03:40:34,83.276,10.721,5.485,0,0,1723164,562768,176000,5456572,19067.723,16947.425,0,1751.290,0,96.740,5383,3737,2.040,0.910,0.460,3,0,0,0,0,11,32,0,24,0
26-06 03:40:35,71.169,9.739,16.981,0.250,0,1722908,562692,176008,5456884,40591.037,35042.320,0,32898.748,0,194.779,9979,15944,2.040,0.910,0.460,6,0,50.942,0,0,11,29,0,24,1
26-06 03:40:36,78.292,21.079,0.753,0,0,1598692,686908,176056,5456836,5825.735,1996.449,0,3754.006,0,210.786,6023,5266,2.040,0.910,0.460,6,0,260.974,0,0,11,28,0,25,0
26-06 03:40:37,88.175,11.990,0,0,0,1788812,496708,176056,5456916,14776.500,11479.289,0,303.743,0,18.984,5291,3423,2.040,0.910,0.460,5,0,0,0,0,11,31,0,25,0
26-06 03:40:38,81.921,10.240,7.493,0,0.250,1818792,466364,176064,5457272,47558.904,42074.220,0,1338.702,0,64.937,8294,14087,2.360,0.990,0.490,8,0,32.968,0,0,11,32,0,26,0
26-06 03:40:39,59.132,15.220,24.451,0,0,1593468,691492,176076,5457456,17761.605,13799.501,0,403.197,0,32.934,6723,8533,2.360,0.990,0.490,3,0,264.473,0,0,11,28,0,29,0
26-06 03:40:40,38.469,5.246,55.455,0.250,0,1595412,689540,176076,5457464,10177.826,7489.985,0,271.782,0,8.993,2665,1715,2.360,0.990,0.490,2,0,0,0,0,11,30,0,29,0
26-06 03:40:41,33.912,10.299,54.762,0,0,1511388,773512,176092,5457500,18241.193,14104.419,0,715.420,0,45.216,5904,6996,2.360,0.990,0.490,4,0,136.653,0,0,11,28,0,31,0
26-06 03:40:42,62.215,17.490,19.739,0,0,1552896,731932,176092,5457564,4589.452,1511.161,0,15.991,0,3.998,4168,2457,2.360,0.990,0.490,4,0,241.866,0,0,11,28,0,27,0
26-06 03:40:43,49.077,6.726,43.846,0,0,1591740,692924,176092,5457728,23980.556,20593.483,0,247.130,0,2.989,5139,5786,2.570,1.060,0.520,4,0,0,0,0,11,31,0,27,0
26-06 03:40:44,55.945,17.233,25.225,0.250,0,1515096,769516,176096,5457776,14381.734,10773.313,0,519.485,0,47.952,6967,7842,2.570,1.060,0.520,5,0,257.744,0,0,11,28,0,28,0
26-06 03:40:45,78.598,11.049,10.044,0,0,1663244,621348,176096,5457796,11879.557,9912.856,0,1124.977,0,18.080,4759,2169,2.570,1.060,0.520,2,0,1.004,0,0,11,32,0,28,0
26-06 03:40:46,61.149,6.684,30.451,0.248,0,1663004,621348,176112,5458020,38421.207,32872.764,0,1045.718,0,68.328,9518,13617,2.570,1.060,0.520,7,0,0,0,0,11,29,0,28,0
26-06 03:40:47,63.894,20.124,15.596,0.252,0,1558732,725608,176112,5458032,5040.043,1989.252,0,313.934,0,27.167,4731,3793,2.570,1.060,0.520,5,0,326.008,0,0,11,28,0,28,0
26-06 03:40:48,55.619,6.764,36.829,0,0,1621380,662936,176112,5458056,17468.337,14046.022,0,164.351,0,7.015,4196,3030,2.610,1.090,0.530,5,0,0,0,0,11,31,0,28,0
26-06 03:40:49,50.561,16.520,32.038,0.250,0,1563264,720964,176140,5458116,22091.539,18082.723,0,3187.830,0,136.164,8040,10594,2.610,1.090,0.530,5,0,299.360,0,0,11,28,0,30,0
26-06 03:40:50,63.229,8.962,27.383,0,0,1610944,673136,176140,5458260,6468.326,4093.486,0,246.943,0,4.979,3552,1423,2.610,1.090,0.530,2,0,0,0,0,11,30,0,30,0
26-06 03:40:51,49.741,5.024,44.214,0,0,1610676,673188,176144,5458472,31468.520,26195.965,0,184.896,0,12.058,7896,10082,2.610,1.090,0.530,5,0,0,0,0,11,29,0,32,0
26-06 03:40:52,59.131,19.461,20.958,0,0,1473556,810164,176144,5458612,5334.294,2256.471,0,175.647,0,11.976,4556,3035,2.610,1.090,0.530,3,0,286.425,0,0,11,28,0,33,0
26-06 03:40:53,54.101,7.013,38.071,0,0,1568412,715276,176152,5458636,17204.060,14469.965,0,108.202,0,6.011,4119,3119,2.640,1.120,0.550,3,0,0,0,0,11,31,0,33,0
26-06 03:40:54,54.472,11.244,32.983,0.500,0.250,1503860,779628,176168,5458820,18882.231,14184.662,0,1219.369,0,85.956,7207,8772,2.640,1.120,0.550,3,0,111.942,0,0,11,28,0,35,0
26-06 03:40:55,62.045,7.974,30.150,0,0,1576376,707088,176168,5458844,8903.541,5755.956,0,1678.447,0,27.908,3671,1738,2.640,1.120,0.550,4,0,0.997,0,0,11,30,0,35,0
26-06 03:40:56,50.385,5.264,43.366,0.251,0,1584384,699024,176184,5458900,26379.512,22055.955,0,381.018,0,43.115,6725,9224,2.640,1.120,0.550,4,0,0,0,0,11,29,0,36,0
26-06 03:40:57,67.298,28.020,4.253,0,0,1544804,738596,176184,5458920,5995.274,2208.574,0,272.194,0,24.017,6012,10805,2.640,1.120,0.550,6,0,575.410,0,0,11,28,0,38,0
26-06 03:40:58,78.005,22.251,0,0,0,1718516,564800,176192,5458984,7309.443,3586.217,0,164.010,0,10.001,5412,4130,3.070,1.240,0.590,6,0,327.020,0,0,11,29,0,35,0
26-06 03:40:59,77.997,19.999,2.000,0,0,1814792,468324,176192,5459180,33485.869,29171.015,0,523.982,0,26.999,7162,8192,3.070,1.240,0.590,6,0,319.989,0,0,11,33,0,35,0
26-06 03:41:00,75.845,20.957,1.996,0,0,1803040,479852,176200,5459396,34109.480,29444.987,0,371.243,0,36.925,7633,8731,3.070,1.240,0.590,8,0,474.034,0,0,11,30,0,36,0
26-06 03:41:01,81.732,18.246,0.250,0,0,1637812,645012,176208,5459456,12644.168,7650.287,0,407.909,0,35.992,5963,4837,3.070,1.240,0.590,6,0,192.957,0,0,11,28,0,36,0
26-06 03:41:02,82.700,12.243,4.997,0,0,1724420,558376,176212,5459480,18522.842,15767.502,0,131.921,0,9.994,5828,4615,3.070,1.240,0.590,5,0,0,0,0,11,31,0,36,0
26-06 03:41:03,69.805,11.009,18.515,0,0,1719856,562708,176212,5459712,43188.254,37245.541,0,8.006,0,2.002,9093,14043,3.060,1.270,0.600,5,0,123.098,0,0,11,30,0,39,0
26-06 03:41:04,27.519,26.018,45.031,0,0,1472508,810024,176212,5459740,11823.103,8246.652,0,12.008,0,3.002,6634,6455,3.060,1.270,0.600,2,0,527.361,0,0,11,28,0,41,0
26-06 03:41:05,27.979,33.974,36.722,0,0,1480632,801884,176212,5459756,3976.995,539.592,0,47.964,0,11.991,5958,5128,3.060,1.270,0.600,5,0,744.437,0,0,11,28,0,41,0
26-06 03:41:06,75.153,17.536,7.515,0,0,1625156,657296,176224,5459804,10931.261,7457.186,0,344.702,0,22.045,5029,3541,3.060,1.270,0.600,5,0,208.424,0,0,11,30,0,41,0
26-06 03:41:07,64.286,6.977,27.160,0.249,0,1637256,644980,176256,5459988,28094.600,23575.623,0,566.118,0,45.848,7104,8584,3.060,1.270,0.600,5,0,0,0,0,11,30,0,43,0
26-06 03:41:08,72.451,20.986,6.745,0,0,1541920,740292,176268,5460000,10910.579,6399.647,0,407.723,0,37.974,6112,6038,3.140,1.310,0.620,8,0,267.818,0,0,11,28,0,45,0
26-06 03:41:09,73.934,9.492,15.736,0,0,1653588,628572,176268,5460052,19737.514,16360.506,0,155.862,0,7.993,4861,4041,3.140,1.310,0.620,4,0,0,0,0,11,32,0,45,0
26-06 03:41:10,53.906,6.988,38.183,0,0,1654328,627592,176276,5460280,36030.058,31769.501,0,151.735,0,8.984,10140,14819,3.140,1.310,0.620,4,0,0,0,0,11,32,0,45,0
26-06 03:41:11,59.030,9.043,30.394,0,0,1603304,678372,176280,5460512,33820.406,28042.000,0,490.326,0,50.238,10575,15846,3.140,1.310,0.620,6,0,60.286,0,0,11,29,0,45,0
26-06 03:41:12,83.981,13.537,2.507,0.251,0,1573656,707980,176288,5460508,5967.432,3544.761,0,280.773,0,22.061,5221,3313,3.140,1.310,0.620,4,0,62.171,0,0,11,29,0,45,0
26-06 03:41:13,64.979,8.465,26.390,0,0,1650184,631412,176288,5460548,30740.950,26498.621,0,143.403,0,9.959,6898,8195,3.130,1.340,0.630,4,0,0,0,0,11,32,0,45,0
26-06 03:41:14,52.401,6.268,39.614,0,0,1650008,631168,176288,5460956,45222.280,39749.514,0,148.428,0,9.026,11425,18529,3.130,1.340,0.630,3,0,0,0,0,11,30,0,44,1
26-06 03:41:15,73.849,17.523,8.261,0,0,1495940,785172,176288,5461016,18557.800,13676.276,0,3432.587,0,131.175,6706,7910,3.130,1.340,0.630,6,0,261.349,0,0,11,28,0,47,0
26-06 03:41:16,76.513,11.427,11.676,0,0,1631224,649872,176292,5461028,14678.524,11333.824,0,1418.964,0,24.842,4770,2645,3.130,1.340,0.630,4,0,6.956,0,0,11,33,0,47,0
26-06 03:41:17,61.811,7.257,29.529,0,0,1607976,672856,176304,5461268,40317.075,34646.438,0,344.342,0,45.045,10237,16556,3.130,1.340,0.630,5,0,14.014,0,0,11,34,0,49,0
26-06 03:41:18,77.420,15.333,6.535,0.251,0,1550940,729856,176312,5461296,15393.490,11076.074,0,253.374,0,29.158,6236,6271,3.200,1.390,0.650,5,0,115.627,0,0,11,32,0,49,0
26-06 03:41:19,70.832,9.228,18.955,0.249,0,1654828,625800,176316,5461456,18164.994,15625.008,0,131.688,0,15.962,4880,3335,3.200,1.390,0.650,2,0,0,0,0,11,35,0,49,0
26-06 03:41:20,68.514,13.503,18.254,0,0,1649440,631124,176320,5461516,24492.989,19956.065,0,1768.360,0,150.031,7563,9801,3.200,1.390,0.650,5,0,120.024,0,0,11,34,0,50,0
26-06 03:41:21,70.306,8.757,20.766,0,0,1700956,579408,176324,5461708,31406.849,26285.797,0,296.234,0,12.010,6830,9037,3.200,1.390,0.650,4,0,17.013,0,0,11,34,0,52,0
26-06 03:41:22,72.975,15.745,10.496,0,0,1585768,694536,176324,5461768,19493.277,15840.537,0,179.938,0,7.997,6533,8091,3.200,1.390,0.650,5,0,166.942,0,0,11,32,0,54,0
26-06 03:41:23,75.511,12.502,11.752,0,0,1672636,607640,176324,5461792,14748.141,11566.679,0,120.017,0,8.001,4890,3355,3.260,1.430,0.670,4,0,43.006,0,0,11,34,0,52,0
26-06 03:41:24,67.169,11.736,20.725,0,0,1592592,687492,176324,5461980,25616.220,21344.353,0,111.866,0,7.990,7127,8658,3.260,1.430,0.670,6,0,67.918,0,0,11,34,0,54,0
26-06 03:41:25,71.192,12.032,16.294,0,0,1612540,667344,176348,5462152,14848.045,11632.372,0,377.017,0,39.105,5498,5870,3.260,1.430,0.670,5,0,139.376,0,0,11,33,0,56,0
26-06 03:41:26,51.354,8.725,38.890,0,0,1611744,668088,176376,5462172,16365.564,13573.486,0,646.167,0,73.791,4503,4007,3.260,1.430,0.670,4,0,59.830,0,0,11,33,0,58,0
26-06 03:41:27,60.673,10.237,28.214,0,0,1596148,683620,176388,5462220,12755.810,8346.407,0,207.736,0,15.980,5447,5026,3.260,1.430,0.670,3,0,59.924,0,0,11,32,0,53,0
26-06 03:41:28,52.438,12.043,34.875,0,0,1576624,703100,176392,5462260,19414.692,15932.191,0,196.706,0,10.036,4750,4684,3.320,1.470,0.690,4,0,96.346,0,0,11,34,0,53,0
26-06 03:41:29,55.282,11.006,33.769,0.250,0,1528232,751316,176400,5462428,19204.968,14199.109,0,112.064,0,8.005,6288,6547,3.320,1.470,0.690,4,0,86.049,0,0,11,33,0,55,0
26-06 03:41:30,55.475,10.995,32.236,0,0,1558588,720752,176412,5462616,11653.807,8000.435,0,219.902,0,19.991,4743,4305,3.320,1.470,0.690,4,0,85.962,0,0,11,33,0,56,0
26-06 03:41:31,35.723,4.746,58.705,0,0,1557304,722000,176412,5462652,19349.116,15250.269,0,195.849,0,8.993,4962,5787,3.320,1.470,0.690,3,0,0.999,0,0,11,34,0,54,0
26-06 03:41:32,34.010,10.503,53.765,0.250,0,1429712,849556,176420,5462676,12521.574,8624.461,0,356.102,0,35.010,5525,5598,3.320,1.470,0.690,4,0,111.032,0,0,11,32,0,56,0
26-06 03:41:33,40.017,6.503,53.022,0,0.250,1523036,756228,176420,5462680,9854.152,6359.680,0,116.049,0,8.003,3206,2033,3.130,1.460,0.690,3,0,24.010,0,0,11,33,0,56,0
26-06 03:41:34,35.686,6.239,56.898,0.250,0,1532644,746428,176424,5462868,15968.408,12244.077,0,183.671,0,13.975,5010,5739,3.130,1.460,0.690,4,0,33.939,0,0,11,33,0,57,0
26-06 03:41:35,39.563,11.018,48.578,0,0,1548368,730676,176424,5462896,7133.439,3695.927,0,2768.439,0,136.218,4454,3501,3.130,1.460,0.690,3,0,105.169,0,0,11,32,0,58,0
26-06 03:41:36,35.720,4.496,59.201,0.250,0,1549516,729512,176424,5462908,13256.980,10217.507,0,363.698,0,22.981,2962,2533,3.130,1.460,0.690,3,0,1.998,0,0,11,33,0,59,0
26-06 03:41:37,35.742,7.998,54.988,0.250,0,1572516,706480,176428,5462932,14600.935,9938.914,0,235.950,0,16.996,4789,4890,3.130,1.460,0.690,3,0,57.988,0,0,11,32,0,60,0
26-06 03:41:38,38.880,5.732,54.581,0,0,1552156,726828,176428,5462944,11893.155,8177.666,0,187.419,0,13.957,3482,3042,2.960,1.460,0.690,4,0,4.985,0,0,11,33,0,60,0
26-06 03:41:39,36.237,6.748,55.731,0,0.250,1471992,806972,176428,5462964,15982.480,11912.886,0,143.950,0,9.997,4683,4569,2.960,1.460,0.690,3,0,42.985,0,0,11,33,0,55,0
26-06 03:41:40,39.231,5.997,53.474,0,0,1502380,776548,176428,5463000,10185.979,6977.561,0,259.872,0,28.986,4314,4262,2.960,1.460,0.690,3,0,4.998,0,0,11,33,0,56,0
26-06 03:41:41,37.708,4.745,55.938,0.250,0,1508240,770524,176436,5463152,15164.255,11149.688,0,2085.697,0,129.857,4146,4801,2.960,1.460,0.690,3,0,0,0,0,11,33,0,56,0
26-06 03:41:42,27.329,16.046,55.160,0.251,0,1494848,783796,176436,5463268,15603.191,12200.336,0,288.837,0,24.070,5792,6122,2.960,1.460,0.690,4,0,267.776,0,0,11,33,0,57,0
26-06 03:41:43,20.728,4.495,73.922,0.250,0,1427240,851400,176436,5463272,6837.755,2960.863,0,239.746,0,18.980,2575,2360,2.810,1.450,0.690,2,0,14.984,0,0,11,32,0,56,0
26-06 03:41:44,19.010,3.002,76.541,0,0,1461912,816724,176436,5463276,9706.228,6385.439,0,112.060,0,9.005,2072,1708,2.810,1.450,0.690,2,0,0,0,0,11,33,0,56,0
26-06 03:41:45,18.752,2.250,78.009,0.250,0,1461636,816976,176436,5463296,9722.179,6313.766,0,300.036,0,20.002,3145,3786,2.810,1.450,0.690,2,0,1.000,0,0,11,32,0,57,0
26-06 03:41:46,9.735,19.719,68.393,0,0,1424236,854368,176436,5463304,4975.212,1563.553,0,27.956,0,6.989,4621,3051,2.810,1.450,0.690,2,0,283.556,0,0,11,32,0,57,0
26-06 03:41:47,22.223,2.996,74.411,0,0,1478296,800304,176436,5463308,5697.164,2968.438,0,906.912,0,0.999,1755,1166,2.810,1.450,0.690,1,0,0,0,0,11,33,0,53,0
26-06 03:41:48,18.805,2.006,78.230,0,0,1478272,800304,176436,5463332,15781.355,10835.828,0,361.061,0,20.059,3483,4248,2.580,1.420,0.690,2,0,0,0,0,11,32,0,54,0
26-06 03:41:49,19.827,6.776,73.032,0,0,1459656,818920,176436,5463332,4716.238,1463.660,0,4.016,0,1.004,2259,1479,2.580,1.420,0.690,3,0,46.179,0,0,11,32,0,54,0
26-06 03:41:50,18.151,2.984,76.332,0,0,1447404,831152,176440,5463348,10016.169,6615.784,0,155.151,0,12.929,2209,2013,2.580,1.420,0.690,2,0,0,0,0,11,33,0,54,0
26-06 03:41:51,19.268,2.252,76.572,0.250,0,1447212,831168,176452,5463512,14884.978,10694.043,0,2085.959,0,176.165,4839,6204,2.580,1.420,0.690,2,0,0,0,0,11,32,0,52,0
26-06 03:41:52,12.035,18.052,68.948,0.251,0,1373508,904756,176452,5463624,5365.397,1624.662,0,36.104,0,4.012,4541,3002,2.580,1.420,0.690,2,0,250.719,0,0,11,32,0,52,0
26-06 03:41:53,27.443,17.714,53.640,0,0,1429812,848360,176488,5463676,5209.272,1658.584,0,367.244,0,25.947,5148,4263,2.530,1.430,0.690,4,0,375.227,0,0,11,32,0,54,0
26-06 03:41:54,44.239,6.498,48.738,0,0,1532696,743796,176592,5465000,5084.740,1565.612,0,0,0,0,2751,1518,2.530,1.430,0.690,3,0,2.999,0,0,11,34,0,54,0
26-06 03:41:55,34.398,7.532,43.437,11.299,0,1515200,755004,177268,5470192,5001.502,1626.995,0,27911.997,0,2501.755,13099,23216,2.530,1.430,0.690,6,0,109.471,0,0,11,36,0,49,0
26-06 03:41:56,36.230,9.245,39.728,13.492,0,1582080,685452,177912,5472136,5234.073,1619.095,0,48384.943,0,4100.707,16249,31787,2.530,1.430,0.690,5,0,59.966,0,0,11,36,0,49,0
26-06 03:41:57,44.841,7.723,44.093,2.242,0,1534832,732876,177972,5472236,4962.355,1614.260,0,16034.983,0,1125.996,5404,6923,2.530,1.430,0.690,4,0,20.926,0,0,11,32,0,49,0
26-06 03:41:58,44.936,8.987,41.441,2.996,0,1499636,767904,178052,5471980,4705.252,1509.835,0,3850.478,0,586.159,6831,20629,2.570,1.460,0.710,6,0,23.966,0,0,11,34,0,50,0
26-06 03:41:59,36.784,7.257,42.039,11.010,0,1553840,712968,178364,5472392,4165.894,1243.162,0,18733.510,0,2403.246,14232,24922,2.570,1.460,0.710,5,0,2.002,0,0,11,34,0,47,0
26-06 03:42:00,30.090,7.021,62.437,0,0,1474116,792664,178380,5472404,3544.629,866.599,0,1985.955,0,113.340,3111,2456,2.570,1.460,0.710,2,0,99.298,0,0,11,32,0,47,0
26-06 03:42:01,21.688,4.238,72.295,0.249,0,1488972,777796,178384,5472408,4940.975,1453.873,0,777.792,0,51.853,2009,1566,2.570,1.460,0.710,2,0,1.994,0,0,11,32,0,47,0
26-06 03:42:02,23.098,3.766,72.055,1.255,0,1422716,843964,178440,5472432,4169.668,976.136,0,6764.664,0,354.502,2416,2608,2.570,1.460,0.710,2,0,1.004,0,0,11,32,0,47,0
26-06 03:42:03,21.382,4.227,73.344,0,0,1491972,774708,178440,5472432,4588.608,1127.759,0,0,0,0,1763,1259,2.450,1.450,0.710,2,0,0.994,0,0,11,32,0,47,0
26-06 03:42:04,22.204,2.994,73.347,0,0,1494044,772636,178440,5472432,5041.459,1508.845,0,0,0,0,1865,1151,2.450,1.450,0.710,2,0,2.994,0,0,11,32,0,43,0
26-06 03:42:05,22.030,4.256,73.100,0,0,1470232,796436,178440,5472444,5753.832,1568.135,0,0,0,0,1884,1328,2.450,1.450,0.710,2,0,1.001,0,0,11,32,0,43,0
26-06 03:42:06,22.735,3.248,73.452,0,0,1497612,768968,178440,5472520,5625.321,1511.012,0,0,0,0,1729,1039,2.450,1.450,0.710,2,0,1.999,0,0,11,32,0,43,0
26-06 03:42:07,22.764,2.752,73.795,0,0,1430632,835948,178440,5472520,5149.110,1566.947,0,12.007,0,2.001,1825,1158,2.450,1.450,0.710,3,0,1.001,0,0,11,32,0,43,0
26-06 03:42:08,22.282,3.755,73.607,0,0,1485644,780936,178440,5472520,5319.715,1514.196,0,184.267,0,3.004,1754,1146,2.330,1.440,0.710,2,0,2.003,0,0,11,32,0,39,0
26-06 03:42:09,23.721,2.497,72.412,0,0,1453024,813444,178456,5472608,2850.547,593.281,0,511.381,0,41.949,1888,1475,2.330,1.440,0.710,3,0,0.999,0,0,11,32,0,39,0
26-06 03:42:10,22.704,3.243,73.351,0,0,1487568,778900,178456,5472608,3983.931,1508.944,0,0,0,0,1752,1310,2.330,1.440,0.710,3,0,0,0,0,11,32,0,39,0
26-06 03:42:11,22.321,3.762,73.232,0,0,1484764,781648,178456,5472632,4471.166,1667.283,0,0,0,0,1826,1410,2.330,1.440,0.710,2,0,1.003,0,0,11,32,0,39,0
26-06 03:42:12,21.502,4.000,73.257,0.250,0,1512672,753740,178456,5472632,3992.381,1512.144,0,256.024,0,56.005,1808,1257,2.330,1.440,0.710,2,0,2.000,0,0,11,32,0,37,0
26-06 03:42:13,22.251,3.000,73.753,0,0,1469900,796448,178456,5472660,4560.198,1620.070,0,0,0,0,1821,1223,2.220,1.440,0.710,3,0,1.000,0,0,11,32,0,37,0
26-06 03:42:14,22.743,3.249,73.476,0,0,1480216,786100,178456,5472692,4664.475,1565.488,0,3.999,0,1.000,1762,1184,2.220,1.440,0.710,3,0,1.000,0,0,11,32,0,37,0
26-06 03:42:15,22.554,3.258,73.426,0,0,1496344,769972,178456,5472692,4843.614,1515.634,0,144.346,0,2.005,1794,1258,2.220,1.440,0.710,2,0,3.007,0,0,11,32,0,37,0
26-06 03:42:16,23.523,3.754,72.320,0,0,1476476,789724,178456,5472792,5047.873,1567.513,0,0,0,0,1950,1164,2.220,1.440,0.710,2,0,20.019,0,0,11,32,0,33,0
26-06 03:42:17,7.733,21.202,68.596,0,0,1472976,793128,178456,5472852,5359.936,1508.605,0,554.751,0,31.928,5290,3672,2.220,1.440,0.710,2,0,316.288,0,0,11,32,0,33,0
26-06 03:42:18,7.512,22.537,68.363,0,0,1462524,803560,178456,5472872,5334.799,1568.587,0,600.991,0,7.012,5120,3404,2.040,1.410,0.710,2,0,292.482,0,0,11,32,0,33,0
26-06 03:42:19,7.760,21.527,68.085,0.501,0,1445032,820868,178468,5473040,5438.792,1513.891,0,877.095,0,44.055,5338,4017,2.040,1.410,0.710,2,0,281.351,0,0,11,32,0,33,0
26-06 03:42:20,7.253,21.010,69.282,0,0,1440852,825028,178468,5473060,5088.352,1566.724,0,96.044,0,3.001,5122,3471,2.040,1.410,0.710,2,0,293.136,0,0,11,32,0,29,0
26-06 03:42:21,13.189,14.682,70.422,0,0.249,1424292,841592,178468,5473056,5005.669,1504.985,0,0,0,0,3837,2596,2.040,1.410,0.710,2,0,171.202,0,0,11,32,0,29,0
26-06 03:42:22,22.525,3.754,73.583,0,0,1477716,788168,178468,5473056,4731.329,1567.766,0,0,0,0,1843,1236,2.040,1.410,0.710,4,0,2.002,0,0,11,32,0,29,0
26-06 03:42:23,22.769,3.002,73.560,0,0,1473920,791948,178468,5473072,4715.839,1513.232,0,16.013,0,1.001,1744,1095,1.960,1.410,0.710,2,0,1.001,0,0,11,32,0,29,0
26-06 03:42:24,22.251,3.500,73.504,0,0,1522828,743060,178468,5473052,4916.260,1566.083,0,8.000,0,1.000,1840,1314,1.960,1.410,0.710,2,0,1.000,0,0,11,32,0,23,0
26-06 03:42:25,23.247,2.250,73.240,0,0,1541220,724664,178472,5473052,4951.356,1511.803,0,115.985,0,3.000,1803,1097,1.960,1.410,0.710,2,0,2.000,0,0,11,32,0,23,0
26-06 03:42:26,20.996,4.749,73.985,0,0,1502400,763472,178472,5473060,4742.067,1565.692,0,3.999,0,1.000,1844,1373,1.960,1.410,0.710,2,0,1.000,0,0,11,32,0,23,0
26-06 03:42:27,22.165,3.238,73.221,0,0,1525920,739940,178472,5473072,5439.246,1613.842,0,11.954,0,0.996,1796,1158,1.960,1.410,0.710,2,0,1.992,0,0,11,32,0,23,0
26-06 03:42:28,22.080,3.764,73.013,0,0,1494168,771692,178472,5473072,5419.529,1625.859,0,3103.182,0,190.687,1878,1296,1.880,1.400,0.710,2,0,1.004,0,0,11,32,0,18,0
26-06 03:42:29,21.985,4.247,73.199,0,0,1523404,742464,178480,5473056,4828.609,1510.939,0,499.649,0,32.977,2002,1665,1.880,1.400,0.710,2,0,1.999,0,0,11,32,0,18,0
26-06 03:42:30,22.199,3.492,73.581,0,0,1465420,800424,178480,5473080,4848.851,1616.284,0,23.945,0,0.998,1703,987,1.880,1.400,0.710,3,0,0.998,0,0,11,32,0,18,0
26-06 03:42:31,22.292,3.507,73.137,0,0,1520812,745044,178480,5473068,4886.173,1665.126,0,0,0,0,1802,1176,1.880,1.400,0.710,2,0,0,0,0,11,32,0,18,0
26-06 03:42:32,22.504,3.501,73.263,0,0,1518928,746916,178480,5473080,4990.860,1620.279,0,16.003,0,2.000,1827,1119,1.880,1.400,0.710,2,0,2.000,0,0,11,32,0,13,0
26-06 03:42:33,22.005,4.251,73.266,0,0,1545344,720500,178480,5473080,4741.030,1620.352,0,60.013,0,1.000,1793,1317,1.810,1.390,0.720,2,0,1.000,0,0,11,32,0,13,0
26-06 03:42:34,22.265,3.002,73.799,0,0,1564364,701476,178480,5473084,4669.100,1609.068,0,28.019,0,1.001,1749,1227,1.810,1.390,0.720,2,0,2.001,0,0,11,32,0,13,0
26-06 03:42:35,23.226,2.997,73.174,0.250,0,1542780,723148,178480,5472996,4175.674,1078.882,0,51.946,0,1.998,1707,1237,1.810,1.390,0.720,2,0,1.998,0,0,11,32,0,13,0
26-06 03:42:36,21.245,4.499,73.482,0,0,1590840,675088,178480,5472996,4393.924,917.775,0,0,0,0,1643,1131,1.810,1.390,0.720,2,0,2.000,0,0,11,32,0,10,0
26-06 03:42:37,24.243,1.999,73.228,0,0,1572148,693692,178480,5473084,4830.573,1511.554,0,87.974,0,1.000,1621,914,1.810,1.390,0.720,2,0,0,0,0,11,32,0,10,0
26-06 03:42:38,22.227,4.246,73.674,0,0,1565516,700324,178480,5473084,5080.737,1564.380,0,103.892,0,3.996,1802,1321,1.750,1.380,0.720,2,0,0.999,0,0,11,32,0,10,0
26-06 03:42:39,22.049,3.758,72.661,0,0,1492412,773420,178488,5473084,4842.721,1515.355,0,529.171,0,44.098,2071,1897,1.750,1.380,0.720,2,0,1.002,0,0,11,32,0,10,0
26-06 03:42:40,21.989,3.748,73.215,0,0,1534668,731184,178488,5473064,4080.047,701.664,0,0,0,0,1761,1149,1.750,1.380,0.720,2,0,1.999,0,0,11,32,0,7,0
26-06 03:42:41,22.511,2.751,73.786,0,0,1494916,770936,178488,5473064,4315.114,1296.635,0,20.010,0,1.000,1752,1186,1.750,1.380,0.720,2,0,1.000,0,0,11,32,0,7,0
26-06 03:42:42,23.745,2.999,72.734,0,0,1487388,778412,178488,5473116,4365.015,1565.647,0,23.995,0,1.000,1785,1173,1.750,1.380,0.720,2,0,0,0,0,11,32,0,7,0
26-06 03:42:43,22.253,3.500,73.259,0,0,1462356,803452,178488,5473108,3506.447,1026.131,0,12.002,0,2.000,1851,1346,1.690,1.380,0.720,2,0,1.000,0,0,11,32,0,7,0
26-06 03:42:44,21.999,3.750,73.246,0,0.250,1503684,762124,178488,5473108,4291.751,1511.912,0,8.000,0,2.000,1747,1125,1.690,1.380,0.720,2,0,2.000,0,0,11,32,0,7,0
26-06 03:42:45,17.539,10.273,71.158,0,0,1453320,812440,178488,5473152,4269.476,1353.003,0,156.347,0,6.013,3136,2121,1.690,1.380,0.720,2,0,130.289,0,0,11,32,0,5,0
26-06 03:42:46,7.486,22.457,68.121,0,0,1441168,824572,178488,5473172,4498.476,1347.447,0,167.682,0,6.987,5254,3585,1.690,1.380,0.720,2,0,330.374,0,0,11,32,0,5,0
26-06 03:42:47,22.008,3.251,73.526,0,0,1503356,762372,178488,5473184,4473.585,1512.536,0,0,0,0,1792,1271,1.690,1.380,0.720,2,0,0,0,0,11,32,0,5,0
26-06 03:42:48,23.737,2.748,73.709,0,0,1487172,778312,178488,5473428,4801.305,1713.039,0,47.973,0,0.999,1802,1058,1.630,1.370,0.720,2,0,8.995,0,0,11,32,0,5,0
26-06 03:42:49,21.499,4.500,72.247,0.500,0,1509820,755632,178512,5473436,4989.787,1619.931,0,2607.889,0,141.994,2226,2155,1.630,1.370,0.720,2,0,0,0,0,11,32,0,3,0
26-06 03:42:50,21.788,4.508,72.876,0,0,1486388,779060,178512,5473440,4734.207,1568.719,0,4.007,0,1.002,2087,1312,1.630,1.370,0.720,2,0,38.066,0,0,11,32,0,3,0
26-06 03:42:51,9.270,23.300,66.394,0,0,1470112,795184,178512,5473588,5100.027,1515.276,40.087,84.182,2.004,3.007,5491,3848,1.630,1.370,0.720,3,0,358.776,0,0,11,32,0,3,0
26-06 03:42:52,7.752,22.507,68.020,0,0,1476724,788552,178512,5473608,4463.342,1242.374,0,112.034,0,4.001,5486,3918,1.630,1.370,0.720,3,0,360.108,0,0,11,32,0,3,0
26-06 03:42:53,8.718,21.670,67.998,0,0,1448880,816360,178512,5473636,3811.862,860.807,0,215.202,0,5.978,5925,4424,1.580,1.370,0.720,3,0,447.341,0,0,11,32,0,3,0
26-06 03:42:54,8.005,21.264,68.294,0,0,1452068,813144,178512,5473656,4340.791,1458.938,0,352.226,0,4.003,5051,3406,1.580,1.370,0.720,3,0,300.193,0,0,11,32,0,3,0
26-06 03:42:55,7.491,23.472,67.419,0,0,1434176,831012,178512,5473676,4914.121,1618.064,0,1058.733,0,12.984,5801,4176,1.580,1.370,0.720,3,0,421.496,0,0,11,32,0,3,0
26-06 03:42:56,8.537,23.099,68.042,0,0,1416416,848736,178512,5473692,4855.840,1464.284,0,887.810,0,11.047,5653,4187,1.580,1.370,0.720,1,0,398.711,0,0,11,32,0,3,0
26-06 03:42:57,7.970,21.169,68.489,0,0,1401872,863260,178512,5473712,5020.881,1613.855,0,701.329,0,7.970,5566,3878,1.580,1.370,0.720,2,0,353.653,0,0,11,32,0,1,0
26-06 03:42:58,12.047,23.843,61.993,0,0,1372992,892116,178512,5473736,4776.701,1463.731,0,168.660,0,6.024,5978,12012,1.530,1.360,0.720,2,0,382.497,0,0,11,32,0,2,0
26-06 03:42:59,7.219,21.407,68.952,0,0,1368112,896972,178512,5473760,4572.217,1505.486,0,382.346,0,56.754,5161,3604,1.530,1.360,0.720,3,0,318.621,0,0,11,32,0,2,0
26-06 03:43:00,8.033,22.592,68.528,0,0,1353836,911220,178516,5473784,4377.778,1084.404,0,277.125,0,10.041,5347,3547,1.530,1.360,0.720,2,0,329.337,0,0,11,32,0,2,0
26-06 03:43:01,7.992,22.229,68.185,0,0,1348640,916396,178516,5473804,4982.286,1348.724,0,35.966,0,8.991,5380,3588,1.530,1.360,0.720,3,0,333.684,0,0,11,32,0,1,0
26-06 03:43:02,8.751,21.003,67.759,0,0,1317212,947800,178524,5473820,4476.562,1296.163,0,12.002,0,3.000,5345,3904,1.530,1.360,0.720,2,0,330.041,0,0,11,32,0,1,0
26-06 03:43:03,25.772,31.777,42.036,0.250,0,1382440,882512,178536,5473864,5344.613,1621.399,0,1293.116,0,118.102,6806,5720,1.650,1.390,0.740,6,0,589.509,0,0,11,32,0,5,0
26-06 03:43:04,61.146,16.722,21.963,0,0,1562320,701688,178592,5474640,5550.557,1617.249,0,447.239,0,27.952,4360,2851,1.650,1.390,0.740,4,0,156.733,0,0,11,32,0,7,0
26-06 03:43:05,55.071,11.264,26.033,6.508,0,1642984,613024,179008,5481540,5226.695,1622.078,372.477,19508.988,3.004,1585.030,8790,14917,1.650,1.390,0.740,5,1,61.078,0,0,11,38,0,7,0
26-06 03:43:06,38.242,11.748,32.993,13.497,0,1610720,635988,179840,5489380,5507.869,1511.690,0,67142.219,0,4898.994,19759,37221,1.650,1.390,0.740,4,1,154.968,0,0,11,36,0,8,0
26-06 03:43:07,38.253,9.751,35.003,14.751,0,1658424,577284,180248,5499596,7840.670,3971.339,0,89463.646,0,6651.568,22625,44781,1.650,1.390,0.740,5,0,69.006,0,0,11,37,0,8,0
26-06 03:43:08,44.015,8.753,32.761,12.254,0,1628932,596716,180708,5508840,12515.334,8615.984,0,78087.040,0,5741.988,19537,39803,1.760,1.410,0.750,3,0,56.019,0,0,11,34,0,9,0
26-06 03:43:09,38.195,25.214,25.214,8.737,0,1651348,566252,181284,5516368,4553.484,1617.685,295.577,53167.921,3.994,3597.852,18089,33030,1.760,1.410,0.750,2,1,436.376,0,0,11,34,0,9,0
26-06 03:43:10,40.505,19.503,28.004,10.501,0,1669284,542384,181568,5521332,9504.231,7073.916,1604.208,56396.303,28.004,4143.537,16100,31841,1.760,1.410,0.750,2,0,214.028,0,0,11,35,0,9,0
26-06 03:43:11,29.468,7.492,47.948,12.237,0,1663124,546104,181668,5523612,16743.676,12983.791,0,44295.525,0,3728.919,18423,34361,1.760,1.410,0.750,2,0,50.944,0,0,11,35,0,9,0
26-06 03:43:12,32.583,9.524,42.608,12.281,0,1606768,601264,181812,5524568,7049.882,3516.921,0,48819.834,0,4312.940,17833,33373,1.760,1.410,0.750,3,1,69.175,0,0,11,34,0,9,0
26-06 03:43:13,33.873,7.721,43.587,12.453,0,1651780,554908,182128,5525572,10145.035,6615.244,0,44389.881,0,3871.512,15346,28466,1.780,1.420,0.760,4,1,32.877,0,0,11,35,0,9,0
26-06 03:43:14,28.315,7.768,47.108,13.280,0,1637900,568208,182320,5525940,12490.672,9500.809,0,43403.633,0,3775.667,17880,33739,1.780,1.420,0.760,2,0,27.062,0,0,11,35,0,9,0
26-06 03:43:15,36.034,8.258,45.043,8.258,0,1602168,602412,182372,5527380,12719.034,8211.769,0,35169.274,0,3076.911,14288,25915,1.780,1.420,0.760,7,0,102.097,0,0,11,34,0,10,0
26-06 03:43:16,38.177,9.232,40.422,10.480,0,1625180,577104,182428,5529536,5075.239,1455.201,0,36673.469,0,3230.787,13922,26880,1.780,1.420,0.760,2,0,56.891,0,0,11,36,0,10,0
26-06 03:43:17,30.788,7.760,46.558,13.016,0,1627176,572268,182460,5532268,10759.316,7382.136,0,47658.984,0,3889.814,16132,30409,1.780,1.420,0.760,4,0,51.063,0,0,11,37,0,10,0
26-06 03:43:18,28.034,7.009,49.060,12.515,0,1624048,572268,182592,5535188,16037.501,11982.570,0,61751.086,0,4813.853,20242,39926,1.960,1.470,0.770,3,1,48.058,0,0,11,37,0,10,0
26-06 03:43:19,33.517,11.006,40.271,12.506,0,1565876,626752,182716,5538636,6629.417,3173.636,0,61571.736,0,5038.597,18511,37543,1.960,1.470,0.770,4,0,132.068,0,0,11,36,0,10,0
26-06 03:43:20,33.743,7.249,44.241,12.497,0,1608972,582012,182756,5540180,9315.087,6056.756,0,46370.476,0,4229.131,15467,31858,1.960,1.470,0.770,3,1,41.991,0,0,11,37,0,10,0
26-06 03:43:21,30.000,7.750,46.251,12.750,0.250,1613864,582012,182776,5535304,15137.182,11193.135,0,56124.676,0,4548.055,19620,38468,1.960,1.470,0.770,8,0,12.000,0,0,11,37,0,10,0
26-06 03:43:22,36.989,8.497,43.486,9.247,0,1575132,619036,182804,5536976,11033.572,7191.766,0,36160.765,0,3081.043,14554,26411,1.960,1.470,0.770,4,0,84.974,0,0,11,34,0,12,0
26-06 03:43:23,32.470,14.736,50.953,0.749,0,1455468,738648,182808,5537020,5726.675,3077.139,0,3452.789,0,181.831,4630,3549,2.040,1.490,0.790,1,0,211.803,0,0,11,33,0,12,0
26-06 03:43:24,18.208,2.245,77.073,0.748,0,1455040,738744,182816,5537344,12647.994,8809.796,0,3998.829,0,227.478,3666,4637,2.040,1.490,0.790,2,0,0,0,0,11,32,0,13,0
26-06 03:43:25,20.681,5.980,73.257,0.249,0,1477164,716616,182816,5537344,4903.741,1614.646,0,1359.492,0,145.518,2054,1407,2.040,1.490,0.790,2,0,34.884,0,0,11,32,0,13,0
26-06 03:43:26,15.520,2.253,81.102,0,0,1493984,699792,182816,5537348,10835.680,7457.415,0,4.005,0,1.001,1851,1661,2.040,1.490,0.790,4,0,0,0,0,11,33,0,13,0
26-06 03:43:27,18.531,7.763,72.872,0.250,0,1488060,705616,182816,5537448,5459.140,2343.924,0,276.463,0,23.039,2971,2493,2.040,1.490,0.790,2,0,60.101,0,0,11,32,0,14,0
26-06 03:43:28,19.529,2.754,76.612,0,0.250,1522472,671196,182816,5537456,7490.995,3976.837,0,32.047,0,4.006,1955,1550,1.880,1.470,0.780,2,0,0,0,0,11,33,0,14,0
26-06 03:43:29,21.206,2.245,75.345,0,0,1522072,671448,182816,5537604,13677.773,9733.912,0,0,0,0,3305,3621,1.880,1.470,0.780,2,0,0,0,0,11,32,0,15,0
26-06 03:43:30,19.592,6.531,73.094,0,0,1491984,701536,182816,5537604,4720.190,1464.886,0,92.435,0,11.052,2403,1860,1.880,1.470,0.780,2,0,43.203,0,0,11,32,0,15,0
26-06 03:43:31,18.155,2.736,78.589,0,0,1503752,689760,182816,5537612,10512.027,7241.132,0,354.148,0,11.938,1987,1730,1.880,1.470,0.780,3,0,0,0,0,11,33,0,15,0
26-06 03:43:32,16.289,4.511,77.438,0.251,0,1438652,754832,182816,5537640,10191.707,6627.065,0,284.690,0,26.063,3853,4375,1.880,1.470,0.780,2,0,49.119,0,0,11,32,0,16,0
26-06 03:43:33,7.501,23.254,66.763,0,0.250,1395436,797888,182816,5537800,4412.829,1680.316,0,200.038,0,9.002,5288,3446,1.890,1.480,0.790,2,0,328.062,0,0,11,32,0,16,0
26-06 03:43:34,18.785,26.549,53.349,0.250,0,1394136,798988,182824,5537992,4494.334,1863.456,0,1178.185,0,93.173,6000,4727,1.890,1.480,0.790,4,0,420.780,0,0,11,32,0,22,0
26-06 03:43:35,63.370,12.225,24.450,0,0.249,1539892,652540,182844,5538656,4882.015,1550.828,0,287.412,0,12.973,3920,1878,1.890,1.480,0.790,4,0,3.992,0,0,11,32,0,22,0
26-06 03:43:36,65.041,10.217,24.172,0,0,1690268,498848,182960,5541432,4939.163,1537.072,0,3141.926,0,101.674,3810,1647,1.890,1.480,0.790,4,0,0,0,0,11,32,0,22,0
26-06 03:43:37,56.044,8.006,29.773,4.003,0,1783572,398832,183080,5547584,4559.574,1176.922,0,21260.664,0,1411.106,8665,12217,1.890,1.480,0.790,4,0,72.056,0,0,11,38,0,22,0
26-06 03:43:38,26.866,9.792,44.693,15.316,0,1792968,376908,183188,5559592,4987.525,1657.152,0,85834.447,0,6341.368,24127,46776,2.300,1.570,0.820,3,1,216.936,0,0,11,38,0,22,0
26-06 03:43:39,24.670,9.968,46.600,14.703,0,1791984,369096,183232,5568036,4770.606,1560.963,0,97062.785,0,6944.590,24083,48374,2.300,1.570,0.820,2,0,185.402,0,0,11,38,0,22,0
26-06 03:43:40,33.823,11.024,37.832,13.780,0,1683624,468888,183328,5576200,5050.914,1623.508,0,75058.188,0,5651.211,21653,41893,2.300,1.570,0.820,2,1,236.511,0,0,11,36,0,22,0
26-06 03:43:41,41.566,11.268,30.799,14.273,0,1744688,399112,183396,5584544,4644.322,1622.558,0,77934.862,0,5569.781,19947,38478,2.300,1.570,0.820,3,1,116.183,0,0,11,36,0,22,0
26-06 03:43:42,40.954,10.488,31.465,14.484,0,1802764,326696,183432,5598304,4674.756,1618.185,0,100427.341,0,6566.634,21248,44390,2.300,1.570,0.820,2,3,9.989,0,0,11,36,0,22,0
26-06 03:43:43,37.939,11.232,34.944,12.979,0,1764972,361016,183456,5601648,4718.393,1563.479,0,82574.867,0,5902.484,20862,41592,2.590,1.640,0.850,3,1,156.747,0,0,11,36,0,22,0
26-06 03:43:44,37.892,8.227,43.377,8.725,0,1594328,529652,183472,5603592,4726.569,1615.410,0,27194.725,0,2314.423,11712,19895,2.590,1.640,0.850,5,0,164.532,0,0,11,32,0,22,0
26-06 03:43:45,18.851,10.556,67.359,1.508,0,1485160,638780,183472,5603608,4230.574,1194.373,0,9928.981,0,568.031,4321,4917,2.590,1.640,0.850,2,0,140.751,0,0,11,32,0,22,0
26-06 03:43:46,22.370,3.977,72.083,0.497,0,1512424,611516,183472,5603608,3327.729,805.336,0,5241.646,0,289.325,2228,2365,2.590,1.640,0.850,2,0,0,0,0,11,32,0,22,0
26-06 03:43:47,23.269,2.752,72.811,0,0,1540688,583248,183472,5603612,4383.666,1621.356,0,128.107,0,9.008,2220,1861,2.590,1.640,0.850,2,0,2.002,0,0,11,38,0,22,0
26-06 03:43:48,21.962,3.743,72.624,0.250,0,1486828,637104,183472,5603616,4813.628,1549.305,0,107.812,0,8.984,2204,1485,2.470,1.630,0.850,3,0,26.953,0,0,11,32,0,22,0
26-06 03:43:49,22.286,3.756,73.617,0.250,0,1487244,636688,183472,5603616,4997.964,1622.585,0,36.057,0,4.006,1884,1388,2.470,1.630,0.850,3,0,1.002,0,0,11,32,0,22,0
26-06 03:43:50,23.257,2.751,72.770,0,0,1528556,595364,183472,5603628,4219.187,1458.410,0,116.033,0,18.005,2066,1644,2.470,1.630,0.850,2,0,2.001,0,0,11,34,0,22,0
26-06 03:43:51,15.792,20.554,62.164,0.251,0,1461024,662876,183472,5603648,4589.088,1624.279,0,549.447,0,33.087,4494,3444,2.470,1.630,0.850,3,0,386.017,0,0,11,32,0,22,0
26-06 03:43:52,12.008,39.778,47.283,0,0,1438948,684888,183472,5603708,4521.159,1459.019,0,628.439,0,101.071,7261,6271,2.470,1.630,0.850,3,0,864.604,0,0,11,32,0,22,0
26-06 03:43:53,7.257,22.270,68.313,0,0,1435960,687868,183472,5603716,4642.252,1459.337,0,96.088,0,11.010,5082,3226,2.350,1.620,0.850,2,0,301.276,0,0,11,32,0,22,0
26-06 03:43:54,9.507,21.017,68.054,0,0,1428536,695228,183472,5603780,4743.733,1621.276,0,16.013,0,4.003,5173,3466,2.350,1.620,0.850,2,0,302.238,0,0,11,32,0,22,0
26-06 03:43:55,7.731,20.449,69.077,0,0,1422372,701344,183472,5603808,5344.644,1454.366,0,183.541,0,4.988,5096,3491,2.350,1.620,0.850,2,0,265.337,0,0,11,32,0,22,0
26-06 03:43:56,8.767,22.043,68.134,0,0,1417624,706068,183472,5603828,6028.830,1623.185,0,36.071,0,9.018,5299,3640,2.350,1.620,0.850,3,0,298.586,0,0,11,32,0,22,0
26-06 03:43:57,17.191,15.945,64.527,0,0,1399636,724020,183472,5603936,5331.599,1614.428,0,7.972,0,1.993,6139,7713,2.350,1.620,0.850,1,0,190.343,0,0,11,32,0,22,0
26-06 03:43:58,45.215,15.488,38.970,0,0,1471344,652176,183480,5604424,4574.503,1456.886,0,239.817,0,4.996,4823,10966,2.320,1.630,0.860,3,0,166.872,0,0,11,33,0,22,0
26-06 03:43:59,46.331,5.510,48.334,0,0,1568280,555212,183480,5604452,4748.266,1622.825,0,0,0,0,2898,1697,2.320,1.630,0.860,5,0,6.010,0,0,11,37,0,22,0
26-06 03:44:00,47.912,5.769,45.403,0.251,0,1635048,486732,183544,5605780,4996.884,1625.492,0,1990.727,0,171.580,3945,3247,2.320,1.630,0.860,4,0,13.044,0,0,11,49,0,22,0
26-06 03:44:01,21.673,15.943,61.282,0,0.249,1654628,464328,183552,5608508,5039.104,1614.267,0,410.542,0,17.936,5509,8303,2.320,1.630,0.860,2,0,183.349,0,0,11,48,0,22,0
26-06 03:44:02,15.477,18.972,62.657,0,0,1661736,457148,183552,5608956,5152.341,1617.595,0,1006.504,0,12.981,6660,7780,2.320,1.630,0.860,2,0,278.586,0,0,11,48,0,22,0
26-06 03:44:03,5.751,3.500,89.758,0.250,0,1667320,451556,183552,5608528,4938.441,1458.130,0,4188.374,0,313.028,1692,1761,2.130,1.600,0.850,1,0,28.002,0,0,11,48,0,22,0
26-06 03:44:04,0.750,0.750,97.754,0,0,1667316,451556,183552,5608532,5892.259,1512.066,0,36.002,0,4.000,790,1024,2.130,1.600,0.850,1,0,3.000,0,0,11,48,0,22,0
26-06 03:44:05,0.500,1.250,95.733,1.250,0,1667304,451556,183552,5608540,5505.007,1565.718,0,8042.549,0,421.924,1637,2577,2.130,1.600,0.850,1,0,3.999,0,0,11,48,0,22,0
26-06 03:44:06,0.500,0.500,97.252,0.250,0,1667308,451556,183552,5608540,5135.101,1500.029,0,1752.034,0,77.002,850,1261,2.130,1.600,0.850,1,0,1.000,0,0,11,48,0,15,0
26-06 03:44:07,6.242,9.238,83.894,0,0,1651196,467684,183552,5608976,4853.839,1617.946,0,63.919,0,3.995,3303,3408,2.130,1.600,0.850,3,0,144.816,0,0,11,48,0,15,0
26-06 03:44:08,17.535,15.531,65.379,0,0,1670160,448704,183552,5608532,4887.665,1460.889,0,8.016,0,2.004,5096,6750,1.960,1.570,0.850,2,0,208.412,0,0,11,48,0,15,0
26-06 03:44:09,13.221,20.206,66.105,0,0,1722360,396464,183552,5608576,5565.752,1895.828,0,3.991,0,0.998,5270,4307,1.960,1.570,0.850,7,0,305.328,0,0,12,50,0,15,0
26-06 03:44:10,26.654,16.093,55.320,0,0,1725556,393176,183552,5608612,4920.485,1520.804,0,2542.720,0,54.314,6257,8531,1.960,1.570,0.850,4,0,256.485,0,0,12,64,0,15,0
26-06 03:44:11,5.225,6.967,86.091,0.249,0,1705124,413660,183552,5608608,4660.875,1600.403,0,577.260,0,30.854,2475,2559,1.960,1.570,0.850,1,0,141.329,0,0,12,64,0,14,0
26-06 03:44:12,13.987,17.733,66.937,0,0,1702824,415944,183552,5608628,4947.362,1510.584,0,83.921,0,8.992,5439,5269,1.960,1.570,0.850,2,0,208.804,0,0,14,64,0,14,0
26-06 03:44:13,13.790,16.548,68.449,0,0,1699976,418756,183552,5608664,4619.396,1570.555,0,56.163,0,6.017,5491,5279,1.890,1.560,0.850,2,0,248.721,0,0,14,66,0,14,0
26-06 03:44:14,8.508,20.019,69.566,0,0,1692252,426456,183552,5608688,5645.350,1663.577,0,20.019,0,5.005,4867,3298,1.890,1.560,0.850,2,0,254.241,0,0,14,66,0,14,0
26-06 03:44:15,8.735,21.714,67.637,0,0,1679028,439532,183552,5608836,4851.878,1659.222,0,211.646,0,7.987,5124,3441,1.890,1.560,0.850,2,0,252.577,0,0,14,66,0,14,0
26-06 03:44:16,20.031,17.527,61.344,0,0,1705488,413040,183552,5608856,5845.984,1622.494,0,20.031,0,3.005,6362,8044,1.890,1.560,0.850,4,0,204.314,0,0,14,66,0,14,0
26-06 03:44:17,27.825,27.073,44.871,0,0,1773536,344960,183564,5608872,5474.738,1624.373,0,481.296,0,9.024,6265,4716,1.890,1.560,0.850,4,0,471.269,0,0,14,66,0,14,0
26-06 03:44:18,28.043,25.561,44.918,0,0,1814136,303656,183616,5609440,5717.755,1608.119,0,119.120,0,5.956,6630,5339,1.900,1.570,0.860,5,0,470.524,0,0,14,66,0,14,0
26-06 03:44:19,28.894,26.381,44.220,0,0,1928144,188600,183636,5610380,4675.235,1519.552,0,40.200,0,10.050,7144,6654,1.900,1.570,0.860,5,0,482.397,0,0,14,70,0,15,0
26-06 03:44:20,40.479,18.490,40.728,0,0,1946956,169696,183636,5610392,5203.239,1655.122,0,11.994,0,2.998,6138,7085,1.900,1.570,0.860,4,0,191.898,0,0,14,70,0,15,0
26-06 03:44:21,56.128,29.568,13.280,0,0,2029280,157032,177880,5548356,4308.863,1244.850,24.055,24.055,4.009,6.014,5642,4979,1.900,1.570,0.860,4,0,517.184,0,0,14,70,0,15,0
26-06 03:44:22,61.010,20.089,18.105,0,0,2115312,128116,175728,5494508,4513.779,1339.253,182.535,1392.823,2.976,8.928,5315,8405,1.900,1.570,0.860,6,0,194.440,0,0,14,70,0,15,0
26-06 03:44:23,70.193,27.423,1.761,0.503,0,2247860,159688,174864,5335120,4244.810,1467.267,507.204,1147.246,25.159,61.388,5402,5504,2.140,1.630,0.880,4,0,518.273,0,0,14,70,0,13,0
26-06 03:44:24,75.065,21.946,2.494,0.499,0,2380632,183032,174588,5182640,4369.240,1616.020,730.202,7956.406,77.808,511.740,8044,9582,2.140,1.630,0.880,6,1,221.455,0,0,14,74,0,13,0
26-06 03:44:25,64.894,26.457,6.240,1.747,0,2479592,122080,174312,5145616,4870.063,1497.559,543.115,31564.560,13.977,2316.225,15504,26777,2.140,1.630,0.880,8,1,419.317,0,0,14,76,0,13,0
26-06 03:44:26,67.123,23.631,7.793,0.754,0,2564644,183968,174428,5002496,4588.481,1574.745,402.234,13856.952,20.112,1216.757,12963,24065,2.140,1.630,0.880,5,0,290.614,0,0,14,78,0,15,0
26-06 03:44:27,74.805,23.190,1.745,0,0,2660704,160392,174436,4931124,7033.699,1508.076,442.848,817.872,8.977,38.899,8146,9704,2.140,1.630,0.880,6,0,367.045,0,0,14,82,0,17,0
26-06 03:44:28,56.339,27.293,14.773,0,0,2761828,127052,174436,4864612,6930.972,1460.312,16.025,1205.909,3.005,70.111,9356,14403,2.370,1.680,0.900,2,0,470.745,0,0,14,89,0,26,0
26-06 03:44:29,37.847,19.670,41.581,0,0,2803560,154992,174436,4796828,6559.409,1559.677,0,669.287,0,32.867,6764,8247,2.370,1.680,0.900,3,0,262.934,0,0,14,91,0,26,0
26-06 03:44:30,64.049,15.070,19.591,0.251,0,2970976,124040,174448,4663364,6287.302,1555.248,3198.909,514.397,35.164,27.126,5889,8127,2.370,1.680,0.900,5,0,137.641,0,0,14,94,0,29,0
26-06 03:44:31,32.152,12.462,53.587,0.498,0.249,3014544,149172,174464,4596544,4363.711,1076.721,3.988,3951.965,0.997,214.347,4848,4620,2.370,1.680,0.900,2,0,125.617,0,0,14,97,0,29,0
26-06 03:44:32,7.518,21.051,70.171,0.251,0,3019712,143944,174464,4596572,4932.039,1623.964,4.010,148.362,1.002,17.042,5051,3654,2.370,1.680,0.900,3,0,246.602,0,0,14,97,0,29,0
26-06 03:44:33,7.989,19.224,70.656,0,0,3020852,142768,174468,4596604,4779.627,1563.915,3.995,3071.904,0.999,8.988,4838,3246,2.260,1.670,0.900,2,0,237.683,0,0,14,97,0,29,0
26-06 03:44:34,7.502,20.257,70.022,0,0,3033640,129956,174468,4596628,4621.484,1620.520,0,264.085,0,1.000,5203,3674,2.260,1.670,0.900,2,0,302.097,0,0,14,97,0,29,0
26-06 03:44:35,17.445,8.972,72.022,0,0,3080828,149140,174468,4531356,5502.618,1698.634,0,366.841,0,0.997,2760,1936,2.260,1.670,0.900,2,0,78.751,0,0,14,97,0,22,0
26-06 03:44:36,18.749,3.250,77.745,0,0,3109788,120172,174472,4531360,11556.324,8060.529,35.998,2199.871,3.000,269.984,2117,1677,2.260,1.670,0.900,2,0,0,0,0,14,101,0,22,0
26-06 03:44:37,21.102,6.280,71.094,0.251,0,3019644,278288,174472,4465400,22789.219,18848.159,32.156,409.983,5.024,27.131,3254,2932,2.260,1.670,0.900,2,0,63.306,0,0,14,101,0,23,0
26-06 03:44:38,25.365,4.227,68.883,0.249,0,3103532,194400,174472,4465400,5343.521,1503.984,0,222.812,0,22.878,2157,1478,2.160,1.660,0.900,3,0,2.984,0,0,14,105,0,23,0
26-06 03:44:39,15.980,2.497,79.902,0.499,0,3111252,186656,174472,4465428,11982.328,8030.167,3.995,351.570,0.999,31.961,2549,2657,2.160,1.660,0.900,3,0,0.999,0,0,14,110,0,23,0
26-06 03:44:40,26.238,5.498,65.721,1.000,0,3118352,178620,174576,4466228,4963.775,1655.258,355.841,2023.093,20.991,238.893,5139,7605,2.160,1.660,0.900,2,0,2.999,0,0,14,113,0,23,0
26-06 03:44:41,40.280,10.573,47.580,1.007,0,3197600,166436,174576,4401084,5671.390,2413.764,40.280,1760.225,4.028,160.112,5718,6712,2.160,1.660,0.900,2,0,60.420,0,0,14,120,0,25,0
26-06 03:44:42,19.884,7.705,71.584,0.249,0,3258640,171244,174576,4336888,4881.621,1342.197,7.954,401.665,1.988,27.838,2627,2100,2.160,1.660,0.900,2,0,57.665,0,0,14,120,0,25,0
26-06 03:44:43,18.548,3.008,76.701,0.251,0,3273820,156044,174576,4336908,10986.726,7981.869,72.189,834.181,6.016,57.149,2501,2539,2.070,1.650,0.900,3,0,1.003,0,0,14,121,0,25,0
26-06 03:44:44,19.463,3.743,74.110,0.749,0,3274300,155448,174576,4337008,6619.532,3543.326,0,10548.133,0,651.772,3918,4889,2.070,1.650,0.900,2,0,0,0,0,14,121,0,25,0
26-06 03:44:45,38.275,14.009,46.531,0.250,0,3286444,207912,174584,4273968,5453.631,2707.803,0,948.632,0,90.060,4643,4279,2.070,1.650,0.900,3,0,101.067,0,0,14,122,0,26,0
26-06 03:44:46,39.941,6.241,53.172,0,0,3383204,171936,174584,4214320,6214.858,3771.452,0,663.025,0,25.962,2674,1454,2.070,1.650,0.900,1,0,0,0,0,14,123,0,26,0
26-06 03:44:47,19.598,4.774,74.121,0.251,0,3323180,231948,174584,4214332,26914.731,22873.501,0,1809.056,0,107.538,2774,2375,2.070,1.650,0.900,3,0,55.277,0,0,14,122,0,27,0
26-06 03:44:48,21.874,3.729,73.328,0.249,0,3375072,180036,174584,4214352,4968.425,1837.432,7.954,409.644,1.989,15.909,1806,1436,1.980,1.640,0.910,1,0,0,0,0,14,122,1,27,0
26-06 03:44:49,16.864,5.286,77.272,0.252,0,3369992,185092,174588,4214372,28170.454,24992.972,4.027,2867.386,1.007,140.953,2732,2580,1.980,1.640,0.910,2,0,51.347,0,0,14,122,0,28,0
26-06 03:44:50,21.919,3.736,72.980,0,0,3360852,194232,174588,4214372,5081.175,1614.020,0,59.779,0,5.978,1881,1357,1.980,1.640,0.910,2,0,0,0,0,14,122,0,28,0
26-06 03:44:51,26.515,5.003,66.788,0.500,0,3369588,185216,174588,4214668,11902.775,8042.578,8.005,1752.998,2.001,149.085,5987,6866,1.980,1.640,0.910,3,0,8.005,0,0,14,125,0,29,0
26-06 03:44:52,18.943,7.228,71.785,0.499,0,3328716,226076,174588,4214680,6432.742,2759.738,0,442.675,0,36.890,3012,2545,1.980,1.640,0.910,2,0,81.755,0,0,14,124,0,30,0
26-06 03:44:53,18.538,2.756,77.660,0,0,3374056,180728,174588,4214688,10942.491,7414.239,0,232.478,0,15.031,1810,1302,1.820,1.610,0.900,2,0,0,0,0,14,125,0,30,0
26-06 03:44:54,19.165,5.974,73.675,0,0,3379320,175444,174588,4214708,22529.605,19321.757,0,565.505,0,32.855,2552,1882,1.820,1.610,0.900,2,0,54.758,0,0,14,124,0,31,0
26-06 03:44:55,18.306,3.009,77.989,0,0,3429620,125140,174588,4214712,7456.867,4005.283,0,104.320,0,13.040,1734,1382,1.820,1.610,0.900,2,0,1.003,0,0,14,125,0,31,0
26-06 03:44:56,20.526,4.506,71.090,2.003,0,3411456,143076,174588,4214940,9722.306,5918.492,0,4005.070,0,373.473,5015,7546,1.820,1.610,0.900,3,0,1.001,0,0,14,126,0,31,0
26-06 03:44:57,25.463,4.244,68.151,0.749,0,3374704,179696,174588,4215072,5657.746,2478.385,31.953,2983.647,1.997,139.796,4874,7009,1.820,1.610,0.900,2,0,1.997,0,0,14,125,0,33,0
26-06 03:44:58,25.372,9.546,63.806,0,0,3423660,130712,174588,4215100,4813.049,1356.496,24.115,514.464,2.010,38.183,3627,6354,1.760,1.600,0.900,2,0,87.419,0,0,14,125,0,34,0
26-06 03:44:59,17.829,2.476,78.248,0.248,0,3417032,137328,174588,4215112,13140.688,9607.649,0,384.306,0,26.743,1970,1682,1.760,1.600,0.900,2,0,0,0,0,14,126,0,34,0
26-06 03:45:00,21.004,3.001,74.264,0.500,0,3417520,136824,174588,4215128,7027.354,3464.668,0,936.180,0,85.016,3314,3939,1.760,1.600,0.900,9,0,0,0,0,14,126,0,33,0
26-06 03:45:01,38.164,7.330,52.065,0.758,0,3418616,135428,174592,4215424,6380.280,2294.919,4.044,1548.818,1.011,162.767,9414,14392,1.760,1.600,0.900,4,0,6.066,0,0,14,129,0,34,0
26-06 03:45:02,22.311,7.437,68.667,0,0,3357088,196944,174592,4215436,4872.615,1124.450,0,531.486,0,41.646,3023,2630,1.760,1.600,0.900,2,0,76.352,0,0,14,129,0,34,0
26-06 03:45:03,18.555,3.260,77.480,0.251,0,3396144,157884,174592,4215440,10816.130,7312.723,0,3309.832,0,334.995,2028,1418,1.700,1.590,0.900,3,0,2.006,0,0,14,130,0,34,0
26-06 03:45:04,17.598,8.045,71.899,1.006,0,3305916,248056,174596,4215492,9592.260,5547.803,0,6130.036,0,382.122,4838,6033,1.700,1.590,0.900,3,0,117.653,0,0,14,129,0,35,0
26-06 03:45:05,20.121,5.465,73.033,0.248,0,3373700,180268,174596,4215496,5278.228,1502.387,0,250.398,0,13.911,2136,1499,1.700,1.590,0.900,3,0,30.803,0,0,14,129,0,35,0
26-06 03:45:06,20.993,2.999,75.224,0.250,0,3393544,160416,174596,4215504,16861.247,12909.595,0,1575.462,0,98.966,3118,3511,1.700,1.590,0.900,2,0,0,0,0,14,130,0,35,0
26-06 03:45:07,26.025,5.756,64.312,0.751,0,3397612,156132,174604,4215712,5300.073,680.651,0,1045.000,0,126.121,8134,12609,1.700,1.590,0.900,2,0,2.002,0,0,14,132,0,35,0
26-06 03:45:08,35.463,8.803,52.817,1.006,0,3397176,156184,174624,4216076,6798.811,3132.805,402.416,1847.088,65.393,128.773,9505,14404,1.720,1.600,0.910,3,0,45.272,0,0,14,131,0,36,0
26-06 03:45:09,26.250,15.500,57.500,0.250,0,3357060,245012,174624,4168100,5089.998,2123.999,0,1200.000,0,87.000,6324,7786,1.720,1.600,0.910,1,0,245.000,0,0,14,131,0,36,0
26-06 03:45:10,17.871,2.978,77.439,0,0,3407944,194120,174624,4168108,10398.677,7528.468,0,413.008,0,25.813,1846,1406,1.720,1.600,0.910,2,0,0,0,0,14,132,0,36,0
26-06 03:45:11,17.632,10.327,70.527,0.504,0,3366052,235992,174624,4168128,6262.811,3180.774,8.060,2772.724,2.015,194.453,3884,3480,1.720,1.600,0.910,2,0,144.077,0,0,14,131,0,37,0
26-06 03:45:12,7.989,20.471,69.652,0,0,3343200,258824,174628,4168164,4701.414,1617.734,0,447.373,0,12.982,5290,3722,1.720,1.600,0.910,2,0,280.607,0,0,14,131,0,37,0
26-06 03:45:13,12.185,21.635,64.159,0.249,0,3340320,261696,174632,4168636,4605.504,1611.429,0,389.926,0,31.831,6479,6499,1.820,1.620,0.920,2,0,273.545,0,0,14,131,0,37,0
26-06 03:45:14,23.593,15.561,59.736,0,0,3366028,235964,174636,4168208,4234.729,1463.783,0,240.952,0,12.048,5138,6077,1.820,1.620,0.920,3,0,200.793,0,0,14,131,0,37,0
26-06 03:45:15,29.029,24.274,44.794,0,0,3414464,187484,174636,4168252,5165.104,1691.672,4.004,2310.283,1.001,269.266,6127,4692,1.820,1.620,0.920,4,0,391.387,0,0,14,131,0,37,0
26-06 03:45:16,29.678,19.702,49.380,0.249,0,3440672,160856,174648,4168956,4911.039,1524.288,67.835,622.484,4.988,35.913,6398,7161,1.820,1.620,0.920,4,0,303.261,0,0,14,137,0,37,0
26-06 03:45:17,45.487,22.244,31.741,0.250,0,3540336,147708,174656,4083792,5278.544,1619.553,63.982,295.918,4.999,22.994,6229,11203,1.820,1.620,0.920,9,0,324.910,0,0,16,143,0,37,0
26-06 03:45:18,48.973,29.886,20.343,0.251,0,3661376,119520,174656,3991924,4840.081,1464.682,8.037,606.768,1.005,40.183,6714,6217,2,1.660,0.940,4,0,486.218,0,0,16,145,0,37,0
26-06 03:45:19,53.962,19.986,24.983,0,0,3720632,159972,174656,3893772,5336.274,1708.807,7.994,323.774,1.999,23.983,8471,14730,2,1.660,0.940,1,0,256.821,0,0,16,161,0,37,0
26-06 03:45:20,34.260,23.507,41.012,0,0,3793376,138948,174656,3842448,5119.499,1458.427,12.004,1192.349,2.001,118.035,14972,4078,2,1.660,0.940,4,0,329.096,0,0,16,161,0,35,0
26-06 03:45:21,28.442,24.201,45.907,0,0,3843136,144396,174660,3788328,5346.155,1616.720,75.846,235.522,1.996,18.962,6003,4296,2,1.660,0.940,2,0,397.194,0,0,17,161,0,35,0
26-06 03:45:22,9.470,21.680,67.035,0,0,3833008,154496,174660,3788356,4812.535,1453.330,7.974,394.732,1.994,20.933,5376,3739,2,1.660,0.940,2,0,274.119,0,0,17,161,0,35,0
26-06 03:45:23,18.840,16.328,62.550,0.251,0,3844012,143348,174660,3788500,4642.263,1627.807,0,462.217,0,38.183,6105,8122,1.920,1.650,0.940,4,0,202.973,0,0,17,161,0,35,0
26-06 03:45:24,28.020,25.769,45.783,0,0,3913084,129480,174660,3734776,3124.267,664.482,4.003,68.049,1.001,5.004,5893,4286,1.920,1.650,0.940,3,0,368.267,0,0,17,161,0,35,0
26-06 03:45:25,31.765,22.087,44.421,0,0,3953500,162060,174664,3663812,4590.052,1393.692,0,99.266,0,8.934,6107,6288,1.920,1.650,0.940,2,0,343.460,0,0,17,167,0,35,0
26-06 03:45:26,32.144,19.839,46.458,0,0.251,3984776,166036,174664,3628944,5019.473,1669.474,40.180,333.493,4.018,21.094,6861,9276,1.920,1.650,0.940,5,0,276.237,0,0,17,173,0,35,0
26-06 03:45:27,35.511,28.009,35.011,0,0,4088140,168964,174672,3525116,5401.685,1620.505,24.007,456.142,3.001,33.010,7741,9974,1.920,1.650,0.940,4,0,451.141,0,0,17,179,0,35,0
26-06 03:45:28,23.984,26.982,46.969,0.750,0,4161104,139868,174672,3482348,5336.531,1618.948,43.971,839.454,3.997,63.958,10107,12568,1.920,1.650,0.940,2,0,464.698,0,0,17,185,0,21,0
26-06 03:45:29,18.475,21.221,59.169,0,0,4169224,131672,174672,3482392,5272.746,1707.651,3.995,802.895,0.999,50.930,5667,4690,1.920,1.650,0.940,3,0,335.538,0,0,17,201,0,21,0
26-06 03:45:30,15.419,19.150,62.672,0,0,4179404,163796,174672,3441152,4582.047,1557.856,0,541.171,0,32.828,7063,8453,1.920,1.650,0.940,2,0,271.580,0,0,17,201,0,21,0
26-06 03:45:31,31.919,14.075,52.529,0,0,4249416,122048,174672,3413152,4935.169,1520.060,856.542,160.853,14.075,14.075,3950,2789,1.920,1.650,0.940,3,0,117.624,0,0,17,201,0,21,0
26-06 03:45:32,43.902,9.978,45.648,0.249,0,4358900,133040,174672,3295152,4775.345,1562.514,303.323,470.949,3.991,23.947,3123,1872,1.920,1.650,0.940,3,0,2.993,0,0,17,201,0,16,0
26-06 03:45:33,36.222,8.493,54.208,0.999,0,4446700,119820,174688,3222512,4622.392,1402.905,63.950,2625.950,6.995,181.858,3665,3482,1.850,1.640,0.940,3,0,9.992,0,0,17,210,0,16,0
26-06 03:45:34,26.642,17.845,54.289,0,0,4370352,239756,174696,3179812,4156.154,1182.302,16.086,450.401,1.005,20.107,4693,3491,1.850,1.640,0.940,3,0,285.522,0,0,17,209,0,16,0
26-06 03:45:35,37.708,29.717,30.965,0,0,4428152,178084,174708,3183676,6373.869,3474.113,2908.746,583.347,42.952,31.964,6677,6328,1.850,1.640,0.940,5,0,475.468,0,0,17,216,0,16,0
26-06 03:45:36,38.539,22.523,36.787,0,0,4433580,170876,174720,3185888,12240.319,8185.238,40.040,16536.643,4.004,850.856,7821,10147,1.850,1.640,0.940,3,0,354.357,0,0,17,217,0,17,0
26-06 03:45:37,64.195,19.408,15.675,0,0,4505168,137808,174720,3148568,4952.452,1558.589,55.735,366.258,6.967,16.920,4874,4012,1.850,1.640,0.940,5,0,150.285,0,0,17,218,0,17,0
26-06 03:45:38,67.445,14.542,16.548,1.254,0.251,4632908,170156,174748,2993300,12064.893,9338.007,3498.117,770.228,134.389,36.104,5295,4546,2.020,1.680,0.960,3,1,29.084,0,0,17,225,0,17,0
26-06 03:45:39,60.356,13.023,22.289,3.506,0,4623088,185400,174816,2988216,8749.398,4614.120,4720.307,6291.072,379.668,170.300,7317,8641,2.020,1.680,0.960,5,0,115.203,0,0,17,225,0,22,0
26-06 03:45:40,35.332,26.061,37.588,0,0,4658248,148064,174824,2990368,5259.249,1944.529,0,8872.665,0,33.077,7135,7164,2.020,1.680,0.960,2,0,519.209,0,0,17,225,1,22,0
26-06 03:45:41,40.647,21.944,36.158,0.249,0,4718240,136532,174828,2943708,15801.944,12060.428,211.464,786.008,11.970,62.841,8039,10494,2.020,1.680,0.960,7,0,269.317,0,0,17,225,0,22,0
26-06 03:45:42,58.566,27.781,13.515,0,0.250,4717264,135892,174828,2945320,4815.433,1691.909,0,1946.196,0,204.230,6667,6991,2.020,1.680,0.960,4,0,513.579,0,0,17,229,0,22,0
26-06 03:45:43,60.146,20.714,17.719,0.499,0,4812420,155356,174840,2832592,11677.844,9402.771,1146.022,1018.242,55.904,60.895,7329,10491,2.420,1.770,0.990,8,0,252.564,0,0,17,232,0,24,0
26-06 03:45:44,52.370,27.313,19.294,0,0,4832704,132392,174852,2835272,8154.718,4664.707,188.433,697.601,6.014,56.129,7339,8615,2.420,1.770,0.990,6,0,508.166,0,0,17,233,0,25,0
26-06 03:45:45,58.264,19.670,20.417,0.249,0,4867496,166256,174856,2768376,10583.136,7303.419,521.886,709.128,26.891,44.818,8908,14537,2.420,1.770,0.990,4,0,260.943,0,0,17,240,0,23,0
26-06 03:45:46,59.762,20.917,19.174,0.249,0,4903020,224328,174864,2677064,9807.872,6755.051,529.886,705.187,10.956,42.829,7165,10133,2.420,1.770,0.990,7,0,193.229,0,0,17,239,0,24,0
26-06 03:45:47,63.362,10.057,26.149,0.251,0,5062468,140260,174864,2603696,10324.911,7375.080,502.869,667.810,12.069,19.109,4843,3748,2.420,1.770,0.990,4,0,3.017,0,0,17,242,0,25,0
26-06 03:45:48,48.499,10.000,40.249,0.250,0,5130772,142748,174868,2534916,17273.625,14294.689,1691.963,943.979,91.998,92.998,5486,7309,2.390,1.770,1,8,0,13.000,0,0,17,247,0,30,0
26-06 03:45:49,60.400,15.789,22.806,0.251,0,5045984,225984,174892,2536376,6086.064,3104.685,2105.211,1450.590,34.084,67.166,6053,5273,2.390,1.770,1,5,0,172.427,0,0,17,249,0,31,0
26-06 03:45:50,44.727,28.985,24.987,0.500,0,5076500,193080,175004,2538608,11963.729,9353.098,3022.416,667.650,40.979,41.978,7206,6974,2.390,1.770,1,4,0,493.741,0,0,17,250,0,31,0
26-06 03:45:51,53.350,24.680,20.941,0,0,5069736,199776,175004,2539032,7024.198,3549.992,765.841,821.684,5.983,28.918,6647,8506,2.390,1.770,1,3,0,315.112,0,0,17,249,0,33,0
26-06 03:45:52,72.226,21.243,6.498,0.250,0,5167964,158304,175008,2485064,10682.501,7330.599,743.756,1267.585,19.993,57.981,6619,6276,2.390,1.770,1,5,0,169.944,0,0,18,257,0,34,0
26-06 03:45:53,76.964,13.744,7.247,1.000,0,5204840,172204,175020,2436304,9606.541,6613.930,3278.478,2238.961,162.924,247.885,6563,6925,2.520,1.810,1.020,5,0,15.993,0,0,18,256,0,32,0
26-06 03:45:54,82.831,14.558,2.259,0.251,0,5294724,152392,175056,2368424,4759.014,1626.499,1232.926,1329.311,37.148,95.381,6912,8242,2.520,1.810,1.020,5,0,43.172,0,0,18,263,0,33,0
26-06 03:45:55,35.914,16.211,46.139,0,0,5355244,135920,175060,2326416,15393.000,12657.575,566.638,630.485,8.978,48.883,5011,4364,2.520,1.810,1.020,2,1,193.535,0,0,18,267,0,33,0
26-06 03:45:56,41.882,9.530,47.149,0.502,0,5351576,139508,175060,2326496,26724.446,4462.100,770.434,16331.606,6.019,1297.099,4612,3812,2.520,1.810,1.020,4,0,12.038,0,0,18,270,0,34,0
26-06 03:45:57,41.206,12.736,44.453,0.250,0,5325508,164616,175060,2329180,17085393.985,292802.398,511.457,375.602,3.996,23.975,23198,12119,2.520,1.810,1.020,4,0,74.921,0,0,18,269,0,33,0
26-06 03:45:58,39.644,17.204,40.891,0.748,0,5330764,156748,175060,2331788,10467.028,6768.911,2704.772,6075.763,35.904,225.398,6414,14096,2.720,1.870,1.040,4,0,233.376,0,0,18,272,0,35,0
26-06 03:45:59,41.524,6.504,51.280,0,0,5395632,131320,175060,2292888,11779.837,9142.306,0,464.269,0,36.021,3336,2430,2.720,1.870,1.040,2,0,2.001,0,0,18,276,0,35,0
26-06 03:46:00,30.802,4.007,62.856,0.250,0,5400780,123508,175060,2295556,50855.137,1362111.100,2652.493,3754.359,47.080,93.158,5836,7088,2.720,1.870,1.040,2,0,1.002,0,0,18,278,0,38,0
26-06 03:46:01,25.984,5.746,65.460,1.249,0,5385628,152248,175060,2281968,2887871.785,15061776.964,1806.891,12892.088,45.972,277.830,5168,3623,2.720,1.870,1.040,4,0,4.997,0,0,18,283,0,35,0
26-06 03:46:02,37.339,6.223,53.769,0.249,0,5403572,131624,175068,2284968,13949535.249,86073.005,47.795,3353.584,2.987,63.726,10125,9422,2.720,1.870,1.040,5,0,0.996,0,0,18,281,0,38,0
26-06 03:46:03,16.523,16.773,65.091,0.250,0,5285844,249188,175068,2285116,8134.369,4409.163,100.140,12641.669,8.011,80.112,5443,4830,2.660,1.870,1.040,3,0,273.382,0,0,18,280,0,39,0
26-06 03:46:04,15.953,12.463,70.541,0,0,5338592,196416,175072,2285136,5455.806,1507.525,0,283.160,0,16.950,4132,3422,2.660,1.870,1.040,2,0,228.322,0,0,18,280,0,39,0
26-06 03:46:05,21.061,6.769,70.452,0.752,0,5355440,179548,175072,2285156,5656.256,1624.669,0,1034.974,0,60.173,2922,2279,2.660,1.870,1.040,2,0,59.170,0,0,18,282,0,37,0
26-06 03:46:06,8.252,19.254,70.014,0,0,5340480,194480,175072,2285184,5584.098,1566.308,4.001,1740.342,1.000,18.004,5211,3892,2.660,1.870,1.040,2,0,262.052,0,0,18,282,0,37,0
26-06 03:46:07,8.975,19.944,69.805,0,0,5320976,213936,175072,2285232,5357.063,1507.796,11.967,123.655,0.997,10.969,5145,3837,2.660,1.870,1.040,2,0,275.233,0,0,18,282,0,37,0
26-06 03:46:08,3.749,5.998,88.717,0.250,0,5316180,218728,175072,2285236,3974.529,485.820,0,119.956,0,14.994,2263,2205,2.450,1.840,1.040,3,0,73.973,0,0,18,282,0,37,0
26-06 03:46:09,16.041,4.261,78.449,0,0,5359996,174912,175072,2285236,4158.572,1191.028,0,0,0,0,1961,1594,2.450,1.840,1.040,2,0,9.023,0,0,18,282,0,36,0
26-06 03:46:10,18.254,2.501,78.519,0,0,5354656,180112,175072,2285376,11006.648,8262.988,0,0,0,0,1871,1517,2.450,1.840,1.040,2,0,0,0,0,18,283,0,36,0
26-06 03:46:11,15.832,10.806,71.620,0,0,5287088,247572,175076,2285480,6314.617,3239.734,72.374,104.540,6.031,10.052,3978,3140,2.450,1.840,1.040,2,0,118.613,0,0,18,286,0,37,0
26-06 03:46:12,14.489,16.487,67.199,0.500,0,5292360,242012,175076,2285736,4482.565,1564.801,31.975,407.688,1.998,38.970,5155,3979,2.450,1.840,1.040,4,0,149.885,0,0,18,290,0,37,0
26-06 03:46:13,13.661,17.387,66.569,0,0,5278860,255428,175076,2285788,4512.756,1502.265,0,584.214,0,57.627,5277,4475,2.330,1.820,1.040,3,0,169.899,0,0,18,292,0,36,0
26-06 03:46:14,12.260,16.012,69.304,0,0,5293584,240608,175076,2285868,4489.494,1567.220,4.003,156.121,1.001,9.007,4685,3177,2.330,1.820,1.040,2,0,165.129,0,0,18,292,0,36,0
26-06 03:46:15,22.245,4.749,72.235,0,0,5358956,175236,175076,2285868,4964.939,1565.665,0,291.938,0,21.995,2097,1685,2.330,1.820,1.040,2,0,2.000,0,0,18,292,0,36,0
26-06 03:46:16,23.333,3.262,72.007,0,0,5397152,150300,175076,2272644,5047.046,1517.426,341.220,0,8.029,0,2076,1547,2.330,1.820,1.040,2,0,2.007,0,0,18,292,0,36,0
26-06 03:46:17,25.211,3.495,70.391,0.499,0,5274448,273024,175076,2272744,5211.911,1617.490,95.851,559.132,5.991,41.935,2655,2295,2.330,1.820,1.040,1,0,12.980,0,0,18,292,0,36,0
26-06 03:46:18,23.671,3.488,71.261,0,0,5331244,216176,175076,2272796,4769.998,1630.530,23.920,13462.836,3.987,20.930,2218,1823,2.220,1.810,1.040,3,0,0,0,0,18,292,0,36,0
26-06 03:46:19,21.805,4.010,72.934,0,0.251,5374672,172744,175076,2272800,6403.149,3524.890,0,92.233,0,11.028,2238,1857,2.220,1.810,1.040,1,0,5.013,0,0,18,295,0,36,0
26-06 03:46:20,13.738,1.748,83.676,0,0,5378936,168460,175076,2272820,22401.103,18822.282,0,0,0,0,2292,2190,2.220,1.810,1.040,2,0,0.999,0,0,18,298,0,38,0
26-06 03:46:21,23.732,4.746,70.446,0.250,0,5317944,229444,175076,2272828,4979.204,1564.807,0,223.829,0,23.982,2387,1809,2.220,1.810,1.040,3,0,14.989,0,0,18,292,0,38,0
26-06 03:46:22,23.511,3.252,72.035,0.250,0,5347192,200172,175076,2272852,4682.273,1620.787,16.008,3901.894,1.000,522.254,2355,1758,2.220,1.810,1.040,3,0,0,0,0,18,292,0,38,0
26-06 03:46:23,14.492,14.492,69.213,0.500,0,5323668,223512,175088,2273024,4437.622,1619.132,391.790,583.687,4.997,29.984,4475,3707,2.040,1.780,1.030,2,0,186.900,0,0,18,292,0,38,0
26-06 03:46:24,9.486,19.223,68.902,0,0,5325548,221544,175088,2273140,4313.834,1659.628,23.966,183.737,3.994,9.986,5297,3937,2.040,1.780,1.030,2,0,306.562,0,0,18,292,0,38,0
26-06 03:46:25,18.152,8.572,72.105,0.252,0,5321584,225452,175116,2273168,4659.060,1676.051,0,427.585,0,17.144,3079,2378,2.040,1.780,1.030,2,0,107.905,0,0,18,292,0,38,0
26-06 03:46:26,19.128,2.981,76.758,0,0,5338576,202784,175644,2278204,11107.862,4436.587,0,1152.618,0,29.809,2213,1927,2.040,1.780,1.030,2,0,16.892,0,0,18,292,0,38,0
26-06 03:46:27,22.991,5.748,68.472,0.250,0,5321684,218200,175724,2279572,4985.979,1187.519,0,463.812,0,10.996,10421,18508,2.040,1.780,1.030,3,0,6.997,0,0,18,292,0,38,0
26-06 03:46:28,19.243,3.749,75.971,0,0,5336932,201832,175768,2280632,10481.055,4331.370,23.991,2203.171,3.998,121.954,2334,2032,1.960,1.770,1.030,2,0,7.997,0,0,18,293,0,38,0
26-06 03:46:29,21.098,7.535,69.572,0.251,0,5341124,197108,175856,2281060,6682.941,1693.842,164.763,546.530,3.014,19.088,10023,18023,1.960,1.770,1.030,2,0,20.093,0,0,18,293,0,38,0
26-06 03:46:30,18.938,8.223,71.515,0.249,0,5264220,279996,175940,2275028,5023.477,1626.650,0,773.456,0,33.889,3081,2440,1.960,1.770,1.030,2,0,77.744,0,0,18,292,0,38,0
26-06 03:46:31,14.250,15.500,68.248,0,0,5313072,231128,175940,2275044,5476.848,1619.955,0,4.000,0,1.000,3919,3049,1.960,1.770,1.030,3,0,190.995,0,0,18,292,0,38,0
26-06 03:46:32,22.248,2.500,74.242,0.250,0,5362000,181956,175940,2275288,6472.289,3369.630,47.995,691.924,2.000,30.997,2049,1751,1.960,1.770,1.030,1,0,0,0,0,18,293,0,38,0
26-06 03:46:33,23.021,4.754,69.813,0.250,0,5270424,273484,175940,2275336,13114.800,9443.497,20.018,280.252,2.002,29.026,3203,3339,2.120,1.800,1.050,2,0,44.040,0,0,18,294,0,41,0
26-06 03:46:34,21.585,8.784,69.021,0,0,5327916,215892,175940,2275436,4415.331,1505.911,12.047,116.457,1.004,7.028,3143,2548,2.120,1.800,1.050,2,0,77.303,0,0,18,294,0,41,0
26-06 03:46:35,20.144,2.736,74.358,0.249,0,5354436,189356,175940,2275452,13493.944,10136.623,0,234.764,0,19.895,2531,2383,2.120,1.800,1.050,2,0,1.990,0,0,18,294,0,42,0
26-06 03:46:36,20.107,7.540,71.630,0,0,5382408,161380,175940,2275456,4814.533,1520.061,0,225.194,0,16.085,2757,2125,2.120,1.800,1.050,2,0,70.373,0,0,18,294,0,42,0
26-06 03:46:37,19.126,3.726,76.006,0,0,5403272,140508,175940,2275464,10795.852,7285.660,0,99.354,0,11.923,2078,1628,2.120,1.800,1.050,2,0,0,0,0,18,295,0,42,0
26-06 03:46:38,20.522,6.257,72.326,0.250,0,5340632,203004,175940,2275608,12330.028,8942.448,0,144.152,0,14.015,3038,2637,2.030,1.790,1.040,2,0,56.059,0,0,18,294,0,42,0
26-06 03:46:39,19.817,3.010,76.759,0,0,5387976,155656,175940,2275612,6770.873,3922.250,0,0,0,0,2053,1643,2.030,1.790,1.040,2,0,0,0,0,18,295,0,42,0
26-06 03:46:40,19.260,4.752,74.037,0,0,5321988,221628,175940,2275628,13404.734,9526.786,0,0,0,0,2612,1982,2.030,1.790,1.040,2,0,32.016,0,0,18,294,0,45,0
26-06 03:46:41,22.113,3.478,73.544,0,0,5374400,169212,175940,2275632,6011.710,3061.013,0,79.507,0,8.945,2075,1649,2.030,1.790,1.040,1,0,0,0,0,18,295,0,45,0
26-06 03:46:42,13.524,2.254,81.893,0.501,0,5361368,182036,175940,2275840,15599.166,11122.370,32.056,2873.003,1.002,420.733,2642,3062,2.030,1.790,1.040,2,0,0,0,0,18,294,0,40,0
26-06 03:46:43,22.025,6.507,70.581,0,0,5372588,170800,175940,2275856,4403.034,1459.669,0,332.380,0,34.039,3025,2787,1.950,1.780,1.040,2,0,47.054,0,0,18,294,0,40,0
26-06 03:46:44,19.235,2.248,76.942,0.500,0,5406008,137372,175940,2275864,12947.176,10227.240,0,159.879,0,13.989,2160,1715,1.950,1.780,1.040,1,0,0,0,0,18,295,0,41,0
26-06 03:46:45,21.014,6.254,72.548,0,0,5371708,171660,175940,2275876,7245.807,3174.106,0,124.082,0,8.005,2751,2219,1.950,1.780,1.040,2,0,33.022,0,0,18,294,0,43,0
26-06 03:46:46,19.720,2.496,75.884,0,0,5382156,161204,175944,2275880,10572.798,7387.679,0,111.829,0,7.988,2038,1560,1.950,1.780,1.040,2,0,0,0,0,18,295,0,38,0
26-06 03:46:47,16.329,3.768,77.875,0.251,0,5355484,187860,175944,2275896,9919.825,6842.991,0,715.449,0,57.276,2942,3014,1.950,1.780,1.040,2,0,47.228,0,0,18,294,0,39,0
26-06 03:46:48,5.464,9.189,80.962,1.738,0,5338156,203972,176484,2276572,9932.973,4475.252,1116.578,190.732,249.343,13.908,3300,3177,1.790,1.750,1.040,2,0,132.122,0,0,18,296,0,39,0
26-06 03:46:49,5.268,9.532,84.031,0,0,5333788,208288,176484,2276624,14500.461,3523.777,0,184.617,0,18.060,3105,2555,1.790,1.750,1.040,1,0,125.419,0,0,18,295,1,40,0
26-06 03:46:50,5.250,6.500,86.999,0,0,5316296,225768,176484,2276636,9939.857,4038.942,0,0,0,0,2358,2003,1.790,1.750,1.040,2,0,78.999,0,0,18,294,0,33,0
26-06 03:46:51,15.558,11.794,70.765,0.251,0.251,5322100,215068,176484,2281500,4987.661,1517.678,240.901,546.043,15.056,8.030,3723,2774,1.790,1.750,1.040,2,0,134.503,0,0,18,294,0,33,0
26-06 03:46:52,23.169,3.737,71.251,0.498,0,5315972,214576,176596,2287856,5373.240,2632.808,11.958,3372.226,1.993,130.544,2719,2681,1.790,1.750,1.040,1,0,16.941,0,0,18,295,0,33,0
26-06 03:46:53,18.970,2.746,76.880,0.250,0,5317896,209036,176676,2291356,15928.127,4937.290,3.994,986.460,0.998,53.916,2450,2434,1.730,1.730,1.040,2,0,2.995,0,0,18,294,0,33,0
26-06 03:46:54,10.783,17.805,67.960,1.254,0,5291288,232456,176676,2294528,5005.454,1625.017,1388.286,3478.741,26.081,110.341,5897,5291,1.730,1.730,1.040,3,0,295.914,0,0,18,294,0,29,0
26-06 03:46:55,21.726,4.495,72.918,0,0,5359052,164684,176676,2294536,4854.527,1618.176,0,91.896,0,7.991,2058,1597,1.730,1.730,1.040,2,0,6.992,0,0,18,294,0,29,0
26-06 03:46:56,18.207,2.494,78.065,0.249,0,5367824,155896,176676,2294552,28873.601,24952.889,0,75.820,0,8.979,2193,1883,1.730,1.730,1.040,6,0,0,0,0,18,294,0,31,0
26-06 03:46:57,20.387,6.796,71.227,0,0,5384504,139196,176676,2294572,5567.304,1630.928,0,330.213,0,36.243,2738,2387,1.730,1.730,1.040,2,0,47.317,0,0,18,294,0,31,0
26-06 03:46:58,19.508,3.752,75.282,0.250,0,5391676,149464,176676,2277168,11044.764,7870.395,0,92.040,0,12.005,2201,2024,1.670,1.720,1.040,2,0,11.005,0,0,18,295,0,27,0
26-06 03:46:59,25.340,6.459,67.076,0,0,5342896,198204,176676,2277208,7710.219,4146.764,31.799,1566.092,1.987,83.472,3290,8531,1.670,1.720,1.040,2,0,38.755,0,0,18,294,0,30,0
26-06 03:47:00,19.744,2.749,76.228,0,0,5389636,151464,176676,2277208,10616.869,7330.838,0,0,0,0,2034,1654,1.670,1.720,1.040,2,0,0,0,0,18,295,0,30,0
26-06 03:47:01,22.833,3.262,71.258,1.255,0,5385816,152932,176676,2279560,5993.675,2465.918,2151.782,1208.370,87.316,139.504,4324,6047,1.670,1.720,1.040,8,0,1.004,0,0,18,295,0,31,0
26-06 03:47:02,23.669,3.986,71.008,0.249,0,5353212,185456,176676,2279640,6340.386,2742.650,31.891,621.880,0.997,58.800,2716,2758,1.670,1.720,1.040,2,0,4.983,0,0,18,294,0,32,0
26-06 03:47:03,19.744,2.999,75.725,0.250,0,5368940,169728,176676,2279640,10874.457,7790.462,0,2619.147,0,383.875,2532,2393,1.700,1.730,1.040,1,0,0,0,0,18,295,0,26,0
26-06 03:47:04,20.010,4.252,73.288,1.001,0,5363276,175232,176676,2279800,10543.520,6113.200,80.042,3225.689,3.002,157.082,4788,6621,1.700,1.730,1.040,2,0,0,0,0,18,294,0,27,0
26-06 03:47:05,11.049,19.839,67.552,0,0,5330604,207888,176684,2279808,5382.093,1681.527,0,474.122,0,32.144,5152,3919,1.700,1.730,1.040,2,0,313.403,0,0,18,294,0,27,0
26-06 03:47:06,8.522,24.061,66.167,0,0,5320156,218312,176684,2279832,5703.395,1515.826,0,469.184,0,34.086,5889,4507,1.700,1.730,1.040,3,0,403.017,0,0,18,294,0,27,0
26-06 03:47:07,8.993,22.234,66.202,0.500,0,5316716,221732,176684,2279852,5022.329,1564.856,0,2845.920,0,173.873,6172,5198,1.700,1.730,1.040,2,0,419.693,0,0,18,294,0,26,0
26-06 03:47:08,8.751,23.253,65.759,0,0,5320720,217704,176684,2279876,5578.802,1512.217,0,128.018,0,16.002,5855,4470,1.640,1.710,1.040,2,0,364.052,0,0,18,294,0,26,0
26-06 03:47:09,8.475,22.186,67.055,0.249,0,5305372,233028,176684,2279900,4618.593,1561.467,0,175.491,0,17.948,5843,4420,1.640,1.710,1.040,4,0,379.897,0,0,18,294,0,26,0
26-06 03:47:10,7.527,23.835,66.738,0,0,5307168,231212,176684,2279920,4722.809,1625.786,0,40.143,0,10.036,5883,4519,1.640,1.710,1.040,2,0,427.522,0,0,18,294,0,26,0
26-06 03:47:11,8.939,22.098,66.047,0.248,0,5299740,238616,176684,2279944,4235.931,1233.535,0,186.719,0,18.871,5914,4606,1.640,1.710,1.040,2,0,392.308,0,0,18,294,0,25,0
26-06 03:47:12,8.280,22.081,67.498,0,0,5306548,231788,176684,2279964,4010.722,1300.775,0,248.914,0,18.066,5659,4246,1.640,1.710,1.040,3,0,357.312,0,0,18,294,0,25,0
26-06 03:47:13,10.236,21.970,65.661,0.250,0,5298224,240084,176684,2279992,4420.035,1563.890,0,555.251,0,50.931,6288,5336,1.590,1.700,1.040,2,0,405.453,0,0,18,294,0,25,0
26-06 03:47:14,8.005,21.764,68.043,0,0,5292240,245996,176684,2280064,4262.693,1621.024,16.010,392.248,1.001,28.018,5877,4677,1.590,1.700,1.040,3,0,367.232,0,0,18,294,0,25,0
26-06 03:47:15,18.223,8.238,71.895,0,0,5322712,323824,177180,2182796,4912.855,1617.647,7.988,2540.305,1.997,11.983,2724,2382,1.590,1.700,1.040,2,0,47.930,0,0,18,294,0,25,0
26-06 03:47:16,23.739,2.749,72.718,0.250,0,5346192,295916,177424,2186972,5769.443,2046.093,15.993,1023.546,2.999,28.987,2402,1918,1.590,1.700,1.040,1,0,15.993,0,0,18,295,0,25,0
26-06 03:47:17,13.990,2.748,81.445,0.749,0,5358028,283032,177496,2187944,25748.481,12925.206,827.437,1303.113,54.963,38.973,1869,1671,1.590,1.700,1.040,1,0,5.996,0,0,18,295,0,25,0
26-06 03:47:18,15.088,1.509,81.225,1.006,0.251,5356940,282648,177568,2189336,24558.645,13772.556,1005.883,1645.625,60.353,51.300,1913,1801,1.540,1.690,1.040,2,0,0,0,0,18,295,0,25,0
26-06 03:47:19,16.121,1.488,80.109,0.992,0,5356804,281668,177580,2190432,23731.235,13490.127,940.480,1646.831,60.516,49.603,2003,1802,1.540,1.690,1.040,2,0,1.984,0,0,18,295,0,25,0
26-06 03:47:20,17.039,1.253,80.434,0.752,0,5369688,267316,177656,2191812,21625.592,12718.165,805.848,1391.190,40.092,42.097,1779,1561,1.540,1.690,1.040,2,0,0,0,0,18,295,0,25,0
26-06 03:47:21,22.222,2.996,72.410,1.248,0,5372124,227288,177940,2229032,6045.503,1522.113,12368.663,1294.395,127.841,56.929,2369,2046,1.540,1.690,1.040,2,0,0.999,0,0,18,295,0,25,0
26-06 03:47:22,36.457,6.992,54.686,0.749,0,5421292,158800,178876,2247084,4760.396,1618.095,511.398,1789.893,3.995,53.937,3127,2095,1.540,1.690,1.040,3,0,5.993,0,0,18,295,0,25,0
26-06 03:47:23,41.212,6.744,50.203,0.500,0,5401916,158800,179232,2265796,4479.830,1456.644,511.524,1814.311,3.996,86.919,3983,3489,1.500,1.680,1.040,2,0,5.994,0,0,18,295,0,23,0
26-06 03:47:24,22.508,3.251,72.276,1.250,0,5387108,158084,180236,2280104,4407.557,1620.572,0,3161.117,0,138.049,2697,2861,1.500,1.680,1.040,2,0,0,0,0,18,295,0,23,0
26-06 03:47:25,22.515,3.002,71.298,1.001,0.250,5384684,133696,181180,2305556,4581.078,1501.008,0,16843.315,0,174.117,2382,2278,1.500,1.680,1.040,2,0,1.001,0,0,18,295,0,23,0
26-06 03:47:26,23.669,4.280,71.006,1.259,0,5306052,235844,181788,2281408,3528.126,501.572,0,2123.120,0,84.603,2464,2152,1.500,1.680,1.040,4,0,2.014,0,0,18,294,0,23,0
26-06 03:47:27,19.392,5.470,73.590,0.249,0,5370940,170944,181788,2281416,9529.869,3380.155,0,505.184,0,13.922,2404,1913,1.500,1.680,1.040,2,0,32.817,0,0,18,295,0,23,0
26-06 03:47:28,22.540,3.757,72.377,0,0.250,5369896,165680,181792,2287668,8425.822,2474.353,4.007,1354.383,1.002,30.053,2445,2111,1.460,1.670,1.040,2,0,4.007,0,0,18,294,0,23,0
26-06 03:47:29,22.976,5.494,69.427,0,0,5384800,149608,181792,2288820,5480.267,1618.307,0,87.908,0,0.999,9799,17686,1.460,1.670,1.040,2,0,11.987,0,0,18,294,0,23,0
26-06 03:47:30,22.504,7.251,69.014,0.250,0,5378696,155616,181792,2288916,5067.006,1620.322,0,1912.380,0,17.003,10975,19568,1.460,1.670,1.040,2,0,20.004,0,0,18,294,0,23,0
26-06 03:47:31,21.786,4.507,72.120,0,0,5335012,206748,181808,2281524,4825.028,1692.816,0,316.527,0,13.022,2896,2523,1.460,1.670,1.040,2,0,49.082,0,0,18,294,0,23,0
26-06 03:47:32,23.603,6.026,68.299,0.502,0,5304716,237032,181808,2281536,4821.112,1627.125,0,2884.632,0,145.638,10618,19143,1.460,1.670,1.040,3,0,25.110,0,0,18,294,0,23,0
26-06 03:47:33,19.853,3.722,74.697,0.248,0,5338020,198756,181808,2286492,11574.333,4515.578,0,1481.038,0,50.625,2458,2343,1.420,1.650,1.040,2,0,17.868,0,0,18,294,0,23,0
26-06 03:47:34,23.432,5.543,69.035,0,0,5356992,178112,181808,2288148,4897.976,1674.987,16.125,2463.097,1.008,323.508,9620,17263,1.420,1.650,1.040,3,0,8.063,0,0,18,294,0,23,0
26-06 03:47:35,21.064,7.682,69.139,0.248,0,5341884,192504,181808,2289004,4757.930,1605.801,0,8814.066,0,232.940,9730,17305,1.420,1.650,1.040,5,0,20.816,0,0,18,294,0,20,0
26-06 03:47:36,22.438,6.303,70.340,0,0,5301384,240412,181824,2281600,4918.229,1633.695,0,1008.454,0,27.228,2493,2136,1.420,1.650,1.040,4,0,13.110,0,0,18,294,0,20,0
26-06 03:47:37,23.717,5.243,69.654,0,0,5302016,239764,181824,2281616,4913.204,1617.762,0,247.657,0,9.986,2852,2306,1.420,1.650,1.040,3,0,50.930,0,0,18,294,0,22,0
26-06 03:47:38,22.162,6.225,69.475,0.249,0,5333028,200596,182328,2289236,4739.232,1452.249,0,996.056,0,28.886,3388,3211,1.390,1.640,1.040,2,0,67.732,0,0,18,294,0,22,0
26-06 03:47:39,20.006,2.501,77.275,0.250,0,5347584,182452,182528,2292528,8478.729,2247.724,0,764.246,0,14.005,2030,1723,1.390,1.640,1.040,3,0,16.005,0,0,18,294,0,20,0
26-06 03:47:40,14.471,1.497,81.584,0.499,0,5365128,164560,182544,2292860,19566.290,9511.696,0,1480.994,0,66.864,1647,1623,1.390,1.640,1.040,2,0,0,0,0,18,295,0,20,0
26-06 03:47:41,11.003,1.000,86.026,0.750,0.250,5364700,164560,182544,2293272,53717.479,14683.504,20.006,1644.504,2.001,58.018,1714,1816,1.390,1.640,1.040,1,0,0,0,0,18,296,0,20,0
26-06 03:47:42,9.764,1.753,85.874,1.252,0,5364180,164560,182544,2293776,132301.962,14384.763,176.254,2030.931,20.029,94.136,1999,2160,1.390,1.640,1.040,2,0,0,0,0,18,296,0,20,0
26-06 03:47:43,17.746,1.750,78.734,0.750,0,5383044,144904,182544,2294568,20253.811,11405.641,567.883,1567.676,9.998,71.985,2281,2399,1.280,1.620,1.030,2,0,0,0,0,18,296,0,20,0
26-06 03:47:44,12.990,1.749,83.438,0.250,0,5383392,144248,182544,2294860,68628.744,8828.406,31.976,875.346,0.999,38.971,1881,1988,1.280,1.620,1.030,1,0,0,0,0,18,296,0,16,0
26-06 03:47:45,9.274,2.005,86.471,1.003,0,5383112,144024,182544,2295360,337249.013,22623.827,28.072,2582.601,4.010,107.274,2160,2363,1.280,1.620,1.030,1,1,1.003,0,0,18,296,0,16,0
26-06 03:47:46,12.148,1.240,82.801,0.992,0,5379120,147528,182600,2295764,76369.728,17599.526,103.130,2598.082,5.950,116.021,1926,2038,1.280,1.620,1.030,2,0,0,0,0,18,296,0,16,0
26-06 03:47:47,7.535,2.260,87.653,0.502,0,5369092,145928,182600,2307360,1586783.928,42951.461,0,2210.161,0,31.143,3196,2662,1.280,1.620,1.030,1,0,1.005,0,0,18,296,0,16,0
26-06 03:47:48,5.501,3.251,88.272,0.500,0,5368064,135848,182636,2318396,5936300.856,90108.190,0,4981.227,0,27.007,6162,3760,1.250,1.610,1.030,2,0,3.001,0,0,18,296,0,12,0
26-06 03:47:49,7.001,4.751,84.760,0.500,0,5343724,142568,182684,2336260,10726137.294,102260.120,164.019,12837.522,4.000,225.027,5839,3755,1.250,1.610,1.030,1,0,1.000,0,0,18,296,0,12,0
26-06 03:47:50,20.042,4.008,74.407,1.002,0,5347616,148036,182968,2326688,615055.655,9032.085,0,13676.900,0,147.311,2469,2090,1.250,1.610,1.030,3,0,1.002,0,0,18,296,0,12,0
26-06 03:47:51,22.466,3.994,72.140,0.499,0,5349092,129160,186220,2340608,4841.616,1509.698,0,4688.849,0,83.872,2437,2211,1.250,1.610,1.030,2,0,0,0,0,18,296,0,12,0
26-06 03:47:52,22.938,3.491,71.556,0.748,0,5356472,131144,186624,2330880,4952.572,1561.765,0,897.566,0,35.903,2289,1947,1.250,1.610,1.030,2,0,0,0,0,18,296,0,10,0
26-06 03:47:53,24.593,4.768,69.010,0.753,0,5365340,204760,186316,2252948,4938.631,1626.135,4.015,2935.072,1.004,117.443,2791,2745,1.230,1.600,1.030,3,0,0,0,0,18,296,0,10,0
26-06 03:47:54,21.231,7.743,69.189,0.749,0,5358752,167488,187284,2295524,4675.911,1618.585,0,80377.709,0,557.512,3601,3611,1.230,1.600,1.030,4,0,0,0,0,18,296,0,10,0
26-06 03:47:55,23.459,2.745,72.123,0.250,0,5362728,150116,187776,2308204,4510.053,1455.436,0,1329.657,0,38.931,2220,1880,1.230,1.600,1.030,3,0,0.998,0,0,18,296,0,10,0
26-06 03:47:56,24.338,3.764,71.258,0.753,0,5361116,187608,188536,2272644,5557.092,1625.878,0,2244.114,0,47.171,2306,1962,1.230,1.600,1.030,2,0,0,0,0,18,296,0,10,0
26-06 03:47:57,23.356,6.709,67.085,0.994,0,5370932,152544,189392,2296748,4977.235,1449.043,0,164224.893,0,1687.569,5066,6099,1.230,1.600,1.030,2,0,0,0,0,18,296,0,10,0
26-06 03:47:58,23.632,3.771,70.643,0.503,0,5323540,224556,190024,2271352,5514.695,1979.015,0,2413.433,0,91.509,2776,2767,1.210,1.590,1.030,4,0,2.011,0,0,18,294,0,10,0
26-06 03:47:59,24.737,6.747,67.216,0.500,0,5372704,175008,190024,2271708,9656.061,3899.005,371.810,587.699,9.995,23.988,3801,10966,1.210,1.590,1.030,1,0,69.964,0,0,18,295,0,11,0
26-06 03:48:00,22.491,3.749,72.473,0,0,5351516,189920,190024,2277980,6008.728,1751.338,0,2395.094,0,144.945,2298,1874,1.210,1.590,1.030,2,0,3.998,0,0,18,294,0,6,0
26-06 03:48:01,22.712,7.488,68.387,0.250,0,5367432,172940,190024,2279012,5453.964,1563.410,0,1896.857,0,23.960,7771,14401,1.210,1.590,1.030,2,0,11.980,0,0,18,294,0,6,0
26-06 03:48:02,23.797,6.012,68.886,0,0,5368036,172188,190024,2279160,5573.037,1515.000,0,88.175,0,1.002,8144,15036,1.210,1.590,1.030,2,0,13.026,0,0,18,294,0,6,0
26-06 03:48:03,20.990,6.497,70.965,0,0,5362880,177280,190024,2279224,5263.374,1565.219,0,1603.200,0,29.985,2386,2039,1.200,1.580,1.030,2,0,6.997,0,0,18,294,0,6,0
26-06 03:48:04,21.483,4.746,71.942,0.250,0,5350436,196544,190040,2272444,5005.960,1348.911,247.800,1211.023,3.997,29.976,2457,2251,1.200,1.580,1.030,2,0,5.995,0,0,18,294,0,4,0
26-06 03:48:05,22.804,4.511,71.168,0.501,0.251,5359084,185156,190040,2275184,4893.583,1244.947,565.338,2185.172,19.045,65.154,4010,4868,1.200,1.580,1.030,2,0,1.002,0,0,18,296,0,7,0
26-06 03:48:06,26.806,4.760,64.383,2.756,0,5306336,236456,190040,2276632,5955.334,1569.250,901.868,5828.071,48.100,496.027,7906,12249,1.200,1.580,1.030,2,0,1.002,0,0,18,296,0,12,0
26-06 03:48:07,9.498,20.746,67.486,0.250,0,5289988,252732,190040,2276704,5564.869,1565.682,11.998,371.924,2.000,24.995,5548,4167,1.200,1.580,1.030,2,0,323.934,0,0,18,296,0,12,0
26-06 03:48:08,12.188,10.945,70.394,4.477,0,5283312,252268,190060,2283824,5193.748,1611.853,7072.253,581.063,889.504,22.884,4557,4640,1.180,1.570,1.030,2,0,123.376,0,0,18,296,0,13,0
26-06 03:48:09,8.277,4.264,72.734,13.544,0,5284792,213312,190060,2321300,4574.735,1625.235,37649.263,1669.377,2660.569,15.048,4535,6844,1.180,1.570,1.030,2,0,5.016,0,0,18,296,0,13,0
26-06 03:48:10,2.249,1.000,95.959,0.250,0,5287360,210708,190060,2321336,8598.349,3307.596,0,1275.458,0,60.974,1153,1673,1.180,1.570,1.030,2,0,1.000,0,0,18,297,0,13,0
26-06 03:48:11,1.256,0.502,96.191,0.251,0,5283696,214372,190060,2321336,6545.018,2590.883,0,2222.192,0,351.613,1377,1640,1.180,1.570,1.030,1,0,0,0,0,18,297,0,13,0
26-06 03:48:12,1.493,0.995,97.273,0,0,5282128,215940,190060,2321336,18958.975,1880.772,0,195.043,0,13.932,1023,1517,1.180,1.570,1.030,1,0,0,0,0,18,297,0,13,0
26-06 03:48:13,2.000,0.500,95.510,0.500,0,5277180,220880,190060,2321344,22814.393,1950.205,0,348.036,0,34.004,1479,2201,1.090,1.540,1.030,1,0,0,0,0,18,297,0,13,0
26-06 03:48:14,2.749,1.000,95.205,0,0,5277112,220936,190060,2321356,8601.970,2948.619,0,195.908,0,20.990,1279,1805,1.090,1.540,1.030,1,0,0,0,0,18,297,0,13,0
26-06 03:48:15,1.000,0.750,96.481,0.250,0,5275948,222096,190060,2321360,18104.455,1883.631,0,111.978,0,7.998,1027,1468,1.090,1.540,1.030,1,0,2.000,0,0,18,297,0,13,0
26-06 03:48:16,3.000,1.750,93.738,0.250,0,5275252,222188,190060,2321964,90716.243,3293.573,391.949,435.944,12.998,41.995,1579,2068,1.090,1.540,1.030,3,0,3.000,0,0,18,296,0,13,1
26-06 03:48:17,2.750,2.250,93.503,0.250,0,5252492,244924,190076,2321972,5962.189,126280.001,156.005,988.031,8.000,24.001,1400,1559,1.090,1.540,1.030,1,0,14.000,0,0,18,296,0,13,0
26-06 03:48:18,1.500,0.500,96.973,0,0,5252492,244924,190076,2321972,4552.719,1133.681,0,0,0,0,945,1368,1.080,1.530,1.020,1,0,0,0,0,18,296,0,13,0
26-06 03:48:19,1.000,0.750,97.278,0,0,5252952,244460,190076,2321976,4593.326,1512.436,0,8.002,0,2.001,985,1339,1.080,1.530,1.020,1,0,2.001,0,0,18,296,0,13,0
26-06 03:48:20,1.000,0.250,97.467,0,0,5252792,244620,190076,2321976,4830.377,1511.492,0,0,0,0,863,1214,1.080,1.530,1.020,1,0,0,0,0,18,296,0,13,0
26-06 03:48:21,1.750,1.250,96.999,0,0,5252696,244716,190076,2321976,4908.929,1511.978,0,35.999,0,3.000,996,1318,1.080,1.530,1.020,1,0,0,0,0,18,296,0,13,0
26-06 03:48:22,14.738,5.246,78.686,0,0,5270296,226848,190076,2322244,4116.665,1079.126,803.349,0,16.986,0,2011,1627,1.080,1.530,1.020,2,0,5.995,0,0,18,296,0,13,0
26-06 03:48:23,17.729,5.743,75.160,0.250,0,5265652,231436,190076,2322284,4734.307,1618.054,511.385,423.491,3.995,37.954,2611,2341,0.990,1.500,1.020,1,0,5.993,0,0,18,296,0,13,0
26-06 03:48:24,1.253,0.501,96.693,0.251,0,5265508,231580,190076,2322284,4434.856,1569.134,0,84.168,0,13.026,1006,1401,0.990,1.500,1.020,1,0,0,0,0,18,296,0,13,0
26-06 03:48:25,1.252,0.751,97.689,0,0,5256136,240952,190076,2322284,4494.679,1569.030,0,8.015,0,2.004,842,1198,0.990,1.500,1.020,2,0,1.002,0,0,18,296,0,13,0
26-06 03:48:26,1.248,0.499,96.557,0,0,5254760,242316,190076,2322296,4773.445,1616.764,0,175.648,0,23.952,1198,1812,0.990,1.500,1.020,1,0,0,0,0,18,296,0,13,0
26-06 03:48:27,1.001,0.500,97.299,0.250,0,5254768,242316,190076,2322296,4828.430,1620.816,0,428.216,0,31.016,1081,1649,0.990,1.500,1.020,1,0,0,0,0,18,296,0,13,0
26-06 03:48:28,2.000,3.000,93.240,0.250,0,5247712,249364,190076,2322304,5531.423,1565.837,0,91314.482,0,1106.885,3358,4379,0.910,1.480,1.010,2,0,1.000,0,0,18,296,0,13,0
26-06 03:48:29,1.000,1.000,96.985,0.250,0,5245356,251840,190076,2322312,5185.197,1619.749,0,27.996,0,3.000,1025,1441,0.910,1.480,1.010,1,0,0,0,0,18,296,0,13,0
26-06 03:48:30,1.500,0.500,96.722,0,0,5245352,251840,190076,2322316,4770.601,1511.557,0,195.943,0,14.996,988,1398,0.910,1.480,1.010,1,0,0,0,0,18,296,0,13,0
26-06 03:48:31,1.000,0.500,97.499,0,0,5245352,251840,190076,2322316,4462.946,1079.987,0,207.997,0,3.000,921,1268,0.910,1.480,1.010,1,0,0,0,0,18,296,0,13,0
26-06 03:48:32,1.499,0.749,96.923,0,0,5236160,261032,190076,2322316,4960.034,1456.835,0,1123.102,0,219.824,994,1215,0.910,1.480,1.010,1,0,0,0,0,18,296,0,13,0
26-06 03:48:33,2.496,0.998,95.333,0.250,0,5236412,260780,190076,2322316,4863.494,1563.266,0,411.281,0,32.942,1306,1909,0.840,1.450,1.010,2,0,0,0,0,18,296,0,13,0
26-06 03:48:34,0.750,0.500,97.530,0,0,5236408,260780,190076,2322320,4859.501,1512.467,0,212.066,0,7.002,993,1348,0.840,1.450,1.010,1,0,0,0,0,18,296,0,13,0
26-06 03:48:35,1.756,0.753,96.836,0,0,5236408,260780,190076,2322320,5418.788,1625.636,0,0,0,0,995,1285,0.840,1.450,1.010,2,0,1.003,0,0,18,296,0,13,0
26-06 03:48:36,1.251,1.251,96.065,0.250,0,5236404,260780,190076,2322324,5318.575,1458.981,4.003,124.083,1.001,16.011,1170,1680,0.840,1.450,1.010,2,0,0,0,0,18,296,0,13,0
26-06 03:48:37,1.246,0.249,97.223,0,0,5236400,260780,190076,2322328,5384.645,1615.394,0,303.136,0,22.935,948,1378,0.840,1.450,1.010,1,0,0,0,0,18,296,0,13,0
26-06 03:48:38,2.756,1.002,94.950,0,0,5237144,260036,190076,2322328,5128.820,1461.082,0,84.178,0,9.019,1264,1659,0.770,1.430,1,2,0,1.002,0,0,18,296,0,13,0
26-06 03:48:39,3.492,1.995,93.280,0,0,5241112,256036,190080,2322356,4834.586,1562.311,3.991,2538.008,0.998,16.960,1442,1826,0.770,1.430,1,2,0,2.993,0,0,18,296,0,13,0
26-06 03:48:40,3.994,0.999,93.118,0.250,0,5241096,256036,190080,2322372,3994.332,1078.470,0,395.439,0,11.983,1530,2012,0.770,1.430,1,1,0,1.997,0,0,18,296,0,15,0
26-06 03:48:41,2.018,0.505,96.871,0,0,5241096,256036,190080,2322372,5014.098,1525.723,0,80.726,0,12.109,1093,1510,0.770,1.430,1,1,0,0,0,0,18,296,0,13,0
26-06 03:48:42,1.738,0.993,95.845,0.248,0,5241092,256036,190080,2322376,5482.553,1609.010,0,349.612,0,22.844,1101,1604,0.770,1.430,1,1,0,0,0,0,18,296,0,13,0
26-06 03:48:43,2.253,1.001,96.134,0.250,0,5241056,256036,190084,2322408,4566.343,1622.253,0,280.389,0,34.047,1362,2099,0.710,1.410,1,1,0,0,0,0,18,296,0,13,0
26-06 03:48:44,0.999,0.250,96.617,0,0,5241056,256036,190084,2322408,4553.747,1617.778,0,3.995,0,0.999,1002,1390,0.710,1.410,1,1,0,0,0,0,18,296,0,13,0
26-06 03:48:45,1.501,0.751,97.325,0,0,5241056,256036,190084,2322408,4807.704,1621.249,0,264.204,0,21.016,1038,1490,0.710,1.410,1,1,0,1.001,0,0,18,296,0,13,0
26-06 03:48:46,0.999,0.500,96.689,0,0,5241032,256036,190084,2322432,5039.798,1565.006,15.990,103.934,0.999,11.992,1051,1562,0.710,1.410,1,1,0,0,0,0,18,296,0,13,0
26-06 03:48:47,1.000,0.500,97.535,0.250,0,5241032,256036,190084,2322432,2965.063,324.116,0,300.108,0,22.008,853,1333,0.710,1.410,1,1,0,0,0,0,18,296,0,13,0
26-06 03:48:48,10.549,3.768,84.396,0,0,5244764,252296,190084,2322440,409183.501,7384.642,0,803.771,0,165.778,2284,2014,0.650,1.380,0.990,2,0,25.118,0,0,18,296,0,13,0
26-06 03:48:49,10.949,4.728,83.359,0,0,5250660,246248,190084,2322592,286603.010,7869.071,147.309,1226.245,6.967,10.949,2330,1868,0.650,1.380,0.990,2,0,21.897,0,0,18,296,0,13,0
