Jan 07 16:10:08 jammy-provider-cloud-0000007898 systemd[1]: Starting Devstack devstack@g-api.service...
Jan 07 16:10:08 jammy-provider-cloud-0000007898 devstack@g-api.service[104435]: [uWSGI] getting INI configuration from /etc/glance/glance-uwsgi.ini
Jan 07 16:10:08 jammy-provider-cloud-0000007898 devstack@g-api.service[104435]: *** Starting uWSGI 2.0.20-debian (64bit) on [Tue Jan  7 16:10:08 2025] ***
Jan 07 16:10:08 jammy-provider-cloud-0000007898 devstack@g-api.service[104435]: compiled with version: 11.2.0 on 21 March 2022 11:00:44
Jan 07 16:10:08 jammy-provider-cloud-0000007898 devstack@g-api.service[104435]: os: Linux-5.15.0-107-generic #117-Ubuntu SMP Fri Apr 26 12:26:49 UTC 2024
Jan 07 16:10:08 jammy-provider-cloud-0000007898 devstack@g-api.service[104435]: nodename: jammy-provider-cloud-0000007898
Jan 07 16:10:08 jammy-provider-cloud-0000007898 devstack@g-api.service[104435]: machine: x86_64
Jan 07 16:10:08 jammy-provider-cloud-0000007898 devstack@g-api.service[104435]: clock source: unix
Jan 07 16:10:08 jammy-provider-cloud-0000007898 devstack@g-api.service[104435]: pcre jit disabled
Jan 07 16:10:08 jammy-provider-cloud-0000007898 devstack@g-api.service[104435]: detected number of CPU cores: 4
Jan 07 16:10:08 jammy-provider-cloud-0000007898 devstack@g-api.service[104435]: current working directory: /
Jan 07 16:10:08 jammy-provider-cloud-0000007898 devstack@g-api.service[104435]: detected binary path: /usr/bin/uwsgi-core
Jan 07 16:10:08 jammy-provider-cloud-0000007898 devstack@g-api.service[104435]: your processes number limit is 31298
Jan 07 16:10:08 jammy-provider-cloud-0000007898 devstack@g-api.service[104435]: your memory page size is 4096 bytes
Jan 07 16:10:08 jammy-provider-cloud-0000007898 devstack@g-api.service[104435]: detected max file descriptor number: 2048
Jan 07 16:10:08 jammy-provider-cloud-0000007898 devstack@g-api.service[104435]: lock engine: pthread robust mutexes
Jan 07 16:10:08 jammy-provider-cloud-0000007898 devstack@g-api.service[104435]: thunder lock: enabled
Jan 07 16:10:08 jammy-provider-cloud-0000007898 devstack@g-api.service[104435]: uwsgi socket 0 bound to TCP address 127.0.0.1:60999 fd 4
Jan 07 16:10:08 jammy-provider-cloud-0000007898 devstack@g-api.service[104435]: Python version: 3.10.12 (main, Nov  6 2024, 20:22:13) [GCC 11.4.0]
Jan 07 16:10:08 jammy-provider-cloud-0000007898 devstack@g-api.service[104435]: PEP 405 virtualenv detected: /opt/stack/data/venv
Jan 07 16:10:08 jammy-provider-cloud-0000007898 devstack@g-api.service[104435]: Set PythonHome to /opt/stack/data/venv
Jan 07 16:10:08 jammy-provider-cloud-0000007898 devstack@g-api.service[104435]: Python main interpreter initialized at 0x5647b2ef7e60
Jan 07 16:10:08 jammy-provider-cloud-0000007898 devstack@g-api.service[104435]: python threads support enabled
Jan 07 16:10:08 jammy-provider-cloud-0000007898 devstack@g-api.service[104435]: your server socket listen backlog is limited to 100 connections
Jan 07 16:10:08 jammy-provider-cloud-0000007898 devstack@g-api.service[104435]: your mercy for graceful operations on workers is 80 seconds
Jan 07 16:10:08 jammy-provider-cloud-0000007898 devstack@g-api.service[104435]: mapped 403077 bytes (393 KB) for 2 cores
Jan 07 16:10:08 jammy-provider-cloud-0000007898 devstack@g-api.service[104435]: *** Operational MODE: preforking ***
Jan 07 16:10:08 jammy-provider-cloud-0000007898 devstack@g-api.service[104435]: *** uWSGI is running in multiple interpreter mode ***
Jan 07 16:10:08 jammy-provider-cloud-0000007898 devstack@g-api.service[104435]: spawned uWSGI master process (pid: 104435)
Jan 07 16:10:08 jammy-provider-cloud-0000007898 systemd[1]: Started Devstack devstack@g-api.service.
Jan 07 16:10:08 jammy-provider-cloud-0000007898 devstack@g-api.service[104435]: spawned uWSGI worker 1 (pid: 104436, cores: 1)
Jan 07 16:10:08 jammy-provider-cloud-0000007898 devstack@g-api.service[104435]: spawned uWSGI worker 2 (pid: 104437, cores: 1)
Jan 07 16:10:08 jammy-provider-cloud-0000007898 devstack@g-api.service[104435]: running "unix_signal:15 gracefully_kill_them_all" (master-start)...
Jan 07 16:10:09 jammy-provider-cloud-0000007898 devstack@g-api.service[104436]: INFO glance.async_ [-] Threadpool model set to 'NativeThreadPoolModel'
Jan 07 16:10:09 jammy-provider-cloud-0000007898 devstack@g-api.service[104437]: INFO glance.async_ [-] Threadpool model set to 'NativeThreadPoolModel'
Jan 07 16:10:09 jammy-provider-cloud-0000007898 devstack@g-api.service[104436]: DEBUG oslo_concurrency.processutils [-] Running cmd (subprocess): grep -F node.session.scan /sbin/iscsiadm {{(pid=104436) execute /opt/stack/data/venv/lib/python3.10/site-packages/oslo_concurrency/processutils.py:383}}
Jan 07 16:10:09 jammy-provider-cloud-0000007898 devstack@g-api.service[104437]: DEBUG oslo_concurrency.processutils [-] Running cmd (subprocess): grep -F node.session.scan /sbin/iscsiadm {{(pid=104437) execute /opt/stack/data/venv/lib/python3.10/site-packages/oslo_concurrency/processutils.py:383}}
Jan 07 16:10:09 jammy-provider-cloud-0000007898 devstack@g-api.service[104436]: DEBUG oslo_concurrency.processutils [-] CMD "grep -F node.session.scan /sbin/iscsiadm" returned: 0 in 0.030s {{(pid=104436) execute /opt/stack/data/venv/lib/python3.10/site-packages/oslo_concurrency/processutils.py:421}}
Jan 07 16:10:09 jammy-provider-cloud-0000007898 devstack@g-api.service[104437]: DEBUG oslo_concurrency.processutils [-] CMD "grep -F node.session.scan /sbin/iscsiadm" returned: 0 in 0.008s {{(pid=104437) execute /opt/stack/data/venv/lib/python3.10/site-packages/oslo_concurrency/processutils.py:421}}
Jan 07 16:10:09 jammy-provider-cloud-0000007898 devstack@g-api.service[104436]: DEBUG glance_store.common.attachment_state_manager [-] Initialising _AttachmentStateManager {{(pid=104436) __init__ /opt/stack/data/venv/lib/python3.10/site-packages/glance_store/common/attachment_state_manager.py:86}}
Jan 07 16:10:09 jammy-provider-cloud-0000007898 devstack@g-api.service[104437]: DEBUG glance_store.common.attachment_state_manager [-] Initialising _AttachmentStateManager {{(pid=104437) __init__ /opt/stack/data/venv/lib/python3.10/site-packages/glance_store/common/attachment_state_manager.py:86}}
Jan 07 16:10:09 jammy-provider-cloud-0000007898 devstack@g-api.service[104437]: DEBUG glance_store.backend [-] Attempting to import store cinder {{(pid=104437) _load_store /opt/stack/data/venv/lib/python3.10/site-packages/glance_store/backend.py:216}}
Jan 07 16:10:09 jammy-provider-cloud-0000007898 devstack@g-api.service[104437]: DEBUG glance_store.backend [-] Attempting to import store file {{(pid=104437) _load_store /opt/stack/data/venv/lib/python3.10/site-packages/glance_store/backend.py:216}}
Jan 07 16:10:09 jammy-provider-cloud-0000007898 devstack@g-api.service[104436]: DEBUG glance_store.backend [-] Attempting to import store cinder {{(pid=104436) _load_store /opt/stack/data/venv/lib/python3.10/site-packages/glance_store/backend.py:216}}
Jan 07 16:10:09 jammy-provider-cloud-0000007898 devstack@g-api.service[104437]: DEBUG glance_store.backend [-] Attempting to import store glance.store.cinder.Store {{(pid=104437) _load_store /opt/stack/data/venv/lib/python3.10/site-packages/glance_store/backend.py:216}}
Jan 07 16:10:09 jammy-provider-cloud-0000007898 devstack@g-api.service[104436]: DEBUG glance_store.backend [-] Attempting to import store file {{(pid=104436) _load_store /opt/stack/data/venv/lib/python3.10/site-packages/glance_store/backend.py:216}}
Jan 07 16:10:09 jammy-provider-cloud-0000007898 devstack@g-api.service[104436]: DEBUG glance_store.backend [-] Attempting to import store glance.store.cinder.Store {{(pid=104436) _load_store /opt/stack/data/venv/lib/python3.10/site-packages/glance_store/backend.py:216}}
Jan 07 16:10:09 jammy-provider-cloud-0000007898 devstack@g-api.service[104436]: DEBUG glance_store.backend [-] Attempting to import store glance.store.filesystem.Store {{(pid=104436) _load_store /opt/stack/data/venv/lib/python3.10/site-packages/glance_store/backend.py:216}}
Jan 07 16:10:09 jammy-provider-cloud-0000007898 devstack@g-api.service[104437]: DEBUG glance_store.backend [-] Attempting to import store glance.store.filesystem.Store {{(pid=104437) _load_store /opt/stack/data/venv/lib/python3.10/site-packages/glance_store/backend.py:216}}
Jan 07 16:10:09 jammy-provider-cloud-0000007898 devstack@g-api.service[104436]: DEBUG glance_store.backend [-] Attempting to import store glance.store.http.Store {{(pid=104436) _load_store /opt/stack/data/venv/lib/python3.10/site-packages/glance_store/backend.py:216}}
Jan 07 16:10:09 jammy-provider-cloud-0000007898 devstack@g-api.service[104436]: DEBUG glance_store.backend [-] Attempting to import store glance.store.rbd.Store {{(pid=104436) _load_store /opt/stack/data/venv/lib/python3.10/site-packages/glance_store/backend.py:216}}
Jan 07 16:10:09 jammy-provider-cloud-0000007898 devstack@g-api.service[104436]: DEBUG glance_store.backend [-] Attempting to import store glance.store.s3.Store {{(pid=104436) _load_store /opt/stack/data/venv/lib/python3.10/site-packages/glance_store/backend.py:216}}
Jan 07 16:10:09 jammy-provider-cloud-0000007898 devstack@g-api.service[104436]: DEBUG glance_store.backend [-] Attempting to import store glance.store.swift.Store {{(pid=104436) _load_store /opt/stack/data/venv/lib/python3.10/site-packages/glance_store/backend.py:216}}
Jan 07 16:10:09 jammy-provider-cloud-0000007898 devstack@g-api.service[104436]: DEBUG glance_store.backend [-] Attempting to import store glance.store.vmware_datastore.Store {{(pid=104436) _load_store /opt/stack/data/venv/lib/python3.10/site-packages/glance_store/backend.py:216}}
Jan 07 16:10:09 jammy-provider-cloud-0000007898 devstack@g-api.service[104436]: DEBUG glance_store.backend [-] Attempting to import store http {{(pid=104436) _load_store /opt/stack/data/venv/lib/python3.10/site-packages/glance_store/backend.py:216}}
Jan 07 16:10:09 jammy-provider-cloud-0000007898 devstack@g-api.service[104436]: DEBUG glance_store.backend [-] Attempting to import store no_conf {{(pid=104436) _load_store /opt/stack/data/venv/lib/python3.10/site-packages/glance_store/backend.py:216}}
Jan 07 16:10:09 jammy-provider-cloud-0000007898 devstack@g-api.service[104436]: DEBUG glance_store.backend [-] Attempting to import store rbd {{(pid=104436) _load_store /opt/stack/data/venv/lib/python3.10/site-packages/glance_store/backend.py:216}}
Jan 07 16:10:09 jammy-provider-cloud-0000007898 devstack@g-api.service[104437]: DEBUG glance_store.backend [-] Attempting to import store glance.store.http.Store {{(pid=104437) _load_store /opt/stack/data/venv/lib/python3.10/site-packages/glance_store/backend.py:216}}
Jan 07 16:10:09 jammy-provider-cloud-0000007898 devstack@g-api.service[104436]: DEBUG glance_store.backend [-] Attempting to import store s3 {{(pid=104436) _load_store /opt/stack/data/venv/lib/python3.10/site-packages/glance_store/backend.py:216}}
Jan 07 16:10:09 jammy-provider-cloud-0000007898 devstack@g-api.service[104436]: DEBUG glance_store.backend [-] Attempting to import store swift {{(pid=104436) _load_store /opt/stack/data/venv/lib/python3.10/site-packages/glance_store/backend.py:216}}
Jan 07 16:10:09 jammy-provider-cloud-0000007898 devstack@g-api.service[104436]: DEBUG glance_store.backend [-] Attempting to import store vmware {{(pid=104436) _load_store /opt/stack/data/venv/lib/python3.10/site-packages/glance_store/backend.py:216}}
Jan 07 16:10:09 jammy-provider-cloud-0000007898 devstack@g-api.service[104436]: DEBUG glance_store.backend [-] Registering options for group glance_store {{(pid=104436) register_opts /opt/stack/data/venv/lib/python3.10/site-packages/glance_store/backend.py:145}}
Jan 07 16:10:09 jammy-provider-cloud-0000007898 devstack@g-api.service[104437]: DEBUG glance_store.backend [-] Attempting to import store glance.store.rbd.Store {{(pid=104437) _load_store /opt/stack/data/venv/lib/python3.10/site-packages/glance_store/backend.py:216}}
Jan 07 16:10:09 jammy-provider-cloud-0000007898 devstack@g-api.service[104436]: DEBUG glance_store.backend [-] Registering options for group glance_store {{(pid=104436) register_opts /opt/stack/data/venv/lib/python3.10/site-packages/glance_store/backend.py:145}}
Jan 07 16:10:09 jammy-provider-cloud-0000007898 devstack@g-api.service[104437]: DEBUG glance_store.backend [-] Attempting to import store glance.store.s3.Store {{(pid=104437) _load_store /opt/stack/data/venv/lib/python3.10/site-packages/glance_store/backend.py:216}}
Jan 07 16:10:09 jammy-provider-cloud-0000007898 devstack@g-api.service[104437]: DEBUG glance_store.backend [-] Attempting to import store glance.store.swift.Store {{(pid=104437) _load_store /opt/stack/data/venv/lib/python3.10/site-packages/glance_store/backend.py:216}}
Jan 07 16:10:09 jammy-provider-cloud-0000007898 devstack@g-api.service[104436]: DEBUG glance_store.backend [-] Attempting to import store file {{(pid=104436) _load_store /opt/stack/data/venv/lib/python3.10/site-packages/glance_store/backend.py:216}}
Jan 07 16:10:09 jammy-provider-cloud-0000007898 devstack@g-api.service[104437]: DEBUG glance_store.backend [-] Attempting to import store glance.store.vmware_datastore.Store {{(pid=104437) _load_store /opt/stack/data/venv/lib/python3.10/site-packages/glance_store/backend.py:216}}
Jan 07 16:10:09 jammy-provider-cloud-0000007898 devstack@g-api.service[104436]: DEBUG glance_store.capabilities [-] Store glance_store._drivers.filesystem.Store doesn't support updating dynamic storage capabilities. Please overwrite 'update_capabilities' method of the store to implement updating logics if needed. {{(pid=104436) update_capabilities /opt/stack/data/venv/lib/python3.10/site-packages/glance_store/capabilities.py:91}}
Jan 07 16:10:09 jammy-provider-cloud-0000007898 devstack@g-api.service[104436]: DEBUG glance_store.backend [-] Registering store file with schemes ('file', 'filesystem') {{(pid=104436) create_stores /opt/stack/data/venv/lib/python3.10/site-packages/glance_store/backend.py:262}}
Jan 07 16:10:09 jammy-provider-cloud-0000007898 devstack@g-api.service[104436]: DEBUG glance_store.driver [-] Late loading location class glance_store._drivers.filesystem.StoreLocation {{(pid=104436) get_store_location_class /opt/stack/data/venv/lib/python3.10/site-packages/glance_store/driver.py:133}}
Jan 07 16:10:09 jammy-provider-cloud-0000007898 devstack@g-api.service[104436]: DEBUG glance_store.location [-] Registering scheme file with {'store': <glance_store._drivers.filesystem.Store object at 0x7fadd18b68f0>, 'location_class': <class 'glance_store._drivers.filesystem.StoreLocation'>, 'store_entry': 'file'} {{(pid=104436) register_scheme_map /opt/stack/data/venv/lib/python3.10/site-packages/glance_store/location.py:146}}
Jan 07 16:10:09 jammy-provider-cloud-0000007898 devstack@g-api.service[104436]: DEBUG glance_store.location [-] Registering scheme filesystem with {'store': <glance_store._drivers.filesystem.Store object at 0x7fadd18b68f0>, 'location_class': <class 'glance_store._drivers.filesystem.StoreLocation'>, 'store_entry': 'file'} {{(pid=104436) register_scheme_map /opt/stack/data/venv/lib/python3.10/site-packages/glance_store/location.py:146}}
Jan 07 16:10:09 jammy-provider-cloud-0000007898 devstack@g-api.service[104436]: DEBUG glance_store.backend [-] Attempting to import store http {{(pid=104436) _load_store /opt/stack/data/venv/lib/python3.10/site-packages/glance_store/backend.py:216}}
Jan 07 16:10:09 jammy-provider-cloud-0000007898 devstack@g-api.service[104437]: DEBUG glance_store.backend [-] Attempting to import store http {{(pid=104437) _load_store /opt/stack/data/venv/lib/python3.10/site-packages/glance_store/backend.py:216}}
Jan 07 16:10:09 jammy-provider-cloud-0000007898 devstack@g-api.service[104436]: DEBUG glance_store.capabilities [-] Store glance_store._drivers.http.Store doesn't support updating dynamic storage capabilities. Please overwrite 'update_capabilities' method of the store to implement updating logics if needed. {{(pid=104436) update_capabilities /opt/stack/data/venv/lib/python3.10/site-packages/glance_store/capabilities.py:91}}
Jan 07 16:10:09 jammy-provider-cloud-0000007898 devstack@g-api.service[104436]: DEBUG glance_store.backend [-] Registering store http with schemes ('http', 'https') {{(pid=104436) create_stores /opt/stack/data/venv/lib/python3.10/site-packages/glance_store/backend.py:262}}
Jan 07 16:10:09 jammy-provider-cloud-0000007898 devstack@g-api.service[104436]: DEBUG glance_store.driver [-] Late loading location class glance_store._drivers.http.StoreLocation {{(pid=104436) get_store_location_class /opt/stack/data/venv/lib/python3.10/site-packages/glance_store/driver.py:133}}
Jan 07 16:10:09 jammy-provider-cloud-0000007898 devstack@g-api.service[104436]: DEBUG glance_store.location [-] Registering scheme http with {'store': <glance_store._drivers.http.Store object at 0x7fadd18b7bb0>, 'location_class': <class 'glance_store._drivers.http.StoreLocation'>, 'store_entry': 'http'} {{(pid=104436) register_scheme_map /opt/stack/data/venv/lib/python3.10/site-packages/glance_store/location.py:146}}
Jan 07 16:10:09 jammy-provider-cloud-0000007898 devstack@g-api.service[104436]: DEBUG glance_store.location [-] Registering scheme https with {'store': <glance_store._drivers.http.Store object at 0x7fadd18b7bb0>, 'location_class': <class 'glance_store._drivers.http.StoreLocation'>, 'store_entry': 'http'} {{(pid=104436) register_scheme_map /opt/stack/data/venv/lib/python3.10/site-packages/glance_store/location.py:146}}
Jan 07 16:10:09 jammy-provider-cloud-0000007898 devstack@g-api.service[104437]: DEBUG glance_store.backend [-] Attempting to import store no_conf {{(pid=104437) _load_store /opt/stack/data/venv/lib/python3.10/site-packages/glance_store/backend.py:216}}
Jan 07 16:10:09 jammy-provider-cloud-0000007898 devstack@g-api.service[104436]: DEBUG glance.sqlite_migration [-] SQLite caching database not located, skipping migration {{(pid=104436) get_db_path /opt/stack/glance/glance/sqlite_migration.py:68}}
Jan 07 16:10:09 jammy-provider-cloud-0000007898 devstack@g-api.service[104436]: WARNING glance.common.wsgi_app [-] Import methods are enabled but staging directory /tmp/staging/ does not exist; Imports will fail!
Jan 07 16:10:09 jammy-provider-cloud-0000007898 devstack@g-api.service[104437]: DEBUG glance_store.backend [-] Attempting to import store rbd {{(pid=104437) _load_store /opt/stack/data/venv/lib/python3.10/site-packages/glance_store/backend.py:216}}
Jan 07 16:10:09 jammy-provider-cloud-0000007898 devstack@g-api.service[104437]: DEBUG glance_store.backend [-] Attempting to import store s3 {{(pid=104437) _load_store /opt/stack/data/venv/lib/python3.10/site-packages/glance_store/backend.py:216}}
Jan 07 16:10:09 jammy-provider-cloud-0000007898 devstack@g-api.service[104437]: DEBUG glance_store.backend [-] Attempting to import store swift {{(pid=104437) _load_store /opt/stack/data/venv/lib/python3.10/site-packages/glance_store/backend.py:216}}
Jan 07 16:10:09 jammy-provider-cloud-0000007898 devstack@g-api.service[104437]: DEBUG glance_store.backend [-] Attempting to import store vmware {{(pid=104437) _load_store /opt/stack/data/venv/lib/python3.10/site-packages/glance_store/backend.py:216}}
Jan 07 16:10:09 jammy-provider-cloud-0000007898 devstack@g-api.service[104437]: DEBUG glance_store.backend [-] Registering options for group glance_store {{(pid=104437) register_opts /opt/stack/data/venv/lib/python3.10/site-packages/glance_store/backend.py:145}}
Jan 07 16:10:09 jammy-provider-cloud-0000007898 devstack@g-api.service[104437]: DEBUG glance_store.backend [-] Registering options for group glance_store {{(pid=104437) register_opts /opt/stack/data/venv/lib/python3.10/site-packages/glance_store/backend.py:145}}
Jan 07 16:10:09 jammy-provider-cloud-0000007898 devstack@g-api.service[104437]: DEBUG glance_store.backend [-] Attempting to import store file {{(pid=104437) _load_store /opt/stack/data/venv/lib/python3.10/site-packages/glance_store/backend.py:216}}
Jan 07 16:10:09 jammy-provider-cloud-0000007898 devstack@g-api.service[104437]: DEBUG glance_store.capabilities [-] Store glance_store._drivers.filesystem.Store doesn't support updating dynamic storage capabilities. Please overwrite 'update_capabilities' method of the store to implement updating logics if needed. {{(pid=104437) update_capabilities /opt/stack/data/venv/lib/python3.10/site-packages/glance_store/capabilities.py:91}}
Jan 07 16:10:09 jammy-provider-cloud-0000007898 devstack@g-api.service[104437]: DEBUG glance_store.backend [-] Registering store file with schemes ('file', 'filesystem') {{(pid=104437) create_stores /opt/stack/data/venv/lib/python3.10/site-packages/glance_store/backend.py:262}}
Jan 07 16:10:09 jammy-provider-cloud-0000007898 devstack@g-api.service[104437]: DEBUG glance_store.driver [-] Late loading location class glance_store._drivers.filesystem.StoreLocation {{(pid=104437) get_store_location_class /opt/stack/data/venv/lib/python3.10/site-packages/glance_store/driver.py:133}}
Jan 07 16:10:09 jammy-provider-cloud-0000007898 devstack@g-api.service[104437]: DEBUG glance_store.location [-] Registering scheme file with {'store': <glance_store._drivers.filesystem.Store object at 0x7fadd18b68f0>, 'location_class': <class 'glance_store._drivers.filesystem.StoreLocation'>, 'store_entry': 'file'} {{(pid=104437) register_scheme_map /opt/stack/data/venv/lib/python3.10/site-packages/glance_store/location.py:146}}
Jan 07 16:10:09 jammy-provider-cloud-0000007898 devstack@g-api.service[104437]: DEBUG glance_store.location [-] Registering scheme filesystem with {'store': <glance_store._drivers.filesystem.Store object at 0x7fadd18b68f0>, 'location_class': <class 'glance_store._drivers.filesystem.StoreLocation'>, 'store_entry': 'file'} {{(pid=104437) register_scheme_map /opt/stack/data/venv/lib/python3.10/site-packages/glance_store/location.py:146}}
Jan 07 16:10:09 jammy-provider-cloud-0000007898 devstack@g-api.service[104437]: DEBUG glance_store.backend [-] Attempting to import store http {{(pid=104437) _load_store /opt/stack/data/venv/lib/python3.10/site-packages/glance_store/backend.py:216}}
Jan 07 16:10:09 jammy-provider-cloud-0000007898 devstack@g-api.service[104437]: DEBUG glance_store.capabilities [-] Store glance_store._drivers.http.Store doesn't support updating dynamic storage capabilities. Please overwrite 'update_capabilities' method of the store to implement updating logics if needed. {{(pid=104437) update_capabilities /opt/stack/data/venv/lib/python3.10/site-packages/glance_store/capabilities.py:91}}
Jan 07 16:10:09 jammy-provider-cloud-0000007898 devstack@g-api.service[104437]: DEBUG glance_store.backend [-] Registering store http with schemes ('http', 'https') {{(pid=104437) create_stores /opt/stack/data/venv/lib/python3.10/site-packages/glance_store/backend.py:262}}
Jan 07 16:10:09 jammy-provider-cloud-0000007898 devstack@g-api.service[104437]: DEBUG glance_store.driver [-] Late loading location class glance_store._drivers.http.StoreLocation {{(pid=104437) get_store_location_class /opt/stack/data/venv/lib/python3.10/site-packages/glance_store/driver.py:133}}
Jan 07 16:10:09 jammy-provider-cloud-0000007898 devstack@g-api.service[104437]: DEBUG glance_store.location [-] Registering scheme http with {'store': <glance_store._drivers.http.Store object at 0x7fadd18b7bb0>, 'location_class': <class 'glance_store._drivers.http.StoreLocation'>, 'store_entry': 'http'} {{(pid=104437) register_scheme_map /opt/stack/data/venv/lib/python3.10/site-packages/glance_store/location.py:146}}
Jan 07 16:10:09 jammy-provider-cloud-0000007898 devstack@g-api.service[104437]: DEBUG glance_store.location [-] Registering scheme https with {'store': <glance_store._drivers.http.Store object at 0x7fadd18b7bb0>, 'location_class': <class 'glance_store._drivers.http.StoreLocation'>, 'store_entry': 'http'} {{(pid=104437) register_scheme_map /opt/stack/data/venv/lib/python3.10/site-packages/glance_store/location.py:146}}
Jan 07 16:10:09 jammy-provider-cloud-0000007898 devstack@g-api.service[104437]: DEBUG glance.sqlite_migration [-] SQLite caching database not located, skipping migration {{(pid=104437) get_db_path /opt/stack/glance/glance/sqlite_migration.py:68}}
Jan 07 16:10:09 jammy-provider-cloud-0000007898 devstack@g-api.service[104437]: WARNING glance.common.wsgi_app [-] Import methods are enabled but staging directory /tmp/staging/ does not exist; Imports will fail!
Jan 07 16:10:09 jammy-provider-cloud-0000007898 devstack@g-api.service[104436]: DEBUG glance.common.config [None req-0ed057fe-7640-480d-abdb-5d1edb0c267d None None] Loading glance-api-keystone+cachemanagement from /etc/glance/glance-api-paste.ini {{(pid=104436) load_paste_app /opt/stack/glance/glance/common/config.py:723}}
Jan 07 16:10:09 jammy-provider-cloud-0000007898 devstack@g-api.service[104437]: DEBUG glance.common.config [None req-ed2388e6-1508-4f0a-9760-fc2fc71ae4c9 None None] Loading glance-api-keystone+cachemanagement from /etc/glance/glance-api-paste.ini {{(pid=104437) load_paste_app /opt/stack/glance/glance/common/config.py:723}}
Jan 07 16:10:10 jammy-provider-cloud-0000007898 devstack@g-api.service[104436]: INFO glance.image_cache [None req-0ed057fe-7640-480d-abdb-5d1edb0c267d None None] Image cache loaded driver 'centralized_db'.
Jan 07 16:10:10 jammy-provider-cloud-0000007898 devstack@g-api.service[104437]: INFO glance.image_cache [None req-ed2388e6-1508-4f0a-9760-fc2fc71ae4c9 None None] Image cache loaded driver 'centralized_db'.
Jan 07 16:10:10 jammy-provider-cloud-0000007898 devstack@g-api.service[104436]: INFO dbcounter [None req-0ed057fe-7640-480d-abdb-5d1edb0c267d None None] Registered counter for database glance
Jan 07 16:10:10 jammy-provider-cloud-0000007898 devstack@g-api.service[104437]: INFO dbcounter [None req-ed2388e6-1508-4f0a-9760-fc2fc71ae4c9 None None] Registered counter for database glance
Jan 07 16:10:10 jammy-provider-cloud-0000007898 devstack@g-api.service[104437]: DEBUG oslo_db.sqlalchemy.engines [None req-ed2388e6-1508-4f0a-9760-fc2fc71ae4c9 None None] MySQL server mode set to STRICT_TRANS_TABLES,STRICT_ALL_TABLES,NO_ZERO_IN_DATE,NO_ZERO_DATE,ERROR_FOR_DIVISION_BY_ZERO,TRADITIONAL,NO_ENGINE_SUBSTITUTION {{(pid=104437) _check_effective_sql_mode /opt/stack/data/venv/lib/python3.10/site-packages/oslo_db/sqlalchemy/engines.py:395}}
Jan 07 16:10:10 jammy-provider-cloud-0000007898 devstack@g-api.service[104436]: DEBUG oslo_db.sqlalchemy.engines [None req-0ed057fe-7640-480d-abdb-5d1edb0c267d None None] MySQL server mode set to STRICT_TRANS_TABLES,STRICT_ALL_TABLES,NO_ZERO_IN_DATE,NO_ZERO_DATE,ERROR_FOR_DIVISION_BY_ZERO,TRADITIONAL,NO_ENGINE_SUBSTITUTION {{(pid=104436) _check_effective_sql_mode /opt/stack/data/venv/lib/python3.10/site-packages/oslo_db/sqlalchemy/engines.py:395}}
Jan 07 16:10:10 jammy-provider-cloud-0000007898 devstack@g-api.service[104437]: DEBUG dbcounter [-] [104437] Writer thread running {{(pid=104437) stat_writer /opt/stack/data/venv/lib/python3.10/site-packages/dbcounter.py:102}}
Jan 07 16:10:10 jammy-provider-cloud-0000007898 devstack@g-api.service[104436]: DEBUG dbcounter [-] [104436] Writer thread running {{(pid=104436) stat_writer /opt/stack/data/venv/lib/python3.10/site-packages/dbcounter.py:102}}
Jan 07 16:10:10 jammy-provider-cloud-0000007898 devstack@g-api.service[104436]: DEBUG glance.image_cache.drivers.centralized_db [None req-0ed057fe-7640-480d-abdb-5d1edb0c267d None None] Node reference is already recorded, ignoring it {{(pid=104436) configure /opt/stack/glance/glance/image_cache/drivers/centralized_db.py:71}}
Jan 07 16:10:10 jammy-provider-cloud-0000007898 devstack@g-api.service[104436]: INFO glance.image_cache [None req-0ed057fe-7640-480d-abdb-5d1edb0c267d None None] Image cache loaded driver 'centralized_db'.
Jan 07 16:10:10 jammy-provider-cloud-0000007898 devstack@g-api.service[104437]: INFO glance.image_cache [None req-ed2388e6-1508-4f0a-9760-fc2fc71ae4c9 None None] Image cache loaded driver 'centralized_db'.
Jan 07 16:10:10 jammy-provider-cloud-0000007898 devstack@g-api.service[104437]: DEBUG glance.image_cache.drivers.centralized_db [None req-ed2388e6-1508-4f0a-9760-fc2fc71ae4c9 None None] Node reference is already recorded, ignoring it {{(pid=104437) configure /opt/stack/glance/glance/image_cache/drivers/centralized_db.py:71}}
Jan 07 16:10:10 jammy-provider-cloud-0000007898 devstack@g-api.service[104436]: DEBUG glance.image_cache.drivers.centralized_db [None req-0ed057fe-7640-480d-abdb-5d1edb0c267d None None] Node reference is already recorded, ignoring it {{(pid=104436) configure /opt/stack/glance/glance/image_cache/drivers/centralized_db.py:71}}
Jan 07 16:10:10 jammy-provider-cloud-0000007898 devstack@g-api.service[104436]: DEBUG glance.api.v2.cached_images [None req-0ed057fe-7640-480d-abdb-5d1edb0c267d None None] Started cache worker thread {{(pid=104436) __init__ /opt/stack/glance/glance/api/v2/cached_images.py:69}}
Jan 07 16:10:10 jammy-provider-cloud-0000007898 devstack@g-api.service[104437]: DEBUG glance.api.v2.cached_images [None req-ed2388e6-1508-4f0a-9760-fc2fc71ae4c9 None None] Started cache worker thread {{(pid=104437) __init__ /opt/stack/glance/glance/api/v2/cached_images.py:69}}
Jan 07 16:10:10 jammy-provider-cloud-0000007898 devstack@g-api.service[104436]: INFO glance.image_cache [None req-0ed057fe-7640-480d-abdb-5d1edb0c267d None None] Image cache loaded driver 'centralized_db'.
Jan 07 16:10:10 jammy-provider-cloud-0000007898 devstack@g-api.service[104437]: INFO glance.image_cache [None req-ed2388e6-1508-4f0a-9760-fc2fc71ae4c9 None None] Image cache loaded driver 'centralized_db'.
Jan 07 16:10:10 jammy-provider-cloud-0000007898 devstack@g-api.service[104437]: DEBUG glance.image_cache.drivers.centralized_db [None req-ed2388e6-1508-4f0a-9760-fc2fc71ae4c9 None None] Node reference is already recorded, ignoring it {{(pid=104437) configure /opt/stack/glance/glance/image_cache/drivers/centralized_db.py:71}}
Jan 07 16:10:10 jammy-provider-cloud-0000007898 devstack@g-api.service[104436]: DEBUG glance.image_cache.drivers.centralized_db [None req-0ed057fe-7640-480d-abdb-5d1edb0c267d None None] Node reference is already recorded, ignoring it {{(pid=104436) configure /opt/stack/glance/glance/image_cache/drivers/centralized_db.py:71}}
Jan 07 16:10:10 jammy-provider-cloud-0000007898 devstack@g-api.service[104436]: INFO glance.api.middleware.cache_manage [None req-0ed057fe-7640-480d-abdb-5d1edb0c267d None None] Initialized image cache management middleware
Jan 07 16:10:10 jammy-provider-cloud-0000007898 devstack@g-api.service[104436]: INFO glance.image_cache [None req-0ed057fe-7640-480d-abdb-5d1edb0c267d None None] Image cache loaded driver 'centralized_db'.
Jan 07 16:10:10 jammy-provider-cloud-0000007898 devstack@g-api.service[104437]: INFO glance.api.middleware.cache_manage [None req-ed2388e6-1508-4f0a-9760-fc2fc71ae4c9 None None] Initialized image cache management middleware
Jan 07 16:10:10 jammy-provider-cloud-0000007898 devstack@g-api.service[104437]: INFO glance.image_cache [None req-ed2388e6-1508-4f0a-9760-fc2fc71ae4c9 None None] Image cache loaded driver 'centralized_db'.
Jan 07 16:10:10 jammy-provider-cloud-0000007898 devstack@g-api.service[104436]: DEBUG glance.image_cache.drivers.centralized_db [None req-0ed057fe-7640-480d-abdb-5d1edb0c267d None None] Node reference is already recorded, ignoring it {{(pid=104436) configure /opt/stack/glance/glance/image_cache/drivers/centralized_db.py:71}}
Jan 07 16:10:10 jammy-provider-cloud-0000007898 devstack@g-api.service[104437]: DEBUG glance.image_cache.drivers.centralized_db [None req-ed2388e6-1508-4f0a-9760-fc2fc71ae4c9 None None] Node reference is already recorded, ignoring it {{(pid=104437) configure /opt/stack/glance/glance/image_cache/drivers/centralized_db.py:71}}
Jan 07 16:10:10 jammy-provider-cloud-0000007898 devstack@g-api.service[104436]: INFO glance.api.middleware.cache [None req-0ed057fe-7640-480d-abdb-5d1edb0c267d None None] Initialized image cache middleware
Jan 07 16:10:10 jammy-provider-cloud-0000007898 devstack@g-api.service[104437]: INFO glance.api.middleware.cache [None req-ed2388e6-1508-4f0a-9760-fc2fc71ae4c9 None None] Initialized image cache middleware
Jan 07 16:10:10 jammy-provider-cloud-0000007898 devstack@g-api.service[104436]: WARNING keystonemiddleware.auth_token [None req-0ed057fe-7640-480d-abdb-5d1edb0c267d None None] AuthToken middleware is set with keystone_authtoken.service_token_roles_required set to False. This is backwards compatible but deprecated behaviour. Please set this to True.
Jan 07 16:10:10 jammy-provider-cloud-0000007898 devstack@g-api.service[104437]: WARNING keystonemiddleware.auth_token [None req-ed2388e6-1508-4f0a-9760-fc2fc71ae4c9 None None] AuthToken middleware is set with keystone_authtoken.service_token_roles_required set to False. This is backwards compatible but deprecated behaviour. Please set this to True.
Jan 07 16:10:10 jammy-provider-cloud-0000007898 devstack@g-api.service[104436]: WARNING keystonemiddleware.auth_token [None req-0ed057fe-7640-480d-abdb-5d1edb0c267d None None] Configuring www_authenticate_uri to point to the public identity endpoint is required; clients may not be able to authenticate against an admin endpoint
Jan 07 16:10:10 jammy-provider-cloud-0000007898 devstack@g-api.service[104437]: WARNING keystonemiddleware.auth_token [None req-ed2388e6-1508-4f0a-9760-fc2fc71ae4c9 None None] Configuring www_authenticate_uri to point to the public identity endpoint is required; clients may not be able to authenticate against an admin endpoint
Jan 07 16:10:10 jammy-provider-cloud-0000007898 devstack@g-api.service[104436]: DEBUG glance.common.config [None req-0ed057fe-7640-480d-abdb-5d1edb0c267d None None] ******************************************************************************** {{(pid=104436) log_opt_values /opt/stack/data/venv/lib/python3.10/site-packages/oslo_config/cfg.py:2804}}
Jan 07 16:10:10 jammy-provider-cloud-0000007898 devstack@g-api.service[104436]: DEBUG glance.common.config [None req-0ed057fe-7640-480d-abdb-5d1edb0c267d None None] Configuration options gathered from: {{(pid=104436) log_opt_values /opt/stack/data/venv/lib/python3.10/site-packages/oslo_config/cfg.py:2805}}
Jan 07 16:10:10 jammy-provider-cloud-0000007898 devstack@g-api.service[104436]: DEBUG glance.common.config [None req-0ed057fe-7640-480d-abdb-5d1edb0c267d None None] command line args: [] {{(pid=104436) log_opt_values /opt/stack/data/venv/lib/python3.10/site-packages/oslo_config/cfg.py:2806}}
Jan 07 16:10:10 jammy-provider-cloud-0000007898 devstack@g-api.service[104436]: DEBUG glance.common.config [None req-0ed057fe-7640-480d-abdb-5d1edb0c267d None None] config files: ['/etc/glance/glance-image-import.conf', '/etc/glance/glance-api.conf'] {{(pid=104436) log_opt_values /opt/stack/data/venv/lib/python3.10/site-packages/oslo_config/cfg.py:2807}}
Jan 07 16:10:10 jammy-provider-cloud-0000007898 devstack@g-api.service[104436]: DEBUG glance.common.config [None req-0ed057fe-7640-480d-abdb-5d1edb0c267d None None] ================================================================================ {{(pid=104436) log_opt_values /opt/stack/data/venv/lib/python3.10/site-packages/oslo_config/cfg.py:2809}}
Jan 07 16:10:10 jammy-provider-cloud-0000007898 devstack@g-api.service[104436]: DEBUG glance.common.config [None req-0ed057fe-7640-480d-abdb-5d1edb0c267d None None] allow_anonymous_access         = False {{(pid=104436) log_opt_values /opt/stack/data/venv/lib/python3.10/site-packages/oslo_config/cfg.py:2817}}
Jan 07 16:10:10 jammy-provider-cloud-0000007898 devstack@g-api.service[104436]: DEBUG glance.common.config [None req-0ed057fe-7640-480d-abdb-5d1edb0c267d None None] api_limit_max                  = 1000 {{(pid=104436) log_opt_values /opt/stack/data/venv/lib/python3.10/site-packages/oslo_config/cfg.py:2817}}
Jan 07 16:10:10 jammy-provider-cloud-0000007898 devstack@g-api.service[104436]: DEBUG glance.common.config [None req-0ed057fe-7640-480d-abdb-5d1edb0c267d None None] backlog                        = 4096 {{(pid=104436) log_opt_values /opt/stack/data/venv/lib/python3.10/site-packages/oslo_config/cfg.py:2817}}
Jan 07 16:10:10 jammy-provider-cloud-0000007898 devstack@g-api.service[104436]: DEBUG glance.common.config [None req-0ed057fe-7640-480d-abdb-5d1edb0c267d None None] bind_host                      = 0.0.0.0 {{(pid=104436) log_opt_values /opt/stack/data/venv/lib/python3.10/site-packages/oslo_config/cfg.py:2817}}
Jan 07 16:10:10 jammy-provider-cloud-0000007898 devstack@g-api.service[104436]: DEBUG glance.common.config [None req-0ed057fe-7640-480d-abdb-5d1edb0c267d None None] bind_port                      = None {{(pid=104436) log_opt_values /opt/stack/data/venv/lib/python3.10/site-packages/oslo_config/cfg.py:2817}}
Jan 07 16:10:10 jammy-provider-cloud-0000007898 devstack@g-api.service[104436]: DEBUG glance.common.config [None req-0ed057fe-7640-480d-abdb-5d1edb0c267d None None] client_socket_timeout          = 900 {{(pid=104436) log_opt_values /opt/stack/data/venv/lib/python3.10/site-packages/oslo_config/cfg.py:2817}}
Jan 07 16:10:10 jammy-provider-cloud-0000007898 devstack@g-api.service[104436]: DEBUG glance.common.config [None req-0ed057fe-7640-480d-abdb-5d1edb0c267d None None] config_dir                     = [] {{(pid=104436) log_opt_values /opt/stack/data/venv/lib/python3.10/site-packages/oslo_config/cfg.py:2817}}
Jan 07 16:10:10 jammy-provider-cloud-0000007898 devstack@g-api.service[104436]: DEBUG glance.common.config [None req-0ed057fe-7640-480d-abdb-5d1edb0c267d None None] config_file                    = ['/etc/glance/glance-image-import.conf', '/etc/glance/glance-api.conf'] {{(pid=104436) log_opt_values /opt/stack/data/venv/lib/python3.10/site-packages/oslo_config/cfg.py:2817}}
Jan 07 16:10:10 jammy-provider-cloud-0000007898 devstack@g-api.service[104436]: DEBUG glance.common.config [None req-0ed057fe-7640-480d-abdb-5d1edb0c267d None None] config_source                  = [] {{(pid=104436) log_opt_values /opt/stack/data/venv/lib/python3.10/site-packages/oslo_config/cfg.py:2817}}
Jan 07 16:10:10 jammy-provider-cloud-0000007898 devstack@g-api.service[104436]: DEBUG glance.common.config [None req-0ed057fe-7640-480d-abdb-5d1edb0c267d None None] control_exchange               = glance {{(pid=104436) log_opt_values /opt/stack/data/venv/lib/python3.10/site-packages/oslo_config/cfg.py:2817}}
Jan 07 16:10:10 jammy-provider-cloud-0000007898 devstack@g-api.service[104436]: DEBUG glance.common.config [None req-0ed057fe-7640-480d-abdb-5d1edb0c267d None None] debug                          = True {{(pid=104436) log_opt_values /opt/stack/data/venv/lib/python3.10/site-packages/oslo_config/cfg.py:2817}}
Jan 07 16:10:10 jammy-provider-cloud-0000007898 devstack@g-api.service[104436]: DEBUG glance.common.config [None req-0ed057fe-7640-480d-abdb-5d1edb0c267d None None] default_log_levels             = ['amqp=WARN', 'amqplib=WARN', 'boto=WARN', 'qpid=WARN', 'sqlalchemy=WARN', 'suds=INFO', 'oslo.messaging=INFO', 'oslo_messaging=INFO', 'iso8601=WARN', 'requests.packages.urllib3.connectionpool=WARN', 'urllib3.connectionpool=WARN', 'websocket=WARN', 'requests.packages.urllib3.util.retry=WARN', 'urllib3.util.retry=WARN', 'keystonemiddleware=WARN', 'routes.middleware=WARN', 'stevedore=WARN', 'taskflow=WARN', 'keystoneauth=WARN', 'oslo.cache=INFO', 'oslo_policy=INFO', 'dogpile.core.dogpile=INFO'] {{(pid=104436) log_opt_values /opt/stack/data/venv/lib/python3.10/site-packages/oslo_config/cfg.py:2817}}
Jan 07 16:10:10 jammy-provider-cloud-0000007898 devstack@g-api.service[104436]: DEBUG glance.common.config [None req-0ed057fe-7640-480d-abdb-5d1edb0c267d None None] default_publisher_id           = image.localhost {{(pid=104436) log_opt_values /opt/stack/data/venv/lib/python3.10/site-packages/oslo_config/cfg.py:2817}}
Jan 07 16:10:10 jammy-provider-cloud-0000007898 devstack@g-api.service[104436]: DEBUG glance.common.config [None req-0ed057fe-7640-480d-abdb-5d1edb0c267d None None] delayed_delete                 = False {{(pid=104436) log_opt_values /opt/stack/data/venv/lib/python3.10/site-packages/oslo_config/cfg.py:2817}}
Jan 07 16:10:10 jammy-provider-cloud-0000007898 devstack@g-api.service[104436]: DEBUG glance.common.config [None req-0ed057fe-7640-480d-abdb-5d1edb0c267d None None] digest_algorithm               = sha256 {{(pid=104436) log_opt_values /opt/stack/data/venv/lib/python3.10/site-packages/oslo_config/cfg.py:2817}}
Jan 07 16:10:10 jammy-provider-cloud-0000007898 devstack@g-api.service[104436]: DEBUG glance.common.config [None req-0ed057fe-7640-480d-abdb-5d1edb0c267d None None] disabled_notifications         = [] {{(pid=104436) log_opt_values /opt/stack/data/venv/lib/python3.10/site-packages/oslo_config/cfg.py:2817}}
Jan 07 16:10:10 jammy-provider-cloud-0000007898 devstack@g-api.service[104436]: DEBUG glance.common.config [None req-0ed057fe-7640-480d-abdb-5d1edb0c267d None None] do_secure_hash                 = True {{(pid=104436) log_opt_values /opt/stack/data/venv/lib/python3.10/site-packages/oslo_config/cfg.py:2817}}
Jan 07 16:10:10 jammy-provider-cloud-0000007898 devstack@g-api.service[104436]: DEBUG glance.common.config [None req-0ed057fe-7640-480d-abdb-5d1edb0c267d None None] enabled_backends               = None {{(pid=104436) log_opt_values /opt/stack/data/venv/lib/python3.10/site-packages/oslo_config/cfg.py:2817}}
Jan 07 16:10:10 jammy-provider-cloud-0000007898 devstack@g-api.service[104437]: DEBUG glance.common.config [None req-ed2388e6-1508-4f0a-9760-fc2fc71ae4c9 None None] ******************************************************************************** {{(pid=104437) log_opt_values /opt/stack/data/venv/lib/python3.10/site-packages/oslo_config/cfg.py:2804}}
Jan 07 16:10:10 jammy-provider-cloud-0000007898 devstack@g-api.service[104436]: DEBUG glance.common.config [None req-0ed057fe-7640-480d-abdb-5d1edb0c267d None None] enabled_import_methods         = ['glance-direct', 'web-download', 'copy-image'] {{(pid=104436) log_opt_values /opt/stack/data/venv/lib/python3.10/site-packages/oslo_config/cfg.py:2817}}
Jan 07 16:10:10 jammy-provider-cloud-0000007898 devstack@g-api.service[104436]: DEBUG glance.common.config [None req-0ed057fe-7640-480d-abdb-5d1edb0c267d None None] hashing_algorithm              = sha512 {{(pid=104436) log_opt_values /opt/stack/data/venv/lib/python3.10/site-packages/oslo_config/cfg.py:2817}}
Jan 07 16:10:10 jammy-provider-cloud-0000007898 devstack@g-api.service[104436]: DEBUG glance.common.config [None req-0ed057fe-7640-480d-abdb-5d1edb0c267d None None] http_keepalive                 = True {{(pid=104436) log_opt_values /opt/stack/data/venv/lib/python3.10/site-packages/oslo_config/cfg.py:2817}}
Jan 07 16:10:10 jammy-provider-cloud-0000007898 devstack@g-api.service[104437]: DEBUG glance.common.config [None req-ed2388e6-1508-4f0a-9760-fc2fc71ae4c9 None None] Configuration options gathered from: {{(pid=104437) log_opt_values /opt/stack/data/venv/lib/python3.10/site-packages/oslo_config/cfg.py:2805}}
Jan 07 16:10:10 jammy-provider-cloud-0000007898 devstack@g-api.service[104436]: DEBUG glance.common.config [None req-0ed057fe-7640-480d-abdb-5d1edb0c267d None None] http_retries                   = 3 {{(pid=104436) log_opt_values /opt/stack/data/venv/lib/python3.10/site-packages/oslo_config/cfg.py:2817}}
Jan 07 16:10:10 jammy-provider-cloud-0000007898 devstack@g-api.service[104436]: DEBUG glance.common.config [None req-0ed057fe-7640-480d-abdb-5d1edb0c267d None None] image_cache_dir                = /opt/stack/data/glance/cache/ {{(pid=104436) log_opt_values /opt/stack/data/venv/lib/python3.10/site-packages/oslo_config/cfg.py:2817}}
Jan 07 16:10:10 jammy-provider-cloud-0000007898 devstack@g-api.service[104436]: DEBUG glance.common.config [None req-0ed057fe-7640-480d-abdb-5d1edb0c267d None None] image_cache_driver             = centralized_db {{(pid=104436) log_opt_values /opt/stack/data/venv/lib/python3.10/site-packages/oslo_config/cfg.py:2817}}
Jan 07 16:10:10 jammy-provider-cloud-0000007898 devstack@g-api.service[104436]: DEBUG glance.common.config [None req-0ed057fe-7640-480d-abdb-5d1edb0c267d None None] image_cache_max_size           = 10737418240 {{(pid=104436) log_opt_values /opt/stack/data/venv/lib/python3.10/site-packages/oslo_config/cfg.py:2817}}
Jan 07 16:10:10 jammy-provider-cloud-0000007898 devstack@g-api.service[104436]: DEBUG glance.common.config [None req-0ed057fe-7640-480d-abdb-5d1edb0c267d None None] image_cache_sqlite_db          = cache.db {{(pid=104436) log_opt_values /opt/stack/data/venv/lib/python3.10/site-packages/oslo_config/cfg.py:2817}}
Jan 07 16:10:10 jammy-provider-cloud-0000007898 devstack@g-api.service[104436]: DEBUG glance.common.config [None req-0ed057fe-7640-480d-abdb-5d1edb0c267d None None] image_cache_stall_time         = 86400 {{(pid=104436) log_opt_values /opt/stack/data/venv/lib/python3.10/site-packages/oslo_config/cfg.py:2817}}
Jan 07 16:10:10 jammy-provider-cloud-0000007898 devstack@g-api.service[104436]: DEBUG glance.common.config [None req-0ed057fe-7640-480d-abdb-5d1edb0c267d None None] image_location_quota           = 10 {{(pid=104436) log_opt_values /opt/stack/data/venv/lib/python3.10/site-packages/oslo_config/cfg.py:2817}}
Jan 07 16:10:10 jammy-provider-cloud-0000007898 devstack@g-api.service[104437]: DEBUG glance.common.config [None req-ed2388e6-1508-4f0a-9760-fc2fc71ae4c9 None None] command line args: [] {{(pid=104437) log_opt_values /opt/stack/data/venv/lib/python3.10/site-packages/oslo_config/cfg.py:2806}}
Jan 07 16:10:10 jammy-provider-cloud-0000007898 devstack@g-api.service[104436]: DEBUG glance.common.config [None req-0ed057fe-7640-480d-abdb-5d1edb0c267d None None] image_member_quota             = 128 {{(pid=104436) log_opt_values /opt/stack/data/venv/lib/python3.10/site-packages/oslo_config/cfg.py:2817}}
Jan 07 16:10:10 jammy-provider-cloud-0000007898 devstack@g-api.service[104436]: DEBUG glance.common.config [None req-0ed057fe-7640-480d-abdb-5d1edb0c267d None None] image_property_quota           = 128 {{(pid=104436) log_opt_values /opt/stack/data/venv/lib/python3.10/site-packages/oslo_config/cfg.py:2817}}
Jan 07 16:10:10 jammy-provider-cloud-0000007898 devstack@g-api.service[104436]: DEBUG glance.common.config [None req-0ed057fe-7640-480d-abdb-5d1edb0c267d None None] image_size_cap                 = 1099511627776 {{(pid=104436) log_opt_values /opt/stack/data/venv/lib/python3.10/site-packages/oslo_config/cfg.py:2817}}
Jan 07 16:10:10 jammy-provider-cloud-0000007898 devstack@g-api.service[104436]: DEBUG glance.common.config [None req-0ed057fe-7640-480d-abdb-5d1edb0c267d None None] image_tag_quota                = 128 {{(pid=104436) log_opt_values /opt/stack/data/venv/lib/python3.10/site-packages/oslo_config/cfg.py:2817}}
Jan 07 16:10:10 jammy-provider-cloud-0000007898 devstack@g-api.service[104437]: DEBUG glance.common.config [None req-ed2388e6-1508-4f0a-9760-fc2fc71ae4c9 None None] config files: ['/etc/glance/glance-image-import.conf', '/etc/glance/glance-api.conf'] {{(pid=104437) log_opt_values /opt/stack/data/venv/lib/python3.10/site-packages/oslo_config/cfg.py:2807}}
Jan 07 16:10:10 jammy-provider-cloud-0000007898 devstack@g-api.service[104436]: DEBUG glance.common.config [None req-0ed057fe-7640-480d-abdb-5d1edb0c267d None None] instance_format                = [instance: %(uuid)s]  {{(pid=104436) log_opt_values /opt/stack/data/venv/lib/python3.10/site-packages/oslo_config/cfg.py:2817}}
Jan 07 16:10:10 jammy-provider-cloud-0000007898 devstack@g-api.service[104436]: DEBUG glance.common.config [None req-0ed057fe-7640-480d-abdb-5d1edb0c267d None None] instance_uuid_format           = [instance: %(uuid)s]  {{(pid=104436) log_opt_values /opt/stack/data/venv/lib/python3.10/site-packages/oslo_config/cfg.py:2817}}
Jan 07 16:10:10 jammy-provider-cloud-0000007898 devstack@g-api.service[104436]: DEBUG glance.common.config [None req-0ed057fe-7640-480d-abdb-5d1edb0c267d None None] limit_param_default            = 25 {{(pid=104436) log_opt_values /opt/stack/data/venv/lib/python3.10/site-packages/oslo_config/cfg.py:2817}}
Jan 07 16:10:10 jammy-provider-cloud-0000007898 devstack@g-api.service[104436]: DEBUG glance.common.config [None req-0ed057fe-7640-480d-abdb-5d1edb0c267d None None] log_color                      = True {{(pid=104436) log_opt_values /opt/stack/data/venv/lib/python3.10/site-packages/oslo_config/cfg.py:2817}}
Jan 07 16:10:10 jammy-provider-cloud-0000007898 devstack@g-api.service[104437]: DEBUG glance.common.config [None req-ed2388e6-1508-4f0a-9760-fc2fc71ae4c9 None None] ================================================================================ {{(pid=104437) log_opt_values /opt/stack/data/venv/lib/python3.10/site-packages/oslo_config/cfg.py:2809}}
Jan 07 16:10:10 jammy-provider-cloud-0000007898 devstack@g-api.service[104436]: DEBUG glance.common.config [None req-0ed057fe-7640-480d-abdb-5d1edb0c267d None None] log_config_append              = None {{(pid=104436) log_opt_values /opt/stack/data/venv/lib/python3.10/site-packages/oslo_config/cfg.py:2817}}
Jan 07 16:10:10 jammy-provider-cloud-0000007898 devstack@g-api.service[104436]: DEBUG glance.common.config [None req-0ed057fe-7640-480d-abdb-5d1edb0c267d None None] log_date_format                = %Y-%m-%d %H:%M:%S {{(pid=104436) log_opt_values /opt/stack/data/venv/lib/python3.10/site-packages/oslo_config/cfg.py:2817}}
Jan 07 16:10:10 jammy-provider-cloud-0000007898 devstack@g-api.service[104436]: DEBUG glance.common.config [None req-0ed057fe-7640-480d-abdb-5d1edb0c267d None None] log_dir                        = None {{(pid=104436) log_opt_values /opt/stack/data/venv/lib/python3.10/site-packages/oslo_config/cfg.py:2817}}
Jan 07 16:10:10 jammy-provider-cloud-0000007898 devstack@g-api.service[104436]: DEBUG glance.common.config [None req-0ed057fe-7640-480d-abdb-5d1edb0c267d None None] log_file                       = None {{(pid=104436) log_opt_values /opt/stack/data/venv/lib/python3.10/site-packages/oslo_config/cfg.py:2817}}
