Jun 11 07:48:04 ubuntu systemd[1]: Starting devstack@g-api.service - Devstack devstack@g-api.service...
Jun 11 07:48:04 ubuntu devstack@g-api.service[114898]: [uWSGI] getting INI configuration from /etc/glance/glance-uwsgi.ini
Jun 11 07:48:04 ubuntu devstack@g-api.service[114898]: *** Starting uWSGI 2.0.24-debian (64bit) on [Thu Jun 11 07:48:04 2026] ***
Jun 11 07:48:04 ubuntu devstack@g-api.service[114898]: compiled with version: 13.2.0 on 17 April 2024 16:23:48
Jun 11 07:48:04 ubuntu devstack@g-api.service[114898]: os: Linux-6.8.0-100-generic #100-Ubuntu SMP PREEMPT_DYNAMIC Tue Jan 13 16:40:06 UTC 2026
Jun 11 07:48:04 ubuntu devstack@g-api.service[114898]: nodename: ubuntu
Jun 11 07:48:04 ubuntu devstack@g-api.service[114898]: machine: x86_64
Jun 11 07:48:04 ubuntu devstack@g-api.service[114898]: clock source: unix
Jun 11 07:48:04 ubuntu devstack@g-api.service[114898]: pcre jit disabled
Jun 11 07:48:04 ubuntu devstack@g-api.service[114898]: detected number of CPU cores: 4
Jun 11 07:48:04 ubuntu devstack@g-api.service[114898]: current working directory: /
Jun 11 07:48:04 ubuntu devstack@g-api.service[114898]: detected binary path: /usr/bin/uwsgi-core
Jun 11 07:48:04 ubuntu devstack@g-api.service[114898]: your processes number limit is 31446
Jun 11 07:48:04 ubuntu devstack@g-api.service[114898]: your memory page size is 4096 bytes
Jun 11 07:48:04 ubuntu devstack@g-api.service[114898]: detected max file descriptor number: 2048
Jun 11 07:48:04 ubuntu devstack@g-api.service[114898]: lock engine: pthread robust mutexes
Jun 11 07:48:04 ubuntu devstack@g-api.service[114898]: thunder lock: enabled
Jun 11 07:48:04 ubuntu devstack@g-api.service[114898]: uwsgi socket 0 bound to TCP address 127.0.0.1:60999 fd 4
Jun 11 07:48:04 ubuntu devstack@g-api.service[114898]: Python version: 3.12.3 (main, Mar 23 2026, 19:04:32) [GCC 13.3.0]
Jun 11 07:48:04 ubuntu devstack@g-api.service[114898]: PEP 405 virtualenv detected: /opt/stack/data/venv
Jun 11 07:48:04 ubuntu devstack@g-api.service[114898]: Set PythonHome to /opt/stack/data/venv
Jun 11 07:48:04 ubuntu devstack@g-api.service[114898]: Python main interpreter initialized at 0x77bfd8ea3668
Jun 11 07:48:04 ubuntu devstack@g-api.service[114898]: python threads support enabled
Jun 11 07:48:04 ubuntu devstack@g-api.service[114898]: your server socket listen backlog is limited to 100 connections
Jun 11 07:48:04 ubuntu devstack@g-api.service[114898]: your mercy for graceful operations on workers is 80 seconds
Jun 11 07:48:04 ubuntu devstack@g-api.service[114898]: mapped 403077 bytes (393 KB) for 2 cores
Jun 11 07:48:04 ubuntu devstack@g-api.service[114898]: *** Operational MODE: preforking ***
Jun 11 07:48:04 ubuntu devstack@g-api.service[114898]: *** uWSGI is running in multiple interpreter mode ***
Jun 11 07:48:04 ubuntu devstack@g-api.service[114898]: spawned uWSGI master process (pid: 114898)
Jun 11 07:48:04 ubuntu devstack@g-api.service[114898]: spawned uWSGI worker 1 (pid: 114899, cores: 1)
Jun 11 07:48:04 ubuntu systemd[1]: Started devstack@g-api.service - Devstack devstack@g-api.service.
Jun 11 07:48:04 ubuntu devstack@g-api.service[114898]: spawned uWSGI worker 2 (pid: 114900, cores: 1)
Jun 11 07:48:04 ubuntu devstack@g-api.service[114898]: running "unix_signal:15 gracefully_kill_them_all" (master-start)...
Jun 11 07:48:04 ubuntu devstack@g-api.service[114899]: /opt/stack/data/venv/lib/python3.12/site-packages/oslo_utils/importutils.py:77: EventletDeprecationWarning:
Jun 11 07:48:04 ubuntu devstack@g-api.service[114899]: Eventlet is deprecated. It is currently being maintained in bugfix mode, and
Jun 11 07:48:04 ubuntu devstack@g-api.service[114899]: we strongly recommend against using it for new projects.
Jun 11 07:48:04 ubuntu devstack@g-api.service[114899]: If you are already using Eventlet, we recommend migrating to a different
Jun 11 07:48:04 ubuntu devstack@g-api.service[114899]: framework.  For more detail see
Jun 11 07:48:04 ubuntu devstack@g-api.service[114899]: https://eventlet.readthedocs.io/en/latest/asyncio/migration.html
Jun 11 07:48:04 ubuntu devstack@g-api.service[114899]:   __import__(import_str)
Jun 11 07:48:04 ubuntu devstack@g-api.service[114900]: /opt/stack/data/venv/lib/python3.12/site-packages/oslo_utils/importutils.py:77: EventletDeprecationWarning:
Jun 11 07:48:04 ubuntu devstack@g-api.service[114900]: Eventlet is deprecated. It is currently being maintained in bugfix mode, and
Jun 11 07:48:04 ubuntu devstack@g-api.service[114900]: we strongly recommend against using it for new projects.
Jun 11 07:48:04 ubuntu devstack@g-api.service[114900]: If you are already using Eventlet, we recommend migrating to a different
Jun 11 07:48:04 ubuntu devstack@g-api.service[114900]: framework.  For more detail see
Jun 11 07:48:04 ubuntu devstack@g-api.service[114900]: https://eventlet.readthedocs.io/en/latest/asyncio/migration.html
Jun 11 07:48:04 ubuntu devstack@g-api.service[114900]:   __import__(import_str)
Jun 11 07:48:05 ubuntu devstack@g-api.service[114899]: INFO glance.async_ [-] Threadpool model set to 'NativeThreadPoolModel'
Jun 11 07:48:05 ubuntu devstack@g-api.service[114900]: INFO glance.async_ [-] Threadpool model set to 'NativeThreadPoolModel'
Jun 11 07:48:05 ubuntu devstack@g-api.service[114899]: DEBUG oslo_concurrency.processutils [-] Running cmd (subprocess): grep -F node.session.scan /sbin/iscsiadm {{(pid=114899) execute /opt/stack/data/venv/lib/python3.12/site-packages/oslo_concurrency/processutils.py:440}}
Jun 11 07:48:05 ubuntu devstack@g-api.service[114900]: DEBUG oslo_concurrency.processutils [-] Running cmd (subprocess): grep -F node.session.scan /sbin/iscsiadm {{(pid=114900) execute /opt/stack/data/venv/lib/python3.12/site-packages/oslo_concurrency/processutils.py:440}}
Jun 11 07:48:05 ubuntu devstack@g-api.service[114899]: DEBUG oslo_concurrency.processutils [-] CMD "grep -F node.session.scan /sbin/iscsiadm" returned: 0 in 0.017s {{(pid=114899) execute /opt/stack/data/venv/lib/python3.12/site-packages/oslo_concurrency/processutils.py:468}}
Jun 11 07:48:05 ubuntu devstack@g-api.service[114900]: DEBUG oslo_concurrency.processutils [-] CMD "grep -F node.session.scan /sbin/iscsiadm" returned: 0 in 0.010s {{(pid=114900) execute /opt/stack/data/venv/lib/python3.12/site-packages/oslo_concurrency/processutils.py:468}}
Jun 11 07:48:05 ubuntu devstack@g-api.service[114900]: DEBUG glance_store.backend [-] Attempting to import store cinder {{(pid=114900) _load_store /opt/stack/data/venv/lib/python3.12/site-packages/glance_store/backend.py:215}}
Jun 11 07:48:05 ubuntu devstack@g-api.service[114899]: DEBUG glance_store.backend [-] Attempting to import store cinder {{(pid=114899) _load_store /opt/stack/data/venv/lib/python3.12/site-packages/glance_store/backend.py:215}}
Jun 11 07:48:05 ubuntu devstack@g-api.service[114899]: DEBUG glance_store.backend [-] Attempting to import store file {{(pid=114899) _load_store /opt/stack/data/venv/lib/python3.12/site-packages/glance_store/backend.py:215}}
Jun 11 07:48:05 ubuntu devstack@g-api.service[114899]: DEBUG glance_store.backend [-] Attempting to import store glance.store.cinder.Store {{(pid=114899) _load_store /opt/stack/data/venv/lib/python3.12/site-packages/glance_store/backend.py:215}}
Jun 11 07:48:05 ubuntu devstack@g-api.service[114899]: DEBUG glance_store.backend [-] Attempting to import store glance.store.filesystem.Store {{(pid=114899) _load_store /opt/stack/data/venv/lib/python3.12/site-packages/glance_store/backend.py:215}}
Jun 11 07:48:05 ubuntu devstack@g-api.service[114899]: DEBUG glance_store.backend [-] Attempting to import store glance.store.http.Store {{(pid=114899) _load_store /opt/stack/data/venv/lib/python3.12/site-packages/glance_store/backend.py:215}}
Jun 11 07:48:05 ubuntu devstack@g-api.service[114899]: DEBUG glance_store.backend [-] Attempting to import store glance.store.rbd.Store {{(pid=114899) _load_store /opt/stack/data/venv/lib/python3.12/site-packages/glance_store/backend.py:215}}
Jun 11 07:48:05 ubuntu devstack@g-api.service[114900]: DEBUG glance_store.backend [-] Attempting to import store file {{(pid=114900) _load_store /opt/stack/data/venv/lib/python3.12/site-packages/glance_store/backend.py:215}}
Jun 11 07:48:05 ubuntu devstack@g-api.service[114899]: DEBUG glance_store.backend [-] Attempting to import store glance.store.s3.Store {{(pid=114899) _load_store /opt/stack/data/venv/lib/python3.12/site-packages/glance_store/backend.py:215}}
Jun 11 07:48:05 ubuntu devstack@g-api.service[114899]: DEBUG glance_store.backend [-] Attempting to import store glance.store.swift.Store {{(pid=114899) _load_store /opt/stack/data/venv/lib/python3.12/site-packages/glance_store/backend.py:215}}
Jun 11 07:48:05 ubuntu devstack@g-api.service[114899]: DEBUG glance_store.backend [-] Attempting to import store glance.store.vmware_datastore.Store {{(pid=114899) _load_store /opt/stack/data/venv/lib/python3.12/site-packages/glance_store/backend.py:215}}
Jun 11 07:48:05 ubuntu devstack@g-api.service[114899]: DEBUG glance_store.backend [-] Attempting to import store http {{(pid=114899) _load_store /opt/stack/data/venv/lib/python3.12/site-packages/glance_store/backend.py:215}}
Jun 11 07:48:05 ubuntu devstack@g-api.service[114899]: DEBUG glance_store.backend [-] Attempting to import store no_conf {{(pid=114899) _load_store /opt/stack/data/venv/lib/python3.12/site-packages/glance_store/backend.py:215}}
Jun 11 07:48:05 ubuntu devstack@g-api.service[114899]: DEBUG glance_store.backend [-] Attempting to import store rbd {{(pid=114899) _load_store /opt/stack/data/venv/lib/python3.12/site-packages/glance_store/backend.py:215}}
Jun 11 07:48:05 ubuntu devstack@g-api.service[114900]: DEBUG glance_store.backend [-] Attempting to import store glance.store.cinder.Store {{(pid=114900) _load_store /opt/stack/data/venv/lib/python3.12/site-packages/glance_store/backend.py:215}}
Jun 11 07:48:05 ubuntu devstack@g-api.service[114899]: DEBUG glance_store.backend [-] Attempting to import store s3 {{(pid=114899) _load_store /opt/stack/data/venv/lib/python3.12/site-packages/glance_store/backend.py:215}}
Jun 11 07:48:05 ubuntu devstack@g-api.service[114899]: DEBUG glance_store.backend [-] Attempting to import store swift {{(pid=114899) _load_store /opt/stack/data/venv/lib/python3.12/site-packages/glance_store/backend.py:215}}
Jun 11 07:48:05 ubuntu devstack@g-api.service[114899]: DEBUG glance_store.backend [-] Attempting to import store vmware {{(pid=114899) _load_store /opt/stack/data/venv/lib/python3.12/site-packages/glance_store/backend.py:215}}
Jun 11 07:48:05 ubuntu devstack@g-api.service[114899]: DEBUG glance_store.backend [-] Registering options for group glance_store {{(pid=114899) register_opts /opt/stack/data/venv/lib/python3.12/site-packages/glance_store/backend.py:144}}
Jun 11 07:48:05 ubuntu devstack@g-api.service[114900]: DEBUG glance_store.backend [-] Attempting to import store glance.store.filesystem.Store {{(pid=114900) _load_store /opt/stack/data/venv/lib/python3.12/site-packages/glance_store/backend.py:215}}
Jun 11 07:48:05 ubuntu devstack@g-api.service[114899]: DEBUG glance_store.backend [-] Registering options for group glance_store {{(pid=114899) register_opts /opt/stack/data/venv/lib/python3.12/site-packages/glance_store/backend.py:144}}
Jun 11 07:48:05 ubuntu devstack@g-api.service[114900]: DEBUG glance_store.backend [-] Attempting to import store glance.store.http.Store {{(pid=114900) _load_store /opt/stack/data/venv/lib/python3.12/site-packages/glance_store/backend.py:215}}
Jun 11 07:48:05 ubuntu devstack@g-api.service[114900]: DEBUG glance_store.backend [-] Attempting to import store glance.store.rbd.Store {{(pid=114900) _load_store /opt/stack/data/venv/lib/python3.12/site-packages/glance_store/backend.py:215}}
Jun 11 07:48:05 ubuntu devstack@g-api.service[114900]: DEBUG glance_store.backend [-] Attempting to import store glance.store.s3.Store {{(pid=114900) _load_store /opt/stack/data/venv/lib/python3.12/site-packages/glance_store/backend.py:215}}
Jun 11 07:48:05 ubuntu devstack@g-api.service[114899]: DEBUG glance_store.backend [-] Attempting to import store file {{(pid=114899) _load_store /opt/stack/data/venv/lib/python3.12/site-packages/glance_store/backend.py:215}}
Jun 11 07:48:05 ubuntu devstack@g-api.service[114900]: DEBUG glance_store.backend [-] Attempting to import store glance.store.swift.Store {{(pid=114900) _load_store /opt/stack/data/venv/lib/python3.12/site-packages/glance_store/backend.py:215}}
Jun 11 07:48:05 ubuntu devstack@g-api.service[114900]: DEBUG glance_store.backend [-] Attempting to import store glance.store.vmware_datastore.Store {{(pid=114900) _load_store /opt/stack/data/venv/lib/python3.12/site-packages/glance_store/backend.py:215}}
Jun 11 07:48:05 ubuntu devstack@g-api.service[114900]: DEBUG glance_store.backend [-] Attempting to import store http {{(pid=114900) _load_store /opt/stack/data/venv/lib/python3.12/site-packages/glance_store/backend.py:215}}
Jun 11 07:48:05 ubuntu devstack@g-api.service[114900]: DEBUG glance_store.backend [-] Attempting to import store no_conf {{(pid=114900) _load_store /opt/stack/data/venv/lib/python3.12/site-packages/glance_store/backend.py:215}}
Jun 11 07:48:05 ubuntu devstack@g-api.service[114900]: DEBUG glance_store.backend [-] Attempting to import store rbd {{(pid=114900) _load_store /opt/stack/data/venv/lib/python3.12/site-packages/glance_store/backend.py:215}}
Jun 11 07:48:05 ubuntu devstack@g-api.service[114900]: DEBUG glance_store.backend [-] Attempting to import store s3 {{(pid=114900) _load_store /opt/stack/data/venv/lib/python3.12/site-packages/glance_store/backend.py:215}}
Jun 11 07:48:05 ubuntu devstack@g-api.service[114900]: DEBUG glance_store.backend [-] Attempting to import store swift {{(pid=114900) _load_store /opt/stack/data/venv/lib/python3.12/site-packages/glance_store/backend.py:215}}
Jun 11 07:48:05 ubuntu devstack@g-api.service[114900]: DEBUG glance_store.backend [-] Attempting to import store vmware {{(pid=114900) _load_store /opt/stack/data/venv/lib/python3.12/site-packages/glance_store/backend.py:215}}
Jun 11 07:48:05 ubuntu devstack@g-api.service[114900]: DEBUG glance_store.backend [-] Registering options for group glance_store {{(pid=114900) register_opts /opt/stack/data/venv/lib/python3.12/site-packages/glance_store/backend.py:144}}
Jun 11 07:48:05 ubuntu devstack@g-api.service[114900]: DEBUG glance_store.backend [-] Registering options for group glance_store {{(pid=114900) register_opts /opt/stack/data/venv/lib/python3.12/site-packages/glance_store/backend.py:144}}
Jun 11 07:48:05 ubuntu devstack@g-api.service[114899]: DEBUG glance_store.capabilities [-] Store glance_store._drivers.filesystem.Store doesn't support updating dynamic storage capabilities. Please overwrite 'update_capabilities' method of the store to implement updating logics if needed. {{(pid=114899) update_capabilities /opt/stack/data/venv/lib/python3.12/site-packages/glance_store/capabilities.py:91}}
Jun 11 07:48:05 ubuntu devstack@g-api.service[114899]: DEBUG glance_store.backend [-] Registering store file with schemes ('file', 'filesystem') {{(pid=114899) create_stores /opt/stack/data/venv/lib/python3.12/site-packages/glance_store/backend.py:261}}
Jun 11 07:48:05 ubuntu devstack@g-api.service[114899]: DEBUG glance_store.driver [-] Late loading location class glance_store._drivers.filesystem.StoreLocation {{(pid=114899) get_store_location_class /opt/stack/data/venv/lib/python3.12/site-packages/glance_store/driver.py:134}}
Jun 11 07:48:05 ubuntu devstack@g-api.service[114900]: DEBUG glance_store.backend [-] Attempting to import store file {{(pid=114900) _load_store /opt/stack/data/venv/lib/python3.12/site-packages/glance_store/backend.py:215}}
Jun 11 07:48:05 ubuntu devstack@g-api.service[114899]: DEBUG glance_store.location [-] Registering scheme file with {'store': <glance_store._drivers.filesystem.Store object at 0x77bfd43c9760>, 'location_class': <class 'glance_store._drivers.filesystem.StoreLocation'>, 'store_entry': 'file'} {{(pid=114899) register_scheme_map /opt/stack/data/venv/lib/python3.12/site-packages/glance_store/location.py:146}}
Jun 11 07:48:05 ubuntu devstack@g-api.service[114899]: DEBUG glance_store.location [-] Registering scheme filesystem with {'store': <glance_store._drivers.filesystem.Store object at 0x77bfd43c9760>, 'location_class': <class 'glance_store._drivers.filesystem.StoreLocation'>, 'store_entry': 'file'} {{(pid=114899) register_scheme_map /opt/stack/data/venv/lib/python3.12/site-packages/glance_store/location.py:146}}
Jun 11 07:48:05 ubuntu devstack@g-api.service[114899]: DEBUG glance_store.backend [-] Attempting to import store http {{(pid=114899) _load_store /opt/stack/data/venv/lib/python3.12/site-packages/glance_store/backend.py:215}}
Jun 11 07:48:05 ubuntu devstack@g-api.service[114899]: DEBUG glance_store.capabilities [-] Store glance_store._drivers.http.Store doesn't support updating dynamic storage capabilities. Please overwrite 'update_capabilities' method of the store to implement updating logics if needed. {{(pid=114899) update_capabilities /opt/stack/data/venv/lib/python3.12/site-packages/glance_store/capabilities.py:91}}
Jun 11 07:48:05 ubuntu devstack@g-api.service[114899]: DEBUG glance_store.backend [-] Registering store http with schemes ('http', 'https') {{(pid=114899) create_stores /opt/stack/data/venv/lib/python3.12/site-packages/glance_store/backend.py:261}}
Jun 11 07:48:05 ubuntu devstack@g-api.service[114899]: DEBUG glance_store.driver [-] Late loading location class glance_store._drivers.http.StoreLocation {{(pid=114899) get_store_location_class /opt/stack/data/venv/lib/python3.12/site-packages/glance_store/driver.py:134}}
Jun 11 07:48:05 ubuntu devstack@g-api.service[114899]: DEBUG glance_store.location [-] Registering scheme http with {'store': <glance_store._drivers.http.Store object at 0x77bfd46db5f0>, 'location_class': <class 'glance_store._drivers.http.StoreLocation'>, 'store_entry': 'http'} {{(pid=114899) register_scheme_map /opt/stack/data/venv/lib/python3.12/site-packages/glance_store/location.py:146}}
Jun 11 07:48:05 ubuntu devstack@g-api.service[114899]: DEBUG glance_store.location [-] Registering scheme https with {'store': <glance_store._drivers.http.Store object at 0x77bfd46db5f0>, 'location_class': <class 'glance_store._drivers.http.StoreLocation'>, 'store_entry': 'http'} {{(pid=114899) register_scheme_map /opt/stack/data/venv/lib/python3.12/site-packages/glance_store/location.py:146}}
Jun 11 07:48:05 ubuntu devstack@g-api.service[114899]: DEBUG glance.sqlite_migration [-] SQLite caching database not located, skipping migration {{(pid=114899) get_db_path /opt/stack/glance/glance/sqlite_migration.py:68}}
Jun 11 07:48:05 ubuntu devstack@g-api.service[114899]: WARNING glance.common.wsgi_app [-] Import methods are enabled but staging directory /tmp/staging/ does not exist; Imports will fail!
Jun 11 07:48:05 ubuntu devstack@g-api.service[114900]: DEBUG glance_store.capabilities [-] Store glance_store._drivers.filesystem.Store doesn't support updating dynamic storage capabilities. Please overwrite 'update_capabilities' method of the store to implement updating logics if needed. {{(pid=114900) update_capabilities /opt/stack/data/venv/lib/python3.12/site-packages/glance_store/capabilities.py:91}}
Jun 11 07:48:05 ubuntu devstack@g-api.service[114900]: DEBUG glance_store.backend [-] Registering store file with schemes ('file', 'filesystem') {{(pid=114900) create_stores /opt/stack/data/venv/lib/python3.12/site-packages/glance_store/backend.py:261}}
Jun 11 07:48:05 ubuntu devstack@g-api.service[114900]: DEBUG glance_store.driver [-] Late loading location class glance_store._drivers.filesystem.StoreLocation {{(pid=114900) get_store_location_class /opt/stack/data/venv/lib/python3.12/site-packages/glance_store/driver.py:134}}
Jun 11 07:48:05 ubuntu devstack@g-api.service[114900]: DEBUG glance_store.location [-] Registering scheme file with {'store': <glance_store._drivers.filesystem.Store object at 0x77bfd5a483b0>, 'location_class': <class 'glance_store._drivers.filesystem.StoreLocation'>, 'store_entry': 'file'} {{(pid=114900) register_scheme_map /opt/stack/data/venv/lib/python3.12/site-packages/glance_store/location.py:146}}
Jun 11 07:48:05 ubuntu devstack@g-api.service[114900]: DEBUG glance_store.location [-] Registering scheme filesystem with {'store': <glance_store._drivers.filesystem.Store object at 0x77bfd5a483b0>, 'location_class': <class 'glance_store._drivers.filesystem.StoreLocation'>, 'store_entry': 'file'} {{(pid=114900) register_scheme_map /opt/stack/data/venv/lib/python3.12/site-packages/glance_store/location.py:146}}
Jun 11 07:48:05 ubuntu devstack@g-api.service[114900]: DEBUG glance_store.backend [-] Attempting to import store http {{(pid=114900) _load_store /opt/stack/data/venv/lib/python3.12/site-packages/glance_store/backend.py:215}}
Jun 11 07:48:05 ubuntu devstack@g-api.service[114900]: DEBUG glance_store.capabilities [-] Store glance_store._drivers.http.Store doesn't support updating dynamic storage capabilities. Please overwrite 'update_capabilities' method of the store to implement updating logics if needed. {{(pid=114900) update_capabilities /opt/stack/data/venv/lib/python3.12/site-packages/glance_store/capabilities.py:91}}
Jun 11 07:48:05 ubuntu devstack@g-api.service[114900]: DEBUG glance_store.backend [-] Registering store http with schemes ('http', 'https') {{(pid=114900) create_stores /opt/stack/data/venv/lib/python3.12/site-packages/glance_store/backend.py:261}}
Jun 11 07:48:05 ubuntu devstack@g-api.service[114900]: DEBUG glance_store.driver [-] Late loading location class glance_store._drivers.http.StoreLocation {{(pid=114900) get_store_location_class /opt/stack/data/venv/lib/python3.12/site-packages/glance_store/driver.py:134}}
Jun 11 07:48:05 ubuntu devstack@g-api.service[114900]: DEBUG glance_store.location [-] Registering scheme http with {'store': <glance_store._drivers.http.Store object at 0x77bfd3f41fa0>, 'location_class': <class 'glance_store._drivers.http.StoreLocation'>, 'store_entry': 'http'} {{(pid=114900) register_scheme_map /opt/stack/data/venv/lib/python3.12/site-packages/glance_store/location.py:146}}
Jun 11 07:48:05 ubuntu devstack@g-api.service[114900]: DEBUG glance_store.location [-] Registering scheme https with {'store': <glance_store._drivers.http.Store object at 0x77bfd3f41fa0>, 'location_class': <class 'glance_store._drivers.http.StoreLocation'>, 'store_entry': 'http'} {{(pid=114900) register_scheme_map /opt/stack/data/venv/lib/python3.12/site-packages/glance_store/location.py:146}}
Jun 11 07:48:05 ubuntu devstack@g-api.service[114900]: DEBUG glance.sqlite_migration [-] SQLite caching database not located, skipping migration {{(pid=114900) get_db_path /opt/stack/glance/glance/sqlite_migration.py:68}}
Jun 11 07:48:05 ubuntu devstack@g-api.service[114900]: WARNING glance.common.wsgi_app [-] Import methods are enabled but staging directory /tmp/staging/ does not exist; Imports will fail!
Jun 11 07:48:06 ubuntu devstack@g-api.service[114900]: DEBUG glance.common.config [None req-55287bf2-9f9f-4429-9c68-f194d2bfcfb8 None None] Loading glance-api-keystone+cachemanagement from /etc/glance/glance-api-paste.ini {{(pid=114900) load_paste_app /opt/stack/glance/glance/common/config.py:758}}
Jun 11 07:48:06 ubuntu devstack@g-api.service[114899]: DEBUG glance.common.config [None req-b5cccfb4-31f2-414e-b01e-6f9d03d4e9dc None None] Loading glance-api-keystone+cachemanagement from /etc/glance/glance-api-paste.ini {{(pid=114899) load_paste_app /opt/stack/glance/glance/common/config.py:758}}
Jun 11 07:48:06 ubuntu devstack@g-api.service[114900]: INFO glance.image_cache [None req-55287bf2-9f9f-4429-9c68-f194d2bfcfb8 None None] Image cache loaded driver 'centralized_db'.
Jun 11 07:48:06 ubuntu devstack@g-api.service[114899]: INFO glance.image_cache [None req-b5cccfb4-31f2-414e-b01e-6f9d03d4e9dc None None] Image cache loaded driver 'centralized_db'.
Jun 11 07:48:06 ubuntu devstack@g-api.service[114900]: INFO dbcounter [None req-55287bf2-9f9f-4429-9c68-f194d2bfcfb8 None None] Registered counter for database glance
Jun 11 07:48:06 ubuntu devstack@g-api.service[114899]: INFO dbcounter [None req-b5cccfb4-31f2-414e-b01e-6f9d03d4e9dc None None] Registered counter for database glance
Jun 11 07:48:06 ubuntu devstack@g-api.service[114900]: DEBUG oslo_db.sqlalchemy.engines [None req-55287bf2-9f9f-4429-9c68-f194d2bfcfb8 None None] MySQL server mode set to STRICT_TRANS_TABLES,STRICT_ALL_TABLES,NO_ZERO_IN_DATE,NO_ZERO_DATE,ERROR_FOR_DIVISION_BY_ZERO,TRADITIONAL,NO_ENGINE_SUBSTITUTION {{(pid=114900) _check_effective_sql_mode /opt/stack/data/venv/lib/python3.12/site-packages/oslo_db/sqlalchemy/engines.py:325}}
Jun 11 07:48:06 ubuntu devstack@g-api.service[114899]: DEBUG oslo_db.sqlalchemy.engines [None req-b5cccfb4-31f2-414e-b01e-6f9d03d4e9dc None None] MySQL server mode set to STRICT_TRANS_TABLES,STRICT_ALL_TABLES,NO_ZERO_IN_DATE,NO_ZERO_DATE,ERROR_FOR_DIVISION_BY_ZERO,TRADITIONAL,NO_ENGINE_SUBSTITUTION {{(pid=114899) _check_effective_sql_mode /opt/stack/data/venv/lib/python3.12/site-packages/oslo_db/sqlalchemy/engines.py:325}}
Jun 11 07:48:06 ubuntu devstack@g-api.service[114900]: DEBUG dbcounter [-] [114900] Writer thread running {{(pid=114900) stat_writer /opt/stack/data/venv/lib/python3.12/site-packages/dbcounter.py:102}}
Jun 11 07:48:06 ubuntu devstack@g-api.service[114899]: DEBUG dbcounter [-] [114899] Writer thread running {{(pid=114899) stat_writer /opt/stack/data/venv/lib/python3.12/site-packages/dbcounter.py:102}}
Jun 11 07:48:06 ubuntu devstack@g-api.service[114899]: DEBUG glance.image_cache.drivers.centralized_db [None req-b5cccfb4-31f2-414e-b01e-6f9d03d4e9dc None None] Node reference is already recorded, ignoring it {{(pid=114899) configure /opt/stack/glance/glance/image_cache/drivers/centralized_db.py:71}}
Jun 11 07:48:06 ubuntu devstack@g-api.service[114900]: INFO glance.image_cache [None req-55287bf2-9f9f-4429-9c68-f194d2bfcfb8 None None] Image cache loaded driver 'centralized_db'.
Jun 11 07:48:06 ubuntu devstack@g-api.service[114899]: INFO glance.image_cache [None req-b5cccfb4-31f2-414e-b01e-6f9d03d4e9dc None None] Image cache loaded driver 'centralized_db'.
Jun 11 07:48:06 ubuntu devstack@g-api.service[114900]: DEBUG glance.image_cache.drivers.centralized_db [None req-55287bf2-9f9f-4429-9c68-f194d2bfcfb8 None None] Node reference is already recorded, ignoring it {{(pid=114900) configure /opt/stack/glance/glance/image_cache/drivers/centralized_db.py:71}}
Jun 11 07:48:06 ubuntu devstack@g-api.service[114899]: DEBUG glance.image_cache.drivers.centralized_db [None req-b5cccfb4-31f2-414e-b01e-6f9d03d4e9dc None None] Node reference is already recorded, ignoring it {{(pid=114899) configure /opt/stack/glance/glance/image_cache/drivers/centralized_db.py:71}}
Jun 11 07:48:06 ubuntu devstack@g-api.service[114900]: DEBUG glance.api.v2.cached_images [None req-55287bf2-9f9f-4429-9c68-f194d2bfcfb8 None None] Started cache worker thread {{(pid=114900) __init__ /opt/stack/glance/glance/api/v2/cached_images.py:69}}
Jun 11 07:48:06 ubuntu devstack@g-api.service[114900]: INFO glance.image_cache [None req-55287bf2-9f9f-4429-9c68-f194d2bfcfb8 None None] Image cache loaded driver 'centralized_db'.
Jun 11 07:48:06 ubuntu devstack@g-api.service[114899]: DEBUG glance.api.v2.cached_images [None req-b5cccfb4-31f2-414e-b01e-6f9d03d4e9dc None None] Started cache worker thread {{(pid=114899) __init__ /opt/stack/glance/glance/api/v2/cached_images.py:69}}
Jun 11 07:48:06 ubuntu devstack@g-api.service[114899]: INFO glance.image_cache [None req-b5cccfb4-31f2-414e-b01e-6f9d03d4e9dc None None] Image cache loaded driver 'centralized_db'.
Jun 11 07:48:06 ubuntu devstack@g-api.service[114900]: DEBUG glance.image_cache.drivers.centralized_db [None req-55287bf2-9f9f-4429-9c68-f194d2bfcfb8 None None] Node reference is already recorded, ignoring it {{(pid=114900) configure /opt/stack/glance/glance/image_cache/drivers/centralized_db.py:71}}
Jun 11 07:48:06 ubuntu devstack@g-api.service[114899]: DEBUG glance.image_cache.drivers.centralized_db [None req-b5cccfb4-31f2-414e-b01e-6f9d03d4e9dc None None] Node reference is already recorded, ignoring it {{(pid=114899) configure /opt/stack/glance/glance/image_cache/drivers/centralized_db.py:71}}
Jun 11 07:48:06 ubuntu devstack@g-api.service[114900]: INFO glance.api.middleware.cache_manage [None req-55287bf2-9f9f-4429-9c68-f194d2bfcfb8 None None] Initialized image cache management middleware
Jun 11 07:48:06 ubuntu devstack@g-api.service[114900]: INFO glance.image_cache [None req-55287bf2-9f9f-4429-9c68-f194d2bfcfb8 None None] Image cache loaded driver 'centralized_db'.
Jun 11 07:48:06 ubuntu devstack@g-api.service[114899]: INFO glance.api.middleware.cache_manage [None req-b5cccfb4-31f2-414e-b01e-6f9d03d4e9dc None None] Initialized image cache management middleware
Jun 11 07:48:06 ubuntu devstack@g-api.service[114899]: INFO glance.image_cache [None req-b5cccfb4-31f2-414e-b01e-6f9d03d4e9dc None None] Image cache loaded driver 'centralized_db'.
Jun 11 07:48:06 ubuntu devstack@g-api.service[114900]: DEBUG glance.image_cache.drivers.centralized_db [None req-55287bf2-9f9f-4429-9c68-f194d2bfcfb8 None None] Node reference is already recorded, ignoring it {{(pid=114900) configure /opt/stack/glance/glance/image_cache/drivers/centralized_db.py:71}}
Jun 11 07:48:06 ubuntu devstack@g-api.service[114900]: INFO glance.api.middleware.cache [None req-55287bf2-9f9f-4429-9c68-f194d2bfcfb8 None None] Initialized image cache middleware
Jun 11 07:48:06 ubuntu devstack@g-api.service[114899]: DEBUG glance.image_cache.drivers.centralized_db [None req-b5cccfb4-31f2-414e-b01e-6f9d03d4e9dc None None] Node reference is already recorded, ignoring it {{(pid=114899) configure /opt/stack/glance/glance/image_cache/drivers/centralized_db.py:71}}
Jun 11 07:48:06 ubuntu devstack@g-api.service[114899]: INFO glance.api.middleware.cache [None req-b5cccfb4-31f2-414e-b01e-6f9d03d4e9dc None None] Initialized image cache middleware
Jun 11 07:48:07 ubuntu devstack@g-api.service[114900]: DEBUG glance.common.config [None req-55287bf2-9f9f-4429-9c68-f194d2bfcfb8 None None] ******************************************************************************** {{(pid=114900) log_opt_values /opt/stack/data/venv/lib/python3.12/site-packages/oslo_config/cfg.py:3229}}
Jun 11 07:48:07 ubuntu devstack@g-api.service[114900]: DEBUG glance.common.config [None req-55287bf2-9f9f-4429-9c68-f194d2bfcfb8 None None] Configuration options gathered from: {{(pid=114900) log_opt_values /opt/stack/data/venv/lib/python3.12/site-packages/oslo_config/cfg.py:3230}}
Jun 11 07:48:07 ubuntu devstack@g-api.service[114900]: DEBUG glance.common.config [None req-55287bf2-9f9f-4429-9c68-f194d2bfcfb8 None None] command line args: [] {{(pid=114900) log_opt_values /opt/stack/data/venv/lib/python3.12/site-packages/oslo_config/cfg.py:3231}}
Jun 11 07:48:07 ubuntu devstack@g-api.service[114900]: DEBUG glance.common.config [None req-55287bf2-9f9f-4429-9c68-f194d2bfcfb8 None None] config files: ['/etc/glance/glance-image-import.conf', '/etc/glance/glance-api.conf'] {{(pid=114900) log_opt_values /opt/stack/data/venv/lib/python3.12/site-packages/oslo_config/cfg.py:3232}}
Jun 11 07:48:07 ubuntu devstack@g-api.service[114900]: DEBUG glance.common.config [None req-55287bf2-9f9f-4429-9c68-f194d2bfcfb8 None None] ================================================================================ {{(pid=114900) log_opt_values /opt/stack/data/venv/lib/python3.12/site-packages/oslo_config/cfg.py:3237}}
Jun 11 07:48:07 ubuntu devstack@g-api.service[114900]: DEBUG glance.common.config [None req-55287bf2-9f9f-4429-9c68-f194d2bfcfb8 None None] allow_anonymous_access         = False {{(pid=114900) log_opt_values /opt/stack/data/venv/lib/python3.12/site-packages/oslo_config/cfg.py:3245}}
Jun 11 07:48:07 ubuntu devstack@g-api.service[114900]: DEBUG glance.common.config [None req-55287bf2-9f9f-4429-9c68-f194d2bfcfb8 None None] api_limit_max                  = 1000 {{(pid=114900) log_opt_values /opt/stack/data/venv/lib/python3.12/site-packages/oslo_config/cfg.py:3245}}
Jun 11 07:48:07 ubuntu devstack@g-api.service[114900]: DEBUG glance.common.config [None req-55287bf2-9f9f-4429-9c68-f194d2bfcfb8 None None] backlog                        = 4096 {{(pid=114900) log_opt_values /opt/stack/data/venv/lib/python3.12/site-packages/oslo_config/cfg.py:3245}}
Jun 11 07:48:07 ubuntu devstack@g-api.service[114900]: DEBUG glance.common.config [None req-55287bf2-9f9f-4429-9c68-f194d2bfcfb8 None None] bind_host                      = 0.0.0.0 {{(pid=114900) log_opt_values /opt/stack/data/venv/lib/python3.12/site-packages/oslo_config/cfg.py:3245}}
Jun 11 07:48:07 ubuntu devstack@g-api.service[114900]: DEBUG glance.common.config [None req-55287bf2-9f9f-4429-9c68-f194d2bfcfb8 None None] bind_port                      = None {{(pid=114900) log_opt_values /opt/stack/data/venv/lib/python3.12/site-packages/oslo_config/cfg.py:3245}}
Jun 11 07:48:07 ubuntu devstack@g-api.service[114900]: DEBUG glance.common.config [None req-55287bf2-9f9f-4429-9c68-f194d2bfcfb8 None None] client_socket_timeout          = 900 {{(pid=114900) log_opt_values /opt/stack/data/venv/lib/python3.12/site-packages/oslo_config/cfg.py:3245}}
Jun 11 07:48:07 ubuntu devstack@g-api.service[114900]: DEBUG glance.common.config [None req-55287bf2-9f9f-4429-9c68-f194d2bfcfb8 None None] config_dir                     = [] {{(pid=114900) log_opt_values /opt/stack/data/venv/lib/python3.12/site-packages/oslo_config/cfg.py:3245}}
Jun 11 07:48:07 ubuntu devstack@g-api.service[114900]: DEBUG glance.common.config [None req-55287bf2-9f9f-4429-9c68-f194d2bfcfb8 None None] config_file                    = ['/etc/glance/glance-image-import.conf', '/etc/glance/glance-api.conf'] {{(pid=114900) log_opt_values /opt/stack/data/venv/lib/python3.12/site-packages/oslo_config/cfg.py:3245}}
Jun 11 07:48:07 ubuntu devstack@g-api.service[114900]: DEBUG glance.common.config [None req-55287bf2-9f9f-4429-9c68-f194d2bfcfb8 None None] config_source                  = [] {{(pid=114900) log_opt_values /opt/stack/data/venv/lib/python3.12/site-packages/oslo_config/cfg.py:3245}}
Jun 11 07:48:07 ubuntu devstack@g-api.service[114900]: DEBUG glance.common.config [None req-55287bf2-9f9f-4429-9c68-f194d2bfcfb8 None None] control_exchange               = glance {{(pid=114900) log_opt_values /opt/stack/data/venv/lib/python3.12/site-packages/oslo_config/cfg.py:3245}}
Jun 11 07:48:07 ubuntu devstack@g-api.service[114900]: DEBUG glance.common.config [None req-55287bf2-9f9f-4429-9c68-f194d2bfcfb8 None None] debug                          = True {{(pid=114900) log_opt_values /opt/stack/data/venv/lib/python3.12/site-packages/oslo_config/cfg.py:3245}}
Jun 11 07:48:07 ubuntu devstack@g-api.service[114900]: DEBUG glance.common.config [None req-55287bf2-9f9f-4429-9c68-f194d2bfcfb8 None None] default_log_levels             = ['amqp=WARN', 'boto=WARN', 'sqlalchemy=WARN', 'suds=INFO', 'oslo.messaging=INFO', 'oslo_messaging=INFO', 'iso8601=WARN', 'requests.packages.urllib3.connectionpool=WARN', 'urllib3.connectionpool=WARN', 'websocket=WARN', 'requests.packages.urllib3.util.retry=WARN', 'urllib3.util.retry=WARN', 'keystonemiddleware=WARN', 'routes.middleware=WARN', 'stevedore=WARN', 'taskflow=WARN', 'keystoneauth=WARN', 'oslo.cache=INFO', 'oslo_policy=INFO', 'dogpile.core.dogpile=INFO'] {{(pid=114900) log_opt_values /opt/stack/data/venv/lib/python3.12/site-packages/oslo_config/cfg.py:3245}}
Jun 11 07:48:07 ubuntu devstack@g-api.service[114900]: DEBUG glance.common.config [None req-55287bf2-9f9f-4429-9c68-f194d2bfcfb8 None None] default_publisher_id           = image.localhost {{(pid=114900) log_opt_values /opt/stack/data/venv/lib/python3.12/site-packages/oslo_config/cfg.py:3245}}
Jun 11 07:48:07 ubuntu devstack@g-api.service[114900]: DEBUG glance.common.config [None req-55287bf2-9f9f-4429-9c68-f194d2bfcfb8 None None] delayed_delete                 = False {{(pid=114900) log_opt_values /opt/stack/data/venv/lib/python3.12/site-packages/oslo_config/cfg.py:3245}}
Jun 11 07:48:07 ubuntu devstack@g-api.service[114900]: DEBUG glance.common.config [None req-55287bf2-9f9f-4429-9c68-f194d2bfcfb8 None None] digest_algorithm               = sha256 {{(pid=114900) log_opt_values /opt/stack/data/venv/lib/python3.12/site-packages/oslo_config/cfg.py:3245}}
Jun 11 07:48:07 ubuntu devstack@g-api.service[114900]: DEBUG glance.common.config [None req-55287bf2-9f9f-4429-9c68-f194d2bfcfb8 None None] disabled_notifications         = [] {{(pid=114900) log_opt_values /opt/stack/data/venv/lib/python3.12/site-packages/oslo_config/cfg.py:3245}}
Jun 11 07:48:07 ubuntu devstack@g-api.service[114900]: DEBUG glance.common.config [None req-55287bf2-9f9f-4429-9c68-f194d2bfcfb8 None None] do_secure_hash                 = True {{(pid=114900) log_opt_values /opt/stack/data/venv/lib/python3.12/site-packages/oslo_config/cfg.py:3245}}
Jun 11 07:48:07 ubuntu devstack@g-api.service[114900]: DEBUG glance.common.config [None req-55287bf2-9f9f-4429-9c68-f194d2bfcfb8 None None] enabled_backends               = None {{(pid=114900) log_opt_values /opt/stack/data/venv/lib/python3.12/site-packages/oslo_config/cfg.py:3245}}
Jun 11 07:48:07 ubuntu devstack@g-api.service[114900]: DEBUG glance.common.config [None req-55287bf2-9f9f-4429-9c68-f194d2bfcfb8 None None] enabled_import_methods         = ['glance-direct', 'web-download', 'copy-image'] {{(pid=114900) log_opt_values /opt/stack/data/venv/lib/python3.12/site-packages/oslo_config/cfg.py:3245}}
Jun 11 07:48:07 ubuntu devstack@g-api.service[114900]: DEBUG glance.common.config [None req-55287bf2-9f9f-4429-9c68-f194d2bfcfb8 None None] hashing_algorithm              = sha512 {{(pid=114900) log_opt_values /opt/stack/data/venv/lib/python3.12/site-packages/oslo_config/cfg.py:3245}}
Jun 11 07:48:07 ubuntu devstack@g-api.service[114900]: DEBUG glance.common.config [None req-55287bf2-9f9f-4429-9c68-f194d2bfcfb8 None None] http_keepalive                 = True {{(pid=114900) log_opt_values /opt/stack/data/venv/lib/python3.12/site-packages/oslo_config/cfg.py:3245}}
Jun 11 07:48:07 ubuntu devstack@g-api.service[114900]: DEBUG glance.common.config [None req-55287bf2-9f9f-4429-9c68-f194d2bfcfb8 None None] http_retries                   = 3 {{(pid=114900) log_opt_values /opt/stack/data/venv/lib/python3.12/site-packages/oslo_config/cfg.py:3245}}
Jun 11 07:48:07 ubuntu devstack@g-api.service[114900]: DEBUG glance.common.config [None req-55287bf2-9f9f-4429-9c68-f194d2bfcfb8 None None] image_cache_dir                = /opt/stack/data/glance/cache/ {{(pid=114900) log_opt_values /opt/stack/data/venv/lib/python3.12/site-packages/oslo_config/cfg.py:3245}}
Jun 11 07:48:07 ubuntu devstack@g-api.service[114900]: DEBUG glance.common.config [None req-55287bf2-9f9f-4429-9c68-f194d2bfcfb8 None None] image_cache_driver             = centralized_db {{(pid=114900) log_opt_values /opt/stack/data/venv/lib/python3.12/site-packages/oslo_config/cfg.py:3245}}
Jun 11 07:48:07 ubuntu devstack@g-api.service[114900]: DEBUG glance.common.config [None req-55287bf2-9f9f-4429-9c68-f194d2bfcfb8 None None] image_cache_max_size           = 10737418240 {{(pid=114900) log_opt_values /opt/stack/data/venv/lib/python3.12/site-packages/oslo_config/cfg.py:3245}}
Jun 11 07:48:07 ubuntu devstack@g-api.service[114900]: DEBUG glance.common.config [None req-55287bf2-9f9f-4429-9c68-f194d2bfcfb8 None None] image_cache_sqlite_db          = cache.db {{(pid=114900) log_opt_values /opt/stack/data/venv/lib/python3.12/site-packages/oslo_config/cfg.py:3245}}
Jun 11 07:48:07 ubuntu devstack@g-api.service[114900]: DEBUG glance.common.config [None req-55287bf2-9f9f-4429-9c68-f194d2bfcfb8 None None] image_cache_stall_time         = 86400 {{(pid=114900) log_opt_values /opt/stack/data/venv/lib/python3.12/site-packages/oslo_config/cfg.py:3245}}
Jun 11 07:48:07 ubuntu devstack@g-api.service[114900]: DEBUG glance.common.config [None req-55287bf2-9f9f-4429-9c68-f194d2bfcfb8 None None] image_location_quota           = 10 {{(pid=114900) log_opt_values /opt/stack/data/venv/lib/python3.12/site-packages/oslo_config/cfg.py:3245}}
Jun 11 07:48:07 ubuntu devstack@g-api.service[114900]: DEBUG glance.common.config [None req-55287bf2-9f9f-4429-9c68-f194d2bfcfb8 None None] image_member_quota             = 128 {{(pid=114900) log_opt_values /opt/stack/data/venv/lib/python3.12/site-packages/oslo_config/cfg.py:3245}}
Jun 11 07:48:07 ubuntu devstack@g-api.service[114900]: DEBUG glance.common.config [None req-55287bf2-9f9f-4429-9c68-f194d2bfcfb8 None None] image_property_quota           = 128 {{(pid=114900) log_opt_values /opt/stack/data/venv/lib/python3.12/site-packages/oslo_config/cfg.py:3245}}
Jun 11 07:48:07 ubuntu devstack@g-api.service[114900]: DEBUG glance.common.config [None req-55287bf2-9f9f-4429-9c68-f194d2bfcfb8 None None] image_size_cap                 = 1099511627776 {{(pid=114900) log_opt_values /opt/stack/data/venv/lib/python3.12/site-packages/oslo_config/cfg.py:3245}}
Jun 11 07:48:07 ubuntu devstack@g-api.service[114900]: DEBUG glance.common.config [None req-55287bf2-9f9f-4429-9c68-f194d2bfcfb8 None None] image_tag_quota                = 128 {{(pid=114900) log_opt_values /opt/stack/data/venv/lib/python3.12/site-packages/oslo_config/cfg.py:3245}}
Jun 11 07:48:07 ubuntu devstack@g-api.service[114900]: DEBUG glance.common.config [None req-55287bf2-9f9f-4429-9c68-f194d2bfcfb8 None None] instance_format                = [instance: %(uuid)s]  {{(pid=114900) log_opt_values /opt/stack/data/venv/lib/python3.12/site-packages/oslo_config/cfg.py:3245}}
Jun 11 07:48:07 ubuntu devstack@g-api.service[114900]: DEBUG glance.common.config [None req-55287bf2-9f9f-4429-9c68-f194d2bfcfb8 None None] instance_uuid_format           = [instance: %(uuid)s]  {{(pid=114900) log_opt_values /opt/stack/data/venv/lib/python3.12/site-packages/oslo_config/cfg.py:3245}}
Jun 11 07:48:07 ubuntu devstack@g-api.service[114900]: DEBUG glance.common.config [None req-55287bf2-9f9f-4429-9c68-f194d2bfcfb8 None None] limit_param_default            = 25 {{(pid=114900) log_opt_values /opt/stack/data/venv/lib/python3.12/site-packages/oslo_config/cfg.py:3245}}
Jun 11 07:48:07 ubuntu devstack@g-api.service[114900]: DEBUG glance.common.config [None req-55287bf2-9f9f-4429-9c68-f194d2bfcfb8 None None] log_color                      = True {{(pid=114900) log_opt_values /opt/stack/data/venv/lib/python3.12/site-packages/oslo_config/cfg.py:3245}}
Jun 11 07:48:07 ubuntu devstack@g-api.service[114900]: DEBUG glance.common.config [None req-55287bf2-9f9f-4429-9c68-f194d2bfcfb8 None None] log_config_append              = None {{(pid=114900) log_opt_values /opt/stack/data/venv/lib/python3.12/site-packages/oslo_config/cfg.py:3245}}
Jun 11 07:48:07 ubuntu devstack@g-api.service[114900]: DEBUG glance.common.config [None req-55287bf2-9f9f-4429-9c68-f194d2bfcfb8 None None] log_date_format                = %Y-%m-%d %H:%M:%S {{(pid=114900) log_opt_values /opt/stack/data/venv/lib/python3.12/site-packages/oslo_config/cfg.py:3245}}
Jun 11 07:48:07 ubuntu devstack@g-api.service[114900]: DEBUG glance.common.config [None req-55287bf2-9f9f-4429-9c68-f194d2bfcfb8 None None] log_dir                        = None {{(pid=114900) log_opt_values /opt/stack/data/venv/lib/python3.12/site-packages/oslo_config/cfg.py:3245}}
Jun 11 07:48:07 ubuntu devstack@g-api.service[114900]: DEBUG glance.common.config [None req-55287bf2-9f9f-4429-9c68-f194d2bfcfb8 None None] log_file                       = None {{(pid=114900) log_opt_values /opt/stack/data/venv/lib/python3.12/site-packages/oslo_config/cfg.py:3245}}
Jun 11 07:48:07 ubuntu devstack@g-api.service[114900]: DEBUG glance.common.config [None req-55287bf2-9f9f-4429-9c68-f194d2bfcfb8 None None] log_rotate_interval            = 1 {{(pid=114900) log_opt_values /opt/stack/data/venv/lib/python3.12/site-packages/oslo_config/cfg.py:3245}}
Jun 11 07:48:07 ubuntu devstack@g-api.service[114900]: DEBUG glance.common.config [None req-55287bf2-9f9f-4429-9c68-f194d2bfcfb8 None None] log_rotate_interval_type       = days {{(pid=114900) log_opt_values /opt/stack/data/venv/lib/python3.12/site-packages/oslo_config/cfg.py:3245}}
Jun 11 07:48:07 ubuntu devstack@g-api.service[114900]: DEBUG glance.common.config [None req-55287bf2-9f9f-4429-9c68-f194d2bfcfb8 None None] log_rotation_type              = none {{(pid=114900) log_opt_values /opt/stack/data/venv/lib/python3.12/site-packages/oslo_config/cfg.py:3245}}
Jun 11 07:48:07 ubuntu devstack@g-api.service[114900]: DEBUG glance.common.config [None req-55287bf2-9f9f-4429-9c68-f194d2bfcfb8 None None] logging_context_format_string  = %(color)s%(levelname)s %(name)s [%(global_request_id)s %(request_id)s %(project_name)s %(user_name)s%(color)s] %(instance)s%(color)s%(message)s {{(pid=114900) log_opt_values /opt/stack/data/venv/lib/python3.12/site-packages/oslo_config/cfg.py:3245}}
Jun 11 07:48:07 ubuntu devstack@g-api.service[114900]: DEBUG glance.common.config [None req-55287bf2-9f9f-4429-9c68-f194d2bfcfb8 None None] logging_debug_format_suffix    = {{(pid=%(process)d) %(funcName)s %(pathname)s:%(lineno)d}} {{(pid=114900) log_opt_values /opt/stack/data/venv/lib/python3.12/site-packages/oslo_config/cfg.py:3245}}
Jun 11 07:48:07 ubuntu devstack@g-api.service[114900]: DEBUG glance.common.config [None req-55287bf2-9f9f-4429-9c68-f194d2bfcfb8 None None] logging_default_format_string  = %(color)s%(levelname)s %(name)s [-%(color)s] %(instance)s%(color)s%(message)s {{(pid=114900) log_opt_values /opt/stack/data/venv/lib/python3.12/site-packages/oslo_config/cfg.py:3245}}
Jun 11 07:48:07 ubuntu devstack@g-api.service[114900]: DEBUG glance.common.config [None req-55287bf2-9f9f-4429-9c68-f194d2bfcfb8 None None] logging_exception_prefix       = ERROR %(name)s %(instance)s {{(pid=114900) log_opt_values /opt/stack/data/venv/lib/python3.12/site-packages/oslo_config/cfg.py:3245}}
Jun 11 07:48:07 ubuntu devstack@g-api.service[114900]: DEBUG glance.common.config [None req-55287bf2-9f9f-4429-9c68-f194d2bfcfb8 None None] logging_user_identity_format   = %(user)s %(project)s %(domain)s %(system_scope)s %(user_domain)s %(project_domain)s {{(pid=114900) log_opt_values /opt/stack/data/venv/lib/python3.12/site-packages/oslo_config/cfg.py:3245}}
Jun 11 07:48:07 ubuntu devstack@g-api.service[114900]: DEBUG glance.common.config [None req-55287bf2-9f9f-4429-9c68-f194d2bfcfb8 None None] max_header_line                = 16384 {{(pid=114900) log_opt_values /opt/stack/data/venv/lib/python3.12/site-packages/oslo_config/cfg.py:3245}}
Jun 11 07:48:07 ubuntu devstack@g-api.service[114900]: DEBUG glance.common.config [None req-55287bf2-9f9f-4429-9c68-f194d2bfcfb8 None None] max_logfile_count              = 30 {{(pid=114900) log_opt_values /opt/stack/data/venv/lib/python3.12/site-packages/oslo_config/cfg.py:3245}}
Jun 11 07:48:07 ubuntu devstack@g-api.service[114900]: DEBUG glance.common.config [None req-55287bf2-9f9f-4429-9c68-f194d2bfcfb8 None None] max_logfile_size_mb            = 200 {{(pid=114900) log_opt_values /opt/stack/data/venv/lib/python3.12/site-packages/oslo_config/cfg.py:3245}}
Jun 11 07:48:07 ubuntu devstack@g-api.service[114900]: DEBUG glance.common.config [None req-55287bf2-9f9f-4429-9c68-f194d2bfcfb8 None None] max_request_id_length          = 64 {{(pid=114900) log_opt_values /opt/stack/data/venv/lib/python3.12/site-packages/oslo_config/cfg.py:3245}}
Jun 11 07:48:07 ubuntu devstack@g-api.service[114900]: DEBUG glance.common.config [None req-55287bf2-9f9f-4429-9c68-f194d2bfcfb8 None None] metadata_encryption_key        = **** {{(pid=114900) log_opt_values /opt/stack/data/venv/lib/python3.12/site-packages/oslo_config/cfg.py:3245}}
Jun 11 07:48:07 ubuntu devstack@g-api.service[114900]: DEBUG glance.common.config [None req-55287bf2-9f9f-4429-9c68-f194d2bfcfb8 None None] node_staging_uri               = file:///tmp/staging/ {{(pid=114900) log_opt_values /opt/stack/data/venv/lib/python3.12/site-packages/oslo_config/cfg.py:3245}}
Jun 11 07:48:07 ubuntu devstack@g-api.service[114900]: DEBUG glance.common.config [None req-55287bf2-9f9f-4429-9c68-f194d2bfcfb8 None None] property_protection_file       = None {{(pid=114900) log_opt_values /opt/stack/data/venv/lib/python3.12/site-packages/oslo_config/cfg.py:3245}}
Jun 11 07:48:07 ubuntu devstack@g-api.service[114900]: DEBUG glance.common.config [None req-55287bf2-9f9f-4429-9c68-f194d2bfcfb8 None None] property_protection_rule_format = roles {{(pid=114900) log_opt_values /opt/stack/data/venv/lib/python3.12/site-packages/oslo_config/cfg.py:3245}}
Jun 11 07:48:07 ubuntu devstack@g-api.service[114900]: DEBUG glance.common.config [None req-55287bf2-9f9f-4429-9c68-f194d2bfcfb8 None None] public_endpoint                = http://10.201.5.127/image {{(pid=114900) log_opt_values /opt/stack/data/venv/lib/python3.12/site-packages/oslo_config/cfg.py:3245}}
Jun 11 07:48:07 ubuntu devstack@g-api.service[114900]: DEBUG glance.common.config [None req-55287bf2-9f9f-4429-9c68-f194d2bfcfb8 None None] publish_errors                 = False {{(pid=114900) log_opt_values /opt/stack/data/venv/lib/python3.12/site-packages/oslo_config/cfg.py:3245}}
Jun 11 07:48:07 ubuntu devstack@g-api.service[114900]: DEBUG glance.common.config [None req-55287bf2-9f9f-4429-9c68-f194d2bfcfb8 None None] pydev_worker_debug_host        = None {{(pid=114900) log_opt_values /opt/stack/data/venv/lib/python3.12/site-packages/oslo_config/cfg.py:3245}}
Jun 11 07:48:07 ubuntu devstack@g-api.service[114900]: DEBUG glance.common.config [None req-55287bf2-9f9f-4429-9c68-f194d2bfcfb8 None None] pydev_worker_debug_port        = 5678 {{(pid=114900) log_opt_values /opt/stack/data/venv/lib/python3.12/site-packages/oslo_config/cfg.py:3245}}
Jun 11 07:48:07 ubuntu devstack@g-api.service[114900]: DEBUG glance.common.config [None req-55287bf2-9f9f-4429-9c68-f194d2bfcfb8 None None] rate_limit_burst               = 0 {{(pid=114900) log_opt_values /opt/stack/data/venv/lib/python3.12/site-packages/oslo_config/cfg.py:3245}}
