May 28 01:46:56 ubuntu systemd[1]: Starting devstack@g-api.service - Devstack devstack@g-api.service...
May 28 01:46:56 ubuntu devstack@g-api.service[114900]: [uWSGI] getting INI configuration from /etc/glance/glance-uwsgi.ini
May 28 01:46:56 ubuntu devstack@g-api.service[114900]: *** Starting uWSGI 2.0.24-debian (64bit) on [Thu May 28 01:46:56 2026] ***
May 28 01:46:56 ubuntu devstack@g-api.service[114900]: compiled with version: 13.2.0 on 17 April 2024 16:23:48
May 28 01:46:56 ubuntu devstack@g-api.service[114900]: os: Linux-6.8.0-100-generic #100-Ubuntu SMP PREEMPT_DYNAMIC Tue Jan 13 16:40:06 UTC 2026
May 28 01:46:56 ubuntu devstack@g-api.service[114900]: nodename: ubuntu
May 28 01:46:56 ubuntu devstack@g-api.service[114900]: machine: x86_64
May 28 01:46:56 ubuntu devstack@g-api.service[114900]: clock source: unix
May 28 01:46:56 ubuntu devstack@g-api.service[114900]: pcre jit disabled
May 28 01:46:56 ubuntu devstack@g-api.service[114900]: detected number of CPU cores: 4
May 28 01:46:56 ubuntu devstack@g-api.service[114900]: current working directory: /
May 28 01:46:56 ubuntu devstack@g-api.service[114900]: detected binary path: /usr/bin/uwsgi-core
May 28 01:46:56 ubuntu devstack@g-api.service[114900]: your processes number limit is 31446
May 28 01:46:56 ubuntu devstack@g-api.service[114900]: your memory page size is 4096 bytes
May 28 01:46:56 ubuntu devstack@g-api.service[114900]: detected max file descriptor number: 2048
May 28 01:46:56 ubuntu devstack@g-api.service[114900]: lock engine: pthread robust mutexes
May 28 01:46:56 ubuntu devstack@g-api.service[114900]: thunder lock: enabled
May 28 01:46:56 ubuntu devstack@g-api.service[114900]: uwsgi socket 0 bound to TCP address 127.0.0.1:60999 fd 4
May 28 01:46:56 ubuntu devstack@g-api.service[114900]: Python version: 3.12.3 (main, Mar 23 2026, 19:04:32) [GCC 13.3.0]
May 28 01:46:56 ubuntu devstack@g-api.service[114900]: PEP 405 virtualenv detected: /opt/stack/data/venv
May 28 01:46:56 ubuntu devstack@g-api.service[114900]: Set PythonHome to /opt/stack/data/venv
May 28 01:46:56 ubuntu devstack@g-api.service[114900]: Python main interpreter initialized at 0x7d8073ea3668
May 28 01:46:56 ubuntu devstack@g-api.service[114900]: python threads support enabled
May 28 01:46:56 ubuntu devstack@g-api.service[114900]: your server socket listen backlog is limited to 100 connections
May 28 01:46:56 ubuntu devstack@g-api.service[114900]: your mercy for graceful operations on workers is 80 seconds
May 28 01:46:56 ubuntu devstack@g-api.service[114900]: mapped 403077 bytes (393 KB) for 2 cores
May 28 01:46:56 ubuntu devstack@g-api.service[114900]: *** Operational MODE: preforking ***
May 28 01:46:56 ubuntu devstack@g-api.service[114900]: *** uWSGI is running in multiple interpreter mode ***
May 28 01:46:56 ubuntu devstack@g-api.service[114900]: spawned uWSGI master process (pid: 114900)
May 28 01:46:56 ubuntu systemd[1]: Started devstack@g-api.service - Devstack devstack@g-api.service.
May 28 01:46:56 ubuntu devstack@g-api.service[114900]: spawned uWSGI worker 1 (pid: 114906, cores: 1)
May 28 01:46:56 ubuntu devstack@g-api.service[114900]: spawned uWSGI worker 2 (pid: 114907, cores: 1)
May 28 01:46:56 ubuntu devstack@g-api.service[114900]: running "unix_signal:15 gracefully_kill_them_all" (master-start)...
May 28 01:46:57 ubuntu devstack@g-api.service[114907]: /opt/stack/data/venv/lib/python3.12/site-packages/oslo_utils/importutils.py:77: EventletDeprecationWarning:
May 28 01:46:57 ubuntu devstack@g-api.service[114907]: Eventlet is deprecated. It is currently being maintained in bugfix mode, and
May 28 01:46:57 ubuntu devstack@g-api.service[114907]: we strongly recommend against using it for new projects.
May 28 01:46:57 ubuntu devstack@g-api.service[114907]: If you are already using Eventlet, we recommend migrating to a different
May 28 01:46:57 ubuntu devstack@g-api.service[114907]: framework.  For more detail see
May 28 01:46:57 ubuntu devstack@g-api.service[114907]: https://eventlet.readthedocs.io/en/latest/asyncio/migration.html
May 28 01:46:57 ubuntu devstack@g-api.service[114907]:   __import__(import_str)
May 28 01:46:57 ubuntu devstack@g-api.service[114906]: /opt/stack/data/venv/lib/python3.12/site-packages/oslo_utils/importutils.py:77: EventletDeprecationWarning:
May 28 01:46:57 ubuntu devstack@g-api.service[114906]: Eventlet is deprecated. It is currently being maintained in bugfix mode, and
May 28 01:46:57 ubuntu devstack@g-api.service[114906]: we strongly recommend against using it for new projects.
May 28 01:46:57 ubuntu devstack@g-api.service[114906]: If you are already using Eventlet, we recommend migrating to a different
May 28 01:46:57 ubuntu devstack@g-api.service[114906]: framework.  For more detail see
May 28 01:46:57 ubuntu devstack@g-api.service[114906]: https://eventlet.readthedocs.io/en/latest/asyncio/migration.html
May 28 01:46:57 ubuntu devstack@g-api.service[114906]:   __import__(import_str)
May 28 01:46:57 ubuntu devstack@g-api.service[114907]: INFO glance.async_ [-] Threadpool model set to 'NativeThreadPoolModel'
May 28 01:46:57 ubuntu devstack@g-api.service[114906]: INFO glance.async_ [-] Threadpool model set to 'NativeThreadPoolModel'
May 28 01:46:58 ubuntu devstack@g-api.service[114907]: DEBUG oslo_concurrency.processutils [-] Running cmd (subprocess): grep -F node.session.scan /sbin/iscsiadm {{(pid=114907) execute /opt/stack/data/venv/lib/python3.12/site-packages/oslo_concurrency/processutils.py:440}}
May 28 01:46:58 ubuntu devstack@g-api.service[114906]: DEBUG oslo_concurrency.processutils [-] Running cmd (subprocess): grep -F node.session.scan /sbin/iscsiadm {{(pid=114906) execute /opt/stack/data/venv/lib/python3.12/site-packages/oslo_concurrency/processutils.py:440}}
May 28 01:46:58 ubuntu devstack@g-api.service[114906]: DEBUG oslo_concurrency.processutils [-] CMD "grep -F node.session.scan /sbin/iscsiadm" returned: 0 in 0.010s {{(pid=114906) execute /opt/stack/data/venv/lib/python3.12/site-packages/oslo_concurrency/processutils.py:468}}
May 28 01:46:58 ubuntu devstack@g-api.service[114907]: DEBUG oslo_concurrency.processutils [-] CMD "grep -F node.session.scan /sbin/iscsiadm" returned: 0 in 0.016s {{(pid=114907) execute /opt/stack/data/venv/lib/python3.12/site-packages/oslo_concurrency/processutils.py:468}}
May 28 01:46:58 ubuntu devstack@g-api.service[114906]: DEBUG glance_store.backend [-] Attempting to import store cinder {{(pid=114906) _load_store /opt/stack/data/venv/lib/python3.12/site-packages/glance_store/backend.py:215}}
May 28 01:46:58 ubuntu devstack@g-api.service[114907]: DEBUG glance_store.backend [-] Attempting to import store cinder {{(pid=114907) _load_store /opt/stack/data/venv/lib/python3.12/site-packages/glance_store/backend.py:215}}
May 28 01:46:58 ubuntu devstack@g-api.service[114906]: DEBUG glance_store.backend [-] Attempting to import store file {{(pid=114906) _load_store /opt/stack/data/venv/lib/python3.12/site-packages/glance_store/backend.py:215}}
May 28 01:46:58 ubuntu devstack@g-api.service[114906]: DEBUG glance_store.backend [-] Attempting to import store glance.store.cinder.Store {{(pid=114906) _load_store /opt/stack/data/venv/lib/python3.12/site-packages/glance_store/backend.py:215}}
May 28 01:46:58 ubuntu devstack@g-api.service[114907]: DEBUG glance_store.backend [-] Attempting to import store file {{(pid=114907) _load_store /opt/stack/data/venv/lib/python3.12/site-packages/glance_store/backend.py:215}}
May 28 01:46:58 ubuntu devstack@g-api.service[114906]: DEBUG glance_store.backend [-] Attempting to import store glance.store.filesystem.Store {{(pid=114906) _load_store /opt/stack/data/venv/lib/python3.12/site-packages/glance_store/backend.py:215}}
May 28 01:46:58 ubuntu devstack@g-api.service[114907]: DEBUG glance_store.backend [-] Attempting to import store glance.store.cinder.Store {{(pid=114907) _load_store /opt/stack/data/venv/lib/python3.12/site-packages/glance_store/backend.py:215}}
May 28 01:46:58 ubuntu devstack@g-api.service[114906]: DEBUG glance_store.backend [-] Attempting to import store glance.store.http.Store {{(pid=114906) _load_store /opt/stack/data/venv/lib/python3.12/site-packages/glance_store/backend.py:215}}
May 28 01:46:58 ubuntu devstack@g-api.service[114907]: DEBUG glance_store.backend [-] Attempting to import store glance.store.filesystem.Store {{(pid=114907) _load_store /opt/stack/data/venv/lib/python3.12/site-packages/glance_store/backend.py:215}}
May 28 01:46:58 ubuntu devstack@g-api.service[114906]: DEBUG glance_store.backend [-] Attempting to import store glance.store.rbd.Store {{(pid=114906) _load_store /opt/stack/data/venv/lib/python3.12/site-packages/glance_store/backend.py:215}}
May 28 01:46:58 ubuntu devstack@g-api.service[114907]: DEBUG glance_store.backend [-] Attempting to import store glance.store.http.Store {{(pid=114907) _load_store /opt/stack/data/venv/lib/python3.12/site-packages/glance_store/backend.py:215}}
May 28 01:46:58 ubuntu devstack@g-api.service[114906]: DEBUG glance_store.backend [-] Attempting to import store glance.store.s3.Store {{(pid=114906) _load_store /opt/stack/data/venv/lib/python3.12/site-packages/glance_store/backend.py:215}}
May 28 01:46:58 ubuntu devstack@g-api.service[114907]: DEBUG glance_store.backend [-] Attempting to import store glance.store.rbd.Store {{(pid=114907) _load_store /opt/stack/data/venv/lib/python3.12/site-packages/glance_store/backend.py:215}}
May 28 01:46:58 ubuntu devstack@g-api.service[114906]: DEBUG glance_store.backend [-] Attempting to import store glance.store.swift.Store {{(pid=114906) _load_store /opt/stack/data/venv/lib/python3.12/site-packages/glance_store/backend.py:215}}
May 28 01:46:58 ubuntu devstack@g-api.service[114907]: DEBUG glance_store.backend [-] Attempting to import store glance.store.s3.Store {{(pid=114907) _load_store /opt/stack/data/venv/lib/python3.12/site-packages/glance_store/backend.py:215}}
May 28 01:46:58 ubuntu devstack@g-api.service[114907]: DEBUG glance_store.backend [-] Attempting to import store glance.store.swift.Store {{(pid=114907) _load_store /opt/stack/data/venv/lib/python3.12/site-packages/glance_store/backend.py:215}}
May 28 01:46:58 ubuntu devstack@g-api.service[114906]: DEBUG glance_store.backend [-] Attempting to import store glance.store.vmware_datastore.Store {{(pid=114906) _load_store /opt/stack/data/venv/lib/python3.12/site-packages/glance_store/backend.py:215}}
May 28 01:46:58 ubuntu devstack@g-api.service[114907]: DEBUG glance_store.backend [-] Attempting to import store glance.store.vmware_datastore.Store {{(pid=114907) _load_store /opt/stack/data/venv/lib/python3.12/site-packages/glance_store/backend.py:215}}
May 28 01:46:58 ubuntu devstack@g-api.service[114906]: DEBUG glance_store.backend [-] Attempting to import store http {{(pid=114906) _load_store /opt/stack/data/venv/lib/python3.12/site-packages/glance_store/backend.py:215}}
May 28 01:46:58 ubuntu devstack@g-api.service[114907]: DEBUG glance_store.backend [-] Attempting to import store http {{(pid=114907) _load_store /opt/stack/data/venv/lib/python3.12/site-packages/glance_store/backend.py:215}}
May 28 01:46:58 ubuntu devstack@g-api.service[114906]: DEBUG glance_store.backend [-] Attempting to import store no_conf {{(pid=114906) _load_store /opt/stack/data/venv/lib/python3.12/site-packages/glance_store/backend.py:215}}
May 28 01:46:58 ubuntu devstack@g-api.service[114907]: DEBUG glance_store.backend [-] Attempting to import store no_conf {{(pid=114907) _load_store /opt/stack/data/venv/lib/python3.12/site-packages/glance_store/backend.py:215}}
May 28 01:46:58 ubuntu devstack@g-api.service[114906]: DEBUG glance_store.backend [-] Attempting to import store rbd {{(pid=114906) _load_store /opt/stack/data/venv/lib/python3.12/site-packages/glance_store/backend.py:215}}
May 28 01:46:58 ubuntu devstack@g-api.service[114907]: DEBUG glance_store.backend [-] Attempting to import store rbd {{(pid=114907) _load_store /opt/stack/data/venv/lib/python3.12/site-packages/glance_store/backend.py:215}}
May 28 01:46:58 ubuntu devstack@g-api.service[114906]: DEBUG glance_store.backend [-] Attempting to import store s3 {{(pid=114906) _load_store /opt/stack/data/venv/lib/python3.12/site-packages/glance_store/backend.py:215}}
May 28 01:46:58 ubuntu devstack@g-api.service[114907]: DEBUG glance_store.backend [-] Attempting to import store s3 {{(pid=114907) _load_store /opt/stack/data/venv/lib/python3.12/site-packages/glance_store/backend.py:215}}
May 28 01:46:58 ubuntu devstack@g-api.service[114906]: DEBUG glance_store.backend [-] Attempting to import store swift {{(pid=114906) _load_store /opt/stack/data/venv/lib/python3.12/site-packages/glance_store/backend.py:215}}
May 28 01:46:58 ubuntu devstack@g-api.service[114907]: DEBUG glance_store.backend [-] Attempting to import store swift {{(pid=114907) _load_store /opt/stack/data/venv/lib/python3.12/site-packages/glance_store/backend.py:215}}
May 28 01:46:58 ubuntu devstack@g-api.service[114906]: DEBUG glance_store.backend [-] Attempting to import store vmware {{(pid=114906) _load_store /opt/stack/data/venv/lib/python3.12/site-packages/glance_store/backend.py:215}}
May 28 01:46:58 ubuntu devstack@g-api.service[114907]: DEBUG glance_store.backend [-] Attempting to import store vmware {{(pid=114907) _load_store /opt/stack/data/venv/lib/python3.12/site-packages/glance_store/backend.py:215}}
May 28 01:46:58 ubuntu devstack@g-api.service[114906]: DEBUG glance_store.backend [-] Registering options for group glance_store {{(pid=114906) register_opts /opt/stack/data/venv/lib/python3.12/site-packages/glance_store/backend.py:144}}
May 28 01:46:58 ubuntu devstack@g-api.service[114907]: DEBUG glance_store.backend [-] Registering options for group glance_store {{(pid=114907) register_opts /opt/stack/data/venv/lib/python3.12/site-packages/glance_store/backend.py:144}}
May 28 01:46:58 ubuntu devstack@g-api.service[114906]: DEBUG glance_store.backend [-] Registering options for group glance_store {{(pid=114906) register_opts /opt/stack/data/venv/lib/python3.12/site-packages/glance_store/backend.py:144}}
May 28 01:46:58 ubuntu devstack@g-api.service[114907]: DEBUG glance_store.backend [-] Registering options for group glance_store {{(pid=114907) register_opts /opt/stack/data/venv/lib/python3.12/site-packages/glance_store/backend.py:144}}
May 28 01:46:58 ubuntu devstack@g-api.service[114906]: DEBUG glance_store.backend [-] Attempting to import store http {{(pid=114906) _load_store /opt/stack/data/venv/lib/python3.12/site-packages/glance_store/backend.py:215}}
May 28 01:46:58 ubuntu devstack@g-api.service[114907]: DEBUG glance_store.backend [-] Attempting to import store http {{(pid=114907) _load_store /opt/stack/data/venv/lib/python3.12/site-packages/glance_store/backend.py:215}}
May 28 01:46:58 ubuntu devstack@g-api.service[114906]: DEBUG glance_store.capabilities [-] Store glance_store._drivers.http.Store doesn't support updating dynamic storage capabilities. Please overwrite 'update_capabilities' method of the store to implement updating logics if needed. {{(pid=114906) update_capabilities /opt/stack/data/venv/lib/python3.12/site-packages/glance_store/capabilities.py:91}}
May 28 01:46:58 ubuntu devstack@g-api.service[114906]: DEBUG glance_store.backend [-] Registering store http with schemes ('http', 'https') {{(pid=114906) create_stores /opt/stack/data/venv/lib/python3.12/site-packages/glance_store/backend.py:261}}
May 28 01:46:58 ubuntu devstack@g-api.service[114906]: DEBUG glance_store.driver [-] Late loading location class glance_store._drivers.http.StoreLocation {{(pid=114906) get_store_location_class /opt/stack/data/venv/lib/python3.12/site-packages/glance_store/driver.py:134}}
May 28 01:46:58 ubuntu devstack@g-api.service[114907]: DEBUG glance_store.capabilities [-] Store glance_store._drivers.http.Store doesn't support updating dynamic storage capabilities. Please overwrite 'update_capabilities' method of the store to implement updating logics if needed. {{(pid=114907) update_capabilities /opt/stack/data/venv/lib/python3.12/site-packages/glance_store/capabilities.py:91}}
May 28 01:46:58 ubuntu devstack@g-api.service[114906]: DEBUG glance_store.location [-] Registering scheme http with {'store': <glance_store._drivers.http.Store object at 0x7d8070b48fb0>, 'location_class': <class 'glance_store._drivers.http.StoreLocation'>, 'store_entry': 'http'} {{(pid=114906) register_scheme_map /opt/stack/data/venv/lib/python3.12/site-packages/glance_store/location.py:146}}
May 28 01:46:58 ubuntu devstack@g-api.service[114907]: DEBUG glance_store.backend [-] Registering store http with schemes ('http', 'https') {{(pid=114907) create_stores /opt/stack/data/venv/lib/python3.12/site-packages/glance_store/backend.py:261}}
May 28 01:46:58 ubuntu devstack@g-api.service[114906]: DEBUG glance_store.location [-] Registering scheme https with {'store': <glance_store._drivers.http.Store object at 0x7d8070b48fb0>, 'location_class': <class 'glance_store._drivers.http.StoreLocation'>, 'store_entry': 'http'} {{(pid=114906) register_scheme_map /opt/stack/data/venv/lib/python3.12/site-packages/glance_store/location.py:146}}
May 28 01:46:58 ubuntu devstack@g-api.service[114907]: DEBUG glance_store.driver [-] Late loading location class glance_store._drivers.http.StoreLocation {{(pid=114907) get_store_location_class /opt/stack/data/venv/lib/python3.12/site-packages/glance_store/driver.py:134}}
May 28 01:46:58 ubuntu devstack@g-api.service[114906]: DEBUG glance_store.backend [-] Attempting to import store file {{(pid=114906) _load_store /opt/stack/data/venv/lib/python3.12/site-packages/glance_store/backend.py:215}}
May 28 01:46:58 ubuntu devstack@g-api.service[114907]: DEBUG glance_store.location [-] Registering scheme http with {'store': <glance_store._drivers.http.Store object at 0x7d806ecd3170>, 'location_class': <class 'glance_store._drivers.http.StoreLocation'>, 'store_entry': 'http'} {{(pid=114907) register_scheme_map /opt/stack/data/venv/lib/python3.12/site-packages/glance_store/location.py:146}}
May 28 01:46:58 ubuntu devstack@g-api.service[114907]: DEBUG glance_store.location [-] Registering scheme https with {'store': <glance_store._drivers.http.Store object at 0x7d806ecd3170>, 'location_class': <class 'glance_store._drivers.http.StoreLocation'>, 'store_entry': 'http'} {{(pid=114907) register_scheme_map /opt/stack/data/venv/lib/python3.12/site-packages/glance_store/location.py:146}}
May 28 01:46:58 ubuntu devstack@g-api.service[114907]: DEBUG glance_store.backend [-] Attempting to import store file {{(pid=114907) _load_store /opt/stack/data/venv/lib/python3.12/site-packages/glance_store/backend.py:215}}
May 28 01:46:58 ubuntu devstack@g-api.service[114906]: DEBUG glance_store.capabilities [-] Store glance_store._drivers.filesystem.Store doesn't support updating dynamic storage capabilities. Please overwrite 'update_capabilities' method of the store to implement updating logics if needed. {{(pid=114906) update_capabilities /opt/stack/data/venv/lib/python3.12/site-packages/glance_store/capabilities.py:91}}
May 28 01:46:58 ubuntu devstack@g-api.service[114906]: DEBUG glance_store.backend [-] Registering store file with schemes ('file', 'filesystem') {{(pid=114906) create_stores /opt/stack/data/venv/lib/python3.12/site-packages/glance_store/backend.py:261}}
May 28 01:46:58 ubuntu devstack@g-api.service[114906]: DEBUG glance_store.driver [-] Late loading location class glance_store._drivers.filesystem.StoreLocation {{(pid=114906) get_store_location_class /opt/stack/data/venv/lib/python3.12/site-packages/glance_store/driver.py:134}}
May 28 01:46:58 ubuntu devstack@g-api.service[114906]: DEBUG glance_store.location [-] Registering scheme file with {'store': <glance_store._drivers.filesystem.Store object at 0x7d806f696f00>, 'location_class': <class 'glance_store._drivers.filesystem.StoreLocation'>, 'store_entry': 'file'} {{(pid=114906) register_scheme_map /opt/stack/data/venv/lib/python3.12/site-packages/glance_store/location.py:146}}
May 28 01:46:58 ubuntu devstack@g-api.service[114906]: DEBUG glance_store.location [-] Registering scheme filesystem with {'store': <glance_store._drivers.filesystem.Store object at 0x7d806f696f00>, 'location_class': <class 'glance_store._drivers.filesystem.StoreLocation'>, 'store_entry': 'file'} {{(pid=114906) register_scheme_map /opt/stack/data/venv/lib/python3.12/site-packages/glance_store/location.py:146}}
May 28 01:46:58 ubuntu devstack@g-api.service[114907]: DEBUG glance_store.capabilities [-] Store glance_store._drivers.filesystem.Store doesn't support updating dynamic storage capabilities. Please overwrite 'update_capabilities' method of the store to implement updating logics if needed. {{(pid=114907) update_capabilities /opt/stack/data/venv/lib/python3.12/site-packages/glance_store/capabilities.py:91}}
May 28 01:46:58 ubuntu devstack@g-api.service[114907]: DEBUG glance_store.backend [-] Registering store file with schemes ('file', 'filesystem') {{(pid=114907) create_stores /opt/stack/data/venv/lib/python3.12/site-packages/glance_store/backend.py:261}}
May 28 01:46:58 ubuntu devstack@g-api.service[114907]: DEBUG glance_store.driver [-] Late loading location class glance_store._drivers.filesystem.StoreLocation {{(pid=114907) get_store_location_class /opt/stack/data/venv/lib/python3.12/site-packages/glance_store/driver.py:134}}
May 28 01:46:58 ubuntu devstack@g-api.service[114907]: DEBUG glance_store.location [-] Registering scheme file with {'store': <glance_store._drivers.filesystem.Store object at 0x7d806f6b9910>, 'location_class': <class 'glance_store._drivers.filesystem.StoreLocation'>, 'store_entry': 'file'} {{(pid=114907) register_scheme_map /opt/stack/data/venv/lib/python3.12/site-packages/glance_store/location.py:146}}
May 28 01:46:58 ubuntu devstack@g-api.service[114907]: DEBUG glance_store.location [-] Registering scheme filesystem with {'store': <glance_store._drivers.filesystem.Store object at 0x7d806f6b9910>, 'location_class': <class 'glance_store._drivers.filesystem.StoreLocation'>, 'store_entry': 'file'} {{(pid=114907) register_scheme_map /opt/stack/data/venv/lib/python3.12/site-packages/glance_store/location.py:146}}
May 28 01:46:58 ubuntu devstack@g-api.service[114907]: DEBUG glance.sqlite_migration [-] SQLite caching database not located, skipping migration {{(pid=114907) get_db_path /opt/stack/glance/glance/sqlite_migration.py:68}}
May 28 01:46:58 ubuntu devstack@g-api.service[114907]: WARNING glance.common.wsgi_app [-] Import methods are enabled but staging directory /tmp/staging/ does not exist; Imports will fail!
May 28 01:46:58 ubuntu devstack@g-api.service[114906]: DEBUG glance.sqlite_migration [-] SQLite caching database not located, skipping migration {{(pid=114906) get_db_path /opt/stack/glance/glance/sqlite_migration.py:68}}
May 28 01:46:58 ubuntu devstack@g-api.service[114906]: WARNING glance.common.wsgi_app [-] Import methods are enabled but staging directory /tmp/staging/ does not exist; Imports will fail!
May 28 01:46:58 ubuntu devstack@g-api.service[114907]: DEBUG glance.common.config [None req-d97e2c9a-93e5-4d22-bd3d-968078a71c7e None None] Loading glance-api-keystone+cachemanagement from /etc/glance/glance-api-paste.ini {{(pid=114907) load_paste_app /opt/stack/glance/glance/common/config.py:758}}
May 28 01:46:58 ubuntu devstack@g-api.service[114906]: DEBUG glance.common.config [None req-d7f168e5-8a67-4fbd-83f6-010624ee5a6c None None] Loading glance-api-keystone+cachemanagement from /etc/glance/glance-api-paste.ini {{(pid=114906) load_paste_app /opt/stack/glance/glance/common/config.py:758}}
May 28 01:46:59 ubuntu devstack@g-api.service[114907]: INFO glance.image_cache [None req-d97e2c9a-93e5-4d22-bd3d-968078a71c7e None None] Image cache loaded driver 'centralized_db'.
May 28 01:46:59 ubuntu devstack@g-api.service[114906]: INFO glance.image_cache [None req-d7f168e5-8a67-4fbd-83f6-010624ee5a6c None None] Image cache loaded driver 'centralized_db'.
May 28 01:46:59 ubuntu devstack@g-api.service[114907]: INFO dbcounter [None req-d97e2c9a-93e5-4d22-bd3d-968078a71c7e None None] Registered counter for database glance
May 28 01:46:59 ubuntu devstack@g-api.service[114906]: INFO dbcounter [None req-d7f168e5-8a67-4fbd-83f6-010624ee5a6c None None] Registered counter for database glance
May 28 01:46:59 ubuntu devstack@g-api.service[114907]: DEBUG oslo_db.sqlalchemy.engines [None req-d97e2c9a-93e5-4d22-bd3d-968078a71c7e None None] MySQL server mode set to STRICT_TRANS_TABLES,STRICT_ALL_TABLES,NO_ZERO_IN_DATE,NO_ZERO_DATE,ERROR_FOR_DIVISION_BY_ZERO,TRADITIONAL,NO_ENGINE_SUBSTITUTION {{(pid=114907) _check_effective_sql_mode /opt/stack/data/venv/lib/python3.12/site-packages/oslo_db/sqlalchemy/engines.py:325}}
May 28 01:46:59 ubuntu devstack@g-api.service[114906]: DEBUG oslo_db.sqlalchemy.engines [None req-d7f168e5-8a67-4fbd-83f6-010624ee5a6c None None] MySQL server mode set to STRICT_TRANS_TABLES,STRICT_ALL_TABLES,NO_ZERO_IN_DATE,NO_ZERO_DATE,ERROR_FOR_DIVISION_BY_ZERO,TRADITIONAL,NO_ENGINE_SUBSTITUTION {{(pid=114906) _check_effective_sql_mode /opt/stack/data/venv/lib/python3.12/site-packages/oslo_db/sqlalchemy/engines.py:325}}
May 28 01:46:59 ubuntu devstack@g-api.service[114907]: DEBUG dbcounter [-] [114907] Writer thread running {{(pid=114907) stat_writer /opt/stack/data/venv/lib/python3.12/site-packages/dbcounter.py:102}}
May 28 01:46:59 ubuntu devstack@g-api.service[114906]: DEBUG dbcounter [-] [114906] Writer thread running {{(pid=114906) stat_writer /opt/stack/data/venv/lib/python3.12/site-packages/dbcounter.py:102}}
May 28 01:46:59 ubuntu devstack@g-api.service[114907]: INFO glance.image_cache [None req-d97e2c9a-93e5-4d22-bd3d-968078a71c7e None None] Image cache loaded driver 'centralized_db'.
May 28 01:46:59 ubuntu devstack@g-api.service[114906]: DEBUG glance.image_cache.drivers.centralized_db [None req-d7f168e5-8a67-4fbd-83f6-010624ee5a6c None None] Node reference is already recorded, ignoring it {{(pid=114906) configure /opt/stack/glance/glance/image_cache/drivers/centralized_db.py:71}}
May 28 01:46:59 ubuntu devstack@g-api.service[114907]: DEBUG glance.image_cache.drivers.centralized_db [None req-d97e2c9a-93e5-4d22-bd3d-968078a71c7e None None] Node reference is already recorded, ignoring it {{(pid=114907) configure /opt/stack/glance/glance/image_cache/drivers/centralized_db.py:71}}
May 28 01:46:59 ubuntu devstack@g-api.service[114906]: INFO glance.image_cache [None req-d7f168e5-8a67-4fbd-83f6-010624ee5a6c None None] Image cache loaded driver 'centralized_db'.
May 28 01:46:59 ubuntu devstack@g-api.service[114907]: DEBUG glance.api.v2.cached_images [None req-d97e2c9a-93e5-4d22-bd3d-968078a71c7e None None] Started cache worker thread {{(pid=114907) __init__ /opt/stack/glance/glance/api/v2/cached_images.py:69}}
May 28 01:46:59 ubuntu devstack@g-api.service[114907]: INFO glance.image_cache [None req-d97e2c9a-93e5-4d22-bd3d-968078a71c7e None None] Image cache loaded driver 'centralized_db'.
May 28 01:46:59 ubuntu devstack@g-api.service[114906]: DEBUG glance.image_cache.drivers.centralized_db [None req-d7f168e5-8a67-4fbd-83f6-010624ee5a6c None None] Node reference is already recorded, ignoring it {{(pid=114906) configure /opt/stack/glance/glance/image_cache/drivers/centralized_db.py:71}}
May 28 01:46:59 ubuntu devstack@g-api.service[114907]: DEBUG glance.image_cache.drivers.centralized_db [None req-d97e2c9a-93e5-4d22-bd3d-968078a71c7e None None] Node reference is already recorded, ignoring it {{(pid=114907) configure /opt/stack/glance/glance/image_cache/drivers/centralized_db.py:71}}
May 28 01:46:59 ubuntu devstack@g-api.service[114906]: DEBUG glance.api.v2.cached_images [None req-d7f168e5-8a67-4fbd-83f6-010624ee5a6c None None] Started cache worker thread {{(pid=114906) __init__ /opt/stack/glance/glance/api/v2/cached_images.py:69}}
May 28 01:46:59 ubuntu devstack@g-api.service[114906]: INFO glance.image_cache [None req-d7f168e5-8a67-4fbd-83f6-010624ee5a6c None None] Image cache loaded driver 'centralized_db'.
May 28 01:46:59 ubuntu devstack@g-api.service[114907]: INFO glance.api.middleware.cache_manage [None req-d97e2c9a-93e5-4d22-bd3d-968078a71c7e None None] Initialized image cache management middleware
May 28 01:46:59 ubuntu devstack@g-api.service[114907]: INFO glance.image_cache [None req-d97e2c9a-93e5-4d22-bd3d-968078a71c7e None None] Image cache loaded driver 'centralized_db'.
May 28 01:46:59 ubuntu devstack@g-api.service[114906]: DEBUG glance.image_cache.drivers.centralized_db [None req-d7f168e5-8a67-4fbd-83f6-010624ee5a6c None None] Node reference is already recorded, ignoring it {{(pid=114906) configure /opt/stack/glance/glance/image_cache/drivers/centralized_db.py:71}}
May 28 01:46:59 ubuntu devstack@g-api.service[114907]: DEBUG glance.image_cache.drivers.centralized_db [None req-d97e2c9a-93e5-4d22-bd3d-968078a71c7e None None] Node reference is already recorded, ignoring it {{(pid=114907) configure /opt/stack/glance/glance/image_cache/drivers/centralized_db.py:71}}
May 28 01:46:59 ubuntu devstack@g-api.service[114907]: INFO glance.api.middleware.cache [None req-d97e2c9a-93e5-4d22-bd3d-968078a71c7e None None] Initialized image cache middleware
May 28 01:46:59 ubuntu devstack@g-api.service[114906]: INFO glance.api.middleware.cache_manage [None req-d7f168e5-8a67-4fbd-83f6-010624ee5a6c None None] Initialized image cache management middleware
May 28 01:46:59 ubuntu devstack@g-api.service[114906]: INFO glance.image_cache [None req-d7f168e5-8a67-4fbd-83f6-010624ee5a6c None None] Image cache loaded driver 'centralized_db'.
May 28 01:46:59 ubuntu devstack@g-api.service[114906]: DEBUG glance.image_cache.drivers.centralized_db [None req-d7f168e5-8a67-4fbd-83f6-010624ee5a6c None None] Node reference is already recorded, ignoring it {{(pid=114906) configure /opt/stack/glance/glance/image_cache/drivers/centralized_db.py:71}}
May 28 01:46:59 ubuntu devstack@g-api.service[114907]: DEBUG glance.common.config [None req-d97e2c9a-93e5-4d22-bd3d-968078a71c7e None None] ******************************************************************************** {{(pid=114907) log_opt_values /opt/stack/data/venv/lib/python3.12/site-packages/oslo_config/cfg.py:3229}}
May 28 01:46:59 ubuntu devstack@g-api.service[114907]: DEBUG glance.common.config [None req-d97e2c9a-93e5-4d22-bd3d-968078a71c7e None None] Configuration options gathered from: {{(pid=114907) log_opt_values /opt/stack/data/venv/lib/python3.12/site-packages/oslo_config/cfg.py:3230}}
May 28 01:46:59 ubuntu devstack@g-api.service[114907]: DEBUG glance.common.config [None req-d97e2c9a-93e5-4d22-bd3d-968078a71c7e None None] command line args: [] {{(pid=114907) log_opt_values /opt/stack/data/venv/lib/python3.12/site-packages/oslo_config/cfg.py:3231}}
May 28 01:46:59 ubuntu devstack@g-api.service[114907]: DEBUG glance.common.config [None req-d97e2c9a-93e5-4d22-bd3d-968078a71c7e None None] config files: ['/etc/glance/glance-image-import.conf', '/etc/glance/glance-api.conf'] {{(pid=114907) log_opt_values /opt/stack/data/venv/lib/python3.12/site-packages/oslo_config/cfg.py:3232}}
May 28 01:46:59 ubuntu devstack@g-api.service[114907]: DEBUG glance.common.config [None req-d97e2c9a-93e5-4d22-bd3d-968078a71c7e None None] ================================================================================ {{(pid=114907) log_opt_values /opt/stack/data/venv/lib/python3.12/site-packages/oslo_config/cfg.py:3237}}
May 28 01:46:59 ubuntu devstack@g-api.service[114907]: DEBUG glance.common.config [None req-d97e2c9a-93e5-4d22-bd3d-968078a71c7e None None] allow_anonymous_access         = False {{(pid=114907) log_opt_values /opt/stack/data/venv/lib/python3.12/site-packages/oslo_config/cfg.py:3245}}
May 28 01:46:59 ubuntu devstack@g-api.service[114907]: DEBUG glance.common.config [None req-d97e2c9a-93e5-4d22-bd3d-968078a71c7e None None] api_limit_max                  = 1000 {{(pid=114907) log_opt_values /opt/stack/data/venv/lib/python3.12/site-packages/oslo_config/cfg.py:3245}}
May 28 01:46:59 ubuntu devstack@g-api.service[114907]: DEBUG glance.common.config [None req-d97e2c9a-93e5-4d22-bd3d-968078a71c7e None None] backlog                        = 4096 {{(pid=114907) log_opt_values /opt/stack/data/venv/lib/python3.12/site-packages/oslo_config/cfg.py:3245}}
May 28 01:46:59 ubuntu devstack@g-api.service[114907]: DEBUG glance.common.config [None req-d97e2c9a-93e5-4d22-bd3d-968078a71c7e None None] bind_host                      = 0.0.0.0 {{(pid=114907) log_opt_values /opt/stack/data/venv/lib/python3.12/site-packages/oslo_config/cfg.py:3245}}
May 28 01:46:59 ubuntu devstack@g-api.service[114907]: DEBUG glance.common.config [None req-d97e2c9a-93e5-4d22-bd3d-968078a71c7e None None] bind_port                      = None {{(pid=114907) log_opt_values /opt/stack/data/venv/lib/python3.12/site-packages/oslo_config/cfg.py:3245}}
May 28 01:46:59 ubuntu devstack@g-api.service[114907]: DEBUG glance.common.config [None req-d97e2c9a-93e5-4d22-bd3d-968078a71c7e None None] client_socket_timeout          = 900 {{(pid=114907) log_opt_values /opt/stack/data/venv/lib/python3.12/site-packages/oslo_config/cfg.py:3245}}
May 28 01:46:59 ubuntu devstack@g-api.service[114907]: DEBUG glance.common.config [None req-d97e2c9a-93e5-4d22-bd3d-968078a71c7e None None] config_dir                     = [] {{(pid=114907) log_opt_values /opt/stack/data/venv/lib/python3.12/site-packages/oslo_config/cfg.py:3245}}
May 28 01:46:59 ubuntu devstack@g-api.service[114907]: DEBUG glance.common.config [None req-d97e2c9a-93e5-4d22-bd3d-968078a71c7e None None] config_file                    = ['/etc/glance/glance-image-import.conf', '/etc/glance/glance-api.conf'] {{(pid=114907) log_opt_values /opt/stack/data/venv/lib/python3.12/site-packages/oslo_config/cfg.py:3245}}
May 28 01:46:59 ubuntu devstack@g-api.service[114907]: DEBUG glance.common.config [None req-d97e2c9a-93e5-4d22-bd3d-968078a71c7e None None] config_source                  = [] {{(pid=114907) log_opt_values /opt/stack/data/venv/lib/python3.12/site-packages/oslo_config/cfg.py:3245}}
May 28 01:46:59 ubuntu devstack@g-api.service[114907]: DEBUG glance.common.config [None req-d97e2c9a-93e5-4d22-bd3d-968078a71c7e None None] control_exchange               = glance {{(pid=114907) log_opt_values /opt/stack/data/venv/lib/python3.12/site-packages/oslo_config/cfg.py:3245}}
May 28 01:46:59 ubuntu devstack@g-api.service[114907]: DEBUG glance.common.config [None req-d97e2c9a-93e5-4d22-bd3d-968078a71c7e None None] debug                          = True {{(pid=114907) log_opt_values /opt/stack/data/venv/lib/python3.12/site-packages/oslo_config/cfg.py:3245}}
May 28 01:46:59 ubuntu devstack@g-api.service[114907]: DEBUG glance.common.config [None req-d97e2c9a-93e5-4d22-bd3d-968078a71c7e None None] default_log_levels             = ['amqp=WARN', 'boto=WARN', 'sqlalchemy=WARN', 'suds=INFO', 'oslo.messaging=INFO', 'oslo_messaging=INFO', 'iso8601=WARN', 'requests.packages.urllib3.connectionpool=WARN', 'urllib3.connectionpool=WARN', 'websocket=WARN', 'requests.packages.urllib3.util.retry=WARN', 'urllib3.util.retry=WARN', 'keystonemiddleware=WARN', 'routes.middleware=WARN', 'stevedore=WARN', 'taskflow=WARN', 'keystoneauth=WARN', 'oslo.cache=INFO', 'oslo_policy=INFO', 'dogpile.core.dogpile=INFO'] {{(pid=114907) log_opt_values /opt/stack/data/venv/lib/python3.12/site-packages/oslo_config/cfg.py:3245}}
May 28 01:46:59 ubuntu devstack@g-api.service[114907]: DEBUG glance.common.config [None req-d97e2c9a-93e5-4d22-bd3d-968078a71c7e None None] default_publisher_id           = image.localhost {{(pid=114907) log_opt_values /opt/stack/data/venv/lib/python3.12/site-packages/oslo_config/cfg.py:3245}}
May 28 01:46:59 ubuntu devstack@g-api.service[114907]: DEBUG glance.common.config [None req-d97e2c9a-93e5-4d22-bd3d-968078a71c7e None None] delayed_delete                 = False {{(pid=114907) log_opt_values /opt/stack/data/venv/lib/python3.12/site-packages/oslo_config/cfg.py:3245}}
May 28 01:46:59 ubuntu devstack@g-api.service[114907]: DEBUG glance.common.config [None req-d97e2c9a-93e5-4d22-bd3d-968078a71c7e None None] digest_algorithm               = sha256 {{(pid=114907) log_opt_values /opt/stack/data/venv/lib/python3.12/site-packages/oslo_config/cfg.py:3245}}
May 28 01:46:59 ubuntu devstack@g-api.service[114907]: DEBUG glance.common.config [None req-d97e2c9a-93e5-4d22-bd3d-968078a71c7e None None] disabled_notifications         = [] {{(pid=114907) log_opt_values /opt/stack/data/venv/lib/python3.12/site-packages/oslo_config/cfg.py:3245}}
May 28 01:46:59 ubuntu devstack@g-api.service[114907]: DEBUG glance.common.config [None req-d97e2c9a-93e5-4d22-bd3d-968078a71c7e None None] do_secure_hash                 = True {{(pid=114907) log_opt_values /opt/stack/data/venv/lib/python3.12/site-packages/oslo_config/cfg.py:3245}}
May 28 01:46:59 ubuntu devstack@g-api.service[114907]: DEBUG glance.common.config [None req-d97e2c9a-93e5-4d22-bd3d-968078a71c7e None None] enabled_backends               = None {{(pid=114907) log_opt_values /opt/stack/data/venv/lib/python3.12/site-packages/oslo_config/cfg.py:3245}}
May 28 01:46:59 ubuntu devstack@g-api.service[114907]: DEBUG glance.common.config [None req-d97e2c9a-93e5-4d22-bd3d-968078a71c7e None None] enabled_import_methods         = ['glance-direct', 'web-download', 'copy-image'] {{(pid=114907) log_opt_values /opt/stack/data/venv/lib/python3.12/site-packages/oslo_config/cfg.py:3245}}
May 28 01:46:59 ubuntu devstack@g-api.service[114907]: DEBUG glance.common.config [None req-d97e2c9a-93e5-4d22-bd3d-968078a71c7e None None] hashing_algorithm              = sha512 {{(pid=114907) log_opt_values /opt/stack/data/venv/lib/python3.12/site-packages/oslo_config/cfg.py:3245}}
May 28 01:46:59 ubuntu devstack@g-api.service[114907]: DEBUG glance.common.config [None req-d97e2c9a-93e5-4d22-bd3d-968078a71c7e None None] http_keepalive                 = True {{(pid=114907) log_opt_values /opt/stack/data/venv/lib/python3.12/site-packages/oslo_config/cfg.py:3245}}
May 28 01:46:59 ubuntu devstack@g-api.service[114907]: DEBUG glance.common.config [None req-d97e2c9a-93e5-4d22-bd3d-968078a71c7e None None] http_retries                   = 3 {{(pid=114907) log_opt_values /opt/stack/data/venv/lib/python3.12/site-packages/oslo_config/cfg.py:3245}}
May 28 01:46:59 ubuntu devstack@g-api.service[114907]: DEBUG glance.common.config [None req-d97e2c9a-93e5-4d22-bd3d-968078a71c7e None None] image_cache_dir                = /opt/stack/data/glance/cache/ {{(pid=114907) log_opt_values /opt/stack/data/venv/lib/python3.12/site-packages/oslo_config/cfg.py:3245}}
May 28 01:46:59 ubuntu devstack@g-api.service[114907]: DEBUG glance.common.config [None req-d97e2c9a-93e5-4d22-bd3d-968078a71c7e None None] image_cache_driver             = centralized_db {{(pid=114907) log_opt_values /opt/stack/data/venv/lib/python3.12/site-packages/oslo_config/cfg.py:3245}}
May 28 01:46:59 ubuntu devstack@g-api.service[114907]: DEBUG glance.common.config [None req-d97e2c9a-93e5-4d22-bd3d-968078a71c7e None None] image_cache_max_size           = 10737418240 {{(pid=114907) log_opt_values /opt/stack/data/venv/lib/python3.12/site-packages/oslo_config/cfg.py:3245}}
May 28 01:46:59 ubuntu devstack@g-api.service[114907]: DEBUG glance.common.config [None req-d97e2c9a-93e5-4d22-bd3d-968078a71c7e None None] image_cache_sqlite_db          = cache.db {{(pid=114907) log_opt_values /opt/stack/data/venv/lib/python3.12/site-packages/oslo_config/cfg.py:3245}}
May 28 01:46:59 ubuntu devstack@g-api.service[114907]: DEBUG glance.common.config [None req-d97e2c9a-93e5-4d22-bd3d-968078a71c7e None None] image_cache_stall_time         = 86400 {{(pid=114907) log_opt_values /opt/stack/data/venv/lib/python3.12/site-packages/oslo_config/cfg.py:3245}}
May 28 01:46:59 ubuntu devstack@g-api.service[114907]: DEBUG glance.common.config [None req-d97e2c9a-93e5-4d22-bd3d-968078a71c7e None None] image_location_quota           = 10 {{(pid=114907) log_opt_values /opt/stack/data/venv/lib/python3.12/site-packages/oslo_config/cfg.py:3245}}
May 28 01:46:59 ubuntu devstack@g-api.service[114907]: DEBUG glance.common.config [None req-d97e2c9a-93e5-4d22-bd3d-968078a71c7e None None] image_member_quota             = 128 {{(pid=114907) log_opt_values /opt/stack/data/venv/lib/python3.12/site-packages/oslo_config/cfg.py:3245}}
May 28 01:46:59 ubuntu devstack@g-api.service[114907]: DEBUG glance.common.config [None req-d97e2c9a-93e5-4d22-bd3d-968078a71c7e None None] image_property_quota           = 128 {{(pid=114907) log_opt_values /opt/stack/data/venv/lib/python3.12/site-packages/oslo_config/cfg.py:3245}}
May 28 01:46:59 ubuntu devstack@g-api.service[114907]: DEBUG glance.common.config [None req-d97e2c9a-93e5-4d22-bd3d-968078a71c7e None None] image_size_cap                 = 1099511627776 {{(pid=114907) log_opt_values /opt/stack/data/venv/lib/python3.12/site-packages/oslo_config/cfg.py:3245}}
May 28 01:46:59 ubuntu devstack@g-api.service[114907]: DEBUG glance.common.config [None req-d97e2c9a-93e5-4d22-bd3d-968078a71c7e None None] image_tag_quota                = 128 {{(pid=114907) log_opt_values /opt/stack/data/venv/lib/python3.12/site-packages/oslo_config/cfg.py:3245}}
May 28 01:46:59 ubuntu devstack@g-api.service[114907]: DEBUG glance.common.config [None req-d97e2c9a-93e5-4d22-bd3d-968078a71c7e None None] instance_format                = [instance: %(uuid)s]  {{(pid=114907) log_opt_values /opt/stack/data/venv/lib/python3.12/site-packages/oslo_config/cfg.py:3245}}
May 28 01:46:59 ubuntu devstack@g-api.service[114907]: DEBUG glance.common.config [None req-d97e2c9a-93e5-4d22-bd3d-968078a71c7e None None] instance_uuid_format           = [instance: %(uuid)s]  {{(pid=114907) log_opt_values /opt/stack/data/venv/lib/python3.12/site-packages/oslo_config/cfg.py:3245}}
May 28 01:46:59 ubuntu devstack@g-api.service[114907]: DEBUG glance.common.config [None req-d97e2c9a-93e5-4d22-bd3d-968078a71c7e None None] limit_param_default            = 25 {{(pid=114907) log_opt_values /opt/stack/data/venv/lib/python3.12/site-packages/oslo_config/cfg.py:3245}}
May 28 01:46:59 ubuntu devstack@g-api.service[114907]: DEBUG glance.common.config [None req-d97e2c9a-93e5-4d22-bd3d-968078a71c7e None None] log_color                      = True {{(pid=114907) log_opt_values /opt/stack/data/venv/lib/python3.12/site-packages/oslo_config/cfg.py:3245}}
May 28 01:46:59 ubuntu devstack@g-api.service[114907]: DEBUG glance.common.config [None req-d97e2c9a-93e5-4d22-bd3d-968078a71c7e None None] log_config_append              = None {{(pid=114907) log_opt_values /opt/stack/data/venv/lib/python3.12/site-packages/oslo_config/cfg.py:3245}}
May 28 01:46:59 ubuntu devstack@g-api.service[114907]: DEBUG glance.common.config [None req-d97e2c9a-93e5-4d22-bd3d-968078a71c7e None None] log_date_format                = %Y-%m-%d %H:%M:%S {{(pid=114907) log_opt_values /opt/stack/data/venv/lib/python3.12/site-packages/oslo_config/cfg.py:3245}}
May 28 01:46:59 ubuntu devstack@g-api.service[114907]: DEBUG glance.common.config [None req-d97e2c9a-93e5-4d22-bd3d-968078a71c7e None None] log_dir                        = None {{(pid=114907) log_opt_values /opt/stack/data/venv/lib/python3.12/site-packages/oslo_config/cfg.py:3245}}
May 28 01:46:59 ubuntu devstack@g-api.service[114907]: DEBUG glance.common.config [None req-d97e2c9a-93e5-4d22-bd3d-968078a71c7e None None] log_file                       = None {{(pid=114907) log_opt_values /opt/stack/data/venv/lib/python3.12/site-packages/oslo_config/cfg.py:3245}}
May 28 01:46:59 ubuntu devstack@g-api.service[114907]: DEBUG glance.common.config [None req-d97e2c9a-93e5-4d22-bd3d-968078a71c7e None None] log_rotate_interval            = 1 {{(pid=114907) log_opt_values /opt/stack/data/venv/lib/python3.12/site-packages/oslo_config/cfg.py:3245}}
May 28 01:46:59 ubuntu devstack@g-api.service[114907]: DEBUG glance.common.config [None req-d97e2c9a-93e5-4d22-bd3d-968078a71c7e None None] log_rotate_interval_type       = days {{(pid=114907) log_opt_values /opt/stack/data/venv/lib/python3.12/site-packages/oslo_config/cfg.py:3245}}
May 28 01:46:59 ubuntu devstack@g-api.service[114907]: DEBUG glance.common.config [None req-d97e2c9a-93e5-4d22-bd3d-968078a71c7e None None] log_rotation_type              = none {{(pid=114907) log_opt_values /opt/stack/data/venv/lib/python3.12/site-packages/oslo_config/cfg.py:3245}}
May 28 01:46:59 ubuntu devstack@g-api.service[114907]: DEBUG glance.common.config [None req-d97e2c9a-93e5-4d22-bd3d-968078a71c7e None None] logging_context_format_string  = %(color)s%(levelname)s %(name)s [%(global_request_id)s %(request_id)s %(project_name)s %(user_name)s%(color)s] %(instance)s%(color)s%(message)s {{(pid=114907) log_opt_values /opt/stack/data/venv/lib/python3.12/site-packages/oslo_config/cfg.py:3245}}
May 28 01:46:59 ubuntu devstack@g-api.service[114907]: DEBUG glance.common.config [None req-d97e2c9a-93e5-4d22-bd3d-968078a71c7e None None] logging_debug_format_suffix    = {{(pid=%(process)d) %(funcName)s %(pathname)s:%(lineno)d}} {{(pid=114907) log_opt_values /opt/stack/data/venv/lib/python3.12/site-packages/oslo_config/cfg.py:3245}}
May 28 01:46:59 ubuntu devstack@g-api.service[114907]: DEBUG glance.common.config [None req-d97e2c9a-93e5-4d22-bd3d-968078a71c7e None None] logging_default_format_string  = %(color)s%(levelname)s %(name)s [-%(color)s] %(instance)s%(color)s%(message)s {{(pid=114907) log_opt_values /opt/stack/data/venv/lib/python3.12/site-packages/oslo_config/cfg.py:3245}}
May 28 01:46:59 ubuntu devstack@g-api.service[114907]: DEBUG glance.common.config [None req-d97e2c9a-93e5-4d22-bd3d-968078a71c7e None None] logging_exception_prefix       = ERROR %(name)s %(instance)s {{(pid=114907) log_opt_values /opt/stack/data/venv/lib/python3.12/site-packages/oslo_config/cfg.py:3245}}
May 28 01:46:59 ubuntu devstack@g-api.service[114907]: DEBUG glance.common.config [None req-d97e2c9a-93e5-4d22-bd3d-968078a71c7e None None] logging_user_identity_format   = %(user)s %(project)s %(domain)s %(system_scope)s %(user_domain)s %(project_domain)s {{(pid=114907) log_opt_values /opt/stack/data/venv/lib/python3.12/site-packages/oslo_config/cfg.py:3245}}
May 28 01:46:59 ubuntu devstack@g-api.service[114907]: DEBUG glance.common.config [None req-d97e2c9a-93e5-4d22-bd3d-968078a71c7e None None] max_header_line                = 16384 {{(pid=114907) log_opt_values /opt/stack/data/venv/lib/python3.12/site-packages/oslo_config/cfg.py:3245}}
May 28 01:46:59 ubuntu devstack@g-api.service[114907]: DEBUG glance.common.config [None req-d97e2c9a-93e5-4d22-bd3d-968078a71c7e None None] max_logfile_count              = 30 {{(pid=114907) log_opt_values /opt/stack/data/venv/lib/python3.12/site-packages/oslo_config/cfg.py:3245}}
May 28 01:46:59 ubuntu devstack@g-api.service[114907]: DEBUG glance.common.config [None req-d97e2c9a-93e5-4d22-bd3d-968078a71c7e None None] max_logfile_size_mb            = 200 {{(pid=114907) log_opt_values /opt/stack/data/venv/lib/python3.12/site-packages/oslo_config/cfg.py:3245}}
May 28 01:46:59 ubuntu devstack@g-api.service[114907]: DEBUG glance.common.config [None req-d97e2c9a-93e5-4d22-bd3d-968078a71c7e None None] max_request_id_length          = 64 {{(pid=114907) log_opt_values /opt/stack/data/venv/lib/python3.12/site-packages/oslo_config/cfg.py:3245}}
May 28 01:46:59 ubuntu devstack@g-api.service[114906]: INFO glance.api.middleware.cache [None req-d7f168e5-8a67-4fbd-83f6-010624ee5a6c None None] Initialized image cache middleware
May 28 01:46:59 ubuntu devstack@g-api.service[114907]: DEBUG glance.common.config [None req-d97e2c9a-93e5-4d22-bd3d-968078a71c7e None None] metadata_encryption_key        = **** {{(pid=114907) log_opt_values /opt/stack/data/venv/lib/python3.12/site-packages/oslo_config/cfg.py:3245}}
May 28 01:46:59 ubuntu devstack@g-api.service[114907]: DEBUG glance.common.config [None req-d97e2c9a-93e5-4d22-bd3d-968078a71c7e None None] node_staging_uri               = file:///tmp/staging/ {{(pid=114907) log_opt_values /opt/stack/data/venv/lib/python3.12/site-packages/oslo_config/cfg.py:3245}}
May 28 01:46:59 ubuntu devstack@g-api.service[114907]: DEBUG glance.common.config [None req-d97e2c9a-93e5-4d22-bd3d-968078a71c7e None None] property_protection_file       = None {{(pid=114907) log_opt_values /opt/stack/data/venv/lib/python3.12/site-packages/oslo_config/cfg.py:3245}}
May 28 01:46:59 ubuntu devstack@g-api.service[114907]: DEBUG glance.common.config [None req-d97e2c9a-93e5-4d22-bd3d-968078a71c7e None None] property_protection_rule_format = roles {{(pid=114907) log_opt_values /opt/stack/data/venv/lib/python3.12/site-packages/oslo_config/cfg.py:3245}}
May 28 01:46:59 ubuntu devstack@g-api.service[114907]: DEBUG glance.common.config [None req-d97e2c9a-93e5-4d22-bd3d-968078a71c7e None None] public_endpoint                = http://10.201.5.127/image {{(pid=114907) log_opt_values /opt/stack/data/venv/lib/python3.12/site-packages/oslo_config/cfg.py:3245}}
May 28 01:46:59 ubuntu devstack@g-api.service[114907]: DEBUG glance.common.config [None req-d97e2c9a-93e5-4d22-bd3d-968078a71c7e None None] publish_errors                 = False {{(pid=114907) log_opt_values /opt/stack/data/venv/lib/python3.12/site-packages/oslo_config/cfg.py:3245}}
May 28 01:46:59 ubuntu devstack@g-api.service[114907]: DEBUG glance.common.config [None req-d97e2c9a-93e5-4d22-bd3d-968078a71c7e None None] pydev_worker_debug_host        = None {{(pid=114907) log_opt_values /opt/stack/data/venv/lib/python3.12/site-packages/oslo_config/cfg.py:3245}}
May 28 01:46:59 ubuntu devstack@g-api.service[114907]: DEBUG glance.common.config [None req-d97e2c9a-93e5-4d22-bd3d-968078a71c7e None None] pydev_worker_debug_port        = 5678 {{(pid=114907) log_opt_values /opt/stack/data/venv/lib/python3.12/site-packages/oslo_config/cfg.py:3245}}
May 28 01:46:59 ubuntu devstack@g-api.service[114907]: DEBUG glance.common.config [None req-d97e2c9a-93e5-4d22-bd3d-968078a71c7e None None] rate_limit_burst               = 0 {{(pid=114907) log_opt_values /opt/stack/data/venv/lib/python3.12/site-packages/oslo_config/cfg.py:3245}}
