May 11 00:42:05 ubuntu systemd[1]: Starting devstack@g-api.service - Devstack devstack@g-api.service...
May 11 00:42:05 ubuntu devstack@g-api.service[118734]: [uWSGI] getting INI configuration from /etc/glance/glance-uwsgi.ini
May 11 00:42:05 ubuntu devstack@g-api.service[118734]: *** Starting uWSGI 2.0.24-debian (64bit) on [Mon May 11 00:42:05 2026] ***
May 11 00:42:05 ubuntu devstack@g-api.service[118734]: compiled with version: 13.2.0 on 17 April 2024 16:23:48
May 11 00:42:05 ubuntu devstack@g-api.service[118734]: os: Linux-6.8.0-100-generic #100-Ubuntu SMP PREEMPT_DYNAMIC Tue Jan 13 16:40:06 UTC 2026
May 11 00:42:05 ubuntu devstack@g-api.service[118734]: nodename: ubuntu
May 11 00:42:05 ubuntu devstack@g-api.service[118734]: machine: x86_64
May 11 00:42:05 ubuntu devstack@g-api.service[118734]: clock source: unix
May 11 00:42:05 ubuntu devstack@g-api.service[118734]: pcre jit disabled
May 11 00:42:05 ubuntu devstack@g-api.service[118734]: detected number of CPU cores: 4
May 11 00:42:05 ubuntu devstack@g-api.service[118734]: current working directory: /
May 11 00:42:05 ubuntu devstack@g-api.service[118734]: detected binary path: /usr/bin/uwsgi-core
May 11 00:42:05 ubuntu devstack@g-api.service[118734]: your processes number limit is 31446
May 11 00:42:05 ubuntu devstack@g-api.service[118734]: your memory page size is 4096 bytes
May 11 00:42:05 ubuntu devstack@g-api.service[118734]: detected max file descriptor number: 2048
May 11 00:42:05 ubuntu devstack@g-api.service[118734]: lock engine: pthread robust mutexes
May 11 00:42:05 ubuntu devstack@g-api.service[118734]: thunder lock: enabled
May 11 00:42:05 ubuntu devstack@g-api.service[118734]: uwsgi socket 0 bound to TCP address 127.0.0.1:60999 fd 4
May 11 00:42:05 ubuntu devstack@g-api.service[118734]: Python version: 3.12.3 (main, Mar 23 2026, 19:04:32) [GCC 13.3.0]
May 11 00:42:05 ubuntu devstack@g-api.service[118734]: PEP 405 virtualenv detected: /opt/stack/data/venv
May 11 00:42:05 ubuntu devstack@g-api.service[118734]: Set PythonHome to /opt/stack/data/venv
May 11 00:42:05 ubuntu devstack@g-api.service[118734]: Python main interpreter initialized at 0x72f6e7ca3668
May 11 00:42:05 ubuntu devstack@g-api.service[118734]: python threads support enabled
May 11 00:42:05 ubuntu devstack@g-api.service[118734]: your server socket listen backlog is limited to 100 connections
May 11 00:42:05 ubuntu devstack@g-api.service[118734]: your mercy for graceful operations on workers is 80 seconds
May 11 00:42:05 ubuntu devstack@g-api.service[118734]: mapped 403077 bytes (393 KB) for 2 cores
May 11 00:42:05 ubuntu devstack@g-api.service[118734]: *** Operational MODE: preforking ***
May 11 00:42:05 ubuntu devstack@g-api.service[118734]: *** uWSGI is running in multiple interpreter mode ***
May 11 00:42:05 ubuntu devstack@g-api.service[118734]: spawned uWSGI master process (pid: 118734)
May 11 00:42:05 ubuntu systemd[1]: Started devstack@g-api.service - Devstack devstack@g-api.service.
May 11 00:42:05 ubuntu devstack@g-api.service[118734]: spawned uWSGI worker 1 (pid: 118735, cores: 1)
May 11 00:42:05 ubuntu devstack@g-api.service[118734]: spawned uWSGI worker 2 (pid: 118737, cores: 1)
May 11 00:42:05 ubuntu devstack@g-api.service[118734]: running "unix_signal:15 gracefully_kill_them_all" (master-start)...
May 11 00:42:05 ubuntu devstack@g-api.service[118737]: /opt/stack/data/venv/lib/python3.12/site-packages/oslo_utils/importutils.py:77: EventletDeprecationWarning:
May 11 00:42:05 ubuntu devstack@g-api.service[118737]: Eventlet is deprecated. It is currently being maintained in bugfix mode, and
May 11 00:42:05 ubuntu devstack@g-api.service[118737]: we strongly recommend against using it for new projects.
May 11 00:42:05 ubuntu devstack@g-api.service[118737]: If you are already using Eventlet, we recommend migrating to a different
May 11 00:42:05 ubuntu devstack@g-api.service[118737]: framework.  For more detail see
May 11 00:42:05 ubuntu devstack@g-api.service[118737]: https://eventlet.readthedocs.io/en/latest/asyncio/migration.html
May 11 00:42:05 ubuntu devstack@g-api.service[118737]:   __import__(import_str)
May 11 00:42:05 ubuntu devstack@g-api.service[118735]: /opt/stack/data/venv/lib/python3.12/site-packages/oslo_utils/importutils.py:77: EventletDeprecationWarning:
May 11 00:42:05 ubuntu devstack@g-api.service[118735]: Eventlet is deprecated. It is currently being maintained in bugfix mode, and
May 11 00:42:05 ubuntu devstack@g-api.service[118735]: we strongly recommend against using it for new projects.
May 11 00:42:05 ubuntu devstack@g-api.service[118735]: If you are already using Eventlet, we recommend migrating to a different
May 11 00:42:05 ubuntu devstack@g-api.service[118735]: framework.  For more detail see
May 11 00:42:05 ubuntu devstack@g-api.service[118735]: https://eventlet.readthedocs.io/en/latest/asyncio/migration.html
May 11 00:42:05 ubuntu devstack@g-api.service[118735]:   __import__(import_str)
May 11 00:42:06 ubuntu devstack@g-api.service[118737]: INFO glance.async_ [-] Threadpool model set to 'NativeThreadPoolModel'
May 11 00:42:06 ubuntu devstack@g-api.service[118735]: INFO glance.async_ [-] Threadpool model set to 'NativeThreadPoolModel'
May 11 00:42:06 ubuntu devstack@g-api.service[118735]: DEBUG oslo_concurrency.processutils [-] Running cmd (subprocess): grep -F node.session.scan /sbin/iscsiadm {{(pid=118735) execute /opt/stack/data/venv/lib/python3.12/site-packages/oslo_concurrency/processutils.py:440}}
May 11 00:42:06 ubuntu devstack@g-api.service[118737]: DEBUG oslo_concurrency.processutils [-] Running cmd (subprocess): grep -F node.session.scan /sbin/iscsiadm {{(pid=118737) execute /opt/stack/data/venv/lib/python3.12/site-packages/oslo_concurrency/processutils.py:440}}
May 11 00:42:06 ubuntu devstack@g-api.service[118737]: DEBUG oslo_concurrency.processutils [-] CMD "grep -F node.session.scan /sbin/iscsiadm" returned: 0 in 0.009s {{(pid=118737) execute /opt/stack/data/venv/lib/python3.12/site-packages/oslo_concurrency/processutils.py:468}}
May 11 00:42:06 ubuntu devstack@g-api.service[118735]: DEBUG oslo_concurrency.processutils [-] CMD "grep -F node.session.scan /sbin/iscsiadm" returned: 0 in 0.014s {{(pid=118735) execute /opt/stack/data/venv/lib/python3.12/site-packages/oslo_concurrency/processutils.py:468}}
May 11 00:42:06 ubuntu devstack@g-api.service[118735]: DEBUG glance_store.backend [-] Attempting to import store cinder {{(pid=118735) _load_store /opt/stack/data/venv/lib/python3.12/site-packages/glance_store/backend.py:215}}
May 11 00:42:06 ubuntu devstack@g-api.service[118737]: DEBUG glance_store.backend [-] Attempting to import store cinder {{(pid=118737) _load_store /opt/stack/data/venv/lib/python3.12/site-packages/glance_store/backend.py:215}}
May 11 00:42:06 ubuntu devstack@g-api.service[118735]: DEBUG glance_store.backend [-] Attempting to import store file {{(pid=118735) _load_store /opt/stack/data/venv/lib/python3.12/site-packages/glance_store/backend.py:215}}
May 11 00:42:06 ubuntu devstack@g-api.service[118737]: DEBUG glance_store.backend [-] Attempting to import store file {{(pid=118737) _load_store /opt/stack/data/venv/lib/python3.12/site-packages/glance_store/backend.py:215}}
May 11 00:42:06 ubuntu devstack@g-api.service[118735]: DEBUG glance_store.backend [-] Attempting to import store glance.store.cinder.Store {{(pid=118735) _load_store /opt/stack/data/venv/lib/python3.12/site-packages/glance_store/backend.py:215}}
May 11 00:42:06 ubuntu devstack@g-api.service[118737]: DEBUG glance_store.backend [-] Attempting to import store glance.store.cinder.Store {{(pid=118737) _load_store /opt/stack/data/venv/lib/python3.12/site-packages/glance_store/backend.py:215}}
May 11 00:42:06 ubuntu devstack@g-api.service[118735]: DEBUG glance_store.backend [-] Attempting to import store glance.store.filesystem.Store {{(pid=118735) _load_store /opt/stack/data/venv/lib/python3.12/site-packages/glance_store/backend.py:215}}
May 11 00:42:06 ubuntu devstack@g-api.service[118737]: DEBUG glance_store.backend [-] Attempting to import store glance.store.filesystem.Store {{(pid=118737) _load_store /opt/stack/data/venv/lib/python3.12/site-packages/glance_store/backend.py:215}}
May 11 00:42:06 ubuntu devstack@g-api.service[118735]: DEBUG glance_store.backend [-] Attempting to import store glance.store.http.Store {{(pid=118735) _load_store /opt/stack/data/venv/lib/python3.12/site-packages/glance_store/backend.py:215}}
May 11 00:42:06 ubuntu devstack@g-api.service[118737]: DEBUG glance_store.backend [-] Attempting to import store glance.store.http.Store {{(pid=118737) _load_store /opt/stack/data/venv/lib/python3.12/site-packages/glance_store/backend.py:215}}
May 11 00:42:06 ubuntu devstack@g-api.service[118735]: DEBUG glance_store.backend [-] Attempting to import store glance.store.rbd.Store {{(pid=118735) _load_store /opt/stack/data/venv/lib/python3.12/site-packages/glance_store/backend.py:215}}
May 11 00:42:06 ubuntu devstack@g-api.service[118737]: DEBUG glance_store.backend [-] Attempting to import store glance.store.rbd.Store {{(pid=118737) _load_store /opt/stack/data/venv/lib/python3.12/site-packages/glance_store/backend.py:215}}
May 11 00:42:06 ubuntu devstack@g-api.service[118735]: DEBUG glance_store.backend [-] Attempting to import store glance.store.s3.Store {{(pid=118735) _load_store /opt/stack/data/venv/lib/python3.12/site-packages/glance_store/backend.py:215}}
May 11 00:42:06 ubuntu devstack@g-api.service[118737]: DEBUG glance_store.backend [-] Attempting to import store glance.store.s3.Store {{(pid=118737) _load_store /opt/stack/data/venv/lib/python3.12/site-packages/glance_store/backend.py:215}}
May 11 00:42:06 ubuntu devstack@g-api.service[118735]: DEBUG glance_store.backend [-] Attempting to import store glance.store.swift.Store {{(pid=118735) _load_store /opt/stack/data/venv/lib/python3.12/site-packages/glance_store/backend.py:215}}
May 11 00:42:06 ubuntu devstack@g-api.service[118737]: DEBUG glance_store.backend [-] Attempting to import store glance.store.swift.Store {{(pid=118737) _load_store /opt/stack/data/venv/lib/python3.12/site-packages/glance_store/backend.py:215}}
May 11 00:42:06 ubuntu devstack@g-api.service[118735]: DEBUG glance_store.backend [-] Attempting to import store glance.store.vmware_datastore.Store {{(pid=118735) _load_store /opt/stack/data/venv/lib/python3.12/site-packages/glance_store/backend.py:215}}
May 11 00:42:06 ubuntu devstack@g-api.service[118737]: DEBUG glance_store.backend [-] Attempting to import store glance.store.vmware_datastore.Store {{(pid=118737) _load_store /opt/stack/data/venv/lib/python3.12/site-packages/glance_store/backend.py:215}}
May 11 00:42:06 ubuntu devstack@g-api.service[118735]: DEBUG glance_store.backend [-] Attempting to import store http {{(pid=118735) _load_store /opt/stack/data/venv/lib/python3.12/site-packages/glance_store/backend.py:215}}
May 11 00:42:06 ubuntu devstack@g-api.service[118737]: DEBUG glance_store.backend [-] Attempting to import store http {{(pid=118737) _load_store /opt/stack/data/venv/lib/python3.12/site-packages/glance_store/backend.py:215}}
May 11 00:42:06 ubuntu devstack@g-api.service[118735]: DEBUG glance_store.backend [-] Attempting to import store no_conf {{(pid=118735) _load_store /opt/stack/data/venv/lib/python3.12/site-packages/glance_store/backend.py:215}}
May 11 00:42:06 ubuntu devstack@g-api.service[118737]: DEBUG glance_store.backend [-] Attempting to import store no_conf {{(pid=118737) _load_store /opt/stack/data/venv/lib/python3.12/site-packages/glance_store/backend.py:215}}
May 11 00:42:06 ubuntu devstack@g-api.service[118735]: DEBUG glance_store.backend [-] Attempting to import store rbd {{(pid=118735) _load_store /opt/stack/data/venv/lib/python3.12/site-packages/glance_store/backend.py:215}}
May 11 00:42:06 ubuntu devstack@g-api.service[118737]: DEBUG glance_store.backend [-] Attempting to import store rbd {{(pid=118737) _load_store /opt/stack/data/venv/lib/python3.12/site-packages/glance_store/backend.py:215}}
May 11 00:42:06 ubuntu devstack@g-api.service[118735]: DEBUG glance_store.backend [-] Attempting to import store s3 {{(pid=118735) _load_store /opt/stack/data/venv/lib/python3.12/site-packages/glance_store/backend.py:215}}
May 11 00:42:06 ubuntu devstack@g-api.service[118737]: DEBUG glance_store.backend [-] Attempting to import store s3 {{(pid=118737) _load_store /opt/stack/data/venv/lib/python3.12/site-packages/glance_store/backend.py:215}}
May 11 00:42:06 ubuntu devstack@g-api.service[118735]: DEBUG glance_store.backend [-] Attempting to import store swift {{(pid=118735) _load_store /opt/stack/data/venv/lib/python3.12/site-packages/glance_store/backend.py:215}}
May 11 00:42:06 ubuntu devstack@g-api.service[118737]: DEBUG glance_store.backend [-] Attempting to import store swift {{(pid=118737) _load_store /opt/stack/data/venv/lib/python3.12/site-packages/glance_store/backend.py:215}}
May 11 00:42:06 ubuntu devstack@g-api.service[118735]: DEBUG glance_store.backend [-] Attempting to import store vmware {{(pid=118735) _load_store /opt/stack/data/venv/lib/python3.12/site-packages/glance_store/backend.py:215}}
May 11 00:42:06 ubuntu devstack@g-api.service[118737]: DEBUG glance_store.backend [-] Attempting to import store vmware {{(pid=118737) _load_store /opt/stack/data/venv/lib/python3.12/site-packages/glance_store/backend.py:215}}
May 11 00:42:06 ubuntu devstack@g-api.service[118735]: DEBUG glance_store.backend [-] Registering options for group glance_store {{(pid=118735) register_opts /opt/stack/data/venv/lib/python3.12/site-packages/glance_store/backend.py:144}}
May 11 00:42:06 ubuntu devstack@g-api.service[118737]: DEBUG glance_store.backend [-] Registering options for group glance_store {{(pid=118737) register_opts /opt/stack/data/venv/lib/python3.12/site-packages/glance_store/backend.py:144}}
May 11 00:42:06 ubuntu devstack@g-api.service[118735]: DEBUG glance_store.backend [-] Registering options for group glance_store {{(pid=118735) register_opts /opt/stack/data/venv/lib/python3.12/site-packages/glance_store/backend.py:144}}
May 11 00:42:06 ubuntu devstack@g-api.service[118737]: DEBUG glance_store.backend [-] Registering options for group glance_store {{(pid=118737) register_opts /opt/stack/data/venv/lib/python3.12/site-packages/glance_store/backend.py:144}}
May 11 00:42:06 ubuntu devstack@g-api.service[118735]: DEBUG glance_store.backend [-] Attempting to import store file {{(pid=118735) _load_store /opt/stack/data/venv/lib/python3.12/site-packages/glance_store/backend.py:215}}
May 11 00:42:06 ubuntu devstack@g-api.service[118737]: DEBUG glance_store.backend [-] Attempting to import store file {{(pid=118737) _load_store /opt/stack/data/venv/lib/python3.12/site-packages/glance_store/backend.py:215}}
May 11 00:42:06 ubuntu devstack@g-api.service[118735]: DEBUG glance_store.capabilities [-] Store glance_store._drivers.filesystem.Store doesn't support updating dynamic storage capabilities. Please overwrite 'update_capabilities' method of the store to implement updating logics if needed. {{(pid=118735) update_capabilities /opt/stack/data/venv/lib/python3.12/site-packages/glance_store/capabilities.py:91}}
May 11 00:42:06 ubuntu devstack@g-api.service[118737]: DEBUG glance_store.capabilities [-] Store glance_store._drivers.filesystem.Store doesn't support updating dynamic storage capabilities. Please overwrite 'update_capabilities' method of the store to implement updating logics if needed. {{(pid=118737) update_capabilities /opt/stack/data/venv/lib/python3.12/site-packages/glance_store/capabilities.py:91}}
May 11 00:42:06 ubuntu devstack@g-api.service[118735]: DEBUG glance_store.backend [-] Registering store file with schemes ('file', 'filesystem') {{(pid=118735) create_stores /opt/stack/data/venv/lib/python3.12/site-packages/glance_store/backend.py:261}}
May 11 00:42:06 ubuntu devstack@g-api.service[118737]: DEBUG glance_store.backend [-] Registering store file with schemes ('file', 'filesystem') {{(pid=118737) create_stores /opt/stack/data/venv/lib/python3.12/site-packages/glance_store/backend.py:261}}
May 11 00:42:06 ubuntu devstack@g-api.service[118737]: DEBUG glance_store.driver [-] Late loading location class glance_store._drivers.filesystem.StoreLocation {{(pid=118737) get_store_location_class /opt/stack/data/venv/lib/python3.12/site-packages/glance_store/driver.py:134}}
May 11 00:42:06 ubuntu devstack@g-api.service[118735]: DEBUG glance_store.driver [-] Late loading location class glance_store._drivers.filesystem.StoreLocation {{(pid=118735) get_store_location_class /opt/stack/data/venv/lib/python3.12/site-packages/glance_store/driver.py:134}}
May 11 00:42:06 ubuntu devstack@g-api.service[118737]: DEBUG glance_store.location [-] Registering scheme file with {'store': <glance_store._drivers.filesystem.Store object at 0x72f6e4b1e360>, 'location_class': <class 'glance_store._drivers.filesystem.StoreLocation'>, 'store_entry': 'file'} {{(pid=118737) register_scheme_map /opt/stack/data/venv/lib/python3.12/site-packages/glance_store/location.py:146}}
May 11 00:42:06 ubuntu devstack@g-api.service[118735]: DEBUG glance_store.location [-] Registering scheme file with {'store': <glance_store._drivers.filesystem.Store object at 0x72f6e340aa20>, 'location_class': <class 'glance_store._drivers.filesystem.StoreLocation'>, 'store_entry': 'file'} {{(pid=118735) register_scheme_map /opt/stack/data/venv/lib/python3.12/site-packages/glance_store/location.py:146}}
May 11 00:42:06 ubuntu devstack@g-api.service[118737]: DEBUG glance_store.location [-] Registering scheme filesystem with {'store': <glance_store._drivers.filesystem.Store object at 0x72f6e4b1e360>, 'location_class': <class 'glance_store._drivers.filesystem.StoreLocation'>, 'store_entry': 'file'} {{(pid=118737) register_scheme_map /opt/stack/data/venv/lib/python3.12/site-packages/glance_store/location.py:146}}
May 11 00:42:06 ubuntu devstack@g-api.service[118735]: DEBUG glance_store.location [-] Registering scheme filesystem with {'store': <glance_store._drivers.filesystem.Store object at 0x72f6e340aa20>, 'location_class': <class 'glance_store._drivers.filesystem.StoreLocation'>, 'store_entry': 'file'} {{(pid=118735) register_scheme_map /opt/stack/data/venv/lib/python3.12/site-packages/glance_store/location.py:146}}
May 11 00:42:06 ubuntu devstack@g-api.service[118737]: DEBUG glance_store.backend [-] Attempting to import store http {{(pid=118737) _load_store /opt/stack/data/venv/lib/python3.12/site-packages/glance_store/backend.py:215}}
May 11 00:42:06 ubuntu devstack@g-api.service[118735]: DEBUG glance_store.backend [-] Attempting to import store http {{(pid=118735) _load_store /opt/stack/data/venv/lib/python3.12/site-packages/glance_store/backend.py:215}}
May 11 00:42:06 ubuntu devstack@g-api.service[118737]: DEBUG glance_store.capabilities [-] Store glance_store._drivers.http.Store doesn't support updating dynamic storage capabilities. Please overwrite 'update_capabilities' method of the store to implement updating logics if needed. {{(pid=118737) update_capabilities /opt/stack/data/venv/lib/python3.12/site-packages/glance_store/capabilities.py:91}}
May 11 00:42:06 ubuntu devstack@g-api.service[118735]: DEBUG glance_store.capabilities [-] Store glance_store._drivers.http.Store doesn't support updating dynamic storage capabilities. Please overwrite 'update_capabilities' method of the store to implement updating logics if needed. {{(pid=118735) update_capabilities /opt/stack/data/venv/lib/python3.12/site-packages/glance_store/capabilities.py:91}}
May 11 00:42:06 ubuntu devstack@g-api.service[118737]: DEBUG glance_store.backend [-] Registering store http with schemes ('http', 'https') {{(pid=118737) create_stores /opt/stack/data/venv/lib/python3.12/site-packages/glance_store/backend.py:261}}
May 11 00:42:06 ubuntu devstack@g-api.service[118735]: DEBUG glance_store.backend [-] Registering store http with schemes ('http', 'https') {{(pid=118735) create_stores /opt/stack/data/venv/lib/python3.12/site-packages/glance_store/backend.py:261}}
May 11 00:42:06 ubuntu devstack@g-api.service[118737]: DEBUG glance_store.driver [-] Late loading location class glance_store._drivers.http.StoreLocation {{(pid=118737) get_store_location_class /opt/stack/data/venv/lib/python3.12/site-packages/glance_store/driver.py:134}}
May 11 00:42:06 ubuntu devstack@g-api.service[118735]: DEBUG glance_store.driver [-] Late loading location class glance_store._drivers.http.StoreLocation {{(pid=118735) get_store_location_class /opt/stack/data/venv/lib/python3.12/site-packages/glance_store/driver.py:134}}
May 11 00:42:06 ubuntu devstack@g-api.service[118737]: DEBUG glance_store.location [-] Registering scheme http with {'store': <glance_store._drivers.http.Store object at 0x72f6e42736b0>, 'location_class': <class 'glance_store._drivers.http.StoreLocation'>, 'store_entry': 'http'} {{(pid=118737) register_scheme_map /opt/stack/data/venv/lib/python3.12/site-packages/glance_store/location.py:146}}
May 11 00:42:06 ubuntu devstack@g-api.service[118735]: DEBUG glance_store.location [-] Registering scheme http with {'store': <glance_store._drivers.http.Store object at 0x72f6e3408e30>, 'location_class': <class 'glance_store._drivers.http.StoreLocation'>, 'store_entry': 'http'} {{(pid=118735) register_scheme_map /opt/stack/data/venv/lib/python3.12/site-packages/glance_store/location.py:146}}
May 11 00:42:06 ubuntu devstack@g-api.service[118737]: DEBUG glance_store.location [-] Registering scheme https with {'store': <glance_store._drivers.http.Store object at 0x72f6e42736b0>, 'location_class': <class 'glance_store._drivers.http.StoreLocation'>, 'store_entry': 'http'} {{(pid=118737) register_scheme_map /opt/stack/data/venv/lib/python3.12/site-packages/glance_store/location.py:146}}
May 11 00:42:06 ubuntu devstack@g-api.service[118735]: DEBUG glance_store.location [-] Registering scheme https with {'store': <glance_store._drivers.http.Store object at 0x72f6e3408e30>, 'location_class': <class 'glance_store._drivers.http.StoreLocation'>, 'store_entry': 'http'} {{(pid=118735) register_scheme_map /opt/stack/data/venv/lib/python3.12/site-packages/glance_store/location.py:146}}
May 11 00:42:06 ubuntu devstack@g-api.service[118735]: DEBUG glance.sqlite_migration [-] SQLite caching database not located, skipping migration {{(pid=118735) get_db_path /opt/stack/glance/glance/sqlite_migration.py:68}}
May 11 00:42:06 ubuntu devstack@g-api.service[118737]: DEBUG glance.sqlite_migration [-] SQLite caching database not located, skipping migration {{(pid=118737) get_db_path /opt/stack/glance/glance/sqlite_migration.py:68}}
May 11 00:42:06 ubuntu devstack@g-api.service[118735]: WARNING glance.common.wsgi_app [-] Import methods are enabled but staging directory /tmp/staging/ does not exist; Imports will fail!
May 11 00:42:06 ubuntu devstack@g-api.service[118737]: WARNING glance.common.wsgi_app [-] Import methods are enabled but staging directory /tmp/staging/ does not exist; Imports will fail!
May 11 00:42:07 ubuntu devstack@g-api.service[118735]: DEBUG glance.common.config [None req-1122202a-194d-40a6-bb56-df6cb348a2fe None None] Loading glance-api-keystone+cachemanagement from /etc/glance/glance-api-paste.ini {{(pid=118735) load_paste_app /opt/stack/glance/glance/common/config.py:758}}
May 11 00:42:07 ubuntu devstack@g-api.service[118737]: DEBUG glance.common.config [None req-7ca5ecdb-e3d4-4182-af1d-8a317c4fbb61 None None] Loading glance-api-keystone+cachemanagement from /etc/glance/glance-api-paste.ini {{(pid=118737) load_paste_app /opt/stack/glance/glance/common/config.py:758}}
May 11 00:42:07 ubuntu devstack@g-api.service[118737]: INFO glance.image_cache [None req-7ca5ecdb-e3d4-4182-af1d-8a317c4fbb61 None None] Image cache loaded driver 'centralized_db'.
May 11 00:42:07 ubuntu devstack@g-api.service[118735]: INFO glance.image_cache [None req-1122202a-194d-40a6-bb56-df6cb348a2fe None None] Image cache loaded driver 'centralized_db'.
May 11 00:42:07 ubuntu devstack@g-api.service[118737]: INFO dbcounter [None req-7ca5ecdb-e3d4-4182-af1d-8a317c4fbb61 None None] Registered counter for database glance
May 11 00:42:07 ubuntu devstack@g-api.service[118737]: DEBUG oslo_db.sqlalchemy.engines [None req-7ca5ecdb-e3d4-4182-af1d-8a317c4fbb61 None None] MySQL server mode set to STRICT_TRANS_TABLES,STRICT_ALL_TABLES,NO_ZERO_IN_DATE,NO_ZERO_DATE,ERROR_FOR_DIVISION_BY_ZERO,TRADITIONAL,NO_ENGINE_SUBSTITUTION {{(pid=118737) _check_effective_sql_mode /opt/stack/data/venv/lib/python3.12/site-packages/oslo_db/sqlalchemy/engines.py:325}}
May 11 00:42:07 ubuntu devstack@g-api.service[118735]: INFO dbcounter [None req-1122202a-194d-40a6-bb56-df6cb348a2fe None None] Registered counter for database glance
May 11 00:42:07 ubuntu devstack@g-api.service[118735]: DEBUG oslo_db.sqlalchemy.engines [None req-1122202a-194d-40a6-bb56-df6cb348a2fe None None] MySQL server mode set to STRICT_TRANS_TABLES,STRICT_ALL_TABLES,NO_ZERO_IN_DATE,NO_ZERO_DATE,ERROR_FOR_DIVISION_BY_ZERO,TRADITIONAL,NO_ENGINE_SUBSTITUTION {{(pid=118735) _check_effective_sql_mode /opt/stack/data/venv/lib/python3.12/site-packages/oslo_db/sqlalchemy/engines.py:325}}
May 11 00:42:07 ubuntu devstack@g-api.service[118737]: DEBUG dbcounter [-] [118737] Writer thread running {{(pid=118737) stat_writer /opt/stack/data/venv/lib/python3.12/site-packages/dbcounter.py:102}}
May 11 00:42:07 ubuntu devstack@g-api.service[118737]: INFO glance.image_cache [None req-7ca5ecdb-e3d4-4182-af1d-8a317c4fbb61 None None] Image cache loaded driver 'centralized_db'.
May 11 00:42:07 ubuntu devstack@g-api.service[118735]: DEBUG dbcounter [-] [118735] Writer thread running {{(pid=118735) stat_writer /opt/stack/data/venv/lib/python3.12/site-packages/dbcounter.py:102}}
May 11 00:42:07 ubuntu devstack@g-api.service[118737]: DEBUG glance.image_cache.drivers.centralized_db [None req-7ca5ecdb-e3d4-4182-af1d-8a317c4fbb61 None None] Node reference is already recorded, ignoring it {{(pid=118737) configure /opt/stack/glance/glance/image_cache/drivers/centralized_db.py:71}}
May 11 00:42:07 ubuntu devstack@g-api.service[118735]: DEBUG glance.image_cache.drivers.centralized_db [None req-1122202a-194d-40a6-bb56-df6cb348a2fe None None] Node reference is already recorded, ignoring it {{(pid=118735) configure /opt/stack/glance/glance/image_cache/drivers/centralized_db.py:71}}
May 11 00:42:07 ubuntu devstack@g-api.service[118737]: DEBUG glance.api.v2.cached_images [None req-7ca5ecdb-e3d4-4182-af1d-8a317c4fbb61 None None] Started cache worker thread {{(pid=118737) __init__ /opt/stack/glance/glance/api/v2/cached_images.py:69}}
May 11 00:42:07 ubuntu devstack@g-api.service[118737]: INFO glance.image_cache [None req-7ca5ecdb-e3d4-4182-af1d-8a317c4fbb61 None None] Image cache loaded driver 'centralized_db'.
May 11 00:42:07 ubuntu devstack@g-api.service[118735]: INFO glance.image_cache [None req-1122202a-194d-40a6-bb56-df6cb348a2fe None None] Image cache loaded driver 'centralized_db'.
May 11 00:42:07 ubuntu devstack@g-api.service[118737]: DEBUG glance.image_cache.drivers.centralized_db [None req-7ca5ecdb-e3d4-4182-af1d-8a317c4fbb61 None None] Node reference is already recorded, ignoring it {{(pid=118737) configure /opt/stack/glance/glance/image_cache/drivers/centralized_db.py:71}}
May 11 00:42:07 ubuntu devstack@g-api.service[118737]: INFO glance.api.middleware.cache_manage [None req-7ca5ecdb-e3d4-4182-af1d-8a317c4fbb61 None None] Initialized image cache management middleware
May 11 00:42:07 ubuntu devstack@g-api.service[118737]: INFO glance.image_cache [None req-7ca5ecdb-e3d4-4182-af1d-8a317c4fbb61 None None] Image cache loaded driver 'centralized_db'.
May 11 00:42:07 ubuntu devstack@g-api.service[118735]: DEBUG glance.image_cache.drivers.centralized_db [None req-1122202a-194d-40a6-bb56-df6cb348a2fe None None] Node reference is already recorded, ignoring it {{(pid=118735) configure /opt/stack/glance/glance/image_cache/drivers/centralized_db.py:71}}
May 11 00:42:07 ubuntu devstack@g-api.service[118735]: DEBUG glance.api.v2.cached_images [None req-1122202a-194d-40a6-bb56-df6cb348a2fe None None] Started cache worker thread {{(pid=118735) __init__ /opt/stack/glance/glance/api/v2/cached_images.py:69}}
May 11 00:42:07 ubuntu devstack@g-api.service[118735]: INFO glance.image_cache [None req-1122202a-194d-40a6-bb56-df6cb348a2fe None None] Image cache loaded driver 'centralized_db'.
May 11 00:42:07 ubuntu devstack@g-api.service[118737]: DEBUG glance.image_cache.drivers.centralized_db [None req-7ca5ecdb-e3d4-4182-af1d-8a317c4fbb61 None None] Node reference is already recorded, ignoring it {{(pid=118737) configure /opt/stack/glance/glance/image_cache/drivers/centralized_db.py:71}}
May 11 00:42:07 ubuntu devstack@g-api.service[118737]: INFO glance.api.middleware.cache [None req-7ca5ecdb-e3d4-4182-af1d-8a317c4fbb61 None None] Initialized image cache middleware
May 11 00:42:07 ubuntu devstack@g-api.service[118735]: DEBUG glance.image_cache.drivers.centralized_db [None req-1122202a-194d-40a6-bb56-df6cb348a2fe None None] Node reference is already recorded, ignoring it {{(pid=118735) configure /opt/stack/glance/glance/image_cache/drivers/centralized_db.py:71}}
May 11 00:42:07 ubuntu devstack@g-api.service[118737]: WARNING keystonemiddleware.auth_token [None req-7ca5ecdb-e3d4-4182-af1d-8a317c4fbb61 None None] AuthToken middleware is set with keystone_authtoken.service_token_roles_required set to False. This is backwards compatible but deprecated behaviour. Please set this to True.
May 11 00:42:07 ubuntu devstack@g-api.service[118735]: INFO glance.api.middleware.cache_manage [None req-1122202a-194d-40a6-bb56-df6cb348a2fe None None] Initialized image cache management middleware
May 11 00:42:07 ubuntu devstack@g-api.service[118735]: INFO glance.image_cache [None req-1122202a-194d-40a6-bb56-df6cb348a2fe None None] Image cache loaded driver 'centralized_db'.
May 11 00:42:07 ubuntu devstack@g-api.service[118737]: DEBUG glance.common.config [None req-7ca5ecdb-e3d4-4182-af1d-8a317c4fbb61 None None] ******************************************************************************** {{(pid=118737) log_opt_values /opt/stack/data/venv/lib/python3.12/site-packages/oslo_config/cfg.py:2979}}
May 11 00:42:07 ubuntu devstack@g-api.service[118737]: DEBUG glance.common.config [None req-7ca5ecdb-e3d4-4182-af1d-8a317c4fbb61 None None] Configuration options gathered from: {{(pid=118737) log_opt_values /opt/stack/data/venv/lib/python3.12/site-packages/oslo_config/cfg.py:2980}}
May 11 00:42:07 ubuntu devstack@g-api.service[118735]: DEBUG glance.image_cache.drivers.centralized_db [None req-1122202a-194d-40a6-bb56-df6cb348a2fe None None] Node reference is already recorded, ignoring it {{(pid=118735) configure /opt/stack/glance/glance/image_cache/drivers/centralized_db.py:71}}
May 11 00:42:07 ubuntu devstack@g-api.service[118737]: DEBUG glance.common.config [None req-7ca5ecdb-e3d4-4182-af1d-8a317c4fbb61 None None] command line args: [] {{(pid=118737) log_opt_values /opt/stack/data/venv/lib/python3.12/site-packages/oslo_config/cfg.py:2981}}
May 11 00:42:07 ubuntu devstack@g-api.service[118737]: DEBUG glance.common.config [None req-7ca5ecdb-e3d4-4182-af1d-8a317c4fbb61 None None] config files: ['/etc/glance/glance-image-import.conf', '/etc/glance/glance-api.conf'] {{(pid=118737) log_opt_values /opt/stack/data/venv/lib/python3.12/site-packages/oslo_config/cfg.py:2982}}
May 11 00:42:07 ubuntu devstack@g-api.service[118737]: DEBUG glance.common.config [None req-7ca5ecdb-e3d4-4182-af1d-8a317c4fbb61 None None] ================================================================================ {{(pid=118737) log_opt_values /opt/stack/data/venv/lib/python3.12/site-packages/oslo_config/cfg.py:2987}}
May 11 00:42:07 ubuntu devstack@g-api.service[118737]: DEBUG glance.common.config [None req-7ca5ecdb-e3d4-4182-af1d-8a317c4fbb61 None None] allow_anonymous_access         = False {{(pid=118737) log_opt_values /opt/stack/data/venv/lib/python3.12/site-packages/oslo_config/cfg.py:2995}}
May 11 00:42:07 ubuntu devstack@g-api.service[118737]: DEBUG glance.common.config [None req-7ca5ecdb-e3d4-4182-af1d-8a317c4fbb61 None None] api_limit_max                  = 1000 {{(pid=118737) log_opt_values /opt/stack/data/venv/lib/python3.12/site-packages/oslo_config/cfg.py:2995}}
May 11 00:42:07 ubuntu devstack@g-api.service[118737]: DEBUG glance.common.config [None req-7ca5ecdb-e3d4-4182-af1d-8a317c4fbb61 None None] backlog                        = 4096 {{(pid=118737) log_opt_values /opt/stack/data/venv/lib/python3.12/site-packages/oslo_config/cfg.py:2995}}
May 11 00:42:07 ubuntu devstack@g-api.service[118737]: DEBUG glance.common.config [None req-7ca5ecdb-e3d4-4182-af1d-8a317c4fbb61 None None] bind_host                      = 0.0.0.0 {{(pid=118737) log_opt_values /opt/stack/data/venv/lib/python3.12/site-packages/oslo_config/cfg.py:2995}}
May 11 00:42:07 ubuntu devstack@g-api.service[118737]: DEBUG glance.common.config [None req-7ca5ecdb-e3d4-4182-af1d-8a317c4fbb61 None None] bind_port                      = None {{(pid=118737) log_opt_values /opt/stack/data/venv/lib/python3.12/site-packages/oslo_config/cfg.py:2995}}
May 11 00:42:07 ubuntu devstack@g-api.service[118737]: DEBUG glance.common.config [None req-7ca5ecdb-e3d4-4182-af1d-8a317c4fbb61 None None] client_socket_timeout          = 900 {{(pid=118737) log_opt_values /opt/stack/data/venv/lib/python3.12/site-packages/oslo_config/cfg.py:2995}}
May 11 00:42:07 ubuntu devstack@g-api.service[118737]: DEBUG glance.common.config [None req-7ca5ecdb-e3d4-4182-af1d-8a317c4fbb61 None None] config_dir                     = [] {{(pid=118737) log_opt_values /opt/stack/data/venv/lib/python3.12/site-packages/oslo_config/cfg.py:2995}}
May 11 00:42:07 ubuntu devstack@g-api.service[118737]: DEBUG glance.common.config [None req-7ca5ecdb-e3d4-4182-af1d-8a317c4fbb61 None None] config_file                    = ['/etc/glance/glance-image-import.conf', '/etc/glance/glance-api.conf'] {{(pid=118737) log_opt_values /opt/stack/data/venv/lib/python3.12/site-packages/oslo_config/cfg.py:2995}}
May 11 00:42:07 ubuntu devstack@g-api.service[118737]: DEBUG glance.common.config [None req-7ca5ecdb-e3d4-4182-af1d-8a317c4fbb61 None None] config_source                  = [] {{(pid=118737) log_opt_values /opt/stack/data/venv/lib/python3.12/site-packages/oslo_config/cfg.py:2995}}
May 11 00:42:07 ubuntu devstack@g-api.service[118737]: DEBUG glance.common.config [None req-7ca5ecdb-e3d4-4182-af1d-8a317c4fbb61 None None] control_exchange               = glance {{(pid=118737) log_opt_values /opt/stack/data/venv/lib/python3.12/site-packages/oslo_config/cfg.py:2995}}
May 11 00:42:07 ubuntu devstack@g-api.service[118737]: DEBUG glance.common.config [None req-7ca5ecdb-e3d4-4182-af1d-8a317c4fbb61 None None] debug                          = True {{(pid=118737) log_opt_values /opt/stack/data/venv/lib/python3.12/site-packages/oslo_config/cfg.py:2995}}
May 11 00:42:07 ubuntu devstack@g-api.service[118737]: DEBUG glance.common.config [None req-7ca5ecdb-e3d4-4182-af1d-8a317c4fbb61 None None] default_log_levels             = ['amqp=WARN', 'boto=WARN', 'sqlalchemy=WARN', 'suds=INFO', 'oslo.messaging=INFO', 'oslo_messaging=INFO', 'iso8601=WARN', 'requests.packages.urllib3.connectionpool=WARN', 'urllib3.connectionpool=WARN', 'websocket=WARN', 'requests.packages.urllib3.util.retry=WARN', 'urllib3.util.retry=WARN', 'keystonemiddleware=WARN', 'routes.middleware=WARN', 'stevedore=WARN', 'taskflow=WARN', 'keystoneauth=WARN', 'oslo.cache=INFO', 'oslo_policy=INFO', 'dogpile.core.dogpile=INFO'] {{(pid=118737) log_opt_values /opt/stack/data/venv/lib/python3.12/site-packages/oslo_config/cfg.py:2995}}
May 11 00:42:07 ubuntu devstack@g-api.service[118737]: DEBUG glance.common.config [None req-7ca5ecdb-e3d4-4182-af1d-8a317c4fbb61 None None] default_publisher_id           = image.localhost {{(pid=118737) log_opt_values /opt/stack/data/venv/lib/python3.12/site-packages/oslo_config/cfg.py:2995}}
May 11 00:42:07 ubuntu devstack@g-api.service[118737]: DEBUG glance.common.config [None req-7ca5ecdb-e3d4-4182-af1d-8a317c4fbb61 None None] delayed_delete                 = False {{(pid=118737) log_opt_values /opt/stack/data/venv/lib/python3.12/site-packages/oslo_config/cfg.py:2995}}
May 11 00:42:07 ubuntu devstack@g-api.service[118737]: DEBUG glance.common.config [None req-7ca5ecdb-e3d4-4182-af1d-8a317c4fbb61 None None] digest_algorithm               = sha256 {{(pid=118737) log_opt_values /opt/stack/data/venv/lib/python3.12/site-packages/oslo_config/cfg.py:2995}}
May 11 00:42:07 ubuntu devstack@g-api.service[118737]: DEBUG glance.common.config [None req-7ca5ecdb-e3d4-4182-af1d-8a317c4fbb61 None None] disabled_notifications         = [] {{(pid=118737) log_opt_values /opt/stack/data/venv/lib/python3.12/site-packages/oslo_config/cfg.py:2995}}
May 11 00:42:07 ubuntu devstack@g-api.service[118737]: DEBUG glance.common.config [None req-7ca5ecdb-e3d4-4182-af1d-8a317c4fbb61 None None] do_secure_hash                 = True {{(pid=118737) log_opt_values /opt/stack/data/venv/lib/python3.12/site-packages/oslo_config/cfg.py:2995}}
May 11 00:42:07 ubuntu devstack@g-api.service[118737]: DEBUG glance.common.config [None req-7ca5ecdb-e3d4-4182-af1d-8a317c4fbb61 None None] enabled_backends               = None {{(pid=118737) log_opt_values /opt/stack/data/venv/lib/python3.12/site-packages/oslo_config/cfg.py:2995}}
May 11 00:42:07 ubuntu devstack@g-api.service[118737]: DEBUG glance.common.config [None req-7ca5ecdb-e3d4-4182-af1d-8a317c4fbb61 None None] enabled_import_methods         = ['glance-direct', 'web-download', 'copy-image'] {{(pid=118737) log_opt_values /opt/stack/data/venv/lib/python3.12/site-packages/oslo_config/cfg.py:2995}}
May 11 00:42:07 ubuntu devstack@g-api.service[118737]: DEBUG glance.common.config [None req-7ca5ecdb-e3d4-4182-af1d-8a317c4fbb61 None None] hashing_algorithm              = sha512 {{(pid=118737) log_opt_values /opt/stack/data/venv/lib/python3.12/site-packages/oslo_config/cfg.py:2995}}
May 11 00:42:07 ubuntu devstack@g-api.service[118737]: DEBUG glance.common.config [None req-7ca5ecdb-e3d4-4182-af1d-8a317c4fbb61 None None] http_keepalive                 = True {{(pid=118737) log_opt_values /opt/stack/data/venv/lib/python3.12/site-packages/oslo_config/cfg.py:2995}}
May 11 00:42:07 ubuntu devstack@g-api.service[118737]: DEBUG glance.common.config [None req-7ca5ecdb-e3d4-4182-af1d-8a317c4fbb61 None None] http_retries                   = 3 {{(pid=118737) log_opt_values /opt/stack/data/venv/lib/python3.12/site-packages/oslo_config/cfg.py:2995}}
May 11 00:42:07 ubuntu devstack@g-api.service[118737]: DEBUG glance.common.config [None req-7ca5ecdb-e3d4-4182-af1d-8a317c4fbb61 None None] image_cache_dir                = /opt/stack/data/glance/cache/ {{(pid=118737) log_opt_values /opt/stack/data/venv/lib/python3.12/site-packages/oslo_config/cfg.py:2995}}
May 11 00:42:07 ubuntu devstack@g-api.service[118737]: DEBUG glance.common.config [None req-7ca5ecdb-e3d4-4182-af1d-8a317c4fbb61 None None] image_cache_driver             = centralized_db {{(pid=118737) log_opt_values /opt/stack/data/venv/lib/python3.12/site-packages/oslo_config/cfg.py:2995}}
May 11 00:42:07 ubuntu devstack@g-api.service[118737]: DEBUG glance.common.config [None req-7ca5ecdb-e3d4-4182-af1d-8a317c4fbb61 None None] image_cache_max_size           = 10737418240 {{(pid=118737) log_opt_values /opt/stack/data/venv/lib/python3.12/site-packages/oslo_config/cfg.py:2995}}
May 11 00:42:07 ubuntu devstack@g-api.service[118737]: DEBUG glance.common.config [None req-7ca5ecdb-e3d4-4182-af1d-8a317c4fbb61 None None] image_cache_sqlite_db          = cache.db {{(pid=118737) log_opt_values /opt/stack/data/venv/lib/python3.12/site-packages/oslo_config/cfg.py:2995}}
May 11 00:42:07 ubuntu devstack@g-api.service[118737]: DEBUG glance.common.config [None req-7ca5ecdb-e3d4-4182-af1d-8a317c4fbb61 None None] image_cache_stall_time         = 86400 {{(pid=118737) log_opt_values /opt/stack/data/venv/lib/python3.12/site-packages/oslo_config/cfg.py:2995}}
May 11 00:42:07 ubuntu devstack@g-api.service[118737]: DEBUG glance.common.config [None req-7ca5ecdb-e3d4-4182-af1d-8a317c4fbb61 None None] image_location_quota           = 10 {{(pid=118737) log_opt_values /opt/stack/data/venv/lib/python3.12/site-packages/oslo_config/cfg.py:2995}}
May 11 00:42:07 ubuntu devstack@g-api.service[118737]: DEBUG glance.common.config [None req-7ca5ecdb-e3d4-4182-af1d-8a317c4fbb61 None None] image_member_quota             = 128 {{(pid=118737) log_opt_values /opt/stack/data/venv/lib/python3.12/site-packages/oslo_config/cfg.py:2995}}
May 11 00:42:07 ubuntu devstack@g-api.service[118737]: DEBUG glance.common.config [None req-7ca5ecdb-e3d4-4182-af1d-8a317c4fbb61 None None] image_property_quota           = 128 {{(pid=118737) log_opt_values /opt/stack/data/venv/lib/python3.12/site-packages/oslo_config/cfg.py:2995}}
May 11 00:42:07 ubuntu devstack@g-api.service[118737]: DEBUG glance.common.config [None req-7ca5ecdb-e3d4-4182-af1d-8a317c4fbb61 None None] image_size_cap                 = 1099511627776 {{(pid=118737) log_opt_values /opt/stack/data/venv/lib/python3.12/site-packages/oslo_config/cfg.py:2995}}
May 11 00:42:07 ubuntu devstack@g-api.service[118737]: DEBUG glance.common.config [None req-7ca5ecdb-e3d4-4182-af1d-8a317c4fbb61 None None] image_tag_quota                = 128 {{(pid=118737) log_opt_values /opt/stack/data/venv/lib/python3.12/site-packages/oslo_config/cfg.py:2995}}
May 11 00:42:07 ubuntu devstack@g-api.service[118737]: DEBUG glance.common.config [None req-7ca5ecdb-e3d4-4182-af1d-8a317c4fbb61 None None] instance_format                = [instance: %(uuid)s]  {{(pid=118737) log_opt_values /opt/stack/data/venv/lib/python3.12/site-packages/oslo_config/cfg.py:2995}}
May 11 00:42:07 ubuntu devstack@g-api.service[118737]: DEBUG glance.common.config [None req-7ca5ecdb-e3d4-4182-af1d-8a317c4fbb61 None None] instance_uuid_format           = [instance: %(uuid)s]  {{(pid=118737) log_opt_values /opt/stack/data/venv/lib/python3.12/site-packages/oslo_config/cfg.py:2995}}
May 11 00:42:07 ubuntu devstack@g-api.service[118737]: DEBUG glance.common.config [None req-7ca5ecdb-e3d4-4182-af1d-8a317c4fbb61 None None] limit_param_default            = 25 {{(pid=118737) log_opt_values /opt/stack/data/venv/lib/python3.12/site-packages/oslo_config/cfg.py:2995}}
May 11 00:42:07 ubuntu devstack@g-api.service[118737]: DEBUG glance.common.config [None req-7ca5ecdb-e3d4-4182-af1d-8a317c4fbb61 None None] log_color                      = True {{(pid=118737) log_opt_values /opt/stack/data/venv/lib/python3.12/site-packages/oslo_config/cfg.py:2995}}
May 11 00:42:07 ubuntu devstack@g-api.service[118737]: DEBUG glance.common.config [None req-7ca5ecdb-e3d4-4182-af1d-8a317c4fbb61 None None] log_config_append              = None {{(pid=118737) log_opt_values /opt/stack/data/venv/lib/python3.12/site-packages/oslo_config/cfg.py:2995}}
May 11 00:42:07 ubuntu devstack@g-api.service[118735]: INFO glance.api.middleware.cache [None req-1122202a-194d-40a6-bb56-df6cb348a2fe None None] Initialized image cache middleware
May 11 00:42:07 ubuntu devstack@g-api.service[118737]: DEBUG glance.common.config [None req-7ca5ecdb-e3d4-4182-af1d-8a317c4fbb61 None None] log_date_format                = %Y-%m-%d %H:%M:%S {{(pid=118737) log_opt_values /opt/stack/data/venv/lib/python3.12/site-packages/oslo_config/cfg.py:2995}}
May 11 00:42:07 ubuntu devstack@g-api.service[118737]: DEBUG glance.common.config [None req-7ca5ecdb-e3d4-4182-af1d-8a317c4fbb61 None None] log_dir                        = None {{(pid=118737) log_opt_values /opt/stack/data/venv/lib/python3.12/site-packages/oslo_config/cfg.py:2995}}
May 11 00:42:07 ubuntu devstack@g-api.service[118737]: DEBUG glance.common.config [None req-7ca5ecdb-e3d4-4182-af1d-8a317c4fbb61 None None] log_file                       = None {{(pid=118737) log_opt_values /opt/stack/data/venv/lib/python3.12/site-packages/oslo_config/cfg.py:2995}}
May 11 00:42:07 ubuntu devstack@g-api.service[118737]: DEBUG glance.common.config [None req-7ca5ecdb-e3d4-4182-af1d-8a317c4fbb61 None None] log_rotate_interval            = 1 {{(pid=118737) log_opt_values /opt/stack/data/venv/lib/python3.12/site-packages/oslo_config/cfg.py:2995}}
May 11 00:42:07 ubuntu devstack@g-api.service[118737]: DEBUG glance.common.config [None req-7ca5ecdb-e3d4-4182-af1d-8a317c4fbb61 None None] log_rotate_interval_type       = days {{(pid=118737) log_opt_values /opt/stack/data/venv/lib/python3.12/site-packages/oslo_config/cfg.py:2995}}
May 11 00:42:07 ubuntu devstack@g-api.service[118737]: DEBUG glance.common.config [None req-7ca5ecdb-e3d4-4182-af1d-8a317c4fbb61 None None] log_rotation_type              = none {{(pid=118737) log_opt_values /opt/stack/data/venv/lib/python3.12/site-packages/oslo_config/cfg.py:2995}}
May 11 00:42:07 ubuntu devstack@g-api.service[118737]: DEBUG glance.common.config [None req-7ca5ecdb-e3d4-4182-af1d-8a317c4fbb61 None None] logging_context_format_string  = %(color)s%(levelname)s %(name)s [%(global_request_id)s %(request_id)s %(project_name)s %(user_name)s%(color)s] %(instance)s%(color)s%(message)s {{(pid=118737) log_opt_values /opt/stack/data/venv/lib/python3.12/site-packages/oslo_config/cfg.py:2995}}
May 11 00:42:07 ubuntu devstack@g-api.service[118737]: DEBUG glance.common.config [None req-7ca5ecdb-e3d4-4182-af1d-8a317c4fbb61 None None] logging_debug_format_suffix    = {{(pid=%(process)d) %(funcName)s %(pathname)s:%(lineno)d}} {{(pid=118737) log_opt_values /opt/stack/data/venv/lib/python3.12/site-packages/oslo_config/cfg.py:2995}}
May 11 00:42:07 ubuntu devstack@g-api.service[118737]: DEBUG glance.common.config [None req-7ca5ecdb-e3d4-4182-af1d-8a317c4fbb61 None None] logging_default_format_string  = %(color)s%(levelname)s %(name)s [-%(color)s] %(instance)s%(color)s%(message)s {{(pid=118737) log_opt_values /opt/stack/data/venv/lib/python3.12/site-packages/oslo_config/cfg.py:2995}}
May 11 00:42:07 ubuntu devstack@g-api.service[118737]: DEBUG glance.common.config [None req-7ca5ecdb-e3d4-4182-af1d-8a317c4fbb61 None None] logging_exception_prefix       = ERROR %(name)s %(instance)s {{(pid=118737) log_opt_values /opt/stack/data/venv/lib/python3.12/site-packages/oslo_config/cfg.py:2995}}
May 11 00:42:07 ubuntu devstack@g-api.service[118737]: DEBUG glance.common.config [None req-7ca5ecdb-e3d4-4182-af1d-8a317c4fbb61 None None] logging_user_identity_format   = %(user)s %(project)s %(domain)s %(system_scope)s %(user_domain)s %(project_domain)s {{(pid=118737) log_opt_values /opt/stack/data/venv/lib/python3.12/site-packages/oslo_config/cfg.py:2995}}
May 11 00:42:07 ubuntu devstack@g-api.service[118737]: DEBUG glance.common.config [None req-7ca5ecdb-e3d4-4182-af1d-8a317c4fbb61 None None] max_header_line                = 16384 {{(pid=118737) log_opt_values /opt/stack/data/venv/lib/python3.12/site-packages/oslo_config/cfg.py:2995}}
May 11 00:42:07 ubuntu devstack@g-api.service[118737]: DEBUG glance.common.config [None req-7ca5ecdb-e3d4-4182-af1d-8a317c4fbb61 None None] max_logfile_count              = 30 {{(pid=118737) log_opt_values /opt/stack/data/venv/lib/python3.12/site-packages/oslo_config/cfg.py:2995}}
May 11 00:42:07 ubuntu devstack@g-api.service[118737]: DEBUG glance.common.config [None req-7ca5ecdb-e3d4-4182-af1d-8a317c4fbb61 None None] max_logfile_size_mb            = 200 {{(pid=118737) log_opt_values /opt/stack/data/venv/lib/python3.12/site-packages/oslo_config/cfg.py:2995}}
May 11 00:42:07 ubuntu devstack@g-api.service[118737]: DEBUG glance.common.config [None req-7ca5ecdb-e3d4-4182-af1d-8a317c4fbb61 None None] max_request_id_length          = 64 {{(pid=118737) log_opt_values /opt/stack/data/venv/lib/python3.12/site-packages/oslo_config/cfg.py:2995}}
May 11 00:42:07 ubuntu devstack@g-api.service[118737]: DEBUG glance.common.config [None req-7ca5ecdb-e3d4-4182-af1d-8a317c4fbb61 None None] metadata_encryption_key        = **** {{(pid=118737) log_opt_values /opt/stack/data/venv/lib/python3.12/site-packages/oslo_config/cfg.py:2995}}
May 11 00:42:07 ubuntu devstack@g-api.service[118737]: DEBUG glance.common.config [None req-7ca5ecdb-e3d4-4182-af1d-8a317c4fbb61 None None] node_staging_uri               = file:///tmp/staging/ {{(pid=118737) log_opt_values /opt/stack/data/venv/lib/python3.12/site-packages/oslo_config/cfg.py:2995}}
May 11 00:42:07 ubuntu devstack@g-api.service[118737]: DEBUG glance.common.config [None req-7ca5ecdb-e3d4-4182-af1d-8a317c4fbb61 None None] property_protection_file       = None {{(pid=118737) log_opt_values /opt/stack/data/venv/lib/python3.12/site-packages/oslo_config/cfg.py:2995}}
May 11 00:42:07 ubuntu devstack@g-api.service[118737]: DEBUG glance.common.config [None req-7ca5ecdb-e3d4-4182-af1d-8a317c4fbb61 None None] property_protection_rule_format = roles {{(pid=118737) log_opt_values /opt/stack/data/venv/lib/python3.12/site-packages/oslo_config/cfg.py:2995}}
May 11 00:42:07 ubuntu devstack@g-api.service[118737]: DEBUG glance.common.config [None req-7ca5ecdb-e3d4-4182-af1d-8a317c4fbb61 None None] public_endpoint                = http://10.201.5.127/image {{(pid=118737) log_opt_values /opt/stack/data/venv/lib/python3.12/site-packages/oslo_config/cfg.py:2995}}
May 11 00:42:07 ubuntu devstack@g-api.service[118737]: DEBUG glance.common.config [None req-7ca5ecdb-e3d4-4182-af1d-8a317c4fbb61 None None] publish_errors                 = False {{(pid=118737) log_opt_values /opt/stack/data/venv/lib/python3.12/site-packages/oslo_config/cfg.py:2995}}
May 11 00:42:07 ubuntu devstack@g-api.service[118737]: DEBUG glance.common.config [None req-7ca5ecdb-e3d4-4182-af1d-8a317c4fbb61 None None] pydev_worker_debug_host        = None {{(pid=118737) log_opt_values /opt/stack/data/venv/lib/python3.12/site-packages/oslo_config/cfg.py:2995}}
