May 12 05:31:53 ubuntu devstack@keystone.service[68042]: DEBUG keystone.server.flask.request_processing.req_logging [None req-7582e676-3e09-4259-ab90-84a62c43ba51 None admin] SCRIPT_NAME: `/identity` {{(pid=68042) log_request_info /opt/stack/keystone/keystone/server/flask/request_processing/req_logging.py:27}}
May 12 05:31:53 ubuntu devstack@keystone.service[68042]: DEBUG keystone.server.flask.request_processing.req_logging [None req-7582e676-3e09-4259-ab90-84a62c43ba51 None admin] PATH_INFO: `/v3/domains/default` {{(pid=68042) log_request_info /opt/stack/keystone/keystone/server/flask/request_processing/req_logging.py:28}}
May 12 05:31:53 ubuntu devstack@keystone.service[68042]: DEBUG keystone.common.rbac_enforcer.enforcer [None req-7582e676-3e09-4259-ab90-84a62c43ba51 None admin] RBAC: Authorizing `identity:get_domain(domain_id=default)` {{(pid=68042) enforce_call /opt/stack/keystone/keystone/common/rbac_enforcer/enforcer.py:494}}
May 12 05:31:53 ubuntu devstack@keystone.service[68042]: DEBUG keystone.common.rbac_enforcer.enforcer [None req-7582e676-3e09-4259-ab90-84a62c43ba51 None admin] RBAC: Authorization granted {{(pid=68042) enforce_call /opt/stack/keystone/keystone/common/rbac_enforcer/enforcer.py:505}}
May 12 05:31:53 ubuntu devstack@keystone.service[68042]: [pid: 68042|app: 0|req: 10/21] 10.120.125.137 () {58 vars in 1176 bytes} [Tue May 12 05:31:53 2026] GET /identity/v3/domains/default => generated 200 bytes in 74 msecs (HTTP/1.1 200) 5 headers in 177 bytes (1 switches on core 0)
May 12 05:31:53 ubuntu devstack@keystone.service[68043]: DEBUG keystone.server.flask.request_processing.middleware.auth_context [None req-e79380c8-e093-4a39-9883-b44848d74a6b None admin] Authenticating user token {{(pid=68043) process_request /opt/stack/data/venv/lib/python3.12/site-packages/keystonemiddleware/auth_token/__init__.py:407}}
May 12 05:31:53 ubuntu devstack@keystone.service[68043]: DEBUG keystone.server.flask.request_processing.middleware.auth_context [None req-e79380c8-e093-4a39-9883-b44848d74a6b None admin] Validating token access rules against request {{(pid=68043) validate_allowed_request /opt/stack/data/venv/lib/python3.12/site-packages/keystonemiddleware/auth_token/__init__.py:545}}
May 12 05:31:53 ubuntu devstack@keystone.service[68043]: DEBUG keystone.server.flask.request_processing.middleware.auth_context [None req-14fed050-5332-4bf2-aa89-834cc70531d9 None admin] RBAC: auth_context: {'token': <TokenModel (audit_id=PBqdBCnJQ76gda3P87R76w, audit_chain_id=['PBqdBCnJQ76gda3P87R76w']) at 0x72b35f2980e0>, 'domain_id': None, 'trust_id': None, 'trustor_id': None, 'trustee_id': None, 'domain_name': None, 'group_ids': [], 'user_id': '56de6be66c8c43dea9e01c1cc2a27eb3', 'user_domain_id': 'default', 'system_scope': 'all', 'project_id': None, 'project_domain_id': None, 'roles': ['admin', 'manager', 'member', 'reader'], 'is_admin_project': True, 'service_user_id': None, 'service_user_domain_id': None, 'service_project_id': None, 'service_project_domain_id': None, 'service_roles': []} {{(pid=68043) fill_context /opt/stack/keystone/keystone/server/flask/request_processing/middleware/auth_context.py:509}}
May 12 05:31:53 ubuntu devstack@keystone.service[68043]: DEBUG keystone.server.flask.request_processing.req_logging [None req-14fed050-5332-4bf2-aa89-834cc70531d9 None admin] REQUEST_METHOD: `PUT` {{(pid=68043) log_request_info /opt/stack/keystone/keystone/server/flask/request_processing/req_logging.py:26}}
May 12 05:31:53 ubuntu devstack@keystone.service[68043]: DEBUG keystone.server.flask.request_processing.req_logging [None req-14fed050-5332-4bf2-aa89-834cc70531d9 None admin] SCRIPT_NAME: `/identity` {{(pid=68043) log_request_info /opt/stack/keystone/keystone/server/flask/request_processing/req_logging.py:27}}
May 12 05:31:53 ubuntu devstack@keystone.service[68043]: DEBUG keystone.server.flask.request_processing.req_logging [None req-14fed050-5332-4bf2-aa89-834cc70531d9 None admin] PATH_INFO: `/v3/domains/default/users/56de6be66c8c43dea9e01c1cc2a27eb3/roles/7c047b1c58f6437b9822c042ccb5b682` {{(pid=68043) log_request_info /opt/stack/keystone/keystone/server/flask/request_processing/req_logging.py:28}}
May 12 05:31:53 ubuntu devstack@keystone.service[68043]: DEBUG keystone.common.rbac_enforcer.enforcer [None req-14fed050-5332-4bf2-aa89-834cc70531d9 None admin] RBAC: Authorizing `identity:create_grant(domain_id=default, user_id=56de6be66c8c43dea9e01c1cc2a27eb3, role_id=7c047b1c58f6437b9822c042ccb5b682)` {{(pid=68043) enforce_call /opt/stack/keystone/keystone/common/rbac_enforcer/enforcer.py:494}}
May 12 05:31:53 ubuntu devstack@keystone.service[68043]: DEBUG keystone.common.rbac_enforcer.enforcer [None req-14fed050-5332-4bf2-aa89-834cc70531d9 None admin] RBAC: Authorization granted {{(pid=68043) enforce_call /opt/stack/keystone/keystone/common/rbac_enforcer/enforcer.py:505}}
May 12 05:31:53 ubuntu devstack@keystone.service[68043]: [pid: 68043|app: 0|req: 12/22] 10.120.125.137 () {60 vars in 1428 bytes} [Tue May 12 05:31:53 2026] PUT /identity/v3/domains/default/users/56de6be66c8c43dea9e01c1cc2a27eb3/roles/7c047b1c58f6437b9822c042ccb5b682 => generated 0 bytes in 121 msecs (HTTP/1.1 204) 3 headers in 132 bytes (0 switches on core 0)
May 12 05:31:54 ubuntu devstack@keystone.service[68042]: DEBUG keystone.server.flask.request_processing.req_logging [None req-5f83e2e4-e7ee-4c2f-9fe1-636c360e81c2 None None] REQUEST_METHOD: `GET` {{(pid=68042) log_request_info /opt/stack/keystone/keystone/server/flask/request_processing/req_logging.py:26}}
May 12 05:31:54 ubuntu devstack@keystone.service[68042]: DEBUG keystone.server.flask.request_processing.req_logging [None req-5f83e2e4-e7ee-4c2f-9fe1-636c360e81c2 None None] SCRIPT_NAME: `/identity` {{(pid=68042) log_request_info /opt/stack/keystone/keystone/server/flask/request_processing/req_logging.py:27}}
May 12 05:31:54 ubuntu devstack@keystone.service[68042]: DEBUG keystone.server.flask.request_processing.req_logging [None req-5f83e2e4-e7ee-4c2f-9fe1-636c360e81c2 None None] PATH_INFO: `/` {{(pid=68042) log_request_info /opt/stack/keystone/keystone/server/flask/request_processing/req_logging.py:28}}
May 12 05:31:54 ubuntu devstack@keystone.service[68042]: [pid: 68042|app: 0|req: 11/23] 10.120.125.137 () {56 vars in 950 bytes} [Tue May 12 05:31:54 2026] GET /identity => generated 271 bytes in 2 msecs (HTTP/1.1 300) 6 headers in 235 bytes (1 switches on core 0)
May 12 05:31:54 ubuntu devstack@keystone.service[68043]: DEBUG keystone.server.flask.request_processing.req_logging [None req-bb800bc1-6db7-40da-8e1f-0b8bb34c08eb None None] REQUEST_METHOD: `GET` {{(pid=68043) log_request_info /opt/stack/keystone/keystone/server/flask/request_processing/req_logging.py:26}}
May 12 05:31:54 ubuntu devstack@keystone.service[68043]: DEBUG keystone.server.flask.request_processing.req_logging [None req-bb800bc1-6db7-40da-8e1f-0b8bb34c08eb None None] SCRIPT_NAME: `/identity` {{(pid=68043) log_request_info /opt/stack/keystone/keystone/server/flask/request_processing/req_logging.py:27}}
May 12 05:31:54 ubuntu devstack@keystone.service[68043]: DEBUG keystone.server.flask.request_processing.req_logging [None req-bb800bc1-6db7-40da-8e1f-0b8bb34c08eb None None] PATH_INFO: `/` {{(pid=68043) log_request_info /opt/stack/keystone/keystone/server/flask/request_processing/req_logging.py:28}}
May 12 05:31:54 ubuntu devstack@keystone.service[68043]: [pid: 68043|app: 0|req: 13/24] 10.120.125.137 () {56 vars in 950 bytes} [Tue May 12 05:31:54 2026] GET /identity => generated 271 bytes in 2 msecs (HTTP/1.1 300) 6 headers in 235 bytes (1 switches on core 0)
May 12 05:31:54 ubuntu devstack@keystone.service[68042]: DEBUG keystone.server.flask.request_processing.req_logging [None req-77834a1a-cc95-42aa-b870-7ed4da70d657 None None] REQUEST_METHOD: `POST` {{(pid=68042) log_request_info /opt/stack/keystone/keystone/server/flask/request_processing/req_logging.py:26}}
May 12 05:31:54 ubuntu devstack@keystone.service[68042]: DEBUG keystone.server.flask.request_processing.req_logging [None req-77834a1a-cc95-42aa-b870-7ed4da70d657 None None] SCRIPT_NAME: `/identity` {{(pid=68042) log_request_info /opt/stack/keystone/keystone/server/flask/request_processing/req_logging.py:27}}
May 12 05:31:54 ubuntu devstack@keystone.service[68042]: DEBUG keystone.server.flask.request_processing.req_logging [None req-77834a1a-cc95-42aa-b870-7ed4da70d657 None None] PATH_INFO: `/v3/auth/tokens` {{(pid=68042) log_request_info /opt/stack/keystone/keystone/server/flask/request_processing/req_logging.py:28}}
May 12 05:31:54 ubuntu devstack@keystone.service[68042]: WARNING keystone.common.password_hashing [None req-77834a1a-cc95-42aa-b870-7ed4da70d657 None None] Truncating password to algorithm specific maximum length 72 characters.
May 12 05:31:54 ubuntu devstack@keystone.service[68042]: DEBUG keystone.auth.core [None req-77834a1a-cc95-42aa-b870-7ed4da70d657 None None] MFA Rules not processed for user `56de6be66c8c43dea9e01c1cc2a27eb3`. Rule list: `[]` (Enabled: `True`). {{(pid=68042) check_auth_methods_against_rules /opt/stack/keystone/keystone/auth/core.py:476}}
May 12 05:31:54 ubuntu devstack@keystone.service[68042]: DEBUG keystone.common.fernet_utils [None req-77834a1a-cc95-42aa-b870-7ed4da70d657 None None] Loaded 2 Fernet keys from /etc/keystone/fernet-keys/, but `[fernet_tokens] max_active_keys = 3`; perhaps there have not been enough key rotations to reach `max_active_keys` yet? {{(pid=68042) load_keys /opt/stack/keystone/keystone/common/fernet_utils.py:297}}
May 12 05:31:54 ubuntu devstack@keystone.service[68042]: [pid: 68042|app: 0|req: 12/25] 10.120.125.137 () {60 vars in 1047 bytes} [Tue May 12 05:31:54 2026] POST /identity/v3/auth/tokens => generated 863 bytes in 74 msecs (HTTP/1.1 201) 6 headers in 363 bytes (1 switches on core 0)
May 12 05:31:54 ubuntu devstack@keystone.service[68043]: DEBUG keystone.server.flask.request_processing.req_logging [None req-7fdbcd8b-3291-4b10-9a4d-f9b2f1125b16 None None] REQUEST_METHOD: `POST` {{(pid=68043) log_request_info /opt/stack/keystone/keystone/server/flask/request_processing/req_logging.py:26}}
May 12 05:31:54 ubuntu devstack@keystone.service[68043]: DEBUG keystone.server.flask.request_processing.req_logging [None req-7fdbcd8b-3291-4b10-9a4d-f9b2f1125b16 None None] SCRIPT_NAME: `/identity` {{(pid=68043) log_request_info /opt/stack/keystone/keystone/server/flask/request_processing/req_logging.py:27}}
May 12 05:31:54 ubuntu devstack@keystone.service[68043]: DEBUG keystone.server.flask.request_processing.req_logging [None req-7fdbcd8b-3291-4b10-9a4d-f9b2f1125b16 None None] PATH_INFO: `/v3/auth/tokens` {{(pid=68043) log_request_info /opt/stack/keystone/keystone/server/flask/request_processing/req_logging.py:28}}
May 12 05:31:54 ubuntu devstack@keystone.service[68043]: WARNING keystone.common.password_hashing [None req-7fdbcd8b-3291-4b10-9a4d-f9b2f1125b16 None None] Truncating password to algorithm specific maximum length 72 characters.
May 12 05:31:54 ubuntu devstack@keystone.service[68043]: DEBUG keystone.auth.core [None req-7fdbcd8b-3291-4b10-9a4d-f9b2f1125b16 None None] MFA Rules not processed for user `56de6be66c8c43dea9e01c1cc2a27eb3`. Rule list: `[]` (Enabled: `True`). {{(pid=68043) check_auth_methods_against_rules /opt/stack/keystone/keystone/auth/core.py:476}}
May 12 05:31:54 ubuntu devstack@keystone.service[68043]: DEBUG keystone.common.fernet_utils [None req-7fdbcd8b-3291-4b10-9a4d-f9b2f1125b16 None None] Loaded 2 Fernet keys from /etc/keystone/fernet-keys/, but `[fernet_tokens] max_active_keys = 3`; perhaps there have not been enough key rotations to reach `max_active_keys` yet? {{(pid=68043) load_keys /opt/stack/keystone/keystone/common/fernet_utils.py:297}}
May 12 05:31:54 ubuntu devstack@keystone.service[68043]: [pid: 68043|app: 0|req: 14/26] 10.120.125.137 () {60 vars in 1047 bytes} [Tue May 12 05:31:54 2026] POST /identity/v3/auth/tokens => generated 863 bytes in 64 msecs (HTTP/1.1 201) 6 headers in 363 bytes (1 switches on core 0)
May 12 05:31:55 ubuntu devstack@keystone.service[68042]: DEBUG keystone.server.flask.request_processing.req_logging [None req-85d37b3e-27f3-4537-8b5c-67a939a5deba None None] REQUEST_METHOD: `GET` {{(pid=68042) log_request_info /opt/stack/keystone/keystone/server/flask/request_processing/req_logging.py:26}}
May 12 05:31:55 ubuntu devstack@keystone.service[68042]: DEBUG keystone.server.flask.request_processing.req_logging [None req-85d37b3e-27f3-4537-8b5c-67a939a5deba None None] SCRIPT_NAME: `/identity` {{(pid=68042) log_request_info /opt/stack/keystone/keystone/server/flask/request_processing/req_logging.py:27}}
May 12 05:31:55 ubuntu devstack@keystone.service[68042]: DEBUG keystone.server.flask.request_processing.req_logging [None req-85d37b3e-27f3-4537-8b5c-67a939a5deba None None] PATH_INFO: `/` {{(pid=68042) log_request_info /opt/stack/keystone/keystone/server/flask/request_processing/req_logging.py:28}}
May 12 05:31:55 ubuntu devstack@keystone.service[68042]: [pid: 68042|app: 0|req: 13/27] 10.120.125.137 () {56 vars in 950 bytes} [Tue May 12 05:31:55 2026] GET /identity => generated 271 bytes in 1 msecs (HTTP/1.1 300) 6 headers in 235 bytes (1 switches on core 0)
May 12 05:31:55 ubuntu devstack@keystone.service[68043]: DEBUG keystone.server.flask.request_processing.req_logging [None req-50c087aa-8528-429d-b82f-9281c3501c98 None None] REQUEST_METHOD: `POST` {{(pid=68043) log_request_info /opt/stack/keystone/keystone/server/flask/request_processing/req_logging.py:26}}
May 12 05:31:55 ubuntu devstack@keystone.service[68043]: DEBUG keystone.server.flask.request_processing.req_logging [None req-50c087aa-8528-429d-b82f-9281c3501c98 None None] SCRIPT_NAME: `/identity` {{(pid=68043) log_request_info /opt/stack/keystone/keystone/server/flask/request_processing/req_logging.py:27}}
May 12 05:31:55 ubuntu devstack@keystone.service[68043]: DEBUG keystone.server.flask.request_processing.req_logging [None req-50c087aa-8528-429d-b82f-9281c3501c98 None None] PATH_INFO: `/v3/auth/tokens` {{(pid=68043) log_request_info /opt/stack/keystone/keystone/server/flask/request_processing/req_logging.py:28}}
May 12 05:31:55 ubuntu devstack@keystone.service[68043]: WARNING keystone.common.password_hashing [None req-50c087aa-8528-429d-b82f-9281c3501c98 None None] Truncating password to algorithm specific maximum length 72 characters.
May 12 05:31:55 ubuntu devstack@keystone.service[68043]: DEBUG keystone.auth.core [None req-50c087aa-8528-429d-b82f-9281c3501c98 None None] MFA Rules not processed for user `56de6be66c8c43dea9e01c1cc2a27eb3`. Rule list: `[]` (Enabled: `True`). {{(pid=68043) check_auth_methods_against_rules /opt/stack/keystone/keystone/auth/core.py:476}}
May 12 05:31:55 ubuntu devstack@keystone.service[68043]: DEBUG keystone.common.fernet_utils [None req-50c087aa-8528-429d-b82f-9281c3501c98 None None] Loaded 2 Fernet keys from /etc/keystone/fernet-keys/, but `[fernet_tokens] max_active_keys = 3`; perhaps there have not been enough key rotations to reach `max_active_keys` yet? {{(pid=68043) load_keys /opt/stack/keystone/keystone/common/fernet_utils.py:297}}
May 12 05:31:55 ubuntu devstack@keystone.service[68042]: DEBUG keystone.server.flask.request_processing.middleware.auth_context [None req-85d37b3e-27f3-4537-8b5c-67a939a5deba None None] Authenticating user token {{(pid=68042) process_request /opt/stack/data/venv/lib/python3.12/site-packages/keystonemiddleware/auth_token/__init__.py:407}}
May 12 05:31:55 ubuntu devstack@keystone.service[68043]: [pid: 68043|app: 0|req: 15/28] 10.120.125.137 () {60 vars in 1047 bytes} [Tue May 12 05:31:55 2026] POST /identity/v3/auth/tokens => generated 863 bytes in 51 msecs (HTTP/1.1 201) 6 headers in 363 bytes (1 switches on core 0)
May 12 05:31:55 ubuntu devstack@keystone.service[68043]: DEBUG keystone.server.flask.request_processing.req_logging [None req-2c3895dc-6163-4a02-89c2-1c29248cfc59 None None] REQUEST_METHOD: `GET` {{(pid=68043) log_request_info /opt/stack/keystone/keystone/server/flask/request_processing/req_logging.py:26}}
May 12 05:31:55 ubuntu devstack@keystone.service[68043]: DEBUG keystone.server.flask.request_processing.req_logging [None req-2c3895dc-6163-4a02-89c2-1c29248cfc59 None None] SCRIPT_NAME: `/identity` {{(pid=68043) log_request_info /opt/stack/keystone/keystone/server/flask/request_processing/req_logging.py:27}}
May 12 05:31:55 ubuntu devstack@keystone.service[68043]: DEBUG keystone.server.flask.request_processing.req_logging [None req-2c3895dc-6163-4a02-89c2-1c29248cfc59 None None] PATH_INFO: `/` {{(pid=68043) log_request_info /opt/stack/keystone/keystone/server/flask/request_processing/req_logging.py:28}}
May 12 05:31:55 ubuntu devstack@keystone.service[68043]: [pid: 68043|app: 0|req: 16/29] 10.120.125.137 () {56 vars in 950 bytes} [Tue May 12 05:31:55 2026] GET /identity => generated 271 bytes in 1 msecs (HTTP/1.1 300) 6 headers in 235 bytes (1 switches on core 0)
May 12 05:31:55 ubuntu devstack@keystone.service[68042]: DEBUG keystone.server.flask.request_processing.middleware.auth_context [None req-85d37b3e-27f3-4537-8b5c-67a939a5deba None None] Validating token access rules against request {{(pid=68042) validate_allowed_request /opt/stack/data/venv/lib/python3.12/site-packages/keystonemiddleware/auth_token/__init__.py:545}}
May 12 05:31:55 ubuntu devstack@keystone.service[68042]: DEBUG keystone.server.flask.request_processing.middleware.auth_context [None req-4a9a8959-c0cd-4185-b1d3-c89b5d38af92 None admin] RBAC: auth_context: {'token': <TokenModel (audit_id=Nmv7klADSaePcduJP7DKMw, audit_chain_id=['Nmv7klADSaePcduJP7DKMw']) at 0x72b35f3bc740>, 'domain_id': None, 'trust_id': None, 'trustor_id': None, 'trustee_id': None, 'domain_name': None, 'group_ids': [], 'user_id': '56de6be66c8c43dea9e01c1cc2a27eb3', 'user_domain_id': 'default', 'system_scope': 'all', 'project_id': None, 'project_domain_id': None, 'roles': ['admin', 'manager', 'member', 'reader'], 'is_admin_project': True, 'service_user_id': None, 'service_user_domain_id': None, 'service_project_id': None, 'service_project_domain_id': None, 'service_roles': []} {{(pid=68042) fill_context /opt/stack/keystone/keystone/server/flask/request_processing/middleware/auth_context.py:509}}
May 12 05:31:55 ubuntu devstack@keystone.service[68042]: DEBUG keystone.server.flask.request_processing.req_logging [None req-4a9a8959-c0cd-4185-b1d3-c89b5d38af92 None admin] REQUEST_METHOD: `GET` {{(pid=68042) log_request_info /opt/stack/keystone/keystone/server/flask/request_processing/req_logging.py:26}}
May 12 05:31:55 ubuntu devstack@keystone.service[68042]: DEBUG keystone.server.flask.request_processing.req_logging [None req-4a9a8959-c0cd-4185-b1d3-c89b5d38af92 None admin] SCRIPT_NAME: `/identity` {{(pid=68042) log_request_info /opt/stack/keystone/keystone/server/flask/request_processing/req_logging.py:27}}
May 12 05:31:55 ubuntu devstack@keystone.service[68042]: DEBUG keystone.server.flask.request_processing.req_logging [None req-4a9a8959-c0cd-4185-b1d3-c89b5d38af92 None admin] PATH_INFO: `/v3/domains/Default` {{(pid=68042) log_request_info /opt/stack/keystone/keystone/server/flask/request_processing/req_logging.py:28}}
May 12 05:31:55 ubuntu devstack@keystone.service[68043]: DEBUG keystone.server.flask.request_processing.req_logging [None req-57f5d3b0-bc0b-4a83-91e5-57a625eb1f2c None None] REQUEST_METHOD: `POST` {{(pid=68043) log_request_info /opt/stack/keystone/keystone/server/flask/request_processing/req_logging.py:26}}
May 12 05:31:55 ubuntu devstack@keystone.service[68043]: DEBUG keystone.server.flask.request_processing.req_logging [None req-57f5d3b0-bc0b-4a83-91e5-57a625eb1f2c None None] SCRIPT_NAME: `/identity` {{(pid=68043) log_request_info /opt/stack/keystone/keystone/server/flask/request_processing/req_logging.py:27}}
May 12 05:31:55 ubuntu devstack@keystone.service[68043]: DEBUG keystone.server.flask.request_processing.req_logging [None req-57f5d3b0-bc0b-4a83-91e5-57a625eb1f2c None None] PATH_INFO: `/v3/auth/tokens` {{(pid=68043) log_request_info /opt/stack/keystone/keystone/server/flask/request_processing/req_logging.py:28}}
May 12 05:31:55 ubuntu devstack@keystone.service[68042]: DEBUG keystone.common.rbac_enforcer.enforcer [None req-4a9a8959-c0cd-4185-b1d3-c89b5d38af92 None admin] RBAC: Authorizing `identity:get_domain(domain_id=Default)` {{(pid=68042) enforce_call /opt/stack/keystone/keystone/common/rbac_enforcer/enforcer.py:494}}
May 12 05:31:55 ubuntu devstack@keystone.service[68042]: DEBUG keystone.common.rbac_enforcer.enforcer [None req-4a9a8959-c0cd-4185-b1d3-c89b5d38af92 None admin] RBAC: Authorization granted {{(pid=68042) enforce_call /opt/stack/keystone/keystone/common/rbac_enforcer/enforcer.py:505}}
May 12 05:31:55 ubuntu devstack@keystone.service[68042]: DEBUG keystone.server.flask.application [None req-4a9a8959-c0cd-4185-b1d3-c89b5d38af92 None admin] Could not find domain: Default. {{(pid=68042) _handle_keystone_exception /opt/stack/keystone/keystone/server/flask/application.py:146}}
May 12 05:31:55 ubuntu devstack@keystone.service[68043]: WARNING keystone.common.password_hashing [None req-57f5d3b0-bc0b-4a83-91e5-57a625eb1f2c None None] Truncating password to algorithm specific maximum length 72 characters.
May 12 05:31:55 ubuntu devstack@keystone.service[68042]: [pid: 68042|app: 0|req: 14/30] 10.120.125.137 () {58 vars in 1175 bytes} [Tue May 12 05:31:55 2026] GET /identity/v3/domains/Default => generated 87 bytes in 181 msecs (HTTP/1.1 404) 5 headers in 183 bytes (1 switches on core 0)
May 12 05:31:55 ubuntu devstack@keystone.service[68042]: DEBUG keystone.server.flask.request_processing.middleware.auth_context [None req-4a9a8959-c0cd-4185-b1d3-c89b5d38af92 None admin] Authenticating user token {{(pid=68042) process_request /opt/stack/data/venv/lib/python3.12/site-packages/keystonemiddleware/auth_token/__init__.py:407}}
May 12 05:31:55 ubuntu devstack@keystone.service[68043]: DEBUG keystone.auth.core [None req-57f5d3b0-bc0b-4a83-91e5-57a625eb1f2c None None] MFA Rules not processed for user `56de6be66c8c43dea9e01c1cc2a27eb3`. Rule list: `[]` (Enabled: `True`). {{(pid=68043) check_auth_methods_against_rules /opt/stack/keystone/keystone/auth/core.py:476}}
May 12 05:31:55 ubuntu devstack@keystone.service[68043]: DEBUG keystone.common.fernet_utils [None req-57f5d3b0-bc0b-4a83-91e5-57a625eb1f2c None None] Loaded 2 Fernet keys from /etc/keystone/fernet-keys/, but `[fernet_tokens] max_active_keys = 3`; perhaps there have not been enough key rotations to reach `max_active_keys` yet? {{(pid=68043) load_keys /opt/stack/keystone/keystone/common/fernet_utils.py:297}}
May 12 05:31:55 ubuntu devstack@keystone.service[68042]: DEBUG keystone.server.flask.request_processing.middleware.auth_context [None req-4a9a8959-c0cd-4185-b1d3-c89b5d38af92 None admin] Validating token access rules against request {{(pid=68042) validate_allowed_request /opt/stack/data/venv/lib/python3.12/site-packages/keystonemiddleware/auth_token/__init__.py:545}}
May 12 05:31:55 ubuntu devstack@keystone.service[68043]: [pid: 68043|app: 0|req: 17/31] 10.120.125.137 () {60 vars in 1048 bytes} [Tue May 12 05:31:55 2026] POST /identity/v3/auth/tokens => generated 863 bytes in 148 msecs (HTTP/1.1 201) 6 headers in 363 bytes (1 switches on core 0)
May 12 05:31:55 ubuntu devstack@keystone.service[68043]: DEBUG keystone.server.flask.request_processing.middleware.auth_context [None req-57f5d3b0-bc0b-4a83-91e5-57a625eb1f2c None None] Authenticating user token {{(pid=68043) process_request /opt/stack/data/venv/lib/python3.12/site-packages/keystonemiddleware/auth_token/__init__.py:407}}
May 12 05:31:55 ubuntu devstack@keystone.service[68042]: DEBUG keystone.server.flask.request_processing.middleware.auth_context [None req-f0159e38-d0f4-4b3b-a52e-e0118088d13f None admin] RBAC: auth_context: {'token': <TokenModel (audit_id=q86dddehTEqaDRUophymJw, audit_chain_id=['q86dddehTEqaDRUophymJw']) at 0x72b35f169100>, 'domain_id': None, 'trust_id': None, 'trustor_id': None, 'trustee_id': None, 'domain_name': None, 'group_ids': [], 'user_id': '56de6be66c8c43dea9e01c1cc2a27eb3', 'user_domain_id': 'default', 'system_scope': 'all', 'project_id': None, 'project_domain_id': None, 'roles': ['admin', 'manager', 'member', 'reader'], 'is_admin_project': True, 'service_user_id': None, 'service_user_domain_id': None, 'service_project_id': None, 'service_project_domain_id': None, 'service_roles': []} {{(pid=68042) fill_context /opt/stack/keystone/keystone/server/flask/request_processing/middleware/auth_context.py:509}}
May 12 05:31:55 ubuntu devstack@keystone.service[68042]: DEBUG keystone.server.flask.request_processing.req_logging [None req-f0159e38-d0f4-4b3b-a52e-e0118088d13f None admin] REQUEST_METHOD: `GET` {{(pid=68042) log_request_info /opt/stack/keystone/keystone/server/flask/request_processing/req_logging.py:26}}
May 12 05:31:55 ubuntu devstack@keystone.service[68042]: DEBUG keystone.server.flask.request_processing.req_logging [None req-f0159e38-d0f4-4b3b-a52e-e0118088d13f None admin] SCRIPT_NAME: `/identity` {{(pid=68042) log_request_info /opt/stack/keystone/keystone/server/flask/request_processing/req_logging.py:27}}
May 12 05:31:55 ubuntu devstack@keystone.service[68042]: DEBUG keystone.server.flask.request_processing.req_logging [None req-f0159e38-d0f4-4b3b-a52e-e0118088d13f None admin] PATH_INFO: `/v3/roles/admin` {{(pid=68042) log_request_info /opt/stack/keystone/keystone/server/flask/request_processing/req_logging.py:28}}
May 12 05:31:55 ubuntu devstack@keystone.service[68042]: DEBUG keystone.common.rbac_enforcer.enforcer [None req-f0159e38-d0f4-4b3b-a52e-e0118088d13f None admin] Extracting inferred target data resulted in "NOT FOUND (404)". {{(pid=68042) enforce_call /opt/stack/keystone/keystone/common/rbac_enforcer/enforcer.py:445}}
May 12 05:31:55 ubuntu devstack@keystone.service[68042]: DEBUG keystone.server.flask.application [None req-f0159e38-d0f4-4b3b-a52e-e0118088d13f None admin] Could not find role: admin. {{(pid=68042) _handle_keystone_exception /opt/stack/keystone/keystone/server/flask/application.py:146}}
May 12 05:31:55 ubuntu devstack@keystone.service[68042]: [pid: 68042|app: 0|req: 15/32] 10.120.125.137 () {58 vars in 1164 bytes} [Tue May 12 05:31:55 2026] GET /identity/v3/roles/admin => generated 83 bytes in 154 msecs (HTTP/1.1 404) 5 headers in 183 bytes (1 switches on core 0)
May 12 05:31:55 ubuntu devstack@keystone.service[68043]: DEBUG keystone.server.flask.request_processing.middleware.auth_context [None req-57f5d3b0-bc0b-4a83-91e5-57a625eb1f2c None None] Validating token access rules against request {{(pid=68043) validate_allowed_request /opt/stack/data/venv/lib/python3.12/site-packages/keystonemiddleware/auth_token/__init__.py:545}}
May 12 05:31:55 ubuntu devstack@keystone.service[68043]: DEBUG keystone.server.flask.request_processing.middleware.auth_context [None req-47d20ea1-5587-479d-a5dc-bf5fb3464251 None admin] RBAC: auth_context: {'token': <TokenModel (audit_id=Nmv7klADSaePcduJP7DKMw, audit_chain_id=['Nmv7klADSaePcduJP7DKMw']) at 0x72b35f46b7d0>, 'domain_id': None, 'trust_id': None, 'trustor_id': None, 'trustee_id': None, 'domain_name': None, 'group_ids': [], 'user_id': '56de6be66c8c43dea9e01c1cc2a27eb3', 'user_domain_id': 'default', 'system_scope': 'all', 'project_id': None, 'project_domain_id': None, 'roles': ['admin', 'manager', 'member', 'reader'], 'is_admin_project': True, 'service_user_id': None, 'service_user_domain_id': None, 'service_project_id': None, 'service_project_domain_id': None, 'service_roles': []} {{(pid=68043) fill_context /opt/stack/keystone/keystone/server/flask/request_processing/middleware/auth_context.py:509}}
May 12 05:31:55 ubuntu devstack@keystone.service[68043]: DEBUG keystone.server.flask.request_processing.req_logging [None req-47d20ea1-5587-479d-a5dc-bf5fb3464251 None admin] REQUEST_METHOD: `GET` {{(pid=68043) log_request_info /opt/stack/keystone/keystone/server/flask/request_processing/req_logging.py:26}}
May 12 05:31:55 ubuntu devstack@keystone.service[68043]: DEBUG keystone.server.flask.request_processing.req_logging [None req-47d20ea1-5587-479d-a5dc-bf5fb3464251 None admin] SCRIPT_NAME: `/identity` {{(pid=68043) log_request_info /opt/stack/keystone/keystone/server/flask/request_processing/req_logging.py:27}}
May 12 05:31:55 ubuntu devstack@keystone.service[68043]: DEBUG keystone.server.flask.request_processing.req_logging [None req-47d20ea1-5587-479d-a5dc-bf5fb3464251 None admin] PATH_INFO: `/v3/domains` {{(pid=68043) log_request_info /opt/stack/keystone/keystone/server/flask/request_processing/req_logging.py:28}}
May 12 05:31:55 ubuntu devstack@keystone.service[68043]: DEBUG keystone.common.rbac_enforcer.enforcer [None req-47d20ea1-5587-479d-a5dc-bf5fb3464251 None admin] RBAC: Adding query filter params (name=Default) {{(pid=68043) _extract_filter_values /opt/stack/keystone/keystone/common/rbac_enforcer/enforcer.py:176}}
May 12 05:31:55 ubuntu devstack@keystone.service[68043]: DEBUG keystone.common.rbac_enforcer.enforcer [None req-47d20ea1-5587-479d-a5dc-bf5fb3464251 None admin] RBAC: Authorizing `identity:list_domains()` {{(pid=68043) enforce_call /opt/stack/keystone/keystone/common/rbac_enforcer/enforcer.py:494}}
May 12 05:31:55 ubuntu devstack@keystone.service[68043]: DEBUG keystone.common.rbac_enforcer.enforcer [None req-47d20ea1-5587-479d-a5dc-bf5fb3464251 None admin] RBAC: Authorization granted {{(pid=68043) enforce_call /opt/stack/keystone/keystone/common/rbac_enforcer/enforcer.py:505}}
May 12 05:31:55 ubuntu devstack@keystone.service[68042]: DEBUG keystone.server.flask.request_processing.req_logging [None req-d91d3137-e915-4a83-be9c-96831887fe6c None None] REQUEST_METHOD: `GET` {{(pid=68042) log_request_info /opt/stack/keystone/keystone/server/flask/request_processing/req_logging.py:26}}
May 12 05:31:55 ubuntu devstack@keystone.service[68042]: DEBUG keystone.server.flask.request_processing.req_logging [None req-d91d3137-e915-4a83-be9c-96831887fe6c None None] SCRIPT_NAME: `/identity` {{(pid=68042) log_request_info /opt/stack/keystone/keystone/server/flask/request_processing/req_logging.py:27}}
May 12 05:31:55 ubuntu devstack@keystone.service[68042]: DEBUG keystone.server.flask.request_processing.req_logging [None req-d91d3137-e915-4a83-be9c-96831887fe6c None None] PATH_INFO: `/` {{(pid=68042) log_request_info /opt/stack/keystone/keystone/server/flask/request_processing/req_logging.py:28}}
May 12 05:31:55 ubuntu devstack@keystone.service[68042]: [pid: 68042|app: 0|req: 16/33] 10.120.125.137 () {56 vars in 950 bytes} [Tue May 12 05:31:55 2026] GET /identity => generated 271 bytes in 2 msecs (HTTP/1.1 300) 6 headers in 235 bytes (1 switches on core 0)
May 12 05:31:55 ubuntu devstack@keystone.service[68042]: DEBUG keystone.server.flask.request_processing.middleware.auth_context [None req-d91d3137-e915-4a83-be9c-96831887fe6c None None] Authenticating user token {{(pid=68042) process_request /opt/stack/data/venv/lib/python3.12/site-packages/keystonemiddleware/auth_token/__init__.py:407}}
May 12 05:31:55 ubuntu devstack@keystone.service[68043]: [pid: 68043|app: 0|req: 18/34] 10.120.125.137 () {58 vars in 1190 bytes} [Tue May 12 05:31:55 2026] GET /identity/v3/domains?name=Default => generated 310 bytes in 92 msecs (HTTP/1.1 200) 5 headers in 177 bytes (1 switches on core 0)
May 12 05:31:55 ubuntu devstack@keystone.service[68042]: DEBUG keystone.server.flask.request_processing.middleware.auth_context [None req-d91d3137-e915-4a83-be9c-96831887fe6c None None] Validating token access rules against request {{(pid=68042) validate_allowed_request /opt/stack/data/venv/lib/python3.12/site-packages/keystonemiddleware/auth_token/__init__.py:545}}
May 12 05:31:55 ubuntu devstack@keystone.service[68042]: DEBUG keystone.server.flask.request_processing.middleware.auth_context [None req-cc58c5dc-9318-4bf5-93b7-bb9d9a876093 None admin] RBAC: auth_context: {'token': <TokenModel (audit_id=q86dddehTEqaDRUophymJw, audit_chain_id=['q86dddehTEqaDRUophymJw']) at 0x72b35f146330>, 'domain_id': None, 'trust_id': None, 'trustor_id': None, 'trustee_id': None, 'domain_name': None, 'group_ids': [], 'user_id': '56de6be66c8c43dea9e01c1cc2a27eb3', 'user_domain_id': 'default', 'system_scope': 'all', 'project_id': None, 'project_domain_id': None, 'roles': ['admin', 'manager', 'member', 'reader'], 'is_admin_project': True, 'service_user_id': None, 'service_user_domain_id': None, 'service_project_id': None, 'service_project_domain_id': None, 'service_roles': []} {{(pid=68042) fill_context /opt/stack/keystone/keystone/server/flask/request_processing/middleware/auth_context.py:509}}
May 12 05:31:55 ubuntu devstack@keystone.service[68042]: DEBUG keystone.server.flask.request_processing.req_logging [None req-cc58c5dc-9318-4bf5-93b7-bb9d9a876093 None admin] REQUEST_METHOD: `GET` {{(pid=68042) log_request_info /opt/stack/keystone/keystone/server/flask/request_processing/req_logging.py:26}}
May 12 05:31:55 ubuntu devstack@keystone.service[68042]: DEBUG keystone.server.flask.request_processing.req_logging [None req-cc58c5dc-9318-4bf5-93b7-bb9d9a876093 None admin] SCRIPT_NAME: `/identity` {{(pid=68042) log_request_info /opt/stack/keystone/keystone/server/flask/request_processing/req_logging.py:27}}
May 12 05:31:55 ubuntu devstack@keystone.service[68042]: DEBUG keystone.server.flask.request_processing.req_logging [None req-cc58c5dc-9318-4bf5-93b7-bb9d9a876093 None admin] PATH_INFO: `/v3/roles` {{(pid=68042) log_request_info /opt/stack/keystone/keystone/server/flask/request_processing/req_logging.py:28}}
May 12 05:31:55 ubuntu devstack@keystone.service[68042]: DEBUG keystone.common.rbac_enforcer.enforcer [None req-cc58c5dc-9318-4bf5-93b7-bb9d9a876093 None admin] RBAC: Adding query filter params (name=admin) {{(pid=68042) _extract_filter_values /opt/stack/keystone/keystone/common/rbac_enforcer/enforcer.py:176}}
May 12 05:31:55 ubuntu devstack@keystone.service[68042]: DEBUG keystone.common.rbac_enforcer.enforcer [None req-cc58c5dc-9318-4bf5-93b7-bb9d9a876093 None admin] RBAC: Authorizing `identity:list_roles()` {{(pid=68042) enforce_call /opt/stack/keystone/keystone/common/rbac_enforcer/enforcer.py:494}}
May 12 05:31:55 ubuntu devstack@keystone.service[68042]: DEBUG keystone.common.rbac_enforcer.enforcer [None req-cc58c5dc-9318-4bf5-93b7-bb9d9a876093 None admin] RBAC: Authorization granted {{(pid=68042) enforce_call /opt/stack/keystone/keystone/common/rbac_enforcer/enforcer.py:505}}
May 12 05:31:55 ubuntu devstack@keystone.service[68042]: [pid: 68042|app: 0|req: 17/35] 10.120.125.137 () {58 vars in 1179 bytes} [Tue May 12 05:31:55 2026] GET /identity/v3/roles?name=admin => generated 341 bytes in 63 msecs (HTTP/1.1 200) 5 headers in 177 bytes (1 switches on core 0)
May 12 05:31:55 ubuntu devstack@keystone.service[68043]: DEBUG keystone.server.flask.request_processing.middleware.auth_context [None req-47d20ea1-5587-479d-a5dc-bf5fb3464251 None admin] Authenticating user token {{(pid=68043) process_request /opt/stack/data/venv/lib/python3.12/site-packages/keystonemiddleware/auth_token/__init__.py:407}}
May 12 05:31:55 ubuntu devstack@keystone.service[68042]: DEBUG keystone.server.flask.request_processing.middleware.auth_context [None req-cc58c5dc-9318-4bf5-93b7-bb9d9a876093 None admin] Authenticating user token {{(pid=68042) process_request /opt/stack/data/venv/lib/python3.12/site-packages/keystonemiddleware/auth_token/__init__.py:407}}
May 12 05:31:55 ubuntu devstack@keystone.service[68043]: DEBUG keystone.server.flask.request_processing.middleware.auth_context [None req-47d20ea1-5587-479d-a5dc-bf5fb3464251 None admin] Validating token access rules against request {{(pid=68043) validate_allowed_request /opt/stack/data/venv/lib/python3.12/site-packages/keystonemiddleware/auth_token/__init__.py:545}}
May 12 05:31:55 ubuntu devstack@keystone.service[68043]: DEBUG keystone.server.flask.request_processing.middleware.auth_context [None req-c181b352-15a2-49c3-8e3c-da1a0f545297 None admin] RBAC: auth_context: {'token': <TokenModel (audit_id=q86dddehTEqaDRUophymJw, audit_chain_id=['q86dddehTEqaDRUophymJw']) at 0x72b35f26bf20>, 'domain_id': None, 'trust_id': None, 'trustor_id': None, 'trustee_id': None, 'domain_name': None, 'group_ids': [], 'user_id': '56de6be66c8c43dea9e01c1cc2a27eb3', 'user_domain_id': 'default', 'system_scope': 'all', 'project_id': None, 'project_domain_id': None, 'roles': ['admin', 'manager', 'member', 'reader'], 'is_admin_project': True, 'service_user_id': None, 'service_user_domain_id': None, 'service_project_id': None, 'service_project_domain_id': None, 'service_roles': []} {{(pid=68043) fill_context /opt/stack/keystone/keystone/server/flask/request_processing/middleware/auth_context.py:509}}
May 12 05:31:55 ubuntu devstack@keystone.service[68043]: DEBUG keystone.server.flask.request_processing.req_logging [None req-c181b352-15a2-49c3-8e3c-da1a0f545297 None admin] REQUEST_METHOD: `GET` {{(pid=68043) log_request_info /opt/stack/keystone/keystone/server/flask/request_processing/req_logging.py:26}}
May 12 05:31:55 ubuntu devstack@keystone.service[68043]: DEBUG keystone.server.flask.request_processing.req_logging [None req-c181b352-15a2-49c3-8e3c-da1a0f545297 None admin] SCRIPT_NAME: `/identity` {{(pid=68043) log_request_info /opt/stack/keystone/keystone/server/flask/request_processing/req_logging.py:27}}
May 12 05:31:55 ubuntu devstack@keystone.service[68043]: DEBUG keystone.server.flask.request_processing.req_logging [None req-c181b352-15a2-49c3-8e3c-da1a0f545297 None admin] PATH_INFO: `/v3/users/56de6be66c8c43dea9e01c1cc2a27eb3` {{(pid=68043) log_request_info /opt/stack/keystone/keystone/server/flask/request_processing/req_logging.py:28}}
May 12 05:31:55 ubuntu devstack@keystone.service[68043]: DEBUG keystone.common.rbac_enforcer.enforcer [None req-c181b352-15a2-49c3-8e3c-da1a0f545297 None admin] RBAC: Authorizing `identity:get_user(user_id=56de6be66c8c43dea9e01c1cc2a27eb3)` {{(pid=68043) enforce_call /opt/stack/keystone/keystone/common/rbac_enforcer/enforcer.py:494}}
May 12 05:31:55 ubuntu devstack@keystone.service[68043]: DEBUG keystone.common.rbac_enforcer.enforcer [None req-c181b352-15a2-49c3-8e3c-da1a0f545297 None admin] RBAC: Authorization granted {{(pid=68043) enforce_call /opt/stack/keystone/keystone/common/rbac_enforcer/enforcer.py:505}}
May 12 05:31:55 ubuntu devstack@keystone.service[68043]: [pid: 68043|app: 0|req: 19/36] 10.120.125.137 () {58 vars in 1245 bytes} [Tue May 12 05:31:55 2026] GET /identity/v3/users/56de6be66c8c43dea9e01c1cc2a27eb3 => generated 248 bytes in 65 msecs (HTTP/1.1 200) 5 headers in 177 bytes (1 switches on core 0)
May 12 05:31:55 ubuntu devstack@keystone.service[68043]: DEBUG keystone.server.flask.request_processing.middleware.auth_context [None req-c181b352-15a2-49c3-8e3c-da1a0f545297 None admin] Authenticating user token {{(pid=68043) process_request /opt/stack/data/venv/lib/python3.12/site-packages/keystonemiddleware/auth_token/__init__.py:407}}
May 12 05:31:55 ubuntu devstack@keystone.service[68042]: DEBUG keystone.server.flask.request_processing.middleware.auth_context [None req-cc58c5dc-9318-4bf5-93b7-bb9d9a876093 None admin] Validating token access rules against request {{(pid=68042) validate_allowed_request /opt/stack/data/venv/lib/python3.12/site-packages/keystonemiddleware/auth_token/__init__.py:545}}
May 12 05:31:55 ubuntu devstack@keystone.service[68042]: DEBUG keystone.server.flask.request_processing.middleware.auth_context [None req-309a3a42-5c2a-4351-a558-527082d7a9c1 None admin] RBAC: auth_context: {'token': <TokenModel (audit_id=bqoMrqwjRayUymtFziupyA, audit_chain_id=['bqoMrqwjRayUymtFziupyA']) at 0x72b35f1469c0>, 'domain_id': None, 'trust_id': None, 'trustor_id': None, 'trustee_id': None, 'domain_name': None, 'group_ids': [], 'user_id': '56de6be66c8c43dea9e01c1cc2a27eb3', 'user_domain_id': 'default', 'system_scope': 'all', 'project_id': None, 'project_domain_id': None, 'roles': ['admin', 'manager', 'member', 'reader'], 'is_admin_project': True, 'service_user_id': None, 'service_user_domain_id': None, 'service_project_id': None, 'service_project_domain_id': None, 'service_roles': []} {{(pid=68042) fill_context /opt/stack/keystone/keystone/server/flask/request_processing/middleware/auth_context.py:509}}
May 12 05:31:55 ubuntu devstack@keystone.service[68042]: DEBUG keystone.server.flask.request_processing.req_logging [None req-309a3a42-5c2a-4351-a558-527082d7a9c1 None admin] REQUEST_METHOD: `POST` {{(pid=68042) log_request_info /opt/stack/keystone/keystone/server/flask/request_processing/req_logging.py:26}}
May 12 05:31:55 ubuntu devstack@keystone.service[68042]: DEBUG keystone.server.flask.request_processing.req_logging [None req-309a3a42-5c2a-4351-a558-527082d7a9c1 None admin] SCRIPT_NAME: `/identity` {{(pid=68042) log_request_info /opt/stack/keystone/keystone/server/flask/request_processing/req_logging.py:27}}
May 12 05:31:55 ubuntu devstack@keystone.service[68042]: DEBUG keystone.server.flask.request_processing.req_logging [None req-309a3a42-5c2a-4351-a558-527082d7a9c1 None admin] PATH_INFO: `/v3/roles` {{(pid=68042) log_request_info /opt/stack/keystone/keystone/server/flask/request_processing/req_logging.py:28}}
May 12 05:31:55 ubuntu devstack@keystone.service[68042]: DEBUG keystone.common.rbac_enforcer.enforcer [None req-309a3a42-5c2a-4351-a558-527082d7a9c1 None admin] RBAC: Authorizing `identity:create_role()` {{(pid=68042) enforce_call /opt/stack/keystone/keystone/common/rbac_enforcer/enforcer.py:494}}
May 12 05:31:55 ubuntu devstack@keystone.service[68043]: DEBUG keystone.server.flask.request_processing.middleware.auth_context [None req-c181b352-15a2-49c3-8e3c-da1a0f545297 None admin] Validating token access rules against request {{(pid=68043) validate_allowed_request /opt/stack/data/venv/lib/python3.12/site-packages/keystonemiddleware/auth_token/__init__.py:545}}
May 12 05:31:55 ubuntu devstack@keystone.service[68042]: DEBUG keystone.common.rbac_enforcer.enforcer [None req-309a3a42-5c2a-4351-a558-527082d7a9c1 None admin] RBAC: Authorization granted {{(pid=68042) enforce_call /opt/stack/keystone/keystone/common/rbac_enforcer/enforcer.py:505}}
May 12 05:31:55 ubuntu devstack@keystone.service[68042]: DEBUG keystone.common.sql.core [None req-309a3a42-5c2a-4351-a558-527082d7a9c1 None admin] Conflict role: (pymysql.err.IntegrityError) (1062, "Duplicate entry 'service-<<null>>' for key 'role.ixu_role_name_domain_id'")
May 12 05:31:55 ubuntu devstack@keystone.service[68042]: [SQL: INSERT INTO `role` (id, name, description, extra) VALUES (%(id)s, %(name)s, %(description)s, %(extra)s)]
May 12 05:31:55 ubuntu devstack@keystone.service[68042]: [parameters: {'id': '5d59c0b5dc6243ff8e6892029a939c5d', 'name': 'service', 'description': None, 'extra': '{}'}]
May 12 05:31:55 ubuntu devstack@keystone.service[68042]: (Background on this error at: https://sqlalche.me/e/20/gkpj) {{(pid=68042) wrapper /opt/stack/keystone/keystone/common/sql/core.py:580}}
May 12 05:31:55 ubuntu devstack@keystone.service[68042]: ERROR keystone.server.flask.application [None req-309a3a42-5c2a-4351-a558-527082d7a9c1 None admin] Conflict occurred attempting to store role - Duplicate entry found with name service.: keystone.exception.Conflict: Conflict occurred attempting to store role - Duplicate entry found with name service.
May 12 05:31:55 ubuntu devstack@keystone.service[68042]: ERROR keystone.server.flask.application Traceback (most recent call last):
May 12 05:31:55 ubuntu devstack@keystone.service[68042]: ERROR keystone.server.flask.application   File "/opt/stack/data/venv/lib/python3.12/site-packages/sqlalchemy/engine/base.py", line 1967, in _exec_single_context
May 12 05:31:55 ubuntu devstack@keystone.service[68042]: ERROR keystone.server.flask.application     self.dialect.do_execute(
May 12 05:31:55 ubuntu devstack@keystone.service[68042]: ERROR keystone.server.flask.application   File "/opt/stack/data/venv/lib/python3.12/site-packages/sqlalchemy/engine/default.py", line 952, in do_execute
May 12 05:31:55 ubuntu devstack@keystone.service[68042]: ERROR keystone.server.flask.application     cursor.execute(statement, parameters)
May 12 05:31:55 ubuntu devstack@keystone.service[68042]: ERROR keystone.server.flask.application   File "/opt/stack/data/venv/lib/python3.12/site-packages/pymysql/cursors.py", line 157, in execute
May 12 05:31:55 ubuntu devstack@keystone.service[68042]: ERROR keystone.server.flask.application     result = self._query(query)
May 12 05:31:55 ubuntu devstack@keystone.service[68042]: ERROR keystone.server.flask.application              ^^^^^^^^^^^^^^^^^^
May 12 05:31:55 ubuntu devstack@keystone.service[68042]: ERROR keystone.server.flask.application   File "/opt/stack/data/venv/lib/python3.12/site-packages/pymysql/cursors.py", line 328, in _query
May 12 05:31:55 ubuntu devstack@keystone.service[68042]: ERROR keystone.server.flask.application     conn.query(q)
May 12 05:31:55 ubuntu devstack@keystone.service[68042]: ERROR keystone.server.flask.application   File "/opt/stack/data/venv/lib/python3.12/site-packages/pymysql/connections.py", line 575, in query
May 12 05:31:55 ubuntu devstack@keystone.service[68042]: ERROR keystone.server.flask.application     self._affected_rows = self._read_query_result(unbuffered=unbuffered)
May 12 05:31:55 ubuntu devstack@keystone.service[68042]: ERROR keystone.server.flask.application                           ^^^^^^^^^^^^^^^^^^^^^^^^^^^^^^^^^^^^^^^^^^^^^^
May 12 05:31:55 ubuntu devstack@keystone.service[68042]: ERROR keystone.server.flask.application   File "/opt/stack/data/venv/lib/python3.12/site-packages/pymysql/connections.py", line 826, in _read_query_result
May 12 05:31:55 ubuntu devstack@keystone.service[68042]: ERROR keystone.server.flask.application     result.read()
May 12 05:31:55 ubuntu devstack@keystone.service[68042]: ERROR keystone.server.flask.application   File "/opt/stack/data/venv/lib/python3.12/site-packages/pymysql/connections.py", line 1203, in read
May 12 05:31:55 ubuntu devstack@keystone.service[68042]: ERROR keystone.server.flask.application     first_packet = self.connection._read_packet()
May 12 05:31:55 ubuntu devstack@keystone.service[68042]: ERROR keystone.server.flask.application                    ^^^^^^^^^^^^^^^^^^^^^^^^^^^^^^
May 12 05:31:55 ubuntu devstack@keystone.service[68042]: ERROR keystone.server.flask.application   File "/opt/stack/data/venv/lib/python3.12/site-packages/pymysql/connections.py", line 782, in _read_packet
May 12 05:31:55 ubuntu devstack@keystone.service[68042]: ERROR keystone.server.flask.application     packet.raise_for_error()
May 12 05:31:55 ubuntu devstack@keystone.service[68042]: ERROR keystone.server.flask.application   File "/opt/stack/data/venv/lib/python3.12/site-packages/pymysql/protocol.py", line 219, in raise_for_error
May 12 05:31:55 ubuntu devstack@keystone.service[68042]: ERROR keystone.server.flask.application     err.raise_mysql_exception(self._data)
May 12 05:31:55 ubuntu devstack@keystone.service[68042]: ERROR keystone.server.flask.application   File "/opt/stack/data/venv/lib/python3.12/site-packages/pymysql/err.py", line 150, in raise_mysql_exception
May 12 05:31:55 ubuntu devstack@keystone.service[68042]: ERROR keystone.server.flask.application     raise errorclass(errno, errval)
May 12 05:31:55 ubuntu devstack@keystone.service[68042]: ERROR keystone.server.flask.application pymysql.err.IntegrityError: (1062, "Duplicate entry 'service-<<null>>' for key 'role.ixu_role_name_domain_id'")
May 12 05:31:55 ubuntu devstack@keystone.service[68042]: ERROR keystone.server.flask.application 
May 12 05:31:55 ubuntu devstack@keystone.service[68042]: ERROR keystone.server.flask.application The above exception was the direct cause of the following exception:
May 12 05:31:55 ubuntu devstack@keystone.service[68042]: ERROR keystone.server.flask.application 
May 12 05:31:55 ubuntu devstack@keystone.service[68042]: ERROR keystone.server.flask.application Traceback (most recent call last):
May 12 05:31:55 ubuntu devstack@keystone.service[68042]: ERROR keystone.server.flask.application   File "/opt/stack/keystone/keystone/common/sql/core.py", line 575, in wrapper
May 12 05:31:55 ubuntu devstack@keystone.service[68042]: ERROR keystone.server.flask.application     return method(*args, **kwargs)
May 12 05:31:55 ubuntu devstack@keystone.service[68042]: ERROR keystone.server.flask.application            ^^^^^^^^^^^^^^^^^^^^^^^
May 12 05:31:55 ubuntu devstack@keystone.service[68042]: ERROR keystone.server.flask.application   File "/opt/stack/keystone/keystone/assignment/role_backends/sql.py", line 25, in create_role
May 12 05:31:55 ubuntu devstack@keystone.service[68042]: ERROR keystone.server.flask.application     with sql.session_for_write() as session:
May 12 05:31:55 ubuntu devstack@keystone.service[68042]: ERROR keystone.server.flask.application   File "/usr/lib/python3.12/contextlib.py", line 144, in __exit__
May 12 05:31:55 ubuntu devstack@keystone.service[68042]: ERROR keystone.server.flask.application     next(self.gen)
May 12 05:31:55 ubuntu devstack@keystone.service[68042]: ERROR keystone.server.flask.application   File "/opt/stack/data/venv/lib/python3.12/site-packages/oslo_db/sqlalchemy/enginefacade.py", line 1175, in _transaction_scope
May 12 05:31:55 ubuntu devstack@keystone.service[68042]: ERROR keystone.server.flask.application     with current._produce_block(
May 12 05:31:55 ubuntu devstack@keystone.service[68042]: ERROR keystone.server.flask.application   File "/usr/lib/python3.12/contextlib.py", line 144, in __exit__
May 12 05:31:55 ubuntu devstack@keystone.service[68042]: ERROR keystone.server.flask.application     next(self.gen)
May 12 05:31:55 ubuntu devstack@keystone.service[68042]: ERROR keystone.server.flask.application   File "/opt/stack/data/venv/lib/python3.12/site-packages/oslo_db/sqlalchemy/enginefacade.py", line 837, in _session
May 12 05:31:55 ubuntu devstack@keystone.service[68042]: ERROR keystone.server.flask.application     with excutils.save_and_reraise_exception():
