Mar 26 04:28:09 ubuntu devstack@keystone.service[68080]: DEBUG keystone.server.flask.request_processing.middleware.auth_context [None req-e2e67f53-bd60-4c86-960a-0cabc6680843 None admin] RBAC: auth_context: {'token': <TokenModel (audit_id=KG_I1a57RBOiiDv0HL8pjw, audit_chain_id=['KG_I1a57RBOiiDv0HL8pjw']) at 0x747e050846b0>, 'domain_id': None, 'trust_id': None, 'trustor_id': None, 'trustee_id': None, 'domain_name': None, 'group_ids': [], 'user_id': 'd5c3cd307006425ab6cba975d0876e19', 'user_domain_id': 'default', 'system_scope': 'all', 'project_id': None, 'project_domain_id': None, 'roles': ['admin', 'manager', 'member', 'reader'], 'is_admin_project': True, 'service_user_id': None, 'service_user_domain_id': None, 'service_project_id': None, 'service_project_domain_id': None, 'service_roles': []} {{(pid=68080) fill_context /opt/stack/keystone/keystone/server/flask/request_processing/middleware/auth_context.py:509}}
Mar 26 04:28:09 ubuntu devstack@keystone.service[68080]: DEBUG keystone.server.flask.request_processing.req_logging [None req-e2e67f53-bd60-4c86-960a-0cabc6680843 None admin] REQUEST_METHOD: `PUT` {{(pid=68080) log_request_info /opt/stack/keystone/keystone/server/flask/request_processing/req_logging.py:26}}
Mar 26 04:28:09 ubuntu devstack@keystone.service[68079]: DEBUG keystone.common.rbac_enforcer.enforcer [None req-bcacec4f-978e-4798-9965-43522e9304a6 None admin] RBAC: Adding query filter params (name=Default) {{(pid=68079) _extract_filter_values /opt/stack/keystone/keystone/common/rbac_enforcer/enforcer.py:176}}
Mar 26 04:28:09 ubuntu devstack@keystone.service[68080]: DEBUG keystone.server.flask.request_processing.req_logging [None req-e2e67f53-bd60-4c86-960a-0cabc6680843 None admin] SCRIPT_NAME: `/identity` {{(pid=68080) log_request_info /opt/stack/keystone/keystone/server/flask/request_processing/req_logging.py:27}}
Mar 26 04:28:09 ubuntu devstack@keystone.service[68079]: DEBUG keystone.common.rbac_enforcer.enforcer [None req-bcacec4f-978e-4798-9965-43522e9304a6 None admin] RBAC: Authorizing `identity:list_domains()` {{(pid=68079) enforce_call /opt/stack/keystone/keystone/common/rbac_enforcer/enforcer.py:494}}
Mar 26 04:28:09 ubuntu devstack@keystone.service[68080]: DEBUG keystone.server.flask.request_processing.req_logging [None req-e2e67f53-bd60-4c86-960a-0cabc6680843 None admin] PATH_INFO: `/v3/domains/default/users/d5c3cd307006425ab6cba975d0876e19/roles/154be8cc0f284b0390be9d8125c271cf` {{(pid=68080) log_request_info /opt/stack/keystone/keystone/server/flask/request_processing/req_logging.py:28}}
Mar 26 04:28:09 ubuntu devstack@keystone.service[68079]: DEBUG keystone.common.rbac_enforcer.enforcer [None req-bcacec4f-978e-4798-9965-43522e9304a6 None admin] RBAC: Authorization granted {{(pid=68079) enforce_call /opt/stack/keystone/keystone/common/rbac_enforcer/enforcer.py:505}}
Mar 26 04:28:09 ubuntu devstack@keystone.service[68080]: DEBUG keystone.common.rbac_enforcer.enforcer [None req-e2e67f53-bd60-4c86-960a-0cabc6680843 None admin] RBAC: Authorizing `identity:create_grant(domain_id=default, user_id=d5c3cd307006425ab6cba975d0876e19, role_id=154be8cc0f284b0390be9d8125c271cf)` {{(pid=68080) enforce_call /opt/stack/keystone/keystone/common/rbac_enforcer/enforcer.py:494}}
Mar 26 04:28:09 ubuntu devstack@keystone.service[68080]: DEBUG keystone.common.rbac_enforcer.enforcer [None req-e2e67f53-bd60-4c86-960a-0cabc6680843 None admin] RBAC: Authorization granted {{(pid=68080) enforce_call /opt/stack/keystone/keystone/common/rbac_enforcer/enforcer.py:505}}
Mar 26 04:28:09 ubuntu devstack@keystone.service[68079]: [pid: 68079|app: 0|req: 11/21] 10.120.125.137 () {58 vars in 1190 bytes} [Thu Mar 26 04:28:09 2026] GET /identity/v3/domains?name=Default => generated 310 bytes in 86 msecs (HTTP/1.1 200) 5 headers in 177 bytes (1 switches on core 0)
Mar 26 04:28:10 ubuntu devstack@keystone.service[68080]: [pid: 68080|app: 0|req: 11/22] 10.120.125.137 () {60 vars in 1429 bytes} [Thu Mar 26 04:28:09 2026] PUT /identity/v3/domains/default/users/d5c3cd307006425ab6cba975d0876e19/roles/154be8cc0f284b0390be9d8125c271cf => generated 0 bytes in 136 msecs (HTTP/1.1 204) 3 headers in 132 bytes (0 switches on core 0)
Mar 26 04:28:11 ubuntu devstack@keystone.service[68079]: DEBUG keystone.server.flask.request_processing.req_logging [None req-ec34fa23-3750-4b2d-b5e9-6877960784dd None None] REQUEST_METHOD: `GET` {{(pid=68079) log_request_info /opt/stack/keystone/keystone/server/flask/request_processing/req_logging.py:26}}
Mar 26 04:28:11 ubuntu devstack@keystone.service[68079]: DEBUG keystone.server.flask.request_processing.req_logging [None req-ec34fa23-3750-4b2d-b5e9-6877960784dd None None] SCRIPT_NAME: `/identity` {{(pid=68079) log_request_info /opt/stack/keystone/keystone/server/flask/request_processing/req_logging.py:27}}
Mar 26 04:28:11 ubuntu devstack@keystone.service[68079]: DEBUG keystone.server.flask.request_processing.req_logging [None req-ec34fa23-3750-4b2d-b5e9-6877960784dd None None] PATH_INFO: `/` {{(pid=68079) log_request_info /opt/stack/keystone/keystone/server/flask/request_processing/req_logging.py:28}}
Mar 26 04:28:11 ubuntu devstack@keystone.service[68079]: [pid: 68079|app: 0|req: 12/23] 10.120.125.137 () {56 vars in 951 bytes} [Thu Mar 26 04:28:11 2026] GET /identity => generated 271 bytes in 2 msecs (HTTP/1.1 300) 6 headers in 235 bytes (1 switches on core 0)
Mar 26 04:28:11 ubuntu devstack@keystone.service[68080]: DEBUG keystone.server.flask.request_processing.req_logging [None req-da6e3f7c-9da7-4aa0-97a2-be00babd7407 None None] REQUEST_METHOD: `POST` {{(pid=68080) log_request_info /opt/stack/keystone/keystone/server/flask/request_processing/req_logging.py:26}}
Mar 26 04:28:11 ubuntu devstack@keystone.service[68080]: DEBUG keystone.server.flask.request_processing.req_logging [None req-da6e3f7c-9da7-4aa0-97a2-be00babd7407 None None] SCRIPT_NAME: `/identity` {{(pid=68080) log_request_info /opt/stack/keystone/keystone/server/flask/request_processing/req_logging.py:27}}
Mar 26 04:28:11 ubuntu devstack@keystone.service[68080]: DEBUG keystone.server.flask.request_processing.req_logging [None req-da6e3f7c-9da7-4aa0-97a2-be00babd7407 None None] PATH_INFO: `/v3/auth/tokens` {{(pid=68080) log_request_info /opt/stack/keystone/keystone/server/flask/request_processing/req_logging.py:28}}
Mar 26 04:28:11 ubuntu devstack@keystone.service[68080]: WARNING keystone.common.password_hashing [None req-da6e3f7c-9da7-4aa0-97a2-be00babd7407 None None] Truncating password to algorithm specific maximum length 72 characters.
Mar 26 04:28:11 ubuntu devstack@keystone.service[68080]: DEBUG keystone.auth.core [None req-da6e3f7c-9da7-4aa0-97a2-be00babd7407 None None] MFA Rules not processed for user `d5c3cd307006425ab6cba975d0876e19`. Rule list: `[]` (Enabled: `True`). {{(pid=68080) check_auth_methods_against_rules /opt/stack/keystone/keystone/auth/core.py:476}}
Mar 26 04:28:11 ubuntu devstack@keystone.service[68080]: DEBUG keystone.common.fernet_utils [None req-da6e3f7c-9da7-4aa0-97a2-be00babd7407 None None] Loaded 2 Fernet keys from /etc/keystone/fernet-keys/, but `[fernet_tokens] max_active_keys = 3`; perhaps there have not been enough key rotations to reach `max_active_keys` yet? {{(pid=68080) load_keys /opt/stack/keystone/keystone/common/fernet_utils.py:297}}
Mar 26 04:28:11 ubuntu devstack@keystone.service[68080]: [pid: 68080|app: 0|req: 12/24] 10.120.125.137 () {60 vars in 1048 bytes} [Thu Mar 26 04:28:11 2026] POST /identity/v3/auth/tokens => generated 863 bytes in 60 msecs (HTTP/1.1 201) 6 headers in 363 bytes (1 switches on core 0)
Mar 26 04:28:11 ubuntu devstack@keystone.service[68079]: DEBUG keystone.server.flask.request_processing.req_logging [None req-5556a49b-7aea-4897-a828-5fb2744f6246 None None] REQUEST_METHOD: `GET` {{(pid=68079) log_request_info /opt/stack/keystone/keystone/server/flask/request_processing/req_logging.py:26}}
Mar 26 04:28:11 ubuntu devstack@keystone.service[68079]: DEBUG keystone.server.flask.request_processing.req_logging [None req-5556a49b-7aea-4897-a828-5fb2744f6246 None None] SCRIPT_NAME: `/identity` {{(pid=68079) log_request_info /opt/stack/keystone/keystone/server/flask/request_processing/req_logging.py:27}}
Mar 26 04:28:11 ubuntu devstack@keystone.service[68079]: DEBUG keystone.server.flask.request_processing.req_logging [None req-5556a49b-7aea-4897-a828-5fb2744f6246 None None] PATH_INFO: `/` {{(pid=68079) log_request_info /opt/stack/keystone/keystone/server/flask/request_processing/req_logging.py:28}}
Mar 26 04:28:11 ubuntu devstack@keystone.service[68079]: [pid: 68079|app: 0|req: 13/25] 10.120.125.137 () {56 vars in 951 bytes} [Thu Mar 26 04:28:11 2026] GET /identity => generated 271 bytes in 1 msecs (HTTP/1.1 300) 6 headers in 235 bytes (1 switches on core 0)
Mar 26 04:28:11 ubuntu devstack@keystone.service[68080]: DEBUG keystone.server.flask.request_processing.req_logging [None req-498bdcab-6cd1-45ee-8093-99c61f3ff702 None None] REQUEST_METHOD: `POST` {{(pid=68080) log_request_info /opt/stack/keystone/keystone/server/flask/request_processing/req_logging.py:26}}
Mar 26 04:28:11 ubuntu devstack@keystone.service[68080]: DEBUG keystone.server.flask.request_processing.req_logging [None req-498bdcab-6cd1-45ee-8093-99c61f3ff702 None None] SCRIPT_NAME: `/identity` {{(pid=68080) log_request_info /opt/stack/keystone/keystone/server/flask/request_processing/req_logging.py:27}}
Mar 26 04:28:11 ubuntu devstack@keystone.service[68080]: DEBUG keystone.server.flask.request_processing.req_logging [None req-498bdcab-6cd1-45ee-8093-99c61f3ff702 None None] PATH_INFO: `/v3/auth/tokens` {{(pid=68080) log_request_info /opt/stack/keystone/keystone/server/flask/request_processing/req_logging.py:28}}
Mar 26 04:28:11 ubuntu devstack@keystone.service[68080]: WARNING keystone.common.password_hashing [None req-498bdcab-6cd1-45ee-8093-99c61f3ff702 None None] Truncating password to algorithm specific maximum length 72 characters.
Mar 26 04:28:11 ubuntu devstack@keystone.service[68080]: DEBUG keystone.auth.core [None req-498bdcab-6cd1-45ee-8093-99c61f3ff702 None None] MFA Rules not processed for user `d5c3cd307006425ab6cba975d0876e19`. Rule list: `[]` (Enabled: `True`). {{(pid=68080) check_auth_methods_against_rules /opt/stack/keystone/keystone/auth/core.py:476}}
Mar 26 04:28:11 ubuntu devstack@keystone.service[68080]: DEBUG keystone.common.fernet_utils [None req-498bdcab-6cd1-45ee-8093-99c61f3ff702 None None] Loaded 2 Fernet keys from /etc/keystone/fernet-keys/, but `[fernet_tokens] max_active_keys = 3`; perhaps there have not been enough key rotations to reach `max_active_keys` yet? {{(pid=68080) load_keys /opt/stack/keystone/keystone/common/fernet_utils.py:297}}
Mar 26 04:28:11 ubuntu devstack@keystone.service[68079]: DEBUG keystone.server.flask.request_processing.req_logging [None req-3d11bb13-0a7c-43d0-94b6-ae5e4b4a7422 None None] REQUEST_METHOD: `GET` {{(pid=68079) log_request_info /opt/stack/keystone/keystone/server/flask/request_processing/req_logging.py:26}}
Mar 26 04:28:11 ubuntu devstack@keystone.service[68079]: DEBUG keystone.server.flask.request_processing.req_logging [None req-3d11bb13-0a7c-43d0-94b6-ae5e4b4a7422 None None] SCRIPT_NAME: `/identity` {{(pid=68079) log_request_info /opt/stack/keystone/keystone/server/flask/request_processing/req_logging.py:27}}
Mar 26 04:28:11 ubuntu devstack@keystone.service[68079]: DEBUG keystone.server.flask.request_processing.req_logging [None req-3d11bb13-0a7c-43d0-94b6-ae5e4b4a7422 None None] PATH_INFO: `/` {{(pid=68079) log_request_info /opt/stack/keystone/keystone/server/flask/request_processing/req_logging.py:28}}
Mar 26 04:28:11 ubuntu devstack@keystone.service[68079]: [pid: 68079|app: 0|req: 14/26] 10.120.125.137 () {56 vars in 951 bytes} [Thu Mar 26 04:28:11 2026] GET /identity => generated 271 bytes in 3 msecs (HTTP/1.1 300) 6 headers in 235 bytes (1 switches on core 0)
Mar 26 04:28:11 ubuntu devstack@keystone.service[68080]: [pid: 68080|app: 0|req: 13/27] 10.120.125.137 () {60 vars in 1048 bytes} [Thu Mar 26 04:28:11 2026] POST /identity/v3/auth/tokens => generated 863 bytes in 61 msecs (HTTP/1.1 201) 6 headers in 363 bytes (1 switches on core 0)
Mar 26 04:28:12 ubuntu devstack@keystone.service[68079]: DEBUG keystone.server.flask.request_processing.req_logging [None req-b73fe3a8-4c81-4d25-a375-91a318efedbd None None] REQUEST_METHOD: `GET` {{(pid=68079) log_request_info /opt/stack/keystone/keystone/server/flask/request_processing/req_logging.py:26}}
Mar 26 04:28:12 ubuntu devstack@keystone.service[68079]: DEBUG keystone.server.flask.request_processing.req_logging [None req-b73fe3a8-4c81-4d25-a375-91a318efedbd None None] SCRIPT_NAME: `/identity` {{(pid=68079) log_request_info /opt/stack/keystone/keystone/server/flask/request_processing/req_logging.py:27}}
Mar 26 04:28:12 ubuntu devstack@keystone.service[68079]: DEBUG keystone.server.flask.request_processing.req_logging [None req-b73fe3a8-4c81-4d25-a375-91a318efedbd None None] PATH_INFO: `/` {{(pid=68079) log_request_info /opt/stack/keystone/keystone/server/flask/request_processing/req_logging.py:28}}
Mar 26 04:28:12 ubuntu devstack@keystone.service[68079]: [pid: 68079|app: 0|req: 15/28] 10.120.125.137 () {56 vars in 951 bytes} [Thu Mar 26 04:28:12 2026] GET /identity => generated 271 bytes in 2 msecs (HTTP/1.1 300) 6 headers in 235 bytes (1 switches on core 0)
Mar 26 04:28:12 ubuntu devstack@keystone.service[68080]: DEBUG keystone.server.flask.request_processing.req_logging [None req-f0fcfb3c-c0a2-4c2f-91ee-a4a73dedd731 None None] REQUEST_METHOD: `POST` {{(pid=68080) log_request_info /opt/stack/keystone/keystone/server/flask/request_processing/req_logging.py:26}}
Mar 26 04:28:12 ubuntu devstack@keystone.service[68080]: DEBUG keystone.server.flask.request_processing.req_logging [None req-f0fcfb3c-c0a2-4c2f-91ee-a4a73dedd731 None None] SCRIPT_NAME: `/identity` {{(pid=68080) log_request_info /opt/stack/keystone/keystone/server/flask/request_processing/req_logging.py:27}}
Mar 26 04:28:12 ubuntu devstack@keystone.service[68080]: DEBUG keystone.server.flask.request_processing.req_logging [None req-f0fcfb3c-c0a2-4c2f-91ee-a4a73dedd731 None None] PATH_INFO: `/v3/auth/tokens` {{(pid=68080) log_request_info /opt/stack/keystone/keystone/server/flask/request_processing/req_logging.py:28}}
Mar 26 04:28:12 ubuntu devstack@keystone.service[68080]: WARNING keystone.common.password_hashing [None req-f0fcfb3c-c0a2-4c2f-91ee-a4a73dedd731 None None] Truncating password to algorithm specific maximum length 72 characters.
Mar 26 04:28:12 ubuntu devstack@keystone.service[68080]: DEBUG keystone.auth.core [None req-f0fcfb3c-c0a2-4c2f-91ee-a4a73dedd731 None None] MFA Rules not processed for user `d5c3cd307006425ab6cba975d0876e19`. Rule list: `[]` (Enabled: `True`). {{(pid=68080) check_auth_methods_against_rules /opt/stack/keystone/keystone/auth/core.py:476}}
Mar 26 04:28:12 ubuntu devstack@keystone.service[68080]: DEBUG keystone.common.fernet_utils [None req-f0fcfb3c-c0a2-4c2f-91ee-a4a73dedd731 None None] Loaded 2 Fernet keys from /etc/keystone/fernet-keys/, but `[fernet_tokens] max_active_keys = 3`; perhaps there have not been enough key rotations to reach `max_active_keys` yet? {{(pid=68080) load_keys /opt/stack/keystone/keystone/common/fernet_utils.py:297}}
Mar 26 04:28:12 ubuntu devstack@keystone.service[68080]: [pid: 68080|app: 0|req: 14/29] 10.120.125.137 () {60 vars in 1048 bytes} [Thu Mar 26 04:28:12 2026] POST /identity/v3/auth/tokens => generated 863 bytes in 59 msecs (HTTP/1.1 201) 6 headers in 363 bytes (1 switches on core 0)
Mar 26 04:28:12 ubuntu devstack@keystone.service[68079]: DEBUG keystone.server.flask.request_processing.middleware.auth_context [None req-b73fe3a8-4c81-4d25-a375-91a318efedbd None None] Authenticating user token {{(pid=68079) process_request /opt/stack/data/venv/lib/python3.12/site-packages/keystonemiddleware/auth_token/__init__.py:407}}
Mar 26 04:28:12 ubuntu devstack@keystone.service[68079]: DEBUG keystone.server.flask.request_processing.middleware.auth_context [None req-b73fe3a8-4c81-4d25-a375-91a318efedbd None None] Validating token access rules against request {{(pid=68079) validate_allowed_request /opt/stack/data/venv/lib/python3.12/site-packages/keystonemiddleware/auth_token/__init__.py:545}}
Mar 26 04:28:12 ubuntu devstack@keystone.service[68080]: DEBUG keystone.server.flask.request_processing.req_logging [None req-0478ec58-357e-4c13-b50f-a9cfdb370b90 None None] REQUEST_METHOD: `POST` {{(pid=68080) log_request_info /opt/stack/keystone/keystone/server/flask/request_processing/req_logging.py:26}}
Mar 26 04:28:12 ubuntu devstack@keystone.service[68080]: DEBUG keystone.server.flask.request_processing.req_logging [None req-0478ec58-357e-4c13-b50f-a9cfdb370b90 None None] SCRIPT_NAME: `/identity` {{(pid=68080) log_request_info /opt/stack/keystone/keystone/server/flask/request_processing/req_logging.py:27}}
Mar 26 04:28:12 ubuntu devstack@keystone.service[68080]: DEBUG keystone.server.flask.request_processing.req_logging [None req-0478ec58-357e-4c13-b50f-a9cfdb370b90 None None] PATH_INFO: `/v3/auth/tokens` {{(pid=68080) log_request_info /opt/stack/keystone/keystone/server/flask/request_processing/req_logging.py:28}}
Mar 26 04:28:12 ubuntu devstack@keystone.service[68080]: WARNING keystone.common.password_hashing [None req-0478ec58-357e-4c13-b50f-a9cfdb370b90 None None] Truncating password to algorithm specific maximum length 72 characters.
Mar 26 04:28:12 ubuntu devstack@keystone.service[68079]: DEBUG keystone.server.flask.request_processing.middleware.auth_context [None req-947b12fe-5c9f-4de9-9390-ececb68bc2bc None admin] RBAC: auth_context: {'token': <TokenModel (audit_id=uawYkrzaTFSIS_KHOobB4A, audit_chain_id=['uawYkrzaTFSIS_KHOobB4A']) at 0x747e04db0ec0>, 'domain_id': None, 'trust_id': None, 'trustor_id': None, 'trustee_id': None, 'domain_name': None, 'group_ids': [], 'user_id': 'd5c3cd307006425ab6cba975d0876e19', 'user_domain_id': 'default', 'system_scope': 'all', 'project_id': None, 'project_domain_id': None, 'roles': ['admin', 'manager', 'member', 'reader'], 'is_admin_project': True, 'service_user_id': None, 'service_user_domain_id': None, 'service_project_id': None, 'service_project_domain_id': None, 'service_roles': []} {{(pid=68079) fill_context /opt/stack/keystone/keystone/server/flask/request_processing/middleware/auth_context.py:509}}
Mar 26 04:28:12 ubuntu devstack@keystone.service[68079]: DEBUG keystone.server.flask.request_processing.req_logging [None req-947b12fe-5c9f-4de9-9390-ececb68bc2bc None admin] REQUEST_METHOD: `GET` {{(pid=68079) log_request_info /opt/stack/keystone/keystone/server/flask/request_processing/req_logging.py:26}}
Mar 26 04:28:12 ubuntu devstack@keystone.service[68079]: DEBUG keystone.server.flask.request_processing.req_logging [None req-947b12fe-5c9f-4de9-9390-ececb68bc2bc None admin] SCRIPT_NAME: `/identity` {{(pid=68079) log_request_info /opt/stack/keystone/keystone/server/flask/request_processing/req_logging.py:27}}
Mar 26 04:28:12 ubuntu devstack@keystone.service[68079]: DEBUG keystone.server.flask.request_processing.req_logging [None req-947b12fe-5c9f-4de9-9390-ececb68bc2bc None admin] PATH_INFO: `/v3/roles/admin` {{(pid=68079) log_request_info /opt/stack/keystone/keystone/server/flask/request_processing/req_logging.py:28}}
Mar 26 04:28:12 ubuntu devstack@keystone.service[68079]: DEBUG keystone.common.rbac_enforcer.enforcer [None req-947b12fe-5c9f-4de9-9390-ececb68bc2bc None admin] Extracting inferred target data resulted in "NOT FOUND (404)". {{(pid=68079) enforce_call /opt/stack/keystone/keystone/common/rbac_enforcer/enforcer.py:445}}
Mar 26 04:28:12 ubuntu devstack@keystone.service[68079]: DEBUG keystone.server.flask.application [None req-947b12fe-5c9f-4de9-9390-ececb68bc2bc None admin] Could not find role: admin. {{(pid=68079) _handle_keystone_exception /opt/stack/keystone/keystone/server/flask/application.py:146}}
Mar 26 04:28:12 ubuntu devstack@keystone.service[68079]: [pid: 68079|app: 0|req: 16/30] 10.120.125.137 () {58 vars in 1164 bytes} [Thu Mar 26 04:28:12 2026] GET /identity/v3/roles/admin => generated 83 bytes in 91 msecs (HTTP/1.1 404) 5 headers in 183 bytes (1 switches on core 0)
Mar 26 04:28:12 ubuntu devstack@keystone.service[68080]: DEBUG keystone.auth.core [None req-0478ec58-357e-4c13-b50f-a9cfdb370b90 None None] MFA Rules not processed for user `d5c3cd307006425ab6cba975d0876e19`. Rule list: `[]` (Enabled: `True`). {{(pid=68080) check_auth_methods_against_rules /opt/stack/keystone/keystone/auth/core.py:476}}
Mar 26 04:28:12 ubuntu devstack@keystone.service[68080]: DEBUG keystone.common.fernet_utils [None req-0478ec58-357e-4c13-b50f-a9cfdb370b90 None None] Loaded 2 Fernet keys from /etc/keystone/fernet-keys/, but `[fernet_tokens] max_active_keys = 3`; perhaps there have not been enough key rotations to reach `max_active_keys` yet? {{(pid=68080) load_keys /opt/stack/keystone/keystone/common/fernet_utils.py:297}}
Mar 26 04:28:12 ubuntu devstack@keystone.service[68079]: DEBUG keystone.server.flask.request_processing.middleware.auth_context [None req-947b12fe-5c9f-4de9-9390-ececb68bc2bc None admin] Authenticating user token {{(pid=68079) process_request /opt/stack/data/venv/lib/python3.12/site-packages/keystonemiddleware/auth_token/__init__.py:407}}
Mar 26 04:28:12 ubuntu devstack@keystone.service[68080]: [pid: 68080|app: 0|req: 15/31] 10.120.125.137 () {60 vars in 1048 bytes} [Thu Mar 26 04:28:12 2026] POST /identity/v3/auth/tokens => generated 863 bytes in 70 msecs (HTTP/1.1 201) 6 headers in 363 bytes (1 switches on core 0)
Mar 26 04:28:12 ubuntu devstack@keystone.service[68079]: DEBUG keystone.server.flask.request_processing.middleware.auth_context [None req-947b12fe-5c9f-4de9-9390-ececb68bc2bc None admin] Validating token access rules against request {{(pid=68079) validate_allowed_request /opt/stack/data/venv/lib/python3.12/site-packages/keystonemiddleware/auth_token/__init__.py:545}}
Mar 26 04:28:12 ubuntu devstack@keystone.service[68079]: DEBUG keystone.server.flask.request_processing.middleware.auth_context [None req-7975a8e7-aab0-4eae-bb10-e527e6564962 None admin] RBAC: auth_context: {'token': <TokenModel (audit_id=uawYkrzaTFSIS_KHOobB4A, audit_chain_id=['uawYkrzaTFSIS_KHOobB4A']) at 0x747e050b93a0>, 'domain_id': None, 'trust_id': None, 'trustor_id': None, 'trustee_id': None, 'domain_name': None, 'group_ids': [], 'user_id': 'd5c3cd307006425ab6cba975d0876e19', 'user_domain_id': 'default', 'system_scope': 'all', 'project_id': None, 'project_domain_id': None, 'roles': ['admin', 'manager', 'member', 'reader'], 'is_admin_project': True, 'service_user_id': None, 'service_user_domain_id': None, 'service_project_id': None, 'service_project_domain_id': None, 'service_roles': []} {{(pid=68079) fill_context /opt/stack/keystone/keystone/server/flask/request_processing/middleware/auth_context.py:509}}
Mar 26 04:28:12 ubuntu devstack@keystone.service[68079]: DEBUG keystone.server.flask.request_processing.req_logging [None req-7975a8e7-aab0-4eae-bb10-e527e6564962 None admin] REQUEST_METHOD: `GET` {{(pid=68079) log_request_info /opt/stack/keystone/keystone/server/flask/request_processing/req_logging.py:26}}
Mar 26 04:28:12 ubuntu devstack@keystone.service[68079]: DEBUG keystone.server.flask.request_processing.req_logging [None req-7975a8e7-aab0-4eae-bb10-e527e6564962 None admin] SCRIPT_NAME: `/identity` {{(pid=68079) log_request_info /opt/stack/keystone/keystone/server/flask/request_processing/req_logging.py:27}}
Mar 26 04:28:12 ubuntu devstack@keystone.service[68079]: DEBUG keystone.server.flask.request_processing.req_logging [None req-7975a8e7-aab0-4eae-bb10-e527e6564962 None admin] PATH_INFO: `/v3/roles` {{(pid=68079) log_request_info /opt/stack/keystone/keystone/server/flask/request_processing/req_logging.py:28}}
Mar 26 04:28:12 ubuntu devstack@keystone.service[68079]: DEBUG keystone.common.rbac_enforcer.enforcer [None req-7975a8e7-aab0-4eae-bb10-e527e6564962 None admin] RBAC: Adding query filter params (name=admin) {{(pid=68079) _extract_filter_values /opt/stack/keystone/keystone/common/rbac_enforcer/enforcer.py:176}}
Mar 26 04:28:12 ubuntu devstack@keystone.service[68079]: DEBUG keystone.common.rbac_enforcer.enforcer [None req-7975a8e7-aab0-4eae-bb10-e527e6564962 None admin] RBAC: Authorizing `identity:list_roles()` {{(pid=68079) enforce_call /opt/stack/keystone/keystone/common/rbac_enforcer/enforcer.py:494}}
Mar 26 04:28:12 ubuntu devstack@keystone.service[68079]: DEBUG keystone.common.rbac_enforcer.enforcer [None req-7975a8e7-aab0-4eae-bb10-e527e6564962 None admin] RBAC: Authorization granted {{(pid=68079) enforce_call /opt/stack/keystone/keystone/common/rbac_enforcer/enforcer.py:505}}
Mar 26 04:28:12 ubuntu devstack@keystone.service[68079]: [pid: 68079|app: 0|req: 17/32] 10.120.125.137 () {58 vars in 1180 bytes} [Thu Mar 26 04:28:12 2026] GET /identity/v3/roles?name=admin => generated 341 bytes in 92 msecs (HTTP/1.1 200) 5 headers in 177 bytes (1 switches on core 0)
Mar 26 04:28:12 ubuntu devstack@keystone.service[68080]: DEBUG keystone.server.flask.request_processing.req_logging [None req-98c3c697-5bf0-4776-a477-3bb061a1baed None None] REQUEST_METHOD: `GET` {{(pid=68080) log_request_info /opt/stack/keystone/keystone/server/flask/request_processing/req_logging.py:26}}
Mar 26 04:28:12 ubuntu devstack@keystone.service[68080]: DEBUG keystone.server.flask.request_processing.req_logging [None req-98c3c697-5bf0-4776-a477-3bb061a1baed None None] SCRIPT_NAME: `/identity` {{(pid=68080) log_request_info /opt/stack/keystone/keystone/server/flask/request_processing/req_logging.py:27}}
Mar 26 04:28:12 ubuntu devstack@keystone.service[68080]: DEBUG keystone.server.flask.request_processing.req_logging [None req-98c3c697-5bf0-4776-a477-3bb061a1baed None None] PATH_INFO: `/` {{(pid=68080) log_request_info /opt/stack/keystone/keystone/server/flask/request_processing/req_logging.py:28}}
Mar 26 04:28:12 ubuntu devstack@keystone.service[68080]: [pid: 68080|app: 0|req: 16/33] 10.120.125.137 () {56 vars in 951 bytes} [Thu Mar 26 04:28:12 2026] GET /identity => generated 271 bytes in 2 msecs (HTTP/1.1 300) 6 headers in 235 bytes (1 switches on core 0)
Mar 26 04:28:12 ubuntu devstack@keystone.service[68079]: DEBUG keystone.server.flask.request_processing.middleware.auth_context [None req-7975a8e7-aab0-4eae-bb10-e527e6564962 None admin] Authenticating user token {{(pid=68079) process_request /opt/stack/data/venv/lib/python3.12/site-packages/keystonemiddleware/auth_token/__init__.py:407}}
Mar 26 04:28:12 ubuntu devstack@keystone.service[68080]: DEBUG keystone.server.flask.request_processing.middleware.auth_context [None req-98c3c697-5bf0-4776-a477-3bb061a1baed None None] Authenticating user token {{(pid=68080) process_request /opt/stack/data/venv/lib/python3.12/site-packages/keystonemiddleware/auth_token/__init__.py:407}}
Mar 26 04:28:12 ubuntu devstack@keystone.service[68079]: DEBUG keystone.server.flask.request_processing.middleware.auth_context [None req-7975a8e7-aab0-4eae-bb10-e527e6564962 None admin] Validating token access rules against request {{(pid=68079) validate_allowed_request /opt/stack/data/venv/lib/python3.12/site-packages/keystonemiddleware/auth_token/__init__.py:545}}
Mar 26 04:28:12 ubuntu devstack@keystone.service[68080]: DEBUG keystone.server.flask.request_processing.middleware.auth_context [None req-98c3c697-5bf0-4776-a477-3bb061a1baed None None] Validating token access rules against request {{(pid=68080) validate_allowed_request /opt/stack/data/venv/lib/python3.12/site-packages/keystonemiddleware/auth_token/__init__.py:545}}
Mar 26 04:28:12 ubuntu devstack@keystone.service[68079]: DEBUG keystone.server.flask.request_processing.middleware.auth_context [None req-09837b4f-bf4b-4927-b344-06f6440a6288 None admin] RBAC: auth_context: {'token': <TokenModel (audit_id=TRk43EY_RseiaN5UK7umRA, audit_chain_id=['TRk43EY_RseiaN5UK7umRA']) at 0x747e05be6600>, 'domain_id': None, 'trust_id': None, 'trustor_id': None, 'trustee_id': None, 'domain_name': None, 'group_ids': [], 'user_id': 'd5c3cd307006425ab6cba975d0876e19', 'user_domain_id': 'default', 'system_scope': 'all', 'project_id': None, 'project_domain_id': None, 'roles': ['admin', 'manager', 'member', 'reader'], 'is_admin_project': True, 'service_user_id': None, 'service_user_domain_id': None, 'service_project_id': None, 'service_project_domain_id': None, 'service_roles': []} {{(pid=68079) fill_context /opt/stack/keystone/keystone/server/flask/request_processing/middleware/auth_context.py:509}}
Mar 26 04:28:12 ubuntu devstack@keystone.service[68079]: DEBUG keystone.server.flask.request_processing.req_logging [None req-09837b4f-bf4b-4927-b344-06f6440a6288 None admin] REQUEST_METHOD: `POST` {{(pid=68079) log_request_info /opt/stack/keystone/keystone/server/flask/request_processing/req_logging.py:26}}
Mar 26 04:28:12 ubuntu devstack@keystone.service[68079]: DEBUG keystone.server.flask.request_processing.req_logging [None req-09837b4f-bf4b-4927-b344-06f6440a6288 None admin] SCRIPT_NAME: `/identity` {{(pid=68079) log_request_info /opt/stack/keystone/keystone/server/flask/request_processing/req_logging.py:27}}
Mar 26 04:28:12 ubuntu devstack@keystone.service[68079]: DEBUG keystone.server.flask.request_processing.req_logging [None req-09837b4f-bf4b-4927-b344-06f6440a6288 None admin] PATH_INFO: `/v3/roles` {{(pid=68079) log_request_info /opt/stack/keystone/keystone/server/flask/request_processing/req_logging.py:28}}
Mar 26 04:28:12 ubuntu devstack@keystone.service[68079]: DEBUG keystone.common.rbac_enforcer.enforcer [None req-09837b4f-bf4b-4927-b344-06f6440a6288 None admin] RBAC: Authorizing `identity:create_role()` {{(pid=68079) enforce_call /opt/stack/keystone/keystone/common/rbac_enforcer/enforcer.py:494}}
Mar 26 04:28:12 ubuntu devstack@keystone.service[68079]: DEBUG keystone.common.rbac_enforcer.enforcer [None req-09837b4f-bf4b-4927-b344-06f6440a6288 None admin] RBAC: Authorization granted {{(pid=68079) enforce_call /opt/stack/keystone/keystone/common/rbac_enforcer/enforcer.py:505}}
Mar 26 04:28:12 ubuntu devstack@keystone.service[68080]: DEBUG keystone.server.flask.request_processing.middleware.auth_context [None req-c7ef169f-45db-4b13-a2c2-f8051eb21b8c None admin] RBAC: auth_context: {'token': <TokenModel (audit_id=uawYkrzaTFSIS_KHOobB4A, audit_chain_id=['uawYkrzaTFSIS_KHOobB4A']) at 0x747e04e56780>, 'domain_id': None, 'trust_id': None, 'trustor_id': None, 'trustee_id': None, 'domain_name': None, 'group_ids': [], 'user_id': 'd5c3cd307006425ab6cba975d0876e19', 'user_domain_id': 'default', 'system_scope': 'all', 'project_id': None, 'project_domain_id': None, 'roles': ['admin', 'manager', 'member', 'reader'], 'is_admin_project': True, 'service_user_id': None, 'service_user_domain_id': None, 'service_project_id': None, 'service_project_domain_id': None, 'service_roles': []} {{(pid=68080) fill_context /opt/stack/keystone/keystone/server/flask/request_processing/middleware/auth_context.py:509}}
Mar 26 04:28:12 ubuntu devstack@keystone.service[68080]: DEBUG keystone.server.flask.request_processing.req_logging [None req-c7ef169f-45db-4b13-a2c2-f8051eb21b8c None admin] REQUEST_METHOD: `GET` {{(pid=68080) log_request_info /opt/stack/keystone/keystone/server/flask/request_processing/req_logging.py:26}}
Mar 26 04:28:12 ubuntu devstack@keystone.service[68080]: DEBUG keystone.server.flask.request_processing.req_logging [None req-c7ef169f-45db-4b13-a2c2-f8051eb21b8c None admin] SCRIPT_NAME: `/identity` {{(pid=68080) log_request_info /opt/stack/keystone/keystone/server/flask/request_processing/req_logging.py:27}}
Mar 26 04:28:12 ubuntu devstack@keystone.service[68080]: DEBUG keystone.server.flask.request_processing.req_logging [None req-c7ef169f-45db-4b13-a2c2-f8051eb21b8c None admin] PATH_INFO: `/v3/users/d5c3cd307006425ab6cba975d0876e19` {{(pid=68080) log_request_info /opt/stack/keystone/keystone/server/flask/request_processing/req_logging.py:28}}
Mar 26 04:28:12 ubuntu devstack@keystone.service[68080]: DEBUG keystone.common.rbac_enforcer.enforcer [None req-c7ef169f-45db-4b13-a2c2-f8051eb21b8c None admin] RBAC: Authorizing `identity:get_user(user_id=d5c3cd307006425ab6cba975d0876e19)` {{(pid=68080) enforce_call /opt/stack/keystone/keystone/common/rbac_enforcer/enforcer.py:494}}
Mar 26 04:28:12 ubuntu devstack@keystone.service[68080]: DEBUG keystone.common.rbac_enforcer.enforcer [None req-c7ef169f-45db-4b13-a2c2-f8051eb21b8c None admin] RBAC: Authorization granted {{(pid=68080) enforce_call /opt/stack/keystone/keystone/common/rbac_enforcer/enforcer.py:505}}
Mar 26 04:28:12 ubuntu devstack@keystone.service[68080]: [pid: 68080|app: 0|req: 17/34] 10.120.125.137 () {58 vars in 1245 bytes} [Thu Mar 26 04:28:12 2026] GET /identity/v3/users/d5c3cd307006425ab6cba975d0876e19 => generated 248 bytes in 59 msecs (HTTP/1.1 200) 5 headers in 177 bytes (1 switches on core 0)
Mar 26 04:28:12 ubuntu devstack@keystone.service[68079]: DEBUG keystone.common.sql.core [None req-09837b4f-bf4b-4927-b344-06f6440a6288 None admin] Conflict role: (pymysql.err.IntegrityError) (1062, "Duplicate entry 'service-<<null>>' for key 'role.ixu_role_name_domain_id'")
Mar 26 04:28:12 ubuntu devstack@keystone.service[68079]: [SQL: INSERT INTO `role` (id, name, description, extra) VALUES (%(id)s, %(name)s, %(description)s, %(extra)s)]
Mar 26 04:28:12 ubuntu devstack@keystone.service[68079]: [parameters: {'id': '9c87be3d592a49838c892c00aa6cfb14', 'name': 'service', 'description': None, 'extra': '{}'}]
Mar 26 04:28:12 ubuntu devstack@keystone.service[68079]: (Background on this error at: https://sqlalche.me/e/20/gkpj) {{(pid=68079) wrapper /opt/stack/keystone/keystone/common/sql/core.py:580}}
Mar 26 04:28:12 ubuntu devstack@keystone.service[68080]: DEBUG keystone.server.flask.request_processing.req_logging [None req-a1129664-f882-46dd-98a0-cd267b1e9c09 None None] REQUEST_METHOD: `GET` {{(pid=68080) log_request_info /opt/stack/keystone/keystone/server/flask/request_processing/req_logging.py:26}}
Mar 26 04:28:12 ubuntu devstack@keystone.service[68080]: DEBUG keystone.server.flask.request_processing.req_logging [None req-a1129664-f882-46dd-98a0-cd267b1e9c09 None None] SCRIPT_NAME: `/identity` {{(pid=68080) log_request_info /opt/stack/keystone/keystone/server/flask/request_processing/req_logging.py:27}}
Mar 26 04:28:12 ubuntu devstack@keystone.service[68080]: DEBUG keystone.server.flask.request_processing.req_logging [None req-a1129664-f882-46dd-98a0-cd267b1e9c09 None None] PATH_INFO: `/` {{(pid=68080) log_request_info /opt/stack/keystone/keystone/server/flask/request_processing/req_logging.py:28}}
Mar 26 04:28:12 ubuntu devstack@keystone.service[68080]: [pid: 68080|app: 0|req: 18/35] 10.120.125.137 () {56 vars in 951 bytes} [Thu Mar 26 04:28:12 2026] GET /identity => generated 271 bytes in 1 msecs (HTTP/1.1 300) 6 headers in 235 bytes (1 switches on core 0)
Mar 26 04:28:12 ubuntu devstack@keystone.service[68079]: ERROR keystone.server.flask.application [None req-09837b4f-bf4b-4927-b344-06f6440a6288 None admin] Conflict occurred attempting to store role - Duplicate entry found with name service.: keystone.exception.Conflict: Conflict occurred attempting to store role - Duplicate entry found with name service.
Mar 26 04:28:12 ubuntu devstack@keystone.service[68079]: ERROR keystone.server.flask.application Traceback (most recent call last):
Mar 26 04:28:12 ubuntu devstack@keystone.service[68079]: ERROR keystone.server.flask.application   File "/opt/stack/data/venv/lib/python3.12/site-packages/sqlalchemy/engine/base.py", line 1967, in _exec_single_context
Mar 26 04:28:12 ubuntu devstack@keystone.service[68079]: ERROR keystone.server.flask.application     self.dialect.do_execute(
Mar 26 04:28:12 ubuntu devstack@keystone.service[68079]: ERROR keystone.server.flask.application   File "/opt/stack/data/venv/lib/python3.12/site-packages/sqlalchemy/engine/default.py", line 952, in do_execute
Mar 26 04:28:12 ubuntu devstack@keystone.service[68079]: ERROR keystone.server.flask.application     cursor.execute(statement, parameters)
Mar 26 04:28:12 ubuntu devstack@keystone.service[68079]: ERROR keystone.server.flask.application   File "/opt/stack/data/venv/lib/python3.12/site-packages/pymysql/cursors.py", line 153, in execute
Mar 26 04:28:12 ubuntu devstack@keystone.service[68079]: ERROR keystone.server.flask.application     result = self._query(query)
Mar 26 04:28:12 ubuntu devstack@keystone.service[68079]: ERROR keystone.server.flask.application              ^^^^^^^^^^^^^^^^^^
Mar 26 04:28:12 ubuntu devstack@keystone.service[68079]: ERROR keystone.server.flask.application   File "/opt/stack/data/venv/lib/python3.12/site-packages/pymysql/cursors.py", line 322, in _query
Mar 26 04:28:12 ubuntu devstack@keystone.service[68079]: ERROR keystone.server.flask.application     conn.query(q)
Mar 26 04:28:12 ubuntu devstack@keystone.service[68079]: ERROR keystone.server.flask.application   File "/opt/stack/data/venv/lib/python3.12/site-packages/pymysql/connections.py", line 575, in query
Mar 26 04:28:12 ubuntu devstack@keystone.service[68079]: ERROR keystone.server.flask.application     self._affected_rows = self._read_query_result(unbuffered=unbuffered)
Mar 26 04:28:12 ubuntu devstack@keystone.service[68079]: ERROR keystone.server.flask.application                           ^^^^^^^^^^^^^^^^^^^^^^^^^^^^^^^^^^^^^^^^^^^^^^
Mar 26 04:28:12 ubuntu devstack@keystone.service[68079]: ERROR keystone.server.flask.application   File "/opt/stack/data/venv/lib/python3.12/site-packages/pymysql/connections.py", line 826, in _read_query_result
Mar 26 04:28:12 ubuntu devstack@keystone.service[68079]: ERROR keystone.server.flask.application     result.read()
Mar 26 04:28:12 ubuntu devstack@keystone.service[68079]: ERROR keystone.server.flask.application   File "/opt/stack/data/venv/lib/python3.12/site-packages/pymysql/connections.py", line 1203, in read
Mar 26 04:28:12 ubuntu devstack@keystone.service[68079]: ERROR keystone.server.flask.application     first_packet = self.connection._read_packet()
Mar 26 04:28:12 ubuntu devstack@keystone.service[68079]: ERROR keystone.server.flask.application                    ^^^^^^^^^^^^^^^^^^^^^^^^^^^^^^
Mar 26 04:28:12 ubuntu devstack@keystone.service[68079]: ERROR keystone.server.flask.application   File "/opt/stack/data/venv/lib/python3.12/site-packages/pymysql/connections.py", line 782, in _read_packet
Mar 26 04:28:12 ubuntu devstack@keystone.service[68079]: ERROR keystone.server.flask.application     packet.raise_for_error()
Mar 26 04:28:12 ubuntu devstack@keystone.service[68079]: ERROR keystone.server.flask.application   File "/opt/stack/data/venv/lib/python3.12/site-packages/pymysql/protocol.py", line 219, in raise_for_error
Mar 26 04:28:12 ubuntu devstack@keystone.service[68079]: ERROR keystone.server.flask.application     err.raise_mysql_exception(self._data)
Mar 26 04:28:12 ubuntu devstack@keystone.service[68079]: ERROR keystone.server.flask.application   File "/opt/stack/data/venv/lib/python3.12/site-packages/pymysql/err.py", line 150, in raise_mysql_exception
Mar 26 04:28:12 ubuntu devstack@keystone.service[68079]: ERROR keystone.server.flask.application     raise errorclass(errno, errval)
Mar 26 04:28:12 ubuntu devstack@keystone.service[68079]: ERROR keystone.server.flask.application pymysql.err.IntegrityError: (1062, "Duplicate entry 'service-<<null>>' for key 'role.ixu_role_name_domain_id'")
Mar 26 04:28:12 ubuntu devstack@keystone.service[68079]: ERROR keystone.server.flask.application 
Mar 26 04:28:12 ubuntu devstack@keystone.service[68079]: ERROR keystone.server.flask.application The above exception was the direct cause of the following exception:
Mar 26 04:28:12 ubuntu devstack@keystone.service[68079]: ERROR keystone.server.flask.application 
Mar 26 04:28:12 ubuntu devstack@keystone.service[68079]: ERROR keystone.server.flask.application Traceback (most recent call last):
Mar 26 04:28:12 ubuntu devstack@keystone.service[68079]: ERROR keystone.server.flask.application   File "/opt/stack/keystone/keystone/common/sql/core.py", line 575, in wrapper
Mar 26 04:28:12 ubuntu devstack@keystone.service[68079]: ERROR keystone.server.flask.application     return method(*args, **kwargs)
Mar 26 04:28:12 ubuntu devstack@keystone.service[68079]: ERROR keystone.server.flask.application            ^^^^^^^^^^^^^^^^^^^^^^^
Mar 26 04:28:12 ubuntu devstack@keystone.service[68079]: ERROR keystone.server.flask.application   File "/opt/stack/keystone/keystone/assignment/role_backends/sql.py", line 25, in create_role
Mar 26 04:28:12 ubuntu devstack@keystone.service[68079]: ERROR keystone.server.flask.application     with sql.session_for_write() as session:
Mar 26 04:28:12 ubuntu devstack@keystone.service[68079]: ERROR keystone.server.flask.application   File "/usr/lib/python3.12/contextlib.py", line 144, in __exit__
Mar 26 04:28:12 ubuntu devstack@keystone.service[68079]: ERROR keystone.server.flask.application     next(self.gen)
Mar 26 04:28:12 ubuntu devstack@keystone.service[68079]: ERROR keystone.server.flask.application   File "/opt/stack/data/venv/lib/python3.12/site-packages/oslo_db/sqlalchemy/enginefacade.py", line 1175, in _transaction_scope
Mar 26 04:28:12 ubuntu devstack@keystone.service[68079]: ERROR keystone.server.flask.application     with current._produce_block(
Mar 26 04:28:12 ubuntu devstack@keystone.service[68079]: ERROR keystone.server.flask.application   File "/usr/lib/python3.12/contextlib.py", line 144, in __exit__
Mar 26 04:28:12 ubuntu devstack@keystone.service[68079]: ERROR keystone.server.flask.application     next(self.gen)
Mar 26 04:28:12 ubuntu devstack@keystone.service[68079]: ERROR keystone.server.flask.application   File "/opt/stack/data/venv/lib/python3.12/site-packages/oslo_db/sqlalchemy/enginefacade.py", line 837, in _session
Mar 26 04:28:12 ubuntu devstack@keystone.service[68079]: ERROR keystone.server.flask.application     with excutils.save_and_reraise_exception():
Mar 26 04:28:12 ubuntu devstack@keystone.service[68079]: ERROR keystone.server.flask.application   File "/opt/stack/data/venv/lib/python3.12/site-packages/oslo_utils/excutils.py", line 267, in __exit__
Mar 26 04:28:12 ubuntu devstack@keystone.service[68079]: ERROR keystone.server.flask.application     self.force_reraise()
Mar 26 04:28:12 ubuntu devstack@keystone.service[68079]: ERROR keystone.server.flask.application   File "/opt/stack/data/venv/lib/python3.12/site-packages/oslo_utils/excutils.py", line 233, in force_reraise
Mar 26 04:28:12 ubuntu devstack@keystone.service[68079]: ERROR keystone.server.flask.application     raise self.value
Mar 26 04:28:12 ubuntu devstack@keystone.service[68079]: ERROR keystone.server.flask.application   File "/opt/stack/data/venv/lib/python3.12/site-packages/oslo_db/sqlalchemy/enginefacade.py", line 835, in _session
Mar 26 04:28:12 ubuntu devstack@keystone.service[68079]: ERROR keystone.server.flask.application     self._end_session_transaction(self.session)
Mar 26 04:28:12 ubuntu devstack@keystone.service[68079]: ERROR keystone.server.flask.application   File "/opt/stack/data/venv/lib/python3.12/site-packages/oslo_db/sqlalchemy/enginefacade.py", line 748, in _end_session_transaction
Mar 26 04:28:12 ubuntu devstack@keystone.service[68079]: ERROR keystone.server.flask.application     session.commit()
Mar 26 04:28:12 ubuntu devstack@keystone.service[68079]: ERROR keystone.server.flask.application   File "/opt/stack/data/venv/lib/python3.12/site-packages/sqlalchemy/orm/session.py", line 2030, in commit
Mar 26 04:28:12 ubuntu devstack@keystone.service[68079]: ERROR keystone.server.flask.application     trans.commit(_to_root=True)
Mar 26 04:28:12 ubuntu devstack@keystone.service[68079]: ERROR keystone.server.flask.application   File "<string>", line 2, in commit
Mar 26 04:28:12 ubuntu devstack@keystone.service[68079]: ERROR keystone.server.flask.application   File "/opt/stack/data/venv/lib/python3.12/site-packages/sqlalchemy/orm/state_changes.py", line 137, in _go
Mar 26 04:28:12 ubuntu devstack@keystone.service[68079]: ERROR keystone.server.flask.application     ret_value = fn(self, *arg, **kw)
Mar 26 04:28:12 ubuntu devstack@keystone.service[68079]: ERROR keystone.server.flask.application                 ^^^^^^^^^^^^^^^^^^^^
Mar 26 04:28:12 ubuntu devstack@keystone.service[68079]: ERROR keystone.server.flask.application   File "/opt/stack/data/venv/lib/python3.12/site-packages/sqlalchemy/orm/session.py", line 1311, in commit
Mar 26 04:28:12 ubuntu devstack@keystone.service[68079]: ERROR keystone.server.flask.application     self._prepare_impl()
Mar 26 04:28:12 ubuntu devstack@keystone.service[68079]: ERROR keystone.server.flask.application   File "<string>", line 2, in _prepare_impl
Mar 26 04:28:12 ubuntu devstack@keystone.service[68079]: ERROR keystone.server.flask.application   File "/opt/stack/data/venv/lib/python3.12/site-packages/sqlalchemy/orm/state_changes.py", line 137, in _go
Mar 26 04:28:12 ubuntu devstack@keystone.service[68079]: ERROR keystone.server.flask.application     ret_value = fn(self, *arg, **kw)
Mar 26 04:28:12 ubuntu devstack@keystone.service[68079]: ERROR keystone.server.flask.application                 ^^^^^^^^^^^^^^^^^^^^
Mar 26 04:28:12 ubuntu devstack@keystone.service[68079]: ERROR keystone.server.flask.application   File "/opt/stack/data/venv/lib/python3.12/site-packages/sqlalchemy/orm/session.py", line 1286, in _prepare_impl
Mar 26 04:28:12 ubuntu devstack@keystone.service[68079]: ERROR keystone.server.flask.application     self.session.flush()
Mar 26 04:28:12 ubuntu devstack@keystone.service[68079]: ERROR keystone.server.flask.application   File "/opt/stack/data/venv/lib/python3.12/site-packages/sqlalchemy/orm/session.py", line 4331, in flush
Mar 26 04:28:12 ubuntu devstack@keystone.service[68079]: ERROR keystone.server.flask.application     self._flush(objects)
Mar 26 04:28:12 ubuntu devstack@keystone.service[68079]: ERROR keystone.server.flask.application   File "/opt/stack/data/venv/lib/python3.12/site-packages/sqlalchemy/orm/session.py", line 4466, in _flush
Mar 26 04:28:12 ubuntu devstack@keystone.service[68079]: ERROR keystone.server.flask.application     with util.safe_reraise():
Mar 26 04:28:12 ubuntu devstack@keystone.service[68079]: ERROR keystone.server.flask.application   File "/opt/stack/data/venv/lib/python3.12/site-packages/sqlalchemy/util/langhelpers.py", line 224, in __exit__
Mar 26 04:28:12 ubuntu devstack@keystone.service[68079]: ERROR keystone.server.flask.application     raise exc_value.with_traceback(exc_tb)
Mar 26 04:28:12 ubuntu devstack@keystone.service[68079]: ERROR keystone.server.flask.application   File "/opt/stack/data/venv/lib/python3.12/site-packages/sqlalchemy/orm/session.py", line 4427, in _flush
Mar 26 04:28:12 ubuntu devstack@keystone.service[68079]: ERROR keystone.server.flask.application     flush_context.execute()
Mar 26 04:28:12 ubuntu devstack@keystone.service[68079]: ERROR keystone.server.flask.application   File "/opt/stack/data/venv/lib/python3.12/site-packages/sqlalchemy/orm/unitofwork.py", line 466, in execute
Mar 26 04:28:12 ubuntu devstack@keystone.service[68079]: ERROR keystone.server.flask.application     rec.execute(self)
Mar 26 04:28:12 ubuntu devstack@keystone.service[68079]: ERROR keystone.server.flask.application   File "/opt/stack/data/venv/lib/python3.12/site-packages/sqlalchemy/orm/unitofwork.py", line 642, in execute
Mar 26 04:28:12 ubuntu devstack@keystone.service[68079]: ERROR keystone.server.flask.application     util.preloaded.orm_persistence.save_obj(
Mar 26 04:28:12 ubuntu devstack@keystone.service[68079]: ERROR keystone.server.flask.application   File "/opt/stack/data/venv/lib/python3.12/site-packages/sqlalchemy/orm/persistence.py", line 93, in save_obj
Mar 26 04:28:12 ubuntu devstack@keystone.service[68079]: ERROR keystone.server.flask.application     _emit_insert_statements(
Mar 26 04:28:12 ubuntu devstack@keystone.service[68079]: ERROR keystone.server.flask.application   File "/opt/stack/data/venv/lib/python3.12/site-packages/sqlalchemy/orm/persistence.py", line 1048, in _emit_insert_statements
Mar 26 04:28:12 ubuntu devstack@keystone.service[68079]: ERROR keystone.server.flask.application     result = connection.execute(
Mar 26 04:28:12 ubuntu devstack@keystone.service[68079]: ERROR keystone.server.flask.application              ^^^^^^^^^^^^^^^^^^^
Mar 26 04:28:12 ubuntu devstack@keystone.service[68079]: ERROR keystone.server.flask.application   File "/opt/stack/data/venv/lib/python3.12/site-packages/sqlalchemy/engine/base.py", line 1419, in execute
Mar 26 04:28:12 ubuntu devstack@keystone.service[68079]: ERROR keystone.server.flask.application     return meth(
Mar 26 04:28:12 ubuntu devstack@keystone.service[68079]: ERROR keystone.server.flask.application            ^^^^^
Mar 26 04:28:12 ubuntu devstack@keystone.service[68079]: ERROR keystone.server.flask.application   File "/opt/stack/data/venv/lib/python3.12/site-packages/sqlalchemy/sql/elements.py", line 527, in _execute_on_connection
Mar 26 04:28:12 ubuntu devstack@keystone.service[68079]: ERROR keystone.server.flask.application     return connection._execute_clauseelement(
Mar 26 04:28:12 ubuntu devstack@keystone.service[68079]: ERROR keystone.server.flask.application            ^^^^^^^^^^^^^^^^^^^^^^^^^^^^^^^^^^
Mar 26 04:28:12 ubuntu devstack@keystone.service[68079]: ERROR keystone.server.flask.application   File "/opt/stack/data/venv/lib/python3.12/site-packages/sqlalchemy/engine/base.py", line 1641, in _execute_clauseelement
Mar 26 04:28:12 ubuntu devstack@keystone.service[68079]: ERROR keystone.server.flask.application     ret = self._execute_context(
Mar 26 04:28:12 ubuntu devstack@keystone.service[68079]: ERROR keystone.server.flask.application           ^^^^^^^^^^^^^^^^^^^^^^
Mar 26 04:28:12 ubuntu devstack@keystone.service[68079]: ERROR keystone.server.flask.application   File "/opt/stack/data/venv/lib/python3.12/site-packages/sqlalchemy/engine/base.py", line 1846, in _execute_context
