Apr 28 22:35:54 ubuntu devstack@keystone.service[67654]: DEBUG keystone.server.flask.request_processing.middleware.auth_context [None req-c8bc01b1-e656-49e8-ac97-52c8cd6885bb None admin] RBAC: auth_context: {'token': <TokenModel (audit_id=XD2r8pt6TH6NgePzP7UAXQ, audit_chain_id=['XD2r8pt6TH6NgePzP7UAXQ']) at 0x73afb7b23f50>, 'domain_id': None, 'trust_id': None, 'trustor_id': None, 'trustee_id': None, 'domain_name': None, 'group_ids': [], 'user_id': 'd6053232d39740cda6068dfe101c7c49', 'user_domain_id': 'default', 'system_scope': 'all', 'project_id': None, 'project_domain_id': None, 'roles': ['admin', 'manager', 'member', 'reader'], 'is_admin_project': True, 'service_user_id': None, 'service_user_domain_id': None, 'service_project_id': None, 'service_project_domain_id': None, 'service_roles': []} {{(pid=67654) fill_context /opt/stack/keystone/keystone/server/flask/request_processing/middleware/auth_context.py:509}}
Apr 28 22:35:54 ubuntu devstack@keystone.service[67654]: DEBUG keystone.server.flask.request_processing.req_logging [None req-c8bc01b1-e656-49e8-ac97-52c8cd6885bb None admin] REQUEST_METHOD: `PUT` {{(pid=67654) log_request_info /opt/stack/keystone/keystone/server/flask/request_processing/req_logging.py:26}}
Apr 28 22:35:54 ubuntu devstack@keystone.service[67654]: DEBUG keystone.server.flask.request_processing.req_logging [None req-c8bc01b1-e656-49e8-ac97-52c8cd6885bb None admin] SCRIPT_NAME: `/identity` {{(pid=67654) log_request_info /opt/stack/keystone/keystone/server/flask/request_processing/req_logging.py:27}}
Apr 28 22:35:54 ubuntu devstack@keystone.service[67654]: DEBUG keystone.server.flask.request_processing.req_logging [None req-c8bc01b1-e656-49e8-ac97-52c8cd6885bb None admin] PATH_INFO: `/v3/domains/default/users/d6053232d39740cda6068dfe101c7c49/roles/efb114632f9144ba8dce86c753397745` {{(pid=67654) log_request_info /opt/stack/keystone/keystone/server/flask/request_processing/req_logging.py:28}}
Apr 28 22:35:54 ubuntu devstack@keystone.service[67654]: DEBUG keystone.common.rbac_enforcer.enforcer [None req-c8bc01b1-e656-49e8-ac97-52c8cd6885bb None admin] RBAC: Authorizing `identity:create_grant(domain_id=default, user_id=d6053232d39740cda6068dfe101c7c49, role_id=efb114632f9144ba8dce86c753397745)` {{(pid=67654) enforce_call /opt/stack/keystone/keystone/common/rbac_enforcer/enforcer.py:494}}
Apr 28 22:35:54 ubuntu devstack@keystone.service[67654]: DEBUG keystone.common.rbac_enforcer.enforcer [None req-c8bc01b1-e656-49e8-ac97-52c8cd6885bb None admin] RBAC: Authorization granted {{(pid=67654) enforce_call /opt/stack/keystone/keystone/common/rbac_enforcer/enforcer.py:505}}
Apr 28 22:35:54 ubuntu devstack@keystone.service[67655]: DEBUG keystone.server.flask.request_processing.middleware.auth_context [None req-270e038d-5da4-42e6-a34c-f367a46f595d None admin] Validating token access rules against request {{(pid=67655) validate_allowed_request /opt/stack/data/venv/lib/python3.12/site-packages/keystonemiddleware/auth_token/__init__.py:545}}
Apr 28 22:35:54 ubuntu devstack@keystone.service[67655]: DEBUG keystone.server.flask.request_processing.middleware.auth_context [None req-52ef2297-596d-48c0-bce0-ccee7e6e11a1 None admin] RBAC: auth_context: {'token': <TokenModel (audit_id=zRii9exJQmSfE7EBaHbIkA, audit_chain_id=['zRii9exJQmSfE7EBaHbIkA']) at 0x73afb6e146e0>, 'domain_id': None, 'trust_id': None, 'trustor_id': None, 'trustee_id': None, 'domain_name': None, 'group_ids': [], 'user_id': 'd6053232d39740cda6068dfe101c7c49', 'user_domain_id': 'default', 'system_scope': 'all', 'project_id': None, 'project_domain_id': None, 'roles': ['admin', 'manager', 'member', 'reader'], 'is_admin_project': True, 'service_user_id': None, 'service_user_domain_id': None, 'service_project_id': None, 'service_project_domain_id': None, 'service_roles': []} {{(pid=67655) fill_context /opt/stack/keystone/keystone/server/flask/request_processing/middleware/auth_context.py:509}}
Apr 28 22:35:54 ubuntu devstack@keystone.service[67655]: DEBUG keystone.server.flask.request_processing.req_logging [None req-52ef2297-596d-48c0-bce0-ccee7e6e11a1 None admin] REQUEST_METHOD: `GET` {{(pid=67655) log_request_info /opt/stack/keystone/keystone/server/flask/request_processing/req_logging.py:26}}
Apr 28 22:35:54 ubuntu devstack@keystone.service[67655]: DEBUG keystone.server.flask.request_processing.req_logging [None req-52ef2297-596d-48c0-bce0-ccee7e6e11a1 None admin] SCRIPT_NAME: `/identity` {{(pid=67655) log_request_info /opt/stack/keystone/keystone/server/flask/request_processing/req_logging.py:27}}
Apr 28 22:35:54 ubuntu devstack@keystone.service[67655]: DEBUG keystone.server.flask.request_processing.req_logging [None req-52ef2297-596d-48c0-bce0-ccee7e6e11a1 None admin] PATH_INFO: `/v3/domains` {{(pid=67655) log_request_info /opt/stack/keystone/keystone/server/flask/request_processing/req_logging.py:28}}
Apr 28 22:35:54 ubuntu devstack@keystone.service[67655]: DEBUG keystone.common.rbac_enforcer.enforcer [None req-52ef2297-596d-48c0-bce0-ccee7e6e11a1 None admin] RBAC: Adding query filter params (name=Default) {{(pid=67655) _extract_filter_values /opt/stack/keystone/keystone/common/rbac_enforcer/enforcer.py:176}}
Apr 28 22:35:54 ubuntu devstack@keystone.service[67655]: DEBUG keystone.common.rbac_enforcer.enforcer [None req-52ef2297-596d-48c0-bce0-ccee7e6e11a1 None admin] RBAC: Authorizing `identity:list_domains()` {{(pid=67655) enforce_call /opt/stack/keystone/keystone/common/rbac_enforcer/enforcer.py:494}}
Apr 28 22:35:54 ubuntu devstack@keystone.service[67655]: DEBUG keystone.common.rbac_enforcer.enforcer [None req-52ef2297-596d-48c0-bce0-ccee7e6e11a1 None admin] RBAC: Authorization granted {{(pid=67655) enforce_call /opt/stack/keystone/keystone/common/rbac_enforcer/enforcer.py:505}}
Apr 28 22:35:54 ubuntu devstack@keystone.service[67655]: [pid: 67655|app: 0|req: 10/21] 10.120.125.137 () {58 vars in 1190 bytes} [Tue Apr 28 22:35:54 2026] GET /identity/v3/domains?name=Default => generated 310 bytes in 80 msecs (HTTP/1.1 200) 5 headers in 177 bytes (1 switches on core 0)
Apr 28 22:35:54 ubuntu devstack@keystone.service[67654]: [pid: 67654|app: 0|req: 12/22] 10.120.125.137 () {60 vars in 1429 bytes} [Tue Apr 28 22:35:54 2026] PUT /identity/v3/domains/default/users/d6053232d39740cda6068dfe101c7c49/roles/efb114632f9144ba8dce86c753397745 => generated 0 bytes in 138 msecs (HTTP/1.1 204) 3 headers in 132 bytes (0 switches on core 0)
Apr 28 22:35:56 ubuntu devstack@keystone.service[67655]: DEBUG keystone.server.flask.request_processing.req_logging [None req-9e664576-66ae-487d-a351-f77a89bebd2d None None] REQUEST_METHOD: `GET` {{(pid=67655) log_request_info /opt/stack/keystone/keystone/server/flask/request_processing/req_logging.py:26}}
Apr 28 22:35:56 ubuntu devstack@keystone.service[67655]: DEBUG keystone.server.flask.request_processing.req_logging [None req-9e664576-66ae-487d-a351-f77a89bebd2d None None] SCRIPT_NAME: `/identity` {{(pid=67655) log_request_info /opt/stack/keystone/keystone/server/flask/request_processing/req_logging.py:27}}
Apr 28 22:35:56 ubuntu devstack@keystone.service[67655]: DEBUG keystone.server.flask.request_processing.req_logging [None req-9e664576-66ae-487d-a351-f77a89bebd2d None None] PATH_INFO: `/` {{(pid=67655) log_request_info /opt/stack/keystone/keystone/server/flask/request_processing/req_logging.py:28}}
Apr 28 22:35:56 ubuntu devstack@keystone.service[67655]: [pid: 67655|app: 0|req: 11/23] 10.120.125.137 () {56 vars in 951 bytes} [Tue Apr 28 22:35:56 2026] GET /identity => generated 271 bytes in 1 msecs (HTTP/1.1 300) 6 headers in 235 bytes (1 switches on core 0)
Apr 28 22:35:56 ubuntu devstack@keystone.service[67654]: DEBUG keystone.server.flask.request_processing.req_logging [None req-dae99898-37bb-4e72-b4f2-37ea8736d1e7 None None] REQUEST_METHOD: `GET` {{(pid=67654) log_request_info /opt/stack/keystone/keystone/server/flask/request_processing/req_logging.py:26}}
Apr 28 22:35:56 ubuntu devstack@keystone.service[67654]: DEBUG keystone.server.flask.request_processing.req_logging [None req-dae99898-37bb-4e72-b4f2-37ea8736d1e7 None None] SCRIPT_NAME: `/identity` {{(pid=67654) log_request_info /opt/stack/keystone/keystone/server/flask/request_processing/req_logging.py:27}}
Apr 28 22:35:56 ubuntu devstack@keystone.service[67654]: DEBUG keystone.server.flask.request_processing.req_logging [None req-dae99898-37bb-4e72-b4f2-37ea8736d1e7 None None] PATH_INFO: `/` {{(pid=67654) log_request_info /opt/stack/keystone/keystone/server/flask/request_processing/req_logging.py:28}}
Apr 28 22:35:56 ubuntu devstack@keystone.service[67654]: [pid: 67654|app: 0|req: 13/24] 10.120.125.137 () {56 vars in 951 bytes} [Tue Apr 28 22:35:56 2026] GET /identity => generated 271 bytes in 2 msecs (HTTP/1.1 300) 6 headers in 235 bytes (1 switches on core 0)
Apr 28 22:35:56 ubuntu devstack@keystone.service[67655]: DEBUG keystone.server.flask.request_processing.req_logging [None req-0e97ae0b-b7a4-42bb-be1f-2f5b80204f19 None None] REQUEST_METHOD: `GET` {{(pid=67655) log_request_info /opt/stack/keystone/keystone/server/flask/request_processing/req_logging.py:26}}
Apr 28 22:35:56 ubuntu devstack@keystone.service[67655]: DEBUG keystone.server.flask.request_processing.req_logging [None req-0e97ae0b-b7a4-42bb-be1f-2f5b80204f19 None None] SCRIPT_NAME: `/identity` {{(pid=67655) log_request_info /opt/stack/keystone/keystone/server/flask/request_processing/req_logging.py:27}}
Apr 28 22:35:56 ubuntu devstack@keystone.service[67655]: DEBUG keystone.server.flask.request_processing.req_logging [None req-0e97ae0b-b7a4-42bb-be1f-2f5b80204f19 None None] PATH_INFO: `/` {{(pid=67655) log_request_info /opt/stack/keystone/keystone/server/flask/request_processing/req_logging.py:28}}
Apr 28 22:35:56 ubuntu devstack@keystone.service[67655]: [pid: 67655|app: 0|req: 12/25] 10.120.125.137 () {56 vars in 951 bytes} [Tue Apr 28 22:35:56 2026] GET /identity => generated 271 bytes in 1 msecs (HTTP/1.1 300) 6 headers in 235 bytes (2 switches on core 0)
Apr 28 22:35:56 ubuntu devstack@keystone.service[67654]: DEBUG keystone.server.flask.request_processing.req_logging [None req-ee41809e-e06e-4d8b-9d6d-9154a4f7d884 None None] REQUEST_METHOD: `POST` {{(pid=67654) log_request_info /opt/stack/keystone/keystone/server/flask/request_processing/req_logging.py:26}}
Apr 28 22:35:56 ubuntu devstack@keystone.service[67654]: DEBUG keystone.server.flask.request_processing.req_logging [None req-ee41809e-e06e-4d8b-9d6d-9154a4f7d884 None None] SCRIPT_NAME: `/identity` {{(pid=67654) log_request_info /opt/stack/keystone/keystone/server/flask/request_processing/req_logging.py:27}}
Apr 28 22:35:56 ubuntu devstack@keystone.service[67654]: DEBUG keystone.server.flask.request_processing.req_logging [None req-ee41809e-e06e-4d8b-9d6d-9154a4f7d884 None None] PATH_INFO: `/v3/auth/tokens` {{(pid=67654) log_request_info /opt/stack/keystone/keystone/server/flask/request_processing/req_logging.py:28}}
Apr 28 22:35:56 ubuntu devstack@keystone.service[67654]: WARNING keystone.common.password_hashing [None req-ee41809e-e06e-4d8b-9d6d-9154a4f7d884 None None] Truncating password to algorithm specific maximum length 72 characters.
Apr 28 22:35:56 ubuntu devstack@keystone.service[67654]: DEBUG keystone.auth.core [None req-ee41809e-e06e-4d8b-9d6d-9154a4f7d884 None None] MFA Rules not processed for user `d6053232d39740cda6068dfe101c7c49`. Rule list: `[]` (Enabled: `True`). {{(pid=67654) check_auth_methods_against_rules /opt/stack/keystone/keystone/auth/core.py:476}}
Apr 28 22:35:56 ubuntu devstack@keystone.service[67654]: DEBUG keystone.common.fernet_utils [None req-ee41809e-e06e-4d8b-9d6d-9154a4f7d884 None None] Loaded 2 Fernet keys from /etc/keystone/fernet-keys/, but `[fernet_tokens] max_active_keys = 3`; perhaps there have not been enough key rotations to reach `max_active_keys` yet? {{(pid=67654) load_keys /opt/stack/keystone/keystone/common/fernet_utils.py:297}}
Apr 28 22:35:56 ubuntu devstack@keystone.service[67654]: [pid: 67654|app: 0|req: 14/26] 10.120.125.137 () {60 vars in 1048 bytes} [Tue Apr 28 22:35:56 2026] POST /identity/v3/auth/tokens => generated 863 bytes in 50 msecs (HTTP/1.1 201) 6 headers in 363 bytes (1 switches on core 0)
Apr 28 22:35:56 ubuntu devstack@keystone.service[67655]: DEBUG keystone.server.flask.request_processing.req_logging [None req-00cd270f-9e02-4261-9aed-ef460fd83cbf None None] REQUEST_METHOD: `POST` {{(pid=67655) log_request_info /opt/stack/keystone/keystone/server/flask/request_processing/req_logging.py:26}}
Apr 28 22:35:56 ubuntu devstack@keystone.service[67655]: DEBUG keystone.server.flask.request_processing.req_logging [None req-00cd270f-9e02-4261-9aed-ef460fd83cbf None None] SCRIPT_NAME: `/identity` {{(pid=67655) log_request_info /opt/stack/keystone/keystone/server/flask/request_processing/req_logging.py:27}}
Apr 28 22:35:56 ubuntu devstack@keystone.service[67655]: DEBUG keystone.server.flask.request_processing.req_logging [None req-00cd270f-9e02-4261-9aed-ef460fd83cbf None None] PATH_INFO: `/v3/auth/tokens` {{(pid=67655) log_request_info /opt/stack/keystone/keystone/server/flask/request_processing/req_logging.py:28}}
Apr 28 22:35:56 ubuntu devstack@keystone.service[67655]: WARNING keystone.common.password_hashing [None req-00cd270f-9e02-4261-9aed-ef460fd83cbf None None] Truncating password to algorithm specific maximum length 72 characters.
Apr 28 22:35:56 ubuntu devstack@keystone.service[67655]: DEBUG keystone.auth.core [None req-00cd270f-9e02-4261-9aed-ef460fd83cbf None None] MFA Rules not processed for user `d6053232d39740cda6068dfe101c7c49`. Rule list: `[]` (Enabled: `True`). {{(pid=67655) check_auth_methods_against_rules /opt/stack/keystone/keystone/auth/core.py:476}}
Apr 28 22:35:56 ubuntu devstack@keystone.service[67655]: DEBUG keystone.common.fernet_utils [None req-00cd270f-9e02-4261-9aed-ef460fd83cbf None None] Loaded 2 Fernet keys from /etc/keystone/fernet-keys/, but `[fernet_tokens] max_active_keys = 3`; perhaps there have not been enough key rotations to reach `max_active_keys` yet? {{(pid=67655) load_keys /opt/stack/keystone/keystone/common/fernet_utils.py:297}}
Apr 28 22:35:56 ubuntu devstack@keystone.service[67654]: DEBUG keystone.server.flask.request_processing.req_logging [None req-07342f22-4fd7-4bb7-a830-d76f29ed1c1e None None] REQUEST_METHOD: `POST` {{(pid=67654) log_request_info /opt/stack/keystone/keystone/server/flask/request_processing/req_logging.py:26}}
Apr 28 22:35:56 ubuntu devstack@keystone.service[67654]: DEBUG keystone.server.flask.request_processing.req_logging [None req-07342f22-4fd7-4bb7-a830-d76f29ed1c1e None None] SCRIPT_NAME: `/identity` {{(pid=67654) log_request_info /opt/stack/keystone/keystone/server/flask/request_processing/req_logging.py:27}}
Apr 28 22:35:56 ubuntu devstack@keystone.service[67654]: DEBUG keystone.server.flask.request_processing.req_logging [None req-07342f22-4fd7-4bb7-a830-d76f29ed1c1e None None] PATH_INFO: `/v3/auth/tokens` {{(pid=67654) log_request_info /opt/stack/keystone/keystone/server/flask/request_processing/req_logging.py:28}}
Apr 28 22:35:56 ubuntu devstack@keystone.service[67654]: WARNING keystone.common.password_hashing [None req-07342f22-4fd7-4bb7-a830-d76f29ed1c1e None None] Truncating password to algorithm specific maximum length 72 characters.
Apr 28 22:35:56 ubuntu devstack@keystone.service[67655]: [pid: 67655|app: 0|req: 13/27] 10.120.125.137 () {60 vars in 1048 bytes} [Tue Apr 28 22:35:56 2026] POST /identity/v3/auth/tokens => generated 863 bytes in 73 msecs (HTTP/1.1 201) 6 headers in 363 bytes (1 switches on core 0)
Apr 28 22:35:56 ubuntu devstack@keystone.service[67654]: DEBUG keystone.auth.core [None req-07342f22-4fd7-4bb7-a830-d76f29ed1c1e None None] MFA Rules not processed for user `d6053232d39740cda6068dfe101c7c49`. Rule list: `[]` (Enabled: `True`). {{(pid=67654) check_auth_methods_against_rules /opt/stack/keystone/keystone/auth/core.py:476}}
Apr 28 22:35:56 ubuntu devstack@keystone.service[67654]: DEBUG keystone.common.fernet_utils [None req-07342f22-4fd7-4bb7-a830-d76f29ed1c1e None None] Loaded 2 Fernet keys from /etc/keystone/fernet-keys/, but `[fernet_tokens] max_active_keys = 3`; perhaps there have not been enough key rotations to reach `max_active_keys` yet? {{(pid=67654) load_keys /opt/stack/keystone/keystone/common/fernet_utils.py:297}}
Apr 28 22:35:56 ubuntu devstack@keystone.service[67654]: [pid: 67654|app: 0|req: 15/28] 10.120.125.137 () {60 vars in 1048 bytes} [Tue Apr 28 22:35:56 2026] POST /identity/v3/auth/tokens => generated 863 bytes in 67 msecs (HTTP/1.1 201) 6 headers in 363 bytes (1 switches on core 0)
Apr 28 22:35:56 ubuntu devstack@keystone.service[67655]: DEBUG keystone.server.flask.request_processing.req_logging [None req-5d9752e2-9684-4c02-b06d-034ea0ad437e None None] REQUEST_METHOD: `GET` {{(pid=67655) log_request_info /opt/stack/keystone/keystone/server/flask/request_processing/req_logging.py:26}}
Apr 28 22:35:56 ubuntu devstack@keystone.service[67655]: DEBUG keystone.server.flask.request_processing.req_logging [None req-5d9752e2-9684-4c02-b06d-034ea0ad437e None None] SCRIPT_NAME: `/identity` {{(pid=67655) log_request_info /opt/stack/keystone/keystone/server/flask/request_processing/req_logging.py:27}}
Apr 28 22:35:56 ubuntu devstack@keystone.service[67655]: DEBUG keystone.server.flask.request_processing.req_logging [None req-5d9752e2-9684-4c02-b06d-034ea0ad437e None None] PATH_INFO: `/` {{(pid=67655) log_request_info /opt/stack/keystone/keystone/server/flask/request_processing/req_logging.py:28}}
Apr 28 22:35:56 ubuntu devstack@keystone.service[67655]: [pid: 67655|app: 0|req: 14/29] 10.120.125.137 () {56 vars in 951 bytes} [Tue Apr 28 22:35:56 2026] GET /identity => generated 271 bytes in 1 msecs (HTTP/1.1 300) 6 headers in 235 bytes (1 switches on core 0)
Apr 28 22:35:56 ubuntu devstack@keystone.service[67654]: DEBUG keystone.server.flask.request_processing.req_logging [None req-fe82de09-4615-4d38-b886-3bd8b3e2c653 None None] REQUEST_METHOD: `GET` {{(pid=67654) log_request_info /opt/stack/keystone/keystone/server/flask/request_processing/req_logging.py:26}}
Apr 28 22:35:56 ubuntu devstack@keystone.service[67654]: DEBUG keystone.server.flask.request_processing.req_logging [None req-fe82de09-4615-4d38-b886-3bd8b3e2c653 None None] SCRIPT_NAME: `/identity` {{(pid=67654) log_request_info /opt/stack/keystone/keystone/server/flask/request_processing/req_logging.py:27}}
Apr 28 22:35:56 ubuntu devstack@keystone.service[67654]: DEBUG keystone.server.flask.request_processing.req_logging [None req-fe82de09-4615-4d38-b886-3bd8b3e2c653 None None] PATH_INFO: `/` {{(pid=67654) log_request_info /opt/stack/keystone/keystone/server/flask/request_processing/req_logging.py:28}}
Apr 28 22:35:56 ubuntu devstack@keystone.service[67654]: [pid: 67654|app: 0|req: 16/30] 10.120.125.137 () {56 vars in 951 bytes} [Tue Apr 28 22:35:56 2026] GET /identity => generated 271 bytes in 1 msecs (HTTP/1.1 300) 6 headers in 235 bytes (1 switches on core 0)
Apr 28 22:35:56 ubuntu devstack@keystone.service[67655]: DEBUG keystone.server.flask.request_processing.middleware.auth_context [None req-5d9752e2-9684-4c02-b06d-034ea0ad437e None None] Authenticating user token {{(pid=67655) process_request /opt/stack/data/venv/lib/python3.12/site-packages/keystonemiddleware/auth_token/__init__.py:407}}
Apr 28 22:35:56 ubuntu devstack@keystone.service[67655]: DEBUG keystone.server.flask.request_processing.middleware.auth_context [None req-5d9752e2-9684-4c02-b06d-034ea0ad437e None None] Validating token access rules against request {{(pid=67655) validate_allowed_request /opt/stack/data/venv/lib/python3.12/site-packages/keystonemiddleware/auth_token/__init__.py:545}}
Apr 28 22:35:56 ubuntu devstack@keystone.service[67655]: DEBUG keystone.server.flask.request_processing.middleware.auth_context [None req-45749d5d-f018-4032-9f56-20e496405f48 None admin] RBAC: auth_context: {'token': <TokenModel (audit_id=fikv4CscSOuaYoj3rtL_kg, audit_chain_id=['fikv4CscSOuaYoj3rtL_kg']) at 0x73afb7173d40>, 'domain_id': None, 'trust_id': None, 'trustor_id': None, 'trustee_id': None, 'domain_name': None, 'group_ids': [], 'user_id': 'd6053232d39740cda6068dfe101c7c49', 'user_domain_id': 'default', 'system_scope': 'all', 'project_id': None, 'project_domain_id': None, 'roles': ['admin', 'manager', 'member', 'reader'], 'is_admin_project': True, 'service_user_id': None, 'service_user_domain_id': None, 'service_project_id': None, 'service_project_domain_id': None, 'service_roles': []} {{(pid=67655) fill_context /opt/stack/keystone/keystone/server/flask/request_processing/middleware/auth_context.py:509}}
Apr 28 22:35:56 ubuntu devstack@keystone.service[67655]: DEBUG keystone.server.flask.request_processing.req_logging [None req-45749d5d-f018-4032-9f56-20e496405f48 None admin] REQUEST_METHOD: `GET` {{(pid=67655) log_request_info /opt/stack/keystone/keystone/server/flask/request_processing/req_logging.py:26}}
Apr 28 22:35:56 ubuntu devstack@keystone.service[67655]: DEBUG keystone.server.flask.request_processing.req_logging [None req-45749d5d-f018-4032-9f56-20e496405f48 None admin] SCRIPT_NAME: `/identity` {{(pid=67655) log_request_info /opt/stack/keystone/keystone/server/flask/request_processing/req_logging.py:27}}
Apr 28 22:35:56 ubuntu devstack@keystone.service[67655]: DEBUG keystone.server.flask.request_processing.req_logging [None req-45749d5d-f018-4032-9f56-20e496405f48 None admin] PATH_INFO: `/v3/roles/admin` {{(pid=67655) log_request_info /opt/stack/keystone/keystone/server/flask/request_processing/req_logging.py:28}}
Apr 28 22:35:56 ubuntu devstack@keystone.service[67655]: DEBUG keystone.common.rbac_enforcer.enforcer [None req-45749d5d-f018-4032-9f56-20e496405f48 None admin] Extracting inferred target data resulted in "NOT FOUND (404)". {{(pid=67655) enforce_call /opt/stack/keystone/keystone/common/rbac_enforcer/enforcer.py:445}}
Apr 28 22:35:56 ubuntu devstack@keystone.service[67655]: DEBUG keystone.server.flask.application [None req-45749d5d-f018-4032-9f56-20e496405f48 None admin] Could not find role: admin. {{(pid=67655) _handle_keystone_exception /opt/stack/keystone/keystone/server/flask/application.py:146}}
Apr 28 22:35:56 ubuntu devstack@keystone.service[67655]: [pid: 67655|app: 0|req: 15/31] 10.120.125.137 () {58 vars in 1164 bytes} [Tue Apr 28 22:35:56 2026] GET /identity/v3/roles/admin => generated 83 bytes in 66 msecs (HTTP/1.1 404) 5 headers in 183 bytes (1 switches on core 0)
Apr 28 22:35:56 ubuntu devstack@keystone.service[67654]: DEBUG keystone.server.flask.request_processing.req_logging [None req-41507b61-3d70-4605-bcc3-dfb2907cd708 None None] REQUEST_METHOD: `POST` {{(pid=67654) log_request_info /opt/stack/keystone/keystone/server/flask/request_processing/req_logging.py:26}}
Apr 28 22:35:56 ubuntu devstack@keystone.service[67654]: DEBUG keystone.server.flask.request_processing.req_logging [None req-41507b61-3d70-4605-bcc3-dfb2907cd708 None None] SCRIPT_NAME: `/identity` {{(pid=67654) log_request_info /opt/stack/keystone/keystone/server/flask/request_processing/req_logging.py:27}}
Apr 28 22:35:56 ubuntu devstack@keystone.service[67654]: DEBUG keystone.server.flask.request_processing.req_logging [None req-41507b61-3d70-4605-bcc3-dfb2907cd708 None None] PATH_INFO: `/v3/auth/tokens` {{(pid=67654) log_request_info /opt/stack/keystone/keystone/server/flask/request_processing/req_logging.py:28}}
Apr 28 22:35:56 ubuntu devstack@keystone.service[67655]: DEBUG keystone.server.flask.request_processing.middleware.auth_context [None req-45749d5d-f018-4032-9f56-20e496405f48 None admin] Authenticating user token {{(pid=67655) process_request /opt/stack/data/venv/lib/python3.12/site-packages/keystonemiddleware/auth_token/__init__.py:407}}
Apr 28 22:35:56 ubuntu devstack@keystone.service[67654]: WARNING keystone.common.password_hashing [None req-41507b61-3d70-4605-bcc3-dfb2907cd708 None None] Truncating password to algorithm specific maximum length 72 characters.
Apr 28 22:35:56 ubuntu devstack@keystone.service[67654]: DEBUG keystone.auth.core [None req-41507b61-3d70-4605-bcc3-dfb2907cd708 None None] MFA Rules not processed for user `d6053232d39740cda6068dfe101c7c49`. Rule list: `[]` (Enabled: `True`). {{(pid=67654) check_auth_methods_against_rules /opt/stack/keystone/keystone/auth/core.py:476}}
Apr 28 22:35:56 ubuntu devstack@keystone.service[67654]: DEBUG keystone.common.fernet_utils [None req-41507b61-3d70-4605-bcc3-dfb2907cd708 None None] Loaded 2 Fernet keys from /etc/keystone/fernet-keys/, but `[fernet_tokens] max_active_keys = 3`; perhaps there have not been enough key rotations to reach `max_active_keys` yet? {{(pid=67654) load_keys /opt/stack/keystone/keystone/common/fernet_utils.py:297}}
Apr 28 22:35:56 ubuntu devstack@keystone.service[67655]: DEBUG keystone.server.flask.request_processing.middleware.auth_context [None req-45749d5d-f018-4032-9f56-20e496405f48 None admin] Validating token access rules against request {{(pid=67655) validate_allowed_request /opt/stack/data/venv/lib/python3.12/site-packages/keystonemiddleware/auth_token/__init__.py:545}}
Apr 28 22:35:56 ubuntu devstack@keystone.service[67654]: [pid: 67654|app: 0|req: 17/32] 10.120.125.137 () {60 vars in 1048 bytes} [Tue Apr 28 22:35:56 2026] POST /identity/v3/auth/tokens => generated 863 bytes in 79 msecs (HTTP/1.1 201) 6 headers in 363 bytes (1 switches on core 0)
Apr 28 22:35:56 ubuntu devstack@keystone.service[67654]: DEBUG keystone.server.flask.request_processing.req_logging [None req-55663e81-6bcb-461d-8527-65e12e0e70be None None] REQUEST_METHOD: `POST` {{(pid=67654) log_request_info /opt/stack/keystone/keystone/server/flask/request_processing/req_logging.py:26}}
Apr 28 22:35:56 ubuntu devstack@keystone.service[67654]: DEBUG keystone.server.flask.request_processing.req_logging [None req-55663e81-6bcb-461d-8527-65e12e0e70be None None] SCRIPT_NAME: `/identity` {{(pid=67654) log_request_info /opt/stack/keystone/keystone/server/flask/request_processing/req_logging.py:27}}
Apr 28 22:35:56 ubuntu devstack@keystone.service[67654]: DEBUG keystone.server.flask.request_processing.req_logging [None req-55663e81-6bcb-461d-8527-65e12e0e70be None None] PATH_INFO: `/v3/auth/tokens` {{(pid=67654) log_request_info /opt/stack/keystone/keystone/server/flask/request_processing/req_logging.py:28}}
Apr 28 22:35:56 ubuntu devstack@keystone.service[67655]: DEBUG keystone.server.flask.request_processing.middleware.auth_context [None req-17c3fbc7-e719-482a-97a7-c4c8b2509a34 None admin] RBAC: auth_context: {'token': <TokenModel (audit_id=fikv4CscSOuaYoj3rtL_kg, audit_chain_id=['fikv4CscSOuaYoj3rtL_kg']) at 0x73afb6e15b50>, 'domain_id': None, 'trust_id': None, 'trustor_id': None, 'trustee_id': None, 'domain_name': None, 'group_ids': [], 'user_id': 'd6053232d39740cda6068dfe101c7c49', 'user_domain_id': 'default', 'system_scope': 'all', 'project_id': None, 'project_domain_id': None, 'roles': ['admin', 'manager', 'member', 'reader'], 'is_admin_project': True, 'service_user_id': None, 'service_user_domain_id': None, 'service_project_id': None, 'service_project_domain_id': None, 'service_roles': []} {{(pid=67655) fill_context /opt/stack/keystone/keystone/server/flask/request_processing/middleware/auth_context.py:509}}
Apr 28 22:35:56 ubuntu devstack@keystone.service[67655]: DEBUG keystone.server.flask.request_processing.req_logging [None req-17c3fbc7-e719-482a-97a7-c4c8b2509a34 None admin] REQUEST_METHOD: `GET` {{(pid=67655) log_request_info /opt/stack/keystone/keystone/server/flask/request_processing/req_logging.py:26}}
Apr 28 22:35:56 ubuntu devstack@keystone.service[67655]: DEBUG keystone.server.flask.request_processing.req_logging [None req-17c3fbc7-e719-482a-97a7-c4c8b2509a34 None admin] SCRIPT_NAME: `/identity` {{(pid=67655) log_request_info /opt/stack/keystone/keystone/server/flask/request_processing/req_logging.py:27}}
Apr 28 22:35:56 ubuntu devstack@keystone.service[67655]: DEBUG keystone.server.flask.request_processing.req_logging [None req-17c3fbc7-e719-482a-97a7-c4c8b2509a34 None admin] PATH_INFO: `/v3/roles` {{(pid=67655) log_request_info /opt/stack/keystone/keystone/server/flask/request_processing/req_logging.py:28}}
Apr 28 22:35:56 ubuntu devstack@keystone.service[67655]: DEBUG keystone.common.rbac_enforcer.enforcer [None req-17c3fbc7-e719-482a-97a7-c4c8b2509a34 None admin] RBAC: Adding query filter params (name=admin) {{(pid=67655) _extract_filter_values /opt/stack/keystone/keystone/common/rbac_enforcer/enforcer.py:176}}
Apr 28 22:35:56 ubuntu devstack@keystone.service[67655]: DEBUG keystone.common.rbac_enforcer.enforcer [None req-17c3fbc7-e719-482a-97a7-c4c8b2509a34 None admin] RBAC: Authorizing `identity:list_roles()` {{(pid=67655) enforce_call /opt/stack/keystone/keystone/common/rbac_enforcer/enforcer.py:494}}
Apr 28 22:35:56 ubuntu devstack@keystone.service[67655]: DEBUG keystone.common.rbac_enforcer.enforcer [None req-17c3fbc7-e719-482a-97a7-c4c8b2509a34 None admin] RBAC: Authorization granted {{(pid=67655) enforce_call /opt/stack/keystone/keystone/common/rbac_enforcer/enforcer.py:505}}
Apr 28 22:35:56 ubuntu devstack@keystone.service[67654]: WARNING keystone.common.password_hashing [None req-55663e81-6bcb-461d-8527-65e12e0e70be None None] Truncating password to algorithm specific maximum length 72 characters.
Apr 28 22:35:56 ubuntu devstack@keystone.service[67655]: [pid: 67655|app: 0|req: 16/33] 10.120.125.137 () {58 vars in 1180 bytes} [Tue Apr 28 22:35:56 2026] GET /identity/v3/roles?name=admin => generated 341 bytes in 87 msecs (HTTP/1.1 200) 5 headers in 177 bytes (1 switches on core 0)
Apr 28 22:35:56 ubuntu devstack@keystone.service[67654]: DEBUG keystone.auth.core [None req-55663e81-6bcb-461d-8527-65e12e0e70be None None] MFA Rules not processed for user `d6053232d39740cda6068dfe101c7c49`. Rule list: `[]` (Enabled: `True`). {{(pid=67654) check_auth_methods_against_rules /opt/stack/keystone/keystone/auth/core.py:476}}
Apr 28 22:35:56 ubuntu devstack@keystone.service[67654]: DEBUG keystone.common.fernet_utils [None req-55663e81-6bcb-461d-8527-65e12e0e70be None None] Loaded 2 Fernet keys from /etc/keystone/fernet-keys/, but `[fernet_tokens] max_active_keys = 3`; perhaps there have not been enough key rotations to reach `max_active_keys` yet? {{(pid=67654) load_keys /opt/stack/keystone/keystone/common/fernet_utils.py:297}}
Apr 28 22:35:56 ubuntu devstack@keystone.service[67655]: DEBUG keystone.server.flask.request_processing.middleware.auth_context [None req-17c3fbc7-e719-482a-97a7-c4c8b2509a34 None admin] Authenticating user token {{(pid=67655) process_request /opt/stack/data/venv/lib/python3.12/site-packages/keystonemiddleware/auth_token/__init__.py:407}}
Apr 28 22:35:56 ubuntu devstack@keystone.service[67654]: [pid: 67654|app: 0|req: 18/34] 10.120.125.137 () {60 vars in 1048 bytes} [Tue Apr 28 22:35:56 2026] POST /identity/v3/auth/tokens => generated 863 bytes in 46 msecs (HTTP/1.1 201) 6 headers in 363 bytes (1 switches on core 0)
Apr 28 22:35:56 ubuntu devstack@keystone.service[67654]: DEBUG keystone.server.flask.request_processing.middleware.auth_context [None req-55663e81-6bcb-461d-8527-65e12e0e70be None None] Authenticating user token {{(pid=67654) process_request /opt/stack/data/venv/lib/python3.12/site-packages/keystonemiddleware/auth_token/__init__.py:407}}
Apr 28 22:35:56 ubuntu devstack@keystone.service[67655]: DEBUG keystone.server.flask.request_processing.middleware.auth_context [None req-17c3fbc7-e719-482a-97a7-c4c8b2509a34 None admin] Validating token access rules against request {{(pid=67655) validate_allowed_request /opt/stack/data/venv/lib/python3.12/site-packages/keystonemiddleware/auth_token/__init__.py:545}}
Apr 28 22:35:56 ubuntu devstack@keystone.service[67655]: DEBUG keystone.server.flask.request_processing.middleware.auth_context [None req-397a0077-8093-42ae-b540-5996ac3ccbcf None admin] RBAC: auth_context: {'token': <TokenModel (audit_id=Ya52x-dlQXm8Bn-Npmw5HA, audit_chain_id=['Ya52x-dlQXm8Bn-Npmw5HA']) at 0x73afb7158260>, 'domain_id': None, 'trust_id': None, 'trustor_id': None, 'trustee_id': None, 'domain_name': None, 'group_ids': [], 'user_id': 'd6053232d39740cda6068dfe101c7c49', 'user_domain_id': 'default', 'system_scope': 'all', 'project_id': None, 'project_domain_id': None, 'roles': ['admin', 'manager', 'member', 'reader'], 'is_admin_project': True, 'service_user_id': None, 'service_user_domain_id': None, 'service_project_id': None, 'service_project_domain_id': None, 'service_roles': []} {{(pid=67655) fill_context /opt/stack/keystone/keystone/server/flask/request_processing/middleware/auth_context.py:509}}
Apr 28 22:35:56 ubuntu devstack@keystone.service[67655]: DEBUG keystone.server.flask.request_processing.req_logging [None req-397a0077-8093-42ae-b540-5996ac3ccbcf None admin] REQUEST_METHOD: `GET` {{(pid=67655) log_request_info /opt/stack/keystone/keystone/server/flask/request_processing/req_logging.py:26}}
Apr 28 22:35:56 ubuntu devstack@keystone.service[67655]: DEBUG keystone.server.flask.request_processing.req_logging [None req-397a0077-8093-42ae-b540-5996ac3ccbcf None admin] SCRIPT_NAME: `/identity` {{(pid=67655) log_request_info /opt/stack/keystone/keystone/server/flask/request_processing/req_logging.py:27}}
Apr 28 22:35:56 ubuntu devstack@keystone.service[67655]: DEBUG keystone.server.flask.request_processing.req_logging [None req-397a0077-8093-42ae-b540-5996ac3ccbcf None admin] PATH_INFO: `/v3/domains/Default` {{(pid=67655) log_request_info /opt/stack/keystone/keystone/server/flask/request_processing/req_logging.py:28}}
Apr 28 22:35:56 ubuntu devstack@keystone.service[67655]: DEBUG keystone.common.rbac_enforcer.enforcer [None req-397a0077-8093-42ae-b540-5996ac3ccbcf None admin] RBAC: Authorizing `identity:get_domain(domain_id=Default)` {{(pid=67655) enforce_call /opt/stack/keystone/keystone/common/rbac_enforcer/enforcer.py:494}}
Apr 28 22:35:56 ubuntu devstack@keystone.service[67655]: DEBUG keystone.common.rbac_enforcer.enforcer [None req-397a0077-8093-42ae-b540-5996ac3ccbcf None admin] RBAC: Authorization granted {{(pid=67655) enforce_call /opt/stack/keystone/keystone/common/rbac_enforcer/enforcer.py:505}}
Apr 28 22:35:56 ubuntu devstack@keystone.service[67654]: DEBUG keystone.server.flask.request_processing.middleware.auth_context [None req-55663e81-6bcb-461d-8527-65e12e0e70be None None] Validating token access rules against request {{(pid=67654) validate_allowed_request /opt/stack/data/venv/lib/python3.12/site-packages/keystonemiddleware/auth_token/__init__.py:545}}
Apr 28 22:35:56 ubuntu devstack@keystone.service[67655]: DEBUG keystone.server.flask.application [None req-397a0077-8093-42ae-b540-5996ac3ccbcf None admin] Could not find domain: Default. {{(pid=67655) _handle_keystone_exception /opt/stack/keystone/keystone/server/flask/application.py:146}}
Apr 28 22:35:56 ubuntu devstack@keystone.service[67655]: [pid: 67655|app: 0|req: 17/35] 10.120.125.137 () {58 vars in 1176 bytes} [Tue Apr 28 22:35:56 2026] GET /identity/v3/domains/Default => generated 87 bytes in 69 msecs (HTTP/1.1 404) 5 headers in 183 bytes (2 switches on core 0)
Apr 28 22:35:57 ubuntu devstack@keystone.service[67655]: DEBUG keystone.server.flask.request_processing.middleware.auth_context [None req-397a0077-8093-42ae-b540-5996ac3ccbcf None admin] Authenticating user token {{(pid=67655) process_request /opt/stack/data/venv/lib/python3.12/site-packages/keystonemiddleware/auth_token/__init__.py:407}}
Apr 28 22:35:57 ubuntu devstack@keystone.service[67654]: DEBUG keystone.server.flask.request_processing.middleware.auth_context [None req-4bf99e7a-578f-44b8-91d7-768752e9528f None admin] RBAC: auth_context: {'token': <TokenModel (audit_id=fikv4CscSOuaYoj3rtL_kg, audit_chain_id=['fikv4CscSOuaYoj3rtL_kg']) at 0x73afb7005a60>, 'domain_id': None, 'trust_id': None, 'trustor_id': None, 'trustee_id': None, 'domain_name': None, 'group_ids': [], 'user_id': 'd6053232d39740cda6068dfe101c7c49', 'user_domain_id': 'default', 'system_scope': 'all', 'project_id': None, 'project_domain_id': None, 'roles': ['admin', 'manager', 'member', 'reader'], 'is_admin_project': True, 'service_user_id': None, 'service_user_domain_id': None, 'service_project_id': None, 'service_project_domain_id': None, 'service_roles': []} {{(pid=67654) fill_context /opt/stack/keystone/keystone/server/flask/request_processing/middleware/auth_context.py:509}}
Apr 28 22:35:57 ubuntu devstack@keystone.service[67654]: DEBUG keystone.server.flask.request_processing.req_logging [None req-4bf99e7a-578f-44b8-91d7-768752e9528f None admin] REQUEST_METHOD: `GET` {{(pid=67654) log_request_info /opt/stack/keystone/keystone/server/flask/request_processing/req_logging.py:26}}
Apr 28 22:35:57 ubuntu devstack@keystone.service[67654]: DEBUG keystone.server.flask.request_processing.req_logging [None req-4bf99e7a-578f-44b8-91d7-768752e9528f None admin] SCRIPT_NAME: `/identity` {{(pid=67654) log_request_info /opt/stack/keystone/keystone/server/flask/request_processing/req_logging.py:27}}
Apr 28 22:35:57 ubuntu devstack@keystone.service[67654]: DEBUG keystone.server.flask.request_processing.req_logging [None req-4bf99e7a-578f-44b8-91d7-768752e9528f None admin] PATH_INFO: `/v3/users/d6053232d39740cda6068dfe101c7c49` {{(pid=67654) log_request_info /opt/stack/keystone/keystone/server/flask/request_processing/req_logging.py:28}}
Apr 28 22:35:57 ubuntu devstack@keystone.service[67654]: DEBUG keystone.common.rbac_enforcer.enforcer [None req-4bf99e7a-578f-44b8-91d7-768752e9528f None admin] RBAC: Authorizing `identity:get_user(user_id=d6053232d39740cda6068dfe101c7c49)` {{(pid=67654) enforce_call /opt/stack/keystone/keystone/common/rbac_enforcer/enforcer.py:494}}
Apr 28 22:35:57 ubuntu devstack@keystone.service[67654]: DEBUG keystone.common.rbac_enforcer.enforcer [None req-4bf99e7a-578f-44b8-91d7-768752e9528f None admin] RBAC: Authorization granted {{(pid=67654) enforce_call /opt/stack/keystone/keystone/common/rbac_enforcer/enforcer.py:505}}
Apr 28 22:35:57 ubuntu devstack@keystone.service[67654]: [pid: 67654|app: 0|req: 19/36] 10.120.125.137 () {58 vars in 1245 bytes} [Tue Apr 28 22:35:56 2026] GET /identity/v3/users/d6053232d39740cda6068dfe101c7c49 => generated 248 bytes in 54 msecs (HTTP/1.1 200) 5 headers in 177 bytes (1 switches on core 0)
Apr 28 22:35:57 ubuntu devstack@keystone.service[67654]: DEBUG keystone.server.flask.request_processing.req_logging [None req-e8c51b43-535c-49d4-8748-207740dfd0c2 None None] REQUEST_METHOD: `GET` {{(pid=67654) log_request_info /opt/stack/keystone/keystone/server/flask/request_processing/req_logging.py:26}}
Apr 28 22:35:57 ubuntu devstack@keystone.service[67654]: DEBUG keystone.server.flask.request_processing.req_logging [None req-e8c51b43-535c-49d4-8748-207740dfd0c2 None None] SCRIPT_NAME: `/identity` {{(pid=67654) log_request_info /opt/stack/keystone/keystone/server/flask/request_processing/req_logging.py:27}}
Apr 28 22:35:57 ubuntu devstack@keystone.service[67654]: DEBUG keystone.server.flask.request_processing.req_logging [None req-e8c51b43-535c-49d4-8748-207740dfd0c2 None None] PATH_INFO: `/` {{(pid=67654) log_request_info /opt/stack/keystone/keystone/server/flask/request_processing/req_logging.py:28}}
Apr 28 22:35:57 ubuntu devstack@keystone.service[67654]: [pid: 67654|app: 0|req: 20/37] 10.120.125.137 () {56 vars in 951 bytes} [Tue Apr 28 22:35:57 2026] GET /identity => generated 271 bytes in 1 msecs (HTTP/1.1 300) 6 headers in 235 bytes (1 switches on core 0)
Apr 28 22:35:57 ubuntu devstack@keystone.service[67655]: DEBUG keystone.server.flask.request_processing.middleware.auth_context [None req-397a0077-8093-42ae-b540-5996ac3ccbcf None admin] Validating token access rules against request {{(pid=67655) validate_allowed_request /opt/stack/data/venv/lib/python3.12/site-packages/keystonemiddleware/auth_token/__init__.py:545}}
Apr 28 22:35:57 ubuntu devstack@keystone.service[67654]: DEBUG keystone.server.flask.request_processing.middleware.auth_context [None req-e8c51b43-535c-49d4-8748-207740dfd0c2 None None] Authenticating user token {{(pid=67654) process_request /opt/stack/data/venv/lib/python3.12/site-packages/keystonemiddleware/auth_token/__init__.py:407}}
Apr 28 22:35:57 ubuntu devstack@keystone.service[67655]: DEBUG keystone.server.flask.request_processing.middleware.auth_context [None req-1f10ec1c-24b3-43bc-a037-48123b264c88 None admin] RBAC: auth_context: {'token': <TokenModel (audit_id=Ly3k8auDQwCCoduo0FsGDw, audit_chain_id=['Ly3k8auDQwCCoduo0FsGDw']) at 0x73afb6e359a0>, 'domain_id': None, 'trust_id': None, 'trustor_id': None, 'trustee_id': None, 'domain_name': None, 'group_ids': [], 'user_id': 'd6053232d39740cda6068dfe101c7c49', 'user_domain_id': 'default', 'system_scope': 'all', 'project_id': None, 'project_domain_id': None, 'roles': ['admin', 'manager', 'member', 'reader'], 'is_admin_project': True, 'service_user_id': None, 'service_user_domain_id': None, 'service_project_id': None, 'service_project_domain_id': None, 'service_roles': []} {{(pid=67655) fill_context /opt/stack/keystone/keystone/server/flask/request_processing/middleware/auth_context.py:509}}
Apr 28 22:35:57 ubuntu devstack@keystone.service[67655]: DEBUG keystone.server.flask.request_processing.req_logging [None req-1f10ec1c-24b3-43bc-a037-48123b264c88 None admin] REQUEST_METHOD: `POST` {{(pid=67655) log_request_info /opt/stack/keystone/keystone/server/flask/request_processing/req_logging.py:26}}
Apr 28 22:35:57 ubuntu devstack@keystone.service[67655]: DEBUG keystone.server.flask.request_processing.req_logging [None req-1f10ec1c-24b3-43bc-a037-48123b264c88 None admin] SCRIPT_NAME: `/identity` {{(pid=67655) log_request_info /opt/stack/keystone/keystone/server/flask/request_processing/req_logging.py:27}}
Apr 28 22:35:57 ubuntu devstack@keystone.service[67655]: DEBUG keystone.server.flask.request_processing.req_logging [None req-1f10ec1c-24b3-43bc-a037-48123b264c88 None admin] PATH_INFO: `/v3/roles` {{(pid=67655) log_request_info /opt/stack/keystone/keystone/server/flask/request_processing/req_logging.py:28}}
Apr 28 22:35:57 ubuntu devstack@keystone.service[67655]: DEBUG keystone.common.rbac_enforcer.enforcer [None req-1f10ec1c-24b3-43bc-a037-48123b264c88 None admin] RBAC: Authorizing `identity:create_role()` {{(pid=67655) enforce_call /opt/stack/keystone/keystone/common/rbac_enforcer/enforcer.py:494}}
Apr 28 22:35:57 ubuntu devstack@keystone.service[67655]: DEBUG keystone.common.rbac_enforcer.enforcer [None req-1f10ec1c-24b3-43bc-a037-48123b264c88 None admin] RBAC: Authorization granted {{(pid=67655) enforce_call /opt/stack/keystone/keystone/common/rbac_enforcer/enforcer.py:505}}
Apr 28 22:35:57 ubuntu devstack@keystone.service[67655]: DEBUG keystone.common.sql.core [None req-1f10ec1c-24b3-43bc-a037-48123b264c88 None admin] Conflict role: (pymysql.err.IntegrityError) (1062, "Duplicate entry 'service-<<null>>' for key 'role.ixu_role_name_domain_id'")
Apr 28 22:35:57 ubuntu devstack@keystone.service[67655]: [SQL: INSERT INTO `role` (id, name, description, extra) VALUES (%(id)s, %(name)s, %(description)s, %(extra)s)]
Apr 28 22:35:57 ubuntu devstack@keystone.service[67655]: [parameters: {'id': '9fc3efea6e254314b20e4f4b4b60e41c', 'name': 'service', 'description': None, 'extra': '{}'}]
Apr 28 22:35:57 ubuntu devstack@keystone.service[67655]: (Background on this error at: https://sqlalche.me/e/20/gkpj) {{(pid=67655) wrapper /opt/stack/keystone/keystone/common/sql/core.py:580}}
Apr 28 22:35:57 ubuntu devstack@keystone.service[67655]: ERROR keystone.server.flask.application [None req-1f10ec1c-24b3-43bc-a037-48123b264c88 None admin] Conflict occurred attempting to store role - Duplicate entry found with name service.: keystone.exception.Conflict: Conflict occurred attempting to store role - Duplicate entry found with name service.
Apr 28 22:35:57 ubuntu devstack@keystone.service[67655]: ERROR keystone.server.flask.application Traceback (most recent call last):
Apr 28 22:35:57 ubuntu devstack@keystone.service[67655]: ERROR keystone.server.flask.application   File "/opt/stack/data/venv/lib/python3.12/site-packages/sqlalchemy/engine/base.py", line 1967, in _exec_single_context
Apr 28 22:35:57 ubuntu devstack@keystone.service[67655]: ERROR keystone.server.flask.application     self.dialect.do_execute(
Apr 28 22:35:57 ubuntu devstack@keystone.service[67655]: ERROR keystone.server.flask.application   File "/opt/stack/data/venv/lib/python3.12/site-packages/sqlalchemy/engine/default.py", line 952, in do_execute
Apr 28 22:35:57 ubuntu devstack@keystone.service[67655]: ERROR keystone.server.flask.application     cursor.execute(statement, parameters)
Apr 28 22:35:57 ubuntu devstack@keystone.service[67655]: ERROR keystone.server.flask.application   File "/opt/stack/data/venv/lib/python3.12/site-packages/pymysql/cursors.py", line 153, in execute
Apr 28 22:35:57 ubuntu devstack@keystone.service[67655]: ERROR keystone.server.flask.application     result = self._query(query)
Apr 28 22:35:57 ubuntu devstack@keystone.service[67655]: ERROR keystone.server.flask.application              ^^^^^^^^^^^^^^^^^^
Apr 28 22:35:57 ubuntu devstack@keystone.service[67655]: ERROR keystone.server.flask.application   File "/opt/stack/data/venv/lib/python3.12/site-packages/pymysql/cursors.py", line 322, in _query
Apr 28 22:35:57 ubuntu devstack@keystone.service[67655]: ERROR keystone.server.flask.application     conn.query(q)
Apr 28 22:35:57 ubuntu devstack@keystone.service[67655]: ERROR keystone.server.flask.application   File "/opt/stack/data/venv/lib/python3.12/site-packages/pymysql/connections.py", line 575, in query
Apr 28 22:35:57 ubuntu devstack@keystone.service[67655]: ERROR keystone.server.flask.application     self._affected_rows = self._read_query_result(unbuffered=unbuffered)
Apr 28 22:35:57 ubuntu devstack@keystone.service[67655]: ERROR keystone.server.flask.application                           ^^^^^^^^^^^^^^^^^^^^^^^^^^^^^^^^^^^^^^^^^^^^^^
Apr 28 22:35:57 ubuntu devstack@keystone.service[67655]: ERROR keystone.server.flask.application   File "/opt/stack/data/venv/lib/python3.12/site-packages/pymysql/connections.py", line 826, in _read_query_result
Apr 28 22:35:57 ubuntu devstack@keystone.service[67655]: ERROR keystone.server.flask.application     result.read()
Apr 28 22:35:57 ubuntu devstack@keystone.service[67655]: ERROR keystone.server.flask.application   File "/opt/stack/data/venv/lib/python3.12/site-packages/pymysql/connections.py", line 1203, in read
Apr 28 22:35:57 ubuntu devstack@keystone.service[67655]: ERROR keystone.server.flask.application     first_packet = self.connection._read_packet()
Apr 28 22:35:57 ubuntu devstack@keystone.service[67655]: ERROR keystone.server.flask.application                    ^^^^^^^^^^^^^^^^^^^^^^^^^^^^^^
Apr 28 22:35:57 ubuntu devstack@keystone.service[67655]: ERROR keystone.server.flask.application   File "/opt/stack/data/venv/lib/python3.12/site-packages/pymysql/connections.py", line 782, in _read_packet
Apr 28 22:35:57 ubuntu devstack@keystone.service[67655]: ERROR keystone.server.flask.application     packet.raise_for_error()
Apr 28 22:35:57 ubuntu devstack@keystone.service[67655]: ERROR keystone.server.flask.application   File "/opt/stack/data/venv/lib/python3.12/site-packages/pymysql/protocol.py", line 219, in raise_for_error
Apr 28 22:35:57 ubuntu devstack@keystone.service[67655]: ERROR keystone.server.flask.application     err.raise_mysql_exception(self._data)
Apr 28 22:35:57 ubuntu devstack@keystone.service[67655]: ERROR keystone.server.flask.application   File "/opt/stack/data/venv/lib/python3.12/site-packages/pymysql/err.py", line 150, in raise_mysql_exception
Apr 28 22:35:57 ubuntu devstack@keystone.service[67655]: ERROR keystone.server.flask.application     raise errorclass(errno, errval)
Apr 28 22:35:57 ubuntu devstack@keystone.service[67655]: ERROR keystone.server.flask.application pymysql.err.IntegrityError: (1062, "Duplicate entry 'service-<<null>>' for key 'role.ixu_role_name_domain_id'")
Apr 28 22:35:57 ubuntu devstack@keystone.service[67655]: ERROR keystone.server.flask.application 
Apr 28 22:35:57 ubuntu devstack@keystone.service[67655]: ERROR keystone.server.flask.application The above exception was the direct cause of the following exception:
Apr 28 22:35:57 ubuntu devstack@keystone.service[67655]: ERROR keystone.server.flask.application 
Apr 28 22:35:57 ubuntu devstack@keystone.service[67655]: ERROR keystone.server.flask.application Traceback (most recent call last):
Apr 28 22:35:57 ubuntu devstack@keystone.service[67655]: ERROR keystone.server.flask.application   File "/opt/stack/keystone/keystone/common/sql/core.py", line 575, in wrapper
Apr 28 22:35:57 ubuntu devstack@keystone.service[67655]: ERROR keystone.server.flask.application     return method(*args, **kwargs)
Apr 28 22:35:57 ubuntu devstack@keystone.service[67655]: ERROR keystone.server.flask.application            ^^^^^^^^^^^^^^^^^^^^^^^
Apr 28 22:35:57 ubuntu devstack@keystone.service[67655]: ERROR keystone.server.flask.application   File "/opt/stack/keystone/keystone/assignment/role_backends/sql.py", line 25, in create_role
Apr 28 22:35:57 ubuntu devstack@keystone.service[67655]: ERROR keystone.server.flask.application     with sql.session_for_write() as session:
Apr 28 22:35:57 ubuntu devstack@keystone.service[67655]: ERROR keystone.server.flask.application   File "/usr/lib/python3.12/contextlib.py", line 144, in __exit__
Apr 28 22:35:57 ubuntu devstack@keystone.service[67655]: ERROR keystone.server.flask.application     next(self.gen)
Apr 28 22:35:57 ubuntu devstack@keystone.service[67655]: ERROR keystone.server.flask.application   File "/opt/stack/data/venv/lib/python3.12/site-packages/oslo_db/sqlalchemy/enginefacade.py", line 1175, in _transaction_scope
Apr 28 22:35:57 ubuntu devstack@keystone.service[67655]: ERROR keystone.server.flask.application     with current._produce_block(
Apr 28 22:35:57 ubuntu devstack@keystone.service[67655]: ERROR keystone.server.flask.application   File "/usr/lib/python3.12/contextlib.py", line 144, in __exit__
Apr 28 22:35:57 ubuntu devstack@keystone.service[67655]: ERROR keystone.server.flask.application     next(self.gen)
