Mar 17 19:01:50 jammy-provider-cloud-0000008124 devstack@keystone.service[72495]: ERROR keystone.server.flask.application     ret = self.driver.create_project(project_id, project)
Mar 17 19:01:50 jammy-provider-cloud-0000008124 devstack@keystone.service[72495]: ERROR keystone.server.flask.application   File "/opt/stack/keystone/keystone/common/sql/core.py", line 614, in wrapper
Mar 17 19:01:50 jammy-provider-cloud-0000008124 devstack@keystone.service[72495]: ERROR keystone.server.flask.application     raise exception.Conflict(type=conflict_type, details=msg)
Mar 17 19:01:50 jammy-provider-cloud-0000008124 devstack@keystone.service[72495]: ERROR keystone.server.flask.application keystone.exception.Conflict: Conflict occurred attempting to store project - Duplicate entry found with name Default.
Mar 17 19:01:50 jammy-provider-cloud-0000008124 devstack@keystone.service[72495]: ERROR keystone.server.flask.application 
Mar 17 19:01:50 jammy-provider-cloud-0000008124 devstack@keystone.service[72495]: ERROR keystone.server.flask.application During handling of the above exception, another exception occurred:
Mar 17 19:01:50 jammy-provider-cloud-0000008124 devstack@keystone.service[72495]: ERROR keystone.server.flask.application 
Mar 17 19:01:50 jammy-provider-cloud-0000008124 devstack@keystone.service[72495]: ERROR keystone.server.flask.application Traceback (most recent call last):
Mar 17 19:01:50 jammy-provider-cloud-0000008124 devstack@keystone.service[72495]: ERROR keystone.server.flask.application   File "/opt/stack/data/venv/lib/python3.10/site-packages/flask/app.py", line 917, in full_dispatch_request
Mar 17 19:01:50 jammy-provider-cloud-0000008124 devstack@keystone.service[72495]: ERROR keystone.server.flask.application     rv = self.dispatch_request()
Mar 17 19:01:50 jammy-provider-cloud-0000008124 devstack@keystone.service[72495]: ERROR keystone.server.flask.application   File "/opt/stack/data/venv/lib/python3.10/site-packages/flask/app.py", line 902, in dispatch_request
Mar 17 19:01:50 jammy-provider-cloud-0000008124 devstack@keystone.service[72495]: ERROR keystone.server.flask.application     return self.ensure_sync(self.view_functions[rule.endpoint])(**view_args)  # type: ignore[no-any-return]
Mar 17 19:01:50 jammy-provider-cloud-0000008124 devstack@keystone.service[72495]: ERROR keystone.server.flask.application   File "/opt/stack/data/venv/lib/python3.10/site-packages/flask_restful/__init__.py", line 489, in wrapper
Mar 17 19:01:50 jammy-provider-cloud-0000008124 devstack@keystone.service[72495]: ERROR keystone.server.flask.application     resp = resource(*args, **kwargs)
Mar 17 19:01:50 jammy-provider-cloud-0000008124 devstack@keystone.service[72495]: ERROR keystone.server.flask.application   File "/opt/stack/data/venv/lib/python3.10/site-packages/flask/views.py", line 110, in view
Mar 17 19:01:50 jammy-provider-cloud-0000008124 devstack@keystone.service[72495]: ERROR keystone.server.flask.application     return current_app.ensure_sync(self.dispatch_request)(**kwargs)  # type: ignore[no-any-return]
Mar 17 19:01:50 jammy-provider-cloud-0000008124 devstack@keystone.service[72495]: ERROR keystone.server.flask.application   File "/opt/stack/data/venv/lib/python3.10/site-packages/flask_restful/__init__.py", line 604, in dispatch_request
Mar 17 19:01:50 jammy-provider-cloud-0000008124 devstack@keystone.service[72495]: ERROR keystone.server.flask.application     resp = meth(*args, **kwargs)
Mar 17 19:01:50 jammy-provider-cloud-0000008124 devstack@keystone.service[72495]: ERROR keystone.server.flask.application   File "/opt/stack/keystone/keystone/api/validation/__init__.py", line 80, in wrapper
Mar 17 19:01:50 jammy-provider-cloud-0000008124 devstack@keystone.service[72495]: ERROR keystone.server.flask.application     return func(*args, **kwargs)
Mar 17 19:01:50 jammy-provider-cloud-0000008124 devstack@keystone.service[72495]: ERROR keystone.server.flask.application   File "/opt/stack/keystone/keystone/api/validation/__init__.py", line 139, in wrapper
Mar 17 19:01:50 jammy-provider-cloud-0000008124 devstack@keystone.service[72495]: ERROR keystone.server.flask.application     response = func(*args, **kwargs)
Mar 17 19:01:50 jammy-provider-cloud-0000008124 devstack@keystone.service[72495]: ERROR keystone.server.flask.application   File "/opt/stack/keystone/keystone/api/domains.py", line 181, in post
Mar 17 19:01:50 jammy-provider-cloud-0000008124 devstack@keystone.service[72495]: ERROR keystone.server.flask.application     ref = PROVIDERS.resource_api.create_domain(
Mar 17 19:01:50 jammy-provider-cloud-0000008124 devstack@keystone.service[72495]: ERROR keystone.server.flask.application   File "/opt/stack/keystone/keystone/common/manager.py", line 114, in wrapped
Mar 17 19:01:50 jammy-provider-cloud-0000008124 devstack@keystone.service[72495]: ERROR keystone.server.flask.application     __ret_val = __f(*args, **kwargs)
Mar 17 19:01:50 jammy-provider-cloud-0000008124 devstack@keystone.service[72495]: ERROR keystone.server.flask.application   File "/opt/stack/keystone/keystone/resource/core.py", line 867, in create_domain
Mar 17 19:01:50 jammy-provider-cloud-0000008124 devstack@keystone.service[72495]: ERROR keystone.server.flask.application     is_domain_project = self.create_project(
Mar 17 19:01:50 jammy-provider-cloud-0000008124 devstack@keystone.service[72495]: ERROR keystone.server.flask.application   File "/opt/stack/keystone/keystone/common/manager.py", line 114, in wrapped
Mar 17 19:01:50 jammy-provider-cloud-0000008124 devstack@keystone.service[72495]: ERROR keystone.server.flask.application     __ret_val = __f(*args, **kwargs)
Mar 17 19:01:50 jammy-provider-cloud-0000008124 devstack@keystone.service[72495]: ERROR keystone.server.flask.application   File "/opt/stack/keystone/keystone/resource/core.py", line 252, in create_project
Mar 17 19:01:50 jammy-provider-cloud-0000008124 devstack@keystone.service[72495]: ERROR keystone.server.flask.application     raise exception.Conflict(
Mar 17 19:01:50 jammy-provider-cloud-0000008124 devstack@keystone.service[72495]: ERROR keystone.server.flask.application keystone.exception.Conflict: Conflict occurred attempting to store project - it is not permitted to have two projects acting as domains with the same name: Default.
Mar 17 19:01:50 jammy-provider-cloud-0000008124 devstack@keystone.service[72495]: ERROR keystone.server.flask.application 
Mar 17 19:01:50 jammy-provider-cloud-0000008124 devstack@keystone.service[72495]: [pid: 72495|app: 0|req: 8/16] 10.201.5.87 () {60 vars in 1129 bytes} [Mon Mar 17 19:01:50 2025] POST /identity/v3/domains => generated 190 bytes in 85 msecs (HTTP/1.1 409) 5 headers in 183 bytes (1 switches on core 0)
Mar 17 19:01:51 jammy-provider-cloud-0000008124 devstack@keystone.service[72494]: DEBUG keystone.server.flask.request_processing.middleware.auth_context [None req-63b3c86c-8f30-4f09-a28e-97c088c71d9d None admin] Authenticating user token {{(pid=72494) process_request /opt/stack/data/venv/lib/python3.10/site-packages/keystonemiddleware/auth_token/__init__.py:406}}
Mar 17 19:01:51 jammy-provider-cloud-0000008124 devstack@keystone.service[72495]: DEBUG keystone.server.flask.request_processing.middleware.auth_context [None req-adc72397-8c73-456e-afe1-79576435cd2c None admin] Authenticating user token {{(pid=72495) process_request /opt/stack/data/venv/lib/python3.10/site-packages/keystonemiddleware/auth_token/__init__.py:406}}
Mar 17 19:01:51 jammy-provider-cloud-0000008124 devstack@keystone.service[72494]: DEBUG keystone.server.flask.request_processing.middleware.auth_context [None req-63b3c86c-8f30-4f09-a28e-97c088c71d9d None admin] Validating token access rules against request {{(pid=72494) validate_allowed_request /opt/stack/data/venv/lib/python3.10/site-packages/keystonemiddleware/auth_token/__init__.py:544}}
Mar 17 19:01:51 jammy-provider-cloud-0000008124 devstack@keystone.service[72495]: DEBUG keystone.server.flask.request_processing.middleware.auth_context [None req-adc72397-8c73-456e-afe1-79576435cd2c None admin] Validating token access rules against request {{(pid=72495) validate_allowed_request /opt/stack/data/venv/lib/python3.10/site-packages/keystonemiddleware/auth_token/__init__.py:544}}
Mar 17 19:01:51 jammy-provider-cloud-0000008124 devstack@keystone.service[72494]: DEBUG keystone.server.flask.request_processing.middleware.auth_context [None req-1cef2e18-6d26-4033-93a0-23d00c8bbac6 None admin] RBAC: auth_context: {'token': <TokenModel (audit_id=dMwstPjpTFaQXnX8attRRw, audit_chain_id=['dMwstPjpTFaQXnX8attRRw']) at 0x7fb196538ca0>, 'domain_id': None, 'trust_id': None, 'trustor_id': None, 'trustee_id': None, 'domain_name': None, 'group_ids': [], 'user_id': '10f707b71fda4dcd9b383087dca94fdc', 'user_domain_id': 'default', 'system_scope': 'all', 'project_id': None, 'project_domain_id': None, 'roles': ['admin', 'manager', 'member', 'reader'], 'is_admin_project': True, 'service_user_id': None, 'service_user_domain_id': None, 'service_project_id': None, 'service_project_domain_id': None, 'service_roles': []} {{(pid=72494) fill_context /opt/stack/keystone/keystone/server/flask/request_processing/middleware/auth_context.py:506}}
Mar 17 19:01:51 jammy-provider-cloud-0000008124 devstack@keystone.service[72494]: DEBUG keystone.server.flask.request_processing.req_logging [None req-1cef2e18-6d26-4033-93a0-23d00c8bbac6 None admin] REQUEST_METHOD: `GET` {{(pid=72494) log_request_info /opt/stack/keystone/keystone/server/flask/request_processing/req_logging.py:26}}
Mar 17 19:01:51 jammy-provider-cloud-0000008124 devstack@keystone.service[72494]: DEBUG keystone.server.flask.request_processing.req_logging [None req-1cef2e18-6d26-4033-93a0-23d00c8bbac6 None admin] SCRIPT_NAME: `/identity` {{(pid=72494) log_request_info /opt/stack/keystone/keystone/server/flask/request_processing/req_logging.py:27}}
Mar 17 19:01:51 jammy-provider-cloud-0000008124 devstack@keystone.service[72494]: DEBUG keystone.server.flask.request_processing.req_logging [None req-1cef2e18-6d26-4033-93a0-23d00c8bbac6 None admin] PATH_INFO: `/v3/users/10f707b71fda4dcd9b383087dca94fdc` {{(pid=72494) log_request_info /opt/stack/keystone/keystone/server/flask/request_processing/req_logging.py:28}}
Mar 17 19:01:51 jammy-provider-cloud-0000008124 devstack@keystone.service[72495]: DEBUG keystone.server.flask.request_processing.middleware.auth_context [None req-4b092ef0-8dd8-437e-9ba0-96e86c506949 None admin] RBAC: auth_context: {'token': <TokenModel (audit_id=sNyFulLEQZO3Wrm36evhYg, audit_chain_id=['sNyFulLEQZO3Wrm36evhYg']) at 0x7fb196645e40>, 'domain_id': None, 'trust_id': None, 'trustor_id': None, 'trustee_id': None, 'domain_name': None, 'group_ids': [], 'user_id': '10f707b71fda4dcd9b383087dca94fdc', 'user_domain_id': 'default', 'system_scope': 'all', 'project_id': None, 'project_domain_id': None, 'roles': ['admin', 'manager', 'member', 'reader'], 'is_admin_project': True, 'service_user_id': None, 'service_user_domain_id': None, 'service_project_id': None, 'service_project_domain_id': None, 'service_roles': []} {{(pid=72495) fill_context /opt/stack/keystone/keystone/server/flask/request_processing/middleware/auth_context.py:506}}
Mar 17 19:01:51 jammy-provider-cloud-0000008124 devstack@keystone.service[72495]: DEBUG keystone.server.flask.request_processing.req_logging [None req-4b092ef0-8dd8-437e-9ba0-96e86c506949 None admin] REQUEST_METHOD: `GET` {{(pid=72495) log_request_info /opt/stack/keystone/keystone/server/flask/request_processing/req_logging.py:26}}
Mar 17 19:01:51 jammy-provider-cloud-0000008124 devstack@keystone.service[72495]: DEBUG keystone.server.flask.request_processing.req_logging [None req-4b092ef0-8dd8-437e-9ba0-96e86c506949 None admin] SCRIPT_NAME: `/identity` {{(pid=72495) log_request_info /opt/stack/keystone/keystone/server/flask/request_processing/req_logging.py:27}}
Mar 17 19:01:51 jammy-provider-cloud-0000008124 devstack@keystone.service[72495]: DEBUG keystone.server.flask.request_processing.req_logging [None req-4b092ef0-8dd8-437e-9ba0-96e86c506949 None admin] PATH_INFO: `/v3/domains/Default` {{(pid=72495) log_request_info /opt/stack/keystone/keystone/server/flask/request_processing/req_logging.py:28}}
Mar 17 19:01:51 jammy-provider-cloud-0000008124 devstack@keystone.service[72494]: DEBUG keystone.common.rbac_enforcer.enforcer [None req-1cef2e18-6d26-4033-93a0-23d00c8bbac6 None admin] RBAC: Authorizing `identity:get_user(user_id=10f707b71fda4dcd9b383087dca94fdc)` {{(pid=72494) enforce_call /opt/stack/keystone/keystone/common/rbac_enforcer/enforcer.py:495}}
Mar 17 19:01:51 jammy-provider-cloud-0000008124 devstack@keystone.service[72494]: DEBUG keystone.common.rbac_enforcer.enforcer [None req-1cef2e18-6d26-4033-93a0-23d00c8bbac6 None admin] RBAC: Authorization granted {{(pid=72494) enforce_call /opt/stack/keystone/keystone/common/rbac_enforcer/enforcer.py:506}}
Mar 17 19:01:51 jammy-provider-cloud-0000008124 devstack@keystone.service[72494]: [pid: 72494|app: 0|req: 9/17] 10.201.5.87 () {56 vars in 1213 bytes} [Mon Mar 17 19:01:51 2025] GET /identity/v3/users/10f707b71fda4dcd9b383087dca94fdc => generated 247 bytes in 56 msecs (HTTP/1.1 200) 5 headers in 177 bytes (1 switches on core 0)
Mar 17 19:01:51 jammy-provider-cloud-0000008124 devstack@keystone.service[72495]: DEBUG keystone.common.rbac_enforcer.enforcer [None req-4b092ef0-8dd8-437e-9ba0-96e86c506949 None admin] RBAC: Authorizing `identity:get_domain(domain_id=Default)` {{(pid=72495) enforce_call /opt/stack/keystone/keystone/common/rbac_enforcer/enforcer.py:495}}
Mar 17 19:01:51 jammy-provider-cloud-0000008124 devstack@keystone.service[72495]: DEBUG keystone.common.rbac_enforcer.enforcer [None req-4b092ef0-8dd8-437e-9ba0-96e86c506949 None admin] RBAC: Authorization granted {{(pid=72495) enforce_call /opt/stack/keystone/keystone/common/rbac_enforcer/enforcer.py:506}}
Mar 17 19:01:51 jammy-provider-cloud-0000008124 devstack@keystone.service[72494]: DEBUG keystone.server.flask.request_processing.middleware.auth_context [None req-1cef2e18-6d26-4033-93a0-23d00c8bbac6 None admin] Authenticating user token {{(pid=72494) process_request /opt/stack/data/venv/lib/python3.10/site-packages/keystonemiddleware/auth_token/__init__.py:406}}
Mar 17 19:01:51 jammy-provider-cloud-0000008124 devstack@keystone.service[72495]: DEBUG keystone.server.flask.application [None req-4b092ef0-8dd8-437e-9ba0-96e86c506949 None admin] Could not find domain: Default. {{(pid=72495) _handle_keystone_exception /opt/stack/keystone/keystone/server/flask/application.py:152}}
Mar 17 19:01:51 jammy-provider-cloud-0000008124 devstack@keystone.service[72495]: [pid: 72495|app: 0|req: 9/18] 10.201.5.87 () {56 vars in 1100 bytes} [Mon Mar 17 19:01:51 2025] GET /identity/v3/domains/Default => generated 87 bytes in 70 msecs (HTTP/1.1 404) 5 headers in 183 bytes (1 switches on core 0)
Mar 17 19:01:51 jammy-provider-cloud-0000008124 devstack@keystone.service[72495]: DEBUG keystone.server.flask.request_processing.middleware.auth_context [None req-4b092ef0-8dd8-437e-9ba0-96e86c506949 None admin] Authenticating user token {{(pid=72495) process_request /opt/stack/data/venv/lib/python3.10/site-packages/keystonemiddleware/auth_token/__init__.py:406}}
Mar 17 19:01:51 jammy-provider-cloud-0000008124 devstack@keystone.service[72494]: DEBUG keystone.server.flask.request_processing.middleware.auth_context [None req-1cef2e18-6d26-4033-93a0-23d00c8bbac6 None admin] Validating token access rules against request {{(pid=72494) validate_allowed_request /opt/stack/data/venv/lib/python3.10/site-packages/keystonemiddleware/auth_token/__init__.py:544}}
Mar 17 19:01:51 jammy-provider-cloud-0000008124 devstack@keystone.service[72495]: DEBUG keystone.server.flask.request_processing.middleware.auth_context [None req-4b092ef0-8dd8-437e-9ba0-96e86c506949 None admin] Validating token access rules against request {{(pid=72495) validate_allowed_request /opt/stack/data/venv/lib/python3.10/site-packages/keystonemiddleware/auth_token/__init__.py:544}}
Mar 17 19:01:51 jammy-provider-cloud-0000008124 devstack@keystone.service[72494]: DEBUG keystone.server.flask.request_processing.middleware.auth_context [None req-fee3ef50-609e-40c4-95b7-3ae19dcdea7b None admin] RBAC: auth_context: {'token': <TokenModel (audit_id=dMwstPjpTFaQXnX8attRRw, audit_chain_id=['dMwstPjpTFaQXnX8attRRw']) at 0x7fb19653bb80>, 'domain_id': None, 'trust_id': None, 'trustor_id': None, 'trustee_id': None, 'domain_name': None, 'group_ids': [], 'user_id': '10f707b71fda4dcd9b383087dca94fdc', 'user_domain_id': 'default', 'system_scope': 'all', 'project_id': None, 'project_domain_id': None, 'roles': ['admin', 'manager', 'member', 'reader'], 'is_admin_project': True, 'service_user_id': None, 'service_user_domain_id': None, 'service_project_id': None, 'service_project_domain_id': None, 'service_roles': []} {{(pid=72494) fill_context /opt/stack/keystone/keystone/server/flask/request_processing/middleware/auth_context.py:506}}
Mar 17 19:01:51 jammy-provider-cloud-0000008124 devstack@keystone.service[72494]: DEBUG keystone.server.flask.request_processing.req_logging [None req-fee3ef50-609e-40c4-95b7-3ae19dcdea7b None admin] REQUEST_METHOD: `GET` {{(pid=72494) log_request_info /opt/stack/keystone/keystone/server/flask/request_processing/req_logging.py:26}}
Mar 17 19:01:51 jammy-provider-cloud-0000008124 devstack@keystone.service[72494]: DEBUG keystone.server.flask.request_processing.req_logging [None req-fee3ef50-609e-40c4-95b7-3ae19dcdea7b None admin] SCRIPT_NAME: `/identity` {{(pid=72494) log_request_info /opt/stack/keystone/keystone/server/flask/request_processing/req_logging.py:27}}
Mar 17 19:01:51 jammy-provider-cloud-0000008124 devstack@keystone.service[72494]: DEBUG keystone.server.flask.request_processing.req_logging [None req-fee3ef50-609e-40c4-95b7-3ae19dcdea7b None admin] PATH_INFO: `/v3/domains/default` {{(pid=72494) log_request_info /opt/stack/keystone/keystone/server/flask/request_processing/req_logging.py:28}}
Mar 17 19:01:51 jammy-provider-cloud-0000008124 devstack@keystone.service[72494]: DEBUG keystone.common.rbac_enforcer.enforcer [None req-fee3ef50-609e-40c4-95b7-3ae19dcdea7b None admin] RBAC: Authorizing `identity:get_domain(domain_id=default)` {{(pid=72494) enforce_call /opt/stack/keystone/keystone/common/rbac_enforcer/enforcer.py:495}}
Mar 17 19:01:51 jammy-provider-cloud-0000008124 devstack@keystone.service[72494]: DEBUG keystone.common.rbac_enforcer.enforcer [None req-fee3ef50-609e-40c4-95b7-3ae19dcdea7b None admin] RBAC: Authorization granted {{(pid=72494) enforce_call /opt/stack/keystone/keystone/common/rbac_enforcer/enforcer.py:506}}
Mar 17 19:01:51 jammy-provider-cloud-0000008124 devstack@keystone.service[72494]: [pid: 72494|app: 0|req: 10/19] 10.201.5.87 () {56 vars in 1144 bytes} [Mon Mar 17 19:01:51 2025] GET /identity/v3/domains/default => generated 199 bytes in 54 msecs (HTTP/1.1 200) 5 headers in 177 bytes (2 switches on core 0)
Mar 17 19:01:51 jammy-provider-cloud-0000008124 devstack@keystone.service[72495]: DEBUG keystone.server.flask.request_processing.middleware.auth_context [None req-675d6149-de8e-4b73-9183-d7321e68bf28 None admin] RBAC: auth_context: {'token': <TokenModel (audit_id=sNyFulLEQZO3Wrm36evhYg, audit_chain_id=['sNyFulLEQZO3Wrm36evhYg']) at 0x7fb196645fc0>, 'domain_id': None, 'trust_id': None, 'trustor_id': None, 'trustee_id': None, 'domain_name': None, 'group_ids': [], 'user_id': '10f707b71fda4dcd9b383087dca94fdc', 'user_domain_id': 'default', 'system_scope': 'all', 'project_id': None, 'project_domain_id': None, 'roles': ['admin', 'manager', 'member', 'reader'], 'is_admin_project': True, 'service_user_id': None, 'service_user_domain_id': None, 'service_project_id': None, 'service_project_domain_id': None, 'service_roles': []} {{(pid=72495) fill_context /opt/stack/keystone/keystone/server/flask/request_processing/middleware/auth_context.py:506}}
Mar 17 19:01:51 jammy-provider-cloud-0000008124 devstack@keystone.service[72495]: DEBUG keystone.server.flask.request_processing.req_logging [None req-675d6149-de8e-4b73-9183-d7321e68bf28 None admin] REQUEST_METHOD: `GET` {{(pid=72495) log_request_info /opt/stack/keystone/keystone/server/flask/request_processing/req_logging.py:26}}
Mar 17 19:01:51 jammy-provider-cloud-0000008124 devstack@keystone.service[72495]: DEBUG keystone.server.flask.request_processing.req_logging [None req-675d6149-de8e-4b73-9183-d7321e68bf28 None admin] SCRIPT_NAME: `/identity` {{(pid=72495) log_request_info /opt/stack/keystone/keystone/server/flask/request_processing/req_logging.py:27}}
Mar 17 19:01:51 jammy-provider-cloud-0000008124 devstack@keystone.service[72495]: DEBUG keystone.server.flask.request_processing.req_logging [None req-675d6149-de8e-4b73-9183-d7321e68bf28 None admin] PATH_INFO: `/v3/domains` {{(pid=72495) log_request_info /opt/stack/keystone/keystone/server/flask/request_processing/req_logging.py:28}}
Mar 17 19:01:51 jammy-provider-cloud-0000008124 devstack@keystone.service[72495]: DEBUG keystone.common.rbac_enforcer.enforcer [None req-675d6149-de8e-4b73-9183-d7321e68bf28 None admin] RBAC: Adding query filter params (name=Default) {{(pid=72495) _extract_filter_values /opt/stack/keystone/keystone/common/rbac_enforcer/enforcer.py:176}}
Mar 17 19:01:51 jammy-provider-cloud-0000008124 devstack@keystone.service[72495]: DEBUG keystone.common.rbac_enforcer.enforcer [None req-675d6149-de8e-4b73-9183-d7321e68bf28 None admin] RBAC: Authorizing `identity:list_domains()` {{(pid=72495) enforce_call /opt/stack/keystone/keystone/common/rbac_enforcer/enforcer.py:495}}
Mar 17 19:01:51 jammy-provider-cloud-0000008124 devstack@keystone.service[72495]: DEBUG keystone.common.rbac_enforcer.enforcer [None req-675d6149-de8e-4b73-9183-d7321e68bf28 None admin] RBAC: Authorization granted {{(pid=72495) enforce_call /opt/stack/keystone/keystone/common/rbac_enforcer/enforcer.py:506}}
Mar 17 19:01:51 jammy-provider-cloud-0000008124 devstack@keystone.service[72494]: DEBUG keystone.server.flask.request_processing.middleware.auth_context [None req-fee3ef50-609e-40c4-95b7-3ae19dcdea7b None admin] Authenticating user token {{(pid=72494) process_request /opt/stack/data/venv/lib/python3.10/site-packages/keystonemiddleware/auth_token/__init__.py:406}}
Mar 17 19:01:51 jammy-provider-cloud-0000008124 devstack@keystone.service[72495]: [pid: 72495|app: 0|req: 10/20] 10.201.5.87 () {56 vars in 1101 bytes} [Mon Mar 17 19:01:51 2025] GET /identity/v3/domains?name=Default => generated 308 bytes in 65 msecs (HTTP/1.1 200) 5 headers in 177 bytes (2 switches on core 0)
Mar 17 19:01:51 jammy-provider-cloud-0000008124 devstack@keystone.service[72494]: DEBUG keystone.server.flask.request_processing.middleware.auth_context [None req-fee3ef50-609e-40c4-95b7-3ae19dcdea7b None admin] Validating token access rules against request {{(pid=72494) validate_allowed_request /opt/stack/data/venv/lib/python3.10/site-packages/keystonemiddleware/auth_token/__init__.py:544}}
Mar 17 19:01:51 jammy-provider-cloud-0000008124 devstack@keystone.service[72494]: DEBUG keystone.server.flask.request_processing.middleware.auth_context [None req-287665db-78a8-49d3-937e-1f82bd10dcc9 None admin] RBAC: auth_context: {'token': <TokenModel (audit_id=dMwstPjpTFaQXnX8attRRw, audit_chain_id=['dMwstPjpTFaQXnX8attRRw']) at 0x7fb19653acb0>, 'domain_id': None, 'trust_id': None, 'trustor_id': None, 'trustee_id': None, 'domain_name': None, 'group_ids': [], 'user_id': '10f707b71fda4dcd9b383087dca94fdc', 'user_domain_id': 'default', 'system_scope': 'all', 'project_id': None, 'project_domain_id': None, 'roles': ['admin', 'manager', 'member', 'reader'], 'is_admin_project': True, 'service_user_id': None, 'service_user_domain_id': None, 'service_project_id': None, 'service_project_domain_id': None, 'service_roles': []} {{(pid=72494) fill_context /opt/stack/keystone/keystone/server/flask/request_processing/middleware/auth_context.py:506}}
Mar 17 19:01:51 jammy-provider-cloud-0000008124 devstack@keystone.service[72494]: DEBUG keystone.server.flask.request_processing.req_logging [None req-287665db-78a8-49d3-937e-1f82bd10dcc9 None admin] REQUEST_METHOD: `PUT` {{(pid=72494) log_request_info /opt/stack/keystone/keystone/server/flask/request_processing/req_logging.py:26}}
Mar 17 19:01:51 jammy-provider-cloud-0000008124 devstack@keystone.service[72494]: DEBUG keystone.server.flask.request_processing.req_logging [None req-287665db-78a8-49d3-937e-1f82bd10dcc9 None admin] SCRIPT_NAME: `/identity` {{(pid=72494) log_request_info /opt/stack/keystone/keystone/server/flask/request_processing/req_logging.py:27}}
Mar 17 19:01:51 jammy-provider-cloud-0000008124 devstack@keystone.service[72494]: DEBUG keystone.server.flask.request_processing.req_logging [None req-287665db-78a8-49d3-937e-1f82bd10dcc9 None admin] PATH_INFO: `/v3/domains/default/users/10f707b71fda4dcd9b383087dca94fdc/roles/cd6627110626438a8b1db2a7874a9f3e` {{(pid=72494) log_request_info /opt/stack/keystone/keystone/server/flask/request_processing/req_logging.py:28}}
Mar 17 19:01:51 jammy-provider-cloud-0000008124 devstack@keystone.service[72494]: DEBUG keystone.common.rbac_enforcer.enforcer [None req-287665db-78a8-49d3-937e-1f82bd10dcc9 None admin] RBAC: Authorizing `identity:create_grant(domain_id=default, user_id=10f707b71fda4dcd9b383087dca94fdc, role_id=cd6627110626438a8b1db2a7874a9f3e)` {{(pid=72494) enforce_call /opt/stack/keystone/keystone/common/rbac_enforcer/enforcer.py:495}}
Mar 17 19:01:51 jammy-provider-cloud-0000008124 devstack@keystone.service[72494]: DEBUG keystone.common.rbac_enforcer.enforcer [None req-287665db-78a8-49d3-937e-1f82bd10dcc9 None admin] RBAC: Authorization granted {{(pid=72494) enforce_call /opt/stack/keystone/keystone/common/rbac_enforcer/enforcer.py:506}}
Mar 17 19:01:51 jammy-provider-cloud-0000008124 devstack@keystone.service[72494]: [pid: 72494|app: 0|req: 11/21] 10.201.5.87 () {58 vars in 1397 bytes} [Mon Mar 17 19:01:51 2025] PUT /identity/v3/domains/default/users/10f707b71fda4dcd9b383087dca94fdc/roles/cd6627110626438a8b1db2a7874a9f3e => generated 0 bytes in 114 msecs (HTTP/1.1 204) 3 headers in 132 bytes (1 switches on core 0)
Mar 17 19:01:52 jammy-provider-cloud-0000008124 devstack@keystone.service[72495]: DEBUG keystone.server.flask.request_processing.req_logging [None req-384bc3e7-6ab8-4b78-b2bf-6c5a0ca6f728 None None] REQUEST_METHOD: `GET` {{(pid=72495) log_request_info /opt/stack/keystone/keystone/server/flask/request_processing/req_logging.py:26}}
Mar 17 19:01:52 jammy-provider-cloud-0000008124 devstack@keystone.service[72495]: DEBUG keystone.server.flask.request_processing.req_logging [None req-384bc3e7-6ab8-4b78-b2bf-6c5a0ca6f728 None None] SCRIPT_NAME: `/identity` {{(pid=72495) log_request_info /opt/stack/keystone/keystone/server/flask/request_processing/req_logging.py:27}}
Mar 17 19:01:52 jammy-provider-cloud-0000008124 devstack@keystone.service[72495]: DEBUG keystone.server.flask.request_processing.req_logging [None req-384bc3e7-6ab8-4b78-b2bf-6c5a0ca6f728 None None] PATH_INFO: `/` {{(pid=72495) log_request_info /opt/stack/keystone/keystone/server/flask/request_processing/req_logging.py:28}}
Mar 17 19:01:52 jammy-provider-cloud-0000008124 devstack@keystone.service[72495]: [pid: 72495|app: 0|req: 11/22] 10.201.5.87 () {54 vars in 919 bytes} [Mon Mar 17 19:01:52 2025] GET /identity => generated 270 bytes in 1 msecs (HTTP/1.1 300) 6 headers in 234 bytes (1 switches on core 0)
Mar 17 19:01:52 jammy-provider-cloud-0000008124 devstack@keystone.service[72494]: DEBUG keystone.server.flask.request_processing.req_logging [None req-bec871f0-97b0-4684-94d7-3522898c6f1d None None] REQUEST_METHOD: `POST` {{(pid=72494) log_request_info /opt/stack/keystone/keystone/server/flask/request_processing/req_logging.py:26}}
Mar 17 19:01:52 jammy-provider-cloud-0000008124 devstack@keystone.service[72494]: DEBUG keystone.server.flask.request_processing.req_logging [None req-bec871f0-97b0-4684-94d7-3522898c6f1d None None] SCRIPT_NAME: `/identity` {{(pid=72494) log_request_info /opt/stack/keystone/keystone/server/flask/request_processing/req_logging.py:27}}
Mar 17 19:01:52 jammy-provider-cloud-0000008124 devstack@keystone.service[72494]: DEBUG keystone.server.flask.request_processing.req_logging [None req-bec871f0-97b0-4684-94d7-3522898c6f1d None None] PATH_INFO: `/v3/auth/tokens` {{(pid=72494) log_request_info /opt/stack/keystone/keystone/server/flask/request_processing/req_logging.py:28}}
Mar 17 19:01:52 jammy-provider-cloud-0000008124 devstack@keystone.service[72494]: WARNING keystone.common.password_hashing [None req-bec871f0-97b0-4684-94d7-3522898c6f1d None None] Truncating password to algorithm specific maximum length 72 characters.
Mar 17 19:01:52 jammy-provider-cloud-0000008124 devstack@keystone.service[72494]: DEBUG keystone.auth.core [None req-bec871f0-97b0-4684-94d7-3522898c6f1d None None] MFA Rules not processed for user `10f707b71fda4dcd9b383087dca94fdc`. Rule list: `[]` (Enabled: `True`). {{(pid=72494) check_auth_methods_against_rules /opt/stack/keystone/keystone/auth/core.py:476}}
Mar 17 19:01:52 jammy-provider-cloud-0000008124 devstack@keystone.service[72494]: DEBUG keystone.common.fernet_utils [None req-bec871f0-97b0-4684-94d7-3522898c6f1d None None] Loaded 2 Fernet keys from /etc/keystone/fernet-keys/, but `[fernet_tokens] max_active_keys = 3`; perhaps there have not been enough key rotations to reach `max_active_keys` yet? {{(pid=72494) load_keys /opt/stack/keystone/keystone/common/fernet_utils.py:297}}
Mar 17 19:01:52 jammy-provider-cloud-0000008124 devstack@keystone.service[72494]: [pid: 72494|app: 0|req: 12/23] 10.201.5.87 () {58 vars in 1016 bytes} [Mon Mar 17 19:01:52 2025] POST /identity/v3/auth/tokens => generated 862 bytes in 59 msecs (HTTP/1.1 201) 6 headers in 363 bytes (1 switches on core 0)
Mar 17 19:01:52 jammy-provider-cloud-0000008124 devstack@keystone.service[72495]: DEBUG keystone.server.flask.request_processing.req_logging [None req-6b6a120e-3626-474e-b381-56189386a06f None None] REQUEST_METHOD: `GET` {{(pid=72495) log_request_info /opt/stack/keystone/keystone/server/flask/request_processing/req_logging.py:26}}
Mar 17 19:01:52 jammy-provider-cloud-0000008124 devstack@keystone.service[72495]: DEBUG keystone.server.flask.request_processing.req_logging [None req-6b6a120e-3626-474e-b381-56189386a06f None None] SCRIPT_NAME: `/identity` {{(pid=72495) log_request_info /opt/stack/keystone/keystone/server/flask/request_processing/req_logging.py:27}}
Mar 17 19:01:52 jammy-provider-cloud-0000008124 devstack@keystone.service[72495]: DEBUG keystone.server.flask.request_processing.req_logging [None req-6b6a120e-3626-474e-b381-56189386a06f None None] PATH_INFO: `/` {{(pid=72495) log_request_info /opt/stack/keystone/keystone/server/flask/request_processing/req_logging.py:28}}
Mar 17 19:01:52 jammy-provider-cloud-0000008124 devstack@keystone.service[72495]: [pid: 72495|app: 0|req: 12/24] 10.201.5.87 () {54 vars in 919 bytes} [Mon Mar 17 19:01:52 2025] GET /identity => generated 270 bytes in 1 msecs (HTTP/1.1 300) 6 headers in 234 bytes (1 switches on core 0)
Mar 17 19:01:52 jammy-provider-cloud-0000008124 devstack@keystone.service[72494]: DEBUG keystone.server.flask.request_processing.req_logging [None req-43eafe89-046e-4d9c-9bf6-81a23a4aa09f None None] REQUEST_METHOD: `POST` {{(pid=72494) log_request_info /opt/stack/keystone/keystone/server/flask/request_processing/req_logging.py:26}}
Mar 17 19:01:52 jammy-provider-cloud-0000008124 devstack@keystone.service[72494]: DEBUG keystone.server.flask.request_processing.req_logging [None req-43eafe89-046e-4d9c-9bf6-81a23a4aa09f None None] SCRIPT_NAME: `/identity` {{(pid=72494) log_request_info /opt/stack/keystone/keystone/server/flask/request_processing/req_logging.py:27}}
Mar 17 19:01:52 jammy-provider-cloud-0000008124 devstack@keystone.service[72494]: DEBUG keystone.server.flask.request_processing.req_logging [None req-43eafe89-046e-4d9c-9bf6-81a23a4aa09f None None] PATH_INFO: `/v3/auth/tokens` {{(pid=72494) log_request_info /opt/stack/keystone/keystone/server/flask/request_processing/req_logging.py:28}}
Mar 17 19:01:52 jammy-provider-cloud-0000008124 devstack@keystone.service[72494]: WARNING keystone.common.password_hashing [None req-43eafe89-046e-4d9c-9bf6-81a23a4aa09f None None] Truncating password to algorithm specific maximum length 72 characters.
Mar 17 19:01:52 jammy-provider-cloud-0000008124 devstack@keystone.service[72494]: DEBUG keystone.auth.core [None req-43eafe89-046e-4d9c-9bf6-81a23a4aa09f None None] MFA Rules not processed for user `10f707b71fda4dcd9b383087dca94fdc`. Rule list: `[]` (Enabled: `True`). {{(pid=72494) check_auth_methods_against_rules /opt/stack/keystone/keystone/auth/core.py:476}}
Mar 17 19:01:52 jammy-provider-cloud-0000008124 devstack@keystone.service[72494]: DEBUG keystone.common.fernet_utils [None req-43eafe89-046e-4d9c-9bf6-81a23a4aa09f None None] Loaded 2 Fernet keys from /etc/keystone/fernet-keys/, but `[fernet_tokens] max_active_keys = 3`; perhaps there have not been enough key rotations to reach `max_active_keys` yet? {{(pid=72494) load_keys /opt/stack/keystone/keystone/common/fernet_utils.py:297}}
Mar 17 19:01:52 jammy-provider-cloud-0000008124 devstack@keystone.service[72495]: DEBUG keystone.server.flask.request_processing.req_logging [None req-bfbec542-eb6c-4225-a9c3-1489c36691be None None] REQUEST_METHOD: `GET` {{(pid=72495) log_request_info /opt/stack/keystone/keystone/server/flask/request_processing/req_logging.py:26}}
Mar 17 19:01:52 jammy-provider-cloud-0000008124 devstack@keystone.service[72495]: DEBUG keystone.server.flask.request_processing.req_logging [None req-bfbec542-eb6c-4225-a9c3-1489c36691be None None] SCRIPT_NAME: `/identity` {{(pid=72495) log_request_info /opt/stack/keystone/keystone/server/flask/request_processing/req_logging.py:27}}
Mar 17 19:01:52 jammy-provider-cloud-0000008124 devstack@keystone.service[72495]: DEBUG keystone.server.flask.request_processing.req_logging [None req-bfbec542-eb6c-4225-a9c3-1489c36691be None None] PATH_INFO: `/` {{(pid=72495) log_request_info /opt/stack/keystone/keystone/server/flask/request_processing/req_logging.py:28}}
Mar 17 19:01:52 jammy-provider-cloud-0000008124 devstack@keystone.service[72495]: [pid: 72495|app: 0|req: 13/25] 10.201.5.87 () {54 vars in 919 bytes} [Mon Mar 17 19:01:52 2025] GET /identity => generated 270 bytes in 1 msecs (HTTP/1.1 300) 6 headers in 234 bytes (1 switches on core 0)
Mar 17 19:01:52 jammy-provider-cloud-0000008124 devstack@keystone.service[72495]: DEBUG keystone.server.flask.request_processing.req_logging [None req-add434b0-dbfa-48f9-840c-e191b2efac0d None None] REQUEST_METHOD: `POST` {{(pid=72495) log_request_info /opt/stack/keystone/keystone/server/flask/request_processing/req_logging.py:26}}
Mar 17 19:01:52 jammy-provider-cloud-0000008124 devstack@keystone.service[72495]: DEBUG keystone.server.flask.request_processing.req_logging [None req-add434b0-dbfa-48f9-840c-e191b2efac0d None None] SCRIPT_NAME: `/identity` {{(pid=72495) log_request_info /opt/stack/keystone/keystone/server/flask/request_processing/req_logging.py:27}}
Mar 17 19:01:52 jammy-provider-cloud-0000008124 devstack@keystone.service[72495]: DEBUG keystone.server.flask.request_processing.req_logging [None req-add434b0-dbfa-48f9-840c-e191b2efac0d None None] PATH_INFO: `/v3/auth/tokens` {{(pid=72495) log_request_info /opt/stack/keystone/keystone/server/flask/request_processing/req_logging.py:28}}
Mar 17 19:01:52 jammy-provider-cloud-0000008124 devstack@keystone.service[72495]: WARNING keystone.common.password_hashing [None req-add434b0-dbfa-48f9-840c-e191b2efac0d None None] Truncating password to algorithm specific maximum length 72 characters.
Mar 17 19:01:52 jammy-provider-cloud-0000008124 devstack@keystone.service[72494]: [pid: 72494|app: 0|req: 13/26] 10.201.5.87 () {58 vars in 1016 bytes} [Mon Mar 17 19:01:52 2025] POST /identity/v3/auth/tokens => generated 862 bytes in 66 msecs (HTTP/1.1 201) 6 headers in 363 bytes (1 switches on core 0)
Mar 17 19:01:52 jammy-provider-cloud-0000008124 devstack@keystone.service[72495]: DEBUG keystone.auth.core [None req-add434b0-dbfa-48f9-840c-e191b2efac0d None None] MFA Rules not processed for user `10f707b71fda4dcd9b383087dca94fdc`. Rule list: `[]` (Enabled: `True`). {{(pid=72495) check_auth_methods_against_rules /opt/stack/keystone/keystone/auth/core.py:476}}
Mar 17 19:01:52 jammy-provider-cloud-0000008124 devstack@keystone.service[72495]: DEBUG keystone.common.fernet_utils [None req-add434b0-dbfa-48f9-840c-e191b2efac0d None None] Loaded 2 Fernet keys from /etc/keystone/fernet-keys/, but `[fernet_tokens] max_active_keys = 3`; perhaps there have not been enough key rotations to reach `max_active_keys` yet? {{(pid=72495) load_keys /opt/stack/keystone/keystone/common/fernet_utils.py:297}}
Mar 17 19:01:52 jammy-provider-cloud-0000008124 devstack@keystone.service[72495]: [pid: 72495|app: 0|req: 14/27] 10.201.5.87 () {58 vars in 1016 bytes} [Mon Mar 17 19:01:52 2025] POST /identity/v3/auth/tokens => generated 862 bytes in 58 msecs (HTTP/1.1 201) 6 headers in 363 bytes (1 switches on core 0)
Mar 17 19:01:52 jammy-provider-cloud-0000008124 devstack@keystone.service[72494]: DEBUG keystone.server.flask.request_processing.middleware.auth_context [None req-43eafe89-046e-4d9c-9bf6-81a23a4aa09f None None] Authenticating user token {{(pid=72494) process_request /opt/stack/data/venv/lib/python3.10/site-packages/keystonemiddleware/auth_token/__init__.py:406}}
Mar 17 19:01:52 jammy-provider-cloud-0000008124 devstack@keystone.service[72495]: DEBUG keystone.server.flask.request_processing.req_logging [None req-8f1602dc-f8b6-4bb5-9b88-b2e77a905df4 None None] REQUEST_METHOD: `GET` {{(pid=72495) log_request_info /opt/stack/keystone/keystone/server/flask/request_processing/req_logging.py:26}}
Mar 17 19:01:52 jammy-provider-cloud-0000008124 devstack@keystone.service[72495]: DEBUG keystone.server.flask.request_processing.req_logging [None req-8f1602dc-f8b6-4bb5-9b88-b2e77a905df4 None None] SCRIPT_NAME: `/identity` {{(pid=72495) log_request_info /opt/stack/keystone/keystone/server/flask/request_processing/req_logging.py:27}}
Mar 17 19:01:52 jammy-provider-cloud-0000008124 devstack@keystone.service[72495]: DEBUG keystone.server.flask.request_processing.req_logging [None req-8f1602dc-f8b6-4bb5-9b88-b2e77a905df4 None None] PATH_INFO: `/` {{(pid=72495) log_request_info /opt/stack/keystone/keystone/server/flask/request_processing/req_logging.py:28}}
Mar 17 19:01:52 jammy-provider-cloud-0000008124 devstack@keystone.service[72495]: [pid: 72495|app: 0|req: 15/28] 10.201.5.87 () {54 vars in 919 bytes} [Mon Mar 17 19:01:52 2025] GET /identity => generated 270 bytes in 2 msecs (HTTP/1.1 300) 6 headers in 234 bytes (1 switches on core 0)
Mar 17 19:01:52 jammy-provider-cloud-0000008124 devstack@keystone.service[72495]: DEBUG keystone.server.flask.request_processing.req_logging [None req-677a691e-8085-4ccb-8a0d-3119ab45471d None None] REQUEST_METHOD: `POST` {{(pid=72495) log_request_info /opt/stack/keystone/keystone/server/flask/request_processing/req_logging.py:26}}
Mar 17 19:01:52 jammy-provider-cloud-0000008124 devstack@keystone.service[72495]: DEBUG keystone.server.flask.request_processing.req_logging [None req-677a691e-8085-4ccb-8a0d-3119ab45471d None None] SCRIPT_NAME: `/identity` {{(pid=72495) log_request_info /opt/stack/keystone/keystone/server/flask/request_processing/req_logging.py:27}}
Mar 17 19:01:52 jammy-provider-cloud-0000008124 devstack@keystone.service[72495]: DEBUG keystone.server.flask.request_processing.req_logging [None req-677a691e-8085-4ccb-8a0d-3119ab45471d None None] PATH_INFO: `/v3/auth/tokens` {{(pid=72495) log_request_info /opt/stack/keystone/keystone/server/flask/request_processing/req_logging.py:28}}
Mar 17 19:01:52 jammy-provider-cloud-0000008124 devstack@keystone.service[72495]: WARNING keystone.common.password_hashing [None req-677a691e-8085-4ccb-8a0d-3119ab45471d None None] Truncating password to algorithm specific maximum length 72 characters.
Mar 17 19:01:52 jammy-provider-cloud-0000008124 devstack@keystone.service[72495]: DEBUG keystone.auth.core [None req-677a691e-8085-4ccb-8a0d-3119ab45471d None None] MFA Rules not processed for user `10f707b71fda4dcd9b383087dca94fdc`. Rule list: `[]` (Enabled: `True`). {{(pid=72495) check_auth_methods_against_rules /opt/stack/keystone/keystone/auth/core.py:476}}
Mar 17 19:01:52 jammy-provider-cloud-0000008124 devstack@keystone.service[72495]: DEBUG keystone.common.fernet_utils [None req-677a691e-8085-4ccb-8a0d-3119ab45471d None None] Loaded 2 Fernet keys from /etc/keystone/fernet-keys/, but `[fernet_tokens] max_active_keys = 3`; perhaps there have not been enough key rotations to reach `max_active_keys` yet? {{(pid=72495) load_keys /opt/stack/keystone/keystone/common/fernet_utils.py:297}}
Mar 17 19:01:52 jammy-provider-cloud-0000008124 devstack@keystone.service[72494]: DEBUG keystone.server.flask.request_processing.middleware.auth_context [None req-43eafe89-046e-4d9c-9bf6-81a23a4aa09f None None] Validating token access rules against request {{(pid=72494) validate_allowed_request /opt/stack/data/venv/lib/python3.10/site-packages/keystonemiddleware/auth_token/__init__.py:544}}
Mar 17 19:01:52 jammy-provider-cloud-0000008124 devstack@keystone.service[72494]: DEBUG keystone.server.flask.request_processing.middleware.auth_context [None req-6944eac0-5363-454e-ada3-5aa56657b724 None admin] RBAC: auth_context: {'token': <TokenModel (audit_id=_GhDpLpsRx6tUiRf533foA, audit_chain_id=['_GhDpLpsRx6tUiRf533foA']) at 0x7fb196288d00>, 'domain_id': None, 'trust_id': None, 'trustor_id': None, 'trustee_id': None, 'domain_name': None, 'group_ids': [], 'user_id': '10f707b71fda4dcd9b383087dca94fdc', 'user_domain_id': 'default', 'system_scope': 'all', 'project_id': None, 'project_domain_id': None, 'roles': ['admin', 'manager', 'member', 'reader'], 'is_admin_project': True, 'service_user_id': None, 'service_user_domain_id': None, 'service_project_id': None, 'service_project_domain_id': None, 'service_roles': []} {{(pid=72494) fill_context /opt/stack/keystone/keystone/server/flask/request_processing/middleware/auth_context.py:506}}
Mar 17 19:01:52 jammy-provider-cloud-0000008124 devstack@keystone.service[72494]: DEBUG keystone.server.flask.request_processing.req_logging [None req-6944eac0-5363-454e-ada3-5aa56657b724 None admin] REQUEST_METHOD: `GET` {{(pid=72494) log_request_info /opt/stack/keystone/keystone/server/flask/request_processing/req_logging.py:26}}
Mar 17 19:01:52 jammy-provider-cloud-0000008124 devstack@keystone.service[72494]: DEBUG keystone.server.flask.request_processing.req_logging [None req-6944eac0-5363-454e-ada3-5aa56657b724 None admin] SCRIPT_NAME: `/identity` {{(pid=72494) log_request_info /opt/stack/keystone/keystone/server/flask/request_processing/req_logging.py:27}}
Mar 17 19:01:52 jammy-provider-cloud-0000008124 devstack@keystone.service[72494]: DEBUG keystone.server.flask.request_processing.req_logging [None req-6944eac0-5363-454e-ada3-5aa56657b724 None admin] PATH_INFO: `/v3/roles/admin` {{(pid=72494) log_request_info /opt/stack/keystone/keystone/server/flask/request_processing/req_logging.py:28}}
Mar 17 19:01:52 jammy-provider-cloud-0000008124 devstack@keystone.service[72494]: DEBUG keystone.common.rbac_enforcer.enforcer [None req-6944eac0-5363-454e-ada3-5aa56657b724 None admin] Extracting inferred target data resulted in "NOT FOUND (404)". {{(pid=72494) enforce_call /opt/stack/keystone/keystone/common/rbac_enforcer/enforcer.py:445}}
Mar 17 19:01:52 jammy-provider-cloud-0000008124 devstack@keystone.service[72494]: DEBUG keystone.server.flask.application [None req-6944eac0-5363-454e-ada3-5aa56657b724 None admin] Could not find role: admin. {{(pid=72494) _handle_keystone_exception /opt/stack/keystone/keystone/server/flask/application.py:152}}
Mar 17 19:01:52 jammy-provider-cloud-0000008124 devstack@keystone.service[72494]: [pid: 72494|app: 0|req: 14/29] 10.201.5.87 () {56 vars in 1132 bytes} [Mon Mar 17 19:01:52 2025] GET /identity/v3/roles/admin => generated 83 bytes in 85 msecs (HTTP/1.1 404) 5 headers in 183 bytes (1 switches on core 0)
Mar 17 19:01:52 jammy-provider-cloud-0000008124 devstack@keystone.service[72494]: DEBUG keystone.server.flask.request_processing.middleware.auth_context [None req-6944eac0-5363-454e-ada3-5aa56657b724 None admin] Authenticating user token {{(pid=72494) process_request /opt/stack/data/venv/lib/python3.10/site-packages/keystonemiddleware/auth_token/__init__.py:406}}
Mar 17 19:01:52 jammy-provider-cloud-0000008124 devstack@keystone.service[72495]: [pid: 72495|app: 0|req: 16/30] 10.201.5.87 () {58 vars in 1016 bytes} [Mon Mar 17 19:01:52 2025] POST /identity/v3/auth/tokens => generated 862 bytes in 69 msecs (HTTP/1.1 201) 6 headers in 363 bytes (1 switches on core 0)
Mar 17 19:01:52 jammy-provider-cloud-0000008124 devstack@keystone.service[72495]: DEBUG keystone.server.flask.request_processing.middleware.auth_context [None req-677a691e-8085-4ccb-8a0d-3119ab45471d None None] Authenticating user token {{(pid=72495) process_request /opt/stack/data/venv/lib/python3.10/site-packages/keystonemiddleware/auth_token/__init__.py:406}}
Mar 17 19:01:52 jammy-provider-cloud-0000008124 devstack@keystone.service[72495]: DEBUG keystone.server.flask.request_processing.middleware.auth_context [None req-677a691e-8085-4ccb-8a0d-3119ab45471d None None] Validating token access rules against request {{(pid=72495) validate_allowed_request /opt/stack/data/venv/lib/python3.10/site-packages/keystonemiddleware/auth_token/__init__.py:544}}
Mar 17 19:01:52 jammy-provider-cloud-0000008124 devstack@keystone.service[72494]: DEBUG keystone.server.flask.request_processing.middleware.auth_context [None req-6944eac0-5363-454e-ada3-5aa56657b724 None admin] Validating token access rules against request {{(pid=72494) validate_allowed_request /opt/stack/data/venv/lib/python3.10/site-packages/keystonemiddleware/auth_token/__init__.py:544}}
Mar 17 19:01:52 jammy-provider-cloud-0000008124 devstack@keystone.service[72495]: DEBUG keystone.server.flask.request_processing.middleware.auth_context [None req-e18f7b24-2b6e-4c09-a91e-011a523e2c37 None admin] RBAC: auth_context: {'token': <TokenModel (audit_id=_GhDpLpsRx6tUiRf533foA, audit_chain_id=['_GhDpLpsRx6tUiRf533foA']) at 0x7fb196644e20>, 'domain_id': None, 'trust_id': None, 'trustor_id': None, 'trustee_id': None, 'domain_name': None, 'group_ids': [], 'user_id': '10f707b71fda4dcd9b383087dca94fdc', 'user_domain_id': 'default', 'system_scope': 'all', 'project_id': None, 'project_domain_id': None, 'roles': ['admin', 'manager', 'member', 'reader'], 'is_admin_project': True, 'service_user_id': None, 'service_user_domain_id': None, 'service_project_id': None, 'service_project_domain_id': None, 'service_roles': []} {{(pid=72495) fill_context /opt/stack/keystone/keystone/server/flask/request_processing/middleware/auth_context.py:506}}
Mar 17 19:01:52 jammy-provider-cloud-0000008124 devstack@keystone.service[72495]: DEBUG keystone.server.flask.request_processing.req_logging [None req-e18f7b24-2b6e-4c09-a91e-011a523e2c37 None admin] REQUEST_METHOD: `GET` {{(pid=72495) log_request_info /opt/stack/keystone/keystone/server/flask/request_processing/req_logging.py:26}}
Mar 17 19:01:52 jammy-provider-cloud-0000008124 devstack@keystone.service[72495]: DEBUG keystone.server.flask.request_processing.req_logging [None req-e18f7b24-2b6e-4c09-a91e-011a523e2c37 None admin] SCRIPT_NAME: `/identity` {{(pid=72495) log_request_info /opt/stack/keystone/keystone/server/flask/request_processing/req_logging.py:27}}
Mar 17 19:01:52 jammy-provider-cloud-0000008124 devstack@keystone.service[72495]: DEBUG keystone.server.flask.request_processing.req_logging [None req-e18f7b24-2b6e-4c09-a91e-011a523e2c37 None admin] PATH_INFO: `/v3/roles` {{(pid=72495) log_request_info /opt/stack/keystone/keystone/server/flask/request_processing/req_logging.py:28}}
Mar 17 19:01:52 jammy-provider-cloud-0000008124 devstack@keystone.service[72495]: DEBUG keystone.common.rbac_enforcer.enforcer [None req-e18f7b24-2b6e-4c09-a91e-011a523e2c37 None admin] RBAC: Adding query filter params (name=admin) {{(pid=72495) _extract_filter_values /opt/stack/keystone/keystone/common/rbac_enforcer/enforcer.py:176}}
Mar 17 19:01:52 jammy-provider-cloud-0000008124 devstack@keystone.service[72495]: DEBUG keystone.common.rbac_enforcer.enforcer [None req-e18f7b24-2b6e-4c09-a91e-011a523e2c37 None admin] RBAC: Authorizing `identity:list_roles()` {{(pid=72495) enforce_call /opt/stack/keystone/keystone/common/rbac_enforcer/enforcer.py:495}}
Mar 17 19:01:52 jammy-provider-cloud-0000008124 devstack@keystone.service[72495]: DEBUG keystone.common.rbac_enforcer.enforcer [None req-e18f7b24-2b6e-4c09-a91e-011a523e2c37 None admin] RBAC: Authorization granted {{(pid=72495) enforce_call /opt/stack/keystone/keystone/common/rbac_enforcer/enforcer.py:506}}
Mar 17 19:01:52 jammy-provider-cloud-0000008124 devstack@keystone.service[72494]: DEBUG keystone.server.flask.request_processing.middleware.auth_context [None req-85a5c2e0-5c0d-4da1-b053-8e4a14512fc5 None admin] RBAC: auth_context: {'token': <TokenModel (audit_id=1ndXDEGfQbW0FLONUn-Jmw, audit_chain_id=['1ndXDEGfQbW0FLONUn-Jmw']) at 0x7fb197381690>, 'domain_id': None, 'trust_id': None, 'trustor_id': None, 'trustee_id': None, 'domain_name': None, 'group_ids': [], 'user_id': '10f707b71fda4dcd9b383087dca94fdc', 'user_domain_id': 'default', 'system_scope': 'all', 'project_id': None, 'project_domain_id': None, 'roles': ['admin', 'manager', 'member', 'reader'], 'is_admin_project': True, 'service_user_id': None, 'service_user_domain_id': None, 'service_project_id': None, 'service_project_domain_id': None, 'service_roles': []} {{(pid=72494) fill_context /opt/stack/keystone/keystone/server/flask/request_processing/middleware/auth_context.py:506}}
