Apr 08 17:17:36 ubuntu devstack@keystone.service[67745]: DEBUG keystone.server.flask.request_processing.req_logging [None req-da191384-25c1-4a75-9e8f-e42e32118552 None admin] REQUEST_METHOD: `GET` {{(pid=67745) log_request_info /opt/stack/keystone/keystone/server/flask/request_processing/req_logging.py:26}}
Apr 08 17:17:36 ubuntu devstack@keystone.service[67745]: DEBUG keystone.server.flask.request_processing.req_logging [None req-da191384-25c1-4a75-9e8f-e42e32118552 None admin] SCRIPT_NAME: `/identity` {{(pid=67745) log_request_info /opt/stack/keystone/keystone/server/flask/request_processing/req_logging.py:27}}
Apr 08 17:17:36 ubuntu devstack@keystone.service[67745]: DEBUG keystone.server.flask.request_processing.req_logging [None req-da191384-25c1-4a75-9e8f-e42e32118552 None admin] PATH_INFO: `/v3/domains` {{(pid=67745) log_request_info /opt/stack/keystone/keystone/server/flask/request_processing/req_logging.py:28}}
Apr 08 17:17:36 ubuntu devstack@keystone.service[67745]: DEBUG keystone.common.rbac_enforcer.enforcer [None req-da191384-25c1-4a75-9e8f-e42e32118552 None admin] RBAC: Adding query filter params (name=Default) {{(pid=67745) _extract_filter_values /opt/stack/keystone/keystone/common/rbac_enforcer/enforcer.py:176}}
Apr 08 17:17:36 ubuntu devstack@keystone.service[67745]: DEBUG keystone.common.rbac_enforcer.enforcer [None req-da191384-25c1-4a75-9e8f-e42e32118552 None admin] RBAC: Authorizing `identity:list_domains()` {{(pid=67745) enforce_call /opt/stack/keystone/keystone/common/rbac_enforcer/enforcer.py:494}}
Apr 08 17:17:36 ubuntu devstack@keystone.service[67745]: DEBUG keystone.common.rbac_enforcer.enforcer [None req-da191384-25c1-4a75-9e8f-e42e32118552 None admin] RBAC: Authorization granted {{(pid=67745) enforce_call /opt/stack/keystone/keystone/common/rbac_enforcer/enforcer.py:505}}
Apr 08 17:17:36 ubuntu devstack@keystone.service[67746]: DEBUG keystone.server.flask.request_processing.middleware.auth_context [None req-9dde71fa-78f9-49e7-b5db-ff69a6d00218 None admin] Validating token access rules against request {{(pid=67746) validate_allowed_request /opt/stack/data/venv/lib/python3.12/site-packages/keystonemiddleware/auth_token/__init__.py:545}}
Apr 08 17:17:36 ubuntu devstack@keystone.service[67745]: [pid: 67745|app: 0|req: 11/21] 10.120.125.143 () {58 vars in 1190 bytes} [Wed Apr  8 17:17:36 2026] GET /identity/v3/domains?name=Default => generated 310 bytes in 87 msecs (HTTP/1.1 200) 5 headers in 177 bytes (1 switches on core 0)
Apr 08 17:17:36 ubuntu devstack@keystone.service[67746]: DEBUG keystone.server.flask.request_processing.middleware.auth_context [None req-d5e875a9-0fef-439a-a8f6-46d7322e1287 None admin] RBAC: auth_context: {'token': <TokenModel (audit_id=V4yrutuaQ5ay-i60pC9nrw, audit_chain_id=['V4yrutuaQ5ay-i60pC9nrw']) at 0x7b6e1535b560>, 'domain_id': None, 'trust_id': None, 'trustor_id': None, 'trustee_id': None, 'domain_name': None, 'group_ids': [], 'user_id': 'd60bcdc596594b38b51429e0e5e5ab8d', 'user_domain_id': 'default', 'system_scope': 'all', 'project_id': None, 'project_domain_id': None, 'roles': ['admin', 'manager', 'member', 'reader'], 'is_admin_project': True, 'service_user_id': None, 'service_user_domain_id': None, 'service_project_id': None, 'service_project_domain_id': None, 'service_roles': []} {{(pid=67746) fill_context /opt/stack/keystone/keystone/server/flask/request_processing/middleware/auth_context.py:509}}
Apr 08 17:17:36 ubuntu devstack@keystone.service[67746]: DEBUG keystone.server.flask.request_processing.req_logging [None req-d5e875a9-0fef-439a-a8f6-46d7322e1287 None admin] REQUEST_METHOD: `PUT` {{(pid=67746) log_request_info /opt/stack/keystone/keystone/server/flask/request_processing/req_logging.py:26}}
Apr 08 17:17:36 ubuntu devstack@keystone.service[67746]: DEBUG keystone.server.flask.request_processing.req_logging [None req-d5e875a9-0fef-439a-a8f6-46d7322e1287 None admin] SCRIPT_NAME: `/identity` {{(pid=67746) log_request_info /opt/stack/keystone/keystone/server/flask/request_processing/req_logging.py:27}}
Apr 08 17:17:36 ubuntu devstack@keystone.service[67746]: DEBUG keystone.server.flask.request_processing.req_logging [None req-d5e875a9-0fef-439a-a8f6-46d7322e1287 None admin] PATH_INFO: `/v3/domains/default/users/d60bcdc596594b38b51429e0e5e5ab8d/roles/07eb1877881b43ecb1f88f55318e529b` {{(pid=67746) log_request_info /opt/stack/keystone/keystone/server/flask/request_processing/req_logging.py:28}}
Apr 08 17:17:36 ubuntu devstack@keystone.service[67746]: DEBUG keystone.common.rbac_enforcer.enforcer [None req-d5e875a9-0fef-439a-a8f6-46d7322e1287 None admin] RBAC: Authorizing `identity:create_grant(domain_id=default, user_id=d60bcdc596594b38b51429e0e5e5ab8d, role_id=07eb1877881b43ecb1f88f55318e529b)` {{(pid=67746) enforce_call /opt/stack/keystone/keystone/common/rbac_enforcer/enforcer.py:494}}
Apr 08 17:17:36 ubuntu devstack@keystone.service[67746]: DEBUG keystone.common.rbac_enforcer.enforcer [None req-d5e875a9-0fef-439a-a8f6-46d7322e1287 None admin] RBAC: Authorization granted {{(pid=67746) enforce_call /opt/stack/keystone/keystone/common/rbac_enforcer/enforcer.py:505}}
Apr 08 17:17:36 ubuntu devstack@keystone.service[67746]: [pid: 67746|app: 0|req: 11/22] 10.120.125.143 () {60 vars in 1429 bytes} [Wed Apr  8 17:17:36 2026] PUT /identity/v3/domains/default/users/d60bcdc596594b38b51429e0e5e5ab8d/roles/07eb1877881b43ecb1f88f55318e529b => generated 0 bytes in 138 msecs (HTTP/1.1 204) 3 headers in 132 bytes (0 switches on core 0)
Apr 08 17:17:38 ubuntu devstack@keystone.service[67745]: DEBUG keystone.server.flask.request_processing.req_logging [None req-790770c4-eb9f-4ac4-b48f-1893fc360065 None None] REQUEST_METHOD: `GET` {{(pid=67745) log_request_info /opt/stack/keystone/keystone/server/flask/request_processing/req_logging.py:26}}
Apr 08 17:17:38 ubuntu devstack@keystone.service[67745]: DEBUG keystone.server.flask.request_processing.req_logging [None req-790770c4-eb9f-4ac4-b48f-1893fc360065 None None] SCRIPT_NAME: `/identity` {{(pid=67745) log_request_info /opt/stack/keystone/keystone/server/flask/request_processing/req_logging.py:27}}
Apr 08 17:17:38 ubuntu devstack@keystone.service[67745]: DEBUG keystone.server.flask.request_processing.req_logging [None req-790770c4-eb9f-4ac4-b48f-1893fc360065 None None] PATH_INFO: `/` {{(pid=67745) log_request_info /opt/stack/keystone/keystone/server/flask/request_processing/req_logging.py:28}}
Apr 08 17:17:38 ubuntu devstack@keystone.service[67745]: [pid: 67745|app: 0|req: 12/23] 10.120.125.143 () {56 vars in 951 bytes} [Wed Apr  8 17:17:38 2026] GET /identity => generated 271 bytes in 1 msecs (HTTP/1.1 300) 6 headers in 235 bytes (1 switches on core 0)
Apr 08 17:17:38 ubuntu devstack@keystone.service[67746]: DEBUG keystone.server.flask.request_processing.req_logging [None req-aec2541f-d8ad-4bb5-9925-268fa067e25f None None] REQUEST_METHOD: `POST` {{(pid=67746) log_request_info /opt/stack/keystone/keystone/server/flask/request_processing/req_logging.py:26}}
Apr 08 17:17:38 ubuntu devstack@keystone.service[67746]: DEBUG keystone.server.flask.request_processing.req_logging [None req-aec2541f-d8ad-4bb5-9925-268fa067e25f None None] SCRIPT_NAME: `/identity` {{(pid=67746) log_request_info /opt/stack/keystone/keystone/server/flask/request_processing/req_logging.py:27}}
Apr 08 17:17:38 ubuntu devstack@keystone.service[67746]: DEBUG keystone.server.flask.request_processing.req_logging [None req-aec2541f-d8ad-4bb5-9925-268fa067e25f None None] PATH_INFO: `/v3/auth/tokens` {{(pid=67746) log_request_info /opt/stack/keystone/keystone/server/flask/request_processing/req_logging.py:28}}
Apr 08 17:17:38 ubuntu devstack@keystone.service[67746]: WARNING keystone.common.password_hashing [None req-aec2541f-d8ad-4bb5-9925-268fa067e25f None None] Truncating password to algorithm specific maximum length 72 characters.
Apr 08 17:17:38 ubuntu devstack@keystone.service[67746]: DEBUG keystone.auth.core [None req-aec2541f-d8ad-4bb5-9925-268fa067e25f None None] MFA Rules not processed for user `d60bcdc596594b38b51429e0e5e5ab8d`. Rule list: `[]` (Enabled: `True`). {{(pid=67746) check_auth_methods_against_rules /opt/stack/keystone/keystone/auth/core.py:476}}
Apr 08 17:17:38 ubuntu devstack@keystone.service[67746]: DEBUG keystone.common.fernet_utils [None req-aec2541f-d8ad-4bb5-9925-268fa067e25f None None] Loaded 2 Fernet keys from /etc/keystone/fernet-keys/, but `[fernet_tokens] max_active_keys = 3`; perhaps there have not been enough key rotations to reach `max_active_keys` yet? {{(pid=67746) load_keys /opt/stack/keystone/keystone/common/fernet_utils.py:297}}
Apr 08 17:17:38 ubuntu devstack@keystone.service[67746]: [pid: 67746|app: 0|req: 12/24] 10.120.125.143 () {60 vars in 1048 bytes} [Wed Apr  8 17:17:38 2026] POST /identity/v3/auth/tokens => generated 863 bytes in 62 msecs (HTTP/1.1 201) 6 headers in 363 bytes (1 switches on core 0)
Apr 08 17:17:39 ubuntu devstack@keystone.service[67745]: DEBUG keystone.server.flask.request_processing.req_logging [None req-d54eeed4-9f73-47e9-8c22-b1eabe6b6d15 None None] REQUEST_METHOD: `GET` {{(pid=67745) log_request_info /opt/stack/keystone/keystone/server/flask/request_processing/req_logging.py:26}}
Apr 08 17:17:39 ubuntu devstack@keystone.service[67745]: DEBUG keystone.server.flask.request_processing.req_logging [None req-d54eeed4-9f73-47e9-8c22-b1eabe6b6d15 None None] SCRIPT_NAME: `/identity` {{(pid=67745) log_request_info /opt/stack/keystone/keystone/server/flask/request_processing/req_logging.py:27}}
Apr 08 17:17:39 ubuntu devstack@keystone.service[67745]: DEBUG keystone.server.flask.request_processing.req_logging [None req-d54eeed4-9f73-47e9-8c22-b1eabe6b6d15 None None] PATH_INFO: `/` {{(pid=67745) log_request_info /opt/stack/keystone/keystone/server/flask/request_processing/req_logging.py:28}}
Apr 08 17:17:39 ubuntu devstack@keystone.service[67745]: [pid: 67745|app: 0|req: 13/25] 10.120.125.143 () {56 vars in 951 bytes} [Wed Apr  8 17:17:39 2026] GET /identity => generated 271 bytes in 1 msecs (HTTP/1.1 300) 6 headers in 235 bytes (1 switches on core 0)
Apr 08 17:17:39 ubuntu devstack@keystone.service[67746]: DEBUG keystone.server.flask.request_processing.req_logging [None req-fa32b1fc-cc3e-4c06-a93a-5cc4daaa5803 None None] REQUEST_METHOD: `POST` {{(pid=67746) log_request_info /opt/stack/keystone/keystone/server/flask/request_processing/req_logging.py:26}}
Apr 08 17:17:39 ubuntu devstack@keystone.service[67746]: DEBUG keystone.server.flask.request_processing.req_logging [None req-fa32b1fc-cc3e-4c06-a93a-5cc4daaa5803 None None] SCRIPT_NAME: `/identity` {{(pid=67746) log_request_info /opt/stack/keystone/keystone/server/flask/request_processing/req_logging.py:27}}
Apr 08 17:17:39 ubuntu devstack@keystone.service[67746]: DEBUG keystone.server.flask.request_processing.req_logging [None req-fa32b1fc-cc3e-4c06-a93a-5cc4daaa5803 None None] PATH_INFO: `/v3/auth/tokens` {{(pid=67746) log_request_info /opt/stack/keystone/keystone/server/flask/request_processing/req_logging.py:28}}
Apr 08 17:17:39 ubuntu devstack@keystone.service[67746]: WARNING keystone.common.password_hashing [None req-fa32b1fc-cc3e-4c06-a93a-5cc4daaa5803 None None] Truncating password to algorithm specific maximum length 72 characters.
Apr 08 17:17:39 ubuntu devstack@keystone.service[67746]: DEBUG keystone.auth.core [None req-fa32b1fc-cc3e-4c06-a93a-5cc4daaa5803 None None] MFA Rules not processed for user `d60bcdc596594b38b51429e0e5e5ab8d`. Rule list: `[]` (Enabled: `True`). {{(pid=67746) check_auth_methods_against_rules /opt/stack/keystone/keystone/auth/core.py:476}}
Apr 08 17:17:39 ubuntu devstack@keystone.service[67746]: DEBUG keystone.common.fernet_utils [None req-fa32b1fc-cc3e-4c06-a93a-5cc4daaa5803 None None] Loaded 2 Fernet keys from /etc/keystone/fernet-keys/, but `[fernet_tokens] max_active_keys = 3`; perhaps there have not been enough key rotations to reach `max_active_keys` yet? {{(pid=67746) load_keys /opt/stack/keystone/keystone/common/fernet_utils.py:297}}
Apr 08 17:17:39 ubuntu devstack@keystone.service[67745]: DEBUG keystone.server.flask.request_processing.req_logging [None req-c5be49ba-7ce5-4c4a-9b71-ca229f273a9e None None] REQUEST_METHOD: `GET` {{(pid=67745) log_request_info /opt/stack/keystone/keystone/server/flask/request_processing/req_logging.py:26}}
Apr 08 17:17:39 ubuntu devstack@keystone.service[67745]: DEBUG keystone.server.flask.request_processing.req_logging [None req-c5be49ba-7ce5-4c4a-9b71-ca229f273a9e None None] SCRIPT_NAME: `/identity` {{(pid=67745) log_request_info /opt/stack/keystone/keystone/server/flask/request_processing/req_logging.py:27}}
Apr 08 17:17:39 ubuntu devstack@keystone.service[67745]: DEBUG keystone.server.flask.request_processing.req_logging [None req-c5be49ba-7ce5-4c4a-9b71-ca229f273a9e None None] PATH_INFO: `/` {{(pid=67745) log_request_info /opt/stack/keystone/keystone/server/flask/request_processing/req_logging.py:28}}
Apr 08 17:17:39 ubuntu devstack@keystone.service[67745]: [pid: 67745|app: 0|req: 14/26] 10.120.125.143 () {56 vars in 951 bytes} [Wed Apr  8 17:17:39 2026] GET /identity => generated 271 bytes in 1 msecs (HTTP/1.1 300) 6 headers in 235 bytes (1 switches on core 0)
Apr 08 17:17:39 ubuntu devstack@keystone.service[67745]: DEBUG keystone.server.flask.request_processing.req_logging [None req-8be738e5-6038-4ea6-a4e8-6f3c1d8ced18 None None] REQUEST_METHOD: `GET` {{(pid=67745) log_request_info /opt/stack/keystone/keystone/server/flask/request_processing/req_logging.py:26}}
Apr 08 17:17:39 ubuntu devstack@keystone.service[67745]: DEBUG keystone.server.flask.request_processing.req_logging [None req-8be738e5-6038-4ea6-a4e8-6f3c1d8ced18 None None] SCRIPT_NAME: `/identity` {{(pid=67745) log_request_info /opt/stack/keystone/keystone/server/flask/request_processing/req_logging.py:27}}
Apr 08 17:17:39 ubuntu devstack@keystone.service[67745]: DEBUG keystone.server.flask.request_processing.req_logging [None req-8be738e5-6038-4ea6-a4e8-6f3c1d8ced18 None None] PATH_INFO: `/` {{(pid=67745) log_request_info /opt/stack/keystone/keystone/server/flask/request_processing/req_logging.py:28}}
Apr 08 17:17:39 ubuntu devstack@keystone.service[67745]: [pid: 67745|app: 0|req: 15/27] 10.120.125.143 () {56 vars in 951 bytes} [Wed Apr  8 17:17:39 2026] GET /identity => generated 271 bytes in 1 msecs (HTTP/1.1 300) 6 headers in 235 bytes (2 switches on core 0)
Apr 08 17:17:39 ubuntu devstack@keystone.service[67746]: [pid: 67746|app: 0|req: 13/28] 10.120.125.143 () {60 vars in 1048 bytes} [Wed Apr  8 17:17:39 2026] POST /identity/v3/auth/tokens => generated 863 bytes in 58 msecs (HTTP/1.1 201) 6 headers in 363 bytes (2 switches on core 0)
Apr 08 17:17:39 ubuntu devstack@keystone.service[67745]: DEBUG keystone.server.flask.request_processing.middleware.auth_context [None req-8be738e5-6038-4ea6-a4e8-6f3c1d8ced18 None None] Authenticating user token {{(pid=67745) process_request /opt/stack/data/venv/lib/python3.12/site-packages/keystonemiddleware/auth_token/__init__.py:407}}
Apr 08 17:17:39 ubuntu devstack@keystone.service[67746]: DEBUG keystone.server.flask.request_processing.req_logging [None req-62e3d9e8-5619-4da5-b429-c85f979a86f2 None None] REQUEST_METHOD: `POST` {{(pid=67746) log_request_info /opt/stack/keystone/keystone/server/flask/request_processing/req_logging.py:26}}
Apr 08 17:17:39 ubuntu devstack@keystone.service[67746]: DEBUG keystone.server.flask.request_processing.req_logging [None req-62e3d9e8-5619-4da5-b429-c85f979a86f2 None None] SCRIPT_NAME: `/identity` {{(pid=67746) log_request_info /opt/stack/keystone/keystone/server/flask/request_processing/req_logging.py:27}}
Apr 08 17:17:39 ubuntu devstack@keystone.service[67746]: DEBUG keystone.server.flask.request_processing.req_logging [None req-62e3d9e8-5619-4da5-b429-c85f979a86f2 None None] PATH_INFO: `/v3/auth/tokens` {{(pid=67746) log_request_info /opt/stack/keystone/keystone/server/flask/request_processing/req_logging.py:28}}
Apr 08 17:17:39 ubuntu devstack@keystone.service[67746]: WARNING keystone.common.password_hashing [None req-62e3d9e8-5619-4da5-b429-c85f979a86f2 None None] Truncating password to algorithm specific maximum length 72 characters.
Apr 08 17:17:39 ubuntu devstack@keystone.service[67746]: DEBUG keystone.auth.core [None req-62e3d9e8-5619-4da5-b429-c85f979a86f2 None None] MFA Rules not processed for user `d60bcdc596594b38b51429e0e5e5ab8d`. Rule list: `[]` (Enabled: `True`). {{(pid=67746) check_auth_methods_against_rules /opt/stack/keystone/keystone/auth/core.py:476}}
Apr 08 17:17:39 ubuntu devstack@keystone.service[67746]: DEBUG keystone.common.fernet_utils [None req-62e3d9e8-5619-4da5-b429-c85f979a86f2 None None] Loaded 2 Fernet keys from /etc/keystone/fernet-keys/, but `[fernet_tokens] max_active_keys = 3`; perhaps there have not been enough key rotations to reach `max_active_keys` yet? {{(pid=67746) load_keys /opt/stack/keystone/keystone/common/fernet_utils.py:297}}
Apr 08 17:17:39 ubuntu devstack@keystone.service[67745]: DEBUG keystone.server.flask.request_processing.middleware.auth_context [None req-8be738e5-6038-4ea6-a4e8-6f3c1d8ced18 None None] Validating token access rules against request {{(pid=67745) validate_allowed_request /opt/stack/data/venv/lib/python3.12/site-packages/keystonemiddleware/auth_token/__init__.py:545}}
Apr 08 17:17:39 ubuntu devstack@keystone.service[67746]: [pid: 67746|app: 0|req: 14/29] 10.120.125.143 () {60 vars in 1048 bytes} [Wed Apr  8 17:17:39 2026] POST /identity/v3/auth/tokens => generated 863 bytes in 94 msecs (HTTP/1.1 201) 6 headers in 363 bytes (2 switches on core 0)
Apr 08 17:17:39 ubuntu devstack@keystone.service[67746]: DEBUG keystone.server.flask.request_processing.req_logging [None req-0f8165d2-5cf5-42b2-ba53-1f47f5da7be4 None None] REQUEST_METHOD: `GET` {{(pid=67746) log_request_info /opt/stack/keystone/keystone/server/flask/request_processing/req_logging.py:26}}
Apr 08 17:17:39 ubuntu devstack@keystone.service[67746]: DEBUG keystone.server.flask.request_processing.req_logging [None req-0f8165d2-5cf5-42b2-ba53-1f47f5da7be4 None None] SCRIPT_NAME: `/identity` {{(pid=67746) log_request_info /opt/stack/keystone/keystone/server/flask/request_processing/req_logging.py:27}}
Apr 08 17:17:39 ubuntu devstack@keystone.service[67746]: DEBUG keystone.server.flask.request_processing.req_logging [None req-0f8165d2-5cf5-42b2-ba53-1f47f5da7be4 None None] PATH_INFO: `/` {{(pid=67746) log_request_info /opt/stack/keystone/keystone/server/flask/request_processing/req_logging.py:28}}
Apr 08 17:17:39 ubuntu devstack@keystone.service[67746]: [pid: 67746|app: 0|req: 15/30] 10.120.125.143 () {56 vars in 951 bytes} [Wed Apr  8 17:17:39 2026] GET /identity => generated 271 bytes in 3 msecs (HTTP/1.1 300) 6 headers in 235 bytes (1 switches on core 0)
Apr 08 17:17:39 ubuntu devstack@keystone.service[67746]: DEBUG keystone.server.flask.request_processing.req_logging [None req-4f0b5f8a-8efd-49ca-9f21-bd9e21b5a088 None None] REQUEST_METHOD: `POST` {{(pid=67746) log_request_info /opt/stack/keystone/keystone/server/flask/request_processing/req_logging.py:26}}
Apr 08 17:17:39 ubuntu devstack@keystone.service[67746]: DEBUG keystone.server.flask.request_processing.req_logging [None req-4f0b5f8a-8efd-49ca-9f21-bd9e21b5a088 None None] SCRIPT_NAME: `/identity` {{(pid=67746) log_request_info /opt/stack/keystone/keystone/server/flask/request_processing/req_logging.py:27}}
Apr 08 17:17:39 ubuntu devstack@keystone.service[67746]: DEBUG keystone.server.flask.request_processing.req_logging [None req-4f0b5f8a-8efd-49ca-9f21-bd9e21b5a088 None None] PATH_INFO: `/v3/auth/tokens` {{(pid=67746) log_request_info /opt/stack/keystone/keystone/server/flask/request_processing/req_logging.py:28}}
Apr 08 17:17:39 ubuntu devstack@keystone.service[67746]: WARNING keystone.common.password_hashing [None req-4f0b5f8a-8efd-49ca-9f21-bd9e21b5a088 None None] Truncating password to algorithm specific maximum length 72 characters.
Apr 08 17:17:39 ubuntu devstack@keystone.service[67745]: DEBUG keystone.server.flask.request_processing.middleware.auth_context [None req-5ec8b5a4-534b-4ba8-a07b-b2732d0b405c None admin] RBAC: auth_context: {'token': <TokenModel (audit_id=DSkOfB2OQAyTouWQmuA5gA, audit_chain_id=['DSkOfB2OQAyTouWQmuA5gA']) at 0x7b6e15103380>, 'domain_id': None, 'trust_id': None, 'trustor_id': None, 'trustee_id': None, 'domain_name': None, 'group_ids': [], 'user_id': 'd60bcdc596594b38b51429e0e5e5ab8d', 'user_domain_id': 'default', 'system_scope': 'all', 'project_id': None, 'project_domain_id': None, 'roles': ['admin', 'manager', 'member', 'reader'], 'is_admin_project': True, 'service_user_id': None, 'service_user_domain_id': None, 'service_project_id': None, 'service_project_domain_id': None, 'service_roles': []} {{(pid=67745) fill_context /opt/stack/keystone/keystone/server/flask/request_processing/middleware/auth_context.py:509}}
Apr 08 17:17:39 ubuntu devstack@keystone.service[67745]: DEBUG keystone.server.flask.request_processing.req_logging [None req-5ec8b5a4-534b-4ba8-a07b-b2732d0b405c None admin] REQUEST_METHOD: `GET` {{(pid=67745) log_request_info /opt/stack/keystone/keystone/server/flask/request_processing/req_logging.py:26}}
Apr 08 17:17:39 ubuntu devstack@keystone.service[67745]: DEBUG keystone.server.flask.request_processing.req_logging [None req-5ec8b5a4-534b-4ba8-a07b-b2732d0b405c None admin] SCRIPT_NAME: `/identity` {{(pid=67745) log_request_info /opt/stack/keystone/keystone/server/flask/request_processing/req_logging.py:27}}
Apr 08 17:17:39 ubuntu devstack@keystone.service[67745]: DEBUG keystone.server.flask.request_processing.req_logging [None req-5ec8b5a4-534b-4ba8-a07b-b2732d0b405c None admin] PATH_INFO: `/v3/domains/Default` {{(pid=67745) log_request_info /opt/stack/keystone/keystone/server/flask/request_processing/req_logging.py:28}}
Apr 08 17:17:39 ubuntu devstack@keystone.service[67746]: DEBUG keystone.auth.core [None req-4f0b5f8a-8efd-49ca-9f21-bd9e21b5a088 None None] MFA Rules not processed for user `d60bcdc596594b38b51429e0e5e5ab8d`. Rule list: `[]` (Enabled: `True`). {{(pid=67746) check_auth_methods_against_rules /opt/stack/keystone/keystone/auth/core.py:476}}
Apr 08 17:17:39 ubuntu devstack@keystone.service[67746]: DEBUG keystone.common.fernet_utils [None req-4f0b5f8a-8efd-49ca-9f21-bd9e21b5a088 None None] Loaded 2 Fernet keys from /etc/keystone/fernet-keys/, but `[fernet_tokens] max_active_keys = 3`; perhaps there have not been enough key rotations to reach `max_active_keys` yet? {{(pid=67746) load_keys /opt/stack/keystone/keystone/common/fernet_utils.py:297}}
Apr 08 17:17:39 ubuntu devstack@keystone.service[67745]: DEBUG keystone.common.rbac_enforcer.enforcer [None req-5ec8b5a4-534b-4ba8-a07b-b2732d0b405c None admin] RBAC: Authorizing `identity:get_domain(domain_id=Default)` {{(pid=67745) enforce_call /opt/stack/keystone/keystone/common/rbac_enforcer/enforcer.py:494}}
Apr 08 17:17:39 ubuntu devstack@keystone.service[67745]: DEBUG keystone.common.rbac_enforcer.enforcer [None req-5ec8b5a4-534b-4ba8-a07b-b2732d0b405c None admin] RBAC: Authorization granted {{(pid=67745) enforce_call /opt/stack/keystone/keystone/common/rbac_enforcer/enforcer.py:505}}
Apr 08 17:17:39 ubuntu devstack@keystone.service[67745]: DEBUG keystone.server.flask.application [None req-5ec8b5a4-534b-4ba8-a07b-b2732d0b405c None admin] Could not find domain: Default. {{(pid=67745) _handle_keystone_exception /opt/stack/keystone/keystone/server/flask/application.py:146}}
Apr 08 17:17:39 ubuntu devstack@keystone.service[67745]: [pid: 67745|app: 0|req: 16/31] 10.120.125.143 () {58 vars in 1176 bytes} [Wed Apr  8 17:17:39 2026] GET /identity/v3/domains/Default => generated 87 bytes in 163 msecs (HTTP/1.1 404) 5 headers in 183 bytes (1 switches on core 0)
Apr 08 17:17:39 ubuntu devstack@keystone.service[67746]: [pid: 67746|app: 0|req: 16/32] 10.120.125.143 () {60 vars in 1048 bytes} [Wed Apr  8 17:17:39 2026] POST /identity/v3/auth/tokens => generated 863 bytes in 90 msecs (HTTP/1.1 201) 6 headers in 363 bytes (1 switches on core 0)
Apr 08 17:17:39 ubuntu devstack@keystone.service[67745]: DEBUG keystone.server.flask.request_processing.middleware.auth_context [None req-5ec8b5a4-534b-4ba8-a07b-b2732d0b405c None admin] Authenticating user token {{(pid=67745) process_request /opt/stack/data/venv/lib/python3.12/site-packages/keystonemiddleware/auth_token/__init__.py:407}}
Apr 08 17:17:39 ubuntu devstack@keystone.service[67746]: DEBUG keystone.server.flask.request_processing.req_logging [None req-e8e70e23-fddc-4fb9-80f0-89a2e2db2d05 None None] REQUEST_METHOD: `GET` {{(pid=67746) log_request_info /opt/stack/keystone/keystone/server/flask/request_processing/req_logging.py:26}}
Apr 08 17:17:39 ubuntu devstack@keystone.service[67746]: DEBUG keystone.server.flask.request_processing.req_logging [None req-e8e70e23-fddc-4fb9-80f0-89a2e2db2d05 None None] SCRIPT_NAME: `/identity` {{(pid=67746) log_request_info /opt/stack/keystone/keystone/server/flask/request_processing/req_logging.py:27}}
Apr 08 17:17:39 ubuntu devstack@keystone.service[67746]: DEBUG keystone.server.flask.request_processing.req_logging [None req-e8e70e23-fddc-4fb9-80f0-89a2e2db2d05 None None] PATH_INFO: `/` {{(pid=67746) log_request_info /opt/stack/keystone/keystone/server/flask/request_processing/req_logging.py:28}}
Apr 08 17:17:39 ubuntu devstack@keystone.service[67746]: [pid: 67746|app: 0|req: 17/33] 10.120.125.143 () {56 vars in 951 bytes} [Wed Apr  8 17:17:39 2026] GET /identity => generated 271 bytes in 5 msecs (HTTP/1.1 300) 6 headers in 235 bytes (1 switches on core 0)
Apr 08 17:17:39 ubuntu devstack@keystone.service[67746]: DEBUG keystone.server.flask.request_processing.req_logging [None req-27467988-a0d5-48d2-a571-057db9482dc2 None None] REQUEST_METHOD: `POST` {{(pid=67746) log_request_info /opt/stack/keystone/keystone/server/flask/request_processing/req_logging.py:26}}
Apr 08 17:17:39 ubuntu devstack@keystone.service[67746]: DEBUG keystone.server.flask.request_processing.req_logging [None req-27467988-a0d5-48d2-a571-057db9482dc2 None None] SCRIPT_NAME: `/identity` {{(pid=67746) log_request_info /opt/stack/keystone/keystone/server/flask/request_processing/req_logging.py:27}}
Apr 08 17:17:39 ubuntu devstack@keystone.service[67746]: DEBUG keystone.server.flask.request_processing.req_logging [None req-27467988-a0d5-48d2-a571-057db9482dc2 None None] PATH_INFO: `/v3/auth/tokens` {{(pid=67746) log_request_info /opt/stack/keystone/keystone/server/flask/request_processing/req_logging.py:28}}
Apr 08 17:17:39 ubuntu devstack@keystone.service[67746]: WARNING keystone.common.password_hashing [None req-27467988-a0d5-48d2-a571-057db9482dc2 None None] Truncating password to algorithm specific maximum length 72 characters.
Apr 08 17:17:39 ubuntu devstack@keystone.service[67745]: DEBUG keystone.server.flask.request_processing.middleware.auth_context [None req-5ec8b5a4-534b-4ba8-a07b-b2732d0b405c None admin] Validating token access rules against request {{(pid=67745) validate_allowed_request /opt/stack/data/venv/lib/python3.12/site-packages/keystonemiddleware/auth_token/__init__.py:545}}
Apr 08 17:17:39 ubuntu devstack@keystone.service[67746]: DEBUG keystone.auth.core [None req-27467988-a0d5-48d2-a571-057db9482dc2 None None] MFA Rules not processed for user `d60bcdc596594b38b51429e0e5e5ab8d`. Rule list: `[]` (Enabled: `True`). {{(pid=67746) check_auth_methods_against_rules /opt/stack/keystone/keystone/auth/core.py:476}}
Apr 08 17:17:39 ubuntu devstack@keystone.service[67746]: DEBUG keystone.common.fernet_utils [None req-27467988-a0d5-48d2-a571-057db9482dc2 None None] Loaded 2 Fernet keys from /etc/keystone/fernet-keys/, but `[fernet_tokens] max_active_keys = 3`; perhaps there have not been enough key rotations to reach `max_active_keys` yet? {{(pid=67746) load_keys /opt/stack/keystone/keystone/common/fernet_utils.py:297}}
Apr 08 17:17:39 ubuntu devstack@keystone.service[67745]: DEBUG keystone.server.flask.request_processing.middleware.auth_context [None req-0be20434-f02e-43f7-a3a8-6b3c5d1cc2e6 None admin] RBAC: auth_context: {'token': <TokenModel (audit_id=DSkOfB2OQAyTouWQmuA5gA, audit_chain_id=['DSkOfB2OQAyTouWQmuA5gA']) at 0x7b6e15277140>, 'domain_id': None, 'trust_id': None, 'trustor_id': None, 'trustee_id': None, 'domain_name': None, 'group_ids': [], 'user_id': 'd60bcdc596594b38b51429e0e5e5ab8d', 'user_domain_id': 'default', 'system_scope': 'all', 'project_id': None, 'project_domain_id': None, 'roles': ['admin', 'manager', 'member', 'reader'], 'is_admin_project': True, 'service_user_id': None, 'service_user_domain_id': None, 'service_project_id': None, 'service_project_domain_id': None, 'service_roles': []} {{(pid=67745) fill_context /opt/stack/keystone/keystone/server/flask/request_processing/middleware/auth_context.py:509}}
Apr 08 17:17:39 ubuntu devstack@keystone.service[67745]: DEBUG keystone.server.flask.request_processing.req_logging [None req-0be20434-f02e-43f7-a3a8-6b3c5d1cc2e6 None admin] REQUEST_METHOD: `GET` {{(pid=67745) log_request_info /opt/stack/keystone/keystone/server/flask/request_processing/req_logging.py:26}}
Apr 08 17:17:39 ubuntu devstack@keystone.service[67745]: DEBUG keystone.server.flask.request_processing.req_logging [None req-0be20434-f02e-43f7-a3a8-6b3c5d1cc2e6 None admin] SCRIPT_NAME: `/identity` {{(pid=67745) log_request_info /opt/stack/keystone/keystone/server/flask/request_processing/req_logging.py:27}}
Apr 08 17:17:39 ubuntu devstack@keystone.service[67745]: DEBUG keystone.server.flask.request_processing.req_logging [None req-0be20434-f02e-43f7-a3a8-6b3c5d1cc2e6 None admin] PATH_INFO: `/v3/domains` {{(pid=67745) log_request_info /opt/stack/keystone/keystone/server/flask/request_processing/req_logging.py:28}}
Apr 08 17:17:39 ubuntu devstack@keystone.service[67745]: DEBUG keystone.common.rbac_enforcer.enforcer [None req-0be20434-f02e-43f7-a3a8-6b3c5d1cc2e6 None admin] RBAC: Adding query filter params (name=Default) {{(pid=67745) _extract_filter_values /opt/stack/keystone/keystone/common/rbac_enforcer/enforcer.py:176}}
Apr 08 17:17:39 ubuntu devstack@keystone.service[67745]: DEBUG keystone.common.rbac_enforcer.enforcer [None req-0be20434-f02e-43f7-a3a8-6b3c5d1cc2e6 None admin] RBAC: Authorizing `identity:list_domains()` {{(pid=67745) enforce_call /opt/stack/keystone/keystone/common/rbac_enforcer/enforcer.py:494}}
Apr 08 17:17:39 ubuntu devstack@keystone.service[67745]: DEBUG keystone.common.rbac_enforcer.enforcer [None req-0be20434-f02e-43f7-a3a8-6b3c5d1cc2e6 None admin] RBAC: Authorization granted {{(pid=67745) enforce_call /opt/stack/keystone/keystone/common/rbac_enforcer/enforcer.py:505}}
Apr 08 17:17:39 ubuntu devstack@keystone.service[67745]: [pid: 67745|app: 0|req: 17/34] 10.120.125.143 () {58 vars in 1190 bytes} [Wed Apr  8 17:17:39 2026] GET /identity/v3/domains?name=Default => generated 310 bytes in 103 msecs (HTTP/1.1 200) 5 headers in 177 bytes (1 switches on core 0)
Apr 08 17:17:39 ubuntu devstack@keystone.service[67745]: DEBUG keystone.server.flask.request_processing.middleware.auth_context [None req-0be20434-f02e-43f7-a3a8-6b3c5d1cc2e6 None admin] Authenticating user token {{(pid=67745) process_request /opt/stack/data/venv/lib/python3.12/site-packages/keystonemiddleware/auth_token/__init__.py:407}}
Apr 08 17:17:39 ubuntu devstack@keystone.service[67746]: [pid: 67746|app: 0|req: 18/35] 10.120.125.143 () {60 vars in 1048 bytes} [Wed Apr  8 17:17:39 2026] POST /identity/v3/auth/tokens => generated 863 bytes in 110 msecs (HTTP/1.1 201) 6 headers in 363 bytes (1 switches on core 0)
Apr 08 17:17:39 ubuntu devstack@keystone.service[67745]: DEBUG keystone.server.flask.request_processing.middleware.auth_context [None req-0be20434-f02e-43f7-a3a8-6b3c5d1cc2e6 None admin] Validating token access rules against request {{(pid=67745) validate_allowed_request /opt/stack/data/venv/lib/python3.12/site-packages/keystonemiddleware/auth_token/__init__.py:545}}
Apr 08 17:17:39 ubuntu devstack@keystone.service[67745]: DEBUG keystone.server.flask.request_processing.middleware.auth_context [None req-36285d5e-62f6-4b93-bdb4-c9115b4ff0a8 None admin] RBAC: auth_context: {'token': <TokenModel (audit_id=uwawtDqYRge_xvauv1DwSQ, audit_chain_id=['uwawtDqYRge_xvauv1DwSQ']) at 0x7b6e15101340>, 'domain_id': None, 'trust_id': None, 'trustor_id': None, 'trustee_id': None, 'domain_name': None, 'group_ids': [], 'user_id': 'd60bcdc596594b38b51429e0e5e5ab8d', 'user_domain_id': 'default', 'system_scope': 'all', 'project_id': None, 'project_domain_id': None, 'roles': ['admin', 'manager', 'member', 'reader'], 'is_admin_project': True, 'service_user_id': None, 'service_user_domain_id': None, 'service_project_id': None, 'service_project_domain_id': None, 'service_roles': []} {{(pid=67745) fill_context /opt/stack/keystone/keystone/server/flask/request_processing/middleware/auth_context.py:509}}
Apr 08 17:17:39 ubuntu devstack@keystone.service[67745]: DEBUG keystone.server.flask.request_processing.req_logging [None req-36285d5e-62f6-4b93-bdb4-c9115b4ff0a8 None admin] REQUEST_METHOD: `POST` {{(pid=67745) log_request_info /opt/stack/keystone/keystone/server/flask/request_processing/req_logging.py:26}}
Apr 08 17:17:39 ubuntu devstack@keystone.service[67745]: DEBUG keystone.server.flask.request_processing.req_logging [None req-36285d5e-62f6-4b93-bdb4-c9115b4ff0a8 None admin] SCRIPT_NAME: `/identity` {{(pid=67745) log_request_info /opt/stack/keystone/keystone/server/flask/request_processing/req_logging.py:27}}
Apr 08 17:17:39 ubuntu devstack@keystone.service[67745]: DEBUG keystone.server.flask.request_processing.req_logging [None req-36285d5e-62f6-4b93-bdb4-c9115b4ff0a8 None admin] PATH_INFO: `/v3/roles` {{(pid=67745) log_request_info /opt/stack/keystone/keystone/server/flask/request_processing/req_logging.py:28}}
Apr 08 17:17:39 ubuntu devstack@keystone.service[67745]: DEBUG keystone.common.rbac_enforcer.enforcer [None req-36285d5e-62f6-4b93-bdb4-c9115b4ff0a8 None admin] RBAC: Authorizing `identity:create_role()` {{(pid=67745) enforce_call /opt/stack/keystone/keystone/common/rbac_enforcer/enforcer.py:494}}
Apr 08 17:17:39 ubuntu devstack@keystone.service[67745]: DEBUG keystone.common.rbac_enforcer.enforcer [None req-36285d5e-62f6-4b93-bdb4-c9115b4ff0a8 None admin] RBAC: Authorization granted {{(pid=67745) enforce_call /opt/stack/keystone/keystone/common/rbac_enforcer/enforcer.py:505}}
Apr 08 17:17:39 ubuntu devstack@keystone.service[67746]: DEBUG keystone.server.flask.request_processing.req_logging [None req-92271e53-643c-47ea-a5d5-396d60b6fcdc None None] REQUEST_METHOD: `POST` {{(pid=67746) log_request_info /opt/stack/keystone/keystone/server/flask/request_processing/req_logging.py:26}}
Apr 08 17:17:39 ubuntu devstack@keystone.service[67746]: DEBUG keystone.server.flask.request_processing.req_logging [None req-92271e53-643c-47ea-a5d5-396d60b6fcdc None None] SCRIPT_NAME: `/identity` {{(pid=67746) log_request_info /opt/stack/keystone/keystone/server/flask/request_processing/req_logging.py:27}}
Apr 08 17:17:39 ubuntu devstack@keystone.service[67746]: DEBUG keystone.server.flask.request_processing.req_logging [None req-92271e53-643c-47ea-a5d5-396d60b6fcdc None None] PATH_INFO: `/v3/auth/tokens` {{(pid=67746) log_request_info /opt/stack/keystone/keystone/server/flask/request_processing/req_logging.py:28}}
Apr 08 17:17:39 ubuntu devstack@keystone.service[67746]: WARNING keystone.common.password_hashing [None req-92271e53-643c-47ea-a5d5-396d60b6fcdc None None] Truncating password to algorithm specific maximum length 72 characters.
Apr 08 17:17:39 ubuntu devstack@keystone.service[67746]: DEBUG keystone.auth.core [None req-92271e53-643c-47ea-a5d5-396d60b6fcdc None None] MFA Rules not processed for user `d60bcdc596594b38b51429e0e5e5ab8d`. Rule list: `[]` (Enabled: `True`). {{(pid=67746) check_auth_methods_against_rules /opt/stack/keystone/keystone/auth/core.py:476}}
Apr 08 17:17:39 ubuntu devstack@keystone.service[67746]: DEBUG keystone.common.fernet_utils [None req-92271e53-643c-47ea-a5d5-396d60b6fcdc None None] Loaded 2 Fernet keys from /etc/keystone/fernet-keys/, but `[fernet_tokens] max_active_keys = 3`; perhaps there have not been enough key rotations to reach `max_active_keys` yet? {{(pid=67746) load_keys /opt/stack/keystone/keystone/common/fernet_utils.py:297}}
Apr 08 17:17:39 ubuntu devstack@keystone.service[67746]: [pid: 67746|app: 0|req: 19/36] 10.120.125.143 () {60 vars in 1048 bytes} [Wed Apr  8 17:17:39 2026] POST /identity/v3/auth/tokens => generated 863 bytes in 71 msecs (HTTP/1.1 201) 6 headers in 363 bytes (1 switches on core 0)
Apr 08 17:17:39 ubuntu devstack@keystone.service[67746]: DEBUG keystone.server.flask.request_processing.middleware.auth_context [None req-92271e53-643c-47ea-a5d5-396d60b6fcdc None None] Authenticating user token {{(pid=67746) process_request /opt/stack/data/venv/lib/python3.12/site-packages/keystonemiddleware/auth_token/__init__.py:407}}
Apr 08 17:17:39 ubuntu devstack@keystone.service[67745]: [pid: 67745|app: 0|req: 18/37] 10.120.125.143 () {62 vars in 1199 bytes} [Wed Apr  8 17:17:39 2026] POST /identity/v3/roles => generated 226 bytes in 182 msecs (HTTP/1.1 201) 5 headers in 182 bytes (1 switches on core 0)
Apr 08 17:17:39 ubuntu devstack@keystone.service[67745]: DEBUG keystone.server.flask.request_processing.middleware.auth_context [None req-36285d5e-62f6-4b93-bdb4-c9115b4ff0a8 None admin] Authenticating user token {{(pid=67745) process_request /opt/stack/data/venv/lib/python3.12/site-packages/keystonemiddleware/auth_token/__init__.py:407}}
Apr 08 17:17:39 ubuntu devstack@keystone.service[67746]: DEBUG keystone.server.flask.request_processing.middleware.auth_context [None req-92271e53-643c-47ea-a5d5-396d60b6fcdc None None] Validating token access rules against request {{(pid=67746) validate_allowed_request /opt/stack/data/venv/lib/python3.12/site-packages/keystonemiddleware/auth_token/__init__.py:545}}
Apr 08 17:17:39 ubuntu devstack@keystone.service[67746]: DEBUG keystone.server.flask.request_processing.middleware.auth_context [None req-1dd15a88-1434-474e-85ad-5e10e3585971 None admin] RBAC: auth_context: {'token': <TokenModel (audit_id=H7i_G8OfSWSCA59VLw07zQ, audit_chain_id=['H7i_G8OfSWSCA59VLw07zQ']) at 0x7b6e15241eb0>, 'domain_id': None, 'trust_id': None, 'trustor_id': None, 'trustee_id': None, 'domain_name': None, 'group_ids': [], 'user_id': 'd60bcdc596594b38b51429e0e5e5ab8d', 'user_domain_id': 'default', 'system_scope': 'all', 'project_id': None, 'project_domain_id': None, 'roles': ['admin', 'manager', 'member', 'reader'], 'is_admin_project': True, 'service_user_id': None, 'service_user_domain_id': None, 'service_project_id': None, 'service_project_domain_id': None, 'service_roles': []} {{(pid=67746) fill_context /opt/stack/keystone/keystone/server/flask/request_processing/middleware/auth_context.py:509}}
Apr 08 17:17:39 ubuntu devstack@keystone.service[67746]: DEBUG keystone.server.flask.request_processing.req_logging [None req-1dd15a88-1434-474e-85ad-5e10e3585971 None admin] REQUEST_METHOD: `GET` {{(pid=67746) log_request_info /opt/stack/keystone/keystone/server/flask/request_processing/req_logging.py:26}}
Apr 08 17:17:39 ubuntu devstack@keystone.service[67746]: DEBUG keystone.server.flask.request_processing.req_logging [None req-1dd15a88-1434-474e-85ad-5e10e3585971 None admin] SCRIPT_NAME: `/identity` {{(pid=67746) log_request_info /opt/stack/keystone/keystone/server/flask/request_processing/req_logging.py:27}}
Apr 08 17:17:39 ubuntu devstack@keystone.service[67746]: DEBUG keystone.server.flask.request_processing.req_logging [None req-1dd15a88-1434-474e-85ad-5e10e3585971 None admin] PATH_INFO: `/v3/roles/admin` {{(pid=67746) log_request_info /opt/stack/keystone/keystone/server/flask/request_processing/req_logging.py:28}}
Apr 08 17:17:39 ubuntu devstack@keystone.service[67746]: DEBUG keystone.common.rbac_enforcer.enforcer [None req-1dd15a88-1434-474e-85ad-5e10e3585971 None admin] Extracting inferred target data resulted in "NOT FOUND (404)". {{(pid=67746) enforce_call /opt/stack/keystone/keystone/common/rbac_enforcer/enforcer.py:445}}
Apr 08 17:17:39 ubuntu devstack@keystone.service[67746]: DEBUG keystone.server.flask.application [None req-1dd15a88-1434-474e-85ad-5e10e3585971 None admin] Could not find role: admin. {{(pid=67746) _handle_keystone_exception /opt/stack/keystone/keystone/server/flask/application.py:146}}
Apr 08 17:17:39 ubuntu devstack@keystone.service[67746]: [pid: 67746|app: 0|req: 20/38] 10.120.125.143 () {58 vars in 1164 bytes} [Wed Apr  8 17:17:39 2026] GET /identity/v3/roles/admin => generated 83 bytes in 59 msecs (HTTP/1.1 404) 5 headers in 183 bytes (1 switches on core 0)
Apr 08 17:17:39 ubuntu devstack@keystone.service[67746]: DEBUG keystone.server.flask.request_processing.middleware.auth_context [None req-1dd15a88-1434-474e-85ad-5e10e3585971 None admin] Authenticating user token {{(pid=67746) process_request /opt/stack/data/venv/lib/python3.12/site-packages/keystonemiddleware/auth_token/__init__.py:407}}
Apr 08 17:17:39 ubuntu devstack@keystone.service[67745]: DEBUG keystone.server.flask.request_processing.middleware.auth_context [None req-36285d5e-62f6-4b93-bdb4-c9115b4ff0a8 None admin] Validating token access rules against request {{(pid=67745) validate_allowed_request /opt/stack/data/venv/lib/python3.12/site-packages/keystonemiddleware/auth_token/__init__.py:545}}
Apr 08 17:17:40 ubuntu devstack@keystone.service[67745]: DEBUG keystone.server.flask.request_processing.middleware.auth_context [None req-f0836ecd-3fef-473f-bbe8-fa325caecfe8 None admin] RBAC: auth_context: {'token': <TokenModel (audit_id=DSkOfB2OQAyTouWQmuA5gA, audit_chain_id=['DSkOfB2OQAyTouWQmuA5gA']) at 0x7b6e15103b60>, 'domain_id': None, 'trust_id': None, 'trustor_id': None, 'trustee_id': None, 'domain_name': None, 'group_ids': [], 'user_id': 'd60bcdc596594b38b51429e0e5e5ab8d', 'user_domain_id': 'default', 'system_scope': 'all', 'project_id': None, 'project_domain_id': None, 'roles': ['admin', 'manager', 'member', 'reader'], 'is_admin_project': True, 'service_user_id': None, 'service_user_domain_id': None, 'service_project_id': None, 'service_project_domain_id': None, 'service_roles': []} {{(pid=67745) fill_context /opt/stack/keystone/keystone/server/flask/request_processing/middleware/auth_context.py:509}}
Apr 08 17:17:40 ubuntu devstack@keystone.service[67745]: DEBUG keystone.server.flask.request_processing.req_logging [None req-f0836ecd-3fef-473f-bbe8-fa325caecfe8 None admin] REQUEST_METHOD: `POST` {{(pid=67745) log_request_info /opt/stack/keystone/keystone/server/flask/request_processing/req_logging.py:26}}
Apr 08 17:17:40 ubuntu devstack@keystone.service[67745]: DEBUG keystone.server.flask.request_processing.req_logging [None req-f0836ecd-3fef-473f-bbe8-fa325caecfe8 None admin] SCRIPT_NAME: `/identity` {{(pid=67745) log_request_info /opt/stack/keystone/keystone/server/flask/request_processing/req_logging.py:27}}
Apr 08 17:17:40 ubuntu devstack@keystone.service[67745]: DEBUG keystone.server.flask.request_processing.req_logging [None req-f0836ecd-3fef-473f-bbe8-fa325caecfe8 None admin] PATH_INFO: `/v3/projects` {{(pid=67745) log_request_info /opt/stack/keystone/keystone/server/flask/request_processing/req_logging.py:28}}
Apr 08 17:17:40 ubuntu devstack@keystone.service[67745]: DEBUG keystone.common.rbac_enforcer.enforcer [None req-f0836ecd-3fef-473f-bbe8-fa325caecfe8 None admin] RBAC: Authorizing `identity:create_project()` {{(pid=67745) enforce_call /opt/stack/keystone/keystone/common/rbac_enforcer/enforcer.py:494}}
Apr 08 17:17:40 ubuntu devstack@keystone.service[67745]: DEBUG keystone.common.rbac_enforcer.enforcer [None req-f0836ecd-3fef-473f-bbe8-fa325caecfe8 None admin] RBAC: Authorization granted {{(pid=67745) enforce_call /opt/stack/keystone/keystone/common/rbac_enforcer/enforcer.py:505}}
Apr 08 17:17:40 ubuntu devstack@keystone.service[67746]: DEBUG keystone.server.flask.request_processing.middleware.auth_context [None req-1dd15a88-1434-474e-85ad-5e10e3585971 None admin] Validating token access rules against request {{(pid=67746) validate_allowed_request /opt/stack/data/venv/lib/python3.12/site-packages/keystonemiddleware/auth_token/__init__.py:545}}
Apr 08 17:17:40 ubuntu devstack@keystone.service[67745]: [pid: 67745|app: 0|req: 19/39] 10.120.125.143 () {62 vars in 1208 bytes} [Wed Apr  8 17:17:39 2026] POST /identity/v3/projects => generated 302 bytes in 89 msecs (HTTP/1.1 201) 5 headers in 182 bytes (1 switches on core 0)
Apr 08 17:17:40 ubuntu devstack@keystone.service[67746]: DEBUG keystone.server.flask.request_processing.middleware.auth_context [None req-687f856e-a319-4a71-b92e-8bdfdab7e40e None admin] RBAC: auth_context: {'token': <TokenModel (audit_id=Itz6ijH5SuuSBHKgiTCHaA, audit_chain_id=['Itz6ijH5SuuSBHKgiTCHaA']) at 0x7b6e1530bdd0>, 'domain_id': None, 'trust_id': None, 'trustor_id': None, 'trustee_id': None, 'domain_name': None, 'group_ids': [], 'user_id': 'd60bcdc596594b38b51429e0e5e5ab8d', 'user_domain_id': 'default', 'system_scope': 'all', 'project_id': None, 'project_domain_id': None, 'roles': ['admin', 'manager', 'member', 'reader'], 'is_admin_project': True, 'service_user_id': None, 'service_user_domain_id': None, 'service_project_id': None, 'service_project_domain_id': None, 'service_roles': []} {{(pid=67746) fill_context /opt/stack/keystone/keystone/server/flask/request_processing/middleware/auth_context.py:509}}
Apr 08 17:17:40 ubuntu devstack@keystone.service[67746]: DEBUG keystone.server.flask.request_processing.req_logging [None req-687f856e-a319-4a71-b92e-8bdfdab7e40e None admin] REQUEST_METHOD: `POST` {{(pid=67746) log_request_info /opt/stack/keystone/keystone/server/flask/request_processing/req_logging.py:26}}
Apr 08 17:17:40 ubuntu devstack@keystone.service[67746]: DEBUG keystone.server.flask.request_processing.req_logging [None req-687f856e-a319-4a71-b92e-8bdfdab7e40e None admin] SCRIPT_NAME: `/identity` {{(pid=67746) log_request_info /opt/stack/keystone/keystone/server/flask/request_processing/req_logging.py:27}}
Apr 08 17:17:40 ubuntu devstack@keystone.service[67746]: DEBUG keystone.server.flask.request_processing.req_logging [None req-687f856e-a319-4a71-b92e-8bdfdab7e40e None admin] PATH_INFO: `/v3/roles` {{(pid=67746) log_request_info /opt/stack/keystone/keystone/server/flask/request_processing/req_logging.py:28}}
Apr 08 17:17:40 ubuntu devstack@keystone.service[67745]: DEBUG keystone.server.flask.request_processing.middleware.auth_context [None req-f0836ecd-3fef-473f-bbe8-fa325caecfe8 None admin] Authenticating user token {{(pid=67745) process_request /opt/stack/data/venv/lib/python3.12/site-packages/keystonemiddleware/auth_token/__init__.py:407}}
Apr 08 17:17:40 ubuntu devstack@keystone.service[67746]: DEBUG keystone.common.rbac_enforcer.enforcer [None req-687f856e-a319-4a71-b92e-8bdfdab7e40e None admin] RBAC: Authorizing `identity:create_role()` {{(pid=67746) enforce_call /opt/stack/keystone/keystone/common/rbac_enforcer/enforcer.py:494}}
Apr 08 17:17:40 ubuntu devstack@keystone.service[67746]: DEBUG keystone.common.rbac_enforcer.enforcer [None req-687f856e-a319-4a71-b92e-8bdfdab7e40e None admin] RBAC: Authorization granted {{(pid=67746) enforce_call /opt/stack/keystone/keystone/common/rbac_enforcer/enforcer.py:505}}
Apr 08 17:17:40 ubuntu devstack@keystone.service[67746]: DEBUG keystone.common.sql.core [None req-687f856e-a319-4a71-b92e-8bdfdab7e40e None admin] Conflict role: (pymysql.err.IntegrityError) (1062, "Duplicate entry 'service-<<null>>' for key 'role.ixu_role_name_domain_id'")
Apr 08 17:17:40 ubuntu devstack@keystone.service[67746]: [SQL: INSERT INTO `role` (id, name, description, extra) VALUES (%(id)s, %(name)s, %(description)s, %(extra)s)]
Apr 08 17:17:40 ubuntu devstack@keystone.service[67746]: [parameters: {'id': '448d191e31d24cd8a478e3dec7d40683', 'name': 'service', 'description': None, 'extra': '{}'}]
Apr 08 17:17:40 ubuntu devstack@keystone.service[67746]: (Background on this error at: https://sqlalche.me/e/20/gkpj) {{(pid=67746) wrapper /opt/stack/keystone/keystone/common/sql/core.py:580}}
Apr 08 17:17:40 ubuntu devstack@keystone.service[67746]: ERROR keystone.server.flask.application [None req-687f856e-a319-4a71-b92e-8bdfdab7e40e None admin] Conflict occurred attempting to store role - Duplicate entry found with name service.: keystone.exception.Conflict: Conflict occurred attempting to store role - Duplicate entry found with name service.
Apr 08 17:17:40 ubuntu devstack@keystone.service[67746]: ERROR keystone.server.flask.application Traceback (most recent call last):
Apr 08 17:17:40 ubuntu devstack@keystone.service[67746]: ERROR keystone.server.flask.application   File "/opt/stack/data/venv/lib/python3.12/site-packages/sqlalchemy/engine/base.py", line 1967, in _exec_single_context
Apr 08 17:17:40 ubuntu devstack@keystone.service[67746]: ERROR keystone.server.flask.application     self.dialect.do_execute(
Apr 08 17:17:40 ubuntu devstack@keystone.service[67746]: ERROR keystone.server.flask.application   File "/opt/stack/data/venv/lib/python3.12/site-packages/sqlalchemy/engine/default.py", line 952, in do_execute
Apr 08 17:17:40 ubuntu devstack@keystone.service[67746]: ERROR keystone.server.flask.application     cursor.execute(statement, parameters)
Apr 08 17:17:40 ubuntu devstack@keystone.service[67746]: ERROR keystone.server.flask.application   File "/opt/stack/data/venv/lib/python3.12/site-packages/pymysql/cursors.py", line 153, in execute
Apr 08 17:17:40 ubuntu devstack@keystone.service[67746]: ERROR keystone.server.flask.application     result = self._query(query)
Apr 08 17:17:40 ubuntu devstack@keystone.service[67746]: ERROR keystone.server.flask.application              ^^^^^^^^^^^^^^^^^^
Apr 08 17:17:40 ubuntu devstack@keystone.service[67746]: ERROR keystone.server.flask.application   File "/opt/stack/data/venv/lib/python3.12/site-packages/pymysql/cursors.py", line 322, in _query
Apr 08 17:17:40 ubuntu devstack@keystone.service[67746]: ERROR keystone.server.flask.application     conn.query(q)
