May 18 21:12:56 ubuntu devstack@keystone.service[67531]: ERROR keystone.server.flask.application oslo_db.exception.DBDuplicateEntry: (pymysql.err.IntegrityError) (1062, "Duplicate entry 'service-<<null>>' for key 'role.ixu_role_name_domain_id'")
May 18 21:12:56 ubuntu devstack@keystone.service[67531]: ERROR keystone.server.flask.application [SQL: INSERT INTO `role` (id, name, description, extra) VALUES (%(id)s, %(name)s, %(description)s, %(extra)s)]
May 18 21:12:56 ubuntu devstack@keystone.service[67531]: ERROR keystone.server.flask.application [parameters: {'id': '41e4fb8a7d754d9d9ac9bcc72c3e3217', 'name': 'service', 'description': None, 'extra': '{}'}]
May 18 21:12:56 ubuntu devstack@keystone.service[67531]: ERROR keystone.server.flask.application (Background on this error at: https://sqlalche.me/e/20/gkpj)
May 18 21:12:56 ubuntu devstack@keystone.service[67531]: ERROR keystone.server.flask.application 
May 18 21:12:56 ubuntu devstack@keystone.service[67531]: ERROR keystone.server.flask.application During handling of the above exception, another exception occurred:
May 18 21:12:56 ubuntu devstack@keystone.service[67531]: ERROR keystone.server.flask.application 
May 18 21:12:56 ubuntu devstack@keystone.service[67531]: ERROR keystone.server.flask.application Traceback (most recent call last):
May 18 21:12:56 ubuntu devstack@keystone.service[67531]: ERROR keystone.server.flask.application   File "/opt/stack/data/venv/lib/python3.12/site-packages/flask_restful/__init__.py", line 295, in error_router
May 18 21:12:56 ubuntu devstack@keystone.service[67531]: ERROR keystone.server.flask.application     return self.handle_error(e)
May 18 21:12:56 ubuntu devstack@keystone.service[67531]: ERROR keystone.server.flask.application            ^^^^^^^^^^^^^^^^^^^^
May 18 21:12:56 ubuntu devstack@keystone.service[67531]: ERROR keystone.server.flask.application   File "/opt/stack/data/venv/lib/python3.12/site-packages/flask_restful/__init__.py", line 310, in handle_error
May 18 21:12:56 ubuntu devstack@keystone.service[67531]: ERROR keystone.server.flask.application     _handle_flask_propagate_exceptions_config(current_app, e)
May 18 21:12:56 ubuntu devstack@keystone.service[67531]: ERROR keystone.server.flask.application   File "/opt/stack/data/venv/lib/python3.12/site-packages/flask/app.py", line 917, in full_dispatch_request
May 18 21:12:56 ubuntu devstack@keystone.service[67531]: ERROR keystone.server.flask.application     rv = self.dispatch_request()
May 18 21:12:56 ubuntu devstack@keystone.service[67531]: ERROR keystone.server.flask.application          ^^^^^^^^^^^^^^^^^^^^^^^
May 18 21:12:56 ubuntu devstack@keystone.service[67531]: ERROR keystone.server.flask.application   File "/opt/stack/data/venv/lib/python3.12/site-packages/flask/app.py", line 902, in dispatch_request
May 18 21:12:56 ubuntu devstack@keystone.service[67531]: ERROR keystone.server.flask.application     return self.ensure_sync(self.view_functions[rule.endpoint])(**view_args)  # type: ignore[no-any-return]
May 18 21:12:56 ubuntu devstack@keystone.service[67531]: ERROR keystone.server.flask.application            ^^^^^^^^^^^^^^^^^^^^^^^^^^^^^^^^^^^^^^^^^^^^^^^^^^^^^^^^^^^^^^^^^
May 18 21:12:56 ubuntu devstack@keystone.service[67531]: ERROR keystone.server.flask.application   File "/opt/stack/data/venv/lib/python3.12/site-packages/flask_restful/__init__.py", line 489, in wrapper
May 18 21:12:56 ubuntu devstack@keystone.service[67531]: ERROR keystone.server.flask.application     resp = resource(*args, **kwargs)
May 18 21:12:56 ubuntu devstack@keystone.service[67531]: ERROR keystone.server.flask.application            ^^^^^^^^^^^^^^^^^^^^^^^^^
May 18 21:12:56 ubuntu devstack@keystone.service[67531]: ERROR keystone.server.flask.application   File "/opt/stack/data/venv/lib/python3.12/site-packages/flask/views.py", line 110, in view
May 18 21:12:56 ubuntu devstack@keystone.service[67531]: ERROR keystone.server.flask.application     return current_app.ensure_sync(self.dispatch_request)(**kwargs)  # type: ignore[no-any-return]
May 18 21:12:56 ubuntu devstack@keystone.service[67531]: ERROR keystone.server.flask.application            ^^^^^^^^^^^^^^^^^^^^^^^^^^^^^^^^^^^^^^^^^^^^^^^^^^^^^^^^
May 18 21:12:56 ubuntu devstack@keystone.service[67531]: ERROR keystone.server.flask.application   File "/opt/stack/data/venv/lib/python3.12/site-packages/flask_restful/__init__.py", line 604, in dispatch_request
May 18 21:12:56 ubuntu devstack@keystone.service[67531]: ERROR keystone.server.flask.application     resp = meth(*args, **kwargs)
May 18 21:12:56 ubuntu devstack@keystone.service[67531]: ERROR keystone.server.flask.application            ^^^^^^^^^^^^^^^^^^^^^
May 18 21:12:56 ubuntu devstack@keystone.service[67531]: ERROR keystone.server.flask.application   File "/opt/stack/keystone/keystone/api/validation/__init__.py", line 86, in wrapper
May 18 21:12:56 ubuntu devstack@keystone.service[67531]: ERROR keystone.server.flask.application     return func(*args, **kwargs)
May 18 21:12:56 ubuntu devstack@keystone.service[67531]: ERROR keystone.server.flask.application            ^^^^^^^^^^^^^^^^^^^^^
May 18 21:12:56 ubuntu devstack@keystone.service[67531]: ERROR keystone.server.flask.application   File "/opt/stack/keystone/keystone/api/validation/__init__.py", line 145, in wrapper
May 18 21:12:56 ubuntu devstack@keystone.service[67531]: ERROR keystone.server.flask.application     response = func(*args, **kwargs)
May 18 21:12:56 ubuntu devstack@keystone.service[67531]: ERROR keystone.server.flask.application                ^^^^^^^^^^^^^^^^^^^^^
May 18 21:12:56 ubuntu devstack@keystone.service[67531]: ERROR keystone.server.flask.application   File "/opt/stack/keystone/keystone/api/roles.py", line 91, in post
May 18 21:12:56 ubuntu devstack@keystone.service[67531]: ERROR keystone.server.flask.application     ref = PROVIDERS.role_api.create_role(
May 18 21:12:56 ubuntu devstack@keystone.service[67531]: ERROR keystone.server.flask.application           ^^^^^^^^^^^^^^^^^^^^^^^^^^^^^^^
May 18 21:12:56 ubuntu devstack@keystone.service[67531]: ERROR keystone.server.flask.application   File "/opt/stack/keystone/keystone/common/manager.py", line 114, in wrapped
May 18 21:12:56 ubuntu devstack@keystone.service[67531]: ERROR keystone.server.flask.application     __ret_val = __f(*args, **kwargs)
May 18 21:12:56 ubuntu devstack@keystone.service[67531]: ERROR keystone.server.flask.application                 ^^^^^^^^^^^^^^^^^^^^
May 18 21:12:56 ubuntu devstack@keystone.service[67531]: ERROR keystone.server.flask.application   File "/opt/stack/keystone/keystone/assignment/core.py", line 1486, in create_role
May 18 21:12:56 ubuntu devstack@keystone.service[67531]: ERROR keystone.server.flask.application     ret = self.driver.create_role(role_id, role)
May 18 21:12:56 ubuntu devstack@keystone.service[67531]: ERROR keystone.server.flask.application           ^^^^^^^^^^^^^^^^^^^^^^^^^^^^^^^^^^^^^^
May 18 21:12:56 ubuntu devstack@keystone.service[67531]: ERROR keystone.server.flask.application   File "/opt/stack/keystone/keystone/common/sql/core.py", line 614, in wrapper
May 18 21:12:56 ubuntu devstack@keystone.service[67531]: ERROR keystone.server.flask.application     raise exception.Conflict(type=conflict_type, details=msg)
May 18 21:12:56 ubuntu devstack@keystone.service[67531]: ERROR keystone.server.flask.application keystone.exception.Conflict: Conflict occurred attempting to store role - Duplicate entry found with name service.
May 18 21:12:56 ubuntu devstack@keystone.service[67531]: ERROR keystone.server.flask.application 
May 18 21:12:56 ubuntu devstack@keystone.service[67531]: [pid: 67531|app: 0|req: 17/34] 10.120.125.137 () {62 vars in 1199 bytes} [Mon May 18 21:12:56 2026] POST /identity/v3/roles => generated 140 bytes in 104 msecs (HTTP/1.1 409) 5 headers in 183 bytes (1 switches on core 0)
May 18 21:12:56 ubuntu devstack@keystone.service[67532]: DEBUG keystone.server.flask.request_processing.middleware.auth_context [None req-ec88ff26-6111-47fc-b3fd-9ad6a2e00f64 None None] Authenticating user token {{(pid=67532) process_request /opt/stack/data/venv/lib/python3.12/site-packages/keystonemiddleware/auth_token/__init__.py:407}}
May 18 21:12:56 ubuntu devstack@keystone.service[67531]: DEBUG keystone.server.flask.request_processing.req_logging [None req-7cab4ab8-224b-46fa-8980-bcfc8207992e None None] REQUEST_METHOD: `POST` {{(pid=67531) log_request_info /opt/stack/keystone/keystone/server/flask/request_processing/req_logging.py:26}}
May 18 21:12:56 ubuntu devstack@keystone.service[67531]: DEBUG keystone.server.flask.request_processing.req_logging [None req-7cab4ab8-224b-46fa-8980-bcfc8207992e None None] SCRIPT_NAME: `/identity` {{(pid=67531) log_request_info /opt/stack/keystone/keystone/server/flask/request_processing/req_logging.py:27}}
May 18 21:12:56 ubuntu devstack@keystone.service[67531]: DEBUG keystone.server.flask.request_processing.req_logging [None req-7cab4ab8-224b-46fa-8980-bcfc8207992e None None] PATH_INFO: `/v3/auth/tokens` {{(pid=67531) log_request_info /opt/stack/keystone/keystone/server/flask/request_processing/req_logging.py:28}}
May 18 21:12:56 ubuntu devstack@keystone.service[67531]: WARNING keystone.common.password_hashing [None req-7cab4ab8-224b-46fa-8980-bcfc8207992e None None] Truncating password to algorithm specific maximum length 72 characters.
May 18 21:12:56 ubuntu devstack@keystone.service[67531]: DEBUG keystone.auth.core [None req-7cab4ab8-224b-46fa-8980-bcfc8207992e None None] MFA Rules not processed for user `dc163cd0554c44b695fadfee0e62d013`. Rule list: `[]` (Enabled: `True`). {{(pid=67531) check_auth_methods_against_rules /opt/stack/keystone/keystone/auth/core.py:476}}
May 18 21:12:56 ubuntu devstack@keystone.service[67531]: DEBUG keystone.common.fernet_utils [None req-7cab4ab8-224b-46fa-8980-bcfc8207992e None None] Loaded 2 Fernet keys from /etc/keystone/fernet-keys/, but `[fernet_tokens] max_active_keys = 3`; perhaps there have not been enough key rotations to reach `max_active_keys` yet? {{(pid=67531) load_keys /opt/stack/keystone/keystone/common/fernet_utils.py:297}}
May 18 21:12:56 ubuntu devstack@keystone.service[67532]: DEBUG keystone.server.flask.request_processing.middleware.auth_context [None req-ec88ff26-6111-47fc-b3fd-9ad6a2e00f64 None None] Validating token access rules against request {{(pid=67532) validate_allowed_request /opt/stack/data/venv/lib/python3.12/site-packages/keystonemiddleware/auth_token/__init__.py:545}}
May 18 21:12:56 ubuntu devstack@keystone.service[67531]: [pid: 67531|app: 0|req: 18/35] 10.120.125.137 () {60 vars in 1048 bytes} [Mon May 18 21:12:56 2026] POST /identity/v3/auth/tokens => generated 863 bytes in 56 msecs (HTTP/1.1 201) 6 headers in 363 bytes (1 switches on core 0)
May 18 21:12:56 ubuntu devstack@keystone.service[67531]: DEBUG keystone.server.flask.request_processing.middleware.auth_context [None req-7cab4ab8-224b-46fa-8980-bcfc8207992e None None] Authenticating user token {{(pid=67531) process_request /opt/stack/data/venv/lib/python3.12/site-packages/keystonemiddleware/auth_token/__init__.py:407}}
May 18 21:12:56 ubuntu devstack@keystone.service[67532]: DEBUG keystone.server.flask.request_processing.middleware.auth_context [None req-15b9f9ac-61f8-4c9a-af27-bd38b8d37387 None admin] RBAC: auth_context: {'token': <TokenModel (audit_id=HTMew75xR1SNRA-cSGl4fQ, audit_chain_id=['HTMew75xR1SNRA-cSGl4fQ']) at 0x7ef69f60dd60>, 'domain_id': None, 'trust_id': None, 'trustor_id': None, 'trustee_id': None, 'domain_name': None, 'group_ids': [], 'user_id': 'dc163cd0554c44b695fadfee0e62d013', 'user_domain_id': 'default', 'system_scope': 'all', 'project_id': None, 'project_domain_id': None, 'roles': ['admin', 'manager', 'member', 'reader'], 'is_admin_project': True, 'service_user_id': None, 'service_user_domain_id': None, 'service_project_id': None, 'service_project_domain_id': None, 'service_roles': []} {{(pid=67532) fill_context /opt/stack/keystone/keystone/server/flask/request_processing/middleware/auth_context.py:509}}
May 18 21:12:56 ubuntu devstack@keystone.service[67532]: DEBUG keystone.server.flask.request_processing.req_logging [None req-15b9f9ac-61f8-4c9a-af27-bd38b8d37387 None admin] REQUEST_METHOD: `GET` {{(pid=67532) log_request_info /opt/stack/keystone/keystone/server/flask/request_processing/req_logging.py:26}}
May 18 21:12:56 ubuntu devstack@keystone.service[67532]: DEBUG keystone.server.flask.request_processing.req_logging [None req-15b9f9ac-61f8-4c9a-af27-bd38b8d37387 None admin] SCRIPT_NAME: `/identity` {{(pid=67532) log_request_info /opt/stack/keystone/keystone/server/flask/request_processing/req_logging.py:27}}
May 18 21:12:56 ubuntu devstack@keystone.service[67532]: DEBUG keystone.server.flask.request_processing.req_logging [None req-15b9f9ac-61f8-4c9a-af27-bd38b8d37387 None admin] PATH_INFO: `/v3/domains` {{(pid=67532) log_request_info /opt/stack/keystone/keystone/server/flask/request_processing/req_logging.py:28}}
May 18 21:12:56 ubuntu devstack@keystone.service[67532]: DEBUG keystone.common.rbac_enforcer.enforcer [None req-15b9f9ac-61f8-4c9a-af27-bd38b8d37387 None admin] RBAC: Adding query filter params (name=Default) {{(pid=67532) _extract_filter_values /opt/stack/keystone/keystone/common/rbac_enforcer/enforcer.py:176}}
May 18 21:12:56 ubuntu devstack@keystone.service[67532]: DEBUG keystone.common.rbac_enforcer.enforcer [None req-15b9f9ac-61f8-4c9a-af27-bd38b8d37387 None admin] RBAC: Authorizing `identity:list_domains()` {{(pid=67532) enforce_call /opt/stack/keystone/keystone/common/rbac_enforcer/enforcer.py:494}}
May 18 21:12:56 ubuntu devstack@keystone.service[67532]: DEBUG keystone.common.rbac_enforcer.enforcer [None req-15b9f9ac-61f8-4c9a-af27-bd38b8d37387 None admin] RBAC: Authorization granted {{(pid=67532) enforce_call /opt/stack/keystone/keystone/common/rbac_enforcer/enforcer.py:505}}
May 18 21:12:57 ubuntu devstack@keystone.service[67531]: DEBUG keystone.server.flask.request_processing.middleware.auth_context [None req-7cab4ab8-224b-46fa-8980-bcfc8207992e None None] Validating token access rules against request {{(pid=67531) validate_allowed_request /opt/stack/data/venv/lib/python3.12/site-packages/keystonemiddleware/auth_token/__init__.py:545}}
May 18 21:12:57 ubuntu devstack@keystone.service[67532]: [pid: 67532|app: 0|req: 18/36] 10.120.125.137 () {58 vars in 1190 bytes} [Mon May 18 21:12:56 2026] GET /identity/v3/domains?name=Default => generated 310 bytes in 91 msecs (HTTP/1.1 200) 5 headers in 177 bytes (1 switches on core 0)
May 18 21:12:57 ubuntu devstack@keystone.service[67532]: DEBUG keystone.server.flask.request_processing.middleware.auth_context [None req-15b9f9ac-61f8-4c9a-af27-bd38b8d37387 None admin] Authenticating user token {{(pid=67532) process_request /opt/stack/data/venv/lib/python3.12/site-packages/keystonemiddleware/auth_token/__init__.py:407}}
May 18 21:12:57 ubuntu devstack@keystone.service[67531]: DEBUG keystone.server.flask.request_processing.middleware.auth_context [None req-bc96c592-350a-4348-a160-a8815de4c2bd None admin] RBAC: auth_context: {'token': <TokenModel (audit_id=teFAl-FLSZ-wHsyTlzIYcg, audit_chain_id=['teFAl-FLSZ-wHsyTlzIYcg']) at 0x7ef69f6845f0>, 'domain_id': None, 'trust_id': None, 'trustor_id': None, 'trustee_id': None, 'domain_name': None, 'group_ids': [], 'user_id': 'dc163cd0554c44b695fadfee0e62d013', 'user_domain_id': 'default', 'system_scope': 'all', 'project_id': None, 'project_domain_id': None, 'roles': ['admin', 'manager', 'member', 'reader'], 'is_admin_project': True, 'service_user_id': None, 'service_user_domain_id': None, 'service_project_id': None, 'service_project_domain_id': None, 'service_roles': []} {{(pid=67531) fill_context /opt/stack/keystone/keystone/server/flask/request_processing/middleware/auth_context.py:509}}
May 18 21:12:57 ubuntu devstack@keystone.service[67531]: DEBUG keystone.server.flask.request_processing.req_logging [None req-bc96c592-350a-4348-a160-a8815de4c2bd None admin] REQUEST_METHOD: `GET` {{(pid=67531) log_request_info /opt/stack/keystone/keystone/server/flask/request_processing/req_logging.py:26}}
May 18 21:12:57 ubuntu devstack@keystone.service[67531]: DEBUG keystone.server.flask.request_processing.req_logging [None req-bc96c592-350a-4348-a160-a8815de4c2bd None admin] SCRIPT_NAME: `/identity` {{(pid=67531) log_request_info /opt/stack/keystone/keystone/server/flask/request_processing/req_logging.py:27}}
May 18 21:12:57 ubuntu devstack@keystone.service[67531]: DEBUG keystone.server.flask.request_processing.req_logging [None req-bc96c592-350a-4348-a160-a8815de4c2bd None admin] PATH_INFO: `/v3/roles/service` {{(pid=67531) log_request_info /opt/stack/keystone/keystone/server/flask/request_processing/req_logging.py:28}}
May 18 21:12:57 ubuntu devstack@keystone.service[67531]: DEBUG keystone.common.rbac_enforcer.enforcer [None req-bc96c592-350a-4348-a160-a8815de4c2bd None admin] Extracting inferred target data resulted in "NOT FOUND (404)". {{(pid=67531) enforce_call /opt/stack/keystone/keystone/common/rbac_enforcer/enforcer.py:445}}
May 18 21:12:57 ubuntu devstack@keystone.service[67531]: DEBUG keystone.server.flask.application [None req-bc96c592-350a-4348-a160-a8815de4c2bd None admin] Could not find role: service. {{(pid=67531) _handle_keystone_exception /opt/stack/keystone/keystone/server/flask/application.py:146}}
May 18 21:12:57 ubuntu devstack@keystone.service[67531]: [pid: 67531|app: 0|req: 19/37] 10.120.125.137 () {58 vars in 1170 bytes} [Mon May 18 21:12:56 2026] GET /identity/v3/roles/service => generated 85 bytes in 53 msecs (HTTP/1.1 404) 5 headers in 183 bytes (1 switches on core 0)
May 18 21:12:57 ubuntu devstack@keystone.service[67531]: DEBUG keystone.server.flask.request_processing.req_logging [None req-72a1bd66-df8c-42f1-9dc3-431a37df61af None None] REQUEST_METHOD: `POST` {{(pid=67531) log_request_info /opt/stack/keystone/keystone/server/flask/request_processing/req_logging.py:26}}
May 18 21:12:57 ubuntu devstack@keystone.service[67531]: DEBUG keystone.server.flask.request_processing.req_logging [None req-72a1bd66-df8c-42f1-9dc3-431a37df61af None None] SCRIPT_NAME: `/identity` {{(pid=67531) log_request_info /opt/stack/keystone/keystone/server/flask/request_processing/req_logging.py:27}}
May 18 21:12:57 ubuntu devstack@keystone.service[67531]: DEBUG keystone.server.flask.request_processing.req_logging [None req-72a1bd66-df8c-42f1-9dc3-431a37df61af None None] PATH_INFO: `/v3/auth/tokens` {{(pid=67531) log_request_info /opt/stack/keystone/keystone/server/flask/request_processing/req_logging.py:28}}
May 18 21:12:57 ubuntu devstack@keystone.service[67531]: WARNING keystone.common.password_hashing [None req-72a1bd66-df8c-42f1-9dc3-431a37df61af None None] Truncating password to algorithm specific maximum length 72 characters.
May 18 21:12:57 ubuntu devstack@keystone.service[67531]: DEBUG keystone.auth.core [None req-72a1bd66-df8c-42f1-9dc3-431a37df61af None None] MFA Rules not processed for user `dc163cd0554c44b695fadfee0e62d013`. Rule list: `[]` (Enabled: `True`). {{(pid=67531) check_auth_methods_against_rules /opt/stack/keystone/keystone/auth/core.py:476}}
May 18 21:12:57 ubuntu devstack@keystone.service[67531]: DEBUG keystone.common.fernet_utils [None req-72a1bd66-df8c-42f1-9dc3-431a37df61af None None] Loaded 2 Fernet keys from /etc/keystone/fernet-keys/, but `[fernet_tokens] max_active_keys = 3`; perhaps there have not been enough key rotations to reach `max_active_keys` yet? {{(pid=67531) load_keys /opt/stack/keystone/keystone/common/fernet_utils.py:297}}
May 18 21:12:57 ubuntu devstack@keystone.service[67532]: DEBUG keystone.server.flask.request_processing.middleware.auth_context [None req-15b9f9ac-61f8-4c9a-af27-bd38b8d37387 None admin] Validating token access rules against request {{(pid=67532) validate_allowed_request /opt/stack/data/venv/lib/python3.12/site-packages/keystonemiddleware/auth_token/__init__.py:545}}
May 18 21:12:57 ubuntu devstack@keystone.service[67532]: DEBUG keystone.server.flask.request_processing.middleware.auth_context [None req-d9346cc0-c9d5-4c34-9749-e9ce5ff029a2 None admin] RBAC: auth_context: {'token': <TokenModel (audit_id=GiCQiitgRHO_AggqStgmcg, audit_chain_id=['GiCQiitgRHO_AggqStgmcg']) at 0x7ef69f7abf20>, 'domain_id': None, 'trust_id': None, 'trustor_id': None, 'trustee_id': None, 'domain_name': None, 'group_ids': [], 'user_id': 'dc163cd0554c44b695fadfee0e62d013', 'user_domain_id': 'default', 'system_scope': 'all', 'project_id': None, 'project_domain_id': None, 'roles': ['admin', 'manager', 'member', 'reader'], 'is_admin_project': True, 'service_user_id': None, 'service_user_domain_id': None, 'service_project_id': None, 'service_project_domain_id': None, 'service_roles': []} {{(pid=67532) fill_context /opt/stack/keystone/keystone/server/flask/request_processing/middleware/auth_context.py:509}}
May 18 21:12:57 ubuntu devstack@keystone.service[67532]: DEBUG keystone.server.flask.request_processing.req_logging [None req-d9346cc0-c9d5-4c34-9749-e9ce5ff029a2 None admin] REQUEST_METHOD: `GET` {{(pid=67532) log_request_info /opt/stack/keystone/keystone/server/flask/request_processing/req_logging.py:26}}
May 18 21:12:57 ubuntu devstack@keystone.service[67532]: DEBUG keystone.server.flask.request_processing.req_logging [None req-d9346cc0-c9d5-4c34-9749-e9ce5ff029a2 None admin] SCRIPT_NAME: `/identity` {{(pid=67532) log_request_info /opt/stack/keystone/keystone/server/flask/request_processing/req_logging.py:27}}
May 18 21:12:57 ubuntu devstack@keystone.service[67532]: DEBUG keystone.server.flask.request_processing.req_logging [None req-d9346cc0-c9d5-4c34-9749-e9ce5ff029a2 None admin] PATH_INFO: `/v3/roles/admin` {{(pid=67532) log_request_info /opt/stack/keystone/keystone/server/flask/request_processing/req_logging.py:28}}
May 18 21:12:57 ubuntu devstack@keystone.service[67532]: DEBUG keystone.common.rbac_enforcer.enforcer [None req-d9346cc0-c9d5-4c34-9749-e9ce5ff029a2 None admin] Extracting inferred target data resulted in "NOT FOUND (404)". {{(pid=67532) enforce_call /opt/stack/keystone/keystone/common/rbac_enforcer/enforcer.py:445}}
May 18 21:12:57 ubuntu devstack@keystone.service[67531]: [pid: 67531|app: 0|req: 20/38] 10.120.125.137 () {60 vars in 1048 bytes} [Mon May 18 21:12:57 2026] POST /identity/v3/auth/tokens => generated 863 bytes in 43 msecs (HTTP/1.1 201) 6 headers in 363 bytes (1 switches on core 0)
May 18 21:12:57 ubuntu devstack@keystone.service[67532]: DEBUG keystone.server.flask.application [None req-d9346cc0-c9d5-4c34-9749-e9ce5ff029a2 None admin] Could not find role: admin. {{(pid=67532) _handle_keystone_exception /opt/stack/keystone/keystone/server/flask/application.py:146}}
May 18 21:12:57 ubuntu devstack@keystone.service[67531]: DEBUG keystone.server.flask.request_processing.middleware.auth_context [None req-72a1bd66-df8c-42f1-9dc3-431a37df61af None None] Authenticating user token {{(pid=67531) process_request /opt/stack/data/venv/lib/python3.12/site-packages/keystonemiddleware/auth_token/__init__.py:407}}
May 18 21:12:57 ubuntu devstack@keystone.service[67532]: [pid: 67532|app: 0|req: 19/39] 10.120.125.137 () {58 vars in 1164 bytes} [Mon May 18 21:12:57 2026] GET /identity/v3/roles/admin => generated 83 bytes in 66 msecs (HTTP/1.1 404) 5 headers in 183 bytes (1 switches on core 0)
May 18 21:12:57 ubuntu devstack@keystone.service[67532]: DEBUG keystone.server.flask.request_processing.middleware.auth_context [None req-d9346cc0-c9d5-4c34-9749-e9ce5ff029a2 None admin] Authenticating user token {{(pid=67532) process_request /opt/stack/data/venv/lib/python3.12/site-packages/keystonemiddleware/auth_token/__init__.py:407}}
May 18 21:12:57 ubuntu devstack@keystone.service[67532]: DEBUG keystone.server.flask.request_processing.middleware.auth_context [None req-d9346cc0-c9d5-4c34-9749-e9ce5ff029a2 None admin] Validating token access rules against request {{(pid=67532) validate_allowed_request /opt/stack/data/venv/lib/python3.12/site-packages/keystonemiddleware/auth_token/__init__.py:545}}
May 18 21:12:57 ubuntu devstack@keystone.service[67531]: DEBUG keystone.server.flask.request_processing.middleware.auth_context [None req-72a1bd66-df8c-42f1-9dc3-431a37df61af None None] Validating token access rules against request {{(pid=67531) validate_allowed_request /opt/stack/data/venv/lib/python3.12/site-packages/keystonemiddleware/auth_token/__init__.py:545}}
May 18 21:12:57 ubuntu devstack@keystone.service[67532]: DEBUG keystone.server.flask.request_processing.middleware.auth_context [None req-545b2ad1-aadc-42bb-ab42-078c2741bd5c None admin] RBAC: auth_context: {'token': <TokenModel (audit_id=teFAl-FLSZ-wHsyTlzIYcg, audit_chain_id=['teFAl-FLSZ-wHsyTlzIYcg']) at 0x7ef69f407d70>, 'domain_id': None, 'trust_id': None, 'trustor_id': None, 'trustee_id': None, 'domain_name': None, 'group_ids': [], 'user_id': 'dc163cd0554c44b695fadfee0e62d013', 'user_domain_id': 'default', 'system_scope': 'all', 'project_id': None, 'project_domain_id': None, 'roles': ['admin', 'manager', 'member', 'reader'], 'is_admin_project': True, 'service_user_id': None, 'service_user_domain_id': None, 'service_project_id': None, 'service_project_domain_id': None, 'service_roles': []} {{(pid=67532) fill_context /opt/stack/keystone/keystone/server/flask/request_processing/middleware/auth_context.py:509}}
May 18 21:12:57 ubuntu devstack@keystone.service[67532]: DEBUG keystone.server.flask.request_processing.req_logging [None req-545b2ad1-aadc-42bb-ab42-078c2741bd5c None admin] REQUEST_METHOD: `GET` {{(pid=67532) log_request_info /opt/stack/keystone/keystone/server/flask/request_processing/req_logging.py:26}}
May 18 21:12:57 ubuntu devstack@keystone.service[67532]: DEBUG keystone.server.flask.request_processing.req_logging [None req-545b2ad1-aadc-42bb-ab42-078c2741bd5c None admin] SCRIPT_NAME: `/identity` {{(pid=67532) log_request_info /opt/stack/keystone/keystone/server/flask/request_processing/req_logging.py:27}}
May 18 21:12:57 ubuntu devstack@keystone.service[67532]: DEBUG keystone.server.flask.request_processing.req_logging [None req-545b2ad1-aadc-42bb-ab42-078c2741bd5c None admin] PATH_INFO: `/v3/roles` {{(pid=67532) log_request_info /opt/stack/keystone/keystone/server/flask/request_processing/req_logging.py:28}}
May 18 21:12:57 ubuntu devstack@keystone.service[67531]: DEBUG keystone.server.flask.request_processing.middleware.auth_context [None req-786197fd-a1cc-4c71-97d6-31ce3782dad3 None admin] RBAC: auth_context: {'token': <TokenModel (audit_id=jPRWs0hOSR-Ol33nSBZcDQ, audit_chain_id=['jPRWs0hOSR-Ol33nSBZcDQ']) at 0x7ef69f30da60>, 'domain_id': None, 'trust_id': None, 'trustor_id': None, 'trustee_id': None, 'domain_name': None, 'group_ids': [], 'user_id': 'dc163cd0554c44b695fadfee0e62d013', 'user_domain_id': 'default', 'system_scope': 'all', 'project_id': None, 'project_domain_id': None, 'roles': ['admin', 'manager', 'member', 'reader'], 'is_admin_project': True, 'service_user_id': None, 'service_user_domain_id': None, 'service_project_id': None, 'service_project_domain_id': None, 'service_roles': []} {{(pid=67531) fill_context /opt/stack/keystone/keystone/server/flask/request_processing/middleware/auth_context.py:509}}
May 18 21:12:57 ubuntu devstack@keystone.service[67531]: DEBUG keystone.server.flask.request_processing.req_logging [None req-786197fd-a1cc-4c71-97d6-31ce3782dad3 None admin] REQUEST_METHOD: `POST` {{(pid=67531) log_request_info /opt/stack/keystone/keystone/server/flask/request_processing/req_logging.py:26}}
May 18 21:12:57 ubuntu devstack@keystone.service[67531]: DEBUG keystone.server.flask.request_processing.req_logging [None req-786197fd-a1cc-4c71-97d6-31ce3782dad3 None admin] SCRIPT_NAME: `/identity` {{(pid=67531) log_request_info /opt/stack/keystone/keystone/server/flask/request_processing/req_logging.py:27}}
May 18 21:12:57 ubuntu devstack@keystone.service[67531]: DEBUG keystone.server.flask.request_processing.req_logging [None req-786197fd-a1cc-4c71-97d6-31ce3782dad3 None admin] PATH_INFO: `/v3/roles` {{(pid=67531) log_request_info /opt/stack/keystone/keystone/server/flask/request_processing/req_logging.py:28}}
May 18 21:12:57 ubuntu devstack@keystone.service[67532]: DEBUG keystone.common.rbac_enforcer.enforcer [None req-545b2ad1-aadc-42bb-ab42-078c2741bd5c None admin] RBAC: Adding query filter params (name=service) {{(pid=67532) _extract_filter_values /opt/stack/keystone/keystone/common/rbac_enforcer/enforcer.py:176}}
May 18 21:12:57 ubuntu devstack@keystone.service[67532]: DEBUG keystone.common.rbac_enforcer.enforcer [None req-545b2ad1-aadc-42bb-ab42-078c2741bd5c None admin] RBAC: Authorizing `identity:list_roles()` {{(pid=67532) enforce_call /opt/stack/keystone/keystone/common/rbac_enforcer/enforcer.py:494}}
May 18 21:12:57 ubuntu devstack@keystone.service[67531]: DEBUG keystone.common.rbac_enforcer.enforcer [None req-786197fd-a1cc-4c71-97d6-31ce3782dad3 None admin] RBAC: Authorizing `identity:create_role()` {{(pid=67531) enforce_call /opt/stack/keystone/keystone/common/rbac_enforcer/enforcer.py:494}}
May 18 21:12:57 ubuntu devstack@keystone.service[67532]: DEBUG keystone.common.rbac_enforcer.enforcer [None req-545b2ad1-aadc-42bb-ab42-078c2741bd5c None admin] RBAC: Authorization granted {{(pid=67532) enforce_call /opt/stack/keystone/keystone/common/rbac_enforcer/enforcer.py:505}}
May 18 21:12:57 ubuntu devstack@keystone.service[67531]: DEBUG keystone.common.rbac_enforcer.enforcer [None req-786197fd-a1cc-4c71-97d6-31ce3782dad3 None admin] RBAC: Authorization granted {{(pid=67531) enforce_call /opt/stack/keystone/keystone/common/rbac_enforcer/enforcer.py:505}}
May 18 21:12:57 ubuntu devstack@keystone.service[67532]: [pid: 67532|app: 0|req: 20/40] 10.120.125.137 () {58 vars in 1184 bytes} [Mon May 18 21:12:57 2026] GET /identity/v3/roles?name=service => generated 345 bytes in 58 msecs (HTTP/1.1 200) 5 headers in 177 bytes (1 switches on core 0)
May 18 21:12:57 ubuntu devstack@keystone.service[67532]: DEBUG keystone.server.flask.request_processing.middleware.auth_context [None req-545b2ad1-aadc-42bb-ab42-078c2741bd5c None admin] Authenticating user token {{(pid=67532) process_request /opt/stack/data/venv/lib/python3.12/site-packages/keystonemiddleware/auth_token/__init__.py:407}}
May 18 21:12:57 ubuntu devstack@keystone.service[67532]: DEBUG keystone.server.flask.request_processing.middleware.auth_context [None req-545b2ad1-aadc-42bb-ab42-078c2741bd5c None admin] Validating token access rules against request {{(pid=67532) validate_allowed_request /opt/stack/data/venv/lib/python3.12/site-packages/keystonemiddleware/auth_token/__init__.py:545}}
May 18 21:12:57 ubuntu devstack@keystone.service[67532]: DEBUG keystone.server.flask.request_processing.middleware.auth_context [None req-14f6b494-08ce-46b8-9a1e-fad0ed4cb3eb None admin] RBAC: auth_context: {'token': <TokenModel (audit_id=GiCQiitgRHO_AggqStgmcg, audit_chain_id=['GiCQiitgRHO_AggqStgmcg']) at 0x7ef69f407b30>, 'domain_id': None, 'trust_id': None, 'trustor_id': None, 'trustee_id': None, 'domain_name': None, 'group_ids': [], 'user_id': 'dc163cd0554c44b695fadfee0e62d013', 'user_domain_id': 'default', 'system_scope': 'all', 'project_id': None, 'project_domain_id': None, 'roles': ['admin', 'manager', 'member', 'reader'], 'is_admin_project': True, 'service_user_id': None, 'service_user_domain_id': None, 'service_project_id': None, 'service_project_domain_id': None, 'service_roles': []} {{(pid=67532) fill_context /opt/stack/keystone/keystone/server/flask/request_processing/middleware/auth_context.py:509}}
May 18 21:12:57 ubuntu devstack@keystone.service[67532]: DEBUG keystone.server.flask.request_processing.req_logging [None req-14f6b494-08ce-46b8-9a1e-fad0ed4cb3eb None admin] REQUEST_METHOD: `GET` {{(pid=67532) log_request_info /opt/stack/keystone/keystone/server/flask/request_processing/req_logging.py:26}}
May 18 21:12:57 ubuntu devstack@keystone.service[67532]: DEBUG keystone.server.flask.request_processing.req_logging [None req-14f6b494-08ce-46b8-9a1e-fad0ed4cb3eb None admin] SCRIPT_NAME: `/identity` {{(pid=67532) log_request_info /opt/stack/keystone/keystone/server/flask/request_processing/req_logging.py:27}}
May 18 21:12:57 ubuntu devstack@keystone.service[67532]: DEBUG keystone.server.flask.request_processing.req_logging [None req-14f6b494-08ce-46b8-9a1e-fad0ed4cb3eb None admin] PATH_INFO: `/v3/roles` {{(pid=67532) log_request_info /opt/stack/keystone/keystone/server/flask/request_processing/req_logging.py:28}}
May 18 21:12:57 ubuntu devstack@keystone.service[67532]: DEBUG keystone.common.rbac_enforcer.enforcer [None req-14f6b494-08ce-46b8-9a1e-fad0ed4cb3eb None admin] RBAC: Adding query filter params (name=admin) {{(pid=67532) _extract_filter_values /opt/stack/keystone/keystone/common/rbac_enforcer/enforcer.py:176}}
May 18 21:12:57 ubuntu devstack@keystone.service[67532]: DEBUG keystone.common.rbac_enforcer.enforcer [None req-14f6b494-08ce-46b8-9a1e-fad0ed4cb3eb None admin] RBAC: Authorizing `identity:list_roles()` {{(pid=67532) enforce_call /opt/stack/keystone/keystone/common/rbac_enforcer/enforcer.py:494}}
May 18 21:12:57 ubuntu devstack@keystone.service[67532]: DEBUG keystone.common.rbac_enforcer.enforcer [None req-14f6b494-08ce-46b8-9a1e-fad0ed4cb3eb None admin] RBAC: Authorization granted {{(pid=67532) enforce_call /opt/stack/keystone/keystone/common/rbac_enforcer/enforcer.py:505}}
May 18 21:12:57 ubuntu devstack@keystone.service[67532]: [pid: 67532|app: 0|req: 21/41] 10.120.125.137 () {58 vars in 1180 bytes} [Mon May 18 21:12:57 2026] GET /identity/v3/roles?name=admin => generated 341 bytes in 54 msecs (HTTP/1.1 200) 5 headers in 177 bytes (1 switches on core 0)
May 18 21:12:57 ubuntu devstack@keystone.service[67532]: DEBUG keystone.server.flask.request_processing.middleware.auth_context [None req-14f6b494-08ce-46b8-9a1e-fad0ed4cb3eb None admin] Authenticating user token {{(pid=67532) process_request /opt/stack/data/venv/lib/python3.12/site-packages/keystonemiddleware/auth_token/__init__.py:407}}
May 18 21:12:57 ubuntu devstack@keystone.service[67531]: [pid: 67531|app: 0|req: 21/42] 10.120.125.137 () {62 vars in 1199 bytes} [Mon May 18 21:12:57 2026] POST /identity/v3/roles => generated 226 bytes in 126 msecs (HTTP/1.1 201) 5 headers in 182 bytes (1 switches on core 0)
May 18 21:12:57 ubuntu devstack@keystone.service[67532]: DEBUG keystone.server.flask.request_processing.middleware.auth_context [None req-14f6b494-08ce-46b8-9a1e-fad0ed4cb3eb None admin] Validating token access rules against request {{(pid=67532) validate_allowed_request /opt/stack/data/venv/lib/python3.12/site-packages/keystonemiddleware/auth_token/__init__.py:545}}
May 18 21:12:57 ubuntu devstack@keystone.service[67531]: DEBUG keystone.server.flask.request_processing.middleware.auth_context [None req-786197fd-a1cc-4c71-97d6-31ce3782dad3 None admin] Authenticating user token {{(pid=67531) process_request /opt/stack/data/venv/lib/python3.12/site-packages/keystonemiddleware/auth_token/__init__.py:407}}
May 18 21:12:57 ubuntu devstack@keystone.service[67532]: DEBUG keystone.server.flask.request_processing.middleware.auth_context [None req-508f6387-afb5-44df-b38c-f6e13fed43fb None admin] RBAC: auth_context: {'token': <TokenModel (audit_id=HTMew75xR1SNRA-cSGl4fQ, audit_chain_id=['HTMew75xR1SNRA-cSGl4fQ']) at 0x7ef69f557ec0>, 'domain_id': None, 'trust_id': None, 'trustor_id': None, 'trustee_id': None, 'domain_name': None, 'group_ids': [], 'user_id': 'dc163cd0554c44b695fadfee0e62d013', 'user_domain_id': 'default', 'system_scope': 'all', 'project_id': None, 'project_domain_id': None, 'roles': ['admin', 'manager', 'member', 'reader'], 'is_admin_project': True, 'service_user_id': None, 'service_user_domain_id': None, 'service_project_id': None, 'service_project_domain_id': None, 'service_roles': []} {{(pid=67532) fill_context /opt/stack/keystone/keystone/server/flask/request_processing/middleware/auth_context.py:509}}
May 18 21:12:57 ubuntu devstack@keystone.service[67532]: DEBUG keystone.server.flask.request_processing.req_logging [None req-508f6387-afb5-44df-b38c-f6e13fed43fb None admin] REQUEST_METHOD: `POST` {{(pid=67532) log_request_info /opt/stack/keystone/keystone/server/flask/request_processing/req_logging.py:26}}
May 18 21:12:57 ubuntu devstack@keystone.service[67532]: DEBUG keystone.server.flask.request_processing.req_logging [None req-508f6387-afb5-44df-b38c-f6e13fed43fb None admin] SCRIPT_NAME: `/identity` {{(pid=67532) log_request_info /opt/stack/keystone/keystone/server/flask/request_processing/req_logging.py:27}}
May 18 21:12:57 ubuntu devstack@keystone.service[67532]: DEBUG keystone.server.flask.request_processing.req_logging [None req-508f6387-afb5-44df-b38c-f6e13fed43fb None admin] PATH_INFO: `/v3/projects` {{(pid=67532) log_request_info /opt/stack/keystone/keystone/server/flask/request_processing/req_logging.py:28}}
May 18 21:12:57 ubuntu devstack@keystone.service[67532]: DEBUG keystone.common.rbac_enforcer.enforcer [None req-508f6387-afb5-44df-b38c-f6e13fed43fb None admin] RBAC: Authorizing `identity:create_project()` {{(pid=67532) enforce_call /opt/stack/keystone/keystone/common/rbac_enforcer/enforcer.py:494}}
May 18 21:12:57 ubuntu devstack@keystone.service[67532]: DEBUG keystone.common.rbac_enforcer.enforcer [None req-508f6387-afb5-44df-b38c-f6e13fed43fb None admin] RBAC: Authorization granted {{(pid=67532) enforce_call /opt/stack/keystone/keystone/common/rbac_enforcer/enforcer.py:505}}
May 18 21:12:57 ubuntu devstack@keystone.service[67532]: [pid: 67532|app: 0|req: 22/43] 10.120.125.137 () {62 vars in 1208 bytes} [Mon May 18 21:12:57 2026] POST /identity/v3/projects => generated 302 bytes in 90 msecs (HTTP/1.1 201) 5 headers in 182 bytes (1 switches on core 0)
May 18 21:12:57 ubuntu devstack@keystone.service[67531]: DEBUG keystone.server.flask.request_processing.middleware.auth_context [None req-786197fd-a1cc-4c71-97d6-31ce3782dad3 None admin] Validating token access rules against request {{(pid=67531) validate_allowed_request /opt/stack/data/venv/lib/python3.12/site-packages/keystonemiddleware/auth_token/__init__.py:545}}
May 18 21:12:57 ubuntu devstack@keystone.service[67531]: DEBUG keystone.server.flask.request_processing.middleware.auth_context [None req-c28b7e47-f53c-43ac-a2c1-5936058cebd9 None admin] RBAC: auth_context: {'token': <TokenModel (audit_id=GiCQiitgRHO_AggqStgmcg, audit_chain_id=['GiCQiitgRHO_AggqStgmcg']) at 0x7ef69f0cbc50>, 'domain_id': None, 'trust_id': None, 'trustor_id': None, 'trustee_id': None, 'domain_name': None, 'group_ids': [], 'user_id': 'dc163cd0554c44b695fadfee0e62d013', 'user_domain_id': 'default', 'system_scope': 'all', 'project_id': None, 'project_domain_id': None, 'roles': ['admin', 'manager', 'member', 'reader'], 'is_admin_project': True, 'service_user_id': None, 'service_user_domain_id': None, 'service_project_id': None, 'service_project_domain_id': None, 'service_roles': []} {{(pid=67531) fill_context /opt/stack/keystone/keystone/server/flask/request_processing/middleware/auth_context.py:509}}
May 18 21:12:57 ubuntu devstack@keystone.service[67531]: DEBUG keystone.server.flask.request_processing.req_logging [None req-c28b7e47-f53c-43ac-a2c1-5936058cebd9 None admin] REQUEST_METHOD: `GET` {{(pid=67531) log_request_info /opt/stack/keystone/keystone/server/flask/request_processing/req_logging.py:26}}
May 18 21:12:57 ubuntu devstack@keystone.service[67531]: DEBUG keystone.server.flask.request_processing.req_logging [None req-c28b7e47-f53c-43ac-a2c1-5936058cebd9 None admin] SCRIPT_NAME: `/identity` {{(pid=67531) log_request_info /opt/stack/keystone/keystone/server/flask/request_processing/req_logging.py:27}}
May 18 21:12:57 ubuntu devstack@keystone.service[67531]: DEBUG keystone.server.flask.request_processing.req_logging [None req-c28b7e47-f53c-43ac-a2c1-5936058cebd9 None admin] PATH_INFO: `/v3/users/dc163cd0554c44b695fadfee0e62d013` {{(pid=67531) log_request_info /opt/stack/keystone/keystone/server/flask/request_processing/req_logging.py:28}}
May 18 21:12:57 ubuntu devstack@keystone.service[67531]: DEBUG keystone.common.rbac_enforcer.enforcer [None req-c28b7e47-f53c-43ac-a2c1-5936058cebd9 None admin] RBAC: Authorizing `identity:get_user(user_id=dc163cd0554c44b695fadfee0e62d013)` {{(pid=67531) enforce_call /opt/stack/keystone/keystone/common/rbac_enforcer/enforcer.py:494}}
May 18 21:12:57 ubuntu devstack@keystone.service[67531]: DEBUG keystone.common.rbac_enforcer.enforcer [None req-c28b7e47-f53c-43ac-a2c1-5936058cebd9 None admin] RBAC: Authorization granted {{(pid=67531) enforce_call /opt/stack/keystone/keystone/common/rbac_enforcer/enforcer.py:505}}
May 18 21:12:57 ubuntu devstack@keystone.service[67531]: [pid: 67531|app: 0|req: 22/44] 10.120.125.137 () {58 vars in 1245 bytes} [Mon May 18 21:12:57 2026] GET /identity/v3/users/dc163cd0554c44b695fadfee0e62d013 => generated 248 bytes in 78 msecs (HTTP/1.1 200) 5 headers in 177 bytes (1 switches on core 0)
May 18 21:12:57 ubuntu devstack@keystone.service[67532]: DEBUG keystone.server.flask.request_processing.middleware.auth_context [None req-508f6387-afb5-44df-b38c-f6e13fed43fb None admin] Authenticating user token {{(pid=67532) process_request /opt/stack/data/venv/lib/python3.12/site-packages/keystonemiddleware/auth_token/__init__.py:407}}
May 18 21:12:57 ubuntu devstack@keystone.service[67531]: DEBUG keystone.server.flask.request_processing.middleware.auth_context [None req-c28b7e47-f53c-43ac-a2c1-5936058cebd9 None admin] Authenticating user token {{(pid=67531) process_request /opt/stack/data/venv/lib/python3.12/site-packages/keystonemiddleware/auth_token/__init__.py:407}}
May 18 21:12:57 ubuntu devstack@keystone.service[67531]: DEBUG keystone.server.flask.request_processing.middleware.auth_context [None req-c28b7e47-f53c-43ac-a2c1-5936058cebd9 None admin] Validating token access rules against request {{(pid=67531) validate_allowed_request /opt/stack/data/venv/lib/python3.12/site-packages/keystonemiddleware/auth_token/__init__.py:545}}
May 18 21:12:57 ubuntu devstack@keystone.service[67532]: DEBUG keystone.server.flask.request_processing.middleware.auth_context [None req-508f6387-afb5-44df-b38c-f6e13fed43fb None admin] Validating token access rules against request {{(pid=67532) validate_allowed_request /opt/stack/data/venv/lib/python3.12/site-packages/keystonemiddleware/auth_token/__init__.py:545}}
May 18 21:12:57 ubuntu devstack@keystone.service[67531]: DEBUG keystone.server.flask.request_processing.middleware.auth_context [None req-5059f74f-76f6-4a55-ba30-2c3ec2456e00 None admin] RBAC: auth_context: {'token': <TokenModel (audit_id=GiCQiitgRHO_AggqStgmcg, audit_chain_id=['GiCQiitgRHO_AggqStgmcg']) at 0x7ef69f0cbbc0>, 'domain_id': None, 'trust_id': None, 'trustor_id': None, 'trustee_id': None, 'domain_name': None, 'group_ids': [], 'user_id': 'dc163cd0554c44b695fadfee0e62d013', 'user_domain_id': 'default', 'system_scope': 'all', 'project_id': None, 'project_domain_id': None, 'roles': ['admin', 'manager', 'member', 'reader'], 'is_admin_project': True, 'service_user_id': None, 'service_user_domain_id': None, 'service_project_id': None, 'service_project_domain_id': None, 'service_roles': []} {{(pid=67531) fill_context /opt/stack/keystone/keystone/server/flask/request_processing/middleware/auth_context.py:509}}
May 18 21:12:57 ubuntu devstack@keystone.service[67531]: DEBUG keystone.server.flask.request_processing.req_logging [None req-5059f74f-76f6-4a55-ba30-2c3ec2456e00 None admin] REQUEST_METHOD: `GET` {{(pid=67531) log_request_info /opt/stack/keystone/keystone/server/flask/request_processing/req_logging.py:26}}
May 18 21:12:57 ubuntu devstack@keystone.service[67531]: DEBUG keystone.server.flask.request_processing.req_logging [None req-5059f74f-76f6-4a55-ba30-2c3ec2456e00 None admin] SCRIPT_NAME: `/identity` {{(pid=67531) log_request_info /opt/stack/keystone/keystone/server/flask/request_processing/req_logging.py:27}}
May 18 21:12:57 ubuntu devstack@keystone.service[67531]: DEBUG keystone.server.flask.request_processing.req_logging [None req-5059f74f-76f6-4a55-ba30-2c3ec2456e00 None admin] PATH_INFO: `/v3/domains/default` {{(pid=67531) log_request_info /opt/stack/keystone/keystone/server/flask/request_processing/req_logging.py:28}}
May 18 21:12:57 ubuntu devstack@keystone.service[67531]: DEBUG keystone.common.rbac_enforcer.enforcer [None req-5059f74f-76f6-4a55-ba30-2c3ec2456e00 None admin] RBAC: Authorizing `identity:get_domain(domain_id=default)` {{(pid=67531) enforce_call /opt/stack/keystone/keystone/common/rbac_enforcer/enforcer.py:494}}
May 18 21:12:57 ubuntu devstack@keystone.service[67531]: DEBUG keystone.common.rbac_enforcer.enforcer [None req-5059f74f-76f6-4a55-ba30-2c3ec2456e00 None admin] RBAC: Authorization granted {{(pid=67531) enforce_call /opt/stack/keystone/keystone/common/rbac_enforcer/enforcer.py:505}}
May 18 21:12:57 ubuntu devstack@keystone.service[67531]: [pid: 67531|app: 0|req: 23/45] 10.120.125.137 () {58 vars in 1176 bytes} [Mon May 18 21:12:57 2026] GET /identity/v3/domains/default => generated 200 bytes in 60 msecs (HTTP/1.1 200) 5 headers in 177 bytes (1 switches on core 0)
May 18 21:12:57 ubuntu devstack@keystone.service[67532]: DEBUG keystone.server.flask.request_processing.middleware.auth_context [None req-86786f74-d7ad-4de6-a31b-d3b33d6f691b None admin] RBAC: auth_context: {'token': <TokenModel (audit_id=RFXe87ZISrW28fZDEGNzVQ, audit_chain_id=['RFXe87ZISrW28fZDEGNzVQ']) at 0x7ef69f554560>, 'domain_id': None, 'trust_id': None, 'trustor_id': None, 'trustee_id': None, 'domain_name': None, 'group_ids': [], 'user_id': 'dc163cd0554c44b695fadfee0e62d013', 'user_domain_id': 'default', 'system_scope': 'all', 'project_id': None, 'project_domain_id': None, 'roles': ['admin', 'manager', 'member', 'reader'], 'is_admin_project': True, 'service_user_id': None, 'service_user_domain_id': None, 'service_project_id': None, 'service_project_domain_id': None, 'service_roles': []} {{(pid=67532) fill_context /opt/stack/keystone/keystone/server/flask/request_processing/middleware/auth_context.py:509}}
May 18 21:12:57 ubuntu devstack@keystone.service[67532]: DEBUG keystone.server.flask.request_processing.req_logging [None req-86786f74-d7ad-4de6-a31b-d3b33d6f691b None admin] REQUEST_METHOD: `GET` {{(pid=67532) log_request_info /opt/stack/keystone/keystone/server/flask/request_processing/req_logging.py:26}}
May 18 21:12:57 ubuntu devstack@keystone.service[67532]: DEBUG keystone.server.flask.request_processing.req_logging [None req-86786f74-d7ad-4de6-a31b-d3b33d6f691b None admin] SCRIPT_NAME: `/identity` {{(pid=67532) log_request_info /opt/stack/keystone/keystone/server/flask/request_processing/req_logging.py:27}}
May 18 21:12:57 ubuntu devstack@keystone.service[67532]: DEBUG keystone.server.flask.request_processing.req_logging [None req-86786f74-d7ad-4de6-a31b-d3b33d6f691b None admin] PATH_INFO: `/v3/domains/default` {{(pid=67532) log_request_info /opt/stack/keystone/keystone/server/flask/request_processing/req_logging.py:28}}
May 18 21:12:57 ubuntu devstack@keystone.service[67532]: DEBUG keystone.common.rbac_enforcer.enforcer [None req-86786f74-d7ad-4de6-a31b-d3b33d6f691b None admin] RBAC: Authorizing `identity:get_domain(domain_id=default)` {{(pid=67532) enforce_call /opt/stack/keystone/keystone/common/rbac_enforcer/enforcer.py:494}}
May 18 21:12:57 ubuntu devstack@keystone.service[67532]: DEBUG keystone.common.rbac_enforcer.enforcer [None req-86786f74-d7ad-4de6-a31b-d3b33d6f691b None admin] RBAC: Authorization granted {{(pid=67532) enforce_call /opt/stack/keystone/keystone/common/rbac_enforcer/enforcer.py:505}}
May 18 21:12:57 ubuntu devstack@keystone.service[67532]: [pid: 67532|app: 0|req: 23/46] 10.120.125.137 () {58 vars in 1176 bytes} [Mon May 18 21:12:57 2026] GET /identity/v3/domains/default => generated 200 bytes in 88 msecs (HTTP/1.1 200) 5 headers in 177 bytes (1 switches on core 0)
May 18 21:12:57 ubuntu devstack@keystone.service[67531]: DEBUG keystone.server.flask.request_processing.middleware.auth_context [None req-5059f74f-76f6-4a55-ba30-2c3ec2456e00 None admin] Authenticating user token {{(pid=67531) process_request /opt/stack/data/venv/lib/python3.12/site-packages/keystonemiddleware/auth_token/__init__.py:407}}
May 18 21:12:57 ubuntu devstack@keystone.service[67532]: DEBUG keystone.server.flask.request_processing.middleware.auth_context [None req-86786f74-d7ad-4de6-a31b-d3b33d6f691b None admin] Authenticating user token {{(pid=67532) process_request /opt/stack/data/venv/lib/python3.12/site-packages/keystonemiddleware/auth_token/__init__.py:407}}
May 18 21:12:57 ubuntu devstack@keystone.service[67531]: DEBUG keystone.server.flask.request_processing.middleware.auth_context [None req-5059f74f-76f6-4a55-ba30-2c3ec2456e00 None admin] Validating token access rules against request {{(pid=67531) validate_allowed_request /opt/stack/data/venv/lib/python3.12/site-packages/keystonemiddleware/auth_token/__init__.py:545}}
May 18 21:12:57 ubuntu devstack@keystone.service[67531]: DEBUG keystone.server.flask.request_processing.middleware.auth_context [None req-336f157e-b035-4602-94c5-7761cc6e3a66 None admin] RBAC: auth_context: {'token': <TokenModel (audit_id=GiCQiitgRHO_AggqStgmcg, audit_chain_id=['GiCQiitgRHO_AggqStgmcg']) at 0x7ef69f32b170>, 'domain_id': None, 'trust_id': None, 'trustor_id': None, 'trustee_id': None, 'domain_name': None, 'group_ids': [], 'user_id': 'dc163cd0554c44b695fadfee0e62d013', 'user_domain_id': 'default', 'system_scope': 'all', 'project_id': None, 'project_domain_id': None, 'roles': ['admin', 'manager', 'member', 'reader'], 'is_admin_project': True, 'service_user_id': None, 'service_user_domain_id': None, 'service_project_id': None, 'service_project_domain_id': None, 'service_roles': []} {{(pid=67531) fill_context /opt/stack/keystone/keystone/server/flask/request_processing/middleware/auth_context.py:509}}
