"pcp-dstat 6.2.0 CSV Output"
"Author:","PCP team <pcp@groups.io> and Dag Wieers <dag@wieers.com>",,,,"URL:","https://pcp.io/ and http://dag.wieers.com/home-made/dstat/"
"Host:","ubuntu",,,,"User:","ubuntu"
"Cmdline:","dstat -tcmndrylpg --tcp --output /tmp/devstack_logs/dstat-csv.log",,,,"Date:","15 Jun 2026 06:01:46 UTC"
"system","total usage",,,,,"memory usage",,,,"net/total",,"dsk/total",,"io/total",,"system",,"load avg",,,"procs",,,"paging",,"tcp sockets",,,,
"time","total usage:usr","total usage:sys","total usage:idl","total usage:wai","total usage:stl","used","free","buf","cach","net/total:recv","net/total:send","dsk/total:read","dsk/total:writ","read","writ","int","csw","1m","5m","15m","run","blk","new","in","out","lis","act","syn","tim","clo"
15-06 06:01:46,,1053960,1361284,169184,5223424,,,,,,,1.340,0.970,0.540,8,0,,,,10,4,0,17,0
15-06 06:01:47,26.016,20.763,51.532,0.250,0,1040004,1375024,169264,5223504,28740.776,9697.998,0,2041.263,0,135.084,6096,4701,1.390,0.990,0.550,3,0,434.269,0,0,10,5,0,17,0
15-06 06:01:48,13.989,21.733,61.951,0.250,0,995528,1419180,169340,5223728,22894.898,6587.791,0,4156.713,0,45.964,5351,3671,1.390,0.990,0.550,1,0,321.746,0,0,10,6,0,17,0
15-06 06:01:49,18.018,18.518,62.311,0.250,0,958956,1455380,169432,5223988,24317.652,9171.921,0,1065.036,0,35.034,4975,4650,1.390,0.990,0.550,1,0,241.235,0,0,10,6,0,17,0
15-06 06:01:50,25.231,12.740,59.454,0.250,0,1104964,1308668,169540,5349260,18601.723,9310.854,0,1111.147,0,32.975,5477,7877,1.390,0.990,0.550,2,0,129.900,0,0,11,5,0,17,1
15-06 06:01:51,21.966,8.986,68.393,0.250,0,1122772,1290500,169644,5349412,13246.262,7192.739,0,778.781,0,27.956,3301,2428,1.390,0.990,0.550,1,0,101.841,0,0,11,7,0,17,1
15-06 06:01:52,28.292,11.767,58.085,0.501,0,1154244,1258444,169788,5349724,39004.264,10577.529,16.024,2203.235,1.001,75.110,4305,3314,1.440,1.010,0.550,2,0,180.265,0,0,11,6,0,19,2
15-06 06:01:53,32.512,5.002,61.023,1.000,0,1202356,1195216,170136,5363612,145894.982,13814.111,16.006,3377.250,1.000,49.018,2602,1569,1.440,1.010,0.550,2,0,0,0,0,11,6,0,19,2
15-06 06:01:54,40.495,5.749,48.994,3.500,0,1222376,1154152,170988,5381832,49011.288,2441.715,0,13358.443,0,783.909,6042,8151,1.440,1.010,0.550,7,0,10.999,0,0,11,8,0,19,2
15-06 06:01:55,33.220,9.491,41.212,11.989,0,1245204,1102180,172900,5406232,5173.261,1456.666,3.996,69664.184,0.999,5045.378,17256,32561,1.440,1.010,0.550,5,1,71.934,0,0,11,8,0,19,2
15-06 06:01:56,42.020,8.004,47.022,1.501,0,1203056,1123924,173300,5424652,6005.797,1566.730,0,10600.938,0,653.304,5287,6027,1.440,1.010,0.550,1,1,75.035,0,0,11,6,0,19,2
15-06 06:01:57,42.512,5.752,48.014,1.250,0,1258700,1050800,174432,5438264,6887.951,1566.444,0,4793.358,0,313.089,3553,2629,1.490,1.020,0.560,2,0,0,0,0,11,6,0,19,2
15-06 06:01:58,45.043,5.505,48.546,1.251,0,1258580,1021628,175352,5464352,6772.437,1567.490,0,9468.999,0,455.433,3406,2141,1.490,1.020,0.560,2,0,10.010,0,0,11,6,0,19,2
15-06 06:01:59,42.695,6.991,47.189,1.248,0,1308852,981032,175920,5453048,6435.655,2097.280,0,8672.754,0,411.466,3838,3456,1.490,1.020,0.560,2,0,1.997,0,0,11,4,0,19,0
15-06 06:02:00,37.991,4.749,56.736,0,0,1321912,967932,175932,5453072,12077.075,4469.918,0,747.819,0,16.996,2640,1519,1.490,1.020,0.560,2,0,32.992,0,0,11,5,0,19,0
15-06 06:02:01,29.507,23.755,45.510,0.250,0,1249364,1033212,176100,5459348,6180.416,1860.426,0,1080.247,0,16.004,6027,4550,1.490,1.020,0.560,4,0,404.093,0,0,11,4,0,19,0
15-06 06:02:02,33.730,24.236,40.226,0,0,1274808,1006152,176120,5461084,5774.599,1457.142,0,119.929,0,8.995,14025,22307,1.530,1.040,0.570,3,0,352.792,0,0,11,4,0,19,0
15-06 06:02:03,50.802,21.772,26.027,0,0,1275056,1005724,176156,5461220,6726.862,1621.654,0,12132.376,0,62.063,11342,18210,1.530,1.040,0.570,4,0,211.215,0,0,11,5,0,19,0
15-06 06:02:04,67.214,8.495,23.987,0.250,0.250,1240584,1048056,176172,5454016,4823.405,1025.448,0,2622.589,0,17.990,3929,1685,1.530,1.040,0.570,4,0,25.986,0,0,11,5,0,19,0
15-06 06:02:05,50.000,11.750,37.000,0,0,1275732,1012272,176176,5454724,5912.018,1554.005,0,1188.004,0,65.000,3659,2196,1.530,1.040,0.570,4,0,50.000,0,0,11,5,0,19,0
15-06 06:02:06,23.508,11.504,64.021,0,0,1284664,1001304,176200,5456700,6014.995,1566.520,0,3577.186,0,133.044,4359,4531,1.530,1.040,0.570,0,0,118.039,0,0,11,4,0,19,0
15-06 06:02:07,6.246,3.248,89.693,0,0,1289932,996044,176200,5456708,5308.624,1511.039,0,467.703,0,3.997,1385,1414,1.490,1.040,0.570,2,0,21.986,0,0,11,4,0,19,0
15-06 06:02:08,22.016,4.253,72.303,0,0,1345120,940856,176200,5456708,5315.912,1513.113,0,13766.130,0,85.063,1965,1555,1.490,1.040,0.570,1,0,0,0,0,11,4,0,13,0
15-06 06:02:09,24.239,1.749,73.217,0,0,1368072,917700,176200,5456912,5233.625,1565.290,0,7.996,0,1.999,1739,1090,1.490,1.040,0.570,1,0,0,0,0,11,6,0,13,0
15-06 06:02:10,21.968,5.492,70.399,1.248,0,1323568,962080,176276,5456956,5244.448,1509.826,0,3970.283,0,443.362,4365,5018,1.490,1.040,0.570,4,0,44.935,0,0,11,4,0,15,0
15-06 06:02:11,22.021,3.754,72.319,0.751,0,1385932,899720,176292,5456940,5822.583,1391.334,0,3219.087,0,160.154,2209,2309,1.490,1.040,0.570,2,0,1.001,0,0,11,4,0,15,0
15-06 06:02:12,18.987,3.747,76.197,0,0,1410932,874428,176292,5457572,7476.787,3624.473,0,1087.242,0,18.987,2399,2855,1.370,1.020,0.570,4,0,34.976,0,0,11,17,0,14,0
15-06 06:02:13,22.041,4.258,72.135,0.250,0,1425924,858900,176336,5457504,12008.426,7622.235,268.501,12339.044,66.123,58.109,2993,8333,1.370,1.020,0.570,2,0,4.007,0,0,11,28,0,16,0
15-06 06:02:14,18.750,7.000,72.251,0,0,1459184,825632,176336,5457508,5646.053,1686.016,0,18616.174,0,119.001,2648,1948,1.370,1.020,0.570,2,0,43.000,0,0,11,28,0,16,0
15-06 06:02:15,15.216,1.746,81.568,0,0,1482608,802196,176344,5457512,9984.738,5687.320,0,3731.680,0,19.956,1620,1229,1.370,1.020,0.570,1,0,0,0,0,11,29,0,16,0
15-06 06:02:16,18.776,10.515,69.348,0,0,1452484,832292,176344,5457540,8694.228,4399.187,0,32.045,0,5.007,3453,2531,1.370,1.020,0.570,2,0,156.220,0,0,11,28,0,17,0
15-06 06:02:17,42.488,6.748,49.486,0,0,1574180,710596,176344,5457540,6399.211,1861.480,0,39.989,0,1.000,2736,1315,1.420,1.040,0.580,2,0,0,0,0,11,28,1,16,0
15-06 06:02:18,23.511,3.252,72.535,0.250,0,1561088,723632,176344,5457596,17479.394,13294.384,0,124.060,0,6.003,3904,4667,1.420,1.040,0.580,4,0,0,0,0,11,30,0,16,0
15-06 06:02:19,36.793,19.523,42.550,0.501,0,1503572,780972,176344,5457768,12719.966,8130.566,0,4244.995,0,47.055,6184,7041,1.420,1.040,0.580,6,0,394.464,0,0,11,28,0,17,0
15-06 06:02:20,79.256,20.502,0.250,0,0,1620372,664136,176344,5457804,4448.326,1188.087,0,12.001,0,3.000,5180,3367,1.420,1.040,0.580,6,0,184.013,0,0,11,28,0,17,0
15-06 06:02:21,76.749,12.000,8.500,0,0,1820652,463784,176344,5457852,21895.689,18529.737,0,4.000,0,1.000,5483,3983,1.420,1.040,0.580,4,0,1.000,0,0,11,33,1,16,0
15-06 06:02:22,71.541,9.223,18.695,0,0,1786172,498012,176360,5458084,32833.177,27772.945,0,594.266,0,47.860,9061,12969,1.710,1.100,0.600,6,0,85.750,0,0,11,30,0,20,0
15-06 06:02:23,36.450,13.482,49.183,0,0,1483620,800532,176368,5458108,6344.373,2841.137,0,607.174,0,39.946,4812,4338,1.710,1.100,0.600,2,0,223.696,0,0,11,28,0,22,0
15-06 06:02:24,17.285,2.756,78.909,0,0,1491768,792376,176372,5458112,6433.966,3430.914,0,1474.973,0,20.040,1618,1205,1.710,1.100,0.600,0,0,0,0,0,11,29,0,22,0
15-06 06:02:25,14.272,1.753,82.126,0,0,1476888,807240,176376,5458124,11038.998,6550.086,0,272.419,0,19.029,2640,3055,1.710,1.100,0.600,1,0,0,0,0,11,28,0,22,1
15-06 06:02:26,18.734,7.743,72.187,0,0,1436512,847608,176380,5458128,4994.668,1145.007,0,2238.059,0,118.897,2736,2035,1.710,1.100,0.600,1,0,67.941,0,0,11,28,0,23,0
15-06 06:02:27,17.242,2.499,78.965,0,0,1444340,839776,176380,5458132,9122.968,5311.652,0,51.977,0,4.998,1902,1640,1.650,1.100,0.600,1,0,0,0,0,11,29,0,23,0
15-06 06:02:28,17.033,4.509,76.901,0.250,0,1402336,881736,176392,5458164,8489.652,4684.188,0,180.354,0,22.043,3059,3141,1.650,1.100,0.600,1,0,36.071,0,0,11,28,0,24,0
15-06 06:02:29,8.230,24.690,64.844,0.998,0,1379696,904328,176428,5458168,5045.828,1454.491,0,100070.607,0,1089.372,6740,5536,1.650,1.100,0.600,3,0,408.016,0,0,11,28,0,24,0
15-06 06:02:30,41.301,32.040,26.032,0.250,0,1468496,815556,176436,5458188,5827.195,1622.003,0,1858.294,0,26.032,5846,4508,1.650,1.100,0.600,5,0,593.733,0,0,11,28,0,24,0
15-06 06:02:31,83.831,13.013,3.003,0,0,1708308,575716,176436,5458216,8964.688,7444.214,0,1725.672,0,90.087,5240,3023,1.650,1.100,0.600,2,0,1.001,0,0,11,31,0,24,0
15-06 06:02:32,60.211,7.245,31.729,0,0,1738592,545224,176440,5458420,39344.420,33808.019,0,75.951,0,5.996,7687,10947,1.520,1.080,0.600,2,0,0,0,0,11,33,0,24,0
15-06 06:02:33,71.068,17.517,10.260,0,0,1581396,702284,176468,5458528,18525.678,12803.218,0,524.501,0,69.066,7988,10344,1.520,1.080,0.600,6,0,310.296,0,0,11,28,0,26,0
15-06 06:02:34,86.748,13.750,0,0,0,1693048,590572,176472,5458552,5159.873,1619.960,0,831.980,0,12.000,4915,2536,1.520,1.080,0.600,7,0,0,0,0,11,28,0,26,0
15-06 06:02:35,77.520,9.472,12.214,0,0,1832836,450496,176484,5458828,30355.043,29018.006,0,362.924,0,16.950,6172,6227,1.520,1.080,0.600,2,0,0,0,0,11,34,0,26,0
15-06 06:02:36,67.706,10.532,20.061,0,0.251,1794536,488688,176504,5458932,42758.862,33669.256,0,838.547,0,53.161,10440,16295,1.520,1.080,0.600,7,0,86.262,0,0,11,30,0,29,1
15-06 06:02:37,52.001,15.000,32.501,0,0,1595560,687488,176508,5459104,9342.268,4778.137,0,152.004,0,17.000,4294,3580,1.560,1.100,0.610,2,0,212.006,0,0,11,28,0,26,0
15-06 06:02:38,26.915,3.738,68.535,0.249,0,1605892,677140,176512,5459116,15225.201,11103.142,0,163.487,0,7.975,2681,2740,1.560,1.100,0.610,1,0,0,0,0,11,30,0,26,0
15-06 06:02:39,33.857,19.562,45.142,0,0,1539176,743812,176516,5459156,14451.532,10066.717,0,357.125,0,30.095,5540,6659,1.560,1.100,0.610,3,0,329.037,0,0,11,29,0,27,0
15-06 06:02:40,71.812,10.473,17.454,0,0,1603140,679824,176516,5459180,7024.626,1946.908,0,394.967,0,13.963,4078,1785,1.560,1.100,0.610,2,0,49.870,0,0,11,28,1,28,0
15-06 06:02:41,34.009,4.251,60.266,0.250,0,1606160,676764,176520,5459216,22595.134,20117.461,0,160.043,0,8.002,4776,5493,1.560,1.100,0.610,0,0,1.000,0,0,11,31,0,28,0
15-06 06:02:42,50.613,17.539,30.819,0.251,0,1475508,807244,176524,5459384,16875.834,10892.419,0,2906.516,0,153.344,7267,8633,1.750,1.150,0.630,4,0,258.580,0,0,11,28,0,29,0
15-06 06:02:43,82.552,11.722,4.988,0,0,1636824,645888,176536,5459412,7535.918,4208.901,0,275.339,0,22.945,4810,2023,1.750,1.150,0.630,2,0,0,0,0,11,30,0,29,0
15-06 06:02:44,47.099,6.013,46.347,0,0.251,1649084,633580,176536,5459460,28724.089,24721.716,0,613.283,0,13.027,5887,7613,1.750,1.150,0.630,4,0,0,0,0,11,32,0,29,0
15-06 06:02:45,54.754,17.751,26.502,0,0,1511492,770992,176540,5459636,21387.611,15548.171,0,548.041,0,40.003,8062,9952,1.750,1.150,0.630,3,0,324.024,0,0,11,28,0,29,0
15-06 06:02:46,64.819,10.221,24.930,0,0,1592992,689440,176540,5459656,5634.226,2065.218,0,239.330,0,9.972,3797,1503,1.750,1.150,0.630,2,0,5.983,0,0,11,29,0,29,0
15-06 06:02:47,37.784,4.754,56.551,0,0,1616896,665500,176540,5459692,23228.812,19731.679,0,176.158,0,10.009,4978,5762,1.770,1.160,0.630,2,0,0,0,0,11,31,0,29,0
15-06 06:02:48,41.963,15.986,40.464,0.500,0,1471604,810620,176540,5459864,16933.935,11939.379,0,991.118,0,72.935,7239,8483,1.770,1.160,0.630,3,0,298.734,0,0,11,28,0,31,0
15-06 06:02:49,64.639,10.523,24.302,0,0,1545392,736828,176540,5459872,5411.629,1707.670,0,200.431,0,9.019,3653,1452,1.770,1.160,0.630,5,0,0,0,0,11,28,0,31,0
15-06 06:02:50,37.021,4.753,57.533,0,0,1576600,705592,176540,5459900,21903.589,18204.463,0,216.124,0,8.005,4826,5271,1.770,1.160,0.630,4,0,0,0,0,11,31,0,31,0
15-06 06:02:51,53.515,18.505,27.258,0,0.250,1533608,748240,176552,5460232,17130.943,13008.753,0,532.154,0,35.010,7195,7856,1.770,1.160,0.630,4,0,238.069,0,0,11,28,0,34,0
15-06 06:02:52,53.608,8.478,36.653,0,0,1643076,638760,176552,5460244,10052.410,8060.678,0,159.578,0,8.976,3473,1578,1.630,1.140,0.630,0,0,49.868,0,0,11,31,0,34,0
15-06 06:02:53,42.305,5.507,51.567,0,0,1627968,653680,176556,5460428,24139.362,18610.179,0,340.442,0,31.040,6498,8646,1.630,1.140,0.630,2,0,0,0,0,11,30,0,33,0
15-06 06:02:54,57.714,14.241,27.483,0.250,0,1523760,757844,176572,5460456,7928.060,3602.755,0,287.821,0,23.985,4621,3406,1.630,1.140,0.630,3,0,111.930,0,0,11,28,0,34,0
15-06 06:02:55,47.850,6.013,45.094,0,0,1618464,663124,176576,5460468,15579.490,11675.348,0,316.660,0,10.021,3528,2255,1.630,1.140,0.630,2,0,0,0,0,11,31,0,34,0
15-06 06:02:56,47.862,7.977,43.375,0.249,0,1569228,712292,176588,5460524,22452.096,16104.445,0,386.882,0,37.890,6513,8325,1.630,1.140,0.630,6,0,63.816,0,0,11,29,0,35,0
15-06 06:02:57,70.438,27.323,1.755,0,0,1583504,697976,176588,5460564,7627.335,2429.477,0,308.823,0,29.078,5642,4564,1.980,1.220,0.660,8,0,508.355,0,0,11,28,0,36,0
15-06 06:02:58,80.247,19.999,0.250,0,0,1756480,524968,176588,5460596,10612.575,6827.727,0,191.992,0,8.000,5715,4554,1.980,1.220,0.660,6,0,314.987,0,0,11,30,0,36,0
15-06 06:02:59,71.146,20.969,6.740,0,0,1827300,453920,176612,5460800,37965.246,34355.547,0,894.686,0,54.919,8178,9535,1.980,1.220,0.660,5,0,460.324,0,0,11,33,0,37,0
15-06 06:03:00,67.105,24.038,8.013,0,0,1676608,604392,176636,5461032,33298.097,26799.930,0,2291.585,0,88.138,7866,9353,1.980,1.220,0.660,5,0,477.747,0,0,11,28,0,37,0
15-06 06:03:01,86.503,13.251,0.250,0,0,1652536,628420,176644,5461068,7506.299,3586.143,0,112.004,0,8.000,4974,2350,1.980,1.220,0.660,4,0,31.001,0,0,11,29,0,37,0
15-06 06:03:02,62.413,7.989,29.209,0,0,1731056,549860,176644,5461108,26874.568,23109.812,0,111.844,0,5.992,5286,5955,1.900,1.220,0.660,2,0,0,0,0,11,33,0,37,0
15-06 06:03:03,60.519,6.752,31.760,0.250,0,1682856,597868,176644,5461300,38744.877,32548.977,0,228.070,0,16.005,9642,13784,1.900,1.220,0.660,8,0,55.017,0,0,11,29,0,41,0
15-06 06:03:04,21.962,30.198,46.170,0,0,1461992,818676,176644,5461356,8518.265,4317.532,0,15.972,0,3.993,6558,6076,1.900,1.220,0.660,1,0,643.886,0,0,11,28,0,42,0
15-06 06:03:05,41.108,34.842,23.562,0,0,1488268,792372,176644,5461384,5672.958,1461.855,0,68.180,0,13.034,6131,5511,1.900,1.220,0.660,5,0,857.260,0,0,11,28,0,42,0
15-06 06:03:06,69.182,11.489,19.481,0,0,1644500,636092,176648,5461424,13238.953,9257.876,0,547.460,0,13.986,4590,2794,1.900,1.220,0.660,3,0,46.954,0,0,11,31,0,42,0
15-06 06:03:07,50.499,6.000,42.499,0,0,1660628,619768,176660,5461608,27880.312,23174.428,0,587.985,0,44.999,6942,9018,1.990,1.250,0.670,3,0,0,0,0,11,30,0,43,1
15-06 06:03:08,71.430,18.981,9.241,0,0,1561192,719140,176684,5461648,9944.220,5130.954,0,379.627,0,41.959,6101,5661,1.990,1.250,0.670,4,0,267.737,0,0,11,28,0,46,0
15-06 06:03:09,69.406,8.519,21.549,0,0,1651432,628868,176684,5461640,15484.861,12608.385,0,172.388,0,11.025,4331,2575,1.990,1.250,0.670,1,0,2.005,0,0,11,32,0,46,0
15-06 06:03:10,46.937,6.741,45.189,0,0,1651212,628868,176688,5461852,34169.847,28931.922,0,335.547,0,10.985,8222,12334,1.990,1.250,0.670,3,0,0,0,0,11,32,0,46,0
15-06 06:03:11,46.220,5.746,45.720,0.250,0,1650976,628868,176692,5462084,35573.993,29611.849,0,287.814,0,19.987,10559,15402,1.990,1.250,0.670,2,0,0.999,0,0,11,31,0,46,0
15-06 06:03:12,72.141,14.528,13.526,0,0,1485304,794488,176696,5462132,14537.372,8804.183,0,436.853,0,53.104,6748,7475,2.150,1.290,0.690,4,0,120.235,0,0,11,28,0,46,0
15-06 06:03:13,72.944,12.199,14.190,0,0,1650748,629016,176712,5462140,12745.495,8759.229,0,3485.369,0,148.377,5200,8721,2.150,1.290,0.690,3,0,36.845,0,0,11,34,0,47,0
15-06 06:03:14,53.651,6.268,38.859,0,0,1650536,629016,176712,5462344,32769.197,28149.199,0,204.576,0,15.042,7771,10924,2.150,1.290,0.690,3,0,1.003,0,0,11,36,0,43,0
15-06 06:03:15,45.057,5.507,47.810,0,0,1650272,629016,176724,5462592,40429.735,33935.585,0,164.206,0,12.015,11340,17335,2.150,1.290,0.690,2,0,0,0,0,11,36,0,43,0
15-06 06:03:16,71.255,17.501,10.751,0,0,1484736,794512,176724,5462628,17322.103,11636.741,0,0,0,0,6558,6504,2.150,1.290,0.690,4,0,260.017,0,0,11,32,0,47,0
15-06 06:03:17,72.043,11.218,16.702,0,0,1656928,622304,176724,5462644,11027.388,7534.402,0,0,0,0,4266,1561,2.060,1.290,0.690,1,0,0,0,0,11,36,0,47,0
15-06 06:03:18,51.432,6.491,40.946,0,0,1657204,621828,176724,5462840,30550.834,25502.471,0,0,0,0,7973,10261,2.060,1.290,0.690,2,0,0,0,0,11,36,0,46,0
15-06 06:03:19,61.799,10.508,27.522,0,0,1618596,660360,176724,5462916,25388.174,20197.049,0,0,0,0,6626,10121,2.060,1.290,0.690,3,0,68.054,0,0,11,34,0,48,0
15-06 06:03:20,70.963,11.284,17.803,0.251,0,1593596,685200,176732,5463064,15544.569,10903.666,0,328.986,0,29.087,5076,4246,2.060,1.290,0.690,3,0,60.180,0,0,11,34,0,48,0
15-06 06:03:21,61.910,10.443,26.355,0,0,1616164,662532,176768,5463124,14630.717,11387.513,0,397.817,0,35.804,5071,4096,2.060,1.290,0.690,3,0,60.667,0,0,11,34,0,50,0
15-06 06:03:22,68.808,12.556,18.583,0.251,0,1623888,654752,176784,5463160,19425.077,13942.500,0,2097.402,0,119.536,5700,6917,2.130,1.320,0.710,5,0,60.270,0,0,11,34,0,48,0
15-06 06:03:23,50.478,6.747,42.481,0,0,1655160,623276,176784,5463364,32143.984,27607.962,0,0,0,0,7884,10369,2.130,1.320,0.710,3,0,0,0,0,11,36,0,48,0
15-06 06:03:24,60.542,14.260,23.016,0,0,1483632,794740,176784,5463420,23501.354,18001.527,0,0,0,0,8292,10040,2.130,1.320,0.710,4,0,190.132,0,0,11,32,0,52,0
15-06 06:03:25,81.549,13.758,5.003,0,0,1643532,634812,176784,5463444,7354.420,4147.493,0,8.005,0,1.001,4633,1752,2.130,1.320,0.710,2,0,37.022,0,0,11,34,0,52,0
15-06 06:03:26,51.673,5.242,42.686,0,0,1663008,615156,176784,5463624,30679.027,25843.274,0,0,0,0,6072,7430,2.130,1.320,0.710,3,0,0,0,0,11,35,0,47,0
15-06 06:03:27,63.368,13.525,22.542,0,0,1588152,689952,176792,5463672,18639.782,12673.649,0,480.897,0,46.086,6822,8201,2.280,1.360,0.720,4,0,140.262,0,0,11,32,0,50,0
15-06 06:03:28,58.463,9.244,31.230,0,0,1626072,652012,176792,5463692,14852.624,10297.499,0,143.909,0,10.993,3844,2591,2.280,1.360,0.720,3,0,65.958,0,0,11,34,0,50,0
15-06 06:03:29,42.663,9.481,47.154,0.249,0,1566008,711888,176796,5463872,15368.755,11479.662,0,3265.361,0,194.604,5053,5287,2.280,1.360,0.720,3,0,119.757,0,0,11,33,0,52,0
15-06 06:03:30,60.112,12.022,27.551,0,0,1551572,726308,176796,5463888,8729.222,3705.887,0,304.566,0,43.080,4626,3263,2.280,1.360,0.720,3,0,96.179,0,0,11,32,0,52,0
15-06 06:03:31,45.184,5.742,48.180,0,0,1609128,668716,176800,5463920,21822.182,18767.636,0,167.755,0,7.988,4516,4951,2.280,1.360,0.720,0,0,0.999,0,0,11,35,0,52,0
15-06 06:03:32,45.544,10.010,44.043,0.250,0,1460828,816848,176804,5464088,20821.112,14590.093,0,188.182,0,15.015,6052,7955,2.260,1.370,0.730,3,0,86.083,0,0,11,33,0,54,0
15-06 06:03:33,48.645,9.230,41.161,0,0,1573040,704572,176804,5464148,7102.702,3124.271,0,131.716,0,10.976,3514,2160,2.260,1.370,0.730,2,0,85.815,0,0,11,33,0,55,0
15-06 06:03:34,24.765,3.252,70.541,0,0,1571636,705944,176804,5464176,17395.223,13939.192,0,168.099,0,8.005,3820,4781,2.260,1.370,0.730,0,0,0,0,0,11,34,0,53,0
15-06 06:03:35,27.828,5.014,65.684,0.251,0,1503808,773616,176808,5464328,17192.276,10662.942,0,726.039,0,57.161,5251,6265,2.260,1.370,0.730,3,0,59.166,0,0,11,32,0,55,0
15-06 06:03:36,40.149,10.474,48.628,0,0,1541968,735452,176808,5464332,5926.101,1496.238,0,1332.650,0,8.977,3245,1818,2.260,1.370,0.730,2,0,75.809,0,0,11,32,0,55,0
15-06 06:03:37,30.763,4.502,63.776,0,0,1569016,708380,176816,5464348,15942.612,11786.889,0,116.048,0,11.005,3004,2464,2.160,1.370,0.730,0,0,0,0,0,11,34,0,55,0
15-06 06:03:38,31.283,8.759,58.561,0,0,1501164,776012,176824,5464552,14792.514,8283.688,0,656.689,0,45.047,4887,5758,2.160,1.370,0.730,2,0,91.096,0,0,11,32,0,52,0
15-06 06:03:39,39.464,8.492,51.204,0,0,1541892,735280,176824,5464556,7422.267,3582.750,0,7.993,0,1.998,3080,1637,2.160,1.370,0.730,1,0,46.957,0,0,11,33,0,52,0
15-06 06:03:40,31.279,3.753,64.310,0.250,0,1519432,757716,176832,5464572,17327.086,12640.735,0,152.141,0,12.011,3549,3740,2.160,1.370,0.730,1,0,4.004,0,0,11,33,0,53,0
15-06 06:03:41,35.778,9.007,53.792,0,0,1487312,789824,176832,5464584,10027.840,5534.327,0,396.310,0,29.023,4388,4100,2.160,1.370,0.730,2,0,62.049,0,0,11,32,0,54,0
15-06 06:03:42,36.485,4.248,58.975,0,0,1507512,769608,176832,5464600,12405.811,9559.002,0,0,0,0,3200,2463,2.070,1.360,0.740,0,0,0,0,0,11,34,0,54,0
15-06 06:03:43,27.725,5.995,65.440,0,0,1475392,801688,176832,5464640,19312.282,14335.848,0,0,0,0,4794,5817,2.070,1.360,0.740,1,0,42.961,0,0,11,33,0,52,0
15-06 06:03:44,39.763,7.502,52.017,0,0,1475880,801044,176840,5464784,6941.300,2792.926,0,2268.752,0,149.049,3106,2335,2.070,1.360,0.740,2,0,5.002,0,0,11,32,0,53,0
15-06 06:03:45,28.775,3.753,65.807,0.250,0,1538988,737920,176840,5464796,13725.827,11824.188,0,152.131,0,9.008,2943,2739,2.070,1.360,0.740,3,0,0,0,0,11,34,0,53,0
15-06 06:03:46,28.174,3.491,67.068,0,0,1533400,743468,176840,5464836,20763.721,13630.056,0,159.567,0,21.941,5083,6395,2.070,1.360,0.740,2,0,5.984,0,0,11,32,0,55,0
15-06 06:03:47,27.280,15.017,57.063,0.250,0,1500872,775936,176840,5464896,5045.551,1621.784,0,148.163,0,11.012,4257,3101,1.980,1.350,0.740,1,0,282.311,0,0,11,32,0,52,0
15-06 06:03:48,17.245,2.249,79.228,0,0,1521976,754820,176840,5464904,9846.295,6488.218,0,187.948,0,7.998,1922,1607,1.980,1.350,0.740,1,0,0,0,0,11,33,0,52,0
15-06 06:03:49,14.248,1.500,82.239,0.250,0,1505512,771260,176844,5464924,10751.564,7326.022,0,715.904,0,51.993,3390,4273,1.980,1.350,0.740,1,0,0,0,0,11,32,0,53,0
15-06 06:03:50,13.022,17.279,69.116,0.250,0,1458948,817816,176844,5464932,5126.587,1460.446,0,132.221,0,15.025,4499,3094,1.980,1.350,0.740,1,0,284.476,0,0,11,32,0,53,0
15-06 06:03:51,21.467,3.994,73.137,0,0,1476168,800592,176844,5464936,5228.906,1617.496,0,7.988,0,1.997,1790,1195,1.980,1.350,0.740,1,0,0.998,0,0,11,32,0,50,0
15-06 06:03:52,14.514,2.502,82.327,0,0,1482200,794548,176844,5464948,11381.648,8244.713,0,300.281,0,16.015,2308,2417,1.820,1.330,0.730,0,0,0,0,0,11,33,0,50,0
15-06 06:03:53,15.256,4.752,78.532,0,0,1433696,843036,176844,5464964,9970.092,5555.280,0,100.041,0,7.003,3069,3027,1.820,1.330,0.730,1,0,46.019,0,0,11,32,0,51,0
15-06 06:03:54,22.245,3.499,73.233,0,0,1477192,799532,176844,5464972,5142.786,1457.656,0,143.966,0,13.997,1965,1605,1.820,1.330,0.730,1,0,0,0,0,11,32,0,51,0
15-06 06:03:55,13.481,1.997,83.635,0,0,1480132,796452,176848,5465108,11189.609,7731.366,0,103.857,0,6.990,2144,2330,1.820,1.330,0.730,0,0,0,0,0,11,33,0,47,0
15-06 06:03:56,14.516,2.002,82.090,0.250,0,1468488,808064,176852,5465136,13257.484,7916.649,0,180.197,0,17.019,4072,5367,1.820,1.330,0.730,1,0,0,0,0,11,32,1,47,0
15-06 06:03:57,12.271,16.779,69.120,0,0,1362244,914152,176856,5465284,5940.290,1460.530,0,132.229,0,13.023,4976,3802,1.760,1.330,0.730,1,0,376.652,0,0,11,32,0,47,0
15-06 06:03:58,30.982,16.490,51.970,0.250,0,1407624,868736,176900,5465276,6236.379,1619.060,0,491.714,0,29.983,4592,3410,1.760,1.330,0.730,2,0,249.855,0,0,11,32,0,50,0
15-06 06:03:59,43.189,6.741,47.683,1.748,0,1513784,760180,177040,5467248,5572.169,1659.667,0,4258.015,0,308.566,4358,4370,1.760,1.330,0.730,5,0,19.972,0,0,11,36,0,48,0
15-06 06:04:00,34.208,8.240,41.698,11.985,0,1511580,755752,177956,5472596,5455.253,1617.999,0,44620.811,0,3729.387,14520,28190,1.760,1.330,0.730,1,1,111.862,0,0,11,36,0,48,0
15-06 06:04:01,35.336,7.518,42.604,12.280,0,1523544,742640,178284,5473368,5730.967,1623.958,0,27839.850,0,2865.985,13061,24497,1.760,1.330,0.730,3,1,42.103,0,0,11,36,0,48,0
15-06 06:04:02,45.498,6.500,46.748,1.500,0,1500872,765268,178308,5473388,5579.782,1619.937,0,15399.397,0,882.965,4518,5698,1.780,1.340,0.740,3,0,6.000,0,0,11,32,0,48,0
15-06 06:04:03,40.016,7.503,45.518,5.502,0,1596068,669732,178504,5473528,5534.224,1338.538,0,6406.575,0,1045.420,8038,12524,1.780,1.340,0.740,3,1,1.000,0,0,11,34,0,47,0
15-06 06:04:04,37.965,7.743,44.210,7.243,0,1552516,712472,178924,5473900,6166.368,1618.522,0,16552.882,0,2013.161,10200,18261,1.780,1.340,0.740,3,0,16.984,0,0,11,32,0,47,0
15-06 06:04:05,22.967,7.989,67.153,0.749,0.250,1551944,712996,178936,5473900,4807.090,647.070,0,2640.205,0,149.785,2956,2519,1.780,1.340,0.740,1,0,85.877,0,0,11,32,0,47,0
15-06 06:04:06,22.758,3.751,72.774,0.250,0,1554824,710092,178952,5473904,4926.647,648.217,0,852.285,0,51.017,1929,1539,1.780,1.340,0.740,1,0,0,0,0,11,32,0,47,0
15-06 06:04:07,21.758,4.752,71.276,1.501,0,1535156,729688,179000,5473928,3583.317,162.060,0,6950.555,0,356.131,2607,2971,1.710,1.330,0.740,1,0,1.000,0,0,11,32,0,42,0
15-06 06:04:08,22.243,2.999,73.476,0,0,1558404,706440,179000,5473928,5536.178,1457.520,0,0,0,0,1735,1112,1.710,1.330,0.740,1,0,1.999,0,0,11,32,0,42,0
15-06 06:04:09,23.254,3.001,73.514,0,0,1516840,747992,179000,5473940,5761.079,1620.304,0,4.001,0,1.000,1755,1189,1.710,1.330,0.740,1,0,1.000,0,0,11,32,0,42,0
15-06 06:04:10,21.996,3.499,73.488,0,0,1542048,722784,179000,5473940,5597.076,1457.759,0,0,0,0,1755,1148,1.710,1.330,0.740,1,0,2.000,0,0,11,32,0,42,0
15-06 06:04:11,23.507,3.251,73.022,0,0,1493332,771404,179008,5474016,5962.801,1714.518,0,228.069,0,51.015,1827,1188,1.710,1.330,0.740,1,0,2.001,0,0,11,32,0,38,0
15-06 06:04:12,22.483,2.998,73.694,0,0,1538528,726204,179008,5474016,4814.310,1456.883,0,195.850,0,1.998,1721,1073,1.660,1.330,0.740,2,0,1.998,0,0,11,32,0,38,0
15-06 06:04:13,29.037,6.008,64.333,0,0,1459848,804860,179016,5474028,5937.620,1622.082,0,136.175,0,12.015,3379,12779,1.660,1.330,0.740,2,0,37.048,0,0,11,32,0,39,0
15-06 06:04:14,22.224,3.246,72.665,0,0,1451516,813060,179032,5474140,5661.366,1510.230,0,327.616,0,21.974,1918,1553,1.660,1.330,0.740,1,0,0.999,0,0,11,32,0,39,0
15-06 06:04:15,21.767,4.504,73.308,0,0,1481380,783196,179032,5474140,5570.436,1567.248,0,8.006,0,2.002,1766,1243,1.660,1.330,0.740,2,0,0,0,0,11,32,0,38,0
15-06 06:04:16,22.271,3.253,73.571,0,0,1490804,773752,179032,5474160,5842.608,1621.556,0,0,0,0,1752,1110,1.660,1.330,0.740,2,0,3.003,0,0,11,32,0,38,0
15-06 06:04:17,21.998,3.750,73.492,0,0,1511648,752900,179036,5474164,5821.347,1619.818,0,0,0,0,1826,1341,1.600,1.320,0.750,1,0,0,0,0,11,32,0,38,0
15-06 06:04:18,22.459,3.244,73.116,0,0,1490884,773624,179036,5474200,5450.007,1617.035,0,0,0,0,1793,1241,1.600,1.320,0.750,1,0,0.998,0,0,11,32,0,38,0
15-06 06:04:19,22.762,3.002,74.040,0.250,0,1518444,746064,179036,5474200,5462.948,1620.875,0,120.065,0,2.001,1825,1224,1.600,1.320,0.750,1,0,2.001,0,0,11,32,0,32,0
15-06 06:04:20,14.479,12.981,71.146,0,0,1467260,797048,179044,5474348,5571.870,1617.640,0,175.744,0,1.997,4060,2921,1.600,1.320,0.750,1,0,238.652,0,0,11,32,0,32,0
15-06 06:04:21,7.519,22.307,67.925,0,0,1450260,813984,179044,5474408,5753.821,1461.765,0,850.190,0,41.106,5517,3885,1.600,1.320,0.750,1,0,365.943,0,0,11,32,0,32,0
15-06 06:04:22,8.757,20.016,69.805,0,0,1438144,825892,179048,5474576,5069.974,1621.271,0,364.286,0,7.005,5466,3850,1.640,1.330,0.750,1,0,328.257,0,0,11,32,0,32,0
15-06 06:04:23,7.750,22.249,68.496,0,0,1433144,830864,179048,5474600,5503.717,1457.925,0,283.985,0,22.999,5988,4669,1.640,1.330,0.750,1,0,411.979,0,0,11,32,0,32,0
15-06 06:04:24,21.182,4.735,72.517,0.249,0,1459464,804540,179056,5474592,5528.241,1614.813,0,5095.631,0,249.199,2596,2512,1.640,1.330,0.750,1,0,25.917,0,0,11,32,0,30,0
15-06 06:04:25,22.060,3.510,73.952,0,0,1492404,771600,179056,5474592,5519.043,1461.985,0,16.044,0,1.003,1807,1078,1.640,1.330,0.750,1,0,2.005,0,0,11,32,0,30,0
15-06 06:04:26,22.746,2.999,73.486,0,0,1464992,799016,179056,5474588,5230.000,1175.775,0,0,0,0,1769,1217,1.640,1.330,0.750,1,0,1.000,0,0,11,32,0,30,0
15-06 06:04:27,22.998,3.000,73.494,0,0,1480792,783216,179056,5474588,5357.562,1457.881,0,479.961,0,82.993,1797,1126,1.580,1.330,0.750,1,0,2.000,0,0,11,32,0,30,0
15-06 06:04:28,22.251,3.500,73.754,0,0,1496656,767340,179056,5474596,5116.248,1566.076,0,0,0,0,1797,1304,1.580,1.330,0.750,1,0,1.000,0,0,11,32,0,22,0
15-06 06:04:29,22.714,2.995,73.135,0,0,1525888,738108,179056,5474596,4854.347,1509.620,0,55.912,0,2.995,1774,1167,1.580,1.330,0.750,1,0,1.997,0,0,11,32,0,22,0
15-06 06:04:30,22.025,3.254,73.834,0,0,1477400,786608,179056,5474584,4911.567,1567.777,0,0,0,0,1756,1121,1.580,1.330,0.750,1,0,3.003,0,0,11,32,0,22,0
15-06 06:04:31,22.717,3.495,73.394,0,0,1514696,749312,179056,5474584,5257.392,1455.893,0,0,0,0,1764,1136,1.580,1.330,0.750,1,0,0.999,0,0,11,32,0,22,0
15-06 06:04:32,22.057,3.509,73.690,0,0,1469564,794420,179056,5474608,4904.619,1515.900,0,2626.759,0,107.276,1779,1183,1.540,1.320,0.750,1,0,1.003,0,0,11,32,0,19,0
15-06 06:04:33,22.220,3.495,73.151,0.250,0,1511620,752368,179056,5474604,5272.866,1617.811,0,235.681,0,13.981,1901,1434,1.540,1.320,0.750,2,0,1.997,0,0,11,32,0,19,0
15-06 06:04:34,22.758,4.001,72.776,0,0.250,1478216,785756,179060,5474616,5387.908,1566.555,0,468.166,0,33.012,1838,1340,1.540,1.320,0.750,1,0,1.000,0,0,11,32,0,19,0
15-06 06:04:35,22.519,3.253,73.561,0,0,1507840,756160,179060,5474588,5764.802,1621.351,0,0,0,0,1751,1141,1.540,1.320,0.750,1,0,2.002,0,0,11,32,0,19,0
15-06 06:04:36,23.218,2.497,73.650,0,0,1478076,785896,179060,5474616,6368.313,1659.736,0,27.962,0,0.999,1711,1055,1.540,1.320,0.750,1,0,0.999,0,0,11,32,0,14,0
15-06 06:04:37,22.243,3.499,73.227,0,0,1487356,776700,179060,5474532,6597.970,1619.502,0,103.968,0,1.999,1773,1145,1.570,1.330,0.760,1,0,1.999,0,0,11,32,0,14,0
15-06 06:04:38,23.506,2.251,73.269,0,0.250,1525820,738236,179060,5474532,6421.641,1620.414,0,100.026,0,2.001,1678,1002,1.570,1.330,0.760,1,0,0,0,0,11,32,0,14,0
15-06 06:04:39,22.255,3.501,73.518,0,0,1491212,772760,179064,5474612,6199.492,1458.351,0,84.020,0,4.001,1831,1261,1.570,1.330,0.760,3,0,1.000,0,0,11,32,0,14,0
15-06 06:04:40,22.261,4.002,73.537,0,0,1477224,786756,179064,5474604,5402.688,1620.806,0,12.006,0,1.000,1782,1224,1.570,1.330,0.760,2,0,1.000,0,0,11,32,0,12,0
15-06 06:04:41,22.008,3.501,73.275,0,0,1490316,773664,179064,5474604,3804.303,486.166,0,20.007,0,1.000,1749,1177,1.570,1.330,0.760,1,0,3.001,0,0,11,32,0,12,0
15-06 06:04:42,23.239,2.749,73.214,0,0,1474308,789652,179064,5474624,4829.650,1511.265,0,219.893,0,37.982,1789,1193,1.530,1.330,0.760,1,0,1.000,0,0,11,32,0,12,0
15-06 06:04:43,23.263,2.501,73.042,0.250,0,1485736,778240,179064,5474608,5629.253,1566.905,0,136.079,0,10.006,1941,1531,1.530,1.330,0.760,1,0,1.001,0,0,11,32,0,12,0
15-06 06:04:44,22.745,3.749,72.483,0,0,1495232,768736,179064,5474620,5250.742,1511.638,0,303.927,0,21.995,1969,1435,1.530,1.330,0.760,1,0,2.999,0,0,11,32,0,8,0
15-06 06:04:45,18.506,8.253,72.273,0,0,1469484,794444,179064,5474656,6047.889,1566.489,0,64.020,0,4.001,2719,1802,1.530,1.330,0.760,1,0,96.030,0,0,11,32,0,8,0
15-06 06:04:46,8.482,23.201,66.858,0,0,1454724,809188,179064,5474676,5597.140,1508.803,0,191.594,0,7.983,5424,3855,1.530,1.330,0.760,1,0,369.218,0,0,11,32,0,8,0
15-06 06:04:47,21.793,4.258,73.395,0,0,1510788,753108,179064,5474692,5456.805,1569.107,0,20.040,0,1.002,1763,1285,1.490,1.320,0.760,1,0,0,0,0,11,32,0,8,0
15-06 06:04:48,23.007,2.501,73.773,0,0,1509896,753756,179064,5474932,4833.504,1512.471,0,0,0,0,1755,977,1.490,1.320,0.760,1,0,9.003,0,0,11,32,0,6,0
15-06 06:04:49,21.728,3.996,73.426,0,0,1498960,764688,179064,5474936,4947.008,1510.476,0,143.855,0,1.998,1802,1269,1.490,1.320,0.760,1,0,0,0,0,11,32,0,6,0
15-06 06:04:50,19.036,9.518,70.633,0,0,1480912,782604,179064,5475068,5155.716,1611.036,40.076,0,2.004,0,3196,2339,1.490,1.320,0.760,1,0,200.378,0,0,11,32,0,6,0
15-06 06:04:51,7.997,21.993,69.227,0,0,1457000,806480,179064,5475088,5295.256,1619.467,0,199.934,0,7.997,5814,4302,1.490,1.320,0.760,2,0,401.868,0,0,11,32,0,6,0
15-06 06:04:52,8.242,21.979,67.684,0,0,1442440,821008,179064,5475120,5394.731,1618.419,0,223.781,0,4.995,6097,4683,1.530,1.330,0.770,1,0,482.529,0,0,11,32,0,5,0
15-06 06:04:53,8.995,21.737,68.209,0.250,0,1425640,837760,179064,5475160,4976.988,1619.020,0,967.415,0,86.947,6175,4878,1.530,1.330,0.770,2,0,463.719,0,0,11,32,0,5,0
15-06 06:04:54,8.265,22.041,68.377,0.250,0,1405356,858016,179064,5475188,5229.726,1623.018,0,1847.436,0,45.084,6389,5193,1.530,1.330,0.770,1,0,542.008,0,0,11,32,0,5,0
15-06 06:04:55,8.000,22.750,67.749,0,0,1407808,855544,179064,5475208,5505.953,1565.987,0,1055.991,0,12.000,6067,4575,1.530,1.330,0.770,1,0,474.996,0,0,11,32,0,5,0
15-06 06:04:56,8.243,20.482,70.188,0,0,1406296,857024,179064,5475240,6776.991,1564.613,0,199.823,0,4.996,5708,4127,1.530,1.330,0.770,3,0,378.664,0,0,11,32,0,4,0
15-06 06:04:57,8.258,21.019,69.064,0,0,1398520,864772,179064,5475268,5931.485,1567.449,0,288.267,0,9.008,5905,4451,1.480,1.330,0.770,1,0,428.396,0,0,11,32,0,4,0
15-06 06:04:58,8.749,21.998,68.243,0,0,1393216,870036,179064,5475300,5817.432,1511.852,0,139.986,0,13.999,6294,5048,1.480,1.330,0.770,2,0,528.948,0,0,11,32,0,4,0
15-06 06:04:59,9.499,22.996,66.490,0,0,1335556,927640,179076,5475344,4971.242,1025.844,0,107.984,0,8.999,6266,5106,1.480,1.330,0.770,2,0,531.919,0,0,11,34,0,4,0
15-06 06:05:00,44.506,26.253,28.754,0,0,1438860,824300,179080,5475368,5546.710,1620.207,0,1064.136,0,62.008,6635,6186,1.480,1.330,0.770,3,0,632.081,0,0,11,32,0,7,0
15-06 06:05:01,61.980,12.496,23.992,0.500,0,1621920,638756,179128,5477520,5879.082,1457.525,371.879,2035.336,2.999,103.966,4182,2666,1.480,1.330,0.770,3,0,7.997,0,0,11,34,0,7,0
15-06 06:05:02,48.467,10.243,28.231,11.242,0,1636464,613108,180084,5486668,5456.242,1660.856,0,55677.648,0,3938.287,17365,32095,1.610,1.350,0.790,3,0,150.896,0,0,11,36,0,8,0
15-06 06:05:03,41.026,10.006,31.520,15.009,0,1627360,610880,180612,5497028,5061.199,1458.922,0,86314.551,0,6178.905,19538,41030,1.610,1.350,0.790,1,1,102.065,0,0,11,36,0,8,0
15-06 06:05:04,34.514,8.504,37.015,18.008,0,1633984,595256,180860,5505508,11628.846,7284.036,0,77916.471,0,5740.392,20160,39867,1.610,1.350,0.790,3,0,48.020,0,0,11,37,0,8,0
15-06 06:05:05,37.000,13.500,34.500,12.250,0,1569236,654336,181356,5510492,9490.881,5128.935,0,36347.542,0,2958.963,15127,26586,1.610,1.350,0.790,2,1,276.997,0,0,11,34,0,9,0
15-06 06:05:06,46.428,21.217,21.966,9.236,0,1630080,586224,182888,5515920,6187.356,1617.479,315.508,58049.523,5.991,3911.903,17529,34605,1.610,1.350,0.790,6,0,235.633,0,0,11,34,0,9,0
15-06 06:05:07,47.996,18.249,21.998,8.999,0,1646436,565516,182072,5520880,12617.067,8350.382,1799.867,31390.678,34.997,2558.811,13738,25226,1.800,1.400,0.800,2,1,270.980,0,0,11,35,0,9,0
15-06 06:05:08,47.042,6.506,34.030,10.259,0,1643552,565516,182172,5523584,13191.650,9037.982,0,44263.090,0,3559.143,16610,30407,1.800,1.400,0.800,2,1,42.037,0,0,11,35,0,9,0
15-06 06:05:09,51.544,8.257,27.524,11.760,0,1541156,663616,182308,5527596,10470.945,6509.561,0,67761.888,0,4929.211,17698,34424,1.800,1.400,0.800,3,0,75.064,0,0,11,34,0,9,0
15-06 06:05:10,57.665,9.486,19.471,10.485,0,1604708,600616,182532,5526804,5092.535,1617.629,0,34872.882,0,3085.477,13398,24784,1.800,1.400,0.800,4,0,17.974,0,0,11,34,0,9,0
15-06 06:05:11,45.549,8.759,31.284,11.763,0,1608520,596028,182732,5527360,12746.758,8562.242,0,43999.491,0,3694.988,15524,29902,1.800,1.400,0.800,2,1,37.040,0,0,11,35,0,9,0
15-06 06:05:12,48.770,9.254,30.512,9.754,0,1605052,597772,182844,5528936,12954.196,9345.748,0,64429.841,0,4760.909,18041,36375,2.380,1.520,0.850,1,1,33.013,0,0,11,37,0,9,0
15-06 06:05:13,57.484,10.497,25.493,5.748,0,1583552,617544,182892,5530412,11709.686,6976.025,0,17655.003,0,1923.456,11727,32454,2.380,1.520,0.850,3,0,117.967,0,0,11,36,0,11,0
15-06 06:05:14,53.759,10.752,20.253,13.502,0,1596316,601668,182928,5533564,4868.790,1188.193,0,43455.047,0,3714.602,14399,27823,2.380,1.520,0.850,2,1,70.011,0,0,11,36,0,11,0
15-06 06:05:15,48.001,9.000,27.750,14.000,0,1616128,578300,183080,5536836,11466.190,7169.119,0,49468.820,0,4193.069,14372,29974,2.380,1.520,0.850,5,1,63.001,0,0,11,37,0,11,0
15-06 06:05:16,43.252,8.750,34.251,11.000,0,1611736,579680,183196,5539660,13076.496,8009.304,0,56254.134,0,4494.170,17625,35273,2.380,1.520,0.850,2,1,87.003,0,0,11,37,0,11,0
15-06 06:05:17,45.243,9.499,33.745,10.748,0,1609324,579892,183228,5541764,13894.862,8899.631,0,44461.159,0,3643.439,17089,31860,2.510,1.560,0.860,2,1,53.992,0,0,11,36,0,10,0
15-06 06:05:18,54.980,11.996,21.492,10.496,0,1573260,618744,183256,5538916,5805.875,1565.427,0,43168.198,0,3807.606,15662,29998,2.510,1.560,0.860,3,0,44.984,0,0,11,36,0,10,0
15-06 06:05:19,46.017,10.754,30.011,10.254,0,1604524,587460,183292,5538892,10646.841,6546.361,0,51378.534,0,3968.432,15153,28717,2.510,1.560,0.860,3,0,18.006,0,0,11,37,0,10,0
15-06 06:05:20,54.253,9.001,29.002,6.500,0,1476620,714940,183308,5539296,11906.755,7366.467,0,27141.720,0,2092.133,9913,18072,2.510,1.560,0.860,4,0,57.004,0,0,11,33,0,11,0
15-06 06:05:21,32.741,14.496,51.486,0.250,0,1469156,722300,183308,5539388,13246.312,7954.785,0,1175.673,0,60.983,5434,5506,2.510,1.560,0.860,2,0,179.950,0,0,11,33,0,11,0
15-06 06:05:22,39.497,7.749,52.246,0,0,1408440,783000,183308,5539404,8287.370,4401.666,0,931.929,0,47.996,3595,2556,2.470,1.570,0.870,2,0,54.996,0,0,11,32,0,12,0
15-06 06:05:23,42.001,3.000,54.501,0.250,0,1460692,730736,183308,5539416,6633.159,3723.089,0,808.019,0,40.001,2725,1484,2.470,1.570,0.870,1,0,0,0,0,11,33,0,12,0
15-06 06:05:24,41.400,3.741,53.869,0,0,1462896,728208,183308,5539740,12769.044,8113.331,0,2110.883,0,118.712,3794,3939,2.470,1.570,0.870,2,0,0,0,0,11,32,0,13,0
15-06 06:05:25,43.315,7.511,48.322,0,0,1451024,740080,183308,5539740,5768.621,1622.425,0,0,0,0,3006,1478,2.470,1.570,0.870,3,0,34.051,0,0,11,32,0,13,0
15-06 06:05:26,36.521,4.503,58.783,0,0,1471140,719960,183308,5539744,12242.935,7506.252,0,44.025,0,4.002,2671,1750,2.470,1.570,0.870,2,0,0,0,0,11,33,0,13,0
15-06 06:05:27,41.252,8.750,49.253,0.250,0,1439828,751176,183308,5539840,6464.348,2448.132,0,248.013,0,23.001,3436,2293,2.430,1.580,0.880,3,0,60.003,0,0,11,32,0,14,0
15-06 06:05:28,38.951,4.994,54.681,0,0,1465796,725192,183308,5539852,10906.259,6746.500,0,271.658,0,24.969,2772,1876,2.430,1.580,0.880,3,0,0,0,0,11,33,0,14,0
15-06 06:05:29,37.533,6.005,55.298,0.751,0,1465640,725192,183308,5540008,11538.024,6910.003,0,5941.162,0,411.357,3996,4501,2.430,1.580,0.880,3,0,0,0,0,11,32,0,15,0
15-06 06:05:30,27.251,6.500,64.503,0,0,1443952,737436,183308,5549212,9570501.631,77564.231,0,536.022,0,29.001,5367,2179,2.430,1.580,0.880,3,0,47.002,0,0,11,34,0,15,0
15-06 06:05:31,26.280,5.506,64.324,0.250,0,1475528,668432,183308,5585620,38088893.625,396255.699,0,460.528,0,21.024,18978,5124,2.430,1.580,0.880,2,0,1.001,0,0,11,35,0,15,0
15-06 06:05:32,24.739,7.497,62.472,0,0,1430864,675772,183308,5621940,38652206.157,707539.587,0,3938.261,0,121.946,40509,8235,2.310,1.570,0.880,2,0,25.989,0,0,11,34,0,16,0
15-06 06:05:33,23.503,29.003,47.506,0.250,0,1438756,630696,183308,5658116,38602655.956,666636.555,0,5152.599,0,49.006,41680,8598,2.310,1.570,0.880,3,0,627.073,0,0,11,36,0,16,0
15-06 06:05:34,67.754,21.001,10.501,0.250,0,1540316,491288,183328,5694920,39053862.709,671234.374,0,1664.095,0,59.003,41206,6580,2.310,1.570,0.880,5,0,146.008,0,0,11,34,0,22,0
15-06 06:05:35,73.249,15.750,9.250,0,0,1709324,283356,183408,5732664,38025436.752,649820.340,0,83990.751,0,152.998,38160,4599,2.310,1.570,0.880,4,0,1.000,0,0,11,34,0,22,0
15-06 06:05:36,76.236,13.747,8.498,0,0,1789028,178984,180888,5758632,38972300.100,677759.571,0,4067.229,0,107.980,39962,5391,2.310,1.570,0.880,3,0,5.999,0,0,11,34,0,22,0
15-06 06:05:37,47.901,12.474,27.942,7.984,0,1810800,165472,179120,5752456,39334055.871,583088.103,0,58183.769,0,4042.646,52284,35434,2.610,1.640,0.910,3,0,167.654,0,0,11,40,0,22,0
15-06 06:05:38,36.562,14.024,34.058,11.269,0.250,1807268,181564,174248,5744668,39325307.459,619834.865,16.027,89900.271,1.002,6189.484,57531,47441,2.610,1.640,0.910,2,1,222.377,0,0,11,40,0,22,0
15-06 06:05:39,32.747,13.249,36.996,12.249,0,1797176,209096,173664,5728148,40391597.172,661085.439,47.995,91486.789,3.000,6335.362,58968,48569,2.610,1.640,0.910,5,0,140.986,0,0,11,40,0,22,0
15-06 06:05:40,47.457,17.484,19.732,12.738,0,1700816,260208,173784,5772632,41781459.856,643987.185,91.916,337628.346,20.981,4174.196,54339,34531,2.610,1.640,0.910,5,2,194.822,0,0,11,38,0,22,0
15-06 06:05:41,50.717,13.991,22.985,10.493,0,1756656,197856,173888,5778440,38506106.254,688537.739,803.477,67643.962,53.965,4293.205,52190,34461,2.610,1.640,0.910,6,2,94.938,0,0,11,38,0,22,0
15-06 06:05:42,44.072,15.776,26.293,12.020,0,1792172,195660,173408,5746896,33850883.536,581027.234,8.013,91453.882,2.003,5465.958,49427,39058,2.640,1.670,0.920,4,0,0,0,0,11,38,0,22,0
15-06 06:05:43,46.926,14.227,23.463,11.731,0,1822224,210736,173164,5703036,39025578.532,631180.050,419.336,76550.724,17.972,5183.788,54053,38803,2.640,1.670,0.920,2,1,61.902,0,0,11,40,0,22,0
15-06 06:05:44,41.846,15.034,30.319,10.273,0,1712656,278264,173280,5743864,39401173.446,659380.547,449.026,66548.048,26.060,4691.720,53441,37383,2.640,1.670,0.920,2,0,159.364,0,0,11,38,0,22,0
15-06 06:05:45,44.500,14.000,40.000,0.750,0,1408544,544660,173280,5780560,39171149.752,709970.140,16.000,7900.068,1.000,391.003,41696,7289,2.640,1.670,0.920,1,0,161.001,0,0,11,34,0,22,0
15-06 06:05:46,32.453,13.231,51.925,0.499,0,1439256,475992,173280,5817492,39515634.504,760407.609,0,2648.185,0,55.919,41035,5410,2.640,1.670,0.920,1,0,94.863,0,0,11,34,0,22,0
15-06 06:05:47,35.534,9.509,50.799,0.500,0,1495068,381168,173280,5855428,40544243.466,762589.110,0,5457.268,0,286.276,41386,6103,2.510,1.660,0.920,2,0,0,0,0,11,34,0,22,0
15-06 06:05:48,37.011,8.253,51.266,1.500,0,1536644,302668,173280,5891364,38494755.551,578490.050,96.029,257034.667,6.002,286.088,37080,5045,2.510,1.660,0.920,2,0,2.001,0,0,11,40,0,22,0
15-06 06:05:49,32.455,6.491,60.166,0,0,1432940,382892,173280,5914204,23850498.731,266779.455,0,33809.041,0,37.947,16291,4738,2.510,1.660,0.920,3,0,26.963,0,0,11,34,0,22,0
15-06 06:05:50,28.526,6.506,64.559,0,0,1478088,328240,173280,5923456,9528210.557,103882.532,0,528.481,0,59.054,5990,3651,2.510,1.660,0.920,2,0,1.001,0,0,11,34,0,22,0
15-06 06:05:51,29.473,4.995,63.691,0,0,1530500,264736,173280,5934240,11205646.384,120506.173,0,7.993,0,1.998,6481,3598,2.510,1.660,0.920,3,0,2.997,0,0,11,34,0,22,0
15-06 06:05:52,22.752,9.001,67.507,0.250,0,1486240,304240,173288,5938868,4709636.026,53724.464,84.009,38295.895,10.001,57.006,5124,3373,2.550,1.680,0.930,3,0,114.012,0,0,11,34,0,22,0
15-06 06:05:53,14.766,43.048,40.545,0,0,1466408,320564,173292,5942288,3771919.062,67497.177,24.027,512.571,3.003,32.036,10812,9066,2.550,1.680,0.930,3,0,1038.156,0,0,11,34,0,22,0
15-06 06:05:54,10.747,24.743,62.733,0,0,1460504,320476,173292,5948100,5868297.590,101408.655,0,683.816,0,25.993,10293,6489,2.550,1.680,0.930,4,0,462.875,0,0,11,34,0,22,0
15-06 06:05:55,10.253,22.007,65.521,0,0,1464552,312292,173292,5952100,4154977.071,82877.231,8.003,14472.581,2.001,27.009,9638,5256,2.550,1.680,0.930,1,0,345.109,0,0,11,34,0,22,0
15-06 06:05:56,11.755,22.509,64.026,0,0,1431596,338832,173296,5958320,6666511.458,126842.849,4.002,256.103,1.000,60.024,11800,5744,2.550,1.680,0.930,1,0,320.128,0,0,11,34,0,22,0
15-06 06:05:57,18.991,19.741,59.972,0,0,1412904,348560,173320,5967036,9287557.776,170866.152,27.987,27.987,6.997,6.997,14456,8163,2.660,1.720,0.950,2,0,274.872,0,0,11,34,0,22,0
15-06 06:05:58,39.211,15.984,42.957,0,0,1502576,246388,173332,5979576,10833105.181,190291.011,1974.019,39.960,19.980,0.999,15159,8023,2.660,1.720,0.950,3,0,184.815,0,0,11,35,0,22,0
15-06 06:05:59,49.311,8.761,40.800,0,0,1609200,215656,172744,5906016,12362302.283,223692.601,184.228,220.272,1.001,2.002,14182,4365,2.660,1.720,0.950,2,0,0,0,0,11,35,0,22,0
15-06 06:06:00,54.495,8.249,36.747,0,0,1661272,214980,172532,5855808,14005742.164,254226.878,99.991,743.932,1.000,76.993,17159,6474,2.660,1.720,0.950,4,0,18.998,0,0,11,51,0,22,0
15-06 06:06:01,37.010,14.004,47.512,0.250,0,1690524,167424,172564,5873764,15148525.141,273107.540,512.134,2552.669,12.003,264.069,20901,14191,2.660,1.720,0.950,2,0,168.044,0,0,11,50,0,23,0
15-06 06:06:02,22.456,19.711,56.139,0,0,1673372,259420,172564,5801312,15196732.198,275222.540,355.298,271.464,17.965,14.970,20811,10581,2.530,1.700,0.950,1,0,297.413,0,0,11,50,0,17,0
15-06 06:06:03,6.498,3.749,87.476,0.250,0,1667348,260256,172564,5806040,4854217.502,73840.096,527.858,363.902,13.996,22.994,5552,2396,2.530,1.700,0.950,1,0,27.992,0,0,11,50,0,17,0
15-06 06:06:04,5.761,3.256,87.911,0,0,1666448,247920,172564,5818936,13820897.658,257481.460,0,188.345,0,3.006,14452,4339,2.530,1.700,0.950,2,0,3.006,0,0,11,50,0,17,0
15-06 06:06:05,8.229,2.494,87.774,0,0,1665828,234052,172564,5833032,15023774.553,258072.789,0,0,0,0,14235,4097,2.530,1.700,0.950,0,0,2.992,0,0,11,50,0,17,0
15-06 06:06:06,3.503,2.752,92.081,1.251,0,1666364,229264,172568,5837252,4694402.713,77578.263,4.004,114568.812,1.001,419.369,5300,1987,2.530,1.700,0.950,1,0,1.001,0,0,11,50,0,15,0
15-06 06:06:07,12.503,12.503,72.766,0.250,0,1621120,264444,172568,5847384,10005333.052,148432.342,0,13230.883,0,13.003,11247,6504,2.410,1.690,0.950,3,0,199.043,0,0,11,50,0,15,0
15-06 06:06:08,17.008,12.756,68.531,0,0,1624700,259836,172568,5847888,964215.083,10138.533,20.009,608.272,2.001,7.003,4927,5702,2.410,1.690,0.950,1,0,180.081,0,0,11,50,0,15,0
15-06 06:06:09,12.760,22.017,63.550,0.500,0,1687436,194932,172596,5849984,1654554.376,17910.185,460.365,3262.584,85.067,93.074,6570,5129,2.410,1.690,0.950,2,0,354.281,0,0,12,50,0,15,0
15-06 06:06:10,41.776,17.261,39.025,0.500,0,1707100,172260,172816,5852688,1027890.459,10536.647,1957.235,3494.204,132.083,38.024,6857,7835,2.410,1.690,0.950,3,0,232.146,0,0,12,64,0,17,0
15-06 06:06:11,26.727,14.488,56.952,1.249,0,1737888,228544,173108,5767312,5698.187,1828.455,1478.751,1486.744,107.909,69.941,4150,3768,2.410,1.690,0.950,3,0,209.823,0,0,12,64,1,17,0
15-06 06:06:12,34.637,21.430,40.618,1.246,0,1714404,249836,173368,5768840,4770.464,1634.676,243.208,9839.954,26.912,266.133,7432,11927,2.380,1.700,0.950,2,0,269.124,0,0,14,64,1,17,0
15-06 06:06:13,23.830,29.850,43.647,1.756,0,1816760,182136,173268,5737156,4763.996,1266.252,614.062,33123.218,94.317,619.079,7557,10213,2.380,1.700,0.950,4,0,562.890,0,0,14,66,1,17,0


"Host:","ubuntu",,,,"User:","ubuntu"
"Cmdline:","dstat -tcmndrylpg --tcp --output /tmp/devstack_logs/dstat-csv.log",,,,"Date:","15 Jun 2026 06:06:14 UTC"
"system","total usage",,,,,"memory usage",,,,"net/total",,"dsk/total",,"io/total",,"system",,"load avg",,,"procs",,,"paging",,"tcp sockets",,,,
"time","total usage:usr","total usage:sys","total usage:idl","total usage:wai","total usage:stl","used","free","buf","cach","net/total:recv","net/total:send","dsk/total:read","dsk/total:writ","read","writ","int","csw","1m","5m","15m","run","blk","new","in","out","lis","act","syn","tim","clo"
15-06 06:06:14,,1780956,206188,174216,5746024,,,,,,,2.380,1.700,0.950,8,1,,,,12,65,1,16,0
15-06 06:06:15,72.975,26.741,0.750,0,0,1444336,542476,174236,5745896,6356.821,1643.437,135.953,95.967,3.999,3.999,6666,6597,2.380,1.700,0.950,6,0,578.802,0,0,13,15,2,26,0
15-06 06:06:16,65.266,32.508,1.250,0,0,1406732,579644,174252,5746444,6301.509,1694.406,220.053,360.086,10.002,12.003,7489,19844,2.380,1.700,0.950,8,0,777.186,0,0,14,6,2,26,0
15-06 06:06:17,65.503,34.502,0.500,0,0,1524840,461092,174296,5746924,5838.277,1606.076,208.010,2812.134,14.001,9.000,11753,23034,2.910,1.820,1,8,0,765.036,0,0,14,6,2,26,0
15-06 06:06:18,73.250,26.750,0.250,0,0,1658140,326436,174316,5748260,4853.989,1277.997,383.999,26363.941,55.000,45.000,7075,8100,2.910,1.820,1,8,0,412.999,0,0,14,6,2,26,0
15-06 06:06:19,77.250,21.750,0.500,0,0,1774156,208888,174332,5750180,5252.001,1586.000,780.000,268.000,72.000,15.000,7719,9848,2.910,1.820,1,13,0,283.000,0,0,14,10,2,28,0
15-06 06:06:20,79.250,19.000,0.500,0,0.250,1909128,176076,174088,5649880,5870.967,1585.991,495.997,24.000,54.000,1.000,7096,6975,2.910,1.820,1,9,0,211.999,0,0,14,22,2,28,0
15-06 06:06:21,74.252,25.751,0.250,0,0,1999252,241400,173804,5498044,5446.122,1640.037,744.017,1660.037,106.002,24.001,6352,5797,2.910,1.820,1,7,0,343.008,0,0,14,26,2,28,0
15-06 06:06:22,79.750,19.500,0.750,0.250,0,2070600,250380,173796,5419780,4831.975,1585.992,1031.995,283.999,93.000,12.000,7183,15532,3.310,1.920,1.030,4,0,223.999,0,0,14,26,2,26,0
15-06 06:06:23,79.251,20.250,0,0,0,2143432,258312,173816,5340320,5460.045,1620.013,184.002,0,1.000,0,6678,6077,3.310,1.920,1.030,5,0,293.002,0,0,14,26,2,26,0
15-06 06:06:24,71.997,26.749,1.000,0,0,2257920,220916,173892,5264824,4919.815,1709.936,0,1547.942,0,44.998,6550,6800,3.310,1.920,1.030,5,0,394.985,0,0,14,26,2,26,0
15-06 06:06:25,73.498,23.999,1.500,0.500,0,2364988,188000,176280,5189564,6016.810,1619.949,2311.927,9751.692,130.996,377.988,8098,10540,3.310,1.920,1.030,7,0,283.991,0,0,14,30,2,26,0
15-06 06:06:26,71.496,25.498,2.000,0.750,0,2474160,233088,176304,5039340,5999.623,1709.893,7.999,18430.843,2.000,1417.911,10476,19617,3.310,1.920,1.030,6,1,356.978,0,0,14,32,2,25,0
15-06 06:06:27,62.505,30.503,4.250,1.250,0,2564952,223024,176332,4961540,5866.491,1620.136,160.013,29618.479,12.001,2235.187,14982,29774,3.370,1.960,1.050,5,0,289.024,0,0,14,32,2,25,0
15-06 06:06:28,73.502,22.751,3.500,0.250,0,2682996,161572,175636,4905168,5912.172,1512.044,164.005,18156.527,7.000,836.024,8210,11212,3.370,1.960,1.050,6,0,209.006,0,0,14,36,2,29,0
15-06 06:06:29,76.499,22.000,0.500,0,0,2749152,230692,174724,4772584,5399.900,1619.970,12.000,1151.979,2.000,61.999,9204,12483,3.370,1.960,1.050,8,0,338.994,0,0,14,45,2,35,0
15-06 06:06:30,59.960,26.982,12.242,0,0,2794544,251136,174724,4708160,4969.661,1369.080,3.997,1331.106,0.999,78.947,8495,11570,3.370,1.960,1.050,4,0,459.691,0,0,14,51,2,37,0
15-06 06:06:31,63.489,20.246,15.497,0.250,0.250,2902652,192624,174724,4659644,5481.032,1241.781,1975.651,1103.805,19.996,63.989,6937,7950,3.370,1.960,1.050,5,0,240.957,0,0,14,65,2,37,0
15-06 06:06:32,65.802,24.769,8.757,0.751,0,3068724,208608,174624,4480672,5256.126,1513.188,184.145,8694.826,20.016,334.262,7032,9626,3.500,2.010,1.070,3,0,147.115,0,0,14,68,2,40,0
15-06 06:06:33,43.735,21.992,32.488,0.500,0,3110232,230128,174648,4418312,4316.472,917.675,71.975,10732.200,1.000,432.847,6571,6920,3.500,2.010,1.070,4,0,256.909,0,0,14,71,2,40,0
15-06 06:06:34,29.992,21.994,46.487,0.250,0,3106724,233600,174648,4418348,4806.658,1351.623,0,1703.524,0,98.972,6441,5189,3.500,2.010,1.070,2,0,425.881,0,0,14,71,2,33,0
15-06 06:06:35,26.517,25.267,47.031,0.250,0,3095396,296872,174648,4366484,4966.266,1026.675,0,404.266,0,19.013,6088,4560,3.500,2.010,1.070,2,0,411.270,0,0,14,71,2,33,0
15-06 06:06:36,36.751,13.500,46.501,1.750,0,3169736,216060,174772,4372776,5292.164,1014.031,1200.037,10116.314,20.001,322.010,5374,5631,3.500,2.010,1.070,3,0,65.002,0,0,14,71,2,33,0
15-06 06:06:37,30.744,13.497,54.239,1.000,0,3236544,203392,174772,4320996,8436.350,3842.249,0,6254.777,0,126.975,4383,4152,3.380,2.010,1.080,2,0,32.994,0,0,14,84,2,33,0
15-06 06:06:38,40.486,7.997,50.483,0.250,0,3255744,184156,174776,4321012,10958.217,5512.097,3.999,2902.998,1.000,24.991,3959,3018,3.380,2.010,1.080,2,0,42.985,0,0,14,98,2,33,0
15-06 06:06:39,40.493,7.999,50.491,0.250,0,3135604,356344,174776,4269116,21485.176,17291.922,0,175.969,0,12.998,3644,2111,3.380,2.010,1.080,2,0,97.983,0,0,14,99,2,34,0
15-06 06:06:40,40.278,15.261,42.780,1.001,0,3259412,211884,174784,4289760,5961.194,1621.141,260.183,6796.782,18.013,159.112,4411,3322,3.380,2.010,1.080,3,0,56.039,0,0,14,107,2,34,0
15-06 06:06:41,28.481,13.491,57.212,0,0,3274236,218440,174784,4269432,12183.004,8158.645,0,323.787,0,22.985,5190,4680,3.380,2.010,1.080,4,0,54.964,0,0,14,111,2,34,0


"Host:","ubuntu",,,,"User:","ubuntu"
"Cmdline:","dstat -tcmndrylpg --tcp --output /tmp/devstack_logs/dstat-csv.log",,,,"Date:","15 Jun 2026 06:06:43 UTC"
"system","total usage",,,,,"memory usage",,,,"net/total",,"dsk/total",,"io/total",,"system",,"load avg",,,"procs",,,"paging",,"tcp sockets",,,,
"time","total usage:usr","total usage:sys","total usage:idl","total usage:wai","total usage:stl","used","free","buf","cach","net/total:recv","net/total:send","dsk/total:read","dsk/total:writ","read","writ","int","csw","1m","5m","15m","run","blk","new","in","out","lis","act","syn","tim","clo"
15-06 06:06:43,,3216364,271520,175168,4273744,,,,,,,5.350,2.440,1.220,16,0,,,,12,92,2,39,0
15-06 06:06:44,91.989,8.249,0,0,0,3188464,298720,175168,4274480,4433.446,1245.844,343.957,5871.266,18.998,239.970,6438,7223,5.350,2.440,1.220,14,0,166.979,0,0,12,78,2,44,0
15-06 06:06:45,82.752,16.750,0.250,0,0,2414704,1072304,175168,4273992,5760.113,1620.032,388.008,1588.031,28.001,115.002,6923,9616,5.350,2.440,1.220,13,0,365.007,0,0,13,54,2,49,0
15-06 06:06:46,77.248,21.999,0,0.500,0,2051188,1435712,175168,4275080,5876.853,1735.957,16.000,703.982,4.000,51.999,7783,8396,5.350,2.440,1.220,11,0,137.997,0,0,14,22,2,50,0
15-06 06:06:47,75.004,24.751,0,0,0,2005080,1481644,175176,4275016,5940.356,1620.097,176.011,1076.064,8.000,91.005,20314,33982,5.960,2.610,1.290,12,0,255.015,0,0,14,20,2,51,0
15-06 06:06:48,77.500,22.500,0,0,0,2147592,1339064,175180,4275520,6536.979,2898.991,12.000,1383.996,3.000,167.999,11588,16292,5.960,2.610,1.290,14,0,265.999,0,0,14,19,2,52,0
15-06 06:06:49,89.504,11.000,0,0,0,2307448,1179048,175180,4275696,5459.216,1700.067,88.003,4616.183,4.000,553.022,5550,3867,5.960,2.610,1.290,11,0,102.004,0,0,14,19,3,52,0
15-06 06:06:50,87.749,11.750,0,0,0,2490500,995844,175180,4275904,6056.947,2130.981,363.997,1503.987,55.000,65.999,5291,4197,5.960,2.610,1.290,12,1,2.000,0,0,14,20,2,52,0
15-06 06:06:51,86.250,14.000,0,0,0,2599252,886740,175180,4276256,5794.999,1532.000,4.000,748.000,1.000,54.000,5196,4337,5.960,2.610,1.290,9,0,5.000,0,0,14,24,2,52,0
15-06 06:06:52,87.984,11.248,0,0,0,2676976,806752,175180,4278056,5219.080,1619.715,803.858,91.984,74.987,6.999,6758,6736,6.290,2.740,1.330,12,0,20.996,0,0,14,17,2,57,0
15-06 06:06:53,85.764,13.752,0,0,0.250,2828960,653764,175180,4279532,7086.184,3179.531,476.080,2608.436,49.008,5.001,6496,6165,6.290,2.740,1.330,11,0,43.007,0,0,14,37,2,57,0
15-06 06:06:54,88.487,11.248,0,0,0,2913612,568856,175180,4279792,8342.799,4784.311,0,183.974,0,1.000,5923,5168,6.290,2.740,1.330,9,0,12.998,0,0,14,49,2,57,0
15-06 06:06:55,85.762,13.002,0.250,0,0,2996072,483024,175180,4283204,6565.935,2332.332,0,4.001,0,1.000,8784,10325,6.290,2.740,1.330,8,0,18.003,0,0,14,45,2,61,0
15-06 06:06:56,83.749,15.250,1.500,0,0,3134668,339656,175180,4288056,6962.893,1565.976,0,131.998,0,3.000,11545,16305,6.290,2.740,1.330,3,0,28.000,0,0,14,56,2,67,0
15-06 06:06:57,65.991,8.749,24.747,0,0,3199292,326540,175180,4236548,6377.148,1457.805,0,3.999,0,1.000,4172,2259,6.020,2.740,1.340,3,0,35.995,0,0,14,58,2,67,0
15-06 06:06:58,64.507,11.251,22.502,0.750,0,3240764,281608,175188,4240020,7158.722,1458.147,28.003,7536.760,6.001,328.033,6407,9558,6.020,2.740,1.340,3,1,59.006,0,0,14,62,2,68,0
15-06 06:06:59,42.984,15.744,37.236,2.999,0,3231440,278468,175452,4252148,5355.987,1457.452,7345.239,26394.079,377.858,1075.596,7247,8120,6.020,2.740,1.340,1,0,173.935,0,0,14,82,2,75,0
15-06 06:07:00,24.510,17.757,53.272,2.001,0.250,3245800,242300,175824,4273124,7609.200,3671.544,9804.123,1412.594,275.116,66.028,5528,5202,6.020,2.740,1.340,3,0,223.094,0,0,14,85,2,75,0
15-06 06:07:01,35.500,19.750,41.000,3.000,0,3262160,202568,176448,4295304,7115.076,2814.030,11016.118,2796.030,319.003,134.001,7257,8152,6.020,2.740,1.340,4,0,311.003,0,0,14,88,2,77,0
15-06 06:07:02,45.243,25.246,24.246,2.500,0,3270800,165808,176956,4322236,5581.149,1619.753,12666.069,4239.354,355.946,173.973,6466,5781,5.780,2.750,1.350,3,0,418.936,0,0,14,88,2,77,0
15-06 06:07:03,44.751,25.001,28.501,0.500,0,3321624,224172,175136,4216456,11532.259,7531.169,2124.048,1000.022,83.002,42.001,7304,7443,5.780,2.750,1.350,2,0,830.019,0,0,14,97,2,76,0
15-06 06:07:04,29.964,23.222,41.700,2.497,0,3285692,219340,175724,4256488,23071.446,18990.320,22437.204,14446.747,316.622,62.925,7330,7619,5.780,2.750,1.350,3,0,828.011,0,0,14,106,2,77,0
15-06 06:07:05,30.776,23.770,43.787,0.500,0,3334156,188964,175648,4239424,6060.052,2234.863,14572.149,220.184,78.065,6.005,7036,6754,5.780,2.750,1.350,1,0,848.708,0,0,14,111,2,77,0
15-06 06:07:06,31.008,23.506,43.261,0.750,0,3413668,197680,175064,4153080,29080.532,24185.264,2805.727,136.035,150.039,8.002,7118,7171,5.780,2.750,1.350,3,0,706.183,0,0,14,112,2,78,0
15-06 06:07:07,36.240,16.745,44.237,1.000,0,3418156,188864,175144,4157152,5578.393,1619.533,2127.387,899.741,105.969,9.997,9287,18361,5.480,2.730,1.350,2,0,312.910,0,0,14,112,2,78,0
15-06 06:07:08,33.264,22.760,42.018,0,0,3434156,186352,174652,4145180,10413.383,7112.994,112.047,564.237,5.002,10.004,10841,83132,5.480,2.730,1.350,2,0,51.021,0,0,14,113,2,78,0
15-06 06:07:09,33.240,14.746,51.235,1.500,0,3478148,197772,174664,4092016,7107.906,3698.911,95.972,130029.702,7.998,739.782,4740,4623,5.480,2.730,1.350,2,0,39.988,0,0,14,112,2,79,0
15-06 06:07:10,39.004,11.501,47.755,0,0,3491824,183340,174664,4092036,4878.465,1458.139,0,2872.274,0,20.002,3664,2313,5.480,2.730,1.350,2,0,125.012,0,0,14,112,2,79,0
15-06 06:07:11,40.506,5.751,53.258,0.250,0,3452748,307420,174664,4007668,12400.841,7544.120,20.003,1040.154,4.001,56.008,3334,2148,5.480,2.730,1.350,3,0,35.005,0,0,14,117,2,77,0
15-06 06:07:12,40.958,7.992,50.199,0,0,3429400,330852,174664,4007636,22841.582,19133.384,67.930,203.791,0.999,16.983,3246,1875,5.200,2.720,1.360,2,0,63.934,0,0,14,116,2,78,0
15-06 06:07:13,30.284,20.272,46.301,1.502,0,3471424,165792,176520,4124116,6860.608,3501.884,3780.192,116361.045,218.242,1897.104,15667,25935,5.200,2.720,1.360,2,0,26.029,0,0,14,117,2,78,0
15-06 06:07:14,28.496,29.495,35.994,3.499,0.250,3442856,176304,176176,4144628,10344.399,6468.999,128988.037,236851.344,1074.834,737.886,15465,34787,5.200,2.720,1.360,4,2,36.994,0,0,14,117,2,79,0
15-06 06:07:15,38.254,24.253,32.504,3.000,0,3391400,229804,176420,4148640,6802.735,2772.300,168718.230,235025.394,1442.156,1020.110,16957,34315,5.200,2.720,1.360,3,0,24.003,0,0,14,123,1,70,0
15-06 06:07:16,36.736,24.491,33.737,3.749,0,3431976,175856,179176,4151728,5894.789,1693.365,3618.643,64859.669,246.907,4271.398,15160,30794,5.200,2.720,1.360,2,1,101.962,0,0,14,125,1,71,0
15-06 06:07:17,22.509,16.257,57.774,1.751,0,3460512,224248,179188,4075520,13533.516,9008.672,7899.220,1376.561,316.129,51.021,4988,3792,4.860,2.690,1.360,2,0,201.082,0,0,14,126,1,71,0
15-06 06:07:18,24.997,20.997,51.743,1.000,0,3479996,198584,179252,4081480,8525.817,4382.392,811.887,2439.661,68.990,124.983,7090,8267,4.860,2.690,1.360,3,0,316.956,0,0,14,126,1,71,0
15-06 06:07:19,37.458,21.726,37.458,1.748,0,3408840,246004,179624,4104672,6293.018,2483.245,3528.086,11319.441,128.857,637.293,8007,9930,4.860,2.690,1.360,4,0,392.564,0,0,14,125,1,72,0
15-06 06:07:20,30.031,20.772,46.548,0.751,0,3454040,223720,179492,4082120,5363.570,1459.516,1325.376,4817.003,92.096,241.251,6047,5342,4.860,2.690,1.360,3,0,400.416,0,0,14,125,1,70,0
15-06 06:07:21,17.752,22.252,57.006,0.750,0,3461492,224352,179520,4074148,14498.474,10042.021,1984.202,1812.184,43.004,107.011,7642,8220,4.860,2.690,1.360,4,0,783.080,0,0,14,126,1,70,0
15-06 06:07:22,24.740,27.489,44.732,2.249,0,3423096,228008,180060,4108268,6562.404,2893.855,19107.442,15158.004,274.891,156.938,7789,8236,4.710,2.700,1.370,2,0,877.653,0,0,14,125,1,71,0
15-06 06:07:23,24.726,22.978,50.702,0.500,0,3463484,221576,179692,4075552,6846.488,3698.482,2965.180,255.757,32.969,9.990,6676,5956,4.710,2.700,1.370,2,0,744.292,0,0,14,126,1,71,0
15-06 06:07:24,19.527,20.027,57.579,1.001,0,3471136,202872,179732,4086548,14736.129,10187.916,2280.115,3232.415,116.159,198.271,6466,5910,4.710,2.700,1.370,3,0,586.802,0,0,14,126,1,71,0
15-06 06:07:25,42.255,16.002,39.504,1.500,0,3494136,175280,179832,4091104,5182.570,1242.137,2224.245,3112.343,125.014,140.015,13082,23145,4.710,2.700,1.370,2,1,284.031,0,0,14,128,1,71,0
15-06 06:07:26,39.752,24.002,34.252,0.250,0,3504232,198544,179844,4058456,5749.360,1512.095,496.031,1780.111,66.004,103.006,18940,59708,4.710,2.700,1.370,4,0,55.003,0,0,14,130,1,71,0
15-06 06:07:27,46.241,25.245,24.995,1.500,0,3468340,290580,179852,4002924,6934.717,3573.339,2623.515,129851.976,33.994,638.882,14208,21184,4.500,2.690,1.370,7,1,303.944,0,0,14,131,1,72,0
15-06 06:07:28,43.237,8.497,46.986,0.500,0,3551128,207672,179852,4003012,4354.711,1273.623,51.985,3111.079,1.000,37.989,3718,2686,4.500,2.690,1.370,5,0,65.980,0,0,14,131,1,72,0
15-06 06:07:29,33.763,6.002,59.022,0.250,0,3523064,286852,179852,3952072,10382.874,7596.834,0,740.276,0,60.022,3536,2904,4.500,2.690,1.370,5,0,32.012,0,0,14,132,1,72,0
15-06 06:07:30,28.253,22.252,47.755,1.000,0,3460556,345872,179964,3955436,6214.695,2410.270,1180.132,4996.559,66.007,178.020,6098,5608,4.500,2.690,1.370,2,0,431.048,0,0,14,131,1,73,0
15-06 06:07:31,26.747,28.997,41.496,1.000,0,3505412,250916,179964,4005832,5388.478,1511.854,43.996,6019.417,5.999,125.988,7873,9666,4.500,2.690,1.370,3,0,434.958,0,0,14,131,1,73,0
15-06 06:07:32,37.253,23.002,38.254,0.500,0,3496984,259352,179964,4005456,5086.473,1566.146,88.008,3120.290,2.000,24.002,5889,6391,4.460,2.710,1.380,7,0,289.027,0,0,14,131,1,59,0
15-06 06:07:33,51.497,25.998,21.499,0,0,3506744,249044,179964,4006032,5611.662,1581.905,499.970,1275.923,8.000,85.995,6260,5266,4.460,2.710,1.380,2,0,437.974,0,0,14,131,1,59,0
15-06 06:07:34,49.250,20.250,29.250,0.250,0,3552192,254756,179964,3955380,5007.961,1619.987,335.997,567.996,17.000,28.000,7280,9942,4.460,2.710,1.380,2,0,329.997,0,0,14,137,1,59,0
15-06 06:07:35,59.429,26.968,11.986,0.749,0,3637128,211972,180204,3913140,6052.754,1618.063,2361.173,4358.782,39.952,169.797,6904,11601,4.460,2.710,1.380,6,0,452.458,0,0,16,141,1,59,0
15-06 06:07:36,62.575,32.789,3.504,0.751,0,3810492,210400,180464,3745556,5723.820,1706.033,308.367,6427.658,11.013,151.180,6837,9962,4.460,2.710,1.380,4,0,535.638,0,0,16,143,1,56,0
15-06 06:07:37,65.501,22.500,11.000,0.250,0,3851664,222004,180464,3692612,6526.140,1566.034,32.001,11428.245,5.000,1033.022,9825,12635,4.420,2.730,1.400,4,0,279.006,0,0,16,159,1,56,0
15-06 06:07:38,53.746,26.748,19.749,0,0,3929736,197824,180468,3639876,6479.578,1779.884,95.994,2291.851,3.000,8.999,10952,4925,4.420,2.730,1.400,4,0,485.968,0,0,16,159,1,56,0
15-06 06:07:39,40.995,25.997,31.246,0,0,3934024,245120,180468,3588348,6839.195,1619.809,255.970,731.914,7.999,46.994,6478,5674,4.420,2.730,1.400,3,0,476.944,0,0,17,161,1,56,0
15-06 06:07:40,34.240,22.244,41.738,0.750,0,3949852,227104,180732,3590272,6270.188,1511.563,327.905,4150.801,25.992,255.926,7275,9200,4.420,2.730,1.400,4,0,325.906,0,0,17,163,1,55,0
15-06 06:07:41,45.273,31.015,21.511,0.750,0,4029956,200952,180736,3538212,5345.662,1636.815,4.002,6355.164,1.000,159.079,7462,7776,4.420,2.730,1.400,4,1,611.304,0,0,17,165,1,55,0
15-06 06:07:42,49.493,25.247,24.497,0.500,0,4101416,181100,180740,3487640,5279.287,1511.796,7.999,2739.630,2.000,15.998,6535,8657,4.310,2.730,1.410,3,0,290.961,0,0,17,171,1,55,0
15-06 06:07:43,55.690,26.971,16.482,0,0,4163744,219312,180740,3389976,5619.987,1564.326,3.996,91.902,0.999,6.993,7980,10814,4.310,2.730,1.410,8,0,521.442,0,0,17,171,1,55,0
15-06 06:07:44,54.312,27.782,16.519,0.250,0,4235536,246248,180752,3292708,5618.440,1513.735,12.014,1077.235,3.003,73.084,9579,15225,4.310,2.730,1.410,3,0,566.650,0,0,17,189,1,45,0
15-06 06:07:45,25.468,27.965,44.444,0.999,0,4287212,193284,180760,3294020,5798.697,1564.030,15.980,4909.816,3.995,172.782,6661,5908,4.310,2.730,1.410,2,0,456.425,0,0,17,189,1,45,0
15-06 06:07:46,33.789,22.776,40.296,1.001,0,4287628,191208,180900,3295656,6336.227,1513.726,360.411,9875.263,47.054,220.251,7541,10510,4.310,2.730,1.410,3,0,282.322,0,0,17,189,1,45,0
15-06 06:07:47,64.403,18.722,15.726,0.749,0,4425740,192032,180900,3161052,5124.260,1314.015,11.982,25090.105,2.995,1708.420,6038,6083,4.200,2.740,1.420,4,0,117.822,0,0,17,205,1,45,0
15-06 06:07:48,59.065,19.521,21.524,0,0,4529108,178124,180908,3073060,4540.969,1387.518,132.145,152.167,5.005,10.011,4811,4212,4.200,2.740,1.420,4,0,120.131,0,0,17,206,1,37,0


"Host:","ubuntu",,,,"User:","ubuntu"
"Cmdline:","dstat -tcmndrylpg --tcp --output /tmp/devstack_logs/dstat-csv.log",,,,"Date:","15 Jun 2026 06:07:50 UTC"
"system","total usage",,,,,"memory usage",,,,"net/total",,"dsk/total",,"io/total",,"system",,"load avg",,,"procs",,,"paging",,"tcp sockets",,,,
"time","total usage:usr","total usage:sys","total usage:idl","total usage:wai","total usage:stl","used","free","buf","cach","net/total:recv","net/total:send","dsk/total:read","dsk/total:writ","read","writ","int","csw","1m","5m","15m","run","blk","new","in","out","lis","act","syn","tim","clo"
15-06 06:07:50,,4344516,400688,181500,3035444,,,,,,,4.200,2.740,1.420,26,0,,,,14,192,1,42,0
15-06 06:07:51,83.497,16.499,0,0,0,4357308,387644,181500,3035672,5860.793,2364.916,231.992,727.974,15.999,43.998,6020,5616,4.200,2.740,1.420,20,0,352.988,0,0,14,185,1,42,0
15-06 06:07:52,83.796,15.961,0,0,0,4156056,588636,181500,3036200,5055.707,1616.070,0,1827.556,0,75.816,7303,8266,5.390,3.010,1.510,25,0,291.292,0,0,14,164,1,37,0
15-06 06:07:53,81.452,18.546,0,0,0,3765140,979572,181504,3036336,5172.806,1624.021,32.079,184.457,7.017,8.020,6233,6124,5.390,3.010,1.510,21,0,382.948,0,0,15,121,1,47,0
15-06 06:07:54,86.153,13.735,0,0,0,3065032,1679312,181504,3036732,5481.831,1660.132,247.721,307.654,13.984,17.980,6003,5962,5.390,3.010,1.510,15,0,224.747,0,0,15,85,1,47,0
15-06 06:07:55,82.839,17.018,0.250,0,0,2822484,1921868,181504,3036668,7043.543,2891.096,36.039,16.017,5.005,4.004,7213,6879,5.390,3.010,1.510,20,0,67.072,0,0,15,72,1,48,0
15-06 06:07:56,85.144,14.938,0,0,0,2886624,1857664,181504,3036948,7344.275,2363.114,15.933,51.783,3.983,7.967,6515,6379,5.390,3.010,1.510,20,0,145.392,0,0,16,71,1,38,0
15-06 06:07:57,84.650,15.277,0,0,0,3025984,1718312,181504,3036964,6629.734,1530.709,32.057,685.213,5.009,32.057,13419,20099,6.880,3.360,1.630,20,0,139.246,0,0,16,65,1,38,0
15-06 06:07:58,80.700,18.797,0,0,0,3145084,1599076,181520,3037044,5575.837,974.418,104.259,20.050,8.020,4.010,11147,18671,6.880,3.360,1.630,20,0,108.269,0,0,16,59,1,38,0
15-06 06:07:59,87.249,13.250,0,0,0.250,3228920,1514544,181520,3037772,4789.969,647.996,683.996,1007.993,8.000,38.000,6235,6694,6.880,3.360,1.630,18,0,179.999,0,0,16,44,1,39,0
15-06 06:08:00,88.106,11.481,0,0,0,3220724,1521968,181528,3038516,5169.523,1545.466,686.874,379.378,39.935,25.957,5480,4902,6.880,3.360,1.630,16,0,49.918,0,0,16,31,1,33,0
15-06 06:08:01,86.643,12.771,0,0,0,3268700,1471740,181600,3040568,5726.423,1622.670,1662.736,336.554,119.196,9.015,5156,3980,6.880,3.360,1.630,17,0,8.013,0,0,16,24,1,35,0
15-06 06:08:02,90.359,10.234,0,0,0,3403872,1332076,181660,3045300,5169.940,1567.556,4876.397,3674.272,339.471,490.236,5626,3786,7.610,3.570,1.710,16,0,0.998,0,0,16,26,1,35,0
15-06 06:08:03,87.384,11.518,0,0,0,3546688,1186672,181664,3047872,5828.955,1622.493,1081.662,1414.173,139.214,105.162,5415,5073,7.610,3.570,1.710,16,0,4.006,0,0,17,28,1,35,0
15-06 06:08:04,88.002,12.000,0,0,0,3635004,1097968,181664,3048260,5640.125,1620.036,352.008,32.001,18.000,4.000,5625,4657,7.610,3.570,1.710,17,0,13.000,0,0,17,40,1,36,0
15-06 06:08:05,77.190,21.983,0,0,0,3698208,1032088,181680,3050924,5643.577,1187.070,1195.063,11.991,127.900,2.998,7565,8436,7.610,3.570,1.710,13,0,415.674,0,0,17,60,1,39,0
15-06 06:08:06,79.857,19.465,0.250,0,0,3712320,1013448,181688,3055844,6854.714,2761.051,2279.914,23.957,174.687,5.989,8075,9608,7.610,3.570,1.710,11,0,290.479,0,0,17,66,1,39,0
15-06 06:08:07,74.328,25.527,0,0,0,3823008,900956,182500,3056620,4993.263,1189.254,1469.549,18747.762,169.178,347.366,7382,9018,7.960,3.710,1.760,12,0,247.261,0,0,17,74,1,39,0
15-06 06:08:08,81.520,18.254,0,0,0,3927060,795672,182500,3057736,8580.104,5344.311,736.181,4233.038,84.021,12.003,6204,5719,7.960,3.710,1.760,15,0,324.079,0,0,17,87,1,38,0
15-06 06:08:09,78.152,21.156,0.498,0,0,4040436,679848,182500,3060536,5239.646,1678.519,115.485,545.568,18.916,32.854,8516,12388,7.960,3.710,1.760,23,0,305.638,0,0,17,98,1,38,0
15-06 06:08:10,77.773,21.827,0.251,0,0,4175224,540608,182508,3064700,7155.122,3757.191,1874.582,537.889,93.328,30.106,7240,10373,7.960,3.710,1.760,10,0,289.015,0,0,17,106,1,39,0
15-06 06:08:11,72.268,27.412,0,0,0,4285640,417444,182508,3077816,7375.320,3765.909,618.016,2986.411,121.610,199.360,8410,10269,7.960,3.710,1.760,14,0,396.726,0,0,17,108,1,42,0
15-06 06:08:12,79.553,19.826,0.502,0,0,4410192,290700,182520,3079872,5965.725,2496.510,622.371,23124.086,48.184,1561.950,8820,9292,8.040,3.800,1.800,9,0,221.845,0,0,17,117,1,45,0
15-06 06:08:13,82.753,16.751,0,0,0.250,4527608,172272,182544,3080748,5186.195,1694.064,916.034,85891.224,42.002,85.003,5548,3936,8.040,3.800,1.800,13,0,144.005,0,0,17,123,1,43,0
15-06 06:08:14,86.378,13.019,0,0,0,4701708,201836,181440,2880812,13624.199,9644.298,248.368,809.200,14.021,50.074,6606,18896,8.040,3.800,1.800,12,0,36.053,0,0,17,133,1,47,0
15-06 06:08:15,89.535,9.976,0.748,0,0,4728624,202548,181440,2853524,15430.964,11049.480,1580.207,1416.600,133.679,122.705,10264,15060,8.040,3.800,1.800,8,0,12.969,0,0,17,165,1,48,0
15-06 06:08:16,84.202,14.034,1.253,0,0,4791400,167532,181444,2826104,6472.497,3009.205,813.949,14510.744,31.074,126.302,7599,10120,8.040,3.800,1.800,5,0,46.110,0,0,17,189,1,61,0
15-06 06:08:17,54.253,13.001,31.251,0.750,0,4773132,244564,181448,2767436,14677.699,10430.497,1148.055,780.037,45.002,67.003,6628,7972,7.640,3.780,1.810,2,0,90.004,0,0,17,191,1,63,0
15-06 06:08:18,44.740,26.244,27.994,0,0,4728120,289372,181448,2767628,9025.966,4676.946,511.885,1347.696,3.999,63.986,6946,6739,7.640,3.780,1.810,4,0,488.890,0,0,17,196,1,64,0
15-06 06:08:19,53.491,26.745,18.247,1.000,0,4825208,188576,181572,2771608,5965.984,2166.631,4375.255,7781.674,107.982,78.987,8449,12274,7.640,3.780,1.810,2,0,395.933,0,0,17,199,1,64,0
15-06 06:08:20,64.469,18.491,16.242,0,0,4894936,188068,181572,2702740,12780.941,8837.811,2798.673,575.727,69.967,30.985,5511,4499,7.640,3.780,1.810,3,0,169.919,0,0,18,210,1,64,0
15-06 06:08:21,73.275,15.005,10.003,1.501,0,4929860,228856,181580,2627892,8603.922,3941.338,3289.117,676.230,169.057,47.016,5646,4346,7.640,3.780,1.810,4,0,18.006,0,0,18,209,1,64,0
15-06 06:08:22,83.543,15.008,1.751,0.500,0,5119640,167792,181280,2501712,4999.603,1950.015,1288.671,1288.671,39.020,80.042,5529,3713,7.430,3.800,1.830,4,0,17.009,0,0,18,216,1,64,0
15-06 06:08:23,50.732,16.244,30.989,0.500,0,5125568,195348,181288,2468436,15058.696,11822.835,711.749,463.837,16.994,35.987,6941,7802,7.430,3.800,1.830,1,0,214.924,0,0,18,214,1,66,0
15-06 06:08:24,38.001,9.000,51.751,0,0,5111924,208988,181288,2468440,15173.246,4643.075,544.009,420.007,6.000,36.001,3711,2916,7.430,3.800,1.830,3,0,17.000,0,0,18,216,1,67,0
15-06 06:08:25,40.754,9.251,48.255,0,0,5135112,201196,181188,2453256,3386256.877,40969.475,816.089,424.046,9.001,38.004,5438,4131,7.430,3.800,1.830,2,0,13.001,0,0,18,229,1,66,0
15-06 06:08:26,44.513,15.005,39.262,0.250,0,5103772,217460,181188,2468300,13218120.011,123792.480,2944.892,3493.058,40.012,186.056,9693,6325,7.430,3.800,1.830,3,0,131.040,0,0,18,229,1,67,0
15-06 06:08:27,51.478,14.744,33.236,0.500,0,5176220,182764,181084,2431092,6246.366,2348.010,515.783,639.730,4.998,60.974,4857,3673,6.990,3.770,1.830,1,0,147.938,0,0,18,236,1,67,0
15-06 06:08:28,24.999,4.750,68.249,0,0,5202992,176952,181084,2410476,20335.567,16476.649,8.000,223.995,2.000,25.999,2968,2608,6.990,3.770,1.830,1,0,0,0,0,18,237,1,67,0
15-06 06:08:29,38.765,6.503,53.521,0.750,0.250,5181908,197628,181084,2411048,11993.751,21259.421,484.192,628.249,27.011,70.028,4701,6087,6.990,3.770,1.830,1,0,7.003,0,0,18,241,1,70,0
15-06 06:08:30,17.243,3.499,77.217,0.250,0,5223136,177108,181084,2390832,419517.123,16385414.582,0,247.895,0,16.993,4121,2239,6.990,3.770,1.830,1,0,0,0,0,18,242,1,70,0
15-06 06:08:31,26.499,4.000,66.497,0.500,0,5152108,247932,181084,2391036,6981789.720,36351.619,19.999,811.969,2.000,87.997,6949,7212,6.990,3.770,1.830,3,0,9.000,0,0,18,247,1,71,0
15-06 06:08:32,47.023,14.757,37.018,0.250,0,5155388,238400,181084,2397468,9548478.572,93898.294,92.045,520.256,7.003,39.019,10255,10182,6.750,3.780,1.840,2,0,71.035,0,0,18,245,1,75,0
15-06 06:08:33,27.236,4.248,66.217,0.250,0,5177096,216476,181084,2397680,12657.702,9484.281,51.974,819.592,3.998,63.968,5363,7687,6.750,3.780,1.840,0,0,0,0,0,18,246,1,74,0
15-06 06:08:34,16.501,3.000,79.003,0.250,0,5126700,266832,181084,2397720,9687.421,4539.197,0,536.023,0,44.002,2358,2480,6.750,3.780,1.840,1,0,5.000,0,0,18,245,1,75,0
15-06 06:08:35,21.488,2.998,74.458,0,0,5177468,216064,181084,2397720,8024.503,3583.992,0,287.839,0,19.989,2096,1634,6.750,3.780,1.840,2,0,0,0,0,18,246,1,75,0
15-06 06:08:36,11.506,2.001,84.297,0.500,0,5176760,216724,181084,2397768,14608.100,10285.704,4.002,17653.789,1.001,122.068,2240,2624,6.750,3.780,1.840,0,0,1.001,0,0,18,248,1,75,0
15-06 06:08:37,22.750,4.750,72.001,0.250,0,5155108,238368,181084,2397776,7089.053,1710.013,0,6996.052,0,337.003,2398,1934,6.290,3.730,1.840,2,0,5.000,0,0,18,247,1,76,0
15-06 06:08:38,15.999,2.750,79.994,0,0,5182476,210996,181084,2397780,12543.127,7278.494,0,423.971,0,9.999,1881,1582,6.290,3.730,1.840,2,0,0,0,0,18,248,1,76,0
15-06 06:08:39,14.502,2.750,80.763,0.250,0.500,5131176,262280,181084,2397796,11384.856,6684.090,0,460.075,0,53.009,2679,2849,6.290,3.730,1.840,1,0,14.002,0,0,18,249,1,77,0
15-06 06:08:40,8.250,20.751,68.252,0.250,0,5126308,267104,181084,2397856,5418.166,1458.045,12.000,152.005,1.000,7.000,5684,4225,6.290,3.730,1.840,2,0,351.011,0,0,18,249,1,77,0
15-06 06:08:41,19.996,7.249,71.487,0.500,0,5168472,224924,181084,2397872,4616.158,1121.795,0,411.925,0,29.995,2808,2418,6.290,3.730,1.840,1,0,72.987,0,0,18,249,1,77,0
15-06 06:08:42,18.999,10.750,68.998,0,0,5139564,253812,181084,2397892,5159.860,1619.956,0,519.986,0,38.999,3754,2788,5.870,3.680,1.830,1,0,127.997,0,0,18,253,1,77,0
15-06 06:08:43,11.253,20.255,66.267,0.500,0,5149256,244080,181084,2397932,5179.364,1458.384,0,1508.397,0,207.055,5531,4490,5.870,3.680,1.830,3,0,300.079,0,0,18,259,1,77,0
15-06 06:08:44,7.498,18.995,71.731,0,0,5121160,272156,181084,2397952,5278.588,1619.567,0,39.989,0,4.999,4703,3398,5.870,3.680,1.830,0,0,245.934,0,0,18,259,1,77,0
15-06 06:08:45,3.502,1.251,94.048,0,0,5110820,282488,181084,2397960,5222.646,1620.821,0,4.002,0,1.001,1318,1554,5.870,3.680,1.830,1,0,9.005,0,0,18,259,1,77,0
15-06 06:08:46,23.739,4.748,70.217,0.250,0,5183252,209968,181084,2398048,5472.455,1531.288,79.963,515.760,4.998,42.980,2499,2267,5.870,3.680,1.830,1,0,5.997,0,0,18,259,1,77,0
15-06 06:08:47,11.505,2.001,85.036,0,0,5184516,208576,181084,2398176,13992.860,9558.003,0,0,0,0,1953,1968,5.480,3.640,1.830,1,0,2.001,0,0,18,260,1,77,0
15-06 06:08:48,8.246,1.249,89.459,0,0,5143004,250012,181084,2398252,5827.328,2384.907,63.971,3.998,3.998,1.000,1376,1411,5.480,3.640,1.830,0,0,13.994,0,0,18,261,1,78,0
15-06 06:08:49,16.007,3.752,78.786,0,0,5182460,210552,181084,2398256,4922.278,1690.783,0,1120.519,0,34.016,2066,2027,5.480,3.640,1.830,1,0,10.005,0,0,18,263,1,73,0
15-06 06:08:50,17.242,3.498,78.464,0.250,0,5203992,189012,181084,2398264,10339.259,7167.713,0,139.936,0,8.996,1952,1700,5.480,3.640,1.830,1,0,0,0,0,18,264,1,73,0
15-06 06:08:51,14.498,2.250,80.992,0,0,5140504,252484,181084,2398280,8487.112,4606.518,0,131.986,0,12.999,2261,2266,5.480,3.640,1.830,0,0,14.998,0,0,18,263,1,74,0
15-06 06:08:52,3.752,2.501,92.804,0,0,5150768,242216,181084,2398284,4640.710,1500.877,0,112.065,0,9.005,1217,1426,5.040,3.580,1.820,1,0,9.005,0,0,18,263,1,74,0
15-06 06:08:53,22.236,3.498,73.205,0,0,5210292,182688,181084,2398288,4916.991,1619.009,0,111.932,0,7.995,1888,1405,5.040,3.580,1.820,1,0,0,0,0,18,263,1,64,0
15-06 06:08:54,13.250,2.000,83.751,0,0,5207324,185644,181084,2398300,13829.236,10158.173,0,228.004,0,14.000,1948,1932,5.040,3.580,1.820,1,0,0,0,0,18,263,1,65,0
15-06 06:08:55,7.000,1.750,91.006,0,0,5150608,242360,181084,2398300,5940.406,1620.111,0,0,0,0,1379,1352,5.040,3.580,1.820,0,0,13.001,0,0,18,263,1,65,0
15-06 06:08:56,17.236,3.997,77.436,0.250,0,5187660,205268,181084,2398340,6463.616,1510.742,3.997,151.874,0.999,17.985,1978,1616,5.040,3.580,1.820,2,0,8.993,0,0,18,263,1,65,0
15-06 06:08:57,18.268,2.252,78.328,0,0,5214892,178028,181084,2398348,12904.877,7595.579,0,0,0,0,1904,1459,4.800,3.550,1.820,0,0,0,0,0,18,264,1,65,0
15-06 06:08:58,9.499,1.500,87.740,0,0,5170588,222320,181084,2398360,8853.961,3487.591,0,0,0,0,1832,1916,4.800,3.550,1.820,0,0,12.998,0,0,18,263,1,65,0
15-06 06:08:59,12.001,3.750,82.758,0.250,0,5194204,198700,181084,2398364,4608.456,648.064,0,16329.617,0,68.007,1773,1909,4.800,3.550,1.820,1,0,9.001,0,0,18,263,1,65,0
15-06 06:09:00,16.735,3.247,79.428,0,0,5198092,194792,181084,2398368,7687.044,4001.379,0,0,0,0,1940,1731,4.800,3.550,1.820,1,0,0,0,0,18,264,1,65,0
15-06 06:09:01,17.766,2.502,77.568,0.500,0,5110148,282608,181084,2398496,12270.808,7984.032,96.085,664.585,4.004,60.053,2778,3128,4.800,3.550,1.820,0,0,14.012,0,0,18,263,1,66,0
15-06 06:09:02,2.000,1.500,94.749,0,0,5102632,290124,181084,2398496,5819.928,1661.979,0,111.999,0,9.000,1213,1550,4.410,3.490,1.810,2,0,9.000,0,0,18,263,1,61,0
15-06 06:09:03,22.745,4.249,72.236,0,0,5167232,225524,181084,2398496,6054.787,1857.628,0,119.976,0,7.998,2017,1548,4.410,3.490,1.810,1,0,0,0,0,18,263,1,61,0
15-06 06:09:04,12.506,2.001,84.040,0,0,5179832,212924,181084,2398496,14233.771,9624.579,0,264.126,0,17.008,1825,1762,4.410,3.490,1.810,2,0,0,0,0,18,264,1,61,0
15-06 06:09:05,8.246,1.749,88.461,0,0,5133836,258904,181084,2398512,6265.203,2223.008,0,39.982,0,4.998,1703,1800,4.410,3.490,1.810,0,0,14.993,0,0,18,263,1,62,0
15-06 06:09:06,14.002,4.251,81.011,0,0,5172176,220564,181084,2398512,5717.811,1620.230,0,0,0,0,1803,1560,4.410,3.490,1.810,1,0,9.001,0,0,18,263,1,55,0
15-06 06:09:07,14.998,2.500,81.491,0,0,5204376,188356,181084,2398520,11134.757,7170.200,0,0,0,0,1784,1527,4.060,3.440,1.800,1,0,0,0,0,18,264,1,55,0
15-06 06:09:08,17.996,2.249,78.231,0.500,0,5120824,271772,181084,2398656,8462.981,4605.901,0,1711.592,0,278.933,2477,2126,4.060,3.440,1.800,0,0,13.997,0,0,18,265,1,56,0
15-06 06:09:09,4.752,2.501,91.280,0.500,0,5130292,262304,181084,2398656,4879.627,1458.486,0,2008.670,0,141.047,1564,2171,4.060,3.440,1.800,1,0,9.003,0,0,18,265,1,56,0
15-06 06:09:10,23.500,3.750,71.499,0,0,5196360,196152,181084,2398740,5099.907,1693.969,79.999,175.997,5.000,11.000,2187,1744,4.060,3.440,1.800,1,0,0,0,0,18,265,1,55,0
15-06 06:09:11,14.757,2.501,81.287,0.250,0,5197696,194756,181084,2398800,13312.111,9564.390,32.015,844.388,1.000,54.025,2312,2481,4.060,3.440,1.800,2,0,2.001,0,0,18,268,1,55,0
15-06 06:09:12,8.744,1.499,88.689,0,0,5163732,228720,181084,2398800,5646.119,2458.310,0,163.887,0,13.990,1599,1633,3.730,3.380,1.790,0,0,13.990,0,0,18,269,1,56,0
15-06 06:09:13,14.001,3.750,81.007,0.250,0,5176428,216020,181084,2398804,5552.474,1676.143,0,116.010,0,7.001,1843,1642,3.730,3.380,1.790,1,0,9.001,0,0,18,269,1,56,0
15-06 06:09:14,17.760,4.002,76.542,0,0,5202544,189900,181084,2399496,11104.135,7357.065,0,420.232,0,18.010,2275,3426,3.730,3.380,1.790,3,0,34.019,0,0,18,270,1,49,0
15-06 06:09:15,20.989,4.248,73.710,0,0,5160016,232344,181084,2398876,8548.338,4442.577,47.974,35.980,1.999,3.998,3175,8737,3.730,3.380,1.790,2,0,16.991,0,0,18,271,1,51,0
15-06 06:09:16,8.002,2.751,87.772,0.250,0,5167196,225160,181084,2398880,5538.398,1694.428,0,448.113,0,34.009,1835,2311,3.730,3.380,1.790,2,0,9.002,0,0,18,271,1,51,0
15-06 06:09:17,20.996,3.749,74.235,0,0,5210360,191960,181084,2389156,7787.412,3585.269,0,0,0,0,1983,1517,3.510,3.340,1.780,0,0,0,0,0,18,272,1,51,0
15-06 06:09:18,17.751,2.000,78.506,0,0,5165088,237216,181084,2389172,12406.968,8266.645,0,280.022,0,28.002,2344,2155,3.510,3.340,1.780,0,0,13.001,0,0,18,271,1,28,0
15-06 06:09:19,1.249,0.750,96.693,0.250,0,5156832,245468,181084,2389176,5636.702,1661.028,3.998,99.942,0.999,11.993,1023,1503,3.510,3.340,1.780,2,0,0,0,0,18,271,1,28,0
15-06 06:09:20,22.514,5.003,72.046,0,0,5221916,180376,181084,2389184,5403.428,1621.028,0,108.069,0,8.005,2194,1736,3.510,3.340,1.780,1,0,9.006,0,0,18,271,1,28,0
15-06 06:09:21,12.747,1.750,83.478,0,0,5232480,169764,181084,2389232,13051.494,9485.452,35.990,303.918,1.999,23.994,1906,1848,3.510,3.340,1.780,0,0,1.000,0,0,18,272,1,28,0
15-06 06:09:22,8.502,1.500,88.771,0.250,0,5165312,236924,181084,2389240,6780.622,2526.604,0,120.029,0,8.002,1682,1947,3.230,3.280,1.770,0,0,13.003,0,0,18,271,1,28,0
15-06 06:09:23,13.500,3.500,81.999,0,0,5202228,200004,181084,2389244,6389.943,1709.985,0,115.999,0,8.000,1715,1516,3.230,3.280,1.770,1,0,9.000,0,0,18,271,1,28,0
15-06 06:09:24,17.501,2.500,79.253,0,0,5217560,184668,181084,2389248,10866.425,7303.286,0,228.009,0,14.001,1724,1440,3.230,3.280,1.770,1,0,0,0,0,18,272,1,28,0
15-06 06:09:25,12.499,2.000,84.247,0,0,5164076,238140,181084,2389260,8584.655,4672.812,0,35.999,0,4.000,2066,2028,3.230,3.280,1.770,0,0,12.999,0,0,18,271,1,29,0
15-06 06:09:26,7.501,3.000,88.011,0.250,0,5180892,221324,181084,2389260,5435.691,1458.185,0,104.013,0,14.002,1472,1565,3.230,3.280,1.770,2,0,9.001,0,0,18,271,1,25,0
15-06 06:09:27,19.493,2.499,77.473,0,0,5203784,198428,181084,2389264,7306.413,3584.731,0,71.975,0,4.998,1790,1376,3.050,3.250,1.770,1,0,0,0,0,18,272,1,25,0
15-06 06:09:28,17.254,2.000,79.269,0,0,5162240,239832,181084,2389404,13019.043,8193.915,0,60.014,0,3.001,2215,2059,3.050,3.250,1.770,0,0,14.003,0,0,18,273,1,26,0
15-06 06:09:29,1.500,1.000,96.497,0,0,5149664,252408,181084,2389404,4803.849,1403.956,0,103.997,0,12.000,1063,1535,3.050,3.250,1.770,2,0,4.000,0,0,18,273,1,26,0
15-06 06:09:30,22.751,4.000,72.002,0,0,5186488,215584,181084,2389404,5108.164,1262.041,0,0,0,0,2346,1965,3.050,3.250,1.770,1,0,5.000,0,0,18,273,1,22,0
15-06 06:09:31,15.252,3.250,80.758,0.500,0,5195656,206380,181084,2389440,13751.373,9500.948,32.003,660.066,1.000,64.006,2775,3267,3.050,3.250,1.770,3,0,1.000,0,0,18,274,1,22,0
15-06 06:09:32,8.249,1.000,89.486,0,0,5153936,248080,181084,2389460,6207.014,2223.647,0,43.993,0,2.000,1538,1583,2.810,3.190,1.760,0,0,12.998,0,0,18,273,1,23,0
15-06 06:09:33,13.252,4.001,81.010,0,0,5171940,230072,181084,2389464,5460.693,1710.217,0,8.001,0,1.000,1723,1494,2.810,3.190,1.760,1,0,9.001,0,0,18,273,1,23,0
15-06 06:09:34,17.750,2.750,79.000,0.250,0,5191028,210980,181084,2389468,10833.954,7170.970,0,327.999,0,18.000,1843,1625,2.810,3.190,1.760,1,0,0,0,0,18,274,1,17,0
15-06 06:09:35,12.749,1.750,84.495,0,0,5150040,251956,181084,2389480,9374.421,4648.713,0,35.998,0,4.000,1990,2021,2.810,3.190,1.760,0,0,12.999,0,0,18,273,1,18,0
15-06 06:09:36,7.001,2.500,89.011,0,0,5161520,240476,181084,2389480,5899.745,1662.210,0,0,0,0,1360,1459,2.810,3.190,1.760,2,0,9.001,0,0,18,273,1,18,0
15-06 06:09:37,20.250,3.000,76.000,0,0,5197124,204868,181084,2389484,8399.053,3586.022,0,0,0,0,1939,1454,2.660,3.150,1.760,0,0,0,0,0,18,274,1,18,0
15-06 06:09:38,15.251,2.500,81.507,0,0,5124544,277436,181084,2389496,13879.139,8300.681,0,4.000,0,1.000,2189,2105,2.660,3.150,1.760,0,0,13.001,0,0,18,273,1,19,0
15-06 06:09:39,1.250,0.750,96.773,0.500,0,5124536,277436,181084,2389504,5447.313,1566.377,0,2004.483,0,305.074,1193,1700,2.660,3.150,1.760,2,0,1.000,0,0,18,273,1,18,0
15-06 06:09:40,22.991,3.249,72.971,0,0,5178192,223780,181084,2389504,5263.908,1565.378,0,3.998,0,1.000,2104,1578,2.660,3.150,1.760,1,0,7.997,0,0,18,273,1,18,0
15-06 06:09:41,16.252,2.000,79.759,0,0,5188988,212972,181084,2389516,14435.585,10321.134,48.005,520.057,2.000,60.007,2413,2513,2.660,3.150,1.760,1,0,1.000,0,0,18,273,1,19,0
15-06 06:09:42,5.249,3.249,91.481,0,0,5135452,266448,181084,2389576,5204.922,1565.676,0,0,0,0,1311,1353,2.450,3.100,1.750,0,0,12.997,0,0,18,273,1,19,0
15-06 06:09:43,16.503,4.501,77.513,0,0,5181488,220408,181084,2389580,5552.937,1624.274,0,0,0,0,1938,1540,2.450,3.100,1.750,1,0,9.002,0,0,18,273,1,18,0
15-06 06:09:44,13.499,5.250,79.997,0.250,0,5182048,219840,181084,2389588,11309.568,7530.713,0,359.986,0,20.999,2270,1911,2.450,3.100,1.750,1,0,35.999,0,0,18,273,1,19,0
15-06 06:09:45,20.758,6.002,71.777,0,0,5224468,177416,181084,2389592,6080.312,1458.555,0,36.014,0,4.002,2658,2117,2.450,3.100,1.750,1,0,42.016,0,0,18,273,1,19,0
15-06 06:09:46,16.991,3.498,78.210,0,0,5228000,183556,181084,2380132,12349.659,8834.464,3.998,431.778,0.999,41.978,2434,2416,2.450,3.100,1.750,0,0,5.997,0,0,18,274,1,19,0
15-06 06:09:47,15.002,9.251,74.259,0.750,0,5156932,253712,181084,2381064,9013.119,3745.465,920.114,60.007,55.007,6.001,3664,3155,2.250,3.050,1.740,1,0,118.015,0,0,18,273,1,20,0
15-06 06:09:48,12.249,14.499,71.493,1.000,0,5134016,274012,181784,2382728,5117.529,1457.866,2055.811,0,191.982,0,3668,2723,2.250,3.050,1.740,1,0,72.993,0,0,18,273,1,20,0
15-06 06:09:49,6.499,3.000,88.992,0.500,0,5113836,292876,181784,2384060,5159.563,1619.863,491.958,8243.302,38.997,42.996,3058,5252,2.250,3.050,1.740,0,0,8.999,0,0,18,273,1,20,0
15-06 06:09:50,1.250,0.250,97.011,0,0,5088252,318460,181784,2384060,5358.590,1458.161,0,48.005,0,3.000,1032,1369,2.250,3.050,1.740,1,0,0,0,0,18,273,1,20,0
15-06 06:09:51,1.000,1.000,96.737,0.250,0,5088220,318460,181784,2384092,5134.306,1457.803,31.996,191.974,1.000,16.998,1069,1601,2.250,3.050,1.740,0,0,1.000,0,0,18,273,1,19,0
15-06 06:09:52,1.750,0.500,97.010,0,0,5088208,318460,181784,2384104,5058.496,1528.150,0,292.029,0,18.002,983,1392,2.070,3,1.730,0,0,0,0,0,18,273,1,19,0
15-06 06:09:53,1.000,0.250,97.750,0,0,5088208,318460,181784,2384104,5159.995,1619.998,0,0,0,0,810,1164,2.070,3,1.730,0,0,0,0,0,18,273,1,19,0
15-06 06:09:54,0.500,0.750,97.499,0,0,5088208,318460,181784,2384104,5039.941,1619.981,0,3431.960,0,371.996,933,1223,2.070,3,1.730,0,0,0,0,0,18,273,1,19,0
15-06 06:09:55,2.000,0.500,96.990,0,0,5088208,318460,181784,2384104,5879.387,1619.831,0,0,0,0,1054,1336,2.070,3,1.730,0,0,0,0,0,18,273,1,17,0
15-06 06:09:56,1.500,1.250,96.262,0.250,0,5088208,318460,181784,2384104,7037.871,1620.200,0,7892.977,0,480.059,1126,1380,2.070,3,1.730,0,0,0,0,0,18,273,1,17,0
15-06 06:09:57,1.000,0.250,97.500,0,0,5088560,318236,181784,2384144,7079.987,1619.997,0,60.000,0,6.000,917,1228,1.910,2.950,1.720,0,0,0,0,0,18,273,1,17,0
15-06 06:09:58,1.000,0.500,97.747,0,0,5088560,318236,181784,2384144,6959.802,1619.954,0,0,0,0,890,1213,1.910,2.950,1.720,0,0,0,0,0,18,273,1,17,0
15-06 06:09:59,2.250,0.750,95.495,0,0,5081120,326076,181788,2383740,6239.647,124302.976,8.000,315.982,2.000,23.999,1269,1695,1.910,2.950,1.720,0,0,0,0,0,18,273,1,16,0
15-06 06:10:00,2.000,1.500,95.000,0,0,5081556,325576,181792,2383796,5495.974,1295.994,60.000,8.000,9.000,2.000,1325,1640,1.910,2.950,1.720,1,0,2.000,0,0,18,273,1,16,0
15-06 06:10:01,2.000,1.250,95.014,0.500,0,5081496,325576,181792,2383860,5439.818,1242.187,48.007,592.089,2.000,60.009,1572,2453,1.910,2.950,1.720,1,0,1.000,0,0,18,273,1,16,0
15-06 06:10:02,1.500,0.500,96.736,0,0,5081484,325576,181792,2383872,5339.218,1619.763,0,107.984,0,7.999,953,1358,1.750,2.900,1.710,0,0,0,0,0,18,273,1,16,0
15-06 06:10:03,1.000,0.500,97.256,0,0,5081484,325576,181792,2383872,5468.335,1188.073,0,108.007,0,7.000,870,1202,1.750,2.900,1.710,0,0,0,0,0,18,273,1,15,0
15-06 06:10:04,1.000,0.500,97.248,0.500,0,5081484,325576,181792,2383872,5689.894,1349.975,0,379.993,0,25.000,872,1281,1.750,2.900,1.710,0,0,0,0,0,18,273,1,15,0
15-06 06:10:05,1.500,0.500,96.749,0,0,5081464,325576,181792,2383892,6285.955,1565.989,0,52.000,0,7.000,1087,1413,1.750,2.900,1.710,0,0,2.000,0,0,18,273,1,15,0
15-06 06:10:06,1.000,0.750,97.251,0,0,5081464,325576,181792,2383892,5699.054,1512.014,0,0,0,0,884,1273,1.750,2.900,1.710,0,0,0,0,0,18,273,1,15,0
15-06 06:10:07,1.250,0.250,97.499,0,0,5081460,325576,181792,2383896,6059.953,1619.988,0,0,0,0,821,1175,1.610,2.850,1.700,0,0,0,0,0,18,273,1,14,0
15-06 06:10:08,2.000,1.000,96.007,0.500,0,5081460,325576,181796,2383892,5118.374,1458.107,0,2028.148,0,96.007,1241,1776,1.610,2.850,1.700,1,0,0,0,0,18,273,1,14,0
15-06 06:10:09,1.750,0.750,96.256,0,0,5081456,325576,181796,2383896,5280.306,1620.094,0,332.019,0,38.002,1144,1656,1.610,2.850,1.700,0,0,0,0,0,18,273,1,14,0
15-06 06:10:10,1.250,1.000,96.992,0.250,0,5081676,325352,181796,2383900,5267.562,1531.873,0,619.948,0,126.989,966,1295,1.610,2.850,1.700,0,0,0,0,0,18,273,1,14,0
15-06 06:10:11,1.750,0.500,96.749,0.250,0,5081672,325352,181796,2383904,5448.951,1693.985,0,139.999,0,16.000,1008,1383,1.610,2.850,1.700,0,0,1.000,0,0,18,273,1,13,0
15-06 06:10:12,1.250,1.000,96.743,0,0,5081672,325352,181796,2383904,5399.627,1693.883,0,99.993,0,8.999,1025,1486,1.480,2.800,1.690,1,0,0,0,0,18,273,1,13,0
15-06 06:10:13,1.000,0.250,97.510,0,0,5081668,325352,181796,2383908,5460.567,1694.176,0,28.003,0,4.000,855,1215,1.480,2.800,1.690,0,0,0,0,0,18,273,1,13,0
15-06 06:10:14,0.500,0.250,97.739,0,0,5081668,325352,181796,2383908,5519.374,1735.803,0,4.000,0,1.000,816,1160,1.480,2.800,1.690,0,0,0,0,0,18,273,1,13,0
15-06 06:10:15,16.748,7.749,74.490,0,0,5107544,299476,181796,2383840,5417.301,1531.802,255.967,307.960,2.000,25.997,3785,8206,1.480,2.800,1.690,1,0,40.995,0,0,18,273,1,11,0
15-06 06:10:16,20.003,6.751,71.759,0.250,0,5114816,292196,181796,2383916,5837.739,1620.205,512.065,180.023,4.001,26.003,2771,2501,1.480,2.800,1.690,1,0,6.001,0,0,18,273,1,11,0
15-06 06:10:17,5.000,2.000,92.008,0,0,5107000,300008,181796,2383920,5506.485,1566.138,256.023,196.017,2.000,20.002,1536,1804,1.360,2.760,1.680,0,0,1.000,0,0,18,273,1,11,0
15-06 06:10:18,1.000,0.250,97.243,0,0,5107000,300008,181796,2383920,5611.593,1585.885,0,111.992,0,7.999,955,1302,1.360,2.760,1.680,0,0,0,0,0,18,273,1,11,0
15-06 06:10:19,1.500,1.000,96.512,0.250,0,5103612,303392,181796,2383924,5076.634,1296.162,0,512.064,0,38.005,1104,1693,1.360,2.760,1.680,1,0,0,0,0,18,273,1,11,0
15-06 06:10:20,0.750,0.250,97.494,0,0,5090852,316152,181796,2383924,5191.685,1241.925,0,31.998,0,5.000,923,1287,1.360,2.760,1.680,0,0,0,0,0,18,273,1,10,0
15-06 06:10:21,1.500,0.750,97.503,0,0,5088980,318024,181796,2383924,5467.159,1350.039,0,788.023,0,154.004,939,1225,1.360,2.760,1.680,0,0,1.000,0,0,18,273,1,10,0
15-06 06:10:22,0.750,0.500,96.980,0,0,5087088,319916,181796,2383924,4581.043,1315.725,0,383.920,0,4.999,830,1227,1.260,2.710,1.670,0,0,0,0,0,18,273,1,10,0
15-06 06:10:23,1.000,0.750,97.516,0,0,5085460,321544,181796,2383924,4916.808,1566.257,0,0,0,0,798,1117,1.260,2.710,1.670,0,0,0,0,0,18,273,1,10,0
15-06 06:10:24,0.750,0.250,97.753,0,0,5085272,321732,181796,2383924,4472.117,1512.039,0,0,0,0,757,1123,1.260,2.710,1.670,1,0,0,0,0,18,273,1,9,0
15-06 06:10:25,1.750,1.000,97.001,0.250,0,5085244,321760,181796,2383924,5266.054,1566.016,0,112.001,0,9.000,970,1311,1.260,2.710,1.670,0,0,0,0,0,18,273,1,9,0
15-06 06:10:26,1.750,0.250,96.001,0.500,0,5085240,321760,181796,2383928,4909.065,1512.020,0,332.004,0,36.000,1225,1760,1.260,2.710,1.670,0,0,0,0,0,18,273,1,9,0
15-06 06:10:27,1.750,1.500,95.750,0,0,5085240,321760,181796,2383928,5580.025,1620.007,0,392.002,0,61.000,1166,1665,1.150,2.670,1.660,0,0,0,0,0,18,273,1,9,0
15-06 06:10:28,1.000,0,97.749,0,0,5085232,321760,181796,2383936,5339.944,1619.983,0,0,0,0,847,1191,1.150,2.670,1.660,0,0,0,0,0,18,273,1,8,0
15-06 06:10:29,2.500,1.500,95.506,0.250,0,5054080,352912,181796,2383936,3550.216,312.019,0,400.024,0,34.002,1241,1782,1.150,2.670,1.660,0,0,0,0,0,18,268,1,8,0
15-06 06:10:30,13.251,3.500,81.505,0,0,5081964,324936,181896,2383928,408643.336,5744.328,76.004,0,4.000,0,2317,1906,1.150,2.670,1.660,1,0,25.001,0,0,18,268,1,8,0
15-06 06:10:31,12.232,4.993,80.881,0.250,0,5079460,326684,181900,2384680,289445.778,7373.117,187.723,678.998,6.990,44.934,2938,2786,1.150,2.670,1.660,1,0,30.954,0,0,18,268,1,8,0
