Jun 04 02:36:01 jammy-provider-cloud-0000007173 systemd[1]: Starting Devstack devstack@g-api.service...
Jun 04 02:36:01 jammy-provider-cloud-0000007173 devstack@g-api.service[103316]: [uWSGI] getting INI configuration from /etc/glance/glance-uwsgi.ini
Jun 04 02:36:01 jammy-provider-cloud-0000007173 devstack@g-api.service[103316]: *** Starting uWSGI 2.0.20-debian (64bit) on [Tue Jun  4 02:36:01 2024] ***
Jun 04 02:36:01 jammy-provider-cloud-0000007173 devstack@g-api.service[103316]: compiled with version: 11.2.0 on 21 March 2022 11:00:44
Jun 04 02:36:01 jammy-provider-cloud-0000007173 devstack@g-api.service[103316]: os: Linux-5.15.0-107-generic #117-Ubuntu SMP Fri Apr 26 12:26:49 UTC 2024
Jun 04 02:36:01 jammy-provider-cloud-0000007173 devstack@g-api.service[103316]: nodename: jammy-provider-cloud-0000007173
Jun 04 02:36:01 jammy-provider-cloud-0000007173 devstack@g-api.service[103316]: machine: x86_64
Jun 04 02:36:01 jammy-provider-cloud-0000007173 devstack@g-api.service[103316]: clock source: unix
Jun 04 02:36:01 jammy-provider-cloud-0000007173 devstack@g-api.service[103316]: pcre jit disabled
Jun 04 02:36:01 jammy-provider-cloud-0000007173 devstack@g-api.service[103316]: detected number of CPU cores: 4
Jun 04 02:36:01 jammy-provider-cloud-0000007173 devstack@g-api.service[103316]: current working directory: /
Jun 04 02:36:01 jammy-provider-cloud-0000007173 devstack@g-api.service[103316]: detected binary path: /usr/bin/uwsgi-core
Jun 04 02:36:01 jammy-provider-cloud-0000007173 devstack@g-api.service[103316]: your processes number limit is 31298
Jun 04 02:36:01 jammy-provider-cloud-0000007173 devstack@g-api.service[103316]: your memory page size is 4096 bytes
Jun 04 02:36:01 jammy-provider-cloud-0000007173 devstack@g-api.service[103316]: detected max file descriptor number: 2048
Jun 04 02:36:01 jammy-provider-cloud-0000007173 devstack@g-api.service[103316]: lock engine: pthread robust mutexes
Jun 04 02:36:01 jammy-provider-cloud-0000007173 devstack@g-api.service[103316]: thunder lock: enabled
Jun 04 02:36:01 jammy-provider-cloud-0000007173 devstack@g-api.service[103316]: uwsgi socket 0 bound to TCP address 127.0.0.1:60999 fd 4
Jun 04 02:36:01 jammy-provider-cloud-0000007173 devstack@g-api.service[103316]: Python version: 3.10.12 (main, Nov 20 2023, 15:14:05) [GCC 11.4.0]
Jun 04 02:36:01 jammy-provider-cloud-0000007173 devstack@g-api.service[103316]: PEP 405 virtualenv detected: /opt/stack/data/venv
Jun 04 02:36:01 jammy-provider-cloud-0000007173 devstack@g-api.service[103316]: Set PythonHome to /opt/stack/data/venv
Jun 04 02:36:01 jammy-provider-cloud-0000007173 devstack@g-api.service[103316]: Python main interpreter initialized at 0x5628e3cbce00
Jun 04 02:36:01 jammy-provider-cloud-0000007173 devstack@g-api.service[103316]: python threads support enabled
Jun 04 02:36:01 jammy-provider-cloud-0000007173 devstack@g-api.service[103316]: your server socket listen backlog is limited to 100 connections
Jun 04 02:36:01 jammy-provider-cloud-0000007173 devstack@g-api.service[103316]: your mercy for graceful operations on workers is 80 seconds
Jun 04 02:36:01 jammy-provider-cloud-0000007173 devstack@g-api.service[103316]: mapped 403077 bytes (393 KB) for 2 cores
Jun 04 02:36:01 jammy-provider-cloud-0000007173 devstack@g-api.service[103316]: *** Operational MODE: preforking ***
Jun 04 02:36:01 jammy-provider-cloud-0000007173 devstack@g-api.service[103316]: *** uWSGI is running in multiple interpreter mode ***
Jun 04 02:36:01 jammy-provider-cloud-0000007173 devstack@g-api.service[103316]: spawned uWSGI master process (pid: 103316)
Jun 04 02:36:01 jammy-provider-cloud-0000007173 systemd[1]: Started Devstack devstack@g-api.service.
Jun 04 02:36:01 jammy-provider-cloud-0000007173 devstack@g-api.service[103316]: spawned uWSGI worker 1 (pid: 103319, cores: 1)
Jun 04 02:36:01 jammy-provider-cloud-0000007173 devstack@g-api.service[103316]: spawned uWSGI worker 2 (pid: 103320, cores: 1)
Jun 04 02:36:01 jammy-provider-cloud-0000007173 devstack@g-api.service[103316]: running "unix_signal:15 gracefully_kill_them_all" (master-start)...
Jun 04 02:36:02 jammy-provider-cloud-0000007173 devstack@g-api.service[103320]: INFO glance.async_ [-] Threadpool model set to 'NativeThreadPoolModel'
Jun 04 02:36:02 jammy-provider-cloud-0000007173 devstack@g-api.service[103319]: INFO glance.async_ [-] Threadpool model set to 'NativeThreadPoolModel'
Jun 04 02:36:02 jammy-provider-cloud-0000007173 devstack@g-api.service[103320]: DEBUG oslo_concurrency.processutils [-] Running cmd (subprocess): grep -F node.session.scan /sbin/iscsiadm {{(pid=103320) execute /opt/stack/data/venv/lib/python3.10/site-packages/oslo_concurrency/processutils.py:390}}
Jun 04 02:36:02 jammy-provider-cloud-0000007173 devstack@g-api.service[103320]: DEBUG oslo_concurrency.processutils [-] CMD "grep -F node.session.scan /sbin/iscsiadm" returned: 0 in 0.008s {{(pid=103320) execute /opt/stack/data/venv/lib/python3.10/site-packages/oslo_concurrency/processutils.py:428}}
Jun 04 02:36:02 jammy-provider-cloud-0000007173 devstack@g-api.service[103319]: DEBUG oslo_concurrency.processutils [-] Running cmd (subprocess): grep -F node.session.scan /sbin/iscsiadm {{(pid=103319) execute /opt/stack/data/venv/lib/python3.10/site-packages/oslo_concurrency/processutils.py:390}}
Jun 04 02:36:02 jammy-provider-cloud-0000007173 devstack@g-api.service[103319]: DEBUG oslo_concurrency.processutils [-] CMD "grep -F node.session.scan /sbin/iscsiadm" returned: 0 in 0.008s {{(pid=103319) execute /opt/stack/data/venv/lib/python3.10/site-packages/oslo_concurrency/processutils.py:428}}
Jun 04 02:36:02 jammy-provider-cloud-0000007173 devstack@g-api.service[103320]: DEBUG glance_store.common.attachment_state_manager [-] Initialising _AttachmentStateManager {{(pid=103320) __init__ /opt/stack/data/venv/lib/python3.10/site-packages/glance_store/common/attachment_state_manager.py:86}}
Jun 04 02:36:02 jammy-provider-cloud-0000007173 devstack@g-api.service[103319]: DEBUG glance_store.common.attachment_state_manager [-] Initialising _AttachmentStateManager {{(pid=103319) __init__ /opt/stack/data/venv/lib/python3.10/site-packages/glance_store/common/attachment_state_manager.py:86}}
Jun 04 02:36:02 jammy-provider-cloud-0000007173 devstack@g-api.service[103320]: DEBUG glance_store.backend [-] Attempting to import store cinder {{(pid=103320) _load_store /opt/stack/data/venv/lib/python3.10/site-packages/glance_store/backend.py:216}}
Jun 04 02:36:02 jammy-provider-cloud-0000007173 devstack@g-api.service[103320]: DEBUG glance_store.backend [-] Attempting to import store file {{(pid=103320) _load_store /opt/stack/data/venv/lib/python3.10/site-packages/glance_store/backend.py:216}}
Jun 04 02:36:02 jammy-provider-cloud-0000007173 devstack@g-api.service[103320]: DEBUG glance_store.backend [-] Attempting to import store glance.store.cinder.Store {{(pid=103320) _load_store /opt/stack/data/venv/lib/python3.10/site-packages/glance_store/backend.py:216}}
Jun 04 02:36:02 jammy-provider-cloud-0000007173 devstack@g-api.service[103320]: DEBUG glance_store.backend [-] Attempting to import store glance.store.filesystem.Store {{(pid=103320) _load_store /opt/stack/data/venv/lib/python3.10/site-packages/glance_store/backend.py:216}}
Jun 04 02:36:02 jammy-provider-cloud-0000007173 devstack@g-api.service[103320]: DEBUG glance_store.backend [-] Attempting to import store glance.store.http.Store {{(pid=103320) _load_store /opt/stack/data/venv/lib/python3.10/site-packages/glance_store/backend.py:216}}
Jun 04 02:36:02 jammy-provider-cloud-0000007173 devstack@g-api.service[103320]: DEBUG glance_store.backend [-] Attempting to import store glance.store.rbd.Store {{(pid=103320) _load_store /opt/stack/data/venv/lib/python3.10/site-packages/glance_store/backend.py:216}}
Jun 04 02:36:02 jammy-provider-cloud-0000007173 devstack@g-api.service[103320]: DEBUG glance_store.backend [-] Attempting to import store glance.store.s3.Store {{(pid=103320) _load_store /opt/stack/data/venv/lib/python3.10/site-packages/glance_store/backend.py:216}}
Jun 04 02:36:02 jammy-provider-cloud-0000007173 devstack@g-api.service[103320]: DEBUG glance_store.backend [-] Attempting to import store glance.store.swift.Store {{(pid=103320) _load_store /opt/stack/data/venv/lib/python3.10/site-packages/glance_store/backend.py:216}}
Jun 04 02:36:02 jammy-provider-cloud-0000007173 devstack@g-api.service[103320]: DEBUG glance_store.backend [-] Attempting to import store glance.store.vmware_datastore.Store {{(pid=103320) _load_store /opt/stack/data/venv/lib/python3.10/site-packages/glance_store/backend.py:216}}
Jun 04 02:36:02 jammy-provider-cloud-0000007173 devstack@g-api.service[103320]: DEBUG glance_store.backend [-] Attempting to import store http {{(pid=103320) _load_store /opt/stack/data/venv/lib/python3.10/site-packages/glance_store/backend.py:216}}
Jun 04 02:36:02 jammy-provider-cloud-0000007173 devstack@g-api.service[103320]: DEBUG glance_store.backend [-] Attempting to import store no_conf {{(pid=103320) _load_store /opt/stack/data/venv/lib/python3.10/site-packages/glance_store/backend.py:216}}
Jun 04 02:36:02 jammy-provider-cloud-0000007173 devstack@g-api.service[103320]: DEBUG glance_store.backend [-] Attempting to import store rbd {{(pid=103320) _load_store /opt/stack/data/venv/lib/python3.10/site-packages/glance_store/backend.py:216}}
Jun 04 02:36:02 jammy-provider-cloud-0000007173 devstack@g-api.service[103320]: DEBUG glance_store.backend [-] Attempting to import store s3 {{(pid=103320) _load_store /opt/stack/data/venv/lib/python3.10/site-packages/glance_store/backend.py:216}}
Jun 04 02:36:02 jammy-provider-cloud-0000007173 devstack@g-api.service[103320]: DEBUG glance_store.backend [-] Attempting to import store swift {{(pid=103320) _load_store /opt/stack/data/venv/lib/python3.10/site-packages/glance_store/backend.py:216}}
Jun 04 02:36:02 jammy-provider-cloud-0000007173 devstack@g-api.service[103320]: DEBUG glance_store.backend [-] Attempting to import store vmware {{(pid=103320) _load_store /opt/stack/data/venv/lib/python3.10/site-packages/glance_store/backend.py:216}}
Jun 04 02:36:02 jammy-provider-cloud-0000007173 devstack@g-api.service[103320]: DEBUG glance_store.backend [-] Registering options for group glance_store {{(pid=103320) register_opts /opt/stack/data/venv/lib/python3.10/site-packages/glance_store/backend.py:145}}
Jun 04 02:36:02 jammy-provider-cloud-0000007173 devstack@g-api.service[103320]: DEBUG glance_store.backend [-] Registering options for group glance_store {{(pid=103320) register_opts /opt/stack/data/venv/lib/python3.10/site-packages/glance_store/backend.py:145}}
Jun 04 02:36:02 jammy-provider-cloud-0000007173 devstack@g-api.service[103320]: DEBUG glance_store.backend [-] Attempting to import store http {{(pid=103320) _load_store /opt/stack/data/venv/lib/python3.10/site-packages/glance_store/backend.py:216}}
Jun 04 02:36:02 jammy-provider-cloud-0000007173 devstack@g-api.service[103320]: DEBUG glance_store.capabilities [-] Store glance_store._drivers.http.Store doesn't support updating dynamic storage capabilities. Please overwrite 'update_capabilities' method of the store to implement updating logics if needed. {{(pid=103320) update_capabilities /opt/stack/data/venv/lib/python3.10/site-packages/glance_store/capabilities.py:91}}
Jun 04 02:36:02 jammy-provider-cloud-0000007173 devstack@g-api.service[103320]: DEBUG glance_store.backend [-] Registering store http with schemes ('http', 'https') {{(pid=103320) create_stores /opt/stack/data/venv/lib/python3.10/site-packages/glance_store/backend.py:262}}
Jun 04 02:36:02 jammy-provider-cloud-0000007173 devstack@g-api.service[103320]: DEBUG glance_store.driver [-] Late loading location class glance_store._drivers.http.StoreLocation {{(pid=103320) get_store_location_class /opt/stack/data/venv/lib/python3.10/site-packages/glance_store/driver.py:133}}
Jun 04 02:36:02 jammy-provider-cloud-0000007173 devstack@g-api.service[103320]: DEBUG glance_store.location [-] Registering scheme http with {'store': <glance_store._drivers.http.Store object at 0x7fe1dbc04e50>, 'location_class': <class 'glance_store._drivers.http.StoreLocation'>, 'store_entry': 'http'} {{(pid=103320) register_scheme_map /opt/stack/data/venv/lib/python3.10/site-packages/glance_store/location.py:146}}
Jun 04 02:36:02 jammy-provider-cloud-0000007173 devstack@g-api.service[103320]: DEBUG glance_store.location [-] Registering scheme https with {'store': <glance_store._drivers.http.Store object at 0x7fe1dbc04e50>, 'location_class': <class 'glance_store._drivers.http.StoreLocation'>, 'store_entry': 'http'} {{(pid=103320) register_scheme_map /opt/stack/data/venv/lib/python3.10/site-packages/glance_store/location.py:146}}
Jun 04 02:36:02 jammy-provider-cloud-0000007173 devstack@g-api.service[103320]: DEBUG glance_store.backend [-] Attempting to import store file {{(pid=103320) _load_store /opt/stack/data/venv/lib/python3.10/site-packages/glance_store/backend.py:216}}
Jun 04 02:36:02 jammy-provider-cloud-0000007173 devstack@g-api.service[103320]: DEBUG glance_store.capabilities [-] Store glance_store._drivers.filesystem.Store doesn't support updating dynamic storage capabilities. Please overwrite 'update_capabilities' method of the store to implement updating logics if needed. {{(pid=103320) update_capabilities /opt/stack/data/venv/lib/python3.10/site-packages/glance_store/capabilities.py:91}}
Jun 04 02:36:02 jammy-provider-cloud-0000007173 devstack@g-api.service[103320]: DEBUG glance_store.backend [-] Registering store file with schemes ('file', 'filesystem') {{(pid=103320) create_stores /opt/stack/data/venv/lib/python3.10/site-packages/glance_store/backend.py:262}}
Jun 04 02:36:02 jammy-provider-cloud-0000007173 devstack@g-api.service[103320]: DEBUG glance_store.driver [-] Late loading location class glance_store._drivers.filesystem.StoreLocation {{(pid=103320) get_store_location_class /opt/stack/data/venv/lib/python3.10/site-packages/glance_store/driver.py:133}}
Jun 04 02:36:02 jammy-provider-cloud-0000007173 devstack@g-api.service[103320]: DEBUG glance_store.location [-] Registering scheme file with {'store': <glance_store._drivers.filesystem.Store object at 0x7fe1dbc05000>, 'location_class': <class 'glance_store._drivers.filesystem.StoreLocation'>, 'store_entry': 'file'} {{(pid=103320) register_scheme_map /opt/stack/data/venv/lib/python3.10/site-packages/glance_store/location.py:146}}
Jun 04 02:36:02 jammy-provider-cloud-0000007173 devstack@g-api.service[103320]: DEBUG glance_store.location [-] Registering scheme filesystem with {'store': <glance_store._drivers.filesystem.Store object at 0x7fe1dbc05000>, 'location_class': <class 'glance_store._drivers.filesystem.StoreLocation'>, 'store_entry': 'file'} {{(pid=103320) register_scheme_map /opt/stack/data/venv/lib/python3.10/site-packages/glance_store/location.py:146}}
Jun 04 02:36:02 jammy-provider-cloud-0000007173 devstack@g-api.service[103320]: DEBUG glance.sqlite_migration [-] SQLite caching database not located, skipping migration {{(pid=103320) get_db_path /opt/stack/glance/glance/sqlite_migration.py:68}}
Jun 04 02:36:02 jammy-provider-cloud-0000007173 devstack@g-api.service[103320]: WARNING glance.common.wsgi_app [-] Import methods are enabled but staging directory /tmp/staging/ does not exist; Imports will fail!
Jun 04 02:36:02 jammy-provider-cloud-0000007173 devstack@g-api.service[103319]: DEBUG glance_store.backend [-] Attempting to import store cinder {{(pid=103319) _load_store /opt/stack/data/venv/lib/python3.10/site-packages/glance_store/backend.py:216}}
Jun 04 02:36:02 jammy-provider-cloud-0000007173 devstack@g-api.service[103319]: DEBUG glance_store.backend [-] Attempting to import store file {{(pid=103319) _load_store /opt/stack/data/venv/lib/python3.10/site-packages/glance_store/backend.py:216}}
Jun 04 02:36:02 jammy-provider-cloud-0000007173 devstack@g-api.service[103319]: DEBUG glance_store.backend [-] Attempting to import store glance.store.cinder.Store {{(pid=103319) _load_store /opt/stack/data/venv/lib/python3.10/site-packages/glance_store/backend.py:216}}
Jun 04 02:36:02 jammy-provider-cloud-0000007173 devstack@g-api.service[103319]: DEBUG glance_store.backend [-] Attempting to import store glance.store.filesystem.Store {{(pid=103319) _load_store /opt/stack/data/venv/lib/python3.10/site-packages/glance_store/backend.py:216}}
Jun 04 02:36:02 jammy-provider-cloud-0000007173 devstack@g-api.service[103319]: DEBUG glance_store.backend [-] Attempting to import store glance.store.http.Store {{(pid=103319) _load_store /opt/stack/data/venv/lib/python3.10/site-packages/glance_store/backend.py:216}}
Jun 04 02:36:02 jammy-provider-cloud-0000007173 devstack@g-api.service[103319]: DEBUG glance_store.backend [-] Attempting to import store glance.store.rbd.Store {{(pid=103319) _load_store /opt/stack/data/venv/lib/python3.10/site-packages/glance_store/backend.py:216}}
Jun 04 02:36:02 jammy-provider-cloud-0000007173 devstack@g-api.service[103319]: DEBUG glance_store.backend [-] Attempting to import store glance.store.s3.Store {{(pid=103319) _load_store /opt/stack/data/venv/lib/python3.10/site-packages/glance_store/backend.py:216}}
Jun 04 02:36:02 jammy-provider-cloud-0000007173 devstack@g-api.service[103319]: DEBUG glance_store.backend [-] Attempting to import store glance.store.swift.Store {{(pid=103319) _load_store /opt/stack/data/venv/lib/python3.10/site-packages/glance_store/backend.py:216}}
Jun 04 02:36:02 jammy-provider-cloud-0000007173 devstack@g-api.service[103319]: DEBUG glance_store.backend [-] Attempting to import store glance.store.vmware_datastore.Store {{(pid=103319) _load_store /opt/stack/data/venv/lib/python3.10/site-packages/glance_store/backend.py:216}}
Jun 04 02:36:02 jammy-provider-cloud-0000007173 devstack@g-api.service[103319]: DEBUG glance_store.backend [-] Attempting to import store http {{(pid=103319) _load_store /opt/stack/data/venv/lib/python3.10/site-packages/glance_store/backend.py:216}}
Jun 04 02:36:02 jammy-provider-cloud-0000007173 devstack@g-api.service[103319]: DEBUG glance_store.backend [-] Attempting to import store no_conf {{(pid=103319) _load_store /opt/stack/data/venv/lib/python3.10/site-packages/glance_store/backend.py:216}}
Jun 04 02:36:02 jammy-provider-cloud-0000007173 devstack@g-api.service[103319]: DEBUG glance_store.backend [-] Attempting to import store rbd {{(pid=103319) _load_store /opt/stack/data/venv/lib/python3.10/site-packages/glance_store/backend.py:216}}
Jun 04 02:36:02 jammy-provider-cloud-0000007173 devstack@g-api.service[103319]: DEBUG glance_store.backend [-] Attempting to import store s3 {{(pid=103319) _load_store /opt/stack/data/venv/lib/python3.10/site-packages/glance_store/backend.py:216}}
Jun 04 02:36:02 jammy-provider-cloud-0000007173 devstack@g-api.service[103319]: DEBUG glance_store.backend [-] Attempting to import store swift {{(pid=103319) _load_store /opt/stack/data/venv/lib/python3.10/site-packages/glance_store/backend.py:216}}
Jun 04 02:36:02 jammy-provider-cloud-0000007173 devstack@g-api.service[103319]: DEBUG glance_store.backend [-] Attempting to import store vmware {{(pid=103319) _load_store /opt/stack/data/venv/lib/python3.10/site-packages/glance_store/backend.py:216}}
Jun 04 02:36:02 jammy-provider-cloud-0000007173 devstack@g-api.service[103319]: DEBUG glance_store.backend [-] Registering options for group glance_store {{(pid=103319) register_opts /opt/stack/data/venv/lib/python3.10/site-packages/glance_store/backend.py:145}}
Jun 04 02:36:02 jammy-provider-cloud-0000007173 devstack@g-api.service[103319]: DEBUG glance_store.backend [-] Registering options for group glance_store {{(pid=103319) register_opts /opt/stack/data/venv/lib/python3.10/site-packages/glance_store/backend.py:145}}
Jun 04 02:36:02 jammy-provider-cloud-0000007173 devstack@g-api.service[103319]: DEBUG glance_store.backend [-] Attempting to import store http {{(pid=103319) _load_store /opt/stack/data/venv/lib/python3.10/site-packages/glance_store/backend.py:216}}
Jun 04 02:36:02 jammy-provider-cloud-0000007173 devstack@g-api.service[103319]: DEBUG glance_store.capabilities [-] Store glance_store._drivers.http.Store doesn't support updating dynamic storage capabilities. Please overwrite 'update_capabilities' method of the store to implement updating logics if needed. {{(pid=103319) update_capabilities /opt/stack/data/venv/lib/python3.10/site-packages/glance_store/capabilities.py:91}}
Jun 04 02:36:02 jammy-provider-cloud-0000007173 devstack@g-api.service[103319]: DEBUG glance_store.backend [-] Registering store http with schemes ('http', 'https') {{(pid=103319) create_stores /opt/stack/data/venv/lib/python3.10/site-packages/glance_store/backend.py:262}}
Jun 04 02:36:02 jammy-provider-cloud-0000007173 devstack@g-api.service[103319]: DEBUG glance_store.driver [-] Late loading location class glance_store._drivers.http.StoreLocation {{(pid=103319) get_store_location_class /opt/stack/data/venv/lib/python3.10/site-packages/glance_store/driver.py:133}}
Jun 04 02:36:02 jammy-provider-cloud-0000007173 devstack@g-api.service[103319]: DEBUG glance_store.location [-] Registering scheme http with {'store': <glance_store._drivers.http.Store object at 0x7fe1dbc0b730>, 'location_class': <class 'glance_store._drivers.http.StoreLocation'>, 'store_entry': 'http'} {{(pid=103319) register_scheme_map /opt/stack/data/venv/lib/python3.10/site-packages/glance_store/location.py:146}}
Jun 04 02:36:02 jammy-provider-cloud-0000007173 devstack@g-api.service[103319]: DEBUG glance_store.location [-] Registering scheme https with {'store': <glance_store._drivers.http.Store object at 0x7fe1dbc0b730>, 'location_class': <class 'glance_store._drivers.http.StoreLocation'>, 'store_entry': 'http'} {{(pid=103319) register_scheme_map /opt/stack/data/venv/lib/python3.10/site-packages/glance_store/location.py:146}}
Jun 04 02:36:02 jammy-provider-cloud-0000007173 devstack@g-api.service[103319]: DEBUG glance_store.backend [-] Attempting to import store file {{(pid=103319) _load_store /opt/stack/data/venv/lib/python3.10/site-packages/glance_store/backend.py:216}}
Jun 04 02:36:02 jammy-provider-cloud-0000007173 devstack@g-api.service[103319]: DEBUG glance_store.capabilities [-] Store glance_store._drivers.filesystem.Store doesn't support updating dynamic storage capabilities. Please overwrite 'update_capabilities' method of the store to implement updating logics if needed. {{(pid=103319) update_capabilities /opt/stack/data/venv/lib/python3.10/site-packages/glance_store/capabilities.py:91}}
Jun 04 02:36:02 jammy-provider-cloud-0000007173 devstack@g-api.service[103319]: DEBUG glance_store.backend [-] Registering store file with schemes ('file', 'filesystem') {{(pid=103319) create_stores /opt/stack/data/venv/lib/python3.10/site-packages/glance_store/backend.py:262}}
Jun 04 02:36:02 jammy-provider-cloud-0000007173 devstack@g-api.service[103319]: DEBUG glance_store.driver [-] Late loading location class glance_store._drivers.filesystem.StoreLocation {{(pid=103319) get_store_location_class /opt/stack/data/venv/lib/python3.10/site-packages/glance_store/driver.py:133}}
Jun 04 02:36:02 jammy-provider-cloud-0000007173 devstack@g-api.service[103319]: DEBUG glance_store.location [-] Registering scheme file with {'store': <glance_store._drivers.filesystem.Store object at 0x7fe1dbc0a500>, 'location_class': <class 'glance_store._drivers.filesystem.StoreLocation'>, 'store_entry': 'file'} {{(pid=103319) register_scheme_map /opt/stack/data/venv/lib/python3.10/site-packages/glance_store/location.py:146}}
Jun 04 02:36:02 jammy-provider-cloud-0000007173 devstack@g-api.service[103319]: DEBUG glance_store.location [-] Registering scheme filesystem with {'store': <glance_store._drivers.filesystem.Store object at 0x7fe1dbc0a500>, 'location_class': <class 'glance_store._drivers.filesystem.StoreLocation'>, 'store_entry': 'file'} {{(pid=103319) register_scheme_map /opt/stack/data/venv/lib/python3.10/site-packages/glance_store/location.py:146}}
Jun 04 02:36:02 jammy-provider-cloud-0000007173 devstack@g-api.service[103319]: DEBUG glance.sqlite_migration [-] SQLite caching database not located, skipping migration {{(pid=103319) get_db_path /opt/stack/glance/glance/sqlite_migration.py:68}}
Jun 04 02:36:02 jammy-provider-cloud-0000007173 devstack@g-api.service[103319]: WARNING glance.common.wsgi_app [-] Import methods are enabled but staging directory /tmp/staging/ does not exist; Imports will fail!
Jun 04 02:36:02 jammy-provider-cloud-0000007173 devstack@g-api.service[103320]: DEBUG glance.common.config [None req-57269a4f-7509-4c97-a2fc-1af4c712fa64 None None] Loading glance-api-keystone+cachemanagement from /etc/glance/glance-api-paste.ini {{(pid=103320) load_paste_app /opt/stack/glance/glance/common/config.py:700}}
Jun 04 02:36:02 jammy-provider-cloud-0000007173 devstack@g-api.service[103319]: DEBUG glance.common.config [None req-30e45854-117b-4f84-af27-e964158ae36a None None] Loading glance-api-keystone+cachemanagement from /etc/glance/glance-api-paste.ini {{(pid=103319) load_paste_app /opt/stack/glance/glance/common/config.py:700}}
Jun 04 02:36:03 jammy-provider-cloud-0000007173 devstack@g-api.service[103320]: INFO glance.image_cache [None req-57269a4f-7509-4c97-a2fc-1af4c712fa64 None None] Image cache loaded driver 'centralized_db'.
Jun 04 02:36:03 jammy-provider-cloud-0000007173 devstack@g-api.service[103319]: INFO glance.image_cache [None req-30e45854-117b-4f84-af27-e964158ae36a None None] Image cache loaded driver 'centralized_db'.
Jun 04 02:36:03 jammy-provider-cloud-0000007173 devstack@g-api.service[103320]: INFO dbcounter [None req-57269a4f-7509-4c97-a2fc-1af4c712fa64 None None] Registered counter for database glance
Jun 04 02:36:03 jammy-provider-cloud-0000007173 devstack@g-api.service[103319]: INFO dbcounter [None req-30e45854-117b-4f84-af27-e964158ae36a None None] Registered counter for database glance
Jun 04 02:36:03 jammy-provider-cloud-0000007173 devstack@g-api.service[103320]: DEBUG oslo_db.sqlalchemy.engines [None req-57269a4f-7509-4c97-a2fc-1af4c712fa64 None None] MySQL server mode set to STRICT_TRANS_TABLES,STRICT_ALL_TABLES,NO_ZERO_IN_DATE,NO_ZERO_DATE,ERROR_FOR_DIVISION_BY_ZERO,TRADITIONAL,NO_ENGINE_SUBSTITUTION {{(pid=103320) _check_effective_sql_mode /opt/stack/data/venv/lib/python3.10/site-packages/oslo_db/sqlalchemy/engines.py:342}}
Jun 04 02:36:03 jammy-provider-cloud-0000007173 devstack@g-api.service[103319]: DEBUG oslo_db.sqlalchemy.engines [None req-30e45854-117b-4f84-af27-e964158ae36a None None] MySQL server mode set to STRICT_TRANS_TABLES,STRICT_ALL_TABLES,NO_ZERO_IN_DATE,NO_ZERO_DATE,ERROR_FOR_DIVISION_BY_ZERO,TRADITIONAL,NO_ENGINE_SUBSTITUTION {{(pid=103319) _check_effective_sql_mode /opt/stack/data/venv/lib/python3.10/site-packages/oslo_db/sqlalchemy/engines.py:342}}
Jun 04 02:36:03 jammy-provider-cloud-0000007173 devstack@g-api.service[103320]: DEBUG dbcounter [-] [103320] Writer thread running {{(pid=103320) stat_writer /opt/stack/data/venv/lib/python3.10/site-packages/dbcounter.py:102}}
Jun 04 02:36:03 jammy-provider-cloud-0000007173 devstack@g-api.service[103319]: DEBUG dbcounter [-] [103319] Writer thread running {{(pid=103319) stat_writer /opt/stack/data/venv/lib/python3.10/site-packages/dbcounter.py:102}}
Jun 04 02:36:03 jammy-provider-cloud-0000007173 devstack@g-api.service[103319]: DEBUG glance.image_cache.drivers.centralized_db [None req-30e45854-117b-4f84-af27-e964158ae36a None None] Node reference is already recorded, ignoring it {{(pid=103319) configure /opt/stack/glance/glance/image_cache/drivers/centralized_db.py:71}}
Jun 04 02:36:03 jammy-provider-cloud-0000007173 devstack@g-api.service[103320]: INFO glance.image_cache [None req-57269a4f-7509-4c97-a2fc-1af4c712fa64 None None] Image cache loaded driver 'centralized_db'.
Jun 04 02:36:03 jammy-provider-cloud-0000007173 devstack@g-api.service[103319]: INFO glance.image_cache [None req-30e45854-117b-4f84-af27-e964158ae36a None None] Image cache loaded driver 'centralized_db'.
Jun 04 02:36:03 jammy-provider-cloud-0000007173 devstack@g-api.service[103320]: DEBUG glance.image_cache.drivers.centralized_db [None req-57269a4f-7509-4c97-a2fc-1af4c712fa64 None None] Node reference is already recorded, ignoring it {{(pid=103320) configure /opt/stack/glance/glance/image_cache/drivers/centralized_db.py:71}}
Jun 04 02:36:03 jammy-provider-cloud-0000007173 devstack@g-api.service[103319]: DEBUG glance.image_cache.drivers.centralized_db [None req-30e45854-117b-4f84-af27-e964158ae36a None None] Node reference is already recorded, ignoring it {{(pid=103319) configure /opt/stack/glance/glance/image_cache/drivers/centralized_db.py:71}}
Jun 04 02:36:03 jammy-provider-cloud-0000007173 devstack@g-api.service[103320]: DEBUG glance.api.v2.cached_images [None req-57269a4f-7509-4c97-a2fc-1af4c712fa64 None None] Started cache worker thread {{(pid=103320) __init__ /opt/stack/glance/glance/api/v2/cached_images.py:69}}
Jun 04 02:36:03 jammy-provider-cloud-0000007173 devstack@g-api.service[103320]: INFO glance.image_cache [None req-57269a4f-7509-4c97-a2fc-1af4c712fa64 None None] Image cache loaded driver 'centralized_db'.
Jun 04 02:36:03 jammy-provider-cloud-0000007173 devstack@g-api.service[103319]: DEBUG glance.api.v2.cached_images [None req-30e45854-117b-4f84-af27-e964158ae36a None None] Started cache worker thread {{(pid=103319) __init__ /opt/stack/glance/glance/api/v2/cached_images.py:69}}
Jun 04 02:36:03 jammy-provider-cloud-0000007173 devstack@g-api.service[103319]: INFO glance.image_cache [None req-30e45854-117b-4f84-af27-e964158ae36a None None] Image cache loaded driver 'centralized_db'.
Jun 04 02:36:03 jammy-provider-cloud-0000007173 devstack@g-api.service[103320]: DEBUG glance.image_cache.drivers.centralized_db [None req-57269a4f-7509-4c97-a2fc-1af4c712fa64 None None] Node reference is already recorded, ignoring it {{(pid=103320) configure /opt/stack/glance/glance/image_cache/drivers/centralized_db.py:71}}
Jun 04 02:36:03 jammy-provider-cloud-0000007173 devstack@g-api.service[103319]: DEBUG glance.image_cache.drivers.centralized_db [None req-30e45854-117b-4f84-af27-e964158ae36a None None] Node reference is already recorded, ignoring it {{(pid=103319) configure /opt/stack/glance/glance/image_cache/drivers/centralized_db.py:71}}
Jun 04 02:36:03 jammy-provider-cloud-0000007173 devstack@g-api.service[103320]: INFO glance.api.middleware.cache_manage [None req-57269a4f-7509-4c97-a2fc-1af4c712fa64 None None] Initialized image cache management middleware
Jun 04 02:36:03 jammy-provider-cloud-0000007173 devstack@g-api.service[103320]: INFO glance.image_cache [None req-57269a4f-7509-4c97-a2fc-1af4c712fa64 None None] Image cache loaded driver 'centralized_db'.
Jun 04 02:36:03 jammy-provider-cloud-0000007173 devstack@g-api.service[103319]: INFO glance.api.middleware.cache_manage [None req-30e45854-117b-4f84-af27-e964158ae36a None None] Initialized image cache management middleware
Jun 04 02:36:03 jammy-provider-cloud-0000007173 devstack@g-api.service[103319]: INFO glance.image_cache [None req-30e45854-117b-4f84-af27-e964158ae36a None None] Image cache loaded driver 'centralized_db'.
Jun 04 02:36:03 jammy-provider-cloud-0000007173 devstack@g-api.service[103320]: DEBUG glance.image_cache.drivers.centralized_db [None req-57269a4f-7509-4c97-a2fc-1af4c712fa64 None None] Node reference is already recorded, ignoring it {{(pid=103320) configure /opt/stack/glance/glance/image_cache/drivers/centralized_db.py:71}}
Jun 04 02:36:03 jammy-provider-cloud-0000007173 devstack@g-api.service[103319]: DEBUG glance.image_cache.drivers.centralized_db [None req-30e45854-117b-4f84-af27-e964158ae36a None None] Node reference is already recorded, ignoring it {{(pid=103319) configure /opt/stack/glance/glance/image_cache/drivers/centralized_db.py:71}}
Jun 04 02:36:03 jammy-provider-cloud-0000007173 devstack@g-api.service[103320]: INFO glance.api.middleware.cache [None req-57269a4f-7509-4c97-a2fc-1af4c712fa64 None None] Initialized image cache middleware
Jun 04 02:36:03 jammy-provider-cloud-0000007173 devstack@g-api.service[103319]: INFO glance.api.middleware.cache [None req-30e45854-117b-4f84-af27-e964158ae36a None None] Initialized image cache middleware
Jun 04 02:36:03 jammy-provider-cloud-0000007173 devstack@g-api.service[103320]: WARNING keystonemiddleware.auth_token [None req-57269a4f-7509-4c97-a2fc-1af4c712fa64 None None] AuthToken middleware is set with keystone_authtoken.service_token_roles_required set to False. This is backwards compatible but deprecated behaviour. Please set this to True.
Jun 04 02:36:03 jammy-provider-cloud-0000007173 devstack@g-api.service[103320]: WARNING keystonemiddleware.auth_token [None req-57269a4f-7509-4c97-a2fc-1af4c712fa64 None None] Configuring www_authenticate_uri to point to the public identity endpoint is required; clients may not be able to authenticate against an admin endpoint
Jun 04 02:36:03 jammy-provider-cloud-0000007173 devstack@g-api.service[103319]: WARNING keystonemiddleware.auth_token [None req-30e45854-117b-4f84-af27-e964158ae36a None None] AuthToken middleware is set with keystone_authtoken.service_token_roles_required set to False. This is backwards compatible but deprecated behaviour. Please set this to True.
Jun 04 02:36:03 jammy-provider-cloud-0000007173 devstack@g-api.service[103320]: DEBUG glance.common.config [None req-57269a4f-7509-4c97-a2fc-1af4c712fa64 None None] ******************************************************************************** {{(pid=103320) log_opt_values /opt/stack/data/venv/lib/python3.10/site-packages/oslo_config/cfg.py:2600}}
Jun 04 02:36:03 jammy-provider-cloud-0000007173 devstack@g-api.service[103320]: DEBUG glance.common.config [None req-57269a4f-7509-4c97-a2fc-1af4c712fa64 None None] Configuration options gathered from: {{(pid=103320) log_opt_values /opt/stack/data/venv/lib/python3.10/site-packages/oslo_config/cfg.py:2601}}
Jun 04 02:36:03 jammy-provider-cloud-0000007173 devstack@g-api.service[103320]: DEBUG glance.common.config [None req-57269a4f-7509-4c97-a2fc-1af4c712fa64 None None] command line args: [] {{(pid=103320) log_opt_values /opt/stack/data/venv/lib/python3.10/site-packages/oslo_config/cfg.py:2602}}
Jun 04 02:36:03 jammy-provider-cloud-0000007173 devstack@g-api.service[103320]: DEBUG glance.common.config [None req-57269a4f-7509-4c97-a2fc-1af4c712fa64 None None] config files: ['/etc/glance/glance-image-import.conf', '/etc/glance/glance-api.conf'] {{(pid=103320) log_opt_values /opt/stack/data/venv/lib/python3.10/site-packages/oslo_config/cfg.py:2603}}
Jun 04 02:36:03 jammy-provider-cloud-0000007173 devstack@g-api.service[103320]: DEBUG glance.common.config [None req-57269a4f-7509-4c97-a2fc-1af4c712fa64 None None] ================================================================================ {{(pid=103320) log_opt_values /opt/stack/data/venv/lib/python3.10/site-packages/oslo_config/cfg.py:2605}}
Jun 04 02:36:03 jammy-provider-cloud-0000007173 devstack@g-api.service[103320]: DEBUG glance.common.config [None req-57269a4f-7509-4c97-a2fc-1af4c712fa64 None None] allow_anonymous_access         = False {{(pid=103320) log_opt_values /opt/stack/data/venv/lib/python3.10/site-packages/oslo_config/cfg.py:2613}}
Jun 04 02:36:03 jammy-provider-cloud-0000007173 devstack@g-api.service[103319]: WARNING keystonemiddleware.auth_token [None req-30e45854-117b-4f84-af27-e964158ae36a None None] Configuring www_authenticate_uri to point to the public identity endpoint is required; clients may not be able to authenticate against an admin endpoint
Jun 04 02:36:03 jammy-provider-cloud-0000007173 devstack@g-api.service[103320]: DEBUG glance.common.config [None req-57269a4f-7509-4c97-a2fc-1af4c712fa64 None None] api_limit_max                  = 1000 {{(pid=103320) log_opt_values /opt/stack/data/venv/lib/python3.10/site-packages/oslo_config/cfg.py:2613}}
Jun 04 02:36:03 jammy-provider-cloud-0000007173 devstack@g-api.service[103320]: DEBUG glance.common.config [None req-57269a4f-7509-4c97-a2fc-1af4c712fa64 None None] backlog                        = 4096 {{(pid=103320) log_opt_values /opt/stack/data/venv/lib/python3.10/site-packages/oslo_config/cfg.py:2613}}
Jun 04 02:36:03 jammy-provider-cloud-0000007173 devstack@g-api.service[103320]: DEBUG glance.common.config [None req-57269a4f-7509-4c97-a2fc-1af4c712fa64 None None] bind_host                      = 0.0.0.0 {{(pid=103320) log_opt_values /opt/stack/data/venv/lib/python3.10/site-packages/oslo_config/cfg.py:2613}}
Jun 04 02:36:03 jammy-provider-cloud-0000007173 devstack@g-api.service[103320]: DEBUG glance.common.config [None req-57269a4f-7509-4c97-a2fc-1af4c712fa64 None None] bind_port                      = None {{(pid=103320) log_opt_values /opt/stack/data/venv/lib/python3.10/site-packages/oslo_config/cfg.py:2613}}
Jun 04 02:36:03 jammy-provider-cloud-0000007173 devstack@g-api.service[103320]: DEBUG glance.common.config [None req-57269a4f-7509-4c97-a2fc-1af4c712fa64 None None] client_socket_timeout          = 900 {{(pid=103320) log_opt_values /opt/stack/data/venv/lib/python3.10/site-packages/oslo_config/cfg.py:2613}}
Jun 04 02:36:03 jammy-provider-cloud-0000007173 devstack@g-api.service[103320]: DEBUG glance.common.config [None req-57269a4f-7509-4c97-a2fc-1af4c712fa64 None None] config_dir                     = [] {{(pid=103320) log_opt_values /opt/stack/data/venv/lib/python3.10/site-packages/oslo_config/cfg.py:2613}}
Jun 04 02:36:03 jammy-provider-cloud-0000007173 devstack@g-api.service[103320]: DEBUG glance.common.config [None req-57269a4f-7509-4c97-a2fc-1af4c712fa64 None None] config_file                    = ['/etc/glance/glance-image-import.conf', '/etc/glance/glance-api.conf'] {{(pid=103320) log_opt_values /opt/stack/data/venv/lib/python3.10/site-packages/oslo_config/cfg.py:2613}}
Jun 04 02:36:03 jammy-provider-cloud-0000007173 devstack@g-api.service[103320]: DEBUG glance.common.config [None req-57269a4f-7509-4c97-a2fc-1af4c712fa64 None None] config_source                  = [] {{(pid=103320) log_opt_values /opt/stack/data/venv/lib/python3.10/site-packages/oslo_config/cfg.py:2613}}
Jun 04 02:36:03 jammy-provider-cloud-0000007173 devstack@g-api.service[103320]: DEBUG glance.common.config [None req-57269a4f-7509-4c97-a2fc-1af4c712fa64 None None] control_exchange               = glance {{(pid=103320) log_opt_values /opt/stack/data/venv/lib/python3.10/site-packages/oslo_config/cfg.py:2613}}
Jun 04 02:36:03 jammy-provider-cloud-0000007173 devstack@g-api.service[103320]: DEBUG glance.common.config [None req-57269a4f-7509-4c97-a2fc-1af4c712fa64 None None] debug                          = True {{(pid=103320) log_opt_values /opt/stack/data/venv/lib/python3.10/site-packages/oslo_config/cfg.py:2613}}
Jun 04 02:36:03 jammy-provider-cloud-0000007173 devstack@g-api.service[103320]: DEBUG glance.common.config [None req-57269a4f-7509-4c97-a2fc-1af4c712fa64 None None] default_log_levels             = ['amqp=WARN', 'amqplib=WARN', 'boto=WARN', 'qpid=WARN', 'sqlalchemy=WARN', 'suds=INFO', 'oslo.messaging=INFO', 'oslo_messaging=INFO', 'iso8601=WARN', 'requests.packages.urllib3.connectionpool=WARN', 'urllib3.connectionpool=WARN', 'websocket=WARN', 'requests.packages.urllib3.util.retry=WARN', 'urllib3.util.retry=WARN', 'keystonemiddleware=WARN', 'routes.middleware=WARN', 'stevedore=WARN', 'taskflow=WARN', 'keystoneauth=WARN', 'oslo.cache=INFO', 'oslo_policy=INFO', 'dogpile.core.dogpile=INFO'] {{(pid=103320) log_opt_values /opt/stack/data/venv/lib/python3.10/site-packages/oslo_config/cfg.py:2613}}
Jun 04 02:36:03 jammy-provider-cloud-0000007173 devstack@g-api.service[103320]: DEBUG glance.common.config [None req-57269a4f-7509-4c97-a2fc-1af4c712fa64 None None] default_publisher_id           = image.localhost {{(pid=103320) log_opt_values /opt/stack/data/venv/lib/python3.10/site-packages/oslo_config/cfg.py:2613}}
Jun 04 02:36:03 jammy-provider-cloud-0000007173 devstack@g-api.service[103320]: DEBUG glance.common.config [None req-57269a4f-7509-4c97-a2fc-1af4c712fa64 None None] delayed_delete                 = False {{(pid=103320) log_opt_values /opt/stack/data/venv/lib/python3.10/site-packages/oslo_config/cfg.py:2613}}
Jun 04 02:36:03 jammy-provider-cloud-0000007173 devstack@g-api.service[103320]: DEBUG glance.common.config [None req-57269a4f-7509-4c97-a2fc-1af4c712fa64 None None] digest_algorithm               = sha256 {{(pid=103320) log_opt_values /opt/stack/data/venv/lib/python3.10/site-packages/oslo_config/cfg.py:2613}}
Jun 04 02:36:03 jammy-provider-cloud-0000007173 devstack@g-api.service[103320]: DEBUG glance.common.config [None req-57269a4f-7509-4c97-a2fc-1af4c712fa64 None None] disabled_notifications         = [] {{(pid=103320) log_opt_values /opt/stack/data/venv/lib/python3.10/site-packages/oslo_config/cfg.py:2613}}
Jun 04 02:36:03 jammy-provider-cloud-0000007173 devstack@g-api.service[103320]: DEBUG glance.common.config [None req-57269a4f-7509-4c97-a2fc-1af4c712fa64 None None] enabled_backends               = None {{(pid=103320) log_opt_values /opt/stack/data/venv/lib/python3.10/site-packages/oslo_config/cfg.py:2613}}
Jun 04 02:36:03 jammy-provider-cloud-0000007173 devstack@g-api.service[103320]: DEBUG glance.common.config [None req-57269a4f-7509-4c97-a2fc-1af4c712fa64 None None] enabled_import_methods         = ['glance-direct', 'web-download', 'copy-image'] {{(pid=103320) log_opt_values /opt/stack/data/venv/lib/python3.10/site-packages/oslo_config/cfg.py:2613}}
Jun 04 02:36:03 jammy-provider-cloud-0000007173 devstack@g-api.service[103320]: DEBUG glance.common.config [None req-57269a4f-7509-4c97-a2fc-1af4c712fa64 None None] hashing_algorithm              = sha512 {{(pid=103320) log_opt_values /opt/stack/data/venv/lib/python3.10/site-packages/oslo_config/cfg.py:2613}}
Jun 04 02:36:03 jammy-provider-cloud-0000007173 devstack@g-api.service[103320]: DEBUG glance.common.config [None req-57269a4f-7509-4c97-a2fc-1af4c712fa64 None None] http_keepalive                 = True {{(pid=103320) log_opt_values /opt/stack/data/venv/lib/python3.10/site-packages/oslo_config/cfg.py:2613}}
Jun 04 02:36:03 jammy-provider-cloud-0000007173 devstack@g-api.service[103320]: DEBUG glance.common.config [None req-57269a4f-7509-4c97-a2fc-1af4c712fa64 None None] image_cache_dir                = /opt/stack/data/glance/cache/ {{(pid=103320) log_opt_values /opt/stack/data/venv/lib/python3.10/site-packages/oslo_config/cfg.py:2613}}
Jun 04 02:36:03 jammy-provider-cloud-0000007173 devstack@g-api.service[103320]: DEBUG glance.common.config [None req-57269a4f-7509-4c97-a2fc-1af4c712fa64 None None] image_cache_driver             = centralized_db {{(pid=103320) log_opt_values /opt/stack/data/venv/lib/python3.10/site-packages/oslo_config/cfg.py:2613}}
Jun 04 02:36:03 jammy-provider-cloud-0000007173 devstack@g-api.service[103320]: DEBUG glance.common.config [None req-57269a4f-7509-4c97-a2fc-1af4c712fa64 None None] image_cache_max_size           = 10737418240 {{(pid=103320) log_opt_values /opt/stack/data/venv/lib/python3.10/site-packages/oslo_config/cfg.py:2613}}
Jun 04 02:36:03 jammy-provider-cloud-0000007173 devstack@g-api.service[103320]: DEBUG glance.common.config [None req-57269a4f-7509-4c97-a2fc-1af4c712fa64 None None] image_cache_sqlite_db          = cache.db {{(pid=103320) log_opt_values /opt/stack/data/venv/lib/python3.10/site-packages/oslo_config/cfg.py:2613}}
Jun 04 02:36:03 jammy-provider-cloud-0000007173 devstack@g-api.service[103320]: DEBUG glance.common.config [None req-57269a4f-7509-4c97-a2fc-1af4c712fa64 None None] image_cache_stall_time         = 86400 {{(pid=103320) log_opt_values /opt/stack/data/venv/lib/python3.10/site-packages/oslo_config/cfg.py:2613}}
Jun 04 02:36:03 jammy-provider-cloud-0000007173 devstack@g-api.service[103320]: DEBUG glance.common.config [None req-57269a4f-7509-4c97-a2fc-1af4c712fa64 None None] image_location_quota           = 10 {{(pid=103320) log_opt_values /opt/stack/data/venv/lib/python3.10/site-packages/oslo_config/cfg.py:2613}}
Jun 04 02:36:03 jammy-provider-cloud-0000007173 devstack@g-api.service[103320]: DEBUG glance.common.config [None req-57269a4f-7509-4c97-a2fc-1af4c712fa64 None None] image_member_quota             = 128 {{(pid=103320) log_opt_values /opt/stack/data/venv/lib/python3.10/site-packages/oslo_config/cfg.py:2613}}
Jun 04 02:36:03 jammy-provider-cloud-0000007173 devstack@g-api.service[103320]: DEBUG glance.common.config [None req-57269a4f-7509-4c97-a2fc-1af4c712fa64 None None] image_property_quota           = 128 {{(pid=103320) log_opt_values /opt/stack/data/venv/lib/python3.10/site-packages/oslo_config/cfg.py:2613}}
Jun 04 02:36:03 jammy-provider-cloud-0000007173 devstack@g-api.service[103320]: DEBUG glance.common.config [None req-57269a4f-7509-4c97-a2fc-1af4c712fa64 None None] image_size_cap                 = 1099511627776 {{(pid=103320) log_opt_values /opt/stack/data/venv/lib/python3.10/site-packages/oslo_config/cfg.py:2613}}
Jun 04 02:36:03 jammy-provider-cloud-0000007173 devstack@g-api.service[103320]: DEBUG glance.common.config [None req-57269a4f-7509-4c97-a2fc-1af4c712fa64 None None] image_tag_quota                = 128 {{(pid=103320) log_opt_values /opt/stack/data/venv/lib/python3.10/site-packages/oslo_config/cfg.py:2613}}
Jun 04 02:36:03 jammy-provider-cloud-0000007173 devstack@g-api.service[103320]: DEBUG glance.common.config [None req-57269a4f-7509-4c97-a2fc-1af4c712fa64 None None] instance_format                = [instance: %(uuid)s]  {{(pid=103320) log_opt_values /opt/stack/data/venv/lib/python3.10/site-packages/oslo_config/cfg.py:2613}}
Jun 04 02:36:03 jammy-provider-cloud-0000007173 devstack@g-api.service[103320]: DEBUG glance.common.config [None req-57269a4f-7509-4c97-a2fc-1af4c712fa64 None None] instance_uuid_format           = [instance: %(uuid)s]  {{(pid=103320) log_opt_values /opt/stack/data/venv/lib/python3.10/site-packages/oslo_config/cfg.py:2613}}
Jun 04 02:36:03 jammy-provider-cloud-0000007173 devstack@g-api.service[103320]: DEBUG glance.common.config [None req-57269a4f-7509-4c97-a2fc-1af4c712fa64 None None] limit_param_default            = 25 {{(pid=103320) log_opt_values /opt/stack/data/venv/lib/python3.10/site-packages/oslo_config/cfg.py:2613}}
Jun 04 02:36:03 jammy-provider-cloud-0000007173 devstack@g-api.service[103320]: DEBUG glance.common.config [None req-57269a4f-7509-4c97-a2fc-1af4c712fa64 None None] location_strategy              = location_order {{(pid=103320) log_opt_values /opt/stack/data/venv/lib/python3.10/site-packages/oslo_config/cfg.py:2613}}
Jun 04 02:36:03 jammy-provider-cloud-0000007173 devstack@g-api.service[103320]: DEBUG glance.common.config [None req-57269a4f-7509-4c97-a2fc-1af4c712fa64 None None] log_config_append              = None {{(pid=103320) log_opt_values /opt/stack/data/venv/lib/python3.10/site-packages/oslo_config/cfg.py:2613}}
Jun 04 02:36:03 jammy-provider-cloud-0000007173 devstack@g-api.service[103319]: DEBUG glance.common.config [None req-30e45854-117b-4f84-af27-e964158ae36a None None] ******************************************************************************** {{(pid=103319) log_opt_values /opt/stack/data/venv/lib/python3.10/site-packages/oslo_config/cfg.py:2600}}
Jun 04 02:36:03 jammy-provider-cloud-0000007173 devstack@g-api.service[103320]: DEBUG glance.common.config [None req-57269a4f-7509-4c97-a2fc-1af4c712fa64 None None] log_date_format                = %Y-%m-%d %H:%M:%S {{(pid=103320) log_opt_values /opt/stack/data/venv/lib/python3.10/site-packages/oslo_config/cfg.py:2613}}
Jun 04 02:36:03 jammy-provider-cloud-0000007173 devstack@g-api.service[103319]: DEBUG glance.common.config [None req-30e45854-117b-4f84-af27-e964158ae36a None None] Configuration options gathered from: {{(pid=103319) log_opt_values /opt/stack/data/venv/lib/python3.10/site-packages/oslo_config/cfg.py:2601}}
Jun 04 02:36:03 jammy-provider-cloud-0000007173 devstack@g-api.service[103320]: DEBUG glance.common.config [None req-57269a4f-7509-4c97-a2fc-1af4c712fa64 None None] log_dir                        = None {{(pid=103320) log_opt_values /opt/stack/data/venv/lib/python3.10/site-packages/oslo_config/cfg.py:2613}}
Jun 04 02:36:03 jammy-provider-cloud-0000007173 devstack@g-api.service[103320]: DEBUG glance.common.config [None req-57269a4f-7509-4c97-a2fc-1af4c712fa64 None None] log_file                       = None {{(pid=103320) log_opt_values /opt/stack/data/venv/lib/python3.10/site-packages/oslo_config/cfg.py:2613}}
Jun 04 02:36:03 jammy-provider-cloud-0000007173 devstack@g-api.service[103320]: DEBUG glance.common.config [None req-57269a4f-7509-4c97-a2fc-1af4c712fa64 None None] log_rotate_interval            = 1 {{(pid=103320) log_opt_values /opt/stack/data/venv/lib/python3.10/site-packages/oslo_config/cfg.py:2613}}
Jun 04 02:36:03 jammy-provider-cloud-0000007173 devstack@g-api.service[103320]: DEBUG glance.common.config [None req-57269a4f-7509-4c97-a2fc-1af4c712fa64 None None] log_rotate_interval_type       = days {{(pid=103320) log_opt_values /opt/stack/data/venv/lib/python3.10/site-packages/oslo_config/cfg.py:2613}}
Jun 04 02:36:03 jammy-provider-cloud-0000007173 devstack@g-api.service[103319]: DEBUG glance.common.config [None req-30e45854-117b-4f84-af27-e964158ae36a None None] command line args: [] {{(pid=103319) log_opt_values /opt/stack/data/venv/lib/python3.10/site-packages/oslo_config/cfg.py:2602}}
Jun 04 02:36:03 jammy-provider-cloud-0000007173 devstack@g-api.service[103320]: DEBUG glance.common.config [None req-57269a4f-7509-4c97-a2fc-1af4c712fa64 None None] log_rotation_type              = none {{(pid=103320) log_opt_values /opt/stack/data/venv/lib/python3.10/site-packages/oslo_config/cfg.py:2613}}
Jun 04 02:36:03 jammy-provider-cloud-0000007173 devstack@g-api.service[103319]: DEBUG glance.common.config [None req-30e45854-117b-4f84-af27-e964158ae36a None None] config files: ['/etc/glance/glance-image-import.conf', '/etc/glance/glance-api.conf'] {{(pid=103319) log_opt_values /opt/stack/data/venv/lib/python3.10/site-packages/oslo_config/cfg.py:2603}}
