Feb 18 23:13:51 jammy-provider-cloud-0000008019 cinder-volume[103214]: DEBUG cinder.manager [None req-0616bb8f-0468-4cab-9146-43ea264dce34 None None] Notifying Schedulers of capabilities ... {{(pid=103214) _publish_service_capabilities /opt/stack/cinder/cinder/manager.py:202}}
Feb 18 23:13:59 jammy-provider-cloud-0000008019 systemd[1]: Stopping Devstack devstack@c-vol.service...
Feb 18 23:13:59 jammy-provider-cloud-0000008019 cinder-volume[103027]: INFO oslo_service.service [None req-b39d85f1-1d23-4743-872e-8b6c8d385206 None None] Caught SIGTERM, stopping children
Feb 18 23:13:59 jammy-provider-cloud-0000008019 cinder-volume[103027]: DEBUG oslo_concurrency.lockutils [None req-b39d85f1-1d23-4743-872e-8b6c8d385206 None None] Acquiring lock "singleton_lock" {{(pid=103027) lock /opt/stack/data/venv/lib/python3.10/site-packages/oslo_concurrency/lockutils.py:310}}
Feb 18 23:13:59 jammy-provider-cloud-0000008019 cinder-volume[103027]: DEBUG oslo_concurrency.lockutils [None req-b39d85f1-1d23-4743-872e-8b6c8d385206 None None] Acquired lock "singleton_lock" {{(pid=103027) lock /opt/stack/data/venv/lib/python3.10/site-packages/oslo_concurrency/lockutils.py:313}}
Feb 18 23:13:59 jammy-provider-cloud-0000008019 cinder-volume[103027]: DEBUG oslo_concurrency.lockutils [None req-b39d85f1-1d23-4743-872e-8b6c8d385206 None None] Releasing lock "singleton_lock" {{(pid=103027) lock /opt/stack/data/venv/lib/python3.10/site-packages/oslo_concurrency/lockutils.py:331}}
Feb 18 23:13:59 jammy-provider-cloud-0000008019 cinder-volume[103027]: DEBUG oslo_service.service [None req-b39d85f1-1d23-4743-872e-8b6c8d385206 None None] Stop services. {{(pid=103027) stop /opt/stack/data/venv/lib/python3.10/site-packages/oslo_service/service.py:699}}
Feb 18 23:13:59 jammy-provider-cloud-0000008019 cinder-volume[103027]: DEBUG oslo_service.service [None req-b39d85f1-1d23-4743-872e-8b6c8d385206 None None] Killing children. {{(pid=103027) stop /opt/stack/data/venv/lib/python3.10/site-packages/oslo_service/service.py:704}}
Feb 18 23:13:59 jammy-provider-cloud-0000008019 cinder-volume[103027]: INFO oslo_service.service [None req-b39d85f1-1d23-4743-872e-8b6c8d385206 None None] Waiting on 1 children to exit
Feb 18 23:14:01 jammy-provider-cloud-0000008019 cinder-volume[103214]: DEBUG oslo_concurrency.lockutils [None req-b39d85f1-1d23-4743-872e-8b6c8d385206 None None] Acquiring lock "singleton_lock" {{(pid=103214) lock /opt/stack/data/venv/lib/python3.10/site-packages/oslo_concurrency/lockutils.py:310}}
Feb 18 23:14:01 jammy-provider-cloud-0000008019 cinder-volume[103214]: DEBUG oslo_concurrency.lockutils [None req-b39d85f1-1d23-4743-872e-8b6c8d385206 None None] Acquired lock "singleton_lock" {{(pid=103214) lock /opt/stack/data/venv/lib/python3.10/site-packages/oslo_concurrency/lockutils.py:313}}
Feb 18 23:14:01 jammy-provider-cloud-0000008019 cinder-volume[103214]: DEBUG oslo_concurrency.lockutils [None req-b39d85f1-1d23-4743-872e-8b6c8d385206 None None] Releasing lock "singleton_lock" {{(pid=103214) lock /opt/stack/data/venv/lib/python3.10/site-packages/oslo_concurrency/lockutils.py:331}}
Feb 18 23:14:01 jammy-provider-cloud-0000008019 cinder-volume[103214]: WARNING amqp [None req-b39d85f1-1d23-4743-872e-8b6c8d385206 None None] Received method (60, 30) during closing channel 1. This method will be ignored
Feb 18 23:14:01 jammy-provider-cloud-0000008019 cinder-volume[103214]: WARNING amqp [None req-b39d85f1-1d23-4743-872e-8b6c8d385206 None None] Received method (60, 30) during closing channel 1. This method will be ignored
Feb 18 23:14:01 jammy-provider-cloud-0000008019 cinder-volume[103027]: INFO oslo_service.service [None req-b39d85f1-1d23-4743-872e-8b6c8d385206 None None] Child 103214 exited with status 0
Feb 18 23:14:01 jammy-provider-cloud-0000008019 systemd[1]: devstack@c-vol.service: Deactivated successfully.
Feb 18 23:14:01 jammy-provider-cloud-0000008019 systemd[1]: Stopped Devstack devstack@c-vol.service.
Feb 18 23:14:01 jammy-provider-cloud-0000008019 systemd[1]: devstack@c-vol.service: Consumed 16.883s CPU time.
Feb 18 23:14:01 jammy-provider-cloud-0000008019 systemd[1]: Started Devstack devstack@c-vol.service.
Feb 18 23:14:03 jammy-provider-cloud-0000008019 cinder-volume[112868]: DEBUG oslo_concurrency.lockutils [-] Acquiring lock "singleton_lock" {{(pid=112868) lock /opt/stack/data/venv/lib/python3.10/site-packages/oslo_concurrency/lockutils.py:310}}
Feb 18 23:14:03 jammy-provider-cloud-0000008019 cinder-volume[112868]: DEBUG oslo_concurrency.lockutils [-] Acquired lock "singleton_lock" {{(pid=112868) lock /opt/stack/data/venv/lib/python3.10/site-packages/oslo_concurrency/lockutils.py:313}}
Feb 18 23:14:03 jammy-provider-cloud-0000008019 cinder-volume[112868]: DEBUG oslo_concurrency.lockutils [-] Releasing lock "singleton_lock" {{(pid=112868) lock /opt/stack/data/venv/lib/python3.10/site-packages/oslo_concurrency/lockutils.py:331}}
Feb 18 23:14:03 jammy-provider-cloud-0000008019 cinder-volume[112868]: DEBUG oslo_db.sqlalchemy.engines [None req-6aaa326c-e149-496f-b70c-dbef9b3295da None None] MySQL server mode set to STRICT_TRANS_TABLES,STRICT_ALL_TABLES,NO_ZERO_IN_DATE,NO_ZERO_DATE,ERROR_FOR_DIVISION_BY_ZERO,TRADITIONAL,NO_ENGINE_SUBSTITUTION {{(pid=112868) _check_effective_sql_mode /opt/stack/data/venv/lib/python3.10/site-packages/oslo_db/sqlalchemy/engines.py:395}}
Feb 18 23:14:03 jammy-provider-cloud-0000008019 cinder-volume[112868]: INFO cinder.rpc [None req-6aaa326c-e149-496f-b70c-dbef9b3295da None None] Automatically selected cinder-scheduler objects version 1.39 as minimum service version.
Feb 18 23:14:03 jammy-provider-cloud-0000008019 cinder-volume[112868]: INFO cinder.rpc [None req-6aaa326c-e149-496f-b70c-dbef9b3295da None None] Automatically selected cinder-scheduler RPC version 3.12 as minimum service version.
Feb 18 23:14:03 jammy-provider-cloud-0000008019 cinder-volume[112868]: DEBUG oslo_db.sqlalchemy.engines [None req-6aaa326c-e149-496f-b70c-dbef9b3295da None None] MySQL server mode set to STRICT_TRANS_TABLES,STRICT_ALL_TABLES,NO_ZERO_IN_DATE,NO_ZERO_DATE,ERROR_FOR_DIVISION_BY_ZERO,TRADITIONAL,NO_ENGINE_SUBSTITUTION {{(pid=112868) _check_effective_sql_mode /opt/stack/data/venv/lib/python3.10/site-packages/oslo_db/sqlalchemy/engines.py:395}}
Feb 18 23:14:03 jammy-provider-cloud-0000008019 cinder-volume[112868]: INFO cinder.volume.manager [None req-6aaa326c-e149-496f-b70c-dbef9b3295da None None] Determined volume DB was empty at startup.
Feb 18 23:14:03 jammy-provider-cloud-0000008019 cinder-volume[112868]: DEBUG cinder.volume.manager [None req-6aaa326c-e149-496f-b70c-dbef9b3295da None None] Cinder Volume DB check: vol_db_empty=True {{(pid=112868) __init__ /opt/stack/cinder/cinder/volume/manager.py:288}}
Feb 18 23:14:03 jammy-provider-cloud-0000008019 cinder-volume[112868]: INFO cinder.volume.manager [None req-6aaa326c-e149-496f-b70c-dbef9b3295da None None] Service not found for updating active_backend_id, assuming default for driver init.
Feb 18 23:14:03 jammy-provider-cloud-0000008019 cinder-volume[112868]: WARNING stevedore.named [None req-6aaa326c-e149-496f-b70c-dbef9b3295da None None] Could not load cinder.keymgr.conf_key_mgr.ConfKeyManager
Feb 18 23:14:03 jammy-provider-cloud-0000008019 cinder-volume[112868]: WARNING castellan.key_manager [None req-6aaa326c-e149-496f-b70c-dbef9b3295da None None] Deprecation Warning : cinder.keymgr.conf_key_mgr.ConfKeyManager is not a stevedore based driver, trying to load it as a class: stevedore.exception.NoMatches: No 'castellan.drivers' driver found, looking for 'cinder.keymgr.conf_key_mgr.ConfKeyManager'
Feb 18 23:14:03 jammy-provider-cloud-0000008019 cinder-volume[112868]: WARNING cinder.keymgr.conf_key_mgr [None req-6aaa326c-e149-496f-b70c-dbef9b3295da None None] This key manager is insecure and is not recommended for production deployments: stevedore.exception.NoMatches: No 'castellan.drivers' driver found, looking for 'cinder.keymgr.conf_key_mgr.ConfKeyManager'
Feb 18 23:14:03 jammy-provider-cloud-0000008019 cinder-volume[112868]: DEBUG cinder.zonemanager.utils [None req-6aaa326c-e149-496f-b70c-dbef9b3295da None None] Zoning mode: None. {{(pid=112868) create_lookup_service /opt/stack/cinder/cinder/zonemanager/utils.py:56}}
Feb 18 23:14:03 jammy-provider-cloud-0000008019 cinder-volume[112868]: DEBUG cinder.zonemanager.utils [None req-6aaa326c-e149-496f-b70c-dbef9b3295da None None] FC Lookup Service not enabled in cinder.conf. {{(pid=112868) create_lookup_service /opt/stack/cinder/cinder/zonemanager/utils.py:63}}
Feb 18 23:14:03 jammy-provider-cloud-0000008019 cinder-volume[112868]: INFO cinder.volume.manager [None req-6aaa326c-e149-496f-b70c-dbef9b3295da None None] Image-volume cache disabled for host jammy-provider-cloud-0000008019@arcusfc1.
Feb 18 23:14:03 jammy-provider-cloud-0000008019 cinder-volume[112868]: DEBUG oslo_db.sqlalchemy.engines [None req-6aaa326c-e149-496f-b70c-dbef9b3295da None None] MySQL server mode set to STRICT_TRANS_TABLES,STRICT_ALL_TABLES,NO_ZERO_IN_DATE,NO_ZERO_DATE,ERROR_FOR_DIVISION_BY_ZERO,TRADITIONAL,NO_ENGINE_SUBSTITUTION {{(pid=112868) _check_effective_sql_mode /opt/stack/data/venv/lib/python3.10/site-packages/oslo_db/sqlalchemy/engines.py:395}}
Feb 18 23:14:03 jammy-provider-cloud-0000008019 cinder-volume[112868]: INFO oslo_service.service [None req-6aaa326c-e149-496f-b70c-dbef9b3295da None None] Starting 1 workers
Feb 18 23:14:03 jammy-provider-cloud-0000008019 cinder-volume[112868]: DEBUG oslo_service.service [None req-6aaa326c-e149-496f-b70c-dbef9b3295da None None] Started child 112879 {{(pid=112868) _start_child /opt/stack/data/venv/lib/python3.10/site-packages/oslo_service/service.py:579}}
Feb 18 23:14:03 jammy-provider-cloud-0000008019 cinder-volume[112879]: INFO cinder.service [-] Starting cinder-volume node (version 25.1.0)
Feb 18 23:14:03 jammy-provider-cloud-0000008019 cinder-volume[112868]: DEBUG oslo_db.sqlalchemy.engines [None req-6aaa326c-e149-496f-b70c-dbef9b3295da None None] MySQL server mode set to STRICT_TRANS_TABLES,STRICT_ALL_TABLES,NO_ZERO_IN_DATE,NO_ZERO_DATE,ERROR_FOR_DIVISION_BY_ZERO,TRADITIONAL,NO_ENGINE_SUBSTITUTION {{(pid=112868) _check_effective_sql_mode /opt/stack/data/venv/lib/python3.10/site-packages/oslo_db/sqlalchemy/engines.py:395}}
Feb 18 23:14:03 jammy-provider-cloud-0000008019 cinder-volume[112868]: INFO cinder.volume.manager [None req-6aaa326c-e149-496f-b70c-dbef9b3295da None None] Determined volume DB was empty at startup.
Feb 18 23:14:03 jammy-provider-cloud-0000008019 cinder-volume[112868]: DEBUG cinder.volume.manager [None req-6aaa326c-e149-496f-b70c-dbef9b3295da None None] Cinder Volume DB check: vol_db_empty=True {{(pid=112868) __init__ /opt/stack/cinder/cinder/volume/manager.py:288}}
Feb 18 23:14:03 jammy-provider-cloud-0000008019 cinder-volume[112879]: INFO cinder.volume.manager [None req-974f0411-b76c-464c-a442-e9a0cdc9bbc5 None None] Starting volume driver HPE3PARNVMEDriver (1.0)
Feb 18 23:14:03 jammy-provider-cloud-0000008019 cinder-volume[112868]: INFO cinder.volume.manager [None req-6aaa326c-e149-496f-b70c-dbef9b3295da None None] Service not found for updating active_backend_id, assuming default for driver init.
Feb 18 23:14:03 jammy-provider-cloud-0000008019 cinder-volume[112879]: DEBUG cinder.volume.drivers.hpe.hpe_3par_common [None req-974f0411-b76c-464c-a442-e9a0cdc9bbc5 None None] Connecting to 3PAR {{(pid=112879) client_login /opt/stack/cinder/cinder/volume/drivers/hpe/hpe_3par_common.py:425}}
Feb 18 23:14:03 jammy-provider-cloud-0000008019 cinder-volume[112868]: WARNING stevedore.named [None req-6aaa326c-e149-496f-b70c-dbef9b3295da None None] Could not load cinder.keymgr.conf_key_mgr.ConfKeyManager
Feb 18 23:14:03 jammy-provider-cloud-0000008019 cinder-volume[112868]: WARNING castellan.key_manager [None req-6aaa326c-e149-496f-b70c-dbef9b3295da None None] Deprecation Warning : cinder.keymgr.conf_key_mgr.ConfKeyManager is not a stevedore based driver, trying to load it as a class: stevedore.exception.NoMatches: No 'castellan.drivers' driver found, looking for 'cinder.keymgr.conf_key_mgr.ConfKeyManager'
Feb 18 23:14:03 jammy-provider-cloud-0000008019 cinder-volume[112868]: DEBUG cinder.zonemanager.utils [None req-6aaa326c-e149-496f-b70c-dbef9b3295da None None] Zoning mode: None. {{(pid=112868) create_lookup_service /opt/stack/cinder/cinder/zonemanager/utils.py:56}}
Feb 18 23:14:03 jammy-provider-cloud-0000008019 cinder-volume[112868]: DEBUG cinder.zonemanager.utils [None req-6aaa326c-e149-496f-b70c-dbef9b3295da None None] FC Lookup Service not enabled in cinder.conf. {{(pid=112868) create_lookup_service /opt/stack/cinder/cinder/zonemanager/utils.py:63}}
Feb 18 23:14:03 jammy-provider-cloud-0000008019 cinder-volume[112868]: INFO cinder.volume.manager [None req-6aaa326c-e149-496f-b70c-dbef9b3295da None None] Image-volume cache disabled for host jammy-provider-cloud-0000008019@arcusfc2.
Feb 18 23:14:03 jammy-provider-cloud-0000008019 cinder-volume[112868]: DEBUG oslo_db.sqlalchemy.engines [None req-6aaa326c-e149-496f-b70c-dbef9b3295da None None] MySQL server mode set to STRICT_TRANS_TABLES,STRICT_ALL_TABLES,NO_ZERO_IN_DATE,NO_ZERO_DATE,ERROR_FOR_DIVISION_BY_ZERO,TRADITIONAL,NO_ENGINE_SUBSTITUTION {{(pid=112868) _check_effective_sql_mode /opt/stack/data/venv/lib/python3.10/site-packages/oslo_db/sqlalchemy/engines.py:395}}
Feb 18 23:14:03 jammy-provider-cloud-0000008019 cinder-volume[112879]: WARNING py.warnings [None req-974f0411-b76c-464c-a442-e9a0cdc9bbc5 None None] /opt/stack/data/venv/lib/python3.10/site-packages/urllib3/connectionpool.py:1064: InsecureRequestWarning: Unverified HTTPS request is being made to host '10.201.5.12'. Adding certificate verification is strongly advised. See: https://urllib3.readthedocs.io/en/1.26.x/advanced-usage.html#ssl-warnings
Feb 18 23:14:03 jammy-provider-cloud-0000008019 cinder-volume[112879]:   warnings.warn(
Feb 18 23:14:03 jammy-provider-cloud-0000008019 cinder-volume[112868]: INFO oslo_service.service [None req-6aaa326c-e149-496f-b70c-dbef9b3295da None None] Starting 1 workers
Feb 18 23:14:03 jammy-provider-cloud-0000008019 cinder-volume[112868]: DEBUG oslo_service.service [None req-6aaa326c-e149-496f-b70c-dbef9b3295da None None] Started child 112880 {{(pid=112868) _start_child /opt/stack/data/venv/lib/python3.10/site-packages/oslo_service/service.py:579}}
Feb 18 23:14:03 jammy-provider-cloud-0000008019 cinder-volume[112868]: DEBUG oslo_service.service [None req-6aaa326c-e149-496f-b70c-dbef9b3295da None None] Full set of CONF: {{(pid=112868) wait /opt/stack/data/venv/lib/python3.10/site-packages/oslo_service/service.py:653}}
Feb 18 23:14:03 jammy-provider-cloud-0000008019 cinder-volume[112868]: DEBUG oslo_service.service [None req-6aaa326c-e149-496f-b70c-dbef9b3295da None None] ******************************************************************************** {{(pid=112868) log_opt_values /opt/stack/data/venv/lib/python3.10/site-packages/oslo_config/cfg.py:2804}}
Feb 18 23:14:03 jammy-provider-cloud-0000008019 cinder-volume[112868]: DEBUG oslo_service.service [None req-6aaa326c-e149-496f-b70c-dbef9b3295da None None] Configuration options gathered from: {{(pid=112868) log_opt_values /opt/stack/data/venv/lib/python3.10/site-packages/oslo_config/cfg.py:2805}}
Feb 18 23:14:03 jammy-provider-cloud-0000008019 cinder-volume[112868]: DEBUG oslo_service.service [None req-6aaa326c-e149-496f-b70c-dbef9b3295da None None] command line args: ['--config-file', '/etc/cinder/cinder.conf'] {{(pid=112868) log_opt_values /opt/stack/data/venv/lib/python3.10/site-packages/oslo_config/cfg.py:2806}}
Feb 18 23:14:03 jammy-provider-cloud-0000008019 cinder-volume[112868]: DEBUG oslo_service.service [None req-6aaa326c-e149-496f-b70c-dbef9b3295da None None] config files: ['/etc/cinder/cinder.conf'] {{(pid=112868) log_opt_values /opt/stack/data/venv/lib/python3.10/site-packages/oslo_config/cfg.py:2807}}
Feb 18 23:14:03 jammy-provider-cloud-0000008019 cinder-volume[112868]: DEBUG oslo_service.service [None req-6aaa326c-e149-496f-b70c-dbef9b3295da None None] ================================================================================ {{(pid=112868) log_opt_values /opt/stack/data/venv/lib/python3.10/site-packages/oslo_config/cfg.py:2809}}
Feb 18 23:14:03 jammy-provider-cloud-0000008019 cinder-volume[112868]: DEBUG oslo_service.service [None req-6aaa326c-e149-496f-b70c-dbef9b3295da None None] allow_availability_zone_fallback = False {{(pid=112868) log_opt_values /opt/stack/data/venv/lib/python3.10/site-packages/oslo_config/cfg.py:2817}}
Feb 18 23:14:03 jammy-provider-cloud-0000008019 cinder-volume[112868]: DEBUG oslo_service.service [None req-6aaa326c-e149-496f-b70c-dbef9b3295da None None] allow_compression_on_image_upload = False {{(pid=112868) log_opt_values /opt/stack/data/venv/lib/python3.10/site-packages/oslo_config/cfg.py:2817}}
Feb 18 23:14:03 jammy-provider-cloud-0000008019 cinder-volume[112868]: DEBUG oslo_service.service [None req-6aaa326c-e149-496f-b70c-dbef9b3295da None None] allowed_direct_url_schemes     = [] {{(pid=112868) log_opt_values /opt/stack/data/venv/lib/python3.10/site-packages/oslo_config/cfg.py:2817}}
Feb 18 23:14:03 jammy-provider-cloud-0000008019 cinder-volume[112880]: INFO cinder.service [-] Starting cinder-volume node (version 25.1.0)
Feb 18 23:14:03 jammy-provider-cloud-0000008019 cinder-volume[112879]: WARNING py.warnings [None req-974f0411-b76c-464c-a442-e9a0cdc9bbc5 None None] /opt/stack/data/venv/lib/python3.10/site-packages/urllib3/connectionpool.py:1064: InsecureRequestWarning: Unverified HTTPS request is being made to host '10.201.5.12'. Adding certificate verification is strongly advised. See: https://urllib3.readthedocs.io/en/1.26.x/advanced-usage.html#ssl-warnings
Feb 18 23:14:03 jammy-provider-cloud-0000008019 cinder-volume[112879]:   warnings.warn(
Feb 18 23:14:03 jammy-provider-cloud-0000008019 cinder-volume[112868]: DEBUG oslo_service.service [None req-6aaa326c-e149-496f-b70c-dbef9b3295da None None] api_rate_limit                 = True {{(pid=112868) log_opt_values /opt/stack/data/venv/lib/python3.10/site-packages/oslo_config/cfg.py:2817}}
Feb 18 23:14:03 jammy-provider-cloud-0000008019 cinder-volume[112868]: DEBUG oslo_service.service [None req-6aaa326c-e149-496f-b70c-dbef9b3295da None None] auth_strategy                  = keystone {{(pid=112868) log_opt_values /opt/stack/data/venv/lib/python3.10/site-packages/oslo_config/cfg.py:2817}}
Feb 18 23:14:03 jammy-provider-cloud-0000008019 cinder-volume[112868]: DEBUG oslo_service.service [None req-6aaa326c-e149-496f-b70c-dbef9b3295da None None] backend_availability_zone      = None {{(pid=112868) log_opt_values /opt/stack/data/venv/lib/python3.10/site-packages/oslo_config/cfg.py:2817}}
Feb 18 23:14:03 jammy-provider-cloud-0000008019 cinder-volume[112879]: INFO cinder.volume.drivers.hpe.hpe_3par_common [None req-974f0411-b76c-464c-a442-e9a0cdc9bbc5 None None] HPE3PARCommon 4.0.22,hpe3parclient 4.2.13
Feb 18 23:14:03 jammy-provider-cloud-0000008019 cinder-volume[112868]: DEBUG oslo_service.service [None req-6aaa326c-e149-496f-b70c-dbef9b3295da None None] backend_host                   = None {{(pid=112868) log_opt_values /opt/stack/data/venv/lib/python3.10/site-packages/oslo_config/cfg.py:2817}}
Feb 18 23:14:03 jammy-provider-cloud-0000008019 cinder-volume[112879]: DEBUG cinder.volume.drivers.hpe.hpe_3par_common [None req-974f0411-b76c-464c-a442-e9a0cdc9bbc5 None None] Connecting to 3PAR {{(pid=112879) client_login /opt/stack/cinder/cinder/volume/drivers/hpe/hpe_3par_common.py:425}}
Feb 18 23:14:03 jammy-provider-cloud-0000008019 cinder-volume[112868]: DEBUG oslo_service.service [None req-6aaa326c-e149-496f-b70c-dbef9b3295da None None] backend_name                   = None {{(pid=112868) log_opt_values /opt/stack/data/venv/lib/python3.10/site-packages/oslo_config/cfg.py:2817}}
Feb 18 23:14:03 jammy-provider-cloud-0000008019 cinder-volume[112868]: DEBUG oslo_service.service [None req-6aaa326c-e149-496f-b70c-dbef9b3295da None None] backend_stats_polling_interval = 60 {{(pid=112868) log_opt_values /opt/stack/data/venv/lib/python3.10/site-packages/oslo_config/cfg.py:2817}}
Feb 18 23:14:03 jammy-provider-cloud-0000008019 cinder-volume[112868]: DEBUG oslo_service.service [None req-6aaa326c-e149-496f-b70c-dbef9b3295da None None] backup_api_class               = cinder.backup.api.API {{(pid=112868) log_opt_values /opt/stack/data/venv/lib/python3.10/site-packages/oslo_config/cfg.py:2817}}
Feb 18 23:14:03 jammy-provider-cloud-0000008019 cinder-volume[112868]: DEBUG oslo_service.service [None req-6aaa326c-e149-496f-b70c-dbef9b3295da None None] backup_manager                 = cinder.backup.manager.BackupManager {{(pid=112868) log_opt_values /opt/stack/data/venv/lib/python3.10/site-packages/oslo_config/cfg.py:2817}}
Feb 18 23:14:03 jammy-provider-cloud-0000008019 cinder-volume[112868]: DEBUG oslo_service.service [None req-6aaa326c-e149-496f-b70c-dbef9b3295da None None] backup_name_template           = backup-%s {{(pid=112868) log_opt_values /opt/stack/data/venv/lib/python3.10/site-packages/oslo_config/cfg.py:2817}}
Feb 18 23:14:03 jammy-provider-cloud-0000008019 cinder-volume[112868]: DEBUG oslo_service.service [None req-6aaa326c-e149-496f-b70c-dbef9b3295da None None] backup_use_same_host           = False {{(pid=112868) log_opt_values /opt/stack/data/venv/lib/python3.10/site-packages/oslo_config/cfg.py:2817}}
Feb 18 23:14:03 jammy-provider-cloud-0000008019 cinder-volume[112868]: DEBUG oslo_service.service [None req-6aaa326c-e149-496f-b70c-dbef9b3295da None None] backup_use_temp_snapshot       = False {{(pid=112868) log_opt_values /opt/stack/data/venv/lib/python3.10/site-packages/oslo_config/cfg.py:2817}}
Feb 18 23:14:03 jammy-provider-cloud-0000008019 cinder-volume[112868]: DEBUG oslo_service.service [None req-6aaa326c-e149-496f-b70c-dbef9b3295da None None] chap_password                  = **** {{(pid=112868) log_opt_values /opt/stack/data/venv/lib/python3.10/site-packages/oslo_config/cfg.py:2817}}
Feb 18 23:14:03 jammy-provider-cloud-0000008019 cinder-volume[112868]: DEBUG oslo_service.service [None req-6aaa326c-e149-496f-b70c-dbef9b3295da None None] chap_username                  =  {{(pid=112868) log_opt_values /opt/stack/data/venv/lib/python3.10/site-packages/oslo_config/cfg.py:2817}}
Feb 18 23:14:03 jammy-provider-cloud-0000008019 cinder-volume[112868]: DEBUG oslo_service.service [None req-6aaa326c-e149-496f-b70c-dbef9b3295da None None] chiscsi_conf                   = /etc/chelsio-iscsi/chiscsi.conf {{(pid=112868) log_opt_values /opt/stack/data/venv/lib/python3.10/site-packages/oslo_config/cfg.py:2817}}
Feb 18 23:14:03 jammy-provider-cloud-0000008019 cinder-volume[112868]: DEBUG oslo_service.service [None req-6aaa326c-e149-496f-b70c-dbef9b3295da None None] cinder_internal_tenant_project_id = a4de81e601234506949851f9ccebb28e {{(pid=112868) log_opt_values /opt/stack/data/venv/lib/python3.10/site-packages/oslo_config/cfg.py:2817}}
Feb 18 23:14:03 jammy-provider-cloud-0000008019 cinder-volume[112868]: DEBUG oslo_service.service [None req-6aaa326c-e149-496f-b70c-dbef9b3295da None None] cinder_internal_tenant_user_id = 7d8d0252b5604e7bbbf59b7daac98108 {{(pid=112868) log_opt_values /opt/stack/data/venv/lib/python3.10/site-packages/oslo_config/cfg.py:2817}}
Feb 18 23:14:03 jammy-provider-cloud-0000008019 cinder-volume[112868]: DEBUG oslo_service.service [None req-6aaa326c-e149-496f-b70c-dbef9b3295da None None] cluster                        = None {{(pid=112868) log_opt_values /opt/stack/data/venv/lib/python3.10/site-packages/oslo_config/cfg.py:2817}}
Feb 18 23:14:03 jammy-provider-cloud-0000008019 cinder-volume[112868]: DEBUG oslo_service.service [None req-6aaa326c-e149-496f-b70c-dbef9b3295da None None] compression_format             = gzip {{(pid=112868) log_opt_values /opt/stack/data/venv/lib/python3.10/site-packages/oslo_config/cfg.py:2817}}
Feb 18 23:14:03 jammy-provider-cloud-0000008019 cinder-volume[112868]: DEBUG oslo_service.service [None req-6aaa326c-e149-496f-b70c-dbef9b3295da None None] compute_api_class              = cinder.compute.nova.API {{(pid=112868) log_opt_values /opt/stack/data/venv/lib/python3.10/site-packages/oslo_config/cfg.py:2817}}
Feb 18 23:14:03 jammy-provider-cloud-0000008019 cinder-volume[112868]: DEBUG oslo_service.service [None req-6aaa326c-e149-496f-b70c-dbef9b3295da None None] config_dir                     = [] {{(pid=112868) log_opt_values /opt/stack/data/venv/lib/python3.10/site-packages/oslo_config/cfg.py:2817}}
Feb 18 23:14:03 jammy-provider-cloud-0000008019 cinder-volume[112868]: DEBUG oslo_service.service [None req-6aaa326c-e149-496f-b70c-dbef9b3295da None None] config_file                    = ['/etc/cinder/cinder.conf'] {{(pid=112868) log_opt_values /opt/stack/data/venv/lib/python3.10/site-packages/oslo_config/cfg.py:2817}}
Feb 18 23:14:03 jammy-provider-cloud-0000008019 cinder-volume[112868]: DEBUG oslo_service.service [None req-6aaa326c-e149-496f-b70c-dbef9b3295da None None] config_source                  = [] {{(pid=112868) log_opt_values /opt/stack/data/venv/lib/python3.10/site-packages/oslo_config/cfg.py:2817}}
Feb 18 23:14:03 jammy-provider-cloud-0000008019 cinder-volume[112868]: DEBUG oslo_service.service [None req-6aaa326c-e149-496f-b70c-dbef9b3295da None None] consistencygroup_api_class     = cinder.consistencygroup.api.API {{(pid=112868) log_opt_values /opt/stack/data/venv/lib/python3.10/site-packages/oslo_config/cfg.py:2817}}
Feb 18 23:14:03 jammy-provider-cloud-0000008019 cinder-volume[112879]: WARNING py.warnings [None req-974f0411-b76c-464c-a442-e9a0cdc9bbc5 None None] /opt/stack/data/venv/lib/python3.10/site-packages/urllib3/connectionpool.py:1064: InsecureRequestWarning: Unverified HTTPS request is being made to host '10.201.5.12'. Adding certificate verification is strongly advised. See: https://urllib3.readthedocs.io/en/1.26.x/advanced-usage.html#ssl-warnings
Feb 18 23:14:03 jammy-provider-cloud-0000008019 cinder-volume[112879]:   warnings.warn(
Feb 18 23:14:03 jammy-provider-cloud-0000008019 cinder-volume[112868]: DEBUG oslo_service.service [None req-6aaa326c-e149-496f-b70c-dbef9b3295da None None] control_exchange               = openstack {{(pid=112868) log_opt_values /opt/stack/data/venv/lib/python3.10/site-packages/oslo_config/cfg.py:2817}}
Feb 18 23:14:03 jammy-provider-cloud-0000008019 cinder-volume[112868]: DEBUG oslo_service.service [None req-6aaa326c-e149-496f-b70c-dbef9b3295da None None] debug                          = True {{(pid=112868) log_opt_values /opt/stack/data/venv/lib/python3.10/site-packages/oslo_config/cfg.py:2817}}
Feb 18 23:14:03 jammy-provider-cloud-0000008019 cinder-volume[112868]: DEBUG oslo_service.service [None req-6aaa326c-e149-496f-b70c-dbef9b3295da None None] default_availability_zone      = None {{(pid=112868) log_opt_values /opt/stack/data/venv/lib/python3.10/site-packages/oslo_config/cfg.py:2817}}
Feb 18 23:14:03 jammy-provider-cloud-0000008019 cinder-volume[112868]: DEBUG oslo_service.service [None req-6aaa326c-e149-496f-b70c-dbef9b3295da None None] default_group_type             = None {{(pid=112868) log_opt_values /opt/stack/data/venv/lib/python3.10/site-packages/oslo_config/cfg.py:2817}}
Feb 18 23:14:03 jammy-provider-cloud-0000008019 cinder-volume[112868]: DEBUG oslo_service.service [None req-6aaa326c-e149-496f-b70c-dbef9b3295da None None] default_log_levels             = ['amqp=WARN', 'amqplib=WARN', 'boto=WARN', 'qpid=WARN', 'sqlalchemy=WARN', 'suds=INFO', 'oslo.messaging=INFO', 'oslo_messaging=INFO', 'iso8601=WARN', 'requests.packages.urllib3.connectionpool=WARN', 'urllib3.connectionpool=WARN', 'websocket=WARN', 'requests.packages.urllib3.util.retry=WARN', 'urllib3.util.retry=WARN', 'keystonemiddleware=WARN', 'routes.middleware=WARN', 'stevedore=WARN', 'taskflow=WARN', 'keystoneauth=WARN', 'oslo.cache=INFO', 'oslo_policy=INFO', 'dogpile.core.dogpile=INFO'] {{(pid=112868) log_opt_values /opt/stack/data/venv/lib/python3.10/site-packages/oslo_config/cfg.py:2817}}
Feb 18 23:14:03 jammy-provider-cloud-0000008019 cinder-volume[112868]: DEBUG oslo_service.service [None req-6aaa326c-e149-496f-b70c-dbef9b3295da None None] default_volume_type            = arcusfc1 {{(pid=112868) log_opt_values /opt/stack/data/venv/lib/python3.10/site-packages/oslo_config/cfg.py:2817}}
Feb 18 23:14:03 jammy-provider-cloud-0000008019 cinder-volume[112868]: DEBUG oslo_service.service [None req-6aaa326c-e149-496f-b70c-dbef9b3295da None None] driver_client_cert             = None {{(pid=112868) log_opt_values /opt/stack/data/venv/lib/python3.10/site-packages/oslo_config/cfg.py:2817}}
Feb 18 23:14:03 jammy-provider-cloud-0000008019 cinder-volume[112868]: DEBUG oslo_service.service [None req-6aaa326c-e149-496f-b70c-dbef9b3295da None None] driver_client_cert_key         = None {{(pid=112868) log_opt_values /opt/stack/data/venv/lib/python3.10/site-packages/oslo_config/cfg.py:2817}}
Feb 18 23:14:03 jammy-provider-cloud-0000008019 cinder-volume[112880]: INFO cinder.volume.manager [None req-26946ed9-a7aa-4b2f-b2b6-9ca16dfe0785 None None] Starting volume driver HPE3PARNVMEDriver (1.0)
Feb 18 23:14:03 jammy-provider-cloud-0000008019 cinder-volume[112868]: DEBUG oslo_service.service [None req-6aaa326c-e149-496f-b70c-dbef9b3295da None None] driver_data_namespace          = None {{(pid=112868) log_opt_values /opt/stack/data/venv/lib/python3.10/site-packages/oslo_config/cfg.py:2817}}
Feb 18 23:14:03 jammy-provider-cloud-0000008019 cinder-volume[112868]: DEBUG oslo_service.service [None req-6aaa326c-e149-496f-b70c-dbef9b3295da None None] driver_ssl_cert_path           = None {{(pid=112868) log_opt_values /opt/stack/data/venv/lib/python3.10/site-packages/oslo_config/cfg.py:2817}}
Feb 18 23:14:03 jammy-provider-cloud-0000008019 cinder-volume[112868]: DEBUG oslo_service.service [None req-6aaa326c-e149-496f-b70c-dbef9b3295da None None] driver_ssl_cert_verify         = False {{(pid=112868) log_opt_values /opt/stack/data/venv/lib/python3.10/site-packages/oslo_config/cfg.py:2817}}
Feb 18 23:14:03 jammy-provider-cloud-0000008019 cinder-volume[112880]: DEBUG cinder.volume.drivers.hpe.hpe_3par_common [None req-26946ed9-a7aa-4b2f-b2b6-9ca16dfe0785 None None] Connecting to 3PAR {{(pid=112880) client_login /opt/stack/cinder/cinder/volume/drivers/hpe/hpe_3par_common.py:425}}
Feb 18 23:14:03 jammy-provider-cloud-0000008019 cinder-volume[112868]: DEBUG oslo_service.service [None req-6aaa326c-e149-496f-b70c-dbef9b3295da None None] driver_use_ssl                 = False {{(pid=112868) log_opt_values /opt/stack/data/venv/lib/python3.10/site-packages/oslo_config/cfg.py:2817}}
Feb 18 23:14:03 jammy-provider-cloud-0000008019 cinder-volume[112868]: DEBUG oslo_service.service [None req-6aaa326c-e149-496f-b70c-dbef9b3295da None None] enable_new_services            = True {{(pid=112868) log_opt_values /opt/stack/data/venv/lib/python3.10/site-packages/oslo_config/cfg.py:2817}}
Feb 18 23:14:03 jammy-provider-cloud-0000008019 cinder-volume[112868]: DEBUG oslo_service.service [None req-6aaa326c-e149-496f-b70c-dbef9b3295da None None] enable_unsupported_driver      = False {{(pid=112868) log_opt_values /opt/stack/data/venv/lib/python3.10/site-packages/oslo_config/cfg.py:2817}}
Feb 18 23:14:03 jammy-provider-cloud-0000008019 cinder-volume[112868]: DEBUG oslo_service.service [None req-6aaa326c-e149-496f-b70c-dbef9b3295da None None] enabled_backends               = ['arcusfc1', 'arcusfc2'] {{(pid=112868) log_opt_values /opt/stack/data/venv/lib/python3.10/site-packages/oslo_config/cfg.py:2817}}
Feb 18 23:14:03 jammy-provider-cloud-0000008019 cinder-volume[112868]: DEBUG oslo_service.service [None req-6aaa326c-e149-496f-b70c-dbef9b3295da None None] enforce_multipath_for_image_xfer = False {{(pid=112868) log_opt_values /opt/stack/data/venv/lib/python3.10/site-packages/oslo_config/cfg.py:2817}}
Feb 18 23:14:03 jammy-provider-cloud-0000008019 cinder-volume[112868]: DEBUG oslo_service.service [None req-6aaa326c-e149-496f-b70c-dbef9b3295da None None] filter_function                = None {{(pid=112868) log_opt_values /opt/stack/data/venv/lib/python3.10/site-packages/oslo_config/cfg.py:2817}}
Feb 18 23:14:03 jammy-provider-cloud-0000008019 cinder-volume[112868]: DEBUG oslo_service.service [None req-6aaa326c-e149-496f-b70c-dbef9b3295da None None] glance_api_insecure            = False {{(pid=112868) log_opt_values /opt/stack/data/venv/lib/python3.10/site-packages/oslo_config/cfg.py:2817}}
Feb 18 23:14:03 jammy-provider-cloud-0000008019 cinder-volume[112868]: DEBUG oslo_service.service [None req-6aaa326c-e149-496f-b70c-dbef9b3295da None None] glance_api_servers             = ['http://10.201.5.87/image'] {{(pid=112868) log_opt_values /opt/stack/data/venv/lib/python3.10/site-packages/oslo_config/cfg.py:2817}}
Feb 18 23:14:03 jammy-provider-cloud-0000008019 cinder-volume[112868]: DEBUG oslo_service.service [None req-6aaa326c-e149-496f-b70c-dbef9b3295da None None] glance_api_ssl_compression     = False {{(pid=112868) log_opt_values /opt/stack/data/venv/lib/python3.10/site-packages/oslo_config/cfg.py:2817}}
Feb 18 23:14:03 jammy-provider-cloud-0000008019 cinder-volume[112868]: DEBUG oslo_service.service [None req-6aaa326c-e149-496f-b70c-dbef9b3295da None None] glance_ca_certificates_file    = None {{(pid=112868) log_opt_values /opt/stack/data/venv/lib/python3.10/site-packages/oslo_config/cfg.py:2817}}
Feb 18 23:14:03 jammy-provider-cloud-0000008019 cinder-volume[112868]: DEBUG oslo_service.service [None req-6aaa326c-e149-496f-b70c-dbef9b3295da None None] glance_catalog_info            = image:glance:publicURL {{(pid=112868) log_opt_values /opt/stack/data/venv/lib/python3.10/site-packages/oslo_config/cfg.py:2817}}
Feb 18 23:14:03 jammy-provider-cloud-0000008019 cinder-volume[112868]: DEBUG oslo_service.service [None req-6aaa326c-e149-496f-b70c-dbef9b3295da None None] glance_certfile                = None {{(pid=112868) log_opt_values /opt/stack/data/venv/lib/python3.10/site-packages/oslo_config/cfg.py:2817}}
Feb 18 23:14:03 jammy-provider-cloud-0000008019 cinder-volume[112868]: DEBUG oslo_service.service [None req-6aaa326c-e149-496f-b70c-dbef9b3295da None None] glance_core_properties         = ['checksum', 'container_format', 'disk_format', 'image_name', 'image_id', 'min_disk', 'min_ram', 'name', 'size'] {{(pid=112868) log_opt_values /opt/stack/data/venv/lib/python3.10/site-packages/oslo_config/cfg.py:2817}}
Feb 18 23:14:03 jammy-provider-cloud-0000008019 cinder-volume[112868]: DEBUG oslo_service.service [None req-6aaa326c-e149-496f-b70c-dbef9b3295da None None] glance_keyfile                 = None {{(pid=112868) log_opt_values /opt/stack/data/venv/lib/python3.10/site-packages/oslo_config/cfg.py:2817}}
Feb 18 23:14:03 jammy-provider-cloud-0000008019 cinder-volume[112868]: DEBUG oslo_service.service [None req-6aaa326c-e149-496f-b70c-dbef9b3295da None None] glance_num_retries             = 3 {{(pid=112868) log_opt_values /opt/stack/data/venv/lib/python3.10/site-packages/oslo_config/cfg.py:2817}}
Feb 18 23:14:03 jammy-provider-cloud-0000008019 cinder-volume[112868]: DEBUG oslo_service.service [None req-6aaa326c-e149-496f-b70c-dbef9b3295da None None] glance_request_timeout         = None {{(pid=112868) log_opt_values /opt/stack/data/venv/lib/python3.10/site-packages/oslo_config/cfg.py:2817}}
Feb 18 23:14:03 jammy-provider-cloud-0000008019 cinder-volume[112868]: DEBUG oslo_service.service [None req-6aaa326c-e149-496f-b70c-dbef9b3295da None None] goodness_function              = None {{(pid=112868) log_opt_values /opt/stack/data/venv/lib/python3.10/site-packages/oslo_config/cfg.py:2817}}
Feb 18 23:14:03 jammy-provider-cloud-0000008019 cinder-volume[112868]: DEBUG oslo_service.service [None req-6aaa326c-e149-496f-b70c-dbef9b3295da None None] graceful_shutdown_timeout      = 5 {{(pid=112868) log_opt_values /opt/stack/data/venv/lib/python3.10/site-packages/oslo_config/cfg.py:2817}}
Feb 18 23:14:03 jammy-provider-cloud-0000008019 cinder-volume[112868]: DEBUG oslo_service.service [None req-6aaa326c-e149-496f-b70c-dbef9b3295da None None] group_api_class                = cinder.group.api.API {{(pid=112868) log_opt_values /opt/stack/data/venv/lib/python3.10/site-packages/oslo_config/cfg.py:2817}}
Feb 18 23:14:03 jammy-provider-cloud-0000008019 cinder-volume[112879]: WARNING py.warnings [None req-974f0411-b76c-464c-a442-e9a0cdc9bbc5 None None] /opt/stack/data/venv/lib/python3.10/site-packages/urllib3/connectionpool.py:1064: InsecureRequestWarning: Unverified HTTPS request is being made to host '10.201.5.12'. Adding certificate verification is strongly advised. See: https://urllib3.readthedocs.io/en/1.26.x/advanced-usage.html#ssl-warnings
Feb 18 23:14:03 jammy-provider-cloud-0000008019 cinder-volume[112879]:   warnings.warn(
Feb 18 23:14:03 jammy-provider-cloud-0000008019 cinder-volume[112868]: DEBUG oslo_service.service [None req-6aaa326c-e149-496f-b70c-dbef9b3295da None None] host                           = jammy-provider-cloud-0000008019 {{(pid=112868) log_opt_values /opt/stack/data/venv/lib/python3.10/site-packages/oslo_config/cfg.py:2817}}
Feb 18 23:14:03 jammy-provider-cloud-0000008019 cinder-volume[112868]: DEBUG oslo_service.service [None req-6aaa326c-e149-496f-b70c-dbef9b3295da None None] image_compress_on_upload       = True {{(pid=112868) log_opt_values /opt/stack/data/venv/lib/python3.10/site-packages/oslo_config/cfg.py:2817}}
Feb 18 23:14:03 jammy-provider-cloud-0000008019 cinder-volume[112868]: DEBUG oslo_service.service [None req-6aaa326c-e149-496f-b70c-dbef9b3295da None None] image_conversion_address_space_limit = 1 {{(pid=112868) log_opt_values /opt/stack/data/venv/lib/python3.10/site-packages/oslo_config/cfg.py:2817}}
Feb 18 23:14:03 jammy-provider-cloud-0000008019 cinder-volume[112868]: DEBUG oslo_service.service [None req-6aaa326c-e149-496f-b70c-dbef9b3295da None None] image_conversion_cpu_limit     = 60 {{(pid=112868) log_opt_values /opt/stack/data/venv/lib/python3.10/site-packages/oslo_config/cfg.py:2817}}
Feb 18 23:14:03 jammy-provider-cloud-0000008019 cinder-volume[112868]: DEBUG oslo_service.service [None req-6aaa326c-e149-496f-b70c-dbef9b3295da None None] image_conversion_dir           = /opt/stack/data/cinder/conversion {{(pid=112868) log_opt_values /opt/stack/data/venv/lib/python3.10/site-packages/oslo_config/cfg.py:2817}}
Feb 18 23:14:03 jammy-provider-cloud-0000008019 cinder-volume[112868]: DEBUG oslo_service.service [None req-6aaa326c-e149-496f-b70c-dbef9b3295da None None] image_conversion_disable       = False {{(pid=112868) log_opt_values /opt/stack/data/venv/lib/python3.10/site-packages/oslo_config/cfg.py:2817}}
Feb 18 23:14:03 jammy-provider-cloud-0000008019 cinder-volume[112868]: DEBUG oslo_service.service [None req-6aaa326c-e149-496f-b70c-dbef9b3295da None None] image_upload_use_cinder_backend = False {{(pid=112868) log_opt_values /opt/stack/data/venv/lib/python3.10/site-packages/oslo_config/cfg.py:2817}}
Feb 18 23:14:03 jammy-provider-cloud-0000008019 cinder-volume[112868]: DEBUG oslo_service.service [None req-6aaa326c-e149-496f-b70c-dbef9b3295da None None] image_upload_use_internal_tenant = False {{(pid=112868) log_opt_values /opt/stack/data/venv/lib/python3.10/site-packages/oslo_config/cfg.py:2817}}
Feb 18 23:14:03 jammy-provider-cloud-0000008019 cinder-volume[112868]: DEBUG oslo_service.service [None req-6aaa326c-e149-496f-b70c-dbef9b3295da None None] image_volume_cache_enabled     = False {{(pid=112868) log_opt_values /opt/stack/data/venv/lib/python3.10/site-packages/oslo_config/cfg.py:2817}}
Feb 18 23:14:03 jammy-provider-cloud-0000008019 cinder-volume[112868]: DEBUG oslo_service.service [None req-6aaa326c-e149-496f-b70c-dbef9b3295da None None] image_volume_cache_max_count   = 0 {{(pid=112868) log_opt_values /opt/stack/data/venv/lib/python3.10/site-packages/oslo_config/cfg.py:2817}}
Feb 18 23:14:03 jammy-provider-cloud-0000008019 cinder-volume[112880]: WARNING py.warnings [None req-26946ed9-a7aa-4b2f-b2b6-9ca16dfe0785 None None] /opt/stack/data/venv/lib/python3.10/site-packages/urllib3/connectionpool.py:1064: InsecureRequestWarning: Unverified HTTPS request is being made to host '10.201.5.12'. Adding certificate verification is strongly advised. See: https://urllib3.readthedocs.io/en/1.26.x/advanced-usage.html#ssl-warnings
Feb 18 23:14:03 jammy-provider-cloud-0000008019 cinder-volume[112880]:   warnings.warn(
Feb 18 23:14:03 jammy-provider-cloud-0000008019 cinder-volume[112868]: DEBUG oslo_service.service [None req-6aaa326c-e149-496f-b70c-dbef9b3295da None None] image_volume_cache_max_size_gb = 0 {{(pid=112868) log_opt_values /opt/stack/data/venv/lib/python3.10/site-packages/oslo_config/cfg.py:2817}}
Feb 18 23:14:03 jammy-provider-cloud-0000008019 cinder-volume[112868]: DEBUG oslo_service.service [None req-6aaa326c-e149-496f-b70c-dbef9b3295da None None] init_host_max_objects_retrieval = 0 {{(pid=112868) log_opt_values /opt/stack/data/venv/lib/python3.10/site-packages/oslo_config/cfg.py:2817}}
Feb 18 23:14:03 jammy-provider-cloud-0000008019 cinder-volume[112868]: DEBUG oslo_service.service [None req-6aaa326c-e149-496f-b70c-dbef9b3295da None None] instance_format                = [instance: %(uuid)s]  {{(pid=112868) log_opt_values /opt/stack/data/venv/lib/python3.10/site-packages/oslo_config/cfg.py:2817}}
Feb 18 23:14:03 jammy-provider-cloud-0000008019 cinder-volume[112868]: DEBUG oslo_service.service [None req-6aaa326c-e149-496f-b70c-dbef9b3295da None None] instance_uuid_format           = [instance: %(uuid)s]  {{(pid=112868) log_opt_values /opt/stack/data/venv/lib/python3.10/site-packages/oslo_config/cfg.py:2817}}
Feb 18 23:14:03 jammy-provider-cloud-0000008019 cinder-volume[112868]: DEBUG oslo_service.service [None req-6aaa326c-e149-496f-b70c-dbef9b3295da None None] iscsi_iotype                   = fileio {{(pid=112868) log_opt_values /opt/stack/data/venv/lib/python3.10/site-packages/oslo_config/cfg.py:2817}}
Feb 18 23:14:03 jammy-provider-cloud-0000008019 cinder-volume[112868]: DEBUG oslo_service.service [None req-6aaa326c-e149-496f-b70c-dbef9b3295da None None] iscsi_target_flags             =  {{(pid=112868) log_opt_values /opt/stack/data/venv/lib/python3.10/site-packages/oslo_config/cfg.py:2817}}
Feb 18 23:14:03 jammy-provider-cloud-0000008019 cinder-volume[112868]: DEBUG oslo_service.service [None req-6aaa326c-e149-496f-b70c-dbef9b3295da None None] iscsi_write_cache              = on {{(pid=112868) log_opt_values /opt/stack/data/venv/lib/python3.10/site-packages/oslo_config/cfg.py:2817}}
Feb 18 23:14:03 jammy-provider-cloud-0000008019 cinder-volume[112868]: DEBUG oslo_service.service [None req-6aaa326c-e149-496f-b70c-dbef9b3295da None None] iser_helper                    = tgtadm {{(pid=112868) log_opt_values /opt/stack/data/venv/lib/python3.10/site-packages/oslo_config/cfg.py:2817}}
Feb 18 23:14:03 jammy-provider-cloud-0000008019 cinder-volume[112868]: DEBUG oslo_service.service [None req-6aaa326c-e149-496f-b70c-dbef9b3295da None None] iser_ip_address                = 10.201.5.87 {{(pid=112868) log_opt_values /opt/stack/data/venv/lib/python3.10/site-packages/oslo_config/cfg.py:2817}}
Feb 18 23:14:03 jammy-provider-cloud-0000008019 cinder-volume[112868]: DEBUG oslo_service.service [None req-6aaa326c-e149-496f-b70c-dbef9b3295da None None] iser_port                      = 3260 {{(pid=112868) log_opt_values /opt/stack/data/venv/lib/python3.10/site-packages/oslo_config/cfg.py:2817}}
Feb 18 23:14:03 jammy-provider-cloud-0000008019 cinder-volume[112868]: DEBUG oslo_service.service [None req-6aaa326c-e149-496f-b70c-dbef9b3295da None None] iser_target_prefix             = iqn.2010-10.org.openstack: {{(pid=112868) log_opt_values /opt/stack/data/venv/lib/python3.10/site-packages/oslo_config/cfg.py:2817}}
Feb 18 23:14:03 jammy-provider-cloud-0000008019 cinder-volume[112868]: DEBUG oslo_service.service [None req-6aaa326c-e149-496f-b70c-dbef9b3295da None None] log_color                      = False {{(pid=112868) log_opt_values /opt/stack/data/venv/lib/python3.10/site-packages/oslo_config/cfg.py:2817}}
Feb 18 23:14:03 jammy-provider-cloud-0000008019 cinder-volume[112868]: DEBUG oslo_service.service [None req-6aaa326c-e149-496f-b70c-dbef9b3295da None None] log_config_append              = None {{(pid=112868) log_opt_values /opt/stack/data/venv/lib/python3.10/site-packages/oslo_config/cfg.py:2817}}
Feb 18 23:14:03 jammy-provider-cloud-0000008019 cinder-volume[112868]: DEBUG oslo_service.service [None req-6aaa326c-e149-496f-b70c-dbef9b3295da None None] log_date_format                = %Y-%m-%d %H:%M:%S {{(pid=112868) log_opt_values /opt/stack/data/venv/lib/python3.10/site-packages/oslo_config/cfg.py:2817}}
Feb 18 23:14:03 jammy-provider-cloud-0000008019 cinder-volume[112868]: DEBUG oslo_service.service [None req-6aaa326c-e149-496f-b70c-dbef9b3295da None None] log_dir                        = None {{(pid=112868) log_opt_values /opt/stack/data/venv/lib/python3.10/site-packages/oslo_config/cfg.py:2817}}
Feb 18 23:14:03 jammy-provider-cloud-0000008019 cinder-volume[112868]: DEBUG oslo_service.service [None req-6aaa326c-e149-496f-b70c-dbef9b3295da None None] log_file                       = None {{(pid=112868) log_opt_values /opt/stack/data/venv/lib/python3.10/site-packages/oslo_config/cfg.py:2817}}
Feb 18 23:14:03 jammy-provider-cloud-0000008019 cinder-volume[112868]: DEBUG oslo_service.service [None req-6aaa326c-e149-496f-b70c-dbef9b3295da None None] log_options                    = True {{(pid=112868) log_opt_values /opt/stack/data/venv/lib/python3.10/site-packages/oslo_config/cfg.py:2817}}
Feb 18 23:14:03 jammy-provider-cloud-0000008019 cinder-volume[112868]: DEBUG oslo_service.service [None req-6aaa326c-e149-496f-b70c-dbef9b3295da None None] log_rotate_interval            = 1 {{(pid=112868) log_opt_values /opt/stack/data/venv/lib/python3.10/site-packages/oslo_config/cfg.py:2817}}
Feb 18 23:14:03 jammy-provider-cloud-0000008019 cinder-volume[112868]: DEBUG oslo_service.service [None req-6aaa326c-e149-496f-b70c-dbef9b3295da None None] log_rotate_interval_type       = days {{(pid=112868) log_opt_values /opt/stack/data/venv/lib/python3.10/site-packages/oslo_config/cfg.py:2817}}
Feb 18 23:14:03 jammy-provider-cloud-0000008019 cinder-volume[112868]: DEBUG oslo_service.service [None req-6aaa326c-e149-496f-b70c-dbef9b3295da None None] log_rotation_type              = none {{(pid=112868) log_opt_values /opt/stack/data/venv/lib/python3.10/site-packages/oslo_config/cfg.py:2817}}
Feb 18 23:14:03 jammy-provider-cloud-0000008019 cinder-volume[112868]: DEBUG oslo_service.service [None req-6aaa326c-e149-496f-b70c-dbef9b3295da None None] logging_context_format_string  = %(color)s%(levelname)s %(name)s [%(global_request_id)s %(request_id)s %(project_name)s %(user_name)s%(color)s] %(instance)s%(color)s%(message)s {{(pid=112868) log_opt_values /opt/stack/data/venv/lib/python3.10/site-packages/oslo_config/cfg.py:2817}}
Feb 18 23:14:03 jammy-provider-cloud-0000008019 cinder-volume[112868]: DEBUG oslo_service.service [None req-6aaa326c-e149-496f-b70c-dbef9b3295da None None] logging_debug_format_suffix    = {{(pid=%(process)d) %(funcName)s %(pathname)s:%(lineno)d}} {{(pid=112868) log_opt_values /opt/stack/data/venv/lib/python3.10/site-packages/oslo_config/cfg.py:2817}}
Feb 18 23:14:03 jammy-provider-cloud-0000008019 cinder-volume[112868]: DEBUG oslo_service.service [None req-6aaa326c-e149-496f-b70c-dbef9b3295da None None] logging_default_format_string  = %(color)s%(levelname)s %(name)s [-%(color)s] %(instance)s%(color)s%(message)s {{(pid=112868) log_opt_values /opt/stack/data/venv/lib/python3.10/site-packages/oslo_config/cfg.py:2817}}
Feb 18 23:14:03 jammy-provider-cloud-0000008019 cinder-volume[112868]: DEBUG oslo_service.service [None req-6aaa326c-e149-496f-b70c-dbef9b3295da None None] logging_exception_prefix       = ERROR %(name)s %(instance)s {{(pid=112868) log_opt_values /opt/stack/data/venv/lib/python3.10/site-packages/oslo_config/cfg.py:2817}}
Feb 18 23:14:03 jammy-provider-cloud-0000008019 cinder-volume[112868]: DEBUG oslo_service.service [None req-6aaa326c-e149-496f-b70c-dbef9b3295da None None] logging_user_identity_format   = %(user)s %(project)s %(domain)s %(system_scope)s %(user_domain)s %(project_domain)s {{(pid=112868) log_opt_values /opt/stack/data/venv/lib/python3.10/site-packages/oslo_config/cfg.py:2817}}
Feb 18 23:14:03 jammy-provider-cloud-0000008019 cinder-volume[112868]: DEBUG oslo_service.service [None req-6aaa326c-e149-496f-b70c-dbef9b3295da None None] max_age                        = 0 {{(pid=112868) log_opt_values /opt/stack/data/venv/lib/python3.10/site-packages/oslo_config/cfg.py:2817}}
Feb 18 23:14:03 jammy-provider-cloud-0000008019 cinder-volume[112868]: DEBUG oslo_service.service [None req-6aaa326c-e149-496f-b70c-dbef9b3295da None None] max_logfile_count              = 30 {{(pid=112868) log_opt_values /opt/stack/data/venv/lib/python3.10/site-packages/oslo_config/cfg.py:2817}}
Feb 18 23:14:03 jammy-provider-cloud-0000008019 cinder-volume[112868]: DEBUG oslo_service.service [None req-6aaa326c-e149-496f-b70c-dbef9b3295da None None] max_logfile_size_mb            = 200 {{(pid=112868) log_opt_values /opt/stack/data/venv/lib/python3.10/site-packages/oslo_config/cfg.py:2817}}
Feb 18 23:14:03 jammy-provider-cloud-0000008019 cinder-volume[112868]: DEBUG oslo_service.service [None req-6aaa326c-e149-496f-b70c-dbef9b3295da None None] max_over_subscription_ratio    = 20.0 {{(pid=112868) log_opt_values /opt/stack/data/venv/lib/python3.10/site-packages/oslo_config/cfg.py:2817}}
Feb 18 23:14:03 jammy-provider-cloud-0000008019 cinder-volume[112868]: DEBUG oslo_service.service [None req-6aaa326c-e149-496f-b70c-dbef9b3295da None None] message_reap_interval          = 86400 {{(pid=112868) log_opt_values /opt/stack/data/venv/lib/python3.10/site-packages/oslo_config/cfg.py:2817}}
