Feb 18 23:11:16 jammy-provider-cloud-0000008019 systemd[1]: Starting Devstack devstack@g-api.service...
Feb 18 23:11:16 jammy-provider-cloud-0000008019 devstack@g-api.service[104133]: [uWSGI] getting INI configuration from /etc/glance/glance-uwsgi.ini
Feb 18 23:11:16 jammy-provider-cloud-0000008019 devstack@g-api.service[104133]: *** Starting uWSGI 2.0.20-debian (64bit) on [Tue Feb 18 23:11:16 2025] ***
Feb 18 23:11:16 jammy-provider-cloud-0000008019 devstack@g-api.service[104133]: compiled with version: 11.2.0 on 21 March 2022 11:00:44
Feb 18 23:11:16 jammy-provider-cloud-0000008019 devstack@g-api.service[104133]: os: Linux-5.15.0-107-generic #117-Ubuntu SMP Fri Apr 26 12:26:49 UTC 2024
Feb 18 23:11:16 jammy-provider-cloud-0000008019 devstack@g-api.service[104133]: nodename: jammy-provider-cloud-0000008019
Feb 18 23:11:16 jammy-provider-cloud-0000008019 devstack@g-api.service[104133]: machine: x86_64
Feb 18 23:11:16 jammy-provider-cloud-0000008019 devstack@g-api.service[104133]: clock source: unix
Feb 18 23:11:16 jammy-provider-cloud-0000008019 devstack@g-api.service[104133]: pcre jit disabled
Feb 18 23:11:16 jammy-provider-cloud-0000008019 devstack@g-api.service[104133]: detected number of CPU cores: 4
Feb 18 23:11:16 jammy-provider-cloud-0000008019 devstack@g-api.service[104133]: current working directory: /
Feb 18 23:11:16 jammy-provider-cloud-0000008019 devstack@g-api.service[104133]: detected binary path: /usr/bin/uwsgi-core
Feb 18 23:11:16 jammy-provider-cloud-0000008019 devstack@g-api.service[104133]: your processes number limit is 31298
Feb 18 23:11:16 jammy-provider-cloud-0000008019 devstack@g-api.service[104133]: your memory page size is 4096 bytes
Feb 18 23:11:16 jammy-provider-cloud-0000008019 devstack@g-api.service[104133]: detected max file descriptor number: 2048
Feb 18 23:11:16 jammy-provider-cloud-0000008019 devstack@g-api.service[104133]: lock engine: pthread robust mutexes
Feb 18 23:11:16 jammy-provider-cloud-0000008019 devstack@g-api.service[104133]: thunder lock: enabled
Feb 18 23:11:16 jammy-provider-cloud-0000008019 devstack@g-api.service[104133]: uwsgi socket 0 bound to TCP address 127.0.0.1:60999 fd 4
Feb 18 23:11:16 jammy-provider-cloud-0000008019 devstack@g-api.service[104133]: Python version: 3.10.12 (main, Jan 17 2025, 14:35:34) [GCC 11.4.0]
Feb 18 23:11:16 jammy-provider-cloud-0000008019 devstack@g-api.service[104133]: PEP 405 virtualenv detected: /opt/stack/data/venv
Feb 18 23:11:16 jammy-provider-cloud-0000008019 devstack@g-api.service[104133]: Set PythonHome to /opt/stack/data/venv
Feb 18 23:11:16 jammy-provider-cloud-0000008019 devstack@g-api.service[104133]: Python main interpreter initialized at 0x562f29162280
Feb 18 23:11:16 jammy-provider-cloud-0000008019 devstack@g-api.service[104133]: python threads support enabled
Feb 18 23:11:16 jammy-provider-cloud-0000008019 devstack@g-api.service[104133]: your server socket listen backlog is limited to 100 connections
Feb 18 23:11:16 jammy-provider-cloud-0000008019 devstack@g-api.service[104133]: your mercy for graceful operations on workers is 80 seconds
Feb 18 23:11:16 jammy-provider-cloud-0000008019 devstack@g-api.service[104133]: mapped 403077 bytes (393 KB) for 2 cores
Feb 18 23:11:16 jammy-provider-cloud-0000008019 devstack@g-api.service[104133]: *** Operational MODE: preforking ***
Feb 18 23:11:16 jammy-provider-cloud-0000008019 devstack@g-api.service[104133]: *** uWSGI is running in multiple interpreter mode ***
Feb 18 23:11:16 jammy-provider-cloud-0000008019 devstack@g-api.service[104133]: spawned uWSGI master process (pid: 104133)
Feb 18 23:11:16 jammy-provider-cloud-0000008019 systemd[1]: Started Devstack devstack@g-api.service.
Feb 18 23:11:16 jammy-provider-cloud-0000008019 devstack@g-api.service[104133]: spawned uWSGI worker 1 (pid: 104134, cores: 1)
Feb 18 23:11:16 jammy-provider-cloud-0000008019 devstack@g-api.service[104133]: spawned uWSGI worker 2 (pid: 104135, cores: 1)
Feb 18 23:11:16 jammy-provider-cloud-0000008019 devstack@g-api.service[104133]: running "unix_signal:15 gracefully_kill_them_all" (master-start)...
Feb 18 23:11:17 jammy-provider-cloud-0000008019 devstack@g-api.service[104134]: INFO glance.async_ [-] Threadpool model set to 'NativeThreadPoolModel'
Feb 18 23:11:17 jammy-provider-cloud-0000008019 devstack@g-api.service[104135]: INFO glance.async_ [-] Threadpool model set to 'NativeThreadPoolModel'
Feb 18 23:11:17 jammy-provider-cloud-0000008019 devstack@g-api.service[104134]: DEBUG oslo_concurrency.processutils [-] Running cmd (subprocess): grep -F node.session.scan /sbin/iscsiadm {{(pid=104134) execute /opt/stack/data/venv/lib/python3.10/site-packages/oslo_concurrency/processutils.py:349}}
Feb 18 23:11:17 jammy-provider-cloud-0000008019 devstack@g-api.service[104135]: DEBUG oslo_concurrency.processutils [-] Running cmd (subprocess): grep -F node.session.scan /sbin/iscsiadm {{(pid=104135) execute /opt/stack/data/venv/lib/python3.10/site-packages/oslo_concurrency/processutils.py:349}}
Feb 18 23:11:17 jammy-provider-cloud-0000008019 devstack@g-api.service[104134]: DEBUG oslo_concurrency.processutils [-] CMD "grep -F node.session.scan /sbin/iscsiadm" returned: 0 in 0.008s {{(pid=104134) execute /opt/stack/data/venv/lib/python3.10/site-packages/oslo_concurrency/processutils.py:372}}
Feb 18 23:11:17 jammy-provider-cloud-0000008019 devstack@g-api.service[104135]: DEBUG oslo_concurrency.processutils [-] CMD "grep -F node.session.scan /sbin/iscsiadm" returned: 0 in 0.007s {{(pid=104135) execute /opt/stack/data/venv/lib/python3.10/site-packages/oslo_concurrency/processutils.py:372}}
Feb 18 23:11:17 jammy-provider-cloud-0000008019 devstack@g-api.service[104135]: DEBUG glance_store.common.attachment_state_manager [-] Initialising _AttachmentStateManager {{(pid=104135) __init__ /opt/stack/data/venv/lib/python3.10/site-packages/glance_store/common/attachment_state_manager.py:86}}
Feb 18 23:11:17 jammy-provider-cloud-0000008019 devstack@g-api.service[104134]: DEBUG glance_store.common.attachment_state_manager [-] Initialising _AttachmentStateManager {{(pid=104134) __init__ /opt/stack/data/venv/lib/python3.10/site-packages/glance_store/common/attachment_state_manager.py:86}}
Feb 18 23:11:17 jammy-provider-cloud-0000008019 devstack@g-api.service[104135]: DEBUG glance_store.backend [-] Attempting to import store cinder {{(pid=104135) _load_store /opt/stack/data/venv/lib/python3.10/site-packages/glance_store/backend.py:216}}
Feb 18 23:11:17 jammy-provider-cloud-0000008019 devstack@g-api.service[104135]: DEBUG glance_store.backend [-] Attempting to import store file {{(pid=104135) _load_store /opt/stack/data/venv/lib/python3.10/site-packages/glance_store/backend.py:216}}
Feb 18 23:11:17 jammy-provider-cloud-0000008019 devstack@g-api.service[104135]: DEBUG glance_store.backend [-] Attempting to import store glance.store.cinder.Store {{(pid=104135) _load_store /opt/stack/data/venv/lib/python3.10/site-packages/glance_store/backend.py:216}}
Feb 18 23:11:17 jammy-provider-cloud-0000008019 devstack@g-api.service[104135]: DEBUG glance_store.backend [-] Attempting to import store glance.store.filesystem.Store {{(pid=104135) _load_store /opt/stack/data/venv/lib/python3.10/site-packages/glance_store/backend.py:216}}
Feb 18 23:11:17 jammy-provider-cloud-0000008019 devstack@g-api.service[104135]: DEBUG glance_store.backend [-] Attempting to import store glance.store.http.Store {{(pid=104135) _load_store /opt/stack/data/venv/lib/python3.10/site-packages/glance_store/backend.py:216}}
Feb 18 23:11:17 jammy-provider-cloud-0000008019 devstack@g-api.service[104135]: DEBUG glance_store.backend [-] Attempting to import store glance.store.rbd.Store {{(pid=104135) _load_store /opt/stack/data/venv/lib/python3.10/site-packages/glance_store/backend.py:216}}
Feb 18 23:11:17 jammy-provider-cloud-0000008019 devstack@g-api.service[104135]: DEBUG glance_store.backend [-] Attempting to import store glance.store.s3.Store {{(pid=104135) _load_store /opt/stack/data/venv/lib/python3.10/site-packages/glance_store/backend.py:216}}
Feb 18 23:11:17 jammy-provider-cloud-0000008019 devstack@g-api.service[104135]: DEBUG glance_store.backend [-] Attempting to import store glance.store.swift.Store {{(pid=104135) _load_store /opt/stack/data/venv/lib/python3.10/site-packages/glance_store/backend.py:216}}
Feb 18 23:11:17 jammy-provider-cloud-0000008019 devstack@g-api.service[104135]: DEBUG glance_store.backend [-] Attempting to import store glance.store.vmware_datastore.Store {{(pid=104135) _load_store /opt/stack/data/venv/lib/python3.10/site-packages/glance_store/backend.py:216}}
Feb 18 23:11:17 jammy-provider-cloud-0000008019 devstack@g-api.service[104135]: DEBUG glance_store.backend [-] Attempting to import store http {{(pid=104135) _load_store /opt/stack/data/venv/lib/python3.10/site-packages/glance_store/backend.py:216}}
Feb 18 23:11:17 jammy-provider-cloud-0000008019 devstack@g-api.service[104135]: DEBUG glance_store.backend [-] Attempting to import store no_conf {{(pid=104135) _load_store /opt/stack/data/venv/lib/python3.10/site-packages/glance_store/backend.py:216}}
Feb 18 23:11:17 jammy-provider-cloud-0000008019 devstack@g-api.service[104135]: DEBUG glance_store.backend [-] Attempting to import store rbd {{(pid=104135) _load_store /opt/stack/data/venv/lib/python3.10/site-packages/glance_store/backend.py:216}}
Feb 18 23:11:17 jammy-provider-cloud-0000008019 devstack@g-api.service[104135]: DEBUG glance_store.backend [-] Attempting to import store s3 {{(pid=104135) _load_store /opt/stack/data/venv/lib/python3.10/site-packages/glance_store/backend.py:216}}
Feb 18 23:11:17 jammy-provider-cloud-0000008019 devstack@g-api.service[104135]: DEBUG glance_store.backend [-] Attempting to import store swift {{(pid=104135) _load_store /opt/stack/data/venv/lib/python3.10/site-packages/glance_store/backend.py:216}}
Feb 18 23:11:17 jammy-provider-cloud-0000008019 devstack@g-api.service[104135]: DEBUG glance_store.backend [-] Attempting to import store vmware {{(pid=104135) _load_store /opt/stack/data/venv/lib/python3.10/site-packages/glance_store/backend.py:216}}
Feb 18 23:11:17 jammy-provider-cloud-0000008019 devstack@g-api.service[104135]: DEBUG glance_store.backend [-] Registering options for group glance_store {{(pid=104135) register_opts /opt/stack/data/venv/lib/python3.10/site-packages/glance_store/backend.py:145}}
Feb 18 23:11:17 jammy-provider-cloud-0000008019 devstack@g-api.service[104135]: DEBUG glance_store.backend [-] Registering options for group glance_store {{(pid=104135) register_opts /opt/stack/data/venv/lib/python3.10/site-packages/glance_store/backend.py:145}}
Feb 18 23:11:17 jammy-provider-cloud-0000008019 devstack@g-api.service[104135]: DEBUG glance_store.backend [-] Attempting to import store file {{(pid=104135) _load_store /opt/stack/data/venv/lib/python3.10/site-packages/glance_store/backend.py:216}}
Feb 18 23:11:17 jammy-provider-cloud-0000008019 devstack@g-api.service[104135]: DEBUG glance_store.capabilities [-] Store glance_store._drivers.filesystem.Store doesn't support updating dynamic storage capabilities. Please overwrite 'update_capabilities' method of the store to implement updating logics if needed. {{(pid=104135) update_capabilities /opt/stack/data/venv/lib/python3.10/site-packages/glance_store/capabilities.py:91}}
Feb 18 23:11:17 jammy-provider-cloud-0000008019 devstack@g-api.service[104135]: DEBUG glance_store.backend [-] Registering store file with schemes ('file', 'filesystem') {{(pid=104135) create_stores /opt/stack/data/venv/lib/python3.10/site-packages/glance_store/backend.py:262}}
Feb 18 23:11:17 jammy-provider-cloud-0000008019 devstack@g-api.service[104135]: DEBUG glance_store.driver [-] Late loading location class glance_store._drivers.filesystem.StoreLocation {{(pid=104135) get_store_location_class /opt/stack/data/venv/lib/python3.10/site-packages/glance_store/driver.py:133}}
Feb 18 23:11:17 jammy-provider-cloud-0000008019 devstack@g-api.service[104135]: DEBUG glance_store.location [-] Registering scheme file with {'store': <glance_store._drivers.filesystem.Store object at 0x7fdee77a2f20>, 'location_class': <class 'glance_store._drivers.filesystem.StoreLocation'>, 'store_entry': 'file'} {{(pid=104135) register_scheme_map /opt/stack/data/venv/lib/python3.10/site-packages/glance_store/location.py:146}}
Feb 18 23:11:17 jammy-provider-cloud-0000008019 devstack@g-api.service[104135]: DEBUG glance_store.location [-] Registering scheme filesystem with {'store': <glance_store._drivers.filesystem.Store object at 0x7fdee77a2f20>, 'location_class': <class 'glance_store._drivers.filesystem.StoreLocation'>, 'store_entry': 'file'} {{(pid=104135) register_scheme_map /opt/stack/data/venv/lib/python3.10/site-packages/glance_store/location.py:146}}
Feb 18 23:11:17 jammy-provider-cloud-0000008019 devstack@g-api.service[104135]: DEBUG glance_store.backend [-] Attempting to import store http {{(pid=104135) _load_store /opt/stack/data/venv/lib/python3.10/site-packages/glance_store/backend.py:216}}
Feb 18 23:11:17 jammy-provider-cloud-0000008019 devstack@g-api.service[104135]: DEBUG glance_store.capabilities [-] Store glance_store._drivers.http.Store doesn't support updating dynamic storage capabilities. Please overwrite 'update_capabilities' method of the store to implement updating logics if needed. {{(pid=104135) update_capabilities /opt/stack/data/venv/lib/python3.10/site-packages/glance_store/capabilities.py:91}}
Feb 18 23:11:17 jammy-provider-cloud-0000008019 devstack@g-api.service[104135]: DEBUG glance_store.backend [-] Registering store http with schemes ('http', 'https') {{(pid=104135) create_stores /opt/stack/data/venv/lib/python3.10/site-packages/glance_store/backend.py:262}}
Feb 18 23:11:17 jammy-provider-cloud-0000008019 devstack@g-api.service[104135]: DEBUG glance_store.driver [-] Late loading location class glance_store._drivers.http.StoreLocation {{(pid=104135) get_store_location_class /opt/stack/data/venv/lib/python3.10/site-packages/glance_store/driver.py:133}}
Feb 18 23:11:17 jammy-provider-cloud-0000008019 devstack@g-api.service[104135]: DEBUG glance_store.location [-] Registering scheme http with {'store': <glance_store._drivers.http.Store object at 0x7fdee77a2800>, 'location_class': <class 'glance_store._drivers.http.StoreLocation'>, 'store_entry': 'http'} {{(pid=104135) register_scheme_map /opt/stack/data/venv/lib/python3.10/site-packages/glance_store/location.py:146}}
Feb 18 23:11:17 jammy-provider-cloud-0000008019 devstack@g-api.service[104135]: DEBUG glance_store.location [-] Registering scheme https with {'store': <glance_store._drivers.http.Store object at 0x7fdee77a2800>, 'location_class': <class 'glance_store._drivers.http.StoreLocation'>, 'store_entry': 'http'} {{(pid=104135) register_scheme_map /opt/stack/data/venv/lib/python3.10/site-packages/glance_store/location.py:146}}
Feb 18 23:11:17 jammy-provider-cloud-0000008019 devstack@g-api.service[104135]: DEBUG glance.sqlite_migration [-] SQLite caching database not located, skipping migration {{(pid=104135) get_db_path /opt/stack/glance/glance/sqlite_migration.py:68}}
Feb 18 23:11:17 jammy-provider-cloud-0000008019 devstack@g-api.service[104135]: WARNING glance.common.wsgi_app [-] Import methods are enabled but staging directory /tmp/staging/ does not exist; Imports will fail!
Feb 18 23:11:17 jammy-provider-cloud-0000008019 devstack@g-api.service[104134]: DEBUG glance_store.backend [-] Attempting to import store cinder {{(pid=104134) _load_store /opt/stack/data/venv/lib/python3.10/site-packages/glance_store/backend.py:216}}
Feb 18 23:11:17 jammy-provider-cloud-0000008019 devstack@g-api.service[104134]: DEBUG glance_store.backend [-] Attempting to import store file {{(pid=104134) _load_store /opt/stack/data/venv/lib/python3.10/site-packages/glance_store/backend.py:216}}
Feb 18 23:11:17 jammy-provider-cloud-0000008019 devstack@g-api.service[104134]: DEBUG glance_store.backend [-] Attempting to import store glance.store.cinder.Store {{(pid=104134) _load_store /opt/stack/data/venv/lib/python3.10/site-packages/glance_store/backend.py:216}}
Feb 18 23:11:17 jammy-provider-cloud-0000008019 devstack@g-api.service[104134]: DEBUG glance_store.backend [-] Attempting to import store glance.store.filesystem.Store {{(pid=104134) _load_store /opt/stack/data/venv/lib/python3.10/site-packages/glance_store/backend.py:216}}
Feb 18 23:11:17 jammy-provider-cloud-0000008019 devstack@g-api.service[104134]: DEBUG glance_store.backend [-] Attempting to import store glance.store.http.Store {{(pid=104134) _load_store /opt/stack/data/venv/lib/python3.10/site-packages/glance_store/backend.py:216}}
Feb 18 23:11:17 jammy-provider-cloud-0000008019 devstack@g-api.service[104134]: DEBUG glance_store.backend [-] Attempting to import store glance.store.rbd.Store {{(pid=104134) _load_store /opt/stack/data/venv/lib/python3.10/site-packages/glance_store/backend.py:216}}
Feb 18 23:11:17 jammy-provider-cloud-0000008019 devstack@g-api.service[104134]: DEBUG glance_store.backend [-] Attempting to import store glance.store.s3.Store {{(pid=104134) _load_store /opt/stack/data/venv/lib/python3.10/site-packages/glance_store/backend.py:216}}
Feb 18 23:11:17 jammy-provider-cloud-0000008019 devstack@g-api.service[104134]: DEBUG glance_store.backend [-] Attempting to import store glance.store.swift.Store {{(pid=104134) _load_store /opt/stack/data/venv/lib/python3.10/site-packages/glance_store/backend.py:216}}
Feb 18 23:11:17 jammy-provider-cloud-0000008019 devstack@g-api.service[104134]: DEBUG glance_store.backend [-] Attempting to import store glance.store.vmware_datastore.Store {{(pid=104134) _load_store /opt/stack/data/venv/lib/python3.10/site-packages/glance_store/backend.py:216}}
Feb 18 23:11:17 jammy-provider-cloud-0000008019 devstack@g-api.service[104134]: DEBUG glance_store.backend [-] Attempting to import store http {{(pid=104134) _load_store /opt/stack/data/venv/lib/python3.10/site-packages/glance_store/backend.py:216}}
Feb 18 23:11:17 jammy-provider-cloud-0000008019 devstack@g-api.service[104134]: DEBUG glance_store.backend [-] Attempting to import store no_conf {{(pid=104134) _load_store /opt/stack/data/venv/lib/python3.10/site-packages/glance_store/backend.py:216}}
Feb 18 23:11:17 jammy-provider-cloud-0000008019 devstack@g-api.service[104134]: DEBUG glance_store.backend [-] Attempting to import store rbd {{(pid=104134) _load_store /opt/stack/data/venv/lib/python3.10/site-packages/glance_store/backend.py:216}}
Feb 18 23:11:17 jammy-provider-cloud-0000008019 devstack@g-api.service[104134]: DEBUG glance_store.backend [-] Attempting to import store s3 {{(pid=104134) _load_store /opt/stack/data/venv/lib/python3.10/site-packages/glance_store/backend.py:216}}
Feb 18 23:11:17 jammy-provider-cloud-0000008019 devstack@g-api.service[104134]: DEBUG glance_store.backend [-] Attempting to import store swift {{(pid=104134) _load_store /opt/stack/data/venv/lib/python3.10/site-packages/glance_store/backend.py:216}}
Feb 18 23:11:17 jammy-provider-cloud-0000008019 devstack@g-api.service[104134]: DEBUG glance_store.backend [-] Attempting to import store vmware {{(pid=104134) _load_store /opt/stack/data/venv/lib/python3.10/site-packages/glance_store/backend.py:216}}
Feb 18 23:11:17 jammy-provider-cloud-0000008019 devstack@g-api.service[104134]: DEBUG glance_store.backend [-] Registering options for group glance_store {{(pid=104134) register_opts /opt/stack/data/venv/lib/python3.10/site-packages/glance_store/backend.py:145}}
Feb 18 23:11:17 jammy-provider-cloud-0000008019 devstack@g-api.service[104134]: DEBUG glance_store.backend [-] Registering options for group glance_store {{(pid=104134) register_opts /opt/stack/data/venv/lib/python3.10/site-packages/glance_store/backend.py:145}}
Feb 18 23:11:17 jammy-provider-cloud-0000008019 devstack@g-api.service[104134]: DEBUG glance_store.backend [-] Attempting to import store file {{(pid=104134) _load_store /opt/stack/data/venv/lib/python3.10/site-packages/glance_store/backend.py:216}}
Feb 18 23:11:17 jammy-provider-cloud-0000008019 devstack@g-api.service[104134]: DEBUG glance_store.capabilities [-] Store glance_store._drivers.filesystem.Store doesn't support updating dynamic storage capabilities. Please overwrite 'update_capabilities' method of the store to implement updating logics if needed. {{(pid=104134) update_capabilities /opt/stack/data/venv/lib/python3.10/site-packages/glance_store/capabilities.py:91}}
Feb 18 23:11:17 jammy-provider-cloud-0000008019 devstack@g-api.service[104134]: DEBUG glance_store.backend [-] Registering store file with schemes ('file', 'filesystem') {{(pid=104134) create_stores /opt/stack/data/venv/lib/python3.10/site-packages/glance_store/backend.py:262}}
Feb 18 23:11:17 jammy-provider-cloud-0000008019 devstack@g-api.service[104134]: DEBUG glance_store.driver [-] Late loading location class glance_store._drivers.filesystem.StoreLocation {{(pid=104134) get_store_location_class /opt/stack/data/venv/lib/python3.10/site-packages/glance_store/driver.py:133}}
Feb 18 23:11:17 jammy-provider-cloud-0000008019 devstack@g-api.service[104134]: DEBUG glance_store.location [-] Registering scheme file with {'store': <glance_store._drivers.filesystem.Store object at 0x7fdee77a2f20>, 'location_class': <class 'glance_store._drivers.filesystem.StoreLocation'>, 'store_entry': 'file'} {{(pid=104134) register_scheme_map /opt/stack/data/venv/lib/python3.10/site-packages/glance_store/location.py:146}}
Feb 18 23:11:17 jammy-provider-cloud-0000008019 devstack@g-api.service[104134]: DEBUG glance_store.location [-] Registering scheme filesystem with {'store': <glance_store._drivers.filesystem.Store object at 0x7fdee77a2f20>, 'location_class': <class 'glance_store._drivers.filesystem.StoreLocation'>, 'store_entry': 'file'} {{(pid=104134) register_scheme_map /opt/stack/data/venv/lib/python3.10/site-packages/glance_store/location.py:146}}
Feb 18 23:11:17 jammy-provider-cloud-0000008019 devstack@g-api.service[104134]: DEBUG glance_store.backend [-] Attempting to import store http {{(pid=104134) _load_store /opt/stack/data/venv/lib/python3.10/site-packages/glance_store/backend.py:216}}
Feb 18 23:11:17 jammy-provider-cloud-0000008019 devstack@g-api.service[104134]: DEBUG glance_store.capabilities [-] Store glance_store._drivers.http.Store doesn't support updating dynamic storage capabilities. Please overwrite 'update_capabilities' method of the store to implement updating logics if needed. {{(pid=104134) update_capabilities /opt/stack/data/venv/lib/python3.10/site-packages/glance_store/capabilities.py:91}}
Feb 18 23:11:17 jammy-provider-cloud-0000008019 devstack@g-api.service[104134]: DEBUG glance_store.backend [-] Registering store http with schemes ('http', 'https') {{(pid=104134) create_stores /opt/stack/data/venv/lib/python3.10/site-packages/glance_store/backend.py:262}}
Feb 18 23:11:17 jammy-provider-cloud-0000008019 devstack@g-api.service[104134]: DEBUG glance_store.driver [-] Late loading location class glance_store._drivers.http.StoreLocation {{(pid=104134) get_store_location_class /opt/stack/data/venv/lib/python3.10/site-packages/glance_store/driver.py:133}}
Feb 18 23:11:17 jammy-provider-cloud-0000008019 devstack@g-api.service[104134]: DEBUG glance_store.location [-] Registering scheme http with {'store': <glance_store._drivers.http.Store object at 0x7fdee77a2800>, 'location_class': <class 'glance_store._drivers.http.StoreLocation'>, 'store_entry': 'http'} {{(pid=104134) register_scheme_map /opt/stack/data/venv/lib/python3.10/site-packages/glance_store/location.py:146}}
Feb 18 23:11:17 jammy-provider-cloud-0000008019 devstack@g-api.service[104134]: DEBUG glance_store.location [-] Registering scheme https with {'store': <glance_store._drivers.http.Store object at 0x7fdee77a2800>, 'location_class': <class 'glance_store._drivers.http.StoreLocation'>, 'store_entry': 'http'} {{(pid=104134) register_scheme_map /opt/stack/data/venv/lib/python3.10/site-packages/glance_store/location.py:146}}
Feb 18 23:11:17 jammy-provider-cloud-0000008019 devstack@g-api.service[104134]: DEBUG glance.sqlite_migration [-] SQLite caching database not located, skipping migration {{(pid=104134) get_db_path /opt/stack/glance/glance/sqlite_migration.py:68}}
Feb 18 23:11:17 jammy-provider-cloud-0000008019 devstack@g-api.service[104134]: WARNING glance.common.wsgi_app [-] Import methods are enabled but staging directory /tmp/staging/ does not exist; Imports will fail!
Feb 18 23:11:17 jammy-provider-cloud-0000008019 devstack@g-api.service[104135]: DEBUG glance.common.config [None req-06437e1b-570e-4cc1-976b-04db14c3c2f4 None None] Loading glance-api-keystone+cachemanagement from /etc/glance/glance-api-paste.ini {{(pid=104135) load_paste_app /opt/stack/glance/glance/common/config.py:723}}
Feb 18 23:11:17 jammy-provider-cloud-0000008019 devstack@g-api.service[104134]: DEBUG glance.common.config [None req-9088cd3a-64e5-422b-86a1-bff7fee60056 None None] Loading glance-api-keystone+cachemanagement from /etc/glance/glance-api-paste.ini {{(pid=104134) load_paste_app /opt/stack/glance/glance/common/config.py:723}}
Feb 18 23:11:18 jammy-provider-cloud-0000008019 devstack@g-api.service[104135]: INFO glance.image_cache [None req-06437e1b-570e-4cc1-976b-04db14c3c2f4 None None] Image cache loaded driver 'centralized_db'.
Feb 18 23:11:18 jammy-provider-cloud-0000008019 devstack@g-api.service[104134]: INFO glance.image_cache [None req-9088cd3a-64e5-422b-86a1-bff7fee60056 None None] Image cache loaded driver 'centralized_db'.
Feb 18 23:11:18 jammy-provider-cloud-0000008019 devstack@g-api.service[104135]: INFO dbcounter [None req-06437e1b-570e-4cc1-976b-04db14c3c2f4 None None] Registered counter for database glance
Feb 18 23:11:18 jammy-provider-cloud-0000008019 devstack@g-api.service[104134]: INFO dbcounter [None req-9088cd3a-64e5-422b-86a1-bff7fee60056 None None] Registered counter for database glance
Feb 18 23:11:18 jammy-provider-cloud-0000008019 devstack@g-api.service[104135]: DEBUG oslo_db.sqlalchemy.engines [None req-06437e1b-570e-4cc1-976b-04db14c3c2f4 None None] MySQL server mode set to STRICT_TRANS_TABLES,STRICT_ALL_TABLES,NO_ZERO_IN_DATE,NO_ZERO_DATE,ERROR_FOR_DIVISION_BY_ZERO,TRADITIONAL,NO_ENGINE_SUBSTITUTION {{(pid=104135) _check_effective_sql_mode /opt/stack/data/venv/lib/python3.10/site-packages/oslo_db/sqlalchemy/engines.py:395}}
Feb 18 23:11:18 jammy-provider-cloud-0000008019 devstack@g-api.service[104134]: DEBUG oslo_db.sqlalchemy.engines [None req-9088cd3a-64e5-422b-86a1-bff7fee60056 None None] MySQL server mode set to STRICT_TRANS_TABLES,STRICT_ALL_TABLES,NO_ZERO_IN_DATE,NO_ZERO_DATE,ERROR_FOR_DIVISION_BY_ZERO,TRADITIONAL,NO_ENGINE_SUBSTITUTION {{(pid=104134) _check_effective_sql_mode /opt/stack/data/venv/lib/python3.10/site-packages/oslo_db/sqlalchemy/engines.py:395}}
Feb 18 23:11:18 jammy-provider-cloud-0000008019 devstack@g-api.service[104135]: DEBUG dbcounter [-] [104135] Writer thread running {{(pid=104135) stat_writer /opt/stack/data/venv/lib/python3.10/site-packages/dbcounter.py:102}}
Feb 18 23:11:18 jammy-provider-cloud-0000008019 devstack@g-api.service[104134]: DEBUG dbcounter [-] [104134] Writer thread running {{(pid=104134) stat_writer /opt/stack/data/venv/lib/python3.10/site-packages/dbcounter.py:102}}
Feb 18 23:11:18 jammy-provider-cloud-0000008019 devstack@g-api.service[104134]: DEBUG glance.image_cache.drivers.centralized_db [None req-9088cd3a-64e5-422b-86a1-bff7fee60056 None None] Node reference is already recorded, ignoring it {{(pid=104134) configure /opt/stack/glance/glance/image_cache/drivers/centralized_db.py:71}}
Feb 18 23:11:18 jammy-provider-cloud-0000008019 devstack@g-api.service[104135]: INFO glance.image_cache [None req-06437e1b-570e-4cc1-976b-04db14c3c2f4 None None] Image cache loaded driver 'centralized_db'.
Feb 18 23:11:18 jammy-provider-cloud-0000008019 devstack@g-api.service[104134]: INFO glance.image_cache [None req-9088cd3a-64e5-422b-86a1-bff7fee60056 None None] Image cache loaded driver 'centralized_db'.
Feb 18 23:11:18 jammy-provider-cloud-0000008019 devstack@g-api.service[104135]: DEBUG glance.image_cache.drivers.centralized_db [None req-06437e1b-570e-4cc1-976b-04db14c3c2f4 None None] Node reference is already recorded, ignoring it {{(pid=104135) configure /opt/stack/glance/glance/image_cache/drivers/centralized_db.py:71}}
Feb 18 23:11:18 jammy-provider-cloud-0000008019 devstack@g-api.service[104134]: DEBUG glance.image_cache.drivers.centralized_db [None req-9088cd3a-64e5-422b-86a1-bff7fee60056 None None] Node reference is already recorded, ignoring it {{(pid=104134) configure /opt/stack/glance/glance/image_cache/drivers/centralized_db.py:71}}
Feb 18 23:11:18 jammy-provider-cloud-0000008019 devstack@g-api.service[104135]: DEBUG glance.api.v2.cached_images [None req-06437e1b-570e-4cc1-976b-04db14c3c2f4 None None] Started cache worker thread {{(pid=104135) __init__ /opt/stack/glance/glance/api/v2/cached_images.py:69}}
Feb 18 23:11:18 jammy-provider-cloud-0000008019 devstack@g-api.service[104135]: INFO glance.image_cache [None req-06437e1b-570e-4cc1-976b-04db14c3c2f4 None None] Image cache loaded driver 'centralized_db'.
Feb 18 23:11:18 jammy-provider-cloud-0000008019 devstack@g-api.service[104134]: DEBUG glance.api.v2.cached_images [None req-9088cd3a-64e5-422b-86a1-bff7fee60056 None None] Started cache worker thread {{(pid=104134) __init__ /opt/stack/glance/glance/api/v2/cached_images.py:69}}
Feb 18 23:11:18 jammy-provider-cloud-0000008019 devstack@g-api.service[104134]: INFO glance.image_cache [None req-9088cd3a-64e5-422b-86a1-bff7fee60056 None None] Image cache loaded driver 'centralized_db'.
Feb 18 23:11:18 jammy-provider-cloud-0000008019 devstack@g-api.service[104135]: DEBUG glance.image_cache.drivers.centralized_db [None req-06437e1b-570e-4cc1-976b-04db14c3c2f4 None None] Node reference is already recorded, ignoring it {{(pid=104135) configure /opt/stack/glance/glance/image_cache/drivers/centralized_db.py:71}}
Feb 18 23:11:18 jammy-provider-cloud-0000008019 devstack@g-api.service[104134]: DEBUG glance.image_cache.drivers.centralized_db [None req-9088cd3a-64e5-422b-86a1-bff7fee60056 None None] Node reference is already recorded, ignoring it {{(pid=104134) configure /opt/stack/glance/glance/image_cache/drivers/centralized_db.py:71}}
Feb 18 23:11:18 jammy-provider-cloud-0000008019 devstack@g-api.service[104135]: INFO glance.api.middleware.cache_manage [None req-06437e1b-570e-4cc1-976b-04db14c3c2f4 None None] Initialized image cache management middleware
Feb 18 23:11:18 jammy-provider-cloud-0000008019 devstack@g-api.service[104135]: INFO glance.image_cache [None req-06437e1b-570e-4cc1-976b-04db14c3c2f4 None None] Image cache loaded driver 'centralized_db'.
Feb 18 23:11:18 jammy-provider-cloud-0000008019 devstack@g-api.service[104134]: INFO glance.api.middleware.cache_manage [None req-9088cd3a-64e5-422b-86a1-bff7fee60056 None None] Initialized image cache management middleware
Feb 18 23:11:18 jammy-provider-cloud-0000008019 devstack@g-api.service[104134]: INFO glance.image_cache [None req-9088cd3a-64e5-422b-86a1-bff7fee60056 None None] Image cache loaded driver 'centralized_db'.
Feb 18 23:11:18 jammy-provider-cloud-0000008019 devstack@g-api.service[104135]: DEBUG glance.image_cache.drivers.centralized_db [None req-06437e1b-570e-4cc1-976b-04db14c3c2f4 None None] Node reference is already recorded, ignoring it {{(pid=104135) configure /opt/stack/glance/glance/image_cache/drivers/centralized_db.py:71}}
Feb 18 23:11:18 jammy-provider-cloud-0000008019 devstack@g-api.service[104134]: DEBUG glance.image_cache.drivers.centralized_db [None req-9088cd3a-64e5-422b-86a1-bff7fee60056 None None] Node reference is already recorded, ignoring it {{(pid=104134) configure /opt/stack/glance/glance/image_cache/drivers/centralized_db.py:71}}
Feb 18 23:11:18 jammy-provider-cloud-0000008019 devstack@g-api.service[104135]: INFO glance.api.middleware.cache [None req-06437e1b-570e-4cc1-976b-04db14c3c2f4 None None] Initialized image cache middleware
Feb 18 23:11:18 jammy-provider-cloud-0000008019 devstack@g-api.service[104134]: INFO glance.api.middleware.cache [None req-9088cd3a-64e5-422b-86a1-bff7fee60056 None None] Initialized image cache middleware
Feb 18 23:11:18 jammy-provider-cloud-0000008019 devstack@g-api.service[104135]: WARNING keystonemiddleware.auth_token [None req-06437e1b-570e-4cc1-976b-04db14c3c2f4 None None] AuthToken middleware is set with keystone_authtoken.service_token_roles_required set to False. This is backwards compatible but deprecated behaviour. Please set this to True.
Feb 18 23:11:18 jammy-provider-cloud-0000008019 devstack@g-api.service[104135]: WARNING keystonemiddleware.auth_token [None req-06437e1b-570e-4cc1-976b-04db14c3c2f4 None None] Configuring www_authenticate_uri to point to the public identity endpoint is required; clients may not be able to authenticate against an admin endpoint
Feb 18 23:11:18 jammy-provider-cloud-0000008019 devstack@g-api.service[104134]: WARNING keystonemiddleware.auth_token [None req-9088cd3a-64e5-422b-86a1-bff7fee60056 None None] AuthToken middleware is set with keystone_authtoken.service_token_roles_required set to False. This is backwards compatible but deprecated behaviour. Please set this to True.
Feb 18 23:11:18 jammy-provider-cloud-0000008019 devstack@g-api.service[104135]: DEBUG glance.common.config [None req-06437e1b-570e-4cc1-976b-04db14c3c2f4 None None] ******************************************************************************** {{(pid=104135) log_opt_values /opt/stack/data/venv/lib/python3.10/site-packages/oslo_config/cfg.py:2804}}
Feb 18 23:11:18 jammy-provider-cloud-0000008019 devstack@g-api.service[104135]: DEBUG glance.common.config [None req-06437e1b-570e-4cc1-976b-04db14c3c2f4 None None] Configuration options gathered from: {{(pid=104135) log_opt_values /opt/stack/data/venv/lib/python3.10/site-packages/oslo_config/cfg.py:2805}}
Feb 18 23:11:18 jammy-provider-cloud-0000008019 devstack@g-api.service[104135]: DEBUG glance.common.config [None req-06437e1b-570e-4cc1-976b-04db14c3c2f4 None None] command line args: [] {{(pid=104135) log_opt_values /opt/stack/data/venv/lib/python3.10/site-packages/oslo_config/cfg.py:2806}}
Feb 18 23:11:18 jammy-provider-cloud-0000008019 devstack@g-api.service[104135]: DEBUG glance.common.config [None req-06437e1b-570e-4cc1-976b-04db14c3c2f4 None None] config files: ['/etc/glance/glance-image-import.conf', '/etc/glance/glance-api.conf'] {{(pid=104135) log_opt_values /opt/stack/data/venv/lib/python3.10/site-packages/oslo_config/cfg.py:2807}}
Feb 18 23:11:18 jammy-provider-cloud-0000008019 devstack@g-api.service[104135]: DEBUG glance.common.config [None req-06437e1b-570e-4cc1-976b-04db14c3c2f4 None None] ================================================================================ {{(pid=104135) log_opt_values /opt/stack/data/venv/lib/python3.10/site-packages/oslo_config/cfg.py:2809}}
Feb 18 23:11:18 jammy-provider-cloud-0000008019 devstack@g-api.service[104135]: DEBUG glance.common.config [None req-06437e1b-570e-4cc1-976b-04db14c3c2f4 None None] allow_anonymous_access         = False {{(pid=104135) log_opt_values /opt/stack/data/venv/lib/python3.10/site-packages/oslo_config/cfg.py:2817}}
Feb 18 23:11:18 jammy-provider-cloud-0000008019 devstack@g-api.service[104135]: DEBUG glance.common.config [None req-06437e1b-570e-4cc1-976b-04db14c3c2f4 None None] api_limit_max                  = 1000 {{(pid=104135) log_opt_values /opt/stack/data/venv/lib/python3.10/site-packages/oslo_config/cfg.py:2817}}
Feb 18 23:11:18 jammy-provider-cloud-0000008019 devstack@g-api.service[104134]: WARNING keystonemiddleware.auth_token [None req-9088cd3a-64e5-422b-86a1-bff7fee60056 None None] Configuring www_authenticate_uri to point to the public identity endpoint is required; clients may not be able to authenticate against an admin endpoint
Feb 18 23:11:18 jammy-provider-cloud-0000008019 devstack@g-api.service[104135]: DEBUG glance.common.config [None req-06437e1b-570e-4cc1-976b-04db14c3c2f4 None None] backlog                        = 4096 {{(pid=104135) log_opt_values /opt/stack/data/venv/lib/python3.10/site-packages/oslo_config/cfg.py:2817}}
Feb 18 23:11:18 jammy-provider-cloud-0000008019 devstack@g-api.service[104135]: DEBUG glance.common.config [None req-06437e1b-570e-4cc1-976b-04db14c3c2f4 None None] bind_host                      = 0.0.0.0 {{(pid=104135) log_opt_values /opt/stack/data/venv/lib/python3.10/site-packages/oslo_config/cfg.py:2817}}
Feb 18 23:11:18 jammy-provider-cloud-0000008019 devstack@g-api.service[104135]: DEBUG glance.common.config [None req-06437e1b-570e-4cc1-976b-04db14c3c2f4 None None] bind_port                      = None {{(pid=104135) log_opt_values /opt/stack/data/venv/lib/python3.10/site-packages/oslo_config/cfg.py:2817}}
Feb 18 23:11:18 jammy-provider-cloud-0000008019 devstack@g-api.service[104135]: DEBUG glance.common.config [None req-06437e1b-570e-4cc1-976b-04db14c3c2f4 None None] client_socket_timeout          = 900 {{(pid=104135) log_opt_values /opt/stack/data/venv/lib/python3.10/site-packages/oslo_config/cfg.py:2817}}
Feb 18 23:11:18 jammy-provider-cloud-0000008019 devstack@g-api.service[104135]: DEBUG glance.common.config [None req-06437e1b-570e-4cc1-976b-04db14c3c2f4 None None] config_dir                     = [] {{(pid=104135) log_opt_values /opt/stack/data/venv/lib/python3.10/site-packages/oslo_config/cfg.py:2817}}
Feb 18 23:11:18 jammy-provider-cloud-0000008019 devstack@g-api.service[104135]: DEBUG glance.common.config [None req-06437e1b-570e-4cc1-976b-04db14c3c2f4 None None] config_file                    = ['/etc/glance/glance-image-import.conf', '/etc/glance/glance-api.conf'] {{(pid=104135) log_opt_values /opt/stack/data/venv/lib/python3.10/site-packages/oslo_config/cfg.py:2817}}
Feb 18 23:11:18 jammy-provider-cloud-0000008019 devstack@g-api.service[104135]: DEBUG glance.common.config [None req-06437e1b-570e-4cc1-976b-04db14c3c2f4 None None] config_source                  = [] {{(pid=104135) log_opt_values /opt/stack/data/venv/lib/python3.10/site-packages/oslo_config/cfg.py:2817}}
Feb 18 23:11:18 jammy-provider-cloud-0000008019 devstack@g-api.service[104135]: DEBUG glance.common.config [None req-06437e1b-570e-4cc1-976b-04db14c3c2f4 None None] control_exchange               = glance {{(pid=104135) log_opt_values /opt/stack/data/venv/lib/python3.10/site-packages/oslo_config/cfg.py:2817}}
Feb 18 23:11:18 jammy-provider-cloud-0000008019 devstack@g-api.service[104135]: DEBUG glance.common.config [None req-06437e1b-570e-4cc1-976b-04db14c3c2f4 None None] debug                          = True {{(pid=104135) log_opt_values /opt/stack/data/venv/lib/python3.10/site-packages/oslo_config/cfg.py:2817}}
Feb 18 23:11:18 jammy-provider-cloud-0000008019 devstack@g-api.service[104135]: DEBUG glance.common.config [None req-06437e1b-570e-4cc1-976b-04db14c3c2f4 None None] default_log_levels             = ['amqp=WARN', 'amqplib=WARN', 'boto=WARN', 'qpid=WARN', 'sqlalchemy=WARN', 'suds=INFO', 'oslo.messaging=INFO', 'oslo_messaging=INFO', 'iso8601=WARN', 'requests.packages.urllib3.connectionpool=WARN', 'urllib3.connectionpool=WARN', 'websocket=WARN', 'requests.packages.urllib3.util.retry=WARN', 'urllib3.util.retry=WARN', 'keystonemiddleware=WARN', 'routes.middleware=WARN', 'stevedore=WARN', 'taskflow=WARN', 'keystoneauth=WARN', 'oslo.cache=INFO', 'oslo_policy=INFO', 'dogpile.core.dogpile=INFO'] {{(pid=104135) log_opt_values /opt/stack/data/venv/lib/python3.10/site-packages/oslo_config/cfg.py:2817}}
Feb 18 23:11:18 jammy-provider-cloud-0000008019 devstack@g-api.service[104135]: DEBUG glance.common.config [None req-06437e1b-570e-4cc1-976b-04db14c3c2f4 None None] default_publisher_id           = image.localhost {{(pid=104135) log_opt_values /opt/stack/data/venv/lib/python3.10/site-packages/oslo_config/cfg.py:2817}}
Feb 18 23:11:18 jammy-provider-cloud-0000008019 devstack@g-api.service[104135]: DEBUG glance.common.config [None req-06437e1b-570e-4cc1-976b-04db14c3c2f4 None None] delayed_delete                 = False {{(pid=104135) log_opt_values /opt/stack/data/venv/lib/python3.10/site-packages/oslo_config/cfg.py:2817}}
Feb 18 23:11:18 jammy-provider-cloud-0000008019 devstack@g-api.service[104135]: DEBUG glance.common.config [None req-06437e1b-570e-4cc1-976b-04db14c3c2f4 None None] digest_algorithm               = sha256 {{(pid=104135) log_opt_values /opt/stack/data/venv/lib/python3.10/site-packages/oslo_config/cfg.py:2817}}
Feb 18 23:11:18 jammy-provider-cloud-0000008019 devstack@g-api.service[104135]: DEBUG glance.common.config [None req-06437e1b-570e-4cc1-976b-04db14c3c2f4 None None] disabled_notifications         = [] {{(pid=104135) log_opt_values /opt/stack/data/venv/lib/python3.10/site-packages/oslo_config/cfg.py:2817}}
Feb 18 23:11:18 jammy-provider-cloud-0000008019 devstack@g-api.service[104135]: DEBUG glance.common.config [None req-06437e1b-570e-4cc1-976b-04db14c3c2f4 None None] do_secure_hash                 = True {{(pid=104135) log_opt_values /opt/stack/data/venv/lib/python3.10/site-packages/oslo_config/cfg.py:2817}}
Feb 18 23:11:18 jammy-provider-cloud-0000008019 devstack@g-api.service[104135]: DEBUG glance.common.config [None req-06437e1b-570e-4cc1-976b-04db14c3c2f4 None None] enabled_backends               = None {{(pid=104135) log_opt_values /opt/stack/data/venv/lib/python3.10/site-packages/oslo_config/cfg.py:2817}}
Feb 18 23:11:18 jammy-provider-cloud-0000008019 devstack@g-api.service[104135]: DEBUG glance.common.config [None req-06437e1b-570e-4cc1-976b-04db14c3c2f4 None None] enabled_import_methods         = ['glance-direct', 'web-download', 'copy-image'] {{(pid=104135) log_opt_values /opt/stack/data/venv/lib/python3.10/site-packages/oslo_config/cfg.py:2817}}
Feb 18 23:11:18 jammy-provider-cloud-0000008019 devstack@g-api.service[104135]: DEBUG glance.common.config [None req-06437e1b-570e-4cc1-976b-04db14c3c2f4 None None] hashing_algorithm              = sha512 {{(pid=104135) log_opt_values /opt/stack/data/venv/lib/python3.10/site-packages/oslo_config/cfg.py:2817}}
Feb 18 23:11:18 jammy-provider-cloud-0000008019 devstack@g-api.service[104135]: DEBUG glance.common.config [None req-06437e1b-570e-4cc1-976b-04db14c3c2f4 None None] http_keepalive                 = True {{(pid=104135) log_opt_values /opt/stack/data/venv/lib/python3.10/site-packages/oslo_config/cfg.py:2817}}
Feb 18 23:11:18 jammy-provider-cloud-0000008019 devstack@g-api.service[104135]: DEBUG glance.common.config [None req-06437e1b-570e-4cc1-976b-04db14c3c2f4 None None] http_retries                   = 3 {{(pid=104135) log_opt_values /opt/stack/data/venv/lib/python3.10/site-packages/oslo_config/cfg.py:2817}}
Feb 18 23:11:18 jammy-provider-cloud-0000008019 devstack@g-api.service[104135]: DEBUG glance.common.config [None req-06437e1b-570e-4cc1-976b-04db14c3c2f4 None None] image_cache_dir                = /opt/stack/data/glance/cache/ {{(pid=104135) log_opt_values /opt/stack/data/venv/lib/python3.10/site-packages/oslo_config/cfg.py:2817}}
Feb 18 23:11:18 jammy-provider-cloud-0000008019 devstack@g-api.service[104135]: DEBUG glance.common.config [None req-06437e1b-570e-4cc1-976b-04db14c3c2f4 None None] image_cache_driver             = centralized_db {{(pid=104135) log_opt_values /opt/stack/data/venv/lib/python3.10/site-packages/oslo_config/cfg.py:2817}}
Feb 18 23:11:18 jammy-provider-cloud-0000008019 devstack@g-api.service[104135]: DEBUG glance.common.config [None req-06437e1b-570e-4cc1-976b-04db14c3c2f4 None None] image_cache_max_size           = 10737418240 {{(pid=104135) log_opt_values /opt/stack/data/venv/lib/python3.10/site-packages/oslo_config/cfg.py:2817}}
Feb 18 23:11:18 jammy-provider-cloud-0000008019 devstack@g-api.service[104135]: DEBUG glance.common.config [None req-06437e1b-570e-4cc1-976b-04db14c3c2f4 None None] image_cache_sqlite_db          = cache.db {{(pid=104135) log_opt_values /opt/stack/data/venv/lib/python3.10/site-packages/oslo_config/cfg.py:2817}}
Feb 18 23:11:18 jammy-provider-cloud-0000008019 devstack@g-api.service[104135]: DEBUG glance.common.config [None req-06437e1b-570e-4cc1-976b-04db14c3c2f4 None None] image_cache_stall_time         = 86400 {{(pid=104135) log_opt_values /opt/stack/data/venv/lib/python3.10/site-packages/oslo_config/cfg.py:2817}}
Feb 18 23:11:18 jammy-provider-cloud-0000008019 devstack@g-api.service[104135]: DEBUG glance.common.config [None req-06437e1b-570e-4cc1-976b-04db14c3c2f4 None None] image_location_quota           = 10 {{(pid=104135) log_opt_values /opt/stack/data/venv/lib/python3.10/site-packages/oslo_config/cfg.py:2817}}
Feb 18 23:11:18 jammy-provider-cloud-0000008019 devstack@g-api.service[104135]: DEBUG glance.common.config [None req-06437e1b-570e-4cc1-976b-04db14c3c2f4 None None] image_member_quota             = 128 {{(pid=104135) log_opt_values /opt/stack/data/venv/lib/python3.10/site-packages/oslo_config/cfg.py:2817}}
Feb 18 23:11:18 jammy-provider-cloud-0000008019 devstack@g-api.service[104135]: DEBUG glance.common.config [None req-06437e1b-570e-4cc1-976b-04db14c3c2f4 None None] image_property_quota           = 128 {{(pid=104135) log_opt_values /opt/stack/data/venv/lib/python3.10/site-packages/oslo_config/cfg.py:2817}}
Feb 18 23:11:18 jammy-provider-cloud-0000008019 devstack@g-api.service[104135]: DEBUG glance.common.config [None req-06437e1b-570e-4cc1-976b-04db14c3c2f4 None None] image_size_cap                 = 1099511627776 {{(pid=104135) log_opt_values /opt/stack/data/venv/lib/python3.10/site-packages/oslo_config/cfg.py:2817}}
Feb 18 23:11:18 jammy-provider-cloud-0000008019 devstack@g-api.service[104135]: DEBUG glance.common.config [None req-06437e1b-570e-4cc1-976b-04db14c3c2f4 None None] image_tag_quota                = 128 {{(pid=104135) log_opt_values /opt/stack/data/venv/lib/python3.10/site-packages/oslo_config/cfg.py:2817}}
Feb 18 23:11:18 jammy-provider-cloud-0000008019 devstack@g-api.service[104135]: DEBUG glance.common.config [None req-06437e1b-570e-4cc1-976b-04db14c3c2f4 None None] instance_format                = [instance: %(uuid)s]  {{(pid=104135) log_opt_values /opt/stack/data/venv/lib/python3.10/site-packages/oslo_config/cfg.py:2817}}
Feb 18 23:11:18 jammy-provider-cloud-0000008019 devstack@g-api.service[104135]: DEBUG glance.common.config [None req-06437e1b-570e-4cc1-976b-04db14c3c2f4 None None] instance_uuid_format           = [instance: %(uuid)s]  {{(pid=104135) log_opt_values /opt/stack/data/venv/lib/python3.10/site-packages/oslo_config/cfg.py:2817}}
Feb 18 23:11:18 jammy-provider-cloud-0000008019 devstack@g-api.service[104135]: DEBUG glance.common.config [None req-06437e1b-570e-4cc1-976b-04db14c3c2f4 None None] limit_param_default            = 25 {{(pid=104135) log_opt_values /opt/stack/data/venv/lib/python3.10/site-packages/oslo_config/cfg.py:2817}}
Feb 18 23:11:18 jammy-provider-cloud-0000008019 devstack@g-api.service[104135]: DEBUG glance.common.config [None req-06437e1b-570e-4cc1-976b-04db14c3c2f4 None None] log_color                      = True {{(pid=104135) log_opt_values /opt/stack/data/venv/lib/python3.10/site-packages/oslo_config/cfg.py:2817}}
Feb 18 23:11:18 jammy-provider-cloud-0000008019 devstack@g-api.service[104135]: DEBUG glance.common.config [None req-06437e1b-570e-4cc1-976b-04db14c3c2f4 None None] log_config_append              = None {{(pid=104135) log_opt_values /opt/stack/data/venv/lib/python3.10/site-packages/oslo_config/cfg.py:2817}}
Feb 18 23:11:18 jammy-provider-cloud-0000008019 devstack@g-api.service[104135]: DEBUG glance.common.config [None req-06437e1b-570e-4cc1-976b-04db14c3c2f4 None None] log_date_format                = %Y-%m-%d %H:%M:%S {{(pid=104135) log_opt_values /opt/stack/data/venv/lib/python3.10/site-packages/oslo_config/cfg.py:2817}}
Feb 18 23:11:18 jammy-provider-cloud-0000008019 devstack@g-api.service[104135]: DEBUG glance.common.config [None req-06437e1b-570e-4cc1-976b-04db14c3c2f4 None None] log_dir                        = None {{(pid=104135) log_opt_values /opt/stack/data/venv/lib/python3.10/site-packages/oslo_config/cfg.py:2817}}
Feb 18 23:11:18 jammy-provider-cloud-0000008019 devstack@g-api.service[104134]: DEBUG glance.common.config [None req-9088cd3a-64e5-422b-86a1-bff7fee60056 None None] ******************************************************************************** {{(pid=104134) log_opt_values /opt/stack/data/venv/lib/python3.10/site-packages/oslo_config/cfg.py:2804}}
Feb 18 23:11:18 jammy-provider-cloud-0000008019 devstack@g-api.service[104135]: DEBUG glance.common.config [None req-06437e1b-570e-4cc1-976b-04db14c3c2f4 None None] log_file                       = None {{(pid=104135) log_opt_values /opt/stack/data/venv/lib/python3.10/site-packages/oslo_config/cfg.py:2817}}
Feb 18 23:11:18 jammy-provider-cloud-0000008019 devstack@g-api.service[104134]: DEBUG glance.common.config [None req-9088cd3a-64e5-422b-86a1-bff7fee60056 None None] Configuration options gathered from: {{(pid=104134) log_opt_values /opt/stack/data/venv/lib/python3.10/site-packages/oslo_config/cfg.py:2805}}
Feb 18 23:11:18 jammy-provider-cloud-0000008019 devstack@g-api.service[104135]: DEBUG glance.common.config [None req-06437e1b-570e-4cc1-976b-04db14c3c2f4 None None] log_rotate_interval            = 1 {{(pid=104135) log_opt_values /opt/stack/data/venv/lib/python3.10/site-packages/oslo_config/cfg.py:2817}}
Feb 18 23:11:18 jammy-provider-cloud-0000008019 devstack@g-api.service[104135]: DEBUG glance.common.config [None req-06437e1b-570e-4cc1-976b-04db14c3c2f4 None None] log_rotate_interval_type       = days {{(pid=104135) log_opt_values /opt/stack/data/venv/lib/python3.10/site-packages/oslo_config/cfg.py:2817}}
Feb 18 23:11:18 jammy-provider-cloud-0000008019 devstack@g-api.service[104135]: DEBUG glance.common.config [None req-06437e1b-570e-4cc1-976b-04db14c3c2f4 None None] log_rotation_type              = none {{(pid=104135) log_opt_values /opt/stack/data/venv/lib/python3.10/site-packages/oslo_config/cfg.py:2817}}
